[    0.000000] Linux version 5.4.243-mptcp (root@ztg) (gcc version 12.2.0 (Debian 12.2.0-14+deb12u1)) #53 SMP Wed Dec 24 23:28:15 CST 2025
[    0.000000] Command line: BOOT_IMAGE=/boot/vmlinuz-5.4.243-mptcp root=UUID=98415a12-53b7-4144-8265-0f7ece09e445 ro quiet splash
[    0.000000] KERNEL supported cpus:
[    0.000000]   Intel GenuineIntel
[    0.000000]   AMD AuthenticAMD
[    0.000000]   Hygon HygonGenuine
[    0.000000]   Centaur CentaurHauls
[    0.000000]   zhaoxin   Shanghai  
[    0.000000] x86/fpu: Supporting XSAVE feature 0x001: 'x87 floating point registers'
[    0.000000] x86/fpu: Supporting XSAVE feature 0x002: 'SSE registers'
[    0.000000] x86/fpu: Supporting XSAVE feature 0x004: 'AVX registers'
[    0.000000] x86/fpu: xstate_offset[2]:  576, xstate_sizes[2]:  256
[    0.000000] x86/fpu: Enabled xstate features 0x7, context size is 832 bytes, using 'standard' format.
[    0.000000] BIOS-provided physical RAM map:
[    0.000000] BIOS-e820: [mem 0x0000000000000000-0x000000000009fbff] usable
[    0.000000] BIOS-e820: [mem 0x000000000009fc00-0x000000000009ffff] reserved
[    0.000000] BIOS-e820: [mem 0x00000000000f0000-0x00000000000fffff] reserved
[    0.000000] BIOS-e820: [mem 0x0000000000100000-0x000000007ffeffff] usable
[    0.000000] BIOS-e820: [mem 0x000000007fff0000-0x000000007fffffff] ACPI data
[    0.000000] BIOS-e820: [mem 0x00000000fec00000-0x00000000fec00fff] reserved
[    0.000000] BIOS-e820: [mem 0x00000000fee00000-0x00000000fee00fff] reserved
[    0.000000] BIOS-e820: [mem 0x00000000fffc0000-0x00000000ffffffff] reserved
[    0.000000] NX (Execute Disable) protection: active
[    0.000000] SMBIOS 2.5 present.
[    0.000000] DMI: innotek GmbH VirtualBox/VirtualBox, BIOS VirtualBox 12/01/2006
[    0.000000] Hypervisor detected: KVM
[    0.000000] kvm-clock: Using msrs 4b564d01 and 4b564d00
[    0.000000] kvm-clock: cpu 0, msr 3da01001, primary cpu clock
[    0.000000] kvm-clock: using sched offset of 4456911287 cycles
[    0.000003] clocksource: kvm-clock: mask: 0xffffffffffffffff max_cycles: 0x1cd42e4dffb, max_idle_ns: 881590591483 ns
[    0.000005] tsc: Detected 2100.000 MHz processor
[    0.001882] e820: update [mem 0x00000000-0x00000fff] usable ==> reserved
[    0.001884] e820: remove [mem 0x000a0000-0x000fffff] usable
[    0.001888] last_pfn = 0x7fff0 max_arch_pfn = 0x400000000
[    0.001955] MTRR default type: uncachable
[    0.001956] MTRR fixed ranges enabled:
[    0.001957]   00000-9FFFF write-back
[    0.001958]   A0000-BFFFF uncachable
[    0.001959]   C0000-FFFFF write-protect
[    0.001959] MTRR variable ranges enabled:
[    0.001961]   0 base 000000000000 mask 3FFF80000000 write-back
[    0.001961]   1 disabled
[    0.001962]   2 disabled
[    0.001962]   3 disabled
[    0.001963]   4 disabled
[    0.001963]   5 disabled
[    0.001964]   6 disabled
[    0.001964]   7 disabled
[    0.001964]   8 disabled
[    0.001965]   9 disabled
[    0.001965]   10 disabled
[    0.001966]   11 disabled
[    0.001966]   12 disabled
[    0.001967]   13 disabled
[    0.001967]   14 disabled
[    0.001967]   15 disabled
[    0.001984] x86/PAT: Configuration [0-7]: WB  WC  UC- UC  WB  WP  UC- WT  
[    0.002116] found SMP MP-table at [mem 0x0009fff0-0x0009ffff]
[    0.092876] check: Scanning 1 areas for low memory corruption
[    0.093092] RAMDISK: [mem 0x32271000-0x3512ffff]
[    0.093101] ACPI: Early table checksum verification disabled
[    0.093107] ACPI: RSDP 0x00000000000E0000 000024 (v02 VBOX  )
[    0.093111] ACPI: XSDT 0x000000007FFF0030 00003C (v01 VBOX   VBOXXSDT 00000001 ASL  00000061)
[    0.093118] ACPI: FACP 0x000000007FFF00F0 0000F4 (v04 VBOX   VBOXFACP 00000001 ASL  00000061)
[    0.093124] ACPI: DSDT 0x000000007FFF02E0 002353 (v02 VBOX   VBOXBIOS 00000002 VBOX 00029BF3)
[    0.093128] ACPI: FACS 0x000000007FFF0200 000040
[    0.093131] ACPI: FACS 0x000000007FFF0200 000040
[    0.093135] ACPI: APIC 0x000000007FFF0240 000054 (v02 VBOX   VBOXAPIC 00000001 ASL  00000061)
[    0.093138] ACPI: SSDT 0x000000007FFF02A0 000038 (v01 VBOX   VBOXCPUT 00000002 VBOX 00029BF3)
[    0.093141] ACPI: Reserving FACP table memory at [mem 0x7fff00f0-0x7fff01e3]
[    0.093142] ACPI: Reserving DSDT table memory at [mem 0x7fff02e0-0x7fff2632]
[    0.093143] ACPI: Reserving FACS table memory at [mem 0x7fff0200-0x7fff023f]
[    0.093144] ACPI: Reserving FACS table memory at [mem 0x7fff0200-0x7fff023f]
[    0.093144] ACPI: Reserving APIC table memory at [mem 0x7fff0240-0x7fff0293]
[    0.093145] ACPI: Reserving SSDT table memory at [mem 0x7fff02a0-0x7fff02d7]
[    0.093159] ACPI: Local APIC address 0xfee00000
[    0.093346] No NUMA configuration found
[    0.093347] Faking a node at [mem 0x0000000000000000-0x000000007ffeffff]
[    0.093357] NODE_DATA(0) allocated [mem 0x7ffc5000-0x7ffeffff]
[    0.093637] Zone ranges:
[    0.093638]   DMA      [mem 0x0000000000001000-0x0000000000ffffff]
[    0.093640]   DMA32    [mem 0x0000000001000000-0x000000007ffeffff]
[    0.093641]   Normal   empty
[    0.093641]   Device   empty
[    0.093642] Movable zone start for each node
[    0.093644] Early memory node ranges
[    0.093645]   node   0: [mem 0x0000000000001000-0x000000000009efff]
[    0.093645]   node   0: [mem 0x0000000000100000-0x000000007ffeffff]
[    0.093649] Zeroed struct page in unavailable ranges: 114 pages
[    0.093650] Initmem setup node 0 [mem 0x0000000000001000-0x000000007ffeffff]
[    0.093651] On node 0 totalpages: 524174
[    0.093653]   DMA zone: 64 pages used for memmap
[    0.093653]   DMA zone: 21 pages reserved
[    0.093654]   DMA zone: 3998 pages, LIFO batch:0
[    0.093736]   DMA32 zone: 8128 pages used for memmap
[    0.093737]   DMA32 zone: 520176 pages, LIFO batch:63
[    0.102763] ACPI: PM-Timer IO Port: 0x4008
[    0.102767] ACPI: Local APIC address 0xfee00000
[    0.102839] IOAPIC[0]: apic_id 1, version 32, address 0xfec00000, GSI 0-23
[    0.102843] ACPI: INT_SRC_OVR (bus 0 bus_irq 0 global_irq 2 dfl dfl)
[    0.102845] ACPI: INT_SRC_OVR (bus 0 bus_irq 9 global_irq 9 low level)
[    0.102847] ACPI: IRQ0 used by override.
[    0.102848] ACPI: IRQ9 used by override.
[    0.102850] Using ACPI (MADT) for SMP configuration information
[    0.102858] smpboot: Allowing 1 CPUs, 0 hotplug CPUs
[    0.102882] PM: Registered nosave memory: [mem 0x00000000-0x00000fff]
[    0.102883] PM: Registered nosave memory: [mem 0x0009f000-0x0009ffff]
[    0.102884] PM: Registered nosave memory: [mem 0x000a0000-0x000effff]
[    0.102884] PM: Registered nosave memory: [mem 0x000f0000-0x000fffff]
[    0.102886] [mem 0x80000000-0xfebfffff] available for PCI devices
[    0.102887] Booting paravirtualized kernel on KVM
[    0.102890] clocksource: refined-jiffies: mask: 0xffffffff max_cycles: 0xffffffff, max_idle_ns: 7645519600211568 ns
[    0.102895] setup_percpu: NR_CPUS:8192 nr_cpumask_bits:1 nr_cpu_ids:1 nr_node_ids:1
[    0.103898] percpu: Embedded 60 pages/cpu s208896 r8192 d28672 u2097152
[    0.103903] pcpu-alloc: s208896 r8192 d28672 u2097152 alloc=1*2097152
[    0.103904] pcpu-alloc: [0] 0 
[    0.103930] Built 1 zonelists, mobility grouping on.  Total pages: 515961
[    0.103931] Policy zone: DMA32
[    0.103933] Kernel command line: BOOT_IMAGE=/boot/vmlinuz-5.4.243-mptcp root=UUID=98415a12-53b7-4144-8265-0f7ece09e445 ro quiet splash
[    0.104760] Dentry cache hash table entries: 262144 (order: 9, 2097152 bytes, linear)
[    0.104906] Inode-cache hash table entries: 131072 (order: 8, 1048576 bytes, linear)
[    0.104957] mem auto-init: stack:off, heap alloc:on, heap free:off
[    0.104960] Calgary: detecting Calgary via BIOS EBDA area
[    0.104961] Calgary: Unable to locate Rio Grande table in EBDA - bailing!
[    0.109095] Memory: 1967332K/2096696K available (14339K kernel code, 2398K rwdata, 4712K rodata, 2728K init, 17260K bss, 129364K reserved, 0K cma-reserved)
[    0.110004] SLUB: HWalign=64, Order=0-3, MinObjects=0, CPUs=1, Nodes=1
[    0.110021] ftrace: allocating 43186 entries in 169 pages
[    0.128110] rcu: Hierarchical RCU implementation.
[    0.128112] rcu: 	RCU restricting CPUs from NR_CPUS=8192 to nr_cpu_ids=1.
[    0.128113] 	Tasks RCU enabled.
[    0.128114] rcu: RCU calculated value of scheduler-enlistment delay is 25 jiffies.
[    0.128115] rcu: Adjusting geometry for rcu_fanout_leaf=16, nr_cpu_ids=1
[    0.131154] NR_IRQS: 524544, nr_irqs: 256, preallocated irqs: 16
[    0.131372] random: crng init done
[    0.140813] Console: colour VGA+ 80x25
[    0.140818] printk: console [tty0] enabled
[    0.140842] ACPI: Core revision 20190816
[    0.140950] APIC: Switch to symmetric I/O mode setup
[    0.141204] x2apic enabled
[    0.141443] Switched APIC routing to physical x2apic.
[    0.142580] ..TIMER: vector=0x30 apic1=0 pin1=2 apic2=-1 pin2=-1
[    0.142604] clocksource: tsc-early: mask: 0xffffffffffffffff max_cycles: 0x1e4530a99b6, max_idle_ns: 440795257976 ns
[    0.142610] Calibrating delay loop (skipped) preset value.. 4200.00 BogoMIPS (lpj=8400000)
[    0.142612] pid_max: default: 32768 minimum: 301
[    0.142640] LSM: Security Framework initializing
[    0.142650] Yama: becoming mindful.
[    0.142677] AppArmor: AppArmor initialized
[    0.142712] Mount-cache hash table entries: 4096 (order: 3, 32768 bytes, linear)
[    0.142716] Mountpoint-cache hash table entries: 4096 (order: 3, 32768 bytes, linear)
[    0.142726] *** VALIDATE tmpfs ***
[    0.142855] *** VALIDATE proc ***
[    0.142897] *** VALIDATE cgroup1 ***
[    0.142899] *** VALIDATE cgroup2 ***
[    0.143040] process: using mwait in idle threads
[    0.143044] Last level iTLB entries: 4KB 64, 2MB 8, 4MB 8
[    0.143045] Last level dTLB entries: 4KB 64, 2MB 0, 4MB 0, 1GB 4
[    0.143065] Spectre V1 : Mitigation: usercopy/swapgs barriers and __user pointer sanitization
[    0.143071] Spectre V2 : Mitigation: Retpolines
[    0.143072] Spectre V2 : Spectre v2 / SpectreRSB mitigation: Filling RSB on context switch
[    0.143072] Spectre V2 : Spectre v2 / SpectreRSB : Filling RSB on VMEXIT
[    0.143073] RETBleed: WARNING: Spectre v2 mitigation leaves CPU vulnerable to RETBleed attacks, data leaks possible!
[    0.143426] RETBleed: Vulnerable
[    0.143426] Speculative Store Bypass: Vulnerable
[    0.143431] TAA: Mitigation: TSX disabled
[    0.143431] MMIO Stale Data: Mitigation: Clear CPU buffers
[    0.147682] Freeing SMP alternatives memory: 40K
[    0.260608] smpboot: CPU0: Intel(R) Xeon(R) Silver 4216 CPU @ 2.10GHz (family: 0x6, model: 0x55, stepping: 0x7)
[    0.260753] Performance Events: unsupported p6 CPU model 85 no PMU driver, software events only.
[    0.260790] rcu: Hierarchical SRCU implementation.
[    0.261267] NMI watchdog: Perf NMI watchdog permanently disabled
[    0.261305] smp: Bringing up secondary CPUs ...
[    0.261306] smp: Brought up 1 node, 1 CPU
[    0.261307] smpboot: Max logical packages: 1
[    0.261308] smpboot: Total of 1 processors activated (4200.00 BogoMIPS)
[    0.262273] devtmpfs: initialized
[    0.262322] x86/mm: Memory block size: 128MB
[    0.262606] clocksource: jiffies: mask: 0xffffffff max_cycles: 0xffffffff, max_idle_ns: 7645041785100000 ns
[    0.262606] futex hash table entries: 256 (order: 2, 16384 bytes, linear)
[    0.262606] pinctrl core: initialized pinctrl subsystem
[    0.262606] PM: RTC time: 21:38:04, date: 2026-01-14
[    0.262606] NET: Registered protocol family 16
[    0.262606] audit: initializing netlink subsys (disabled)
[    0.262606] EISA bus registered
[    0.262606] cpuidle: using governor ladder
[    0.262606] cpuidle: using governor menu
[    0.262606] ACPI: bus type PCI registered
[    0.262606] acpiphp: ACPI Hot Plug PCI Controller Driver version: 0.5
[    0.262606] PCI: Using configuration type 1 for base access
[    0.262900] audit: type=2000 audit(1768397890.779:1): state=initialized audit_enabled=0 res=1
[    0.262979] HugeTLB registered 2.00 MiB page size, pre-allocated 0 pages
[    0.263803] ACPI: Added _OSI(Module Device)
[    0.263803] ACPI: Added _OSI(Processor Device)
[    0.263804] ACPI: Added _OSI(3.0 _SCP Extensions)
[    0.263805] ACPI: Added _OSI(Processor Aggregator Device)
[    0.263806] ACPI: Added _OSI(Linux-Dell-Video)
[    0.263806] ACPI: Added _OSI(Linux-Lenovo-NV-HDMI-Audio)
[    0.263807] ACPI: Added _OSI(Linux-HPI-Hybrid-Graphics)
[    0.265750] ACPI: 2 ACPI AML tables successfully acquired and loaded
[    0.267282] ACPI: Interpreter enabled
[    0.267291] ACPI: (supports S0 S5)
[    0.267292] ACPI: Using IOAPIC for interrupt routing
[    0.267501] PCI: Using host bridge windows from ACPI; if necessary, use "pci=nocrs" and report a bug
[    0.267609] ACPI: Enabled 2 GPEs in block 00 to 07
[    0.272493] ACPI: PCI Root Bridge [PCI0] (domain 0000 [bus 00-ff])
[    0.272498] acpi PNP0A03:00: _OSC: OS supports [ASPM ClockPM Segments MSI HPX-Type3]
[    0.272975] acpi PNP0A03:00: _OSC: not requesting OS control; OS requires [ExtendedConfig ASPM ClockPM MSI]
[    0.272983] acpi PNP0A03:00: fail to add MMCONFIG information, can't access extended PCI configuration space under this bridge.
[    0.273364] PCI host bridge to bus 0000:00
[    0.273367] pci_bus 0000:00: root bus resource [io  0x0000-0x0cf7 window]
[    0.273368] pci_bus 0000:00: root bus resource [io  0x0d00-0xffff window]
[    0.273369] pci_bus 0000:00: root bus resource [mem 0x000a0000-0x000bffff window]
[    0.273370] pci_bus 0000:00: root bus resource [mem 0x80000000-0xfdffffff window]
[    0.273371] pci_bus 0000:00: root bus resource [bus 00-ff]
[    0.273415] pci 0000:00:00.0: [8086:1237] type 00 class 0x060000
[    0.274341] pci 0000:00:01.0: [8086:7000] type 00 class 0x060100
[    0.275317] pci 0000:00:01.1: [8086:7111] type 00 class 0x01018a
[    0.275763] pci 0000:00:01.1: reg 0x20: [io  0xd000-0xd00f]
[    0.275922] pci 0000:00:01.1: legacy IDE quirk: reg 0x10: [io  0x01f0-0x01f7]
[    0.275923] pci 0000:00:01.1: legacy IDE quirk: reg 0x14: [io  0x03f6]
[    0.275924] pci 0000:00:01.1: legacy IDE quirk: reg 0x18: [io  0x0170-0x0177]
[    0.275925] pci 0000:00:01.1: legacy IDE quirk: reg 0x1c: [io  0x0376]
[    0.276547] pci 0000:00:02.0: [15ad:0405] type 00 class 0x030000
[    0.278685] pci 0000:00:02.0: reg 0x10: [io  0xd010-0xd01f]
[    0.282652] pci 0000:00:02.0: reg 0x14: [mem 0xe0000000-0xe7ffffff pref]
[    0.285310] pci 0000:00:02.0: reg 0x18: [mem 0xf0000000-0xf01fffff]
[    0.295410] pci 0000:00:03.0: [1022:2000] type 00 class 0x020000
[    0.296085] pci 0000:00:03.0: reg 0x10: [io  0xd020-0xd03f]
[    0.296693] pci 0000:00:03.0: reg 0x14: [mem 0xf0200000-0xf0200fff]
[    0.301140] pci 0000:00:04.0: [80ee:cafe] type 00 class 0x088000
[    0.301804] pci 0000:00:04.0: reg 0x10: [io  0xd040-0xd05f]
[    0.302411] pci 0000:00:04.0: reg 0x14: [mem 0xf0400000-0xf07fffff]
[    0.302719] pci 0000:00:04.0: reg 0x18: [mem 0xf0800000-0xf0803fff pref]
[    0.306221] pci 0000:00:07.0: [8086:7113] type 00 class 0x068000
[    0.306943] pci 0000:00:07.0: quirk: [io  0x4000-0x403f] claimed by PIIX4 ACPI
[    0.306954] pci 0000:00:07.0: quirk: [io  0x4100-0x410f] claimed by PIIX4 SMB
[    0.307561] pci 0000:00:08.0: [8086:100e] type 00 class 0x020000
[    0.308265] pci 0000:00:08.0: reg 0x10: [mem 0xf0820000-0xf083ffff]
[    0.309431] pci 0000:00:08.0: reg 0x18: [io  0xd060-0xd067]
[    0.312246] pci 0000:00:09.0: [8086:100e] type 00 class 0x020000
[    0.312950] pci 0000:00:09.0: reg 0x10: [mem 0xf0840000-0xf085ffff]
[    0.314738] pci 0000:00:09.0: reg 0x18: [io  0xd068-0xd06f]
[    0.323764] ACPI: PCI Interrupt Link [LNKA] (IRQs 5 9 10 *11)
[    0.324052] ACPI: PCI Interrupt Link [LNKB] (IRQs 5 9 *10 11)
[    0.324160] ACPI: PCI Interrupt Link [LNKC] (IRQs 5 *9 10 11)
[    0.324262] ACPI: PCI Interrupt Link [LNKD] (IRQs 5 9 10 *11)
[    0.326860] iommu: Default domain type: Translated 
[    0.326921] pci 0000:00:02.0: vgaarb: setting as boot VGA device
[    0.326923] pci 0000:00:02.0: vgaarb: VGA device added: decodes=io+mem,owns=io+mem,locks=none
[    0.326924] pci 0000:00:02.0: vgaarb: bridge control possible
[    0.326925] vgaarb: loaded
[    0.327136] SCSI subsystem initialized
[    0.327167] libata version 3.00 loaded.
[    0.327191] ACPI: bus type USB registered
[    0.327207] usbcore: registered new interface driver usbfs
[    0.327213] usbcore: registered new interface driver hub
[    0.327218] usbcore: registered new device driver usb
[    0.327244] pps_core: LinuxPPS API ver. 1 registered
[    0.327244] pps_core: Software ver. 5.3.6 - Copyright 2005-2007 Rodolfo Giometti <giometti@linux.it>
[    0.327246] PTP clock support registered
[    0.327280] EDAC MC: Ver: 3.0.0
[    0.327568] PCI: Using ACPI for IRQ routing
[    0.327570] PCI: pci_cache_line_size set to 64 bytes
[    0.327739] e820: reserve RAM buffer [mem 0x0009fc00-0x0009ffff]
[    0.327743] e820: reserve RAM buffer [mem 0x7fff0000-0x7fffffff]
[    0.328549] NetLabel: Initializing
[    0.328550] NetLabel:  domain hash size = 128
[    0.328550] NetLabel:  protocols = UNLABELED CIPSOv4 CALIPSO
[    0.328570] NetLabel:  unlabeled traffic allowed by default
[    0.329467] clocksource: Switched to clocksource kvm-clock
[    0.340875] *** VALIDATE bpf ***
[    0.340939] VFS: Disk quotas dquot_6.6.0
[    0.340954] VFS: Dquot-cache hash table entries: 512 (order 0, 4096 bytes)
[    0.340976] *** VALIDATE ramfs ***
[    0.340979] *** VALIDATE hugetlbfs ***
[    0.341063] AppArmor: AppArmor Filesystem Enabled
[    0.341088] pnp: PnP ACPI init
[    0.341159] pnp 00:00: Plug and Play ACPI device, IDs PNP0303 (active)
[    0.341299] pnp 00:01: Plug and Play ACPI device, IDs PNP0f03 (active)
[    0.342073] pnp: PnP ACPI: found 2 devices
[    0.343072] thermal_sys: Registered thermal governor 'fair_share'
[    0.343073] thermal_sys: Registered thermal governor 'bang_bang'
[    0.343074] thermal_sys: Registered thermal governor 'step_wise'
[    0.343074] thermal_sys: Registered thermal governor 'user_space'
[    0.343075] thermal_sys: Registered thermal governor 'power_allocator'
[    0.347625] clocksource: acpi_pm: mask: 0xffffff max_cycles: 0xffffff, max_idle_ns: 2085701024 ns
[    0.347668] pci_bus 0000:00: resource 4 [io  0x0000-0x0cf7 window]
[    0.347669] pci_bus 0000:00: resource 5 [io  0x0d00-0xffff window]
[    0.347670] pci_bus 0000:00: resource 6 [mem 0x000a0000-0x000bffff window]
[    0.347671] pci_bus 0000:00: resource 7 [mem 0x80000000-0xfdffffff window]
[    0.347731] NET: Registered protocol family 2
[    0.347805] IP idents hash table entries: 32768 (order: 6, 262144 bytes, linear)
[    0.348212] MPTCP tokens hash table entries: 8192 (order: 4, 65536 bytes, linear)
[    0.348232] MPTCP request tokens hash table entries: 8192 (order: 4, 65536 bytes, linear)
[    0.348256] default registered
[    0.348257] default registered
[    0.348257] MPTCP: Stable release v0.96
[    0.348262] tcp_listen_portaddr_hash hash table entries: 1024 (order: 2, 16384 bytes, linear)
[    0.348341] TCP established hash table entries: 16384 (order: 5, 131072 bytes, linear)
[    0.348405] TCP bind hash table entries: 16384 (order: 6, 262144 bytes, linear)
[    0.348431] TCP: Hash tables configured (established 16384 bind 16384)
[    0.349129] UDP hash table entries: 1024 (order: 3, 32768 bytes, linear)
[    0.349140] UDP-Lite hash table entries: 1024 (order: 3, 32768 bytes, linear)
[    0.349172] NET: Registered protocol family 1
[    0.349180] NET: Registered protocol family 44
[    0.349200] pci 0000:00:00.0: Limiting direct PCI/PCI transfers
[    0.349212] pci 0000:00:01.0: Activating ISA DMA hang workarounds
[    0.349269] pci 0000:00:02.0: Video device with shadowed ROM at [mem 0x000c0000-0x000dffff]
[    0.349333] PCI: CLS 0 bytes, default 64
[    0.349393] Trying to unpack rootfs image as initramfs...
[    0.516419] Freeing initrd memory: 47868K
[    0.516419] clocksource: tsc: mask: 0xffffffffffffffff max_cycles: 0x1e4530a99b6, max_idle_ns: 440795257976 ns
[    0.516419] clocksource: Switched to clocksource tsc
[    0.516419] platform rtc_cmos: registered platform RTC device (no PNP device found)
[    0.516419] check: Scanning for low memory corruption every 60 seconds
[    0.516419] Initialise system trusted keyrings
[    0.516419] Key type blacklist registered
[    0.516419] workingset: timestamp_bits=36 max_order=19 bucket_order=0
[    0.516419] zbud: loaded
[    0.516419] squashfs: version 4.0 (2009/01/31) Phillip Lougher
[    0.516419] fuse: init (API version 7.31)
[    0.516419] *** VALIDATE fuse ***
[    0.516419] *** VALIDATE fuse ***
[    0.516419] Platform Keyring initialized
[    0.530005] Key type asymmetric registered
[    0.530006] Asymmetric key parser 'x509' registered
[    0.530017] Block layer SCSI generic (bsg) driver version 0.4 loaded (major 244)
[    0.530054] io scheduler mq-deadline registered
[    0.530175] shpchp: Standard Hot Plug PCI Controller Driver version: 0.4
[    0.530380] ACPI: AC Adapter [AC] (on-line)
[    0.530424] input: Power Button as /devices/LNXSYSTM:00/LNXPWRBN:00/input/input0
[    0.530454] ACPI: Power Button [PWRF]
[    0.530536] input: Sleep Button as /devices/LNXSYSTM:00/LNXSLPBN:00/input/input1
[    0.530552] ACPI: Sleep Button [SLPF]
[    0.530782] Serial: 8250/16550 driver, 32 ports, IRQ sharing enabled
[    0.532010] Linux agpgart interface v0.103
[    0.627317] loop: module loaded
[    0.627485] ata_piix 0000:00:01.1: version 2.13
[    0.628000] scsi host0: ata_piix
[    0.628119] scsi host1: ata_piix
[    0.628158] ata1: PATA max UDMA/33 cmd 0x1f0 ctl 0x3f6 bmdma 0xd000 irq 14
[    0.628159] ata2: PATA max UDMA/33 cmd 0x170 ctl 0x376 bmdma 0xd008 irq 15
[    0.628274] tun: Universal TUN/TAP device driver, 1.6
[    0.628647] PPP generic driver version 2.4.2
[    0.628700] VFIO - User Level meta-driver version: 0.3
[    0.628956] ehci_hcd: USB 2.0 'Enhanced' Host Controller (EHCI) Driver
[    0.628961] ehci-pci: EHCI PCI platform driver
[    0.628977] ehci-platform: EHCI generic platform driver
[    0.628983] ohci_hcd: USB 1.1 'Open' Host Controller (OHCI) Driver
[    0.628984] ohci-pci: OHCI PCI platform driver
[    0.628991] ohci-platform: OHCI generic platform driver
[    0.628996] uhci_hcd: USB Universal Host Controller Interface driver
[    0.629067] i8042: PNP: PS/2 Controller [PNP0303:PS2K,PNP0f03:PS2M] at 0x60,0x64 irq 1,12
[    0.629553] serio: i8042 KBD port at 0x60,0x64 irq 1
[    0.629558] serio: i8042 AUX port at 0x60,0x64 irq 12
[    0.629655] mousedev: PS/2 mouse device common for all mice
[    0.629915] input: AT Translated Set 2 keyboard as /devices/platform/i8042/serio0/input/input2
[    0.630391] rtc_cmos rtc_cmos: registered as rtc0
[    0.630408] rtc_cmos rtc_cmos: alarms up to one day, 114 bytes nvram
[    0.630415] i2c /dev entries driver
[    0.630468] device-mapper: uevent: version 1.0.3
[    0.630524] device-mapper: ioctl: 4.41.0-ioctl (2019-09-16) initialised: dm-devel@redhat.com
[    0.630545] platform eisa.0: Probing EISA bus 0
[    0.630547] platform eisa.0: EISA: Cannot allocate resource for mainboard
[    0.630549] platform eisa.0: Cannot allocate resource for EISA slot 1
[    0.630550] platform eisa.0: Cannot allocate resource for EISA slot 2
[    0.630551] platform eisa.0: Cannot allocate resource for EISA slot 3
[    0.630553] platform eisa.0: Cannot allocate resource for EISA slot 4
[    0.630554] platform eisa.0: Cannot allocate resource for EISA slot 5
[    0.630555] platform eisa.0: Cannot allocate resource for EISA slot 6
[    0.630556] platform eisa.0: Cannot allocate resource for EISA slot 7
[    0.630557] platform eisa.0: Cannot allocate resource for EISA slot 8
[    0.630558] platform eisa.0: EISA: Detected 0 cards
[    0.630561] intel_pstate: CPU model not supported
[    0.630570] ledtrig-cpu: registered to indicate activity on CPUs
[    0.630625] drop_monitor: Initializing network drop monitor service
[    0.630787] NET: Registered protocol family 10
[    0.635475] Segment Routing with IPv6
[    0.635475] fullmesh registered
[    0.635475] ndiffports registered
[    0.635475] binder registered
[    0.635475] roundrobin registered
[    0.635475] redundant registered
[    0.635475] blest registered
[    0.635475] ecf registered
[    0.635475] NET: Registered protocol family 17
[    0.635475] Key type dns_resolver registered
[    0.635475] RAS: Correctable Errors collector initialized.
[    0.635475] IPI shorthand broadcast: enabled
[    0.635475] sched_clock: Marking stable (620230480, 11245473)->(633794537, -2318584)
[    0.637115] registered taskstats version 1
[    0.637126] Loading compiled-in X.509 certificates
[    0.637931] Loaded X.509 cert 'Build time autogenerated kernel key: 6909f3744cebb3d0de528d5887b96a727de79b1e'
[    0.637954] zswap: loaded using pool lzo/zbud
[    0.638019] Key type ._fscrypt registered
[    0.638019] Key type .fscrypt registered
[    0.642571] Key type big_key registered
[    0.644885] Key type encrypted registered
[    0.644888] AppArmor: AppArmor sha1 policy hashing enabled
[    0.644895] ima: No TPM chip found, activating TPM-bypass!
[    0.644899] ima: Allocated hash algorithm: sha1
[    0.644904] ima: No architecture policies found
[    0.644914] evm: Initialising EVM extended attributes:
[    0.644914] evm: security.selinux
[    0.644915] evm: security.SMACK64
[    0.644915] evm: security.SMACK64EXEC
[    0.644916] evm: security.SMACK64TRANSMUTE
[    0.644916] evm: security.SMACK64MMAP
[    0.644917] evm: security.apparmor
[    0.644917] evm: security.ima
[    0.644918] evm: security.capability
[    0.644918] evm: HMAC attrs: 0x1
[    0.645226] PM:   Magic number: 10:829:651
[    0.645260] acpi PNP0A03:00: hash matches
[    0.645347] rtc_cmos rtc_cmos: setting system clock to 2026-01-14T21:38:05 UTC (1768426685)
[    0.800361] ata1.00: ATA-6: VBOX HARDDISK, 1.0, max UDMA/133
[    0.800364] ata1.00: 209715200 sectors, multi 128: LBA 
[    0.801009] scsi 0:0:0:0: Direct-Access     ATA      VBOX HARDDISK    1.0  PQ: 0 ANSI: 5
[    0.801293] sd 0:0:0:0: [sda] 209715200 512-byte logical blocks: (107 GB/100 GiB)
[    0.801305] sd 0:0:0:0: [sda] Write Protect is off
[    0.801308] sd 0:0:0:0: [sda] Mode Sense: 00 3a 00 00
[    0.801327] sd 0:0:0:0: [sda] Write cache: enabled, read cache: enabled, doesn't support DPO or FUA
[    0.801572] sd 0:0:0:0: Attached scsi generic sg0 type 0
[    0.802450]  sda: sda1 sda2
[    0.811566] sd 0:0:0:0: [sda] Attached SCSI disk
[    0.816383] Freeing unused decrypted memory: 2040K
[    0.817854] Freeing unused kernel image memory: 2728K
[    0.817861] Write protecting the kernel read-only data: 22528k
[    0.819738] Freeing unused kernel image memory: 2036K
[    0.820643] Freeing unused kernel image memory: 1432K
[    0.859760] x86/mm: Checked W+X mappings: passed, no W+X pages found.
[    0.859767] Run /init as init process
[    0.964403] ACPI: Video Device [GFX0] (multi-head: yes  rom: no  post: no)
[    0.964475] input: Video Bus as /devices/LNXSYSTM:00/LNXSYBUS:00/PNP0A03:00/LNXVIDEO:00/input/input4
[    0.975500] pcnet32: pcnet32.c:v1.35 21.Apr.2008 tsbogend@alpha.franken.de
[    0.977030] piix4_smbus 0000:00:07.0: SMBus Host Controller at 0x4100, revision 0
[    0.981071] e1000: Intel(R) PRO/1000 Network Driver - version 7.3.21-k8-NAPI
[    0.981072] e1000: Copyright (c) 1999-2006 Intel Corporation.
[    0.982972] pcnet32: PCnet/FAST III 79C973 at 0xd020, 08:00:27:af:35:b7 assigned IRQ 19
[    0.983016] pcnet32: Found PHY 0022:561b at address 0
[    0.983316] pcnet32: eth0: registered as PCnet/FAST III 79C973
[    0.995418] pcnet32: 1 cards_found
[    1.056251] pcnet32 0000:00:03.0 enp0s3: renamed from eth0
[    1.196744] input: ImExPS/2 Generic Explorer Mouse as /devices/platform/i8042/serio1/input/input5
[    1.391550] e1000 0000:00:08.0 eth0: (PCI:33MHz:32-bit) 08:00:27:a3:48:ce
[    1.391554] e1000 0000:00:08.0 eth0: Intel(R) PRO/1000 Network Connection
[    1.763644] e1000 0000:00:09.0 eth1: (PCI:33MHz:32-bit) 08:00:27:b8:54:c1
[    1.763647] e1000 0000:00:09.0 eth1: Intel(R) PRO/1000 Network Connection
[    1.764789] e1000 0000:00:09.0 enp0s9: renamed from eth1
[    1.766555] e1000 0000:00:08.0 enp0s8: renamed from eth0
[    1.929095] EXT4-fs (sda2): mounted filesystem with ordered data mode. Opts: (null)
[    2.019651] systemd[1]: Inserted module 'autofs4'
[    2.031596] systemd[1]: systemd 245.4-4ubuntu3 running in system mode. (+PAM +AUDIT +SELINUX +IMA +APPARMOR +SMACK +SYSVINIT +UTMP +LIBCRYPTSETUP +GCRYPT +GNUTLS +ACL +XZ +LZ4 +SECCOMP +BLKID +ELFUTILS +KMOD +IDN2 -IDN +PCRE2 default-hierarchy=hybrid)
[    2.031625] systemd[1]: Detected virtualization oracle.
[    2.031629] systemd[1]: Detected architecture x86-64.
[    2.032904] systemd[1]: Set hostname to <ztg>.
[    2.158314] systemd[1]: /lib/systemd/system/dbus.socket:5: ListenStream= references a path below legacy directory /var/run/, updating /var/run/dbus/system_bus_socket â†’ /run/dbus/system_bus_socket; please update the unit file accordingly.
[    2.210950] systemd[1]: Created slice system-modprobe.slice.
[    2.211131] systemd[1]: Created slice User and Session Slice.
[    2.211174] systemd[1]: Started Forward Password Requests to Wall Directory Watch.
[    2.211391] systemd[1]: Set up automount Arbitrary Executable File Formats File System Automount Point.
[    2.211426] systemd[1]: Reached target User and Group Name Lookups.
[    2.211435] systemd[1]: Reached target Remote File Systems.
[    2.211443] systemd[1]: Reached target Slices.
[    2.212005] systemd[1]: Listening on Syslog Socket.
[    2.212070] systemd[1]: Listening on fsck to fsckd communication Socket.
[    2.212108] systemd[1]: Listening on initctl Compatibility Named Pipe.
[    2.212240] systemd[1]: Listening on Journal Audit Socket.
[    2.212290] systemd[1]: Listening on Journal Socket (/dev/log).
[    2.212354] systemd[1]: Listening on Journal Socket.
[    2.212414] systemd[1]: Listening on udev Control Socket.
[    2.212452] systemd[1]: Listening on udev Kernel Socket.
[    2.213147] systemd[1]: Mounting Huge Pages File System...
[    2.214072] systemd[1]: Mounting POSIX Message Queue File System...
[    2.214924] systemd[1]: Mounting Kernel Debug File System...
[    2.215814] systemd[1]: Mounting Kernel Trace File System...
[    2.217692] systemd[1]: Starting Journal Service...
[    2.241883] systemd[1]: Starting Set the console keyboard layout...
[    2.249539] systemd[1]: Starting Create list of static device nodes for the current kernel...
[    2.251535] systemd[1]: Starting Load Kernel Module drm...
[    2.252651] systemd[1]: Condition check resulted in Set Up Additional Binary Formats being skipped.
[    2.252697] systemd[1]: Condition check resulted in File System Check on Root Device being skipped.
[    2.259041] systemd[1]: Starting Load Kernel Modules...
[    2.270965] systemd[1]: Starting Remount Root and Kernel File Systems...
[    2.280266] systemd[1]: Starting udev Coldplug all Devices...
[    2.291333] systemd[1]: Starting Uncomplicated firewall...
[    2.292546] systemd[1]: Mounted Huge Pages File System.
[    2.292627] systemd[1]: Mounted POSIX Message Queue File System.
[    2.292694] systemd[1]: Mounted Kernel Debug File System.
[    2.292758] systemd[1]: Mounted Kernel Trace File System.
[    2.294735] EXT4-fs (sda2): re-mounted. Opts: errors=remount-ro
[    2.312800] systemd[1]: Finished Create list of static device nodes for the current kernel.
[    2.313781] systemd[1]: modprobe@drm.service: Succeeded.
[    2.314149] systemd[1]: Finished Load Kernel Module drm.
[    2.336216] systemd[1]: Finished Remount Root and Kernel File Systems.
[    2.337011] systemd[1]: Finished Uncomplicated firewall.
[    2.338692] lp: driver loaded but no devices found
[    2.356100] systemd[1]: Condition check resulted in Rebuild Hardware Database being skipped.
[    2.356133] systemd[1]: Condition check resulted in Platform Persistent Storage Archival being skipped.
[    2.356735] systemd[1]: Starting Load/Save Random Seed...
[    2.361935] systemd[1]: Starting Create System Users...
[    2.367589] ppdev: user-space parallel port driver
[    2.373912] systemd[1]: Finished Load/Save Random Seed.
[    2.377773] systemd[1]: Finished Create System Users.
[    2.378438] systemd[1]: Starting Create Static Device Nodes in /dev...
[    2.414796] systemd[1]: Finished Create Static Device Nodes in /dev.
[    2.415557] systemd[1]: Starting udev Kernel Device Manager...
[    2.440303] systemd[1]: Finished udev Coldplug all Devices.
[    2.471413] [drm] DMA map mode: Caching DMA mappings.
[    2.471476] [drm] Capabilities:
[    2.471476] [drm]   Rect copy.
[    2.471476] [drm]   Cursor.
[    2.471477] [drm]   Cursor bypass.
[    2.471477] [drm]   Cursor bypass 2.
[    2.471478] [drm]   Alpha cursor.
[    2.471478] [drm]   Extended Fifo.
[    2.471478] [drm]   Pitchlock.
[    2.471479] [drm]   Irq mask.
[    2.471479] [drm]   GMR.
[    2.471479] [drm]   Traces.
[    2.471480] [drm]   GMR2.
[    2.471480] [drm]   Screen Object 2.
[    2.471480] [drm]   Command Buffers.
[    2.471481] [drm]   Command Buffers 2.
[    2.471481] [drm]   Guest Backed Resources.
[    2.471482] [drm] Max GMR ids is 8192
[    2.471482] [drm] Max number of GMR pages is 1048576
[    2.471483] [drm] Max dedicated hypervisor surface memory is 393216 kiB
[    2.471484] [drm] Maximum display memory size is 131072 kiB
[    2.471484] [drm] VRAM at 0xe0000000 size is 131072 kiB
[    2.471485] [drm] MMIO at 0xf0000000 size is 2048 kiB
[    2.471808] [TTM] Zone  kernel: Available graphics memory: 1011738 KiB
[    2.471809] [TTM] Initializing pool allocator
[    2.471812] [TTM] Initializing DMA pool allocator
[    2.471839] [drm] Supports vblank timestamp caching Rev 2 (21.10.2013).
[    2.471839] [drm] No driver support for vblank timestamp query.
[    2.472054] [drm] Screen Target Display device initialized
[    2.472241] [drm] width 720
[    2.472250] [drm] height 400
[    2.472254] [drm] bpp 32
[    2.472752] [drm] Fifo max 0x00200000 min 0x00001000 cap 0x00000355
[    2.473920] [drm] Using command buffers with DMA pool.
[    2.473926] [drm] DX: no.
[    2.473926] [drm] Atomic: yes.
[    2.473927] [drm] SM4_1: no.
[    2.473946] [drm:vmw_host_log [vmwgfx]] *ERROR* Failed to send host log message.
[    2.474820] [drm:vmw_host_log [vmwgfx]] *ERROR* Failed to send host log message.
[    2.492396] fbcon: svgadrmfb (fb0) is primary device
[    2.494496] Console: switching to colour frame buffer device 100x37
[    2.499775] [drm] Initialized vmwgfx 2.15.0 20180704 for 0000:00:02.0 on minor 0
[    2.500993] systemd[1]: Finished Load Kernel Modules.
[    2.501906] systemd[1]: Mounting FUSE Control File System...
[    2.503236] systemd[1]: Mounting Kernel Configuration File System...
[    2.525571] systemd[1]: Starting Apply Kernel Variables...
[    2.536940] systemd[1]: Finished Set the console keyboard layout.
[    2.537560] systemd[1]: Mounted FUSE Control File System.
[    2.537644] systemd[1]: Mounted Kernel Configuration File System.
[    2.537703] systemd[1]: Reached target Local File Systems (Pre).
[    2.537720] systemd[1]: Condition check resulted in VMware vmblock fuse mount being skipped.
[    2.548282] systemd[1]: Mounting Mount unit for bare, revision 5...
[    2.551856] systemd[1]: Mounting Mount unit for core18, revision 1705...
[    2.579726] systemd[1]: Mounting Mount unit for gnome-3-34-1804, revision 24...
[    2.586280] systemd[1]: Mounting Mount unit for gtk-common-themes, revision 1506...
[    2.592855] systemd[1]: Mounting Mount unit for gtk-common-themes, revision 1535...
[    2.601931] systemd[1]: Mounting Mount unit for snap-store, revision 433...
[    2.609591] systemd[1]: Mounting Mount unit for snapd, revision 7264...
[    2.615923] systemd[1]: Finished Apply Kernel Variables.
[    2.640555] systemd[1]: Started udev Kernel Device Manager.
[    2.640652] systemd[1]: Mounted Mount unit for bare, revision 5.
[    2.640730] systemd[1]: Mounted Mount unit for core18, revision 1705.
[    2.640800] systemd[1]: Mounted Mount unit for gnome-3-34-1804, revision 24.
[    2.642774] systemd[1]: Starting Show Plymouth Boot Screen...
[    2.646811] systemd[1]: Received SIGRTMIN+20 from PID 280 (plymouthd).
[    2.667307] systemd[1]: Started Show Plymouth Boot Screen.
[    2.667448] systemd[1]: Condition check resulted in Dispatch Password Requests to Console Directory Watch being skipped.
[    2.667530] systemd[1]: Started Forward Password Requests to Plymouth Directory Watch.
[    2.667577] systemd[1]: Reached target Local Encrypted Volumes.
[    2.687436] systemd[1]: Mounted Mount unit for gtk-common-themes, revision 1506.
[    2.722009] systemd[1]: Mounted Mount unit for snap-store, revision 433.
[    2.757624] systemd[1]: Mounted Mount unit for gtk-common-themes, revision 1535.
[    2.757951] systemd[1]: Mounted Mount unit for snapd, revision 7264.
[    2.758132] systemd[1]: Reached target Local File Systems.
[    2.760828] systemd[1]: Starting Load AppArmor profiles...
[    2.768589] systemd[1]: Starting Set console font and keymap...
[    2.775355] systemd[1]: Starting Tell Plymouth To Write Out Runtime Data...
[    2.781586] systemd[1]: Condition check resulted in Store a System Token in an EFI Variable being skipped.
[    2.781618] systemd[1]: Condition check resulted in Commit a transient machine-id on disk being skipped.
[    2.782575] systemd[1]: Finished Set console font and keymap.
[    2.805101] systemd[1]: Received SIGRTMIN+20 from PID 280 (plymouthd).
[    2.806908] systemd[1]: plymouth-read-write.service: Succeeded.
[    2.807207] systemd[1]: Finished Tell Plymouth To Write Out Runtime Data.
[    2.830234] audit: type=1400 audit(1768426687.680:2): apparmor="STATUS" operation="profile_load" profile="unconfined" name="nvidia_modprobe" pid=301 comm="apparmor_parser"
[    2.830238] audit: type=1400 audit(1768426687.680:3): apparmor="STATUS" operation="profile_load" profile="unconfined" name="nvidia_modprobe//kmod" pid=301 comm="apparmor_parser"
[    2.837669] audit: type=1400 audit(1768426687.688:4): apparmor="STATUS" operation="profile_load" profile="unconfined" name="/usr/sbin/tcpdump" pid=302 comm="apparmor_parser"
[    2.887256] audit: type=1400 audit(1768426687.732:5): apparmor="STATUS" operation="profile_load" profile="unconfined" name="/usr/bin/evince" pid=304 comm="apparmor_parser"
[    2.887258] audit: type=1400 audit(1768426687.732:6): apparmor="STATUS" operation="profile_load" profile="unconfined" name="/usr/bin/evince//sanitized_helper" pid=304 comm="apparmor_parser"
[    2.887260] audit: type=1400 audit(1768426687.732:7): apparmor="STATUS" operation="profile_load" profile="unconfined" name="/usr/bin/evince-previewer" pid=304 comm="apparmor_parser"
[    2.887262] audit: type=1400 audit(1768426687.732:8): apparmor="STATUS" operation="profile_load" profile="unconfined" name="/usr/bin/evince-previewer//sanitized_helper" pid=304 comm="apparmor_parser"
[    2.887263] audit: type=1400 audit(1768426687.732:9): apparmor="STATUS" operation="profile_load" profile="unconfined" name="/usr/bin/evince-thumbnailer" pid=304 comm="apparmor_parser"
[    2.916771] audit: type=1400 audit(1768426687.768:10): apparmor="STATUS" operation="profile_load" profile="unconfined" name="/usr/lib/cups/backend/cups-pdf" pid=305 comm="apparmor_parser"
[    2.982244] systemd[1]: Finished Load AppArmor profiles.
[    2.983557] systemd[1]: Starting Load AppArmor profiles managed internally by snapd...
[    3.061404] systemd[1]: Finished Load AppArmor profiles managed internally by snapd.
[    3.211986] systemd[1]: Started Journal Service.
[    3.223137] systemd-journald[229]: Received client request to flush runtime journal.
[    3.226869] systemd-journald[229]: File /var/log/journal/c455b248004a419c87ce85eea238d727/system.journal corrupted or uncleanly shut down, renaming and replacing.
[    4.578253] RAPL PMU: API unit is 2^-32 Joules, 0 fixed counters, 10737418240 ms ovfl timer
[    4.635799] cryptd: max_cpu_qlen set to 1000
[    4.669118] AVX2 version of gcm_enc/dec engaged.
[    4.669119] AES CTR mode by8 optimization enabled
[    5.451046] Adding 1998844k swap on /dev/sda1.  Priority:-2 extents:1 across:1998844k FS
[    6.772550] kauditd_printk_skb: 30 callbacks suppressed
[    6.772551] audit: type=1400 audit(1768426691.624:41): apparmor="DENIED" operation="capable" profile="/usr/sbin/cups-browsed" pid=498 comm="cups-browsed" capability=23  capname="sys_nice"
[    7.581849] pcnet32 0000:00:03.0 enp0s3: link up, 100Mbps, full-duplex
[    7.617635] e1000: enp0s8 NIC Link is Up 1000 Mbps Full Duplex, Flow Control: RX
[    7.617911] IPv6: ADDRCONF(NETDEV_CHANGE): enp0s8: link becomes ready
[    7.628769] e1000: enp0s9 NIC Link is Up 1000 Mbps Full Duplex, Flow Control: RX
[    7.629058] IPv6: ADDRCONF(NETDEV_CHANGE): enp0s9: link becomes ready
[    8.143238] device enp0s3 entered promiscuous mode
[    8.172127] audit: type=1400 audit(1768426693.016:42): apparmor="DENIED" operation="open" profile="/usr/sbin/tcpdump" name="/proc/sys/kernel/random/boot_id" pid=676 comm="tcpdump" requested_mask="r" denied_mask="r" fsuid=0 ouid=0
[    8.172348] audit: type=1400 audit(1768426693.016:43): apparmor="DENIED" operation="open" profile="/usr/sbin/tcpdump" name="/proc/sys/kernel/random/boot_id" pid=676 comm="tcpdump" requested_mask="r" denied_mask="r" fsuid=0 ouid=0
[    8.172397] audit: type=1400 audit(1768426693.016:44): apparmor="DENIED" operation="open" profile="/usr/sbin/tcpdump" name="/proc/sys/kernel/random/boot_id" pid=676 comm="tcpdump" requested_mask="r" denied_mask="r" fsuid=0 ouid=0
[    8.172692] audit: type=1400 audit(1768426693.016:45): apparmor="DENIED" operation="open" profile="/usr/sbin/tcpdump" name="/proc/sys/kernel/random/boot_id" pid=676 comm="tcpdump" requested_mask="r" denied_mask="r" fsuid=0 ouid=0
[    8.175944] audit: type=1400 audit(1768426693.024:46): apparmor="DENIED" operation="open" profile="/usr/sbin/tcpdump" name="/proc/sys/kernel/random/boot_id" pid=677 comm="tcpdump" requested_mask="r" denied_mask="r" fsuid=0 ouid=0
[    8.177853] audit: type=1400 audit(1768426693.024:47): apparmor="DENIED" operation="open" profile="/usr/sbin/tcpdump" name="/proc/sys/kernel/random/boot_id" pid=677 comm="tcpdump" requested_mask="r" denied_mask="r" fsuid=0 ouid=0
[    8.177889] audit: type=1400 audit(1768426693.024:48): apparmor="DENIED" operation="open" profile="/usr/sbin/tcpdump" name="/proc/sys/kernel/random/boot_id" pid=677 comm="tcpdump" requested_mask="r" denied_mask="r" fsuid=0 ouid=0
[    8.177995] audit: type=1400 audit(1768426693.024:49): apparmor="DENIED" operation="open" profile="/usr/sbin/tcpdump" name="/proc/sys/kernel/random/boot_id" pid=677 comm="tcpdump" requested_mask="r" denied_mask="r" fsuid=0 ouid=0
[   12.758797] rfkill: input handler disabled
[  218.266338] AAAAA-TCP_FORW: name:enp0s3: saddr:16783984: daddr:100932208
[  218.289863] AAAAA-TCP_FORW: name:enp0s3: saddr:16783984: daddr:100932208
[  218.396938] AAAAA-TCP_FORW: name:enp0s3: saddr:100932208: daddr:16783984
[  218.447875] AAAAA-TCP_FORW: name:enp0s3: saddr:100932208: daddr:16783984
[  218.482393] AAAAA-TCP_FORW: name:enp0s3: saddr:100932208: daddr:16783984
[  218.740877] AAAAA-TCP_FORW: name:enp0s3: saddr:16783984: daddr:100932208
[  218.963900] AAAAA-TCP_FORW: name:enp0s3: saddr:16783984: daddr:100932208
[  219.002383] AAAAA-TCP_FORW: name:enp0s3: saddr:16783984: daddr:100932208
[  219.087145] AAAAA-TCP_FORW: name:enp0s3: saddr:100932208: daddr:33561200
[  219.130507] AAAAA-TCP_FORW: name:enp0s3: saddr:100932208: daddr:16783984
[  219.173650] AAAAA-TCP_FORW: name:enp0s3: saddr:100932208: daddr:16783984
[  219.331478] AAAAA-TCP_FORW: name:enp0s3: saddr:33561200: daddr:100932208
[  219.443984] AAAAA-TCP_FORW: name:enp0s3: saddr:16783984: daddr:100932208
[  219.465653] AAAAA-TCP_FORW: name:enp0s3: saddr:100932208: daddr:33561200
[  219.556429] AAAAA-TCP_FORW: name:enp0s3: saddr:100932208: daddr:16783984
[  219.678191] AAAAA-TCP_FORW: name:enp0s3: saddr:33561200: daddr:100932208
[  219.832918] AAAAA-TCP_FORW: name:enp0s3: saddr:16783984: daddr:100932208
[  219.929638] AAAAA-TCP_FORW: name:enp0s3: saddr:33561200: daddr:100932208
[  219.977525] AAAAA-TCP_FORW: name:enp0s3: saddr:100932208: daddr:33561200
[  220.046012] AAAAA-TCP_FORW: name:enp0s3: saddr:100932208: daddr:16783984
[  220.178777] AAAAA-TCP_FORW: name:enp0s3: saddr:16783984: daddr:100932208
[  220.202975] AAAAA-TCP_FORW: name:enp0s3: saddr:100932208: daddr:16783984
[  220.232310] AAAAA-TCP_FORW: name:enp0s3: saddr:100932208: daddr:16783984
[  220.272585] AAAAA-TCP_FORW: name:enp0s3: saddr:16783984: daddr:100932208
[  220.365419] AAAAA-TCP_FORW: name:enp0s3: saddr:16783984: daddr:100932208
[  220.445198] AAAAA-TCP_FORW: name:enp0s3: saddr:100932208: daddr:33561200
[  220.495877] AAAAA-TCP_FORW: name:enp0s3: saddr:33561200: daddr:100932208
[  220.585836] AAAAA-TCP_FORW: name:enp0s3: saddr:33561200: daddr:100932208
[  220.609655] AAAAA-TCP_FORW: name:enp0s3: saddr:100932208: daddr:33561200
[  220.719106] AAAAA-TCP_FORW: name:enp0s3: saddr:100932208: daddr:33561200
[  220.827161] AAAAA-TCP_FORW: name:enp0s3: saddr:33561200: daddr:100932208
[  220.977374] AAAAA-TCP_FORW: name:enp0s3: saddr:33561200: daddr:100932208
[  221.152495] AAAAA-TCP_FORW: name:enp0s3: saddr:100932208: daddr:33561200
[  221.213263] AAAAA-TCP_FORW: name:enp0s3: saddr:100932208: daddr:16783984
[  221.281293] AAAAA-TCP_FORW: name:enp0s3: saddr:100932208: daddr:16783984
[  221.298352] AAAAA-TCP_FORW: name:enp0s3: saddr:100932208: daddr:16783984
[  221.345193] AAAAA-TCP_FORW: name:enp0s3: saddr:100932208: daddr:16783984
[  221.400834] AAAAA-TCP_FORW: name:enp0s3: saddr:100932208: daddr:16783984
[  221.423110] AAAAA-TCP_FORW: name:enp0s3: saddr:16783984: daddr:100932208
[  221.442605] AAAAA-TCP_FORW: name:enp0s3: saddr:100932208: daddr:16783984
[  221.469038] AAAAA-TCP_FORW: name:enp0s3: saddr:16783984: daddr:100932208
[  221.533295] AAAAA-TCP_FORW: name:enp0s3: saddr:100932208: daddr:16783984
[  221.544752] AAAAA-TCP_FORW: name:enp0s3: saddr:100932208: daddr:16783984
[  221.571276] AAAAA-TCP_FORW: name:enp0s3: saddr:16783984: daddr:100932208
[  221.620404] AAAAA-TCP_FORW: name:enp0s3: saddr:100932208: daddr:16783984
[  221.637761] AAAAA-TCP_FORW: name:enp0s3: saddr:16783984: daddr:100932208
[  221.662667] AAAAA-TCP_FORW: name:enp0s3: saddr:100932208: daddr:16783984
[  221.717146] AAAAA-TCP_FORW: name:enp0s3: saddr:16783984: daddr:100932208
[  221.732050] AAAAA-TCP_FORW: name:enp0s3: saddr:100932208: daddr:33561200
[  221.776062] AAAAA-TCP_FORW: name:enp0s3: saddr:100932208: daddr:33561200
[  221.805603] AAAAA-TCP_FORW: name:enp0s3: saddr:100932208: daddr:33561200
[  221.830547] AAAAA-TCP_FORW: name:enp0s3: saddr:16783984: daddr:100932208
[  221.870315] AAAAA-TCP_FORW: name:enp0s3: saddr:100932208: daddr:33561200
[  221.917371] AAAAA-TCP_FORW: name:enp0s3: saddr:100932208: daddr:33561200
[  221.919480] AAAAA-TCP_FORW: name:enp0s3: saddr:16783984: daddr:100932208
[  221.965443] AAAAA-TCP_FORW: name:enp0s3: saddr:100932208: daddr:33561200
[  221.995742] AAAAA-TCP_FORW: name:enp0s3: saddr:16783984: daddr:100932208
[  222.023771] AAAAA-TCP_FORW: name:enp0s3: saddr:100932208: daddr:33561200
[  222.059045] AAAAA-TCP_FORW: name:enp0s3: saddr:100932208: daddr:33561200
[  222.104403] AAAAA-TCP_FORW: name:enp0s3: saddr:100932208: daddr:33561200
[  222.135763] AAAAA-TCP_FORW: name:enp0s3: saddr:16783984: daddr:100932208
[  222.174561] AAAAA-TCP_FORW: name:enp0s3: saddr:100932208: daddr:33561200
[  222.223714] AAAAA-TCP_FORW: name:enp0s3: saddr:100932208: daddr:16783984
[  222.264842] AAAAA-TCP_FORW: name:enp0s3: saddr:16783984: daddr:100932208
[  222.293980] AAAAA-TCP_FORW: name:enp0s3: saddr:100932208: daddr:16783984
[  222.321793] AAAAA-TCP_FORW: name:enp0s3: saddr:100932208: daddr:16783984
[  222.356386] AAAAA-TCP_FORW: name:enp0s3: saddr:100932208: daddr:33561200
[  222.419825] AAAAA-TCP_FORW: name:enp0s3: saddr:33561200: daddr:100932208
[  222.426245] AAAAA-TCP_FORW: name:enp0s3: saddr:100932208: daddr:16783984
[  222.474231] AAAAA-TCP_FORW: name:enp0s3: saddr:100932208: daddr:16783984
[  222.531901] AAAAA-TCP_FORW: name:enp0s3: saddr:100932208: daddr:16783984
[  222.588619] AAAAA-TCP_FORW: name:enp0s3: saddr:100932208: daddr:16783984
[  222.596108] AAAAA-TCP_FORW: name:enp0s3: saddr:33561200: daddr:100932208
[  222.721008] AAAAA-TCP_FORW: name:enp0s3: saddr:100932208: daddr:16783984
[  222.758676] AAAAA-TCP_FORW: name:enp0s3: saddr:100932208: daddr:16783984
[  222.805208] AAAAA-TCP_FORW: name:enp0s3: saddr:100932208: daddr:16783984
[  222.831388] AAAAA-TCP_FORW: name:enp0s3: saddr:100932208: daddr:16783984
[  222.840401] AAAAA-TCP_FORW: name:enp0s3: saddr:33561200: daddr:100932208
[  222.880920] AAAAA-TCP_FORW: name:enp0s3: saddr:100932208: daddr:16783984
[  222.893660] AAAAA-TCP_FORW: name:enp0s3: saddr:33561200: daddr:100932208
[  222.947397] AAAAA-TCP_FORW: name:enp0s3: saddr:33561200: daddr:100932208
[  222.961232] AAAAA-TCP_FORW: name:enp0s3: saddr:100932208: daddr:16783984
[  222.990439] AAAAA-TCP_FORW: name:enp0s3: saddr:33561200: daddr:100932208
[  222.998734] AAAAA-TCP_FORW: name:enp0s3: saddr:100932208: daddr:33561200
[  223.026965] AAAAA-TCP_FORW: name:enp0s3: saddr:100932208: daddr:16783984
[  223.037988] AAAAA-TCP_FORW: name:enp0s3: saddr:100932208: daddr:16783984
[  223.060943] AAAAA-TCP_FORW: name:enp0s3: saddr:100932208: daddr:16783984
[  223.087409] AAAAA-TCP_FORW: name:enp0s3: saddr:100932208: daddr:16783984
[  223.113824] AAAAA-TCP_FORW: name:enp0s3: saddr:33561200: daddr:100932208
[  223.190437] AAAAA-TCP_FORW: name:enp0s3: saddr:33561200: daddr:100932208
[  223.261760] AAAAA-TCP_FORW: name:enp0s3: saddr:33561200: daddr:100932208
[  223.356604] AAAAA-TCP_FORW: name:enp0s3: saddr:100932208: daddr:16783984
[  223.407748] AAAAA-TCP_FORW: name:enp0s3: saddr:33561200: daddr:100932208
[  223.455978] AAAAA-TCP_FORW: name:enp0s3: saddr:100932208: daddr:16783984
[  223.560200] AAAAA-TCP_FORW: name:enp0s3: saddr:100932208: daddr:16783984
[  223.593196] AAAAA-TCP_FORW: name:enp0s3: saddr:16783984: daddr:100932208
[  223.607335] AAAAA-TCP_FORW: name:enp0s3: saddr:100932208: daddr:16783984
[  223.733132] AAAAA-TCP_FORW: name:enp0s3: saddr:16783984: daddr:100932208
[  223.812172] AAAAA-TCP_FORW: name:enp0s3: saddr:16783984: daddr:100932208
[  223.909363] AAAAA-TCP_FORW: name:enp0s3: saddr:100932208: daddr:33561200
[  223.938789] AAAAA-TCP_FORW: name:enp0s3: saddr:33561200: daddr:100932208
[  224.033332] AAAAA-TCP_FORW: name:enp0s3: saddr:16783984: daddr:100932208
[  224.109662] AAAAA-TCP_FORW: name:enp0s3: saddr:16783984: daddr:100932208
[  224.173237] AAAAA-TCP_FORW: name:enp0s3: saddr:16783984: daddr:100932208
[  224.255808] AAAAA-TCP_FORW: name:enp0s3: saddr:16783984: daddr:100932208
[  224.290734] AAAAA-TCP_FORW: name:enp0s3: saddr:100932208: daddr:33561200
[  224.332624] AAAAA-TCP_FORW: name:enp0s3: saddr:100932208: daddr:33561200
[  224.363628] AAAAA-TCP_FORW: name:enp0s3: saddr:16783984: daddr:100932208
[  224.443130] AAAAA-TCP_FORW: name:enp0s3: saddr:16783984: daddr:100932208
[  224.504431] AAAAA-TCP_FORW: name:enp0s3: saddr:16783984: daddr:100932208
[  224.563743] AAAAA-TCP_FORW: name:enp0s3: saddr:16783984: daddr:100932208
[  224.595108] AAAAA-TCP_FORW: name:enp0s3: saddr:100932208: daddr:33561200
[  224.623927] AAAAA-TCP_FORW: name:enp0s3: saddr:100932208: daddr:33561200
[  224.677462] AAAAA-TCP_FORW: name:enp0s3: saddr:16783984: daddr:100932208
[  224.704961] AAAAA-TCP_FORW: name:enp0s3: saddr:100932208: daddr:33561200
[  224.740477] AAAAA-TCP_FORW: name:enp0s3: saddr:100932208: daddr:33561200
[  224.771355] AAAAA-TCP_FORW: name:enp0s3: saddr:100932208: daddr:33561200
[  224.807371] AAAAA-TCP_FORW: name:enp0s3: saddr:16783984: daddr:100932208
[  224.844436] AAAAA-TCP_FORW: name:enp0s3: saddr:100932208: daddr:33561200
[  224.921216] AAAAA-TCP_FORW: name:enp0s3: saddr:100932208: daddr:33561200
[  224.937401] AAAAA-TCP_FORW: name:enp0s3: saddr:100932208: daddr:33561200
[  224.963675] AAAAA-TCP_FORW: name:enp0s3: saddr:33561200: daddr:100932208
[  225.043318] AAAAA-TCP_FORW: name:enp0s3: saddr:16783984: daddr:100932208
[  225.109481] AAAAA-TCP_FORW: name:enp0s3: saddr:16783984: daddr:100932208
[  225.166815] AAAAA-TCP_FORW: name:enp0s3: saddr:100932208: daddr:33561200
[  225.182256] AAAAA-TCP_FORW: name:enp0s3: saddr:16783984: daddr:100932208
[  225.226431] AAAAA-TCP_FORW: name:enp0s3: saddr:100932208: daddr:33561200
[  225.248375] AAAAA-TCP_FORW: name:enp0s3: saddr:16783984: daddr:100932208
[  225.276760] AAAAA-TCP_FORW: name:enp0s3: saddr:100932208: daddr:33561200
[  225.306199] AAAAA-TCP_FORW: name:enp0s3: saddr:16783984: daddr:100932208
[  225.322304] AAAAA-TCP_FORW: name:enp0s3: saddr:100932208: daddr:33561200
[  225.378285] AAAAA-TCP_FORW: name:enp0s3: saddr:100932208: daddr:33561200
[  225.393556] AAAAA-TCP_FORW: name:enp0s3: saddr:100932208: daddr:33561200
[  225.419069] AAAAA-TCP_FORW: name:enp0s3: saddr:16783984: daddr:100932208
[  225.454190] AAAAA-TCP_FORW: name:enp0s3: saddr:100932208: daddr:33561200
[  225.502992] AAAAA-TCP_FORW: name:enp0s3: saddr:100932208: daddr:33561200
[  225.519622] AAAAA-TCP_FORW: name:enp0s3: saddr:16783984: daddr:100932208
[  225.715146] AAAAA-TCP_FORW: name:enp0s3: saddr:16783984: daddr:100932208
[  225.804615] AAAAA-TCP_FORW: name:enp0s3: saddr:33561200: daddr:100932208
[  225.846055] AAAAA-TCP_FORW: name:enp0s3: saddr:100932208: daddr:33561200
[  225.867713] AAAAA-TCP_FORW: name:enp0s3: saddr:100932208: daddr:33561200
[  225.988536] AAAAA-TCP_FORW: name:enp0s3: saddr:100932208: daddr:16783984
[  226.023408] AAAAA-TCP_FORW: name:enp0s3: saddr:33561200: daddr:100932208
[  226.080304] AAAAA-TCP_FORW: name:enp0s3: saddr:33561200: daddr:100932208
[  226.119891] AAAAA-TCP_FORW: name:enp0s3: saddr:100932208: daddr:16783984
[  226.202994] AAAAA-TCP_FORW: name:enp0s3: saddr:100932208: daddr:16783984
[  226.241801] AAAAA-TCP_FORW: name:enp0s3: saddr:100932208: daddr:16783984
[  226.255159] AAAAA-TCP_FORW: name:enp0s3: saddr:100932208: daddr:16783984
[  226.268372] AAAAA-TCP_FORW: name:enp0s3: saddr:100932208: daddr:16783984
[  226.317393] AAAAA-TCP_FORW: name:enp0s3: saddr:33561200: daddr:100932208
[  226.453653] AAAAA-TCP_FORW: name:enp0s3: saddr:100932208: daddr:16783984
[  226.475006] AAAAA-TCP_FORW: name:enp0s3: saddr:33561200: daddr:100932208
[  226.533948] AAAAA-TCP_FORW: name:enp0s3: saddr:33561200: daddr:100932208
[  226.595216] AAAAA-TCP_FORW: name:enp0s3: saddr:100932208: daddr:16783984
[  226.636300] AAAAA-TCP_FORW: name:enp0s3: saddr:33561200: daddr:100932208
[  226.651740] AAAAA-TCP_FORW: name:enp0s3: saddr:100932208: daddr:16783984
[  226.710640] AAAAA-TCP_FORW: name:enp0s3: saddr:33561200: daddr:100932208
[  226.744447] AAAAA-TCP_FORW: name:enp0s3: saddr:33561200: daddr:100932208
[  226.805759] AAAAA-TCP_FORW: name:enp0s3: saddr:33561200: daddr:100932208
[  226.825161] AAAAA-TCP_FORW: name:enp0s3: saddr:100932208: daddr:16783984
[  226.886764] AAAAA-TCP_FORW: name:enp0s3: saddr:33561200: daddr:100932208
[  226.897531] AAAAA-TCP_FORW: name:enp0s3: saddr:100932208: daddr:16783984
[  226.979558] AAAAA-TCP_FORW: name:enp0s3: saddr:33561200: daddr:100932208
[  227.016434] AAAAA-TCP_FORW: name:enp0s3: saddr:100932208: daddr:16783984
[  227.064532] AAAAA-TCP_FORW: name:enp0s3: saddr:33561200: daddr:100932208
[  227.128731] AAAAA-TCP_FORW: name:enp0s3: saddr:100932208: daddr:16783984
[  227.134342] AAAAA-TCP_FORW: name:enp0s3: saddr:33561200: daddr:100932208
[  227.214278] AAAAA-TCP_FORW: name:enp0s3: saddr:33561200: daddr:100932208
[  227.272851] AAAAA-TCP_FORW: name:enp0s3: saddr:33561200: daddr:100932208
[  227.444152] AAAAA-TCP_FORW: name:enp0s3: saddr:33561200: daddr:100932208
[  227.533128] AAAAA-TCP_FORW: name:enp0s3: saddr:100932208: daddr:33561200
[  227.567576] AAAAA-TCP_FORW: name:enp0s3: saddr:33561200: daddr:100932208
[  227.668186] AAAAA-TCP_FORW: name:enp0s3: saddr:33561200: daddr:100932208
[  227.807161] AAAAA-TCP_FORW: name:enp0s3: saddr:16783984: daddr:100932208
[  227.886416] AAAAA-TCP_FORW: name:enp0s3: saddr:16783984: daddr:100932208
[  228.035513] AAAAA-TCP_FORW: name:enp0s3: saddr:16783984: daddr:100932208
[  228.152977] AAAAA-TCP_FORW: name:enp0s3: saddr:16783984: daddr:100932208
[  228.211885] AAAAA-TCP_FORW: name:enp0s3: saddr:16783984: daddr:100932208
[  228.232745] AAAAA-TCP_FORW: name:enp0s3: saddr:16783984: daddr:100932208
[  228.298048] AAAAA-TCP_FORW: name:enp0s3: saddr:16783984: daddr:100932208
[  228.353905] AAAAA-TCP_FORW: name:enp0s3: saddr:16783984: daddr:100932208
[  228.430262] AAAAA-TCP_FORW: name:enp0s3: saddr:16783984: daddr:100932208
[  228.543795] AAAAA-TCP_FORW: name:enp0s3: saddr:16783984: daddr:100932208
[  228.619859] AAAAA-TCP_FORW: name:enp0s3: saddr:16783984: daddr:100932208
[  228.679699] AAAAA-TCP_FORW: name:enp0s3: saddr:16783984: daddr:100932208
[  228.753340] AAAAA-TCP_FORW: name:enp0s3: saddr:16783984: daddr:100932208
[  228.924849] AAAAA-TCP_FORW: name:enp0s3: saddr:33561200: daddr:100932208
[  243.970781] AAAAA-TCP_FORW: name:enp0s3: saddr:100932208: daddr:16783984
[  244.007954] AAAAA-TCP_FORW: name:enp0s3: saddr:100932208: daddr:33561200
[  244.031899] AAAAA-TCP_FORW: name:enp0s3: saddr:100932208: daddr:16783984
[  244.140108] AAAAA-TCP_FORW: name:enp0s3: saddr:100932208: daddr:33561200
[  244.186557] AAAAA-TCP_FORW: name:enp0s3: saddr:100932208: daddr:16783984
[  244.280382] AAAAA-TCP_FORW: name:enp0s3: saddr:100932208: daddr:33561200
[  244.360495] AAAAA-TCP_FORW: name:enp0s3: saddr:100932208: daddr:16783984
[  244.449787] AAAAA-TCP_FORW: name:enp0s3: saddr:100932208: daddr:33561200
[  244.490828] AAAAA-TCP_FORW: name:enp0s3: saddr:100932208: daddr:16783984
[  244.628838] AAAAA-TCP_FORW: name:enp0s3: saddr:100932208: daddr:33561200
[  244.683430] AAAAA-TCP_FORW: name:enp0s3: saddr:100932208: daddr:16783984
[  244.772778] AAAAA-TCP_FORW: name:enp0s3: saddr:100932208: daddr:33561200
[  244.798909] AAAAA-TCP_FORW: name:enp0s3: saddr:16783984: daddr:100932208
[  244.867381] AAAAA-TCP_FORW: name:enp0s3: saddr:100932208: daddr:16783984
[  244.998572] AAAAA-TCP_FORW: name:enp0s3: saddr:33561200: daddr:100932208
[  245.010195] AAAAA-TCP_FORW: name:enp0s3: saddr:100932208: daddr:33561200
[  245.079456] AAAAA-TCP_FORW: name:enp0s3: saddr:100932208: daddr:16783984
[  245.108766] AAAAA-TCP_FORW: name:enp0s3: saddr:16783984: daddr:100932208
[  245.177744] AAAAA-TCP_FORW: name:enp0s3: saddr:100932208: daddr:33561200
[  245.232742] AAAAA-TCP_FORW: name:enp0s3: saddr:100932208: daddr:16783984
[  245.311422] AAAAA-TCP_FORW: name:enp0s3: saddr:100932208: daddr:33561200
[  245.323484] AAAAA-TCP_FORW: name:enp0s3: saddr:33561200: daddr:100932208
[  245.364324] AAAAA-TCP_FORW: name:enp0s3: saddr:100932208: daddr:16783984
[  245.430614] AAAAA-TCP_FORW: name:enp0s3: saddr:16783984: daddr:100932208
[  245.467897] AAAAA-TCP_FORW: name:enp0s3: saddr:100932208: daddr:33561200
[  245.525962] AAAAA-TCP_FORW: name:enp0s3: saddr:33561200: daddr:100932208
[  245.562774] AAAAA-TCP_FORW: name:enp0s3: saddr:100932208: daddr:16783984
[  245.602352] AAAAA-TCP_FORW: name:enp0s3: saddr:100932208: daddr:33561200
[  245.631854] AAAAA-TCP_FORW: name:enp0s3: saddr:16783984: daddr:100932208
[  245.664420] AAAAA-TCP_FORW: name:enp0s3: saddr:100932208: daddr:16783984
[  245.700852] AAAAA-TCP_FORW: name:enp0s3: saddr:100932208: daddr:33561200
[  245.742894] AAAAA-TCP_FORW: name:enp0s3: saddr:100932208: daddr:16783984
[  245.829620] AAAAA-TCP_FORW: name:enp0s3: saddr:100932208: daddr:33561200
[  245.877140] AAAAA-TCP_FORW: name:enp0s3: saddr:100932208: daddr:16783984
[  245.897437] AAAAA-TCP_FORW: name:enp0s3: saddr:100932208: daddr:33561200
[  245.937881] AAAAA-TCP_FORW: name:enp0s3: saddr:100932208: daddr:33561200
[  245.974219] AAAAA-TCP_FORW: name:enp0s3: saddr:33561200: daddr:100932208
[  246.041134] AAAAA-TCP_FORW: name:enp0s3: saddr:100932208: daddr:33561200
[  246.066503] AAAAA-TCP_FORW: name:enp0s3: saddr:16783984: daddr:100932208
[  246.093573] AAAAA-TCP_FORW: name:enp0s3: saddr:100932208: daddr:33561200
[  246.145948] AAAAA-TCP_FORW: name:enp0s3: saddr:100932208: daddr:33561200
[  246.199005] AAAAA-TCP_FORW: name:enp0s3: saddr:33561200: daddr:100932208
[  246.212847] AAAAA-TCP_FORW: name:enp0s3: saddr:100932208: daddr:33561200
[  246.274676] AAAAA-TCP_FORW: name:enp0s3: saddr:100932208: daddr:33561200
[  246.319739] AAAAA-TCP_FORW: name:enp0s3: saddr:16783984: daddr:100932208
[  246.345536] AAAAA-TCP_FORW: name:enp0s3: saddr:100932208: daddr:33561200
[  246.500189] AAAAA-TCP_FORW: name:enp0s3: saddr:33561200: daddr:100932208
[  246.677826] AAAAA-TCP_FORW: name:enp0s3: saddr:16783984: daddr:100932208
[  246.833528] AAAAA-TCP_FORW: name:enp0s3: saddr:33561200: daddr:100932208
[  246.932017] AAAAA-TCP_FORW: name:enp0s3: saddr:16783984: daddr:100932208
[  247.058108] AAAAA-TCP_FORW: name:enp0s3: saddr:33561200: daddr:100932208
[  247.168045] AAAAA-TCP_FORW: name:enp0s3: saddr:16783984: daddr:100932208
[  247.205772] AAAAA-TCP_FORW: name:enp0s3: saddr:100932208: daddr:16783984
[  247.243691] AAAAA-TCP_FORW: name:enp0s3: saddr:33561200: daddr:100932208
[  247.291463] AAAAA-TCP_FORW: name:enp0s3: saddr:100932208: daddr:16783984
[  247.305416] AAAAA-TCP_FORW: name:enp0s3: saddr:16783984: daddr:100932208
[  247.358300] AAAAA-TCP_FORW: name:enp0s3: saddr:100932208: daddr:33561200
[  247.374588] AAAAA-TCP_FORW: name:enp0s3: saddr:33561200: daddr:100932208
[  247.435574] AAAAA-TCP_FORW: name:enp0s3: saddr:100932208: daddr:33561200
[  247.461279] AAAAA-TCP_FORW: name:enp0s3: saddr:16783984: daddr:100932208
[  247.511787] AAAAA-TCP_FORW: name:enp0s3: saddr:100932208: daddr:16783984
[  247.555466] AAAAA-TCP_FORW: name:enp0s3: saddr:33561200: daddr:100932208
[  247.566774] AAAAA-TCP_FORW: name:enp0s3: saddr:100932208: daddr:33561200
[  247.626359] AAAAA-TCP_FORW: name:enp0s3: saddr:33561200: daddr:100932208
[  247.637041] AAAAA-TCP_FORW: name:enp0s3: saddr:100932208: daddr:33561200
[  247.674227] AAAAA-TCP_FORW: name:enp0s3: saddr:100932208: daddr:16783984
[  247.696601] AAAAA-TCP_FORW: name:enp0s3: saddr:33561200: daddr:100932208
[  247.740831] AAAAA-TCP_FORW: name:enp0s3: saddr:100932208: daddr:16783984
[  247.782870] AAAAA-TCP_FORW: name:enp0s3: saddr:100932208: daddr:16783984
[  247.815153] AAAAA-TCP_FORW: name:enp0s3: saddr:33561200: daddr:100932208
[  247.852669] AAAAA-TCP_FORW: name:enp0s3: saddr:100932208: daddr:16783984
[  247.907021] AAAAA-TCP_FORW: name:enp0s3: saddr:33561200: daddr:100932208
[  247.926921] AAAAA-TCP_FORW: name:enp0s3: saddr:100932208: daddr:33561200
[  247.967375] AAAAA-TCP_FORW: name:enp0s3: saddr:100932208: daddr:33561200
[  247.993366] AAAAA-TCP_FORW: name:enp0s3: saddr:33561200: daddr:100932208
[  248.030799] AAAAA-TCP_FORW: name:enp0s3: saddr:100932208: daddr:33561200
[  248.093204] AAAAA-TCP_FORW: name:enp0s3: saddr:100932208: daddr:33561200
[  248.127286] AAAAA-TCP_FORW: name:enp0s3: saddr:100932208: daddr:16783984
[  248.232473] AAAAA-TCP_FORW: name:enp0s3: saddr:33561200: daddr:100932208
[  248.276257] AAAAA-TCP_FORW: name:enp0s3: saddr:100932208: daddr:33561200
[  248.340107] AAAAA-TCP_FORW: name:enp0s3: saddr:100932208: daddr:33561200
[  248.436774] AAAAA-TCP_FORW: name:enp0s3: saddr:100932208: daddr:16783984
[  248.472774] AAAAA-TCP_FORW: name:enp0s3: saddr:16783984: daddr:100932208
[  248.525830] AAAAA-TCP_FORW: name:enp0s3: saddr:100932208: daddr:16783984
[  248.611712] AAAAA-TCP_FORW: name:enp0s3: saddr:16783984: daddr:100932208
[  248.648281] AAAAA-TCP_FORW: name:enp0s3: saddr:100932208: daddr:33561200
[  248.721203] AAAAA-TCP_FORW: name:enp0s3: saddr:33561200: daddr:100932208
[  248.759955] AAAAA-TCP_FORW: name:enp0s3: saddr:100932208: daddr:33561200
[  248.887191] AAAAA-TCP_FORW: name:enp0s3: saddr:33561200: daddr:100932208
[  248.972088] AAAAA-TCP_FORW: name:enp0s3: saddr:100932208: daddr:16783984
[  248.990763] AAAAA-TCP_FORW: name:enp0s3: saddr:100932208: daddr:16783984
[  249.036338] AAAAA-TCP_FORW: name:enp0s3: saddr:16783984: daddr:100932208
[  249.155203] AAAAA-TCP_FORW: name:enp0s3: saddr:33561200: daddr:100932208
[  249.170944] AAAAA-TCP_FORW: name:enp0s3: saddr:100932208: daddr:33561200
[  249.246136] AAAAA-TCP_FORW: name:enp0s3: saddr:100932208: daddr:33561200
[  249.267350] AAAAA-TCP_FORW: name:enp0s3: saddr:100932208: daddr:16783984
[  249.294008] AAAAA-TCP_FORW: name:enp0s3: saddr:33561200: daddr:100932208
[  249.322304] AAAAA-TCP_FORW: name:enp0s3: saddr:100932208: daddr:33561200
[  249.366423] AAAAA-TCP_FORW: name:enp0s3: saddr:16783984: daddr:100932208
[  249.387035] AAAAA-TCP_FORW: name:enp0s3: saddr:100932208: daddr:16783984
[  249.424168] AAAAA-TCP_FORW: name:enp0s3: saddr:100932208: daddr:16783984
[  249.442463] AAAAA-TCP_FORW: name:enp0s3: saddr:100932208: daddr:33561200
[  249.464950] AAAAA-TCP_FORW: name:enp0s3: saddr:16783984: daddr:100932208
[  249.510076] AAAAA-TCP_FORW: name:enp0s3: saddr:100932208: daddr:33561200
[  249.537786] AAAAA-TCP_FORW: name:enp0s3: saddr:100932208: daddr:16783984
[  249.566268] AAAAA-TCP_FORW: name:enp0s3: saddr:16783984: daddr:100932208
[  249.603408] AAAAA-TCP_FORW: name:enp0s3: saddr:100932208: daddr:33561200
[  249.635754] AAAAA-TCP_FORW: name:enp0s3: saddr:100932208: daddr:16783984
[  249.685400] AAAAA-TCP_FORW: name:enp0s3: saddr:100932208: daddr:16783984
[  249.736717] AAAAA-TCP_FORW: name:enp0s3: saddr:100932208: daddr:33561200
[  249.771575] AAAAA-TCP_FORW: name:enp0s3: saddr:33561200: daddr:100932208
[  249.796527] AAAAA-TCP_FORW: name:enp0s3: saddr:100932208: daddr:33561200
[  249.841812] AAAAA-TCP_FORW: name:enp0s3: saddr:33561200: daddr:100932208
[  249.870005] AAAAA-TCP_FORW: name:enp0s3: saddr:100932208: daddr:16783984
[  249.952689] AAAAA-TCP_FORW: name:enp0s3: saddr:33561200: daddr:100932208
[  249.991988] AAAAA-TCP_FORW: name:enp0s3: saddr:100932208: daddr:33561200
[  250.038440] AAAAA-TCP_FORW: name:enp0s3: saddr:33561200: daddr:100932208
[  250.040583] AAAAA-TCP_FORW: name:enp0s3: saddr:100932208: daddr:16783984
[  250.077266] AAAAA-TCP_FORW: name:enp0s3: saddr:100932208: daddr:16783984
[  250.133261] AAAAA-TCP_FORW: name:enp0s3: saddr:16783984: daddr:100932208
[  250.149631] AAAAA-TCP_FORW: name:enp0s3: saddr:100932208: daddr:33561200
[  250.167167] AAAAA-TCP_FORW: name:enp0s3: saddr:100932208: daddr:33561200
[  250.200069] AAAAA-TCP_FORW: name:enp0s3: saddr:33561200: daddr:100932208
[  250.224971] AAAAA-TCP_FORW: name:enp0s3: saddr:100932208: daddr:16783984
[  250.273371] AAAAA-TCP_FORW: name:enp0s3: saddr:33561200: daddr:100932208
[  250.319672] AAAAA-TCP_FORW: name:enp0s3: saddr:100932208: daddr:33561200
[  250.349500] AAAAA-TCP_FORW: name:enp0s3: saddr:16783984: daddr:100932208
[  250.387897] AAAAA-TCP_FORW: name:enp0s3: saddr:100932208: daddr:33561200
[  250.423704] AAAAA-TCP_FORW: name:enp0s3: saddr:100932208: daddr:33561200
[  250.448981] AAAAA-TCP_FORW: name:enp0s3: saddr:16783984: daddr:100932208
[  250.477530] AAAAA-TCP_FORW: name:enp0s3: saddr:100932208: daddr:33561200
[  250.567505] AAAAA-TCP_FORW: name:enp0s3: saddr:33561200: daddr:100932208
[  250.688067] AAAAA-TCP_FORW: name:enp0s3: saddr:33561200: daddr:100932208
[  250.728267] AAAAA-TCP_FORW: name:enp0s3: saddr:100932208: daddr:33561200
[  250.792026] AAAAA-TCP_FORW: name:enp0s3: saddr:100932208: daddr:33561200
[  250.822974] AAAAA-TCP_FORW: name:enp0s3: saddr:16783984: daddr:100932208
[  250.862723] AAAAA-TCP_FORW: name:enp0s3: saddr:100932208: daddr:33561200
[  250.968534] AAAAA-TCP_FORW: name:enp0s3: saddr:16783984: daddr:100932208
[  250.988146] AAAAA-TCP_FORW: name:enp0s3: saddr:100932208: daddr:33561200
[  251.063400] AAAAA-TCP_FORW: name:enp0s3: saddr:33561200: daddr:100932208
[  251.110934] AAAAA-TCP_FORW: name:enp0s3: saddr:33561200: daddr:100932208
[  251.191249] AAAAA-TCP_FORW: name:enp0s3: saddr:16783984: daddr:100932208
[  251.261896] AAAAA-TCP_FORW: name:enp0s3: saddr:33561200: daddr:100932208
[  251.331822] AAAAA-TCP_FORW: name:enp0s3: saddr:16783984: daddr:100932208
[  251.381923] AAAAA-TCP_FORW: name:enp0s3: saddr:16783984: daddr:100932208
[  251.436089] AAAAA-TCP_FORW: name:enp0s3: saddr:33561200: daddr:100932208
[  251.494854] AAAAA-TCP_FORW: name:enp0s3: saddr:33561200: daddr:100932208
[  251.547858] AAAAA-TCP_FORW: name:enp0s3: saddr:16783984: daddr:100932208
[  251.611784] AAAAA-TCP_FORW: name:enp0s3: saddr:33561200: daddr:100932208
[  251.669121] AAAAA-TCP_FORW: name:enp0s3: saddr:16783984: daddr:100932208
[  251.724316] AAAAA-TCP_FORW: name:enp0s3: saddr:16783984: daddr:100932208
[  251.779355] AAAAA-TCP_FORW: name:enp0s3: saddr:33561200: daddr:100932208
[  251.831477] AAAAA-TCP_FORW: name:enp0s3: saddr:33561200: daddr:100932208
[  251.900168] AAAAA-TCP_FORW: name:enp0s3: saddr:16783984: daddr:100932208
[  251.966598] AAAAA-TCP_FORW: name:enp0s3: saddr:33561200: daddr:100932208
[  252.053391] AAAAA-TCP_FORW: name:enp0s3: saddr:16783984: daddr:100932208
[  252.111440] AAAAA-TCP_FORW: name:enp0s3: saddr:16783984: daddr:100932208
[  252.181471] AAAAA-TCP_FORW: name:enp0s3: saddr:33561200: daddr:100932208
[  252.262819] AAAAA-TCP_FORW: name:enp0s3: saddr:33561200: daddr:100932208
[  252.312037] AAAAA-TCP_FORW: name:enp0s3: saddr:16783984: daddr:100932208
[  252.383034] AAAAA-TCP_FORW: name:enp0s3: saddr:33561200: daddr:100932208
[  252.440255] AAAAA-TCP_FORW: name:enp0s3: saddr:33561200: daddr:100932208
[  252.500017] AAAAA-TCP_FORW: name:enp0s3: saddr:33561200: daddr:100932208
[  252.595930] AAAAA-TCP_FORW: name:enp0s3: saddr:33561200: daddr:100932208
[  252.678041] AAAAA-TCP_FORW: name:enp0s3: saddr:33561200: daddr:100932208
[  252.721780] AAAAA-TCP_FORW: name:enp0s3: saddr:33561200: daddr:100932208
[  252.846864] AAAAA-TCP_FORW: name:enp0s3: saddr:33561200: daddr:100932208
[  253.461328] AAAAA-TCP_FORW: name:enp0s3: saddr:100932208: daddr:33561200
[  253.612637] AAAAA-TCP_FORW: name:enp0s3: saddr:33561200: daddr:100932208
[  275.141893] AAAAA-TCP_FORW: name:enp0s3: saddr:100932208: daddr:16783984
[  275.199490] AAAAA-TCP_FORW: name:enp0s3: saddr:100932208: daddr:33561200
[  275.333726] AAAAA-TCP_FORW: name:enp0s3: saddr:100932208: daddr:16783984
[  275.395838] AAAAA-TCP_FORW: name:enp0s3: saddr:100932208: daddr:33561200
[  275.413917] AAAAA-TCP_FORW: name:enp0s3: saddr:16783984: daddr:100932208
[  275.461808] AAAAA-TCP_FORW: name:enp0s3: saddr:100932208: daddr:16783984
[  275.570941] AAAAA-TCP_FORW: name:enp0s3: saddr:100932208: daddr:33561200
[  275.666976] AAAAA-TCP_FORW: name:enp0s3: saddr:33561200: daddr:100932208
[  275.684652] AAAAA-TCP_FORW: name:enp0s3: saddr:100932208: daddr:16783984
[  275.854386] AAAAA-TCP_FORW: name:enp0s3: saddr:16783984: daddr:100932208
[  275.873998] AAAAA-TCP_FORW: name:enp0s3: saddr:100932208: daddr:33561200
[  275.876244] AAAAA-TCP_FORW: name:enp0s3: saddr:100932208: daddr:16783984
[  275.954729] AAAAA-TCP_FORW: name:enp0s3: saddr:100932208: daddr:33561200
[  275.967896] AAAAA-TCP_FORW: name:enp0s3: saddr:33561200: daddr:100932208
[  275.985948] AAAAA-TCP_FORW: name:enp0s3: saddr:100932208: daddr:16783984
[  276.059057] AAAAA-TCP_FORW: name:enp0s3: saddr:100932208: daddr:33561200
[  276.137040] AAAAA-TCP_FORW: name:enp0s3: saddr:100932208: daddr:16783984
[  276.212795] AAAAA-TCP_FORW: name:enp0s3: saddr:100932208: daddr:33561200
[  276.231027] AAAAA-TCP_FORW: name:enp0s3: saddr:16783984: daddr:100932208
[  276.251682] AAAAA-TCP_FORW: name:enp0s3: saddr:100932208: daddr:16783984
[  276.313515] AAAAA-TCP_FORW: name:enp0s3: saddr:100932208: daddr:33561200
[  276.365291] AAAAA-TCP_FORW: name:enp0s3: saddr:33561200: daddr:100932208
[  276.377322] AAAAA-TCP_FORW: name:enp0s3: saddr:100932208: daddr:16783984
[  276.431087] AAAAA-TCP_FORW: name:enp0s3: saddr:100932208: daddr:33561200
[  276.476829] AAAAA-TCP_FORW: name:enp0s3: saddr:100932208: daddr:16783984
[  276.575505] AAAAA-TCP_FORW: name:enp0s3: saddr:100932208: daddr:33561200
[  276.665910] AAAAA-TCP_FORW: name:enp0s3: saddr:100932208: daddr:16783984
[  276.740047] AAAAA-TCP_FORW: name:enp0s3: saddr:16783984: daddr:100932208
[  276.759899] AAAAA-TCP_FORW: name:enp0s3: saddr:100932208: daddr:33561200
[  276.804135] AAAAA-TCP_FORW: name:enp0s3: saddr:100932208: daddr:16783984
[  276.882144] AAAAA-TCP_FORW: name:enp0s3: saddr:100932208: daddr:33561200
[  276.940488] AAAAA-TCP_FORW: name:enp0s3: saddr:100932208: daddr:16783984
[  276.958632] AAAAA-TCP_FORW: name:enp0s3: saddr:33561200: daddr:100932208
[  276.995789] AAAAA-TCP_FORW: name:enp0s3: saddr:16783984: daddr:100932208
[  277.012119] AAAAA-TCP_FORW: name:enp0s3: saddr:100932208: daddr:33561200
[  277.090047] AAAAA-TCP_FORW: name:enp0s3: saddr:100932208: daddr:16783984
[  277.132738] AAAAA-TCP_FORW: name:enp0s3: saddr:100932208: daddr:33561200
[  277.188591] AAAAA-TCP_FORW: name:enp0s3: saddr:33561200: daddr:100932208
[  277.232402] AAAAA-TCP_FORW: name:enp0s3: saddr:100932208: daddr:16783984
[  277.566195] AAAAA-TCP_FORW: name:enp0s3: saddr:100932208: daddr:16783984
[  277.595571] AAAAA-TCP_FORW: name:enp0s3: saddr:16783984: daddr:100932208
[  277.613481] AAAAA-TCP_FORW: name:enp0s3: saddr:100932208: daddr:16783984
[  277.654189] AAAAA-TCP_FORW: name:enp0s3: saddr:100932208: daddr:33561200
[  277.696506] AAAAA-TCP_FORW: name:enp0s3: saddr:100932208: daddr:33561200
[  277.766571] AAAAA-TCP_FORW: name:enp0s3: saddr:100932208: daddr:16783984
[  277.785883] AAAAA-TCP_FORW: name:enp0s3: saddr:33561200: daddr:100932208
[  277.844337] AAAAA-TCP_FORW: name:enp0s3: saddr:100932208: daddr:16783984
[  277.922712] AAAAA-TCP_FORW: name:enp0s3: saddr:100932208: daddr:33561200
[  277.944573] AAAAA-TCP_FORW: name:enp0s3: saddr:16783984: daddr:100932208
[  277.969481] AAAAA-TCP_FORW: name:enp0s3: saddr:100932208: daddr:33561200
[  278.150658] AAAAA-TCP_FORW: name:enp0s3: saddr:33561200: daddr:100932208
[  278.301894] AAAAA-TCP_FORW: name:enp0s3: saddr:100932208: daddr:16783984
[  278.341579] AAAAA-TCP_FORW: name:enp0s3: saddr:100932208: daddr:16783984
[  278.370112] AAAAA-TCP_FORW: name:enp0s3: saddr:16783984: daddr:100932208
[  278.397879] AAAAA-TCP_FORW: name:enp0s3: saddr:33561200: daddr:100932208
[  278.461689] AAAAA-TCP_FORW: name:enp0s3: saddr:100932208: daddr:33561200
[  278.534575] AAAAA-TCP_FORW: name:enp0s3: saddr:100932208: daddr:33561200
[  278.710535] AAAAA-TCP_FORW: name:enp0s3: saddr:16783984: daddr:100932208
[  278.847948] AAAAA-TCP_FORW: name:enp0s3: saddr:33561200: daddr:100932208
[  278.871776] AAAAA-TCP_FORW: name:enp0s3: saddr:16783984: daddr:100932208
[  278.954944] AAAAA-TCP_FORW: name:enp0s3: saddr:100932208: daddr:16783984
[  279.263209] AAAAA-TCP_FORW: name:enp0s3: saddr:33561200: daddr:100932208
[  279.354400] AAAAA-TCP_FORW: name:enp0s3: saddr:100932208: daddr:33561200
[  279.377430] AAAAA-TCP_FORW: name:enp0s3: saddr:16783984: daddr:100932208
[  279.421599] AAAAA-TCP_FORW: name:enp0s3: saddr:100932208: daddr:33561200
[  279.491225] AAAAA-TCP_FORW: name:enp0s3: saddr:100932208: daddr:16783984
[  279.566270] AAAAA-TCP_FORW: name:enp0s3: saddr:100932208: daddr:16783984
[  279.692119] AAAAA-TCP_FORW: name:enp0s3: saddr:33561200: daddr:100932208
[  279.829454] AAAAA-TCP_FORW: name:enp0s3: saddr:100932208: daddr:33561200
[  279.870034] AAAAA-TCP_FORW: name:enp0s3: saddr:16783984: daddr:100932208
[  279.883620] AAAAA-TCP_FORW: name:enp0s3: saddr:100932208: daddr:33561200
[  279.941638] AAAAA-TCP_FORW: name:enp0s3: saddr:33561200: daddr:100932208
[  280.053703] AAAAA-TCP_FORW: name:enp0s3: saddr:100932208: daddr:16783984
[  280.081439] AAAAA-TCP_FORW: name:enp0s3: saddr:16783984: daddr:100932208
[  280.429501] AAAAA-TCP_FORW: name:enp0s3: saddr:33561200: daddr:100932208
[  280.448406] AAAAA-TCP_FORW: name:enp0s3: saddr:100932208: daddr:16783984
[  280.497149] AAAAA-TCP_FORW: name:enp0s3: saddr:16783984: daddr:100932208
[  280.500254] AAAAA-TCP_FORW: name:enp0s3: saddr:100932208: daddr:16783984
[  280.538040] AAAAA-TCP_FORW: name:enp0s3: saddr:100932208: daddr:33561200
[  280.617701] AAAAA-TCP_FORW: name:enp0s3: saddr:100932208: daddr:33561200
[  280.646578] AAAAA-TCP_FORW: name:enp0s3: saddr:33561200: daddr:100932208
[  280.721200] AAAAA-TCP_FORW: name:enp0s3: saddr:100932208: daddr:33561200
[  280.813104] AAAAA-TCP_FORW: name:enp0s3: saddr:100932208: daddr:33561200
[  280.878018] AAAAA-TCP_FORW: name:enp0s3: saddr:16783984: daddr:100932208
[  280.887108] AAAAA-TCP_FORW: name:enp0s3: saddr:100932208: daddr:16783984
[  280.985310] AAAAA-TCP_FORW: name:enp0s3: saddr:100932208: daddr:16783984
[  281.004578] AAAAA-TCP_FORW: name:enp0s3: saddr:16783984: daddr:100932208
[  281.031559] AAAAA-TCP_FORW: name:enp0s3: saddr:100932208: daddr:16783984
[  281.150238] AAAAA-TCP_FORW: name:enp0s3: saddr:100932208: daddr:33561200
[  281.245302] AAAAA-TCP_FORW: name:enp0s3: saddr:100932208: daddr:33561200
[  281.290890] AAAAA-TCP_FORW: name:enp0s3: saddr:100932208: daddr:33561200
[  281.342317] AAAAA-TCP_FORW: name:enp0s3: saddr:16783984: daddr:100932208
[  281.353047] AAAAA-TCP_FORW: name:enp0s3: saddr:100932208: daddr:33561200
[  281.373632] AAAAA-TCP_FORW: name:enp0s3: saddr:33561200: daddr:100932208
[  281.451067] AAAAA-TCP_FORW: name:enp0s3: saddr:100932208: daddr:16783984
[  281.498370] AAAAA-TCP_FORW: name:enp0s3: saddr:100932208: daddr:33561200
[  281.562373] AAAAA-TCP_FORW: name:enp0s3: saddr:33561200: daddr:100932208
[  281.623693] AAAAA-TCP_FORW: name:enp0s3: saddr:16783984: daddr:100932208
[  281.649708] AAAAA-TCP_FORW: name:enp0s3: saddr:100932208: daddr:16783984
[  281.753732] AAAAA-TCP_FORW: name:enp0s3: saddr:100932208: daddr:16783984
[  281.826258] AAAAA-TCP_FORW: name:enp0s3: saddr:16783984: daddr:100932208
[  281.921409] AAAAA-TCP_FORW: name:enp0s3: saddr:100932208: daddr:33561200
[  281.941215] AAAAA-TCP_FORW: name:enp0s3: saddr:33561200: daddr:100932208
[  281.976753] AAAAA-TCP_FORW: name:enp0s3: saddr:100932208: daddr:33561200
[  282.065416] AAAAA-TCP_FORW: name:enp0s3: saddr:100932208: daddr:16783984
[  282.115627] AAAAA-TCP_FORW: name:enp0s3: saddr:16783984: daddr:100932208
[  282.161650] AAAAA-TCP_FORW: name:enp0s3: saddr:100932208: daddr:33561200
[  282.197930] AAAAA-TCP_FORW: name:enp0s3: saddr:16783984: daddr:100932208
[  282.269151] AAAAA-TCP_FORW: name:enp0s3: saddr:100932208: daddr:16783984
[  282.313034] AAAAA-TCP_FORW: name:enp0s3: saddr:100932208: daddr:16783984
[  282.334520] AAAAA-TCP_FORW: name:enp0s3: saddr:33561200: daddr:100932208
[  282.358018] AAAAA-TCP_FORW: name:enp0s3: saddr:33561200: daddr:100932208
[  282.379234] AAAAA-TCP_FORW: name:enp0s3: saddr:100932208: daddr:33561200
[  282.426901] AAAAA-TCP_FORW: name:enp0s3: saddr:100932208: daddr:33561200
[  282.498115] AAAAA-TCP_FORW: name:enp0s3: saddr:100932208: daddr:16783984
[  282.587389] AAAAA-TCP_FORW: name:enp0s3: saddr:16783984: daddr:100932208
[  282.661555] AAAAA-TCP_FORW: name:enp0s3: saddr:100932208: daddr:33561200
[  282.764241] AAAAA-TCP_FORW: name:enp0s3: saddr:33561200: daddr:100932208
[  282.780291] AAAAA-TCP_FORW: name:enp0s3: saddr:100932208: daddr:16783984
[  282.830233] AAAAA-TCP_FORW: name:enp0s3: saddr:33561200: daddr:100932208
[  282.864212] AAAAA-TCP_FORW: name:enp0s3: saddr:100932208: daddr:16783984
[  282.894614] AAAAA-TCP_FORW: name:enp0s3: saddr:16783984: daddr:100932208
[  282.910983] AAAAA-TCP_FORW: name:enp0s3: saddr:100932208: daddr:16783984
[  282.990429] AAAAA-TCP_FORW: name:enp0s3: saddr:16783984: daddr:100932208
[  283.033061] AAAAA-TCP_FORW: name:enp0s3: saddr:33561200: daddr:100932208
[  283.191039] AAAAA-TCP_FORW: name:enp0s3: saddr:100932208: daddr:16783984
[  283.211625] AAAAA-TCP_FORW: name:enp0s3: saddr:33561200: daddr:100932208
[  283.273789] AAAAA-TCP_FORW: name:enp0s3: saddr:16783984: daddr:100932208
[  283.331317] AAAAA-TCP_FORW: name:enp0s3: saddr:100932208: daddr:33561200
[  283.386713] AAAAA-TCP_FORW: name:enp0s3: saddr:100932208: daddr:33561200
[  283.439393] AAAAA-TCP_FORW: name:enp0s3: saddr:100932208: daddr:16783984
[  283.478943] AAAAA-TCP_FORW: name:enp0s3: saddr:16783984: daddr:100932208
[  283.542794] AAAAA-TCP_FORW: name:enp0s3: saddr:100932208: daddr:33561200
[  283.661697] AAAAA-TCP_FORW: name:enp0s3: saddr:16783984: daddr:100932208
[  283.676092] AAAAA-TCP_FORW: name:enp0s3: saddr:33561200: daddr:100932208
[  283.708821] AAAAA-TCP_FORW: name:enp0s3: saddr:100932208: daddr:16783984
[  283.774713] AAAAA-TCP_FORW: name:enp0s3: saddr:33561200: daddr:100932208
[  283.812139] AAAAA-TCP_FORW: name:enp0s3: saddr:100932208: daddr:16783984
[  283.830984] AAAAA-TCP_FORW: name:enp0s3: saddr:33561200: daddr:100932208
[  283.971433] AAAAA-TCP_FORW: name:enp0s3: saddr:100932208: daddr:33561200
[  283.996689] AAAAA-TCP_FORW: name:enp0s3: saddr:33561200: daddr:100932208
[  284.031908] AAAAA-TCP_FORW: name:enp0s3: saddr:16783984: daddr:100932208
[  284.111636] AAAAA-TCP_FORW: name:enp0s3: saddr:16783984: daddr:100932208
[  284.205297] AAAAA-TCP_FORW: name:enp0s3: saddr:16783984: daddr:100932208
[  284.264435] AAAAA-TCP_FORW: name:enp0s3: saddr:100932208: daddr:33561200
[  284.307522] AAAAA-TCP_FORW: name:enp0s3: saddr:33561200: daddr:100932208
[  284.380130] AAAAA-TCP_FORW: name:enp0s3: saddr:33561200: daddr:100932208
[  284.469087] AAAAA-TCP_FORW: name:enp0s3: saddr:100932208: daddr:16783984
[  284.478990] AAAAA-TCP_FORW: name:enp0s3: saddr:33561200: daddr:100932208
[  284.549626] AAAAA-TCP_FORW: name:enp0s3: saddr:100932208: daddr:33561200
[  284.596713] AAAAA-TCP_FORW: name:enp0s3: saddr:33561200: daddr:100932208
[  284.687029] AAAAA-TCP_FORW: name:enp0s3: saddr:100932208: daddr:33561200
[  284.694406] AAAAA-TCP_FORW: name:enp0s3: saddr:16783984: daddr:100932208
[  284.727875] AAAAA-TCP_FORW: name:enp0s3: saddr:33561200: daddr:100932208
[  284.740388] AAAAA-TCP_FORW: name:enp0s3: saddr:100932208: daddr:16783984
[  284.950338] AAAAA-TCP_FORW: name:enp0s3: saddr:16783984: daddr:100932208
[  285.043001] AAAAA-TCP_FORW: name:enp0s3: saddr:16783984: daddr:100932208
[  285.099786] AAAAA-TCP_FORW: name:enp0s3: saddr:33561200: daddr:100932208
[  285.144842] AAAAA-TCP_FORW: name:enp0s3: saddr:100932208: daddr:33561200
[  285.195353] AAAAA-TCP_FORW: name:enp0s3: saddr:33561200: daddr:100932208
[  285.275262] AAAAA-TCP_FORW: name:enp0s3: saddr:16783984: daddr:100932208
[  285.304969] AAAAA-TCP_FORW: name:enp0s3: saddr:33561200: daddr:100932208
[  285.374916] AAAAA-TCP_FORW: name:enp0s3: saddr:16783984: daddr:100932208
[  285.455140] AAAAA-TCP_FORW: name:enp0s3: saddr:16783984: daddr:100932208
[  285.573618] AAAAA-TCP_FORW: name:enp0s3: saddr:33561200: daddr:100932208
[  285.658306] AAAAA-TCP_FORW: name:enp0s3: saddr:33561200: daddr:100932208
[  285.696473] AAAAA-TCP_FORW: name:enp0s3: saddr:16783984: daddr:100932208
[  285.794142] AAAAA-TCP_FORW: name:enp0s3: saddr:33561200: daddr:100932208
[  285.830145] AAAAA-TCP_FORW: name:enp0s3: saddr:16783984: daddr:100932208
[  285.918203] AAAAA-TCP_FORW: name:enp0s3: saddr:16783984: daddr:100932208
[  285.991240] AAAAA-TCP_FORW: name:enp0s3: saddr:16783984: daddr:100932208
[  286.077395] AAAAA-TCP_FORW: name:enp0s3: saddr:16783984: daddr:100932208
[  286.178749] AAAAA-TCP_FORW: name:enp0s3: saddr:33561200: daddr:100932208
[  286.234364] AAAAA-TCP_FORW: name:enp0s3: saddr:33561200: daddr:100932208
[  286.363510] AAAAA-TCP_FORW: name:enp0s3: saddr:16783984: daddr:100932208
[  286.393334] AAAAA-TCP_FORW: name:enp0s3: saddr:33561200: daddr:100932208
[  286.483534] AAAAA-TCP_FORW: name:enp0s3: saddr:16783984: daddr:100932208
[  286.547551] AAAAA-TCP_FORW: name:enp0s3: saddr:16783984: daddr:100932208
[  286.615708] AAAAA-TCP_FORW: name:enp0s3: saddr:33561200: daddr:100932208
[  286.649077] AAAAA-TCP_FORW: name:enp0s3: saddr:33561200: daddr:100932208
[  286.683150] AAAAA-TCP_FORW: name:enp0s3: saddr:16783984: daddr:100932208
[  286.713172] AAAAA-TCP_FORW: name:enp0s3: saddr:33561200: daddr:100932208
[  286.733114] AAAAA-TCP_FORW: name:enp0s3: saddr:33561200: daddr:100932208
[  286.783816] AAAAA-TCP_FORW: name:enp0s3: saddr:16783984: daddr:100932208
[  286.814198] AAAAA-TCP_FORW: name:enp0s3: saddr:33561200: daddr:100932208
[  307.641404] AAAAA-TCP_FORW: name:enp0s3: saddr:100932208: daddr:16783984
[  307.732255] AAAAA-TCP_FORW: name:enp0s3: saddr:100932208: daddr:33561200
[  307.772925] AAAAA-TCP_FORW: name:enp0s3: saddr:100932208: daddr:16783984
[  307.852975] AAAAA-TCP_FORW: name:enp0s3: saddr:100932208: daddr:33561200
[  307.902109] AAAAA-TCP_FORW: name:enp0s3: saddr:100932208: daddr:16783984
[  307.958914] AAAAA-TCP_FORW: name:enp0s3: saddr:100932208: daddr:33561200
[  307.999635] AAAAA-TCP_FORW: name:enp0s3: saddr:100932208: daddr:16783984
[  308.105641] AAAAA-TCP_FORW: name:enp0s3: saddr:100932208: daddr:33561200
[  308.146500] AAAAA-TCP_FORW: name:enp0s3: saddr:100932208: daddr:16783984
[  308.194694] AAAAA-TCP_FORW: name:enp0s3: saddr:100932208: daddr:33561200
[  308.220041] AAAAA-TCP_FORW: name:enp0s3: saddr:100932208: daddr:16783984
[  308.261256] AAAAA-TCP_FORW: name:enp0s3: saddr:100932208: daddr:33561200
[  308.309897] AAAAA-TCP_FORW: name:enp0s3: saddr:100932208: daddr:16783984
[  308.372483] AAAAA-TCP_FORW: name:enp0s3: saddr:100932208: daddr:33561200
[  308.413565] AAAAA-TCP_FORW: name:enp0s3: saddr:100932208: daddr:16783984
[  308.497990] AAAAA-TCP_FORW: name:enp0s3: saddr:100932208: daddr:33561200
[  308.553989] AAAAA-TCP_FORW: name:enp0s3: saddr:100932208: daddr:16783984
[  308.663557] AAAAA-TCP_FORW: name:enp0s3: saddr:100932208: daddr:33561200
[  308.727750] AAAAA-TCP_FORW: name:enp0s3: saddr:100932208: daddr:16783984
[  308.779221] AAAAA-TCP_FORW: name:enp0s3: saddr:100932208: daddr:33561200
[  308.830077] AAAAA-TCP_FORW: name:enp0s3: saddr:100932208: daddr:16783984
[  308.926402] AAAAA-TCP_FORW: name:enp0s3: saddr:100932208: daddr:33561200
[  309.056131] AAAAA-TCP_FORW: name:enp0s3: saddr:100932208: daddr:16783984
[  309.107823] AAAAA-TCP_FORW: name:enp0s3: saddr:100932208: daddr:33561200
[  309.197077] AAAAA-TCP_FORW: name:enp0s3: saddr:100932208: daddr:16783984
[  309.265100] AAAAA-TCP_FORW: name:enp0s3: saddr:100932208: daddr:33561200
[  309.331580] AAAAA-TCP_FORW: name:enp0s3: saddr:100932208: daddr:16783984
[  309.444155] AAAAA-TCP_FORW: name:enp0s3: saddr:100932208: daddr:33561200
[  309.495635] AAAAA-TCP_FORW: name:enp0s3: saddr:100932208: daddr:16783984
[  311.403047] AAAAA-TCP_FORW: name:enp0s3: saddr:16783984: daddr:100932208
[  311.457788] AAAAA-TCP_FORW: name:enp0s3: saddr:100932208: daddr:16783984
[  311.531405] AAAAA-TCP_FORW: name:enp0s3: saddr:100932208: daddr:16783984
[  312.127114] AAAAA-TCP_FORW: name:enp0s3: saddr:33561200: daddr:100932208
[  312.194542] AAAAA-TCP_FORW: name:enp0s3: saddr:100932208: daddr:33561200
[  312.340832] AAAAA-TCP_FORW: name:enp0s3: saddr:100932208: daddr:33561200
[  312.358702] AAAAA-TCP_FORW: name:enp0s3: saddr:16783984: daddr:100932208
[  312.360802] AAAAA-TCP_FORW: name:enp0s3: saddr:100932208: daddr:33561200
[  312.409416] AAAAA-TCP_FORW: name:enp0s3: saddr:100932208: daddr:33561200
[  312.444542] AAAAA-TCP_FORW: name:enp0s3: saddr:33561200: daddr:100932208
[  312.533242] AAAAA-TCP_FORW: name:enp0s3: saddr:16783984: daddr:100932208
[  312.548460] AAAAA-TCP_FORW: name:enp0s3: saddr:100932208: daddr:16783984
[  312.603662] AAAAA-TCP_FORW: name:enp0s3: saddr:100932208: daddr:16783984
[  312.662011] AAAAA-TCP_FORW: name:enp0s3: saddr:100932208: daddr:16783984
[  312.718778] AAAAA-TCP_FORW: name:enp0s3: saddr:100932208: daddr:16783984
[  312.758365] AAAAA-TCP_FORW: name:enp0s3: saddr:33561200: daddr:100932208
[  312.876263] AAAAA-TCP_FORW: name:enp0s3: saddr:100932208: daddr:33561200
[  312.915959] AAAAA-TCP_FORW: name:enp0s3: saddr:100932208: daddr:33561200
[  312.939169] AAAAA-TCP_FORW: name:enp0s3: saddr:33561200: daddr:100932208
[  312.942086] AAAAA-TCP_FORW: name:enp0s3: saddr:16783984: daddr:100932208
[  312.967262] AAAAA-TCP_FORW: name:enp0s3: saddr:100932208: daddr:16783984
[  313.024723] AAAAA-TCP_FORW: name:enp0s3: saddr:33561200: daddr:100932208
[  313.040822] AAAAA-TCP_FORW: name:enp0s3: saddr:100932208: daddr:16783984
[  313.075013] AAAAA-TCP_FORW: name:enp0s3: saddr:16783984: daddr:100932208
[  313.110988] AAAAA-TCP_FORW: name:enp0s3: saddr:33561200: daddr:100932208
[  313.264761] AAAAA-TCP_FORW: name:enp0s3: saddr:16783984: daddr:100932208
[  313.353723] AAAAA-TCP_FORW: name:enp0s3: saddr:100932208: daddr:33561200
[  313.376130] AAAAA-TCP_FORW: name:enp0s3: saddr:33561200: daddr:100932208
[  313.420133] AAAAA-TCP_FORW: name:enp0s3: saddr:100932208: daddr:33561200
[  313.441650] AAAAA-TCP_FORW: name:enp0s3: saddr:16783984: daddr:100932208
[  313.482515] AAAAA-TCP_FORW: name:enp0s3: saddr:33561200: daddr:100932208
[  313.564473] AAAAA-TCP_FORW: name:enp0s3: saddr:16783984: daddr:100932208
[  313.630059] AAAAA-TCP_FORW: name:enp0s3: saddr:100932208: daddr:33561200
[  313.668999] AAAAA-TCP_FORW: name:enp0s3: saddr:33561200: daddr:100932208
[  313.687847] AAAAA-TCP_FORW: name:enp0s3: saddr:100932208: daddr:33561200
[  313.717554] AAAAA-TCP_FORW: name:enp0s3: saddr:16783984: daddr:100932208
[  313.763575] AAAAA-TCP_FORW: name:enp0s3: saddr:100932208: daddr:16783984
[  313.796139] AAAAA-TCP_FORW: name:enp0s3: saddr:16783984: daddr:100932208
[  313.823818] AAAAA-TCP_FORW: name:enp0s3: saddr:100932208: daddr:16783984
[  313.938324] AAAAA-TCP_FORW: name:enp0s3: saddr:100932208: daddr:16783984
[  314.010664] AAAAA-TCP_FORW: name:enp0s3: saddr:100932208: daddr:16783984
[  314.028263] AAAAA-TCP_FORW: name:enp0s3: saddr:33561200: daddr:100932208
[  314.118895] AAAAA-TCP_FORW: name:enp0s3: saddr:100932208: daddr:33561200
[  314.202295] AAAAA-TCP_FORW: name:enp0s3: saddr:100932208: daddr:33561200
[  314.220790] AAAAA-TCP_FORW: name:enp0s3: saddr:16783984: daddr:100932208
[  314.232328] AAAAA-TCP_FORW: name:enp0s3: saddr:100932208: daddr:16783984
[  314.283225] AAAAA-TCP_FORW: name:enp0s3: saddr:33561200: daddr:100932208
[  314.295262] AAAAA-TCP_FORW: name:enp0s3: saddr:100932208: daddr:16783984
[  314.392655] AAAAA-TCP_FORW: name:enp0s3: saddr:100932208: daddr:33561200
[  314.428289] AAAAA-TCP_FORW: name:enp0s3: saddr:16783984: daddr:100932208
[  314.453127] AAAAA-TCP_FORW: name:enp0s3: saddr:100932208: daddr:33561200
[  314.534563] AAAAA-TCP_FORW: name:enp0s3: saddr:100932208: daddr:16783984
[  314.551725] AAAAA-TCP_FORW: name:enp0s3: saddr:33561200: daddr:100932208
[  314.568827] AAAAA-TCP_FORW: name:enp0s3: saddr:100932208: daddr:16783984
[  314.697020] AAAAA-TCP_FORW: name:enp0s3: saddr:100932208: daddr:33561200
[  314.872504] AAAAA-TCP_FORW: name:enp0s3: saddr:100932208: daddr:16783984
[  314.989986] AAAAA-TCP_FORW: name:enp0s3: saddr:100932208: daddr:33561200
[  315.031238] AAAAA-TCP_FORW: name:enp0s3: saddr:100932208: daddr:33561200
[  315.126069] AAAAA-TCP_FORW: name:enp0s3: saddr:100932208: daddr:16783984
[  315.188141] AAAAA-TCP_FORW: name:enp0s3: saddr:100932208: daddr:16783984
[  315.232868] AAAAA-TCP_FORW: name:enp0s3: saddr:16783984: daddr:100932208
[  315.344115] AAAAA-TCP_FORW: name:enp0s3: saddr:100932208: daddr:33561200
[  315.425878] AAAAA-TCP_FORW: name:enp0s3: saddr:100932208: daddr:16783984
[  315.478263] AAAAA-TCP_FORW: name:enp0s3: saddr:16783984: daddr:100932208
[  315.506630] AAAAA-TCP_FORW: name:enp0s3: saddr:100932208: daddr:16783984
[  315.545683] AAAAA-TCP_FORW: name:enp0s3: saddr:100932208: daddr:16783984
[  315.996437] AAAAA-TCP_FORW: name:enp0s3: saddr:100932208: daddr:33561200
[  316.027333] AAAAA-TCP_FORW: name:enp0s3: saddr:33561200: daddr:100932208
[  316.118036] AAAAA-TCP_FORW: name:enp0s3: saddr:33561200: daddr:100932208
[  316.188566] AAAAA-TCP_FORW: name:enp0s3: saddr:33561200: daddr:100932208
[  316.256924] AAAAA-TCP_FORW: name:enp0s3: saddr:33561200: daddr:100932208
[  316.326691] AAAAA-TCP_FORW: name:enp0s3: saddr:100932208: daddr:16783984
[  316.458762] AAAAA-TCP_FORW: name:enp0s3: saddr:16783984: daddr:100932208
[  316.602028] AAAAA-TCP_FORW: name:enp0s3: saddr:16783984: daddr:100932208
[  316.618841] AAAAA-TCP_FORW: name:enp0s3: saddr:100932208: daddr:33561200
[  316.695899] AAAAA-TCP_FORW: name:enp0s3: saddr:100932208: daddr:16783984
[  316.735139] AAAAA-TCP_FORW: name:enp0s3: saddr:16783984: daddr:100932208
[  316.746746] AAAAA-TCP_FORW: name:enp0s3: saddr:100932208: daddr:16783984
[  316.824824] AAAAA-TCP_FORW: name:enp0s3: saddr:100932208: daddr:33561200
[  316.885872] AAAAA-TCP_FORW: name:enp0s3: saddr:16783984: daddr:100932208
[  317.086978] AAAAA-TCP_FORW: name:enp0s3: saddr:33561200: daddr:100932208
[  317.174183] AAAAA-TCP_FORW: name:enp0s3: saddr:100932208: daddr:16783984
[  317.192928] AAAAA-TCP_FORW: name:enp0s3: saddr:33561200: daddr:100932208
[  317.334733] AAAAA-TCP_FORW: name:enp0s3: saddr:100932208: daddr:16783984
[  317.414121] AAAAA-TCP_FORW: name:enp0s3: saddr:16783984: daddr:100932208
[  317.550015] AAAAA-TCP_FORW: name:enp0s3: saddr:16783984: daddr:100932208
[  317.686635] AAAAA-TCP_FORW: name:enp0s3: saddr:33561200: daddr:100932208
[  317.733398] AAAAA-TCP_FORW: name:enp0s3: saddr:100932208: daddr:33561200
[  317.776503] AAAAA-TCP_FORW: name:enp0s3: saddr:33561200: daddr:100932208
[  317.811501] AAAAA-TCP_FORW: name:enp0s3: saddr:100932208: daddr:33561200
[  318.029212] AAAAA-TCP_FORW: name:enp0s3: saddr:100932208: daddr:16783984
[  318.182168] AAAAA-TCP_FORW: name:enp0s3: saddr:33561200: daddr:100932208
[  318.195332] AAAAA-TCP_FORW: name:enp0s3: saddr:100932208: daddr:16783984
[  318.273151] AAAAA-TCP_FORW: name:enp0s3: saddr:33561200: daddr:100932208
[  318.476739] AAAAA-TCP_FORW: name:enp0s3: saddr:16783984: daddr:100932208
[  318.499751] AAAAA-TCP_FORW: name:enp0s3: saddr:100932208: daddr:16783984
[  318.624826] AAAAA-TCP_FORW: name:enp0s3: saddr:100932208: daddr:33561200
[  318.650071] AAAAA-TCP_FORW: name:enp0s3: saddr:16783984: daddr:100932208
[  318.692364] AAAAA-TCP_FORW: name:enp0s3: saddr:100932208: daddr:33561200
[  318.875965] AAAAA-TCP_FORW: name:enp0s3: saddr:16783984: daddr:100932208
[  318.902611] AAAAA-TCP_FORW: name:enp0s3: saddr:100932208: daddr:16783984
[  318.947437] AAAAA-TCP_FORW: name:enp0s3: saddr:16783984: daddr:100932208
[  319.316865] AAAAA-TCP_FORW: name:enp0s3: saddr:33561200: daddr:100932208
[  319.342112] AAAAA-TCP_FORW: name:enp0s3: saddr:100932208: daddr:33561200
[  319.398427] AAAAA-TCP_FORW: name:enp0s3: saddr:100932208: daddr:33561200
[  319.616709] AAAAA-TCP_FORW: name:enp0s3: saddr:33561200: daddr:100932208
[  319.721696] AAAAA-TCP_FORW: name:enp0s3: saddr:16783984: daddr:100932208
[  319.761129] AAAAA-TCP_FORW: name:enp0s3: saddr:100932208: daddr:16783984
[  319.869730] AAAAA-TCP_FORW: name:enp0s3: saddr:16783984: daddr:100932208
[  319.942612] AAAAA-TCP_FORW: name:enp0s3: saddr:100932208: daddr:16783984
[  319.957734] AAAAA-TCP_FORW: name:enp0s3: saddr:33561200: daddr:100932208
[  320.025962] AAAAA-TCP_FORW: name:enp0s3: saddr:33561200: daddr:100932208
[  320.163830] AAAAA-TCP_FORW: name:enp0s3: saddr:100932208: daddr:16783984
[  320.188197] AAAAA-TCP_FORW: name:enp0s3: saddr:16783984: daddr:100932208
[  320.291019] AAAAA-TCP_FORW: name:enp0s3: saddr:16783984: daddr:100932208
[  320.436561] AAAAA-TCP_FORW: name:enp0s3: saddr:33561200: daddr:100932208
[  320.463345] AAAAA-TCP_FORW: name:enp0s3: saddr:100932208: daddr:33561200
[  320.480330] AAAAA-TCP_FORW: name:enp0s3: saddr:16783984: daddr:100932208
[  320.517058] AAAAA-TCP_FORW: name:enp0s3: saddr:100932208: daddr:33561200
[  320.567154] AAAAA-TCP_FORW: name:enp0s3: saddr:33561200: daddr:100932208
[  320.642575] AAAAA-TCP_FORW: name:enp0s3: saddr:33561200: daddr:100932208
[  320.675656] AAAAA-TCP_FORW: name:enp0s3: saddr:100932208: daddr:16783984
[  320.692811] AAAAA-TCP_FORW: name:enp0s3: saddr:16783984: daddr:100932208
[  320.892576] AAAAA-TCP_FORW: name:enp0s3: saddr:16783984: daddr:100932208
[  320.924223] AAAAA-TCP_FORW: name:enp0s3: saddr:33561200: daddr:100932208
[  321.034978] AAAAA-TCP_FORW: name:enp0s3: saddr:100932208: daddr:16783984
[  321.064895] AAAAA-TCP_FORW: name:enp0s3: saddr:16783984: daddr:100932208
[  321.100572] AAAAA-TCP_FORW: name:enp0s3: saddr:16783984: daddr:100932208
[  321.157022] AAAAA-TCP_FORW: name:enp0s3: saddr:16783984: daddr:100932208
[  321.223022] AAAAA-TCP_FORW: name:enp0s3: saddr:33561200: daddr:100932208
[  321.407486] AAAAA-TCP_FORW: name:enp0s3: saddr:16783984: daddr:100932208
[  321.680383] AAAAA-TCP_FORW: name:enp0s3: saddr:33561200: daddr:100932208
[  321.785272] AAAAA-TCP_FORW: name:enp0s3: saddr:16783984: daddr:100932208
[  321.893199] AAAAA-TCP_FORW: name:enp0s3: saddr:16783984: daddr:100932208
[  322.057574] AAAAA-TCP_FORW: name:enp0s3: saddr:33561200: daddr:100932208
[  322.138782] AAAAA-TCP_FORW: name:enp0s3: saddr:16783984: daddr:100932208
[  322.317525] AAAAA-TCP_FORW: name:enp0s3: saddr:16783984: daddr:100932208
[  322.556014] AAAAA-TCP_FORW: name:enp0s3: saddr:33561200: daddr:100932208
[  322.650008] AAAAA-TCP_FORW: name:enp0s3: saddr:33561200: daddr:100932208
[  322.735451] AAAAA-TCP_FORW: name:enp0s3: saddr:16783984: daddr:100932208
[  322.772712] AAAAA-TCP_FORW: name:enp0s3: saddr:16783984: daddr:100932208
[  322.817476] AAAAA-TCP_FORW: name:enp0s3: saddr:16783984: daddr:100932208
[  322.993497] AAAAA-TCP_FORW: name:enp0s3: saddr:33561200: daddr:100932208
[  323.130283] AAAAA-TCP_FORW: name:enp0s3: saddr:33561200: daddr:100932208
[  323.205675] AAAAA-TCP_FORW: name:enp0s3: saddr:16783984: daddr:100932208
[  323.319380] AAAAA-TCP_FORW: name:enp0s3: saddr:33561200: daddr:100932208
[  323.364571] AAAAA-TCP_FORW: name:enp0s3: saddr:33561200: daddr:100932208
[  323.443112] AAAAA-TCP_FORW: name:enp0s3: saddr:16783984: daddr:100932208
[  323.476084] AAAAA-TCP_FORW: name:enp0s3: saddr:16783984: daddr:100932208
[  323.537377] AAAAA-TCP_FORW: name:enp0s3: saddr:16783984: daddr:100932208
[  323.592214] AAAAA-TCP_FORW: name:enp0s3: saddr:33561200: daddr:100932208
[  323.688115] AAAAA-TCP_FORW: name:enp0s3: saddr:33561200: daddr:100932208
[  323.726653] AAAAA-TCP_FORW: name:enp0s3: saddr:16783984: daddr:100932208
[  323.763867] AAAAA-TCP_FORW: name:enp0s3: saddr:16783984: daddr:100932208
[  340.415505] AAAAA-TCP_FORW: name:enp0s3: saddr:100932208: daddr:16783984
[  340.484700] AAAAA-TCP_FORW: name:enp0s3: saddr:100932208: daddr:33561200
[  340.542650] AAAAA-TCP_FORW: name:enp0s3: saddr:100932208: daddr:16783984
[  340.649124] AAAAA-TCP_FORW: name:enp0s3: saddr:100932208: daddr:33561200
[  340.759049] AAAAA-TCP_FORW: name:enp0s3: saddr:100932208: daddr:16783984
[  340.884722] AAAAA-TCP_FORW: name:enp0s3: saddr:100932208: daddr:33561200
[  340.941638] AAAAA-TCP_FORW: name:enp0s3: saddr:100932208: daddr:16783984
[  341.032498] AAAAA-TCP_FORW: name:enp0s3: saddr:100932208: daddr:33561200
[  341.131149] AAAAA-TCP_FORW: name:enp0s3: saddr:100932208: daddr:16783984
[  341.266143] AAAAA-TCP_FORW: name:enp0s3: saddr:100932208: daddr:33561200
[  341.368802] AAAAA-TCP_FORW: name:enp0s3: saddr:100932208: daddr:16783984
[  341.484619] AAAAA-TCP_FORW: name:enp0s3: saddr:100932208: daddr:33561200
[  341.617516] AAAAA-TCP_FORW: name:enp0s3: saddr:100932208: daddr:16783984
[  341.742590] AAAAA-TCP_FORW: name:enp0s3: saddr:100932208: daddr:33561200
[  341.880718] AAAAA-TCP_FORW: name:enp0s3: saddr:100932208: daddr:16783984
[  341.940480] AAAAA-TCP_FORW: name:enp0s3: saddr:100932208: daddr:33561200
[  342.037146] AAAAA-TCP_FORW: name:enp0s3: saddr:100932208: daddr:16783984
[  342.096681] AAAAA-TCP_FORW: name:enp0s3: saddr:100932208: daddr:33561200
[  342.142443] AAAAA-TCP_FORW: name:enp0s3: saddr:100932208: daddr:16783984
[  342.225653] AAAAA-TCP_FORW: name:enp0s3: saddr:100932208: daddr:33561200
[  342.301335] AAAAA-TCP_FORW: name:enp0s3: saddr:100932208: daddr:16783984
[  342.401243] AAAAA-TCP_FORW: name:enp0s3: saddr:100932208: daddr:33561200
[  342.501725] AAAAA-TCP_FORW: name:enp0s3: saddr:100932208: daddr:16783984
[  342.577957] AAAAA-TCP_FORW: name:enp0s3: saddr:100932208: daddr:33561200
[  342.667192] AAAAA-TCP_FORW: name:enp0s3: saddr:100932208: daddr:16783984
[  342.685932] AAAAA-TCP_FORW: name:enp0s3: saddr:100932208: daddr:33561200
[  342.734224] AAAAA-TCP_FORW: name:enp0s3: saddr:100932208: daddr:16783984
[  342.820289] AAAAA-TCP_FORW: name:enp0s3: saddr:100932208: daddr:16783984
[  344.831487] AAAAA-TCP_FORW: name:enp0s3: saddr:16783984: daddr:100932208
[  345.682857] AAAAA-TCP_FORW: name:enp0s3: saddr:33561200: daddr:100932208
