[    0.000000] Linux version 5.4.243-mptcp (root@ztg) (gcc version 12.2.0 (Debian 12.2.0-14+deb12u1)) #53 SMP Wed Dec 24 23:28:15 CST 2025
[    0.000000] Command line: BOOT_IMAGE=/boot/vmlinuz-5.4.243-mptcp root=UUID=98415a12-53b7-4144-8265-0f7ece09e445 ro quiet splash
[    0.000000] KERNEL supported cpus:
[    0.000000]   Intel GenuineIntel
[    0.000000]   AMD AuthenticAMD
[    0.000000]   Hygon HygonGenuine
[    0.000000]   Centaur CentaurHauls
[    0.000000]   zhaoxin   Shanghai  
[    0.000000] x86/fpu: Supporting XSAVE feature 0x001: 'x87 floating point registers'
[    0.000000] x86/fpu: Supporting XSAVE feature 0x002: 'SSE registers'
[    0.000000] x86/fpu: Supporting XSAVE feature 0x004: 'AVX registers'
[    0.000000] x86/fpu: xstate_offset[2]:  576, xstate_sizes[2]:  256
[    0.000000] x86/fpu: Enabled xstate features 0x7, context size is 832 bytes, using 'standard' format.
[    0.000000] BIOS-provided physical RAM map:
[    0.000000] BIOS-e820: [mem 0x0000000000000000-0x000000000009fbff] usable
[    0.000000] BIOS-e820: [mem 0x000000000009fc00-0x000000000009ffff] reserved
[    0.000000] BIOS-e820: [mem 0x00000000000f0000-0x00000000000fffff] reserved
[    0.000000] BIOS-e820: [mem 0x0000000000100000-0x000000007ffeffff] usable
[    0.000000] BIOS-e820: [mem 0x000000007fff0000-0x000000007fffffff] ACPI data
[    0.000000] BIOS-e820: [mem 0x00000000fec00000-0x00000000fec00fff] reserved
[    0.000000] BIOS-e820: [mem 0x00000000fee00000-0x00000000fee00fff] reserved
[    0.000000] BIOS-e820: [mem 0x00000000fffc0000-0x00000000ffffffff] reserved
[    0.000000] NX (Execute Disable) protection: active
[    0.000000] SMBIOS 2.5 present.
[    0.000000] DMI: innotek GmbH VirtualBox/VirtualBox, BIOS VirtualBox 12/01/2006
[    0.000000] Hypervisor detected: KVM
[    0.000000] kvm-clock: Using msrs 4b564d01 and 4b564d00
[    0.000000] kvm-clock: cpu 0, msr 23a01001, primary cpu clock
[    0.000000] kvm-clock: using sched offset of 4464393377 cycles
[    0.000003] clocksource: kvm-clock: mask: 0xffffffffffffffff max_cycles: 0x1cd42e4dffb, max_idle_ns: 881590591483 ns
[    0.000005] tsc: Detected 2100.000 MHz processor
[    0.001886] e820: update [mem 0x00000000-0x00000fff] usable ==> reserved
[    0.001888] e820: remove [mem 0x000a0000-0x000fffff] usable
[    0.001892] last_pfn = 0x7fff0 max_arch_pfn = 0x400000000
[    0.001959] MTRR default type: uncachable
[    0.001960] MTRR fixed ranges enabled:
[    0.001961]   00000-9FFFF write-back
[    0.001962]   A0000-BFFFF uncachable
[    0.001963]   C0000-FFFFF write-protect
[    0.001963] MTRR variable ranges enabled:
[    0.001965]   0 base 000000000000 mask 3FFF80000000 write-back
[    0.001965]   1 disabled
[    0.001966]   2 disabled
[    0.001966]   3 disabled
[    0.001966]   4 disabled
[    0.001967]   5 disabled
[    0.001967]   6 disabled
[    0.001968]   7 disabled
[    0.001968]   8 disabled
[    0.001969]   9 disabled
[    0.001969]   10 disabled
[    0.001969]   11 disabled
[    0.001970]   12 disabled
[    0.001970]   13 disabled
[    0.001971]   14 disabled
[    0.001971]   15 disabled
[    0.001988] x86/PAT: Configuration [0-7]: WB  WC  UC- UC  WB  WP  UC- WT  
[    0.002122] found SMP MP-table at [mem 0x0009fff0-0x0009ffff]
[    0.094449] check: Scanning 1 areas for low memory corruption
[    0.094677] RAMDISK: [mem 0x32271000-0x3512ffff]
[    0.094684] ACPI: Early table checksum verification disabled
[    0.094689] ACPI: RSDP 0x00000000000E0000 000024 (v02 VBOX  )
[    0.094694] ACPI: XSDT 0x000000007FFF0030 00003C (v01 VBOX   VBOXXSDT 00000001 ASL  00000061)
[    0.094700] ACPI: FACP 0x000000007FFF00F0 0000F4 (v04 VBOX   VBOXFACP 00000001 ASL  00000061)
[    0.094707] ACPI: DSDT 0x000000007FFF02E0 002353 (v02 VBOX   VBOXBIOS 00000002 VBOX 00029BF3)
[    0.094711] ACPI: FACS 0x000000007FFF0200 000040
[    0.094714] ACPI: FACS 0x000000007FFF0200 000040
[    0.094718] ACPI: APIC 0x000000007FFF0240 000054 (v02 VBOX   VBOXAPIC 00000001 ASL  00000061)
[    0.094721] ACPI: SSDT 0x000000007FFF02A0 000038 (v01 VBOX   VBOXCPUT 00000002 VBOX 00029BF3)
[    0.094724] ACPI: Reserving FACP table memory at [mem 0x7fff00f0-0x7fff01e3]
[    0.094725] ACPI: Reserving DSDT table memory at [mem 0x7fff02e0-0x7fff2632]
[    0.094726] ACPI: Reserving FACS table memory at [mem 0x7fff0200-0x7fff023f]
[    0.094727] ACPI: Reserving FACS table memory at [mem 0x7fff0200-0x7fff023f]
[    0.094727] ACPI: Reserving APIC table memory at [mem 0x7fff0240-0x7fff0293]
[    0.094728] ACPI: Reserving SSDT table memory at [mem 0x7fff02a0-0x7fff02d7]
[    0.094742] ACPI: Local APIC address 0xfee00000
[    0.094943] No NUMA configuration found
[    0.094944] Faking a node at [mem 0x0000000000000000-0x000000007ffeffff]
[    0.094955] NODE_DATA(0) allocated [mem 0x7ffc5000-0x7ffeffff]
[    0.095239] Zone ranges:
[    0.095240]   DMA      [mem 0x0000000000001000-0x0000000000ffffff]
[    0.095241]   DMA32    [mem 0x0000000001000000-0x000000007ffeffff]
[    0.095242]   Normal   empty
[    0.095243]   Device   empty
[    0.095243] Movable zone start for each node
[    0.095245] Early memory node ranges
[    0.095246]   node   0: [mem 0x0000000000001000-0x000000000009efff]
[    0.095247]   node   0: [mem 0x0000000000100000-0x000000007ffeffff]
[    0.095250] Zeroed struct page in unavailable ranges: 114 pages
[    0.095251] Initmem setup node 0 [mem 0x0000000000001000-0x000000007ffeffff]
[    0.095252] On node 0 totalpages: 524174
[    0.095254]   DMA zone: 64 pages used for memmap
[    0.095254]   DMA zone: 21 pages reserved
[    0.095255]   DMA zone: 3998 pages, LIFO batch:0
[    0.095327]   DMA32 zone: 8128 pages used for memmap
[    0.095327]   DMA32 zone: 520176 pages, LIFO batch:63
[    0.104403] ACPI: PM-Timer IO Port: 0x4008
[    0.104406] ACPI: Local APIC address 0xfee00000
[    0.104473] IOAPIC[0]: apic_id 1, version 32, address 0xfec00000, GSI 0-23
[    0.104476] ACPI: INT_SRC_OVR (bus 0 bus_irq 0 global_irq 2 dfl dfl)
[    0.104478] ACPI: INT_SRC_OVR (bus 0 bus_irq 9 global_irq 9 low level)
[    0.104480] ACPI: IRQ0 used by override.
[    0.104481] ACPI: IRQ9 used by override.
[    0.104484] Using ACPI (MADT) for SMP configuration information
[    0.104490] smpboot: Allowing 1 CPUs, 0 hotplug CPUs
[    0.104512] PM: Registered nosave memory: [mem 0x00000000-0x00000fff]
[    0.104514] PM: Registered nosave memory: [mem 0x0009f000-0x0009ffff]
[    0.104514] PM: Registered nosave memory: [mem 0x000a0000-0x000effff]
[    0.104515] PM: Registered nosave memory: [mem 0x000f0000-0x000fffff]
[    0.104517] [mem 0x80000000-0xfebfffff] available for PCI devices
[    0.104518] Booting paravirtualized kernel on KVM
[    0.104521] clocksource: refined-jiffies: mask: 0xffffffff max_cycles: 0xffffffff, max_idle_ns: 7645519600211568 ns
[    0.104526] setup_percpu: NR_CPUS:8192 nr_cpumask_bits:1 nr_cpu_ids:1 nr_node_ids:1
[    0.105549] percpu: Embedded 60 pages/cpu s208896 r8192 d28672 u2097152
[    0.105554] pcpu-alloc: s208896 r8192 d28672 u2097152 alloc=1*2097152
[    0.105555] pcpu-alloc: [0] 0 
[    0.105583] Built 1 zonelists, mobility grouping on.  Total pages: 515961
[    0.105584] Policy zone: DMA32
[    0.105585] Kernel command line: BOOT_IMAGE=/boot/vmlinuz-5.4.243-mptcp root=UUID=98415a12-53b7-4144-8265-0f7ece09e445 ro quiet splash
[    0.106438] Dentry cache hash table entries: 262144 (order: 9, 2097152 bytes, linear)
[    0.106708] Inode-cache hash table entries: 131072 (order: 8, 1048576 bytes, linear)
[    0.106759] mem auto-init: stack:off, heap alloc:on, heap free:off
[    0.106762] Calgary: detecting Calgary via BIOS EBDA area
[    0.106763] Calgary: Unable to locate Rio Grande table in EBDA - bailing!
[    0.110850] Memory: 1967332K/2096696K available (14339K kernel code, 2398K rwdata, 4712K rodata, 2728K init, 17260K bss, 129364K reserved, 0K cma-reserved)
[    0.111783] SLUB: HWalign=64, Order=0-3, MinObjects=0, CPUs=1, Nodes=1
[    0.111801] ftrace: allocating 43186 entries in 169 pages
[    0.129998] rcu: Hierarchical RCU implementation.
[    0.130000] rcu: 	RCU restricting CPUs from NR_CPUS=8192 to nr_cpu_ids=1.
[    0.130001] 	Tasks RCU enabled.
[    0.130002] rcu: RCU calculated value of scheduler-enlistment delay is 25 jiffies.
[    0.130003] rcu: Adjusting geometry for rcu_fanout_leaf=16, nr_cpu_ids=1
[    0.132974] NR_IRQS: 524544, nr_irqs: 256, preallocated irqs: 16
[    0.133188] random: crng init done
[    0.142725] Console: colour VGA+ 80x25
[    0.142730] printk: console [tty0] enabled
[    0.142752] ACPI: Core revision 20190816
[    0.142859] APIC: Switch to symmetric I/O mode setup
[    0.143116] x2apic enabled
[    0.143368] Switched APIC routing to physical x2apic.
[    0.144529] ..TIMER: vector=0x30 apic1=0 pin1=2 apic2=-1 pin2=-1
[    0.144554] clocksource: tsc-early: mask: 0xffffffffffffffff max_cycles: 0x1e4530a99b6, max_idle_ns: 440795257976 ns
[    0.144559] Calibrating delay loop (skipped) preset value.. 4200.00 BogoMIPS (lpj=8400000)
[    0.144562] pid_max: default: 32768 minimum: 301
[    0.144591] LSM: Security Framework initializing
[    0.144600] Yama: becoming mindful.
[    0.144627] AppArmor: AppArmor initialized
[    0.144660] Mount-cache hash table entries: 4096 (order: 3, 32768 bytes, linear)
[    0.144665] Mountpoint-cache hash table entries: 4096 (order: 3, 32768 bytes, linear)
[    0.144675] *** VALIDATE tmpfs ***
[    0.144803] *** VALIDATE proc ***
[    0.144842] *** VALIDATE cgroup1 ***
[    0.144844] *** VALIDATE cgroup2 ***
[    0.144982] process: using mwait in idle threads
[    0.144986] Last level iTLB entries: 4KB 64, 2MB 8, 4MB 8
[    0.144987] Last level dTLB entries: 4KB 64, 2MB 0, 4MB 0, 1GB 4
[    0.145007] Spectre V1 : Mitigation: usercopy/swapgs barriers and __user pointer sanitization
[    0.145012] Spectre V2 : Mitigation: Retpolines
[    0.145013] Spectre V2 : Spectre v2 / SpectreRSB mitigation: Filling RSB on context switch
[    0.145013] Spectre V2 : Spectre v2 / SpectreRSB : Filling RSB on VMEXIT
[    0.145014] RETBleed: WARNING: Spectre v2 mitigation leaves CPU vulnerable to RETBleed attacks, data leaks possible!
[    0.145368] RETBleed: Vulnerable
[    0.145368] Speculative Store Bypass: Vulnerable
[    0.145373] TAA: Mitigation: TSX disabled
[    0.145373] MMIO Stale Data: Mitigation: Clear CPU buffers
[    0.149669] Freeing SMP alternatives memory: 40K
[    0.261832] smpboot: CPU0: Intel(R) Xeon(R) Silver 4216 CPU @ 2.10GHz (family: 0x6, model: 0x55, stepping: 0x7)
[    0.261960] Performance Events: unsupported p6 CPU model 85 no PMU driver, software events only.
[    0.261994] rcu: Hierarchical SRCU implementation.
[    0.262467] NMI watchdog: Perf NMI watchdog permanently disabled
[    0.262506] smp: Bringing up secondary CPUs ...
[    0.262507] smp: Brought up 1 node, 1 CPU
[    0.262508] smpboot: Max logical packages: 1
[    0.262509] smpboot: Total of 1 processors activated (4200.00 BogoMIPS)
[    0.263481] devtmpfs: initialized
[    0.263526] x86/mm: Memory block size: 128MB
[    0.263868] clocksource: jiffies: mask: 0xffffffff max_cycles: 0xffffffff, max_idle_ns: 7645041785100000 ns
[    0.263873] futex hash table entries: 256 (order: 2, 16384 bytes, linear)
[    0.263916] pinctrl core: initialized pinctrl subsystem
[    0.264017] PM: RTC time: 17:18:02, date: 2026-01-16
[    0.264122] NET: Registered protocol family 16
[    0.264196] audit: initializing netlink subsys (disabled)
[    0.264322] EISA bus registered
[    0.264324] cpuidle: using governor ladder
[    0.264324] cpuidle: using governor menu
[    0.264360] ACPI: bus type PCI registered
[    0.264362] acpiphp: ACPI Hot Plug PCI Controller Driver version: 0.5
[    0.264466] PCI: Using configuration type 1 for base access
[    0.264844] audit: type=2000 audit(1768555088.968:1): state=initialized audit_enabled=0 res=1
[    0.264923] HugeTLB registered 2.00 MiB page size, pre-allocated 0 pages
[    0.265738] ACPI: Added _OSI(Module Device)
[    0.265739] ACPI: Added _OSI(Processor Device)
[    0.265740] ACPI: Added _OSI(3.0 _SCP Extensions)
[    0.265740] ACPI: Added _OSI(Processor Aggregator Device)
[    0.265741] ACPI: Added _OSI(Linux-Dell-Video)
[    0.265742] ACPI: Added _OSI(Linux-Lenovo-NV-HDMI-Audio)
[    0.265743] ACPI: Added _OSI(Linux-HPI-Hybrid-Graphics)
[    0.267695] ACPI: 2 ACPI AML tables successfully acquired and loaded
[    0.269219] ACPI: Interpreter enabled
[    0.269229] ACPI: (supports S0 S5)
[    0.269230] ACPI: Using IOAPIC for interrupt routing
[    0.269437] PCI: Using host bridge windows from ACPI; if necessary, use "pci=nocrs" and report a bug
[    0.269542] ACPI: Enabled 2 GPEs in block 00 to 07
[    0.275704] ACPI: PCI Root Bridge [PCI0] (domain 0000 [bus 00-ff])
[    0.275711] acpi PNP0A03:00: _OSC: OS supports [ASPM ClockPM Segments MSI HPX-Type3]
[    0.276400] acpi PNP0A03:00: _OSC: not requesting OS control; OS requires [ExtendedConfig ASPM ClockPM MSI]
[    0.276412] acpi PNP0A03:00: fail to add MMCONFIG information, can't access extended PCI configuration space under this bridge.
[    0.276846] PCI host bridge to bus 0000:00
[    0.276849] pci_bus 0000:00: root bus resource [io  0x0000-0x0cf7 window]
[    0.276850] pci_bus 0000:00: root bus resource [io  0x0d00-0xffff window]
[    0.276851] pci_bus 0000:00: root bus resource [mem 0x000a0000-0x000bffff window]
[    0.276852] pci_bus 0000:00: root bus resource [mem 0x80000000-0xfdffffff window]
[    0.276854] pci_bus 0000:00: root bus resource [bus 00-ff]
[    0.276897] pci 0000:00:00.0: [8086:1237] type 00 class 0x060000
[    0.277848] pci 0000:00:01.0: [8086:7000] type 00 class 0x060100
[    0.278620] pci 0000:00:01.1: [8086:7111] type 00 class 0x01018a
[    0.278995] pci 0000:00:01.1: reg 0x20: [io  0xd000-0xd00f]
[    0.279163] pci 0000:00:01.1: legacy IDE quirk: reg 0x10: [io  0x01f0-0x01f7]
[    0.279164] pci 0000:00:01.1: legacy IDE quirk: reg 0x14: [io  0x03f6]
[    0.279165] pci 0000:00:01.1: legacy IDE quirk: reg 0x18: [io  0x0170-0x0177]
[    0.279166] pci 0000:00:01.1: legacy IDE quirk: reg 0x1c: [io  0x0376]
[    0.279707] pci 0000:00:02.0: [15ad:0405] type 00 class 0x030000
[    0.282582] pci 0000:00:02.0: reg 0x10: [io  0xd010-0xd01f]
[    0.286515] pci 0000:00:02.0: reg 0x14: [mem 0xe0000000-0xe7ffffff pref]
[    0.288603] pci 0000:00:02.0: reg 0x18: [mem 0xf0000000-0xf01fffff]
[    0.299152] pci 0000:00:03.0: [1022:2000] type 00 class 0x020000
[    0.300667] pci 0000:00:03.0: reg 0x10: [io  0xd020-0xd03f]
[    0.301275] pci 0000:00:03.0: reg 0x14: [mem 0xf0200000-0xf0200fff]
[    0.304995] pci 0000:00:04.0: [80ee:cafe] type 00 class 0x088000
[    0.305667] pci 0000:00:04.0: reg 0x10: [io  0xd040-0xd05f]
[    0.306282] pci 0000:00:04.0: reg 0x14: [mem 0xf0400000-0xf07fffff]
[    0.306895] pci 0000:00:04.0: reg 0x18: [mem 0xf0800000-0xf0803fff pref]
[    0.310455] pci 0000:00:07.0: [8086:7113] type 00 class 0x068000
[    0.311012] pci 0000:00:07.0: quirk: [io  0x4000-0x403f] claimed by PIIX4 ACPI
[    0.311025] pci 0000:00:07.0: quirk: [io  0x4100-0x410f] claimed by PIIX4 SMB
[    0.311630] pci 0000:00:08.0: [8086:100e] type 00 class 0x020000
[    0.312353] pci 0000:00:08.0: reg 0x10: [mem 0xf0820000-0xf083ffff]
[    0.313244] pci 0000:00:08.0: reg 0x18: [io  0xd060-0xd067]
[    0.316570] pci 0000:00:09.0: [8086:100e] type 00 class 0x020000
[    0.317278] pci 0000:00:09.0: reg 0x10: [mem 0xf0840000-0xf085ffff]
[    0.318436] pci 0000:00:09.0: reg 0x18: [io  0xd068-0xd06f]
[    0.329406] ACPI: PCI Interrupt Link [LNKA] (IRQs 5 9 10 *11)
[    0.329685] ACPI: PCI Interrupt Link [LNKB] (IRQs 5 9 *10 11)
[    0.329789] ACPI: PCI Interrupt Link [LNKC] (IRQs 5 *9 10 11)
[    0.329887] ACPI: PCI Interrupt Link [LNKD] (IRQs 5 9 10 *11)
[    0.330145] iommu: Default domain type: Translated 
[    0.330204] pci 0000:00:02.0: vgaarb: setting as boot VGA device
[    0.330206] pci 0000:00:02.0: vgaarb: VGA device added: decodes=io+mem,owns=io+mem,locks=none
[    0.330208] pci 0000:00:02.0: vgaarb: bridge control possible
[    0.330209] vgaarb: loaded
[    0.330412] SCSI subsystem initialized
[    0.330443] libata version 3.00 loaded.
[    0.330468] ACPI: bus type USB registered
[    0.330483] usbcore: registered new interface driver usbfs
[    0.330489] usbcore: registered new interface driver hub
[    0.330496] usbcore: registered new device driver usb
[    0.330525] pps_core: LinuxPPS API ver. 1 registered
[    0.330526] pps_core: Software ver. 5.3.6 - Copyright 2005-2007 Rodolfo Giometti <giometti@linux.it>
[    0.330528] PTP clock support registered
[    0.330563] EDAC MC: Ver: 3.0.0
[    0.330844] PCI: Using ACPI for IRQ routing
[    0.330845] PCI: pci_cache_line_size set to 64 bytes
[    0.331020] e820: reserve RAM buffer [mem 0x0009fc00-0x0009ffff]
[    0.331023] e820: reserve RAM buffer [mem 0x7fff0000-0x7fffffff]
[    0.331812] NetLabel: Initializing
[    0.331812] NetLabel:  domain hash size = 128
[    0.331813] NetLabel:  protocols = UNLABELED CIPSOv4 CALIPSO
[    0.331833] NetLabel:  unlabeled traffic allowed by default
[    0.332654] clocksource: Switched to clocksource kvm-clock
[    0.347099] *** VALIDATE bpf ***
[    0.347163] VFS: Disk quotas dquot_6.6.0
[    0.347175] VFS: Dquot-cache hash table entries: 512 (order 0, 4096 bytes)
[    0.347199] *** VALIDATE ramfs ***
[    0.347202] *** VALIDATE hugetlbfs ***
[    0.347283] AppArmor: AppArmor Filesystem Enabled
[    0.347310] pnp: PnP ACPI init
[    0.347378] pnp 00:00: Plug and Play ACPI device, IDs PNP0303 (active)
[    0.347466] pnp 00:01: Plug and Play ACPI device, IDs PNP0f03 (active)
[    0.348216] pnp: PnP ACPI: found 2 devices
[    0.349175] thermal_sys: Registered thermal governor 'fair_share'
[    0.349176] thermal_sys: Registered thermal governor 'bang_bang'
[    0.349177] thermal_sys: Registered thermal governor 'step_wise'
[    0.349177] thermal_sys: Registered thermal governor 'user_space'
[    0.349178] thermal_sys: Registered thermal governor 'power_allocator'
[    0.353689] clocksource: acpi_pm: mask: 0xffffff max_cycles: 0xffffff, max_idle_ns: 2085701024 ns
[    0.353730] pci_bus 0000:00: resource 4 [io  0x0000-0x0cf7 window]
[    0.353731] pci_bus 0000:00: resource 5 [io  0x0d00-0xffff window]
[    0.353733] pci_bus 0000:00: resource 6 [mem 0x000a0000-0x000bffff window]
[    0.353734] pci_bus 0000:00: resource 7 [mem 0x80000000-0xfdffffff window]
[    0.353792] NET: Registered protocol family 2
[    0.353867] IP idents hash table entries: 32768 (order: 6, 262144 bytes, linear)
[    0.354272] MPTCP tokens hash table entries: 8192 (order: 4, 65536 bytes, linear)
[    0.354291] MPTCP request tokens hash table entries: 8192 (order: 4, 65536 bytes, linear)
[    0.354317] default registered
[    0.354317] default registered
[    0.354318] MPTCP: Stable release v0.96
[    0.354323] tcp_listen_portaddr_hash hash table entries: 1024 (order: 2, 16384 bytes, linear)
[    0.354401] TCP established hash table entries: 16384 (order: 5, 131072 bytes, linear)
[    0.354467] TCP bind hash table entries: 16384 (order: 6, 262144 bytes, linear)
[    0.354492] TCP: Hash tables configured (established 16384 bind 16384)
[    0.355192] UDP hash table entries: 1024 (order: 3, 32768 bytes, linear)
[    0.355203] UDP-Lite hash table entries: 1024 (order: 3, 32768 bytes, linear)
[    0.355236] NET: Registered protocol family 1
[    0.355244] NET: Registered protocol family 44
[    0.355266] pci 0000:00:00.0: Limiting direct PCI/PCI transfers
[    0.355291] pci 0000:00:01.0: Activating ISA DMA hang workarounds
[    0.355347] pci 0000:00:02.0: Video device with shadowed ROM at [mem 0x000c0000-0x000dffff]
[    0.355428] PCI: CLS 0 bytes, default 64
[    0.355481] Trying to unpack rootfs image as initramfs...
[    0.529725] Freeing initrd memory: 47868K
[    0.529725] clocksource: tsc: mask: 0xffffffffffffffff max_cycles: 0x1e4530a99b6, max_idle_ns: 440795257976 ns
[    0.529725] clocksource: Switched to clocksource tsc
[    0.529725] platform rtc_cmos: registered platform RTC device (no PNP device found)
[    0.529725] check: Scanning for low memory corruption every 60 seconds
[    0.529725] Initialise system trusted keyrings
[    0.529725] Key type blacklist registered
[    0.529725] workingset: timestamp_bits=36 max_order=19 bucket_order=0
[    0.532062] zbud: loaded
[    0.532423] squashfs: version 4.0 (2009/01/31) Phillip Lougher
[    0.532556] fuse: init (API version 7.31)
[    0.532572] *** VALIDATE fuse ***
[    0.532574] *** VALIDATE fuse ***
[    0.532676] Platform Keyring initialized
[    0.535636] Key type asymmetric registered
[    0.535637] Asymmetric key parser 'x509' registered
[    0.535646] Block layer SCSI generic (bsg) driver version 0.4 loaded (major 244)
[    0.535673] io scheduler mq-deadline registered
[    0.535798] shpchp: Standard Hot Plug PCI Controller Driver version: 0.4
[    0.536020] ACPI: AC Adapter [AC] (on-line)
[    0.536067] input: Power Button as /devices/LNXSYSTM:00/LNXPWRBN:00/input/input0
[    0.536095] ACPI: Power Button [PWRF]
[    0.536170] input: Sleep Button as /devices/LNXSYSTM:00/LNXSLPBN:00/input/input1
[    0.536186] ACPI: Sleep Button [SLPF]
[    0.536417] Serial: 8250/16550 driver, 32 ports, IRQ sharing enabled
[    0.537560] Linux agpgart interface v0.103
[    0.631418] loop: module loaded
[    0.631553] ata_piix 0000:00:01.1: version 2.13
[    0.631947] scsi host0: ata_piix
[    0.632033] scsi host1: ata_piix
[    0.632059] ata1: PATA max UDMA/33 cmd 0x1f0 ctl 0x3f6 bmdma 0xd000 irq 14
[    0.632060] ata2: PATA max UDMA/33 cmd 0x170 ctl 0x376 bmdma 0xd008 irq 15
[    0.632136] tun: Universal TUN/TAP device driver, 1.6
[    0.632431] PPP generic driver version 2.4.2
[    0.632473] VFIO - User Level meta-driver version: 0.3
[    0.632709] ehci_hcd: USB 2.0 'Enhanced' Host Controller (EHCI) Driver
[    0.632713] ehci-pci: EHCI PCI platform driver
[    0.632727] ehci-platform: EHCI generic platform driver
[    0.632733] ohci_hcd: USB 1.1 'Open' Host Controller (OHCI) Driver
[    0.632735] ohci-pci: OHCI PCI platform driver
[    0.632742] ohci-platform: OHCI generic platform driver
[    0.632746] uhci_hcd: USB Universal Host Controller Interface driver
[    0.632810] i8042: PNP: PS/2 Controller [PNP0303:PS2K,PNP0f03:PS2M] at 0x60,0x64 irq 1,12
[    0.633242] serio: i8042 KBD port at 0x60,0x64 irq 1
[    0.633245] serio: i8042 AUX port at 0x60,0x64 irq 12
[    0.633328] mousedev: PS/2 mouse device common for all mice
[    0.633575] input: AT Translated Set 2 keyboard as /devices/platform/i8042/serio0/input/input2
[    0.633976] rtc_cmos rtc_cmos: registered as rtc0
[    0.633989] rtc_cmos rtc_cmos: alarms up to one day, 114 bytes nvram
[    0.633994] i2c /dev entries driver
[    0.634036] device-mapper: uevent: version 1.0.3
[    0.634077] device-mapper: ioctl: 4.41.0-ioctl (2019-09-16) initialised: dm-devel@redhat.com
[    0.634092] platform eisa.0: Probing EISA bus 0
[    0.634093] platform eisa.0: EISA: Cannot allocate resource for mainboard
[    0.634094] platform eisa.0: Cannot allocate resource for EISA slot 1
[    0.634096] platform eisa.0: Cannot allocate resource for EISA slot 2
[    0.634097] platform eisa.0: Cannot allocate resource for EISA slot 3
[    0.634097] platform eisa.0: Cannot allocate resource for EISA slot 4
[    0.634098] platform eisa.0: Cannot allocate resource for EISA slot 5
[    0.634099] platform eisa.0: Cannot allocate resource for EISA slot 6
[    0.634100] platform eisa.0: Cannot allocate resource for EISA slot 7
[    0.634101] platform eisa.0: Cannot allocate resource for EISA slot 8
[    0.634102] platform eisa.0: EISA: Detected 0 cards
[    0.634105] intel_pstate: CPU model not supported
[    0.634114] ledtrig-cpu: registered to indicate activity on CPUs
[    0.634167] drop_monitor: Initializing network drop monitor service
[    0.634323] NET: Registered protocol family 10
[    0.639461] Segment Routing with IPv6
[    0.639491] fullmesh registered
[    0.639492] ndiffports registered
[    0.639494] binder registered
[    0.639495] roundrobin registered
[    0.639495] redundant registered
[    0.639496] blest registered
[    0.639496] ecf registered
[    0.639498] NET: Registered protocol family 17
[    0.639525] Key type dns_resolver registered
[    0.639525] RAS: Correctable Errors collector initialized.
[    0.639525] IPI shorthand broadcast: enabled
[    0.639525] sched_clock: Marking stable (624147750, 11377866)->(634663368, 862248)
[    0.639718] registered taskstats version 1
[    0.639726] Loading compiled-in X.509 certificates
[    0.640314] Loaded X.509 cert 'Build time autogenerated kernel key: 6909f3744cebb3d0de528d5887b96a727de79b1e'
[    0.640333] zswap: loaded using pool lzo/zbud
[    0.640386] Key type ._fscrypt registered
[    0.640387] Key type .fscrypt registered
[    0.644839] Key type big_key registered
[    0.647039] Key type encrypted registered
[    0.647041] AppArmor: AppArmor sha1 policy hashing enabled
[    0.647048] ima: No TPM chip found, activating TPM-bypass!
[    0.647052] ima: Allocated hash algorithm: sha1
[    0.647057] ima: No architecture policies found
[    0.647066] evm: Initialising EVM extended attributes:
[    0.647067] evm: security.selinux
[    0.647067] evm: security.SMACK64
[    0.647068] evm: security.SMACK64EXEC
[    0.647068] evm: security.SMACK64TRANSMUTE
[    0.647068] evm: security.SMACK64MMAP
[    0.647069] evm: security.apparmor
[    0.647069] evm: security.ima
[    0.647070] evm: security.capability
[    0.647070] evm: HMAC attrs: 0x1
[    0.647363] PM:   Magic number: 10:246:340
[    0.647462] rtc_cmos rtc_cmos: setting system clock to 2026-01-16T17:18:03 UTC (1768583883)
[    0.804725] ata1.00: ATA-6: VBOX HARDDISK, 1.0, max UDMA/133
[    0.804729] ata1.00: 209715200 sectors, multi 128: LBA 
[    0.805403] scsi 0:0:0:0: Direct-Access     ATA      VBOX HARDDISK    1.0  PQ: 0 ANSI: 5
[    0.805700] sd 0:0:0:0: [sda] 209715200 512-byte logical blocks: (107 GB/100 GiB)
[    0.805714] sd 0:0:0:0: [sda] Write Protect is off
[    0.805717] sd 0:0:0:0: [sda] Mode Sense: 00 3a 00 00
[    0.805737] sd 0:0:0:0: [sda] Write cache: enabled, read cache: enabled, doesn't support DPO or FUA
[    0.806057] sd 0:0:0:0: Attached scsi generic sg0 type 0
[    0.806680]  sda: sda1 sda2
[    0.815705] sd 0:0:0:0: [sda] Attached SCSI disk
[    0.820391] Freeing unused decrypted memory: 2040K
[    0.821641] Freeing unused kernel image memory: 2728K
[    0.821645] Write protecting the kernel read-only data: 22528k
[    0.823000] Freeing unused kernel image memory: 2036K
[    0.823738] Freeing unused kernel image memory: 1432K
[    0.858796] x86/mm: Checked W+X mappings: passed, no W+X pages found.
[    0.858802] Run /init as init process
[    0.959069] ACPI: Video Device [GFX0] (multi-head: yes  rom: no  post: no)
[    0.959143] input: Video Bus as /devices/LNXSYSTM:00/LNXSYBUS:00/PNP0A03:00/LNXVIDEO:00/input/input4
[    0.969609] pcnet32: pcnet32.c:v1.35 21.Apr.2008 tsbogend@alpha.franken.de
[    0.970422] pcnet32: PCnet/FAST III 79C973 at 0xd020, 08:00:27:cf:43:67 assigned IRQ 19
[    0.970464] pcnet32: Found PHY 0022:561b at address 0
[    0.970765] pcnet32: eth0: registered as PCnet/FAST III 79C973
[    0.971947] pcnet32: 1 cards_found
[    0.974520] e1000: Intel(R) PRO/1000 Network Driver - version 7.3.21-k8-NAPI
[    0.974521] e1000: Copyright (c) 1999-2006 Intel Corporation.
[    0.977048] piix4_smbus 0000:00:07.0: SMBus Host Controller at 0x4100, revision 0
[    1.045075] pcnet32 0000:00:03.0 enp0s3: renamed from eth0
[    1.200114] input: ImExPS/2 Generic Explorer Mouse as /devices/platform/i8042/serio1/input/input5
[    1.383664] e1000 0000:00:08.0 eth0: (PCI:33MHz:32-bit) 08:00:27:fe:c7:05
[    1.383678] e1000 0000:00:08.0 eth0: Intel(R) PRO/1000 Network Connection
[    1.755777] e1000 0000:00:09.0 eth1: (PCI:33MHz:32-bit) 08:00:27:49:22:a8
[    1.755780] e1000 0000:00:09.0 eth1: Intel(R) PRO/1000 Network Connection
[    1.756917] e1000 0000:00:09.0 enp0s9: renamed from eth1
[    1.758679] e1000 0000:00:08.0 enp0s8: renamed from eth0
[    1.908161] EXT4-fs (sda2): mounted filesystem with ordered data mode. Opts: (null)
[    1.989882] systemd[1]: Inserted module 'autofs4'
[    1.999257] systemd[1]: systemd 245.4-4ubuntu3 running in system mode. (+PAM +AUDIT +SELINUX +IMA +APPARMOR +SMACK +SYSVINIT +UTMP +LIBCRYPTSETUP +GCRYPT +GNUTLS +ACL +XZ +LZ4 +SECCOMP +BLKID +ELFUTILS +KMOD +IDN2 -IDN +PCRE2 default-hierarchy=hybrid)
[    1.999287] systemd[1]: Detected virtualization oracle.
[    1.999291] systemd[1]: Detected architecture x86-64.
[    2.000608] systemd[1]: Set hostname to <ztg>.
[    2.120132] systemd[1]: /lib/systemd/system/dbus.socket:5: ListenStream= references a path below legacy directory /var/run/, updating /var/run/dbus/system_bus_socket â†’ /run/dbus/system_bus_socket; please update the unit file accordingly.
[    2.170469] systemd[1]: Created slice system-modprobe.slice.
[    2.170650] systemd[1]: Created slice User and Session Slice.
[    2.170693] systemd[1]: Started Forward Password Requests to Wall Directory Watch.
[    2.170844] systemd[1]: Set up automount Arbitrary Executable File Formats File System Automount Point.
[    2.170877] systemd[1]: Reached target User and Group Name Lookups.
[    2.170887] systemd[1]: Reached target Remote File Systems.
[    2.170894] systemd[1]: Reached target Slices.
[    2.171369] systemd[1]: Listening on Syslog Socket.
[    2.171483] systemd[1]: Listening on fsck to fsckd communication Socket.
[    2.171523] systemd[1]: Listening on initctl Compatibility Named Pipe.
[    2.171650] systemd[1]: Listening on Journal Audit Socket.
[    2.171714] systemd[1]: Listening on Journal Socket (/dev/log).
[    2.171781] systemd[1]: Listening on Journal Socket.
[    2.171844] systemd[1]: Listening on udev Control Socket.
[    2.171882] systemd[1]: Listening on udev Kernel Socket.
[    2.172569] systemd[1]: Mounting Huge Pages File System...
[    2.173451] systemd[1]: Mounting POSIX Message Queue File System...
[    2.174315] systemd[1]: Mounting Kernel Debug File System...
[    2.175151] systemd[1]: Mounting Kernel Trace File System...
[    2.177032] systemd[1]: Starting Journal Service...
[    2.201602] systemd[1]: Starting Set the console keyboard layout...
[    2.209289] systemd[1]: Starting Create list of static device nodes for the current kernel...
[    2.211062] systemd[1]: Starting Load Kernel Module drm...
[    2.212067] systemd[1]: Condition check resulted in Set Up Additional Binary Formats being skipped.
[    2.212135] systemd[1]: Condition check resulted in File System Check on Root Device being skipped.
[    2.225677] systemd[1]: Starting Load Kernel Modules...
[    2.235095] systemd[1]: Starting Remount Root and Kernel File Systems...
[    2.239925] systemd[1]: Starting udev Coldplug all Devices...
[    2.250831] systemd[1]: Starting Uncomplicated firewall...
[    2.252058] systemd[1]: Mounted Huge Pages File System.
[    2.252143] systemd[1]: Mounted POSIX Message Queue File System.
[    2.252214] systemd[1]: Mounted Kernel Debug File System.
[    2.252282] systemd[1]: Mounted Kernel Trace File System.
[    2.257689] EXT4-fs (sda2): re-mounted. Opts: errors=remount-ro
[    2.262771] systemd[1]: Finished Create list of static device nodes for the current kernel.
[    2.263827] systemd[1]: modprobe@drm.service: Succeeded.
[    2.265285] systemd[1]: Finished Load Kernel Module drm.
[    2.282915] systemd[1]: Finished Remount Root and Kernel File Systems.
[    2.298706] systemd[1]: Finished Uncomplicated firewall.
[    2.315052] lp: driver loaded but no devices found
[    2.318393] systemd[1]: Condition check resulted in Rebuild Hardware Database being skipped.
[    2.318430] systemd[1]: Condition check resulted in Platform Persistent Storage Archival being skipped.
[    2.319063] systemd[1]: Starting Load/Save Random Seed...
[    2.323597] systemd[1]: Starting Create System Users...
[    2.328787] ppdev: user-space parallel port driver
[    2.338282] systemd[1]: Finished Load/Save Random Seed.
[    2.342044] systemd[1]: Finished Create System Users.
[    2.342719] systemd[1]: Starting Create Static Device Nodes in /dev...
[    2.370713] systemd[1]: Finished udev Coldplug all Devices.
[    2.373557] systemd[1]: Finished Create Static Device Nodes in /dev.
[    2.374282] systemd[1]: Starting udev Kernel Device Manager...
[    2.415116] [drm] DMA map mode: Caching DMA mappings.
[    2.415178] [drm] Capabilities:
[    2.415178] [drm]   Rect copy.
[    2.415179] [drm]   Cursor.
[    2.415179] [drm]   Cursor bypass.
[    2.415179] [drm]   Cursor bypass 2.
[    2.415180] [drm]   Alpha cursor.
[    2.415180] [drm]   Extended Fifo.
[    2.415180] [drm]   Pitchlock.
[    2.415181] [drm]   Irq mask.
[    2.415181] [drm]   GMR.
[    2.415181] [drm]   Traces.
[    2.415182] [drm]   GMR2.
[    2.415182] [drm]   Screen Object 2.
[    2.415182] [drm]   Command Buffers.
[    2.415183] [drm]   Command Buffers 2.
[    2.415183] [drm]   Guest Backed Resources.
[    2.415184] [drm] Max GMR ids is 8192
[    2.415185] [drm] Max number of GMR pages is 1048576
[    2.415185] [drm] Max dedicated hypervisor surface memory is 393216 kiB
[    2.415186] [drm] Maximum display memory size is 131072 kiB
[    2.415187] [drm] VRAM at 0xe0000000 size is 131072 kiB
[    2.415187] [drm] MMIO at 0xf0000000 size is 2048 kiB
[    2.416140] [TTM] Zone  kernel: Available graphics memory: 1011738 KiB
[    2.416141] [TTM] Initializing pool allocator
[    2.416145] [TTM] Initializing DMA pool allocator
[    2.416198] [drm] Supports vblank timestamp caching Rev 2 (21.10.2013).
[    2.416198] [drm] No driver support for vblank timestamp query.
[    2.417102] [drm] Screen Target Display device initialized
[    2.417277] [drm] width 720
[    2.417285] [drm] height 400
[    2.417289] [drm] bpp 32
[    2.417805] [drm] Fifo max 0x00200000 min 0x00001000 cap 0x00000355
[    2.418874] [drm] Using command buffers with DMA pool.
[    2.418880] [drm] DX: no.
[    2.418880] [drm] Atomic: yes.
[    2.418881] [drm] SM4_1: no.
[    2.418899] [drm:vmw_host_log [vmwgfx]] *ERROR* Failed to send host log message.
[    2.420051] [drm:vmw_host_log [vmwgfx]] *ERROR* Failed to send host log message.
[    2.431432] fbcon: svgadrmfb (fb0) is primary device
[    2.434100] Console: switching to colour frame buffer device 100x37
[    2.445253] [drm] Initialized vmwgfx 2.15.0 20180704 for 0000:00:02.0 on minor 0
[    2.446156] systemd[1]: Finished Load Kernel Modules.
[    2.447033] systemd[1]: Mounting FUSE Control File System...
[    2.448222] systemd[1]: Mounting Kernel Configuration File System...
[    2.474879] systemd[1]: Starting Apply Kernel Variables...
[    2.488264] systemd[1]: Mounted FUSE Control File System.
[    2.488350] systemd[1]: Mounted Kernel Configuration File System.
[    2.488398] systemd[1]: Condition check resulted in VMware vmblock fuse mount being skipped.
[    2.506836] systemd[1]: Finished Set the console keyboard layout.
[    2.506922] systemd[1]: Reached target Local File Systems (Pre).
[    2.511099] systemd[1]: Mounting Mount unit for bare, revision 5...
[    2.518016] systemd[1]: Mounting Mount unit for core18, revision 1705...
[    2.527404] systemd[1]: Mounting Mount unit for gnome-3-34-1804, revision 24...
[    2.529485] systemd[1]: Mounting Mount unit for gtk-common-themes, revision 1506...
[    2.538141] systemd[1]: Mounting Mount unit for gtk-common-themes, revision 1535...
[    2.570646] systemd[1]: Mounting Mount unit for snap-store, revision 433...
[    2.579328] systemd[1]: Mounting Mount unit for snapd, revision 7264...
[    2.589632] systemd[1]: Finished Apply Kernel Variables.
[    2.589759] systemd[1]: Started udev Kernel Device Manager.
[    2.589838] systemd[1]: Mounted Mount unit for bare, revision 5.
[    2.592080] systemd[1]: Starting Show Plymouth Boot Screen...
[    2.596095] systemd[1]: Received SIGRTMIN+20 from PID 279 (plymouthd).
[    2.617969] systemd[1]: Started Show Plymouth Boot Screen.
[    2.618228] systemd[1]: Condition check resulted in Dispatch Password Requests to Console Directory Watch being skipped.
[    2.618322] systemd[1]: Started Forward Password Requests to Plymouth Directory Watch.
[    2.618403] systemd[1]: Reached target Local Encrypted Volumes.
[    2.650932] systemd[1]: Mounted Mount unit for core18, revision 1705.
[    2.689966] systemd[1]: Mounted Mount unit for gnome-3-34-1804, revision 24.
[    2.690223] systemd[1]: Mounted Mount unit for gtk-common-themes, revision 1506.
[    2.710165] systemd[1]: Mounted Mount unit for gtk-common-themes, revision 1535.
[    2.743608] systemd[1]: Mounted Mount unit for snap-store, revision 433.
[    2.743840] systemd[1]: Mounted Mount unit for snapd, revision 7264.
[    2.743990] systemd[1]: Reached target Local File Systems.
[    2.744819] systemd[1]: Starting Load AppArmor profiles...
[    2.747847] systemd[1]: Starting Set console font and keymap...
[    2.757218] systemd[1]: Starting Tell Plymouth To Write Out Runtime Data...
[    2.764103] systemd[1]: Condition check resulted in Store a System Token in an EFI Variable being skipped.
[    2.764133] systemd[1]: Condition check resulted in Commit a transient machine-id on disk being skipped.
[    2.765011] systemd[1]: Finished Set console font and keymap.
[    2.774910] systemd[1]: Received SIGRTMIN+20 from PID 279 (plymouthd).
[    2.775666] systemd[1]: plymouth-read-write.service: Succeeded.
[    2.775916] systemd[1]: Finished Tell Plymouth To Write Out Runtime Data.
[    2.804329] audit: type=1400 audit(1768583885.656:2): apparmor="STATUS" operation="profile_load" profile="unconfined" name="nvidia_modprobe" pid=300 comm="apparmor_parser"
[    2.804331] audit: type=1400 audit(1768583885.656:3): apparmor="STATUS" operation="profile_load" profile="unconfined" name="nvidia_modprobe//kmod" pid=300 comm="apparmor_parser"
[    2.826525] audit: type=1400 audit(1768583885.676:4): apparmor="STATUS" operation="profile_load" profile="unconfined" name="/usr/sbin/tcpdump" pid=301 comm="apparmor_parser"
[    2.855067] audit: type=1400 audit(1768583885.696:5): apparmor="STATUS" operation="profile_load" profile="unconfined" name="/usr/bin/evince" pid=303 comm="apparmor_parser"
[    2.855069] audit: type=1400 audit(1768583885.696:6): apparmor="STATUS" operation="profile_load" profile="unconfined" name="/usr/bin/evince//sanitized_helper" pid=303 comm="apparmor_parser"
[    2.855070] audit: type=1400 audit(1768583885.696:7): apparmor="STATUS" operation="profile_load" profile="unconfined" name="/usr/bin/evince-previewer" pid=303 comm="apparmor_parser"
[    2.855073] audit: type=1400 audit(1768583885.696:8): apparmor="STATUS" operation="profile_load" profile="unconfined" name="/usr/bin/evince-previewer//sanitized_helper" pid=303 comm="apparmor_parser"
[    2.855074] audit: type=1400 audit(1768583885.696:9): apparmor="STATUS" operation="profile_load" profile="unconfined" name="/usr/bin/evince-thumbnailer" pid=303 comm="apparmor_parser"
[    2.888612] audit: type=1400 audit(1768583885.736:10): apparmor="STATUS" operation="profile_load" profile="unconfined" name="/usr/lib/cups/backend/cups-pdf" pid=304 comm="apparmor_parser"
[    2.953224] systemd[1]: Finished Load AppArmor profiles.
[    2.954140] systemd[1]: Starting Load AppArmor profiles managed internally by snapd...
[    3.021167] systemd[1]: Finished Load AppArmor profiles managed internally by snapd.
[    3.153956] systemd[1]: Started Journal Service.
[    3.160841] systemd-journald[229]: Received client request to flush runtime journal.
[    3.166210] systemd-journald[229]: File /var/log/journal/c455b248004a419c87ce85eea238d727/system.journal corrupted or uncleanly shut down, renaming and replacing.
[    4.412174] RAPL PMU: API unit is 2^-32 Joules, 0 fixed counters, 10737418240 ms ovfl timer
[    4.478976] cryptd: max_cpu_qlen set to 1000
[    4.561274] AVX2 version of gcm_enc/dec engaged.
[    4.561275] AES CTR mode by8 optimization enabled
[    5.352585] Adding 1998844k swap on /dev/sda1.  Priority:-2 extents:1 across:1998844k FS
[    7.007997] kauditd_printk_skb: 30 callbacks suppressed
[    7.007998] audit: type=1400 audit(1768583889.856:41): apparmor="DENIED" operation="capable" profile="/usr/sbin/cups-browsed" pid=497 comm="cups-browsed" capability=23  capname="sys_nice"
[    7.613956] pcnet32 0000:00:03.0 enp0s3: link up, 100Mbps, full-duplex
[    7.650637] e1000: enp0s8 NIC Link is Up 1000 Mbps Full Duplex, Flow Control: RX
[    7.650930] IPv6: ADDRCONF(NETDEV_CHANGE): enp0s8: link becomes ready
[    7.663294] e1000: enp0s9 NIC Link is Up 1000 Mbps Full Duplex, Flow Control: RX
[    7.663620] IPv6: ADDRCONF(NETDEV_CHANGE): enp0s9: link becomes ready
[    8.210657] device enp0s3 entered promiscuous mode
[    8.227627] audit: type=1400 audit(1768583891.072:42): apparmor="DENIED" operation="open" profile="/usr/sbin/tcpdump" name="/proc/sys/kernel/random/boot_id" pid=698 comm="tcpdump" requested_mask="r" denied_mask="r" fsuid=0 ouid=0
[    8.228036] audit: type=1400 audit(1768583891.072:43): apparmor="DENIED" operation="open" profile="/usr/sbin/tcpdump" name="/proc/sys/kernel/random/boot_id" pid=698 comm="tcpdump" requested_mask="r" denied_mask="r" fsuid=0 ouid=0
[    8.228088] audit: type=1400 audit(1768583891.072:44): apparmor="DENIED" operation="open" profile="/usr/sbin/tcpdump" name="/proc/sys/kernel/random/boot_id" pid=698 comm="tcpdump" requested_mask="r" denied_mask="r" fsuid=0 ouid=0
[    8.228107] audit: type=1400 audit(1768583891.072:45): apparmor="DENIED" operation="open" profile="/usr/sbin/tcpdump" name="/proc/sys/kernel/random/boot_id" pid=698 comm="tcpdump" requested_mask="r" denied_mask="r" fsuid=0 ouid=0
[    8.232442] audit: type=1400 audit(1768583891.080:46): apparmor="DENIED" operation="open" profile="/usr/sbin/tcpdump" name="/proc/sys/kernel/random/boot_id" pid=699 comm="tcpdump" requested_mask="r" denied_mask="r" fsuid=0 ouid=0
[    8.233077] audit: type=1400 audit(1768583891.084:47): apparmor="DENIED" operation="open" profile="/usr/sbin/tcpdump" name="/proc/sys/kernel/random/boot_id" pid=699 comm="tcpdump" requested_mask="r" denied_mask="r" fsuid=0 ouid=0
[    8.233200] audit: type=1400 audit(1768583891.084:48): apparmor="DENIED" operation="open" profile="/usr/sbin/tcpdump" name="/proc/sys/kernel/random/boot_id" pid=699 comm="tcpdump" requested_mask="r" denied_mask="r" fsuid=0 ouid=0
[    8.233257] audit: type=1400 audit(1768583891.084:49): apparmor="DENIED" operation="open" profile="/usr/sbin/tcpdump" name="/proc/sys/kernel/random/boot_id" pid=699 comm="tcpdump" requested_mask="r" denied_mask="r" fsuid=0 ouid=0
[   12.752160] rfkill: input handler disabled
[  215.189749] AAAAA-TCP_FORW: name:enp0s3: saddr:100932208: daddr:16783984
[  215.297225] AAAAA-TCP_FORW: name:enp0s3: saddr:100932208: daddr:16783984
[  215.594730] AAAAA-TCP_FORW: name:enp0s3: saddr:100932208: daddr:16783984
[  215.648865] AAAAA-TCP_FORW: name:enp0s3: saddr:100932208: daddr:16783984
[  215.736177] AAAAA-TCP_FORW: name:enp0s3: saddr:100932208: daddr:16783984
[  215.996743] AAAAA-TCP_FORW: name:enp0s3: saddr:100932208: daddr:33561200
[  216.051960] AAAAA-TCP_FORW: name:enp0s3: saddr:100932208: daddr:16783984
[  216.131949] AAAAA-TCP_FORW: name:enp0s3: saddr:100932208: daddr:16783984
[  216.373554] AAAAA-TCP_FORW: name:enp0s3: saddr:100932208: daddr:33561200
[  216.687864] AAAAA-TCP_FORW: name:enp0s3: saddr:100932208: daddr:16783984
[  216.887313] AAAAA-TCP_FORW: name:enp0s3: saddr:100932208: daddr:33561200
[  216.952845] AAAAA-TCP_FORW: name:enp0s3: saddr:100932208: daddr:16783984
[  217.221726] AAAAA-TCP_FORW: name:enp0s3: saddr:100932208: daddr:16783984
[  217.285295] AAAAA-TCP_FORW: name:enp0s3: saddr:100932208: daddr:16783984
[  217.417914] AAAAA-TCP_FORW: name:enp0s3: saddr:100932208: daddr:33561200
[  217.616004] AAAAA-TCP_FORW: name:enp0s3: saddr:100932208: daddr:33561200
[  217.696325] AAAAA-TCP_FORW: name:enp0s3: saddr:100932208: daddr:33561200
[  217.779022] AAAAA-TCP_FORW: name:enp0s3: saddr:100932208: daddr:33561200
[  217.823111] AAAAA-TCP_FORW: name:enp0s3: saddr:100932208: daddr:16783984
[  217.858973] AAAAA-TCP_FORW: name:enp0s3: saddr:100932208: daddr:16783984
[  217.879280] AAAAA-TCP_FORW: name:enp0s3: saddr:100932208: daddr:16783984
[  217.942205] AAAAA-TCP_FORW: name:enp0s3: saddr:100932208: daddr:16783984
[  218.035144] AAAAA-TCP_FORW: name:enp0s3: saddr:100932208: daddr:16783984
[  218.134584] AAAAA-TCP_FORW: name:enp0s3: saddr:100932208: daddr:16783984
[  218.190725] AAAAA-TCP_FORW: name:enp0s3: saddr:100932208: daddr:16783984
[  218.215576] AAAAA-TCP_FORW: name:enp0s3: saddr:100932208: daddr:16783984
[  218.318515] AAAAA-TCP_FORW: name:enp0s3: saddr:100932208: daddr:16783984
[  218.328389] AAAAA-TCP_FORW: name:enp0s3: saddr:16783984: daddr:100932208
[  218.384130] AAAAA-TCP_FORW: name:enp0s3: saddr:100932208: daddr:16783984
[  218.429669] AAAAA-TCP_FORW: name:enp0s3: saddr:100932208: daddr:33561200
[  218.447887] AAAAA-TCP_FORW: name:enp0s3: saddr:16783984: daddr:100932208
[  218.486925] AAAAA-TCP_FORW: name:enp0s3: saddr:100932208: daddr:33561200
[  218.504706] AAAAA-TCP_FORW: name:enp0s3: saddr:100932208: daddr:33561200
[  218.524257] AAAAA-TCP_FORW: name:enp0s3: saddr:16783984: daddr:100932208
[  218.570256] AAAAA-TCP_FORW: name:enp0s3: saddr:100932208: daddr:33561200
[  218.603875] AAAAA-TCP_FORW: name:enp0s3: saddr:100932208: daddr:33561200
[  218.642521] AAAAA-TCP_FORW: name:enp0s3: saddr:100932208: daddr:33561200
[  218.686175] AAAAA-TCP_FORW: name:enp0s3: saddr:100932208: daddr:33561200
[  218.701541] AAAAA-TCP_FORW: name:enp0s3: saddr:100932208: daddr:33561200
[  218.747873] AAAAA-TCP_FORW: name:enp0s3: saddr:100932208: daddr:33561200
[  218.787440] AAAAA-TCP_FORW: name:enp0s3: saddr:100932208: daddr:33561200
[  218.899539] AAAAA-TCP_FORW: name:enp0s3: saddr:100932208: daddr:16783984
[  218.970086] AAAAA-TCP_FORW: name:enp0s3: saddr:100932208: daddr:16783984
[  219.059890] AAAAA-TCP_FORW: name:enp0s3: saddr:100932208: daddr:33561200
[  219.193646] AAAAA-TCP_FORW: name:enp0s3: saddr:100932208: daddr:16783984
[  219.227188] AAAAA-TCP_FORW: name:enp0s3: saddr:100932208: daddr:16783984
[  219.271700] AAAAA-TCP_FORW: name:enp0s3: saddr:100932208: daddr:16783984
[  219.477750] AAAAA-TCP_FORW: name:enp0s3: saddr:100932208: daddr:33561200
[  219.544301] AAAAA-TCP_FORW: name:enp0s3: saddr:100932208: daddr:16783984
[  219.642191] AAAAA-TCP_FORW: name:enp0s3: saddr:100932208: daddr:16783984
[  220.703891] AAAAA-TCP_FORW: name:enp0s3: saddr:16783984: daddr:100932208
[  220.786280] AAAAA-TCP_FORW: name:enp0s3: saddr:16783984: daddr:100932208
[  220.813409] AAAAA-TCP_FORW: name:enp0s3: saddr:16783984: daddr:100932208
[  220.844969] AAAAA-TCP_FORW: name:enp0s3: saddr:100932208: daddr:16783984
[  220.854434] AAAAA-TCP_FORW: name:enp0s3: saddr:16783984: daddr:100932208
[  220.895380] AAAAA-TCP_FORW: name:enp0s3: saddr:16783984: daddr:100932208
[  220.909179] AAAAA-TCP_FORW: name:enp0s3: saddr:100932208: daddr:16783984
[  220.937333] AAAAA-TCP_FORW: name:enp0s3: saddr:16783984: daddr:100932208
[  220.953869] AAAAA-TCP_FORW: name:enp0s3: saddr:100932208: daddr:16783984
[  220.988453] AAAAA-TCP_FORW: name:enp0s3: saddr:33561200: daddr:100932208
[  221.014751] AAAAA-TCP_FORW: name:enp0s3: saddr:100932208: daddr:16783984
[  221.041608] AAAAA-TCP_FORW: name:enp0s3: saddr:33561200: daddr:100932208
[  221.055230] AAAAA-TCP_FORW: name:enp0s3: saddr:100932208: daddr:16783984
[  221.080644] AAAAA-TCP_FORW: name:enp0s3: saddr:33561200: daddr:100932208
[  221.099027] AAAAA-TCP_FORW: name:enp0s3: saddr:33561200: daddr:100932208
[  221.108576] AAAAA-TCP_FORW: name:enp0s3: saddr:100932208: daddr:16783984
[  221.149024] AAAAA-TCP_FORW: name:enp0s3: saddr:33561200: daddr:100932208
[  221.184121] AAAAA-TCP_FORW: name:enp0s3: saddr:100932208: daddr:16783984
[  221.195989] AAAAA-TCP_FORW: name:enp0s3: saddr:33561200: daddr:100932208
[  221.245788] AAAAA-TCP_FORW: name:enp0s3: saddr:33561200: daddr:100932208
[  221.252438] AAAAA-TCP_FORW: name:enp0s3: saddr:100932208: daddr:16783984
[  221.267761] AAAAA-TCP_FORW: name:enp0s3: saddr:100932208: daddr:33561200
[  221.340682] AAAAA-TCP_FORW: name:enp0s3: saddr:33561200: daddr:100932208
[  221.427422] AAAAA-TCP_FORW: name:enp0s3: saddr:100932208: daddr:33561200
[  221.437015] AAAAA-TCP_FORW: name:enp0s3: saddr:33561200: daddr:100932208
[  221.478623] AAAAA-TCP_FORW: name:enp0s3: saddr:100932208: daddr:33561200
[  221.483954] AAAAA-TCP_FORW: name:enp0s3: saddr:33561200: daddr:100932208
[  221.543673] AAAAA-TCP_FORW: name:enp0s3: saddr:16783984: daddr:100932208
[  221.586554] AAAAA-TCP_FORW: name:enp0s3: saddr:16783984: daddr:100932208
[  221.611904] AAAAA-TCP_FORW: name:enp0s3: saddr:100932208: daddr:33561200
[  221.651028] AAAAA-TCP_FORW: name:enp0s3: saddr:16783984: daddr:100932208
[  221.695806] AAAAA-TCP_FORW: name:enp0s3: saddr:100932208: daddr:33561200
[  221.697785] AAAAA-TCP_FORW: name:enp0s3: saddr:16783984: daddr:100932208
[  221.720108] AAAAA-TCP_FORW: name:enp0s3: saddr:100932208: daddr:33561200
[  221.733534] AAAAA-TCP_FORW: name:enp0s3: saddr:16783984: daddr:100932208
[  221.753076] AAAAA-TCP_FORW: name:enp0s3: saddr:100932208: daddr:33561200
[  221.767852] AAAAA-TCP_FORW: name:enp0s3: saddr:16783984: daddr:100932208
[  221.800047] AAAAA-TCP_FORW: name:enp0s3: saddr:100932208: daddr:33561200
[  221.837392] AAAAA-TCP_FORW: name:enp0s3: saddr:16783984: daddr:100932208
[  221.854512] AAAAA-TCP_FORW: name:enp0s3: saddr:100932208: daddr:33561200
[  221.871921] AAAAA-TCP_FORW: name:enp0s3: saddr:33561200: daddr:100932208
[  221.938914] AAAAA-TCP_FORW: name:enp0s3: saddr:33561200: daddr:100932208
[  221.962553] AAAAA-TCP_FORW: name:enp0s3: saddr:16783984: daddr:100932208
[  222.012648] AAAAA-TCP_FORW: name:enp0s3: saddr:100932208: daddr:33561200
[  222.059648] AAAAA-TCP_FORW: name:enp0s3: saddr:100932208: daddr:33561200
[  222.071694] AAAAA-TCP_FORW: name:enp0s3: saddr:16783984: daddr:100932208
[  222.088263] AAAAA-TCP_FORW: name:enp0s3: saddr:100932208: daddr:16783984
[  222.140922] AAAAA-TCP_FORW: name:enp0s3: saddr:16783984: daddr:100932208
[  222.142797] AAAAA-TCP_FORW: name:enp0s3: saddr:100932208: daddr:16783984
[  222.177741] AAAAA-TCP_FORW: name:enp0s3: saddr:16783984: daddr:100932208
[  222.221341] AAAAA-TCP_FORW: name:enp0s3: saddr:100932208: daddr:16783984
[  222.235556] AAAAA-TCP_FORW: name:enp0s3: saddr:16783984: daddr:100932208
[  222.271133] AAAAA-TCP_FORW: name:enp0s3: saddr:100932208: daddr:16783984
[  222.298056] AAAAA-TCP_FORW: name:enp0s3: saddr:16783984: daddr:100932208
[  222.328321] AAAAA-TCP_FORW: name:enp0s3: saddr:16783984: daddr:100932208
[  222.352386] AAAAA-TCP_FORW: name:enp0s3: saddr:100932208: daddr:16783984
[  222.381795] AAAAA-TCP_FORW: name:enp0s3: saddr:16783984: daddr:100932208
[  222.427983] AAAAA-TCP_FORW: name:enp0s3: saddr:100932208: daddr:16783984
[  222.535598] AAAAA-TCP_FORW: name:enp0s3: saddr:33561200: daddr:100932208
[  222.541308] AAAAA-TCP_FORW: name:enp0s3: saddr:100932208: daddr:33561200
[  222.577582] AAAAA-TCP_FORW: name:enp0s3: saddr:100932208: daddr:33561200
[  222.628268] AAAAA-TCP_FORW: name:enp0s3: saddr:33561200: daddr:100932208
[  222.700677] AAAAA-TCP_FORW: name:enp0s3: saddr:33561200: daddr:100932208
[  222.808280] AAAAA-TCP_FORW: name:enp0s3: saddr:100932208: daddr:16783984
[  222.843762] AAAAA-TCP_FORW: name:enp0s3: saddr:100932208: daddr:16783984
[  222.864368] AAAAA-TCP_FORW: name:enp0s3: saddr:33561200: daddr:100932208
[  222.911289] AAAAA-TCP_FORW: name:enp0s3: saddr:100932208: daddr:16783984
[  222.955169] AAAAA-TCP_FORW: name:enp0s3: saddr:33561200: daddr:100932208
[  222.969413] AAAAA-TCP_FORW: name:enp0s3: saddr:100932208: daddr:16783984
[  223.076223] AAAAA-TCP_FORW: name:enp0s3: saddr:33561200: daddr:100932208
[  223.110175] AAAAA-TCP_FORW: name:enp0s3: saddr:100932208: daddr:33561200
[  223.148651] AAAAA-TCP_FORW: name:enp0s3: saddr:100932208: daddr:16783984
[  223.162820] AAAAA-TCP_FORW: name:enp0s3: saddr:100932208: daddr:16783984
[  223.241054] AAAAA-TCP_FORW: name:enp0s3: saddr:100932208: daddr:16783984
[  223.254713] AAAAA-TCP_FORW: name:enp0s3: saddr:33561200: daddr:100932208
[  223.266164] AAAAA-TCP_FORW: name:enp0s3: saddr:100932208: daddr:16783984
[  223.359820] AAAAA-TCP_FORW: name:enp0s3: saddr:100932208: daddr:33561200
[  223.410845] AAAAA-TCP_FORW: name:enp0s3: saddr:33561200: daddr:100932208
[  223.429192] AAAAA-TCP_FORW: name:enp0s3: saddr:100932208: daddr:33561200
[  223.473299] AAAAA-TCP_FORW: name:enp0s3: saddr:100932208: daddr:16783984
[  223.498233] AAAAA-TCP_FORW: name:enp0s3: saddr:33561200: daddr:100932208
[  223.529811] AAAAA-TCP_FORW: name:enp0s3: saddr:100932208: daddr:33561200
[  223.565017] AAAAA-TCP_FORW: name:enp0s3: saddr:100932208: daddr:33561200
[  223.581470] AAAAA-TCP_FORW: name:enp0s3: saddr:100932208: daddr:33561200
[  223.612293] AAAAA-TCP_FORW: name:enp0s3: saddr:100932208: daddr:33561200
[  223.623504] AAAAA-TCP_FORW: name:enp0s3: saddr:100932208: daddr:33561200
[  223.668043] AAAAA-TCP_FORW: name:enp0s3: saddr:100932208: daddr:16783984
[  223.731721] AAAAA-TCP_FORW: name:enp0s3: saddr:100932208: daddr:16783984
[  223.763517] AAAAA-TCP_FORW: name:enp0s3: saddr:33561200: daddr:100932208
[  223.835590] AAAAA-TCP_FORW: name:enp0s3: saddr:33561200: daddr:100932208
[  223.874358] AAAAA-TCP_FORW: name:enp0s3: saddr:100932208: daddr:16783984
[  223.964624] AAAAA-TCP_FORW: name:enp0s3: saddr:100932208: daddr:16783984
[  223.971807] AAAAA-TCP_FORW: name:enp0s3: saddr:16783984: daddr:100932208
[  224.042040] AAAAA-TCP_FORW: name:enp0s3: saddr:100932208: daddr:16783984
[  224.051238] AAAAA-TCP_FORW: name:enp0s3: saddr:16783984: daddr:100932208
[  224.170111] AAAAA-TCP_FORW: name:enp0s3: saddr:100932208: daddr:16783984
[  224.249967] AAAAA-TCP_FORW: name:enp0s3: saddr:100932208: daddr:16783984
[  224.261890] AAAAA-TCP_FORW: name:enp0s3: saddr:16783984: daddr:100932208
[  224.265412] AAAAA-TCP_FORW: name:enp0s3: saddr:100932208: daddr:16783984
[  224.269505] AAAAA-TCP_FORW: name:enp0s3: saddr:16783984: daddr:100932208
[  224.453542] AAAAA-TCP_FORW: name:enp0s3: saddr:16783984: daddr:100932208
[  224.499655] AAAAA-TCP_FORW: name:enp0s3: saddr:100932208: daddr:33561200
[  224.652040] AAAAA-TCP_FORW: name:enp0s3: saddr:33561200: daddr:100932208
[  225.026957] AAAAA-TCP_FORW: name:enp0s3: saddr:16783984: daddr:100932208
[  225.409271] AAAAA-TCP_FORW: name:enp0s3: saddr:100932208: daddr:16783984
[  225.714101] AAAAA-TCP_FORW: name:enp0s3: saddr:100932208: daddr:33561200
[  225.764816] AAAAA-TCP_FORW: name:enp0s3: saddr:100932208: daddr:33561200
[  226.223082] AAAAA-TCP_FORW: name:enp0s3: saddr:100932208: daddr:33561200
[  226.554760] AAAAA-TCP_FORW: name:enp0s3: saddr:100932208: daddr:33561200
[  226.622961] AAAAA-TCP_FORW: name:enp0s3: saddr:100932208: daddr:16783984
[  241.969979] AAAAA-TCP_FORW: name:enp0s3: saddr:100932208: daddr:33561200
[  242.048542] AAAAA-TCP_FORW: name:enp0s3: saddr:100932208: daddr:33561200
[  242.112884] AAAAA-TCP_FORW: name:enp0s3: saddr:100932208: daddr:33561200
[  242.165691] AAAAA-TCP_FORW: name:enp0s3: saddr:100932208: daddr:33561200
[  242.259286] AAAAA-TCP_FORW: name:enp0s3: saddr:100932208: daddr:33561200
[  242.335317] AAAAA-TCP_FORW: name:enp0s3: saddr:100932208: daddr:33561200
[  242.367410] AAAAA-TCP_FORW: name:enp0s3: saddr:100932208: daddr:33561200
[  242.482849] AAAAA-TCP_FORW: name:enp0s3: saddr:100932208: daddr:33561200
[  242.560603] AAAAA-TCP_FORW: name:enp0s3: saddr:100932208: daddr:33561200
[  242.645333] AAAAA-TCP_FORW: name:enp0s3: saddr:100932208: daddr:33561200
[  242.716845] AAAAA-TCP_FORW: name:enp0s3: saddr:100932208: daddr:33561200
[  242.811279] AAAAA-TCP_FORW: name:enp0s3: saddr:100932208: daddr:33561200
[  242.839827] AAAAA-TCP_FORW: name:enp0s3: saddr:100932208: daddr:33561200
[  242.946950] AAAAA-TCP_FORW: name:enp0s3: saddr:100932208: daddr:33561200
[  243.008671] AAAAA-TCP_FORW: name:enp0s3: saddr:100932208: daddr:33561200
[  243.068560] AAAAA-TCP_FORW: name:enp0s3: saddr:100932208: daddr:33561200
[  243.188250] AAAAA-TCP_FORW: name:enp0s3: saddr:100932208: daddr:16783984
[  243.214666] AAAAA-TCP_FORW: name:enp0s3: saddr:100932208: daddr:16783984
[  243.372741] AAAAA-TCP_FORW: name:enp0s3: saddr:100932208: daddr:16783984
[  243.431517] AAAAA-TCP_FORW: name:enp0s3: saddr:100932208: daddr:16783984
[  243.521342] AAAAA-TCP_FORW: name:enp0s3: saddr:100932208: daddr:16783984
[  243.563135] AAAAA-TCP_FORW: name:enp0s3: saddr:100932208: daddr:16783984
[  243.625778] AAAAA-TCP_FORW: name:enp0s3: saddr:100932208: daddr:16783984
[  243.728795] AAAAA-TCP_FORW: name:enp0s3: saddr:100932208: daddr:16783984
[  243.791069] AAAAA-TCP_FORW: name:enp0s3: saddr:100932208: daddr:16783984
[  243.864820] AAAAA-TCP_FORW: name:enp0s3: saddr:100932208: daddr:16783984
[  243.985949] AAAAA-TCP_FORW: name:enp0s3: saddr:100932208: daddr:16783984
[  244.052489] AAAAA-TCP_FORW: name:enp0s3: saddr:100932208: daddr:16783984
[  244.144333] AAAAA-TCP_FORW: name:enp0s3: saddr:100932208: daddr:16783984
[  244.201253] AAAAA-TCP_FORW: name:enp0s3: saddr:100932208: daddr:16783984
[  244.246336] AAAAA-TCP_FORW: name:enp0s3: saddr:100932208: daddr:33561200
[  244.286231] AAAAA-TCP_FORW: name:enp0s3: saddr:100932208: daddr:33561200
[  244.357560] AAAAA-TCP_FORW: name:enp0s3: saddr:100932208: daddr:33561200
[  244.468657] AAAAA-TCP_FORW: name:enp0s3: saddr:100932208: daddr:33561200
[  244.623041] AAAAA-TCP_FORW: name:enp0s3: saddr:100932208: daddr:33561200
[  244.743215] AAAAA-TCP_FORW: name:enp0s3: saddr:100932208: daddr:33561200
[  244.836593] AAAAA-TCP_FORW: name:enp0s3: saddr:100932208: daddr:33561200
[  244.940472] AAAAA-TCP_FORW: name:enp0s3: saddr:100932208: daddr:33561200
[  245.058242] AAAAA-TCP_FORW: name:enp0s3: saddr:100932208: daddr:33561200
[  245.162803] AAAAA-TCP_FORW: name:enp0s3: saddr:100932208: daddr:33561200
[  245.386911] AAAAA-TCP_FORW: name:enp0s3: saddr:100932208: daddr:33561200
[  245.516609] AAAAA-TCP_FORW: name:enp0s3: saddr:100932208: daddr:33561200
[  245.600904] AAAAA-TCP_FORW: name:enp0s3: saddr:100932208: daddr:33561200
[  245.692996] AAAAA-TCP_FORW: name:enp0s3: saddr:100932208: daddr:33561200
[  245.767052] AAAAA-TCP_FORW: name:enp0s3: saddr:100932208: daddr:33561200
[  245.811010] AAAAA-TCP_FORW: name:enp0s3: saddr:100932208: daddr:33561200
[  245.938545] AAAAA-TCP_FORW: name:enp0s3: saddr:100932208: daddr:33561200
[  246.015772] AAAAA-TCP_FORW: name:enp0s3: saddr:100932208: daddr:33561200
[  246.137638] AAAAA-TCP_FORW: name:enp0s3: saddr:100932208: daddr:33561200
[  246.223824] AAAAA-TCP_FORW: name:enp0s3: saddr:100932208: daddr:33561200
[  246.376702] AAAAA-TCP_FORW: name:enp0s3: saddr:100932208: daddr:33561200
[  246.460959] AAAAA-TCP_FORW: name:enp0s3: saddr:100932208: daddr:33561200
[  246.511449] AAAAA-TCP_FORW: name:enp0s3: saddr:100932208: daddr:33561200
[  246.634276] AAAAA-TCP_FORW: name:enp0s3: saddr:100932208: daddr:33561200
[  246.713446] AAAAA-TCP_FORW: name:enp0s3: saddr:100932208: daddr:33561200
[  246.791667] AAAAA-TCP_FORW: name:enp0s3: saddr:100932208: daddr:33561200
[  246.858722] AAAAA-TCP_FORW: name:enp0s3: saddr:100932208: daddr:16783984
[  247.001027] AAAAA-TCP_FORW: name:enp0s3: saddr:100932208: daddr:16783984
[  247.081016] AAAAA-TCP_FORW: name:enp0s3: saddr:100932208: daddr:16783984
[  247.194650] AAAAA-TCP_FORW: name:enp0s3: saddr:100932208: daddr:16783984
[  247.280532] AAAAA-TCP_FORW: name:enp0s3: saddr:100932208: daddr:16783984
[  247.365875] AAAAA-TCP_FORW: name:enp0s3: saddr:100932208: daddr:16783984
[  247.415947] AAAAA-TCP_FORW: name:enp0s3: saddr:100932208: daddr:16783984
[  247.596306] AAAAA-TCP_FORW: name:enp0s3: saddr:100932208: daddr:16783984
[  247.715095] AAAAA-TCP_FORW: name:enp0s3: saddr:100932208: daddr:16783984
[  247.775883] AAAAA-TCP_FORW: name:enp0s3: saddr:100932208: daddr:16783984
[  247.823790] AAAAA-TCP_FORW: name:enp0s3: saddr:100932208: daddr:16783984
[  247.900978] AAAAA-TCP_FORW: name:enp0s3: saddr:100932208: daddr:16783984
[  247.958708] AAAAA-TCP_FORW: name:enp0s3: saddr:100932208: daddr:16783984
[  248.059624] AAAAA-TCP_FORW: name:enp0s3: saddr:100932208: daddr:16783984
[  248.134603] AAAAA-TCP_FORW: name:enp0s3: saddr:100932208: daddr:16783984
[  248.224746] AAAAA-TCP_FORW: name:enp0s3: saddr:100932208: daddr:16783984
[  248.303608] AAAAA-TCP_FORW: name:enp0s3: saddr:100932208: daddr:16783984
[  248.401708] AAAAA-TCP_FORW: name:enp0s3: saddr:100932208: daddr:16783984
[  248.497105] AAAAA-TCP_FORW: name:enp0s3: saddr:100932208: daddr:16783984
[  248.760334] AAAAA-TCP_FORW: name:enp0s3: saddr:100932208: daddr:16783984
[  248.805330] AAAAA-TCP_FORW: name:enp0s3: saddr:100932208: daddr:16783984
[  248.933503] AAAAA-TCP_FORW: name:enp0s3: saddr:100932208: daddr:16783984
[  248.986504] AAAAA-TCP_FORW: name:enp0s3: saddr:100932208: daddr:16783984
[  249.079561] AAAAA-TCP_FORW: name:enp0s3: saddr:100932208: daddr:16783984
[  249.147901] AAAAA-TCP_FORW: name:enp0s3: saddr:100932208: daddr:16783984
[  249.226025] AAAAA-TCP_FORW: name:enp0s3: saddr:100932208: daddr:33561200
[  249.293694] AAAAA-TCP_FORW: name:enp0s3: saddr:100932208: daddr:33561200
[  249.373330] AAAAA-TCP_FORW: name:enp0s3: saddr:100932208: daddr:33561200
[  249.582135] AAAAA-TCP_FORW: name:enp0s3: saddr:100932208: daddr:33561200
[  249.664314] AAAAA-TCP_FORW: name:enp0s3: saddr:100932208: daddr:33561200
[  249.798340] AAAAA-TCP_FORW: name:enp0s3: saddr:100932208: daddr:33561200
[  249.860663] AAAAA-TCP_FORW: name:enp0s3: saddr:100932208: daddr:33561200
[  249.937768] AAAAA-TCP_FORW: name:enp0s3: saddr:100932208: daddr:33561200
[  250.069608] AAAAA-TCP_FORW: name:enp0s3: saddr:100932208: daddr:33561200
[  250.257319] AAAAA-TCP_FORW: name:enp0s3: saddr:100932208: daddr:33561200
[  250.314554] AAAAA-TCP_FORW: name:enp0s3: saddr:100932208: daddr:33561200
[  250.477064] AAAAA-TCP_FORW: name:enp0s3: saddr:100932208: daddr:33561200
[  250.573883] AAAAA-TCP_FORW: name:enp0s3: saddr:100932208: daddr:33561200
[  250.640250] AAAAA-TCP_FORW: name:enp0s3: saddr:100932208: daddr:33561200
[  250.814807] AAAAA-TCP_FORW: name:enp0s3: saddr:100932208: daddr:33561200
[  250.859621] AAAAA-TCP_FORW: name:enp0s3: saddr:100932208: daddr:33561200
[  250.966381] AAAAA-TCP_FORW: name:enp0s3: saddr:100932208: daddr:33561200
[  251.021601] AAAAA-TCP_FORW: name:enp0s3: saddr:100932208: daddr:33561200
[  251.102092] AAAAA-TCP_FORW: name:enp0s3: saddr:100932208: daddr:33561200
[  251.202205] AAAAA-TCP_FORW: name:enp0s3: saddr:100932208: daddr:33561200
[  251.483979] AAAAA-TCP_FORW: name:enp0s3: saddr:100932208: daddr:33561200
[  251.675072] AAAAA-TCP_FORW: name:enp0s3: saddr:100932208: daddr:33561200
[  251.830190] AAAAA-TCP_FORW: name:enp0s3: saddr:100932208: daddr:33561200
[  252.002656] AAAAA-TCP_FORW: name:enp0s3: saddr:100932208: daddr:33561200
[  252.163797] AAAAA-TCP_FORW: name:enp0s3: saddr:100932208: daddr:33561200
[  252.271071] AAAAA-TCP_FORW: name:enp0s3: saddr:100932208: daddr:33561200
[  252.318486] AAAAA-TCP_FORW: name:enp0s3: saddr:100932208: daddr:33561200
[  252.386774] AAAAA-TCP_FORW: name:enp0s3: saddr:100932208: daddr:33561200
[  252.441170] AAAAA-TCP_FORW: name:enp0s3: saddr:100932208: daddr:33561200
[  252.527412] AAAAA-TCP_FORW: name:enp0s3: saddr:100932208: daddr:33561200
[  252.574247] AAAAA-TCP_FORW: name:enp0s3: saddr:100932208: daddr:33561200
[  252.616965] AAAAA-TCP_FORW: name:enp0s3: saddr:100932208: daddr:33561200
[  252.638260] AAAAA-TCP_FORW: name:enp0s3: saddr:100932208: daddr:16783984
[  252.679725] AAAAA-TCP_FORW: name:enp0s3: saddr:100932208: daddr:16783984
[  252.753222] AAAAA-TCP_FORW: name:enp0s3: saddr:100932208: daddr:16783984
[  252.786647] AAAAA-TCP_FORW: name:enp0s3: saddr:100932208: daddr:16783984
[  252.856263] AAAAA-TCP_FORW: name:enp0s3: saddr:100932208: daddr:16783984
[  252.922027] AAAAA-TCP_FORW: name:enp0s3: saddr:100932208: daddr:33561200
[  252.944931] AAAAA-TCP_FORW: name:enp0s3: saddr:100932208: daddr:33561200
[  253.000233] AAAAA-TCP_FORW: name:enp0s3: saddr:100932208: daddr:33561200
[  253.081977] AAAAA-TCP_FORW: name:enp0s3: saddr:100932208: daddr:33561200
[  253.132093] AAAAA-TCP_FORW: name:enp0s3: saddr:100932208: daddr:33561200
[  253.195596] AAAAA-TCP_FORW: name:enp0s3: saddr:100932208: daddr:33561200
[  253.266512] AAAAA-TCP_FORW: name:enp0s3: saddr:100932208: daddr:16783984
[  253.315096] AAAAA-TCP_FORW: name:enp0s3: saddr:100932208: daddr:33561200
[  253.453848] AAAAA-TCP_FORW: name:enp0s3: saddr:100932208: daddr:16783984
[  253.530216] AAAAA-TCP_FORW: name:enp0s3: saddr:100932208: daddr:16783984
[  253.547732] AAAAA-TCP_FORW: name:enp0s3: saddr:100932208: daddr:16783984
[  253.591181] AAAAA-TCP_FORW: name:enp0s3: saddr:100932208: daddr:16783984
[  253.722225] AAAAA-TCP_FORW: name:enp0s3: saddr:100932208: daddr:16783984
[  253.772818] AAAAA-TCP_FORW: name:enp0s3: saddr:100932208: daddr:16783984
[  253.862728] AAAAA-TCP_FORW: name:enp0s3: saddr:100932208: daddr:16783984
[  253.955391] AAAAA-TCP_FORW: name:enp0s3: saddr:100932208: daddr:16783984
[  254.002948] AAAAA-TCP_FORW: name:enp0s3: saddr:100932208: daddr:16783984
[  254.045236] AAAAA-TCP_FORW: name:enp0s3: saddr:100932208: daddr:16783984
[  254.080874] AAAAA-TCP_FORW: name:enp0s3: saddr:100932208: daddr:16783984
[  254.132142] AAAAA-TCP_FORW: name:enp0s3: saddr:100932208: daddr:16783984
[  254.176081] AAAAA-TCP_FORW: name:enp0s3: saddr:100932208: daddr:16783984
[  254.241848] AAAAA-TCP_FORW: name:enp0s3: saddr:100932208: daddr:16783984
[  254.292608] AAAAA-TCP_FORW: name:enp0s3: saddr:100932208: daddr:16783984
[  256.650351] AAAAA-TCP_FORW: name:enp0s3: saddr:100932208: daddr:33561200
[  256.689594] AAAAA-TCP_FORW: name:enp0s3: saddr:100932208: daddr:33561200
[  256.750370] AAAAA-TCP_FORW: name:enp0s3: saddr:100932208: daddr:33561200
[  256.787672] AAAAA-TCP_FORW: name:enp0s3: saddr:100932208: daddr:33561200
[  256.858480] AAAAA-TCP_FORW: name:enp0s3: saddr:100932208: daddr:33561200
[  257.098933] AAAAA-TCP_FORW: name:enp0s3: saddr:100932208: daddr:33561200
[  257.166292] AAAAA-TCP_FORW: name:enp0s3: saddr:100932208: daddr:33561200
[  257.639222] AAAAA-TCP_FORW: name:enp0s3: saddr:100932208: daddr:33561200
[  257.713060] AAAAA-TCP_FORW: name:enp0s3: saddr:100932208: daddr:33561200
[  257.800424] AAAAA-TCP_FORW: name:enp0s3: saddr:100932208: daddr:33561200
[  257.893613] AAAAA-TCP_FORW: name:enp0s3: saddr:100932208: daddr:33561200
[  257.992795] AAAAA-TCP_FORW: name:enp0s3: saddr:100932208: daddr:33561200
[  258.245435] AAAAA-TCP_FORW: name:enp0s3: saddr:100932208: daddr:33561200
[  258.296578] AAAAA-TCP_FORW: name:enp0s3: saddr:100932208: daddr:33561200
[  258.556635] AAAAA-TCP_FORW: name:enp0s3: saddr:100932208: daddr:33561200
[  258.635821] AAAAA-TCP_FORW: name:enp0s3: saddr:100932208: daddr:33561200
[  258.706921] AAAAA-TCP_FORW: name:enp0s3: saddr:100932208: daddr:33561200
[  258.826878] AAAAA-TCP_FORW: name:enp0s3: saddr:100932208: daddr:33561200
[  258.937734] AAAAA-TCP_FORW: name:enp0s3: saddr:100932208: daddr:16783984
[  259.003979] AAAAA-TCP_FORW: name:enp0s3: saddr:100932208: daddr:16783984
[  259.073692] AAAAA-TCP_FORW: name:enp0s3: saddr:100932208: daddr:16783984
[  259.168216] AAAAA-TCP_FORW: name:enp0s3: saddr:100932208: daddr:16783984
[  259.255615] AAAAA-TCP_FORW: name:enp0s3: saddr:100932208: daddr:16783984
[  259.329315] AAAAA-TCP_FORW: name:enp0s3: saddr:100932208: daddr:16783984
[  259.413701] AAAAA-TCP_FORW: name:enp0s3: saddr:100932208: daddr:16783984
[  259.512500] AAAAA-TCP_FORW: name:enp0s3: saddr:100932208: daddr:16783984
[  259.557393] AAAAA-TCP_FORW: name:enp0s3: saddr:100932208: daddr:16783984
[  259.603904] AAAAA-TCP_FORW: name:enp0s3: saddr:100932208: daddr:16783984
[  259.668850] AAAAA-TCP_FORW: name:enp0s3: saddr:100932208: daddr:16783984
[  259.751605] AAAAA-TCP_FORW: name:enp0s3: saddr:100932208: daddr:16783984
[  259.802395] AAAAA-TCP_FORW: name:enp0s3: saddr:100932208: daddr:16783984
[  259.882336] AAAAA-TCP_FORW: name:enp0s3: saddr:100932208: daddr:16783984
[  259.927699] AAAAA-TCP_FORW: name:enp0s3: saddr:100932208: daddr:16783984
[  260.018735] AAAAA-TCP_FORW: name:enp0s3: saddr:100932208: daddr:33561200
[  260.104612] AAAAA-TCP_FORW: name:enp0s3: saddr:100932208: daddr:33561200
[  260.226193] AAAAA-TCP_FORW: name:enp0s3: saddr:100932208: daddr:33561200
[  261.601333] AAAAA-TCP_FORW: name:enp0s3: saddr:100932208: daddr:16783984
[  261.662740] AAAAA-TCP_FORW: name:enp0s3: saddr:100932208: daddr:16783984
[  261.741496] AAAAA-TCP_FORW: name:enp0s3: saddr:100932208: daddr:16783984
[  261.838842] AAAAA-TCP_FORW: name:enp0s3: saddr:100932208: daddr:16783984
[  261.896702] AAAAA-TCP_FORW: name:enp0s3: saddr:100932208: daddr:16783984
[  262.229745] AAAAA-TCP_FORW: name:enp0s3: saddr:100932208: daddr:16783984
[  262.287345] AAAAA-TCP_FORW: name:enp0s3: saddr:100932208: daddr:16783984
[  262.767317] AAAAA-TCP_FORW: name:enp0s3: saddr:100932208: daddr:16783984
[  262.938176] AAAAA-TCP_FORW: name:enp0s3: saddr:100932208: daddr:16783984
[  263.194631] AAAAA-TCP_FORW: name:enp0s3: saddr:100932208: daddr:16783984
[  263.271821] AAAAA-TCP_FORW: name:enp0s3: saddr:100932208: daddr:16783984
[  263.473431] AAAAA-TCP_FORW: name:enp0s3: saddr:100932208: daddr:16783984
[  263.633650] AAAAA-TCP_FORW: name:enp0s3: saddr:100932208: daddr:16783984
[  263.845319] AAAAA-TCP_FORW: name:enp0s3: saddr:100932208: daddr:16783984
[  264.262356] AAAAA-TCP_FORW: name:enp0s3: saddr:100932208: daddr:16783984
[  264.347877] AAAAA-TCP_FORW: name:enp0s3: saddr:100932208: daddr:33561200
[  264.473963] AAAAA-TCP_FORW: name:enp0s3: saddr:100932208: daddr:33561200
[  264.543858] AAAAA-TCP_FORW: name:enp0s3: saddr:100932208: daddr:33561200
[  264.907803] AAAAA-TCP_FORW: name:enp0s3: saddr:100932208: daddr:33561200
[  265.038774] AAAAA-TCP_FORW: name:enp0s3: saddr:16783984: daddr:100932208
[  265.292809] AAAAA-TCP_FORW: name:enp0s3: saddr:100932208: daddr:33561200
[  265.402807] AAAAA-TCP_FORW: name:enp0s3: saddr:16783984: daddr:100932208
[  265.595659] AAAAA-TCP_FORW: name:enp0s3: saddr:100932208: daddr:33561200
[  265.678551] AAAAA-TCP_FORW: name:enp0s3: saddr:16783984: daddr:100932208
[  265.739250] AAAAA-TCP_FORW: name:enp0s3: saddr:100932208: daddr:33561200
[  265.741492] AAAAA-TCP_FORW: name:enp0s3: saddr:100932208: daddr:33561200
[  265.813159] AAAAA-TCP_FORW: name:enp0s3: saddr:100932208: daddr:33561200
[  265.818669] AAAAA-TCP_FORW: name:enp0s3: saddr:16783984: daddr:100932208
[  265.974282] AAAAA-TCP_FORW: name:enp0s3: saddr:16783984: daddr:100932208
[  265.988998] AAAAA-TCP_FORW: name:enp0s3: saddr:100932208: daddr:33561200
[  266.064120] AAAAA-TCP_FORW: name:enp0s3: saddr:100932208: daddr:33561200
[  266.093720] AAAAA-TCP_FORW: name:enp0s3: saddr:16783984: daddr:100932208
[  266.174250] AAAAA-TCP_FORW: name:enp0s3: saddr:100932208: daddr:33561200
[  266.226494] AAAAA-TCP_FORW: name:enp0s3: saddr:16783984: daddr:100932208
[  266.335064] AAAAA-TCP_FORW: name:enp0s3: saddr:16783984: daddr:100932208
[  266.352564] AAAAA-TCP_FORW: name:enp0s3: saddr:100932208: daddr:33561200
[  266.375980] AAAAA-TCP_FORW: name:enp0s3: saddr:16783984: daddr:100932208
[  266.420167] AAAAA-TCP_FORW: name:enp0s3: saddr:16783984: daddr:100932208
[  266.476605] AAAAA-TCP_FORW: name:enp0s3: saddr:16783984: daddr:100932208
[  266.602323] AAAAA-TCP_FORW: name:enp0s3: saddr:16783984: daddr:100932208
[  266.658281] AAAAA-TCP_FORW: name:enp0s3: saddr:100932208: daddr:33561200
[  266.797067] AAAAA-TCP_FORW: name:enp0s3: saddr:100932208: daddr:16783984
[  266.823529] AAAAA-TCP_FORW: name:enp0s3: saddr:16783984: daddr:100932208
[  266.849082] AAAAA-TCP_FORW: name:enp0s3: saddr:33561200: daddr:100932208
[  266.907695] AAAAA-TCP_FORW: name:enp0s3: saddr:100932208: daddr:16783984
[  267.027818] AAAAA-TCP_FORW: name:enp0s3: saddr:33561200: daddr:100932208
[  267.106650] AAAAA-TCP_FORW: name:enp0s3: saddr:100932208: daddr:16783984
[  267.304194] AAAAA-TCP_FORW: name:enp0s3: saddr:16783984: daddr:100932208
[  267.321079] AAAAA-TCP_FORW: name:enp0s3: saddr:33561200: daddr:100932208
[  267.383241] AAAAA-TCP_FORW: name:enp0s3: saddr:100932208: daddr:16783984
[  267.519396] AAAAA-TCP_FORW: name:enp0s3: saddr:16783984: daddr:100932208
[  267.666477] AAAAA-TCP_FORW: name:enp0s3: saddr:100932208: daddr:16783984
[  267.687459] AAAAA-TCP_FORW: name:enp0s3: saddr:33561200: daddr:100932208
[  268.186554] AAAAA-TCP_FORW: name:enp0s3: saddr:100932208: daddr:16783984
[  268.351183] AAAAA-TCP_FORW: name:enp0s3: saddr:33561200: daddr:100932208
[  268.409363] AAAAA-TCP_FORW: name:enp0s3: saddr:100932208: daddr:16783984
[  268.411129] AAAAA-TCP_FORW: name:enp0s3: saddr:100932208: daddr:16783984
[  268.435721] AAAAA-TCP_FORW: name:enp0s3: saddr:33561200: daddr:100932208
[  268.464493] AAAAA-TCP_FORW: name:enp0s3: saddr:100932208: daddr:16783984
[  268.537438] AAAAA-TCP_FORW: name:enp0s3: saddr:33561200: daddr:100932208
[  268.773107] AAAAA-TCP_FORW: name:enp0s3: saddr:33561200: daddr:100932208
[  268.780704] AAAAA-TCP_FORW: name:enp0s3: saddr:100932208: daddr:33561200
[  268.826206] AAAAA-TCP_FORW: name:enp0s3: saddr:100932208: daddr:16783984
[  268.859022] AAAAA-TCP_FORW: name:enp0s3: saddr:33561200: daddr:100932208
[  268.883736] AAAAA-TCP_FORW: name:enp0s3: saddr:33561200: daddr:100932208
[  268.893103] AAAAA-TCP_FORW: name:enp0s3: saddr:100932208: daddr:33561200
[  269.009431] AAAAA-TCP_FORW: name:enp0s3: saddr:100932208: daddr:33561200
[  269.048660] AAAAA-TCP_FORW: name:enp0s3: saddr:33561200: daddr:100932208
[  269.062772] AAAAA-TCP_FORW: name:enp0s3: saddr:100932208: daddr:16783984
[  269.129075] AAAAA-TCP_FORW: name:enp0s3: saddr:33561200: daddr:100932208
[  269.288747] AAAAA-TCP_FORW: name:enp0s3: saddr:33561200: daddr:100932208
[  269.333422] AAAAA-TCP_FORW: name:enp0s3: saddr:100932208: daddr:16783984
[  269.395808] AAAAA-TCP_FORW: name:enp0s3: saddr:100932208: daddr:16783984
[  269.421425] AAAAA-TCP_FORW: name:enp0s3: saddr:33561200: daddr:100932208
[  269.583314] AAAAA-TCP_FORW: name:enp0s3: saddr:16783984: daddr:100932208
[  269.714865] AAAAA-TCP_FORW: name:enp0s3: saddr:16783984: daddr:100932208
[  269.794366] AAAAA-TCP_FORW: name:enp0s3: saddr:100932208: daddr:16783984
[  269.834138] AAAAA-TCP_FORW: name:enp0s3: saddr:16783984: daddr:100932208
[  270.027102] AAAAA-TCP_FORW: name:enp0s3: saddr:100932208: daddr:16783984
[  270.096655] AAAAA-TCP_FORW: name:enp0s3: saddr:100932208: daddr:16783984
[  270.203067] AAAAA-TCP_FORW: name:enp0s3: saddr:16783984: daddr:100932208
[  270.216674] AAAAA-TCP_FORW: name:enp0s3: saddr:100932208: daddr:16783984
[  270.350311] AAAAA-TCP_FORW: name:enp0s3: saddr:100932208: daddr:16783984
[  270.393773] AAAAA-TCP_FORW: name:enp0s3: saddr:16783984: daddr:100932208
[  270.442657] AAAAA-TCP_FORW: name:enp0s3: saddr:100932208: daddr:16783984
[  270.469316] AAAAA-TCP_FORW: name:enp0s3: saddr:16783984: daddr:100932208
[  270.537081] AAAAA-TCP_FORW: name:enp0s3: saddr:100932208: daddr:16783984
[  270.586889] AAAAA-TCP_FORW: name:enp0s3: saddr:16783984: daddr:100932208
[  270.680701] AAAAA-TCP_FORW: name:enp0s3: saddr:16783984: daddr:100932208
[  270.715647] AAAAA-TCP_FORW: name:enp0s3: saddr:100932208: daddr:16783984
[  270.873177] AAAAA-TCP_FORW: name:enp0s3: saddr:100932208: daddr:33561200
[  270.905337] AAAAA-TCP_FORW: name:enp0s3: saddr:100932208: daddr:33561200
[  270.915857] AAAAA-TCP_FORW: name:enp0s3: saddr:33561200: daddr:100932208
[  271.078852] AAAAA-TCP_FORW: name:enp0s3: saddr:16783984: daddr:100932208
[  271.094012] AAAAA-TCP_FORW: name:enp0s3: saddr:100932208: daddr:16783984
[  271.174212] AAAAA-TCP_FORW: name:enp0s3: saddr:100932208: daddr:33561200
[  271.176366] AAAAA-TCP_FORW: name:enp0s3: saddr:33561200: daddr:100932208
[  271.244857] AAAAA-TCP_FORW: name:enp0s3: saddr:100932208: daddr:33561200
[  271.294480] AAAAA-TCP_FORW: name:enp0s3: saddr:33561200: daddr:100932208
[  271.476489] AAAAA-TCP_FORW: name:enp0s3: saddr:16783984: daddr:100932208
[  271.583785] AAAAA-TCP_FORW: name:enp0s3: saddr:100932208: daddr:16783984
[  271.686624] AAAAA-TCP_FORW: name:enp0s3: saddr:16783984: daddr:100932208
[  271.784348] AAAAA-TCP_FORW: name:enp0s3: saddr:16783984: daddr:100932208
[  272.088489] AAAAA-TCP_FORW: name:enp0s3: saddr:16783984: daddr:100932208
[  272.294556] AAAAA-TCP_FORW: name:enp0s3: saddr:16783984: daddr:100932208
[  272.327447] AAAAA-TCP_FORW: name:enp0s3: saddr:100932208: daddr:33561200
[  272.388734] AAAAA-TCP_FORW: name:enp0s3: saddr:100932208: daddr:33561200
[  272.423903] AAAAA-TCP_FORW: name:enp0s3: saddr:16783984: daddr:100932208
[  272.451312] AAAAA-TCP_FORW: name:enp0s3: saddr:100932208: daddr:33561200
[  272.539967] AAAAA-TCP_FORW: name:enp0s3: saddr:100932208: daddr:33561200
[  272.598939] AAAAA-TCP_FORW: name:enp0s3: saddr:100932208: daddr:33561200
[  272.624609] AAAAA-TCP_FORW: name:enp0s3: saddr:16783984: daddr:100932208
[  272.696746] AAAAA-TCP_FORW: name:enp0s3: saddr:100932208: daddr:33561200
[  272.766081] AAAAA-TCP_FORW: name:enp0s3: saddr:100932208: daddr:33561200
[  272.791815] AAAAA-TCP_FORW: name:enp0s3: saddr:16783984: daddr:100932208
[  272.835130] AAAAA-TCP_FORW: name:enp0s3: saddr:100932208: daddr:33561200
[  272.933574] AAAAA-TCP_FORW: name:enp0s3: saddr:16783984: daddr:100932208
[  272.975021] AAAAA-TCP_FORW: name:enp0s3: saddr:100932208: daddr:33561200
[  273.023203] AAAAA-TCP_FORW: name:enp0s3: saddr:100932208: daddr:33561200
[  273.103727] AAAAA-TCP_FORW: name:enp0s3: saddr:100932208: daddr:33561200
[  273.159158] AAAAA-TCP_FORW: name:enp0s3: saddr:100932208: daddr:33561200
[  273.467224] AAAAA-TCP_FORW: name:enp0s3: saddr:100932208: daddr:33561200
[  273.497086] AAAAA-TCP_FORW: name:enp0s3: saddr:100932208: daddr:16783984
[  273.531681] AAAAA-TCP_FORW: name:enp0s3: saddr:100932208: daddr:16783984
[  273.601917] AAAAA-TCP_FORW: name:enp0s3: saddr:100932208: daddr:16783984
[  273.644694] AAAAA-TCP_FORW: name:enp0s3: saddr:100932208: daddr:16783984
[  273.813630] AAAAA-TCP_FORW: name:enp0s3: saddr:100932208: daddr:16783984
[  273.842435] AAAAA-TCP_FORW: name:enp0s3: saddr:100932208: daddr:16783984
[  273.876416] AAAAA-TCP_FORW: name:enp0s3: saddr:100932208: daddr:16783984
[  273.898464] AAAAA-TCP_FORW: name:enp0s3: saddr:100932208: daddr:16783984
[  273.953811] AAAAA-TCP_FORW: name:enp0s3: saddr:100932208: daddr:16783984
[  274.087899] AAAAA-TCP_FORW: name:enp0s3: saddr:100932208: daddr:33561200
[  274.163013] AAAAA-TCP_FORW: name:enp0s3: saddr:100932208: daddr:33561200
[  274.289162] AAAAA-TCP_FORW: name:enp0s3: saddr:100932208: daddr:33561200
[  274.353218] AAAAA-TCP_FORW: name:enp0s3: saddr:100932208: daddr:33561200
[  274.423682] AAAAA-TCP_FORW: name:enp0s3: saddr:100932208: daddr:16783984
[  274.584209] AAAAA-TCP_FORW: name:enp0s3: saddr:100932208: daddr:16783984
[  274.649953] AAAAA-TCP_FORW: name:enp0s3: saddr:100932208: daddr:16783984
[  274.697567] AAAAA-TCP_FORW: name:enp0s3: saddr:100932208: daddr:16783984
[  274.799364] AAAAA-TCP_FORW: name:enp0s3: saddr:100932208: daddr:16783984
[  274.854762] AAAAA-TCP_FORW: name:enp0s3: saddr:100932208: daddr:33561200
[  274.898830] AAAAA-TCP_FORW: name:enp0s3: saddr:100932208: daddr:16783984
[  274.949655] AAAAA-TCP_FORW: name:enp0s3: saddr:100932208: daddr:33561200
[  275.025783] AAAAA-TCP_FORW: name:enp0s3: saddr:100932208: daddr:33561200
[  275.095050] AAAAA-TCP_FORW: name:enp0s3: saddr:100932208: daddr:16783984
[  275.141578] AAAAA-TCP_FORW: name:enp0s3: saddr:100932208: daddr:16783984
[  275.194642] AAAAA-TCP_FORW: name:enp0s3: saddr:100932208: daddr:16783984
[  275.238224] AAAAA-TCP_FORW: name:enp0s3: saddr:100932208: daddr:33561200
[  275.298646] AAAAA-TCP_FORW: name:enp0s3: saddr:100932208: daddr:33561200
[  275.381979] AAAAA-TCP_FORW: name:enp0s3: saddr:100932208: daddr:33561200
[  275.444764] AAAAA-TCP_FORW: name:enp0s3: saddr:100932208: daddr:33561200
[  275.484299] AAAAA-TCP_FORW: name:enp0s3: saddr:100932208: daddr:33561200
[  275.525107] AAAAA-TCP_FORW: name:enp0s3: saddr:100932208: daddr:33561200
[  275.576863] AAAAA-TCP_FORW: name:enp0s3: saddr:100932208: daddr:33561200
[  275.833766] AAAAA-TCP_FORW: name:enp0s3: saddr:100932208: daddr:16783984
[  275.975711] AAAAA-TCP_FORW: name:enp0s3: saddr:100932208: daddr:16783984
[  276.033429] AAAAA-TCP_FORW: name:enp0s3: saddr:100932208: daddr:16783984
[  276.099841] AAAAA-TCP_FORW: name:enp0s3: saddr:100932208: daddr:16783984
[  276.175085] AAAAA-TCP_FORW: name:enp0s3: saddr:100932208: daddr:16783984
[  276.253217] AAAAA-TCP_FORW: name:enp0s3: saddr:100932208: daddr:16783984
[  276.346779] AAAAA-TCP_FORW: name:enp0s3: saddr:100932208: daddr:16783984
[  276.430021] AAAAA-TCP_FORW: name:enp0s3: saddr:100932208: daddr:16783984
[  276.564989] AAAAA-TCP_FORW: name:enp0s3: saddr:100932208: daddr:16783984
[  276.769745] AAAAA-TCP_FORW: name:enp0s3: saddr:100932208: daddr:16783984
[  276.828873] AAAAA-TCP_FORW: name:enp0s3: saddr:100932208: daddr:16783984
[  276.842530] AAAAA-TCP_FORW: name:enp0s3: saddr:100932208: daddr:16783984
[  276.980396] AAAAA-TCP_FORW: name:enp0s3: saddr:100932208: daddr:33561200
[  277.123562] AAAAA-TCP_FORW: name:enp0s3: saddr:100932208: daddr:33561200
[  277.216214] AAAAA-TCP_FORW: name:enp0s3: saddr:100932208: daddr:33561200
[  277.300477] AAAAA-TCP_FORW: name:enp0s3: saddr:100932208: daddr:33561200
[  277.331973] AAAAA-TCP_FORW: name:enp0s3: saddr:100932208: daddr:16783984
[  277.544284] AAAAA-TCP_FORW: name:enp0s3: saddr:100932208: daddr:16783984
[  277.994071] AAAAA-TCP_FORW: name:enp0s3: saddr:100932208: daddr:16783984
[  278.107114] AAAAA-TCP_FORW: name:enp0s3: saddr:100932208: daddr:16783984
[  278.353506] AAAAA-TCP_FORW: name:enp0s3: saddr:100932208: daddr:33561200
[  278.396628] AAAAA-TCP_FORW: name:enp0s3: saddr:100932208: daddr:16783984
[  278.462685] AAAAA-TCP_FORW: name:enp0s3: saddr:100932208: daddr:33561200
[  278.597260] AAAAA-TCP_FORW: name:enp0s3: saddr:100932208: daddr:33561200
[  278.684785] AAAAA-TCP_FORW: name:enp0s3: saddr:100932208: daddr:16783984
[  278.808523] AAAAA-TCP_FORW: name:enp0s3: saddr:100932208: daddr:16783984
[  278.894662] AAAAA-TCP_FORW: name:enp0s3: saddr:100932208: daddr:16783984
[  279.001562] AAAAA-TCP_FORW: name:enp0s3: saddr:100932208: daddr:33561200
[  279.071620] AAAAA-TCP_FORW: name:enp0s3: saddr:100932208: daddr:33561200
[  279.125495] AAAAA-TCP_FORW: name:enp0s3: saddr:100932208: daddr:33561200
[  279.247027] AAAAA-TCP_FORW: name:enp0s3: saddr:100932208: daddr:33561200
[  279.358893] AAAAA-TCP_FORW: name:enp0s3: saddr:100932208: daddr:33561200
[  279.457127] AAAAA-TCP_FORW: name:enp0s3: saddr:100932208: daddr:33561200
[  279.537966] AAAAA-TCP_FORW: name:enp0s3: saddr:100932208: daddr:33561200
[  279.643976] AAAAA-TCP_FORW: name:enp0s3: saddr:100932208: daddr:33561200
[  279.709064] AAAAA-TCP_FORW: name:enp0s3: saddr:100932208: daddr:16783984
[  279.759958] AAAAA-TCP_FORW: name:enp0s3: saddr:100932208: daddr:16783984
[  279.848356] AAAAA-TCP_FORW: name:enp0s3: saddr:100932208: daddr:16783984
[  279.897602] AAAAA-TCP_FORW: name:enp0s3: saddr:100932208: daddr:16783984
[  279.958337] AAAAA-TCP_FORW: name:enp0s3: saddr:100932208: daddr:16783984
[  280.020889] AAAAA-TCP_FORW: name:enp0s3: saddr:100932208: daddr:16783984
[  280.078997] AAAAA-TCP_FORW: name:enp0s3: saddr:100932208: daddr:16783984
[  280.185064] AAAAA-TCP_FORW: name:enp0s3: saddr:100932208: daddr:16783984
[  280.268325] AAAAA-TCP_FORW: name:enp0s3: saddr:100932208: daddr:16783984
[  280.332004] AAAAA-TCP_FORW: name:enp0s3: saddr:100932208: daddr:16783984
[  280.383521] AAAAA-TCP_FORW: name:enp0s3: saddr:100932208: daddr:16783984
[  280.465755] AAAAA-TCP_FORW: name:enp0s3: saddr:100932208: daddr:16783984
[  280.520928] AAAAA-TCP_FORW: name:enp0s3: saddr:100932208: daddr:16783984
[  280.563060] AAAAA-TCP_FORW: name:enp0s3: saddr:100932208: daddr:16783984
[  280.633289] AAAAA-TCP_FORW: name:enp0s3: saddr:100932208: daddr:33561200
[  280.742528] AAAAA-TCP_FORW: name:enp0s3: saddr:100932208: daddr:33561200
[  280.796099] AAAAA-TCP_FORW: name:enp0s3: saddr:100932208: daddr:33561200
[  280.841864] AAAAA-TCP_FORW: name:enp0s3: saddr:100932208: daddr:33561200
[  280.899664] AAAAA-TCP_FORW: name:enp0s3: saddr:100932208: daddr:33561200
[  280.986897] AAAAA-TCP_FORW: name:enp0s3: saddr:100932208: daddr:16783984
[  281.073841] AAAAA-TCP_FORW: name:enp0s3: saddr:100932208: daddr:16783984
[  281.149910] AAAAA-TCP_FORW: name:enp0s3: saddr:100932208: daddr:16783984
[  281.313466] AAAAA-TCP_FORW: name:enp0s3: saddr:100932208: daddr:16783984
[  281.364718] AAAAA-TCP_FORW: name:enp0s3: saddr:100932208: daddr:33561200
[  281.503432] AAAAA-TCP_FORW: name:enp0s3: saddr:100932208: daddr:16783984
[  281.562446] AAAAA-TCP_FORW: name:enp0s3: saddr:100932208: daddr:33561200
[  281.621861] AAAAA-TCP_FORW: name:enp0s3: saddr:100932208: daddr:33561200
[  281.669650] AAAAA-TCP_FORW: name:enp0s3: saddr:100932208: daddr:33561200
[  281.908370] AAAAA-TCP_FORW: name:enp0s3: saddr:100932208: daddr:16783984
[  282.033704] AAAAA-TCP_FORW: name:enp0s3: saddr:100932208: daddr:16783984
[  282.113274] AAAAA-TCP_FORW: name:enp0s3: saddr:100932208: daddr:33561200
[  282.181345] AAAAA-TCP_FORW: name:enp0s3: saddr:100932208: daddr:33561200
[  282.219402] AAAAA-TCP_FORW: name:enp0s3: saddr:100932208: daddr:33561200
[  282.252083] AAAAA-TCP_FORW: name:enp0s3: saddr:100932208: daddr:33561200
[  282.306013] AAAAA-TCP_FORW: name:enp0s3: saddr:100932208: daddr:33561200
[  282.342475] AAAAA-TCP_FORW: name:enp0s3: saddr:100932208: daddr:33561200
[  282.400906] AAAAA-TCP_FORW: name:enp0s3: saddr:100932208: daddr:33561200
[  282.444983] AAAAA-TCP_FORW: name:enp0s3: saddr:100932208: daddr:33561200
[  282.527991] AAAAA-TCP_FORW: name:enp0s3: saddr:100932208: daddr:33561200
[  294.985426] AAAAA-TCP_FORW: name:enp0s3: saddr:100932208: daddr:16783984
[  295.038158] AAAAA-TCP_FORW: name:enp0s3: saddr:100932208: daddr:16783984
[  295.132043] AAAAA-TCP_FORW: name:enp0s3: saddr:100932208: daddr:16783984
[  295.200595] AAAAA-TCP_FORW: name:enp0s3: saddr:100932208: daddr:16783984
[  295.316562] AAAAA-TCP_FORW: name:enp0s3: saddr:100932208: daddr:16783984
[  295.351206] AAAAA-TCP_FORW: name:enp0s3: saddr:100932208: daddr:16783984
[  295.406710] AAAAA-TCP_FORW: name:enp0s3: saddr:100932208: daddr:16783984
[  295.509038] AAAAA-TCP_FORW: name:enp0s3: saddr:100932208: daddr:16783984
[  295.566501] AAAAA-TCP_FORW: name:enp0s3: saddr:100932208: daddr:16783984
[  295.618443] AAAAA-TCP_FORW: name:enp0s3: saddr:100932208: daddr:16783984
[  295.672056] AAAAA-TCP_FORW: name:enp0s3: saddr:100932208: daddr:16783984
[  295.788019] AAAAA-TCP_FORW: name:enp0s3: saddr:100932208: daddr:16783984
[  295.865520] AAAAA-TCP_FORW: name:enp0s3: saddr:100932208: daddr:16783984
[  295.942532] AAAAA-TCP_FORW: name:enp0s3: saddr:100932208: daddr:33561200
[  296.116164] AAAAA-TCP_FORW: name:enp0s3: saddr:100932208: daddr:33561200
[  296.162838] AAAAA-TCP_FORW: name:enp0s3: saddr:100932208: daddr:33561200
[  296.250825] AAAAA-TCP_FORW: name:enp0s3: saddr:100932208: daddr:33561200
[  296.494177] AAAAA-TCP_FORW: name:enp0s3: saddr:100932208: daddr:33561200
[  296.496714] AAAAA-TCP_FORW: name:enp0s3: saddr:100932208: daddr:33561200
[  296.599515] AAAAA-TCP_FORW: name:enp0s3: saddr:100932208: daddr:33561200
[  296.648881] AAAAA-TCP_FORW: name:enp0s3: saddr:100932208: daddr:33561200
[  296.674980] AAAAA-TCP_FORW: name:enp0s3: saddr:100932208: daddr:33561200
[  296.715946] AAAAA-TCP_FORW: name:enp0s3: saddr:100932208: daddr:33561200
[  296.858570] AAAAA-TCP_FORW: name:enp0s3: saddr:100932208: daddr:33561200
[  296.998678] AAAAA-TCP_FORW: name:enp0s3: saddr:100932208: daddr:33561200
[  297.123196] AAAAA-TCP_FORW: name:enp0s3: saddr:100932208: daddr:33561200
[  297.170180] AAAAA-TCP_FORW: name:enp0s3: saddr:100932208: daddr:33561200
[  297.267818] AAAAA-TCP_FORW: name:enp0s3: saddr:100932208: daddr:33561200
[  297.314181] AAAAA-TCP_FORW: name:enp0s3: saddr:100932208: daddr:33561200
[  297.657331] AAAAA-TCP_FORW: name:enp0s3: saddr:100932208: daddr:16783984
[  297.721043] AAAAA-TCP_FORW: name:enp0s3: saddr:100932208: daddr:16783984
[  297.798045] AAAAA-TCP_FORW: name:enp0s3: saddr:100932208: daddr:16783984
[  297.846846] AAAAA-TCP_FORW: name:enp0s3: saddr:100932208: daddr:16783984
[  297.933189] AAAAA-TCP_FORW: name:enp0s3: saddr:100932208: daddr:16783984
[  298.081591] AAAAA-TCP_FORW: name:enp0s3: saddr:100932208: daddr:16783984
[  298.107900] AAAAA-TCP_FORW: name:enp0s3: saddr:100932208: daddr:16783984
[  298.132207] AAAAA-TCP_FORW: name:enp0s3: saddr:100932208: daddr:16783984
[  298.274101] AAAAA-TCP_FORW: name:enp0s3: saddr:100932208: daddr:16783984
[  298.349489] AAAAA-TCP_FORW: name:enp0s3: saddr:100932208: daddr:16783984
[  298.411526] AAAAA-TCP_FORW: name:enp0s3: saddr:100932208: daddr:16783984
[  298.505792] AAAAA-TCP_FORW: name:enp0s3: saddr:100932208: daddr:16783984
[  298.569988] AAAAA-TCP_FORW: name:enp0s3: saddr:100932208: daddr:16783984
[  298.628305] AAAAA-TCP_FORW: name:enp0s3: saddr:100932208: daddr:16783984
[  298.676755] AAAAA-TCP_FORW: name:enp0s3: saddr:100932208: daddr:16783984
[  298.694483] AAAAA-TCP_FORW: name:enp0s3: saddr:100932208: daddr:16783984
[  298.758262] AAAAA-TCP_FORW: name:enp0s3: saddr:100932208: daddr:16783984
[  298.824421] AAAAA-TCP_FORW: name:enp0s3: saddr:100932208: daddr:33561200
[  298.937491] AAAAA-TCP_FORW: name:enp0s3: saddr:100932208: daddr:33561200
[  298.982371] AAAAA-TCP_FORW: name:enp0s3: saddr:100932208: daddr:33561200
[  299.055110] AAAAA-TCP_FORW: name:enp0s3: saddr:100932208: daddr:33561200
[  299.113005] AAAAA-TCP_FORW: name:enp0s3: saddr:100932208: daddr:33561200
[  299.148277] AAAAA-TCP_FORW: name:enp0s3: saddr:100932208: daddr:33561200
[  299.247437] AAAAA-TCP_FORW: name:enp0s3: saddr:100932208: daddr:33561200
[  299.295763] AAAAA-TCP_FORW: name:enp0s3: saddr:100932208: daddr:33561200
[  299.346117] AAAAA-TCP_FORW: name:enp0s3: saddr:100932208: daddr:33561200
[  299.365985] AAAAA-TCP_FORW: name:enp0s3: saddr:100932208: daddr:33561200
[  299.430725] AAAAA-TCP_FORW: name:enp0s3: saddr:100932208: daddr:33561200
[  299.500424] AAAAA-TCP_FORW: name:enp0s3: saddr:100932208: daddr:33561200
[  299.593365] AAAAA-TCP_FORW: name:enp0s3: saddr:100932208: daddr:33561200
[  299.654981] AAAAA-TCP_FORW: name:enp0s3: saddr:100932208: daddr:33561200
[  299.713723] AAAAA-TCP_FORW: name:enp0s3: saddr:100932208: daddr:33561200
[  299.783371] AAAAA-TCP_FORW: name:enp0s3: saddr:100932208: daddr:33561200
[  299.884387] AAAAA-TCP_FORW: name:enp0s3: saddr:100932208: daddr:33561200
[  299.940596] AAAAA-TCP_FORW: name:enp0s3: saddr:100932208: daddr:33561200
[  300.049262] AAAAA-TCP_FORW: name:enp0s3: saddr:100932208: daddr:33561200
[  300.144712] AAAAA-TCP_FORW: name:enp0s3: saddr:100932208: daddr:33561200
[  300.183230] AAAAA-TCP_FORW: name:enp0s3: saddr:100932208: daddr:33561200
[  300.259049] AAAAA-TCP_FORW: name:enp0s3: saddr:100932208: daddr:33561200
[  300.343518] AAAAA-TCP_FORW: name:enp0s3: saddr:100932208: daddr:33561200
[  300.376546] AAAAA-TCP_FORW: name:enp0s3: saddr:100932208: daddr:33561200
[  300.469636] AAAAA-TCP_FORW: name:enp0s3: saddr:100932208: daddr:16783984
[  300.580077] AAAAA-TCP_FORW: name:enp0s3: saddr:100932208: daddr:16783984
[  300.631636] AAAAA-TCP_FORW: name:enp0s3: saddr:100932208: daddr:16783984
[  300.698712] AAAAA-TCP_FORW: name:enp0s3: saddr:100932208: daddr:16783984
[  300.774014] AAAAA-TCP_FORW: name:enp0s3: saddr:100932208: daddr:16783984
[  300.847190] AAAAA-TCP_FORW: name:enp0s3: saddr:100932208: daddr:16783984
[  300.913988] AAAAA-TCP_FORW: name:enp0s3: saddr:100932208: daddr:16783984
[  301.430962] AAAAA-TCP_FORW: name:enp0s3: saddr:100932208: daddr:33561200
[  301.549615] AAAAA-TCP_FORW: name:enp0s3: saddr:100932208: daddr:33561200
[  301.992753] AAAAA-TCP_FORW: name:enp0s3: saddr:100932208: daddr:33561200
[  302.028786] AAAAA-TCP_FORW: name:enp0s3: saddr:100932208: daddr:33561200
[  302.133888] AAAAA-TCP_FORW: name:enp0s3: saddr:100932208: daddr:33561200
[  302.230356] AAAAA-TCP_FORW: name:enp0s3: saddr:100932208: daddr:33561200
[  302.301538] AAAAA-TCP_FORW: name:enp0s3: saddr:100932208: daddr:33561200
[  302.529032] AAAAA-TCP_FORW: name:enp0s3: saddr:100932208: daddr:33561200
[  302.620664] AAAAA-TCP_FORW: name:enp0s3: saddr:100932208: daddr:33561200
[  302.665539] AAAAA-TCP_FORW: name:enp0s3: saddr:100932208: daddr:33561200
[  302.779747] AAAAA-TCP_FORW: name:enp0s3: saddr:100932208: daddr:33561200
[  302.839506] AAAAA-TCP_FORW: name:enp0s3: saddr:100932208: daddr:33561200
[  302.957059] AAAAA-TCP_FORW: name:enp0s3: saddr:100932208: daddr:33561200
[  303.131260] AAAAA-TCP_FORW: name:enp0s3: saddr:100932208: daddr:33561200
[  304.550800] AAAAA-TCP_FORW: name:enp0s3: saddr:100932208: daddr:33561200
[  328.145185] AAAAA-TCP_FORW: name:enp0s3: saddr:100932208: daddr:33561200
[  328.315661] AAAAA-TCP_FORW: name:enp0s3: saddr:100932208: daddr:33561200
[  328.406686] AAAAA-TCP_FORW: name:enp0s3: saddr:100932208: daddr:33561200
[  328.527128] AAAAA-TCP_FORW: name:enp0s3: saddr:100932208: daddr:33561200
[  328.676867] AAAAA-TCP_FORW: name:enp0s3: saddr:100932208: daddr:33561200
[  328.749059] AAAAA-TCP_FORW: name:enp0s3: saddr:100932208: daddr:33561200
[  328.815168] AAAAA-TCP_FORW: name:enp0s3: saddr:100932208: daddr:33561200
[  328.875543] AAAAA-TCP_FORW: name:enp0s3: saddr:100932208: daddr:33561200
[  328.937373] AAAAA-TCP_FORW: name:enp0s3: saddr:100932208: daddr:33561200
[  329.002684] AAAAA-TCP_FORW: name:enp0s3: saddr:100932208: daddr:33561200
[  329.085488] AAAAA-TCP_FORW: name:enp0s3: saddr:100932208: daddr:33561200
[  329.139985] AAAAA-TCP_FORW: name:enp0s3: saddr:100932208: daddr:33561200
[  329.235866] AAAAA-TCP_FORW: name:enp0s3: saddr:100932208: daddr:33561200
[  329.326904] AAAAA-TCP_FORW: name:enp0s3: saddr:100932208: daddr:33561200
[  329.456172] AAAAA-TCP_FORW: name:enp0s3: saddr:100932208: daddr:33561200
[  329.539518] AAAAA-TCP_FORW: name:enp0s3: saddr:100932208: daddr:33561200
[  329.571679] AAAAA-TCP_FORW: name:enp0s3: saddr:100932208: daddr:33561200
[  329.670123] AAAAA-TCP_FORW: name:enp0s3: saddr:100932208: daddr:33561200
[  329.768881] AAAAA-TCP_FORW: name:enp0s3: saddr:100932208: daddr:16783984
[  329.897912] AAAAA-TCP_FORW: name:enp0s3: saddr:100932208: daddr:16783984
[  329.973411] AAAAA-TCP_FORW: name:enp0s3: saddr:100932208: daddr:16783984
[  330.108735] AAAAA-TCP_FORW: name:enp0s3: saddr:100932208: daddr:16783984
[  330.174777] AAAAA-TCP_FORW: name:enp0s3: saddr:100932208: daddr:16783984
[  330.254763] AAAAA-TCP_FORW: name:enp0s3: saddr:100932208: daddr:16783984
[  330.305193] AAAAA-TCP_FORW: name:enp0s3: saddr:100932208: daddr:16783984
[  330.403115] AAAAA-TCP_FORW: name:enp0s3: saddr:100932208: daddr:16783984
[  330.535504] AAAAA-TCP_FORW: name:enp0s3: saddr:100932208: daddr:16783984
[  330.682534] AAAAA-TCP_FORW: name:enp0s3: saddr:100932208: daddr:16783984
[  330.747957] AAAAA-TCP_FORW: name:enp0s3: saddr:100932208: daddr:16783984
[  330.853387] AAAAA-TCP_FORW: name:enp0s3: saddr:100932208: daddr:16783984
[  330.996059] AAAAA-TCP_FORW: name:enp0s3: saddr:100932208: daddr:16783984
[  331.093809] AAAAA-TCP_FORW: name:enp0s3: saddr:100932208: daddr:16783984
[  331.209558] AAAAA-TCP_FORW: name:enp0s3: saddr:100932208: daddr:16783984
[  331.314160] AAAAA-TCP_FORW: name:enp0s3: saddr:100932208: daddr:16783984
[  333.281125] AAAAA-TCP_FORW: name:enp0s3: saddr:33561200: daddr:100932208
[  334.406887] AAAAA-TCP_FORW: name:enp0s3: saddr:100932208: daddr:33561200
[  334.482160] AAAAA-TCP_FORW: name:enp0s3: saddr:100932208: daddr:33561200
[  335.182865] AAAAA-TCP_FORW: name:enp0s3: saddr:100932208: daddr:16783984
[  335.278290] AAAAA-TCP_FORW: name:enp0s3: saddr:100932208: daddr:16783984
[  335.726500] AAAAA-TCP_FORW: name:enp0s3: saddr:100932208: daddr:16783984
[  335.894586] AAAAA-TCP_FORW: name:enp0s3: saddr:100932208: daddr:33561200
[  336.339845] AAAAA-TCP_FORW: name:enp0s3: saddr:33561200: daddr:100932208
[  336.389605] AAAAA-TCP_FORW: name:enp0s3: saddr:100932208: daddr:16783984
[  336.485965] AAAAA-TCP_FORW: name:enp0s3: saddr:100932208: daddr:33561200
[  336.627281] AAAAA-TCP_FORW: name:enp0s3: saddr:100932208: daddr:33561200
[  336.680772] AAAAA-TCP_FORW: name:enp0s3: saddr:100932208: daddr:33561200
[  336.745067] AAAAA-TCP_FORW: name:enp0s3: saddr:100932208: daddr:33561200
[  336.855489] AAAAA-TCP_FORW: name:enp0s3: saddr:100932208: daddr:33561200
[  336.959545] AAAAA-TCP_FORW: name:enp0s3: saddr:100932208: daddr:33561200
[  337.084132] AAAAA-TCP_FORW: name:enp0s3: saddr:100932208: daddr:33561200
[  337.178499] AAAAA-TCP_FORW: name:enp0s3: saddr:100932208: daddr:33561200
[  337.304075] AAAAA-TCP_FORW: name:enp0s3: saddr:100932208: daddr:33561200
[  337.468665] AAAAA-TCP_FORW: name:enp0s3: saddr:100932208: daddr:33561200
[  337.677330] AAAAA-TCP_FORW: name:enp0s3: saddr:100932208: daddr:16783984
[  337.815470] AAAAA-TCP_FORW: name:enp0s3: saddr:100932208: daddr:16783984
[  337.887263] AAAAA-TCP_FORW: name:enp0s3: saddr:100932208: daddr:16783984
[  337.982273] AAAAA-TCP_FORW: name:enp0s3: saddr:100932208: daddr:16783984
[  338.860369] AAAAA-TCP_FORW: name:enp0s3: saddr:100932208: daddr:16783984
[  339.036744] AAAAA-TCP_FORW: name:enp0s3: saddr:100932208: daddr:33561200
[  339.168890] AAAAA-TCP_FORW: name:enp0s3: saddr:100932208: daddr:33561200
[  339.241186] AAAAA-TCP_FORW: name:enp0s3: saddr:100932208: daddr:33561200
[  339.337730] AAAAA-TCP_FORW: name:enp0s3: saddr:100932208: daddr:33561200
[  339.518131] AAAAA-TCP_FORW: name:enp0s3: saddr:100932208: daddr:33561200
[  339.615740] AAAAA-TCP_FORW: name:enp0s3: saddr:33561200: daddr:100932208
[  341.140789] AAAAA-TCP_FORW: name:enp0s3: saddr:100932208: daddr:33561200
[  341.285900] AAAAA-TCP_FORW: name:enp0s3: saddr:100932208: daddr:16783984
[  341.909994] AAAAA-TCP_FORW: name:enp0s3: saddr:100932208: daddr:16783984
[  341.981930] AAAAA-TCP_FORW: name:enp0s3: saddr:100932208: daddr:16783984
[  342.091979] AAAAA-TCP_FORW: name:enp0s3: saddr:100932208: daddr:16783984
[  342.198174] AAAAA-TCP_FORW: name:enp0s3: saddr:100932208: daddr:16783984
[  342.269514] AAAAA-TCP_FORW: name:enp0s3: saddr:100932208: daddr:16783984
[  342.351328] AAAAA-TCP_FORW: name:enp0s3: saddr:100932208: daddr:16783984
[  342.405630] AAAAA-TCP_FORW: name:enp0s3: saddr:100932208: daddr:33561200
[  342.463228] AAAAA-TCP_FORW: name:enp0s3: saddr:100932208: daddr:33561200
[  342.514756] AAAAA-TCP_FORW: name:enp0s3: saddr:100932208: daddr:33561200
[  342.546791] AAAAA-TCP_FORW: name:enp0s3: saddr:100932208: daddr:33561200
[  342.607178] AAAAA-TCP_FORW: name:enp0s3: saddr:100932208: daddr:33561200
[  342.645155] AAAAA-TCP_FORW: name:enp0s3: saddr:100932208: daddr:33561200
[  342.687650] AAAAA-TCP_FORW: name:enp0s3: saddr:100932208: daddr:33561200
[  342.763234] AAAAA-TCP_FORW: name:enp0s3: saddr:100932208: daddr:33561200
[  342.794228] AAAAA-TCP_FORW: name:enp0s3: saddr:100932208: daddr:33561200
[  342.901231] AAAAA-TCP_FORW: name:enp0s3: saddr:100932208: daddr:33561200
[  342.944848] AAAAA-TCP_FORW: name:enp0s3: saddr:100932208: daddr:16783984
[  343.026858] AAAAA-TCP_FORW: name:enp0s3: saddr:100932208: daddr:16783984
[  343.152736] AAAAA-TCP_FORW: name:enp0s3: saddr:100932208: daddr:16783984
[  343.420898] AAAAA-TCP_FORW: name:enp0s3: saddr:100932208: daddr:16783984
[  343.573623] AAAAA-TCP_FORW: name:enp0s3: saddr:100932208: daddr:33561200
[  343.777343] AAAAA-TCP_FORW: name:enp0s3: saddr:100932208: daddr:33561200
[  343.916340] AAAAA-TCP_FORW: name:enp0s3: saddr:100932208: daddr:33561200
[  343.965146] AAAAA-TCP_FORW: name:enp0s3: saddr:100932208: daddr:33561200
[  345.138346] AAAAA-TCP_FORW: name:enp0s3: saddr:100932208: daddr:33561200
[  345.352575] AAAAA-TCP_FORW: name:enp0s3: saddr:100932208: daddr:16783984
[  345.458173] AAAAA-TCP_FORW: name:enp0s3: saddr:100932208: daddr:16783984
[  345.528277] AAAAA-TCP_FORW: name:enp0s3: saddr:100932208: daddr:16783984
[  345.602929] AAAAA-TCP_FORW: name:enp0s3: saddr:100932208: daddr:16783984
[  345.659636] AAAAA-TCP_FORW: name:enp0s3: saddr:100932208: daddr:16783984
[  345.754502] AAAAA-TCP_FORW: name:enp0s3: saddr:100932208: daddr:16783984
[  345.821262] AAAAA-TCP_FORW: name:enp0s3: saddr:100932208: daddr:16783984
