[    0.000000] Linux version 5.4.243-mptcp (root@ztg) (gcc version 12.2.0 (Debian 12.2.0-14+deb12u1)) #53 SMP Wed Dec 24 23:28:15 CST 2025
[    0.000000] Command line: BOOT_IMAGE=/boot/vmlinuz-5.4.243-mptcp root=UUID=98415a12-53b7-4144-8265-0f7ece09e445 ro quiet splash
[    0.000000] KERNEL supported cpus:
[    0.000000]   Intel GenuineIntel
[    0.000000]   AMD AuthenticAMD
[    0.000000]   Hygon HygonGenuine
[    0.000000]   Centaur CentaurHauls
[    0.000000]   zhaoxin   Shanghai  
[    0.000000] x86/fpu: Supporting XSAVE feature 0x001: 'x87 floating point registers'
[    0.000000] x86/fpu: Supporting XSAVE feature 0x002: 'SSE registers'
[    0.000000] x86/fpu: Supporting XSAVE feature 0x004: 'AVX registers'
[    0.000000] x86/fpu: xstate_offset[2]:  576, xstate_sizes[2]:  256
[    0.000000] x86/fpu: Enabled xstate features 0x7, context size is 832 bytes, using 'standard' format.
[    0.000000] BIOS-provided physical RAM map:
[    0.000000] BIOS-e820: [mem 0x0000000000000000-0x000000000009fbff] usable
[    0.000000] BIOS-e820: [mem 0x000000000009fc00-0x000000000009ffff] reserved
[    0.000000] BIOS-e820: [mem 0x00000000000f0000-0x00000000000fffff] reserved
[    0.000000] BIOS-e820: [mem 0x0000000000100000-0x000000007ffeffff] usable
[    0.000000] BIOS-e820: [mem 0x000000007fff0000-0x000000007fffffff] ACPI data
[    0.000000] BIOS-e820: [mem 0x00000000fec00000-0x00000000fec00fff] reserved
[    0.000000] BIOS-e820: [mem 0x00000000fee00000-0x00000000fee00fff] reserved
[    0.000000] BIOS-e820: [mem 0x00000000fffc0000-0x00000000ffffffff] reserved
[    0.000000] NX (Execute Disable) protection: active
[    0.000000] SMBIOS 2.5 present.
[    0.000000] DMI: innotek GmbH VirtualBox/VirtualBox, BIOS VirtualBox 12/01/2006
[    0.000000] Hypervisor detected: KVM
[    0.000000] kvm-clock: Using msrs 4b564d01 and 4b564d00
[    0.000000] kvm-clock: cpu 0, msr 65001001, primary cpu clock
[    0.000000] kvm-clock: using sched offset of 4448577498 cycles
[    0.000002] clocksource: kvm-clock: mask: 0xffffffffffffffff max_cycles: 0x1cd42e4dffb, max_idle_ns: 881590591483 ns
[    0.000005] tsc: Detected 2100.000 MHz processor
[    0.001928] e820: update [mem 0x00000000-0x00000fff] usable ==> reserved
[    0.001930] e820: remove [mem 0x000a0000-0x000fffff] usable
[    0.001934] last_pfn = 0x7fff0 max_arch_pfn = 0x400000000
[    0.002002] MTRR default type: uncachable
[    0.002002] MTRR fixed ranges enabled:
[    0.002004]   00000-9FFFF write-back
[    0.002004]   A0000-BFFFF uncachable
[    0.002005]   C0000-FFFFF write-protect
[    0.002006] MTRR variable ranges enabled:
[    0.002007]   0 base 000000000000 mask 3FFF80000000 write-back
[    0.002008]   1 disabled
[    0.002008]   2 disabled
[    0.002009]   3 disabled
[    0.002009]   4 disabled
[    0.002009]   5 disabled
[    0.002010]   6 disabled
[    0.002010]   7 disabled
[    0.002011]   8 disabled
[    0.002011]   9 disabled
[    0.002012]   10 disabled
[    0.002012]   11 disabled
[    0.002012]   12 disabled
[    0.002013]   13 disabled
[    0.002013]   14 disabled
[    0.002014]   15 disabled
[    0.002031] x86/PAT: Configuration [0-7]: WB  WC  UC- UC  WB  WP  UC- WT  
[    0.002164] found SMP MP-table at [mem 0x0009fff0-0x0009ffff]
[    0.093156] check: Scanning 1 areas for low memory corruption
[    0.093396] RAMDISK: [mem 0x32271000-0x3512ffff]
[    0.093404] ACPI: Early table checksum verification disabled
[    0.093410] ACPI: RSDP 0x00000000000E0000 000024 (v02 VBOX  )
[    0.093414] ACPI: XSDT 0x000000007FFF0030 00003C (v01 VBOX   VBOXXSDT 00000001 ASL  00000061)
[    0.093421] ACPI: FACP 0x000000007FFF00F0 0000F4 (v04 VBOX   VBOXFACP 00000001 ASL  00000061)
[    0.093427] ACPI: DSDT 0x000000007FFF02E0 002353 (v02 VBOX   VBOXBIOS 00000002 VBOX 00029BF3)
[    0.093431] ACPI: FACS 0x000000007FFF0200 000040
[    0.093435] ACPI: FACS 0x000000007FFF0200 000040
[    0.093438] ACPI: APIC 0x000000007FFF0240 000054 (v02 VBOX   VBOXAPIC 00000001 ASL  00000061)
[    0.093442] ACPI: SSDT 0x000000007FFF02A0 000038 (v01 VBOX   VBOXCPUT 00000002 VBOX 00029BF3)
[    0.093445] ACPI: Reserving FACP table memory at [mem 0x7fff00f0-0x7fff01e3]
[    0.093446] ACPI: Reserving DSDT table memory at [mem 0x7fff02e0-0x7fff2632]
[    0.093447] ACPI: Reserving FACS table memory at [mem 0x7fff0200-0x7fff023f]
[    0.093447] ACPI: Reserving FACS table memory at [mem 0x7fff0200-0x7fff023f]
[    0.093448] ACPI: Reserving APIC table memory at [mem 0x7fff0240-0x7fff0293]
[    0.093449] ACPI: Reserving SSDT table memory at [mem 0x7fff02a0-0x7fff02d7]
[    0.093463] ACPI: Local APIC address 0xfee00000
[    0.093654] No NUMA configuration found
[    0.093655] Faking a node at [mem 0x0000000000000000-0x000000007ffeffff]
[    0.093665] NODE_DATA(0) allocated [mem 0x7ffc5000-0x7ffeffff]
[    0.093947] Zone ranges:
[    0.093948]   DMA      [mem 0x0000000000001000-0x0000000000ffffff]
[    0.093949]   DMA32    [mem 0x0000000001000000-0x000000007ffeffff]
[    0.093950]   Normal   empty
[    0.093951]   Device   empty
[    0.093951] Movable zone start for each node
[    0.093953] Early memory node ranges
[    0.093954]   node   0: [mem 0x0000000000001000-0x000000000009efff]
[    0.093955]   node   0: [mem 0x0000000000100000-0x000000007ffeffff]
[    0.093958] Zeroed struct page in unavailable ranges: 114 pages
[    0.093959] Initmem setup node 0 [mem 0x0000000000001000-0x000000007ffeffff]
[    0.093960] On node 0 totalpages: 524174
[    0.093961]   DMA zone: 64 pages used for memmap
[    0.093962]   DMA zone: 21 pages reserved
[    0.093963]   DMA zone: 3998 pages, LIFO batch:0
[    0.094034]   DMA32 zone: 8128 pages used for memmap
[    0.094035]   DMA32 zone: 520176 pages, LIFO batch:63
[    0.102910] ACPI: PM-Timer IO Port: 0x4008
[    0.102913] ACPI: Local APIC address 0xfee00000
[    0.102981] IOAPIC[0]: apic_id 1, version 32, address 0xfec00000, GSI 0-23
[    0.102984] ACPI: INT_SRC_OVR (bus 0 bus_irq 0 global_irq 2 dfl dfl)
[    0.102986] ACPI: INT_SRC_OVR (bus 0 bus_irq 9 global_irq 9 low level)
[    0.102988] ACPI: IRQ0 used by override.
[    0.102989] ACPI: IRQ9 used by override.
[    0.102992] Using ACPI (MADT) for SMP configuration information
[    0.102999] smpboot: Allowing 1 CPUs, 0 hotplug CPUs
[    0.103021] PM: Registered nosave memory: [mem 0x00000000-0x00000fff]
[    0.103022] PM: Registered nosave memory: [mem 0x0009f000-0x0009ffff]
[    0.103023] PM: Registered nosave memory: [mem 0x000a0000-0x000effff]
[    0.103023] PM: Registered nosave memory: [mem 0x000f0000-0x000fffff]
[    0.103025] [mem 0x80000000-0xfebfffff] available for PCI devices
[    0.103026] Booting paravirtualized kernel on KVM
[    0.103029] clocksource: refined-jiffies: mask: 0xffffffff max_cycles: 0xffffffff, max_idle_ns: 7645519600211568 ns
[    0.103034] setup_percpu: NR_CPUS:8192 nr_cpumask_bits:1 nr_cpu_ids:1 nr_node_ids:1
[    0.104049] percpu: Embedded 60 pages/cpu s208896 r8192 d28672 u2097152
[    0.104053] pcpu-alloc: s208896 r8192 d28672 u2097152 alloc=1*2097152
[    0.104054] pcpu-alloc: [0] 0 
[    0.104082] Built 1 zonelists, mobility grouping on.  Total pages: 515961
[    0.104083] Policy zone: DMA32
[    0.104084] Kernel command line: BOOT_IMAGE=/boot/vmlinuz-5.4.243-mptcp root=UUID=98415a12-53b7-4144-8265-0f7ece09e445 ro quiet splash
[    0.104940] Dentry cache hash table entries: 262144 (order: 9, 2097152 bytes, linear)
[    0.105204] Inode-cache hash table entries: 131072 (order: 8, 1048576 bytes, linear)
[    0.105256] mem auto-init: stack:off, heap alloc:on, heap free:off
[    0.105259] Calgary: detecting Calgary via BIOS EBDA area
[    0.105260] Calgary: Unable to locate Rio Grande table in EBDA - bailing!
[    0.109423] Memory: 1967332K/2096696K available (14339K kernel code, 2398K rwdata, 4712K rodata, 2728K init, 17260K bss, 129364K reserved, 0K cma-reserved)
[    0.110349] SLUB: HWalign=64, Order=0-3, MinObjects=0, CPUs=1, Nodes=1
[    0.110366] ftrace: allocating 43186 entries in 169 pages
[    0.128558] rcu: Hierarchical RCU implementation.
[    0.128559] rcu: 	RCU restricting CPUs from NR_CPUS=8192 to nr_cpu_ids=1.
[    0.128560] 	Tasks RCU enabled.
[    0.128561] rcu: RCU calculated value of scheduler-enlistment delay is 25 jiffies.
[    0.128562] rcu: Adjusting geometry for rcu_fanout_leaf=16, nr_cpu_ids=1
[    0.131524] NR_IRQS: 524544, nr_irqs: 256, preallocated irqs: 16
[    0.131736] random: crng init done
[    0.141011] Console: colour VGA+ 80x25
[    0.141016] printk: console [tty0] enabled
[    0.141035] ACPI: Core revision 20190816
[    0.141130] APIC: Switch to symmetric I/O mode setup
[    0.141378] x2apic enabled
[    0.141614] Switched APIC routing to physical x2apic.
[    0.142744] ..TIMER: vector=0x30 apic1=0 pin1=2 apic2=-1 pin2=-1
[    0.142768] clocksource: tsc-early: mask: 0xffffffffffffffff max_cycles: 0x1e4530a99b6, max_idle_ns: 440795257976 ns
[    0.142773] Calibrating delay loop (skipped) preset value.. 4200.00 BogoMIPS (lpj=8400000)
[    0.142775] pid_max: default: 32768 minimum: 301
[    0.142804] LSM: Security Framework initializing
[    0.142814] Yama: becoming mindful.
[    0.142840] AppArmor: AppArmor initialized
[    0.142873] Mount-cache hash table entries: 4096 (order: 3, 32768 bytes, linear)
[    0.142880] Mountpoint-cache hash table entries: 4096 (order: 3, 32768 bytes, linear)
[    0.142890] *** VALIDATE tmpfs ***
[    0.143023] *** VALIDATE proc ***
[    0.143065] *** VALIDATE cgroup1 ***
[    0.143066] *** VALIDATE cgroup2 ***
[    0.143209] process: using mwait in idle threads
[    0.143214] Last level iTLB entries: 4KB 64, 2MB 8, 4MB 8
[    0.143215] Last level dTLB entries: 4KB 64, 2MB 0, 4MB 0, 1GB 4
[    0.143234] Spectre V1 : Mitigation: usercopy/swapgs barriers and __user pointer sanitization
[    0.143240] Spectre V2 : Mitigation: Retpolines
[    0.143240] Spectre V2 : Spectre v2 / SpectreRSB mitigation: Filling RSB on context switch
[    0.143241] Spectre V2 : Spectre v2 / SpectreRSB : Filling RSB on VMEXIT
[    0.143241] RETBleed: WARNING: Spectre v2 mitigation leaves CPU vulnerable to RETBleed attacks, data leaks possible!
[    0.143590] RETBleed: Vulnerable
[    0.143590] Speculative Store Bypass: Vulnerable
[    0.143595] TAA: Mitigation: TSX disabled
[    0.143596] MMIO Stale Data: Mitigation: Clear CPU buffers
[    0.147857] Freeing SMP alternatives memory: 40K
[    0.260061] smpboot: CPU0: Intel(R) Xeon(R) Silver 4216 CPU @ 2.10GHz (family: 0x6, model: 0x55, stepping: 0x7)
[    0.260208] Performance Events: unsupported p6 CPU model 85 no PMU driver, software events only.
[    0.260246] rcu: Hierarchical SRCU implementation.
[    0.260724] NMI watchdog: Perf NMI watchdog permanently disabled
[    0.260762] smp: Bringing up secondary CPUs ...
[    0.260763] smp: Brought up 1 node, 1 CPU
[    0.260765] smpboot: Max logical packages: 1
[    0.260766] smpboot: Total of 1 processors activated (4200.00 BogoMIPS)
[    0.261751] devtmpfs: initialized
[    0.261799] x86/mm: Memory block size: 128MB
[    0.262150] clocksource: jiffies: mask: 0xffffffff max_cycles: 0xffffffff, max_idle_ns: 7645041785100000 ns
[    0.262157] futex hash table entries: 256 (order: 2, 16384 bytes, linear)
[    0.262199] pinctrl core: initialized pinctrl subsystem
[    0.262302] PM: RTC time: 21:37:30, date: 2026-01-14
[    0.262408] NET: Registered protocol family 16
[    0.262482] audit: initializing netlink subsys (disabled)
[    0.262608] EISA bus registered
[    0.262610] cpuidle: using governor ladder
[    0.262611] cpuidle: using governor menu
[    0.262647] ACPI: bus type PCI registered
[    0.262649] acpiphp: ACPI Hot Plug PCI Controller Driver version: 0.5
[    0.262754] PCI: Using configuration type 1 for base access
[    0.263132] audit: type=2000 audit(1768397856.957:1): state=initialized audit_enabled=0 res=1
[    0.263212] HugeTLB registered 2.00 MiB page size, pre-allocated 0 pages
[    0.264029] ACPI: Added _OSI(Module Device)
[    0.264030] ACPI: Added _OSI(Processor Device)
[    0.264030] ACPI: Added _OSI(3.0 _SCP Extensions)
[    0.264031] ACPI: Added _OSI(Processor Aggregator Device)
[    0.264032] ACPI: Added _OSI(Linux-Dell-Video)
[    0.264033] ACPI: Added _OSI(Linux-Lenovo-NV-HDMI-Audio)
[    0.264034] ACPI: Added _OSI(Linux-HPI-Hybrid-Graphics)
[    0.266019] ACPI: 2 ACPI AML tables successfully acquired and loaded
[    0.267601] ACPI: Interpreter enabled
[    0.267611] ACPI: (supports S0 S5)
[    0.267612] ACPI: Using IOAPIC for interrupt routing
[    0.267819] PCI: Using host bridge windows from ACPI; if necessary, use "pci=nocrs" and report a bug
[    0.267924] ACPI: Enabled 2 GPEs in block 00 to 07
[    0.272864] ACPI: PCI Root Bridge [PCI0] (domain 0000 [bus 00-ff])
[    0.272869] acpi PNP0A03:00: _OSC: OS supports [ASPM ClockPM Segments MSI HPX-Type3]
[    0.273314] acpi PNP0A03:00: _OSC: not requesting OS control; OS requires [ExtendedConfig ASPM ClockPM MSI]
[    0.273322] acpi PNP0A03:00: fail to add MMCONFIG information, can't access extended PCI configuration space under this bridge.
[    0.273697] PCI host bridge to bus 0000:00
[    0.273699] pci_bus 0000:00: root bus resource [io  0x0000-0x0cf7 window]
[    0.273700] pci_bus 0000:00: root bus resource [io  0x0d00-0xffff window]
[    0.273701] pci_bus 0000:00: root bus resource [mem 0x000a0000-0x000bffff window]
[    0.273702] pci_bus 0000:00: root bus resource [mem 0x80000000-0xfdffffff window]
[    0.273704] pci_bus 0000:00: root bus resource [bus 00-ff]
[    0.273744] pci 0000:00:00.0: [8086:1237] type 00 class 0x060000
[    0.274700] pci 0000:00:01.0: [8086:7000] type 00 class 0x060100
[    0.275512] pci 0000:00:01.1: [8086:7111] type 00 class 0x01018a
[    0.275884] pci 0000:00:01.1: reg 0x20: [io  0xd000-0xd00f]
[    0.276039] pci 0000:00:01.1: legacy IDE quirk: reg 0x10: [io  0x01f0-0x01f7]
[    0.276040] pci 0000:00:01.1: legacy IDE quirk: reg 0x14: [io  0x03f6]
[    0.276041] pci 0000:00:01.1: legacy IDE quirk: reg 0x18: [io  0x0170-0x0177]
[    0.276042] pci 0000:00:01.1: legacy IDE quirk: reg 0x1c: [io  0x0376]
[    0.276581] pci 0000:00:02.0: [15ad:0405] type 00 class 0x030000
[    0.278847] pci 0000:00:02.0: reg 0x10: [io  0xd010-0xd01f]
[    0.282814] pci 0000:00:02.0: reg 0x14: [mem 0xe0000000-0xe7ffffff pref]
[    0.285384] pci 0000:00:02.0: reg 0x18: [mem 0xf0000000-0xf01fffff]
[    0.295546] pci 0000:00:03.0: [1022:2000] type 00 class 0x020000
[    0.296229] pci 0000:00:03.0: reg 0x10: [io  0xd020-0xd03f]
[    0.296846] pci 0000:00:03.0: reg 0x14: [mem 0xf0200000-0xf0200fff]
[    0.301313] pci 0000:00:04.0: [80ee:cafe] type 00 class 0x088000
[    0.301988] pci 0000:00:04.0: reg 0x10: [io  0xd040-0xd05f]
[    0.302602] pci 0000:00:04.0: reg 0x14: [mem 0xf0400000-0xf07fffff]
[    0.302888] pci 0000:00:04.0: reg 0x18: [mem 0xf0800000-0xf0803fff pref]
[    0.306419] pci 0000:00:07.0: [8086:7113] type 00 class 0x068000
[    0.307042] pci 0000:00:07.0: quirk: [io  0x4000-0x403f] claimed by PIIX4 ACPI
[    0.307055] pci 0000:00:07.0: quirk: [io  0x4100-0x410f] claimed by PIIX4 SMB
[    0.307638] pci 0000:00:08.0: [1022:2000] type 00 class 0x020000
[    0.308310] pci 0000:00:08.0: reg 0x10: [io  0xd060-0xd07f]
[    0.308919] pci 0000:00:08.0: reg 0x14: [mem 0xf0804000-0xf0804fff]
[    0.312681] pci 0000:00:09.0: [8086:100e] type 00 class 0x020000
[    0.313399] pci 0000:00:09.0: reg 0x10: [mem 0xf0820000-0xf083ffff]
[    0.314692] pci 0000:00:09.0: reg 0x18: [io  0xd080-0xd087]
[    0.323857] ACPI: PCI Interrupt Link [LNKA] (IRQs 5 9 10 *11)
[    0.324139] ACPI: PCI Interrupt Link [LNKB] (IRQs 5 9 *10 11)
[    0.324243] ACPI: PCI Interrupt Link [LNKC] (IRQs 5 *9 10 11)
[    0.324345] ACPI: PCI Interrupt Link [LNKD] (IRQs 5 9 10 *11)
[    0.324600] iommu: Default domain type: Translated 
[    0.324663] pci 0000:00:02.0: vgaarb: setting as boot VGA device
[    0.324665] pci 0000:00:02.0: vgaarb: VGA device added: decodes=io+mem,owns=io+mem,locks=none
[    0.324667] pci 0000:00:02.0: vgaarb: bridge control possible
[    0.324668] vgaarb: loaded
[    0.326979] SCSI subsystem initialized
[    0.327013] libata version 3.00 loaded.
[    0.327037] ACPI: bus type USB registered
[    0.327053] usbcore: registered new interface driver usbfs
[    0.327059] usbcore: registered new interface driver hub
[    0.327064] usbcore: registered new device driver usb
[    0.327089] pps_core: LinuxPPS API ver. 1 registered
[    0.327090] pps_core: Software ver. 5.3.6 - Copyright 2005-2007 Rodolfo Giometti <giometti@linux.it>
[    0.327092] PTP clock support registered
[    0.327127] EDAC MC: Ver: 3.0.0
[    0.327428] PCI: Using ACPI for IRQ routing
[    0.327429] PCI: pci_cache_line_size set to 64 bytes
[    0.327603] e820: reserve RAM buffer [mem 0x0009fc00-0x0009ffff]
[    0.327607] e820: reserve RAM buffer [mem 0x7fff0000-0x7fffffff]
[    0.328383] NetLabel: Initializing
[    0.328384] NetLabel:  domain hash size = 128
[    0.328385] NetLabel:  protocols = UNLABELED CIPSOv4 CALIPSO
[    0.328404] NetLabel:  unlabeled traffic allowed by default
[    0.329311] clocksource: Switched to clocksource kvm-clock
[    0.341242] *** VALIDATE bpf ***
[    0.341303] VFS: Disk quotas dquot_6.6.0
[    0.341315] VFS: Dquot-cache hash table entries: 512 (order 0, 4096 bytes)
[    0.341338] *** VALIDATE ramfs ***
[    0.341341] *** VALIDATE hugetlbfs ***
[    0.341422] AppArmor: AppArmor Filesystem Enabled
[    0.341448] pnp: PnP ACPI init
[    0.341514] pnp 00:00: Plug and Play ACPI device, IDs PNP0303 (active)
[    0.341579] pnp 00:01: Plug and Play ACPI device, IDs PNP0f03 (active)
[    0.342318] pnp: PnP ACPI: found 2 devices
[    0.343112] thermal_sys: Registered thermal governor 'fair_share'
[    0.343112] thermal_sys: Registered thermal governor 'bang_bang'
[    0.343112] thermal_sys: Registered thermal governor 'step_wise'
[    0.343112] thermal_sys: Registered thermal governor 'user_space'
[    0.343112] thermal_sys: Registered thermal governor 'power_allocator'
[    0.347858] clocksource: acpi_pm: mask: 0xffffff max_cycles: 0xffffff, max_idle_ns: 2085701024 ns
[    0.347897] pci_bus 0000:00: resource 4 [io  0x0000-0x0cf7 window]
[    0.347899] pci_bus 0000:00: resource 5 [io  0x0d00-0xffff window]
[    0.347900] pci_bus 0000:00: resource 6 [mem 0x000a0000-0x000bffff window]
[    0.347901] pci_bus 0000:00: resource 7 [mem 0x80000000-0xfdffffff window]
[    0.347958] NET: Registered protocol family 2
[    0.348032] IP idents hash table entries: 32768 (order: 6, 262144 bytes, linear)
[    0.348491] MPTCP tokens hash table entries: 8192 (order: 4, 65536 bytes, linear)
[    0.348514] MPTCP request tokens hash table entries: 8192 (order: 4, 65536 bytes, linear)
[    0.348546] default registered
[    0.348547] default registered
[    0.348547] MPTCP: Stable release v0.96
[    0.348552] tcp_listen_portaddr_hash hash table entries: 1024 (order: 2, 16384 bytes, linear)
[    0.348641] TCP established hash table entries: 16384 (order: 5, 131072 bytes, linear)
[    0.348709] TCP bind hash table entries: 16384 (order: 6, 262144 bytes, linear)
[    0.348734] TCP: Hash tables configured (established 16384 bind 16384)
[    0.349460] UDP hash table entries: 1024 (order: 3, 32768 bytes, linear)
[    0.349471] UDP-Lite hash table entries: 1024 (order: 3, 32768 bytes, linear)
[    0.349506] NET: Registered protocol family 1
[    0.349515] NET: Registered protocol family 44
[    0.349536] pci 0000:00:00.0: Limiting direct PCI/PCI transfers
[    0.349552] pci 0000:00:01.0: Activating ISA DMA hang workarounds
[    0.349605] pci 0000:00:02.0: Video device with shadowed ROM at [mem 0x000c0000-0x000dffff]
[    0.349672] PCI: CLS 0 bytes, default 64
[    0.349720] Trying to unpack rootfs image as initramfs...
[    0.523346] Freeing initrd memory: 47868K
[    0.523346] clocksource: tsc: mask: 0xffffffffffffffff max_cycles: 0x1e4530a99b6, max_idle_ns: 440795257976 ns
[    0.523346] clocksource: Switched to clocksource tsc
[    0.523346] platform rtc_cmos: registered platform RTC device (no PNP device found)
[    0.523346] check: Scanning for low memory corruption every 60 seconds
[    0.523346] Initialise system trusted keyrings
[    0.523346] Key type blacklist registered
[    0.523346] workingset: timestamp_bits=36 max_order=19 bucket_order=0
[    0.523346] zbud: loaded
[    0.523346] squashfs: version 4.0 (2009/01/31) Phillip Lougher
[    0.523346] fuse: init (API version 7.31)
[    0.523346] *** VALIDATE fuse ***
[    0.523346] *** VALIDATE fuse ***
[    0.523346] Platform Keyring initialized
[    0.535658] Key type asymmetric registered
[    0.535659] Asymmetric key parser 'x509' registered
[    0.535669] Block layer SCSI generic (bsg) driver version 0.4 loaded (major 244)
[    0.535705] io scheduler mq-deadline registered
[    0.535826] shpchp: Standard Hot Plug PCI Controller Driver version: 0.4
[    0.536025] ACPI: AC Adapter [AC] (on-line)
[    0.536068] input: Power Button as /devices/LNXSYSTM:00/LNXPWRBN:00/input/input0
[    0.536099] ACPI: Power Button [PWRF]
[    0.536216] input: Sleep Button as /devices/LNXSYSTM:00/LNXSLPBN:00/input/input1
[    0.536232] ACPI: Sleep Button [SLPF]
[    0.536497] Serial: 8250/16550 driver, 32 ports, IRQ sharing enabled
[    0.537689] Linux agpgart interface v0.103
[    0.627076] loop: module loaded
[    0.627222] ata_piix 0000:00:01.1: version 2.13
[    0.627628] scsi host0: ata_piix
[    0.627719] scsi host1: ata_piix
[    0.627746] ata1: PATA max UDMA/33 cmd 0x1f0 ctl 0x3f6 bmdma 0xd000 irq 14
[    0.627747] ata2: PATA max UDMA/33 cmd 0x170 ctl 0x376 bmdma 0xd008 irq 15
[    0.627830] tun: Universal TUN/TAP device driver, 1.6
[    0.628140] PPP generic driver version 2.4.2
[    0.628183] VFIO - User Level meta-driver version: 0.3
[    0.628418] ehci_hcd: USB 2.0 'Enhanced' Host Controller (EHCI) Driver
[    0.628423] ehci-pci: EHCI PCI platform driver
[    0.628438] ehci-platform: EHCI generic platform driver
[    0.628443] ohci_hcd: USB 1.1 'Open' Host Controller (OHCI) Driver
[    0.628445] ohci-pci: OHCI PCI platform driver
[    0.628452] ohci-platform: OHCI generic platform driver
[    0.628456] uhci_hcd: USB Universal Host Controller Interface driver
[    0.628521] i8042: PNP: PS/2 Controller [PNP0303:PS2K,PNP0f03:PS2M] at 0x60,0x64 irq 1,12
[    0.628969] serio: i8042 KBD port at 0x60,0x64 irq 1
[    0.628973] serio: i8042 AUX port at 0x60,0x64 irq 12
[    0.629060] mousedev: PS/2 mouse device common for all mice
[    0.629312] input: AT Translated Set 2 keyboard as /devices/platform/i8042/serio0/input/input2
[    0.629700] rtc_cmos rtc_cmos: registered as rtc0
[    0.629714] rtc_cmos rtc_cmos: alarms up to one day, 114 bytes nvram
[    0.629719] i2c /dev entries driver
[    0.629761] device-mapper: uevent: version 1.0.3
[    0.629803] device-mapper: ioctl: 4.41.0-ioctl (2019-09-16) initialised: dm-devel@redhat.com
[    0.629818] platform eisa.0: Probing EISA bus 0
[    0.629820] platform eisa.0: EISA: Cannot allocate resource for mainboard
[    0.629821] platform eisa.0: Cannot allocate resource for EISA slot 1
[    0.629822] platform eisa.0: Cannot allocate resource for EISA slot 2
[    0.629823] platform eisa.0: Cannot allocate resource for EISA slot 3
[    0.629824] platform eisa.0: Cannot allocate resource for EISA slot 4
[    0.629825] platform eisa.0: Cannot allocate resource for EISA slot 5
[    0.629826] platform eisa.0: Cannot allocate resource for EISA slot 6
[    0.629827] platform eisa.0: Cannot allocate resource for EISA slot 7
[    0.629828] platform eisa.0: Cannot allocate resource for EISA slot 8
[    0.629829] platform eisa.0: EISA: Detected 0 cards
[    0.629832] intel_pstate: CPU model not supported
[    0.629841] ledtrig-cpu: registered to indicate activity on CPUs
[    0.629895] drop_monitor: Initializing network drop monitor service
[    0.630054] NET: Registered protocol family 10
[    0.635112] Segment Routing with IPv6
[    0.635112] fullmesh registered
[    0.635112] ndiffports registered
[    0.635112] binder registered
[    0.635112] roundrobin registered
[    0.635112] redundant registered
[    0.635112] blest registered
[    0.635112] ecf registered
[    0.635112] NET: Registered protocol family 17
[    0.635112] Key type dns_resolver registered
[    0.635112] RAS: Correctable Errors collector initialized.
[    0.635112] IPI shorthand broadcast: enabled
[    0.635112] sched_clock: Marking stable (620069040, 11043512)->(633059795, -1947243)
[    0.635409] registered taskstats version 1
[    0.635418] Loading compiled-in X.509 certificates
[    0.636004] Loaded X.509 cert 'Build time autogenerated kernel key: 6909f3744cebb3d0de528d5887b96a727de79b1e'
[    0.636022] zswap: loaded using pool lzo/zbud
[    0.636076] Key type ._fscrypt registered
[    0.636077] Key type .fscrypt registered
[    0.640671] Key type big_key registered
[    0.642872] Key type encrypted registered
[    0.642874] AppArmor: AppArmor sha1 policy hashing enabled
[    0.642882] ima: No TPM chip found, activating TPM-bypass!
[    0.642885] ima: Allocated hash algorithm: sha1
[    0.642890] ima: No architecture policies found
[    0.642899] evm: Initialising EVM extended attributes:
[    0.642900] evm: security.selinux
[    0.642900] evm: security.SMACK64
[    0.642901] evm: security.SMACK64EXEC
[    0.642901] evm: security.SMACK64TRANSMUTE
[    0.642902] evm: security.SMACK64MMAP
[    0.642902] evm: security.apparmor
[    0.642903] evm: security.ima
[    0.642903] evm: security.capability
[    0.642904] evm: HMAC attrs: 0x1
[    0.643198] PM:   Magic number: 10:829:651
[    0.643233] acpi PNP0A03:00: hash matches
[    0.643320] rtc_cmos rtc_cmos: setting system clock to 2026-01-14T21:37:31 UTC (1768426651)
[    0.800000] ata1.00: ATA-6: VBOX HARDDISK, 1.0, max UDMA/133
[    0.800003] ata1.00: 209715200 sectors, multi 128: LBA 
[    0.800662] scsi 0:0:0:0: Direct-Access     ATA      VBOX HARDDISK    1.0  PQ: 0 ANSI: 5
[    0.800941] sd 0:0:0:0: [sda] 209715200 512-byte logical blocks: (107 GB/100 GiB)
[    0.800953] sd 0:0:0:0: [sda] Write Protect is off
[    0.800956] sd 0:0:0:0: [sda] Mode Sense: 00 3a 00 00
[    0.800974] sd 0:0:0:0: [sda] Write cache: enabled, read cache: enabled, doesn't support DPO or FUA
[    0.801282] sd 0:0:0:0: Attached scsi generic sg0 type 0
[    0.803027]  sda: sda1 sda2
[    0.815259] sd 0:0:0:0: [sda] Attached SCSI disk
[    0.818525] Freeing unused decrypted memory: 2040K
[    0.819459] Freeing unused kernel image memory: 2728K
[    0.819462] Write protecting the kernel read-only data: 22528k
[    0.820433] Freeing unused kernel image memory: 2036K
[    0.820986] Freeing unused kernel image memory: 1432K
[    0.845973] x86/mm: Checked W+X mappings: passed, no W+X pages found.
[    0.845978] Run /init as init process
[    0.953315] ACPI: Video Device [GFX0] (multi-head: yes  rom: no  post: no)
[    0.953387] input: Video Bus as /devices/LNXSYSTM:00/LNXSYBUS:00/PNP0A03:00/LNXVIDEO:00/input/input4
[    0.965053] pcnet32: pcnet32.c:v1.35 21.Apr.2008 tsbogend@alpha.franken.de
[    0.966634] piix4_smbus 0000:00:07.0: SMBus Host Controller at 0x4100, revision 0
[    0.970312] e1000: Intel(R) PRO/1000 Network Driver - version 7.3.21-k8-NAPI
[    0.970312] e1000: Copyright (c) 1999-2006 Intel Corporation.
[    0.973548] pcnet32: PCnet/FAST III 79C973 at 0xd020, 08:00:27:5a:db:bd assigned IRQ 19
[    0.973595] pcnet32: Found PHY 0022:561b at address 0
[    0.973891] pcnet32: eth0: registered as PCnet/FAST III 79C973
[    0.983997] pcnet32: PCnet/FAST III 79C973 at 0xd060, 08:00:27:71:d0:7f assigned IRQ 16
[    0.984041] pcnet32: Found PHY 0022:561b at address 0
[    0.984348] pcnet32: eth1: registered as PCnet/FAST III 79C973
[    0.990676] pcnet32: 2 cards_found
[    1.043868] pcnet32 0000:00:03.0 enp0s3: renamed from eth0
[    1.045045] pcnet32 0000:00:08.0 enp0s8: renamed from eth1
[    1.185621] input: ImExPS/2 Generic Explorer Mouse as /devices/platform/i8042/serio1/input/input5
[    1.383528] e1000 0000:00:09.0 eth0: (PCI:33MHz:32-bit) 08:00:27:e3:21:74
[    1.383532] e1000 0000:00:09.0 eth0: Intel(R) PRO/1000 Network Connection
[    1.384651] e1000 0000:00:09.0 enp0s9: renamed from eth0
[    1.532915] EXT4-fs (sda2): mounted filesystem with ordered data mode. Opts: (null)
[    1.623719] systemd[1]: Inserted module 'autofs4'
[    1.636279] systemd[1]: systemd 245.4-4ubuntu3 running in system mode. (+PAM +AUDIT +SELINUX +IMA +APPARMOR +SMACK +SYSVINIT +UTMP +LIBCRYPTSETUP +GCRYPT +GNUTLS +ACL +XZ +LZ4 +SECCOMP +BLKID +ELFUTILS +KMOD +IDN2 -IDN +PCRE2 default-hierarchy=hybrid)
[    1.636311] systemd[1]: Detected virtualization oracle.
[    1.636314] systemd[1]: Detected architecture x86-64.
[    1.637621] systemd[1]: Set hostname to <ztg>.
[    1.764417] systemd[1]: /lib/systemd/system/dbus.socket:5: ListenStream= references a path below legacy directory /var/run/, updating /var/run/dbus/system_bus_socket â†’ /run/dbus/system_bus_socket; please update the unit file accordingly.
[    1.816946] systemd[1]: Created slice system-modprobe.slice.
[    1.817132] systemd[1]: Created slice User and Session Slice.
[    1.817179] systemd[1]: Started Forward Password Requests to Wall Directory Watch.
[    1.817345] systemd[1]: Set up automount Arbitrary Executable File Formats File System Automount Point.
[    1.817383] systemd[1]: Reached target User and Group Name Lookups.
[    1.817391] systemd[1]: Reached target Remote File Systems.
[    1.817399] systemd[1]: Reached target Slices.
[    1.817991] systemd[1]: Listening on Syslog Socket.
[    1.818061] systemd[1]: Listening on fsck to fsckd communication Socket.
[    1.818099] systemd[1]: Listening on initctl Compatibility Named Pipe.
[    1.818263] systemd[1]: Listening on Journal Audit Socket.
[    1.818318] systemd[1]: Listening on Journal Socket (/dev/log).
[    1.818391] systemd[1]: Listening on Journal Socket.
[    1.818466] systemd[1]: Listening on udev Control Socket.
[    1.818506] systemd[1]: Listening on udev Kernel Socket.
[    1.819320] systemd[1]: Mounting Huge Pages File System...
[    1.820246] systemd[1]: Mounting POSIX Message Queue File System...
[    1.821132] systemd[1]: Mounting Kernel Debug File System...
[    1.821949] systemd[1]: Mounting Kernel Trace File System...
[    1.824139] systemd[1]: Starting Journal Service...
[    1.845524] systemd[1]: Starting Set the console keyboard layout...
[    1.853398] systemd[1]: Starting Create list of static device nodes for the current kernel...
[    1.855467] systemd[1]: Starting Load Kernel Module drm...
[    1.856597] systemd[1]: Condition check resulted in Set Up Additional Binary Formats being skipped.
[    1.856660] systemd[1]: Condition check resulted in File System Check on Root Device being skipped.
[    1.870063] systemd[1]: Starting Load Kernel Modules...
[    1.875495] systemd[1]: Starting Remount Root and Kernel File Systems...
[    1.887994] systemd[1]: Starting udev Coldplug all Devices...
[    1.896829] systemd[1]: Starting Uncomplicated firewall...
[    1.898408] systemd[1]: Mounted Huge Pages File System.
[    1.898507] systemd[1]: Mounted POSIX Message Queue File System.
[    1.898584] systemd[1]: Mounted Kernel Debug File System.
[    1.898654] systemd[1]: Mounted Kernel Trace File System.
[    1.908859] EXT4-fs (sda2): re-mounted. Opts: errors=remount-ro
[    1.930842] systemd[1]: Finished Create list of static device nodes for the current kernel.
[    1.931874] systemd[1]: modprobe@drm.service: Succeeded.
[    1.937972] systemd[1]: Finished Load Kernel Module drm.
[    1.938555] systemd[1]: Finished Remount Root and Kernel File Systems.
[    1.939610] systemd[1]: Finished Uncomplicated firewall.
[    1.954509] lp: driver loaded but no devices found
[    1.955787] systemd[1]: Condition check resulted in Rebuild Hardware Database being skipped.
[    1.955833] systemd[1]: Condition check resulted in Platform Persistent Storage Archival being skipped.
[    1.956529] systemd[1]: Starting Load/Save Random Seed...
[    1.963178] systemd[1]: Starting Create System Users...
[    1.971909] systemd[1]: Finished Load/Save Random Seed.
[    1.972946] ppdev: user-space parallel port driver
[    1.982964] systemd[1]: Finished Create System Users.
[    1.983728] systemd[1]: Starting Create Static Device Nodes in /dev...
[    2.022897] systemd[1]: Finished Create Static Device Nodes in /dev.
[    2.023761] systemd[1]: Starting udev Kernel Device Manager...
[    2.059403] systemd[1]: Finished udev Coldplug all Devices.
[    2.062387] [drm] DMA map mode: Caching DMA mappings.
[    2.062449] [drm] Capabilities:
[    2.062449] [drm]   Rect copy.
[    2.062449] [drm]   Cursor.
[    2.062450] [drm]   Cursor bypass.
[    2.062450] [drm]   Cursor bypass 2.
[    2.062450] [drm]   Alpha cursor.
[    2.062451] [drm]   Extended Fifo.
[    2.062451] [drm]   Pitchlock.
[    2.062451] [drm]   Irq mask.
[    2.062452] [drm]   GMR.
[    2.062452] [drm]   Traces.
[    2.062452] [drm]   GMR2.
[    2.062453] [drm]   Screen Object 2.
[    2.062453] [drm]   Command Buffers.
[    2.062453] [drm]   Command Buffers 2.
[    2.062454] [drm]   Guest Backed Resources.
[    2.062455] [drm] Max GMR ids is 8192
[    2.062455] [drm] Max number of GMR pages is 1048576
[    2.062456] [drm] Max dedicated hypervisor surface memory is 393216 kiB
[    2.062456] [drm] Maximum display memory size is 131072 kiB
[    2.062457] [drm] VRAM at 0xe0000000 size is 131072 kiB
[    2.062458] [drm] MMIO at 0xf0000000 size is 2048 kiB
[    2.065087] [TTM] Zone  kernel: Available graphics memory: 1011738 KiB
[    2.065088] [TTM] Initializing pool allocator
[    2.065091] [TTM] Initializing DMA pool allocator
[    2.065121] [drm] Supports vblank timestamp caching Rev 2 (21.10.2013).
[    2.065122] [drm] No driver support for vblank timestamp query.
[    2.065372] [drm] Screen Target Display device initialized
[    2.065587] [drm] width 720
[    2.065596] [drm] height 400
[    2.065599] [drm] bpp 32
[    2.066113] [drm] Fifo max 0x00200000 min 0x00001000 cap 0x00000355
[    2.067266] [drm] Using command buffers with DMA pool.
[    2.068020] [drm] DX: no.
[    2.068020] [drm] Atomic: yes.
[    2.068021] [drm] SM4_1: no.
[    2.068042] [drm:vmw_host_log [vmwgfx]] *ERROR* Failed to send host log message.
[    2.068984] [drm:vmw_host_log [vmwgfx]] *ERROR* Failed to send host log message.
[    2.095002] fbcon: svgadrmfb (fb0) is primary device
[    2.097323] Console: switching to colour frame buffer device 100x37
[    2.101787] [drm] Initialized vmwgfx 2.15.0 20180704 for 0000:00:02.0 on minor 0
[    2.102835] systemd[1]: Finished Load Kernel Modules.
[    2.103799] systemd[1]: Mounting FUSE Control File System...
[    2.104971] systemd[1]: Mounting Kernel Configuration File System...
[    2.118666] systemd[1]: Starting Apply Kernel Variables...
[    2.127378] systemd[1]: Mounted FUSE Control File System.
[    2.127445] systemd[1]: Condition check resulted in VMware vmblock fuse mount being skipped.
[    2.130388] systemd[1]: Mounted Kernel Configuration File System.
[    2.139708] systemd[1]: Finished Set the console keyboard layout.
[    2.139828] systemd[1]: Reached target Local File Systems (Pre).
[    2.142329] systemd[1]: Mounting Mount unit for bare, revision 5...
[    2.145119] systemd[1]: Mounting Mount unit for core18, revision 1705...
[    2.153400] systemd[1]: Mounting Mount unit for gnome-3-34-1804, revision 24...
[    2.175995] systemd[1]: Mounting Mount unit for gtk-common-themes, revision 1506...
[    2.187547] systemd[1]: Mounting Mount unit for gtk-common-themes, revision 1535...
[    2.192843] systemd[1]: Mounting Mount unit for snap-store, revision 433...
[    2.199588] systemd[1]: Mounting Mount unit for snapd, revision 25935...
[    2.207914] systemd[1]: Finished Apply Kernel Variables.
[    2.236642] systemd[1]: Mounted Mount unit for bare, revision 5.
[    2.236740] systemd[1]: Mounted Mount unit for core18, revision 1705.
[    2.236816] systemd[1]: Mounted Mount unit for gnome-3-34-1804, revision 24.
[    2.266126] systemd[1]: Mounted Mount unit for gtk-common-themes, revision 1506.
[    2.266218] systemd[1]: Mounted Mount unit for snap-store, revision 433.
[    2.275180] systemd[1]: Started udev Kernel Device Manager.
[    2.275979] systemd[1]: Starting Show Plymouth Boot Screen...
[    2.282925] systemd[1]: Received SIGRTMIN+20 from PID 284 (plymouthd).
[    2.306987] systemd[1]: Mounted Mount unit for gtk-common-themes, revision 1535.
[    2.307241] systemd[1]: Mounted Mount unit for snapd, revision 25935.
[    2.308991] systemd[1]: Started Show Plymouth Boot Screen.
[    2.309200] systemd[1]: Condition check resulted in Dispatch Password Requests to Console Directory Watch being skipped.
[    2.309281] systemd[1]: Started Forward Password Requests to Plymouth Directory Watch.
[    2.309347] systemd[1]: Reached target Local Encrypted Volumes.
[    2.309405] systemd[1]: Reached target Local File Systems.
[    2.310179] systemd[1]: Starting Load AppArmor profiles...
[    2.312562] systemd[1]: Starting Set console font and keymap...
[    2.324410] systemd[1]: Starting Tell Plymouth To Write Out Runtime Data...
[    2.325797] systemd[1]: Condition check resulted in Store a System Token in an EFI Variable being skipped.
[    2.325860] systemd[1]: Condition check resulted in Commit a transient machine-id on disk being skipped.
[    2.329805] systemd[1]: Finished Set console font and keymap.
[    2.337308] systemd[1]: Received SIGRTMIN+20 from PID 284 (plymouthd).
[    2.338845] systemd[1]: plymouth-read-write.service: Succeeded.
[    2.339157] systemd[1]: Finished Tell Plymouth To Write Out Runtime Data.
[    2.361227] audit: type=1400 audit(1768426653.212:2): apparmor="STATUS" operation="profile_load" profile="unconfined" name="nvidia_modprobe" pid=296 comm="apparmor_parser"
[    2.361230] audit: type=1400 audit(1768426653.212:3): apparmor="STATUS" operation="profile_load" profile="unconfined" name="nvidia_modprobe//kmod" pid=296 comm="apparmor_parser"
[    2.367749] audit: type=1400 audit(1768426653.220:4): apparmor="STATUS" operation="profile_load" profile="unconfined" name="/usr/sbin/tcpdump" pid=300 comm="apparmor_parser"
[    2.403207] audit: type=1400 audit(1768426653.248:5): apparmor="STATUS" operation="profile_load" profile="unconfined" name="/usr/bin/evince" pid=302 comm="apparmor_parser"
[    2.403209] audit: type=1400 audit(1768426653.248:6): apparmor="STATUS" operation="profile_load" profile="unconfined" name="/usr/bin/evince//sanitized_helper" pid=302 comm="apparmor_parser"
[    2.403211] audit: type=1400 audit(1768426653.248:7): apparmor="STATUS" operation="profile_load" profile="unconfined" name="/usr/bin/evince-previewer" pid=302 comm="apparmor_parser"
[    2.403212] audit: type=1400 audit(1768426653.248:8): apparmor="STATUS" operation="profile_load" profile="unconfined" name="/usr/bin/evince-previewer//sanitized_helper" pid=302 comm="apparmor_parser"
[    2.403214] audit: type=1400 audit(1768426653.248:9): apparmor="STATUS" operation="profile_load" profile="unconfined" name="/usr/bin/evince-thumbnailer" pid=302 comm="apparmor_parser"
[    2.440106] audit: type=1400 audit(1768426653.292:10): apparmor="STATUS" operation="profile_load" profile="unconfined" name="/usr/lib/cups/backend/cups-pdf" pid=303 comm="apparmor_parser"
[    2.501998] systemd[1]: Finished Load AppArmor profiles.
[    2.502925] systemd[1]: Starting Load AppArmor profiles managed internally by snapd...
[    2.608833] systemd[1]: Finished Load AppArmor profiles managed internally by snapd.
[    2.778051] systemd[1]: Started Journal Service.
[    2.786312] systemd-journald[229]: Received client request to flush runtime journal.
[    2.790478] systemd-journald[229]: File /var/log/journal/c455b248004a419c87ce85eea238d727/system.journal corrupted or uncleanly shut down, renaming and replacing.
[    4.064225] RAPL PMU: API unit is 2^-32 Joules, 0 fixed counters, 10737418240 ms ovfl timer
[    4.148800] cryptd: max_cpu_qlen set to 1000
[    4.193377] AVX2 version of gcm_enc/dec engaged.
[    4.193378] AES CTR mode by8 optimization enabled
[    5.976479] Adding 1998844k swap on /dev/sda1.  Priority:-2 extents:1 across:1998844k FS
[    7.270012] kauditd_printk_skb: 30 callbacks suppressed
[    7.270014] audit: type=1400 audit(1768426658.120:41): apparmor="DENIED" operation="capable" profile="/usr/sbin/cups-browsed" pid=507 comm="cups-browsed" capability=23  capname="sys_nice"
[    8.364308] pcnet32 0000:00:03.0 enp0s3: link up, 100Mbps, full-duplex
[    8.386328] pcnet32 0000:00:08.0 enp0s8: link up, 100Mbps, full-duplex
[    8.419520] e1000: enp0s9 NIC Link is Up 1000 Mbps Full Duplex, Flow Control: RX
[    8.419819] IPv6: ADDRCONF(NETDEV_CHANGE): enp0s9: link becomes ready
[    8.942751] device enp0s8 entered promiscuous mode
[    8.956756] device enp0s3 entered promiscuous mode
[    8.992732] audit: type=1400 audit(1768426659.848:42): apparmor="DENIED" operation="open" profile="/usr/sbin/tcpdump" name="/proc/sys/kernel/random/boot_id" pid=635 comm="tcpdump" requested_mask="r" denied_mask="r" fsuid=0 ouid=0
[    8.992953] audit: type=1400 audit(1768426659.848:43): apparmor="DENIED" operation="open" profile="/usr/sbin/tcpdump" name="/proc/sys/kernel/random/boot_id" pid=634 comm="tcpdump" requested_mask="r" denied_mask="r" fsuid=0 ouid=0
[    8.993646] audit: type=1400 audit(1768426659.848:44): apparmor="DENIED" operation="open" profile="/usr/sbin/tcpdump" name="/proc/sys/kernel/random/boot_id" pid=635 comm="tcpdump" requested_mask="r" denied_mask="r" fsuid=0 ouid=0
[    8.993659] audit: type=1400 audit(1768426659.848:45): apparmor="DENIED" operation="open" profile="/usr/sbin/tcpdump" name="/proc/sys/kernel/random/boot_id" pid=634 comm="tcpdump" requested_mask="r" denied_mask="r" fsuid=0 ouid=0
[    8.993700] audit: type=1400 audit(1768426659.848:46): apparmor="DENIED" operation="open" profile="/usr/sbin/tcpdump" name="/proc/sys/kernel/random/boot_id" pid=634 comm="tcpdump" requested_mask="r" denied_mask="r" fsuid=0 ouid=0
[    8.993770] audit: type=1400 audit(1768426659.848:47): apparmor="DENIED" operation="open" profile="/usr/sbin/tcpdump" name="/proc/sys/kernel/random/boot_id" pid=635 comm="tcpdump" requested_mask="r" denied_mask="r" fsuid=0 ouid=0
[    8.993789] audit: type=1400 audit(1768426659.848:48): apparmor="DENIED" operation="open" profile="/usr/sbin/tcpdump" name="/proc/sys/kernel/random/boot_id" pid=635 comm="tcpdump" requested_mask="r" denied_mask="r" fsuid=0 ouid=0
[    8.993889] audit: type=1400 audit(1768426659.848:49): apparmor="DENIED" operation="open" profile="/usr/sbin/tcpdump" name="/proc/sys/kernel/random/boot_id" pid=634 comm="tcpdump" requested_mask="r" denied_mask="r" fsuid=0 ouid=0
[    9.012846] audit: type=1400 audit(1768426659.868:50): apparmor="DENIED" operation="open" profile="/usr/sbin/tcpdump" name="/proc/sys/kernel/random/boot_id" pid=637 comm="tcpdump" requested_mask="r" denied_mask="r" fsuid=0 ouid=0
[   15.064794] rfkill: input handler disabled
[  251.584197] AAAAA-TCP_FORW: name:enp0s8: saddr:100932208: daddr:16783984
[  251.586273] AAAAA-TCP_FORW: name:enp0s3: saddr:16783984: daddr:100932208
[  251.857739] AAAAA-TCP_FORW: name:enp0s8: saddr:100932208: daddr:16783984
[  251.858863] AAAAA-TCP_FORW: name:enp0s3: saddr:16783984: daddr:100932208
[  252.360819] AAAAA-TCP_FORW: name:enp0s8: saddr:100932208: daddr:16783984
[  252.361881] AAAAA-TCP_FORW: name:enp0s3: saddr:16783984: daddr:100932208
[  252.543358] AAAAA-TCP_FORW: name:enp0s8: saddr:100932208: daddr:16783984
[  252.544087] AAAAA-TCP_FORW: name:enp0s3: saddr:16783984: daddr:100932208
[  252.544546] AAAAA-TCP_FORW: name:enp0s3: saddr:16783984: daddr:100932208
[  252.625474] AAAAA-TCP_FORW: name:enp0s8: saddr:100932208: daddr:16783984
[  253.049881] AAAAA-TCP_FORW: name:enp0s8: saddr:100932208: daddr:33561200
[  253.050907] AAAAA-TCP_FORW: name:enp0s3: saddr:33561200: daddr:100932208
[  253.132648] AAAAA-TCP_FORW: name:enp0s8: saddr:100932208: daddr:16783984
[  253.220183] AAAAA-TCP_FORW: name:enp0s8: saddr:100932208: daddr:16783984
[  253.220936] AAAAA-TCP_FORW: name:enp0s3: saddr:16783984: daddr:100932208
[  253.456137] AAAAA-TCP_FORW: name:enp0s8: saddr:100932208: daddr:33561200
[  253.457069] AAAAA-TCP_FORW: name:enp0s3: saddr:33561200: daddr:100932208
[  253.544161] AAAAA-TCP_FORW: name:enp0s8: saddr:100932208: daddr:16783984
[  253.544971] AAAAA-TCP_FORW: name:enp0s3: saddr:16783984: daddr:100932208
[  253.545068] AAAAA-TCP_FORW: name:enp0s3: saddr:33561200: daddr:100932208
[  253.953888] AAAAA-TCP_FORW: name:enp0s8: saddr:100932208: daddr:33561200
[  253.987625] AAAAA-TCP_FORW: name:enp0s8: saddr:100932208: daddr:16783984
[  253.988353] AAAAA-TCP_FORW: name:enp0s3: saddr:16783984: daddr:100932208
[  254.079363] AAAAA-TCP_FORW: name:enp0s8: saddr:100932208: daddr:16783984
[  254.080640] AAAAA-TCP_FORW: name:enp0s3: saddr:16783984: daddr:100932208
[  254.139845] AAAAA-TCP_FORW: name:enp0s8: saddr:100932208: daddr:16783984
[  254.140589] AAAAA-TCP_FORW: name:enp0s3: saddr:16783984: daddr:100932208
[  254.141986] AAAAA-TCP_FORW: name:enp0s3: saddr:33561200: daddr:100932208
[  254.329428] AAAAA-TCP_FORW: name:enp0s8: saddr:100932208: daddr:33561200
[  254.330663] AAAAA-TCP_FORW: name:enp0s3: saddr:33561200: daddr:100932208
[  254.592310] AAAAA-TCP_FORW: name:enp0s8: saddr:100932208: daddr:33561200
[  254.593372] AAAAA-TCP_FORW: name:enp0s3: saddr:33561200: daddr:100932208
[  254.666319] AAAAA-TCP_FORW: name:enp0s8: saddr:100932208: daddr:33561200
[  254.667058] AAAAA-TCP_FORW: name:enp0s3: saddr:33561200: daddr:100932208
[  255.133511] AAAAA-TCP_FORW: name:enp0s8: saddr:100932208: daddr:33561200
[  255.176892] AAAAA-TCP_FORW: name:enp0s8: saddr:100932208: daddr:16783984
[  255.177629] AAAAA-TCP_FORW: name:enp0s3: saddr:16783984: daddr:100932208
[  255.274469] AAAAA-TCP_FORW: name:enp0s8: saddr:100932208: daddr:16783984
[  255.275774] AAAAA-TCP_FORW: name:enp0s3: saddr:16783984: daddr:100932208
[  255.370295] AAAAA-TCP_FORW: name:enp0s8: saddr:100932208: daddr:16783984
[  255.371385] AAAAA-TCP_FORW: name:enp0s3: saddr:16783984: daddr:100932208
[  255.445060] AAAAA-TCP_FORW: name:enp0s8: saddr:100932208: daddr:16783984
[  255.446221] AAAAA-TCP_FORW: name:enp0s3: saddr:16783984: daddr:100932208
[  255.518244] AAAAA-TCP_FORW: name:enp0s8: saddr:100932208: daddr:16783984
[  255.519449] AAAAA-TCP_FORW: name:enp0s3: saddr:16783984: daddr:100932208
[  255.630253] AAAAA-TCP_FORW: name:enp0s8: saddr:100932208: daddr:16783984
[  255.632033] AAAAA-TCP_FORW: name:enp0s3: saddr:16783984: daddr:100932208
[  255.725256] AAAAA-TCP_FORW: name:enp0s8: saddr:100932208: daddr:16783984
[  255.726384] AAAAA-TCP_FORW: name:enp0s3: saddr:16783984: daddr:100932208
[  255.795556] AAAAA-TCP_FORW: name:enp0s8: saddr:100932208: daddr:16783984
[  255.796303] AAAAA-TCP_FORW: name:enp0s3: saddr:16783984: daddr:100932208
[  255.943753] AAAAA-TCP_FORW: name:enp0s8: saddr:100932208: daddr:16783984
[  255.944508] AAAAA-TCP_FORW: name:enp0s3: saddr:16783984: daddr:100932208
[  256.068594] AAAAA-TCP_FORW: name:enp0s8: saddr:100932208: daddr:16783984
[  256.069365] AAAAA-TCP_FORW: name:enp0s3: saddr:16783984: daddr:100932208
[  256.187265] AAAAA-TCP_FORW: name:enp0s8: saddr:100932208: daddr:33561200
[  256.188030] AAAAA-TCP_FORW: name:enp0s3: saddr:33561200: daddr:100932208
[  256.272111] AAAAA-TCP_FORW: name:enp0s8: saddr:100932208: daddr:33561200
[  256.272850] AAAAA-TCP_FORW: name:enp0s3: saddr:33561200: daddr:100932208
[  256.382879] AAAAA-TCP_FORW: name:enp0s8: saddr:100932208: daddr:33561200
[  256.384288] AAAAA-TCP_FORW: name:enp0s3: saddr:33561200: daddr:100932208
[  256.494868] AAAAA-TCP_FORW: name:enp0s8: saddr:100932208: daddr:33561200
[  256.496095] AAAAA-TCP_FORW: name:enp0s3: saddr:33561200: daddr:100932208
[  256.589348] AAAAA-TCP_FORW: name:enp0s8: saddr:100932208: daddr:33561200
[  256.590219] AAAAA-TCP_FORW: name:enp0s3: saddr:33561200: daddr:100932208
[  256.736599] AAAAA-TCP_FORW: name:enp0s8: saddr:100932208: daddr:33561200
[  256.737374] AAAAA-TCP_FORW: name:enp0s3: saddr:33561200: daddr:100932208
[  256.917865] AAAAA-TCP_FORW: name:enp0s8: saddr:100932208: daddr:33561200
[  256.919124] AAAAA-TCP_FORW: name:enp0s3: saddr:33561200: daddr:100932208
[  256.994785] AAAAA-TCP_FORW: name:enp0s8: saddr:100932208: daddr:33561200
[  256.995523] AAAAA-TCP_FORW: name:enp0s3: saddr:33561200: daddr:100932208
[  257.064707] AAAAA-TCP_FORW: name:enp0s8: saddr:100932208: daddr:33561200
[  257.065691] AAAAA-TCP_FORW: name:enp0s3: saddr:33561200: daddr:100932208
[  257.211091] AAAAA-TCP_FORW: name:enp0s8: saddr:100932208: daddr:33561200
[  257.211751] AAAAA-TCP_FORW: name:enp0s3: saddr:33561200: daddr:100932208
[  257.309441] AAAAA-TCP_FORW: name:enp0s8: saddr:100932208: daddr:16783984
[  257.310800] AAAAA-TCP_FORW: name:enp0s3: saddr:16783984: daddr:100932208
[  257.436941] AAAAA-TCP_FORW: name:enp0s8: saddr:100932208: daddr:16783984
[  257.437784] AAAAA-TCP_FORW: name:enp0s3: saddr:16783984: daddr:100932208
[  257.506790] AAAAA-TCP_FORW: name:enp0s8: saddr:100932208: daddr:16783984
[  257.508428] AAAAA-TCP_FORW: name:enp0s3: saddr:16783984: daddr:100932208
[  257.585836] AAAAA-TCP_FORW: name:enp0s8: saddr:100932208: daddr:33561200
[  257.587368] AAAAA-TCP_FORW: name:enp0s3: saddr:33561200: daddr:100932208
[  257.818583] AAAAA-TCP_FORW: name:enp0s8: saddr:100932208: daddr:16783984
[  257.819542] AAAAA-TCP_FORW: name:enp0s3: saddr:16783984: daddr:100932208
[  257.889815] AAAAA-TCP_FORW: name:enp0s8: saddr:100932208: daddr:16783984
[  257.890712] AAAAA-TCP_FORW: name:enp0s3: saddr:16783984: daddr:100932208
[  257.962853] AAAAA-TCP_FORW: name:enp0s8: saddr:100932208: daddr:16783984
[  257.964298] AAAAA-TCP_FORW: name:enp0s3: saddr:16783984: daddr:100932208
[  258.056440] AAAAA-TCP_FORW: name:enp0s8: saddr:100932208: daddr:16783984
[  258.057676] AAAAA-TCP_FORW: name:enp0s3: saddr:16783984: daddr:100932208
[  258.166526] AAAAA-TCP_FORW: name:enp0s8: saddr:100932208: daddr:16783984
[  258.167476] AAAAA-TCP_FORW: name:enp0s3: saddr:16783984: daddr:100932208
[  258.248178] AAAAA-TCP_FORW: name:enp0s8: saddr:100932208: daddr:16783984
[  258.249403] AAAAA-TCP_FORW: name:enp0s3: saddr:16783984: daddr:100932208
[  258.312740] AAAAA-TCP_FORW: name:enp0s8: saddr:100932208: daddr:16783984
[  258.314290] AAAAA-TCP_FORW: name:enp0s3: saddr:16783984: daddr:100932208
[  258.372660] AAAAA-TCP_FORW: name:enp0s8: saddr:100932208: daddr:16783984
[  258.373819] AAAAA-TCP_FORW: name:enp0s3: saddr:16783984: daddr:100932208
[  258.483530] AAAAA-TCP_FORW: name:enp0s8: saddr:100932208: daddr:16783984
[  258.484600] AAAAA-TCP_FORW: name:enp0s3: saddr:16783984: daddr:100932208
[  258.613602] AAAAA-TCP_FORW: name:enp0s8: saddr:100932208: daddr:16783984
[  258.614903] AAAAA-TCP_FORW: name:enp0s3: saddr:16783984: daddr:100932208
[  258.768409] AAAAA-TCP_FORW: name:enp0s8: saddr:100932208: daddr:33561200
[  258.769170] AAAAA-TCP_FORW: name:enp0s3: saddr:33561200: daddr:100932208
[  258.833498] AAAAA-TCP_FORW: name:enp0s8: saddr:100932208: daddr:16783984
[  258.834213] AAAAA-TCP_FORW: name:enp0s3: saddr:16783984: daddr:100932208
[  258.887023] AAAAA-TCP_FORW: name:enp0s8: saddr:100932208: daddr:16783984
[  258.887758] AAAAA-TCP_FORW: name:enp0s3: saddr:16783984: daddr:100932208
[  258.955098] AAAAA-TCP_FORW: name:enp0s8: saddr:100932208: daddr:16783984
[  258.956293] AAAAA-TCP_FORW: name:enp0s3: saddr:16783984: daddr:100932208
[  259.024199] AAAAA-TCP_FORW: name:enp0s8: saddr:100932208: daddr:16783984
[  259.025292] AAAAA-TCP_FORW: name:enp0s3: saddr:16783984: daddr:100932208
[  259.109416] AAAAA-TCP_FORW: name:enp0s8: saddr:100932208: daddr:16783984
[  259.110173] AAAAA-TCP_FORW: name:enp0s3: saddr:16783984: daddr:100932208
[  259.222601] AAAAA-TCP_FORW: name:enp0s8: saddr:100932208: daddr:16783984
[  259.223344] AAAAA-TCP_FORW: name:enp0s3: saddr:16783984: daddr:100932208
[  259.286312] AAAAA-TCP_FORW: name:enp0s8: saddr:100932208: daddr:16783984
[  259.329450] AAAAA-TCP_FORW: name:enp0s3: saddr:16783984: daddr:100932208
[  259.431730] AAAAA-TCP_FORW: name:enp0s8: saddr:100932208: daddr:16783984
[  259.513397] AAAAA-TCP_FORW: name:enp0s3: saddr:16783984: daddr:100932208
[  259.516940] AAAAA-TCP_FORW: name:enp0s8: saddr:100932208: daddr:33561200
[  259.517636] AAAAA-TCP_FORW: name:enp0s3: saddr:33561200: daddr:100932208
[  259.830342] AAAAA-TCP_FORW: name:enp0s8: saddr:100932208: daddr:33561200
[  259.831056] AAAAA-TCP_FORW: name:enp0s3: saddr:33561200: daddr:100932208
[  259.885195] AAAAA-TCP_FORW: name:enp0s8: saddr:100932208: daddr:33561200
[  259.885899] AAAAA-TCP_FORW: name:enp0s3: saddr:33561200: daddr:100932208
[  260.119915] AAAAA-TCP_FORW: name:enp0s8: saddr:100932208: daddr:33561200
[  260.120715] AAAAA-TCP_FORW: name:enp0s3: saddr:33561200: daddr:100932208
[  260.184350] AAAAA-TCP_FORW: name:enp0s8: saddr:100932208: daddr:33561200
[  260.185122] AAAAA-TCP_FORW: name:enp0s3: saddr:33561200: daddr:100932208
[  260.311427] AAAAA-TCP_FORW: name:enp0s8: saddr:100932208: daddr:33561200
[  260.312633] AAAAA-TCP_FORW: name:enp0s3: saddr:33561200: daddr:100932208
[  260.371311] AAAAA-TCP_FORW: name:enp0s8: saddr:100932208: daddr:33561200
[  260.372041] AAAAA-TCP_FORW: name:enp0s3: saddr:33561200: daddr:100932208
[  260.422952] AAAAA-TCP_FORW: name:enp0s8: saddr:100932208: daddr:33561200
[  260.423669] AAAAA-TCP_FORW: name:enp0s3: saddr:33561200: daddr:100932208
[  260.486476] AAAAA-TCP_FORW: name:enp0s8: saddr:100932208: daddr:33561200
[  260.487176] AAAAA-TCP_FORW: name:enp0s3: saddr:33561200: daddr:100932208
[  260.578270] AAAAA-TCP_FORW: name:enp0s8: saddr:100932208: daddr:33561200
[  260.578993] AAAAA-TCP_FORW: name:enp0s3: saddr:33561200: daddr:100932208
[  260.660505] AAAAA-TCP_FORW: name:enp0s8: saddr:100932208: daddr:33561200
[  260.661682] AAAAA-TCP_FORW: name:enp0s3: saddr:33561200: daddr:100932208
[  260.751153] AAAAA-TCP_FORW: name:enp0s8: saddr:100932208: daddr:33561200
[  260.751869] AAAAA-TCP_FORW: name:enp0s3: saddr:33561200: daddr:100932208
[  260.870609] AAAAA-TCP_FORW: name:enp0s8: saddr:100932208: daddr:33561200
[  260.871717] AAAAA-TCP_FORW: name:enp0s3: saddr:33561200: daddr:100932208
[  260.929801] AAAAA-TCP_FORW: name:enp0s8: saddr:100932208: daddr:33561200
[  260.931005] AAAAA-TCP_FORW: name:enp0s3: saddr:33561200: daddr:100932208
[  260.993088] AAAAA-TCP_FORW: name:enp0s8: saddr:100932208: daddr:33561200
[  260.994232] AAAAA-TCP_FORW: name:enp0s3: saddr:33561200: daddr:100932208
[  261.053091] AAAAA-TCP_FORW: name:enp0s8: saddr:100932208: daddr:33561200
[  261.054245] AAAAA-TCP_FORW: name:enp0s3: saddr:33561200: daddr:100932208
[  261.106407] AAAAA-TCP_FORW: name:enp0s8: saddr:100932208: daddr:33561200
[  261.149322] AAAAA-TCP_FORW: name:enp0s3: saddr:33561200: daddr:100932208
[  261.162953] AAAAA-TCP_FORW: name:enp0s8: saddr:100932208: daddr:33561200
[  261.232368] AAAAA-TCP_FORW: name:enp0s8: saddr:100932208: daddr:33561200
[  261.233680] AAAAA-TCP_FORW: name:enp0s3: saddr:33561200: daddr:100932208
[  261.410693] AAAAA-TCP_FORW: name:enp0s8: saddr:100932208: daddr:33561200
[  261.477115] AAAAA-TCP_FORW: name:enp0s8: saddr:100932208: daddr:33561200
[  261.478252] AAAAA-TCP_FORW: name:enp0s3: saddr:33561200: daddr:100932208
[  261.583863] AAAAA-TCP_FORW: name:enp0s8: saddr:100932208: daddr:16783984
[  261.585580] AAAAA-TCP_FORW: name:enp0s3: saddr:16783984: daddr:100932208
[  261.693021] AAAAA-TCP_FORW: name:enp0s8: saddr:100932208: daddr:16783984
[  261.694069] AAAAA-TCP_FORW: name:enp0s3: saddr:16783984: daddr:100932208
[  261.750706] AAAAA-TCP_FORW: name:enp0s8: saddr:100932208: daddr:16783984
[  261.751877] AAAAA-TCP_FORW: name:enp0s3: saddr:16783984: daddr:100932208
[  261.800702] AAAAA-TCP_FORW: name:enp0s8: saddr:100932208: daddr:16783984
[  261.801892] AAAAA-TCP_FORW: name:enp0s3: saddr:16783984: daddr:100932208
[  261.859952] AAAAA-TCP_FORW: name:enp0s8: saddr:100932208: daddr:16783984
[  261.861165] AAAAA-TCP_FORW: name:enp0s3: saddr:16783984: daddr:100932208
[  261.921023] AAAAA-TCP_FORW: name:enp0s8: saddr:100932208: daddr:16783984
[  261.922201] AAAAA-TCP_FORW: name:enp0s3: saddr:16783984: daddr:100932208
[  261.986085] AAAAA-TCP_FORW: name:enp0s8: saddr:100932208: daddr:16783984
[  261.987191] AAAAA-TCP_FORW: name:enp0s3: saddr:16783984: daddr:100932208
[  262.157619] AAAAA-TCP_FORW: name:enp0s8: saddr:100932208: daddr:16783984
[  262.158839] AAAAA-TCP_FORW: name:enp0s3: saddr:16783984: daddr:100932208
[  262.227403] AAAAA-TCP_FORW: name:enp0s8: saddr:100932208: daddr:16783984
[  262.228582] AAAAA-TCP_FORW: name:enp0s3: saddr:16783984: daddr:100932208
[  262.349746] AAAAA-TCP_FORW: name:enp0s8: saddr:100932208: daddr:16783984
[  262.350958] AAAAA-TCP_FORW: name:enp0s3: saddr:16783984: daddr:100932208
[  262.416784] AAAAA-TCP_FORW: name:enp0s8: saddr:100932208: daddr:16783984
[  262.417898] AAAAA-TCP_FORW: name:enp0s3: saddr:16783984: daddr:100932208
[  262.486674] AAAAA-TCP_FORW: name:enp0s8: saddr:100932208: daddr:16783984
[  262.487408] AAAAA-TCP_FORW: name:enp0s3: saddr:16783984: daddr:100932208
[  262.556624] AAAAA-TCP_FORW: name:enp0s8: saddr:100932208: daddr:16783984
[  262.557870] AAAAA-TCP_FORW: name:enp0s3: saddr:16783984: daddr:100932208
[  262.726713] AAAAA-TCP_FORW: name:enp0s8: saddr:100932208: daddr:33561200
[  262.727913] AAAAA-TCP_FORW: name:enp0s3: saddr:33561200: daddr:100932208
[  277.920817] AAAAA-TCP_FORW: name:enp0s8: saddr:100932208: daddr:16783984
[  277.922100] AAAAA-TCP_FORW: name:enp0s3: saddr:16783984: daddr:100932208
[  277.987744] AAAAA-TCP_FORW: name:enp0s8: saddr:100932208: daddr:33561200
[  277.988906] AAAAA-TCP_FORW: name:enp0s3: saddr:33561200: daddr:100932208
[  278.068849] AAAAA-TCP_FORW: name:enp0s8: saddr:100932208: daddr:16783984
[  278.070050] AAAAA-TCP_FORW: name:enp0s3: saddr:16783984: daddr:100932208
[  278.165786] AAAAA-TCP_FORW: name:enp0s8: saddr:100932208: daddr:33561200
[  278.166947] AAAAA-TCP_FORW: name:enp0s3: saddr:33561200: daddr:100932208
[  278.249374] AAAAA-TCP_FORW: name:enp0s8: saddr:100932208: daddr:16783984
[  278.250780] AAAAA-TCP_FORW: name:enp0s3: saddr:16783984: daddr:100932208
[  278.411678] AAAAA-TCP_FORW: name:enp0s8: saddr:100932208: daddr:33561200
[  278.412708] AAAAA-TCP_FORW: name:enp0s3: saddr:33561200: daddr:100932208
[  278.511657] AAAAA-TCP_FORW: name:enp0s8: saddr:100932208: daddr:16783984
[  278.512589] AAAAA-TCP_FORW: name:enp0s3: saddr:16783984: daddr:100932208
[  278.724033] AAAAA-TCP_FORW: name:enp0s8: saddr:100932208: daddr:33561200
[  278.725219] AAAAA-TCP_FORW: name:enp0s3: saddr:33561200: daddr:100932208
[  278.870680] AAAAA-TCP_FORW: name:enp0s8: saddr:100932208: daddr:16783984
[  278.871718] AAAAA-TCP_FORW: name:enp0s3: saddr:16783984: daddr:100932208
[  279.035868] AAAAA-TCP_FORW: name:enp0s8: saddr:100932208: daddr:33561200
[  279.036940] AAAAA-TCP_FORW: name:enp0s3: saddr:33561200: daddr:100932208
[  279.151552] AAAAA-TCP_FORW: name:enp0s8: saddr:100932208: daddr:16783984
[  279.152563] AAAAA-TCP_FORW: name:enp0s3: saddr:16783984: daddr:100932208
[  279.243591] AAAAA-TCP_FORW: name:enp0s8: saddr:100932208: daddr:33561200
[  279.245035] AAAAA-TCP_FORW: name:enp0s3: saddr:33561200: daddr:100932208
[  279.438882] AAAAA-TCP_FORW: name:enp0s8: saddr:100932208: daddr:16783984
[  279.440200] AAAAA-TCP_FORW: name:enp0s3: saddr:16783984: daddr:100932208
[  279.781252] AAAAA-TCP_FORW: name:enp0s8: saddr:100932208: daddr:33561200
[  279.782897] AAAAA-TCP_FORW: name:enp0s3: saddr:33561200: daddr:100932208
[  279.872125] AAAAA-TCP_FORW: name:enp0s8: saddr:100932208: daddr:16783984
[  279.873205] AAAAA-TCP_FORW: name:enp0s3: saddr:16783984: daddr:100932208
[  280.006253] AAAAA-TCP_FORW: name:enp0s8: saddr:100932208: daddr:33561200
[  280.007494] AAAAA-TCP_FORW: name:enp0s3: saddr:33561200: daddr:100932208
[  280.120674] AAAAA-TCP_FORW: name:enp0s8: saddr:100932208: daddr:16783984
[  280.122245] AAAAA-TCP_FORW: name:enp0s3: saddr:16783984: daddr:100932208
[  280.306731] AAAAA-TCP_FORW: name:enp0s8: saddr:100932208: daddr:33561200
[  280.307884] AAAAA-TCP_FORW: name:enp0s3: saddr:33561200: daddr:100932208
[  280.483106] AAAAA-TCP_FORW: name:enp0s8: saddr:100932208: daddr:16783984
[  280.484365] AAAAA-TCP_FORW: name:enp0s3: saddr:16783984: daddr:100932208
[  280.629887] AAAAA-TCP_FORW: name:enp0s8: saddr:100932208: daddr:33561200
[  280.631169] AAAAA-TCP_FORW: name:enp0s3: saddr:33561200: daddr:100932208
[  280.737468] AAAAA-TCP_FORW: name:enp0s8: saddr:100932208: daddr:16783984
[  280.738763] AAAAA-TCP_FORW: name:enp0s3: saddr:16783984: daddr:100932208
[  280.866556] AAAAA-TCP_FORW: name:enp0s8: saddr:100932208: daddr:33561200
[  280.867559] AAAAA-TCP_FORW: name:enp0s3: saddr:33561200: daddr:100932208
[  280.969138] AAAAA-TCP_FORW: name:enp0s8: saddr:100932208: daddr:16783984
[  280.970273] AAAAA-TCP_FORW: name:enp0s3: saddr:16783984: daddr:100932208
[  281.045161] AAAAA-TCP_FORW: name:enp0s8: saddr:100932208: daddr:33561200
[  281.046326] AAAAA-TCP_FORW: name:enp0s3: saddr:33561200: daddr:100932208
[  281.103015] AAAAA-TCP_FORW: name:enp0s8: saddr:100932208: daddr:16783984
[  281.104403] AAAAA-TCP_FORW: name:enp0s3: saddr:16783984: daddr:100932208
[  281.181521] AAAAA-TCP_FORW: name:enp0s8: saddr:100932208: daddr:33561200
[  281.182889] AAAAA-TCP_FORW: name:enp0s3: saddr:33561200: daddr:100932208
[  281.257064] AAAAA-TCP_FORW: name:enp0s8: saddr:100932208: daddr:16783984
[  281.258338] AAAAA-TCP_FORW: name:enp0s3: saddr:16783984: daddr:100932208
[  281.361012] AAAAA-TCP_FORW: name:enp0s8: saddr:100932208: daddr:33561200
[  281.362374] AAAAA-TCP_FORW: name:enp0s3: saddr:33561200: daddr:100932208
[  281.434532] AAAAA-TCP_FORW: name:enp0s8: saddr:100932208: daddr:33561200
[  281.435909] AAAAA-TCP_FORW: name:enp0s3: saddr:33561200: daddr:100932208
[  281.505017] AAAAA-TCP_FORW: name:enp0s8: saddr:100932208: daddr:33561200
[  281.506258] AAAAA-TCP_FORW: name:enp0s3: saddr:33561200: daddr:100932208
[  281.579512] AAAAA-TCP_FORW: name:enp0s8: saddr:100932208: daddr:33561200
[  281.621703] AAAAA-TCP_FORW: name:enp0s8: saddr:100932208: daddr:33561200
[  281.621894] AAAAA-TCP_FORW: name:enp0s3: saddr:33561200: daddr:100932208
[  281.709623] AAAAA-TCP_FORW: name:enp0s3: saddr:33561200: daddr:100932208
[  281.759619] AAAAA-TCP_FORW: name:enp0s8: saddr:100932208: daddr:33561200
[  281.801976] AAAAA-TCP_FORW: name:enp0s8: saddr:100932208: daddr:33561200
[  281.803296] AAAAA-TCP_FORW: name:enp0s3: saddr:33561200: daddr:100932208
[  281.883002] AAAAA-TCP_FORW: name:enp0s8: saddr:100932208: daddr:33561200
[  282.041328] AAAAA-TCP_FORW: name:enp0s3: saddr:33561200: daddr:100932208
[  282.279167] AAAAA-TCP_FORW: name:enp0s8: saddr:100932208: daddr:16783984
[  282.280296] AAAAA-TCP_FORW: name:enp0s3: saddr:16783984: daddr:100932208
[  282.414061] AAAAA-TCP_FORW: name:enp0s8: saddr:100932208: daddr:16783984
[  282.415680] AAAAA-TCP_FORW: name:enp0s3: saddr:16783984: daddr:100932208
[  282.525772] AAAAA-TCP_FORW: name:enp0s8: saddr:100932208: daddr:33561200
[  282.526954] AAAAA-TCP_FORW: name:enp0s3: saddr:33561200: daddr:100932208
[  282.678315] AAAAA-TCP_FORW: name:enp0s8: saddr:100932208: daddr:33561200
[  282.679436] AAAAA-TCP_FORW: name:enp0s3: saddr:33561200: daddr:100932208
[  282.824661] AAAAA-TCP_FORW: name:enp0s8: saddr:100932208: daddr:16783984
[  282.825867] AAAAA-TCP_FORW: name:enp0s3: saddr:16783984: daddr:100932208
[  282.960144] AAAAA-TCP_FORW: name:enp0s8: saddr:100932208: daddr:33561200
[  282.961250] AAAAA-TCP_FORW: name:enp0s3: saddr:33561200: daddr:100932208
[  283.101001] AAAAA-TCP_FORW: name:enp0s8: saddr:100932208: daddr:33561200
[  283.103480] AAAAA-TCP_FORW: name:enp0s3: saddr:33561200: daddr:100932208
[  283.171141] AAAAA-TCP_FORW: name:enp0s8: saddr:100932208: daddr:16783984
[  283.172284] AAAAA-TCP_FORW: name:enp0s3: saddr:16783984: daddr:100932208
[  283.272698] AAAAA-TCP_FORW: name:enp0s8: saddr:100932208: daddr:16783984
[  283.273927] AAAAA-TCP_FORW: name:enp0s3: saddr:16783984: daddr:100932208
[  283.368050] AAAAA-TCP_FORW: name:enp0s8: saddr:100932208: daddr:16783984
[  283.369185] AAAAA-TCP_FORW: name:enp0s3: saddr:16783984: daddr:100932208
[  283.474037] AAAAA-TCP_FORW: name:enp0s8: saddr:100932208: daddr:16783984
[  283.576082] AAAAA-TCP_FORW: name:enp0s8: saddr:100932208: daddr:33561200
[  283.578501] AAAAA-TCP_FORW: name:enp0s3: saddr:33561200: daddr:100932208
[  283.647855] AAAAA-TCP_FORW: name:enp0s8: saddr:100932208: daddr:33561200
[  283.650129] AAAAA-TCP_FORW: name:enp0s3: saddr:33561200: daddr:100932208
[  283.754537] AAAAA-TCP_FORW: name:enp0s8: saddr:100932208: daddr:33561200
[  283.756598] AAAAA-TCP_FORW: name:enp0s3: saddr:33561200: daddr:100932208
[  283.842808] AAAAA-TCP_FORW: name:enp0s8: saddr:100932208: daddr:33561200
[  283.845334] AAAAA-TCP_FORW: name:enp0s3: saddr:33561200: daddr:100932208
[  283.918369] AAAAA-TCP_FORW: name:enp0s8: saddr:100932208: daddr:16783984
[  283.919504] AAAAA-TCP_FORW: name:enp0s3: saddr:16783984: daddr:100932208
[  283.997656] AAAAA-TCP_FORW: name:enp0s8: saddr:100932208: daddr:33561200
[  284.000056] AAAAA-TCP_FORW: name:enp0s3: saddr:33561200: daddr:100932208
[  284.080748] AAAAA-TCP_FORW: name:enp0s8: saddr:100932208: daddr:33561200
[  284.083223] AAAAA-TCP_FORW: name:enp0s3: saddr:33561200: daddr:100932208
[  284.153135] AAAAA-TCP_FORW: name:enp0s8: saddr:100932208: daddr:16783984
[  284.154269] AAAAA-TCP_FORW: name:enp0s3: saddr:16783984: daddr:100932208
[  284.256733] AAAAA-TCP_FORW: name:enp0s8: saddr:100932208: daddr:16783984
[  284.258521] AAAAA-TCP_FORW: name:enp0s3: saddr:16783984: daddr:100932208
[  284.370470] AAAAA-TCP_FORW: name:enp0s8: saddr:100932208: daddr:33561200
[  284.372889] AAAAA-TCP_FORW: name:enp0s3: saddr:33561200: daddr:100932208
[  284.496607] AAAAA-TCP_FORW: name:enp0s8: saddr:100932208: daddr:33561200
[  284.498982] AAAAA-TCP_FORW: name:enp0s3: saddr:33561200: daddr:100932208
[  284.628988] AAAAA-TCP_FORW: name:enp0s8: saddr:100932208: daddr:16783984
[  284.630348] AAAAA-TCP_FORW: name:enp0s3: saddr:16783984: daddr:100932208
[  284.698791] AAAAA-TCP_FORW: name:enp0s8: saddr:100932208: daddr:16783984
[  284.699733] AAAAA-TCP_FORW: name:enp0s3: saddr:16783984: daddr:100932208
[  284.861851] AAAAA-TCP_FORW: name:enp0s8: saddr:100932208: daddr:33561200
[  284.864267] AAAAA-TCP_FORW: name:enp0s3: saddr:33561200: daddr:100932208
[  284.917482] AAAAA-TCP_FORW: name:enp0s8: saddr:100932208: daddr:33561200
[  284.919978] AAAAA-TCP_FORW: name:enp0s3: saddr:33561200: daddr:100932208
[  284.999917] AAAAA-TCP_FORW: name:enp0s8: saddr:100932208: daddr:16783984
[  285.001095] AAAAA-TCP_FORW: name:enp0s3: saddr:16783984: daddr:100932208
[  285.067121] AAAAA-TCP_FORW: name:enp0s8: saddr:100932208: daddr:33561200
[  285.069433] AAAAA-TCP_FORW: name:enp0s3: saddr:33561200: daddr:100932208
[  285.118941] AAAAA-TCP_FORW: name:enp0s8: saddr:100932208: daddr:16783984
[  285.120100] AAAAA-TCP_FORW: name:enp0s3: saddr:16783984: daddr:100932208
[  285.185459] AAAAA-TCP_FORW: name:enp0s8: saddr:100932208: daddr:16783984
[  285.186629] AAAAA-TCP_FORW: name:enp0s3: saddr:16783984: daddr:100932208
[  285.237764] AAAAA-TCP_FORW: name:enp0s8: saddr:100932208: daddr:33561200
[  285.240185] AAAAA-TCP_FORW: name:enp0s3: saddr:33561200: daddr:100932208
[  285.300311] AAAAA-TCP_FORW: name:enp0s8: saddr:100932208: daddr:33561200
[  285.302784] AAAAA-TCP_FORW: name:enp0s3: saddr:33561200: daddr:100932208
[  285.356632] AAAAA-TCP_FORW: name:enp0s8: saddr:100932208: daddr:16783984
[  285.357743] AAAAA-TCP_FORW: name:enp0s3: saddr:16783984: daddr:100932208
[  285.418571] AAAAA-TCP_FORW: name:enp0s8: saddr:100932208: daddr:33561200
[  285.420937] AAAAA-TCP_FORW: name:enp0s3: saddr:33561200: daddr:100932208
[  285.467808] AAAAA-TCP_FORW: name:enp0s8: saddr:100932208: daddr:16783984
[  285.468917] AAAAA-TCP_FORW: name:enp0s3: saddr:16783984: daddr:100932208
[  285.524681] AAAAA-TCP_FORW: name:enp0s8: saddr:100932208: daddr:16783984
[  285.525846] AAAAA-TCP_FORW: name:enp0s3: saddr:16783984: daddr:100932208
[  285.576747] AAAAA-TCP_FORW: name:enp0s8: saddr:100932208: daddr:33561200
[  285.579123] AAAAA-TCP_FORW: name:enp0s3: saddr:33561200: daddr:100932208
[  285.632686] AAAAA-TCP_FORW: name:enp0s8: saddr:100932208: daddr:33561200
[  285.635109] AAAAA-TCP_FORW: name:enp0s3: saddr:33561200: daddr:100932208
[  285.683322] AAAAA-TCP_FORW: name:enp0s8: saddr:100932208: daddr:16783984
[  285.684426] AAAAA-TCP_FORW: name:enp0s3: saddr:16783984: daddr:100932208
[  285.734387] AAAAA-TCP_FORW: name:enp0s8: saddr:100932208: daddr:33561200
[  285.736628] AAAAA-TCP_FORW: name:enp0s3: saddr:33561200: daddr:100932208
[  285.857258] AAAAA-TCP_FORW: name:enp0s8: saddr:100932208: daddr:16783984
[  285.858391] AAAAA-TCP_FORW: name:enp0s3: saddr:16783984: daddr:100932208
[  285.908112] AAAAA-TCP_FORW: name:enp0s8: saddr:100932208: daddr:16783984
[  285.909252] AAAAA-TCP_FORW: name:enp0s3: saddr:16783984: daddr:100932208
[  285.988205] AAAAA-TCP_FORW: name:enp0s8: saddr:100932208: daddr:33561200
[  285.990612] AAAAA-TCP_FORW: name:enp0s3: saddr:33561200: daddr:100932208
[  286.052259] AAAAA-TCP_FORW: name:enp0s8: saddr:100932208: daddr:33561200
[  286.054676] AAAAA-TCP_FORW: name:enp0s3: saddr:33561200: daddr:100932208
[  286.092742] AAAAA-TCP_FORW: name:enp0s8: saddr:100932208: daddr:16783984
[  286.093844] AAAAA-TCP_FORW: name:enp0s3: saddr:16783984: daddr:100932208
[  286.189681] AAAAA-TCP_FORW: name:enp0s8: saddr:100932208: daddr:33561200
[  286.192125] AAAAA-TCP_FORW: name:enp0s3: saddr:33561200: daddr:100932208
[  286.246903] AAAAA-TCP_FORW: name:enp0s8: saddr:100932208: daddr:33561200
[  286.249260] AAAAA-TCP_FORW: name:enp0s3: saddr:33561200: daddr:100932208
[  286.306618] AAAAA-TCP_FORW: name:enp0s8: saddr:100932208: daddr:33561200
[  286.309131] AAAAA-TCP_FORW: name:enp0s3: saddr:33561200: daddr:100932208
[  286.363865] AAAAA-TCP_FORW: name:enp0s8: saddr:100932208: daddr:33561200
[  286.366317] AAAAA-TCP_FORW: name:enp0s3: saddr:33561200: daddr:100932208
[  286.429233] AAAAA-TCP_FORW: name:enp0s8: saddr:100932208: daddr:33561200
[  286.431648] AAAAA-TCP_FORW: name:enp0s3: saddr:33561200: daddr:100932208
[  286.473632] AAAAA-TCP_FORW: name:enp0s8: saddr:100932208: daddr:33561200
[  286.476187] AAAAA-TCP_FORW: name:enp0s3: saddr:33561200: daddr:100932208
[  286.655965] AAAAA-TCP_FORW: name:enp0s8: saddr:100932208: daddr:33561200
[  286.657086] AAAAA-TCP_FORW: name:enp0s3: saddr:33561200: daddr:100932208
[  287.395860] AAAAA-TCP_FORW: name:enp0s8: saddr:100932208: daddr:33561200
[  287.396998] AAAAA-TCP_FORW: name:enp0s3: saddr:33561200: daddr:100932208
[  309.096439] AAAAA-TCP_FORW: name:enp0s8: saddr:100932208: daddr:16783984
[  309.097890] AAAAA-TCP_FORW: name:enp0s3: saddr:16783984: daddr:100932208
[  309.338614] AAAAA-TCP_FORW: name:enp0s8: saddr:100932208: daddr:33561200
[  309.340099] AAAAA-TCP_FORW: name:enp0s3: saddr:33561200: daddr:100932208
[  309.583792] AAAAA-TCP_FORW: name:enp0s8: saddr:100932208: daddr:16783984
[  309.585199] AAAAA-TCP_FORW: name:enp0s3: saddr:16783984: daddr:100932208
[  309.706548] AAAAA-TCP_FORW: name:enp0s8: saddr:100932208: daddr:33561200
[  309.707928] AAAAA-TCP_FORW: name:enp0s3: saddr:33561200: daddr:100932208
[  309.963500] AAAAA-TCP_FORW: name:enp0s8: saddr:100932208: daddr:16783984
[  309.964972] AAAAA-TCP_FORW: name:enp0s3: saddr:16783984: daddr:100932208
[  310.085041] AAAAA-TCP_FORW: name:enp0s8: saddr:100932208: daddr:33561200
[  310.086551] AAAAA-TCP_FORW: name:enp0s3: saddr:33561200: daddr:100932208
[  310.375651] AAAAA-TCP_FORW: name:enp0s8: saddr:100932208: daddr:16783984
[  310.376997] AAAAA-TCP_FORW: name:enp0s3: saddr:16783984: daddr:100932208
[  310.614026] AAAAA-TCP_FORW: name:enp0s8: saddr:100932208: daddr:33561200
[  310.615248] AAAAA-TCP_FORW: name:enp0s3: saddr:33561200: daddr:100932208
[  310.672019] AAAAA-TCP_FORW: name:enp0s8: saddr:100932208: daddr:16783984
[  310.673461] AAAAA-TCP_FORW: name:enp0s3: saddr:16783984: daddr:100932208
[  310.848490] AAAAA-TCP_FORW: name:enp0s8: saddr:100932208: daddr:33561200
[  310.856950] AAAAA-TCP_FORW: name:enp0s3: saddr:33561200: daddr:100932208
[  311.118669] AAAAA-TCP_FORW: name:enp0s8: saddr:100932208: daddr:16783984
[  311.120069] AAAAA-TCP_FORW: name:enp0s3: saddr:16783984: daddr:100932208
[  311.212595] AAAAA-TCP_FORW: name:enp0s8: saddr:100932208: daddr:33561200
[  311.214051] AAAAA-TCP_FORW: name:enp0s3: saddr:33561200: daddr:100932208
[  311.483301] AAAAA-TCP_FORW: name:enp0s8: saddr:100932208: daddr:16783984
[  311.484828] AAAAA-TCP_FORW: name:enp0s3: saddr:16783984: daddr:100932208
[  311.639491] AAAAA-TCP_FORW: name:enp0s8: saddr:100932208: daddr:33561200
[  311.640947] AAAAA-TCP_FORW: name:enp0s3: saddr:33561200: daddr:100932208
[  311.792522] AAAAA-TCP_FORW: name:enp0s8: saddr:100932208: daddr:16783984
[  311.793976] AAAAA-TCP_FORW: name:enp0s3: saddr:16783984: daddr:100932208
[  311.853539] AAAAA-TCP_FORW: name:enp0s8: saddr:100932208: daddr:33561200
[  311.855033] AAAAA-TCP_FORW: name:enp0s3: saddr:33561200: daddr:100932208
[  312.293847] AAAAA-TCP_FORW: name:enp0s8: saddr:100932208: daddr:16783984
[  312.295175] AAAAA-TCP_FORW: name:enp0s3: saddr:16783984: daddr:100932208
[  312.359476] AAAAA-TCP_FORW: name:enp0s8: saddr:100932208: daddr:33561200
[  312.360825] AAAAA-TCP_FORW: name:enp0s3: saddr:33561200: daddr:100932208
[  312.453753] AAAAA-TCP_FORW: name:enp0s8: saddr:100932208: daddr:16783984
[  312.455127] AAAAA-TCP_FORW: name:enp0s3: saddr:16783984: daddr:100932208
[  312.799992] AAAAA-TCP_FORW: name:enp0s8: saddr:100932208: daddr:33561200
[  312.801463] AAAAA-TCP_FORW: name:enp0s3: saddr:33561200: daddr:100932208
[  312.926658] AAAAA-TCP_FORW: name:enp0s8: saddr:100932208: daddr:16783984
[  312.928062] AAAAA-TCP_FORW: name:enp0s3: saddr:16783984: daddr:100932208
[  313.115686] AAAAA-TCP_FORW: name:enp0s8: saddr:100932208: daddr:33561200
[  313.117076] AAAAA-TCP_FORW: name:enp0s3: saddr:33561200: daddr:100932208
[  313.144217] AAAAA-TCP_FORW: name:enp0s8: saddr:100932208: daddr:16783984
[  313.145605] AAAAA-TCP_FORW: name:enp0s3: saddr:16783984: daddr:100932208
[  313.257888] AAAAA-TCP_FORW: name:enp0s8: saddr:100932208: daddr:33561200
[  313.259509] AAAAA-TCP_FORW: name:enp0s3: saddr:33561200: daddr:100932208
[  313.362224] AAAAA-TCP_FORW: name:enp0s8: saddr:100932208: daddr:16783984
[  313.364097] AAAAA-TCP_FORW: name:enp0s3: saddr:16783984: daddr:100932208
[  313.833387] AAAAA-TCP_FORW: name:enp0s8: saddr:100932208: daddr:33561200
[  313.834805] AAAAA-TCP_FORW: name:enp0s3: saddr:33561200: daddr:100932208
[  313.919990] AAAAA-TCP_FORW: name:enp0s8: saddr:100932208: daddr:16783984
[  313.921382] AAAAA-TCP_FORW: name:enp0s3: saddr:16783984: daddr:100932208
[  314.012925] AAAAA-TCP_FORW: name:enp0s8: saddr:100932208: daddr:33561200
[  314.014276] AAAAA-TCP_FORW: name:enp0s3: saddr:33561200: daddr:100932208
[  314.089784] AAAAA-TCP_FORW: name:enp0s8: saddr:100932208: daddr:16783984
[  314.091334] AAAAA-TCP_FORW: name:enp0s3: saddr:16783984: daddr:100932208
[  314.126991] AAAAA-TCP_FORW: name:enp0s8: saddr:100932208: daddr:16783984
[  314.128374] AAAAA-TCP_FORW: name:enp0s3: saddr:16783984: daddr:100932208
[  314.368536] AAAAA-TCP_FORW: name:enp0s8: saddr:100932208: daddr:16783984
[  314.370006] AAAAA-TCP_FORW: name:enp0s3: saddr:16783984: daddr:100932208
[  314.521616] AAAAA-TCP_FORW: name:enp0s8: saddr:100932208: daddr:33561200
[  314.523048] AAAAA-TCP_FORW: name:enp0s3: saddr:33561200: daddr:100932208
[  314.578467] AAAAA-TCP_FORW: name:enp0s8: saddr:100932208: daddr:33561200
[  314.579863] AAAAA-TCP_FORW: name:enp0s3: saddr:33561200: daddr:100932208
[  314.646752] AAAAA-TCP_FORW: name:enp0s8: saddr:100932208: daddr:16783984
[  314.648146] AAAAA-TCP_FORW: name:enp0s3: saddr:16783984: daddr:100932208
[  314.862014] AAAAA-TCP_FORW: name:enp0s8: saddr:100932208: daddr:16783984
[  314.863407] AAAAA-TCP_FORW: name:enp0s3: saddr:16783984: daddr:100932208
[  314.915314] AAAAA-TCP_FORW: name:enp0s8: saddr:100932208: daddr:33561200
[  314.916699] AAAAA-TCP_FORW: name:enp0s3: saddr:33561200: daddr:100932208
[  315.221640] AAAAA-TCP_FORW: name:enp0s8: saddr:100932208: daddr:16783984
[  315.223040] AAAAA-TCP_FORW: name:enp0s3: saddr:16783984: daddr:100932208
[  315.345933] AAAAA-TCP_FORW: name:enp0s8: saddr:100932208: daddr:16783984
[  315.347237] AAAAA-TCP_FORW: name:enp0s3: saddr:16783984: daddr:100932208
[  315.543649] AAAAA-TCP_FORW: name:enp0s8: saddr:100932208: daddr:33561200
[  315.545186] AAAAA-TCP_FORW: name:enp0s3: saddr:33561200: daddr:100932208
[  315.603656] AAAAA-TCP_FORW: name:enp0s8: saddr:100932208: daddr:33561200
[  315.605680] AAAAA-TCP_FORW: name:enp0s3: saddr:33561200: daddr:100932208
[  315.826075] AAAAA-TCP_FORW: name:enp0s8: saddr:100932208: daddr:16783984
[  315.827223] AAAAA-TCP_FORW: name:enp0s3: saddr:16783984: daddr:100932208
[  316.049682] AAAAA-TCP_FORW: name:enp0s8: saddr:100932208: daddr:33561200
[  316.050804] AAAAA-TCP_FORW: name:enp0s3: saddr:33561200: daddr:100932208
[  316.094369] AAAAA-TCP_FORW: name:enp0s8: saddr:100932208: daddr:33561200
[  316.095357] AAAAA-TCP_FORW: name:enp0s3: saddr:33561200: daddr:100932208
[  316.209140] AAAAA-TCP_FORW: name:enp0s8: saddr:100932208: daddr:16783984
[  316.210227] AAAAA-TCP_FORW: name:enp0s3: saddr:16783984: daddr:100932208
[  316.282052] AAAAA-TCP_FORW: name:enp0s8: saddr:100932208: daddr:16783984
[  316.283120] AAAAA-TCP_FORW: name:enp0s3: saddr:16783984: daddr:100932208
[  316.331067] AAAAA-TCP_FORW: name:enp0s8: saddr:100932208: daddr:33561200
[  316.332100] AAAAA-TCP_FORW: name:enp0s3: saddr:33561200: daddr:100932208
[  316.493260] AAAAA-TCP_FORW: name:enp0s8: saddr:100932208: daddr:33561200
[  316.494430] AAAAA-TCP_FORW: name:enp0s3: saddr:33561200: daddr:100932208
[  316.541705] AAAAA-TCP_FORW: name:enp0s8: saddr:100932208: daddr:16783984
[  316.542794] AAAAA-TCP_FORW: name:enp0s3: saddr:16783984: daddr:100932208
[  316.749567] AAAAA-TCP_FORW: name:enp0s8: saddr:100932208: daddr:16783984
[  316.750737] AAAAA-TCP_FORW: name:enp0s3: saddr:16783984: daddr:100932208
[  316.867811] AAAAA-TCP_FORW: name:enp0s8: saddr:100932208: daddr:16783984
[  316.868956] AAAAA-TCP_FORW: name:enp0s3: saddr:16783984: daddr:100932208
[  316.902208] AAAAA-TCP_FORW: name:enp0s8: saddr:100932208: daddr:33561200
[  316.903326] AAAAA-TCP_FORW: name:enp0s3: saddr:33561200: daddr:100932208
[  316.927556] AAAAA-TCP_FORW: name:enp0s8: saddr:100932208: daddr:33561200
[  316.928716] AAAAA-TCP_FORW: name:enp0s3: saddr:33561200: daddr:100932208
[  317.051059] AAAAA-TCP_FORW: name:enp0s8: saddr:100932208: daddr:33561200
[  317.052182] AAAAA-TCP_FORW: name:enp0s3: saddr:33561200: daddr:100932208
[  317.120503] AAAAA-TCP_FORW: name:enp0s8: saddr:100932208: daddr:33561200
[  317.121658] AAAAA-TCP_FORW: name:enp0s3: saddr:33561200: daddr:100932208
[  317.166855] AAAAA-TCP_FORW: name:enp0s8: saddr:100932208: daddr:16783984
[  317.168000] AAAAA-TCP_FORW: name:enp0s3: saddr:16783984: daddr:100932208
[  317.234063] AAAAA-TCP_FORW: name:enp0s8: saddr:100932208: daddr:16783984
[  317.235173] AAAAA-TCP_FORW: name:enp0s3: saddr:16783984: daddr:100932208
[  317.315276] AAAAA-TCP_FORW: name:enp0s8: saddr:100932208: daddr:16783984
[  317.316397] AAAAA-TCP_FORW: name:enp0s3: saddr:16783984: daddr:100932208
[  317.376958] AAAAA-TCP_FORW: name:enp0s8: saddr:100932208: daddr:33561200
[  317.378113] AAAAA-TCP_FORW: name:enp0s3: saddr:33561200: daddr:100932208
[  317.420615] AAAAA-TCP_FORW: name:enp0s8: saddr:100932208: daddr:33561200
[  317.421787] AAAAA-TCP_FORW: name:enp0s3: saddr:33561200: daddr:100932208
[  317.541195] AAAAA-TCP_FORW: name:enp0s8: saddr:100932208: daddr:33561200
[  317.542277] AAAAA-TCP_FORW: name:enp0s3: saddr:33561200: daddr:100932208
[  317.682157] AAAAA-TCP_FORW: name:enp0s8: saddr:100932208: daddr:33561200
[  317.683273] AAAAA-TCP_FORW: name:enp0s3: saddr:33561200: daddr:100932208
[  317.720978] AAAAA-TCP_FORW: name:enp0s8: saddr:100932208: daddr:16783984
[  317.722178] AAAAA-TCP_FORW: name:enp0s3: saddr:16783984: daddr:100932208
[  317.763801] AAAAA-TCP_FORW: name:enp0s8: saddr:100932208: daddr:33561200
[  317.764916] AAAAA-TCP_FORW: name:enp0s3: saddr:33561200: daddr:100932208
[  317.889498] AAAAA-TCP_FORW: name:enp0s8: saddr:100932208: daddr:16783984
[  317.890670] AAAAA-TCP_FORW: name:enp0s3: saddr:16783984: daddr:100932208
[  317.962194] AAAAA-TCP_FORW: name:enp0s8: saddr:100932208: daddr:16783984
[  317.963440] AAAAA-TCP_FORW: name:enp0s3: saddr:16783984: daddr:100932208
[  318.061843] AAAAA-TCP_FORW: name:enp0s8: saddr:100932208: daddr:33561200
[  318.062955] AAAAA-TCP_FORW: name:enp0s3: saddr:33561200: daddr:100932208
[  318.160637] AAAAA-TCP_FORW: name:enp0s8: saddr:100932208: daddr:33561200
[  318.161751] AAAAA-TCP_FORW: name:enp0s3: saddr:33561200: daddr:100932208
[  318.219689] AAAAA-TCP_FORW: name:enp0s8: saddr:100932208: daddr:16783984
[  318.220810] AAAAA-TCP_FORW: name:enp0s3: saddr:16783984: daddr:100932208
[  318.323394] AAAAA-TCP_FORW: name:enp0s8: saddr:100932208: daddr:33561200
[  318.324554] AAAAA-TCP_FORW: name:enp0s3: saddr:33561200: daddr:100932208
[  318.382337] AAAAA-TCP_FORW: name:enp0s8: saddr:100932208: daddr:16783984
[  318.383477] AAAAA-TCP_FORW: name:enp0s3: saddr:16783984: daddr:100932208
[  318.471886] AAAAA-TCP_FORW: name:enp0s8: saddr:100932208: daddr:16783984
[  318.473051] AAAAA-TCP_FORW: name:enp0s3: saddr:16783984: daddr:100932208
[  318.595530] AAAAA-TCP_FORW: name:enp0s8: saddr:100932208: daddr:33561200
[  318.598059] AAAAA-TCP_FORW: name:enp0s3: saddr:33561200: daddr:100932208
[  318.645392] AAAAA-TCP_FORW: name:enp0s8: saddr:100932208: daddr:33561200
[  318.647593] AAAAA-TCP_FORW: name:enp0s3: saddr:33561200: daddr:100932208
[  318.683421] AAAAA-TCP_FORW: name:enp0s8: saddr:100932208: daddr:16783984
[  318.684526] AAAAA-TCP_FORW: name:enp0s3: saddr:16783984: daddr:100932208
[  318.813237] AAAAA-TCP_FORW: name:enp0s8: saddr:100932208: daddr:33561200
[  318.815671] AAAAA-TCP_FORW: name:enp0s3: saddr:33561200: daddr:100932208
[  318.876018] AAAAA-TCP_FORW: name:enp0s8: saddr:100932208: daddr:16783984
[  318.877145] AAAAA-TCP_FORW: name:enp0s3: saddr:16783984: daddr:100932208
[  318.971845] AAAAA-TCP_FORW: name:enp0s8: saddr:100932208: daddr:16783984
[  318.973936] AAAAA-TCP_FORW: name:enp0s3: saddr:16783984: daddr:100932208
[  319.047773] AAAAA-TCP_FORW: name:enp0s8: saddr:100932208: daddr:16783984
[  319.049389] AAAAA-TCP_FORW: name:enp0s3: saddr:16783984: daddr:100932208
[  319.235908] AAAAA-TCP_FORW: name:enp0s8: saddr:100932208: daddr:16783984
[  319.237053] AAAAA-TCP_FORW: name:enp0s3: saddr:16783984: daddr:100932208
[  319.334388] AAAAA-TCP_FORW: name:enp0s8: saddr:100932208: daddr:33561200
[  319.335505] AAAAA-TCP_FORW: name:enp0s3: saddr:33561200: daddr:100932208
[  319.421803] AAAAA-TCP_FORW: name:enp0s8: saddr:100932208: daddr:33561200
[  319.422989] AAAAA-TCP_FORW: name:enp0s3: saddr:33561200: daddr:100932208
[  319.529487] AAAAA-TCP_FORW: name:enp0s8: saddr:100932208: daddr:16783984
[  319.530677] AAAAA-TCP_FORW: name:enp0s3: saddr:16783984: daddr:100932208
[  319.569468] AAAAA-TCP_FORW: name:enp0s8: saddr:100932208: daddr:33561200
[  319.570576] AAAAA-TCP_FORW: name:enp0s3: saddr:33561200: daddr:100932208
[  319.690576] AAAAA-TCP_FORW: name:enp0s8: saddr:100932208: daddr:16783984
[  319.691724] AAAAA-TCP_FORW: name:enp0s3: saddr:16783984: daddr:100932208
[  319.748754] AAAAA-TCP_FORW: name:enp0s8: saddr:100932208: daddr:16783984
[  319.749994] AAAAA-TCP_FORW: name:enp0s3: saddr:16783984: daddr:100932208
[  319.858349] AAAAA-TCP_FORW: name:enp0s8: saddr:100932208: daddr:33561200
[  319.859496] AAAAA-TCP_FORW: name:enp0s3: saddr:33561200: daddr:100932208
[  319.916551] AAAAA-TCP_FORW: name:enp0s8: saddr:100932208: daddr:33561200
[  319.917641] AAAAA-TCP_FORW: name:enp0s3: saddr:33561200: daddr:100932208
[  320.026932] AAAAA-TCP_FORW: name:enp0s8: saddr:100932208: daddr:16783984
[  320.028029] AAAAA-TCP_FORW: name:enp0s3: saddr:16783984: daddr:100932208
[  320.084218] AAAAA-TCP_FORW: name:enp0s8: saddr:100932208: daddr:33561200
[  320.085498] AAAAA-TCP_FORW: name:enp0s3: saddr:33561200: daddr:100932208
[  320.134705] AAAAA-TCP_FORW: name:enp0s8: saddr:100932208: daddr:33561200
[  320.135814] AAAAA-TCP_FORW: name:enp0s3: saddr:33561200: daddr:100932208
[  320.249099] AAAAA-TCP_FORW: name:enp0s8: saddr:100932208: daddr:16783984
[  320.250235] AAAAA-TCP_FORW: name:enp0s3: saddr:16783984: daddr:100932208
[  320.386318] AAAAA-TCP_FORW: name:enp0s8: saddr:100932208: daddr:33561200
[  320.387360] AAAAA-TCP_FORW: name:enp0s3: saddr:33561200: daddr:100932208
[  342.967519] AAAAA-TCP_FORW: name:enp0s8: saddr:100932208: daddr:16783984
[  342.968977] AAAAA-TCP_FORW: name:enp0s3: saddr:16783984: daddr:100932208
[  343.368966] AAAAA-TCP_FORW: name:enp0s8: saddr:100932208: daddr:33561200
[  343.369896] AAAAA-TCP_FORW: name:enp0s3: saddr:33561200: daddr:100932208
[  343.531208] AAAAA-TCP_FORW: name:enp0s8: saddr:100932208: daddr:16783984
[  343.532616] AAAAA-TCP_FORW: name:enp0s3: saddr:16783984: daddr:100932208
[  343.970329] AAAAA-TCP_FORW: name:enp0s8: saddr:100932208: daddr:33561200
[  343.971829] AAAAA-TCP_FORW: name:enp0s3: saddr:33561200: daddr:100932208
[  344.155868] AAAAA-TCP_FORW: name:enp0s8: saddr:100932208: daddr:16783984
[  344.156762] AAAAA-TCP_FORW: name:enp0s3: saddr:16783984: daddr:100932208
[  344.267126] AAAAA-TCP_FORW: name:enp0s8: saddr:100932208: daddr:33561200
[  344.268008] AAAAA-TCP_FORW: name:enp0s3: saddr:33561200: daddr:100932208
[  344.346863] AAAAA-TCP_FORW: name:enp0s8: saddr:100932208: daddr:16783984
[  344.347695] AAAAA-TCP_FORW: name:enp0s3: saddr:16783984: daddr:100932208
[  344.627366] AAAAA-TCP_FORW: name:enp0s8: saddr:100932208: daddr:33561200
[  344.628242] AAAAA-TCP_FORW: name:enp0s3: saddr:33561200: daddr:100932208
[  344.746994] AAAAA-TCP_FORW: name:enp0s8: saddr:100932208: daddr:16783984
[  344.748366] AAAAA-TCP_FORW: name:enp0s3: saddr:16783984: daddr:100932208
[  344.933229] AAAAA-TCP_FORW: name:enp0s8: saddr:100932208: daddr:33561200
[  344.934154] AAAAA-TCP_FORW: name:enp0s3: saddr:33561200: daddr:100932208
[  345.005297] AAAAA-TCP_FORW: name:enp0s8: saddr:100932208: daddr:16783984
[  345.006159] AAAAA-TCP_FORW: name:enp0s3: saddr:16783984: daddr:100932208
[  345.096286] AAAAA-TCP_FORW: name:enp0s8: saddr:100932208: daddr:33561200
[  345.097173] AAAAA-TCP_FORW: name:enp0s3: saddr:33561200: daddr:100932208
[  345.252205] AAAAA-TCP_FORW: name:enp0s8: saddr:100932208: daddr:16783984
[  345.253059] AAAAA-TCP_FORW: name:enp0s3: saddr:16783984: daddr:100932208
[  345.318685] AAAAA-TCP_FORW: name:enp0s8: saddr:100932208: daddr:33561200
[  345.319513] AAAAA-TCP_FORW: name:enp0s3: saddr:33561200: daddr:100932208
[  345.440041] AAAAA-TCP_FORW: name:enp0s8: saddr:100932208: daddr:16783984
[  345.441528] AAAAA-TCP_FORW: name:enp0s3: saddr:16783984: daddr:100932208
[  345.563793] AAAAA-TCP_FORW: name:enp0s8: saddr:100932208: daddr:33561200
[  345.564900] AAAAA-TCP_FORW: name:enp0s3: saddr:33561200: daddr:100932208
[  345.671712] AAAAA-TCP_FORW: name:enp0s8: saddr:100932208: daddr:16783984
[  345.672566] AAAAA-TCP_FORW: name:enp0s3: saddr:16783984: daddr:100932208
[  345.720580] AAAAA-TCP_FORW: name:enp0s8: saddr:100932208: daddr:33561200
[  345.721444] AAAAA-TCP_FORW: name:enp0s3: saddr:33561200: daddr:100932208
[  345.767262] AAAAA-TCP_FORW: name:enp0s8: saddr:100932208: daddr:16783984
[  345.768114] AAAAA-TCP_FORW: name:enp0s3: saddr:16783984: daddr:100932208
[  345.803916] AAAAA-TCP_FORW: name:enp0s8: saddr:100932208: daddr:33561200
[  345.804754] AAAAA-TCP_FORW: name:enp0s3: saddr:33561200: daddr:100932208
[  345.834940] AAAAA-TCP_FORW: name:enp0s8: saddr:100932208: daddr:16783984
[  345.835757] AAAAA-TCP_FORW: name:enp0s3: saddr:16783984: daddr:100932208
[  345.980842] AAAAA-TCP_FORW: name:enp0s8: saddr:100932208: daddr:16783984
[  345.982167] AAAAA-TCP_FORW: name:enp0s3: saddr:16783984: daddr:100932208
[  346.190411] AAAAA-TCP_FORW: name:enp0s8: saddr:100932208: daddr:33561200
[  346.191284] AAAAA-TCP_FORW: name:enp0s3: saddr:33561200: daddr:100932208
[  346.309176] AAAAA-TCP_FORW: name:enp0s8: saddr:100932208: daddr:16783984
[  346.310049] AAAAA-TCP_FORW: name:enp0s3: saddr:16783984: daddr:100932208
[  346.327251] AAAAA-TCP_FORW: name:enp0s8: saddr:100932208: daddr:33561200
[  346.328123] AAAAA-TCP_FORW: name:enp0s3: saddr:33561200: daddr:100932208
[  346.401164] AAAAA-TCP_FORW: name:enp0s8: saddr:100932208: daddr:16783984
[  346.402400] AAAAA-TCP_FORW: name:enp0s3: saddr:16783984: daddr:100932208
[  346.427545] AAAAA-TCP_FORW: name:enp0s8: saddr:100932208: daddr:33561200
[  346.428481] AAAAA-TCP_FORW: name:enp0s3: saddr:33561200: daddr:100932208
[  346.963688] AAAAA-TCP_FORW: name:enp0s8: saddr:100932208: daddr:16783984
[  346.964531] AAAAA-TCP_FORW: name:enp0s3: saddr:16783984: daddr:100932208
[  347.127702] AAAAA-TCP_FORW: name:enp0s8: saddr:100932208: daddr:16783984
[  347.128590] AAAAA-TCP_FORW: name:enp0s3: saddr:16783984: daddr:100932208
[  347.706839] AAAAA-TCP_FORW: name:enp0s8: saddr:100932208: daddr:33561200
[  347.707944] AAAAA-TCP_FORW: name:enp0s3: saddr:33561200: daddr:100932208
[  347.877095] AAAAA-TCP_FORW: name:enp0s8: saddr:100932208: daddr:33561200
[  347.877975] AAAAA-TCP_FORW: name:enp0s3: saddr:33561200: daddr:100932208
[  348.188667] AAAAA-TCP_FORW: name:enp0s8: saddr:100932208: daddr:33561200
[  348.190075] AAAAA-TCP_FORW: name:enp0s3: saddr:33561200: daddr:100932208
[  348.375873] AAAAA-TCP_FORW: name:enp0s8: saddr:100932208: daddr:33561200
[  348.377161] AAAAA-TCP_FORW: name:enp0s3: saddr:33561200: daddr:100932208
[  348.776755] AAAAA-TCP_FORW: name:enp0s8: saddr:100932208: daddr:16783984
[  348.777626] AAAAA-TCP_FORW: name:enp0s3: saddr:16783984: daddr:100932208
[  348.871692] AAAAA-TCP_FORW: name:enp0s8: saddr:100932208: daddr:16783984
[  348.872618] AAAAA-TCP_FORW: name:enp0s3: saddr:16783984: daddr:100932208
[  348.919251] AAAAA-TCP_FORW: name:enp0s8: saddr:100932208: daddr:16783984
[  348.920101] AAAAA-TCP_FORW: name:enp0s3: saddr:16783984: daddr:100932208
[  349.171330] AAAAA-TCP_FORW: name:enp0s8: saddr:100932208: daddr:16783984
[  349.172170] AAAAA-TCP_FORW: name:enp0s3: saddr:16783984: daddr:100932208
[  349.393884] AAAAA-TCP_FORW: name:enp0s8: saddr:100932208: daddr:33561200
[  349.394833] AAAAA-TCP_FORW: name:enp0s3: saddr:33561200: daddr:100932208
[  349.595813] AAAAA-TCP_FORW: name:enp0s8: saddr:100932208: daddr:33561200
[  349.596767] AAAAA-TCP_FORW: name:enp0s3: saddr:33561200: daddr:100932208
[  349.757948] AAAAA-TCP_FORW: name:enp0s8: saddr:100932208: daddr:16783984
[  349.758812] AAAAA-TCP_FORW: name:enp0s3: saddr:16783984: daddr:100932208
[  349.871495] AAAAA-TCP_FORW: name:enp0s8: saddr:100932208: daddr:16783984
[  349.872399] AAAAA-TCP_FORW: name:enp0s3: saddr:16783984: daddr:100932208
[  350.027446] AAAAA-TCP_FORW: name:enp0s8: saddr:100932208: daddr:33561200
[  350.028469] AAAAA-TCP_FORW: name:enp0s3: saddr:33561200: daddr:100932208
[  350.172175] AAAAA-TCP_FORW: name:enp0s8: saddr:100932208: daddr:33561200
[  350.173022] AAAAA-TCP_FORW: name:enp0s3: saddr:33561200: daddr:100932208
[  350.479599] AAAAA-TCP_FORW: name:enp0s8: saddr:100932208: daddr:33561200
[  350.480495] AAAAA-TCP_FORW: name:enp0s3: saddr:33561200: daddr:100932208
[  350.597584] AAAAA-TCP_FORW: name:enp0s8: saddr:100932208: daddr:33561200
[  350.598458] AAAAA-TCP_FORW: name:enp0s3: saddr:33561200: daddr:100932208
[  350.764615] AAAAA-TCP_FORW: name:enp0s8: saddr:100932208: daddr:16783984
[  350.765491] AAAAA-TCP_FORW: name:enp0s3: saddr:16783984: daddr:100932208
[  350.812133] AAAAA-TCP_FORW: name:enp0s8: saddr:100932208: daddr:16783984
[  350.813018] AAAAA-TCP_FORW: name:enp0s3: saddr:16783984: daddr:100932208
[  350.943860] AAAAA-TCP_FORW: name:enp0s8: saddr:100932208: daddr:16783984
[  350.944765] AAAAA-TCP_FORW: name:enp0s3: saddr:16783984: daddr:100932208
[  351.046836] AAAAA-TCP_FORW: name:enp0s8: saddr:100932208: daddr:16783984
[  351.047741] AAAAA-TCP_FORW: name:enp0s3: saddr:16783984: daddr:100932208
[  351.313505] AAAAA-TCP_FORW: name:enp0s8: saddr:100932208: daddr:33561200
[  351.314534] AAAAA-TCP_FORW: name:enp0s3: saddr:33561200: daddr:100932208
[  351.419055] AAAAA-TCP_FORW: name:enp0s8: saddr:100932208: daddr:33561200
[  351.420234] AAAAA-TCP_FORW: name:enp0s3: saddr:33561200: daddr:100932208
[  351.692429] AAAAA-TCP_FORW: name:enp0s8: saddr:100932208: daddr:16783984
[  351.693459] AAAAA-TCP_FORW: name:enp0s3: saddr:16783984: daddr:100932208
[  351.733716] AAAAA-TCP_FORW: name:enp0s8: saddr:100932208: daddr:16783984
[  351.734776] AAAAA-TCP_FORW: name:enp0s3: saddr:16783984: daddr:100932208
[  351.773920] AAAAA-TCP_FORW: name:enp0s8: saddr:100932208: daddr:33561200
[  351.774998] AAAAA-TCP_FORW: name:enp0s3: saddr:33561200: daddr:100932208
[  351.876198] AAAAA-TCP_FORW: name:enp0s8: saddr:100932208: daddr:33561200
[  351.877550] AAAAA-TCP_FORW: name:enp0s3: saddr:33561200: daddr:100932208
[  352.048521] AAAAA-TCP_FORW: name:enp0s8: saddr:100932208: daddr:16783984
[  352.049418] AAAAA-TCP_FORW: name:enp0s3: saddr:16783984: daddr:100932208
[  352.159547] AAAAA-TCP_FORW: name:enp0s8: saddr:100932208: daddr:16783984
[  352.160431] AAAAA-TCP_FORW: name:enp0s3: saddr:16783984: daddr:100932208
[  352.205271] AAAAA-TCP_FORW: name:enp0s8: saddr:100932208: daddr:33561200
[  352.206274] AAAAA-TCP_FORW: name:enp0s3: saddr:33561200: daddr:100932208
[  352.323512] AAAAA-TCP_FORW: name:enp0s8: saddr:100932208: daddr:16783984
[  352.324331] AAAAA-TCP_FORW: name:enp0s3: saddr:16783984: daddr:100932208
[  352.381978] AAAAA-TCP_FORW: name:enp0s8: saddr:100932208: daddr:33561200
[  352.384111] AAAAA-TCP_FORW: name:enp0s3: saddr:33561200: daddr:100932208
[  352.559136] AAAAA-TCP_FORW: name:enp0s8: saddr:100932208: daddr:33561200
[  352.561301] AAAAA-TCP_FORW: name:enp0s3: saddr:33561200: daddr:100932208
[  352.592016] AAAAA-TCP_FORW: name:enp0s8: saddr:100932208: daddr:16783984
[  352.593728] AAAAA-TCP_FORW: name:enp0s3: saddr:16783984: daddr:100932208
[  352.632339] AAAAA-TCP_FORW: name:enp0s8: saddr:100932208: daddr:16783984
[  352.634460] AAAAA-TCP_FORW: name:enp0s3: saddr:16783984: daddr:100932208
[  352.823043] AAAAA-TCP_FORW: name:enp0s8: saddr:100932208: daddr:33561200
[  352.824851] AAAAA-TCP_FORW: name:enp0s3: saddr:33561200: daddr:100932208
[  352.913023] AAAAA-TCP_FORW: name:enp0s8: saddr:100932208: daddr:16783984
[  352.915166] AAAAA-TCP_FORW: name:enp0s3: saddr:16783984: daddr:100932208
[  352.945069] AAAAA-TCP_FORW: name:enp0s8: saddr:100932208: daddr:16783984
[  352.947213] AAAAA-TCP_FORW: name:enp0s3: saddr:16783984: daddr:100932208
[  352.988206] AAAAA-TCP_FORW: name:enp0s8: saddr:100932208: daddr:16783984
[  352.990323] AAAAA-TCP_FORW: name:enp0s3: saddr:16783984: daddr:100932208
[  353.044508] AAAAA-TCP_FORW: name:enp0s8: saddr:100932208: daddr:33561200
[  353.045355] AAAAA-TCP_FORW: name:enp0s3: saddr:33561200: daddr:100932208
[  353.467761] AAAAA-TCP_FORW: name:enp0s8: saddr:100932208: daddr:16783984
[  353.470207] AAAAA-TCP_FORW: name:enp0s3: saddr:16783984: daddr:100932208
[  353.863255] AAAAA-TCP_FORW: name:enp0s8: saddr:100932208: daddr:33561200
[  353.864270] AAAAA-TCP_FORW: name:enp0s3: saddr:33561200: daddr:100932208
[  353.947881] AAAAA-TCP_FORW: name:enp0s8: saddr:100932208: daddr:16783984
[  353.950055] AAAAA-TCP_FORW: name:enp0s3: saddr:16783984: daddr:100932208
[  354.058331] AAAAA-TCP_FORW: name:enp0s8: saddr:100932208: daddr:16783984
[  354.060502] AAAAA-TCP_FORW: name:enp0s3: saddr:16783984: daddr:100932208
[  354.177494] AAAAA-TCP_FORW: name:enp0s8: saddr:100932208: daddr:33561200
[  354.178422] AAAAA-TCP_FORW: name:enp0s3: saddr:33561200: daddr:100932208
[  354.348037] AAAAA-TCP_FORW: name:enp0s8: saddr:100932208: daddr:16783984
[  354.349423] AAAAA-TCP_FORW: name:enp0s3: saddr:16783984: daddr:100932208
[  354.571851] AAAAA-TCP_FORW: name:enp0s8: saddr:100932208: daddr:16783984
[  354.573398] AAAAA-TCP_FORW: name:enp0s3: saddr:16783984: daddr:100932208
[  354.823644] AAAAA-TCP_FORW: name:enp0s8: saddr:100932208: daddr:33561200
[  354.824555] AAAAA-TCP_FORW: name:enp0s3: saddr:33561200: daddr:100932208
[  355.077326] AAAAA-TCP_FORW: name:enp0s8: saddr:100932208: daddr:33561200
[  355.078457] AAAAA-TCP_FORW: name:enp0s3: saddr:33561200: daddr:100932208
[  355.129804] AAAAA-TCP_FORW: name:enp0s8: saddr:100932208: daddr:16783984
[  355.130854] AAAAA-TCP_FORW: name:enp0s3: saddr:16783984: daddr:100932208
[  355.187730] AAAAA-TCP_FORW: name:enp0s8: saddr:100932208: daddr:16783984
[  355.188766] AAAAA-TCP_FORW: name:enp0s3: saddr:16783984: daddr:100932208
[  355.274835] AAAAA-TCP_FORW: name:enp0s8: saddr:100932208: daddr:16783984
[  355.275690] AAAAA-TCP_FORW: name:enp0s3: saddr:16783984: daddr:100932208
[  355.319098] AAAAA-TCP_FORW: name:enp0s8: saddr:100932208: daddr:33561200
[  355.319871] AAAAA-TCP_FORW: name:enp0s3: saddr:33561200: daddr:100932208
[  355.370143] AAAAA-TCP_FORW: name:enp0s8: saddr:100932208: daddr:33561200
[  355.370946] AAAAA-TCP_FORW: name:enp0s3: saddr:33561200: daddr:100932208
[  355.431242] AAAAA-TCP_FORW: name:enp0s8: saddr:100932208: daddr:16783984
[  355.432154] AAAAA-TCP_FORW: name:enp0s3: saddr:16783984: daddr:100932208
[  355.661629] AAAAA-TCP_FORW: name:enp0s8: saddr:100932208: daddr:33561200
[  355.662510] AAAAA-TCP_FORW: name:enp0s3: saddr:33561200: daddr:100932208
[  355.761515] AAAAA-TCP_FORW: name:enp0s8: saddr:100932208: daddr:33561200
[  355.762385] AAAAA-TCP_FORW: name:enp0s3: saddr:33561200: daddr:100932208
[  355.995540] AAAAA-TCP_FORW: name:enp0s8: saddr:100932208: daddr:16783984
[  355.996380] AAAAA-TCP_FORW: name:enp0s3: saddr:16783984: daddr:100932208
[  356.050499] AAAAA-TCP_FORW: name:enp0s8: saddr:100932208: daddr:16783984
[  356.051389] AAAAA-TCP_FORW: name:enp0s3: saddr:16783984: daddr:100932208
[  356.260898] AAAAA-TCP_FORW: name:enp0s8: saddr:100932208: daddr:16783984
[  356.262957] AAAAA-TCP_FORW: name:enp0s3: saddr:16783984: daddr:100932208
[  356.436697] AAAAA-TCP_FORW: name:enp0s8: saddr:100932208: daddr:33561200
[  356.437612] AAAAA-TCP_FORW: name:enp0s3: saddr:33561200: daddr:100932208
[  356.504162] AAAAA-TCP_FORW: name:enp0s8: saddr:100932208: daddr:33561200
[  356.505073] AAAAA-TCP_FORW: name:enp0s3: saddr:33561200: daddr:100932208
[  356.760739] AAAAA-TCP_FORW: name:enp0s8: saddr:100932208: daddr:16783984
[  356.761744] AAAAA-TCP_FORW: name:enp0s3: saddr:16783984: daddr:100932208
[  357.071939] AAAAA-TCP_FORW: name:enp0s8: saddr:100932208: daddr:16783984
[  357.072776] AAAAA-TCP_FORW: name:enp0s3: saddr:16783984: daddr:100932208
[  375.929920] AAAAA-TCP_FORW: name:enp0s8: saddr:100932208: daddr:16783984
[  375.930990] AAAAA-TCP_FORW: name:enp0s3: saddr:16783984: daddr:100932208
[  376.348639] AAAAA-TCP_FORW: name:enp0s8: saddr:100932208: daddr:33561200
[  376.349693] AAAAA-TCP_FORW: name:enp0s3: saddr:33561200: daddr:100932208
[  376.845087] AAAAA-TCP_FORW: name:enp0s8: saddr:100932208: daddr:16783984
[  376.846330] AAAAA-TCP_FORW: name:enp0s3: saddr:16783984: daddr:100932208
[  377.373741] AAAAA-TCP_FORW: name:enp0s8: saddr:100932208: daddr:33561200
[  377.375167] AAAAA-TCP_FORW: name:enp0s3: saddr:33561200: daddr:100932208
[  377.965668] AAAAA-TCP_FORW: name:enp0s8: saddr:100932208: daddr:16783984
[  377.966992] AAAAA-TCP_FORW: name:enp0s3: saddr:16783984: daddr:100932208
[  378.563284] AAAAA-TCP_FORW: name:enp0s8: saddr:100932208: daddr:33561200
[  378.564647] AAAAA-TCP_FORW: name:enp0s3: saddr:33561200: daddr:100932208
[  378.885084] AAAAA-TCP_FORW: name:enp0s8: saddr:100932208: daddr:16783984
[  378.886142] AAAAA-TCP_FORW: name:enp0s3: saddr:16783984: daddr:100932208
[  379.384877] AAAAA-TCP_FORW: name:enp0s8: saddr:100932208: daddr:33561200
[  379.385895] AAAAA-TCP_FORW: name:enp0s3: saddr:33561200: daddr:100932208
[  380.035702] AAAAA-TCP_FORW: name:enp0s8: saddr:100932208: daddr:16783984
[  380.037064] AAAAA-TCP_FORW: name:enp0s3: saddr:16783984: daddr:100932208
[  380.895656] AAAAA-TCP_FORW: name:enp0s8: saddr:100932208: daddr:33561200
