[    0.000000] Linux version 5.4.243-mptcp (root@ztg) (gcc version 12.2.0 (Debian 12.2.0-14+deb12u1)) #53 SMP Wed Dec 24 23:28:15 CST 2025
[    0.000000] Command line: BOOT_IMAGE=/boot/vmlinuz-5.4.243-mptcp root=UUID=98415a12-53b7-4144-8265-0f7ece09e445 ro quiet splash
[    0.000000] KERNEL supported cpus:
[    0.000000]   Intel GenuineIntel
[    0.000000]   AMD AuthenticAMD
[    0.000000]   Hygon HygonGenuine
[    0.000000]   Centaur CentaurHauls
[    0.000000]   zhaoxin   Shanghai  
[    0.000000] x86/fpu: Supporting XSAVE feature 0x001: 'x87 floating point registers'
[    0.000000] x86/fpu: Supporting XSAVE feature 0x002: 'SSE registers'
[    0.000000] x86/fpu: Supporting XSAVE feature 0x004: 'AVX registers'
[    0.000000] x86/fpu: xstate_offset[2]:  576, xstate_sizes[2]:  256
[    0.000000] x86/fpu: Enabled xstate features 0x7, context size is 832 bytes, using 'standard' format.
[    0.000000] BIOS-provided physical RAM map:
[    0.000000] BIOS-e820: [mem 0x0000000000000000-0x000000000009fbff] usable
[    0.000000] BIOS-e820: [mem 0x000000000009fc00-0x000000000009ffff] reserved
[    0.000000] BIOS-e820: [mem 0x00000000000f0000-0x00000000000fffff] reserved
[    0.000000] BIOS-e820: [mem 0x0000000000100000-0x000000007ffeffff] usable
[    0.000000] BIOS-e820: [mem 0x000000007fff0000-0x000000007fffffff] ACPI data
[    0.000000] BIOS-e820: [mem 0x00000000fec00000-0x00000000fec00fff] reserved
[    0.000000] BIOS-e820: [mem 0x00000000fee00000-0x00000000fee00fff] reserved
[    0.000000] BIOS-e820: [mem 0x00000000fffc0000-0x00000000ffffffff] reserved
[    0.000000] NX (Execute Disable) protection: active
[    0.000000] SMBIOS 2.5 present.
[    0.000000] DMI: innotek GmbH VirtualBox/VirtualBox, BIOS VirtualBox 12/01/2006
[    0.000000] Hypervisor detected: KVM
[    0.000000] kvm-clock: Using msrs 4b564d01 and 4b564d00
[    0.000000] kvm-clock: cpu 0, msr 18801001, primary cpu clock
[    0.000000] kvm-clock: using sched offset of 4443416551 cycles
[    0.000003] clocksource: kvm-clock: mask: 0xffffffffffffffff max_cycles: 0x1cd42e4dffb, max_idle_ns: 881590591483 ns
[    0.000005] tsc: Detected 2100.000 MHz processor
[    0.002111] e820: update [mem 0x00000000-0x00000fff] usable ==> reserved
[    0.002113] e820: remove [mem 0x000a0000-0x000fffff] usable
[    0.002117] last_pfn = 0x7fff0 max_arch_pfn = 0x400000000
[    0.002187] MTRR default type: uncachable
[    0.002188] MTRR fixed ranges enabled:
[    0.002189]   00000-9FFFF write-back
[    0.002190]   A0000-BFFFF uncachable
[    0.002190]   C0000-FFFFF write-protect
[    0.002191] MTRR variable ranges enabled:
[    0.002193]   0 base 000000000000 mask 3FFF80000000 write-back
[    0.002193]   1 disabled
[    0.002194]   2 disabled
[    0.002194]   3 disabled
[    0.002195]   4 disabled
[    0.002195]   5 disabled
[    0.002196]   6 disabled
[    0.002196]   7 disabled
[    0.002196]   8 disabled
[    0.002197]   9 disabled
[    0.002197]   10 disabled
[    0.002198]   11 disabled
[    0.002198]   12 disabled
[    0.002199]   13 disabled
[    0.002199]   14 disabled
[    0.002199]   15 disabled
[    0.002217] x86/PAT: Configuration [0-7]: WB  WC  UC- UC  WB  WP  UC- WT  
[    0.002377] found SMP MP-table at [mem 0x0009fff0-0x0009ffff]
[    0.111718] check: Scanning 1 areas for low memory corruption
[    0.111949] RAMDISK: [mem 0x32271000-0x3512ffff]
[    0.111957] ACPI: Early table checksum verification disabled
[    0.111963] ACPI: RSDP 0x00000000000E0000 000024 (v02 VBOX  )
[    0.111968] ACPI: XSDT 0x000000007FFF0030 00003C (v01 VBOX   VBOXXSDT 00000001 ASL  00000061)
[    0.111975] ACPI: FACP 0x000000007FFF00F0 0000F4 (v04 VBOX   VBOXFACP 00000001 ASL  00000061)
[    0.111982] ACPI: DSDT 0x000000007FFF02E0 002353 (v02 VBOX   VBOXBIOS 00000002 VBOX 00029BF3)
[    0.111987] ACPI: FACS 0x000000007FFF0200 000040
[    0.111991] ACPI: FACS 0x000000007FFF0200 000040
[    0.111994] ACPI: APIC 0x000000007FFF0240 000054 (v02 VBOX   VBOXAPIC 00000001 ASL  00000061)
[    0.111999] ACPI: SSDT 0x000000007FFF02A0 000038 (v01 VBOX   VBOXCPUT 00000002 VBOX 00029BF3)
[    0.112002] ACPI: Reserving FACP table memory at [mem 0x7fff00f0-0x7fff01e3]
[    0.112003] ACPI: Reserving DSDT table memory at [mem 0x7fff02e0-0x7fff2632]
[    0.112004] ACPI: Reserving FACS table memory at [mem 0x7fff0200-0x7fff023f]
[    0.112005] ACPI: Reserving FACS table memory at [mem 0x7fff0200-0x7fff023f]
[    0.112005] ACPI: Reserving APIC table memory at [mem 0x7fff0240-0x7fff0293]
[    0.112006] ACPI: Reserving SSDT table memory at [mem 0x7fff02a0-0x7fff02d7]
[    0.112022] ACPI: Local APIC address 0xfee00000
[    0.112220] No NUMA configuration found
[    0.112221] Faking a node at [mem 0x0000000000000000-0x000000007ffeffff]
[    0.112231] NODE_DATA(0) allocated [mem 0x7ffc5000-0x7ffeffff]
[    0.112493] Zone ranges:
[    0.112495]   DMA      [mem 0x0000000000001000-0x0000000000ffffff]
[    0.112496]   DMA32    [mem 0x0000000001000000-0x000000007ffeffff]
[    0.112497]   Normal   empty
[    0.112497]   Device   empty
[    0.112498] Movable zone start for each node
[    0.112500] Early memory node ranges
[    0.112501]   node   0: [mem 0x0000000000001000-0x000000000009efff]
[    0.112502]   node   0: [mem 0x0000000000100000-0x000000007ffeffff]
[    0.112505] Zeroed struct page in unavailable ranges: 114 pages
[    0.112506] Initmem setup node 0 [mem 0x0000000000001000-0x000000007ffeffff]
[    0.112507] On node 0 totalpages: 524174
[    0.112508]   DMA zone: 64 pages used for memmap
[    0.112509]   DMA zone: 21 pages reserved
[    0.112510]   DMA zone: 3998 pages, LIFO batch:0
[    0.112582]   DMA32 zone: 8128 pages used for memmap
[    0.112583]   DMA32 zone: 520176 pages, LIFO batch:63
[    0.121594] ACPI: PM-Timer IO Port: 0x4008
[    0.121598] ACPI: Local APIC address 0xfee00000
[    0.121669] IOAPIC[0]: apic_id 1, version 32, address 0xfec00000, GSI 0-23
[    0.121673] ACPI: INT_SRC_OVR (bus 0 bus_irq 0 global_irq 2 dfl dfl)
[    0.121675] ACPI: INT_SRC_OVR (bus 0 bus_irq 9 global_irq 9 low level)
[    0.121677] ACPI: IRQ0 used by override.
[    0.121678] ACPI: IRQ9 used by override.
[    0.121681] Using ACPI (MADT) for SMP configuration information
[    0.121689] smpboot: Allowing 1 CPUs, 0 hotplug CPUs
[    0.121712] PM: Registered nosave memory: [mem 0x00000000-0x00000fff]
[    0.121713] PM: Registered nosave memory: [mem 0x0009f000-0x0009ffff]
[    0.121714] PM: Registered nosave memory: [mem 0x000a0000-0x000effff]
[    0.121714] PM: Registered nosave memory: [mem 0x000f0000-0x000fffff]
[    0.121716] [mem 0x80000000-0xfebfffff] available for PCI devices
[    0.121717] Booting paravirtualized kernel on KVM
[    0.121719] clocksource: refined-jiffies: mask: 0xffffffff max_cycles: 0xffffffff, max_idle_ns: 7645519600211568 ns
[    0.121724] setup_percpu: NR_CPUS:8192 nr_cpumask_bits:1 nr_cpu_ids:1 nr_node_ids:1
[    0.122749] percpu: Embedded 60 pages/cpu s208896 r8192 d28672 u2097152
[    0.122754] pcpu-alloc: s208896 r8192 d28672 u2097152 alloc=1*2097152
[    0.122755] pcpu-alloc: [0] 0 
[    0.122782] Built 1 zonelists, mobility grouping on.  Total pages: 515961
[    0.122782] Policy zone: DMA32
[    0.122784] Kernel command line: BOOT_IMAGE=/boot/vmlinuz-5.4.243-mptcp root=UUID=98415a12-53b7-4144-8265-0f7ece09e445 ro quiet splash
[    0.123618] Dentry cache hash table entries: 262144 (order: 9, 2097152 bytes, linear)
[    0.123767] Inode-cache hash table entries: 131072 (order: 8, 1048576 bytes, linear)
[    0.123820] mem auto-init: stack:off, heap alloc:on, heap free:off
[    0.123822] Calgary: detecting Calgary via BIOS EBDA area
[    0.123823] Calgary: Unable to locate Rio Grande table in EBDA - bailing!
[    0.127893] Memory: 1967332K/2096696K available (14339K kernel code, 2398K rwdata, 4712K rodata, 2728K init, 17260K bss, 129364K reserved, 0K cma-reserved)
[    0.128835] SLUB: HWalign=64, Order=0-3, MinObjects=0, CPUs=1, Nodes=1
[    0.128851] ftrace: allocating 43186 entries in 169 pages
[    0.146917] rcu: Hierarchical RCU implementation.
[    0.146918] rcu: 	RCU restricting CPUs from NR_CPUS=8192 to nr_cpu_ids=1.
[    0.146919] 	Tasks RCU enabled.
[    0.146920] rcu: RCU calculated value of scheduler-enlistment delay is 25 jiffies.
[    0.146921] rcu: Adjusting geometry for rcu_fanout_leaf=16, nr_cpu_ids=1
[    0.149876] NR_IRQS: 524544, nr_irqs: 256, preallocated irqs: 16
[    0.150087] random: crng init done
[    0.159394] Console: colour VGA+ 80x25
[    0.159397] printk: console [tty0] enabled
[    0.159416] ACPI: Core revision 20190816
[    0.159516] APIC: Switch to symmetric I/O mode setup
[    0.159770] x2apic enabled
[    0.160008] Switched APIC routing to physical x2apic.
[    0.161151] ..TIMER: vector=0x30 apic1=0 pin1=2 apic2=-1 pin2=-1
[    0.161176] clocksource: tsc-early: mask: 0xffffffffffffffff max_cycles: 0x1e4530a99b6, max_idle_ns: 440795257976 ns
[    0.161181] Calibrating delay loop (skipped) preset value.. 4200.00 BogoMIPS (lpj=8400000)
[    0.161183] pid_max: default: 32768 minimum: 301
[    0.161210] LSM: Security Framework initializing
[    0.161219] Yama: becoming mindful.
[    0.161244] AppArmor: AppArmor initialized
[    0.161278] Mount-cache hash table entries: 4096 (order: 3, 32768 bytes, linear)
[    0.161281] Mountpoint-cache hash table entries: 4096 (order: 3, 32768 bytes, linear)
[    0.161291] *** VALIDATE tmpfs ***
[    0.161420] *** VALIDATE proc ***
[    0.161461] *** VALIDATE cgroup1 ***
[    0.161463] *** VALIDATE cgroup2 ***
[    0.161604] process: using mwait in idle threads
[    0.161609] Last level iTLB entries: 4KB 64, 2MB 8, 4MB 8
[    0.161610] Last level dTLB entries: 4KB 64, 2MB 0, 4MB 0, 1GB 4
[    0.161631] Spectre V1 : Mitigation: usercopy/swapgs barriers and __user pointer sanitization
[    0.161637] Spectre V2 : Mitigation: Retpolines
[    0.161637] Spectre V2 : Spectre v2 / SpectreRSB mitigation: Filling RSB on context switch
[    0.161638] Spectre V2 : Spectre v2 / SpectreRSB : Filling RSB on VMEXIT
[    0.161638] RETBleed: WARNING: Spectre v2 mitigation leaves CPU vulnerable to RETBleed attacks, data leaks possible!
[    0.161993] RETBleed: Vulnerable
[    0.161994] Speculative Store Bypass: Vulnerable
[    0.161998] TAA: Mitigation: TSX disabled
[    0.161998] MMIO Stale Data: Mitigation: Clear CPU buffers
[    0.166187] Freeing SMP alternatives memory: 40K
[    0.278109] smpboot: CPU0: Intel(R) Xeon(R) Silver 4216 CPU @ 2.10GHz (family: 0x6, model: 0x55, stepping: 0x7)
[    0.278246] Performance Events: unsupported p6 CPU model 85 no PMU driver, software events only.
[    0.278285] rcu: Hierarchical SRCU implementation.
[    0.278764] NMI watchdog: Perf NMI watchdog permanently disabled
[    0.278804] smp: Bringing up secondary CPUs ...
[    0.278805] smp: Brought up 1 node, 1 CPU
[    0.278806] smpboot: Max logical packages: 1
[    0.278807] smpboot: Total of 1 processors activated (4200.00 BogoMIPS)
[    0.279797] devtmpfs: initialized
[    0.279844] x86/mm: Memory block size: 128MB
[    0.280190] clocksource: jiffies: mask: 0xffffffff max_cycles: 0xffffffff, max_idle_ns: 7645041785100000 ns
[    0.280196] futex hash table entries: 256 (order: 2, 16384 bytes, linear)
[    0.280238] pinctrl core: initialized pinctrl subsystem
[    0.280343] PM: RTC time: 19:05:37, date: 2026-01-16
[    0.280452] NET: Registered protocol family 16
[    0.280527] audit: initializing netlink subsys (disabled)
[    0.280680] EISA bus registered
[    0.280682] cpuidle: using governor ladder
[    0.280683] cpuidle: using governor menu
[    0.280739] ACPI: bus type PCI registered
[    0.280741] acpiphp: ACPI Hot Plug PCI Controller Driver version: 0.5
[    0.280852] PCI: Using configuration type 1 for base access
[    0.281632] audit: type=2000 audit(1768561543.407:1): state=initialized audit_enabled=0 res=1
[    0.281717] HugeTLB registered 2.00 MiB page size, pre-allocated 0 pages
[    0.282607] ACPI: Added _OSI(Module Device)
[    0.282607] ACPI: Added _OSI(Processor Device)
[    0.282608] ACPI: Added _OSI(3.0 _SCP Extensions)
[    0.282609] ACPI: Added _OSI(Processor Aggregator Device)
[    0.282610] ACPI: Added _OSI(Linux-Dell-Video)
[    0.282611] ACPI: Added _OSI(Linux-Lenovo-NV-HDMI-Audio)
[    0.282612] ACPI: Added _OSI(Linux-HPI-Hybrid-Graphics)
[    0.284695] ACPI: 2 ACPI AML tables successfully acquired and loaded
[    0.286385] ACPI: Interpreter enabled
[    0.286395] ACPI: (supports S0 S5)
[    0.286396] ACPI: Using IOAPIC for interrupt routing
[    0.286603] PCI: Using host bridge windows from ACPI; if necessary, use "pci=nocrs" and report a bug
[    0.286715] ACPI: Enabled 2 GPEs in block 00 to 07
[    0.291747] ACPI: PCI Root Bridge [PCI0] (domain 0000 [bus 00-ff])
[    0.291752] acpi PNP0A03:00: _OSC: OS supports [ASPM ClockPM Segments MSI HPX-Type3]
[    0.292196] acpi PNP0A03:00: _OSC: not requesting OS control; OS requires [ExtendedConfig ASPM ClockPM MSI]
[    0.292204] acpi PNP0A03:00: fail to add MMCONFIG information, can't access extended PCI configuration space under this bridge.
[    0.292611] PCI host bridge to bus 0000:00
[    0.292613] pci_bus 0000:00: root bus resource [io  0x0000-0x0cf7 window]
[    0.292614] pci_bus 0000:00: root bus resource [io  0x0d00-0xffff window]
[    0.292615] pci_bus 0000:00: root bus resource [mem 0x000a0000-0x000bffff window]
[    0.292616] pci_bus 0000:00: root bus resource [mem 0x80000000-0xfdffffff window]
[    0.292618] pci_bus 0000:00: root bus resource [bus 00-ff]
[    0.292668] pci 0000:00:00.0: [8086:1237] type 00 class 0x060000
[    0.293735] pci 0000:00:01.0: [8086:7000] type 00 class 0x060100
[    0.294581] pci 0000:00:01.1: [8086:7111] type 00 class 0x01018a
[    0.295010] pci 0000:00:01.1: reg 0x20: [io  0xd000-0xd00f]
[    0.295187] pci 0000:00:01.1: legacy IDE quirk: reg 0x10: [io  0x01f0-0x01f7]
[    0.295188] pci 0000:00:01.1: legacy IDE quirk: reg 0x14: [io  0x03f6]
[    0.295189] pci 0000:00:01.1: legacy IDE quirk: reg 0x18: [io  0x0170-0x0177]
[    0.295190] pci 0000:00:01.1: legacy IDE quirk: reg 0x1c: [io  0x0376]
[    0.295754] pci 0000:00:02.0: [15ad:0405] type 00 class 0x030000
[    0.299142] pci 0000:00:02.0: reg 0x10: [io  0xd010-0xd01f]
[    0.301227] pci 0000:00:02.0: reg 0x14: [mem 0xe0000000-0xe7ffffff pref]
[    0.305224] pci 0000:00:02.0: reg 0x18: [mem 0xf0000000-0xf01fffff]
[    0.317273] pci 0000:00:03.0: [1022:2000] type 00 class 0x020000
[    0.318066] pci 0000:00:03.0: reg 0x10: [io  0xd020-0xd03f]
[    0.318734] pci 0000:00:03.0: reg 0x14: [mem 0xf0200000-0xf0200fff]
[    0.322012] pci 0000:00:04.0: [80ee:cafe] type 00 class 0x088000
[    0.322703] pci 0000:00:04.0: reg 0x10: [io  0xd040-0xd05f]
[    0.323321] pci 0000:00:04.0: reg 0x14: [mem 0xf0400000-0xf07fffff]
[    0.323943] pci 0000:00:04.0: reg 0x18: [mem 0xf0800000-0xf0803fff pref]
[    0.327213] pci 0000:00:07.0: [8086:7113] type 00 class 0x068000
[    0.327839] pci 0000:00:07.0: quirk: [io  0x4000-0x403f] claimed by PIIX4 ACPI
[    0.327850] pci 0000:00:07.0: quirk: [io  0x4100-0x410f] claimed by PIIX4 SMB
[    0.329735] pci 0000:00:08.0: [8086:100e] type 00 class 0x020000
[    0.330477] pci 0000:00:08.0: reg 0x10: [mem 0xf0820000-0xf083ffff]
[    0.331666] pci 0000:00:08.0: reg 0x18: [io  0xd060-0xd067]
[    0.334907] pci 0000:00:09.0: [8086:100e] type 00 class 0x020000
[    0.335692] pci 0000:00:09.0: reg 0x10: [mem 0xf0840000-0xf085ffff]
[    0.336870] pci 0000:00:09.0: reg 0x18: [io  0xd068-0xd06f]
[    0.346313] ACPI: PCI Interrupt Link [LNKA] (IRQs 5 9 10 *11)
[    0.349234] ACPI: PCI Interrupt Link [LNKB] (IRQs 5 9 *10 11)
[    0.349381] ACPI: PCI Interrupt Link [LNKC] (IRQs 5 *9 10 11)
[    0.349491] ACPI: PCI Interrupt Link [LNKD] (IRQs 5 9 10 *11)
[    0.349809] iommu: Default domain type: Translated 
[    0.349876] pci 0000:00:02.0: vgaarb: setting as boot VGA device
[    0.349878] pci 0000:00:02.0: vgaarb: VGA device added: decodes=io+mem,owns=io+mem,locks=none
[    0.349880] pci 0000:00:02.0: vgaarb: bridge control possible
[    0.349881] vgaarb: loaded
[    0.350093] SCSI subsystem initialized
[    0.350125] libata version 3.00 loaded.
[    0.350152] ACPI: bus type USB registered
[    0.350169] usbcore: registered new interface driver usbfs
[    0.350175] usbcore: registered new interface driver hub
[    0.350180] usbcore: registered new device driver usb
[    0.350209] pps_core: LinuxPPS API ver. 1 registered
[    0.350209] pps_core: Software ver. 5.3.6 - Copyright 2005-2007 Rodolfo Giometti <giometti@linux.it>
[    0.350211] PTP clock support registered
[    0.350251] EDAC MC: Ver: 3.0.0
[    0.350649] PCI: Using ACPI for IRQ routing
[    0.350651] PCI: pci_cache_line_size set to 64 bytes
[    0.350848] e820: reserve RAM buffer [mem 0x0009fc00-0x0009ffff]
[    0.350851] e820: reserve RAM buffer [mem 0x7fff0000-0x7fffffff]
[    0.351686] NetLabel: Initializing
[    0.351687] NetLabel:  domain hash size = 128
[    0.351688] NetLabel:  protocols = UNLABELED CIPSOv4 CALIPSO
[    0.351708] NetLabel:  unlabeled traffic allowed by default
[    0.352659] clocksource: Switched to clocksource kvm-clock
[    0.363996] *** VALIDATE bpf ***
[    0.364055] VFS: Disk quotas dquot_6.6.0
[    0.364068] VFS: Dquot-cache hash table entries: 512 (order 0, 4096 bytes)
[    0.364089] *** VALIDATE ramfs ***
[    0.364093] *** VALIDATE hugetlbfs ***
[    0.364177] AppArmor: AppArmor Filesystem Enabled
[    0.364202] pnp: PnP ACPI init
[    0.364262] pnp 00:00: Plug and Play ACPI device, IDs PNP0303 (active)
[    0.364334] pnp 00:01: Plug and Play ACPI device, IDs PNP0f03 (active)
[    0.365119] pnp: PnP ACPI: found 2 devices
[    0.366187] thermal_sys: Registered thermal governor 'fair_share'
[    0.366188] thermal_sys: Registered thermal governor 'bang_bang'
[    0.366188] thermal_sys: Registered thermal governor 'step_wise'
[    0.366189] thermal_sys: Registered thermal governor 'user_space'
[    0.366190] thermal_sys: Registered thermal governor 'power_allocator'
[    0.370703] clocksource: acpi_pm: mask: 0xffffff max_cycles: 0xffffff, max_idle_ns: 2085701024 ns
[    0.370743] pci_bus 0000:00: resource 4 [io  0x0000-0x0cf7 window]
[    0.370744] pci_bus 0000:00: resource 5 [io  0x0d00-0xffff window]
[    0.370746] pci_bus 0000:00: resource 6 [mem 0x000a0000-0x000bffff window]
[    0.370747] pci_bus 0000:00: resource 7 [mem 0x80000000-0xfdffffff window]
[    0.370803] NET: Registered protocol family 2
[    0.370878] IP idents hash table entries: 32768 (order: 6, 262144 bytes, linear)
[    0.371156] MPTCP tokens hash table entries: 8192 (order: 4, 65536 bytes, linear)
[    0.371156] MPTCP request tokens hash table entries: 8192 (order: 4, 65536 bytes, linear)
[    0.371156] default registered
[    0.371156] default registered
[    0.371156] MPTCP: Stable release v0.96
[    0.371156] tcp_listen_portaddr_hash hash table entries: 1024 (order: 2, 16384 bytes, linear)
[    0.371156] TCP established hash table entries: 16384 (order: 5, 131072 bytes, linear)
[    0.371156] TCP bind hash table entries: 16384 (order: 6, 262144 bytes, linear)
[    0.371156] TCP: Hash tables configured (established 16384 bind 16384)
[    0.372228] UDP hash table entries: 1024 (order: 3, 32768 bytes, linear)
[    0.372239] UDP-Lite hash table entries: 1024 (order: 3, 32768 bytes, linear)
[    0.372275] NET: Registered protocol family 1
[    0.372284] NET: Registered protocol family 44
[    0.372307] pci 0000:00:00.0: Limiting direct PCI/PCI transfers
[    0.372325] pci 0000:00:01.0: Activating ISA DMA hang workarounds
[    0.372386] pci 0000:00:02.0: Video device with shadowed ROM at [mem 0x000c0000-0x000dffff]
[    0.372460] PCI: CLS 0 bytes, default 64
[    0.372508] Trying to unpack rootfs image as initramfs...
[    0.554501] Freeing initrd memory: 47868K
[    0.554611] clocksource: tsc: mask: 0xffffffffffffffff max_cycles: 0x1e4530a99b6, max_idle_ns: 440795257976 ns
[    0.554622] clocksource: Switched to clocksource tsc
[    0.554663] platform rtc_cmos: registered platform RTC device (no PNP device found)
[    0.554694] check: Scanning for low memory corruption every 60 seconds
[    0.555087] Initialise system trusted keyrings
[    0.555097] Key type blacklist registered
[    0.555156] workingset: timestamp_bits=36 max_order=19 bucket_order=0
[    0.555535] zbud: loaded
[    0.555535] squashfs: version 4.0 (2009/01/31) Phillip Lougher
[    0.555535] fuse: init (API version 7.31)
[    0.555535] *** VALIDATE fuse ***
[    0.555535] *** VALIDATE fuse ***
[    0.555535] Platform Keyring initialized
[    0.555535] Key type asymmetric registered
[    0.555535] Asymmetric key parser 'x509' registered
[    0.555535] Block layer SCSI generic (bsg) driver version 0.4 loaded (major 244)
[    0.555535] io scheduler mq-deadline registered
[    0.555535] shpchp: Standard Hot Plug PCI Controller Driver version: 0.4
[    0.560620] ACPI: AC Adapter [AC] (on-line)
[    0.560672] input: Power Button as /devices/LNXSYSTM:00/LNXPWRBN:00/input/input0
[    0.560700] ACPI: Power Button [PWRF]
[    0.560826] input: Sleep Button as /devices/LNXSYSTM:00/LNXSLPBN:00/input/input1
[    0.560853] ACPI: Sleep Button [SLPF]
[    0.561132] Serial: 8250/16550 driver, 32 ports, IRQ sharing enabled
[    0.562460] Linux agpgart interface v0.103
[    0.651146] loop: module loaded
[    0.651283] ata_piix 0000:00:01.1: version 2.13
[    0.651758] scsi host0: ata_piix
[    0.651848] scsi host1: ata_piix
[    0.651876] ata1: PATA max UDMA/33 cmd 0x1f0 ctl 0x3f6 bmdma 0xd000 irq 14
[    0.651877] ata2: PATA max UDMA/33 cmd 0x170 ctl 0x376 bmdma 0xd008 irq 15
[    0.651954] tun: Universal TUN/TAP device driver, 1.6
[    0.652287] PPP generic driver version 2.4.2
[    0.652331] VFIO - User Level meta-driver version: 0.3
[    0.652582] ehci_hcd: USB 2.0 'Enhanced' Host Controller (EHCI) Driver
[    0.652587] ehci-pci: EHCI PCI platform driver
[    0.652600] ehci-platform: EHCI generic platform driver
[    0.652606] ohci_hcd: USB 1.1 'Open' Host Controller (OHCI) Driver
[    0.652607] ohci-pci: OHCI PCI platform driver
[    0.652615] ohci-platform: OHCI generic platform driver
[    0.652619] uhci_hcd: USB Universal Host Controller Interface driver
[    0.652683] i8042: PNP: PS/2 Controller [PNP0303:PS2K,PNP0f03:PS2M] at 0x60,0x64 irq 1,12
[    0.653128] serio: i8042 KBD port at 0x60,0x64 irq 1
[    0.653132] serio: i8042 AUX port at 0x60,0x64 irq 12
[    0.653236] mousedev: PS/2 mouse device common for all mice
[    0.653520] input: AT Translated Set 2 keyboard as /devices/platform/i8042/serio0/input/input2
[    0.653945] rtc_cmos rtc_cmos: registered as rtc0
[    0.653959] rtc_cmos rtc_cmos: alarms up to one day, 114 bytes nvram
[    0.653964] i2c /dev entries driver
[    0.654007] device-mapper: uevent: version 1.0.3
[    0.654050] device-mapper: ioctl: 4.41.0-ioctl (2019-09-16) initialised: dm-devel@redhat.com
[    0.654066] platform eisa.0: Probing EISA bus 0
[    0.654068] platform eisa.0: EISA: Cannot allocate resource for mainboard
[    0.654069] platform eisa.0: Cannot allocate resource for EISA slot 1
[    0.654070] platform eisa.0: Cannot allocate resource for EISA slot 2
[    0.654071] platform eisa.0: Cannot allocate resource for EISA slot 3
[    0.654072] platform eisa.0: Cannot allocate resource for EISA slot 4
[    0.654073] platform eisa.0: Cannot allocate resource for EISA slot 5
[    0.654074] platform eisa.0: Cannot allocate resource for EISA slot 6
[    0.654075] platform eisa.0: Cannot allocate resource for EISA slot 7
[    0.654076] platform eisa.0: Cannot allocate resource for EISA slot 8
[    0.654077] platform eisa.0: EISA: Detected 0 cards
[    0.654080] intel_pstate: CPU model not supported
[    0.654088] ledtrig-cpu: registered to indicate activity on CPUs
[    0.654156] drop_monitor: Initializing network drop monitor service
[    0.654316] NET: Registered protocol family 10
[    0.659330] Segment Routing with IPv6
[    0.659330] fullmesh registered
[    0.659330] ndiffports registered
[    0.659330] binder registered
[    0.659330] roundrobin registered
[    0.659330] redundant registered
[    0.659330] blest registered
[    0.659330] ecf registered
[    0.659330] NET: Registered protocol family 17
[    0.659330] Key type dns_resolver registered
[    0.659330] RAS: Correctable Errors collector initialized.
[    0.659330] IPI shorthand broadcast: enabled
[    0.659330] sched_clock: Marking stable (644229602, 11100488)->(657898881, -2568791)
[    0.660301] registered taskstats version 1
[    0.660309] Loading compiled-in X.509 certificates
[    0.660974] Loaded X.509 cert 'Build time autogenerated kernel key: 6909f3744cebb3d0de528d5887b96a727de79b1e'
[    0.661001] zswap: loaded using pool lzo/zbud
[    0.661066] Key type ._fscrypt registered
[    0.661067] Key type .fscrypt registered
[    0.665994] Key type big_key registered
[    0.668510] Key type encrypted registered
[    0.668513] AppArmor: AppArmor sha1 policy hashing enabled
[    0.668521] ima: No TPM chip found, activating TPM-bypass!
[    0.668524] ima: Allocated hash algorithm: sha1
[    0.668529] ima: No architecture policies found
[    0.668538] evm: Initialising EVM extended attributes:
[    0.668539] evm: security.selinux
[    0.668540] evm: security.SMACK64
[    0.668540] evm: security.SMACK64EXEC
[    0.668541] evm: security.SMACK64TRANSMUTE
[    0.668541] evm: security.SMACK64MMAP
[    0.668542] evm: security.apparmor
[    0.668542] evm: security.ima
[    0.668543] evm: security.capability
[    0.668544] evm: HMAC attrs: 0x1
[    0.668859] PM:   Magic number: 10:699:91
[    0.668957] rtc_cmos rtc_cmos: setting system clock to 2026-01-16T19:05:38 UTC (1768590338)
[    0.824075] ata1.00: ATA-6: VBOX HARDDISK, 1.0, max UDMA/133
[    0.824078] ata1.00: 209715200 sectors, multi 128: LBA 
[    0.824708] scsi 0:0:0:0: Direct-Access     ATA      VBOX HARDDISK    1.0  PQ: 0 ANSI: 5
[    0.824975] sd 0:0:0:0: [sda] 209715200 512-byte logical blocks: (107 GB/100 GiB)
[    0.824987] sd 0:0:0:0: [sda] Write Protect is off
[    0.824990] sd 0:0:0:0: [sda] Mode Sense: 00 3a 00 00
[    0.825010] sd 0:0:0:0: [sda] Write cache: enabled, read cache: enabled, doesn't support DPO or FUA
[    0.825232] sd 0:0:0:0: Attached scsi generic sg0 type 0
[    0.826091]  sda: sda1 sda2
[    0.835275] sd 0:0:0:0: [sda] Attached SCSI disk
[    0.837416] Freeing unused decrypted memory: 2040K
[    0.838183] Freeing unused kernel image memory: 2728K
[    0.838185] Write protecting the kernel read-only data: 22528k
[    0.838937] Freeing unused kernel image memory: 2036K
[    0.839370] Freeing unused kernel image memory: 1432K
[    0.855025] x86/mm: Checked W+X mappings: passed, no W+X pages found.
[    0.855028] Run /init as init process
[    0.969869] ACPI: Video Device [GFX0] (multi-head: yes  rom: no  post: no)
[    0.970150] input: Video Bus as /devices/LNXSYSTM:00/LNXSYBUS:00/PNP0A03:00/LNXVIDEO:00/input/input4
[    0.981583] pcnet32: pcnet32.c:v1.35 21.Apr.2008 tsbogend@alpha.franken.de
[    0.983240] piix4_smbus 0000:00:07.0: SMBus Host Controller at 0x4100, revision 0
[    0.985714] e1000: Intel(R) PRO/1000 Network Driver - version 7.3.21-k8-NAPI
[    0.985715] e1000: Copyright (c) 1999-2006 Intel Corporation.
[    0.992152] pcnet32: PCnet/FAST III 79C973 at 0xd020, 08:00:27:5b:15:04 assigned IRQ 19
[    0.992200] pcnet32: Found PHY 0022:561b at address 0
[    0.992501] pcnet32: eth0: registered as PCnet/FAST III 79C973
[    1.001449] pcnet32: 1 cards_found
[    1.059033] pcnet32 0000:00:03.0 enp0s3: renamed from eth0
[    1.200765] input: ImExPS/2 Generic Explorer Mouse as /devices/platform/i8042/serio1/input/input5
[    1.415823] e1000 0000:00:08.0 eth0: (PCI:33MHz:32-bit) 08:00:27:1b:5a:3f
[    1.415828] e1000 0000:00:08.0 eth0: Intel(R) PRO/1000 Network Connection
[    1.803876] e1000 0000:00:09.0 eth1: (PCI:33MHz:32-bit) 08:00:27:a0:2e:ed
[    1.803879] e1000 0000:00:09.0 eth1: Intel(R) PRO/1000 Network Connection
[    1.805158] e1000 0000:00:09.0 enp0s9: renamed from eth1
[    1.807275] e1000 0000:00:08.0 enp0s8: renamed from eth0
[    1.953434] EXT4-fs (sda2): mounted filesystem with ordered data mode. Opts: (null)
[    2.040250] systemd[1]: Inserted module 'autofs4'
[    2.050029] systemd[1]: systemd 245.4-4ubuntu3 running in system mode. (+PAM +AUDIT +SELINUX +IMA +APPARMOR +SMACK +SYSVINIT +UTMP +LIBCRYPTSETUP +GCRYPT +GNUTLS +ACL +XZ +LZ4 +SECCOMP +BLKID +ELFUTILS +KMOD +IDN2 -IDN +PCRE2 default-hierarchy=hybrid)
[    2.050066] systemd[1]: Detected virtualization oracle.
[    2.050072] systemd[1]: Detected architecture x86-64.
[    2.051481] systemd[1]: Set hostname to <ztg>.
[    2.178488] systemd[1]: /lib/systemd/system/dbus.socket:5: ListenStream= references a path below legacy directory /var/run/, updating /var/run/dbus/system_bus_socket â†’ /run/dbus/system_bus_socket; please update the unit file accordingly.
[    2.230635] systemd[1]: Created slice system-modprobe.slice.
[    2.230830] systemd[1]: Created slice User and Session Slice.
[    2.230877] systemd[1]: Started Forward Password Requests to Wall Directory Watch.
[    2.231041] systemd[1]: Set up automount Arbitrary Executable File Formats File System Automount Point.
[    2.231077] systemd[1]: Reached target User and Group Name Lookups.
[    2.231087] systemd[1]: Reached target Remote File Systems.
[    2.231095] systemd[1]: Reached target Slices.
[    2.231641] systemd[1]: Listening on Syslog Socket.
[    2.231712] systemd[1]: Listening on fsck to fsckd communication Socket.
[    2.231752] systemd[1]: Listening on initctl Compatibility Named Pipe.
[    2.231899] systemd[1]: Listening on Journal Audit Socket.
[    2.231958] systemd[1]: Listening on Journal Socket (/dev/log).
[    2.232033] systemd[1]: Listening on Journal Socket.
[    2.232101] systemd[1]: Listening on udev Control Socket.
[    2.232145] systemd[1]: Listening on udev Kernel Socket.
[    2.232901] systemd[1]: Mounting Huge Pages File System...
[    2.233838] systemd[1]: Mounting POSIX Message Queue File System...
[    2.234766] systemd[1]: Mounting Kernel Debug File System...
[    2.235727] systemd[1]: Mounting Kernel Trace File System...
[    2.238308] systemd[1]: Starting Journal Service...
[    2.264990] systemd[1]: Starting Set the console keyboard layout...
[    2.270396] systemd[1]: Starting Create list of static device nodes for the current kernel...
[    2.275829] systemd[1]: Starting Load Kernel Module drm...
[    2.284632] systemd[1]: Condition check resulted in Set Up Additional Binary Formats being skipped.
[    2.284673] systemd[1]: Condition check resulted in File System Check on Root Device being skipped.
[    2.288381] systemd[1]: Starting Load Kernel Modules...
[    2.297077] systemd[1]: Starting Remount Root and Kernel File Systems...
[    2.304729] systemd[1]: Starting udev Coldplug all Devices...
[    2.316742] systemd[1]: Starting Uncomplicated firewall...
[    2.318071] systemd[1]: Mounted Huge Pages File System.
[    2.318182] systemd[1]: Mounted POSIX Message Queue File System.
[    2.318260] systemd[1]: Mounted Kernel Debug File System.
[    2.318335] systemd[1]: Mounted Kernel Trace File System.
[    2.320117] EXT4-fs (sda2): re-mounted. Opts: errors=remount-ro
[    2.328658] systemd[1]: Finished Create list of static device nodes for the current kernel.
[    2.329737] systemd[1]: modprobe@drm.service: Succeeded.
[    2.348869] systemd[1]: Finished Load Kernel Module drm.
[    2.349492] systemd[1]: Finished Remount Root and Kernel File Systems.
[    2.365383] systemd[1]: Finished Uncomplicated firewall.
[    2.367610] lp: driver loaded but no devices found
[    2.384667] systemd[1]: Condition check resulted in Rebuild Hardware Database being skipped.
[    2.384706] systemd[1]: Condition check resulted in Platform Persistent Storage Archival being skipped.
[    2.385386] systemd[1]: Starting Load/Save Random Seed...
[    2.392234] systemd[1]: Starting Create System Users...
[    2.397531] ppdev: user-space parallel port driver
[    2.406015] systemd[1]: Finished Load/Save Random Seed.
[    2.410712] systemd[1]: Finished Create System Users.
[    2.411599] systemd[1]: Starting Create Static Device Nodes in /dev...
[    2.431877] systemd[1]: Finished Create Static Device Nodes in /dev.
[    2.432664] systemd[1]: Starting udev Kernel Device Manager...
[    2.462519] systemd[1]: Finished udev Coldplug all Devices.
[    2.484771] [drm] DMA map mode: Caching DMA mappings.
[    2.484837] [drm] Capabilities:
[    2.484837] [drm]   Rect copy.
[    2.484838] [drm]   Cursor.
[    2.484838] [drm]   Cursor bypass.
[    2.484838] [drm]   Cursor bypass 2.
[    2.484839] [drm]   Alpha cursor.
[    2.484839] [drm]   Extended Fifo.
[    2.484840] [drm]   Pitchlock.
[    2.484840] [drm]   Irq mask.
[    2.484840] [drm]   GMR.
[    2.484841] [drm]   Traces.
[    2.484841] [drm]   GMR2.
[    2.484841] [drm]   Screen Object 2.
[    2.484842] [drm]   Command Buffers.
[    2.484842] [drm]   Command Buffers 2.
[    2.484842] [drm]   Guest Backed Resources.
[    2.484843] [drm] Max GMR ids is 8192
[    2.484844] [drm] Max number of GMR pages is 1048576
[    2.484845] [drm] Max dedicated hypervisor surface memory is 393216 kiB
[    2.484845] [drm] Maximum display memory size is 131072 kiB
[    2.484846] [drm] VRAM at 0xe0000000 size is 131072 kiB
[    2.484846] [drm] MMIO at 0xf0000000 size is 2048 kiB
[    2.486023] [TTM] Zone  kernel: Available graphics memory: 1011738 KiB
[    2.486024] [TTM] Initializing pool allocator
[    2.486027] [TTM] Initializing DMA pool allocator
[    2.486096] [drm] Supports vblank timestamp caching Rev 2 (21.10.2013).
[    2.486096] [drm] No driver support for vblank timestamp query.
[    2.486330] [drm] Screen Target Display device initialized
[    2.486498] [drm] width 720
[    2.486511] [drm] height 400
[    2.486515] [drm] bpp 32
[    2.487068] [drm] Fifo max 0x00200000 min 0x00001000 cap 0x00000355
[    2.488921] [drm] Using command buffers with DMA pool.
[    2.488926] [drm] DX: no.
[    2.488926] [drm] Atomic: yes.
[    2.488927] [drm] SM4_1: no.
[    2.488947] [drm:vmw_host_log [vmwgfx]] *ERROR* Failed to send host log message.
[    2.490001] [drm:vmw_host_log [vmwgfx]] *ERROR* Failed to send host log message.
[    2.495717] fbcon: svgadrmfb (fb0) is primary device
[    2.502186] Console: switching to colour frame buffer device 100x37
[    2.527807] [drm] Initialized vmwgfx 2.15.0 20180704 for 0000:00:02.0 on minor 0
[    2.528942] systemd[1]: Finished Load Kernel Modules.
[    2.529932] systemd[1]: Mounting FUSE Control File System...
[    2.531199] systemd[1]: Mounting Kernel Configuration File System...
[    2.538962] systemd[1]: Starting Apply Kernel Variables...
[    2.552926] systemd[1]: Mounted FUSE Control File System.
[    2.552987] systemd[1]: Condition check resulted in VMware vmblock fuse mount being skipped.
[    2.556977] systemd[1]: Mounted Kernel Configuration File System.
[    2.570736] systemd[1]: Finished Apply Kernel Variables.
[    2.584958] systemd[1]: Finished Set the console keyboard layout.
[    2.585038] systemd[1]: Reached target Local File Systems (Pre).
[    2.587019] systemd[1]: Mounting Mount unit for bare, revision 5...
[    2.589033] systemd[1]: Mounting Mount unit for core18, revision 1705...
[    2.606520] systemd[1]: Mounting Mount unit for gnome-3-34-1804, revision 24...
[    2.618302] systemd[1]: Mounting Mount unit for gtk-common-themes, revision 1506...
[    2.627519] systemd[1]: Mounting Mount unit for gtk-common-themes, revision 1535...
[    2.633608] systemd[1]: Mounting Mount unit for snap-store, revision 433...
[    2.643804] systemd[1]: Mounting Mount unit for snapd, revision 25935...
[    2.663947] systemd[1]: Mounted Mount unit for bare, revision 5.
[    2.664486] systemd[1]: Started udev Kernel Device Manager.
[    2.666133] systemd[1]: Starting Show Plymouth Boot Screen...
[    2.677621] systemd[1]: Received SIGRTMIN+20 from PID 273 (plymouthd).
[    2.689743] systemd[1]: Mounted Mount unit for core18, revision 1705.
[    2.690005] systemd[1]: Mounted Mount unit for gnome-3-34-1804, revision 24.
[    2.707066] systemd[1]: Started Show Plymouth Boot Screen.
[    2.707284] systemd[1]: Condition check resulted in Dispatch Password Requests to Console Directory Watch being skipped.
[    2.707393] systemd[1]: Started Forward Password Requests to Plymouth Directory Watch.
[    2.707470] systemd[1]: Reached target Local Encrypted Volumes.
[    2.740726] systemd[1]: Mounted Mount unit for gtk-common-themes, revision 1506.
[    2.759497] systemd[1]: Mounted Mount unit for gtk-common-themes, revision 1535.
[    2.807898] systemd[1]: Mounted Mount unit for snap-store, revision 433.
[    2.808186] systemd[1]: Mounted Mount unit for snapd, revision 25935.
[    2.808361] systemd[1]: Reached target Local File Systems.
[    2.811044] systemd[1]: Starting Load AppArmor profiles...
[    2.816604] systemd[1]: Starting Set console font and keymap...
[    2.823080] systemd[1]: Starting Tell Plymouth To Write Out Runtime Data...
[    2.829757] systemd[1]: Condition check resulted in Store a System Token in an EFI Variable being skipped.
[    2.829790] systemd[1]: Condition check resulted in Commit a transient machine-id on disk being skipped.
[    2.832479] systemd[1]: Finished Set console font and keymap.
[    2.841716] systemd[1]: Received SIGRTMIN+20 from PID 273 (plymouthd).
[    2.843730] systemd[1]: plymouth-read-write.service: Succeeded.
[    2.844016] systemd[1]: Finished Tell Plymouth To Write Out Runtime Data.
[    2.863606] audit: type=1400 audit(1768590340.692:2): apparmor="STATUS" operation="profile_load" profile="unconfined" name="nvidia_modprobe" pid=300 comm="apparmor_parser"
[    2.863608] audit: type=1400 audit(1768590340.692:3): apparmor="STATUS" operation="profile_load" profile="unconfined" name="nvidia_modprobe//kmod" pid=300 comm="apparmor_parser"
[    2.874068] audit: type=1400 audit(1768590340.700:4): apparmor="STATUS" operation="profile_load" profile="unconfined" name="/usr/sbin/tcpdump" pid=301 comm="apparmor_parser"
[    2.927747] audit: type=1400 audit(1768590340.748:5): apparmor="STATUS" operation="profile_load" profile="unconfined" name="/usr/bin/evince" pid=303 comm="apparmor_parser"
[    2.927749] audit: type=1400 audit(1768590340.748:6): apparmor="STATUS" operation="profile_load" profile="unconfined" name="/usr/bin/evince//sanitized_helper" pid=303 comm="apparmor_parser"
[    2.927751] audit: type=1400 audit(1768590340.748:7): apparmor="STATUS" operation="profile_load" profile="unconfined" name="/usr/bin/evince-previewer" pid=303 comm="apparmor_parser"
[    2.927752] audit: type=1400 audit(1768590340.748:8): apparmor="STATUS" operation="profile_load" profile="unconfined" name="/usr/bin/evince-previewer//sanitized_helper" pid=303 comm="apparmor_parser"
[    2.927754] audit: type=1400 audit(1768590340.748:9): apparmor="STATUS" operation="profile_load" profile="unconfined" name="/usr/bin/evince-thumbnailer" pid=303 comm="apparmor_parser"
[    2.954908] audit: type=1400 audit(1768590340.780:10): apparmor="STATUS" operation="profile_load" profile="unconfined" name="/usr/lib/cups/backend/cups-pdf" pid=304 comm="apparmor_parser"
[    3.020089] systemd[1]: Finished Load AppArmor profiles.
[    3.021109] systemd[1]: Starting Load AppArmor profiles managed internally by snapd...
[    3.134145] systemd[1]: Finished Load AppArmor profiles managed internally by snapd.
[    3.253010] systemd[1]: Started Journal Service.
[    3.262873] systemd-journald[229]: Received client request to flush runtime journal.
[    3.266359] systemd-journald[229]: File /var/log/journal/c455b248004a419c87ce85eea238d727/system.journal corrupted or uncleanly shut down, renaming and replacing.
[    4.611222] RAPL PMU: API unit is 2^-32 Joules, 0 fixed counters, 10737418240 ms ovfl timer
[    4.673102] cryptd: max_cpu_qlen set to 1000
[    4.717772] AVX2 version of gcm_enc/dec engaged.
[    4.717773] AES CTR mode by8 optimization enabled
[    6.559314] Adding 1998844k swap on /dev/sda1.  Priority:-2 extents:1 across:1998844k FS
[    8.346835] kauditd_printk_skb: 30 callbacks suppressed
[    8.346836] audit: type=1400 audit(1768590346.164:41): apparmor="DENIED" operation="capable" profile="/usr/sbin/cups-browsed" pid=509 comm="cups-browsed" capability=23  capname="sys_nice"
[    9.177868] pcnet32 0000:00:03.0 enp0s3: link up, 100Mbps, full-duplex
[    9.220988] e1000: enp0s8 NIC Link is Up 1000 Mbps Full Duplex, Flow Control: RX
[    9.221262] IPv6: ADDRCONF(NETDEV_CHANGE): enp0s8: link becomes ready
[    9.243922] e1000: enp0s9 NIC Link is Up 1000 Mbps Full Duplex, Flow Control: RX
[    9.918183] device enp0s3 entered promiscuous mode
[    9.942910] audit: type=1400 audit(1768590347.764:42): apparmor="DENIED" operation="open" profile="/usr/sbin/tcpdump" name="/proc/sys/kernel/random/boot_id" pid=661 comm="tcpdump" requested_mask="r" denied_mask="r" fsuid=0 ouid=0
[    9.943124] audit: type=1400 audit(1768590347.764:43): apparmor="DENIED" operation="open" profile="/usr/sbin/tcpdump" name="/proc/sys/kernel/random/boot_id" pid=661 comm="tcpdump" requested_mask="r" denied_mask="r" fsuid=0 ouid=0
[    9.943179] audit: type=1400 audit(1768590347.764:44): apparmor="DENIED" operation="open" profile="/usr/sbin/tcpdump" name="/proc/sys/kernel/random/boot_id" pid=661 comm="tcpdump" requested_mask="r" denied_mask="r" fsuid=0 ouid=0
[    9.943240] audit: type=1400 audit(1768590347.764:45): apparmor="DENIED" operation="open" profile="/usr/sbin/tcpdump" name="/proc/sys/kernel/random/boot_id" pid=661 comm="tcpdump" requested_mask="r" denied_mask="r" fsuid=0 ouid=0
[    9.951188] audit: type=1400 audit(1768590347.780:46): apparmor="DENIED" operation="open" profile="/usr/sbin/tcpdump" name="/proc/sys/kernel/random/boot_id" pid=662 comm="tcpdump" requested_mask="r" denied_mask="r" fsuid=0 ouid=0
[    9.951443] audit: type=1400 audit(1768590347.780:47): apparmor="DENIED" operation="open" profile="/usr/sbin/tcpdump" name="/proc/sys/kernel/random/boot_id" pid=662 comm="tcpdump" requested_mask="r" denied_mask="r" fsuid=0 ouid=0
[    9.951488] audit: type=1400 audit(1768590347.780:48): apparmor="DENIED" operation="open" profile="/usr/sbin/tcpdump" name="/proc/sys/kernel/random/boot_id" pid=662 comm="tcpdump" requested_mask="r" denied_mask="r" fsuid=0 ouid=0
[    9.951547] audit: type=1400 audit(1768590347.780:49): apparmor="DENIED" operation="open" profile="/usr/sbin/tcpdump" name="/proc/sys/kernel/random/boot_id" pid=662 comm="tcpdump" requested_mask="r" denied_mask="r" fsuid=0 ouid=0
[   17.271461] rfkill: input handler disabled
[  215.356106] AAAAA-TCP_FORW: name:enp0s3: saddr:100932208: daddr:16783984
[  215.598588] AAAAA-TCP_FORW: name:enp0s3: saddr:100932208: daddr:16783984
[  215.859416] AAAAA-TCP_FORW: name:enp0s3: saddr:100932208: daddr:16783984
[  216.139430] AAAAA-TCP_FORW: name:enp0s3: saddr:100932208: daddr:16783984
[  216.310891] AAAAA-TCP_FORW: name:enp0s3: saddr:100932208: daddr:16783984
[  216.431479] AAAAA-TCP_FORW: name:enp0s3: saddr:100932208: daddr:16783984
[  216.640608] AAAAA-TCP_FORW: name:enp0s3: saddr:100932208: daddr:16783984
[  216.794483] AAAAA-TCP_FORW: name:enp0s3: saddr:100932208: daddr:16783984
[  216.976394] AAAAA-TCP_FORW: name:enp0s3: saddr:100932208: daddr:16783984
[  217.032304] AAAAA-TCP_FORW: name:enp0s3: saddr:100932208: daddr:16783984
[  217.472409] AAAAA-TCP_FORW: name:enp0s3: saddr:100932208: daddr:16783984
[  217.803539] AAAAA-TCP_FORW: name:enp0s3: saddr:100932208: daddr:16783984
[  218.078872] AAAAA-TCP_FORW: name:enp0s3: saddr:100932208: daddr:16783984
[  218.181442] AAAAA-TCP_FORW: name:enp0s3: saddr:100932208: daddr:33561200
[  218.751609] AAAAA-TCP_FORW: name:enp0s3: saddr:100932208: daddr:33561200
[  218.968145] AAAAA-TCP_FORW: name:enp0s3: saddr:100932208: daddr:33561200
[  219.254123] AAAAA-TCP_FORW: name:enp0s3: saddr:100932208: daddr:16783984
[  219.642764] AAAAA-TCP_FORW: name:enp0s3: saddr:100932208: daddr:33561200
[  220.207083] AAAAA-TCP_FORW: name:enp0s3: saddr:100932208: daddr:33561200
[  220.687604] AAAAA-TCP_FORW: name:enp0s3: saddr:100932208: daddr:16783984
[  221.004609] AAAAA-TCP_FORW: name:enp0s3: saddr:100932208: daddr:16783984
[  221.330253] AAAAA-TCP_FORW: name:enp0s3: saddr:100932208: daddr:33561200
[  221.519875] AAAAA-TCP_FORW: name:enp0s3: saddr:100932208: daddr:33561200
[  221.685835] AAAAA-TCP_FORW: name:enp0s3: saddr:100932208: daddr:16783984
[  221.871397] AAAAA-TCP_FORW: name:enp0s3: saddr:100932208: daddr:16783984
[  221.924629] AAAAA-TCP_FORW: name:enp0s3: saddr:100932208: daddr:33561200
[  222.037967] AAAAA-TCP_FORW: name:enp0s3: saddr:100932208: daddr:16783984
[  222.273231] AAAAA-TCP_FORW: name:enp0s3: saddr:100932208: daddr:16783984
[  222.717620] AAAAA-TCP_FORW: name:enp0s3: saddr:100932208: daddr:16783984
[  222.813444] AAAAA-TCP_FORW: name:enp0s3: saddr:100932208: daddr:33561200
[  223.201872] AAAAA-TCP_FORW: name:enp0s3: saddr:100932208: daddr:33561200
[  223.833992] AAAAA-TCP_FORW: name:enp0s3: saddr:100932208: daddr:16783984
[  223.991667] AAAAA-TCP_FORW: name:enp0s3: saddr:100932208: daddr:16783984
[  224.147157] AAAAA-TCP_FORW: name:enp0s3: saddr:100932208: daddr:16783984
[  224.295980] AAAAA-TCP_FORW: name:enp0s3: saddr:100932208: daddr:16783984
[  224.429715] AAAAA-TCP_FORW: name:enp0s3: saddr:100932208: daddr:16783984
[  224.718569] AAAAA-TCP_FORW: name:enp0s3: saddr:100932208: daddr:16783984
[  225.042409] AAAAA-TCP_FORW: name:enp0s3: saddr:16783984: daddr:100932208
[  225.082177] AAAAA-TCP_FORW: name:enp0s3: saddr:33561200: daddr:100932208
[  225.184821] AAAAA-TCP_FORW: name:enp0s3: saddr:16783984: daddr:100932208
[  225.341690] AAAAA-TCP_FORW: name:enp0s3: saddr:16783984: daddr:100932208
[  225.441744] AAAAA-TCP_FORW: name:enp0s3: saddr:16783984: daddr:100932208
[  259.971542] AAAAA-TCP_FORW: name:enp0s3: saddr:16783984: daddr:100932208
[  260.242736] AAAAA-TCP_FORW: name:enp0s3: saddr:16783984: daddr:100932208
[  260.775532] AAAAA-TCP_FORW: name:enp0s3: saddr:16783984: daddr:100932208
[  261.246650] AAAAA-TCP_FORW: name:enp0s3: saddr:16783984: daddr:100932208
[  262.014221] AAAAA-TCP_FORW: name:enp0s3: saddr:16783984: daddr:100932208
[  262.214895] AAAAA-TCP_FORW: name:enp0s3: saddr:33561200: daddr:100932208
[  263.510589] AAAAA-TCP_FORW: name:enp0s3: saddr:33561200: daddr:100932208
[  263.779784] AAAAA-TCP_FORW: name:enp0s3: saddr:33561200: daddr:100932208
[  264.309678] AAAAA-TCP_FORW: name:enp0s3: saddr:33561200: daddr:100932208
[  264.449397] AAAAA-TCP_FORW: name:enp0s3: saddr:33561200: daddr:100932208
[  511.707839] rfkill: input handler enabled
[  520.527782] rfkill: input handler disabled
[  756.557428] device enp0s3 left promiscuous mode
