[    0.000000] Linux version 5.4.243-mptcp (root@ztg) (gcc version 12.2.0 (Debian 12.2.0-14+deb12u1)) #53 SMP Wed Dec 24 23:28:15 CST 2025
[    0.000000] Command line: BOOT_IMAGE=/boot/vmlinuz-5.4.243-mptcp root=UUID=98415a12-53b7-4144-8265-0f7ece09e445 ro quiet splash
[    0.000000] KERNEL supported cpus:
[    0.000000]   Intel GenuineIntel
[    0.000000]   AMD AuthenticAMD
[    0.000000]   Hygon HygonGenuine
[    0.000000]   Centaur CentaurHauls
[    0.000000]   zhaoxin   Shanghai  
[    0.000000] x86/fpu: Supporting XSAVE feature 0x001: 'x87 floating point registers'
[    0.000000] x86/fpu: Supporting XSAVE feature 0x002: 'SSE registers'
[    0.000000] x86/fpu: Supporting XSAVE feature 0x004: 'AVX registers'
[    0.000000] x86/fpu: xstate_offset[2]:  576, xstate_sizes[2]:  256
[    0.000000] x86/fpu: Enabled xstate features 0x7, context size is 832 bytes, using 'standard' format.
[    0.000000] BIOS-provided physical RAM map:
[    0.000000] BIOS-e820: [mem 0x0000000000000000-0x000000000009fbff] usable
[    0.000000] BIOS-e820: [mem 0x000000000009fc00-0x000000000009ffff] reserved
[    0.000000] BIOS-e820: [mem 0x00000000000f0000-0x00000000000fffff] reserved
[    0.000000] BIOS-e820: [mem 0x0000000000100000-0x000000007ffeffff] usable
[    0.000000] BIOS-e820: [mem 0x000000007fff0000-0x000000007fffffff] ACPI data
[    0.000000] BIOS-e820: [mem 0x00000000fec00000-0x00000000fec00fff] reserved
[    0.000000] BIOS-e820: [mem 0x00000000fee00000-0x00000000fee00fff] reserved
[    0.000000] BIOS-e820: [mem 0x00000000fffc0000-0x00000000ffffffff] reserved
[    0.000000] NX (Execute Disable) protection: active
[    0.000000] SMBIOS 2.5 present.
[    0.000000] DMI: innotek GmbH VirtualBox/VirtualBox, BIOS VirtualBox 12/01/2006
[    0.000000] Hypervisor detected: KVM
[    0.000000] kvm-clock: Using msrs 4b564d01 and 4b564d00
[    0.000000] kvm-clock: cpu 0, msr 29a01001, primary cpu clock
[    0.000000] kvm-clock: using sched offset of 4440303399 cycles
[    0.000003] clocksource: kvm-clock: mask: 0xffffffffffffffff max_cycles: 0x1cd42e4dffb, max_idle_ns: 881590591483 ns
[    0.000005] tsc: Detected 2100.000 MHz processor
[    0.001862] e820: update [mem 0x00000000-0x00000fff] usable ==> reserved
[    0.001864] e820: remove [mem 0x000a0000-0x000fffff] usable
[    0.001868] last_pfn = 0x7fff0 max_arch_pfn = 0x400000000
[    0.001935] MTRR default type: uncachable
[    0.001935] MTRR fixed ranges enabled:
[    0.001937]   00000-9FFFF write-back
[    0.001937]   A0000-BFFFF uncachable
[    0.001938]   C0000-FFFFF write-protect
[    0.001939] MTRR variable ranges enabled:
[    0.001940]   0 base 000000000000 mask 3FFF80000000 write-back
[    0.001941]   1 disabled
[    0.001941]   2 disabled
[    0.001942]   3 disabled
[    0.001942]   4 disabled
[    0.001943]   5 disabled
[    0.001943]   6 disabled
[    0.001943]   7 disabled
[    0.001944]   8 disabled
[    0.001944]   9 disabled
[    0.001945]   10 disabled
[    0.001945]   11 disabled
[    0.001946]   12 disabled
[    0.001946]   13 disabled
[    0.001947]   14 disabled
[    0.001947]   15 disabled
[    0.001963] x86/PAT: Configuration [0-7]: WB  WC  UC- UC  WB  WP  UC- WT  
[    0.002096] found SMP MP-table at [mem 0x0009fff0-0x0009ffff]
[    0.090685] check: Scanning 1 areas for low memory corruption
[    0.090850] RAMDISK: [mem 0x32271000-0x3512ffff]
[    0.090857] ACPI: Early table checksum verification disabled
[    0.090863] ACPI: RSDP 0x00000000000E0000 000024 (v02 VBOX  )
[    0.090867] ACPI: XSDT 0x000000007FFF0030 00003C (v01 VBOX   VBOXXSDT 00000001 ASL  00000061)
[    0.090873] ACPI: FACP 0x000000007FFF00F0 0000F4 (v04 VBOX   VBOXFACP 00000001 ASL  00000061)
[    0.090880] ACPI: DSDT 0x000000007FFF02E0 002353 (v02 VBOX   VBOXBIOS 00000002 VBOX 00029BF3)
[    0.090884] ACPI: FACS 0x000000007FFF0200 000040
[    0.090887] ACPI: FACS 0x000000007FFF0200 000040
[    0.090890] ACPI: APIC 0x000000007FFF0240 000054 (v02 VBOX   VBOXAPIC 00000001 ASL  00000061)
[    0.090894] ACPI: SSDT 0x000000007FFF02A0 000038 (v01 VBOX   VBOXCPUT 00000002 VBOX 00029BF3)
[    0.090897] ACPI: Reserving FACP table memory at [mem 0x7fff00f0-0x7fff01e3]
[    0.090898] ACPI: Reserving DSDT table memory at [mem 0x7fff02e0-0x7fff2632]
[    0.090899] ACPI: Reserving FACS table memory at [mem 0x7fff0200-0x7fff023f]
[    0.090899] ACPI: Reserving FACS table memory at [mem 0x7fff0200-0x7fff023f]
[    0.090900] ACPI: Reserving APIC table memory at [mem 0x7fff0240-0x7fff0293]
[    0.090901] ACPI: Reserving SSDT table memory at [mem 0x7fff02a0-0x7fff02d7]
[    0.090915] ACPI: Local APIC address 0xfee00000
[    0.091100] No NUMA configuration found
[    0.091101] Faking a node at [mem 0x0000000000000000-0x000000007ffeffff]
[    0.091112] NODE_DATA(0) allocated [mem 0x7ffc5000-0x7ffeffff]
[    0.091372] Zone ranges:
[    0.091373]   DMA      [mem 0x0000000000001000-0x0000000000ffffff]
[    0.091374]   DMA32    [mem 0x0000000001000000-0x000000007ffeffff]
[    0.091375]   Normal   empty
[    0.091375]   Device   empty
[    0.091376] Movable zone start for each node
[    0.091378] Early memory node ranges
[    0.091379]   node   0: [mem 0x0000000000001000-0x000000000009efff]
[    0.091380]   node   0: [mem 0x0000000000100000-0x000000007ffeffff]
[    0.091382] Zeroed struct page in unavailable ranges: 114 pages
[    0.091383] Initmem setup node 0 [mem 0x0000000000001000-0x000000007ffeffff]
[    0.091384] On node 0 totalpages: 524174
[    0.091386]   DMA zone: 64 pages used for memmap
[    0.091386]   DMA zone: 21 pages reserved
[    0.091387]   DMA zone: 3998 pages, LIFO batch:0
[    0.091460]   DMA32 zone: 8128 pages used for memmap
[    0.091460]   DMA32 zone: 520176 pages, LIFO batch:63
[    0.100372] ACPI: PM-Timer IO Port: 0x4008
[    0.100376] ACPI: Local APIC address 0xfee00000
[    0.100449] IOAPIC[0]: apic_id 1, version 32, address 0xfec00000, GSI 0-23
[    0.100452] ACPI: INT_SRC_OVR (bus 0 bus_irq 0 global_irq 2 dfl dfl)
[    0.100454] ACPI: INT_SRC_OVR (bus 0 bus_irq 9 global_irq 9 low level)
[    0.100456] ACPI: IRQ0 used by override.
[    0.100457] ACPI: IRQ9 used by override.
[    0.100459] Using ACPI (MADT) for SMP configuration information
[    0.100467] smpboot: Allowing 1 CPUs, 0 hotplug CPUs
[    0.100489] PM: Registered nosave memory: [mem 0x00000000-0x00000fff]
[    0.100491] PM: Registered nosave memory: [mem 0x0009f000-0x0009ffff]
[    0.100491] PM: Registered nosave memory: [mem 0x000a0000-0x000effff]
[    0.100492] PM: Registered nosave memory: [mem 0x000f0000-0x000fffff]
[    0.100494] [mem 0x80000000-0xfebfffff] available for PCI devices
[    0.100495] Booting paravirtualized kernel on KVM
[    0.100498] clocksource: refined-jiffies: mask: 0xffffffff max_cycles: 0xffffffff, max_idle_ns: 7645519600211568 ns
[    0.100502] setup_percpu: NR_CPUS:8192 nr_cpumask_bits:1 nr_cpu_ids:1 nr_node_ids:1
[    0.101509] percpu: Embedded 60 pages/cpu s208896 r8192 d28672 u2097152
[    0.101514] pcpu-alloc: s208896 r8192 d28672 u2097152 alloc=1*2097152
[    0.101515] pcpu-alloc: [0] 0 
[    0.101541] Built 1 zonelists, mobility grouping on.  Total pages: 515961
[    0.101542] Policy zone: DMA32
[    0.101543] Kernel command line: BOOT_IMAGE=/boot/vmlinuz-5.4.243-mptcp root=UUID=98415a12-53b7-4144-8265-0f7ece09e445 ro quiet splash
[    0.102391] Dentry cache hash table entries: 262144 (order: 9, 2097152 bytes, linear)
[    0.102538] Inode-cache hash table entries: 131072 (order: 8, 1048576 bytes, linear)
[    0.102588] mem auto-init: stack:off, heap alloc:on, heap free:off
[    0.102590] Calgary: detecting Calgary via BIOS EBDA area
[    0.102592] Calgary: Unable to locate Rio Grande table in EBDA - bailing!
[    0.106735] Memory: 1967332K/2096696K available (14339K kernel code, 2398K rwdata, 4712K rodata, 2728K init, 17260K bss, 129364K reserved, 0K cma-reserved)
[    0.107648] SLUB: HWalign=64, Order=0-3, MinObjects=0, CPUs=1, Nodes=1
[    0.107666] ftrace: allocating 43186 entries in 169 pages
[    0.125783] rcu: Hierarchical RCU implementation.
[    0.125784] rcu: 	RCU restricting CPUs from NR_CPUS=8192 to nr_cpu_ids=1.
[    0.125785] 	Tasks RCU enabled.
[    0.125786] rcu: RCU calculated value of scheduler-enlistment delay is 25 jiffies.
[    0.125787] rcu: Adjusting geometry for rcu_fanout_leaf=16, nr_cpu_ids=1
[    0.128750] NR_IRQS: 524544, nr_irqs: 256, preallocated irqs: 16
[    0.128961] random: crng init done
[    0.138243] Console: colour VGA+ 80x25
[    0.138247] printk: console [tty0] enabled
[    0.138267] ACPI: Core revision 20190816
[    0.138363] APIC: Switch to symmetric I/O mode setup
[    0.138612] x2apic enabled
[    0.138852] Switched APIC routing to physical x2apic.
[    0.139972] ..TIMER: vector=0x30 apic1=0 pin1=2 apic2=-1 pin2=-1
[    0.139996] clocksource: tsc-early: mask: 0xffffffffffffffff max_cycles: 0x1e4530a99b6, max_idle_ns: 440795257976 ns
[    0.140002] Calibrating delay loop (skipped) preset value.. 4200.00 BogoMIPS (lpj=8400000)
[    0.140004] pid_max: default: 32768 minimum: 301
[    0.140032] LSM: Security Framework initializing
[    0.140042] Yama: becoming mindful.
[    0.140068] AppArmor: AppArmor initialized
[    0.140102] Mount-cache hash table entries: 4096 (order: 3, 32768 bytes, linear)
[    0.140106] Mountpoint-cache hash table entries: 4096 (order: 3, 32768 bytes, linear)
[    0.140116] *** VALIDATE tmpfs ***
[    0.140248] *** VALIDATE proc ***
[    0.140290] *** VALIDATE cgroup1 ***
[    0.140291] *** VALIDATE cgroup2 ***
[    0.140431] process: using mwait in idle threads
[    0.140436] Last level iTLB entries: 4KB 64, 2MB 8, 4MB 8
[    0.140437] Last level dTLB entries: 4KB 64, 2MB 0, 4MB 0, 1GB 4
[    0.140457] Spectre V1 : Mitigation: usercopy/swapgs barriers and __user pointer sanitization
[    0.140462] Spectre V2 : Mitigation: Retpolines
[    0.140463] Spectre V2 : Spectre v2 / SpectreRSB mitigation: Filling RSB on context switch
[    0.140463] Spectre V2 : Spectre v2 / SpectreRSB : Filling RSB on VMEXIT
[    0.140464] RETBleed: WARNING: Spectre v2 mitigation leaves CPU vulnerable to RETBleed attacks, data leaks possible!
[    0.140816] RETBleed: Vulnerable
[    0.140816] Speculative Store Bypass: Vulnerable
[    0.140821] TAA: Mitigation: TSX disabled
[    0.140822] MMIO Stale Data: Mitigation: Clear CPU buffers
[    0.145070] Freeing SMP alternatives memory: 40K
[    0.257642] smpboot: CPU0: Intel(R) Xeon(R) Silver 4216 CPU @ 2.10GHz (family: 0x6, model: 0x55, stepping: 0x7)
[    0.257781] Performance Events: unsupported p6 CPU model 85 no PMU driver, software events only.
[    0.257817] rcu: Hierarchical SRCU implementation.
[    0.258292] NMI watchdog: Perf NMI watchdog permanently disabled
[    0.258331] smp: Bringing up secondary CPUs ...
[    0.258332] smp: Brought up 1 node, 1 CPU
[    0.258332] smpboot: Max logical packages: 1
[    0.258334] smpboot: Total of 1 processors activated (4200.00 BogoMIPS)
[    0.259280] devtmpfs: initialized
[    0.259329] x86/mm: Memory block size: 128MB
[    0.259679] clocksource: jiffies: mask: 0xffffffff max_cycles: 0xffffffff, max_idle_ns: 7645041785100000 ns
[    0.259685] futex hash table entries: 256 (order: 2, 16384 bytes, linear)
[    0.259728] pinctrl core: initialized pinctrl subsystem
[    0.259829] PM: RTC time: 19:04:56, date: 2026-01-16
[    0.259936] NET: Registered protocol family 16
[    0.259998] audit: initializing netlink subsys (disabled)
[    0.259998] EISA bus registered
[    0.259998] cpuidle: using governor ladder
[    0.259998] cpuidle: using governor menu
[    0.259998] ACPI: bus type PCI registered
[    0.259998] acpiphp: ACPI Hot Plug PCI Controller Driver version: 0.5
[    0.259998] PCI: Using configuration type 1 for base access
[    0.260299] audit: type=2000 audit(1768561502.935:1): state=initialized audit_enabled=0 res=1
[    0.260378] HugeTLB registered 2.00 MiB page size, pre-allocated 0 pages
[    0.261201] ACPI: Added _OSI(Module Device)
[    0.261202] ACPI: Added _OSI(Processor Device)
[    0.261203] ACPI: Added _OSI(3.0 _SCP Extensions)
[    0.261204] ACPI: Added _OSI(Processor Aggregator Device)
[    0.261205] ACPI: Added _OSI(Linux-Dell-Video)
[    0.261206] ACPI: Added _OSI(Linux-Lenovo-NV-HDMI-Audio)
[    0.261207] ACPI: Added _OSI(Linux-HPI-Hybrid-Graphics)
[    0.263361] ACPI: 2 ACPI AML tables successfully acquired and loaded
[    0.265118] ACPI: Interpreter enabled
[    0.265129] ACPI: (supports S0 S5)
[    0.265130] ACPI: Using IOAPIC for interrupt routing
[    0.265344] PCI: Using host bridge windows from ACPI; if necessary, use "pci=nocrs" and report a bug
[    0.265455] ACPI: Enabled 2 GPEs in block 00 to 07
[    0.270676] ACPI: PCI Root Bridge [PCI0] (domain 0000 [bus 00-ff])
[    0.270692] acpi PNP0A03:00: _OSC: OS supports [ASPM ClockPM Segments MSI HPX-Type3]
[    0.271170] acpi PNP0A03:00: _OSC: not requesting OS control; OS requires [ExtendedConfig ASPM ClockPM MSI]
[    0.271179] acpi PNP0A03:00: fail to add MMCONFIG information, can't access extended PCI configuration space under this bridge.
[    0.271603] PCI host bridge to bus 0000:00
[    0.271606] pci_bus 0000:00: root bus resource [io  0x0000-0x0cf7 window]
[    0.271607] pci_bus 0000:00: root bus resource [io  0x0d00-0xffff window]
[    0.271609] pci_bus 0000:00: root bus resource [mem 0x000a0000-0x000bffff window]
[    0.271610] pci_bus 0000:00: root bus resource [mem 0x80000000-0xfdffffff window]
[    0.271611] pci_bus 0000:00: root bus resource [bus 00-ff]
[    0.271660] pci 0000:00:00.0: [8086:1237] type 00 class 0x060000
[    0.272772] pci 0000:00:01.0: [8086:7000] type 00 class 0x060100
[    0.273526] pci 0000:00:01.1: [8086:7111] type 00 class 0x01018a
[    0.273891] pci 0000:00:01.1: reg 0x20: [io  0xd000-0xd00f]
[    0.274039] pci 0000:00:01.1: legacy IDE quirk: reg 0x10: [io  0x01f0-0x01f7]
[    0.274040] pci 0000:00:01.1: legacy IDE quirk: reg 0x14: [io  0x03f6]
[    0.274041] pci 0000:00:01.1: legacy IDE quirk: reg 0x18: [io  0x0170-0x0177]
[    0.274042] pci 0000:00:01.1: legacy IDE quirk: reg 0x1c: [io  0x0376]
[    0.274582] pci 0000:00:02.0: [15ad:0405] type 00 class 0x030000
[    0.276078] pci 0000:00:02.0: reg 0x10: [io  0xd010-0xd01f]
[    0.280045] pci 0000:00:02.0: reg 0x14: [mem 0xe0000000-0xe7ffffff pref]
[    0.282728] pci 0000:00:02.0: reg 0x18: [mem 0xf0000000-0xf01fffff]
[    0.292798] pci 0000:00:03.0: [1022:2000] type 00 class 0x020000
[    0.293508] pci 0000:00:03.0: reg 0x10: [io  0xd020-0xd03f]
[    0.296104] pci 0000:00:03.0: reg 0x14: [mem 0xf0200000-0xf0200fff]
[    0.299635] pci 0000:00:04.0: [80ee:cafe] type 00 class 0x088000
[    0.300116] pci 0000:00:04.0: reg 0x10: [io  0xd040-0xd05f]
[    0.300719] pci 0000:00:04.0: reg 0x14: [mem 0xf0400000-0xf07fffff]
[    0.301326] pci 0000:00:04.0: reg 0x18: [mem 0xf0800000-0xf0803fff pref]
[    0.304606] pci 0000:00:07.0: [8086:7113] type 00 class 0x068000
[    0.305127] pci 0000:00:07.0: quirk: [io  0x4000-0x403f] claimed by PIIX4 ACPI
[    0.305136] pci 0000:00:07.0: quirk: [io  0x4100-0x410f] claimed by PIIX4 SMB
[    0.305739] pci 0000:00:08.0: [8086:100e] type 00 class 0x020000
[    0.306442] pci 0000:00:08.0: reg 0x10: [mem 0xf0820000-0xf083ffff]
[    0.307601] pci 0000:00:08.0: reg 0x18: [io  0xd060-0xd067]
[    0.310733] pci 0000:00:09.0: [8086:100e] type 00 class 0x020000
[    0.311435] pci 0000:00:09.0: reg 0x10: [mem 0xf0840000-0xf085ffff]
[    0.312671] pci 0000:00:09.0: reg 0x18: [io  0xd068-0xd06f]
[    0.324024] ACPI: PCI Interrupt Link [LNKA] (IRQs 5 9 10 *11)
[    0.324304] ACPI: PCI Interrupt Link [LNKB] (IRQs 5 9 *10 11)
[    0.324409] ACPI: PCI Interrupt Link [LNKC] (IRQs 5 *9 10 11)
[    0.324510] ACPI: PCI Interrupt Link [LNKD] (IRQs 5 9 10 *11)
[    0.324774] iommu: Default domain type: Translated 
[    0.324832] pci 0000:00:02.0: vgaarb: setting as boot VGA device
[    0.324834] pci 0000:00:02.0: vgaarb: VGA device added: decodes=io+mem,owns=io+mem,locks=none
[    0.324836] pci 0000:00:02.0: vgaarb: bridge control possible
[    0.324836] vgaarb: loaded
[    0.325049] SCSI subsystem initialized
[    0.325079] libata version 3.00 loaded.
[    0.325101] ACPI: bus type USB registered
[    0.325117] usbcore: registered new interface driver usbfs
[    0.325123] usbcore: registered new interface driver hub
[    0.325128] usbcore: registered new device driver usb
[    0.325159] pps_core: LinuxPPS API ver. 1 registered
[    0.325159] pps_core: Software ver. 5.3.6 - Copyright 2005-2007 Rodolfo Giometti <giometti@linux.it>
[    0.325161] PTP clock support registered
[    0.325195] EDAC MC: Ver: 3.0.0
[    0.325475] PCI: Using ACPI for IRQ routing
[    0.325476] PCI: pci_cache_line_size set to 64 bytes
[    0.325644] e820: reserve RAM buffer [mem 0x0009fc00-0x0009ffff]
[    0.325648] e820: reserve RAM buffer [mem 0x7fff0000-0x7fffffff]
[    0.326425] NetLabel: Initializing
[    0.326425] NetLabel:  domain hash size = 128
[    0.326426] NetLabel:  protocols = UNLABELED CIPSOv4 CALIPSO
[    0.326445] NetLabel:  unlabeled traffic allowed by default
[    0.327369] clocksource: Switched to clocksource kvm-clock
[    0.338598] *** VALIDATE bpf ***
[    0.338659] VFS: Disk quotas dquot_6.6.0
[    0.338671] VFS: Dquot-cache hash table entries: 512 (order 0, 4096 bytes)
[    0.338694] *** VALIDATE ramfs ***
[    0.338697] *** VALIDATE hugetlbfs ***
[    0.338778] AppArmor: AppArmor Filesystem Enabled
[    0.338806] pnp: PnP ACPI init
[    0.338875] pnp 00:00: Plug and Play ACPI device, IDs PNP0303 (active)
[    0.338944] pnp 00:01: Plug and Play ACPI device, IDs PNP0f03 (active)
[    0.339691] pnp: PnP ACPI: found 2 devices
[    0.340666] thermal_sys: Registered thermal governor 'fair_share'
[    0.340666] thermal_sys: Registered thermal governor 'bang_bang'
[    0.340667] thermal_sys: Registered thermal governor 'step_wise'
[    0.340668] thermal_sys: Registered thermal governor 'user_space'
[    0.340668] thermal_sys: Registered thermal governor 'power_allocator'
[    0.345179] clocksource: acpi_pm: mask: 0xffffff max_cycles: 0xffffff, max_idle_ns: 2085701024 ns
[    0.345220] pci_bus 0000:00: resource 4 [io  0x0000-0x0cf7 window]
[    0.345222] pci_bus 0000:00: resource 5 [io  0x0d00-0xffff window]
[    0.345223] pci_bus 0000:00: resource 6 [mem 0x000a0000-0x000bffff window]
[    0.345224] pci_bus 0000:00: resource 7 [mem 0x80000000-0xfdffffff window]
[    0.345283] NET: Registered protocol family 2
[    0.345359] IP idents hash table entries: 32768 (order: 6, 262144 bytes, linear)
[    0.345768] MPTCP tokens hash table entries: 8192 (order: 4, 65536 bytes, linear)
[    0.345789] MPTCP request tokens hash table entries: 8192 (order: 4, 65536 bytes, linear)
[    0.345814] default registered
[    0.345814] default registered
[    0.345815] MPTCP: Stable release v0.96
[    0.345820] tcp_listen_portaddr_hash hash table entries: 1024 (order: 2, 16384 bytes, linear)
[    0.345904] TCP established hash table entries: 16384 (order: 5, 131072 bytes, linear)
[    0.345971] TCP bind hash table entries: 16384 (order: 6, 262144 bytes, linear)
[    0.345996] TCP: Hash tables configured (established 16384 bind 16384)
[    0.346717] UDP hash table entries: 1024 (order: 3, 32768 bytes, linear)
[    0.346729] UDP-Lite hash table entries: 1024 (order: 3, 32768 bytes, linear)
[    0.346764] NET: Registered protocol family 1
[    0.346774] NET: Registered protocol family 44
[    0.346797] pci 0000:00:00.0: Limiting direct PCI/PCI transfers
[    0.346810] pci 0000:00:01.0: Activating ISA DMA hang workarounds
[    0.346860] pci 0000:00:02.0: Video device with shadowed ROM at [mem 0x000c0000-0x000dffff]
[    0.346923] PCI: CLS 0 bytes, default 64
[    0.346971] Trying to unpack rootfs image as initramfs...
[    0.519415] Freeing initrd memory: 47868K
[    0.519415] clocksource: tsc: mask: 0xffffffffffffffff max_cycles: 0x1e4530a99b6, max_idle_ns: 440795257976 ns
[    0.519415] clocksource: Switched to clocksource tsc
[    0.519415] platform rtc_cmos: registered platform RTC device (no PNP device found)
[    0.519415] check: Scanning for low memory corruption every 60 seconds
[    0.519415] Initialise system trusted keyrings
[    0.519415] Key type blacklist registered
[    0.519415] workingset: timestamp_bits=36 max_order=19 bucket_order=0
[    0.519415] zbud: loaded
[    0.519415] squashfs: version 4.0 (2009/01/31) Phillip Lougher
[    0.519415] fuse: init (API version 7.31)
[    0.519415] *** VALIDATE fuse ***
[    0.519415] *** VALIDATE fuse ***
[    0.519415] Platform Keyring initialized
[    0.534425] Key type asymmetric registered
[    0.534426] Asymmetric key parser 'x509' registered
[    0.534435] Block layer SCSI generic (bsg) driver version 0.4 loaded (major 244)
[    0.534472] io scheduler mq-deadline registered
[    0.534594] shpchp: Standard Hot Plug PCI Controller Driver version: 0.4
[    0.534798] ACPI: AC Adapter [AC] (on-line)
[    0.534842] input: Power Button as /devices/LNXSYSTM:00/LNXPWRBN:00/input/input0
[    0.534872] ACPI: Power Button [PWRF]
[    0.534959] input: Sleep Button as /devices/LNXSYSTM:00/LNXSLPBN:00/input/input1
[    0.534974] ACPI: Sleep Button [SLPF]
[    0.535218] Serial: 8250/16550 driver, 32 ports, IRQ sharing enabled
[    0.536385] Linux agpgart interface v0.103
[    0.631083] loop: module loaded
[    0.631235] ata_piix 0000:00:01.1: version 2.13
[    0.631636] scsi host0: ata_piix
[    0.631727] scsi host1: ata_piix
[    0.631754] ata1: PATA max UDMA/33 cmd 0x1f0 ctl 0x3f6 bmdma 0xd000 irq 14
[    0.631755] ata2: PATA max UDMA/33 cmd 0x170 ctl 0x376 bmdma 0xd008 irq 15
[    0.631851] tun: Universal TUN/TAP device driver, 1.6
[    0.632158] PPP generic driver version 2.4.2
[    0.632201] VFIO - User Level meta-driver version: 0.3
[    0.632437] ehci_hcd: USB 2.0 'Enhanced' Host Controller (EHCI) Driver
[    0.632441] ehci-pci: EHCI PCI platform driver
[    0.632456] ehci-platform: EHCI generic platform driver
[    0.632462] ohci_hcd: USB 1.1 'Open' Host Controller (OHCI) Driver
[    0.632464] ohci-pci: OHCI PCI platform driver
[    0.632471] ohci-platform: OHCI generic platform driver
[    0.632475] uhci_hcd: USB Universal Host Controller Interface driver
[    0.632541] i8042: PNP: PS/2 Controller [PNP0303:PS2K,PNP0f03:PS2M] at 0x60,0x64 irq 1,12
[    0.632981] serio: i8042 KBD port at 0x60,0x64 irq 1
[    0.632984] serio: i8042 AUX port at 0x60,0x64 irq 12
[    0.633071] mousedev: PS/2 mouse device common for all mice
[    0.633326] input: AT Translated Set 2 keyboard as /devices/platform/i8042/serio0/input/input2
[    0.633726] rtc_cmos rtc_cmos: registered as rtc0
[    0.633739] rtc_cmos rtc_cmos: alarms up to one day, 114 bytes nvram
[    0.633744] i2c /dev entries driver
[    0.633787] device-mapper: uevent: version 1.0.3
[    0.633830] device-mapper: ioctl: 4.41.0-ioctl (2019-09-16) initialised: dm-devel@redhat.com
[    0.633845] platform eisa.0: Probing EISA bus 0
[    0.633846] platform eisa.0: EISA: Cannot allocate resource for mainboard
[    0.633847] platform eisa.0: Cannot allocate resource for EISA slot 1
[    0.633848] platform eisa.0: Cannot allocate resource for EISA slot 2
[    0.633849] platform eisa.0: Cannot allocate resource for EISA slot 3
[    0.633850] platform eisa.0: Cannot allocate resource for EISA slot 4
[    0.633851] platform eisa.0: Cannot allocate resource for EISA slot 5
[    0.633852] platform eisa.0: Cannot allocate resource for EISA slot 6
[    0.633853] platform eisa.0: Cannot allocate resource for EISA slot 7
[    0.633854] platform eisa.0: Cannot allocate resource for EISA slot 8
[    0.633855] platform eisa.0: EISA: Detected 0 cards
[    0.633858] intel_pstate: CPU model not supported
[    0.633868] ledtrig-cpu: registered to indicate activity on CPUs
[    0.633922] drop_monitor: Initializing network drop monitor service
[    0.634081] NET: Registered protocol family 10
[    0.639211] Segment Routing with IPv6
[    0.639240] fullmesh registered
[    0.639240] ndiffports registered
[    0.639240] binder registered
[    0.639240] roundrobin registered
[    0.639240] redundant registered
[    0.639240] blest registered
[    0.639240] ecf registered
[    0.639240] NET: Registered protocol family 17
[    0.639240] Key type dns_resolver registered
[    0.639240] RAS: Correctable Errors collector initialized.
[    0.639240] IPI shorthand broadcast: enabled
[    0.639240] sched_clock: Marking stable (624193178, 11047429)->(638134192, -2893585)
[    0.639460] registered taskstats version 1
[    0.639468] Loading compiled-in X.509 certificates
[    0.640067] Loaded X.509 cert 'Build time autogenerated kernel key: 6909f3744cebb3d0de528d5887b96a727de79b1e'
[    0.640086] zswap: loaded using pool lzo/zbud
[    0.640139] Key type ._fscrypt registered
[    0.640139] Key type .fscrypt registered
[    0.644597] Key type big_key registered
[    0.646806] Key type encrypted registered
[    0.646809] AppArmor: AppArmor sha1 policy hashing enabled
[    0.646817] ima: No TPM chip found, activating TPM-bypass!
[    0.646821] ima: Allocated hash algorithm: sha1
[    0.646826] ima: No architecture policies found
[    0.646835] evm: Initialising EVM extended attributes:
[    0.646836] evm: security.selinux
[    0.646836] evm: security.SMACK64
[    0.646837] evm: security.SMACK64EXEC
[    0.646837] evm: security.SMACK64TRANSMUTE
[    0.646837] evm: security.SMACK64MMAP
[    0.646838] evm: security.apparmor
[    0.646838] evm: security.ima
[    0.646839] evm: security.capability
[    0.646839] evm: HMAC attrs: 0x1
[    0.647136] PM:   Magic number: 10:699:91
[    0.647249] rtc_cmos rtc_cmos: setting system clock to 2026-01-16T19:04:57 UTC (1768590297)
[    0.804276] ata1.00: ATA-6: VBOX HARDDISK, 1.0, max UDMA/133
[    0.804279] ata1.00: 209715200 sectors, multi 128: LBA 
[    0.804946] scsi 0:0:0:0: Direct-Access     ATA      VBOX HARDDISK    1.0  PQ: 0 ANSI: 5
[    0.805242] sd 0:0:0:0: [sda] 209715200 512-byte logical blocks: (107 GB/100 GiB)
[    0.805255] sd 0:0:0:0: [sda] Write Protect is off
[    0.805258] sd 0:0:0:0: [sda] Mode Sense: 00 3a 00 00
[    0.805278] sd 0:0:0:0: [sda] Write cache: enabled, read cache: enabled, doesn't support DPO or FUA
[    0.805601] sd 0:0:0:0: Attached scsi generic sg0 type 0
[    0.806626]  sda: sda1 sda2
[    0.815381] sd 0:0:0:0: [sda] Attached SCSI disk
[    0.820183] Freeing unused decrypted memory: 2040K
[    0.821439] Freeing unused kernel image memory: 2728K
[    0.821443] Write protecting the kernel read-only data: 22528k
[    0.822809] Freeing unused kernel image memory: 2036K
[    0.823539] Freeing unused kernel image memory: 1432K
[    0.857309] x86/mm: Checked W+X mappings: passed, no W+X pages found.
[    0.857314] Run /init as init process
[    0.968233] ACPI: Video Device [GFX0] (multi-head: yes  rom: no  post: no)
[    0.968305] input: Video Bus as /devices/LNXSYSTM:00/LNXSYBUS:00/PNP0A03:00/LNXVIDEO:00/input/input4
[    0.980227] pcnet32: pcnet32.c:v1.35 21.Apr.2008 tsbogend@alpha.franken.de
[    0.983534] piix4_smbus 0000:00:07.0: SMBus Host Controller at 0x4100, revision 0
[    0.986641] e1000: Intel(R) PRO/1000 Network Driver - version 7.3.21-k8-NAPI
[    0.986642] e1000: Copyright (c) 1999-2006 Intel Corporation.
[    0.990695] pcnet32: PCnet/FAST III 79C973 at 0xd020, 08:00:27:48:9a:6e assigned IRQ 19
[    0.990741] pcnet32: Found PHY 0022:561b at address 0
[    0.991040] pcnet32: eth0: registered as PCnet/FAST III 79C973
[    0.999707] pcnet32: 1 cards_found
[    1.060007] pcnet32 0000:00:03.0 enp0s3: renamed from eth0
[    1.200998] input: ImExPS/2 Generic Explorer Mouse as /devices/platform/i8042/serio1/input/input5
[    1.391435] e1000 0000:00:08.0 eth0: (PCI:33MHz:32-bit) 08:00:27:24:bc:25
[    1.391440] e1000 0000:00:08.0 eth0: Intel(R) PRO/1000 Network Connection
[    1.763338] e1000 0000:00:09.0 eth1: (PCI:33MHz:32-bit) 08:00:27:01:98:77
[    1.763341] e1000 0000:00:09.0 eth1: Intel(R) PRO/1000 Network Connection
[    1.764516] e1000 0000:00:09.0 enp0s9: renamed from eth1
[    1.766277] e1000 0000:00:08.0 enp0s8: renamed from eth0
[    1.912339] EXT4-fs (sda2): mounted filesystem with ordered data mode. Opts: (null)
[    1.994165] systemd[1]: Inserted module 'autofs4'
[    2.004338] systemd[1]: systemd 245.4-4ubuntu3 running in system mode. (+PAM +AUDIT +SELINUX +IMA +APPARMOR +SMACK +SYSVINIT +UTMP +LIBCRYPTSETUP +GCRYPT +GNUTLS +ACL +XZ +LZ4 +SECCOMP +BLKID +ELFUTILS +KMOD +IDN2 -IDN +PCRE2 default-hierarchy=hybrid)
[    2.004369] systemd[1]: Detected virtualization oracle.
[    2.004372] systemd[1]: Detected architecture x86-64.
[    2.005642] systemd[1]: Set hostname to <ztg>.
[    2.126123] systemd[1]: /lib/systemd/system/dbus.socket:5: ListenStream= references a path below legacy directory /var/run/, updating /var/run/dbus/system_bus_socket â†’ /run/dbus/system_bus_socket; please update the unit file accordingly.
[    2.176979] systemd[1]: Created slice system-modprobe.slice.
[    2.177164] systemd[1]: Created slice User and Session Slice.
[    2.177207] systemd[1]: Started Forward Password Requests to Wall Directory Watch.
[    2.177357] systemd[1]: Set up automount Arbitrary Executable File Formats File System Automount Point.
[    2.177391] systemd[1]: Reached target User and Group Name Lookups.
[    2.177399] systemd[1]: Reached target Remote File Systems.
[    2.177407] systemd[1]: Reached target Slices.
[    2.178091] systemd[1]: Listening on Syslog Socket.
[    2.178160] systemd[1]: Listening on fsck to fsckd communication Socket.
[    2.178197] systemd[1]: Listening on initctl Compatibility Named Pipe.
[    2.178334] systemd[1]: Listening on Journal Audit Socket.
[    2.178385] systemd[1]: Listening on Journal Socket (/dev/log).
[    2.178455] systemd[1]: Listening on Journal Socket.
[    2.178520] systemd[1]: Listening on udev Control Socket.
[    2.178559] systemd[1]: Listening on udev Kernel Socket.
[    2.179369] systemd[1]: Mounting Huge Pages File System...
[    2.180302] systemd[1]: Mounting POSIX Message Queue File System...
[    2.181177] systemd[1]: Mounting Kernel Debug File System...
[    2.182030] systemd[1]: Mounting Kernel Trace File System...
[    2.183985] systemd[1]: Starting Journal Service...
[    2.205909] systemd[1]: Starting Set the console keyboard layout...
[    2.213860] systemd[1]: Starting Create list of static device nodes for the current kernel...
[    2.215960] systemd[1]: Starting Load Kernel Module drm...
[    2.221459] systemd[1]: Condition check resulted in Set Up Additional Binary Formats being skipped.
[    2.224637] systemd[1]: Condition check resulted in File System Check on Root Device being skipped.
[    2.227909] systemd[1]: Starting Load Kernel Modules...
[    2.235645] systemd[1]: Starting Remount Root and Kernel File Systems...
[    2.243782] systemd[1]: Starting udev Coldplug all Devices...
[    2.254594] systemd[1]: Starting Uncomplicated firewall...
[    2.255915] systemd[1]: Mounted Huge Pages File System.
[    2.256001] systemd[1]: Mounted POSIX Message Queue File System.
[    2.256075] systemd[1]: Mounted Kernel Debug File System.
[    2.256144] systemd[1]: Mounted Kernel Trace File System.
[    2.277613] EXT4-fs (sda2): re-mounted. Opts: errors=remount-ro
[    2.294432] systemd[1]: Finished Create list of static device nodes for the current kernel.
[    2.295482] systemd[1]: modprobe@drm.service: Succeeded.
[    2.296319] systemd[1]: Finished Load Kernel Module drm.
[    2.303673] systemd[1]: Finished Remount Root and Kernel File Systems.
[    2.304537] systemd[1]: Finished Uncomplicated firewall.
[    2.320784] lp: driver loaded but no devices found
[    2.322186] systemd[1]: Condition check resulted in Rebuild Hardware Database being skipped.
[    2.322223] systemd[1]: Condition check resulted in Platform Persistent Storage Archival being skipped.
[    2.322883] systemd[1]: Starting Load/Save Random Seed...
[    2.329285] systemd[1]: Starting Create System Users...
[    2.334973] ppdev: user-space parallel port driver
[    2.345378] systemd[1]: Finished Load/Save Random Seed.
[    2.348436] systemd[1]: Finished Create System Users.
[    2.349161] systemd[1]: Starting Create Static Device Nodes in /dev...
[    2.393592] systemd[1]: Finished Create Static Device Nodes in /dev.
[    2.394502] systemd[1]: Starting udev Kernel Device Manager...
[    2.404950] systemd[1]: Finished udev Coldplug all Devices.
[    2.413090] [drm] DMA map mode: Caching DMA mappings.
[    2.413152] [drm] Capabilities:
[    2.413152] [drm]   Rect copy.
[    2.413152] [drm]   Cursor.
[    2.413153] [drm]   Cursor bypass.
[    2.413153] [drm]   Cursor bypass 2.
[    2.413153] [drm]   Alpha cursor.
[    2.413154] [drm]   Extended Fifo.
[    2.413154] [drm]   Pitchlock.
[    2.413154] [drm]   Irq mask.
[    2.413155] [drm]   GMR.
[    2.413155] [drm]   Traces.
[    2.413155] [drm]   GMR2.
[    2.413156] [drm]   Screen Object 2.
[    2.413156] [drm]   Command Buffers.
[    2.413157] [drm]   Command Buffers 2.
[    2.413157] [drm]   Guest Backed Resources.
[    2.413158] [drm] Max GMR ids is 8192
[    2.413158] [drm] Max number of GMR pages is 1048576
[    2.413159] [drm] Max dedicated hypervisor surface memory is 393216 kiB
[    2.413159] [drm] Maximum display memory size is 131072 kiB
[    2.413160] [drm] VRAM at 0xe0000000 size is 131072 kiB
[    2.413161] [drm] MMIO at 0xf0000000 size is 2048 kiB
[    2.432120] [TTM] Zone  kernel: Available graphics memory: 1011738 KiB
[    2.432120] [TTM] Initializing pool allocator
[    2.432124] [TTM] Initializing DMA pool allocator
[    2.432157] [drm] Supports vblank timestamp caching Rev 2 (21.10.2013).
[    2.432158] [drm] No driver support for vblank timestamp query.
[    2.432415] [drm] Screen Target Display device initialized
[    2.432629] [drm] width 720
[    2.432639] [drm] height 400
[    2.432642] [drm] bpp 32
[    2.433152] [drm] Fifo max 0x00200000 min 0x00001000 cap 0x00000355
[    2.434293] [drm] Using command buffers with DMA pool.
[    2.434297] [drm] DX: no.
[    2.434297] [drm] Atomic: yes.
[    2.434298] [drm] SM4_1: no.
[    2.434318] [drm:vmw_host_log [vmwgfx]] *ERROR* Failed to send host log message.
[    2.435977] [drm:vmw_host_log [vmwgfx]] *ERROR* Failed to send host log message.
[    2.441291] fbcon: svgadrmfb (fb0) is primary device
[    2.448724] Console: switching to colour frame buffer device 100x37
[    2.454118] [drm] Initialized vmwgfx 2.15.0 20180704 for 0000:00:02.0 on minor 0
[    2.456087] systemd[1]: Finished Load Kernel Modules.
[    2.456999] systemd[1]: Mounting FUSE Control File System...
[    2.458108] systemd[1]: Mounting Kernel Configuration File System...
[    2.466629] systemd[1]: Starting Apply Kernel Variables...
[    2.481033] systemd[1]: Mounted FUSE Control File System.
[    2.481100] systemd[1]: Condition check resulted in VMware vmblock fuse mount being skipped.
[    2.485811] systemd[1]: Mounted Kernel Configuration File System.
[    2.500009] systemd[1]: Finished Set the console keyboard layout.
[    2.500109] systemd[1]: Reached target Local File Systems (Pre).
[    2.502177] systemd[1]: Mounting Mount unit for bare, revision 5...
[    2.505214] systemd[1]: Mounting Mount unit for core18, revision 1705...
[    2.527418] systemd[1]: Mounting Mount unit for gnome-3-34-1804, revision 24...
[    2.539613] systemd[1]: Mounting Mount unit for gtk-common-themes, revision 1506...
[    2.542470] systemd[1]: Mounting Mount unit for gtk-common-themes, revision 1535...
[    2.550633] systemd[1]: Mounting Mount unit for snap-store, revision 433...
[    2.554778] systemd[1]: Mounting Mount unit for snapd, revision 7264...
[    2.569605] systemd[1]: Finished Apply Kernel Variables.
[    2.570997] systemd[1]: Mounted Mount unit for bare, revision 5.
[    2.581125] systemd[1]: Mounted Mount unit for gnome-3-34-1804, revision 24.
[    2.617058] systemd[1]: Mounted Mount unit for core18, revision 1705.
[    2.617193] systemd[1]: Mounted Mount unit for gtk-common-themes, revision 1506.
[    2.617898] systemd[1]: Started udev Kernel Device Manager.
[    2.619570] systemd[1]: Starting Show Plymouth Boot Screen...
[    2.623580] systemd[1]: Received SIGRTMIN+20 from PID 274 (plymouthd).
[    2.629230] systemd[1]: Mounted Mount unit for gtk-common-themes, revision 1535.
[    2.647228] systemd[1]: Started Show Plymouth Boot Screen.
[    2.647390] systemd[1]: Condition check resulted in Dispatch Password Requests to Console Directory Watch being skipped.
[    2.647479] systemd[1]: Started Forward Password Requests to Plymouth Directory Watch.
[    2.647513] systemd[1]: Reached target Local Encrypted Volumes.
[    2.666508] systemd[1]: Mounted Mount unit for snap-store, revision 433.
[    2.666737] systemd[1]: Mounted Mount unit for snapd, revision 7264.
[    2.668336] systemd[1]: Reached target Local File Systems.
[    2.669183] systemd[1]: Starting Load AppArmor profiles...
[    2.671453] systemd[1]: Starting Set console font and keymap...
[    2.684722] systemd[1]: Starting Tell Plymouth To Write Out Runtime Data...
[    2.684852] systemd[1]: Condition check resulted in Store a System Token in an EFI Variable being skipped.
[    2.684892] systemd[1]: Condition check resulted in Commit a transient machine-id on disk being skipped.
[    2.688820] systemd[1]: Finished Set console font and keymap.
[    2.696282] systemd[1]: Received SIGRTMIN+20 from PID 274 (plymouthd).
[    2.697480] systemd[1]: plymouth-read-write.service: Succeeded.
[    2.697722] systemd[1]: Finished Tell Plymouth To Write Out Runtime Data.
[    2.734073] audit: type=1400 audit(1768590299.584:2): apparmor="STATUS" operation="profile_load" profile="unconfined" name="nvidia_modprobe" pid=299 comm="apparmor_parser"
[    2.734076] audit: type=1400 audit(1768590299.584:3): apparmor="STATUS" operation="profile_load" profile="unconfined" name="nvidia_modprobe//kmod" pid=299 comm="apparmor_parser"
[    2.739649] audit: type=1400 audit(1768590299.588:4): apparmor="STATUS" operation="profile_load" profile="unconfined" name="/usr/sbin/tcpdump" pid=300 comm="apparmor_parser"
[    2.767474] audit: type=1400 audit(1768590299.612:5): apparmor="STATUS" operation="profile_load" profile="unconfined" name="/usr/bin/evince" pid=302 comm="apparmor_parser"
[    2.767477] audit: type=1400 audit(1768590299.612:6): apparmor="STATUS" operation="profile_load" profile="unconfined" name="/usr/bin/evince//sanitized_helper" pid=302 comm="apparmor_parser"
[    2.767478] audit: type=1400 audit(1768590299.612:7): apparmor="STATUS" operation="profile_load" profile="unconfined" name="/usr/bin/evince-previewer" pid=302 comm="apparmor_parser"
[    2.767480] audit: type=1400 audit(1768590299.612:8): apparmor="STATUS" operation="profile_load" profile="unconfined" name="/usr/bin/evince-previewer//sanitized_helper" pid=302 comm="apparmor_parser"
[    2.767482] audit: type=1400 audit(1768590299.612:9): apparmor="STATUS" operation="profile_load" profile="unconfined" name="/usr/bin/evince-thumbnailer" pid=302 comm="apparmor_parser"
[    2.805985] audit: type=1400 audit(1768590299.652:10): apparmor="STATUS" operation="profile_load" profile="unconfined" name="/usr/lib/cups/backend/cups-pdf" pid=303 comm="apparmor_parser"
[    2.887900] systemd[1]: Finished Load AppArmor profiles.
[    2.889056] systemd[1]: Starting Load AppArmor profiles managed internally by snapd...
[    2.956466] systemd[1]: Finished Load AppArmor profiles managed internally by snapd.
[    3.170227] systemd[1]: Started Journal Service.
[    3.178739] systemd-journald[229]: Received client request to flush runtime journal.
[    3.183980] systemd-journald[229]: File /var/log/journal/c455b248004a419c87ce85eea238d727/system.journal corrupted or uncleanly shut down, renaming and replacing.
[    4.516460] RAPL PMU: API unit is 2^-32 Joules, 0 fixed counters, 10737418240 ms ovfl timer
[    4.603890] cryptd: max_cpu_qlen set to 1000
[    4.646334] AVX2 version of gcm_enc/dec engaged.
[    4.646335] AES CTR mode by8 optimization enabled
[    5.410930] Adding 1998844k swap on /dev/sda1.  Priority:-2 extents:1 across:1998844k FS
[    7.427910] kauditd_printk_skb: 30 callbacks suppressed
[    7.427913] audit: type=1400 audit(1768590304.276:41): apparmor="DENIED" operation="capable" profile="/usr/sbin/cups-browsed" pid=497 comm="cups-browsed" capability=23  capname="sys_nice"
[    7.920049] pcnet32 0000:00:03.0 enp0s3: link up, 100Mbps, full-duplex
[    7.957398] e1000: enp0s8 NIC Link is Up 1000 Mbps Full Duplex, Flow Control: RX
[    7.957679] IPv6: ADDRCONF(NETDEV_CHANGE): enp0s8: link becomes ready
[    7.971932] e1000: enp0s9 NIC Link is Up 1000 Mbps Full Duplex, Flow Control: RX
[    7.972230] IPv6: ADDRCONF(NETDEV_CHANGE): enp0s9: link becomes ready
[    8.550966] device enp0s3 entered promiscuous mode
[    8.605456] audit: type=1400 audit(1768590305.444:42): apparmor="DENIED" operation="open" profile="/usr/sbin/tcpdump" name="/proc/sys/kernel/random/boot_id" pid=670 comm="tcpdump" requested_mask="r" denied_mask="r" fsuid=0 ouid=0
[    8.607619] audit: type=1400 audit(1768590305.444:43): apparmor="DENIED" operation="open" profile="/usr/sbin/tcpdump" name="/proc/sys/kernel/random/boot_id" pid=670 comm="tcpdump" requested_mask="r" denied_mask="r" fsuid=0 ouid=0
[    8.607858] audit: type=1400 audit(1768590305.444:44): apparmor="DENIED" operation="open" profile="/usr/sbin/tcpdump" name="/proc/sys/kernel/random/boot_id" pid=670 comm="tcpdump" requested_mask="r" denied_mask="r" fsuid=0 ouid=0
[    8.608181] audit: type=1400 audit(1768590305.444:45): apparmor="DENIED" operation="open" profile="/usr/sbin/tcpdump" name="/proc/sys/kernel/random/boot_id" pid=670 comm="tcpdump" requested_mask="r" denied_mask="r" fsuid=0 ouid=0
[    8.622236] audit: type=1400 audit(1768590305.472:46): apparmor="DENIED" operation="open" profile="/usr/sbin/tcpdump" name="/proc/sys/kernel/random/boot_id" pid=671 comm="tcpdump" requested_mask="r" denied_mask="r" fsuid=0 ouid=0
[    8.622615] audit: type=1400 audit(1768590305.472:47): apparmor="DENIED" operation="open" profile="/usr/sbin/tcpdump" name="/proc/sys/kernel/random/boot_id" pid=671 comm="tcpdump" requested_mask="r" denied_mask="r" fsuid=0 ouid=0
[    8.622662] audit: type=1400 audit(1768590305.472:48): apparmor="DENIED" operation="open" profile="/usr/sbin/tcpdump" name="/proc/sys/kernel/random/boot_id" pid=671 comm="tcpdump" requested_mask="r" denied_mask="r" fsuid=0 ouid=0
[    8.622684] audit: type=1400 audit(1768590305.472:49): apparmor="DENIED" operation="open" profile="/usr/sbin/tcpdump" name="/proc/sys/kernel/random/boot_id" pid=671 comm="tcpdump" requested_mask="r" denied_mask="r" fsuid=0 ouid=0
[   13.455442] rfkill: input handler disabled
[  192.475717] AAAAA-TCP_FORW: name:enp0s3: saddr:100932208: daddr:16783984
[  193.163102] AAAAA-TCP_FORW: name:enp0s3: saddr:100932208: daddr:16783984
[  193.643600] AAAAA-TCP_FORW: name:enp0s3: saddr:100932208: daddr:16783984
[  193.675961] AAAAA-TCP_FORW: name:enp0s3: saddr:100932208: daddr:16783984
[  193.734552] AAAAA-TCP_FORW: name:enp0s3: saddr:100932208: daddr:16783984
[  194.025551] AAAAA-TCP_FORW: name:enp0s3: saddr:100932208: daddr:33561200
[  194.212017] AAAAA-TCP_FORW: name:enp0s3: saddr:100932208: daddr:16783984
[  194.286348] AAAAA-TCP_FORW: name:enp0s3: saddr:100932208: daddr:16783984
[  194.442876] AAAAA-TCP_FORW: name:enp0s3: saddr:100932208: daddr:33561200
[  194.644806] AAAAA-TCP_FORW: name:enp0s3: saddr:100932208: daddr:16783984
[  194.962840] AAAAA-TCP_FORW: name:enp0s3: saddr:16783984: daddr:100932208
[  195.019528] AAAAA-TCP_FORW: name:enp0s3: saddr:33561200: daddr:100932208
[  195.072536] AAAAA-TCP_FORW: name:enp0s3: saddr:100932208: daddr:33561200
[  195.128531] AAAAA-TCP_FORW: name:enp0s3: saddr:100932208: daddr:16783984
[  195.285769] AAAAA-TCP_FORW: name:enp0s3: saddr:16783984: daddr:100932208
[  195.341842] AAAAA-TCP_FORW: name:enp0s3: saddr:100932208: daddr:16783984
[  195.398783] AAAAA-TCP_FORW: name:enp0s3: saddr:100932208: daddr:16783984
[  195.452847] AAAAA-TCP_FORW: name:enp0s3: saddr:16783984: daddr:100932208
[  195.576294] AAAAA-TCP_FORW: name:enp0s3: saddr:16783984: daddr:100932208
[  195.592220] AAAAA-TCP_FORW: name:enp0s3: saddr:100932208: daddr:33561200
[  195.663142] AAAAA-TCP_FORW: name:enp0s3: saddr:33561200: daddr:100932208
[  195.713622] AAAAA-TCP_FORW: name:enp0s3: saddr:100932208: daddr:33561200
[  195.804582] AAAAA-TCP_FORW: name:enp0s3: saddr:33561200: daddr:100932208
[  195.840481] AAAAA-TCP_FORW: name:enp0s3: saddr:100932208: daddr:33561200
[  195.943352] AAAAA-TCP_FORW: name:enp0s3: saddr:33561200: daddr:100932208
[  195.962673] AAAAA-TCP_FORW: name:enp0s3: saddr:100932208: daddr:33561200
[  196.037528] AAAAA-TCP_FORW: name:enp0s3: saddr:33561200: daddr:100932208
[  196.047541] AAAAA-TCP_FORW: name:enp0s3: saddr:100932208: daddr:16783984
[  196.069552] AAAAA-TCP_FORW: name:enp0s3: saddr:100932208: daddr:16783984
[  196.094272] AAAAA-TCP_FORW: name:enp0s3: saddr:100932208: daddr:16783984
[  196.131074] AAAAA-TCP_FORW: name:enp0s3: saddr:100932208: daddr:16783984
[  196.164695] AAAAA-TCP_FORW: name:enp0s3: saddr:100932208: daddr:16783984
[  196.227026] AAAAA-TCP_FORW: name:enp0s3: saddr:100932208: daddr:16783984
[  196.277718] AAAAA-TCP_FORW: name:enp0s3: saddr:100932208: daddr:16783984
[  196.326874] AAAAA-TCP_FORW: name:enp0s3: saddr:100932208: daddr:16783984
[  196.337519] AAAAA-TCP_FORW: name:enp0s3: saddr:16783984: daddr:100932208
[  196.370817] AAAAA-TCP_FORW: name:enp0s3: saddr:100932208: daddr:16783984
[  196.442147] AAAAA-TCP_FORW: name:enp0s3: saddr:100932208: daddr:16783984
[  196.469040] AAAAA-TCP_FORW: name:enp0s3: saddr:16783984: daddr:100932208
[  196.485600] AAAAA-TCP_FORW: name:enp0s3: saddr:100932208: daddr:33561200
[  196.506939] AAAAA-TCP_FORW: name:enp0s3: saddr:100932208: daddr:33561200
[  196.552110] AAAAA-TCP_FORW: name:enp0s3: saddr:100932208: daddr:33561200
[  196.594671] AAAAA-TCP_FORW: name:enp0s3: saddr:100932208: daddr:33561200
[  196.635539] AAAAA-TCP_FORW: name:enp0s3: saddr:100932208: daddr:33561200
[  196.645851] AAAAA-TCP_FORW: name:enp0s3: saddr:16783984: daddr:100932208
[  196.702221] AAAAA-TCP_FORW: name:enp0s3: saddr:100932208: daddr:33561200
[  196.767193] AAAAA-TCP_FORW: name:enp0s3: saddr:100932208: daddr:33561200
[  196.788908] AAAAA-TCP_FORW: name:enp0s3: saddr:16783984: daddr:100932208
[  196.809016] AAAAA-TCP_FORW: name:enp0s3: saddr:100932208: daddr:33561200
[  196.840654] AAAAA-TCP_FORW: name:enp0s3: saddr:100932208: daddr:33561200
[  196.850764] AAAAA-TCP_FORW: name:enp0s3: saddr:16783984: daddr:100932208
[  196.875838] AAAAA-TCP_FORW: name:enp0s3: saddr:100932208: daddr:33561200
[  196.920351] AAAAA-TCP_FORW: name:enp0s3: saddr:100932208: daddr:16783984
[  196.962735] AAAAA-TCP_FORW: name:enp0s3: saddr:16783984: daddr:100932208
[  196.970384] AAAAA-TCP_FORW: name:enp0s3: saddr:100932208: daddr:33561200
[  197.068922] AAAAA-TCP_FORW: name:enp0s3: saddr:16783984: daddr:100932208
[  197.080750] AAAAA-TCP_FORW: name:enp0s3: saddr:100932208: daddr:16783984
[  197.096969] AAAAA-TCP_FORW: name:enp0s3: saddr:100932208: daddr:16783984
[  197.185525] AAAAA-TCP_FORW: name:enp0s3: saddr:16783984: daddr:100932208
[  197.187868] AAAAA-TCP_FORW: name:enp0s3: saddr:100932208: daddr:16783984
[  197.236880] AAAAA-TCP_FORW: name:enp0s3: saddr:100932208: daddr:16783984
[  197.298032] AAAAA-TCP_FORW: name:enp0s3: saddr:16783984: daddr:100932208
[  197.388526] AAAAA-TCP_FORW: name:enp0s3: saddr:100932208: daddr:16783984
[  197.472448] AAAAA-TCP_FORW: name:enp0s3: saddr:100932208: daddr:33561200
[  197.493604] AAAAA-TCP_FORW: name:enp0s3: saddr:16783984: daddr:100932208
[  197.587965] AAAAA-TCP_FORW: name:enp0s3: saddr:100932208: daddr:16783984
[  197.628588] AAAAA-TCP_FORW: name:enp0s3: saddr:33561200: daddr:100932208
[  197.735737] AAAAA-TCP_FORW: name:enp0s3: saddr:33561200: daddr:100932208
[  197.833219] AAAAA-TCP_FORW: name:enp0s3: saddr:100932208: daddr:16783984
[  197.929093] AAAAA-TCP_FORW: name:enp0s3: saddr:33561200: daddr:100932208
[  197.952725] AAAAA-TCP_FORW: name:enp0s3: saddr:100932208: daddr:16783984
[  197.985980] AAAAA-TCP_FORW: name:enp0s3: saddr:100932208: daddr:16783984
[  198.005714] AAAAA-TCP_FORW: name:enp0s3: saddr:33561200: daddr:100932208
[  198.030679] AAAAA-TCP_FORW: name:enp0s3: saddr:100932208: daddr:16783984
[  198.151164] AAAAA-TCP_FORW: name:enp0s3: saddr:100932208: daddr:16783984
[  198.212388] AAAAA-TCP_FORW: name:enp0s3: saddr:100932208: daddr:16783984
[  198.242295] AAAAA-TCP_FORW: name:enp0s3: saddr:33561200: daddr:100932208
[  198.269216] AAAAA-TCP_FORW: name:enp0s3: saddr:100932208: daddr:16783984
[  198.312852] AAAAA-TCP_FORW: name:enp0s3: saddr:100932208: daddr:16783984
[  198.372564] AAAAA-TCP_FORW: name:enp0s3: saddr:33561200: daddr:100932208
[  198.383746] AAAAA-TCP_FORW: name:enp0s3: saddr:100932208: daddr:16783984
[  198.445394] AAAAA-TCP_FORW: name:enp0s3: saddr:33561200: daddr:100932208
[  198.460174] AAAAA-TCP_FORW: name:enp0s3: saddr:100932208: daddr:16783984
[  198.495812] AAAAA-TCP_FORW: name:enp0s3: saddr:100932208: daddr:16783984
[  198.542407] AAAAA-TCP_FORW: name:enp0s3: saddr:100932208: daddr:16783984
[  198.667140] AAAAA-TCP_FORW: name:enp0s3: saddr:33561200: daddr:100932208
[  198.691369] AAAAA-TCP_FORW: name:enp0s3: saddr:33561200: daddr:100932208
[  198.709293] AAAAA-TCP_FORW: name:enp0s3: saddr:100932208: daddr:16783984
[  198.747842] AAAAA-TCP_FORW: name:enp0s3: saddr:100932208: daddr:16783984
[  198.786417] AAAAA-TCP_FORW: name:enp0s3: saddr:33561200: daddr:100932208
[  198.837766] AAAAA-TCP_FORW: name:enp0s3: saddr:16783984: daddr:100932208
[  198.873044] AAAAA-TCP_FORW: name:enp0s3: saddr:100932208: daddr:33561200
[  198.904166] AAAAA-TCP_FORW: name:enp0s3: saddr:100932208: daddr:33561200
[  198.940436] AAAAA-TCP_FORW: name:enp0s3: saddr:33561200: daddr:100932208
[  198.953638] AAAAA-TCP_FORW: name:enp0s3: saddr:100932208: daddr:33561200
[  198.972153] AAAAA-TCP_FORW: name:enp0s3: saddr:16783984: daddr:100932208
[  199.001044] AAAAA-TCP_FORW: name:enp0s3: saddr:100932208: daddr:33561200
[  199.080766] AAAAA-TCP_FORW: name:enp0s3: saddr:100932208: daddr:33561200
[  199.129997] AAAAA-TCP_FORW: name:enp0s3: saddr:100932208: daddr:33561200
[  199.159605] AAAAA-TCP_FORW: name:enp0s3: saddr:16783984: daddr:100932208
[  199.192426] AAAAA-TCP_FORW: name:enp0s3: saddr:100932208: daddr:33561200
[  199.241540] AAAAA-TCP_FORW: name:enp0s3: saddr:100932208: daddr:33561200
[  199.352513] AAAAA-TCP_FORW: name:enp0s3: saddr:16783984: daddr:100932208
[  199.376791] AAAAA-TCP_FORW: name:enp0s3: saddr:100932208: daddr:33561200
[  199.412124] AAAAA-TCP_FORW: name:enp0s3: saddr:100932208: daddr:33561200
[  199.473729] AAAAA-TCP_FORW: name:enp0s3: saddr:16783984: daddr:100932208
[  199.565872] AAAAA-TCP_FORW: name:enp0s3: saddr:16783984: daddr:100932208
[  199.582454] AAAAA-TCP_FORW: name:enp0s3: saddr:100932208: daddr:33561200
[  199.603729] AAAAA-TCP_FORW: name:enp0s3: saddr:100932208: daddr:33561200
[  199.613714] AAAAA-TCP_FORW: name:enp0s3: saddr:33561200: daddr:100932208
[  199.704696] AAAAA-TCP_FORW: name:enp0s3: saddr:100932208: daddr:33561200
[  199.794238] AAAAA-TCP_FORW: name:enp0s3: saddr:100932208: daddr:33561200
[  199.974796] AAAAA-TCP_FORW: name:enp0s3: saddr:100932208: daddr:33561200
[  199.982091] AAAAA-TCP_FORW: name:enp0s3: saddr:16783984: daddr:100932208
[  200.032103] AAAAA-TCP_FORW: name:enp0s3: saddr:100932208: daddr:33561200
[  200.150651] AAAAA-TCP_FORW: name:enp0s3: saddr:100932208: daddr:33561200
[  200.214075] AAAAA-TCP_FORW: name:enp0s3: saddr:100932208: daddr:33561200
[  200.257375] AAAAA-TCP_FORW: name:enp0s3: saddr:16783984: daddr:100932208
[  200.298453] AAAAA-TCP_FORW: name:enp0s3: saddr:100932208: daddr:33561200
[  200.340256] AAAAA-TCP_FORW: name:enp0s3: saddr:100932208: daddr:33561200
[  200.358439] AAAAA-TCP_FORW: name:enp0s3: saddr:16783984: daddr:100932208
[  200.405554] AAAAA-TCP_FORW: name:enp0s3: saddr:16783984: daddr:100932208
[  200.491147] AAAAA-TCP_FORW: name:enp0s3: saddr:16783984: daddr:100932208
[  200.612635] AAAAA-TCP_FORW: name:enp0s3: saddr:16783984: daddr:100932208
[  200.634493] AAAAA-TCP_FORW: name:enp0s3: saddr:100932208: daddr:16783984
[  200.650294] AAAAA-TCP_FORW: name:enp0s3: saddr:16783984: daddr:100932208
[  200.678236] AAAAA-TCP_FORW: name:enp0s3: saddr:100932208: daddr:16783984
[  200.749078] AAAAA-TCP_FORW: name:enp0s3: saddr:16783984: daddr:100932208
[  200.783936] AAAAA-TCP_FORW: name:enp0s3: saddr:16783984: daddr:100932208
[  200.853321] AAAAA-TCP_FORW: name:enp0s3: saddr:100932208: daddr:16783984
[  200.903036] AAAAA-TCP_FORW: name:enp0s3: saddr:100932208: daddr:16783984
[  200.914131] AAAAA-TCP_FORW: name:enp0s3: saddr:16783984: daddr:100932208
[  200.966472] AAAAA-TCP_FORW: name:enp0s3: saddr:16783984: daddr:100932208
[  200.980023] AAAAA-TCP_FORW: name:enp0s3: saddr:100932208: daddr:16783984
[  201.015652] AAAAA-TCP_FORW: name:enp0s3: saddr:100932208: daddr:16783984
[  201.098727] AAAAA-TCP_FORW: name:enp0s3: saddr:16783984: daddr:100932208
[  201.150712] AAAAA-TCP_FORW: name:enp0s3: saddr:100932208: daddr:16783984
[  201.197228] AAAAA-TCP_FORW: name:enp0s3: saddr:100932208: daddr:16783984
[  201.229848] AAAAA-TCP_FORW: name:enp0s3: saddr:16783984: daddr:100932208
[  201.293924] AAAAA-TCP_FORW: name:enp0s3: saddr:100932208: daddr:16783984
[  201.548010] AAAAA-TCP_FORW: name:enp0s3: saddr:100932208: daddr:16783984
[  201.575383] AAAAA-TCP_FORW: name:enp0s3: saddr:33561200: daddr:100932208
[  201.600268] AAAAA-TCP_FORW: name:enp0s3: saddr:33561200: daddr:100932208
[  201.669850] AAAAA-TCP_FORW: name:enp0s3: saddr:33561200: daddr:100932208
[  201.719352] AAAAA-TCP_FORW: name:enp0s3: saddr:33561200: daddr:100932208
[  201.742964] AAAAA-TCP_FORW: name:enp0s3: saddr:100932208: daddr:16783984
[  201.763198] AAAAA-TCP_FORW: name:enp0s3: saddr:33561200: daddr:100932208
[  201.792827] AAAAA-TCP_FORW: name:enp0s3: saddr:33561200: daddr:100932208
[  201.997733] AAAAA-TCP_FORW: name:enp0s3: saddr:100932208: daddr:16783984
[  202.041569] AAAAA-TCP_FORW: name:enp0s3: saddr:33561200: daddr:100932208
[  202.066799] AAAAA-TCP_FORW: name:enp0s3: saddr:100932208: daddr:16783984
[  202.076040] AAAAA-TCP_FORW: name:enp0s3: saddr:33561200: daddr:100932208
[  202.134848] AAAAA-TCP_FORW: name:enp0s3: saddr:100932208: daddr:16783984
[  202.158141] AAAAA-TCP_FORW: name:enp0s3: saddr:33561200: daddr:100932208
[  202.178848] AAAAA-TCP_FORW: name:enp0s3: saddr:100932208: daddr:16783984
[  202.444918] AAAAA-TCP_FORW: name:enp0s3: saddr:33561200: daddr:100932208
[  202.800023] AAAAA-TCP_FORW: name:enp0s3: saddr:33561200: daddr:100932208
[  202.846880] AAAAA-TCP_FORW: name:enp0s3: saddr:33561200: daddr:100932208
[  202.882232] AAAAA-TCP_FORW: name:enp0s3: saddr:33561200: daddr:100932208
[  203.021636] AAAAA-TCP_FORW: name:enp0s3: saddr:33561200: daddr:100932208
[  203.111736] AAAAA-TCP_FORW: name:enp0s3: saddr:33561200: daddr:100932208
[  203.289575] AAAAA-TCP_FORW: name:enp0s3: saddr:33561200: daddr:100932208
[  203.344362] AAAAA-TCP_FORW: name:enp0s3: saddr:33561200: daddr:100932208
[  203.475986] AAAAA-TCP_FORW: name:enp0s3: saddr:33561200: daddr:100932208
[  203.714541] AAAAA-TCP_FORW: name:enp0s3: saddr:16783984: daddr:100932208
[  203.880888] AAAAA-TCP_FORW: name:enp0s3: saddr:16783984: daddr:100932208
[  203.929943] AAAAA-TCP_FORW: name:enp0s3: saddr:16783984: daddr:100932208
[  203.959344] AAAAA-TCP_FORW: name:enp0s3: saddr:16783984: daddr:100932208
[  204.039467] AAAAA-TCP_FORW: name:enp0s3: saddr:16783984: daddr:100932208
[  204.139205] AAAAA-TCP_FORW: name:enp0s3: saddr:16783984: daddr:100932208
[  204.200683] AAAAA-TCP_FORW: name:enp0s3: saddr:16783984: daddr:100932208
[  204.227075] AAAAA-TCP_FORW: name:enp0s3: saddr:16783984: daddr:100932208
[  204.321133] AAAAA-TCP_FORW: name:enp0s3: saddr:16783984: daddr:100932208
[  204.385488] AAAAA-TCP_FORW: name:enp0s3: saddr:16783984: daddr:100932208
[  204.404412] AAAAA-TCP_FORW: name:enp0s3: saddr:16783984: daddr:100932208
[  204.433777] AAAAA-TCP_FORW: name:enp0s3: saddr:16783984: daddr:100932208
[  204.463118] AAAAA-TCP_FORW: name:enp0s3: saddr:16783984: daddr:100932208
[  204.512639] AAAAA-TCP_FORW: name:enp0s3: saddr:16783984: daddr:100932208
[  204.545479] AAAAA-TCP_FORW: name:enp0s3: saddr:16783984: daddr:100932208
[  219.722351] AAAAA-TCP_FORW: name:enp0s3: saddr:100932208: daddr:16783984
[  219.807984] AAAAA-TCP_FORW: name:enp0s3: saddr:100932208: daddr:16783984
[  219.915297] AAAAA-TCP_FORW: name:enp0s3: saddr:100932208: daddr:16783984
[  219.986794] AAAAA-TCP_FORW: name:enp0s3: saddr:100932208: daddr:16783984
[  220.090425] AAAAA-TCP_FORW: name:enp0s3: saddr:100932208: daddr:16783984
[  220.201830] AAAAA-TCP_FORW: name:enp0s3: saddr:100932208: daddr:16783984
[  220.255447] AAAAA-TCP_FORW: name:enp0s3: saddr:100932208: daddr:16783984
[  220.303485] AAAAA-TCP_FORW: name:enp0s3: saddr:100932208: daddr:16783984
[  220.325730] AAAAA-TCP_FORW: name:enp0s3: saddr:100932208: daddr:16783984
[  220.419068] AAAAA-TCP_FORW: name:enp0s3: saddr:100932208: daddr:16783984
[  220.484326] AAAAA-TCP_FORW: name:enp0s3: saddr:100932208: daddr:16783984
[  220.523175] AAAAA-TCP_FORW: name:enp0s3: saddr:100932208: daddr:16783984
[  220.641318] AAAAA-TCP_FORW: name:enp0s3: saddr:100932208: daddr:16783984
[  220.706222] AAAAA-TCP_FORW: name:enp0s3: saddr:100932208: daddr:16783984
[  220.753054] AAAAA-TCP_FORW: name:enp0s3: saddr:100932208: daddr:16783984
[  220.850401] AAAAA-TCP_FORW: name:enp0s3: saddr:100932208: daddr:16783984
[  221.015679] AAAAA-TCP_FORW: name:enp0s3: saddr:100932208: daddr:16783984
[  221.092866] AAAAA-TCP_FORW: name:enp0s3: saddr:100932208: daddr:16783984
[  221.195373] AAAAA-TCP_FORW: name:enp0s3: saddr:100932208: daddr:16783984
[  221.302459] AAAAA-TCP_FORW: name:enp0s3: saddr:100932208: daddr:16783984
[  221.305861] AAAAA-TCP_FORW: name:enp0s3: saddr:100932208: daddr:16783984
[  222.461466] AAAAA-TCP_FORW: name:enp0s3: saddr:100932208: daddr:16783984
[  222.568829] AAAAA-TCP_FORW: name:enp0s3: saddr:100932208: daddr:16783984
[  222.775228] AAAAA-TCP_FORW: name:enp0s3: saddr:100932208: daddr:16783984
[  222.915052] AAAAA-TCP_FORW: name:enp0s3: saddr:100932208: daddr:16783984
[  223.001219] AAAAA-TCP_FORW: name:enp0s3: saddr:100932208: daddr:16783984
[  223.048764] AAAAA-TCP_FORW: name:enp0s3: saddr:100932208: daddr:16783984
[  223.159356] AAAAA-TCP_FORW: name:enp0s3: saddr:100932208: daddr:16783984
[  223.187082] AAAAA-TCP_FORW: name:enp0s3: saddr:100932208: daddr:16783984
[  223.281183] AAAAA-TCP_FORW: name:enp0s3: saddr:100932208: daddr:16783984
[  223.358037] AAAAA-TCP_FORW: name:enp0s3: saddr:100932208: daddr:16783984
[  223.430077] AAAAA-TCP_FORW: name:enp0s3: saddr:100932208: daddr:16783984
[  223.502950] AAAAA-TCP_FORW: name:enp0s3: saddr:100932208: daddr:16783984
[  223.543266] AAAAA-TCP_FORW: name:enp0s3: saddr:100932208: daddr:16783984
[  223.679529] AAAAA-TCP_FORW: name:enp0s3: saddr:100932208: daddr:16783984
[  223.826498] AAAAA-TCP_FORW: name:enp0s3: saddr:100932208: daddr:16783984
[  223.870214] AAAAA-TCP_FORW: name:enp0s3: saddr:100932208: daddr:16783984
[  223.940084] AAAAA-TCP_FORW: name:enp0s3: saddr:100932208: daddr:16783984
[  224.110531] AAAAA-TCP_FORW: name:enp0s3: saddr:100932208: daddr:16783984
[  224.270977] AAAAA-TCP_FORW: name:enp0s3: saddr:100932208: daddr:16783984
[  224.343467] AAAAA-TCP_FORW: name:enp0s3: saddr:100932208: daddr:16783984
[  224.415264] AAAAA-TCP_FORW: name:enp0s3: saddr:100932208: daddr:16783984
[  224.417130] AAAAA-TCP_FORW: name:enp0s3: saddr:100932208: daddr:16783984
[  224.605188] AAAAA-TCP_FORW: name:enp0s3: saddr:100932208: daddr:16783984
[  224.680430] AAAAA-TCP_FORW: name:enp0s3: saddr:100932208: daddr:16783984
[  224.691230] AAAAA-TCP_FORW: name:enp0s3: saddr:100932208: daddr:16783984
[  224.804763] AAAAA-TCP_FORW: name:enp0s3: saddr:100932208: daddr:16783984
[  225.120341] AAAAA-TCP_FORW: name:enp0s3: saddr:100932208: daddr:16783984
[  225.181809] AAAAA-TCP_FORW: name:enp0s3: saddr:100932208: daddr:16783984
[  225.186334] AAAAA-TCP_FORW: name:enp0s3: saddr:100932208: daddr:16783984
[  225.496676] AAAAA-TCP_FORW: name:enp0s3: saddr:16783984: daddr:100932208
[  225.498798] AAAAA-TCP_FORW: name:enp0s3: saddr:100932208: daddr:16783984
[  225.554094] AAAAA-TCP_FORW: name:enp0s3: saddr:100932208: daddr:16783984
[  225.618196] AAAAA-TCP_FORW: name:enp0s3: saddr:100932208: daddr:16783984
[  225.677595] AAAAA-TCP_FORW: name:enp0s3: saddr:100932208: daddr:16783984
[  225.702700] AAAAA-TCP_FORW: name:enp0s3: saddr:16783984: daddr:100932208
[  225.712091] AAAAA-TCP_FORW: name:enp0s3: saddr:100932208: daddr:16783984
[  225.758548] AAAAA-TCP_FORW: name:enp0s3: saddr:16783984: daddr:100932208
[  225.803762] AAAAA-TCP_FORW: name:enp0s3: saddr:100932208: daddr:16783984
[  225.843195] AAAAA-TCP_FORW: name:enp0s3: saddr:100932208: daddr:16783984
[  225.876456] AAAAA-TCP_FORW: name:enp0s3: saddr:100932208: daddr:16783984
[  225.887770] AAAAA-TCP_FORW: name:enp0s3: saddr:100932208: daddr:16783984
[  225.899117] AAAAA-TCP_FORW: name:enp0s3: saddr:100932208: daddr:16783984
[  225.973866] AAAAA-TCP_FORW: name:enp0s3: saddr:100932208: daddr:16783984
[  225.985104] AAAAA-TCP_FORW: name:enp0s3: saddr:16783984: daddr:100932208
[  226.040033] AAAAA-TCP_FORW: name:enp0s3: saddr:100932208: daddr:16783984
[  226.228819] AAAAA-TCP_FORW: name:enp0s3: saddr:16783984: daddr:100932208
[  226.523361] AAAAA-TCP_FORW: name:enp0s3: saddr:16783984: daddr:100932208
[  226.579834] AAAAA-TCP_FORW: name:enp0s3: saddr:16783984: daddr:100932208
[  226.761915] AAAAA-TCP_FORW: name:enp0s3: saddr:16783984: daddr:100932208
[  226.909242] AAAAA-TCP_FORW: name:enp0s3: saddr:16783984: daddr:100932208
[  226.986882] AAAAA-TCP_FORW: name:enp0s3: saddr:16783984: daddr:100932208
[  227.145257] AAAAA-TCP_FORW: name:enp0s3: saddr:100932208: daddr:16783984
[  227.192850] AAAAA-TCP_FORW: name:enp0s3: saddr:16783984: daddr:100932208
[  227.268620] AAAAA-TCP_FORW: name:enp0s3: saddr:16783984: daddr:100932208
[  227.396621] AAAAA-TCP_FORW: name:enp0s3: saddr:16783984: daddr:100932208
[  227.423361] AAAAA-TCP_FORW: name:enp0s3: saddr:100932208: daddr:33561200
[  227.544429] AAAAA-TCP_FORW: name:enp0s3: saddr:16783984: daddr:100932208
[  227.743805] AAAAA-TCP_FORW: name:enp0s3: saddr:16783984: daddr:100932208
[  227.846485] AAAAA-TCP_FORW: name:enp0s3: saddr:16783984: daddr:100932208
[  227.927650] AAAAA-TCP_FORW: name:enp0s3: saddr:16783984: daddr:100932208
[  228.069479] AAAAA-TCP_FORW: name:enp0s3: saddr:16783984: daddr:100932208
[  228.131518] AAAAA-TCP_FORW: name:enp0s3: saddr:16783984: daddr:100932208
[  228.277157] AAAAA-TCP_FORW: name:enp0s3: saddr:16783984: daddr:100932208
[  228.292633] AAAAA-TCP_FORW: name:enp0s3: saddr:100932208: daddr:16783984
[  228.389112] AAAAA-TCP_FORW: name:enp0s3: saddr:16783984: daddr:100932208
[  228.435726] AAAAA-TCP_FORW: name:enp0s3: saddr:100932208: daddr:16783984
[  228.500128] AAAAA-TCP_FORW: name:enp0s3: saddr:100932208: daddr:16783984
[  228.519902] AAAAA-TCP_FORW: name:enp0s3: saddr:16783984: daddr:100932208
[  228.722179] AAAAA-TCP_FORW: name:enp0s3: saddr:16783984: daddr:100932208
[  228.899232] AAAAA-TCP_FORW: name:enp0s3: saddr:33561200: daddr:100932208
[  229.135626] AAAAA-TCP_FORW: name:enp0s3: saddr:16783984: daddr:100932208
[  229.279424] AAAAA-TCP_FORW: name:enp0s3: saddr:16783984: daddr:100932208
[  229.375170] AAAAA-TCP_FORW: name:enp0s3: saddr:16783984: daddr:100932208
[  229.448337] AAAAA-TCP_FORW: name:enp0s3: saddr:100932208: daddr:33561200
[  229.681637] AAAAA-TCP_FORW: name:enp0s3: saddr:33561200: daddr:100932208
[  229.734825] AAAAA-TCP_FORW: name:enp0s3: saddr:100932208: daddr:33561200
[  229.773452] AAAAA-TCP_FORW: name:enp0s3: saddr:100932208: daddr:33561200
[  229.881688] AAAAA-TCP_FORW: name:enp0s3: saddr:33561200: daddr:100932208
[  229.947265] AAAAA-TCP_FORW: name:enp0s3: saddr:100932208: daddr:33561200
[  229.981703] AAAAA-TCP_FORW: name:enp0s3: saddr:100932208: daddr:33561200
[  230.023058] AAAAA-TCP_FORW: name:enp0s3: saddr:33561200: daddr:100932208
[  230.084774] AAAAA-TCP_FORW: name:enp0s3: saddr:100932208: daddr:33561200
[  230.131849] AAAAA-TCP_FORW: name:enp0s3: saddr:100932208: daddr:33561200
[  230.187324] AAAAA-TCP_FORW: name:enp0s3: saddr:33561200: daddr:100932208
[  230.222067] AAAAA-TCP_FORW: name:enp0s3: saddr:33561200: daddr:100932208
[  230.336718] AAAAA-TCP_FORW: name:enp0s3: saddr:33561200: daddr:100932208
[  230.371539] AAAAA-TCP_FORW: name:enp0s3: saddr:100932208: daddr:33561200
[  230.386993] AAAAA-TCP_FORW: name:enp0s3: saddr:33561200: daddr:100932208
[  230.424326] AAAAA-TCP_FORW: name:enp0s3: saddr:100932208: daddr:33561200
[  230.457631] AAAAA-TCP_FORW: name:enp0s3: saddr:100932208: daddr:33561200
[  230.486996] AAAAA-TCP_FORW: name:enp0s3: saddr:100932208: daddr:33561200
[  230.528365] AAAAA-TCP_FORW: name:enp0s3: saddr:100932208: daddr:33561200
[  230.588679] AAAAA-TCP_FORW: name:enp0s3: saddr:100932208: daddr:33561200
[  230.597691] AAAAA-TCP_FORW: name:enp0s3: saddr:33561200: daddr:100932208
[  230.624700] AAAAA-TCP_FORW: name:enp0s3: saddr:100932208: daddr:33561200
[  230.665659] AAAAA-TCP_FORW: name:enp0s3: saddr:33561200: daddr:100932208
[  230.681408] AAAAA-TCP_FORW: name:enp0s3: saddr:100932208: daddr:33561200
[  230.764830] AAAAA-TCP_FORW: name:enp0s3: saddr:33561200: daddr:100932208
[  230.886575] AAAAA-TCP_FORW: name:enp0s3: saddr:100932208: daddr:33561200
[  230.898493] AAAAA-TCP_FORW: name:enp0s3: saddr:33561200: daddr:100932208
[  230.938063] AAAAA-TCP_FORW: name:enp0s3: saddr:100932208: daddr:33561200
[  230.970178] AAAAA-TCP_FORW: name:enp0s3: saddr:33561200: daddr:100932208
[  230.992093] AAAAA-TCP_FORW: name:enp0s3: saddr:100932208: daddr:33561200
[  231.054896] AAAAA-TCP_FORW: name:enp0s3: saddr:100932208: daddr:33561200
[  231.079282] AAAAA-TCP_FORW: name:enp0s3: saddr:33561200: daddr:100932208
[  231.105608] AAAAA-TCP_FORW: name:enp0s3: saddr:33561200: daddr:100932208
[  231.115137] AAAAA-TCP_FORW: name:enp0s3: saddr:100932208: daddr:33561200
[  231.246649] AAAAA-TCP_FORW: name:enp0s3: saddr:33561200: daddr:100932208
[  231.357537] AAAAA-TCP_FORW: name:enp0s3: saddr:33561200: daddr:100932208
[  231.383885] AAAAA-TCP_FORW: name:enp0s3: saddr:33561200: daddr:100932208
[  231.498909] AAAAA-TCP_FORW: name:enp0s3: saddr:33561200: daddr:100932208
[  231.578002] AAAAA-TCP_FORW: name:enp0s3: saddr:33561200: daddr:100932208
[  231.642348] AAAAA-TCP_FORW: name:enp0s3: saddr:33561200: daddr:100932208
[  249.986517] AAAAA-TCP_FORW: name:enp0s3: saddr:100932208: daddr:33561200
[  250.074119] AAAAA-TCP_FORW: name:enp0s3: saddr:100932208: daddr:33561200
[  250.151623] AAAAA-TCP_FORW: name:enp0s3: saddr:100932208: daddr:16783984
[  250.192763] AAAAA-TCP_FORW: name:enp0s3: saddr:100932208: daddr:16783984
[  250.262966] AAAAA-TCP_FORW: name:enp0s3: saddr:100932208: daddr:16783984
[  250.353982] AAAAA-TCP_FORW: name:enp0s3: saddr:100932208: daddr:16783984
[  250.389843] AAAAA-TCP_FORW: name:enp0s3: saddr:100932208: daddr:16783984
[  250.460014] AAAAA-TCP_FORW: name:enp0s3: saddr:100932208: daddr:16783984
[  250.563005] AAAAA-TCP_FORW: name:enp0s3: saddr:100932208: daddr:16783984
[  250.640703] AAAAA-TCP_FORW: name:enp0s3: saddr:100932208: daddr:16783984
[  250.757719] AAAAA-TCP_FORW: name:enp0s3: saddr:100932208: daddr:16783984
[  250.791051] AAAAA-TCP_FORW: name:enp0s3: saddr:100932208: daddr:16783984
[  250.860888] AAAAA-TCP_FORW: name:enp0s3: saddr:100932208: daddr:16783984
[  250.922684] AAAAA-TCP_FORW: name:enp0s3: saddr:100932208: daddr:16783984
[  250.990396] AAAAA-TCP_FORW: name:enp0s3: saddr:100932208: daddr:16783984
[  251.052389] AAAAA-TCP_FORW: name:enp0s3: saddr:100932208: daddr:16783984
[  251.172050] AAAAA-TCP_FORW: name:enp0s3: saddr:100932208: daddr:16783984
[  251.214607] AAAAA-TCP_FORW: name:enp0s3: saddr:100932208: daddr:16783984
[  251.329086] AAAAA-TCP_FORW: name:enp0s3: saddr:100932208: daddr:16783984
[  251.387917] AAAAA-TCP_FORW: name:enp0s3: saddr:100932208: daddr:16783984
[  251.450943] AAAAA-TCP_FORW: name:enp0s3: saddr:100932208: daddr:16783984
[  251.541788] AAAAA-TCP_FORW: name:enp0s3: saddr:100932208: daddr:16783984
[  251.613999] AAAAA-TCP_FORW: name:enp0s3: saddr:100932208: daddr:33561200
[  251.671096] AAAAA-TCP_FORW: name:enp0s3: saddr:100932208: daddr:33561200
[  251.811774] AAAAA-TCP_FORW: name:enp0s3: saddr:100932208: daddr:33561200
[  251.883578] AAAAA-TCP_FORW: name:enp0s3: saddr:100932208: daddr:33561200
[  251.936123] AAAAA-TCP_FORW: name:enp0s3: saddr:100932208: daddr:33561200
[  252.017272] AAAAA-TCP_FORW: name:enp0s3: saddr:100932208: daddr:33561200
[  252.065749] AAAAA-TCP_FORW: name:enp0s3: saddr:100932208: daddr:33561200
[  252.147123] AAAAA-TCP_FORW: name:enp0s3: saddr:100932208: daddr:33561200
[  252.217379] AAAAA-TCP_FORW: name:enp0s3: saddr:100932208: daddr:33561200
[  252.319786] AAAAA-TCP_FORW: name:enp0s3: saddr:100932208: daddr:33561200
[  252.441270] AAAAA-TCP_FORW: name:enp0s3: saddr:100932208: daddr:33561200
[  252.493316] AAAAA-TCP_FORW: name:enp0s3: saddr:100932208: daddr:33561200
[  252.545917] AAAAA-TCP_FORW: name:enp0s3: saddr:100932208: daddr:33561200
[  252.596402] AAAAA-TCP_FORW: name:enp0s3: saddr:100932208: daddr:33561200
[  261.590754] AAAAA-TCP_FORW: name:enp0s3: saddr:100932208: daddr:16783984
[  261.869564] AAAAA-TCP_FORW: name:enp0s3: saddr:100932208: daddr:33561200
[  261.986403] AAAAA-TCP_FORW: name:enp0s3: saddr:100932208: daddr:33561200
[  262.258665] AAAAA-TCP_FORW: name:enp0s3: saddr:100932208: daddr:33561200
[  262.603143] AAAAA-TCP_FORW: name:enp0s3: saddr:100932208: daddr:16783984
[  262.806620] AAAAA-TCP_FORW: name:enp0s3: saddr:100932208: daddr:16783984
[  263.065954] AAAAA-TCP_FORW: name:enp0s3: saddr:100932208: daddr:33561200
[  263.257013] AAAAA-TCP_FORW: name:enp0s3: saddr:100932208: daddr:33561200
[  263.398259] AAAAA-TCP_FORW: name:enp0s3: saddr:100932208: daddr:33561200
[  263.511719] AAAAA-TCP_FORW: name:enp0s3: saddr:100932208: daddr:16783984
[  263.869554] AAAAA-TCP_FORW: name:enp0s3: saddr:100932208: daddr:16783984
[  264.115683] AAAAA-TCP_FORW: name:enp0s3: saddr:100932208: daddr:16783984
[  264.268710] AAAAA-TCP_FORW: name:enp0s3: saddr:100932208: daddr:33561200
[  264.377948] AAAAA-TCP_FORW: name:enp0s3: saddr:100932208: daddr:16783984
[  264.529297] AAAAA-TCP_FORW: name:enp0s3: saddr:100932208: daddr:33561200
[  264.877776] AAAAA-TCP_FORW: name:enp0s3: saddr:100932208: daddr:16783984
[  264.989848] AAAAA-TCP_FORW: name:enp0s3: saddr:100932208: daddr:16783984
[  265.066957] AAAAA-TCP_FORW: name:enp0s3: saddr:100932208: daddr:16783984
[  265.366274] AAAAA-TCP_FORW: name:enp0s3: saddr:100932208: daddr:33561200
[  265.432298] AAAAA-TCP_FORW: name:enp0s3: saddr:100932208: daddr:16783984
[  265.720526] AAAAA-TCP_FORW: name:enp0s3: saddr:100932208: daddr:33561200
[  265.786463] AAAAA-TCP_FORW: name:enp0s3: saddr:100932208: daddr:33561200
[  265.960380] AAAAA-TCP_FORW: name:enp0s3: saddr:16783984: daddr:100932208
[  265.998018] AAAAA-TCP_FORW: name:enp0s3: saddr:100932208: daddr:33561200
[  266.103708] AAAAA-TCP_FORW: name:enp0s3: saddr:100932208: daddr:33561200
[  266.177724] AAAAA-TCP_FORW: name:enp0s3: saddr:100932208: daddr:33561200
[  266.277054] AAAAA-TCP_FORW: name:enp0s3: saddr:100932208: daddr:16783984
[  266.304170] AAAAA-TCP_FORW: name:enp0s3: saddr:16783984: daddr:100932208
[  266.440874] AAAAA-TCP_FORW: name:enp0s3: saddr:100932208: daddr:16783984
[  266.736051] AAAAA-TCP_FORW: name:enp0s3: saddr:16783984: daddr:100932208
[  266.933565] AAAAA-TCP_FORW: name:enp0s3: saddr:100932208: daddr:16783984
[  267.176760] AAAAA-TCP_FORW: name:enp0s3: saddr:100932208: daddr:16783984
[  267.206996] AAAAA-TCP_FORW: name:enp0s3: saddr:33561200: daddr:100932208
[  267.415422] AAAAA-TCP_FORW: name:enp0s3: saddr:100932208: daddr:16783984
[  267.492020] AAAAA-TCP_FORW: name:enp0s3: saddr:33561200: daddr:100932208
[  267.561909] AAAAA-TCP_FORW: name:enp0s3: saddr:16783984: daddr:100932208
[  267.573054] AAAAA-TCP_FORW: name:enp0s3: saddr:100932208: daddr:16783984
[  267.702377] AAAAA-TCP_FORW: name:enp0s3: saddr:100932208: daddr:16783984
[  268.124793] AAAAA-TCP_FORW: name:enp0s3: saddr:33561200: daddr:100932208
[  268.188216] AAAAA-TCP_FORW: name:enp0s3: saddr:100932208: daddr:16783984
[  268.191616] AAAAA-TCP_FORW: name:enp0s3: saddr:100932208: daddr:16783984
[  268.289986] AAAAA-TCP_FORW: name:enp0s3: saddr:16783984: daddr:100932208
[  268.496271] AAAAA-TCP_FORW: name:enp0s3: saddr:33561200: daddr:100932208
[  268.527040] AAAAA-TCP_FORW: name:enp0s3: saddr:100932208: daddr:16783984
[  268.532738] AAAAA-TCP_FORW: name:enp0s3: saddr:16783984: daddr:100932208
[  268.659295] AAAAA-TCP_FORW: name:enp0s3: saddr:33561200: daddr:100932208
[  268.720776] AAAAA-TCP_FORW: name:enp0s3: saddr:33561200: daddr:100932208
[  268.762306] AAAAA-TCP_FORW: name:enp0s3: saddr:100932208: daddr:16783984
[  268.834614] AAAAA-TCP_FORW: name:enp0s3: saddr:33561200: daddr:100932208
[  268.905828] AAAAA-TCP_FORW: name:enp0s3: saddr:33561200: daddr:100932208
[  269.027564] AAAAA-TCP_FORW: name:enp0s3: saddr:100932208: daddr:16783984
[  269.069723] AAAAA-TCP_FORW: name:enp0s3: saddr:33561200: daddr:100932208
[  269.239311] AAAAA-TCP_FORW: name:enp0s3: saddr:33561200: daddr:100932208
[  269.296974] AAAAA-TCP_FORW: name:enp0s3: saddr:100932208: daddr:16783984
[  269.361962] AAAAA-TCP_FORW: name:enp0s3: saddr:16783984: daddr:100932208
[  269.412526] AAAAA-TCP_FORW: name:enp0s3: saddr:16783984: daddr:100932208
[  269.451408] AAAAA-TCP_FORW: name:enp0s3: saddr:100932208: daddr:33561200
[  269.547008] AAAAA-TCP_FORW: name:enp0s3: saddr:16783984: daddr:100932208
[  269.577941] AAAAA-TCP_FORW: name:enp0s3: saddr:33561200: daddr:100932208
[  269.596960] AAAAA-TCP_FORW: name:enp0s3: saddr:100932208: daddr:33561200
[  269.651581] AAAAA-TCP_FORW: name:enp0s3: saddr:100932208: daddr:16783984
[  269.709602] AAAAA-TCP_FORW: name:enp0s3: saddr:16783984: daddr:100932208
[  269.775381] AAAAA-TCP_FORW: name:enp0s3: saddr:100932208: daddr:33561200
[  269.837448] AAAAA-TCP_FORW: name:enp0s3: saddr:33561200: daddr:100932208
[  269.960815] AAAAA-TCP_FORW: name:enp0s3: saddr:100932208: daddr:16783984
[  270.012862] AAAAA-TCP_FORW: name:enp0s3: saddr:100932208: daddr:16783984
[  270.095284] AAAAA-TCP_FORW: name:enp0s3: saddr:16783984: daddr:100932208
[  270.097198] AAAAA-TCP_FORW: name:enp0s3: saddr:16783984: daddr:100932208
[  270.142545] AAAAA-TCP_FORW: name:enp0s3: saddr:100932208: daddr:16783984
[  270.153601] AAAAA-TCP_FORW: name:enp0s3: saddr:16783984: daddr:100932208
[  270.233512] AAAAA-TCP_FORW: name:enp0s3: saddr:100932208: daddr:16783984
[  270.326501] AAAAA-TCP_FORW: name:enp0s3: saddr:100932208: daddr:16783984
[  270.378154] AAAAA-TCP_FORW: name:enp0s3: saddr:16783984: daddr:100932208
[  270.420588] AAAAA-TCP_FORW: name:enp0s3: saddr:100932208: daddr:16783984
[  270.553603] AAAAA-TCP_FORW: name:enp0s3: saddr:100932208: daddr:16783984
[  270.628286] AAAAA-TCP_FORW: name:enp0s3: saddr:100932208: daddr:16783984
[  270.675811] AAAAA-TCP_FORW: name:enp0s3: saddr:16783984: daddr:100932208
[  270.701897] AAAAA-TCP_FORW: name:enp0s3: saddr:16783984: daddr:100932208
[  270.757231] AAAAA-TCP_FORW: name:enp0s3: saddr:100932208: daddr:33561200
[  270.843927] AAAAA-TCP_FORW: name:enp0s3: saddr:100932208: daddr:33561200
[  270.854617] AAAAA-TCP_FORW: name:enp0s3: saddr:33561200: daddr:100932208
[  270.970991] AAAAA-TCP_FORW: name:enp0s3: saddr:100932208: daddr:33561200
[  271.042959] AAAAA-TCP_FORW: name:enp0s3: saddr:100932208: daddr:16783984
[  271.082147] AAAAA-TCP_FORW: name:enp0s3: saddr:16783984: daddr:100932208
[  271.114677] AAAAA-TCP_FORW: name:enp0s3: saddr:100932208: daddr:16783984
[  271.188504] AAAAA-TCP_FORW: name:enp0s3: saddr:100932208: daddr:33561200
[  271.190336] AAAAA-TCP_FORW: name:enp0s3: saddr:33561200: daddr:100932208
[  271.385789] AAAAA-TCP_FORW: name:enp0s3: saddr:100932208: daddr:33561200
[  271.473293] AAAAA-TCP_FORW: name:enp0s3: saddr:100932208: daddr:33561200
[  271.561328] AAAAA-TCP_FORW: name:enp0s3: saddr:33561200: daddr:100932208
[  271.573094] AAAAA-TCP_FORW: name:enp0s3: saddr:100932208: daddr:33561200
[  271.616591] AAAAA-TCP_FORW: name:enp0s3: saddr:100932208: daddr:33561200
[  271.631704] AAAAA-TCP_FORW: name:enp0s3: saddr:16783984: daddr:100932208
[  271.677650] AAAAA-TCP_FORW: name:enp0s3: saddr:100932208: daddr:33561200
[  271.732718] AAAAA-TCP_FORW: name:enp0s3: saddr:16783984: daddr:100932208
[  271.755393] AAAAA-TCP_FORW: name:enp0s3: saddr:100932208: daddr:33561200
[  271.794531] AAAAA-TCP_FORW: name:enp0s3: saddr:16783984: daddr:100932208
[  271.796501] AAAAA-TCP_FORW: name:enp0s3: saddr:16783984: daddr:100932208
[  271.888229] AAAAA-TCP_FORW: name:enp0s3: saddr:100932208: daddr:33561200
[  271.949152] AAAAA-TCP_FORW: name:enp0s3: saddr:100932208: daddr:33561200
[  271.968326] AAAAA-TCP_FORW: name:enp0s3: saddr:16783984: daddr:100932208
[  272.080732] AAAAA-TCP_FORW: name:enp0s3: saddr:100932208: daddr:33561200
[  272.201371] AAAAA-TCP_FORW: name:enp0s3: saddr:100932208: daddr:33561200
[  272.384453] AAAAA-TCP_FORW: name:enp0s3: saddr:100932208: daddr:16783984
[  272.554820] AAAAA-TCP_FORW: name:enp0s3: saddr:16783984: daddr:100932208
[  272.661412] AAAAA-TCP_FORW: name:enp0s3: saddr:16783984: daddr:100932208
[  272.911927] AAAAA-TCP_FORW: name:enp0s3: saddr:100932208: daddr:16783984
[  273.347216] AAAAA-TCP_FORW: name:enp0s3: saddr:16783984: daddr:100932208
[  273.539170] AAAAA-TCP_FORW: name:enp0s3: saddr:16783984: daddr:100932208
[  273.630322] AAAAA-TCP_FORW: name:enp0s3: saddr:100932208: daddr:16783984
[  273.906617] AAAAA-TCP_FORW: name:enp0s3: saddr:16783984: daddr:100932208
[  274.091706] AAAAA-TCP_FORW: name:enp0s3: saddr:100932208: daddr:33561200
[  274.157188] AAAAA-TCP_FORW: name:enp0s3: saddr:33561200: daddr:100932208
[  274.326846] AAAAA-TCP_FORW: name:enp0s3: saddr:16783984: daddr:100932208
[  274.372780] AAAAA-TCP_FORW: name:enp0s3: saddr:100932208: daddr:33561200
[  274.389387] AAAAA-TCP_FORW: name:enp0s3: saddr:16783984: daddr:100932208
[  274.434024] AAAAA-TCP_FORW: name:enp0s3: saddr:100932208: daddr:33561200
[  274.463948] AAAAA-TCP_FORW: name:enp0s3: saddr:16783984: daddr:100932208
[  274.540558] AAAAA-TCP_FORW: name:enp0s3: saddr:16783984: daddr:100932208
[  274.710769] AAAAA-TCP_FORW: name:enp0s3: saddr:100932208: daddr:16783984
[  274.766930] AAAAA-TCP_FORW: name:enp0s3: saddr:16783984: daddr:100932208
[  274.855138] AAAAA-TCP_FORW: name:enp0s3: saddr:16783984: daddr:100932208
[  274.929074] AAAAA-TCP_FORW: name:enp0s3: saddr:33561200: daddr:100932208
[  275.085751] AAAAA-TCP_FORW: name:enp0s3: saddr:100932208: daddr:16783984
[  275.139529] AAAAA-TCP_FORW: name:enp0s3: saddr:33561200: daddr:100932208
[  275.200060] AAAAA-TCP_FORW: name:enp0s3: saddr:16783984: daddr:100932208
[  275.231844] AAAAA-TCP_FORW: name:enp0s3: saddr:33561200: daddr:100932208
[  275.478298] AAAAA-TCP_FORW: name:enp0s3: saddr:33561200: daddr:100932208
[  275.538378] AAAAA-TCP_FORW: name:enp0s3: saddr:33561200: daddr:100932208
[  275.794767] AAAAA-TCP_FORW: name:enp0s3: saddr:100932208: daddr:33561200
[  275.882450] AAAAA-TCP_FORW: name:enp0s3: saddr:100932208: daddr:33561200
[  275.923638] AAAAA-TCP_FORW: name:enp0s3: saddr:100932208: daddr:33561200
[  276.042514] AAAAA-TCP_FORW: name:enp0s3: saddr:100932208: daddr:33561200
[  276.103065] AAAAA-TCP_FORW: name:enp0s3: saddr:100932208: daddr:33561200
[  276.151324] AAAAA-TCP_FORW: name:enp0s3: saddr:33561200: daddr:100932208
[  276.247077] AAAAA-TCP_FORW: name:enp0s3: saddr:33561200: daddr:100932208
[  276.276054] AAAAA-TCP_FORW: name:enp0s3: saddr:100932208: daddr:33561200
[  276.340231] AAAAA-TCP_FORW: name:enp0s3: saddr:33561200: daddr:100932208
[  276.416898] AAAAA-TCP_FORW: name:enp0s3: saddr:100932208: daddr:33561200
[  276.445645] AAAAA-TCP_FORW: name:enp0s3: saddr:33561200: daddr:100932208
[  276.561681] AAAAA-TCP_FORW: name:enp0s3: saddr:33561200: daddr:100932208
[  276.647120] AAAAA-TCP_FORW: name:enp0s3: saddr:16783984: daddr:100932208
[  276.782739] AAAAA-TCP_FORW: name:enp0s3: saddr:100932208: daddr:16783984
[  276.953228] AAAAA-TCP_FORW: name:enp0s3: saddr:100932208: daddr:16783984
[  277.098396] AAAAA-TCP_FORW: name:enp0s3: saddr:100932208: daddr:33561200
[  277.302857] AAAAA-TCP_FORW: name:enp0s3: saddr:16783984: daddr:100932208
[  277.365222] AAAAA-TCP_FORW: name:enp0s3: saddr:100932208: daddr:16783984
[  277.370065] AAAAA-TCP_FORW: name:enp0s3: saddr:100932208: daddr:16783984
[  277.379209] AAAAA-TCP_FORW: name:enp0s3: saddr:33561200: daddr:100932208
[  277.530854] AAAAA-TCP_FORW: name:enp0s3: saddr:33561200: daddr:100932208
[  277.666194] AAAAA-TCP_FORW: name:enp0s3: saddr:100932208: daddr:16783984
[  277.707596] AAAAA-TCP_FORW: name:enp0s3: saddr:33561200: daddr:100932208
[  277.996925] AAAAA-TCP_FORW: name:enp0s3: saddr:100932208: daddr:16783984
[  278.306493] AAAAA-TCP_FORW: name:enp0s3: saddr:100932208: daddr:33561200
[  278.390859] AAAAA-TCP_FORW: name:enp0s3: saddr:33561200: daddr:100932208
[  278.537955] AAAAA-TCP_FORW: name:enp0s3: saddr:33561200: daddr:100932208
[  278.672790] AAAAA-TCP_FORW: name:enp0s3: saddr:33561200: daddr:100932208
[  278.752154] AAAAA-TCP_FORW: name:enp0s3: saddr:33561200: daddr:100932208
[  278.840474] AAAAA-TCP_FORW: name:enp0s3: saddr:100932208: daddr:16783984
[  278.870969] AAAAA-TCP_FORW: name:enp0s3: saddr:33561200: daddr:100932208
[  278.956503] AAAAA-TCP_FORW: name:enp0s3: saddr:100932208: daddr:16783984
[  279.086427] AAAAA-TCP_FORW: name:enp0s3: saddr:33561200: daddr:100932208
[  279.158861] AAAAA-TCP_FORW: name:enp0s3: saddr:100932208: daddr:16783984
[  279.224786] AAAAA-TCP_FORW: name:enp0s3: saddr:16783984: daddr:100932208
[  279.296760] AAAAA-TCP_FORW: name:enp0s3: saddr:100932208: daddr:16783984
[  279.440394] AAAAA-TCP_FORW: name:enp0s3: saddr:16783984: daddr:100932208
[  279.714085] AAAAA-TCP_FORW: name:enp0s3: saddr:16783984: daddr:100932208
[  279.742862] AAAAA-TCP_FORW: name:enp0s3: saddr:100932208: daddr:16783984
[  279.977845] AAAAA-TCP_FORW: name:enp0s3: saddr:100932208: daddr:16783984
[  280.065888] AAAAA-TCP_FORW: name:enp0s3: saddr:100932208: daddr:16783984
[  280.091419] AAAAA-TCP_FORW: name:enp0s3: saddr:100932208: daddr:33561200
[  280.270400] AAAAA-TCP_FORW: name:enp0s3: saddr:16783984: daddr:100932208
[  280.401513] AAAAA-TCP_FORW: name:enp0s3: saddr:16783984: daddr:100932208
[  280.577710] AAAAA-TCP_FORW: name:enp0s3: saddr:16783984: daddr:100932208
[  280.661037] AAAAA-TCP_FORW: name:enp0s3: saddr:16783984: daddr:100932208
[  281.407817] AAAAA-TCP_FORW: name:enp0s3: saddr:16783984: daddr:100932208
[  281.674588] AAAAA-TCP_FORW: name:enp0s3: saddr:16783984: daddr:100932208
[  282.340858] AAAAA-TCP_FORW: name:enp0s3: saddr:16783984: daddr:100932208
[  282.496221] AAAAA-TCP_FORW: name:enp0s3: saddr:16783984: daddr:100932208
[  282.686490] AAAAA-TCP_FORW: name:enp0s3: saddr:16783984: daddr:100932208
[  282.804489] AAAAA-TCP_FORW: name:enp0s3: saddr:33561200: daddr:100932208
[  283.300576] AAAAA-TCP_FORW: name:enp0s3: saddr:100932208: daddr:33561200
[  283.342070] AAAAA-TCP_FORW: name:enp0s3: saddr:100932208: daddr:33561200
[  283.377790] AAAAA-TCP_FORW: name:enp0s3: saddr:100932208: daddr:33561200
[  283.434651] AAAAA-TCP_FORW: name:enp0s3: saddr:100932208: daddr:33561200
[  283.548803] AAAAA-TCP_FORW: name:enp0s3: saddr:100932208: daddr:33561200
[  283.620704] AAAAA-TCP_FORW: name:enp0s3: saddr:100932208: daddr:33561200
[  283.898285] AAAAA-TCP_FORW: name:enp0s3: saddr:100932208: daddr:33561200
[  284.001903] AAAAA-TCP_FORW: name:enp0s3: saddr:100932208: daddr:33561200
[  284.003774] AAAAA-TCP_FORW: name:enp0s3: saddr:100932208: daddr:33561200
[  284.164318] AAAAA-TCP_FORW: name:enp0s3: saddr:100932208: daddr:33561200
[  284.393846] AAAAA-TCP_FORW: name:enp0s3: saddr:100932208: daddr:33561200
[  284.945057] AAAAA-TCP_FORW: name:enp0s3: saddr:100932208: daddr:16783984
[  285.052424] AAAAA-TCP_FORW: name:enp0s3: saddr:100932208: daddr:16783984
[  285.104109] AAAAA-TCP_FORW: name:enp0s3: saddr:33561200: daddr:100932208
[  285.275578] AAAAA-TCP_FORW: name:enp0s3: saddr:100932208: daddr:16783984
[  285.277586] AAAAA-TCP_FORW: name:enp0s3: saddr:100932208: daddr:16783984
[  285.470832] AAAAA-TCP_FORW: name:enp0s3: saddr:33561200: daddr:100932208
[  285.703943] AAAAA-TCP_FORW: name:enp0s3: saddr:33561200: daddr:100932208
[  286.441295] AAAAA-TCP_FORW: name:enp0s3: saddr:33561200: daddr:100932208
[  286.555207] AAAAA-TCP_FORW: name:enp0s3: saddr:100932208: daddr:16783984
[  286.667008] AAAAA-TCP_FORW: name:enp0s3: saddr:33561200: daddr:100932208
[  286.754256] AAAAA-TCP_FORW: name:enp0s3: saddr:100932208: daddr:16783984
[  286.896164] AAAAA-TCP_FORW: name:enp0s3: saddr:33561200: daddr:100932208
[  286.961618] AAAAA-TCP_FORW: name:enp0s3: saddr:100932208: daddr:16783984
[  287.080873] AAAAA-TCP_FORW: name:enp0s3: saddr:100932208: daddr:16783984
[  287.247785] AAAAA-TCP_FORW: name:enp0s3: saddr:100932208: daddr:33561200
[  287.365811] AAAAA-TCP_FORW: name:enp0s3: saddr:100932208: daddr:33561200
[  287.466864] AAAAA-TCP_FORW: name:enp0s3: saddr:33561200: daddr:100932208
[  287.733657] AAAAA-TCP_FORW: name:enp0s3: saddr:33561200: daddr:100932208
[  287.937665] AAAAA-TCP_FORW: name:enp0s3: saddr:100932208: daddr:33561200
[  287.973498] AAAAA-TCP_FORW: name:enp0s3: saddr:33561200: daddr:100932208
[  288.016773] AAAAA-TCP_FORW: name:enp0s3: saddr:100932208: daddr:33561200
[  288.097133] AAAAA-TCP_FORW: name:enp0s3: saddr:100932208: daddr:33561200
[  288.195453] AAAAA-TCP_FORW: name:enp0s3: saddr:100932208: daddr:33561200
[  288.246480] AAAAA-TCP_FORW: name:enp0s3: saddr:100932208: daddr:33561200
[  288.457011] AAAAA-TCP_FORW: name:enp0s3: saddr:100932208: daddr:33561200
[  288.515088] AAAAA-TCP_FORW: name:enp0s3: saddr:100932208: daddr:33561200
[  288.627629] AAAAA-TCP_FORW: name:enp0s3: saddr:100932208: daddr:33561200
[  288.705830] AAAAA-TCP_FORW: name:enp0s3: saddr:33561200: daddr:100932208
[  288.746201] AAAAA-TCP_FORW: name:enp0s3: saddr:100932208: daddr:33561200
[  288.835678] AAAAA-TCP_FORW: name:enp0s3: saddr:100932208: daddr:33561200
[  288.986921] AAAAA-TCP_FORW: name:enp0s3: saddr:33561200: daddr:100932208
[  289.033697] AAAAA-TCP_FORW: name:enp0s3: saddr:100932208: daddr:33561200
[  289.105137] AAAAA-TCP_FORW: name:enp0s3: saddr:100932208: daddr:33561200
[  289.112755] AAAAA-TCP_FORW: name:enp0s3: saddr:16783984: daddr:100932208
[  289.291111] AAAAA-TCP_FORW: name:enp0s3: saddr:16783984: daddr:100932208
[  289.382533] AAAAA-TCP_FORW: name:enp0s3: saddr:16783984: daddr:100932208
[  289.440682] AAAAA-TCP_FORW: name:enp0s3: saddr:100932208: daddr:33561200
[  289.454066] AAAAA-TCP_FORW: name:enp0s3: saddr:16783984: daddr:100932208
[  289.605712] AAAAA-TCP_FORW: name:enp0s3: saddr:100932208: daddr:16783984
[  289.731498] AAAAA-TCP_FORW: name:enp0s3: saddr:100932208: daddr:33561200
[  289.781871] AAAAA-TCP_FORW: name:enp0s3: saddr:100932208: daddr:16783984
[  289.849449] AAAAA-TCP_FORW: name:enp0s3: saddr:100932208: daddr:16783984
[  289.987144] AAAAA-TCP_FORW: name:enp0s3: saddr:100932208: daddr:16783984
[  290.138981] AAAAA-TCP_FORW: name:enp0s3: saddr:100932208: daddr:16783984
[  290.191908] AAAAA-TCP_FORW: name:enp0s3: saddr:16783984: daddr:100932208
[  290.507480] AAAAA-TCP_FORW: name:enp0s3: saddr:16783984: daddr:100932208
[  290.607715] AAAAA-TCP_FORW: name:enp0s3: saddr:100932208: daddr:16783984
[  290.626425] AAAAA-TCP_FORW: name:enp0s3: saddr:33561200: daddr:100932208
[  290.676886] AAAAA-TCP_FORW: name:enp0s3: saddr:100932208: daddr:16783984
[  290.765657] AAAAA-TCP_FORW: name:enp0s3: saddr:33561200: daddr:100932208
[  290.801279] AAAAA-TCP_FORW: name:enp0s3: saddr:100932208: daddr:16783984
[  290.926399] AAAAA-TCP_FORW: name:enp0s3: saddr:100932208: daddr:16783984
[  291.131703] AAAAA-TCP_FORW: name:enp0s3: saddr:33561200: daddr:100932208
[  291.477266] AAAAA-TCP_FORW: name:enp0s3: saddr:33561200: daddr:100932208
[  291.488092] AAAAA-TCP_FORW: name:enp0s3: saddr:100932208: daddr:33561200
[  291.537415] AAAAA-TCP_FORW: name:enp0s3: saddr:33561200: daddr:100932208
[  291.652266] AAAAA-TCP_FORW: name:enp0s3: saddr:100932208: daddr:33561200
[  291.710023] AAAAA-TCP_FORW: name:enp0s3: saddr:33561200: daddr:100932208
[  291.820135] AAAAA-TCP_FORW: name:enp0s3: saddr:33561200: daddr:100932208
[  291.932381] AAAAA-TCP_FORW: name:enp0s3: saddr:100932208: daddr:33561200
[  291.959470] AAAAA-TCP_FORW: name:enp0s3: saddr:33561200: daddr:100932208
[  292.084258] AAAAA-TCP_FORW: name:enp0s3: saddr:100932208: daddr:33561200
[  292.123487] AAAAA-TCP_FORW: name:enp0s3: saddr:33561200: daddr:100932208
[  292.126468] AAAAA-TCP_FORW: name:enp0s3: saddr:33561200: daddr:100932208
[  292.255428] AAAAA-TCP_FORW: name:enp0s3: saddr:100932208: daddr:33561200
[  292.309916] AAAAA-TCP_FORW: name:enp0s3: saddr:33561200: daddr:100932208
[  292.443387] AAAAA-TCP_FORW: name:enp0s3: saddr:100932208: daddr:33561200
[  292.467091] AAAAA-TCP_FORW: name:enp0s3: saddr:33561200: daddr:100932208
[  292.547001] AAAAA-TCP_FORW: name:enp0s3: saddr:100932208: daddr:33561200
[  292.690563] AAAAA-TCP_FORW: name:enp0s3: saddr:100932208: daddr:33561200
[  292.933861] AAAAA-TCP_FORW: name:enp0s3: saddr:33561200: daddr:100932208
[  292.964311] AAAAA-TCP_FORW: name:enp0s3: saddr:100932208: daddr:33561200
[  293.113416] AAAAA-TCP_FORW: name:enp0s3: saddr:100932208: daddr:33561200
[  293.191453] AAAAA-TCP_FORW: name:enp0s3: saddr:16783984: daddr:100932208
[  293.444384] AAAAA-TCP_FORW: name:enp0s3: saddr:33561200: daddr:100932208
[  293.564491] AAAAA-TCP_FORW: name:enp0s3: saddr:16783984: daddr:100932208
[  293.611473] AAAAA-TCP_FORW: name:enp0s3: saddr:100932208: daddr:33561200
[  293.613985] AAAAA-TCP_FORW: name:enp0s3: saddr:16783984: daddr:100932208
[  293.694780] AAAAA-TCP_FORW: name:enp0s3: saddr:100932208: daddr:33561200
[  293.768555] AAAAA-TCP_FORW: name:enp0s3: saddr:16783984: daddr:100932208
[  293.829198] AAAAA-TCP_FORW: name:enp0s3: saddr:100932208: daddr:33561200
[  293.920614] AAAAA-TCP_FORW: name:enp0s3: saddr:100932208: daddr:33561200
[  294.000346] AAAAA-TCP_FORW: name:enp0s3: saddr:16783984: daddr:100932208
[  294.014048] AAAAA-TCP_FORW: name:enp0s3: saddr:100932208: daddr:33561200
[  294.115865] AAAAA-TCP_FORW: name:enp0s3: saddr:100932208: daddr:33561200
[  294.203979] AAAAA-TCP_FORW: name:enp0s3: saddr:100932208: daddr:33561200
[  294.290929] AAAAA-TCP_FORW: name:enp0s3: saddr:100932208: daddr:33561200
[  294.406764] AAAAA-TCP_FORW: name:enp0s3: saddr:100932208: daddr:33561200
[  294.420014] AAAAA-TCP_FORW: name:enp0s3: saddr:16783984: daddr:100932208
[  294.475965] AAAAA-TCP_FORW: name:enp0s3: saddr:16783984: daddr:100932208
[  294.488937] AAAAA-TCP_FORW: name:enp0s3: saddr:100932208: daddr:33561200
[  294.747591] AAAAA-TCP_FORW: name:enp0s3: saddr:100932208: daddr:16783984
[  294.758681] AAAAA-TCP_FORW: name:enp0s3: saddr:33561200: daddr:100932208
[  294.849968] AAAAA-TCP_FORW: name:enp0s3: saddr:100932208: daddr:33561200
[  294.948865] AAAAA-TCP_FORW: name:enp0s3: saddr:100932208: daddr:33561200
[  295.028019] AAAAA-TCP_FORW: name:enp0s3: saddr:100932208: daddr:16783984
[  295.102681] AAAAA-TCP_FORW: name:enp0s3: saddr:100932208: daddr:16783984
[  295.284944] AAAAA-TCP_FORW: name:enp0s3: saddr:100932208: daddr:16783984
[  295.305451] AAAAA-TCP_FORW: name:enp0s3: saddr:33561200: daddr:100932208
[  295.475083] AAAAA-TCP_FORW: name:enp0s3: saddr:100932208: daddr:16783984
[  295.621098] AAAAA-TCP_FORW: name:enp0s3: saddr:33561200: daddr:100932208
[  295.630583] AAAAA-TCP_FORW: name:enp0s3: saddr:100932208: daddr:16783984
[  295.799149] AAAAA-TCP_FORW: name:enp0s3: saddr:100932208: daddr:16783984
[  295.902323] AAAAA-TCP_FORW: name:enp0s3: saddr:100932208: daddr:16783984
[  295.977900] AAAAA-TCP_FORW: name:enp0s3: saddr:33561200: daddr:100932208
[  296.291309] AAAAA-TCP_FORW: name:enp0s3: saddr:33561200: daddr:100932208
[  296.543989] AAAAA-TCP_FORW: name:enp0s3: saddr:100932208: daddr:16783984
[  296.579186] AAAAA-TCP_FORW: name:enp0s3: saddr:33561200: daddr:100932208
[  296.639847] AAAAA-TCP_FORW: name:enp0s3: saddr:100932208: daddr:16783984
[  296.733434] AAAAA-TCP_FORW: name:enp0s3: saddr:100932208: daddr:16783984
[  296.845134] AAAAA-TCP_FORW: name:enp0s3: saddr:100932208: daddr:16783984
[  296.963736] AAAAA-TCP_FORW: name:enp0s3: saddr:100932208: daddr:16783984
[  297.275205] AAAAA-TCP_FORW: name:enp0s3: saddr:100932208: daddr:33561200
[  297.581754] AAAAA-TCP_FORW: name:enp0s3: saddr:33561200: daddr:100932208
[  297.692973] AAAAA-TCP_FORW: name:enp0s3: saddr:33561200: daddr:100932208
[  297.725271] AAAAA-TCP_FORW: name:enp0s3: saddr:100932208: daddr:33561200
[  297.819807] AAAAA-TCP_FORW: name:enp0s3: saddr:100932208: daddr:33561200
[  298.112546] AAAAA-TCP_FORW: name:enp0s3: saddr:100932208: daddr:33561200
[  298.146527] AAAAA-TCP_FORW: name:enp0s3: saddr:33561200: daddr:100932208
[  298.568831] AAAAA-TCP_FORW: name:enp0s3: saddr:100932208: daddr:33561200
[  298.663994] AAAAA-TCP_FORW: name:enp0s3: saddr:100932208: daddr:33561200
[  298.715892] AAAAA-TCP_FORW: name:enp0s3: saddr:33561200: daddr:100932208
[  298.901209] AAAAA-TCP_FORW: name:enp0s3: saddr:100932208: daddr:33561200
[  299.057093] AAAAA-TCP_FORW: name:enp0s3: saddr:33561200: daddr:100932208
[  299.157755] AAAAA-TCP_FORW: name:enp0s3: saddr:33561200: daddr:100932208
[  299.192438] AAAAA-TCP_FORW: name:enp0s3: saddr:33561200: daddr:100932208
[  299.243578] AAAAA-TCP_FORW: name:enp0s3: saddr:100932208: daddr:33561200
[  299.309074] AAAAA-TCP_FORW: name:enp0s3: saddr:33561200: daddr:100932208
[  299.315585] AAAAA-TCP_FORW: name:enp0s3: saddr:100932208: daddr:33561200
[  299.861822] AAAAA-TCP_FORW: name:enp0s3: saddr:33561200: daddr:100932208
[  299.864647] AAAAA-TCP_FORW: name:enp0s3: saddr:16783984: daddr:100932208
[  300.167000] AAAAA-TCP_FORW: name:enp0s3: saddr:100932208: daddr:33561200
[  300.239704] AAAAA-TCP_FORW: name:enp0s3: saddr:33561200: daddr:100932208
[  300.466227] AAAAA-TCP_FORW: name:enp0s3: saddr:100932208: daddr:33561200
[  300.495498] AAAAA-TCP_FORW: name:enp0s3: saddr:16783984: daddr:100932208
[  300.539081] AAAAA-TCP_FORW: name:enp0s3: saddr:100932208: daddr:33561200
[  300.615067] AAAAA-TCP_FORW: name:enp0s3: saddr:100932208: daddr:33561200
[  300.648056] AAAAA-TCP_FORW: name:enp0s3: saddr:100932208: daddr:33561200
[  300.678464] AAAAA-TCP_FORW: name:enp0s3: saddr:33561200: daddr:100932208
[  300.738068] AAAAA-TCP_FORW: name:enp0s3: saddr:100932208: daddr:33561200
[  300.757339] AAAAA-TCP_FORW: name:enp0s3: saddr:16783984: daddr:100932208
[  300.830729] AAAAA-TCP_FORW: name:enp0s3: saddr:100932208: daddr:33561200
[  300.947542] AAAAA-TCP_FORW: name:enp0s3: saddr:100932208: daddr:33561200
[  300.971967] AAAAA-TCP_FORW: name:enp0s3: saddr:16783984: daddr:100932208
[  301.015497] AAAAA-TCP_FORW: name:enp0s3: saddr:100932208: daddr:33561200
[  301.061368] AAAAA-TCP_FORW: name:enp0s3: saddr:100932208: daddr:33561200
[  301.146656] AAAAA-TCP_FORW: name:enp0s3: saddr:16783984: daddr:100932208
[  301.230075] AAAAA-TCP_FORW: name:enp0s3: saddr:100932208: daddr:33561200
[  301.274520] AAAAA-TCP_FORW: name:enp0s3: saddr:16783984: daddr:100932208
[  301.403901] AAAAA-TCP_FORW: name:enp0s3: saddr:100932208: daddr:33561200
[  301.432327] AAAAA-TCP_FORW: name:enp0s3: saddr:16783984: daddr:100932208
[  301.510206] AAAAA-TCP_FORW: name:enp0s3: saddr:16783984: daddr:100932208
[  301.528379] AAAAA-TCP_FORW: name:enp0s3: saddr:100932208: daddr:33561200
[  301.564180] AAAAA-TCP_FORW: name:enp0s3: saddr:16783984: daddr:100932208
[  301.581064] AAAAA-TCP_FORW: name:enp0s3: saddr:100932208: daddr:33561200
[  301.684539] AAAAA-TCP_FORW: name:enp0s3: saddr:100932208: daddr:33561200
[  301.730928] AAAAA-TCP_FORW: name:enp0s3: saddr:16783984: daddr:100932208
[  301.781525] AAAAA-TCP_FORW: name:enp0s3: saddr:100932208: daddr:33561200
[  301.842645] AAAAA-TCP_FORW: name:enp0s3: saddr:16783984: daddr:100932208
[  301.848722] AAAAA-TCP_FORW: name:enp0s3: saddr:16783984: daddr:100932208
[  301.864257] AAAAA-TCP_FORW: name:enp0s3: saddr:100932208: daddr:33561200
[  302.013703] AAAAA-TCP_FORW: name:enp0s3: saddr:100932208: daddr:33561200
[  302.127543] AAAAA-TCP_FORW: name:enp0s3: saddr:100932208: daddr:33561200
[  302.580316] AAAAA-TCP_FORW: name:enp0s3: saddr:100932208: daddr:16783984
[  302.586227] AAAAA-TCP_FORW: name:enp0s3: saddr:16783984: daddr:100932208
[  302.663724] AAAAA-TCP_FORW: name:enp0s3: saddr:100932208: daddr:16783984
[  302.845509] AAAAA-TCP_FORW: name:enp0s3: saddr:33561200: daddr:100932208
[  303.307475] AAAAA-TCP_FORW: name:enp0s3: saddr:100932208: daddr:33561200
[  303.364350] AAAAA-TCP_FORW: name:enp0s3: saddr:100932208: daddr:16783984
[  303.416156] AAAAA-TCP_FORW: name:enp0s3: saddr:100932208: daddr:16783984
[  303.495405] AAAAA-TCP_FORW: name:enp0s3: saddr:100932208: daddr:16783984
[  303.570448] AAAAA-TCP_FORW: name:enp0s3: saddr:100932208: daddr:16783984
[  303.610791] AAAAA-TCP_FORW: name:enp0s3: saddr:100932208: daddr:33561200
[  303.750761] AAAAA-TCP_FORW: name:enp0s3: saddr:100932208: daddr:16783984
[  303.820308] AAAAA-TCP_FORW: name:enp0s3: saddr:100932208: daddr:16783984
[  303.922182] AAAAA-TCP_FORW: name:enp0s3: saddr:100932208: daddr:33561200
[  304.094850] AAAAA-TCP_FORW: name:enp0s3: saddr:100932208: daddr:16783984
[  304.116172] AAAAA-TCP_FORW: name:enp0s3: saddr:33561200: daddr:100932208
[  304.167103] AAAAA-TCP_FORW: name:enp0s3: saddr:100932208: daddr:16783984
[  304.267171] AAAAA-TCP_FORW: name:enp0s3: saddr:100932208: daddr:16783984
[  304.438749] AAAAA-TCP_FORW: name:enp0s3: saddr:100932208: daddr:33561200
[  304.516221] AAAAA-TCP_FORW: name:enp0s3: saddr:100932208: daddr:33561200
[  304.548181] AAAAA-TCP_FORW: name:enp0s3: saddr:33561200: daddr:100932208
[  304.625659] AAAAA-TCP_FORW: name:enp0s3: saddr:100932208: daddr:16783984
[  304.709892] AAAAA-TCP_FORW: name:enp0s3: saddr:100932208: daddr:16783984
[  304.841897] AAAAA-TCP_FORW: name:enp0s3: saddr:100932208: daddr:16783984
[  304.865370] AAAAA-TCP_FORW: name:enp0s3: saddr:33561200: daddr:100932208
[  305.005860] AAAAA-TCP_FORW: name:enp0s3: saddr:33561200: daddr:100932208
[  305.358896] AAAAA-TCP_FORW: name:enp0s3: saddr:100932208: daddr:33561200
[  305.429588] AAAAA-TCP_FORW: name:enp0s3: saddr:100932208: daddr:33561200
[  305.462501] AAAAA-TCP_FORW: name:enp0s3: saddr:100932208: daddr:33561200
[  305.595569] AAAAA-TCP_FORW: name:enp0s3: saddr:100932208: daddr:33561200
[  305.724898] AAAAA-TCP_FORW: name:enp0s3: saddr:100932208: daddr:33561200
[  305.799313] AAAAA-TCP_FORW: name:enp0s3: saddr:100932208: daddr:33561200
[  305.856136] AAAAA-TCP_FORW: name:enp0s3: saddr:100932208: daddr:33561200
[  305.899569] AAAAA-TCP_FORW: name:enp0s3: saddr:100932208: daddr:33561200
[  305.929839] AAAAA-TCP_FORW: name:enp0s3: saddr:100932208: daddr:33561200
[  306.000914] AAAAA-TCP_FORW: name:enp0s3: saddr:100932208: daddr:16783984
[  306.099336] AAAAA-TCP_FORW: name:enp0s3: saddr:100932208: daddr:16783984
[  306.196716] AAAAA-TCP_FORW: name:enp0s3: saddr:100932208: daddr:16783984
[  306.248559] AAAAA-TCP_FORW: name:enp0s3: saddr:100932208: daddr:16783984
[  306.309347] AAAAA-TCP_FORW: name:enp0s3: saddr:33561200: daddr:100932208
[  306.324053] AAAAA-TCP_FORW: name:enp0s3: saddr:100932208: daddr:16783984
[  306.381853] AAAAA-TCP_FORW: name:enp0s3: saddr:100932208: daddr:33561200
[  306.469942] AAAAA-TCP_FORW: name:enp0s3: saddr:100932208: daddr:16783984
[  306.496166] AAAAA-TCP_FORW: name:enp0s3: saddr:33561200: daddr:100932208
[  306.578708] AAAAA-TCP_FORW: name:enp0s3: saddr:100932208: daddr:33561200
[  306.746639] AAAAA-TCP_FORW: name:enp0s3: saddr:33561200: daddr:100932208
[  306.924914] AAAAA-TCP_FORW: name:enp0s3: saddr:33561200: daddr:100932208
[  307.149362] AAAAA-TCP_FORW: name:enp0s3: saddr:33561200: daddr:100932208
[  307.339385] AAAAA-TCP_FORW: name:enp0s3: saddr:33561200: daddr:100932208
[  307.354808] AAAAA-TCP_FORW: name:enp0s3: saddr:100932208: daddr:33561200
[  307.622572] AAAAA-TCP_FORW: name:enp0s3: saddr:33561200: daddr:100932208
[  307.836590] AAAAA-TCP_FORW: name:enp0s3: saddr:33561200: daddr:100932208
