[    0.000000] Linux version 5.4.243-mptcp (root@ztg) (gcc version 12.2.0 (Debian 12.2.0-14+deb12u1)) #53 SMP Wed Dec 24 23:28:15 CST 2025
[    0.000000] Command line: BOOT_IMAGE=/boot/vmlinuz-5.4.243-mptcp root=UUID=98415a12-53b7-4144-8265-0f7ece09e445 ro quiet splash
[    0.000000] KERNEL supported cpus:
[    0.000000]   Intel GenuineIntel
[    0.000000]   AMD AuthenticAMD
[    0.000000]   Hygon HygonGenuine
[    0.000000]   Centaur CentaurHauls
[    0.000000]   zhaoxin   Shanghai  
[    0.000000] x86/fpu: Supporting XSAVE feature 0x001: 'x87 floating point registers'
[    0.000000] x86/fpu: Supporting XSAVE feature 0x002: 'SSE registers'
[    0.000000] x86/fpu: Supporting XSAVE feature 0x004: 'AVX registers'
[    0.000000] x86/fpu: xstate_offset[2]:  576, xstate_sizes[2]:  256
[    0.000000] x86/fpu: Enabled xstate features 0x7, context size is 832 bytes, using 'standard' format.
[    0.000000] BIOS-provided physical RAM map:
[    0.000000] BIOS-e820: [mem 0x0000000000000000-0x000000000009fbff] usable
[    0.000000] BIOS-e820: [mem 0x000000000009fc00-0x000000000009ffff] reserved
[    0.000000] BIOS-e820: [mem 0x00000000000f0000-0x00000000000fffff] reserved
[    0.000000] BIOS-e820: [mem 0x0000000000100000-0x000000007ffeffff] usable
[    0.000000] BIOS-e820: [mem 0x000000007fff0000-0x000000007fffffff] ACPI data
[    0.000000] BIOS-e820: [mem 0x00000000fec00000-0x00000000fec00fff] reserved
[    0.000000] BIOS-e820: [mem 0x00000000fee00000-0x00000000fee00fff] reserved
[    0.000000] BIOS-e820: [mem 0x00000000fffc0000-0x00000000ffffffff] reserved
[    0.000000] NX (Execute Disable) protection: active
[    0.000000] SMBIOS 2.5 present.
[    0.000000] DMI: innotek GmbH VirtualBox/VirtualBox, BIOS VirtualBox 12/01/2006
[    0.000000] Hypervisor detected: KVM
[    0.000000] kvm-clock: Using msrs 4b564d01 and 4b564d00
[    0.000000] kvm-clock: cpu 0, msr 20601001, primary cpu clock
[    0.000000] kvm-clock: using sched offset of 4416550094 cycles
[    0.000003] clocksource: kvm-clock: mask: 0xffffffffffffffff max_cycles: 0x1cd42e4dffb, max_idle_ns: 881590591483 ns
[    0.000007] tsc: Detected 2100.000 MHz processor
[    0.001892] e820: update [mem 0x00000000-0x00000fff] usable ==> reserved
[    0.001894] e820: remove [mem 0x000a0000-0x000fffff] usable
[    0.001898] last_pfn = 0x7fff0 max_arch_pfn = 0x400000000
[    0.001968] MTRR default type: uncachable
[    0.001969] MTRR fixed ranges enabled:
[    0.001970]   00000-9FFFF write-back
[    0.001971]   A0000-BFFFF uncachable
[    0.001972]   C0000-FFFFF write-protect
[    0.001972] MTRR variable ranges enabled:
[    0.001974]   0 base 000000000000 mask 3FFF80000000 write-back
[    0.001975]   1 disabled
[    0.001975]   2 disabled
[    0.001975]   3 disabled
[    0.001976]   4 disabled
[    0.001976]   5 disabled
[    0.001977]   6 disabled
[    0.001977]   7 disabled
[    0.001978]   8 disabled
[    0.001978]   9 disabled
[    0.001978]   10 disabled
[    0.001979]   11 disabled
[    0.001979]   12 disabled
[    0.001980]   13 disabled
[    0.001980]   14 disabled
[    0.001981]   15 disabled
[    0.001997] x86/PAT: Configuration [0-7]: WB  WC  UC- UC  WB  WP  UC- WT  
[    0.002133] found SMP MP-table at [mem 0x0009fff0-0x0009ffff]
[    0.091640] check: Scanning 1 areas for low memory corruption
[    0.091873] RAMDISK: [mem 0x32271000-0x3512ffff]
[    0.091881] ACPI: Early table checksum verification disabled
[    0.091886] ACPI: RSDP 0x00000000000E0000 000024 (v02 VBOX  )
[    0.091891] ACPI: XSDT 0x000000007FFF0030 00003C (v01 VBOX   VBOXXSDT 00000001 ASL  00000061)
[    0.091898] ACPI: FACP 0x000000007FFF00F0 0000F4 (v04 VBOX   VBOXFACP 00000001 ASL  00000061)
[    0.091904] ACPI: DSDT 0x000000007FFF02E0 002353 (v02 VBOX   VBOXBIOS 00000002 VBOX 00029BF3)
[    0.091909] ACPI: FACS 0x000000007FFF0200 000040
[    0.091912] ACPI: FACS 0x000000007FFF0200 000040
[    0.091915] ACPI: APIC 0x000000007FFF0240 000054 (v02 VBOX   VBOXAPIC 00000001 ASL  00000061)
[    0.091919] ACPI: SSDT 0x000000007FFF02A0 000038 (v01 VBOX   VBOXCPUT 00000002 VBOX 00029BF3)
[    0.091922] ACPI: Reserving FACP table memory at [mem 0x7fff00f0-0x7fff01e3]
[    0.091923] ACPI: Reserving DSDT table memory at [mem 0x7fff02e0-0x7fff2632]
[    0.091924] ACPI: Reserving FACS table memory at [mem 0x7fff0200-0x7fff023f]
[    0.091925] ACPI: Reserving FACS table memory at [mem 0x7fff0200-0x7fff023f]
[    0.091925] ACPI: Reserving APIC table memory at [mem 0x7fff0240-0x7fff0293]
[    0.091926] ACPI: Reserving SSDT table memory at [mem 0x7fff02a0-0x7fff02d7]
[    0.091940] ACPI: Local APIC address 0xfee00000
[    0.092130] No NUMA configuration found
[    0.092131] Faking a node at [mem 0x0000000000000000-0x000000007ffeffff]
[    0.092141] NODE_DATA(0) allocated [mem 0x7ffc5000-0x7ffeffff]
[    0.092424] Zone ranges:
[    0.092425]   DMA      [mem 0x0000000000001000-0x0000000000ffffff]
[    0.092427]   DMA32    [mem 0x0000000001000000-0x000000007ffeffff]
[    0.092428]   Normal   empty
[    0.092428]   Device   empty
[    0.092429] Movable zone start for each node
[    0.092431] Early memory node ranges
[    0.092432]   node   0: [mem 0x0000000000001000-0x000000000009efff]
[    0.092432]   node   0: [mem 0x0000000000100000-0x000000007ffeffff]
[    0.092436] Zeroed struct page in unavailable ranges: 114 pages
[    0.092437] Initmem setup node 0 [mem 0x0000000000001000-0x000000007ffeffff]
[    0.092438] On node 0 totalpages: 524174
[    0.092439]   DMA zone: 64 pages used for memmap
[    0.092440]   DMA zone: 21 pages reserved
[    0.092441]   DMA zone: 3998 pages, LIFO batch:0
[    0.092512]   DMA32 zone: 8128 pages used for memmap
[    0.092512]   DMA32 zone: 520176 pages, LIFO batch:63
[    0.101588] ACPI: PM-Timer IO Port: 0x4008
[    0.101592] ACPI: Local APIC address 0xfee00000
[    0.101667] IOAPIC[0]: apic_id 1, version 32, address 0xfec00000, GSI 0-23
[    0.101671] ACPI: INT_SRC_OVR (bus 0 bus_irq 0 global_irq 2 dfl dfl)
[    0.101673] ACPI: INT_SRC_OVR (bus 0 bus_irq 9 global_irq 9 low level)
[    0.101674] ACPI: IRQ0 used by override.
[    0.101676] ACPI: IRQ9 used by override.
[    0.101678] Using ACPI (MADT) for SMP configuration information
[    0.101687] smpboot: Allowing 1 CPUs, 0 hotplug CPUs
[    0.101710] PM: Registered nosave memory: [mem 0x00000000-0x00000fff]
[    0.101712] PM: Registered nosave memory: [mem 0x0009f000-0x0009ffff]
[    0.101712] PM: Registered nosave memory: [mem 0x000a0000-0x000effff]
[    0.101713] PM: Registered nosave memory: [mem 0x000f0000-0x000fffff]
[    0.101715] [mem 0x80000000-0xfebfffff] available for PCI devices
[    0.101716] Booting paravirtualized kernel on KVM
[    0.101719] clocksource: refined-jiffies: mask: 0xffffffff max_cycles: 0xffffffff, max_idle_ns: 7645519600211568 ns
[    0.101724] setup_percpu: NR_CPUS:8192 nr_cpumask_bits:1 nr_cpu_ids:1 nr_node_ids:1
[    0.102719] percpu: Embedded 60 pages/cpu s208896 r8192 d28672 u2097152
[    0.102724] pcpu-alloc: s208896 r8192 d28672 u2097152 alloc=1*2097152
[    0.102724] pcpu-alloc: [0] 0 
[    0.102751] Built 1 zonelists, mobility grouping on.  Total pages: 515961
[    0.102752] Policy zone: DMA32
[    0.102753] Kernel command line: BOOT_IMAGE=/boot/vmlinuz-5.4.243-mptcp root=UUID=98415a12-53b7-4144-8265-0f7ece09e445 ro quiet splash
[    0.103590] Dentry cache hash table entries: 262144 (order: 9, 2097152 bytes, linear)
[    0.103854] Inode-cache hash table entries: 131072 (order: 8, 1048576 bytes, linear)
[    0.103906] mem auto-init: stack:off, heap alloc:on, heap free:off
[    0.103909] Calgary: detecting Calgary via BIOS EBDA area
[    0.103910] Calgary: Unable to locate Rio Grande table in EBDA - bailing!
[    0.108271] Memory: 1967332K/2096696K available (14339K kernel code, 2398K rwdata, 4712K rodata, 2728K init, 17260K bss, 129364K reserved, 0K cma-reserved)
[    0.109193] SLUB: HWalign=64, Order=0-3, MinObjects=0, CPUs=1, Nodes=1
[    0.109210] ftrace: allocating 43186 entries in 169 pages
[    0.127547] rcu: Hierarchical RCU implementation.
[    0.127549] rcu: 	RCU restricting CPUs from NR_CPUS=8192 to nr_cpu_ids=1.
[    0.127550] 	Tasks RCU enabled.
[    0.127551] rcu: RCU calculated value of scheduler-enlistment delay is 25 jiffies.
[    0.127552] rcu: Adjusting geometry for rcu_fanout_leaf=16, nr_cpu_ids=1
[    0.130519] NR_IRQS: 524544, nr_irqs: 256, preallocated irqs: 16
[    0.130736] random: crng init done
[    0.140113] Console: colour VGA+ 80x25
[    0.140118] printk: console [tty0] enabled
[    0.140140] ACPI: Core revision 20190816
[    0.140243] APIC: Switch to symmetric I/O mode setup
[    0.140494] x2apic enabled
[    0.140734] Switched APIC routing to physical x2apic.
[    0.141881] ..TIMER: vector=0x30 apic1=0 pin1=2 apic2=-1 pin2=-1
[    0.141908] clocksource: tsc-early: mask: 0xffffffffffffffff max_cycles: 0x1e4530a99b6, max_idle_ns: 440795257976 ns
[    0.141915] Calibrating delay loop (skipped) preset value.. 4200.00 BogoMIPS (lpj=8400000)
[    0.141917] pid_max: default: 32768 minimum: 301
[    0.141946] LSM: Security Framework initializing
[    0.141955] Yama: becoming mindful.
[    0.141982] AppArmor: AppArmor initialized
[    0.142017] Mount-cache hash table entries: 4096 (order: 3, 32768 bytes, linear)
[    0.142022] Mountpoint-cache hash table entries: 4096 (order: 3, 32768 bytes, linear)
[    0.142033] *** VALIDATE tmpfs ***
[    0.142164] *** VALIDATE proc ***
[    0.142205] *** VALIDATE cgroup1 ***
[    0.142206] *** VALIDATE cgroup2 ***
[    0.142348] process: using mwait in idle threads
[    0.142353] Last level iTLB entries: 4KB 64, 2MB 8, 4MB 8
[    0.142354] Last level dTLB entries: 4KB 64, 2MB 0, 4MB 0, 1GB 4
[    0.142374] Spectre V1 : Mitigation: usercopy/swapgs barriers and __user pointer sanitization
[    0.142381] Spectre V2 : Mitigation: Retpolines
[    0.142381] Spectre V2 : Spectre v2 / SpectreRSB mitigation: Filling RSB on context switch
[    0.142382] Spectre V2 : Spectre v2 / SpectreRSB : Filling RSB on VMEXIT
[    0.142382] RETBleed: WARNING: Spectre v2 mitigation leaves CPU vulnerable to RETBleed attacks, data leaks possible!
[    0.142735] RETBleed: Vulnerable
[    0.142735] Speculative Store Bypass: Vulnerable
[    0.142740] TAA: Mitigation: TSX disabled
[    0.142740] MMIO Stale Data: Mitigation: Clear CPU buffers
[    0.147004] Freeing SMP alternatives memory: 40K
[    0.258218] smpboot: CPU0: Intel(R) Xeon(R) Silver 4216 CPU @ 2.10GHz (family: 0x6, model: 0x55, stepping: 0x7)
[    0.258372] Performance Events: unsupported p6 CPU model 85 no PMU driver, software events only.
[    0.258417] rcu: Hierarchical SRCU implementation.
[    0.258893] NMI watchdog: Perf NMI watchdog permanently disabled
[    0.258932] smp: Bringing up secondary CPUs ...
[    0.258933] smp: Brought up 1 node, 1 CPU
[    0.258934] smpboot: Max logical packages: 1
[    0.258936] smpboot: Total of 1 processors activated (4200.00 BogoMIPS)
[    0.259936] devtmpfs: initialized
[    0.259985] x86/mm: Memory block size: 128MB
[    0.260356] clocksource: jiffies: mask: 0xffffffff max_cycles: 0xffffffff, max_idle_ns: 7645041785100000 ns
[    0.260362] futex hash table entries: 256 (order: 2, 16384 bytes, linear)
[    0.260407] pinctrl core: initialized pinctrl subsystem
[    0.260512] PM: RTC time: 19:05:02, date: 2026-01-16
[    0.260622] NET: Registered protocol family 16
[    0.260697] audit: initializing netlink subsys (disabled)
[    0.260825] EISA bus registered
[    0.260827] cpuidle: using governor ladder
[    0.260828] cpuidle: using governor menu
[    0.260864] ACPI: bus type PCI registered
[    0.260866] acpiphp: ACPI Hot Plug PCI Controller Driver version: 0.5
[    0.260971] PCI: Using configuration type 1 for base access
[    0.262338] audit: type=2000 audit(1768561508.668:1): state=initialized audit_enabled=0 res=1
[    0.262418] HugeTLB registered 2.00 MiB page size, pre-allocated 0 pages
[    0.263233] ACPI: Added _OSI(Module Device)
[    0.263233] ACPI: Added _OSI(Processor Device)
[    0.263234] ACPI: Added _OSI(3.0 _SCP Extensions)
[    0.263235] ACPI: Added _OSI(Processor Aggregator Device)
[    0.263236] ACPI: Added _OSI(Linux-Dell-Video)
[    0.263237] ACPI: Added _OSI(Linux-Lenovo-NV-HDMI-Audio)
[    0.263237] ACPI: Added _OSI(Linux-HPI-Hybrid-Graphics)
[    0.265187] ACPI: 2 ACPI AML tables successfully acquired and loaded
[    0.266695] ACPI: Interpreter enabled
[    0.266705] ACPI: (supports S0 S5)
[    0.266706] ACPI: Using IOAPIC for interrupt routing
[    0.266913] PCI: Using host bridge windows from ACPI; if necessary, use "pci=nocrs" and report a bug
[    0.267022] ACPI: Enabled 2 GPEs in block 00 to 07
[    0.271834] ACPI: PCI Root Bridge [PCI0] (domain 0000 [bus 00-ff])
[    0.271839] acpi PNP0A03:00: _OSC: OS supports [ASPM ClockPM Segments MSI HPX-Type3]
[    0.272281] acpi PNP0A03:00: _OSC: not requesting OS control; OS requires [ExtendedConfig ASPM ClockPM MSI]
[    0.272289] acpi PNP0A03:00: fail to add MMCONFIG information, can't access extended PCI configuration space under this bridge.
[    0.272660] PCI host bridge to bus 0000:00
[    0.272662] pci_bus 0000:00: root bus resource [io  0x0000-0x0cf7 window]
[    0.272663] pci_bus 0000:00: root bus resource [io  0x0d00-0xffff window]
[    0.272664] pci_bus 0000:00: root bus resource [mem 0x000a0000-0x000bffff window]
[    0.272665] pci_bus 0000:00: root bus resource [mem 0x80000000-0xfdffffff window]
[    0.272667] pci_bus 0000:00: root bus resource [bus 00-ff]
[    0.272705] pci 0000:00:00.0: [8086:1237] type 00 class 0x060000
[    0.273644] pci 0000:00:01.0: [8086:7000] type 00 class 0x060100
[    0.274423] pci 0000:00:01.1: [8086:7111] type 00 class 0x01018a
[    0.274797] pci 0000:00:01.1: reg 0x20: [io  0xd000-0xd00f]
[    0.274949] pci 0000:00:01.1: legacy IDE quirk: reg 0x10: [io  0x01f0-0x01f7]
[    0.274950] pci 0000:00:01.1: legacy IDE quirk: reg 0x14: [io  0x03f6]
[    0.274951] pci 0000:00:01.1: legacy IDE quirk: reg 0x18: [io  0x0170-0x0177]
[    0.274952] pci 0000:00:01.1: legacy IDE quirk: reg 0x1c: [io  0x0376]
[    0.275487] pci 0000:00:02.0: [15ad:0405] type 00 class 0x030000
[    0.277987] pci 0000:00:02.0: reg 0x10: [io  0xd010-0xd01f]
[    0.280826] pci 0000:00:02.0: reg 0x14: [mem 0xe0000000-0xe7ffffff pref]
[    0.283775] pci 0000:00:02.0: reg 0x18: [mem 0xf0000000-0xf01fffff]
[    0.294715] pci 0000:00:03.0: [1022:2000] type 00 class 0x020000
[    0.295490] pci 0000:00:03.0: reg 0x10: [io  0xd020-0xd03f]
[    0.296175] pci 0000:00:03.0: reg 0x14: [mem 0xf0200000-0xf0200fff]
[    0.300475] pci 0000:00:04.0: [80ee:cafe] type 00 class 0x088000
[    0.301150] pci 0000:00:04.0: reg 0x10: [io  0xd040-0xd05f]
[    0.301910] pci 0000:00:04.0: reg 0x14: [mem 0xf0400000-0xf07fffff]
[    0.301910] pci 0000:00:04.0: reg 0x18: [mem 0xf0800000-0xf0803fff pref]
[    0.306707] pci 0000:00:07.0: [8086:7113] type 00 class 0x068000
[    0.307253] pci 0000:00:07.0: quirk: [io  0x4000-0x403f] claimed by PIIX4 ACPI
[    0.307263] pci 0000:00:07.0: quirk: [io  0x4100-0x410f] claimed by PIIX4 SMB
[    0.307874] pci 0000:00:08.0: [8086:100e] type 00 class 0x020000
[    0.308590] pci 0000:00:08.0: reg 0x10: [mem 0xf0820000-0xf083ffff]
[    0.309786] pci 0000:00:08.0: reg 0x18: [io  0xd060-0xd067]
[    0.312646] pci 0000:00:09.0: [8086:100e] type 00 class 0x020000
[    0.313413] pci 0000:00:09.0: reg 0x10: [mem 0xf0840000-0xf085ffff]
[    0.314586] pci 0000:00:09.0: reg 0x18: [io  0xd068-0xd06f]
[    0.326037] ACPI: PCI Interrupt Link [LNKA] (IRQs 5 9 10 *11)
[    0.326317] ACPI: PCI Interrupt Link [LNKB] (IRQs 5 9 *10 11)
[    0.326419] ACPI: PCI Interrupt Link [LNKC] (IRQs 5 *9 10 11)
[    0.326521] ACPI: PCI Interrupt Link [LNKD] (IRQs 5 9 10 *11)
[    0.326795] iommu: Default domain type: Translated 
[    0.326856] pci 0000:00:02.0: vgaarb: setting as boot VGA device
[    0.326858] pci 0000:00:02.0: vgaarb: VGA device added: decodes=io+mem,owns=io+mem,locks=none
[    0.326860] pci 0000:00:02.0: vgaarb: bridge control possible
[    0.326861] vgaarb: loaded
[    0.327075] SCSI subsystem initialized
[    0.327108] libata version 3.00 loaded.
[    0.327132] ACPI: bus type USB registered
[    0.327147] usbcore: registered new interface driver usbfs
[    0.327153] usbcore: registered new interface driver hub
[    0.327158] usbcore: registered new device driver usb
[    0.327186] pps_core: LinuxPPS API ver. 1 registered
[    0.327187] pps_core: Software ver. 5.3.6 - Copyright 2005-2007 Rodolfo Giometti <giometti@linux.it>
[    0.327189] PTP clock support registered
[    0.327223] EDAC MC: Ver: 3.0.0
[    0.327517] PCI: Using ACPI for IRQ routing
[    0.327518] PCI: pci_cache_line_size set to 64 bytes
[    0.327686] e820: reserve RAM buffer [mem 0x0009fc00-0x0009ffff]
[    0.327691] e820: reserve RAM buffer [mem 0x7fff0000-0x7fffffff]
[    0.328480] NetLabel: Initializing
[    0.328481] NetLabel:  domain hash size = 128
[    0.328482] NetLabel:  protocols = UNLABELED CIPSOv4 CALIPSO
[    0.328502] NetLabel:  unlabeled traffic allowed by default
[    0.329420] clocksource: Switched to clocksource kvm-clock
[    0.340572] *** VALIDATE bpf ***
[    0.340636] VFS: Disk quotas dquot_6.6.0
[    0.340650] VFS: Dquot-cache hash table entries: 512 (order 0, 4096 bytes)
[    0.340674] *** VALIDATE ramfs ***
[    0.340677] *** VALIDATE hugetlbfs ***
[    0.340763] AppArmor: AppArmor Filesystem Enabled
[    0.340793] pnp: PnP ACPI init
[    0.340869] pnp 00:00: Plug and Play ACPI device, IDs PNP0303 (active)
[    0.340937] pnp 00:01: Plug and Play ACPI device, IDs PNP0f03 (active)
[    0.341673] pnp: PnP ACPI: found 2 devices
[    0.342657] thermal_sys: Registered thermal governor 'fair_share'
[    0.342658] thermal_sys: Registered thermal governor 'bang_bang'
[    0.342658] thermal_sys: Registered thermal governor 'step_wise'
[    0.342659] thermal_sys: Registered thermal governor 'user_space'
[    0.342660] thermal_sys: Registered thermal governor 'power_allocator'
[    0.347255] clocksource: acpi_pm: mask: 0xffffff max_cycles: 0xffffff, max_idle_ns: 2085701024 ns
[    0.347255] pci_bus 0000:00: resource 4 [io  0x0000-0x0cf7 window]
[    0.347255] pci_bus 0000:00: resource 5 [io  0x0d00-0xffff window]
[    0.347255] pci_bus 0000:00: resource 6 [mem 0x000a0000-0x000bffff window]
[    0.347255] pci_bus 0000:00: resource 7 [mem 0x80000000-0xfdffffff window]
[    0.347255] NET: Registered protocol family 2
[    0.347255] IP idents hash table entries: 32768 (order: 6, 262144 bytes, linear)
[    0.347255] MPTCP tokens hash table entries: 8192 (order: 4, 65536 bytes, linear)
[    0.347255] MPTCP request tokens hash table entries: 8192 (order: 4, 65536 bytes, linear)
[    0.347255] default registered
[    0.347255] default registered
[    0.347255] MPTCP: Stable release v0.96
[    0.347255] tcp_listen_portaddr_hash hash table entries: 1024 (order: 2, 16384 bytes, linear)
[    0.347255] TCP established hash table entries: 16384 (order: 5, 131072 bytes, linear)
[    0.347255] TCP bind hash table entries: 16384 (order: 6, 262144 bytes, linear)
[    0.347255] TCP: Hash tables configured (established 16384 bind 16384)
[    0.347255] UDP hash table entries: 1024 (order: 3, 32768 bytes, linear)
[    0.347255] UDP-Lite hash table entries: 1024 (order: 3, 32768 bytes, linear)
[    0.347255] NET: Registered protocol family 1
[    0.347255] NET: Registered protocol family 44
[    0.347255] pci 0000:00:00.0: Limiting direct PCI/PCI transfers
[    0.347255] pci 0000:00:01.0: Activating ISA DMA hang workarounds
[    0.347255] pci 0000:00:02.0: Video device with shadowed ROM at [mem 0x000c0000-0x000dffff]
[    0.347255] PCI: CLS 0 bytes, default 64
[    0.347255] Trying to unpack rootfs image as initramfs...
[    0.527513] Freeing initrd memory: 47868K
[    0.527513] clocksource: tsc: mask: 0xffffffffffffffff max_cycles: 0x1e4530a99b6, max_idle_ns: 440795257976 ns
[    0.527513] clocksource: Switched to clocksource tsc
[    0.527513] platform rtc_cmos: registered platform RTC device (no PNP device found)
[    0.527513] check: Scanning for low memory corruption every 60 seconds
[    0.527513] Initialise system trusted keyrings
[    0.527513] Key type blacklist registered
[    0.527513] workingset: timestamp_bits=36 max_order=19 bucket_order=0
[    0.527513] zbud: loaded
[    0.527513] squashfs: version 4.0 (2009/01/31) Phillip Lougher
[    0.527513] fuse: init (API version 7.31)
[    0.527513] *** VALIDATE fuse ***
[    0.527513] *** VALIDATE fuse ***
[    0.527513] Platform Keyring initialized
[    0.527513] Key type asymmetric registered
[    0.527513] Asymmetric key parser 'x509' registered
[    0.527513] Block layer SCSI generic (bsg) driver version 0.4 loaded (major 244)
[    0.527513] io scheduler mq-deadline registered
[    0.527513] shpchp: Standard Hot Plug PCI Controller Driver version: 0.4
[    0.541656] ACPI: AC Adapter [AC] (on-line)
[    0.541704] input: Power Button as /devices/LNXSYSTM:00/LNXPWRBN:00/input/input0
[    0.541731] ACPI: Power Button [PWRF]
[    0.541816] input: Sleep Button as /devices/LNXSYSTM:00/LNXSLPBN:00/input/input1
[    0.541831] ACPI: Sleep Button [SLPF]
[    0.542072] Serial: 8250/16550 driver, 32 ports, IRQ sharing enabled
[    0.543254] Linux agpgart interface v0.103
[    0.639224] loop: module loaded
[    0.639373] ata_piix 0000:00:01.1: version 2.13
[    0.639788] scsi host0: ata_piix
[    0.639879] scsi host1: ata_piix
[    0.639905] ata1: PATA max UDMA/33 cmd 0x1f0 ctl 0x3f6 bmdma 0xd000 irq 14
[    0.639905] ata2: PATA max UDMA/33 cmd 0x170 ctl 0x376 bmdma 0xd008 irq 15
[    0.639988] tun: Universal TUN/TAP device driver, 1.6
[    0.640302] PPP generic driver version 2.4.2
[    0.640344] VFIO - User Level meta-driver version: 0.3
[    0.640577] ehci_hcd: USB 2.0 'Enhanced' Host Controller (EHCI) Driver
[    0.640583] ehci-pci: EHCI PCI platform driver
[    0.640598] ehci-platform: EHCI generic platform driver
[    0.640603] ohci_hcd: USB 1.1 'Open' Host Controller (OHCI) Driver
[    0.640605] ohci-pci: OHCI PCI platform driver
[    0.640612] ohci-platform: OHCI generic platform driver
[    0.640617] uhci_hcd: USB Universal Host Controller Interface driver
[    0.640682] i8042: PNP: PS/2 Controller [PNP0303:PS2K,PNP0f03:PS2M] at 0x60,0x64 irq 1,12
[    0.641122] serio: i8042 KBD port at 0x60,0x64 irq 1
[    0.641126] serio: i8042 AUX port at 0x60,0x64 irq 12
[    0.641213] mousedev: PS/2 mouse device common for all mice
[    0.641472] input: AT Translated Set 2 keyboard as /devices/platform/i8042/serio0/input/input2
[    0.641869] rtc_cmos rtc_cmos: registered as rtc0
[    0.641883] rtc_cmos rtc_cmos: alarms up to one day, 114 bytes nvram
[    0.641888] i2c /dev entries driver
[    0.641945] device-mapper: uevent: version 1.0.3
[    0.641990] device-mapper: ioctl: 4.41.0-ioctl (2019-09-16) initialised: dm-devel@redhat.com
[    0.642005] platform eisa.0: Probing EISA bus 0
[    0.642007] platform eisa.0: EISA: Cannot allocate resource for mainboard
[    0.642008] platform eisa.0: Cannot allocate resource for EISA slot 1
[    0.642009] platform eisa.0: Cannot allocate resource for EISA slot 2
[    0.642010] platform eisa.0: Cannot allocate resource for EISA slot 3
[    0.642011] platform eisa.0: Cannot allocate resource for EISA slot 4
[    0.642012] platform eisa.0: Cannot allocate resource for EISA slot 5
[    0.642013] platform eisa.0: Cannot allocate resource for EISA slot 6
[    0.642014] platform eisa.0: Cannot allocate resource for EISA slot 7
[    0.642015] platform eisa.0: Cannot allocate resource for EISA slot 8
[    0.642016] platform eisa.0: EISA: Detected 0 cards
[    0.642018] intel_pstate: CPU model not supported
[    0.642027] ledtrig-cpu: registered to indicate activity on CPUs
[    0.642082] drop_monitor: Initializing network drop monitor service
[    0.642241] NET: Registered protocol family 10
[    0.647373] Segment Routing with IPv6
[    0.647399] fullmesh registered
[    0.647399] ndiffports registered
[    0.647399] binder registered
[    0.647399] roundrobin registered
[    0.647399] redundant registered
[    0.647399] blest registered
[    0.647399] ecf registered
[    0.647399] NET: Registered protocol family 17
[    0.647399] Key type dns_resolver registered
[    0.647399] RAS: Correctable Errors collector initialized.
[    0.647399] IPI shorthand broadcast: enabled
[    0.647399] sched_clock: Marking stable (632215984, 11183251)->(646995477, -3596242)
[    0.647617] registered taskstats version 1
[    0.647626] Loading compiled-in X.509 certificates
[    0.648214] Loaded X.509 cert 'Build time autogenerated kernel key: 6909f3744cebb3d0de528d5887b96a727de79b1e'
[    0.648232] zswap: loaded using pool lzo/zbud
[    0.648287] Key type ._fscrypt registered
[    0.648288] Key type .fscrypt registered
[    0.652720] Key type big_key registered
[    0.654911] Key type encrypted registered
[    0.654913] AppArmor: AppArmor sha1 policy hashing enabled
[    0.654921] ima: No TPM chip found, activating TPM-bypass!
[    0.654925] ima: Allocated hash algorithm: sha1
[    0.654930] ima: No architecture policies found
[    0.654939] evm: Initialising EVM extended attributes:
[    0.654939] evm: security.selinux
[    0.654940] evm: security.SMACK64
[    0.654940] evm: security.SMACK64EXEC
[    0.654941] evm: security.SMACK64TRANSMUTE
[    0.654941] evm: security.SMACK64MMAP
[    0.654941] evm: security.apparmor
[    0.654942] evm: security.ima
[    0.654942] evm: security.capability
[    0.654943] evm: HMAC attrs: 0x1
[    0.655238] PM:   Magic number: 10:699:91
[    0.655344] rtc_cmos rtc_cmos: setting system clock to 2026-01-16T19:05:03 UTC (1768590303)
[    0.812987] ata1.00: ATA-6: VBOX HARDDISK, 1.0, max UDMA/133
[    0.812990] ata1.00: 209715200 sectors, multi 128: LBA 
[    0.813663] scsi 0:0:0:0: Direct-Access     ATA      VBOX HARDDISK    1.0  PQ: 0 ANSI: 5
[    0.813985] sd 0:0:0:0: [sda] 209715200 512-byte logical blocks: (107 GB/100 GiB)
[    0.813998] sd 0:0:0:0: [sda] Write Protect is off
[    0.814001] sd 0:0:0:0: [sda] Mode Sense: 00 3a 00 00
[    0.814021] sd 0:0:0:0: [sda] Write cache: enabled, read cache: enabled, doesn't support DPO or FUA
[    0.814351] sd 0:0:0:0: Attached scsi generic sg0 type 0
[    0.815456]  sda: sda1 sda2
[    0.827458] sd 0:0:0:0: [sda] Attached SCSI disk
[    0.830847] Freeing unused decrypted memory: 2040K
[    0.831824] Freeing unused kernel image memory: 2728K
[    0.831827] Write protecting the kernel read-only data: 22528k
[    0.832877] Freeing unused kernel image memory: 2036K
[    0.833439] Freeing unused kernel image memory: 1432K
[    0.861357] x86/mm: Checked W+X mappings: passed, no W+X pages found.
[    0.861364] Run /init as init process
[    0.968153] ACPI: Video Device [GFX0] (multi-head: yes  rom: no  post: no)
[    0.968231] input: Video Bus as /devices/LNXSYSTM:00/LNXSYBUS:00/PNP0A03:00/LNXVIDEO:00/input/input4
[    0.981503] pcnet32: pcnet32.c:v1.35 21.Apr.2008 tsbogend@alpha.franken.de
[    0.983135] piix4_smbus 0000:00:07.0: SMBus Host Controller at 0x4100, revision 0
[    0.985625] e1000: Intel(R) PRO/1000 Network Driver - version 7.3.21-k8-NAPI
[    0.985626] e1000: Copyright (c) 1999-2006 Intel Corporation.
[    0.996092] pcnet32: PCnet/FAST III 79C973 at 0xd020, 08:00:27:09:9a:12 assigned IRQ 19
[    0.996138] pcnet32: Found PHY 0022:561b at address 0
[    0.996441] pcnet32: eth0: registered as PCnet/FAST III 79C973
[    1.002730] pcnet32: 1 cards_found
[    1.057944] pcnet32 0000:00:03.0 enp0s3: renamed from eth0
[    1.197537] input: ImExPS/2 Generic Explorer Mouse as /devices/platform/i8042/serio1/input/input5
[    1.395598] e1000 0000:00:08.0 eth0: (PCI:33MHz:32-bit) 08:00:27:aa:f9:a9
[    1.395602] e1000 0000:00:08.0 eth0: Intel(R) PRO/1000 Network Connection
[    1.767640] e1000 0000:00:09.0 eth1: (PCI:33MHz:32-bit) 08:00:27:b4:73:cb
[    1.767644] e1000 0000:00:09.0 eth1: Intel(R) PRO/1000 Network Connection
[    1.768802] e1000 0000:00:09.0 enp0s9: renamed from eth1
[    1.770615] e1000 0000:00:08.0 enp0s8: renamed from eth0
[    1.936955] EXT4-fs (sda2): mounted filesystem with ordered data mode. Opts: (null)
[    2.021263] systemd[1]: Inserted module 'autofs4'
[    2.031623] systemd[1]: systemd 245.4-4ubuntu3 running in system mode. (+PAM +AUDIT +SELINUX +IMA +APPARMOR +SMACK +SYSVINIT +UTMP +LIBCRYPTSETUP +GCRYPT +GNUTLS +ACL +XZ +LZ4 +SECCOMP +BLKID +ELFUTILS +KMOD +IDN2 -IDN +PCRE2 default-hierarchy=hybrid)
[    2.031655] systemd[1]: Detected virtualization oracle.
[    2.031658] systemd[1]: Detected architecture x86-64.
[    2.032975] systemd[1]: Set hostname to <ztg>.
[    2.158608] systemd[1]: /lib/systemd/system/dbus.socket:5: ListenStream= references a path below legacy directory /var/run/, updating /var/run/dbus/system_bus_socket â†’ /run/dbus/system_bus_socket; please update the unit file accordingly.
[    2.213059] systemd[1]: Created slice system-modprobe.slice.
[    2.213245] systemd[1]: Created slice User and Session Slice.
[    2.213292] systemd[1]: Started Forward Password Requests to Wall Directory Watch.
[    2.213453] systemd[1]: Set up automount Arbitrary Executable File Formats File System Automount Point.
[    2.213486] systemd[1]: Reached target User and Group Name Lookups.
[    2.213495] systemd[1]: Reached target Remote File Systems.
[    2.213504] systemd[1]: Reached target Slices.
[    2.214085] systemd[1]: Listening on Syslog Socket.
[    2.214155] systemd[1]: Listening on fsck to fsckd communication Socket.
[    2.214192] systemd[1]: Listening on initctl Compatibility Named Pipe.
[    2.214348] systemd[1]: Listening on Journal Audit Socket.
[    2.214402] systemd[1]: Listening on Journal Socket (/dev/log).
[    2.214469] systemd[1]: Listening on Journal Socket.
[    2.214536] systemd[1]: Listening on udev Control Socket.
[    2.214576] systemd[1]: Listening on udev Kernel Socket.
[    2.215391] systemd[1]: Mounting Huge Pages File System...
[    2.216308] systemd[1]: Mounting POSIX Message Queue File System...
[    2.217187] systemd[1]: Mounting Kernel Debug File System...
[    2.218015] systemd[1]: Mounting Kernel Trace File System...
[    2.219925] systemd[1]: Starting Journal Service...
[    2.242038] systemd[1]: Starting Set the console keyboard layout...
[    2.250077] systemd[1]: Starting Create list of static device nodes for the current kernel...
[    2.252258] systemd[1]: Starting Load Kernel Module drm...
[    2.253393] systemd[1]: Condition check resulted in Set Up Additional Binary Formats being skipped.
[    2.253436] systemd[1]: Condition check resulted in File System Check on Root Device being skipped.
[    2.264438] systemd[1]: Starting Load Kernel Modules...
[    2.273417] systemd[1]: Starting Remount Root and Kernel File Systems...
[    2.285186] systemd[1]: Starting udev Coldplug all Devices...
[    2.293760] systemd[1]: Starting Uncomplicated firewall...
[    2.295333] systemd[1]: Mounted Huge Pages File System.
[    2.295459] systemd[1]: Mounted POSIX Message Queue File System.
[    2.295540] systemd[1]: Mounted Kernel Debug File System.
[    2.295611] systemd[1]: Mounted Kernel Trace File System.
[    2.305004] EXT4-fs (sda2): re-mounted. Opts: errors=remount-ro
[    2.333804] systemd[1]: Finished Create list of static device nodes for the current kernel.
[    2.334952] systemd[1]: modprobe@drm.service: Succeeded.
[    2.335710] systemd[1]: Finished Load Kernel Module drm.
[    2.336336] systemd[1]: Finished Remount Root and Kernel File Systems.
[    2.337234] systemd[1]: Finished Uncomplicated firewall.
[    2.353943] lp: driver loaded but no devices found
[    2.356141] systemd[1]: Condition check resulted in Rebuild Hardware Database being skipped.
[    2.356184] systemd[1]: Condition check resulted in Platform Persistent Storage Archival being skipped.
[    2.356892] systemd[1]: Starting Load/Save Random Seed...
[    2.362873] systemd[1]: Starting Create System Users...
[    2.368674] ppdev: user-space parallel port driver
[    2.398151] systemd[1]: Finished Load/Save Random Seed.
[    2.402688] systemd[1]: Finished Create System Users.
[    2.404443] systemd[1]: Starting Create Static Device Nodes in /dev...
[    2.432705] systemd[1]: Finished udev Coldplug all Devices.
[    2.460066] systemd[1]: Finished Create Static Device Nodes in /dev.
[    2.461008] systemd[1]: Starting udev Kernel Device Manager...
[    2.484469] [drm] DMA map mode: Caching DMA mappings.
[    2.484540] [drm] Capabilities:
[    2.484540] [drm]   Rect copy.
[    2.484540] [drm]   Cursor.
[    2.484541] [drm]   Cursor bypass.
[    2.484541] [drm]   Cursor bypass 2.
[    2.484542] [drm]   Alpha cursor.
[    2.484542] [drm]   Extended Fifo.
[    2.484542] [drm]   Pitchlock.
[    2.484543] [drm]   Irq mask.
[    2.484543] [drm]   GMR.
[    2.484543] [drm]   Traces.
[    2.484544] [drm]   GMR2.
[    2.484544] [drm]   Screen Object 2.
[    2.484544] [drm]   Command Buffers.
[    2.484545] [drm]   Command Buffers 2.
[    2.484545] [drm]   Guest Backed Resources.
[    2.484547] [drm] Max GMR ids is 8192
[    2.484547] [drm] Max number of GMR pages is 1048576
[    2.484548] [drm] Max dedicated hypervisor surface memory is 393216 kiB
[    2.484548] [drm] Maximum display memory size is 131072 kiB
[    2.484549] [drm] VRAM at 0xe0000000 size is 131072 kiB
[    2.484550] [drm] MMIO at 0xf0000000 size is 2048 kiB
[    2.484865] [TTM] Zone  kernel: Available graphics memory: 1011738 KiB
[    2.484866] [TTM] Initializing pool allocator
[    2.484870] [TTM] Initializing DMA pool allocator
[    2.484899] [drm] Supports vblank timestamp caching Rev 2 (21.10.2013).
[    2.484899] [drm] No driver support for vblank timestamp query.
[    2.485138] [drm] Screen Target Display device initialized
[    2.485385] [drm] width 720
[    2.485395] [drm] height 400
[    2.485399] [drm] bpp 32
[    2.485967] [drm] Fifo max 0x00200000 min 0x00001000 cap 0x00000355
[    2.487134] [drm] Using command buffers with DMA pool.
[    2.487138] [drm] DX: no.
[    2.487139] [drm] Atomic: yes.
[    2.487139] [drm] SM4_1: no.
[    2.487161] [drm:vmw_host_log [vmwgfx]] *ERROR* Failed to send host log message.
[    2.488964] [drm:vmw_host_log [vmwgfx]] *ERROR* Failed to send host log message.
[    2.496767] fbcon: svgadrmfb (fb0) is primary device
[    2.502284] Console: switching to colour frame buffer device 100x37
[    2.508279] [drm] Initialized vmwgfx 2.15.0 20180704 for 0000:00:02.0 on minor 0
[    2.509299] systemd[1]: Finished Load Kernel Modules.
[    2.510328] systemd[1]: Mounting FUSE Control File System...
[    2.511312] systemd[1]: Mounting Kernel Configuration File System...
[    2.512140] systemd[1]: Starting Apply Kernel Variables...
[    2.542899] systemd[1]: Finished Set the console keyboard layout.
[    2.548554] systemd[1]: Mounted FUSE Control File System.
[    2.548654] systemd[1]: Mounted Kernel Configuration File System.
[    2.548715] systemd[1]: Reached target Local File Systems (Pre).
[    2.548736] systemd[1]: Condition check resulted in VMware vmblock fuse mount being skipped.
[    2.552873] systemd[1]: Mounting Mount unit for bare, revision 5...
[    2.558312] systemd[1]: Mounting Mount unit for core18, revision 1705...
[    2.564619] systemd[1]: Mounting Mount unit for gnome-3-34-1804, revision 24...
[    2.599475] systemd[1]: Mounting Mount unit for gtk-common-themes, revision 1506...
[    2.602889] systemd[1]: Mounting Mount unit for gtk-common-themes, revision 1535...
[    2.606241] systemd[1]: Mounting Mount unit for snap-store, revision 433...
[    2.611359] systemd[1]: Mounting Mount unit for snapd, revision 25935...
[    2.617572] systemd[1]: Finished Apply Kernel Variables.
[    2.662269] systemd[1]: Mounted Mount unit for bare, revision 5.
[    2.662368] systemd[1]: Mounted Mount unit for gnome-3-34-1804, revision 24.
[    2.674862] systemd[1]: Mounted Mount unit for core18, revision 1705.
[    2.674956] systemd[1]: Mounted Mount unit for gtk-common-themes, revision 1506.
[    2.695475] systemd[1]: Started udev Kernel Device Manager.
[    2.696307] systemd[1]: Starting Show Plymouth Boot Screen...
[    2.702562] systemd[1]: Received SIGRTMIN+20 from PID 281 (plymouthd).
[    2.721708] systemd[1]: Mounted Mount unit for gtk-common-themes, revision 1535.
[    2.723689] systemd[1]: Mounted Mount unit for snap-store, revision 433.
[    2.723824] systemd[1]: Mounted Mount unit for snapd, revision 25935.
[    2.724481] systemd[1]: Reached target Local File Systems.
[    2.728642] systemd[1]: Starting Load AppArmor profiles...
[    2.736218] systemd[1]: Starting Set console font and keymap...
[    2.745035] systemd[1]: Starting Tell Plymouth To Write Out Runtime Data...
[    2.746428] systemd[1]: Condition check resulted in Store a System Token in an EFI Variable being skipped.
[    2.746478] systemd[1]: Condition check resulted in Commit a transient machine-id on disk being skipped.
[    2.746712] systemd[1]: Started Show Plymouth Boot Screen.
[    2.750803] systemd[1]: Finished Set console font and keymap.
[    2.751025] systemd[1]: Condition check resulted in Dispatch Password Requests to Console Directory Watch being skipped.
[    2.751109] systemd[1]: Started Forward Password Requests to Plymouth Directory Watch.
[    2.751178] systemd[1]: Reached target Local Encrypted Volumes.
[    2.759355] systemd[1]: Received SIGRTMIN+20 from PID 281 (plymouthd).
[    2.760766] systemd[1]: plymouth-read-write.service: Succeeded.
[    2.761015] systemd[1]: Finished Tell Plymouth To Write Out Runtime Data.
[    2.777313] audit: type=1400 audit(1768590305.616:2): apparmor="STATUS" operation="profile_load" profile="unconfined" name="nvidia_modprobe" pid=294 comm="apparmor_parser"
[    2.777315] audit: type=1400 audit(1768590305.616:3): apparmor="STATUS" operation="profile_load" profile="unconfined" name="nvidia_modprobe//kmod" pid=294 comm="apparmor_parser"
[    2.787686] audit: type=1400 audit(1768590305.628:4): apparmor="STATUS" operation="profile_load" profile="unconfined" name="/usr/sbin/tcpdump" pid=300 comm="apparmor_parser"
[    2.832315] audit: type=1400 audit(1768590305.668:5): apparmor="STATUS" operation="profile_load" profile="unconfined" name="/usr/bin/evince" pid=302 comm="apparmor_parser"
[    2.832317] audit: type=1400 audit(1768590305.668:6): apparmor="STATUS" operation="profile_load" profile="unconfined" name="/usr/bin/evince//sanitized_helper" pid=302 comm="apparmor_parser"
[    2.832319] audit: type=1400 audit(1768590305.668:7): apparmor="STATUS" operation="profile_load" profile="unconfined" name="/usr/bin/evince-previewer" pid=302 comm="apparmor_parser"
[    2.832321] audit: type=1400 audit(1768590305.668:8): apparmor="STATUS" operation="profile_load" profile="unconfined" name="/usr/bin/evince-previewer//sanitized_helper" pid=302 comm="apparmor_parser"
[    2.832322] audit: type=1400 audit(1768590305.668:9): apparmor="STATUS" operation="profile_load" profile="unconfined" name="/usr/bin/evince-thumbnailer" pid=302 comm="apparmor_parser"
[    2.847716] audit: type=1400 audit(1768590305.688:10): apparmor="STATUS" operation="profile_load" profile="unconfined" name="/usr/lib/cups/backend/cups-pdf" pid=303 comm="apparmor_parser"
[    2.944367] systemd[1]: Finished Load AppArmor profiles.
[    2.945326] systemd[1]: Starting Load AppArmor profiles managed internally by snapd...
[    3.056207] systemd[1]: Finished Load AppArmor profiles managed internally by snapd.
[    3.173757] systemd[1]: Started Journal Service.
[    3.181531] systemd-journald[229]: Received client request to flush runtime journal.
[    3.185700] systemd-journald[229]: File /var/log/journal/c455b248004a419c87ce85eea238d727/system.journal corrupted or uncleanly shut down, renaming and replacing.
[    4.536412] RAPL PMU: API unit is 2^-32 Joules, 0 fixed counters, 10737418240 ms ovfl timer
[    4.607962] cryptd: max_cpu_qlen set to 1000
[    4.658736] AVX2 version of gcm_enc/dec engaged.
[    4.658737] AES CTR mode by8 optimization enabled
[    6.472610] Adding 1998844k swap on /dev/sda1.  Priority:-2 extents:1 across:1998844k FS
[    8.189536] kauditd_printk_skb: 30 callbacks suppressed
[    8.189537] audit: type=1400 audit(1768590311.028:41): apparmor="DENIED" operation="capable" profile="/usr/sbin/cups-browsed" pid=507 comm="cups-browsed" capability=23  capname="sys_nice"
[    8.996031] pcnet32 0000:00:03.0 enp0s3: link up, 100Mbps, full-duplex
[    9.041364] e1000: enp0s8 NIC Link is Up 1000 Mbps Full Duplex, Flow Control: RX
[    9.041657] IPv6: ADDRCONF(NETDEV_CHANGE): enp0s8: link becomes ready
[    9.064590] e1000: enp0s9 NIC Link is Up 1000 Mbps Full Duplex, Flow Control: RX
[    9.064882] IPv6: ADDRCONF(NETDEV_CHANGE): enp0s9: link becomes ready
[    9.705247] device enp0s3 entered promiscuous mode
[    9.728019] audit: type=1400 audit(1768590312.560:42): apparmor="DENIED" operation="open" profile="/usr/sbin/tcpdump" name="/proc/sys/kernel/random/boot_id" pid=657 comm="tcpdump" requested_mask="r" denied_mask="r" fsuid=0 ouid=0
[    9.729687] audit: type=1400 audit(1768590312.560:43): apparmor="DENIED" operation="open" profile="/usr/sbin/tcpdump" name="/proc/sys/kernel/random/boot_id" pid=657 comm="tcpdump" requested_mask="r" denied_mask="r" fsuid=0 ouid=0
[    9.730034] audit: type=1400 audit(1768590312.560:44): apparmor="DENIED" operation="open" profile="/usr/sbin/tcpdump" name="/proc/sys/kernel/random/boot_id" pid=657 comm="tcpdump" requested_mask="r" denied_mask="r" fsuid=0 ouid=0
[    9.730055] audit: type=1400 audit(1768590312.560:45): apparmor="DENIED" operation="open" profile="/usr/sbin/tcpdump" name="/proc/sys/kernel/random/boot_id" pid=657 comm="tcpdump" requested_mask="r" denied_mask="r" fsuid=0 ouid=0
[    9.733630] audit: type=1400 audit(1768590312.576:46): apparmor="DENIED" operation="open" profile="/usr/sbin/tcpdump" name="/proc/sys/kernel/random/boot_id" pid=658 comm="tcpdump" requested_mask="r" denied_mask="r" fsuid=0 ouid=0
[    9.733826] audit: type=1400 audit(1768590312.576:47): apparmor="DENIED" operation="open" profile="/usr/sbin/tcpdump" name="/proc/sys/kernel/random/boot_id" pid=658 comm="tcpdump" requested_mask="r" denied_mask="r" fsuid=0 ouid=0
[    9.733867] audit: type=1400 audit(1768590312.576:48): apparmor="DENIED" operation="open" profile="/usr/sbin/tcpdump" name="/proc/sys/kernel/random/boot_id" pid=658 comm="tcpdump" requested_mask="r" denied_mask="r" fsuid=0 ouid=0
[    9.733922] audit: type=1400 audit(1768590312.576:49): apparmor="DENIED" operation="open" profile="/usr/sbin/tcpdump" name="/proc/sys/kernel/random/boot_id" pid=658 comm="tcpdump" requested_mask="r" denied_mask="r" fsuid=0 ouid=0
[   15.803532] rfkill: input handler disabled
[   82.431223] rfkill: input handler enabled
[   91.507048] rfkill: input handler disabled
[  186.681456] AAAAA-TCP_SEND: name:enp0s3: saddr:100932208: daddr:16783984: srtt_us:0: RTT:0: ssthresh:2147483647: cwnd:10: delivered:0: lost:0: retrans:0
[  187.407225] AAAAA-TCP_SEND: name:enp0s3: saddr:100932208: daddr:16783984: srtt_us:0: RTT:0: ssthresh:7: cwnd:1: delivered:0: lost:1: retrans:1
[  187.833335] AAAAA-TCP_RECV: name:enp0s3: saddr:16783984: daddr:100932208: srtt_us:0: RTT:0: ssthresh:7: cwnd:1: delivered:0: lost:1: retrans:1
[  187.833398] AAAAA-TCP_SEND: name:enp0s3: saddr:100932208: daddr:16783984: srtt_us:11544000: RTT:1443000: ssthresh:2147483647: cwnd:10: delivered:1: lost:1: retrans:1
[  187.834396] AAAAA-TCP_SEND: name:enp0s3: saddr:100932208: daddr:16783984: srtt_us:11544000: RTT:1443000: ssthresh:2147483647: cwnd:10: delivered:1: lost:1: retrans:1
[  187.871286] AAAAA-TCP_RECV: name:enp0s3: saddr:16783984: daddr:100932208: srtt_us:11544000: RTT:1443000: ssthresh:2147483647: cwnd:10: delivered:1: lost:1: retrans:1
[  187.871306] AAAAA-TCP_SEND: name:enp0s3: saddr:100932208: daddr:16783984: srtt_us:11544000: RTT:1443000: ssthresh:2147483647: cwnd:10: delivered:1: lost:1: retrans:1
[  188.126636] AAAAA-TCP_RECV: name:enp0s3: saddr:16783984: daddr:100932208: srtt_us:11544000: RTT:1443000: ssthresh:2147483647: cwnd:10: delivered:1: lost:1: retrans:1
[  188.266415] AAAAA-TCP_RECV: name:enp0s3: saddr:16783984: daddr:100932208: srtt_us:11544000: RTT:1443000: ssthresh:2147483647: cwnd:10: delivered:1: lost:1: retrans:1
[  188.266836] AAAAA-TCP_SEND: name:enp0s3: saddr:100932208: daddr:33561200: srtt_us:0: RTT:0: ssthresh:2147483647: cwnd:10: delivered:0: lost:0: retrans:0
[  188.452866] AAAAA-TCP_RECV: name:enp0s3: saddr:16783984: daddr:100932208: srtt_us:10533042: RTT:1316630: ssthresh:2147483647: cwnd:10: delivered:2: lost:1: retrans:1
[  188.452896] AAAAA-TCP_SEND: name:enp0s3: saddr:100932208: daddr:16783984: srtt_us:10533042: RTT:1316630: ssthresh:2147483647: cwnd:10: delivered:2: lost:1: retrans:1
[  188.453054] AAAAA-TCP_SEND: name:enp0s3: saddr:100932208: daddr:16783984: srtt_us:10533042: RTT:1316630: ssthresh:2147483647: cwnd:10: delivered:2: lost:1: retrans:1
[  188.686953] AAAAA-TCP_RECV: name:enp0s3: saddr:33561200: daddr:100932208: srtt_us:0: RTT:0: ssthresh:2147483647: cwnd:10: delivered:0: lost:0: retrans:0
[  188.686995] AAAAA-TCP_SEND: name:enp0s3: saddr:100932208: daddr:33561200: srtt_us:3361136: RTT:420142: ssthresh:2147483647: cwnd:10: delivered:1: lost:0: retrans:0
[  188.889000] AAAAA-TCP_RECV: name:enp0s3: saddr:16783984: daddr:100932208: srtt_us:10533042: RTT:1316630: ssthresh:2147483647: cwnd:10: delivered:2: lost:1: retrans:1
[  188.889037] AAAAA-TCP_SEND: name:enp0s3: saddr:100932208: daddr:16783984: srtt_us:10533042: RTT:1316630: ssthresh:2147483647: cwnd:10: delivered:2: lost:1: retrans:1
[  189.137380] AAAAA-TCP_RECV: name:enp0s3: saddr:33561200: daddr:100932208: srtt_us:3361136: RTT:420142: ssthresh:2147483647: cwnd:10: delivered:1: lost:0: retrans:0
[  189.246444] AAAAA-TCP_RECV: name:enp0s3: saddr:16783984: daddr:100932208: srtt_us:9652392: RTT:1206549: ssthresh:2147483647: cwnd:10: delivered:3: lost:1: retrans:1
[  189.314356] AAAAA-TCP_RECV: name:enp0s3: saddr:33561200: daddr:100932208: srtt_us:3361136: RTT:420142: ssthresh:2147483647: cwnd:10: delivered:1: lost:0: retrans:0
[  189.314387] AAAAA-TCP_SEND: name:enp0s3: saddr:100932208: daddr:33561200: srtt_us:3361136: RTT:420142: ssthresh:2147483647: cwnd:10: delivered:1: lost:0: retrans:0
[  189.314557] AAAAA-TCP_SEND: name:enp0s3: saddr:100932208: daddr:16783984: srtt_us:0: RTT:0: ssthresh:2147483647: cwnd:10: delivered:0: lost:0: retrans:0
[  189.583835] AAAAA-TCP_RECV: name:enp0s3: saddr:16783984: daddr:100932208: srtt_us:0: RTT:0: ssthresh:2147483647: cwnd:10: delivered:0: lost:0: retrans:0
[  189.583885] AAAAA-TCP_SEND: name:enp0s3: saddr:100932208: daddr:16783984: srtt_us:2154384: RTT:269298: ssthresh:2147483647: cwnd:10: delivered:1: lost:0: retrans:0
[  189.584150] AAAAA-TCP_SEND: name:enp0s3: saddr:100932208: daddr:16783984: srtt_us:2154384: RTT:269298: ssthresh:2147483647: cwnd:10: delivered:1: lost:0: retrans:0
[  189.729976] AAAAA-TCP_RECV: name:enp0s3: saddr:16783984: daddr:100932208: srtt_us:2154384: RTT:269298: ssthresh:2147483647: cwnd:10: delivered:1: lost:0: retrans:0
[  189.825296] AAAAA-TCP_RECV: name:enp0s3: saddr:16783984: daddr:100932208: srtt_us:2154384: RTT:269298: ssthresh:2147483647: cwnd:10: delivered:1: lost:0: retrans:0
[  189.825381] AAAAA-TCP_SEND: name:enp0s3: saddr:100932208: daddr:33561200: srtt_us:0: RTT:0: ssthresh:2147483647: cwnd:10: delivered:0: lost:0: retrans:0
[  189.957942] AAAAA-TCP_RECV: name:enp0s3: saddr:33561200: daddr:100932208: srtt_us:3361136: RTT:420142: ssthresh:2147483647: cwnd:10: delivered:1: lost:0: retrans:0
[  189.957952] AAAAA-TCP_SEND: name:enp0s3: saddr:100932208: daddr:33561200: srtt_us:3361136: RTT:420142: ssthresh:2147483647: cwnd:10: delivered:1: lost:0: retrans:0
[  190.082529] AAAAA-TCP_RECV: name:enp0s3: saddr:33561200: daddr:100932208: srtt_us:0: RTT:0: ssthresh:2147483647: cwnd:10: delivered:0: lost:0: retrans:0
[  190.082549] AAAAA-TCP_SEND: name:enp0s3: saddr:100932208: daddr:33561200: srtt_us:2057240: RTT:257155: ssthresh:2147483647: cwnd:10: delivered:1: lost:0: retrans:0
[  190.204184] AAAAA-TCP_RECV: name:enp0s3: saddr:33561200: daddr:100932208: srtt_us:3361136: RTT:420142: ssthresh:2147483647: cwnd:10: delivered:1: lost:0: retrans:0
[  190.204203] AAAAA-TCP_SEND: name:enp0s3: saddr:100932208: daddr:33561200: srtt_us:3361136: RTT:420142: ssthresh:2147483647: cwnd:10: delivered:1: lost:0: retrans:0
[  190.204257] AAAAA-TCP_SEND: name:enp0s3: saddr:100932208: daddr:16783984: srtt_us:2126238: RTT:265779: ssthresh:2147483647: cwnd:10: delivered:2: lost:0: retrans:0
[  190.204387] AAAAA-TCP_SEND: name:enp0s3: saddr:100932208: daddr:16783984: srtt_us:2126238: RTT:265779: ssthresh:2147483647: cwnd:10: delivered:2: lost:0: retrans:0
[  190.204402] AAAAA-TCP_SEND: name:enp0s3: saddr:100932208: daddr:16783984: srtt_us:2126238: RTT:265779: ssthresh:2147483647: cwnd:10: delivered:2: lost:0: retrans:0
[  190.204485] AAAAA-TCP_SEND: name:enp0s3: saddr:100932208: daddr:16783984: srtt_us:2126238: RTT:265779: ssthresh:2147483647: cwnd:10: delivered:2: lost:0: retrans:0
[  190.204500] AAAAA-TCP_SEND: name:enp0s3: saddr:100932208: daddr:16783984: srtt_us:2126238: RTT:265779: ssthresh:2147483647: cwnd:10: delivered:2: lost:0: retrans:0
[  190.204577] AAAAA-TCP_SEND: name:enp0s3: saddr:100932208: daddr:16783984: srtt_us:2126238: RTT:265779: ssthresh:2147483647: cwnd:10: delivered:2: lost:0: retrans:0
[  190.204590] AAAAA-TCP_SEND: name:enp0s3: saddr:100932208: daddr:16783984: srtt_us:2126238: RTT:265779: ssthresh:2147483647: cwnd:10: delivered:2: lost:0: retrans:0
[  190.204666] AAAAA-TCP_SEND: name:enp0s3: saddr:100932208: daddr:16783984: srtt_us:2126238: RTT:265779: ssthresh:2147483647: cwnd:10: delivered:2: lost:0: retrans:0
[  190.204679] AAAAA-TCP_SEND: name:enp0s3: saddr:100932208: daddr:16783984: srtt_us:2126238: RTT:265779: ssthresh:2147483647: cwnd:10: delivered:2: lost:0: retrans:0
[  190.204764] AAAAA-TCP_SEND: name:enp0s3: saddr:100932208: daddr:16783984: srtt_us:2126238: RTT:265779: ssthresh:2147483647: cwnd:10: delivered:2: lost:0: retrans:0
[  190.352092] AAAAA-TCP_RECV: name:enp0s3: saddr:33561200: daddr:100932208: srtt_us:2057240: RTT:257155: ssthresh:2147483647: cwnd:10: delivered:1: lost:0: retrans:0
[  190.352118] AAAAA-TCP_SEND: name:enp0s3: saddr:100932208: daddr:33561200: srtt_us:2057240: RTT:257155: ssthresh:2147483647: cwnd:10: delivered:1: lost:0: retrans:0
[  190.352137] AAAAA-TCP_SEND: name:enp0s3: saddr:100932208: daddr:33561200: srtt_us:2057240: RTT:257155: ssthresh:2147483647: cwnd:10: delivered:1: lost:0: retrans:0
[  190.352654] AAAAA-TCP_SEND: name:enp0s3: saddr:100932208: daddr:33561200: srtt_us:2057240: RTT:257155: ssthresh:2147483647: cwnd:10: delivered:1: lost:0: retrans:0
[  190.352671] AAAAA-TCP_SEND: name:enp0s3: saddr:100932208: daddr:33561200: srtt_us:2057240: RTT:257155: ssthresh:2147483647: cwnd:10: delivered:1: lost:0: retrans:0
[  190.352759] AAAAA-TCP_SEND: name:enp0s3: saddr:100932208: daddr:33561200: srtt_us:2057240: RTT:257155: ssthresh:2147483647: cwnd:10: delivered:1: lost:0: retrans:0
[  190.352771] AAAAA-TCP_SEND: name:enp0s3: saddr:100932208: daddr:33561200: srtt_us:2057240: RTT:257155: ssthresh:2147483647: cwnd:10: delivered:1: lost:0: retrans:0
[  190.352846] AAAAA-TCP_SEND: name:enp0s3: saddr:100932208: daddr:33561200: srtt_us:2057240: RTT:257155: ssthresh:2147483647: cwnd:10: delivered:1: lost:0: retrans:0
[  190.352858] AAAAA-TCP_SEND: name:enp0s3: saddr:100932208: daddr:33561200: srtt_us:2057240: RTT:257155: ssthresh:2147483647: cwnd:10: delivered:1: lost:0: retrans:0
[  190.352939] AAAAA-TCP_SEND: name:enp0s3: saddr:100932208: daddr:33561200: srtt_us:2057240: RTT:257155: ssthresh:2147483647: cwnd:10: delivered:1: lost:0: retrans:0
[  190.352951] AAAAA-TCP_SEND: name:enp0s3: saddr:100932208: daddr:33561200: srtt_us:2057240: RTT:257155: ssthresh:2147483647: cwnd:10: delivered:1: lost:0: retrans:0
[  190.767225] AAAAA-TCP_SEND: name:enp0s3: saddr:100932208: daddr:16783984: srtt_us:2126238: RTT:265779: ssthresh:2147483647: cwnd:10: delivered:2: lost:0: retrans:1
[  190.895226] AAAAA-TCP_SEND: name:enp0s3: saddr:100932208: daddr:33561200: srtt_us:2057240: RTT:257155: ssthresh:2147483647: cwnd:10: delivered:1: lost:0: retrans:1
[  191.022853] AAAAA-TCP_RECV: name:enp0s3: saddr:16783984: daddr:100932208: srtt_us:2126238: RTT:265779: ssthresh:2147483647: cwnd:10: delivered:2: lost:0: retrans:1
[  191.294414] AAAAA-TCP_RECV: name:enp0s3: saddr:16783984: daddr:100932208: srtt_us:2679065: RTT:334883: ssthresh:2147483647: cwnd:11: delivered:3: lost:0: retrans:1
[  191.294460] AAAAA-TCP_SEND: name:enp0s3: saddr:100932208: daddr:16783984: srtt_us:2679065: RTT:334883: ssthresh:2147483647: cwnd:11: delivered:3: lost:0: retrans:1
[  191.294486] AAAAA-TCP_SEND: name:enp0s3: saddr:100932208: daddr:16783984: srtt_us:2679065: RTT:334883: ssthresh:2147483647: cwnd:11: delivered:3: lost:0: retrans:1
[  191.295300] AAAAA-TCP_SEND: name:enp0s3: saddr:100932208: daddr:16783984: srtt_us:3434247: RTT:429280: ssthresh:2147483647: cwnd:12: delivered:4: lost:0: retrans:1
[  191.295322] AAAAA-TCP_SEND: name:enp0s3: saddr:100932208: daddr:16783984: srtt_us:3434247: RTT:429280: ssthresh:2147483647: cwnd:12: delivered:4: lost:0: retrans:1
[  191.631622] AAAAA-TCP_RECV: name:enp0s3: saddr:16783984: daddr:100932208: srtt_us:3434247: RTT:429280: ssthresh:2147483647: cwnd:12: delivered:4: lost:0: retrans:1
[  191.631668] AAAAA-TCP_SEND: name:enp0s3: saddr:100932208: daddr:16783984: srtt_us:4432205: RTT:554025: ssthresh:2147483647: cwnd:13: delivered:5: lost:0: retrans:1
[  191.695226] AAAAA-TCP_SEND: name:enp0s3: saddr:100932208: daddr:33561200: srtt_us:2057240: RTT:257155: ssthresh:7: cwnd:1: delivered:1: lost:10: retrans:2
[  191.832212] AAAAA-TCP_RECV: name:enp0s3: saddr:16783984: daddr:100932208: srtt_us:4432205: RTT:554025: ssthresh:2147483647: cwnd:13: delivered:5: lost:0: retrans:1
[  191.832230] AAAAA-TCP_SEND: name:enp0s3: saddr:100932208: daddr:16783984: srtt_us:4432205: RTT:554025: ssthresh:2147483647: cwnd:13: delivered:5: lost:0: retrans:1
[  191.966211] AAAAA-TCP_RECV: name:enp0s3: saddr:16783984: daddr:100932208: srtt_us:5505921: RTT:688240: ssthresh:2147483647: cwnd:14: delivered:6: lost:0: retrans:1
[  192.076292] AAAAA-TCP_RECV: name:enp0s3: saddr:16783984: daddr:100932208: srtt_us:6579407: RTT:822425: ssthresh:2147483647: cwnd:15: delivered:7: lost:0: retrans:1
[  192.076322] AAAAA-TCP_SEND: name:enp0s3: saddr:100932208: daddr:16783984: srtt_us:7628701: RTT:953587: ssthresh:2147483647: cwnd:16: delivered:8: lost:0: retrans:1
[  192.194493] AAAAA-TCP_RECV: name:enp0s3: saddr:16783984: daddr:100932208: srtt_us:7628701: RTT:953587: ssthresh:2147483647: cwnd:16: delivered:8: lost:0: retrans:1
[  192.194525] AAAAA-TCP_SEND: name:enp0s3: saddr:100932208: daddr:16783984: srtt_us:7628701: RTT:953587: ssthresh:2147483647: cwnd:16: delivered:8: lost:0: retrans:1
[  192.194562] AAAAA-TCP_SEND: name:enp0s3: saddr:100932208: daddr:16783984: srtt_us:8665043: RTT:1083130: ssthresh:2147483647: cwnd:17: delivered:9: lost:0: retrans:1
[  192.195304] AAAAA-TCP_SEND: name:enp0s3: saddr:100932208: daddr:16783984: srtt_us:8665043: RTT:1083130: ssthresh:2147483647: cwnd:17: delivered:9: lost:0: retrans:1
[  192.393466] AAAAA-TCP_RECV: name:enp0s3: saddr:16783984: daddr:100932208: srtt_us:8665043: RTT:1083130: ssthresh:2147483647: cwnd:17: delivered:9: lost:0: retrans:1
[  192.393489] AAAAA-TCP_SEND: name:enp0s3: saddr:100932208: daddr:16783984: srtt_us:8665043: RTT:1083130: ssthresh:2147483647: cwnd:17: delivered:9: lost:0: retrans:1
[  192.393509] AAAAA-TCP_SEND: name:enp0s3: saddr:100932208: daddr:16783984: srtt_us:8665043: RTT:1083130: ssthresh:2147483647: cwnd:17: delivered:9: lost:0: retrans:1
[  192.393628] AAAAA-TCP_SEND: name:enp0s3: saddr:100932208: daddr:16783984: srtt_us:9770731: RTT:1221341: ssthresh:2147483647: cwnd:18: delivered:10: lost:0: retrans:1
[  192.393642] AAAAA-TCP_SEND: name:enp0s3: saddr:100932208: daddr:16783984: srtt_us:9770731: RTT:1221341: ssthresh:2147483647: cwnd:18: delivered:10: lost:0: retrans:1
[  192.393735] AAAAA-TCP_SEND: name:enp0s3: saddr:100932208: daddr:16783984: srtt_us:9770731: RTT:1221341: ssthresh:2147483647: cwnd:18: delivered:10: lost:0: retrans:1
[  192.393749] AAAAA-TCP_SEND: name:enp0s3: saddr:100932208: daddr:16783984: srtt_us:9770731: RTT:1221341: ssthresh:2147483647: cwnd:18: delivered:10: lost:0: retrans:1
[  192.675214] AAAAA-TCP_RECV: name:enp0s3: saddr:16783984: daddr:100932208: srtt_us:9770731: RTT:1221341: ssthresh:2147483647: cwnd:18: delivered:10: lost:0: retrans:1
[  192.675258] AAAAA-TCP_SEND: name:enp0s3: saddr:100932208: daddr:16783984: srtt_us:11019943: RTT:1377492: ssthresh:2147483647: cwnd:19: delivered:11: lost:0: retrans:1
[  192.675283] AAAAA-TCP_SEND: name:enp0s3: saddr:100932208: daddr:16783984: srtt_us:11019943: RTT:1377492: ssthresh:2147483647: cwnd:19: delivered:11: lost:0: retrans:1
[  192.950780] AAAAA-TCP_RECV: name:enp0s3: saddr:16783984: daddr:100932208: srtt_us:11019943: RTT:1377492: ssthresh:2147483647: cwnd:19: delivered:11: lost:0: retrans:1
[  192.950819] AAAAA-TCP_SEND: name:enp0s3: saddr:100932208: daddr:16783984: srtt_us:12388451: RTT:1548556: ssthresh:2147483647: cwnd:20: delivered:12: lost:0: retrans:1
[  192.950843] AAAAA-TCP_SEND: name:enp0s3: saddr:100932208: daddr:16783984: srtt_us:12388451: RTT:1548556: ssthresh:2147483647: cwnd:20: delivered:12: lost:0: retrans:1
[  193.115274] AAAAA-TCP_RECV: name:enp0s3: saddr:33561200: daddr:100932208: srtt_us:2057240: RTT:257155: ssthresh:7: cwnd:1: delivered:1: lost:10: retrans:2
[  193.115328] AAAAA-TCP_SEND: name:enp0s3: saddr:100932208: daddr:33561200: srtt_us:4564085: RTT:570510: ssthresh:2147483647: cwnd:11: delivered:2: lost:10: retrans:2
[  193.115353] AAAAA-TCP_SEND: name:enp0s3: saddr:100932208: daddr:33561200: srtt_us:4564085: RTT:570510: ssthresh:2147483647: cwnd:11: delivered:2: lost:10: retrans:2
[  193.195652] AAAAA-TCP_RECV: name:enp0s3: saddr:33561200: daddr:100932208: srtt_us:4564085: RTT:570510: ssthresh:2147483647: cwnd:11: delivered:2: lost:10: retrans:2
[  193.195687] AAAAA-TCP_SEND: name:enp0s3: saddr:100932208: daddr:33561200: srtt_us:6837126: RTT:854640: ssthresh:2147483647: cwnd:12: delivered:3: lost:10: retrans:2
[  193.195711] AAAAA-TCP_SEND: name:enp0s3: saddr:100932208: daddr:33561200: srtt_us:6837126: RTT:854640: ssthresh:2147483647: cwnd:12: delivered:3: lost:10: retrans:2
[  193.303316] AAAAA-TCP_RECV: name:enp0s3: saddr:33561200: daddr:100932208: srtt_us:6837126: RTT:854640: ssthresh:2147483647: cwnd:12: delivered:3: lost:10: retrans:2
[  193.303349] AAAAA-TCP_SEND: name:enp0s3: saddr:100932208: daddr:33561200: srtt_us:8933165: RTT:1116645: ssthresh:2147483647: cwnd:13: delivered:4: lost:10: retrans:2
[  193.303372] AAAAA-TCP_SEND: name:enp0s3: saddr:100932208: daddr:33561200: srtt_us:8933165: RTT:1116645: ssthresh:2147483647: cwnd:13: delivered:4: lost:10: retrans:2
[  193.434216] AAAAA-TCP_RECV: name:enp0s3: saddr:33561200: daddr:100932208: srtt_us:8933165: RTT:1116645: ssthresh:2147483647: cwnd:13: delivered:4: lost:10: retrans:2
[  193.434249] AAAAA-TCP_SEND: name:enp0s3: saddr:100932208: daddr:33561200: srtt_us:10898100: RTT:1362262: ssthresh:2147483647: cwnd:14: delivered:5: lost:10: retrans:2
[  193.434271] AAAAA-TCP_SEND: name:enp0s3: saddr:100932208: daddr:33561200: srtt_us:10898100: RTT:1362262: ssthresh:2147483647: cwnd:14: delivered:5: lost:10: retrans:2
[  193.618784] AAAAA-TCP_RECV: name:enp0s3: saddr:33561200: daddr:100932208: srtt_us:10898100: RTT:1362262: ssthresh:2147483647: cwnd:14: delivered:5: lost:10: retrans:2
[  193.618816] AAAAA-TCP_SEND: name:enp0s3: saddr:100932208: daddr:33561200: srtt_us:12801879: RTT:1600234: ssthresh:2147483647: cwnd:15: delivered:6: lost:10: retrans:2
[  193.618838] AAAAA-TCP_SEND: name:enp0s3: saddr:100932208: daddr:33561200: srtt_us:12801879: RTT:1600234: ssthresh:2147483647: cwnd:15: delivered:6: lost:10: retrans:2
[  193.819051] AAAAA-TCP_RECV: name:enp0s3: saddr:33561200: daddr:100932208: srtt_us:12801879: RTT:1600234: ssthresh:2147483647: cwnd:15: delivered:6: lost:10: retrans:2
[  193.819106] AAAAA-TCP_SEND: name:enp0s3: saddr:100932208: daddr:33561200: srtt_us:14667969: RTT:1833496: ssthresh:2147483647: cwnd:16: delivered:7: lost:10: retrans:2
[  193.819160] AAAAA-TCP_SEND: name:enp0s3: saddr:100932208: daddr:33561200: srtt_us:14667969: RTT:1833496: ssthresh:2147483647: cwnd:16: delivered:7: lost:10: retrans:2
[  193.933681] AAAAA-TCP_RECV: name:enp0s3: saddr:33561200: daddr:100932208: srtt_us:14667969: RTT:1833496: ssthresh:2147483647: cwnd:16: delivered:7: lost:10: retrans:2
[  193.933720] AAAAA-TCP_SEND: name:enp0s3: saddr:100932208: daddr:33561200: srtt_us:16415324: RTT:2051915: ssthresh:2147483647: cwnd:17: delivered:8: lost:10: retrans:2
[  193.933743] AAAAA-TCP_SEND: name:enp0s3: saddr:100932208: daddr:33561200: srtt_us:16415324: RTT:2051915: ssthresh:2147483647: cwnd:17: delivered:8: lost:10: retrans:2
[  194.193220] AAAAA-TCP_RECV: name:enp0s3: saddr:33561200: daddr:100932208: srtt_us:16415324: RTT:2051915: ssthresh:2147483647: cwnd:17: delivered:8: lost:10: retrans:2
[  194.216761] AAAAA-TCP_RECV: name:enp0s3: saddr:33561200: daddr:100932208: srtt_us:18203800: RTT:2275475: ssthresh:2147483647: cwnd:18: delivered:9: lost:10: retrans:2
[  194.216799] AAAAA-TCP_SEND: name:enp0s3: saddr:100932208: daddr:33561200: srtt_us:19792162: RTT:2474020: ssthresh:2147483647: cwnd:19: delivered:10: lost:10: retrans:2
[  194.216822] AAAAA-TCP_SEND: name:enp0s3: saddr:100932208: daddr:33561200: srtt_us:19792162: RTT:2474020: ssthresh:2147483647: cwnd:19: delivered:10: lost:10: retrans:2
[  194.392986] AAAAA-TCP_RECV: name:enp0s3: saddr:33561200: daddr:100932208: srtt_us:19792162: RTT:2474020: ssthresh:2147483647: cwnd:19: delivered:10: lost:10: retrans:2
[  194.393019] AAAAA-TCP_SEND: name:enp0s3: saddr:100932208: daddr:33561200: srtt_us:19792162: RTT:2474020: ssthresh:2147483647: cwnd:19: delivered:10: lost:10: retrans:2
[  194.393065] AAAAA-TCP_SEND: name:enp0s3: saddr:100932208: daddr:33561200: srtt_us:19792162: RTT:2474020: ssthresh:2147483647: cwnd:19: delivered:10: lost:10: retrans:2
[  194.393674] AAAAA-TCP_SEND: name:enp0s3: saddr:100932208: daddr:33561200: srtt_us:21358142: RTT:2669767: ssthresh:2147483647: cwnd:20: delivered:11: lost:10: retrans:2
[  194.393693] AAAAA-TCP_SEND: name:enp0s3: saddr:100932208: daddr:33561200: srtt_us:21358142: RTT:2669767: ssthresh:2147483647: cwnd:20: delivered:11: lost:10: retrans:2
[  194.537182] AAAAA-TCP_RECV: name:enp0s3: saddr:16783984: daddr:100932208: srtt_us:12388451: RTT:1548556: ssthresh:2147483647: cwnd:20: delivered:12: lost:0: retrans:1
[  194.808103] AAAAA-TCP_RECV: name:enp0s3: saddr:33561200: daddr:100932208: srtt_us:21358142: RTT:2669767: ssthresh:2147483647: cwnd:20: delivered:11: lost:10: retrans:2
[  194.872035] AAAAA-TCP_RECV: name:enp0s3: saddr:16783984: daddr:100932208: srtt_us:12388451: RTT:1548556: ssthresh:2147483647: cwnd:20: delivered:13: lost:0: retrans:1
[  194.872069] AAAAA-TCP_SEND: name:enp0s3: saddr:100932208: daddr:16783984: srtt_us:14417494: RTT:1802186: ssthresh:2147483647: cwnd:21: delivered:14: lost:0: retrans:1
[  194.872092] AAAAA-TCP_SEND: name:enp0s3: saddr:100932208: daddr:16783984: srtt_us:14417494: RTT:1802186: ssthresh:2147483647: cwnd:21: delivered:14: lost:0: retrans:1
[  195.095371] AAAAA-TCP_RECV: name:enp0s3: saddr:16783984: daddr:100932208: srtt_us:14417494: RTT:1802186: ssthresh:2147483647: cwnd:21: delivered:14: lost:0: retrans:1
[  195.095410] AAAAA-TCP_SEND: name:enp0s3: saddr:100932208: daddr:16783984: srtt_us:16416244: RTT:2052030: ssthresh:2147483647: cwnd:22: delivered:15: lost:0: retrans:1
[  195.095436] AAAAA-TCP_SEND: name:enp0s3: saddr:100932208: daddr:16783984: srtt_us:16416244: RTT:2052030: ssthresh:2147483647: cwnd:22: delivered:15: lost:0: retrans:1
[  195.222043] AAAAA-TCP_RECV: name:enp0s3: saddr:16783984: daddr:100932208: srtt_us:16416244: RTT:2052030: ssthresh:2147483647: cwnd:22: delivered:15: lost:0: retrans:1
[  195.222075] AAAAA-TCP_SEND: name:enp0s3: saddr:100932208: daddr:16783984: srtt_us:18290976: RTT:2286372: ssthresh:2147483647: cwnd:23: delivered:16: lost:0: retrans:1
[  195.222098] AAAAA-TCP_SEND: name:enp0s3: saddr:100932208: daddr:16783984: srtt_us:18290976: RTT:2286372: ssthresh:2147483647: cwnd:23: delivered:16: lost:0: retrans:1
[  195.372951] AAAAA-TCP_RECV: name:enp0s3: saddr:16783984: daddr:100932208: srtt_us:18290976: RTT:2286372: ssthresh:2147483647: cwnd:23: delivered:16: lost:0: retrans:1
[  195.372974] AAAAA-TCP_SEND: name:enp0s3: saddr:100932208: daddr:16783984: srtt_us:20082263: RTT:2510282: ssthresh:2147483647: cwnd:24: delivered:17: lost:0: retrans:1
[  195.372992] AAAAA-TCP_SEND: name:enp0s3: saddr:100932208: daddr:16783984: srtt_us:20082263: RTT:2510282: ssthresh:2147483647: cwnd:24: delivered:17: lost:0: retrans:1
[  195.536022] AAAAA-TCP_RECV: name:enp0s3: saddr:16783984: daddr:100932208: srtt_us:20082263: RTT:2510282: ssthresh:2147483647: cwnd:24: delivered:17: lost:0: retrans:1
[  195.536056] AAAAA-TCP_SEND: name:enp0s3: saddr:100932208: daddr:16783984: srtt_us:21476358: RTT:2684544: ssthresh:24: cwnd:24: delivered:18: lost:0: retrans:1
[  195.647665] AAAAA-TCP_RECV: name:enp0s3: saddr:33561200: daddr:100932208: srtt_us:21358142: RTT:2669767: ssthresh:2147483647: cwnd:20: delivered:12: lost:10: retrans:2
[  195.790047] AAAAA-TCP_RECV: name:enp0s3: saddr:16783984: daddr:100932208: srtt_us:21476358: RTT:2684544: ssthresh:24: cwnd:24: delivered:18: lost:0: retrans:1
[  195.790100] AAAAA-TCP_SEND: name:enp0s3: saddr:100932208: daddr:16783984: srtt_us:22749649: RTT:2843706: ssthresh:24: cwnd:24: delivered:19: lost:0: retrans:1
[  195.985077] AAAAA-TCP_RECV: name:enp0s3: saddr:16783984: daddr:100932208: srtt_us:22749649: RTT:2843706: ssthresh:24: cwnd:24: delivered:19: lost:0: retrans:1
[  195.985111] AAAAA-TCP_SEND: name:enp0s3: saddr:100932208: daddr:16783984: srtt_us:23814719: RTT:2976839: ssthresh:24: cwnd:24: delivered:20: lost:0: retrans:1
[  196.156525] AAAAA-TCP_RECV: name:enp0s3: saddr:16783984: daddr:100932208: srtt_us:23814719: RTT:2976839: ssthresh:24: cwnd:24: delivered:20: lost:0: retrans:1
[  196.156562] AAAAA-TCP_SEND: name:enp0s3: saddr:100932208: daddr:16783984: srtt_us:24799903: RTT:3099987: ssthresh:24: cwnd:24: delivered:21: lost:0: retrans:1
[  196.253245] AAAAA-TCP_RECV: name:enp0s3: saddr:16783984: daddr:100932208: srtt_us:24799903: RTT:3099987: ssthresh:24: cwnd:24: delivered:21: lost:0: retrans:1
[  196.253277] AAAAA-TCP_SEND: name:enp0s3: saddr:100932208: daddr:16783984: srtt_us:25758616: RTT:3219827: ssthresh:24: cwnd:24: delivered:22: lost:0: retrans:1
[  196.339671] AAAAA-TCP_RECV: name:enp0s3: saddr:16783984: daddr:100932208: srtt_us:25758616: RTT:3219827: ssthresh:24: cwnd:24: delivered:22: lost:0: retrans:1
[  196.339700] AAAAA-TCP_SEND: name:enp0s3: saddr:100932208: daddr:16783984: srtt_us:26683175: RTT:3335396: ssthresh:24: cwnd:24: delivered:23: lost:0: retrans:1
[  196.395804] AAAAA-TCP_RECV: name:enp0s3: saddr:16783984: daddr:100932208: srtt_us:26683175: RTT:3335396: ssthresh:24: cwnd:24: delivered:23: lost:0: retrans:1
[  196.395849] AAAAA-TCP_SEND: name:enp0s3: saddr:100932208: daddr:16783984: srtt_us:27350130: RTT:3418766: ssthresh:24: cwnd:24: delivered:24: lost:0: retrans:1
[  196.589672] AAAAA-TCP_RECV: name:enp0s3: saddr:16783984: daddr:100932208: srtt_us:27350130: RTT:3418766: ssthresh:24: cwnd:24: delivered:24: lost:0: retrans:1
[  196.711098] AAAAA-TCP_RECV: name:enp0s3: saddr:16783984: daddr:100932208: srtt_us:28127567: RTT:3515945: ssthresh:24: cwnd:24: delivered:25: lost:0: retrans:1
[  196.748527] AAAAA-TCP_RECV: name:enp0s3: saddr:16783984: daddr:100932208: srtt_us:28929109: RTT:3616138: ssthresh:24: cwnd:24: delivered:26: lost:0: retrans:1
[  196.883839] AAAAA-TCP_RECV: name:enp0s3: saddr:16783984: daddr:100932208: srtt_us:29667888: RTT:3708486: ssthresh:24: cwnd:24: delivered:27: lost:0: retrans:1
[  196.950695] AAAAA-TCP_RECV: name:enp0s3: saddr:16783984: daddr:100932208: srtt_us:30449524: RTT:3806190: ssthresh:24: cwnd:24: delivered:28: lost:0: retrans:1
[  197.062025] AAAAA-TCP_RECV: name:enp0s3: saddr:16783984: daddr:100932208: srtt_us:31200309: RTT:3900038: ssthresh:24: cwnd:24: delivered:29: lost:0: retrans:1
[  197.143372] AAAAA-TCP_RECV: name:enp0s3: saddr:16783984: daddr:100932208: srtt_us:31687057: RTT:3960882: ssthresh:24: cwnd:25: delivered:31: lost:0: retrans:1
[  197.456364] AAAAA-TCP_RECV: name:enp0s3: saddr:33561200: daddr:100932208: srtt_us:21358142: RTT:2669767: ssthresh:2147483647: cwnd:20: delivered:13: lost:10: retrans:2
[  197.516772] AAAAA-TCP_RECV: name:enp0s3: saddr:33561200: daddr:100932208: srtt_us:23029437: RTT:2878679: ssthresh:2147483647: cwnd:21: delivered:14: lost:10: retrans:2
[  197.551154] AAAAA-TCP_RECV: name:enp0s3: saddr:33561200: daddr:100932208: srtt_us:24552214: RTT:3069026: ssthresh:2147483647: cwnd:22: delivered:15: lost:10: retrans:2
[  197.604774] AAAAA-TCP_RECV: name:enp0s3: saddr:33561200: daddr:100932208: srtt_us:25838662: RTT:3229832: ssthresh:2147483647: cwnd:23: delivered:16: lost:10: retrans:2
[  197.682071] AAAAA-TCP_RECV: name:enp0s3: saddr:33561200: daddr:100932208: srtt_us:27017935: RTT:3377241: ssthresh:2147483647: cwnd:24: delivered:17: lost:10: retrans:2
[  197.717839] AAAAA-TCP_RECV: name:enp0s3: saddr:33561200: daddr:100932208: srtt_us:28019433: RTT:3502429: ssthresh:2147483647: cwnd:25: delivered:18: lost:10: retrans:2
[  197.807468] AAAAA-TCP_RECV: name:enp0s3: saddr:33561200: daddr:100932208: srtt_us:28931511: RTT:3616438: ssthresh:2147483647: cwnd:26: delivered:19: lost:10: retrans:2
[  197.897545] AAAAA-TCP_RECV: name:enp0s3: saddr:33561200: daddr:100932208: srtt_us:29688308: RTT:3711038: ssthresh:2147483647: cwnd:27: delivered:20: lost:10: retrans:2
[  197.958585] AAAAA-TCP_RECV: name:enp0s3: saddr:33561200: daddr:100932208: srtt_us:30440583: RTT:3805072: ssthresh:2147483647: cwnd:28: delivered:21: lost:10: retrans:2
[  198.104882] AAAAA-TCP_RECV: name:enp0s3: saddr:33561200: daddr:100932208: srtt_us:30975297: RTT:3871912: ssthresh:28: cwnd:28: delivered:22: lost:10: retrans:2
[  198.143578] AAAAA-TCP_RECV: name:enp0s3: saddr:33561200: daddr:100932208: srtt_us:31589470: RTT:3948683: ssthresh:28: cwnd:28: delivered:23: lost:10: retrans:2
[  198.163279] AAAAA-TCP_RECV: name:enp0s3: saddr:33561200: daddr:100932208: srtt_us:31965278: RTT:3995659: ssthresh:28: cwnd:29: delivered:24: lost:10: retrans:2
[  198.191271] AAAAA-TCP_RECV: name:enp0s3: saddr:33561200: daddr:100932208: srtt_us:32313811: RTT:4039226: ssthresh:28: cwnd:29: delivered:25: lost:10: retrans:2
[  198.268306] AAAAA-TCP_RECV: name:enp0s3: saddr:33561200: daddr:100932208: srtt_us:32532153: RTT:4066519: ssthresh:28: cwnd:30: delivered:26: lost:10: retrans:2
[  198.313436] AAAAA-TCP_RECV: name:enp0s3: saddr:33561200: daddr:100932208: srtt_us:32800237: RTT:4100029: ssthresh:28: cwnd:30: delivered:27: lost:10: retrans:2
[  198.334795] AAAAA-TCP_RECV: name:enp0s3: saddr:33561200: daddr:100932208: srtt_us:32796863: RTT:4099607: ssthresh:28: cwnd:30: delivered:28: lost:10: retrans:2
[  198.374601] AAAAA-TCP_RECV: name:enp0s3: saddr:33561200: daddr:100932208: srtt_us:32815270: RTT:4101908: ssthresh:28: cwnd:31: delivered:29: lost:10: retrans:2
[  198.405472] AAAAA-TCP_RECV: name:enp0s3: saddr:33561200: daddr:100932208: srtt_us:32694961: RTT:4086870: ssthresh:28: cwnd:31: delivered:31: lost:10: retrans:2
[  198.509917] AAAAA-TCP_RECV: name:enp0s3: saddr:16783984: daddr:100932208: srtt_us:31918747: RTT:3989843: ssthresh:24: cwnd:25: delivered:33: lost:0: retrans:1
[  198.543573] AAAAA-TCP_RECV: name:enp0s3: saddr:16783984: daddr:100932208: srtt_us:31566769: RTT:3945846: ssthresh:24: cwnd:26: delivered:34: lost:0: retrans:1
[  198.620827] AAAAA-TCP_RECV: name:enp0s3: saddr:16783984: daddr:100932208: srtt_us:31292445: RTT:3911555: ssthresh:24: cwnd:27: delivered:35: lost:0: retrans:1
[  198.659710] AAAAA-TCP_RECV: name:enp0s3: saddr:16783984: daddr:100932208: srtt_us:30906325: RTT:3863290: ssthresh:24: cwnd:27: delivered:36: lost:0: retrans:1
[  198.696588] AAAAA-TCP_RECV: name:enp0s3: saddr:16783984: daddr:100932208: srtt_us:30607352: RTT:3825919: ssthresh:24: cwnd:28: delivered:37: lost:0: retrans:1
[  198.729156] AAAAA-TCP_RECV: name:enp0s3: saddr:16783984: daddr:100932208: srtt_us:30255964: RTT:3781995: ssthresh:24: cwnd:28: delivered:38: lost:0: retrans:1
[  198.770761] AAAAA-TCP_RECV: name:enp0s3: saddr:16783984: daddr:100932208: srtt_us:29981067: RTT:3747633: ssthresh:24: cwnd:29: delivered:39: lost:0: retrans:1
[  198.813190] AAAAA-TCP_RECV: name:enp0s3: saddr:16783984: daddr:100932208: srtt_us:29631229: RTT:3703903: ssthresh:24: cwnd:29: delivered:40: lost:0: retrans:1
[  198.828950] AAAAA-TCP_RECV: name:enp0s3: saddr:16783984: daddr:100932208: srtt_us:29367562: RTT:3670945: ssthresh:24: cwnd:30: delivered:41: lost:0: retrans:1
[  198.847589] AAAAA-TCP_RECV: name:enp0s3: saddr:16783984: daddr:100932208: srtt_us:28989529: RTT:3623691: ssthresh:24: cwnd:30: delivered:42: lost:0: retrans:1
[  198.863703] AAAAA-TCP_RECV: name:enp0s3: saddr:16783984: daddr:100932208: srtt_us:28423344: RTT:3552918: ssthresh:24: cwnd:31: delivered:43: lost:0: retrans:1
[  198.892227] AAAAA-TCP_RECV: name:enp0s3: saddr:16783984: daddr:100932208: srtt_us:27749036: RTT:3468629: ssthresh:24: cwnd:31: delivered:44: lost:0: retrans:1
[  198.910866] AAAAA-TCP_RECV: name:enp0s3: saddr:16783984: daddr:100932208: srtt_us:27016090: RTT:3377011: ssthresh:24: cwnd:32: delivered:45: lost:0: retrans:1
[  198.938403] AAAAA-TCP_RECV: name:enp0s3: saddr:16783984: daddr:100932208: srtt_us:26296685: RTT:3287085: ssthresh:24: cwnd:32: delivered:46: lost:0: retrans:1
[  198.963031] AAAAA-TCP_RECV: name:enp0s3: saddr:16783984: daddr:100932208: srtt_us:25608320: RTT:3201040: ssthresh:24: cwnd:32: delivered:47: lost:0: retrans:1
[  213.163104] AAAAA-TCP_SEND: name:enp0s3: saddr:100932208: daddr:16783984: srtt_us:24974479: RTT:3121809: ssthresh:24: cwnd:33: delivered:48: lost:0: retrans:1
[  213.163130] AAAAA-TCP_SEND: name:enp0s3: saddr:100932208: daddr:16783984: srtt_us:24974479: RTT:3121809: ssthresh:24: cwnd:21: delivered:48: lost:0: retrans:1
[  213.164433] AAAAA-TCP_SEND: name:enp0s3: saddr:100932208: daddr:16783984: srtt_us:24974479: RTT:3121809: ssthresh:24: cwnd:21: delivered:48: lost:0: retrans:1
[  213.164548] AAAAA-TCP_SEND: name:enp0s3: saddr:100932208: daddr:16783984: srtt_us:24974479: RTT:3121809: ssthresh:24: cwnd:21: delivered:48: lost:0: retrans:1
[  213.164567] AAAAA-TCP_SEND: name:enp0s3: saddr:100932208: daddr:16783984: srtt_us:24974479: RTT:3121809: ssthresh:24: cwnd:21: delivered:48: lost:0: retrans:1
[  213.164652] AAAAA-TCP_SEND: name:enp0s3: saddr:100932208: daddr:16783984: srtt_us:24974479: RTT:3121809: ssthresh:24: cwnd:21: delivered:48: lost:0: retrans:1
[  213.164671] AAAAA-TCP_SEND: name:enp0s3: saddr:100932208: daddr:16783984: srtt_us:24974479: RTT:3121809: ssthresh:24: cwnd:21: delivered:48: lost:0: retrans:1
[  213.164730] AAAAA-TCP_SEND: name:enp0s3: saddr:100932208: daddr:16783984: srtt_us:24974479: RTT:3121809: ssthresh:24: cwnd:21: delivered:48: lost:0: retrans:1
[  213.164746] AAAAA-TCP_SEND: name:enp0s3: saddr:100932208: daddr:16783984: srtt_us:24974479: RTT:3121809: ssthresh:24: cwnd:21: delivered:48: lost:0: retrans:1
[  213.164802] AAAAA-TCP_SEND: name:enp0s3: saddr:100932208: daddr:16783984: srtt_us:24974479: RTT:3121809: ssthresh:24: cwnd:21: delivered:48: lost:0: retrans:1
[  213.164819] AAAAA-TCP_SEND: name:enp0s3: saddr:100932208: daddr:16783984: srtt_us:24974479: RTT:3121809: ssthresh:24: cwnd:21: delivered:48: lost:0: retrans:1
[  213.164876] AAAAA-TCP_SEND: name:enp0s3: saddr:100932208: daddr:16783984: srtt_us:24974479: RTT:3121809: ssthresh:24: cwnd:21: delivered:48: lost:0: retrans:1
[  213.164892] AAAAA-TCP_SEND: name:enp0s3: saddr:100932208: daddr:16783984: srtt_us:24974479: RTT:3121809: ssthresh:24: cwnd:21: delivered:48: lost:0: retrans:1
[  213.164950] AAAAA-TCP_SEND: name:enp0s3: saddr:100932208: daddr:16783984: srtt_us:24974479: RTT:3121809: ssthresh:24: cwnd:21: delivered:48: lost:0: retrans:1
[  213.164967] AAAAA-TCP_SEND: name:enp0s3: saddr:100932208: daddr:16783984: srtt_us:24974479: RTT:3121809: ssthresh:24: cwnd:21: delivered:48: lost:0: retrans:1
[  213.165024] AAAAA-TCP_SEND: name:enp0s3: saddr:100932208: daddr:16783984: srtt_us:24974479: RTT:3121809: ssthresh:24: cwnd:21: delivered:48: lost:0: retrans:1
[  213.165040] AAAAA-TCP_SEND: name:enp0s3: saddr:100932208: daddr:16783984: srtt_us:24974479: RTT:3121809: ssthresh:24: cwnd:21: delivered:48: lost:0: retrans:1
[  213.165099] AAAAA-TCP_SEND: name:enp0s3: saddr:100932208: daddr:16783984: srtt_us:24974479: RTT:3121809: ssthresh:24: cwnd:21: delivered:48: lost:0: retrans:1
[  213.165115] AAAAA-TCP_SEND: name:enp0s3: saddr:100932208: daddr:16783984: srtt_us:24974479: RTT:3121809: ssthresh:24: cwnd:21: delivered:48: lost:0: retrans:1
[  213.165174] AAAAA-TCP_SEND: name:enp0s3: saddr:100932208: daddr:16783984: srtt_us:24974479: RTT:3121809: ssthresh:24: cwnd:21: delivered:48: lost:0: retrans:1
[  213.165191] AAAAA-TCP_SEND: name:enp0s3: saddr:100932208: daddr:16783984: srtt_us:24974479: RTT:3121809: ssthresh:24: cwnd:21: delivered:48: lost:0: retrans:1
[  213.165253] AAAAA-TCP_SEND: name:enp0s3: saddr:100932208: daddr:33561200: srtt_us:32619906: RTT:4077488: ssthresh:28: cwnd:32: delivered:33: lost:10: retrans:2
[  213.165315] AAAAA-TCP_SEND: name:enp0s3: saddr:100932208: daddr:33561200: srtt_us:32619906: RTT:4077488: ssthresh:28: cwnd:21: delivered:33: lost:10: retrans:2
[  213.165332] AAAAA-TCP_SEND: name:enp0s3: saddr:100932208: daddr:33561200: srtt_us:32619906: RTT:4077488: ssthresh:28: cwnd:21: delivered:33: lost:10: retrans:2
[  213.165388] AAAAA-TCP_SEND: name:enp0s3: saddr:100932208: daddr:33561200: srtt_us:32619906: RTT:4077488: ssthresh:28: cwnd:21: delivered:33: lost:10: retrans:2
[  213.165405] AAAAA-TCP_SEND: name:enp0s3: saddr:100932208: daddr:33561200: srtt_us:32619906: RTT:4077488: ssthresh:28: cwnd:21: delivered:33: lost:10: retrans:2
[  213.165461] AAAAA-TCP_SEND: name:enp0s3: saddr:100932208: daddr:33561200: srtt_us:32619906: RTT:4077488: ssthresh:28: cwnd:21: delivered:33: lost:10: retrans:2
[  213.165478] AAAAA-TCP_SEND: name:enp0s3: saddr:100932208: daddr:33561200: srtt_us:32619906: RTT:4077488: ssthresh:28: cwnd:21: delivered:33: lost:10: retrans:2
[  213.165537] AAAAA-TCP_SEND: name:enp0s3: saddr:100932208: daddr:33561200: srtt_us:32619906: RTT:4077488: ssthresh:28: cwnd:21: delivered:33: lost:10: retrans:2
[  213.165553] AAAAA-TCP_SEND: name:enp0s3: saddr:100932208: daddr:33561200: srtt_us:32619906: RTT:4077488: ssthresh:28: cwnd:21: delivered:33: lost:10: retrans:2
[  213.165609] AAAAA-TCP_SEND: name:enp0s3: saddr:100932208: daddr:33561200: srtt_us:32619906: RTT:4077488: ssthresh:28: cwnd:21: delivered:33: lost:10: retrans:2
[  213.165625] AAAAA-TCP_SEND: name:enp0s3: saddr:100932208: daddr:33561200: srtt_us:32619906: RTT:4077488: ssthresh:28: cwnd:21: delivered:33: lost:10: retrans:2
[  213.165682] AAAAA-TCP_SEND: name:enp0s3: saddr:100932208: daddr:33561200: srtt_us:32619906: RTT:4077488: ssthresh:28: cwnd:21: delivered:33: lost:10: retrans:2
[  213.165700] AAAAA-TCP_SEND: name:enp0s3: saddr:100932208: daddr:33561200: srtt_us:32619906: RTT:4077488: ssthresh:28: cwnd:21: delivered:33: lost:10: retrans:2
[  213.165755] AAAAA-TCP_SEND: name:enp0s3: saddr:100932208: daddr:33561200: srtt_us:32619906: RTT:4077488: ssthresh:28: cwnd:21: delivered:33: lost:10: retrans:2
[  213.165771] AAAAA-TCP_SEND: name:enp0s3: saddr:100932208: daddr:33561200: srtt_us:32619906: RTT:4077488: ssthresh:28: cwnd:21: delivered:33: lost:10: retrans:2
[  213.165829] AAAAA-TCP_SEND: name:enp0s3: saddr:100932208: daddr:33561200: srtt_us:32619906: RTT:4077488: ssthresh:28: cwnd:21: delivered:33: lost:10: retrans:2
[  213.165845] AAAAA-TCP_SEND: name:enp0s3: saddr:100932208: daddr:33561200: srtt_us:32619906: RTT:4077488: ssthresh:28: cwnd:21: delivered:33: lost:10: retrans:2
[  213.165902] AAAAA-TCP_SEND: name:enp0s3: saddr:100932208: daddr:33561200: srtt_us:32619906: RTT:4077488: ssthresh:28: cwnd:21: delivered:33: lost:10: retrans:2
[  213.165918] AAAAA-TCP_SEND: name:enp0s3: saddr:100932208: daddr:33561200: srtt_us:32619906: RTT:4077488: ssthresh:28: cwnd:21: delivered:33: lost:10: retrans:2
[  213.165977] AAAAA-TCP_SEND: name:enp0s3: saddr:100932208: daddr:33561200: srtt_us:32619906: RTT:4077488: ssthresh:28: cwnd:21: delivered:33: lost:10: retrans:2
[  213.165992] AAAAA-TCP_SEND: name:enp0s3: saddr:100932208: daddr:33561200: srtt_us:32619906: RTT:4077488: ssthresh:28: cwnd:21: delivered:33: lost:10: retrans:2
[  214.192637] AAAAA-TCP_RECV: name:enp0s3: saddr:16783984: daddr:100932208: srtt_us:24974479: RTT:3121809: ssthresh:24: cwnd:21: delivered:48: lost:0: retrans:1
[  214.192693] AAAAA-TCP_SEND: name:enp0s3: saddr:100932208: daddr:16783984: srtt_us:22882237: RTT:2860279: ssthresh:24: cwnd:22: delivered:49: lost:0: retrans:1
[  214.192719] AAAAA-TCP_SEND: name:enp0s3: saddr:100932208: daddr:16783984: srtt_us:22882237: RTT:2860279: ssthresh:24: cwnd:22: delivered:49: lost:0: retrans:1
[  214.477194] AAAAA-TCP_RECV: name:enp0s3: saddr:16783984: daddr:100932208: srtt_us:22882237: RTT:2860279: ssthresh:24: cwnd:22: delivered:49: lost:0: retrans:1
[  214.477224] AAAAA-TCP_SEND: name:enp0s3: saddr:100932208: daddr:16783984: srtt_us:21336026: RTT:2667003: ssthresh:24: cwnd:23: delivered:50: lost:0: retrans:1
[  214.477243] AAAAA-TCP_SEND: name:enp0s3: saddr:100932208: daddr:16783984: srtt_us:21336026: RTT:2667003: ssthresh:24: cwnd:23: delivered:50: lost:0: retrans:1
[  214.699758] AAAAA-TCP_RECV: name:enp0s3: saddr:16783984: daddr:100932208: srtt_us:21336026: RTT:2667003: ssthresh:24: cwnd:23: delivered:50: lost:0: retrans:1
[  214.699805] AAAAA-TCP_SEND: name:enp0s3: saddr:100932208: daddr:16783984: srtt_us:20204369: RTT:2525546: ssthresh:24: cwnd:24: delivered:51: lost:0: retrans:1
[  214.699832] AAAAA-TCP_SEND: name:enp0s3: saddr:100932208: daddr:16783984: srtt_us:20204369: RTT:2525546: ssthresh:24: cwnd:24: delivered:51: lost:0: retrans:1
[  214.814104] AAAAA-TCP_RECV: name:enp0s3: saddr:16783984: daddr:100932208: srtt_us:20204369: RTT:2525546: ssthresh:24: cwnd:24: delivered:51: lost:0: retrans:1
[  214.814141] AAAAA-TCP_SEND: name:enp0s3: saddr:100932208: daddr:16783984: srtt_us:19328396: RTT:2416049: ssthresh:24: cwnd:24: delivered:52: lost:0: retrans:1
[  214.980529] AAAAA-TCP_RECV: name:enp0s3: saddr:16783984: daddr:100932208: srtt_us:19328396: RTT:2416049: ssthresh:24: cwnd:24: delivered:52: lost:0: retrans:1
[  214.980554] AAAAA-TCP_SEND: name:enp0s3: saddr:100932208: daddr:16783984: srtt_us:18728312: RTT:2341039: ssthresh:24: cwnd:25: delivered:53: lost:0: retrans:1
[  214.980572] AAAAA-TCP_SEND: name:enp0s3: saddr:100932208: daddr:16783984: srtt_us:18728312: RTT:2341039: ssthresh:24: cwnd:25: delivered:53: lost:0: retrans:1
[  215.114548] AAAAA-TCP_RECV: name:enp0s3: saddr:16783984: daddr:100932208: srtt_us:18728312: RTT:2341039: ssthresh:24: cwnd:25: delivered:53: lost:0: retrans:1
[  215.114584] AAAAA-TCP_SEND: name:enp0s3: saddr:100932208: daddr:16783984: srtt_us:18337185: RTT:2292148: ssthresh:24: cwnd:26: delivered:54: lost:0: retrans:1
[  215.114608] AAAAA-TCP_SEND: name:enp0s3: saddr:100932208: daddr:16783984: srtt_us:18337185: RTT:2292148: ssthresh:24: cwnd:26: delivered:54: lost:0: retrans:1
[  215.193788] AAAAA-TCP_RECV: name:enp0s3: saddr:16783984: daddr:100932208: srtt_us:18337185: RTT:2292148: ssthresh:24: cwnd:26: delivered:54: lost:0: retrans:1
[  215.193819] AAAAA-TCP_SEND: name:enp0s3: saddr:100932208: daddr:16783984: srtt_us:18074169: RTT:2259271: ssthresh:24: cwnd:26: delivered:55: lost:0: retrans:1
[  215.394663] AAAAA-TCP_RECV: name:enp0s3: saddr:16783984: daddr:100932208: srtt_us:18074169: RTT:2259271: ssthresh:24: cwnd:26: delivered:55: lost:0: retrans:1
[  215.394699] AAAAA-TCP_SEND: name:enp0s3: saddr:100932208: daddr:16783984: srtt_us:18044847: RTT:2255605: ssthresh:24: cwnd:27: delivered:56: lost:0: retrans:1
[  215.394723] AAAAA-TCP_SEND: name:enp0s3: saddr:100932208: daddr:16783984: srtt_us:18044847: RTT:2255605: ssthresh:24: cwnd:27: delivered:56: lost:0: retrans:1
[  215.477673] AAAAA-TCP_RECV: name:enp0s3: saddr:16783984: daddr:100932208: srtt_us:18044847: RTT:2255605: ssthresh:24: cwnd:27: delivered:56: lost:0: retrans:1
[  215.477703] AAAAA-TCP_SEND: name:enp0s3: saddr:100932208: daddr:16783984: srtt_us:18102183: RTT:2262772: ssthresh:24: cwnd:27: delivered:57: lost:0: retrans:1
[  215.581084] AAAAA-TCP_RECV: name:enp0s3: saddr:16783984: daddr:100932208: srtt_us:18102183: RTT:2262772: ssthresh:24: cwnd:27: delivered:57: lost:0: retrans:1
[  215.581120] AAAAA-TCP_SEND: name:enp0s3: saddr:100932208: daddr:16783984: srtt_us:18255708: RTT:2281963: ssthresh:24: cwnd:28: delivered:58: lost:0: retrans:1
[  215.581143] AAAAA-TCP_SEND: name:enp0s3: saddr:100932208: daddr:16783984: srtt_us:18255708: RTT:2281963: ssthresh:24: cwnd:28: delivered:58: lost:0: retrans:1
[  215.654235] AAAAA-TCP_RECV: name:enp0s3: saddr:16783984: daddr:100932208: srtt_us:18255708: RTT:2281963: ssthresh:24: cwnd:28: delivered:58: lost:0: retrans:1
[  215.654269] AAAAA-TCP_SEND: name:enp0s3: saddr:100932208: daddr:16783984: srtt_us:18463178: RTT:2307897: ssthresh:24: cwnd:28: delivered:59: lost:0: retrans:1
[  215.746156] AAAAA-TCP_RECV: name:enp0s3: saddr:16783984: daddr:100932208: srtt_us:18463178: RTT:2307897: ssthresh:24: cwnd:28: delivered:59: lost:0: retrans:1
[  215.746188] AAAAA-TCP_SEND: name:enp0s3: saddr:100932208: daddr:16783984: srtt_us:18736577: RTT:2342072: ssthresh:24: cwnd:29: delivered:60: lost:0: retrans:1
[  215.746210] AAAAA-TCP_SEND: name:enp0s3: saddr:100932208: daddr:16783984: srtt_us:18736577: RTT:2342072: ssthresh:24: cwnd:29: delivered:60: lost:0: retrans:1
[  215.839103] AAAAA-TCP_RECV: name:enp0s3: saddr:16783984: daddr:100932208: srtt_us:18736577: RTT:2342072: ssthresh:24: cwnd:29: delivered:60: lost:0: retrans:1
[  215.839132] AAAAA-TCP_SEND: name:enp0s3: saddr:100932208: daddr:16783984: srtt_us:19068731: RTT:2383591: ssthresh:24: cwnd:29: delivered:61: lost:0: retrans:1
[  215.918822] AAAAA-TCP_RECV: name:enp0s3: saddr:16783984: daddr:100932208: srtt_us:19068731: RTT:2383591: ssthresh:24: cwnd:29: delivered:61: lost:0: retrans:1
[  215.918844] AAAAA-TCP_SEND: name:enp0s3: saddr:100932208: daddr:16783984: srtt_us:19439016: RTT:2429877: ssthresh:24: cwnd:30: delivered:62: lost:0: retrans:1
[  215.918862] AAAAA-TCP_SEND: name:enp0s3: saddr:100932208: daddr:16783984: srtt_us:19439016: RTT:2429877: ssthresh:24: cwnd:30: delivered:62: lost:0: retrans:1
[  216.107109] AAAAA-TCP_RECV: name:enp0s3: saddr:16783984: daddr:100932208: srtt_us:19439016: RTT:2429877: ssthresh:24: cwnd:30: delivered:62: lost:0: retrans:1
[  216.107155] AAAAA-TCP_SEND: name:enp0s3: saddr:100932208: daddr:16783984: srtt_us:19951300: RTT:2493912: ssthresh:24: cwnd:30: delivered:63: lost:0: retrans:1
[  216.162824] AAAAA-TCP_RECV: name:enp0s3: saddr:16783984: daddr:100932208: srtt_us:19951300: RTT:2493912: ssthresh:24: cwnd:30: delivered:63: lost:0: retrans:1
[  216.162861] AAAAA-TCP_SEND: name:enp0s3: saddr:100932208: daddr:16783984: srtt_us:20455205: RTT:2556900: ssthresh:24: cwnd:31: delivered:64: lost:0: retrans:1
[  216.162885] AAAAA-TCP_SEND: name:enp0s3: saddr:100932208: daddr:16783984: srtt_us:20455205: RTT:2556900: ssthresh:24: cwnd:31: delivered:64: lost:0: retrans:1
[  216.260338] AAAAA-TCP_RECV: name:enp0s3: saddr:16783984: daddr:100932208: srtt_us:20455205: RTT:2556900: ssthresh:24: cwnd:31: delivered:64: lost:0: retrans:1
[  216.260371] AAAAA-TCP_SEND: name:enp0s3: saddr:100932208: daddr:16783984: srtt_us:20993619: RTT:2624202: ssthresh:24: cwnd:31: delivered:65: lost:0: retrans:1
[  216.445826] AAAAA-TCP_RECV: name:enp0s3: saddr:16783984: daddr:100932208: srtt_us:20993619: RTT:2624202: ssthresh:24: cwnd:31: delivered:65: lost:0: retrans:1
[  216.445857] AAAAA-TCP_SEND: name:enp0s3: saddr:100932208: daddr:16783984: srtt_us:21650159: RTT:2706269: ssthresh:24: cwnd:32: delivered:66: lost:0: retrans:1
[  216.445880] AAAAA-TCP_SEND: name:enp0s3: saddr:100932208: daddr:16783984: srtt_us:21650159: RTT:2706269: ssthresh:24: cwnd:32: delivered:66: lost:0: retrans:1
[  216.547281] AAAAA-TCP_RECV: name:enp0s3: saddr:16783984: daddr:100932208: srtt_us:21650159: RTT:2706269: ssthresh:24: cwnd:32: delivered:66: lost:0: retrans:1
[  216.547315] AAAAA-TCP_SEND: name:enp0s3: saddr:100932208: daddr:16783984: srtt_us:22326070: RTT:2790758: ssthresh:24: cwnd:33: delivered:68: lost:0: retrans:1
[  216.547338] AAAAA-TCP_SEND: name:enp0s3: saddr:100932208: daddr:16783984: srtt_us:22326070: RTT:2790758: ssthresh:24: cwnd:33: delivered:68: lost:0: retrans:1
[  216.600606] AAAAA-TCP_RECV: name:enp0s3: saddr:16783984: daddr:100932208: srtt_us:22326070: RTT:2790758: ssthresh:24: cwnd:33: delivered:68: lost:0: retrans:1
[  216.600633] AAAAA-TCP_SEND: name:enp0s3: saddr:100932208: daddr:16783984: srtt_us:22326070: RTT:2790758: ssthresh:24: cwnd:33: delivered:68: lost:0: retrans:1
[  216.600665] AAAAA-TCP_SEND: name:enp0s3: saddr:100932208: daddr:16783984: srtt_us:22970752: RTT:2871344: ssthresh:24: cwnd:33: delivered:69: lost:0: retrans:1
[  217.545707] AAAAA-TCP_RECV: name:enp0s3: saddr:16783984: daddr:100932208: srtt_us:22970752: RTT:2871344: ssthresh:24: cwnd:33: delivered:69: lost:0: retrans:1
[  217.545758] AAAAA-TCP_SEND: name:enp0s3: saddr:100932208: daddr:16783984: srtt_us:23452448: RTT:2931556: ssthresh:24: cwnd:34: delivered:70: lost:0: retrans:1
[  217.545784] AAAAA-TCP_SEND: name:enp0s3: saddr:100932208: daddr:16783984: srtt_us:23452448: RTT:2931556: ssthresh:24: cwnd:34: delivered:70: lost:0: retrans:1
[  217.642087] AAAAA-TCP_RECV: name:enp0s3: saddr:16783984: daddr:100932208: srtt_us:23452448: RTT:2931556: ssthresh:24: cwnd:34: delivered:70: lost:0: retrans:1
[  217.642125] AAAAA-TCP_SEND: name:enp0s3: saddr:100932208: daddr:16783984: srtt_us:23970307: RTT:2996288: ssthresh:24: cwnd:34: delivered:71: lost:0: retrans:1
[  217.734812] AAAAA-TCP_RECV: name:enp0s3: saddr:16783984: daddr:100932208: srtt_us:23970307: RTT:2996288: ssthresh:24: cwnd:34: delivered:71: lost:0: retrans:1
[  217.734849] AAAAA-TCP_SEND: name:enp0s3: saddr:100932208: daddr:16783984: srtt_us:24231628: RTT:3028953: ssthresh:24: cwnd:35: delivered:72: lost:0: retrans:1
[  217.734874] AAAAA-TCP_SEND: name:enp0s3: saddr:100932208: daddr:16783984: srtt_us:24231628: RTT:3028953: ssthresh:24: cwnd:35: delivered:72: lost:0: retrans:1
[  218.129246] AAAAA-TCP_RECV: name:enp0s3: saddr:16783984: daddr:100932208: srtt_us:24231628: RTT:3028953: ssthresh:24: cwnd:35: delivered:72: lost:0: retrans:1
[  218.129295] AAAAA-TCP_SEND: name:enp0s3: saddr:100932208: daddr:16783984: srtt_us:24854722: RTT:3106840: ssthresh:24: cwnd:35: delivered:73: lost:0: retrans:1
[  218.226640] AAAAA-TCP_RECV: name:enp0s3: saddr:16783984: daddr:100932208: srtt_us:24854722: RTT:3106840: ssthresh:24: cwnd:35: delivered:73: lost:0: retrans:1
[  218.226670] AAAAA-TCP_SEND: name:enp0s3: saddr:100932208: daddr:16783984: srtt_us:25274726: RTT:3159340: ssthresh:24: cwnd:36: delivered:74: lost:0: retrans:1
[  218.226689] AAAAA-TCP_SEND: name:enp0s3: saddr:100932208: daddr:16783984: srtt_us:25274726: RTT:3159340: ssthresh:24: cwnd:36: delivered:74: lost:0: retrans:1
[  218.250845] AAAAA-TCP_RECV: name:enp0s3: saddr:16783984: daddr:100932208: srtt_us:25274726: RTT:3159340: ssthresh:24: cwnd:36: delivered:74: lost:0: retrans:1
[  218.250876] AAAAA-TCP_SEND: name:enp0s3: saddr:100932208: daddr:16783984: srtt_us:25666447: RTT:3208305: ssthresh:24: cwnd:36: delivered:75: lost:0: retrans:1
[  218.313491] AAAAA-TCP_RECV: name:enp0s3: saddr:16783984: daddr:100932208: srtt_us:25666447: RTT:3208305: ssthresh:24: cwnd:36: delivered:75: lost:0: retrans:1
[  218.313521] AAAAA-TCP_SEND: name:enp0s3: saddr:100932208: daddr:16783984: srtt_us:25957511: RTT:3244688: ssthresh:24: cwnd:37: delivered:76: lost:0: retrans:1
[  218.313543] AAAAA-TCP_SEND: name:enp0s3: saddr:100932208: daddr:16783984: srtt_us:25957511: RTT:3244688: ssthresh:24: cwnd:37: delivered:76: lost:0: retrans:1
[  218.365636] AAAAA-TCP_RECV: name:enp0s3: saddr:16783984: daddr:100932208: srtt_us:25957511: RTT:3244688: ssthresh:24: cwnd:37: delivered:76: lost:0: retrans:1
[  218.365662] AAAAA-TCP_SEND: name:enp0s3: saddr:100932208: daddr:16783984: srtt_us:26097921: RTT:3262240: ssthresh:24: cwnd:37: delivered:77: lost:0: retrans:1
[  218.547311] AAAAA-TCP_RECV: name:enp0s3: saddr:16783984: daddr:100932208: srtt_us:26097921: RTT:3262240: ssthresh:24: cwnd:37: delivered:77: lost:0: retrans:1
[  218.633392] AAAAA-TCP_RECV: name:enp0s3: saddr:16783984: daddr:100932208: srtt_us:26402456: RTT:3300307: ssthresh:24: cwnd:38: delivered:78: lost:0: retrans:1
[  218.819570] AAAAA-TCP_RECV: name:enp0s3: saddr:16783984: daddr:100932208: srtt_us:26620976: RTT:3327622: ssthresh:24: cwnd:38: delivered:79: lost:0: retrans:1
[  218.879958] AAAAA-TCP_RECV: name:enp0s3: saddr:16783984: daddr:100932208: srtt_us:26998359: RTT:3374794: ssthresh:24: cwnd:39: delivered:80: lost:0: retrans:1
[  218.922121] AAAAA-TCP_RECV: name:enp0s3: saddr:16783984: daddr:100932208: srtt_us:27309721: RTT:3413715: ssthresh:24: cwnd:39: delivered:81: lost:0: retrans:1
[  219.353829] AAAAA-TCP_RECV: name:enp0s3: saddr:16783984: daddr:100932208: srtt_us:27423445: RTT:3427930: ssthresh:24: cwnd:40: delivered:82: lost:0: retrans:1
[  219.492753] AAAAA-TCP_RECV: name:enp0s3: saddr:16783984: daddr:100932208: srtt_us:27954667: RTT:3494333: ssthresh:24: cwnd:40: delivered:83: lost:0: retrans:1
[  219.623759] AAAAA-TCP_RECV: name:enp0s3: saddr:16783984: daddr:100932208: srtt_us:28475402: RTT:3559425: ssthresh:24: cwnd:41: delivered:84: lost:0: retrans:1
[  219.686964] AAAAA-TCP_RECV: name:enp0s3: saddr:16783984: daddr:100932208: srtt_us:28958635: RTT:3619829: ssthresh:24: cwnd:41: delivered:85: lost:0: retrans:1
[  219.789105] AAAAA-TCP_RECV: name:enp0s3: saddr:16783984: daddr:100932208: srtt_us:29444669: RTT:3680583: ssthresh:24: cwnd:42: delivered:86: lost:0: retrans:1
[  221.244122] AAAAA-TCP_RECV: name:enp0s3: saddr:16783984: daddr:100932208: srtt_us:29898941: RTT:3737367: ssthresh:24: cwnd:42: delivered:87: lost:0: retrans:1
[  221.379228] AAAAA-TCP_SEND: name:enp0s3: saddr:100932208: daddr:16783984: srtt_us:31659515: RTT:3957439: ssthresh:30: cwnd:25: delivered:89: lost:1: retrans:2
[  221.551219] AAAAA-TCP_SEND: name:enp0s3: saddr:100932208: daddr:33561200: srtt_us:32619906: RTT:4077488: ssthresh:28: cwnd:21: delivered:33: lost:10: retrans:3
[  221.559495] AAAAA-TCP_RECV: name:enp0s3: saddr:16783984: daddr:100932208: srtt_us:31659515: RTT:3957439: ssthresh:30: cwnd:25: delivered:89: lost:1: retrans:2
[  221.655614] AAAAA-TCP_RECV: name:enp0s3: saddr:16783984: daddr:100932208: srtt_us:33342733: RTT:4167841: ssthresh:30: cwnd:25: delivered:90: lost:1: retrans:2
[  222.069799] AAAAA-TCP_RECV: name:enp0s3: saddr:16783984: daddr:100932208: srtt_us:34911680: RTT:4363960: ssthresh:30: cwnd:24: delivered:91: lost:1: retrans:2
[  222.351010] AAAAA-TCP_RECV: name:enp0s3: saddr:16783984: daddr:100932208: srtt_us:36510390: RTT:4563798: ssthresh:30: cwnd:23: delivered:92: lost:1: retrans:2
[  222.451244] AAAAA-TCP_RECV: name:enp0s3: saddr:16783984: daddr:100932208: srtt_us:38134747: RTT:4766843: ssthresh:30: cwnd:22: delivered:93: lost:1: retrans:2
[  222.508593] AAAAA-TCP_RECV: name:enp0s3: saddr:16783984: daddr:100932208: srtt_us:39656305: RTT:4957038: ssthresh:30: cwnd:21: delivered:94: lost:1: retrans:2
[  222.536662] AAAAA-TCP_RECV: name:enp0s3: saddr:16783984: daddr:100932208: srtt_us:40947494: RTT:5118436: ssthresh:30: cwnd:20: delivered:95: lost:1: retrans:2
[  222.536689] AAAAA-TCP_SEND: name:enp0s3: saddr:100932208: daddr:16783984: srtt_us:41818421: RTT:5227302: ssthresh:30: cwnd:17: delivered:96: lost:3: retrans:3
[  222.676026] AAAAA-TCP_RECV: name:enp0s3: saddr:16783984: daddr:100932208: srtt_us:41818421: RTT:5227302: ssthresh:30: cwnd:17: delivered:96: lost:3: retrans:3
[  222.676050] AAAAA-TCP_SEND: name:enp0s3: saddr:100932208: daddr:16783984: srtt_us:42666528: RTT:5333316: ssthresh:30: cwnd:16: delivered:97: lost:4: retrans:4
[  222.739269] AAAAA-TCP_RECV: name:enp0s3: saddr:16783984: daddr:100932208: srtt_us:42666528: RTT:5333316: ssthresh:30: cwnd:16: delivered:97: lost:4: retrans:4
[  222.739293] AAAAA-TCP_SEND: name:enp0s3: saddr:100932208: daddr:16783984: srtt_us:43471831: RTT:5433978: ssthresh:30: cwnd:16: delivered:98: lost:4: retrans:5
[  222.954979] AAAAA-TCP_RECV: name:enp0s3: saddr:16783984: daddr:100932208: srtt_us:43471831: RTT:5433978: ssthresh:30: cwnd:16: delivered:98: lost:4: retrans:5
[  223.016965] AAAAA-TCP_RECV: name:enp0s3: saddr:16783984: daddr:100932208: srtt_us:43447109: RTT:5430888: ssthresh:30: cwnd:16: delivered:99: lost:4: retrans:5
[  223.050114] AAAAA-TCP_RECV: name:enp0s3: saddr:16783984: daddr:100932208: srtt_us:43487436: RTT:5435929: ssthresh:30: cwnd:15: delivered:100: lost:4: retrans:5
[  223.107795] AAAAA-TCP_RECV: name:enp0s3: saddr:16783984: daddr:100932208: srtt_us:43459504: RTT:5432438: ssthresh:30: cwnd:14: delivered:101: lost:4: retrans:5
[  223.141127] AAAAA-TCP_RECV: name:enp0s3: saddr:16783984: daddr:100932208: srtt_us:43400031: RTT:5425003: ssthresh:30: cwnd:13: delivered:102: lost:4: retrans:5
[  223.175035] AAAAA-TCP_RECV: name:enp0s3: saddr:16783984: daddr:100932208: srtt_us:43381324: RTT:5422665: ssthresh:30: cwnd:12: delivered:103: lost:4: retrans:5
[  223.191869] AAAAA-TCP_RECV: name:enp0s3: saddr:16783984: daddr:100932208: srtt_us:43004419: RTT:5375552: ssthresh:30: cwnd:11: delivered:104: lost:4: retrans:5
[  223.208863] AAAAA-TCP_RECV: name:enp0s3: saddr:16783984: daddr:100932208: srtt_us:42594085: RTT:5324260: ssthresh:30: cwnd:10: delivered:105: lost:4: retrans:5
[  223.236570] AAAAA-TCP_RECV: name:enp0s3: saddr:16783984: daddr:100932208: srtt_us:42252036: RTT:5281504: ssthresh:30: cwnd:9: delivered:106: lost:4: retrans:5
[  223.284537] AAAAA-TCP_RECV: name:enp0s3: saddr:16783984: daddr:100932208: srtt_us:41956242: RTT:5244530: ssthresh:30: cwnd:8: delivered:107: lost:4: retrans:5
[  223.402268] AAAAA-TCP_RECV: name:enp0s3: saddr:16783984: daddr:100932208: srtt_us:41682744: RTT:5210343: ssthresh:30: cwnd:7: delivered:108: lost:4: retrans:5
[  223.546073] AAAAA-TCP_RECV: name:enp0s3: saddr:16783984: daddr:100932208: srtt_us:41561164: RTT:5195145: ssthresh:30: cwnd:6: delivered:109: lost:4: retrans:5
[  223.638162] AAAAA-TCP_RECV: name:enp0s3: saddr:16783984: daddr:100932208: srtt_us:41546435: RTT:5193304: ssthresh:30: cwnd:5: delivered:110: lost:4: retrans:5
[  223.692527] AAAAA-TCP_RECV: name:enp0s3: saddr:33561200: daddr:100932208: srtt_us:32619906: RTT:4077488: ssthresh:28: cwnd:21: delivered:33: lost:10: retrans:3
[  223.692544] AAAAA-TCP_SEND: name:enp0s3: saddr:100932208: daddr:33561200: srtt_us:32619906: RTT:4077488: ssthresh:14: cwnd:1: delivered:34: lost:30: retrans:4
[  223.739223] AAAAA-TCP_RECV: name:enp0s3: saddr:16783984: daddr:100932208: srtt_us:38611131: RTT:4826391: ssthresh:30: cwnd:23: delivered:111: lost:4: retrans:5
[  223.816698] AAAAA-TCP_RECV: name:enp0s3: saddr:16783984: daddr:100932208: srtt_us:34987740: RTT:4373467: ssthresh:30: cwnd:23: delivered:112: lost:4: retrans:5
[  223.844989] AAAAA-TCP_RECV: name:enp0s3: saddr:16783984: daddr:100932208: srtt_us:31755273: RTT:3969409: ssthresh:30: cwnd:23: delivered:113: lost:4: retrans:5
[  223.978922] AAAAA-TCP_RECV: name:enp0s3: saddr:33561200: daddr:100932208: srtt_us:32619906: RTT:4077488: ssthresh:14: cwnd:1: delivered:34: lost:30: retrans:4
[  223.978938] AAAAA-TCP_SEND: name:enp0s3: saddr:100932208: daddr:33561200: srtt_us:28828418: RTT:3603552: ssthresh:14: cwnd:2: delivered:35: lost:30: retrans:5
[  223.978959] AAAAA-TCP_SEND: name:enp0s3: saddr:100932208: daddr:33561200: srtt_us:28828418: RTT:3603552: ssthresh:14: cwnd:2: delivered:35: lost:30: retrans:6
