[    0.000000] Linux version 5.4.243-mptcp (root@ztg) (gcc version 12.2.0 (Debian 12.2.0-14+deb12u1)) #53 SMP Wed Dec 24 23:28:15 CST 2025
[    0.000000] Command line: BOOT_IMAGE=/boot/vmlinuz-5.4.243-mptcp root=UUID=98415a12-53b7-4144-8265-0f7ece09e445 ro quiet splash
[    0.000000] KERNEL supported cpus:
[    0.000000]   Intel GenuineIntel
[    0.000000]   AMD AuthenticAMD
[    0.000000]   Hygon HygonGenuine
[    0.000000]   Centaur CentaurHauls
[    0.000000]   zhaoxin   Shanghai  
[    0.000000] x86/fpu: Supporting XSAVE feature 0x001: 'x87 floating point registers'
[    0.000000] x86/fpu: Supporting XSAVE feature 0x002: 'SSE registers'
[    0.000000] x86/fpu: Supporting XSAVE feature 0x004: 'AVX registers'
[    0.000000] x86/fpu: xstate_offset[2]:  576, xstate_sizes[2]:  256
[    0.000000] x86/fpu: Enabled xstate features 0x7, context size is 832 bytes, using 'standard' format.
[    0.000000] BIOS-provided physical RAM map:
[    0.000000] BIOS-e820: [mem 0x0000000000000000-0x000000000009fbff] usable
[    0.000000] BIOS-e820: [mem 0x000000000009fc00-0x000000000009ffff] reserved
[    0.000000] BIOS-e820: [mem 0x00000000000f0000-0x00000000000fffff] reserved
[    0.000000] BIOS-e820: [mem 0x0000000000100000-0x000000007ffeffff] usable
[    0.000000] BIOS-e820: [mem 0x000000007fff0000-0x000000007fffffff] ACPI data
[    0.000000] BIOS-e820: [mem 0x00000000fec00000-0x00000000fec00fff] reserved
[    0.000000] BIOS-e820: [mem 0x00000000fee00000-0x00000000fee00fff] reserved
[    0.000000] BIOS-e820: [mem 0x00000000fffc0000-0x00000000ffffffff] reserved
[    0.000000] NX (Execute Disable) protection: active
[    0.000000] SMBIOS 2.5 present.
[    0.000000] DMI: innotek GmbH VirtualBox/VirtualBox, BIOS VirtualBox 12/01/2006
[    0.000000] Hypervisor detected: KVM
[    0.000000] kvm-clock: Using msrs 4b564d01 and 4b564d00
[    0.000000] kvm-clock: cpu 0, msr 78a01001, primary cpu clock
[    0.000000] kvm-clock: using sched offset of 4467404991 cycles
[    0.000003] clocksource: kvm-clock: mask: 0xffffffffffffffff max_cycles: 0x1cd42e4dffb, max_idle_ns: 881590591483 ns
[    0.000006] tsc: Detected 2100.000 MHz processor
[    0.001862] e820: update [mem 0x00000000-0x00000fff] usable ==> reserved
[    0.001864] e820: remove [mem 0x000a0000-0x000fffff] usable
[    0.001868] last_pfn = 0x7fff0 max_arch_pfn = 0x400000000
[    0.001937] MTRR default type: uncachable
[    0.001938] MTRR fixed ranges enabled:
[    0.001939]   00000-9FFFF write-back
[    0.001939]   A0000-BFFFF uncachable
[    0.001940]   C0000-FFFFF write-protect
[    0.001941] MTRR variable ranges enabled:
[    0.001942]   0 base 000000000000 mask 3FFF80000000 write-back
[    0.001943]   1 disabled
[    0.001943]   2 disabled
[    0.001944]   3 disabled
[    0.001944]   4 disabled
[    0.001945]   5 disabled
[    0.001945]   6 disabled
[    0.001946]   7 disabled
[    0.001946]   8 disabled
[    0.001946]   9 disabled
[    0.001947]   10 disabled
[    0.001947]   11 disabled
[    0.001948]   12 disabled
[    0.001948]   13 disabled
[    0.001949]   14 disabled
[    0.001949]   15 disabled
[    0.001965] x86/PAT: Configuration [0-7]: WB  WC  UC- UC  WB  WP  UC- WT  
[    0.002099] found SMP MP-table at [mem 0x0009fff0-0x0009ffff]
[    0.090665] check: Scanning 1 areas for low memory corruption
[    0.090835] RAMDISK: [mem 0x32271000-0x3512ffff]
[    0.090844] ACPI: Early table checksum verification disabled
[    0.090850] ACPI: RSDP 0x00000000000E0000 000024 (v02 VBOX  )
[    0.090855] ACPI: XSDT 0x000000007FFF0030 00003C (v01 VBOX   VBOXXSDT 00000001 ASL  00000061)
[    0.090861] ACPI: FACP 0x000000007FFF00F0 0000F4 (v04 VBOX   VBOXFACP 00000001 ASL  00000061)
[    0.090868] ACPI: DSDT 0x000000007FFF02E0 002353 (v02 VBOX   VBOXBIOS 00000002 VBOX 00029BF3)
[    0.090872] ACPI: FACS 0x000000007FFF0200 000040
[    0.090875] ACPI: FACS 0x000000007FFF0200 000040
[    0.090878] ACPI: APIC 0x000000007FFF0240 000054 (v02 VBOX   VBOXAPIC 00000001 ASL  00000061)
[    0.090882] ACPI: SSDT 0x000000007FFF02A0 000038 (v01 VBOX   VBOXCPUT 00000002 VBOX 00029BF3)
[    0.090886] ACPI: Reserving FACP table memory at [mem 0x7fff00f0-0x7fff01e3]
[    0.090886] ACPI: Reserving DSDT table memory at [mem 0x7fff02e0-0x7fff2632]
[    0.090887] ACPI: Reserving FACS table memory at [mem 0x7fff0200-0x7fff023f]
[    0.090888] ACPI: Reserving FACS table memory at [mem 0x7fff0200-0x7fff023f]
[    0.090888] ACPI: Reserving APIC table memory at [mem 0x7fff0240-0x7fff0293]
[    0.090889] ACPI: Reserving SSDT table memory at [mem 0x7fff02a0-0x7fff02d7]
[    0.090904] ACPI: Local APIC address 0xfee00000
[    0.091091] No NUMA configuration found
[    0.091092] Faking a node at [mem 0x0000000000000000-0x000000007ffeffff]
[    0.091102] NODE_DATA(0) allocated [mem 0x7ffc5000-0x7ffeffff]
[    0.091365] Zone ranges:
[    0.091366]   DMA      [mem 0x0000000000001000-0x0000000000ffffff]
[    0.091367]   DMA32    [mem 0x0000000001000000-0x000000007ffeffff]
[    0.091369]   Normal   empty
[    0.091369]   Device   empty
[    0.091370] Movable zone start for each node
[    0.091372] Early memory node ranges
[    0.091373]   node   0: [mem 0x0000000000001000-0x000000000009efff]
[    0.091373]   node   0: [mem 0x0000000000100000-0x000000007ffeffff]
[    0.091377] Zeroed struct page in unavailable ranges: 114 pages
[    0.091378] Initmem setup node 0 [mem 0x0000000000001000-0x000000007ffeffff]
[    0.091379] On node 0 totalpages: 524174
[    0.091380]   DMA zone: 64 pages used for memmap
[    0.091381]   DMA zone: 21 pages reserved
[    0.091382]   DMA zone: 3998 pages, LIFO batch:0
[    0.091460]   DMA32 zone: 8128 pages used for memmap
[    0.091461]   DMA32 zone: 520176 pages, LIFO batch:63
[    0.100723] ACPI: PM-Timer IO Port: 0x4008
[    0.100727] ACPI: Local APIC address 0xfee00000
[    0.100798] IOAPIC[0]: apic_id 1, version 32, address 0xfec00000, GSI 0-23
[    0.100802] ACPI: INT_SRC_OVR (bus 0 bus_irq 0 global_irq 2 dfl dfl)
[    0.100804] ACPI: INT_SRC_OVR (bus 0 bus_irq 9 global_irq 9 low level)
[    0.100806] ACPI: IRQ0 used by override.
[    0.100807] ACPI: IRQ9 used by override.
[    0.100809] Using ACPI (MADT) for SMP configuration information
[    0.100817] smpboot: Allowing 1 CPUs, 0 hotplug CPUs
[    0.100839] PM: Registered nosave memory: [mem 0x00000000-0x00000fff]
[    0.100841] PM: Registered nosave memory: [mem 0x0009f000-0x0009ffff]
[    0.100841] PM: Registered nosave memory: [mem 0x000a0000-0x000effff]
[    0.100842] PM: Registered nosave memory: [mem 0x000f0000-0x000fffff]
[    0.100844] [mem 0x80000000-0xfebfffff] available for PCI devices
[    0.100844] Booting paravirtualized kernel on KVM
[    0.100848] clocksource: refined-jiffies: mask: 0xffffffff max_cycles: 0xffffffff, max_idle_ns: 7645519600211568 ns
[    0.100853] setup_percpu: NR_CPUS:8192 nr_cpumask_bits:1 nr_cpu_ids:1 nr_node_ids:1
[    0.101857] percpu: Embedded 60 pages/cpu s208896 r8192 d28672 u2097152
[    0.101862] pcpu-alloc: s208896 r8192 d28672 u2097152 alloc=1*2097152
[    0.101863] pcpu-alloc: [0] 0 
[    0.101891] Built 1 zonelists, mobility grouping on.  Total pages: 515961
[    0.101891] Policy zone: DMA32
[    0.101893] Kernel command line: BOOT_IMAGE=/boot/vmlinuz-5.4.243-mptcp root=UUID=98415a12-53b7-4144-8265-0f7ece09e445 ro quiet splash
[    0.102756] Dentry cache hash table entries: 262144 (order: 9, 2097152 bytes, linear)
[    0.102903] Inode-cache hash table entries: 131072 (order: 8, 1048576 bytes, linear)
[    0.102954] mem auto-init: stack:off, heap alloc:on, heap free:off
[    0.102957] Calgary: detecting Calgary via BIOS EBDA area
[    0.102959] Calgary: Unable to locate Rio Grande table in EBDA - bailing!
[    0.107712] Memory: 1967332K/2096696K available (14339K kernel code, 2398K rwdata, 4712K rodata, 2728K init, 17260K bss, 129364K reserved, 0K cma-reserved)
[    0.108638] SLUB: HWalign=64, Order=0-3, MinObjects=0, CPUs=1, Nodes=1
[    0.108655] ftrace: allocating 43186 entries in 169 pages
[    0.126796] rcu: Hierarchical RCU implementation.
[    0.126798] rcu: 	RCU restricting CPUs from NR_CPUS=8192 to nr_cpu_ids=1.
[    0.126799] 	Tasks RCU enabled.
[    0.126800] rcu: RCU calculated value of scheduler-enlistment delay is 25 jiffies.
[    0.126801] rcu: Adjusting geometry for rcu_fanout_leaf=16, nr_cpu_ids=1
[    0.129780] NR_IRQS: 524544, nr_irqs: 256, preallocated irqs: 16
[    0.129993] random: crng init done
[    0.139235] Console: colour VGA+ 80x25
[    0.139240] printk: console [tty0] enabled
[    0.139264] ACPI: Core revision 20190816
[    0.139367] APIC: Switch to symmetric I/O mode setup
[    0.139617] x2apic enabled
[    0.139853] Switched APIC routing to physical x2apic.
[    0.140985] ..TIMER: vector=0x30 apic1=0 pin1=2 apic2=-1 pin2=-1
[    0.141013] clocksource: tsc-early: mask: 0xffffffffffffffff max_cycles: 0x1e4530a99b6, max_idle_ns: 440795257976 ns
[    0.141019] Calibrating delay loop (skipped) preset value.. 4200.00 BogoMIPS (lpj=8400000)
[    0.141021] pid_max: default: 32768 minimum: 301
[    0.141050] LSM: Security Framework initializing
[    0.141060] Yama: becoming mindful.
[    0.141087] AppArmor: AppArmor initialized
[    0.141121] Mount-cache hash table entries: 4096 (order: 3, 32768 bytes, linear)
[    0.141125] Mountpoint-cache hash table entries: 4096 (order: 3, 32768 bytes, linear)
[    0.141135] *** VALIDATE tmpfs ***
[    0.141266] *** VALIDATE proc ***
[    0.141309] *** VALIDATE cgroup1 ***
[    0.141310] *** VALIDATE cgroup2 ***
[    0.141452] process: using mwait in idle threads
[    0.141457] Last level iTLB entries: 4KB 64, 2MB 8, 4MB 8
[    0.141457] Last level dTLB entries: 4KB 64, 2MB 0, 4MB 0, 1GB 4
[    0.141477] Spectre V1 : Mitigation: usercopy/swapgs barriers and __user pointer sanitization
[    0.141482] Spectre V2 : Mitigation: Retpolines
[    0.141483] Spectre V2 : Spectre v2 / SpectreRSB mitigation: Filling RSB on context switch
[    0.141484] Spectre V2 : Spectre v2 / SpectreRSB : Filling RSB on VMEXIT
[    0.141484] RETBleed: WARNING: Spectre v2 mitigation leaves CPU vulnerable to RETBleed attacks, data leaks possible!
[    0.141838] RETBleed: Vulnerable
[    0.141838] Speculative Store Bypass: Vulnerable
[    0.141843] TAA: Mitigation: TSX disabled
[    0.141844] MMIO Stale Data: Mitigation: Clear CPU buffers
[    0.146091] Freeing SMP alternatives memory: 40K
[    0.258232] smpboot: CPU0: Intel(R) Xeon(R) Silver 4216 CPU @ 2.10GHz (family: 0x6, model: 0x55, stepping: 0x7)
[    0.258360] Performance Events: unsupported p6 CPU model 85 no PMU driver, software events only.
[    0.258397] rcu: Hierarchical SRCU implementation.
[    0.258878] NMI watchdog: Perf NMI watchdog permanently disabled
[    0.258918] smp: Bringing up secondary CPUs ...
[    0.258919] smp: Brought up 1 node, 1 CPU
[    0.258920] smpboot: Max logical packages: 1
[    0.258922] smpboot: Total of 1 processors activated (4200.00 BogoMIPS)
[    0.259897] devtmpfs: initialized
[    0.259945] x86/mm: Memory block size: 128MB
[    0.260299] clocksource: jiffies: mask: 0xffffffff max_cycles: 0xffffffff, max_idle_ns: 7645041785100000 ns
[    0.260305] futex hash table entries: 256 (order: 2, 16384 bytes, linear)
[    0.260349] pinctrl core: initialized pinctrl subsystem
[    0.260452] PM: RTC time: 17:17:56, date: 2026-01-16
[    0.260560] NET: Registered protocol family 16
[    0.260634] audit: initializing netlink subsys (disabled)
[    0.260759] EISA bus registered
[    0.260761] cpuidle: using governor ladder
[    0.260761] cpuidle: using governor menu
[    0.260797] ACPI: bus type PCI registered
[    0.260799] acpiphp: ACPI Hot Plug PCI Controller Driver version: 0.5
[    0.260904] PCI: Using configuration type 1 for base access
[    0.261355] audit: type=2000 audit(1768555083.228:1): state=initialized audit_enabled=0 res=1
[    0.261434] HugeTLB registered 2.00 MiB page size, pre-allocated 0 pages
[    0.262251] ACPI: Added _OSI(Module Device)
[    0.262251] ACPI: Added _OSI(Processor Device)
[    0.262252] ACPI: Added _OSI(3.0 _SCP Extensions)
[    0.262253] ACPI: Added _OSI(Processor Aggregator Device)
[    0.262254] ACPI: Added _OSI(Linux-Dell-Video)
[    0.262255] ACPI: Added _OSI(Linux-Lenovo-NV-HDMI-Audio)
[    0.262255] ACPI: Added _OSI(Linux-HPI-Hybrid-Graphics)
[    0.264209] ACPI: 2 ACPI AML tables successfully acquired and loaded
[    0.265847] ACPI: Interpreter enabled
[    0.265858] ACPI: (supports S0 S5)
[    0.265859] ACPI: Using IOAPIC for interrupt routing
[    0.266062] PCI: Using host bridge windows from ACPI; if necessary, use "pci=nocrs" and report a bug
[    0.266170] ACPI: Enabled 2 GPEs in block 00 to 07
[    0.271110] ACPI: PCI Root Bridge [PCI0] (domain 0000 [bus 00-ff])
[    0.271115] acpi PNP0A03:00: _OSC: OS supports [ASPM ClockPM Segments MSI HPX-Type3]
[    0.271559] acpi PNP0A03:00: _OSC: not requesting OS control; OS requires [ExtendedConfig ASPM ClockPM MSI]
[    0.271567] acpi PNP0A03:00: fail to add MMCONFIG information, can't access extended PCI configuration space under this bridge.
[    0.271947] PCI host bridge to bus 0000:00
[    0.271949] pci_bus 0000:00: root bus resource [io  0x0000-0x0cf7 window]
[    0.271950] pci_bus 0000:00: root bus resource [io  0x0d00-0xffff window]
[    0.271952] pci_bus 0000:00: root bus resource [mem 0x000a0000-0x000bffff window]
[    0.271953] pci_bus 0000:00: root bus resource [mem 0x80000000-0xfdffffff window]
[    0.271954] pci_bus 0000:00: root bus resource [bus 00-ff]
[    0.271997] pci 0000:00:00.0: [8086:1237] type 00 class 0x060000
[    0.272991] pci 0000:00:01.0: [8086:7000] type 00 class 0x060100
[    0.273792] pci 0000:00:01.1: [8086:7111] type 00 class 0x01018a
[    0.274161] pci 0000:00:01.1: reg 0x20: [io  0xd000-0xd00f]
[    0.274312] pci 0000:00:01.1: legacy IDE quirk: reg 0x10: [io  0x01f0-0x01f7]
[    0.274313] pci 0000:00:01.1: legacy IDE quirk: reg 0x14: [io  0x03f6]
[    0.274314] pci 0000:00:01.1: legacy IDE quirk: reg 0x18: [io  0x0170-0x0177]
[    0.274315] pci 0000:00:01.1: legacy IDE quirk: reg 0x1c: [io  0x0376]
[    0.274851] pci 0000:00:02.0: [15ad:0405] type 00 class 0x030000
[    0.277094] pci 0000:00:02.0: reg 0x10: [io  0xd010-0xd01f]
[    0.281065] pci 0000:00:02.0: reg 0x14: [mem 0xe0000000-0xe7ffffff pref]
[    0.283936] pci 0000:00:02.0: reg 0x18: [mem 0xf0000000-0xf01fffff]
[    0.293853] pci 0000:00:03.0: [1022:2000] type 00 class 0x020000
[    0.294582] pci 0000:00:03.0: reg 0x10: [io  0xd020-0xd03f]
[    0.297092] pci 0000:00:03.0: reg 0x14: [mem 0xf0200000-0xf0200fff]
[    0.300620] pci 0000:00:04.0: [80ee:cafe] type 00 class 0x088000
[    0.301136] pci 0000:00:04.0: reg 0x10: [io  0xd040-0xd05f]
[    0.301816] pci 0000:00:04.0: reg 0x14: [mem 0xf0400000-0xf07fffff]
[    0.302450] pci 0000:00:04.0: reg 0x18: [mem 0xf0800000-0xf0803fff pref]
[    0.306098] pci 0000:00:07.0: [8086:7113] type 00 class 0x068000
[    0.306655] pci 0000:00:07.0: quirk: [io  0x4000-0x403f] claimed by PIIX4 ACPI
[    0.306666] pci 0000:00:07.0: quirk: [io  0x4100-0x410f] claimed by PIIX4 SMB
[    0.307284] pci 0000:00:08.0: [8086:100e] type 00 class 0x020000
[    0.307997] pci 0000:00:08.0: reg 0x10: [mem 0xf0820000-0xf083ffff]
[    0.309132] pci 0000:00:08.0: reg 0x18: [io  0xd060-0xd067]
[    0.312355] pci 0000:00:09.0: [8086:100e] type 00 class 0x020000
[    0.313015] pci 0000:00:09.0: reg 0x10: [mem 0xf0840000-0xf085ffff]
[    0.313703] pci 0000:00:09.0: reg 0x18: [io  0xd068-0xd06f]
[    0.325329] ACPI: PCI Interrupt Link [LNKA] (IRQs 5 9 10 *11)
[    0.325613] ACPI: PCI Interrupt Link [LNKB] (IRQs 5 9 *10 11)
[    0.325715] ACPI: PCI Interrupt Link [LNKC] (IRQs 5 *9 10 11)
[    0.325816] ACPI: PCI Interrupt Link [LNKD] (IRQs 5 9 10 *11)
[    0.326086] iommu: Default domain type: Translated 
[    0.326147] pci 0000:00:02.0: vgaarb: setting as boot VGA device
[    0.326149] pci 0000:00:02.0: vgaarb: VGA device added: decodes=io+mem,owns=io+mem,locks=none
[    0.326151] pci 0000:00:02.0: vgaarb: bridge control possible
[    0.326151] vgaarb: loaded
[    0.326367] SCSI subsystem initialized
[    0.326398] libata version 3.00 loaded.
[    0.326423] ACPI: bus type USB registered
[    0.326439] usbcore: registered new interface driver usbfs
[    0.326444] usbcore: registered new interface driver hub
[    0.326450] usbcore: registered new device driver usb
[    0.326476] pps_core: LinuxPPS API ver. 1 registered
[    0.326477] pps_core: Software ver. 5.3.6 - Copyright 2005-2007 Rodolfo Giometti <giometti@linux.it>
[    0.326479] PTP clock support registered
[    0.326514] EDAC MC: Ver: 3.0.0
[    0.326800] PCI: Using ACPI for IRQ routing
[    0.326802] PCI: pci_cache_line_size set to 64 bytes
[    0.326972] e820: reserve RAM buffer [mem 0x0009fc00-0x0009ffff]
[    0.326976] e820: reserve RAM buffer [mem 0x7fff0000-0x7fffffff]
[    0.327765] NetLabel: Initializing
[    0.327766] NetLabel:  domain hash size = 128
[    0.327766] NetLabel:  protocols = UNLABELED CIPSOv4 CALIPSO
[    0.327787] NetLabel:  unlabeled traffic allowed by default
[    0.328780] clocksource: Switched to clocksource kvm-clock
[    0.339835] *** VALIDATE bpf ***
[    0.339899] VFS: Disk quotas dquot_6.6.0
[    0.339911] VFS: Dquot-cache hash table entries: 512 (order 0, 4096 bytes)
[    0.339934] *** VALIDATE ramfs ***
[    0.339937] *** VALIDATE hugetlbfs ***
[    0.340021] AppArmor: AppArmor Filesystem Enabled
[    0.340050] pnp: PnP ACPI init
[    0.340125] pnp 00:00: Plug and Play ACPI device, IDs PNP0303 (active)
[    0.340193] pnp 00:01: Plug and Play ACPI device, IDs PNP0f03 (active)
[    0.340938] pnp: PnP ACPI: found 2 devices
[    0.341896] thermal_sys: Registered thermal governor 'fair_share'
[    0.341897] thermal_sys: Registered thermal governor 'bang_bang'
[    0.341898] thermal_sys: Registered thermal governor 'step_wise'
[    0.341898] thermal_sys: Registered thermal governor 'user_space'
[    0.341899] thermal_sys: Registered thermal governor 'power_allocator'
[    0.346425] clocksource: acpi_pm: mask: 0xffffff max_cycles: 0xffffff, max_idle_ns: 2085701024 ns
[    0.346467] pci_bus 0000:00: resource 4 [io  0x0000-0x0cf7 window]
[    0.346469] pci_bus 0000:00: resource 5 [io  0x0d00-0xffff window]
[    0.346470] pci_bus 0000:00: resource 6 [mem 0x000a0000-0x000bffff window]
[    0.346471] pci_bus 0000:00: resource 7 [mem 0x80000000-0xfdffffff window]
[    0.346530] NET: Registered protocol family 2
[    0.346605] IP idents hash table entries: 32768 (order: 6, 262144 bytes, linear)
[    0.347015] MPTCP tokens hash table entries: 8192 (order: 4, 65536 bytes, linear)
[    0.347035] MPTCP request tokens hash table entries: 8192 (order: 4, 65536 bytes, linear)
[    0.347059] default registered
[    0.347060] default registered
[    0.347060] MPTCP: Stable release v0.96
[    0.347065] tcp_listen_portaddr_hash hash table entries: 1024 (order: 2, 16384 bytes, linear)
[    0.347146] TCP established hash table entries: 16384 (order: 5, 131072 bytes, linear)
[    0.347212] TCP bind hash table entries: 16384 (order: 6, 262144 bytes, linear)
[    0.347237] TCP: Hash tables configured (established 16384 bind 16384)
[    0.347957] UDP hash table entries: 1024 (order: 3, 32768 bytes, linear)
[    0.347968] UDP-Lite hash table entries: 1024 (order: 3, 32768 bytes, linear)
[    0.348005] NET: Registered protocol family 1
[    0.348014] NET: Registered protocol family 44
[    0.348038] pci 0000:00:00.0: Limiting direct PCI/PCI transfers
[    0.348051] pci 0000:00:01.0: Activating ISA DMA hang workarounds
[    0.348105] pci 0000:00:02.0: Video device with shadowed ROM at [mem 0x000c0000-0x000dffff]
[    0.348167] PCI: CLS 0 bytes, default 64
[    0.348216] Trying to unpack rootfs image as initramfs...
[    0.523769] Freeing initrd memory: 47868K
[    0.523769] clocksource: tsc: mask: 0xffffffffffffffff max_cycles: 0x1e4530a99b6, max_idle_ns: 440795257976 ns
[    0.523769] clocksource: Switched to clocksource tsc
[    0.523769] platform rtc_cmos: registered platform RTC device (no PNP device found)
[    0.523769] check: Scanning for low memory corruption every 60 seconds
[    0.523769] Initialise system trusted keyrings
[    0.523769] Key type blacklist registered
[    0.523769] workingset: timestamp_bits=36 max_order=19 bucket_order=0
[    0.523769] zbud: loaded
[    0.523769] squashfs: version 4.0 (2009/01/31) Phillip Lougher
[    0.523769] fuse: init (API version 7.31)
[    0.523769] *** VALIDATE fuse ***
[    0.523769] *** VALIDATE fuse ***
[    0.523769] Platform Keyring initialized
[    0.538962] Key type asymmetric registered
[    0.538963] Asymmetric key parser 'x509' registered
[    0.538975] Block layer SCSI generic (bsg) driver version 0.4 loaded (major 244)
[    0.539009] io scheduler mq-deadline registered
[    0.539135] shpchp: Standard Hot Plug PCI Controller Driver version: 0.4
[    0.539352] ACPI: AC Adapter [AC] (on-line)
[    0.539396] input: Power Button as /devices/LNXSYSTM:00/LNXPWRBN:00/input/input0
[    0.539425] ACPI: Power Button [PWRF]
[    0.539497] input: Sleep Button as /devices/LNXSYSTM:00/LNXSLPBN:00/input/input1
[    0.539513] ACPI: Sleep Button [SLPF]
[    0.539746] Serial: 8250/16550 driver, 32 ports, IRQ sharing enabled
[    0.540915] Linux agpgart interface v0.103
[    0.635074] loop: module loaded
[    0.635232] ata_piix 0000:00:01.1: version 2.13
[    0.635647] scsi host0: ata_piix
[    0.635736] scsi host1: ata_piix
[    0.635763] ata1: PATA max UDMA/33 cmd 0x1f0 ctl 0x3f6 bmdma 0xd000 irq 14
[    0.635763] ata2: PATA max UDMA/33 cmd 0x170 ctl 0x376 bmdma 0xd008 irq 15
[    0.635848] tun: Universal TUN/TAP device driver, 1.6
[    0.636151] PPP generic driver version 2.4.2
[    0.636195] VFIO - User Level meta-driver version: 0.3
[    0.636434] ehci_hcd: USB 2.0 'Enhanced' Host Controller (EHCI) Driver
[    0.636439] ehci-pci: EHCI PCI platform driver
[    0.636455] ehci-platform: EHCI generic platform driver
[    0.636461] ohci_hcd: USB 1.1 'Open' Host Controller (OHCI) Driver
[    0.636462] ohci-pci: OHCI PCI platform driver
[    0.636469] ohci-platform: OHCI generic platform driver
[    0.636474] uhci_hcd: USB Universal Host Controller Interface driver
[    0.636541] i8042: PNP: PS/2 Controller [PNP0303:PS2K,PNP0f03:PS2M] at 0x60,0x64 irq 1,12
[    0.636979] serio: i8042 KBD port at 0x60,0x64 irq 1
[    0.636983] serio: i8042 AUX port at 0x60,0x64 irq 12
[    0.637070] mousedev: PS/2 mouse device common for all mice
[    0.637333] input: AT Translated Set 2 keyboard as /devices/platform/i8042/serio0/input/input2
[    0.637746] rtc_cmos rtc_cmos: registered as rtc0
[    0.637760] rtc_cmos rtc_cmos: alarms up to one day, 114 bytes nvram
[    0.637765] i2c /dev entries driver
[    0.637809] device-mapper: uevent: version 1.0.3
[    0.637853] device-mapper: ioctl: 4.41.0-ioctl (2019-09-16) initialised: dm-devel@redhat.com
[    0.637870] platform eisa.0: Probing EISA bus 0
[    0.637871] platform eisa.0: EISA: Cannot allocate resource for mainboard
[    0.637872] platform eisa.0: Cannot allocate resource for EISA slot 1
[    0.637873] platform eisa.0: Cannot allocate resource for EISA slot 2
[    0.637874] platform eisa.0: Cannot allocate resource for EISA slot 3
[    0.637875] platform eisa.0: Cannot allocate resource for EISA slot 4
[    0.637876] platform eisa.0: Cannot allocate resource for EISA slot 5
[    0.637877] platform eisa.0: Cannot allocate resource for EISA slot 6
[    0.637878] platform eisa.0: Cannot allocate resource for EISA slot 7
[    0.637879] platform eisa.0: Cannot allocate resource for EISA slot 8
[    0.637880] platform eisa.0: EISA: Detected 0 cards
[    0.637883] intel_pstate: CPU model not supported
[    0.637892] ledtrig-cpu: registered to indicate activity on CPUs
[    0.637944] drop_monitor: Initializing network drop monitor service
[    0.638104] NET: Registered protocol family 10
[    0.643198] Segment Routing with IPv6
[    0.643198] fullmesh registered
[    0.643198] ndiffports registered
[    0.643198] binder registered
[    0.643198] roundrobin registered
[    0.643198] redundant registered
[    0.643198] blest registered
[    0.643198] ecf registered
[    0.643198] NET: Registered protocol family 17
[    0.643198] Key type dns_resolver registered
[    0.643198] RAS: Correctable Errors collector initialized.
[    0.643198] IPI shorthand broadcast: enabled
[    0.643198] sched_clock: Marking stable (628165313, 11033399)->(642439074, -3240362)
[    0.643611] registered taskstats version 1
[    0.643620] Loading compiled-in X.509 certificates
[    0.644211] Loaded X.509 cert 'Build time autogenerated kernel key: 6909f3744cebb3d0de528d5887b96a727de79b1e'
[    0.644229] zswap: loaded using pool lzo/zbud
[    0.644284] Key type ._fscrypt registered
[    0.644285] Key type .fscrypt registered
[    0.648773] Key type big_key registered
[    0.650964] Key type encrypted registered
[    0.650967] AppArmor: AppArmor sha1 policy hashing enabled
[    0.650975] ima: No TPM chip found, activating TPM-bypass!
[    0.650979] ima: Allocated hash algorithm: sha1
[    0.650984] ima: No architecture policies found
[    0.650993] evm: Initialising EVM extended attributes:
[    0.650994] evm: security.selinux
[    0.650994] evm: security.SMACK64
[    0.650995] evm: security.SMACK64EXEC
[    0.650995] evm: security.SMACK64TRANSMUTE
[    0.650995] evm: security.SMACK64MMAP
[    0.650996] evm: security.apparmor
[    0.650996] evm: security.ima
[    0.650997] evm: security.capability
[    0.650997] evm: HMAC attrs: 0x1
[    0.651290] PM:   Magic number: 10:693:289
[    0.651313] tty tty22: hash matches
[    0.651399] rtc_cmos rtc_cmos: setting system clock to 2026-01-16T17:17:57 UTC (1768583877)
[    0.808055] ata1.00: ATA-6: VBOX HARDDISK, 1.0, max UDMA/133
[    0.808058] ata1.00: 209715200 sectors, multi 128: LBA 
[    0.808707] scsi 0:0:0:0: Direct-Access     ATA      VBOX HARDDISK    1.0  PQ: 0 ANSI: 5
[    0.809003] sd 0:0:0:0: [sda] 209715200 512-byte logical blocks: (107 GB/100 GiB)
[    0.809015] sd 0:0:0:0: [sda] Write Protect is off
[    0.809018] sd 0:0:0:0: [sda] Mode Sense: 00 3a 00 00
[    0.809036] sd 0:0:0:0: [sda] Write cache: enabled, read cache: enabled, doesn't support DPO or FUA
[    0.809344] sd 0:0:0:0: Attached scsi generic sg0 type 0
[    0.810123]  sda: sda1 sda2
[    0.819260] sd 0:0:0:0: [sda] Attached SCSI disk
[    0.822408] Freeing unused decrypted memory: 2040K
[    0.823347] Freeing unused kernel image memory: 2728K
[    0.823350] Write protecting the kernel read-only data: 22528k
[    0.824324] Freeing unused kernel image memory: 2036K
[    0.824875] Freeing unused kernel image memory: 1432K
[    0.850024] x86/mm: Checked W+X mappings: passed, no W+X pages found.
[    0.850029] Run /init as init process
[    0.957167] ACPI: Video Device [GFX0] (multi-head: yes  rom: no  post: no)
[    0.957239] input: Video Bus as /devices/LNXSYSTM:00/LNXSYBUS:00/PNP0A03:00/LNXVIDEO:00/input/input4
[    0.968403] pcnet32: pcnet32.c:v1.35 21.Apr.2008 tsbogend@alpha.franken.de
[    0.969948] piix4_smbus 0000:00:07.0: SMBus Host Controller at 0x4100, revision 0
[    0.972442] e1000: Intel(R) PRO/1000 Network Driver - version 7.3.21-k8-NAPI
[    0.972443] e1000: Copyright (c) 1999-2006 Intel Corporation.
[    0.977214] pcnet32: PCnet/FAST III 79C973 at 0xd020, 08:00:27:be:b3:26 assigned IRQ 19
[    0.977260] pcnet32: Found PHY 0022:561b at address 0
[    0.977558] pcnet32: eth0: registered as PCnet/FAST III 79C973
[    0.987551] pcnet32: 1 cards_found
[    1.046787] pcnet32 0000:00:03.0 enp0s3: renamed from eth0
[    1.189214] input: ImExPS/2 Generic Explorer Mouse as /devices/platform/i8042/serio1/input/input5
[    1.383439] e1000 0000:00:08.0 eth0: (PCI:33MHz:32-bit) 08:00:27:b1:4d:5a
[    1.383443] e1000 0000:00:08.0 eth0: Intel(R) PRO/1000 Network Connection
[    1.755364] e1000 0000:00:09.0 eth1: (PCI:33MHz:32-bit) 08:00:27:bc:31:84
[    1.755368] e1000 0000:00:09.0 eth1: Intel(R) PRO/1000 Network Connection
[    1.756544] e1000 0000:00:09.0 enp0s9: renamed from eth1
[    1.758368] e1000 0000:00:08.0 enp0s8: renamed from eth0
[    1.916652] EXT4-fs (sda2): mounted filesystem with ordered data mode. Opts: (null)
[    2.018771] systemd[1]: Inserted module 'autofs4'
[    2.031552] systemd[1]: systemd 245.4-4ubuntu3 running in system mode. (+PAM +AUDIT +SELINUX +IMA +APPARMOR +SMACK +SYSVINIT +UTMP +LIBCRYPTSETUP +GCRYPT +GNUTLS +ACL +XZ +LZ4 +SECCOMP +BLKID +ELFUTILS +KMOD +IDN2 -IDN +PCRE2 default-hierarchy=hybrid)
[    2.031586] systemd[1]: Detected virtualization oracle.
[    2.031591] systemd[1]: Detected architecture x86-64.
[    2.032962] systemd[1]: Set hostname to <ztg>.
[    2.165101] systemd[1]: /lib/systemd/system/dbus.socket:5: ListenStream= references a path below legacy directory /var/run/, updating /var/run/dbus/system_bus_socket â†’ /run/dbus/system_bus_socket; please update the unit file accordingly.
[    2.220904] systemd[1]: Created slice system-modprobe.slice.
[    2.221102] systemd[1]: Created slice User and Session Slice.
[    2.221152] systemd[1]: Started Forward Password Requests to Wall Directory Watch.
[    2.221332] systemd[1]: Set up automount Arbitrary Executable File Formats File System Automount Point.
[    2.221369] systemd[1]: Reached target User and Group Name Lookups.
[    2.221378] systemd[1]: Reached target Remote File Systems.
[    2.221386] systemd[1]: Reached target Slices.
[    2.221995] systemd[1]: Listening on Syslog Socket.
[    2.222065] systemd[1]: Listening on fsck to fsckd communication Socket.
[    2.222107] systemd[1]: Listening on initctl Compatibility Named Pipe.
[    2.222254] systemd[1]: Listening on Journal Audit Socket.
[    2.222306] systemd[1]: Listening on Journal Socket (/dev/log).
[    2.222377] systemd[1]: Listening on Journal Socket.
[    2.222447] systemd[1]: Listening on udev Control Socket.
[    2.222488] systemd[1]: Listening on udev Kernel Socket.
[    2.223397] systemd[1]: Mounting Huge Pages File System...
[    2.224400] systemd[1]: Mounting POSIX Message Queue File System...
[    2.225368] systemd[1]: Mounting Kernel Debug File System...
[    2.226266] systemd[1]: Mounting Kernel Trace File System...
[    2.228828] systemd[1]: Starting Journal Service...
[    2.257220] systemd[1]: Starting Set the console keyboard layout...
[    2.265604] systemd[1]: Starting Create list of static device nodes for the current kernel...
[    2.267793] systemd[1]: Starting Load Kernel Module drm...
[    2.268848] systemd[1]: Condition check resulted in Set Up Additional Binary Formats being skipped.
[    2.268894] systemd[1]: Condition check resulted in File System Check on Root Device being skipped.
[    2.281177] systemd[1]: Starting Load Kernel Modules...
[    2.286894] systemd[1]: Starting Remount Root and Kernel File Systems...
[    2.298220] systemd[1]: Starting udev Coldplug all Devices...
[    2.311683] systemd[1]: Starting Uncomplicated firewall...
[    2.313294] systemd[1]: Mounted Huge Pages File System.
[    2.313394] systemd[1]: Mounted POSIX Message Queue File System.
[    2.313478] systemd[1]: Mounted Kernel Debug File System.
[    2.313556] systemd[1]: Mounted Kernel Trace File System.
[    2.314093] EXT4-fs (sda2): re-mounted. Opts: errors=remount-ro
[    2.336867] systemd[1]: Finished Create list of static device nodes for the current kernel.
[    2.337908] systemd[1]: modprobe@drm.service: Succeeded.
[    2.352676] systemd[1]: Finished Load Kernel Module drm.
[    2.359812] systemd[1]: Finished Remount Root and Kernel File Systems.
[    2.360914] systemd[1]: Finished Uncomplicated firewall.
[    2.363038] lp: driver loaded but no devices found
[    2.382409] systemd[1]: Condition check resulted in Rebuild Hardware Database being skipped.
[    2.382452] systemd[1]: Condition check resulted in Platform Persistent Storage Archival being skipped.
[    2.383264] systemd[1]: Starting Load/Save Random Seed...
[    2.385498] ppdev: user-space parallel port driver
[    2.393230] systemd[1]: Starting Create System Users...
[    2.405110] systemd[1]: Finished Load/Save Random Seed.
[    2.413587] systemd[1]: Finished Create System Users.
[    2.414456] systemd[1]: Starting Create Static Device Nodes in /dev...
[    2.470559] systemd[1]: Finished udev Coldplug all Devices.
[    2.472851] systemd[1]: Finished Create Static Device Nodes in /dev.
[    2.473850] systemd[1]: Starting udev Kernel Device Manager...
[    2.481653] [drm] DMA map mode: Caching DMA mappings.
[    2.481716] [drm] Capabilities:
[    2.481716] [drm]   Rect copy.
[    2.481716] [drm]   Cursor.
[    2.481717] [drm]   Cursor bypass.
[    2.481717] [drm]   Cursor bypass 2.
[    2.481718] [drm]   Alpha cursor.
[    2.481718] [drm]   Extended Fifo.
[    2.481718] [drm]   Pitchlock.
[    2.481719] [drm]   Irq mask.
[    2.481719] [drm]   GMR.
[    2.481719] [drm]   Traces.
[    2.481720] [drm]   GMR2.
[    2.481720] [drm]   Screen Object 2.
[    2.481720] [drm]   Command Buffers.
[    2.481721] [drm]   Command Buffers 2.
[    2.481721] [drm]   Guest Backed Resources.
[    2.481722] [drm] Max GMR ids is 8192
[    2.481723] [drm] Max number of GMR pages is 1048576
[    2.481723] [drm] Max dedicated hypervisor surface memory is 393216 kiB
[    2.481724] [drm] Maximum display memory size is 131072 kiB
[    2.481725] [drm] VRAM at 0xe0000000 size is 131072 kiB
[    2.481726] [drm] MMIO at 0xf0000000 size is 2048 kiB
[    2.481904] [TTM] Zone  kernel: Available graphics memory: 1011738 KiB
[    2.481905] [TTM] Initializing pool allocator
[    2.481908] [TTM] Initializing DMA pool allocator
[    2.481943] [drm] Supports vblank timestamp caching Rev 2 (21.10.2013).
[    2.481943] [drm] No driver support for vblank timestamp query.
[    2.482196] [drm] Screen Target Display device initialized
[    2.482595] [drm] width 720
[    2.482604] [drm] height 400
[    2.482608] [drm] bpp 32
[    2.483179] [drm] Fifo max 0x00200000 min 0x00001000 cap 0x00000355
[    2.485182] [drm] Using command buffers with DMA pool.
[    2.485187] [drm] DX: no.
[    2.485187] [drm] Atomic: yes.
[    2.485188] [drm] SM4_1: no.
[    2.485212] [drm:vmw_host_log [vmwgfx]] *ERROR* Failed to send host log message.
[    2.486133] [drm:vmw_host_log [vmwgfx]] *ERROR* Failed to send host log message.
[    2.519830] fbcon: svgadrmfb (fb0) is primary device
[    2.526107] Console: switching to colour frame buffer device 100x37
[    2.533078] [drm] Initialized vmwgfx 2.15.0 20180704 for 0000:00:02.0 on minor 0
[    2.534601] systemd[1]: Finished Load Kernel Modules.
[    2.535717] systemd[1]: Mounting FUSE Control File System...
[    2.537036] systemd[1]: Mounting Kernel Configuration File System...
[    2.560296] systemd[1]: Starting Apply Kernel Variables...
[    2.571800] systemd[1]: Finished Set the console keyboard layout.
[    2.571950] systemd[1]: Reached target Local File Systems (Pre).
[    2.579403] systemd[1]: Mounting Mount unit for bare, revision 5...
[    2.585738] systemd[1]: Mounting Mount unit for core18, revision 1705...
[    2.594596] systemd[1]: Mounting Mount unit for gnome-3-34-1804, revision 24...
[    2.606528] systemd[1]: Mounting Mount unit for gtk-common-themes, revision 1506...
[    2.618443] systemd[1]: Mounting Mount unit for gtk-common-themes, revision 1535...
[    2.626466] systemd[1]: Mounting Mount unit for snap-store, revision 433...
[    2.653359] systemd[1]: Mounting Mount unit for snapd, revision 7264...
[    2.658347] systemd[1]: Mounted FUSE Control File System.
[    2.658474] systemd[1]: Mounted Kernel Configuration File System.
[    2.669724] systemd[1]: Finished Apply Kernel Variables.
[    2.670742] systemd[1]: Mounted Mount unit for bare, revision 5.
[    2.670840] systemd[1]: Mounted Mount unit for core18, revision 1705.
[    2.670904] systemd[1]: Condition check resulted in VMware vmblock fuse mount being skipped.
[    2.678064] systemd[1]: Mounted Mount unit for gnome-3-34-1804, revision 24.
[    2.678162] systemd[1]: Mounted Mount unit for gtk-common-themes, revision 1506.
[    2.702887] systemd[1]: Started udev Kernel Device Manager.
[    2.703817] systemd[1]: Starting Show Plymouth Boot Screen...
[    2.710825] systemd[1]: Received SIGRTMIN+20 from PID 288 (plymouthd).
[    2.749208] systemd[1]: Mounted Mount unit for gtk-common-themes, revision 1535.
[    2.749498] systemd[1]: Mounted Mount unit for snap-store, revision 433.
[    2.749696] systemd[1]: Mounted Mount unit for snapd, revision 7264.
[    2.749880] systemd[1]: Started Show Plymouth Boot Screen.
[    2.751794] systemd[1]: Condition check resulted in Dispatch Password Requests to Console Directory Watch being skipped.
[    2.751889] systemd[1]: Started Forward Password Requests to Plymouth Directory Watch.
[    2.751960] systemd[1]: Reached target Local Encrypted Volumes.
[    2.752015] systemd[1]: Reached target Local File Systems.
[    2.752980] systemd[1]: Starting Load AppArmor profiles...
[    2.755541] systemd[1]: Starting Set console font and keymap...
[    2.769296] systemd[1]: Starting Tell Plymouth To Write Out Runtime Data...
[    2.773540] systemd[1]: Condition check resulted in Store a System Token in an EFI Variable being skipped.
[    2.773573] systemd[1]: Condition check resulted in Commit a transient machine-id on disk being skipped.
[    2.774543] systemd[1]: Finished Set console font and keymap.
[    2.795274] systemd[1]: Received SIGRTMIN+20 from PID 288 (plymouthd).
[    2.796766] systemd[1]: plymouth-read-write.service: Succeeded.
[    2.797038] systemd[1]: Finished Tell Plymouth To Write Out Runtime Data.
[    2.818743] audit: type=1400 audit(1768583879.660:2): apparmor="STATUS" operation="profile_load" profile="unconfined" name="nvidia_modprobe" pid=300 comm="apparmor_parser"
[    2.818745] audit: type=1400 audit(1768583879.660:3): apparmor="STATUS" operation="profile_load" profile="unconfined" name="nvidia_modprobe//kmod" pid=300 comm="apparmor_parser"
[    2.825109] audit: type=1400 audit(1768583879.668:4): apparmor="STATUS" operation="profile_load" profile="unconfined" name="/usr/sbin/tcpdump" pid=301 comm="apparmor_parser"
[    2.873003] audit: type=1400 audit(1768583879.712:5): apparmor="STATUS" operation="profile_load" profile="unconfined" name="/usr/bin/evince" pid=303 comm="apparmor_parser"
[    2.873005] audit: type=1400 audit(1768583879.712:6): apparmor="STATUS" operation="profile_load" profile="unconfined" name="/usr/bin/evince//sanitized_helper" pid=303 comm="apparmor_parser"
[    2.873007] audit: type=1400 audit(1768583879.712:7): apparmor="STATUS" operation="profile_load" profile="unconfined" name="/usr/bin/evince-previewer" pid=303 comm="apparmor_parser"
[    2.873008] audit: type=1400 audit(1768583879.712:8): apparmor="STATUS" operation="profile_load" profile="unconfined" name="/usr/bin/evince-previewer//sanitized_helper" pid=303 comm="apparmor_parser"
[    2.873010] audit: type=1400 audit(1768583879.712:9): apparmor="STATUS" operation="profile_load" profile="unconfined" name="/usr/bin/evince-thumbnailer" pid=303 comm="apparmor_parser"
[    2.888430] audit: type=1400 audit(1768583879.732:10): apparmor="STATUS" operation="profile_load" profile="unconfined" name="/usr/lib/cups/backend/cups-pdf" pid=304 comm="apparmor_parser"
[    2.967422] systemd[1]: Finished Load AppArmor profiles.
[    2.968502] systemd[1]: Starting Load AppArmor profiles managed internally by snapd...
[    3.049931] systemd[1]: Finished Load AppArmor profiles managed internally by snapd.
[    3.221119] systemd[1]: Started Journal Service.
[    3.229135] systemd-journald[229]: Received client request to flush runtime journal.
[    3.233944] systemd-journald[229]: File /var/log/journal/c455b248004a419c87ce85eea238d727/system.journal corrupted or uncleanly shut down, renaming and replacing.
[    4.566513] RAPL PMU: API unit is 2^-32 Joules, 0 fixed counters, 10737418240 ms ovfl timer
[    4.594559] cryptd: max_cpu_qlen set to 1000
[    4.684496] AVX2 version of gcm_enc/dec engaged.
[    4.684497] AES CTR mode by8 optimization enabled
[    5.532131] Adding 1998844k swap on /dev/sda1.  Priority:-2 extents:1 across:1998844k FS
[    7.254725] kauditd_printk_skb: 30 callbacks suppressed
[    7.254726] audit: type=1400 audit(1768583884.100:41): apparmor="DENIED" operation="capable" profile="/usr/sbin/cups-browsed" pid=496 comm="cups-browsed" capability=23  capname="sys_nice"
[    7.800242] pcnet32 0000:00:03.0 enp0s3: link up, 100Mbps, full-duplex
[    7.835743] e1000: enp0s8 NIC Link is Up 1000 Mbps Full Duplex, Flow Control: RX
[    7.836039] IPv6: ADDRCONF(NETDEV_CHANGE): enp0s8: link becomes ready
[    7.847559] e1000: enp0s9 NIC Link is Up 1000 Mbps Full Duplex, Flow Control: RX
[    7.847852] IPv6: ADDRCONF(NETDEV_CHANGE): enp0s9: link becomes ready
[    8.404887] device enp0s3 entered promiscuous mode
[    8.432485] audit: type=1400 audit(1768583885.272:42): apparmor="DENIED" operation="open" profile="/usr/sbin/tcpdump" name="/proc/sys/kernel/random/boot_id" pid=703 comm="tcpdump" requested_mask="r" denied_mask="r" fsuid=0 ouid=0
[    8.432712] audit: type=1400 audit(1768583885.272:43): apparmor="DENIED" operation="open" profile="/usr/sbin/tcpdump" name="/proc/sys/kernel/random/boot_id" pid=703 comm="tcpdump" requested_mask="r" denied_mask="r" fsuid=0 ouid=0
[    8.432765] audit: type=1400 audit(1768583885.272:44): apparmor="DENIED" operation="open" profile="/usr/sbin/tcpdump" name="/proc/sys/kernel/random/boot_id" pid=703 comm="tcpdump" requested_mask="r" denied_mask="r" fsuid=0 ouid=0
[    8.434490] audit: type=1400 audit(1768583885.272:45): apparmor="DENIED" operation="open" profile="/usr/sbin/tcpdump" name="/proc/sys/kernel/random/boot_id" pid=703 comm="tcpdump" requested_mask="r" denied_mask="r" fsuid=0 ouid=0
[    8.442361] audit: type=1400 audit(1768583885.288:46): apparmor="DENIED" operation="open" profile="/usr/sbin/tcpdump" name="/proc/sys/kernel/random/boot_id" pid=704 comm="tcpdump" requested_mask="r" denied_mask="r" fsuid=0 ouid=0
[    8.442592] audit: type=1400 audit(1768583885.288:47): apparmor="DENIED" operation="open" profile="/usr/sbin/tcpdump" name="/proc/sys/kernel/random/boot_id" pid=704 comm="tcpdump" requested_mask="r" denied_mask="r" fsuid=0 ouid=0
[    8.442635] audit: type=1400 audit(1768583885.288:48): apparmor="DENIED" operation="open" profile="/usr/sbin/tcpdump" name="/proc/sys/kernel/random/boot_id" pid=704 comm="tcpdump" requested_mask="r" denied_mask="r" fsuid=0 ouid=0
[    8.444067] audit: type=1400 audit(1768583885.288:49): apparmor="DENIED" operation="open" profile="/usr/sbin/tcpdump" name="/proc/sys/kernel/random/boot_id" pid=704 comm="tcpdump" requested_mask="r" denied_mask="r" fsuid=0 ouid=0
[   13.104836] rfkill: input handler disabled
[  221.824560] AAAAA-TCP_FORW: name:enp0s3: saddr:100932208: daddr:33561200
[  221.897000] AAAAA-TCP_FORW: name:enp0s3: saddr:100932208: daddr:16783984
[  221.997036] AAAAA-TCP_FORW: name:enp0s3: saddr:100932208: daddr:16783984
[  222.234041] AAAAA-TCP_FORW: name:enp0s3: saddr:100932208: daddr:33561200
[  222.425018] AAAAA-TCP_FORW: name:enp0s3: saddr:100932208: daddr:16783984
[  222.641025] AAAAA-TCP_FORW: name:enp0s3: saddr:100932208: daddr:33561200
[  222.830180] AAAAA-TCP_FORW: name:enp0s3: saddr:100932208: daddr:16783984
[  223.040888] AAAAA-TCP_FORW: name:enp0s3: saddr:100932208: daddr:16783984
[  223.111695] AAAAA-TCP_FORW: name:enp0s3: saddr:100932208: daddr:16783984
[  223.263034] AAAAA-TCP_FORW: name:enp0s3: saddr:100932208: daddr:33561200
[  223.393946] AAAAA-TCP_FORW: name:enp0s3: saddr:100932208: daddr:33561200
[  223.621239] AAAAA-TCP_FORW: name:enp0s3: saddr:100932208: daddr:33561200
[  223.718334] AAAAA-TCP_FORW: name:enp0s3: saddr:100932208: daddr:33561200
[  223.807826] AAAAA-TCP_FORW: name:enp0s3: saddr:100932208: daddr:16783984
[  223.874436] AAAAA-TCP_FORW: name:enp0s3: saddr:100932208: daddr:16783984
[  223.982688] AAAAA-TCP_FORW: name:enp0s3: saddr:100932208: daddr:16783984
[  224.098698] AAAAA-TCP_FORW: name:enp0s3: saddr:100932208: daddr:16783984
[  224.189875] AAAAA-TCP_FORW: name:enp0s3: saddr:100932208: daddr:16783984
[  224.265511] AAAAA-TCP_FORW: name:enp0s3: saddr:100932208: daddr:16783984
[  224.320117] AAAAA-TCP_FORW: name:enp0s3: saddr:100932208: daddr:16783984
[  224.361782] AAAAA-TCP_FORW: name:enp0s3: saddr:100932208: daddr:16783984
[  224.445337] AAAAA-TCP_FORW: name:enp0s3: saddr:100932208: daddr:16783984
[  224.601362] AAAAA-TCP_FORW: name:enp0s3: saddr:100932208: daddr:16783984
[  224.643741] AAAAA-TCP_FORW: name:enp0s3: saddr:100932208: daddr:33561200
[  224.974816] AAAAA-TCP_FORW: name:enp0s3: saddr:100932208: daddr:33561200
[  225.120950] AAAAA-TCP_FORW: name:enp0s3: saddr:100932208: daddr:33561200
[  225.195490] AAAAA-TCP_FORW: name:enp0s3: saddr:100932208: daddr:33561200
[  225.260289] AAAAA-TCP_FORW: name:enp0s3: saddr:100932208: daddr:33561200
[  225.335167] AAAAA-TCP_FORW: name:enp0s3: saddr:100932208: daddr:33561200
[  225.428166] AAAAA-TCP_FORW: name:enp0s3: saddr:100932208: daddr:33561200
[  225.513408] AAAAA-TCP_FORW: name:enp0s3: saddr:100932208: daddr:33561200
[  225.596706] AAAAA-TCP_FORW: name:enp0s3: saddr:100932208: daddr:33561200
[  225.675890] AAAAA-TCP_FORW: name:enp0s3: saddr:100932208: daddr:33561200
[  225.748205] AAAAA-TCP_FORW: name:enp0s3: saddr:100932208: daddr:16783984
[  225.819072] AAAAA-TCP_FORW: name:enp0s3: saddr:100932208: daddr:16783984
[  225.867757] AAAAA-TCP_FORW: name:enp0s3: saddr:100932208: daddr:33561200
[  225.968671] AAAAA-TCP_FORW: name:enp0s3: saddr:100932208: daddr:16783984
[  226.013564] AAAAA-TCP_FORW: name:enp0s3: saddr:100932208: daddr:16783984
[  226.130840] AAAAA-TCP_FORW: name:enp0s3: saddr:100932208: daddr:16783984
[  226.183345] AAAAA-TCP_FORW: name:enp0s3: saddr:100932208: daddr:33561200
[  226.233337] AAAAA-TCP_FORW: name:enp0s3: saddr:100932208: daddr:16783984
[  226.290052] AAAAA-TCP_FORW: name:enp0s3: saddr:100932208: daddr:16783984
[  226.698797] AAAAA-TCP_FORW: name:enp0s3: saddr:100932208: daddr:16783984
[  226.940091] AAAAA-TCP_FORW: name:enp0s3: saddr:100932208: daddr:16783984
[  227.086641] AAAAA-TCP_FORW: name:enp0s3: saddr:100932208: daddr:16783984
[  227.238289] AAAAA-TCP_FORW: name:enp0s3: saddr:100932208: daddr:16783984
[  227.362648] AAAAA-TCP_FORW: name:enp0s3: saddr:100932208: daddr:16783984
[  227.616482] AAAAA-TCP_FORW: name:enp0s3: saddr:100932208: daddr:16783984
[  227.835397] AAAAA-TCP_FORW: name:enp0s3: saddr:100932208: daddr:16783984
[  228.094605] AAAAA-TCP_FORW: name:enp0s3: saddr:100932208: daddr:16783984
[  228.141974] AAAAA-TCP_FORW: name:enp0s3: saddr:100932208: daddr:33561200
[  228.342257] AAAAA-TCP_FORW: name:enp0s3: saddr:100932208: daddr:33561200
[  228.419323] AAAAA-TCP_FORW: name:enp0s3: saddr:100932208: daddr:33561200
[  228.588286] AAAAA-TCP_FORW: name:enp0s3: saddr:100932208: daddr:33561200
[  228.675682] AAAAA-TCP_FORW: name:enp0s3: saddr:100932208: daddr:33561200
[  228.792296] AAAAA-TCP_FORW: name:enp0s3: saddr:100932208: daddr:33561200
[  228.905033] AAAAA-TCP_FORW: name:enp0s3: saddr:100932208: daddr:33561200
[  229.012294] AAAAA-TCP_FORW: name:enp0s3: saddr:100932208: daddr:33561200
[  229.169950] AAAAA-TCP_FORW: name:enp0s3: saddr:100932208: daddr:33561200
[  229.481371] AAAAA-TCP_FORW: name:enp0s3: saddr:100932208: daddr:33561200
[  229.539221] AAAAA-TCP_FORW: name:enp0s3: saddr:100932208: daddr:33561200
[  229.640323] AAAAA-TCP_FORW: name:enp0s3: saddr:100932208: daddr:16783984
[  229.719243] AAAAA-TCP_FORW: name:enp0s3: saddr:100932208: daddr:16783984
[  229.808143] AAAAA-TCP_FORW: name:enp0s3: saddr:100932208: daddr:16783984
[  229.861806] AAAAA-TCP_FORW: name:enp0s3: saddr:100932208: daddr:16783984
[  230.029953] AAAAA-TCP_FORW: name:enp0s3: saddr:100932208: daddr:16783984
[  230.173447] AAAAA-TCP_FORW: name:enp0s3: saddr:100932208: daddr:33561200
[  230.405905] AAAAA-TCP_FORW: name:enp0s3: saddr:100932208: daddr:16783984
[  230.496950] AAAAA-TCP_FORW: name:enp0s3: saddr:100932208: daddr:16783984
[  230.637351] AAAAA-TCP_FORW: name:enp0s3: saddr:100932208: daddr:16783984
[  230.811585] AAAAA-TCP_FORW: name:enp0s3: saddr:100932208: daddr:16783984
[  230.893984] AAAAA-TCP_FORW: name:enp0s3: saddr:100932208: daddr:33561200
[  230.965730] AAAAA-TCP_FORW: name:enp0s3: saddr:100932208: daddr:16783984
[  231.086087] AAAAA-TCP_FORW: name:enp0s3: saddr:100932208: daddr:16783984
[  231.176000] AAAAA-TCP_FORW: name:enp0s3: saddr:100932208: daddr:16783984
[  231.299226] AAAAA-TCP_FORW: name:enp0s3: saddr:100932208: daddr:16783984
[  231.391832] AAAAA-TCP_FORW: name:enp0s3: saddr:100932208: daddr:33561200
[  231.511890] AAAAA-TCP_FORW: name:enp0s3: saddr:100932208: daddr:33561200
[  231.545010] AAAAA-TCP_FORW: name:enp0s3: saddr:100932208: daddr:16783984
[  231.646867] AAAAA-TCP_FORW: name:enp0s3: saddr:100932208: daddr:33561200
[  231.699531] AAAAA-TCP_FORW: name:enp0s3: saddr:100932208: daddr:33561200
[  231.760430] AAAAA-TCP_FORW: name:enp0s3: saddr:100932208: daddr:33561200
[  231.763017] AAAAA-TCP_FORW: name:enp0s3: saddr:100932208: daddr:33561200
[  231.844170] AAAAA-TCP_FORW: name:enp0s3: saddr:100932208: daddr:16783984
[  231.947274] AAAAA-TCP_FORW: name:enp0s3: saddr:100932208: daddr:16783984
[  232.160322] AAAAA-TCP_FORW: name:enp0s3: saddr:100932208: daddr:16783984
[  232.241983] AAAAA-TCP_FORW: name:enp0s3: saddr:100932208: daddr:16783984
[  232.390744] AAAAA-TCP_FORW: name:enp0s3: saddr:100932208: daddr:16783984
[  232.474099] AAAAA-TCP_FORW: name:enp0s3: saddr:100932208: daddr:16783984
[  232.490054] AAAAA-TCP_FORW: name:enp0s3: saddr:100932208: daddr:16783984
[  232.619017] AAAAA-TCP_FORW: name:enp0s3: saddr:100932208: daddr:16783984
[  232.821042] AAAAA-TCP_FORW: name:enp0s3: saddr:100932208: daddr:33561200
[  233.030552] AAAAA-TCP_FORW: name:enp0s3: saddr:100932208: daddr:16783984
[  233.089340] AAAAA-TCP_FORW: name:enp0s3: saddr:100932208: daddr:33561200
[  233.156113] AAAAA-TCP_FORW: name:enp0s3: saddr:100932208: daddr:33561200
[  233.229160] AAAAA-TCP_FORW: name:enp0s3: saddr:100932208: daddr:33561200
[  233.394582] AAAAA-TCP_FORW: name:enp0s3: saddr:100932208: daddr:33561200
[  233.490449] AAAAA-TCP_FORW: name:enp0s3: saddr:100932208: daddr:16783984
[  270.684514] AAAAA-TCP_FORW: name:enp0s3: saddr:16783984: daddr:100932208
[  271.049470] AAAAA-TCP_FORW: name:enp0s3: saddr:16783984: daddr:100932208
[  271.310124] AAAAA-TCP_FORW: name:enp0s3: saddr:16783984: daddr:100932208
[  271.423103] AAAAA-TCP_FORW: name:enp0s3: saddr:16783984: daddr:100932208
[  271.530707] AAAAA-TCP_FORW: name:enp0s3: saddr:16783984: daddr:100932208
[  271.666386] AAAAA-TCP_FORW: name:enp0s3: saddr:16783984: daddr:100932208
[  271.757117] AAAAA-TCP_FORW: name:enp0s3: saddr:16783984: daddr:100932208
[  271.895130] AAAAA-TCP_FORW: name:enp0s3: saddr:16783984: daddr:100932208
[  272.008129] AAAAA-TCP_FORW: name:enp0s3: saddr:16783984: daddr:100932208
[  272.315793] AAAAA-TCP_FORW: name:enp0s3: saddr:16783984: daddr:100932208
[  272.452519] AAAAA-TCP_FORW: name:enp0s3: saddr:33561200: daddr:100932208
[  272.650153] AAAAA-TCP_FORW: name:enp0s3: saddr:33561200: daddr:100932208
[  272.950496] AAAAA-TCP_FORW: name:enp0s3: saddr:33561200: daddr:100932208
[  273.326064] AAAAA-TCP_FORW: name:enp0s3: saddr:33561200: daddr:100932208
[  273.673104] AAAAA-TCP_FORW: name:enp0s3: saddr:33561200: daddr:100932208
[  274.158565] AAAAA-TCP_FORW: name:enp0s3: saddr:33561200: daddr:100932208
[  274.247841] AAAAA-TCP_FORW: name:enp0s3: saddr:33561200: daddr:100932208
[  274.339892] AAAAA-TCP_FORW: name:enp0s3: saddr:33561200: daddr:100932208
[  274.444078] AAAAA-TCP_FORW: name:enp0s3: saddr:33561200: daddr:100932208
[  274.566426] AAAAA-TCP_FORW: name:enp0s3: saddr:33561200: daddr:100932208
[  274.777904] AAAAA-TCP_FORW: name:enp0s3: saddr:33561200: daddr:100932208
[  274.858557] AAAAA-TCP_FORW: name:enp0s3: saddr:33561200: daddr:100932208
[  275.018075] AAAAA-TCP_FORW: name:enp0s3: saddr:33561200: daddr:100932208
[  275.151047] AAAAA-TCP_FORW: name:enp0s3: saddr:33561200: daddr:100932208
[  275.254126] AAAAA-TCP_FORW: name:enp0s3: saddr:16783984: daddr:100932208
[  275.444459] AAAAA-TCP_FORW: name:enp0s3: saddr:16783984: daddr:100932208
[  275.558784] AAAAA-TCP_FORW: name:enp0s3: saddr:16783984: daddr:100932208
[  275.932671] AAAAA-TCP_FORW: name:enp0s3: saddr:16783984: daddr:100932208
[  276.063720] AAAAA-TCP_FORW: name:enp0s3: saddr:16783984: daddr:100932208
[  276.155955] AAAAA-TCP_FORW: name:enp0s3: saddr:16783984: daddr:100932208
[  276.314437] AAAAA-TCP_FORW: name:enp0s3: saddr:16783984: daddr:100932208
[  276.410229] AAAAA-TCP_FORW: name:enp0s3: saddr:16783984: daddr:100932208
[  276.583757] AAAAA-TCP_FORW: name:enp0s3: saddr:33561200: daddr:100932208
[  276.697237] AAAAA-TCP_FORW: name:enp0s3: saddr:16783984: daddr:100932208
[  276.906344] AAAAA-TCP_FORW: name:enp0s3: saddr:33561200: daddr:100932208
[  277.022284] AAAAA-TCP_FORW: name:enp0s3: saddr:33561200: daddr:100932208
[  277.205148] AAAAA-TCP_FORW: name:enp0s3: saddr:16783984: daddr:100932208
[  277.414409] AAAAA-TCP_FORW: name:enp0s3: saddr:16783984: daddr:100932208
[  277.509617] AAAAA-TCP_FORW: name:enp0s3: saddr:16783984: daddr:100932208
[  277.815781] AAAAA-TCP_FORW: name:enp0s3: saddr:16783984: daddr:100932208
[  278.017635] AAAAA-TCP_FORW: name:enp0s3: saddr:16783984: daddr:100932208
[  278.132289] AAAAA-TCP_FORW: name:enp0s3: saddr:16783984: daddr:100932208
[  278.354871] AAAAA-TCP_FORW: name:enp0s3: saddr:16783984: daddr:100932208
[  278.522086] AAAAA-TCP_FORW: name:enp0s3: saddr:16783984: daddr:100932208
[  278.622934] AAAAA-TCP_FORW: name:enp0s3: saddr:16783984: daddr:100932208
[  300.721522] AAAAA-TCP_FORW: name:enp0s3: saddr:100932208: daddr:16783984
[  300.906579] AAAAA-TCP_FORW: name:enp0s3: saddr:100932208: daddr:16783984
[  301.029765] AAAAA-TCP_FORW: name:enp0s3: saddr:100932208: daddr:16783984
[  301.185921] AAAAA-TCP_FORW: name:enp0s3: saddr:100932208: daddr:16783984
[  301.313705] AAAAA-TCP_FORW: name:enp0s3: saddr:100932208: daddr:16783984
[  301.422999] AAAAA-TCP_FORW: name:enp0s3: saddr:100932208: daddr:16783984
[  301.488078] AAAAA-TCP_FORW: name:enp0s3: saddr:100932208: daddr:16783984
[  301.612747] AAAAA-TCP_FORW: name:enp0s3: saddr:100932208: daddr:16783984
[  301.705190] AAAAA-TCP_FORW: name:enp0s3: saddr:100932208: daddr:16783984
[  301.971172] AAAAA-TCP_FORW: name:enp0s3: saddr:100932208: daddr:16783984
[  302.086525] AAAAA-TCP_FORW: name:enp0s3: saddr:100932208: daddr:16783984
[  302.187730] AAAAA-TCP_FORW: name:enp0s3: saddr:100932208: daddr:16783984
[  302.323413] AAAAA-TCP_FORW: name:enp0s3: saddr:100932208: daddr:16783984
[  302.500970] AAAAA-TCP_FORW: name:enp0s3: saddr:100932208: daddr:33561200
[  302.931396] AAAAA-TCP_FORW: name:enp0s3: saddr:100932208: daddr:33561200
[  303.066793] AAAAA-TCP_FORW: name:enp0s3: saddr:100932208: daddr:33561200
[  303.143421] AAAAA-TCP_FORW: name:enp0s3: saddr:100932208: daddr:33561200
[  303.480127] AAAAA-TCP_FORW: name:enp0s3: saddr:100932208: daddr:33561200
[  303.644785] AAAAA-TCP_FORW: name:enp0s3: saddr:100932208: daddr:33561200
[  303.745673] AAAAA-TCP_FORW: name:enp0s3: saddr:100932208: daddr:33561200
[  303.892094] AAAAA-TCP_FORW: name:enp0s3: saddr:100932208: daddr:33561200
[  304.053847] AAAAA-TCP_FORW: name:enp0s3: saddr:100932208: daddr:33561200
[  304.158702] AAAAA-TCP_FORW: name:enp0s3: saddr:100932208: daddr:33561200
[  304.328457] AAAAA-TCP_FORW: name:enp0s3: saddr:100932208: daddr:33561200
[  304.433197] AAAAA-TCP_FORW: name:enp0s3: saddr:100932208: daddr:33561200
[  304.607569] AAAAA-TCP_FORW: name:enp0s3: saddr:100932208: daddr:33561200
[  304.729932] AAAAA-TCP_FORW: name:enp0s3: saddr:100932208: daddr:33561200
[  304.811845] AAAAA-TCP_FORW: name:enp0s3: saddr:100932208: daddr:33561200
[  304.921337] AAAAA-TCP_FORW: name:enp0s3: saddr:100932208: daddr:33561200
[  305.004178] AAAAA-TCP_FORW: name:enp0s3: saddr:100932208: daddr:16783984
[  305.108618] AAAAA-TCP_FORW: name:enp0s3: saddr:100932208: daddr:16783984
[  305.210129] AAAAA-TCP_FORW: name:enp0s3: saddr:100932208: daddr:16783984
[  305.294232] AAAAA-TCP_FORW: name:enp0s3: saddr:100932208: daddr:16783984
[  305.362372] AAAAA-TCP_FORW: name:enp0s3: saddr:100932208: daddr:16783984
[  305.437188] AAAAA-TCP_FORW: name:enp0s3: saddr:100932208: daddr:16783984
[  305.539359] AAAAA-TCP_FORW: name:enp0s3: saddr:100932208: daddr:16783984
[  305.651714] AAAAA-TCP_FORW: name:enp0s3: saddr:100932208: daddr:16783984
[  305.803877] AAAAA-TCP_FORW: name:enp0s3: saddr:100932208: daddr:16783984
[  305.929497] AAAAA-TCP_FORW: name:enp0s3: saddr:100932208: daddr:16783984
[  306.038458] AAAAA-TCP_FORW: name:enp0s3: saddr:100932208: daddr:16783984
[  306.120248] AAAAA-TCP_FORW: name:enp0s3: saddr:100932208: daddr:16783984
[  306.229692] AAAAA-TCP_FORW: name:enp0s3: saddr:100932208: daddr:16783984
[  306.371448] AAAAA-TCP_FORW: name:enp0s3: saddr:100932208: daddr:16783984
[  306.466270] AAAAA-TCP_FORW: name:enp0s3: saddr:100932208: daddr:16783984
[  306.564257] AAAAA-TCP_FORW: name:enp0s3: saddr:100932208: daddr:16783984
[  306.623624] AAAAA-TCP_FORW: name:enp0s3: saddr:100932208: daddr:16783984
[  306.692799] AAAAA-TCP_FORW: name:enp0s3: saddr:100932208: daddr:33561200
[  306.877800] AAAAA-TCP_FORW: name:enp0s3: saddr:100932208: daddr:33561200
[  306.968342] AAAAA-TCP_FORW: name:enp0s3: saddr:100932208: daddr:33561200
[  307.059101] AAAAA-TCP_FORW: name:enp0s3: saddr:100932208: daddr:33561200
[  307.205260] AAAAA-TCP_FORW: name:enp0s3: saddr:100932208: daddr:33561200
[  307.298212] AAAAA-TCP_FORW: name:enp0s3: saddr:100932208: daddr:33561200
[  307.383192] AAAAA-TCP_FORW: name:enp0s3: saddr:100932208: daddr:33561200
[  307.471211] AAAAA-TCP_FORW: name:enp0s3: saddr:100932208: daddr:33561200
[  307.587938] AAAAA-TCP_FORW: name:enp0s3: saddr:100932208: daddr:33561200
[  307.674469] AAAAA-TCP_FORW: name:enp0s3: saddr:100932208: daddr:33561200
[  307.740120] AAAAA-TCP_FORW: name:enp0s3: saddr:100932208: daddr:33561200
[  307.836958] AAAAA-TCP_FORW: name:enp0s3: saddr:100932208: daddr:33561200
[  307.947315] AAAAA-TCP_FORW: name:enp0s3: saddr:100932208: daddr:33561200
[  308.078742] AAAAA-TCP_FORW: name:enp0s3: saddr:100932208: daddr:33561200
[  308.163810] AAAAA-TCP_FORW: name:enp0s3: saddr:100932208: daddr:33561200
[  308.235728] AAAAA-TCP_FORW: name:enp0s3: saddr:100932208: daddr:33561200
[  308.320432] AAAAA-TCP_FORW: name:enp0s3: saddr:100932208: daddr:33561200
[  308.377944] AAAAA-TCP_FORW: name:enp0s3: saddr:100932208: daddr:33561200
[  308.484253] AAAAA-TCP_FORW: name:enp0s3: saddr:100932208: daddr:33561200
[  308.599048] AAAAA-TCP_FORW: name:enp0s3: saddr:100932208: daddr:33561200
[  308.713651] AAAAA-TCP_FORW: name:enp0s3: saddr:100932208: daddr:33561200
[  308.755649] AAAAA-TCP_FORW: name:enp0s3: saddr:100932208: daddr:33561200
[  308.826761] AAAAA-TCP_FORW: name:enp0s3: saddr:100932208: daddr:33561200
[  308.904966] AAAAA-TCP_FORW: name:enp0s3: saddr:100932208: daddr:33561200
[  308.907617] AAAAA-TCP_FORW: name:enp0s3: saddr:100932208: daddr:16783984
[  308.988219] AAAAA-TCP_FORW: name:enp0s3: saddr:100932208: daddr:16783984
[  309.098678] AAAAA-TCP_FORW: name:enp0s3: saddr:100932208: daddr:16783984
[  309.101328] AAAAA-TCP_FORW: name:enp0s3: saddr:100932208: daddr:16783984
[  309.194911] AAAAA-TCP_FORW: name:enp0s3: saddr:100932208: daddr:16783984
[  309.255905] AAAAA-TCP_FORW: name:enp0s3: saddr:100932208: daddr:16783984
[  309.259774] AAAAA-TCP_FORW: name:enp0s3: saddr:100932208: daddr:16783984
[  309.467705] AAAAA-TCP_FORW: name:enp0s3: saddr:100932208: daddr:33561200
[  309.549645] AAAAA-TCP_FORW: name:enp0s3: saddr:100932208: daddr:33561200
[  309.617315] AAAAA-TCP_FORW: name:enp0s3: saddr:100932208: daddr:33561200
[  309.695228] AAAAA-TCP_FORW: name:enp0s3: saddr:100932208: daddr:33561200
[  309.762826] AAAAA-TCP_FORW: name:enp0s3: saddr:100932208: daddr:33561200
[  309.948999] AAAAA-TCP_FORW: name:enp0s3: saddr:100932208: daddr:33561200
[  310.109757] AAAAA-TCP_FORW: name:enp0s3: saddr:100932208: daddr:33561200
[  310.223492] AAAAA-TCP_FORW: name:enp0s3: saddr:100932208: daddr:33561200
[  310.261953] AAAAA-TCP_FORW: name:enp0s3: saddr:100932208: daddr:33561200
[  310.336466] AAAAA-TCP_FORW: name:enp0s3: saddr:100932208: daddr:33561200
[  310.415986] AAAAA-TCP_FORW: name:enp0s3: saddr:100932208: daddr:33561200
[  310.483908] AAAAA-TCP_FORW: name:enp0s3: saddr:100932208: daddr:33561200
[  310.524306] AAAAA-TCP_FORW: name:enp0s3: saddr:100932208: daddr:33561200
[  310.615832] AAAAA-TCP_FORW: name:enp0s3: saddr:100932208: daddr:33561200
[  310.916228] AAAAA-TCP_FORW: name:enp0s3: saddr:100932208: daddr:33561200
[  333.985790] AAAAA-TCP_FORW: name:enp0s3: saddr:100932208: daddr:33561200
[  334.444239] AAAAA-TCP_FORW: name:enp0s3: saddr:100932208: daddr:33561200
[  334.588912] AAAAA-TCP_FORW: name:enp0s3: saddr:100932208: daddr:33561200
[  334.802933] AAAAA-TCP_FORW: name:enp0s3: saddr:100932208: daddr:33561200
[  335.101218] AAAAA-TCP_FORW: name:enp0s3: saddr:100932208: daddr:33561200
[  335.240386] AAAAA-TCP_FORW: name:enp0s3: saddr:100932208: daddr:33561200
[  335.439068] AAAAA-TCP_FORW: name:enp0s3: saddr:100932208: daddr:33561200
[  335.474982] AAAAA-TCP_FORW: name:enp0s3: saddr:33561200: daddr:100932208
[  335.561448] AAAAA-TCP_FORW: name:enp0s3: saddr:100932208: daddr:33561200
[  335.723100] AAAAA-TCP_FORW: name:enp0s3: saddr:100932208: daddr:33561200
[  335.857422] AAAAA-TCP_FORW: name:enp0s3: saddr:100932208: daddr:33561200
[  336.029126] AAAAA-TCP_FORW: name:enp0s3: saddr:100932208: daddr:33561200
[  336.222676] AAAAA-TCP_FORW: name:enp0s3: saddr:100932208: daddr:33561200
[  336.337229] AAAAA-TCP_FORW: name:enp0s3: saddr:33561200: daddr:100932208
[  336.378405] AAAAA-TCP_FORW: name:enp0s3: saddr:100932208: daddr:33561200
[  336.545997] AAAAA-TCP_FORW: name:enp0s3: saddr:100932208: daddr:33561200
[  336.681457] AAAAA-TCP_FORW: name:enp0s3: saddr:100932208: daddr:33561200
[  336.782472] AAAAA-TCP_FORW: name:enp0s3: saddr:100932208: daddr:33561200
[  336.895585] AAAAA-TCP_FORW: name:enp0s3: saddr:100932208: daddr:33561200
[  337.091938] AAAAA-TCP_FORW: name:enp0s3: saddr:33561200: daddr:100932208
[  337.383298] AAAAA-TCP_FORW: name:enp0s3: saddr:100932208: daddr:33561200
[  337.618147] AAAAA-TCP_FORW: name:enp0s3: saddr:100932208: daddr:16783984
[  337.856614] AAAAA-TCP_FORW: name:enp0s3: saddr:33561200: daddr:100932208
[  337.873307] AAAAA-TCP_FORW: name:enp0s3: saddr:100932208: daddr:16783984
[  337.911648] AAAAA-TCP_FORW: name:enp0s3: saddr:100932208: daddr:16783984
[  337.982774] AAAAA-TCP_FORW: name:enp0s3: saddr:100932208: daddr:16783984
[  338.076336] AAAAA-TCP_FORW: name:enp0s3: saddr:100932208: daddr:16783984
[  338.174255] AAAAA-TCP_FORW: name:enp0s3: saddr:100932208: daddr:16783984
[  338.219636] AAAAA-TCP_FORW: name:enp0s3: saddr:33561200: daddr:100932208
[  338.250476] AAAAA-TCP_FORW: name:enp0s3: saddr:100932208: daddr:16783984
[  338.382761] AAAAA-TCP_FORW: name:enp0s3: saddr:100932208: daddr:16783984
[  338.609126] AAAAA-TCP_FORW: name:enp0s3: saddr:100932208: daddr:16783984
[  338.636921] AAAAA-TCP_FORW: name:enp0s3: saddr:100932208: daddr:16783984
[  338.714247] AAAAA-TCP_FORW: name:enp0s3: saddr:100932208: daddr:16783984
[  338.777762] AAAAA-TCP_FORW: name:enp0s3: saddr:33561200: daddr:100932208
[  338.846365] AAAAA-TCP_FORW: name:enp0s3: saddr:100932208: daddr:16783984
[  338.927106] AAAAA-TCP_FORW: name:enp0s3: saddr:100932208: daddr:16783984
[  339.031752] AAAAA-TCP_FORW: name:enp0s3: saddr:100932208: daddr:16783984
[  339.105244] AAAAA-TCP_FORW: name:enp0s3: saddr:100932208: daddr:16783984
[  339.217461] AAAAA-TCP_FORW: name:enp0s3: saddr:33561200: daddr:100932208
[  339.244124] AAAAA-TCP_FORW: name:enp0s3: saddr:100932208: daddr:16783984
[  339.376417] AAAAA-TCP_FORW: name:enp0s3: saddr:33561200: daddr:100932208
[  339.543316] AAAAA-TCP_FORW: name:enp0s3: saddr:33561200: daddr:100932208
[  339.735790] AAAAA-TCP_FORW: name:enp0s3: saddr:33561200: daddr:100932208
[  339.827276] AAAAA-TCP_FORW: name:enp0s3: saddr:33561200: daddr:100932208
[  339.980062] AAAAA-TCP_FORW: name:enp0s3: saddr:33561200: daddr:100932208
[  340.723872] AAAAA-TCP_FORW: name:enp0s3: saddr:100932208: daddr:33561200
[  340.790734] AAAAA-TCP_FORW: name:enp0s3: saddr:100932208: daddr:33561200
[  341.389654] AAAAA-TCP_FORW: name:enp0s3: saddr:100932208: daddr:16783984
[  341.511449] AAAAA-TCP_FORW: name:enp0s3: saddr:100932208: daddr:16783984
[  341.611610] AAAAA-TCP_FORW: name:enp0s3: saddr:100932208: daddr:16783984
[  341.780688] AAAAA-TCP_FORW: name:enp0s3: saddr:100932208: daddr:33561200
[  342.481413] AAAAA-TCP_FORW: name:enp0s3: saddr:100932208: daddr:16783984
[  342.685829] AAAAA-TCP_FORW: name:enp0s3: saddr:100932208: daddr:33561200
[  342.806423] AAAAA-TCP_FORW: name:enp0s3: saddr:100932208: daddr:33561200
[  342.998236] AAAAA-TCP_FORW: name:enp0s3: saddr:100932208: daddr:33561200
[  343.090223] AAAAA-TCP_FORW: name:enp0s3: saddr:100932208: daddr:33561200
[  343.220437] AAAAA-TCP_FORW: name:enp0s3: saddr:100932208: daddr:33561200
[  343.304934] AAAAA-TCP_FORW: name:enp0s3: saddr:100932208: daddr:33561200
[  343.359657] AAAAA-TCP_FORW: name:enp0s3: saddr:100932208: daddr:33561200
[  343.460289] AAAAA-TCP_FORW: name:enp0s3: saddr:100932208: daddr:33561200
[  343.581150] AAAAA-TCP_FORW: name:enp0s3: saddr:100932208: daddr:33561200
[  343.733012] AAAAA-TCP_FORW: name:enp0s3: saddr:100932208: daddr:33561200
[  343.921226] AAAAA-TCP_FORW: name:enp0s3: saddr:100932208: daddr:16783984
[  344.063706] AAAAA-TCP_FORW: name:enp0s3: saddr:100932208: daddr:16783984
[  344.198878] AAAAA-TCP_FORW: name:enp0s3: saddr:100932208: daddr:16783984
[  344.284483] AAAAA-TCP_FORW: name:enp0s3: saddr:100932208: daddr:16783984
[  344.599722] AAAAA-TCP_FORW: name:enp0s3: saddr:100932208: daddr:16783984
[  344.669028] AAAAA-TCP_FORW: name:enp0s3: saddr:33561200: daddr:100932208
[  344.773954] AAAAA-TCP_FORW: name:enp0s3: saddr:100932208: daddr:33561200
[  344.858478] AAAAA-TCP_FORW: name:enp0s3: saddr:16783984: daddr:100932208
[  344.906024] AAAAA-TCP_FORW: name:enp0s3: saddr:100932208: daddr:33561200
[  344.992426] AAAAA-TCP_FORW: name:enp0s3: saddr:16783984: daddr:100932208
[  345.020813] AAAAA-TCP_FORW: name:enp0s3: saddr:100932208: daddr:33561200
[  345.100425] AAAAA-TCP_FORW: name:enp0s3: saddr:16783984: daddr:100932208
[  345.192648] AAAAA-TCP_FORW: name:enp0s3: saddr:100932208: daddr:33561200
[  345.264954] AAAAA-TCP_FORW: name:enp0s3: saddr:33561200: daddr:100932208
[  345.283452] AAAAA-TCP_FORW: name:enp0s3: saddr:100932208: daddr:33561200
[  345.946259] AAAAA-TCP_FORW: name:enp0s3: saddr:16783984: daddr:100932208
[  345.978559] AAAAA-TCP_FORW: name:enp0s3: saddr:33561200: daddr:100932208
[  346.015179] AAAAA-TCP_FORW: name:enp0s3: saddr:33561200: daddr:100932208
[  346.100163] AAAAA-TCP_FORW: name:enp0s3: saddr:33561200: daddr:100932208
[  346.146843] AAAAA-TCP_FORW: name:enp0s3: saddr:33561200: daddr:100932208
[  346.166060] AAAAA-TCP_FORW: name:enp0s3: saddr:33561200: daddr:100932208
[  346.197433] AAAAA-TCP_FORW: name:enp0s3: saddr:33561200: daddr:100932208
[  346.234134] AAAAA-TCP_FORW: name:enp0s3: saddr:33561200: daddr:100932208
[  346.258166] AAAAA-TCP_FORW: name:enp0s3: saddr:33561200: daddr:100932208
[  346.281032] AAAAA-TCP_FORW: name:enp0s3: saddr:33561200: daddr:100932208
[  346.406540] AAAAA-TCP_FORW: name:enp0s3: saddr:33561200: daddr:100932208
[  346.470683] AAAAA-TCP_FORW: name:enp0s3: saddr:16783984: daddr:100932208
[  346.494324] AAAAA-TCP_FORW: name:enp0s3: saddr:16783984: daddr:100932208
[  346.513559] AAAAA-TCP_FORW: name:enp0s3: saddr:16783984: daddr:100932208
[  346.752448] AAAAA-TCP_FORW: name:enp0s3: saddr:16783984: daddr:100932208
[  346.850285] AAAAA-TCP_FORW: name:enp0s3: saddr:33561200: daddr:100932208
[  346.951621] AAAAA-TCP_FORW: name:enp0s3: saddr:100932208: daddr:33561200
[  347.036508] AAAAA-TCP_FORW: name:enp0s3: saddr:100932208: daddr:16783984
[  347.075744] AAAAA-TCP_FORW: name:enp0s3: saddr:33561200: daddr:100932208
[  347.190129] AAAAA-TCP_FORW: name:enp0s3: saddr:33561200: daddr:100932208
[  347.274587] AAAAA-TCP_FORW: name:enp0s3: saddr:33561200: daddr:100932208
[  347.647440] AAAAA-TCP_FORW: name:enp0s3: saddr:100932208: daddr:16783984
[  347.755155] AAAAA-TCP_FORW: name:enp0s3: saddr:100932208: daddr:16783984
[  347.828981] AAAAA-TCP_FORW: name:enp0s3: saddr:100932208: daddr:16783984
[  347.936235] AAAAA-TCP_FORW: name:enp0s3: saddr:100932208: daddr:16783984
[  348.006511] AAAAA-TCP_FORW: name:enp0s3: saddr:100932208: daddr:16783984
[  348.089416] AAAAA-TCP_FORW: name:enp0s3: saddr:100932208: daddr:16783984
[  348.184667] AAAAA-TCP_FORW: name:enp0s3: saddr:100932208: daddr:33561200
[  348.259488] AAAAA-TCP_FORW: name:enp0s3: saddr:100932208: daddr:33561200
[  348.319610] AAAAA-TCP_FORW: name:enp0s3: saddr:100932208: daddr:33561200
[  348.358720] AAAAA-TCP_FORW: name:enp0s3: saddr:100932208: daddr:33561200
[  348.463010] AAAAA-TCP_FORW: name:enp0s3: saddr:100932208: daddr:33561200
[  348.535376] AAAAA-TCP_FORW: name:enp0s3: saddr:100932208: daddr:33561200
[  348.604036] AAAAA-TCP_FORW: name:enp0s3: saddr:100932208: daddr:33561200
[  348.687544] AAAAA-TCP_FORW: name:enp0s3: saddr:100932208: daddr:33561200
[  348.729723] AAAAA-TCP_FORW: name:enp0s3: saddr:100932208: daddr:33561200
[  348.819955] AAAAA-TCP_FORW: name:enp0s3: saddr:100932208: daddr:33561200
[  348.910250] AAAAA-TCP_FORW: name:enp0s3: saddr:100932208: daddr:16783984
[  348.970372] AAAAA-TCP_FORW: name:enp0s3: saddr:100932208: daddr:16783984
[  349.063629] AAAAA-TCP_FORW: name:enp0s3: saddr:100932208: daddr:16783984
[  349.159332] AAAAA-TCP_FORW: name:enp0s3: saddr:100932208: daddr:16783984
[  349.265721] AAAAA-TCP_FORW: name:enp0s3: saddr:33561200: daddr:100932208
[  349.318887] AAAAA-TCP_FORW: name:enp0s3: saddr:100932208: daddr:33561200
[  349.342037] AAAAA-TCP_FORW: name:enp0s3: saddr:16783984: daddr:100932208
[  349.514344] AAAAA-TCP_FORW: name:enp0s3: saddr:100932208: daddr:33561200
[  349.654149] AAAAA-TCP_FORW: name:enp0s3: saddr:100932208: daddr:33561200
[  349.719704] AAAAA-TCP_FORW: name:enp0s3: saddr:100932208: daddr:33561200
[  349.765833] AAAAA-TCP_FORW: name:enp0s3: saddr:16783984: daddr:100932208
[  349.826206] AAAAA-TCP_FORW: name:enp0s3: saddr:16783984: daddr:100932208
[  349.865929] AAAAA-TCP_FORW: name:enp0s3: saddr:16783984: daddr:100932208
[  349.897828] AAAAA-TCP_FORW: name:enp0s3: saddr:16783984: daddr:100932208
[  349.929540] AAAAA-TCP_FORW: name:enp0s3: saddr:16783984: daddr:100932208
[  350.021061] AAAAA-TCP_FORW: name:enp0s3: saddr:16783984: daddr:100932208
[  350.059887] AAAAA-TCP_FORW: name:enp0s3: saddr:33561200: daddr:100932208
[  350.100928] AAAAA-TCP_FORW: name:enp0s3: saddr:33561200: daddr:100932208
[  350.128453] AAAAA-TCP_FORW: name:enp0s3: saddr:33561200: daddr:100932208
[  350.152030] AAAAA-TCP_FORW: name:enp0s3: saddr:33561200: daddr:100932208
[  350.181292] AAAAA-TCP_FORW: name:enp0s3: saddr:33561200: daddr:100932208
[  350.230525] AAAAA-TCP_FORW: name:enp0s3: saddr:33561200: daddr:100932208
[  350.293783] AAAAA-TCP_FORW: name:enp0s3: saddr:33561200: daddr:100932208
[  350.322056] AAAAA-TCP_FORW: name:enp0s3: saddr:33561200: daddr:100932208
[  350.353176] AAAAA-TCP_FORW: name:enp0s3: saddr:33561200: daddr:100932208
[  350.400954] AAAAA-TCP_FORW: name:enp0s3: saddr:33561200: daddr:100932208
[  350.445759] AAAAA-TCP_FORW: name:enp0s3: saddr:16783984: daddr:100932208
[  350.527818] AAAAA-TCP_FORW: name:enp0s3: saddr:16783984: daddr:100932208
[  350.650412] AAAAA-TCP_FORW: name:enp0s3: saddr:16783984: daddr:100932208
[  350.694975] AAAAA-TCP_FORW: name:enp0s3: saddr:16783984: daddr:100932208
[  350.766136] AAAAA-TCP_FORW: name:enp0s3: saddr:33561200: daddr:100932208
[  350.876316] AAAAA-TCP_FORW: name:enp0s3: saddr:100932208: daddr:33561200
[  350.944194] AAAAA-TCP_FORW: name:enp0s3: saddr:33561200: daddr:100932208
[  351.012351] AAAAA-TCP_FORW: name:enp0s3: saddr:33561200: daddr:100932208
[  351.040616] AAAAA-TCP_FORW: name:enp0s3: saddr:33561200: daddr:100932208
[  351.093004] AAAAA-TCP_FORW: name:enp0s3: saddr:100932208: daddr:16783984
[  351.195704] AAAAA-TCP_FORW: name:enp0s3: saddr:100932208: daddr:16783984
[  351.267772] AAAAA-TCP_FORW: name:enp0s3: saddr:100932208: daddr:16783984
[  351.366445] AAAAA-TCP_FORW: name:enp0s3: saddr:100932208: daddr:16783984
[  351.435096] AAAAA-TCP_FORW: name:enp0s3: saddr:100932208: daddr:16783984
[  351.494153] AAAAA-TCP_FORW: name:enp0s3: saddr:100932208: daddr:16783984
[  351.559242] AAAAA-TCP_FORW: name:enp0s3: saddr:100932208: daddr:16783984
[  351.627396] AAAAA-TCP_FORW: name:enp0s3: saddr:100932208: daddr:33561200
[  351.768722] AAAAA-TCP_FORW: name:enp0s3: saddr:100932208: daddr:33561200
[  351.883761] AAAAA-TCP_FORW: name:enp0s3: saddr:100932208: daddr:33561200
[  351.982993] AAAAA-TCP_FORW: name:enp0s3: saddr:100932208: daddr:33561200
[  352.065795] AAAAA-TCP_FORW: name:enp0s3: saddr:100932208: daddr:33561200
[  352.145976] AAAAA-TCP_FORW: name:enp0s3: saddr:100932208: daddr:33561200
[  352.226267] AAAAA-TCP_FORW: name:enp0s3: saddr:100932208: daddr:33561200
[  352.276249] AAAAA-TCP_FORW: name:enp0s3: saddr:100932208: daddr:33561200
[  352.355007] AAAAA-TCP_FORW: name:enp0s3: saddr:100932208: daddr:33561200
[  352.426595] AAAAA-TCP_FORW: name:enp0s3: saddr:100932208: daddr:33561200
[  352.472927] AAAAA-TCP_FORW: name:enp0s3: saddr:100932208: daddr:16783984
[  352.570105] AAAAA-TCP_FORW: name:enp0s3: saddr:100932208: daddr:16783984
[  352.620393] AAAAA-TCP_FORW: name:enp0s3: saddr:100932208: daddr:16783984
[  352.666027] AAAAA-TCP_FORW: name:enp0s3: saddr:100932208: daddr:16783984
[  352.706682] AAAAA-TCP_FORW: name:enp0s3: saddr:100932208: daddr:16783984
[  352.751625] AAAAA-TCP_FORW: name:enp0s3: saddr:100932208: daddr:16783984
[  352.769625] AAAAA-TCP_FORW: name:enp0s3: saddr:33561200: daddr:100932208
[  352.827568] AAAAA-TCP_FORW: name:enp0s3: saddr:100932208: daddr:16783984
[  352.915684] AAAAA-TCP_FORW: name:enp0s3: saddr:100932208: daddr:16783984
[  352.990733] AAAAA-TCP_FORW: name:enp0s3: saddr:100932208: daddr:33561200
[  353.038645] AAAAA-TCP_FORW: name:enp0s3: saddr:100932208: daddr:33561200
[  353.114197] AAAAA-TCP_FORW: name:enp0s3: saddr:100932208: daddr:33561200
[  353.126589] AAAAA-TCP_FORW: name:enp0s3: saddr:16783984: daddr:100932208
[  353.161629] AAAAA-TCP_FORW: name:enp0s3: saddr:100932208: daddr:33561200
[  353.225996] AAAAA-TCP_FORW: name:enp0s3: saddr:100932208: daddr:33561200
[  353.327359] AAAAA-TCP_FORW: name:enp0s3: saddr:16783984: daddr:100932208
[  353.363973] AAAAA-TCP_FORW: name:enp0s3: saddr:16783984: daddr:100932208
[  353.391574] AAAAA-TCP_FORW: name:enp0s3: saddr:16783984: daddr:100932208
[  353.437331] AAAAA-TCP_FORW: name:enp0s3: saddr:16783984: daddr:100932208
[  353.445826] AAAAA-TCP_FORW: name:enp0s3: saddr:16783984: daddr:100932208
[  353.471926] AAAAA-TCP_FORW: name:enp0s3: saddr:16783984: daddr:100932208
[  353.496752] AAAAA-TCP_FORW: name:enp0s3: saddr:33561200: daddr:100932208
[  353.545890] AAAAA-TCP_FORW: name:enp0s3: saddr:33561200: daddr:100932208
[  353.572459] AAAAA-TCP_FORW: name:enp0s3: saddr:33561200: daddr:100932208
[  353.603848] AAAAA-TCP_FORW: name:enp0s3: saddr:33561200: daddr:100932208
[  353.628552] AAAAA-TCP_FORW: name:enp0s3: saddr:33561200: daddr:100932208
[  353.715852] AAAAA-TCP_FORW: name:enp0s3: saddr:33561200: daddr:100932208
[  353.771881] AAAAA-TCP_FORW: name:enp0s3: saddr:33561200: daddr:100932208
[  353.795508] AAAAA-TCP_FORW: name:enp0s3: saddr:33561200: daddr:100932208
[  353.853958] AAAAA-TCP_FORW: name:enp0s3: saddr:33561200: daddr:100932208
[  353.878883] AAAAA-TCP_FORW: name:enp0s3: saddr:33561200: daddr:100932208
[  353.898146] AAAAA-TCP_FORW: name:enp0s3: saddr:16783984: daddr:100932208
[  353.951665] AAAAA-TCP_FORW: name:enp0s3: saddr:16783984: daddr:100932208
[  353.993088] AAAAA-TCP_FORW: name:enp0s3: saddr:16783984: daddr:100932208
[  354.025736] AAAAA-TCP_FORW: name:enp0s3: saddr:16783984: daddr:100932208
[  354.048691] AAAAA-TCP_FORW: name:enp0s3: saddr:16783984: daddr:100932208
[  354.077156] AAAAA-TCP_FORW: name:enp0s3: saddr:16783984: daddr:100932208
[  354.158949] AAAAA-TCP_FORW: name:enp0s3: saddr:16783984: daddr:100932208
[  354.204812] AAAAA-TCP_FORW: name:enp0s3: saddr:16783984: daddr:100932208
[  354.228900] AAAAA-TCP_FORW: name:enp0s3: saddr:100932208: daddr:33561200
[  354.330278] AAAAA-TCP_FORW: name:enp0s3: saddr:33561200: daddr:100932208
[  354.393836] AAAAA-TCP_FORW: name:enp0s3: saddr:33561200: daddr:100932208
[  354.438929] AAAAA-TCP_FORW: name:enp0s3: saddr:33561200: daddr:100932208
[  354.470317] AAAAA-TCP_FORW: name:enp0s3: saddr:100932208: daddr:16783984
[  354.517058] AAAAA-TCP_FORW: name:enp0s3: saddr:33561200: daddr:100932208
[  354.572313] AAAAA-TCP_FORW: name:enp0s3: saddr:33561200: daddr:100932208
[  354.626935] AAAAA-TCP_FORW: name:enp0s3: saddr:100932208: daddr:16783984
[  354.676539] AAAAA-TCP_FORW: name:enp0s3: saddr:100932208: daddr:16783984
[  354.747494] AAAAA-TCP_FORW: name:enp0s3: saddr:100932208: daddr:16783984
[  354.802053] AAAAA-TCP_FORW: name:enp0s3: saddr:100932208: daddr:16783984
[  354.900622] AAAAA-TCP_FORW: name:enp0s3: saddr:100932208: daddr:16783984
[  354.972036] AAAAA-TCP_FORW: name:enp0s3: saddr:100932208: daddr:16783984
[  355.120009] AAAAA-TCP_FORW: name:enp0s3: saddr:100932208: daddr:16783984
[  355.193718] AAAAA-TCP_FORW: name:enp0s3: saddr:100932208: daddr:16783984
[  355.277790] AAAAA-TCP_FORW: name:enp0s3: saddr:100932208: daddr:33561200
[  355.335703] AAAAA-TCP_FORW: name:enp0s3: saddr:100932208: daddr:33561200
[  355.381176] AAAAA-TCP_FORW: name:enp0s3: saddr:100932208: daddr:33561200
[  355.454427] AAAAA-TCP_FORW: name:enp0s3: saddr:100932208: daddr:33561200
[  355.529212] AAAAA-TCP_FORW: name:enp0s3: saddr:100932208: daddr:33561200
[  355.597205] AAAAA-TCP_FORW: name:enp0s3: saddr:100932208: daddr:33561200
[  355.679601] AAAAA-TCP_FORW: name:enp0s3: saddr:100932208: daddr:33561200
[  355.753297] AAAAA-TCP_FORW: name:enp0s3: saddr:100932208: daddr:33561200
[  355.825884] AAAAA-TCP_FORW: name:enp0s3: saddr:100932208: daddr:33561200
[  355.884671] AAAAA-TCP_FORW: name:enp0s3: saddr:100932208: daddr:33561200
[  355.947651] AAAAA-TCP_FORW: name:enp0s3: saddr:100932208: daddr:33561200
[  356.022835] AAAAA-TCP_FORW: name:enp0s3: saddr:100932208: daddr:33561200
[  356.141591] AAAAA-TCP_FORW: name:enp0s3: saddr:100932208: daddr:16783984
[  356.181807] AAAAA-TCP_FORW: name:enp0s3: saddr:100932208: daddr:16783984
[  356.290262] AAAAA-TCP_FORW: name:enp0s3: saddr:100932208: daddr:16783984
[  356.375686] AAAAA-TCP_FORW: name:enp0s3: saddr:100932208: daddr:16783984
[  356.466430] AAAAA-TCP_FORW: name:enp0s3: saddr:100932208: daddr:16783984
[  356.512083] AAAAA-TCP_FORW: name:enp0s3: saddr:100932208: daddr:16783984
[  356.533049] AAAAA-TCP_FORW: name:enp0s3: saddr:33561200: daddr:100932208
[  356.557690] AAAAA-TCP_FORW: name:enp0s3: saddr:100932208: daddr:16783984
[  356.601046] AAAAA-TCP_FORW: name:enp0s3: saddr:100932208: daddr:16783984
[  356.651381] AAAAA-TCP_FORW: name:enp0s3: saddr:100932208: daddr:16783984
[  356.739187] AAAAA-TCP_FORW: name:enp0s3: saddr:100932208: daddr:16783984
[  356.864376] AAAAA-TCP_FORW: name:enp0s3: saddr:100932208: daddr:33561200
[  356.903658] AAAAA-TCP_FORW: name:enp0s3: saddr:100932208: daddr:33561200
[  356.946458] AAAAA-TCP_FORW: name:enp0s3: saddr:100932208: daddr:33561200
[  356.968233] AAAAA-TCP_FORW: name:enp0s3: saddr:16783984: daddr:100932208
[  356.994222] AAAAA-TCP_FORW: name:enp0s3: saddr:100932208: daddr:33561200
[  357.065593] AAAAA-TCP_FORW: name:enp0s3: saddr:100932208: daddr:33561200
[  357.143792] AAAAA-TCP_FORW: name:enp0s3: saddr:100932208: daddr:33561200
[  357.176642] AAAAA-TCP_FORW: name:enp0s3: saddr:16783984: daddr:100932208
[  357.217648] AAAAA-TCP_FORW: name:enp0s3: saddr:100932208: daddr:33561200
[  357.238269] AAAAA-TCP_FORW: name:enp0s3: saddr:16783984: daddr:100932208
[  357.269693] AAAAA-TCP_FORW: name:enp0s3: saddr:100932208: daddr:33561200
[  357.311514] AAAAA-TCP_FORW: name:enp0s3: saddr:16783984: daddr:100932208
[  357.394652] AAAAA-TCP_FORW: name:enp0s3: saddr:16783984: daddr:100932208
[  357.449099] AAAAA-TCP_FORW: name:enp0s3: saddr:16783984: daddr:100932208
[  357.487507] AAAAA-TCP_FORW: name:enp0s3: saddr:16783984: daddr:100932208
[  357.572777] AAAAA-TCP_FORW: name:enp0s3: saddr:16783984: daddr:100932208
[  357.641030] AAAAA-TCP_FORW: name:enp0s3: saddr:16783984: daddr:100932208
[  357.758357] AAAAA-TCP_FORW: name:enp0s3: saddr:33561200: daddr:100932208
[  357.812002] AAAAA-TCP_FORW: name:enp0s3: saddr:33561200: daddr:100932208
[  357.841986] AAAAA-TCP_FORW: name:enp0s3: saddr:33561200: daddr:100932208
[  357.915061] AAAAA-TCP_FORW: name:enp0s3: saddr:33561200: daddr:100932208
[  357.954066] AAAAA-TCP_FORW: name:enp0s3: saddr:33561200: daddr:100932208
[  357.977208] AAAAA-TCP_FORW: name:enp0s3: saddr:33561200: daddr:100932208
[  358.038174] AAAAA-TCP_FORW: name:enp0s3: saddr:33561200: daddr:100932208
[  358.138155] AAAAA-TCP_FORW: name:enp0s3: saddr:33561200: daddr:100932208
[  358.202699] AAAAA-TCP_FORW: name:enp0s3: saddr:33561200: daddr:100932208
[  358.248769] AAAAA-TCP_FORW: name:enp0s3: saddr:33561200: daddr:100932208
[  358.304179] AAAAA-TCP_FORW: name:enp0s3: saddr:33561200: daddr:100932208
[  358.386611] AAAAA-TCP_FORW: name:enp0s3: saddr:16783984: daddr:100932208
[  358.465643] AAAAA-TCP_FORW: name:enp0s3: saddr:16783984: daddr:100932208
[  358.502027] AAAAA-TCP_FORW: name:enp0s3: saddr:16783984: daddr:100932208
[  358.579197] AAAAA-TCP_FORW: name:enp0s3: saddr:16783984: daddr:100932208
[  358.612302] AAAAA-TCP_FORW: name:enp0s3: saddr:16783984: daddr:100932208
[  358.674174] AAAAA-TCP_FORW: name:enp0s3: saddr:100932208: daddr:33561200
[  358.683012] AAAAA-TCP_FORW: name:enp0s3: saddr:16783984: daddr:100932208
[  358.760516] AAAAA-TCP_FORW: name:enp0s3: saddr:16783984: daddr:100932208
[  358.813363] AAAAA-TCP_FORW: name:enp0s3: saddr:16783984: daddr:100932208
[  358.856518] AAAAA-TCP_FORW: name:enp0s3: saddr:33561200: daddr:100932208
[  358.932574] AAAAA-TCP_FORW: name:enp0s3: saddr:33561200: daddr:100932208
[  358.976523] AAAAA-TCP_FORW: name:enp0s3: saddr:33561200: daddr:100932208
[  359.024462] AAAAA-TCP_FORW: name:enp0s3: saddr:33561200: daddr:100932208
[  359.067136] AAAAA-TCP_FORW: name:enp0s3: saddr:33561200: daddr:100932208
[  359.121342] AAAAA-TCP_FORW: name:enp0s3: saddr:100932208: daddr:16783984
[  359.143433] AAAAA-TCP_FORW: name:enp0s3: saddr:33561200: daddr:100932208
[  359.232715] AAAAA-TCP_FORW: name:enp0s3: saddr:100932208: daddr:16783984
[  359.347401] AAAAA-TCP_FORW: name:enp0s3: saddr:100932208: daddr:16783984
[  359.433207] AAAAA-TCP_FORW: name:enp0s3: saddr:100932208: daddr:16783984
[  359.534122] AAAAA-TCP_FORW: name:enp0s3: saddr:100932208: daddr:16783984
[  359.608989] AAAAA-TCP_FORW: name:enp0s3: saddr:100932208: daddr:16783984
[  359.717046] AAAAA-TCP_FORW: name:enp0s3: saddr:100932208: daddr:16783984
[  359.800938] AAAAA-TCP_FORW: name:enp0s3: saddr:100932208: daddr:16783984
[  359.878385] AAAAA-TCP_FORW: name:enp0s3: saddr:100932208: daddr:16783984
[  360.010477] AAAAA-TCP_FORW: name:enp0s3: saddr:100932208: daddr:16783984
[  360.086450] AAAAA-TCP_FORW: name:enp0s3: saddr:100932208: daddr:16783984
[  360.143177] AAAAA-TCP_FORW: name:enp0s3: saddr:100932208: daddr:16783984
[  360.303959] AAAAA-TCP_FORW: name:enp0s3: saddr:100932208: daddr:16783984
[  360.352792] AAAAA-TCP_FORW: name:enp0s3: saddr:100932208: daddr:16783984
[  360.454551] AAAAA-TCP_FORW: name:enp0s3: saddr:100932208: daddr:33561200
[  360.606569] AAAAA-TCP_FORW: name:enp0s3: saddr:100932208: daddr:33561200
[  360.656832] AAAAA-TCP_FORW: name:enp0s3: saddr:100932208: daddr:33561200
[  360.793775] AAAAA-TCP_FORW: name:enp0s3: saddr:100932208: daddr:33561200
[  360.889316] AAAAA-TCP_FORW: name:enp0s3: saddr:100932208: daddr:33561200
[  360.930938] AAAAA-TCP_FORW: name:enp0s3: saddr:100932208: daddr:33561200
[  361.011475] AAAAA-TCP_FORW: name:enp0s3: saddr:100932208: daddr:33561200
[  361.080642] AAAAA-TCP_FORW: name:enp0s3: saddr:100932208: daddr:33561200
[  361.159150] AAAAA-TCP_FORW: name:enp0s3: saddr:100932208: daddr:33561200
[  361.314742] AAAAA-TCP_FORW: name:enp0s3: saddr:100932208: daddr:33561200
[  361.421412] AAAAA-TCP_FORW: name:enp0s3: saddr:100932208: daddr:33561200
[  361.534636] AAAAA-TCP_FORW: name:enp0s3: saddr:100932208: daddr:33561200
[  361.577823] AAAAA-TCP_FORW: name:enp0s3: saddr:33561200: daddr:100932208
[  361.608641] AAAAA-TCP_FORW: name:enp0s3: saddr:100932208: daddr:33561200
[  361.729072] AAAAA-TCP_FORW: name:enp0s3: saddr:100932208: daddr:33561200
[  361.797477] AAAAA-TCP_FORW: name:enp0s3: saddr:100932208: daddr:33561200
[  361.877554] AAAAA-TCP_FORW: name:enp0s3: saddr:100932208: daddr:16783984
[  361.982039] AAAAA-TCP_FORW: name:enp0s3: saddr:100932208: daddr:16783984
[  362.058339] AAAAA-TCP_FORW: name:enp0s3: saddr:100932208: daddr:16783984
[  362.202962] AAAAA-TCP_FORW: name:enp0s3: saddr:100932208: daddr:16783984
[  362.280454] AAAAA-TCP_FORW: name:enp0s3: saddr:100932208: daddr:16783984
[  362.334589] AAAAA-TCP_FORW: name:enp0s3: saddr:16783984: daddr:100932208
[  362.363851] AAAAA-TCP_FORW: name:enp0s3: saddr:100932208: daddr:16783984
[  362.452257] AAAAA-TCP_FORW: name:enp0s3: saddr:100932208: daddr:16783984
[  362.467687] AAAAA-TCP_FORW: name:enp0s3: saddr:16783984: daddr:100932208
[  362.509011] AAAAA-TCP_FORW: name:enp0s3: saddr:16783984: daddr:100932208
[  362.515985] AAAAA-TCP_FORW: name:enp0s3: saddr:100932208: daddr:16783984
[  362.601011] AAAAA-TCP_FORW: name:enp0s3: saddr:100932208: daddr:16783984
[  362.620853] AAAAA-TCP_FORW: name:enp0s3: saddr:16783984: daddr:100932208
[  362.682355] AAAAA-TCP_FORW: name:enp0s3: saddr:100932208: daddr:33561200
[  362.697900] AAAAA-TCP_FORW: name:enp0s3: saddr:16783984: daddr:100932208
[  362.766409] AAAAA-TCP_FORW: name:enp0s3: saddr:100932208: daddr:33561200
[  362.782847] AAAAA-TCP_FORW: name:enp0s3: saddr:16783984: daddr:100932208
[  362.849123] AAAAA-TCP_FORW: name:enp0s3: saddr:100932208: daddr:33561200
[  362.850671] AAAAA-TCP_FORW: name:enp0s3: saddr:16783984: daddr:100932208
[  362.904011] AAAAA-TCP_FORW: name:enp0s3: saddr:16783984: daddr:100932208
[  362.924176] AAAAA-TCP_FORW: name:enp0s3: saddr:100932208: daddr:33561200
[  362.987146] AAAAA-TCP_FORW: name:enp0s3: saddr:16783984: daddr:100932208
[  363.018680] AAAAA-TCP_FORW: name:enp0s3: saddr:16783984: daddr:100932208
[  363.066410] AAAAA-TCP_FORW: name:enp0s3: saddr:16783984: daddr:100932208
[  363.102016] AAAAA-TCP_FORW: name:enp0s3: saddr:16783984: daddr:100932208
[  363.123619] AAAAA-TCP_FORW: name:enp0s3: saddr:16783984: daddr:100932208
[  363.157481] AAAAA-TCP_FORW: name:enp0s3: saddr:16783984: daddr:100932208
[  363.248118] AAAAA-TCP_FORW: name:enp0s3: saddr:33561200: daddr:100932208
[  363.362805] AAAAA-TCP_FORW: name:enp0s3: saddr:33561200: daddr:100932208
[  363.387978] AAAAA-TCP_FORW: name:enp0s3: saddr:33561200: daddr:100932208
[  363.487405] AAAAA-TCP_FORW: name:enp0s3: saddr:33561200: daddr:100932208
[  363.525036] AAAAA-TCP_FORW: name:enp0s3: saddr:33561200: daddr:100932208
[  363.639363] AAAAA-TCP_FORW: name:enp0s3: saddr:33561200: daddr:100932208
[  363.681964] AAAAA-TCP_FORW: name:enp0s3: saddr:33561200: daddr:100932208
[  363.744239] AAAAA-TCP_FORW: name:enp0s3: saddr:33561200: daddr:100932208
[  363.783267] AAAAA-TCP_FORW: name:enp0s3: saddr:33561200: daddr:100932208
[  363.834783] AAAAA-TCP_FORW: name:enp0s3: saddr:33561200: daddr:100932208
[  363.926943] AAAAA-TCP_FORW: name:enp0s3: saddr:33561200: daddr:100932208
[  363.995083] AAAAA-TCP_FORW: name:enp0s3: saddr:100932208: daddr:33561200
[  364.031854] AAAAA-TCP_FORW: name:enp0s3: saddr:33561200: daddr:100932208
[  364.077739] AAAAA-TCP_FORW: name:enp0s3: saddr:33561200: daddr:100932208
[  364.134164] AAAAA-TCP_FORW: name:enp0s3: saddr:16783984: daddr:100932208
[  364.215261] AAAAA-TCP_FORW: name:enp0s3: saddr:16783984: daddr:100932208
[  364.250026] AAAAA-TCP_FORW: name:enp0s3: saddr:16783984: daddr:100932208
[  364.431859] AAAAA-TCP_FORW: name:enp0s3: saddr:16783984: daddr:100932208
[  364.490445] AAAAA-TCP_FORW: name:enp0s3: saddr:16783984: daddr:100932208
[  364.576010] AAAAA-TCP_FORW: name:enp0s3: saddr:16783984: daddr:100932208
[  364.608197] AAAAA-TCP_FORW: name:enp0s3: saddr:16783984: daddr:100932208
[  364.686970] AAAAA-TCP_FORW: name:enp0s3: saddr:16783984: daddr:100932208
[  364.755691] AAAAA-TCP_FORW: name:enp0s3: saddr:100932208: daddr:16783984
[  364.845459] AAAAA-TCP_FORW: name:enp0s3: saddr:33561200: daddr:100932208
[  364.900398] AAAAA-TCP_FORW: name:enp0s3: saddr:100932208: daddr:16783984
[  364.983604] AAAAA-TCP_FORW: name:enp0s3: saddr:33561200: daddr:100932208
[  365.025712] AAAAA-TCP_FORW: name:enp0s3: saddr:100932208: daddr:16783984
[  365.064741] AAAAA-TCP_FORW: name:enp0s3: saddr:33561200: daddr:100932208
[  365.138415] AAAAA-TCP_FORW: name:enp0s3: saddr:100932208: daddr:16783984
[  365.211782] AAAAA-TCP_FORW: name:enp0s3: saddr:33561200: daddr:100932208
[  365.266159] AAAAA-TCP_FORW: name:enp0s3: saddr:100932208: daddr:16783984
[  365.357629] AAAAA-TCP_FORW: name:enp0s3: saddr:100932208: daddr:16783984
[  365.470378] AAAAA-TCP_FORW: name:enp0s3: saddr:100932208: daddr:16783984
[  365.623633] AAAAA-TCP_FORW: name:enp0s3: saddr:100932208: daddr:16783984
[  365.729256] AAAAA-TCP_FORW: name:enp0s3: saddr:100932208: daddr:16783984
[  365.884806] AAAAA-TCP_FORW: name:enp0s3: saddr:100932208: daddr:33561200
[  366.035958] AAAAA-TCP_FORW: name:enp0s3: saddr:100932208: daddr:33561200
[  366.188537] AAAAA-TCP_FORW: name:enp0s3: saddr:100932208: daddr:33561200
[  366.311355] AAAAA-TCP_FORW: name:enp0s3: saddr:100932208: daddr:33561200
[  366.368754] AAAAA-TCP_FORW: name:enp0s3: saddr:100932208: daddr:33561200
[  366.490859] AAAAA-TCP_FORW: name:enp0s3: saddr:100932208: daddr:33561200
[  366.553219] AAAAA-TCP_FORW: name:enp0s3: saddr:100932208: daddr:33561200
[  366.578086] AAAAA-TCP_FORW: name:enp0s3: saddr:33561200: daddr:100932208
[  366.617342] AAAAA-TCP_FORW: name:enp0s3: saddr:100932208: daddr:33561200
[  366.707946] AAAAA-TCP_FORW: name:enp0s3: saddr:100932208: daddr:33561200
[  366.751671] AAAAA-TCP_FORW: name:enp0s3: saddr:100932208: daddr:33561200
[  366.810699] AAAAA-TCP_FORW: name:enp0s3: saddr:100932208: daddr:33561200
[  366.920143] AAAAA-TCP_FORW: name:enp0s3: saddr:100932208: daddr:16783984
[  367.019106] AAAAA-TCP_FORW: name:enp0s3: saddr:100932208: daddr:16783984
[  367.123069] AAAAA-TCP_FORW: name:enp0s3: saddr:100932208: daddr:16783984
[  367.205462] AAAAA-TCP_FORW: name:enp0s3: saddr:100932208: daddr:16783984
[  367.305806] AAAAA-TCP_FORW: name:enp0s3: saddr:100932208: daddr:16783984
[  367.365626] AAAAA-TCP_FORW: name:enp0s3: saddr:100932208: daddr:16783984
[  367.497229] AAAAA-TCP_FORW: name:enp0s3: saddr:100932208: daddr:16783984
[  367.523082] AAAAA-TCP_FORW: name:enp0s3: saddr:16783984: daddr:100932208
[  367.553520] AAAAA-TCP_FORW: name:enp0s3: saddr:100932208: daddr:16783984
[  367.613682] AAAAA-TCP_FORW: name:enp0s3: saddr:16783984: daddr:100932208
[  367.647884] AAAAA-TCP_FORW: name:enp0s3: saddr:100932208: daddr:16783984
[  367.722641] AAAAA-TCP_FORW: name:enp0s3: saddr:100932208: daddr:33561200
[  367.744924] AAAAA-TCP_FORW: name:enp0s3: saddr:16783984: daddr:100932208
[  367.817052] AAAAA-TCP_FORW: name:enp0s3: saddr:16783984: daddr:100932208
[  367.876012] AAAAA-TCP_FORW: name:enp0s3: saddr:16783984: daddr:100932208
[  367.878665] AAAAA-TCP_FORW: name:enp0s3: saddr:100932208: daddr:33561200
[  367.978434] AAAAA-TCP_FORW: name:enp0s3: saddr:100932208: daddr:33561200
[  367.991464] AAAAA-TCP_FORW: name:enp0s3: saddr:16783984: daddr:100932208
[  368.074540] AAAAA-TCP_FORW: name:enp0s3: saddr:16783984: daddr:100932208
[  368.166229] AAAAA-TCP_FORW: name:enp0s3: saddr:16783984: daddr:100932208
[  368.257323] AAAAA-TCP_FORW: name:enp0s3: saddr:16783984: daddr:100932208
[  368.340988] AAAAA-TCP_FORW: name:enp0s3: saddr:33561200: daddr:100932208
[  368.377660] AAAAA-TCP_FORW: name:enp0s3: saddr:33561200: daddr:100932208
[  368.523852] AAAAA-TCP_FORW: name:enp0s3: saddr:33561200: daddr:100932208
[  368.588204] AAAAA-TCP_FORW: name:enp0s3: saddr:33561200: daddr:100932208
[  368.655206] AAAAA-TCP_FORW: name:enp0s3: saddr:33561200: daddr:100932208
[  368.723126] AAAAA-TCP_FORW: name:enp0s3: saddr:33561200: daddr:100932208
[  368.791519] AAAAA-TCP_FORW: name:enp0s3: saddr:33561200: daddr:100932208
[  368.843789] AAAAA-TCP_FORW: name:enp0s3: saddr:100932208: daddr:33561200
[  368.852456] AAAAA-TCP_FORW: name:enp0s3: saddr:33561200: daddr:100932208
[  368.919907] AAAAA-TCP_FORW: name:enp0s3: saddr:33561200: daddr:100932208
[  368.971976] AAAAA-TCP_FORW: name:enp0s3: saddr:33561200: daddr:100932208
[  369.021476] AAAAA-TCP_FORW: name:enp0s3: saddr:33561200: daddr:100932208
[  369.050191] AAAAA-TCP_FORW: name:enp0s3: saddr:16783984: daddr:100932208
[  369.164001] AAAAA-TCP_FORW: name:enp0s3: saddr:16783984: daddr:100932208
[  369.242531] AAAAA-TCP_FORW: name:enp0s3: saddr:16783984: daddr:100932208
[  369.284431] AAAAA-TCP_FORW: name:enp0s3: saddr:16783984: daddr:100932208
[  369.345929] AAAAA-TCP_FORW: name:enp0s3: saddr:16783984: daddr:100932208
[  369.405643] AAAAA-TCP_FORW: name:enp0s3: saddr:16783984: daddr:100932208
[  369.467305] AAAAA-TCP_FORW: name:enp0s3: saddr:16783984: daddr:100932208
[  369.470164] AAAAA-TCP_FORW: name:enp0s3: saddr:100932208: daddr:33561200
[  369.597438] AAAAA-TCP_FORW: name:enp0s3: saddr:16783984: daddr:100932208
[  369.632434] AAAAA-TCP_FORW: name:enp0s3: saddr:100932208: daddr:16783984
[  369.670853] AAAAA-TCP_FORW: name:enp0s3: saddr:33561200: daddr:100932208
[  369.718295] AAAAA-TCP_FORW: name:enp0s3: saddr:100932208: daddr:16783984
[  369.778517] AAAAA-TCP_FORW: name:enp0s3: saddr:100932208: daddr:16783984
[  369.900626] AAAAA-TCP_FORW: name:enp0s3: saddr:33561200: daddr:100932208
[  369.942326] AAAAA-TCP_FORW: name:enp0s3: saddr:100932208: daddr:16783984
[  370.041394] AAAAA-TCP_FORW: name:enp0s3: saddr:100932208: daddr:16783984
[  370.175509] AAAAA-TCP_FORW: name:enp0s3: saddr:100932208: daddr:16783984
[  370.248482] AAAAA-TCP_FORW: name:enp0s3: saddr:100932208: daddr:16783984
[  370.344551] AAAAA-TCP_FORW: name:enp0s3: saddr:100932208: daddr:16783984
[  370.476018] AAAAA-TCP_FORW: name:enp0s3: saddr:100932208: daddr:16783984
[  370.640592] AAAAA-TCP_FORW: name:enp0s3: saddr:100932208: daddr:33561200
[  370.863121] AAAAA-TCP_FORW: name:enp0s3: saddr:100932208: daddr:33561200
[  370.956245] AAAAA-TCP_FORW: name:enp0s3: saddr:100932208: daddr:33561200
[  371.016762] AAAAA-TCP_FORW: name:enp0s3: saddr:100932208: daddr:33561200
[  371.082799] AAAAA-TCP_FORW: name:enp0s3: saddr:100932208: daddr:33561200
[  371.131197] AAAAA-TCP_FORW: name:enp0s3: saddr:100932208: daddr:33561200
[  371.139279] AAAAA-TCP_FORW: name:enp0s3: saddr:33561200: daddr:100932208
[  371.218899] AAAAA-TCP_FORW: name:enp0s3: saddr:100932208: daddr:33561200
[  371.331130] AAAAA-TCP_FORW: name:enp0s3: saddr:100932208: daddr:33561200
[  371.424489] AAAAA-TCP_FORW: name:enp0s3: saddr:100932208: daddr:33561200
[  371.480786] AAAAA-TCP_FORW: name:enp0s3: saddr:100932208: daddr:33561200
[  371.609473] AAAAA-TCP_FORW: name:enp0s3: saddr:100932208: daddr:33561200
[  371.675593] AAAAA-TCP_FORW: name:enp0s3: saddr:100932208: daddr:16783984
[  371.819885] AAAAA-TCP_FORW: name:enp0s3: saddr:100932208: daddr:16783984
[  371.917470] AAAAA-TCP_FORW: name:enp0s3: saddr:100932208: daddr:16783984
[  372.023493] AAAAA-TCP_FORW: name:enp0s3: saddr:100932208: daddr:16783984
[  372.158817] AAAAA-TCP_FORW: name:enp0s3: saddr:100932208: daddr:16783984
[  372.235778] AAAAA-TCP_FORW: name:enp0s3: saddr:100932208: daddr:16783984
[  372.333495] AAAAA-TCP_FORW: name:enp0s3: saddr:100932208: daddr:16783984
[  372.395621] AAAAA-TCP_FORW: name:enp0s3: saddr:33561200: daddr:100932208
[  372.446184] AAAAA-TCP_FORW: name:enp0s3: saddr:100932208: daddr:16783984
[  372.520661] AAAAA-TCP_FORW: name:enp0s3: saddr:16783984: daddr:100932208
[  372.590772] AAAAA-TCP_FORW: name:enp0s3: saddr:100932208: daddr:16783984
[  372.623919] AAAAA-TCP_FORW: name:enp0s3: saddr:16783984: daddr:100932208
[  372.644888] AAAAA-TCP_FORW: name:enp0s3: saddr:100932208: daddr:16783984
[  372.663329] AAAAA-TCP_FORW: name:enp0s3: saddr:16783984: daddr:100932208
[  372.706675] AAAAA-TCP_FORW: name:enp0s3: saddr:100932208: daddr:33561200
[  372.754423] AAAAA-TCP_FORW: name:enp0s3: saddr:100932208: daddr:33561200
[  372.776498] AAAAA-TCP_FORW: name:enp0s3: saddr:16783984: daddr:100932208
[  372.868434] AAAAA-TCP_FORW: name:enp0s3: saddr:100932208: daddr:33561200
[  372.904692] AAAAA-TCP_FORW: name:enp0s3: saddr:100932208: daddr:33561200
[  372.978710] AAAAA-TCP_FORW: name:enp0s3: saddr:100932208: daddr:33561200
[  373.238750] AAAAA-TCP_FORW: name:enp0s3: saddr:33561200: daddr:100932208
[  373.409472] AAAAA-TCP_FORW: name:enp0s3: saddr:16783984: daddr:100932208
[  373.436078] AAAAA-TCP_FORW: name:enp0s3: saddr:16783984: daddr:100932208
[  373.470104] AAAAA-TCP_FORW: name:enp0s3: saddr:16783984: daddr:100932208
[  374.134574] AAAAA-TCP_FORW: name:enp0s3: saddr:16783984: daddr:100932208
[  374.246708] AAAAA-TCP_FORW: name:enp0s3: saddr:16783984: daddr:100932208
[  374.388485] AAAAA-TCP_FORW: name:enp0s3: saddr:16783984: daddr:100932208
[  374.439523] AAAAA-TCP_FORW: name:enp0s3: saddr:16783984: daddr:100932208
[  374.527304] AAAAA-TCP_FORW: name:enp0s3: saddr:16783984: daddr:100932208
[  374.620753] AAAAA-TCP_FORW: name:enp0s3: saddr:16783984: daddr:100932208
[  374.676475] AAAAA-TCP_FORW: name:enp0s3: saddr:33561200: daddr:100932208
[  374.752720] AAAAA-TCP_FORW: name:enp0s3: saddr:16783984: daddr:100932208
[  374.862648] AAAAA-TCP_FORW: name:enp0s3: saddr:33561200: daddr:100932208
[  374.933508] AAAAA-TCP_FORW: name:enp0s3: saddr:33561200: daddr:100932208
[  375.069295] AAAAA-TCP_FORW: name:enp0s3: saddr:16783984: daddr:100932208
[  375.171606] AAAAA-TCP_FORW: name:enp0s3: saddr:16783984: daddr:100932208
[  375.232652] AAAAA-TCP_FORW: name:enp0s3: saddr:33561200: daddr:100932208
[  375.328439] AAAAA-TCP_FORW: name:enp0s3: saddr:33561200: daddr:100932208
[  375.396484] AAAAA-TCP_FORW: name:enp0s3: saddr:33561200: daddr:100932208
[  375.491452] AAAAA-TCP_FORW: name:enp0s3: saddr:16783984: daddr:100932208
[  375.564912] AAAAA-TCP_FORW: name:enp0s3: saddr:16783984: daddr:100932208
[  375.611966] AAAAA-TCP_FORW: name:enp0s3: saddr:16783984: daddr:100932208
[  375.738681] AAAAA-TCP_FORW: name:enp0s3: saddr:33561200: daddr:100932208
[  375.774485] AAAAA-TCP_FORW: name:enp0s3: saddr:16783984: daddr:100932208
[  375.835714] AAAAA-TCP_FORW: name:enp0s3: saddr:16783984: daddr:100932208
[  375.862829] AAAAA-TCP_FORW: name:enp0s3: saddr:33561200: daddr:100932208
[  375.903473] AAAAA-TCP_FORW: name:enp0s3: saddr:33561200: daddr:100932208
[  376.031605] AAAAA-TCP_FORW: name:enp0s3: saddr:33561200: daddr:100932208
[  376.110016] AAAAA-TCP_FORW: name:enp0s3: saddr:33561200: daddr:100932208
[  376.183958] AAAAA-TCP_FORW: name:enp0s3: saddr:16783984: daddr:100932208
[  376.281061] AAAAA-TCP_FORW: name:enp0s3: saddr:33561200: daddr:100932208
[  376.359359] AAAAA-TCP_FORW: name:enp0s3: saddr:33561200: daddr:100932208
[  376.424980] AAAAA-TCP_FORW: name:enp0s3: saddr:16783984: daddr:100932208
[  376.574994] AAAAA-TCP_FORW: name:enp0s3: saddr:33561200: daddr:100932208
[  376.635090] AAAAA-TCP_FORW: name:enp0s3: saddr:16783984: daddr:100932208
[  376.728293] AAAAA-TCP_FORW: name:enp0s3: saddr:16783984: daddr:100932208
[  376.903981] AAAAA-TCP_FORW: name:enp0s3: saddr:16783984: daddr:100932208
[  377.061696] AAAAA-TCP_FORW: name:enp0s3: saddr:16783984: daddr:100932208
[  377.104182] AAAAA-TCP_FORW: name:enp0s3: saddr:16783984: daddr:100932208
[  377.393187] AAAAA-TCP_FORW: name:enp0s3: saddr:16783984: daddr:100932208
[  377.475273] AAAAA-TCP_FORW: name:enp0s3: saddr:16783984: daddr:100932208
[  377.478064] AAAAA-TCP_FORW: name:enp0s3: saddr:100932208: daddr:16783984
[  377.599729] AAAAA-TCP_FORW: name:enp0s3: saddr:100932208: daddr:16783984
