[    0.000000] Linux version 5.4.243-mptcp (root@ztg) (gcc version 12.2.0 (Debian 12.2.0-14+deb12u1)) #53 SMP Wed Dec 24 23:28:15 CST 2025
[    0.000000] Command line: BOOT_IMAGE=/boot/vmlinuz-5.4.243-mptcp root=UUID=98415a12-53b7-4144-8265-0f7ece09e445 ro quiet splash
[    0.000000] KERNEL supported cpus:
[    0.000000]   Intel GenuineIntel
[    0.000000]   AMD AuthenticAMD
[    0.000000]   Hygon HygonGenuine
[    0.000000]   Centaur CentaurHauls
[    0.000000]   zhaoxin   Shanghai  
[    0.000000] x86/fpu: Supporting XSAVE feature 0x001: 'x87 floating point registers'
[    0.000000] x86/fpu: Supporting XSAVE feature 0x002: 'SSE registers'
[    0.000000] x86/fpu: Supporting XSAVE feature 0x004: 'AVX registers'
[    0.000000] x86/fpu: xstate_offset[2]:  576, xstate_sizes[2]:  256
[    0.000000] x86/fpu: Enabled xstate features 0x7, context size is 832 bytes, using 'standard' format.
[    0.000000] BIOS-provided physical RAM map:
[    0.000000] BIOS-e820: [mem 0x0000000000000000-0x000000000009fbff] usable
[    0.000000] BIOS-e820: [mem 0x000000000009fc00-0x000000000009ffff] reserved
[    0.000000] BIOS-e820: [mem 0x00000000000f0000-0x00000000000fffff] reserved
[    0.000000] BIOS-e820: [mem 0x0000000000100000-0x000000007ffeffff] usable
[    0.000000] BIOS-e820: [mem 0x000000007fff0000-0x000000007fffffff] ACPI data
[    0.000000] BIOS-e820: [mem 0x00000000fec00000-0x00000000fec00fff] reserved
[    0.000000] BIOS-e820: [mem 0x00000000fee00000-0x00000000fee00fff] reserved
[    0.000000] BIOS-e820: [mem 0x00000000fffc0000-0x00000000ffffffff] reserved
[    0.000000] NX (Execute Disable) protection: active
[    0.000000] SMBIOS 2.5 present.
[    0.000000] DMI: innotek GmbH VirtualBox/VirtualBox, BIOS VirtualBox 12/01/2006
[    0.000000] Hypervisor detected: KVM
[    0.000000] kvm-clock: Using msrs 4b564d01 and 4b564d00
[    0.000000] kvm-clock: cpu 0, msr 37e01001, primary cpu clock
[    0.000000] kvm-clock: using sched offset of 4458209511 cycles
[    0.000003] clocksource: kvm-clock: mask: 0xffffffffffffffff max_cycles: 0x1cd42e4dffb, max_idle_ns: 881590591483 ns
[    0.000005] tsc: Detected 2100.000 MHz processor
[    0.001895] e820: update [mem 0x00000000-0x00000fff] usable ==> reserved
[    0.001897] e820: remove [mem 0x000a0000-0x000fffff] usable
[    0.001901] last_pfn = 0x7fff0 max_arch_pfn = 0x400000000
[    0.001969] MTRR default type: uncachable
[    0.001970] MTRR fixed ranges enabled:
[    0.001971]   00000-9FFFF write-back
[    0.001972]   A0000-BFFFF uncachable
[    0.001973]   C0000-FFFFF write-protect
[    0.001973] MTRR variable ranges enabled:
[    0.001975]   0 base 000000000000 mask 3FFF80000000 write-back
[    0.001975]   1 disabled
[    0.001976]   2 disabled
[    0.001976]   3 disabled
[    0.001977]   4 disabled
[    0.001977]   5 disabled
[    0.001978]   6 disabled
[    0.001978]   7 disabled
[    0.001978]   8 disabled
[    0.001979]   9 disabled
[    0.001979]   10 disabled
[    0.001980]   11 disabled
[    0.001980]   12 disabled
[    0.001981]   13 disabled
[    0.001981]   14 disabled
[    0.001981]   15 disabled
[    0.001998] x86/PAT: Configuration [0-7]: WB  WC  UC- UC  WB  WP  UC- WT  
[    0.002132] found SMP MP-table at [mem 0x0009fff0-0x0009ffff]
[    0.093962] check: Scanning 1 areas for low memory corruption
[    0.094182] RAMDISK: [mem 0x32271000-0x3512ffff]
[    0.094191] ACPI: Early table checksum verification disabled
[    0.094195] ACPI: RSDP 0x00000000000E0000 000024 (v02 VBOX  )
[    0.094200] ACPI: XSDT 0x000000007FFF0030 00003C (v01 VBOX   VBOXXSDT 00000001 ASL  00000061)
[    0.094206] ACPI: FACP 0x000000007FFF00F0 0000F4 (v04 VBOX   VBOXFACP 00000001 ASL  00000061)
[    0.094212] ACPI: DSDT 0x000000007FFF02E0 002353 (v02 VBOX   VBOXBIOS 00000002 VBOX 00029BF3)
[    0.094216] ACPI: FACS 0x000000007FFF0200 000040
[    0.094220] ACPI: FACS 0x000000007FFF0200 000040
[    0.094223] ACPI: APIC 0x000000007FFF0240 000054 (v02 VBOX   VBOXAPIC 00000001 ASL  00000061)
[    0.094226] ACPI: SSDT 0x000000007FFF02A0 000038 (v01 VBOX   VBOXCPUT 00000002 VBOX 00029BF3)
[    0.094230] ACPI: Reserving FACP table memory at [mem 0x7fff00f0-0x7fff01e3]
[    0.094230] ACPI: Reserving DSDT table memory at [mem 0x7fff02e0-0x7fff2632]
[    0.094231] ACPI: Reserving FACS table memory at [mem 0x7fff0200-0x7fff023f]
[    0.094232] ACPI: Reserving FACS table memory at [mem 0x7fff0200-0x7fff023f]
[    0.094233] ACPI: Reserving APIC table memory at [mem 0x7fff0240-0x7fff0293]
[    0.094233] ACPI: Reserving SSDT table memory at [mem 0x7fff02a0-0x7fff02d7]
[    0.094248] ACPI: Local APIC address 0xfee00000
[    0.094426] No NUMA configuration found
[    0.094427] Faking a node at [mem 0x0000000000000000-0x000000007ffeffff]
[    0.094438] NODE_DATA(0) allocated [mem 0x7ffc5000-0x7ffeffff]
[    0.094699] Zone ranges:
[    0.094700]   DMA      [mem 0x0000000000001000-0x0000000000ffffff]
[    0.094701]   DMA32    [mem 0x0000000001000000-0x000000007ffeffff]
[    0.094702]   Normal   empty
[    0.094703]   Device   empty
[    0.094703] Movable zone start for each node
[    0.094705] Early memory node ranges
[    0.094706]   node   0: [mem 0x0000000000001000-0x000000000009efff]
[    0.094707]   node   0: [mem 0x0000000000100000-0x000000007ffeffff]
[    0.094710] Zeroed struct page in unavailable ranges: 114 pages
[    0.094711] Initmem setup node 0 [mem 0x0000000000001000-0x000000007ffeffff]
[    0.094712] On node 0 totalpages: 524174
[    0.094713]   DMA zone: 64 pages used for memmap
[    0.094714]   DMA zone: 21 pages reserved
[    0.094714]   DMA zone: 3998 pages, LIFO batch:0
[    0.094787]   DMA32 zone: 8128 pages used for memmap
[    0.094787]   DMA32 zone: 520176 pages, LIFO batch:63
[    0.103711] ACPI: PM-Timer IO Port: 0x4008
[    0.103714] ACPI: Local APIC address 0xfee00000
[    0.103778] IOAPIC[0]: apic_id 1, version 32, address 0xfec00000, GSI 0-23
[    0.103781] ACPI: INT_SRC_OVR (bus 0 bus_irq 0 global_irq 2 dfl dfl)
[    0.103783] ACPI: INT_SRC_OVR (bus 0 bus_irq 9 global_irq 9 low level)
[    0.103785] ACPI: IRQ0 used by override.
[    0.103786] ACPI: IRQ9 used by override.
[    0.103789] Using ACPI (MADT) for SMP configuration information
[    0.103795] smpboot: Allowing 1 CPUs, 0 hotplug CPUs
[    0.103815] PM: Registered nosave memory: [mem 0x00000000-0x00000fff]
[    0.103816] PM: Registered nosave memory: [mem 0x0009f000-0x0009ffff]
[    0.103817] PM: Registered nosave memory: [mem 0x000a0000-0x000effff]
[    0.103817] PM: Registered nosave memory: [mem 0x000f0000-0x000fffff]
[    0.103818] [mem 0x80000000-0xfebfffff] available for PCI devices
[    0.103819] Booting paravirtualized kernel on KVM
[    0.103822] clocksource: refined-jiffies: mask: 0xffffffff max_cycles: 0xffffffff, max_idle_ns: 7645519600211568 ns
[    0.103826] setup_percpu: NR_CPUS:8192 nr_cpumask_bits:1 nr_cpu_ids:1 nr_node_ids:1
[    0.104846] percpu: Embedded 60 pages/cpu s208896 r8192 d28672 u2097152
[    0.104850] pcpu-alloc: s208896 r8192 d28672 u2097152 alloc=1*2097152
[    0.104851] pcpu-alloc: [0] 0 
[    0.104877] Built 1 zonelists, mobility grouping on.  Total pages: 515961
[    0.104877] Policy zone: DMA32
[    0.104879] Kernel command line: BOOT_IMAGE=/boot/vmlinuz-5.4.243-mptcp root=UUID=98415a12-53b7-4144-8265-0f7ece09e445 ro quiet splash
[    0.105711] Dentry cache hash table entries: 262144 (order: 9, 2097152 bytes, linear)
[    0.105858] Inode-cache hash table entries: 131072 (order: 8, 1048576 bytes, linear)
[    0.105906] mem auto-init: stack:off, heap alloc:on, heap free:off
[    0.105909] Calgary: detecting Calgary via BIOS EBDA area
[    0.105909] Calgary: Unable to locate Rio Grande table in EBDA - bailing!
[    0.109937] Memory: 1967332K/2096696K available (14339K kernel code, 2398K rwdata, 4712K rodata, 2728K init, 17260K bss, 129364K reserved, 0K cma-reserved)
[    0.110851] SLUB: HWalign=64, Order=0-3, MinObjects=0, CPUs=1, Nodes=1
[    0.110868] ftrace: allocating 43186 entries in 169 pages
[    0.128855] rcu: Hierarchical RCU implementation.
[    0.128857] rcu: 	RCU restricting CPUs from NR_CPUS=8192 to nr_cpu_ids=1.
[    0.128858] 	Tasks RCU enabled.
[    0.128859] rcu: RCU calculated value of scheduler-enlistment delay is 25 jiffies.
[    0.128859] rcu: Adjusting geometry for rcu_fanout_leaf=16, nr_cpu_ids=1
[    0.131796] NR_IRQS: 524544, nr_irqs: 256, preallocated irqs: 16
[    0.131997] random: crng init done
[    0.141296] Console: colour VGA+ 80x25
[    0.141299] printk: console [tty0] enabled
[    0.141317] ACPI: Core revision 20190816
[    0.141409] APIC: Switch to symmetric I/O mode setup
[    0.141652] x2apic enabled
[    0.141887] Switched APIC routing to physical x2apic.
[    0.142998] ..TIMER: vector=0x30 apic1=0 pin1=2 apic2=-1 pin2=-1
[    0.143025] clocksource: tsc-early: mask: 0xffffffffffffffff max_cycles: 0x1e4530a99b6, max_idle_ns: 440795257976 ns
[    0.143029] Calibrating delay loop (skipped) preset value.. 4200.00 BogoMIPS (lpj=8400000)
[    0.143031] pid_max: default: 32768 minimum: 301
[    0.143059] LSM: Security Framework initializing
[    0.143068] Yama: becoming mindful.
[    0.143092] AppArmor: AppArmor initialized
[    0.143125] Mount-cache hash table entries: 4096 (order: 3, 32768 bytes, linear)
[    0.143129] Mountpoint-cache hash table entries: 4096 (order: 3, 32768 bytes, linear)
[    0.143140] *** VALIDATE tmpfs ***
[    0.143269] *** VALIDATE proc ***
[    0.143312] *** VALIDATE cgroup1 ***
[    0.143313] *** VALIDATE cgroup2 ***
[    0.143449] process: using mwait in idle threads
[    0.143454] Last level iTLB entries: 4KB 64, 2MB 8, 4MB 8
[    0.143455] Last level dTLB entries: 4KB 64, 2MB 0, 4MB 0, 1GB 4
[    0.143474] Spectre V1 : Mitigation: usercopy/swapgs barriers and __user pointer sanitization
[    0.143479] Spectre V2 : Mitigation: Retpolines
[    0.143480] Spectre V2 : Spectre v2 / SpectreRSB mitigation: Filling RSB on context switch
[    0.143480] Spectre V2 : Spectre v2 / SpectreRSB : Filling RSB on VMEXIT
[    0.143481] RETBleed: WARNING: Spectre v2 mitigation leaves CPU vulnerable to RETBleed attacks, data leaks possible!
[    0.143835] RETBleed: Vulnerable
[    0.143836] Speculative Store Bypass: Vulnerable
[    0.143841] TAA: Mitigation: TSX disabled
[    0.143841] MMIO Stale Data: Mitigation: Clear CPU buffers
[    0.148000] Freeing SMP alternatives memory: 40K
[    0.259934] smpboot: CPU0: Intel(R) Xeon(R) Silver 4216 CPU @ 2.10GHz (family: 0x6, model: 0x55, stepping: 0x7)
[    0.260034] Performance Events: unsupported p6 CPU model 85 no PMU driver, software events only.
[    0.260067] rcu: Hierarchical SRCU implementation.
[    0.260534] NMI watchdog: Perf NMI watchdog permanently disabled
[    0.260568] smp: Bringing up secondary CPUs ...
[    0.260569] smp: Brought up 1 node, 1 CPU
[    0.260570] smpboot: Max logical packages: 1
[    0.260571] smpboot: Total of 1 processors activated (4200.00 BogoMIPS)
[    0.261489] devtmpfs: initialized
[    0.261532] x86/mm: Memory block size: 128MB
[    0.261874] clocksource: jiffies: mask: 0xffffffff max_cycles: 0xffffffff, max_idle_ns: 7645041785100000 ns
[    0.261878] futex hash table entries: 256 (order: 2, 16384 bytes, linear)
[    0.261917] pinctrl core: initialized pinctrl subsystem
[    0.262012] PM: RTC time: 17:17:23, date: 2026-01-16
[    0.262112] NET: Registered protocol family 16
[    0.262185] audit: initializing netlink subsys (disabled)
[    0.262307] EISA bus registered
[    0.262308] cpuidle: using governor ladder
[    0.262309] cpuidle: using governor menu
[    0.262343] ACPI: bus type PCI registered
[    0.262344] acpiphp: ACPI Hot Plug PCI Controller Driver version: 0.5
[    0.262442] PCI: Using configuration type 1 for base access
[    0.263274] audit: type=2000 audit(1768555049.386:1): state=initialized audit_enabled=0 res=1
[    0.263349] HugeTLB registered 2.00 MiB page size, pre-allocated 0 pages
[    0.264132] ACPI: Added _OSI(Module Device)
[    0.264133] ACPI: Added _OSI(Processor Device)
[    0.264133] ACPI: Added _OSI(3.0 _SCP Extensions)
[    0.264134] ACPI: Added _OSI(Processor Aggregator Device)
[    0.264135] ACPI: Added _OSI(Linux-Dell-Video)
[    0.264136] ACPI: Added _OSI(Linux-Lenovo-NV-HDMI-Audio)
[    0.264137] ACPI: Added _OSI(Linux-HPI-Hybrid-Graphics)
[    0.266084] ACPI: 2 ACPI AML tables successfully acquired and loaded
[    0.267583] ACPI: Interpreter enabled
[    0.267592] ACPI: (supports S0 S5)
[    0.267593] ACPI: Using IOAPIC for interrupt routing
[    0.267797] PCI: Using host bridge windows from ACPI; if necessary, use "pci=nocrs" and report a bug
[    0.267904] ACPI: Enabled 2 GPEs in block 00 to 07
[    0.272664] ACPI: PCI Root Bridge [PCI0] (domain 0000 [bus 00-ff])
[    0.272669] acpi PNP0A03:00: _OSC: OS supports [ASPM ClockPM Segments MSI HPX-Type3]
[    0.273120] acpi PNP0A03:00: _OSC: not requesting OS control; OS requires [ExtendedConfig ASPM ClockPM MSI]
[    0.273128] acpi PNP0A03:00: fail to add MMCONFIG information, can't access extended PCI configuration space under this bridge.
[    0.273490] PCI host bridge to bus 0000:00
[    0.273493] pci_bus 0000:00: root bus resource [io  0x0000-0x0cf7 window]
[    0.273494] pci_bus 0000:00: root bus resource [io  0x0d00-0xffff window]
[    0.273495] pci_bus 0000:00: root bus resource [mem 0x000a0000-0x000bffff window]
[    0.273496] pci_bus 0000:00: root bus resource [mem 0x80000000-0xfdffffff window]
[    0.273497] pci_bus 0000:00: root bus resource [bus 00-ff]
[    0.273543] pci 0000:00:00.0: [8086:1237] type 00 class 0x060000
[    0.274455] pci 0000:00:01.0: [8086:7000] type 00 class 0x060100
[    0.275206] pci 0000:00:01.1: [8086:7111] type 00 class 0x01018a
[    0.275571] pci 0000:00:01.1: reg 0x20: [io  0xd000-0xd00f]
[    0.275722] pci 0000:00:01.1: legacy IDE quirk: reg 0x10: [io  0x01f0-0x01f7]
[    0.275722] pci 0000:00:01.1: legacy IDE quirk: reg 0x14: [io  0x03f6]
[    0.275723] pci 0000:00:01.1: legacy IDE quirk: reg 0x18: [io  0x0170-0x0177]
[    0.275724] pci 0000:00:01.1: legacy IDE quirk: reg 0x1c: [io  0x0376]
[    0.276255] pci 0000:00:02.0: [15ad:0405] type 00 class 0x030000
[    0.279104] pci 0000:00:02.0: reg 0x10: [io  0xd010-0xd01f]
[    0.281936] pci 0000:00:02.0: reg 0x14: [mem 0xe0000000-0xe7ffffff pref]
[    0.284895] pci 0000:00:02.0: reg 0x18: [mem 0xf0000000-0xf01fffff]
[    0.295687] pci 0000:00:03.0: [1022:2000] type 00 class 0x020000
[    0.296356] pci 0000:00:03.0: reg 0x10: [io  0xd020-0xd03f]
[    0.296975] pci 0000:00:03.0: reg 0x14: [mem 0xf0200000-0xf0200fff]
[    0.300396] pci 0000:00:04.0: [80ee:cafe] type 00 class 0x088000
[    0.301077] pci 0000:00:04.0: reg 0x10: [io  0xd040-0xd05f]
[    0.301691] pci 0000:00:04.0: reg 0x14: [mem 0xf0400000-0xf07fffff]
[    0.302306] pci 0000:00:04.0: reg 0x18: [mem 0xf0800000-0xf0803fff pref]
[    0.305542] pci 0000:00:07.0: [8086:7113] type 00 class 0x068000
[    0.306070] pci 0000:00:07.0: quirk: [io  0x4000-0x403f] claimed by PIIX4 ACPI
[    0.306079] pci 0000:00:07.0: quirk: [io  0x4100-0x410f] claimed by PIIX4 SMB
[    0.307567] pci 0000:00:08.0: [1022:2000] type 00 class 0x020000
[    0.308231] pci 0000:00:08.0: reg 0x10: [io  0xd060-0xd07f]
[    0.308838] pci 0000:00:08.0: reg 0x14: [mem 0xf0804000-0xf0804fff]
[    0.312415] pci 0000:00:09.0: [8086:100e] type 00 class 0x020000
[    0.313115] pci 0000:00:09.0: reg 0x10: [mem 0xf0820000-0xf083ffff]
[    0.314327] pci 0000:00:09.0: reg 0x18: [io  0xd080-0xd087]
[    0.323993] ACPI: PCI Interrupt Link [LNKA] (IRQs 5 9 10 *11)
[    0.324274] ACPI: PCI Interrupt Link [LNKB] (IRQs 5 9 *10 11)
[    0.324381] ACPI: PCI Interrupt Link [LNKC] (IRQs 5 *9 10 11)
[    0.324484] ACPI: PCI Interrupt Link [LNKD] (IRQs 5 9 10 *11)
[    0.324712] iommu: Default domain type: Translated 
[    0.324767] pci 0000:00:02.0: vgaarb: setting as boot VGA device
[    0.324769] pci 0000:00:02.0: vgaarb: VGA device added: decodes=io+mem,owns=io+mem,locks=none
[    0.324770] pci 0000:00:02.0: vgaarb: bridge control possible
[    0.324771] vgaarb: loaded
[    0.324967] SCSI subsystem initialized
[    0.324995] libata version 3.00 loaded.
[    0.325020] ACPI: bus type USB registered
[    0.325034] usbcore: registered new interface driver usbfs
[    0.325040] usbcore: registered new interface driver hub
[    0.325046] usbcore: registered new device driver usb
[    0.325070] pps_core: LinuxPPS API ver. 1 registered
[    0.325070] pps_core: Software ver. 5.3.6 - Copyright 2005-2007 Rodolfo Giometti <giometti@linux.it>
[    0.325072] PTP clock support registered
[    0.325107] EDAC MC: Ver: 3.0.0
[    0.325375] PCI: Using ACPI for IRQ routing
[    0.325376] PCI: pci_cache_line_size set to 64 bytes
[    0.325546] e820: reserve RAM buffer [mem 0x0009fc00-0x0009ffff]
[    0.325549] e820: reserve RAM buffer [mem 0x7fff0000-0x7fffffff]
[    0.327041] NetLabel: Initializing
[    0.327042] NetLabel:  domain hash size = 128
[    0.327042] NetLabel:  protocols = UNLABELED CIPSOv4 CALIPSO
[    0.327061] NetLabel:  unlabeled traffic allowed by default
[    0.327951] clocksource: Switched to clocksource kvm-clock
[    0.341243] *** VALIDATE bpf ***
[    0.341294] VFS: Disk quotas dquot_6.6.0
[    0.341305] VFS: Dquot-cache hash table entries: 512 (order 0, 4096 bytes)
[    0.341326] *** VALIDATE ramfs ***
[    0.341329] *** VALIDATE hugetlbfs ***
[    0.341408] AppArmor: AppArmor Filesystem Enabled
[    0.341430] pnp: PnP ACPI init
[    0.341489] pnp 00:00: Plug and Play ACPI device, IDs PNP0303 (active)
[    0.341572] pnp 00:01: Plug and Play ACPI device, IDs PNP0f03 (active)
[    0.342323] pnp: PnP ACPI: found 2 devices
[    0.343342] thermal_sys: Registered thermal governor 'fair_share'
[    0.343343] thermal_sys: Registered thermal governor 'bang_bang'
[    0.343343] thermal_sys: Registered thermal governor 'step_wise'
[    0.343344] thermal_sys: Registered thermal governor 'user_space'
[    0.343345] thermal_sys: Registered thermal governor 'power_allocator'
[    0.347872] clocksource: acpi_pm: mask: 0xffffff max_cycles: 0xffffff, max_idle_ns: 2085701024 ns
[    0.347910] pci_bus 0000:00: resource 4 [io  0x0000-0x0cf7 window]
[    0.347911] pci_bus 0000:00: resource 5 [io  0x0d00-0xffff window]
[    0.347912] pci_bus 0000:00: resource 6 [mem 0x000a0000-0x000bffff window]
[    0.347914] pci_bus 0000:00: resource 7 [mem 0x80000000-0xfdffffff window]
[    0.347967] NET: Registered protocol family 2
[    0.348038] IP idents hash table entries: 32768 (order: 6, 262144 bytes, linear)
[    0.348433] MPTCP tokens hash table entries: 8192 (order: 4, 65536 bytes, linear)
[    0.348452] MPTCP request tokens hash table entries: 8192 (order: 4, 65536 bytes, linear)
[    0.348477] default registered
[    0.348478] default registered
[    0.348478] MPTCP: Stable release v0.96
[    0.348483] tcp_listen_portaddr_hash hash table entries: 1024 (order: 2, 16384 bytes, linear)
[    0.348559] TCP established hash table entries: 16384 (order: 5, 131072 bytes, linear)
[    0.348622] TCP bind hash table entries: 16384 (order: 6, 262144 bytes, linear)
[    0.348648] TCP: Hash tables configured (established 16384 bind 16384)
[    0.349338] UDP hash table entries: 1024 (order: 3, 32768 bytes, linear)
[    0.349350] UDP-Lite hash table entries: 1024 (order: 3, 32768 bytes, linear)
[    0.349382] NET: Registered protocol family 1
[    0.349390] NET: Registered protocol family 44
[    0.349409] pci 0000:00:00.0: Limiting direct PCI/PCI transfers
[    0.349421] pci 0000:00:01.0: Activating ISA DMA hang workarounds
[    0.349478] pci 0000:00:02.0: Video device with shadowed ROM at [mem 0x000c0000-0x000dffff]
[    0.349539] PCI: CLS 0 bytes, default 64
[    0.349582] Trying to unpack rootfs image as initramfs...
[    0.515254] Freeing initrd memory: 47868K
[    0.515254] clocksource: tsc: mask: 0xffffffffffffffff max_cycles: 0x1e4530a99b6, max_idle_ns: 440795257976 ns
[    0.515254] clocksource: Switched to clocksource tsc
[    0.515254] platform rtc_cmos: registered platform RTC device (no PNP device found)
[    0.515254] check: Scanning for low memory corruption every 60 seconds
[    0.515254] Initialise system trusted keyrings
[    0.515254] Key type blacklist registered
[    0.515254] workingset: timestamp_bits=36 max_order=19 bucket_order=0
[    0.515254] zbud: loaded
[    0.515254] squashfs: version 4.0 (2009/01/31) Phillip Lougher
[    0.515254] fuse: init (API version 7.31)
[    0.515254] *** VALIDATE fuse ***
[    0.515254] *** VALIDATE fuse ***
[    0.515254] Platform Keyring initialized
[    0.529925] Key type asymmetric registered
[    0.529926] Asymmetric key parser 'x509' registered
[    0.529936] Block layer SCSI generic (bsg) driver version 0.4 loaded (major 244)
[    0.529972] io scheduler mq-deadline registered
[    0.530091] shpchp: Standard Hot Plug PCI Controller Driver version: 0.4
[    0.530302] ACPI: AC Adapter [AC] (on-line)
[    0.530346] input: Power Button as /devices/LNXSYSTM:00/LNXPWRBN:00/input/input0
[    0.530374] ACPI: Power Button [PWRF]
[    0.530453] input: Sleep Button as /devices/LNXSYSTM:00/LNXSLPBN:00/input/input1
[    0.530468] ACPI: Sleep Button [SLPF]
[    0.530718] Serial: 8250/16550 driver, 32 ports, IRQ sharing enabled
[    0.531913] Linux agpgart interface v0.103
[    0.627080] loop: module loaded
[    0.627225] ata_piix 0000:00:01.1: version 2.13
[    0.627626] scsi host0: ata_piix
[    0.627716] scsi host1: ata_piix
[    0.627743] ata1: PATA max UDMA/33 cmd 0x1f0 ctl 0x3f6 bmdma 0xd000 irq 14
[    0.627744] ata2: PATA max UDMA/33 cmd 0x170 ctl 0x376 bmdma 0xd008 irq 15
[    0.627821] tun: Universal TUN/TAP device driver, 1.6
[    0.628132] PPP generic driver version 2.4.2
[    0.628174] VFIO - User Level meta-driver version: 0.3
[    0.628407] ehci_hcd: USB 2.0 'Enhanced' Host Controller (EHCI) Driver
[    0.628411] ehci-pci: EHCI PCI platform driver
[    0.628424] ehci-platform: EHCI generic platform driver
[    0.628430] ohci_hcd: USB 1.1 'Open' Host Controller (OHCI) Driver
[    0.628432] ohci-pci: OHCI PCI platform driver
[    0.628439] ohci-platform: OHCI generic platform driver
[    0.628443] uhci_hcd: USB Universal Host Controller Interface driver
[    0.628508] i8042: PNP: PS/2 Controller [PNP0303:PS2K,PNP0f03:PS2M] at 0x60,0x64 irq 1,12
[    0.628948] serio: i8042 KBD port at 0x60,0x64 irq 1
[    0.628951] serio: i8042 AUX port at 0x60,0x64 irq 12
[    0.629036] mousedev: PS/2 mouse device common for all mice
[    0.629291] input: AT Translated Set 2 keyboard as /devices/platform/i8042/serio0/input/input2
[    0.629691] rtc_cmos rtc_cmos: registered as rtc0
[    0.629705] rtc_cmos rtc_cmos: alarms up to one day, 114 bytes nvram
[    0.629710] i2c /dev entries driver
[    0.629753] device-mapper: uevent: version 1.0.3
[    0.629795] device-mapper: ioctl: 4.41.0-ioctl (2019-09-16) initialised: dm-devel@redhat.com
[    0.629810] platform eisa.0: Probing EISA bus 0
[    0.629811] platform eisa.0: EISA: Cannot allocate resource for mainboard
[    0.629812] platform eisa.0: Cannot allocate resource for EISA slot 1
[    0.629814] platform eisa.0: Cannot allocate resource for EISA slot 2
[    0.629815] platform eisa.0: Cannot allocate resource for EISA slot 3
[    0.629816] platform eisa.0: Cannot allocate resource for EISA slot 4
[    0.629816] platform eisa.0: Cannot allocate resource for EISA slot 5
[    0.629817] platform eisa.0: Cannot allocate resource for EISA slot 6
[    0.629818] platform eisa.0: Cannot allocate resource for EISA slot 7
[    0.629819] platform eisa.0: Cannot allocate resource for EISA slot 8
[    0.629820] platform eisa.0: EISA: Detected 0 cards
[    0.629824] intel_pstate: CPU model not supported
[    0.629832] ledtrig-cpu: registered to indicate activity on CPUs
[    0.629886] drop_monitor: Initializing network drop monitor service
[    0.630043] NET: Registered protocol family 10
[    0.635066] Segment Routing with IPv6
[    0.635066] fullmesh registered
[    0.635066] ndiffports registered
[    0.635066] binder registered
[    0.635066] roundrobin registered
[    0.635066] redundant registered
[    0.635066] blest registered
[    0.635066] ecf registered
[    0.635066] NET: Registered protocol family 17
[    0.635066] Key type dns_resolver registered
[    0.635066] RAS: Correctable Errors collector initialized.
[    0.635066] IPI shorthand broadcast: enabled
[    0.635066] sched_clock: Marking stable (620027982, 11038849)->(631544711, -477880)
[    0.635370] registered taskstats version 1
[    0.635378] Loading compiled-in X.509 certificates
[    0.635966] Loaded X.509 cert 'Build time autogenerated kernel key: 6909f3744cebb3d0de528d5887b96a727de79b1e'
[    0.635984] zswap: loaded using pool lzo/zbud
[    0.636036] Key type ._fscrypt registered
[    0.636037] Key type .fscrypt registered
[    0.640512] Key type big_key registered
[    0.642702] Key type encrypted registered
[    0.642705] AppArmor: AppArmor sha1 policy hashing enabled
[    0.642712] ima: No TPM chip found, activating TPM-bypass!
[    0.642715] ima: Allocated hash algorithm: sha1
[    0.642721] ima: No architecture policies found
[    0.642729] evm: Initialising EVM extended attributes:
[    0.642730] evm: security.selinux
[    0.642730] evm: security.SMACK64
[    0.642731] evm: security.SMACK64EXEC
[    0.642731] evm: security.SMACK64TRANSMUTE
[    0.642732] evm: security.SMACK64MMAP
[    0.642732] evm: security.apparmor
[    0.642732] evm: security.ima
[    0.642733] evm: security.capability
[    0.642733] evm: HMAC attrs: 0x1
[    0.643026] PM:   Magic number: 10:693:289
[    0.643045] tty tty22: hash matches
[    0.643144] rtc_cmos rtc_cmos: setting system clock to 2026-01-16T17:17:24 UTC (1768583844)
[    0.800180] ata1.00: ATA-6: VBOX HARDDISK, 1.0, max UDMA/133
[    0.800183] ata1.00: 209715200 sectors, multi 128: LBA 
[    0.800845] scsi 0:0:0:0: Direct-Access     ATA      VBOX HARDDISK    1.0  PQ: 0 ANSI: 5
[    0.801135] sd 0:0:0:0: [sda] 209715200 512-byte logical blocks: (107 GB/100 GiB)
[    0.801148] sd 0:0:0:0: [sda] Write Protect is off
[    0.801151] sd 0:0:0:0: [sda] Mode Sense: 00 3a 00 00
[    0.801171] sd 0:0:0:0: [sda] Write cache: enabled, read cache: enabled, doesn't support DPO or FUA
[    0.801406] sd 0:0:0:0: Attached scsi generic sg0 type 0
[    0.802341]  sda: sda1 sda2
[    0.811377] sd 0:0:0:0: [sda] Attached SCSI disk
[    0.816662] Freeing unused decrypted memory: 2040K
[    0.818014] Freeing unused kernel image memory: 2728K
[    0.818018] Write protecting the kernel read-only data: 22528k
[    0.819505] Freeing unused kernel image memory: 2036K
[    0.820315] Freeing unused kernel image memory: 1432K
[    0.856272] x86/mm: Checked W+X mappings: passed, no W+X pages found.
[    0.856277] Run /init as init process
[    0.963644] ACPI: Video Device [GFX0] (multi-head: yes  rom: no  post: no)
[    0.963717] input: Video Bus as /devices/LNXSYSTM:00/LNXSYBUS:00/PNP0A03:00/LNXVIDEO:00/input/input4
[    0.975448] pcnet32: pcnet32.c:v1.35 21.Apr.2008 tsbogend@alpha.franken.de
[    0.977094] piix4_smbus 0000:00:07.0: SMBus Host Controller at 0x4100, revision 0
[    0.982774] e1000: Intel(R) PRO/1000 Network Driver - version 7.3.21-k8-NAPI
[    0.982774] e1000: Copyright (c) 1999-2006 Intel Corporation.
[    0.983983] pcnet32: PCnet/FAST III 79C973 at 0xd020, 08:00:27:5e:f0:82 assigned IRQ 19
[    0.984028] pcnet32: Found PHY 0022:561b at address 0
[    0.984347] pcnet32: eth0: registered as PCnet/FAST III 79C973
[    0.994884] pcnet32: PCnet/FAST III 79C973 at 0xd060, 08:00:27:ec:f0:c5 assigned IRQ 16
[    0.994930] pcnet32: Found PHY 0022:561b at address 0
[    0.995260] pcnet32: eth1: registered as PCnet/FAST III 79C973
[    1.002085] pcnet32: 2 cards_found
[    1.057093] pcnet32 0000:00:03.0 enp0s3: renamed from eth0
[    1.058679] pcnet32 0000:00:08.0 enp0s8: renamed from eth1
[    1.198221] input: ImExPS/2 Generic Explorer Mouse as /devices/platform/i8042/serio1/input/input5
[    1.391464] e1000 0000:00:09.0 eth0: (PCI:33MHz:32-bit) 08:00:27:ad:c6:99
[    1.391467] e1000 0000:00:09.0 eth0: Intel(R) PRO/1000 Network Connection
[    1.392401] e1000 0000:00:09.0 enp0s9: renamed from eth0
[    1.545350] EXT4-fs (sda2): mounted filesystem with ordered data mode. Opts: (null)
[    1.637649] systemd[1]: Inserted module 'autofs4'
[    1.650665] systemd[1]: systemd 245.4-4ubuntu3 running in system mode. (+PAM +AUDIT +SELINUX +IMA +APPARMOR +SMACK +SYSVINIT +UTMP +LIBCRYPTSETUP +GCRYPT +GNUTLS +ACL +XZ +LZ4 +SECCOMP +BLKID +ELFUTILS +KMOD +IDN2 -IDN +PCRE2 default-hierarchy=hybrid)
[    1.650694] systemd[1]: Detected virtualization oracle.
[    1.650697] systemd[1]: Detected architecture x86-64.
[    1.652036] systemd[1]: Set hostname to <ztg>.
[    1.773577] systemd[1]: /lib/systemd/system/dbus.socket:5: ListenStream= references a path below legacy directory /var/run/, updating /var/run/dbus/system_bus_socket â†’ /run/dbus/system_bus_socket; please update the unit file accordingly.
[    1.825372] systemd[1]: Created slice system-modprobe.slice.
[    1.825553] systemd[1]: Created slice User and Session Slice.
[    1.825596] systemd[1]: Started Forward Password Requests to Wall Directory Watch.
[    1.825746] systemd[1]: Set up automount Arbitrary Executable File Formats File System Automount Point.
[    1.825782] systemd[1]: Reached target User and Group Name Lookups.
[    1.825790] systemd[1]: Reached target Remote File Systems.
[    1.825797] systemd[1]: Reached target Slices.
[    1.826352] systemd[1]: Listening on Syslog Socket.
[    1.826419] systemd[1]: Listening on fsck to fsckd communication Socket.
[    1.826455] systemd[1]: Listening on initctl Compatibility Named Pipe.
[    1.826585] systemd[1]: Listening on Journal Audit Socket.
[    1.826638] systemd[1]: Listening on Journal Socket (/dev/log).
[    1.826706] systemd[1]: Listening on Journal Socket.
[    1.826770] systemd[1]: Listening on udev Control Socket.
[    1.826811] systemd[1]: Listening on udev Kernel Socket.
[    1.827552] systemd[1]: Mounting Huge Pages File System...
[    1.828439] systemd[1]: Mounting POSIX Message Queue File System...
[    1.829265] systemd[1]: Mounting Kernel Debug File System...
[    1.830067] systemd[1]: Mounting Kernel Trace File System...
[    1.831925] systemd[1]: Starting Journal Service...
[    1.853667] systemd[1]: Starting Set the console keyboard layout...
[    1.861286] systemd[1]: Starting Create list of static device nodes for the current kernel...
[    1.863042] systemd[1]: Starting Load Kernel Module drm...
[    1.864417] systemd[1]: Condition check resulted in Set Up Additional Binary Formats being skipped.
[    1.864461] systemd[1]: Condition check resulted in File System Check on Root Device being skipped.
[    1.870563] systemd[1]: Starting Load Kernel Modules...
[    1.882944] systemd[1]: Starting Remount Root and Kernel File Systems...
[    1.891465] systemd[1]: Starting udev Coldplug all Devices...
[    1.900199] systemd[1]: Starting Uncomplicated firewall...
[    1.901966] systemd[1]: Mounted Huge Pages File System.
[    1.902050] systemd[1]: Mounted POSIX Message Queue File System.
[    1.902121] systemd[1]: Mounted Kernel Debug File System.
[    1.902185] systemd[1]: Mounted Kernel Trace File System.
[    1.904101] EXT4-fs (sda2): re-mounted. Opts: errors=remount-ro
[    1.942956] systemd[1]: Finished Create list of static device nodes for the current kernel.
[    1.943792] systemd[1]: modprobe@drm.service: Succeeded.
[    1.951322] lp: driver loaded but no devices found
[    1.951707] systemd[1]: Finished Load Kernel Module drm.
[    1.952909] systemd[1]: Finished Remount Root and Kernel File Systems.
[    1.954857] systemd[1]: Finished Uncomplicated firewall.
[    1.971169] ppdev: user-space parallel port driver
[    1.973638] systemd[1]: Condition check resulted in Rebuild Hardware Database being skipped.
[    1.973673] systemd[1]: Condition check resulted in Platform Persistent Storage Archival being skipped.
[    1.974475] systemd[1]: Starting Load/Save Random Seed...
[    1.982132] systemd[1]: Starting Create System Users...
[    1.996296] systemd[1]: Finished Load/Save Random Seed.
[    1.998049] systemd[1]: Finished Create System Users.
[    1.998725] systemd[1]: Starting Create Static Device Nodes in /dev...
[    2.046711] systemd[1]: Finished udev Coldplug all Devices.
[    2.053851] systemd[1]: Finished Create Static Device Nodes in /dev.
[    2.054575] systemd[1]: Starting udev Kernel Device Manager...
[    2.078087] [drm] DMA map mode: Caching DMA mappings.
[    2.078160] [drm] Capabilities:
[    2.078160] [drm]   Rect copy.
[    2.078161] [drm]   Cursor.
[    2.078161] [drm]   Cursor bypass.
[    2.078162] [drm]   Cursor bypass 2.
[    2.078162] [drm]   Alpha cursor.
[    2.078162] [drm]   Extended Fifo.
[    2.078163] [drm]   Pitchlock.
[    2.078163] [drm]   Irq mask.
[    2.078163] [drm]   GMR.
[    2.078164] [drm]   Traces.
[    2.078164] [drm]   GMR2.
[    2.078164] [drm]   Screen Object 2.
[    2.078165] [drm]   Command Buffers.
[    2.078165] [drm]   Command Buffers 2.
[    2.078165] [drm]   Guest Backed Resources.
[    2.078166] [drm] Max GMR ids is 8192
[    2.078167] [drm] Max number of GMR pages is 1048576
[    2.078167] [drm] Max dedicated hypervisor surface memory is 393216 kiB
[    2.078168] [drm] Maximum display memory size is 131072 kiB
[    2.078169] [drm] VRAM at 0xe0000000 size is 131072 kiB
[    2.078169] [drm] MMIO at 0xf0000000 size is 2048 kiB
[    2.078651] [TTM] Zone  kernel: Available graphics memory: 1011738 KiB
[    2.078651] [TTM] Initializing pool allocator
[    2.078654] [TTM] Initializing DMA pool allocator
[    2.078681] [drm] Supports vblank timestamp caching Rev 2 (21.10.2013).
[    2.078681] [drm] No driver support for vblank timestamp query.
[    2.078929] [drm] Screen Target Display device initialized
[    2.079140] [drm] width 720
[    2.079148] [drm] height 400
[    2.079152] [drm] bpp 32
[    2.079627] [drm] Fifo max 0x00200000 min 0x00001000 cap 0x00000355
[    2.080782] [drm] Using command buffers with DMA pool.
[    2.080788] [drm] DX: no.
[    2.080788] [drm] Atomic: yes.
[    2.080789] [drm] SM4_1: no.
[    2.080806] [drm:vmw_host_log [vmwgfx]] *ERROR* Failed to send host log message.
[    2.081684] [drm:vmw_host_log [vmwgfx]] *ERROR* Failed to send host log message.
[    2.108672] fbcon: svgadrmfb (fb0) is primary device
[    2.115330] Console: switching to colour frame buffer device 100x37
[    2.117407] systemd[1]: Finished Set the console keyboard layout.
[    2.117510] systemd[1]: Reached target Local File Systems (Pre).
[    2.121471] systemd[1]: Mounting Mount unit for bare, revision 5...
[    2.124563] [drm] Initialized vmwgfx 2.15.0 20180704 for 0000:00:02.0 on minor 0
[    2.125874] systemd[1]: Mounting Mount unit for core18, revision 1705...
[    2.133692] systemd[1]: Mounting Mount unit for gnome-3-34-1804, revision 24...
[    2.167408] systemd[1]: Mounting Mount unit for gtk-common-themes, revision 1506...
[    2.172262] systemd[1]: Mounting Mount unit for gtk-common-themes, revision 1535...
[    2.180793] systemd[1]: Mounting Mount unit for snap-store, revision 433...
[    2.190247] systemd[1]: Mounting Mount unit for snapd, revision 25935...
[    2.194064] systemd[1]: Finished Load Kernel Modules.
[    2.195540] systemd[1]: Mounting FUSE Control File System...
[    2.202899] systemd[1]: Mounting Kernel Configuration File System...
[    2.204253] systemd[1]: Starting Apply Kernel Variables...
[    2.205247] systemd[1]: Mounted FUSE Control File System.
[    2.205321] systemd[1]: Condition check resulted in VMware vmblock fuse mount being skipped.
[    2.236468] systemd[1]: Mounted Mount unit for core18, revision 1705.
[    2.236558] systemd[1]: Mounted Kernel Configuration File System.
[    2.246166] systemd[1]: Mounted Mount unit for bare, revision 5.
[    2.246252] systemd[1]: Mounted Mount unit for gnome-3-34-1804, revision 24.
[    2.248739] systemd[1]: Finished Apply Kernel Variables.
[    2.261199] systemd[1]: Mounted Mount unit for gtk-common-themes, revision 1506.
[    2.281648] systemd[1]: Mounted Mount unit for snap-store, revision 433.
[    2.298533] systemd[1]: Started udev Kernel Device Manager.
[    2.299222] systemd[1]: Starting Show Plymouth Boot Screen...
[    2.303386] systemd[1]: Received SIGRTMIN+20 from PID 287 (plymouthd).
[    2.322624] systemd[1]: Started Show Plymouth Boot Screen.
[    2.322755] systemd[1]: Condition check resulted in Dispatch Password Requests to Console Directory Watch being skipped.
[    2.322834] systemd[1]: Started Forward Password Requests to Plymouth Directory Watch.
[    2.322864] systemd[1]: Reached target Local Encrypted Volumes.
[    2.340446] systemd[1]: Mounted Mount unit for gtk-common-themes, revision 1535.
[    2.340660] systemd[1]: Mounted Mount unit for snapd, revision 25935.
[    2.340807] systemd[1]: Reached target Local File Systems.
[    2.341527] systemd[1]: Starting Load AppArmor profiles...
[    2.343851] systemd[1]: Starting Set console font and keymap...
[    2.354953] systemd[1]: Starting Tell Plymouth To Write Out Runtime Data...
[    2.356319] systemd[1]: Condition check resulted in Store a System Token in an EFI Variable being skipped.
[    2.356346] systemd[1]: Condition check resulted in Commit a transient machine-id on disk being skipped.
[    2.360288] systemd[1]: Received SIGRTMIN+20 from PID 287 (plymouthd).
[    2.361480] systemd[1]: Finished Set console font and keymap.
[    2.361796] systemd[1]: plymouth-read-write.service: Succeeded.
[    2.363564] systemd[1]: Finished Tell Plymouth To Write Out Runtime Data.
[    2.402994] audit: type=1400 audit(1768583846.252:2): apparmor="STATUS" operation="profile_load" profile="unconfined" name="nvidia_modprobe" pid=299 comm="apparmor_parser"
[    2.402997] audit: type=1400 audit(1768583846.252:3): apparmor="STATUS" operation="profile_load" profile="unconfined" name="nvidia_modprobe//kmod" pid=299 comm="apparmor_parser"
[    2.409866] audit: type=1400 audit(1768583846.260:4): apparmor="STATUS" operation="profile_load" profile="unconfined" name="/usr/sbin/tcpdump" pid=300 comm="apparmor_parser"
[    2.442696] audit: type=1400 audit(1768583846.288:5): apparmor="STATUS" operation="profile_load" profile="unconfined" name="/usr/bin/evince" pid=302 comm="apparmor_parser"
[    2.442698] audit: type=1400 audit(1768583846.288:6): apparmor="STATUS" operation="profile_load" profile="unconfined" name="/usr/bin/evince//sanitized_helper" pid=302 comm="apparmor_parser"
[    2.442700] audit: type=1400 audit(1768583846.288:7): apparmor="STATUS" operation="profile_load" profile="unconfined" name="/usr/bin/evince-previewer" pid=302 comm="apparmor_parser"
[    2.442701] audit: type=1400 audit(1768583846.288:8): apparmor="STATUS" operation="profile_load" profile="unconfined" name="/usr/bin/evince-previewer//sanitized_helper" pid=302 comm="apparmor_parser"
[    2.442703] audit: type=1400 audit(1768583846.288:9): apparmor="STATUS" operation="profile_load" profile="unconfined" name="/usr/bin/evince-thumbnailer" pid=302 comm="apparmor_parser"
[    2.472865] audit: type=1400 audit(1768583846.328:10): apparmor="STATUS" operation="profile_load" profile="unconfined" name="/usr/lib/cups/backend/cups-pdf" pid=303 comm="apparmor_parser"
[    2.534080] systemd[1]: Finished Load AppArmor profiles.
[    2.534982] systemd[1]: Starting Load AppArmor profiles managed internally by snapd...
[    2.651383] systemd[1]: Finished Load AppArmor profiles managed internally by snapd.
[    2.758609] systemd[1]: Started Journal Service.
[    2.767403] systemd-journald[229]: Received client request to flush runtime journal.
[    2.771254] systemd-journald[229]: File /var/log/journal/c455b248004a419c87ce85eea238d727/system.journal corrupted or uncleanly shut down, renaming and replacing.
[    4.067407] RAPL PMU: API unit is 2^-32 Joules, 0 fixed counters, 10737418240 ms ovfl timer
[    4.132647] cryptd: max_cpu_qlen set to 1000
[    4.185426] AVX2 version of gcm_enc/dec engaged.
[    4.185426] AES CTR mode by8 optimization enabled
[    6.008226] Adding 1998844k swap on /dev/sda1.  Priority:-2 extents:1 across:1998844k FS
[    7.671127] kauditd_printk_skb: 30 callbacks suppressed
[    7.671128] audit: type=1400 audit(1768583851.520:41): apparmor="DENIED" operation="capable" profile="/usr/sbin/cups-browsed" pid=507 comm="cups-browsed" capability=23  capname="sys_nice"
[    8.501866] pcnet32 0000:00:03.0 enp0s3: link up, 100Mbps, full-duplex
[    8.521777] pcnet32 0000:00:08.0 enp0s8: link up, 100Mbps, full-duplex
[    8.559500] e1000: enp0s9 NIC Link is Up 1000 Mbps Full Duplex, Flow Control: RX
[    8.559789] IPv6: ADDRCONF(NETDEV_CHANGE): enp0s9: link becomes ready
[    9.089236] device enp0s8 entered promiscuous mode
[    9.120380] device enp0s3 entered promiscuous mode
[    9.146792] audit: type=1400 audit(1768583853.000:42): apparmor="DENIED" operation="open" profile="/usr/sbin/tcpdump" name="/proc/sys/kernel/random/boot_id" pid=647 comm="tcpdump" requested_mask="r" denied_mask="r" fsuid=0 ouid=0
[    9.147626] audit: type=1400 audit(1768583853.000:43): apparmor="DENIED" operation="open" profile="/usr/sbin/tcpdump" name="/proc/sys/kernel/random/boot_id" pid=647 comm="tcpdump" requested_mask="r" denied_mask="r" fsuid=0 ouid=0
[    9.148184] audit: type=1400 audit(1768583853.000:44): apparmor="DENIED" operation="open" profile="/usr/sbin/tcpdump" name="/proc/sys/kernel/random/boot_id" pid=647 comm="tcpdump" requested_mask="r" denied_mask="r" fsuid=0 ouid=0
[    9.149040] audit: type=1400 audit(1768583853.000:45): apparmor="DENIED" operation="open" profile="/usr/sbin/tcpdump" name="/proc/sys/kernel/random/boot_id" pid=647 comm="tcpdump" requested_mask="r" denied_mask="r" fsuid=0 ouid=0
[    9.151695] audit: type=1400 audit(1768583853.008:46): apparmor="DENIED" operation="open" profile="/usr/sbin/tcpdump" name="/proc/sys/kernel/random/boot_id" pid=648 comm="tcpdump" requested_mask="r" denied_mask="r" fsuid=0 ouid=0
[    9.152934] audit: type=1400 audit(1768583853.008:47): apparmor="DENIED" operation="open" profile="/usr/sbin/tcpdump" name="/proc/sys/kernel/random/boot_id" pid=648 comm="tcpdump" requested_mask="r" denied_mask="r" fsuid=0 ouid=0
[    9.152976] audit: type=1400 audit(1768583853.008:48): apparmor="DENIED" operation="open" profile="/usr/sbin/tcpdump" name="/proc/sys/kernel/random/boot_id" pid=648 comm="tcpdump" requested_mask="r" denied_mask="r" fsuid=0 ouid=0
[    9.153036] audit: type=1400 audit(1768583853.008:49): apparmor="DENIED" operation="open" profile="/usr/sbin/tcpdump" name="/proc/sys/kernel/random/boot_id" pid=648 comm="tcpdump" requested_mask="r" denied_mask="r" fsuid=0 ouid=0
[    9.153201] audit: type=1400 audit(1768583853.008:50): apparmor="DENIED" operation="open" profile="/usr/sbin/tcpdump" name="/proc/sys/kernel/random/boot_id" pid=650 comm="tcpdump" requested_mask="r" denied_mask="r" fsuid=0 ouid=0
[   15.060960] rfkill: input handler disabled
[  254.052652] AAAAA-TCP_RECV: name:enp0s8: saddr:100932208: daddr:16783984: srtt_us:0: RTT:0: ssthresh:2147483647: cwnd:10: delivered:0: lost:0: retrans:0
[  254.052708] AAAAA-TCP_SEND: name:enp0s8: saddr:16783984: daddr:100932208: srtt_us:0: RTT:0: ssthresh:0: cwnd:0: delivered:0: lost:0: retrans:0
[  255.055094] AAAAA-TCP_SEND: name:enp0s8: saddr:16783984: daddr:100932208: srtt_us:0: RTT:0: ssthresh:0: cwnd:0: delivered:0: lost:0: retrans:0
[  255.083298] AAAAA-TCP_RECV: name:enp0s8: saddr:100932208: daddr:16783984: srtt_us:0: RTT:0: ssthresh:2147483647: cwnd:10: delivered:0: lost:0: retrans:0
[  255.083332] AAAAA-TCP_SEND: name:enp0s8: saddr:16783984: daddr:100932208: srtt_us:0: RTT:0: ssthresh:0: cwnd:0: delivered:0: lost:0: retrans:0
[  255.408688] AAAAA-TCP_RECV: name:enp0s8: saddr:100932208: daddr:16783984: srtt_us:0: RTT:0: ssthresh:2147483647: cwnd:10: delivered:0: lost:0: retrans:0
[  255.427011] AAAAA-TCP_SEND: name:enp0s8: saddr:16783984: daddr:100932208: srtt_us:2749248: RTT:343656: ssthresh:2147483647: cwnd:10: delivered:1: lost:0: retrans:0
[  255.454069] AAAAA-TCP_RECV: name:enp0s8: saddr:100932208: daddr:16783984: srtt_us:2749248: RTT:343656: ssthresh:2147483647: cwnd:10: delivered:1: lost:0: retrans:0
[  255.454103] AAAAA-TCP_SEND: name:enp0s8: saddr:16783984: daddr:100932208: srtt_us:2749248: RTT:343656: ssthresh:2147483647: cwnd:10: delivered:1: lost:0: retrans:0
[  255.454255] AAAAA-TCP_SEND: name:enp0s8: saddr:16783984: daddr:100932208: srtt_us:2749248: RTT:343656: ssthresh:2147483647: cwnd:10: delivered:1: lost:0: retrans:0
[  255.799888] AAAAA-TCP_RECV: name:enp0s3: saddr:100932208: daddr:33561200: srtt_us:0: RTT:0: ssthresh:2147483647: cwnd:10: delivered:0: lost:0: retrans:0
[  255.799929] AAAAA-TCP_SEND: name:enp0s8: saddr:33561200: daddr:100932208: srtt_us:0: RTT:0: ssthresh:0: cwnd:0: delivered:0: lost:0: retrans:0
[  255.845597] AAAAA-TCP_RECV: name:enp0s3: saddr:100932208: daddr:16783984: srtt_us:2749248: RTT:343656: ssthresh:2147483647: cwnd:10: delivered:1: lost:0: retrans:0
[  255.957522] AAAAA-TCP_RECV: name:enp0s3: saddr:100932208: daddr:16783984: srtt_us:2796959: RTT:349619: ssthresh:2147483647: cwnd:10: delivered:2: lost:0: retrans:0
[  255.957571] AAAAA-TCP_SEND: name:enp0s8: saddr:16783984: daddr:100932208: srtt_us:2796959: RTT:349619: ssthresh:2147483647: cwnd:10: delivered:2: lost:0: retrans:0
[  256.134981] AAAAA-TCP_SEND: name:enp0s8: saddr:33561200: daddr:100932208: srtt_us:2680256: RTT:335032: ssthresh:2147483647: cwnd:10: delivered:1: lost:0: retrans:0
[  256.267978] AAAAA-TCP_RECV: name:enp0s3: saddr:100932208: daddr:16783984: srtt_us:2796959: RTT:349619: ssthresh:2147483647: cwnd:10: delivered:2: lost:0: retrans:0
[  256.268027] AAAAA-TCP_SEND: name:enp0s8: saddr:16783984: daddr:100932208: srtt_us:2796959: RTT:349619: ssthresh:2147483647: cwnd:10: delivered:2: lost:0: retrans:0
[  256.268335] AAAAA-TCP_SEND: name:enp0s8: saddr:33561200: daddr:100932208: srtt_us:2680256: RTT:335032: ssthresh:2147483647: cwnd:10: delivered:1: lost:0: retrans:0
[  256.568922] AAAAA-TCP_RECV: name:enp0s3: saddr:100932208: daddr:33561200: srtt_us:2680256: RTT:335032: ssthresh:2147483647: cwnd:10: delivered:1: lost:0: retrans:0
[  256.680879] AAAAA-TCP_RECV: name:enp0s3: saddr:100932208: daddr:16783984: srtt_us:0: RTT:0: ssthresh:2147483647: cwnd:10: delivered:0: lost:0: retrans:0
[  256.680930] AAAAA-TCP_SEND: name:enp0s8: saddr:16783984: daddr:100932208: srtt_us:0: RTT:0: ssthresh:0: cwnd:0: delivered:0: lost:0: retrans:0
[  256.882850] AAAAA-TCP_SEND: name:enp0s8: saddr:16783984: daddr:100932208: srtt_us:1615192: RTT:201899: ssthresh:2147483647: cwnd:10: delivered:1: lost:0: retrans:0
[  256.953280] AAAAA-TCP_RECV: name:enp0s3: saddr:100932208: daddr:16783984: srtt_us:1615192: RTT:201899: ssthresh:2147483647: cwnd:10: delivered:1: lost:0: retrans:0
[  256.953328] AAAAA-TCP_SEND: name:enp0s8: saddr:16783984: daddr:100932208: srtt_us:1615192: RTT:201899: ssthresh:2147483647: cwnd:10: delivered:1: lost:0: retrans:0
[  256.954552] AAAAA-TCP_SEND: name:enp0s8: saddr:33561200: daddr:100932208: srtt_us:2645837: RTT:330729: ssthresh:2147483647: cwnd:10: delivered:2: lost:0: retrans:0
[  257.107247] AAAAA-TCP_RECV: name:enp0s3: saddr:100932208: daddr:33561200: srtt_us:0: RTT:0: ssthresh:2147483647: cwnd:10: delivered:0: lost:0: retrans:0
[  257.107297] AAAAA-TCP_SEND: name:enp0s8: saddr:33561200: daddr:100932208: srtt_us:0: RTT:0: ssthresh:0: cwnd:0: delivered:0: lost:0: retrans:0
[  257.292810] AAAAA-TCP_RECV: name:enp0s3: saddr:100932208: daddr:33561200: srtt_us:2645837: RTT:330729: ssthresh:2147483647: cwnd:10: delivered:2: lost:0: retrans:0
[  257.292867] AAAAA-TCP_SEND: name:enp0s8: saddr:33561200: daddr:100932208: srtt_us:2645837: RTT:330729: ssthresh:2147483647: cwnd:10: delivered:2: lost:0: retrans:0
[  257.465508] AAAAA-TCP_SEND: name:enp0s8: saddr:33561200: daddr:100932208: srtt_us:2865480: RTT:358185: ssthresh:2147483647: cwnd:10: delivered:1: lost:0: retrans:0
[  257.559843] AAAAA-TCP_RECV: name:enp0s3: saddr:100932208: daddr:33561200: srtt_us:2653416: RTT:331677: ssthresh:2147483647: cwnd:10: delivered:3: lost:0: retrans:0
[  257.650501] AAAAA-TCP_RECV: name:enp0s3: saddr:100932208: daddr:16783984: srtt_us:1615192: RTT:201899: ssthresh:2147483647: cwnd:10: delivered:1: lost:0: retrans:0
[  257.650548] AAAAA-TCP_SEND: name:enp0s8: saddr:16783984: daddr:100932208: srtt_us:1615192: RTT:201899: ssthresh:2147483647: cwnd:10: delivered:1: lost:0: retrans:0
[  257.738428] AAAAA-TCP_RECV: name:enp0s3: saddr:100932208: daddr:16783984: srtt_us:1615192: RTT:201899: ssthresh:2147483647: cwnd:10: delivered:1: lost:0: retrans:0
[  257.738473] AAAAA-TCP_SEND: name:enp0s8: saddr:16783984: daddr:100932208: srtt_us:1615192: RTT:201899: ssthresh:2147483647: cwnd:10: delivered:1: lost:0: retrans:0
[  257.825936] AAAAA-TCP_RECV: name:enp0s3: saddr:100932208: daddr:16783984: srtt_us:1615192: RTT:201899: ssthresh:2147483647: cwnd:10: delivered:1: lost:0: retrans:0
[  257.826011] AAAAA-TCP_SEND: name:enp0s8: saddr:16783984: daddr:100932208: srtt_us:1615192: RTT:201899: ssthresh:2147483647: cwnd:10: delivered:1: lost:0: retrans:0
[  257.940242] AAAAA-TCP_RECV: name:enp0s3: saddr:100932208: daddr:16783984: srtt_us:1615192: RTT:201899: ssthresh:2147483647: cwnd:10: delivered:1: lost:0: retrans:0
[  257.940284] AAAAA-TCP_SEND: name:enp0s8: saddr:16783984: daddr:100932208: srtt_us:1615192: RTT:201899: ssthresh:2147483647: cwnd:10: delivered:1: lost:0: retrans:0
[  258.031434] AAAAA-TCP_RECV: name:enp0s3: saddr:100932208: daddr:16783984: srtt_us:1615192: RTT:201899: ssthresh:2147483647: cwnd:10: delivered:1: lost:0: retrans:0
[  258.031473] AAAAA-TCP_SEND: name:enp0s3: saddr:16783984: daddr:100932208: srtt_us:1615192: RTT:201899: ssthresh:2147483647: cwnd:10: delivered:1: lost:0: retrans:0
[  258.107555] AAAAA-TCP_RECV: name:enp0s3: saddr:100932208: daddr:16783984: srtt_us:1615192: RTT:201899: ssthresh:2147483647: cwnd:10: delivered:1: lost:0: retrans:0
[  258.107595] AAAAA-TCP_SEND: name:enp0s3: saddr:16783984: daddr:100932208: srtt_us:1615192: RTT:201899: ssthresh:2147483647: cwnd:10: delivered:1: lost:0: retrans:0
[  258.161655] AAAAA-TCP_RECV: name:enp0s3: saddr:100932208: daddr:16783984: srtt_us:1615192: RTT:201899: ssthresh:2147483647: cwnd:10: delivered:1: lost:0: retrans:0
[  258.161692] AAAAA-TCP_SEND: name:enp0s3: saddr:16783984: daddr:100932208: srtt_us:1615192: RTT:201899: ssthresh:2147483647: cwnd:10: delivered:1: lost:0: retrans:0
[  258.203411] AAAAA-TCP_RECV: name:enp0s3: saddr:100932208: daddr:16783984: srtt_us:1615192: RTT:201899: ssthresh:2147483647: cwnd:10: delivered:1: lost:0: retrans:0
[  258.203475] AAAAA-TCP_SEND: name:enp0s3: saddr:16783984: daddr:100932208: srtt_us:1615192: RTT:201899: ssthresh:2147483647: cwnd:10: delivered:1: lost:0: retrans:0
[  258.286900] AAAAA-TCP_RECV: name:enp0s3: saddr:100932208: daddr:16783984: srtt_us:1615192: RTT:201899: ssthresh:2147483647: cwnd:10: delivered:1: lost:0: retrans:0
[  258.286950] AAAAA-TCP_SEND: name:enp0s3: saddr:16783984: daddr:100932208: srtt_us:1615192: RTT:201899: ssthresh:2147483647: cwnd:10: delivered:1: lost:0: retrans:0
[  258.453843] AAAAA-TCP_RECV: name:enp0s3: saddr:100932208: daddr:16783984: srtt_us:1615192: RTT:201899: ssthresh:2147483647: cwnd:10: delivered:1: lost:0: retrans:0
[  258.453898] AAAAA-TCP_SEND: name:enp0s3: saddr:16783984: daddr:100932208: srtt_us:1615192: RTT:201899: ssthresh:2147483647: cwnd:10: delivered:1: lost:0: retrans:0
[  258.564911] AAAAA-TCP_RECV: name:enp0s3: saddr:100932208: daddr:33561200: srtt_us:2865480: RTT:358185: ssthresh:2147483647: cwnd:10: delivered:1: lost:0: retrans:0
[  258.564959] AAAAA-TCP_SEND: name:enp0s3: saddr:33561200: daddr:100932208: srtt_us:2865480: RTT:358185: ssthresh:2147483647: cwnd:10: delivered:1: lost:0: retrans:0
[  258.872933] AAAAA-TCP_RECV: name:enp0s3: saddr:100932208: daddr:33561200: srtt_us:2865480: RTT:358185: ssthresh:2147483647: cwnd:10: delivered:1: lost:0: retrans:0
[  258.872982] AAAAA-TCP_SEND: name:enp0s3: saddr:33561200: daddr:100932208: srtt_us:2865480: RTT:358185: ssthresh:2147483647: cwnd:10: delivered:1: lost:0: retrans:0
[  259.022147] AAAAA-TCP_RECV: name:enp0s3: saddr:100932208: daddr:33561200: srtt_us:2865480: RTT:358185: ssthresh:2147483647: cwnd:10: delivered:1: lost:0: retrans:0
[  259.022190] AAAAA-TCP_SEND: name:enp0s3: saddr:33561200: daddr:100932208: srtt_us:2865480: RTT:358185: ssthresh:2147483647: cwnd:10: delivered:1: lost:0: retrans:0
[  259.059292] AAAAA-TCP_RECV: name:enp0s3: saddr:100932208: daddr:33561200: srtt_us:2865480: RTT:358185: ssthresh:2147483647: cwnd:10: delivered:1: lost:0: retrans:0
[  259.059334] AAAAA-TCP_SEND: name:enp0s3: saddr:33561200: daddr:100932208: srtt_us:2865480: RTT:358185: ssthresh:2147483647: cwnd:10: delivered:1: lost:0: retrans:0
[  259.102382] AAAAA-TCP_RECV: name:enp0s3: saddr:100932208: daddr:33561200: srtt_us:2865480: RTT:358185: ssthresh:2147483647: cwnd:10: delivered:1: lost:0: retrans:0
[  259.102410] AAAAA-TCP_SEND: name:enp0s3: saddr:33561200: daddr:100932208: srtt_us:2865480: RTT:358185: ssthresh:2147483647: cwnd:10: delivered:1: lost:0: retrans:0
[  259.208874] AAAAA-TCP_RECV: name:enp0s3: saddr:100932208: daddr:33561200: srtt_us:2865480: RTT:358185: ssthresh:2147483647: cwnd:10: delivered:1: lost:0: retrans:0
[  259.208914] AAAAA-TCP_SEND: name:enp0s3: saddr:33561200: daddr:100932208: srtt_us:2865480: RTT:358185: ssthresh:2147483647: cwnd:10: delivered:1: lost:0: retrans:0
[  259.269625] AAAAA-TCP_RECV: name:enp0s3: saddr:100932208: daddr:33561200: srtt_us:2865480: RTT:358185: ssthresh:2147483647: cwnd:10: delivered:1: lost:0: retrans:0
[  259.269673] AAAAA-TCP_SEND: name:enp0s3: saddr:33561200: daddr:100932208: srtt_us:2865480: RTT:358185: ssthresh:2147483647: cwnd:10: delivered:1: lost:0: retrans:0
[  259.362496] AAAAA-TCP_RECV: name:enp0s3: saddr:100932208: daddr:33561200: srtt_us:2865480: RTT:358185: ssthresh:2147483647: cwnd:10: delivered:1: lost:0: retrans:0
[  259.362540] AAAAA-TCP_SEND: name:enp0s3: saddr:33561200: daddr:100932208: srtt_us:2865480: RTT:358185: ssthresh:2147483647: cwnd:10: delivered:1: lost:0: retrans:0
[  259.440900] AAAAA-TCP_RECV: name:enp0s3: saddr:100932208: daddr:33561200: srtt_us:2865480: RTT:358185: ssthresh:2147483647: cwnd:10: delivered:1: lost:0: retrans:0
[  259.440945] AAAAA-TCP_SEND: name:enp0s3: saddr:33561200: daddr:100932208: srtt_us:2865480: RTT:358185: ssthresh:2147483647: cwnd:10: delivered:1: lost:0: retrans:0
[  259.538183] AAAAA-TCP_RECV: name:enp0s3: saddr:100932208: daddr:33561200: srtt_us:2865480: RTT:358185: ssthresh:2147483647: cwnd:10: delivered:1: lost:0: retrans:0
[  259.538206] AAAAA-TCP_SEND: name:enp0s3: saddr:33561200: daddr:100932208: srtt_us:2865480: RTT:358185: ssthresh:2147483647: cwnd:10: delivered:1: lost:0: retrans:0
[  259.612426] AAAAA-TCP_RECV: name:enp0s3: saddr:100932208: daddr:16783984: srtt_us:1615192: RTT:201899: ssthresh:2147483647: cwnd:10: delivered:1: lost:0: retrans:0
[  259.612460] AAAAA-TCP_SEND: name:enp0s3: saddr:16783984: daddr:100932208: srtt_us:1615192: RTT:201899: ssthresh:2147483647: cwnd:10: delivered:1: lost:0: retrans:0
[  259.660644] AAAAA-TCP_RECV: name:enp0s3: saddr:100932208: daddr:16783984: srtt_us:1615192: RTT:201899: ssthresh:2147483647: cwnd:10: delivered:1: lost:0: retrans:0
[  259.660672] AAAAA-TCP_SEND: name:enp0s3: saddr:16783984: daddr:100932208: srtt_us:1615192: RTT:201899: ssthresh:2147483647: cwnd:10: delivered:1: lost:0: retrans:0
[  259.723542] AAAAA-TCP_RECV: name:enp0s3: saddr:100932208: daddr:33561200: srtt_us:2865480: RTT:358185: ssthresh:2147483647: cwnd:10: delivered:1: lost:0: retrans:0
[  259.723604] AAAAA-TCP_SEND: name:enp0s3: saddr:33561200: daddr:100932208: srtt_us:2865480: RTT:358185: ssthresh:2147483647: cwnd:10: delivered:1: lost:0: retrans:0
[  259.811319] AAAAA-TCP_RECV: name:enp0s3: saddr:100932208: daddr:16783984: srtt_us:1615192: RTT:201899: ssthresh:2147483647: cwnd:10: delivered:1: lost:0: retrans:0
[  259.811351] AAAAA-TCP_SEND: name:enp0s3: saddr:16783984: daddr:100932208: srtt_us:1615192: RTT:201899: ssthresh:2147483647: cwnd:10: delivered:1: lost:0: retrans:0
[  259.912595] AAAAA-TCP_RECV: name:enp0s3: saddr:100932208: daddr:16783984: srtt_us:1615192: RTT:201899: ssthresh:2147483647: cwnd:10: delivered:1: lost:0: retrans:0
[  259.912652] AAAAA-TCP_SEND: name:enp0s3: saddr:16783984: daddr:100932208: srtt_us:1615192: RTT:201899: ssthresh:2147483647: cwnd:10: delivered:1: lost:0: retrans:0
[  259.980455] AAAAA-TCP_RECV: name:enp0s3: saddr:100932208: daddr:16783984: srtt_us:1615192: RTT:201899: ssthresh:2147483647: cwnd:10: delivered:1: lost:0: retrans:0
[  259.980492] AAAAA-TCP_SEND: name:enp0s3: saddr:16783984: daddr:100932208: srtt_us:1615192: RTT:201899: ssthresh:2147483647: cwnd:10: delivered:1: lost:0: retrans:0
[  260.028566] AAAAA-TCP_RECV: name:enp0s3: saddr:100932208: daddr:33561200: srtt_us:2865480: RTT:358185: ssthresh:2147483647: cwnd:10: delivered:1: lost:0: retrans:0
[  260.028609] AAAAA-TCP_SEND: name:enp0s3: saddr:33561200: daddr:100932208: srtt_us:2865480: RTT:358185: ssthresh:2147483647: cwnd:10: delivered:1: lost:0: retrans:0
[  260.091853] AAAAA-TCP_RECV: name:enp0s3: saddr:100932208: daddr:16783984: srtt_us:1615192: RTT:201899: ssthresh:2147483647: cwnd:10: delivered:1: lost:0: retrans:0
[  260.091913] AAAAA-TCP_SEND: name:enp0s3: saddr:16783984: daddr:100932208: srtt_us:1615192: RTT:201899: ssthresh:2147483647: cwnd:10: delivered:1: lost:0: retrans:0
[  260.133636] AAAAA-TCP_RECV: name:enp0s3: saddr:100932208: daddr:16783984: srtt_us:1615192: RTT:201899: ssthresh:2147483647: cwnd:10: delivered:1: lost:0: retrans:0
[  260.133703] AAAAA-TCP_SEND: name:enp0s3: saddr:16783984: daddr:100932208: srtt_us:1615192: RTT:201899: ssthresh:2147483647: cwnd:10: delivered:1: lost:0: retrans:0
[  260.541888] AAAAA-TCP_RECV: name:enp0s3: saddr:100932208: daddr:16783984: srtt_us:1615192: RTT:201899: ssthresh:2147483647: cwnd:10: delivered:1: lost:0: retrans:0
[  260.541953] AAAAA-TCP_SEND: name:enp0s3: saddr:16783984: daddr:100932208: srtt_us:1615192: RTT:201899: ssthresh:2147483647: cwnd:10: delivered:1: lost:0: retrans:0
[  260.857158] AAAAA-TCP_RECV: name:enp0s3: saddr:100932208: daddr:16783984: srtt_us:1615192: RTT:201899: ssthresh:2147483647: cwnd:10: delivered:1: lost:0: retrans:0
[  260.857206] AAAAA-TCP_SEND: name:enp0s3: saddr:16783984: daddr:100932208: srtt_us:1615192: RTT:201899: ssthresh:2147483647: cwnd:10: delivered:1: lost:0: retrans:0
[  260.928622] AAAAA-TCP_RECV: name:enp0s3: saddr:100932208: daddr:16783984: srtt_us:1615192: RTT:201899: ssthresh:2147483647: cwnd:10: delivered:1: lost:0: retrans:0
[  260.928662] AAAAA-TCP_SEND: name:enp0s3: saddr:16783984: daddr:100932208: srtt_us:1615192: RTT:201899: ssthresh:2147483647: cwnd:10: delivered:1: lost:0: retrans:0
[  261.082435] AAAAA-TCP_RECV: name:enp0s3: saddr:100932208: daddr:16783984: srtt_us:1615192: RTT:201899: ssthresh:2147483647: cwnd:10: delivered:1: lost:0: retrans:0
[  261.082483] AAAAA-TCP_SEND: name:enp0s3: saddr:16783984: daddr:100932208: srtt_us:1615192: RTT:201899: ssthresh:2147483647: cwnd:10: delivered:1: lost:0: retrans:0
[  261.204490] AAAAA-TCP_RECV: name:enp0s3: saddr:100932208: daddr:16783984: srtt_us:1615192: RTT:201899: ssthresh:2147483647: cwnd:10: delivered:1: lost:0: retrans:0
[  261.204530] AAAAA-TCP_SEND: name:enp0s3: saddr:16783984: daddr:100932208: srtt_us:1615192: RTT:201899: ssthresh:2147483647: cwnd:10: delivered:1: lost:0: retrans:0
[  261.556644] AAAAA-TCP_RECV: name:enp0s3: saddr:100932208: daddr:16783984: srtt_us:1615192: RTT:201899: ssthresh:2147483647: cwnd:10: delivered:1: lost:0: retrans:0
[  261.556693] AAAAA-TCP_SEND: name:enp0s3: saddr:16783984: daddr:100932208: srtt_us:1615192: RTT:201899: ssthresh:2147483647: cwnd:10: delivered:1: lost:0: retrans:0
[  261.677292] AAAAA-TCP_RECV: name:enp0s3: saddr:100932208: daddr:16783984: srtt_us:1615192: RTT:201899: ssthresh:2147483647: cwnd:10: delivered:1: lost:0: retrans:0
[  261.677348] AAAAA-TCP_SEND: name:enp0s3: saddr:16783984: daddr:100932208: srtt_us:1615192: RTT:201899: ssthresh:2147483647: cwnd:10: delivered:1: lost:0: retrans:0
[  261.937256] AAAAA-TCP_RECV: name:enp0s3: saddr:100932208: daddr:16783984: srtt_us:1615192: RTT:201899: ssthresh:2147483647: cwnd:10: delivered:1: lost:0: retrans:0
[  261.937323] AAAAA-TCP_SEND: name:enp0s3: saddr:16783984: daddr:100932208: srtt_us:1615192: RTT:201899: ssthresh:2147483647: cwnd:10: delivered:1: lost:0: retrans:0
[  261.992249] AAAAA-TCP_RECV: name:enp0s3: saddr:100932208: daddr:33561200: srtt_us:2865480: RTT:358185: ssthresh:2147483647: cwnd:10: delivered:1: lost:0: retrans:0
[  261.992282] AAAAA-TCP_SEND: name:enp0s3: saddr:33561200: daddr:100932208: srtt_us:2865480: RTT:358185: ssthresh:2147483647: cwnd:10: delivered:1: lost:0: retrans:0
[  262.184051] AAAAA-TCP_RECV: name:enp0s3: saddr:100932208: daddr:33561200: srtt_us:2865480: RTT:358185: ssthresh:2147483647: cwnd:10: delivered:1: lost:0: retrans:0
[  262.184091] AAAAA-TCP_SEND: name:enp0s3: saddr:33561200: daddr:100932208: srtt_us:2865480: RTT:358185: ssthresh:2147483647: cwnd:10: delivered:1: lost:0: retrans:0
[  262.266089] AAAAA-TCP_RECV: name:enp0s3: saddr:100932208: daddr:33561200: srtt_us:2865480: RTT:358185: ssthresh:2147483647: cwnd:10: delivered:1: lost:0: retrans:0
[  262.266140] AAAAA-TCP_SEND: name:enp0s3: saddr:33561200: daddr:100932208: srtt_us:2865480: RTT:358185: ssthresh:2147483647: cwnd:10: delivered:1: lost:0: retrans:0
[  262.430330] AAAAA-TCP_RECV: name:enp0s3: saddr:100932208: daddr:33561200: srtt_us:2865480: RTT:358185: ssthresh:2147483647: cwnd:10: delivered:1: lost:0: retrans:0
[  262.430380] AAAAA-TCP_SEND: name:enp0s3: saddr:33561200: daddr:100932208: srtt_us:2865480: RTT:358185: ssthresh:2147483647: cwnd:10: delivered:1: lost:0: retrans:0
[  262.517370] AAAAA-TCP_RECV: name:enp0s3: saddr:100932208: daddr:33561200: srtt_us:2865480: RTT:358185: ssthresh:2147483647: cwnd:10: delivered:1: lost:0: retrans:0
[  262.517408] AAAAA-TCP_SEND: name:enp0s3: saddr:33561200: daddr:100932208: srtt_us:2865480: RTT:358185: ssthresh:2147483647: cwnd:10: delivered:1: lost:0: retrans:0
[  262.634030] AAAAA-TCP_RECV: name:enp0s3: saddr:100932208: daddr:33561200: srtt_us:2865480: RTT:358185: ssthresh:2147483647: cwnd:10: delivered:1: lost:0: retrans:0
[  262.634071] AAAAA-TCP_SEND: name:enp0s3: saddr:33561200: daddr:100932208: srtt_us:2865480: RTT:358185: ssthresh:2147483647: cwnd:10: delivered:1: lost:0: retrans:0
[  262.747177] AAAAA-TCP_RECV: name:enp0s3: saddr:100932208: daddr:33561200: srtt_us:2865480: RTT:358185: ssthresh:2147483647: cwnd:10: delivered:1: lost:0: retrans:0
[  262.747200] AAAAA-TCP_SEND: name:enp0s3: saddr:33561200: daddr:100932208: srtt_us:2865480: RTT:358185: ssthresh:2147483647: cwnd:10: delivered:1: lost:0: retrans:0
[  262.861589] AAAAA-TCP_RECV: name:enp0s3: saddr:100932208: daddr:33561200: srtt_us:2865480: RTT:358185: ssthresh:2147483647: cwnd:10: delivered:1: lost:0: retrans:0
[  262.861630] AAAAA-TCP_SEND: name:enp0s3: saddr:33561200: daddr:100932208: srtt_us:2865480: RTT:358185: ssthresh:2147483647: cwnd:10: delivered:1: lost:0: retrans:0
[  263.011489] AAAAA-TCP_RECV: name:enp0s3: saddr:100932208: daddr:33561200: srtt_us:2865480: RTT:358185: ssthresh:2147483647: cwnd:10: delivered:1: lost:0: retrans:0
[  263.011537] AAAAA-TCP_SEND: name:enp0s3: saddr:33561200: daddr:100932208: srtt_us:2865480: RTT:358185: ssthresh:2147483647: cwnd:10: delivered:1: lost:0: retrans:0
[  263.325053] AAAAA-TCP_RECV: name:enp0s3: saddr:100932208: daddr:33561200: srtt_us:2865480: RTT:358185: ssthresh:2147483647: cwnd:10: delivered:1: lost:0: retrans:0
[  263.325112] AAAAA-TCP_SEND: name:enp0s3: saddr:33561200: daddr:100932208: srtt_us:2865480: RTT:358185: ssthresh:2147483647: cwnd:10: delivered:1: lost:0: retrans:0
[  263.398208] AAAAA-TCP_RECV: name:enp0s3: saddr:100932208: daddr:33561200: srtt_us:2865480: RTT:358185: ssthresh:2147483647: cwnd:10: delivered:1: lost:0: retrans:0
[  263.398251] AAAAA-TCP_SEND: name:enp0s3: saddr:33561200: daddr:100932208: srtt_us:2865480: RTT:358185: ssthresh:2147483647: cwnd:10: delivered:1: lost:0: retrans:0
[  263.482935] AAAAA-TCP_RECV: name:enp0s3: saddr:100932208: daddr:16783984: srtt_us:1615192: RTT:201899: ssthresh:2147483647: cwnd:10: delivered:1: lost:0: retrans:0
[  263.482993] AAAAA-TCP_SEND: name:enp0s3: saddr:16783984: daddr:100932208: srtt_us:1615192: RTT:201899: ssthresh:2147483647: cwnd:10: delivered:1: lost:0: retrans:0
[  263.564165] AAAAA-TCP_RECV: name:enp0s3: saddr:100932208: daddr:16783984: srtt_us:1615192: RTT:201899: ssthresh:2147483647: cwnd:10: delivered:1: lost:0: retrans:0
[  263.564209] AAAAA-TCP_SEND: name:enp0s3: saddr:16783984: daddr:100932208: srtt_us:1615192: RTT:201899: ssthresh:2147483647: cwnd:10: delivered:1: lost:0: retrans:0
[  263.652372] AAAAA-TCP_RECV: name:enp0s3: saddr:100932208: daddr:16783984: srtt_us:1615192: RTT:201899: ssthresh:2147483647: cwnd:10: delivered:1: lost:0: retrans:0
[  263.652415] AAAAA-TCP_SEND: name:enp0s3: saddr:16783984: daddr:100932208: srtt_us:1615192: RTT:201899: ssthresh:2147483647: cwnd:10: delivered:1: lost:0: retrans:0
[  263.764801] AAAAA-TCP_RECV: name:enp0s3: saddr:100932208: daddr:16783984: srtt_us:1615192: RTT:201899: ssthresh:2147483647: cwnd:10: delivered:1: lost:0: retrans:0
[  263.764846] AAAAA-TCP_SEND: name:enp0s3: saddr:16783984: daddr:100932208: srtt_us:1615192: RTT:201899: ssthresh:2147483647: cwnd:10: delivered:1: lost:0: retrans:0
[  263.883858] AAAAA-TCP_RECV: name:enp0s3: saddr:100932208: daddr:16783984: srtt_us:1615192: RTT:201899: ssthresh:2147483647: cwnd:10: delivered:1: lost:0: retrans:0
[  263.883892] AAAAA-TCP_SEND: name:enp0s3: saddr:16783984: daddr:100932208: srtt_us:1615192: RTT:201899: ssthresh:2147483647: cwnd:10: delivered:1: lost:0: retrans:0
[  264.038222] AAAAA-TCP_RECV: name:enp0s3: saddr:100932208: daddr:33561200: srtt_us:2865480: RTT:358185: ssthresh:2147483647: cwnd:10: delivered:1: lost:0: retrans:0
[  264.038258] AAAAA-TCP_SEND: name:enp0s3: saddr:33561200: daddr:100932208: srtt_us:2865480: RTT:358185: ssthresh:2147483647: cwnd:10: delivered:1: lost:0: retrans:0
[  264.257311] AAAAA-TCP_RECV: name:enp0s3: saddr:100932208: daddr:16783984: srtt_us:1615192: RTT:201899: ssthresh:2147483647: cwnd:10: delivered:1: lost:0: retrans:0
[  264.257377] AAAAA-TCP_SEND: name:enp0s3: saddr:16783984: daddr:100932208: srtt_us:1615192: RTT:201899: ssthresh:2147483647: cwnd:10: delivered:1: lost:0: retrans:0
[  264.547331] AAAAA-TCP_RECV: name:enp0s3: saddr:100932208: daddr:16783984: srtt_us:1615192: RTT:201899: ssthresh:2147483647: cwnd:10: delivered:1: lost:0: retrans:0
[  264.547378] AAAAA-TCP_SEND: name:enp0s3: saddr:16783984: daddr:100932208: srtt_us:1615192: RTT:201899: ssthresh:2147483647: cwnd:10: delivered:1: lost:0: retrans:0
[  264.618844] AAAAA-TCP_RECV: name:enp0s3: saddr:100932208: daddr:16783984: srtt_us:1615192: RTT:201899: ssthresh:2147483647: cwnd:10: delivered:1: lost:0: retrans:0
[  264.618880] AAAAA-TCP_SEND: name:enp0s3: saddr:16783984: daddr:100932208: srtt_us:1615192: RTT:201899: ssthresh:2147483647: cwnd:10: delivered:1: lost:0: retrans:0
[  264.662222] AAAAA-TCP_RECV: name:enp0s3: saddr:100932208: daddr:16783984: srtt_us:1615192: RTT:201899: ssthresh:2147483647: cwnd:10: delivered:1: lost:0: retrans:0
[  264.662249] AAAAA-TCP_SEND: name:enp0s3: saddr:16783984: daddr:100932208: srtt_us:1615192: RTT:201899: ssthresh:2147483647: cwnd:10: delivered:1: lost:0: retrans:0
[  264.737420] AAAAA-TCP_RECV: name:enp0s3: saddr:100932208: daddr:33561200: srtt_us:2865480: RTT:358185: ssthresh:2147483647: cwnd:10: delivered:1: lost:0: retrans:0
[  264.737467] AAAAA-TCP_SEND: name:enp0s3: saddr:33561200: daddr:100932208: srtt_us:2865480: RTT:358185: ssthresh:2147483647: cwnd:10: delivered:1: lost:0: retrans:0
[  264.807736] AAAAA-TCP_RECV: name:enp0s3: saddr:100932208: daddr:16783984: srtt_us:1615192: RTT:201899: ssthresh:2147483647: cwnd:10: delivered:1: lost:0: retrans:0
[  264.807768] AAAAA-TCP_SEND: name:enp0s3: saddr:16783984: daddr:100932208: srtt_us:1615192: RTT:201899: ssthresh:2147483647: cwnd:10: delivered:1: lost:0: retrans:0
[  264.930919] AAAAA-TCP_RECV: name:enp0s3: saddr:100932208: daddr:16783984: srtt_us:1615192: RTT:201899: ssthresh:2147483647: cwnd:10: delivered:1: lost:0: retrans:0
[  264.930954] AAAAA-TCP_SEND: name:enp0s3: saddr:16783984: daddr:100932208: srtt_us:1615192: RTT:201899: ssthresh:2147483647: cwnd:10: delivered:1: lost:0: retrans:0
[  265.025086] AAAAA-TCP_RECV: name:enp0s3: saddr:100932208: daddr:16783984: srtt_us:1615192: RTT:201899: ssthresh:2147483647: cwnd:10: delivered:1: lost:0: retrans:0
[  265.025120] AAAAA-TCP_SEND: name:enp0s3: saddr:16783984: daddr:100932208: srtt_us:1615192: RTT:201899: ssthresh:2147483647: cwnd:10: delivered:1: lost:0: retrans:0
[  265.142931] AAAAA-TCP_RECV: name:enp0s3: saddr:100932208: daddr:16783984: srtt_us:1615192: RTT:201899: ssthresh:2147483647: cwnd:10: delivered:1: lost:0: retrans:0
[  265.142961] AAAAA-TCP_SEND: name:enp0s3: saddr:16783984: daddr:100932208: srtt_us:1615192: RTT:201899: ssthresh:2147483647: cwnd:10: delivered:1: lost:0: retrans:0
[  265.233520] AAAAA-TCP_RECV: name:enp0s3: saddr:100932208: daddr:33561200: srtt_us:2865480: RTT:358185: ssthresh:2147483647: cwnd:10: delivered:1: lost:0: retrans:0
[  265.233559] AAAAA-TCP_SEND: name:enp0s3: saddr:33561200: daddr:100932208: srtt_us:2865480: RTT:358185: ssthresh:2147483647: cwnd:10: delivered:1: lost:0: retrans:0
[  265.361277] AAAAA-TCP_RECV: name:enp0s3: saddr:100932208: daddr:33561200: srtt_us:2865480: RTT:358185: ssthresh:2147483647: cwnd:10: delivered:1: lost:0: retrans:0
[  265.361337] AAAAA-TCP_SEND: name:enp0s3: saddr:33561200: daddr:100932208: srtt_us:2865480: RTT:358185: ssthresh:2147483647: cwnd:10: delivered:1: lost:0: retrans:0
[  265.472791] AAAAA-TCP_RECV: name:enp0s3: saddr:100932208: daddr:16783984: srtt_us:1615192: RTT:201899: ssthresh:2147483647: cwnd:10: delivered:1: lost:0: retrans:0
[  265.472828] AAAAA-TCP_SEND: name:enp0s3: saddr:16783984: daddr:100932208: srtt_us:1615192: RTT:201899: ssthresh:2147483647: cwnd:10: delivered:1: lost:0: retrans:0
[  265.552006] AAAAA-TCP_RECV: name:enp0s3: saddr:100932208: daddr:33561200: srtt_us:2865480: RTT:358185: ssthresh:2147483647: cwnd:10: delivered:1: lost:0: retrans:0
[  265.552041] AAAAA-TCP_SEND: name:enp0s3: saddr:33561200: daddr:100932208: srtt_us:2865480: RTT:358185: ssthresh:2147483647: cwnd:10: delivered:1: lost:0: retrans:0
[  265.610591] AAAAA-TCP_RECV: name:enp0s3: saddr:100932208: daddr:33561200: srtt_us:2865480: RTT:358185: ssthresh:2147483647: cwnd:10: delivered:1: lost:0: retrans:0
[  265.610621] AAAAA-TCP_SEND: name:enp0s3: saddr:33561200: daddr:100932208: srtt_us:2865480: RTT:358185: ssthresh:2147483647: cwnd:10: delivered:1: lost:0: retrans:0
[  265.655367] AAAAA-TCP_RECV: name:enp0s3: saddr:100932208: daddr:33561200: srtt_us:2865480: RTT:358185: ssthresh:2147483647: cwnd:10: delivered:1: lost:0: retrans:0
[  265.655393] AAAAA-TCP_SEND: name:enp0s3: saddr:33561200: daddr:100932208: srtt_us:2865480: RTT:358185: ssthresh:2147483647: cwnd:10: delivered:1: lost:0: retrans:0
[  265.708988] AAAAA-TCP_RECV: name:enp0s3: saddr:100932208: daddr:33561200: srtt_us:2865480: RTT:358185: ssthresh:2147483647: cwnd:10: delivered:1: lost:0: retrans:0
[  265.709012] AAAAA-TCP_SEND: name:enp0s3: saddr:33561200: daddr:100932208: srtt_us:2865480: RTT:358185: ssthresh:2147483647: cwnd:10: delivered:1: lost:0: retrans:0
[  265.745103] AAAAA-TCP_RECV: name:enp0s3: saddr:100932208: daddr:16783984: srtt_us:1615192: RTT:201899: ssthresh:2147483647: cwnd:10: delivered:1: lost:0: retrans:0
[  265.745127] AAAAA-TCP_SEND: name:enp0s3: saddr:16783984: daddr:100932208: srtt_us:1615192: RTT:201899: ssthresh:2147483647: cwnd:10: delivered:1: lost:0: retrans:0
[  265.793387] AAAAA-TCP_RECV: name:enp0s3: saddr:100932208: daddr:16783984: srtt_us:1615192: RTT:201899: ssthresh:2147483647: cwnd:10: delivered:1: lost:0: retrans:0
[  265.793412] AAAAA-TCP_SEND: name:enp0s3: saddr:16783984: daddr:100932208: srtt_us:1615192: RTT:201899: ssthresh:2147483647: cwnd:10: delivered:1: lost:0: retrans:0
[  266.003088] AAAAA-TCP_RECV: name:enp0s3: saddr:100932208: daddr:16783984: srtt_us:1615192: RTT:201899: ssthresh:2147483647: cwnd:10: delivered:1: lost:0: retrans:0
[  266.003135] AAAAA-TCP_SEND: name:enp0s3: saddr:16783984: daddr:100932208: srtt_us:1615192: RTT:201899: ssthresh:2147483647: cwnd:10: delivered:1: lost:0: retrans:0
[  266.095039] AAAAA-TCP_RECV: name:enp0s3: saddr:100932208: daddr:16783984: srtt_us:1615192: RTT:201899: ssthresh:2147483647: cwnd:10: delivered:1: lost:0: retrans:0
[  266.095096] AAAAA-TCP_SEND: name:enp0s3: saddr:16783984: daddr:100932208: srtt_us:1615192: RTT:201899: ssthresh:2147483647: cwnd:10: delivered:1: lost:0: retrans:0
[  266.239877] AAAAA-TCP_RECV: name:enp0s3: saddr:100932208: daddr:16783984: srtt_us:1615192: RTT:201899: ssthresh:2147483647: cwnd:10: delivered:1: lost:0: retrans:0
[  266.239924] AAAAA-TCP_SEND: name:enp0s3: saddr:16783984: daddr:100932208: srtt_us:1615192: RTT:201899: ssthresh:2147483647: cwnd:10: delivered:1: lost:0: retrans:0
[  266.316749] AAAAA-TCP_RECV: name:enp0s3: saddr:100932208: daddr:16783984: srtt_us:1615192: RTT:201899: ssthresh:2147483647: cwnd:10: delivered:1: lost:0: retrans:0
[  266.317816] AAAAA-TCP_SEND: name:enp0s3: saddr:16783984: daddr:100932208: srtt_us:1615192: RTT:201899: ssthresh:2147483647: cwnd:10: delivered:1: lost:0: retrans:0
[  266.429478] AAAAA-TCP_RECV: name:enp0s3: saddr:100932208: daddr:16783984: srtt_us:1615192: RTT:201899: ssthresh:2147483647: cwnd:10: delivered:1: lost:0: retrans:0
[  266.430542] AAAAA-TCP_SEND: name:enp0s3: saddr:16783984: daddr:100932208: srtt_us:1615192: RTT:201899: ssthresh:2147483647: cwnd:10: delivered:1: lost:0: retrans:0
[  266.533057] AAAAA-TCP_RECV: name:enp0s3: saddr:100932208: daddr:16783984: srtt_us:1615192: RTT:201899: ssthresh:2147483647: cwnd:10: delivered:1: lost:0: retrans:0
[  266.534143] AAAAA-TCP_SEND: name:enp0s3: saddr:16783984: daddr:100932208: srtt_us:1615192: RTT:201899: ssthresh:2147483647: cwnd:10: delivered:1: lost:0: retrans:0
[  266.677061] AAAAA-TCP_RECV: name:enp0s3: saddr:100932208: daddr:33561200: srtt_us:2865480: RTT:358185: ssthresh:2147483647: cwnd:10: delivered:1: lost:0: retrans:0
[  266.677098] AAAAA-TCP_SEND: name:enp0s3: saddr:33561200: daddr:100932208: srtt_us:2865480: RTT:358185: ssthresh:2147483647: cwnd:10: delivered:1: lost:0: retrans:0
[  266.872006] AAAAA-TCP_RECV: name:enp0s3: saddr:100932208: daddr:16783984: srtt_us:1615192: RTT:201899: ssthresh:2147483647: cwnd:10: delivered:1: lost:0: retrans:0
[  266.872083] AAAAA-TCP_SEND: name:enp0s3: saddr:16783984: daddr:100932208: srtt_us:1615192: RTT:201899: ssthresh:2147483647: cwnd:10: delivered:1: lost:0: retrans:0
[  266.949271] AAAAA-TCP_RECV: name:enp0s3: saddr:100932208: daddr:33561200: srtt_us:2865480: RTT:358185: ssthresh:2147483647: cwnd:10: delivered:1: lost:0: retrans:0
[  266.998181] AAAAA-TCP_RECV: name:enp0s3: saddr:100932208: daddr:33561200: srtt_us:2865480: RTT:358185: ssthresh:2147483647: cwnd:10: delivered:1: lost:0: retrans:0
[  266.998249] AAAAA-TCP_SEND: name:enp0s3: saddr:33561200: daddr:100932208: srtt_us:2865480: RTT:358185: ssthresh:2147483647: cwnd:10: delivered:1: lost:0: retrans:0
[  267.091077] AAAAA-TCP_RECV: name:enp0s3: saddr:100932208: daddr:33561200: srtt_us:2865480: RTT:358185: ssthresh:2147483647: cwnd:10: delivered:1: lost:0: retrans:0
[  267.236668] AAAAA-TCP_RECV: name:enp0s3: saddr:100932208: daddr:33561200: srtt_us:2865480: RTT:358185: ssthresh:2147483647: cwnd:10: delivered:1: lost:0: retrans:0
[  267.236732] AAAAA-TCP_SEND: name:enp0s3: saddr:33561200: daddr:100932208: srtt_us:2865480: RTT:358185: ssthresh:2147483647: cwnd:10: delivered:1: lost:0: retrans:0
[  267.333020] AAAAA-TCP_RECV: name:enp0s3: saddr:100932208: daddr:16783984: srtt_us:1615192: RTT:201899: ssthresh:2147483647: cwnd:10: delivered:1: lost:0: retrans:0
[  281.652637] AAAAA-TCP_RECV: name:enp0s3: saddr:100932208: daddr:33561200: srtt_us:2865480: RTT:358185: ssthresh:2147483647: cwnd:10: delivered:1: lost:0: retrans:0
[  281.652690] AAAAA-TCP_SEND: name:enp0s8: saddr:33561200: daddr:100932208: srtt_us:2865480: RTT:358185: ssthresh:2147483647: cwnd:10: delivered:1: lost:0: retrans:0
[  281.787075] AAAAA-TCP_RECV: name:enp0s3: saddr:100932208: daddr:33561200: srtt_us:2865480: RTT:358185: ssthresh:2147483647: cwnd:10: delivered:1: lost:0: retrans:0
[  281.787124] AAAAA-TCP_SEND: name:enp0s8: saddr:33561200: daddr:100932208: srtt_us:2865480: RTT:358185: ssthresh:2147483647: cwnd:10: delivered:1: lost:0: retrans:0
[  281.867101] AAAAA-TCP_RECV: name:enp0s3: saddr:100932208: daddr:33561200: srtt_us:2865480: RTT:358185: ssthresh:2147483647: cwnd:10: delivered:1: lost:0: retrans:0
[  281.867142] AAAAA-TCP_SEND: name:enp0s8: saddr:33561200: daddr:100932208: srtt_us:2865480: RTT:358185: ssthresh:2147483647: cwnd:10: delivered:1: lost:0: retrans:0
[  282.069851] AAAAA-TCP_RECV: name:enp0s3: saddr:100932208: daddr:33561200: srtt_us:2865480: RTT:358185: ssthresh:2147483647: cwnd:10: delivered:1: lost:0: retrans:0
[  282.069927] AAAAA-TCP_SEND: name:enp0s8: saddr:33561200: daddr:100932208: srtt_us:2865480: RTT:358185: ssthresh:2147483647: cwnd:10: delivered:1: lost:0: retrans:0
[  282.347138] AAAAA-TCP_RECV: name:enp0s3: saddr:100932208: daddr:33561200: srtt_us:2865480: RTT:358185: ssthresh:2147483647: cwnd:10: delivered:1: lost:0: retrans:0
[  282.347214] AAAAA-TCP_SEND: name:enp0s8: saddr:33561200: daddr:100932208: srtt_us:2865480: RTT:358185: ssthresh:2147483647: cwnd:10: delivered:1: lost:0: retrans:0
[  282.436538] AAAAA-TCP_RECV: name:enp0s3: saddr:100932208: daddr:33561200: srtt_us:2865480: RTT:358185: ssthresh:2147483647: cwnd:10: delivered:1: lost:0: retrans:0
[  282.436613] AAAAA-TCP_SEND: name:enp0s8: saddr:33561200: daddr:100932208: srtt_us:2865480: RTT:358185: ssthresh:2147483647: cwnd:10: delivered:1: lost:0: retrans:0
[  282.598696] AAAAA-TCP_RECV: name:enp0s3: saddr:100932208: daddr:33561200: srtt_us:2865480: RTT:358185: ssthresh:2147483647: cwnd:10: delivered:1: lost:0: retrans:0
[  282.598764] AAAAA-TCP_SEND: name:enp0s8: saddr:33561200: daddr:100932208: srtt_us:2865480: RTT:358185: ssthresh:2147483647: cwnd:10: delivered:1: lost:0: retrans:0
[  282.662967] AAAAA-TCP_RECV: name:enp0s3: saddr:100932208: daddr:33561200: srtt_us:2865480: RTT:358185: ssthresh:2147483647: cwnd:10: delivered:1: lost:0: retrans:0
[  282.663022] AAAAA-TCP_SEND: name:enp0s8: saddr:33561200: daddr:100932208: srtt_us:2865480: RTT:358185: ssthresh:2147483647: cwnd:10: delivered:1: lost:0: retrans:0
[  282.735925] AAAAA-TCP_RECV: name:enp0s3: saddr:100932208: daddr:33561200: srtt_us:2865480: RTT:358185: ssthresh:2147483647: cwnd:10: delivered:1: lost:0: retrans:0
[  282.735995] AAAAA-TCP_SEND: name:enp0s8: saddr:33561200: daddr:100932208: srtt_us:2865480: RTT:358185: ssthresh:2147483647: cwnd:10: delivered:1: lost:0: retrans:0
[  282.789390] AAAAA-TCP_RECV: name:enp0s3: saddr:100932208: daddr:33561200: srtt_us:2865480: RTT:358185: ssthresh:2147483647: cwnd:10: delivered:1: lost:0: retrans:0
[  282.789455] AAAAA-TCP_SEND: name:enp0s8: saddr:33561200: daddr:100932208: srtt_us:2865480: RTT:358185: ssthresh:2147483647: cwnd:10: delivered:1: lost:0: retrans:0
[  282.968180] AAAAA-TCP_RECV: name:enp0s3: saddr:100932208: daddr:33561200: srtt_us:2865480: RTT:358185: ssthresh:2147483647: cwnd:10: delivered:1: lost:0: retrans:0
[  282.968223] AAAAA-TCP_SEND: name:enp0s8: saddr:33561200: daddr:100932208: srtt_us:2865480: RTT:358185: ssthresh:2147483647: cwnd:10: delivered:1: lost:0: retrans:0
[  283.056523] AAAAA-TCP_RECV: name:enp0s3: saddr:100932208: daddr:33561200: srtt_us:2865480: RTT:358185: ssthresh:2147483647: cwnd:10: delivered:1: lost:0: retrans:0
[  283.056559] AAAAA-TCP_SEND: name:enp0s8: saddr:33561200: daddr:100932208: srtt_us:2865480: RTT:358185: ssthresh:2147483647: cwnd:10: delivered:1: lost:0: retrans:0
[  283.142388] AAAAA-TCP_RECV: name:enp0s3: saddr:100932208: daddr:33561200: srtt_us:2865480: RTT:358185: ssthresh:2147483647: cwnd:10: delivered:1: lost:0: retrans:0
[  283.142423] AAAAA-TCP_SEND: name:enp0s8: saddr:33561200: daddr:100932208: srtt_us:2865480: RTT:358185: ssthresh:2147483647: cwnd:10: delivered:1: lost:0: retrans:0
[  283.273583] AAAAA-TCP_RECV: name:enp0s3: saddr:100932208: daddr:33561200: srtt_us:2865480: RTT:358185: ssthresh:2147483647: cwnd:10: delivered:1: lost:0: retrans:0
[  283.273628] AAAAA-TCP_SEND: name:enp0s8: saddr:33561200: daddr:100932208: srtt_us:2865480: RTT:358185: ssthresh:2147483647: cwnd:10: delivered:1: lost:0: retrans:0
[  283.393183] AAAAA-TCP_RECV: name:enp0s3: saddr:100932208: daddr:33561200: srtt_us:2865480: RTT:358185: ssthresh:2147483647: cwnd:10: delivered:1: lost:0: retrans:0
[  283.393226] AAAAA-TCP_SEND: name:enp0s8: saddr:33561200: daddr:100932208: srtt_us:2865480: RTT:358185: ssthresh:2147483647: cwnd:10: delivered:1: lost:0: retrans:0
[  283.472631] AAAAA-TCP_RECV: name:enp0s3: saddr:100932208: daddr:33561200: srtt_us:2865480: RTT:358185: ssthresh:2147483647: cwnd:10: delivered:1: lost:0: retrans:0
[  283.472665] AAAAA-TCP_SEND: name:enp0s8: saddr:33561200: daddr:100932208: srtt_us:2865480: RTT:358185: ssthresh:2147483647: cwnd:10: delivered:1: lost:0: retrans:0
[  283.507624] AAAAA-TCP_RECV: name:enp0s3: saddr:100932208: daddr:16783984: srtt_us:1615192: RTT:201899: ssthresh:2147483647: cwnd:10: delivered:1: lost:0: retrans:0
[  283.507655] AAAAA-TCP_SEND: name:enp0s8: saddr:16783984: daddr:100932208: srtt_us:1615192: RTT:201899: ssthresh:2147483647: cwnd:10: delivered:1: lost:0: retrans:0
[  283.650020] AAAAA-TCP_RECV: name:enp0s3: saddr:100932208: daddr:16783984: srtt_us:1615192: RTT:201899: ssthresh:2147483647: cwnd:10: delivered:1: lost:0: retrans:0
[  283.650108] AAAAA-TCP_SEND: name:enp0s8: saddr:16783984: daddr:100932208: srtt_us:1615192: RTT:201899: ssthresh:2147483647: cwnd:10: delivered:1: lost:0: retrans:0
[  283.791836] AAAAA-TCP_RECV: name:enp0s3: saddr:100932208: daddr:16783984: srtt_us:1615192: RTT:201899: ssthresh:2147483647: cwnd:10: delivered:1: lost:0: retrans:0
[  283.791882] AAAAA-TCP_SEND: name:enp0s8: saddr:16783984: daddr:100932208: srtt_us:1615192: RTT:201899: ssthresh:2147483647: cwnd:10: delivered:1: lost:0: retrans:0
[  283.946676] AAAAA-TCP_RECV: name:enp0s3: saddr:100932208: daddr:16783984: srtt_us:1615192: RTT:201899: ssthresh:2147483647: cwnd:10: delivered:1: lost:0: retrans:0
[  283.946721] AAAAA-TCP_SEND: name:enp0s8: saddr:16783984: daddr:100932208: srtt_us:1615192: RTT:201899: ssthresh:2147483647: cwnd:10: delivered:1: lost:0: retrans:0
[  284.009513] AAAAA-TCP_RECV: name:enp0s3: saddr:100932208: daddr:16783984: srtt_us:1615192: RTT:201899: ssthresh:2147483647: cwnd:10: delivered:1: lost:0: retrans:0
[  284.009544] AAAAA-TCP_SEND: name:enp0s8: saddr:16783984: daddr:100932208: srtt_us:1615192: RTT:201899: ssthresh:2147483647: cwnd:10: delivered:1: lost:0: retrans:0
[  284.183630] AAAAA-TCP_RECV: name:enp0s3: saddr:100932208: daddr:16783984: srtt_us:1615192: RTT:201899: ssthresh:2147483647: cwnd:10: delivered:1: lost:0: retrans:0
[  284.183679] AAAAA-TCP_SEND: name:enp0s8: saddr:16783984: daddr:100932208: srtt_us:1615192: RTT:201899: ssthresh:2147483647: cwnd:10: delivered:1: lost:0: retrans:0
[  284.250984] AAAAA-TCP_RECV: name:enp0s3: saddr:100932208: daddr:16783984: srtt_us:1615192: RTT:201899: ssthresh:2147483647: cwnd:10: delivered:1: lost:0: retrans:0
[  284.251044] AAAAA-TCP_SEND: name:enp0s8: saddr:16783984: daddr:100932208: srtt_us:1615192: RTT:201899: ssthresh:2147483647: cwnd:10: delivered:1: lost:0: retrans:0
[  284.428907] AAAAA-TCP_RECV: name:enp0s3: saddr:100932208: daddr:16783984: srtt_us:1615192: RTT:201899: ssthresh:2147483647: cwnd:10: delivered:1: lost:0: retrans:0
[  284.428966] AAAAA-TCP_SEND: name:enp0s8: saddr:16783984: daddr:100932208: srtt_us:1615192: RTT:201899: ssthresh:2147483647: cwnd:10: delivered:1: lost:0: retrans:0
[  284.526693] AAAAA-TCP_RECV: name:enp0s3: saddr:100932208: daddr:16783984: srtt_us:1615192: RTT:201899: ssthresh:2147483647: cwnd:10: delivered:1: lost:0: retrans:0
[  284.526756] AAAAA-TCP_SEND: name:enp0s8: saddr:16783984: daddr:100932208: srtt_us:1615192: RTT:201899: ssthresh:2147483647: cwnd:10: delivered:1: lost:0: retrans:0
[  284.749685] AAAAA-TCP_RECV: name:enp0s3: saddr:100932208: daddr:16783984: srtt_us:1615192: RTT:201899: ssthresh:2147483647: cwnd:10: delivered:1: lost:0: retrans:0
[  284.749732] AAAAA-TCP_SEND: name:enp0s8: saddr:16783984: daddr:100932208: srtt_us:1615192: RTT:201899: ssthresh:2147483647: cwnd:10: delivered:1: lost:0: retrans:0
[  284.824388] AAAAA-TCP_RECV: name:enp0s3: saddr:100932208: daddr:16783984: srtt_us:1615192: RTT:201899: ssthresh:2147483647: cwnd:10: delivered:1: lost:0: retrans:0
[  284.824430] AAAAA-TCP_SEND: name:enp0s3: saddr:16783984: daddr:100932208: srtt_us:1615192: RTT:201899: ssthresh:2147483647: cwnd:10: delivered:1: lost:0: retrans:0
[  285.243669] AAAAA-TCP_RECV: name:enp0s3: saddr:100932208: daddr:16783984: srtt_us:1615192: RTT:201899: ssthresh:2147483647: cwnd:10: delivered:1: lost:0: retrans:0
[  285.243779] AAAAA-TCP_SEND: name:enp0s3: saddr:16783984: daddr:100932208: srtt_us:1615192: RTT:201899: ssthresh:2147483647: cwnd:10: delivered:1: lost:0: retrans:0
[  285.495265] AAAAA-TCP_RECV: name:enp0s3: saddr:100932208: daddr:16783984: srtt_us:1615192: RTT:201899: ssthresh:2147483647: cwnd:10: delivered:1: lost:0: retrans:0
[  285.495318] AAAAA-TCP_SEND: name:enp0s3: saddr:16783984: daddr:100932208: srtt_us:1615192: RTT:201899: ssthresh:2147483647: cwnd:10: delivered:1: lost:0: retrans:0
[  285.707783] AAAAA-TCP_RECV: name:enp0s3: saddr:100932208: daddr:16783984: srtt_us:1615192: RTT:201899: ssthresh:2147483647: cwnd:10: delivered:1: lost:0: retrans:0
[  285.707831] AAAAA-TCP_SEND: name:enp0s3: saddr:16783984: daddr:100932208: srtt_us:1615192: RTT:201899: ssthresh:2147483647: cwnd:10: delivered:1: lost:0: retrans:0
[  285.852424] AAAAA-TCP_RECV: name:enp0s3: saddr:100932208: daddr:33561200: srtt_us:2865480: RTT:358185: ssthresh:2147483647: cwnd:10: delivered:1: lost:0: retrans:0
[  285.852471] AAAAA-TCP_SEND: name:enp0s3: saddr:33561200: daddr:100932208: srtt_us:2865480: RTT:358185: ssthresh:2147483647: cwnd:10: delivered:1: lost:0: retrans:0
[  286.002245] AAAAA-TCP_RECV: name:enp0s3: saddr:100932208: daddr:33561200: srtt_us:2865480: RTT:358185: ssthresh:2147483647: cwnd:10: delivered:1: lost:0: retrans:0
[  286.002329] AAAAA-TCP_SEND: name:enp0s3: saddr:33561200: daddr:100932208: srtt_us:2865480: RTT:358185: ssthresh:2147483647: cwnd:10: delivered:1: lost:0: retrans:0
[  286.132528] AAAAA-TCP_RECV: name:enp0s3: saddr:100932208: daddr:33561200: srtt_us:2865480: RTT:358185: ssthresh:2147483647: cwnd:10: delivered:1: lost:0: retrans:0
[  286.132566] AAAAA-TCP_SEND: name:enp0s3: saddr:33561200: daddr:100932208: srtt_us:2865480: RTT:358185: ssthresh:2147483647: cwnd:10: delivered:1: lost:0: retrans:0
[  286.234423] AAAAA-TCP_RECV: name:enp0s3: saddr:100932208: daddr:33561200: srtt_us:2865480: RTT:358185: ssthresh:2147483647: cwnd:10: delivered:1: lost:0: retrans:0
[  286.234469] AAAAA-TCP_SEND: name:enp0s3: saddr:33561200: daddr:100932208: srtt_us:2865480: RTT:358185: ssthresh:2147483647: cwnd:10: delivered:1: lost:0: retrans:0
[  286.338934] AAAAA-TCP_RECV: name:enp0s3: saddr:100932208: daddr:33561200: srtt_us:2865480: RTT:358185: ssthresh:2147483647: cwnd:10: delivered:1: lost:0: retrans:0
[  286.338987] AAAAA-TCP_SEND: name:enp0s3: saddr:33561200: daddr:100932208: srtt_us:2865480: RTT:358185: ssthresh:2147483647: cwnd:10: delivered:1: lost:0: retrans:0
[  286.411117] AAAAA-TCP_RECV: name:enp0s3: saddr:100932208: daddr:33561200: srtt_us:2865480: RTT:358185: ssthresh:2147483647: cwnd:10: delivered:1: lost:0: retrans:0
[  286.411162] AAAAA-TCP_SEND: name:enp0s3: saddr:33561200: daddr:100932208: srtt_us:2865480: RTT:358185: ssthresh:2147483647: cwnd:10: delivered:1: lost:0: retrans:0
[  286.531210] AAAAA-TCP_RECV: name:enp0s3: saddr:100932208: daddr:33561200: srtt_us:2865480: RTT:358185: ssthresh:2147483647: cwnd:10: delivered:1: lost:0: retrans:0
[  286.531255] AAAAA-TCP_SEND: name:enp0s3: saddr:33561200: daddr:100932208: srtt_us:2865480: RTT:358185: ssthresh:2147483647: cwnd:10: delivered:1: lost:0: retrans:0
[  286.633263] AAAAA-TCP_RECV: name:enp0s3: saddr:100932208: daddr:33561200: srtt_us:2865480: RTT:358185: ssthresh:2147483647: cwnd:10: delivered:1: lost:0: retrans:0
[  286.633320] AAAAA-TCP_SEND: name:enp0s3: saddr:33561200: daddr:100932208: srtt_us:2865480: RTT:358185: ssthresh:2147483647: cwnd:10: delivered:1: lost:0: retrans:0
[  286.812788] AAAAA-TCP_RECV: name:enp0s3: saddr:100932208: daddr:33561200: srtt_us:2865480: RTT:358185: ssthresh:2147483647: cwnd:10: delivered:1: lost:0: retrans:0
[  286.812838] AAAAA-TCP_SEND: name:enp0s3: saddr:33561200: daddr:100932208: srtt_us:2865480: RTT:358185: ssthresh:2147483647: cwnd:10: delivered:1: lost:0: retrans:0
[  286.892333] AAAAA-TCP_RECV: name:enp0s3: saddr:100932208: daddr:33561200: srtt_us:2865480: RTT:358185: ssthresh:2147483647: cwnd:10: delivered:1: lost:0: retrans:0
[  286.892365] AAAAA-TCP_SEND: name:enp0s3: saddr:33561200: daddr:100932208: srtt_us:2865480: RTT:358185: ssthresh:2147483647: cwnd:10: delivered:1: lost:0: retrans:0
[  286.982463] AAAAA-TCP_RECV: name:enp0s3: saddr:100932208: daddr:33561200: srtt_us:2865480: RTT:358185: ssthresh:2147483647: cwnd:10: delivered:1: lost:0: retrans:0
[  286.982490] AAAAA-TCP_SEND: name:enp0s3: saddr:33561200: daddr:100932208: srtt_us:2865480: RTT:358185: ssthresh:2147483647: cwnd:10: delivered:1: lost:0: retrans:0
[  287.049954] AAAAA-TCP_RECV: name:enp0s3: saddr:100932208: daddr:33561200: srtt_us:2865480: RTT:358185: ssthresh:2147483647: cwnd:10: delivered:1: lost:0: retrans:0
[  287.049986] AAAAA-TCP_SEND: name:enp0s3: saddr:33561200: daddr:100932208: srtt_us:2865480: RTT:358185: ssthresh:2147483647: cwnd:10: delivered:1: lost:0: retrans:0
[  287.190598] AAAAA-TCP_RECV: name:enp0s3: saddr:100932208: daddr:33561200: srtt_us:2865480: RTT:358185: ssthresh:2147483647: cwnd:10: delivered:1: lost:0: retrans:0
[  287.190640] AAAAA-TCP_SEND: name:enp0s3: saddr:33561200: daddr:100932208: srtt_us:2865480: RTT:358185: ssthresh:2147483647: cwnd:10: delivered:1: lost:0: retrans:0
[  287.331262] AAAAA-TCP_RECV: name:enp0s3: saddr:100932208: daddr:33561200: srtt_us:2865480: RTT:358185: ssthresh:2147483647: cwnd:10: delivered:1: lost:0: retrans:0
[  287.331314] AAAAA-TCP_SEND: name:enp0s3: saddr:33561200: daddr:100932208: srtt_us:2865480: RTT:358185: ssthresh:2147483647: cwnd:10: delivered:1: lost:0: retrans:0
[  287.403667] AAAAA-TCP_RECV: name:enp0s3: saddr:100932208: daddr:33561200: srtt_us:2865480: RTT:358185: ssthresh:2147483647: cwnd:10: delivered:1: lost:0: retrans:0
[  287.403700] AAAAA-TCP_SEND: name:enp0s3: saddr:33561200: daddr:100932208: srtt_us:2865480: RTT:358185: ssthresh:2147483647: cwnd:10: delivered:1: lost:0: retrans:0
[  287.471044] AAAAA-TCP_RECV: name:enp0s3: saddr:100932208: daddr:33561200: srtt_us:2865480: RTT:358185: ssthresh:2147483647: cwnd:10: delivered:1: lost:0: retrans:0
[  287.471080] AAAAA-TCP_SEND: name:enp0s3: saddr:33561200: daddr:100932208: srtt_us:2865480: RTT:358185: ssthresh:2147483647: cwnd:10: delivered:1: lost:0: retrans:0
[  287.537486] AAAAA-TCP_RECV: name:enp0s3: saddr:100932208: daddr:33561200: srtt_us:2865480: RTT:358185: ssthresh:2147483647: cwnd:10: delivered:1: lost:0: retrans:0
[  287.537550] AAAAA-TCP_SEND: name:enp0s3: saddr:33561200: daddr:100932208: srtt_us:2865480: RTT:358185: ssthresh:2147483647: cwnd:10: delivered:1: lost:0: retrans:0
[  287.673958] AAAAA-TCP_RECV: name:enp0s3: saddr:100932208: daddr:33561200: srtt_us:2865480: RTT:358185: ssthresh:2147483647: cwnd:10: delivered:1: lost:0: retrans:0
[  287.674076] AAAAA-TCP_SEND: name:enp0s3: saddr:33561200: daddr:100932208: srtt_us:2865480: RTT:358185: ssthresh:2147483647: cwnd:10: delivered:1: lost:0: retrans:0
[  287.723485] AAAAA-TCP_RECV: name:enp0s3: saddr:100932208: daddr:33561200: srtt_us:2865480: RTT:358185: ssthresh:2147483647: cwnd:10: delivered:1: lost:0: retrans:0
[  287.723598] AAAAA-TCP_SEND: name:enp0s3: saddr:33561200: daddr:100932208: srtt_us:2865480: RTT:358185: ssthresh:2147483647: cwnd:10: delivered:1: lost:0: retrans:0
[  287.837902] AAAAA-TCP_RECV: name:enp0s3: saddr:100932208: daddr:33561200: srtt_us:2865480: RTT:358185: ssthresh:2147483647: cwnd:10: delivered:1: lost:0: retrans:0
[  287.838106] AAAAA-TCP_SEND: name:enp0s3: saddr:33561200: daddr:100932208: srtt_us:2865480: RTT:358185: ssthresh:2147483647: cwnd:10: delivered:1: lost:0: retrans:0
[  288.062271] AAAAA-TCP_RECV: name:enp0s3: saddr:100932208: daddr:33561200: srtt_us:2865480: RTT:358185: ssthresh:2147483647: cwnd:10: delivered:1: lost:0: retrans:0
[  288.062669] AAAAA-TCP_SEND: name:enp0s3: saddr:33561200: daddr:100932208: srtt_us:2865480: RTT:358185: ssthresh:2147483647: cwnd:10: delivered:1: lost:0: retrans:0
[  288.139121] AAAAA-TCP_RECV: name:enp0s3: saddr:100932208: daddr:33561200: srtt_us:2865480: RTT:358185: ssthresh:2147483647: cwnd:10: delivered:1: lost:0: retrans:0
[  288.139287] AAAAA-TCP_SEND: name:enp0s3: saddr:33561200: daddr:100932208: srtt_us:2865480: RTT:358185: ssthresh:2147483647: cwnd:10: delivered:1: lost:0: retrans:0
[  288.219562] AAAAA-TCP_RECV: name:enp0s3: saddr:100932208: daddr:33561200: srtt_us:2865480: RTT:358185: ssthresh:2147483647: cwnd:10: delivered:1: lost:0: retrans:0
[  288.219664] AAAAA-TCP_SEND: name:enp0s3: saddr:33561200: daddr:100932208: srtt_us:2865480: RTT:358185: ssthresh:2147483647: cwnd:10: delivered:1: lost:0: retrans:0
[  288.306956] AAAAA-TCP_RECV: name:enp0s3: saddr:100932208: daddr:33561200: srtt_us:2865480: RTT:358185: ssthresh:2147483647: cwnd:10: delivered:1: lost:0: retrans:0
[  288.307055] AAAAA-TCP_SEND: name:enp0s3: saddr:33561200: daddr:100932208: srtt_us:2865480: RTT:358185: ssthresh:2147483647: cwnd:10: delivered:1: lost:0: retrans:0
[  288.347825] AAAAA-TCP_RECV: name:enp0s3: saddr:100932208: daddr:33561200: srtt_us:2865480: RTT:358185: ssthresh:2147483647: cwnd:10: delivered:1: lost:0: retrans:0
[  288.347969] AAAAA-TCP_SEND: name:enp0s3: saddr:33561200: daddr:100932208: srtt_us:2865480: RTT:358185: ssthresh:2147483647: cwnd:10: delivered:1: lost:0: retrans:0
[  288.443603] AAAAA-TCP_RECV: name:enp0s3: saddr:100932208: daddr:33561200: srtt_us:2865480: RTT:358185: ssthresh:2147483647: cwnd:10: delivered:1: lost:0: retrans:0
[  288.443671] AAAAA-TCP_SEND: name:enp0s3: saddr:33561200: daddr:100932208: srtt_us:2865480: RTT:358185: ssthresh:2147483647: cwnd:10: delivered:1: lost:0: retrans:0
[  288.600276] AAAAA-TCP_RECV: name:enp0s3: saddr:100932208: daddr:16783984: srtt_us:1615192: RTT:201899: ssthresh:2147483647: cwnd:10: delivered:1: lost:0: retrans:0
[  288.600323] AAAAA-TCP_SEND: name:enp0s3: saddr:16783984: daddr:100932208: srtt_us:1615192: RTT:201899: ssthresh:2147483647: cwnd:10: delivered:1: lost:0: retrans:0
[  288.915528] AAAAA-TCP_RECV: name:enp0s3: saddr:100932208: daddr:16783984: srtt_us:1615192: RTT:201899: ssthresh:2147483647: cwnd:10: delivered:1: lost:0: retrans:0
[  288.915575] AAAAA-TCP_SEND: name:enp0s3: saddr:16783984: daddr:100932208: srtt_us:1615192: RTT:201899: ssthresh:2147483647: cwnd:10: delivered:1: lost:0: retrans:0
[  289.063776] AAAAA-TCP_RECV: name:enp0s3: saddr:100932208: daddr:16783984: srtt_us:1615192: RTT:201899: ssthresh:2147483647: cwnd:10: delivered:1: lost:0: retrans:0
[  289.063818] AAAAA-TCP_SEND: name:enp0s3: saddr:16783984: daddr:100932208: srtt_us:1615192: RTT:201899: ssthresh:2147483647: cwnd:10: delivered:1: lost:0: retrans:0
[  289.296720] AAAAA-TCP_RECV: name:enp0s3: saddr:100932208: daddr:16783984: srtt_us:1615192: RTT:201899: ssthresh:2147483647: cwnd:10: delivered:1: lost:0: retrans:0
[  289.296767] AAAAA-TCP_SEND: name:enp0s3: saddr:16783984: daddr:100932208: srtt_us:1615192: RTT:201899: ssthresh:2147483647: cwnd:10: delivered:1: lost:0: retrans:0
[  289.390735] AAAAA-TCP_RECV: name:enp0s3: saddr:100932208: daddr:16783984: srtt_us:1615192: RTT:201899: ssthresh:2147483647: cwnd:10: delivered:1: lost:0: retrans:0
[  289.390782] AAAAA-TCP_SEND: name:enp0s3: saddr:16783984: daddr:100932208: srtt_us:1615192: RTT:201899: ssthresh:2147483647: cwnd:10: delivered:1: lost:0: retrans:0
[  289.526051] AAAAA-TCP_RECV: name:enp0s3: saddr:100932208: daddr:16783984: srtt_us:1615192: RTT:201899: ssthresh:2147483647: cwnd:10: delivered:1: lost:0: retrans:0
[  289.526096] AAAAA-TCP_SEND: name:enp0s3: saddr:16783984: daddr:100932208: srtt_us:1615192: RTT:201899: ssthresh:2147483647: cwnd:10: delivered:1: lost:0: retrans:0
[  289.675074] AAAAA-TCP_RECV: name:enp0s3: saddr:100932208: daddr:16783984: srtt_us:1615192: RTT:201899: ssthresh:2147483647: cwnd:10: delivered:1: lost:0: retrans:0
[  289.675119] AAAAA-TCP_SEND: name:enp0s3: saddr:16783984: daddr:100932208: srtt_us:1615192: RTT:201899: ssthresh:2147483647: cwnd:10: delivered:1: lost:0: retrans:0
[  289.941470] AAAAA-TCP_RECV: name:enp0s3: saddr:100932208: daddr:16783984: srtt_us:1615192: RTT:201899: ssthresh:2147483647: cwnd:10: delivered:1: lost:0: retrans:0
[  289.941552] AAAAA-TCP_SEND: name:enp0s3: saddr:16783984: daddr:100932208: srtt_us:1615192: RTT:201899: ssthresh:2147483647: cwnd:10: delivered:1: lost:0: retrans:0
[  290.163988] AAAAA-TCP_RECV: name:enp0s3: saddr:100932208: daddr:16783984: srtt_us:1615192: RTT:201899: ssthresh:2147483647: cwnd:10: delivered:1: lost:0: retrans:0
[  290.164034] AAAAA-TCP_SEND: name:enp0s3: saddr:16783984: daddr:100932208: srtt_us:1615192: RTT:201899: ssthresh:2147483647: cwnd:10: delivered:1: lost:0: retrans:0
[  290.411784] AAAAA-TCP_RECV: name:enp0s3: saddr:100932208: daddr:16783984: srtt_us:1615192: RTT:201899: ssthresh:2147483647: cwnd:10: delivered:1: lost:0: retrans:0
[  290.411837] AAAAA-TCP_SEND: name:enp0s3: saddr:16783984: daddr:100932208: srtt_us:1615192: RTT:201899: ssthresh:2147483647: cwnd:10: delivered:1: lost:0: retrans:0
[  290.606817] AAAAA-TCP_RECV: name:enp0s3: saddr:100932208: daddr:16783984: srtt_us:1615192: RTT:201899: ssthresh:2147483647: cwnd:10: delivered:1: lost:0: retrans:0
[  290.606869] AAAAA-TCP_SEND: name:enp0s3: saddr:16783984: daddr:100932208: srtt_us:1615192: RTT:201899: ssthresh:2147483647: cwnd:10: delivered:1: lost:0: retrans:0
[  290.715122] AAAAA-TCP_RECV: name:enp0s3: saddr:100932208: daddr:16783984: srtt_us:1615192: RTT:201899: ssthresh:2147483647: cwnd:10: delivered:1: lost:0: retrans:0
[  290.715167] AAAAA-TCP_SEND: name:enp0s3: saddr:16783984: daddr:100932208: srtt_us:1615192: RTT:201899: ssthresh:2147483647: cwnd:10: delivered:1: lost:0: retrans:0
[  291.425864] AAAAA-TCP_RECV: name:enp0s3: saddr:100932208: daddr:16783984: srtt_us:1615192: RTT:201899: ssthresh:2147483647: cwnd:10: delivered:1: lost:0: retrans:0
[  291.425933] AAAAA-TCP_SEND: name:enp0s3: saddr:16783984: daddr:100932208: srtt_us:1615192: RTT:201899: ssthresh:2147483647: cwnd:10: delivered:1: lost:0: retrans:0
[  291.567957] AAAAA-TCP_RECV: name:enp0s3: saddr:100932208: daddr:16783984: srtt_us:1615192: RTT:201899: ssthresh:2147483647: cwnd:10: delivered:1: lost:0: retrans:0
[  291.568018] AAAAA-TCP_SEND: name:enp0s3: saddr:16783984: daddr:100932208: srtt_us:1615192: RTT:201899: ssthresh:2147483647: cwnd:10: delivered:1: lost:0: retrans:0
[  291.723975] AAAAA-TCP_RECV: name:enp0s3: saddr:100932208: daddr:16783984: srtt_us:1615192: RTT:201899: ssthresh:2147483647: cwnd:10: delivered:1: lost:0: retrans:0
[  291.724016] AAAAA-TCP_SEND: name:enp0s3: saddr:16783984: daddr:100932208: srtt_us:1615192: RTT:201899: ssthresh:2147483647: cwnd:10: delivered:1: lost:0: retrans:0
[  292.069572] AAAAA-TCP_RECV: name:enp0s3: saddr:100932208: daddr:16783984: srtt_us:1615192: RTT:201899: ssthresh:2147483647: cwnd:10: delivered:1: lost:0: retrans:0
