[    0.000000] Linux version 5.4.243-mptcp (root@ztg) (gcc version 12.2.0 (Debian 12.2.0-14+deb12u1)) #53 SMP Wed Dec 24 23:28:15 CST 2025
[    0.000000] Command line: BOOT_IMAGE=/boot/vmlinuz-5.4.243-mptcp root=UUID=98415a12-53b7-4144-8265-0f7ece09e445 ro quiet splash
[    0.000000] KERNEL supported cpus:
[    0.000000]   Intel GenuineIntel
[    0.000000]   AMD AuthenticAMD
[    0.000000]   Hygon HygonGenuine
[    0.000000]   Centaur CentaurHauls
[    0.000000]   zhaoxin   Shanghai  
[    0.000000] x86/fpu: Supporting XSAVE feature 0x001: 'x87 floating point registers'
[    0.000000] x86/fpu: Supporting XSAVE feature 0x002: 'SSE registers'
[    0.000000] x86/fpu: Supporting XSAVE feature 0x004: 'AVX registers'
[    0.000000] x86/fpu: xstate_offset[2]:  576, xstate_sizes[2]:  256
[    0.000000] x86/fpu: Enabled xstate features 0x7, context size is 832 bytes, using 'standard' format.
[    0.000000] BIOS-provided physical RAM map:
[    0.000000] BIOS-e820: [mem 0x0000000000000000-0x000000000009fbff] usable
[    0.000000] BIOS-e820: [mem 0x000000000009fc00-0x000000000009ffff] reserved
[    0.000000] BIOS-e820: [mem 0x00000000000f0000-0x00000000000fffff] reserved
[    0.000000] BIOS-e820: [mem 0x0000000000100000-0x000000007ffeffff] usable
[    0.000000] BIOS-e820: [mem 0x000000007fff0000-0x000000007fffffff] ACPI data
[    0.000000] BIOS-e820: [mem 0x00000000fec00000-0x00000000fec00fff] reserved
[    0.000000] BIOS-e820: [mem 0x00000000fee00000-0x00000000fee00fff] reserved
[    0.000000] BIOS-e820: [mem 0x00000000fffc0000-0x00000000ffffffff] reserved
[    0.000000] NX (Execute Disable) protection: active
[    0.000000] SMBIOS 2.5 present.
[    0.000000] DMI: innotek GmbH VirtualBox/VirtualBox, BIOS VirtualBox 12/01/2006
[    0.000000] Hypervisor detected: KVM
[    0.000000] kvm-clock: Using msrs 4b564d01 and 4b564d00
[    0.000000] kvm-clock: cpu 0, msr 5dc01001, primary cpu clock
[    0.000000] kvm-clock: using sched offset of 4459716997 cycles
[    0.000003] clocksource: kvm-clock: mask: 0xffffffffffffffff max_cycles: 0x1cd42e4dffb, max_idle_ns: 881590591483 ns
[    0.000005] tsc: Detected 2100.000 MHz processor
[    0.001883] e820: update [mem 0x00000000-0x00000fff] usable ==> reserved
[    0.001885] e820: remove [mem 0x000a0000-0x000fffff] usable
[    0.001889] last_pfn = 0x7fff0 max_arch_pfn = 0x400000000
[    0.001957] MTRR default type: uncachable
[    0.001957] MTRR fixed ranges enabled:
[    0.001959]   00000-9FFFF write-back
[    0.001959]   A0000-BFFFF uncachable
[    0.001960]   C0000-FFFFF write-protect
[    0.001961] MTRR variable ranges enabled:
[    0.001962]   0 base 000000000000 mask 3FFF80000000 write-back
[    0.001963]   1 disabled
[    0.001963]   2 disabled
[    0.001964]   3 disabled
[    0.001964]   4 disabled
[    0.001964]   5 disabled
[    0.001965]   6 disabled
[    0.001965]   7 disabled
[    0.001966]   8 disabled
[    0.001966]   9 disabled
[    0.001967]   10 disabled
[    0.001967]   11 disabled
[    0.001967]   12 disabled
[    0.001968]   13 disabled
[    0.001968]   14 disabled
[    0.001969]   15 disabled
[    0.001985] x86/PAT: Configuration [0-7]: WB  WC  UC- UC  WB  WP  UC- WT  
[    0.002120] found SMP MP-table at [mem 0x0009fff0-0x0009ffff]
[    0.094088] check: Scanning 1 areas for low memory corruption
[    0.094286] RAMDISK: [mem 0x32271000-0x3512ffff]
[    0.094295] ACPI: Early table checksum verification disabled
[    0.094300] ACPI: RSDP 0x00000000000E0000 000024 (v02 VBOX  )
[    0.094305] ACPI: XSDT 0x000000007FFF0030 00003C (v01 VBOX   VBOXXSDT 00000001 ASL  00000061)
[    0.094311] ACPI: FACP 0x000000007FFF00F0 0000F4 (v04 VBOX   VBOXFACP 00000001 ASL  00000061)
[    0.094318] ACPI: DSDT 0x000000007FFF02E0 002353 (v02 VBOX   VBOXBIOS 00000002 VBOX 00029BF3)
[    0.094322] ACPI: FACS 0x000000007FFF0200 000040
[    0.094325] ACPI: FACS 0x000000007FFF0200 000040
[    0.094328] ACPI: APIC 0x000000007FFF0240 000054 (v02 VBOX   VBOXAPIC 00000001 ASL  00000061)
[    0.094332] ACPI: SSDT 0x000000007FFF02A0 000038 (v01 VBOX   VBOXCPUT 00000002 VBOX 00029BF3)
[    0.094335] ACPI: Reserving FACP table memory at [mem 0x7fff00f0-0x7fff01e3]
[    0.094336] ACPI: Reserving DSDT table memory at [mem 0x7fff02e0-0x7fff2632]
[    0.094337] ACPI: Reserving FACS table memory at [mem 0x7fff0200-0x7fff023f]
[    0.094337] ACPI: Reserving FACS table memory at [mem 0x7fff0200-0x7fff023f]
[    0.094338] ACPI: Reserving APIC table memory at [mem 0x7fff0240-0x7fff0293]
[    0.094339] ACPI: Reserving SSDT table memory at [mem 0x7fff02a0-0x7fff02d7]
[    0.094353] ACPI: Local APIC address 0xfee00000
[    0.094540] No NUMA configuration found
[    0.094541] Faking a node at [mem 0x0000000000000000-0x000000007ffeffff]
[    0.094552] NODE_DATA(0) allocated [mem 0x7ffc5000-0x7ffeffff]
[    0.094812] Zone ranges:
[    0.094813]   DMA      [mem 0x0000000000001000-0x0000000000ffffff]
[    0.094814]   DMA32    [mem 0x0000000001000000-0x000000007ffeffff]
[    0.094815]   Normal   empty
[    0.094815]   Device   empty
[    0.094816] Movable zone start for each node
[    0.094818] Early memory node ranges
[    0.094819]   node   0: [mem 0x0000000000001000-0x000000000009efff]
[    0.094820]   node   0: [mem 0x0000000000100000-0x000000007ffeffff]
[    0.094823] Zeroed struct page in unavailable ranges: 114 pages
[    0.094824] Initmem setup node 0 [mem 0x0000000000001000-0x000000007ffeffff]
[    0.094825] On node 0 totalpages: 524174
[    0.094826]   DMA zone: 64 pages used for memmap
[    0.094826]   DMA zone: 21 pages reserved
[    0.094827]   DMA zone: 3998 pages, LIFO batch:0
[    0.094898]   DMA32 zone: 8128 pages used for memmap
[    0.094899]   DMA32 zone: 520176 pages, LIFO batch:63
[    0.104092] ACPI: PM-Timer IO Port: 0x4008
[    0.104096] ACPI: Local APIC address 0xfee00000
[    0.104163] IOAPIC[0]: apic_id 1, version 32, address 0xfec00000, GSI 0-23
[    0.104167] ACPI: INT_SRC_OVR (bus 0 bus_irq 0 global_irq 2 dfl dfl)
[    0.104169] ACPI: INT_SRC_OVR (bus 0 bus_irq 9 global_irq 9 low level)
[    0.104171] ACPI: IRQ0 used by override.
[    0.104172] ACPI: IRQ9 used by override.
[    0.104174] Using ACPI (MADT) for SMP configuration information
[    0.104182] smpboot: Allowing 1 CPUs, 0 hotplug CPUs
[    0.104204] PM: Registered nosave memory: [mem 0x00000000-0x00000fff]
[    0.104205] PM: Registered nosave memory: [mem 0x0009f000-0x0009ffff]
[    0.104206] PM: Registered nosave memory: [mem 0x000a0000-0x000effff]
[    0.104206] PM: Registered nosave memory: [mem 0x000f0000-0x000fffff]
[    0.104208] [mem 0x80000000-0xfebfffff] available for PCI devices
[    0.104209] Booting paravirtualized kernel on KVM
[    0.104212] clocksource: refined-jiffies: mask: 0xffffffff max_cycles: 0xffffffff, max_idle_ns: 7645519600211568 ns
[    0.104217] setup_percpu: NR_CPUS:8192 nr_cpumask_bits:1 nr_cpu_ids:1 nr_node_ids:1
[    0.105227] percpu: Embedded 60 pages/cpu s208896 r8192 d28672 u2097152
[    0.105232] pcpu-alloc: s208896 r8192 d28672 u2097152 alloc=1*2097152
[    0.105233] pcpu-alloc: [0] 0 
[    0.105259] Built 1 zonelists, mobility grouping on.  Total pages: 515961
[    0.105259] Policy zone: DMA32
[    0.105260] Kernel command line: BOOT_IMAGE=/boot/vmlinuz-5.4.243-mptcp root=UUID=98415a12-53b7-4144-8265-0f7ece09e445 ro quiet splash
[    0.106112] Dentry cache hash table entries: 262144 (order: 9, 2097152 bytes, linear)
[    0.106258] Inode-cache hash table entries: 131072 (order: 8, 1048576 bytes, linear)
[    0.106310] mem auto-init: stack:off, heap alloc:on, heap free:off
[    0.106312] Calgary: detecting Calgary via BIOS EBDA area
[    0.106313] Calgary: Unable to locate Rio Grande table in EBDA - bailing!
[    0.110512] Memory: 1967332K/2096696K available (14339K kernel code, 2398K rwdata, 4712K rodata, 2728K init, 17260K bss, 129364K reserved, 0K cma-reserved)
[    0.111465] SLUB: HWalign=64, Order=0-3, MinObjects=0, CPUs=1, Nodes=1
[    0.111481] ftrace: allocating 43186 entries in 169 pages
[    0.129624] rcu: Hierarchical RCU implementation.
[    0.129626] rcu: 	RCU restricting CPUs from NR_CPUS=8192 to nr_cpu_ids=1.
[    0.129628] 	Tasks RCU enabled.
[    0.129629] rcu: RCU calculated value of scheduler-enlistment delay is 25 jiffies.
[    0.129630] rcu: Adjusting geometry for rcu_fanout_leaf=16, nr_cpu_ids=1
[    0.132602] NR_IRQS: 524544, nr_irqs: 256, preallocated irqs: 16
[    0.132818] random: crng init done
[    0.142128] Console: colour VGA+ 80x25
[    0.142133] printk: console [tty0] enabled
[    0.142153] ACPI: Core revision 20190816
[    0.142254] APIC: Switch to symmetric I/O mode setup
[    0.142506] x2apic enabled
[    0.142743] Switched APIC routing to physical x2apic.
[    0.143881] ..TIMER: vector=0x30 apic1=0 pin1=2 apic2=-1 pin2=-1
[    0.143907] clocksource: tsc-early: mask: 0xffffffffffffffff max_cycles: 0x1e4530a99b6, max_idle_ns: 440795257976 ns
[    0.143913] Calibrating delay loop (skipped) preset value.. 4200.00 BogoMIPS (lpj=8400000)
[    0.143915] pid_max: default: 32768 minimum: 301
[    0.143943] LSM: Security Framework initializing
[    0.143953] Yama: becoming mindful.
[    0.143980] AppArmor: AppArmor initialized
[    0.144013] Mount-cache hash table entries: 4096 (order: 3, 32768 bytes, linear)
[    0.144018] Mountpoint-cache hash table entries: 4096 (order: 3, 32768 bytes, linear)
[    0.144027] *** VALIDATE tmpfs ***
[    0.144157] *** VALIDATE proc ***
[    0.144198] *** VALIDATE cgroup1 ***
[    0.144199] *** VALIDATE cgroup2 ***
[    0.144341] process: using mwait in idle threads
[    0.144346] Last level iTLB entries: 4KB 64, 2MB 8, 4MB 8
[    0.144346] Last level dTLB entries: 4KB 64, 2MB 0, 4MB 0, 1GB 4
[    0.144366] Spectre V1 : Mitigation: usercopy/swapgs barriers and __user pointer sanitization
[    0.144371] Spectre V2 : Mitigation: Retpolines
[    0.144372] Spectre V2 : Spectre v2 / SpectreRSB mitigation: Filling RSB on context switch
[    0.144373] Spectre V2 : Spectre v2 / SpectreRSB : Filling RSB on VMEXIT
[    0.144373] RETBleed: WARNING: Spectre v2 mitigation leaves CPU vulnerable to RETBleed attacks, data leaks possible!
[    0.144726] RETBleed: Vulnerable
[    0.144726] Speculative Store Bypass: Vulnerable
[    0.144731] TAA: Mitigation: TSX disabled
[    0.144732] MMIO Stale Data: Mitigation: Clear CPU buffers
[    0.149048] Freeing SMP alternatives memory: 40K
[    0.261251] smpboot: CPU0: Intel(R) Xeon(R) Silver 4216 CPU @ 2.10GHz (family: 0x6, model: 0x55, stepping: 0x7)
[    0.261428] Performance Events: unsupported p6 CPU model 85 no PMU driver, software events only.
[    0.261468] rcu: Hierarchical SRCU implementation.
[    0.261974] NMI watchdog: Perf NMI watchdog permanently disabled
[    0.262016] smp: Bringing up secondary CPUs ...
[    0.262017] smp: Brought up 1 node, 1 CPU
[    0.262018] smpboot: Max logical packages: 1
[    0.262020] smpboot: Total of 1 processors activated (4200.00 BogoMIPS)
[    0.263003] devtmpfs: initialized
[    0.263052] x86/mm: Memory block size: 128MB
[    0.263401] clocksource: jiffies: mask: 0xffffffff max_cycles: 0xffffffff, max_idle_ns: 7645041785100000 ns
[    0.263407] futex hash table entries: 256 (order: 2, 16384 bytes, linear)
[    0.263452] pinctrl core: initialized pinctrl subsystem
[    0.263554] PM: RTC time: 18:48:37, date: 2026-01-14
[    0.263661] NET: Registered protocol family 16
[    0.263735] audit: initializing netlink subsys (disabled)
[    0.263862] EISA bus registered
[    0.263864] cpuidle: using governor ladder
[    0.263864] cpuidle: using governor menu
[    0.263901] ACPI: bus type PCI registered
[    0.263903] acpiphp: ACPI Hot Plug PCI Controller Driver version: 0.5
[    0.263909] PCI: Using configuration type 1 for base access
[    0.264318] audit: type=2000 audit(1768387723.747:1): state=initialized audit_enabled=0 res=1
[    0.264417] HugeTLB registered 2.00 MiB page size, pre-allocated 0 pages
[    0.265250] ACPI: Added _OSI(Module Device)
[    0.265251] ACPI: Added _OSI(Processor Device)
[    0.265252] ACPI: Added _OSI(3.0 _SCP Extensions)
[    0.265252] ACPI: Added _OSI(Processor Aggregator Device)
[    0.265253] ACPI: Added _OSI(Linux-Dell-Video)
[    0.265254] ACPI: Added _OSI(Linux-Lenovo-NV-HDMI-Audio)
[    0.265255] ACPI: Added _OSI(Linux-HPI-Hybrid-Graphics)
[    0.267224] ACPI: 2 ACPI AML tables successfully acquired and loaded
[    0.268760] ACPI: Interpreter enabled
[    0.268772] ACPI: (supports S0 S5)
[    0.268773] ACPI: Using IOAPIC for interrupt routing
[    0.269023] PCI: Using host bridge windows from ACPI; if necessary, use "pci=nocrs" and report a bug
[    0.269166] ACPI: Enabled 2 GPEs in block 00 to 07
[    0.275404] ACPI: PCI Root Bridge [PCI0] (domain 0000 [bus 00-ff])
[    0.275410] acpi PNP0A03:00: _OSC: OS supports [ASPM ClockPM Segments MSI HPX-Type3]
[    0.276000] acpi PNP0A03:00: _OSC: not requesting OS control; OS requires [ExtendedConfig ASPM ClockPM MSI]
[    0.276011] acpi PNP0A03:00: fail to add MMCONFIG information, can't access extended PCI configuration space under this bridge.
[    0.276434] PCI host bridge to bus 0000:00
[    0.276436] pci_bus 0000:00: root bus resource [io  0x0000-0x0cf7 window]
[    0.276437] pci_bus 0000:00: root bus resource [io  0x0d00-0xffff window]
[    0.276439] pci_bus 0000:00: root bus resource [mem 0x000a0000-0x000bffff window]
[    0.276440] pci_bus 0000:00: root bus resource [mem 0x80000000-0xfdffffff window]
[    0.276442] pci_bus 0000:00: root bus resource [bus 00-ff]
[    0.276488] pci 0000:00:00.0: [8086:1237] type 00 class 0x060000
[    0.277565] pci 0000:00:01.0: [8086:7000] type 00 class 0x060100
[    0.278373] pci 0000:00:01.1: [8086:7111] type 00 class 0x01018a
[    0.278766] pci 0000:00:01.1: reg 0x20: [io  0xd000-0xd00f]
[    0.278923] pci 0000:00:01.1: legacy IDE quirk: reg 0x10: [io  0x01f0-0x01f7]
[    0.278924] pci 0000:00:01.1: legacy IDE quirk: reg 0x14: [io  0x03f6]
[    0.278925] pci 0000:00:01.1: legacy IDE quirk: reg 0x18: [io  0x0170-0x0177]
[    0.278926] pci 0000:00:01.1: legacy IDE quirk: reg 0x1c: [io  0x0376]
[    0.279493] pci 0000:00:02.0: [15ad:0405] type 00 class 0x030000
[    0.281924] pci 0000:00:02.0: reg 0x10: [io  0xd010-0xd01f]
[    0.285968] pci 0000:00:02.0: reg 0x14: [mem 0xe0000000-0xe7ffffff pref]
[    0.287968] pci 0000:00:02.0: reg 0x18: [mem 0xf0000000-0xf01fffff]
[    0.300735] pci 0000:00:03.0: [1022:2000] type 00 class 0x020000
[    0.301499] pci 0000:00:03.0: reg 0x10: [io  0xd020-0xd03f]
[    0.302217] pci 0000:00:03.0: reg 0x14: [mem 0xf0200000-0xf0200fff]
[    0.306016] pci 0000:00:04.0: [80ee:cafe] type 00 class 0x088000
[    0.306710] pci 0000:00:04.0: reg 0x10: [io  0xd040-0xd05f]
[    0.308031] pci 0000:00:04.0: reg 0x14: [mem 0xf0400000-0xf07fffff]
[    0.308647] pci 0000:00:04.0: reg 0x18: [mem 0xf0800000-0xf0803fff pref]
[    0.311956] pci 0000:00:07.0: [8086:7113] type 00 class 0x068000
[    0.312511] pci 0000:00:07.0: quirk: [io  0x4000-0x403f] claimed by PIIX4 ACPI
[    0.312521] pci 0000:00:07.0: quirk: [io  0x4100-0x410f] claimed by PIIX4 SMB
[    0.313138] pci 0000:00:08.0: [8086:100e] type 00 class 0x020000
[    0.313875] pci 0000:00:08.0: reg 0x10: [mem 0xf0820000-0xf083ffff]
[    0.315041] pci 0000:00:08.0: reg 0x18: [io  0xd060-0xd067]
[    0.318140] pci 0000:00:09.0: [8086:100e] type 00 class 0x020000
[    0.318862] pci 0000:00:09.0: reg 0x10: [mem 0xf0840000-0xf085ffff]
[    0.320594] pci 0000:00:09.0: reg 0x18: [io  0xd068-0xd06f]
[    0.329053] ACPI: PCI Interrupt Link [LNKA] (IRQs 5 9 10 *11)
[    0.332183] ACPI: PCI Interrupt Link [LNKB] (IRQs 5 9 *10 11)
[    0.332283] ACPI: PCI Interrupt Link [LNKC] (IRQs 5 *9 10 11)
[    0.332388] ACPI: PCI Interrupt Link [LNKD] (IRQs 5 9 10 *11)
[    0.332653] iommu: Default domain type: Translated 
[    0.332713] pci 0000:00:02.0: vgaarb: setting as boot VGA device
[    0.332715] pci 0000:00:02.0: vgaarb: VGA device added: decodes=io+mem,owns=io+mem,locks=none
[    0.332717] pci 0000:00:02.0: vgaarb: bridge control possible
[    0.332718] vgaarb: loaded
[    0.332928] SCSI subsystem initialized
[    0.332960] libata version 3.00 loaded.
[    0.332985] ACPI: bus type USB registered
[    0.333002] usbcore: registered new interface driver usbfs
[    0.333008] usbcore: registered new interface driver hub
[    0.333013] usbcore: registered new device driver usb
[    0.333042] pps_core: LinuxPPS API ver. 1 registered
[    0.333042] pps_core: Software ver. 5.3.6 - Copyright 2005-2007 Rodolfo Giometti <giometti@linux.it>
[    0.333044] PTP clock support registered
[    0.333083] EDAC MC: Ver: 3.0.0
[    0.333372] PCI: Using ACPI for IRQ routing
[    0.333373] PCI: pci_cache_line_size set to 64 bytes
[    0.333549] e820: reserve RAM buffer [mem 0x0009fc00-0x0009ffff]
[    0.333553] e820: reserve RAM buffer [mem 0x7fff0000-0x7fffffff]
[    0.334369] NetLabel: Initializing
[    0.334370] NetLabel:  domain hash size = 128
[    0.334370] NetLabel:  protocols = UNLABELED CIPSOv4 CALIPSO
[    0.334390] NetLabel:  unlabeled traffic allowed by default
[    0.335320] clocksource: Switched to clocksource kvm-clock
[    0.347172] *** VALIDATE bpf ***
[    0.347172] VFS: Disk quotas dquot_6.6.0
[    0.347172] VFS: Dquot-cache hash table entries: 512 (order 0, 4096 bytes)
[    0.347172] *** VALIDATE ramfs ***
[    0.347172] *** VALIDATE hugetlbfs ***
[    0.347172] AppArmor: AppArmor Filesystem Enabled
[    0.347172] pnp: PnP ACPI init
[    0.347172] pnp 00:00: Plug and Play ACPI device, IDs PNP0303 (active)
[    0.348269] pnp 00:01: Plug and Play ACPI device, IDs PNP0f03 (active)
[    0.349301] pnp: PnP ACPI: found 2 devices
[    0.350640] thermal_sys: Registered thermal governor 'fair_share'
[    0.350641] thermal_sys: Registered thermal governor 'bang_bang'
[    0.350642] thermal_sys: Registered thermal governor 'step_wise'
[    0.350642] thermal_sys: Registered thermal governor 'user_space'
[    0.350643] thermal_sys: Registered thermal governor 'power_allocator'
[    0.355209] clocksource: acpi_pm: mask: 0xffffff max_cycles: 0xffffff, max_idle_ns: 2085701024 ns
[    0.355250] pci_bus 0000:00: resource 4 [io  0x0000-0x0cf7 window]
[    0.355252] pci_bus 0000:00: resource 5 [io  0x0d00-0xffff window]
[    0.355253] pci_bus 0000:00: resource 6 [mem 0x000a0000-0x000bffff window]
[    0.355254] pci_bus 0000:00: resource 7 [mem 0x80000000-0xfdffffff window]
[    0.355317] NET: Registered protocol family 2
[    0.355394] IP idents hash table entries: 32768 (order: 6, 262144 bytes, linear)
[    0.355806] MPTCP tokens hash table entries: 8192 (order: 4, 65536 bytes, linear)
[    0.355827] MPTCP request tokens hash table entries: 8192 (order: 4, 65536 bytes, linear)
[    0.355852] default registered
[    0.355853] default registered
[    0.355853] MPTCP: Stable release v0.96
[    0.355858] tcp_listen_portaddr_hash hash table entries: 1024 (order: 2, 16384 bytes, linear)
[    0.355939] TCP established hash table entries: 16384 (order: 5, 131072 bytes, linear)
[    0.356006] TCP bind hash table entries: 16384 (order: 6, 262144 bytes, linear)
[    0.356031] TCP: Hash tables configured (established 16384 bind 16384)
[    0.356739] UDP hash table entries: 1024 (order: 3, 32768 bytes, linear)
[    0.356751] UDP-Lite hash table entries: 1024 (order: 3, 32768 bytes, linear)
[    0.356783] NET: Registered protocol family 1
[    0.356792] NET: Registered protocol family 44
[    0.356815] pci 0000:00:00.0: Limiting direct PCI/PCI transfers
[    0.356828] pci 0000:00:01.0: Activating ISA DMA hang workarounds
[    0.356881] pci 0000:00:02.0: Video device with shadowed ROM at [mem 0x000c0000-0x000dffff]
[    0.356948] PCI: CLS 0 bytes, default 64
[    0.356996] Trying to unpack rootfs image as initramfs...
[    0.539415] Freeing initrd memory: 47868K
[    0.539415] clocksource: tsc: mask: 0xffffffffffffffff max_cycles: 0x1e4530a99b6, max_idle_ns: 440795257976 ns
[    0.539415] clocksource: Switched to clocksource tsc
[    0.539415] platform rtc_cmos: registered platform RTC device (no PNP device found)
[    0.539415] check: Scanning for low memory corruption every 60 seconds
[    0.539415] Initialise system trusted keyrings
[    0.539415] Key type blacklist registered
[    0.539415] workingset: timestamp_bits=36 max_order=19 bucket_order=0
[    0.539415] zbud: loaded
[    0.539415] squashfs: version 4.0 (2009/01/31) Phillip Lougher
[    0.539415] fuse: init (API version 7.31)
[    0.539415] *** VALIDATE fuse ***
[    0.539415] *** VALIDATE fuse ***
[    0.539415] Platform Keyring initialized
[    0.552334] Key type asymmetric registered
[    0.552336] Asymmetric key parser 'x509' registered
[    0.552346] Block layer SCSI generic (bsg) driver version 0.4 loaded (major 244)
[    0.552388] io scheduler mq-deadline registered
[    0.552513] shpchp: Standard Hot Plug PCI Controller Driver version: 0.4
[    0.552718] ACPI: AC Adapter [AC] (on-line)
[    0.552763] input: Power Button as /devices/LNXSYSTM:00/LNXPWRBN:00/input/input0
[    0.552791] ACPI: Power Button [PWRF]
[    0.552866] input: Sleep Button as /devices/LNXSYSTM:00/LNXSLPBN:00/input/input1
[    0.552882] ACPI: Sleep Button [SLPF]
[    0.553111] Serial: 8250/16550 driver, 32 ports, IRQ sharing enabled
[    0.554543] Linux agpgart interface v0.103
[    0.643161] loop: module loaded
[    0.643316] ata_piix 0000:00:01.1: version 2.13
[    0.643722] scsi host0: ata_piix
[    0.643811] scsi host1: ata_piix
[    0.643837] ata1: PATA max UDMA/33 cmd 0x1f0 ctl 0x3f6 bmdma 0xd000 irq 14
[    0.643838] ata2: PATA max UDMA/33 cmd 0x170 ctl 0x376 bmdma 0xd008 irq 15
[    0.643926] tun: Universal TUN/TAP device driver, 1.6
[    0.644244] PPP generic driver version 2.4.2
[    0.644288] VFIO - User Level meta-driver version: 0.3
[    0.644531] ehci_hcd: USB 2.0 'Enhanced' Host Controller (EHCI) Driver
[    0.644536] ehci-pci: EHCI PCI platform driver
[    0.644550] ehci-platform: EHCI generic platform driver
[    0.644555] ohci_hcd: USB 1.1 'Open' Host Controller (OHCI) Driver
[    0.644557] ohci-pci: OHCI PCI platform driver
[    0.644564] ohci-platform: OHCI generic platform driver
[    0.644569] uhci_hcd: USB Universal Host Controller Interface driver
[    0.644633] i8042: PNP: PS/2 Controller [PNP0303:PS2K,PNP0f03:PS2M] at 0x60,0x64 irq 1,12
[    0.645075] serio: i8042 KBD port at 0x60,0x64 irq 1
[    0.645079] serio: i8042 AUX port at 0x60,0x64 irq 12
[    0.645166] mousedev: PS/2 mouse device common for all mice
[    0.645426] input: AT Translated Set 2 keyboard as /devices/platform/i8042/serio0/input/input2
[    0.645843] rtc_cmos rtc_cmos: registered as rtc0
[    0.645856] rtc_cmos rtc_cmos: alarms up to one day, 114 bytes nvram
[    0.645861] i2c /dev entries driver
[    0.645910] device-mapper: uevent: version 1.0.3
[    0.645957] device-mapper: ioctl: 4.41.0-ioctl (2019-09-16) initialised: dm-devel@redhat.com
[    0.645974] platform eisa.0: Probing EISA bus 0
[    0.645975] platform eisa.0: EISA: Cannot allocate resource for mainboard
[    0.645976] platform eisa.0: Cannot allocate resource for EISA slot 1
[    0.645977] platform eisa.0: Cannot allocate resource for EISA slot 2
[    0.645978] platform eisa.0: Cannot allocate resource for EISA slot 3
[    0.645979] platform eisa.0: Cannot allocate resource for EISA slot 4
[    0.645980] platform eisa.0: Cannot allocate resource for EISA slot 5
[    0.645981] platform eisa.0: Cannot allocate resource for EISA slot 6
[    0.645982] platform eisa.0: Cannot allocate resource for EISA slot 7
[    0.645983] platform eisa.0: Cannot allocate resource for EISA slot 8
[    0.645984] platform eisa.0: EISA: Detected 0 cards
[    0.645987] intel_pstate: CPU model not supported
[    0.645997] ledtrig-cpu: registered to indicate activity on CPUs
[    0.646053] drop_monitor: Initializing network drop monitor service
[    0.646211] NET: Registered protocol family 10
[    0.651200] Segment Routing with IPv6
[    0.651200] fullmesh registered
[    0.651200] ndiffports registered
[    0.651200] binder registered
[    0.651200] roundrobin registered
[    0.651200] redundant registered
[    0.651200] blest registered
[    0.651200] ecf registered
[    0.651200] NET: Registered protocol family 17
[    0.651200] Key type dns_resolver registered
[    0.651200] RAS: Correctable Errors collector initialized.
[    0.651200] IPI shorthand broadcast: enabled
[    0.651200] sched_clock: Marking stable (636099413, 11100772)->(649858663, -2658478)
[    0.651683] registered taskstats version 1
[    0.651692] Loading compiled-in X.509 certificates
[    0.652292] Loaded X.509 cert 'Build time autogenerated kernel key: 6909f3744cebb3d0de528d5887b96a727de79b1e'
[    0.652311] zswap: loaded using pool lzo/zbud
[    0.652368] Key type ._fscrypt registered
[    0.652368] Key type .fscrypt registered
[    0.657311] Key type big_key registered
[    0.659500] Key type encrypted registered
[    0.659503] AppArmor: AppArmor sha1 policy hashing enabled
[    0.659511] ima: No TPM chip found, activating TPM-bypass!
[    0.659514] ima: Allocated hash algorithm: sha1
[    0.659519] ima: No architecture policies found
[    0.659529] evm: Initialising EVM extended attributes:
[    0.659529] evm: security.selinux
[    0.659530] evm: security.SMACK64
[    0.659530] evm: security.SMACK64EXEC
[    0.659531] evm: security.SMACK64TRANSMUTE
[    0.659532] evm: security.SMACK64MMAP
[    0.659532] evm: security.apparmor
[    0.659532] evm: security.ima
[    0.659533] evm: security.capability
[    0.659534] evm: HMAC attrs: 0x1
[    0.659833] PM:   Magic number: 10:717:847
[    0.659959] rtc_cmos rtc_cmos: setting system clock to 2026-01-14T18:48:38 UTC (1768416518)
[    0.816289] ata1.00: ATA-6: VBOX HARDDISK, 1.0, max UDMA/133
[    0.816293] ata1.00: 209715200 sectors, multi 128: LBA 
[    0.816942] scsi 0:0:0:0: Direct-Access     ATA      VBOX HARDDISK    1.0  PQ: 0 ANSI: 5
[    0.817225] sd 0:0:0:0: [sda] 209715200 512-byte logical blocks: (107 GB/100 GiB)
[    0.817237] sd 0:0:0:0: [sda] Write Protect is off
[    0.817240] sd 0:0:0:0: [sda] Mode Sense: 00 3a 00 00
[    0.817259] sd 0:0:0:0: [sda] Write cache: enabled, read cache: enabled, doesn't support DPO or FUA
[    0.817563] sd 0:0:0:0: Attached scsi generic sg0 type 0
[    0.818840]  sda: sda1 sda2
[    0.827364] sd 0:0:0:0: [sda] Attached SCSI disk
[    0.830517] Freeing unused decrypted memory: 2040K
[    0.831476] Freeing unused kernel image memory: 2728K
[    0.831478] Write protecting the kernel read-only data: 22528k
[    0.832458] Freeing unused kernel image memory: 2036K
[    0.832997] Freeing unused kernel image memory: 1432K
[    0.858576] x86/mm: Checked W+X mappings: passed, no W+X pages found.
[    0.858583] Run /init as init process
[    0.970416] ACPI: Video Device [GFX0] (multi-head: yes  rom: no  post: no)
[    0.970490] input: Video Bus as /devices/LNXSYSTM:00/LNXSYBUS:00/PNP0A03:00/LNXVIDEO:00/input/input4
[    0.983510] pcnet32: pcnet32.c:v1.35 21.Apr.2008 tsbogend@alpha.franken.de
[    0.984679] pcnet32: PCnet/FAST III 79C973 at 0xd020, 08:00:27:57:eb:72 assigned IRQ 19
[    0.984886] pcnet32: Found PHY 0022:561b at address 0
[    0.985916] pcnet32: eth0: registered as PCnet/FAST III 79C973
[    0.988047] piix4_smbus 0000:00:07.0: SMBus Host Controller at 0x4100, revision 0
[    0.992120] e1000: Intel(R) PRO/1000 Network Driver - version 7.3.21-k8-NAPI
[    0.992121] e1000: Copyright (c) 1999-2006 Intel Corporation.
[    1.003135] pcnet32: 1 cards_found
[    1.061495] pcnet32 0000:00:03.0 enp0s3: renamed from eth0
[    1.212419] input: ImExPS/2 Generic Explorer Mouse as /devices/platform/i8042/serio1/input/input5
[    1.399545] e1000 0000:00:08.0 eth0: (PCI:33MHz:32-bit) 08:00:27:c9:69:5a
[    1.399549] e1000 0000:00:08.0 eth0: Intel(R) PRO/1000 Network Connection
[    1.775491] e1000 0000:00:09.0 eth1: (PCI:33MHz:32-bit) 08:00:27:fd:c1:98
[    1.775494] e1000 0000:00:09.0 eth1: Intel(R) PRO/1000 Network Connection
[    1.776624] e1000 0000:00:09.0 enp0s9: renamed from eth1
[    1.778500] e1000 0000:00:08.0 enp0s8: renamed from eth0
[    1.937785] EXT4-fs (sda2): mounted filesystem with ordered data mode. Opts: (null)
[    2.027015] systemd[1]: Inserted module 'autofs4'
[    2.037136] systemd[1]: systemd 245.4-4ubuntu3 running in system mode. (+PAM +AUDIT +SELINUX +IMA +APPARMOR +SMACK +SYSVINIT +UTMP +LIBCRYPTSETUP +GCRYPT +GNUTLS +ACL +XZ +LZ4 +SECCOMP +BLKID +ELFUTILS +KMOD +IDN2 -IDN +PCRE2 default-hierarchy=hybrid)
[    2.037167] systemd[1]: Detected virtualization oracle.
[    2.037170] systemd[1]: Detected architecture x86-64.
[    2.038452] systemd[1]: Set hostname to <ztg>.
[    2.163620] systemd[1]: /lib/systemd/system/dbus.socket:5: ListenStream= references a path below legacy directory /var/run/, updating /var/run/dbus/system_bus_socket â†’ /run/dbus/system_bus_socket; please update the unit file accordingly.
[    2.215757] systemd[1]: Created slice system-modprobe.slice.
[    2.215941] systemd[1]: Created slice User and Session Slice.
[    2.215986] systemd[1]: Started Forward Password Requests to Wall Directory Watch.
[    2.216149] systemd[1]: Set up automount Arbitrary Executable File Formats File System Automount Point.
[    2.216183] systemd[1]: Reached target User and Group Name Lookups.
[    2.216191] systemd[1]: Reached target Remote File Systems.
[    2.216200] systemd[1]: Reached target Slices.
[    2.216736] systemd[1]: Listening on Syslog Socket.
[    2.216807] systemd[1]: Listening on fsck to fsckd communication Socket.
[    2.216846] systemd[1]: Listening on initctl Compatibility Named Pipe.
[    2.216981] systemd[1]: Listening on Journal Audit Socket.
[    2.217033] systemd[1]: Listening on Journal Socket (/dev/log).
[    2.217099] systemd[1]: Listening on Journal Socket.
[    2.217162] systemd[1]: Listening on udev Control Socket.
[    2.217203] systemd[1]: Listening on udev Kernel Socket.
[    2.217958] systemd[1]: Mounting Huge Pages File System...
[    2.218872] systemd[1]: Mounting POSIX Message Queue File System...
[    2.219847] systemd[1]: Mounting Kernel Debug File System...
[    2.220712] systemd[1]: Mounting Kernel Trace File System...
[    2.222626] systemd[1]: Starting Journal Service...
[    2.248876] systemd[1]: Starting Set the console keyboard layout...
[    2.256738] systemd[1]: Starting Create list of static device nodes for the current kernel...
[    2.258482] systemd[1]: Starting Load Kernel Module drm...
[    2.259513] systemd[1]: Condition check resulted in Set Up Additional Binary Formats being skipped.
[    2.259562] systemd[1]: Condition check resulted in File System Check on Root Device being skipped.
[    2.273336] systemd[1]: Starting Load Kernel Modules...
[    2.274588] systemd[1]: Starting Remount Root and Kernel File Systems...
[    2.290082] systemd[1]: Starting udev Coldplug all Devices...
[    2.300625] systemd[1]: Starting Uncomplicated firewall...
[    2.302193] systemd[1]: Mounted Huge Pages File System.
[    2.302282] systemd[1]: Mounted POSIX Message Queue File System.
[    2.302356] systemd[1]: Mounted Kernel Debug File System.
[    2.302428] systemd[1]: Mounted Kernel Trace File System.
[    2.315682] EXT4-fs (sda2): re-mounted. Opts: errors=remount-ro
[    2.343955] systemd[1]: Finished Create list of static device nodes for the current kernel.
[    2.345047] systemd[1]: modprobe@drm.service: Succeeded.
[    2.346726] systemd[1]: Finished Load Kernel Module drm.
[    2.347113] systemd[1]: Finished Remount Root and Kernel File Systems.
[    2.348586] systemd[1]: Finished Uncomplicated firewall.
[    2.359857] systemd[1]: Condition check resulted in Rebuild Hardware Database being skipped.
[    2.359894] systemd[1]: Condition check resulted in Platform Persistent Storage Archival being skipped.
[    2.360574] systemd[1]: Starting Load/Save Random Seed...
[    2.362441] lp: driver loaded but no devices found
[    2.367714] systemd[1]: Starting Create System Users...
[    2.378096] systemd[1]: Finished Load/Save Random Seed.
[    2.380722] systemd[1]: Finished Create System Users.
[    2.381456] systemd[1]: Starting Create Static Device Nodes in /dev...
[    2.409040] ppdev: user-space parallel port driver
[    2.423619] systemd[1]: Finished Create Static Device Nodes in /dev.
[    2.424479] systemd[1]: Starting udev Kernel Device Manager...
[    2.453792] systemd[1]: Finished udev Coldplug all Devices.
[    2.477082] [drm] DMA map mode: Caching DMA mappings.
[    2.477145] [drm] Capabilities:
[    2.477145] [drm]   Rect copy.
[    2.477146] [drm]   Cursor.
[    2.477146] [drm]   Cursor bypass.
[    2.477146] [drm]   Cursor bypass 2.
[    2.477147] [drm]   Alpha cursor.
[    2.477147] [drm]   Extended Fifo.
[    2.477148] [drm]   Pitchlock.
[    2.477148] [drm]   Irq mask.
[    2.477148] [drm]   GMR.
[    2.477148] [drm]   Traces.
[    2.477149] [drm]   GMR2.
[    2.477149] [drm]   Screen Object 2.
[    2.477149] [drm]   Command Buffers.
[    2.477150] [drm]   Command Buffers 2.
[    2.477150] [drm]   Guest Backed Resources.
[    2.477151] [drm] Max GMR ids is 8192
[    2.477152] [drm] Max number of GMR pages is 1048576
[    2.477152] [drm] Max dedicated hypervisor surface memory is 393216 kiB
[    2.477153] [drm] Maximum display memory size is 131072 kiB
[    2.477153] [drm] VRAM at 0xe0000000 size is 131072 kiB
[    2.477154] [drm] MMIO at 0xf0000000 size is 2048 kiB
[    2.506219] [TTM] Zone  kernel: Available graphics memory: 1011738 KiB
[    2.506220] [TTM] Initializing pool allocator
[    2.506224] [TTM] Initializing DMA pool allocator
[    2.506256] [drm] Supports vblank timestamp caching Rev 2 (21.10.2013).
[    2.506256] [drm] No driver support for vblank timestamp query.
[    2.506520] [drm] Screen Target Display device initialized
[    2.506734] [drm] width 720
[    2.506749] [drm] height 400
[    2.506753] [drm] bpp 32
[    2.507315] [drm] Fifo max 0x00200000 min 0x00001000 cap 0x00000355
[    2.508433] [drm] Using command buffers with DMA pool.
[    2.508440] [drm] DX: no.
[    2.508440] [drm] Atomic: yes.
[    2.508441] [drm] SM4_1: no.
[    2.508461] [drm:vmw_host_log [vmwgfx]] *ERROR* Failed to send host log message.
[    2.509405] [drm:vmw_host_log [vmwgfx]] *ERROR* Failed to send host log message.
[    2.518390] fbcon: svgadrmfb (fb0) is primary device
[    2.522752] Console: switching to colour frame buffer device 100x37
[    2.529645] [drm] Initialized vmwgfx 2.15.0 20180704 for 0000:00:02.0 on minor 0
[    2.530674] systemd[1]: Finished Load Kernel Modules.
[    2.531660] systemd[1]: Mounting FUSE Control File System...
[    2.532947] systemd[1]: Mounting Kernel Configuration File System...
[    2.540080] systemd[1]: Starting Apply Kernel Variables...
[    2.549012] systemd[1]: Finished Set the console keyboard layout.
[    2.549135] systemd[1]: Reached target Local File Systems (Pre).
[    2.558141] systemd[1]: Mounting Mount unit for bare, revision 5...
[    2.564040] systemd[1]: Mounting Mount unit for core18, revision 1705...
[    2.592160] systemd[1]: Mounting Mount unit for gnome-3-34-1804, revision 24...
[    2.599674] systemd[1]: Mounting Mount unit for gtk-common-themes, revision 1506...
[    2.603570] systemd[1]: Mounting Mount unit for gtk-common-themes, revision 1535...
[    2.613103] systemd[1]: Mounting Mount unit for snap-store, revision 433...
[    2.622124] systemd[1]: Mounting Mount unit for snapd, revision 25935...
[    2.625077] systemd[1]: Mounted FUSE Control File System.
[    2.625192] systemd[1]: Mounted Kernel Configuration File System.
[    2.640743] systemd[1]: Finished Apply Kernel Variables.
[    2.642825] systemd[1]: Mounted Mount unit for bare, revision 5.
[    2.642903] systemd[1]: Condition check resulted in VMware vmblock fuse mount being skipped.
[    2.648871] systemd[1]: Started udev Kernel Device Manager.
[    2.649564] systemd[1]: Starting Show Plymouth Boot Screen...
[    2.656077] systemd[1]: Mounted Mount unit for core18, revision 1705.
[    2.657853] systemd[1]: Received SIGRTMIN+20 from PID 286 (plymouthd).
[    2.683402] systemd[1]: Started Show Plymouth Boot Screen.
[    2.683634] systemd[1]: Condition check resulted in Dispatch Password Requests to Console Directory Watch being skipped.
[    2.683745] systemd[1]: Started Forward Password Requests to Plymouth Directory Watch.
[    2.683814] systemd[1]: Reached target Local Encrypted Volumes.
[    2.717208] systemd[1]: Mounted Mount unit for gnome-3-34-1804, revision 24.
[    2.717486] systemd[1]: Mounted Mount unit for gtk-common-themes, revision 1506.
[    2.753563] systemd[1]: Mounted Mount unit for snap-store, revision 433.
[    2.753710] systemd[1]: Mounted Mount unit for snapd, revision 25935.
[    2.799293] systemd[1]: Mounted Mount unit for gtk-common-themes, revision 1535.
[    2.799521] systemd[1]: Reached target Local File Systems.
[    2.800380] systemd[1]: Starting Load AppArmor profiles...
[    2.803311] systemd[1]: Starting Set console font and keymap...
[    2.812453] systemd[1]: Starting Tell Plymouth To Write Out Runtime Data...
[    2.830158] systemd[1]: Condition check resulted in Store a System Token in an EFI Variable being skipped.
[    2.830217] systemd[1]: Condition check resulted in Commit a transient machine-id on disk being skipped.
[    2.834685] systemd[1]: Finished Set console font and keymap.
[    2.843930] systemd[1]: Received SIGRTMIN+20 from PID 286 (plymouthd).
[    2.845322] systemd[1]: plymouth-read-write.service: Succeeded.
[    2.845570] systemd[1]: Finished Tell Plymouth To Write Out Runtime Data.
[    2.861968] audit: type=1400 audit(1768416520.696:2): apparmor="STATUS" operation="profile_load" profile="unconfined" name="nvidia_modprobe" pid=300 comm="apparmor_parser"
[    2.861970] audit: type=1400 audit(1768416520.696:3): apparmor="STATUS" operation="profile_load" profile="unconfined" name="nvidia_modprobe//kmod" pid=300 comm="apparmor_parser"
[    2.885028] audit: type=1400 audit(1768416520.720:4): apparmor="STATUS" operation="profile_load" profile="unconfined" name="/usr/sbin/tcpdump" pid=301 comm="apparmor_parser"
[    2.915224] audit: type=1400 audit(1768416520.744:5): apparmor="STATUS" operation="profile_load" profile="unconfined" name="/usr/bin/evince" pid=303 comm="apparmor_parser"
[    2.915226] audit: type=1400 audit(1768416520.744:6): apparmor="STATUS" operation="profile_load" profile="unconfined" name="/usr/bin/evince//sanitized_helper" pid=303 comm="apparmor_parser"
[    2.915228] audit: type=1400 audit(1768416520.744:7): apparmor="STATUS" operation="profile_load" profile="unconfined" name="/usr/bin/evince-previewer" pid=303 comm="apparmor_parser"
[    2.915230] audit: type=1400 audit(1768416520.744:8): apparmor="STATUS" operation="profile_load" profile="unconfined" name="/usr/bin/evince-previewer//sanitized_helper" pid=303 comm="apparmor_parser"
[    2.915231] audit: type=1400 audit(1768416520.744:9): apparmor="STATUS" operation="profile_load" profile="unconfined" name="/usr/bin/evince-thumbnailer" pid=303 comm="apparmor_parser"
[    2.933760] audit: type=1400 audit(1768416520.772:10): apparmor="STATUS" operation="profile_load" profile="unconfined" name="/usr/lib/cups/backend/cups-pdf" pid=304 comm="apparmor_parser"
[    3.010079] systemd[1]: Finished Load AppArmor profiles.
[    3.011018] systemd[1]: Starting Load AppArmor profiles managed internally by snapd...
[    3.120974] systemd[1]: Finished Load AppArmor profiles managed internally by snapd.
[    3.204861] systemd[1]: Started Journal Service.
[    3.212968] systemd-journald[229]: Received client request to flush runtime journal.
[    3.216820] systemd-journald[229]: File /var/log/journal/c455b248004a419c87ce85eea238d727/system.journal corrupted or uncleanly shut down, renaming and replacing.
[    4.516323] RAPL PMU: API unit is 2^-32 Joules, 0 fixed counters, 10737418240 ms ovfl timer
[    4.589348] cryptd: max_cpu_qlen set to 1000
[    4.641025] AVX2 version of gcm_enc/dec engaged.
[    4.641025] AES CTR mode by8 optimization enabled
[    6.416646] Adding 1998844k swap on /dev/sda1.  Priority:-2 extents:1 across:1998844k FS
[    7.501494] kauditd_printk_skb: 30 callbacks suppressed
[    7.501496] audit: type=1400 audit(1768416525.332:41): apparmor="DENIED" operation="capable" profile="/usr/sbin/cups-browsed" pid=508 comm="cups-browsed" capability=23  capname="sys_nice"
[    8.954112] pcnet32 0000:00:03.0 enp0s3: link up, 100Mbps, full-duplex
[    8.987990] e1000: enp0s8 NIC Link is Up 1000 Mbps Full Duplex, Flow Control: RX
[    8.994389] IPv6: ADDRCONF(NETDEV_CHANGE): enp0s8: link becomes ready
[    9.002482] e1000: enp0s9 NIC Link is Up 1000 Mbps Full Duplex, Flow Control: RX
[    9.002774] IPv6: ADDRCONF(NETDEV_CHANGE): enp0s9: link becomes ready
[    9.635140] device enp0s3 entered promiscuous mode
[    9.678820] audit: type=1400 audit(1768416527.512:42): apparmor="DENIED" operation="open" profile="/usr/sbin/tcpdump" name="/proc/sys/kernel/random/boot_id" pid=631 comm="tcpdump" requested_mask="r" denied_mask="r" fsuid=0 ouid=0
[    9.679049] audit: type=1400 audit(1768416527.512:43): apparmor="DENIED" operation="open" profile="/usr/sbin/tcpdump" name="/proc/sys/kernel/random/boot_id" pid=631 comm="tcpdump" requested_mask="r" denied_mask="r" fsuid=0 ouid=0
[    9.679165] audit: type=1400 audit(1768416527.512:44): apparmor="DENIED" operation="open" profile="/usr/sbin/tcpdump" name="/proc/sys/kernel/random/boot_id" pid=631 comm="tcpdump" requested_mask="r" denied_mask="r" fsuid=0 ouid=0
[    9.679218] audit: type=1400 audit(1768416527.512:45): apparmor="DENIED" operation="open" profile="/usr/sbin/tcpdump" name="/proc/sys/kernel/random/boot_id" pid=631 comm="tcpdump" requested_mask="r" denied_mask="r" fsuid=0 ouid=0
[    9.681596] audit: type=1400 audit(1768416527.516:46): apparmor="DENIED" operation="open" profile="/usr/sbin/tcpdump" name="/proc/sys/kernel/random/boot_id" pid=632 comm="tcpdump" requested_mask="r" denied_mask="r" fsuid=0 ouid=0
[    9.682842] audit: type=1400 audit(1768416527.516:47): apparmor="DENIED" operation="open" profile="/usr/sbin/tcpdump" name="/proc/sys/kernel/random/boot_id" pid=632 comm="tcpdump" requested_mask="r" denied_mask="r" fsuid=0 ouid=0
[    9.682884] audit: type=1400 audit(1768416527.516:48): apparmor="DENIED" operation="open" profile="/usr/sbin/tcpdump" name="/proc/sys/kernel/random/boot_id" pid=632 comm="tcpdump" requested_mask="r" denied_mask="r" fsuid=0 ouid=0
[    9.682904] audit: type=1400 audit(1768416527.516:49): apparmor="DENIED" operation="open" profile="/usr/sbin/tcpdump" name="/proc/sys/kernel/random/boot_id" pid=632 comm="tcpdump" requested_mask="r" denied_mask="r" fsuid=0 ouid=0
[   15.527546] rfkill: input handler disabled
[  180.421350] AAAAA-TCP_FORW: name:enp0s3: saddr:100932208: daddr:16783984
[  204.425889] AAAAA-TCP_FORW: name:enp0s3: saddr:33561200: daddr:100932208
[  204.635467] AAAAA-TCP_FORW: name:enp0s3: saddr:16783984: daddr:100932208
[  204.866554] AAAAA-TCP_FORW: name:enp0s3: saddr:16783984: daddr:100932208
[  205.161468] AAAAA-TCP_FORW: name:enp0s3: saddr:16783984: daddr:100932208
[  205.289186] AAAAA-TCP_FORW: name:enp0s3: saddr:16783984: daddr:100932208
[  205.477453] AAAAA-TCP_FORW: name:enp0s3: saddr:16783984: daddr:100932208
[  205.511809] AAAAA-TCP_FORW: name:enp0s3: saddr:16783984: daddr:100932208
[  205.757277] AAAAA-TCP_FORW: name:enp0s3: saddr:16783984: daddr:100932208
[  206.002308] AAAAA-TCP_FORW: name:enp0s3: saddr:16783984: daddr:100932208
[  206.277430] AAAAA-TCP_FORW: name:enp0s3: saddr:16783984: daddr:100932208
[  206.397449] AAAAA-TCP_FORW: name:enp0s3: saddr:16783984: daddr:100932208
[  560.589469] rfkill: input handler enabled
[  569.578910] rfkill: input handler disabled
[  784.550069] device enp0s3 left promiscuous mode
