[    0.000000] Linux version 5.4.243-mptcp (root@ztg) (gcc version 12.2.0 (Debian 12.2.0-14+deb12u1)) #53 SMP Wed Dec 24 23:28:15 CST 2025
[    0.000000] Command line: BOOT_IMAGE=/boot/vmlinuz-5.4.243-mptcp root=UUID=98415a12-53b7-4144-8265-0f7ece09e445 ro quiet splash
[    0.000000] KERNEL supported cpus:
[    0.000000]   Intel GenuineIntel
[    0.000000]   AMD AuthenticAMD
[    0.000000]   Hygon HygonGenuine
[    0.000000]   Centaur CentaurHauls
[    0.000000]   zhaoxin   Shanghai  
[    0.000000] x86/fpu: Supporting XSAVE feature 0x001: 'x87 floating point registers'
[    0.000000] x86/fpu: Supporting XSAVE feature 0x002: 'SSE registers'
[    0.000000] x86/fpu: Supporting XSAVE feature 0x004: 'AVX registers'
[    0.000000] x86/fpu: xstate_offset[2]:  576, xstate_sizes[2]:  256
[    0.000000] x86/fpu: Enabled xstate features 0x7, context size is 832 bytes, using 'standard' format.
[    0.000000] BIOS-provided physical RAM map:
[    0.000000] BIOS-e820: [mem 0x0000000000000000-0x000000000009fbff] usable
[    0.000000] BIOS-e820: [mem 0x000000000009fc00-0x000000000009ffff] reserved
[    0.000000] BIOS-e820: [mem 0x00000000000f0000-0x00000000000fffff] reserved
[    0.000000] BIOS-e820: [mem 0x0000000000100000-0x000000007ffeffff] usable
[    0.000000] BIOS-e820: [mem 0x000000007fff0000-0x000000007fffffff] ACPI data
[    0.000000] BIOS-e820: [mem 0x00000000fec00000-0x00000000fec00fff] reserved
[    0.000000] BIOS-e820: [mem 0x00000000fee00000-0x00000000fee00fff] reserved
[    0.000000] BIOS-e820: [mem 0x00000000fffc0000-0x00000000ffffffff] reserved
[    0.000000] NX (Execute Disable) protection: active
[    0.000000] SMBIOS 2.5 present.
[    0.000000] DMI: innotek GmbH VirtualBox/VirtualBox, BIOS VirtualBox 12/01/2006
[    0.000000] Hypervisor detected: KVM
[    0.000000] kvm-clock: Using msrs 4b564d01 and 4b564d00
[    0.000000] kvm-clock: cpu 0, msr 2d801001, primary cpu clock
[    0.000000] kvm-clock: using sched offset of 4417092327 cycles
[    0.000003] clocksource: kvm-clock: mask: 0xffffffffffffffff max_cycles: 0x1cd42e4dffb, max_idle_ns: 881590591483 ns
[    0.000005] tsc: Detected 2100.000 MHz processor
[    0.001875] e820: update [mem 0x00000000-0x00000fff] usable ==> reserved
[    0.001877] e820: remove [mem 0x000a0000-0x000fffff] usable
[    0.001881] last_pfn = 0x7fff0 max_arch_pfn = 0x400000000
[    0.001947] MTRR default type: uncachable
[    0.001948] MTRR fixed ranges enabled:
[    0.001950]   00000-9FFFF write-back
[    0.001950]   A0000-BFFFF uncachable
[    0.001951]   C0000-FFFFF write-protect
[    0.001952] MTRR variable ranges enabled:
[    0.001953]   0 base 000000000000 mask 3FFF80000000 write-back
[    0.001954]   1 disabled
[    0.001954]   2 disabled
[    0.001955]   3 disabled
[    0.001955]   4 disabled
[    0.001956]   5 disabled
[    0.001956]   6 disabled
[    0.001956]   7 disabled
[    0.001957]   8 disabled
[    0.001957]   9 disabled
[    0.001958]   10 disabled
[    0.001958]   11 disabled
[    0.001959]   12 disabled
[    0.001959]   13 disabled
[    0.001959]   14 disabled
[    0.001960]   15 disabled
[    0.001976] x86/PAT: Configuration [0-7]: WB  WC  UC- UC  WB  WP  UC- WT  
[    0.002109] found SMP MP-table at [mem 0x0009fff0-0x0009ffff]
[    0.093011] check: Scanning 1 areas for low memory corruption
[    0.093127] RAMDISK: [mem 0x32271000-0x3512ffff]
[    0.093142] ACPI: Early table checksum verification disabled
[    0.093146] ACPI: RSDP 0x00000000000E0000 000024 (v02 VBOX  )
[    0.093151] ACPI: XSDT 0x000000007FFF0030 00003C (v01 VBOX   VBOXXSDT 00000001 ASL  00000061)
[    0.093157] ACPI: FACP 0x000000007FFF00F0 0000F4 (v04 VBOX   VBOXFACP 00000001 ASL  00000061)
[    0.093163] ACPI: DSDT 0x000000007FFF02E0 002353 (v02 VBOX   VBOXBIOS 00000002 VBOX 00029BF3)
[    0.093167] ACPI: FACS 0x000000007FFF0200 000040
[    0.093171] ACPI: FACS 0x000000007FFF0200 000040
[    0.093174] ACPI: APIC 0x000000007FFF0240 000054 (v02 VBOX   VBOXAPIC 00000001 ASL  00000061)
[    0.093178] ACPI: SSDT 0x000000007FFF02A0 000038 (v01 VBOX   VBOXCPUT 00000002 VBOX 00029BF3)
[    0.093181] ACPI: Reserving FACP table memory at [mem 0x7fff00f0-0x7fff01e3]
[    0.093182] ACPI: Reserving DSDT table memory at [mem 0x7fff02e0-0x7fff2632]
[    0.093182] ACPI: Reserving FACS table memory at [mem 0x7fff0200-0x7fff023f]
[    0.093183] ACPI: Reserving FACS table memory at [mem 0x7fff0200-0x7fff023f]
[    0.093184] ACPI: Reserving APIC table memory at [mem 0x7fff0240-0x7fff0293]
[    0.093185] ACPI: Reserving SSDT table memory at [mem 0x7fff02a0-0x7fff02d7]
[    0.093199] ACPI: Local APIC address 0xfee00000
[    0.093381] No NUMA configuration found
[    0.093382] Faking a node at [mem 0x0000000000000000-0x000000007ffeffff]
[    0.093393] NODE_DATA(0) allocated [mem 0x7ffc5000-0x7ffeffff]
[    0.093653] Zone ranges:
[    0.093654]   DMA      [mem 0x0000000000001000-0x0000000000ffffff]
[    0.093655]   DMA32    [mem 0x0000000001000000-0x000000007ffeffff]
[    0.093656]   Normal   empty
[    0.093657]   Device   empty
[    0.093657] Movable zone start for each node
[    0.093659] Early memory node ranges
[    0.093660]   node   0: [mem 0x0000000000001000-0x000000000009efff]
[    0.093661]   node   0: [mem 0x0000000000100000-0x000000007ffeffff]
[    0.093663] Zeroed struct page in unavailable ranges: 114 pages
[    0.093664] Initmem setup node 0 [mem 0x0000000000001000-0x000000007ffeffff]
[    0.093666] On node 0 totalpages: 524174
[    0.093667]   DMA zone: 64 pages used for memmap
[    0.093667]   DMA zone: 21 pages reserved
[    0.093668]   DMA zone: 3998 pages, LIFO batch:0
[    0.093738]   DMA32 zone: 8128 pages used for memmap
[    0.093739]   DMA32 zone: 520176 pages, LIFO batch:63
[    0.102711] ACPI: PM-Timer IO Port: 0x4008
[    0.102714] ACPI: Local APIC address 0xfee00000
[    0.102779] IOAPIC[0]: apic_id 1, version 32, address 0xfec00000, GSI 0-23
[    0.102782] ACPI: INT_SRC_OVR (bus 0 bus_irq 0 global_irq 2 dfl dfl)
[    0.102784] ACPI: INT_SRC_OVR (bus 0 bus_irq 9 global_irq 9 low level)
[    0.102786] ACPI: IRQ0 used by override.
[    0.102787] ACPI: IRQ9 used by override.
[    0.102790] Using ACPI (MADT) for SMP configuration information
[    0.102796] smpboot: Allowing 1 CPUs, 0 hotplug CPUs
[    0.102817] PM: Registered nosave memory: [mem 0x00000000-0x00000fff]
[    0.102819] PM: Registered nosave memory: [mem 0x0009f000-0x0009ffff]
[    0.102819] PM: Registered nosave memory: [mem 0x000a0000-0x000effff]
[    0.102820] PM: Registered nosave memory: [mem 0x000f0000-0x000fffff]
[    0.102821] [mem 0x80000000-0xfebfffff] available for PCI devices
[    0.102822] Booting paravirtualized kernel on KVM
[    0.102825] clocksource: refined-jiffies: mask: 0xffffffff max_cycles: 0xffffffff, max_idle_ns: 7645519600211568 ns
[    0.102829] setup_percpu: NR_CPUS:8192 nr_cpumask_bits:1 nr_cpu_ids:1 nr_node_ids:1
[    0.103431] percpu: Embedded 60 pages/cpu s208896 r8192 d28672 u2097152
[    0.103435] pcpu-alloc: s208896 r8192 d28672 u2097152 alloc=1*2097152
[    0.103436] pcpu-alloc: [0] 0 
[    0.103460] Built 1 zonelists, mobility grouping on.  Total pages: 515961
[    0.103460] Policy zone: DMA32
[    0.103461] Kernel command line: BOOT_IMAGE=/boot/vmlinuz-5.4.243-mptcp root=UUID=98415a12-53b7-4144-8265-0f7ece09e445 ro quiet splash
[    0.104038] Dentry cache hash table entries: 262144 (order: 9, 2097152 bytes, linear)
[    0.104185] Inode-cache hash table entries: 131072 (order: 8, 1048576 bytes, linear)
[    0.104233] mem auto-init: stack:off, heap alloc:on, heap free:off
[    0.104236] Calgary: detecting Calgary via BIOS EBDA area
[    0.104237] Calgary: Unable to locate Rio Grande table in EBDA - bailing!
[    0.108331] Memory: 1967332K/2096696K available (14339K kernel code, 2398K rwdata, 4712K rodata, 2728K init, 17260K bss, 129364K reserved, 0K cma-reserved)
[    0.109074] SLUB: HWalign=64, Order=0-3, MinObjects=0, CPUs=1, Nodes=1
[    0.109089] ftrace: allocating 43186 entries in 169 pages
[    0.126873] rcu: Hierarchical RCU implementation.
[    0.126874] rcu: 	RCU restricting CPUs from NR_CPUS=8192 to nr_cpu_ids=1.
[    0.126875] 	Tasks RCU enabled.
[    0.126876] rcu: RCU calculated value of scheduler-enlistment delay is 25 jiffies.
[    0.126877] rcu: Adjusting geometry for rcu_fanout_leaf=16, nr_cpu_ids=1
[    0.129842] NR_IRQS: 524544, nr_irqs: 256, preallocated irqs: 16
[    0.130044] random: crng init done
[    0.139298] Console: colour VGA+ 80x25
[    0.139301] printk: console [tty0] enabled
[    0.139319] ACPI: Core revision 20190816
[    0.139410] APIC: Switch to symmetric I/O mode setup
[    0.139659] x2apic enabled
[    0.139898] Switched APIC routing to physical x2apic.
[    0.141025] ..TIMER: vector=0x30 apic1=0 pin1=2 apic2=-1 pin2=-1
[    0.141050] clocksource: tsc-early: mask: 0xffffffffffffffff max_cycles: 0x1e4530a99b6, max_idle_ns: 440795257976 ns
[    0.141055] Calibrating delay loop (skipped) preset value.. 4200.00 BogoMIPS (lpj=8400000)
[    0.141058] pid_max: default: 32768 minimum: 301
[    0.141085] LSM: Security Framework initializing
[    0.141093] Yama: becoming mindful.
[    0.141118] AppArmor: AppArmor initialized
[    0.141161] Mount-cache hash table entries: 4096 (order: 3, 32768 bytes, linear)
[    0.141165] Mountpoint-cache hash table entries: 4096 (order: 3, 32768 bytes, linear)
[    0.141174] *** VALIDATE tmpfs ***
[    0.141301] *** VALIDATE proc ***
[    0.141341] *** VALIDATE cgroup1 ***
[    0.141342] *** VALIDATE cgroup2 ***
[    0.141479] process: using mwait in idle threads
[    0.141484] Last level iTLB entries: 4KB 64, 2MB 8, 4MB 8
[    0.141484] Last level dTLB entries: 4KB 64, 2MB 0, 4MB 0, 1GB 4
[    0.141504] Spectre V1 : Mitigation: usercopy/swapgs barriers and __user pointer sanitization
[    0.141509] Spectre V2 : Mitigation: Retpolines
[    0.141510] Spectre V2 : Spectre v2 / SpectreRSB mitigation: Filling RSB on context switch
[    0.141510] Spectre V2 : Spectre v2 / SpectreRSB : Filling RSB on VMEXIT
[    0.141511] RETBleed: WARNING: Spectre v2 mitigation leaves CPU vulnerable to RETBleed attacks, data leaks possible!
[    0.141861] RETBleed: Vulnerable
[    0.141862] Speculative Store Bypass: Vulnerable
[    0.141866] TAA: Mitigation: TSX disabled
[    0.141867] MMIO Stale Data: Mitigation: Clear CPU buffers
[    0.146047] Freeing SMP alternatives memory: 40K
[    0.258642] smpboot: CPU0: Intel(R) Xeon(R) Silver 4216 CPU @ 2.10GHz (family: 0x6, model: 0x55, stepping: 0x7)
[    0.258794] Performance Events: unsupported p6 CPU model 85 no PMU driver, software events only.
[    0.258838] rcu: Hierarchical SRCU implementation.
[    0.259356] NMI watchdog: Perf NMI watchdog permanently disabled
[    0.259394] smp: Bringing up secondary CPUs ...
[    0.259395] smp: Brought up 1 node, 1 CPU
[    0.259396] smpboot: Max logical packages: 1
[    0.259397] smpboot: Total of 1 processors activated (4200.00 BogoMIPS)
[    0.260110] devtmpfs: initialized
[    0.260154] x86/mm: Memory block size: 128MB
[    0.260495] clocksource: jiffies: mask: 0xffffffff max_cycles: 0xffffffff, max_idle_ns: 7645041785100000 ns
[    0.260501] futex hash table entries: 256 (order: 2, 16384 bytes, linear)
[    0.260542] pinctrl core: initialized pinctrl subsystem
[    0.260640] PM: RTC time: 17:19:15, date: 2026-01-16
[    0.260741] NET: Registered protocol family 16
[    0.260813] audit: initializing netlink subsys (disabled)
[    0.260937] EISA bus registered
[    0.260938] cpuidle: using governor ladder
[    0.260939] cpuidle: using governor menu
[    0.260974] ACPI: bus type PCI registered
[    0.260975] acpiphp: ACPI Hot Plug PCI Controller Driver version: 0.5
[    0.261053] PCI: Using configuration type 1 for base access
[    0.261091] audit: type=2000 audit(1768555161.628:1): state=initialized audit_enabled=0 res=1
[    0.261160] HugeTLB registered 2.00 MiB page size, pre-allocated 0 pages
[    0.261927] ACPI: Added _OSI(Module Device)
[    0.261928] ACPI: Added _OSI(Processor Device)
[    0.261929] ACPI: Added _OSI(3.0 _SCP Extensions)
[    0.261929] ACPI: Added _OSI(Processor Aggregator Device)
[    0.261930] ACPI: Added _OSI(Linux-Dell-Video)
[    0.261931] ACPI: Added _OSI(Linux-Lenovo-NV-HDMI-Audio)
[    0.261932] ACPI: Added _OSI(Linux-HPI-Hybrid-Graphics)
[    0.263859] ACPI: 2 ACPI AML tables successfully acquired and loaded
[    0.265488] ACPI: Interpreter enabled
[    0.265498] ACPI: (supports S0 S5)
[    0.265499] ACPI: Using IOAPIC for interrupt routing
[    0.265719] PCI: Using host bridge windows from ACPI; if necessary, use "pci=nocrs" and report a bug
[    0.265825] ACPI: Enabled 2 GPEs in block 00 to 07
[    0.270891] ACPI: PCI Root Bridge [PCI0] (domain 0000 [bus 00-ff])
[    0.270896] acpi PNP0A03:00: _OSC: OS supports [ASPM ClockPM Segments MSI HPX-Type3]
[    0.271407] acpi PNP0A03:00: _OSC: not requesting OS control; OS requires [ExtendedConfig ASPM ClockPM MSI]
[    0.271418] acpi PNP0A03:00: fail to add MMCONFIG information, can't access extended PCI configuration space under this bridge.
[    0.271853] PCI host bridge to bus 0000:00
[    0.271855] pci_bus 0000:00: root bus resource [io  0x0000-0x0cf7 window]
[    0.271856] pci_bus 0000:00: root bus resource [io  0x0d00-0xffff window]
[    0.271858] pci_bus 0000:00: root bus resource [mem 0x000a0000-0x000bffff window]
[    0.271859] pci_bus 0000:00: root bus resource [mem 0x80000000-0xfdffffff window]
[    0.271860] pci_bus 0000:00: root bus resource [bus 00-ff]
[    0.271909] pci 0000:00:00.0: [8086:1237] type 00 class 0x060000
[    0.272934] pci 0000:00:01.0: [8086:7000] type 00 class 0x060100
[    0.273759] pci 0000:00:01.1: [8086:7111] type 00 class 0x01018a
[    0.274156] pci 0000:00:01.1: reg 0x20: [io  0xd000-0xd00f]
[    0.274322] pci 0000:00:01.1: legacy IDE quirk: reg 0x10: [io  0x01f0-0x01f7]
[    0.274323] pci 0000:00:01.1: legacy IDE quirk: reg 0x14: [io  0x03f6]
[    0.274324] pci 0000:00:01.1: legacy IDE quirk: reg 0x18: [io  0x0170-0x0177]
[    0.274325] pci 0000:00:01.1: legacy IDE quirk: reg 0x1c: [io  0x0376]
[    0.274901] pci 0000:00:02.0: [15ad:0405] type 00 class 0x030000
[    0.277131] pci 0000:00:02.0: reg 0x10: [io  0xd010-0xd01f]
[    0.281099] pci 0000:00:02.0: reg 0x14: [mem 0xe0000000-0xe7ffffff pref]
[    0.284036] pci 0000:00:02.0: reg 0x18: [mem 0xf0000000-0xf01fffff]
[    0.297154] pci 0000:00:03.0: [1022:2000] type 00 class 0x020000
[    0.297901] pci 0000:00:03.0: reg 0x10: [io  0xd020-0xd03f]
[    0.298560] pci 0000:00:03.0: reg 0x14: [mem 0xf0200000-0xf0200fff]
[    0.301906] pci 0000:00:04.0: [80ee:cafe] type 00 class 0x088000
[    0.302596] pci 0000:00:04.0: reg 0x10: [io  0xd040-0xd05f]
[    0.303208] pci 0000:00:04.0: reg 0x14: [mem 0xf0400000-0xf07fffff]
[    0.303816] pci 0000:00:04.0: reg 0x18: [mem 0xf0800000-0xf0803fff pref]
[    0.308089] pci 0000:00:07.0: [8086:7113] type 00 class 0x068000
[    0.308519] pci 0000:00:07.0: quirk: [io  0x4000-0x403f] claimed by PIIX4 ACPI
[    0.308528] pci 0000:00:07.0: quirk: [io  0x4100-0x410f] claimed by PIIX4 SMB
[    0.309114] pci 0000:00:08.0: [8086:100e] type 00 class 0x020000
[    0.309832] pci 0000:00:08.0: reg 0x10: [mem 0xf0820000-0xf083ffff]
[    0.310979] pci 0000:00:08.0: reg 0x18: [io  0xd060-0xd067]
[    0.314062] pci 0000:00:09.0: [8086:100e] type 00 class 0x020000
[    0.314759] pci 0000:00:09.0: reg 0x10: [mem 0xf0840000-0xf085ffff]
[    0.315913] pci 0000:00:09.0: reg 0x18: [io  0xd068-0xd06f]
[    0.326061] ACPI: PCI Interrupt Link [LNKA] (IRQs 5 9 10 *11)
[    0.326343] ACPI: PCI Interrupt Link [LNKB] (IRQs 5 9 *10 11)
[    0.326447] ACPI: PCI Interrupt Link [LNKC] (IRQs 5 *9 10 11)
[    0.326549] ACPI: PCI Interrupt Link [LNKD] (IRQs 5 9 10 *11)
[    0.326793] iommu: Default domain type: Translated 
[    0.326854] pci 0000:00:02.0: vgaarb: setting as boot VGA device
[    0.326855] pci 0000:00:02.0: vgaarb: VGA device added: decodes=io+mem,owns=io+mem,locks=none
[    0.326857] pci 0000:00:02.0: vgaarb: bridge control possible
[    0.326858] vgaarb: loaded
[    0.327061] SCSI subsystem initialized
[    0.327092] libata version 3.00 loaded.
[    0.327116] ACPI: bus type USB registered
[    0.327132] usbcore: registered new interface driver usbfs
[    0.327138] usbcore: registered new interface driver hub
[    0.327144] usbcore: registered new device driver usb
[    0.327172] pps_core: LinuxPPS API ver. 1 registered
[    0.327172] pps_core: Software ver. 5.3.6 - Copyright 2005-2007 Rodolfo Giometti <giometti@linux.it>
[    0.327175] PTP clock support registered
[    0.327211] EDAC MC: Ver: 3.0.0
[    0.327500] PCI: Using ACPI for IRQ routing
[    0.327501] PCI: pci_cache_line_size set to 64 bytes
[    0.327671] e820: reserve RAM buffer [mem 0x0009fc00-0x0009ffff]
[    0.327675] e820: reserve RAM buffer [mem 0x7fff0000-0x7fffffff]
[    0.329069] NetLabel: Initializing
[    0.329070] NetLabel:  domain hash size = 128
[    0.329070] NetLabel:  protocols = UNLABELED CIPSOv4 CALIPSO
[    0.329090] NetLabel:  unlabeled traffic allowed by default
[    0.329999] clocksource: Switched to clocksource kvm-clock
[    0.342584] *** VALIDATE bpf ***
[    0.342641] VFS: Disk quotas dquot_6.6.0
[    0.342654] VFS: Dquot-cache hash table entries: 512 (order 0, 4096 bytes)
[    0.342676] *** VALIDATE ramfs ***
[    0.342679] *** VALIDATE hugetlbfs ***
[    0.342757] AppArmor: AppArmor Filesystem Enabled
[    0.342781] pnp: PnP ACPI init
[    0.342844] pnp 00:00: Plug and Play ACPI device, IDs PNP0303 (active)
[    0.342914] pnp 00:01: Plug and Play ACPI device, IDs PNP0f03 (active)
[    0.343100] pnp: PnP ACPI: found 2 devices
[    0.344751] thermal_sys: Registered thermal governor 'fair_share'
[    0.344752] thermal_sys: Registered thermal governor 'bang_bang'
[    0.344752] thermal_sys: Registered thermal governor 'step_wise'
[    0.344753] thermal_sys: Registered thermal governor 'user_space'
[    0.344753] thermal_sys: Registered thermal governor 'power_allocator'
[    0.349282] clocksource: acpi_pm: mask: 0xffffff max_cycles: 0xffffff, max_idle_ns: 2085701024 ns
[    0.349322] pci_bus 0000:00: resource 4 [io  0x0000-0x0cf7 window]
[    0.349323] pci_bus 0000:00: resource 5 [io  0x0d00-0xffff window]
[    0.349325] pci_bus 0000:00: resource 6 [mem 0x000a0000-0x000bffff window]
[    0.349326] pci_bus 0000:00: resource 7 [mem 0x80000000-0xfdffffff window]
[    0.349382] NET: Registered protocol family 2
[    0.349455] IP idents hash table entries: 32768 (order: 6, 262144 bytes, linear)
[    0.349853] MPTCP tokens hash table entries: 8192 (order: 4, 65536 bytes, linear)
[    0.349873] MPTCP request tokens hash table entries: 8192 (order: 4, 65536 bytes, linear)
[    0.349898] default registered
[    0.349898] default registered
[    0.349899] MPTCP: Stable release v0.96
[    0.349904] tcp_listen_portaddr_hash hash table entries: 1024 (order: 2, 16384 bytes, linear)
[    0.349980] TCP established hash table entries: 16384 (order: 5, 131072 bytes, linear)
[    0.350044] TCP bind hash table entries: 16384 (order: 6, 262144 bytes, linear)
[    0.350069] TCP: Hash tables configured (established 16384 bind 16384)
[    0.350513] UDP hash table entries: 1024 (order: 3, 32768 bytes, linear)
[    0.350524] UDP-Lite hash table entries: 1024 (order: 3, 32768 bytes, linear)
[    0.350556] NET: Registered protocol family 1
[    0.350564] NET: Registered protocol family 44
[    0.350587] pci 0000:00:00.0: Limiting direct PCI/PCI transfers
[    0.350599] pci 0000:00:01.0: Activating ISA DMA hang workarounds
[    0.350650] pci 0000:00:02.0: Video device with shadowed ROM at [mem 0x000c0000-0x000dffff]
[    0.350714] PCI: CLS 0 bytes, default 64
[    0.350757] Trying to unpack rootfs image as initramfs...
[    0.499960] Freeing initrd memory: 47868K
[    0.499960] clocksource: tsc: mask: 0xffffffffffffffff max_cycles: 0x1e4530a99b6, max_idle_ns: 440795257976 ns
[    0.499960] clocksource: Switched to clocksource tsc
[    0.499960] platform rtc_cmos: registered platform RTC device (no PNP device found)
[    0.499960] check: Scanning for low memory corruption every 60 seconds
[    0.499960] Initialise system trusted keyrings
[    0.499960] Key type blacklist registered
[    0.499960] workingset: timestamp_bits=36 max_order=19 bucket_order=0
[    0.499960] zbud: loaded
[    0.499960] squashfs: version 4.0 (2009/01/31) Phillip Lougher
[    0.499960] fuse: init (API version 7.31)
[    0.499960] *** VALIDATE fuse ***
[    0.499960] *** VALIDATE fuse ***
[    0.499960] Platform Keyring initialized
[    0.499960] Key type asymmetric registered
[    0.499960] Asymmetric key parser 'x509' registered
[    0.499960] Block layer SCSI generic (bsg) driver version 0.4 loaded (major 244)
[    0.499960] io scheduler mq-deadline registered
[    0.499960] shpchp: Standard Hot Plug PCI Controller Driver version: 0.4
[    0.513267] ACPI: AC Adapter [AC] (on-line)
[    0.513314] input: Power Button as /devices/LNXSYSTM:00/LNXPWRBN:00/input/input0
[    0.513340] ACPI: Power Button [PWRF]
[    0.513425] input: Sleep Button as /devices/LNXSYSTM:00/LNXSLPBN:00/input/input1
[    0.513440] ACPI: Sleep Button [SLPF]
[    0.513667] Serial: 8250/16550 driver, 32 ports, IRQ sharing enabled
[    0.514802] Linux agpgart interface v0.103
[    0.603073] loop: module loaded
[    0.603238] ata_piix 0000:00:01.1: version 2.13
[    0.603736] scsi host0: ata_piix
[    0.603843] scsi host1: ata_piix
[    0.603876] ata1: PATA max UDMA/33 cmd 0x1f0 ctl 0x3f6 bmdma 0xd000 irq 14
[    0.603877] ata2: PATA max UDMA/33 cmd 0x170 ctl 0x376 bmdma 0xd008 irq 15
[    0.603968] tun: Universal TUN/TAP device driver, 1.6
[    0.604304] PPP generic driver version 2.4.2
[    0.604365] VFIO - User Level meta-driver version: 0.3
[    0.604646] ehci_hcd: USB 2.0 'Enhanced' Host Controller (EHCI) Driver
[    0.604651] ehci-pci: EHCI PCI platform driver
[    0.604666] ehci-platform: EHCI generic platform driver
[    0.604673] ohci_hcd: USB 1.1 'Open' Host Controller (OHCI) Driver
[    0.604675] ohci-pci: OHCI PCI platform driver
[    0.604684] ohci-platform: OHCI generic platform driver
[    0.604689] uhci_hcd: USB Universal Host Controller Interface driver
[    0.604764] i8042: PNP: PS/2 Controller [PNP0303:PS2K,PNP0f03:PS2M] at 0x60,0x64 irq 1,12
[    0.605292] serio: i8042 KBD port at 0x60,0x64 irq 1
[    0.605296] serio: i8042 AUX port at 0x60,0x64 irq 12
[    0.605401] mousedev: PS/2 mouse device common for all mice
[    0.605692] input: AT Translated Set 2 keyboard as /devices/platform/i8042/serio0/input/input2
[    0.606159] rtc_cmos rtc_cmos: registered as rtc0
[    0.606176] rtc_cmos rtc_cmos: alarms up to one day, 114 bytes nvram
[    0.606183] i2c /dev entries driver
[    0.606228] device-mapper: uevent: version 1.0.3
[    0.606279] device-mapper: ioctl: 4.41.0-ioctl (2019-09-16) initialised: dm-devel@redhat.com
[    0.606297] platform eisa.0: Probing EISA bus 0
[    0.606298] platform eisa.0: EISA: Cannot allocate resource for mainboard
[    0.606300] platform eisa.0: Cannot allocate resource for EISA slot 1
[    0.606301] platform eisa.0: Cannot allocate resource for EISA slot 2
[    0.606302] platform eisa.0: Cannot allocate resource for EISA slot 3
[    0.606303] platform eisa.0: Cannot allocate resource for EISA slot 4
[    0.606305] platform eisa.0: Cannot allocate resource for EISA slot 5
[    0.606306] platform eisa.0: Cannot allocate resource for EISA slot 6
[    0.606307] platform eisa.0: Cannot allocate resource for EISA slot 7
[    0.606308] platform eisa.0: Cannot allocate resource for EISA slot 8
[    0.606310] platform eisa.0: EISA: Detected 0 cards
[    0.606312] intel_pstate: CPU model not supported
[    0.606321] ledtrig-cpu: registered to indicate activity on CPUs
[    0.606381] drop_monitor: Initializing network drop monitor service
[    0.606574] NET: Registered protocol family 10
[    0.611279] Segment Routing with IPv6
[    0.611279] fullmesh registered
[    0.611279] ndiffports registered
[    0.611279] binder registered
[    0.611279] roundrobin registered
[    0.611279] redundant registered
[    0.611279] blest registered
[    0.611279] ecf registered
[    0.611279] NET: Registered protocol family 17
[    0.611279] Key type dns_resolver registered
[    0.611279] RAS: Correctable Errors collector initialized.
[    0.611279] IPI shorthand broadcast: enabled
[    0.611279] sched_clock: Marking stable (596261559, 11017903)->(608073098, -793636)
[    0.613212] registered taskstats version 1
[    0.613223] Loading compiled-in X.509 certificates
[    0.614038] Loaded X.509 cert 'Build time autogenerated kernel key: 6909f3744cebb3d0de528d5887b96a727de79b1e'
[    0.614057] zswap: loaded using pool lzo/zbud
[    0.614117] Key type ._fscrypt registered
[    0.614117] Key type .fscrypt registered
[    0.619662] Key type big_key registered
[    0.622425] Key type encrypted registered
[    0.622428] AppArmor: AppArmor sha1 policy hashing enabled
[    0.622436] ima: No TPM chip found, activating TPM-bypass!
[    0.622440] ima: Allocated hash algorithm: sha1
[    0.622446] ima: No architecture policies found
[    0.622456] evm: Initialising EVM extended attributes:
[    0.622457] evm: security.selinux
[    0.622458] evm: security.SMACK64
[    0.622458] evm: security.SMACK64EXEC
[    0.622459] evm: security.SMACK64TRANSMUTE
[    0.622459] evm: security.SMACK64MMAP
[    0.622460] evm: security.apparmor
[    0.622460] evm: security.ima
[    0.622461] evm: security.capability
[    0.622462] evm: HMAC attrs: 0x1
[    0.622784] PM:   Magic number: 10:246:340
[    0.622918] rtc_cmos rtc_cmos: setting system clock to 2026-01-16T17:19:16 UTC (1768583956)
[    0.775051] ata1.00: ATA-6: VBOX HARDDISK, 1.0, max UDMA/133
[    0.775053] ata1.00: 209715200 sectors, multi 128: LBA 
[    0.775515] scsi 0:0:0:0: Direct-Access     ATA      VBOX HARDDISK    1.0  PQ: 0 ANSI: 5
[    0.775686] sd 0:0:0:0: [sda] 209715200 512-byte logical blocks: (107 GB/100 GiB)
[    0.775695] sd 0:0:0:0: [sda] Write Protect is off
[    0.775697] sd 0:0:0:0: [sda] Mode Sense: 00 3a 00 00
[    0.775710] sd 0:0:0:0: [sda] Write cache: enabled, read cache: enabled, doesn't support DPO or FUA
[    0.775847] sd 0:0:0:0: Attached scsi generic sg0 type 0
[    0.776524]  sda: sda1 sda2
[    0.787181] sd 0:0:0:0: [sda] Attached SCSI disk
[    0.789373] Freeing unused decrypted memory: 2040K
[    0.790124] Freeing unused kernel image memory: 2728K
[    0.790126] Write protecting the kernel read-only data: 22528k
[    0.790874] Freeing unused kernel image memory: 2036K
[    0.791301] Freeing unused kernel image memory: 1432K
[    0.807446] x86/mm: Checked W+X mappings: passed, no W+X pages found.
[    0.807449] Run /init as init process
[    0.906797] ACPI: Video Device [GFX0] (multi-head: yes  rom: no  post: no)
[    0.906864] input: Video Bus as /devices/LNXSYSTM:00/LNXSYBUS:00/PNP0A03:00/LNXVIDEO:00/input/input4
[    0.917841] pcnet32: pcnet32.c:v1.35 21.Apr.2008 tsbogend@alpha.franken.de
[    0.921534] piix4_smbus 0000:00:07.0: SMBus Host Controller at 0x4100, revision 0
[    0.923979] e1000: Intel(R) PRO/1000 Network Driver - version 7.3.21-k8-NAPI
[    0.923980] e1000: Copyright (c) 1999-2006 Intel Corporation.
[    0.926079] pcnet32: PCnet/FAST III 79C973 at 0xd020, 08:00:27:90:6c:8e assigned IRQ 19
[    0.926122] pcnet32: Found PHY 0022:561b at address 0
[    0.926412] pcnet32: eth0: registered as PCnet/FAST III 79C973
[    0.936289] pcnet32: 1 cards_found
[    0.990644] pcnet32 0000:00:03.0 enp0s3: renamed from eth0
[    1.137439] input: ImExPS/2 Generic Explorer Mouse as /devices/platform/i8042/serio1/input/input5
[    1.331255] e1000 0000:00:08.0 eth0: (PCI:33MHz:32-bit) 08:00:27:52:0f:84
[    1.331259] e1000 0000:00:08.0 eth0: Intel(R) PRO/1000 Network Connection
[    1.703361] e1000 0000:00:09.0 eth1: (PCI:33MHz:32-bit) 08:00:27:8b:52:e9
[    1.703363] e1000 0000:00:09.0 eth1: Intel(R) PRO/1000 Network Connection
[    1.704499] e1000 0000:00:09.0 enp0s9: renamed from eth1
[    1.706270] e1000 0000:00:08.0 enp0s8: renamed from eth0
[    1.847729] EXT4-fs (sda2): mounted filesystem with ordered data mode. Opts: (null)
[    1.930885] systemd[1]: Inserted module 'autofs4'
[    1.940582] systemd[1]: systemd 245.4-4ubuntu3 running in system mode. (+PAM +AUDIT +SELINUX +IMA +APPARMOR +SMACK +SYSVINIT +UTMP +LIBCRYPTSETUP +GCRYPT +GNUTLS +ACL +XZ +LZ4 +SECCOMP +BLKID +ELFUTILS +KMOD +IDN2 -IDN +PCRE2 default-hierarchy=hybrid)
[    1.940611] systemd[1]: Detected virtualization oracle.
[    1.940614] systemd[1]: Detected architecture x86-64.
[    1.941887] systemd[1]: Set hostname to <ztg>.
[    2.062039] systemd[1]: /lib/systemd/system/dbus.socket:5: ListenStream= references a path below legacy directory /var/run/, updating /var/run/dbus/system_bus_socket â†’ /run/dbus/system_bus_socket; please update the unit file accordingly.
[    2.116291] systemd[1]: Created slice system-modprobe.slice.
[    2.116492] systemd[1]: Created slice User and Session Slice.
[    2.116534] systemd[1]: Started Forward Password Requests to Wall Directory Watch.
[    2.116690] systemd[1]: Set up automount Arbitrary Executable File Formats File System Automount Point.
[    2.116722] systemd[1]: Reached target User and Group Name Lookups.
[    2.116730] systemd[1]: Reached target Remote File Systems.
[    2.116738] systemd[1]: Reached target Slices.
[    2.117218] systemd[1]: Listening on Syslog Socket.
[    2.117281] systemd[1]: Listening on fsck to fsckd communication Socket.
[    2.117316] systemd[1]: Listening on initctl Compatibility Named Pipe.
[    2.117446] systemd[1]: Listening on Journal Audit Socket.
[    2.117498] systemd[1]: Listening on Journal Socket (/dev/log).
[    2.117563] systemd[1]: Listening on Journal Socket.
[    2.117626] systemd[1]: Listening on udev Control Socket.
[    2.117665] systemd[1]: Listening on udev Kernel Socket.
[    2.118360] systemd[1]: Mounting Huge Pages File System...
[    2.119283] systemd[1]: Mounting POSIX Message Queue File System...
[    2.120135] systemd[1]: Mounting Kernel Debug File System...
[    2.120951] systemd[1]: Mounting Kernel Trace File System...
[    2.122819] systemd[1]: Starting Journal Service...
[    2.144881] systemd[1]: Starting Set the console keyboard layout...
[    2.152642] systemd[1]: Starting Create list of static device nodes for the current kernel...
[    2.154510] systemd[1]: Starting Load Kernel Module drm...
[    2.156097] systemd[1]: Condition check resulted in Set Up Additional Binary Formats being skipped.
[    2.156148] systemd[1]: Condition check resulted in File System Check on Root Device being skipped.
[    2.169999] systemd[1]: Starting Load Kernel Modules...
[    2.175387] systemd[1]: Starting Remount Root and Kernel File Systems...
[    2.191211] systemd[1]: Starting udev Coldplug all Devices...
[    2.194045] systemd[1]: Starting Uncomplicated firewall...
[    2.195653] systemd[1]: Mounted Huge Pages File System.
[    2.195742] systemd[1]: Mounted POSIX Message Queue File System.
[    2.195815] systemd[1]: Mounted Kernel Debug File System.
[    2.195882] systemd[1]: Mounted Kernel Trace File System.
[    2.238974] EXT4-fs (sda2): re-mounted. Opts: errors=remount-ro
[    2.239428] systemd[1]: Finished Create list of static device nodes for the current kernel.
[    2.240458] systemd[1]: modprobe@drm.service: Succeeded.
[    2.247204] systemd[1]: Finished Load Kernel Module drm.
[    2.247757] systemd[1]: Finished Remount Root and Kernel File Systems.
[    2.248564] systemd[1]: Finished Uncomplicated firewall.
[    2.266136] lp: driver loaded but no devices found
[    2.268183] systemd[1]: Condition check resulted in Rebuild Hardware Database being skipped.
[    2.268222] systemd[1]: Condition check resulted in Platform Persistent Storage Archival being skipped.
[    2.268929] systemd[1]: Starting Load/Save Random Seed...
[    2.274629] systemd[1]: Starting Create System Users...
[    2.280368] ppdev: user-space parallel port driver
[    2.290550] systemd[1]: Finished Load/Save Random Seed.
[    2.292810] systemd[1]: Finished Create System Users.
[    2.293516] systemd[1]: Starting Create Static Device Nodes in /dev...
[    2.336625] systemd[1]: Finished Create Static Device Nodes in /dev.
[    2.337396] systemd[1]: Starting udev Kernel Device Manager...
[    2.363797] systemd[1]: Finished udev Coldplug all Devices.
[    2.368407] [drm] DMA map mode: Caching DMA mappings.
[    2.368469] [drm] Capabilities:
[    2.368469] [drm]   Rect copy.
[    2.368470] [drm]   Cursor.
[    2.368470] [drm]   Cursor bypass.
[    2.368470] [drm]   Cursor bypass 2.
[    2.368471] [drm]   Alpha cursor.
[    2.368471] [drm]   Extended Fifo.
[    2.368471] [drm]   Pitchlock.
[    2.368472] [drm]   Irq mask.
[    2.368472] [drm]   GMR.
[    2.368472] [drm]   Traces.
[    2.368473] [drm]   GMR2.
[    2.368473] [drm]   Screen Object 2.
[    2.368473] [drm]   Command Buffers.
[    2.368474] [drm]   Command Buffers 2.
[    2.368474] [drm]   Guest Backed Resources.
[    2.368475] [drm] Max GMR ids is 8192
[    2.368475] [drm] Max number of GMR pages is 1048576
[    2.368476] [drm] Max dedicated hypervisor surface memory is 393216 kiB
[    2.368476] [drm] Maximum display memory size is 131072 kiB
[    2.368477] [drm] VRAM at 0xe0000000 size is 131072 kiB
[    2.368478] [drm] MMIO at 0xf0000000 size is 2048 kiB
[    2.369420] [TTM] Zone  kernel: Available graphics memory: 1011738 KiB
[    2.369421] [TTM] Initializing pool allocator
[    2.369424] [TTM] Initializing DMA pool allocator
[    2.369478] [drm] Supports vblank timestamp caching Rev 2 (21.10.2013).
[    2.369479] [drm] No driver support for vblank timestamp query.
[    2.369696] [drm] Screen Target Display device initialized
[    2.369871] [drm] width 720
[    2.369879] [drm] height 400
[    2.369882] [drm] bpp 32
[    2.370165] [drm] Fifo max 0x00200000 min 0x00001000 cap 0x00000355
[    2.371243] [drm] Using command buffers with DMA pool.
[    2.371595] [drm] DX: no.
[    2.371595] [drm] Atomic: yes.
[    2.371596] [drm] SM4_1: no.
[    2.371639] [drm:vmw_host_log [vmwgfx]] *ERROR* Failed to send host log message.
[    2.373323] [drm:vmw_host_log [vmwgfx]] *ERROR* Failed to send host log message.
[    2.381842] fbcon: svgadrmfb (fb0) is primary device
[    2.386877] Console: switching to colour frame buffer device 100x37
[    2.397740] [drm] Initialized vmwgfx 2.15.0 20180704 for 0000:00:02.0 on minor 0
[    2.399317] systemd[1]: Finished Load Kernel Modules.
[    2.400389] systemd[1]: Mounting FUSE Control File System...
[    2.402407] systemd[1]: Mounting Kernel Configuration File System...
[    2.441067] systemd[1]: Starting Apply Kernel Variables...
[    2.443571] systemd[1]: Mounted FUSE Control File System.
[    2.443646] systemd[1]: Condition check resulted in VMware vmblock fuse mount being skipped.
[    2.446877] systemd[1]: Mounted Kernel Configuration File System.
[    2.465585] systemd[1]: Finished Set the console keyboard layout.
[    2.465674] systemd[1]: Reached target Local File Systems (Pre).
[    2.469647] systemd[1]: Mounting Mount unit for bare, revision 5...
[    2.472228] systemd[1]: Mounting Mount unit for core18, revision 1705...
[    2.476820] systemd[1]: Mounting Mount unit for gnome-3-34-1804, revision 24...
[    2.504570] systemd[1]: Mounting Mount unit for gtk-common-themes, revision 1506...
[    2.508951] systemd[1]: Mounting Mount unit for gtk-common-themes, revision 1535...
[    2.519724] systemd[1]: Mounting Mount unit for snap-store, revision 433...
[    2.527452] systemd[1]: Mounting Mount unit for snapd, revision 25935...
[    2.531848] systemd[1]: Finished Apply Kernel Variables.
[    2.560129] systemd[1]: Started udev Kernel Device Manager.
[    2.560837] systemd[1]: Starting Show Plymouth Boot Screen...
[    2.569735] systemd[1]: Mounted Mount unit for bare, revision 5.
[    2.569848] systemd[1]: Mounted Mount unit for core18, revision 1705.
[    2.569935] systemd[1]: Mounted Mount unit for gnome-3-34-1804, revision 24.
[    2.570003] systemd[1]: Received SIGRTMIN+20 from PID 273 (plymouthd).
[    2.605523] systemd[1]: Started Show Plymouth Boot Screen.
[    2.605666] systemd[1]: Condition check resulted in Dispatch Password Requests to Console Directory Watch being skipped.
[    2.605758] systemd[1]: Started Forward Password Requests to Plymouth Directory Watch.
[    2.605790] systemd[1]: Reached target Local Encrypted Volumes.
[    2.627275] systemd[1]: Mounted Mount unit for gtk-common-themes, revision 1506.
[    2.708314] systemd[1]: Mounted Mount unit for gtk-common-themes, revision 1535.
[    2.708577] systemd[1]: Mounted Mount unit for snap-store, revision 433.
[    2.708755] systemd[1]: Mounted Mount unit for snapd, revision 25935.
[    2.708901] systemd[1]: Reached target Local File Systems.
[    2.722781] systemd[1]: Starting Load AppArmor profiles...
[    2.730896] systemd[1]: Starting Set console font and keymap...
[    2.735546] systemd[1]: Starting Tell Plymouth To Write Out Runtime Data...
[    2.739191] systemd[1]: Condition check resulted in Store a System Token in an EFI Variable being skipped.
[    2.739223] systemd[1]: Condition check resulted in Commit a transient machine-id on disk being skipped.
[    2.743537] systemd[1]: Finished Set console font and keymap.
[    2.755102] systemd[1]: Received SIGRTMIN+20 from PID 273 (plymouthd).
[    2.756462] systemd[1]: plymouth-read-write.service: Succeeded.
[    2.756715] systemd[1]: Finished Tell Plymouth To Write Out Runtime Data.
[    2.783257] audit: type=1400 audit(1768583958.660:2): apparmor="STATUS" operation="profile_load" profile="unconfined" name="nvidia_modprobe" pid=299 comm="apparmor_parser"
[    2.783259] audit: type=1400 audit(1768583958.660:3): apparmor="STATUS" operation="profile_load" profile="unconfined" name="nvidia_modprobe//kmod" pid=299 comm="apparmor_parser"
[    2.793079] audit: type=1400 audit(1768583958.668:4): apparmor="STATUS" operation="profile_load" profile="unconfined" name="/usr/sbin/tcpdump" pid=300 comm="apparmor_parser"
[    2.841558] audit: type=1400 audit(1768583958.708:5): apparmor="STATUS" operation="profile_load" profile="unconfined" name="/usr/bin/evince" pid=302 comm="apparmor_parser"
[    2.841560] audit: type=1400 audit(1768583958.708:6): apparmor="STATUS" operation="profile_load" profile="unconfined" name="/usr/bin/evince//sanitized_helper" pid=302 comm="apparmor_parser"
[    2.841562] audit: type=1400 audit(1768583958.708:7): apparmor="STATUS" operation="profile_load" profile="unconfined" name="/usr/bin/evince-previewer" pid=302 comm="apparmor_parser"
[    2.841563] audit: type=1400 audit(1768583958.708:8): apparmor="STATUS" operation="profile_load" profile="unconfined" name="/usr/bin/evince-previewer//sanitized_helper" pid=302 comm="apparmor_parser"
[    2.841565] audit: type=1400 audit(1768583958.708:9): apparmor="STATUS" operation="profile_load" profile="unconfined" name="/usr/bin/evince-thumbnailer" pid=302 comm="apparmor_parser"
[    2.857388] audit: type=1400 audit(1768583958.732:10): apparmor="STATUS" operation="profile_load" profile="unconfined" name="/usr/lib/cups/backend/cups-pdf" pid=303 comm="apparmor_parser"
[    2.924189] systemd[1]: Finished Load AppArmor profiles.
[    2.925089] systemd[1]: Starting Load AppArmor profiles managed internally by snapd...
[    3.059803] systemd[1]: Finished Load AppArmor profiles managed internally by snapd.
[    3.133764] systemd[1]: Started Journal Service.
[    3.142214] systemd-journald[229]: Received client request to flush runtime journal.
[    3.144861] systemd-journald[229]: File /var/log/journal/c455b248004a419c87ce85eea238d727/system.journal corrupted or uncleanly shut down, renaming and replacing.
[    4.452023] RAPL PMU: API unit is 2^-32 Joules, 0 fixed counters, 10737418240 ms ovfl timer
[    4.481458] cryptd: max_cpu_qlen set to 1000
[    4.486639] AVX2 version of gcm_enc/dec engaged.
[    4.486640] AES CTR mode by8 optimization enabled
[    6.298142] Adding 1998844k swap on /dev/sda1.  Priority:-2 extents:1 across:1998844k FS
[    7.886526] kauditd_printk_skb: 30 callbacks suppressed
[    7.886527] audit: type=1400 audit(1768583963.756:41): apparmor="DENIED" operation="capable" profile="/usr/sbin/cups-browsed" pid=505 comm="cups-browsed" capability=23  capname="sys_nice"
[    8.762005] pcnet32 0000:00:03.0 enp0s3: link up, 100Mbps, full-duplex
[    8.803273] e1000: enp0s8 NIC Link is Up 1000 Mbps Full Duplex, Flow Control: RX
[    8.803551] IPv6: ADDRCONF(NETDEV_CHANGE): enp0s8: link becomes ready
[    8.829996] e1000: enp0s9 NIC Link is Up 1000 Mbps Full Duplex, Flow Control: RX
[    8.830321] IPv6: ADDRCONF(NETDEV_CHANGE): enp0s9: link becomes ready
[    9.479622] device enp0s3 entered promiscuous mode
[    9.504003] audit: type=1400 audit(1768583965.376:42): apparmor="DENIED" operation="open" profile="/usr/sbin/tcpdump" name="/proc/sys/kernel/random/boot_id" pid=655 comm="tcpdump" requested_mask="r" denied_mask="r" fsuid=0 ouid=0
[    9.504216] audit: type=1400 audit(1768583965.376:43): apparmor="DENIED" operation="open" profile="/usr/sbin/tcpdump" name="/proc/sys/kernel/random/boot_id" pid=655 comm="tcpdump" requested_mask="r" denied_mask="r" fsuid=0 ouid=0
[    9.504264] audit: type=1400 audit(1768583965.376:44): apparmor="DENIED" operation="open" profile="/usr/sbin/tcpdump" name="/proc/sys/kernel/random/boot_id" pid=655 comm="tcpdump" requested_mask="r" denied_mask="r" fsuid=0 ouid=0
[    9.504366] audit: type=1400 audit(1768583965.376:45): apparmor="DENIED" operation="open" profile="/usr/sbin/tcpdump" name="/proc/sys/kernel/random/boot_id" pid=655 comm="tcpdump" requested_mask="r" denied_mask="r" fsuid=0 ouid=0
[    9.508203] audit: type=1400 audit(1768583965.384:46): apparmor="DENIED" operation="open" profile="/usr/sbin/tcpdump" name="/proc/sys/kernel/random/boot_id" pid=656 comm="tcpdump" requested_mask="r" denied_mask="r" fsuid=0 ouid=0
[    9.513080] audit: type=1400 audit(1768583965.384:47): apparmor="DENIED" operation="open" profile="/usr/sbin/tcpdump" name="/proc/sys/kernel/random/boot_id" pid=656 comm="tcpdump" requested_mask="r" denied_mask="r" fsuid=0 ouid=0
[    9.513117] audit: type=1400 audit(1768583965.384:48): apparmor="DENIED" operation="open" profile="/usr/sbin/tcpdump" name="/proc/sys/kernel/random/boot_id" pid=656 comm="tcpdump" requested_mask="r" denied_mask="r" fsuid=0 ouid=0
[    9.513135] audit: type=1400 audit(1768583965.384:49): apparmor="DENIED" operation="open" profile="/usr/sbin/tcpdump" name="/proc/sys/kernel/random/boot_id" pid=656 comm="tcpdump" requested_mask="r" denied_mask="r" fsuid=0 ouid=0
[   15.411813] rfkill: input handler disabled
[  294.721550] AAAAA-TCP_FORW: name:enp0s3: saddr:100932208: daddr:33561200
[  295.144833] AAAAA-TCP_FORW: name:enp0s3: saddr:100932208: daddr:16783984
[  295.265001] AAAAA-TCP_FORW: name:enp0s3: saddr:100932208: daddr:16783984
[  295.321024] AAAAA-TCP_FORW: name:enp0s3: saddr:100932208: daddr:16783984
[  295.462012] AAAAA-TCP_FORW: name:enp0s3: saddr:100932208: daddr:16783984
[  295.592939] AAAAA-TCP_FORW: name:enp0s3: saddr:100932208: daddr:16783984
[  295.713923] AAAAA-TCP_FORW: name:enp0s3: saddr:100932208: daddr:16783984
[  295.907688] AAAAA-TCP_FORW: name:enp0s3: saddr:100932208: daddr:16783984
[  295.974641] AAAAA-TCP_FORW: name:enp0s3: saddr:100932208: daddr:33561200
[  296.044025] AAAAA-TCP_FORW: name:enp0s3: saddr:100932208: daddr:16783984
[  296.110854] AAAAA-TCP_FORW: name:enp0s3: saddr:100932208: daddr:16783984
[  296.258205] AAAAA-TCP_FORW: name:enp0s3: saddr:100932208: daddr:16783984
[  296.347341] AAAAA-TCP_FORW: name:enp0s3: saddr:100932208: daddr:33561200
[  296.387060] AAAAA-TCP_FORW: name:enp0s3: saddr:100932208: daddr:16783984
[  296.446458] AAAAA-TCP_FORW: name:enp0s3: saddr:100932208: daddr:16783984
[  296.496746] AAAAA-TCP_FORW: name:enp0s3: saddr:100932208: daddr:16783984
[  296.568566] AAAAA-TCP_FORW: name:enp0s3: saddr:100932208: daddr:16783984
[  296.657090] AAAAA-TCP_FORW: name:enp0s3: saddr:100932208: daddr:16783984
[  296.924871] AAAAA-TCP_FORW: name:enp0s3: saddr:100932208: daddr:33561200
[  296.984761] AAAAA-TCP_FORW: name:enp0s3: saddr:100932208: daddr:16783984
[  297.022702] AAAAA-TCP_FORW: name:enp0s3: saddr:100932208: daddr:16783984
[  297.461542] AAAAA-TCP_FORW: name:enp0s3: saddr:100932208: daddr:33561200
[  297.550674] AAAAA-TCP_FORW: name:enp0s3: saddr:100932208: daddr:33561200
[  297.669957] AAAAA-TCP_FORW: name:enp0s3: saddr:100932208: daddr:16783984
[  297.848728] AAAAA-TCP_FORW: name:enp0s3: saddr:100932208: daddr:16783984
[  298.036082] AAAAA-TCP_FORW: name:enp0s3: saddr:100932208: daddr:16783984
[  298.161373] AAAAA-TCP_FORW: name:enp0s3: saddr:100932208: daddr:16783984
[  298.261227] AAAAA-TCP_FORW: name:enp0s3: saddr:100932208: daddr:16783984
[  298.359862] AAAAA-TCP_FORW: name:enp0s3: saddr:100932208: daddr:16783984
[  298.432506] AAAAA-TCP_FORW: name:enp0s3: saddr:100932208: daddr:16783984
[  298.514886] AAAAA-TCP_FORW: name:enp0s3: saddr:100932208: daddr:16783984
[  298.588511] AAAAA-TCP_FORW: name:enp0s3: saddr:100932208: daddr:16783984
[  298.677126] AAAAA-TCP_FORW: name:enp0s3: saddr:100932208: daddr:16783984
[  298.789666] AAAAA-TCP_FORW: name:enp0s3: saddr:100932208: daddr:33561200
[  298.925760] AAAAA-TCP_FORW: name:enp0s3: saddr:100932208: daddr:16783984
[  545.130724] rfkill: input handler enabled
[  553.206952] rfkill: input handler disabled
[  895.444685] device enp0s3 left promiscuous mode
