[    0.000000] Linux version 5.4.243-mptcp (root@ztg) (gcc version 12.2.0 (Debian 12.2.0-14+deb12u1)) #53 SMP Wed Dec 24 23:28:15 CST 2025
[    0.000000] Command line: BOOT_IMAGE=/boot/vmlinuz-5.4.243-mptcp root=UUID=98415a12-53b7-4144-8265-0f7ece09e445 ro quiet splash
[    0.000000] KERNEL supported cpus:
[    0.000000]   Intel GenuineIntel
[    0.000000]   AMD AuthenticAMD
[    0.000000]   Hygon HygonGenuine
[    0.000000]   Centaur CentaurHauls
[    0.000000]   zhaoxin   Shanghai  
[    0.000000] x86/fpu: Supporting XSAVE feature 0x001: 'x87 floating point registers'
[    0.000000] x86/fpu: Supporting XSAVE feature 0x002: 'SSE registers'
[    0.000000] x86/fpu: Supporting XSAVE feature 0x004: 'AVX registers'
[    0.000000] x86/fpu: xstate_offset[2]:  576, xstate_sizes[2]:  256
[    0.000000] x86/fpu: Enabled xstate features 0x7, context size is 832 bytes, using 'standard' format.
[    0.000000] BIOS-provided physical RAM map:
[    0.000000] BIOS-e820: [mem 0x0000000000000000-0x000000000009fbff] usable
[    0.000000] BIOS-e820: [mem 0x000000000009fc00-0x000000000009ffff] reserved
[    0.000000] BIOS-e820: [mem 0x00000000000f0000-0x00000000000fffff] reserved
[    0.000000] BIOS-e820: [mem 0x0000000000100000-0x000000007ffeffff] usable
[    0.000000] BIOS-e820: [mem 0x000000007fff0000-0x000000007fffffff] ACPI data
[    0.000000] BIOS-e820: [mem 0x00000000fec00000-0x00000000fec00fff] reserved
[    0.000000] BIOS-e820: [mem 0x00000000fee00000-0x00000000fee00fff] reserved
[    0.000000] BIOS-e820: [mem 0x00000000fffc0000-0x00000000ffffffff] reserved
[    0.000000] NX (Execute Disable) protection: active
[    0.000000] SMBIOS 2.5 present.
[    0.000000] DMI: innotek GmbH VirtualBox/VirtualBox, BIOS VirtualBox 12/01/2006
[    0.000000] Hypervisor detected: KVM
[    0.000000] kvm-clock: Using msrs 4b564d01 and 4b564d00
[    0.000000] kvm-clock: cpu 0, msr 74e01001, primary cpu clock
[    0.000000] kvm-clock: using sched offset of 4428733321 cycles
[    0.000003] clocksource: kvm-clock: mask: 0xffffffffffffffff max_cycles: 0x1cd42e4dffb, max_idle_ns: 881590591483 ns
[    0.000005] tsc: Detected 2100.000 MHz processor
[    0.001887] e820: update [mem 0x00000000-0x00000fff] usable ==> reserved
[    0.001889] e820: remove [mem 0x000a0000-0x000fffff] usable
[    0.001894] last_pfn = 0x7fff0 max_arch_pfn = 0x400000000
[    0.001962] MTRR default type: uncachable
[    0.001963] MTRR fixed ranges enabled:
[    0.001964]   00000-9FFFF write-back
[    0.001965]   A0000-BFFFF uncachable
[    0.001966]   C0000-FFFFF write-protect
[    0.001966] MTRR variable ranges enabled:
[    0.001968]   0 base 000000000000 mask 3FFF80000000 write-back
[    0.001969]   1 disabled
[    0.001969]   2 disabled
[    0.001969]   3 disabled
[    0.001970]   4 disabled
[    0.001970]   5 disabled
[    0.001971]   6 disabled
[    0.001971]   7 disabled
[    0.001971]   8 disabled
[    0.001972]   9 disabled
[    0.001972]   10 disabled
[    0.001973]   11 disabled
[    0.001973]   12 disabled
[    0.001974]   13 disabled
[    0.001974]   14 disabled
[    0.001974]   15 disabled
[    0.001991] x86/PAT: Configuration [0-7]: WB  WC  UC- UC  WB  WP  UC- WT  
[    0.002123] found SMP MP-table at [mem 0x0009fff0-0x0009ffff]
[    0.092425] check: Scanning 1 areas for low memory corruption
[    0.092650] RAMDISK: [mem 0x32271000-0x3512ffff]
[    0.092659] ACPI: Early table checksum verification disabled
[    0.092663] ACPI: RSDP 0x00000000000E0000 000024 (v02 VBOX  )
[    0.092668] ACPI: XSDT 0x000000007FFF0030 00003C (v01 VBOX   VBOXXSDT 00000001 ASL  00000061)
[    0.092674] ACPI: FACP 0x000000007FFF00F0 0000F4 (v04 VBOX   VBOXFACP 00000001 ASL  00000061)
[    0.092681] ACPI: DSDT 0x000000007FFF02E0 002353 (v02 VBOX   VBOXBIOS 00000002 VBOX 00029BF3)
[    0.092685] ACPI: FACS 0x000000007FFF0200 000040
[    0.092688] ACPI: FACS 0x000000007FFF0200 000040
[    0.092691] ACPI: APIC 0x000000007FFF0240 000054 (v02 VBOX   VBOXAPIC 00000001 ASL  00000061)
[    0.092695] ACPI: SSDT 0x000000007FFF02A0 000038 (v01 VBOX   VBOXCPUT 00000002 VBOX 00029BF3)
[    0.092698] ACPI: Reserving FACP table memory at [mem 0x7fff00f0-0x7fff01e3]
[    0.092699] ACPI: Reserving DSDT table memory at [mem 0x7fff02e0-0x7fff2632]
[    0.092700] ACPI: Reserving FACS table memory at [mem 0x7fff0200-0x7fff023f]
[    0.092700] ACPI: Reserving FACS table memory at [mem 0x7fff0200-0x7fff023f]
[    0.092701] ACPI: Reserving APIC table memory at [mem 0x7fff0240-0x7fff0293]
[    0.092702] ACPI: Reserving SSDT table memory at [mem 0x7fff02a0-0x7fff02d7]
[    0.092717] ACPI: Local APIC address 0xfee00000
[    0.092905] No NUMA configuration found
[    0.092906] Faking a node at [mem 0x0000000000000000-0x000000007ffeffff]
[    0.092917] NODE_DATA(0) allocated [mem 0x7ffc5000-0x7ffeffff]
[    0.093178] Zone ranges:
[    0.093179]   DMA      [mem 0x0000000000001000-0x0000000000ffffff]
[    0.093180]   DMA32    [mem 0x0000000001000000-0x000000007ffeffff]
[    0.093181]   Normal   empty
[    0.093182]   Device   empty
[    0.093182] Movable zone start for each node
[    0.093184] Early memory node ranges
[    0.093185]   node   0: [mem 0x0000000000001000-0x000000000009efff]
[    0.093186]   node   0: [mem 0x0000000000100000-0x000000007ffeffff]
[    0.093189] Zeroed struct page in unavailable ranges: 114 pages
[    0.093190] Initmem setup node 0 [mem 0x0000000000001000-0x000000007ffeffff]
[    0.093191] On node 0 totalpages: 524174
[    0.093192]   DMA zone: 64 pages used for memmap
[    0.093193]   DMA zone: 21 pages reserved
[    0.093194]   DMA zone: 3998 pages, LIFO batch:0
[    0.093265]   DMA32 zone: 8128 pages used for memmap
[    0.093265]   DMA32 zone: 520176 pages, LIFO batch:63
[    0.102148] ACPI: PM-Timer IO Port: 0x4008
[    0.102162] ACPI: Local APIC address 0xfee00000
[    0.102227] IOAPIC[0]: apic_id 1, version 32, address 0xfec00000, GSI 0-23
[    0.102230] ACPI: INT_SRC_OVR (bus 0 bus_irq 0 global_irq 2 dfl dfl)
[    0.102232] ACPI: INT_SRC_OVR (bus 0 bus_irq 9 global_irq 9 low level)
[    0.102234] ACPI: IRQ0 used by override.
[    0.102235] ACPI: IRQ9 used by override.
[    0.102237] Using ACPI (MADT) for SMP configuration information
[    0.102243] smpboot: Allowing 1 CPUs, 0 hotplug CPUs
[    0.102266] PM: Registered nosave memory: [mem 0x00000000-0x00000fff]
[    0.102267] PM: Registered nosave memory: [mem 0x0009f000-0x0009ffff]
[    0.102267] PM: Registered nosave memory: [mem 0x000a0000-0x000effff]
[    0.102268] PM: Registered nosave memory: [mem 0x000f0000-0x000fffff]
[    0.102270] [mem 0x80000000-0xfebfffff] available for PCI devices
[    0.102270] Booting paravirtualized kernel on KVM
[    0.102274] clocksource: refined-jiffies: mask: 0xffffffff max_cycles: 0xffffffff, max_idle_ns: 7645519600211568 ns
[    0.102279] setup_percpu: NR_CPUS:8192 nr_cpumask_bits:1 nr_cpu_ids:1 nr_node_ids:1
[    0.103302] percpu: Embedded 60 pages/cpu s208896 r8192 d28672 u2097152
[    0.103307] pcpu-alloc: s208896 r8192 d28672 u2097152 alloc=1*2097152
[    0.103308] pcpu-alloc: [0] 0 
[    0.103334] Built 1 zonelists, mobility grouping on.  Total pages: 515961
[    0.103335] Policy zone: DMA32
[    0.103336] Kernel command line: BOOT_IMAGE=/boot/vmlinuz-5.4.243-mptcp root=UUID=98415a12-53b7-4144-8265-0f7ece09e445 ro quiet splash
[    0.104192] Dentry cache hash table entries: 262144 (order: 9, 2097152 bytes, linear)
[    0.104340] Inode-cache hash table entries: 131072 (order: 8, 1048576 bytes, linear)
[    0.104390] mem auto-init: stack:off, heap alloc:on, heap free:off
[    0.104393] Calgary: detecting Calgary via BIOS EBDA area
[    0.104394] Calgary: Unable to locate Rio Grande table in EBDA - bailing!
[    0.108488] Memory: 1967332K/2096696K available (14339K kernel code, 2398K rwdata, 4712K rodata, 2728K init, 17260K bss, 129364K reserved, 0K cma-reserved)
[    0.109429] SLUB: HWalign=64, Order=0-3, MinObjects=0, CPUs=1, Nodes=1
[    0.109445] ftrace: allocating 43186 entries in 169 pages
[    0.127505] rcu: Hierarchical RCU implementation.
[    0.127507] rcu: 	RCU restricting CPUs from NR_CPUS=8192 to nr_cpu_ids=1.
[    0.127508] 	Tasks RCU enabled.
[    0.127509] rcu: RCU calculated value of scheduler-enlistment delay is 25 jiffies.
[    0.127510] rcu: Adjusting geometry for rcu_fanout_leaf=16, nr_cpu_ids=1
[    0.130529] NR_IRQS: 524544, nr_irqs: 256, preallocated irqs: 16
[    0.130741] random: crng init done
[    0.139996] Console: colour VGA+ 80x25
[    0.140001] printk: console [tty0] enabled
[    0.140021] ACPI: Core revision 20190816
[    0.140112] APIC: Switch to symmetric I/O mode setup
[    0.140358] x2apic enabled
[    0.140593] Switched APIC routing to physical x2apic.
[    0.141712] ..TIMER: vector=0x30 apic1=0 pin1=2 apic2=-1 pin2=-1
[    0.141738] clocksource: tsc-early: mask: 0xffffffffffffffff max_cycles: 0x1e4530a99b6, max_idle_ns: 440795257976 ns
[    0.141743] Calibrating delay loop (skipped) preset value.. 4200.00 BogoMIPS (lpj=8400000)
[    0.141745] pid_max: default: 32768 minimum: 301
[    0.141773] LSM: Security Framework initializing
[    0.141782] Yama: becoming mindful.
[    0.141808] AppArmor: AppArmor initialized
[    0.141841] Mount-cache hash table entries: 4096 (order: 3, 32768 bytes, linear)
[    0.141845] Mountpoint-cache hash table entries: 4096 (order: 3, 32768 bytes, linear)
[    0.141856] *** VALIDATE tmpfs ***
[    0.141989] *** VALIDATE proc ***
[    0.142031] *** VALIDATE cgroup1 ***
[    0.142033] *** VALIDATE cgroup2 ***
[    0.142184] process: using mwait in idle threads
[    0.142188] Last level iTLB entries: 4KB 64, 2MB 8, 4MB 8
[    0.142189] Last level dTLB entries: 4KB 64, 2MB 0, 4MB 0, 1GB 4
[    0.142209] Spectre V1 : Mitigation: usercopy/swapgs barriers and __user pointer sanitization
[    0.142214] Spectre V2 : Mitigation: Retpolines
[    0.142215] Spectre V2 : Spectre v2 / SpectreRSB mitigation: Filling RSB on context switch
[    0.142216] Spectre V2 : Spectre v2 / SpectreRSB : Filling RSB on VMEXIT
[    0.142216] RETBleed: WARNING: Spectre v2 mitigation leaves CPU vulnerable to RETBleed attacks, data leaks possible!
[    0.142571] RETBleed: Vulnerable
[    0.142571] Speculative Store Bypass: Vulnerable
[    0.142576] TAA: Mitigation: TSX disabled
[    0.142577] MMIO Stale Data: Mitigation: Clear CPU buffers
[    0.146737] Freeing SMP alternatives memory: 40K
[    0.259259] smpboot: CPU0: Intel(R) Xeon(R) Silver 4216 CPU @ 2.10GHz (family: 0x6, model: 0x55, stepping: 0x7)
[    0.259380] Performance Events: unsupported p6 CPU model 85 no PMU driver, software events only.
[    0.259416] rcu: Hierarchical SRCU implementation.
[    0.259891] NMI watchdog: Perf NMI watchdog permanently disabled
[    0.259928] smp: Bringing up secondary CPUs ...
[    0.259929] smp: Brought up 1 node, 1 CPU
[    0.259930] smpboot: Max logical packages: 1
[    0.259932] smpboot: Total of 1 processors activated (4200.00 BogoMIPS)
[    0.260919] devtmpfs: initialized
[    0.260966] x86/mm: Memory block size: 128MB
[    0.261311] clocksource: jiffies: mask: 0xffffffff max_cycles: 0xffffffff, max_idle_ns: 7645041785100000 ns
[    0.261317] futex hash table entries: 256 (order: 2, 16384 bytes, linear)
[    0.261358] pinctrl core: initialized pinctrl subsystem
[    0.261460] PM: RTC time: 18:15:44, date: 2026-01-15
[    0.261566] NET: Registered protocol family 16
[    0.261639] audit: initializing netlink subsys (disabled)
[    0.261740] EISA bus registered
[    0.261740] cpuidle: using governor ladder
[    0.261740] cpuidle: using governor menu
[    0.261740] ACPI: bus type PCI registered
[    0.261740] acpiphp: ACPI Hot Plug PCI Controller Driver version: 0.5
[    0.261740] PCI: Using configuration type 1 for base access
[    0.262011] audit: type=2000 audit(1768472150.838:1): state=initialized audit_enabled=0 res=1
[    0.262089] HugeTLB registered 2.00 MiB page size, pre-allocated 0 pages
[    0.262914] ACPI: Added _OSI(Module Device)
[    0.262915] ACPI: Added _OSI(Processor Device)
[    0.262916] ACPI: Added _OSI(3.0 _SCP Extensions)
[    0.262916] ACPI: Added _OSI(Processor Aggregator Device)
[    0.262917] ACPI: Added _OSI(Linux-Dell-Video)
[    0.262918] ACPI: Added _OSI(Linux-Lenovo-NV-HDMI-Audio)
[    0.262919] ACPI: Added _OSI(Linux-HPI-Hybrid-Graphics)
[    0.264859] ACPI: 2 ACPI AML tables successfully acquired and loaded
[    0.266368] ACPI: Interpreter enabled
[    0.266378] ACPI: (supports S0 S5)
[    0.266379] ACPI: Using IOAPIC for interrupt routing
[    0.266594] PCI: Using host bridge windows from ACPI; if necessary, use "pci=nocrs" and report a bug
[    0.266700] ACPI: Enabled 2 GPEs in block 00 to 07
[    0.271628] ACPI: PCI Root Bridge [PCI0] (domain 0000 [bus 00-ff])
[    0.271633] acpi PNP0A03:00: _OSC: OS supports [ASPM ClockPM Segments MSI HPX-Type3]
[    0.272075] acpi PNP0A03:00: _OSC: not requesting OS control; OS requires [ExtendedConfig ASPM ClockPM MSI]
[    0.272083] acpi PNP0A03:00: fail to add MMCONFIG information, can't access extended PCI configuration space under this bridge.
[    0.272452] PCI host bridge to bus 0000:00
[    0.272454] pci_bus 0000:00: root bus resource [io  0x0000-0x0cf7 window]
[    0.272455] pci_bus 0000:00: root bus resource [io  0x0d00-0xffff window]
[    0.272457] pci_bus 0000:00: root bus resource [mem 0x000a0000-0x000bffff window]
[    0.272458] pci_bus 0000:00: root bus resource [mem 0x80000000-0xfdffffff window]
[    0.272459] pci_bus 0000:00: root bus resource [bus 00-ff]
[    0.272502] pci 0000:00:00.0: [8086:1237] type 00 class 0x060000
[    0.273430] pci 0000:00:01.0: [8086:7000] type 00 class 0x060100
[    0.274217] pci 0000:00:01.1: [8086:7111] type 00 class 0x01018a
[    0.274601] pci 0000:00:01.1: reg 0x20: [io  0xd000-0xd00f]
[    0.274757] pci 0000:00:01.1: legacy IDE quirk: reg 0x10: [io  0x01f0-0x01f7]
[    0.274758] pci 0000:00:01.1: legacy IDE quirk: reg 0x14: [io  0x03f6]
[    0.274759] pci 0000:00:01.1: legacy IDE quirk: reg 0x18: [io  0x0170-0x0177]
[    0.274760] pci 0000:00:01.1: legacy IDE quirk: reg 0x1c: [io  0x0376]
[    0.275298] pci 0000:00:02.0: [15ad:0405] type 00 class 0x030000
[    0.277835] pci 0000:00:02.0: reg 0x10: [io  0xd010-0xd01f]
[    0.280680] pci 0000:00:02.0: reg 0x14: [mem 0xe0000000-0xe7ffffff pref]
[    0.284379] pci 0000:00:02.0: reg 0x18: [mem 0xf0000000-0xf01fffff]
[    0.294520] pci 0000:00:03.0: [1022:2000] type 00 class 0x020000
[    0.295206] pci 0000:00:03.0: reg 0x10: [io  0xd020-0xd03f]
[    0.295824] pci 0000:00:03.0: reg 0x14: [mem 0xf0200000-0xf0200fff]
[    0.299202] pci 0000:00:04.0: [80ee:cafe] type 00 class 0x088000
[    0.299886] pci 0000:00:04.0: reg 0x10: [io  0xd040-0xd05f]
[    0.300504] pci 0000:00:04.0: reg 0x14: [mem 0xf0400000-0xf07fffff]
[    0.301857] pci 0000:00:04.0: reg 0x18: [mem 0xf0800000-0xf0803fff pref]
[    0.305385] pci 0000:00:07.0: [8086:7113] type 00 class 0x068000
[    0.305993] pci 0000:00:07.0: quirk: [io  0x4000-0x403f] claimed by PIIX4 ACPI
[    0.306003] pci 0000:00:07.0: quirk: [io  0x4100-0x410f] claimed by PIIX4 SMB
[    0.306587] pci 0000:00:08.0: [1022:2000] type 00 class 0x020000
[    0.307269] pci 0000:00:08.0: reg 0x10: [io  0xd060-0xd07f]
[    0.307881] pci 0000:00:08.0: reg 0x14: [mem 0xf0804000-0xf0804fff]
[    0.311131] pci 0000:00:09.0: [8086:100e] type 00 class 0x020000
[    0.311839] pci 0000:00:09.0: reg 0x10: [mem 0xf0820000-0xf083ffff]
[    0.313036] pci 0000:00:09.0: reg 0x18: [io  0xd080-0xd087]
[    0.322727] ACPI: PCI Interrupt Link [LNKA] (IRQs 5 9 10 *11)
[    0.323007] ACPI: PCI Interrupt Link [LNKB] (IRQs 5 9 *10 11)
[    0.323113] ACPI: PCI Interrupt Link [LNKC] (IRQs 5 *9 10 11)
[    0.323214] ACPI: PCI Interrupt Link [LNKD] (IRQs 5 9 10 *11)
[    0.323457] iommu: Default domain type: Translated 
[    0.323515] pci 0000:00:02.0: vgaarb: setting as boot VGA device
[    0.323517] pci 0000:00:02.0: vgaarb: VGA device added: decodes=io+mem,owns=io+mem,locks=none
[    0.323519] pci 0000:00:02.0: vgaarb: bridge control possible
[    0.323520] vgaarb: loaded
[    0.323723] SCSI subsystem initialized
[    0.323752] libata version 3.00 loaded.
[    0.323777] ACPI: bus type USB registered
[    0.323791] usbcore: registered new interface driver usbfs
[    0.323797] usbcore: registered new interface driver hub
[    0.323802] usbcore: registered new device driver usb
[    0.323826] pps_core: LinuxPPS API ver. 1 registered
[    0.323827] pps_core: Software ver. 5.3.6 - Copyright 2005-2007 Rodolfo Giometti <giometti@linux.it>
[    0.323829] PTP clock support registered
[    0.323862] EDAC MC: Ver: 3.0.0
[    0.325820] PCI: Using ACPI for IRQ routing
[    0.325822] PCI: pci_cache_line_size set to 64 bytes
[    0.325992] e820: reserve RAM buffer [mem 0x0009fc00-0x0009ffff]
[    0.325995] e820: reserve RAM buffer [mem 0x7fff0000-0x7fffffff]
[    0.326801] NetLabel: Initializing
[    0.326802] NetLabel:  domain hash size = 128
[    0.326802] NetLabel:  protocols = UNLABELED CIPSOv4 CALIPSO
[    0.326821] NetLabel:  unlabeled traffic allowed by default
[    0.327722] clocksource: Switched to clocksource kvm-clock
[    0.340094] *** VALIDATE bpf ***
[    0.340151] VFS: Disk quotas dquot_6.6.0
[    0.340163] VFS: Dquot-cache hash table entries: 512 (order 0, 4096 bytes)
[    0.340184] *** VALIDATE ramfs ***
[    0.340187] *** VALIDATE hugetlbfs ***
[    0.340265] AppArmor: AppArmor Filesystem Enabled
[    0.340287] pnp: PnP ACPI init
[    0.340347] pnp 00:00: Plug and Play ACPI device, IDs PNP0303 (active)
[    0.340430] pnp 00:01: Plug and Play ACPI device, IDs PNP0f03 (active)
[    0.341199] pnp: PnP ACPI: found 2 devices
[    0.342153] thermal_sys: Registered thermal governor 'fair_share'
[    0.342154] thermal_sys: Registered thermal governor 'bang_bang'
[    0.342154] thermal_sys: Registered thermal governor 'step_wise'
[    0.342155] thermal_sys: Registered thermal governor 'user_space'
[    0.342155] thermal_sys: Registered thermal governor 'power_allocator'
[    0.346664] clocksource: acpi_pm: mask: 0xffffff max_cycles: 0xffffff, max_idle_ns: 2085701024 ns
[    0.346704] pci_bus 0000:00: resource 4 [io  0x0000-0x0cf7 window]
[    0.346706] pci_bus 0000:00: resource 5 [io  0x0d00-0xffff window]
[    0.346707] pci_bus 0000:00: resource 6 [mem 0x000a0000-0x000bffff window]
[    0.346708] pci_bus 0000:00: resource 7 [mem 0x80000000-0xfdffffff window]
[    0.346764] NET: Registered protocol family 2
[    0.346836] IP idents hash table entries: 32768 (order: 6, 262144 bytes, linear)
[    0.347042] MPTCP tokens hash table entries: 8192 (order: 4, 65536 bytes, linear)
[    0.347042] MPTCP request tokens hash table entries: 8192 (order: 4, 65536 bytes, linear)
[    0.347042] default registered
[    0.347042] default registered
[    0.347042] MPTCP: Stable release v0.96
[    0.347042] tcp_listen_portaddr_hash hash table entries: 1024 (order: 2, 16384 bytes, linear)
[    0.347042] TCP established hash table entries: 16384 (order: 5, 131072 bytes, linear)
[    0.347042] TCP bind hash table entries: 16384 (order: 6, 262144 bytes, linear)
[    0.347042] TCP: Hash tables configured (established 16384 bind 16384)
[    0.348188] UDP hash table entries: 1024 (order: 3, 32768 bytes, linear)
[    0.348199] UDP-Lite hash table entries: 1024 (order: 3, 32768 bytes, linear)
[    0.348233] NET: Registered protocol family 1
[    0.348241] NET: Registered protocol family 44
[    0.348262] pci 0000:00:00.0: Limiting direct PCI/PCI transfers
[    0.348274] pci 0000:00:01.0: Activating ISA DMA hang workarounds
[    0.348331] pci 0000:00:02.0: Video device with shadowed ROM at [mem 0x000c0000-0x000dffff]
[    0.348397] PCI: CLS 0 bytes, default 64
[    0.348442] Trying to unpack rootfs image as initramfs...
[    0.515972] Freeing initrd memory: 47868K
[    0.515972] clocksource: tsc: mask: 0xffffffffffffffff max_cycles: 0x1e4530a99b6, max_idle_ns: 440795257976 ns
[    0.515972] clocksource: Switched to clocksource tsc
[    0.515972] platform rtc_cmos: registered platform RTC device (no PNP device found)
[    0.515972] check: Scanning for low memory corruption every 60 seconds
[    0.515972] Initialise system trusted keyrings
[    0.515972] Key type blacklist registered
[    0.515972] workingset: timestamp_bits=36 max_order=19 bucket_order=0
[    0.515972] zbud: loaded
[    0.515972] squashfs: version 4.0 (2009/01/31) Phillip Lougher
[    0.515972] fuse: init (API version 7.31)
[    0.515972] *** VALIDATE fuse ***
[    0.515972] *** VALIDATE fuse ***
[    0.515972] Platform Keyring initialized
[    0.515972] Key type asymmetric registered
[    0.515972] Asymmetric key parser 'x509' registered
[    0.515972] Block layer SCSI generic (bsg) driver version 0.4 loaded (major 244)
[    0.515972] io scheduler mq-deadline registered
[    0.515972] shpchp: Standard Hot Plug PCI Controller Driver version: 0.4
[    0.529802] ACPI: AC Adapter [AC] (on-line)
[    0.529849] input: Power Button as /devices/LNXSYSTM:00/LNXPWRBN:00/input/input0
[    0.529875] ACPI: Power Button [PWRF]
[    0.529955] input: Sleep Button as /devices/LNXSYSTM:00/LNXSLPBN:00/input/input1
[    0.529969] ACPI: Sleep Button [SLPF]
[    0.530199] Serial: 8250/16550 driver, 32 ports, IRQ sharing enabled
[    0.531356] Linux agpgart interface v0.103
[    0.627049] loop: module loaded
[    0.627193] ata_piix 0000:00:01.1: version 2.13
[    0.627609] scsi host0: ata_piix
[    0.627700] scsi host1: ata_piix
[    0.627727] ata1: PATA max UDMA/33 cmd 0x1f0 ctl 0x3f6 bmdma 0xd000 irq 14
[    0.627728] ata2: PATA max UDMA/33 cmd 0x170 ctl 0x376 bmdma 0xd008 irq 15
[    0.627807] tun: Universal TUN/TAP device driver, 1.6
[    0.628110] PPP generic driver version 2.4.2
[    0.628152] VFIO - User Level meta-driver version: 0.3
[    0.628401] ehci_hcd: USB 2.0 'Enhanced' Host Controller (EHCI) Driver
[    0.628406] ehci-pci: EHCI PCI platform driver
[    0.628420] ehci-platform: EHCI generic platform driver
[    0.628425] ohci_hcd: USB 1.1 'Open' Host Controller (OHCI) Driver
[    0.628426] ohci-pci: OHCI PCI platform driver
[    0.628433] ohci-platform: OHCI generic platform driver
[    0.628438] uhci_hcd: USB Universal Host Controller Interface driver
[    0.628502] i8042: PNP: PS/2 Controller [PNP0303:PS2K,PNP0f03:PS2M] at 0x60,0x64 irq 1,12
[    0.628956] serio: i8042 KBD port at 0x60,0x64 irq 1
[    0.628960] serio: i8042 AUX port at 0x60,0x64 irq 12
[    0.629051] mousedev: PS/2 mouse device common for all mice
[    0.629312] input: AT Translated Set 2 keyboard as /devices/platform/i8042/serio0/input/input2
[    0.629713] rtc_cmos rtc_cmos: registered as rtc0
[    0.629726] rtc_cmos rtc_cmos: alarms up to one day, 114 bytes nvram
[    0.629731] i2c /dev entries driver
[    0.629772] device-mapper: uevent: version 1.0.3
[    0.629814] device-mapper: ioctl: 4.41.0-ioctl (2019-09-16) initialised: dm-devel@redhat.com
[    0.629831] platform eisa.0: Probing EISA bus 0
[    0.629832] platform eisa.0: EISA: Cannot allocate resource for mainboard
[    0.629833] platform eisa.0: Cannot allocate resource for EISA slot 1
[    0.629834] platform eisa.0: Cannot allocate resource for EISA slot 2
[    0.629835] platform eisa.0: Cannot allocate resource for EISA slot 3
[    0.629836] platform eisa.0: Cannot allocate resource for EISA slot 4
[    0.629837] platform eisa.0: Cannot allocate resource for EISA slot 5
[    0.629838] platform eisa.0: Cannot allocate resource for EISA slot 6
[    0.629839] platform eisa.0: Cannot allocate resource for EISA slot 7
[    0.629840] platform eisa.0: Cannot allocate resource for EISA slot 8
[    0.629841] platform eisa.0: EISA: Detected 0 cards
[    0.629844] intel_pstate: CPU model not supported
[    0.629853] ledtrig-cpu: registered to indicate activity on CPUs
[    0.629907] drop_monitor: Initializing network drop monitor service
[    0.630065] NET: Registered protocol family 10
[    0.635178] Segment Routing with IPv6
[    0.635178] fullmesh registered
[    0.635178] ndiffports registered
[    0.635178] binder registered
[    0.635178] roundrobin registered
[    0.635178] redundant registered
[    0.635178] blest registered
[    0.635178] ecf registered
[    0.635178] NET: Registered protocol family 17
[    0.635178] Key type dns_resolver registered
[    0.635178] RAS: Correctable Errors collector initialized.
[    0.635178] IPI shorthand broadcast: enabled
[    0.635178] sched_clock: Marking stable (620169639, 11008808)->(632413476, -1235029)
[    0.635469] registered taskstats version 1
[    0.635477] Loading compiled-in X.509 certificates
[    0.636066] Loaded X.509 cert 'Build time autogenerated kernel key: 6909f3744cebb3d0de528d5887b96a727de79b1e'
[    0.636084] zswap: loaded using pool lzo/zbud
[    0.636135] Key type ._fscrypt registered
[    0.636136] Key type .fscrypt registered
[    0.640596] Key type big_key registered
[    0.642817] Key type encrypted registered
[    0.642820] AppArmor: AppArmor sha1 policy hashing enabled
[    0.642827] ima: No TPM chip found, activating TPM-bypass!
[    0.642831] ima: Allocated hash algorithm: sha1
[    0.642836] ima: No architecture policies found
[    0.642845] evm: Initialising EVM extended attributes:
[    0.642845] evm: security.selinux
[    0.642846] evm: security.SMACK64
[    0.642846] evm: security.SMACK64EXEC
[    0.642847] evm: security.SMACK64TRANSMUTE
[    0.642847] evm: security.SMACK64MMAP
[    0.642847] evm: security.apparmor
[    0.642848] evm: security.ima
[    0.642848] evm: security.capability
[    0.642849] evm: HMAC attrs: 0x1
[    0.643141] PM:   Magic number: 10:724:291
[    0.643160] tty tty24: hash matches
[    0.643246] rtc_cmos rtc_cmos: setting system clock to 2026-01-15T18:15:45 UTC (1768500945)
[    0.800234] ata1.00: ATA-6: VBOX HARDDISK, 1.0, max UDMA/133
[    0.800238] ata1.00: 209715200 sectors, multi 128: LBA 
[    0.800901] scsi 0:0:0:0: Direct-Access     ATA      VBOX HARDDISK    1.0  PQ: 0 ANSI: 5
[    0.801215] sd 0:0:0:0: [sda] 209715200 512-byte logical blocks: (107 GB/100 GiB)
[    0.801228] sd 0:0:0:0: [sda] Write Protect is off
[    0.801231] sd 0:0:0:0: [sda] Mode Sense: 00 3a 00 00
[    0.801252] sd 0:0:0:0: [sda] Write cache: enabled, read cache: enabled, doesn't support DPO or FUA
[    0.801568] sd 0:0:0:0: Attached scsi generic sg0 type 0
[    0.802286]  sda: sda1 sda2
[    0.813198] sd 0:0:0:0: [sda] Attached SCSI disk
[    0.816532] Freeing unused decrypted memory: 2040K
[    0.817526] Freeing unused kernel image memory: 2728K
[    0.817529] Write protecting the kernel read-only data: 22528k
[    0.818553] Freeing unused kernel image memory: 2036K
[    0.819116] Freeing unused kernel image memory: 1432K
[    0.846033] x86/mm: Checked W+X mappings: passed, no W+X pages found.
[    0.846037] Run /init as init process
[    0.951002] ACPI: Video Device [GFX0] (multi-head: yes  rom: no  post: no)
[    0.951076] input: Video Bus as /devices/LNXSYSTM:00/LNXSYBUS:00/PNP0A03:00/LNXVIDEO:00/input/input4
[    0.964447] pcnet32: pcnet32.c:v1.35 21.Apr.2008 tsbogend@alpha.franken.de
[    0.966160] piix4_smbus 0000:00:07.0: SMBus Host Controller at 0x4100, revision 0
[    0.970000] e1000: Intel(R) PRO/1000 Network Driver - version 7.3.21-k8-NAPI
[    0.970001] e1000: Copyright (c) 1999-2006 Intel Corporation.
[    0.978442] pcnet32: PCnet/FAST III 79C973 at 0xd020, 08:00:27:1d:c7:75 assigned IRQ 19
[    0.978486] pcnet32: Found PHY 0022:561b at address 0
[    0.978805] pcnet32: eth0: registered as PCnet/FAST III 79C973
[    0.985906] pcnet32: PCnet/FAST III 79C973 at 0xd060, 08:00:27:ab:80:46 assigned IRQ 16
[    0.985950] pcnet32: Found PHY 0022:561b at address 0
[    0.986240] pcnet32: eth1: registered as PCnet/FAST III 79C973
[    0.994900] pcnet32: 2 cards_found
[    1.036820] pcnet32 0000:00:03.0 enp0s3: renamed from eth0
[    1.038602] pcnet32 0000:00:08.0 enp0s8: renamed from eth1
[    1.182792] input: ImExPS/2 Generic Explorer Mouse as /devices/platform/i8042/serio1/input/input5
[    1.375227] e1000 0000:00:09.0 eth0: (PCI:33MHz:32-bit) 08:00:27:a8:58:51
[    1.375231] e1000 0000:00:09.0 eth0: Intel(R) PRO/1000 Network Connection
[    1.376293] e1000 0000:00:09.0 enp0s9: renamed from eth0
[    1.519869] EXT4-fs (sda2): mounted filesystem with ordered data mode. Opts: (null)
[    1.609888] systemd[1]: Inserted module 'autofs4'
[    1.622834] systemd[1]: systemd 245.4-4ubuntu3 running in system mode. (+PAM +AUDIT +SELINUX +IMA +APPARMOR +SMACK +SYSVINIT +UTMP +LIBCRYPTSETUP +GCRYPT +GNUTLS +ACL +XZ +LZ4 +SECCOMP +BLKID +ELFUTILS +KMOD +IDN2 -IDN +PCRE2 default-hierarchy=hybrid)
[    1.622863] systemd[1]: Detected virtualization oracle.
[    1.622866] systemd[1]: Detected architecture x86-64.
[    1.624176] systemd[1]: Set hostname to <ztg>.
[    1.747268] systemd[1]: /lib/systemd/system/dbus.socket:5: ListenStream= references a path below legacy directory /var/run/, updating /var/run/dbus/system_bus_socket â†’ /run/dbus/system_bus_socket; please update the unit file accordingly.
[    1.799172] systemd[1]: Created slice system-modprobe.slice.
[    1.799359] systemd[1]: Created slice User and Session Slice.
[    1.799402] systemd[1]: Started Forward Password Requests to Wall Directory Watch.
[    1.799552] systemd[1]: Set up automount Arbitrary Executable File Formats File System Automount Point.
[    1.799586] systemd[1]: Reached target User and Group Name Lookups.
[    1.799594] systemd[1]: Reached target Remote File Systems.
[    1.799602] systemd[1]: Reached target Slices.
[    1.800152] systemd[1]: Listening on Syslog Socket.
[    1.800218] systemd[1]: Listening on fsck to fsckd communication Socket.
[    1.800252] systemd[1]: Listening on initctl Compatibility Named Pipe.
[    1.800378] systemd[1]: Listening on Journal Audit Socket.
[    1.800432] systemd[1]: Listening on Journal Socket (/dev/log).
[    1.800499] systemd[1]: Listening on Journal Socket.
[    1.800559] systemd[1]: Listening on udev Control Socket.
[    1.800599] systemd[1]: Listening on udev Kernel Socket.
[    1.801295] systemd[1]: Mounting Huge Pages File System...
[    1.802191] systemd[1]: Mounting POSIX Message Queue File System...
[    1.803028] systemd[1]: Mounting Kernel Debug File System...
[    1.803902] systemd[1]: Mounting Kernel Trace File System...
[    1.805763] systemd[1]: Starting Journal Service...
[    1.829321] systemd[1]: Starting Set the console keyboard layout...
[    1.836973] systemd[1]: Starting Create list of static device nodes for the current kernel...
[    1.838895] systemd[1]: Starting Load Kernel Module drm...
[    1.841286] systemd[1]: Condition check resulted in Set Up Additional Binary Formats being skipped.
[    1.841331] systemd[1]: Condition check resulted in File System Check on Root Device being skipped.
[    1.851596] systemd[1]: Starting Load Kernel Modules...
[    1.860246] systemd[1]: Starting Remount Root and Kernel File Systems...
[    1.872519] systemd[1]: Starting udev Coldplug all Devices...
[    1.879238] systemd[1]: Starting Uncomplicated firewall...
[    1.880733] systemd[1]: Mounted Huge Pages File System.
[    1.880818] systemd[1]: Mounted POSIX Message Queue File System.
[    1.880889] systemd[1]: Mounted Kernel Debug File System.
[    1.880970] systemd[1]: Mounted Kernel Trace File System.
[    1.895816] EXT4-fs (sda2): re-mounted. Opts: errors=remount-ro
[    1.918280] systemd[1]: Finished Create list of static device nodes for the current kernel.
[    1.919281] systemd[1]: modprobe@drm.service: Succeeded.
[    1.925269] systemd[1]: Finished Load Kernel Module drm.
[    1.925814] systemd[1]: Finished Remount Root and Kernel File Systems.
[    1.926822] systemd[1]: Finished Uncomplicated firewall.
[    1.943170] lp: driver loaded but no devices found
[    1.944825] systemd[1]: Condition check resulted in Rebuild Hardware Database being skipped.
[    1.944860] systemd[1]: Condition check resulted in Platform Persistent Storage Archival being skipped.
[    1.945491] systemd[1]: Starting Load/Save Random Seed...
[    1.950676] systemd[1]: Starting Create System Users...
[    1.959741] systemd[1]: Finished Load/Save Random Seed.
[    1.961348] ppdev: user-space parallel port driver
[    1.964886] systemd[1]: Finished Create System Users.
[    1.965602] systemd[1]: Starting Create Static Device Nodes in /dev...
[    2.005904] systemd[1]: Finished udev Coldplug all Devices.
[    2.028864] systemd[1]: Finished Create Static Device Nodes in /dev.
[    2.029603] systemd[1]: Starting udev Kernel Device Manager...
[    2.052448] [drm] DMA map mode: Caching DMA mappings.
[    2.052542] [drm] Capabilities:
[    2.052542] [drm]   Rect copy.
[    2.052543] [drm]   Cursor.
[    2.052543] [drm]   Cursor bypass.
[    2.052543] [drm]   Cursor bypass 2.
[    2.052544] [drm]   Alpha cursor.
[    2.052544] [drm]   Extended Fifo.
[    2.052544] [drm]   Pitchlock.
[    2.052545] [drm]   Irq mask.
[    2.052545] [drm]   GMR.
[    2.052545] [drm]   Traces.
[    2.052546] [drm]   GMR2.
[    2.052546] [drm]   Screen Object 2.
[    2.052546] [drm]   Command Buffers.
[    2.052547] [drm]   Command Buffers 2.
[    2.052547] [drm]   Guest Backed Resources.
[    2.052548] [drm] Max GMR ids is 8192
[    2.052548] [drm] Max number of GMR pages is 1048576
[    2.052549] [drm] Max dedicated hypervisor surface memory is 393216 kiB
[    2.052549] [drm] Maximum display memory size is 131072 kiB
[    2.052550] [drm] VRAM at 0xe0000000 size is 131072 kiB
[    2.052551] [drm] MMIO at 0xf0000000 size is 2048 kiB
[    2.065994] [TTM] Zone  kernel: Available graphics memory: 1011738 KiB
[    2.065994] [TTM] Initializing pool allocator
[    2.065997] [TTM] Initializing DMA pool allocator
[    2.066027] [drm] Supports vblank timestamp caching Rev 2 (21.10.2013).
[    2.066027] [drm] No driver support for vblank timestamp query.
[    2.066240] [drm] Screen Target Display device initialized
[    2.066436] [drm] width 720
[    2.066445] [drm] height 400
[    2.066448] [drm] bpp 32
[    2.066947] [drm] Fifo max 0x00200000 min 0x00001000 cap 0x00000355
[    2.068031] [drm] Using command buffers with DMA pool.
[    2.068036] [drm] DX: no.
[    2.068036] [drm] Atomic: yes.
[    2.068037] [drm] SM4_1: no.
[    2.068055] [drm:vmw_host_log [vmwgfx]] *ERROR* Failed to send host log message.
[    2.069151] [drm:vmw_host_log [vmwgfx]] *ERROR* Failed to send host log message.
[    2.083557] fbcon: svgadrmfb (fb0) is primary device
[    2.085667] Console: switching to colour frame buffer device 100x37
[    2.091241] systemd[1]: Finished Set the console keyboard layout.
[    2.091350] systemd[1]: Reached target Local File Systems (Pre).
[    2.094658] systemd[1]: Mounting Mount unit for bare, revision 5...
[    2.097155] systemd[1]: Mounting Mount unit for core18, revision 1705...
[    2.099296] [drm] Initialized vmwgfx 2.15.0 20180704 for 0000:00:02.0 on minor 0
[    2.108759] systemd[1]: Mounting Mount unit for gnome-3-34-1804, revision 24...
[    2.123859] systemd[1]: Mounting Mount unit for gtk-common-themes, revision 1506...
[    2.148710] systemd[1]: Mounting Mount unit for gtk-common-themes, revision 1535...
[    2.152992] systemd[1]: Mounting Mount unit for snap-store, revision 433...
[    2.161883] systemd[1]: Mounting Mount unit for snapd, revision 25935...
[    2.163125] systemd[1]: Finished Load Kernel Modules.
[    2.166670] systemd[1]: Mounting FUSE Control File System...
[    2.174885] systemd[1]: Mounting Kernel Configuration File System...
[    2.180083] systemd[1]: Starting Apply Kernel Variables...
[    2.181121] systemd[1]: Mounted FUSE Control File System.
[    2.181186] systemd[1]: Condition check resulted in VMware vmblock fuse mount being skipped.
[    2.209070] systemd[1]: Mounted Kernel Configuration File System.
[    2.225562] systemd[1]: Mounted Mount unit for bare, revision 5.
[    2.231919] systemd[1]: Finished Apply Kernel Variables.
[    2.235240] systemd[1]: Started udev Kernel Device Manager.
[    2.235326] systemd[1]: Mounted Mount unit for gnome-3-34-1804, revision 24.
[    2.235408] systemd[1]: Mounted Mount unit for gtk-common-themes, revision 1506.
[    2.252319] systemd[1]: Starting Show Plymouth Boot Screen...
[    2.258272] systemd[1]: Received SIGRTMIN+20 from PID 285 (plymouthd).
[    2.262796] systemd[1]: Mounted Mount unit for core18, revision 1705.
[    2.263276] systemd[1]: Mounted Mount unit for gtk-common-themes, revision 1535.
[    2.269741] systemd[1]: Mounted Mount unit for snap-store, revision 433.
[    2.272854] systemd[1]: Mounted Mount unit for snapd, revision 25935.
[    2.273025] systemd[1]: Reached target Local File Systems.
[    2.273761] systemd[1]: Starting Load AppArmor profiles...
[    2.274545] systemd[1]: Starting Set console font and keymap...
[    2.286750] systemd[1]: Starting Tell Plymouth To Write Out Runtime Data...
[    2.287075] systemd[1]: Condition check resulted in Store a System Token in an EFI Variable being skipped.
[    2.287103] systemd[1]: Condition check resulted in Commit a transient machine-id on disk being skipped.
[    2.287223] systemd[1]: Started Show Plymouth Boot Screen.
[    2.289163] systemd[1]: Condition check resulted in Dispatch Password Requests to Console Directory Watch being skipped.
[    2.289245] systemd[1]: Started Forward Password Requests to Plymouth Directory Watch.
[    2.289785] systemd[1]: Reached target Local Encrypted Volumes.
[    2.292857] systemd[1]: Finished Set console font and keymap.
[    2.305413] systemd[1]: Received SIGRTMIN+20 from PID 285 (plymouthd).
[    2.306896] systemd[1]: plymouth-read-write.service: Succeeded.
[    2.307128] systemd[1]: Finished Tell Plymouth To Write Out Runtime Data.
[    2.343582] audit: type=1400 audit(1768500947.196:2): apparmor="STATUS" operation="profile_load" profile="unconfined" name="nvidia_modprobe" pid=303 comm="apparmor_parser"
[    2.343584] audit: type=1400 audit(1768500947.196:3): apparmor="STATUS" operation="profile_load" profile="unconfined" name="nvidia_modprobe//kmod" pid=303 comm="apparmor_parser"
[    2.368126] audit: type=1400 audit(1768500947.220:4): apparmor="STATUS" operation="profile_load" profile="unconfined" name="/usr/sbin/tcpdump" pid=304 comm="apparmor_parser"
[    2.398513] audit: type=1400 audit(1768500947.244:5): apparmor="STATUS" operation="profile_load" profile="unconfined" name="/usr/bin/evince" pid=306 comm="apparmor_parser"
[    2.398515] audit: type=1400 audit(1768500947.244:6): apparmor="STATUS" operation="profile_load" profile="unconfined" name="/usr/bin/evince//sanitized_helper" pid=306 comm="apparmor_parser"
[    2.398517] audit: type=1400 audit(1768500947.244:7): apparmor="STATUS" operation="profile_load" profile="unconfined" name="/usr/bin/evince-previewer" pid=306 comm="apparmor_parser"
[    2.398520] audit: type=1400 audit(1768500947.244:8): apparmor="STATUS" operation="profile_load" profile="unconfined" name="/usr/bin/evince-previewer//sanitized_helper" pid=306 comm="apparmor_parser"
[    2.398521] audit: type=1400 audit(1768500947.244:9): apparmor="STATUS" operation="profile_load" profile="unconfined" name="/usr/bin/evince-thumbnailer" pid=306 comm="apparmor_parser"
[    2.414515] audit: type=1400 audit(1768500947.264:10): apparmor="STATUS" operation="profile_load" profile="unconfined" name="/usr/lib/cups/backend/cups-pdf" pid=307 comm="apparmor_parser"
[    2.484439] systemd[1]: Finished Load AppArmor profiles.
[    2.485376] systemd[1]: Starting Load AppArmor profiles managed internally by snapd...
[    2.605948] systemd[1]: Finished Load AppArmor profiles managed internally by snapd.
[    2.771452] systemd[1]: Started Journal Service.
[    2.780694] systemd-journald[229]: Received client request to flush runtime journal.
[    2.784610] systemd-journald[229]: File /var/log/journal/c455b248004a419c87ce85eea238d727/system.journal corrupted or uncleanly shut down, renaming and replacing.
[    4.030854] RAPL PMU: API unit is 2^-32 Joules, 0 fixed counters, 10737418240 ms ovfl timer
[    4.087939] cryptd: max_cpu_qlen set to 1000
[    4.127129] AVX2 version of gcm_enc/dec engaged.
[    4.127130] AES CTR mode by8 optimization enabled
[    5.943292] Adding 1998844k swap on /dev/sda1.  Priority:-2 extents:1 across:1998844k FS
[    7.066165] kauditd_printk_skb: 30 callbacks suppressed
[    7.066166] audit: type=1400 audit(1768500951.912:41): apparmor="DENIED" operation="capable" profile="/usr/sbin/cups-browsed" pid=511 comm="cups-browsed" capability=23  capname="sys_nice"
[    8.405744] pcnet32 0000:00:03.0 enp0s3: link up, 100Mbps, full-duplex
[    8.424374] pcnet32 0000:00:08.0 enp0s8: link up, 100Mbps, full-duplex
[    8.460358] e1000: enp0s9 NIC Link is Up 1000 Mbps Full Duplex, Flow Control: RX
[    8.460665] IPv6: ADDRCONF(NETDEV_CHANGE): enp0s9: link becomes ready
[    9.000071] device enp0s3 entered promiscuous mode
[    9.001012] device enp0s8 entered promiscuous mode
[    9.048701] audit: type=1400 audit(1768500953.896:42): apparmor="DENIED" operation="open" profile="/usr/sbin/tcpdump" name="/proc/sys/kernel/random/boot_id" pid=631 comm="tcpdump" requested_mask="r" denied_mask="r" fsuid=0 ouid=0
[    9.049212] audit: type=1400 audit(1768500953.904:43): apparmor="DENIED" operation="open" profile="/usr/sbin/tcpdump" name="/proc/sys/kernel/random/boot_id" pid=631 comm="tcpdump" requested_mask="r" denied_mask="r" fsuid=0 ouid=0
[    9.049303] audit: type=1400 audit(1768500953.904:44): apparmor="DENIED" operation="open" profile="/usr/sbin/tcpdump" name="/proc/sys/kernel/random/boot_id" pid=631 comm="tcpdump" requested_mask="r" denied_mask="r" fsuid=0 ouid=0
[    9.049583] audit: type=1400 audit(1768500953.904:45): apparmor="DENIED" operation="open" profile="/usr/sbin/tcpdump" name="/proc/sys/kernel/random/boot_id" pid=631 comm="tcpdump" requested_mask="r" denied_mask="r" fsuid=0 ouid=0
[    9.050978] audit: type=1400 audit(1768500953.904:46): apparmor="DENIED" operation="open" profile="/usr/sbin/tcpdump" name="/proc/sys/kernel/random/boot_id" pid=630 comm="tcpdump" requested_mask="r" denied_mask="r" fsuid=0 ouid=0
[    9.057333] audit: type=1400 audit(1768500953.912:47): apparmor="DENIED" operation="open" profile="/usr/sbin/tcpdump" name="/proc/sys/kernel/random/boot_id" pid=630 comm="tcpdump" requested_mask="r" denied_mask="r" fsuid=0 ouid=0
[    9.057412] audit: type=1400 audit(1768500953.912:48): apparmor="DENIED" operation="open" profile="/usr/sbin/tcpdump" name="/proc/sys/kernel/random/boot_id" pid=630 comm="tcpdump" requested_mask="r" denied_mask="r" fsuid=0 ouid=0
[    9.057614] audit: type=1400 audit(1768500953.912:49): apparmor="DENIED" operation="open" profile="/usr/sbin/tcpdump" name="/proc/sys/kernel/random/boot_id" pid=630 comm="tcpdump" requested_mask="r" denied_mask="r" fsuid=0 ouid=0
[    9.060194] audit: type=1400 audit(1768500953.912:50): apparmor="DENIED" operation="open" profile="/usr/sbin/tcpdump" name="/proc/sys/kernel/random/boot_id" pid=633 comm="tcpdump" requested_mask="r" denied_mask="r" fsuid=0 ouid=0
[   15.061398] rfkill: input handler disabled
[  229.766120] AAAAA-TCP_RECV: name:enp0s3: saddr:100932208: daddr:16783984: srtt_us:0: RTT:0: ssthresh:2147483647: cwnd:10: delivered:0: lost:0: retrans:0
[  229.766159] AAAAA-TCP_SEND: name:enp0s3: saddr:16783984: daddr:100932208: srtt_us:0: RTT:0: ssthresh:0: cwnd:0: delivered:0: lost:0: retrans:0
[  230.767065] AAAAA-TCP_SEND: name:enp0s3: saddr:16783984: daddr:100932208: srtt_us:0: RTT:0: ssthresh:0: cwnd:0: delivered:0: lost:0: retrans:0
[  231.282812] AAAAA-TCP_SEND: name:enp0s3: saddr:16783984: daddr:100932208: srtt_us:12128000: RTT:1516000: ssthresh:2147483647: cwnd:10: delivered:1: lost:0: retrans:1
[  231.419991] AAAAA-TCP_RECV: name:enp0s3: saddr:100932208: daddr:16783984: srtt_us:12128000: RTT:1516000: ssthresh:2147483647: cwnd:10: delivered:1: lost:0: retrans:1
[  231.420037] AAAAA-TCP_SEND: name:enp0s3: saddr:16783984: daddr:100932208: srtt_us:12128000: RTT:1516000: ssthresh:2147483647: cwnd:10: delivered:1: lost:0: retrans:1
[  231.420181] AAAAA-TCP_SEND: name:enp0s3: saddr:16783984: daddr:100932208: srtt_us:12128000: RTT:1516000: ssthresh:2147483647: cwnd:10: delivered:1: lost:0: retrans:1
[  231.543997] AAAAA-TCP_RECV: name:enp0s3: saddr:100932208: daddr:16783984: srtt_us:12128000: RTT:1516000: ssthresh:2147483647: cwnd:10: delivered:1: lost:0: retrans:1
[  231.648124] AAAAA-TCP_RECV: name:enp0s3: saddr:100932208: daddr:16783984: srtt_us:12128000: RTT:1516000: ssthresh:2147483647: cwnd:10: delivered:1: lost:0: retrans:1
[  231.648154] AAAAA-TCP_SEND: name:enp0s3: saddr:16783984: daddr:100932208: srtt_us:12128000: RTT:1516000: ssthresh:2147483647: cwnd:10: delivered:1: lost:0: retrans:1
[  232.368279] AAAAA-TCP_RECV: name:enp0s3: saddr:100932208: daddr:33561200: srtt_us:0: RTT:0: ssthresh:2147483647: cwnd:10: delivered:0: lost:0: retrans:0
[  232.370361] AAAAA-TCP_SEND: name:enp0s8: saddr:33561200: daddr:100932208: srtt_us:0: RTT:0: ssthresh:0: cwnd:0: delivered:0: lost:0: retrans:0
[  232.717238] AAAAA-TCP_RECV: name:enp0s3: saddr:100932208: daddr:16783984: srtt_us:12128000: RTT:1516000: ssthresh:2147483647: cwnd:10: delivered:1: lost:0: retrans:1
[  232.824319] AAAAA-TCP_RECV: name:enp0s3: saddr:100932208: daddr:16783984: srtt_us:11909084: RTT:1488635: ssthresh:2147483647: cwnd:10: delivered:2: lost:0: retrans:1
[  232.824360] AAAAA-TCP_SEND: name:enp0s8: saddr:16783984: daddr:100932208: srtt_us:11909084: RTT:1488635: ssthresh:2147483647: cwnd:10: delivered:2: lost:0: retrans:1
[  233.110489] AAAAA-TCP_RECV: name:enp0s3: saddr:100932208: daddr:16783984: srtt_us:11909084: RTT:1488635: ssthresh:2147483647: cwnd:10: delivered:2: lost:0: retrans:1
[  233.110525] AAAAA-TCP_SEND: name:enp0s8: saddr:16783984: daddr:100932208: srtt_us:11909084: RTT:1488635: ssthresh:2147483647: cwnd:10: delivered:2: lost:0: retrans:1
[  233.161307] AAAAA-TCP_SEND: name:enp0s8: saddr:33561200: daddr:100932208: srtt_us:0: RTT:0: ssthresh:0: cwnd:0: delivered:0: lost:0: retrans:0
[  233.362901] AAAAA-TCP_RECV: name:enp0s8: saddr:100932208: daddr:16783984: srtt_us:11909084: RTT:1488635: ssthresh:2147483647: cwnd:10: delivered:2: lost:0: retrans:1
[  233.362970] AAAAA-TCP_SEND: name:enp0s8: saddr:16783984: daddr:100932208: srtt_us:11909084: RTT:1488635: ssthresh:2147483647: cwnd:10: delivered:2: lost:0: retrans:1
[  234.085248] AAAAA-TCP_RECV: name:enp0s8: saddr:100932208: daddr:16783984: srtt_us:11909084: RTT:1488635: ssthresh:2147483647: cwnd:10: delivered:2: lost:0: retrans:1
[  234.085290] AAAAA-TCP_SEND: name:enp0s8: saddr:16783984: daddr:100932208: srtt_us:11909084: RTT:1488635: ssthresh:2147483647: cwnd:10: delivered:2: lost:0: retrans:1
[  234.122934] AAAAA-TCP_RECV: name:enp0s8: saddr:100932208: daddr:16783984: srtt_us:11909084: RTT:1488635: ssthresh:2147483647: cwnd:10: delivered:2: lost:0: retrans:1
[  234.122962] AAAAA-TCP_SEND: name:enp0s8: saddr:16783984: daddr:100932208: srtt_us:11909084: RTT:1488635: ssthresh:2147483647: cwnd:10: delivered:2: lost:0: retrans:1
[  234.191054] AAAAA-TCP_SEND: name:enp0s8: saddr:33561200: daddr:100932208: srtt_us:0: RTT:0: ssthresh:0: cwnd:0: delivered:0: lost:0: retrans:0
[  234.258999] AAAAA-TCP_RECV: name:enp0s8: saddr:100932208: daddr:16783984: srtt_us:11909084: RTT:1488635: ssthresh:2147483647: cwnd:10: delivered:2: lost:0: retrans:1
[  234.259036] AAAAA-TCP_SEND: name:enp0s8: saddr:16783984: daddr:100932208: srtt_us:11909084: RTT:1488635: ssthresh:2147483647: cwnd:10: delivered:2: lost:0: retrans:1
[  234.316236] AAAAA-TCP_RECV: name:enp0s8: saddr:100932208: daddr:16783984: srtt_us:11909084: RTT:1488635: ssthresh:2147483647: cwnd:10: delivered:2: lost:0: retrans:1
[  234.316275] AAAAA-TCP_SEND: name:enp0s8: saddr:16783984: daddr:100932208: srtt_us:11909084: RTT:1488635: ssthresh:2147483647: cwnd:10: delivered:2: lost:0: retrans:1
[  234.361291] AAAAA-TCP_RECV: name:enp0s8: saddr:100932208: daddr:16783984: srtt_us:11909084: RTT:1488635: ssthresh:2147483647: cwnd:10: delivered:2: lost:0: retrans:1
[  234.361355] AAAAA-TCP_SEND: name:enp0s8: saddr:16783984: daddr:100932208: srtt_us:11909084: RTT:1488635: ssthresh:2147483647: cwnd:10: delivered:2: lost:0: retrans:1
[  234.404758] AAAAA-TCP_RECV: name:enp0s8: saddr:100932208: daddr:16783984: srtt_us:11909084: RTT:1488635: ssthresh:2147483647: cwnd:10: delivered:2: lost:0: retrans:1
[  234.404819] AAAAA-TCP_SEND: name:enp0s8: saddr:16783984: daddr:100932208: srtt_us:11909084: RTT:1488635: ssthresh:2147483647: cwnd:10: delivered:2: lost:0: retrans:1
[  234.509718] AAAAA-TCP_SEND: name:enp0s8: saddr:33561200: daddr:100932208: srtt_us:17128000: RTT:2141000: ssthresh:2147483647: cwnd:10: delivered:1: lost:0: retrans:0
[  234.538987] AAAAA-TCP_RECV: name:enp0s8: saddr:100932208: daddr:16783984: srtt_us:11909084: RTT:1488635: ssthresh:2147483647: cwnd:10: delivered:2: lost:0: retrans:1
[  234.539015] AAAAA-TCP_SEND: name:enp0s8: saddr:16783984: daddr:100932208: srtt_us:11909084: RTT:1488635: ssthresh:2147483647: cwnd:10: delivered:2: lost:0: retrans:1
[  234.610435] AAAAA-TCP_RECV: name:enp0s8: saddr:100932208: daddr:16783984: srtt_us:11909084: RTT:1488635: ssthresh:2147483647: cwnd:10: delivered:2: lost:0: retrans:1
[  234.610462] AAAAA-TCP_SEND: name:enp0s8: saddr:16783984: daddr:100932208: srtt_us:11909084: RTT:1488635: ssthresh:2147483647: cwnd:10: delivered:2: lost:0: retrans:1
[  234.819645] AAAAA-TCP_RECV: name:enp0s8: saddr:100932208: daddr:16783984: srtt_us:11909084: RTT:1488635: ssthresh:2147483647: cwnd:10: delivered:2: lost:0: retrans:1
[  234.819690] AAAAA-TCP_SEND: name:enp0s8: saddr:16783984: daddr:100932208: srtt_us:11909084: RTT:1488635: ssthresh:2147483647: cwnd:10: delivered:2: lost:0: retrans:1
[  235.002897] AAAAA-TCP_RECV: name:enp0s8: saddr:100932208: daddr:33561200: srtt_us:17128000: RTT:2141000: ssthresh:2147483647: cwnd:10: delivered:1: lost:0: retrans:0
[  235.002935] AAAAA-TCP_SEND: name:enp0s8: saddr:33561200: daddr:100932208: srtt_us:17128000: RTT:2141000: ssthresh:2147483647: cwnd:10: delivered:1: lost:0: retrans:0
[  235.140464] AAAAA-TCP_RECV: name:enp0s8: saddr:100932208: daddr:16783984: srtt_us:11909084: RTT:1488635: ssthresh:2147483647: cwnd:10: delivered:2: lost:0: retrans:1
[  235.140498] AAAAA-TCP_SEND: name:enp0s8: saddr:16783984: daddr:100932208: srtt_us:11909084: RTT:1488635: ssthresh:2147483647: cwnd:10: delivered:2: lost:0: retrans:1
[  235.199458] AAAAA-TCP_RECV: name:enp0s8: saddr:100932208: daddr:16783984: srtt_us:11909084: RTT:1488635: ssthresh:2147483647: cwnd:10: delivered:2: lost:0: retrans:1
[  235.199486] AAAAA-TCP_SEND: name:enp0s8: saddr:16783984: daddr:100932208: srtt_us:11909084: RTT:1488635: ssthresh:2147483647: cwnd:10: delivered:2: lost:0: retrans:1
[  235.443259] AAAAA-TCP_RECV: name:enp0s3: saddr:100932208: daddr:16783984: srtt_us:11909084: RTT:1488635: ssthresh:2147483647: cwnd:10: delivered:2: lost:0: retrans:1
[  235.443289] AAAAA-TCP_SEND: name:enp0s8: saddr:16783984: daddr:100932208: srtt_us:11909084: RTT:1488635: ssthresh:2147483647: cwnd:10: delivered:2: lost:0: retrans:1
[  235.694924] AAAAA-TCP_RECV: name:enp0s3: saddr:100932208: daddr:33561200: srtt_us:17128000: RTT:2141000: ssthresh:2147483647: cwnd:10: delivered:1: lost:0: retrans:0
[  235.694964] AAAAA-TCP_SEND: name:enp0s8: saddr:33561200: daddr:100932208: srtt_us:17128000: RTT:2141000: ssthresh:2147483647: cwnd:10: delivered:1: lost:0: retrans:0
[  235.695134] AAAAA-TCP_SEND: name:enp0s8: saddr:16783984: daddr:100932208: srtt_us:11909084: RTT:1488635: ssthresh:2147483647: cwnd:10: delivered:2: lost:0: retrans:1
[  235.855338] AAAAA-TCP_RECV: name:enp0s8: saddr:100932208: daddr:16783984: srtt_us:11909084: RTT:1488635: ssthresh:2147483647: cwnd:10: delivered:2: lost:0: retrans:1
[  235.855381] AAAAA-TCP_SEND: name:enp0s8: saddr:16783984: daddr:100932208: srtt_us:11909084: RTT:1488635: ssthresh:2147483647: cwnd:10: delivered:2: lost:0: retrans:1
[  235.904246] AAAAA-TCP_RECV: name:enp0s8: saddr:100932208: daddr:16783984: srtt_us:11909084: RTT:1488635: ssthresh:2147483647: cwnd:10: delivered:2: lost:0: retrans:1
[  235.904279] AAAAA-TCP_SEND: name:enp0s8: saddr:16783984: daddr:100932208: srtt_us:11909084: RTT:1488635: ssthresh:2147483647: cwnd:10: delivered:2: lost:0: retrans:1
[  236.053155] AAAAA-TCP_RECV: name:enp0s8: saddr:100932208: daddr:16783984: srtt_us:11909084: RTT:1488635: ssthresh:2147483647: cwnd:10: delivered:2: lost:0: retrans:1
[  236.053189] AAAAA-TCP_SEND: name:enp0s8: saddr:16783984: daddr:100932208: srtt_us:11909084: RTT:1488635: ssthresh:2147483647: cwnd:10: delivered:2: lost:0: retrans:1
[  236.124893] AAAAA-TCP_RECV: name:enp0s8: saddr:100932208: daddr:16783984: srtt_us:11909084: RTT:1488635: ssthresh:2147483647: cwnd:10: delivered:2: lost:0: retrans:1
[  236.124937] AAAAA-TCP_SEND: name:enp0s8: saddr:16783984: daddr:100932208: srtt_us:11909084: RTT:1488635: ssthresh:2147483647: cwnd:10: delivered:2: lost:0: retrans:1
[  236.181323] AAAAA-TCP_RECV: name:enp0s3: saddr:100932208: daddr:16783984: srtt_us:11909084: RTT:1488635: ssthresh:2147483647: cwnd:10: delivered:2: lost:0: retrans:1
[  236.181359] AAAAA-TCP_SEND: name:enp0s8: saddr:16783984: daddr:100932208: srtt_us:11909084: RTT:1488635: ssthresh:2147483647: cwnd:10: delivered:2: lost:0: retrans:1
[  236.228572] AAAAA-TCP_RECV: name:enp0s8: saddr:100932208: daddr:33561200: srtt_us:17128000: RTT:2141000: ssthresh:2147483647: cwnd:10: delivered:1: lost:0: retrans:0
[  236.228596] AAAAA-TCP_SEND: name:enp0s8: saddr:33561200: daddr:100932208: srtt_us:17128000: RTT:2141000: ssthresh:2147483647: cwnd:10: delivered:1: lost:0: retrans:0
[  236.336920] AAAAA-TCP_RECV: name:enp0s3: saddr:100932208: daddr:16783984: srtt_us:11909084: RTT:1488635: ssthresh:2147483647: cwnd:10: delivered:2: lost:0: retrans:1
[  236.336941] AAAAA-TCP_SEND: name:enp0s8: saddr:16783984: daddr:100932208: srtt_us:11909084: RTT:1488635: ssthresh:2147483647: cwnd:10: delivered:2: lost:0: retrans:1
[  236.381926] AAAAA-TCP_RECV: name:enp0s3: saddr:100932208: daddr:16783984: srtt_us:11909084: RTT:1488635: ssthresh:2147483647: cwnd:10: delivered:2: lost:0: retrans:1
[  236.381947] AAAAA-TCP_SEND: name:enp0s8: saddr:16783984: daddr:100932208: srtt_us:11909084: RTT:1488635: ssthresh:2147483647: cwnd:10: delivered:2: lost:0: retrans:1
[  236.395279] AAAAA-TCP_RECV: name:enp0s8: saddr:100932208: daddr:16783984: srtt_us:11909084: RTT:1488635: ssthresh:2147483647: cwnd:10: delivered:2: lost:0: retrans:1
[  236.395310] AAAAA-TCP_SEND: name:enp0s8: saddr:16783984: daddr:100932208: srtt_us:11909084: RTT:1488635: ssthresh:2147483647: cwnd:10: delivered:2: lost:0: retrans:1
[  236.427460] AAAAA-TCP_RECV: name:enp0s8: saddr:100932208: daddr:16783984: srtt_us:11909084: RTT:1488635: ssthresh:2147483647: cwnd:10: delivered:2: lost:0: retrans:1
[  236.427503] AAAAA-TCP_SEND: name:enp0s8: saddr:16783984: daddr:100932208: srtt_us:11909084: RTT:1488635: ssthresh:2147483647: cwnd:10: delivered:2: lost:0: retrans:1
[  236.561123] AAAAA-TCP_RECV: name:enp0s3: saddr:100932208: daddr:16783984: srtt_us:0: RTT:0: ssthresh:2147483647: cwnd:10: delivered:0: lost:0: retrans:0
[  236.561157] AAAAA-TCP_SEND: name:enp0s8: saddr:16783984: daddr:100932208: srtt_us:0: RTT:0: ssthresh:0: cwnd:0: delivered:0: lost:0: retrans:0
[  236.655066] AAAAA-TCP_RECV: name:enp0s3: saddr:100932208: daddr:16783984: srtt_us:11909084: RTT:1488635: ssthresh:2147483647: cwnd:10: delivered:2: lost:0: retrans:1
[  237.206271] AAAAA-TCP_SEND: name:enp0s3: saddr:16783984: daddr:100932208: srtt_us:5160736: RTT:645092: ssthresh:2147483647: cwnd:10: delivered:1: lost:0: retrans:0
[  237.344106] AAAAA-TCP_RECV: name:enp0s3: saddr:100932208: daddr:16783984: srtt_us:5160736: RTT:645092: ssthresh:2147483647: cwnd:10: delivered:1: lost:0: retrans:0
[  237.344155] AAAAA-TCP_SEND: name:enp0s3: saddr:16783984: daddr:100932208: srtt_us:5160736: RTT:645092: ssthresh:2147483647: cwnd:10: delivered:1: lost:0: retrans:0
[  237.345344] AAAAA-TCP_SEND: name:enp0s3: saddr:16783984: daddr:100932208: srtt_us:11380399: RTT:1422549: ssthresh:2147483647: cwnd:10: delivered:3: lost:0: retrans:1
[  237.475637] AAAAA-TCP_RECV: name:enp0s3: saddr:100932208: daddr:33561200: srtt_us:0: RTT:0: ssthresh:2147483647: cwnd:10: delivered:0: lost:0: retrans:0
[  237.475681] AAAAA-TCP_SEND: name:enp0s3: saddr:33561200: daddr:100932208: srtt_us:0: RTT:0: ssthresh:0: cwnd:0: delivered:0: lost:0: retrans:0
[  237.631485] AAAAA-TCP_SEND: name:enp0s3: saddr:33561200: daddr:100932208: srtt_us:1246288: RTT:155786: ssthresh:2147483647: cwnd:10: delivered:1: lost:0: retrans:0
[  237.775612] AAAAA-TCP_RECV: name:enp0s3: saddr:100932208: daddr:16783984: srtt_us:11380399: RTT:1422549: ssthresh:2147483647: cwnd:10: delivered:3: lost:0: retrans:1
[  237.775646] AAAAA-TCP_SEND: name:enp0s3: saddr:16783984: daddr:100932208: srtt_us:11380399: RTT:1422549: ssthresh:2147483647: cwnd:10: delivered:3: lost:0: retrans:1
[  238.005265] AAAAA-TCP_RECV: name:enp0s3: saddr:100932208: daddr:33561200: srtt_us:1246288: RTT:155786: ssthresh:2147483647: cwnd:10: delivered:1: lost:0: retrans:0
[  238.005299] AAAAA-TCP_SEND: name:enp0s3: saddr:33561200: daddr:100932208: srtt_us:1246288: RTT:155786: ssthresh:2147483647: cwnd:10: delivered:1: lost:0: retrans:0
[  238.161125] AAAAA-TCP_RECV: name:enp0s3: saddr:100932208: daddr:16783984: srtt_us:5160736: RTT:645092: ssthresh:2147483647: cwnd:10: delivered:1: lost:0: retrans:0
[  238.161153] AAAAA-TCP_SEND: name:enp0s3: saddr:16783984: daddr:100932208: srtt_us:5160736: RTT:645092: ssthresh:2147483647: cwnd:10: delivered:1: lost:0: retrans:0
[  238.261868] AAAAA-TCP_RECV: name:enp0s3: saddr:100932208: daddr:33561200: srtt_us:1246288: RTT:155786: ssthresh:2147483647: cwnd:10: delivered:1: lost:0: retrans:0
[  238.261896] AAAAA-TCP_SEND: name:enp0s3: saddr:33561200: daddr:100932208: srtt_us:1246288: RTT:155786: ssthresh:2147483647: cwnd:10: delivered:1: lost:0: retrans:0
[  238.368923] AAAAA-TCP_RECV: name:enp0s3: saddr:100932208: daddr:33561200: srtt_us:1246288: RTT:155786: ssthresh:2147483647: cwnd:10: delivered:1: lost:0: retrans:0
[  238.368952] AAAAA-TCP_SEND: name:enp0s3: saddr:33561200: daddr:100932208: srtt_us:1246288: RTT:155786: ssthresh:2147483647: cwnd:10: delivered:1: lost:0: retrans:0
[  238.572695] AAAAA-TCP_RECV: name:enp0s3: saddr:100932208: daddr:33561200: srtt_us:1246288: RTT:155786: ssthresh:2147483647: cwnd:10: delivered:1: lost:0: retrans:0
[  238.572723] AAAAA-TCP_SEND: name:enp0s3: saddr:33561200: daddr:100932208: srtt_us:1246288: RTT:155786: ssthresh:2147483647: cwnd:10: delivered:1: lost:0: retrans:0
[  238.717100] AAAAA-TCP_RECV: name:enp0s3: saddr:100932208: daddr:33561200: srtt_us:1246288: RTT:155786: ssthresh:2147483647: cwnd:10: delivered:1: lost:0: retrans:0
[  238.717128] AAAAA-TCP_SEND: name:enp0s3: saddr:33561200: daddr:100932208: srtt_us:1246288: RTT:155786: ssthresh:2147483647: cwnd:10: delivered:1: lost:0: retrans:0
[  238.797627] AAAAA-TCP_RECV: name:enp0s3: saddr:100932208: daddr:33561200: srtt_us:1246288: RTT:155786: ssthresh:2147483647: cwnd:10: delivered:1: lost:0: retrans:0
[  238.797653] AAAAA-TCP_SEND: name:enp0s3: saddr:33561200: daddr:100932208: srtt_us:1246288: RTT:155786: ssthresh:2147483647: cwnd:10: delivered:1: lost:0: retrans:0
[  238.894569] AAAAA-TCP_RECV: name:enp0s3: saddr:100932208: daddr:16783984: srtt_us:5160736: RTT:645092: ssthresh:2147483647: cwnd:10: delivered:1: lost:0: retrans:0
[  238.894593] AAAAA-TCP_SEND: name:enp0s3: saddr:16783984: daddr:100932208: srtt_us:5160736: RTT:645092: ssthresh:2147483647: cwnd:10: delivered:1: lost:0: retrans:0
[  239.009567] AAAAA-TCP_RECV: name:enp0s3: saddr:100932208: daddr:16783984: srtt_us:5160736: RTT:645092: ssthresh:2147483647: cwnd:10: delivered:1: lost:0: retrans:0
[  239.009591] AAAAA-TCP_SEND: name:enp0s3: saddr:16783984: daddr:100932208: srtt_us:5160736: RTT:645092: ssthresh:2147483647: cwnd:10: delivered:1: lost:0: retrans:0
[  239.126439] AAAAA-TCP_RECV: name:enp0s3: saddr:100932208: daddr:16783984: srtt_us:5160736: RTT:645092: ssthresh:2147483647: cwnd:10: delivered:1: lost:0: retrans:0
[  239.126463] AAAAA-TCP_SEND: name:enp0s3: saddr:16783984: daddr:100932208: srtt_us:5160736: RTT:645092: ssthresh:2147483647: cwnd:10: delivered:1: lost:0: retrans:0
[  239.257471] AAAAA-TCP_RECV: name:enp0s3: saddr:100932208: daddr:16783984: srtt_us:5160736: RTT:645092: ssthresh:2147483647: cwnd:10: delivered:1: lost:0: retrans:0
[  239.257498] AAAAA-TCP_SEND: name:enp0s3: saddr:16783984: daddr:100932208: srtt_us:5160736: RTT:645092: ssthresh:2147483647: cwnd:10: delivered:1: lost:0: retrans:0
[  239.444419] AAAAA-TCP_RECV: name:enp0s3: saddr:100932208: daddr:16783984: srtt_us:5160736: RTT:645092: ssthresh:2147483647: cwnd:10: delivered:1: lost:0: retrans:0
[  239.444444] AAAAA-TCP_SEND: name:enp0s3: saddr:16783984: daddr:100932208: srtt_us:5160736: RTT:645092: ssthresh:2147483647: cwnd:10: delivered:1: lost:0: retrans:0
[  239.570047] AAAAA-TCP_RECV: name:enp0s3: saddr:100932208: daddr:33561200: srtt_us:1246288: RTT:155786: ssthresh:2147483647: cwnd:10: delivered:1: lost:0: retrans:0
[  239.570074] AAAAA-TCP_SEND: name:enp0s3: saddr:33561200: daddr:100932208: srtt_us:1246288: RTT:155786: ssthresh:2147483647: cwnd:10: delivered:1: lost:0: retrans:0
[  239.694658] AAAAA-TCP_RECV: name:enp0s3: saddr:100932208: daddr:33561200: srtt_us:1246288: RTT:155786: ssthresh:2147483647: cwnd:10: delivered:1: lost:0: retrans:0
[  239.694687] AAAAA-TCP_SEND: name:enp0s3: saddr:33561200: daddr:100932208: srtt_us:1246288: RTT:155786: ssthresh:2147483647: cwnd:10: delivered:1: lost:0: retrans:0
[  239.847567] AAAAA-TCP_RECV: name:enp0s3: saddr:100932208: daddr:16783984: srtt_us:5160736: RTT:645092: ssthresh:2147483647: cwnd:10: delivered:1: lost:0: retrans:0
[  239.847598] AAAAA-TCP_SEND: name:enp0s3: saddr:16783984: daddr:100932208: srtt_us:5160736: RTT:645092: ssthresh:2147483647: cwnd:10: delivered:1: lost:0: retrans:0
[  239.968934] AAAAA-TCP_RECV: name:enp0s3: saddr:100932208: daddr:16783984: srtt_us:5160736: RTT:645092: ssthresh:2147483647: cwnd:10: delivered:1: lost:0: retrans:0
[  239.968959] AAAAA-TCP_SEND: name:enp0s3: saddr:16783984: daddr:100932208: srtt_us:5160736: RTT:645092: ssthresh:2147483647: cwnd:10: delivered:1: lost:0: retrans:0
[  240.148622] AAAAA-TCP_RECV: name:enp0s3: saddr:100932208: daddr:33561200: srtt_us:1246288: RTT:155786: ssthresh:2147483647: cwnd:10: delivered:1: lost:0: retrans:0
[  240.148650] AAAAA-TCP_SEND: name:enp0s3: saddr:33561200: daddr:100932208: srtt_us:1246288: RTT:155786: ssthresh:2147483647: cwnd:10: delivered:1: lost:0: retrans:0
[  240.198700] AAAAA-TCP_RECV: name:enp0s3: saddr:100932208: daddr:33561200: srtt_us:1246288: RTT:155786: ssthresh:2147483647: cwnd:10: delivered:1: lost:0: retrans:0
[  240.198728] AAAAA-TCP_SEND: name:enp0s3: saddr:33561200: daddr:100932208: srtt_us:1246288: RTT:155786: ssthresh:2147483647: cwnd:10: delivered:1: lost:0: retrans:0
[  240.351775] AAAAA-TCP_RECV: name:enp0s3: saddr:100932208: daddr:16783984: srtt_us:5160736: RTT:645092: ssthresh:2147483647: cwnd:10: delivered:1: lost:0: retrans:0
[  240.351819] AAAAA-TCP_SEND: name:enp0s3: saddr:16783984: daddr:100932208: srtt_us:5160736: RTT:645092: ssthresh:2147483647: cwnd:10: delivered:1: lost:0: retrans:0
[  240.394452] AAAAA-TCP_RECV: name:enp0s3: saddr:100932208: daddr:16783984: srtt_us:5160736: RTT:645092: ssthresh:2147483647: cwnd:10: delivered:1: lost:0: retrans:0
[  240.394489] AAAAA-TCP_SEND: name:enp0s3: saddr:16783984: daddr:100932208: srtt_us:5160736: RTT:645092: ssthresh:2147483647: cwnd:10: delivered:1: lost:0: retrans:0
[  240.470483] AAAAA-TCP_RECV: name:enp0s3: saddr:100932208: daddr:16783984: srtt_us:10388158: RTT:1298519: ssthresh:2147483647: cwnd:10: delivered:4: lost:0: retrans:1
[  240.515889] AAAAA-TCP_RECV: name:enp0s3: saddr:100932208: daddr:33561200: srtt_us:1246288: RTT:155786: ssthresh:2147483647: cwnd:10: delivered:1: lost:0: retrans:0
[  240.515916] AAAAA-TCP_SEND: name:enp0s3: saddr:33561200: daddr:100932208: srtt_us:1246288: RTT:155786: ssthresh:2147483647: cwnd:10: delivered:1: lost:0: retrans:0
[  240.605893] AAAAA-TCP_RECV: name:enp0s3: saddr:100932208: daddr:33561200: srtt_us:1246288: RTT:155786: ssthresh:2147483647: cwnd:10: delivered:1: lost:0: retrans:0
[  240.605925] AAAAA-TCP_SEND: name:enp0s3: saddr:33561200: daddr:100932208: srtt_us:1246288: RTT:155786: ssthresh:2147483647: cwnd:10: delivered:1: lost:0: retrans:0
[  240.684840] AAAAA-TCP_RECV: name:enp0s3: saddr:100932208: daddr:16783984: srtt_us:5160736: RTT:645092: ssthresh:2147483647: cwnd:10: delivered:1: lost:0: retrans:0
[  240.684914] AAAAA-TCP_SEND: name:enp0s3: saddr:16783984: daddr:100932208: srtt_us:5160736: RTT:645092: ssthresh:2147483647: cwnd:10: delivered:1: lost:0: retrans:0
[  240.871803] AAAAA-TCP_RECV: name:enp0s3: saddr:100932208: daddr:16783984: srtt_us:5160736: RTT:645092: ssthresh:2147483647: cwnd:10: delivered:1: lost:0: retrans:0
[  240.871831] AAAAA-TCP_SEND: name:enp0s3: saddr:16783984: daddr:100932208: srtt_us:5160736: RTT:645092: ssthresh:2147483647: cwnd:10: delivered:1: lost:0: retrans:0
[  240.984466] AAAAA-TCP_RECV: name:enp0s3: saddr:100932208: daddr:33561200: srtt_us:1246288: RTT:155786: ssthresh:2147483647: cwnd:10: delivered:1: lost:0: retrans:0
[  240.984489] AAAAA-TCP_SEND: name:enp0s3: saddr:33561200: daddr:100932208: srtt_us:1246288: RTT:155786: ssthresh:2147483647: cwnd:10: delivered:1: lost:0: retrans:0
[  241.100605] AAAAA-TCP_RECV: name:enp0s3: saddr:100932208: daddr:33561200: srtt_us:1246288: RTT:155786: ssthresh:2147483647: cwnd:10: delivered:1: lost:0: retrans:0
[  241.100644] AAAAA-TCP_SEND: name:enp0s3: saddr:33561200: daddr:100932208: srtt_us:1246288: RTT:155786: ssthresh:2147483647: cwnd:10: delivered:1: lost:0: retrans:0
[  241.191837] AAAAA-TCP_RECV: name:enp0s3: saddr:100932208: daddr:33561200: srtt_us:1246288: RTT:155786: ssthresh:2147483647: cwnd:10: delivered:1: lost:0: retrans:0
[  241.191863] AAAAA-TCP_SEND: name:enp0s3: saddr:33561200: daddr:100932208: srtt_us:1246288: RTT:155786: ssthresh:2147483647: cwnd:10: delivered:1: lost:0: retrans:0
[  241.267261] AAAAA-TCP_RECV: name:enp0s3: saddr:100932208: daddr:33561200: srtt_us:1246288: RTT:155786: ssthresh:2147483647: cwnd:10: delivered:1: lost:0: retrans:0
[  241.267285] AAAAA-TCP_SEND: name:enp0s3: saddr:33561200: daddr:100932208: srtt_us:1246288: RTT:155786: ssthresh:2147483647: cwnd:10: delivered:1: lost:0: retrans:0
[  241.435238] AAAAA-TCP_RECV: name:enp0s3: saddr:100932208: daddr:33561200: srtt_us:1246288: RTT:155786: ssthresh:2147483647: cwnd:10: delivered:1: lost:0: retrans:0
[  241.435276] AAAAA-TCP_SEND: name:enp0s3: saddr:33561200: daddr:100932208: srtt_us:1246288: RTT:155786: ssthresh:2147483647: cwnd:10: delivered:1: lost:0: retrans:0
[  241.499540] AAAAA-TCP_RECV: name:enp0s3: saddr:100932208: daddr:33561200: srtt_us:1246288: RTT:155786: ssthresh:2147483647: cwnd:10: delivered:1: lost:0: retrans:0
[  241.499563] AAAAA-TCP_SEND: name:enp0s3: saddr:33561200: daddr:100932208: srtt_us:1246288: RTT:155786: ssthresh:2147483647: cwnd:10: delivered:1: lost:0: retrans:0
[  241.715846] AAAAA-TCP_RECV: name:enp0s3: saddr:100932208: daddr:33561200: srtt_us:1246288: RTT:155786: ssthresh:2147483647: cwnd:10: delivered:1: lost:0: retrans:0
[  241.715881] AAAAA-TCP_SEND: name:enp0s3: saddr:33561200: daddr:100932208: srtt_us:1246288: RTT:155786: ssthresh:2147483647: cwnd:10: delivered:1: lost:0: retrans:0
[  241.950603] AAAAA-TCP_RECV: name:enp0s3: saddr:100932208: daddr:33561200: srtt_us:1246288: RTT:155786: ssthresh:2147483647: cwnd:10: delivered:1: lost:0: retrans:0
[  241.950646] AAAAA-TCP_SEND: name:enp0s3: saddr:33561200: daddr:100932208: srtt_us:1246288: RTT:155786: ssthresh:2147483647: cwnd:10: delivered:1: lost:0: retrans:0
[  242.071020] AAAAA-TCP_RECV: name:enp0s3: saddr:100932208: daddr:33561200: srtt_us:1246288: RTT:155786: ssthresh:2147483647: cwnd:10: delivered:1: lost:0: retrans:0
[  242.071053] AAAAA-TCP_SEND: name:enp0s3: saddr:33561200: daddr:100932208: srtt_us:1246288: RTT:155786: ssthresh:2147483647: cwnd:10: delivered:1: lost:0: retrans:0
[  242.185824] AAAAA-TCP_RECV: name:enp0s3: saddr:100932208: daddr:33561200: srtt_us:1246288: RTT:155786: ssthresh:2147483647: cwnd:10: delivered:1: lost:0: retrans:0
[  242.185850] AAAAA-TCP_SEND: name:enp0s3: saddr:33561200: daddr:100932208: srtt_us:1246288: RTT:155786: ssthresh:2147483647: cwnd:10: delivered:1: lost:0: retrans:0
[  242.259427] AAAAA-TCP_RECV: name:enp0s3: saddr:100932208: daddr:33561200: srtt_us:1246288: RTT:155786: ssthresh:2147483647: cwnd:10: delivered:1: lost:0: retrans:0
[  242.259454] AAAAA-TCP_SEND: name:enp0s3: saddr:33561200: daddr:100932208: srtt_us:1246288: RTT:155786: ssthresh:2147483647: cwnd:10: delivered:1: lost:0: retrans:0
[  242.355981] AAAAA-TCP_RECV: name:enp0s3: saddr:100932208: daddr:16783984: srtt_us:5160736: RTT:645092: ssthresh:2147483647: cwnd:10: delivered:1: lost:0: retrans:0
[  242.356008] AAAAA-TCP_SEND: name:enp0s3: saddr:16783984: daddr:100932208: srtt_us:5160736: RTT:645092: ssthresh:2147483647: cwnd:10: delivered:1: lost:0: retrans:0
[  242.450839] AAAAA-TCP_RECV: name:enp0s3: saddr:100932208: daddr:16783984: srtt_us:5160736: RTT:645092: ssthresh:2147483647: cwnd:10: delivered:1: lost:0: retrans:0
[  242.450868] AAAAA-TCP_SEND: name:enp0s3: saddr:16783984: daddr:100932208: srtt_us:5160736: RTT:645092: ssthresh:2147483647: cwnd:10: delivered:1: lost:0: retrans:0
[  242.544762] AAAAA-TCP_RECV: name:enp0s3: saddr:100932208: daddr:16783984: srtt_us:5160736: RTT:645092: ssthresh:2147483647: cwnd:10: delivered:1: lost:0: retrans:0
[  242.544786] AAAAA-TCP_SEND: name:enp0s3: saddr:16783984: daddr:100932208: srtt_us:5160736: RTT:645092: ssthresh:2147483647: cwnd:10: delivered:1: lost:0: retrans:0
[  242.617799] AAAAA-TCP_RECV: name:enp0s3: saddr:100932208: daddr:16783984: srtt_us:5160736: RTT:645092: ssthresh:2147483647: cwnd:10: delivered:1: lost:0: retrans:0
[  242.617831] AAAAA-TCP_SEND: name:enp0s3: saddr:16783984: daddr:100932208: srtt_us:5160736: RTT:645092: ssthresh:2147483647: cwnd:10: delivered:1: lost:0: retrans:0
[  242.707598] AAAAA-TCP_RECV: name:enp0s3: saddr:100932208: daddr:16783984: srtt_us:5160736: RTT:645092: ssthresh:2147483647: cwnd:10: delivered:1: lost:0: retrans:0
[  242.707628] AAAAA-TCP_SEND: name:enp0s3: saddr:16783984: daddr:100932208: srtt_us:5160736: RTT:645092: ssthresh:2147483647: cwnd:10: delivered:1: lost:0: retrans:0
[  242.766430] AAAAA-TCP_RECV: name:enp0s3: saddr:100932208: daddr:16783984: srtt_us:5160736: RTT:645092: ssthresh:2147483647: cwnd:10: delivered:1: lost:0: retrans:0
[  242.766456] AAAAA-TCP_SEND: name:enp0s3: saddr:16783984: daddr:100932208: srtt_us:5160736: RTT:645092: ssthresh:2147483647: cwnd:10: delivered:1: lost:0: retrans:0
[  242.889663] AAAAA-TCP_RECV: name:enp0s3: saddr:100932208: daddr:16783984: srtt_us:5160736: RTT:645092: ssthresh:2147483647: cwnd:10: delivered:1: lost:0: retrans:0
[  242.889690] AAAAA-TCP_SEND: name:enp0s3: saddr:16783984: daddr:100932208: srtt_us:5160736: RTT:645092: ssthresh:2147483647: cwnd:10: delivered:1: lost:0: retrans:0
[  242.963821] AAAAA-TCP_RECV: name:enp0s3: saddr:100932208: daddr:16783984: srtt_us:5160736: RTT:645092: ssthresh:2147483647: cwnd:10: delivered:1: lost:0: retrans:0
[  242.963846] AAAAA-TCP_SEND: name:enp0s3: saddr:16783984: daddr:100932208: srtt_us:5160736: RTT:645092: ssthresh:2147483647: cwnd:10: delivered:1: lost:0: retrans:0
[  243.066504] AAAAA-TCP_RECV: name:enp0s3: saddr:100932208: daddr:16783984: srtt_us:5160736: RTT:645092: ssthresh:2147483647: cwnd:10: delivered:1: lost:0: retrans:0
[  243.066529] AAAAA-TCP_SEND: name:enp0s3: saddr:16783984: daddr:100932208: srtt_us:5160736: RTT:645092: ssthresh:2147483647: cwnd:10: delivered:1: lost:0: retrans:0
[  243.194437] AAAAA-TCP_RECV: name:enp0s3: saddr:100932208: daddr:16783984: srtt_us:5160736: RTT:645092: ssthresh:2147483647: cwnd:10: delivered:1: lost:0: retrans:0
[  243.194465] AAAAA-TCP_SEND: name:enp0s3: saddr:16783984: daddr:100932208: srtt_us:5160736: RTT:645092: ssthresh:2147483647: cwnd:10: delivered:1: lost:0: retrans:0
[  243.312279] AAAAA-TCP_RECV: name:enp0s3: saddr:100932208: daddr:16783984: srtt_us:5160736: RTT:645092: ssthresh:2147483647: cwnd:10: delivered:1: lost:0: retrans:0
[  243.312304] AAAAA-TCP_SEND: name:enp0s3: saddr:16783984: daddr:100932208: srtt_us:5160736: RTT:645092: ssthresh:2147483647: cwnd:10: delivered:1: lost:0: retrans:0
[  243.413937] AAAAA-TCP_RECV: name:enp0s3: saddr:100932208: daddr:33561200: srtt_us:1246288: RTT:155786: ssthresh:2147483647: cwnd:10: delivered:1: lost:0: retrans:0
[  243.413962] AAAAA-TCP_SEND: name:enp0s3: saddr:33561200: daddr:100932208: srtt_us:1246288: RTT:155786: ssthresh:2147483647: cwnd:10: delivered:1: lost:0: retrans:0
[  243.507706] AAAAA-TCP_RECV: name:enp0s3: saddr:100932208: daddr:33561200: srtt_us:1246288: RTT:155786: ssthresh:2147483647: cwnd:10: delivered:1: lost:0: retrans:0
[  243.507729] AAAAA-TCP_SEND: name:enp0s3: saddr:33561200: daddr:100932208: srtt_us:1246288: RTT:155786: ssthresh:2147483647: cwnd:10: delivered:1: lost:0: retrans:0
[  243.572070] AAAAA-TCP_RECV: name:enp0s3: saddr:100932208: daddr:33561200: srtt_us:1246288: RTT:155786: ssthresh:2147483647: cwnd:10: delivered:1: lost:0: retrans:0
[  243.572094] AAAAA-TCP_SEND: name:enp0s3: saddr:33561200: daddr:100932208: srtt_us:1246288: RTT:155786: ssthresh:2147483647: cwnd:10: delivered:1: lost:0: retrans:0
[  243.697051] AAAAA-TCP_RECV: name:enp0s3: saddr:100932208: daddr:33561200: srtt_us:1246288: RTT:155786: ssthresh:2147483647: cwnd:10: delivered:1: lost:0: retrans:0
[  243.697081] AAAAA-TCP_SEND: name:enp0s3: saddr:33561200: daddr:100932208: srtt_us:1246288: RTT:155786: ssthresh:2147483647: cwnd:10: delivered:1: lost:0: retrans:0
[  243.856501] AAAAA-TCP_RECV: name:enp0s3: saddr:100932208: daddr:16783984: srtt_us:5160736: RTT:645092: ssthresh:2147483647: cwnd:10: delivered:1: lost:0: retrans:0
[  243.856531] AAAAA-TCP_SEND: name:enp0s3: saddr:16783984: daddr:100932208: srtt_us:5160736: RTT:645092: ssthresh:2147483647: cwnd:10: delivered:1: lost:0: retrans:0
[  244.034315] AAAAA-TCP_RECV: name:enp0s3: saddr:100932208: daddr:16783984: srtt_us:5160736: RTT:645092: ssthresh:2147483647: cwnd:10: delivered:1: lost:0: retrans:0
[  244.034344] AAAAA-TCP_SEND: name:enp0s3: saddr:16783984: daddr:100932208: srtt_us:5160736: RTT:645092: ssthresh:2147483647: cwnd:10: delivered:1: lost:0: retrans:0
[  244.146477] AAAAA-TCP_RECV: name:enp0s3: saddr:100932208: daddr:16783984: srtt_us:5160736: RTT:645092: ssthresh:2147483647: cwnd:10: delivered:1: lost:0: retrans:0
[  244.146505] AAAAA-TCP_SEND: name:enp0s3: saddr:16783984: daddr:100932208: srtt_us:5160736: RTT:645092: ssthresh:2147483647: cwnd:10: delivered:1: lost:0: retrans:0
[  244.220128] AAAAA-TCP_RECV: name:enp0s3: saddr:100932208: daddr:16783984: srtt_us:5160736: RTT:645092: ssthresh:2147483647: cwnd:10: delivered:1: lost:0: retrans:0
[  244.220161] AAAAA-TCP_SEND: name:enp0s3: saddr:16783984: daddr:100932208: srtt_us:5160736: RTT:645092: ssthresh:2147483647: cwnd:10: delivered:1: lost:0: retrans:0
[  244.298585] AAAAA-TCP_RECV: name:enp0s3: saddr:100932208: daddr:33561200: srtt_us:1246288: RTT:155786: ssthresh:2147483647: cwnd:10: delivered:1: lost:0: retrans:0
[  244.298611] AAAAA-TCP_SEND: name:enp0s3: saddr:33561200: daddr:100932208: srtt_us:1246288: RTT:155786: ssthresh:2147483647: cwnd:10: delivered:1: lost:0: retrans:0
[  244.389376] AAAAA-TCP_RECV: name:enp0s3: saddr:100932208: daddr:33561200: srtt_us:1246288: RTT:155786: ssthresh:2147483647: cwnd:10: delivered:1: lost:0: retrans:0
[  244.389403] AAAAA-TCP_SEND: name:enp0s3: saddr:33561200: daddr:100932208: srtt_us:1246288: RTT:155786: ssthresh:2147483647: cwnd:10: delivered:1: lost:0: retrans:0
[  244.472131] AAAAA-TCP_RECV: name:enp0s3: saddr:100932208: daddr:33561200: srtt_us:1246288: RTT:155786: ssthresh:2147483647: cwnd:10: delivered:1: lost:0: retrans:0
[  244.472158] AAAAA-TCP_SEND: name:enp0s3: saddr:33561200: daddr:100932208: srtt_us:1246288: RTT:155786: ssthresh:2147483647: cwnd:10: delivered:1: lost:0: retrans:0
[  244.582240] AAAAA-TCP_RECV: name:enp0s3: saddr:100932208: daddr:33561200: srtt_us:1246288: RTT:155786: ssthresh:2147483647: cwnd:10: delivered:1: lost:0: retrans:0
[  244.582272] AAAAA-TCP_SEND: name:enp0s3: saddr:33561200: daddr:100932208: srtt_us:1246288: RTT:155786: ssthresh:2147483647: cwnd:10: delivered:1: lost:0: retrans:0
[  244.669009] AAAAA-TCP_RECV: name:enp0s3: saddr:100932208: daddr:16783984: srtt_us:5160736: RTT:645092: ssthresh:2147483647: cwnd:10: delivered:1: lost:0: retrans:0
[  244.669036] AAAAA-TCP_SEND: name:enp0s3: saddr:16783984: daddr:100932208: srtt_us:5160736: RTT:645092: ssthresh:2147483647: cwnd:10: delivered:1: lost:0: retrans:0
[  244.746524] AAAAA-TCP_RECV: name:enp0s3: saddr:100932208: daddr:16783984: srtt_us:5160736: RTT:645092: ssthresh:2147483647: cwnd:10: delivered:1: lost:0: retrans:0
[  244.787041] AAAAA-TCP_SEND: name:enp0s3: saddr:16783984: daddr:100932208: srtt_us:5160736: RTT:645092: ssthresh:2147483647: cwnd:10: delivered:1: lost:0: retrans:0
[  244.811959] AAAAA-TCP_RECV: name:enp0s3: saddr:100932208: daddr:16783984: srtt_us:5160736: RTT:645092: ssthresh:2147483647: cwnd:10: delivered:1: lost:0: retrans:0
[  244.891604] AAAAA-TCP_RECV: name:enp0s3: saddr:100932208: daddr:16783984: srtt_us:5160736: RTT:645092: ssthresh:2147483647: cwnd:10: delivered:1: lost:0: retrans:0
[  244.891630] AAAAA-TCP_SEND: name:enp0s3: saddr:16783984: daddr:100932208: srtt_us:5160736: RTT:645092: ssthresh:2147483647: cwnd:10: delivered:1: lost:0: retrans:0
[  244.988052] AAAAA-TCP_RECV: name:enp0s3: saddr:100932208: daddr:33561200: srtt_us:1246288: RTT:155786: ssthresh:2147483647: cwnd:10: delivered:1: lost:0: retrans:0
[  244.988077] AAAAA-TCP_SEND: name:enp0s3: saddr:33561200: daddr:100932208: srtt_us:1246288: RTT:155786: ssthresh:2147483647: cwnd:10: delivered:1: lost:0: retrans:0
[  245.052451] AAAAA-TCP_RECV: name:enp0s3: saddr:100932208: daddr:33561200: srtt_us:1246288: RTT:155786: ssthresh:2147483647: cwnd:10: delivered:1: lost:0: retrans:0
[  245.052473] AAAAA-TCP_SEND: name:enp0s3: saddr:33561200: daddr:100932208: srtt_us:1246288: RTT:155786: ssthresh:2147483647: cwnd:10: delivered:1: lost:0: retrans:0
[  245.134666] AAAAA-TCP_RECV: name:enp0s3: saddr:100932208: daddr:33561200: srtt_us:1246288: RTT:155786: ssthresh:2147483647: cwnd:10: delivered:1: lost:0: retrans:0
[  245.134692] AAAAA-TCP_SEND: name:enp0s3: saddr:33561200: daddr:100932208: srtt_us:1246288: RTT:155786: ssthresh:2147483647: cwnd:10: delivered:1: lost:0: retrans:0
[  245.251777] AAAAA-TCP_RECV: name:enp0s3: saddr:100932208: daddr:33561200: srtt_us:1246288: RTT:155786: ssthresh:2147483647: cwnd:10: delivered:1: lost:0: retrans:0
[  245.251800] AAAAA-TCP_SEND: name:enp0s3: saddr:33561200: daddr:100932208: srtt_us:1246288: RTT:155786: ssthresh:2147483647: cwnd:10: delivered:1: lost:0: retrans:0
[  245.427315] AAAAA-TCP_RECV: name:enp0s3: saddr:100932208: daddr:16783984: srtt_us:5160736: RTT:645092: ssthresh:2147483647: cwnd:10: delivered:1: lost:0: retrans:0
[  245.488989] AAAAA-TCP_RECV: name:enp0s3: saddr:100932208: daddr:16783984: srtt_us:5160736: RTT:645092: ssthresh:2147483647: cwnd:10: delivered:1: lost:0: retrans:0
[  245.489028] AAAAA-TCP_SEND: name:enp0s3: saddr:16783984: daddr:100932208: srtt_us:5160736: RTT:645092: ssthresh:2147483647: cwnd:10: delivered:1: lost:0: retrans:0
[  245.637438] AAAAA-TCP_RECV: name:enp0s3: saddr:100932208: daddr:16783984: srtt_us:5160736: RTT:645092: ssthresh:2147483647: cwnd:10: delivered:1: lost:0: retrans:0
[  245.683803] AAAAA-TCP_RECV: name:enp0s3: saddr:100932208: daddr:16783984: srtt_us:5160736: RTT:645092: ssthresh:2147483647: cwnd:10: delivered:1: lost:0: retrans:0
[  245.683895] AAAAA-TCP_SEND: name:enp0s3: saddr:16783984: daddr:100932208: srtt_us:5160736: RTT:645092: ssthresh:2147483647: cwnd:10: delivered:1: lost:0: retrans:0
[  245.766434] AAAAA-TCP_RECV: name:enp0s3: saddr:100932208: daddr:33561200: srtt_us:1246288: RTT:155786: ssthresh:2147483647: cwnd:10: delivered:1: lost:0: retrans:0
[  245.766468] AAAAA-TCP_SEND: name:enp0s3: saddr:33561200: daddr:100932208: srtt_us:1246288: RTT:155786: ssthresh:2147483647: cwnd:10: delivered:1: lost:0: retrans:0
[  245.832078] AAAAA-TCP_RECV: name:enp0s3: saddr:100932208: daddr:33561200: srtt_us:1246288: RTT:155786: ssthresh:2147483647: cwnd:10: delivered:1: lost:0: retrans:0
[  245.832107] AAAAA-TCP_SEND: name:enp0s3: saddr:33561200: daddr:100932208: srtt_us:1246288: RTT:155786: ssthresh:2147483647: cwnd:10: delivered:1: lost:0: retrans:0
[  245.912282] AAAAA-TCP_RECV: name:enp0s3: saddr:100932208: daddr:33561200: srtt_us:1246288: RTT:155786: ssthresh:2147483647: cwnd:10: delivered:1: lost:0: retrans:0
[  245.912316] AAAAA-TCP_SEND: name:enp0s3: saddr:33561200: daddr:100932208: srtt_us:1246288: RTT:155786: ssthresh:2147483647: cwnd:10: delivered:1: lost:0: retrans:0
[  245.977800] AAAAA-TCP_RECV: name:enp0s3: saddr:100932208: daddr:33561200: srtt_us:1246288: RTT:155786: ssthresh:2147483647: cwnd:10: delivered:1: lost:0: retrans:0
[  245.977829] AAAAA-TCP_SEND: name:enp0s3: saddr:33561200: daddr:100932208: srtt_us:1246288: RTT:155786: ssthresh:2147483647: cwnd:10: delivered:1: lost:0: retrans:0
[  246.072775] AAAAA-TCP_RECV: name:enp0s3: saddr:100932208: daddr:33561200: srtt_us:1246288: RTT:155786: ssthresh:2147483647: cwnd:10: delivered:1: lost:0: retrans:0
[  246.072802] AAAAA-TCP_SEND: name:enp0s3: saddr:33561200: daddr:100932208: srtt_us:1246288: RTT:155786: ssthresh:2147483647: cwnd:10: delivered:1: lost:0: retrans:0
[  246.176404] AAAAA-TCP_RECV: name:enp0s3: saddr:100932208: daddr:33561200: srtt_us:1246288: RTT:155786: ssthresh:2147483647: cwnd:10: delivered:1: lost:0: retrans:0
[  246.176437] AAAAA-TCP_SEND: name:enp0s3: saddr:33561200: daddr:100932208: srtt_us:1246288: RTT:155786: ssthresh:2147483647: cwnd:10: delivered:1: lost:0: retrans:0
[  246.249674] AAAAA-TCP_RECV: name:enp0s3: saddr:100932208: daddr:33561200: srtt_us:1246288: RTT:155786: ssthresh:2147483647: cwnd:10: delivered:1: lost:0: retrans:0
[  246.249711] AAAAA-TCP_SEND: name:enp0s3: saddr:33561200: daddr:100932208: srtt_us:1246288: RTT:155786: ssthresh:2147483647: cwnd:10: delivered:1: lost:0: retrans:0
[  246.376806] AAAAA-TCP_RECV: name:enp0s3: saddr:100932208: daddr:33561200: srtt_us:1246288: RTT:155786: ssthresh:2147483647: cwnd:10: delivered:1: lost:0: retrans:0
[  246.376836] AAAAA-TCP_SEND: name:enp0s3: saddr:33561200: daddr:100932208: srtt_us:1246288: RTT:155786: ssthresh:2147483647: cwnd:10: delivered:1: lost:0: retrans:0
[  246.450295] AAAAA-TCP_RECV: name:enp0s3: saddr:100932208: daddr:33561200: srtt_us:1246288: RTT:155786: ssthresh:2147483647: cwnd:10: delivered:1: lost:0: retrans:0
[  246.450325] AAAAA-TCP_SEND: name:enp0s3: saddr:33561200: daddr:100932208: srtt_us:1246288: RTT:155786: ssthresh:2147483647: cwnd:10: delivered:1: lost:0: retrans:0
[  246.543383] AAAAA-TCP_RECV: name:enp0s3: saddr:100932208: daddr:16783984: srtt_us:5160736: RTT:645092: ssthresh:2147483647: cwnd:10: delivered:1: lost:0: retrans:0
[  246.589212] AAAAA-TCP_RECV: name:enp0s3: saddr:100932208: daddr:16783984: srtt_us:5160736: RTT:645092: ssthresh:2147483647: cwnd:10: delivered:1: lost:0: retrans:0
[  246.589241] AAAAA-TCP_SEND: name:enp0s3: saddr:16783984: daddr:100932208: srtt_us:5160736: RTT:645092: ssthresh:2147483647: cwnd:10: delivered:1: lost:0: retrans:0
[  246.678694] AAAAA-TCP_RECV: name:enp0s3: saddr:100932208: daddr:16783984: srtt_us:5160736: RTT:645092: ssthresh:2147483647: cwnd:10: delivered:1: lost:0: retrans:0
[  246.745237] AAAAA-TCP_RECV: name:enp0s3: saddr:100932208: daddr:16783984: srtt_us:5160736: RTT:645092: ssthresh:2147483647: cwnd:10: delivered:1: lost:0: retrans:0
[  246.745268] AAAAA-TCP_SEND: name:enp0s3: saddr:16783984: daddr:100932208: srtt_us:5160736: RTT:645092: ssthresh:2147483647: cwnd:10: delivered:1: lost:0: retrans:0
[  246.783708] AAAAA-TCP_RECV: name:enp0s3: saddr:100932208: daddr:16783984: srtt_us:5160736: RTT:645092: ssthresh:2147483647: cwnd:10: delivered:1: lost:0: retrans:0
[  246.846826] AAAAA-TCP_RECV: name:enp0s3: saddr:100932208: daddr:16783984: srtt_us:5160736: RTT:645092: ssthresh:2147483647: cwnd:10: delivered:1: lost:0: retrans:0
[  246.846856] AAAAA-TCP_SEND: name:enp0s3: saddr:16783984: daddr:100932208: srtt_us:5160736: RTT:645092: ssthresh:2147483647: cwnd:10: delivered:1: lost:0: retrans:0
[  246.958981] AAAAA-TCP_RECV: name:enp0s3: saddr:100932208: daddr:16783984: srtt_us:5160736: RTT:645092: ssthresh:2147483647: cwnd:10: delivered:1: lost:0: retrans:0
[  247.029571] AAAAA-TCP_RECV: name:enp0s3: saddr:100932208: daddr:16783984: srtt_us:5160736: RTT:645092: ssthresh:2147483647: cwnd:10: delivered:1: lost:0: retrans:0
[  247.029601] AAAAA-TCP_SEND: name:enp0s3: saddr:16783984: daddr:100932208: srtt_us:5160736: RTT:645092: ssthresh:2147483647: cwnd:10: delivered:1: lost:0: retrans:0
[  247.103534] AAAAA-TCP_RECV: name:enp0s3: saddr:100932208: daddr:16783984: srtt_us:5160736: RTT:645092: ssthresh:2147483647: cwnd:10: delivered:1: lost:0: retrans:0
[  247.134471] AAAAA-TCP_RECV: name:enp0s3: saddr:100932208: daddr:16783984: srtt_us:5160736: RTT:645092: ssthresh:2147483647: cwnd:10: delivered:1: lost:0: retrans:0
[  247.134498] AAAAA-TCP_SEND: name:enp0s3: saddr:16783984: daddr:100932208: srtt_us:5160736: RTT:645092: ssthresh:2147483647: cwnd:10: delivered:1: lost:0: retrans:0
[  247.213498] AAAAA-TCP_RECV: name:enp0s3: saddr:100932208: daddr:16783984: srtt_us:5160736: RTT:645092: ssthresh:2147483647: cwnd:10: delivered:1: lost:0: retrans:0
[  247.265975] AAAAA-TCP_RECV: name:enp0s3: saddr:100932208: daddr:16783984: srtt_us:5160736: RTT:645092: ssthresh:2147483647: cwnd:10: delivered:1: lost:0: retrans:0
[  247.266006] AAAAA-TCP_SEND: name:enp0s3: saddr:16783984: daddr:100932208: srtt_us:5160736: RTT:645092: ssthresh:2147483647: cwnd:10: delivered:1: lost:0: retrans:0
[  247.356093] AAAAA-TCP_RECV: name:enp0s3: saddr:100932208: daddr:33561200: srtt_us:1246288: RTT:155786: ssthresh:2147483647: cwnd:10: delivered:1: lost:0: retrans:0
[  247.356124] AAAAA-TCP_SEND: name:enp0s3: saddr:33561200: daddr:100932208: srtt_us:1246288: RTT:155786: ssthresh:2147483647: cwnd:10: delivered:1: lost:0: retrans:0
[  247.436554] AAAAA-TCP_RECV: name:enp0s3: saddr:100932208: daddr:33561200: srtt_us:1246288: RTT:155786: ssthresh:2147483647: cwnd:10: delivered:1: lost:0: retrans:0
[  247.436584] AAAAA-TCP_SEND: name:enp0s3: saddr:33561200: daddr:100932208: srtt_us:1246288: RTT:155786: ssthresh:2147483647: cwnd:10: delivered:1: lost:0: retrans:0
[  247.546158] AAAAA-TCP_RECV: name:enp0s3: saddr:100932208: daddr:33561200: srtt_us:1246288: RTT:155786: ssthresh:2147483647: cwnd:10: delivered:1: lost:0: retrans:0
[  247.547211] AAAAA-TCP_SEND: name:enp0s3: saddr:33561200: daddr:100932208: srtt_us:1246288: RTT:155786: ssthresh:2147483647: cwnd:10: delivered:1: lost:0: retrans:0
[  247.608211] AAAAA-TCP_RECV: name:enp0s3: saddr:100932208: daddr:33561200: srtt_us:1246288: RTT:155786: ssthresh:2147483647: cwnd:10: delivered:1: lost:0: retrans:0
[  247.609270] AAAAA-TCP_SEND: name:enp0s3: saddr:33561200: daddr:100932208: srtt_us:1246288: RTT:155786: ssthresh:2147483647: cwnd:10: delivered:1: lost:0: retrans:0
[  247.689552] AAAAA-TCP_RECV: name:enp0s3: saddr:100932208: daddr:16783984: srtt_us:5160736: RTT:645092: ssthresh:2147483647: cwnd:10: delivered:1: lost:0: retrans:0
[  247.739631] AAAAA-TCP_RECV: name:enp0s3: saddr:100932208: daddr:16783984: srtt_us:5160736: RTT:645092: ssthresh:2147483647: cwnd:10: delivered:1: lost:0: retrans:0
[  247.739659] AAAAA-TCP_SEND: name:enp0s3: saddr:16783984: daddr:100932208: srtt_us:5160736: RTT:645092: ssthresh:2147483647: cwnd:10: delivered:1: lost:0: retrans:0
[  247.838983] AAAAA-TCP_RECV: name:enp0s3: saddr:100932208: daddr:16783984: srtt_us:5160736: RTT:645092: ssthresh:2147483647: cwnd:10: delivered:1: lost:0: retrans:0
[  247.874311] AAAAA-TCP_RECV: name:enp0s3: saddr:100932208: daddr:16783984: srtt_us:5160736: RTT:645092: ssthresh:2147483647: cwnd:10: delivered:1: lost:0: retrans:0
[  247.874338] AAAAA-TCP_SEND: name:enp0s3: saddr:16783984: daddr:100932208: srtt_us:5160736: RTT:645092: ssthresh:2147483647: cwnd:10: delivered:1: lost:0: retrans:0
[  247.946692] AAAAA-TCP_RECV: name:enp0s3: saddr:100932208: daddr:33561200: srtt_us:1246288: RTT:155786: ssthresh:2147483647: cwnd:10: delivered:1: lost:0: retrans:0
[  247.947744] AAAAA-TCP_SEND: name:enp0s3: saddr:33561200: daddr:100932208: srtt_us:1246288: RTT:155786: ssthresh:2147483647: cwnd:10: delivered:1: lost:0: retrans:0
[  248.006093] AAAAA-TCP_RECV: name:enp0s3: saddr:100932208: daddr:33561200: srtt_us:1246288: RTT:155786: ssthresh:2147483647: cwnd:10: delivered:1: lost:0: retrans:0
[  248.007139] AAAAA-TCP_SEND: name:enp0s3: saddr:33561200: daddr:100932208: srtt_us:1246288: RTT:155786: ssthresh:2147483647: cwnd:10: delivered:1: lost:0: retrans:0
[  248.059263] AAAAA-TCP_RECV: name:enp0s3: saddr:100932208: daddr:33561200: srtt_us:1246288: RTT:155786: ssthresh:2147483647: cwnd:10: delivered:1: lost:0: retrans:0
[  248.060318] AAAAA-TCP_SEND: name:enp0s3: saddr:33561200: daddr:100932208: srtt_us:1246288: RTT:155786: ssthresh:2147483647: cwnd:10: delivered:1: lost:0: retrans:0
[  248.121503] AAAAA-TCP_RECV: name:enp0s3: saddr:100932208: daddr:33561200: srtt_us:1246288: RTT:155786: ssthresh:2147483647: cwnd:10: delivered:1: lost:0: retrans:0
[  248.122556] AAAAA-TCP_SEND: name:enp0s3: saddr:33561200: daddr:100932208: srtt_us:1246288: RTT:155786: ssthresh:2147483647: cwnd:10: delivered:1: lost:0: retrans:0
[  248.234123] AAAAA-TCP_RECV: name:enp0s3: saddr:100932208: daddr:33561200: srtt_us:1246288: RTT:155786: ssthresh:2147483647: cwnd:10: delivered:1: lost:0: retrans:0
[  248.235181] AAAAA-TCP_SEND: name:enp0s3: saddr:33561200: daddr:100932208: srtt_us:1246288: RTT:155786: ssthresh:2147483647: cwnd:10: delivered:1: lost:0: retrans:0
[  248.335042] AAAAA-TCP_RECV: name:enp0s3: saddr:100932208: daddr:33561200: srtt_us:1246288: RTT:155786: ssthresh:2147483647: cwnd:10: delivered:1: lost:0: retrans:0
[  248.336122] AAAAA-TCP_SEND: name:enp0s3: saddr:33561200: daddr:100932208: srtt_us:1246288: RTT:155786: ssthresh:2147483647: cwnd:10: delivered:1: lost:0: retrans:0
[  248.410322] AAAAA-TCP_RECV: name:enp0s3: saddr:100932208: daddr:16783984: srtt_us:5160736: RTT:645092: ssthresh:2147483647: cwnd:10: delivered:1: lost:0: retrans:0
[  248.473989] AAAAA-TCP_RECV: name:enp0s3: saddr:100932208: daddr:16783984: srtt_us:5160736: RTT:645092: ssthresh:2147483647: cwnd:10: delivered:1: lost:0: retrans:0
[  248.474018] AAAAA-TCP_SEND: name:enp0s3: saddr:16783984: daddr:100932208: srtt_us:5160736: RTT:645092: ssthresh:2147483647: cwnd:10: delivered:1: lost:0: retrans:0
[  248.561777] AAAAA-TCP_RECV: name:enp0s3: saddr:100932208: daddr:16783984: srtt_us:5160736: RTT:645092: ssthresh:2147483647: cwnd:10: delivered:1: lost:0: retrans:0
[  248.623414] AAAAA-TCP_RECV: name:enp0s3: saddr:100932208: daddr:16783984: srtt_us:5160736: RTT:645092: ssthresh:2147483647: cwnd:10: delivered:1: lost:0: retrans:0
[  248.623453] AAAAA-TCP_SEND: name:enp0s3: saddr:16783984: daddr:100932208: srtt_us:5160736: RTT:645092: ssthresh:2147483647: cwnd:10: delivered:1: lost:0: retrans:0
[  248.713202] AAAAA-TCP_RECV: name:enp0s3: saddr:100932208: daddr:16783984: srtt_us:5160736: RTT:645092: ssthresh:2147483647: cwnd:10: delivered:1: lost:0: retrans:0
[  248.732715] AAAAA-TCP_RECV: name:enp0s3: saddr:100932208: daddr:33561200: srtt_us:1246288: RTT:155786: ssthresh:2147483647: cwnd:10: delivered:1: lost:0: retrans:0
[  248.733790] AAAAA-TCP_SEND: name:enp0s3: saddr:33561200: daddr:100932208: srtt_us:1246288: RTT:155786: ssthresh:2147483647: cwnd:10: delivered:1: lost:0: retrans:0
[  248.797220] AAAAA-TCP_RECV: name:enp0s3: saddr:100932208: daddr:33561200: srtt_us:1246288: RTT:155786: ssthresh:2147483647: cwnd:10: delivered:1: lost:0: retrans:0
[  248.798278] AAAAA-TCP_SEND: name:enp0s3: saddr:33561200: daddr:100932208: srtt_us:1246288: RTT:155786: ssthresh:2147483647: cwnd:10: delivered:1: lost:0: retrans:0
[  248.826229] AAAAA-TCP_RECV: name:enp0s3: saddr:100932208: daddr:33561200: srtt_us:1246288: RTT:155786: ssthresh:2147483647: cwnd:10: delivered:1: lost:0: retrans:0
[  248.827278] AAAAA-TCP_SEND: name:enp0s3: saddr:33561200: daddr:100932208: srtt_us:1246288: RTT:155786: ssthresh:2147483647: cwnd:10: delivered:1: lost:0: retrans:0
[  248.871063] AAAAA-TCP_SEND: name:enp0s3: saddr:16783984: daddr:100932208: srtt_us:5160736: RTT:645092: ssthresh:2147483647: cwnd:10: delivered:1: lost:0: retrans:0
[  248.896165] AAAAA-TCP_RECV: name:enp0s3: saddr:100932208: daddr:33561200: srtt_us:1246288: RTT:155786: ssthresh:2147483647: cwnd:10: delivered:1: lost:0: retrans:0
[  248.897307] AAAAA-TCP_SEND: name:enp0s3: saddr:33561200: daddr:100932208: srtt_us:1246288: RTT:155786: ssthresh:2147483647: cwnd:10: delivered:1: lost:0: retrans:0
[  248.929041] AAAAA-TCP_RECV: name:enp0s3: saddr:100932208: daddr:33561200: srtt_us:1246288: RTT:155786: ssthresh:2147483647: cwnd:10: delivered:1: lost:0: retrans:0
[  248.930203] AAAAA-TCP_SEND: name:enp0s3: saddr:33561200: daddr:100932208: srtt_us:1246288: RTT:155786: ssthresh:2147483647: cwnd:10: delivered:1: lost:0: retrans:0
[  248.988786] AAAAA-TCP_RECV: name:enp0s3: saddr:100932208: daddr:33561200: srtt_us:1246288: RTT:155786: ssthresh:2147483647: cwnd:10: delivered:1: lost:0: retrans:0
[  248.989912] AAAAA-TCP_SEND: name:enp0s3: saddr:33561200: daddr:100932208: srtt_us:1246288: RTT:155786: ssthresh:2147483647: cwnd:10: delivered:1: lost:0: retrans:0
[  249.105306] AAAAA-TCP_RECV: name:enp0s3: saddr:100932208: daddr:16783984: srtt_us:5160736: RTT:645092: ssthresh:2147483647: cwnd:10: delivered:1: lost:0: retrans:0
[  249.197601] AAAAA-TCP_RECV: name:enp0s3: saddr:100932208: daddr:16783984: srtt_us:5160736: RTT:645092: ssthresh:2147483647: cwnd:10: delivered:1: lost:0: retrans:0
[  249.197635] AAAAA-TCP_SEND: name:enp0s3: saddr:16783984: daddr:100932208: srtt_us:5160736: RTT:645092: ssthresh:2147483647: cwnd:10: delivered:1: lost:0: retrans:0
[  249.333333] AAAAA-TCP_RECV: name:enp0s3: saddr:100932208: daddr:16783984: srtt_us:5160736: RTT:645092: ssthresh:2147483647: cwnd:10: delivered:1: lost:0: retrans:0
[  249.419434] AAAAA-TCP_RECV: name:enp0s3: saddr:100932208: daddr:16783984: srtt_us:5160736: RTT:645092: ssthresh:2147483647: cwnd:10: delivered:1: lost:0: retrans:0
[  249.419461] AAAAA-TCP_SEND: name:enp0s3: saddr:16783984: daddr:100932208: srtt_us:5160736: RTT:645092: ssthresh:2147483647: cwnd:10: delivered:1: lost:0: retrans:0
[  249.514311] AAAAA-TCP_RECV: name:enp0s3: saddr:100932208: daddr:16783984: srtt_us:5160736: RTT:645092: ssthresh:2147483647: cwnd:10: delivered:1: lost:0: retrans:0
[  249.689775] AAAAA-TCP_RECV: name:enp0s3: saddr:100932208: daddr:16783984: srtt_us:5160736: RTT:645092: ssthresh:2147483647: cwnd:10: delivered:1: lost:0: retrans:0
[  249.689811] AAAAA-TCP_SEND: name:enp0s3: saddr:16783984: daddr:100932208: srtt_us:5160736: RTT:645092: ssthresh:2147483647: cwnd:10: delivered:1: lost:0: retrans:0
[  249.824965] AAAAA-TCP_RECV: name:enp0s3: saddr:100932208: daddr:33561200: srtt_us:1246288: RTT:155786: ssthresh:2147483647: cwnd:10: delivered:1: lost:0: retrans:0
[  249.826041] AAAAA-TCP_SEND: name:enp0s3: saddr:33561200: daddr:100932208: srtt_us:1246288: RTT:155786: ssthresh:2147483647: cwnd:10: delivered:1: lost:0: retrans:0
[  249.930435] AAAAA-TCP_RECV: name:enp0s3: saddr:100932208: daddr:33561200: srtt_us:1246288: RTT:155786: ssthresh:2147483647: cwnd:10: delivered:1: lost:0: retrans:0
[  249.930470] AAAAA-TCP_SEND: name:enp0s3: saddr:33561200: daddr:100932208: srtt_us:1246288: RTT:155786: ssthresh:2147483647: cwnd:10: delivered:1: lost:0: retrans:0
[  250.025022] AAAAA-TCP_RECV: name:enp0s3: saddr:100932208: daddr:33561200: srtt_us:1246288: RTT:155786: ssthresh:2147483647: cwnd:10: delivered:1: lost:0: retrans:0
[  250.025051] AAAAA-TCP_SEND: name:enp0s3: saddr:33561200: daddr:100932208: srtt_us:1246288: RTT:155786: ssthresh:2147483647: cwnd:10: delivered:1: lost:0: retrans:0
[  250.065468] AAAAA-TCP_RECV: name:enp0s3: saddr:100932208: daddr:33561200: srtt_us:1246288: RTT:155786: ssthresh:2147483647: cwnd:10: delivered:1: lost:0: retrans:0
[  250.065494] AAAAA-TCP_SEND: name:enp0s3: saddr:33561200: daddr:100932208: srtt_us:1246288: RTT:155786: ssthresh:2147483647: cwnd:10: delivered:1: lost:0: retrans:0
[  250.192445] AAAAA-TCP_RECV: name:enp0s3: saddr:100932208: daddr:33561200: srtt_us:1246288: RTT:155786: ssthresh:2147483647: cwnd:10: delivered:1: lost:0: retrans:0
[  250.192488] AAAAA-TCP_SEND: name:enp0s3: saddr:33561200: daddr:100932208: srtt_us:1246288: RTT:155786: ssthresh:2147483647: cwnd:10: delivered:1: lost:0: retrans:0
[  250.338747] AAAAA-TCP_RECV: name:enp0s3: saddr:100932208: daddr:33561200: srtt_us:1246288: RTT:155786: ssthresh:2147483647: cwnd:10: delivered:1: lost:0: retrans:0
[  250.338784] AAAAA-TCP_SEND: name:enp0s3: saddr:33561200: daddr:100932208: srtt_us:1246288: RTT:155786: ssthresh:2147483647: cwnd:10: delivered:1: lost:0: retrans:0
[  250.450592] AAAAA-TCP_RECV: name:enp0s3: saddr:100932208: daddr:16783984: srtt_us:5160736: RTT:645092: ssthresh:2147483647: cwnd:10: delivered:1: lost:0: retrans:0
[  250.532145] AAAAA-TCP_RECV: name:enp0s3: saddr:100932208: daddr:16783984: srtt_us:5160736: RTT:645092: ssthresh:2147483647: cwnd:10: delivered:1: lost:0: retrans:0
[  250.532183] AAAAA-TCP_SEND: name:enp0s3: saddr:16783984: daddr:100932208: srtt_us:5160736: RTT:645092: ssthresh:2147483647: cwnd:10: delivered:1: lost:0: retrans:0
[  250.664545] AAAAA-TCP_RECV: name:enp0s3: saddr:100932208: daddr:16783984: srtt_us:5160736: RTT:645092: ssthresh:2147483647: cwnd:10: delivered:1: lost:0: retrans:0
[  250.664578] AAAAA-TCP_SEND: name:enp0s3: saddr:16783984: daddr:100932208: srtt_us:5160736: RTT:645092: ssthresh:2147483647: cwnd:10: delivered:1: lost:0: retrans:0
[  250.857018] AAAAA-TCP_RECV: name:enp0s3: saddr:100932208: daddr:33561200: srtt_us:1246288: RTT:155786: ssthresh:2147483647: cwnd:10: delivered:1: lost:0: retrans:0
[  250.857058] AAAAA-TCP_SEND: name:enp0s3: saddr:33561200: daddr:100932208: srtt_us:1246288: RTT:155786: ssthresh:2147483647: cwnd:10: delivered:1: lost:0: retrans:0
[  251.048930] AAAAA-TCP_RECV: name:enp0s3: saddr:100932208: daddr:33561200: srtt_us:1246288: RTT:155786: ssthresh:2147483647: cwnd:10: delivered:1: lost:0: retrans:0
[  251.049028] AAAAA-TCP_SEND: name:enp0s3: saddr:33561200: daddr:100932208: srtt_us:1246288: RTT:155786: ssthresh:2147483647: cwnd:10: delivered:1: lost:0: retrans:0
[  251.336934] AAAAA-TCP_RECV: name:enp0s3: saddr:100932208: daddr:16783984: srtt_us:5160736: RTT:645092: ssthresh:2147483647: cwnd:10: delivered:1: lost:0: retrans:0
[  251.336980] AAAAA-TCP_SEND: name:enp0s3: saddr:16783984: daddr:100932208: srtt_us:5160736: RTT:645092: ssthresh:2147483647: cwnd:10: delivered:1: lost:0: retrans:0
[  251.539803] AAAAA-TCP_RECV: name:enp0s3: saddr:100932208: daddr:16783984: srtt_us:5160736: RTT:645092: ssthresh:2147483647: cwnd:10: delivered:1: lost:0: retrans:0
[  251.539888] AAAAA-TCP_SEND: name:enp0s3: saddr:16783984: daddr:100932208: srtt_us:5160736: RTT:645092: ssthresh:2147483647: cwnd:10: delivered:1: lost:0: retrans:0
[  251.789483] AAAAA-TCP_RECV: name:enp0s3: saddr:100932208: daddr:16783984: srtt_us:5160736: RTT:645092: ssthresh:2147483647: cwnd:10: delivered:1: lost:0: retrans:0
[  251.789524] AAAAA-TCP_SEND: name:enp0s3: saddr:16783984: daddr:100932208: srtt_us:5160736: RTT:645092: ssthresh:2147483647: cwnd:10: delivered:1: lost:0: retrans:0
[  251.838935] AAAAA-TCP_RECV: name:enp0s3: saddr:100932208: daddr:16783984: srtt_us:5160736: RTT:645092: ssthresh:2147483647: cwnd:10: delivered:1: lost:0: retrans:0
[  251.838968] AAAAA-TCP_SEND: name:enp0s3: saddr:16783984: daddr:100932208: srtt_us:5160736: RTT:645092: ssthresh:2147483647: cwnd:10: delivered:1: lost:0: retrans:0
[  252.004723] AAAAA-TCP_RECV: name:enp0s3: saddr:100932208: daddr:16783984: srtt_us:5160736: RTT:645092: ssthresh:2147483647: cwnd:10: delivered:1: lost:0: retrans:0
