[    0.000000] Linux version 5.4.243-mptcp (root@ztg) (gcc version 12.2.0 (Debian 12.2.0-14+deb12u1)) #53 SMP Wed Dec 24 23:28:15 CST 2025
[    0.000000] Command line: BOOT_IMAGE=/boot/vmlinuz-5.4.243-mptcp root=UUID=98415a12-53b7-4144-8265-0f7ece09e445 ro quiet splash
[    0.000000] KERNEL supported cpus:
[    0.000000]   Intel GenuineIntel
[    0.000000]   AMD AuthenticAMD
[    0.000000]   Hygon HygonGenuine
[    0.000000]   Centaur CentaurHauls
[    0.000000]   zhaoxin   Shanghai  
[    0.000000] x86/fpu: Supporting XSAVE feature 0x001: 'x87 floating point registers'
[    0.000000] x86/fpu: Supporting XSAVE feature 0x002: 'SSE registers'
[    0.000000] x86/fpu: Supporting XSAVE feature 0x004: 'AVX registers'
[    0.000000] x86/fpu: xstate_offset[2]:  576, xstate_sizes[2]:  256
[    0.000000] x86/fpu: Enabled xstate features 0x7, context size is 832 bytes, using 'standard' format.
[    0.000000] BIOS-provided physical RAM map:
[    0.000000] BIOS-e820: [mem 0x0000000000000000-0x000000000009fbff] usable
[    0.000000] BIOS-e820: [mem 0x000000000009fc00-0x000000000009ffff] reserved
[    0.000000] BIOS-e820: [mem 0x00000000000f0000-0x00000000000fffff] reserved
[    0.000000] BIOS-e820: [mem 0x0000000000100000-0x000000007ffeffff] usable
[    0.000000] BIOS-e820: [mem 0x000000007fff0000-0x000000007fffffff] ACPI data
[    0.000000] BIOS-e820: [mem 0x00000000fec00000-0x00000000fec00fff] reserved
[    0.000000] BIOS-e820: [mem 0x00000000fee00000-0x00000000fee00fff] reserved
[    0.000000] BIOS-e820: [mem 0x00000000fffc0000-0x00000000ffffffff] reserved
[    0.000000] NX (Execute Disable) protection: active
[    0.000000] SMBIOS 2.5 present.
[    0.000000] DMI: innotek GmbH VirtualBox/VirtualBox, BIOS VirtualBox 12/01/2006
[    0.000000] Hypervisor detected: KVM
[    0.000000] kvm-clock: Using msrs 4b564d01 and 4b564d00
[    0.000000] kvm-clock: cpu 0, msr 26401001, primary cpu clock
[    0.000000] kvm-clock: using sched offset of 4469012676 cycles
[    0.000003] clocksource: kvm-clock: mask: 0xffffffffffffffff max_cycles: 0x1cd42e4dffb, max_idle_ns: 881590591483 ns
[    0.000005] tsc: Detected 2100.000 MHz processor
[    0.001888] e820: update [mem 0x00000000-0x00000fff] usable ==> reserved
[    0.001890] e820: remove [mem 0x000a0000-0x000fffff] usable
[    0.001894] last_pfn = 0x7fff0 max_arch_pfn = 0x400000000
[    0.001963] MTRR default type: uncachable
[    0.001964] MTRR fixed ranges enabled:
[    0.001965]   00000-9FFFF write-back
[    0.001966]   A0000-BFFFF uncachable
[    0.001967]   C0000-FFFFF write-protect
[    0.001967] MTRR variable ranges enabled:
[    0.001969]   0 base 000000000000 mask 3FFF80000000 write-back
[    0.001969]   1 disabled
[    0.001970]   2 disabled
[    0.001970]   3 disabled
[    0.001971]   4 disabled
[    0.001971]   5 disabled
[    0.001971]   6 disabled
[    0.001972]   7 disabled
[    0.001972]   8 disabled
[    0.001973]   9 disabled
[    0.001973]   10 disabled
[    0.001974]   11 disabled
[    0.001974]   12 disabled
[    0.001974]   13 disabled
[    0.001975]   14 disabled
[    0.001975]   15 disabled
[    0.001991] x86/PAT: Configuration [0-7]: WB  WC  UC- UC  WB  WP  UC- WT  
[    0.002126] found SMP MP-table at [mem 0x0009fff0-0x0009ffff]
[    0.092788] check: Scanning 1 areas for low memory corruption
[    0.093060] RAMDISK: [mem 0x32271000-0x3512ffff]
[    0.093068] ACPI: Early table checksum verification disabled
[    0.093073] ACPI: RSDP 0x00000000000E0000 000024 (v02 VBOX  )
[    0.093078] ACPI: XSDT 0x000000007FFF0030 00003C (v01 VBOX   VBOXXSDT 00000001 ASL  00000061)
[    0.093084] ACPI: FACP 0x000000007FFF00F0 0000F4 (v04 VBOX   VBOXFACP 00000001 ASL  00000061)
[    0.093091] ACPI: DSDT 0x000000007FFF02E0 002353 (v02 VBOX   VBOXBIOS 00000002 VBOX 00029BF3)
[    0.093095] ACPI: FACS 0x000000007FFF0200 000040
[    0.093098] ACPI: FACS 0x000000007FFF0200 000040
[    0.093101] ACPI: APIC 0x000000007FFF0240 000054 (v02 VBOX   VBOXAPIC 00000001 ASL  00000061)
[    0.093105] ACPI: SSDT 0x000000007FFF02A0 000038 (v01 VBOX   VBOXCPUT 00000002 VBOX 00029BF3)
[    0.093108] ACPI: Reserving FACP table memory at [mem 0x7fff00f0-0x7fff01e3]
[    0.093109] ACPI: Reserving DSDT table memory at [mem 0x7fff02e0-0x7fff2632]
[    0.093110] ACPI: Reserving FACS table memory at [mem 0x7fff0200-0x7fff023f]
[    0.093111] ACPI: Reserving FACS table memory at [mem 0x7fff0200-0x7fff023f]
[    0.093111] ACPI: Reserving APIC table memory at [mem 0x7fff0240-0x7fff0293]
[    0.093112] ACPI: Reserving SSDT table memory at [mem 0x7fff02a0-0x7fff02d7]
[    0.093126] ACPI: Local APIC address 0xfee00000
[    0.093319] No NUMA configuration found
[    0.093320] Faking a node at [mem 0x0000000000000000-0x000000007ffeffff]
[    0.093330] NODE_DATA(0) allocated [mem 0x7ffc5000-0x7ffeffff]
[    0.093611] Zone ranges:
[    0.093612]   DMA      [mem 0x0000000000001000-0x0000000000ffffff]
[    0.093613]   DMA32    [mem 0x0000000001000000-0x000000007ffeffff]
[    0.093614]   Normal   empty
[    0.093615]   Device   empty
[    0.093616] Movable zone start for each node
[    0.093617] Early memory node ranges
[    0.093618]   node   0: [mem 0x0000000000001000-0x000000000009efff]
[    0.093619]   node   0: [mem 0x0000000000100000-0x000000007ffeffff]
[    0.093622] Zeroed struct page in unavailable ranges: 114 pages
[    0.093623] Initmem setup node 0 [mem 0x0000000000001000-0x000000007ffeffff]
[    0.093624] On node 0 totalpages: 524174
[    0.093625]   DMA zone: 64 pages used for memmap
[    0.093626]   DMA zone: 21 pages reserved
[    0.093627]   DMA zone: 3998 pages, LIFO batch:0
[    0.093698]   DMA32 zone: 8128 pages used for memmap
[    0.093698]   DMA32 zone: 520176 pages, LIFO batch:63
[    0.102769] ACPI: PM-Timer IO Port: 0x4008
[    0.102774] ACPI: Local APIC address 0xfee00000
[    0.102848] IOAPIC[0]: apic_id 1, version 32, address 0xfec00000, GSI 0-23
[    0.102852] ACPI: INT_SRC_OVR (bus 0 bus_irq 0 global_irq 2 dfl dfl)
[    0.102854] ACPI: INT_SRC_OVR (bus 0 bus_irq 9 global_irq 9 low level)
[    0.102856] ACPI: IRQ0 used by override.
[    0.102857] ACPI: IRQ9 used by override.
[    0.102860] Using ACPI (MADT) for SMP configuration information
[    0.102867] smpboot: Allowing 1 CPUs, 0 hotplug CPUs
[    0.102891] PM: Registered nosave memory: [mem 0x00000000-0x00000fff]
[    0.102892] PM: Registered nosave memory: [mem 0x0009f000-0x0009ffff]
[    0.102893] PM: Registered nosave memory: [mem 0x000a0000-0x000effff]
[    0.102894] PM: Registered nosave memory: [mem 0x000f0000-0x000fffff]
[    0.102896] [mem 0x80000000-0xfebfffff] available for PCI devices
[    0.102896] Booting paravirtualized kernel on KVM
[    0.102899] clocksource: refined-jiffies: mask: 0xffffffff max_cycles: 0xffffffff, max_idle_ns: 7645519600211568 ns
[    0.102905] setup_percpu: NR_CPUS:8192 nr_cpumask_bits:1 nr_cpu_ids:1 nr_node_ids:1
[    0.103937] percpu: Embedded 60 pages/cpu s208896 r8192 d28672 u2097152
[    0.103942] pcpu-alloc: s208896 r8192 d28672 u2097152 alloc=1*2097152
[    0.103943] pcpu-alloc: [0] 0 
[    0.103970] Built 1 zonelists, mobility grouping on.  Total pages: 515961
[    0.103971] Policy zone: DMA32
[    0.103972] Kernel command line: BOOT_IMAGE=/boot/vmlinuz-5.4.243-mptcp root=UUID=98415a12-53b7-4144-8265-0f7ece09e445 ro quiet splash
[    0.104864] Dentry cache hash table entries: 262144 (order: 9, 2097152 bytes, linear)
[    0.105139] Inode-cache hash table entries: 131072 (order: 8, 1048576 bytes, linear)
[    0.105193] mem auto-init: stack:off, heap alloc:on, heap free:off
[    0.105196] Calgary: detecting Calgary via BIOS EBDA area
[    0.105197] Calgary: Unable to locate Rio Grande table in EBDA - bailing!
[    0.109542] Memory: 1967332K/2096696K available (14339K kernel code, 2398K rwdata, 4712K rodata, 2728K init, 17260K bss, 129364K reserved, 0K cma-reserved)
[    0.110489] SLUB: HWalign=64, Order=0-3, MinObjects=0, CPUs=1, Nodes=1
[    0.110506] ftrace: allocating 43186 entries in 169 pages
[    0.128534] rcu: Hierarchical RCU implementation.
[    0.128535] rcu: 	RCU restricting CPUs from NR_CPUS=8192 to nr_cpu_ids=1.
[    0.128536] 	Tasks RCU enabled.
[    0.128537] rcu: RCU calculated value of scheduler-enlistment delay is 25 jiffies.
[    0.128538] rcu: Adjusting geometry for rcu_fanout_leaf=16, nr_cpu_ids=1
[    0.131510] NR_IRQS: 524544, nr_irqs: 256, preallocated irqs: 16
[    0.131731] random: crng init done
[    0.141109] Console: colour VGA+ 80x25
[    0.141114] printk: console [tty0] enabled
[    0.141136] ACPI: Core revision 20190816
[    0.141258] APIC: Switch to symmetric I/O mode setup
[    0.142048] x2apic enabled
[    0.142810] Switched APIC routing to physical x2apic.
[    0.145444] ..TIMER: vector=0x30 apic1=0 pin1=2 apic2=-1 pin2=-1
[    0.145488] clocksource: tsc-early: mask: 0xffffffffffffffff max_cycles: 0x1e4530a99b6, max_idle_ns: 440795257976 ns
[    0.145492] Calibrating delay loop (skipped) preset value.. 4200.00 BogoMIPS (lpj=8400000)
[    0.145495] pid_max: default: 32768 minimum: 301
[    0.145524] LSM: Security Framework initializing
[    0.145534] Yama: becoming mindful.
[    0.145561] AppArmor: AppArmor initialized
[    0.145595] Mount-cache hash table entries: 4096 (order: 3, 32768 bytes, linear)
[    0.145599] Mountpoint-cache hash table entries: 4096 (order: 3, 32768 bytes, linear)
[    0.145609] *** VALIDATE tmpfs ***
[    0.145742] *** VALIDATE proc ***
[    0.145784] *** VALIDATE cgroup1 ***
[    0.145785] *** VALIDATE cgroup2 ***
[    0.145929] process: using mwait in idle threads
[    0.145934] Last level iTLB entries: 4KB 64, 2MB 8, 4MB 8
[    0.145935] Last level dTLB entries: 4KB 64, 2MB 0, 4MB 0, 1GB 4
[    0.145955] Spectre V1 : Mitigation: usercopy/swapgs barriers and __user pointer sanitization
[    0.145961] Spectre V2 : Mitigation: Retpolines
[    0.145961] Spectre V2 : Spectre v2 / SpectreRSB mitigation: Filling RSB on context switch
[    0.145962] Spectre V2 : Spectre v2 / SpectreRSB : Filling RSB on VMEXIT
[    0.145962] RETBleed: WARNING: Spectre v2 mitigation leaves CPU vulnerable to RETBleed attacks, data leaks possible!
[    0.146323] RETBleed: Vulnerable
[    0.146324] Speculative Store Bypass: Vulnerable
[    0.146328] TAA: Mitigation: TSX disabled
[    0.146329] MMIO Stale Data: Mitigation: Clear CPU buffers
[    0.150470] Freeing SMP alternatives memory: 40K
[    0.261821] smpboot: CPU0: Intel(R) Xeon(R) Silver 4216 CPU @ 2.10GHz (family: 0x6, model: 0x55, stepping: 0x7)
[    0.261944] Performance Events: unsupported p6 CPU model 85 no PMU driver, software events only.
[    0.261982] rcu: Hierarchical SRCU implementation.
[    0.262460] NMI watchdog: Perf NMI watchdog permanently disabled
[    0.262498] smp: Bringing up secondary CPUs ...
[    0.262499] smp: Brought up 1 node, 1 CPU
[    0.262500] smpboot: Max logical packages: 1
[    0.262501] smpboot: Total of 1 processors activated (4200.00 BogoMIPS)
[    0.263459] devtmpfs: initialized
[    0.263507] x86/mm: Memory block size: 128MB
[    0.263853] clocksource: jiffies: mask: 0xffffffff max_cycles: 0xffffffff, max_idle_ns: 7645041785100000 ns
[    0.263859] futex hash table entries: 256 (order: 2, 16384 bytes, linear)
[    0.263904] pinctrl core: initialized pinctrl subsystem
[    0.264006] PM: RTC time: 17:45:11, date: 2026-01-13
[    0.264112] NET: Registered protocol family 16
[    0.264187] audit: initializing netlink subsys (disabled)
[    0.264311] EISA bus registered
[    0.264312] cpuidle: using governor ladder
[    0.264313] cpuidle: using governor menu
[    0.264350] ACPI: bus type PCI registered
[    0.264351] acpiphp: ACPI Hot Plug PCI Controller Driver version: 0.5
[    0.264454] PCI: Using configuration type 1 for base access
[    0.265751] audit: type=2000 audit(1768297517.574:1): state=initialized audit_enabled=0 res=1
[    0.265832] HugeTLB registered 2.00 MiB page size, pre-allocated 0 pages
[    0.266655] ACPI: Added _OSI(Module Device)
[    0.266656] ACPI: Added _OSI(Processor Device)
[    0.266657] ACPI: Added _OSI(3.0 _SCP Extensions)
[    0.266657] ACPI: Added _OSI(Processor Aggregator Device)
[    0.266658] ACPI: Added _OSI(Linux-Dell-Video)
[    0.266659] ACPI: Added _OSI(Linux-Lenovo-NV-HDMI-Audio)
[    0.266660] ACPI: Added _OSI(Linux-HPI-Hybrid-Graphics)
[    0.268603] ACPI: 2 ACPI AML tables successfully acquired and loaded
[    0.270228] ACPI: Interpreter enabled
[    0.270237] ACPI: (supports S0 S5)
[    0.270239] ACPI: Using IOAPIC for interrupt routing
[    0.270445] PCI: Using host bridge windows from ACPI; if necessary, use "pci=nocrs" and report a bug
[    0.270552] ACPI: Enabled 2 GPEs in block 00 to 07
[    0.275337] ACPI: PCI Root Bridge [PCI0] (domain 0000 [bus 00-ff])
[    0.275342] acpi PNP0A03:00: _OSC: OS supports [ASPM ClockPM Segments MSI HPX-Type3]
[    0.275785] acpi PNP0A03:00: _OSC: not requesting OS control; OS requires [ExtendedConfig ASPM ClockPM MSI]
[    0.275792] acpi PNP0A03:00: fail to add MMCONFIG information, can't access extended PCI configuration space under this bridge.
[    0.276160] PCI host bridge to bus 0000:00
[    0.276162] pci_bus 0000:00: root bus resource [io  0x0000-0x0cf7 window]
[    0.276163] pci_bus 0000:00: root bus resource [io  0x0d00-0xffff window]
[    0.276164] pci_bus 0000:00: root bus resource [mem 0x000a0000-0x000bffff window]
[    0.276166] pci_bus 0000:00: root bus resource [mem 0x80000000-0xfdffffff window]
[    0.276167] pci_bus 0000:00: root bus resource [bus 00-ff]
[    0.276206] pci 0000:00:00.0: [8086:1237] type 00 class 0x060000
[    0.277144] pci 0000:00:01.0: [8086:7000] type 00 class 0x060100
[    0.277950] pci 0000:00:01.1: [8086:7111] type 00 class 0x01018a
[    0.278325] pci 0000:00:01.1: reg 0x20: [io  0xd000-0xd00f]
[    0.278478] pci 0000:00:01.1: legacy IDE quirk: reg 0x10: [io  0x01f0-0x01f7]
[    0.278479] pci 0000:00:01.1: legacy IDE quirk: reg 0x14: [io  0x03f6]
[    0.278480] pci 0000:00:01.1: legacy IDE quirk: reg 0x18: [io  0x0170-0x0177]
[    0.278481] pci 0000:00:01.1: legacy IDE quirk: reg 0x1c: [io  0x0376]
[    0.279013] pci 0000:00:02.0: [15ad:0405] type 00 class 0x030000
[    0.281573] pci 0000:00:02.0: reg 0x10: [io  0xd010-0xd01f]
[    0.284779] pci 0000:00:02.0: reg 0x14: [mem 0xe0000000-0xe7ffffff pref]
[    0.285489] pci 0000:00:02.0: reg 0x18: [mem 0xf0000000-0xf01fffff]
[    0.298281] pci 0000:00:03.0: [1022:2000] type 00 class 0x020000
[    0.298985] pci 0000:00:03.0: reg 0x10: [io  0xd020-0xd03f]
[    0.299611] pci 0000:00:03.0: reg 0x14: [mem 0xf0200000-0xf0200fff]
[    0.304551] pci 0000:00:04.0: [80ee:cafe] type 00 class 0x088000
[    0.305234] pci 0000:00:04.0: reg 0x10: [io  0xd040-0xd05f]
[    0.305604] pci 0000:00:04.0: reg 0x14: [mem 0xf0400000-0xf07fffff]
[    0.306210] pci 0000:00:04.0: reg 0x18: [mem 0xf0800000-0xf0803fff pref]
[    0.309533] pci 0000:00:07.0: [8086:7113] type 00 class 0x068000
[    0.310091] pci 0000:00:07.0: quirk: [io  0x4000-0x403f] claimed by PIIX4 ACPI
[    0.310101] pci 0000:00:07.0: quirk: [io  0x4100-0x410f] claimed by PIIX4 SMB
[    0.310717] pci 0000:00:08.0: [8086:100e] type 00 class 0x020000
[    0.311427] pci 0000:00:08.0: reg 0x10: [mem 0xf0820000-0xf083ffff]
[    0.312610] pci 0000:00:08.0: reg 0x18: [io  0xd060-0xd067]
[    0.316698] pci 0000:00:09.0: [8086:100e] type 00 class 0x020000
[    0.317415] pci 0000:00:09.0: reg 0x10: [mem 0xf0840000-0xf085ffff]
[    0.318170] pci 0000:00:09.0: reg 0x18: [io  0xd068-0xd06f]
[    0.326625] ACPI: PCI Interrupt Link [LNKA] (IRQs 5 9 10 *11)
[    0.329713] ACPI: PCI Interrupt Link [LNKB] (IRQs 5 9 *10 11)
[    0.329818] ACPI: PCI Interrupt Link [LNKC] (IRQs 5 *9 10 11)
[    0.329918] ACPI: PCI Interrupt Link [LNKD] (IRQs 5 9 10 *11)
[    0.330182] iommu: Default domain type: Translated 
[    0.330244] pci 0000:00:02.0: vgaarb: setting as boot VGA device
[    0.330246] pci 0000:00:02.0: vgaarb: VGA device added: decodes=io+mem,owns=io+mem,locks=none
[    0.330248] pci 0000:00:02.0: vgaarb: bridge control possible
[    0.330249] vgaarb: loaded
[    0.330464] SCSI subsystem initialized
[    0.330498] libata version 3.00 loaded.
[    0.330523] ACPI: bus type USB registered
[    0.330539] usbcore: registered new interface driver usbfs
[    0.330544] usbcore: registered new interface driver hub
[    0.330550] usbcore: registered new device driver usb
[    0.330577] pps_core: LinuxPPS API ver. 1 registered
[    0.330578] pps_core: Software ver. 5.3.6 - Copyright 2005-2007 Rodolfo Giometti <giometti@linux.it>
[    0.330580] PTP clock support registered
[    0.330615] EDAC MC: Ver: 3.0.0
[    0.330900] PCI: Using ACPI for IRQ routing
[    0.330901] PCI: pci_cache_line_size set to 64 bytes
[    0.331075] e820: reserve RAM buffer [mem 0x0009fc00-0x0009ffff]
[    0.331079] e820: reserve RAM buffer [mem 0x7fff0000-0x7fffffff]
[    0.331885] NetLabel: Initializing
[    0.331886] NetLabel:  domain hash size = 128
[    0.331887] NetLabel:  protocols = UNLABELED CIPSOv4 CALIPSO
[    0.331905] NetLabel:  unlabeled traffic allowed by default
[    0.332800] clocksource: Switched to clocksource kvm-clock
[    0.343992] *** VALIDATE bpf ***
[    0.344055] VFS: Disk quotas dquot_6.6.0
[    0.344068] VFS: Dquot-cache hash table entries: 512 (order 0, 4096 bytes)
[    0.344090] *** VALIDATE ramfs ***
[    0.344093] *** VALIDATE hugetlbfs ***
[    0.344173] AppArmor: AppArmor Filesystem Enabled
[    0.344199] pnp: PnP ACPI init
[    0.344266] pnp 00:00: Plug and Play ACPI device, IDs PNP0303 (active)
[    0.344334] pnp 00:01: Plug and Play ACPI device, IDs PNP0f03 (active)
[    0.345096] pnp: PnP ACPI: found 2 devices
[    0.346101] thermal_sys: Registered thermal governor 'fair_share'
[    0.346102] thermal_sys: Registered thermal governor 'bang_bang'
[    0.346103] thermal_sys: Registered thermal governor 'step_wise'
[    0.346103] thermal_sys: Registered thermal governor 'user_space'
[    0.346104] thermal_sys: Registered thermal governor 'power_allocator'
[    0.350651] clocksource: acpi_pm: mask: 0xffffff max_cycles: 0xffffff, max_idle_ns: 2085701024 ns
[    0.350690] pci_bus 0000:00: resource 4 [io  0x0000-0x0cf7 window]
[    0.350692] pci_bus 0000:00: resource 5 [io  0x0d00-0xffff window]
[    0.350693] pci_bus 0000:00: resource 6 [mem 0x000a0000-0x000bffff window]
[    0.350694] pci_bus 0000:00: resource 7 [mem 0x80000000-0xfdffffff window]
[    0.350755] NET: Registered protocol family 2
[    0.350830] IP idents hash table entries: 32768 (order: 6, 262144 bytes, linear)
[    0.351233] MPTCP tokens hash table entries: 8192 (order: 4, 65536 bytes, linear)
[    0.351253] MPTCP request tokens hash table entries: 8192 (order: 4, 65536 bytes, linear)
[    0.351277] default registered
[    0.351278] default registered
[    0.351278] MPTCP: Stable release v0.96
[    0.351284] tcp_listen_portaddr_hash hash table entries: 1024 (order: 2, 16384 bytes, linear)
[    0.351363] TCP established hash table entries: 16384 (order: 5, 131072 bytes, linear)
[    0.351428] TCP bind hash table entries: 16384 (order: 6, 262144 bytes, linear)
[    0.351454] TCP: Hash tables configured (established 16384 bind 16384)
[    0.352169] UDP hash table entries: 1024 (order: 3, 32768 bytes, linear)
[    0.352180] UDP-Lite hash table entries: 1024 (order: 3, 32768 bytes, linear)
[    0.352214] NET: Registered protocol family 1
[    0.352222] NET: Registered protocol family 44
[    0.352244] pci 0000:00:00.0: Limiting direct PCI/PCI transfers
[    0.352260] pci 0000:00:01.0: Activating ISA DMA hang workarounds
[    0.352315] pci 0000:00:02.0: Video device with shadowed ROM at [mem 0x000c0000-0x000dffff]
[    0.352379] PCI: CLS 0 bytes, default 64
[    0.352428] Trying to unpack rootfs image as initramfs...
[    0.522687] Freeing initrd memory: 47868K
[    0.522687] clocksource: tsc: mask: 0xffffffffffffffff max_cycles: 0x1e4530a99b6, max_idle_ns: 440795257976 ns
[    0.522687] clocksource: Switched to clocksource tsc
[    0.522687] platform rtc_cmos: registered platform RTC device (no PNP device found)
[    0.522687] check: Scanning for low memory corruption every 60 seconds
[    0.522687] Initialise system trusted keyrings
[    0.522687] Key type blacklist registered
[    0.522687] workingset: timestamp_bits=36 max_order=19 bucket_order=0
[    0.522687] zbud: loaded
[    0.522687] squashfs: version 4.0 (2009/01/31) Phillip Lougher
[    0.522687] fuse: init (API version 7.31)
[    0.522687] *** VALIDATE fuse ***
[    0.522687] *** VALIDATE fuse ***
[    0.522687] Platform Keyring initialized
[    0.537530] Key type asymmetric registered
[    0.537532] Asymmetric key parser 'x509' registered
[    0.537542] Block layer SCSI generic (bsg) driver version 0.4 loaded (major 244)
[    0.537579] io scheduler mq-deadline registered
[    0.537701] shpchp: Standard Hot Plug PCI Controller Driver version: 0.4
[    0.537906] ACPI: AC Adapter [AC] (on-line)
[    0.537950] input: Power Button as /devices/LNXSYSTM:00/LNXPWRBN:00/input/input0
[    0.537980] ACPI: Power Button [PWRF]
[    0.538055] input: Sleep Button as /devices/LNXSYSTM:00/LNXSLPBN:00/input/input1
[    0.538082] ACPI: Sleep Button [SLPF]
[    0.538333] Serial: 8250/16550 driver, 32 ports, IRQ sharing enabled
[    0.539478] Linux agpgart interface v0.103
[    0.629800] loop: module loaded
[    0.629946] ata_piix 0000:00:01.1: version 2.13
[    0.630365] scsi host0: ata_piix
[    0.630455] scsi host1: ata_piix
[    0.630481] ata1: PATA max UDMA/33 cmd 0x1f0 ctl 0x3f6 bmdma 0xd000 irq 14
[    0.630482] ata2: PATA max UDMA/33 cmd 0x170 ctl 0x376 bmdma 0xd008 irq 15
[    0.630563] tun: Universal TUN/TAP device driver, 1.6
[    0.630872] PPP generic driver version 2.4.2
[    0.630915] VFIO - User Level meta-driver version: 0.3
[    0.631150] ehci_hcd: USB 2.0 'Enhanced' Host Controller (EHCI) Driver
[    0.631154] ehci-pci: EHCI PCI platform driver
[    0.631169] ehci-platform: EHCI generic platform driver
[    0.631175] ohci_hcd: USB 1.1 'Open' Host Controller (OHCI) Driver
[    0.631177] ohci-pci: OHCI PCI platform driver
[    0.631185] ohci-platform: OHCI generic platform driver
[    0.631189] uhci_hcd: USB Universal Host Controller Interface driver
[    0.631253] i8042: PNP: PS/2 Controller [PNP0303:PS2K,PNP0f03:PS2M] at 0x60,0x64 irq 1,12
[    0.631692] serio: i8042 KBD port at 0x60,0x64 irq 1
[    0.631695] serio: i8042 AUX port at 0x60,0x64 irq 12
[    0.631780] mousedev: PS/2 mouse device common for all mice
[    0.632043] input: AT Translated Set 2 keyboard as /devices/platform/i8042/serio0/input/input2
[    0.632439] rtc_cmos rtc_cmos: registered as rtc0
[    0.632452] rtc_cmos rtc_cmos: alarms up to one day, 114 bytes nvram
[    0.632457] i2c /dev entries driver
[    0.632501] device-mapper: uevent: version 1.0.3
[    0.632542] device-mapper: ioctl: 4.41.0-ioctl (2019-09-16) initialised: dm-devel@redhat.com
[    0.632557] platform eisa.0: Probing EISA bus 0
[    0.632559] platform eisa.0: EISA: Cannot allocate resource for mainboard
[    0.632560] platform eisa.0: Cannot allocate resource for EISA slot 1
[    0.632561] platform eisa.0: Cannot allocate resource for EISA slot 2
[    0.632562] platform eisa.0: Cannot allocate resource for EISA slot 3
[    0.632563] platform eisa.0: Cannot allocate resource for EISA slot 4
[    0.632564] platform eisa.0: Cannot allocate resource for EISA slot 5
[    0.632565] platform eisa.0: Cannot allocate resource for EISA slot 6
[    0.632566] platform eisa.0: Cannot allocate resource for EISA slot 7
[    0.632567] platform eisa.0: Cannot allocate resource for EISA slot 8
[    0.632568] platform eisa.0: EISA: Detected 0 cards
[    0.632570] intel_pstate: CPU model not supported
[    0.632579] ledtrig-cpu: registered to indicate activity on CPUs
[    0.632637] drop_monitor: Initializing network drop monitor service
[    0.632795] NET: Registered protocol family 10
[    0.637915] Segment Routing with IPv6
[    0.637945] fullmesh registered
[    0.637946] ndiffports registered
[    0.637948] binder registered
[    0.637949] roundrobin registered
[    0.637949] redundant registered
[    0.637950] blest registered
[    0.637950] ecf registered
[    0.637952] NET: Registered protocol family 17
[    0.637954] Key type dns_resolver registered
[    0.637954] RAS: Correctable Errors collector initialized.
[    0.637954] IPI shorthand broadcast: enabled
[    0.637954] sched_clock: Marking stable (624185731, 9768563)->(636773119, -2818825)
[    0.638170] registered taskstats version 1
[    0.638180] Loading compiled-in X.509 certificates
[    0.638771] Loaded X.509 cert 'Build time autogenerated kernel key: 6909f3744cebb3d0de528d5887b96a727de79b1e'
[    0.638790] zswap: loaded using pool lzo/zbud
[    0.638841] Key type ._fscrypt registered
[    0.638842] Key type .fscrypt registered
[    0.643305] Key type big_key registered
[    0.645463] Key type encrypted registered
[    0.645465] AppArmor: AppArmor sha1 policy hashing enabled
[    0.645472] ima: No TPM chip found, activating TPM-bypass!
[    0.645475] ima: Allocated hash algorithm: sha1
[    0.645481] ima: No architecture policies found
[    0.645490] evm: Initialising EVM extended attributes:
[    0.645490] evm: security.selinux
[    0.645491] evm: security.SMACK64
[    0.645491] evm: security.SMACK64EXEC
[    0.645492] evm: security.SMACK64TRANSMUTE
[    0.645492] evm: security.SMACK64MMAP
[    0.645492] evm: security.apparmor
[    0.645493] evm: security.ima
[    0.645493] evm: security.capability
[    0.645494] evm: HMAC attrs: 0x1
[    0.645785] PM:   Magic number: 10:983:794
[    0.645899] rtc_cmos rtc_cmos: setting system clock to 2026-01-13T17:45:12 UTC (1768326312)
[    0.801781] ata1.00: ATA-6: VBOX HARDDISK, 1.0, max UDMA/133
[    0.801784] ata1.00: 209715200 sectors, multi 128: LBA 
[    0.802292] scsi 0:0:0:0: Direct-Access     ATA      VBOX HARDDISK    1.0  PQ: 0 ANSI: 5
[    0.802501] sd 0:0:0:0: [sda] 209715200 512-byte logical blocks: (107 GB/100 GiB)
[    0.802510] sd 0:0:0:0: [sda] Write Protect is off
[    0.802512] sd 0:0:0:0: [sda] Mode Sense: 00 3a 00 00
[    0.802524] sd 0:0:0:0: [sda] Write cache: enabled, read cache: enabled, doesn't support DPO or FUA
[    0.802749] sd 0:0:0:0: Attached scsi generic sg0 type 0
[    0.803415]  sda: sda1 sda2
[    0.814043] sd 0:0:0:0: [sda] Attached SCSI disk
[    0.817965] Freeing unused decrypted memory: 2040K
[    0.819067] Freeing unused kernel image memory: 2728K
[    0.819071] Write protecting the kernel read-only data: 22528k
[    0.820235] Freeing unused kernel image memory: 2036K
[    0.820859] Freeing unused kernel image memory: 1432K
[    0.849423] x86/mm: Checked W+X mappings: passed, no W+X pages found.
[    0.849428] Run /init as init process
[    0.953196] ACPI: Video Device [GFX0] (multi-head: yes  rom: no  post: no)
[    0.953269] input: Video Bus as /devices/LNXSYSTM:00/LNXSYBUS:00/PNP0A03:00/LNXVIDEO:00/input/input4
[    0.964350] pcnet32: pcnet32.c:v1.35 21.Apr.2008 tsbogend@alpha.franken.de
[    0.966034] piix4_smbus 0000:00:07.0: SMBus Host Controller at 0x4100, revision 0
[    0.970050] e1000: Intel(R) PRO/1000 Network Driver - version 7.3.21-k8-NAPI
[    0.970051] e1000: Copyright (c) 1999-2006 Intel Corporation.
[    0.975218] pcnet32: PCnet/FAST III 79C973 at 0xd020, 08:00:27:34:c3:b0 assigned IRQ 19
[    0.975263] pcnet32: Found PHY 0022:561b at address 0
[    0.975558] pcnet32: eth0: registered as PCnet/FAST III 79C973
[    0.984714] pcnet32: 1 cards_found
[    1.043422] pcnet32 0000:00:03.0 enp0s3: renamed from eth0
[    1.190720] input: ImExPS/2 Generic Explorer Mouse as /devices/platform/i8042/serio1/input/input5
[    1.378042] e1000 0000:00:08.0 eth0: (PCI:33MHz:32-bit) 08:00:27:2b:b4:d0
[    1.378046] e1000 0000:00:08.0 eth0: Intel(R) PRO/1000 Network Connection
[    1.750091] e1000 0000:00:09.0 eth1: (PCI:33MHz:32-bit) 08:00:27:04:71:11
[    1.750094] e1000 0000:00:09.0 eth1: Intel(R) PRO/1000 Network Connection
[    1.751251] e1000 0000:00:09.0 enp0s9: renamed from eth1
[    1.753030] e1000 0000:00:08.0 enp0s8: renamed from eth0
[    1.902261] EXT4-fs (sda2): mounted filesystem with ordered data mode. Opts: (null)
[    1.992979] systemd[1]: Inserted module 'autofs4'
[    2.004814] systemd[1]: systemd 245.4-4ubuntu3 running in system mode. (+PAM +AUDIT +SELINUX +IMA +APPARMOR +SMACK +SYSVINIT +UTMP +LIBCRYPTSETUP +GCRYPT +GNUTLS +ACL +XZ +LZ4 +SECCOMP +BLKID +ELFUTILS +KMOD +IDN2 -IDN +PCRE2 default-hierarchy=hybrid)
[    2.004845] systemd[1]: Detected virtualization oracle.
[    2.004849] systemd[1]: Detected architecture x86-64.
[    2.006244] systemd[1]: Set hostname to <ztg>.
[    2.131363] systemd[1]: /lib/systemd/system/dbus.socket:5: ListenStream= references a path below legacy directory /var/run/, updating /var/run/dbus/system_bus_socket â†’ /run/dbus/system_bus_socket; please update the unit file accordingly.
[    2.184320] systemd[1]: Created slice system-modprobe.slice.
[    2.184502] systemd[1]: Created slice User and Session Slice.
[    2.184546] systemd[1]: Started Forward Password Requests to Wall Directory Watch.
[    2.184706] systemd[1]: Set up automount Arbitrary Executable File Formats File System Automount Point.
[    2.184739] systemd[1]: Reached target User and Group Name Lookups.
[    2.184747] systemd[1]: Reached target Remote File Systems.
[    2.184755] systemd[1]: Reached target Slices.
[    2.185298] systemd[1]: Listening on Syslog Socket.
[    2.185364] systemd[1]: Listening on fsck to fsckd communication Socket.
[    2.185402] systemd[1]: Listening on initctl Compatibility Named Pipe.
[    2.185539] systemd[1]: Listening on Journal Audit Socket.
[    2.185588] systemd[1]: Listening on Journal Socket (/dev/log).
[    2.185655] systemd[1]: Listening on Journal Socket.
[    2.185719] systemd[1]: Listening on udev Control Socket.
[    2.185758] systemd[1]: Listening on udev Kernel Socket.
[    2.186554] systemd[1]: Mounting Huge Pages File System...
[    2.187466] systemd[1]: Mounting POSIX Message Queue File System...
[    2.188332] systemd[1]: Mounting Kernel Debug File System...
[    2.189161] systemd[1]: Mounting Kernel Trace File System...
[    2.191079] systemd[1]: Starting Journal Service...
[    2.212513] systemd[1]: Starting Set the console keyboard layout...
[    2.220333] systemd[1]: Starting Create list of static device nodes for the current kernel...
[    2.222148] systemd[1]: Starting Load Kernel Module drm...
[    2.223112] systemd[1]: Condition check resulted in Set Up Additional Binary Formats being skipped.
[    2.223161] systemd[1]: Condition check resulted in File System Check on Root Device being skipped.
[    2.229366] systemd[1]: Starting Load Kernel Modules...
[    2.245526] systemd[1]: Starting Remount Root and Kernel File Systems...
[    2.250076] systemd[1]: Starting udev Coldplug all Devices...
[    2.293511] systemd[1]: Starting Uncomplicated firewall...
[    2.294803] systemd[1]: Mounted Huge Pages File System.
[    2.294895] systemd[1]: Mounted POSIX Message Queue File System.
[    2.294965] systemd[1]: Mounted Kernel Debug File System.
[    2.295034] systemd[1]: Mounted Kernel Trace File System.
[    2.296198] EXT4-fs (sda2): re-mounted. Opts: errors=remount-ro
[    2.297246] systemd[1]: Finished Create list of static device nodes for the current kernel.
[    2.298324] systemd[1]: modprobe@drm.service: Succeeded.
[    2.307681] systemd[1]: Finished Load Kernel Module drm.
[    2.308055] systemd[1]: Finished Remount Root and Kernel File Systems.
[    2.309059] systemd[1]: Finished Uncomplicated firewall.
[    2.326271] lp: driver loaded but no devices found
[    2.328222] systemd[1]: Condition check resulted in Rebuild Hardware Database being skipped.
[    2.328265] systemd[1]: Condition check resulted in Platform Persistent Storage Archival being skipped.
[    2.328951] systemd[1]: Starting Load/Save Random Seed...
[    2.334030] systemd[1]: Starting Create System Users...
[    2.344636] systemd[1]: Finished Load/Save Random Seed.
[    2.345613] ppdev: user-space parallel port driver
[    2.351491] systemd[1]: Finished Create System Users.
[    2.352899] systemd[1]: Starting Create Static Device Nodes in /dev...
[    2.405892] systemd[1]: Finished Create Static Device Nodes in /dev.
[    2.406739] systemd[1]: Starting udev Kernel Device Manager...
[    2.416793] systemd[1]: Finished udev Coldplug all Devices.
[    2.424280] [drm] DMA map mode: Caching DMA mappings.
[    2.424344] [drm] Capabilities:
[    2.424344] [drm]   Rect copy.
[    2.424344] [drm]   Cursor.
[    2.424345] [drm]   Cursor bypass.
[    2.424345] [drm]   Cursor bypass 2.
[    2.424346] [drm]   Alpha cursor.
[    2.424346] [drm]   Extended Fifo.
[    2.424346] [drm]   Pitchlock.
[    2.424347] [drm]   Irq mask.
[    2.424347] [drm]   GMR.
[    2.424347] [drm]   Traces.
[    2.424348] [drm]   GMR2.
[    2.424348] [drm]   Screen Object 2.
[    2.424348] [drm]   Command Buffers.
[    2.424349] [drm]   Command Buffers 2.
[    2.424349] [drm]   Guest Backed Resources.
[    2.424350] [drm] Max GMR ids is 8192
[    2.424351] [drm] Max number of GMR pages is 1048576
[    2.424351] [drm] Max dedicated hypervisor surface memory is 393216 kiB
[    2.424351] [drm] Maximum display memory size is 131072 kiB
[    2.424352] [drm] VRAM at 0xe0000000 size is 131072 kiB
[    2.424353] [drm] MMIO at 0xf0000000 size is 2048 kiB
[    2.425483] [TTM] Zone  kernel: Available graphics memory: 1011738 KiB
[    2.425484] [TTM] Initializing pool allocator
[    2.425487] [TTM] Initializing DMA pool allocator
[    2.425522] [drm] Supports vblank timestamp caching Rev 2 (21.10.2013).
[    2.425523] [drm] No driver support for vblank timestamp query.
[    2.425768] [drm] Screen Target Display device initialized
[    2.426174] [drm] width 720
[    2.426183] [drm] height 400
[    2.426187] [drm] bpp 32
[    2.426741] [drm] Fifo max 0x00200000 min 0x00001000 cap 0x00000355
[    2.427845] [drm] Using command buffers with DMA pool.
[    2.427849] [drm] DX: no.
[    2.427849] [drm] Atomic: yes.
[    2.427850] [drm] SM4_1: no.
[    2.427868] [drm:vmw_host_log [vmwgfx]] *ERROR* Failed to send host log message.
[    2.428786] [drm:vmw_host_log [vmwgfx]] *ERROR* Failed to send host log message.
[    2.465956] fbcon: svgadrmfb (fb0) is primary device
[    2.472731] Console: switching to colour frame buffer device 100x37
[    2.477676] systemd[1]: Finished Set the console keyboard layout.
[    2.477815] systemd[1]: Reached target Local File Systems (Pre).
[    2.482199] [drm] Initialized vmwgfx 2.15.0 20180704 for 0000:00:02.0 on minor 0
[    2.482963] systemd[1]: Mounting Mount unit for bare, revision 5...
[    2.487530] systemd[1]: Mounting Mount unit for core18, revision 1705...
[    2.511733] systemd[1]: Mounting Mount unit for gnome-3-34-1804, revision 24...
[    2.522230] systemd[1]: Mounting Mount unit for gtk-common-themes, revision 1506...
[    2.529627] systemd[1]: Mounting Mount unit for gtk-common-themes, revision 1535...
[    2.538929] systemd[1]: Mounting Mount unit for snap-store, revision 433...
[    2.544444] systemd[1]: Mounting Mount unit for snapd, revision 25935...
[    2.547804] systemd[1]: Finished Load Kernel Modules.
[    2.565899] systemd[1]: Mounting FUSE Control File System...
[    2.570578] systemd[1]: Mounting Kernel Configuration File System...
[    2.590371] systemd[1]: Starting Apply Kernel Variables...
[    2.592644] systemd[1]: Mounted Mount unit for bare, revision 5.
[    2.600258] systemd[1]: Mounted FUSE Control File System.
[    2.600344] systemd[1]: Mounted Kernel Configuration File System.
[    2.600395] systemd[1]: Condition check resulted in VMware vmblock fuse mount being skipped.
[    2.603918] systemd[1]: Finished Apply Kernel Variables.
[    2.604084] systemd[1]: Mounted Mount unit for gnome-3-34-1804, revision 24.
[    2.604168] systemd[1]: Mounted Mount unit for gtk-common-themes, revision 1506.
[    2.613386] systemd[1]: Mounted Mount unit for core18, revision 1705.
[    2.620352] systemd[1]: Mounted Mount unit for gtk-common-themes, revision 1535.
[    2.620440] systemd[1]: Mounted Mount unit for snap-store, revision 433.
[    2.620513] systemd[1]: Mounted Mount unit for snapd, revision 25935.
[    2.620564] systemd[1]: Reached target Local File Systems.
[    2.621827] systemd[1]: Starting Load AppArmor profiles...
[    2.624684] systemd[1]: Starting Set console font and keymap...
[    2.648866] systemd[1]: Starting Tell Plymouth To Write Out Runtime Data...
[    2.648891] systemd[1]: Condition check resulted in Store a System Token in an EFI Variable being skipped.
[    2.648920] systemd[1]: Condition check resulted in Commit a transient machine-id on disk being skipped.
[    2.649030] systemd[1]: Started udev Kernel Device Manager.
[    2.654985] systemd[1]: Starting Show Plymouth Boot Screen...
[    2.658993] systemd[1]: Finished Set console font and keymap.
[    2.659944] systemd[1]: plymouth-read-write.service: Succeeded.
[    2.663283] systemd[1]: Finished Tell Plymouth To Write Out Runtime Data.
[    2.663842] systemd[1]: Received SIGRTMIN+20 from PID 289 (plymouthd).
[    2.675112] systemd[1]: Started Show Plymouth Boot Screen.
[    2.675265] systemd[1]: Condition check resulted in Dispatch Password Requests to Console Directory Watch being skipped.
[    2.675350] systemd[1]: Started Forward Password Requests to Plymouth Directory Watch.
[    2.675381] systemd[1]: Reached target Local Encrypted Volumes.
[    2.694451] audit: type=1400 audit(1768326314.544:2): apparmor="STATUS" operation="profile_load" profile="unconfined" name="nvidia_modprobe" pid=300 comm="apparmor_parser"
[    2.694454] audit: type=1400 audit(1768326314.544:3): apparmor="STATUS" operation="profile_load" profile="unconfined" name="nvidia_modprobe//kmod" pid=300 comm="apparmor_parser"
[    2.703700] audit: type=1400 audit(1768326314.556:4): apparmor="STATUS" operation="profile_load" profile="unconfined" name="/usr/sbin/tcpdump" pid=301 comm="apparmor_parser"
[    2.738017] audit: type=1400 audit(1768326314.580:5): apparmor="STATUS" operation="profile_load" profile="unconfined" name="/usr/bin/evince" pid=303 comm="apparmor_parser"
[    2.738019] audit: type=1400 audit(1768326314.580:6): apparmor="STATUS" operation="profile_load" profile="unconfined" name="/usr/bin/evince//sanitized_helper" pid=303 comm="apparmor_parser"
[    2.738021] audit: type=1400 audit(1768326314.580:7): apparmor="STATUS" operation="profile_load" profile="unconfined" name="/usr/bin/evince-previewer" pid=303 comm="apparmor_parser"
[    2.738023] audit: type=1400 audit(1768326314.580:8): apparmor="STATUS" operation="profile_load" profile="unconfined" name="/usr/bin/evince-previewer//sanitized_helper" pid=303 comm="apparmor_parser"
[    2.738025] audit: type=1400 audit(1768326314.580:9): apparmor="STATUS" operation="profile_load" profile="unconfined" name="/usr/bin/evince-thumbnailer" pid=303 comm="apparmor_parser"
[    2.763276] audit: type=1400 audit(1768326314.616:10): apparmor="STATUS" operation="profile_load" profile="unconfined" name="/usr/lib/cups/backend/cups-pdf" pid=304 comm="apparmor_parser"
[    2.844326] systemd[1]: Finished Load AppArmor profiles.
[    2.845268] systemd[1]: Starting Load AppArmor profiles managed internally by snapd...
[    2.958164] systemd[1]: Finished Load AppArmor profiles managed internally by snapd.
[    3.170821] systemd[1]: Started Journal Service.
[    3.180253] systemd-journald[229]: Received client request to flush runtime journal.
[    3.183561] systemd-journald[229]: File /var/log/journal/c455b248004a419c87ce85eea238d727/system.journal corrupted or uncleanly shut down, renaming and replacing.
[    4.439959] RAPL PMU: API unit is 2^-32 Joules, 0 fixed counters, 10737418240 ms ovfl timer
[    4.501947] cryptd: max_cpu_qlen set to 1000
[    4.559024] AVX2 version of gcm_enc/dec engaged.
[    4.559025] AES CTR mode by8 optimization enabled
[    6.309203] Adding 1998844k swap on /dev/sda1.  Priority:-2 extents:1 across:1998844k FS
[    7.481357] kauditd_printk_skb: 30 callbacks suppressed
[    7.481359] audit: type=1400 audit(1768326319.328:41): apparmor="DENIED" operation="capable" profile="/usr/sbin/cups-browsed" pid=510 comm="cups-browsed" capability=23  capname="sys_nice"
[    8.633499] pcnet32 0000:00:03.0 enp0s3: link up, 100Mbps, full-duplex
[    8.668841] e1000: enp0s8 NIC Link is Up 1000 Mbps Full Duplex, Flow Control: RX
[    8.669143] IPv6: ADDRCONF(NETDEV_CHANGE): enp0s8: link becomes ready
[    8.701608] e1000: enp0s9 NIC Link is Up 1000 Mbps Full Duplex, Flow Control: RX
[    8.701886] IPv6: ADDRCONF(NETDEV_CHANGE): enp0s9: link becomes ready
[    9.351491] device enp0s3 entered promiscuous mode
[    9.386894] audit: type=1400 audit(1768326321.228:42): apparmor="DENIED" operation="open" profile="/usr/sbin/tcpdump" name="/proc/sys/kernel/random/boot_id" pid=667 comm="tcpdump" requested_mask="r" denied_mask="r" fsuid=0 ouid=0
[    9.387082] audit: type=1400 audit(1768326321.228:43): apparmor="DENIED" operation="open" profile="/usr/sbin/tcpdump" name="/proc/sys/kernel/random/boot_id" pid=667 comm="tcpdump" requested_mask="r" denied_mask="r" fsuid=0 ouid=0
[    9.387133] audit: type=1400 audit(1768326321.228:44): apparmor="DENIED" operation="open" profile="/usr/sbin/tcpdump" name="/proc/sys/kernel/random/boot_id" pid=667 comm="tcpdump" requested_mask="r" denied_mask="r" fsuid=0 ouid=0
[    9.387188] audit: type=1400 audit(1768326321.228:45): apparmor="DENIED" operation="open" profile="/usr/sbin/tcpdump" name="/proc/sys/kernel/random/boot_id" pid=667 comm="tcpdump" requested_mask="r" denied_mask="r" fsuid=0 ouid=0
[    9.397025] audit: type=1400 audit(1768326321.244:46): apparmor="DENIED" operation="open" profile="/usr/sbin/tcpdump" name="/proc/sys/kernel/random/boot_id" pid=668 comm="tcpdump" requested_mask="r" denied_mask="r" fsuid=0 ouid=0
[    9.398851] audit: type=1400 audit(1768326321.244:47): apparmor="DENIED" operation="open" profile="/usr/sbin/tcpdump" name="/proc/sys/kernel/random/boot_id" pid=668 comm="tcpdump" requested_mask="r" denied_mask="r" fsuid=0 ouid=0
[    9.398893] audit: type=1400 audit(1768326321.244:48): apparmor="DENIED" operation="open" profile="/usr/sbin/tcpdump" name="/proc/sys/kernel/random/boot_id" pid=668 comm="tcpdump" requested_mask="r" denied_mask="r" fsuid=0 ouid=0
[    9.398911] audit: type=1400 audit(1768326321.244:49): apparmor="DENIED" operation="open" profile="/usr/sbin/tcpdump" name="/proc/sys/kernel/random/boot_id" pid=668 comm="tcpdump" requested_mask="r" denied_mask="r" fsuid=0 ouid=0
[   15.154563] rfkill: input handler disabled
[  403.562724] AAAAA-TCP_FORW: name:enp0s3: saddr:16783984: daddr:100932208
[  403.780861] AAAAA-TCP_FORW: name:enp0s3: saddr:16783984: daddr:100932208
[  409.664681] AAAAA-TCP_FORW: name:enp0s3: saddr:33561200: daddr:100932208
[  409.786935] AAAAA-TCP_FORW: name:enp0s3: saddr:33561200: daddr:100932208
[  409.867142] AAAAA-TCP_FORW: name:enp0s3: saddr:33561200: daddr:100932208
[  409.969736] AAAAA-TCP_FORW: name:enp0s3: saddr:33561200: daddr:100932208
[  410.095539] AAAAA-TCP_FORW: name:enp0s3: saddr:16783984: daddr:100932208
[  410.204845] AAAAA-TCP_FORW: name:enp0s3: saddr:33561200: daddr:100932208
[  410.506595] AAAAA-TCP_FORW: name:enp0s3: saddr:16783984: daddr:100932208
[  410.614936] AAAAA-TCP_FORW: name:enp0s3: saddr:33561200: daddr:100932208
[  410.763755] AAAAA-TCP_FORW: name:enp0s3: saddr:33561200: daddr:100932208
[  411.022642] AAAAA-TCP_FORW: name:enp0s3: saddr:16783984: daddr:100932208
[  411.153975] AAAAA-TCP_FORW: name:enp0s3: saddr:33561200: daddr:100932208
[  411.274180] AAAAA-TCP_FORW: name:enp0s3: saddr:16783984: daddr:100932208
[  411.569509] AAAAA-TCP_FORW: name:enp0s3: saddr:16783984: daddr:100932208
[  411.703368] AAAAA-TCP_FORW: name:enp0s3: saddr:33561200: daddr:100932208
[  411.808990] AAAAA-TCP_FORW: name:enp0s3: saddr:33561200: daddr:100932208
[  411.863024] AAAAA-TCP_FORW: name:enp0s3: saddr:16783984: daddr:100932208
[  411.944150] AAAAA-TCP_FORW: name:enp0s3: saddr:16783984: daddr:100932208
[  412.595635] AAAAA-TCP_FORW: name:enp0s3: saddr:33561200: daddr:100932208
[  412.971329] AAAAA-TCP_FORW: name:enp0s3: saddr:16783984: daddr:100932208
[  413.086112] AAAAA-TCP_FORW: name:enp0s3: saddr:33561200: daddr:100932208
[  413.443488] AAAAA-TCP_FORW: name:enp0s3: saddr:16783984: daddr:100932208
[  413.591363] AAAAA-TCP_FORW: name:enp0s3: saddr:33561200: daddr:100932208
[  413.992685] AAAAA-TCP_FORW: name:enp0s3: saddr:16783984: daddr:100932208
[  414.232240] AAAAA-TCP_FORW: name:enp0s3: saddr:16783984: daddr:100932208
[  414.352791] AAAAA-TCP_FORW: name:enp0s3: saddr:16783984: daddr:100932208
[  414.609511] AAAAA-TCP_FORW: name:enp0s3: saddr:16783984: daddr:100932208
[  414.699964] AAAAA-TCP_FORW: name:enp0s3: saddr:16783984: daddr:100932208
[  414.792252] AAAAA-TCP_FORW: name:enp0s3: saddr:16783984: daddr:100932208
[  415.080309] AAAAA-TCP_FORW: name:enp0s3: saddr:16783984: daddr:100932208
[  415.293753] AAAAA-TCP_FORW: name:enp0s3: saddr:16783984: daddr:100932208
[  415.432538] AAAAA-TCP_FORW: name:enp0s3: saddr:16783984: daddr:100932208
[  415.490646] AAAAA-TCP_FORW: name:enp0s3: saddr:16783984: daddr:100932208
[  415.629261] AAAAA-TCP_FORW: name:enp0s3: saddr:33561200: daddr:100932208
[  415.775528] AAAAA-TCP_FORW: name:enp0s3: saddr:16783984: daddr:100932208
[  415.944769] AAAAA-TCP_FORW: name:enp0s3: saddr:16783984: daddr:100932208
[  416.134692] AAAAA-TCP_FORW: name:enp0s3: saddr:16783984: daddr:100932208
[  416.287508] AAAAA-TCP_FORW: name:enp0s3: saddr:16783984: daddr:100932208
[  416.422652] AAAAA-TCP_FORW: name:enp0s3: saddr:16783984: daddr:100932208
[  416.580505] AAAAA-TCP_FORW: name:enp0s3: saddr:16783984: daddr:100932208
[  416.646734] AAAAA-TCP_FORW: name:enp0s3: saddr:16783984: daddr:100932208
[  416.715379] AAAAA-TCP_FORW: name:enp0s3: saddr:16783984: daddr:100932208
[  416.849851] AAAAA-TCP_FORW: name:enp0s3: saddr:16783984: daddr:100932208
[  416.927173] AAAAA-TCP_FORW: name:enp0s3: saddr:16783984: daddr:100932208
[  416.946247] AAAAA-TCP_FORW: name:enp0s3: saddr:16783984: daddr:100932208
[  417.419181] AAAAA-TCP_FORW: name:enp0s3: saddr:33561200: daddr:100932208
[  418.738467] AAAAA-TCP_FORW: name:enp0s3: saddr:16783984: daddr:100932208
[  419.270852] AAAAA-TCP_FORW: name:enp0s3: saddr:16783984: daddr:100932208
[  419.495043] AAAAA-TCP_FORW: name:enp0s3: saddr:33561200: daddr:100932208
[  419.595850] AAAAA-TCP_FORW: name:enp0s3: saddr:16783984: daddr:100932208
[  419.875024] AAAAA-TCP_FORW: name:enp0s3: saddr:33561200: daddr:100932208
[  420.040367] AAAAA-TCP_FORW: name:enp0s3: saddr:33561200: daddr:100932208
[  425.249024] AAAAA-TCP_FORW: name:enp0s3: saddr:33561200: daddr:100932208
[  425.342306] AAAAA-TCP_FORW: name:enp0s3: saddr:33561200: daddr:100932208
[  543.733493] rfkill: input handler enabled
[  552.516361] rfkill: input handler disabled
[  712.863841] device enp0s3 left promiscuous mode
