[    0.000000] Linux version 5.4.243-mptcp (root@ztg) (gcc version 12.2.0 (Debian 12.2.0-14+deb12u1)) #53 SMP Wed Dec 24 23:28:15 CST 2025
[    0.000000] Command line: BOOT_IMAGE=/boot/vmlinuz-5.4.243-mptcp root=UUID=98415a12-53b7-4144-8265-0f7ece09e445 ro quiet splash
[    0.000000] KERNEL supported cpus:
[    0.000000]   Intel GenuineIntel
[    0.000000]   AMD AuthenticAMD
[    0.000000]   Hygon HygonGenuine
[    0.000000]   Centaur CentaurHauls
[    0.000000]   zhaoxin   Shanghai  
[    0.000000] x86/fpu: Supporting XSAVE feature 0x001: 'x87 floating point registers'
[    0.000000] x86/fpu: Supporting XSAVE feature 0x002: 'SSE registers'
[    0.000000] x86/fpu: Supporting XSAVE feature 0x004: 'AVX registers'
[    0.000000] x86/fpu: xstate_offset[2]:  576, xstate_sizes[2]:  256
[    0.000000] x86/fpu: Enabled xstate features 0x7, context size is 832 bytes, using 'standard' format.
[    0.000000] BIOS-provided physical RAM map:
[    0.000000] BIOS-e820: [mem 0x0000000000000000-0x000000000009fbff] usable
[    0.000000] BIOS-e820: [mem 0x000000000009fc00-0x000000000009ffff] reserved
[    0.000000] BIOS-e820: [mem 0x00000000000f0000-0x00000000000fffff] reserved
[    0.000000] BIOS-e820: [mem 0x0000000000100000-0x000000007ffeffff] usable
[    0.000000] BIOS-e820: [mem 0x000000007fff0000-0x000000007fffffff] ACPI data
[    0.000000] BIOS-e820: [mem 0x00000000fec00000-0x00000000fec00fff] reserved
[    0.000000] BIOS-e820: [mem 0x00000000fee00000-0x00000000fee00fff] reserved
[    0.000000] BIOS-e820: [mem 0x00000000fffc0000-0x00000000ffffffff] reserved
[    0.000000] NX (Execute Disable) protection: active
[    0.000000] SMBIOS 2.5 present.
[    0.000000] DMI: innotek GmbH VirtualBox/VirtualBox, BIOS VirtualBox 12/01/2006
[    0.000000] Hypervisor detected: KVM
[    0.000000] kvm-clock: Using msrs 4b564d01 and 4b564d00
[    0.000000] kvm-clock: cpu 0, msr e801001, primary cpu clock
[    0.000000] kvm-clock: using sched offset of 4404770532 cycles
[    0.000003] clocksource: kvm-clock: mask: 0xffffffffffffffff max_cycles: 0x1cd42e4dffb, max_idle_ns: 881590591483 ns
[    0.000006] tsc: Detected 2100.000 MHz processor
[    0.001924] e820: update [mem 0x00000000-0x00000fff] usable ==> reserved
[    0.001926] e820: remove [mem 0x000a0000-0x000fffff] usable
[    0.001930] last_pfn = 0x7fff0 max_arch_pfn = 0x400000000
[    0.001998] MTRR default type: uncachable
[    0.001999] MTRR fixed ranges enabled:
[    0.002000]   00000-9FFFF write-back
[    0.002001]   A0000-BFFFF uncachable
[    0.002002]   C0000-FFFFF write-protect
[    0.002003] MTRR variable ranges enabled:
[    0.002004]   0 base 000000000000 mask 3FFF80000000 write-back
[    0.002005]   1 disabled
[    0.002005]   2 disabled
[    0.002006]   3 disabled
[    0.002006]   4 disabled
[    0.002007]   5 disabled
[    0.002007]   6 disabled
[    0.002007]   7 disabled
[    0.002008]   8 disabled
[    0.002008]   9 disabled
[    0.002009]   10 disabled
[    0.002009]   11 disabled
[    0.002009]   12 disabled
[    0.002010]   13 disabled
[    0.002010]   14 disabled
[    0.002011]   15 disabled
[    0.002028] x86/PAT: Configuration [0-7]: WB  WC  UC- UC  WB  WP  UC- WT  
[    0.002162] found SMP MP-table at [mem 0x0009fff0-0x0009ffff]
[    0.092939] check: Scanning 1 areas for low memory corruption
[    0.093137] RAMDISK: [mem 0x32271000-0x3512ffff]
[    0.093146] ACPI: Early table checksum verification disabled
[    0.093152] ACPI: RSDP 0x00000000000E0000 000024 (v02 VBOX  )
[    0.093156] ACPI: XSDT 0x000000007FFF0030 00003C (v01 VBOX   VBOXXSDT 00000001 ASL  00000061)
[    0.093162] ACPI: FACP 0x000000007FFF00F0 0000F4 (v04 VBOX   VBOXFACP 00000001 ASL  00000061)
[    0.093169] ACPI: DSDT 0x000000007FFF02E0 002353 (v02 VBOX   VBOXBIOS 00000002 VBOX 00029BF3)
[    0.093173] ACPI: FACS 0x000000007FFF0200 000040
[    0.093177] ACPI: FACS 0x000000007FFF0200 000040
[    0.093180] ACPI: APIC 0x000000007FFF0240 000054 (v02 VBOX   VBOXAPIC 00000001 ASL  00000061)
[    0.093183] ACPI: SSDT 0x000000007FFF02A0 000038 (v01 VBOX   VBOXCPUT 00000002 VBOX 00029BF3)
[    0.093187] ACPI: Reserving FACP table memory at [mem 0x7fff00f0-0x7fff01e3]
[    0.093188] ACPI: Reserving DSDT table memory at [mem 0x7fff02e0-0x7fff2632]
[    0.093188] ACPI: Reserving FACS table memory at [mem 0x7fff0200-0x7fff023f]
[    0.093189] ACPI: Reserving FACS table memory at [mem 0x7fff0200-0x7fff023f]
[    0.093190] ACPI: Reserving APIC table memory at [mem 0x7fff0240-0x7fff0293]
[    0.093190] ACPI: Reserving SSDT table memory at [mem 0x7fff02a0-0x7fff02d7]
[    0.093205] ACPI: Local APIC address 0xfee00000
[    0.093392] No NUMA configuration found
[    0.093393] Faking a node at [mem 0x0000000000000000-0x000000007ffeffff]
[    0.093404] NODE_DATA(0) allocated [mem 0x7ffc5000-0x7ffeffff]
[    0.093665] Zone ranges:
[    0.093666]   DMA      [mem 0x0000000000001000-0x0000000000ffffff]
[    0.093667]   DMA32    [mem 0x0000000001000000-0x000000007ffeffff]
[    0.093668]   Normal   empty
[    0.093668]   Device   empty
[    0.093669] Movable zone start for each node
[    0.093671] Early memory node ranges
[    0.093672]   node   0: [mem 0x0000000000001000-0x000000000009efff]
[    0.093673]   node   0: [mem 0x0000000000100000-0x000000007ffeffff]
[    0.093676] Zeroed struct page in unavailable ranges: 114 pages
[    0.093677] Initmem setup node 0 [mem 0x0000000000001000-0x000000007ffeffff]
[    0.093678] On node 0 totalpages: 524174
[    0.093679]   DMA zone: 64 pages used for memmap
[    0.093680]   DMA zone: 21 pages reserved
[    0.093681]   DMA zone: 3998 pages, LIFO batch:0
[    0.093755]   DMA32 zone: 8128 pages used for memmap
[    0.093755]   DMA32 zone: 520176 pages, LIFO batch:63
[    0.102942] ACPI: PM-Timer IO Port: 0x4008
[    0.102945] ACPI: Local APIC address 0xfee00000
[    0.103012] IOAPIC[0]: apic_id 1, version 32, address 0xfec00000, GSI 0-23
[    0.103015] ACPI: INT_SRC_OVR (bus 0 bus_irq 0 global_irq 2 dfl dfl)
[    0.103018] ACPI: INT_SRC_OVR (bus 0 bus_irq 9 global_irq 9 low level)
[    0.103019] ACPI: IRQ0 used by override.
[    0.103021] ACPI: IRQ9 used by override.
[    0.103023] Using ACPI (MADT) for SMP configuration information
[    0.103029] smpboot: Allowing 1 CPUs, 0 hotplug CPUs
[    0.103052] PM: Registered nosave memory: [mem 0x00000000-0x00000fff]
[    0.103053] PM: Registered nosave memory: [mem 0x0009f000-0x0009ffff]
[    0.103054] PM: Registered nosave memory: [mem 0x000a0000-0x000effff]
[    0.103054] PM: Registered nosave memory: [mem 0x000f0000-0x000fffff]
[    0.103057] [mem 0x80000000-0xfebfffff] available for PCI devices
[    0.103057] Booting paravirtualized kernel on KVM
[    0.103060] clocksource: refined-jiffies: mask: 0xffffffff max_cycles: 0xffffffff, max_idle_ns: 7645519600211568 ns
[    0.103065] setup_percpu: NR_CPUS:8192 nr_cpumask_bits:1 nr_cpu_ids:1 nr_node_ids:1
[    0.103685] percpu: Embedded 60 pages/cpu s208896 r8192 d28672 u2097152
[    0.103690] pcpu-alloc: s208896 r8192 d28672 u2097152 alloc=1*2097152
[    0.103691] pcpu-alloc: [0] 0 
[    0.103717] Built 1 zonelists, mobility grouping on.  Total pages: 515961
[    0.103718] Policy zone: DMA32
[    0.103719] Kernel command line: BOOT_IMAGE=/boot/vmlinuz-5.4.243-mptcp root=UUID=98415a12-53b7-4144-8265-0f7ece09e445 ro quiet splash
[    0.104309] Dentry cache hash table entries: 262144 (order: 9, 2097152 bytes, linear)
[    0.104461] Inode-cache hash table entries: 131072 (order: 8, 1048576 bytes, linear)
[    0.104510] mem auto-init: stack:off, heap alloc:on, heap free:off
[    0.104513] Calgary: detecting Calgary via BIOS EBDA area
[    0.104514] Calgary: Unable to locate Rio Grande table in EBDA - bailing!
[    0.108824] Memory: 1967332K/2096696K available (14339K kernel code, 2398K rwdata, 4712K rodata, 2728K init, 17260K bss, 129364K reserved, 0K cma-reserved)
[    0.109586] SLUB: HWalign=64, Order=0-3, MinObjects=0, CPUs=1, Nodes=1
[    0.109604] ftrace: allocating 43186 entries in 169 pages
[    0.127694] rcu: Hierarchical RCU implementation.
[    0.127696] rcu: 	RCU restricting CPUs from NR_CPUS=8192 to nr_cpu_ids=1.
[    0.127697] 	Tasks RCU enabled.
[    0.127698] rcu: RCU calculated value of scheduler-enlistment delay is 25 jiffies.
[    0.127699] rcu: Adjusting geometry for rcu_fanout_leaf=16, nr_cpu_ids=1
[    0.130671] NR_IRQS: 524544, nr_irqs: 256, preallocated irqs: 16
[    0.130881] random: crng init done
[    0.140237] Console: colour VGA+ 80x25
[    0.140241] printk: console [tty0] enabled
[    0.140261] ACPI: Core revision 20190816
[    0.140352] APIC: Switch to symmetric I/O mode setup
[    0.140602] x2apic enabled
[    0.140852] Switched APIC routing to physical x2apic.
[    0.141989] ..TIMER: vector=0x30 apic1=0 pin1=2 apic2=-1 pin2=-1
[    0.142015] clocksource: tsc-early: mask: 0xffffffffffffffff max_cycles: 0x1e4530a99b6, max_idle_ns: 440795257976 ns
[    0.142021] Calibrating delay loop (skipped) preset value.. 4200.00 BogoMIPS (lpj=8400000)
[    0.142023] pid_max: default: 32768 minimum: 301
[    0.142051] LSM: Security Framework initializing
[    0.142061] Yama: becoming mindful.
[    0.142086] AppArmor: AppArmor initialized
[    0.142122] Mount-cache hash table entries: 4096 (order: 3, 32768 bytes, linear)
[    0.142126] Mountpoint-cache hash table entries: 4096 (order: 3, 32768 bytes, linear)
[    0.142137] *** VALIDATE tmpfs ***
[    0.142264] *** VALIDATE proc ***
[    0.142306] *** VALIDATE cgroup1 ***
[    0.142308] *** VALIDATE cgroup2 ***
[    0.142448] process: using mwait in idle threads
[    0.142453] Last level iTLB entries: 4KB 64, 2MB 8, 4MB 8
[    0.142453] Last level dTLB entries: 4KB 64, 2MB 0, 4MB 0, 1GB 4
[    0.142474] Spectre V1 : Mitigation: usercopy/swapgs barriers and __user pointer sanitization
[    0.142479] Spectre V2 : Mitigation: Retpolines
[    0.142480] Spectre V2 : Spectre v2 / SpectreRSB mitigation: Filling RSB on context switch
[    0.142481] Spectre V2 : Spectre v2 / SpectreRSB : Filling RSB on VMEXIT
[    0.142481] RETBleed: WARNING: Spectre v2 mitigation leaves CPU vulnerable to RETBleed attacks, data leaks possible!
[    0.142844] RETBleed: Vulnerable
[    0.142845] Speculative Store Bypass: Vulnerable
[    0.142850] TAA: Mitigation: TSX disabled
[    0.142850] MMIO Stale Data: Mitigation: Clear CPU buffers
[    0.147099] Freeing SMP alternatives memory: 40K
[    0.259058] smpboot: CPU0: Intel(R) Xeon(R) Silver 4216 CPU @ 2.10GHz (family: 0x6, model: 0x55, stepping: 0x7)
[    0.259177] Performance Events: unsupported p6 CPU model 85 no PMU driver, software events only.
[    0.259217] rcu: Hierarchical SRCU implementation.
[    0.259704] NMI watchdog: Perf NMI watchdog permanently disabled
[    0.259741] smp: Bringing up secondary CPUs ...
[    0.259742] smp: Brought up 1 node, 1 CPU
[    0.259743] smpboot: Max logical packages: 1
[    0.259744] smpboot: Total of 1 processors activated (4200.00 BogoMIPS)
[    0.260483] devtmpfs: initialized
[    0.260529] x86/mm: Memory block size: 128MB
[    0.260886] clocksource: jiffies: mask: 0xffffffff max_cycles: 0xffffffff, max_idle_ns: 7645041785100000 ns
[    0.260892] futex hash table entries: 256 (order: 2, 16384 bytes, linear)
[    0.260934] pinctrl core: initialized pinctrl subsystem
[    0.261038] PM: RTC time: 17:46:40, date: 2026-01-13
[    0.261142] NET: Registered protocol family 16
[    0.261216] audit: initializing netlink subsys (disabled)
[    0.261343] EISA bus registered
[    0.261345] cpuidle: using governor ladder
[    0.261346] cpuidle: using governor menu
[    0.261381] ACPI: bus type PCI registered
[    0.261383] acpiphp: ACPI Hot Plug PCI Controller Driver version: 0.5
[    0.261483] PCI: Using configuration type 1 for base access
[    0.262072] audit: type=2000 audit(1768297606.418:1): state=initialized audit_enabled=0 res=1
[    0.262143] HugeTLB registered 2.00 MiB page size, pre-allocated 0 pages
[    0.262896] ACPI: Added _OSI(Module Device)
[    0.262897] ACPI: Added _OSI(Processor Device)
[    0.262898] ACPI: Added _OSI(3.0 _SCP Extensions)
[    0.262899] ACPI: Added _OSI(Processor Aggregator Device)
[    0.262900] ACPI: Added _OSI(Linux-Dell-Video)
[    0.262900] ACPI: Added _OSI(Linux-Lenovo-NV-HDMI-Audio)
[    0.262901] ACPI: Added _OSI(Linux-HPI-Hybrid-Graphics)
[    0.264864] ACPI: 2 ACPI AML tables successfully acquired and loaded
[    0.266383] ACPI: Interpreter enabled
[    0.266393] ACPI: (supports S0 S5)
[    0.266394] ACPI: Using IOAPIC for interrupt routing
[    0.266599] PCI: Using host bridge windows from ACPI; if necessary, use "pci=nocrs" and report a bug
[    0.266706] ACPI: Enabled 2 GPEs in block 00 to 07
[    0.272156] ACPI: PCI Root Bridge [PCI0] (domain 0000 [bus 00-ff])
[    0.272161] acpi PNP0A03:00: _OSC: OS supports [ASPM ClockPM Segments MSI HPX-Type3]
[    0.272605] acpi PNP0A03:00: _OSC: not requesting OS control; OS requires [ExtendedConfig ASPM ClockPM MSI]
[    0.272613] acpi PNP0A03:00: fail to add MMCONFIG information, can't access extended PCI configuration space under this bridge.
[    0.273043] PCI host bridge to bus 0000:00
[    0.273045] pci_bus 0000:00: root bus resource [io  0x0000-0x0cf7 window]
[    0.273047] pci_bus 0000:00: root bus resource [io  0x0d00-0xffff window]
[    0.273048] pci_bus 0000:00: root bus resource [mem 0x000a0000-0x000bffff window]
[    0.273049] pci_bus 0000:00: root bus resource [mem 0x80000000-0xfdffffff window]
[    0.273050] pci_bus 0000:00: root bus resource [bus 00-ff]
[    0.273093] pci 0000:00:00.0: [8086:1237] type 00 class 0x060000
[    0.274061] pci 0000:00:01.0: [8086:7000] type 00 class 0x060100
[    0.274882] pci 0000:00:01.1: [8086:7111] type 00 class 0x01018a
[    0.275267] pci 0000:00:01.1: reg 0x20: [io  0xd000-0xd00f]
[    0.275434] pci 0000:00:01.1: legacy IDE quirk: reg 0x10: [io  0x01f0-0x01f7]
[    0.275435] pci 0000:00:01.1: legacy IDE quirk: reg 0x14: [io  0x03f6]
[    0.275436] pci 0000:00:01.1: legacy IDE quirk: reg 0x18: [io  0x0170-0x0177]
[    0.275437] pci 0000:00:01.1: legacy IDE quirk: reg 0x1c: [io  0x0376]
[    0.275974] pci 0000:00:02.0: [15ad:0405] type 00 class 0x030000
[    0.278110] pci 0000:00:02.0: reg 0x10: [io  0xd010-0xd01f]
[    0.282065] pci 0000:00:02.0: reg 0x14: [mem 0xe0000000-0xe7ffffff pref]
[    0.285041] pci 0000:00:02.0: reg 0x18: [mem 0xf0000000-0xf01fffff]
[    0.296715] pci 0000:00:03.0: [1022:2000] type 00 class 0x020000
[    0.298129] pci 0000:00:03.0: reg 0x10: [io  0xd020-0xd03f]
[    0.298753] pci 0000:00:03.0: reg 0x14: [mem 0xf0200000-0xf0200fff]
[    0.302508] pci 0000:00:04.0: [80ee:cafe] type 00 class 0x088000
[    0.303226] pci 0000:00:04.0: reg 0x10: [io  0xd040-0xd05f]
[    0.303879] pci 0000:00:04.0: reg 0x14: [mem 0xf0400000-0xf07fffff]
[    0.304518] pci 0000:00:04.0: reg 0x18: [mem 0xf0800000-0xf0803fff pref]
[    0.307972] pci 0000:00:07.0: [8086:7113] type 00 class 0x068000
[    0.308387] pci 0000:00:07.0: quirk: [io  0x4000-0x403f] claimed by PIIX4 ACPI
[    0.308396] pci 0000:00:07.0: quirk: [io  0x4100-0x410f] claimed by PIIX4 SMB
[    0.309011] pci 0000:00:08.0: [8086:100e] type 00 class 0x020000
[    0.309711] pci 0000:00:08.0: reg 0x10: [mem 0xf0820000-0xf083ffff]
[    0.310692] pci 0000:00:08.0: reg 0x18: [io  0xd060-0xd067]
[    0.313912] pci 0000:00:09.0: [8086:100e] type 00 class 0x020000
[    0.314676] pci 0000:00:09.0: reg 0x10: [mem 0xf0840000-0xf085ffff]
[    0.315840] pci 0000:00:09.0: reg 0x18: [io  0xd068-0xd06f]
[    0.326858] ACPI: PCI Interrupt Link [LNKA] (IRQs 5 9 10 *11)
[    0.327137] ACPI: PCI Interrupt Link [LNKB] (IRQs 5 9 *10 11)
[    0.327239] ACPI: PCI Interrupt Link [LNKC] (IRQs 5 *9 10 11)
[    0.327340] ACPI: PCI Interrupt Link [LNKD] (IRQs 5 9 10 *11)
[    0.327583] iommu: Default domain type: Translated 
[    0.327642] pci 0000:00:02.0: vgaarb: setting as boot VGA device
[    0.327644] pci 0000:00:02.0: vgaarb: VGA device added: decodes=io+mem,owns=io+mem,locks=none
[    0.327646] pci 0000:00:02.0: vgaarb: bridge control possible
[    0.327646] vgaarb: loaded
[    0.327862] SCSI subsystem initialized
[    0.327893] libata version 3.00 loaded.
[    0.327918] ACPI: bus type USB registered
[    0.327933] usbcore: registered new interface driver usbfs
[    0.327939] usbcore: registered new interface driver hub
[    0.327944] usbcore: registered new device driver usb
[    0.327971] pps_core: LinuxPPS API ver. 1 registered
[    0.327971] pps_core: Software ver. 5.3.6 - Copyright 2005-2007 Rodolfo Giometti <giometti@linux.it>
[    0.327973] PTP clock support registered
[    0.328009] EDAC MC: Ver: 3.0.0
[    0.328285] PCI: Using ACPI for IRQ routing
[    0.328286] PCI: pci_cache_line_size set to 64 bytes
[    0.328455] e820: reserve RAM buffer [mem 0x0009fc00-0x0009ffff]
[    0.328458] e820: reserve RAM buffer [mem 0x7fff0000-0x7fffffff]
[    0.328992] NetLabel: Initializing
[    0.328993] NetLabel:  domain hash size = 128
[    0.328994] NetLabel:  protocols = UNLABELED CIPSOv4 CALIPSO
[    0.329013] NetLabel:  unlabeled traffic allowed by default
[    0.329910] clocksource: Switched to clocksource kvm-clock
[    0.339476] *** VALIDATE bpf ***
[    0.339532] VFS: Disk quotas dquot_6.6.0
[    0.339544] VFS: Dquot-cache hash table entries: 512 (order 0, 4096 bytes)
[    0.339566] *** VALIDATE ramfs ***
[    0.339569] *** VALIDATE hugetlbfs ***
[    0.339647] AppArmor: AppArmor Filesystem Enabled
[    0.339669] pnp: PnP ACPI init
[    0.339726] pnp 00:00: Plug and Play ACPI device, IDs PNP0303 (active)
[    0.339810] pnp 00:01: Plug and Play ACPI device, IDs PNP0f03 (active)
[    0.340556] pnp: PnP ACPI: found 2 devices
[    0.341536] thermal_sys: Registered thermal governor 'fair_share'
[    0.341537] thermal_sys: Registered thermal governor 'bang_bang'
[    0.341538] thermal_sys: Registered thermal governor 'step_wise'
[    0.341538] thermal_sys: Registered thermal governor 'user_space'
[    0.341539] thermal_sys: Registered thermal governor 'power_allocator'
[    0.347489] clocksource: acpi_pm: mask: 0xffffff max_cycles: 0xffffff, max_idle_ns: 2085701024 ns
[    0.347527] pci_bus 0000:00: resource 4 [io  0x0000-0x0cf7 window]
[    0.347528] pci_bus 0000:00: resource 5 [io  0x0d00-0xffff window]
[    0.347530] pci_bus 0000:00: resource 6 [mem 0x000a0000-0x000bffff window]
[    0.347531] pci_bus 0000:00: resource 7 [mem 0x80000000-0xfdffffff window]
[    0.347593] NET: Registered protocol family 2
[    0.347669] IP idents hash table entries: 32768 (order: 6, 262144 bytes, linear)
[    0.348117] MPTCP tokens hash table entries: 8192 (order: 4, 65536 bytes, linear)
[    0.348137] MPTCP request tokens hash table entries: 8192 (order: 4, 65536 bytes, linear)
[    0.348162] default registered
[    0.348163] default registered
[    0.348163] MPTCP: Stable release v0.96
[    0.348169] tcp_listen_portaddr_hash hash table entries: 1024 (order: 2, 16384 bytes, linear)
[    0.348249] TCP established hash table entries: 16384 (order: 5, 131072 bytes, linear)
[    0.348315] TCP bind hash table entries: 16384 (order: 6, 262144 bytes, linear)
[    0.348341] TCP: Hash tables configured (established 16384 bind 16384)
[    0.348784] UDP hash table entries: 1024 (order: 3, 32768 bytes, linear)
[    0.348796] UDP-Lite hash table entries: 1024 (order: 3, 32768 bytes, linear)
[    0.348827] NET: Registered protocol family 1
[    0.348834] NET: Registered protocol family 44
[    0.348854] pci 0000:00:00.0: Limiting direct PCI/PCI transfers
[    0.348867] pci 0000:00:01.0: Activating ISA DMA hang workarounds
[    0.348925] pci 0000:00:02.0: Video device with shadowed ROM at [mem 0x000c0000-0x000dffff]
[    0.348990] PCI: CLS 0 bytes, default 64
[    0.349034] Trying to unpack rootfs image as initramfs...
[    0.495801] Freeing initrd memory: 47868K
[    0.495801] clocksource: tsc: mask: 0xffffffffffffffff max_cycles: 0x1e4530a99b6, max_idle_ns: 440795257976 ns
[    0.495801] clocksource: Switched to clocksource tsc
[    0.495801] platform rtc_cmos: registered platform RTC device (no PNP device found)
[    0.495801] check: Scanning for low memory corruption every 60 seconds
[    0.495801] Initialise system trusted keyrings
[    0.495801] Key type blacklist registered
[    0.495801] workingset: timestamp_bits=36 max_order=19 bucket_order=0
[    0.495801] zbud: loaded
[    0.495801] squashfs: version 4.0 (2009/01/31) Phillip Lougher
[    0.495801] fuse: init (API version 7.31)
[    0.495801] *** VALIDATE fuse ***
[    0.495801] *** VALIDATE fuse ***
[    0.495801] Platform Keyring initialized
[    0.495801] Key type asymmetric registered
[    0.495801] Asymmetric key parser 'x509' registered
[    0.495801] Block layer SCSI generic (bsg) driver version 0.4 loaded (major 244)
[    0.495801] io scheduler mq-deadline registered
[    0.495801] shpchp: Standard Hot Plug PCI Controller Driver version: 0.4
[    0.509629] ACPI: AC Adapter [AC] (on-line)
[    0.509676] input: Power Button as /devices/LNXSYSTM:00/LNXPWRBN:00/input/input0
[    0.509704] ACPI: Power Button [PWRF]
[    0.509785] input: Sleep Button as /devices/LNXSYSTM:00/LNXSLPBN:00/input/input1
[    0.509799] ACPI: Sleep Button [SLPF]
[    0.510032] Serial: 8250/16550 driver, 32 ports, IRQ sharing enabled
[    0.511203] Linux agpgart interface v0.103
[    0.607185] loop: module loaded
[    0.607311] ata_piix 0000:00:01.1: version 2.13
[    0.607697] scsi host0: ata_piix
[    0.607781] scsi host1: ata_piix
[    0.607807] ata1: PATA max UDMA/33 cmd 0x1f0 ctl 0x3f6 bmdma 0xd000 irq 14
[    0.607808] ata2: PATA max UDMA/33 cmd 0x170 ctl 0x376 bmdma 0xd008 irq 15
[    0.607879] tun: Universal TUN/TAP device driver, 1.6
[    0.608176] PPP generic driver version 2.4.2
[    0.608217] VFIO - User Level meta-driver version: 0.3
[    0.608447] ehci_hcd: USB 2.0 'Enhanced' Host Controller (EHCI) Driver
[    0.608451] ehci-pci: EHCI PCI platform driver
[    0.608463] ehci-platform: EHCI generic platform driver
[    0.608468] ohci_hcd: USB 1.1 'Open' Host Controller (OHCI) Driver
[    0.608470] ohci-pci: OHCI PCI platform driver
[    0.608477] ohci-platform: OHCI generic platform driver
[    0.608481] uhci_hcd: USB Universal Host Controller Interface driver
[    0.608543] i8042: PNP: PS/2 Controller [PNP0303:PS2K,PNP0f03:PS2M] at 0x60,0x64 irq 1,12
[    0.608974] serio: i8042 KBD port at 0x60,0x64 irq 1
[    0.608977] serio: i8042 AUX port at 0x60,0x64 irq 12
[    0.609059] mousedev: PS/2 mouse device common for all mice
[    0.609296] input: AT Translated Set 2 keyboard as /devices/platform/i8042/serio0/input/input2
[    0.609689] rtc_cmos rtc_cmos: registered as rtc0
[    0.609703] rtc_cmos rtc_cmos: alarms up to one day, 114 bytes nvram
[    0.609708] i2c /dev entries driver
[    0.609746] device-mapper: uevent: version 1.0.3
[    0.609786] device-mapper: ioctl: 4.41.0-ioctl (2019-09-16) initialised: dm-devel@redhat.com
[    0.609801] platform eisa.0: Probing EISA bus 0
[    0.609803] platform eisa.0: EISA: Cannot allocate resource for mainboard
[    0.609804] platform eisa.0: Cannot allocate resource for EISA slot 1
[    0.609805] platform eisa.0: Cannot allocate resource for EISA slot 2
[    0.609806] platform eisa.0: Cannot allocate resource for EISA slot 3
[    0.609807] platform eisa.0: Cannot allocate resource for EISA slot 4
[    0.609808] platform eisa.0: Cannot allocate resource for EISA slot 5
[    0.609809] platform eisa.0: Cannot allocate resource for EISA slot 6
[    0.609810] platform eisa.0: Cannot allocate resource for EISA slot 7
[    0.609811] platform eisa.0: Cannot allocate resource for EISA slot 8
[    0.609812] platform eisa.0: EISA: Detected 0 cards
[    0.609814] intel_pstate: CPU model not supported
[    0.609822] ledtrig-cpu: registered to indicate activity on CPUs
[    0.609868] drop_monitor: Initializing network drop monitor service
[    0.610027] NET: Registered protocol family 10
[    0.615039] Segment Routing with IPv6
[    0.615069] fullmesh registered
[    0.615070] ndiffports registered
[    0.615072] binder registered
[    0.615073] roundrobin registered
[    0.615073] redundant registered
[    0.615074] blest registered
[    0.615074] ecf registered
[    0.615075] NET: Registered protocol family 17
[    0.615105] Key type dns_resolver registered
[    0.615202] RAS: Correctable Errors collector initialized.
[    0.615215] IPI shorthand broadcast: enabled
[    0.615228] sched_clock: Marking stable (600150773, 11146668)->(614680940, -3383499)
[    0.615272] registered taskstats version 1
[    0.615280] Loading compiled-in X.509 certificates
[    0.615866] Loaded X.509 cert 'Build time autogenerated kernel key: 6909f3744cebb3d0de528d5887b96a727de79b1e'
[    0.615881] zswap: loaded using pool lzo/zbud
[    0.615931] Key type ._fscrypt registered
[    0.615931] Key type .fscrypt registered
[    0.620340] Key type big_key registered
[    0.622500] Key type encrypted registered
[    0.622503] AppArmor: AppArmor sha1 policy hashing enabled
[    0.622511] ima: No TPM chip found, activating TPM-bypass!
[    0.622514] ima: Allocated hash algorithm: sha1
[    0.622519] ima: No architecture policies found
[    0.622528] evm: Initialising EVM extended attributes:
[    0.622528] evm: security.selinux
[    0.622529] evm: security.SMACK64
[    0.622529] evm: security.SMACK64EXEC
[    0.622530] evm: security.SMACK64TRANSMUTE
[    0.622530] evm: security.SMACK64MMAP
[    0.622530] evm: security.apparmor
[    0.622531] evm: security.ima
[    0.622532] evm: security.capability
[    0.622532] evm: HMAC attrs: 0x1
[    0.622820] PM:   Magic number: 10:983:794
[    0.622924] rtc_cmos rtc_cmos: setting system clock to 2026-01-13T17:46:40 UTC (1768326400)
[    0.781746] ata1.00: ATA-6: VBOX HARDDISK, 1.0, max UDMA/133
[    0.781750] ata1.00: 209715200 sectors, multi 128: LBA 
[    0.782491] scsi 0:0:0:0: Direct-Access     ATA      VBOX HARDDISK    1.0  PQ: 0 ANSI: 5
[    0.782808] sd 0:0:0:0: [sda] 209715200 512-byte logical blocks: (107 GB/100 GiB)
[    0.782823] sd 0:0:0:0: [sda] Write Protect is off
[    0.782827] sd 0:0:0:0: [sda] Mode Sense: 00 3a 00 00
[    0.782851] sd 0:0:0:0: [sda] Write cache: enabled, read cache: enabled, doesn't support DPO or FUA
[    0.783094] sd 0:0:0:0: Attached scsi generic sg0 type 0
[    0.784145]  sda: sda1 sda2
[    0.798479] sd 0:0:0:0: [sda] Attached SCSI disk
[    0.802441] Freeing unused decrypted memory: 2040K
[    0.803508] Freeing unused kernel image memory: 2728K
[    0.803512] Write protecting the kernel read-only data: 22528k
[    0.804702] Freeing unused kernel image memory: 2036K
[    0.805337] Freeing unused kernel image memory: 1432K
[    0.837039] x86/mm: Checked W+X mappings: passed, no W+X pages found.
[    0.837044] Run /init as init process
[    0.952443] ACPI: Video Device [GFX0] (multi-head: yes  rom: no  post: no)
[    0.952514] input: Video Bus as /devices/LNXSYSTM:00/LNXSYBUS:00/PNP0A03:00/LNXVIDEO:00/input/input4
[    0.965018] pcnet32: pcnet32.c:v1.35 21.Apr.2008 tsbogend@alpha.franken.de
[    0.965884] pcnet32: PCnet/FAST III 79C973 at 0xd020, 08:00:27:0e:d1:be assigned IRQ 19
[    0.965927] pcnet32: Found PHY 0022:561b at address 0
[    0.966227] pcnet32: eth0: registered as PCnet/FAST III 79C973
[    0.967026] pcnet32: 1 cards_found
[    0.968346] piix4_smbus 0000:00:07.0: SMBus Host Controller at 0x4100, revision 0
[    0.972307] e1000: Intel(R) PRO/1000 Network Driver - version 7.3.21-k8-NAPI
[    0.972308] e1000: Copyright (c) 1999-2006 Intel Corporation.
[    1.040632] pcnet32 0000:00:03.0 enp0s3: renamed from eth0
[    1.192465] input: ImExPS/2 Generic Explorer Mouse as /devices/platform/i8042/serio1/input/input5
[    1.375469] e1000 0000:00:08.0 eth0: (PCI:33MHz:32-bit) 08:00:27:55:5d:56
[    1.375472] e1000 0000:00:08.0 eth0: Intel(R) PRO/1000 Network Connection
[    1.751617] e1000 0000:00:09.0 eth1: (PCI:33MHz:32-bit) 08:00:27:c6:df:55
[    1.751619] e1000 0000:00:09.0 eth1: Intel(R) PRO/1000 Network Connection
[    1.752794] e1000 0000:00:09.0 enp0s9: renamed from eth1
[    1.754587] e1000 0000:00:08.0 enp0s8: renamed from eth0
[    1.896101] EXT4-fs (sda2): mounted filesystem with ordered data mode. Opts: (null)
[    1.981869] systemd[1]: Inserted module 'autofs4'
[    1.992176] systemd[1]: systemd 245.4-4ubuntu3 running in system mode. (+PAM +AUDIT +SELINUX +IMA +APPARMOR +SMACK +SYSVINIT +UTMP +LIBCRYPTSETUP +GCRYPT +GNUTLS +ACL +XZ +LZ4 +SECCOMP +BLKID +ELFUTILS +KMOD +IDN2 -IDN +PCRE2 default-hierarchy=hybrid)
[    1.992208] systemd[1]: Detected virtualization oracle.
[    1.992214] systemd[1]: Detected architecture x86-64.
[    1.993495] systemd[1]: Set hostname to <ztg>.
[    2.115472] systemd[1]: /lib/systemd/system/dbus.socket:5: ListenStream= references a path below legacy directory /var/run/, updating /var/run/dbus/system_bus_socket â†’ /run/dbus/system_bus_socket; please update the unit file accordingly.
[    2.166098] systemd[1]: Created slice system-modprobe.slice.
[    2.166280] systemd[1]: Created slice User and Session Slice.
[    2.166323] systemd[1]: Started Forward Password Requests to Wall Directory Watch.
[    2.166480] systemd[1]: Set up automount Arbitrary Executable File Formats File System Automount Point.
[    2.166512] systemd[1]: Reached target User and Group Name Lookups.
[    2.166520] systemd[1]: Reached target Remote File Systems.
[    2.166528] systemd[1]: Reached target Slices.
[    2.167003] systemd[1]: Listening on Syslog Socket.
[    2.167067] systemd[1]: Listening on fsck to fsckd communication Socket.
[    2.167105] systemd[1]: Listening on initctl Compatibility Named Pipe.
[    2.167297] systemd[1]: Listening on Journal Audit Socket.
[    2.167355] systemd[1]: Listening on Journal Socket (/dev/log).
[    2.167424] systemd[1]: Listening on Journal Socket.
[    2.167487] systemd[1]: Listening on udev Control Socket.
[    2.167523] systemd[1]: Listening on udev Kernel Socket.
[    2.168244] systemd[1]: Mounting Huge Pages File System...
[    2.169102] systemd[1]: Mounting POSIX Message Queue File System...
[    2.169977] systemd[1]: Mounting Kernel Debug File System...
[    2.170818] systemd[1]: Mounting Kernel Trace File System...
[    2.172736] systemd[1]: Starting Journal Service...
[    2.197869] systemd[1]: Starting Set the console keyboard layout...
[    2.205694] systemd[1]: Starting Create list of static device nodes for the current kernel...
[    2.207729] systemd[1]: Starting Load Kernel Module drm...
[    2.208793] systemd[1]: Condition check resulted in Set Up Additional Binary Formats being skipped.
[    2.208837] systemd[1]: Condition check resulted in File System Check on Root Device being skipped.
[    2.221889] systemd[1]: Starting Load Kernel Modules...
[    2.227139] systemd[1]: Starting Remount Root and Kernel File Systems...
[    2.241620] systemd[1]: Starting udev Coldplug all Devices...
[    2.247865] systemd[1]: Starting Uncomplicated firewall...
[    2.249392] systemd[1]: Mounted Huge Pages File System.
[    2.249481] systemd[1]: Mounted POSIX Message Queue File System.
[    2.249561] systemd[1]: Mounted Kernel Debug File System.
[    2.249635] systemd[1]: Mounted Kernel Trace File System.
[    2.251690] EXT4-fs (sda2): re-mounted. Opts: errors=remount-ro
[    2.274632] systemd[1]: Finished Create list of static device nodes for the current kernel.
[    2.275702] systemd[1]: modprobe@drm.service: Succeeded.
[    2.282107] systemd[1]: Finished Load Kernel Module drm.
[    2.282704] systemd[1]: Finished Remount Root and Kernel File Systems.
[    2.298132] systemd[1]: Finished Uncomplicated firewall.
[    2.314522] lp: driver loaded but no devices found
[    2.316579] systemd[1]: Condition check resulted in Rebuild Hardware Database being skipped.
[    2.316614] systemd[1]: Condition check resulted in Platform Persistent Storage Archival being skipped.
[    2.317253] systemd[1]: Starting Load/Save Random Seed...
[    2.322819] systemd[1]: Starting Create System Users...
[    2.328986] ppdev: user-space parallel port driver
[    2.334450] systemd[1]: Finished Load/Save Random Seed.
[    2.338420] systemd[1]: Finished Create System Users.
[    2.339107] systemd[1]: Starting Create Static Device Nodes in /dev...
[    2.367183] systemd[1]: Finished Create Static Device Nodes in /dev.
[    2.367912] systemd[1]: Starting udev Kernel Device Manager...
[    2.377110] systemd[1]: Finished udev Coldplug all Devices.
[    2.439872] [drm] DMA map mode: Caching DMA mappings.
[    2.439943] [drm] Capabilities:
[    2.439943] [drm]   Rect copy.
[    2.439943] [drm]   Cursor.
[    2.439944] [drm]   Cursor bypass.
[    2.439944] [drm]   Cursor bypass 2.
[    2.439945] [drm]   Alpha cursor.
[    2.439945] [drm]   Extended Fifo.
[    2.439945] [drm]   Pitchlock.
[    2.439946] [drm]   Irq mask.
[    2.439946] [drm]   GMR.
[    2.439946] [drm]   Traces.
[    2.439947] [drm]   GMR2.
[    2.439947] [drm]   Screen Object 2.
[    2.439947] [drm]   Command Buffers.
[    2.439948] [drm]   Command Buffers 2.
[    2.439948] [drm]   Guest Backed Resources.
[    2.439949] [drm] Max GMR ids is 8192
[    2.439950] [drm] Max number of GMR pages is 1048576
[    2.439950] [drm] Max dedicated hypervisor surface memory is 393216 kiB
[    2.439951] [drm] Maximum display memory size is 131072 kiB
[    2.439952] [drm] VRAM at 0xe0000000 size is 131072 kiB
[    2.439952] [drm] MMIO at 0xf0000000 size is 2048 kiB
[    2.448481] [TTM] Zone  kernel: Available graphics memory: 1011738 KiB
[    2.448482] [TTM] Initializing pool allocator
[    2.448486] [TTM] Initializing DMA pool allocator
[    2.448515] [drm] Supports vblank timestamp caching Rev 2 (21.10.2013).
[    2.448516] [drm] No driver support for vblank timestamp query.
[    2.448739] [drm] Screen Target Display device initialized
[    2.448963] [drm] width 720
[    2.448972] [drm] height 400
[    2.448975] [drm] bpp 32
[    2.449277] [drm] Fifo max 0x00200000 min 0x00001000 cap 0x00000355
[    2.450377] [drm] Using command buffers with DMA pool.
[    2.450380] [drm] DX: no.
[    2.450381] [drm] Atomic: yes.
[    2.450381] [drm] SM4_1: no.
[    2.450402] [drm:vmw_host_log [vmwgfx]] *ERROR* Failed to send host log message.
[    2.451535] [drm:vmw_host_log [vmwgfx]] *ERROR* Failed to send host log message.
[    2.461714] systemd[1]: Finished Set the console keyboard layout.
[    2.461817] systemd[1]: Reached target Local File Systems (Pre).
[    2.463837] systemd[1]: Mounting Mount unit for bare, revision 5...
[    2.465871] systemd[1]: Mounting Mount unit for core18, revision 1705...
[    2.466975] fbcon: svgadrmfb (fb0) is primary device
[    2.470294] Console: switching to colour frame buffer device 100x37
[    2.479017] systemd[1]: Mounting Mount unit for gnome-3-34-1804, revision 24...
[    2.479840] [drm] Initialized vmwgfx 2.15.0 20180704 for 0000:00:02.0 on minor 0
[    2.507629] systemd[1]: Mounting Mount unit for gtk-common-themes, revision 1506...
[    2.516602] systemd[1]: Mounting Mount unit for gtk-common-themes, revision 1535...
[    2.526794] systemd[1]: Mounting Mount unit for snap-store, revision 433...
[    2.529774] systemd[1]: Mounting Mount unit for snapd, revision 25935...
[    2.533604] systemd[1]: Finished Load Kernel Modules.
[    2.539952] systemd[1]: Mounting FUSE Control File System...
[    2.545516] systemd[1]: Mounting Kernel Configuration File System...
[    2.552890] systemd[1]: Starting Apply Kernel Variables...
[    2.572222] systemd[1]: Mounted Mount unit for bare, revision 5.
[    2.572325] systemd[1]: Mounted Mount unit for gnome-3-34-1804, revision 24.
[    2.572403] systemd[1]: Mounted FUSE Control File System.
[    2.572471] systemd[1]: Mounted Kernel Configuration File System.
[    2.572519] systemd[1]: Condition check resulted in VMware vmblock fuse mount being skipped.
[    2.577052] systemd[1]: Mounted Mount unit for core18, revision 1705.
[    2.581519] systemd[1]: Finished Apply Kernel Variables.
[    2.608640] systemd[1]: Mounted Mount unit for gtk-common-themes, revision 1506.
[    2.617416] systemd[1]: Mounted Mount unit for snap-store, revision 433.
[    2.619273] systemd[1]: Started udev Kernel Device Manager.
[    2.620017] systemd[1]: Starting Show Plymouth Boot Screen...
[    2.625172] systemd[1]: Received SIGRTMIN+20 from PID 284 (plymouthd).
[    2.629658] systemd[1]: Mounted Mount unit for gtk-common-themes, revision 1535.
[    2.631383] systemd[1]: Mounted Mount unit for snapd, revision 25935.
[    2.647524] systemd[1]: Reached target Local File Systems.
[    2.651496] systemd[1]: Starting Load AppArmor profiles...
[    2.656559] systemd[1]: Starting Set console font and keymap...
[    2.666724] systemd[1]: Starting Tell Plymouth To Write Out Runtime Data...
[    2.667160] systemd[1]: Condition check resulted in Store a System Token in an EFI Variable being skipped.
[    2.667216] systemd[1]: Condition check resulted in Commit a transient machine-id on disk being skipped.
[    2.667408] systemd[1]: Started Show Plymouth Boot Screen.
[    2.670853] systemd[1]: Finished Set console font and keymap.
[    2.671049] systemd[1]: Condition check resulted in Dispatch Password Requests to Console Directory Watch being skipped.
[    2.671137] systemd[1]: Started Forward Password Requests to Plymouth Directory Watch.
[    2.671204] systemd[1]: Reached target Local Encrypted Volumes.
[    2.678870] systemd[1]: Received SIGRTMIN+20 from PID 284 (plymouthd).
[    2.680497] systemd[1]: plymouth-read-write.service: Succeeded.
[    2.680728] systemd[1]: Finished Tell Plymouth To Write Out Runtime Data.
[    2.700573] audit: type=1400 audit(1768326402.576:2): apparmor="STATUS" operation="profile_load" profile="unconfined" name="nvidia_modprobe" pid=297 comm="apparmor_parser"
[    2.700575] audit: type=1400 audit(1768326402.576:3): apparmor="STATUS" operation="profile_load" profile="unconfined" name="nvidia_modprobe//kmod" pid=297 comm="apparmor_parser"
[    2.707376] audit: type=1400 audit(1768326402.584:4): apparmor="STATUS" operation="profile_load" profile="unconfined" name="/usr/sbin/tcpdump" pid=298 comm="apparmor_parser"
[    2.754829] audit: type=1400 audit(1768326402.624:5): apparmor="STATUS" operation="profile_load" profile="unconfined" name="/usr/bin/evince" pid=300 comm="apparmor_parser"
[    2.754831] audit: type=1400 audit(1768326402.624:6): apparmor="STATUS" operation="profile_load" profile="unconfined" name="/usr/bin/evince//sanitized_helper" pid=300 comm="apparmor_parser"
[    2.754833] audit: type=1400 audit(1768326402.624:7): apparmor="STATUS" operation="profile_load" profile="unconfined" name="/usr/bin/evince-previewer" pid=300 comm="apparmor_parser"
[    2.754835] audit: type=1400 audit(1768326402.624:8): apparmor="STATUS" operation="profile_load" profile="unconfined" name="/usr/bin/evince-previewer//sanitized_helper" pid=300 comm="apparmor_parser"
[    2.754836] audit: type=1400 audit(1768326402.624:9): apparmor="STATUS" operation="profile_load" profile="unconfined" name="/usr/bin/evince-thumbnailer" pid=300 comm="apparmor_parser"
[    2.768962] audit: type=1400 audit(1768326402.644:10): apparmor="STATUS" operation="profile_load" profile="unconfined" name="/usr/lib/cups/backend/cups-pdf" pid=306 comm="apparmor_parser"
[    2.866788] systemd[1]: Finished Load AppArmor profiles.
[    2.867731] systemd[1]: Starting Load AppArmor profiles managed internally by snapd...
[    2.986817] systemd[1]: Finished Load AppArmor profiles managed internally by snapd.
[    3.136782] systemd[1]: Started Journal Service.
[    3.146631] systemd-journald[229]: Received client request to flush runtime journal.
[    3.150192] systemd-journald[229]: File /var/log/journal/c455b248004a419c87ce85eea238d727/system.journal corrupted or uncleanly shut down, renaming and replacing.
[    4.458990] RAPL PMU: API unit is 2^-32 Joules, 0 fixed counters, 10737418240 ms ovfl timer
[    4.524616] cryptd: max_cpu_qlen set to 1000
[    4.572824] AVX2 version of gcm_enc/dec engaged.
[    4.572825] AES CTR mode by8 optimization enabled
[    6.350776] Adding 1998844k swap on /dev/sda1.  Priority:-2 extents:1 across:1998844k FS
[    7.541408] kauditd_printk_skb: 30 callbacks suppressed
[    7.541409] audit: type=1400 audit(1768326407.412:41): apparmor="DENIED" operation="capable" profile="/usr/sbin/cups-browsed" pid=509 comm="cups-browsed" capability=23  capname="sys_nice"
[    8.756535] pcnet32 0000:00:03.0 enp0s3: link up, 100Mbps, full-duplex
[    8.802317] e1000: enp0s8 NIC Link is Up 1000 Mbps Full Duplex, Flow Control: RX
[    8.802609] IPv6: ADDRCONF(NETDEV_CHANGE): enp0s8: link becomes ready
[    8.826025] e1000: enp0s9 NIC Link is Up 1000 Mbps Full Duplex, Flow Control: RX
[    8.826316] IPv6: ADDRCONF(NETDEV_CHANGE): enp0s9: link becomes ready
[    9.455687] device enp0s3 entered promiscuous mode
[    9.482662] audit: type=1400 audit(1768326409.348:42): apparmor="DENIED" operation="open" profile="/usr/sbin/tcpdump" name="/proc/sys/kernel/random/boot_id" pid=638 comm="tcpdump" requested_mask="r" denied_mask="r" fsuid=0 ouid=0
[    9.482892] audit: type=1400 audit(1768326409.348:43): apparmor="DENIED" operation="open" profile="/usr/sbin/tcpdump" name="/proc/sys/kernel/random/boot_id" pid=638 comm="tcpdump" requested_mask="r" denied_mask="r" fsuid=0 ouid=0
[    9.482944] audit: type=1400 audit(1768326409.348:44): apparmor="DENIED" operation="open" profile="/usr/sbin/tcpdump" name="/proc/sys/kernel/random/boot_id" pid=638 comm="tcpdump" requested_mask="r" denied_mask="r" fsuid=0 ouid=0
[    9.483031] audit: type=1400 audit(1768326409.348:45): apparmor="DENIED" operation="open" profile="/usr/sbin/tcpdump" name="/proc/sys/kernel/random/boot_id" pid=638 comm="tcpdump" requested_mask="r" denied_mask="r" fsuid=0 ouid=0
[    9.485190] audit: type=1400 audit(1768326409.360:46): apparmor="DENIED" operation="open" profile="/usr/sbin/tcpdump" name="/proc/sys/kernel/random/boot_id" pid=639 comm="tcpdump" requested_mask="r" denied_mask="r" fsuid=0 ouid=0
[    9.485350] audit: type=1400 audit(1768326409.360:47): apparmor="DENIED" operation="open" profile="/usr/sbin/tcpdump" name="/proc/sys/kernel/random/boot_id" pid=639 comm="tcpdump" requested_mask="r" denied_mask="r" fsuid=0 ouid=0
[    9.485455] audit: type=1400 audit(1768326409.360:48): apparmor="DENIED" operation="open" profile="/usr/sbin/tcpdump" name="/proc/sys/kernel/random/boot_id" pid=639 comm="tcpdump" requested_mask="r" denied_mask="r" fsuid=0 ouid=0
[    9.485511] audit: type=1400 audit(1768326409.360:49): apparmor="DENIED" operation="open" profile="/usr/sbin/tcpdump" name="/proc/sys/kernel/random/boot_id" pid=639 comm="tcpdump" requested_mask="r" denied_mask="r" fsuid=0 ouid=0
[   15.162778] rfkill: input handler disabled
[  180.222367] AAAAA-TCP_FORW: name:enp0s3: saddr:100932208: daddr:16783984
[  566.550906] rfkill: input handler enabled
[  575.603261] rfkill: input handler disabled
[  783.059896] device enp0s3 left promiscuous mode
