[    0.000000] Linux version 5.4.243-mptcp (root@ztg) (gcc version 12.2.0 (Debian 12.2.0-14+deb12u1)) #53 SMP Wed Dec 24 23:28:15 CST 2025
[    0.000000] Command line: BOOT_IMAGE=/boot/vmlinuz-5.4.243-mptcp root=UUID=98415a12-53b7-4144-8265-0f7ece09e445 ro quiet splash
[    0.000000] KERNEL supported cpus:
[    0.000000]   Intel GenuineIntel
[    0.000000]   AMD AuthenticAMD
[    0.000000]   Hygon HygonGenuine
[    0.000000]   Centaur CentaurHauls
[    0.000000]   zhaoxin   Shanghai  
[    0.000000] x86/fpu: Supporting XSAVE feature 0x001: 'x87 floating point registers'
[    0.000000] x86/fpu: Supporting XSAVE feature 0x002: 'SSE registers'
[    0.000000] x86/fpu: Supporting XSAVE feature 0x004: 'AVX registers'
[    0.000000] x86/fpu: xstate_offset[2]:  576, xstate_sizes[2]:  256
[    0.000000] x86/fpu: Enabled xstate features 0x7, context size is 832 bytes, using 'standard' format.
[    0.000000] BIOS-provided physical RAM map:
[    0.000000] BIOS-e820: [mem 0x0000000000000000-0x000000000009fbff] usable
[    0.000000] BIOS-e820: [mem 0x000000000009fc00-0x000000000009ffff] reserved
[    0.000000] BIOS-e820: [mem 0x00000000000f0000-0x00000000000fffff] reserved
[    0.000000] BIOS-e820: [mem 0x0000000000100000-0x000000007ffeffff] usable
[    0.000000] BIOS-e820: [mem 0x000000007fff0000-0x000000007fffffff] ACPI data
[    0.000000] BIOS-e820: [mem 0x00000000fec00000-0x00000000fec00fff] reserved
[    0.000000] BIOS-e820: [mem 0x00000000fee00000-0x00000000fee00fff] reserved
[    0.000000] BIOS-e820: [mem 0x00000000fffc0000-0x00000000ffffffff] reserved
[    0.000000] NX (Execute Disable) protection: active
[    0.000000] SMBIOS 2.5 present.
[    0.000000] DMI: innotek GmbH VirtualBox/VirtualBox, BIOS VirtualBox 12/01/2006
[    0.000000] Hypervisor detected: KVM
[    0.000000] kvm-clock: Using msrs 4b564d01 and 4b564d00
[    0.000000] kvm-clock: cpu 0, msr 38001001, primary cpu clock
[    0.000000] kvm-clock: using sched offset of 4405896006 cycles
[    0.000003] clocksource: kvm-clock: mask: 0xffffffffffffffff max_cycles: 0x1cd42e4dffb, max_idle_ns: 881590591483 ns
[    0.000006] tsc: Detected 2100.000 MHz processor
[    0.001894] e820: update [mem 0x00000000-0x00000fff] usable ==> reserved
[    0.001896] e820: remove [mem 0x000a0000-0x000fffff] usable
[    0.001900] last_pfn = 0x7fff0 max_arch_pfn = 0x400000000
[    0.001968] MTRR default type: uncachable
[    0.001969] MTRR fixed ranges enabled:
[    0.001970]   00000-9FFFF write-back
[    0.001970]   A0000-BFFFF uncachable
[    0.001971]   C0000-FFFFF write-protect
[    0.001972] MTRR variable ranges enabled:
[    0.001974]   0 base 000000000000 mask 3FFF80000000 write-back
[    0.001974]   1 disabled
[    0.001975]   2 disabled
[    0.001975]   3 disabled
[    0.001976]   4 disabled
[    0.001976]   5 disabled
[    0.001976]   6 disabled
[    0.001977]   7 disabled
[    0.001977]   8 disabled
[    0.001978]   9 disabled
[    0.001978]   10 disabled
[    0.001979]   11 disabled
[    0.001979]   12 disabled
[    0.001979]   13 disabled
[    0.001980]   14 disabled
[    0.001980]   15 disabled
[    0.001998] x86/PAT: Configuration [0-7]: WB  WC  UC- UC  WB  WP  UC- WT  
[    0.002131] found SMP MP-table at [mem 0x0009fff0-0x0009ffff]
[    0.091695] check: Scanning 1 areas for low memory corruption
[    0.091894] RAMDISK: [mem 0x32271000-0x3512ffff]
[    0.091903] ACPI: Early table checksum verification disabled
[    0.091909] ACPI: RSDP 0x00000000000E0000 000024 (v02 VBOX  )
[    0.091915] ACPI: XSDT 0x000000007FFF0030 00003C (v01 VBOX   VBOXXSDT 00000001 ASL  00000061)
[    0.091921] ACPI: FACP 0x000000007FFF00F0 0000F4 (v04 VBOX   VBOXFACP 00000001 ASL  00000061)
[    0.091928] ACPI: DSDT 0x000000007FFF02E0 002353 (v02 VBOX   VBOXBIOS 00000002 VBOX 00029BF3)
[    0.091932] ACPI: FACS 0x000000007FFF0200 000040
[    0.091935] ACPI: FACS 0x000000007FFF0200 000040
[    0.091938] ACPI: APIC 0x000000007FFF0240 000054 (v02 VBOX   VBOXAPIC 00000001 ASL  00000061)
[    0.091942] ACPI: SSDT 0x000000007FFF02A0 000038 (v01 VBOX   VBOXCPUT 00000002 VBOX 00029BF3)
[    0.091945] ACPI: Reserving FACP table memory at [mem 0x7fff00f0-0x7fff01e3]
[    0.091946] ACPI: Reserving DSDT table memory at [mem 0x7fff02e0-0x7fff2632]
[    0.091947] ACPI: Reserving FACS table memory at [mem 0x7fff0200-0x7fff023f]
[    0.091948] ACPI: Reserving FACS table memory at [mem 0x7fff0200-0x7fff023f]
[    0.091948] ACPI: Reserving APIC table memory at [mem 0x7fff0240-0x7fff0293]
[    0.091949] ACPI: Reserving SSDT table memory at [mem 0x7fff02a0-0x7fff02d7]
[    0.091964] ACPI: Local APIC address 0xfee00000
[    0.092149] No NUMA configuration found
[    0.092151] Faking a node at [mem 0x0000000000000000-0x000000007ffeffff]
[    0.092161] NODE_DATA(0) allocated [mem 0x7ffc5000-0x7ffeffff]
[    0.092422] Zone ranges:
[    0.092423]   DMA      [mem 0x0000000000001000-0x0000000000ffffff]
[    0.092424]   DMA32    [mem 0x0000000001000000-0x000000007ffeffff]
[    0.092425]   Normal   empty
[    0.092426]   Device   empty
[    0.092427] Movable zone start for each node
[    0.092429] Early memory node ranges
[    0.092429]   node   0: [mem 0x0000000000001000-0x000000000009efff]
[    0.092430]   node   0: [mem 0x0000000000100000-0x000000007ffeffff]
[    0.092433] Zeroed struct page in unavailable ranges: 114 pages
[    0.092434] Initmem setup node 0 [mem 0x0000000000001000-0x000000007ffeffff]
[    0.092435] On node 0 totalpages: 524174
[    0.092437]   DMA zone: 64 pages used for memmap
[    0.092437]   DMA zone: 21 pages reserved
[    0.092438]   DMA zone: 3998 pages, LIFO batch:0
[    0.092508]   DMA32 zone: 8128 pages used for memmap
[    0.092509]   DMA32 zone: 520176 pages, LIFO batch:63
[    0.101624] ACPI: PM-Timer IO Port: 0x4008
[    0.101628] ACPI: Local APIC address 0xfee00000
[    0.101698] IOAPIC[0]: apic_id 1, version 32, address 0xfec00000, GSI 0-23
[    0.101702] ACPI: INT_SRC_OVR (bus 0 bus_irq 0 global_irq 2 dfl dfl)
[    0.101704] ACPI: INT_SRC_OVR (bus 0 bus_irq 9 global_irq 9 low level)
[    0.101706] ACPI: IRQ0 used by override.
[    0.101707] ACPI: IRQ9 used by override.
[    0.101709] Using ACPI (MADT) for SMP configuration information
[    0.101716] smpboot: Allowing 1 CPUs, 0 hotplug CPUs
[    0.101739] PM: Registered nosave memory: [mem 0x00000000-0x00000fff]
[    0.101740] PM: Registered nosave memory: [mem 0x0009f000-0x0009ffff]
[    0.101740] PM: Registered nosave memory: [mem 0x000a0000-0x000effff]
[    0.101741] PM: Registered nosave memory: [mem 0x000f0000-0x000fffff]
[    0.101743] [mem 0x80000000-0xfebfffff] available for PCI devices
[    0.101744] Booting paravirtualized kernel on KVM
[    0.101747] clocksource: refined-jiffies: mask: 0xffffffff max_cycles: 0xffffffff, max_idle_ns: 7645519600211568 ns
[    0.101752] setup_percpu: NR_CPUS:8192 nr_cpumask_bits:1 nr_cpu_ids:1 nr_node_ids:1
[    0.102770] percpu: Embedded 60 pages/cpu s208896 r8192 d28672 u2097152
[    0.102775] pcpu-alloc: s208896 r8192 d28672 u2097152 alloc=1*2097152
[    0.102776] pcpu-alloc: [0] 0 
[    0.102803] Built 1 zonelists, mobility grouping on.  Total pages: 515961
[    0.102803] Policy zone: DMA32
[    0.102805] Kernel command line: BOOT_IMAGE=/boot/vmlinuz-5.4.243-mptcp root=UUID=98415a12-53b7-4144-8265-0f7ece09e445 ro quiet splash
[    0.103647] Dentry cache hash table entries: 262144 (order: 9, 2097152 bytes, linear)
[    0.103796] Inode-cache hash table entries: 131072 (order: 8, 1048576 bytes, linear)
[    0.103846] mem auto-init: stack:off, heap alloc:on, heap free:off
[    0.103848] Calgary: detecting Calgary via BIOS EBDA area
[    0.103850] Calgary: Unable to locate Rio Grande table in EBDA - bailing!
[    0.107916] Memory: 1967332K/2096696K available (14339K kernel code, 2398K rwdata, 4712K rodata, 2728K init, 17260K bss, 129364K reserved, 0K cma-reserved)
[    0.108860] SLUB: HWalign=64, Order=0-3, MinObjects=0, CPUs=1, Nodes=1
[    0.108877] ftrace: allocating 43186 entries in 169 pages
[    0.127032] rcu: Hierarchical RCU implementation.
[    0.127034] rcu: 	RCU restricting CPUs from NR_CPUS=8192 to nr_cpu_ids=1.
[    0.127035] 	Tasks RCU enabled.
[    0.127036] rcu: RCU calculated value of scheduler-enlistment delay is 25 jiffies.
[    0.127037] rcu: Adjusting geometry for rcu_fanout_leaf=16, nr_cpu_ids=1
[    0.130168] NR_IRQS: 524544, nr_irqs: 256, preallocated irqs: 16
[    0.130385] random: crng init done
[    0.139727] Console: colour VGA+ 80x25
[    0.139731] printk: console [tty0] enabled
[    0.139752] ACPI: Core revision 20190816
[    0.139871] APIC: Switch to symmetric I/O mode setup
[    0.140120] x2apic enabled
[    0.140356] Switched APIC routing to physical x2apic.
[    0.141497] ..TIMER: vector=0x30 apic1=0 pin1=2 apic2=-1 pin2=-1
[    0.141524] clocksource: tsc-early: mask: 0xffffffffffffffff max_cycles: 0x1e4530a99b6, max_idle_ns: 440795257976 ns
[    0.141529] Calibrating delay loop (skipped) preset value.. 4200.00 BogoMIPS (lpj=8400000)
[    0.141531] pid_max: default: 32768 minimum: 301
[    0.141560] LSM: Security Framework initializing
[    0.141570] Yama: becoming mindful.
[    0.141596] AppArmor: AppArmor initialized
[    0.141629] Mount-cache hash table entries: 4096 (order: 3, 32768 bytes, linear)
[    0.141635] Mountpoint-cache hash table entries: 4096 (order: 3, 32768 bytes, linear)
[    0.141646] *** VALIDATE tmpfs ***
[    0.141786] *** VALIDATE proc ***
[    0.141828] *** VALIDATE cgroup1 ***
[    0.141829] *** VALIDATE cgroup2 ***
[    0.141972] process: using mwait in idle threads
[    0.141977] Last level iTLB entries: 4KB 64, 2MB 8, 4MB 8
[    0.141978] Last level dTLB entries: 4KB 64, 2MB 0, 4MB 0, 1GB 4
[    0.141998] Spectre V1 : Mitigation: usercopy/swapgs barriers and __user pointer sanitization
[    0.142004] Spectre V2 : Mitigation: Retpolines
[    0.142005] Spectre V2 : Spectre v2 / SpectreRSB mitigation: Filling RSB on context switch
[    0.142005] Spectre V2 : Spectre v2 / SpectreRSB : Filling RSB on VMEXIT
[    0.142006] RETBleed: WARNING: Spectre v2 mitigation leaves CPU vulnerable to RETBleed attacks, data leaks possible!
[    0.142366] RETBleed: Vulnerable
[    0.142367] Speculative Store Bypass: Vulnerable
[    0.142371] TAA: Mitigation: TSX disabled
[    0.142372] MMIO Stale Data: Mitigation: Clear CPU buffers
[    0.146586] Freeing SMP alternatives memory: 40K
[    0.258363] smpboot: CPU0: Intel(R) Xeon(R) Silver 4216 CPU @ 2.10GHz (family: 0x6, model: 0x55, stepping: 0x7)
[    0.258509] Performance Events: unsupported p6 CPU model 85 no PMU driver, software events only.
[    0.258547] rcu: Hierarchical SRCU implementation.
[    0.259050] NMI watchdog: Perf NMI watchdog permanently disabled
[    0.259088] smp: Bringing up secondary CPUs ...
[    0.259089] smp: Brought up 1 node, 1 CPU
[    0.259090] smpboot: Max logical packages: 1
[    0.259091] smpboot: Total of 1 processors activated (4200.00 BogoMIPS)
[    0.260074] devtmpfs: initialized
[    0.260122] x86/mm: Memory block size: 128MB
[    0.260477] clocksource: jiffies: mask: 0xffffffff max_cycles: 0xffffffff, max_idle_ns: 7645041785100000 ns
[    0.260483] futex hash table entries: 256 (order: 2, 16384 bytes, linear)
[    0.260528] pinctrl core: initialized pinctrl subsystem
[    0.260630] PM: RTC time: 22:01:23, date: 2026-01-13
[    0.260747] NET: Registered protocol family 16
[    0.260823] audit: initializing netlink subsys (disabled)
[    0.260951] EISA bus registered
[    0.260952] cpuidle: using governor ladder
[    0.260953] cpuidle: using governor menu
[    0.260990] ACPI: bus type PCI registered
[    0.260992] acpiphp: ACPI Hot Plug PCI Controller Driver version: 0.5
[    0.261095] PCI: Using configuration type 1 for base access
[    0.261953] audit: type=2000 audit(1768312890.140:1): state=initialized audit_enabled=0 res=1
[    0.262034] HugeTLB registered 2.00 MiB page size, pre-allocated 0 pages
[    0.262848] ACPI: Added _OSI(Module Device)
[    0.262848] ACPI: Added _OSI(Processor Device)
[    0.262849] ACPI: Added _OSI(3.0 _SCP Extensions)
[    0.262850] ACPI: Added _OSI(Processor Aggregator Device)
[    0.262851] ACPI: Added _OSI(Linux-Dell-Video)
[    0.262852] ACPI: Added _OSI(Linux-Lenovo-NV-HDMI-Audio)
[    0.262852] ACPI: Added _OSI(Linux-HPI-Hybrid-Graphics)
[    0.264819] ACPI: 2 ACPI AML tables successfully acquired and loaded
[    0.266371] ACPI: Interpreter enabled
[    0.266381] ACPI: (supports S0 S5)
[    0.266382] ACPI: Using IOAPIC for interrupt routing
[    0.266586] PCI: Using host bridge windows from ACPI; if necessary, use "pci=nocrs" and report a bug
[    0.266692] ACPI: Enabled 2 GPEs in block 00 to 07
[    0.271534] ACPI: PCI Root Bridge [PCI0] (domain 0000 [bus 00-ff])
[    0.271539] acpi PNP0A03:00: _OSC: OS supports [ASPM ClockPM Segments MSI HPX-Type3]
[    0.271984] acpi PNP0A03:00: _OSC: not requesting OS control; OS requires [ExtendedConfig ASPM ClockPM MSI]
[    0.271992] acpi PNP0A03:00: fail to add MMCONFIG information, can't access extended PCI configuration space under this bridge.
[    0.272360] PCI host bridge to bus 0000:00
[    0.272362] pci_bus 0000:00: root bus resource [io  0x0000-0x0cf7 window]
[    0.272363] pci_bus 0000:00: root bus resource [io  0x0d00-0xffff window]
[    0.272365] pci_bus 0000:00: root bus resource [mem 0x000a0000-0x000bffff window]
[    0.272366] pci_bus 0000:00: root bus resource [mem 0x80000000-0xfdffffff window]
[    0.272367] pci_bus 0000:00: root bus resource [bus 00-ff]
[    0.272417] pci 0000:00:00.0: [8086:1237] type 00 class 0x060000
[    0.273408] pci 0000:00:01.0: [8086:7000] type 00 class 0x060100
[    0.274279] pci 0000:00:01.1: [8086:7111] type 00 class 0x01018a
[    0.274661] pci 0000:00:01.1: reg 0x20: [io  0xd000-0xd00f]
[    0.274826] pci 0000:00:01.1: legacy IDE quirk: reg 0x10: [io  0x01f0-0x01f7]
[    0.274827] pci 0000:00:01.1: legacy IDE quirk: reg 0x14: [io  0x03f6]
[    0.274828] pci 0000:00:01.1: legacy IDE quirk: reg 0x18: [io  0x0170-0x0177]
[    0.274829] pci 0000:00:01.1: legacy IDE quirk: reg 0x1c: [io  0x0376]
[    0.275393] pci 0000:00:02.0: [15ad:0405] type 00 class 0x030000
[    0.277607] pci 0000:00:02.0: reg 0x10: [io  0xd010-0xd01f]
[    0.281574] pci 0000:00:02.0: reg 0x14: [mem 0xe0000000-0xe7ffffff pref]
[    0.284410] pci 0000:00:02.0: reg 0x18: [mem 0xf0000000-0xf01fffff]
[    0.296327] pci 0000:00:03.0: [1022:2000] type 00 class 0x020000
[    0.297701] pci 0000:00:03.0: reg 0x10: [io  0xd020-0xd03f]
[    0.298372] pci 0000:00:03.0: reg 0x14: [mem 0xf0200000-0xf0200fff]
[    0.302386] pci 0000:00:04.0: [80ee:cafe] type 00 class 0x088000
[    0.303080] pci 0000:00:04.0: reg 0x10: [io  0xd040-0xd05f]
[    0.303763] pci 0000:00:04.0: reg 0x14: [mem 0xf0400000-0xf07fffff]
[    0.304424] pci 0000:00:04.0: reg 0x18: [mem 0xf0800000-0xf0803fff pref]
[    0.308091] pci 0000:00:07.0: [8086:7113] type 00 class 0x068000
[    0.308657] pci 0000:00:07.0: quirk: [io  0x4000-0x403f] claimed by PIIX4 ACPI
[    0.308670] pci 0000:00:07.0: quirk: [io  0x4100-0x410f] claimed by PIIX4 SMB
[    0.309289] pci 0000:00:08.0: [8086:100e] type 00 class 0x020000
[    0.309648] pci 0000:00:08.0: reg 0x10: [mem 0xf0820000-0xf083ffff]
[    0.310872] pci 0000:00:08.0: reg 0x18: [io  0xd060-0xd067]
[    0.314207] pci 0000:00:09.0: [8086:100e] type 00 class 0x020000
[    0.314917] pci 0000:00:09.0: reg 0x10: [mem 0xf0840000-0xf085ffff]
[    0.316079] pci 0000:00:09.0: reg 0x18: [io  0xd068-0xd06f]
[    0.326489] ACPI: PCI Interrupt Link [LNKA] (IRQs 5 9 10 *11)
[    0.326772] ACPI: PCI Interrupt Link [LNKB] (IRQs 5 9 *10 11)
[    0.326876] ACPI: PCI Interrupt Link [LNKC] (IRQs 5 *9 10 11)
[    0.326978] ACPI: PCI Interrupt Link [LNKD] (IRQs 5 9 10 *11)
[    0.327247] iommu: Default domain type: Translated 
[    0.327308] pci 0000:00:02.0: vgaarb: setting as boot VGA device
[    0.327310] pci 0000:00:02.0: vgaarb: VGA device added: decodes=io+mem,owns=io+mem,locks=none
[    0.327312] pci 0000:00:02.0: vgaarb: bridge control possible
[    0.327313] vgaarb: loaded
[    0.327522] SCSI subsystem initialized
[    0.327557] libata version 3.00 loaded.
[    0.327581] ACPI: bus type USB registered
[    0.327597] usbcore: registered new interface driver usbfs
[    0.327603] usbcore: registered new interface driver hub
[    0.327608] usbcore: registered new device driver usb
[    0.327636] pps_core: LinuxPPS API ver. 1 registered
[    0.327636] pps_core: Software ver. 5.3.6 - Copyright 2005-2007 Rodolfo Giometti <giometti@linux.it>
[    0.327638] PTP clock support registered
[    0.327673] EDAC MC: Ver: 3.0.0
[    0.327962] PCI: Using ACPI for IRQ routing
[    0.327963] PCI: pci_cache_line_size set to 64 bytes
[    0.328135] e820: reserve RAM buffer [mem 0x0009fc00-0x0009ffff]
[    0.328138] e820: reserve RAM buffer [mem 0x7fff0000-0x7fffffff]
[    0.330217] NetLabel: Initializing
[    0.330217] NetLabel:  domain hash size = 128
[    0.330218] NetLabel:  protocols = UNLABELED CIPSOv4 CALIPSO
[    0.330238] NetLabel:  unlabeled traffic allowed by default
[    0.331139] clocksource: Switched to clocksource kvm-clock
[    0.343217] *** VALIDATE bpf ***
[    0.343217] VFS: Disk quotas dquot_6.6.0
[    0.343217] VFS: Dquot-cache hash table entries: 512 (order 0, 4096 bytes)
[    0.343217] *** VALIDATE ramfs ***
[    0.343217] *** VALIDATE hugetlbfs ***
[    0.343217] AppArmor: AppArmor Filesystem Enabled
[    0.343217] pnp: PnP ACPI init
[    0.343217] pnp 00:00: Plug and Play ACPI device, IDs PNP0303 (active)
[    0.344460] pnp 00:01: Plug and Play ACPI device, IDs PNP0f03 (active)
[    0.345201] pnp: PnP ACPI: found 2 devices
[    0.346177] thermal_sys: Registered thermal governor 'fair_share'
[    0.346177] thermal_sys: Registered thermal governor 'bang_bang'
[    0.346178] thermal_sys: Registered thermal governor 'step_wise'
[    0.346179] thermal_sys: Registered thermal governor 'user_space'
[    0.346179] thermal_sys: Registered thermal governor 'power_allocator'
[    0.350689] clocksource: acpi_pm: mask: 0xffffff max_cycles: 0xffffff, max_idle_ns: 2085701024 ns
[    0.350731] pci_bus 0000:00: resource 4 [io  0x0000-0x0cf7 window]
[    0.350733] pci_bus 0000:00: resource 5 [io  0x0d00-0xffff window]
[    0.350734] pci_bus 0000:00: resource 6 [mem 0x000a0000-0x000bffff window]
[    0.350735] pci_bus 0000:00: resource 7 [mem 0x80000000-0xfdffffff window]
[    0.350792] NET: Registered protocol family 2
[    0.350867] IP idents hash table entries: 32768 (order: 6, 262144 bytes, linear)
[    0.351184] MPTCP tokens hash table entries: 8192 (order: 4, 65536 bytes, linear)
[    0.351184] MPTCP request tokens hash table entries: 8192 (order: 4, 65536 bytes, linear)
[    0.351184] default registered
[    0.351184] default registered
[    0.351184] MPTCP: Stable release v0.96
[    0.351184] tcp_listen_portaddr_hash hash table entries: 1024 (order: 2, 16384 bytes, linear)
[    0.351184] TCP established hash table entries: 16384 (order: 5, 131072 bytes, linear)
[    0.351184] TCP bind hash table entries: 16384 (order: 6, 262144 bytes, linear)
[    0.351184] TCP: Hash tables configured (established 16384 bind 16384)
[    0.352236] UDP hash table entries: 1024 (order: 3, 32768 bytes, linear)
[    0.352247] UDP-Lite hash table entries: 1024 (order: 3, 32768 bytes, linear)
[    0.352296] NET: Registered protocol family 1
[    0.352305] NET: Registered protocol family 44
[    0.352328] pci 0000:00:00.0: Limiting direct PCI/PCI transfers
[    0.352340] pci 0000:00:01.0: Activating ISA DMA hang workarounds
[    0.352399] pci 0000:00:02.0: Video device with shadowed ROM at [mem 0x000c0000-0x000dffff]
[    0.352464] PCI: CLS 0 bytes, default 64
[    0.352513] Trying to unpack rootfs image as initramfs...
[    0.527589] Freeing initrd memory: 47868K
[    0.527589] clocksource: tsc: mask: 0xffffffffffffffff max_cycles: 0x1e4530a99b6, max_idle_ns: 440795257976 ns
[    0.527589] clocksource: Switched to clocksource tsc
[    0.527589] platform rtc_cmos: registered platform RTC device (no PNP device found)
[    0.527589] check: Scanning for low memory corruption every 60 seconds
[    0.527589] Initialise system trusted keyrings
[    0.527589] Key type blacklist registered
[    0.527589] workingset: timestamp_bits=36 max_order=19 bucket_order=0
[    0.527589] zbud: loaded
[    0.527589] squashfs: version 4.0 (2009/01/31) Phillip Lougher
[    0.527589] fuse: init (API version 7.31)
[    0.527589] *** VALIDATE fuse ***
[    0.527589] *** VALIDATE fuse ***
[    0.527589] Platform Keyring initialized
[    0.527589] Key type asymmetric registered
[    0.527589] Asymmetric key parser 'x509' registered
[    0.527589] Block layer SCSI generic (bsg) driver version 0.4 loaded (major 244)
[    0.527589] io scheduler mq-deadline registered
[    0.527589] shpchp: Standard Hot Plug PCI Controller Driver version: 0.4
[    0.541894] ACPI: AC Adapter [AC] (on-line)
[    0.541941] input: Power Button as /devices/LNXSYSTM:00/LNXPWRBN:00/input/input0
[    0.541967] ACPI: Power Button [PWRF]
[    0.542052] input: Sleep Button as /devices/LNXSYSTM:00/LNXSLPBN:00/input/input1
[    0.542067] ACPI: Sleep Button [SLPF]
[    0.542291] Serial: 8250/16550 driver, 32 ports, IRQ sharing enabled
[    0.543464] Linux agpgart interface v0.103
[    0.639183] loop: module loaded
[    0.639331] ata_piix 0000:00:01.1: version 2.13
[    0.639739] scsi host0: ata_piix
[    0.639830] scsi host1: ata_piix
[    0.639856] ata1: PATA max UDMA/33 cmd 0x1f0 ctl 0x3f6 bmdma 0xd000 irq 14
[    0.639857] ata2: PATA max UDMA/33 cmd 0x170 ctl 0x376 bmdma 0xd008 irq 15
[    0.639937] tun: Universal TUN/TAP device driver, 1.6
[    0.640239] PPP generic driver version 2.4.2
[    0.640303] VFIO - User Level meta-driver version: 0.3
[    0.640546] ehci_hcd: USB 2.0 'Enhanced' Host Controller (EHCI) Driver
[    0.640550] ehci-pci: EHCI PCI platform driver
[    0.640567] ehci-platform: EHCI generic platform driver
[    0.640573] ohci_hcd: USB 1.1 'Open' Host Controller (OHCI) Driver
[    0.640574] ohci-pci: OHCI PCI platform driver
[    0.640582] ohci-platform: OHCI generic platform driver
[    0.640586] uhci_hcd: USB Universal Host Controller Interface driver
[    0.640652] i8042: PNP: PS/2 Controller [PNP0303:PS2K,PNP0f03:PS2M] at 0x60,0x64 irq 1,12
[    0.641106] serio: i8042 KBD port at 0x60,0x64 irq 1
[    0.641111] serio: i8042 AUX port at 0x60,0x64 irq 12
[    0.641231] mousedev: PS/2 mouse device common for all mice
[    0.641507] input: AT Translated Set 2 keyboard as /devices/platform/i8042/serio0/input/input2
[    0.641913] rtc_cmos rtc_cmos: registered as rtc0
[    0.641926] rtc_cmos rtc_cmos: alarms up to one day, 114 bytes nvram
[    0.641931] i2c /dev entries driver
[    0.641975] device-mapper: uevent: version 1.0.3
[    0.642019] device-mapper: ioctl: 4.41.0-ioctl (2019-09-16) initialised: dm-devel@redhat.com
[    0.642035] platform eisa.0: Probing EISA bus 0
[    0.642036] platform eisa.0: EISA: Cannot allocate resource for mainboard
[    0.642037] platform eisa.0: Cannot allocate resource for EISA slot 1
[    0.642038] platform eisa.0: Cannot allocate resource for EISA slot 2
[    0.642039] platform eisa.0: Cannot allocate resource for EISA slot 3
[    0.642040] platform eisa.0: Cannot allocate resource for EISA slot 4
[    0.642041] platform eisa.0: Cannot allocate resource for EISA slot 5
[    0.642042] platform eisa.0: Cannot allocate resource for EISA slot 6
[    0.642043] platform eisa.0: Cannot allocate resource for EISA slot 7
[    0.642044] platform eisa.0: Cannot allocate resource for EISA slot 8
[    0.642045] platform eisa.0: EISA: Detected 0 cards
[    0.642048] intel_pstate: CPU model not supported
[    0.642057] ledtrig-cpu: registered to indicate activity on CPUs
[    0.642112] drop_monitor: Initializing network drop monitor service
[    0.642274] NET: Registered protocol family 10
[    0.647345] Segment Routing with IPv6
[    0.647345] fullmesh registered
[    0.647345] ndiffports registered
[    0.647345] binder registered
[    0.647345] roundrobin registered
[    0.647345] redundant registered
[    0.647345] blest registered
[    0.647345] ecf registered
[    0.647345] NET: Registered protocol family 17
[    0.647345] Key type dns_resolver registered
[    0.647345] RAS: Correctable Errors collector initialized.
[    0.647345] IPI shorthand broadcast: enabled
[    0.647345] sched_clock: Marking stable (632194491, 11150757)->(643901483, -556235)
[    0.647719] registered taskstats version 1
[    0.647728] Loading compiled-in X.509 certificates
[    0.648337] Loaded X.509 cert 'Build time autogenerated kernel key: 6909f3744cebb3d0de528d5887b96a727de79b1e'
[    0.648357] zswap: loaded using pool lzo/zbud
[    0.648413] Key type ._fscrypt registered
[    0.648413] Key type .fscrypt registered
[    0.652960] Key type big_key registered
[    0.655243] Key type encrypted registered
[    0.655246] AppArmor: AppArmor sha1 policy hashing enabled
[    0.655253] ima: No TPM chip found, activating TPM-bypass!
[    0.655256] ima: Allocated hash algorithm: sha1
[    0.655262] ima: No architecture policies found
[    0.655271] evm: Initialising EVM extended attributes:
[    0.655272] evm: security.selinux
[    0.655272] evm: security.SMACK64
[    0.655273] evm: security.SMACK64EXEC
[    0.655273] evm: security.SMACK64TRANSMUTE
[    0.655274] evm: security.SMACK64MMAP
[    0.655274] evm: security.apparmor
[    0.655274] evm: security.ima
[    0.655275] evm: security.capability
[    0.655275] evm: HMAC attrs: 0x1
[    0.655571] PM:   Magic number: 10:242:47
[    0.655696] rtc_cmos rtc_cmos: setting system clock to 2026-01-13T22:01:24 UTC (1768341684)
[    0.810813] ata1.00: ATA-6: VBOX HARDDISK, 1.0, max UDMA/133
[    0.810815] ata1.00: 209715200 sectors, multi 128: LBA 
[    0.811260] scsi 0:0:0:0: Direct-Access     ATA      VBOX HARDDISK    1.0  PQ: 0 ANSI: 5
[    0.811435] sd 0:0:0:0: [sda] 209715200 512-byte logical blocks: (107 GB/100 GiB)
[    0.811442] sd 0:0:0:0: [sda] Write Protect is off
[    0.811443] sd 0:0:0:0: [sda] Mode Sense: 00 3a 00 00
[    0.811453] sd 0:0:0:0: [sda] Write cache: enabled, read cache: enabled, doesn't support DPO or FUA
[    0.811643] sd 0:0:0:0: Attached scsi generic sg0 type 0
[    0.812449]  sda: sda1 sda2
[    0.823293] sd 0:0:0:0: [sda] Attached SCSI disk
[    0.825340] Freeing unused decrypted memory: 2040K
[    0.826024] Freeing unused kernel image memory: 2728K
[    0.826026] Write protecting the kernel read-only data: 22528k
[    0.826677] Freeing unused kernel image memory: 2036K
[    0.827054] Freeing unused kernel image memory: 1432K
[    0.840030] x86/mm: Checked W+X mappings: passed, no W+X pages found.
[    0.840033] Run /init as init process
[    0.932988] ACPI: Video Device [GFX0] (multi-head: yes  rom: no  post: no)
[    0.933060] input: Video Bus as /devices/LNXSYSTM:00/LNXSYBUS:00/PNP0A03:00/LNXVIDEO:00/input/input4
[    0.944373] pcnet32: pcnet32.c:v1.35 21.Apr.2008 tsbogend@alpha.franken.de
[    0.946032] piix4_smbus 0000:00:07.0: SMBus Host Controller at 0x4100, revision 0
[    0.948532] e1000: Intel(R) PRO/1000 Network Driver - version 7.3.21-k8-NAPI
[    0.948533] e1000: Copyright (c) 1999-2006 Intel Corporation.
[    0.953909] pcnet32: PCnet/FAST III 79C973 at 0xd020, 08:00:27:24:da:0d assigned IRQ 19
[    0.953955] pcnet32: Found PHY 0022:561b at address 0
[    0.954256] pcnet32: eth0: registered as PCnet/FAST III 79C973
[    0.963901] pcnet32: 1 cards_found
[    1.030036] pcnet32 0000:00:03.0 enp0s3: renamed from eth0
[    1.172203] input: ImExPS/2 Generic Explorer Mouse as /devices/platform/i8042/serio1/input/input5
[    1.359604] e1000 0000:00:08.0 eth0: (PCI:33MHz:32-bit) 08:00:27:f6:a1:05
[    1.359608] e1000 0000:00:08.0 eth0: Intel(R) PRO/1000 Network Connection
[    1.735468] e1000 0000:00:09.0 eth1: (PCI:33MHz:32-bit) 08:00:27:4f:71:af
[    1.735471] e1000 0000:00:09.0 eth1: Intel(R) PRO/1000 Network Connection
[    1.736635] e1000 0000:00:09.0 enp0s9: renamed from eth1
[    1.738418] e1000 0000:00:08.0 enp0s8: renamed from eth0
[    1.874932] EXT4-fs (sda2): mounted filesystem with ordered data mode. Opts: (null)
[    1.958367] systemd[1]: Inserted module 'autofs4'
[    1.968607] systemd[1]: systemd 245.4-4ubuntu3 running in system mode. (+PAM +AUDIT +SELINUX +IMA +APPARMOR +SMACK +SYSVINIT +UTMP +LIBCRYPTSETUP +GCRYPT +GNUTLS +ACL +XZ +LZ4 +SECCOMP +BLKID +ELFUTILS +KMOD +IDN2 -IDN +PCRE2 default-hierarchy=hybrid)
[    1.968638] systemd[1]: Detected virtualization oracle.
[    1.968645] systemd[1]: Detected architecture x86-64.
[    1.969917] systemd[1]: Set hostname to <ztg>.
[    2.090834] systemd[1]: /lib/systemd/system/dbus.socket:5: ListenStream= references a path below legacy directory /var/run/, updating /var/run/dbus/system_bus_socket â†’ /run/dbus/system_bus_socket; please update the unit file accordingly.
[    2.142382] systemd[1]: Created slice system-modprobe.slice.
[    2.142564] systemd[1]: Created slice User and Session Slice.
[    2.142607] systemd[1]: Started Forward Password Requests to Wall Directory Watch.
[    2.142771] systemd[1]: Set up automount Arbitrary Executable File Formats File System Automount Point.
[    2.142804] systemd[1]: Reached target User and Group Name Lookups.
[    2.142812] systemd[1]: Reached target Remote File Systems.
[    2.142821] systemd[1]: Reached target Slices.
[    2.143318] systemd[1]: Listening on Syslog Socket.
[    2.143385] systemd[1]: Listening on fsck to fsckd communication Socket.
[    2.143424] systemd[1]: Listening on initctl Compatibility Named Pipe.
[    2.143558] systemd[1]: Listening on Journal Audit Socket.
[    2.143610] systemd[1]: Listening on Journal Socket (/dev/log).
[    2.143679] systemd[1]: Listening on Journal Socket.
[    2.143743] systemd[1]: Listening on udev Control Socket.
[    2.143781] systemd[1]: Listening on udev Kernel Socket.
[    2.144552] systemd[1]: Mounting Huge Pages File System...
[    2.145466] systemd[1]: Mounting POSIX Message Queue File System...
[    2.146341] systemd[1]: Mounting Kernel Debug File System...
[    2.147147] systemd[1]: Mounting Kernel Trace File System...
[    2.149108] systemd[1]: Starting Journal Service...
[    2.171224] systemd[1]: Starting Set the console keyboard layout...
[    2.179172] systemd[1]: Starting Create list of static device nodes for the current kernel...
[    2.181144] systemd[1]: Starting Load Kernel Module drm...
[    2.182139] systemd[1]: Condition check resulted in Set Up Additional Binary Formats being skipped.
[    2.182180] systemd[1]: Condition check resulted in File System Check on Root Device being skipped.
[    2.193137] systemd[1]: Starting Load Kernel Modules...
[    2.198507] systemd[1]: Starting Remount Root and Kernel File Systems...
[    2.213311] systemd[1]: Starting udev Coldplug all Devices...
[    2.222906] systemd[1]: Starting Uncomplicated firewall...
[    2.224387] systemd[1]: Mounted Huge Pages File System.
[    2.224489] systemd[1]: Mounted POSIX Message Queue File System.
[    2.224571] systemd[1]: Mounted Kernel Debug File System.
[    2.224645] systemd[1]: Mounted Kernel Trace File System.
[    2.242456] EXT4-fs (sda2): re-mounted. Opts: errors=remount-ro
[    2.261576] systemd[1]: Finished Create list of static device nodes for the current kernel.
[    2.262674] systemd[1]: modprobe@drm.service: Succeeded.
[    2.270085] systemd[1]: Finished Load Kernel Module drm.
[    2.270615] systemd[1]: Finished Remount Root and Kernel File Systems.
[    2.272135] systemd[1]: Finished Uncomplicated firewall.
[    2.287841] systemd[1]: Condition check resulted in Rebuild Hardware Database being skipped.
[    2.287876] systemd[1]: Condition check resulted in Platform Persistent Storage Archival being skipped.
[    2.288557] systemd[1]: Starting Load/Save Random Seed...
[    2.289932] lp: driver loaded but no devices found
[    2.296082] systemd[1]: Starting Create System Users...
[    2.306008] systemd[1]: Finished Load/Save Random Seed.
[    2.307809] ppdev: user-space parallel port driver
[    2.314028] systemd[1]: Finished Create System Users.
[    2.314739] systemd[1]: Starting Create Static Device Nodes in /dev...
[    2.360315] systemd[1]: Finished Create Static Device Nodes in /dev.
[    2.361198] systemd[1]: Starting udev Kernel Device Manager...
[    2.386308] systemd[1]: Finished udev Coldplug all Devices.
[    2.394056] [drm] DMA map mode: Caching DMA mappings.
[    2.394149] [drm] Capabilities:
[    2.394149] [drm]   Rect copy.
[    2.394149] [drm]   Cursor.
[    2.394150] [drm]   Cursor bypass.
[    2.394150] [drm]   Cursor bypass 2.
[    2.394150] [drm]   Alpha cursor.
[    2.394151] [drm]   Extended Fifo.
[    2.394151] [drm]   Pitchlock.
[    2.394151] [drm]   Irq mask.
[    2.394152] [drm]   GMR.
[    2.394152] [drm]   Traces.
[    2.394152] [drm]   GMR2.
[    2.394153] [drm]   Screen Object 2.
[    2.394153] [drm]   Command Buffers.
[    2.394153] [drm]   Command Buffers 2.
[    2.394154] [drm]   Guest Backed Resources.
[    2.394155] [drm] Max GMR ids is 8192
[    2.394155] [drm] Max number of GMR pages is 1048576
[    2.394156] [drm] Max dedicated hypervisor surface memory is 393216 kiB
[    2.394156] [drm] Maximum display memory size is 131072 kiB
[    2.394157] [drm] VRAM at 0xe0000000 size is 131072 kiB
[    2.394158] [drm] MMIO at 0xf0000000 size is 2048 kiB
[    2.395639] [TTM] Zone  kernel: Available graphics memory: 1011738 KiB
[    2.395640] [TTM] Initializing pool allocator
[    2.395644] [TTM] Initializing DMA pool allocator
[    2.395696] [drm] Supports vblank timestamp caching Rev 2 (21.10.2013).
[    2.395696] [drm] No driver support for vblank timestamp query.
[    2.396621] [drm] Screen Target Display device initialized
[    2.396823] [drm] width 720
[    2.396831] [drm] height 400
[    2.396834] [drm] bpp 32
[    2.397380] [drm] Fifo max 0x00200000 min 0x00001000 cap 0x00000355
[    2.398442] [drm] Using command buffers with DMA pool.
[    2.398446] [drm] DX: no.
[    2.398447] [drm] Atomic: yes.
[    2.398447] [drm] SM4_1: no.
[    2.398467] [drm:vmw_host_log [vmwgfx]] *ERROR* Failed to send host log message.
[    2.400288] [drm:vmw_host_log [vmwgfx]] *ERROR* Failed to send host log message.
[    2.411175] fbcon: svgadrmfb (fb0) is primary device
[    2.415989] Console: switching to colour frame buffer device 100x37
[    2.432370] [drm] Initialized vmwgfx 2.15.0 20180704 for 0000:00:02.0 on minor 0
[    2.433343] systemd[1]: Finished Load Kernel Modules.
[    2.434345] systemd[1]: Mounting FUSE Control File System...
[    2.435532] systemd[1]: Mounting Kernel Configuration File System...
[    2.461078] systemd[1]: Starting Apply Kernel Variables...
[    2.468485] systemd[1]: Mounted Kernel Configuration File System.
[    2.474027] systemd[1]: Mounted FUSE Control File System.
[    2.474097] systemd[1]: Condition check resulted in VMware vmblock fuse mount being skipped.
[    2.476443] systemd[1]: Finished Set the console keyboard layout.
[    2.476546] systemd[1]: Reached target Local File Systems (Pre).
[    2.484004] systemd[1]: Mounting Mount unit for bare, revision 5...
[    2.488088] systemd[1]: Mounting Mount unit for core18, revision 1705...
[    2.499839] systemd[1]: Mounting Mount unit for gnome-3-34-1804, revision 24...
[    2.504757] systemd[1]: Mounting Mount unit for gtk-common-themes, revision 1506...
[    2.508753] systemd[1]: Mounting Mount unit for gtk-common-themes, revision 1535...
[    2.523378] systemd[1]: Mounting Mount unit for snap-store, revision 433...
[    2.527995] systemd[1]: Mounting Mount unit for snapd, revision 25935...
[    2.540333] systemd[1]: Finished Apply Kernel Variables.
[    2.569486] systemd[1]: Mounted Mount unit for bare, revision 5.
[    2.571784] systemd[1]: Mounted Mount unit for core18, revision 1705.
[    2.571874] systemd[1]: Mounted Mount unit for gnome-3-34-1804, revision 24.
[    2.581474] systemd[1]: Mounted Mount unit for gtk-common-themes, revision 1506.
[    2.583850] systemd[1]: Started udev Kernel Device Manager.
[    2.584631] systemd[1]: Starting Show Plymouth Boot Screen...
[    2.590743] systemd[1]: Received SIGRTMIN+20 from PID 276 (plymouthd).
[    2.615035] systemd[1]: Started Show Plymouth Boot Screen.
[    2.615192] systemd[1]: Condition check resulted in Dispatch Password Requests to Console Directory Watch being skipped.
[    2.615291] systemd[1]: Started Forward Password Requests to Plymouth Directory Watch.
[    2.615322] systemd[1]: Reached target Local Encrypted Volumes.
[    2.633080] systemd[1]: Mounted Mount unit for snap-store, revision 433.
[    2.651067] systemd[1]: Mounted Mount unit for gtk-common-themes, revision 1535.
[    2.651300] systemd[1]: Mounted Mount unit for snapd, revision 25935.
[    2.651449] systemd[1]: Reached target Local File Systems.
[    2.652324] systemd[1]: Starting Load AppArmor profiles...
[    2.654688] systemd[1]: Starting Set console font and keymap...
[    2.666803] systemd[1]: Starting Tell Plymouth To Write Out Runtime Data...
[    2.671316] systemd[1]: Condition check resulted in Store a System Token in an EFI Variable being skipped.
[    2.671378] systemd[1]: Condition check resulted in Commit a transient machine-id on disk being skipped.
[    2.673883] systemd[1]: Finished Set console font and keymap.
[    2.697317] systemd[1]: Received SIGRTMIN+20 from PID 276 (plymouthd).
[    2.698478] systemd[1]: plymouth-read-write.service: Succeeded.
[    2.698758] systemd[1]: Finished Tell Plymouth To Write Out Runtime Data.
[    2.716977] audit: type=1400 audit(1768341686.556:2): apparmor="STATUS" operation="profile_load" profile="unconfined" name="nvidia_modprobe" pid=300 comm="apparmor_parser"
[    2.716979] audit: type=1400 audit(1768341686.556:3): apparmor="STATUS" operation="profile_load" profile="unconfined" name="nvidia_modprobe//kmod" pid=300 comm="apparmor_parser"
[    2.722708] audit: type=1400 audit(1768341686.560:4): apparmor="STATUS" operation="profile_load" profile="unconfined" name="/usr/sbin/tcpdump" pid=301 comm="apparmor_parser"
[    2.766514] audit: type=1400 audit(1768341686.600:5): apparmor="STATUS" operation="profile_load" profile="unconfined" name="/usr/bin/evince" pid=303 comm="apparmor_parser"
[    2.766516] audit: type=1400 audit(1768341686.600:6): apparmor="STATUS" operation="profile_load" profile="unconfined" name="/usr/bin/evince//sanitized_helper" pid=303 comm="apparmor_parser"
[    2.766519] audit: type=1400 audit(1768341686.600:7): apparmor="STATUS" operation="profile_load" profile="unconfined" name="/usr/bin/evince-previewer" pid=303 comm="apparmor_parser"
[    2.766521] audit: type=1400 audit(1768341686.600:8): apparmor="STATUS" operation="profile_load" profile="unconfined" name="/usr/bin/evince-previewer//sanitized_helper" pid=303 comm="apparmor_parser"
[    2.766522] audit: type=1400 audit(1768341686.600:9): apparmor="STATUS" operation="profile_load" profile="unconfined" name="/usr/bin/evince-thumbnailer" pid=303 comm="apparmor_parser"
[    2.781789] audit: type=1400 audit(1768341686.624:10): apparmor="STATUS" operation="profile_load" profile="unconfined" name="/usr/lib/cups/backend/cups-pdf" pid=304 comm="apparmor_parser"
[    2.850794] systemd[1]: Finished Load AppArmor profiles.
[    2.851782] systemd[1]: Starting Load AppArmor profiles managed internally by snapd...
[    2.972871] systemd[1]: Finished Load AppArmor profiles managed internally by snapd.
[    3.123801] systemd[1]: Started Journal Service.
[    3.132122] systemd-journald[229]: Received client request to flush runtime journal.
[    3.135744] systemd-journald[229]: File /var/log/journal/c455b248004a419c87ce85eea238d727/system.journal corrupted or uncleanly shut down, renaming and replacing.
[    4.425363] RAPL PMU: API unit is 2^-32 Joules, 0 fixed counters, 10737418240 ms ovfl timer
[    4.475460] cryptd: max_cpu_qlen set to 1000
[    4.552200] AVX2 version of gcm_enc/dec engaged.
[    4.552201] AES CTR mode by8 optimization enabled
[    6.373232] Adding 1998844k swap on /dev/sda1.  Priority:-2 extents:1 across:1998844k FS
[    7.754031] kauditd_printk_skb: 30 callbacks suppressed
[    7.754032] audit: type=1400 audit(1768341691.592:41): apparmor="DENIED" operation="capable" profile="/usr/sbin/cups-browsed" pid=508 comm="cups-browsed" capability=23  capname="sys_nice"
[    8.892191] pcnet32 0000:00:03.0 enp0s3: link up, 100Mbps, full-duplex
[    8.924689] e1000: enp0s8 NIC Link is Up 1000 Mbps Full Duplex, Flow Control: RX
[    8.925769] IPv6: ADDRCONF(NETDEV_CHANGE): enp0s8: link becomes ready
[    8.962518] e1000: enp0s9 NIC Link is Up 1000 Mbps Full Duplex, Flow Control: RX
[    8.962806] IPv6: ADDRCONF(NETDEV_CHANGE): enp0s9: link becomes ready
[    9.640170] device enp0s3 entered promiscuous mode
[    9.673137] audit: type=1400 audit(1768341693.504:42): apparmor="DENIED" operation="open" profile="/usr/sbin/tcpdump" name="/proc/sys/kernel/random/boot_id" pid=641 comm="tcpdump" requested_mask="r" denied_mask="r" fsuid=0 ouid=0
[    9.673382] audit: type=1400 audit(1768341693.504:43): apparmor="DENIED" operation="open" profile="/usr/sbin/tcpdump" name="/proc/sys/kernel/random/boot_id" pid=641 comm="tcpdump" requested_mask="r" denied_mask="r" fsuid=0 ouid=0
[    9.673486] audit: type=1400 audit(1768341693.504:44): apparmor="DENIED" operation="open" profile="/usr/sbin/tcpdump" name="/proc/sys/kernel/random/boot_id" pid=641 comm="tcpdump" requested_mask="r" denied_mask="r" fsuid=0 ouid=0
[    9.674042] audit: type=1400 audit(1768341693.504:45): apparmor="DENIED" operation="open" profile="/usr/sbin/tcpdump" name="/proc/sys/kernel/random/boot_id" pid=641 comm="tcpdump" requested_mask="r" denied_mask="r" fsuid=0 ouid=0
[    9.678219] audit: type=1400 audit(1768341693.516:46): apparmor="DENIED" operation="open" profile="/usr/sbin/tcpdump" name="/proc/sys/kernel/random/boot_id" pid=642 comm="tcpdump" requested_mask="r" denied_mask="r" fsuid=0 ouid=0
[    9.678626] audit: type=1400 audit(1768341693.516:47): apparmor="DENIED" operation="open" profile="/usr/sbin/tcpdump" name="/proc/sys/kernel/random/boot_id" pid=642 comm="tcpdump" requested_mask="r" denied_mask="r" fsuid=0 ouid=0
[    9.678731] audit: type=1400 audit(1768341693.516:48): apparmor="DENIED" operation="open" profile="/usr/sbin/tcpdump" name="/proc/sys/kernel/random/boot_id" pid=642 comm="tcpdump" requested_mask="r" denied_mask="r" fsuid=0 ouid=0
[    9.679934] audit: type=1400 audit(1768341693.516:49): apparmor="DENIED" operation="open" profile="/usr/sbin/tcpdump" name="/proc/sys/kernel/random/boot_id" pid=642 comm="tcpdump" requested_mask="r" denied_mask="r" fsuid=0 ouid=0
[   15.496753] rfkill: input handler disabled
[  175.362165] AAAAA-TCP_FORW: name:enp0s3: saddr:16783984: daddr:100932208
[  175.581951] AAAAA-TCP_FORW: name:enp0s3: saddr:16783984: daddr:100932208
[  175.736038] AAAAA-TCP_FORW: name:enp0s3: saddr:16783984: daddr:100932208
[  175.880361] AAAAA-TCP_FORW: name:enp0s3: saddr:16783984: daddr:100932208
[  176.014633] AAAAA-TCP_FORW: name:enp0s3: saddr:16783984: daddr:100932208
[  176.137452] AAAAA-TCP_FORW: name:enp0s3: saddr:16783984: daddr:100932208
[  176.251103] AAAAA-TCP_FORW: name:enp0s3: saddr:16783984: daddr:100932208
[  176.321178] AAAAA-TCP_FORW: name:enp0s3: saddr:16783984: daddr:100932208
[  176.603904] AAAAA-TCP_FORW: name:enp0s3: saddr:16783984: daddr:100932208
[  176.775467] AAAAA-TCP_FORW: name:enp0s3: saddr:16783984: daddr:100932208
[  176.877581] AAAAA-TCP_FORW: name:enp0s3: saddr:16783984: daddr:100932208
[  176.976940] AAAAA-TCP_FORW: name:enp0s3: saddr:16783984: daddr:100932208
[  177.109754] AAAAA-TCP_FORW: name:enp0s3: saddr:16783984: daddr:100932208
[  177.214542] AAAAA-TCP_FORW: name:enp0s3: saddr:16783984: daddr:100932208
[  177.323378] AAAAA-TCP_FORW: name:enp0s3: saddr:16783984: daddr:100932208
[  177.562830] AAAAA-TCP_FORW: name:enp0s3: saddr:16783984: daddr:100932208
[  177.763725] AAAAA-TCP_FORW: name:enp0s3: saddr:16783984: daddr:100932208
[  177.933620] AAAAA-TCP_FORW: name:enp0s3: saddr:33561200: daddr:100932208
[  177.960699] AAAAA-TCP_FORW: name:enp0s3: saddr:16783984: daddr:100932208
[  178.090727] AAAAA-TCP_FORW: name:enp0s3: saddr:33561200: daddr:100932208
[  178.191850] AAAAA-TCP_FORW: name:enp0s3: saddr:33561200: daddr:100932208
[  178.249024] AAAAA-TCP_FORW: name:enp0s3: saddr:33561200: daddr:100932208
[  178.299881] AAAAA-TCP_FORW: name:enp0s3: saddr:33561200: daddr:100932208
[  178.378280] AAAAA-TCP_FORW: name:enp0s3: saddr:33561200: daddr:100932208
[  178.771111] AAAAA-TCP_FORW: name:enp0s3: saddr:33561200: daddr:100932208
[  178.873018] AAAAA-TCP_FORW: name:enp0s3: saddr:33561200: daddr:100932208
[  179.018283] AAAAA-TCP_FORW: name:enp0s3: saddr:16783984: daddr:100932208
[  179.079028] AAAAA-TCP_FORW: name:enp0s3: saddr:33561200: daddr:100932208
[  179.193536] AAAAA-TCP_FORW: name:enp0s3: saddr:16783984: daddr:100932208
[  179.305160] AAAAA-TCP_FORW: name:enp0s3: saddr:33561200: daddr:100932208
[  179.365409] AAAAA-TCP_FORW: name:enp0s3: saddr:33561200: daddr:100932208
[  179.499815] AAAAA-TCP_FORW: name:enp0s3: saddr:33561200: daddr:100932208
[  179.715565] AAAAA-TCP_FORW: name:enp0s3: saddr:33561200: daddr:100932208
[  179.771358] AAAAA-TCP_FORW: name:enp0s3: saddr:33561200: daddr:100932208
[  180.014383] AAAAA-TCP_FORW: name:enp0s3: saddr:33561200: daddr:100932208
[  180.105949] AAAAA-TCP_FORW: name:enp0s3: saddr:16783984: daddr:100932208
[  180.310971] AAAAA-TCP_FORW: name:enp0s3: saddr:16783984: daddr:100932208
[  180.469969] AAAAA-TCP_FORW: name:enp0s3: saddr:16783984: daddr:100932208
[  180.529871] AAAAA-TCP_FORW: name:enp0s3: saddr:16783984: daddr:100932208
[  180.709444] AAAAA-TCP_FORW: name:enp0s3: saddr:33561200: daddr:100932208
[  180.932760] AAAAA-TCP_FORW: name:enp0s3: saddr:33561200: daddr:100932208
[  181.010376] AAAAA-TCP_FORW: name:enp0s3: saddr:33561200: daddr:100932208
[  181.102551] AAAAA-TCP_FORW: name:enp0s3: saddr:33561200: daddr:100932208
[  181.197453] AAAAA-TCP_FORW: name:enp0s3: saddr:16783984: daddr:100932208
[  181.316230] AAAAA-TCP_FORW: name:enp0s3: saddr:16783984: daddr:100932208
[  200.539461] AAAAA-TCP_FORW: name:enp0s3: saddr:16783984: daddr:100932208
[  200.654094] AAAAA-TCP_FORW: name:enp0s3: saddr:33561200: daddr:100932208
[  200.767572] AAAAA-TCP_FORW: name:enp0s3: saddr:33561200: daddr:100932208
[  200.873309] AAAAA-TCP_FORW: name:enp0s3: saddr:33561200: daddr:100932208
[  200.948567] AAAAA-TCP_FORW: name:enp0s3: saddr:33561200: daddr:100932208
[  201.037752] AAAAA-TCP_FORW: name:enp0s3: saddr:33561200: daddr:100932208
[  201.152506] AAAAA-TCP_FORW: name:enp0s3: saddr:33561200: daddr:100932208
[  201.246581] AAAAA-TCP_FORW: name:enp0s3: saddr:33561200: daddr:100932208
[  201.420021] AAAAA-TCP_FORW: name:enp0s3: saddr:33561200: daddr:100932208
[  201.513805] AAAAA-TCP_FORW: name:enp0s3: saddr:33561200: daddr:100932208
[  201.877954] AAAAA-TCP_FORW: name:enp0s3: saddr:33561200: daddr:100932208
[  201.983271] AAAAA-TCP_FORW: name:enp0s3: saddr:33561200: daddr:100932208
[  202.094036] AAAAA-TCP_FORW: name:enp0s3: saddr:33561200: daddr:100932208
[  202.270780] AAAAA-TCP_FORW: name:enp0s3: saddr:33561200: daddr:100932208
[  202.388315] AAAAA-TCP_FORW: name:enp0s3: saddr:33561200: daddr:100932208
[  202.588770] AAAAA-TCP_FORW: name:enp0s3: saddr:33561200: daddr:100932208
[  202.722224] AAAAA-TCP_FORW: name:enp0s3: saddr:33561200: daddr:100932208
[  202.858647] AAAAA-TCP_FORW: name:enp0s3: saddr:33561200: daddr:100932208
[  202.963923] AAAAA-TCP_FORW: name:enp0s3: saddr:33561200: daddr:100932208
[  203.090183] AAAAA-TCP_FORW: name:enp0s3: saddr:33561200: daddr:100932208
[  203.235967] AAAAA-TCP_FORW: name:enp0s3: saddr:16783984: daddr:100932208
[  203.312117] AAAAA-TCP_FORW: name:enp0s3: saddr:16783984: daddr:100932208
[  203.399758] AAAAA-TCP_FORW: name:enp0s3: saddr:16783984: daddr:100932208
[  203.486035] AAAAA-TCP_FORW: name:enp0s3: saddr:33561200: daddr:100932208
[  203.653542] AAAAA-TCP_FORW: name:enp0s3: saddr:33561200: daddr:100932208
[  205.968264] AAAAA-TCP_FORW: name:enp0s3: saddr:33561200: daddr:100932208
[  206.150767] AAAAA-TCP_FORW: name:enp0s3: saddr:33561200: daddr:100932208
[  206.364419] AAAAA-TCP_FORW: name:enp0s3: saddr:33561200: daddr:100932208
[  206.544591] AAAAA-TCP_FORW: name:enp0s3: saddr:33561200: daddr:100932208
[  206.685922] AAAAA-TCP_FORW: name:enp0s3: saddr:16783984: daddr:100932208
[  206.856295] AAAAA-TCP_FORW: name:enp0s3: saddr:16783984: daddr:100932208
[  206.979008] AAAAA-TCP_FORW: name:enp0s3: saddr:16783984: daddr:100932208
[  207.311610] AAAAA-TCP_FORW: name:enp0s3: saddr:33561200: daddr:100932208
[  207.647704] AAAAA-TCP_FORW: name:enp0s3: saddr:16783984: daddr:100932208
[  207.774627] AAAAA-TCP_FORW: name:enp0s3: saddr:16783984: daddr:100932208
[  207.844895] AAAAA-TCP_FORW: name:enp0s3: saddr:16783984: daddr:100932208
[  207.914671] AAAAA-TCP_FORW: name:enp0s3: saddr:16783984: daddr:100932208
[  208.013981] AAAAA-TCP_FORW: name:enp0s3: saddr:33561200: daddr:100932208
[  208.113673] AAAAA-TCP_FORW: name:enp0s3: saddr:33561200: daddr:100932208
[  208.497177] AAAAA-TCP_FORW: name:enp0s3: saddr:33561200: daddr:100932208
[  208.599560] AAAAA-TCP_FORW: name:enp0s3: saddr:33561200: daddr:100932208
[  208.758521] AAAAA-TCP_FORW: name:enp0s3: saddr:33561200: daddr:100932208
[  208.929712] AAAAA-TCP_FORW: name:enp0s3: saddr:33561200: daddr:100932208
[  209.072341] AAAAA-TCP_FORW: name:enp0s3: saddr:33561200: daddr:100932208
[  209.226928] AAAAA-TCP_FORW: name:enp0s3: saddr:33561200: daddr:100932208
[  209.381311] AAAAA-TCP_FORW: name:enp0s3: saddr:33561200: daddr:100932208
[  209.613285] AAAAA-TCP_FORW: name:enp0s3: saddr:33561200: daddr:100932208
[  209.696029] AAAAA-TCP_FORW: name:enp0s3: saddr:16783984: daddr:100932208
[  209.757867] AAAAA-TCP_FORW: name:enp0s3: saddr:16783984: daddr:100932208
[  209.878859] AAAAA-TCP_FORW: name:enp0s3: saddr:33561200: daddr:100932208
[  210.123199] AAAAA-TCP_FORW: name:enp0s3: saddr:16783984: daddr:100932208
[  210.278717] AAAAA-TCP_FORW: name:enp0s3: saddr:16783984: daddr:100932208
[  210.361233] AAAAA-TCP_FORW: name:enp0s3: saddr:16783984: daddr:100932208
[  210.424674] AAAAA-TCP_FORW: name:enp0s3: saddr:33561200: daddr:100932208
[  210.498021] AAAAA-TCP_FORW: name:enp0s3: saddr:33561200: daddr:100932208
[  210.651267] AAAAA-TCP_FORW: name:enp0s3: saddr:16783984: daddr:100932208
[  210.730565] AAAAA-TCP_FORW: name:enp0s3: saddr:33561200: daddr:100932208
[  210.778639] AAAAA-TCP_FORW: name:enp0s3: saddr:33561200: daddr:100932208
[  210.856860] AAAAA-TCP_FORW: name:enp0s3: saddr:33561200: daddr:100932208
[  210.976706] AAAAA-TCP_FORW: name:enp0s3: saddr:33561200: daddr:100932208
[  211.089192] AAAAA-TCP_FORW: name:enp0s3: saddr:33561200: daddr:100932208
[  211.164500] AAAAA-TCP_FORW: name:enp0s3: saddr:33561200: daddr:100932208
[  211.217379] AAAAA-TCP_FORW: name:enp0s3: saddr:33561200: daddr:100932208
[  211.295823] AAAAA-TCP_FORW: name:enp0s3: saddr:33561200: daddr:100932208
[  211.341354] AAAAA-TCP_FORW: name:enp0s3: saddr:33561200: daddr:100932208
[  211.498240] AAAAA-TCP_FORW: name:enp0s3: saddr:33561200: daddr:100932208
[  211.575266] AAAAA-TCP_FORW: name:enp0s3: saddr:33561200: daddr:100932208
[  211.680527] AAAAA-TCP_FORW: name:enp0s3: saddr:33561200: daddr:100932208
[  211.776741] AAAAA-TCP_FORW: name:enp0s3: saddr:33561200: daddr:100932208
[  235.494308] AAAAA-TCP_FORW: name:enp0s3: saddr:33561200: daddr:100932208
[  235.796782] AAAAA-TCP_FORW: name:enp0s3: saddr:33561200: daddr:100932208
[  235.937689] AAAAA-TCP_FORW: name:enp0s3: saddr:16783984: daddr:100932208
[  236.243798] AAAAA-TCP_FORW: name:enp0s3: saddr:33561200: daddr:100932208
[  236.646076] AAAAA-TCP_FORW: name:enp0s3: saddr:33561200: daddr:100932208
[  236.936942] AAAAA-TCP_FORW: name:enp0s3: saddr:33561200: daddr:100932208
[  237.060865] AAAAA-TCP_FORW: name:enp0s3: saddr:33561200: daddr:100932208
[  237.309851] AAAAA-TCP_FORW: name:enp0s3: saddr:33561200: daddr:100932208
[  237.366302] AAAAA-TCP_FORW: name:enp0s3: saddr:33561200: daddr:100932208
[  237.554024] AAAAA-TCP_FORW: name:enp0s3: saddr:33561200: daddr:100932208
[  237.704443] AAAAA-TCP_FORW: name:enp0s3: saddr:33561200: daddr:100932208
[  237.806395] AAAAA-TCP_FORW: name:enp0s3: saddr:33561200: daddr:100932208
[  237.930129] AAAAA-TCP_FORW: name:enp0s3: saddr:33561200: daddr:100932208
[  237.979503] AAAAA-TCP_FORW: name:enp0s3: saddr:33561200: daddr:100932208
[  241.300998] AAAAA-TCP_FORW: name:enp0s3: saddr:33561200: daddr:100932208
[  242.635469] AAAAA-TCP_FORW: name:enp0s3: saddr:33561200: daddr:100932208
[  243.377909] AAAAA-TCP_FORW: name:enp0s3: saddr:33561200: daddr:100932208
[  243.799829] AAAAA-TCP_FORW: name:enp0s3: saddr:33561200: daddr:100932208
[  244.210205] AAAAA-TCP_FORW: name:enp0s3: saddr:33561200: daddr:100932208
[  244.777409] AAAAA-TCP_FORW: name:enp0s3: saddr:33561200: daddr:100932208
[  244.833470] AAAAA-TCP_FORW: name:enp0s3: saddr:33561200: daddr:100932208
[  244.934800] AAAAA-TCP_FORW: name:enp0s3: saddr:33561200: daddr:100932208
[  245.032355] AAAAA-TCP_FORW: name:enp0s3: saddr:33561200: daddr:100932208
[  245.233302] AAAAA-TCP_FORW: name:enp0s3: saddr:33561200: daddr:100932208
[  245.344383] AAAAA-TCP_FORW: name:enp0s3: saddr:33561200: daddr:100932208
[  245.440817] AAAAA-TCP_FORW: name:enp0s3: saddr:16783984: daddr:100932208
[  245.754541] AAAAA-TCP_FORW: name:enp0s3: saddr:16783984: daddr:100932208
[  245.825981] AAAAA-TCP_FORW: name:enp0s3: saddr:33561200: daddr:100932208
[  245.934839] AAAAA-TCP_FORW: name:enp0s3: saddr:33561200: daddr:100932208
[  246.114511] AAAAA-TCP_FORW: name:enp0s3: saddr:33561200: daddr:100932208
[  246.425801] AAAAA-TCP_FORW: name:enp0s3: saddr:33561200: daddr:100932208
[  246.613111] AAAAA-TCP_FORW: name:enp0s3: saddr:16783984: daddr:100932208
[  246.823827] AAAAA-TCP_FORW: name:enp0s3: saddr:33561200: daddr:100932208
[  247.373003] AAAAA-TCP_FORW: name:enp0s3: saddr:33561200: daddr:100932208
[  247.536684] AAAAA-TCP_FORW: name:enp0s3: saddr:33561200: daddr:100932208
[  247.667738] AAAAA-TCP_FORW: name:enp0s3: saddr:33561200: daddr:100932208
[  250.526746] AAAAA-TCP_FORW: name:enp0s3: saddr:16783984: daddr:100932208
[  251.122690] AAAAA-TCP_FORW: name:enp0s3: saddr:16783984: daddr:100932208
[  251.920689] AAAAA-TCP_FORW: name:enp0s3: saddr:16783984: daddr:100932208
[  252.139470] AAAAA-TCP_FORW: name:enp0s3: saddr:16783984: daddr:100932208
[  252.705432] AAAAA-TCP_FORW: name:enp0s3: saddr:16783984: daddr:100932208
[  252.882637] AAAAA-TCP_FORW: name:enp0s3: saddr:16783984: daddr:100932208
[  253.075938] AAAAA-TCP_FORW: name:enp0s3: saddr:16783984: daddr:100932208
[  253.166292] AAAAA-TCP_FORW: name:enp0s3: saddr:16783984: daddr:100932208
[  253.256079] AAAAA-TCP_FORW: name:enp0s3: saddr:16783984: daddr:100932208
[  253.413955] AAAAA-TCP_FORW: name:enp0s3: saddr:16783984: daddr:100932208
[  253.715450] AAAAA-TCP_FORW: name:enp0s3: saddr:16783984: daddr:100932208
[  253.805113] AAAAA-TCP_FORW: name:enp0s3: saddr:16783984: daddr:100932208
[  253.902982] AAAAA-TCP_FORW: name:enp0s3: saddr:16783984: daddr:100932208
[  254.086236] AAAAA-TCP_FORW: name:enp0s3: saddr:16783984: daddr:100932208
[  254.157214] AAAAA-TCP_FORW: name:enp0s3: saddr:16783984: daddr:100932208
[  254.226280] AAAAA-TCP_FORW: name:enp0s3: saddr:16783984: daddr:100932208
[  254.541153] AAAAA-TCP_FORW: name:enp0s3: saddr:16783984: daddr:100932208
[  254.641072] AAAAA-TCP_FORW: name:enp0s3: saddr:16783984: daddr:100932208
[  254.972116] AAAAA-TCP_FORW: name:enp0s3: saddr:16783984: daddr:100932208
[  255.248831] AAAAA-TCP_FORW: name:enp0s3: saddr:16783984: daddr:100932208
[  255.567509] AAAAA-TCP_FORW: name:enp0s3: saddr:16783984: daddr:100932208
[  255.714958] AAAAA-TCP_FORW: name:enp0s3: saddr:16783984: daddr:100932208
[  256.273709] AAAAA-TCP_FORW: name:enp0s3: saddr:16783984: daddr:100932208
[  256.606016] AAAAA-TCP_FORW: name:enp0s3: saddr:16783984: daddr:100932208
[  256.718457] AAAAA-TCP_FORW: name:enp0s3: saddr:16783984: daddr:100932208
[  256.925357] AAAAA-TCP_FORW: name:enp0s3: saddr:16783984: daddr:100932208
[  257.126944] AAAAA-TCP_FORW: name:enp0s3: saddr:16783984: daddr:100932208
[  259.105879] AAAAA-TCP_FORW: name:enp0s3: saddr:16783984: daddr:100932208
[  259.238071] AAAAA-TCP_FORW: name:enp0s3: saddr:16783984: daddr:100932208
[  259.459572] AAAAA-TCP_FORW: name:enp0s3: saddr:16783984: daddr:100932208
[  259.634032] AAAAA-TCP_FORW: name:enp0s3: saddr:16783984: daddr:100932208
[  259.697961] AAAAA-TCP_FORW: name:enp0s3: saddr:16783984: daddr:100932208
[  259.872863] AAAAA-TCP_FORW: name:enp0s3: saddr:16783984: daddr:100932208
[  260.145567] AAAAA-TCP_FORW: name:enp0s3: saddr:16783984: daddr:100932208
[  260.366007] AAAAA-TCP_FORW: name:enp0s3: saddr:16783984: daddr:100932208
[  266.725890] AAAAA-TCP_FORW: name:enp0s3: saddr:16783984: daddr:100932208
[  266.821393] AAAAA-TCP_FORW: name:enp0s3: saddr:16783984: daddr:100932208
[  267.160941] AAAAA-TCP_FORW: name:enp0s3: saddr:16783984: daddr:100932208
[  267.257392] AAAAA-TCP_FORW: name:enp0s3: saddr:16783984: daddr:100932208
[  267.401187] AAAAA-TCP_FORW: name:enp0s3: saddr:16783984: daddr:100932208
[  267.497653] AAAAA-TCP_FORW: name:enp0s3: saddr:16783984: daddr:100932208
[  267.727427] AAAAA-TCP_FORW: name:enp0s3: saddr:16783984: daddr:100932208
[  267.887352] AAAAA-TCP_FORW: name:enp0s3: saddr:16783984: daddr:100932208
[  268.008205] AAAAA-TCP_FORW: name:enp0s3: saddr:16783984: daddr:100932208
[  268.172564] AAAAA-TCP_FORW: name:enp0s3: saddr:16783984: daddr:100932208
[  268.346866] AAAAA-TCP_FORW: name:enp0s3: saddr:16783984: daddr:100932208
[  268.433882] AAAAA-TCP_FORW: name:enp0s3: saddr:16783984: daddr:100932208
[  268.655991] AAAAA-TCP_FORW: name:enp0s3: saddr:16783984: daddr:100932208
[  268.951826] AAAAA-TCP_FORW: name:enp0s3: saddr:16783984: daddr:100932208
[  269.203715] AAAAA-TCP_FORW: name:enp0s3: saddr:16783984: daddr:100932208
[  286.563275] AAAAA-TCP_FORW: name:enp0s3: saddr:100932208: daddr:33561200
[  286.758017] AAAAA-TCP_FORW: name:enp0s3: saddr:100932208: daddr:33561200
[  286.837693] AAAAA-TCP_FORW: name:enp0s3: saddr:100932208: daddr:33561200
[  286.983075] AAAAA-TCP_FORW: name:enp0s3: saddr:100932208: daddr:33561200
[  287.069045] AAAAA-TCP_FORW: name:enp0s3: saddr:100932208: daddr:33561200
[  287.165471] AAAAA-TCP_FORW: name:enp0s3: saddr:100932208: daddr:33561200
[  287.339567] AAAAA-TCP_FORW: name:enp0s3: saddr:100932208: daddr:33561200
[  287.431746] AAAAA-TCP_FORW: name:enp0s3: saddr:100932208: daddr:33561200
[  287.517617] AAAAA-TCP_FORW: name:enp0s3: saddr:100932208: daddr:33561200
[  292.543335] AAAAA-TCP_FORW: name:enp0s3: saddr:33561200: daddr:100932208
[  292.811677] AAAAA-TCP_FORW: name:enp0s3: saddr:33561200: daddr:100932208
[  292.998900] AAAAA-TCP_FORW: name:enp0s3: saddr:33561200: daddr:100932208
[  293.175396] AAAAA-TCP_FORW: name:enp0s3: saddr:33561200: daddr:100932208
[  293.280599] AAAAA-TCP_FORW: name:enp0s3: saddr:33561200: daddr:100932208
[  293.453282] AAAAA-TCP_FORW: name:enp0s3: saddr:33561200: daddr:100932208
[  293.678969] AAAAA-TCP_FORW: name:enp0s3: saddr:33561200: daddr:100932208
[  293.768197] AAAAA-TCP_FORW: name:enp0s3: saddr:33561200: daddr:100932208
[  294.031192] AAAAA-TCP_FORW: name:enp0s3: saddr:33561200: daddr:100932208
[  294.389263] AAAAA-TCP_FORW: name:enp0s3: saddr:33561200: daddr:100932208
[  294.804523] AAAAA-TCP_FORW: name:enp0s3: saddr:33561200: daddr:100932208
[  295.125752] AAAAA-TCP_FORW: name:enp0s3: saddr:33561200: daddr:100932208
[  295.511723] AAAAA-TCP_FORW: name:enp0s3: saddr:33561200: daddr:100932208
[  296.064739] AAAAA-TCP_FORW: name:enp0s3: saddr:33561200: daddr:100932208
[  296.367647] AAAAA-TCP_FORW: name:enp0s3: saddr:33561200: daddr:100932208
[  296.497726] AAAAA-TCP_FORW: name:enp0s3: saddr:33561200: daddr:100932208
[  296.799421] AAAAA-TCP_FORW: name:enp0s3: saddr:33561200: daddr:100932208
[  297.130878] AAAAA-TCP_FORW: name:enp0s3: saddr:16783984: daddr:100932208
[  297.244612] AAAAA-TCP_FORW: name:enp0s3: saddr:16783984: daddr:100932208
[  297.396110] AAAAA-TCP_FORW: name:enp0s3: saddr:16783984: daddr:100932208
[  297.520566] AAAAA-TCP_FORW: name:enp0s3: saddr:16783984: daddr:100932208
[  297.606609] AAAAA-TCP_FORW: name:enp0s3: saddr:33561200: daddr:100932208
[  501.258757] rfkill: input handler enabled
[  509.408771] rfkill: input handler disabled
[  793.843049] device enp0s3 left promiscuous mode
