[    0.000000] Linux version 5.4.243-mptcp (root@ztg) (gcc version 12.2.0 (Debian 12.2.0-14+deb12u1)) #53 SMP Wed Dec 24 23:28:15 CST 2025
[    0.000000] Command line: BOOT_IMAGE=/boot/vmlinuz-5.4.243-mptcp root=UUID=98415a12-53b7-4144-8265-0f7ece09e445 ro quiet splash
[    0.000000] KERNEL supported cpus:
[    0.000000]   Intel GenuineIntel
[    0.000000]   AMD AuthenticAMD
[    0.000000]   Hygon HygonGenuine
[    0.000000]   Centaur CentaurHauls
[    0.000000]   zhaoxin   Shanghai  
[    0.000000] x86/fpu: Supporting XSAVE feature 0x001: 'x87 floating point registers'
[    0.000000] x86/fpu: Supporting XSAVE feature 0x002: 'SSE registers'
[    0.000000] x86/fpu: Supporting XSAVE feature 0x004: 'AVX registers'
[    0.000000] x86/fpu: xstate_offset[2]:  576, xstate_sizes[2]:  256
[    0.000000] x86/fpu: Enabled xstate features 0x7, context size is 832 bytes, using 'standard' format.
[    0.000000] BIOS-provided physical RAM map:
[    0.000000] BIOS-e820: [mem 0x0000000000000000-0x000000000009fbff] usable
[    0.000000] BIOS-e820: [mem 0x000000000009fc00-0x000000000009ffff] reserved
[    0.000000] BIOS-e820: [mem 0x00000000000f0000-0x00000000000fffff] reserved
[    0.000000] BIOS-e820: [mem 0x0000000000100000-0x000000007ffeffff] usable
[    0.000000] BIOS-e820: [mem 0x000000007fff0000-0x000000007fffffff] ACPI data
[    0.000000] BIOS-e820: [mem 0x00000000fec00000-0x00000000fec00fff] reserved
[    0.000000] BIOS-e820: [mem 0x00000000fee00000-0x00000000fee00fff] reserved
[    0.000000] BIOS-e820: [mem 0x00000000fffc0000-0x00000000ffffffff] reserved
[    0.000000] NX (Execute Disable) protection: active
[    0.000000] SMBIOS 2.5 present.
[    0.000000] DMI: innotek GmbH VirtualBox/VirtualBox, BIOS VirtualBox 12/01/2006
[    0.000000] Hypervisor detected: KVM
[    0.000000] kvm-clock: Using msrs 4b564d01 and 4b564d00
[    0.000000] kvm-clock: cpu 0, msr 4bc01001, primary cpu clock
[    0.000000] kvm-clock: using sched offset of 4440840210 cycles
[    0.000003] clocksource: kvm-clock: mask: 0xffffffffffffffff max_cycles: 0x1cd42e4dffb, max_idle_ns: 881590591483 ns
[    0.000006] tsc: Detected 2100.000 MHz processor
[    0.001866] e820: update [mem 0x00000000-0x00000fff] usable ==> reserved
[    0.001868] e820: remove [mem 0x000a0000-0x000fffff] usable
[    0.001872] last_pfn = 0x7fff0 max_arch_pfn = 0x400000000
[    0.001941] MTRR default type: uncachable
[    0.001942] MTRR fixed ranges enabled:
[    0.001943]   00000-9FFFF write-back
[    0.001944]   A0000-BFFFF uncachable
[    0.001944]   C0000-FFFFF write-protect
[    0.001945] MTRR variable ranges enabled:
[    0.001946]   0 base 000000000000 mask 3FFF80000000 write-back
[    0.001947]   1 disabled
[    0.001947]   2 disabled
[    0.001948]   3 disabled
[    0.001948]   4 disabled
[    0.001949]   5 disabled
[    0.001949]   6 disabled
[    0.001950]   7 disabled
[    0.001950]   8 disabled
[    0.001950]   9 disabled
[    0.001951]   10 disabled
[    0.001951]   11 disabled
[    0.001952]   12 disabled
[    0.001952]   13 disabled
[    0.001953]   14 disabled
[    0.001953]   15 disabled
[    0.001970] x86/PAT: Configuration [0-7]: WB  WC  UC- UC  WB  WP  UC- WT  
[    0.002103] found SMP MP-table at [mem 0x0009fff0-0x0009ffff]
[    0.091273] check: Scanning 1 areas for low memory corruption
[    0.091415] RAMDISK: [mem 0x32271000-0x3512ffff]
[    0.091423] ACPI: Early table checksum verification disabled
[    0.091428] ACPI: RSDP 0x00000000000E0000 000024 (v02 VBOX  )
[    0.091432] ACPI: XSDT 0x000000007FFF0030 00003C (v01 VBOX   VBOXXSDT 00000001 ASL  00000061)
[    0.091438] ACPI: FACP 0x000000007FFF00F0 0000F4 (v04 VBOX   VBOXFACP 00000001 ASL  00000061)
[    0.091445] ACPI: DSDT 0x000000007FFF02E0 002353 (v02 VBOX   VBOXBIOS 00000002 VBOX 00029BF3)
[    0.091449] ACPI: FACS 0x000000007FFF0200 000040
[    0.091453] ACPI: FACS 0x000000007FFF0200 000040
[    0.091456] ACPI: APIC 0x000000007FFF0240 000054 (v02 VBOX   VBOXAPIC 00000001 ASL  00000061)
[    0.091459] ACPI: SSDT 0x000000007FFF02A0 000038 (v01 VBOX   VBOXCPUT 00000002 VBOX 00029BF3)
[    0.091463] ACPI: Reserving FACP table memory at [mem 0x7fff00f0-0x7fff01e3]
[    0.091464] ACPI: Reserving DSDT table memory at [mem 0x7fff02e0-0x7fff2632]
[    0.091464] ACPI: Reserving FACS table memory at [mem 0x7fff0200-0x7fff023f]
[    0.091465] ACPI: Reserving FACS table memory at [mem 0x7fff0200-0x7fff023f]
[    0.091466] ACPI: Reserving APIC table memory at [mem 0x7fff0240-0x7fff0293]
[    0.091466] ACPI: Reserving SSDT table memory at [mem 0x7fff02a0-0x7fff02d7]
[    0.091481] ACPI: Local APIC address 0xfee00000
[    0.091669] No NUMA configuration found
[    0.091670] Faking a node at [mem 0x0000000000000000-0x000000007ffeffff]
[    0.091680] NODE_DATA(0) allocated [mem 0x7ffc5000-0x7ffeffff]
[    0.091941] Zone ranges:
[    0.091942]   DMA      [mem 0x0000000000001000-0x0000000000ffffff]
[    0.091943]   DMA32    [mem 0x0000000001000000-0x000000007ffeffff]
[    0.091943]   Normal   empty
[    0.091944]   Device   empty
[    0.091945] Movable zone start for each node
[    0.091947] Early memory node ranges
[    0.091947]   node   0: [mem 0x0000000000001000-0x000000000009efff]
[    0.091948]   node   0: [mem 0x0000000000100000-0x000000007ffeffff]
[    0.091952] Zeroed struct page in unavailable ranges: 114 pages
[    0.091953] Initmem setup node 0 [mem 0x0000000000001000-0x000000007ffeffff]
[    0.091954] On node 0 totalpages: 524174
[    0.091955]   DMA zone: 64 pages used for memmap
[    0.091955]   DMA zone: 21 pages reserved
[    0.091956]   DMA zone: 3998 pages, LIFO batch:0
[    0.092028]   DMA32 zone: 8128 pages used for memmap
[    0.092029]   DMA32 zone: 520176 pages, LIFO batch:63
[    0.100924] ACPI: PM-Timer IO Port: 0x4008
[    0.100927] ACPI: Local APIC address 0xfee00000
[    0.100991] IOAPIC[0]: apic_id 1, version 32, address 0xfec00000, GSI 0-23
[    0.100995] ACPI: INT_SRC_OVR (bus 0 bus_irq 0 global_irq 2 dfl dfl)
[    0.100996] ACPI: INT_SRC_OVR (bus 0 bus_irq 9 global_irq 9 low level)
[    0.100998] ACPI: IRQ0 used by override.
[    0.100999] ACPI: IRQ9 used by override.
[    0.101002] Using ACPI (MADT) for SMP configuration information
[    0.101009] smpboot: Allowing 1 CPUs, 0 hotplug CPUs
[    0.101032] PM: Registered nosave memory: [mem 0x00000000-0x00000fff]
[    0.101033] PM: Registered nosave memory: [mem 0x0009f000-0x0009ffff]
[    0.101033] PM: Registered nosave memory: [mem 0x000a0000-0x000effff]
[    0.101034] PM: Registered nosave memory: [mem 0x000f0000-0x000fffff]
[    0.101036] [mem 0x80000000-0xfebfffff] available for PCI devices
[    0.101037] Booting paravirtualized kernel on KVM
[    0.101039] clocksource: refined-jiffies: mask: 0xffffffff max_cycles: 0xffffffff, max_idle_ns: 7645519600211568 ns
[    0.101044] setup_percpu: NR_CPUS:8192 nr_cpumask_bits:1 nr_cpu_ids:1 nr_node_ids:1
[    0.102084] percpu: Embedded 60 pages/cpu s208896 r8192 d28672 u2097152
[    0.102089] pcpu-alloc: s208896 r8192 d28672 u2097152 alloc=1*2097152
[    0.102090] pcpu-alloc: [0] 0 
[    0.102115] Built 1 zonelists, mobility grouping on.  Total pages: 515961
[    0.102116] Policy zone: DMA32
[    0.102117] Kernel command line: BOOT_IMAGE=/boot/vmlinuz-5.4.243-mptcp root=UUID=98415a12-53b7-4144-8265-0f7ece09e445 ro quiet splash
[    0.102949] Dentry cache hash table entries: 262144 (order: 9, 2097152 bytes, linear)
[    0.103095] Inode-cache hash table entries: 131072 (order: 8, 1048576 bytes, linear)
[    0.103146] mem auto-init: stack:off, heap alloc:on, heap free:off
[    0.103149] Calgary: detecting Calgary via BIOS EBDA area
[    0.103150] Calgary: Unable to locate Rio Grande table in EBDA - bailing!
[    0.107254] Memory: 1967332K/2096696K available (14339K kernel code, 2398K rwdata, 4712K rodata, 2728K init, 17260K bss, 129364K reserved, 0K cma-reserved)
[    0.108180] SLUB: HWalign=64, Order=0-3, MinObjects=0, CPUs=1, Nodes=1
[    0.108196] ftrace: allocating 43186 entries in 169 pages
[    0.126298] rcu: Hierarchical RCU implementation.
[    0.126299] rcu: 	RCU restricting CPUs from NR_CPUS=8192 to nr_cpu_ids=1.
[    0.126301] 	Tasks RCU enabled.
[    0.126302] rcu: RCU calculated value of scheduler-enlistment delay is 25 jiffies.
[    0.126303] rcu: Adjusting geometry for rcu_fanout_leaf=16, nr_cpu_ids=1
[    0.129254] NR_IRQS: 524544, nr_irqs: 256, preallocated irqs: 16
[    0.129464] random: crng init done
[    0.138689] Console: colour VGA+ 80x25
[    0.138694] printk: console [tty0] enabled
[    0.138713] ACPI: Core revision 20190816
[    0.138804] APIC: Switch to symmetric I/O mode setup
[    0.139057] x2apic enabled
[    0.139295] Switched APIC routing to physical x2apic.
[    0.140427] ..TIMER: vector=0x30 apic1=0 pin1=2 apic2=-1 pin2=-1
[    0.140453] clocksource: tsc-early: mask: 0xffffffffffffffff max_cycles: 0x1e4530a99b6, max_idle_ns: 440795257976 ns
[    0.140458] Calibrating delay loop (skipped) preset value.. 4200.00 BogoMIPS (lpj=8400000)
[    0.140460] pid_max: default: 32768 minimum: 301
[    0.140487] LSM: Security Framework initializing
[    0.140497] Yama: becoming mindful.
[    0.140523] AppArmor: AppArmor initialized
[    0.140557] Mount-cache hash table entries: 4096 (order: 3, 32768 bytes, linear)
[    0.140561] Mountpoint-cache hash table entries: 4096 (order: 3, 32768 bytes, linear)
[    0.140571] *** VALIDATE tmpfs ***
[    0.140700] *** VALIDATE proc ***
[    0.140742] *** VALIDATE cgroup1 ***
[    0.140743] *** VALIDATE cgroup2 ***
[    0.140883] process: using mwait in idle threads
[    0.140888] Last level iTLB entries: 4KB 64, 2MB 8, 4MB 8
[    0.140889] Last level dTLB entries: 4KB 64, 2MB 0, 4MB 0, 1GB 4
[    0.140908] Spectre V1 : Mitigation: usercopy/swapgs barriers and __user pointer sanitization
[    0.140914] Spectre V2 : Mitigation: Retpolines
[    0.140914] Spectre V2 : Spectre v2 / SpectreRSB mitigation: Filling RSB on context switch
[    0.140915] Spectre V2 : Spectre v2 / SpectreRSB : Filling RSB on VMEXIT
[    0.140915] RETBleed: WARNING: Spectre v2 mitigation leaves CPU vulnerable to RETBleed attacks, data leaks possible!
[    0.141263] RETBleed: Vulnerable
[    0.141263] Speculative Store Bypass: Vulnerable
[    0.141268] TAA: Mitigation: TSX disabled
[    0.141269] MMIO Stale Data: Mitigation: Clear CPU buffers
[    0.145479] Freeing SMP alternatives memory: 40K
[    0.257613] smpboot: CPU0: Intel(R) Xeon(R) Silver 4216 CPU @ 2.10GHz (family: 0x6, model: 0x55, stepping: 0x7)
[    0.257748] Performance Events: unsupported p6 CPU model 85 no PMU driver, software events only.
[    0.257784] rcu: Hierarchical SRCU implementation.
[    0.258258] NMI watchdog: Perf NMI watchdog permanently disabled
[    0.258296] smp: Bringing up secondary CPUs ...
[    0.258297] smp: Brought up 1 node, 1 CPU
[    0.258298] smpboot: Max logical packages: 1
[    0.258299] smpboot: Total of 1 processors activated (4200.00 BogoMIPS)
[    0.259294] devtmpfs: initialized
[    0.259341] x86/mm: Memory block size: 128MB
[    0.259687] clocksource: jiffies: mask: 0xffffffff max_cycles: 0xffffffff, max_idle_ns: 7645041785100000 ns
[    0.259693] futex hash table entries: 256 (order: 2, 16384 bytes, linear)
[    0.259737] pinctrl core: initialized pinctrl subsystem
[    0.259837] PM: RTC time: 18:47:51, date: 2026-01-14
[    0.259945] NET: Registered protocol family 16
[    0.260019] audit: initializing netlink subsys (disabled)
[    0.260145] EISA bus registered
[    0.260147] cpuidle: using governor ladder
[    0.260147] cpuidle: using governor menu
[    0.260183] ACPI: bus type PCI registered
[    0.260185] acpiphp: ACPI Hot Plug PCI Controller Driver version: 0.5
[    0.260290] PCI: Using configuration type 1 for base access
[    0.260759] audit: type=2000 audit(1768387677.438:1): state=initialized audit_enabled=0 res=1
[    0.260839] HugeTLB registered 2.00 MiB page size, pre-allocated 0 pages
[    0.261670] ACPI: Added _OSI(Module Device)
[    0.261671] ACPI: Added _OSI(Processor Device)
[    0.261672] ACPI: Added _OSI(3.0 _SCP Extensions)
[    0.261672] ACPI: Added _OSI(Processor Aggregator Device)
[    0.261674] ACPI: Added _OSI(Linux-Dell-Video)
[    0.261675] ACPI: Added _OSI(Linux-Lenovo-NV-HDMI-Audio)
[    0.261675] ACPI: Added _OSI(Linux-HPI-Hybrid-Graphics)
[    0.263617] ACPI: 2 ACPI AML tables successfully acquired and loaded
[    0.265237] ACPI: Interpreter enabled
[    0.265246] ACPI: (supports S0 S5)
[    0.265248] ACPI: Using IOAPIC for interrupt routing
[    0.265454] PCI: Using host bridge windows from ACPI; if necessary, use "pci=nocrs" and report a bug
[    0.265558] ACPI: Enabled 2 GPEs in block 00 to 07
[    0.270424] ACPI: PCI Root Bridge [PCI0] (domain 0000 [bus 00-ff])
[    0.270429] acpi PNP0A03:00: _OSC: OS supports [ASPM ClockPM Segments MSI HPX-Type3]
[    0.270874] acpi PNP0A03:00: _OSC: not requesting OS control; OS requires [ExtendedConfig ASPM ClockPM MSI]
[    0.270882] acpi PNP0A03:00: fail to add MMCONFIG information, can't access extended PCI configuration space under this bridge.
[    0.271250] PCI host bridge to bus 0000:00
[    0.271252] pci_bus 0000:00: root bus resource [io  0x0000-0x0cf7 window]
[    0.271253] pci_bus 0000:00: root bus resource [io  0x0d00-0xffff window]
[    0.271255] pci_bus 0000:00: root bus resource [mem 0x000a0000-0x000bffff window]
[    0.271256] pci_bus 0000:00: root bus resource [mem 0x80000000-0xfdffffff window]
[    0.271257] pci_bus 0000:00: root bus resource [bus 00-ff]
[    0.271301] pci 0000:00:00.0: [8086:1237] type 00 class 0x060000
[    0.272228] pci 0000:00:01.0: [8086:7000] type 00 class 0x060100
[    0.273028] pci 0000:00:01.1: [8086:7111] type 00 class 0x01018a
[    0.273391] pci 0000:00:01.1: reg 0x20: [io  0xd000-0xd00f]
[    0.273541] pci 0000:00:01.1: legacy IDE quirk: reg 0x10: [io  0x01f0-0x01f7]
[    0.273542] pci 0000:00:01.1: legacy IDE quirk: reg 0x14: [io  0x03f6]
[    0.273543] pci 0000:00:01.1: legacy IDE quirk: reg 0x18: [io  0x0170-0x0177]
[    0.273544] pci 0000:00:01.1: legacy IDE quirk: reg 0x1c: [io  0x0376]
[    0.274091] pci 0000:00:02.0: [15ad:0405] type 00 class 0x030000
[    0.276533] pci 0000:00:02.0: reg 0x10: [io  0xd010-0xd01f]
[    0.280498] pci 0000:00:02.0: reg 0x14: [mem 0xe0000000-0xe7ffffff pref]
[    0.283161] pci 0000:00:02.0: reg 0x18: [mem 0xf0000000-0xf01fffff]
[    0.293139] pci 0000:00:03.0: [1022:2000] type 00 class 0x020000
[    0.293822] pci 0000:00:03.0: reg 0x10: [io  0xd020-0xd03f]
[    0.294429] pci 0000:00:03.0: reg 0x14: [mem 0xf0200000-0xf0200fff]
[    0.298362] pci 0000:00:04.0: [80ee:cafe] type 00 class 0x088000
[    0.299031] pci 0000:00:04.0: reg 0x10: [io  0xd040-0xd05f]
[    0.299639] pci 0000:00:04.0: reg 0x14: [mem 0xf0400000-0xf07fffff]
[    0.300244] pci 0000:00:04.0: reg 0x18: [mem 0xf0800000-0xf0803fff pref]
[    0.303499] pci 0000:00:07.0: [8086:7113] type 00 class 0x068000
[    0.304047] pci 0000:00:07.0: quirk: [io  0x4000-0x403f] claimed by PIIX4 ACPI
[    0.304058] pci 0000:00:07.0: quirk: [io  0x4100-0x410f] claimed by PIIX4 SMB
[    0.304520] pci 0000:00:08.0: [8086:100e] type 00 class 0x020000
[    0.305246] pci 0000:00:08.0: reg 0x10: [mem 0xf0820000-0xf083ffff]
[    0.306433] pci 0000:00:08.0: reg 0x18: [io  0xd060-0xd067]
[    0.310082] pci 0000:00:09.0: [8086:100e] type 00 class 0x020000
[    0.310783] pci 0000:00:09.0: reg 0x10: [mem 0xf0840000-0xf085ffff]
[    0.312007] pci 0000:00:09.0: reg 0x18: [io  0xd068-0xd06f]
[    0.321459] ACPI: PCI Interrupt Link [LNKA] (IRQs 5 9 10 *11)
[    0.321742] ACPI: PCI Interrupt Link [LNKB] (IRQs 5 9 *10 11)
[    0.321845] ACPI: PCI Interrupt Link [LNKC] (IRQs 5 *9 10 11)
[    0.321947] ACPI: PCI Interrupt Link [LNKD] (IRQs 5 9 10 *11)
[    0.322209] iommu: Default domain type: Translated 
[    0.322268] pci 0000:00:02.0: vgaarb: setting as boot VGA device
[    0.322270] pci 0000:00:02.0: vgaarb: VGA device added: decodes=io+mem,owns=io+mem,locks=none
[    0.322272] pci 0000:00:02.0: vgaarb: bridge control possible
[    0.322272] vgaarb: loaded
[    0.322485] SCSI subsystem initialized
[    0.322518] libata version 3.00 loaded.
[    0.322543] ACPI: bus type USB registered
[    0.322559] usbcore: registered new interface driver usbfs
[    0.322565] usbcore: registered new interface driver hub
[    0.322570] usbcore: registered new device driver usb
[    0.322596] pps_core: LinuxPPS API ver. 1 registered
[    0.322597] pps_core: Software ver. 5.3.6 - Copyright 2005-2007 Rodolfo Giometti <giometti@linux.it>
[    0.322599] PTP clock support registered
[    0.322632] EDAC MC: Ver: 3.0.0
[    0.324650] PCI: Using ACPI for IRQ routing
[    0.324651] PCI: pci_cache_line_size set to 64 bytes
[    0.324822] e820: reserve RAM buffer [mem 0x0009fc00-0x0009ffff]
[    0.324826] e820: reserve RAM buffer [mem 0x7fff0000-0x7fffffff]
[    0.325619] NetLabel: Initializing
[    0.325620] NetLabel:  domain hash size = 128
[    0.325620] NetLabel:  protocols = UNLABELED CIPSOv4 CALIPSO
[    0.325639] NetLabel:  unlabeled traffic allowed by default
[    0.326554] clocksource: Switched to clocksource kvm-clock
[    0.338845] *** VALIDATE bpf ***
[    0.338904] VFS: Disk quotas dquot_6.6.0
[    0.338917] VFS: Dquot-cache hash table entries: 512 (order 0, 4096 bytes)
[    0.338939] *** VALIDATE ramfs ***
[    0.338942] *** VALIDATE hugetlbfs ***
[    0.339022] AppArmor: AppArmor Filesystem Enabled
[    0.339047] pnp: PnP ACPI init
[    0.339114] pnp 00:00: Plug and Play ACPI device, IDs PNP0303 (active)
[    0.339201] pnp 00:01: Plug and Play ACPI device, IDs PNP0f03 (active)
[    0.339939] pnp: PnP ACPI: found 2 devices
[    0.340904] thermal_sys: Registered thermal governor 'fair_share'
[    0.340905] thermal_sys: Registered thermal governor 'bang_bang'
[    0.340905] thermal_sys: Registered thermal governor 'step_wise'
[    0.340906] thermal_sys: Registered thermal governor 'user_space'
[    0.340907] thermal_sys: Registered thermal governor 'power_allocator'
[    0.345453] clocksource: acpi_pm: mask: 0xffffff max_cycles: 0xffffff, max_idle_ns: 2085701024 ns
[    0.345493] pci_bus 0000:00: resource 4 [io  0x0000-0x0cf7 window]
[    0.345494] pci_bus 0000:00: resource 5 [io  0x0d00-0xffff window]
[    0.345496] pci_bus 0000:00: resource 6 [mem 0x000a0000-0x000bffff window]
[    0.345497] pci_bus 0000:00: resource 7 [mem 0x80000000-0xfdffffff window]
[    0.345554] NET: Registered protocol family 2
[    0.345631] IP idents hash table entries: 32768 (order: 6, 262144 bytes, linear)
[    0.346038] MPTCP tokens hash table entries: 8192 (order: 4, 65536 bytes, linear)
[    0.346059] MPTCP request tokens hash table entries: 8192 (order: 4, 65536 bytes, linear)
[    0.346084] default registered
[    0.346084] default registered
[    0.346085] MPTCP: Stable release v0.96
[    0.346090] tcp_listen_portaddr_hash hash table entries: 1024 (order: 2, 16384 bytes, linear)
[    0.346169] TCP established hash table entries: 16384 (order: 5, 131072 bytes, linear)
[    0.346235] TCP bind hash table entries: 16384 (order: 6, 262144 bytes, linear)
[    0.346260] TCP: Hash tables configured (established 16384 bind 16384)
[    0.346969] UDP hash table entries: 1024 (order: 3, 32768 bytes, linear)
[    0.346980] UDP-Lite hash table entries: 1024 (order: 3, 32768 bytes, linear)
[    0.347013] NET: Registered protocol family 1
[    0.347021] NET: Registered protocol family 44
[    0.347060] pci 0000:00:00.0: Limiting direct PCI/PCI transfers
[    0.347073] pci 0000:00:01.0: Activating ISA DMA hang workarounds
[    0.347128] pci 0000:00:02.0: Video device with shadowed ROM at [mem 0x000c0000-0x000dffff]
[    0.347192] PCI: CLS 0 bytes, default 64
[    0.347247] Trying to unpack rootfs image as initramfs...
[    0.525586] Freeing initrd memory: 47868K
[    0.525673] clocksource: tsc: mask: 0xffffffffffffffff max_cycles: 0x1e4530a99b6, max_idle_ns: 440795257976 ns
[    0.525682] clocksource: Switched to clocksource tsc
[    0.525720] platform rtc_cmos: registered platform RTC device (no PNP device found)
[    0.525749] check: Scanning for low memory corruption every 60 seconds
[    0.526056] Initialise system trusted keyrings
[    0.526065] Key type blacklist registered
[    0.526107] workingset: timestamp_bits=36 max_order=19 bucket_order=0
[    0.526341] zbud: loaded
[    0.526341] squashfs: version 4.0 (2009/01/31) Phillip Lougher
[    0.526341] fuse: init (API version 7.31)
[    0.526341] *** VALIDATE fuse ***
[    0.526341] *** VALIDATE fuse ***
[    0.526341] Platform Keyring initialized
[    0.526341] Key type asymmetric registered
[    0.526341] Asymmetric key parser 'x509' registered
[    0.526341] Block layer SCSI generic (bsg) driver version 0.4 loaded (major 244)
[    0.526341] io scheduler mq-deadline registered
[    0.526341] shpchp: Standard Hot Plug PCI Controller Driver version: 0.4
[    0.531269] ACPI: AC Adapter [AC] (on-line)
[    0.531314] input: Power Button as /devices/LNXSYSTM:00/LNXPWRBN:00/input/input0
[    0.531343] ACPI: Power Button [PWRF]
[    0.531417] input: Sleep Button as /devices/LNXSYSTM:00/LNXSLPBN:00/input/input1
[    0.531433] ACPI: Sleep Button [SLPF]
[    0.531662] Serial: 8250/16550 driver, 32 ports, IRQ sharing enabled
[    0.532813] Linux agpgart interface v0.103
[    0.623117] loop: module loaded
[    0.623383] ata_piix 0000:00:01.1: version 2.13
[    0.624137] scsi host0: ata_piix
[    0.624301] scsi host1: ata_piix
[    0.624351] ata1: PATA max UDMA/33 cmd 0x1f0 ctl 0x3f6 bmdma 0xd000 irq 14
[    0.624353] ata2: PATA max UDMA/33 cmd 0x170 ctl 0x376 bmdma 0xd008 irq 15
[    0.624488] tun: Universal TUN/TAP device driver, 1.6
[    0.624990] PPP generic driver version 2.4.2
[    0.625067] VFIO - User Level meta-driver version: 0.3
[    0.625494] ehci_hcd: USB 2.0 'Enhanced' Host Controller (EHCI) Driver
[    0.625503] ehci-pci: EHCI PCI platform driver
[    0.625527] ehci-platform: EHCI generic platform driver
[    0.625537] ohci_hcd: USB 1.1 'Open' Host Controller (OHCI) Driver
[    0.625540] ohci-pci: OHCI PCI platform driver
[    0.625553] ohci-platform: OHCI generic platform driver
[    0.625571] uhci_hcd: USB Universal Host Controller Interface driver
[    0.625700] i8042: PNP: PS/2 Controller [PNP0303:PS2K,PNP0f03:PS2M] at 0x60,0x64 irq 1,12
[    0.626563] serio: i8042 KBD port at 0x60,0x64 irq 1
[    0.626584] serio: i8042 AUX port at 0x60,0x64 irq 12
[    0.626791] mousedev: PS/2 mouse device common for all mice
[    0.627272] input: AT Translated Set 2 keyboard as /devices/platform/i8042/serio0/input/input2
[    0.628002] rtc_cmos rtc_cmos: registered as rtc0
[    0.628025] rtc_cmos rtc_cmos: alarms up to one day, 114 bytes nvram
[    0.628034] i2c /dev entries driver
[    0.628181] device-mapper: uevent: version 1.0.3
[    0.628295] device-mapper: ioctl: 4.41.0-ioctl (2019-09-16) initialised: dm-devel@redhat.com
[    0.628358] platform eisa.0: Probing EISA bus 0
[    0.628360] platform eisa.0: EISA: Cannot allocate resource for mainboard
[    0.628362] platform eisa.0: Cannot allocate resource for EISA slot 1
[    0.628364] platform eisa.0: Cannot allocate resource for EISA slot 2
[    0.628366] platform eisa.0: Cannot allocate resource for EISA slot 3
[    0.628368] platform eisa.0: Cannot allocate resource for EISA slot 4
[    0.628370] platform eisa.0: Cannot allocate resource for EISA slot 5
[    0.628372] platform eisa.0: Cannot allocate resource for EISA slot 6
[    0.628374] platform eisa.0: Cannot allocate resource for EISA slot 7
[    0.628375] platform eisa.0: Cannot allocate resource for EISA slot 8
[    0.628377] platform eisa.0: EISA: Detected 0 cards
[    0.628381] intel_pstate: CPU model not supported
[    0.628412] ledtrig-cpu: registered to indicate activity on CPUs
[    0.628565] drop_monitor: Initializing network drop monitor service
[    0.629011] NET: Registered protocol family 10
[    0.636339] Segment Routing with IPv6
[    0.636339] fullmesh registered
[    0.636339] ndiffports registered
[    0.636339] binder registered
[    0.636339] roundrobin registered
[    0.636339] redundant registered
[    0.636339] blest registered
[    0.636339] ecf registered
[    0.636339] NET: Registered protocol family 17
[    0.636339] Key type dns_resolver registered
[    0.636339] RAS: Correctable Errors collector initialized.
[    0.636339] IPI shorthand broadcast: enabled
[    0.636339] sched_clock: Marking stable (621339811, 11000164)->(633796635, -1456660)
[    0.639710] registered taskstats version 1
[    0.639722] Loading compiled-in X.509 certificates
[    0.640935] Loaded X.509 cert 'Build time autogenerated kernel key: 6909f3744cebb3d0de528d5887b96a727de79b1e'
[    0.640967] zswap: loaded using pool lzo/zbud
[    0.641068] Key type ._fscrypt registered
[    0.641069] Key type .fscrypt registered
[    0.650146] Key type big_key registered
[    0.654449] Key type encrypted registered
[    0.654453] AppArmor: AppArmor sha1 policy hashing enabled
[    0.654465] ima: No TPM chip found, activating TPM-bypass!
[    0.654472] ima: Allocated hash algorithm: sha1
[    0.654479] ima: No architecture policies found
[    0.654496] evm: Initialising EVM extended attributes:
[    0.654497] evm: security.selinux
[    0.654498] evm: security.SMACK64
[    0.654499] evm: security.SMACK64EXEC
[    0.654499] evm: security.SMACK64TRANSMUTE
[    0.654500] evm: security.SMACK64MMAP
[    0.654501] evm: security.apparmor
[    0.654502] evm: security.ima
[    0.654503] evm: security.capability
[    0.654504] evm: HMAC attrs: 0x1
[    0.655000] PM:   Magic number: 10:167:797
[    0.655173] rtc_cmos rtc_cmos: setting system clock to 2026-01-14T18:47:52 UTC (1768416472)
[    0.794685] ata1.00: ATA-6: VBOX HARDDISK, 1.0, max UDMA/133
[    0.794687] ata1.00: 209715200 sectors, multi 128: LBA 
[    0.795127] scsi 0:0:0:0: Direct-Access     ATA      VBOX HARDDISK    1.0  PQ: 0 ANSI: 5
[    0.795301] sd 0:0:0:0: [sda] 209715200 512-byte logical blocks: (107 GB/100 GiB)
[    0.795308] sd 0:0:0:0: [sda] Write Protect is off
[    0.795309] sd 0:0:0:0: [sda] Mode Sense: 00 3a 00 00
[    0.795319] sd 0:0:0:0: [sda] Write cache: enabled, read cache: enabled, doesn't support DPO or FUA
[    0.795509] sd 0:0:0:0: Attached scsi generic sg0 type 0
[    0.796139]  sda: sda1 sda2
[    0.807139] sd 0:0:0:0: [sda] Attached SCSI disk
[    0.808937] Freeing unused decrypted memory: 2040K
[    0.809610] Freeing unused kernel image memory: 2728K
[    0.809611] Write protecting the kernel read-only data: 22528k
[    0.810257] Freeing unused kernel image memory: 2036K
[    0.810638] Freeing unused kernel image memory: 1432K
[    0.823601] x86/mm: Checked W+X mappings: passed, no W+X pages found.
[    0.823605] Run /init as init process
[    0.915758] ACPI: Video Device [GFX0] (multi-head: yes  rom: no  post: no)
[    0.915831] input: Video Bus as /devices/LNXSYSTM:00/LNXSYBUS:00/PNP0A03:00/LNXVIDEO:00/input/input4
[    0.929485] pcnet32: pcnet32.c:v1.35 21.Apr.2008 tsbogend@alpha.franken.de
[    0.931387] piix4_smbus 0000:00:07.0: SMBus Host Controller at 0x4100, revision 0
[    0.933880] e1000: Intel(R) PRO/1000 Network Driver - version 7.3.21-k8-NAPI
[    0.933881] e1000: Copyright (c) 1999-2006 Intel Corporation.
[    0.944703] pcnet32: PCnet/FAST III 79C973 at 0xd020, 08:00:27:d9:3c:56 assigned IRQ 19
[    0.944750] pcnet32: Found PHY 0022:561b at address 0
[    0.945053] pcnet32: eth0: registered as PCnet/FAST III 79C973
[    0.951655] pcnet32: 1 cards_found
[    1.010750] pcnet32 0000:00:03.0 enp0s3: renamed from eth0
[    1.145465] input: ImExPS/2 Generic Explorer Mouse as /devices/platform/i8042/serio1/input/input5
[    1.343629] e1000 0000:00:08.0 eth0: (PCI:33MHz:32-bit) 08:00:27:73:05:e0
[    1.343634] e1000 0000:00:08.0 eth0: Intel(R) PRO/1000 Network Connection
[    1.715964] e1000 0000:00:09.0 eth1: (PCI:33MHz:32-bit) 08:00:27:ae:15:13
[    1.715969] e1000 0000:00:09.0 eth1: Intel(R) PRO/1000 Network Connection
[    1.717887] e1000 0000:00:09.0 enp0s9: renamed from eth1
[    1.720783] e1000 0000:00:08.0 enp0s8: renamed from eth0
[    1.874581] EXT4-fs (sda2): mounted filesystem with ordered data mode. Opts: (null)
[    1.969847] systemd[1]: Inserted module 'autofs4'
[    1.980566] systemd[1]: systemd 245.4-4ubuntu3 running in system mode. (+PAM +AUDIT +SELINUX +IMA +APPARMOR +SMACK +SYSVINIT +UTMP +LIBCRYPTSETUP +GCRYPT +GNUTLS +ACL +XZ +LZ4 +SECCOMP +BLKID +ELFUTILS +KMOD +IDN2 -IDN +PCRE2 default-hierarchy=hybrid)
[    1.980601] systemd[1]: Detected virtualization oracle.
[    1.980606] systemd[1]: Detected architecture x86-64.
[    1.981953] systemd[1]: Set hostname to <ztg>.
[    2.115940] systemd[1]: /lib/systemd/system/dbus.socket:5: ListenStream= references a path below legacy directory /var/run/, updating /var/run/dbus/system_bus_socket â†’ /run/dbus/system_bus_socket; please update the unit file accordingly.
[    2.169664] systemd[1]: Created slice system-modprobe.slice.
[    2.169862] systemd[1]: Created slice User and Session Slice.
[    2.169910] systemd[1]: Started Forward Password Requests to Wall Directory Watch.
[    2.170096] systemd[1]: Set up automount Arbitrary Executable File Formats File System Automount Point.
[    2.170131] systemd[1]: Reached target User and Group Name Lookups.
[    2.170140] systemd[1]: Reached target Remote File Systems.
[    2.170148] systemd[1]: Reached target Slices.
[    2.170757] systemd[1]: Listening on Syslog Socket.
[    2.170832] systemd[1]: Listening on fsck to fsckd communication Socket.
[    2.170872] systemd[1]: Listening on initctl Compatibility Named Pipe.
[    2.171020] systemd[1]: Listening on Journal Audit Socket.
[    2.171129] systemd[1]: Listening on Journal Socket (/dev/log).
[    2.171208] systemd[1]: Listening on Journal Socket.
[    2.171277] systemd[1]: Listening on udev Control Socket.
[    2.171316] systemd[1]: Listening on udev Kernel Socket.
[    2.172214] systemd[1]: Mounting Huge Pages File System...
[    2.173261] systemd[1]: Mounting POSIX Message Queue File System...
[    2.174219] systemd[1]: Mounting Kernel Debug File System...
[    2.175158] systemd[1]: Mounting Kernel Trace File System...
[    2.177814] systemd[1]: Starting Journal Service...
[    2.204788] systemd[1]: Starting Set the console keyboard layout...
[    2.213297] systemd[1]: Starting Create list of static device nodes for the current kernel...
[    2.214436] systemd[1]: Starting Load Kernel Module drm...
[    2.216077] systemd[1]: Condition check resulted in Set Up Additional Binary Formats being skipped.
[    2.216125] systemd[1]: Condition check resulted in File System Check on Root Device being skipped.
[    2.228794] systemd[1]: Starting Load Kernel Modules...
[    2.234628] systemd[1]: Starting Remount Root and Kernel File Systems...
[    2.244571] systemd[1]: Starting udev Coldplug all Devices...
[    2.259683] systemd[1]: Starting Uncomplicated firewall...
[    2.261571] systemd[1]: Mounted Huge Pages File System.
[    2.261673] systemd[1]: Mounted POSIX Message Queue File System.
[    2.261756] systemd[1]: Mounted Kernel Debug File System.
[    2.261834] systemd[1]: Mounted Kernel Trace File System.
[    2.283433] EXT4-fs (sda2): re-mounted. Opts: errors=remount-ro
[    2.304024] systemd[1]: Finished Create list of static device nodes for the current kernel.
[    2.305181] systemd[1]: modprobe@drm.service: Succeeded.
[    2.312638] systemd[1]: Finished Load Kernel Module drm.
[    2.313432] systemd[1]: Finished Remount Root and Kernel File Systems.
[    2.314555] systemd[1]: Finished Uncomplicated firewall.
[    2.316523] lp: driver loaded but no devices found
[    2.335228] systemd[1]: Condition check resulted in Rebuild Hardware Database being skipped.
[    2.335275] systemd[1]: Condition check resulted in Platform Persistent Storage Archival being skipped.
[    2.336107] systemd[1]: Starting Load/Save Random Seed...
[    2.338412] ppdev: user-space parallel port driver
[    2.346458] systemd[1]: Starting Create System Users...
[    2.361086] systemd[1]: Finished Load/Save Random Seed.
[    2.368100] systemd[1]: Finished Create System Users.
[    2.369055] systemd[1]: Starting Create Static Device Nodes in /dev...
[    2.420938] systemd[1]: Finished Create Static Device Nodes in /dev.
[    2.422060] systemd[1]: Starting udev Kernel Device Manager...
[    2.433168] systemd[1]: Finished udev Coldplug all Devices.
[    2.435089] [drm] DMA map mode: Caching DMA mappings.
[    2.435152] [drm] Capabilities:
[    2.435152] [drm]   Rect copy.
[    2.435153] [drm]   Cursor.
[    2.435153] [drm]   Cursor bypass.
[    2.435153] [drm]   Cursor bypass 2.
[    2.435154] [drm]   Alpha cursor.
[    2.435154] [drm]   Extended Fifo.
[    2.435155] [drm]   Pitchlock.
[    2.435155] [drm]   Irq mask.
[    2.435155] [drm]   GMR.
[    2.435156] [drm]   Traces.
[    2.435156] [drm]   GMR2.
[    2.435156] [drm]   Screen Object 2.
[    2.435157] [drm]   Command Buffers.
[    2.435157] [drm]   Command Buffers 2.
[    2.435158] [drm]   Guest Backed Resources.
[    2.435159] [drm] Max GMR ids is 8192
[    2.435159] [drm] Max number of GMR pages is 1048576
[    2.435160] [drm] Max dedicated hypervisor surface memory is 393216 kiB
[    2.435160] [drm] Maximum display memory size is 131072 kiB
[    2.435161] [drm] VRAM at 0xe0000000 size is 131072 kiB
[    2.435162] [drm] MMIO at 0xf0000000 size is 2048 kiB
[    2.437268] [TTM] Zone  kernel: Available graphics memory: 1011738 KiB
[    2.437270] [TTM] Initializing pool allocator
[    2.437273] [TTM] Initializing DMA pool allocator
[    2.437336] [drm] Supports vblank timestamp caching Rev 2 (21.10.2013).
[    2.437336] [drm] No driver support for vblank timestamp query.
[    2.437582] [drm] Screen Target Display device initialized
[    2.437917] [drm] width 720
[    2.437927] [drm] height 400
[    2.437931] [drm] bpp 32
[    2.438482] [drm] Fifo max 0x00200000 min 0x00001000 cap 0x00000355
[    2.440199] [drm] Using command buffers with DMA pool.
[    2.440205] [drm] DX: no.
[    2.440205] [drm] Atomic: yes.
[    2.440205] [drm] SM4_1: no.
[    2.440228] [drm:vmw_host_log [vmwgfx]] *ERROR* Failed to send host log message.
[    2.447857] [drm:vmw_host_log [vmwgfx]] *ERROR* Failed to send host log message.
[    2.489223] fbcon: svgadrmfb (fb0) is primary device
[    2.493863] Console: switching to colour frame buffer device 100x37
[    2.499215] [drm] Initialized vmwgfx 2.15.0 20180704 for 0000:00:02.0 on minor 0
[    2.500634] systemd[1]: Finished Load Kernel Modules.
[    2.501748] systemd[1]: Mounting FUSE Control File System...
[    2.502790] systemd[1]: Mounting Kernel Configuration File System...
[    2.521921] systemd[1]: Starting Apply Kernel Variables...
[    2.531097] systemd[1]: Finished Set the console keyboard layout.
[    2.531964] systemd[1]: Mounted FUSE Control File System.
[    2.532080] systemd[1]: Mounted Kernel Configuration File System.
[    2.532161] systemd[1]: Reached target Local File Systems (Pre).
[    2.532182] systemd[1]: Condition check resulted in VMware vmblock fuse mount being skipped.
[    2.546399] systemd[1]: Mounting Mount unit for bare, revision 5...
[    2.567373] systemd[1]: Mounting Mount unit for core18, revision 1705...
[    2.572953] systemd[1]: Mounting Mount unit for gnome-3-34-1804, revision 24...
[    2.576726] systemd[1]: Mounting Mount unit for gtk-common-themes, revision 1506...
[    2.588172] systemd[1]: Mounting Mount unit for gtk-common-themes, revision 1535...
[    2.595189] systemd[1]: Mounting Mount unit for snap-store, revision 433...
[    2.624716] systemd[1]: Mounting Mount unit for snapd, revision 7264...
[    2.642374] systemd[1]: Finished Apply Kernel Variables.
[    2.642546] systemd[1]: Started udev Kernel Device Manager.
[    2.642637] systemd[1]: Mounted Mount unit for bare, revision 5.
[    2.642735] systemd[1]: Mounted Mount unit for core18, revision 1705.
[    2.642826] systemd[1]: Mounted Mount unit for gnome-3-34-1804, revision 24.
[    2.661455] systemd[1]: Starting Show Plymouth Boot Screen...
[    2.672598] systemd[1]: Mounted Mount unit for gtk-common-themes, revision 1506.
[    2.673292] systemd[1]: Received SIGRTMIN+20 from PID 288 (plymouthd).
[    2.691973] systemd[1]: Started Show Plymouth Boot Screen.
[    2.692209] systemd[1]: Condition check resulted in Dispatch Password Requests to Console Directory Watch being skipped.
[    2.692337] systemd[1]: Started Forward Password Requests to Plymouth Directory Watch.
[    2.692373] systemd[1]: Reached target Local Encrypted Volumes.
[    2.698826] systemd[1]: Mounted Mount unit for snap-store, revision 433.
[    2.732960] systemd[1]: Mounted Mount unit for gtk-common-themes, revision 1535.
[    2.733275] systemd[1]: Mounted Mount unit for snapd, revision 7264.
[    2.733436] systemd[1]: Reached target Local File Systems.
[    2.736315] systemd[1]: Starting Load AppArmor profiles...
[    2.743938] systemd[1]: Starting Set console font and keymap...
[    2.755678] systemd[1]: Starting Tell Plymouth To Write Out Runtime Data...
[    2.755780] systemd[1]: Condition check resulted in Store a System Token in an EFI Variable being skipped.
[    2.755846] systemd[1]: Condition check resulted in Commit a transient machine-id on disk being skipped.
[    2.758424] systemd[1]: Finished Set console font and keymap.
[    2.764161] systemd[1]: Received SIGRTMIN+20 from PID 288 (plymouthd).
[    2.765465] systemd[1]: plymouth-read-write.service: Succeeded.
[    2.765740] systemd[1]: Finished Tell Plymouth To Write Out Runtime Data.
[    2.804968] audit: type=1400 audit(1768416474.644:2): apparmor="STATUS" operation="profile_load" profile="unconfined" name="nvidia_modprobe" pid=302 comm="apparmor_parser"
[    2.804971] audit: type=1400 audit(1768416474.644:3): apparmor="STATUS" operation="profile_load" profile="unconfined" name="nvidia_modprobe//kmod" pid=302 comm="apparmor_parser"
[    2.811844] audit: type=1400 audit(1768416474.652:4): apparmor="STATUS" operation="profile_load" profile="unconfined" name="/usr/sbin/tcpdump" pid=303 comm="apparmor_parser"
[    2.851141] audit: type=1400 audit(1768416474.684:5): apparmor="STATUS" operation="profile_load" profile="unconfined" name="/usr/bin/evince" pid=305 comm="apparmor_parser"
[    2.851143] audit: type=1400 audit(1768416474.684:6): apparmor="STATUS" operation="profile_load" profile="unconfined" name="/usr/bin/evince//sanitized_helper" pid=305 comm="apparmor_parser"
[    2.851145] audit: type=1400 audit(1768416474.684:7): apparmor="STATUS" operation="profile_load" profile="unconfined" name="/usr/bin/evince-previewer" pid=305 comm="apparmor_parser"
[    2.851146] audit: type=1400 audit(1768416474.684:8): apparmor="STATUS" operation="profile_load" profile="unconfined" name="/usr/bin/evince-previewer//sanitized_helper" pid=305 comm="apparmor_parser"
[    2.851148] audit: type=1400 audit(1768416474.684:9): apparmor="STATUS" operation="profile_load" profile="unconfined" name="/usr/bin/evince-thumbnailer" pid=305 comm="apparmor_parser"
[    2.883706] audit: type=1400 audit(1768416474.724:10): apparmor="STATUS" operation="profile_load" profile="unconfined" name="/usr/lib/cups/backend/cups-pdf" pid=306 comm="apparmor_parser"
[    2.962792] systemd[1]: Finished Load AppArmor profiles.
[    2.963952] systemd[1]: Starting Load AppArmor profiles managed internally by snapd...
[    3.032051] systemd[1]: Finished Load AppArmor profiles managed internally by snapd.
[    3.215800] systemd[1]: Started Journal Service.
[    3.224496] systemd-journald[229]: Received client request to flush runtime journal.
[    3.229750] systemd-journald[229]: File /var/log/journal/c455b248004a419c87ce85eea238d727/system.journal corrupted or uncleanly shut down, renaming and replacing.
[    4.632520] RAPL PMU: API unit is 2^-32 Joules, 0 fixed counters, 10737418240 ms ovfl timer
[    4.702488] cryptd: max_cpu_qlen set to 1000
[    4.763147] AVX2 version of gcm_enc/dec engaged.
[    4.763148] AES CTR mode by8 optimization enabled
[    5.601334] Adding 1998844k swap on /dev/sda1.  Priority:-2 extents:1 across:1998844k FS
[    6.846691] kauditd_printk_skb: 30 callbacks suppressed
[    6.846692] audit: type=1400 audit(1768416478.688:41): apparmor="DENIED" operation="capable" profile="/usr/sbin/cups-browsed" pid=496 comm="cups-browsed" capability=23  capname="sys_nice"
[    7.812118] pcnet32 0000:00:03.0 enp0s3: link up, 100Mbps, full-duplex
[    7.847943] e1000: enp0s8 NIC Link is Up 1000 Mbps Full Duplex, Flow Control: RX
[    7.848236] IPv6: ADDRCONF(NETDEV_CHANGE): enp0s8: link becomes ready
[    7.860148] e1000: enp0s9 NIC Link is Up 1000 Mbps Full Duplex, Flow Control: RX
[    7.860441] IPv6: ADDRCONF(NETDEV_CHANGE): enp0s9: link becomes ready
[    8.391026] device enp0s3 entered promiscuous mode
[    8.425027] audit: type=1400 audit(1768416480.264:42): apparmor="DENIED" operation="open" profile="/usr/sbin/tcpdump" name="/proc/sys/kernel/random/boot_id" pid=680 comm="tcpdump" requested_mask="r" denied_mask="r" fsuid=0 ouid=0
[    8.428840] audit: type=1400 audit(1768416480.264:43): apparmor="DENIED" operation="open" profile="/usr/sbin/tcpdump" name="/proc/sys/kernel/random/boot_id" pid=680 comm="tcpdump" requested_mask="r" denied_mask="r" fsuid=0 ouid=0
[    8.431066] audit: type=1400 audit(1768416480.272:44): apparmor="DENIED" operation="open" profile="/usr/sbin/tcpdump" name="/proc/sys/kernel/random/boot_id" pid=680 comm="tcpdump" requested_mask="r" denied_mask="r" fsuid=0 ouid=0
[    8.431234] audit: type=1400 audit(1768416480.272:45): apparmor="DENIED" operation="open" profile="/usr/sbin/tcpdump" name="/proc/sys/kernel/random/boot_id" pid=680 comm="tcpdump" requested_mask="r" denied_mask="r" fsuid=0 ouid=0
[    8.438779] audit: type=1400 audit(1768416480.280:46): apparmor="DENIED" operation="open" profile="/usr/sbin/tcpdump" name="/proc/sys/kernel/random/boot_id" pid=681 comm="tcpdump" requested_mask="r" denied_mask="r" fsuid=0 ouid=0
[    8.443433] audit: type=1400 audit(1768416480.288:47): apparmor="DENIED" operation="open" profile="/usr/sbin/tcpdump" name="/proc/sys/kernel/random/boot_id" pid=681 comm="tcpdump" requested_mask="r" denied_mask="r" fsuid=0 ouid=0
[    8.443964] audit: type=1400 audit(1768416480.288:48): apparmor="DENIED" operation="open" profile="/usr/sbin/tcpdump" name="/proc/sys/kernel/random/boot_id" pid=681 comm="tcpdump" requested_mask="r" denied_mask="r" fsuid=0 ouid=0
[    8.444117] audit: type=1400 audit(1768416480.288:49): apparmor="DENIED" operation="open" profile="/usr/sbin/tcpdump" name="/proc/sys/kernel/random/boot_id" pid=681 comm="tcpdump" requested_mask="r" denied_mask="r" fsuid=0 ouid=0
[   13.061216] rfkill: input handler disabled
[  228.098997] AAAAA-TCP_FORW: name:enp0s3: saddr:16783984: daddr:100932208
[  228.117385] AAAAA-TCP_FORW: name:enp0s3: saddr:16783984: daddr:100932208
[  228.833286] AAAAA-TCP_FORW: name:enp0s3: saddr:16783984: daddr:100932208
[  229.364984] AAAAA-TCP_FORW: name:enp0s3: saddr:16783984: daddr:100932208
[  229.484713] AAAAA-TCP_FORW: name:enp0s3: saddr:16783984: daddr:100932208
[  232.965910] AAAAA-TCP_FORW: name:enp0s3: saddr:100932208: daddr:16783984
[  233.010460] AAAAA-TCP_FORW: name:enp0s3: saddr:100932208: daddr:16783984
[  233.093386] AAAAA-TCP_FORW: name:enp0s3: saddr:100932208: daddr:16783984
[  233.136669] AAAAA-TCP_FORW: name:enp0s3: saddr:100932208: daddr:16783984
[  233.197486] AAAAA-TCP_FORW: name:enp0s3: saddr:100932208: daddr:16783984
[  233.224113] AAAAA-TCP_FORW: name:enp0s3: saddr:100932208: daddr:16783984
[  233.270045] AAAAA-TCP_FORW: name:enp0s3: saddr:100932208: daddr:16783984
[  233.342977] AAAAA-TCP_FORW: name:enp0s3: saddr:100932208: daddr:16783984
[  233.420718] AAAAA-TCP_FORW: name:enp0s3: saddr:100932208: daddr:16783984
[  233.433906] AAAAA-TCP_FORW: name:enp0s3: saddr:100932208: daddr:16783984
[  233.485322] AAAAA-TCP_FORW: name:enp0s3: saddr:100932208: daddr:16783984
[  233.561307] AAAAA-TCP_FORW: name:enp0s3: saddr:100932208: daddr:33561200
[  233.627052] AAAAA-TCP_FORW: name:enp0s3: saddr:100932208: daddr:33561200
[  233.667591] AAAAA-TCP_FORW: name:enp0s3: saddr:100932208: daddr:33561200
[  233.752278] AAAAA-TCP_FORW: name:enp0s3: saddr:100932208: daddr:33561200
[  233.867698] AAAAA-TCP_FORW: name:enp0s3: saddr:100932208: daddr:33561200
[  233.869518] AAAAA-TCP_FORW: name:enp0s3: saddr:100932208: daddr:33561200
[  233.939855] AAAAA-TCP_FORW: name:enp0s3: saddr:100932208: daddr:33561200
[  234.017812] AAAAA-TCP_FORW: name:enp0s3: saddr:100932208: daddr:33561200
[  234.048710] AAAAA-TCP_FORW: name:enp0s3: saddr:100932208: daddr:33561200
[  234.083899] AAAAA-TCP_FORW: name:enp0s3: saddr:100932208: daddr:33561200
[  234.149220] AAAAA-TCP_FORW: name:enp0s3: saddr:100932208: daddr:16783984
[  234.201441] AAAAA-TCP_FORW: name:enp0s3: saddr:100932208: daddr:16783984
[  234.279871] AAAAA-TCP_FORW: name:enp0s3: saddr:100932208: daddr:16783984
[  234.356189] AAAAA-TCP_FORW: name:enp0s3: saddr:100932208: daddr:16783984
[  234.390115] AAAAA-TCP_FORW: name:enp0s3: saddr:100932208: daddr:16783984
[  234.508720] AAAAA-TCP_FORW: name:enp0s3: saddr:100932208: daddr:16783984
[  234.601952] AAAAA-TCP_FORW: name:enp0s3: saddr:100932208: daddr:16783984
[  234.667356] AAAAA-TCP_FORW: name:enp0s3: saddr:100932208: daddr:16783984
[  234.714615] AAAAA-TCP_FORW: name:enp0s3: saddr:100932208: daddr:16783984
[  234.768559] AAAAA-TCP_FORW: name:enp0s3: saddr:100932208: daddr:16783984
[  234.809639] AAAAA-TCP_FORW: name:enp0s3: saddr:100932208: daddr:33561200
[  234.907359] AAAAA-TCP_FORW: name:enp0s3: saddr:100932208: daddr:16783984
[  234.991638] AAAAA-TCP_FORW: name:enp0s3: saddr:100932208: daddr:16783984
[  235.059623] AAAAA-TCP_FORW: name:enp0s3: saddr:100932208: daddr:16783984
[  235.123299] AAAAA-TCP_FORW: name:enp0s3: saddr:100932208: daddr:16783984
[  235.201289] AAAAA-TCP_FORW: name:enp0s3: saddr:100932208: daddr:16783984
[  235.263277] AAAAA-TCP_FORW: name:enp0s3: saddr:100932208: daddr:16783984
[  235.320046] AAAAA-TCP_FORW: name:enp0s3: saddr:100932208: daddr:16783984
[  235.405786] AAAAA-TCP_FORW: name:enp0s3: saddr:100932208: daddr:16783984
[  235.522400] AAAAA-TCP_FORW: name:enp0s3: saddr:100932208: daddr:16783984
[  235.585186] AAAAA-TCP_FORW: name:enp0s3: saddr:100932208: daddr:16783984
[  235.656943] AAAAA-TCP_FORW: name:enp0s3: saddr:100932208: daddr:33561200
[  235.699970] AAAAA-TCP_FORW: name:enp0s3: saddr:100932208: daddr:33561200
[  235.743798] AAAAA-TCP_FORW: name:enp0s3: saddr:100932208: daddr:33561200
[  235.840630] AAAAA-TCP_FORW: name:enp0s3: saddr:100932208: daddr:33561200
[  235.894035] AAAAA-TCP_FORW: name:enp0s3: saddr:100932208: daddr:33561200
[  235.970271] AAAAA-TCP_FORW: name:enp0s3: saddr:100932208: daddr:33561200
[  236.138999] AAAAA-TCP_FORW: name:enp0s3: saddr:100932208: daddr:33561200
[  236.205400] AAAAA-TCP_FORW: name:enp0s3: saddr:100932208: daddr:33561200
[  236.246478] AAAAA-TCP_FORW: name:enp0s3: saddr:100932208: daddr:33561200
[  236.288814] AAAAA-TCP_FORW: name:enp0s3: saddr:100932208: daddr:33561200
[  236.316553] AAAAA-TCP_FORW: name:enp0s3: saddr:100932208: daddr:33561200
[  236.408550] AAAAA-TCP_FORW: name:enp0s3: saddr:100932208: daddr:33561200
[  236.558105] AAAAA-TCP_FORW: name:enp0s3: saddr:100932208: daddr:33561200
[  236.639540] AAAAA-TCP_FORW: name:enp0s3: saddr:100932208: daddr:33561200
[  236.707851] AAAAA-TCP_FORW: name:enp0s3: saddr:100932208: daddr:33561200
[  236.845834] AAAAA-TCP_FORW: name:enp0s3: saddr:100932208: daddr:33561200
[  236.903532] AAAAA-TCP_FORW: name:enp0s3: saddr:100932208: daddr:33561200
[  236.988743] AAAAA-TCP_FORW: name:enp0s3: saddr:100932208: daddr:33561200
[  237.314996] AAAAA-TCP_FORW: name:enp0s3: saddr:100932208: daddr:33561200
[  237.368263] AAAAA-TCP_FORW: name:enp0s3: saddr:100932208: daddr:33561200
[  237.532106] AAAAA-TCP_FORW: name:enp0s3: saddr:100932208: daddr:16783984
[  237.651613] AAAAA-TCP_FORW: name:enp0s3: saddr:100932208: daddr:16783984
[  237.733271] AAAAA-TCP_FORW: name:enp0s3: saddr:100932208: daddr:16783984
[  237.817029] AAAAA-TCP_FORW: name:enp0s3: saddr:100932208: daddr:16783984
[  237.931517] AAAAA-TCP_FORW: name:enp0s3: saddr:100932208: daddr:16783984
[  237.983937] AAAAA-TCP_FORW: name:enp0s3: saddr:100932208: daddr:16783984
[  238.022827] AAAAA-TCP_FORW: name:enp0s3: saddr:100932208: daddr:16783984
[  238.101904] AAAAA-TCP_FORW: name:enp0s3: saddr:100932208: daddr:16783984
[  238.190791] AAAAA-TCP_FORW: name:enp0s3: saddr:100932208: daddr:16783984
[  238.284318] AAAAA-TCP_FORW: name:enp0s3: saddr:100932208: daddr:16783984
[  238.369830] AAAAA-TCP_FORW: name:enp0s3: saddr:100932208: daddr:16783984
[  238.472106] AAAAA-TCP_FORW: name:enp0s3: saddr:100932208: daddr:16783984
[  238.824470] AAAAA-TCP_FORW: name:enp0s3: saddr:100932208: daddr:16783984
[  250.479719] AAAAA-TCP_FORW: name:enp0s3: saddr:100932208: daddr:33561200
[  250.522175] AAAAA-TCP_FORW: name:enp0s3: saddr:100932208: daddr:16783984
[  250.630632] AAAAA-TCP_FORW: name:enp0s3: saddr:100932208: daddr:16783984
[  250.758009] AAAAA-TCP_FORW: name:enp0s3: saddr:100932208: daddr:16783984
[  250.867513] AAAAA-TCP_FORW: name:enp0s3: saddr:100932208: daddr:16783984
[  251.058278] AAAAA-TCP_FORW: name:enp0s3: saddr:100932208: daddr:16783984
[  251.198798] AAAAA-TCP_FORW: name:enp0s3: saddr:100932208: daddr:16783984
[  251.258466] AAAAA-TCP_FORW: name:enp0s3: saddr:100932208: daddr:16783984
[  251.367363] AAAAA-TCP_FORW: name:enp0s3: saddr:100932208: daddr:16783984
[  251.455862] AAAAA-TCP_FORW: name:enp0s3: saddr:100932208: daddr:16783984
[  251.658429] AAAAA-TCP_FORW: name:enp0s3: saddr:100932208: daddr:16783984
[  256.616631] AAAAA-TCP_FORW: name:enp0s3: saddr:100932208: daddr:16783984
[  256.663414] AAAAA-TCP_FORW: name:enp0s3: saddr:100932208: daddr:16783984
[  256.708396] AAAAA-TCP_FORW: name:enp0s3: saddr:100932208: daddr:16783984
[  256.728633] AAAAA-TCP_FORW: name:enp0s3: saddr:16783984: daddr:100932208
[  256.748875] AAAAA-TCP_FORW: name:enp0s3: saddr:100932208: daddr:16783984
[  256.805933] AAAAA-TCP_FORW: name:enp0s3: saddr:100932208: daddr:16783984
[  256.842784] AAAAA-TCP_FORW: name:enp0s3: saddr:100932208: daddr:16783984
[  256.925351] AAAAA-TCP_FORW: name:enp0s3: saddr:100932208: daddr:16783984
[  256.976727] AAAAA-TCP_FORW: name:enp0s3: saddr:100932208: daddr:16783984
[  257.000289] AAAAA-TCP_FORW: name:enp0s3: saddr:16783984: daddr:100932208
[  257.030153] AAAAA-TCP_FORW: name:enp0s3: saddr:16783984: daddr:100932208
[  257.048212] AAAAA-TCP_FORW: name:enp0s3: saddr:100932208: daddr:16783984
[  257.143814] AAAAA-TCP_FORW: name:enp0s3: saddr:100932208: daddr:16783984
[  257.178073] AAAAA-TCP_FORW: name:enp0s3: saddr:100932208: daddr:16783984
[  257.206319] AAAAA-TCP_FORW: name:enp0s3: saddr:100932208: daddr:16783984
[  257.239136] AAAAA-TCP_FORW: name:enp0s3: saddr:100932208: daddr:16783984
[  257.252824] AAAAA-TCP_FORW: name:enp0s3: saddr:16783984: daddr:100932208
[  257.282334] AAAAA-TCP_FORW: name:enp0s3: saddr:100932208: daddr:16783984
[  257.319804] AAAAA-TCP_FORW: name:enp0s3: saddr:16783984: daddr:100932208
[  257.393636] AAAAA-TCP_FORW: name:enp0s3: saddr:100932208: daddr:16783984
[  257.440120] AAAAA-TCP_FORW: name:enp0s3: saddr:100932208: daddr:16783984
[  257.533252] AAAAA-TCP_FORW: name:enp0s3: saddr:100932208: daddr:16783984
[  257.567415] AAAAA-TCP_FORW: name:enp0s3: saddr:100932208: daddr:16783984
[  257.587849] AAAAA-TCP_FORW: name:enp0s3: saddr:16783984: daddr:100932208
[  257.631745] AAAAA-TCP_FORW: name:enp0s3: saddr:100932208: daddr:16783984
[  257.633749] AAAAA-TCP_FORW: name:enp0s3: saddr:16783984: daddr:100932208
[  257.683334] AAAAA-TCP_FORW: name:enp0s3: saddr:100932208: daddr:16783984
[  257.692017] AAAAA-TCP_FORW: name:enp0s3: saddr:100932208: daddr:16783984
[  257.709195] AAAAA-TCP_FORW: name:enp0s3: saddr:16783984: daddr:100932208
[  258.329335] AAAAA-TCP_FORW: name:enp0s3: saddr:16783984: daddr:100932208
[  258.450889] AAAAA-TCP_FORW: name:enp0s3: saddr:16783984: daddr:100932208
[  258.555154] AAAAA-TCP_FORW: name:enp0s3: saddr:100932208: daddr:16783984
[  258.603802] AAAAA-TCP_FORW: name:enp0s3: saddr:16783984: daddr:100932208
[  258.624530] AAAAA-TCP_FORW: name:enp0s3: saddr:100932208: daddr:16783984
[  258.635001] AAAAA-TCP_FORW: name:enp0s3: saddr:16783984: daddr:100932208
[  258.648948] AAAAA-TCP_FORW: name:enp0s3: saddr:100932208: daddr:16783984
[  258.678311] AAAAA-TCP_FORW: name:enp0s3: saddr:16783984: daddr:100932208
[  258.707147] AAAAA-TCP_FORW: name:enp0s3: saddr:100932208: daddr:16783984
[  258.752318] AAAAA-TCP_FORW: name:enp0s3: saddr:100932208: daddr:16783984
[  258.772793] AAAAA-TCP_FORW: name:enp0s3: saddr:100932208: daddr:16783984
[  259.068415] AAAAA-TCP_FORW: name:enp0s3: saddr:16783984: daddr:100932208
[  259.085394] AAAAA-TCP_FORW: name:enp0s3: saddr:100932208: daddr:16783984
[  259.128171] AAAAA-TCP_FORW: name:enp0s3: saddr:100932208: daddr:16783984
[  259.159168] AAAAA-TCP_FORW: name:enp0s3: saddr:16783984: daddr:100932208
[  259.176877] AAAAA-TCP_FORW: name:enp0s3: saddr:100932208: daddr:16783984
[  259.206044] AAAAA-TCP_FORW: name:enp0s3: saddr:16783984: daddr:100932208
[  259.215550] AAAAA-TCP_FORW: name:enp0s3: saddr:100932208: daddr:16783984
[  259.276956] AAAAA-TCP_FORW: name:enp0s3: saddr:100932208: daddr:16783984
[  259.324132] AAAAA-TCP_FORW: name:enp0s3: saddr:100932208: daddr:16783984
[  259.393510] AAAAA-TCP_FORW: name:enp0s3: saddr:16783984: daddr:100932208
[  259.409314] AAAAA-TCP_FORW: name:enp0s3: saddr:100932208: daddr:16783984
[  259.469219] AAAAA-TCP_FORW: name:enp0s3: saddr:100932208: daddr:16783984
[  259.484926] AAAAA-TCP_FORW: name:enp0s3: saddr:16783984: daddr:100932208
[  259.549664] AAAAA-TCP_FORW: name:enp0s3: saddr:100932208: daddr:16783984
[  259.596836] AAAAA-TCP_FORW: name:enp0s3: saddr:16783984: daddr:100932208
[  259.602358] AAAAA-TCP_FORW: name:enp0s3: saddr:100932208: daddr:16783984
[  259.625702] AAAAA-TCP_FORW: name:enp0s3: saddr:100932208: daddr:16783984
[  259.672803] AAAAA-TCP_FORW: name:enp0s3: saddr:100932208: daddr:16783984
[  259.690239] AAAAA-TCP_FORW: name:enp0s3: saddr:16783984: daddr:100932208
[  259.703265] AAAAA-TCP_FORW: name:enp0s3: saddr:100932208: daddr:16783984
[  259.800902] AAAAA-TCP_FORW: name:enp0s3: saddr:100932208: daddr:16783984
[  259.811952] AAAAA-TCP_FORW: name:enp0s3: saddr:16783984: daddr:100932208
[  259.881938] AAAAA-TCP_FORW: name:enp0s3: saddr:100932208: daddr:16783984
[  259.890952] AAAAA-TCP_FORW: name:enp0s3: saddr:16783984: daddr:100932208
[  259.918773] AAAAA-TCP_FORW: name:enp0s3: saddr:100932208: daddr:16783984
[  259.956966] AAAAA-TCP_FORW: name:enp0s3: saddr:100932208: daddr:16783984
[  260.018248] AAAAA-TCP_FORW: name:enp0s3: saddr:100932208: daddr:16783984
[  260.073645] AAAAA-TCP_FORW: name:enp0s3: saddr:100932208: daddr:16783984
[  260.079203] AAAAA-TCP_FORW: name:enp0s3: saddr:16783984: daddr:100932208
[  260.102334] AAAAA-TCP_FORW: name:enp0s3: saddr:100932208: daddr:16783984
[  260.171403] AAAAA-TCP_FORW: name:enp0s3: saddr:100932208: daddr:16783984
[  260.207462] AAAAA-TCP_FORW: name:enp0s3: saddr:100932208: daddr:16783984
[  260.214546] AAAAA-TCP_FORW: name:enp0s3: saddr:16783984: daddr:100932208
[  260.249612] AAAAA-TCP_FORW: name:enp0s3: saddr:100932208: daddr:16783984
[  260.284842] AAAAA-TCP_FORW: name:enp0s3: saddr:100932208: daddr:16783984
[  260.329031] AAAAA-TCP_FORW: name:enp0s3: saddr:100932208: daddr:16783984
[  260.343789] AAAAA-TCP_FORW: name:enp0s3: saddr:16783984: daddr:100932208
[  260.358884] AAAAA-TCP_FORW: name:enp0s3: saddr:100932208: daddr:16783984
[  260.417949] AAAAA-TCP_FORW: name:enp0s3: saddr:16783984: daddr:100932208
[  260.470969] AAAAA-TCP_FORW: name:enp0s3: saddr:16783984: daddr:100932208
[  260.502499] AAAAA-TCP_FORW: name:enp0s3: saddr:100932208: daddr:16783984
[  260.536358] AAAAA-TCP_FORW: name:enp0s3: saddr:16783984: daddr:100932208
[  260.574044] AAAAA-TCP_FORW: name:enp0s3: saddr:100932208: daddr:16783984
[  260.679271] AAAAA-TCP_FORW: name:enp0s3: saddr:100932208: daddr:16783984
[  260.761674] AAAAA-TCP_FORW: name:enp0s3: saddr:16783984: daddr:100932208
[  260.899751] AAAAA-TCP_FORW: name:enp0s3: saddr:16783984: daddr:100932208
[  260.951317] AAAAA-TCP_FORW: name:enp0s3: saddr:100932208: daddr:16783984
[  260.962691] AAAAA-TCP_FORW: name:enp0s3: saddr:16783984: daddr:100932208
[  261.008299] AAAAA-TCP_FORW: name:enp0s3: saddr:16783984: daddr:100932208
[  261.023575] AAAAA-TCP_FORW: name:enp0s3: saddr:100932208: daddr:16783984
[  261.109154] AAAAA-TCP_FORW: name:enp0s3: saddr:16783984: daddr:100932208
[  261.131704] AAAAA-TCP_FORW: name:enp0s3: saddr:100932208: daddr:16783984
[  261.262827] AAAAA-TCP_FORW: name:enp0s3: saddr:16783984: daddr:100932208
[  261.336072] AAAAA-TCP_FORW: name:enp0s3: saddr:100932208: daddr:16783984
[  261.347115] AAAAA-TCP_FORW: name:enp0s3: saddr:16783984: daddr:100932208
[  261.438063] AAAAA-TCP_FORW: name:enp0s3: saddr:16783984: daddr:100932208
[  261.454752] AAAAA-TCP_FORW: name:enp0s3: saddr:16783984: daddr:100932208
[  261.507617] AAAAA-TCP_FORW: name:enp0s3: saddr:100932208: daddr:16783984
[  261.617275] AAAAA-TCP_FORW: name:enp0s3: saddr:16783984: daddr:100932208
[  261.693017] AAAAA-TCP_FORW: name:enp0s3: saddr:100932208: daddr:16783984
[  261.752143] AAAAA-TCP_FORW: name:enp0s3: saddr:16783984: daddr:100932208
[  261.796962] AAAAA-TCP_FORW: name:enp0s3: saddr:16783984: daddr:100932208
[  261.835810] AAAAA-TCP_FORW: name:enp0s3: saddr:100932208: daddr:16783984
[  262.016280] AAAAA-TCP_FORW: name:enp0s3: saddr:100932208: daddr:16783984
[  262.053950] AAAAA-TCP_FORW: name:enp0s3: saddr:16783984: daddr:100932208
[  262.113161] AAAAA-TCP_FORW: name:enp0s3: saddr:100932208: daddr:16783984
[  262.182882] AAAAA-TCP_FORW: name:enp0s3: saddr:16783984: daddr:100932208
[  262.214605] AAAAA-TCP_FORW: name:enp0s3: saddr:16783984: daddr:100932208
[  262.303904] AAAAA-TCP_FORW: name:enp0s3: saddr:100932208: daddr:16783984
[  262.371810] AAAAA-TCP_FORW: name:enp0s3: saddr:16783984: daddr:100932208
[  262.385964] AAAAA-TCP_FORW: name:enp0s3: saddr:100932208: daddr:16783984
[  262.450232] AAAAA-TCP_FORW: name:enp0s3: saddr:16783984: daddr:100932208
[  262.493623] AAAAA-TCP_FORW: name:enp0s3: saddr:100932208: daddr:16783984
[  262.559428] AAAAA-TCP_FORW: name:enp0s3: saddr:100932208: daddr:16783984
[  262.599470] AAAAA-TCP_FORW: name:enp0s3: saddr:16783984: daddr:100932208
[  262.631646] AAAAA-TCP_FORW: name:enp0s3: saddr:100932208: daddr:16783984
[  262.678920] AAAAA-TCP_FORW: name:enp0s3: saddr:16783984: daddr:100932208
[  262.734257] AAAAA-TCP_FORW: name:enp0s3: saddr:100932208: daddr:16783984
[  262.813674] AAAAA-TCP_FORW: name:enp0s3: saddr:16783984: daddr:100932208
[  262.824716] AAAAA-TCP_FORW: name:enp0s3: saddr:100932208: daddr:16783984
[  262.876515] AAAAA-TCP_FORW: name:enp0s3: saddr:16783984: daddr:100932208
[  262.886748] AAAAA-TCP_FORW: name:enp0s3: saddr:100932208: daddr:16783984
[  262.929502] AAAAA-TCP_FORW: name:enp0s3: saddr:100932208: daddr:16783984
[  262.946612] AAAAA-TCP_FORW: name:enp0s3: saddr:16783984: daddr:100932208
[  263.006804] AAAAA-TCP_FORW: name:enp0s3: saddr:16783984: daddr:100932208
[  263.053869] AAAAA-TCP_FORW: name:enp0s3: saddr:100932208: daddr:16783984
[  263.174962] AAAAA-TCP_FORW: name:enp0s3: saddr:16783984: daddr:100932208
[  263.197268] AAAAA-TCP_FORW: name:enp0s3: saddr:100932208: daddr:33561200
[  263.239768] AAAAA-TCP_FORW: name:enp0s3: saddr:16783984: daddr:100932208
[  263.259503] AAAAA-TCP_FORW: name:enp0s3: saddr:100932208: daddr:16783984
[  263.295856] AAAAA-TCP_FORW: name:enp0s3: saddr:100932208: daddr:16783984
[  263.343335] AAAAA-TCP_FORW: name:enp0s3: saddr:16783984: daddr:100932208
[  263.384997] AAAAA-TCP_FORW: name:enp0s3: saddr:100932208: daddr:16783984
[  263.405628] AAAAA-TCP_FORW: name:enp0s3: saddr:16783984: daddr:100932208
[  263.480177] AAAAA-TCP_FORW: name:enp0s3: saddr:100932208: daddr:16783984
[  263.493422] AAAAA-TCP_FORW: name:enp0s3: saddr:16783984: daddr:100932208
[  263.579599] AAAAA-TCP_FORW: name:enp0s3: saddr:100932208: daddr:16783984
[  263.605528] AAAAA-TCP_FORW: name:enp0s3: saddr:16783984: daddr:100932208
[  263.633652] AAAAA-TCP_FORW: name:enp0s3: saddr:100932208: daddr:16783984
[  263.677330] AAAAA-TCP_FORW: name:enp0s3: saddr:16783984: daddr:100932208
[  263.710173] AAAAA-TCP_FORW: name:enp0s3: saddr:100932208: daddr:16783984
[  263.775641] AAAAA-TCP_FORW: name:enp0s3: saddr:16783984: daddr:100932208
[  263.825163] AAAAA-TCP_FORW: name:enp0s3: saddr:100932208: daddr:16783984
[  263.865616] AAAAA-TCP_FORW: name:enp0s3: saddr:16783984: daddr:100932208
[  263.894524] AAAAA-TCP_FORW: name:enp0s3: saddr:16783984: daddr:100932208
[  263.951552] AAAAA-TCP_FORW: name:enp0s3: saddr:100932208: daddr:16783984
[  263.972763] AAAAA-TCP_FORW: name:enp0s3: saddr:16783984: daddr:100932208
[  264.076940] AAAAA-TCP_FORW: name:enp0s3: saddr:16783984: daddr:100932208
[  264.108382] AAAAA-TCP_FORW: name:enp0s3: saddr:100932208: daddr:16783984
[  264.189792] AAAAA-TCP_FORW: name:enp0s3: saddr:16783984: daddr:100932208
[  264.229449] AAAAA-TCP_FORW: name:enp0s3: saddr:100932208: daddr:16783984
[  264.243427] AAAAA-TCP_FORW: name:enp0s3: saddr:16783984: daddr:100932208
[  264.313129] AAAAA-TCP_FORW: name:enp0s3: saddr:16783984: daddr:100932208
[  264.343471] AAAAA-TCP_FORW: name:enp0s3: saddr:16783984: daddr:100932208
[  264.356459] AAAAA-TCP_FORW: name:enp0s3: saddr:100932208: daddr:16783984
[  264.385832] AAAAA-TCP_FORW: name:enp0s3: saddr:16783984: daddr:100932208
[  264.437442] AAAAA-TCP_FORW: name:enp0s3: saddr:100932208: daddr:16783984
[  264.460359] AAAAA-TCP_FORW: name:enp0s3: saddr:16783984: daddr:100932208
[  264.488629] AAAAA-TCP_FORW: name:enp0s3: saddr:16783984: daddr:100932208
[  264.650094] AAAAA-TCP_FORW: name:enp0s3: saddr:16783984: daddr:100932208
[  264.741202] AAAAA-TCP_FORW: name:enp0s3: saddr:16783984: daddr:100932208
[  264.782741] AAAAA-TCP_FORW: name:enp0s3: saddr:16783984: daddr:100932208
[  264.947995] AAAAA-TCP_FORW: name:enp0s3: saddr:16783984: daddr:100932208
[  265.112626] AAAAA-TCP_FORW: name:enp0s3: saddr:33561200: daddr:100932208
[  265.130401] AAAAA-TCP_FORW: name:enp0s3: saddr:16783984: daddr:100932208
[  265.221245] AAAAA-TCP_FORW: name:enp0s3: saddr:16783984: daddr:100932208
[  265.369581] AAAAA-TCP_FORW: name:enp0s3: saddr:16783984: daddr:100932208
[  265.403782] AAAAA-TCP_FORW: name:enp0s3: saddr:16783984: daddr:100932208
[  265.528934] AAAAA-TCP_FORW: name:enp0s3: saddr:16783984: daddr:100932208
[  265.589955] AAAAA-TCP_FORW: name:enp0s3: saddr:16783984: daddr:100932208
[  265.660850] AAAAA-TCP_FORW: name:enp0s3: saddr:16783984: daddr:100932208
[  265.692957] AAAAA-TCP_FORW: name:enp0s3: saddr:16783984: daddr:100932208
[  265.761605] AAAAA-TCP_FORW: name:enp0s3: saddr:16783984: daddr:100932208
[  265.825953] AAAAA-TCP_FORW: name:enp0s3: saddr:16783984: daddr:100932208
[  265.855486] AAAAA-TCP_FORW: name:enp0s3: saddr:16783984: daddr:100932208
[  265.873388] AAAAA-TCP_FORW: name:enp0s3: saddr:16783984: daddr:100932208
[  265.890320] AAAAA-TCP_FORW: name:enp0s3: saddr:100932208: daddr:33561200
[  265.910979] AAAAA-TCP_FORW: name:enp0s3: saddr:16783984: daddr:100932208
[  266.211198] AAAAA-TCP_FORW: name:enp0s3: saddr:33561200: daddr:100932208
[  289.013278] AAAAA-TCP_FORW: name:enp0s3: saddr:100932208: daddr:16783984
[  289.112170] AAAAA-TCP_FORW: name:enp0s3: saddr:100932208: daddr:16783984
[  289.137553] AAAAA-TCP_FORW: name:enp0s3: saddr:100932208: daddr:16783984
[  289.199517] AAAAA-TCP_FORW: name:enp0s3: saddr:100932208: daddr:16783984
[  289.236988] AAAAA-TCP_FORW: name:enp0s3: saddr:100932208: daddr:16783984
[  289.267213] AAAAA-TCP_FORW: name:enp0s3: saddr:100932208: daddr:16783984
[  289.293625] AAAAA-TCP_FORW: name:enp0s3: saddr:100932208: daddr:16783984
[  289.345659] AAAAA-TCP_FORW: name:enp0s3: saddr:100932208: daddr:16783984
[  289.424445] AAAAA-TCP_FORW: name:enp0s3: saddr:100932208: daddr:16783984
[  289.484652] AAAAA-TCP_FORW: name:enp0s3: saddr:100932208: daddr:16783984
[  289.573957] AAAAA-TCP_FORW: name:enp0s3: saddr:100932208: daddr:16783984
[  289.588785] AAAAA-TCP_FORW: name:enp0s3: saddr:100932208: daddr:16783984
[  289.631088] AAAAA-TCP_FORW: name:enp0s3: saddr:100932208: daddr:16783984
[  289.668440] AAAAA-TCP_FORW: name:enp0s3: saddr:100932208: daddr:16783984
[  289.684485] AAAAA-TCP_FORW: name:enp0s3: saddr:100932208: daddr:16783984
[  289.750744] AAAAA-TCP_FORW: name:enp0s3: saddr:100932208: daddr:16783984
[  289.763732] AAAAA-TCP_FORW: name:enp0s3: saddr:16783984: daddr:100932208
[  289.803605] AAAAA-TCP_FORW: name:enp0s3: saddr:100932208: daddr:16783984
[  289.874729] AAAAA-TCP_FORW: name:enp0s3: saddr:100932208: daddr:16783984
[  289.920185] AAAAA-TCP_FORW: name:enp0s3: saddr:16783984: daddr:100932208
[  289.991364] AAAAA-TCP_FORW: name:enp0s3: saddr:100932208: daddr:16783984
[  290.010795] AAAAA-TCP_FORW: name:enp0s3: saddr:100932208: daddr:16783984
[  290.020697] AAAAA-TCP_FORW: name:enp0s3: saddr:16783984: daddr:100932208
[  290.045527] AAAAA-TCP_FORW: name:enp0s3: saddr:100932208: daddr:16783984
[  290.082921] AAAAA-TCP_FORW: name:enp0s3: saddr:100932208: daddr:16783984
[  290.151337] AAAAA-TCP_FORW: name:enp0s3: saddr:100932208: daddr:16783984
[  290.161895] AAAAA-TCP_FORW: name:enp0s3: saddr:16783984: daddr:100932208
[  290.215986] AAAAA-TCP_FORW: name:enp0s3: saddr:100932208: daddr:33561200
[  290.256146] AAAAA-TCP_FORW: name:enp0s3: saddr:16783984: daddr:100932208
[  290.288606] AAAAA-TCP_FORW: name:enp0s3: saddr:100932208: daddr:33561200
[  290.314071] AAAAA-TCP_FORW: name:enp0s3: saddr:16783984: daddr:100932208
[  290.458014] AAAAA-TCP_FORW: name:enp0s3: saddr:16783984: daddr:100932208
[  290.747320] AAAAA-TCP_FORW: name:enp0s3: saddr:16783984: daddr:100932208
[  290.852563] AAAAA-TCP_FORW: name:enp0s3: saddr:16783984: daddr:100932208
[  290.934118] AAAAA-TCP_FORW: name:enp0s3: saddr:16783984: daddr:100932208
[  291.290795] AAAAA-TCP_FORW: name:enp0s3: saddr:16783984: daddr:100932208
[  291.421598] AAAAA-TCP_FORW: name:enp0s3: saddr:16783984: daddr:100932208
[  291.514708] AAAAA-TCP_FORW: name:enp0s3: saddr:16783984: daddr:100932208
[  291.642664] AAAAA-TCP_FORW: name:enp0s3: saddr:16783984: daddr:100932208
[  291.693531] AAAAA-TCP_FORW: name:enp0s3: saddr:16783984: daddr:100932208
[  291.775856] AAAAA-TCP_FORW: name:enp0s3: saddr:16783984: daddr:100932208
[  292.106399] AAAAA-TCP_FORW: name:enp0s3: saddr:16783984: daddr:100932208
[  292.172086] AAAAA-TCP_FORW: name:enp0s3: saddr:16783984: daddr:100932208
[  292.252618] AAAAA-TCP_FORW: name:enp0s3: saddr:16783984: daddr:100932208
[  292.322521] AAAAA-TCP_FORW: name:enp0s3: saddr:16783984: daddr:100932208
[  292.381367] AAAAA-TCP_FORW: name:enp0s3: saddr:16783984: daddr:100932208
[  292.485574] AAAAA-TCP_FORW: name:enp0s3: saddr:16783984: daddr:100932208
[  292.529885] AAAAA-TCP_FORW: name:enp0s3: saddr:16783984: daddr:100932208
[  292.640959] AAAAA-TCP_FORW: name:enp0s3: saddr:33561200: daddr:100932208
[  292.741151] AAAAA-TCP_FORW: name:enp0s3: saddr:100932208: daddr:16783984
[  292.777126] AAAAA-TCP_FORW: name:enp0s3: saddr:33561200: daddr:100932208
[  292.794555] AAAAA-TCP_FORW: name:enp0s3: saddr:100932208: daddr:16783984
[  293.019518] AAAAA-TCP_FORW: name:enp0s3: saddr:100932208: daddr:16783984
[  293.042800] AAAAA-TCP_FORW: name:enp0s3: saddr:100932208: daddr:16783984
[  293.258078] AAAAA-TCP_FORW: name:enp0s3: saddr:100932208: daddr:16783984
[  293.398499] AAAAA-TCP_FORW: name:enp0s3: saddr:100932208: daddr:16783984
[  293.872432] AAAAA-TCP_FORW: name:enp0s3: saddr:100932208: daddr:16783984
[  293.960533] AAAAA-TCP_FORW: name:enp0s3: saddr:100932208: daddr:16783984
[  294.068065] AAAAA-TCP_FORW: name:enp0s3: saddr:100932208: daddr:16783984
[  294.136755] AAAAA-TCP_FORW: name:enp0s3: saddr:100932208: daddr:16783984
[  294.302723] AAAAA-TCP_FORW: name:enp0s3: saddr:100932208: daddr:16783984
[  294.379112] AAAAA-TCP_FORW: name:enp0s3: saddr:100932208: daddr:16783984
[  294.414206] AAAAA-TCP_FORW: name:enp0s3: saddr:100932208: daddr:16783984
[  294.452986] AAAAA-TCP_FORW: name:enp0s3: saddr:100932208: daddr:16783984
[  294.727071] AAAAA-TCP_FORW: name:enp0s3: saddr:100932208: daddr:16783984
[  294.812258] AAAAA-TCP_FORW: name:enp0s3: saddr:100932208: daddr:16783984
[  295.002576] AAAAA-TCP_FORW: name:enp0s3: saddr:100932208: daddr:16783984
[  295.103083] AAAAA-TCP_FORW: name:enp0s3: saddr:100932208: daddr:16783984
[  295.232665] AAAAA-TCP_FORW: name:enp0s3: saddr:100932208: daddr:16783984
[  295.294944] AAAAA-TCP_FORW: name:enp0s3: saddr:100932208: daddr:16783984
[  299.121436] AAAAA-TCP_FORW: name:enp0s3: saddr:100932208: daddr:16783984
[  299.364960] AAAAA-TCP_FORW: name:enp0s3: saddr:100932208: daddr:16783984
[  299.493209] AAAAA-TCP_FORW: name:enp0s3: saddr:100932208: daddr:16783984
[  299.858096] AAAAA-TCP_FORW: name:enp0s3: saddr:100932208: daddr:16783984
[  300.351217] AAAAA-TCP_FORW: name:enp0s3: saddr:100932208: daddr:16783984
[  300.447392] AAAAA-TCP_FORW: name:enp0s3: saddr:100932208: daddr:16783984
[  300.690153] AAAAA-TCP_FORW: name:enp0s3: saddr:100932208: daddr:16783984
[  300.788425] AAAAA-TCP_FORW: name:enp0s3: saddr:100932208: daddr:16783984
[  300.998456] AAAAA-TCP_FORW: name:enp0s3: saddr:100932208: daddr:16783984
[  301.178903] AAAAA-TCP_FORW: name:enp0s3: saddr:100932208: daddr:16783984
[  301.273524] AAAAA-TCP_FORW: name:enp0s3: saddr:100932208: daddr:16783984
[  301.641395] AAAAA-TCP_FORW: name:enp0s3: saddr:100932208: daddr:16783984
[  301.864980] AAAAA-TCP_FORW: name:enp0s3: saddr:100932208: daddr:16783984
[  302.041813] AAAAA-TCP_FORW: name:enp0s3: saddr:100932208: daddr:16783984
[  302.166893] AAAAA-TCP_FORW: name:enp0s3: saddr:100932208: daddr:16783984
[  302.385624] AAAAA-TCP_FORW: name:enp0s3: saddr:100932208: daddr:16783984
[  302.659780] AAAAA-TCP_FORW: name:enp0s3: saddr:100932208: daddr:16783984
[  302.756902] AAAAA-TCP_FORW: name:enp0s3: saddr:100932208: daddr:16783984
[  303.017817] AAAAA-TCP_FORW: name:enp0s3: saddr:100932208: daddr:16783984
[  303.203798] AAAAA-TCP_FORW: name:enp0s3: saddr:100932208: daddr:16783984
[  303.333484] AAAAA-TCP_FORW: name:enp0s3: saddr:100932208: daddr:16783984
[  303.410246] AAAAA-TCP_FORW: name:enp0s3: saddr:100932208: daddr:16783984
[  303.463899] AAAAA-TCP_FORW: name:enp0s3: saddr:100932208: daddr:16783984
[  303.748126] AAAAA-TCP_FORW: name:enp0s3: saddr:100932208: daddr:16783984
[  303.924123] AAAAA-TCP_FORW: name:enp0s3: saddr:100932208: daddr:16783984
[  304.134056] AAAAA-TCP_FORW: name:enp0s3: saddr:100932208: daddr:16783984
[  304.346068] AAAAA-TCP_FORW: name:enp0s3: saddr:100932208: daddr:16783984
[  304.539787] AAAAA-TCP_FORW: name:enp0s3: saddr:100932208: daddr:16783984
[  304.643280] AAAAA-TCP_FORW: name:enp0s3: saddr:100932208: daddr:16783984
[  304.930244] AAAAA-TCP_FORW: name:enp0s3: saddr:100932208: daddr:16783984
[  305.084934] AAAAA-TCP_FORW: name:enp0s3: saddr:100932208: daddr:16783984
[  305.169851] AAAAA-TCP_FORW: name:enp0s3: saddr:100932208: daddr:16783984
[  305.226658] AAAAA-TCP_FORW: name:enp0s3: saddr:100932208: daddr:16783984
[  305.297389] AAAAA-TCP_FORW: name:enp0s3: saddr:100932208: daddr:16783984
[  305.384334] AAAAA-TCP_FORW: name:enp0s3: saddr:100932208: daddr:16783984
[  305.514153] AAAAA-TCP_FORW: name:enp0s3: saddr:100932208: daddr:16783984
[  305.655106] AAAAA-TCP_FORW: name:enp0s3: saddr:100932208: daddr:16783984
[  305.713603] AAAAA-TCP_FORW: name:enp0s3: saddr:100932208: daddr:16783984
[  305.864444] AAAAA-TCP_FORW: name:enp0s3: saddr:100932208: daddr:16783984
[  306.048282] AAAAA-TCP_FORW: name:enp0s3: saddr:100932208: daddr:16783984
[  306.145827] AAAAA-TCP_FORW: name:enp0s3: saddr:100932208: daddr:16783984
[  306.534912] AAAAA-TCP_FORW: name:enp0s3: saddr:100932208: daddr:16783984
[  306.642543] AAAAA-TCP_FORW: name:enp0s3: saddr:100932208: daddr:16783984
[  306.802997] AAAAA-TCP_FORW: name:enp0s3: saddr:100932208: daddr:16783984
[  306.804885] AAAAA-TCP_FORW: name:enp0s3: saddr:100932208: daddr:16783984
[  307.035034] AAAAA-TCP_FORW: name:enp0s3: saddr:100932208: daddr:16783984
[  307.137541] AAAAA-TCP_FORW: name:enp0s3: saddr:100932208: daddr:33561200
[  307.260992] AAAAA-TCP_FORW: name:enp0s3: saddr:100932208: daddr:16783984
[  307.356010] AAAAA-TCP_FORW: name:enp0s3: saddr:100932208: daddr:33561200
[  307.427536] AAAAA-TCP_FORW: name:enp0s3: saddr:100932208: daddr:16783984
[  307.457643] AAAAA-TCP_FORW: name:enp0s3: saddr:100932208: daddr:16783984
[  307.626770] AAAAA-TCP_FORW: name:enp0s3: saddr:100932208: daddr:16783984
[  307.679902] AAAAA-TCP_FORW: name:enp0s3: saddr:100932208: daddr:33561200
[  307.762741] AAAAA-TCP_FORW: name:enp0s3: saddr:100932208: daddr:33561200
[  307.948362] AAAAA-TCP_FORW: name:enp0s3: saddr:100932208: daddr:16783984
[  308.053801] AAAAA-TCP_FORW: name:enp0s3: saddr:100932208: daddr:16783984
[  308.156878] AAAAA-TCP_FORW: name:enp0s3: saddr:100932208: daddr:16783984
[  308.158774] AAAAA-TCP_FORW: name:enp0s3: saddr:100932208: daddr:16783984
[  308.306780] AAAAA-TCP_FORW: name:enp0s3: saddr:100932208: daddr:16783984
[  308.479163] AAAAA-TCP_FORW: name:enp0s3: saddr:100932208: daddr:16783984
[  308.581331] AAAAA-TCP_FORW: name:enp0s3: saddr:100932208: daddr:16783984
[  308.797208] AAAAA-TCP_FORW: name:enp0s3: saddr:100932208: daddr:16783984
[  308.809704] AAAAA-TCP_FORW: name:enp0s3: saddr:100932208: daddr:16783984
[  308.956919] AAAAA-TCP_FORW: name:enp0s3: saddr:100932208: daddr:16783984
[  309.003011] AAAAA-TCP_FORW: name:enp0s3: saddr:100932208: daddr:16783984
[  309.082467] AAAAA-TCP_FORW: name:enp0s3: saddr:100932208: daddr:16783984
[  309.443890] AAAAA-TCP_FORW: name:enp0s3: saddr:100932208: daddr:16783984
[  309.598720] AAAAA-TCP_FORW: name:enp0s3: saddr:100932208: daddr:16783984
[  309.835908] AAAAA-TCP_FORW: name:enp0s3: saddr:100932208: daddr:16783984
[  309.962834] AAAAA-TCP_FORW: name:enp0s3: saddr:100932208: daddr:16783984
[  309.964840] AAAAA-TCP_FORW: name:enp0s3: saddr:100932208: daddr:16783984
[  310.192336] AAAAA-TCP_FORW: name:enp0s3: saddr:100932208: daddr:16783984
[  310.308227] AAAAA-TCP_FORW: name:enp0s3: saddr:100932208: daddr:16783984
[  310.388955] AAAAA-TCP_FORW: name:enp0s3: saddr:100932208: daddr:16783984
[  310.486769] AAAAA-TCP_FORW: name:enp0s3: saddr:100932208: daddr:16783984
[  310.584145] AAAAA-TCP_FORW: name:enp0s3: saddr:100932208: daddr:16783984
[  310.754613] AAAAA-TCP_FORW: name:enp0s3: saddr:100932208: daddr:16783984
[  310.902287] AAAAA-TCP_FORW: name:enp0s3: saddr:100932208: daddr:16783984
[  311.044360] AAAAA-TCP_FORW: name:enp0s3: saddr:100932208: daddr:16783984
[  311.049419] AAAAA-TCP_FORW: name:enp0s3: saddr:100932208: daddr:16783984
[  311.133810] AAAAA-TCP_FORW: name:enp0s3: saddr:100932208: daddr:16783984
[  311.289733] AAAAA-TCP_FORW: name:enp0s3: saddr:100932208: daddr:16783984
[  311.366424] AAAAA-TCP_FORW: name:enp0s3: saddr:100932208: daddr:16783984
[  311.462746] AAAAA-TCP_FORW: name:enp0s3: saddr:100932208: daddr:16783984
[  311.689872] AAAAA-TCP_FORW: name:enp0s3: saddr:100932208: daddr:16783984
[  311.823331] AAAAA-TCP_FORW: name:enp0s3: saddr:100932208: daddr:16783984
[  311.828415] AAAAA-TCP_FORW: name:enp0s3: saddr:100932208: daddr:16783984
[  311.921347] AAAAA-TCP_FORW: name:enp0s3: saddr:100932208: daddr:16783984
[  311.995021] AAAAA-TCP_FORW: name:enp0s3: saddr:100932208: daddr:33561200
[  312.114529] AAAAA-TCP_FORW: name:enp0s3: saddr:100932208: daddr:16783984
[  312.142501] AAAAA-TCP_FORW: name:enp0s3: saddr:100932208: daddr:16783984
[  312.364394] AAAAA-TCP_FORW: name:enp0s3: saddr:100932208: daddr:16783984
[  312.667515] AAAAA-TCP_FORW: name:enp0s3: saddr:100932208: daddr:16783984
[  312.845592] AAAAA-TCP_FORW: name:enp0s3: saddr:100932208: daddr:16783984
[  313.023009] AAAAA-TCP_FORW: name:enp0s3: saddr:100932208: daddr:16783984
[  313.219372] AAAAA-TCP_FORW: name:enp0s3: saddr:100932208: daddr:16783984
[  313.438462] AAAAA-TCP_FORW: name:enp0s3: saddr:100932208: daddr:16783984
[  313.792214] AAAAA-TCP_FORW: name:enp0s3: saddr:100932208: daddr:16783984
[  313.921858] AAAAA-TCP_FORW: name:enp0s3: saddr:100932208: daddr:16783984
[  314.053725] AAAAA-TCP_FORW: name:enp0s3: saddr:100932208: daddr:16783984
[  314.167236] AAAAA-TCP_FORW: name:enp0s3: saddr:100932208: daddr:16783984
[  314.299541] AAAAA-TCP_FORW: name:enp0s3: saddr:100932208: daddr:16783984
[  314.434495] AAAAA-TCP_FORW: name:enp0s3: saddr:100932208: daddr:16783984
[  314.569274] AAAAA-TCP_FORW: name:enp0s3: saddr:100932208: daddr:16783984
[  314.720192] AAAAA-TCP_FORW: name:enp0s3: saddr:100932208: daddr:16783984
[  314.796109] AAAAA-TCP_FORW: name:enp0s3: saddr:100932208: daddr:33561200
[  314.858969] AAAAA-TCP_FORW: name:enp0s3: saddr:100932208: daddr:33561200
[  315.168255] AAAAA-TCP_FORW: name:enp0s3: saddr:100932208: daddr:16783984
[  315.328100] AAAAA-TCP_FORW: name:enp0s3: saddr:100932208: daddr:16783984
[  315.420089] AAAAA-TCP_FORW: name:enp0s3: saddr:100932208: daddr:16783984
[  315.613666] AAAAA-TCP_FORW: name:enp0s3: saddr:100932208: daddr:16783984
[  315.811259] AAAAA-TCP_FORW: name:enp0s3: saddr:100932208: daddr:16783984
[  316.087847] AAAAA-TCP_FORW: name:enp0s3: saddr:100932208: daddr:16783984
[  316.295631] AAAAA-TCP_FORW: name:enp0s3: saddr:100932208: daddr:16783984
[  316.802077] AAAAA-TCP_FORW: name:enp0s3: saddr:100932208: daddr:16783984
[  317.140411] AAAAA-TCP_FORW: name:enp0s3: saddr:100932208: daddr:16783984
[  317.360025] AAAAA-TCP_FORW: name:enp0s3: saddr:100932208: daddr:16783984
[  317.436975] AAAAA-TCP_FORW: name:enp0s3: saddr:100932208: daddr:16783984
[  317.589054] AAAAA-TCP_FORW: name:enp0s3: saddr:100932208: daddr:16783984
[  317.760289] AAAAA-TCP_FORW: name:enp0s3: saddr:100932208: daddr:16783984
[  317.966247] AAAAA-TCP_FORW: name:enp0s3: saddr:100932208: daddr:16783984
[  318.033312] AAAAA-TCP_FORW: name:enp0s3: saddr:100932208: daddr:33561200
[  318.177522] AAAAA-TCP_FORW: name:enp0s3: saddr:100932208: daddr:33561200
[  318.434321] AAAAA-TCP_FORW: name:enp0s3: saddr:100932208: daddr:16783984
[  318.647009] AAAAA-TCP_FORW: name:enp0s3: saddr:100932208: daddr:16783984
[  318.731548] AAAAA-TCP_FORW: name:enp0s3: saddr:100932208: daddr:16783984
[  318.942270] AAAAA-TCP_FORW: name:enp0s3: saddr:100932208: daddr:16783984
[  319.130692] AAAAA-TCP_FORW: name:enp0s3: saddr:100932208: daddr:16783984
[  319.310354] AAAAA-TCP_FORW: name:enp0s3: saddr:100932208: daddr:16783984
[  319.625544] AAAAA-TCP_FORW: name:enp0s3: saddr:100932208: daddr:16783984
[  319.728452] AAAAA-TCP_FORW: name:enp0s3: saddr:100932208: daddr:16783984
[  319.995425] AAAAA-TCP_FORW: name:enp0s3: saddr:100932208: daddr:16783984
[  320.109418] AAAAA-TCP_FORW: name:enp0s3: saddr:100932208: daddr:16783984
[  320.295331] AAAAA-TCP_FORW: name:enp0s3: saddr:100932208: daddr:16783984
[  320.472561] AAAAA-TCP_FORW: name:enp0s3: saddr:100932208: daddr:16783984
[  320.569840] AAAAA-TCP_FORW: name:enp0s3: saddr:100932208: daddr:16783984
[  320.663292] AAAAA-TCP_FORW: name:enp0s3: saddr:100932208: daddr:16783984
[  320.904367] AAAAA-TCP_FORW: name:enp0s3: saddr:100932208: daddr:16783984
[  320.993529] AAAAA-TCP_FORW: name:enp0s3: saddr:100932208: daddr:33561200
[  321.059182] AAAAA-TCP_FORW: name:enp0s3: saddr:100932208: daddr:33561200
[  321.176609] AAAAA-TCP_FORW: name:enp0s3: saddr:100932208: daddr:33561200
[  321.492475] AAAAA-TCP_FORW: name:enp0s3: saddr:100932208: daddr:16783984
[  321.661183] AAAAA-TCP_FORW: name:enp0s3: saddr:100932208: daddr:16783984
[  321.804764] AAAAA-TCP_FORW: name:enp0s3: saddr:100932208: daddr:16783984
[  322.031314] AAAAA-TCP_FORW: name:enp0s3: saddr:100932208: daddr:16783984
[  322.242901] AAAAA-TCP_FORW: name:enp0s3: saddr:100932208: daddr:16783984
[  322.408447] AAAAA-TCP_FORW: name:enp0s3: saddr:100932208: daddr:16783984
[  322.571939] AAAAA-TCP_FORW: name:enp0s3: saddr:100932208: daddr:16783984
[  322.631857] AAAAA-TCP_FORW: name:enp0s3: saddr:100932208: daddr:16783984
[  322.872005] AAAAA-TCP_FORW: name:enp0s3: saddr:100932208: daddr:16783984
[  323.176403] AAAAA-TCP_FORW: name:enp0s3: saddr:100932208: daddr:16783984
[  323.503771] AAAAA-TCP_FORW: name:enp0s3: saddr:100932208: daddr:16783984
[  323.726941] AAAAA-TCP_FORW: name:enp0s3: saddr:100932208: daddr:33561200
[  323.816300] AAAAA-TCP_FORW: name:enp0s3: saddr:100932208: daddr:33561200
[  323.915008] AAAAA-TCP_FORW: name:enp0s3: saddr:100932208: daddr:33561200
[  324.047627] AAAAA-TCP_FORW: name:enp0s3: saddr:100932208: daddr:16783984
[  324.617853] AAAAA-TCP_FORW: name:enp0s3: saddr:100932208: daddr:16783984
[  324.912670] AAAAA-TCP_FORW: name:enp0s3: saddr:100932208: daddr:16783984
[  325.181514] AAAAA-TCP_FORW: name:enp0s3: saddr:100932208: daddr:16783984
[  325.492551] AAAAA-TCP_FORW: name:enp0s3: saddr:100932208: daddr:16783984
[  325.676870] AAAAA-TCP_FORW: name:enp0s3: saddr:100932208: daddr:16783984
[  325.947587] AAAAA-TCP_FORW: name:enp0s3: saddr:100932208: daddr:16783984
[  326.505339] AAAAA-TCP_FORW: name:enp0s3: saddr:100932208: daddr:16783984
[  326.797831] AAAAA-TCP_FORW: name:enp0s3: saddr:100932208: daddr:16783984
[  327.111357] AAAAA-TCP_FORW: name:enp0s3: saddr:100932208: daddr:33561200
[  327.216861] AAAAA-TCP_FORW: name:enp0s3: saddr:100932208: daddr:33561200
[  327.348674] AAAAA-TCP_FORW: name:enp0s3: saddr:100932208: daddr:33561200
[  327.478845] AAAAA-TCP_FORW: name:enp0s3: saddr:100932208: daddr:16783984
[  328.209762] AAAAA-TCP_FORW: name:enp0s3: saddr:100932208: daddr:16783984
[  328.583451] AAAAA-TCP_FORW: name:enp0s3: saddr:100932208: daddr:16783984
[  328.982567] AAAAA-TCP_FORW: name:enp0s3: saddr:100932208: daddr:16783984
[  329.209895] AAAAA-TCP_FORW: name:enp0s3: saddr:100932208: daddr:16783984
[  329.322464] AAAAA-TCP_FORW: name:enp0s3: saddr:100932208: daddr:16783984
[  329.519251] AAAAA-TCP_FORW: name:enp0s3: saddr:100932208: daddr:16783984
[  329.646459] AAAAA-TCP_FORW: name:enp0s3: saddr:100932208: daddr:16783984
[  329.781422] AAAAA-TCP_FORW: name:enp0s3: saddr:100932208: daddr:16783984
[  329.929662] AAAAA-TCP_FORW: name:enp0s3: saddr:100932208: daddr:33561200
[  330.029954] AAAAA-TCP_FORW: name:enp0s3: saddr:100932208: daddr:33561200
[  330.124006] AAAAA-TCP_FORW: name:enp0s3: saddr:100932208: daddr:33561200
[  330.244820] AAAAA-TCP_FORW: name:enp0s3: saddr:100932208: daddr:33561200
[  330.345925] AAAAA-TCP_FORW: name:enp0s3: saddr:100932208: daddr:16783984
[  330.516143] AAAAA-TCP_FORW: name:enp0s3: saddr:100932208: daddr:16783984
[  330.746292] AAAAA-TCP_FORW: name:enp0s3: saddr:100932208: daddr:16783984
[  330.870241] AAAAA-TCP_FORW: name:enp0s3: saddr:100932208: daddr:16783984
[  330.980376] AAAAA-TCP_FORW: name:enp0s3: saddr:100932208: daddr:16783984
[  331.336787] AAAAA-TCP_FORW: name:enp0s3: saddr:100932208: daddr:16783984
[  331.487304] AAAAA-TCP_FORW: name:enp0s3: saddr:100932208: daddr:16783984
[  331.588902] AAAAA-TCP_FORW: name:enp0s3: saddr:100932208: daddr:16783984
[  331.687521] AAAAA-TCP_FORW: name:enp0s3: saddr:100932208: daddr:16783984
[  331.781549] AAAAA-TCP_FORW: name:enp0s3: saddr:100932208: daddr:33561200
[  331.844501] AAAAA-TCP_FORW: name:enp0s3: saddr:100932208: daddr:33561200
[  331.970371] AAAAA-TCP_FORW: name:enp0s3: saddr:100932208: daddr:33561200
[  332.041988] AAAAA-TCP_FORW: name:enp0s3: saddr:100932208: daddr:33561200
[  332.203368] AAAAA-TCP_FORW: name:enp0s3: saddr:100932208: daddr:16783984
[  332.394461] AAAAA-TCP_FORW: name:enp0s3: saddr:100932208: daddr:16783984
[  332.493693] AAAAA-TCP_FORW: name:enp0s3: saddr:100932208: daddr:16783984
[  332.614899] AAAAA-TCP_FORW: name:enp0s3: saddr:100932208: daddr:16783984
[  332.720017] AAAAA-TCP_FORW: name:enp0s3: saddr:100932208: daddr:16783984
[  332.809807] AAAAA-TCP_FORW: name:enp0s3: saddr:100932208: daddr:16783984
[  332.929169] AAAAA-TCP_FORW: name:enp0s3: saddr:100932208: daddr:16783984
[  333.002980] AAAAA-TCP_FORW: name:enp0s3: saddr:100932208: daddr:16783984
[  333.099573] AAAAA-TCP_FORW: name:enp0s3: saddr:100932208: daddr:16783984
[  333.215891] AAAAA-TCP_FORW: name:enp0s3: saddr:100932208: daddr:33561200
[  333.301853] AAAAA-TCP_FORW: name:enp0s3: saddr:100932208: daddr:33561200
[  333.424430] AAAAA-TCP_FORW: name:enp0s3: saddr:100932208: daddr:33561200
[  333.513703] AAAAA-TCP_FORW: name:enp0s3: saddr:100932208: daddr:33561200
[  333.608708] AAAAA-TCP_FORW: name:enp0s3: saddr:100932208: daddr:16783984
[  333.699571] AAAAA-TCP_FORW: name:enp0s3: saddr:100932208: daddr:16783984
[  333.789925] AAAAA-TCP_FORW: name:enp0s3: saddr:100932208: daddr:16783984
[  333.859382] AAAAA-TCP_FORW: name:enp0s3: saddr:100932208: daddr:16783984
[  333.930271] AAAAA-TCP_FORW: name:enp0s3: saddr:100932208: daddr:16783984
[  334.026447] AAAAA-TCP_FORW: name:enp0s3: saddr:100932208: daddr:16783984
[  334.106260] AAAAA-TCP_FORW: name:enp0s3: saddr:100932208: daddr:16783984
[  334.193395] AAAAA-TCP_FORW: name:enp0s3: saddr:100932208: daddr:16783984
[  334.274365] AAAAA-TCP_FORW: name:enp0s3: saddr:100932208: daddr:16783984
[  334.363484] AAAAA-TCP_FORW: name:enp0s3: saddr:100932208: daddr:16783984
[  334.534141] AAAAA-TCP_FORW: name:enp0s3: saddr:100932208: daddr:33561200
[  334.643948] AAAAA-TCP_FORW: name:enp0s3: saddr:100932208: daddr:33561200
[  334.767797] AAAAA-TCP_FORW: name:enp0s3: saddr:100932208: daddr:33561200
[  334.877979] AAAAA-TCP_FORW: name:enp0s3: saddr:100932208: daddr:33561200
[  334.971618] AAAAA-TCP_FORW: name:enp0s3: saddr:100932208: daddr:16783984
[  335.080285] AAAAA-TCP_FORW: name:enp0s3: saddr:100932208: daddr:16783984
[  335.161505] AAAAA-TCP_FORW: name:enp0s3: saddr:100932208: daddr:16783984
[  335.221372] AAAAA-TCP_FORW: name:enp0s3: saddr:100932208: daddr:16783984
[  335.384590] AAAAA-TCP_FORW: name:enp0s3: saddr:100932208: daddr:16783984
[  335.529642] AAAAA-TCP_FORW: name:enp0s3: saddr:100932208: daddr:16783984
[  335.705932] AAAAA-TCP_FORW: name:enp0s3: saddr:100932208: daddr:16783984
[  335.854233] AAAAA-TCP_FORW: name:enp0s3: saddr:100932208: daddr:16783984
[  335.932884] AAAAA-TCP_FORW: name:enp0s3: saddr:100932208: daddr:16783984
[  336.043246] AAAAA-TCP_FORW: name:enp0s3: saddr:100932208: daddr:16783984
[  336.123723] AAAAA-TCP_FORW: name:enp0s3: saddr:100932208: daddr:16783984
[  336.163843] AAAAA-TCP_FORW: name:enp0s3: saddr:100932208: daddr:33561200
[  336.273960] AAAAA-TCP_FORW: name:enp0s3: saddr:100932208: daddr:33561200
[  336.411036] AAAAA-TCP_FORW: name:enp0s3: saddr:100932208: daddr:33561200
[  336.480465] AAAAA-TCP_FORW: name:enp0s3: saddr:100932208: daddr:33561200
[  336.542585] AAAAA-TCP_FORW: name:enp0s3: saddr:100932208: daddr:33561200
[  336.612276] AAAAA-TCP_FORW: name:enp0s3: saddr:100932208: daddr:16783984
[  336.678797] AAAAA-TCP_FORW: name:enp0s3: saddr:100932208: daddr:16783984
[  336.738414] AAAAA-TCP_FORW: name:enp0s3: saddr:100932208: daddr:16783984
[  336.825480] AAAAA-TCP_FORW: name:enp0s3: saddr:100932208: daddr:16783984
[  336.878017] AAAAA-TCP_FORW: name:enp0s3: saddr:100932208: daddr:16783984
[  336.951147] AAAAA-TCP_FORW: name:enp0s3: saddr:100932208: daddr:16783984
[  337.056491] AAAAA-TCP_FORW: name:enp0s3: saddr:100932208: daddr:16783984
[  337.178457] AAAAA-TCP_FORW: name:enp0s3: saddr:100932208: daddr:16783984
[  337.223846] AAAAA-TCP_FORW: name:enp0s3: saddr:100932208: daddr:16783984
[  337.288627] AAAAA-TCP_FORW: name:enp0s3: saddr:100932208: daddr:16783984
[  337.400979] AAAAA-TCP_FORW: name:enp0s3: saddr:100932208: daddr:16783984
[  337.544140] AAAAA-TCP_FORW: name:enp0s3: saddr:100932208: daddr:33561200
[  337.614045] AAAAA-TCP_FORW: name:enp0s3: saddr:100932208: daddr:33561200
[  337.703151] AAAAA-TCP_FORW: name:enp0s3: saddr:100932208: daddr:33561200
[  337.804272] AAAAA-TCP_FORW: name:enp0s3: saddr:100932208: daddr:33561200
[  337.893984] AAAAA-TCP_FORW: name:enp0s3: saddr:100932208: daddr:33561200
[  338.001857] AAAAA-TCP_FORW: name:enp0s3: saddr:100932208: daddr:16783984
[  338.106393] AAAAA-TCP_FORW: name:enp0s3: saddr:100932208: daddr:16783984
[  338.212054] AAAAA-TCP_FORW: name:enp0s3: saddr:100932208: daddr:16783984
[  338.330959] AAAAA-TCP_FORW: name:enp0s3: saddr:100932208: daddr:16783984
[  338.393967] AAAAA-TCP_FORW: name:enp0s3: saddr:100932208: daddr:16783984
[  338.507019] AAAAA-TCP_FORW: name:enp0s3: saddr:100932208: daddr:16783984
[  338.594470] AAAAA-TCP_FORW: name:enp0s3: saddr:100932208: daddr:16783984
[  338.659757] AAAAA-TCP_FORW: name:enp0s3: saddr:100932208: daddr:16783984
[  338.791092] AAAAA-TCP_FORW: name:enp0s3: saddr:100932208: daddr:16783984
[  338.907477] AAAAA-TCP_FORW: name:enp0s3: saddr:100932208: daddr:16783984
[  338.984968] AAAAA-TCP_FORW: name:enp0s3: saddr:100932208: daddr:16783984
[  339.117810] AAAAA-TCP_FORW: name:enp0s3: saddr:100932208: daddr:33561200
[  339.208785] AAAAA-TCP_FORW: name:enp0s3: saddr:100932208: daddr:33561200
[  339.289219] AAAAA-TCP_FORW: name:enp0s3: saddr:100932208: daddr:33561200
[  339.405557] AAAAA-TCP_FORW: name:enp0s3: saddr:100932208: daddr:33561200
[  339.540418] AAAAA-TCP_FORW: name:enp0s3: saddr:100932208: daddr:33561200
[  339.628177] AAAAA-TCP_FORW: name:enp0s3: saddr:100932208: daddr:16783984
[  339.727810] AAAAA-TCP_FORW: name:enp0s3: saddr:100932208: daddr:16783984
[  339.817867] AAAAA-TCP_FORW: name:enp0s3: saddr:100932208: daddr:16783984
[  339.914824] AAAAA-TCP_FORW: name:enp0s3: saddr:100932208: daddr:16783984
[  340.027774] AAAAA-TCP_FORW: name:enp0s3: saddr:100932208: daddr:16783984
[  340.137975] AAAAA-TCP_FORW: name:enp0s3: saddr:100932208: daddr:16783984
[  340.346959] AAAAA-TCP_FORW: name:enp0s3: saddr:100932208: daddr:16783984
[  340.463178] AAAAA-TCP_FORW: name:enp0s3: saddr:100932208: daddr:16783984
[  340.561684] AAAAA-TCP_FORW: name:enp0s3: saddr:100932208: daddr:16783984
[  340.680299] AAAAA-TCP_FORW: name:enp0s3: saddr:100932208: daddr:16783984
[  340.937452] AAAAA-TCP_FORW: name:enp0s3: saddr:100932208: daddr:16783984
[  341.045143] AAAAA-TCP_FORW: name:enp0s3: saddr:100932208: daddr:33561200
[  341.205822] AAAAA-TCP_FORW: name:enp0s3: saddr:100932208: daddr:33561200
[  341.365699] AAAAA-TCP_FORW: name:enp0s3: saddr:100932208: daddr:33561200
[  341.449578] AAAAA-TCP_FORW: name:enp0s3: saddr:100932208: daddr:33561200
[  341.553722] AAAAA-TCP_FORW: name:enp0s3: saddr:100932208: daddr:33561200
[  341.714516] AAAAA-TCP_FORW: name:enp0s3: saddr:100932208: daddr:33561200
[  341.978662] AAAAA-TCP_FORW: name:enp0s3: saddr:100932208: daddr:16783984
[  342.139879] AAAAA-TCP_FORW: name:enp0s3: saddr:100932208: daddr:16783984
[  342.263807] AAAAA-TCP_FORW: name:enp0s3: saddr:100932208: daddr:16783984
[  342.360278] AAAAA-TCP_FORW: name:enp0s3: saddr:100932208: daddr:16783984
[  342.472939] AAAAA-TCP_FORW: name:enp0s3: saddr:100932208: daddr:16783984
[  342.575391] AAAAA-TCP_FORW: name:enp0s3: saddr:100932208: daddr:16783984
[  342.693317] AAAAA-TCP_FORW: name:enp0s3: saddr:100932208: daddr:16783984
[  342.834846] AAAAA-TCP_FORW: name:enp0s3: saddr:100932208: daddr:16783984
[  342.931485] AAAAA-TCP_FORW: name:enp0s3: saddr:100932208: daddr:16783984
[  343.026907] AAAAA-TCP_FORW: name:enp0s3: saddr:100932208: daddr:16783984
[  343.122354] AAAAA-TCP_FORW: name:enp0s3: saddr:100932208: daddr:16783984
[  343.267262] AAAAA-TCP_FORW: name:enp0s3: saddr:100932208: daddr:33561200
[  343.344617] AAAAA-TCP_FORW: name:enp0s3: saddr:100932208: daddr:33561200
[  343.467275] AAAAA-TCP_FORW: name:enp0s3: saddr:100932208: daddr:33561200
[  343.578113] AAAAA-TCP_FORW: name:enp0s3: saddr:100932208: daddr:33561200
[  343.712311] AAAAA-TCP_FORW: name:enp0s3: saddr:100932208: daddr:33561200
[  343.854957] AAAAA-TCP_FORW: name:enp0s3: saddr:100932208: daddr:33561200
[  344.120441] AAAAA-TCP_FORW: name:enp0s3: saddr:100932208: daddr:16783984
[  344.330069] AAAAA-TCP_FORW: name:enp0s3: saddr:100932208: daddr:16783984
[  344.521926] AAAAA-TCP_FORW: name:enp0s3: saddr:100932208: daddr:16783984
[  344.634230] AAAAA-TCP_FORW: name:enp0s3: saddr:100932208: daddr:16783984
[  344.726791] AAAAA-TCP_FORW: name:enp0s3: saddr:100932208: daddr:16783984
[  344.846438] AAAAA-TCP_FORW: name:enp0s3: saddr:100932208: daddr:16783984
[  344.996008] AAAAA-TCP_FORW: name:enp0s3: saddr:100932208: daddr:16783984
[  345.184913] AAAAA-TCP_FORW: name:enp0s3: saddr:100932208: daddr:16783984
[  345.327862] AAAAA-TCP_FORW: name:enp0s3: saddr:100932208: daddr:16783984
[  345.466511] AAAAA-TCP_FORW: name:enp0s3: saddr:100932208: daddr:16783984
[  345.556493] AAAAA-TCP_FORW: name:enp0s3: saddr:100932208: daddr:16783984
[  345.662508] AAAAA-TCP_FORW: name:enp0s3: saddr:100932208: daddr:33561200
[  345.839562] AAAAA-TCP_FORW: name:enp0s3: saddr:100932208: daddr:33561200
[  345.975805] AAAAA-TCP_FORW: name:enp0s3: saddr:100932208: daddr:33561200
[  346.104556] AAAAA-TCP_FORW: name:enp0s3: saddr:100932208: daddr:33561200
[  346.168840] AAAAA-TCP_FORW: name:enp0s3: saddr:100932208: daddr:33561200
[  346.259823] AAAAA-TCP_FORW: name:enp0s3: saddr:100932208: daddr:33561200
[  346.434631] AAAAA-TCP_FORW: name:enp0s3: saddr:100932208: daddr:33561200
[  346.707467] AAAAA-TCP_FORW: name:enp0s3: saddr:100932208: daddr:16783984
[  346.916409] AAAAA-TCP_FORW: name:enp0s3: saddr:100932208: daddr:16783984
[  347.089777] AAAAA-TCP_FORW: name:enp0s3: saddr:100932208: daddr:16783984
[  347.186083] AAAAA-TCP_FORW: name:enp0s3: saddr:100932208: daddr:16783984
[  347.325183] AAAAA-TCP_FORW: name:enp0s3: saddr:100932208: daddr:16783984
[  347.439160] AAAAA-TCP_FORW: name:enp0s3: saddr:100932208: daddr:16783984
[  347.559926] AAAAA-TCP_FORW: name:enp0s3: saddr:100932208: daddr:16783984
[  347.655560] AAAAA-TCP_FORW: name:enp0s3: saddr:100932208: daddr:16783984
[  347.773648] AAAAA-TCP_FORW: name:enp0s3: saddr:100932208: daddr:16783984
[  347.962355] AAAAA-TCP_FORW: name:enp0s3: saddr:100932208: daddr:16783984
[  348.071862] AAAAA-TCP_FORW: name:enp0s3: saddr:100932208: daddr:16783984
[  348.215973] AAAAA-TCP_FORW: name:enp0s3: saddr:100932208: daddr:33561200
[  348.454265] AAAAA-TCP_FORW: name:enp0s3: saddr:100932208: daddr:33561200
[  348.599568] AAAAA-TCP_FORW: name:enp0s3: saddr:100932208: daddr:33561200
[  348.704887] AAAAA-TCP_FORW: name:enp0s3: saddr:100932208: daddr:33561200
[  348.825560] AAAAA-TCP_FORW: name:enp0s3: saddr:100932208: daddr:33561200
[  348.942215] AAAAA-TCP_FORW: name:enp0s3: saddr:100932208: daddr:33561200
[  349.062164] AAAAA-TCP_FORW: name:enp0s3: saddr:100932208: daddr:33561200
[  349.249704] AAAAA-TCP_FORW: name:enp0s3: saddr:100932208: daddr:16783984
[  349.572512] AAAAA-TCP_FORW: name:enp0s3: saddr:100932208: daddr:16783984
[  349.814437] AAAAA-TCP_FORW: name:enp0s3: saddr:100932208: daddr:16783984
[  349.928516] AAAAA-TCP_FORW: name:enp0s3: saddr:100932208: daddr:16783984
[  350.050651] AAAAA-TCP_FORW: name:enp0s3: saddr:100932208: daddr:16783984
[  350.169828] AAAAA-TCP_FORW: name:enp0s3: saddr:100932208: daddr:16783984
[  350.260892] AAAAA-TCP_FORW: name:enp0s3: saddr:100932208: daddr:16783984
[  350.355586] AAAAA-TCP_FORW: name:enp0s3: saddr:100932208: daddr:16783984
[  350.536849] AAAAA-TCP_FORW: name:enp0s3: saddr:100932208: daddr:16783984
[  350.763526] AAAAA-TCP_FORW: name:enp0s3: saddr:100932208: daddr:33561200
[  350.876750] AAAAA-TCP_FORW: name:enp0s3: saddr:100932208: daddr:33561200
[  351.026833] AAAAA-TCP_FORW: name:enp0s3: saddr:100932208: daddr:33561200
[  351.169364] AAAAA-TCP_FORW: name:enp0s3: saddr:100932208: daddr:33561200
[  351.318187] AAAAA-TCP_FORW: name:enp0s3: saddr:100932208: daddr:33561200
[  351.494369] AAAAA-TCP_FORW: name:enp0s3: saddr:100932208: daddr:33561200
[  351.614049] AAAAA-TCP_FORW: name:enp0s3: saddr:100932208: daddr:33561200
[  352.062303] AAAAA-TCP_FORW: name:enp0s3: saddr:100932208: daddr:16783984
[  352.441600] AAAAA-TCP_FORW: name:enp0s3: saddr:100932208: daddr:16783984
[  352.693499] AAAAA-TCP_FORW: name:enp0s3: saddr:100932208: daddr:16783984
[  353.000557] AAAAA-TCP_FORW: name:enp0s3: saddr:100932208: daddr:16783984
[  353.077194] AAAAA-TCP_FORW: name:enp0s3: saddr:100932208: daddr:16783984
[  353.244660] AAAAA-TCP_FORW: name:enp0s3: saddr:100932208: daddr:33561200
[  353.685487] AAAAA-TCP_FORW: name:enp0s3: saddr:100932208: daddr:33561200
[  353.772325] AAAAA-TCP_FORW: name:enp0s3: saddr:100932208: daddr:33561200
[  354.116437] AAAAA-TCP_FORW: name:enp0s3: saddr:100932208: daddr:33561200
[  354.547891] AAAAA-TCP_FORW: name:enp0s3: saddr:100932208: daddr:16783984
[  355.013548] AAAAA-TCP_FORW: name:enp0s3: saddr:100932208: daddr:16783984
[  355.199338] AAAAA-TCP_FORW: name:enp0s3: saddr:100932208: daddr:16783984
[  355.552047] AAAAA-TCP_FORW: name:enp0s3: saddr:100932208: daddr:16783984
[  355.780848] AAAAA-TCP_FORW: name:enp0s3: saddr:100932208: daddr:16783984
[  356.141040] AAAAA-TCP_FORW: name:enp0s3: saddr:100932208: daddr:33561200
[  356.210701] AAAAA-TCP_FORW: name:enp0s3: saddr:100932208: daddr:33561200
[  356.451869] AAAAA-TCP_FORW: name:enp0s3: saddr:100932208: daddr:33561200
[  356.759338] AAAAA-TCP_FORW: name:enp0s3: saddr:100932208: daddr:16783984
[  356.864427] AAAAA-TCP_FORW: name:enp0s3: saddr:100932208: daddr:16783984
[  357.307247] AAAAA-TCP_FORW: name:enp0s3: saddr:100932208: daddr:16783984
[  357.470064] AAAAA-TCP_FORW: name:enp0s3: saddr:100932208: daddr:16783984
[  357.720379] AAAAA-TCP_FORW: name:enp0s3: saddr:100932208: daddr:16783984
[  357.984492] AAAAA-TCP_FORW: name:enp0s3: saddr:100932208: daddr:16783984
[  359.870497] AAAAA-TCP_FORW: name:enp0s3: saddr:100932208: daddr:33561200
[  359.932101] AAAAA-TCP_FORW: name:enp0s3: saddr:100932208: daddr:16783984
[  360.029917] AAAAA-TCP_FORW: name:enp0s3: saddr:100932208: daddr:33561200
[  360.075077] AAAAA-TCP_FORW: name:enp0s3: saddr:100932208: daddr:33561200
[  360.134776] AAAAA-TCP_FORW: name:enp0s3: saddr:100932208: daddr:16783984
[  360.200845] AAAAA-TCP_FORW: name:enp0s3: saddr:100932208: daddr:16783984
[  360.258926] AAAAA-TCP_FORW: name:enp0s3: saddr:100932208: daddr:16783984
[  360.309153] AAAAA-TCP_FORW: name:enp0s3: saddr:100932208: daddr:16783984
[  360.356522] AAAAA-TCP_FORW: name:enp0s3: saddr:100932208: daddr:16783984
[  360.420470] AAAAA-TCP_FORW: name:enp0s3: saddr:100932208: daddr:16783984
[  361.289284] AAAAA-TCP_FORW: name:enp0s3: saddr:100932208: daddr:33561200
[  361.413725] AAAAA-TCP_FORW: name:enp0s3: saddr:100932208: daddr:16783984
[  361.488942] AAAAA-TCP_FORW: name:enp0s3: saddr:100932208: daddr:16783984
[  361.563292] AAAAA-TCP_FORW: name:enp0s3: saddr:100932208: daddr:33561200
[  361.616078] AAAAA-TCP_FORW: name:enp0s3: saddr:100932208: daddr:16783984
[  361.650112] AAAAA-TCP_FORW: name:enp0s3: saddr:100932208: daddr:16783984
[  361.737901] AAAAA-TCP_FORW: name:enp0s3: saddr:100932208: daddr:16783984
[  361.788503] AAAAA-TCP_FORW: name:enp0s3: saddr:100932208: daddr:33561200
[  361.841200] AAAAA-TCP_FORW: name:enp0s3: saddr:100932208: daddr:16783984
[  361.924378] AAAAA-TCP_FORW: name:enp0s3: saddr:100932208: daddr:16783984
[  362.003439] AAAAA-TCP_FORW: name:enp0s3: saddr:100932208: daddr:16783984
[  362.110691] AAAAA-TCP_FORW: name:enp0s3: saddr:100932208: daddr:16783984
[  362.160861] AAAAA-TCP_FORW: name:enp0s3: saddr:100932208: daddr:16783984
[  362.201933] AAAAA-TCP_FORW: name:enp0s3: saddr:100932208: daddr:16783984
[  362.272281] AAAAA-TCP_FORW: name:enp0s3: saddr:100932208: daddr:16783984
[  362.571438] AAAAA-TCP_FORW: name:enp0s3: saddr:100932208: daddr:33561200
[  362.674356] AAAAA-TCP_FORW: name:enp0s3: saddr:100932208: daddr:16783984
[  362.763252] AAAAA-TCP_FORW: name:enp0s3: saddr:100932208: daddr:16783984
[  362.858188] AAAAA-TCP_FORW: name:enp0s3: saddr:100932208: daddr:33561200
[  362.953581] AAAAA-TCP_FORW: name:enp0s3: saddr:100932208: daddr:16783984
[  363.083904] AAAAA-TCP_FORW: name:enp0s3: saddr:100932208: daddr:16783984
[  363.148892] AAAAA-TCP_FORW: name:enp0s3: saddr:100932208: daddr:16783984
[  363.212955] AAAAA-TCP_FORW: name:enp0s3: saddr:100932208: daddr:33561200
[  363.278739] AAAAA-TCP_FORW: name:enp0s3: saddr:100932208: daddr:16783984
[  363.394802] AAAAA-TCP_FORW: name:enp0s3: saddr:100932208: daddr:16783984
[  363.511238] AAAAA-TCP_FORW: name:enp0s3: saddr:100932208: daddr:16783984
[  363.640916] AAAAA-TCP_FORW: name:enp0s3: saddr:100932208: daddr:16783984
[  363.759542] AAAAA-TCP_FORW: name:enp0s3: saddr:100932208: daddr:16783984
