[    0.000000] Linux version 5.4.243-mptcp (root@ztg) (gcc version 12.2.0 (Debian 12.2.0-14+deb12u1)) #53 SMP Wed Dec 24 23:28:15 CST 2025
[    0.000000] Command line: BOOT_IMAGE=/boot/vmlinuz-5.4.243-mptcp root=UUID=98415a12-53b7-4144-8265-0f7ece09e445 ro quiet splash
[    0.000000] KERNEL supported cpus:
[    0.000000]   Intel GenuineIntel
[    0.000000]   AMD AuthenticAMD
[    0.000000]   Hygon HygonGenuine
[    0.000000]   Centaur CentaurHauls
[    0.000000]   zhaoxin   Shanghai  
[    0.000000] x86/fpu: Supporting XSAVE feature 0x001: 'x87 floating point registers'
[    0.000000] x86/fpu: Supporting XSAVE feature 0x002: 'SSE registers'
[    0.000000] x86/fpu: Supporting XSAVE feature 0x004: 'AVX registers'
[    0.000000] x86/fpu: xstate_offset[2]:  576, xstate_sizes[2]:  256
[    0.000000] x86/fpu: Enabled xstate features 0x7, context size is 832 bytes, using 'standard' format.
[    0.000000] BIOS-provided physical RAM map:
[    0.000000] BIOS-e820: [mem 0x0000000000000000-0x000000000009fbff] usable
[    0.000000] BIOS-e820: [mem 0x000000000009fc00-0x000000000009ffff] reserved
[    0.000000] BIOS-e820: [mem 0x00000000000f0000-0x00000000000fffff] reserved
[    0.000000] BIOS-e820: [mem 0x0000000000100000-0x000000007ffeffff] usable
[    0.000000] BIOS-e820: [mem 0x000000007fff0000-0x000000007fffffff] ACPI data
[    0.000000] BIOS-e820: [mem 0x00000000fec00000-0x00000000fec00fff] reserved
[    0.000000] BIOS-e820: [mem 0x00000000fee00000-0x00000000fee00fff] reserved
[    0.000000] BIOS-e820: [mem 0x00000000fffc0000-0x00000000ffffffff] reserved
[    0.000000] NX (Execute Disable) protection: active
[    0.000000] SMBIOS 2.5 present.
[    0.000000] DMI: innotek GmbH VirtualBox/VirtualBox, BIOS VirtualBox 12/01/2006
[    0.000000] Hypervisor detected: KVM
[    0.000000] kvm-clock: Using msrs 4b564d01 and 4b564d00
[    0.000000] kvm-clock: cpu 0, msr 78801001, primary cpu clock
[    0.000000] kvm-clock: using sched offset of 4444828650 cycles
[    0.000003] clocksource: kvm-clock: mask: 0xffffffffffffffff max_cycles: 0x1cd42e4dffb, max_idle_ns: 881590591483 ns
[    0.000005] tsc: Detected 2100.000 MHz processor
[    0.001856] e820: update [mem 0x00000000-0x00000fff] usable ==> reserved
[    0.001858] e820: remove [mem 0x000a0000-0x000fffff] usable
[    0.001862] last_pfn = 0x7fff0 max_arch_pfn = 0x400000000
[    0.001930] MTRR default type: uncachable
[    0.001931] MTRR fixed ranges enabled:
[    0.001932]   00000-9FFFF write-back
[    0.001933]   A0000-BFFFF uncachable
[    0.001934]   C0000-FFFFF write-protect
[    0.001934] MTRR variable ranges enabled:
[    0.001936]   0 base 000000000000 mask 3FFF80000000 write-back
[    0.001937]   1 disabled
[    0.001937]   2 disabled
[    0.001937]   3 disabled
[    0.001938]   4 disabled
[    0.001938]   5 disabled
[    0.001939]   6 disabled
[    0.001939]   7 disabled
[    0.001939]   8 disabled
[    0.001940]   9 disabled
[    0.001940]   10 disabled
[    0.001941]   11 disabled
[    0.001941]   12 disabled
[    0.001942]   13 disabled
[    0.001942]   14 disabled
[    0.001942]   15 disabled
[    0.001959] x86/PAT: Configuration [0-7]: WB  WC  UC- UC  WB  WP  UC- WT  
[    0.002092] found SMP MP-table at [mem 0x0009fff0-0x0009ffff]
[    0.090350] check: Scanning 1 areas for low memory corruption
[    0.090612] RAMDISK: [mem 0x32271000-0x3512ffff]
[    0.090621] ACPI: Early table checksum verification disabled
[    0.090625] ACPI: RSDP 0x00000000000E0000 000024 (v02 VBOX  )
[    0.090630] ACPI: XSDT 0x000000007FFF0030 00003C (v01 VBOX   VBOXXSDT 00000001 ASL  00000061)
[    0.090636] ACPI: FACP 0x000000007FFF00F0 0000F4 (v04 VBOX   VBOXFACP 00000001 ASL  00000061)
[    0.090643] ACPI: DSDT 0x000000007FFF02E0 002353 (v02 VBOX   VBOXBIOS 00000002 VBOX 00029BF3)
[    0.090647] ACPI: FACS 0x000000007FFF0200 000040
[    0.090650] ACPI: FACS 0x000000007FFF0200 000040
[    0.090653] ACPI: APIC 0x000000007FFF0240 000054 (v02 VBOX   VBOXAPIC 00000001 ASL  00000061)
[    0.090657] ACPI: SSDT 0x000000007FFF02A0 000038 (v01 VBOX   VBOXCPUT 00000002 VBOX 00029BF3)
[    0.090660] ACPI: Reserving FACP table memory at [mem 0x7fff00f0-0x7fff01e3]
[    0.090661] ACPI: Reserving DSDT table memory at [mem 0x7fff02e0-0x7fff2632]
[    0.090661] ACPI: Reserving FACS table memory at [mem 0x7fff0200-0x7fff023f]
[    0.090662] ACPI: Reserving FACS table memory at [mem 0x7fff0200-0x7fff023f]
[    0.090663] ACPI: Reserving APIC table memory at [mem 0x7fff0240-0x7fff0293]
[    0.090663] ACPI: Reserving SSDT table memory at [mem 0x7fff02a0-0x7fff02d7]
[    0.090678] ACPI: Local APIC address 0xfee00000
[    0.090861] No NUMA configuration found
[    0.090862] Faking a node at [mem 0x0000000000000000-0x000000007ffeffff]
[    0.090872] NODE_DATA(0) allocated [mem 0x7ffc5000-0x7ffeffff]
[    0.091132] Zone ranges:
[    0.091133]   DMA      [mem 0x0000000000001000-0x0000000000ffffff]
[    0.091134]   DMA32    [mem 0x0000000001000000-0x000000007ffeffff]
[    0.091135]   Normal   empty
[    0.091136]   Device   empty
[    0.091137] Movable zone start for each node
[    0.091138] Early memory node ranges
[    0.091139]   node   0: [mem 0x0000000000001000-0x000000000009efff]
[    0.091140]   node   0: [mem 0x0000000000100000-0x000000007ffeffff]
[    0.091143] Zeroed struct page in unavailable ranges: 114 pages
[    0.091144] Initmem setup node 0 [mem 0x0000000000001000-0x000000007ffeffff]
[    0.091145] On node 0 totalpages: 524174
[    0.091146]   DMA zone: 64 pages used for memmap
[    0.091147]   DMA zone: 21 pages reserved
[    0.091148]   DMA zone: 3998 pages, LIFO batch:0
[    0.091217]   DMA32 zone: 8128 pages used for memmap
[    0.091218]   DMA32 zone: 520176 pages, LIFO batch:63
[    0.100159] ACPI: PM-Timer IO Port: 0x4008
[    0.100162] ACPI: Local APIC address 0xfee00000
[    0.100226] IOAPIC[0]: apic_id 1, version 32, address 0xfec00000, GSI 0-23
[    0.100229] ACPI: INT_SRC_OVR (bus 0 bus_irq 0 global_irq 2 dfl dfl)
[    0.100231] ACPI: INT_SRC_OVR (bus 0 bus_irq 9 global_irq 9 low level)
[    0.100232] ACPI: IRQ0 used by override.
[    0.100233] ACPI: IRQ9 used by override.
[    0.100236] Using ACPI (MADT) for SMP configuration information
[    0.100242] smpboot: Allowing 1 CPUs, 0 hotplug CPUs
[    0.100263] PM: Registered nosave memory: [mem 0x00000000-0x00000fff]
[    0.100264] PM: Registered nosave memory: [mem 0x0009f000-0x0009ffff]
[    0.100265] PM: Registered nosave memory: [mem 0x000a0000-0x000effff]
[    0.100265] PM: Registered nosave memory: [mem 0x000f0000-0x000fffff]
[    0.100267] [mem 0x80000000-0xfebfffff] available for PCI devices
[    0.100268] Booting paravirtualized kernel on KVM
[    0.100271] clocksource: refined-jiffies: mask: 0xffffffff max_cycles: 0xffffffff, max_idle_ns: 7645519600211568 ns
[    0.100275] setup_percpu: NR_CPUS:8192 nr_cpumask_bits:1 nr_cpu_ids:1 nr_node_ids:1
[    0.100881] percpu: Embedded 60 pages/cpu s208896 r8192 d28672 u2097152
[    0.100886] pcpu-alloc: s208896 r8192 d28672 u2097152 alloc=1*2097152
[    0.100886] pcpu-alloc: [0] 0 
[    0.100911] Built 1 zonelists, mobility grouping on.  Total pages: 515961
[    0.100912] Policy zone: DMA32
[    0.100913] Kernel command line: BOOT_IMAGE=/boot/vmlinuz-5.4.243-mptcp root=UUID=98415a12-53b7-4144-8265-0f7ece09e445 ro quiet splash
[    0.101484] Dentry cache hash table entries: 262144 (order: 9, 2097152 bytes, linear)
[    0.101631] Inode-cache hash table entries: 131072 (order: 8, 1048576 bytes, linear)
[    0.101680] mem auto-init: stack:off, heap alloc:on, heap free:off
[    0.101682] Calgary: detecting Calgary via BIOS EBDA area
[    0.101683] Calgary: Unable to locate Rio Grande table in EBDA - bailing!
[    0.105750] Memory: 1967332K/2096696K available (14339K kernel code, 2398K rwdata, 4712K rodata, 2728K init, 17260K bss, 129364K reserved, 0K cma-reserved)
[    0.106420] SLUB: HWalign=64, Order=0-3, MinObjects=0, CPUs=1, Nodes=1
[    0.106436] ftrace: allocating 43186 entries in 169 pages
[    0.124322] rcu: Hierarchical RCU implementation.
[    0.124324] rcu: 	RCU restricting CPUs from NR_CPUS=8192 to nr_cpu_ids=1.
[    0.124325] 	Tasks RCU enabled.
[    0.124326] rcu: RCU calculated value of scheduler-enlistment delay is 25 jiffies.
[    0.124327] rcu: Adjusting geometry for rcu_fanout_leaf=16, nr_cpu_ids=1
[    0.127308] NR_IRQS: 524544, nr_irqs: 256, preallocated irqs: 16
[    0.127561] random: crng init done
[    0.136960] Console: colour VGA+ 80x25
[    0.136964] printk: console [tty0] enabled
[    0.136982] ACPI: Core revision 20190816
[    0.137070] APIC: Switch to symmetric I/O mode setup
[    0.137323] x2apic enabled
[    0.137564] Switched APIC routing to physical x2apic.
[    0.138719] ..TIMER: vector=0x30 apic1=0 pin1=2 apic2=-1 pin2=-1
[    0.138745] clocksource: tsc-early: mask: 0xffffffffffffffff max_cycles: 0x1e4530a99b6, max_idle_ns: 440795257976 ns
[    0.138749] Calibrating delay loop (skipped) preset value.. 4200.00 BogoMIPS (lpj=8400000)
[    0.138752] pid_max: default: 32768 minimum: 301
[    0.138779] LSM: Security Framework initializing
[    0.138788] Yama: becoming mindful.
[    0.138813] AppArmor: AppArmor initialized
[    0.138845] Mount-cache hash table entries: 4096 (order: 3, 32768 bytes, linear)
[    0.138849] Mountpoint-cache hash table entries: 4096 (order: 3, 32768 bytes, linear)
[    0.138859] *** VALIDATE tmpfs ***
[    0.138986] *** VALIDATE proc ***
[    0.139024] *** VALIDATE cgroup1 ***
[    0.139025] *** VALIDATE cgroup2 ***
[    0.139163] process: using mwait in idle threads
[    0.139167] Last level iTLB entries: 4KB 64, 2MB 8, 4MB 8
[    0.139168] Last level dTLB entries: 4KB 64, 2MB 0, 4MB 0, 1GB 4
[    0.139188] Spectre V1 : Mitigation: usercopy/swapgs barriers and __user pointer sanitization
[    0.139193] Spectre V2 : Mitigation: Retpolines
[    0.139194] Spectre V2 : Spectre v2 / SpectreRSB mitigation: Filling RSB on context switch
[    0.139195] Spectre V2 : Spectre v2 / SpectreRSB : Filling RSB on VMEXIT
[    0.139195] RETBleed: WARNING: Spectre v2 mitigation leaves CPU vulnerable to RETBleed attacks, data leaks possible!
[    0.139550] RETBleed: Vulnerable
[    0.139551] Speculative Store Bypass: Vulnerable
[    0.139555] TAA: Mitigation: TSX disabled
[    0.139556] MMIO Stale Data: Mitigation: Clear CPU buffers
[    0.143739] Freeing SMP alternatives memory: 40K
[    0.254747] APIC calibration not consistent with PM-Timer: 96ms instead of 100ms
[    0.254747] APIC delta adjusted to PM-Timer: 6250250 (6062579)
[    0.254747] smpboot: CPU0: Intel(R) Xeon(R) Silver 4216 CPU @ 2.10GHz (family: 0x6, model: 0x55, stepping: 0x7)
[    0.254747] Performance Events: unsupported p6 CPU model 85 no PMU driver, software events only.
[    0.254747] rcu: Hierarchical SRCU implementation.
[    0.254747] NMI watchdog: Perf NMI watchdog permanently disabled
[    0.254747] smp: Bringing up secondary CPUs ...
[    0.254747] smp: Brought up 1 node, 1 CPU
[    0.254747] smpboot: Max logical packages: 1
[    0.254747] smpboot: Total of 1 processors activated (4200.00 BogoMIPS)
[    0.255323] devtmpfs: initialized
[    0.255365] x86/mm: Memory block size: 128MB
[    0.255698] clocksource: jiffies: mask: 0xffffffff max_cycles: 0xffffffff, max_idle_ns: 7645041785100000 ns
[    0.255702] futex hash table entries: 256 (order: 2, 16384 bytes, linear)
[    0.255743] pinctrl core: initialized pinctrl subsystem
[    0.255838] PM: RTC time: 20:47:21, date: 2026-01-14
[    0.255938] NET: Registered protocol family 16
[    0.256010] audit: initializing netlink subsys (disabled)
[    0.256134] EISA bus registered
[    0.256135] cpuidle: using governor ladder
[    0.256136] cpuidle: using governor menu
[    0.256170] ACPI: bus type PCI registered
[    0.256172] acpiphp: ACPI Hot Plug PCI Controller Driver version: 0.5
[    0.256263] PCI: Using configuration type 1 for base access
[    0.257942] audit: type=2000 audit(1768394846.952:1): state=initialized audit_enabled=0 res=1
[    0.258010] HugeTLB registered 2.00 MiB page size, pre-allocated 0 pages
[    0.258747] ACPI: Added _OSI(Module Device)
[    0.258747] ACPI: Added _OSI(Processor Device)
[    0.258747] ACPI: Added _OSI(3.0 _SCP Extensions)
[    0.258747] ACPI: Added _OSI(Processor Aggregator Device)
[    0.258747] ACPI: Added _OSI(Linux-Dell-Video)
[    0.258747] ACPI: Added _OSI(Linux-Lenovo-NV-HDMI-Audio)
[    0.258747] ACPI: Added _OSI(Linux-HPI-Hybrid-Graphics)
[    0.260684] ACPI: 2 ACPI AML tables successfully acquired and loaded
[    0.262260] ACPI: Interpreter enabled
[    0.262270] ACPI: (supports S0 S5)
[    0.262271] ACPI: Using IOAPIC for interrupt routing
[    0.262500] PCI: Using host bridge windows from ACPI; if necessary, use "pci=nocrs" and report a bug
[    0.262611] ACPI: Enabled 2 GPEs in block 00 to 07
[    0.267722] ACPI: PCI Root Bridge [PCI0] (domain 0000 [bus 00-ff])
[    0.267728] acpi PNP0A03:00: _OSC: OS supports [ASPM ClockPM Segments MSI HPX-Type3]
[    0.268210] acpi PNP0A03:00: _OSC: not requesting OS control; OS requires [ExtendedConfig ASPM ClockPM MSI]
[    0.268218] acpi PNP0A03:00: fail to add MMCONFIG information, can't access extended PCI configuration space under this bridge.
[    0.268597] PCI host bridge to bus 0000:00
[    0.268599] pci_bus 0000:00: root bus resource [io  0x0000-0x0cf7 window]
[    0.268600] pci_bus 0000:00: root bus resource [io  0x0d00-0xffff window]
[    0.268601] pci_bus 0000:00: root bus resource [mem 0x000a0000-0x000bffff window]
[    0.268603] pci_bus 0000:00: root bus resource [mem 0x80000000-0xfdffffff window]
[    0.268604] pci_bus 0000:00: root bus resource [bus 00-ff]
[    0.268650] pci 0000:00:00.0: [8086:1237] type 00 class 0x060000
[    0.269590] pci 0000:00:01.0: [8086:7000] type 00 class 0x060100
[    0.270370] pci 0000:00:01.1: [8086:7111] type 00 class 0x01018a
[    0.270747] pci 0000:00:01.1: reg 0x20: [io  0xd000-0xd00f]
[    0.270913] pci 0000:00:01.1: legacy IDE quirk: reg 0x10: [io  0x01f0-0x01f7]
[    0.270914] pci 0000:00:01.1: legacy IDE quirk: reg 0x14: [io  0x03f6]
[    0.270915] pci 0000:00:01.1: legacy IDE quirk: reg 0x18: [io  0x0170-0x0177]
[    0.270916] pci 0000:00:01.1: legacy IDE quirk: reg 0x1c: [io  0x0376]
[    0.271534] pci 0000:00:02.0: [15ad:0405] type 00 class 0x030000
[    0.274606] pci 0000:00:02.0: reg 0x10: [io  0xd010-0xd01f]
[    0.276706] pci 0000:00:02.0: reg 0x14: [mem 0xe0000000-0xe7ffffff pref]
[    0.280608] pci 0000:00:02.0: reg 0x18: [mem 0xf0000000-0xf01fffff]
[    0.291495] pci 0000:00:03.0: [1022:2000] type 00 class 0x020000
[    0.292158] pci 0000:00:03.0: reg 0x10: [io  0xd020-0xd03f]
[    0.292763] pci 0000:00:03.0: reg 0x14: [mem 0xf0200000-0xf0200fff]
[    0.296186] pci 0000:00:04.0: [80ee:cafe] type 00 class 0x088000
[    0.296848] pci 0000:00:04.0: reg 0x10: [io  0xd040-0xd05f]
[    0.297454] pci 0000:00:04.0: reg 0x14: [mem 0xf0400000-0xf07fffff]
[    0.298060] pci 0000:00:04.0: reg 0x18: [mem 0xf0800000-0xf0803fff pref]
[    0.301222] pci 0000:00:07.0: [8086:7113] type 00 class 0x068000
[    0.301637] pci 0000:00:07.0: quirk: [io  0x4000-0x403f] claimed by PIIX4 ACPI
[    0.301647] pci 0000:00:07.0: quirk: [io  0x4100-0x410f] claimed by PIIX4 SMB
[    0.302253] pci 0000:00:08.0: [8086:100e] type 00 class 0x020000
[    0.302859] pci 0000:00:08.0: reg 0x10: [mem 0xf0820000-0xf083ffff]
[    0.304000] pci 0000:00:08.0: reg 0x18: [io  0xd060-0xd067]
[    0.307263] pci 0000:00:09.0: [8086:100e] type 00 class 0x020000
[    0.307952] pci 0000:00:09.0: reg 0x10: [mem 0xf0840000-0xf085ffff]
[    0.309100] pci 0000:00:09.0: reg 0x18: [io  0xd068-0xd06f]
[    0.319761] ACPI: PCI Interrupt Link [LNKA] (IRQs 5 9 10 *11)
[    0.320043] ACPI: PCI Interrupt Link [LNKB] (IRQs 5 9 *10 11)
[    0.320150] ACPI: PCI Interrupt Link [LNKC] (IRQs 5 *9 10 11)
[    0.320252] ACPI: PCI Interrupt Link [LNKD] (IRQs 5 9 10 *11)
[    0.320478] iommu: Default domain type: Translated 
[    0.320535] pci 0000:00:02.0: vgaarb: setting as boot VGA device
[    0.320537] pci 0000:00:02.0: vgaarb: VGA device added: decodes=io+mem,owns=io+mem,locks=none
[    0.320539] pci 0000:00:02.0: vgaarb: bridge control possible
[    0.320539] vgaarb: loaded
[    0.320739] SCSI subsystem initialized
[    0.320771] libata version 3.00 loaded.
[    0.320796] ACPI: bus type USB registered
[    0.320810] usbcore: registered new interface driver usbfs
[    0.320816] usbcore: registered new interface driver hub
[    0.320821] usbcore: registered new device driver usb
[    0.320847] pps_core: LinuxPPS API ver. 1 registered
[    0.320848] pps_core: Software ver. 5.3.6 - Copyright 2005-2007 Rodolfo Giometti <giometti@linux.it>
[    0.320850] PTP clock support registered
[    0.320885] EDAC MC: Ver: 3.0.0
[    0.321152] PCI: Using ACPI for IRQ routing
[    0.321153] PCI: pci_cache_line_size set to 64 bytes
[    0.321324] e820: reserve RAM buffer [mem 0x0009fc00-0x0009ffff]
[    0.321327] e820: reserve RAM buffer [mem 0x7fff0000-0x7fffffff]
[    0.321852] NetLabel: Initializing
[    0.321853] NetLabel:  domain hash size = 128
[    0.321853] NetLabel:  protocols = UNLABELED CIPSOv4 CALIPSO
[    0.321871] NetLabel:  unlabeled traffic allowed by default
[    0.323582] clocksource: Switched to clocksource kvm-clock
[    0.336046] *** VALIDATE bpf ***
[    0.336100] VFS: Disk quotas dquot_6.6.0
[    0.336112] VFS: Dquot-cache hash table entries: 512 (order 0, 4096 bytes)
[    0.336133] *** VALIDATE ramfs ***
[    0.336136] *** VALIDATE hugetlbfs ***
[    0.336213] AppArmor: AppArmor Filesystem Enabled
[    0.336237] pnp: PnP ACPI init
[    0.336294] pnp 00:00: Plug and Play ACPI device, IDs PNP0303 (active)
[    0.336357] pnp 00:01: Plug and Play ACPI device, IDs PNP0f03 (active)
[    0.337101] pnp: PnP ACPI: found 2 devices
[    0.338042] thermal_sys: Registered thermal governor 'fair_share'
[    0.338043] thermal_sys: Registered thermal governor 'bang_bang'
[    0.338043] thermal_sys: Registered thermal governor 'step_wise'
[    0.338044] thermal_sys: Registered thermal governor 'user_space'
[    0.338044] thermal_sys: Registered thermal governor 'power_allocator'
[    0.342555] clocksource: acpi_pm: mask: 0xffffff max_cycles: 0xffffff, max_idle_ns: 2085701024 ns
[    0.342595] pci_bus 0000:00: resource 4 [io  0x0000-0x0cf7 window]
[    0.342596] pci_bus 0000:00: resource 5 [io  0x0d00-0xffff window]
[    0.342598] pci_bus 0000:00: resource 6 [mem 0x000a0000-0x000bffff window]
[    0.342599] pci_bus 0000:00: resource 7 [mem 0x80000000-0xfdffffff window]
[    0.342655] NET: Registered protocol family 2
[    0.342725] IP idents hash table entries: 32768 (order: 6, 262144 bytes, linear)
[    0.343115] MPTCP tokens hash table entries: 8192 (order: 4, 65536 bytes, linear)
[    0.343134] MPTCP request tokens hash table entries: 8192 (order: 4, 65536 bytes, linear)
[    0.343160] default registered
[    0.343160] default registered
[    0.343161] MPTCP: Stable release v0.96
[    0.343166] tcp_listen_portaddr_hash hash table entries: 1024 (order: 2, 16384 bytes, linear)
[    0.343242] TCP established hash table entries: 16384 (order: 5, 131072 bytes, linear)
[    0.343296] TCP bind hash table entries: 16384 (order: 6, 262144 bytes, linear)
[    0.343296] TCP: Hash tables configured (established 16384 bind 16384)
[    0.343877] UDP hash table entries: 1024 (order: 3, 32768 bytes, linear)
[    0.343889] UDP-Lite hash table entries: 1024 (order: 3, 32768 bytes, linear)
[    0.343922] NET: Registered protocol family 1
[    0.343930] NET: Registered protocol family 44
[    0.343949] pci 0000:00:00.0: Limiting direct PCI/PCI transfers
[    0.343962] pci 0000:00:01.0: Activating ISA DMA hang workarounds
[    0.344019] pci 0000:00:02.0: Video device with shadowed ROM at [mem 0x000c0000-0x000dffff]
[    0.344083] PCI: CLS 0 bytes, default 64
[    0.344126] Trying to unpack rootfs image as initramfs...
[    0.487908] Freeing initrd memory: 47868K
[    0.487908] clocksource: tsc: mask: 0xffffffffffffffff max_cycles: 0x1e4530a99b6, max_idle_ns: 440795257976 ns
[    0.487908] clocksource: Switched to clocksource tsc
[    0.487908] platform rtc_cmos: registered platform RTC device (no PNP device found)
[    0.487908] check: Scanning for low memory corruption every 60 seconds
[    0.487908] Initialise system trusted keyrings
[    0.487908] Key type blacklist registered
[    0.487908] workingset: timestamp_bits=36 max_order=19 bucket_order=0
[    0.487908] zbud: loaded
[    0.487908] squashfs: version 4.0 (2009/01/31) Phillip Lougher
[    0.487908] fuse: init (API version 7.31)
[    0.487908] *** VALIDATE fuse ***
[    0.487908] *** VALIDATE fuse ***
[    0.487908] Platform Keyring initialized
[    0.503062] Key type asymmetric registered
[    0.503063] Asymmetric key parser 'x509' registered
[    0.503074] Block layer SCSI generic (bsg) driver version 0.4 loaded (major 244)
[    0.503113] io scheduler mq-deadline registered
[    0.503233] shpchp: Standard Hot Plug PCI Controller Driver version: 0.4
[    0.503477] ACPI: AC Adapter [AC] (on-line)
[    0.503520] input: Power Button as /devices/LNXSYSTM:00/LNXPWRBN:00/input/input0
[    0.503549] ACPI: Power Button [PWRF]
[    0.503623] input: Sleep Button as /devices/LNXSYSTM:00/LNXSLPBN:00/input/input1
[    0.503637] ACPI: Sleep Button [SLPF]
[    0.503861] Serial: 8250/16550 driver, 32 ports, IRQ sharing enabled
[    0.505022] Linux agpgart interface v0.103
[    0.599251] loop: module loaded
[    0.599421] ata_piix 0000:00:01.1: version 2.13
[    0.599937] scsi host0: ata_piix
[    0.600053] scsi host1: ata_piix
[    0.600090] ata1: PATA max UDMA/33 cmd 0x1f0 ctl 0x3f6 bmdma 0xd000 irq 14
[    0.600091] ata2: PATA max UDMA/33 cmd 0x170 ctl 0x376 bmdma 0xd008 irq 15
[    0.600191] tun: Universal TUN/TAP device driver, 1.6
[    0.600547] PPP generic driver version 2.4.2
[    0.600600] VFIO - User Level meta-driver version: 0.3
[    0.600882] ehci_hcd: USB 2.0 'Enhanced' Host Controller (EHCI) Driver
[    0.600887] ehci-pci: EHCI PCI platform driver
[    0.600903] ehci-platform: EHCI generic platform driver
[    0.600911] ohci_hcd: USB 1.1 'Open' Host Controller (OHCI) Driver
[    0.600913] ohci-pci: OHCI PCI platform driver
[    0.600922] ohci-platform: OHCI generic platform driver
[    0.600928] uhci_hcd: USB Universal Host Controller Interface driver
[    0.601008] i8042: PNP: PS/2 Controller [PNP0303:PS2K,PNP0f03:PS2M] at 0x60,0x64 irq 1,12
[    0.601536] serio: i8042 KBD port at 0x60,0x64 irq 1
[    0.601541] serio: i8042 AUX port at 0x60,0x64 irq 12
[    0.601655] mousedev: PS/2 mouse device common for all mice
[    0.601967] input: AT Translated Set 2 keyboard as /devices/platform/i8042/serio0/input/input2
[    0.602568] rtc_cmos rtc_cmos: registered as rtc0
[    0.602585] rtc_cmos rtc_cmos: alarms up to one day, 114 bytes nvram
[    0.602592] i2c /dev entries driver
[    0.602648] device-mapper: uevent: version 1.0.3
[    0.602704] device-mapper: ioctl: 4.41.0-ioctl (2019-09-16) initialised: dm-devel@redhat.com
[    0.602724] platform eisa.0: Probing EISA bus 0
[    0.602726] platform eisa.0: EISA: Cannot allocate resource for mainboard
[    0.602727] platform eisa.0: Cannot allocate resource for EISA slot 1
[    0.602728] platform eisa.0: Cannot allocate resource for EISA slot 2
[    0.602730] platform eisa.0: Cannot allocate resource for EISA slot 3
[    0.602731] platform eisa.0: Cannot allocate resource for EISA slot 4
[    0.602732] platform eisa.0: Cannot allocate resource for EISA slot 5
[    0.602734] platform eisa.0: Cannot allocate resource for EISA slot 6
[    0.602735] platform eisa.0: Cannot allocate resource for EISA slot 7
[    0.602736] platform eisa.0: Cannot allocate resource for EISA slot 8
[    0.602737] platform eisa.0: EISA: Detected 0 cards
[    0.602741] intel_pstate: CPU model not supported
[    0.602751] ledtrig-cpu: registered to indicate activity on CPUs
[    0.602840] drop_monitor: Initializing network drop monitor service
[    0.603047] NET: Registered protocol family 10
[    0.610236] Segment Routing with IPv6
[    0.610238] fullmesh registered
[    0.610238] ndiffports registered
[    0.610238] binder registered
[    0.610238] roundrobin registered
[    0.610238] redundant registered
[    0.610238] blest registered
[    0.610238] ecf registered
[    0.610238] NET: Registered protocol family 17
[    0.610238] Key type dns_resolver registered
[    0.610238] RAS: Correctable Errors collector initialized.
[    0.610238] IPI shorthand broadcast: enabled
[    0.610238] sched_clock: Marking stable (595042910, 11195124)->(607629107, -1391073)
[    0.610545] registered taskstats version 1
[    0.610556] Loading compiled-in X.509 certificates
[    0.611497] Loaded X.509 cert 'Build time autogenerated kernel key: 6909f3744cebb3d0de528d5887b96a727de79b1e'
[    0.611518] zswap: loaded using pool lzo/zbud
[    0.611583] Key type ._fscrypt registered
[    0.611583] Key type .fscrypt registered
[    0.617607] Key type big_key registered
[    0.620589] Key type encrypted registered
[    0.620592] AppArmor: AppArmor sha1 policy hashing enabled
[    0.620602] ima: No TPM chip found, activating TPM-bypass!
[    0.620606] ima: Allocated hash algorithm: sha1
[    0.620612] ima: No architecture policies found
[    0.620624] evm: Initialising EVM extended attributes:
[    0.620624] evm: security.selinux
[    0.620625] evm: security.SMACK64
[    0.620625] evm: security.SMACK64EXEC
[    0.620626] evm: security.SMACK64TRANSMUTE
[    0.620627] evm: security.SMACK64MMAP
[    0.620627] evm: security.apparmor
[    0.620628] evm: security.ima
[    0.620628] evm: security.capability
[    0.620629] evm: HMAC attrs: 0x1
[    0.620979] PM:   Magic number: 10:379:801
[    0.621011] acpi PNP0F03:00: hash matches
[    0.621118] rtc_cmos rtc_cmos: setting system clock to 2026-01-14T20:47:21 UTC (1768423641)
[    0.771167] ata1.00: ATA-6: VBOX HARDDISK, 1.0, max UDMA/133
[    0.771169] ata1.00: 209715200 sectors, multi 128: LBA 
[    0.771660] scsi 0:0:0:0: Direct-Access     ATA      VBOX HARDDISK    1.0  PQ: 0 ANSI: 5
[    0.771863] sd 0:0:0:0: [sda] 209715200 512-byte logical blocks: (107 GB/100 GiB)
[    0.771873] sd 0:0:0:0: [sda] Write Protect is off
[    0.771875] sd 0:0:0:0: [sda] Mode Sense: 00 3a 00 00
[    0.771890] sd 0:0:0:0: [sda] Write cache: enabled, read cache: enabled, doesn't support DPO or FUA
[    0.772113] sd 0:0:0:0: Attached scsi generic sg0 type 0
[    0.772763]  sda: sda1 sda2
[    0.783341] sd 0:0:0:0: [sda] Attached SCSI disk
[    0.785778] Freeing unused decrypted memory: 2040K
[    0.786572] Freeing unused kernel image memory: 2728K
[    0.786574] Write protecting the kernel read-only data: 22528k
[    0.787367] Freeing unused kernel image memory: 2036K
[    0.787804] Freeing unused kernel image memory: 1432K
[    0.806794] x86/mm: Checked W+X mappings: passed, no W+X pages found.
[    0.806797] Run /init as init process
[    0.919187] ACPI: Video Device [GFX0] (multi-head: yes  rom: no  post: no)
[    0.919254] input: Video Bus as /devices/LNXSYSTM:00/LNXSYBUS:00/PNP0A03:00/LNXVIDEO:00/input/input4
[    0.929339] piix4_smbus 0000:00:07.0: SMBus Host Controller at 0x4100, revision 0
[    0.931805] e1000: Intel(R) PRO/1000 Network Driver - version 7.3.21-k8-NAPI
[    0.931806] e1000: Copyright (c) 1999-2006 Intel Corporation.
[    0.935331] pcnet32: pcnet32.c:v1.35 21.Apr.2008 tsbogend@alpha.franken.de
[    0.948383] pcnet32: PCnet/FAST III 79C973 at 0xd020, 08:00:27:d0:85:50 assigned IRQ 19
[    0.948427] pcnet32: Found PHY 0022:561b at address 0
[    0.948721] pcnet32: eth0: registered as PCnet/FAST III 79C973
[    0.948741] pcnet32: 1 cards_found
[    1.000469] pcnet32 0000:00:03.0 enp0s3: renamed from eth0
[    1.156708] input: ImExPS/2 Generic Explorer Mouse as /devices/platform/i8042/serio1/input/input5
[    1.339437] e1000 0000:00:08.0 eth0: (PCI:33MHz:32-bit) 08:00:27:7e:6f:5b
[    1.339440] e1000 0000:00:08.0 eth0: Intel(R) PRO/1000 Network Connection
[    1.711523] e1000 0000:00:09.0 eth1: (PCI:33MHz:32-bit) 08:00:27:9c:87:4e
[    1.711525] e1000 0000:00:09.0 eth1: Intel(R) PRO/1000 Network Connection
[    1.712625] e1000 0000:00:09.0 enp0s9: renamed from eth1
[    1.714403] e1000 0000:00:08.0 enp0s8: renamed from eth0
[    1.864920] EXT4-fs (sda2): mounted filesystem with ordered data mode. Opts: (null)
[    1.960510] systemd[1]: Inserted module 'autofs4'
[    1.972853] systemd[1]: systemd 245.4-4ubuntu3 running in system mode. (+PAM +AUDIT +SELINUX +IMA +APPARMOR +SMACK +SYSVINIT +UTMP +LIBCRYPTSETUP +GCRYPT +GNUTLS +ACL +XZ +LZ4 +SECCOMP +BLKID +ELFUTILS +KMOD +IDN2 -IDN +PCRE2 default-hierarchy=hybrid)
[    1.972883] systemd[1]: Detected virtualization oracle.
[    1.972886] systemd[1]: Detected architecture x86-64.
[    1.974152] systemd[1]: Set hostname to <ztg>.
[    2.099957] systemd[1]: /lib/systemd/system/dbus.socket:5: ListenStream= references a path below legacy directory /var/run/, updating /var/run/dbus/system_bus_socket â†’ /run/dbus/system_bus_socket; please update the unit file accordingly.
[    2.152332] systemd[1]: Created slice system-modprobe.slice.
[    2.152514] systemd[1]: Created slice User and Session Slice.
[    2.152558] systemd[1]: Started Forward Password Requests to Wall Directory Watch.
[    2.152717] systemd[1]: Set up automount Arbitrary Executable File Formats File System Automount Point.
[    2.152749] systemd[1]: Reached target User and Group Name Lookups.
[    2.152758] systemd[1]: Reached target Remote File Systems.
[    2.152766] systemd[1]: Reached target Slices.
[    2.153288] systemd[1]: Listening on Syslog Socket.
[    2.153357] systemd[1]: Listening on fsck to fsckd communication Socket.
[    2.153394] systemd[1]: Listening on initctl Compatibility Named Pipe.
[    2.153526] systemd[1]: Listening on Journal Audit Socket.
[    2.153579] systemd[1]: Listening on Journal Socket (/dev/log).
[    2.153644] systemd[1]: Listening on Journal Socket.
[    2.153707] systemd[1]: Listening on udev Control Socket.
[    2.153746] systemd[1]: Listening on udev Kernel Socket.
[    2.154482] systemd[1]: Mounting Huge Pages File System...
[    2.155414] systemd[1]: Mounting POSIX Message Queue File System...
[    2.156278] systemd[1]: Mounting Kernel Debug File System...
[    2.157066] systemd[1]: Mounting Kernel Trace File System...
[    2.158985] systemd[1]: Starting Journal Service...
[    2.181220] systemd[1]: Starting Set the console keyboard layout...
[    2.189583] systemd[1]: Starting Create list of static device nodes for the current kernel...
[    2.191618] systemd[1]: Starting Load Kernel Module drm...
[    2.192598] systemd[1]: Condition check resulted in Set Up Additional Binary Formats being skipped.
[    2.192678] systemd[1]: Condition check resulted in File System Check on Root Device being skipped.
[    2.203405] systemd[1]: Starting Load Kernel Modules...
[    2.211286] systemd[1]: Starting Remount Root and Kernel File Systems...
[    2.220822] systemd[1]: Starting udev Coldplug all Devices...
[    2.231757] systemd[1]: Starting Uncomplicated firewall...
[    2.232906] systemd[1]: Mounted Huge Pages File System.
[    2.232990] systemd[1]: Mounted POSIX Message Queue File System.
[    2.233056] systemd[1]: Mounted Kernel Debug File System.
[    2.233122] systemd[1]: Mounted Kernel Trace File System.
[    2.238649] EXT4-fs (sda2): re-mounted. Opts: errors=remount-ro
[    2.244347] systemd[1]: Finished Create list of static device nodes for the current kernel.
[    2.245331] systemd[1]: modprobe@drm.service: Succeeded.
[    2.260479] systemd[1]: Finished Load Kernel Module drm.
[    2.260828] systemd[1]: Finished Remount Root and Kernel File Systems.
[    2.266783] systemd[1]: Finished Uncomplicated firewall.
[    2.268610] systemd[1]: Condition check resulted in Rebuild Hardware Database being skipped.
[    2.268668] systemd[1]: Condition check resulted in Platform Persistent Storage Archival being skipped.
[    2.300661] systemd[1]: Starting Load/Save Random Seed...
[    2.307485] lp: driver loaded but no devices found
[    2.309267] systemd[1]: Starting Create System Users...
[    2.317619] systemd[1]: Finished Load/Save Random Seed.
[    2.318984] ppdev: user-space parallel port driver
[    2.326975] systemd[1]: Finished Create System Users.
[    2.327782] systemd[1]: Starting Create Static Device Nodes in /dev...
[    2.370457] systemd[1]: Finished udev Coldplug all Devices.
[    2.371516] systemd[1]: Finished Create Static Device Nodes in /dev.
[    2.372282] systemd[1]: Starting udev Kernel Device Manager...
[    2.400772] [drm] DMA map mode: Caching DMA mappings.
[    2.400834] [drm] Capabilities:
[    2.400834] [drm]   Rect copy.
[    2.400834] [drm]   Cursor.
[    2.400835] [drm]   Cursor bypass.
[    2.400835] [drm]   Cursor bypass 2.
[    2.400835] [drm]   Alpha cursor.
[    2.400836] [drm]   Extended Fifo.
[    2.400836] [drm]   Pitchlock.
[    2.400836] [drm]   Irq mask.
[    2.400837] [drm]   GMR.
[    2.400837] [drm]   Traces.
[    2.400837] [drm]   GMR2.
[    2.400838] [drm]   Screen Object 2.
[    2.400838] [drm]   Command Buffers.
[    2.400839] [drm]   Command Buffers 2.
[    2.400839] [drm]   Guest Backed Resources.
[    2.400840] [drm] Max GMR ids is 8192
[    2.400841] [drm] Max number of GMR pages is 1048576
[    2.400841] [drm] Max dedicated hypervisor surface memory is 393216 kiB
[    2.400842] [drm] Maximum display memory size is 131072 kiB
[    2.400842] [drm] VRAM at 0xe0000000 size is 131072 kiB
[    2.400843] [drm] MMIO at 0xf0000000 size is 2048 kiB
[    2.401826] [TTM] Zone  kernel: Available graphics memory: 1011738 KiB
[    2.401826] [TTM] Initializing pool allocator
[    2.401829] [TTM] Initializing DMA pool allocator
[    2.401857] [drm] Supports vblank timestamp caching Rev 2 (21.10.2013).
[    2.401857] [drm] No driver support for vblank timestamp query.
[    2.402083] [drm] Screen Target Display device initialized
[    2.402294] [drm] width 720
[    2.402303] [drm] height 400
[    2.402307] [drm] bpp 32
[    2.402599] [drm] Fifo max 0x00200000 min 0x00001000 cap 0x00000355
[    2.404721] [drm] Using command buffers with DMA pool.
[    2.404724] [drm] DX: no.
[    2.404725] [drm] Atomic: yes.
[    2.404725] [drm] SM4_1: no.
[    2.404744] [drm:vmw_host_log [vmwgfx]] *ERROR* Failed to send host log message.
[    2.405651] [drm:vmw_host_log [vmwgfx]] *ERROR* Failed to send host log message.
[    2.416292] fbcon: svgadrmfb (fb0) is primary device
[    2.420156] Console: switching to colour frame buffer device 100x37
[    2.424720] [drm] Initialized vmwgfx 2.15.0 20180704 for 0000:00:02.0 on minor 0
[    2.425665] systemd[1]: Finished Load Kernel Modules.
[    2.426561] systemd[1]: Mounting FUSE Control File System...
[    2.429392] systemd[1]: Mounting Kernel Configuration File System...
[    2.466104] systemd[1]: Starting Apply Kernel Variables...
[    2.466807] systemd[1]: Mounted FUSE Control File System.
[    2.466895] systemd[1]: Mounted Kernel Configuration File System.
[    2.466944] systemd[1]: Condition check resulted in VMware vmblock fuse mount being skipped.
[    2.479789] systemd[1]: Finished Set the console keyboard layout.
[    2.479872] systemd[1]: Reached target Local File Systems (Pre).
[    2.483884] systemd[1]: Mounting Mount unit for bare, revision 5...
[    2.486091] systemd[1]: Mounting Mount unit for core18, revision 1705...
[    2.494139] systemd[1]: Mounting Mount unit for gnome-3-34-1804, revision 24...
[    2.511896] systemd[1]: Mounting Mount unit for gtk-common-themes, revision 1506...
[    2.522963] systemd[1]: Mounting Mount unit for gtk-common-themes, revision 1535...
[    2.528745] systemd[1]: Mounting Mount unit for snap-store, revision 433...
[    2.537996] systemd[1]: Mounting Mount unit for snapd, revision 25935...
[    2.566650] systemd[1]: Finished Apply Kernel Variables.
[    2.568678] systemd[1]: Mounted Mount unit for bare, revision 5.
[    2.568763] systemd[1]: Mounted Mount unit for core18, revision 1705.
[    2.573590] systemd[1]: Mounted Mount unit for gnome-3-34-1804, revision 24.
[    2.576752] systemd[1]: Started udev Kernel Device Manager.
[    2.577401] systemd[1]: Starting Show Plymouth Boot Screen...
[    2.581164] systemd[1]: Received SIGRTMIN+20 from PID 271 (plymouthd).
[    2.583824] systemd[1]: Mounted Mount unit for gtk-common-themes, revision 1506.
[    2.609610] systemd[1]: Mounted Mount unit for gtk-common-themes, revision 1535.
[    2.609856] systemd[1]: Started Show Plymouth Boot Screen.
[    2.610027] systemd[1]: Condition check resulted in Dispatch Password Requests to Console Directory Watch being skipped.
[    2.610101] systemd[1]: Started Forward Password Requests to Plymouth Directory Watch.
[    2.610176] systemd[1]: Reached target Local Encrypted Volumes.
[    2.642628] systemd[1]: Mounted Mount unit for snap-store, revision 433.
[    2.642839] systemd[1]: Mounted Mount unit for snapd, revision 25935.
[    2.642985] systemd[1]: Reached target Local File Systems.
[    2.643705] systemd[1]: Starting Load AppArmor profiles...
[    2.645213] systemd[1]: Starting Set console font and keymap...
[    2.657743] systemd[1]: Starting Tell Plymouth To Write Out Runtime Data...
[    2.657821] systemd[1]: Condition check resulted in Store a System Token in an EFI Variable being skipped.
[    2.657848] systemd[1]: Condition check resulted in Commit a transient machine-id on disk being skipped.
[    2.659451] systemd[1]: Finished Set console font and keymap.
[    2.666728] systemd[1]: Received SIGRTMIN+20 from PID 271 (plymouthd).
[    2.667843] systemd[1]: plymouth-read-write.service: Succeeded.
[    2.668079] systemd[1]: Finished Tell Plymouth To Write Out Runtime Data.
[    2.694299] audit: type=1400 audit(1768423643.568:2): apparmor="STATUS" operation="profile_load" profile="unconfined" name="nvidia_modprobe" pid=300 comm="apparmor_parser"
[    2.694301] audit: type=1400 audit(1768423643.568:3): apparmor="STATUS" operation="profile_load" profile="unconfined" name="nvidia_modprobe//kmod" pid=300 comm="apparmor_parser"
[    2.702618] audit: type=1400 audit(1768423643.576:4): apparmor="STATUS" operation="profile_load" profile="unconfined" name="/usr/sbin/tcpdump" pid=301 comm="apparmor_parser"
[    2.756254] audit: type=1400 audit(1768423643.628:5): apparmor="STATUS" operation="profile_load" profile="unconfined" name="/usr/bin/evince" pid=303 comm="apparmor_parser"
[    2.756256] audit: type=1400 audit(1768423643.628:6): apparmor="STATUS" operation="profile_load" profile="unconfined" name="/usr/bin/evince//sanitized_helper" pid=303 comm="apparmor_parser"
[    2.756257] audit: type=1400 audit(1768423643.628:7): apparmor="STATUS" operation="profile_load" profile="unconfined" name="/usr/bin/evince-previewer" pid=303 comm="apparmor_parser"
[    2.756260] audit: type=1400 audit(1768423643.628:8): apparmor="STATUS" operation="profile_load" profile="unconfined" name="/usr/bin/evince-previewer//sanitized_helper" pid=303 comm="apparmor_parser"
[    2.756261] audit: type=1400 audit(1768423643.628:9): apparmor="STATUS" operation="profile_load" profile="unconfined" name="/usr/bin/evince-thumbnailer" pid=303 comm="apparmor_parser"
[    2.766876] audit: type=1400 audit(1768423643.640:10): apparmor="STATUS" operation="profile_load" profile="unconfined" name="/usr/lib/cups/backend/cups-pdf" pid=304 comm="apparmor_parser"
[    2.844566] systemd[1]: Finished Load AppArmor profiles.
[    2.845469] systemd[1]: Starting Load AppArmor profiles managed internally by snapd...
[    2.955850] systemd[1]: Finished Load AppArmor profiles managed internally by snapd.
[    3.136767] systemd[1]: Started Journal Service.
[    3.144205] systemd-journald[229]: Received client request to flush runtime journal.
[    3.148267] systemd-journald[229]: File /var/log/journal/c455b248004a419c87ce85eea238d727/system.journal corrupted or uncleanly shut down, renaming and replacing.
[    4.399286] RAPL PMU: API unit is 2^-32 Joules, 0 fixed counters, 10737418240 ms ovfl timer
[    4.474210] cryptd: max_cpu_qlen set to 1000
[    4.528104] AVX2 version of gcm_enc/dec engaged.
[    4.528105] AES CTR mode by8 optimization enabled
[    6.341546] Adding 1998844k swap on /dev/sda1.  Priority:-2 extents:1 across:1998844k FS
[    7.633671] kauditd_printk_skb: 30 callbacks suppressed
[    7.633672] audit: type=1400 audit(1768423648.504:41): apparmor="DENIED" operation="capable" profile="/usr/sbin/cups-browsed" pid=509 comm="cups-browsed" capability=23  capname="sys_nice"
[    8.727141] pcnet32 0000:00:03.0 enp0s3: link up, 100Mbps, full-duplex
[    8.764761] e1000: enp0s8 NIC Link is Up 1000 Mbps Full Duplex, Flow Control: RX
[    8.765435] IPv6: ADDRCONF(NETDEV_CHANGE): enp0s8: link becomes ready
[    8.787298] e1000: enp0s9 NIC Link is Up 1000 Mbps Full Duplex, Flow Control: RX
[    8.787615] IPv6: ADDRCONF(NETDEV_CHANGE): enp0s9: link becomes ready
[    9.426402] device enp0s3 entered promiscuous mode
[    9.446243] audit: type=1400 audit(1768423650.324:42): apparmor="DENIED" operation="open" profile="/usr/sbin/tcpdump" name="/proc/sys/kernel/random/boot_id" pid=641 comm="tcpdump" requested_mask="r" denied_mask="r" fsuid=0 ouid=0
[    9.446915] audit: type=1400 audit(1768423650.324:43): apparmor="DENIED" operation="open" profile="/usr/sbin/tcpdump" name="/proc/sys/kernel/random/boot_id" pid=641 comm="tcpdump" requested_mask="r" denied_mask="r" fsuid=0 ouid=0
[    9.446956] audit: type=1400 audit(1768423650.324:44): apparmor="DENIED" operation="open" profile="/usr/sbin/tcpdump" name="/proc/sys/kernel/random/boot_id" pid=641 comm="tcpdump" requested_mask="r" denied_mask="r" fsuid=0 ouid=0
[    9.447058] audit: type=1400 audit(1768423650.324:45): apparmor="DENIED" operation="open" profile="/usr/sbin/tcpdump" name="/proc/sys/kernel/random/boot_id" pid=641 comm="tcpdump" requested_mask="r" denied_mask="r" fsuid=0 ouid=0
[    9.452415] audit: type=1400 audit(1768423650.324:46): apparmor="DENIED" operation="open" profile="/usr/sbin/tcpdump" name="/proc/sys/kernel/random/boot_id" pid=642 comm="tcpdump" requested_mask="r" denied_mask="r" fsuid=0 ouid=0
[    9.456881] audit: type=1400 audit(1768423650.324:47): apparmor="DENIED" operation="open" profile="/usr/sbin/tcpdump" name="/proc/sys/kernel/random/boot_id" pid=642 comm="tcpdump" requested_mask="r" denied_mask="r" fsuid=0 ouid=0
[    9.456921] audit: type=1400 audit(1768423650.324:48): apparmor="DENIED" operation="open" profile="/usr/sbin/tcpdump" name="/proc/sys/kernel/random/boot_id" pid=642 comm="tcpdump" requested_mask="r" denied_mask="r" fsuid=0 ouid=0
[    9.456938] audit: type=1400 audit(1768423650.324:49): apparmor="DENIED" operation="open" profile="/usr/sbin/tcpdump" name="/proc/sys/kernel/random/boot_id" pid=642 comm="tcpdump" requested_mask="r" denied_mask="r" fsuid=0 ouid=0
[   15.287695] rfkill: input handler disabled
[  449.830523] rfkill: input handler enabled
[  458.806910] rfkill: input handler disabled
[  618.697615] device enp0s3 left promiscuous mode
