[    0.000000] Linux version 5.4.243-mptcp (root@ztg) (gcc version 12.2.0 (Debian 12.2.0-14+deb12u1)) #53 SMP Wed Dec 24 23:28:15 CST 2025
[    0.000000] Command line: BOOT_IMAGE=/boot/vmlinuz-5.4.243-mptcp root=UUID=98415a12-53b7-4144-8265-0f7ece09e445 ro quiet splash
[    0.000000] KERNEL supported cpus:
[    0.000000]   Intel GenuineIntel
[    0.000000]   AMD AuthenticAMD
[    0.000000]   Hygon HygonGenuine
[    0.000000]   Centaur CentaurHauls
[    0.000000]   zhaoxin   Shanghai  
[    0.000000] x86/fpu: Supporting XSAVE feature 0x001: 'x87 floating point registers'
[    0.000000] x86/fpu: Supporting XSAVE feature 0x002: 'SSE registers'
[    0.000000] x86/fpu: Supporting XSAVE feature 0x004: 'AVX registers'
[    0.000000] x86/fpu: xstate_offset[2]:  576, xstate_sizes[2]:  256
[    0.000000] x86/fpu: Enabled xstate features 0x7, context size is 832 bytes, using 'standard' format.
[    0.000000] BIOS-provided physical RAM map:
[    0.000000] BIOS-e820: [mem 0x0000000000000000-0x000000000009fbff] usable
[    0.000000] BIOS-e820: [mem 0x000000000009fc00-0x000000000009ffff] reserved
[    0.000000] BIOS-e820: [mem 0x00000000000f0000-0x00000000000fffff] reserved
[    0.000000] BIOS-e820: [mem 0x0000000000100000-0x000000007ffeffff] usable
[    0.000000] BIOS-e820: [mem 0x000000007fff0000-0x000000007fffffff] ACPI data
[    0.000000] BIOS-e820: [mem 0x00000000fec00000-0x00000000fec00fff] reserved
[    0.000000] BIOS-e820: [mem 0x00000000fee00000-0x00000000fee00fff] reserved
[    0.000000] BIOS-e820: [mem 0x00000000fffc0000-0x00000000ffffffff] reserved
[    0.000000] NX (Execute Disable) protection: active
[    0.000000] SMBIOS 2.5 present.
[    0.000000] DMI: innotek GmbH VirtualBox/VirtualBox, BIOS VirtualBox 12/01/2006
[    0.000000] Hypervisor detected: KVM
[    0.000000] kvm-clock: Using msrs 4b564d01 and 4b564d00
[    0.000000] kvm-clock: cpu 0, msr 7b601001, primary cpu clock
[    0.000000] kvm-clock: using sched offset of 4468723253 cycles
[    0.000003] clocksource: kvm-clock: mask: 0xffffffffffffffff max_cycles: 0x1cd42e4dffb, max_idle_ns: 881590591483 ns
[    0.000005] tsc: Detected 2100.000 MHz processor
[    0.001848] e820: update [mem 0x00000000-0x00000fff] usable ==> reserved
[    0.001850] e820: remove [mem 0x000a0000-0x000fffff] usable
[    0.001854] last_pfn = 0x7fff0 max_arch_pfn = 0x400000000
[    0.001921] MTRR default type: uncachable
[    0.001923] MTRR fixed ranges enabled:
[    0.001924]   00000-9FFFF write-back
[    0.001925]   A0000-BFFFF uncachable
[    0.001925]   C0000-FFFFF write-protect
[    0.001926] MTRR variable ranges enabled:
[    0.001927]   0 base 000000000000 mask 3FFF80000000 write-back
[    0.001928]   1 disabled
[    0.001929]   2 disabled
[    0.001929]   3 disabled
[    0.001929]   4 disabled
[    0.001930]   5 disabled
[    0.001930]   6 disabled
[    0.001931]   7 disabled
[    0.001931]   8 disabled
[    0.001931]   9 disabled
[    0.001932]   10 disabled
[    0.001932]   11 disabled
[    0.001933]   12 disabled
[    0.001933]   13 disabled
[    0.001934]   14 disabled
[    0.001934]   15 disabled
[    0.001951] x86/PAT: Configuration [0-7]: WB  WC  UC- UC  WB  WP  UC- WT  
[    0.002083] found SMP MP-table at [mem 0x0009fff0-0x0009ffff]
[    0.092192] check: Scanning 1 areas for low memory corruption
[    0.092425] RAMDISK: [mem 0x32271000-0x3512ffff]
[    0.092433] ACPI: Early table checksum verification disabled
[    0.092439] ACPI: RSDP 0x00000000000E0000 000024 (v02 VBOX  )
[    0.092443] ACPI: XSDT 0x000000007FFF0030 00003C (v01 VBOX   VBOXXSDT 00000001 ASL  00000061)
[    0.092450] ACPI: FACP 0x000000007FFF00F0 0000F4 (v04 VBOX   VBOXFACP 00000001 ASL  00000061)
[    0.092456] ACPI: DSDT 0x000000007FFF02E0 002353 (v02 VBOX   VBOXBIOS 00000002 VBOX 00029BF3)
[    0.092460] ACPI: FACS 0x000000007FFF0200 000040
[    0.092464] ACPI: FACS 0x000000007FFF0200 000040
[    0.092467] ACPI: APIC 0x000000007FFF0240 000054 (v02 VBOX   VBOXAPIC 00000001 ASL  00000061)
[    0.092471] ACPI: SSDT 0x000000007FFF02A0 000038 (v01 VBOX   VBOXCPUT 00000002 VBOX 00029BF3)
[    0.092474] ACPI: Reserving FACP table memory at [mem 0x7fff00f0-0x7fff01e3]
[    0.092475] ACPI: Reserving DSDT table memory at [mem 0x7fff02e0-0x7fff2632]
[    0.092476] ACPI: Reserving FACS table memory at [mem 0x7fff0200-0x7fff023f]
[    0.092476] ACPI: Reserving FACS table memory at [mem 0x7fff0200-0x7fff023f]
[    0.092477] ACPI: Reserving APIC table memory at [mem 0x7fff0240-0x7fff0293]
[    0.092478] ACPI: Reserving SSDT table memory at [mem 0x7fff02a0-0x7fff02d7]
[    0.092492] ACPI: Local APIC address 0xfee00000
[    0.092678] No NUMA configuration found
[    0.092679] Faking a node at [mem 0x0000000000000000-0x000000007ffeffff]
[    0.092690] NODE_DATA(0) allocated [mem 0x7ffc5000-0x7ffeffff]
[    0.092952] Zone ranges:
[    0.092953]   DMA      [mem 0x0000000000001000-0x0000000000ffffff]
[    0.092954]   DMA32    [mem 0x0000000001000000-0x000000007ffeffff]
[    0.092955]   Normal   empty
[    0.092955]   Device   empty
[    0.092956] Movable zone start for each node
[    0.092958] Early memory node ranges
[    0.092959]   node   0: [mem 0x0000000000001000-0x000000000009efff]
[    0.092960]   node   0: [mem 0x0000000000100000-0x000000007ffeffff]
[    0.092963] Zeroed struct page in unavailable ranges: 114 pages
[    0.092964] Initmem setup node 0 [mem 0x0000000000001000-0x000000007ffeffff]
[    0.092965] On node 0 totalpages: 524174
[    0.092966]   DMA zone: 64 pages used for memmap
[    0.092967]   DMA zone: 21 pages reserved
[    0.092967]   DMA zone: 3998 pages, LIFO batch:0
[    0.093037]   DMA32 zone: 8128 pages used for memmap
[    0.093037]   DMA32 zone: 520176 pages, LIFO batch:63
[    0.101982] ACPI: PM-Timer IO Port: 0x4008
[    0.101986] ACPI: Local APIC address 0xfee00000
[    0.102057] IOAPIC[0]: apic_id 1, version 32, address 0xfec00000, GSI 0-23
[    0.102061] ACPI: INT_SRC_OVR (bus 0 bus_irq 0 global_irq 2 dfl dfl)
[    0.102063] ACPI: INT_SRC_OVR (bus 0 bus_irq 9 global_irq 9 low level)
[    0.102065] ACPI: IRQ0 used by override.
[    0.102066] ACPI: IRQ9 used by override.
[    0.102068] Using ACPI (MADT) for SMP configuration information
[    0.102075] smpboot: Allowing 1 CPUs, 0 hotplug CPUs
[    0.102099] PM: Registered nosave memory: [mem 0x00000000-0x00000fff]
[    0.102100] PM: Registered nosave memory: [mem 0x0009f000-0x0009ffff]
[    0.102100] PM: Registered nosave memory: [mem 0x000a0000-0x000effff]
[    0.102101] PM: Registered nosave memory: [mem 0x000f0000-0x000fffff]
[    0.102103] [mem 0x80000000-0xfebfffff] available for PCI devices
[    0.102104] Booting paravirtualized kernel on KVM
[    0.102107] clocksource: refined-jiffies: mask: 0xffffffff max_cycles: 0xffffffff, max_idle_ns: 7645519600211568 ns
[    0.102112] setup_percpu: NR_CPUS:8192 nr_cpumask_bits:1 nr_cpu_ids:1 nr_node_ids:1
[    0.103111] percpu: Embedded 60 pages/cpu s208896 r8192 d28672 u2097152
[    0.103116] pcpu-alloc: s208896 r8192 d28672 u2097152 alloc=1*2097152
[    0.103117] pcpu-alloc: [0] 0 
[    0.103144] Built 1 zonelists, mobility grouping on.  Total pages: 515961
[    0.103145] Policy zone: DMA32
[    0.103146] Kernel command line: BOOT_IMAGE=/boot/vmlinuz-5.4.243-mptcp root=UUID=98415a12-53b7-4144-8265-0f7ece09e445 ro quiet splash
[    0.103992] Dentry cache hash table entries: 262144 (order: 9, 2097152 bytes, linear)
[    0.104138] Inode-cache hash table entries: 131072 (order: 8, 1048576 bytes, linear)
[    0.104188] mem auto-init: stack:off, heap alloc:on, heap free:off
[    0.104191] Calgary: detecting Calgary via BIOS EBDA area
[    0.104192] Calgary: Unable to locate Rio Grande table in EBDA - bailing!
[    0.108255] Memory: 1967332K/2096696K available (14339K kernel code, 2398K rwdata, 4712K rodata, 2728K init, 17260K bss, 129364K reserved, 0K cma-reserved)
[    0.109160] SLUB: HWalign=64, Order=0-3, MinObjects=0, CPUs=1, Nodes=1
[    0.109178] ftrace: allocating 43186 entries in 169 pages
[    0.127257] rcu: Hierarchical RCU implementation.
[    0.127259] rcu: 	RCU restricting CPUs from NR_CPUS=8192 to nr_cpu_ids=1.
[    0.127260] 	Tasks RCU enabled.
[    0.127261] rcu: RCU calculated value of scheduler-enlistment delay is 25 jiffies.
[    0.127262] rcu: Adjusting geometry for rcu_fanout_leaf=16, nr_cpu_ids=1
[    0.130230] NR_IRQS: 524544, nr_irqs: 256, preallocated irqs: 16
[    0.130447] random: crng init done
[    0.139695] Console: colour VGA+ 80x25
[    0.139700] printk: console [tty0] enabled
[    0.139722] ACPI: Core revision 20190816
[    0.139821] APIC: Switch to symmetric I/O mode setup
[    0.140073] x2apic enabled
[    0.140314] Switched APIC routing to physical x2apic.
[    0.141459] ..TIMER: vector=0x30 apic1=0 pin1=2 apic2=-1 pin2=-1
[    0.141484] clocksource: tsc-early: mask: 0xffffffffffffffff max_cycles: 0x1e4530a99b6, max_idle_ns: 440795257976 ns
[    0.141490] Calibrating delay loop (skipped) preset value.. 4200.00 BogoMIPS (lpj=8400000)
[    0.141492] pid_max: default: 32768 minimum: 301
[    0.141521] LSM: Security Framework initializing
[    0.141530] Yama: becoming mindful.
[    0.141557] AppArmor: AppArmor initialized
[    0.141592] Mount-cache hash table entries: 4096 (order: 3, 32768 bytes, linear)
[    0.141596] Mountpoint-cache hash table entries: 4096 (order: 3, 32768 bytes, linear)
[    0.141605] *** VALIDATE tmpfs ***
[    0.141737] *** VALIDATE proc ***
[    0.141778] *** VALIDATE cgroup1 ***
[    0.141779] *** VALIDATE cgroup2 ***
[    0.141922] process: using mwait in idle threads
[    0.141927] Last level iTLB entries: 4KB 64, 2MB 8, 4MB 8
[    0.141928] Last level dTLB entries: 4KB 64, 2MB 0, 4MB 0, 1GB 4
[    0.141953] Spectre V1 : Mitigation: usercopy/swapgs barriers and __user pointer sanitization
[    0.141958] Spectre V2 : Mitigation: Retpolines
[    0.141959] Spectre V2 : Spectre v2 / SpectreRSB mitigation: Filling RSB on context switch
[    0.141959] Spectre V2 : Spectre v2 / SpectreRSB : Filling RSB on VMEXIT
[    0.141960] RETBleed: WARNING: Spectre v2 mitigation leaves CPU vulnerable to RETBleed attacks, data leaks possible!
[    0.142311] RETBleed: Vulnerable
[    0.142311] Speculative Store Bypass: Vulnerable
[    0.142316] TAA: Mitigation: TSX disabled
[    0.142317] MMIO Stale Data: Mitigation: Clear CPU buffers
[    0.146550] Freeing SMP alternatives memory: 40K
[    0.259103] smpboot: CPU0: Intel(R) Xeon(R) Silver 4216 CPU @ 2.10GHz (family: 0x6, model: 0x55, stepping: 0x7)
[    0.259224] Performance Events: unsupported p6 CPU model 85 no PMU driver, software events only.
[    0.259260] rcu: Hierarchical SRCU implementation.
[    0.259737] NMI watchdog: Perf NMI watchdog permanently disabled
[    0.259776] smp: Bringing up secondary CPUs ...
[    0.259777] smp: Brought up 1 node, 1 CPU
[    0.259778] smpboot: Max logical packages: 1
[    0.259779] smpboot: Total of 1 processors activated (4200.00 BogoMIPS)
[    0.260715] devtmpfs: initialized
[    0.260762] x86/mm: Memory block size: 128MB
[    0.261110] clocksource: jiffies: mask: 0xffffffff max_cycles: 0xffffffff, max_idle_ns: 7645041785100000 ns
[    0.261116] futex hash table entries: 256 (order: 2, 16384 bytes, linear)
[    0.261159] pinctrl core: initialized pinctrl subsystem
[    0.261262] PM: RTC time: 18:47:28, date: 2026-01-14
[    0.261378] NET: Registered protocol family 16
[    0.261453] audit: initializing netlink subsys (disabled)
[    0.261486] EISA bus registered
[    0.261486] cpuidle: using governor ladder
[    0.261486] cpuidle: using governor menu
[    0.261486] ACPI: bus type PCI registered
[    0.261486] acpiphp: ACPI Hot Plug PCI Controller Driver version: 0.5
[    0.261486] PCI: Using configuration type 1 for base access
[    0.261875] audit: type=2000 audit(1768387654.749:1): state=initialized audit_enabled=0 res=1
[    0.261953] HugeTLB registered 2.00 MiB page size, pre-allocated 0 pages
[    0.262763] ACPI: Added _OSI(Module Device)
[    0.262763] ACPI: Added _OSI(Processor Device)
[    0.262764] ACPI: Added _OSI(3.0 _SCP Extensions)
[    0.262765] ACPI: Added _OSI(Processor Aggregator Device)
[    0.262766] ACPI: Added _OSI(Linux-Dell-Video)
[    0.262766] ACPI: Added _OSI(Linux-Lenovo-NV-HDMI-Audio)
[    0.262767] ACPI: Added _OSI(Linux-HPI-Hybrid-Graphics)
[    0.264728] ACPI: 2 ACPI AML tables successfully acquired and loaded
[    0.266251] ACPI: Interpreter enabled
[    0.266261] ACPI: (supports S0 S5)
[    0.266262] ACPI: Using IOAPIC for interrupt routing
[    0.266469] PCI: Using host bridge windows from ACPI; if necessary, use "pci=nocrs" and report a bug
[    0.266575] ACPI: Enabled 2 GPEs in block 00 to 07
[    0.271387] ACPI: PCI Root Bridge [PCI0] (domain 0000 [bus 00-ff])
[    0.271392] acpi PNP0A03:00: _OSC: OS supports [ASPM ClockPM Segments MSI HPX-Type3]
[    0.271848] acpi PNP0A03:00: _OSC: not requesting OS control; OS requires [ExtendedConfig ASPM ClockPM MSI]
[    0.271855] acpi PNP0A03:00: fail to add MMCONFIG information, can't access extended PCI configuration space under this bridge.
[    0.272226] PCI host bridge to bus 0000:00
[    0.272228] pci_bus 0000:00: root bus resource [io  0x0000-0x0cf7 window]
[    0.272229] pci_bus 0000:00: root bus resource [io  0x0d00-0xffff window]
[    0.272231] pci_bus 0000:00: root bus resource [mem 0x000a0000-0x000bffff window]
[    0.272232] pci_bus 0000:00: root bus resource [mem 0x80000000-0xfdffffff window]
[    0.272233] pci_bus 0000:00: root bus resource [bus 00-ff]
[    0.272273] pci 0000:00:00.0: [8086:1237] type 00 class 0x060000
[    0.273197] pci 0000:00:01.0: [8086:7000] type 00 class 0x060100
[    0.273988] pci 0000:00:01.1: [8086:7111] type 00 class 0x01018a
[    0.274365] pci 0000:00:01.1: reg 0x20: [io  0xd000-0xd00f]
[    0.274519] pci 0000:00:01.1: legacy IDE quirk: reg 0x10: [io  0x01f0-0x01f7]
[    0.274520] pci 0000:00:01.1: legacy IDE quirk: reg 0x14: [io  0x03f6]
[    0.274521] pci 0000:00:01.1: legacy IDE quirk: reg 0x18: [io  0x0170-0x0177]
[    0.274521] pci 0000:00:01.1: legacy IDE quirk: reg 0x1c: [io  0x0376]
[    0.275058] pci 0000:00:02.0: [15ad:0405] type 00 class 0x030000
[    0.277561] pci 0000:00:02.0: reg 0x10: [io  0xd010-0xd01f]
[    0.280368] pci 0000:00:02.0: reg 0x14: [mem 0xe0000000-0xe7ffffff pref]
[    0.284133] pci 0000:00:02.0: reg 0x18: [mem 0xf0000000-0xf01fffff]
[    0.294288] pci 0000:00:03.0: [1022:2000] type 00 class 0x020000
[    0.295022] pci 0000:00:03.0: reg 0x10: [io  0xd020-0xd03f]
[    0.295680] pci 0000:00:03.0: reg 0x14: [mem 0xf0200000-0xf0200fff]
[    0.300059] pci 0000:00:04.0: [80ee:cafe] type 00 class 0x088000
[    0.300741] pci 0000:00:04.0: reg 0x10: [io  0xd040-0xd05f]
[    0.301352] pci 0000:00:04.0: reg 0x14: [mem 0xf0400000-0xf07fffff]
[    0.301604] pci 0000:00:04.0: reg 0x18: [mem 0xf0800000-0xf0803fff pref]
[    0.305123] pci 0000:00:07.0: [8086:7113] type 00 class 0x068000
[    0.305717] pci 0000:00:07.0: quirk: [io  0x4000-0x403f] claimed by PIIX4 ACPI
[    0.305731] pci 0000:00:07.0: quirk: [io  0x4100-0x410f] claimed by PIIX4 SMB
[    0.306338] pci 0000:00:08.0: [8086:100e] type 00 class 0x020000
[    0.307074] pci 0000:00:08.0: reg 0x10: [mem 0xf0820000-0xf083ffff]
[    0.308269] pci 0000:00:08.0: reg 0x18: [io  0xd060-0xd067]
[    0.311622] pci 0000:00:09.0: [8086:100e] type 00 class 0x020000
[    0.312349] pci 0000:00:09.0: reg 0x10: [mem 0xf0840000-0xf085ffff]
[    0.314123] pci 0000:00:09.0: reg 0x18: [io  0xd068-0xd06f]
[    0.322628] ACPI: PCI Interrupt Link [LNKA] (IRQs 5 9 10 *11)
[    0.322911] ACPI: PCI Interrupt Link [LNKB] (IRQs 5 9 *10 11)
[    0.323014] ACPI: PCI Interrupt Link [LNKC] (IRQs 5 *9 10 11)
[    0.323116] ACPI: PCI Interrupt Link [LNKD] (IRQs 5 9 10 *11)
[    0.325735] iommu: Default domain type: Translated 
[    0.325796] pci 0000:00:02.0: vgaarb: setting as boot VGA device
[    0.325798] pci 0000:00:02.0: vgaarb: VGA device added: decodes=io+mem,owns=io+mem,locks=none
[    0.325800] pci 0000:00:02.0: vgaarb: bridge control possible
[    0.325801] vgaarb: loaded
[    0.326012] SCSI subsystem initialized
[    0.326043] libata version 3.00 loaded.
[    0.326069] ACPI: bus type USB registered
[    0.326084] usbcore: registered new interface driver usbfs
[    0.326090] usbcore: registered new interface driver hub
[    0.326096] usbcore: registered new device driver usb
[    0.326123] pps_core: LinuxPPS API ver. 1 registered
[    0.326123] pps_core: Software ver. 5.3.6 - Copyright 2005-2007 Rodolfo Giometti <giometti@linux.it>
[    0.326126] PTP clock support registered
[    0.326159] EDAC MC: Ver: 3.0.0
[    0.326440] PCI: Using ACPI for IRQ routing
[    0.326442] PCI: pci_cache_line_size set to 64 bytes
[    0.326611] e820: reserve RAM buffer [mem 0x0009fc00-0x0009ffff]
[    0.326615] e820: reserve RAM buffer [mem 0x7fff0000-0x7fffffff]
[    0.327400] NetLabel: Initializing
[    0.327400] NetLabel:  domain hash size = 128
[    0.327401] NetLabel:  protocols = UNLABELED CIPSOv4 CALIPSO
[    0.327420] NetLabel:  unlabeled traffic allowed by default
[    0.328334] clocksource: Switched to clocksource kvm-clock
[    0.339876] *** VALIDATE bpf ***
[    0.339934] VFS: Disk quotas dquot_6.6.0
[    0.339947] VFS: Dquot-cache hash table entries: 512 (order 0, 4096 bytes)
[    0.339970] *** VALIDATE ramfs ***
[    0.339973] *** VALIDATE hugetlbfs ***
[    0.340056] AppArmor: AppArmor Filesystem Enabled
[    0.340081] pnp: PnP ACPI init
[    0.340150] pnp 00:00: Plug and Play ACPI device, IDs PNP0303 (active)
[    0.340215] pnp 00:01: Plug and Play ACPI device, IDs PNP0f03 (active)
[    0.340949] pnp: PnP ACPI: found 2 devices
[    0.341919] thermal_sys: Registered thermal governor 'fair_share'
[    0.341920] thermal_sys: Registered thermal governor 'bang_bang'
[    0.341920] thermal_sys: Registered thermal governor 'step_wise'
[    0.341921] thermal_sys: Registered thermal governor 'user_space'
[    0.341922] thermal_sys: Registered thermal governor 'power_allocator'
[    0.346433] clocksource: acpi_pm: mask: 0xffffff max_cycles: 0xffffff, max_idle_ns: 2085701024 ns
[    0.346475] pci_bus 0000:00: resource 4 [io  0x0000-0x0cf7 window]
[    0.346476] pci_bus 0000:00: resource 5 [io  0x0d00-0xffff window]
[    0.346478] pci_bus 0000:00: resource 6 [mem 0x000a0000-0x000bffff window]
[    0.346479] pci_bus 0000:00: resource 7 [mem 0x80000000-0xfdffffff window]
[    0.346539] NET: Registered protocol family 2
[    0.346613] IP idents hash table entries: 32768 (order: 6, 262144 bytes, linear)
[    0.347013] MPTCP tokens hash table entries: 8192 (order: 4, 65536 bytes, linear)
[    0.347033] MPTCP request tokens hash table entries: 8192 (order: 4, 65536 bytes, linear)
[    0.347058] default registered
[    0.347058] default registered
[    0.347059] MPTCP: Stable release v0.96
[    0.347064] tcp_listen_portaddr_hash hash table entries: 1024 (order: 2, 16384 bytes, linear)
[    0.347106] TCP established hash table entries: 16384 (order: 5, 131072 bytes, linear)
[    0.347106] TCP bind hash table entries: 16384 (order: 6, 262144 bytes, linear)
[    0.347106] TCP: Hash tables configured (established 16384 bind 16384)
[    0.347985] UDP hash table entries: 1024 (order: 3, 32768 bytes, linear)
[    0.347997] UDP-Lite hash table entries: 1024 (order: 3, 32768 bytes, linear)
[    0.348034] NET: Registered protocol family 1
[    0.348043] NET: Registered protocol family 44
[    0.348064] pci 0000:00:00.0: Limiting direct PCI/PCI transfers
[    0.348076] pci 0000:00:01.0: Activating ISA DMA hang workarounds
[    0.348133] pci 0000:00:02.0: Video device with shadowed ROM at [mem 0x000c0000-0x000dffff]
[    0.348196] PCI: CLS 0 bytes, default 64
[    0.348245] Trying to unpack rootfs image as initramfs...
[    0.523752] Freeing initrd memory: 47868K
[    0.523752] clocksource: tsc: mask: 0xffffffffffffffff max_cycles: 0x1e4530a99b6, max_idle_ns: 440795257976 ns
[    0.523752] clocksource: Switched to clocksource tsc
[    0.523752] platform rtc_cmos: registered platform RTC device (no PNP device found)
[    0.523752] check: Scanning for low memory corruption every 60 seconds
[    0.523752] Initialise system trusted keyrings
[    0.523752] Key type blacklist registered
[    0.523752] workingset: timestamp_bits=36 max_order=19 bucket_order=0
[    0.523752] zbud: loaded
[    0.523752] squashfs: version 4.0 (2009/01/31) Phillip Lougher
[    0.523752] fuse: init (API version 7.31)
[    0.523752] *** VALIDATE fuse ***
[    0.523752] *** VALIDATE fuse ***
[    0.523752] Platform Keyring initialized
[    0.523752] Key type asymmetric registered
[    0.523752] Asymmetric key parser 'x509' registered
[    0.523752] Block layer SCSI generic (bsg) driver version 0.4 loaded (major 244)
[    0.523752] io scheduler mq-deadline registered
[    0.523752] shpchp: Standard Hot Plug PCI Controller Driver version: 0.4
[    0.532106] ACPI: AC Adapter [AC] (on-line)
[    0.532152] input: Power Button as /devices/LNXSYSTM:00/LNXPWRBN:00/input/input0
[    0.532179] ACPI: Power Button [PWRF]
[    0.532254] input: Sleep Button as /devices/LNXSYSTM:00/LNXSLPBN:00/input/input1
[    0.532269] ACPI: Sleep Button [SLPF]
[    0.532496] Serial: 8250/16550 driver, 32 ports, IRQ sharing enabled
[    0.533645] Linux agpgart interface v0.103
[    0.623085] loop: module loaded
[    0.623227] ata_piix 0000:00:01.1: version 2.13
[    0.623624] scsi host0: ata_piix
[    0.623712] scsi host1: ata_piix
[    0.623738] ata1: PATA max UDMA/33 cmd 0x1f0 ctl 0x3f6 bmdma 0xd000 irq 14
[    0.623739] ata2: PATA max UDMA/33 cmd 0x170 ctl 0x376 bmdma 0xd008 irq 15
[    0.623819] tun: Universal TUN/TAP device driver, 1.6
[    0.624145] PPP generic driver version 2.4.2
[    0.624188] VFIO - User Level meta-driver version: 0.3
[    0.624420] ehci_hcd: USB 2.0 'Enhanced' Host Controller (EHCI) Driver
[    0.624425] ehci-pci: EHCI PCI platform driver
[    0.624439] ehci-platform: EHCI generic platform driver
[    0.624444] ohci_hcd: USB 1.1 'Open' Host Controller (OHCI) Driver
[    0.624446] ohci-pci: OHCI PCI platform driver
[    0.624454] ohci-platform: OHCI generic platform driver
[    0.624458] uhci_hcd: USB Universal Host Controller Interface driver
[    0.624521] i8042: PNP: PS/2 Controller [PNP0303:PS2K,PNP0f03:PS2M] at 0x60,0x64 irq 1,12
[    0.624960] serio: i8042 KBD port at 0x60,0x64 irq 1
[    0.624963] serio: i8042 AUX port at 0x60,0x64 irq 12
[    0.625049] mousedev: PS/2 mouse device common for all mice
[    0.625302] input: AT Translated Set 2 keyboard as /devices/platform/i8042/serio0/input/input2
[    0.625698] rtc_cmos rtc_cmos: registered as rtc0
[    0.625711] rtc_cmos rtc_cmos: alarms up to one day, 114 bytes nvram
[    0.625716] i2c /dev entries driver
[    0.625759] device-mapper: uevent: version 1.0.3
[    0.625801] device-mapper: ioctl: 4.41.0-ioctl (2019-09-16) initialised: dm-devel@redhat.com
[    0.625817] platform eisa.0: Probing EISA bus 0
[    0.625818] platform eisa.0: EISA: Cannot allocate resource for mainboard
[    0.625820] platform eisa.0: Cannot allocate resource for EISA slot 1
[    0.625821] platform eisa.0: Cannot allocate resource for EISA slot 2
[    0.625822] platform eisa.0: Cannot allocate resource for EISA slot 3
[    0.625823] platform eisa.0: Cannot allocate resource for EISA slot 4
[    0.625824] platform eisa.0: Cannot allocate resource for EISA slot 5
[    0.625825] platform eisa.0: Cannot allocate resource for EISA slot 6
[    0.625826] platform eisa.0: Cannot allocate resource for EISA slot 7
[    0.625827] platform eisa.0: Cannot allocate resource for EISA slot 8
[    0.625828] platform eisa.0: EISA: Detected 0 cards
[    0.625830] intel_pstate: CPU model not supported
[    0.625839] ledtrig-cpu: registered to indicate activity on CPUs
[    0.625893] drop_monitor: Initializing network drop monitor service
[    0.626051] NET: Registered protocol family 10
[    0.631108] Segment Routing with IPv6
[    0.631117] fullmesh registered
[    0.631117] ndiffports registered
[    0.631117] binder registered
[    0.631117] roundrobin registered
[    0.631117] redundant registered
[    0.631117] blest registered
[    0.631117] ecf registered
[    0.631117] NET: Registered protocol family 17
[    0.631117] Key type dns_resolver registered
[    0.631117] RAS: Correctable Errors collector initialized.
[    0.631117] IPI shorthand broadcast: enabled
[    0.631117] sched_clock: Marking stable (616067336, 11049836)->(629281162, -2163990)
[    0.631349] registered taskstats version 1
[    0.631357] Loading compiled-in X.509 certificates
[    0.631945] Loaded X.509 cert 'Build time autogenerated kernel key: 6909f3744cebb3d0de528d5887b96a727de79b1e'
[    0.631963] zswap: loaded using pool lzo/zbud
[    0.632014] Key type ._fscrypt registered
[    0.632015] Key type .fscrypt registered
[    0.636405] Key type big_key registered
[    0.638611] Key type encrypted registered
[    0.638614] AppArmor: AppArmor sha1 policy hashing enabled
[    0.638621] ima: No TPM chip found, activating TPM-bypass!
[    0.638625] ima: Allocated hash algorithm: sha1
[    0.638630] ima: No architecture policies found
[    0.638640] evm: Initialising EVM extended attributes:
[    0.638640] evm: security.selinux
[    0.638641] evm: security.SMACK64
[    0.638641] evm: security.SMACK64EXEC
[    0.638641] evm: security.SMACK64TRANSMUTE
[    0.638642] evm: security.SMACK64MMAP
[    0.638642] evm: security.apparmor
[    0.638643] evm: security.ima
[    0.638643] evm: security.capability
[    0.638644] evm: HMAC attrs: 0x1
[    0.638932] PM:   Magic number: 10:167:797
[    0.639048] rtc_cmos rtc_cmos: setting system clock to 2026-01-14T18:47:29 UTC (1768416449)
[    0.797077] ata1.00: ATA-6: VBOX HARDDISK, 1.0, max UDMA/133
[    0.797081] ata1.00: 209715200 sectors, multi 128: LBA 
[    0.797851] scsi 0:0:0:0: Direct-Access     ATA      VBOX HARDDISK    1.0  PQ: 0 ANSI: 5
[    0.798183] sd 0:0:0:0: [sda] 209715200 512-byte logical blocks: (107 GB/100 GiB)
[    0.798198] sd 0:0:0:0: [sda] Write Protect is off
[    0.798202] sd 0:0:0:0: [sda] Mode Sense: 00 3a 00 00
[    0.798226] sd 0:0:0:0: [sda] Write cache: enabled, read cache: enabled, doesn't support DPO or FUA
[    0.798491] sd 0:0:0:0: Attached scsi generic sg0 type 0
[    0.799410]  sda: sda1 sda2
[    0.811284] sd 0:0:0:0: [sda] Attached SCSI disk
[    0.815188] Freeing unused decrypted memory: 2040K
[    0.816262] Freeing unused kernel image memory: 2728K
[    0.816266] Write protecting the kernel read-only data: 22528k
[    0.817440] Freeing unused kernel image memory: 2036K
[    0.818063] Freeing unused kernel image memory: 1432K
[    0.848902] x86/mm: Checked W+X mappings: passed, no W+X pages found.
[    0.848906] Run /init as init process
[    0.948359] ACPI: Video Device [GFX0] (multi-head: yes  rom: no  post: no)
[    0.948428] input: Video Bus as /devices/LNXSYSTM:00/LNXSYBUS:00/PNP0A03:00/LNXVIDEO:00/input/input4
[    0.959412] pcnet32: pcnet32.c:v1.35 21.Apr.2008 tsbogend@alpha.franken.de
[    0.960972] piix4_smbus 0000:00:07.0: SMBus Host Controller at 0x4100, revision 0
[    0.964930] e1000: Intel(R) PRO/1000 Network Driver - version 7.3.21-k8-NAPI
[    0.964931] e1000: Copyright (c) 1999-2006 Intel Corporation.
[    0.969297] pcnet32: PCnet/FAST III 79C973 at 0xd020, 08:00:27:57:45:ad assigned IRQ 19
[    0.969357] pcnet32: Found PHY 0022:561b at address 0
[    0.969653] pcnet32: eth0: registered as PCnet/FAST III 79C973
[    0.978603] pcnet32: 1 cards_found
[    1.034203] pcnet32 0000:00:03.0 enp0s3: renamed from eth0
[    1.182619] input: ImExPS/2 Generic Explorer Mouse as /devices/platform/i8042/serio1/input/input5
[    1.371334] e1000 0000:00:08.0 eth0: (PCI:33MHz:32-bit) 08:00:27:48:55:81
[    1.371338] e1000 0000:00:08.0 eth0: Intel(R) PRO/1000 Network Connection
[    1.743364] e1000 0000:00:09.0 eth1: (PCI:33MHz:32-bit) 08:00:27:57:58:93
[    1.743366] e1000 0000:00:09.0 eth1: Intel(R) PRO/1000 Network Connection
[    1.744515] e1000 0000:00:09.0 enp0s9: renamed from eth1
[    1.746306] e1000 0000:00:08.0 enp0s8: renamed from eth0
[    1.907247] EXT4-fs (sda2): mounted filesystem with ordered data mode. Opts: (null)
[    1.998577] systemd[1]: Inserted module 'autofs4'
[    2.010330] systemd[1]: systemd 245.4-4ubuntu3 running in system mode. (+PAM +AUDIT +SELINUX +IMA +APPARMOR +SMACK +SYSVINIT +UTMP +LIBCRYPTSETUP +GCRYPT +GNUTLS +ACL +XZ +LZ4 +SECCOMP +BLKID +ELFUTILS +KMOD +IDN2 -IDN +PCRE2 default-hierarchy=hybrid)
[    2.010361] systemd[1]: Detected virtualization oracle.
[    2.010367] systemd[1]: Detected architecture x86-64.
[    2.011712] systemd[1]: Set hostname to <ztg>.
[    2.135226] systemd[1]: /lib/systemd/system/dbus.socket:5: ListenStream= references a path below legacy directory /var/run/, updating /var/run/dbus/system_bus_socket â†’ /run/dbus/system_bus_socket; please update the unit file accordingly.
[    2.186927] systemd[1]: Created slice system-modprobe.slice.
[    2.187168] systemd[1]: Created slice User and Session Slice.
[    2.187218] systemd[1]: Started Forward Password Requests to Wall Directory Watch.
[    2.187382] systemd[1]: Set up automount Arbitrary Executable File Formats File System Automount Point.
[    2.187416] systemd[1]: Reached target User and Group Name Lookups.
[    2.187425] systemd[1]: Reached target Remote File Systems.
[    2.187433] systemd[1]: Reached target Slices.
[    2.187971] systemd[1]: Listening on Syslog Socket.
[    2.188035] systemd[1]: Listening on fsck to fsckd communication Socket.
[    2.188071] systemd[1]: Listening on initctl Compatibility Named Pipe.
[    2.188205] systemd[1]: Listening on Journal Audit Socket.
[    2.188256] systemd[1]: Listening on Journal Socket (/dev/log).
[    2.188321] systemd[1]: Listening on Journal Socket.
[    2.188383] systemd[1]: Listening on udev Control Socket.
[    2.188421] systemd[1]: Listening on udev Kernel Socket.
[    2.189124] systemd[1]: Mounting Huge Pages File System...
[    2.190043] systemd[1]: Mounting POSIX Message Queue File System...
[    2.190894] systemd[1]: Mounting Kernel Debug File System...
[    2.191792] systemd[1]: Mounting Kernel Trace File System...
[    2.193680] systemd[1]: Starting Journal Service...
[    2.217696] systemd[1]: Starting Set the console keyboard layout...
[    2.225368] systemd[1]: Starting Create list of static device nodes for the current kernel...
[    2.227373] systemd[1]: Starting Load Kernel Module drm...
[    2.228488] systemd[1]: Condition check resulted in Set Up Additional Binary Formats being skipped.
[    2.228530] systemd[1]: Condition check resulted in File System Check on Root Device being skipped.
[    2.239759] systemd[1]: Starting Load Kernel Modules...
[    2.246713] systemd[1]: Starting Remount Root and Kernel File Systems...
[    2.252955] systemd[1]: Starting udev Coldplug all Devices...
[    2.266132] systemd[1]: Starting Uncomplicated firewall...
[    2.271269] EXT4-fs (sda2): re-mounted. Opts: errors=remount-ro
[    2.276370] systemd[1]: Mounted Huge Pages File System.
[    2.276456] systemd[1]: Mounted POSIX Message Queue File System.
[    2.276528] systemd[1]: Mounted Kernel Debug File System.
[    2.276594] systemd[1]: Mounted Kernel Trace File System.
[    2.279719] systemd[1]: Finished Create list of static device nodes for the current kernel.
[    2.279993] systemd[1]: modprobe@drm.service: Succeeded.
[    2.295757] systemd[1]: Finished Load Kernel Module drm.
[    2.302658] systemd[1]: Finished Remount Root and Kernel File Systems.
[    2.313381] lp: driver loaded but no devices found
[    2.314605] systemd[1]: Finished Uncomplicated firewall.
[    2.331226] systemd[1]: Condition check resulted in Rebuild Hardware Database being skipped.
[    2.331262] systemd[1]: Condition check resulted in Platform Persistent Storage Archival being skipped.
[    2.331921] systemd[1]: Starting Load/Save Random Seed...
[    2.333932] ppdev: user-space parallel port driver
[    2.341103] systemd[1]: Starting Create System Users...
[    2.354513] systemd[1]: Finished Load/Save Random Seed.
[    2.360150] systemd[1]: Finished Create System Users.
[    2.360844] systemd[1]: Starting Create Static Device Nodes in /dev...
[    2.396444] systemd[1]: Finished Create Static Device Nodes in /dev.
[    2.397238] systemd[1]: Starting udev Kernel Device Manager...
[    2.418264] systemd[1]: Finished udev Coldplug all Devices.
[    2.419452] [drm] DMA map mode: Caching DMA mappings.
[    2.419514] [drm] Capabilities:
[    2.419514] [drm]   Rect copy.
[    2.419515] [drm]   Cursor.
[    2.419515] [drm]   Cursor bypass.
[    2.419515] [drm]   Cursor bypass 2.
[    2.419516] [drm]   Alpha cursor.
[    2.419516] [drm]   Extended Fifo.
[    2.419517] [drm]   Pitchlock.
[    2.419517] [drm]   Irq mask.
[    2.419517] [drm]   GMR.
[    2.419518] [drm]   Traces.
[    2.419518] [drm]   GMR2.
[    2.419518] [drm]   Screen Object 2.
[    2.419519] [drm]   Command Buffers.
[    2.419519] [drm]   Command Buffers 2.
[    2.419520] [drm]   Guest Backed Resources.
[    2.419521] [drm] Max GMR ids is 8192
[    2.419521] [drm] Max number of GMR pages is 1048576
[    2.419522] [drm] Max dedicated hypervisor surface memory is 393216 kiB
[    2.419522] [drm] Maximum display memory size is 131072 kiB
[    2.419523] [drm] VRAM at 0xe0000000 size is 131072 kiB
[    2.419524] [drm] MMIO at 0xf0000000 size is 2048 kiB
[    2.420266] [TTM] Zone  kernel: Available graphics memory: 1011738 KiB
[    2.420267] [TTM] Initializing pool allocator
[    2.420270] [TTM] Initializing DMA pool allocator
[    2.420301] [drm] Supports vblank timestamp caching Rev 2 (21.10.2013).
[    2.420302] [drm] No driver support for vblank timestamp query.
[    2.420558] [drm] Screen Target Display device initialized
[    2.420776] [drm] width 720
[    2.420784] [drm] height 400
[    2.420788] [drm] bpp 32
[    2.421285] [drm] Fifo max 0x00200000 min 0x00001000 cap 0x00000355
[    2.422325] [drm] Using command buffers with DMA pool.
[    2.422328] [drm] DX: no.
[    2.422329] [drm] Atomic: yes.
[    2.422329] [drm] SM4_1: no.
[    2.422350] [drm:vmw_host_log [vmwgfx]] *ERROR* Failed to send host log message.
[    2.424520] [drm:vmw_host_log [vmwgfx]] *ERROR* Failed to send host log message.
[    2.452300] fbcon: svgadrmfb (fb0) is primary device
[    2.454559] Console: switching to colour frame buffer device 100x37
[    2.460981] [drm] Initialized vmwgfx 2.15.0 20180704 for 0000:00:02.0 on minor 0
[    2.462608] systemd[1]: Finished Load Kernel Modules.
[    2.463525] systemd[1]: Mounting FUSE Control File System...
[    2.464657] systemd[1]: Mounting Kernel Configuration File System...
[    2.487420] systemd[1]: Starting Apply Kernel Variables...
[    2.496453] systemd[1]: Mounted FUSE Control File System.
[    2.496520] systemd[1]: Condition check resulted in VMware vmblock fuse mount being skipped.
[    2.499825] systemd[1]: Mounted Kernel Configuration File System.
[    2.510119] systemd[1]: Finished Apply Kernel Variables.
[    2.515846] systemd[1]: Finished Set the console keyboard layout.
[    2.515923] systemd[1]: Reached target Local File Systems (Pre).
[    2.518170] systemd[1]: Mounting Mount unit for bare, revision 5...
[    2.520768] systemd[1]: Mounting Mount unit for core18, revision 1705...
[    2.526354] systemd[1]: Mounting Mount unit for gnome-3-34-1804, revision 24...
[    2.528173] systemd[1]: Mounting Mount unit for gtk-common-themes, revision 1506...
[    2.549262] systemd[1]: Mounting Mount unit for gtk-common-themes, revision 1535...
[    2.565346] systemd[1]: Mounting Mount unit for snap-store, revision 433...
[    2.574773] systemd[1]: Mounting Mount unit for snapd, revision 7264...
[    2.576563] systemd[1]: Mounted Mount unit for bare, revision 5.
[    2.595930] systemd[1]: Mounted Mount unit for core18, revision 1705.
[    2.596020] systemd[1]: Mounted Mount unit for gnome-3-34-1804, revision 24.
[    2.597680] systemd[1]: Started udev Kernel Device Manager.
[    2.598351] systemd[1]: Starting Show Plymouth Boot Screen...
[    2.603097] systemd[1]: Received SIGRTMIN+20 from PID 276 (plymouthd).
[    2.627096] systemd[1]: Started Show Plymouth Boot Screen.
[    2.627238] systemd[1]: Condition check resulted in Dispatch Password Requests to Console Directory Watch being skipped.
[    2.627321] systemd[1]: Started Forward Password Requests to Plymouth Directory Watch.
[    2.627365] systemd[1]: Reached target Local Encrypted Volumes.
[    2.662165] systemd[1]: Mounted Mount unit for gtk-common-themes, revision 1506.
[    2.662441] systemd[1]: Mounted Mount unit for gtk-common-themes, revision 1535.
[    2.695119] systemd[1]: Mounted Mount unit for snap-store, revision 433.
[    2.695370] systemd[1]: Mounted Mount unit for snapd, revision 7264.
[    2.695522] systemd[1]: Reached target Local File Systems.
[    2.697797] systemd[1]: Starting Load AppArmor profiles...
[    2.698680] systemd[1]: Starting Set console font and keymap...
[    2.713216] systemd[1]: Starting Tell Plymouth To Write Out Runtime Data...
[    2.713360] systemd[1]: Condition check resulted in Store a System Token in an EFI Variable being skipped.
[    2.713412] systemd[1]: Condition check resulted in Commit a transient machine-id on disk being skipped.
[    2.717357] systemd[1]: Finished Set console font and keymap.
[    2.725386] systemd[1]: Received SIGRTMIN+20 from PID 276 (plymouthd).
[    2.727026] systemd[1]: plymouth-read-write.service: Succeeded.
[    2.727270] systemd[1]: Finished Tell Plymouth To Write Out Runtime Data.
[    2.761875] audit: type=1400 audit(1768416451.620:2): apparmor="STATUS" operation="profile_load" profile="unconfined" name="nvidia_modprobe" pid=300 comm="apparmor_parser"
[    2.761878] audit: type=1400 audit(1768416451.620:3): apparmor="STATUS" operation="profile_load" profile="unconfined" name="nvidia_modprobe//kmod" pid=300 comm="apparmor_parser"
[    2.768164] audit: type=1400 audit(1768416451.628:4): apparmor="STATUS" operation="profile_load" profile="unconfined" name="/usr/sbin/tcpdump" pid=301 comm="apparmor_parser"
[    2.795634] audit: type=1400 audit(1768416451.648:5): apparmor="STATUS" operation="profile_load" profile="unconfined" name="/usr/bin/evince" pid=303 comm="apparmor_parser"
[    2.795636] audit: type=1400 audit(1768416451.648:6): apparmor="STATUS" operation="profile_load" profile="unconfined" name="/usr/bin/evince//sanitized_helper" pid=303 comm="apparmor_parser"
[    2.795638] audit: type=1400 audit(1768416451.648:7): apparmor="STATUS" operation="profile_load" profile="unconfined" name="/usr/bin/evince-previewer" pid=303 comm="apparmor_parser"
[    2.795639] audit: type=1400 audit(1768416451.648:8): apparmor="STATUS" operation="profile_load" profile="unconfined" name="/usr/bin/evince-previewer//sanitized_helper" pid=303 comm="apparmor_parser"
[    2.795641] audit: type=1400 audit(1768416451.648:9): apparmor="STATUS" operation="profile_load" profile="unconfined" name="/usr/bin/evince-thumbnailer" pid=303 comm="apparmor_parser"
[    2.831686] audit: type=1400 audit(1768416451.688:10): apparmor="STATUS" operation="profile_load" profile="unconfined" name="/usr/lib/cups/backend/cups-pdf" pid=304 comm="apparmor_parser"
[    2.894094] systemd[1]: Finished Load AppArmor profiles.
[    2.895065] systemd[1]: Starting Load AppArmor profiles managed internally by snapd...
[    2.969026] systemd[1]: Finished Load AppArmor profiles managed internally by snapd.
[    3.161437] systemd[1]: Started Journal Service.
[    3.169360] systemd-journald[229]: Received client request to flush runtime journal.
[    3.172126] systemd-journald[229]: File /var/log/journal/c455b248004a419c87ce85eea238d727/system.journal corrupted or uncleanly shut down, renaming and replacing.
[    4.464521] RAPL PMU: API unit is 2^-32 Joules, 0 fixed counters, 10737418240 ms ovfl timer
[    4.518051] cryptd: max_cpu_qlen set to 1000
[    4.526677] AVX2 version of gcm_enc/dec engaged.
[    4.526678] AES CTR mode by8 optimization enabled
[    5.335487] Adding 1998844k swap on /dev/sda1.  Priority:-2 extents:1 across:1998844k FS
[    6.398707] kauditd_printk_skb: 30 callbacks suppressed
[    6.398708] audit: type=1400 audit(1768416455.256:41): apparmor="DENIED" operation="capable" profile="/usr/sbin/cups-browsed" pid=495 comm="cups-browsed" capability=23  capname="sys_nice"
[    7.369702] pcnet32 0000:00:03.0 enp0s3: link up, 100Mbps, full-duplex
[    7.405370] e1000: enp0s8 NIC Link is Up 1000 Mbps Full Duplex, Flow Control: RX
[    7.405640] IPv6: ADDRCONF(NETDEV_CHANGE): enp0s8: link becomes ready
[    7.417748] e1000: enp0s9 NIC Link is Up 1000 Mbps Full Duplex, Flow Control: RX
[    7.418035] IPv6: ADDRCONF(NETDEV_CHANGE): enp0s9: link becomes ready
[    7.953572] device enp0s3 entered promiscuous mode
[    7.979812] audit: type=1400 audit(1768416456.832:42): apparmor="DENIED" operation="open" profile="/usr/sbin/tcpdump" name="/proc/sys/kernel/random/boot_id" pid=682 comm="tcpdump" requested_mask="r" denied_mask="r" fsuid=0 ouid=0
[    7.980013] audit: type=1400 audit(1768416456.832:43): apparmor="DENIED" operation="open" profile="/usr/sbin/tcpdump" name="/proc/sys/kernel/random/boot_id" pid=682 comm="tcpdump" requested_mask="r" denied_mask="r" fsuid=0 ouid=0
[    7.980125] audit: type=1400 audit(1768416456.832:44): apparmor="DENIED" operation="open" profile="/usr/sbin/tcpdump" name="/proc/sys/kernel/random/boot_id" pid=682 comm="tcpdump" requested_mask="r" denied_mask="r" fsuid=0 ouid=0
[    7.980181] audit: type=1400 audit(1768416456.832:45): apparmor="DENIED" operation="open" profile="/usr/sbin/tcpdump" name="/proc/sys/kernel/random/boot_id" pid=682 comm="tcpdump" requested_mask="r" denied_mask="r" fsuid=0 ouid=0
[    7.984057] audit: type=1400 audit(1768416456.844:46): apparmor="DENIED" operation="open" profile="/usr/sbin/tcpdump" name="/proc/sys/kernel/random/boot_id" pid=683 comm="tcpdump" requested_mask="r" denied_mask="r" fsuid=0 ouid=0
[    7.984219] audit: type=1400 audit(1768416456.844:47): apparmor="DENIED" operation="open" profile="/usr/sbin/tcpdump" name="/proc/sys/kernel/random/boot_id" pid=683 comm="tcpdump" requested_mask="r" denied_mask="r" fsuid=0 ouid=0
[    7.984259] audit: type=1400 audit(1768416456.844:48): apparmor="DENIED" operation="open" profile="/usr/sbin/tcpdump" name="/proc/sys/kernel/random/boot_id" pid=683 comm="tcpdump" requested_mask="r" denied_mask="r" fsuid=0 ouid=0
[    7.984314] audit: type=1400 audit(1768416456.844:49): apparmor="DENIED" operation="open" profile="/usr/sbin/tcpdump" name="/proc/sys/kernel/random/boot_id" pid=683 comm="tcpdump" requested_mask="r" denied_mask="r" fsuid=0 ouid=0
[   12.325635] rfkill: input handler disabled
[  126.983268] rfkill: input handler enabled
[  135.310677] rfkill: input handler disabled
[  251.274738] AAAAA-TCP_FORW: name:enp0s3: saddr:100932208: daddr:16783984
[  251.376633] AAAAA-TCP_FORW: name:enp0s3: saddr:100932208: daddr:16783984
[  251.781876] AAAAA-TCP_FORW: name:enp0s3: saddr:100932208: daddr:16783984
[  252.758986] AAAAA-TCP_FORW: name:enp0s3: saddr:100932208: daddr:33561200
[  253.310061] AAAAA-TCP_FORW: name:enp0s3: saddr:100932208: daddr:16783984
[  253.419704] AAAAA-TCP_FORW: name:enp0s3: saddr:100932208: daddr:16783984
[  253.687165] AAAAA-TCP_FORW: name:enp0s3: saddr:100932208: daddr:33561200
[  253.795407] AAAAA-TCP_FORW: name:enp0s3: saddr:100932208: daddr:16783984
[  254.359156] AAAAA-TCP_FORW: name:enp0s3: saddr:100932208: daddr:16783984
[  459.923956] device enp0s3 left promiscuous mode
