[    0.000000] Linux version 5.4.243-mptcp (root@ztg) (gcc version 12.2.0 (Debian 12.2.0-14+deb12u1)) #53 SMP Wed Dec 24 23:28:15 CST 2025
[    0.000000] Command line: BOOT_IMAGE=/boot/vmlinuz-5.4.243-mptcp root=UUID=98415a12-53b7-4144-8265-0f7ece09e445 ro quiet splash
[    0.000000] KERNEL supported cpus:
[    0.000000]   Intel GenuineIntel
[    0.000000]   AMD AuthenticAMD
[    0.000000]   Hygon HygonGenuine
[    0.000000]   Centaur CentaurHauls
[    0.000000]   zhaoxin   Shanghai  
[    0.000000] x86/fpu: Supporting XSAVE feature 0x001: 'x87 floating point registers'
[    0.000000] x86/fpu: Supporting XSAVE feature 0x002: 'SSE registers'
[    0.000000] x86/fpu: Supporting XSAVE feature 0x004: 'AVX registers'
[    0.000000] x86/fpu: xstate_offset[2]:  576, xstate_sizes[2]:  256
[    0.000000] x86/fpu: Enabled xstate features 0x7, context size is 832 bytes, using 'standard' format.
[    0.000000] BIOS-provided physical RAM map:
[    0.000000] BIOS-e820: [mem 0x0000000000000000-0x000000000009fbff] usable
[    0.000000] BIOS-e820: [mem 0x000000000009fc00-0x000000000009ffff] reserved
[    0.000000] BIOS-e820: [mem 0x00000000000f0000-0x00000000000fffff] reserved
[    0.000000] BIOS-e820: [mem 0x0000000000100000-0x000000007ffeffff] usable
[    0.000000] BIOS-e820: [mem 0x000000007fff0000-0x000000007fffffff] ACPI data
[    0.000000] BIOS-e820: [mem 0x00000000fec00000-0x00000000fec00fff] reserved
[    0.000000] BIOS-e820: [mem 0x00000000fee00000-0x00000000fee00fff] reserved
[    0.000000] BIOS-e820: [mem 0x00000000fffc0000-0x00000000ffffffff] reserved
[    0.000000] NX (Execute Disable) protection: active
[    0.000000] SMBIOS 2.5 present.
[    0.000000] DMI: innotek GmbH VirtualBox/VirtualBox, BIOS VirtualBox 12/01/2006
[    0.000000] Hypervisor detected: KVM
[    0.000000] kvm-clock: Using msrs 4b564d01 and 4b564d00
[    0.000000] kvm-clock: cpu 0, msr 4d601001, primary cpu clock
[    0.000000] kvm-clock: using sched offset of 4478991652 cycles
[    0.000003] clocksource: kvm-clock: mask: 0xffffffffffffffff max_cycles: 0x1cd42e4dffb, max_idle_ns: 881590591483 ns
[    0.000005] tsc: Detected 2100.000 MHz processor
[    0.001855] e820: update [mem 0x00000000-0x00000fff] usable ==> reserved
[    0.001857] e820: remove [mem 0x000a0000-0x000fffff] usable
[    0.001862] last_pfn = 0x7fff0 max_arch_pfn = 0x400000000
[    0.001928] MTRR default type: uncachable
[    0.001929] MTRR fixed ranges enabled:
[    0.001930]   00000-9FFFF write-back
[    0.001931]   A0000-BFFFF uncachable
[    0.001932]   C0000-FFFFF write-protect
[    0.001932] MTRR variable ranges enabled:
[    0.001934]   0 base 000000000000 mask 3FFF80000000 write-back
[    0.001935]   1 disabled
[    0.001935]   2 disabled
[    0.001935]   3 disabled
[    0.001936]   4 disabled
[    0.001936]   5 disabled
[    0.001937]   6 disabled
[    0.001937]   7 disabled
[    0.001938]   8 disabled
[    0.001938]   9 disabled
[    0.001938]   10 disabled
[    0.001939]   11 disabled
[    0.001939]   12 disabled
[    0.001940]   13 disabled
[    0.001940]   14 disabled
[    0.001941]   15 disabled
[    0.001956] x86/PAT: Configuration [0-7]: WB  WC  UC- UC  WB  WP  UC- WT  
[    0.002089] found SMP MP-table at [mem 0x0009fff0-0x0009ffff]
[    0.091313] check: Scanning 1 areas for low memory corruption
[    0.091570] RAMDISK: [mem 0x32271000-0x3512ffff]
[    0.091579] ACPI: Early table checksum verification disabled
[    0.091584] ACPI: RSDP 0x00000000000E0000 000024 (v02 VBOX  )
[    0.091588] ACPI: XSDT 0x000000007FFF0030 00003C (v01 VBOX   VBOXXSDT 00000001 ASL  00000061)
[    0.091595] ACPI: FACP 0x000000007FFF00F0 0000F4 (v04 VBOX   VBOXFACP 00000001 ASL  00000061)
[    0.091609] ACPI: DSDT 0x000000007FFF02E0 002353 (v02 VBOX   VBOXBIOS 00000002 VBOX 00029BF3)
[    0.091614] ACPI: FACS 0x000000007FFF0200 000040
[    0.091617] ACPI: FACS 0x000000007FFF0200 000040
[    0.091621] ACPI: APIC 0x000000007FFF0240 000054 (v02 VBOX   VBOXAPIC 00000001 ASL  00000061)
[    0.091624] ACPI: SSDT 0x000000007FFF02A0 000038 (v01 VBOX   VBOXCPUT 00000002 VBOX 00029BF3)
[    0.091627] ACPI: Reserving FACP table memory at [mem 0x7fff00f0-0x7fff01e3]
[    0.091628] ACPI: Reserving DSDT table memory at [mem 0x7fff02e0-0x7fff2632]
[    0.091629] ACPI: Reserving FACS table memory at [mem 0x7fff0200-0x7fff023f]
[    0.091630] ACPI: Reserving FACS table memory at [mem 0x7fff0200-0x7fff023f]
[    0.091630] ACPI: Reserving APIC table memory at [mem 0x7fff0240-0x7fff0293]
[    0.091631] ACPI: Reserving SSDT table memory at [mem 0x7fff02a0-0x7fff02d7]
[    0.091646] ACPI: Local APIC address 0xfee00000
[    0.091830] No NUMA configuration found
[    0.091831] Faking a node at [mem 0x0000000000000000-0x000000007ffeffff]
[    0.091841] NODE_DATA(0) allocated [mem 0x7ffc5000-0x7ffeffff]
[    0.092102] Zone ranges:
[    0.092103]   DMA      [mem 0x0000000000001000-0x0000000000ffffff]
[    0.092104]   DMA32    [mem 0x0000000001000000-0x000000007ffeffff]
[    0.092105]   Normal   empty
[    0.092106]   Device   empty
[    0.092106] Movable zone start for each node
[    0.092108] Early memory node ranges
[    0.092109]   node   0: [mem 0x0000000000001000-0x000000000009efff]
[    0.092110]   node   0: [mem 0x0000000000100000-0x000000007ffeffff]
[    0.092113] Zeroed struct page in unavailable ranges: 114 pages
[    0.092114] Initmem setup node 0 [mem 0x0000000000001000-0x000000007ffeffff]
[    0.092115] On node 0 totalpages: 524174
[    0.092116]   DMA zone: 64 pages used for memmap
[    0.092116]   DMA zone: 21 pages reserved
[    0.092117]   DMA zone: 3998 pages, LIFO batch:0
[    0.092189]   DMA32 zone: 8128 pages used for memmap
[    0.092190]   DMA32 zone: 520176 pages, LIFO batch:63
[    0.101094] ACPI: PM-Timer IO Port: 0x4008
[    0.101098] ACPI: Local APIC address 0xfee00000
[    0.101166] IOAPIC[0]: apic_id 1, version 32, address 0xfec00000, GSI 0-23
[    0.101169] ACPI: INT_SRC_OVR (bus 0 bus_irq 0 global_irq 2 dfl dfl)
[    0.101170] ACPI: INT_SRC_OVR (bus 0 bus_irq 9 global_irq 9 low level)
[    0.101173] ACPI: IRQ0 used by override.
[    0.101174] ACPI: IRQ9 used by override.
[    0.101176] Using ACPI (MADT) for SMP configuration information
[    0.101183] smpboot: Allowing 1 CPUs, 0 hotplug CPUs
[    0.101206] PM: Registered nosave memory: [mem 0x00000000-0x00000fff]
[    0.101207] PM: Registered nosave memory: [mem 0x0009f000-0x0009ffff]
[    0.101208] PM: Registered nosave memory: [mem 0x000a0000-0x000effff]
[    0.101208] PM: Registered nosave memory: [mem 0x000f0000-0x000fffff]
[    0.101210] [mem 0x80000000-0xfebfffff] available for PCI devices
[    0.101211] Booting paravirtualized kernel on KVM
[    0.101214] clocksource: refined-jiffies: mask: 0xffffffff max_cycles: 0xffffffff, max_idle_ns: 7645519600211568 ns
[    0.101218] setup_percpu: NR_CPUS:8192 nr_cpumask_bits:1 nr_cpu_ids:1 nr_node_ids:1
[    0.102209] percpu: Embedded 60 pages/cpu s208896 r8192 d28672 u2097152
[    0.102214] pcpu-alloc: s208896 r8192 d28672 u2097152 alloc=1*2097152
[    0.102215] pcpu-alloc: [0] 0 
[    0.102241] Built 1 zonelists, mobility grouping on.  Total pages: 515961
[    0.102242] Policy zone: DMA32
[    0.102243] Kernel command line: BOOT_IMAGE=/boot/vmlinuz-5.4.243-mptcp root=UUID=98415a12-53b7-4144-8265-0f7ece09e445 ro quiet splash
[    0.103110] Dentry cache hash table entries: 262144 (order: 9, 2097152 bytes, linear)
[    0.103256] Inode-cache hash table entries: 131072 (order: 8, 1048576 bytes, linear)
[    0.103307] mem auto-init: stack:off, heap alloc:on, heap free:off
[    0.103310] Calgary: detecting Calgary via BIOS EBDA area
[    0.103311] Calgary: Unable to locate Rio Grande table in EBDA - bailing!
[    0.107370] Memory: 1967332K/2096696K available (14339K kernel code, 2398K rwdata, 4712K rodata, 2728K init, 17260K bss, 129364K reserved, 0K cma-reserved)
[    0.108283] SLUB: HWalign=64, Order=0-3, MinObjects=0, CPUs=1, Nodes=1
[    0.108300] ftrace: allocating 43186 entries in 169 pages
[    0.126266] rcu: Hierarchical RCU implementation.
[    0.126268] rcu: 	RCU restricting CPUs from NR_CPUS=8192 to nr_cpu_ids=1.
[    0.126269] 	Tasks RCU enabled.
[    0.126270] rcu: RCU calculated value of scheduler-enlistment delay is 25 jiffies.
[    0.126271] rcu: Adjusting geometry for rcu_fanout_leaf=16, nr_cpu_ids=1
[    0.129231] NR_IRQS: 524544, nr_irqs: 256, preallocated irqs: 16
[    0.129448] random: crng init done
[    0.138689] Console: colour VGA+ 80x25
[    0.138694] printk: console [tty0] enabled
[    0.138713] ACPI: Core revision 20190816
[    0.138853] APIC: Switch to symmetric I/O mode setup
[    0.139110] x2apic enabled
[    0.139351] Switched APIC routing to physical x2apic.
[    0.140502] ..TIMER: vector=0x30 apic1=0 pin1=2 apic2=-1 pin2=-1
[    0.140531] clocksource: tsc-early: mask: 0xffffffffffffffff max_cycles: 0x1e4530a99b6, max_idle_ns: 440795257976 ns
[    0.140536] Calibrating delay loop (skipped) preset value.. 4200.00 BogoMIPS (lpj=8400000)
[    0.140539] pid_max: default: 32768 minimum: 301
[    0.140567] LSM: Security Framework initializing
[    0.140577] Yama: becoming mindful.
[    0.140604] AppArmor: AppArmor initialized
[    0.140638] Mount-cache hash table entries: 4096 (order: 3, 32768 bytes, linear)
[    0.140643] Mountpoint-cache hash table entries: 4096 (order: 3, 32768 bytes, linear)
[    0.140652] *** VALIDATE tmpfs ***
[    0.140779] *** VALIDATE proc ***
[    0.140820] *** VALIDATE cgroup1 ***
[    0.140821] *** VALIDATE cgroup2 ***
[    0.140960] process: using mwait in idle threads
[    0.140965] Last level iTLB entries: 4KB 64, 2MB 8, 4MB 8
[    0.140966] Last level dTLB entries: 4KB 64, 2MB 0, 4MB 0, 1GB 4
[    0.140986] Spectre V1 : Mitigation: usercopy/swapgs barriers and __user pointer sanitization
[    0.140992] Spectre V2 : Mitigation: Retpolines
[    0.140992] Spectre V2 : Spectre v2 / SpectreRSB mitigation: Filling RSB on context switch
[    0.140993] Spectre V2 : Spectre v2 / SpectreRSB : Filling RSB on VMEXIT
[    0.140994] RETBleed: WARNING: Spectre v2 mitigation leaves CPU vulnerable to RETBleed attacks, data leaks possible!
[    0.141344] RETBleed: Vulnerable
[    0.141345] Speculative Store Bypass: Vulnerable
[    0.141350] TAA: Mitigation: TSX disabled
[    0.141350] MMIO Stale Data: Mitigation: Clear CPU buffers
[    0.145542] Freeing SMP alternatives memory: 40K
[    0.257378] smpboot: CPU0: Intel(R) Xeon(R) Silver 4216 CPU @ 2.10GHz (family: 0x6, model: 0x55, stepping: 0x7)
[    0.257520] Performance Events: unsupported p6 CPU model 85 no PMU driver, software events only.
[    0.257560] rcu: Hierarchical SRCU implementation.
[    0.258040] NMI watchdog: Perf NMI watchdog permanently disabled
[    0.258083] smp: Bringing up secondary CPUs ...
[    0.258084] smp: Brought up 1 node, 1 CPU
[    0.258086] smpboot: Max logical packages: 1
[    0.258087] smpboot: Total of 1 processors activated (4200.00 BogoMIPS)
[    0.259035] devtmpfs: initialized
[    0.259082] x86/mm: Memory block size: 128MB
[    0.259441] clocksource: jiffies: mask: 0xffffffff max_cycles: 0xffffffff, max_idle_ns: 7645041785100000 ns
[    0.259447] futex hash table entries: 256 (order: 2, 16384 bytes, linear)
[    0.259492] pinctrl core: initialized pinctrl subsystem
[    0.259596] PM: RTC time: 21:38:16, date: 2026-01-14
[    0.259705] NET: Registered protocol family 16
[    0.259785] audit: initializing netlink subsys (disabled)
[    0.259913] EISA bus registered
[    0.259914] cpuidle: using governor ladder
[    0.259915] cpuidle: using governor menu
[    0.259953] ACPI: bus type PCI registered
[    0.259955] acpiphp: ACPI Hot Plug PCI Controller Driver version: 0.5
[    0.260058] PCI: Using configuration type 1 for base access
[    0.260889] audit: type=2000 audit(1768397902.342:1): state=initialized audit_enabled=0 res=1
[    0.260970] HugeTLB registered 2.00 MiB page size, pre-allocated 0 pages
[    0.261783] ACPI: Added _OSI(Module Device)
[    0.261784] ACPI: Added _OSI(Processor Device)
[    0.261784] ACPI: Added _OSI(3.0 _SCP Extensions)
[    0.261785] ACPI: Added _OSI(Processor Aggregator Device)
[    0.261786] ACPI: Added _OSI(Linux-Dell-Video)
[    0.261787] ACPI: Added _OSI(Linux-Lenovo-NV-HDMI-Audio)
[    0.261788] ACPI: Added _OSI(Linux-HPI-Hybrid-Graphics)
[    0.263734] ACPI: 2 ACPI AML tables successfully acquired and loaded
[    0.265368] ACPI: Interpreter enabled
[    0.265378] ACPI: (supports S0 S5)
[    0.265379] ACPI: Using IOAPIC for interrupt routing
[    0.265585] PCI: Using host bridge windows from ACPI; if necessary, use "pci=nocrs" and report a bug
[    0.265691] ACPI: Enabled 2 GPEs in block 00 to 07
[    0.270525] ACPI: PCI Root Bridge [PCI0] (domain 0000 [bus 00-ff])
[    0.270529] acpi PNP0A03:00: _OSC: OS supports [ASPM ClockPM Segments MSI HPX-Type3]
[    0.270974] acpi PNP0A03:00: _OSC: not requesting OS control; OS requires [ExtendedConfig ASPM ClockPM MSI]
[    0.270981] acpi PNP0A03:00: fail to add MMCONFIG information, can't access extended PCI configuration space under this bridge.
[    0.271354] PCI host bridge to bus 0000:00
[    0.271356] pci_bus 0000:00: root bus resource [io  0x0000-0x0cf7 window]
[    0.271357] pci_bus 0000:00: root bus resource [io  0x0d00-0xffff window]
[    0.271358] pci_bus 0000:00: root bus resource [mem 0x000a0000-0x000bffff window]
[    0.271360] pci_bus 0000:00: root bus resource [mem 0x80000000-0xfdffffff window]
[    0.271361] pci_bus 0000:00: root bus resource [bus 00-ff]
[    0.271402] pci 0000:00:00.0: [8086:1237] type 00 class 0x060000
[    0.273172] pci 0000:00:01.0: [8086:7000] type 00 class 0x060100
[    0.273917] pci 0000:00:01.1: [8086:7111] type 00 class 0x01018a
[    0.274281] pci 0000:00:01.1: reg 0x20: [io  0xd000-0xd00f]
[    0.274433] pci 0000:00:01.1: legacy IDE quirk: reg 0x10: [io  0x01f0-0x01f7]
[    0.274434] pci 0000:00:01.1: legacy IDE quirk: reg 0x14: [io  0x03f6]
[    0.274435] pci 0000:00:01.1: legacy IDE quirk: reg 0x18: [io  0x0170-0x0177]
[    0.274436] pci 0000:00:01.1: legacy IDE quirk: reg 0x1c: [io  0x0376]
[    0.274966] pci 0000:00:02.0: [15ad:0405] type 00 class 0x030000
[    0.276609] pci 0000:00:02.0: reg 0x10: [io  0xd010-0xd01f]
[    0.279610] pci 0000:00:02.0: reg 0x14: [mem 0xe0000000-0xe7ffffff pref]
[    0.283494] pci 0000:00:02.0: reg 0x18: [mem 0xf0000000-0xf01fffff]
[    0.293338] pci 0000:00:03.0: [1022:2000] type 00 class 0x020000
[    0.294022] pci 0000:00:03.0: reg 0x10: [io  0xd020-0xd03f]
[    0.296609] pci 0000:00:03.0: reg 0x14: [mem 0xf0200000-0xf0200fff]
[    0.300116] pci 0000:00:04.0: [80ee:cafe] type 00 class 0x088000
[    0.300647] pci 0000:00:04.0: reg 0x10: [io  0xd040-0xd05f]
[    0.301253] pci 0000:00:04.0: reg 0x14: [mem 0xf0400000-0xf07fffff]
[    0.301862] pci 0000:00:04.0: reg 0x18: [mem 0xf0800000-0xf0803fff pref]
[    0.305268] pci 0000:00:07.0: [8086:7113] type 00 class 0x068000
[    0.305802] pci 0000:00:07.0: quirk: [io  0x4000-0x403f] claimed by PIIX4 ACPI
[    0.305811] pci 0000:00:07.0: quirk: [io  0x4100-0x410f] claimed by PIIX4 SMB
[    0.306431] pci 0000:00:08.0: [8086:100e] type 00 class 0x020000
[    0.307125] pci 0000:00:08.0: reg 0x10: [mem 0xf0820000-0xf083ffff]
[    0.308277] pci 0000:00:08.0: reg 0x18: [io  0xd060-0xd067]
[    0.311226] pci 0000:00:09.0: [8086:100e] type 00 class 0x020000
[    0.312620] pci 0000:00:09.0: reg 0x10: [mem 0xf0840000-0xf085ffff]
[    0.313763] pci 0000:00:09.0: reg 0x18: [io  0xd068-0xd06f]
[    0.324680] ACPI: PCI Interrupt Link [LNKA] (IRQs 5 9 10 *11)
[    0.324987] ACPI: PCI Interrupt Link [LNKB] (IRQs 5 9 *10 11)
[    0.325091] ACPI: PCI Interrupt Link [LNKC] (IRQs 5 *9 10 11)
[    0.325195] ACPI: PCI Interrupt Link [LNKD] (IRQs 5 9 10 *11)
[    0.325467] iommu: Default domain type: Translated 
[    0.325528] pci 0000:00:02.0: vgaarb: setting as boot VGA device
[    0.325530] pci 0000:00:02.0: vgaarb: VGA device added: decodes=io+mem,owns=io+mem,locks=none
[    0.325532] pci 0000:00:02.0: vgaarb: bridge control possible
[    0.325532] vgaarb: loaded
[    0.325738] SCSI subsystem initialized
[    0.325767] libata version 3.00 loaded.
[    0.325791] ACPI: bus type USB registered
[    0.325807] usbcore: registered new interface driver usbfs
[    0.325813] usbcore: registered new interface driver hub
[    0.325818] usbcore: registered new device driver usb
[    0.325849] pps_core: LinuxPPS API ver. 1 registered
[    0.325849] pps_core: Software ver. 5.3.6 - Copyright 2005-2007 Rodolfo Giometti <giometti@linux.it>
[    0.325851] PTP clock support registered
[    0.325885] EDAC MC: Ver: 3.0.0
[    0.326165] PCI: Using ACPI for IRQ routing
[    0.326166] PCI: pci_cache_line_size set to 64 bytes
[    0.326342] e820: reserve RAM buffer [mem 0x0009fc00-0x0009ffff]
[    0.326346] e820: reserve RAM buffer [mem 0x7fff0000-0x7fffffff]
[    0.327145] NetLabel: Initializing
[    0.327146] NetLabel:  domain hash size = 128
[    0.327146] NetLabel:  protocols = UNLABELED CIPSOv4 CALIPSO
[    0.327166] NetLabel:  unlabeled traffic allowed by default
[    0.328065] clocksource: Switched to clocksource kvm-clock
[    0.338785] *** VALIDATE bpf ***
[    0.338845] VFS: Disk quotas dquot_6.6.0
[    0.338857] VFS: Dquot-cache hash table entries: 512 (order 0, 4096 bytes)
[    0.338878] *** VALIDATE ramfs ***
[    0.338881] *** VALIDATE hugetlbfs ***
[    0.338958] AppArmor: AppArmor Filesystem Enabled
[    0.338984] pnp: PnP ACPI init
[    0.339050] pnp 00:00: Plug and Play ACPI device, IDs PNP0303 (active)
[    0.339141] pnp 00:01: Plug and Play ACPI device, IDs PNP0f03 (active)
[    0.339885] pnp: PnP ACPI: found 2 devices
[    0.340832] thermal_sys: Registered thermal governor 'fair_share'
[    0.340833] thermal_sys: Registered thermal governor 'bang_bang'
[    0.340833] thermal_sys: Registered thermal governor 'step_wise'
[    0.340834] thermal_sys: Registered thermal governor 'user_space'
[    0.340835] thermal_sys: Registered thermal governor 'power_allocator'
[    0.345348] clocksource: acpi_pm: mask: 0xffffff max_cycles: 0xffffff, max_idle_ns: 2085701024 ns
[    0.345389] pci_bus 0000:00: resource 4 [io  0x0000-0x0cf7 window]
[    0.345390] pci_bus 0000:00: resource 5 [io  0x0d00-0xffff window]
[    0.345391] pci_bus 0000:00: resource 6 [mem 0x000a0000-0x000bffff window]
[    0.345393] pci_bus 0000:00: resource 7 [mem 0x80000000-0xfdffffff window]
[    0.345452] NET: Registered protocol family 2
[    0.345524] IP idents hash table entries: 32768 (order: 6, 262144 bytes, linear)
[    0.345924] MPTCP tokens hash table entries: 8192 (order: 4, 65536 bytes, linear)
[    0.345944] MPTCP request tokens hash table entries: 8192 (order: 4, 65536 bytes, linear)
[    0.345969] default registered
[    0.345970] default registered
[    0.345970] MPTCP: Stable release v0.96
[    0.345976] tcp_listen_portaddr_hash hash table entries: 1024 (order: 2, 16384 bytes, linear)
[    0.346054] TCP established hash table entries: 16384 (order: 5, 131072 bytes, linear)
[    0.346119] TCP bind hash table entries: 16384 (order: 6, 262144 bytes, linear)
[    0.346144] TCP: Hash tables configured (established 16384 bind 16384)
[    0.346828] UDP hash table entries: 1024 (order: 3, 32768 bytes, linear)
[    0.346839] UDP-Lite hash table entries: 1024 (order: 3, 32768 bytes, linear)
[    0.346873] NET: Registered protocol family 1
[    0.346881] NET: Registered protocol family 44
[    0.346900] pci 0000:00:00.0: Limiting direct PCI/PCI transfers
[    0.346912] pci 0000:00:01.0: Activating ISA DMA hang workarounds
[    0.346968] pci 0000:00:02.0: Video device with shadowed ROM at [mem 0x000c0000-0x000dffff]
[    0.347043] PCI: CLS 0 bytes, default 64
[    0.347088] Trying to unpack rootfs image as initramfs...
[    0.525216] Freeing initrd memory: 47868K
[    0.525216] clocksource: tsc: mask: 0xffffffffffffffff max_cycles: 0x1e4530a99b6, max_idle_ns: 440795257976 ns
[    0.525216] clocksource: Switched to clocksource tsc
[    0.525216] platform rtc_cmos: registered platform RTC device (no PNP device found)
[    0.525216] check: Scanning for low memory corruption every 60 seconds
[    0.525216] Initialise system trusted keyrings
[    0.525216] Key type blacklist registered
[    0.525216] workingset: timestamp_bits=36 max_order=19 bucket_order=0
[    0.525216] zbud: loaded
[    0.525216] squashfs: version 4.0 (2009/01/31) Phillip Lougher
[    0.525216] fuse: init (API version 7.31)
[    0.525216] *** VALIDATE fuse ***
[    0.525216] *** VALIDATE fuse ***
[    0.525216] Platform Keyring initialized
[    0.525216] Key type asymmetric registered
[    0.525216] Asymmetric key parser 'x509' registered
[    0.525216] Block layer SCSI generic (bsg) driver version 0.4 loaded (major 244)
[    0.525216] io scheduler mq-deadline registered
[    0.525216] shpchp: Standard Hot Plug PCI Controller Driver version: 0.4
[    0.534606] ACPI: AC Adapter [AC] (on-line)
[    0.534653] input: Power Button as /devices/LNXSYSTM:00/LNXPWRBN:00/input/input0
[    0.534681] ACPI: Power Button [PWRF]
[    0.534768] input: Sleep Button as /devices/LNXSYSTM:00/LNXSLPBN:00/input/input1
[    0.534783] ACPI: Sleep Button [SLPF]
[    0.535040] Serial: 8250/16550 driver, 32 ports, IRQ sharing enabled
[    0.536175] Linux agpgart interface v0.103
[    0.631134] loop: module loaded
[    0.631322] ata_piix 0000:00:01.1: version 2.13
[    0.631827] scsi host0: ata_piix
[    0.631940] scsi host1: ata_piix
[    0.631974] ata1: PATA max UDMA/33 cmd 0x1f0 ctl 0x3f6 bmdma 0xd000 irq 14
[    0.631975] ata2: PATA max UDMA/33 cmd 0x170 ctl 0x376 bmdma 0xd008 irq 15
[    0.632074] tun: Universal TUN/TAP device driver, 1.6
[    0.632433] PPP generic driver version 2.4.2
[    0.632484] VFIO - User Level meta-driver version: 0.3
[    0.632761] ehci_hcd: USB 2.0 'Enhanced' Host Controller (EHCI) Driver
[    0.632766] ehci-pci: EHCI PCI platform driver
[    0.632784] ehci-platform: EHCI generic platform driver
[    0.632791] ohci_hcd: USB 1.1 'Open' Host Controller (OHCI) Driver
[    0.632793] ohci-pci: OHCI PCI platform driver
[    0.632801] ohci-platform: OHCI generic platform driver
[    0.632807] uhci_hcd: USB Universal Host Controller Interface driver
[    0.632886] i8042: PNP: PS/2 Controller [PNP0303:PS2K,PNP0f03:PS2M] at 0x60,0x64 irq 1,12
[    0.633428] serio: i8042 KBD port at 0x60,0x64 irq 1
[    0.633433] serio: i8042 AUX port at 0x60,0x64 irq 12
[    0.633543] mousedev: PS/2 mouse device common for all mice
[    0.633860] input: AT Translated Set 2 keyboard as /devices/platform/i8042/serio0/input/input2
[    0.634332] rtc_cmos rtc_cmos: registered as rtc0
[    0.634348] rtc_cmos rtc_cmos: alarms up to one day, 114 bytes nvram
[    0.634354] i2c /dev entries driver
[    0.634405] device-mapper: uevent: version 1.0.3
[    0.634456] device-mapper: ioctl: 4.41.0-ioctl (2019-09-16) initialised: dm-devel@redhat.com
[    0.634475] platform eisa.0: Probing EISA bus 0
[    0.634477] platform eisa.0: EISA: Cannot allocate resource for mainboard
[    0.634478] platform eisa.0: Cannot allocate resource for EISA slot 1
[    0.634479] platform eisa.0: Cannot allocate resource for EISA slot 2
[    0.634481] platform eisa.0: Cannot allocate resource for EISA slot 3
[    0.634482] platform eisa.0: Cannot allocate resource for EISA slot 4
[    0.634483] platform eisa.0: Cannot allocate resource for EISA slot 5
[    0.634484] platform eisa.0: Cannot allocate resource for EISA slot 6
[    0.634485] platform eisa.0: Cannot allocate resource for EISA slot 7
[    0.634486] platform eisa.0: Cannot allocate resource for EISA slot 8
[    0.634488] platform eisa.0: EISA: Detected 0 cards
[    0.634491] intel_pstate: CPU model not supported
[    0.634503] ledtrig-cpu: registered to indicate activity on CPUs
[    0.634567] drop_monitor: Initializing network drop monitor service
[    0.634761] NET: Registered protocol family 10
[    0.639376] Segment Routing with IPv6
[    0.639376] fullmesh registered
[    0.639376] ndiffports registered
[    0.639376] binder registered
[    0.639376] roundrobin registered
[    0.639376] redundant registered
[    0.639376] blest registered
[    0.639376] ecf registered
[    0.639376] NET: Registered protocol family 17
[    0.639376] Key type dns_resolver registered
[    0.639376] RAS: Correctable Errors collector initialized.
[    0.639376] IPI shorthand broadcast: enabled
[    0.639376] sched_clock: Marking stable (624281728, 11094858)->(637801208, -2424622)
[    0.641554] registered taskstats version 1
[    0.641565] Loading compiled-in X.509 certificates
[    0.642379] Loaded X.509 cert 'Build time autogenerated kernel key: 6909f3744cebb3d0de528d5887b96a727de79b1e'
[    0.642400] zswap: loaded using pool lzo/zbud
[    0.642464] Key type ._fscrypt registered
[    0.642465] Key type .fscrypt registered
[    0.648065] Key type big_key registered
[    0.650823] Key type encrypted registered
[    0.650826] AppArmor: AppArmor sha1 policy hashing enabled
[    0.650835] ima: No TPM chip found, activating TPM-bypass!
[    0.650841] ima: Allocated hash algorithm: sha1
[    0.650847] ima: No architecture policies found
[    0.650859] evm: Initialising EVM extended attributes:
[    0.650859] evm: security.selinux
[    0.650860] evm: security.SMACK64
[    0.650861] evm: security.SMACK64EXEC
[    0.650861] evm: security.SMACK64TRANSMUTE
[    0.650862] evm: security.SMACK64MMAP
[    0.650862] evm: security.apparmor
[    0.650863] evm: security.ima
[    0.650863] evm: security.capability
[    0.650864] evm: HMAC attrs: 0x1
[    0.651201] PM:   Magic number: 10:829:651
[    0.651235] acpi PNP0A03:00: hash matches
[    0.651337] rtc_cmos rtc_cmos: setting system clock to 2026-01-14T21:38:17 UTC (1768426697)
[    0.803774] ata1.00: ATA-6: VBOX HARDDISK, 1.0, max UDMA/133
[    0.803777] ata1.00: 209715200 sectors, multi 128: LBA 
[    0.804347] scsi 0:0:0:0: Direct-Access     ATA      VBOX HARDDISK    1.0  PQ: 0 ANSI: 5
[    0.804597] sd 0:0:0:0: [sda] 209715200 512-byte logical blocks: (107 GB/100 GiB)
[    0.804607] sd 0:0:0:0: [sda] Write Protect is off
[    0.804610] sd 0:0:0:0: [sda] Mode Sense: 00 3a 00 00
[    0.804626] sd 0:0:0:0: [sda] Write cache: enabled, read cache: enabled, doesn't support DPO or FUA
[    0.804896] sd 0:0:0:0: Attached scsi generic sg0 type 0
[    0.805673]  sda: sda1 sda2
[    0.815407] sd 0:0:0:0: [sda] Attached SCSI disk
[    0.820081] Freeing unused decrypted memory: 2040K
[    0.821305] Freeing unused kernel image memory: 2728K
[    0.821309] Write protecting the kernel read-only data: 22528k
[    0.822654] Freeing unused kernel image memory: 2036K
[    0.823377] Freeing unused kernel image memory: 1432K
[    0.856355] x86/mm: Checked W+X mappings: passed, no W+X pages found.
[    0.856359] Run /init as init process
[    0.970226] ACPI: Video Device [GFX0] (multi-head: yes  rom: no  post: no)
[    0.970299] input: Video Bus as /devices/LNXSYSTM:00/LNXSYBUS:00/PNP0A03:00/LNXVIDEO:00/input/input4
[    0.983172] pcnet32: pcnet32.c:v1.35 21.Apr.2008 tsbogend@alpha.franken.de
[    0.984046] pcnet32: PCnet/FAST III 79C973 at 0xd020, 08:00:27:79:87:f7 assigned IRQ 19
[    0.984088] pcnet32: Found PHY 0022:561b at address 0
[    0.984385] pcnet32: eth0: registered as PCnet/FAST III 79C973
[    0.984941] pcnet32: 1 cards_found
[    0.986352] piix4_smbus 0000:00:07.0: SMBus Host Controller at 0x4100, revision 0
[    0.990503] e1000: Intel(R) PRO/1000 Network Driver - version 7.3.21-k8-NAPI
[    0.990503] e1000: Copyright (c) 1999-2006 Intel Corporation.
[    1.060737] pcnet32 0000:00:03.0 enp0s3: renamed from eth0
[    1.201052] input: ImExPS/2 Generic Explorer Mouse as /devices/platform/i8042/serio1/input/input5
[    1.395384] e1000 0000:00:08.0 eth0: (PCI:33MHz:32-bit) 08:00:27:20:8e:e5
[    1.395388] e1000 0000:00:08.0 eth0: Intel(R) PRO/1000 Network Connection
[    1.767378] e1000 0000:00:09.0 eth1: (PCI:33MHz:32-bit) 08:00:27:60:37:86
[    1.767380] e1000 0000:00:09.0 eth1: Intel(R) PRO/1000 Network Connection
[    1.768534] e1000 0000:00:09.0 enp0s9: renamed from eth1
[    1.770308] e1000 0000:00:08.0 enp0s8: renamed from eth0
[    1.924484] EXT4-fs (sda2): mounted filesystem with ordered data mode. Opts: (null)
[    2.015438] systemd[1]: Inserted module 'autofs4'
[    2.027589] systemd[1]: systemd 245.4-4ubuntu3 running in system mode. (+PAM +AUDIT +SELINUX +IMA +APPARMOR +SMACK +SYSVINIT +UTMP +LIBCRYPTSETUP +GCRYPT +GNUTLS +ACL +XZ +LZ4 +SECCOMP +BLKID +ELFUTILS +KMOD +IDN2 -IDN +PCRE2 default-hierarchy=hybrid)
[    2.027619] systemd[1]: Detected virtualization oracle.
[    2.027622] systemd[1]: Detected architecture x86-64.
[    2.028904] systemd[1]: Set hostname to <ztg>.
[    2.153712] systemd[1]: /lib/systemd/system/dbus.socket:5: ListenStream= references a path below legacy directory /var/run/, updating /var/run/dbus/system_bus_socket â†’ /run/dbus/system_bus_socket; please update the unit file accordingly.
[    2.206459] systemd[1]: Created slice system-modprobe.slice.
[    2.206640] systemd[1]: Created slice User and Session Slice.
[    2.206684] systemd[1]: Started Forward Password Requests to Wall Directory Watch.
[    2.206853] systemd[1]: Set up automount Arbitrary Executable File Formats File System Automount Point.
[    2.206886] systemd[1]: Reached target User and Group Name Lookups.
[    2.206896] systemd[1]: Reached target Remote File Systems.
[    2.206903] systemd[1]: Reached target Slices.
[    2.207512] systemd[1]: Listening on Syslog Socket.
[    2.207584] systemd[1]: Listening on fsck to fsckd communication Socket.
[    2.207624] systemd[1]: Listening on initctl Compatibility Named Pipe.
[    2.207759] systemd[1]: Listening on Journal Audit Socket.
[    2.207810] systemd[1]: Listening on Journal Socket (/dev/log).
[    2.207880] systemd[1]: Listening on Journal Socket.
[    2.207945] systemd[1]: Listening on udev Control Socket.
[    2.207983] systemd[1]: Listening on udev Kernel Socket.
[    2.208727] systemd[1]: Mounting Huge Pages File System...
[    2.209818] systemd[1]: Mounting POSIX Message Queue File System...
[    2.210698] systemd[1]: Mounting Kernel Debug File System...
[    2.211610] systemd[1]: Mounting Kernel Trace File System...
[    2.213507] systemd[1]: Starting Journal Service...
[    2.240445] systemd[1]: Starting Set the console keyboard layout...
[    2.248204] systemd[1]: Starting Create list of static device nodes for the current kernel...
[    2.249967] systemd[1]: Starting Load Kernel Module drm...
[    2.250990] systemd[1]: Condition check resulted in Set Up Additional Binary Formats being skipped.
[    2.251030] systemd[1]: Condition check resulted in File System Check on Root Device being skipped.
[    2.264588] systemd[1]: Starting Load Kernel Modules...
[    2.274261] systemd[1]: Starting Remount Root and Kernel File Systems...
[    2.279192] systemd[1]: Starting udev Coldplug all Devices...
[    2.289919] systemd[1]: Starting Uncomplicated firewall...
[    2.291189] systemd[1]: Mounted Huge Pages File System.
[    2.291275] systemd[1]: Mounted POSIX Message Queue File System.
[    2.291346] systemd[1]: Mounted Kernel Debug File System.
[    2.291419] systemd[1]: Mounted Kernel Trace File System.
[    2.293447] EXT4-fs (sda2): re-mounted. Opts: errors=remount-ro
[    2.311847] systemd[1]: Finished Create list of static device nodes for the current kernel.
[    2.312885] systemd[1]: modprobe@drm.service: Succeeded.
[    2.327521] systemd[1]: Finished Load Kernel Module drm.
[    2.334156] systemd[1]: Finished Remount Root and Kernel File Systems.
[    2.335076] systemd[1]: Finished Uncomplicated firewall.
[    2.336835] lp: driver loaded but no devices found
[    2.354515] systemd[1]: Condition check resulted in Rebuild Hardware Database being skipped.
[    2.354566] systemd[1]: Condition check resulted in Platform Persistent Storage Archival being skipped.
[    2.355310] systemd[1]: Starting Load/Save Random Seed...
[    2.361050] systemd[1]: Starting Create System Users...
[    2.366292] ppdev: user-space parallel port driver
[    2.378740] systemd[1]: Finished Load/Save Random Seed.
[    2.384798] systemd[1]: Finished Create System Users.
[    2.385591] systemd[1]: Starting Create Static Device Nodes in /dev...
[    2.426592] systemd[1]: Finished Create Static Device Nodes in /dev.
[    2.427626] systemd[1]: Starting udev Kernel Device Manager...
[    2.452163] systemd[1]: Finished udev Coldplug all Devices.
[    2.453226] [drm] DMA map mode: Caching DMA mappings.
[    2.453288] [drm] Capabilities:
[    2.453288] [drm]   Rect copy.
[    2.453288] [drm]   Cursor.
[    2.453289] [drm]   Cursor bypass.
[    2.453289] [drm]   Cursor bypass 2.
[    2.453289] [drm]   Alpha cursor.
[    2.453290] [drm]   Extended Fifo.
[    2.453290] [drm]   Pitchlock.
[    2.453290] [drm]   Irq mask.
[    2.453291] [drm]   GMR.
[    2.453291] [drm]   Traces.
[    2.453291] [drm]   GMR2.
[    2.453292] [drm]   Screen Object 2.
[    2.453292] [drm]   Command Buffers.
[    2.453293] [drm]   Command Buffers 2.
[    2.453293] [drm]   Guest Backed Resources.
[    2.453294] [drm] Max GMR ids is 8192
[    2.453294] [drm] Max number of GMR pages is 1048576
[    2.453295] [drm] Max dedicated hypervisor surface memory is 393216 kiB
[    2.453296] [drm] Maximum display memory size is 131072 kiB
[    2.453296] [drm] VRAM at 0xe0000000 size is 131072 kiB
[    2.453297] [drm] MMIO at 0xf0000000 size is 2048 kiB
[    2.453888] [TTM] Zone  kernel: Available graphics memory: 1011738 KiB
[    2.453889] [TTM] Initializing pool allocator
[    2.453892] [TTM] Initializing DMA pool allocator
[    2.453925] [drm] Supports vblank timestamp caching Rev 2 (21.10.2013).
[    2.453926] [drm] No driver support for vblank timestamp query.
[    2.454183] [drm] Screen Target Display device initialized
[    2.454388] [drm] width 720
[    2.454400] [drm] height 400
[    2.454404] [drm] bpp 32
[    2.454911] [drm] Fifo max 0x00200000 min 0x00001000 cap 0x00000355
[    2.456000] [drm] Using command buffers with DMA pool.
[    2.456003] [drm] DX: no.
[    2.456003] [drm] Atomic: yes.
[    2.456004] [drm] SM4_1: no.
[    2.456023] [drm:vmw_host_log [vmwgfx]] *ERROR* Failed to send host log message.
[    2.458573] [drm:vmw_host_log [vmwgfx]] *ERROR* Failed to send host log message.
[    2.484541] fbcon: svgadrmfb (fb0) is primary device
[    2.486706] Console: switching to colour frame buffer device 100x37
[    2.491678] [drm] Initialized vmwgfx 2.15.0 20180704 for 0000:00:02.0 on minor 0
[    2.492664] systemd[1]: Finished Load Kernel Modules.
[    2.493575] systemd[1]: Mounting FUSE Control File System...
[    2.494444] systemd[1]: Mounting Kernel Configuration File System...
[    2.510615] systemd[1]: Starting Apply Kernel Variables...
[    2.533593] systemd[1]: Mounted FUSE Control File System.
[    2.533664] systemd[1]: Condition check resulted in VMware vmblock fuse mount being skipped.
[    2.537595] systemd[1]: Mounted Kernel Configuration File System.
[    2.544393] systemd[1]: Finished Set the console keyboard layout.
[    2.544484] systemd[1]: Reached target Local File Systems (Pre).
[    2.551954] systemd[1]: Mounting Mount unit for bare, revision 5...
[    2.553929] systemd[1]: Mounting Mount unit for core18, revision 1705...
[    2.580283] systemd[1]: Mounting Mount unit for gnome-3-34-1804, revision 24...
[    2.582236] systemd[1]: Mounting Mount unit for gtk-common-themes, revision 1506...
[    2.589192] systemd[1]: Mounting Mount unit for gtk-common-themes, revision 1535...
[    2.596135] systemd[1]: Mounting Mount unit for snap-store, revision 433...
[    2.605395] systemd[1]: Mounting Mount unit for snapd, revision 25935...
[    2.613364] systemd[1]: Finished Apply Kernel Variables.
[    2.630222] systemd[1]: Mounted Mount unit for bare, revision 5.
[    2.630309] systemd[1]: Mounted Mount unit for gnome-3-34-1804, revision 24.
[    2.639062] systemd[1]: Mounted Mount unit for core18, revision 1705.
[    2.639399] systemd[1]: Mounted Mount unit for gtk-common-themes, revision 1506.
[    2.641833] systemd[1]: Started udev Kernel Device Manager.
[    2.642532] systemd[1]: Starting Show Plymouth Boot Screen...
[    2.648497] systemd[1]: Received SIGRTMIN+20 from PID 282 (plymouthd).
[    2.688355] systemd[1]: Started Show Plymouth Boot Screen.
[    2.689667] systemd[1]: Condition check resulted in Dispatch Password Requests to Console Directory Watch being skipped.
[    2.689755] systemd[1]: Started Forward Password Requests to Plymouth Directory Watch.
[    2.689792] systemd[1]: Reached target Local Encrypted Volumes.
[    2.738952] systemd[1]: Mounted Mount unit for gtk-common-themes, revision 1535.
[    2.739206] systemd[1]: Mounted Mount unit for snap-store, revision 433.
[    2.739382] systemd[1]: Mounted Mount unit for snapd, revision 25935.
[    2.739526] systemd[1]: Reached target Local File Systems.
[    2.741731] systemd[1]: Starting Load AppArmor profiles...
[    2.742646] systemd[1]: Starting Set console font and keymap...
[    2.755486] systemd[1]: Starting Tell Plymouth To Write Out Runtime Data...
[    2.757829] systemd[1]: Condition check resulted in Store a System Token in an EFI Variable being skipped.
[    2.757881] systemd[1]: Condition check resulted in Commit a transient machine-id on disk being skipped.
[    2.761697] systemd[1]: Finished Set console font and keymap.
[    2.769837] systemd[1]: Received SIGRTMIN+20 from PID 282 (plymouthd).
[    2.771616] systemd[1]: plymouth-read-write.service: Succeeded.
[    2.771850] systemd[1]: Finished Tell Plymouth To Write Out Runtime Data.
[    2.786855] audit: type=1400 audit(1768426699.628:2): apparmor="STATUS" operation="profile_load" profile="unconfined" name="nvidia_modprobe" pid=302 comm="apparmor_parser"
[    2.786857] audit: type=1400 audit(1768426699.628:3): apparmor="STATUS" operation="profile_load" profile="unconfined" name="nvidia_modprobe//kmod" pid=302 comm="apparmor_parser"
[    2.796670] audit: type=1400 audit(1768426699.640:4): apparmor="STATUS" operation="profile_load" profile="unconfined" name="/usr/sbin/tcpdump" pid=303 comm="apparmor_parser"
[    2.847094] audit: type=1400 audit(1768426699.684:5): apparmor="STATUS" operation="profile_load" profile="unconfined" name="/usr/bin/evince" pid=305 comm="apparmor_parser"
[    2.847098] audit: type=1400 audit(1768426699.684:6): apparmor="STATUS" operation="profile_load" profile="unconfined" name="/usr/bin/evince//sanitized_helper" pid=305 comm="apparmor_parser"
[    2.847100] audit: type=1400 audit(1768426699.684:7): apparmor="STATUS" operation="profile_load" profile="unconfined" name="/usr/bin/evince-previewer" pid=305 comm="apparmor_parser"
[    2.847101] audit: type=1400 audit(1768426699.684:8): apparmor="STATUS" operation="profile_load" profile="unconfined" name="/usr/bin/evince-previewer//sanitized_helper" pid=305 comm="apparmor_parser"
[    2.847103] audit: type=1400 audit(1768426699.684:9): apparmor="STATUS" operation="profile_load" profile="unconfined" name="/usr/bin/evince-thumbnailer" pid=305 comm="apparmor_parser"
[    2.862981] audit: type=1400 audit(1768426699.704:10): apparmor="STATUS" operation="profile_load" profile="unconfined" name="/usr/lib/cups/backend/cups-pdf" pid=306 comm="apparmor_parser"
[    2.943621] systemd[1]: Finished Load AppArmor profiles.
[    2.944553] systemd[1]: Starting Load AppArmor profiles managed internally by snapd...
[    3.056510] systemd[1]: Finished Load AppArmor profiles managed internally by snapd.
[    3.205743] systemd[1]: Started Journal Service.
[    3.213336] systemd-journald[229]: Received client request to flush runtime journal.
[    3.217445] systemd-journald[229]: File /var/log/journal/c455b248004a419c87ce85eea238d727/system.journal corrupted or uncleanly shut down, renaming and replacing.
[    4.500193] RAPL PMU: API unit is 2^-32 Joules, 0 fixed counters, 10737418240 ms ovfl timer
[    4.585078] cryptd: max_cpu_qlen set to 1000
[    4.622413] AVX2 version of gcm_enc/dec engaged.
[    4.622414] AES CTR mode by8 optimization enabled
[    6.393503] Adding 1998844k swap on /dev/sda1.  Priority:-2 extents:1 across:1998844k FS
[    7.632535] kauditd_printk_skb: 30 callbacks suppressed
[    7.632536] audit: type=1400 audit(1768426704.476:41): apparmor="DENIED" operation="capable" profile="/usr/sbin/cups-browsed" pid=510 comm="cups-browsed" capability=23  capname="sys_nice"
[    8.788032] pcnet32 0000:00:03.0 enp0s3: link up, 100Mbps, full-duplex
[    8.834570] e1000: enp0s8 NIC Link is Up 1000 Mbps Full Duplex, Flow Control: RX
[    8.834869] IPv6: ADDRCONF(NETDEV_CHANGE): enp0s8: link becomes ready
[    8.853227] e1000: enp0s9 NIC Link is Up 1000 Mbps Full Duplex, Flow Control: RX
[    8.853529] IPv6: ADDRCONF(NETDEV_CHANGE): enp0s9: link becomes ready
[    9.500541] device enp0s3 entered promiscuous mode
[    9.525434] audit: type=1400 audit(1768426706.360:42): apparmor="DENIED" operation="open" profile="/usr/sbin/tcpdump" name="/proc/sys/kernel/random/boot_id" pid=638 comm="tcpdump" requested_mask="r" denied_mask="r" fsuid=0 ouid=0
[    9.525629] audit: type=1400 audit(1768426706.360:43): apparmor="DENIED" operation="open" profile="/usr/sbin/tcpdump" name="/proc/sys/kernel/random/boot_id" pid=638 comm="tcpdump" requested_mask="r" denied_mask="r" fsuid=0 ouid=0
[    9.525737] audit: type=1400 audit(1768426706.360:44): apparmor="DENIED" operation="open" profile="/usr/sbin/tcpdump" name="/proc/sys/kernel/random/boot_id" pid=638 comm="tcpdump" requested_mask="r" denied_mask="r" fsuid=0 ouid=0
[    9.525792] audit: type=1400 audit(1768426706.360:45): apparmor="DENIED" operation="open" profile="/usr/sbin/tcpdump" name="/proc/sys/kernel/random/boot_id" pid=638 comm="tcpdump" requested_mask="r" denied_mask="r" fsuid=0 ouid=0
[    9.535778] audit: type=1400 audit(1768426706.384:46): apparmor="DENIED" operation="open" profile="/usr/sbin/tcpdump" name="/proc/sys/kernel/random/boot_id" pid=639 comm="tcpdump" requested_mask="r" denied_mask="r" fsuid=0 ouid=0
[    9.535948] audit: type=1400 audit(1768426706.384:47): apparmor="DENIED" operation="open" profile="/usr/sbin/tcpdump" name="/proc/sys/kernel/random/boot_id" pid=639 comm="tcpdump" requested_mask="r" denied_mask="r" fsuid=0 ouid=0
[    9.536372] audit: type=1400 audit(1768426706.384:48): apparmor="DENIED" operation="open" profile="/usr/sbin/tcpdump" name="/proc/sys/kernel/random/boot_id" pid=639 comm="tcpdump" requested_mask="r" denied_mask="r" fsuid=0 ouid=0
[    9.536523] audit: type=1400 audit(1768426706.384:49): apparmor="DENIED" operation="open" profile="/usr/sbin/tcpdump" name="/proc/sys/kernel/random/boot_id" pid=639 comm="tcpdump" requested_mask="r" denied_mask="r" fsuid=0 ouid=0
[   15.308103] rfkill: input handler disabled
[  367.754134] AAAAA-TCP_FORW: name:enp0s3: saddr:100932208: daddr:16783984
[  368.420604] AAAAA-TCP_FORW: name:enp0s3: saddr:100932208: daddr:33561200
[  368.948382] AAAAA-TCP_FORW: name:enp0s3: saddr:100932208: daddr:16783984
[  369.896612] AAAAA-TCP_FORW: name:enp0s3: saddr:100932208: daddr:33561200
[  509.002912] rfkill: input handler enabled
[  518.166716] rfkill: input handler disabled
[  702.531064] device enp0s3 left promiscuous mode
