[    0.000000] Linux version 5.4.243-mptcp (root@ztg) (gcc version 12.2.0 (Debian 12.2.0-14+deb12u1)) #53 SMP Wed Dec 24 23:28:15 CST 2025
[    0.000000] Command line: BOOT_IMAGE=/boot/vmlinuz-5.4.243-mptcp root=UUID=98415a12-53b7-4144-8265-0f7ece09e445 ro quiet splash
[    0.000000] KERNEL supported cpus:
[    0.000000]   Intel GenuineIntel
[    0.000000]   AMD AuthenticAMD
[    0.000000]   Hygon HygonGenuine
[    0.000000]   Centaur CentaurHauls
[    0.000000]   zhaoxin   Shanghai  
[    0.000000] x86/fpu: Supporting XSAVE feature 0x001: 'x87 floating point registers'
[    0.000000] x86/fpu: Supporting XSAVE feature 0x002: 'SSE registers'
[    0.000000] x86/fpu: Supporting XSAVE feature 0x004: 'AVX registers'
[    0.000000] x86/fpu: xstate_offset[2]:  576, xstate_sizes[2]:  256
[    0.000000] x86/fpu: Enabled xstate features 0x7, context size is 832 bytes, using 'standard' format.
[    0.000000] BIOS-provided physical RAM map:
[    0.000000] BIOS-e820: [mem 0x0000000000000000-0x000000000009fbff] usable
[    0.000000] BIOS-e820: [mem 0x000000000009fc00-0x000000000009ffff] reserved
[    0.000000] BIOS-e820: [mem 0x00000000000f0000-0x00000000000fffff] reserved
[    0.000000] BIOS-e820: [mem 0x0000000000100000-0x000000007ffeffff] usable
[    0.000000] BIOS-e820: [mem 0x000000007fff0000-0x000000007fffffff] ACPI data
[    0.000000] BIOS-e820: [mem 0x00000000fec00000-0x00000000fec00fff] reserved
[    0.000000] BIOS-e820: [mem 0x00000000fee00000-0x00000000fee00fff] reserved
[    0.000000] BIOS-e820: [mem 0x00000000fffc0000-0x00000000ffffffff] reserved
[    0.000000] NX (Execute Disable) protection: active
[    0.000000] SMBIOS 2.5 present.
[    0.000000] DMI: innotek GmbH VirtualBox/VirtualBox, BIOS VirtualBox 12/01/2006
[    0.000000] Hypervisor detected: KVM
[    0.000000] kvm-clock: Using msrs 4b564d01 and 4b564d00
[    0.000000] kvm-clock: cpu 0, msr 1d201001, primary cpu clock
[    0.000000] kvm-clock: using sched offset of 4460650532 cycles
[    0.000003] clocksource: kvm-clock: mask: 0xffffffffffffffff max_cycles: 0x1cd42e4dffb, max_idle_ns: 881590591483 ns
[    0.000005] tsc: Detected 2100.000 MHz processor
[    0.001889] e820: update [mem 0x00000000-0x00000fff] usable ==> reserved
[    0.001891] e820: remove [mem 0x000a0000-0x000fffff] usable
[    0.001895] last_pfn = 0x7fff0 max_arch_pfn = 0x400000000
[    0.001963] MTRR default type: uncachable
[    0.001964] MTRR fixed ranges enabled:
[    0.001965]   00000-9FFFF write-back
[    0.001966]   A0000-BFFFF uncachable
[    0.001967]   C0000-FFFFF write-protect
[    0.001968] MTRR variable ranges enabled:
[    0.001969]   0 base 000000000000 mask 3FFF80000000 write-back
[    0.001970]   1 disabled
[    0.001970]   2 disabled
[    0.001971]   3 disabled
[    0.001971]   4 disabled
[    0.001972]   5 disabled
[    0.001972]   6 disabled
[    0.001972]   7 disabled
[    0.001973]   8 disabled
[    0.001973]   9 disabled
[    0.001974]   10 disabled
[    0.001974]   11 disabled
[    0.001975]   12 disabled
[    0.001975]   13 disabled
[    0.001976]   14 disabled
[    0.001976]   15 disabled
[    0.001993] x86/PAT: Configuration [0-7]: WB  WC  UC- UC  WB  WP  UC- WT  
[    0.002127] found SMP MP-table at [mem 0x0009fff0-0x0009ffff]
[    0.093124] check: Scanning 1 areas for low memory corruption
[    0.093309] RAMDISK: [mem 0x32271000-0x3512ffff]
[    0.093317] ACPI: Early table checksum verification disabled
[    0.093323] ACPI: RSDP 0x00000000000E0000 000024 (v02 VBOX  )
[    0.093328] ACPI: XSDT 0x000000007FFF0030 00003C (v01 VBOX   VBOXXSDT 00000001 ASL  00000061)
[    0.093335] ACPI: FACP 0x000000007FFF00F0 0000F4 (v04 VBOX   VBOXFACP 00000001 ASL  00000061)
[    0.093342] ACPI: DSDT 0x000000007FFF02E0 002353 (v02 VBOX   VBOXBIOS 00000002 VBOX 00029BF3)
[    0.093346] ACPI: FACS 0x000000007FFF0200 000040
[    0.093349] ACPI: FACS 0x000000007FFF0200 000040
[    0.093353] ACPI: APIC 0x000000007FFF0240 000054 (v02 VBOX   VBOXAPIC 00000001 ASL  00000061)
[    0.093356] ACPI: SSDT 0x000000007FFF02A0 000038 (v01 VBOX   VBOXCPUT 00000002 VBOX 00029BF3)
[    0.093360] ACPI: Reserving FACP table memory at [mem 0x7fff00f0-0x7fff01e3]
[    0.093361] ACPI: Reserving DSDT table memory at [mem 0x7fff02e0-0x7fff2632]
[    0.093361] ACPI: Reserving FACS table memory at [mem 0x7fff0200-0x7fff023f]
[    0.093362] ACPI: Reserving FACS table memory at [mem 0x7fff0200-0x7fff023f]
[    0.093363] ACPI: Reserving APIC table memory at [mem 0x7fff0240-0x7fff0293]
[    0.093363] ACPI: Reserving SSDT table memory at [mem 0x7fff02a0-0x7fff02d7]
[    0.093378] ACPI: Local APIC address 0xfee00000
[    0.093568] No NUMA configuration found
[    0.093569] Faking a node at [mem 0x0000000000000000-0x000000007ffeffff]
[    0.093580] NODE_DATA(0) allocated [mem 0x7ffc5000-0x7ffeffff]
[    0.093841] Zone ranges:
[    0.093842]   DMA      [mem 0x0000000000001000-0x0000000000ffffff]
[    0.093843]   DMA32    [mem 0x0000000001000000-0x000000007ffeffff]
[    0.093844]   Normal   empty
[    0.093844]   Device   empty
[    0.093845] Movable zone start for each node
[    0.093847] Early memory node ranges
[    0.093848]   node   0: [mem 0x0000000000001000-0x000000000009efff]
[    0.093849]   node   0: [mem 0x0000000000100000-0x000000007ffeffff]
[    0.093852] Zeroed struct page in unavailable ranges: 114 pages
[    0.093853] Initmem setup node 0 [mem 0x0000000000001000-0x000000007ffeffff]
[    0.093854] On node 0 totalpages: 524174
[    0.093855]   DMA zone: 64 pages used for memmap
[    0.093856]   DMA zone: 21 pages reserved
[    0.093857]   DMA zone: 3998 pages, LIFO batch:0
[    0.093927]   DMA32 zone: 8128 pages used for memmap
[    0.093927]   DMA32 zone: 520176 pages, LIFO batch:63
[    0.102885] ACPI: PM-Timer IO Port: 0x4008
[    0.102889] ACPI: Local APIC address 0xfee00000
[    0.102961] IOAPIC[0]: apic_id 1, version 32, address 0xfec00000, GSI 0-23
[    0.102964] ACPI: INT_SRC_OVR (bus 0 bus_irq 0 global_irq 2 dfl dfl)
[    0.102966] ACPI: INT_SRC_OVR (bus 0 bus_irq 9 global_irq 9 low level)
[    0.102968] ACPI: IRQ0 used by override.
[    0.102969] ACPI: IRQ9 used by override.
[    0.102972] Using ACPI (MADT) for SMP configuration information
[    0.102981] smpboot: Allowing 1 CPUs, 0 hotplug CPUs
[    0.103007] PM: Registered nosave memory: [mem 0x00000000-0x00000fff]
[    0.103008] PM: Registered nosave memory: [mem 0x0009f000-0x0009ffff]
[    0.103008] PM: Registered nosave memory: [mem 0x000a0000-0x000effff]
[    0.103009] PM: Registered nosave memory: [mem 0x000f0000-0x000fffff]
[    0.103011] [mem 0x80000000-0xfebfffff] available for PCI devices
[    0.103011] Booting paravirtualized kernel on KVM
[    0.103015] clocksource: refined-jiffies: mask: 0xffffffff max_cycles: 0xffffffff, max_idle_ns: 7645519600211568 ns
[    0.103020] setup_percpu: NR_CPUS:8192 nr_cpumask_bits:1 nr_cpu_ids:1 nr_node_ids:1
[    0.104031] percpu: Embedded 60 pages/cpu s208896 r8192 d28672 u2097152
[    0.104036] pcpu-alloc: s208896 r8192 d28672 u2097152 alloc=1*2097152
[    0.104037] pcpu-alloc: [0] 0 
[    0.104064] Built 1 zonelists, mobility grouping on.  Total pages: 515961
[    0.104065] Policy zone: DMA32
[    0.104066] Kernel command line: BOOT_IMAGE=/boot/vmlinuz-5.4.243-mptcp root=UUID=98415a12-53b7-4144-8265-0f7ece09e445 ro quiet splash
[    0.104930] Dentry cache hash table entries: 262144 (order: 9, 2097152 bytes, linear)
[    0.105077] Inode-cache hash table entries: 131072 (order: 8, 1048576 bytes, linear)
[    0.105128] mem auto-init: stack:off, heap alloc:on, heap free:off
[    0.105130] Calgary: detecting Calgary via BIOS EBDA area
[    0.105131] Calgary: Unable to locate Rio Grande table in EBDA - bailing!
[    0.109199] Memory: 1967332K/2096696K available (14339K kernel code, 2398K rwdata, 4712K rodata, 2728K init, 17260K bss, 129364K reserved, 0K cma-reserved)
[    0.110137] SLUB: HWalign=64, Order=0-3, MinObjects=0, CPUs=1, Nodes=1
[    0.110155] ftrace: allocating 43186 entries in 169 pages
[    0.128262] rcu: Hierarchical RCU implementation.
[    0.128264] rcu: 	RCU restricting CPUs from NR_CPUS=8192 to nr_cpu_ids=1.
[    0.128265] 	Tasks RCU enabled.
[    0.128266] rcu: RCU calculated value of scheduler-enlistment delay is 25 jiffies.
[    0.128267] rcu: Adjusting geometry for rcu_fanout_leaf=16, nr_cpu_ids=1
[    0.131227] NR_IRQS: 524544, nr_irqs: 256, preallocated irqs: 16
[    0.131440] random: crng init done
[    0.140732] Console: colour VGA+ 80x25
[    0.140737] printk: console [tty0] enabled
[    0.140756] ACPI: Core revision 20190816
[    0.140851] APIC: Switch to symmetric I/O mode setup
[    0.141100] x2apic enabled
[    0.141336] Switched APIC routing to physical x2apic.
[    0.142459] ..TIMER: vector=0x30 apic1=0 pin1=2 apic2=-1 pin2=-1
[    0.142486] clocksource: tsc-early: mask: 0xffffffffffffffff max_cycles: 0x1e4530a99b6, max_idle_ns: 440795257976 ns
[    0.142492] Calibrating delay loop (skipped) preset value.. 4200.00 BogoMIPS (lpj=8400000)
[    0.142494] pid_max: default: 32768 minimum: 301
[    0.142522] LSM: Security Framework initializing
[    0.142531] Yama: becoming mindful.
[    0.142558] AppArmor: AppArmor initialized
[    0.142592] Mount-cache hash table entries: 4096 (order: 3, 32768 bytes, linear)
[    0.142597] Mountpoint-cache hash table entries: 4096 (order: 3, 32768 bytes, linear)
[    0.142607] *** VALIDATE tmpfs ***
[    0.142739] *** VALIDATE proc ***
[    0.142781] *** VALIDATE cgroup1 ***
[    0.142783] *** VALIDATE cgroup2 ***
[    0.142933] process: using mwait in idle threads
[    0.142938] Last level iTLB entries: 4KB 64, 2MB 8, 4MB 8
[    0.142938] Last level dTLB entries: 4KB 64, 2MB 0, 4MB 0, 1GB 4
[    0.142959] Spectre V1 : Mitigation: usercopy/swapgs barriers and __user pointer sanitization
[    0.142965] Spectre V2 : Mitigation: Retpolines
[    0.142966] Spectre V2 : Spectre v2 / SpectreRSB mitigation: Filling RSB on context switch
[    0.142966] Spectre V2 : Spectre v2 / SpectreRSB : Filling RSB on VMEXIT
[    0.142967] RETBleed: WARNING: Spectre v2 mitigation leaves CPU vulnerable to RETBleed attacks, data leaks possible!
[    0.143320] RETBleed: Vulnerable
[    0.143321] Speculative Store Bypass: Vulnerable
[    0.143325] TAA: Mitigation: TSX disabled
[    0.143325] MMIO Stale Data: Mitigation: Clear CPU buffers
[    0.147537] Freeing SMP alternatives memory: 40K
[    0.259875] smpboot: CPU0: Intel(R) Xeon(R) Silver 4216 CPU @ 2.10GHz (family: 0x6, model: 0x55, stepping: 0x7)
[    0.259993] Performance Events: unsupported p6 CPU model 85 no PMU driver, software events only.
[    0.260028] rcu: Hierarchical SRCU implementation.
[    0.260520] NMI watchdog: Perf NMI watchdog permanently disabled
[    0.260559] smp: Bringing up secondary CPUs ...
[    0.260560] smp: Brought up 1 node, 1 CPU
[    0.260561] smpboot: Max logical packages: 1
[    0.260562] smpboot: Total of 1 processors activated (4200.00 BogoMIPS)
[    0.261529] devtmpfs: initialized
[    0.261576] x86/mm: Memory block size: 128MB
[    0.261923] clocksource: jiffies: mask: 0xffffffff max_cycles: 0xffffffff, max_idle_ns: 7645041785100000 ns
[    0.261929] futex hash table entries: 256 (order: 2, 16384 bytes, linear)
[    0.261972] pinctrl core: initialized pinctrl subsystem
[    0.262075] PM: RTC time: 20:45:32, date: 2026-01-14
[    0.262181] NET: Registered protocol family 16
[    0.262254] audit: initializing netlink subsys (disabled)
[    0.262381] EISA bus registered
[    0.262383] cpuidle: using governor ladder
[    0.262383] cpuidle: using governor menu
[    0.262419] ACPI: bus type PCI registered
[    0.262421] acpiphp: ACPI Hot Plug PCI Controller Driver version: 0.5
[    0.262488] PCI: Using configuration type 1 for base access
[    0.262775] audit: type=2000 audit(1768394739.260:1): state=initialized audit_enabled=0 res=1
[    0.262853] HugeTLB registered 2.00 MiB page size, pre-allocated 0 pages
[    0.263676] ACPI: Added _OSI(Module Device)
[    0.263677] ACPI: Added _OSI(Processor Device)
[    0.263677] ACPI: Added _OSI(3.0 _SCP Extensions)
[    0.263678] ACPI: Added _OSI(Processor Aggregator Device)
[    0.263679] ACPI: Added _OSI(Linux-Dell-Video)
[    0.263680] ACPI: Added _OSI(Linux-Lenovo-NV-HDMI-Audio)
[    0.263681] ACPI: Added _OSI(Linux-HPI-Hybrid-Graphics)
[    0.265626] ACPI: 2 ACPI AML tables successfully acquired and loaded
[    0.267138] ACPI: Interpreter enabled
[    0.267148] ACPI: (supports S0 S5)
[    0.267149] ACPI: Using IOAPIC for interrupt routing
[    0.267356] PCI: Using host bridge windows from ACPI; if necessary, use "pci=nocrs" and report a bug
[    0.267465] ACPI: Enabled 2 GPEs in block 00 to 07
[    0.272340] ACPI: PCI Root Bridge [PCI0] (domain 0000 [bus 00-ff])
[    0.272345] acpi PNP0A03:00: _OSC: OS supports [ASPM ClockPM Segments MSI HPX-Type3]
[    0.272791] acpi PNP0A03:00: _OSC: not requesting OS control; OS requires [ExtendedConfig ASPM ClockPM MSI]
[    0.272799] acpi PNP0A03:00: fail to add MMCONFIG information, can't access extended PCI configuration space under this bridge.
[    0.273181] PCI host bridge to bus 0000:00
[    0.273183] pci_bus 0000:00: root bus resource [io  0x0000-0x0cf7 window]
[    0.273185] pci_bus 0000:00: root bus resource [io  0x0d00-0xffff window]
[    0.273186] pci_bus 0000:00: root bus resource [mem 0x000a0000-0x000bffff window]
[    0.273187] pci_bus 0000:00: root bus resource [mem 0x80000000-0xfdffffff window]
[    0.273188] pci_bus 0000:00: root bus resource [bus 00-ff]
[    0.273227] pci 0000:00:00.0: [8086:1237] type 00 class 0x060000
[    0.274175] pci 0000:00:01.0: [8086:7000] type 00 class 0x060100
[    0.275124] pci 0000:00:01.1: [8086:7111] type 00 class 0x01018a
[    0.275506] pci 0000:00:01.1: reg 0x20: [io  0xd000-0xd00f]
[    0.275662] pci 0000:00:01.1: legacy IDE quirk: reg 0x10: [io  0x01f0-0x01f7]
[    0.275663] pci 0000:00:01.1: legacy IDE quirk: reg 0x14: [io  0x03f6]
[    0.275664] pci 0000:00:01.1: legacy IDE quirk: reg 0x18: [io  0x0170-0x0177]
[    0.275664] pci 0000:00:01.1: legacy IDE quirk: reg 0x1c: [io  0x0376]
[    0.276207] pci 0000:00:02.0: [15ad:0405] type 00 class 0x030000
[    0.278568] pci 0000:00:02.0: reg 0x10: [io  0xd010-0xd01f]
[    0.282536] pci 0000:00:02.0: reg 0x14: [mem 0xe0000000-0xe7ffffff pref]
[    0.285239] pci 0000:00:02.0: reg 0x18: [mem 0xf0000000-0xf01fffff]
[    0.295291] pci 0000:00:03.0: [1022:2000] type 00 class 0x020000
[    0.295986] pci 0000:00:03.0: reg 0x10: [io  0xd020-0xd03f]
[    0.296610] pci 0000:00:03.0: reg 0x14: [mem 0xf0200000-0xf0200fff]
[    0.301072] pci 0000:00:04.0: [80ee:cafe] type 00 class 0x088000
[    0.301768] pci 0000:00:04.0: reg 0x10: [io  0xd040-0xd05f]
[    0.302436] pci 0000:00:04.0: reg 0x14: [mem 0xf0400000-0xf07fffff]
[    0.303143] pci 0000:00:04.0: reg 0x18: [mem 0xf0800000-0xf0803fff pref]
[    0.306531] pci 0000:00:07.0: [8086:7113] type 00 class 0x068000
[    0.307096] pci 0000:00:07.0: quirk: [io  0x4000-0x403f] claimed by PIIX4 ACPI
[    0.307107] pci 0000:00:07.0: quirk: [io  0x4100-0x410f] claimed by PIIX4 SMB
[    0.307696] pci 0000:00:08.0: [1022:2000] type 00 class 0x020000
[    0.308370] pci 0000:00:08.0: reg 0x10: [io  0xd060-0xd07f]
[    0.308987] pci 0000:00:08.0: reg 0x14: [mem 0xf0804000-0xf0804fff]
[    0.312449] pci 0000:00:09.0: [8086:100e] type 00 class 0x020000
[    0.313162] pci 0000:00:09.0: reg 0x10: [mem 0xf0820000-0xf083ffff]
[    0.314608] pci 0000:00:09.0: reg 0x18: [io  0xd080-0xd087]
[    0.323516] ACPI: PCI Interrupt Link [LNKA] (IRQs 5 9 10 *11)
[    0.323803] ACPI: PCI Interrupt Link [LNKB] (IRQs 5 9 *10 11)
[    0.323907] ACPI: PCI Interrupt Link [LNKC] (IRQs 5 *9 10 11)
[    0.324016] ACPI: PCI Interrupt Link [LNKD] (IRQs 5 9 10 *11)
[    0.326736] iommu: Default domain type: Translated 
[    0.326798] pci 0000:00:02.0: vgaarb: setting as boot VGA device
[    0.326800] pci 0000:00:02.0: vgaarb: VGA device added: decodes=io+mem,owns=io+mem,locks=none
[    0.326802] pci 0000:00:02.0: vgaarb: bridge control possible
[    0.326803] vgaarb: loaded
[    0.327016] SCSI subsystem initialized
[    0.327049] libata version 3.00 loaded.
[    0.327071] ACPI: bus type USB registered
[    0.327086] usbcore: registered new interface driver usbfs
[    0.327092] usbcore: registered new interface driver hub
[    0.327097] usbcore: registered new device driver usb
[    0.327125] pps_core: LinuxPPS API ver. 1 registered
[    0.327126] pps_core: Software ver. 5.3.6 - Copyright 2005-2007 Rodolfo Giometti <giometti@linux.it>
[    0.327128] PTP clock support registered
[    0.327162] EDAC MC: Ver: 3.0.0
[    0.327448] PCI: Using ACPI for IRQ routing
[    0.327449] PCI: pci_cache_line_size set to 64 bytes
[    0.327628] e820: reserve RAM buffer [mem 0x0009fc00-0x0009ffff]
[    0.327632] e820: reserve RAM buffer [mem 0x7fff0000-0x7fffffff]
[    0.328422] NetLabel: Initializing
[    0.328422] NetLabel:  domain hash size = 128
[    0.328423] NetLabel:  protocols = UNLABELED CIPSOv4 CALIPSO
[    0.328442] NetLabel:  unlabeled traffic allowed by default
[    0.329341] clocksource: Switched to clocksource kvm-clock
[    0.340830] *** VALIDATE bpf ***
[    0.340892] VFS: Disk quotas dquot_6.6.0
[    0.340904] VFS: Dquot-cache hash table entries: 512 (order 0, 4096 bytes)
[    0.340927] *** VALIDATE ramfs ***
[    0.340930] *** VALIDATE hugetlbfs ***
[    0.341009] AppArmor: AppArmor Filesystem Enabled
[    0.341036] pnp: PnP ACPI init
[    0.341101] pnp 00:00: Plug and Play ACPI device, IDs PNP0303 (active)
[    0.341188] pnp 00:01: Plug and Play ACPI device, IDs PNP0f03 (active)
[    0.341959] pnp: PnP ACPI: found 2 devices
[    0.342948] thermal_sys: Registered thermal governor 'fair_share'
[    0.342949] thermal_sys: Registered thermal governor 'bang_bang'
[    0.342949] thermal_sys: Registered thermal governor 'step_wise'
[    0.342950] thermal_sys: Registered thermal governor 'user_space'
[    0.342951] thermal_sys: Registered thermal governor 'power_allocator'
[    0.347496] clocksource: acpi_pm: mask: 0xffffff max_cycles: 0xffffff, max_idle_ns: 2085701024 ns
[    0.347537] pci_bus 0000:00: resource 4 [io  0x0000-0x0cf7 window]
[    0.347538] pci_bus 0000:00: resource 5 [io  0x0d00-0xffff window]
[    0.347540] pci_bus 0000:00: resource 6 [mem 0x000a0000-0x000bffff window]
[    0.347541] pci_bus 0000:00: resource 7 [mem 0x80000000-0xfdffffff window]
[    0.347600] NET: Registered protocol family 2
[    0.347675] IP idents hash table entries: 32768 (order: 6, 262144 bytes, linear)
[    0.348084] MPTCP tokens hash table entries: 8192 (order: 4, 65536 bytes, linear)
[    0.348105] MPTCP request tokens hash table entries: 8192 (order: 4, 65536 bytes, linear)
[    0.348130] default registered
[    0.348131] default registered
[    0.348131] MPTCP: Stable release v0.96
[    0.348136] tcp_listen_portaddr_hash hash table entries: 1024 (order: 2, 16384 bytes, linear)
[    0.348221] TCP established hash table entries: 16384 (order: 5, 131072 bytes, linear)
[    0.348288] TCP bind hash table entries: 16384 (order: 6, 262144 bytes, linear)
[    0.348320] TCP: Hash tables configured (established 16384 bind 16384)
[    0.349076] UDP hash table entries: 1024 (order: 3, 32768 bytes, linear)
[    0.349088] UDP-Lite hash table entries: 1024 (order: 3, 32768 bytes, linear)
[    0.349128] NET: Registered protocol family 1
[    0.349137] NET: Registered protocol family 44
[    0.349161] pci 0000:00:00.0: Limiting direct PCI/PCI transfers
[    0.349173] pci 0000:00:01.0: Activating ISA DMA hang workarounds
[    0.349225] pci 0000:00:02.0: Video device with shadowed ROM at [mem 0x000c0000-0x000dffff]
[    0.349289] PCI: CLS 0 bytes, default 64
[    0.349338] Trying to unpack rootfs image as initramfs...
[    0.529800] Freeing initrd memory: 47868K
[    0.529890] clocksource: tsc: mask: 0xffffffffffffffff max_cycles: 0x1e4530a99b6, max_idle_ns: 440795257976 ns
[    0.529900] clocksource: Switched to clocksource tsc
[    0.529941] platform rtc_cmos: registered platform RTC device (no PNP device found)
[    0.529969] check: Scanning for low memory corruption every 60 seconds
[    0.530280] Initialise system trusted keyrings
[    0.530288] Key type blacklist registered
[    0.530331] workingset: timestamp_bits=36 max_order=19 bucket_order=0
[    0.530881] zbud: loaded
[    0.530881] squashfs: version 4.0 (2009/01/31) Phillip Lougher
[    0.530881] fuse: init (API version 7.31)
[    0.530881] *** VALIDATE fuse ***
[    0.530881] *** VALIDATE fuse ***
[    0.530881] Platform Keyring initialized
[    0.535358] Key type asymmetric registered
[    0.535359] Asymmetric key parser 'x509' registered
[    0.535368] Block layer SCSI generic (bsg) driver version 0.4 loaded (major 244)
[    0.535406] io scheduler mq-deadline registered
[    0.535525] shpchp: Standard Hot Plug PCI Controller Driver version: 0.4
[    0.535754] ACPI: AC Adapter [AC] (on-line)
[    0.535799] input: Power Button as /devices/LNXSYSTM:00/LNXPWRBN:00/input/input0
[    0.535830] ACPI: Power Button [PWRF]
[    0.535908] input: Sleep Button as /devices/LNXSYSTM:00/LNXSLPBN:00/input/input1
[    0.535923] ACPI: Sleep Button [SLPF]
[    0.536141] Serial: 8250/16550 driver, 32 ports, IRQ sharing enabled
[    0.537338] Linux agpgart interface v0.103
[    0.627108] loop: module loaded
[    0.627258] ata_piix 0000:00:01.1: version 2.13
[    0.627666] scsi host0: ata_piix
[    0.627758] scsi host1: ata_piix
[    0.627784] ata1: PATA max UDMA/33 cmd 0x1f0 ctl 0x3f6 bmdma 0xd000 irq 14
[    0.627785] ata2: PATA max UDMA/33 cmd 0x170 ctl 0x376 bmdma 0xd008 irq 15
[    0.627866] tun: Universal TUN/TAP device driver, 1.6
[    0.628186] PPP generic driver version 2.4.2
[    0.628230] VFIO - User Level meta-driver version: 0.3
[    0.628470] ehci_hcd: USB 2.0 'Enhanced' Host Controller (EHCI) Driver
[    0.628475] ehci-pci: EHCI PCI platform driver
[    0.628491] ehci-platform: EHCI generic platform driver
[    0.628497] ohci_hcd: USB 1.1 'Open' Host Controller (OHCI) Driver
[    0.628498] ohci-pci: OHCI PCI platform driver
[    0.628506] ohci-platform: OHCI generic platform driver
[    0.628511] uhci_hcd: USB Universal Host Controller Interface driver
[    0.628577] i8042: PNP: PS/2 Controller [PNP0303:PS2K,PNP0f03:PS2M] at 0x60,0x64 irq 1,12
[    0.629023] serio: i8042 KBD port at 0x60,0x64 irq 1
[    0.629027] serio: i8042 AUX port at 0x60,0x64 irq 12
[    0.629115] mousedev: PS/2 mouse device common for all mice
[    0.629378] input: AT Translated Set 2 keyboard as /devices/platform/i8042/serio0/input/input2
[    0.629785] rtc_cmos rtc_cmos: registered as rtc0
[    0.629798] rtc_cmos rtc_cmos: alarms up to one day, 114 bytes nvram
[    0.629803] i2c /dev entries driver
[    0.629848] device-mapper: uevent: version 1.0.3
[    0.629893] device-mapper: ioctl: 4.41.0-ioctl (2019-09-16) initialised: dm-devel@redhat.com
[    0.629908] platform eisa.0: Probing EISA bus 0
[    0.629909] platform eisa.0: EISA: Cannot allocate resource for mainboard
[    0.629911] platform eisa.0: Cannot allocate resource for EISA slot 1
[    0.629912] platform eisa.0: Cannot allocate resource for EISA slot 2
[    0.629913] platform eisa.0: Cannot allocate resource for EISA slot 3
[    0.629914] platform eisa.0: Cannot allocate resource for EISA slot 4
[    0.629915] platform eisa.0: Cannot allocate resource for EISA slot 5
[    0.629916] platform eisa.0: Cannot allocate resource for EISA slot 6
[    0.629916] platform eisa.0: Cannot allocate resource for EISA slot 7
[    0.629917] platform eisa.0: Cannot allocate resource for EISA slot 8
[    0.629918] platform eisa.0: EISA: Detected 0 cards
[    0.629921] intel_pstate: CPU model not supported
[    0.629930] ledtrig-cpu: registered to indicate activity on CPUs
[    0.629987] drop_monitor: Initializing network drop monitor service
[    0.630147] NET: Registered protocol family 10
[    0.635224] Segment Routing with IPv6
[    0.635224] fullmesh registered
[    0.635224] ndiffports registered
[    0.635224] binder registered
[    0.635224] roundrobin registered
[    0.635224] redundant registered
[    0.635224] blest registered
[    0.635224] ecf registered
[    0.635224] NET: Registered protocol family 17
[    0.635224] Key type dns_resolver registered
[    0.635224] RAS: Correctable Errors collector initialized.
[    0.635224] IPI shorthand broadcast: enabled
[    0.635224] sched_clock: Marking stable (620166573, 11057458)->(633399873, -2175842)
[    0.635711] registered taskstats version 1
[    0.635724] Loading compiled-in X.509 certificates
[    0.636408] Loaded X.509 cert 'Build time autogenerated kernel key: 6909f3744cebb3d0de528d5887b96a727de79b1e'
[    0.636428] zswap: loaded using pool lzo/zbud
[    0.636484] Key type ._fscrypt registered
[    0.636484] Key type .fscrypt registered
[    0.641507] Key type big_key registered
[    0.643799] Key type encrypted registered
[    0.643802] AppArmor: AppArmor sha1 policy hashing enabled
[    0.643811] ima: No TPM chip found, activating TPM-bypass!
[    0.643816] ima: Allocated hash algorithm: sha1
[    0.643821] ima: No architecture policies found
[    0.643831] evm: Initialising EVM extended attributes:
[    0.643831] evm: security.selinux
[    0.643832] evm: security.SMACK64
[    0.643832] evm: security.SMACK64EXEC
[    0.643833] evm: security.SMACK64TRANSMUTE
[    0.643833] evm: security.SMACK64MMAP
[    0.643834] evm: security.apparmor
[    0.643834] evm: security.ima
[    0.643835] evm: security.capability
[    0.643835] evm: HMAC attrs: 0x1
[    0.644154] PM:   Magic number: 10:379:801
[    0.644187] acpi PNP0F03:00: hash matches
[    0.644270] rtc_cmos rtc_cmos: setting system clock to 2026-01-14T20:45:33 UTC (1768423533)
[    0.800498] ata1.00: ATA-6: VBOX HARDDISK, 1.0, max UDMA/133
[    0.800502] ata1.00: 209715200 sectors, multi 128: LBA 
[    0.801181] scsi 0:0:0:0: Direct-Access     ATA      VBOX HARDDISK    1.0  PQ: 0 ANSI: 5
[    0.801490] sd 0:0:0:0: [sda] 209715200 512-byte logical blocks: (107 GB/100 GiB)
[    0.801502] sd 0:0:0:0: [sda] Write Protect is off
[    0.801505] sd 0:0:0:0: [sda] Mode Sense: 00 3a 00 00
[    0.801524] sd 0:0:0:0: [sda] Write cache: enabled, read cache: enabled, doesn't support DPO or FUA
[    0.801833] sd 0:0:0:0: Attached scsi generic sg0 type 0
[    0.802725]  sda: sda1 sda2
[    0.811387] sd 0:0:0:0: [sda] Attached SCSI disk
[    0.816662] Freeing unused decrypted memory: 2040K
[    0.818013] Freeing unused kernel image memory: 2728K
[    0.818017] Write protecting the kernel read-only data: 22528k
[    0.819496] Freeing unused kernel image memory: 2036K
[    0.820279] Freeing unused kernel image memory: 1432K
[    0.857069] x86/mm: Checked W+X mappings: passed, no W+X pages found.
[    0.857074] Run /init as init process
[    0.963449] ACPI: Video Device [GFX0] (multi-head: yes  rom: no  post: no)
[    0.963520] input: Video Bus as /devices/LNXSYSTM:00/LNXSYBUS:00/PNP0A03:00/LNXVIDEO:00/input/input4
[    0.975300] piix4_smbus 0000:00:07.0: SMBus Host Controller at 0x4100, revision 0
[    0.976820] pcnet32: pcnet32.c:v1.35 21.Apr.2008 tsbogend@alpha.franken.de
[    0.977474] pcnet32: PCnet/FAST III 79C973 at 0xd020, 08:00:27:29:24:c7 assigned IRQ 19
[    0.977516] pcnet32: Found PHY 0022:561b at address 0
[    0.977811] pcnet32: eth0: registered as PCnet/FAST III 79C973
[    0.980217] e1000: Intel(R) PRO/1000 Network Driver - version 7.3.21-k8-NAPI
[    0.980218] e1000: Copyright (c) 1999-2006 Intel Corporation.
[    0.993584] pcnet32: PCnet/FAST III 79C973 at 0xd060, 08:00:27:83:0f:87 assigned IRQ 16
[    0.993628] pcnet32: Found PHY 0022:561b at address 0
[    0.993931] pcnet32: eth1: registered as PCnet/FAST III 79C973
[    0.998514] pcnet32: 2 cards_found
[    1.063389] pcnet32 0000:00:03.0 enp0s3: renamed from eth0
[    1.065016] pcnet32 0000:00:08.0 enp0s8: renamed from eth1
[    1.192516] input: ImExPS/2 Generic Explorer Mouse as /devices/platform/i8042/serio1/input/input5
[    1.395355] e1000 0000:00:09.0 eth0: (PCI:33MHz:32-bit) 08:00:27:63:46:e9
[    1.395359] e1000 0000:00:09.0 eth0: Intel(R) PRO/1000 Network Connection
[    1.396446] e1000 0000:00:09.0 enp0s9: renamed from eth0
[    1.545295] EXT4-fs (sda2): mounted filesystem with ordered data mode. Opts: (null)
[    1.635574] systemd[1]: Inserted module 'autofs4'
[    1.648435] systemd[1]: systemd 245.4-4ubuntu3 running in system mode. (+PAM +AUDIT +SELINUX +IMA +APPARMOR +SMACK +SYSVINIT +UTMP +LIBCRYPTSETUP +GCRYPT +GNUTLS +ACL +XZ +LZ4 +SECCOMP +BLKID +ELFUTILS +KMOD +IDN2 -IDN +PCRE2 default-hierarchy=hybrid)
[    1.648467] systemd[1]: Detected virtualization oracle.
[    1.648472] systemd[1]: Detected architecture x86-64.
[    1.649766] systemd[1]: Set hostname to <ztg>.
[    1.773919] systemd[1]: /lib/systemd/system/dbus.socket:5: ListenStream= references a path below legacy directory /var/run/, updating /var/run/dbus/system_bus_socket â†’ /run/dbus/system_bus_socket; please update the unit file accordingly.
[    1.825811] systemd[1]: Created slice system-modprobe.slice.
[    1.825992] systemd[1]: Created slice User and Session Slice.
[    1.826033] systemd[1]: Started Forward Password Requests to Wall Directory Watch.
[    1.826190] systemd[1]: Set up automount Arbitrary Executable File Formats File System Automount Point.
[    1.826222] systemd[1]: Reached target User and Group Name Lookups.
[    1.826231] systemd[1]: Reached target Remote File Systems.
[    1.826239] systemd[1]: Reached target Slices.
[    1.826781] systemd[1]: Listening on Syslog Socket.
[    1.826847] systemd[1]: Listening on fsck to fsckd communication Socket.
[    1.826885] systemd[1]: Listening on initctl Compatibility Named Pipe.
[    1.827020] systemd[1]: Listening on Journal Audit Socket.
[    1.827074] systemd[1]: Listening on Journal Socket (/dev/log).
[    1.827211] systemd[1]: Listening on Journal Socket.
[    1.827281] systemd[1]: Listening on udev Control Socket.
[    1.827321] systemd[1]: Listening on udev Kernel Socket.
[    1.828024] systemd[1]: Mounting Huge Pages File System...
[    1.828929] systemd[1]: Mounting POSIX Message Queue File System...
[    1.829784] systemd[1]: Mounting Kernel Debug File System...
[    1.830576] systemd[1]: Mounting Kernel Trace File System...
[    1.832384] systemd[1]: Starting Journal Service...
[    1.853840] systemd[1]: Starting Set the console keyboard layout...
[    1.861665] systemd[1]: Starting Create list of static device nodes for the current kernel...
[    1.863673] systemd[1]: Starting Load Kernel Module drm...
[    1.864791] systemd[1]: Condition check resulted in Set Up Additional Binary Formats being skipped.
[    1.864838] systemd[1]: Condition check resulted in File System Check on Root Device being skipped.
[    1.877893] systemd[1]: Starting Load Kernel Modules...
[    1.883152] systemd[1]: Starting Remount Root and Kernel File Systems...
[    1.902054] systemd[1]: Starting udev Coldplug all Devices...
[    1.903076] systemd[1]: Starting Uncomplicated firewall...
[    1.904646] systemd[1]: Mounted Huge Pages File System.
[    1.904736] systemd[1]: Mounted POSIX Message Queue File System.
[    1.904817] systemd[1]: Mounted Kernel Debug File System.
[    1.904893] systemd[1]: Mounted Kernel Trace File System.
[    1.923330] EXT4-fs (sda2): re-mounted. Opts: errors=remount-ro
[    1.942286] systemd[1]: Finished Create list of static device nodes for the current kernel.
[    1.943311] systemd[1]: modprobe@drm.service: Succeeded.
[    1.951027] systemd[1]: Finished Load Kernel Module drm.
[    1.951860] systemd[1]: Finished Remount Root and Kernel File Systems.
[    1.952865] systemd[1]: Finished Uncomplicated firewall.
[    1.969311] lp: driver loaded but no devices found
[    1.970570] systemd[1]: Condition check resulted in Rebuild Hardware Database being skipped.
[    1.970613] systemd[1]: Condition check resulted in Platform Persistent Storage Archival being skipped.
[    1.971258] systemd[1]: Starting Load/Save Random Seed...
[    1.976547] systemd[1]: Starting Create System Users...
[    1.986392] systemd[1]: Finished Load/Save Random Seed.
[    1.988030] ppdev: user-space parallel port driver
[    1.991996] systemd[1]: Finished Create System Users.
[    1.992729] systemd[1]: Starting Create Static Device Nodes in /dev...
[    2.045639] systemd[1]: Finished udev Coldplug all Devices.
[    2.053440] systemd[1]: Finished Create Static Device Nodes in /dev.
[    2.054225] systemd[1]: Starting udev Kernel Device Manager...
[    2.096888] [drm] DMA map mode: Caching DMA mappings.
[    2.096951] [drm] Capabilities:
[    2.096951] [drm]   Rect copy.
[    2.096951] [drm]   Cursor.
[    2.096952] [drm]   Cursor bypass.
[    2.096952] [drm]   Cursor bypass 2.
[    2.096952] [drm]   Alpha cursor.
[    2.096953] [drm]   Extended Fifo.
[    2.096953] [drm]   Pitchlock.
[    2.096953] [drm]   Irq mask.
[    2.096954] [drm]   GMR.
[    2.096954] [drm]   Traces.
[    2.096954] [drm]   GMR2.
[    2.096955] [drm]   Screen Object 2.
[    2.096955] [drm]   Command Buffers.
[    2.096956] [drm]   Command Buffers 2.
[    2.096956] [drm]   Guest Backed Resources.
[    2.096957] [drm] Max GMR ids is 8192
[    2.096957] [drm] Max number of GMR pages is 1048576
[    2.096958] [drm] Max dedicated hypervisor surface memory is 393216 kiB
[    2.096958] [drm] Maximum display memory size is 131072 kiB
[    2.096959] [drm] VRAM at 0xe0000000 size is 131072 kiB
[    2.096960] [drm] MMIO at 0xf0000000 size is 2048 kiB
[    2.098012] [TTM] Zone  kernel: Available graphics memory: 1011738 KiB
[    2.098013] [TTM] Initializing pool allocator
[    2.098015] [TTM] Initializing DMA pool allocator
[    2.098044] [drm] Supports vblank timestamp caching Rev 2 (21.10.2013).
[    2.098045] [drm] No driver support for vblank timestamp query.
[    2.098332] [drm] Screen Target Display device initialized
[    2.098520] [drm] width 720
[    2.098532] [drm] height 400
[    2.098535] [drm] bpp 32
[    2.099058] [drm] Fifo max 0x00200000 min 0x00001000 cap 0x00000355
[    2.100299] [drm] Using command buffers with DMA pool.
[    2.100303] [drm] DX: no.
[    2.100303] [drm] Atomic: yes.
[    2.100304] [drm] SM4_1: no.
[    2.100323] [drm:vmw_host_log [vmwgfx]] *ERROR* Failed to send host log message.
[    2.101244] [drm:vmw_host_log [vmwgfx]] *ERROR* Failed to send host log message.
[    2.113949] systemd[1]: Finished Set the console keyboard layout.
[    2.114049] systemd[1]: Reached target Local File Systems (Pre).
[    2.115058] fbcon: svgadrmfb (fb0) is primary device
[    2.117136] systemd[1]: Mounting Mount unit for bare, revision 5...
[    2.123058] Console: switching to colour frame buffer device 100x37
[    2.124434] systemd[1]: Mounting Mount unit for core18, revision 1705...
[    2.127940] [drm] Initialized vmwgfx 2.15.0 20180704 for 0000:00:02.0 on minor 0
[    2.130686] systemd[1]: Mounting Mount unit for gnome-3-34-1804, revision 24...
[    2.139387] systemd[1]: Mounting Mount unit for gtk-common-themes, revision 1506...
[    2.166684] systemd[1]: Mounting Mount unit for gtk-common-themes, revision 1535...
[    2.183107] systemd[1]: Mounting Mount unit for snap-store, revision 433...
[    2.186897] systemd[1]: Mounting Mount unit for snapd, revision 25935...
[    2.191171] systemd[1]: Finished Load Kernel Modules.
[    2.191578] systemd[1]: Mounted Mount unit for bare, revision 5.
[    2.193470] systemd[1]: Mounting FUSE Control File System...
[    2.214691] systemd[1]: Mounting Kernel Configuration File System...
[    2.217539] systemd[1]: Starting Apply Kernel Variables...
[    2.218599] systemd[1]: Mounted FUSE Control File System.
[    2.218674] systemd[1]: Condition check resulted in VMware vmblock fuse mount being skipped.
[    2.230812] systemd[1]: Mounted Kernel Configuration File System.
[    2.241823] systemd[1]: Finished Apply Kernel Variables.
[    2.253196] systemd[1]: Mounted Mount unit for gnome-3-34-1804, revision 24.
[    2.253290] systemd[1]: Mounted Mount unit for gtk-common-themes, revision 1506.
[    2.262835] systemd[1]: Mounted Mount unit for core18, revision 1705.
[    2.262927] systemd[1]: Mounted Mount unit for gtk-common-themes, revision 1535.
[    2.265599] systemd[1]: Started udev Kernel Device Manager.
[    2.266309] systemd[1]: Starting Show Plymouth Boot Screen...
[    2.270960] systemd[1]: Received SIGRTMIN+20 from PID 275 (plymouthd).
[    2.274060] systemd[1]: Mounted Mount unit for snap-store, revision 433.
[    2.291050] systemd[1]: Mounted Mount unit for snapd, revision 25935.
[    2.293334] systemd[1]: Reached target Local File Systems.
[    2.295748] systemd[1]: Starting Load AppArmor profiles...
[    2.302151] systemd[1]: Starting Set console font and keymap...
[    2.311198] systemd[1]: Starting Tell Plymouth To Write Out Runtime Data...
[    2.314220] systemd[1]: Condition check resulted in Store a System Token in an EFI Variable being skipped.
[    2.314251] systemd[1]: Condition check resulted in Commit a transient machine-id on disk being skipped.
[    2.314375] systemd[1]: Started Show Plymouth Boot Screen.
[    2.315345] systemd[1]: Finished Set console font and keymap.
[    2.315538] systemd[1]: Condition check resulted in Dispatch Password Requests to Console Directory Watch being skipped.
[    2.315612] systemd[1]: Started Forward Password Requests to Plymouth Directory Watch.
[    2.315680] systemd[1]: Reached target Local Encrypted Volumes.
[    2.323942] systemd[1]: Received SIGRTMIN+20 from PID 275 (plymouthd).
[    2.325145] systemd[1]: plymouth-read-write.service: Succeeded.
[    2.325388] systemd[1]: Finished Tell Plymouth To Write Out Runtime Data.
[    2.345759] audit: type=1400 audit(1768423535.196:2): apparmor="STATUS" operation="profile_load" profile="unconfined" name="nvidia_modprobe" pid=294 comm="apparmor_parser"
[    2.345762] audit: type=1400 audit(1768423535.196:3): apparmor="STATUS" operation="profile_load" profile="unconfined" name="nvidia_modprobe//kmod" pid=294 comm="apparmor_parser"
[    2.356778] audit: type=1400 audit(1768423535.208:4): apparmor="STATUS" operation="profile_load" profile="unconfined" name="/usr/sbin/tcpdump" pid=295 comm="apparmor_parser"
[    2.406214] audit: type=1400 audit(1768423535.252:5): apparmor="STATUS" operation="profile_load" profile="unconfined" name="/usr/bin/evince" pid=297 comm="apparmor_parser"
[    2.406216] audit: type=1400 audit(1768423535.252:6): apparmor="STATUS" operation="profile_load" profile="unconfined" name="/usr/bin/evince//sanitized_helper" pid=297 comm="apparmor_parser"
[    2.406218] audit: type=1400 audit(1768423535.252:7): apparmor="STATUS" operation="profile_load" profile="unconfined" name="/usr/bin/evince-previewer" pid=297 comm="apparmor_parser"
[    2.406219] audit: type=1400 audit(1768423535.252:8): apparmor="STATUS" operation="profile_load" profile="unconfined" name="/usr/bin/evince-previewer//sanitized_helper" pid=297 comm="apparmor_parser"
[    2.406221] audit: type=1400 audit(1768423535.252:9): apparmor="STATUS" operation="profile_load" profile="unconfined" name="/usr/bin/evince-thumbnailer" pid=297 comm="apparmor_parser"
[    2.422941] audit: type=1400 audit(1768423535.272:10): apparmor="STATUS" operation="profile_load" profile="unconfined" name="/usr/lib/cups/backend/cups-pdf" pid=303 comm="apparmor_parser"
[    2.501833] systemd[1]: Finished Load AppArmor profiles.
[    2.502753] systemd[1]: Starting Load AppArmor profiles managed internally by snapd...
[    2.613086] systemd[1]: Finished Load AppArmor profiles managed internally by snapd.
[    2.809256] systemd[1]: Started Journal Service.
[    2.816862] systemd-journald[229]: Received client request to flush runtime journal.
[    2.820951] systemd-journald[229]: File /var/log/journal/c455b248004a419c87ce85eea238d727/system.journal corrupted or uncleanly shut down, renaming and replacing.
[    4.087019] RAPL PMU: API unit is 2^-32 Joules, 0 fixed counters, 10737418240 ms ovfl timer
[    4.118347] cryptd: max_cpu_qlen set to 1000
[    4.190919] AVX2 version of gcm_enc/dec engaged.
[    4.190920] AES CTR mode by8 optimization enabled
[    6.000106] Adding 1998844k swap on /dev/sda1.  Priority:-2 extents:1 across:1998844k FS
[    7.248118] kauditd_printk_skb: 30 callbacks suppressed
[    7.248120] audit: type=1400 audit(1768423540.096:41): apparmor="DENIED" operation="capable" profile="/usr/sbin/cups-browsed" pid=508 comm="cups-browsed" capability=23  capname="sys_nice"
[    8.447381] pcnet32 0000:00:03.0 enp0s3: link up, 100Mbps, full-duplex
[    8.461506] pcnet32 0000:00:08.0 enp0s8: link up, 100Mbps, full-duplex
[    8.507438] e1000: enp0s9 NIC Link is Up 1000 Mbps Full Duplex, Flow Control: RX
[    8.507712] IPv6: ADDRCONF(NETDEV_CHANGE): enp0s9: link becomes ready
[    9.046461] device enp0s8 entered promiscuous mode
[    9.069547] device enp0s3 entered promiscuous mode
[    9.109341] audit: type=1400 audit(1768423541.960:42): apparmor="DENIED" operation="open" profile="/usr/sbin/tcpdump" name="/proc/sys/kernel/random/boot_id" pid=638 comm="tcpdump" requested_mask="r" denied_mask="r" fsuid=0 ouid=0
[    9.109725] audit: type=1400 audit(1768423541.960:43): apparmor="DENIED" operation="open" profile="/usr/sbin/tcpdump" name="/proc/sys/kernel/random/boot_id" pid=638 comm="tcpdump" requested_mask="r" denied_mask="r" fsuid=0 ouid=0
[    9.109870] audit: type=1400 audit(1768423541.960:44): apparmor="DENIED" operation="open" profile="/usr/sbin/tcpdump" name="/proc/sys/kernel/random/boot_id" pid=638 comm="tcpdump" requested_mask="r" denied_mask="r" fsuid=0 ouid=0
[    9.111513] audit: type=1400 audit(1768423541.960:45): apparmor="DENIED" operation="open" profile="/usr/sbin/tcpdump" name="/proc/sys/kernel/random/boot_id" pid=637 comm="tcpdump" requested_mask="r" denied_mask="r" fsuid=0 ouid=0
[    9.112431] audit: type=1400 audit(1768423541.964:46): apparmor="DENIED" operation="open" profile="/usr/sbin/tcpdump" name="/proc/sys/kernel/random/boot_id" pid=638 comm="tcpdump" requested_mask="r" denied_mask="r" fsuid=0 ouid=0
[    9.123397] audit: type=1400 audit(1768423541.972:47): apparmor="DENIED" operation="open" profile="/usr/sbin/tcpdump" name="/proc/sys/kernel/random/boot_id" pid=637 comm="tcpdump" requested_mask="r" denied_mask="r" fsuid=0 ouid=0
[    9.124705] audit: type=1400 audit(1768423541.976:48): apparmor="DENIED" operation="open" profile="/usr/sbin/tcpdump" name="/proc/sys/kernel/random/boot_id" pid=637 comm="tcpdump" requested_mask="r" denied_mask="r" fsuid=0 ouid=0
[    9.124808] audit: type=1400 audit(1768423541.976:49): apparmor="DENIED" operation="open" profile="/usr/sbin/tcpdump" name="/proc/sys/kernel/random/boot_id" pid=637 comm="tcpdump" requested_mask="r" denied_mask="r" fsuid=0 ouid=0
[    9.130066] audit: type=1400 audit(1768423541.976:50): apparmor="DENIED" operation="open" profile="/usr/sbin/tcpdump" name="/proc/sys/kernel/random/boot_id" pid=639 comm="tcpdump" requested_mask="r" denied_mask="r" fsuid=0 ouid=0
[   15.035957] rfkill: input handler disabled
[  240.280352] AAAAA-TCP_FORW: name:enp0s8: saddr:100932208: daddr:16783984
[  240.282607] AAAAA-TCP_FORW: name:enp0s3: saddr:16783984: daddr:100932208
[  240.287360] AAAAA-TCP_FORW: name:enp0s8: saddr:100932208: daddr:16783984
[  240.288089] AAAAA-TCP_FORW: name:enp0s3: saddr:16783984: daddr:100932208
[  240.596035] AAAAA-TCP_FORW: name:enp0s8: saddr:100932208: daddr:16783984
[  240.596951] AAAAA-TCP_FORW: name:enp0s3: saddr:16783984: daddr:100932208
[  240.926680] AAAAA-TCP_FORW: name:enp0s8: saddr:100932208: daddr:16783984
[  240.927654] AAAAA-TCP_FORW: name:enp0s3: saddr:16783984: daddr:100932208
[  241.050983] AAAAA-TCP_FORW: name:enp0s8: saddr:100932208: daddr:16783984
[  241.051821] AAAAA-TCP_FORW: name:enp0s3: saddr:16783984: daddr:100932208
[  241.052247] AAAAA-TCP_FORW: name:enp0s3: saddr:16783984: daddr:100932208
[  241.129063] AAAAA-TCP_FORW: name:enp0s8: saddr:100932208: daddr:16783984
[  241.233481] AAAAA-TCP_FORW: name:enp0s8: saddr:100932208: daddr:16783984
[  241.484018] AAAAA-TCP_FORW: name:enp0s8: saddr:100932208: daddr:33561200
[  241.484956] AAAAA-TCP_FORW: name:enp0s3: saddr:33561200: daddr:100932208
[  241.512524] AAAAA-TCP_FORW: name:enp0s8: saddr:100932208: daddr:16783984
[  241.618409] AAAAA-TCP_FORW: name:enp0s8: saddr:100932208: daddr:16783984
[  241.619346] AAAAA-TCP_FORW: name:enp0s3: saddr:16783984: daddr:100932208
[  241.807528] AAAAA-TCP_FORW: name:enp0s8: saddr:100932208: daddr:33561200
[  241.808289] AAAAA-TCP_FORW: name:enp0s3: saddr:33561200: daddr:100932208
[  241.935746] AAAAA-TCP_FORW: name:enp0s8: saddr:100932208: daddr:16783984
[  241.936492] AAAAA-TCP_FORW: name:enp0s3: saddr:16783984: daddr:100932208
[  241.936584] AAAAA-TCP_FORW: name:enp0s3: saddr:33561200: daddr:100932208
[  242.195230] AAAAA-TCP_FORW: name:enp0s8: saddr:100932208: daddr:33561200
[  242.242456] AAAAA-TCP_FORW: name:enp0s8: saddr:100932208: daddr:16783984
[  242.243195] AAAAA-TCP_FORW: name:enp0s3: saddr:16783984: daddr:100932208
[  242.372948] AAAAA-TCP_FORW: name:enp0s8: saddr:100932208: daddr:16783984
[  242.373720] AAAAA-TCP_FORW: name:enp0s3: saddr:16783984: daddr:100932208
[  242.607487] AAAAA-TCP_FORW: name:enp0s8: saddr:100932208: daddr:16783984
[  242.608215] AAAAA-TCP_FORW: name:enp0s3: saddr:16783984: daddr:100932208
[  242.610156] AAAAA-TCP_FORW: name:enp0s3: saddr:33561200: daddr:100932208
[  242.848514] AAAAA-TCP_FORW: name:enp0s8: saddr:100932208: daddr:33561200
[  242.849232] AAAAA-TCP_FORW: name:enp0s3: saddr:33561200: daddr:100932208
[  243.026941] AAAAA-TCP_FORW: name:enp0s8: saddr:100932208: daddr:33561200
[  243.028000] AAAAA-TCP_FORW: name:enp0s3: saddr:33561200: daddr:100932208
[  243.054955] AAAAA-TCP_FORW: name:enp0s8: saddr:100932208: daddr:33561200
[  243.055692] AAAAA-TCP_FORW: name:enp0s3: saddr:33561200: daddr:100932208
[  243.197001] AAAAA-TCP_FORW: name:enp0s8: saddr:100932208: daddr:33561200
[  243.251007] AAAAA-TCP_FORW: name:enp0s8: saddr:100932208: daddr:16783984
[  243.251745] AAAAA-TCP_FORW: name:enp0s3: saddr:16783984: daddr:100932208
[  243.422781] AAAAA-TCP_FORW: name:enp0s8: saddr:100932208: daddr:16783984
[  243.423559] AAAAA-TCP_FORW: name:enp0s3: saddr:16783984: daddr:100932208
[  243.610832] AAAAA-TCP_FORW: name:enp0s8: saddr:100932208: daddr:16783984
[  243.611993] AAAAA-TCP_FORW: name:enp0s3: saddr:16783984: daddr:100932208
[  243.789885] AAAAA-TCP_FORW: name:enp0s8: saddr:100932208: daddr:16783984
[  243.790481] AAAAA-TCP_FORW: name:enp0s3: saddr:16783984: daddr:100932208
[  243.932681] AAAAA-TCP_FORW: name:enp0s8: saddr:100932208: daddr:16783984
[  243.933416] AAAAA-TCP_FORW: name:enp0s3: saddr:16783984: daddr:100932208
[  244.026709] AAAAA-TCP_FORW: name:enp0s8: saddr:100932208: daddr:16783984
[  244.027473] AAAAA-TCP_FORW: name:enp0s3: saddr:16783984: daddr:100932208
[  244.112803] AAAAA-TCP_FORW: name:enp0s8: saddr:100932208: daddr:16783984
[  244.113496] AAAAA-TCP_FORW: name:enp0s3: saddr:16783984: daddr:100932208
[  244.292056] AAAAA-TCP_FORW: name:enp0s8: saddr:100932208: daddr:16783984
[  244.293233] AAAAA-TCP_FORW: name:enp0s3: saddr:16783984: daddr:100932208
[  244.432774] AAAAA-TCP_FORW: name:enp0s8: saddr:100932208: daddr:16783984
[  244.433515] AAAAA-TCP_FORW: name:enp0s3: saddr:16783984: daddr:100932208
[  244.490082] AAAAA-TCP_FORW: name:enp0s8: saddr:100932208: daddr:16783984
[  244.490841] AAAAA-TCP_FORW: name:enp0s3: saddr:16783984: daddr:100932208
[  244.558680] AAAAA-TCP_FORW: name:enp0s8: saddr:100932208: daddr:33561200
[  244.559461] AAAAA-TCP_FORW: name:enp0s3: saddr:33561200: daddr:100932208
[  244.665404] AAAAA-TCP_FORW: name:enp0s8: saddr:100932208: daddr:33561200
[  244.666174] AAAAA-TCP_FORW: name:enp0s3: saddr:33561200: daddr:100932208
[  244.692219] AAAAA-TCP_FORW: name:enp0s8: saddr:100932208: daddr:33561200
[  244.692928] AAAAA-TCP_FORW: name:enp0s3: saddr:33561200: daddr:100932208
[  244.801047] AAAAA-TCP_FORW: name:enp0s8: saddr:100932208: daddr:33561200
[  244.802299] AAAAA-TCP_FORW: name:enp0s3: saddr:33561200: daddr:100932208
[  244.888955] AAAAA-TCP_FORW: name:enp0s8: saddr:100932208: daddr:33561200
[  244.890111] AAAAA-TCP_FORW: name:enp0s3: saddr:33561200: daddr:100932208
[  244.971677] AAAAA-TCP_FORW: name:enp0s8: saddr:100932208: daddr:33561200
[  244.972451] AAAAA-TCP_FORW: name:enp0s3: saddr:33561200: daddr:100932208
[  245.208621] AAAAA-TCP_FORW: name:enp0s8: saddr:100932208: daddr:33561200
[  245.209844] AAAAA-TCP_FORW: name:enp0s3: saddr:33561200: daddr:100932208
[  245.255188] AAAAA-TCP_FORW: name:enp0s8: saddr:100932208: daddr:33561200
[  245.256318] AAAAA-TCP_FORW: name:enp0s3: saddr:33561200: daddr:100932208
[  245.351194] AAAAA-TCP_FORW: name:enp0s8: saddr:100932208: daddr:33561200
[  245.351922] AAAAA-TCP_FORW: name:enp0s3: saddr:33561200: daddr:100932208
[  245.401428] AAAAA-TCP_FORW: name:enp0s8: saddr:100932208: daddr:33561200
[  245.402194] AAAAA-TCP_FORW: name:enp0s3: saddr:33561200: daddr:100932208
[  245.480105] AAAAA-TCP_FORW: name:enp0s8: saddr:100932208: daddr:16783984
[  245.481266] AAAAA-TCP_FORW: name:enp0s3: saddr:16783984: daddr:100932208
[  245.566151] AAAAA-TCP_FORW: name:enp0s8: saddr:100932208: daddr:33561200
[  245.567320] AAAAA-TCP_FORW: name:enp0s3: saddr:33561200: daddr:100932208
[  245.727532] AAAAA-TCP_FORW: name:enp0s8: saddr:100932208: daddr:16783984
[  245.728828] AAAAA-TCP_FORW: name:enp0s3: saddr:16783984: daddr:100932208
[  245.810538] AAAAA-TCP_FORW: name:enp0s8: saddr:100932208: daddr:16783984
[  245.811653] AAAAA-TCP_FORW: name:enp0s3: saddr:16783984: daddr:100932208
[  245.866797] AAAAA-TCP_FORW: name:enp0s8: saddr:100932208: daddr:16783984
[  245.867533] AAAAA-TCP_FORW: name:enp0s3: saddr:16783984: daddr:100932208
[  245.978386] AAAAA-TCP_FORW: name:enp0s8: saddr:100932208: daddr:16783984
[  245.979655] AAAAA-TCP_FORW: name:enp0s3: saddr:16783984: daddr:100932208
[  246.003307] AAAAA-TCP_FORW: name:enp0s8: saddr:100932208: daddr:16783984
[  246.004071] AAAAA-TCP_FORW: name:enp0s3: saddr:16783984: daddr:100932208
[  246.122009] AAAAA-TCP_FORW: name:enp0s8: saddr:100932208: daddr:16783984
[  246.122760] AAAAA-TCP_FORW: name:enp0s3: saddr:16783984: daddr:100932208
[  246.217459] AAAAA-TCP_FORW: name:enp0s8: saddr:100932208: daddr:33561200
[  246.218198] AAAAA-TCP_FORW: name:enp0s3: saddr:33561200: daddr:100932208
[  246.426457] AAAAA-TCP_FORW: name:enp0s8: saddr:100932208: daddr:16783984
[  246.427626] AAAAA-TCP_FORW: name:enp0s3: saddr:16783984: daddr:100932208
[  246.510056] AAAAA-TCP_FORW: name:enp0s8: saddr:100932208: daddr:16783984
[  246.511208] AAAAA-TCP_FORW: name:enp0s3: saddr:16783984: daddr:100932208
[  246.735867] AAAAA-TCP_FORW: name:enp0s8: saddr:100932208: daddr:16783984
[  246.736621] AAAAA-TCP_FORW: name:enp0s3: saddr:16783984: daddr:100932208
[  246.811603] AAAAA-TCP_FORW: name:enp0s8: saddr:100932208: daddr:16783984
[  246.812445] AAAAA-TCP_FORW: name:enp0s3: saddr:16783984: daddr:100932208
[  246.887138] AAAAA-TCP_FORW: name:enp0s8: saddr:100932208: daddr:16783984
[  246.888000] AAAAA-TCP_FORW: name:enp0s3: saddr:16783984: daddr:100932208
[  246.987895] AAAAA-TCP_FORW: name:enp0s8: saddr:100932208: daddr:16783984
[  246.988697] AAAAA-TCP_FORW: name:enp0s3: saddr:16783984: daddr:100932208
[  247.043646] AAAAA-TCP_FORW: name:enp0s8: saddr:100932208: daddr:16783984
[  247.044390] AAAAA-TCP_FORW: name:enp0s3: saddr:16783984: daddr:100932208
[  247.187427] AAAAA-TCP_FORW: name:enp0s8: saddr:100932208: daddr:16783984
[  247.188612] AAAAA-TCP_FORW: name:enp0s3: saddr:16783984: daddr:100932208
[  247.350101] AAAAA-TCP_FORW: name:enp0s8: saddr:100932208: daddr:16783984
[  247.351265] AAAAA-TCP_FORW: name:enp0s3: saddr:16783984: daddr:100932208
[  247.401063] AAAAA-TCP_FORW: name:enp0s8: saddr:100932208: daddr:16783984
[  247.402228] AAAAA-TCP_FORW: name:enp0s3: saddr:16783984: daddr:100932208
[  247.492807] AAAAA-TCP_FORW: name:enp0s8: saddr:100932208: daddr:16783984
[  247.534519] AAAAA-TCP_FORW: name:enp0s3: saddr:16783984: daddr:100932208
[  247.577340] AAAAA-TCP_FORW: name:enp0s8: saddr:100932208: daddr:16783984
[  247.623212] AAAAA-TCP_FORW: name:enp0s8: saddr:100932208: daddr:33561200
[  247.623935] AAAAA-TCP_FORW: name:enp0s3: saddr:33561200: daddr:100932208
[  247.666273] AAAAA-TCP_FORW: name:enp0s3: saddr:16783984: daddr:100932208
[  247.739653] AAAAA-TCP_FORW: name:enp0s8: saddr:100932208: daddr:16783984
[  247.802794] AAAAA-TCP_FORW: name:enp0s8: saddr:100932208: daddr:16783984
[  247.803532] AAAAA-TCP_FORW: name:enp0s3: saddr:16783984: daddr:100932208
[  247.893611] AAAAA-TCP_FORW: name:enp0s8: saddr:100932208: daddr:33561200
[  247.894810] AAAAA-TCP_FORW: name:enp0s3: saddr:33561200: daddr:100932208
[  247.966455] AAAAA-TCP_FORW: name:enp0s8: saddr:100932208: daddr:33561200
[  247.967286] AAAAA-TCP_FORW: name:enp0s3: saddr:33561200: daddr:100932208
[  248.120353] AAAAA-TCP_FORW: name:enp0s8: saddr:100932208: daddr:33561200
[  248.121193] AAAAA-TCP_FORW: name:enp0s3: saddr:33561200: daddr:100932208
[  248.294114] AAAAA-TCP_FORW: name:enp0s8: saddr:100932208: daddr:33561200
[  248.295410] AAAAA-TCP_FORW: name:enp0s3: saddr:33561200: daddr:100932208
[  248.345744] AAAAA-TCP_FORW: name:enp0s8: saddr:100932208: daddr:33561200
[  248.346542] AAAAA-TCP_FORW: name:enp0s3: saddr:33561200: daddr:100932208
[  248.638134] AAAAA-TCP_FORW: name:enp0s8: saddr:100932208: daddr:33561200
[  248.638904] AAAAA-TCP_FORW: name:enp0s3: saddr:33561200: daddr:100932208
[  248.757631] AAAAA-TCP_FORW: name:enp0s8: saddr:100932208: daddr:33561200
[  248.758928] AAAAA-TCP_FORW: name:enp0s3: saddr:33561200: daddr:100932208
[  249.002070] AAAAA-TCP_FORW: name:enp0s8: saddr:100932208: daddr:33561200
[  249.003306] AAAAA-TCP_FORW: name:enp0s3: saddr:33561200: daddr:100932208
[  249.245411] AAAAA-TCP_FORW: name:enp0s8: saddr:100932208: daddr:33561200
[  249.246555] AAAAA-TCP_FORW: name:enp0s3: saddr:33561200: daddr:100932208
[  249.318950] AAAAA-TCP_FORW: name:enp0s8: saddr:100932208: daddr:33561200
[  249.320078] AAAAA-TCP_FORW: name:enp0s3: saddr:33561200: daddr:100932208
[  249.467823] AAAAA-TCP_FORW: name:enp0s8: saddr:100932208: daddr:33561200
[  249.468602] AAAAA-TCP_FORW: name:enp0s3: saddr:33561200: daddr:100932208
[  249.510799] AAAAA-TCP_FORW: name:enp0s8: saddr:100932208: daddr:33561200
[  249.511690] AAAAA-TCP_FORW: name:enp0s3: saddr:33561200: daddr:100932208
[  249.582869] AAAAA-TCP_FORW: name:enp0s8: saddr:100932208: daddr:33561200
[  249.584378] AAAAA-TCP_FORW: name:enp0s3: saddr:33561200: daddr:100932208
[  249.619060] AAAAA-TCP_FORW: name:enp0s8: saddr:100932208: daddr:33561200
[  249.619933] AAAAA-TCP_FORW: name:enp0s3: saddr:33561200: daddr:100932208
[  249.688846] AAAAA-TCP_FORW: name:enp0s8: saddr:100932208: daddr:33561200
[  249.690147] AAAAA-TCP_FORW: name:enp0s3: saddr:33561200: daddr:100932208
[  249.775964] AAAAA-TCP_FORW: name:enp0s8: saddr:100932208: daddr:33561200
[  249.776830] AAAAA-TCP_FORW: name:enp0s3: saddr:33561200: daddr:100932208
[  249.809611] AAAAA-TCP_FORW: name:enp0s8: saddr:100932208: daddr:33561200
[  249.810918] AAAAA-TCP_FORW: name:enp0s3: saddr:33561200: daddr:100932208
[  249.900545] AAAAA-TCP_FORW: name:enp0s8: saddr:100932208: daddr:33561200
[  249.901269] AAAAA-TCP_FORW: name:enp0s3: saddr:33561200: daddr:100932208
[  250.086517] AAAAA-TCP_FORW: name:enp0s8: saddr:100932208: daddr:16783984
[  250.087311] AAAAA-TCP_FORW: name:enp0s3: saddr:16783984: daddr:100932208
[  250.167415] AAAAA-TCP_FORW: name:enp0s8: saddr:100932208: daddr:16783984
[  250.168132] AAAAA-TCP_FORW: name:enp0s3: saddr:16783984: daddr:100932208
[  250.254024] AAAAA-TCP_FORW: name:enp0s8: saddr:100932208: daddr:16783984
[  250.255189] AAAAA-TCP_FORW: name:enp0s3: saddr:16783984: daddr:100932208
[  250.313257] AAAAA-TCP_FORW: name:enp0s8: saddr:100932208: daddr:16783984
[  250.314692] AAAAA-TCP_FORW: name:enp0s3: saddr:16783984: daddr:100932208
[  250.419719] AAAAA-TCP_FORW: name:enp0s8: saddr:100932208: daddr:16783984
[  250.420528] AAAAA-TCP_FORW: name:enp0s3: saddr:16783984: daddr:100932208
[  250.496404] AAAAA-TCP_FORW: name:enp0s8: saddr:100932208: daddr:16783984
[  250.497213] AAAAA-TCP_FORW: name:enp0s3: saddr:16783984: daddr:100932208
[  250.606273] AAAAA-TCP_FORW: name:enp0s8: saddr:100932208: daddr:16783984
[  250.607126] AAAAA-TCP_FORW: name:enp0s3: saddr:16783984: daddr:100932208
[  250.747549] AAAAA-TCP_FORW: name:enp0s8: saddr:100932208: daddr:16783984
[  250.748500] AAAAA-TCP_FORW: name:enp0s3: saddr:16783984: daddr:100932208
[  250.826908] AAAAA-TCP_FORW: name:enp0s8: saddr:100932208: daddr:16783984
[  250.827686] AAAAA-TCP_FORW: name:enp0s3: saddr:16783984: daddr:100932208
[  250.850016] AAAAA-TCP_FORW: name:enp0s8: saddr:100932208: daddr:16783984
[  250.850740] AAAAA-TCP_FORW: name:enp0s3: saddr:16783984: daddr:100932208
[  250.884950] AAAAA-TCP_FORW: name:enp0s8: saddr:100932208: daddr:16783984
[  250.885731] AAAAA-TCP_FORW: name:enp0s3: saddr:16783984: daddr:100932208
[  251.001115] AAAAA-TCP_FORW: name:enp0s8: saddr:100932208: daddr:16783984
[  251.001848] AAAAA-TCP_FORW: name:enp0s3: saddr:16783984: daddr:100932208
[  251.059593] AAAAA-TCP_FORW: name:enp0s8: saddr:100932208: daddr:16783984
[  251.060337] AAAAA-TCP_FORW: name:enp0s3: saddr:16783984: daddr:100932208
[  251.135778] AAAAA-TCP_FORW: name:enp0s8: saddr:100932208: daddr:16783984
[  251.136961] AAAAA-TCP_FORW: name:enp0s3: saddr:16783984: daddr:100932208
[  251.563533] AAAAA-TCP_FORW: name:enp0s8: saddr:100932208: daddr:33561200
[  251.565013] AAAAA-TCP_FORW: name:enp0s3: saddr:33561200: daddr:100932208
[  251.635001] AAAAA-TCP_FORW: name:enp0s8: saddr:100932208: daddr:33561200
[  251.635721] AAAAA-TCP_FORW: name:enp0s3: saddr:33561200: daddr:100932208
[  251.974453] AAAAA-TCP_FORW: name:enp0s8: saddr:100932208: daddr:16783984
[  251.975658] AAAAA-TCP_FORW: name:enp0s3: saddr:16783984: daddr:100932208
[  266.330086] AAAAA-TCP_FORW: name:enp0s8: saddr:100932208: daddr:16783984
[  266.331674] AAAAA-TCP_FORW: name:enp0s3: saddr:16783984: daddr:100932208
[  266.484598] AAAAA-TCP_FORW: name:enp0s8: saddr:100932208: daddr:16783984
[  266.485702] AAAAA-TCP_FORW: name:enp0s3: saddr:16783984: daddr:100932208
[  266.600335] AAAAA-TCP_FORW: name:enp0s8: saddr:100932208: daddr:16783984
[  266.601761] AAAAA-TCP_FORW: name:enp0s3: saddr:16783984: daddr:100932208
[  266.746466] AAAAA-TCP_FORW: name:enp0s8: saddr:100932208: daddr:16783984
[  266.747398] AAAAA-TCP_FORW: name:enp0s3: saddr:16783984: daddr:100932208
[  266.916917] AAAAA-TCP_FORW: name:enp0s8: saddr:100932208: daddr:16783984
[  266.917950] AAAAA-TCP_FORW: name:enp0s3: saddr:16783984: daddr:100932208
[  267.049731] AAAAA-TCP_FORW: name:enp0s8: saddr:100932208: daddr:16783984
[  267.050851] AAAAA-TCP_FORW: name:enp0s3: saddr:16783984: daddr:100932208
[  267.141353] AAAAA-TCP_FORW: name:enp0s8: saddr:100932208: daddr:16783984
[  267.142693] AAAAA-TCP_FORW: name:enp0s3: saddr:16783984: daddr:100932208
[  267.277279] AAAAA-TCP_FORW: name:enp0s8: saddr:100932208: daddr:16783984
[  267.278357] AAAAA-TCP_FORW: name:enp0s3: saddr:16783984: daddr:100932208
[  267.429269] AAAAA-TCP_FORW: name:enp0s8: saddr:100932208: daddr:16783984
[  267.430420] AAAAA-TCP_FORW: name:enp0s3: saddr:16783984: daddr:100932208
[  267.559649] AAAAA-TCP_FORW: name:enp0s8: saddr:100932208: daddr:16783984
[  267.560908] AAAAA-TCP_FORW: name:enp0s3: saddr:16783984: daddr:100932208
[  267.674341] AAAAA-TCP_FORW: name:enp0s8: saddr:100932208: daddr:16783984
[  267.675482] AAAAA-TCP_FORW: name:enp0s3: saddr:16783984: daddr:100932208
[  268.022210] AAAAA-TCP_FORW: name:enp0s8: saddr:100932208: daddr:16783984
[  268.023389] AAAAA-TCP_FORW: name:enp0s3: saddr:16783984: daddr:100932208
[  268.187697] AAAAA-TCP_FORW: name:enp0s8: saddr:100932208: daddr:16783984
[  268.188469] AAAAA-TCP_FORW: name:enp0s3: saddr:16783984: daddr:100932208
[  268.293668] AAAAA-TCP_FORW: name:enp0s8: saddr:100932208: daddr:16783984
[  268.294913] AAAAA-TCP_FORW: name:enp0s3: saddr:16783984: daddr:100932208
[  268.387828] AAAAA-TCP_FORW: name:enp0s8: saddr:100932208: daddr:16783984
[  268.388991] AAAAA-TCP_FORW: name:enp0s3: saddr:16783984: daddr:100932208
[  268.544906] AAAAA-TCP_FORW: name:enp0s8: saddr:100932208: daddr:16783984
[  268.546091] AAAAA-TCP_FORW: name:enp0s3: saddr:16783984: daddr:100932208
[  268.735263] AAAAA-TCP_FORW: name:enp0s8: saddr:100932208: daddr:16783984
[  268.778610] AAAAA-TCP_FORW: name:enp0s3: saddr:16783984: daddr:100932208
[  268.972930] AAAAA-TCP_FORW: name:enp0s8: saddr:100932208: daddr:16783984
[  269.002908] AAAAA-TCP_FORW: name:enp0s8: saddr:100932208: daddr:33561200
[  269.003949] AAAAA-TCP_FORW: name:enp0s3: saddr:33561200: daddr:100932208
[  269.052174] AAAAA-TCP_FORW: name:enp0s8: saddr:100932208: daddr:33561200
[  269.053269] AAAAA-TCP_FORW: name:enp0s3: saddr:33561200: daddr:100932208
[  269.054536] AAAAA-TCP_FORW: name:enp0s3: saddr:16783984: daddr:100932208
[  269.372862] AAAAA-TCP_FORW: name:enp0s8: saddr:100932208: daddr:33561200
[  269.374016] AAAAA-TCP_FORW: name:enp0s3: saddr:33561200: daddr:100932208
[  269.561885] AAAAA-TCP_FORW: name:enp0s8: saddr:100932208: daddr:33561200
[  269.562922] AAAAA-TCP_FORW: name:enp0s3: saddr:33561200: daddr:100932208
[  269.613870] AAAAA-TCP_FORW: name:enp0s8: saddr:100932208: daddr:33561200
[  269.615018] AAAAA-TCP_FORW: name:enp0s3: saddr:33561200: daddr:100932208
[  269.752655] AAAAA-TCP_FORW: name:enp0s8: saddr:100932208: daddr:33561200
[  269.753906] AAAAA-TCP_FORW: name:enp0s3: saddr:33561200: daddr:100932208
[  269.851746] AAAAA-TCP_FORW: name:enp0s8: saddr:100932208: daddr:33561200
[  269.852882] AAAAA-TCP_FORW: name:enp0s3: saddr:33561200: daddr:100932208
[  269.928938] AAAAA-TCP_FORW: name:enp0s8: saddr:100932208: daddr:33561200
[  269.930049] AAAAA-TCP_FORW: name:enp0s3: saddr:33561200: daddr:100932208
[  270.084727] AAAAA-TCP_FORW: name:enp0s8: saddr:100932208: daddr:33561200
[  270.085898] AAAAA-TCP_FORW: name:enp0s3: saddr:33561200: daddr:100932208
[  270.257521] AAAAA-TCP_FORW: name:enp0s8: saddr:100932208: daddr:33561200
[  270.258541] AAAAA-TCP_FORW: name:enp0s3: saddr:33561200: daddr:100932208
[  270.413471] AAAAA-TCP_FORW: name:enp0s8: saddr:100932208: daddr:33561200
[  270.414491] AAAAA-TCP_FORW: name:enp0s3: saddr:33561200: daddr:100932208
[  270.598019] AAAAA-TCP_FORW: name:enp0s8: saddr:100932208: daddr:16783984
[  270.599177] AAAAA-TCP_FORW: name:enp0s3: saddr:16783984: daddr:100932208
[  270.869396] AAAAA-TCP_FORW: name:enp0s8: saddr:100932208: daddr:16783984
[  270.870490] AAAAA-TCP_FORW: name:enp0s3: saddr:16783984: daddr:100932208
[  271.009425] AAAAA-TCP_FORW: name:enp0s8: saddr:100932208: daddr:16783984
[  271.010614] AAAAA-TCP_FORW: name:enp0s3: saddr:16783984: daddr:100932208
[  271.127805] AAAAA-TCP_FORW: name:enp0s8: saddr:100932208: daddr:16783984
[  271.128870] AAAAA-TCP_FORW: name:enp0s3: saddr:16783984: daddr:100932208
[  271.401898] AAAAA-TCP_FORW: name:enp0s8: saddr:100932208: daddr:16783984
[  271.403036] AAAAA-TCP_FORW: name:enp0s3: saddr:16783984: daddr:100932208
[  271.582811] AAAAA-TCP_FORW: name:enp0s8: saddr:100932208: daddr:16783984
[  271.584219] AAAAA-TCP_FORW: name:enp0s3: saddr:16783984: daddr:100932208
[  271.707474] AAAAA-TCP_FORW: name:enp0s8: saddr:100932208: daddr:16783984
[  271.708777] AAAAA-TCP_FORW: name:enp0s3: saddr:16783984: daddr:100932208
[  271.809523] AAAAA-TCP_FORW: name:enp0s8: saddr:100932208: daddr:16783984
[  271.810855] AAAAA-TCP_FORW: name:enp0s3: saddr:16783984: daddr:100932208
[  271.982124] AAAAA-TCP_FORW: name:enp0s8: saddr:100932208: daddr:16783984
[  271.983232] AAAAA-TCP_FORW: name:enp0s3: saddr:16783984: daddr:100932208
[  272.248762] AAAAA-TCP_FORW: name:enp0s8: saddr:100932208: daddr:16783984
[  272.249803] AAAAA-TCP_FORW: name:enp0s3: saddr:16783984: daddr:100932208
[  272.373858] AAAAA-TCP_FORW: name:enp0s8: saddr:100932208: daddr:16783984
[  272.374899] AAAAA-TCP_FORW: name:enp0s3: saddr:16783984: daddr:100932208
[  272.466028] AAAAA-TCP_FORW: name:enp0s8: saddr:100932208: daddr:16783984
[  272.467535] AAAAA-TCP_FORW: name:enp0s3: saddr:16783984: daddr:100932208
[  272.662430] AAAAA-TCP_FORW: name:enp0s8: saddr:100932208: daddr:16783984
[  272.663366] AAAAA-TCP_FORW: name:enp0s3: saddr:16783984: daddr:100932208
[  272.829885] AAAAA-TCP_FORW: name:enp0s8: saddr:100932208: daddr:16783984
[  272.831003] AAAAA-TCP_FORW: name:enp0s3: saddr:16783984: daddr:100932208
[  272.991885] AAAAA-TCP_FORW: name:enp0s8: saddr:100932208: daddr:16783984
[  272.993015] AAAAA-TCP_FORW: name:enp0s3: saddr:16783984: daddr:100932208
[  273.222260] AAAAA-TCP_FORW: name:enp0s8: saddr:100932208: daddr:16783984
[  273.223374] AAAAA-TCP_FORW: name:enp0s3: saddr:16783984: daddr:100932208
[  273.346319] AAAAA-TCP_FORW: name:enp0s8: saddr:100932208: daddr:16783984
[  273.347475] AAAAA-TCP_FORW: name:enp0s3: saddr:16783984: daddr:100932208
[  273.415776] AAAAA-TCP_FORW: name:enp0s8: saddr:100932208: daddr:16783984
[  273.416851] AAAAA-TCP_FORW: name:enp0s3: saddr:16783984: daddr:100932208
[  273.474545] AAAAA-TCP_FORW: name:enp0s8: saddr:100932208: daddr:16783984
[  273.475640] AAAAA-TCP_FORW: name:enp0s3: saddr:16783984: daddr:100932208
[  273.596361] AAAAA-TCP_FORW: name:enp0s8: saddr:100932208: daddr:16783984
[  273.598848] AAAAA-TCP_FORW: name:enp0s3: saddr:16783984: daddr:100932208
[  273.702825] AAAAA-TCP_FORW: name:enp0s8: saddr:100932208: daddr:16783984
[  273.705336] AAAAA-TCP_FORW: name:enp0s3: saddr:16783984: daddr:100932208
[  273.801848] AAAAA-TCP_FORW: name:enp0s8: saddr:100932208: daddr:16783984
[  273.804219] AAAAA-TCP_FORW: name:enp0s3: saddr:16783984: daddr:100932208
[  274.083299] AAAAA-TCP_FORW: name:enp0s8: saddr:100932208: daddr:16783984
[  274.085574] AAAAA-TCP_FORW: name:enp0s3: saddr:16783984: daddr:100932208
[  274.232458] AAAAA-TCP_FORW: name:enp0s8: saddr:100932208: daddr:16783984
[  274.234504] AAAAA-TCP_FORW: name:enp0s3: saddr:16783984: daddr:100932208
[  274.331485] AAAAA-TCP_FORW: name:enp0s8: saddr:100932208: daddr:33561200
[  274.332545] AAAAA-TCP_FORW: name:enp0s3: saddr:33561200: daddr:100932208
[  274.422181] AAAAA-TCP_FORW: name:enp0s8: saddr:100932208: daddr:33561200
[  274.423508] AAAAA-TCP_FORW: name:enp0s3: saddr:33561200: daddr:100932208
[  274.470231] AAAAA-TCP_FORW: name:enp0s8: saddr:100932208: daddr:33561200
[  274.471371] AAAAA-TCP_FORW: name:enp0s3: saddr:33561200: daddr:100932208
[  274.582311] AAAAA-TCP_FORW: name:enp0s8: saddr:100932208: daddr:16783984
[  274.584552] AAAAA-TCP_FORW: name:enp0s3: saddr:16783984: daddr:100932208
[  274.688367] AAAAA-TCP_FORW: name:enp0s8: saddr:100932208: daddr:33561200
[  274.689513] AAAAA-TCP_FORW: name:enp0s3: saddr:33561200: daddr:100932208
[  274.837335] AAAAA-TCP_FORW: name:enp0s8: saddr:100932208: daddr:33561200
[  274.838243] AAAAA-TCP_FORW: name:enp0s3: saddr:33561200: daddr:100932208
[  274.934856] AAAAA-TCP_FORW: name:enp0s8: saddr:100932208: daddr:33561200
[  274.936049] AAAAA-TCP_FORW: name:enp0s3: saddr:33561200: daddr:100932208
[  275.044389] AAAAA-TCP_FORW: name:enp0s8: saddr:100932208: daddr:33561200
[  275.045587] AAAAA-TCP_FORW: name:enp0s3: saddr:33561200: daddr:100932208
[  275.118639] AAAAA-TCP_FORW: name:enp0s8: saddr:100932208: daddr:33561200
[  275.119665] AAAAA-TCP_FORW: name:enp0s3: saddr:33561200: daddr:100932208
[  275.252632] AAAAA-TCP_FORW: name:enp0s8: saddr:100932208: daddr:33561200
[  275.254184] AAAAA-TCP_FORW: name:enp0s3: saddr:33561200: daddr:100932208
[  275.342098] AAAAA-TCP_FORW: name:enp0s8: saddr:100932208: daddr:33561200
[  275.343242] AAAAA-TCP_FORW: name:enp0s3: saddr:33561200: daddr:100932208
[  275.417685] AAAAA-TCP_FORW: name:enp0s8: saddr:100932208: daddr:33561200
[  275.418926] AAAAA-TCP_FORW: name:enp0s3: saddr:33561200: daddr:100932208
[  275.532313] AAAAA-TCP_FORW: name:enp0s8: saddr:100932208: daddr:33561200
[  275.533456] AAAAA-TCP_FORW: name:enp0s3: saddr:33561200: daddr:100932208
[  275.811149] AAAAA-TCP_FORW: name:enp0s8: saddr:100932208: daddr:16783984
[  275.813294] AAAAA-TCP_FORW: name:enp0s3: saddr:16783984: daddr:100932208
[  275.932878] AAAAA-TCP_FORW: name:enp0s8: saddr:100932208: daddr:16783984
[  275.935327] AAAAA-TCP_FORW: name:enp0s3: saddr:16783984: daddr:100932208
[  276.031927] AAAAA-TCP_FORW: name:enp0s8: saddr:100932208: daddr:16783984
[  276.034366] AAAAA-TCP_FORW: name:enp0s3: saddr:16783984: daddr:100932208
[  276.121794] AAAAA-TCP_FORW: name:enp0s8: saddr:100932208: daddr:16783984
[  276.124254] AAAAA-TCP_FORW: name:enp0s3: saddr:16783984: daddr:100932208
[  276.223922] AAAAA-TCP_FORW: name:enp0s8: saddr:100932208: daddr:16783984
[  276.226225] AAAAA-TCP_FORW: name:enp0s3: saddr:16783984: daddr:100932208
[  276.314652] AAAAA-TCP_FORW: name:enp0s8: saddr:100932208: daddr:16783984
[  276.316812] AAAAA-TCP_FORW: name:enp0s3: saddr:16783984: daddr:100932208
[  276.437792] AAAAA-TCP_FORW: name:enp0s8: saddr:100932208: daddr:16783984
[  276.439987] AAAAA-TCP_FORW: name:enp0s3: saddr:16783984: daddr:100932208
[  276.530170] AAAAA-TCP_FORW: name:enp0s8: saddr:100932208: daddr:16783984
[  276.532363] AAAAA-TCP_FORW: name:enp0s3: saddr:16783984: daddr:100932208
[  276.632192] AAAAA-TCP_FORW: name:enp0s8: saddr:100932208: daddr:16783984
[  276.634710] AAAAA-TCP_FORW: name:enp0s3: saddr:16783984: daddr:100932208
[  276.890799] AAAAA-TCP_FORW: name:enp0s8: saddr:100932208: daddr:16783984
[  276.893284] AAAAA-TCP_FORW: name:enp0s3: saddr:16783984: daddr:100932208
[  277.054315] AAAAA-TCP_FORW: name:enp0s8: saddr:100932208: daddr:16783984
[  277.056737] AAAAA-TCP_FORW: name:enp0s3: saddr:16783984: daddr:100932208
[  277.156718] AAAAA-TCP_FORW: name:enp0s8: saddr:100932208: daddr:16783984
[  277.159141] AAAAA-TCP_FORW: name:enp0s3: saddr:16783984: daddr:100932208
[  277.241772] AAAAA-TCP_FORW: name:enp0s8: saddr:100932208: daddr:16783984
[  277.243034] AAAAA-TCP_FORW: name:enp0s3: saddr:16783984: daddr:100932208
[  277.332886] AAAAA-TCP_FORW: name:enp0s8: saddr:100932208: daddr:16783984
[  277.334074] AAAAA-TCP_FORW: name:enp0s3: saddr:16783984: daddr:100932208
[  277.403347] AAAAA-TCP_FORW: name:enp0s8: saddr:100932208: daddr:16783984
[  277.404457] AAAAA-TCP_FORW: name:enp0s3: saddr:16783984: daddr:100932208
[  277.456764] AAAAA-TCP_FORW: name:enp0s8: saddr:100932208: daddr:16783984
[  277.457816] AAAAA-TCP_FORW: name:enp0s3: saddr:16783984: daddr:100932208
[  277.518828] AAAAA-TCP_FORW: name:enp0s8: saddr:100932208: daddr:16783984
[  277.519978] AAAAA-TCP_FORW: name:enp0s3: saddr:16783984: daddr:100932208
[  277.655706] AAAAA-TCP_FORW: name:enp0s8: saddr:100932208: daddr:16783984
[  277.657041] AAAAA-TCP_FORW: name:enp0s3: saddr:16783984: daddr:100932208
[  277.786997] AAAAA-TCP_FORW: name:enp0s8: saddr:100932208: daddr:33561200
[  277.788373] AAAAA-TCP_FORW: name:enp0s3: saddr:33561200: daddr:100932208
[  277.855877] AAAAA-TCP_FORW: name:enp0s8: saddr:100932208: daddr:33561200
[  277.856723] AAAAA-TCP_FORW: name:enp0s3: saddr:33561200: daddr:100932208
[  277.949199] AAAAA-TCP_FORW: name:enp0s8: saddr:100932208: daddr:33561200
[  277.950341] AAAAA-TCP_FORW: name:enp0s3: saddr:33561200: daddr:100932208
[  278.259408] AAAAA-TCP_FORW: name:enp0s8: saddr:100932208: daddr:33561200
[  298.346751] AAAAA-TCP_FORW: name:enp0s8: saddr:100932208: daddr:16783984
[  298.347899] AAAAA-TCP_FORW: name:enp0s3: saddr:16783984: daddr:100932208
[  298.419548] AAAAA-TCP_FORW: name:enp0s8: saddr:100932208: daddr:16783984
[  298.420524] AAAAA-TCP_FORW: name:enp0s3: saddr:16783984: daddr:100932208
[  298.632725] AAAAA-TCP_FORW: name:enp0s8: saddr:100932208: daddr:16783984
[  298.633945] AAAAA-TCP_FORW: name:enp0s3: saddr:16783984: daddr:100932208
[  298.829426] AAAAA-TCP_FORW: name:enp0s8: saddr:100932208: daddr:16783984
[  298.830672] AAAAA-TCP_FORW: name:enp0s3: saddr:16783984: daddr:100932208
[  298.894975] AAAAA-TCP_FORW: name:enp0s8: saddr:100932208: daddr:16783984
[  298.896143] AAAAA-TCP_FORW: name:enp0s3: saddr:16783984: daddr:100932208
[  299.068301] AAAAA-TCP_FORW: name:enp0s8: saddr:100932208: daddr:16783984
[  299.069364] AAAAA-TCP_FORW: name:enp0s3: saddr:16783984: daddr:100932208
[  299.164489] AAAAA-TCP_FORW: name:enp0s8: saddr:100932208: daddr:16783984
[  299.165633] AAAAA-TCP_FORW: name:enp0s3: saddr:16783984: daddr:100932208
[  299.230899] AAAAA-TCP_FORW: name:enp0s8: saddr:100932208: daddr:16783984
[  299.231987] AAAAA-TCP_FORW: name:enp0s3: saddr:16783984: daddr:100932208
[  299.310257] AAAAA-TCP_FORW: name:enp0s8: saddr:100932208: daddr:16783984
[  299.311280] AAAAA-TCP_FORW: name:enp0s3: saddr:16783984: daddr:100932208
[  299.412206] AAAAA-TCP_FORW: name:enp0s8: saddr:100932208: daddr:16783984
[  299.413318] AAAAA-TCP_FORW: name:enp0s3: saddr:16783984: daddr:100932208
[  299.584966] AAAAA-TCP_FORW: name:enp0s8: saddr:100932208: daddr:16783984
[  299.586137] AAAAA-TCP_FORW: name:enp0s3: saddr:16783984: daddr:100932208
[  299.709482] AAAAA-TCP_FORW: name:enp0s8: saddr:100932208: daddr:33561200
[  299.710532] AAAAA-TCP_FORW: name:enp0s3: saddr:33561200: daddr:100932208
[  299.910690] AAAAA-TCP_FORW: name:enp0s8: saddr:100932208: daddr:33561200
[  299.911772] AAAAA-TCP_FORW: name:enp0s3: saddr:33561200: daddr:100932208
[  300.025127] AAAAA-TCP_FORW: name:enp0s8: saddr:100932208: daddr:33561200
[  300.026313] AAAAA-TCP_FORW: name:enp0s3: saddr:33561200: daddr:100932208
[  300.791593] AAAAA-TCP_FORW: name:enp0s8: saddr:100932208: daddr:16783984
[  300.792776] AAAAA-TCP_FORW: name:enp0s3: saddr:16783984: daddr:100932208
[  300.901662] AAAAA-TCP_FORW: name:enp0s8: saddr:100932208: daddr:16783984
[  300.902814] AAAAA-TCP_FORW: name:enp0s3: saddr:16783984: daddr:100932208
[  300.960344] AAAAA-TCP_FORW: name:enp0s8: saddr:100932208: daddr:16783984
[  300.961405] AAAAA-TCP_FORW: name:enp0s3: saddr:16783984: daddr:100932208
[  301.030570] AAAAA-TCP_FORW: name:enp0s8: saddr:100932208: daddr:16783984
[  301.031648] AAAAA-TCP_FORW: name:enp0s3: saddr:16783984: daddr:100932208
[  301.103997] AAAAA-TCP_FORW: name:enp0s8: saddr:100932208: daddr:16783984
[  301.105177] AAAAA-TCP_FORW: name:enp0s3: saddr:16783984: daddr:100932208
[  301.217373] AAAAA-TCP_FORW: name:enp0s8: saddr:100932208: daddr:16783984
[  301.218540] AAAAA-TCP_FORW: name:enp0s3: saddr:16783984: daddr:100932208
[  301.279870] AAAAA-TCP_FORW: name:enp0s8: saddr:100932208: daddr:16783984
[  301.281011] AAAAA-TCP_FORW: name:enp0s3: saddr:16783984: daddr:100932208
[  301.388848] AAAAA-TCP_FORW: name:enp0s8: saddr:100932208: daddr:16783984
[  301.390268] AAAAA-TCP_FORW: name:enp0s3: saddr:16783984: daddr:100932208
[  301.467419] AAAAA-TCP_FORW: name:enp0s8: saddr:100932208: daddr:16783984
[  301.468621] AAAAA-TCP_FORW: name:enp0s3: saddr:16783984: daddr:100932208
[  301.594201] AAAAA-TCP_FORW: name:enp0s8: saddr:100932208: daddr:16783984
[  301.595608] AAAAA-TCP_FORW: name:enp0s3: saddr:16783984: daddr:100932208
[  301.704946] AAAAA-TCP_FORW: name:enp0s8: saddr:100932208: daddr:16783984
[  301.706199] AAAAA-TCP_FORW: name:enp0s3: saddr:16783984: daddr:100932208
[  301.792937] AAAAA-TCP_FORW: name:enp0s8: saddr:100932208: daddr:16783984
[  301.794079] AAAAA-TCP_FORW: name:enp0s3: saddr:16783984: daddr:100932208
[  301.893806] AAAAA-TCP_FORW: name:enp0s8: saddr:100932208: daddr:16783984
[  301.894941] AAAAA-TCP_FORW: name:enp0s3: saddr:16783984: daddr:100932208
[  301.970494] AAAAA-TCP_FORW: name:enp0s8: saddr:100932208: daddr:33561200
[  301.971571] AAAAA-TCP_FORW: name:enp0s3: saddr:33561200: daddr:100932208
[  302.087152] AAAAA-TCP_FORW: name:enp0s8: saddr:100932208: daddr:33561200
[  302.088829] AAAAA-TCP_FORW: name:enp0s3: saddr:33561200: daddr:100932208
[  302.168014] AAAAA-TCP_FORW: name:enp0s8: saddr:100932208: daddr:33561200
[  302.169132] AAAAA-TCP_FORW: name:enp0s3: saddr:33561200: daddr:100932208
[  302.253247] AAAAA-TCP_FORW: name:enp0s8: saddr:100932208: daddr:33561200
[  302.254136] AAAAA-TCP_FORW: name:enp0s3: saddr:33561200: daddr:100932208
[  302.328147] AAAAA-TCP_FORW: name:enp0s8: saddr:100932208: daddr:16783984
[  302.329277] AAAAA-TCP_FORW: name:enp0s3: saddr:16783984: daddr:100932208
[  302.487989] AAAAA-TCP_FORW: name:enp0s8: saddr:100932208: daddr:16783984
[  302.489186] AAAAA-TCP_FORW: name:enp0s3: saddr:16783984: daddr:100932208
[  302.572973] AAAAA-TCP_FORW: name:enp0s8: saddr:100932208: daddr:16783984
[  302.574059] AAAAA-TCP_FORW: name:enp0s3: saddr:16783984: daddr:100932208
[  302.699220] AAAAA-TCP_FORW: name:enp0s8: saddr:100932208: daddr:16783984
[  302.701002] AAAAA-TCP_FORW: name:enp0s3: saddr:16783984: daddr:100932208
[  302.786875] AAAAA-TCP_FORW: name:enp0s8: saddr:100932208: daddr:16783984
[  302.788104] AAAAA-TCP_FORW: name:enp0s3: saddr:16783984: daddr:100932208
[  302.936197] AAAAA-TCP_FORW: name:enp0s8: saddr:100932208: daddr:16783984
[  302.937704] AAAAA-TCP_FORW: name:enp0s3: saddr:16783984: daddr:100932208
[  303.030587] AAAAA-TCP_FORW: name:enp0s8: saddr:100932208: daddr:16783984
[  303.032199] AAAAA-TCP_FORW: name:enp0s3: saddr:16783984: daddr:100932208
[  303.117175] AAAAA-TCP_FORW: name:enp0s8: saddr:100932208: daddr:16783984
[  303.118281] AAAAA-TCP_FORW: name:enp0s3: saddr:16783984: daddr:100932208
[  303.181668] AAAAA-TCP_FORW: name:enp0s8: saddr:100932208: daddr:16783984
[  303.182793] AAAAA-TCP_FORW: name:enp0s3: saddr:16783984: daddr:100932208
[  303.302395] AAAAA-TCP_FORW: name:enp0s8: saddr:100932208: daddr:16783984
[  303.304110] AAAAA-TCP_FORW: name:enp0s3: saddr:16783984: daddr:100932208
[  303.400410] AAAAA-TCP_FORW: name:enp0s8: saddr:100932208: daddr:16783984
[  303.401588] AAAAA-TCP_FORW: name:enp0s3: saddr:16783984: daddr:100932208
[  303.484180] AAAAA-TCP_FORW: name:enp0s8: saddr:100932208: daddr:16783984
[  303.485372] AAAAA-TCP_FORW: name:enp0s3: saddr:16783984: daddr:100932208
[  303.570472] AAAAA-TCP_FORW: name:enp0s8: saddr:100932208: daddr:16783984
[  303.571654] AAAAA-TCP_FORW: name:enp0s3: saddr:16783984: daddr:100932208
[  303.658191] AAAAA-TCP_FORW: name:enp0s8: saddr:100932208: daddr:33561200
[  303.659585] AAAAA-TCP_FORW: name:enp0s3: saddr:33561200: daddr:100932208
[  303.730653] AAAAA-TCP_FORW: name:enp0s8: saddr:100932208: daddr:33561200
[  303.732035] AAAAA-TCP_FORW: name:enp0s3: saddr:33561200: daddr:100932208
[  303.813150] AAAAA-TCP_FORW: name:enp0s8: saddr:100932208: daddr:33561200
[  303.814345] AAAAA-TCP_FORW: name:enp0s3: saddr:33561200: daddr:100932208
[  303.894621] AAAAA-TCP_FORW: name:enp0s8: saddr:100932208: daddr:33561200
[  303.895794] AAAAA-TCP_FORW: name:enp0s3: saddr:33561200: daddr:100932208
[  304.040972] AAAAA-TCP_FORW: name:enp0s8: saddr:100932208: daddr:16783984
[  304.042562] AAAAA-TCP_FORW: name:enp0s3: saddr:16783984: daddr:100932208
[  304.128514] AAAAA-TCP_FORW: name:enp0s8: saddr:100932208: daddr:16783984
[  304.129595] AAAAA-TCP_FORW: name:enp0s3: saddr:16783984: daddr:100932208
[  304.205343] AAAAA-TCP_FORW: name:enp0s8: saddr:100932208: daddr:16783984
[  304.206453] AAAAA-TCP_FORW: name:enp0s3: saddr:16783984: daddr:100932208
[  304.289003] AAAAA-TCP_FORW: name:enp0s8: saddr:100932208: daddr:16783984
[  304.290193] AAAAA-TCP_FORW: name:enp0s3: saddr:16783984: daddr:100932208
[  304.388233] AAAAA-TCP_FORW: name:enp0s8: saddr:100932208: daddr:16783984
[  304.389644] AAAAA-TCP_FORW: name:enp0s3: saddr:16783984: daddr:100932208
[  304.528178] AAAAA-TCP_FORW: name:enp0s8: saddr:100932208: daddr:16783984
[  304.529553] AAAAA-TCP_FORW: name:enp0s3: saddr:16783984: daddr:100932208
[  304.626134] AAAAA-TCP_FORW: name:enp0s8: saddr:100932208: daddr:16783984
[  304.627440] AAAAA-TCP_FORW: name:enp0s3: saddr:16783984: daddr:100932208
[  304.723376] AAAAA-TCP_FORW: name:enp0s8: saddr:100932208: daddr:16783984
[  304.724460] AAAAA-TCP_FORW: name:enp0s3: saddr:16783984: daddr:100932208
[  304.988332] AAAAA-TCP_FORW: name:enp0s8: saddr:100932208: daddr:16783984
[  304.989569] AAAAA-TCP_FORW: name:enp0s3: saddr:16783984: daddr:100932208
[  305.078792] AAAAA-TCP_FORW: name:enp0s8: saddr:100932208: daddr:16783984
[  305.080464] AAAAA-TCP_FORW: name:enp0s3: saddr:16783984: daddr:100932208
[  305.166658] AAAAA-TCP_FORW: name:enp0s8: saddr:100932208: daddr:16783984
[  305.168080] AAAAA-TCP_FORW: name:enp0s3: saddr:16783984: daddr:100932208
[  305.237640] AAAAA-TCP_FORW: name:enp0s8: saddr:100932208: daddr:16783984
[  305.238868] AAAAA-TCP_FORW: name:enp0s3: saddr:16783984: daddr:100932208
[  305.294149] AAAAA-TCP_FORW: name:enp0s8: saddr:100932208: daddr:16783984
[  305.295278] AAAAA-TCP_FORW: name:enp0s3: saddr:16783984: daddr:100932208
[  305.375633] AAAAA-TCP_FORW: name:enp0s8: saddr:100932208: daddr:16783984
[  305.376754] AAAAA-TCP_FORW: name:enp0s3: saddr:16783984: daddr:100932208
[  305.462204] AAAAA-TCP_FORW: name:enp0s8: saddr:100932208: daddr:33561200
[  305.463300] AAAAA-TCP_FORW: name:enp0s3: saddr:33561200: daddr:100932208
[  305.532710] AAAAA-TCP_FORW: name:enp0s8: saddr:100932208: daddr:33561200
[  305.533815] AAAAA-TCP_FORW: name:enp0s3: saddr:33561200: daddr:100932208
[  305.623321] AAAAA-TCP_FORW: name:enp0s8: saddr:100932208: daddr:33561200
[  305.624434] AAAAA-TCP_FORW: name:enp0s3: saddr:33561200: daddr:100932208
[  305.682514] AAAAA-TCP_FORW: name:enp0s8: saddr:100932208: daddr:33561200
[  305.683593] AAAAA-TCP_FORW: name:enp0s3: saddr:33561200: daddr:100932208
[  305.769546] AAAAA-TCP_FORW: name:enp0s8: saddr:100932208: daddr:33561200
[  305.770643] AAAAA-TCP_FORW: name:enp0s3: saddr:33561200: daddr:100932208
[  305.832462] AAAAA-TCP_FORW: name:enp0s8: saddr:100932208: daddr:33561200
[  305.833548] AAAAA-TCP_FORW: name:enp0s3: saddr:33561200: daddr:100932208
[  305.925649] AAAAA-TCP_FORW: name:enp0s8: saddr:100932208: daddr:16783984
[  305.928116] AAAAA-TCP_FORW: name:enp0s3: saddr:16783984: daddr:100932208
[  306.039226] AAAAA-TCP_FORW: name:enp0s8: saddr:100932208: daddr:16783984
[  306.040337] AAAAA-TCP_FORW: name:enp0s3: saddr:16783984: daddr:100932208
[  306.151361] AAAAA-TCP_FORW: name:enp0s8: saddr:100932208: daddr:16783984
[  306.152562] AAAAA-TCP_FORW: name:enp0s3: saddr:16783984: daddr:100932208
[  306.289347] AAAAA-TCP_FORW: name:enp0s8: saddr:100932208: daddr:16783984
[  306.290463] AAAAA-TCP_FORW: name:enp0s3: saddr:16783984: daddr:100932208
[  306.404707] AAAAA-TCP_FORW: name:enp0s8: saddr:100932208: daddr:16783984
[  306.405804] AAAAA-TCP_FORW: name:enp0s3: saddr:16783984: daddr:100932208
[  306.546697] AAAAA-TCP_FORW: name:enp0s8: saddr:100932208: daddr:16783984
[  306.548283] AAAAA-TCP_FORW: name:enp0s3: saddr:16783984: daddr:100932208
[  306.732545] AAAAA-TCP_FORW: name:enp0s8: saddr:100932208: daddr:16783984
[  306.733759] AAAAA-TCP_FORW: name:enp0s3: saddr:16783984: daddr:100932208
[  306.893765] AAAAA-TCP_FORW: name:enp0s8: saddr:100932208: daddr:16783984
[  306.895565] AAAAA-TCP_FORW: name:enp0s3: saddr:16783984: daddr:100932208
[  306.987881] AAAAA-TCP_FORW: name:enp0s8: saddr:100932208: daddr:16783984
[  306.989724] AAAAA-TCP_FORW: name:enp0s3: saddr:16783984: daddr:100932208
[  307.117915] AAAAA-TCP_FORW: name:enp0s8: saddr:100932208: daddr:16783984
[  307.118978] AAAAA-TCP_FORW: name:enp0s3: saddr:16783984: daddr:100932208
[  307.181555] AAAAA-TCP_FORW: name:enp0s8: saddr:100932208: daddr:16783984
[  307.182742] AAAAA-TCP_FORW: name:enp0s3: saddr:16783984: daddr:100932208
[  307.273235] AAAAA-TCP_FORW: name:enp0s8: saddr:100932208: daddr:16783984
[  307.274378] AAAAA-TCP_FORW: name:enp0s3: saddr:16783984: daddr:100932208
[  307.315996] AAAAA-TCP_FORW: name:enp0s8: saddr:100932208: daddr:16783984
[  307.317080] AAAAA-TCP_FORW: name:enp0s3: saddr:16783984: daddr:100932208
[  307.400580] AAAAA-TCP_FORW: name:enp0s8: saddr:100932208: daddr:16783984
[  307.401723] AAAAA-TCP_FORW: name:enp0s3: saddr:16783984: daddr:100932208
[  307.475043] AAAAA-TCP_FORW: name:enp0s8: saddr:100932208: daddr:16783984
[  307.476140] AAAAA-TCP_FORW: name:enp0s3: saddr:16783984: daddr:100932208
[  307.532783] AAAAA-TCP_FORW: name:enp0s8: saddr:100932208: daddr:33561200
[  307.533920] AAAAA-TCP_FORW: name:enp0s3: saddr:33561200: daddr:100932208
[  307.629932] AAAAA-TCP_FORW: name:enp0s8: saddr:100932208: daddr:33561200
[  307.631111] AAAAA-TCP_FORW: name:enp0s3: saddr:33561200: daddr:100932208
[  307.691838] AAAAA-TCP_FORW: name:enp0s8: saddr:100932208: daddr:33561200
[  307.693023] AAAAA-TCP_FORW: name:enp0s3: saddr:33561200: daddr:100932208
[  307.754562] AAAAA-TCP_FORW: name:enp0s8: saddr:100932208: daddr:33561200
[  307.755662] AAAAA-TCP_FORW: name:enp0s3: saddr:33561200: daddr:100932208
[  307.823375] AAAAA-TCP_FORW: name:enp0s8: saddr:100932208: daddr:33561200
[  307.824624] AAAAA-TCP_FORW: name:enp0s3: saddr:33561200: daddr:100932208
[  307.896923] AAAAA-TCP_FORW: name:enp0s8: saddr:100932208: daddr:33561200
[  307.898077] AAAAA-TCP_FORW: name:enp0s3: saddr:33561200: daddr:100932208
[  307.999050] AAAAA-TCP_FORW: name:enp0s8: saddr:100932208: daddr:16783984
[  308.000364] AAAAA-TCP_FORW: name:enp0s3: saddr:16783984: daddr:100932208
[  308.096358] AAAAA-TCP_FORW: name:enp0s8: saddr:100932208: daddr:16783984
[  308.097596] AAAAA-TCP_FORW: name:enp0s3: saddr:16783984: daddr:100932208
[  308.191783] AAAAA-TCP_FORW: name:enp0s8: saddr:100932208: daddr:16783984
[  308.192593] AAAAA-TCP_FORW: name:enp0s3: saddr:16783984: daddr:100932208
[  332.170458] AAAAA-TCP_FORW: name:enp0s8: saddr:100932208: daddr:16783984
[  332.171621] AAAAA-TCP_FORW: name:enp0s3: saddr:16783984: daddr:100932208
[  332.303382] AAAAA-TCP_FORW: name:enp0s8: saddr:100932208: daddr:16783984
[  332.304198] AAAAA-TCP_FORW: name:enp0s3: saddr:16783984: daddr:100932208
[  332.413821] AAAAA-TCP_FORW: name:enp0s8: saddr:100932208: daddr:16783984
[  332.414706] AAAAA-TCP_FORW: name:enp0s3: saddr:16783984: daddr:100932208
[  332.490345] AAAAA-TCP_FORW: name:enp0s8: saddr:100932208: daddr:16783984
[  332.491228] AAAAA-TCP_FORW: name:enp0s3: saddr:16783984: daddr:100932208
[  332.578180] AAAAA-TCP_FORW: name:enp0s8: saddr:100932208: daddr:16783984
[  332.578791] AAAAA-TCP_FORW: name:enp0s3: saddr:16783984: daddr:100932208
[  332.632465] AAAAA-TCP_FORW: name:enp0s8: saddr:100932208: daddr:16783984
[  332.633389] AAAAA-TCP_FORW: name:enp0s3: saddr:16783984: daddr:100932208
[  332.666474] AAAAA-TCP_FORW: name:enp0s8: saddr:100932208: daddr:16783984
[  332.667561] AAAAA-TCP_FORW: name:enp0s3: saddr:16783984: daddr:100932208
[  332.743442] AAAAA-TCP_FORW: name:enp0s8: saddr:100932208: daddr:16783984
[  332.744370] AAAAA-TCP_FORW: name:enp0s3: saddr:16783984: daddr:100932208
[  332.815753] AAAAA-TCP_FORW: name:enp0s8: saddr:100932208: daddr:16783984
[  332.816605] AAAAA-TCP_FORW: name:enp0s3: saddr:16783984: daddr:100932208
[  332.883396] AAAAA-TCP_FORW: name:enp0s8: saddr:100932208: daddr:16783984
[  332.884301] AAAAA-TCP_FORW: name:enp0s3: saddr:16783984: daddr:100932208
[  332.984669] AAAAA-TCP_FORW: name:enp0s8: saddr:100932208: daddr:16783984
[  332.985572] AAAAA-TCP_FORW: name:enp0s3: saddr:16783984: daddr:100932208
[  333.066603] AAAAA-TCP_FORW: name:enp0s8: saddr:100932208: daddr:16783984
[  333.067507] AAAAA-TCP_FORW: name:enp0s3: saddr:16783984: daddr:100932208
[  333.142756] AAAAA-TCP_FORW: name:enp0s8: saddr:100932208: daddr:33561200
[  333.143669] AAAAA-TCP_FORW: name:enp0s3: saddr:33561200: daddr:100932208
[  333.237894] AAAAA-TCP_FORW: name:enp0s8: saddr:100932208: daddr:33561200
[  333.238794] AAAAA-TCP_FORW: name:enp0s3: saddr:33561200: daddr:100932208
[  333.267163] AAAAA-TCP_FORW: name:enp0s8: saddr:100932208: daddr:33561200
[  333.268059] AAAAA-TCP_FORW: name:enp0s3: saddr:33561200: daddr:100932208
[  333.292230] AAAAA-TCP_FORW: name:enp0s8: saddr:100932208: daddr:33561200
[  333.293103] AAAAA-TCP_FORW: name:enp0s3: saddr:33561200: daddr:100932208
[  333.398357] AAAAA-TCP_FORW: name:enp0s8: saddr:100932208: daddr:33561200
[  333.399253] AAAAA-TCP_FORW: name:enp0s3: saddr:33561200: daddr:100932208
[  333.410377] AAAAA-TCP_FORW: name:enp0s8: saddr:100932208: daddr:33561200
[  333.411261] AAAAA-TCP_FORW: name:enp0s3: saddr:33561200: daddr:100932208
[  335.501286] AAAAA-TCP_FORW: name:enp0s8: saddr:100932208: daddr:16783984
[  335.502576] AAAAA-TCP_FORW: name:enp0s3: saddr:16783984: daddr:100932208
[  335.723573] AAAAA-TCP_FORW: name:enp0s8: saddr:100932208: daddr:16783984
[  335.724736] AAAAA-TCP_FORW: name:enp0s3: saddr:16783984: daddr:100932208
[  335.809564] AAAAA-TCP_FORW: name:enp0s8: saddr:100932208: daddr:16783984
[  335.810392] AAAAA-TCP_FORW: name:enp0s3: saddr:16783984: daddr:100932208
[  335.891418] AAAAA-TCP_FORW: name:enp0s8: saddr:100932208: daddr:33561200
[  335.892246] AAAAA-TCP_FORW: name:enp0s3: saddr:33561200: daddr:100932208
[  335.927519] AAAAA-TCP_FORW: name:enp0s8: saddr:100932208: daddr:16783984
[  335.928708] AAAAA-TCP_FORW: name:enp0s3: saddr:16783984: daddr:100932208
[  335.993565] AAAAA-TCP_FORW: name:enp0s8: saddr:100932208: daddr:16783984
[  335.994432] AAAAA-TCP_FORW: name:enp0s3: saddr:16783984: daddr:100932208
[  336.023079] AAAAA-TCP_FORW: name:enp0s8: saddr:100932208: daddr:16783984
[  336.023922] AAAAA-TCP_FORW: name:enp0s3: saddr:16783984: daddr:100932208
[  336.050890] AAAAA-TCP_FORW: name:enp0s8: saddr:100932208: daddr:16783984
[  336.052120] AAAAA-TCP_FORW: name:enp0s3: saddr:16783984: daddr:100932208
[  336.105875] AAAAA-TCP_FORW: name:enp0s8: saddr:100932208: daddr:16783984
[  336.107117] AAAAA-TCP_FORW: name:enp0s3: saddr:16783984: daddr:100932208
[  336.203737] AAAAA-TCP_FORW: name:enp0s8: saddr:100932208: daddr:16783984
[  336.204606] AAAAA-TCP_FORW: name:enp0s3: saddr:16783984: daddr:100932208
[  336.254000] AAAAA-TCP_FORW: name:enp0s8: saddr:100932208: daddr:16783984
[  336.254973] AAAAA-TCP_FORW: name:enp0s3: saddr:16783984: daddr:100932208
[  336.278120] AAAAA-TCP_FORW: name:enp0s8: saddr:100932208: daddr:16783984
[  336.278999] AAAAA-TCP_FORW: name:enp0s3: saddr:16783984: daddr:100932208
[  336.342100] AAAAA-TCP_FORW: name:enp0s8: saddr:100932208: daddr:16783984
[  336.342931] AAAAA-TCP_FORW: name:enp0s3: saddr:16783984: daddr:100932208
[  336.394973] AAAAA-TCP_FORW: name:enp0s8: saddr:100932208: daddr:16783984
[  336.396110] AAAAA-TCP_FORW: name:enp0s3: saddr:16783984: daddr:100932208
[  336.445711] AAAAA-TCP_FORW: name:enp0s8: saddr:100932208: daddr:16783984
[  336.446871] AAAAA-TCP_FORW: name:enp0s3: saddr:16783984: daddr:100932208
[  336.498312] AAAAA-TCP_FORW: name:enp0s8: saddr:100932208: daddr:16783984
[  336.499138] AAAAA-TCP_FORW: name:enp0s3: saddr:16783984: daddr:100932208
[  336.567751] AAAAA-TCP_FORW: name:enp0s8: saddr:100932208: daddr:33561200
[  336.568628] AAAAA-TCP_FORW: name:enp0s3: saddr:33561200: daddr:100932208
[  336.593985] AAAAA-TCP_FORW: name:enp0s8: saddr:100932208: daddr:33561200
[  336.594818] AAAAA-TCP_FORW: name:enp0s3: saddr:33561200: daddr:100932208
[  336.621811] AAAAA-TCP_FORW: name:enp0s8: saddr:100932208: daddr:33561200
[  336.622651] AAAAA-TCP_FORW: name:enp0s3: saddr:33561200: daddr:100932208
[  336.727801] AAAAA-TCP_FORW: name:enp0s8: saddr:100932208: daddr:33561200
[  336.728640] AAAAA-TCP_FORW: name:enp0s3: saddr:33561200: daddr:100932208
[  336.769629] AAAAA-TCP_FORW: name:enp0s8: saddr:100932208: daddr:33561200
[  336.770499] AAAAA-TCP_FORW: name:enp0s3: saddr:33561200: daddr:100932208
[  336.923527] AAAAA-TCP_FORW: name:enp0s8: saddr:100932208: daddr:33561200
[  336.924719] AAAAA-TCP_FORW: name:enp0s3: saddr:33561200: daddr:100932208
[  338.515442] AAAAA-TCP_FORW: name:enp0s8: saddr:100932208: daddr:16783984
[  338.516279] AAAAA-TCP_FORW: name:enp0s3: saddr:16783984: daddr:100932208
[  338.674826] AAAAA-TCP_FORW: name:enp0s8: saddr:100932208: daddr:16783984
[  338.675654] AAAAA-TCP_FORW: name:enp0s3: saddr:16783984: daddr:100932208
[  338.755841] AAAAA-TCP_FORW: name:enp0s8: saddr:100932208: daddr:16783984
[  338.756707] AAAAA-TCP_FORW: name:enp0s3: saddr:16783984: daddr:100932208
[  338.886333] AAAAA-TCP_FORW: name:enp0s8: saddr:100932208: daddr:16783984
[  338.887212] AAAAA-TCP_FORW: name:enp0s3: saddr:16783984: daddr:100932208
[  338.940576] AAAAA-TCP_FORW: name:enp0s8: saddr:100932208: daddr:16783984
[  338.941528] AAAAA-TCP_FORW: name:enp0s3: saddr:16783984: daddr:100932208
[  338.992146] AAAAA-TCP_FORW: name:enp0s8: saddr:100932208: daddr:16783984
[  338.993127] AAAAA-TCP_FORW: name:enp0s3: saddr:16783984: daddr:100932208
[  339.089574] AAAAA-TCP_FORW: name:enp0s8: saddr:100932208: daddr:16783984
[  339.090457] AAAAA-TCP_FORW: name:enp0s3: saddr:16783984: daddr:100932208
[  339.133002] AAAAA-TCP_FORW: name:enp0s8: saddr:100932208: daddr:16783984
[  339.133851] AAAAA-TCP_FORW: name:enp0s3: saddr:16783984: daddr:100932208
[  339.184474] AAAAA-TCP_FORW: name:enp0s8: saddr:100932208: daddr:16783984
[  339.185315] AAAAA-TCP_FORW: name:enp0s3: saddr:16783984: daddr:100932208
[  339.289203] AAAAA-TCP_FORW: name:enp0s8: saddr:100932208: daddr:16783984
[  339.290066] AAAAA-TCP_FORW: name:enp0s3: saddr:16783984: daddr:100932208
[  339.327211] AAAAA-TCP_FORW: name:enp0s8: saddr:100932208: daddr:16783984
[  339.328005] AAAAA-TCP_FORW: name:enp0s3: saddr:16783984: daddr:100932208
[  339.351213] AAAAA-TCP_FORW: name:enp0s8: saddr:100932208: daddr:16783984
[  339.352043] AAAAA-TCP_FORW: name:enp0s3: saddr:16783984: daddr:100932208
[  339.381423] AAAAA-TCP_FORW: name:enp0s8: saddr:100932208: daddr:16783984
[  339.382205] AAAAA-TCP_FORW: name:enp0s3: saddr:16783984: daddr:100932208
[  339.407462] AAAAA-TCP_FORW: name:enp0s8: saddr:100932208: daddr:16783984
[  339.408292] AAAAA-TCP_FORW: name:enp0s3: saddr:16783984: daddr:100932208
[  339.435807] AAAAA-TCP_FORW: name:enp0s8: saddr:100932208: daddr:16783984
[  339.436640] AAAAA-TCP_FORW: name:enp0s3: saddr:16783984: daddr:100932208
[  339.502839] AAAAA-TCP_FORW: name:enp0s8: saddr:100932208: daddr:16783984
[  339.503685] AAAAA-TCP_FORW: name:enp0s3: saddr:16783984: daddr:100932208
[  339.531140] AAAAA-TCP_FORW: name:enp0s8: saddr:100932208: daddr:16783984
[  339.531991] AAAAA-TCP_FORW: name:enp0s3: saddr:16783984: daddr:100932208
[  339.568527] AAAAA-TCP_FORW: name:enp0s8: saddr:100932208: daddr:16783984
[  339.569583] AAAAA-TCP_FORW: name:enp0s3: saddr:16783984: daddr:100932208
[  339.687383] AAAAA-TCP_FORW: name:enp0s8: saddr:100932208: daddr:16783984
[  339.688390] AAAAA-TCP_FORW: name:enp0s3: saddr:16783984: daddr:100932208
[  339.720720] AAAAA-TCP_FORW: name:enp0s8: saddr:100932208: daddr:16783984
[  339.721651] AAAAA-TCP_FORW: name:enp0s3: saddr:16783984: daddr:100932208
[  339.759854] AAAAA-TCP_FORW: name:enp0s8: saddr:100932208: daddr:16783984
[  339.760752] AAAAA-TCP_FORW: name:enp0s3: saddr:16783984: daddr:100932208
[  339.783704] AAAAA-TCP_FORW: name:enp0s8: saddr:100932208: daddr:16783984
[  339.784603] AAAAA-TCP_FORW: name:enp0s3: saddr:16783984: daddr:100932208
[  339.895029] AAAAA-TCP_FORW: name:enp0s8: saddr:100932208: daddr:16783984
[  339.895910] AAAAA-TCP_FORW: name:enp0s3: saddr:16783984: daddr:100932208
[  339.950335] AAAAA-TCP_FORW: name:enp0s8: saddr:100932208: daddr:16783984
[  339.951219] AAAAA-TCP_FORW: name:enp0s3: saddr:16783984: daddr:100932208
[  339.976641] AAAAA-TCP_FORW: name:enp0s8: saddr:100932208: daddr:16783984
[  339.977528] AAAAA-TCP_FORW: name:enp0s3: saddr:16783984: daddr:100932208
[  340.069759] AAAAA-TCP_FORW: name:enp0s8: saddr:100932208: daddr:16783984
[  340.070668] AAAAA-TCP_FORW: name:enp0s3: saddr:16783984: daddr:100932208
[  340.171943] AAAAA-TCP_FORW: name:enp0s8: saddr:100932208: daddr:33561200
[  340.172827] AAAAA-TCP_FORW: name:enp0s3: saddr:33561200: daddr:100932208
[  340.274942] AAAAA-TCP_FORW: name:enp0s8: saddr:100932208: daddr:33561200
[  340.275829] AAAAA-TCP_FORW: name:enp0s3: saddr:33561200: daddr:100932208
[  340.476158] AAAAA-TCP_FORW: name:enp0s8: saddr:100932208: daddr:33561200
[  340.477056] AAAAA-TCP_FORW: name:enp0s3: saddr:33561200: daddr:100932208
[  340.609525] AAAAA-TCP_FORW: name:enp0s8: saddr:100932208: daddr:33561200
[  340.610403] AAAAA-TCP_FORW: name:enp0s3: saddr:33561200: daddr:100932208
[  340.736998] AAAAA-TCP_FORW: name:enp0s8: saddr:100932208: daddr:33561200
[  340.737880] AAAAA-TCP_FORW: name:enp0s3: saddr:33561200: daddr:100932208
[  340.766186] AAAAA-TCP_FORW: name:enp0s8: saddr:100932208: daddr:33561200
[  340.766969] AAAAA-TCP_FORW: name:enp0s3: saddr:33561200: daddr:100932208
[  341.675333] AAAAA-TCP_FORW: name:enp0s8: saddr:100932208: daddr:16783984
[  341.676180] AAAAA-TCP_FORW: name:enp0s3: saddr:16783984: daddr:100932208
[  341.901870] AAAAA-TCP_FORW: name:enp0s8: saddr:100932208: daddr:16783984
[  341.902767] AAAAA-TCP_FORW: name:enp0s3: saddr:16783984: daddr:100932208
[  342.005814] AAAAA-TCP_FORW: name:enp0s8: saddr:100932208: daddr:16783984
[  342.007116] AAAAA-TCP_FORW: name:enp0s3: saddr:16783984: daddr:100932208
[  342.102897] AAAAA-TCP_FORW: name:enp0s8: saddr:100932208: daddr:16783984
[  342.103911] AAAAA-TCP_FORW: name:enp0s3: saddr:16783984: daddr:100932208
[  342.255054] AAAAA-TCP_FORW: name:enp0s8: saddr:100932208: daddr:16783984
[  342.255918] AAAAA-TCP_FORW: name:enp0s3: saddr:16783984: daddr:100932208
[  342.294101] AAAAA-TCP_FORW: name:enp0s8: saddr:100932208: daddr:16783984
[  342.294916] AAAAA-TCP_FORW: name:enp0s3: saddr:16783984: daddr:100932208
[  342.373923] AAAAA-TCP_FORW: name:enp0s8: saddr:100932208: daddr:16783984
[  342.374774] AAAAA-TCP_FORW: name:enp0s3: saddr:16783984: daddr:100932208
[  342.488651] AAAAA-TCP_FORW: name:enp0s8: saddr:100932208: daddr:16783984
[  342.489508] AAAAA-TCP_FORW: name:enp0s3: saddr:16783984: daddr:100932208
[  342.515472] AAAAA-TCP_FORW: name:enp0s8: saddr:100932208: daddr:16783984
[  342.516373] AAAAA-TCP_FORW: name:enp0s3: saddr:16783984: daddr:100932208
[  342.680238] AAAAA-TCP_FORW: name:enp0s8: saddr:100932208: daddr:16783984
[  342.681087] AAAAA-TCP_FORW: name:enp0s3: saddr:16783984: daddr:100932208
[  342.729706] AAAAA-TCP_FORW: name:enp0s8: saddr:100932208: daddr:16783984
[  342.730571] AAAAA-TCP_FORW: name:enp0s3: saddr:16783984: daddr:100932208
[  342.762234] AAAAA-TCP_FORW: name:enp0s8: saddr:100932208: daddr:16783984
[  342.763115] AAAAA-TCP_FORW: name:enp0s3: saddr:16783984: daddr:100932208
[  342.788470] AAAAA-TCP_FORW: name:enp0s8: saddr:100932208: daddr:16783984
[  342.789409] AAAAA-TCP_FORW: name:enp0s3: saddr:16783984: daddr:100932208
[  342.810229] AAAAA-TCP_FORW: name:enp0s8: saddr:100932208: daddr:16783984
[  342.811120] AAAAA-TCP_FORW: name:enp0s3: saddr:16783984: daddr:100932208
[  342.836528] AAAAA-TCP_FORW: name:enp0s8: saddr:100932208: daddr:16783984
[  342.837416] AAAAA-TCP_FORW: name:enp0s3: saddr:16783984: daddr:100932208
[  342.861556] AAAAA-TCP_FORW: name:enp0s8: saddr:100932208: daddr:16783984
[  342.862445] AAAAA-TCP_FORW: name:enp0s3: saddr:16783984: daddr:100932208
[  342.882977] AAAAA-TCP_FORW: name:enp0s8: saddr:100932208: daddr:16783984
[  342.883867] AAAAA-TCP_FORW: name:enp0s3: saddr:16783984: daddr:100932208
[  342.920755] AAAAA-TCP_FORW: name:enp0s8: saddr:100932208: daddr:16783984
[  342.922004] AAAAA-TCP_FORW: name:enp0s3: saddr:16783984: daddr:100932208
[  342.946040] AAAAA-TCP_FORW: name:enp0s8: saddr:100932208: daddr:16783984
[  342.946894] AAAAA-TCP_FORW: name:enp0s3: saddr:16783984: daddr:100932208
[  342.973375] AAAAA-TCP_FORW: name:enp0s8: saddr:100932208: daddr:16783984
[  342.974244] AAAAA-TCP_FORW: name:enp0s3: saddr:16783984: daddr:100932208
[  343.000595] AAAAA-TCP_FORW: name:enp0s8: saddr:100932208: daddr:16783984
[  343.001455] AAAAA-TCP_FORW: name:enp0s3: saddr:16783984: daddr:100932208
[  343.023324] AAAAA-TCP_FORW: name:enp0s8: saddr:100932208: daddr:16783984
[  343.024215] AAAAA-TCP_FORW: name:enp0s3: saddr:16783984: daddr:100932208
[  343.143314] AAAAA-TCP_FORW: name:enp0s8: saddr:100932208: daddr:16783984
[  343.144237] AAAAA-TCP_FORW: name:enp0s3: saddr:16783984: daddr:100932208
[  343.175443] AAAAA-TCP_FORW: name:enp0s8: saddr:100932208: daddr:16783984
[  343.176324] AAAAA-TCP_FORW: name:enp0s3: saddr:16783984: daddr:100932208
[  343.214242] AAAAA-TCP_FORW: name:enp0s8: saddr:100932208: daddr:16783984
[  343.215138] AAAAA-TCP_FORW: name:enp0s3: saddr:16783984: daddr:100932208
[  343.300284] AAAAA-TCP_FORW: name:enp0s8: saddr:100932208: daddr:16783984
[  343.301139] AAAAA-TCP_FORW: name:enp0s3: saddr:16783984: daddr:100932208
