[    0.000000] Linux version 5.4.243-mptcp (root@ztg) (gcc version 12.2.0 (Debian 12.2.0-14+deb12u1)) #53 SMP Wed Dec 24 23:28:15 CST 2025
[    0.000000] Command line: BOOT_IMAGE=/boot/vmlinuz-5.4.243-mptcp root=UUID=98415a12-53b7-4144-8265-0f7ece09e445 ro quiet splash
[    0.000000] KERNEL supported cpus:
[    0.000000]   Intel GenuineIntel
[    0.000000]   AMD AuthenticAMD
[    0.000000]   Hygon HygonGenuine
[    0.000000]   Centaur CentaurHauls
[    0.000000]   zhaoxin   Shanghai  
[    0.000000] x86/fpu: Supporting XSAVE feature 0x001: 'x87 floating point registers'
[    0.000000] x86/fpu: Supporting XSAVE feature 0x002: 'SSE registers'
[    0.000000] x86/fpu: Supporting XSAVE feature 0x004: 'AVX registers'
[    0.000000] x86/fpu: xstate_offset[2]:  576, xstate_sizes[2]:  256
[    0.000000] x86/fpu: Enabled xstate features 0x7, context size is 832 bytes, using 'standard' format.
[    0.000000] BIOS-provided physical RAM map:
[    0.000000] BIOS-e820: [mem 0x0000000000000000-0x000000000009fbff] usable
[    0.000000] BIOS-e820: [mem 0x000000000009fc00-0x000000000009ffff] reserved
[    0.000000] BIOS-e820: [mem 0x00000000000f0000-0x00000000000fffff] reserved
[    0.000000] BIOS-e820: [mem 0x0000000000100000-0x000000007ffeffff] usable
[    0.000000] BIOS-e820: [mem 0x000000007fff0000-0x000000007fffffff] ACPI data
[    0.000000] BIOS-e820: [mem 0x00000000fec00000-0x00000000fec00fff] reserved
[    0.000000] BIOS-e820: [mem 0x00000000fee00000-0x00000000fee00fff] reserved
[    0.000000] BIOS-e820: [mem 0x00000000fffc0000-0x00000000ffffffff] reserved
[    0.000000] NX (Execute Disable) protection: active
[    0.000000] SMBIOS 2.5 present.
[    0.000000] DMI: innotek GmbH VirtualBox/VirtualBox, BIOS VirtualBox 12/01/2006
[    0.000000] Hypervisor detected: KVM
[    0.000000] kvm-clock: Using msrs 4b564d01 and 4b564d00
[    0.000000] kvm-clock: cpu 0, msr 3b201001, primary cpu clock
[    0.000000] kvm-clock: using sched offset of 4443352057 cycles
[    0.000013] clocksource: kvm-clock: mask: 0xffffffffffffffff max_cycles: 0x1cd42e4dffb, max_idle_ns: 881590591483 ns
[    0.000016] tsc: Detected 2100.000 MHz processor
[    0.001884] e820: update [mem 0x00000000-0x00000fff] usable ==> reserved
[    0.001885] e820: remove [mem 0x000a0000-0x000fffff] usable
[    0.001890] last_pfn = 0x7fff0 max_arch_pfn = 0x400000000
[    0.001957] MTRR default type: uncachable
[    0.001958] MTRR fixed ranges enabled:
[    0.001959]   00000-9FFFF write-back
[    0.001960]   A0000-BFFFF uncachable
[    0.001961]   C0000-FFFFF write-protect
[    0.001961] MTRR variable ranges enabled:
[    0.001963]   0 base 000000000000 mask 3FFF80000000 write-back
[    0.001964]   1 disabled
[    0.001964]   2 disabled
[    0.001965]   3 disabled
[    0.001965]   4 disabled
[    0.001965]   5 disabled
[    0.001966]   6 disabled
[    0.001966]   7 disabled
[    0.001967]   8 disabled
[    0.001967]   9 disabled
[    0.001968]   10 disabled
[    0.001968]   11 disabled
[    0.001968]   12 disabled
[    0.001969]   13 disabled
[    0.001969]   14 disabled
[    0.001970]   15 disabled
[    0.001986] x86/PAT: Configuration [0-7]: WB  WC  UC- UC  WB  WP  UC- WT  
[    0.002119] found SMP MP-table at [mem 0x0009fff0-0x0009ffff]
[    0.091658] check: Scanning 1 areas for low memory corruption
[    0.091787] RAMDISK: [mem 0x32271000-0x3512ffff]
[    0.091795] ACPI: Early table checksum verification disabled
[    0.091801] ACPI: RSDP 0x00000000000E0000 000024 (v02 VBOX  )
[    0.091805] ACPI: XSDT 0x000000007FFF0030 00003C (v01 VBOX   VBOXXSDT 00000001 ASL  00000061)
[    0.091812] ACPI: FACP 0x000000007FFF00F0 0000F4 (v04 VBOX   VBOXFACP 00000001 ASL  00000061)
[    0.091819] ACPI: DSDT 0x000000007FFF02E0 002353 (v02 VBOX   VBOXBIOS 00000002 VBOX 00029BF3)
[    0.091823] ACPI: FACS 0x000000007FFF0200 000040
[    0.091826] ACPI: FACS 0x000000007FFF0200 000040
[    0.091829] ACPI: APIC 0x000000007FFF0240 000054 (v02 VBOX   VBOXAPIC 00000001 ASL  00000061)
[    0.091833] ACPI: SSDT 0x000000007FFF02A0 000038 (v01 VBOX   VBOXCPUT 00000002 VBOX 00029BF3)
[    0.091836] ACPI: Reserving FACP table memory at [mem 0x7fff00f0-0x7fff01e3]
[    0.091837] ACPI: Reserving DSDT table memory at [mem 0x7fff02e0-0x7fff2632]
[    0.091838] ACPI: Reserving FACS table memory at [mem 0x7fff0200-0x7fff023f]
[    0.091838] ACPI: Reserving FACS table memory at [mem 0x7fff0200-0x7fff023f]
[    0.091839] ACPI: Reserving APIC table memory at [mem 0x7fff0240-0x7fff0293]
[    0.091840] ACPI: Reserving SSDT table memory at [mem 0x7fff02a0-0x7fff02d7]
[    0.091853] ACPI: Local APIC address 0xfee00000
[    0.092048] No NUMA configuration found
[    0.092049] Faking a node at [mem 0x0000000000000000-0x000000007ffeffff]
[    0.092060] NODE_DATA(0) allocated [mem 0x7ffc5000-0x7ffeffff]
[    0.092321] Zone ranges:
[    0.092322]   DMA      [mem 0x0000000000001000-0x0000000000ffffff]
[    0.092323]   DMA32    [mem 0x0000000001000000-0x000000007ffeffff]
[    0.092324]   Normal   empty
[    0.092325]   Device   empty
[    0.092326] Movable zone start for each node
[    0.092328] Early memory node ranges
[    0.092328]   node   0: [mem 0x0000000000001000-0x000000000009efff]
[    0.092329]   node   0: [mem 0x0000000000100000-0x000000007ffeffff]
[    0.092333] Zeroed struct page in unavailable ranges: 114 pages
[    0.092334] Initmem setup node 0 [mem 0x0000000000001000-0x000000007ffeffff]
[    0.092335] On node 0 totalpages: 524174
[    0.092336]   DMA zone: 64 pages used for memmap
[    0.092336]   DMA zone: 21 pages reserved
[    0.092337]   DMA zone: 3998 pages, LIFO batch:0
[    0.092409]   DMA32 zone: 8128 pages used for memmap
[    0.092410]   DMA32 zone: 520176 pages, LIFO batch:63
[    0.101359] ACPI: PM-Timer IO Port: 0x4008
[    0.101363] ACPI: Local APIC address 0xfee00000
[    0.101439] IOAPIC[0]: apic_id 1, version 32, address 0xfec00000, GSI 0-23
[    0.101443] ACPI: INT_SRC_OVR (bus 0 bus_irq 0 global_irq 2 dfl dfl)
[    0.101445] ACPI: INT_SRC_OVR (bus 0 bus_irq 9 global_irq 9 low level)
[    0.101447] ACPI: IRQ0 used by override.
[    0.101448] ACPI: IRQ9 used by override.
[    0.101450] Using ACPI (MADT) for SMP configuration information
[    0.101458] smpboot: Allowing 1 CPUs, 0 hotplug CPUs
[    0.101481] PM: Registered nosave memory: [mem 0x00000000-0x00000fff]
[    0.101482] PM: Registered nosave memory: [mem 0x0009f000-0x0009ffff]
[    0.101483] PM: Registered nosave memory: [mem 0x000a0000-0x000effff]
[    0.101484] PM: Registered nosave memory: [mem 0x000f0000-0x000fffff]
[    0.101485] [mem 0x80000000-0xfebfffff] available for PCI devices
[    0.101486] Booting paravirtualized kernel on KVM
[    0.101489] clocksource: refined-jiffies: mask: 0xffffffff max_cycles: 0xffffffff, max_idle_ns: 7645519600211568 ns
[    0.101494] setup_percpu: NR_CPUS:8192 nr_cpumask_bits:1 nr_cpu_ids:1 nr_node_ids:1
[    0.102488] percpu: Embedded 60 pages/cpu s208896 r8192 d28672 u2097152
[    0.102493] pcpu-alloc: s208896 r8192 d28672 u2097152 alloc=1*2097152
[    0.102494] pcpu-alloc: [0] 0 
[    0.102521] Built 1 zonelists, mobility grouping on.  Total pages: 515961
[    0.102521] Policy zone: DMA32
[    0.102523] Kernel command line: BOOT_IMAGE=/boot/vmlinuz-5.4.243-mptcp root=UUID=98415a12-53b7-4144-8265-0f7ece09e445 ro quiet splash
[    0.103374] Dentry cache hash table entries: 262144 (order: 9, 2097152 bytes, linear)
[    0.103522] Inode-cache hash table entries: 131072 (order: 8, 1048576 bytes, linear)
[    0.103574] mem auto-init: stack:off, heap alloc:on, heap free:off
[    0.103576] Calgary: detecting Calgary via BIOS EBDA area
[    0.103578] Calgary: Unable to locate Rio Grande table in EBDA - bailing!
[    0.107700] Memory: 1967332K/2096696K available (14339K kernel code, 2398K rwdata, 4712K rodata, 2728K init, 17260K bss, 129364K reserved, 0K cma-reserved)
[    0.108624] SLUB: HWalign=64, Order=0-3, MinObjects=0, CPUs=1, Nodes=1
[    0.108641] ftrace: allocating 43186 entries in 169 pages
[    0.126863] rcu: Hierarchical RCU implementation.
[    0.126865] rcu: 	RCU restricting CPUs from NR_CPUS=8192 to nr_cpu_ids=1.
[    0.126866] 	Tasks RCU enabled.
[    0.126867] rcu: RCU calculated value of scheduler-enlistment delay is 25 jiffies.
[    0.126868] rcu: Adjusting geometry for rcu_fanout_leaf=16, nr_cpu_ids=1
[    0.129846] NR_IRQS: 524544, nr_irqs: 256, preallocated irqs: 16
[    0.130069] random: crng init done
[    0.139361] Console: colour VGA+ 80x25
[    0.139365] printk: console [tty0] enabled
[    0.139386] ACPI: Core revision 20190816
[    0.139485] APIC: Switch to symmetric I/O mode setup
[    0.139735] x2apic enabled
[    0.139975] Switched APIC routing to physical x2apic.
[    0.141113] ..TIMER: vector=0x30 apic1=0 pin1=2 apic2=-1 pin2=-1
[    0.141140] clocksource: tsc-early: mask: 0xffffffffffffffff max_cycles: 0x1e4530a99b6, max_idle_ns: 440795257976 ns
[    0.141146] Calibrating delay loop (skipped) preset value.. 4200.00 BogoMIPS (lpj=8400000)
[    0.141148] pid_max: default: 32768 minimum: 301
[    0.141178] LSM: Security Framework initializing
[    0.141187] Yama: becoming mindful.
[    0.141214] AppArmor: AppArmor initialized
[    0.141247] Mount-cache hash table entries: 4096 (order: 3, 32768 bytes, linear)
[    0.141252] Mountpoint-cache hash table entries: 4096 (order: 3, 32768 bytes, linear)
[    0.141262] *** VALIDATE tmpfs ***
[    0.141390] *** VALIDATE proc ***
[    0.141432] *** VALIDATE cgroup1 ***
[    0.141434] *** VALIDATE cgroup2 ***
[    0.141576] process: using mwait in idle threads
[    0.141581] Last level iTLB entries: 4KB 64, 2MB 8, 4MB 8
[    0.141581] Last level dTLB entries: 4KB 64, 2MB 0, 4MB 0, 1GB 4
[    0.141601] Spectre V1 : Mitigation: usercopy/swapgs barriers and __user pointer sanitization
[    0.141607] Spectre V2 : Mitigation: Retpolines
[    0.141607] Spectre V2 : Spectre v2 / SpectreRSB mitigation: Filling RSB on context switch
[    0.141608] Spectre V2 : Spectre v2 / SpectreRSB : Filling RSB on VMEXIT
[    0.141608] RETBleed: WARNING: Spectre v2 mitigation leaves CPU vulnerable to RETBleed attacks, data leaks possible!
[    0.141963] RETBleed: Vulnerable
[    0.141964] Speculative Store Bypass: Vulnerable
[    0.141968] TAA: Mitigation: TSX disabled
[    0.141969] MMIO Stale Data: Mitigation: Clear CPU buffers
[    0.146208] Freeing SMP alternatives memory: 40K
[    0.258402] smpboot: CPU0: Intel(R) Xeon(R) Silver 4216 CPU @ 2.10GHz (family: 0x6, model: 0x55, stepping: 0x7)
[    0.258522] Performance Events: unsupported p6 CPU model 85 no PMU driver, software events only.
[    0.258559] rcu: Hierarchical SRCU implementation.
[    0.259036] NMI watchdog: Perf NMI watchdog permanently disabled
[    0.259074] smp: Bringing up secondary CPUs ...
[    0.259075] smp: Brought up 1 node, 1 CPU
[    0.259076] smpboot: Max logical packages: 1
[    0.259077] smpboot: Total of 1 processors activated (4200.00 BogoMIPS)
[    0.260053] devtmpfs: initialized
[    0.260100] x86/mm: Memory block size: 128MB
[    0.260449] clocksource: jiffies: mask: 0xffffffff max_cycles: 0xffffffff, max_idle_ns: 7645041785100000 ns
[    0.260455] futex hash table entries: 256 (order: 2, 16384 bytes, linear)
[    0.260498] pinctrl core: initialized pinctrl subsystem
[    0.260600] PM: RTC time: 21:37:42, date: 2026-01-14
[    0.260706] NET: Registered protocol family 16
[    0.260781] audit: initializing netlink subsys (disabled)
[    0.260907] EISA bus registered
[    0.260908] cpuidle: using governor ladder
[    0.260909] cpuidle: using governor menu
[    0.260945] ACPI: bus type PCI registered
[    0.260947] acpiphp: ACPI Hot Plug PCI Controller Driver version: 0.5
[    0.261051] PCI: Using configuration type 1 for base access
[    0.261454] audit: type=2000 audit(1768397868.275:1): state=initialized audit_enabled=0 res=1
[    0.261534] HugeTLB registered 2.00 MiB page size, pre-allocated 0 pages
[    0.262344] ACPI: Added _OSI(Module Device)
[    0.262345] ACPI: Added _OSI(Processor Device)
[    0.262345] ACPI: Added _OSI(3.0 _SCP Extensions)
[    0.262346] ACPI: Added _OSI(Processor Aggregator Device)
[    0.262347] ACPI: Added _OSI(Linux-Dell-Video)
[    0.262348] ACPI: Added _OSI(Linux-Lenovo-NV-HDMI-Audio)
[    0.262349] ACPI: Added _OSI(Linux-HPI-Hybrid-Graphics)
[    0.264409] ACPI: 2 ACPI AML tables successfully acquired and loaded
[    0.266066] ACPI: Interpreter enabled
[    0.266076] ACPI: (supports S0 S5)
[    0.266077] ACPI: Using IOAPIC for interrupt routing
[    0.266282] PCI: Using host bridge windows from ACPI; if necessary, use "pci=nocrs" and report a bug
[    0.266392] ACPI: Enabled 2 GPEs in block 00 to 07
[    0.271529] ACPI: PCI Root Bridge [PCI0] (domain 0000 [bus 00-ff])
[    0.271534] acpi PNP0A03:00: _OSC: OS supports [ASPM ClockPM Segments MSI HPX-Type3]
[    0.272023] acpi PNP0A03:00: _OSC: not requesting OS control; OS requires [ExtendedConfig ASPM ClockPM MSI]
[    0.272032] acpi PNP0A03:00: fail to add MMCONFIG information, can't access extended PCI configuration space under this bridge.
[    0.272453] PCI host bridge to bus 0000:00
[    0.272455] pci_bus 0000:00: root bus resource [io  0x0000-0x0cf7 window]
[    0.272457] pci_bus 0000:00: root bus resource [io  0x0d00-0xffff window]
[    0.272458] pci_bus 0000:00: root bus resource [mem 0x000a0000-0x000bffff window]
[    0.272460] pci_bus 0000:00: root bus resource [mem 0x80000000-0xfdffffff window]
[    0.272462] pci_bus 0000:00: root bus resource [bus 00-ff]
[    0.272513] pci 0000:00:00.0: [8086:1237] type 00 class 0x060000
[    0.273397] pci 0000:00:01.0: [8086:7000] type 00 class 0x060100
[    0.274199] pci 0000:00:01.1: [8086:7111] type 00 class 0x01018a
[    0.274576] pci 0000:00:01.1: reg 0x20: [io  0xd000-0xd00f]
[    0.274729] pci 0000:00:01.1: legacy IDE quirk: reg 0x10: [io  0x01f0-0x01f7]
[    0.274730] pci 0000:00:01.1: legacy IDE quirk: reg 0x14: [io  0x03f6]
[    0.274731] pci 0000:00:01.1: legacy IDE quirk: reg 0x18: [io  0x0170-0x0177]
[    0.274732] pci 0000:00:01.1: legacy IDE quirk: reg 0x1c: [io  0x0376]
[    0.275272] pci 0000:00:02.0: [15ad:0405] type 00 class 0x030000
[    0.277220] pci 0000:00:02.0: reg 0x10: [io  0xd010-0xd01f]
[    0.281189] pci 0000:00:02.0: reg 0x14: [mem 0xe0000000-0xe7ffffff pref]
[    0.283914] pci 0000:00:02.0: reg 0x18: [mem 0xf0000000-0xf01fffff]
[    0.293943] pci 0000:00:03.0: [1022:2000] type 00 class 0x020000
[    0.294655] pci 0000:00:03.0: reg 0x10: [io  0xd020-0xd03f]
[    0.295296] pci 0000:00:03.0: reg 0x14: [mem 0xf0200000-0xf0200fff]
[    0.300330] pci 0000:00:04.0: [80ee:cafe] type 00 class 0x088000
[    0.301011] pci 0000:00:04.0: reg 0x10: [io  0xd040-0xd05f]
[    0.301262] pci 0000:00:04.0: reg 0x14: [mem 0xf0400000-0xf07fffff]
[    0.301879] pci 0000:00:04.0: reg 0x18: [mem 0xf0800000-0xf0803fff pref]
[    0.305190] pci 0000:00:07.0: [8086:7113] type 00 class 0x068000
[    0.305745] pci 0000:00:07.0: quirk: [io  0x4000-0x403f] claimed by PIIX4 ACPI
[    0.305756] pci 0000:00:07.0: quirk: [io  0x4100-0x410f] claimed by PIIX4 SMB
[    0.306369] pci 0000:00:08.0: [8086:100e] type 00 class 0x020000
[    0.307133] pci 0000:00:08.0: reg 0x10: [mem 0xf0820000-0xf083ffff]
[    0.309261] pci 0000:00:08.0: reg 0x18: [io  0xd060-0xd067]
[    0.312521] pci 0000:00:09.0: [8086:100e] type 00 class 0x020000
[    0.313256] pci 0000:00:09.0: reg 0x10: [mem 0xf0840000-0xf085ffff]
[    0.314410] pci 0000:00:09.0: reg 0x18: [io  0xd068-0xd06f]
[    0.325444] ACPI: PCI Interrupt Link [LNKA] (IRQs 5 9 10 *11)
[    0.325726] ACPI: PCI Interrupt Link [LNKB] (IRQs 5 9 *10 11)
[    0.325830] ACPI: PCI Interrupt Link [LNKC] (IRQs 5 *9 10 11)
[    0.325932] ACPI: PCI Interrupt Link [LNKD] (IRQs 5 9 10 *11)
[    0.326200] iommu: Default domain type: Translated 
[    0.326261] pci 0000:00:02.0: vgaarb: setting as boot VGA device
[    0.326262] pci 0000:00:02.0: vgaarb: VGA device added: decodes=io+mem,owns=io+mem,locks=none
[    0.326265] pci 0000:00:02.0: vgaarb: bridge control possible
[    0.326265] vgaarb: loaded
[    0.326478] SCSI subsystem initialized
[    0.326509] libata version 3.00 loaded.
[    0.326533] ACPI: bus type USB registered
[    0.326549] usbcore: registered new interface driver usbfs
[    0.326554] usbcore: registered new interface driver hub
[    0.326560] usbcore: registered new device driver usb
[    0.326588] pps_core: LinuxPPS API ver. 1 registered
[    0.326589] pps_core: Software ver. 5.3.6 - Copyright 2005-2007 Rodolfo Giometti <giometti@linux.it>
[    0.326591] PTP clock support registered
[    0.326628] EDAC MC: Ver: 3.0.0
[    0.326916] PCI: Using ACPI for IRQ routing
[    0.326917] PCI: pci_cache_line_size set to 64 bytes
[    0.327088] e820: reserve RAM buffer [mem 0x0009fc00-0x0009ffff]
[    0.327092] e820: reserve RAM buffer [mem 0x7fff0000-0x7fffffff]
[    0.327892] NetLabel: Initializing
[    0.327892] NetLabel:  domain hash size = 128
[    0.327893] NetLabel:  protocols = UNLABELED CIPSOv4 CALIPSO
[    0.327912] NetLabel:  unlabeled traffic allowed by default
[    0.328838] clocksource: Switched to clocksource kvm-clock
[    0.339777] *** VALIDATE bpf ***
[    0.339842] VFS: Disk quotas dquot_6.6.0
[    0.339856] VFS: Dquot-cache hash table entries: 512 (order 0, 4096 bytes)
[    0.339879] *** VALIDATE ramfs ***
[    0.339883] *** VALIDATE hugetlbfs ***
[    0.339967] AppArmor: AppArmor Filesystem Enabled
[    0.339997] pnp: PnP ACPI init
[    0.340070] pnp 00:00: Plug and Play ACPI device, IDs PNP0303 (active)
[    0.340139] pnp 00:01: Plug and Play ACPI device, IDs PNP0f03 (active)
[    0.340885] pnp: PnP ACPI: found 2 devices
[    0.341847] thermal_sys: Registered thermal governor 'fair_share'
[    0.341848] thermal_sys: Registered thermal governor 'bang_bang'
[    0.341848] thermal_sys: Registered thermal governor 'step_wise'
[    0.341849] thermal_sys: Registered thermal governor 'user_space'
[    0.341850] thermal_sys: Registered thermal governor 'power_allocator'
[    0.346361] clocksource: acpi_pm: mask: 0xffffff max_cycles: 0xffffff, max_idle_ns: 2085701024 ns
[    0.346403] pci_bus 0000:00: resource 4 [io  0x0000-0x0cf7 window]
[    0.346404] pci_bus 0000:00: resource 5 [io  0x0d00-0xffff window]
[    0.346405] pci_bus 0000:00: resource 6 [mem 0x000a0000-0x000bffff window]
[    0.346406] pci_bus 0000:00: resource 7 [mem 0x80000000-0xfdffffff window]
[    0.346466] NET: Registered protocol family 2
[    0.346541] IP idents hash table entries: 32768 (order: 6, 262144 bytes, linear)
[    0.346955] MPTCP tokens hash table entries: 8192 (order: 4, 65536 bytes, linear)
[    0.346975] MPTCP request tokens hash table entries: 8192 (order: 4, 65536 bytes, linear)
[    0.347000] default registered
[    0.347000] default registered
[    0.347000] MPTCP: Stable release v0.96
[    0.347005] tcp_listen_portaddr_hash hash table entries: 1024 (order: 2, 16384 bytes, linear)
[    0.347086] TCP established hash table entries: 16384 (order: 5, 131072 bytes, linear)
[    0.347135] TCP bind hash table entries: 16384 (order: 6, 262144 bytes, linear)
[    0.347135] TCP: Hash tables configured (established 16384 bind 16384)
[    0.347918] UDP hash table entries: 1024 (order: 3, 32768 bytes, linear)
[    0.347929] UDP-Lite hash table entries: 1024 (order: 3, 32768 bytes, linear)
[    0.347965] NET: Registered protocol family 1
[    0.347974] NET: Registered protocol family 44
[    0.347998] pci 0000:00:00.0: Limiting direct PCI/PCI transfers
[    0.348010] pci 0000:00:01.0: Activating ISA DMA hang workarounds
[    0.348067] pci 0000:00:02.0: Video device with shadowed ROM at [mem 0x000c0000-0x000dffff]
[    0.348127] PCI: CLS 0 bytes, default 64
[    0.348177] Trying to unpack rootfs image as initramfs...
[    0.524099] Freeing initrd memory: 47868K
[    0.524099] clocksource: tsc: mask: 0xffffffffffffffff max_cycles: 0x1e4530a99b6, max_idle_ns: 440795257976 ns
[    0.524099] clocksource: Switched to clocksource tsc
[    0.524099] platform rtc_cmos: registered platform RTC device (no PNP device found)
[    0.524099] check: Scanning for low memory corruption every 60 seconds
[    0.524099] Initialise system trusted keyrings
[    0.524099] Key type blacklist registered
[    0.524099] workingset: timestamp_bits=36 max_order=19 bucket_order=0
[    0.524099] zbud: loaded
[    0.524099] squashfs: version 4.0 (2009/01/31) Phillip Lougher
[    0.524099] fuse: init (API version 7.31)
[    0.524099] *** VALIDATE fuse ***
[    0.524099] *** VALIDATE fuse ***
[    0.524099] Platform Keyring initialized
[    0.536462] Key type asymmetric registered
[    0.536463] Asymmetric key parser 'x509' registered
[    0.536472] Block layer SCSI generic (bsg) driver version 0.4 loaded (major 244)
[    0.536510] io scheduler mq-deadline registered
[    0.536634] shpchp: Standard Hot Plug PCI Controller Driver version: 0.4
[    0.536833] ACPI: AC Adapter [AC] (on-line)
[    0.536887] input: Power Button as /devices/LNXSYSTM:00/LNXPWRBN:00/input/input0
[    0.536918] ACPI: Power Button [PWRF]
[    0.536993] input: Sleep Button as /devices/LNXSYSTM:00/LNXSLPBN:00/input/input1
[    0.537008] ACPI: Sleep Button [SLPF]
[    0.537243] Serial: 8250/16550 driver, 32 ports, IRQ sharing enabled
[    0.538429] Linux agpgart interface v0.103
[    0.627126] loop: module loaded
[    0.627285] ata_piix 0000:00:01.1: version 2.13
[    0.627689] scsi host0: ata_piix
[    0.627782] scsi host1: ata_piix
[    0.627808] ata1: PATA max UDMA/33 cmd 0x1f0 ctl 0x3f6 bmdma 0xd000 irq 14
[    0.627809] ata2: PATA max UDMA/33 cmd 0x170 ctl 0x376 bmdma 0xd008 irq 15
[    0.627892] tun: Universal TUN/TAP device driver, 1.6
[    0.628217] PPP generic driver version 2.4.2
[    0.628261] VFIO - User Level meta-driver version: 0.3
[    0.628504] ehci_hcd: USB 2.0 'Enhanced' Host Controller (EHCI) Driver
[    0.628509] ehci-pci: EHCI PCI platform driver
[    0.628524] ehci-platform: EHCI generic platform driver
[    0.628530] ohci_hcd: USB 1.1 'Open' Host Controller (OHCI) Driver
[    0.628532] ohci-pci: OHCI PCI platform driver
[    0.628539] ohci-platform: OHCI generic platform driver
[    0.628544] uhci_hcd: USB Universal Host Controller Interface driver
[    0.628610] i8042: PNP: PS/2 Controller [PNP0303:PS2K,PNP0f03:PS2M] at 0x60,0x64 irq 1,12
[    0.629065] serio: i8042 KBD port at 0x60,0x64 irq 1
[    0.629069] serio: i8042 AUX port at 0x60,0x64 irq 12
[    0.629158] mousedev: PS/2 mouse device common for all mice
[    0.629421] input: AT Translated Set 2 keyboard as /devices/platform/i8042/serio0/input/input2
[    0.629811] rtc_cmos rtc_cmos: registered as rtc0
[    0.629824] rtc_cmos rtc_cmos: alarms up to one day, 114 bytes nvram
[    0.629829] i2c /dev entries driver
[    0.629873] device-mapper: uevent: version 1.0.3
[    0.629917] device-mapper: ioctl: 4.41.0-ioctl (2019-09-16) initialised: dm-devel@redhat.com
[    0.629933] platform eisa.0: Probing EISA bus 0
[    0.629934] platform eisa.0: EISA: Cannot allocate resource for mainboard
[    0.629935] platform eisa.0: Cannot allocate resource for EISA slot 1
[    0.629936] platform eisa.0: Cannot allocate resource for EISA slot 2
[    0.629937] platform eisa.0: Cannot allocate resource for EISA slot 3
[    0.629938] platform eisa.0: Cannot allocate resource for EISA slot 4
[    0.629939] platform eisa.0: Cannot allocate resource for EISA slot 5
[    0.629940] platform eisa.0: Cannot allocate resource for EISA slot 6
[    0.629941] platform eisa.0: Cannot allocate resource for EISA slot 7
[    0.629942] platform eisa.0: Cannot allocate resource for EISA slot 8
[    0.629943] platform eisa.0: EISA: Detected 0 cards
[    0.629946] intel_pstate: CPU model not supported
[    0.629955] ledtrig-cpu: registered to indicate activity on CPUs
[    0.630008] drop_monitor: Initializing network drop monitor service
[    0.630168] NET: Registered protocol family 10
[    0.635156] Segment Routing with IPv6
[    0.635156] fullmesh registered
[    0.635156] ndiffports registered
[    0.635156] binder registered
[    0.635156] roundrobin registered
[    0.635156] redundant registered
[    0.635156] blest registered
[    0.635156] ecf registered
[    0.635156] NET: Registered protocol family 17
[    0.635156] Key type dns_resolver registered
[    0.635156] RAS: Correctable Errors collector initialized.
[    0.635156] IPI shorthand broadcast: enabled
[    0.635156] sched_clock: Marking stable (620073114, 11083606)->(634306042, -3149322)
[    0.635551] registered taskstats version 1
[    0.635560] Loading compiled-in X.509 certificates
[    0.636150] Loaded X.509 cert 'Build time autogenerated kernel key: 6909f3744cebb3d0de528d5887b96a727de79b1e'
[    0.636169] zswap: loaded using pool lzo/zbud
[    0.636222] Key type ._fscrypt registered
[    0.636222] Key type .fscrypt registered
[    0.640697] Key type big_key registered
[    0.642920] Key type encrypted registered
[    0.642922] AppArmor: AppArmor sha1 policy hashing enabled
[    0.642929] ima: No TPM chip found, activating TPM-bypass!
[    0.642933] ima: Allocated hash algorithm: sha1
[    0.642938] ima: No architecture policies found
[    0.642947] evm: Initialising EVM extended attributes:
[    0.642948] evm: security.selinux
[    0.642948] evm: security.SMACK64
[    0.642949] evm: security.SMACK64EXEC
[    0.642949] evm: security.SMACK64TRANSMUTE
[    0.642950] evm: security.SMACK64MMAP
[    0.642950] evm: security.apparmor
[    0.642951] evm: security.ima
[    0.642951] evm: security.capability
[    0.642952] evm: HMAC attrs: 0x1
[    0.643249] PM:   Magic number: 10:829:651
[    0.643284] acpi PNP0A03:00: hash matches
[    0.643384] rtc_cmos rtc_cmos: setting system clock to 2026-01-14T21:37:43 UTC (1768426663)
[    0.799968] ata1.00: ATA-6: VBOX HARDDISK, 1.0, max UDMA/133
[    0.799971] ata1.00: 209715200 sectors, multi 128: LBA 
[    0.800604] scsi 0:0:0:0: Direct-Access     ATA      VBOX HARDDISK    1.0  PQ: 0 ANSI: 5
[    0.800903] sd 0:0:0:0: [sda] 209715200 512-byte logical blocks: (107 GB/100 GiB)
[    0.800915] sd 0:0:0:0: [sda] Write Protect is off
[    0.800917] sd 0:0:0:0: [sda] Mode Sense: 00 3a 00 00
[    0.800936] sd 0:0:0:0: [sda] Write cache: enabled, read cache: enabled, doesn't support DPO or FUA
[    0.801159] sd 0:0:0:0: Attached scsi generic sg0 type 0
[    0.803033]  sda: sda1 sda2
[    0.815277] sd 0:0:0:0: [sda] Attached SCSI disk
[    0.818418] Freeing unused decrypted memory: 2040K
[    0.819358] Freeing unused kernel image memory: 2728K
[    0.819361] Write protecting the kernel read-only data: 22528k
[    0.820334] Freeing unused kernel image memory: 2036K
[    0.820884] Freeing unused kernel image memory: 1432K
[    0.845764] x86/mm: Checked W+X mappings: passed, no W+X pages found.
[    0.845769] Run /init as init process
[    0.952242] ACPI: Video Device [GFX0] (multi-head: yes  rom: no  post: no)
[    0.952317] input: Video Bus as /devices/LNXSYSTM:00/LNXSYBUS:00/PNP0A03:00/LNXVIDEO:00/input/input4
[    0.963417] pcnet32: pcnet32.c:v1.35 21.Apr.2008 tsbogend@alpha.franken.de
[    0.964952] piix4_smbus 0000:00:07.0: SMBus Host Controller at 0x4100, revision 0
[    0.967443] e1000: Intel(R) PRO/1000 Network Driver - version 7.3.21-k8-NAPI
[    0.967444] e1000: Copyright (c) 1999-2006 Intel Corporation.
[    0.970169] pcnet32: PCnet/FAST III 79C973 at 0xd020, 08:00:27:3c:25:70 assigned IRQ 19
[    0.970215] pcnet32: Found PHY 0022:561b at address 0
[    0.970512] pcnet32: eth0: registered as PCnet/FAST III 79C973
[    0.981926] pcnet32: 1 cards_found
[    1.048669] pcnet32 0000:00:03.0 enp0s3: renamed from eth0
[    1.181791] input: ImExPS/2 Generic Explorer Mouse as /devices/platform/i8042/serio1/input/input5
[    1.379560] e1000 0000:00:08.0 eth0: (PCI:33MHz:32-bit) 08:00:27:d0:d7:d1
[    1.379564] e1000 0000:00:08.0 eth0: Intel(R) PRO/1000 Network Connection
[    1.751501] e1000 0000:00:09.0 eth1: (PCI:33MHz:32-bit) 08:00:27:83:57:de
[    1.751503] e1000 0000:00:09.0 eth1: Intel(R) PRO/1000 Network Connection
[    1.752664] e1000 0000:00:09.0 enp0s9: renamed from eth1
[    1.754475] e1000 0000:00:08.0 enp0s8: renamed from eth0
[    1.934426] EXT4-fs (sda2): mounted filesystem with ordered data mode. Opts: (null)
[    2.032568] systemd[1]: Inserted module 'autofs4'
[    2.045336] systemd[1]: systemd 245.4-4ubuntu3 running in system mode. (+PAM +AUDIT +SELINUX +IMA +APPARMOR +SMACK +SYSVINIT +UTMP +LIBCRYPTSETUP +GCRYPT +GNUTLS +ACL +XZ +LZ4 +SECCOMP +BLKID +ELFUTILS +KMOD +IDN2 -IDN +PCRE2 default-hierarchy=hybrid)
[    2.045370] systemd[1]: Detected virtualization oracle.
[    2.045377] systemd[1]: Detected architecture x86-64.
[    2.046684] systemd[1]: Set hostname to <ztg>.
[    2.178346] systemd[1]: /lib/systemd/system/dbus.socket:5: ListenStream= references a path below legacy directory /var/run/, updating /var/run/dbus/system_bus_socket â†’ /run/dbus/system_bus_socket; please update the unit file accordingly.
[    2.234005] systemd[1]: Created slice system-modprobe.slice.
[    2.234190] systemd[1]: Created slice User and Session Slice.
[    2.234234] systemd[1]: Started Forward Password Requests to Wall Directory Watch.
[    2.234399] systemd[1]: Set up automount Arbitrary Executable File Formats File System Automount Point.
[    2.234431] systemd[1]: Reached target User and Group Name Lookups.
[    2.234440] systemd[1]: Reached target Remote File Systems.
[    2.234449] systemd[1]: Reached target Slices.
[    2.235336] systemd[1]: Listening on Syslog Socket.
[    2.235405] systemd[1]: Listening on fsck to fsckd communication Socket.
[    2.235442] systemd[1]: Listening on initctl Compatibility Named Pipe.
[    2.235579] systemd[1]: Listening on Journal Audit Socket.
[    2.235629] systemd[1]: Listening on Journal Socket (/dev/log).
[    2.235698] systemd[1]: Listening on Journal Socket.
[    2.235762] systemd[1]: Listening on udev Control Socket.
[    2.235800] systemd[1]: Listening on udev Kernel Socket.
[    2.236551] systemd[1]: Mounting Huge Pages File System...
[    2.237473] systemd[1]: Mounting POSIX Message Queue File System...
[    2.238344] systemd[1]: Mounting Kernel Debug File System...
[    2.239233] systemd[1]: Mounting Kernel Trace File System...
[    2.241458] systemd[1]: Starting Journal Service...
[    2.266160] systemd[1]: Starting Set the console keyboard layout...
[    2.274268] systemd[1]: Starting Create list of static device nodes for the current kernel...
[    2.276294] systemd[1]: Starting Load Kernel Module drm...
[    2.277312] systemd[1]: Condition check resulted in Set Up Additional Binary Formats being skipped.
[    2.277361] systemd[1]: Condition check resulted in File System Check on Root Device being skipped.
[    2.288566] systemd[1]: Starting Load Kernel Modules...
[    2.299549] systemd[1]: Starting Remount Root and Kernel File Systems...
[    2.309960] systemd[1]: Starting udev Coldplug all Devices...
[    2.317239] systemd[1]: Starting Uncomplicated firewall...
[    2.318799] systemd[1]: Mounted Huge Pages File System.
[    2.318889] systemd[1]: Mounted POSIX Message Queue File System.
[    2.318969] systemd[1]: Mounted Kernel Debug File System.
[    2.319042] systemd[1]: Mounted Kernel Trace File System.
[    2.338651] EXT4-fs (sda2): re-mounted. Opts: errors=remount-ro
[    2.364417] systemd[1]: Finished Create list of static device nodes for the current kernel.
[    2.365566] systemd[1]: modprobe@drm.service: Succeeded.
[    2.367285] systemd[1]: Finished Load Kernel Module drm.
[    2.367673] systemd[1]: Finished Remount Root and Kernel File Systems.
[    2.368689] systemd[1]: Finished Uncomplicated firewall.
[    2.379169] lp: driver loaded but no devices found
[    2.380802] systemd[1]: Condition check resulted in Rebuild Hardware Database being skipped.
[    2.380846] systemd[1]: Condition check resulted in Platform Persistent Storage Archival being skipped.
[    2.382422] systemd[1]: Starting Load/Save Random Seed...
[    2.387301] systemd[1]: Starting Create System Users...
[    2.397752] systemd[1]: Finished Load/Save Random Seed.
[    2.398707] ppdev: user-space parallel port driver
[    2.407034] systemd[1]: Finished Create System Users.
[    2.407810] systemd[1]: Starting Create Static Device Nodes in /dev...
[    2.440308] systemd[1]: Finished Create Static Device Nodes in /dev.
[    2.441223] systemd[1]: Starting udev Kernel Device Manager...
[    2.453515] systemd[1]: Finished udev Coldplug all Devices.
[    2.498299] [drm] DMA map mode: Caching DMA mappings.
[    2.498393] [drm] Capabilities:
[    2.498393] [drm]   Rect copy.
[    2.498394] [drm]   Cursor.
[    2.498394] [drm]   Cursor bypass.
[    2.498394] [drm]   Cursor bypass 2.
[    2.498395] [drm]   Alpha cursor.
[    2.498395] [drm]   Extended Fifo.
[    2.498395] [drm]   Pitchlock.
[    2.498396] [drm]   Irq mask.
[    2.498396] [drm]   GMR.
[    2.498396] [drm]   Traces.
[    2.498397] [drm]   GMR2.
[    2.498397] [drm]   Screen Object 2.
[    2.498397] [drm]   Command Buffers.
[    2.498398] [drm]   Command Buffers 2.
[    2.498398] [drm]   Guest Backed Resources.
[    2.498399] [drm] Max GMR ids is 8192
[    2.498400] [drm] Max number of GMR pages is 1048576
[    2.498401] [drm] Max dedicated hypervisor surface memory is 393216 kiB
[    2.498401] [drm] Maximum display memory size is 131072 kiB
[    2.498402] [drm] VRAM at 0xe0000000 size is 131072 kiB
[    2.498402] [drm] MMIO at 0xf0000000 size is 2048 kiB
[    2.500082] [TTM] Zone  kernel: Available graphics memory: 1011738 KiB
[    2.500083] [TTM] Initializing pool allocator
[    2.500086] [TTM] Initializing DMA pool allocator
[    2.500117] [drm] Supports vblank timestamp caching Rev 2 (21.10.2013).
[    2.500117] [drm] No driver support for vblank timestamp query.
[    2.500337] [drm] Screen Target Display device initialized
[    2.500548] [drm] width 720
[    2.500559] [drm] height 400
[    2.500563] [drm] bpp 32
[    2.501081] [drm] Fifo max 0x00200000 min 0x00001000 cap 0x00000355
[    2.502144] [drm] Using command buffers with DMA pool.
[    2.502148] [drm] DX: no.
[    2.502148] [drm] Atomic: yes.
[    2.502149] [drm] SM4_1: no.
[    2.502171] [drm:vmw_host_log [vmwgfx]] *ERROR* Failed to send host log message.
[    2.503084] [drm:vmw_host_log [vmwgfx]] *ERROR* Failed to send host log message.
[    2.512590] fbcon: svgadrmfb (fb0) is primary device
[    2.517024] Console: switching to colour frame buffer device 100x37
[    2.522209] [drm] Initialized vmwgfx 2.15.0 20180704 for 0000:00:02.0 on minor 0
[    2.523258] systemd[1]: Finished Load Kernel Modules.
[    2.524188] systemd[1]: Mounting FUSE Control File System...
[    2.525355] systemd[1]: Mounting Kernel Configuration File System...
[    2.556191] systemd[1]: Starting Apply Kernel Variables...
[    2.556861] systemd[1]: Mounted FUSE Control File System.
[    2.556966] systemd[1]: Mounted Kernel Configuration File System.
[    2.557021] systemd[1]: Condition check resulted in VMware vmblock fuse mount being skipped.
[    2.563238] systemd[1]: Finished Set the console keyboard layout.
[    2.563335] systemd[1]: Reached target Local File Systems (Pre).
[    2.565525] systemd[1]: Mounting Mount unit for bare, revision 5...
[    2.567454] systemd[1]: Mounting Mount unit for core18, revision 1705...
[    2.591202] systemd[1]: Mounting Mount unit for gnome-3-34-1804, revision 24...
[    2.603945] systemd[1]: Mounting Mount unit for gtk-common-themes, revision 1506...
[    2.608233] systemd[1]: Mounting Mount unit for gtk-common-themes, revision 1535...
[    2.612230] systemd[1]: Mounting Mount unit for snap-store, revision 433...
[    2.618736] systemd[1]: Mounting Mount unit for snapd, revision 7264...
[    2.644141] systemd[1]: Finished Apply Kernel Variables.
[    2.654788] systemd[1]: Mounted Mount unit for bare, revision 5.
[    2.657185] systemd[1]: Mounted Mount unit for core18, revision 1705.
[    2.657275] systemd[1]: Mounted Mount unit for gnome-3-34-1804, revision 24.
[    2.703829] systemd[1]: Mounted Mount unit for gtk-common-themes, revision 1506.
[    2.705028] systemd[1]: Started udev Kernel Device Manager.
[    2.705836] systemd[1]: Starting Show Plymouth Boot Screen...
[    2.710820] systemd[1]: Received SIGRTMIN+20 from PID 275 (plymouthd).
[    2.741160] systemd[1]: Started Show Plymouth Boot Screen.
[    2.741435] systemd[1]: Condition check resulted in Dispatch Password Requests to Console Directory Watch being skipped.
[    2.741530] systemd[1]: Started Forward Password Requests to Plymouth Directory Watch.
[    2.741600] systemd[1]: Reached target Local Encrypted Volumes.
[    2.776645] systemd[1]: Mounted Mount unit for gtk-common-themes, revision 1535.
[    2.776966] systemd[1]: Mounted Mount unit for snap-store, revision 433.
[    2.777177] systemd[1]: Mounted Mount unit for snapd, revision 7264.
[    2.777328] systemd[1]: Reached target Local File Systems.
[    2.779621] systemd[1]: Starting Load AppArmor profiles...
[    2.780472] systemd[1]: Starting Set console font and keymap...
[    2.790793] systemd[1]: Starting Tell Plymouth To Write Out Runtime Data...
[    2.796652] systemd[1]: Condition check resulted in Store a System Token in an EFI Variable being skipped.
[    2.796700] systemd[1]: Condition check resulted in Commit a transient machine-id on disk being skipped.
[    2.799136] systemd[1]: Finished Set console font and keymap.
[    2.808204] systemd[1]: Received SIGRTMIN+20 from PID 275 (plymouthd).
[    2.809569] systemd[1]: plymouth-read-write.service: Succeeded.
[    2.809800] systemd[1]: Finished Tell Plymouth To Write Out Runtime Data.
[    2.831616] audit: type=1400 audit(1768426665.684:2): apparmor="STATUS" operation="profile_load" profile="unconfined" name="nvidia_modprobe" pid=300 comm="apparmor_parser"
[    2.831619] audit: type=1400 audit(1768426665.684:3): apparmor="STATUS" operation="profile_load" profile="unconfined" name="nvidia_modprobe//kmod" pid=300 comm="apparmor_parser"
[    2.843814] audit: type=1400 audit(1768426665.696:4): apparmor="STATUS" operation="profile_load" profile="unconfined" name="/usr/sbin/tcpdump" pid=301 comm="apparmor_parser"
[    2.882530] audit: type=1400 audit(1768426665.728:5): apparmor="STATUS" operation="profile_load" profile="unconfined" name="/usr/bin/evince" pid=303 comm="apparmor_parser"
[    2.882532] audit: type=1400 audit(1768426665.728:6): apparmor="STATUS" operation="profile_load" profile="unconfined" name="/usr/bin/evince//sanitized_helper" pid=303 comm="apparmor_parser"
[    2.882534] audit: type=1400 audit(1768426665.728:7): apparmor="STATUS" operation="profile_load" profile="unconfined" name="/usr/bin/evince-previewer" pid=303 comm="apparmor_parser"
[    2.882535] audit: type=1400 audit(1768426665.728:8): apparmor="STATUS" operation="profile_load" profile="unconfined" name="/usr/bin/evince-previewer//sanitized_helper" pid=303 comm="apparmor_parser"
[    2.882537] audit: type=1400 audit(1768426665.728:9): apparmor="STATUS" operation="profile_load" profile="unconfined" name="/usr/bin/evince-thumbnailer" pid=303 comm="apparmor_parser"
[    2.913281] audit: type=1400 audit(1768426665.768:10): apparmor="STATUS" operation="profile_load" profile="unconfined" name="/usr/lib/cups/backend/cups-pdf" pid=304 comm="apparmor_parser"
[    2.976878] systemd[1]: Finished Load AppArmor profiles.
[    2.977817] systemd[1]: Starting Load AppArmor profiles managed internally by snapd...
[    3.055676] systemd[1]: Finished Load AppArmor profiles managed internally by snapd.
[    3.182801] systemd[1]: Started Journal Service.
[    3.191605] systemd-journald[229]: Received client request to flush runtime journal.
[    3.196291] systemd-journald[229]: File /var/log/journal/c455b248004a419c87ce85eea238d727/system.journal corrupted or uncleanly shut down, renaming and replacing.
[    4.519292] RAPL PMU: API unit is 2^-32 Joules, 0 fixed counters, 10737418240 ms ovfl timer
[    4.601976] cryptd: max_cpu_qlen set to 1000
[    4.638286] AVX2 version of gcm_enc/dec engaged.
[    4.638287] AES CTR mode by8 optimization enabled
[    5.404131] Adding 1998844k swap on /dev/sda1.  Priority:-2 extents:1 across:1998844k FS
[    6.731627] kauditd_printk_skb: 30 callbacks suppressed
[    6.731629] audit: type=1400 audit(1768426669.584:41): apparmor="DENIED" operation="capable" profile="/usr/sbin/cups-browsed" pid=497 comm="cups-browsed" capability=23  capname="sys_nice"
[    7.538147] pcnet32 0000:00:03.0 enp0s3: link up, 100Mbps, full-duplex
[    7.574281] e1000: enp0s8 NIC Link is Up 1000 Mbps Full Duplex, Flow Control: RX
[    7.574576] IPv6: ADDRCONF(NETDEV_CHANGE): enp0s8: link becomes ready
[    7.586320] e1000: enp0s9 NIC Link is Up 1000 Mbps Full Duplex, Flow Control: RX
[    7.586614] IPv6: ADDRCONF(NETDEV_CHANGE): enp0s9: link becomes ready
[    8.113091] device enp0s3 entered promiscuous mode
[    8.127423] audit: type=1400 audit(1768426670.980:42): apparmor="DENIED" operation="open" profile="/usr/sbin/tcpdump" name="/proc/sys/kernel/random/boot_id" pid=674 comm="tcpdump" requested_mask="r" denied_mask="r" fsuid=0 ouid=0
[    8.127662] audit: type=1400 audit(1768426670.980:43): apparmor="DENIED" operation="open" profile="/usr/sbin/tcpdump" name="/proc/sys/kernel/random/boot_id" pid=674 comm="tcpdump" requested_mask="r" denied_mask="r" fsuid=0 ouid=0
[    8.127714] audit: type=1400 audit(1768426670.980:44): apparmor="DENIED" operation="open" profile="/usr/sbin/tcpdump" name="/proc/sys/kernel/random/boot_id" pid=674 comm="tcpdump" requested_mask="r" denied_mask="r" fsuid=0 ouid=0
[    8.127804] audit: type=1400 audit(1768426670.980:45): apparmor="DENIED" operation="open" profile="/usr/sbin/tcpdump" name="/proc/sys/kernel/random/boot_id" pid=674 comm="tcpdump" requested_mask="r" denied_mask="r" fsuid=0 ouid=0
[    8.131726] audit: type=1400 audit(1768426670.984:46): apparmor="DENIED" operation="open" profile="/usr/sbin/tcpdump" name="/proc/sys/kernel/random/boot_id" pid=675 comm="tcpdump" requested_mask="r" denied_mask="r" fsuid=0 ouid=0
[    8.131999] audit: type=1400 audit(1768426670.984:47): apparmor="DENIED" operation="open" profile="/usr/sbin/tcpdump" name="/proc/sys/kernel/random/boot_id" pid=675 comm="tcpdump" requested_mask="r" denied_mask="r" fsuid=0 ouid=0
[    8.132040] audit: type=1400 audit(1768426670.984:48): apparmor="DENIED" operation="open" profile="/usr/sbin/tcpdump" name="/proc/sys/kernel/random/boot_id" pid=675 comm="tcpdump" requested_mask="r" denied_mask="r" fsuid=0 ouid=0
[    8.132149] audit: type=1400 audit(1768426670.984:49): apparmor="DENIED" operation="open" profile="/usr/sbin/tcpdump" name="/proc/sys/kernel/random/boot_id" pid=675 comm="tcpdump" requested_mask="r" denied_mask="r" fsuid=0 ouid=0
[   12.627718] rfkill: input handler disabled
[  113.925848] rfkill: input handler enabled
[  122.072500] rfkill: input handler disabled
[  239.998688] AAAAA-TCP_FORW: name:enp0s3: saddr:100932208: daddr:16783984
[  240.449318] AAAAA-TCP_FORW: name:enp0s3: saddr:100932208: daddr:16783984
[  266.595608] AAAAA-TCP_FORW: name:enp0s3: saddr:16783984: daddr:100932208
[  266.663452] AAAAA-TCP_FORW: name:enp0s3: saddr:33561200: daddr:100932208
[  266.748152] AAAAA-TCP_FORW: name:enp0s3: saddr:16783984: daddr:100932208
[  266.844089] AAAAA-TCP_FORW: name:enp0s3: saddr:33561200: daddr:100932208
[  266.979889] AAAAA-TCP_FORW: name:enp0s3: saddr:16783984: daddr:100932208
[  267.086351] AAAAA-TCP_FORW: name:enp0s3: saddr:33561200: daddr:100932208
[  428.095713] device enp0s3 left promiscuous mode
