[    0.000000] Linux version 5.4.243-mptcp (root@ztg) (gcc version 12.2.0 (Debian 12.2.0-14+deb12u1)) #53 SMP Wed Dec 24 23:28:15 CST 2025
[    0.000000] Command line: BOOT_IMAGE=/boot/vmlinuz-5.4.243-mptcp root=UUID=98415a12-53b7-4144-8265-0f7ece09e445 ro quiet splash
[    0.000000] KERNEL supported cpus:
[    0.000000]   Intel GenuineIntel
[    0.000000]   AMD AuthenticAMD
[    0.000000]   Hygon HygonGenuine
[    0.000000]   Centaur CentaurHauls
[    0.000000]   zhaoxin   Shanghai  
[    0.000000] x86/fpu: Supporting XSAVE feature 0x001: 'x87 floating point registers'
[    0.000000] x86/fpu: Supporting XSAVE feature 0x002: 'SSE registers'
[    0.000000] x86/fpu: Supporting XSAVE feature 0x004: 'AVX registers'
[    0.000000] x86/fpu: xstate_offset[2]:  576, xstate_sizes[2]:  256
[    0.000000] x86/fpu: Enabled xstate features 0x7, context size is 832 bytes, using 'standard' format.
[    0.000000] BIOS-provided physical RAM map:
[    0.000000] BIOS-e820: [mem 0x0000000000000000-0x000000000009fbff] usable
[    0.000000] BIOS-e820: [mem 0x000000000009fc00-0x000000000009ffff] reserved
[    0.000000] BIOS-e820: [mem 0x00000000000f0000-0x00000000000fffff] reserved
[    0.000000] BIOS-e820: [mem 0x0000000000100000-0x000000007ffeffff] usable
[    0.000000] BIOS-e820: [mem 0x000000007fff0000-0x000000007fffffff] ACPI data
[    0.000000] BIOS-e820: [mem 0x00000000fec00000-0x00000000fec00fff] reserved
[    0.000000] BIOS-e820: [mem 0x00000000fee00000-0x00000000fee00fff] reserved
[    0.000000] BIOS-e820: [mem 0x00000000fffc0000-0x00000000ffffffff] reserved
[    0.000000] NX (Execute Disable) protection: active
[    0.000000] SMBIOS 2.5 present.
[    0.000000] DMI: innotek GmbH VirtualBox/VirtualBox, BIOS VirtualBox 12/01/2006
[    0.000000] Hypervisor detected: KVM
[    0.000000] kvm-clock: Using msrs 4b564d01 and 4b564d00
[    0.000000] kvm-clock: cpu 0, msr 6d801001, primary cpu clock
[    0.000000] kvm-clock: using sched offset of 4442588538 cycles
[    0.000003] clocksource: kvm-clock: mask: 0xffffffffffffffff max_cycles: 0x1cd42e4dffb, max_idle_ns: 881590591483 ns
[    0.000005] tsc: Detected 2100.000 MHz processor
[    0.001871] e820: update [mem 0x00000000-0x00000fff] usable ==> reserved
[    0.001873] e820: remove [mem 0x000a0000-0x000fffff] usable
[    0.001877] last_pfn = 0x7fff0 max_arch_pfn = 0x400000000
[    0.001943] MTRR default type: uncachable
[    0.001944] MTRR fixed ranges enabled:
[    0.001945]   00000-9FFFF write-back
[    0.001946]   A0000-BFFFF uncachable
[    0.001947]   C0000-FFFFF write-protect
[    0.001948] MTRR variable ranges enabled:
[    0.001949]   0 base 000000000000 mask 3FFF80000000 write-back
[    0.001950]   1 disabled
[    0.001950]   2 disabled
[    0.001951]   3 disabled
[    0.001951]   4 disabled
[    0.001951]   5 disabled
[    0.001952]   6 disabled
[    0.001952]   7 disabled
[    0.001953]   8 disabled
[    0.001953]   9 disabled
[    0.001954]   10 disabled
[    0.001954]   11 disabled
[    0.001955]   12 disabled
[    0.001955]   13 disabled
[    0.001955]   14 disabled
[    0.001956]   15 disabled
[    0.001972] x86/PAT: Configuration [0-7]: WB  WC  UC- UC  WB  WP  UC- WT  
[    0.002104] found SMP MP-table at [mem 0x0009fff0-0x0009ffff]
[    0.091373] check: Scanning 1 areas for low memory corruption
[    0.091611] RAMDISK: [mem 0x32271000-0x3512ffff]
[    0.091619] ACPI: Early table checksum verification disabled
[    0.091624] ACPI: RSDP 0x00000000000E0000 000024 (v02 VBOX  )
[    0.091628] ACPI: XSDT 0x000000007FFF0030 00003C (v01 VBOX   VBOXXSDT 00000001 ASL  00000061)
[    0.091634] ACPI: FACP 0x000000007FFF00F0 0000F4 (v04 VBOX   VBOXFACP 00000001 ASL  00000061)
[    0.091641] ACPI: DSDT 0x000000007FFF02E0 002353 (v02 VBOX   VBOXBIOS 00000002 VBOX 00029BF3)
[    0.091645] ACPI: FACS 0x000000007FFF0200 000040
[    0.091648] ACPI: FACS 0x000000007FFF0200 000040
[    0.091652] ACPI: APIC 0x000000007FFF0240 000054 (v02 VBOX   VBOXAPIC 00000001 ASL  00000061)
[    0.091655] ACPI: SSDT 0x000000007FFF02A0 000038 (v01 VBOX   VBOXCPUT 00000002 VBOX 00029BF3)
[    0.091659] ACPI: Reserving FACP table memory at [mem 0x7fff00f0-0x7fff01e3]
[    0.091660] ACPI: Reserving DSDT table memory at [mem 0x7fff02e0-0x7fff2632]
[    0.091660] ACPI: Reserving FACS table memory at [mem 0x7fff0200-0x7fff023f]
[    0.091661] ACPI: Reserving FACS table memory at [mem 0x7fff0200-0x7fff023f]
[    0.091662] ACPI: Reserving APIC table memory at [mem 0x7fff0240-0x7fff0293]
[    0.091662] ACPI: Reserving SSDT table memory at [mem 0x7fff02a0-0x7fff02d7]
[    0.091677] ACPI: Local APIC address 0xfee00000
[    0.091862] No NUMA configuration found
[    0.091863] Faking a node at [mem 0x0000000000000000-0x000000007ffeffff]
[    0.091873] NODE_DATA(0) allocated [mem 0x7ffc5000-0x7ffeffff]
[    0.092133] Zone ranges:
[    0.092134]   DMA      [mem 0x0000000000001000-0x0000000000ffffff]
[    0.092135]   DMA32    [mem 0x0000000001000000-0x000000007ffeffff]
[    0.092136]   Normal   empty
[    0.092136]   Device   empty
[    0.092137] Movable zone start for each node
[    0.092139] Early memory node ranges
[    0.092140]   node   0: [mem 0x0000000000001000-0x000000000009efff]
[    0.092141]   node   0: [mem 0x0000000000100000-0x000000007ffeffff]
[    0.092144] Zeroed struct page in unavailable ranges: 114 pages
[    0.092144] Initmem setup node 0 [mem 0x0000000000001000-0x000000007ffeffff]
[    0.092145] On node 0 totalpages: 524174
[    0.092147]   DMA zone: 64 pages used for memmap
[    0.092147]   DMA zone: 21 pages reserved
[    0.092148]   DMA zone: 3998 pages, LIFO batch:0
[    0.092219]   DMA32 zone: 8128 pages used for memmap
[    0.092220]   DMA32 zone: 520176 pages, LIFO batch:63
[    0.101069] ACPI: PM-Timer IO Port: 0x4008
[    0.101073] ACPI: Local APIC address 0xfee00000
[    0.101141] IOAPIC[0]: apic_id 1, version 32, address 0xfec00000, GSI 0-23
[    0.101144] ACPI: INT_SRC_OVR (bus 0 bus_irq 0 global_irq 2 dfl dfl)
[    0.101146] ACPI: INT_SRC_OVR (bus 0 bus_irq 9 global_irq 9 low level)
[    0.101148] ACPI: IRQ0 used by override.
[    0.101149] ACPI: IRQ9 used by override.
[    0.101151] Using ACPI (MADT) for SMP configuration information
[    0.101158] smpboot: Allowing 1 CPUs, 0 hotplug CPUs
[    0.101180] PM: Registered nosave memory: [mem 0x00000000-0x00000fff]
[    0.101181] PM: Registered nosave memory: [mem 0x0009f000-0x0009ffff]
[    0.101182] PM: Registered nosave memory: [mem 0x000a0000-0x000effff]
[    0.101183] PM: Registered nosave memory: [mem 0x000f0000-0x000fffff]
[    0.101184] [mem 0x80000000-0xfebfffff] available for PCI devices
[    0.101185] Booting paravirtualized kernel on KVM
[    0.101188] clocksource: refined-jiffies: mask: 0xffffffff max_cycles: 0xffffffff, max_idle_ns: 7645519600211568 ns
[    0.101192] setup_percpu: NR_CPUS:8192 nr_cpumask_bits:1 nr_cpu_ids:1 nr_node_ids:1
[    0.102216] percpu: Embedded 60 pages/cpu s208896 r8192 d28672 u2097152
[    0.102221] pcpu-alloc: s208896 r8192 d28672 u2097152 alloc=1*2097152
[    0.102222] pcpu-alloc: [0] 0 
[    0.102247] Built 1 zonelists, mobility grouping on.  Total pages: 515961
[    0.102248] Policy zone: DMA32
[    0.102249] Kernel command line: BOOT_IMAGE=/boot/vmlinuz-5.4.243-mptcp root=UUID=98415a12-53b7-4144-8265-0f7ece09e445 ro quiet splash
[    0.103102] Dentry cache hash table entries: 262144 (order: 9, 2097152 bytes, linear)
[    0.103247] Inode-cache hash table entries: 131072 (order: 8, 1048576 bytes, linear)
[    0.103298] mem auto-init: stack:off, heap alloc:on, heap free:off
[    0.103301] Calgary: detecting Calgary via BIOS EBDA area
[    0.103302] Calgary: Unable to locate Rio Grande table in EBDA - bailing!
[    0.107344] Memory: 1967332K/2096696K available (14339K kernel code, 2398K rwdata, 4712K rodata, 2728K init, 17260K bss, 129364K reserved, 0K cma-reserved)
[    0.108273] SLUB: HWalign=64, Order=0-3, MinObjects=0, CPUs=1, Nodes=1
[    0.108289] ftrace: allocating 43186 entries in 169 pages
[    0.126332] rcu: Hierarchical RCU implementation.
[    0.126334] rcu: 	RCU restricting CPUs from NR_CPUS=8192 to nr_cpu_ids=1.
[    0.126335] 	Tasks RCU enabled.
[    0.126336] rcu: RCU calculated value of scheduler-enlistment delay is 25 jiffies.
[    0.126337] rcu: Adjusting geometry for rcu_fanout_leaf=16, nr_cpu_ids=1
[    0.129296] NR_IRQS: 524544, nr_irqs: 256, preallocated irqs: 16
[    0.129502] random: crng init done
[    0.138748] Console: colour VGA+ 80x25
[    0.138751] printk: console [tty0] enabled
[    0.138770] ACPI: Core revision 20190816
[    0.138859] APIC: Switch to symmetric I/O mode setup
[    0.139108] x2apic enabled
[    0.139347] Switched APIC routing to physical x2apic.
[    0.140471] ..TIMER: vector=0x30 apic1=0 pin1=2 apic2=-1 pin2=-1
[    0.140496] clocksource: tsc-early: mask: 0xffffffffffffffff max_cycles: 0x1e4530a99b6, max_idle_ns: 440795257976 ns
[    0.140500] Calibrating delay loop (skipped) preset value.. 4200.00 BogoMIPS (lpj=8400000)
[    0.140502] pid_max: default: 32768 minimum: 301
[    0.140530] LSM: Security Framework initializing
[    0.140539] Yama: becoming mindful.
[    0.140565] AppArmor: AppArmor initialized
[    0.140599] Mount-cache hash table entries: 4096 (order: 3, 32768 bytes, linear)
[    0.140604] Mountpoint-cache hash table entries: 4096 (order: 3, 32768 bytes, linear)
[    0.140614] *** VALIDATE tmpfs ***
[    0.140741] *** VALIDATE proc ***
[    0.140782] *** VALIDATE cgroup1 ***
[    0.140783] *** VALIDATE cgroup2 ***
[    0.140921] process: using mwait in idle threads
[    0.140925] Last level iTLB entries: 4KB 64, 2MB 8, 4MB 8
[    0.140926] Last level dTLB entries: 4KB 64, 2MB 0, 4MB 0, 1GB 4
[    0.140946] Spectre V1 : Mitigation: usercopy/swapgs barriers and __user pointer sanitization
[    0.140951] Spectre V2 : Mitigation: Retpolines
[    0.140952] Spectre V2 : Spectre v2 / SpectreRSB mitigation: Filling RSB on context switch
[    0.140952] Spectre V2 : Spectre v2 / SpectreRSB : Filling RSB on VMEXIT
[    0.140953] RETBleed: WARNING: Spectre v2 mitigation leaves CPU vulnerable to RETBleed attacks, data leaks possible!
[    0.141318] RETBleed: Vulnerable
[    0.141319] Speculative Store Bypass: Vulnerable
[    0.141324] TAA: Mitigation: TSX disabled
[    0.141324] MMIO Stale Data: Mitigation: Clear CPU buffers
[    0.145498] Freeing SMP alternatives memory: 40K
[    0.257753] smpboot: CPU0: Intel(R) Xeon(R) Silver 4216 CPU @ 2.10GHz (family: 0x6, model: 0x55, stepping: 0x7)
[    0.257872] Performance Events: unsupported p6 CPU model 85 no PMU driver, software events only.
[    0.257906] rcu: Hierarchical SRCU implementation.
[    0.258379] NMI watchdog: Perf NMI watchdog permanently disabled
[    0.258417] smp: Bringing up secondary CPUs ...
[    0.258418] smp: Brought up 1 node, 1 CPU
[    0.258419] smpboot: Max logical packages: 1
[    0.258421] smpboot: Total of 1 processors activated (4200.00 BogoMIPS)
[    0.259389] devtmpfs: initialized
[    0.259437] x86/mm: Memory block size: 128MB
[    0.259783] clocksource: jiffies: mask: 0xffffffff max_cycles: 0xffffffff, max_idle_ns: 7645041785100000 ns
[    0.259789] futex hash table entries: 256 (order: 2, 16384 bytes, linear)
[    0.259831] pinctrl core: initialized pinctrl subsystem
[    0.259932] PM: RTC time: 19:04:16, date: 2026-01-16
[    0.260037] NET: Registered protocol family 16
[    0.260110] audit: initializing netlink subsys (disabled)
[    0.260235] EISA bus registered
[    0.260237] cpuidle: using governor ladder
[    0.260237] cpuidle: using governor menu
[    0.260273] ACPI: bus type PCI registered
[    0.260274] acpiphp: ACPI Hot Plug PCI Controller Driver version: 0.5
[    0.260379] PCI: Using configuration type 1 for base access
[    0.260758] audit: type=2000 audit(1768561463.140:1): state=initialized audit_enabled=0 res=1
[    0.260836] HugeTLB registered 2.00 MiB page size, pre-allocated 0 pages
[    0.261658] ACPI: Added _OSI(Module Device)
[    0.261658] ACPI: Added _OSI(Processor Device)
[    0.261659] ACPI: Added _OSI(3.0 _SCP Extensions)
[    0.261660] ACPI: Added _OSI(Processor Aggregator Device)
[    0.261661] ACPI: Added _OSI(Linux-Dell-Video)
[    0.261662] ACPI: Added _OSI(Linux-Lenovo-NV-HDMI-Audio)
[    0.261663] ACPI: Added _OSI(Linux-HPI-Hybrid-Graphics)
[    0.263602] ACPI: 2 ACPI AML tables successfully acquired and loaded
[    0.265113] ACPI: Interpreter enabled
[    0.265122] ACPI: (supports S0 S5)
[    0.265123] ACPI: Using IOAPIC for interrupt routing
[    0.265339] PCI: Using host bridge windows from ACPI; if necessary, use "pci=nocrs" and report a bug
[    0.265446] ACPI: Enabled 2 GPEs in block 00 to 07
[    0.270227] ACPI: PCI Root Bridge [PCI0] (domain 0000 [bus 00-ff])
[    0.270233] acpi PNP0A03:00: _OSC: OS supports [ASPM ClockPM Segments MSI HPX-Type3]
[    0.270676] acpi PNP0A03:00: _OSC: not requesting OS control; OS requires [ExtendedConfig ASPM ClockPM MSI]
[    0.270684] acpi PNP0A03:00: fail to add MMCONFIG information, can't access extended PCI configuration space under this bridge.
[    0.271048] PCI host bridge to bus 0000:00
[    0.271050] pci_bus 0000:00: root bus resource [io  0x0000-0x0cf7 window]
[    0.271051] pci_bus 0000:00: root bus resource [io  0x0d00-0xffff window]
[    0.271052] pci_bus 0000:00: root bus resource [mem 0x000a0000-0x000bffff window]
[    0.271053] pci_bus 0000:00: root bus resource [mem 0x80000000-0xfdffffff window]
[    0.271054] pci_bus 0000:00: root bus resource [bus 00-ff]
[    0.271098] pci 0000:00:00.0: [8086:1237] type 00 class 0x060000
[    0.272020] pci 0000:00:01.0: [8086:7000] type 00 class 0x060100
[    0.272914] pci 0000:00:01.1: [8086:7111] type 00 class 0x01018a
[    0.273288] pci 0000:00:01.1: reg 0x20: [io  0xd000-0xd00f]
[    0.273448] pci 0000:00:01.1: legacy IDE quirk: reg 0x10: [io  0x01f0-0x01f7]
[    0.273449] pci 0000:00:01.1: legacy IDE quirk: reg 0x14: [io  0x03f6]
[    0.273450] pci 0000:00:01.1: legacy IDE quirk: reg 0x18: [io  0x0170-0x0177]
[    0.273451] pci 0000:00:01.1: legacy IDE quirk: reg 0x1c: [io  0x0376]
[    0.273984] pci 0000:00:02.0: [15ad:0405] type 00 class 0x030000
[    0.276575] pci 0000:00:02.0: reg 0x10: [io  0xd010-0xd01f]
[    0.279414] pci 0000:00:02.0: reg 0x14: [mem 0xe0000000-0xe7ffffff pref]
[    0.282385] pci 0000:00:02.0: reg 0x18: [mem 0xf0000000-0xf01fffff]
[    0.293155] pci 0000:00:03.0: [1022:2000] type 00 class 0x020000
[    0.293830] pci 0000:00:03.0: reg 0x10: [io  0xd020-0xd03f]
[    0.294435] pci 0000:00:03.0: reg 0x14: [mem 0xf0200000-0xf0200fff]
[    0.297870] pci 0000:00:04.0: [80ee:cafe] type 00 class 0x088000
[    0.298536] pci 0000:00:04.0: reg 0x10: [io  0xd040-0xd05f]
[    0.299142] pci 0000:00:04.0: reg 0x14: [mem 0xf0400000-0xf07fffff]
[    0.299746] pci 0000:00:04.0: reg 0x18: [mem 0xf0800000-0xf0803fff pref]
[    0.302994] pci 0000:00:07.0: [8086:7113] type 00 class 0x068000
[    0.304573] pci 0000:00:07.0: quirk: [io  0x4000-0x403f] claimed by PIIX4 ACPI
[    0.304584] pci 0000:00:07.0: quirk: [io  0x4100-0x410f] claimed by PIIX4 SMB
[    0.305163] pci 0000:00:08.0: [1022:2000] type 00 class 0x020000
[    0.305823] pci 0000:00:08.0: reg 0x10: [io  0xd060-0xd07f]
[    0.306438] pci 0000:00:08.0: reg 0x14: [mem 0xf0804000-0xf0804fff]
[    0.309885] pci 0000:00:09.0: [8086:100e] type 00 class 0x020000
[    0.310585] pci 0000:00:09.0: reg 0x10: [mem 0xf0820000-0xf083ffff]
[    0.311781] pci 0000:00:09.0: reg 0x18: [io  0xd080-0xd087]
[    0.321484] ACPI: PCI Interrupt Link [LNKA] (IRQs 5 9 10 *11)
[    0.321767] ACPI: PCI Interrupt Link [LNKB] (IRQs 5 9 *10 11)
[    0.321868] ACPI: PCI Interrupt Link [LNKC] (IRQs 5 *9 10 11)
[    0.321968] ACPI: PCI Interrupt Link [LNKD] (IRQs 5 9 10 *11)
[    0.322210] iommu: Default domain type: Translated 
[    0.322269] pci 0000:00:02.0: vgaarb: setting as boot VGA device
[    0.322270] pci 0000:00:02.0: vgaarb: VGA device added: decodes=io+mem,owns=io+mem,locks=none
[    0.322272] pci 0000:00:02.0: vgaarb: bridge control possible
[    0.322273] vgaarb: loaded
[    0.322474] SCSI subsystem initialized
[    0.322506] libata version 3.00 loaded.
[    0.322531] ACPI: bus type USB registered
[    0.322547] usbcore: registered new interface driver usbfs
[    0.322553] usbcore: registered new interface driver hub
[    0.322558] usbcore: registered new device driver usb
[    0.322585] pps_core: LinuxPPS API ver. 1 registered
[    0.322586] pps_core: Software ver. 5.3.6 - Copyright 2005-2007 Rodolfo Giometti <giometti@linux.it>
[    0.322588] PTP clock support registered
[    0.322621] EDAC MC: Ver: 3.0.0
[    0.322897] PCI: Using ACPI for IRQ routing
[    0.322898] PCI: pci_cache_line_size set to 64 bytes
[    0.323069] e820: reserve RAM buffer [mem 0x0009fc00-0x0009ffff]
[    0.323073] e820: reserve RAM buffer [mem 0x7fff0000-0x7fffffff]
[    0.324513] NetLabel: Initializing
[    0.324514] NetLabel:  domain hash size = 128
[    0.324514] NetLabel:  protocols = UNLABELED CIPSOv4 CALIPSO
[    0.324534] NetLabel:  unlabeled traffic allowed by default
[    0.325446] clocksource: Switched to clocksource kvm-clock
[    0.338910] *** VALIDATE bpf ***
[    0.338967] VFS: Disk quotas dquot_6.6.0
[    0.338979] VFS: Dquot-cache hash table entries: 512 (order 0, 4096 bytes)
[    0.338999] *** VALIDATE ramfs ***
[    0.339002] *** VALIDATE hugetlbfs ***
[    0.339078] AppArmor: AppArmor Filesystem Enabled
[    0.339101] pnp: PnP ACPI init
[    0.339161] pnp 00:00: Plug and Play ACPI device, IDs PNP0303 (active)
[    0.339246] pnp 00:01: Plug and Play ACPI device, IDs PNP0f03 (active)
[    0.339970] pnp: PnP ACPI: found 2 devices
[    0.340934] thermal_sys: Registered thermal governor 'fair_share'
[    0.340935] thermal_sys: Registered thermal governor 'bang_bang'
[    0.340935] thermal_sys: Registered thermal governor 'step_wise'
[    0.340936] thermal_sys: Registered thermal governor 'user_space'
[    0.340937] thermal_sys: Registered thermal governor 'power_allocator'
[    0.345468] clocksource: acpi_pm: mask: 0xffffff max_cycles: 0xffffff, max_idle_ns: 2085701024 ns
[    0.345507] pci_bus 0000:00: resource 4 [io  0x0000-0x0cf7 window]
[    0.345508] pci_bus 0000:00: resource 5 [io  0x0d00-0xffff window]
[    0.345510] pci_bus 0000:00: resource 6 [mem 0x000a0000-0x000bffff window]
[    0.345511] pci_bus 0000:00: resource 7 [mem 0x80000000-0xfdffffff window]
[    0.345568] NET: Registered protocol family 2
[    0.345641] IP idents hash table entries: 32768 (order: 6, 262144 bytes, linear)
[    0.346039] MPTCP tokens hash table entries: 8192 (order: 4, 65536 bytes, linear)
[    0.346062] MPTCP request tokens hash table entries: 8192 (order: 4, 65536 bytes, linear)
[    0.346087] default registered
[    0.346088] default registered
[    0.346088] MPTCP: Stable release v0.96
[    0.346093] tcp_listen_portaddr_hash hash table entries: 1024 (order: 2, 16384 bytes, linear)
[    0.346171] TCP established hash table entries: 16384 (order: 5, 131072 bytes, linear)
[    0.346235] TCP bind hash table entries: 16384 (order: 6, 262144 bytes, linear)
[    0.346260] TCP: Hash tables configured (established 16384 bind 16384)
[    0.347004] UDP hash table entries: 1024 (order: 3, 32768 bytes, linear)
[    0.347015] UDP-Lite hash table entries: 1024 (order: 3, 32768 bytes, linear)
[    0.347049] NET: Registered protocol family 1
[    0.347057] NET: Registered protocol family 44
[    0.347094] pci 0000:00:00.0: Limiting direct PCI/PCI transfers
[    0.347106] pci 0000:00:01.0: Activating ISA DMA hang workarounds
[    0.347161] pci 0000:00:02.0: Video device with shadowed ROM at [mem 0x000c0000-0x000dffff]
[    0.347223] PCI: CLS 0 bytes, default 64
[    0.347273] Trying to unpack rootfs image as initramfs...
[    0.515180] Freeing initrd memory: 47868K
[    0.515180] clocksource: tsc: mask: 0xffffffffffffffff max_cycles: 0x1e4530a99b6, max_idle_ns: 440795257976 ns
[    0.515180] clocksource: Switched to clocksource tsc
[    0.515180] platform rtc_cmos: registered platform RTC device (no PNP device found)
[    0.515180] check: Scanning for low memory corruption every 60 seconds
[    0.515180] Initialise system trusted keyrings
[    0.515180] Key type blacklist registered
[    0.515180] workingset: timestamp_bits=36 max_order=19 bucket_order=0
[    0.515180] zbud: loaded
[    0.515180] squashfs: version 4.0 (2009/01/31) Phillip Lougher
[    0.515180] fuse: init (API version 7.31)
[    0.515180] *** VALIDATE fuse ***
[    0.515180] *** VALIDATE fuse ***
[    0.515180] Platform Keyring initialized
[    0.529933] Key type asymmetric registered
[    0.529934] Asymmetric key parser 'x509' registered
[    0.529944] Block layer SCSI generic (bsg) driver version 0.4 loaded (major 244)
[    0.529980] io scheduler mq-deadline registered
[    0.530103] shpchp: Standard Hot Plug PCI Controller Driver version: 0.4
[    0.530306] ACPI: AC Adapter [AC] (on-line)
[    0.530351] input: Power Button as /devices/LNXSYSTM:00/LNXPWRBN:00/input/input0
[    0.530379] ACPI: Power Button [PWRF]
[    0.530463] input: Sleep Button as /devices/LNXSYSTM:00/LNXSLPBN:00/input/input1
[    0.530477] ACPI: Sleep Button [SLPF]
[    0.530715] Serial: 8250/16550 driver, 32 ports, IRQ sharing enabled
[    0.531863] Linux agpgart interface v0.103
[    0.627039] loop: module loaded
[    0.627186] ata_piix 0000:00:01.1: version 2.13
[    0.627595] scsi host0: ata_piix
[    0.627683] scsi host1: ata_piix
[    0.627709] ata1: PATA max UDMA/33 cmd 0x1f0 ctl 0x3f6 bmdma 0xd000 irq 14
[    0.627710] ata2: PATA max UDMA/33 cmd 0x170 ctl 0x376 bmdma 0xd008 irq 15
[    0.627789] tun: Universal TUN/TAP device driver, 1.6
[    0.628088] PPP generic driver version 2.4.2
[    0.628131] VFIO - User Level meta-driver version: 0.3
[    0.628361] ehci_hcd: USB 2.0 'Enhanced' Host Controller (EHCI) Driver
[    0.628366] ehci-pci: EHCI PCI platform driver
[    0.628381] ehci-platform: EHCI generic platform driver
[    0.628386] ohci_hcd: USB 1.1 'Open' Host Controller (OHCI) Driver
[    0.628388] ohci-pci: OHCI PCI platform driver
[    0.628395] ohci-platform: OHCI generic platform driver
[    0.628400] uhci_hcd: USB Universal Host Controller Interface driver
[    0.628476] i8042: PNP: PS/2 Controller [PNP0303:PS2K,PNP0f03:PS2M] at 0x60,0x64 irq 1,12
[    0.628916] serio: i8042 KBD port at 0x60,0x64 irq 1
[    0.628920] serio: i8042 AUX port at 0x60,0x64 irq 12
[    0.629006] mousedev: PS/2 mouse device common for all mice
[    0.629260] input: AT Translated Set 2 keyboard as /devices/platform/i8042/serio0/input/input2
[    0.629659] rtc_cmos rtc_cmos: registered as rtc0
[    0.629672] rtc_cmos rtc_cmos: alarms up to one day, 114 bytes nvram
[    0.629677] i2c /dev entries driver
[    0.629720] device-mapper: uevent: version 1.0.3
[    0.629762] device-mapper: ioctl: 4.41.0-ioctl (2019-09-16) initialised: dm-devel@redhat.com
[    0.629778] platform eisa.0: Probing EISA bus 0
[    0.629779] platform eisa.0: EISA: Cannot allocate resource for mainboard
[    0.629780] platform eisa.0: Cannot allocate resource for EISA slot 1
[    0.629781] platform eisa.0: Cannot allocate resource for EISA slot 2
[    0.629782] platform eisa.0: Cannot allocate resource for EISA slot 3
[    0.629783] platform eisa.0: Cannot allocate resource for EISA slot 4
[    0.629784] platform eisa.0: Cannot allocate resource for EISA slot 5
[    0.629785] platform eisa.0: Cannot allocate resource for EISA slot 6
[    0.629786] platform eisa.0: Cannot allocate resource for EISA slot 7
[    0.629787] platform eisa.0: Cannot allocate resource for EISA slot 8
[    0.629788] platform eisa.0: EISA: Detected 0 cards
[    0.629791] intel_pstate: CPU model not supported
[    0.629800] ledtrig-cpu: registered to indicate activity on CPUs
[    0.629855] drop_monitor: Initializing network drop monitor service
[    0.630015] NET: Registered protocol family 10
[    0.635167] Segment Routing with IPv6
[    0.635194] fullmesh registered
[    0.635194] ndiffports registered
[    0.635194] binder registered
[    0.635194] roundrobin registered
[    0.635194] redundant registered
[    0.635194] blest registered
[    0.635194] ecf registered
[    0.635194] NET: Registered protocol family 17
[    0.635194] Key type dns_resolver registered
[    0.635194] RAS: Correctable Errors collector initialized.
[    0.635194] IPI shorthand broadcast: enabled
[    0.635194] sched_clock: Marking stable (620189302, 11005093)->(631827088, -632693)
[    0.635408] registered taskstats version 1
[    0.635416] Loading compiled-in X.509 certificates
[    0.636004] Loaded X.509 cert 'Build time autogenerated kernel key: 6909f3744cebb3d0de528d5887b96a727de79b1e'
[    0.636022] zswap: loaded using pool lzo/zbud
[    0.636075] Key type ._fscrypt registered
[    0.636076] Key type .fscrypt registered
[    0.640586] Key type big_key registered
[    0.642757] Key type encrypted registered
[    0.642760] AppArmor: AppArmor sha1 policy hashing enabled
[    0.642767] ima: No TPM chip found, activating TPM-bypass!
[    0.642771] ima: Allocated hash algorithm: sha1
[    0.642776] ima: No architecture policies found
[    0.642785] evm: Initialising EVM extended attributes:
[    0.642785] evm: security.selinux
[    0.642786] evm: security.SMACK64
[    0.642786] evm: security.SMACK64EXEC
[    0.642786] evm: security.SMACK64TRANSMUTE
[    0.642787] evm: security.SMACK64MMAP
[    0.642787] evm: security.apparmor
[    0.642788] evm: security.ima
[    0.642788] evm: security.capability
[    0.642789] evm: HMAC attrs: 0x1
[    0.643079] PM:   Magic number: 10:699:91
[    0.643181] rtc_cmos rtc_cmos: setting system clock to 2026-01-16T19:04:17 UTC (1768590257)
[    0.800233] ata1.00: ATA-6: VBOX HARDDISK, 1.0, max UDMA/133
[    0.800237] ata1.00: 209715200 sectors, multi 128: LBA 
[    0.800912] scsi 0:0:0:0: Direct-Access     ATA      VBOX HARDDISK    1.0  PQ: 0 ANSI: 5
[    0.801201] sd 0:0:0:0: [sda] 209715200 512-byte logical blocks: (107 GB/100 GiB)
[    0.801214] sd 0:0:0:0: [sda] Write Protect is off
[    0.801217] sd 0:0:0:0: [sda] Mode Sense: 00 3a 00 00
[    0.801238] sd 0:0:0:0: [sda] Write cache: enabled, read cache: enabled, doesn't support DPO or FUA
[    0.801481] sd 0:0:0:0: Attached scsi generic sg0 type 0
[    0.802397]  sda: sda1 sda2
[    0.811237] sd 0:0:0:0: [sda] Attached SCSI disk
[    0.814589] Freeing unused decrypted memory: 2040K
[    0.815562] Freeing unused kernel image memory: 2728K
[    0.815565] Write protecting the kernel read-only data: 22528k
[    0.816598] Freeing unused kernel image memory: 2036K
[    0.817165] Freeing unused kernel image memory: 1432K
[    0.844006] x86/mm: Checked W+X mappings: passed, no W+X pages found.
[    0.844010] Run /init as init process
[    0.951678] ACPI: Video Device [GFX0] (multi-head: yes  rom: no  post: no)
[    0.951751] input: Video Bus as /devices/LNXSYSTM:00/LNXSYBUS:00/PNP0A03:00/LNXVIDEO:00/input/input4
[    0.964615] pcnet32: pcnet32.c:v1.35 21.Apr.2008 tsbogend@alpha.franken.de
[    0.966087] piix4_smbus 0000:00:07.0: SMBus Host Controller at 0x4100, revision 0
[    0.969730] e1000: Intel(R) PRO/1000 Network Driver - version 7.3.21-k8-NAPI
[    0.969730] e1000: Copyright (c) 1999-2006 Intel Corporation.
[    0.978381] pcnet32: PCnet/FAST III 79C973 at 0xd020, 08:00:27:13:4b:cf assigned IRQ 19
[    0.978424] pcnet32: Found PHY 0022:561b at address 0
[    0.978721] pcnet32: eth0: registered as PCnet/FAST III 79C973
[    0.985330] pcnet32: PCnet/FAST III 79C973 at 0xd060, 08:00:27:84:fc:7a assigned IRQ 16
[    0.985374] pcnet32: Found PHY 0022:561b at address 0
[    0.985674] pcnet32: eth1: registered as PCnet/FAST III 79C973
[    0.993363] pcnet32: 2 cards_found
[    1.042825] pcnet32 0000:00:03.0 enp0s3: renamed from eth0
[    1.045787] pcnet32 0000:00:08.0 enp0s8: renamed from eth1
[    1.181706] input: ImExPS/2 Generic Explorer Mouse as /devices/platform/i8042/serio1/input/input5
[    1.379269] e1000 0000:00:09.0 eth0: (PCI:33MHz:32-bit) 08:00:27:06:d4:d1
[    1.379273] e1000 0000:00:09.0 eth0: Intel(R) PRO/1000 Network Connection
[    1.380298] e1000 0000:00:09.0 enp0s9: renamed from eth0
[    1.523959] EXT4-fs (sda2): mounted filesystem with ordered data mode. Opts: (null)
[    1.613011] systemd[1]: Inserted module 'autofs4'
[    1.624206] systemd[1]: systemd 245.4-4ubuntu3 running in system mode. (+PAM +AUDIT +SELINUX +IMA +APPARMOR +SMACK +SYSVINIT +UTMP +LIBCRYPTSETUP +GCRYPT +GNUTLS +ACL +XZ +LZ4 +SECCOMP +BLKID +ELFUTILS +KMOD +IDN2 -IDN +PCRE2 default-hierarchy=hybrid)
[    1.624233] systemd[1]: Detected virtualization oracle.
[    1.624236] systemd[1]: Detected architecture x86-64.
[    1.625577] systemd[1]: Set hostname to <ztg>.
[    1.749541] systemd[1]: /lib/systemd/system/dbus.socket:5: ListenStream= references a path below legacy directory /var/run/, updating /var/run/dbus/system_bus_socket â†’ /run/dbus/system_bus_socket; please update the unit file accordingly.
[    1.801309] systemd[1]: Created slice system-modprobe.slice.
[    1.801491] systemd[1]: Created slice User and Session Slice.
[    1.801534] systemd[1]: Started Forward Password Requests to Wall Directory Watch.
[    1.801685] systemd[1]: Set up automount Arbitrary Executable File Formats File System Automount Point.
[    1.801722] systemd[1]: Reached target User and Group Name Lookups.
[    1.801732] systemd[1]: Reached target Remote File Systems.
[    1.801741] systemd[1]: Reached target Slices.
[    1.802272] systemd[1]: Listening on Syslog Socket.
[    1.802337] systemd[1]: Listening on fsck to fsckd communication Socket.
[    1.802373] systemd[1]: Listening on initctl Compatibility Named Pipe.
[    1.802504] systemd[1]: Listening on Journal Audit Socket.
[    1.802559] systemd[1]: Listening on Journal Socket (/dev/log).
[    1.802626] systemd[1]: Listening on Journal Socket.
[    1.802688] systemd[1]: Listening on udev Control Socket.
[    1.802725] systemd[1]: Listening on udev Kernel Socket.
[    1.803477] systemd[1]: Mounting Huge Pages File System...
[    1.804348] systemd[1]: Mounting POSIX Message Queue File System...
[    1.805209] systemd[1]: Mounting Kernel Debug File System...
[    1.805992] systemd[1]: Mounting Kernel Trace File System...
[    1.807848] systemd[1]: Starting Journal Service...
[    1.834575] systemd[1]: Starting Set the console keyboard layout...
[    1.842413] systemd[1]: Starting Create list of static device nodes for the current kernel...
[    1.844213] systemd[1]: Starting Load Kernel Module drm...
[    1.845200] systemd[1]: Condition check resulted in Set Up Additional Binary Formats being skipped.
[    1.845246] systemd[1]: Condition check resulted in File System Check on Root Device being skipped.
[    1.855913] systemd[1]: Starting Load Kernel Modules...
[    1.865471] systemd[1]: Starting Remount Root and Kernel File Systems...
[    1.876060] systemd[1]: Starting udev Coldplug all Devices...
[    1.884278] systemd[1]: Starting Uncomplicated firewall...
[    1.885746] systemd[1]: Mounted Huge Pages File System.
[    1.885833] systemd[1]: Mounted POSIX Message Queue File System.
[    1.885905] systemd[1]: Mounted Kernel Debug File System.
[    1.885971] systemd[1]: Mounted Kernel Trace File System.
[    1.891332] EXT4-fs (sda2): re-mounted. Opts: errors=remount-ro
[    1.896349] systemd[1]: Finished Create list of static device nodes for the current kernel.
[    1.897323] systemd[1]: modprobe@drm.service: Succeeded.
[    1.899232] systemd[1]: Finished Load Kernel Module drm.
[    1.904733] systemd[1]: Finished Remount Root and Kernel File Systems.
[    1.909306] systemd[1]: Finished Uncomplicated firewall.
[    1.911308] lp: driver loaded but no devices found
[    1.927618] systemd[1]: Condition check resulted in Rebuild Hardware Database being skipped.
[    1.927653] systemd[1]: Condition check resulted in Platform Persistent Storage Archival being skipped.
[    1.928301] systemd[1]: Starting Load/Save Random Seed...
[    1.948597] systemd[1]: Starting Create System Users...
[    1.954461] ppdev: user-space parallel port driver
[    1.961345] systemd[1]: Finished Load/Save Random Seed.
[    1.968911] systemd[1]: Finished Create System Users.
[    1.969570] systemd[1]: Starting Create Static Device Nodes in /dev...
[    1.993784] systemd[1]: Finished Create Static Device Nodes in /dev.
[    1.994522] systemd[1]: Starting udev Kernel Device Manager...
[    2.023248] systemd[1]: Finished udev Coldplug all Devices.
[    2.027266] [drm] DMA map mode: Caching DMA mappings.
[    2.027328] [drm] Capabilities:
[    2.027328] [drm]   Rect copy.
[    2.027329] [drm]   Cursor.
[    2.027329] [drm]   Cursor bypass.
[    2.027329] [drm]   Cursor bypass 2.
[    2.027330] [drm]   Alpha cursor.
[    2.027330] [drm]   Extended Fifo.
[    2.027330] [drm]   Pitchlock.
[    2.027331] [drm]   Irq mask.
[    2.027331] [drm]   GMR.
[    2.027331] [drm]   Traces.
[    2.027332] [drm]   GMR2.
[    2.027332] [drm]   Screen Object 2.
[    2.027332] [drm]   Command Buffers.
[    2.027333] [drm]   Command Buffers 2.
[    2.027333] [drm]   Guest Backed Resources.
[    2.027334] [drm] Max GMR ids is 8192
[    2.027335] [drm] Max number of GMR pages is 1048576
[    2.027335] [drm] Max dedicated hypervisor surface memory is 393216 kiB
[    2.027336] [drm] Maximum display memory size is 131072 kiB
[    2.027336] [drm] VRAM at 0xe0000000 size is 131072 kiB
[    2.027337] [drm] MMIO at 0xf0000000 size is 2048 kiB
[    2.031717] [TTM] Zone  kernel: Available graphics memory: 1011738 KiB
[    2.031717] [TTM] Initializing pool allocator
[    2.031720] [TTM] Initializing DMA pool allocator
[    2.031775] [drm] Supports vblank timestamp caching Rev 2 (21.10.2013).
[    2.031775] [drm] No driver support for vblank timestamp query.
[    2.031988] [drm] Screen Target Display device initialized
[    2.032180] [drm] width 720
[    2.032190] [drm] height 400
[    2.032193] [drm] bpp 32
[    2.032698] [drm] Fifo max 0x00200000 min 0x00001000 cap 0x00000355
[    2.033741] [drm] Using command buffers with DMA pool.
[    2.033745] [drm] DX: no.
[    2.033745] [drm] Atomic: yes.
[    2.033746] [drm] SM4_1: no.
[    2.033765] [drm:vmw_host_log [vmwgfx]] *ERROR* Failed to send host log message.
[    2.034657] [drm:vmw_host_log [vmwgfx]] *ERROR* Failed to send host log message.
[    2.053296] fbcon: svgadrmfb (fb0) is primary device
[    2.055399] Console: switching to colour frame buffer device 100x37
[    2.079810] [drm] Initialized vmwgfx 2.15.0 20180704 for 0000:00:02.0 on minor 0
[    2.080858] systemd[1]: Finished Load Kernel Modules.
[    2.081804] systemd[1]: Mounting FUSE Control File System...
[    2.082966] systemd[1]: Mounting Kernel Configuration File System...
[    2.097473] systemd[1]: Starting Apply Kernel Variables...
[    2.108119] systemd[1]: Mounted FUSE Control File System.
[    2.108201] systemd[1]: Condition check resulted in VMware vmblock fuse mount being skipped.
[    2.120381] systemd[1]: Mounted Kernel Configuration File System.
[    2.134668] systemd[1]: Finished Set the console keyboard layout.
[    2.134774] systemd[1]: Reached target Local File Systems (Pre).
[    2.138396] systemd[1]: Mounting Mount unit for bare, revision 5...
[    2.140534] systemd[1]: Mounting Mount unit for core18, revision 1705...
[    2.158270] systemd[1]: Mounting Mount unit for gnome-3-34-1804, revision 24...
[    2.163888] systemd[1]: Mounting Mount unit for gtk-common-themes, revision 1506...
[    2.175653] systemd[1]: Mounting Mount unit for gtk-common-themes, revision 1535...
[    2.184091] systemd[1]: Mounting Mount unit for snap-store, revision 433...
[    2.195563] systemd[1]: Mounting Mount unit for snapd, revision 25935...
[    2.214247] systemd[1]: Finished Apply Kernel Variables.
[    2.235576] systemd[1]: Started udev Kernel Device Manager.
[    2.235669] systemd[1]: Mounted Mount unit for bare, revision 5.
[    2.235751] systemd[1]: Mounted Mount unit for core18, revision 1705.
[    2.235828] systemd[1]: Mounted Mount unit for gnome-3-34-1804, revision 24.
[    2.239770] systemd[1]: Starting Show Plymouth Boot Screen...
[    2.246456] systemd[1]: Mounted Mount unit for gtk-common-themes, revision 1506.
[    2.246994] systemd[1]: Received SIGRTMIN+20 from PID 281 (plymouthd).
[    2.267171] systemd[1]: Started Show Plymouth Boot Screen.
[    2.267317] systemd[1]: Condition check resulted in Dispatch Password Requests to Console Directory Watch being skipped.
[    2.267418] systemd[1]: Started Forward Password Requests to Plymouth Directory Watch.
[    2.267450] systemd[1]: Reached target Local Encrypted Volumes.
[    2.334959] systemd[1]: Mounted Mount unit for gtk-common-themes, revision 1535.
[    2.335196] systemd[1]: Mounted Mount unit for snap-store, revision 433.
[    2.335380] systemd[1]: Mounted Mount unit for snapd, revision 25935.
[    2.335530] systemd[1]: Reached target Local File Systems.
[    2.337986] systemd[1]: Starting Load AppArmor profiles...
[    2.338841] systemd[1]: Starting Set console font and keymap...
[    2.364893] systemd[1]: Starting Tell Plymouth To Write Out Runtime Data...
[    2.369411] systemd[1]: Condition check resulted in Store a System Token in an EFI Variable being skipped.
[    2.369470] systemd[1]: Condition check resulted in Commit a transient machine-id on disk being skipped.
[    2.373386] systemd[1]: Finished Set console font and keymap.
[    2.381036] systemd[1]: Received SIGRTMIN+20 from PID 281 (plymouthd).
[    2.382199] systemd[1]: plymouth-read-write.service: Succeeded.
[    2.382438] systemd[1]: Finished Tell Plymouth To Write Out Runtime Data.
[    2.400778] audit: type=1400 audit(1768590259.252:2): apparmor="STATUS" operation="profile_load" profile="unconfined" name="nvidia_modprobe" pid=301 comm="apparmor_parser"
[    2.400780] audit: type=1400 audit(1768590259.252:3): apparmor="STATUS" operation="profile_load" profile="unconfined" name="nvidia_modprobe//kmod" pid=301 comm="apparmor_parser"
[    2.411313] audit: type=1400 audit(1768590259.264:4): apparmor="STATUS" operation="profile_load" profile="unconfined" name="/usr/sbin/tcpdump" pid=302 comm="apparmor_parser"
[    2.459505] audit: type=1400 audit(1768590259.304:5): apparmor="STATUS" operation="profile_load" profile="unconfined" name="/usr/bin/evince" pid=304 comm="apparmor_parser"
[    2.459507] audit: type=1400 audit(1768590259.304:6): apparmor="STATUS" operation="profile_load" profile="unconfined" name="/usr/bin/evince//sanitized_helper" pid=304 comm="apparmor_parser"
[    2.459509] audit: type=1400 audit(1768590259.304:7): apparmor="STATUS" operation="profile_load" profile="unconfined" name="/usr/bin/evince-previewer" pid=304 comm="apparmor_parser"
[    2.459510] audit: type=1400 audit(1768590259.304:8): apparmor="STATUS" operation="profile_load" profile="unconfined" name="/usr/bin/evince-previewer//sanitized_helper" pid=304 comm="apparmor_parser"
[    2.459512] audit: type=1400 audit(1768590259.304:9): apparmor="STATUS" operation="profile_load" profile="unconfined" name="/usr/bin/evince-thumbnailer" pid=304 comm="apparmor_parser"
[    2.485548] audit: type=1400 audit(1768590259.336:10): apparmor="STATUS" operation="profile_load" profile="unconfined" name="/usr/lib/cups/backend/cups-pdf" pid=305 comm="apparmor_parser"
[    2.551190] systemd[1]: Finished Load AppArmor profiles.
[    2.552159] systemd[1]: Starting Load AppArmor profiles managed internally by snapd...
[    2.671788] systemd[1]: Finished Load AppArmor profiles managed internally by snapd.
[    2.812808] systemd[1]: Started Journal Service.
[    2.823882] systemd-journald[229]: Received client request to flush runtime journal.
[    2.827573] systemd-journald[229]: File /var/log/journal/c455b248004a419c87ce85eea238d727/system.journal corrupted or uncleanly shut down, renaming and replacing.
[    4.045301] RAPL PMU: API unit is 2^-32 Joules, 0 fixed counters, 10737418240 ms ovfl timer
[    4.069976] cryptd: max_cpu_qlen set to 1000
[    4.117347] AVX2 version of gcm_enc/dec engaged.
[    4.117348] AES CTR mode by8 optimization enabled
[    6.004505] Adding 1998844k swap on /dev/sda1.  Priority:-2 extents:1 across:1998844k FS
[    7.695008] kauditd_printk_skb: 30 callbacks suppressed
[    7.695009] audit: type=1400 audit(1768590264.548:41): apparmor="DENIED" operation="capable" profile="/usr/sbin/cups-browsed" pid=509 comm="cups-browsed" capability=23  capname="sys_nice"
[    8.508906] pcnet32 0000:00:03.0 enp0s3: link up, 100Mbps, full-duplex
[    8.531791] pcnet32 0000:00:08.0 enp0s8: link up, 100Mbps, full-duplex
[    8.566102] e1000: enp0s9 NIC Link is Up 1000 Mbps Full Duplex, Flow Control: RX
[    8.566400] IPv6: ADDRCONF(NETDEV_CHANGE): enp0s9: link becomes ready
[    9.103501] device enp0s8 entered promiscuous mode
[    9.104319] device enp0s3 entered promiscuous mode
[    9.149707] audit: type=1400 audit(1768590266.004:42): apparmor="DENIED" operation="open" profile="/usr/sbin/tcpdump" name="/proc/sys/kernel/random/boot_id" pid=656 comm="tcpdump" requested_mask="r" denied_mask="r" fsuid=0 ouid=0
[    9.149890] audit: type=1400 audit(1768590266.004:43): apparmor="DENIED" operation="open" profile="/usr/sbin/tcpdump" name="/proc/sys/kernel/random/boot_id" pid=657 comm="tcpdump" requested_mask="r" denied_mask="r" fsuid=0 ouid=0
[    9.150535] audit: type=1400 audit(1768590266.004:44): apparmor="DENIED" operation="open" profile="/usr/sbin/tcpdump" name="/proc/sys/kernel/random/boot_id" pid=657 comm="tcpdump" requested_mask="r" denied_mask="r" fsuid=0 ouid=0
[    9.150633] audit: type=1400 audit(1768590266.004:45): apparmor="DENIED" operation="open" profile="/usr/sbin/tcpdump" name="/proc/sys/kernel/random/boot_id" pid=656 comm="tcpdump" requested_mask="r" denied_mask="r" fsuid=0 ouid=0
[    9.150675] audit: type=1400 audit(1768590266.004:46): apparmor="DENIED" operation="open" profile="/usr/sbin/tcpdump" name="/proc/sys/kernel/random/boot_id" pid=656 comm="tcpdump" requested_mask="r" denied_mask="r" fsuid=0 ouid=0
[    9.150744] audit: type=1400 audit(1768590266.004:47): apparmor="DENIED" operation="open" profile="/usr/sbin/tcpdump" name="/proc/sys/kernel/random/boot_id" pid=657 comm="tcpdump" requested_mask="r" denied_mask="r" fsuid=0 ouid=0
[    9.150829] audit: type=1400 audit(1768590266.004:48): apparmor="DENIED" operation="open" profile="/usr/sbin/tcpdump" name="/proc/sys/kernel/random/boot_id" pid=657 comm="tcpdump" requested_mask="r" denied_mask="r" fsuid=0 ouid=0
[    9.150850] audit: type=1400 audit(1768590266.004:49): apparmor="DENIED" operation="open" profile="/usr/sbin/tcpdump" name="/proc/sys/kernel/random/boot_id" pid=656 comm="tcpdump" requested_mask="r" denied_mask="r" fsuid=0 ouid=0
[    9.156669] audit: type=1400 audit(1768590266.012:50): apparmor="DENIED" operation="open" profile="/usr/sbin/tcpdump" name="/proc/sys/kernel/random/boot_id" pid=658 comm="tcpdump" requested_mask="r" denied_mask="r" fsuid=0 ouid=0
[   15.256389] rfkill: input handler disabled
[  233.088960] AAAAA-TCP_RECV: name:enp0s3: saddr:100932208: daddr:16783984: srtt_us:0: RTT:0: ssthresh:2147483647: cwnd:10: delivered:0: lost:0: retrans:0
[  233.088984] AAAAA-TCP_SEND: name:enp0s3: saddr:16783984: daddr:100932208: srtt_us:0: RTT:0: ssthresh:0: cwnd:0: delivered:0: lost:0: retrans:0
[  233.261844] AAAAA-TCP_SEND: name:enp0s3: saddr:16783984: daddr:100932208: srtt_us:0: RTT:0: ssthresh:0: cwnd:0: delivered:0: lost:0: retrans:0
[  233.537478] AAAAA-TCP_SEND: name:enp0s3: saddr:16783984: daddr:100932208: srtt_us:3592000: RTT:449000: ssthresh:2147483647: cwnd:10: delivered:1: lost:0: retrans:1
[  233.647181] AAAAA-TCP_RECV: name:enp0s3: saddr:100932208: daddr:16783984: srtt_us:3592000: RTT:449000: ssthresh:2147483647: cwnd:10: delivered:1: lost:0: retrans:1
[  233.647218] AAAAA-TCP_SEND: name:enp0s3: saddr:16783984: daddr:100932208: srtt_us:3592000: RTT:449000: ssthresh:2147483647: cwnd:10: delivered:1: lost:0: retrans:1
[  233.647596] AAAAA-TCP_SEND: name:enp0s3: saddr:16783984: daddr:100932208: srtt_us:3592000: RTT:449000: ssthresh:2147483647: cwnd:10: delivered:1: lost:0: retrans:1
[  233.744690] AAAAA-TCP_RECV: name:enp0s3: saddr:100932208: daddr:16783984: srtt_us:3592000: RTT:449000: ssthresh:2147483647: cwnd:10: delivered:1: lost:0: retrans:1
[  233.936105] AAAAA-TCP_RECV: name:enp0s3: saddr:100932208: daddr:33561200: srtt_us:0: RTT:0: ssthresh:2147483647: cwnd:10: delivered:0: lost:0: retrans:0
[  233.936148] AAAAA-TCP_SEND: name:enp0s3: saddr:33561200: daddr:100932208: srtt_us:0: RTT:0: ssthresh:0: cwnd:0: delivered:0: lost:0: retrans:0
[  234.113928] AAAAA-TCP_RECV: name:enp0s3: saddr:100932208: daddr:16783984: srtt_us:3592000: RTT:449000: ssthresh:2147483647: cwnd:10: delivered:1: lost:0: retrans:1
[  234.204436] AAAAA-TCP_RECV: name:enp0s3: saddr:100932208: daddr:16783984: srtt_us:3609380: RTT:451172: ssthresh:2147483647: cwnd:10: delivered:2: lost:0: retrans:1
[  234.204509] AAAAA-TCP_SEND: name:enp0s3: saddr:16783984: daddr:100932208: srtt_us:3609380: RTT:451172: ssthresh:2147483647: cwnd:10: delivered:2: lost:0: retrans:1
[  234.379115] AAAAA-TCP_SEND: name:enp0s3: saddr:33561200: daddr:100932208: srtt_us:3543568: RTT:442946: ssthresh:2147483647: cwnd:10: delivered:1: lost:0: retrans:0
[  234.486931] AAAAA-TCP_RECV: name:enp0s3: saddr:100932208: daddr:16783984: srtt_us:3609380: RTT:451172: ssthresh:2147483647: cwnd:10: delivered:2: lost:0: retrans:1
[  234.486976] AAAAA-TCP_SEND: name:enp0s3: saddr:16783984: daddr:100932208: srtt_us:3609380: RTT:451172: ssthresh:2147483647: cwnd:10: delivered:2: lost:0: retrans:1
[  234.487254] AAAAA-TCP_SEND: name:enp0s3: saddr:33561200: daddr:100932208: srtt_us:3543568: RTT:442946: ssthresh:2147483647: cwnd:10: delivered:1: lost:0: retrans:0
[  234.979090] AAAAA-TCP_RECV: name:enp0s3: saddr:100932208: daddr:33561200: srtt_us:3543568: RTT:442946: ssthresh:2147483647: cwnd:10: delivered:1: lost:0: retrans:0
[  235.004702] AAAAA-TCP_RECV: name:enp0s3: saddr:100932208: daddr:16783984: srtt_us:0: RTT:0: ssthresh:2147483647: cwnd:10: delivered:0: lost:0: retrans:0
[  235.004744] AAAAA-TCP_SEND: name:enp0s3: saddr:16783984: daddr:100932208: srtt_us:0: RTT:0: ssthresh:0: cwnd:0: delivered:0: lost:0: retrans:0
[  235.177668] AAAAA-TCP_SEND: name:enp0s3: saddr:16783984: daddr:100932208: srtt_us:1383256: RTT:172907: ssthresh:2147483647: cwnd:10: delivered:1: lost:0: retrans:0
[  235.293145] AAAAA-TCP_RECV: name:enp0s3: saddr:100932208: daddr:16783984: srtt_us:1383256: RTT:172907: ssthresh:2147483647: cwnd:10: delivered:1: lost:0: retrans:0
[  235.293182] AAAAA-TCP_SEND: name:enp0s3: saddr:16783984: daddr:100932208: srtt_us:1383256: RTT:172907: ssthresh:2147483647: cwnd:10: delivered:1: lost:0: retrans:0
[  235.294370] AAAAA-TCP_SEND: name:enp0s3: saddr:33561200: daddr:100932208: srtt_us:3592468: RTT:449058: ssthresh:2147483647: cwnd:10: delivered:2: lost:0: retrans:0
[  235.493614] AAAAA-TCP_RECV: name:enp0s3: saddr:100932208: daddr:33561200: srtt_us:0: RTT:0: ssthresh:2147483647: cwnd:10: delivered:0: lost:0: retrans:0
[  235.493657] AAAAA-TCP_SEND: name:enp0s3: saddr:33561200: daddr:100932208: srtt_us:0: RTT:0: ssthresh:0: cwnd:0: delivered:0: lost:0: retrans:0
[  235.657391] AAAAA-TCP_RECV: name:enp0s3: saddr:100932208: daddr:33561200: srtt_us:3592468: RTT:449058: ssthresh:2147483647: cwnd:10: delivered:2: lost:0: retrans:0
[  235.657432] AAAAA-TCP_SEND: name:enp0s3: saddr:33561200: daddr:100932208: srtt_us:3592468: RTT:449058: ssthresh:2147483647: cwnd:10: delivered:2: lost:0: retrans:0
[  235.788126] AAAAA-TCP_SEND: name:enp0s3: saddr:33561200: daddr:100932208: srtt_us:2355648: RTT:294456: ssthresh:2147483647: cwnd:10: delivered:1: lost:0: retrans:0
[  235.887163] AAAAA-TCP_RECV: name:enp0s3: saddr:100932208: daddr:33561200: srtt_us:3506474: RTT:438309: ssthresh:2147483647: cwnd:10: delivered:3: lost:0: retrans:0
[  235.985153] AAAAA-TCP_RECV: name:enp0s3: saddr:100932208: daddr:16783984: srtt_us:1383256: RTT:172907: ssthresh:2147483647: cwnd:10: delivered:1: lost:0: retrans:0
[  235.985227] AAAAA-TCP_SEND: name:enp0s3: saddr:16783984: daddr:100932208: srtt_us:1383256: RTT:172907: ssthresh:2147483647: cwnd:10: delivered:1: lost:0: retrans:0
[  236.154963] AAAAA-TCP_RECV: name:enp0s3: saddr:100932208: daddr:16783984: srtt_us:1383256: RTT:172907: ssthresh:2147483647: cwnd:10: delivered:1: lost:0: retrans:0
[  236.155004] AAAAA-TCP_SEND: name:enp0s3: saddr:16783984: daddr:100932208: srtt_us:1383256: RTT:172907: ssthresh:2147483647: cwnd:10: delivered:1: lost:0: retrans:0
[  236.226453] AAAAA-TCP_RECV: name:enp0s3: saddr:100932208: daddr:16783984: srtt_us:1383256: RTT:172907: ssthresh:2147483647: cwnd:10: delivered:1: lost:0: retrans:0
[  236.226486] AAAAA-TCP_SEND: name:enp0s3: saddr:16783984: daddr:100932208: srtt_us:1383256: RTT:172907: ssthresh:2147483647: cwnd:10: delivered:1: lost:0: retrans:0
[  236.322041] AAAAA-TCP_RECV: name:enp0s3: saddr:100932208: daddr:16783984: srtt_us:1383256: RTT:172907: ssthresh:2147483647: cwnd:10: delivered:1: lost:0: retrans:0
[  236.322075] AAAAA-TCP_SEND: name:enp0s3: saddr:16783984: daddr:100932208: srtt_us:1383256: RTT:172907: ssthresh:2147483647: cwnd:10: delivered:1: lost:0: retrans:0
[  236.405028] AAAAA-TCP_RECV: name:enp0s3: saddr:100932208: daddr:16783984: srtt_us:1383256: RTT:172907: ssthresh:2147483647: cwnd:10: delivered:1: lost:0: retrans:0
[  236.405066] AAAAA-TCP_SEND: name:enp0s3: saddr:16783984: daddr:100932208: srtt_us:1383256: RTT:172907: ssthresh:2147483647: cwnd:10: delivered:1: lost:0: retrans:0
[  236.478151] AAAAA-TCP_RECV: name:enp0s3: saddr:100932208: daddr:16783984: srtt_us:1383256: RTT:172907: ssthresh:2147483647: cwnd:10: delivered:1: lost:0: retrans:0
[  236.478217] AAAAA-TCP_SEND: name:enp0s3: saddr:16783984: daddr:100932208: srtt_us:1383256: RTT:172907: ssthresh:2147483647: cwnd:10: delivered:1: lost:0: retrans:0
[  236.623916] AAAAA-TCP_RECV: name:enp0s3: saddr:100932208: daddr:16783984: srtt_us:1383256: RTT:172907: ssthresh:2147483647: cwnd:10: delivered:1: lost:0: retrans:0
[  236.623950] AAAAA-TCP_SEND: name:enp0s3: saddr:16783984: daddr:100932208: srtt_us:1383256: RTT:172907: ssthresh:2147483647: cwnd:10: delivered:1: lost:0: retrans:0
[  236.696387] AAAAA-TCP_RECV: name:enp0s3: saddr:100932208: daddr:16783984: srtt_us:1383256: RTT:172907: ssthresh:2147483647: cwnd:10: delivered:1: lost:0: retrans:0
[  236.696455] AAAAA-TCP_SEND: name:enp0s3: saddr:16783984: daddr:100932208: srtt_us:1383256: RTT:172907: ssthresh:2147483647: cwnd:10: delivered:1: lost:0: retrans:0
[  236.936336] AAAAA-TCP_RECV: name:enp0s3: saddr:100932208: daddr:16783984: srtt_us:1383256: RTT:172907: ssthresh:2147483647: cwnd:10: delivered:1: lost:0: retrans:0
[  236.936427] AAAAA-TCP_SEND: name:enp0s3: saddr:16783984: daddr:100932208: srtt_us:1383256: RTT:172907: ssthresh:2147483647: cwnd:10: delivered:1: lost:0: retrans:0
[  237.027727] AAAAA-TCP_RECV: name:enp0s3: saddr:100932208: daddr:16783984: srtt_us:1383256: RTT:172907: ssthresh:2147483647: cwnd:10: delivered:1: lost:0: retrans:0
[  237.027765] AAAAA-TCP_SEND: name:enp0s3: saddr:16783984: daddr:100932208: srtt_us:1383256: RTT:172907: ssthresh:2147483647: cwnd:10: delivered:1: lost:0: retrans:0
[  237.130127] AAAAA-TCP_RECV: name:enp0s3: saddr:100932208: daddr:33561200: srtt_us:2355648: RTT:294456: ssthresh:2147483647: cwnd:10: delivered:1: lost:0: retrans:0
[  237.130167] AAAAA-TCP_SEND: name:enp0s3: saddr:33561200: daddr:100932208: srtt_us:2355648: RTT:294456: ssthresh:2147483647: cwnd:10: delivered:1: lost:0: retrans:0
[  237.169216] AAAAA-TCP_RECV: name:enp0s3: saddr:100932208: daddr:33561200: srtt_us:2355648: RTT:294456: ssthresh:2147483647: cwnd:10: delivered:1: lost:0: retrans:0
[  237.169246] AAAAA-TCP_SEND: name:enp0s3: saddr:33561200: daddr:100932208: srtt_us:2355648: RTT:294456: ssthresh:2147483647: cwnd:10: delivered:1: lost:0: retrans:0
[  237.321168] AAAAA-TCP_RECV: name:enp0s3: saddr:100932208: daddr:33561200: srtt_us:2355648: RTT:294456: ssthresh:2147483647: cwnd:10: delivered:1: lost:0: retrans:0
[  237.321245] AAAAA-TCP_SEND: name:enp0s3: saddr:33561200: daddr:100932208: srtt_us:2355648: RTT:294456: ssthresh:2147483647: cwnd:10: delivered:1: lost:0: retrans:0
[  237.355866] AAAAA-TCP_RECV: name:enp0s3: saddr:100932208: daddr:33561200: srtt_us:2355648: RTT:294456: ssthresh:2147483647: cwnd:10: delivered:1: lost:0: retrans:0
[  237.355904] AAAAA-TCP_SEND: name:enp0s3: saddr:33561200: daddr:100932208: srtt_us:2355648: RTT:294456: ssthresh:2147483647: cwnd:10: delivered:1: lost:0: retrans:0
[  237.477167] AAAAA-TCP_RECV: name:enp0s3: saddr:100932208: daddr:33561200: srtt_us:2355648: RTT:294456: ssthresh:2147483647: cwnd:10: delivered:1: lost:0: retrans:0
[  237.477208] AAAAA-TCP_SEND: name:enp0s3: saddr:33561200: daddr:100932208: srtt_us:2355648: RTT:294456: ssthresh:2147483647: cwnd:10: delivered:1: lost:0: retrans:0
[  237.612946] AAAAA-TCP_RECV: name:enp0s3: saddr:100932208: daddr:33561200: srtt_us:2355648: RTT:294456: ssthresh:2147483647: cwnd:10: delivered:1: lost:0: retrans:0
[  237.613025] AAAAA-TCP_SEND: name:enp0s3: saddr:33561200: daddr:100932208: srtt_us:2355648: RTT:294456: ssthresh:2147483647: cwnd:10: delivered:1: lost:0: retrans:0
[  237.676108] AAAAA-TCP_RECV: name:enp0s3: saddr:100932208: daddr:33561200: srtt_us:2355648: RTT:294456: ssthresh:2147483647: cwnd:10: delivered:1: lost:0: retrans:0
[  237.676181] AAAAA-TCP_SEND: name:enp0s3: saddr:33561200: daddr:100932208: srtt_us:2355648: RTT:294456: ssthresh:2147483647: cwnd:10: delivered:1: lost:0: retrans:0
[  237.864277] AAAAA-TCP_RECV: name:enp0s3: saddr:100932208: daddr:33561200: srtt_us:2355648: RTT:294456: ssthresh:2147483647: cwnd:10: delivered:1: lost:0: retrans:0
[  237.864348] AAAAA-TCP_SEND: name:enp0s3: saddr:33561200: daddr:100932208: srtt_us:2355648: RTT:294456: ssthresh:2147483647: cwnd:10: delivered:1: lost:0: retrans:0
[  237.927606] AAAAA-TCP_RECV: name:enp0s3: saddr:100932208: daddr:33561200: srtt_us:2355648: RTT:294456: ssthresh:2147483647: cwnd:10: delivered:1: lost:0: retrans:0
[  237.927675] AAAAA-TCP_SEND: name:enp0s3: saddr:33561200: daddr:100932208: srtt_us:2355648: RTT:294456: ssthresh:2147483647: cwnd:10: delivered:1: lost:0: retrans:0
[  238.085289] AAAAA-TCP_RECV: name:enp0s3: saddr:100932208: daddr:33561200: srtt_us:2355648: RTT:294456: ssthresh:2147483647: cwnd:10: delivered:1: lost:0: retrans:0
[  238.085360] AAAAA-TCP_SEND: name:enp0s3: saddr:33561200: daddr:100932208: srtt_us:2355648: RTT:294456: ssthresh:2147483647: cwnd:10: delivered:1: lost:0: retrans:0
[  238.134562] AAAAA-TCP_RECV: name:enp0s3: saddr:100932208: daddr:16783984: srtt_us:1383256: RTT:172907: ssthresh:2147483647: cwnd:10: delivered:1: lost:0: retrans:0
[  238.134593] AAAAA-TCP_SEND: name:enp0s3: saddr:16783984: daddr:100932208: srtt_us:1383256: RTT:172907: ssthresh:2147483647: cwnd:10: delivered:1: lost:0: retrans:0
[  238.209525] AAAAA-TCP_RECV: name:enp0s3: saddr:100932208: daddr:33561200: srtt_us:2355648: RTT:294456: ssthresh:2147483647: cwnd:10: delivered:1: lost:0: retrans:0
[  238.209575] AAAAA-TCP_SEND: name:enp0s3: saddr:33561200: daddr:100932208: srtt_us:2355648: RTT:294456: ssthresh:2147483647: cwnd:10: delivered:1: lost:0: retrans:0
[  238.280318] AAAAA-TCP_RECV: name:enp0s3: saddr:100932208: daddr:16783984: srtt_us:1383256: RTT:172907: ssthresh:2147483647: cwnd:10: delivered:1: lost:0: retrans:0
[  238.280351] AAAAA-TCP_SEND: name:enp0s3: saddr:16783984: daddr:100932208: srtt_us:1383256: RTT:172907: ssthresh:2147483647: cwnd:10: delivered:1: lost:0: retrans:0
[  238.360385] AAAAA-TCP_RECV: name:enp0s3: saddr:100932208: daddr:16783984: srtt_us:1383256: RTT:172907: ssthresh:2147483647: cwnd:10: delivered:1: lost:0: retrans:0
[  238.360421] AAAAA-TCP_SEND: name:enp0s3: saddr:16783984: daddr:100932208: srtt_us:1383256: RTT:172907: ssthresh:2147483647: cwnd:10: delivered:1: lost:0: retrans:0
[  238.533022] AAAAA-TCP_RECV: name:enp0s3: saddr:100932208: daddr:16783984: srtt_us:1383256: RTT:172907: ssthresh:2147483647: cwnd:10: delivered:1: lost:0: retrans:0
[  238.533058] AAAAA-TCP_SEND: name:enp0s3: saddr:16783984: daddr:100932208: srtt_us:1383256: RTT:172907: ssthresh:2147483647: cwnd:10: delivered:1: lost:0: retrans:0
[  238.614178] AAAAA-TCP_RECV: name:enp0s3: saddr:100932208: daddr:16783984: srtt_us:1383256: RTT:172907: ssthresh:2147483647: cwnd:10: delivered:1: lost:0: retrans:0
[  238.614217] AAAAA-TCP_SEND: name:enp0s3: saddr:16783984: daddr:100932208: srtt_us:1383256: RTT:172907: ssthresh:2147483647: cwnd:10: delivered:1: lost:0: retrans:0
[  238.812228] AAAAA-TCP_RECV: name:enp0s3: saddr:100932208: daddr:16783984: srtt_us:1383256: RTT:172907: ssthresh:2147483647: cwnd:10: delivered:1: lost:0: retrans:0
[  238.812285] AAAAA-TCP_SEND: name:enp0s3: saddr:16783984: daddr:100932208: srtt_us:1383256: RTT:172907: ssthresh:2147483647: cwnd:10: delivered:1: lost:0: retrans:0
[  238.870104] AAAAA-TCP_RECV: name:enp0s3: saddr:100932208: daddr:33561200: srtt_us:2355648: RTT:294456: ssthresh:2147483647: cwnd:10: delivered:1: lost:0: retrans:0
[  238.870131] AAAAA-TCP_SEND: name:enp0s3: saddr:33561200: daddr:100932208: srtt_us:2355648: RTT:294456: ssthresh:2147483647: cwnd:10: delivered:1: lost:0: retrans:0
[  239.196951] AAAAA-TCP_RECV: name:enp0s3: saddr:100932208: daddr:16783984: srtt_us:1383256: RTT:172907: ssthresh:2147483647: cwnd:10: delivered:1: lost:0: retrans:0
[  239.196991] AAAAA-TCP_SEND: name:enp0s3: saddr:16783984: daddr:100932208: srtt_us:1383256: RTT:172907: ssthresh:2147483647: cwnd:10: delivered:1: lost:0: retrans:0
[  239.343269] AAAAA-TCP_RECV: name:enp0s3: saddr:100932208: daddr:16783984: srtt_us:1383256: RTT:172907: ssthresh:2147483647: cwnd:10: delivered:1: lost:0: retrans:0
[  239.343341] AAAAA-TCP_SEND: name:enp0s3: saddr:16783984: daddr:100932208: srtt_us:1383256: RTT:172907: ssthresh:2147483647: cwnd:10: delivered:1: lost:0: retrans:0
[  239.475503] AAAAA-TCP_RECV: name:enp0s3: saddr:100932208: daddr:16783984: srtt_us:1383256: RTT:172907: ssthresh:2147483647: cwnd:10: delivered:1: lost:0: retrans:0
[  239.475593] AAAAA-TCP_SEND: name:enp0s3: saddr:16783984: daddr:100932208: srtt_us:1383256: RTT:172907: ssthresh:2147483647: cwnd:10: delivered:1: lost:0: retrans:0
[  239.542604] AAAAA-TCP_RECV: name:enp0s3: saddr:100932208: daddr:16783984: srtt_us:1383256: RTT:172907: ssthresh:2147483647: cwnd:10: delivered:1: lost:0: retrans:0
[  239.542685] AAAAA-TCP_SEND: name:enp0s3: saddr:16783984: daddr:100932208: srtt_us:1383256: RTT:172907: ssthresh:2147483647: cwnd:10: delivered:1: lost:0: retrans:0
[  239.614533] AAAAA-TCP_RECV: name:enp0s3: saddr:100932208: daddr:16783984: srtt_us:1383256: RTT:172907: ssthresh:2147483647: cwnd:10: delivered:1: lost:0: retrans:0
[  239.614604] AAAAA-TCP_SEND: name:enp0s3: saddr:16783984: daddr:100932208: srtt_us:1383256: RTT:172907: ssthresh:2147483647: cwnd:10: delivered:1: lost:0: retrans:0
[  239.698640] AAAAA-TCP_RECV: name:enp0s3: saddr:100932208: daddr:16783984: srtt_us:1383256: RTT:172907: ssthresh:2147483647: cwnd:10: delivered:1: lost:0: retrans:0
[  239.698699] AAAAA-TCP_SEND: name:enp0s3: saddr:16783984: daddr:100932208: srtt_us:1383256: RTT:172907: ssthresh:2147483647: cwnd:10: delivered:1: lost:0: retrans:0
[  239.730728] AAAAA-TCP_RECV: name:enp0s3: saddr:100932208: daddr:16783984: srtt_us:1383256: RTT:172907: ssthresh:2147483647: cwnd:10: delivered:1: lost:0: retrans:0
[  239.730803] AAAAA-TCP_SEND: name:enp0s3: saddr:16783984: daddr:100932208: srtt_us:1383256: RTT:172907: ssthresh:2147483647: cwnd:10: delivered:1: lost:0: retrans:0
[  239.895169] AAAAA-TCP_RECV: name:enp0s3: saddr:100932208: daddr:16783984: srtt_us:1383256: RTT:172907: ssthresh:2147483647: cwnd:10: delivered:1: lost:0: retrans:0
[  239.895202] AAAAA-TCP_SEND: name:enp0s3: saddr:16783984: daddr:100932208: srtt_us:1383256: RTT:172907: ssthresh:2147483647: cwnd:10: delivered:1: lost:0: retrans:0
[  239.959130] AAAAA-TCP_RECV: name:enp0s3: saddr:100932208: daddr:16783984: srtt_us:1383256: RTT:172907: ssthresh:2147483647: cwnd:10: delivered:1: lost:0: retrans:0
[  239.959161] AAAAA-TCP_SEND: name:enp0s3: saddr:16783984: daddr:100932208: srtt_us:1383256: RTT:172907: ssthresh:2147483647: cwnd:10: delivered:1: lost:0: retrans:0
[  240.119495] AAAAA-TCP_RECV: name:enp0s3: saddr:100932208: daddr:16783984: srtt_us:1383256: RTT:172907: ssthresh:2147483647: cwnd:10: delivered:1: lost:0: retrans:0
[  240.119529] AAAAA-TCP_SEND: name:enp0s3: saddr:16783984: daddr:100932208: srtt_us:1383256: RTT:172907: ssthresh:2147483647: cwnd:10: delivered:1: lost:0: retrans:0
[  240.250282] AAAAA-TCP_RECV: name:enp0s3: saddr:100932208: daddr:16783984: srtt_us:1383256: RTT:172907: ssthresh:2147483647: cwnd:10: delivered:1: lost:0: retrans:0
[  240.250317] AAAAA-TCP_SEND: name:enp0s3: saddr:16783984: daddr:100932208: srtt_us:1383256: RTT:172907: ssthresh:2147483647: cwnd:10: delivered:1: lost:0: retrans:0
[  240.345326] AAAAA-TCP_RECV: name:enp0s3: saddr:100932208: daddr:16783984: srtt_us:1383256: RTT:172907: ssthresh:2147483647: cwnd:10: delivered:1: lost:0: retrans:0
[  240.375867] AAAAA-TCP_RECV: name:enp0s3: saddr:100932208: daddr:16783984: srtt_us:1383256: RTT:172907: ssthresh:2147483647: cwnd:10: delivered:1: lost:0: retrans:0
[  240.375899] AAAAA-TCP_SEND: name:enp0s3: saddr:16783984: daddr:100932208: srtt_us:1383256: RTT:172907: ssthresh:2147483647: cwnd:10: delivered:1: lost:0: retrans:0
[  240.474595] AAAAA-TCP_RECV: name:enp0s3: saddr:100932208: daddr:16783984: srtt_us:1383256: RTT:172907: ssthresh:2147483647: cwnd:10: delivered:1: lost:0: retrans:0
[  240.511229] AAAAA-TCP_RECV: name:enp0s3: saddr:100932208: daddr:16783984: srtt_us:1383256: RTT:172907: ssthresh:2147483647: cwnd:10: delivered:1: lost:0: retrans:0
[  240.511269] AAAAA-TCP_SEND: name:enp0s3: saddr:16783984: daddr:100932208: srtt_us:1383256: RTT:172907: ssthresh:2147483647: cwnd:10: delivered:1: lost:0: retrans:0
[  240.821955] AAAAA-TCP_RECV: name:enp0s3: saddr:100932208: daddr:33561200: srtt_us:2355648: RTT:294456: ssthresh:2147483647: cwnd:10: delivered:1: lost:0: retrans:0
[  240.822006] AAAAA-TCP_SEND: name:enp0s3: saddr:33561200: daddr:100932208: srtt_us:2355648: RTT:294456: ssthresh:2147483647: cwnd:10: delivered:1: lost:0: retrans:0
[  240.860418] AAAAA-TCP_RECV: name:enp0s3: saddr:100932208: daddr:33561200: srtt_us:2355648: RTT:294456: ssthresh:2147483647: cwnd:10: delivered:1: lost:0: retrans:0
[  240.860462] AAAAA-TCP_SEND: name:enp0s3: saddr:33561200: daddr:100932208: srtt_us:2355648: RTT:294456: ssthresh:2147483647: cwnd:10: delivered:1: lost:0: retrans:0
[  240.919894] AAAAA-TCP_RECV: name:enp0s3: saddr:100932208: daddr:33561200: srtt_us:2355648: RTT:294456: ssthresh:2147483647: cwnd:10: delivered:1: lost:0: retrans:0
[  240.919949] AAAAA-TCP_SEND: name:enp0s3: saddr:33561200: daddr:100932208: srtt_us:2355648: RTT:294456: ssthresh:2147483647: cwnd:10: delivered:1: lost:0: retrans:0
[  240.976757] AAAAA-TCP_RECV: name:enp0s3: saddr:100932208: daddr:33561200: srtt_us:2355648: RTT:294456: ssthresh:2147483647: cwnd:10: delivered:1: lost:0: retrans:0
[  240.976791] AAAAA-TCP_SEND: name:enp0s3: saddr:33561200: daddr:100932208: srtt_us:2355648: RTT:294456: ssthresh:2147483647: cwnd:10: delivered:1: lost:0: retrans:0
[  241.063202] AAAAA-TCP_RECV: name:enp0s3: saddr:100932208: daddr:33561200: srtt_us:2355648: RTT:294456: ssthresh:2147483647: cwnd:10: delivered:1: lost:0: retrans:0
[  241.063232] AAAAA-TCP_SEND: name:enp0s3: saddr:33561200: daddr:100932208: srtt_us:2355648: RTT:294456: ssthresh:2147483647: cwnd:10: delivered:1: lost:0: retrans:0
[  241.115657] AAAAA-TCP_RECV: name:enp0s3: saddr:100932208: daddr:33561200: srtt_us:2355648: RTT:294456: ssthresh:2147483647: cwnd:10: delivered:1: lost:0: retrans:0
[  241.115687] AAAAA-TCP_SEND: name:enp0s3: saddr:33561200: daddr:100932208: srtt_us:2355648: RTT:294456: ssthresh:2147483647: cwnd:10: delivered:1: lost:0: retrans:0
[  241.174066] AAAAA-TCP_RECV: name:enp0s3: saddr:100932208: daddr:33561200: srtt_us:2355648: RTT:294456: ssthresh:2147483647: cwnd:10: delivered:1: lost:0: retrans:0
[  241.174093] AAAAA-TCP_SEND: name:enp0s3: saddr:33561200: daddr:100932208: srtt_us:2355648: RTT:294456: ssthresh:2147483647: cwnd:10: delivered:1: lost:0: retrans:0
[  241.214582] AAAAA-TCP_RECV: name:enp0s3: saddr:100932208: daddr:33561200: srtt_us:2355648: RTT:294456: ssthresh:2147483647: cwnd:10: delivered:1: lost:0: retrans:0
[  241.214607] AAAAA-TCP_SEND: name:enp0s3: saddr:33561200: daddr:100932208: srtt_us:2355648: RTT:294456: ssthresh:2147483647: cwnd:10: delivered:1: lost:0: retrans:0
[  241.248403] AAAAA-TCP_RECV: name:enp0s3: saddr:100932208: daddr:33561200: srtt_us:2355648: RTT:294456: ssthresh:2147483647: cwnd:10: delivered:1: lost:0: retrans:0
[  241.248426] AAAAA-TCP_SEND: name:enp0s3: saddr:33561200: daddr:100932208: srtt_us:2355648: RTT:294456: ssthresh:2147483647: cwnd:10: delivered:1: lost:0: retrans:0
[  241.428586] AAAAA-TCP_RECV: name:enp0s3: saddr:100932208: daddr:33561200: srtt_us:2355648: RTT:294456: ssthresh:2147483647: cwnd:10: delivered:1: lost:0: retrans:0
[  241.428617] AAAAA-TCP_SEND: name:enp0s3: saddr:33561200: daddr:100932208: srtt_us:2355648: RTT:294456: ssthresh:2147483647: cwnd:10: delivered:1: lost:0: retrans:0
[  241.675308] AAAAA-TCP_RECV: name:enp0s3: saddr:100932208: daddr:33561200: srtt_us:2355648: RTT:294456: ssthresh:2147483647: cwnd:10: delivered:1: lost:0: retrans:0
[  241.675349] AAAAA-TCP_SEND: name:enp0s3: saddr:33561200: daddr:100932208: srtt_us:2355648: RTT:294456: ssthresh:2147483647: cwnd:10: delivered:1: lost:0: retrans:0
[  241.754009] AAAAA-TCP_RECV: name:enp0s3: saddr:100932208: daddr:33561200: srtt_us:2355648: RTT:294456: ssthresh:2147483647: cwnd:10: delivered:1: lost:0: retrans:0
[  241.754046] AAAAA-TCP_SEND: name:enp0s3: saddr:33561200: daddr:100932208: srtt_us:2355648: RTT:294456: ssthresh:2147483647: cwnd:10: delivered:1: lost:0: retrans:0
[  241.915475] AAAAA-TCP_RECV: name:enp0s3: saddr:100932208: daddr:33561200: srtt_us:2355648: RTT:294456: ssthresh:2147483647: cwnd:10: delivered:1: lost:0: retrans:0
[  241.915510] AAAAA-TCP_SEND: name:enp0s3: saddr:33561200: daddr:100932208: srtt_us:2355648: RTT:294456: ssthresh:2147483647: cwnd:10: delivered:1: lost:0: retrans:0
[  242.008292] AAAAA-TCP_RECV: name:enp0s3: saddr:100932208: daddr:33561200: srtt_us:2355648: RTT:294456: ssthresh:2147483647: cwnd:10: delivered:1: lost:0: retrans:0
[  242.008321] AAAAA-TCP_SEND: name:enp0s3: saddr:33561200: daddr:100932208: srtt_us:2355648: RTT:294456: ssthresh:2147483647: cwnd:10: delivered:1: lost:0: retrans:0
[  242.115683] AAAAA-TCP_RECV: name:enp0s3: saddr:100932208: daddr:33561200: srtt_us:2355648: RTT:294456: ssthresh:2147483647: cwnd:10: delivered:1: lost:0: retrans:0
[  242.115722] AAAAA-TCP_SEND: name:enp0s3: saddr:33561200: daddr:100932208: srtt_us:2355648: RTT:294456: ssthresh:2147483647: cwnd:10: delivered:1: lost:0: retrans:0
[  242.279257] AAAAA-TCP_RECV: name:enp0s3: saddr:100932208: daddr:33561200: srtt_us:2355648: RTT:294456: ssthresh:2147483647: cwnd:10: delivered:1: lost:0: retrans:0
[  242.279292] AAAAA-TCP_SEND: name:enp0s3: saddr:33561200: daddr:100932208: srtt_us:2355648: RTT:294456: ssthresh:2147483647: cwnd:10: delivered:1: lost:0: retrans:0
[  242.320776] AAAAA-TCP_RECV: name:enp0s3: saddr:100932208: daddr:33561200: srtt_us:2355648: RTT:294456: ssthresh:2147483647: cwnd:10: delivered:1: lost:0: retrans:0
[  242.352268] AAAAA-TCP_RECV: name:enp0s3: saddr:100932208: daddr:33561200: srtt_us:2355648: RTT:294456: ssthresh:2147483647: cwnd:10: delivered:1: lost:0: retrans:0
[  242.352293] AAAAA-TCP_SEND: name:enp0s3: saddr:33561200: daddr:100932208: srtt_us:2355648: RTT:294456: ssthresh:2147483647: cwnd:10: delivered:1: lost:0: retrans:0
[  242.492249] AAAAA-TCP_RECV: name:enp0s3: saddr:100932208: daddr:33561200: srtt_us:2355648: RTT:294456: ssthresh:2147483647: cwnd:10: delivered:1: lost:0: retrans:0
[  242.534548] AAAAA-TCP_RECV: name:enp0s3: saddr:100932208: daddr:33561200: srtt_us:2355648: RTT:294456: ssthresh:2147483647: cwnd:10: delivered:1: lost:0: retrans:0
[  242.534576] AAAAA-TCP_SEND: name:enp0s3: saddr:33561200: daddr:100932208: srtt_us:2355648: RTT:294456: ssthresh:2147483647: cwnd:10: delivered:1: lost:0: retrans:0
[  242.713938] AAAAA-TCP_RECV: name:enp0s3: saddr:100932208: daddr:16783984: srtt_us:1383256: RTT:172907: ssthresh:2147483647: cwnd:10: delivered:1: lost:0: retrans:0
[  242.713975] AAAAA-TCP_SEND: name:enp0s3: saddr:16783984: daddr:100932208: srtt_us:1383256: RTT:172907: ssthresh:2147483647: cwnd:10: delivered:1: lost:0: retrans:0
[  243.042372] AAAAA-TCP_RECV: name:enp0s3: saddr:100932208: daddr:16783984: srtt_us:1383256: RTT:172907: ssthresh:2147483647: cwnd:10: delivered:1: lost:0: retrans:0
[  243.042409] AAAAA-TCP_SEND: name:enp0s3: saddr:16783984: daddr:100932208: srtt_us:1383256: RTT:172907: ssthresh:2147483647: cwnd:10: delivered:1: lost:0: retrans:0
[  243.112845] AAAAA-TCP_RECV: name:enp0s3: saddr:100932208: daddr:16783984: srtt_us:1383256: RTT:172907: ssthresh:2147483647: cwnd:10: delivered:1: lost:0: retrans:0
[  243.112879] AAAAA-TCP_SEND: name:enp0s3: saddr:16783984: daddr:100932208: srtt_us:1383256: RTT:172907: ssthresh:2147483647: cwnd:10: delivered:1: lost:0: retrans:0
[  243.176843] AAAAA-TCP_RECV: name:enp0s3: saddr:100932208: daddr:16783984: srtt_us:1383256: RTT:172907: ssthresh:2147483647: cwnd:10: delivered:1: lost:0: retrans:0
[  243.176871] AAAAA-TCP_SEND: name:enp0s3: saddr:16783984: daddr:100932208: srtt_us:1383256: RTT:172907: ssthresh:2147483647: cwnd:10: delivered:1: lost:0: retrans:0
[  243.319805] AAAAA-TCP_RECV: name:enp0s3: saddr:100932208: daddr:16783984: srtt_us:1383256: RTT:172907: ssthresh:2147483647: cwnd:10: delivered:1: lost:0: retrans:0
[  243.319834] AAAAA-TCP_SEND: name:enp0s3: saddr:16783984: daddr:100932208: srtt_us:1383256: RTT:172907: ssthresh:2147483647: cwnd:10: delivered:1: lost:0: retrans:0
[  243.368367] AAAAA-TCP_RECV: name:enp0s3: saddr:100932208: daddr:16783984: srtt_us:1383256: RTT:172907: ssthresh:2147483647: cwnd:10: delivered:1: lost:0: retrans:0
[  243.368394] AAAAA-TCP_SEND: name:enp0s3: saddr:16783984: daddr:100932208: srtt_us:1383256: RTT:172907: ssthresh:2147483647: cwnd:10: delivered:1: lost:0: retrans:0
[  243.399662] AAAAA-TCP_RECV: name:enp0s3: saddr:100932208: daddr:16783984: srtt_us:1383256: RTT:172907: ssthresh:2147483647: cwnd:10: delivered:1: lost:0: retrans:0
[  243.399685] AAAAA-TCP_SEND: name:enp0s3: saddr:16783984: daddr:100932208: srtt_us:1383256: RTT:172907: ssthresh:2147483647: cwnd:10: delivered:1: lost:0: retrans:0
[  243.433514] AAAAA-TCP_RECV: name:enp0s3: saddr:100932208: daddr:16783984: srtt_us:1383256: RTT:172907: ssthresh:2147483647: cwnd:10: delivered:1: lost:0: retrans:0
[  243.433537] AAAAA-TCP_SEND: name:enp0s3: saddr:16783984: daddr:100932208: srtt_us:1383256: RTT:172907: ssthresh:2147483647: cwnd:10: delivered:1: lost:0: retrans:0
[  243.579454] AAAAA-TCP_RECV: name:enp0s3: saddr:100932208: daddr:16783984: srtt_us:1383256: RTT:172907: ssthresh:2147483647: cwnd:10: delivered:1: lost:0: retrans:0
[  243.579487] AAAAA-TCP_SEND: name:enp0s3: saddr:16783984: daddr:100932208: srtt_us:1383256: RTT:172907: ssthresh:2147483647: cwnd:10: delivered:1: lost:0: retrans:0
[  243.604541] AAAAA-TCP_RECV: name:enp0s3: saddr:100932208: daddr:16783984: srtt_us:1383256: RTT:172907: ssthresh:2147483647: cwnd:10: delivered:1: lost:0: retrans:0
[  243.604567] AAAAA-TCP_SEND: name:enp0s3: saddr:16783984: daddr:100932208: srtt_us:1383256: RTT:172907: ssthresh:2147483647: cwnd:10: delivered:1: lost:0: retrans:0
[  243.791821] AAAAA-TCP_RECV: name:enp0s3: saddr:100932208: daddr:16783984: srtt_us:1383256: RTT:172907: ssthresh:2147483647: cwnd:10: delivered:1: lost:0: retrans:0
[  243.791851] AAAAA-TCP_SEND: name:enp0s3: saddr:16783984: daddr:100932208: srtt_us:1383256: RTT:172907: ssthresh:2147483647: cwnd:10: delivered:1: lost:0: retrans:0
[  243.902375] AAAAA-TCP_RECV: name:enp0s3: saddr:100932208: daddr:16783984: srtt_us:1383256: RTT:172907: ssthresh:2147483647: cwnd:10: delivered:1: lost:0: retrans:0
[  243.902403] AAAAA-TCP_SEND: name:enp0s3: saddr:16783984: daddr:100932208: srtt_us:1383256: RTT:172907: ssthresh:2147483647: cwnd:10: delivered:1: lost:0: retrans:0
[  243.975132] AAAAA-TCP_RECV: name:enp0s3: saddr:100932208: daddr:16783984: srtt_us:1383256: RTT:172907: ssthresh:2147483647: cwnd:10: delivered:1: lost:0: retrans:0
[  243.975161] AAAAA-TCP_SEND: name:enp0s3: saddr:16783984: daddr:100932208: srtt_us:1383256: RTT:172907: ssthresh:2147483647: cwnd:10: delivered:1: lost:0: retrans:0
[  244.043460] AAAAA-TCP_RECV: name:enp0s3: saddr:100932208: daddr:16783984: srtt_us:1383256: RTT:172907: ssthresh:2147483647: cwnd:10: delivered:1: lost:0: retrans:0
[  244.043492] AAAAA-TCP_SEND: name:enp0s3: saddr:16783984: daddr:100932208: srtt_us:1383256: RTT:172907: ssthresh:2147483647: cwnd:10: delivered:1: lost:0: retrans:0
[  244.082992] AAAAA-TCP_RECV: name:enp0s3: saddr:100932208: daddr:16783984: srtt_us:1383256: RTT:172907: ssthresh:2147483647: cwnd:10: delivered:1: lost:0: retrans:0
[  244.083020] AAAAA-TCP_SEND: name:enp0s3: saddr:16783984: daddr:100932208: srtt_us:1383256: RTT:172907: ssthresh:2147483647: cwnd:10: delivered:1: lost:0: retrans:0
[  259.553655] AAAAA-TCP_RECV: name:enp0s3: saddr:100932208: daddr:16783984: srtt_us:1383256: RTT:172907: ssthresh:2147483647: cwnd:10: delivered:1: lost:0: retrans:0
[  259.553741] AAAAA-TCP_SEND: name:enp0s3: saddr:16783984: daddr:100932208: srtt_us:1383256: RTT:172907: ssthresh:2147483647: cwnd:10: delivered:1: lost:0: retrans:0
[  259.618539] AAAAA-TCP_RECV: name:enp0s3: saddr:100932208: daddr:16783984: srtt_us:1383256: RTT:172907: ssthresh:2147483647: cwnd:10: delivered:1: lost:0: retrans:0
[  259.618580] AAAAA-TCP_SEND: name:enp0s3: saddr:16783984: daddr:100932208: srtt_us:1383256: RTT:172907: ssthresh:2147483647: cwnd:10: delivered:1: lost:0: retrans:0
[  259.729474] AAAAA-TCP_RECV: name:enp0s3: saddr:100932208: daddr:16783984: srtt_us:1383256: RTT:172907: ssthresh:2147483647: cwnd:10: delivered:1: lost:0: retrans:0
[  259.729510] AAAAA-TCP_SEND: name:enp0s3: saddr:16783984: daddr:100932208: srtt_us:1383256: RTT:172907: ssthresh:2147483647: cwnd:10: delivered:1: lost:0: retrans:0
[  259.850497] AAAAA-TCP_RECV: name:enp0s3: saddr:100932208: daddr:16783984: srtt_us:1383256: RTT:172907: ssthresh:2147483647: cwnd:10: delivered:1: lost:0: retrans:0
[  259.850533] AAAAA-TCP_SEND: name:enp0s3: saddr:16783984: daddr:100932208: srtt_us:1383256: RTT:172907: ssthresh:2147483647: cwnd:10: delivered:1: lost:0: retrans:0
[  259.956835] AAAAA-TCP_RECV: name:enp0s3: saddr:100932208: daddr:16783984: srtt_us:1383256: RTT:172907: ssthresh:2147483647: cwnd:10: delivered:1: lost:0: retrans:0
[  259.956874] AAAAA-TCP_SEND: name:enp0s3: saddr:16783984: daddr:100932208: srtt_us:1383256: RTT:172907: ssthresh:2147483647: cwnd:10: delivered:1: lost:0: retrans:0
[  260.093456] AAAAA-TCP_RECV: name:enp0s3: saddr:100932208: daddr:16783984: srtt_us:1383256: RTT:172907: ssthresh:2147483647: cwnd:10: delivered:1: lost:0: retrans:0
[  260.093493] AAAAA-TCP_SEND: name:enp0s3: saddr:16783984: daddr:100932208: srtt_us:1383256: RTT:172907: ssthresh:2147483647: cwnd:10: delivered:1: lost:0: retrans:0
[  260.209798] AAAAA-TCP_RECV: name:enp0s3: saddr:100932208: daddr:16783984: srtt_us:1383256: RTT:172907: ssthresh:2147483647: cwnd:10: delivered:1: lost:0: retrans:0
[  260.209839] AAAAA-TCP_SEND: name:enp0s3: saddr:16783984: daddr:100932208: srtt_us:1383256: RTT:172907: ssthresh:2147483647: cwnd:10: delivered:1: lost:0: retrans:0
[  260.334045] AAAAA-TCP_RECV: name:enp0s3: saddr:100932208: daddr:16783984: srtt_us:1383256: RTT:172907: ssthresh:2147483647: cwnd:10: delivered:1: lost:0: retrans:0
[  260.334081] AAAAA-TCP_SEND: name:enp0s3: saddr:16783984: daddr:100932208: srtt_us:1383256: RTT:172907: ssthresh:2147483647: cwnd:10: delivered:1: lost:0: retrans:0
[  260.433301] AAAAA-TCP_RECV: name:enp0s3: saddr:100932208: daddr:16783984: srtt_us:1383256: RTT:172907: ssthresh:2147483647: cwnd:10: delivered:1: lost:0: retrans:0
[  260.433334] AAAAA-TCP_SEND: name:enp0s3: saddr:16783984: daddr:100932208: srtt_us:1383256: RTT:172907: ssthresh:2147483647: cwnd:10: delivered:1: lost:0: retrans:0
[  260.489039] AAAAA-TCP_RECV: name:enp0s3: saddr:100932208: daddr:16783984: srtt_us:1383256: RTT:172907: ssthresh:2147483647: cwnd:10: delivered:1: lost:0: retrans:0
[  260.489068] AAAAA-TCP_SEND: name:enp0s3: saddr:16783984: daddr:100932208: srtt_us:1383256: RTT:172907: ssthresh:2147483647: cwnd:10: delivered:1: lost:0: retrans:0
[  260.618956] AAAAA-TCP_RECV: name:enp0s3: saddr:100932208: daddr:16783984: srtt_us:1383256: RTT:172907: ssthresh:2147483647: cwnd:10: delivered:1: lost:0: retrans:0
[  260.618996] AAAAA-TCP_SEND: name:enp0s3: saddr:16783984: daddr:100932208: srtt_us:1383256: RTT:172907: ssthresh:2147483647: cwnd:10: delivered:1: lost:0: retrans:0
[  260.752723] AAAAA-TCP_RECV: name:enp0s3: saddr:100932208: daddr:16783984: srtt_us:1383256: RTT:172907: ssthresh:2147483647: cwnd:10: delivered:1: lost:0: retrans:0
[  260.752758] AAAAA-TCP_SEND: name:enp0s3: saddr:16783984: daddr:100932208: srtt_us:1383256: RTT:172907: ssthresh:2147483647: cwnd:10: delivered:1: lost:0: retrans:0
[  260.861498] AAAAA-TCP_RECV: name:enp0s3: saddr:100932208: daddr:16783984: srtt_us:1383256: RTT:172907: ssthresh:2147483647: cwnd:10: delivered:1: lost:0: retrans:0
[  260.861535] AAAAA-TCP_SEND: name:enp0s3: saddr:16783984: daddr:100932208: srtt_us:1383256: RTT:172907: ssthresh:2147483647: cwnd:10: delivered:1: lost:0: retrans:0
[  260.965531] AAAAA-TCP_RECV: name:enp0s3: saddr:100932208: daddr:16783984: srtt_us:1383256: RTT:172907: ssthresh:2147483647: cwnd:10: delivered:1: lost:0: retrans:0
[  260.965568] AAAAA-TCP_SEND: name:enp0s3: saddr:16783984: daddr:100932208: srtt_us:1383256: RTT:172907: ssthresh:2147483647: cwnd:10: delivered:1: lost:0: retrans:0
[  261.073773] AAAAA-TCP_RECV: name:enp0s3: saddr:100932208: daddr:16783984: srtt_us:1383256: RTT:172907: ssthresh:2147483647: cwnd:10: delivered:1: lost:0: retrans:0
[  261.073802] AAAAA-TCP_SEND: name:enp0s3: saddr:16783984: daddr:100932208: srtt_us:1383256: RTT:172907: ssthresh:2147483647: cwnd:10: delivered:1: lost:0: retrans:0
[  261.154743] AAAAA-TCP_RECV: name:enp0s3: saddr:100932208: daddr:16783984: srtt_us:1383256: RTT:172907: ssthresh:2147483647: cwnd:10: delivered:1: lost:0: retrans:0
[  261.154778] AAAAA-TCP_SEND: name:enp0s3: saddr:16783984: daddr:100932208: srtt_us:1383256: RTT:172907: ssthresh:2147483647: cwnd:10: delivered:1: lost:0: retrans:0
[  261.382163] AAAAA-TCP_RECV: name:enp0s3: saddr:100932208: daddr:16783984: srtt_us:1383256: RTT:172907: ssthresh:2147483647: cwnd:10: delivered:1: lost:0: retrans:0
[  261.423053] AAAAA-TCP_SEND: name:enp0s3: saddr:16783984: daddr:100932208: srtt_us:1383256: RTT:172907: ssthresh:2147483647: cwnd:10: delivered:1: lost:0: retrans:0
[  261.517253] AAAAA-TCP_RECV: name:enp0s3: saddr:100932208: daddr:16783984: srtt_us:1383256: RTT:172907: ssthresh:2147483647: cwnd:10: delivered:1: lost:0: retrans:0
[  261.599045] AAAAA-TCP_SEND: name:enp0s3: saddr:16783984: daddr:100932208: srtt_us:1383256: RTT:172907: ssthresh:2147483647: cwnd:10: delivered:1: lost:0: retrans:0
[  261.624554] AAAAA-TCP_RECV: name:enp0s3: saddr:100932208: daddr:16783984: srtt_us:1383256: RTT:172907: ssthresh:2147483647: cwnd:10: delivered:1: lost:0: retrans:0
[  261.747599] AAAAA-TCP_RECV: name:enp0s3: saddr:100932208: daddr:16783984: srtt_us:1383256: RTT:172907: ssthresh:2147483647: cwnd:10: delivered:1: lost:0: retrans:0
[  261.747637] AAAAA-TCP_SEND: name:enp0s3: saddr:16783984: daddr:100932208: srtt_us:1383256: RTT:172907: ssthresh:2147483647: cwnd:10: delivered:1: lost:0: retrans:0
[  261.834209] AAAAA-TCP_RECV: name:enp0s3: saddr:100932208: daddr:16783984: srtt_us:1383256: RTT:172907: ssthresh:2147483647: cwnd:10: delivered:1: lost:0: retrans:0
[  262.011095] AAAAA-TCP_SEND: name:enp0s3: saddr:16783984: daddr:100932208: srtt_us:1383256: RTT:172907: ssthresh:2147483647: cwnd:10: delivered:1: lost:0: retrans:0
[  262.916365] AAAAA-TCP_RECV: name:enp0s3: saddr:100932208: daddr:16783984: srtt_us:1383256: RTT:172907: ssthresh:2147483647: cwnd:10: delivered:1: lost:0: retrans:0
[  262.916402] AAAAA-TCP_SEND: name:enp0s3: saddr:16783984: daddr:100932208: srtt_us:1383256: RTT:172907: ssthresh:2147483647: cwnd:10: delivered:1: lost:0: retrans:0
[  263.009434] AAAAA-TCP_RECV: name:enp0s3: saddr:100932208: daddr:16783984: srtt_us:1383256: RTT:172907: ssthresh:2147483647: cwnd:10: delivered:1: lost:0: retrans:0
[  263.009472] AAAAA-TCP_SEND: name:enp0s3: saddr:16783984: daddr:100932208: srtt_us:1383256: RTT:172907: ssthresh:2147483647: cwnd:10: delivered:1: lost:0: retrans:0
[  263.109639] AAAAA-TCP_RECV: name:enp0s3: saddr:100932208: daddr:16783984: srtt_us:1383256: RTT:172907: ssthresh:2147483647: cwnd:10: delivered:1: lost:0: retrans:0
[  263.109671] AAAAA-TCP_SEND: name:enp0s3: saddr:16783984: daddr:100932208: srtt_us:1383256: RTT:172907: ssthresh:2147483647: cwnd:10: delivered:1: lost:0: retrans:0
[  263.183874] AAAAA-TCP_RECV: name:enp0s3: saddr:100932208: daddr:16783984: srtt_us:1383256: RTT:172907: ssthresh:2147483647: cwnd:10: delivered:1: lost:0: retrans:0
[  263.183907] AAAAA-TCP_SEND: name:enp0s3: saddr:16783984: daddr:100932208: srtt_us:1383256: RTT:172907: ssthresh:2147483647: cwnd:10: delivered:1: lost:0: retrans:0
[  263.263547] AAAAA-TCP_RECV: name:enp0s3: saddr:100932208: daddr:16783984: srtt_us:1383256: RTT:172907: ssthresh:2147483647: cwnd:10: delivered:1: lost:0: retrans:0
[  263.263576] AAAAA-TCP_SEND: name:enp0s3: saddr:16783984: daddr:100932208: srtt_us:1383256: RTT:172907: ssthresh:2147483647: cwnd:10: delivered:1: lost:0: retrans:0
[  263.395651] AAAAA-TCP_RECV: name:enp0s3: saddr:100932208: daddr:16783984: srtt_us:1383256: RTT:172907: ssthresh:2147483647: cwnd:10: delivered:1: lost:0: retrans:0
[  263.395684] AAAAA-TCP_SEND: name:enp0s3: saddr:16783984: daddr:100932208: srtt_us:1383256: RTT:172907: ssthresh:2147483647: cwnd:10: delivered:1: lost:0: retrans:0
[  263.518648] AAAAA-TCP_RECV: name:enp0s3: saddr:100932208: daddr:16783984: srtt_us:1383256: RTT:172907: ssthresh:2147483647: cwnd:10: delivered:1: lost:0: retrans:0
[  263.518682] AAAAA-TCP_SEND: name:enp0s3: saddr:16783984: daddr:100932208: srtt_us:1383256: RTT:172907: ssthresh:2147483647: cwnd:10: delivered:1: lost:0: retrans:0
[  263.589803] AAAAA-TCP_RECV: name:enp0s3: saddr:100932208: daddr:16783984: srtt_us:1383256: RTT:172907: ssthresh:2147483647: cwnd:10: delivered:1: lost:0: retrans:0
[  263.589840] AAAAA-TCP_SEND: name:enp0s3: saddr:16783984: daddr:100932208: srtt_us:1383256: RTT:172907: ssthresh:2147483647: cwnd:10: delivered:1: lost:0: retrans:0
[  263.697078] AAAAA-TCP_RECV: name:enp0s3: saddr:100932208: daddr:16783984: srtt_us:1383256: RTT:172907: ssthresh:2147483647: cwnd:10: delivered:1: lost:0: retrans:0
[  263.697112] AAAAA-TCP_SEND: name:enp0s3: saddr:16783984: daddr:100932208: srtt_us:1383256: RTT:172907: ssthresh:2147483647: cwnd:10: delivered:1: lost:0: retrans:0
[  263.882814] AAAAA-TCP_RECV: name:enp0s3: saddr:100932208: daddr:16783984: srtt_us:1383256: RTT:172907: ssthresh:2147483647: cwnd:10: delivered:1: lost:0: retrans:0
[  263.882882] AAAAA-TCP_SEND: name:enp0s3: saddr:16783984: daddr:100932208: srtt_us:1383256: RTT:172907: ssthresh:2147483647: cwnd:10: delivered:1: lost:0: retrans:0
[  263.997249] AAAAA-TCP_RECV: name:enp0s3: saddr:100932208: daddr:16783984: srtt_us:1383256: RTT:172907: ssthresh:2147483647: cwnd:10: delivered:1: lost:0: retrans:0
[  263.997287] AAAAA-TCP_SEND: name:enp0s3: saddr:16783984: daddr:100932208: srtt_us:1383256: RTT:172907: ssthresh:2147483647: cwnd:10: delivered:1: lost:0: retrans:0
[  264.082320] AAAAA-TCP_RECV: name:enp0s3: saddr:100932208: daddr:16783984: srtt_us:1383256: RTT:172907: ssthresh:2147483647: cwnd:10: delivered:1: lost:0: retrans:0
[  264.082389] AAAAA-TCP_SEND: name:enp0s3: saddr:16783984: daddr:100932208: srtt_us:1383256: RTT:172907: ssthresh:2147483647: cwnd:10: delivered:1: lost:0: retrans:0
[  264.251953] AAAAA-TCP_RECV: name:enp0s3: saddr:100932208: daddr:16783984: srtt_us:1383256: RTT:172907: ssthresh:2147483647: cwnd:10: delivered:1: lost:0: retrans:0
[  264.252029] AAAAA-TCP_SEND: name:enp0s3: saddr:16783984: daddr:100932208: srtt_us:1383256: RTT:172907: ssthresh:2147483647: cwnd:10: delivered:1: lost:0: retrans:0
[  264.352772] AAAAA-TCP_RECV: name:enp0s3: saddr:100932208: daddr:16783984: srtt_us:1383256: RTT:172907: ssthresh:2147483647: cwnd:10: delivered:1: lost:0: retrans:0
[  264.352839] AAAAA-TCP_SEND: name:enp0s3: saddr:16783984: daddr:100932208: srtt_us:1383256: RTT:172907: ssthresh:2147483647: cwnd:10: delivered:1: lost:0: retrans:0
[  264.488630] AAAAA-TCP_RECV: name:enp0s3: saddr:100932208: daddr:16783984: srtt_us:1383256: RTT:172907: ssthresh:2147483647: cwnd:10: delivered:1: lost:0: retrans:0
[  264.488668] AAAAA-TCP_SEND: name:enp0s3: saddr:16783984: daddr:100932208: srtt_us:1383256: RTT:172907: ssthresh:2147483647: cwnd:10: delivered:1: lost:0: retrans:0
[  264.566960] AAAAA-TCP_RECV: name:enp0s3: saddr:100932208: daddr:16783984: srtt_us:1383256: RTT:172907: ssthresh:2147483647: cwnd:10: delivered:1: lost:0: retrans:0
[  264.566991] AAAAA-TCP_SEND: name:enp0s3: saddr:16783984: daddr:100932208: srtt_us:1383256: RTT:172907: ssthresh:2147483647: cwnd:10: delivered:1: lost:0: retrans:0
[  264.664487] AAAAA-TCP_RECV: name:enp0s3: saddr:100932208: daddr:16783984: srtt_us:1383256: RTT:172907: ssthresh:2147483647: cwnd:10: delivered:1: lost:0: retrans:0
[  264.707044] AAAAA-TCP_SEND: name:enp0s3: saddr:16783984: daddr:100932208: srtt_us:1383256: RTT:172907: ssthresh:2147483647: cwnd:10: delivered:1: lost:0: retrans:0
[  264.885685] AAAAA-TCP_RECV: name:enp0s3: saddr:100932208: daddr:16783984: srtt_us:1383256: RTT:172907: ssthresh:2147483647: cwnd:10: delivered:1: lost:0: retrans:0
[  264.967069] AAAAA-TCP_SEND: name:enp0s3: saddr:16783984: daddr:100932208: srtt_us:1383256: RTT:172907: ssthresh:2147483647: cwnd:10: delivered:1: lost:0: retrans:0
[  265.016743] AAAAA-TCP_RECV: name:enp0s3: saddr:100932208: daddr:16783984: srtt_us:1383256: RTT:172907: ssthresh:2147483647: cwnd:10: delivered:1: lost:0: retrans:0
[  265.102265] AAAAA-TCP_RECV: name:enp0s3: saddr:100932208: daddr:16783984: srtt_us:1383256: RTT:172907: ssthresh:2147483647: cwnd:10: delivered:1: lost:0: retrans:0
[  265.102293] AAAAA-TCP_SEND: name:enp0s3: saddr:16783984: daddr:100932208: srtt_us:1383256: RTT:172907: ssthresh:2147483647: cwnd:10: delivered:1: lost:0: retrans:0
[  265.373272] AAAAA-TCP_RECV: name:enp0s3: saddr:100932208: daddr:16783984: srtt_us:1383256: RTT:172907: ssthresh:2147483647: cwnd:10: delivered:1: lost:0: retrans:0
[  265.373309] AAAAA-TCP_SEND: name:enp0s3: saddr:16783984: daddr:100932208: srtt_us:1383256: RTT:172907: ssthresh:2147483647: cwnd:10: delivered:1: lost:0: retrans:0
[  265.452951] AAAAA-TCP_RECV: name:enp0s3: saddr:100932208: daddr:16783984: srtt_us:1383256: RTT:172907: ssthresh:2147483647: cwnd:10: delivered:1: lost:0: retrans:0
[  265.452981] AAAAA-TCP_SEND: name:enp0s3: saddr:16783984: daddr:100932208: srtt_us:1383256: RTT:172907: ssthresh:2147483647: cwnd:10: delivered:1: lost:0: retrans:0
[  265.714094] AAAAA-TCP_RECV: name:enp0s3: saddr:100932208: daddr:16783984: srtt_us:1383256: RTT:172907: ssthresh:2147483647: cwnd:10: delivered:1: lost:0: retrans:0
[  265.715150] AAAAA-TCP_SEND: name:enp0s3: saddr:16783984: daddr:100932208: srtt_us:1383256: RTT:172907: ssthresh:2147483647: cwnd:10: delivered:1: lost:0: retrans:0
[  265.850513] AAAAA-TCP_RECV: name:enp0s3: saddr:100932208: daddr:16783984: srtt_us:1383256: RTT:172907: ssthresh:2147483647: cwnd:10: delivered:1: lost:0: retrans:0
[  265.854304] AAAAA-TCP_SEND: name:enp0s3: saddr:16783984: daddr:100932208: srtt_us:1383256: RTT:172907: ssthresh:2147483647: cwnd:10: delivered:1: lost:0: retrans:0
[  266.082370] AAAAA-TCP_RECV: name:enp0s3: saddr:100932208: daddr:16783984: srtt_us:1383256: RTT:172907: ssthresh:2147483647: cwnd:10: delivered:1: lost:0: retrans:0
[  266.083426] AAAAA-TCP_SEND: name:enp0s3: saddr:16783984: daddr:100932208: srtt_us:1383256: RTT:172907: ssthresh:2147483647: cwnd:10: delivered:1: lost:0: retrans:0
[  266.189903] AAAAA-TCP_RECV: name:enp0s3: saddr:100932208: daddr:16783984: srtt_us:1383256: RTT:172907: ssthresh:2147483647: cwnd:10: delivered:1: lost:0: retrans:0
[  266.190975] AAAAA-TCP_SEND: name:enp0s3: saddr:16783984: daddr:100932208: srtt_us:1383256: RTT:172907: ssthresh:2147483647: cwnd:10: delivered:1: lost:0: retrans:0
[  266.417907] AAAAA-TCP_RECV: name:enp0s3: saddr:100932208: daddr:16783984: srtt_us:1383256: RTT:172907: ssthresh:2147483647: cwnd:10: delivered:1: lost:0: retrans:0
[  266.418973] AAAAA-TCP_SEND: name:enp0s3: saddr:16783984: daddr:100932208: srtt_us:1383256: RTT:172907: ssthresh:2147483647: cwnd:10: delivered:1: lost:0: retrans:0
[  266.597653] AAAAA-TCP_RECV: name:enp0s3: saddr:100932208: daddr:16783984: srtt_us:1383256: RTT:172907: ssthresh:2147483647: cwnd:10: delivered:1: lost:0: retrans:0
[  266.598790] AAAAA-TCP_SEND: name:enp0s3: saddr:16783984: daddr:100932208: srtt_us:1383256: RTT:172907: ssthresh:2147483647: cwnd:10: delivered:1: lost:0: retrans:0
[  266.678904] AAAAA-TCP_RECV: name:enp0s3: saddr:100932208: daddr:16783984: srtt_us:1383256: RTT:172907: ssthresh:2147483647: cwnd:10: delivered:1: lost:0: retrans:0
[  266.680084] AAAAA-TCP_SEND: name:enp0s3: saddr:16783984: daddr:100932208: srtt_us:1383256: RTT:172907: ssthresh:2147483647: cwnd:10: delivered:1: lost:0: retrans:0
[  266.863811] AAAAA-TCP_RECV: name:enp0s3: saddr:100932208: daddr:16783984: srtt_us:1383256: RTT:172907: ssthresh:2147483647: cwnd:10: delivered:1: lost:0: retrans:0
[  266.864983] AAAAA-TCP_SEND: name:enp0s3: saddr:16783984: daddr:100932208: srtt_us:1383256: RTT:172907: ssthresh:2147483647: cwnd:10: delivered:1: lost:0: retrans:0
[  266.901871] AAAAA-TCP_RECV: name:enp0s3: saddr:100932208: daddr:16783984: srtt_us:1383256: RTT:172907: ssthresh:2147483647: cwnd:10: delivered:1: lost:0: retrans:0
[  266.903024] AAAAA-TCP_SEND: name:enp0s3: saddr:16783984: daddr:100932208: srtt_us:1383256: RTT:172907: ssthresh:2147483647: cwnd:10: delivered:1: lost:0: retrans:0
[  267.025013] AAAAA-TCP_RECV: name:enp0s3: saddr:100932208: daddr:16783984: srtt_us:1383256: RTT:172907: ssthresh:2147483647: cwnd:10: delivered:1: lost:0: retrans:0
[  267.026519] AAAAA-TCP_SEND: name:enp0s3: saddr:16783984: daddr:100932208: srtt_us:1383256: RTT:172907: ssthresh:2147483647: cwnd:10: delivered:1: lost:0: retrans:0
[  267.111632] AAAAA-TCP_RECV: name:enp0s3: saddr:100932208: daddr:16783984: srtt_us:1383256: RTT:172907: ssthresh:2147483647: cwnd:10: delivered:1: lost:0: retrans:0
[  267.112700] AAAAA-TCP_SEND: name:enp0s3: saddr:16783984: daddr:100932208: srtt_us:1383256: RTT:172907: ssthresh:2147483647: cwnd:10: delivered:1: lost:0: retrans:0
[  267.424660] AAAAA-TCP_RECV: name:enp0s3: saddr:100932208: daddr:16783984: srtt_us:1383256: RTT:172907: ssthresh:2147483647: cwnd:10: delivered:1: lost:0: retrans:0
[  267.425734] AAAAA-TCP_SEND: name:enp0s3: saddr:16783984: daddr:100932208: srtt_us:1383256: RTT:172907: ssthresh:2147483647: cwnd:10: delivered:1: lost:0: retrans:0
[  267.467718] AAAAA-TCP_RECV: name:enp0s3: saddr:100932208: daddr:16783984: srtt_us:1383256: RTT:172907: ssthresh:2147483647: cwnd:10: delivered:1: lost:0: retrans:0
[  267.468786] AAAAA-TCP_SEND: name:enp0s3: saddr:16783984: daddr:100932208: srtt_us:1383256: RTT:172907: ssthresh:2147483647: cwnd:10: delivered:1: lost:0: retrans:0
[  267.489621] AAAAA-TCP_RECV: name:enp0s3: saddr:100932208: daddr:16783984: srtt_us:1383256: RTT:172907: ssthresh:2147483647: cwnd:10: delivered:1: lost:0: retrans:0
[  267.490683] AAAAA-TCP_SEND: name:enp0s3: saddr:16783984: daddr:100932208: srtt_us:1383256: RTT:172907: ssthresh:2147483647: cwnd:10: delivered:1: lost:0: retrans:0
[  267.519678] AAAAA-TCP_RECV: name:enp0s3: saddr:100932208: daddr:16783984: srtt_us:1383256: RTT:172907: ssthresh:2147483647: cwnd:10: delivered:1: lost:0: retrans:0
[  267.520731] AAAAA-TCP_SEND: name:enp0s3: saddr:16783984: daddr:100932208: srtt_us:1383256: RTT:172907: ssthresh:2147483647: cwnd:10: delivered:1: lost:0: retrans:0
[  267.568554] AAAAA-TCP_RECV: name:enp0s3: saddr:100932208: daddr:16783984: srtt_us:1383256: RTT:172907: ssthresh:2147483647: cwnd:10: delivered:1: lost:0: retrans:0
[  267.569614] AAAAA-TCP_SEND: name:enp0s3: saddr:16783984: daddr:100932208: srtt_us:1383256: RTT:172907: ssthresh:2147483647: cwnd:10: delivered:1: lost:0: retrans:0
[  267.680138] AAAAA-TCP_RECV: name:enp0s3: saddr:100932208: daddr:16783984: srtt_us:1383256: RTT:172907: ssthresh:2147483647: cwnd:10: delivered:1: lost:0: retrans:0
[  267.681194] AAAAA-TCP_SEND: name:enp0s3: saddr:16783984: daddr:100932208: srtt_us:1383256: RTT:172907: ssthresh:2147483647: cwnd:10: delivered:1: lost:0: retrans:0
[  267.813018] AAAAA-TCP_RECV: name:enp0s3: saddr:100932208: daddr:16783984: srtt_us:1383256: RTT:172907: ssthresh:2147483647: cwnd:10: delivered:1: lost:0: retrans:0
[  267.814066] AAAAA-TCP_SEND: name:enp0s3: saddr:16783984: daddr:100932208: srtt_us:1383256: RTT:172907: ssthresh:2147483647: cwnd:10: delivered:1: lost:0: retrans:0
[  268.023632] AAAAA-TCP_RECV: name:enp0s3: saddr:100932208: daddr:16783984: srtt_us:1383256: RTT:172907: ssthresh:2147483647: cwnd:10: delivered:1: lost:0: retrans:0
[  268.024707] AAAAA-TCP_SEND: name:enp0s3: saddr:16783984: daddr:100932208: srtt_us:1383256: RTT:172907: ssthresh:2147483647: cwnd:10: delivered:1: lost:0: retrans:0
[  268.407418] AAAAA-TCP_RECV: name:enp0s3: saddr:100932208: daddr:16783984: srtt_us:1383256: RTT:172907: ssthresh:2147483647: cwnd:10: delivered:1: lost:0: retrans:0
[  268.407464] AAAAA-TCP_SEND: name:enp0s3: saddr:16783984: daddr:100932208: srtt_us:1383256: RTT:172907: ssthresh:2147483647: cwnd:10: delivered:1: lost:0: retrans:0
[  268.626318] AAAAA-TCP_RECV: name:enp0s3: saddr:100932208: daddr:33561200: srtt_us:2355648: RTT:294456: ssthresh:2147483647: cwnd:10: delivered:1: lost:0: retrans:0
[  268.626363] AAAAA-TCP_SEND: name:enp0s3: saddr:33561200: daddr:100932208: srtt_us:2355648: RTT:294456: ssthresh:2147483647: cwnd:10: delivered:1: lost:0: retrans:0
[  268.863112] AAAAA-TCP_RECV: name:enp0s3: saddr:100932208: daddr:16783984: srtt_us:1383256: RTT:172907: ssthresh:2147483647: cwnd:10: delivered:1: lost:0: retrans:0
[  268.863155] AAAAA-TCP_SEND: name:enp0s3: saddr:16783984: daddr:100932208: srtt_us:1383256: RTT:172907: ssthresh:2147483647: cwnd:10: delivered:1: lost:0: retrans:0
[  269.011868] AAAAA-TCP_RECV: name:enp0s3: saddr:100932208: daddr:16783984: srtt_us:1383256: RTT:172907: ssthresh:2147483647: cwnd:10: delivered:1: lost:0: retrans:0
[  269.011910] AAAAA-TCP_SEND: name:enp0s3: saddr:16783984: daddr:100932208: srtt_us:1383256: RTT:172907: ssthresh:2147483647: cwnd:10: delivered:1: lost:0: retrans:0
[  269.137339] AAAAA-TCP_RECV: name:enp0s3: saddr:100932208: daddr:16783984: srtt_us:1383256: RTT:172907: ssthresh:2147483647: cwnd:10: delivered:1: lost:0: retrans:0
[  269.137397] AAAAA-TCP_SEND: name:enp0s3: saddr:16783984: daddr:100932208: srtt_us:1383256: RTT:172907: ssthresh:2147483647: cwnd:10: delivered:1: lost:0: retrans:0
[  269.423818] AAAAA-TCP_RECV: name:enp0s3: saddr:100932208: daddr:33561200: srtt_us:2355648: RTT:294456: ssthresh:2147483647: cwnd:10: delivered:1: lost:0: retrans:0
[  269.423860] AAAAA-TCP_SEND: name:enp0s3: saddr:33561200: daddr:100932208: srtt_us:2355648: RTT:294456: ssthresh:2147483647: cwnd:10: delivered:1: lost:0: retrans:0
[  269.594017] AAAAA-TCP_RECV: name:enp0s3: saddr:100932208: daddr:33561200: srtt_us:2355648: RTT:294456: ssthresh:2147483647: cwnd:10: delivered:1: lost:0: retrans:0
[  269.594057] AAAAA-TCP_SEND: name:enp0s3: saddr:33561200: daddr:100932208: srtt_us:2355648: RTT:294456: ssthresh:2147483647: cwnd:10: delivered:1: lost:0: retrans:0
[  269.725134] AAAAA-TCP_RECV: name:enp0s3: saddr:100932208: daddr:33561200: srtt_us:2355648: RTT:294456: ssthresh:2147483647: cwnd:10: delivered:1: lost:0: retrans:0
[  269.725172] AAAAA-TCP_SEND: name:enp0s3: saddr:33561200: daddr:100932208: srtt_us:2355648: RTT:294456: ssthresh:2147483647: cwnd:10: delivered:1: lost:0: retrans:0
[  269.856518] AAAAA-TCP_RECV: name:enp0s3: saddr:100932208: daddr:33561200: srtt_us:2355648: RTT:294456: ssthresh:2147483647: cwnd:10: delivered:1: lost:0: retrans:0
[  269.856558] AAAAA-TCP_SEND: name:enp0s3: saddr:33561200: daddr:100932208: srtt_us:2355648: RTT:294456: ssthresh:2147483647: cwnd:10: delivered:1: lost:0: retrans:0
[  269.900310] AAAAA-TCP_RECV: name:enp0s3: saddr:100932208: daddr:33561200: srtt_us:2355648: RTT:294456: ssthresh:2147483647: cwnd:10: delivered:1: lost:0: retrans:0
[  269.900341] AAAAA-TCP_SEND: name:enp0s3: saddr:33561200: daddr:100932208: srtt_us:2355648: RTT:294456: ssthresh:2147483647: cwnd:10: delivered:1: lost:0: retrans:0
[  270.057154] AAAAA-TCP_RECV: name:enp0s3: saddr:100932208: daddr:33561200: srtt_us:2355648: RTT:294456: ssthresh:2147483647: cwnd:10: delivered:1: lost:0: retrans:0
[  270.057191] AAAAA-TCP_SEND: name:enp0s3: saddr:33561200: daddr:100932208: srtt_us:2355648: RTT:294456: ssthresh:2147483647: cwnd:10: delivered:1: lost:0: retrans:0
[  270.087413] AAAAA-TCP_RECV: name:enp0s3: saddr:100932208: daddr:33561200: srtt_us:2355648: RTT:294456: ssthresh:2147483647: cwnd:10: delivered:1: lost:0: retrans:0
[  270.087442] AAAAA-TCP_SEND: name:enp0s3: saddr:33561200: daddr:100932208: srtt_us:2355648: RTT:294456: ssthresh:2147483647: cwnd:10: delivered:1: lost:0: retrans:0
[  270.305412] AAAAA-TCP_RECV: name:enp0s3: saddr:100932208: daddr:33561200: srtt_us:2355648: RTT:294456: ssthresh:2147483647: cwnd:10: delivered:1: lost:0: retrans:0
[  270.305455] AAAAA-TCP_SEND: name:enp0s3: saddr:33561200: daddr:100932208: srtt_us:2355648: RTT:294456: ssthresh:2147483647: cwnd:10: delivered:1: lost:0: retrans:0
[  270.438061] AAAAA-TCP_RECV: name:enp0s3: saddr:100932208: daddr:33561200: srtt_us:2355648: RTT:294456: ssthresh:2147483647: cwnd:10: delivered:1: lost:0: retrans:0
[  270.438104] AAAAA-TCP_SEND: name:enp0s3: saddr:33561200: daddr:100932208: srtt_us:2355648: RTT:294456: ssthresh:2147483647: cwnd:10: delivered:1: lost:0: retrans:0
[  270.509287] AAAAA-TCP_RECV: name:enp0s3: saddr:100932208: daddr:33561200: srtt_us:2355648: RTT:294456: ssthresh:2147483647: cwnd:10: delivered:1: lost:0: retrans:0
[  270.509318] AAAAA-TCP_SEND: name:enp0s3: saddr:33561200: daddr:100932208: srtt_us:2355648: RTT:294456: ssthresh:2147483647: cwnd:10: delivered:1: lost:0: retrans:0
[  270.584070] AAAAA-TCP_RECV: name:enp0s3: saddr:100932208: daddr:33561200: srtt_us:2355648: RTT:294456: ssthresh:2147483647: cwnd:10: delivered:1: lost:0: retrans:0
[  270.584103] AAAAA-TCP_SEND: name:enp0s3: saddr:33561200: daddr:100932208: srtt_us:2355648: RTT:294456: ssthresh:2147483647: cwnd:10: delivered:1: lost:0: retrans:0
[  270.605880] AAAAA-TCP_RECV: name:enp0s3: saddr:100932208: daddr:33561200: srtt_us:2355648: RTT:294456: ssthresh:2147483647: cwnd:10: delivered:1: lost:0: retrans:0
[  270.605905] AAAAA-TCP_SEND: name:enp0s3: saddr:33561200: daddr:100932208: srtt_us:2355648: RTT:294456: ssthresh:2147483647: cwnd:10: delivered:1: lost:0: retrans:0
[  270.747597] AAAAA-TCP_RECV: name:enp0s3: saddr:100932208: daddr:33561200: srtt_us:2355648: RTT:294456: ssthresh:2147483647: cwnd:10: delivered:1: lost:0: retrans:0
[  270.747632] AAAAA-TCP_SEND: name:enp0s3: saddr:33561200: daddr:100932208: srtt_us:2355648: RTT:294456: ssthresh:2147483647: cwnd:10: delivered:1: lost:0: retrans:0
[  270.830603] AAAAA-TCP_RECV: name:enp0s3: saddr:100932208: daddr:33561200: srtt_us:2355648: RTT:294456: ssthresh:2147483647: cwnd:10: delivered:1: lost:0: retrans:0
[  270.830632] AAAAA-TCP_SEND: name:enp0s3: saddr:33561200: daddr:100932208: srtt_us:2355648: RTT:294456: ssthresh:2147483647: cwnd:10: delivered:1: lost:0: retrans:0
