[    0.000000] Linux version 5.4.243-mptcp (root@ztg) (gcc version 12.2.0 (Debian 12.2.0-14+deb12u1)) #53 SMP Wed Dec 24 23:28:15 CST 2025
[    0.000000] Command line: BOOT_IMAGE=/boot/vmlinuz-5.4.243-mptcp root=UUID=98415a12-53b7-4144-8265-0f7ece09e445 ro quiet splash
[    0.000000] KERNEL supported cpus:
[    0.000000]   Intel GenuineIntel
[    0.000000]   AMD AuthenticAMD
[    0.000000]   Hygon HygonGenuine
[    0.000000]   Centaur CentaurHauls
[    0.000000]   zhaoxin   Shanghai  
[    0.000000] x86/fpu: Supporting XSAVE feature 0x001: 'x87 floating point registers'
[    0.000000] x86/fpu: Supporting XSAVE feature 0x002: 'SSE registers'
[    0.000000] x86/fpu: Supporting XSAVE feature 0x004: 'AVX registers'
[    0.000000] x86/fpu: xstate_offset[2]:  576, xstate_sizes[2]:  256
[    0.000000] x86/fpu: Enabled xstate features 0x7, context size is 832 bytes, using 'standard' format.
[    0.000000] BIOS-provided physical RAM map:
[    0.000000] BIOS-e820: [mem 0x0000000000000000-0x000000000009fbff] usable
[    0.000000] BIOS-e820: [mem 0x000000000009fc00-0x000000000009ffff] reserved
[    0.000000] BIOS-e820: [mem 0x00000000000f0000-0x00000000000fffff] reserved
[    0.000000] BIOS-e820: [mem 0x0000000000100000-0x000000007ffeffff] usable
[    0.000000] BIOS-e820: [mem 0x000000007fff0000-0x000000007fffffff] ACPI data
[    0.000000] BIOS-e820: [mem 0x00000000fec00000-0x00000000fec00fff] reserved
[    0.000000] BIOS-e820: [mem 0x00000000fee00000-0x00000000fee00fff] reserved
[    0.000000] BIOS-e820: [mem 0x00000000fffc0000-0x00000000ffffffff] reserved
[    0.000000] NX (Execute Disable) protection: active
[    0.000000] SMBIOS 2.5 present.
[    0.000000] DMI: innotek GmbH VirtualBox/VirtualBox, BIOS VirtualBox 12/01/2006
[    0.000000] Hypervisor detected: KVM
[    0.000000] kvm-clock: Using msrs 4b564d01 and 4b564d00
[    0.000000] kvm-clock: cpu 0, msr 22a01001, primary cpu clock
[    0.000000] kvm-clock: using sched offset of 4444766533 cycles
[    0.000003] clocksource: kvm-clock: mask: 0xffffffffffffffff max_cycles: 0x1cd42e4dffb, max_idle_ns: 881590591483 ns
[    0.000006] tsc: Detected 2100.000 MHz processor
[    0.001864] e820: update [mem 0x00000000-0x00000fff] usable ==> reserved
[    0.001866] e820: remove [mem 0x000a0000-0x000fffff] usable
[    0.001870] last_pfn = 0x7fff0 max_arch_pfn = 0x400000000
[    0.001937] MTRR default type: uncachable
[    0.001938] MTRR fixed ranges enabled:
[    0.001939]   00000-9FFFF write-back
[    0.001940]   A0000-BFFFF uncachable
[    0.001940]   C0000-FFFFF write-protect
[    0.001941] MTRR variable ranges enabled:
[    0.001942]   0 base 000000000000 mask 3FFF80000000 write-back
[    0.001943]   1 disabled
[    0.001944]   2 disabled
[    0.001944]   3 disabled
[    0.001944]   4 disabled
[    0.001945]   5 disabled
[    0.001945]   6 disabled
[    0.001946]   7 disabled
[    0.001946]   8 disabled
[    0.001946]   9 disabled
[    0.001947]   10 disabled
[    0.001947]   11 disabled
[    0.001948]   12 disabled
[    0.001948]   13 disabled
[    0.001949]   14 disabled
[    0.001949]   15 disabled
[    0.001965] x86/PAT: Configuration [0-7]: WB  WC  UC- UC  WB  WP  UC- WT  
[    0.002098] found SMP MP-table at [mem 0x0009fff0-0x0009ffff]
[    0.090497] check: Scanning 1 areas for low memory corruption
[    0.090674] RAMDISK: [mem 0x32271000-0x3512ffff]
[    0.090682] ACPI: Early table checksum verification disabled
[    0.090686] ACPI: RSDP 0x00000000000E0000 000024 (v02 VBOX  )
[    0.090690] ACPI: XSDT 0x000000007FFF0030 00003C (v01 VBOX   VBOXXSDT 00000001 ASL  00000061)
[    0.090696] ACPI: FACP 0x000000007FFF00F0 0000F4 (v04 VBOX   VBOXFACP 00000001 ASL  00000061)
[    0.090703] ACPI: DSDT 0x000000007FFF02E0 002353 (v02 VBOX   VBOXBIOS 00000002 VBOX 00029BF3)
[    0.090707] ACPI: FACS 0x000000007FFF0200 000040
[    0.090711] ACPI: FACS 0x000000007FFF0200 000040
[    0.090714] ACPI: APIC 0x000000007FFF0240 000054 (v02 VBOX   VBOXAPIC 00000001 ASL  00000061)
[    0.090717] ACPI: SSDT 0x000000007FFF02A0 000038 (v01 VBOX   VBOXCPUT 00000002 VBOX 00029BF3)
[    0.090721] ACPI: Reserving FACP table memory at [mem 0x7fff00f0-0x7fff01e3]
[    0.090722] ACPI: Reserving DSDT table memory at [mem 0x7fff02e0-0x7fff2632]
[    0.090722] ACPI: Reserving FACS table memory at [mem 0x7fff0200-0x7fff023f]
[    0.090723] ACPI: Reserving FACS table memory at [mem 0x7fff0200-0x7fff023f]
[    0.090723] ACPI: Reserving APIC table memory at [mem 0x7fff0240-0x7fff0293]
[    0.090724] ACPI: Reserving SSDT table memory at [mem 0x7fff02a0-0x7fff02d7]
[    0.090738] ACPI: Local APIC address 0xfee00000
[    0.090919] No NUMA configuration found
[    0.090920] Faking a node at [mem 0x0000000000000000-0x000000007ffeffff]
[    0.090931] NODE_DATA(0) allocated [mem 0x7ffc5000-0x7ffeffff]
[    0.091190] Zone ranges:
[    0.091191]   DMA      [mem 0x0000000000001000-0x0000000000ffffff]
[    0.091192]   DMA32    [mem 0x0000000001000000-0x000000007ffeffff]
[    0.091193]   Normal   empty
[    0.091194]   Device   empty
[    0.091194] Movable zone start for each node
[    0.091196] Early memory node ranges
[    0.091197]   node   0: [mem 0x0000000000001000-0x000000000009efff]
[    0.091198]   node   0: [mem 0x0000000000100000-0x000000007ffeffff]
[    0.091201] Zeroed struct page in unavailable ranges: 114 pages
[    0.091202] Initmem setup node 0 [mem 0x0000000000001000-0x000000007ffeffff]
[    0.091203] On node 0 totalpages: 524174
[    0.091204]   DMA zone: 64 pages used for memmap
[    0.091205]   DMA zone: 21 pages reserved
[    0.091206]   DMA zone: 3998 pages, LIFO batch:0
[    0.091275]   DMA32 zone: 8128 pages used for memmap
[    0.091276]   DMA32 zone: 520176 pages, LIFO batch:63
[    0.100114] ACPI: PM-Timer IO Port: 0x4008
[    0.100117] ACPI: Local APIC address 0xfee00000
[    0.100180] IOAPIC[0]: apic_id 1, version 32, address 0xfec00000, GSI 0-23
[    0.100184] ACPI: INT_SRC_OVR (bus 0 bus_irq 0 global_irq 2 dfl dfl)
[    0.100185] ACPI: INT_SRC_OVR (bus 0 bus_irq 9 global_irq 9 low level)
[    0.100187] ACPI: IRQ0 used by override.
[    0.100188] ACPI: IRQ9 used by override.
[    0.100190] Using ACPI (MADT) for SMP configuration information
[    0.100197] smpboot: Allowing 1 CPUs, 0 hotplug CPUs
[    0.100217] PM: Registered nosave memory: [mem 0x00000000-0x00000fff]
[    0.100218] PM: Registered nosave memory: [mem 0x0009f000-0x0009ffff]
[    0.100219] PM: Registered nosave memory: [mem 0x000a0000-0x000effff]
[    0.100219] PM: Registered nosave memory: [mem 0x000f0000-0x000fffff]
[    0.100221] [mem 0x80000000-0xfebfffff] available for PCI devices
[    0.100221] Booting paravirtualized kernel on KVM
[    0.100224] clocksource: refined-jiffies: mask: 0xffffffff max_cycles: 0xffffffff, max_idle_ns: 7645519600211568 ns
[    0.100228] setup_percpu: NR_CPUS:8192 nr_cpumask_bits:1 nr_cpu_ids:1 nr_node_ids:1
[    0.101239] percpu: Embedded 60 pages/cpu s208896 r8192 d28672 u2097152
[    0.101244] pcpu-alloc: s208896 r8192 d28672 u2097152 alloc=1*2097152
[    0.101245] pcpu-alloc: [0] 0 
[    0.101269] Built 1 zonelists, mobility grouping on.  Total pages: 515961
[    0.101270] Policy zone: DMA32
[    0.101271] Kernel command line: BOOT_IMAGE=/boot/vmlinuz-5.4.243-mptcp root=UUID=98415a12-53b7-4144-8265-0f7ece09e445 ro quiet splash
[    0.102114] Dentry cache hash table entries: 262144 (order: 9, 2097152 bytes, linear)
[    0.102260] Inode-cache hash table entries: 131072 (order: 8, 1048576 bytes, linear)
[    0.102308] mem auto-init: stack:off, heap alloc:on, heap free:off
[    0.102311] Calgary: detecting Calgary via BIOS EBDA area
[    0.102312] Calgary: Unable to locate Rio Grande table in EBDA - bailing!
[    0.106369] Memory: 1967332K/2096696K available (14339K kernel code, 2398K rwdata, 4712K rodata, 2728K init, 17260K bss, 129364K reserved, 0K cma-reserved)
[    0.107294] SLUB: HWalign=64, Order=0-3, MinObjects=0, CPUs=1, Nodes=1
[    0.107310] ftrace: allocating 43186 entries in 169 pages
[    0.125304] rcu: Hierarchical RCU implementation.
[    0.125306] rcu: 	RCU restricting CPUs from NR_CPUS=8192 to nr_cpu_ids=1.
[    0.125307] 	Tasks RCU enabled.
[    0.125308] rcu: RCU calculated value of scheduler-enlistment delay is 25 jiffies.
[    0.125309] rcu: Adjusting geometry for rcu_fanout_leaf=16, nr_cpu_ids=1
[    0.128258] NR_IRQS: 524544, nr_irqs: 256, preallocated irqs: 16
[    0.128459] random: crng init done
[    0.137742] Console: colour VGA+ 80x25
[    0.137745] printk: console [tty0] enabled
[    0.137763] ACPI: Core revision 20190816
[    0.137854] APIC: Switch to symmetric I/O mode setup
[    0.138100] x2apic enabled
[    0.138335] Switched APIC routing to physical x2apic.
[    0.139460] ..TIMER: vector=0x30 apic1=0 pin1=2 apic2=-1 pin2=-1
[    0.139484] clocksource: tsc-early: mask: 0xffffffffffffffff max_cycles: 0x1e4530a99b6, max_idle_ns: 440795257976 ns
[    0.139488] Calibrating delay loop (skipped) preset value.. 4200.00 BogoMIPS (lpj=8400000)
[    0.139490] pid_max: default: 32768 minimum: 301
[    0.139517] LSM: Security Framework initializing
[    0.139526] Yama: becoming mindful.
[    0.139550] AppArmor: AppArmor initialized
[    0.139583] Mount-cache hash table entries: 4096 (order: 3, 32768 bytes, linear)
[    0.139588] Mountpoint-cache hash table entries: 4096 (order: 3, 32768 bytes, linear)
[    0.139598] *** VALIDATE tmpfs ***
[    0.139726] *** VALIDATE proc ***
[    0.139767] *** VALIDATE cgroup1 ***
[    0.139768] *** VALIDATE cgroup2 ***
[    0.139906] process: using mwait in idle threads
[    0.139910] Last level iTLB entries: 4KB 64, 2MB 8, 4MB 8
[    0.139911] Last level dTLB entries: 4KB 64, 2MB 0, 4MB 0, 1GB 4
[    0.139930] Spectre V1 : Mitigation: usercopy/swapgs barriers and __user pointer sanitization
[    0.139935] Spectre V2 : Mitigation: Retpolines
[    0.139936] Spectre V2 : Spectre v2 / SpectreRSB mitigation: Filling RSB on context switch
[    0.139936] Spectre V2 : Spectre v2 / SpectreRSB : Filling RSB on VMEXIT
[    0.139937] RETBleed: WARNING: Spectre v2 mitigation leaves CPU vulnerable to RETBleed attacks, data leaks possible!
[    0.140291] RETBleed: Vulnerable
[    0.140291] Speculative Store Bypass: Vulnerable
[    0.140296] TAA: Mitigation: TSX disabled
[    0.140296] MMIO Stale Data: Mitigation: Clear CPU buffers
[    0.144430] Freeing SMP alternatives memory: 40K
[    0.256508] smpboot: CPU0: Intel(R) Xeon(R) Silver 4216 CPU @ 2.10GHz (family: 0x6, model: 0x55, stepping: 0x7)
[    0.256601] Performance Events: unsupported p6 CPU model 85 no PMU driver, software events only.
[    0.256632] rcu: Hierarchical SRCU implementation.
[    0.257090] NMI watchdog: Perf NMI watchdog permanently disabled
[    0.257123] smp: Bringing up secondary CPUs ...
[    0.257124] smp: Brought up 1 node, 1 CPU
[    0.257125] smpboot: Max logical packages: 1
[    0.257126] smpboot: Total of 1 processors activated (4200.00 BogoMIPS)
[    0.258034] devtmpfs: initialized
[    0.258077] x86/mm: Memory block size: 128MB
[    0.258396] clocksource: jiffies: mask: 0xffffffff max_cycles: 0xffffffff, max_idle_ns: 7645041785100000 ns
[    0.258401] futex hash table entries: 256 (order: 2, 16384 bytes, linear)
[    0.258438] pinctrl core: initialized pinctrl subsystem
[    0.258531] PM: RTC time: 21:37:25, date: 2026-01-14
[    0.258630] NET: Registered protocol family 16
[    0.258701] audit: initializing netlink subsys (disabled)
[    0.258819] EISA bus registered
[    0.258820] cpuidle: using governor ladder
[    0.258821] cpuidle: using governor menu
[    0.258854] ACPI: bus type PCI registered
[    0.258855] acpiphp: ACPI Hot Plug PCI Controller Driver version: 0.5
[    0.258950] PCI: Using configuration type 1 for base access
[    0.259527] audit: type=2000 audit(1768397851.407:1): state=initialized audit_enabled=0 res=1
[    0.259600] HugeTLB registered 2.00 MiB page size, pre-allocated 0 pages
[    0.260358] ACPI: Added _OSI(Module Device)
[    0.260358] ACPI: Added _OSI(Processor Device)
[    0.260359] ACPI: Added _OSI(3.0 _SCP Extensions)
[    0.260360] ACPI: Added _OSI(Processor Aggregator Device)
[    0.260361] ACPI: Added _OSI(Linux-Dell-Video)
[    0.260361] ACPI: Added _OSI(Linux-Lenovo-NV-HDMI-Audio)
[    0.260362] ACPI: Added _OSI(Linux-HPI-Hybrid-Graphics)
[    0.262295] ACPI: 2 ACPI AML tables successfully acquired and loaded
[    0.263814] ACPI: Interpreter enabled
[    0.263823] ACPI: (supports S0 S5)
[    0.263824] ACPI: Using IOAPIC for interrupt routing
[    0.264029] PCI: Using host bridge windows from ACPI; if necessary, use "pci=nocrs" and report a bug
[    0.264134] ACPI: Enabled 2 GPEs in block 00 to 07
[    0.268920] ACPI: PCI Root Bridge [PCI0] (domain 0000 [bus 00-ff])
[    0.268924] acpi PNP0A03:00: _OSC: OS supports [ASPM ClockPM Segments MSI HPX-Type3]
[    0.269366] acpi PNP0A03:00: _OSC: not requesting OS control; OS requires [ExtendedConfig ASPM ClockPM MSI]
[    0.269374] acpi PNP0A03:00: fail to add MMCONFIG information, can't access extended PCI configuration space under this bridge.
[    0.269743] PCI host bridge to bus 0000:00
[    0.269745] pci_bus 0000:00: root bus resource [io  0x0000-0x0cf7 window]
[    0.269746] pci_bus 0000:00: root bus resource [io  0x0d00-0xffff window]
[    0.269748] pci_bus 0000:00: root bus resource [mem 0x000a0000-0x000bffff window]
[    0.269749] pci_bus 0000:00: root bus resource [mem 0x80000000-0xfdffffff window]
[    0.269750] pci_bus 0000:00: root bus resource [bus 00-ff]
[    0.269789] pci 0000:00:00.0: [8086:1237] type 00 class 0x060000
[    0.270716] pci 0000:00:01.0: [8086:7000] type 00 class 0x060100
[    0.271450] pci 0000:00:01.1: [8086:7111] type 00 class 0x01018a
[    0.271823] pci 0000:00:01.1: reg 0x20: [io  0xd000-0xd00f]
[    0.271975] pci 0000:00:01.1: legacy IDE quirk: reg 0x10: [io  0x01f0-0x01f7]
[    0.271976] pci 0000:00:01.1: legacy IDE quirk: reg 0x14: [io  0x03f6]
[    0.271977] pci 0000:00:01.1: legacy IDE quirk: reg 0x18: [io  0x0170-0x0177]
[    0.271978] pci 0000:00:01.1: legacy IDE quirk: reg 0x1c: [io  0x0376]
[    0.272511] pci 0000:00:02.0: [15ad:0405] type 00 class 0x030000
[    0.275485] pci 0000:00:02.0: reg 0x10: [io  0xd010-0xd01f]
[    0.278321] pci 0000:00:02.0: reg 0x14: [mem 0xe0000000-0xe7ffffff pref]
[    0.279533] pci 0000:00:02.0: reg 0x18: [mem 0xf0000000-0xf01fffff]
[    0.291943] pci 0000:00:03.0: [1022:2000] type 00 class 0x020000
[    0.292607] pci 0000:00:03.0: reg 0x10: [io  0xd020-0xd03f]
[    0.293211] pci 0000:00:03.0: reg 0x14: [mem 0xf0200000-0xf0200fff]
[    0.296260] pci 0000:00:04.0: [80ee:cafe] type 00 class 0x088000
[    0.296925] pci 0000:00:04.0: reg 0x10: [io  0xd040-0xd05f]
[    0.297529] pci 0000:00:04.0: reg 0x14: [mem 0xf0400000-0xf07fffff]
[    0.298133] pci 0000:00:04.0: reg 0x18: [mem 0xf0800000-0xf0803fff pref]
[    0.301420] pci 0000:00:07.0: [8086:7113] type 00 class 0x068000
[    0.301962] pci 0000:00:07.0: quirk: [io  0x4000-0x403f] claimed by PIIX4 ACPI
[    0.301973] pci 0000:00:07.0: quirk: [io  0x4100-0x410f] claimed by PIIX4 SMB
[    0.303522] pci 0000:00:08.0: [1022:2000] type 00 class 0x020000
[    0.304187] pci 0000:00:08.0: reg 0x10: [io  0xd060-0xd07f]
[    0.304791] pci 0000:00:08.0: reg 0x14: [mem 0xf0804000-0xf0804fff]
[    0.308253] pci 0000:00:09.0: [8086:100e] type 00 class 0x020000
[    0.308953] pci 0000:00:09.0: reg 0x10: [mem 0xf0820000-0xf083ffff]
[    0.310101] pci 0000:00:09.0: reg 0x18: [io  0xd080-0xd087]
[    0.320429] ACPI: PCI Interrupt Link [LNKA] (IRQs 5 9 10 *11)
[    0.320708] ACPI: PCI Interrupt Link [LNKB] (IRQs 5 9 *10 11)
[    0.320810] ACPI: PCI Interrupt Link [LNKC] (IRQs 5 *9 10 11)
[    0.320909] ACPI: PCI Interrupt Link [LNKD] (IRQs 5 9 10 *11)
[    0.321130] iommu: Default domain type: Translated 
[    0.321185] pci 0000:00:02.0: vgaarb: setting as boot VGA device
[    0.321187] pci 0000:00:02.0: vgaarb: VGA device added: decodes=io+mem,owns=io+mem,locks=none
[    0.321188] pci 0000:00:02.0: vgaarb: bridge control possible
[    0.321189] vgaarb: loaded
[    0.321379] SCSI subsystem initialized
[    0.321407] libata version 3.00 loaded.
[    0.321431] ACPI: bus type USB registered
[    0.321446] usbcore: registered new interface driver usbfs
[    0.321451] usbcore: registered new interface driver hub
[    0.321456] usbcore: registered new device driver usb
[    0.321482] pps_core: LinuxPPS API ver. 1 registered
[    0.321482] pps_core: Software ver. 5.3.6 - Copyright 2005-2007 Rodolfo Giometti <giometti@linux.it>
[    0.321484] PTP clock support registered
[    0.321518] EDAC MC: Ver: 3.0.0
[    0.321800] PCI: Using ACPI for IRQ routing
[    0.321801] PCI: pci_cache_line_size set to 64 bytes
[    0.321965] e820: reserve RAM buffer [mem 0x0009fc00-0x0009ffff]
[    0.321970] e820: reserve RAM buffer [mem 0x7fff0000-0x7fffffff]
[    0.322763] NetLabel: Initializing
[    0.322764] NetLabel:  domain hash size = 128
[    0.322764] NetLabel:  protocols = UNLABELED CIPSOv4 CALIPSO
[    0.323488] NetLabel:  unlabeled traffic allowed by default
[    0.324372] clocksource: Switched to clocksource kvm-clock
[    0.337681] *** VALIDATE bpf ***
[    0.337737] VFS: Disk quotas dquot_6.6.0
[    0.337748] VFS: Dquot-cache hash table entries: 512 (order 0, 4096 bytes)
[    0.337768] *** VALIDATE ramfs ***
[    0.337771] *** VALIDATE hugetlbfs ***
[    0.337851] AppArmor: AppArmor Filesystem Enabled
[    0.337873] pnp: PnP ACPI init
[    0.337929] pnp 00:00: Plug and Play ACPI device, IDs PNP0303 (active)
[    0.337993] pnp 00:01: Plug and Play ACPI device, IDs PNP0f03 (active)
[    0.338728] pnp: PnP ACPI: found 2 devices
[    0.339710] thermal_sys: Registered thermal governor 'fair_share'
[    0.339711] thermal_sys: Registered thermal governor 'bang_bang'
[    0.339711] thermal_sys: Registered thermal governor 'step_wise'
[    0.339712] thermal_sys: Registered thermal governor 'user_space'
[    0.339712] thermal_sys: Registered thermal governor 'power_allocator'
[    0.344242] clocksource: acpi_pm: mask: 0xffffff max_cycles: 0xffffff, max_idle_ns: 2085701024 ns
[    0.344280] pci_bus 0000:00: resource 4 [io  0x0000-0x0cf7 window]
[    0.344281] pci_bus 0000:00: resource 5 [io  0x0d00-0xffff window]
[    0.344282] pci_bus 0000:00: resource 6 [mem 0x000a0000-0x000bffff window]
[    0.344283] pci_bus 0000:00: resource 7 [mem 0x80000000-0xfdffffff window]
[    0.344338] NET: Registered protocol family 2
[    0.344409] IP idents hash table entries: 32768 (order: 6, 262144 bytes, linear)
[    0.344797] MPTCP tokens hash table entries: 8192 (order: 4, 65536 bytes, linear)
[    0.344817] MPTCP request tokens hash table entries: 8192 (order: 4, 65536 bytes, linear)
[    0.344842] default registered
[    0.344842] default registered
[    0.344842] MPTCP: Stable release v0.96
[    0.344848] tcp_listen_portaddr_hash hash table entries: 1024 (order: 2, 16384 bytes, linear)
[    0.344924] TCP established hash table entries: 16384 (order: 5, 131072 bytes, linear)
[    0.344986] TCP bind hash table entries: 16384 (order: 6, 262144 bytes, linear)
[    0.345011] TCP: Hash tables configured (established 16384 bind 16384)
[    0.345701] UDP hash table entries: 1024 (order: 3, 32768 bytes, linear)
[    0.345712] UDP-Lite hash table entries: 1024 (order: 3, 32768 bytes, linear)
[    0.345744] NET: Registered protocol family 1
[    0.345752] NET: Registered protocol family 44
[    0.345771] pci 0000:00:00.0: Limiting direct PCI/PCI transfers
[    0.345783] pci 0000:00:01.0: Activating ISA DMA hang workarounds
[    0.345840] pci 0000:00:02.0: Video device with shadowed ROM at [mem 0x000c0000-0x000dffff]
[    0.345902] PCI: CLS 0 bytes, default 64
[    0.345946] Trying to unpack rootfs image as initramfs...
[    0.511810] Freeing initrd memory: 47868K
[    0.511810] clocksource: tsc: mask: 0xffffffffffffffff max_cycles: 0x1e4530a99b6, max_idle_ns: 440795257976 ns
[    0.511810] clocksource: Switched to clocksource tsc
[    0.511810] platform rtc_cmos: registered platform RTC device (no PNP device found)
[    0.511810] check: Scanning for low memory corruption every 60 seconds
[    0.511810] Initialise system trusted keyrings
[    0.511810] Key type blacklist registered
[    0.511810] workingset: timestamp_bits=36 max_order=19 bucket_order=0
[    0.511810] zbud: loaded
[    0.511810] squashfs: version 4.0 (2009/01/31) Phillip Lougher
[    0.511810] fuse: init (API version 7.31)
[    0.511810] *** VALIDATE fuse ***
[    0.511810] *** VALIDATE fuse ***
[    0.511810] Platform Keyring initialized
[    0.526283] Key type asymmetric registered
[    0.526284] Asymmetric key parser 'x509' registered
[    0.526294] Block layer SCSI generic (bsg) driver version 0.4 loaded (major 244)
[    0.526329] io scheduler mq-deadline registered
[    0.526447] shpchp: Standard Hot Plug PCI Controller Driver version: 0.4
[    0.526660] ACPI: AC Adapter [AC] (on-line)
[    0.526706] input: Power Button as /devices/LNXSYSTM:00/LNXPWRBN:00/input/input0
[    0.526734] ACPI: Power Button [PWRF]
[    0.526824] input: Sleep Button as /devices/LNXSYSTM:00/LNXSLPBN:00/input/input1
[    0.526839] ACPI: Sleep Button [SLPF]
[    0.527091] Serial: 8250/16550 driver, 32 ports, IRQ sharing enabled
[    0.528229] Linux agpgart interface v0.103
[    0.623065] loop: module loaded
[    0.623199] ata_piix 0000:00:01.1: version 2.13
[    0.623590] scsi host0: ata_piix
[    0.623676] scsi host1: ata_piix
[    0.623702] ata1: PATA max UDMA/33 cmd 0x1f0 ctl 0x3f6 bmdma 0xd000 irq 14
[    0.623703] ata2: PATA max UDMA/33 cmd 0x170 ctl 0x376 bmdma 0xd008 irq 15
[    0.623782] tun: Universal TUN/TAP device driver, 1.6
[    0.624084] PPP generic driver version 2.4.2
[    0.624127] VFIO - User Level meta-driver version: 0.3
[    0.624363] ehci_hcd: USB 2.0 'Enhanced' Host Controller (EHCI) Driver
[    0.624368] ehci-pci: EHCI PCI platform driver
[    0.624380] ehci-platform: EHCI generic platform driver
[    0.624386] ohci_hcd: USB 1.1 'Open' Host Controller (OHCI) Driver
[    0.624387] ohci-pci: OHCI PCI platform driver
[    0.624394] ohci-platform: OHCI generic platform driver
[    0.624399] uhci_hcd: USB Universal Host Controller Interface driver
[    0.624460] i8042: PNP: PS/2 Controller [PNP0303:PS2K,PNP0f03:PS2M] at 0x60,0x64 irq 1,12
[    0.624891] serio: i8042 KBD port at 0x60,0x64 irq 1
[    0.624895] serio: i8042 AUX port at 0x60,0x64 irq 12
[    0.624978] mousedev: PS/2 mouse device common for all mice
[    0.625227] input: AT Translated Set 2 keyboard as /devices/platform/i8042/serio0/input/input2
[    0.625619] rtc_cmos rtc_cmos: registered as rtc0
[    0.625632] rtc_cmos rtc_cmos: alarms up to one day, 114 bytes nvram
[    0.625637] i2c /dev entries driver
[    0.625678] device-mapper: uevent: version 1.0.3
[    0.625720] device-mapper: ioctl: 4.41.0-ioctl (2019-09-16) initialised: dm-devel@redhat.com
[    0.625735] platform eisa.0: Probing EISA bus 0
[    0.625736] platform eisa.0: EISA: Cannot allocate resource for mainboard
[    0.625737] platform eisa.0: Cannot allocate resource for EISA slot 1
[    0.625738] platform eisa.0: Cannot allocate resource for EISA slot 2
[    0.625739] platform eisa.0: Cannot allocate resource for EISA slot 3
[    0.625740] platform eisa.0: Cannot allocate resource for EISA slot 4
[    0.625741] platform eisa.0: Cannot allocate resource for EISA slot 5
[    0.625742] platform eisa.0: Cannot allocate resource for EISA slot 6
[    0.625743] platform eisa.0: Cannot allocate resource for EISA slot 7
[    0.625744] platform eisa.0: Cannot allocate resource for EISA slot 8
[    0.625745] platform eisa.0: EISA: Detected 0 cards
[    0.625748] intel_pstate: CPU model not supported
[    0.625756] ledtrig-cpu: registered to indicate activity on CPUs
[    0.625808] drop_monitor: Initializing network drop monitor service
[    0.625966] NET: Registered protocol family 10
[    0.631060] Segment Routing with IPv6
[    0.631091] fullmesh registered
[    0.631092] ndiffports registered
[    0.631094] binder registered
[    0.631095] roundrobin registered
[    0.631095] redundant registered
[    0.631096] blest registered
[    0.631097] ecf registered
[    0.631098] NET: Registered protocol family 17
[    0.631128] Key type dns_resolver registered
[    0.631208] RAS: Correctable Errors collector initialized.
[    0.631208] IPI shorthand broadcast: enabled
[    0.631208] sched_clock: Marking stable (616172442, 11035873)->(627152139, 56176)
[    0.631303] registered taskstats version 1
[    0.631310] Loading compiled-in X.509 certificates
[    0.631896] Loaded X.509 cert 'Build time autogenerated kernel key: 6909f3744cebb3d0de528d5887b96a727de79b1e'
[    0.631914] zswap: loaded using pool lzo/zbud
[    0.631966] Key type ._fscrypt registered
[    0.631966] Key type .fscrypt registered
[    0.636441] Key type big_key registered
[    0.638623] Key type encrypted registered
[    0.638626] AppArmor: AppArmor sha1 policy hashing enabled
[    0.638633] ima: No TPM chip found, activating TPM-bypass!
[    0.638637] ima: Allocated hash algorithm: sha1
[    0.638642] ima: No architecture policies found
[    0.638650] evm: Initialising EVM extended attributes:
[    0.638651] evm: security.selinux
[    0.638651] evm: security.SMACK64
[    0.638652] evm: security.SMACK64EXEC
[    0.638652] evm: security.SMACK64TRANSMUTE
[    0.638653] evm: security.SMACK64MMAP
[    0.638653] evm: security.apparmor
[    0.638654] evm: security.ima
[    0.638654] evm: security.capability
[    0.638655] evm: HMAC attrs: 0x1
[    0.638944] PM:   Magic number: 10:829:651
[    0.638970] acpi PNP0A03:00: hash matches
[    0.639059] rtc_cmos rtc_cmos: setting system clock to 2026-01-14T21:37:26 UTC (1768426646)
[    0.796273] ata1.00: ATA-6: VBOX HARDDISK, 1.0, max UDMA/133
[    0.796277] ata1.00: 209715200 sectors, multi 128: LBA 
[    0.797073] scsi 0:0:0:0: Direct-Access     ATA      VBOX HARDDISK    1.0  PQ: 0 ANSI: 5
[    0.797423] sd 0:0:0:0: [sda] 209715200 512-byte logical blocks: (107 GB/100 GiB)
[    0.797440] sd 0:0:0:0: [sda] Write Protect is off
[    0.797444] sd 0:0:0:0: [sda] Mode Sense: 00 3a 00 00
[    0.797470] sd 0:0:0:0: [sda] Write cache: enabled, read cache: enabled, doesn't support DPO or FUA
[    0.797737] sd 0:0:0:0: Attached scsi generic sg0 type 0
[    0.798843]  sda: sda1 sda2
[    0.811336] sd 0:0:0:0: [sda] Attached SCSI disk
[    0.816564] Freeing unused decrypted memory: 2040K
[    0.817901] Freeing unused kernel image memory: 2728K
[    0.817905] Write protecting the kernel read-only data: 22528k
[    0.819401] Freeing unused kernel image memory: 2036K
[    0.820183] Freeing unused kernel image memory: 1432K
[    0.855767] x86/mm: Checked W+X mappings: passed, no W+X pages found.
[    0.855771] Run /init as init process
[    0.961791] ACPI: Video Device [GFX0] (multi-head: yes  rom: no  post: no)
[    0.961859] input: Video Bus as /devices/LNXSYSTM:00/LNXSYBUS:00/PNP0A03:00/LNXVIDEO:00/input/input4
[    0.972708] pcnet32: pcnet32.c:v1.35 21.Apr.2008 tsbogend@alpha.franken.de
[    0.974621] pcnet32: PCnet/FAST III 79C973 at 0xd020, 08:00:27:fb:e7:29 assigned IRQ 19
[    0.974663] pcnet32: Found PHY 0022:561b at address 0
[    0.974957] pcnet32: eth0: registered as PCnet/FAST III 79C973
[    0.976842] piix4_smbus 0000:00:07.0: SMBus Host Controller at 0x4100, revision 0
[    0.980981] e1000: Intel(R) PRO/1000 Network Driver - version 7.3.21-k8-NAPI
[    0.980982] e1000: Copyright (c) 1999-2006 Intel Corporation.
[    0.990668] pcnet32: PCnet/FAST III 79C973 at 0xd060, 08:00:27:b5:74:7a assigned IRQ 16
[    0.990710] pcnet32: Found PHY 0022:561b at address 0
[    0.991022] pcnet32: eth1: registered as PCnet/FAST III 79C973
[    0.996994] pcnet32: 2 cards_found
[    1.052953] pcnet32 0000:00:03.0 enp0s3: renamed from eth0
[    1.056295] pcnet32 0000:00:08.0 enp0s8: renamed from eth1
[    1.193321] input: ImExPS/2 Generic Explorer Mouse as /devices/platform/i8042/serio1/input/input5
[    1.387242] e1000 0000:00:09.0 eth0: (PCI:33MHz:32-bit) 08:00:27:ef:6a:35
[    1.387246] e1000 0000:00:09.0 eth0: Intel(R) PRO/1000 Network Connection
[    1.388181] e1000 0000:00:09.0 enp0s9: renamed from eth0
[    1.544993] EXT4-fs (sda2): mounted filesystem with ordered data mode. Opts: (null)
[    1.634369] systemd[1]: Inserted module 'autofs4'
[    1.646076] systemd[1]: systemd 245.4-4ubuntu3 running in system mode. (+PAM +AUDIT +SELINUX +IMA +APPARMOR +SMACK +SYSVINIT +UTMP +LIBCRYPTSETUP +GCRYPT +GNUTLS +ACL +XZ +LZ4 +SECCOMP +BLKID +ELFUTILS +KMOD +IDN2 -IDN +PCRE2 default-hierarchy=hybrid)
[    1.646105] systemd[1]: Detected virtualization oracle.
[    1.646108] systemd[1]: Detected architecture x86-64.
[    1.647459] systemd[1]: Set hostname to <ztg>.
[    1.769762] systemd[1]: /lib/systemd/system/dbus.socket:5: ListenStream= references a path below legacy directory /var/run/, updating /var/run/dbus/system_bus_socket â†’ /run/dbus/system_bus_socket; please update the unit file accordingly.
[    1.821443] systemd[1]: Created slice system-modprobe.slice.
[    1.821621] systemd[1]: Created slice User and Session Slice.
[    1.821661] systemd[1]: Started Forward Password Requests to Wall Directory Watch.
[    1.821808] systemd[1]: Set up automount Arbitrary Executable File Formats File System Automount Point.
[    1.821842] systemd[1]: Reached target User and Group Name Lookups.
[    1.821851] systemd[1]: Reached target Remote File Systems.
[    1.821859] systemd[1]: Reached target Slices.
[    1.822404] systemd[1]: Listening on Syslog Socket.
[    1.822468] systemd[1]: Listening on fsck to fsckd communication Socket.
[    1.822505] systemd[1]: Listening on initctl Compatibility Named Pipe.
[    1.822648] systemd[1]: Listening on Journal Audit Socket.
[    1.822703] systemd[1]: Listening on Journal Socket (/dev/log).
[    1.822768] systemd[1]: Listening on Journal Socket.
[    1.822833] systemd[1]: Listening on udev Control Socket.
[    1.822871] systemd[1]: Listening on udev Kernel Socket.
[    1.823611] systemd[1]: Mounting Huge Pages File System...
[    1.824473] systemd[1]: Mounting POSIX Message Queue File System...
[    1.825301] systemd[1]: Mounting Kernel Debug File System...
[    1.826098] systemd[1]: Mounting Kernel Trace File System...
[    1.827913] systemd[1]: Starting Journal Service...
[    1.849196] systemd[1]: Starting Set the console keyboard layout...
[    1.857031] systemd[1]: Starting Create list of static device nodes for the current kernel...
[    1.858773] systemd[1]: Starting Load Kernel Module drm...
[    1.859820] systemd[1]: Condition check resulted in Set Up Additional Binary Formats being skipped.
[    1.859868] systemd[1]: Condition check resulted in File System Check on Root Device being skipped.
[    1.871783] systemd[1]: Starting Load Kernel Modules...
[    1.879296] systemd[1]: Starting Remount Root and Kernel File Systems...
[    1.884469] systemd[1]: Starting udev Coldplug all Devices...
[    1.897070] systemd[1]: Starting Uncomplicated firewall...
[    1.898209] systemd[1]: Mounted Huge Pages File System.
[    1.898289] systemd[1]: Mounted POSIX Message Queue File System.
[    1.898357] systemd[1]: Mounted Kernel Debug File System.
[    1.898421] systemd[1]: Mounted Kernel Trace File System.
[    1.921017] EXT4-fs (sda2): re-mounted. Opts: errors=remount-ro
[    1.940348] systemd[1]: Finished Create list of static device nodes for the current kernel.
[    1.941351] systemd[1]: modprobe@drm.service: Succeeded.
[    1.941718] systemd[1]: Finished Load Kernel Module drm.
[    1.947919] systemd[1]: Finished Remount Root and Kernel File Systems.
[    1.948718] systemd[1]: Finished Uncomplicated firewall.
[    1.950350] lp: driver loaded but no devices found
[    1.967098] systemd[1]: Condition check resulted in Rebuild Hardware Database being skipped.
[    1.967132] systemd[1]: Condition check resulted in Platform Persistent Storage Archival being skipped.
[    1.967745] systemd[1]: Starting Load/Save Random Seed...
[    1.972827] systemd[1]: Starting Create System Users...
[    1.978774] ppdev: user-space parallel port driver
[    1.985188] systemd[1]: Finished Load/Save Random Seed.
[    1.989026] systemd[1]: Finished Create System Users.
[    1.989690] systemd[1]: Starting Create Static Device Nodes in /dev...
[    2.029859] systemd[1]: Finished udev Coldplug all Devices.
[    2.033124] systemd[1]: Finished Create Static Device Nodes in /dev.
[    2.033846] systemd[1]: Starting udev Kernel Device Manager...
[    2.083563] [drm] DMA map mode: Caching DMA mappings.
[    2.083624] [drm] Capabilities:
[    2.083624] [drm]   Rect copy.
[    2.083625] [drm]   Cursor.
[    2.083625] [drm]   Cursor bypass.
[    2.083626] [drm]   Cursor bypass 2.
[    2.083626] [drm]   Alpha cursor.
[    2.083626] [drm]   Extended Fifo.
[    2.083627] [drm]   Pitchlock.
[    2.083627] [drm]   Irq mask.
[    2.083627] [drm]   GMR.
[    2.083628] [drm]   Traces.
[    2.083628] [drm]   GMR2.
[    2.083628] [drm]   Screen Object 2.
[    2.083629] [drm]   Command Buffers.
[    2.083629] [drm]   Command Buffers 2.
[    2.083629] [drm]   Guest Backed Resources.
[    2.083630] [drm] Max GMR ids is 8192
[    2.083631] [drm] Max number of GMR pages is 1048576
[    2.083631] [drm] Max dedicated hypervisor surface memory is 393216 kiB
[    2.083632] [drm] Maximum display memory size is 131072 kiB
[    2.083633] [drm] VRAM at 0xe0000000 size is 131072 kiB
[    2.083633] [drm] MMIO at 0xf0000000 size is 2048 kiB
[    2.084122] [TTM] Zone  kernel: Available graphics memory: 1011738 KiB
[    2.084122] [TTM] Initializing pool allocator
[    2.084125] [TTM] Initializing DMA pool allocator
[    2.084455] [drm] Supports vblank timestamp caching Rev 2 (21.10.2013).
[    2.084456] [drm] No driver support for vblank timestamp query.
[    2.084688] [drm] Screen Target Display device initialized
[    2.084868] [drm] width 720
[    2.084877] [drm] height 400
[    2.084880] [drm] bpp 32
[    2.085367] [drm] Fifo max 0x00200000 min 0x00001000 cap 0x00000355
[    2.086424] [drm] Using command buffers with DMA pool.
[    2.086427] [drm] DX: no.
[    2.086428] [drm] Atomic: yes.
[    2.086428] [drm] SM4_1: no.
[    2.086446] [drm:vmw_host_log [vmwgfx]] *ERROR* Failed to send host log message.
[    2.098383] [drm:vmw_host_log [vmwgfx]] *ERROR* Failed to send host log message.
[    2.108337] fbcon: svgadrmfb (fb0) is primary device
[    2.110438] Console: switching to colour frame buffer device 100x37
[    2.113188] systemd[1]: Finished Set the console keyboard layout.
[    2.113350] systemd[1]: Reached target Local File Systems (Pre).
[    2.116299] [drm] Initialized vmwgfx 2.15.0 20180704 for 0000:00:02.0 on minor 0
[    2.118020] systemd[1]: Mounting Mount unit for bare, revision 5...
[    2.120624] systemd[1]: Mounting Mount unit for core18, revision 1705...
[    2.144899] systemd[1]: Mounting Mount unit for gnome-3-34-1804, revision 24...
[    2.153018] systemd[1]: Mounting Mount unit for gtk-common-themes, revision 1506...
[    2.165122] systemd[1]: Mounting Mount unit for gtk-common-themes, revision 1535...
[    2.166944] systemd[1]: Mounting Mount unit for snap-store, revision 433...
[    2.173436] systemd[1]: Mounting Mount unit for snapd, revision 25935...
[    2.181188] systemd[1]: Finished Load Kernel Modules.
[    2.196325] systemd[1]: Mounting FUSE Control File System...
[    2.201167] systemd[1]: Mounting Kernel Configuration File System...
[    2.205503] systemd[1]: Starting Apply Kernel Variables...
[    2.224676] systemd[1]: Mounted FUSE Control File System.
[    2.224740] systemd[1]: Condition check resulted in VMware vmblock fuse mount being skipped.
[    2.232256] systemd[1]: Mounted Mount unit for bare, revision 5.
[    2.232343] systemd[1]: Mounted Kernel Configuration File System.
[    2.238711] systemd[1]: Finished Apply Kernel Variables.
[    2.240475] systemd[1]: Mounted Mount unit for core18, revision 1705.
[    2.240560] systemd[1]: Mounted Mount unit for gnome-3-34-1804, revision 24.
[    2.245110] systemd[1]: Started udev Kernel Device Manager.
[    2.247005] systemd[1]: Starting Show Plymouth Boot Screen...
[    2.251101] systemd[1]: Received SIGRTMIN+20 from PID 282 (plymouthd).
[    2.258141] systemd[1]: Mounted Mount unit for gtk-common-themes, revision 1506.
[    2.292549] systemd[1]: Mounted Mount unit for gtk-common-themes, revision 1535.
[    2.292768] systemd[1]: Mounted Mount unit for snap-store, revision 433.
[    2.292940] systemd[1]: Mounted Mount unit for snapd, revision 25935.
[    2.293106] systemd[1]: Started Show Plymouth Boot Screen.
[    2.293273] systemd[1]: Condition check resulted in Dispatch Password Requests to Console Directory Watch being skipped.
[    2.293351] systemd[1]: Started Forward Password Requests to Plymouth Directory Watch.
[    2.293415] systemd[1]: Reached target Local Encrypted Volumes.
[    2.293469] systemd[1]: Reached target Local File Systems.
[    2.306769] systemd[1]: Starting Load AppArmor profiles...
[    2.307552] systemd[1]: Starting Set console font and keymap...
[    2.316896] systemd[1]: Starting Tell Plymouth To Write Out Runtime Data...
[    2.318217] systemd[1]: Condition check resulted in Store a System Token in an EFI Variable being skipped.
[    2.318245] systemd[1]: Condition check resulted in Commit a transient machine-id on disk being skipped.
[    2.319505] systemd[1]: Finished Set console font and keymap.
[    2.324006] systemd[1]: Received SIGRTMIN+20 from PID 282 (plymouthd).
[    2.325369] systemd[1]: plymouth-read-write.service: Succeeded.
[    2.325601] systemd[1]: Finished Tell Plymouth To Write Out Runtime Data.
[    2.350784] audit: type=1400 audit(1768426648.208:2): apparmor="STATUS" operation="profile_load" profile="unconfined" name="nvidia_modprobe" pid=301 comm="apparmor_parser"
[    2.350786] audit: type=1400 audit(1768426648.208:3): apparmor="STATUS" operation="profile_load" profile="unconfined" name="nvidia_modprobe//kmod" pid=301 comm="apparmor_parser"
[    2.360500] audit: type=1400 audit(1768426648.220:4): apparmor="STATUS" operation="profile_load" profile="unconfined" name="/usr/sbin/tcpdump" pid=302 comm="apparmor_parser"
[    2.407692] audit: type=1400 audit(1768426648.260:5): apparmor="STATUS" operation="profile_load" profile="unconfined" name="/usr/bin/evince" pid=304 comm="apparmor_parser"
[    2.407693] audit: type=1400 audit(1768426648.260:6): apparmor="STATUS" operation="profile_load" profile="unconfined" name="/usr/bin/evince//sanitized_helper" pid=304 comm="apparmor_parser"
[    2.407695] audit: type=1400 audit(1768426648.260:7): apparmor="STATUS" operation="profile_load" profile="unconfined" name="/usr/bin/evince-previewer" pid=304 comm="apparmor_parser"
[    2.407696] audit: type=1400 audit(1768426648.260:8): apparmor="STATUS" operation="profile_load" profile="unconfined" name="/usr/bin/evince-previewer//sanitized_helper" pid=304 comm="apparmor_parser"
[    2.407699] audit: type=1400 audit(1768426648.260:9): apparmor="STATUS" operation="profile_load" profile="unconfined" name="/usr/bin/evince-thumbnailer" pid=304 comm="apparmor_parser"
[    2.422550] audit: type=1400 audit(1768426648.280:10): apparmor="STATUS" operation="profile_load" profile="unconfined" name="/usr/lib/cups/backend/cups-pdf" pid=305 comm="apparmor_parser"
[    2.500468] systemd[1]: Finished Load AppArmor profiles.
[    2.501367] systemd[1]: Starting Load AppArmor profiles managed internally by snapd...
[    2.608868] systemd[1]: Finished Load AppArmor profiles managed internally by snapd.
[    2.793642] systemd[1]: Started Journal Service.
[    2.801014] systemd-journald[229]: Received client request to flush runtime journal.
[    2.805684] systemd-journald[229]: File /var/log/journal/c455b248004a419c87ce85eea238d727/system.journal corrupted or uncleanly shut down, renaming and replacing.
[    3.995646] RAPL PMU: API unit is 2^-32 Joules, 0 fixed counters, 10737418240 ms ovfl timer
[    4.037657] cryptd: max_cpu_qlen set to 1000
[    4.065526] AVX2 version of gcm_enc/dec engaged.
[    4.065527] AES CTR mode by8 optimization enabled
[    6.040487] Adding 1998844k swap on /dev/sda1.  Priority:-2 extents:1 across:1998844k FS
[    7.397260] kauditd_printk_skb: 30 callbacks suppressed
[    7.397262] audit: type=1400 audit(1768426653.248:41): apparmor="DENIED" operation="capable" profile="/usr/sbin/cups-browsed" pid=508 comm="cups-browsed" capability=23  capname="sys_nice"
[    8.497715] pcnet32 0000:00:03.0 enp0s3: link up, 100Mbps, full-duplex
[    8.518820] pcnet32 0000:00:08.0 enp0s8: link up, 100Mbps, full-duplex
[    8.555486] e1000: enp0s9 NIC Link is Up 1000 Mbps Full Duplex, Flow Control: RX
[    8.555764] IPv6: ADDRCONF(NETDEV_CHANGE): enp0s9: link becomes ready
[    9.126907] device enp0s3 entered promiscuous mode
[    9.130944] device enp0s8 entered promiscuous mode
[    9.180450] audit: type=1400 audit(1768426655.040:42): apparmor="DENIED" operation="open" profile="/usr/sbin/tcpdump" name="/proc/sys/kernel/random/boot_id" pid=634 comm="tcpdump" requested_mask="r" denied_mask="r" fsuid=0 ouid=0
[    9.180754] audit: type=1400 audit(1768426655.040:43): apparmor="DENIED" operation="open" profile="/usr/sbin/tcpdump" name="/proc/sys/kernel/random/boot_id" pid=634 comm="tcpdump" requested_mask="r" denied_mask="r" fsuid=0 ouid=0
[    9.180808] audit: type=1400 audit(1768426655.040:44): apparmor="DENIED" operation="open" profile="/usr/sbin/tcpdump" name="/proc/sys/kernel/random/boot_id" pid=634 comm="tcpdump" requested_mask="r" denied_mask="r" fsuid=0 ouid=0
[    9.180868] audit: type=1400 audit(1768426655.040:45): apparmor="DENIED" operation="open" profile="/usr/sbin/tcpdump" name="/proc/sys/kernel/random/boot_id" pid=634 comm="tcpdump" requested_mask="r" denied_mask="r" fsuid=0 ouid=0
[    9.189560] audit: type=1400 audit(1768426655.048:46): apparmor="DENIED" operation="open" profile="/usr/sbin/tcpdump" name="/proc/sys/kernel/random/boot_id" pid=635 comm="tcpdump" requested_mask="r" denied_mask="r" fsuid=0 ouid=0
[    9.190117] audit: type=1400 audit(1768426655.048:47): apparmor="DENIED" operation="open" profile="/usr/sbin/tcpdump" name="/proc/sys/kernel/random/boot_id" pid=635 comm="tcpdump" requested_mask="r" denied_mask="r" fsuid=0 ouid=0
[    9.190433] audit: type=1400 audit(1768426655.048:48): apparmor="DENIED" operation="open" profile="/usr/sbin/tcpdump" name="/proc/sys/kernel/random/boot_id" pid=635 comm="tcpdump" requested_mask="r" denied_mask="r" fsuid=0 ouid=0
[    9.190639] audit: type=1400 audit(1768426655.048:49): apparmor="DENIED" operation="open" profile="/usr/sbin/tcpdump" name="/proc/sys/kernel/random/boot_id" pid=635 comm="tcpdump" requested_mask="r" denied_mask="r" fsuid=0 ouid=0
[    9.191155] audit: type=1400 audit(1768426655.048:50): apparmor="DENIED" operation="open" profile="/usr/sbin/tcpdump" name="/proc/sys/kernel/random/boot_id" pid=636 comm="tcpdump" requested_mask="r" denied_mask="r" fsuid=0 ouid=0
[   15.218191] rfkill: input handler disabled
[  257.127899] AAAAA-TCP_RECV: name:enp0s3: saddr:100932208: daddr:16783984: srtt_us:0: RTT:0: ssthresh:2147483647: cwnd:10: delivered:0: lost:0: retrans:0
[  257.127954] AAAAA-TCP_SEND: name:enp0s3: saddr:16783984: daddr:100932208: srtt_us:0: RTT:0: ssthresh:0: cwnd:0: delivered:0: lost:0: retrans:0
[  257.400328] AAAAA-TCP_SEND: name:enp0s3: saddr:16783984: daddr:100932208: srtt_us:0: RTT:0: ssthresh:0: cwnd:0: delivered:0: lost:0: retrans:0
[  257.903374] AAAAA-TCP_SEND: name:enp0s3: saddr:16783984: daddr:100932208: srtt_us:6208000: RTT:776000: ssthresh:2147483647: cwnd:10: delivered:1: lost:0: retrans:1
[  258.085714] AAAAA-TCP_RECV: name:enp0s3: saddr:100932208: daddr:16783984: srtt_us:6208000: RTT:776000: ssthresh:2147483647: cwnd:10: delivered:1: lost:0: retrans:1
[  258.085770] AAAAA-TCP_SEND: name:enp0s3: saddr:16783984: daddr:100932208: srtt_us:6208000: RTT:776000: ssthresh:2147483647: cwnd:10: delivered:1: lost:0: retrans:1
[  258.086359] AAAAA-TCP_SEND: name:enp0s3: saddr:16783984: daddr:100932208: srtt_us:6208000: RTT:776000: ssthresh:2147483647: cwnd:10: delivered:1: lost:0: retrans:1
[  258.167798] AAAAA-TCP_RECV: name:enp0s3: saddr:100932208: daddr:16783984: srtt_us:6208000: RTT:776000: ssthresh:2147483647: cwnd:10: delivered:1: lost:0: retrans:1
[  258.592578] AAAAA-TCP_RECV: name:enp0s3: saddr:100932208: daddr:33561200: srtt_us:0: RTT:0: ssthresh:2147483647: cwnd:10: delivered:0: lost:0: retrans:0
[  258.592640] AAAAA-TCP_SEND: name:enp0s3: saddr:33561200: daddr:100932208: srtt_us:0: RTT:0: ssthresh:0: cwnd:0: delivered:0: lost:0: retrans:0
[  258.674972] AAAAA-TCP_RECV: name:enp0s3: saddr:100932208: daddr:16783984: srtt_us:6208000: RTT:776000: ssthresh:2147483647: cwnd:10: delivered:1: lost:0: retrans:1
[  258.762533] AAAAA-TCP_RECV: name:enp0s3: saddr:100932208: daddr:16783984: srtt_us:6020640: RTT:752580: ssthresh:2147483647: cwnd:10: delivered:2: lost:0: retrans:1
[  258.762582] AAAAA-TCP_SEND: name:enp0s3: saddr:16783984: daddr:100932208: srtt_us:6020640: RTT:752580: ssthresh:2147483647: cwnd:10: delivered:2: lost:0: retrans:1
[  258.998845] AAAAA-TCP_SEND: name:enp0s3: saddr:33561200: daddr:100932208: srtt_us:3249448: RTT:406181: ssthresh:2147483647: cwnd:10: delivered:1: lost:0: retrans:0
[  259.086537] AAAAA-TCP_RECV: name:enp0s3: saddr:100932208: daddr:16783984: srtt_us:6020640: RTT:752580: ssthresh:2147483647: cwnd:10: delivered:2: lost:0: retrans:1
[  259.086583] AAAAA-TCP_SEND: name:enp0s3: saddr:16783984: daddr:100932208: srtt_us:6020640: RTT:752580: ssthresh:2147483647: cwnd:10: delivered:2: lost:0: retrans:1
[  259.086875] AAAAA-TCP_SEND: name:enp0s3: saddr:33561200: daddr:100932208: srtt_us:3249448: RTT:406181: ssthresh:2147483647: cwnd:10: delivered:1: lost:0: retrans:0
[  259.496262] AAAAA-TCP_RECV: name:enp0s3: saddr:100932208: daddr:33561200: srtt_us:3249448: RTT:406181: ssthresh:2147483647: cwnd:10: delivered:1: lost:0: retrans:0
[  259.529947] AAAAA-TCP_RECV: name:enp0s3: saddr:100932208: daddr:16783984: srtt_us:0: RTT:0: ssthresh:2147483647: cwnd:10: delivered:0: lost:0: retrans:0
[  259.529992] AAAAA-TCP_SEND: name:enp0s3: saddr:16783984: daddr:100932208: srtt_us:0: RTT:0: ssthresh:0: cwnd:0: delivered:0: lost:0: retrans:0
[  259.622295] AAAAA-TCP_SEND: name:enp0s3: saddr:16783984: daddr:100932208: srtt_us:738224: RTT:92278: ssthresh:2147483647: cwnd:10: delivered:1: lost:0: retrans:0
[  259.682181] AAAAA-TCP_RECV: name:enp0s3: saddr:100932208: daddr:16783984: srtt_us:738224: RTT:92278: ssthresh:2147483647: cwnd:10: delivered:1: lost:0: retrans:0
[  259.682230] AAAAA-TCP_SEND: name:enp0s3: saddr:16783984: daddr:100932208: srtt_us:738224: RTT:92278: ssthresh:2147483647: cwnd:10: delivered:1: lost:0: retrans:0
[  259.683450] AAAAA-TCP_SEND: name:enp0s3: saddr:33561200: daddr:100932208: srtt_us:3252681: RTT:406585: ssthresh:2147483647: cwnd:10: delivered:2: lost:0: retrans:0
[  259.872193] AAAAA-TCP_RECV: name:enp0s3: saddr:100932208: daddr:33561200: srtt_us:0: RTT:0: ssthresh:2147483647: cwnd:10: delivered:0: lost:0: retrans:0
[  259.872270] AAAAA-TCP_SEND: name:enp0s3: saddr:33561200: daddr:100932208: srtt_us:0: RTT:0: ssthresh:0: cwnd:0: delivered:0: lost:0: retrans:0
[  260.135033] AAAAA-TCP_RECV: name:enp0s3: saddr:100932208: daddr:33561200: srtt_us:3252681: RTT:406585: ssthresh:2147483647: cwnd:10: delivered:2: lost:0: retrans:0
[  260.135097] AAAAA-TCP_SEND: name:enp0s3: saddr:33561200: daddr:100932208: srtt_us:3252681: RTT:406585: ssthresh:2147483647: cwnd:10: delivered:2: lost:0: retrans:0
[  260.208679] AAAAA-TCP_SEND: name:enp0s3: saddr:33561200: daddr:100932208: srtt_us:2691144: RTT:336393: ssthresh:2147483647: cwnd:10: delivered:1: lost:0: retrans:0
[  260.675858] AAAAA-TCP_RECV: name:enp0s3: saddr:100932208: daddr:33561200: srtt_us:3297734: RTT:412216: ssthresh:2147483647: cwnd:10: delivered:3: lost:0: retrans:0
[  260.719239] AAAAA-TCP_RECV: name:enp0s3: saddr:100932208: daddr:16783984: srtt_us:738224: RTT:92278: ssthresh:2147483647: cwnd:10: delivered:1: lost:0: retrans:0
[  260.719284] AAAAA-TCP_SEND: name:enp0s3: saddr:16783984: daddr:100932208: srtt_us:738224: RTT:92278: ssthresh:2147483647: cwnd:10: delivered:1: lost:0: retrans:0
[  260.817374] AAAAA-TCP_RECV: name:enp0s3: saddr:100932208: daddr:16783984: srtt_us:738224: RTT:92278: ssthresh:2147483647: cwnd:10: delivered:1: lost:0: retrans:0
[  260.817425] AAAAA-TCP_SEND: name:enp0s3: saddr:16783984: daddr:100932208: srtt_us:738224: RTT:92278: ssthresh:2147483647: cwnd:10: delivered:1: lost:0: retrans:0
[  260.912960] AAAAA-TCP_RECV: name:enp0s3: saddr:100932208: daddr:16783984: srtt_us:738224: RTT:92278: ssthresh:2147483647: cwnd:10: delivered:1: lost:0: retrans:0
[  260.912999] AAAAA-TCP_SEND: name:enp0s3: saddr:16783984: daddr:100932208: srtt_us:738224: RTT:92278: ssthresh:2147483647: cwnd:10: delivered:1: lost:0: retrans:0
[  260.987931] AAAAA-TCP_RECV: name:enp0s3: saddr:100932208: daddr:16783984: srtt_us:738224: RTT:92278: ssthresh:2147483647: cwnd:10: delivered:1: lost:0: retrans:0
[  260.987972] AAAAA-TCP_SEND: name:enp0s3: saddr:16783984: daddr:100932208: srtt_us:738224: RTT:92278: ssthresh:2147483647: cwnd:10: delivered:1: lost:0: retrans:0
[  261.061176] AAAAA-TCP_RECV: name:enp0s3: saddr:100932208: daddr:16783984: srtt_us:738224: RTT:92278: ssthresh:2147483647: cwnd:10: delivered:1: lost:0: retrans:0
[  261.061222] AAAAA-TCP_SEND: name:enp0s3: saddr:16783984: daddr:100932208: srtt_us:738224: RTT:92278: ssthresh:2147483647: cwnd:10: delivered:1: lost:0: retrans:0
[  261.173717] AAAAA-TCP_RECV: name:enp0s3: saddr:100932208: daddr:16783984: srtt_us:738224: RTT:92278: ssthresh:2147483647: cwnd:10: delivered:1: lost:0: retrans:0
[  261.173759] AAAAA-TCP_SEND: name:enp0s3: saddr:16783984: daddr:100932208: srtt_us:738224: RTT:92278: ssthresh:2147483647: cwnd:10: delivered:1: lost:0: retrans:0
[  261.267956] AAAAA-TCP_RECV: name:enp0s3: saddr:100932208: daddr:16783984: srtt_us:738224: RTT:92278: ssthresh:2147483647: cwnd:10: delivered:1: lost:0: retrans:0
[  261.267997] AAAAA-TCP_SEND: name:enp0s3: saddr:16783984: daddr:100932208: srtt_us:738224: RTT:92278: ssthresh:2147483647: cwnd:10: delivered:1: lost:0: retrans:0
[  261.337893] AAAAA-TCP_RECV: name:enp0s3: saddr:100932208: daddr:16783984: srtt_us:738224: RTT:92278: ssthresh:2147483647: cwnd:10: delivered:1: lost:0: retrans:0
[  261.337927] AAAAA-TCP_SEND: name:enp0s3: saddr:16783984: daddr:100932208: srtt_us:738224: RTT:92278: ssthresh:2147483647: cwnd:10: delivered:1: lost:0: retrans:0
[  261.486099] AAAAA-TCP_RECV: name:enp0s3: saddr:100932208: daddr:16783984: srtt_us:738224: RTT:92278: ssthresh:2147483647: cwnd:10: delivered:1: lost:0: retrans:0
[  261.486136] AAAAA-TCP_SEND: name:enp0s3: saddr:16783984: daddr:100932208: srtt_us:738224: RTT:92278: ssthresh:2147483647: cwnd:10: delivered:1: lost:0: retrans:0
[  261.610978] AAAAA-TCP_RECV: name:enp0s3: saddr:100932208: daddr:16783984: srtt_us:738224: RTT:92278: ssthresh:2147483647: cwnd:10: delivered:1: lost:0: retrans:0
[  261.611022] AAAAA-TCP_SEND: name:enp0s3: saddr:16783984: daddr:100932208: srtt_us:738224: RTT:92278: ssthresh:2147483647: cwnd:10: delivered:1: lost:0: retrans:0
[  261.729648] AAAAA-TCP_RECV: name:enp0s3: saddr:100932208: daddr:33561200: srtt_us:2691144: RTT:336393: ssthresh:2147483647: cwnd:10: delivered:1: lost:0: retrans:0
[  261.729690] AAAAA-TCP_SEND: name:enp0s3: saddr:33561200: daddr:100932208: srtt_us:2691144: RTT:336393: ssthresh:2147483647: cwnd:10: delivered:1: lost:0: retrans:0
[  261.814456] AAAAA-TCP_RECV: name:enp0s3: saddr:100932208: daddr:33561200: srtt_us:2691144: RTT:336393: ssthresh:2147483647: cwnd:10: delivered:1: lost:0: retrans:0
[  261.814487] AAAAA-TCP_SEND: name:enp0s3: saddr:33561200: daddr:100932208: srtt_us:2691144: RTT:336393: ssthresh:2147483647: cwnd:10: delivered:1: lost:0: retrans:0
[  261.925803] AAAAA-TCP_RECV: name:enp0s3: saddr:100932208: daddr:33561200: srtt_us:2691144: RTT:336393: ssthresh:2147483647: cwnd:10: delivered:1: lost:0: retrans:0
[  261.925832] AAAAA-TCP_SEND: name:enp0s3: saddr:33561200: daddr:100932208: srtt_us:2691144: RTT:336393: ssthresh:2147483647: cwnd:10: delivered:1: lost:0: retrans:0
[  262.037600] AAAAA-TCP_RECV: name:enp0s3: saddr:100932208: daddr:33561200: srtt_us:2691144: RTT:336393: ssthresh:2147483647: cwnd:10: delivered:1: lost:0: retrans:0
[  262.037639] AAAAA-TCP_SEND: name:enp0s3: saddr:33561200: daddr:100932208: srtt_us:2691144: RTT:336393: ssthresh:2147483647: cwnd:10: delivered:1: lost:0: retrans:0
[  262.131769] AAAAA-TCP_RECV: name:enp0s3: saddr:100932208: daddr:33561200: srtt_us:2691144: RTT:336393: ssthresh:2147483647: cwnd:10: delivered:1: lost:0: retrans:0
[  262.131811] AAAAA-TCP_SEND: name:enp0s3: saddr:33561200: daddr:100932208: srtt_us:2691144: RTT:336393: ssthresh:2147483647: cwnd:10: delivered:1: lost:0: retrans:0
[  262.278942] AAAAA-TCP_RECV: name:enp0s3: saddr:100932208: daddr:33561200: srtt_us:2691144: RTT:336393: ssthresh:2147483647: cwnd:10: delivered:1: lost:0: retrans:0
[  262.278986] AAAAA-TCP_SEND: name:enp0s3: saddr:33561200: daddr:100932208: srtt_us:2691144: RTT:336393: ssthresh:2147483647: cwnd:10: delivered:1: lost:0: retrans:0
[  262.460812] AAAAA-TCP_RECV: name:enp0s3: saddr:100932208: daddr:33561200: srtt_us:2691144: RTT:336393: ssthresh:2147483647: cwnd:10: delivered:1: lost:0: retrans:0
[  262.460855] AAAAA-TCP_SEND: name:enp0s3: saddr:33561200: daddr:100932208: srtt_us:2691144: RTT:336393: ssthresh:2147483647: cwnd:10: delivered:1: lost:0: retrans:0
[  262.537152] AAAAA-TCP_RECV: name:enp0s3: saddr:100932208: daddr:33561200: srtt_us:2691144: RTT:336393: ssthresh:2147483647: cwnd:10: delivered:1: lost:0: retrans:0
[  262.537189] AAAAA-TCP_SEND: name:enp0s3: saddr:33561200: daddr:100932208: srtt_us:2691144: RTT:336393: ssthresh:2147483647: cwnd:10: delivered:1: lost:0: retrans:0
[  262.607122] AAAAA-TCP_RECV: name:enp0s3: saddr:100932208: daddr:33561200: srtt_us:2691144: RTT:336393: ssthresh:2147483647: cwnd:10: delivered:1: lost:0: retrans:0
[  262.607144] AAAAA-TCP_SEND: name:enp0s3: saddr:33561200: daddr:100932208: srtt_us:2691144: RTT:336393: ssthresh:2147483647: cwnd:10: delivered:1: lost:0: retrans:0
[  262.753478] AAAAA-TCP_RECV: name:enp0s3: saddr:100932208: daddr:33561200: srtt_us:2691144: RTT:336393: ssthresh:2147483647: cwnd:10: delivered:1: lost:0: retrans:0
[  262.753515] AAAAA-TCP_SEND: name:enp0s3: saddr:33561200: daddr:100932208: srtt_us:2691144: RTT:336393: ssthresh:2147483647: cwnd:10: delivered:1: lost:0: retrans:0
[  262.852475] AAAAA-TCP_RECV: name:enp0s3: saddr:100932208: daddr:16783984: srtt_us:738224: RTT:92278: ssthresh:2147483647: cwnd:10: delivered:1: lost:0: retrans:0
[  262.852507] AAAAA-TCP_SEND: name:enp0s3: saddr:16783984: daddr:100932208: srtt_us:738224: RTT:92278: ssthresh:2147483647: cwnd:10: delivered:1: lost:0: retrans:0
[  262.979323] AAAAA-TCP_RECV: name:enp0s3: saddr:100932208: daddr:16783984: srtt_us:738224: RTT:92278: ssthresh:2147483647: cwnd:10: delivered:1: lost:0: retrans:0
[  262.979369] AAAAA-TCP_SEND: name:enp0s3: saddr:16783984: daddr:100932208: srtt_us:738224: RTT:92278: ssthresh:2147483647: cwnd:10: delivered:1: lost:0: retrans:0
[  263.049871] AAAAA-TCP_RECV: name:enp0s3: saddr:100932208: daddr:16783984: srtt_us:738224: RTT:92278: ssthresh:2147483647: cwnd:10: delivered:1: lost:0: retrans:0
[  263.049917] AAAAA-TCP_SEND: name:enp0s3: saddr:16783984: daddr:100932208: srtt_us:738224: RTT:92278: ssthresh:2147483647: cwnd:10: delivered:1: lost:0: retrans:0
[  263.129022] AAAAA-TCP_RECV: name:enp0s3: saddr:100932208: daddr:33561200: srtt_us:2691144: RTT:336393: ssthresh:2147483647: cwnd:10: delivered:1: lost:0: retrans:0
[  263.129051] AAAAA-TCP_SEND: name:enp0s3: saddr:33561200: daddr:100932208: srtt_us:2691144: RTT:336393: ssthresh:2147483647: cwnd:10: delivered:1: lost:0: retrans:0
[  263.361020] AAAAA-TCP_RECV: name:enp0s3: saddr:100932208: daddr:16783984: srtt_us:738224: RTT:92278: ssthresh:2147483647: cwnd:10: delivered:1: lost:0: retrans:0
[  263.361050] AAAAA-TCP_SEND: name:enp0s3: saddr:16783984: daddr:100932208: srtt_us:738224: RTT:92278: ssthresh:2147483647: cwnd:10: delivered:1: lost:0: retrans:0
[  263.432224] AAAAA-TCP_RECV: name:enp0s3: saddr:100932208: daddr:16783984: srtt_us:738224: RTT:92278: ssthresh:2147483647: cwnd:10: delivered:1: lost:0: retrans:0
[  263.432252] AAAAA-TCP_SEND: name:enp0s3: saddr:16783984: daddr:100932208: srtt_us:738224: RTT:92278: ssthresh:2147483647: cwnd:10: delivered:1: lost:0: retrans:0
[  263.505988] AAAAA-TCP_RECV: name:enp0s3: saddr:100932208: daddr:16783984: srtt_us:738224: RTT:92278: ssthresh:2147483647: cwnd:10: delivered:1: lost:0: retrans:0
[  263.506025] AAAAA-TCP_SEND: name:enp0s3: saddr:16783984: daddr:100932208: srtt_us:738224: RTT:92278: ssthresh:2147483647: cwnd:10: delivered:1: lost:0: retrans:0
[  263.598870] AAAAA-TCP_RECV: name:enp0s3: saddr:100932208: daddr:16783984: srtt_us:738224: RTT:92278: ssthresh:2147483647: cwnd:10: delivered:1: lost:0: retrans:0
[  263.598897] AAAAA-TCP_SEND: name:enp0s3: saddr:16783984: daddr:100932208: srtt_us:738224: RTT:92278: ssthresh:2147483647: cwnd:10: delivered:1: lost:0: retrans:0
[  263.708916] AAAAA-TCP_RECV: name:enp0s3: saddr:100932208: daddr:16783984: srtt_us:738224: RTT:92278: ssthresh:2147483647: cwnd:10: delivered:1: lost:0: retrans:0
[  263.708939] AAAAA-TCP_SEND: name:enp0s3: saddr:16783984: daddr:100932208: srtt_us:738224: RTT:92278: ssthresh:2147483647: cwnd:10: delivered:1: lost:0: retrans:0
[  263.790963] AAAAA-TCP_RECV: name:enp0s3: saddr:100932208: daddr:16783984: srtt_us:738224: RTT:92278: ssthresh:2147483647: cwnd:10: delivered:1: lost:0: retrans:0
[  263.790987] AAAAA-TCP_SEND: name:enp0s3: saddr:16783984: daddr:100932208: srtt_us:738224: RTT:92278: ssthresh:2147483647: cwnd:10: delivered:1: lost:0: retrans:0
[  263.855711] AAAAA-TCP_RECV: name:enp0s3: saddr:100932208: daddr:16783984: srtt_us:738224: RTT:92278: ssthresh:2147483647: cwnd:10: delivered:1: lost:0: retrans:0
[  263.855735] AAAAA-TCP_SEND: name:enp0s3: saddr:16783984: daddr:100932208: srtt_us:738224: RTT:92278: ssthresh:2147483647: cwnd:10: delivered:1: lost:0: retrans:0
[  263.915499] AAAAA-TCP_RECV: name:enp0s3: saddr:100932208: daddr:16783984: srtt_us:738224: RTT:92278: ssthresh:2147483647: cwnd:10: delivered:1: lost:0: retrans:0
[  263.915522] AAAAA-TCP_SEND: name:enp0s3: saddr:16783984: daddr:100932208: srtt_us:738224: RTT:92278: ssthresh:2147483647: cwnd:10: delivered:1: lost:0: retrans:0
[  264.026285] AAAAA-TCP_RECV: name:enp0s3: saddr:100932208: daddr:16783984: srtt_us:738224: RTT:92278: ssthresh:2147483647: cwnd:10: delivered:1: lost:0: retrans:0
[  264.026323] AAAAA-TCP_SEND: name:enp0s3: saddr:16783984: daddr:100932208: srtt_us:738224: RTT:92278: ssthresh:2147483647: cwnd:10: delivered:1: lost:0: retrans:0
[  264.156535] AAAAA-TCP_RECV: name:enp0s3: saddr:100932208: daddr:16783984: srtt_us:738224: RTT:92278: ssthresh:2147483647: cwnd:10: delivered:1: lost:0: retrans:0
[  264.156584] AAAAA-TCP_SEND: name:enp0s3: saddr:16783984: daddr:100932208: srtt_us:738224: RTT:92278: ssthresh:2147483647: cwnd:10: delivered:1: lost:0: retrans:0
[  264.310790] AAAAA-TCP_RECV: name:enp0s3: saddr:100932208: daddr:33561200: srtt_us:2691144: RTT:336393: ssthresh:2147483647: cwnd:10: delivered:1: lost:0: retrans:0
[  264.310824] AAAAA-TCP_SEND: name:enp0s3: saddr:33561200: daddr:100932208: srtt_us:2691144: RTT:336393: ssthresh:2147483647: cwnd:10: delivered:1: lost:0: retrans:0
[  264.375831] AAAAA-TCP_RECV: name:enp0s3: saddr:100932208: daddr:16783984: srtt_us:738224: RTT:92278: ssthresh:2147483647: cwnd:10: delivered:1: lost:0: retrans:0
[  264.375870] AAAAA-TCP_SEND: name:enp0s3: saddr:16783984: daddr:100932208: srtt_us:738224: RTT:92278: ssthresh:2147483647: cwnd:10: delivered:1: lost:0: retrans:0
[  264.429364] AAAAA-TCP_RECV: name:enp0s3: saddr:100932208: daddr:16783984: srtt_us:738224: RTT:92278: ssthresh:2147483647: cwnd:10: delivered:1: lost:0: retrans:0
[  264.429395] AAAAA-TCP_SEND: name:enp0s3: saddr:16783984: daddr:100932208: srtt_us:738224: RTT:92278: ssthresh:2147483647: cwnd:10: delivered:1: lost:0: retrans:0
[  264.497869] AAAAA-TCP_RECV: name:enp0s3: saddr:100932208: daddr:16783984: srtt_us:738224: RTT:92278: ssthresh:2147483647: cwnd:10: delivered:1: lost:0: retrans:0
[  264.497902] AAAAA-TCP_SEND: name:enp0s3: saddr:16783984: daddr:100932208: srtt_us:738224: RTT:92278: ssthresh:2147483647: cwnd:10: delivered:1: lost:0: retrans:0
[  264.566931] AAAAA-TCP_RECV: name:enp0s3: saddr:100932208: daddr:16783984: srtt_us:738224: RTT:92278: ssthresh:2147483647: cwnd:10: delivered:1: lost:0: retrans:0
[  264.566963] AAAAA-TCP_SEND: name:enp0s3: saddr:16783984: daddr:100932208: srtt_us:738224: RTT:92278: ssthresh:2147483647: cwnd:10: delivered:1: lost:0: retrans:0
[  264.651773] AAAAA-TCP_RECV: name:enp0s3: saddr:100932208: daddr:16783984: srtt_us:738224: RTT:92278: ssthresh:2147483647: cwnd:10: delivered:1: lost:0: retrans:0
[  264.651803] AAAAA-TCP_SEND: name:enp0s3: saddr:16783984: daddr:100932208: srtt_us:738224: RTT:92278: ssthresh:2147483647: cwnd:10: delivered:1: lost:0: retrans:0
[  264.764938] AAAAA-TCP_RECV: name:enp0s3: saddr:100932208: daddr:16783984: srtt_us:738224: RTT:92278: ssthresh:2147483647: cwnd:10: delivered:1: lost:0: retrans:0
[  264.764971] AAAAA-TCP_SEND: name:enp0s3: saddr:16783984: daddr:100932208: srtt_us:738224: RTT:92278: ssthresh:2147483647: cwnd:10: delivered:1: lost:0: retrans:0
[  264.828644] AAAAA-TCP_RECV: name:enp0s3: saddr:100932208: daddr:16783984: srtt_us:738224: RTT:92278: ssthresh:2147483647: cwnd:10: delivered:1: lost:0: retrans:0
[  264.871075] AAAAA-TCP_SEND: name:enp0s3: saddr:16783984: daddr:100932208: srtt_us:738224: RTT:92278: ssthresh:2147483647: cwnd:10: delivered:1: lost:0: retrans:0
[  264.974071] AAAAA-TCP_RECV: name:enp0s3: saddr:100932208: daddr:16783984: srtt_us:738224: RTT:92278: ssthresh:2147483647: cwnd:10: delivered:1: lost:0: retrans:0
[  265.055143] AAAAA-TCP_SEND: name:enp0s3: saddr:16783984: daddr:100932208: srtt_us:738224: RTT:92278: ssthresh:2147483647: cwnd:10: delivered:1: lost:0: retrans:0
[  265.059232] AAAAA-TCP_RECV: name:enp0s3: saddr:100932208: daddr:33561200: srtt_us:2691144: RTT:336393: ssthresh:2147483647: cwnd:10: delivered:1: lost:0: retrans:0
[  265.059248] AAAAA-TCP_SEND: name:enp0s3: saddr:33561200: daddr:100932208: srtt_us:2691144: RTT:336393: ssthresh:2147483647: cwnd:10: delivered:1: lost:0: retrans:0
[  265.372678] AAAAA-TCP_RECV: name:enp0s3: saddr:100932208: daddr:33561200: srtt_us:2691144: RTT:336393: ssthresh:2147483647: cwnd:10: delivered:1: lost:0: retrans:0
[  265.372709] AAAAA-TCP_SEND: name:enp0s3: saddr:33561200: daddr:100932208: srtt_us:2691144: RTT:336393: ssthresh:2147483647: cwnd:10: delivered:1: lost:0: retrans:0
[  265.427511] AAAAA-TCP_RECV: name:enp0s3: saddr:100932208: daddr:33561200: srtt_us:2691144: RTT:336393: ssthresh:2147483647: cwnd:10: delivered:1: lost:0: retrans:0
[  265.427536] AAAAA-TCP_SEND: name:enp0s3: saddr:33561200: daddr:100932208: srtt_us:2691144: RTT:336393: ssthresh:2147483647: cwnd:10: delivered:1: lost:0: retrans:0
[  265.662235] AAAAA-TCP_RECV: name:enp0s3: saddr:100932208: daddr:33561200: srtt_us:2691144: RTT:336393: ssthresh:2147483647: cwnd:10: delivered:1: lost:0: retrans:0
[  265.662261] AAAAA-TCP_SEND: name:enp0s3: saddr:33561200: daddr:100932208: srtt_us:2691144: RTT:336393: ssthresh:2147483647: cwnd:10: delivered:1: lost:0: retrans:0
[  265.726690] AAAAA-TCP_RECV: name:enp0s3: saddr:100932208: daddr:33561200: srtt_us:2691144: RTT:336393: ssthresh:2147483647: cwnd:10: delivered:1: lost:0: retrans:0
[  265.726714] AAAAA-TCP_SEND: name:enp0s3: saddr:33561200: daddr:100932208: srtt_us:2691144: RTT:336393: ssthresh:2147483647: cwnd:10: delivered:1: lost:0: retrans:0
[  265.854317] AAAAA-TCP_RECV: name:enp0s3: saddr:100932208: daddr:33561200: srtt_us:2691144: RTT:336393: ssthresh:2147483647: cwnd:10: delivered:1: lost:0: retrans:0
[  265.854344] AAAAA-TCP_SEND: name:enp0s3: saddr:33561200: daddr:100932208: srtt_us:2691144: RTT:336393: ssthresh:2147483647: cwnd:10: delivered:1: lost:0: retrans:0
[  265.913623] AAAAA-TCP_RECV: name:enp0s3: saddr:100932208: daddr:33561200: srtt_us:2691144: RTT:336393: ssthresh:2147483647: cwnd:10: delivered:1: lost:0: retrans:0
[  265.913647] AAAAA-TCP_SEND: name:enp0s3: saddr:33561200: daddr:100932208: srtt_us:2691144: RTT:336393: ssthresh:2147483647: cwnd:10: delivered:1: lost:0: retrans:0
[  265.965269] AAAAA-TCP_RECV: name:enp0s3: saddr:100932208: daddr:33561200: srtt_us:2691144: RTT:336393: ssthresh:2147483647: cwnd:10: delivered:1: lost:0: retrans:0
[  265.965292] AAAAA-TCP_SEND: name:enp0s3: saddr:33561200: daddr:100932208: srtt_us:2691144: RTT:336393: ssthresh:2147483647: cwnd:10: delivered:1: lost:0: retrans:0
[  266.028787] AAAAA-TCP_RECV: name:enp0s3: saddr:100932208: daddr:33561200: srtt_us:2691144: RTT:336393: ssthresh:2147483647: cwnd:10: delivered:1: lost:0: retrans:0
[  266.028813] AAAAA-TCP_SEND: name:enp0s3: saddr:33561200: daddr:100932208: srtt_us:2691144: RTT:336393: ssthresh:2147483647: cwnd:10: delivered:1: lost:0: retrans:0
[  266.120605] AAAAA-TCP_RECV: name:enp0s3: saddr:100932208: daddr:33561200: srtt_us:2691144: RTT:336393: ssthresh:2147483647: cwnd:10: delivered:1: lost:0: retrans:0
[  266.120631] AAAAA-TCP_SEND: name:enp0s3: saddr:33561200: daddr:100932208: srtt_us:2691144: RTT:336393: ssthresh:2147483647: cwnd:10: delivered:1: lost:0: retrans:0
[  266.203321] AAAAA-TCP_RECV: name:enp0s3: saddr:100932208: daddr:33561200: srtt_us:2691144: RTT:336393: ssthresh:2147483647: cwnd:10: delivered:1: lost:0: retrans:0
[  266.203346] AAAAA-TCP_SEND: name:enp0s3: saddr:33561200: daddr:100932208: srtt_us:2691144: RTT:336393: ssthresh:2147483647: cwnd:10: delivered:1: lost:0: retrans:0
[  266.293491] AAAAA-TCP_RECV: name:enp0s3: saddr:100932208: daddr:33561200: srtt_us:2691144: RTT:336393: ssthresh:2147483647: cwnd:10: delivered:1: lost:0: retrans:0
[  266.293514] AAAAA-TCP_SEND: name:enp0s3: saddr:33561200: daddr:100932208: srtt_us:2691144: RTT:336393: ssthresh:2147483647: cwnd:10: delivered:1: lost:0: retrans:0
[  266.413390] AAAAA-TCP_RECV: name:enp0s3: saddr:100932208: daddr:33561200: srtt_us:2691144: RTT:336393: ssthresh:2147483647: cwnd:10: delivered:1: lost:0: retrans:0
[  266.413414] AAAAA-TCP_SEND: name:enp0s3: saddr:33561200: daddr:100932208: srtt_us:2691144: RTT:336393: ssthresh:2147483647: cwnd:10: delivered:1: lost:0: retrans:0
[  266.472610] AAAAA-TCP_RECV: name:enp0s3: saddr:100932208: daddr:33561200: srtt_us:2691144: RTT:336393: ssthresh:2147483647: cwnd:10: delivered:1: lost:0: retrans:0
[  266.472633] AAAAA-TCP_SEND: name:enp0s3: saddr:33561200: daddr:100932208: srtt_us:2691144: RTT:336393: ssthresh:2147483647: cwnd:10: delivered:1: lost:0: retrans:0
[  266.535914] AAAAA-TCP_RECV: name:enp0s3: saddr:100932208: daddr:33561200: srtt_us:2691144: RTT:336393: ssthresh:2147483647: cwnd:10: delivered:1: lost:0: retrans:0
[  266.535938] AAAAA-TCP_SEND: name:enp0s3: saddr:33561200: daddr:100932208: srtt_us:2691144: RTT:336393: ssthresh:2147483647: cwnd:10: delivered:1: lost:0: retrans:0
[  266.595994] AAAAA-TCP_RECV: name:enp0s3: saddr:100932208: daddr:33561200: srtt_us:2691144: RTT:336393: ssthresh:2147483647: cwnd:10: delivered:1: lost:0: retrans:0
[  266.596019] AAAAA-TCP_SEND: name:enp0s3: saddr:33561200: daddr:100932208: srtt_us:2691144: RTT:336393: ssthresh:2147483647: cwnd:10: delivered:1: lost:0: retrans:0
[  266.648735] AAAAA-TCP_RECV: name:enp0s3: saddr:100932208: daddr:33561200: srtt_us:2691144: RTT:336393: ssthresh:2147483647: cwnd:10: delivered:1: lost:0: retrans:0
[  266.691068] AAAAA-TCP_SEND: name:enp0s3: saddr:33561200: daddr:100932208: srtt_us:2691144: RTT:336393: ssthresh:2147483647: cwnd:10: delivered:1: lost:0: retrans:0
[  266.705768] AAAAA-TCP_RECV: name:enp0s3: saddr:100932208: daddr:33561200: srtt_us:2691144: RTT:336393: ssthresh:2147483647: cwnd:10: delivered:1: lost:0: retrans:0
[  266.775336] AAAAA-TCP_RECV: name:enp0s3: saddr:100932208: daddr:33561200: srtt_us:2691144: RTT:336393: ssthresh:2147483647: cwnd:10: delivered:1: lost:0: retrans:0
[  266.775360] AAAAA-TCP_SEND: name:enp0s3: saddr:33561200: daddr:100932208: srtt_us:2691144: RTT:336393: ssthresh:2147483647: cwnd:10: delivered:1: lost:0: retrans:0
[  266.953551] AAAAA-TCP_RECV: name:enp0s3: saddr:100932208: daddr:33561200: srtt_us:2691144: RTT:336393: ssthresh:2147483647: cwnd:10: delivered:1: lost:0: retrans:0
[  267.019889] AAAAA-TCP_RECV: name:enp0s3: saddr:100932208: daddr:33561200: srtt_us:2691144: RTT:336393: ssthresh:2147483647: cwnd:10: delivered:1: lost:0: retrans:0
[  267.019905] AAAAA-TCP_SEND: name:enp0s3: saddr:33561200: daddr:100932208: srtt_us:2691144: RTT:336393: ssthresh:2147483647: cwnd:10: delivered:1: lost:0: retrans:0
[  267.126681] AAAAA-TCP_RECV: name:enp0s3: saddr:100932208: daddr:16783984: srtt_us:738224: RTT:92278: ssthresh:2147483647: cwnd:10: delivered:1: lost:0: retrans:0
[  267.126709] AAAAA-TCP_SEND: name:enp0s3: saddr:16783984: daddr:100932208: srtt_us:738224: RTT:92278: ssthresh:2147483647: cwnd:10: delivered:1: lost:0: retrans:0
[  267.235560] AAAAA-TCP_RECV: name:enp0s3: saddr:100932208: daddr:16783984: srtt_us:738224: RTT:92278: ssthresh:2147483647: cwnd:10: delivered:1: lost:0: retrans:0
[  267.235587] AAAAA-TCP_SEND: name:enp0s3: saddr:16783984: daddr:100932208: srtt_us:738224: RTT:92278: ssthresh:2147483647: cwnd:10: delivered:1: lost:0: retrans:0
[  267.293510] AAAAA-TCP_RECV: name:enp0s3: saddr:100932208: daddr:16783984: srtt_us:738224: RTT:92278: ssthresh:2147483647: cwnd:10: delivered:1: lost:0: retrans:0
[  267.293533] AAAAA-TCP_SEND: name:enp0s3: saddr:16783984: daddr:100932208: srtt_us:738224: RTT:92278: ssthresh:2147483647: cwnd:10: delivered:1: lost:0: retrans:0
[  267.343524] AAAAA-TCP_RECV: name:enp0s3: saddr:100932208: daddr:16783984: srtt_us:738224: RTT:92278: ssthresh:2147483647: cwnd:10: delivered:1: lost:0: retrans:0
[  267.343547] AAAAA-TCP_SEND: name:enp0s3: saddr:16783984: daddr:100932208: srtt_us:738224: RTT:92278: ssthresh:2147483647: cwnd:10: delivered:1: lost:0: retrans:0
[  267.402803] AAAAA-TCP_RECV: name:enp0s3: saddr:100932208: daddr:16783984: srtt_us:738224: RTT:92278: ssthresh:2147483647: cwnd:10: delivered:1: lost:0: retrans:0
[  267.402826] AAAAA-TCP_SEND: name:enp0s3: saddr:16783984: daddr:100932208: srtt_us:738224: RTT:92278: ssthresh:2147483647: cwnd:10: delivered:1: lost:0: retrans:0
[  267.463847] AAAAA-TCP_RECV: name:enp0s3: saddr:100932208: daddr:16783984: srtt_us:738224: RTT:92278: ssthresh:2147483647: cwnd:10: delivered:1: lost:0: retrans:0
[  267.463869] AAAAA-TCP_SEND: name:enp0s3: saddr:16783984: daddr:100932208: srtt_us:738224: RTT:92278: ssthresh:2147483647: cwnd:10: delivered:1: lost:0: retrans:0
[  267.528939] AAAAA-TCP_RECV: name:enp0s3: saddr:100932208: daddr:16783984: srtt_us:738224: RTT:92278: ssthresh:2147483647: cwnd:10: delivered:1: lost:0: retrans:0
[  267.528961] AAAAA-TCP_SEND: name:enp0s3: saddr:16783984: daddr:100932208: srtt_us:738224: RTT:92278: ssthresh:2147483647: cwnd:10: delivered:1: lost:0: retrans:0
[  267.700451] AAAAA-TCP_RECV: name:enp0s3: saddr:100932208: daddr:16783984: srtt_us:738224: RTT:92278: ssthresh:2147483647: cwnd:10: delivered:1: lost:0: retrans:0
[  267.700474] AAAAA-TCP_SEND: name:enp0s3: saddr:16783984: daddr:100932208: srtt_us:738224: RTT:92278: ssthresh:2147483647: cwnd:10: delivered:1: lost:0: retrans:0
[  267.770211] AAAAA-TCP_RECV: name:enp0s3: saddr:100932208: daddr:16783984: srtt_us:738224: RTT:92278: ssthresh:2147483647: cwnd:10: delivered:1: lost:0: retrans:0
[  267.770236] AAAAA-TCP_SEND: name:enp0s3: saddr:16783984: daddr:100932208: srtt_us:738224: RTT:92278: ssthresh:2147483647: cwnd:10: delivered:1: lost:0: retrans:0
[  267.892523] AAAAA-TCP_RECV: name:enp0s3: saddr:100932208: daddr:16783984: srtt_us:738224: RTT:92278: ssthresh:2147483647: cwnd:10: delivered:1: lost:0: retrans:0
[  267.892545] AAAAA-TCP_SEND: name:enp0s3: saddr:16783984: daddr:100932208: srtt_us:738224: RTT:92278: ssthresh:2147483647: cwnd:10: delivered:1: lost:0: retrans:0
[  267.959625] AAAAA-TCP_RECV: name:enp0s3: saddr:100932208: daddr:16783984: srtt_us:738224: RTT:92278: ssthresh:2147483647: cwnd:10: delivered:1: lost:0: retrans:0
[  267.959648] AAAAA-TCP_SEND: name:enp0s3: saddr:16783984: daddr:100932208: srtt_us:738224: RTT:92278: ssthresh:2147483647: cwnd:10: delivered:1: lost:0: retrans:0
[  268.028999] AAAAA-TCP_RECV: name:enp0s3: saddr:100932208: daddr:16783984: srtt_us:738224: RTT:92278: ssthresh:2147483647: cwnd:10: delivered:1: lost:0: retrans:0
[  268.029026] AAAAA-TCP_SEND: name:enp0s3: saddr:16783984: daddr:100932208: srtt_us:738224: RTT:92278: ssthresh:2147483647: cwnd:10: delivered:1: lost:0: retrans:0
[  268.099558] AAAAA-TCP_RECV: name:enp0s3: saddr:100932208: daddr:16783984: srtt_us:738224: RTT:92278: ssthresh:2147483647: cwnd:10: delivered:1: lost:0: retrans:0
[  268.099584] AAAAA-TCP_SEND: name:enp0s3: saddr:16783984: daddr:100932208: srtt_us:738224: RTT:92278: ssthresh:2147483647: cwnd:10: delivered:1: lost:0: retrans:0
[  268.269589] AAAAA-TCP_RECV: name:enp0s3: saddr:100932208: daddr:33561200: srtt_us:2691144: RTT:336393: ssthresh:2147483647: cwnd:10: delivered:1: lost:0: retrans:0
[  268.269615] AAAAA-TCP_SEND: name:enp0s3: saddr:33561200: daddr:100932208: srtt_us:2691144: RTT:336393: ssthresh:2147483647: cwnd:10: delivered:1: lost:0: retrans:0
[  283.463634] AAAAA-TCP_RECV: name:enp0s3: saddr:100932208: daddr:16783984: srtt_us:738224: RTT:92278: ssthresh:2147483647: cwnd:10: delivered:1: lost:0: retrans:0
[  283.463715] AAAAA-TCP_SEND: name:enp0s3: saddr:16783984: daddr:100932208: srtt_us:738224: RTT:92278: ssthresh:2147483647: cwnd:10: delivered:1: lost:0: retrans:0
[  283.530545] AAAAA-TCP_RECV: name:enp0s3: saddr:100932208: daddr:33561200: srtt_us:2691144: RTT:336393: ssthresh:2147483647: cwnd:10: delivered:1: lost:0: retrans:0
[  283.530586] AAAAA-TCP_SEND: name:enp0s3: saddr:33561200: daddr:100932208: srtt_us:2691144: RTT:336393: ssthresh:2147483647: cwnd:10: delivered:1: lost:0: retrans:0
[  283.611709] AAAAA-TCP_RECV: name:enp0s3: saddr:100932208: daddr:16783984: srtt_us:738224: RTT:92278: ssthresh:2147483647: cwnd:10: delivered:1: lost:0: retrans:0
[  283.611768] AAAAA-TCP_SEND: name:enp0s3: saddr:16783984: daddr:100932208: srtt_us:738224: RTT:92278: ssthresh:2147483647: cwnd:10: delivered:1: lost:0: retrans:0
[  283.708606] AAAAA-TCP_RECV: name:enp0s3: saddr:100932208: daddr:33561200: srtt_us:2691144: RTT:336393: ssthresh:2147483647: cwnd:10: delivered:1: lost:0: retrans:0
[  283.708662] AAAAA-TCP_SEND: name:enp0s3: saddr:33561200: daddr:100932208: srtt_us:2691144: RTT:336393: ssthresh:2147483647: cwnd:10: delivered:1: lost:0: retrans:0
[  283.792267] AAAAA-TCP_RECV: name:enp0s3: saddr:100932208: daddr:16783984: srtt_us:738224: RTT:92278: ssthresh:2147483647: cwnd:10: delivered:1: lost:0: retrans:0
[  283.792344] AAAAA-TCP_SEND: name:enp0s3: saddr:16783984: daddr:100932208: srtt_us:738224: RTT:92278: ssthresh:2147483647: cwnd:10: delivered:1: lost:0: retrans:0
[  283.954348] AAAAA-TCP_RECV: name:enp0s3: saddr:100932208: daddr:33561200: srtt_us:2691144: RTT:336393: ssthresh:2147483647: cwnd:10: delivered:1: lost:0: retrans:0
[  283.954401] AAAAA-TCP_SEND: name:enp0s3: saddr:33561200: daddr:100932208: srtt_us:2691144: RTT:336393: ssthresh:2147483647: cwnd:10: delivered:1: lost:0: retrans:0
[  284.054174] AAAAA-TCP_RECV: name:enp0s3: saddr:100932208: daddr:16783984: srtt_us:738224: RTT:92278: ssthresh:2147483647: cwnd:10: delivered:1: lost:0: retrans:0
[  284.054233] AAAAA-TCP_SEND: name:enp0s3: saddr:16783984: daddr:100932208: srtt_us:738224: RTT:92278: ssthresh:2147483647: cwnd:10: delivered:1: lost:0: retrans:0
[  284.266910] AAAAA-TCP_RECV: name:enp0s3: saddr:100932208: daddr:33561200: srtt_us:2691144: RTT:336393: ssthresh:2147483647: cwnd:10: delivered:1: lost:0: retrans:0
[  284.266960] AAAAA-TCP_SEND: name:enp0s3: saddr:33561200: daddr:100932208: srtt_us:2691144: RTT:336393: ssthresh:2147483647: cwnd:10: delivered:1: lost:0: retrans:0
[  284.413424] AAAAA-TCP_RECV: name:enp0s3: saddr:100932208: daddr:16783984: srtt_us:738224: RTT:92278: ssthresh:2147483647: cwnd:10: delivered:1: lost:0: retrans:0
[  284.413472] AAAAA-TCP_SEND: name:enp0s3: saddr:16783984: daddr:100932208: srtt_us:738224: RTT:92278: ssthresh:2147483647: cwnd:10: delivered:1: lost:0: retrans:0
[  284.578624] AAAAA-TCP_RECV: name:enp0s3: saddr:100932208: daddr:33561200: srtt_us:2691144: RTT:336393: ssthresh:2147483647: cwnd:10: delivered:1: lost:0: retrans:0
[  284.578686] AAAAA-TCP_SEND: name:enp0s3: saddr:33561200: daddr:100932208: srtt_us:2691144: RTT:336393: ssthresh:2147483647: cwnd:10: delivered:1: lost:0: retrans:0
[  284.694136] AAAAA-TCP_RECV: name:enp0s3: saddr:100932208: daddr:16783984: srtt_us:738224: RTT:92278: ssthresh:2147483647: cwnd:10: delivered:1: lost:0: retrans:0
[  284.694173] AAAAA-TCP_SEND: name:enp0s3: saddr:16783984: daddr:100932208: srtt_us:738224: RTT:92278: ssthresh:2147483647: cwnd:10: delivered:1: lost:0: retrans:0
[  284.786693] AAAAA-TCP_RECV: name:enp0s3: saddr:100932208: daddr:33561200: srtt_us:2691144: RTT:336393: ssthresh:2147483647: cwnd:10: delivered:1: lost:0: retrans:0
[  284.786747] AAAAA-TCP_SEND: name:enp0s3: saddr:33561200: daddr:100932208: srtt_us:2691144: RTT:336393: ssthresh:2147483647: cwnd:10: delivered:1: lost:0: retrans:0
[  284.981737] AAAAA-TCP_RECV: name:enp0s3: saddr:100932208: daddr:16783984: srtt_us:738224: RTT:92278: ssthresh:2147483647: cwnd:10: delivered:1: lost:0: retrans:0
[  284.981790] AAAAA-TCP_SEND: name:enp0s3: saddr:16783984: daddr:100932208: srtt_us:738224: RTT:92278: ssthresh:2147483647: cwnd:10: delivered:1: lost:0: retrans:0
[  285.324210] AAAAA-TCP_RECV: name:enp0s3: saddr:100932208: daddr:33561200: srtt_us:2691144: RTT:336393: ssthresh:2147483647: cwnd:10: delivered:1: lost:0: retrans:0
[  285.324318] AAAAA-TCP_SEND: name:enp0s3: saddr:33561200: daddr:100932208: srtt_us:2691144: RTT:336393: ssthresh:2147483647: cwnd:10: delivered:1: lost:0: retrans:0
[  285.414742] AAAAA-TCP_RECV: name:enp0s3: saddr:100932208: daddr:16783984: srtt_us:738224: RTT:92278: ssthresh:2147483647: cwnd:10: delivered:1: lost:0: retrans:0
[  285.414785] AAAAA-TCP_SEND: name:enp0s3: saddr:16783984: daddr:100932208: srtt_us:738224: RTT:92278: ssthresh:2147483647: cwnd:10: delivered:1: lost:0: retrans:0
[  285.549140] AAAAA-TCP_RECV: name:enp0s3: saddr:100932208: daddr:33561200: srtt_us:2691144: RTT:336393: ssthresh:2147483647: cwnd:10: delivered:1: lost:0: retrans:0
[  285.549187] AAAAA-TCP_SEND: name:enp0s3: saddr:33561200: daddr:100932208: srtt_us:2691144: RTT:336393: ssthresh:2147483647: cwnd:10: delivered:1: lost:0: retrans:0
[  285.663829] AAAAA-TCP_RECV: name:enp0s3: saddr:100932208: daddr:16783984: srtt_us:738224: RTT:92278: ssthresh:2147483647: cwnd:10: delivered:1: lost:0: retrans:0
[  285.663873] AAAAA-TCP_SEND: name:enp0s3: saddr:16783984: daddr:100932208: srtt_us:738224: RTT:92278: ssthresh:2147483647: cwnd:10: delivered:1: lost:0: retrans:0
[  285.849591] AAAAA-TCP_RECV: name:enp0s3: saddr:100932208: daddr:33561200: srtt_us:2691144: RTT:336393: ssthresh:2147483647: cwnd:10: delivered:1: lost:0: retrans:0
[  285.849631] AAAAA-TCP_SEND: name:enp0s3: saddr:33561200: daddr:100932208: srtt_us:2691144: RTT:336393: ssthresh:2147483647: cwnd:10: delivered:1: lost:0: retrans:0
[  286.026001] AAAAA-TCP_RECV: name:enp0s3: saddr:100932208: daddr:16783984: srtt_us:738224: RTT:92278: ssthresh:2147483647: cwnd:10: delivered:1: lost:0: retrans:0
[  286.026049] AAAAA-TCP_SEND: name:enp0s3: saddr:16783984: daddr:100932208: srtt_us:738224: RTT:92278: ssthresh:2147483647: cwnd:10: delivered:1: lost:0: retrans:0
[  286.172796] AAAAA-TCP_RECV: name:enp0s3: saddr:100932208: daddr:33561200: srtt_us:2691144: RTT:336393: ssthresh:2147483647: cwnd:10: delivered:1: lost:0: retrans:0
[  286.172837] AAAAA-TCP_SEND: name:enp0s3: saddr:33561200: daddr:100932208: srtt_us:2691144: RTT:336393: ssthresh:2147483647: cwnd:10: delivered:1: lost:0: retrans:0
[  286.280338] AAAAA-TCP_RECV: name:enp0s3: saddr:100932208: daddr:16783984: srtt_us:738224: RTT:92278: ssthresh:2147483647: cwnd:10: delivered:1: lost:0: retrans:0
[  286.280380] AAAAA-TCP_SEND: name:enp0s3: saddr:16783984: daddr:100932208: srtt_us:738224: RTT:92278: ssthresh:2147483647: cwnd:10: delivered:1: lost:0: retrans:0
[  286.409202] AAAAA-TCP_RECV: name:enp0s3: saddr:100932208: daddr:33561200: srtt_us:2691144: RTT:336393: ssthresh:2147483647: cwnd:10: delivered:1: lost:0: retrans:0
[  286.409251] AAAAA-TCP_SEND: name:enp0s3: saddr:33561200: daddr:100932208: srtt_us:2691144: RTT:336393: ssthresh:2147483647: cwnd:10: delivered:1: lost:0: retrans:0
[  286.511985] AAAAA-TCP_RECV: name:enp0s3: saddr:100932208: daddr:16783984: srtt_us:738224: RTT:92278: ssthresh:2147483647: cwnd:10: delivered:1: lost:0: retrans:0
[  286.512037] AAAAA-TCP_SEND: name:enp0s3: saddr:16783984: daddr:100932208: srtt_us:738224: RTT:92278: ssthresh:2147483647: cwnd:10: delivered:1: lost:0: retrans:0
[  286.587955] AAAAA-TCP_RECV: name:enp0s3: saddr:100932208: daddr:33561200: srtt_us:2691144: RTT:336393: ssthresh:2147483647: cwnd:10: delivered:1: lost:0: retrans:0
[  286.588005] AAAAA-TCP_SEND: name:enp0s3: saddr:33561200: daddr:100932208: srtt_us:2691144: RTT:336393: ssthresh:2147483647: cwnd:10: delivered:1: lost:0: retrans:0
[  286.645960] AAAAA-TCP_RECV: name:enp0s3: saddr:100932208: daddr:16783984: srtt_us:738224: RTT:92278: ssthresh:2147483647: cwnd:10: delivered:1: lost:0: retrans:0
[  286.646003] AAAAA-TCP_SEND: name:enp0s3: saddr:16783984: daddr:100932208: srtt_us:738224: RTT:92278: ssthresh:2147483647: cwnd:10: delivered:1: lost:0: retrans:0
[  286.724568] AAAAA-TCP_RECV: name:enp0s3: saddr:100932208: daddr:33561200: srtt_us:2691144: RTT:336393: ssthresh:2147483647: cwnd:10: delivered:1: lost:0: retrans:0
[  286.724601] AAAAA-TCP_SEND: name:enp0s3: saddr:33561200: daddr:100932208: srtt_us:2691144: RTT:336393: ssthresh:2147483647: cwnd:10: delivered:1: lost:0: retrans:0
[  286.800032] AAAAA-TCP_RECV: name:enp0s3: saddr:100932208: daddr:16783984: srtt_us:738224: RTT:92278: ssthresh:2147483647: cwnd:10: delivered:1: lost:0: retrans:0
[  286.800082] AAAAA-TCP_SEND: name:enp0s3: saddr:16783984: daddr:100932208: srtt_us:738224: RTT:92278: ssthresh:2147483647: cwnd:10: delivered:1: lost:0: retrans:0
[  286.904023] AAAAA-TCP_RECV: name:enp0s3: saddr:100932208: daddr:33561200: srtt_us:2691144: RTT:336393: ssthresh:2147483647: cwnd:10: delivered:1: lost:0: retrans:0
[  286.904061] AAAAA-TCP_SEND: name:enp0s3: saddr:33561200: daddr:100932208: srtt_us:2691144: RTT:336393: ssthresh:2147483647: cwnd:10: delivered:1: lost:0: retrans:0
[  286.977564] AAAAA-TCP_RECV: name:enp0s3: saddr:100932208: daddr:33561200: srtt_us:2691144: RTT:336393: ssthresh:2147483647: cwnd:10: delivered:1: lost:0: retrans:0
[  286.977609] AAAAA-TCP_SEND: name:enp0s3: saddr:33561200: daddr:100932208: srtt_us:2691144: RTT:336393: ssthresh:2147483647: cwnd:10: delivered:1: lost:0: retrans:0
[  287.047971] AAAAA-TCP_RECV: name:enp0s3: saddr:100932208: daddr:33561200: srtt_us:2691144: RTT:336393: ssthresh:2147483647: cwnd:10: delivered:1: lost:0: retrans:0
[  287.048011] AAAAA-TCP_SEND: name:enp0s3: saddr:33561200: daddr:100932208: srtt_us:2691144: RTT:336393: ssthresh:2147483647: cwnd:10: delivered:1: lost:0: retrans:0
[  287.122494] AAAAA-TCP_RECV: name:enp0s3: saddr:100932208: daddr:33561200: srtt_us:2691144: RTT:336393: ssthresh:2147483647: cwnd:10: delivered:1: lost:0: retrans:0
[  287.163136] AAAAA-TCP_SEND: name:enp0s3: saddr:33561200: daddr:100932208: srtt_us:2691144: RTT:336393: ssthresh:2147483647: cwnd:10: delivered:1: lost:0: retrans:0
[  287.164844] AAAAA-TCP_RECV: name:enp0s3: saddr:100932208: daddr:33561200: srtt_us:2691144: RTT:336393: ssthresh:2147483647: cwnd:10: delivered:1: lost:0: retrans:0
[  287.251064] AAAAA-TCP_SEND: name:enp0s3: saddr:33561200: daddr:100932208: srtt_us:2691144: RTT:336393: ssthresh:2147483647: cwnd:10: delivered:1: lost:0: retrans:0
[  287.302329] AAAAA-TCP_RECV: name:enp0s3: saddr:100932208: daddr:33561200: srtt_us:2691144: RTT:336393: ssthresh:2147483647: cwnd:10: delivered:1: lost:0: retrans:0
[  287.344628] AAAAA-TCP_RECV: name:enp0s3: saddr:100932208: daddr:33561200: srtt_us:2691144: RTT:336393: ssthresh:2147483647: cwnd:10: delivered:1: lost:0: retrans:0
[  287.344681] AAAAA-TCP_SEND: name:enp0s3: saddr:33561200: daddr:100932208: srtt_us:2691144: RTT:336393: ssthresh:2147483647: cwnd:10: delivered:1: lost:0: retrans:0
[  287.425970] AAAAA-TCP_RECV: name:enp0s3: saddr:100932208: daddr:33561200: srtt_us:2691144: RTT:336393: ssthresh:2147483647: cwnd:10: delivered:1: lost:0: retrans:0
[  287.583079] AAAAA-TCP_SEND: name:enp0s3: saddr:33561200: daddr:100932208: srtt_us:2691144: RTT:336393: ssthresh:2147483647: cwnd:10: delivered:1: lost:0: retrans:0
[  287.821939] AAAAA-TCP_RECV: name:enp0s3: saddr:100932208: daddr:16783984: srtt_us:738224: RTT:92278: ssthresh:2147483647: cwnd:10: delivered:1: lost:0: retrans:0
[  287.821991] AAAAA-TCP_SEND: name:enp0s3: saddr:16783984: daddr:100932208: srtt_us:738224: RTT:92278: ssthresh:2147483647: cwnd:10: delivered:1: lost:0: retrans:0
[  287.957270] AAAAA-TCP_RECV: name:enp0s3: saddr:100932208: daddr:16783984: srtt_us:738224: RTT:92278: ssthresh:2147483647: cwnd:10: delivered:1: lost:0: retrans:0
[  287.957317] AAAAA-TCP_SEND: name:enp0s3: saddr:16783984: daddr:100932208: srtt_us:738224: RTT:92278: ssthresh:2147483647: cwnd:10: delivered:1: lost:0: retrans:0
[  288.068625] AAAAA-TCP_RECV: name:enp0s3: saddr:100932208: daddr:33561200: srtt_us:2691144: RTT:336393: ssthresh:2147483647: cwnd:10: delivered:1: lost:0: retrans:0
[  288.068668] AAAAA-TCP_SEND: name:enp0s3: saddr:33561200: daddr:100932208: srtt_us:2691144: RTT:336393: ssthresh:2147483647: cwnd:10: delivered:1: lost:0: retrans:0
[  288.220810] AAAAA-TCP_RECV: name:enp0s3: saddr:100932208: daddr:33561200: srtt_us:2691144: RTT:336393: ssthresh:2147483647: cwnd:10: delivered:1: lost:0: retrans:0
[  288.220854] AAAAA-TCP_SEND: name:enp0s3: saddr:33561200: daddr:100932208: srtt_us:2691144: RTT:336393: ssthresh:2147483647: cwnd:10: delivered:1: lost:0: retrans:0
[  288.367453] AAAAA-TCP_RECV: name:enp0s3: saddr:100932208: daddr:16783984: srtt_us:738224: RTT:92278: ssthresh:2147483647: cwnd:10: delivered:1: lost:0: retrans:0
[  288.367502] AAAAA-TCP_SEND: name:enp0s3: saddr:16783984: daddr:100932208: srtt_us:738224: RTT:92278: ssthresh:2147483647: cwnd:10: delivered:1: lost:0: retrans:0
[  288.502927] AAAAA-TCP_RECV: name:enp0s3: saddr:100932208: daddr:33561200: srtt_us:2691144: RTT:336393: ssthresh:2147483647: cwnd:10: delivered:1: lost:0: retrans:0
[  288.502966] AAAAA-TCP_SEND: name:enp0s3: saddr:33561200: daddr:100932208: srtt_us:2691144: RTT:336393: ssthresh:2147483647: cwnd:10: delivered:1: lost:0: retrans:0
[  288.643737] AAAAA-TCP_RECV: name:enp0s3: saddr:100932208: daddr:33561200: srtt_us:2691144: RTT:336393: ssthresh:2147483647: cwnd:10: delivered:1: lost:0: retrans:0
[  288.644829] AAAAA-TCP_SEND: name:enp0s3: saddr:33561200: daddr:100932208: srtt_us:2691144: RTT:336393: ssthresh:2147483647: cwnd:10: delivered:1: lost:0: retrans:0
[  288.713926] AAAAA-TCP_RECV: name:enp0s3: saddr:100932208: daddr:16783984: srtt_us:738224: RTT:92278: ssthresh:2147483647: cwnd:10: delivered:1: lost:0: retrans:0
[  288.713969] AAAAA-TCP_SEND: name:enp0s3: saddr:16783984: daddr:100932208: srtt_us:738224: RTT:92278: ssthresh:2147483647: cwnd:10: delivered:1: lost:0: retrans:0
[  288.815566] AAAAA-TCP_RECV: name:enp0s3: saddr:100932208: daddr:16783984: srtt_us:738224: RTT:92278: ssthresh:2147483647: cwnd:10: delivered:1: lost:0: retrans:0
[  288.815610] AAAAA-TCP_SEND: name:enp0s3: saddr:16783984: daddr:100932208: srtt_us:738224: RTT:92278: ssthresh:2147483647: cwnd:10: delivered:1: lost:0: retrans:0
[  288.910843] AAAAA-TCP_RECV: name:enp0s3: saddr:100932208: daddr:16783984: srtt_us:738224: RTT:92278: ssthresh:2147483647: cwnd:10: delivered:1: lost:0: retrans:0
[  288.910880] AAAAA-TCP_SEND: name:enp0s3: saddr:16783984: daddr:100932208: srtt_us:738224: RTT:92278: ssthresh:2147483647: cwnd:10: delivered:1: lost:0: retrans:0
[  289.016410] AAAAA-TCP_RECV: name:enp0s3: saddr:100932208: daddr:16783984: srtt_us:738224: RTT:92278: ssthresh:2147483647: cwnd:10: delivered:1: lost:0: retrans:0
[  289.118913] AAAAA-TCP_RECV: name:enp0s3: saddr:100932208: daddr:33561200: srtt_us:2691144: RTT:336393: ssthresh:2147483647: cwnd:10: delivered:1: lost:0: retrans:0
[  289.119997] AAAAA-TCP_SEND: name:enp0s3: saddr:33561200: daddr:100932208: srtt_us:2691144: RTT:336393: ssthresh:2147483647: cwnd:10: delivered:1: lost:0: retrans:0
[  289.190420] AAAAA-TCP_RECV: name:enp0s3: saddr:100932208: daddr:33561200: srtt_us:2691144: RTT:336393: ssthresh:2147483647: cwnd:10: delivered:1: lost:0: retrans:0
[  289.191477] AAAAA-TCP_SEND: name:enp0s3: saddr:33561200: daddr:100932208: srtt_us:2691144: RTT:336393: ssthresh:2147483647: cwnd:10: delivered:1: lost:0: retrans:0
[  289.297187] AAAAA-TCP_RECV: name:enp0s3: saddr:100932208: daddr:33561200: srtt_us:2691144: RTT:336393: ssthresh:2147483647: cwnd:10: delivered:1: lost:0: retrans:0
[  289.298257] AAAAA-TCP_SEND: name:enp0s3: saddr:33561200: daddr:100932208: srtt_us:2691144: RTT:336393: ssthresh:2147483647: cwnd:10: delivered:1: lost:0: retrans:0
[  289.385525] AAAAA-TCP_RECV: name:enp0s3: saddr:100932208: daddr:33561200: srtt_us:2691144: RTT:336393: ssthresh:2147483647: cwnd:10: delivered:1: lost:0: retrans:0
[  289.386607] AAAAA-TCP_SEND: name:enp0s3: saddr:33561200: daddr:100932208: srtt_us:2691144: RTT:336393: ssthresh:2147483647: cwnd:10: delivered:1: lost:0: retrans:0
[  289.461116] AAAAA-TCP_RECV: name:enp0s3: saddr:100932208: daddr:16783984: srtt_us:738224: RTT:92278: ssthresh:2147483647: cwnd:10: delivered:1: lost:0: retrans:0
[  289.461153] AAAAA-TCP_SEND: name:enp0s3: saddr:16783984: daddr:100932208: srtt_us:738224: RTT:92278: ssthresh:2147483647: cwnd:10: delivered:1: lost:0: retrans:0
[  289.540356] AAAAA-TCP_RECV: name:enp0s3: saddr:100932208: daddr:33561200: srtt_us:2691144: RTT:336393: ssthresh:2147483647: cwnd:10: delivered:1: lost:0: retrans:0
[  289.541416] AAAAA-TCP_SEND: name:enp0s3: saddr:33561200: daddr:100932208: srtt_us:2691144: RTT:336393: ssthresh:2147483647: cwnd:10: delivered:1: lost:0: retrans:0
[  289.623514] AAAAA-TCP_RECV: name:enp0s3: saddr:100932208: daddr:33561200: srtt_us:2691144: RTT:336393: ssthresh:2147483647: cwnd:10: delivered:1: lost:0: retrans:0
[  289.624587] AAAAA-TCP_SEND: name:enp0s3: saddr:33561200: daddr:100932208: srtt_us:2691144: RTT:336393: ssthresh:2147483647: cwnd:10: delivered:1: lost:0: retrans:0
[  289.695893] AAAAA-TCP_RECV: name:enp0s3: saddr:100932208: daddr:16783984: srtt_us:738224: RTT:92278: ssthresh:2147483647: cwnd:10: delivered:1: lost:0: retrans:0
[  289.695923] AAAAA-TCP_SEND: name:enp0s3: saddr:16783984: daddr:100932208: srtt_us:738224: RTT:92278: ssthresh:2147483647: cwnd:10: delivered:1: lost:0: retrans:0
[  289.800084] AAAAA-TCP_RECV: name:enp0s3: saddr:100932208: daddr:16783984: srtt_us:738224: RTT:92278: ssthresh:2147483647: cwnd:10: delivered:1: lost:0: retrans:0
[  289.800125] AAAAA-TCP_SEND: name:enp0s3: saddr:16783984: daddr:100932208: srtt_us:738224: RTT:92278: ssthresh:2147483647: cwnd:10: delivered:1: lost:0: retrans:0
[  289.913270] AAAAA-TCP_RECV: name:enp0s3: saddr:100932208: daddr:33561200: srtt_us:2691144: RTT:336393: ssthresh:2147483647: cwnd:10: delivered:1: lost:0: retrans:0
[  289.914352] AAAAA-TCP_SEND: name:enp0s3: saddr:33561200: daddr:100932208: srtt_us:2691144: RTT:336393: ssthresh:2147483647: cwnd:10: delivered:1: lost:0: retrans:0
[  290.039333] AAAAA-TCP_RECV: name:enp0s3: saddr:100932208: daddr:33561200: srtt_us:2691144: RTT:336393: ssthresh:2147483647: cwnd:10: delivered:1: lost:0: retrans:0
[  290.040416] AAAAA-TCP_SEND: name:enp0s3: saddr:33561200: daddr:100932208: srtt_us:2691144: RTT:336393: ssthresh:2147483647: cwnd:10: delivered:1: lost:0: retrans:0
[  290.171646] AAAAA-TCP_RECV: name:enp0s3: saddr:100932208: daddr:16783984: srtt_us:738224: RTT:92278: ssthresh:2147483647: cwnd:10: delivered:1: lost:0: retrans:0
[  290.171694] AAAAA-TCP_SEND: name:enp0s3: saddr:16783984: daddr:100932208: srtt_us:738224: RTT:92278: ssthresh:2147483647: cwnd:10: delivered:1: lost:0: retrans:0
[  290.241282] AAAAA-TCP_RECV: name:enp0s3: saddr:100932208: daddr:16783984: srtt_us:738224: RTT:92278: ssthresh:2147483647: cwnd:10: delivered:1: lost:0: retrans:0
[  290.241333] AAAAA-TCP_SEND: name:enp0s3: saddr:16783984: daddr:100932208: srtt_us:738224: RTT:92278: ssthresh:2147483647: cwnd:10: delivered:1: lost:0: retrans:0
[  290.404680] AAAAA-TCP_RECV: name:enp0s3: saddr:100932208: daddr:33561200: srtt_us:2691144: RTT:336393: ssthresh:2147483647: cwnd:10: delivered:1: lost:0: retrans:0
[  290.405760] AAAAA-TCP_SEND: name:enp0s3: saddr:33561200: daddr:100932208: srtt_us:2691144: RTT:336393: ssthresh:2147483647: cwnd:10: delivered:1: lost:0: retrans:0
[  290.460294] AAAAA-TCP_RECV: name:enp0s3: saddr:100932208: daddr:33561200: srtt_us:2691144: RTT:336393: ssthresh:2147483647: cwnd:10: delivered:1: lost:0: retrans:0
[  290.461369] AAAAA-TCP_SEND: name:enp0s3: saddr:33561200: daddr:100932208: srtt_us:2691144: RTT:336393: ssthresh:2147483647: cwnd:10: delivered:1: lost:0: retrans:0
[  290.542769] AAAAA-TCP_RECV: name:enp0s3: saddr:100932208: daddr:16783984: srtt_us:738224: RTT:92278: ssthresh:2147483647: cwnd:10: delivered:1: lost:0: retrans:0
[  290.542807] AAAAA-TCP_SEND: name:enp0s3: saddr:16783984: daddr:100932208: srtt_us:738224: RTT:92278: ssthresh:2147483647: cwnd:10: delivered:1: lost:0: retrans:0
[  290.609928] AAAAA-TCP_RECV: name:enp0s3: saddr:100932208: daddr:33561200: srtt_us:2691144: RTT:336393: ssthresh:2147483647: cwnd:10: delivered:1: lost:0: retrans:0
[  290.611006] AAAAA-TCP_SEND: name:enp0s3: saddr:33561200: daddr:100932208: srtt_us:2691144: RTT:336393: ssthresh:2147483647: cwnd:10: delivered:1: lost:0: retrans:0
[  290.661782] AAAAA-TCP_RECV: name:enp0s3: saddr:100932208: daddr:16783984: srtt_us:738224: RTT:92278: ssthresh:2147483647: cwnd:10: delivered:1: lost:0: retrans:0
[  290.661827] AAAAA-TCP_SEND: name:enp0s3: saddr:16783984: daddr:100932208: srtt_us:738224: RTT:92278: ssthresh:2147483647: cwnd:10: delivered:1: lost:0: retrans:0
[  290.728269] AAAAA-TCP_RECV: name:enp0s3: saddr:100932208: daddr:16783984: srtt_us:738224: RTT:92278: ssthresh:2147483647: cwnd:10: delivered:1: lost:0: retrans:0
[  290.728305] AAAAA-TCP_SEND: name:enp0s3: saddr:16783984: daddr:100932208: srtt_us:738224: RTT:92278: ssthresh:2147483647: cwnd:10: delivered:1: lost:0: retrans:0
[  290.780545] AAAAA-TCP_RECV: name:enp0s3: saddr:100932208: daddr:33561200: srtt_us:2691144: RTT:336393: ssthresh:2147483647: cwnd:10: delivered:1: lost:0: retrans:0
[  290.781608] AAAAA-TCP_SEND: name:enp0s3: saddr:33561200: daddr:100932208: srtt_us:2691144: RTT:336393: ssthresh:2147483647: cwnd:10: delivered:1: lost:0: retrans:0
[  290.843160] AAAAA-TCP_RECV: name:enp0s3: saddr:100932208: daddr:33561200: srtt_us:2691144: RTT:336393: ssthresh:2147483647: cwnd:10: delivered:1: lost:0: retrans:0
[  290.844219] AAAAA-TCP_SEND: name:enp0s3: saddr:33561200: daddr:100932208: srtt_us:2691144: RTT:336393: ssthresh:2147483647: cwnd:10: delivered:1: lost:0: retrans:0
[  290.899431] AAAAA-TCP_RECV: name:enp0s3: saddr:100932208: daddr:16783984: srtt_us:738224: RTT:92278: ssthresh:2147483647: cwnd:10: delivered:1: lost:0: retrans:0
[  290.899457] AAAAA-TCP_SEND: name:enp0s3: saddr:16783984: daddr:100932208: srtt_us:738224: RTT:92278: ssthresh:2147483647: cwnd:10: delivered:1: lost:0: retrans:0
[  290.961346] AAAAA-TCP_RECV: name:enp0s3: saddr:100932208: daddr:33561200: srtt_us:2691144: RTT:336393: ssthresh:2147483647: cwnd:10: delivered:1: lost:0: retrans:0
[  290.962418] AAAAA-TCP_SEND: name:enp0s3: saddr:33561200: daddr:100932208: srtt_us:2691144: RTT:336393: ssthresh:2147483647: cwnd:10: delivered:1: lost:0: retrans:0
[  291.010615] AAAAA-TCP_RECV: name:enp0s3: saddr:100932208: daddr:16783984: srtt_us:738224: RTT:92278: ssthresh:2147483647: cwnd:10: delivered:1: lost:0: retrans:0
[  291.010644] AAAAA-TCP_SEND: name:enp0s3: saddr:16783984: daddr:100932208: srtt_us:738224: RTT:92278: ssthresh:2147483647: cwnd:10: delivered:1: lost:0: retrans:0
[  291.067529] AAAAA-TCP_RECV: name:enp0s3: saddr:100932208: daddr:16783984: srtt_us:738224: RTT:92278: ssthresh:2147483647: cwnd:10: delivered:1: lost:0: retrans:0
[  291.067562] AAAAA-TCP_SEND: name:enp0s3: saddr:16783984: daddr:100932208: srtt_us:738224: RTT:92278: ssthresh:2147483647: cwnd:10: delivered:1: lost:0: retrans:0
[  291.119546] AAAAA-TCP_RECV: name:enp0s3: saddr:100932208: daddr:33561200: srtt_us:2691144: RTT:336393: ssthresh:2147483647: cwnd:10: delivered:1: lost:0: retrans:0
[  291.120610] AAAAA-TCP_SEND: name:enp0s3: saddr:33561200: daddr:100932208: srtt_us:2691144: RTT:336393: ssthresh:2147483647: cwnd:10: delivered:1: lost:0: retrans:0
[  291.175488] AAAAA-TCP_RECV: name:enp0s3: saddr:100932208: daddr:33561200: srtt_us:2691144: RTT:336393: ssthresh:2147483647: cwnd:10: delivered:1: lost:0: retrans:0
[  291.176547] AAAAA-TCP_SEND: name:enp0s3: saddr:33561200: daddr:100932208: srtt_us:2691144: RTT:336393: ssthresh:2147483647: cwnd:10: delivered:1: lost:0: retrans:0
[  291.226113] AAAAA-TCP_RECV: name:enp0s3: saddr:100932208: daddr:16783984: srtt_us:738224: RTT:92278: ssthresh:2147483647: cwnd:10: delivered:1: lost:0: retrans:0
[  291.226139] AAAAA-TCP_SEND: name:enp0s3: saddr:16783984: daddr:100932208: srtt_us:738224: RTT:92278: ssthresh:2147483647: cwnd:10: delivered:1: lost:0: retrans:0
[  291.277260] AAAAA-TCP_RECV: name:enp0s3: saddr:100932208: daddr:33561200: srtt_us:2691144: RTT:336393: ssthresh:2147483647: cwnd:10: delivered:1: lost:0: retrans:0
[  291.278318] AAAAA-TCP_SEND: name:enp0s3: saddr:33561200: daddr:100932208: srtt_us:2691144: RTT:336393: ssthresh:2147483647: cwnd:10: delivered:1: lost:0: retrans:0
[  291.400070] AAAAA-TCP_RECV: name:enp0s3: saddr:100932208: daddr:16783984: srtt_us:738224: RTT:92278: ssthresh:2147483647: cwnd:10: delivered:1: lost:0: retrans:0
[  291.400107] AAAAA-TCP_SEND: name:enp0s3: saddr:16783984: daddr:100932208: srtt_us:738224: RTT:92278: ssthresh:2147483647: cwnd:10: delivered:1: lost:0: retrans:0
[  291.450945] AAAAA-TCP_RECV: name:enp0s3: saddr:100932208: daddr:16783984: srtt_us:738224: RTT:92278: ssthresh:2147483647: cwnd:10: delivered:1: lost:0: retrans:0
[  291.450981] AAAAA-TCP_SEND: name:enp0s3: saddr:16783984: daddr:100932208: srtt_us:738224: RTT:92278: ssthresh:2147483647: cwnd:10: delivered:1: lost:0: retrans:0
[  291.531011] AAAAA-TCP_RECV: name:enp0s3: saddr:100932208: daddr:33561200: srtt_us:2691144: RTT:336393: ssthresh:2147483647: cwnd:10: delivered:1: lost:0: retrans:0
[  291.532073] AAAAA-TCP_SEND: name:enp0s3: saddr:33561200: daddr:100932208: srtt_us:2691144: RTT:336393: ssthresh:2147483647: cwnd:10: delivered:1: lost:0: retrans:0
[  291.595081] AAAAA-TCP_RECV: name:enp0s3: saddr:100932208: daddr:33561200: srtt_us:2691144: RTT:336393: ssthresh:2147483647: cwnd:10: delivered:1: lost:0: retrans:0
[  291.596138] AAAAA-TCP_SEND: name:enp0s3: saddr:33561200: daddr:100932208: srtt_us:2691144: RTT:336393: ssthresh:2147483647: cwnd:10: delivered:1: lost:0: retrans:0
[  291.635530] AAAAA-TCP_RECV: name:enp0s3: saddr:100932208: daddr:16783984: srtt_us:738224: RTT:92278: ssthresh:2147483647: cwnd:10: delivered:1: lost:0: retrans:0
[  291.635557] AAAAA-TCP_SEND: name:enp0s3: saddr:16783984: daddr:100932208: srtt_us:738224: RTT:92278: ssthresh:2147483647: cwnd:10: delivered:1: lost:0: retrans:0
[  291.732568] AAAAA-TCP_RECV: name:enp0s3: saddr:100932208: daddr:33561200: srtt_us:2691144: RTT:336393: ssthresh:2147483647: cwnd:10: delivered:1: lost:0: retrans:0
[  291.733627] AAAAA-TCP_SEND: name:enp0s3: saddr:33561200: daddr:100932208: srtt_us:2691144: RTT:336393: ssthresh:2147483647: cwnd:10: delivered:1: lost:0: retrans:0
