[    0.000000] Linux version 5.4.243-mptcp (root@ztg) (gcc version 12.2.0 (Debian 12.2.0-14+deb12u1)) #53 SMP Wed Dec 24 23:28:15 CST 2025
[    0.000000] Command line: BOOT_IMAGE=/boot/vmlinuz-5.4.243-mptcp root=UUID=98415a12-53b7-4144-8265-0f7ece09e445 ro quiet splash
[    0.000000] KERNEL supported cpus:
[    0.000000]   Intel GenuineIntel
[    0.000000]   AMD AuthenticAMD
[    0.000000]   Hygon HygonGenuine
[    0.000000]   Centaur CentaurHauls
[    0.000000]   zhaoxin   Shanghai  
[    0.000000] x86/fpu: Supporting XSAVE feature 0x001: 'x87 floating point registers'
[    0.000000] x86/fpu: Supporting XSAVE feature 0x002: 'SSE registers'
[    0.000000] x86/fpu: Supporting XSAVE feature 0x004: 'AVX registers'
[    0.000000] x86/fpu: xstate_offset[2]:  576, xstate_sizes[2]:  256
[    0.000000] x86/fpu: Enabled xstate features 0x7, context size is 832 bytes, using 'standard' format.
[    0.000000] BIOS-provided physical RAM map:
[    0.000000] BIOS-e820: [mem 0x0000000000000000-0x000000000009fbff] usable
[    0.000000] BIOS-e820: [mem 0x000000000009fc00-0x000000000009ffff] reserved
[    0.000000] BIOS-e820: [mem 0x00000000000f0000-0x00000000000fffff] reserved
[    0.000000] BIOS-e820: [mem 0x0000000000100000-0x000000007ffeffff] usable
[    0.000000] BIOS-e820: [mem 0x000000007fff0000-0x000000007fffffff] ACPI data
[    0.000000] BIOS-e820: [mem 0x00000000fec00000-0x00000000fec00fff] reserved
[    0.000000] BIOS-e820: [mem 0x00000000fee00000-0x00000000fee00fff] reserved
[    0.000000] BIOS-e820: [mem 0x00000000fffc0000-0x00000000ffffffff] reserved
[    0.000000] NX (Execute Disable) protection: active
[    0.000000] SMBIOS 2.5 present.
[    0.000000] DMI: innotek GmbH VirtualBox/VirtualBox, BIOS VirtualBox 12/01/2006
[    0.000000] Hypervisor detected: KVM
[    0.000000] kvm-clock: Using msrs 4b564d01 and 4b564d00
[    0.000000] kvm-clock: cpu 0, msr 6a001001, primary cpu clock
[    0.000001] kvm-clock: using sched offset of 4470006623 cycles
[    0.000003] clocksource: kvm-clock: mask: 0xffffffffffffffff max_cycles: 0x1cd42e4dffb, max_idle_ns: 881590591483 ns
[    0.000005] tsc: Detected 2100.000 MHz processor
[    0.001897] e820: update [mem 0x00000000-0x00000fff] usable ==> reserved
[    0.001899] e820: remove [mem 0x000a0000-0x000fffff] usable
[    0.001903] last_pfn = 0x7fff0 max_arch_pfn = 0x400000000
[    0.001974] MTRR default type: uncachable
[    0.001974] MTRR fixed ranges enabled:
[    0.001976]   00000-9FFFF write-back
[    0.001977]   A0000-BFFFF uncachable
[    0.001977]   C0000-FFFFF write-protect
[    0.001978] MTRR variable ranges enabled:
[    0.001980]   0 base 000000000000 mask 3FFF80000000 write-back
[    0.001980]   1 disabled
[    0.001981]   2 disabled
[    0.001981]   3 disabled
[    0.001981]   4 disabled
[    0.001982]   5 disabled
[    0.001982]   6 disabled
[    0.001983]   7 disabled
[    0.001983]   8 disabled
[    0.001983]   9 disabled
[    0.001984]   10 disabled
[    0.001984]   11 disabled
[    0.001985]   12 disabled
[    0.001985]   13 disabled
[    0.001986]   14 disabled
[    0.001986]   15 disabled
[    0.002002] x86/PAT: Configuration [0-7]: WB  WC  UC- UC  WB  WP  UC- WT  
[    0.002137] found SMP MP-table at [mem 0x0009fff0-0x0009ffff]
[    0.090448] check: Scanning 1 areas for low memory corruption
[    0.090678] RAMDISK: [mem 0x32271000-0x3512ffff]
[    0.090687] ACPI: Early table checksum verification disabled
[    0.090692] ACPI: RSDP 0x00000000000E0000 000024 (v02 VBOX  )
[    0.090697] ACPI: XSDT 0x000000007FFF0030 00003C (v01 VBOX   VBOXXSDT 00000001 ASL  00000061)
[    0.090703] ACPI: FACP 0x000000007FFF00F0 0000F4 (v04 VBOX   VBOXFACP 00000001 ASL  00000061)
[    0.090710] ACPI: DSDT 0x000000007FFF02E0 002353 (v02 VBOX   VBOXBIOS 00000002 VBOX 00029BF3)
[    0.090714] ACPI: FACS 0x000000007FFF0200 000040
[    0.090717] ACPI: FACS 0x000000007FFF0200 000040
[    0.090720] ACPI: APIC 0x000000007FFF0240 000054 (v02 VBOX   VBOXAPIC 00000001 ASL  00000061)
[    0.090724] ACPI: SSDT 0x000000007FFF02A0 000038 (v01 VBOX   VBOXCPUT 00000002 VBOX 00029BF3)
[    0.090727] ACPI: Reserving FACP table memory at [mem 0x7fff00f0-0x7fff01e3]
[    0.090728] ACPI: Reserving DSDT table memory at [mem 0x7fff02e0-0x7fff2632]
[    0.090729] ACPI: Reserving FACS table memory at [mem 0x7fff0200-0x7fff023f]
[    0.090729] ACPI: Reserving FACS table memory at [mem 0x7fff0200-0x7fff023f]
[    0.090730] ACPI: Reserving APIC table memory at [mem 0x7fff0240-0x7fff0293]
[    0.090731] ACPI: Reserving SSDT table memory at [mem 0x7fff02a0-0x7fff02d7]
[    0.090745] ACPI: Local APIC address 0xfee00000
[    0.090936] No NUMA configuration found
[    0.090937] Faking a node at [mem 0x0000000000000000-0x000000007ffeffff]
[    0.090948] NODE_DATA(0) allocated [mem 0x7ffc5000-0x7ffeffff]
[    0.091231] Zone ranges:
[    0.091232]   DMA      [mem 0x0000000000001000-0x0000000000ffffff]
[    0.091233]   DMA32    [mem 0x0000000001000000-0x000000007ffeffff]
[    0.091234]   Normal   empty
[    0.091235]   Device   empty
[    0.091235] Movable zone start for each node
[    0.091237] Early memory node ranges
[    0.091238]   node   0: [mem 0x0000000000001000-0x000000000009efff]
[    0.091239]   node   0: [mem 0x0000000000100000-0x000000007ffeffff]
[    0.091242] Zeroed struct page in unavailable ranges: 114 pages
[    0.091243] Initmem setup node 0 [mem 0x0000000000001000-0x000000007ffeffff]
[    0.091244] On node 0 totalpages: 524174
[    0.091245]   DMA zone: 64 pages used for memmap
[    0.091246]   DMA zone: 21 pages reserved
[    0.091247]   DMA zone: 3998 pages, LIFO batch:0
[    0.091319]   DMA32 zone: 8128 pages used for memmap
[    0.091319]   DMA32 zone: 520176 pages, LIFO batch:63
[    0.100415] ACPI: PM-Timer IO Port: 0x4008
[    0.100418] ACPI: Local APIC address 0xfee00000
[    0.100486] IOAPIC[0]: apic_id 1, version 32, address 0xfec00000, GSI 0-23
[    0.100490] ACPI: INT_SRC_OVR (bus 0 bus_irq 0 global_irq 2 dfl dfl)
[    0.100491] ACPI: INT_SRC_OVR (bus 0 bus_irq 9 global_irq 9 low level)
[    0.100493] ACPI: IRQ0 used by override.
[    0.100494] ACPI: IRQ9 used by override.
[    0.100497] Using ACPI (MADT) for SMP configuration information
[    0.100504] smpboot: Allowing 1 CPUs, 0 hotplug CPUs
[    0.100529] PM: Registered nosave memory: [mem 0x00000000-0x00000fff]
[    0.100530] PM: Registered nosave memory: [mem 0x0009f000-0x0009ffff]
[    0.100531] PM: Registered nosave memory: [mem 0x000a0000-0x000effff]
[    0.100531] PM: Registered nosave memory: [mem 0x000f0000-0x000fffff]
[    0.100533] [mem 0x80000000-0xfebfffff] available for PCI devices
[    0.100534] Booting paravirtualized kernel on KVM
[    0.100537] clocksource: refined-jiffies: mask: 0xffffffff max_cycles: 0xffffffff, max_idle_ns: 7645519600211568 ns
[    0.100542] setup_percpu: NR_CPUS:8192 nr_cpumask_bits:1 nr_cpu_ids:1 nr_node_ids:1
[    0.101546] percpu: Embedded 60 pages/cpu s208896 r8192 d28672 u2097152
[    0.101551] pcpu-alloc: s208896 r8192 d28672 u2097152 alloc=1*2097152
[    0.101552] pcpu-alloc: [0] 0 
[    0.101580] Built 1 zonelists, mobility grouping on.  Total pages: 515961
[    0.101581] Policy zone: DMA32
[    0.101582] Kernel command line: BOOT_IMAGE=/boot/vmlinuz-5.4.243-mptcp root=UUID=98415a12-53b7-4144-8265-0f7ece09e445 ro quiet splash
[    0.102465] Dentry cache hash table entries: 262144 (order: 9, 2097152 bytes, linear)
[    0.102727] Inode-cache hash table entries: 131072 (order: 8, 1048576 bytes, linear)
[    0.102779] mem auto-init: stack:off, heap alloc:on, heap free:off
[    0.102782] Calgary: detecting Calgary via BIOS EBDA area
[    0.102783] Calgary: Unable to locate Rio Grande table in EBDA - bailing!
[    0.106982] Memory: 1967332K/2096696K available (14339K kernel code, 2398K rwdata, 4712K rodata, 2728K init, 17260K bss, 129364K reserved, 0K cma-reserved)
[    0.107882] SLUB: HWalign=64, Order=0-3, MinObjects=0, CPUs=1, Nodes=1
[    0.107899] ftrace: allocating 43186 entries in 169 pages
[    0.126075] rcu: Hierarchical RCU implementation.
[    0.126077] rcu: 	RCU restricting CPUs from NR_CPUS=8192 to nr_cpu_ids=1.
[    0.126078] 	Tasks RCU enabled.
[    0.126079] rcu: RCU calculated value of scheduler-enlistment delay is 25 jiffies.
[    0.126080] rcu: Adjusting geometry for rcu_fanout_leaf=16, nr_cpu_ids=1
[    0.129049] NR_IRQS: 524544, nr_irqs: 256, preallocated irqs: 16
[    0.129272] random: crng init done
[    0.138703] Console: colour VGA+ 80x25
[    0.138707] printk: console [tty0] enabled
[    0.138728] ACPI: Core revision 20190816
[    0.138832] APIC: Switch to symmetric I/O mode setup
[    0.139085] x2apic enabled
[    0.139324] Switched APIC routing to physical x2apic.
[    0.140469] ..TIMER: vector=0x30 apic1=0 pin1=2 apic2=-1 pin2=-1
[    0.140497] clocksource: tsc-early: mask: 0xffffffffffffffff max_cycles: 0x1e4530a99b6, max_idle_ns: 440795257976 ns
[    0.140502] Calibrating delay loop (skipped) preset value.. 4200.00 BogoMIPS (lpj=8400000)
[    0.140504] pid_max: default: 32768 minimum: 301
[    0.140532] LSM: Security Framework initializing
[    0.140541] Yama: becoming mindful.
[    0.140568] AppArmor: AppArmor initialized
[    0.140601] Mount-cache hash table entries: 4096 (order: 3, 32768 bytes, linear)
[    0.140606] Mountpoint-cache hash table entries: 4096 (order: 3, 32768 bytes, linear)
[    0.140616] *** VALIDATE tmpfs ***
[    0.140748] *** VALIDATE proc ***
[    0.140788] *** VALIDATE cgroup1 ***
[    0.140790] *** VALIDATE cgroup2 ***
[    0.140940] process: using mwait in idle threads
[    0.140944] Last level iTLB entries: 4KB 64, 2MB 8, 4MB 8
[    0.140945] Last level dTLB entries: 4KB 64, 2MB 0, 4MB 0, 1GB 4
[    0.140965] Spectre V1 : Mitigation: usercopy/swapgs barriers and __user pointer sanitization
[    0.140971] Spectre V2 : Mitigation: Retpolines
[    0.140971] Spectre V2 : Spectre v2 / SpectreRSB mitigation: Filling RSB on context switch
[    0.140972] Spectre V2 : Spectre v2 / SpectreRSB : Filling RSB on VMEXIT
[    0.140972] RETBleed: WARNING: Spectre v2 mitigation leaves CPU vulnerable to RETBleed attacks, data leaks possible!
[    0.141340] RETBleed: Vulnerable
[    0.141340] Speculative Store Bypass: Vulnerable
[    0.141345] TAA: Mitigation: TSX disabled
[    0.141345] MMIO Stale Data: Mitigation: Clear CPU buffers
[    0.145583] Freeing SMP alternatives memory: 40K
[    0.256498] APIC calibration not consistent with PM-Timer: 96ms instead of 100ms
[    0.256498] APIC delta adjusted to PM-Timer: 6250245 (6010593)
[    0.256498] smpboot: CPU0: Intel(R) Xeon(R) Silver 4216 CPU @ 2.10GHz (family: 0x6, model: 0x55, stepping: 0x7)
[    0.256498] Performance Events: unsupported p6 CPU model 85 no PMU driver, software events only.
[    0.256498] rcu: Hierarchical SRCU implementation.
[    0.256819] NMI watchdog: Perf NMI watchdog permanently disabled
[    0.256858] smp: Bringing up secondary CPUs ...
[    0.256859] smp: Brought up 1 node, 1 CPU
[    0.256860] smpboot: Max logical packages: 1
[    0.256861] smpboot: Total of 1 processors activated (4200.00 BogoMIPS)
[    0.257828] devtmpfs: initialized
[    0.257875] x86/mm: Memory block size: 128MB
[    0.258225] clocksource: jiffies: mask: 0xffffffff max_cycles: 0xffffffff, max_idle_ns: 7645041785100000 ns
[    0.258231] futex hash table entries: 256 (order: 2, 16384 bytes, linear)
[    0.258275] pinctrl core: initialized pinctrl subsystem
[    0.258379] PM: RTC time: 22:00:32, date: 2026-01-13
[    0.258487] NET: Registered protocol family 16
[    0.258561] audit: initializing netlink subsys (disabled)
[    0.258690] EISA bus registered
[    0.258691] cpuidle: using governor ladder
[    0.258692] cpuidle: using governor menu
[    0.258729] ACPI: bus type PCI registered
[    0.258731] acpiphp: ACPI Hot Plug PCI Controller Driver version: 0.5
[    0.258835] PCI: Using configuration type 1 for base access
[    0.260498] audit: type=2000 audit(1768312838.738:1): state=initialized audit_enabled=0 res=1
[    0.260551] HugeTLB registered 2.00 MiB page size, pre-allocated 0 pages
[    0.261366] ACPI: Added _OSI(Module Device)
[    0.261367] ACPI: Added _OSI(Processor Device)
[    0.261368] ACPI: Added _OSI(3.0 _SCP Extensions)
[    0.261368] ACPI: Added _OSI(Processor Aggregator Device)
[    0.261369] ACPI: Added _OSI(Linux-Dell-Video)
[    0.261370] ACPI: Added _OSI(Linux-Lenovo-NV-HDMI-Audio)
[    0.261371] ACPI: Added _OSI(Linux-HPI-Hybrid-Graphics)
[    0.263315] ACPI: 2 ACPI AML tables successfully acquired and loaded
[    0.264838] ACPI: Interpreter enabled
[    0.264848] ACPI: (supports S0 S5)
[    0.264849] ACPI: Using IOAPIC for interrupt routing
[    0.265055] PCI: Using host bridge windows from ACPI; if necessary, use "pci=nocrs" and report a bug
[    0.265162] ACPI: Enabled 2 GPEs in block 00 to 07
[    0.270216] ACPI: PCI Root Bridge [PCI0] (domain 0000 [bus 00-ff])
[    0.270222] acpi PNP0A03:00: _OSC: OS supports [ASPM ClockPM Segments MSI HPX-Type3]
[    0.270690] acpi PNP0A03:00: _OSC: not requesting OS control; OS requires [ExtendedConfig ASPM ClockPM MSI]
[    0.270698] acpi PNP0A03:00: fail to add MMCONFIG information, can't access extended PCI configuration space under this bridge.
[    0.271093] PCI host bridge to bus 0000:00
[    0.271095] pci_bus 0000:00: root bus resource [io  0x0000-0x0cf7 window]
[    0.271096] pci_bus 0000:00: root bus resource [io  0x0d00-0xffff window]
[    0.271097] pci_bus 0000:00: root bus resource [mem 0x000a0000-0x000bffff window]
[    0.271099] pci_bus 0000:00: root bus resource [mem 0x80000000-0xfdffffff window]
[    0.271100] pci_bus 0000:00: root bus resource [bus 00-ff]
[    0.271147] pci 0000:00:00.0: [8086:1237] type 00 class 0x060000
[    0.272115] pci 0000:00:01.0: [8086:7000] type 00 class 0x060100
[    0.273043] pci 0000:00:01.1: [8086:7111] type 00 class 0x01018a
[    0.273436] pci 0000:00:01.1: reg 0x20: [io  0xd000-0xd00f]
[    0.273597] pci 0000:00:01.1: legacy IDE quirk: reg 0x10: [io  0x01f0-0x01f7]
[    0.273598] pci 0000:00:01.1: legacy IDE quirk: reg 0x14: [io  0x03f6]
[    0.273599] pci 0000:00:01.1: legacy IDE quirk: reg 0x18: [io  0x0170-0x0177]
[    0.273600] pci 0000:00:01.1: legacy IDE quirk: reg 0x1c: [io  0x0376]
[    0.274156] pci 0000:00:02.0: [15ad:0405] type 00 class 0x030000
[    0.276583] pci 0000:00:02.0: reg 0x10: [io  0xd010-0xd01f]
[    0.280548] pci 0000:00:02.0: reg 0x14: [mem 0xe0000000-0xe7ffffff pref]
[    0.283458] pci 0000:00:02.0: reg 0x18: [mem 0xf0000000-0xf01fffff]
[    0.293312] pci 0000:00:03.0: [1022:2000] type 00 class 0x020000
[    0.294004] pci 0000:00:03.0: reg 0x10: [io  0xd020-0xd03f]
[    0.294618] pci 0000:00:03.0: reg 0x14: [mem 0xf0200000-0xf0200fff]
[    0.299989] pci 0000:00:04.0: [80ee:cafe] type 00 class 0x088000
[    0.300614] pci 0000:00:04.0: reg 0x10: [io  0xd040-0xd05f]
[    0.301376] pci 0000:00:04.0: reg 0x14: [mem 0xf0400000-0xf07fffff]
[    0.302234] pci 0000:00:04.0: reg 0x18: [mem 0xf0800000-0xf0803fff pref]
[    0.305867] pci 0000:00:07.0: [8086:7113] type 00 class 0x068000
[    0.306414] pci 0000:00:07.0: quirk: [io  0x4000-0x403f] claimed by PIIX4 ACPI
[    0.306424] pci 0000:00:07.0: quirk: [io  0x4100-0x410f] claimed by PIIX4 SMB
[    0.307029] pci 0000:00:08.0: [8086:100e] type 00 class 0x020000
[    0.307788] pci 0000:00:08.0: reg 0x10: [mem 0xf0820000-0xf083ffff]
[    0.309189] pci 0000:00:08.0: reg 0x18: [io  0xd060-0xd067]
[    0.312385] pci 0000:00:09.0: [8086:100e] type 00 class 0x020000
[    0.313149] pci 0000:00:09.0: reg 0x10: [mem 0xf0840000-0xf085ffff]
[    0.314301] pci 0000:00:09.0: reg 0x18: [io  0xd068-0xd06f]
[    0.325328] ACPI: PCI Interrupt Link [LNKA] (IRQs 5 9 10 *11)
[    0.325611] ACPI: PCI Interrupt Link [LNKB] (IRQs 5 9 *10 11)
[    0.325711] ACPI: PCI Interrupt Link [LNKC] (IRQs 5 *9 10 11)
[    0.325814] ACPI: PCI Interrupt Link [LNKD] (IRQs 5 9 10 *11)
[    0.326079] iommu: Default domain type: Translated 
[    0.326136] pci 0000:00:02.0: vgaarb: setting as boot VGA device
[    0.326138] pci 0000:00:02.0: vgaarb: VGA device added: decodes=io+mem,owns=io+mem,locks=none
[    0.326140] pci 0000:00:02.0: vgaarb: bridge control possible
[    0.326141] vgaarb: loaded
[    0.326353] SCSI subsystem initialized
[    0.326383] libata version 3.00 loaded.
[    0.326410] ACPI: bus type USB registered
[    0.326426] usbcore: registered new interface driver usbfs
[    0.326432] usbcore: registered new interface driver hub
[    0.326437] usbcore: registered new device driver usb
[    0.326464] pps_core: LinuxPPS API ver. 1 registered
[    0.326465] pps_core: Software ver. 5.3.6 - Copyright 2005-2007 Rodolfo Giometti <giometti@linux.it>
[    0.326467] PTP clock support registered
[    0.326503] EDAC MC: Ver: 3.0.0
[    0.326785] PCI: Using ACPI for IRQ routing
[    0.326786] PCI: pci_cache_line_size set to 64 bytes
[    0.326963] e820: reserve RAM buffer [mem 0x0009fc00-0x0009ffff]
[    0.326966] e820: reserve RAM buffer [mem 0x7fff0000-0x7fffffff]
[    0.327757] NetLabel: Initializing
[    0.327757] NetLabel:  domain hash size = 128
[    0.327758] NetLabel:  protocols = UNLABELED CIPSOv4 CALIPSO
[    0.327777] NetLabel:  unlabeled traffic allowed by default
[    0.328574] clocksource: Switched to clocksource kvm-clock
[    0.342865] *** VALIDATE bpf ***
[    0.342927] VFS: Disk quotas dquot_6.6.0
[    0.342939] VFS: Dquot-cache hash table entries: 512 (order 0, 4096 bytes)
[    0.342960] *** VALIDATE ramfs ***
[    0.342963] *** VALIDATE hugetlbfs ***
[    0.343043] AppArmor: AppArmor Filesystem Enabled
[    0.343067] pnp: PnP ACPI init
[    0.343127] pnp 00:00: Plug and Play ACPI device, IDs PNP0303 (active)
[    0.343193] pnp 00:01: Plug and Play ACPI device, IDs PNP0f03 (active)
[    0.343938] pnp: PnP ACPI: found 2 devices
[    0.344897] thermal_sys: Registered thermal governor 'fair_share'
[    0.344898] thermal_sys: Registered thermal governor 'bang_bang'
[    0.344898] thermal_sys: Registered thermal governor 'step_wise'
[    0.344899] thermal_sys: Registered thermal governor 'user_space'
[    0.344899] thermal_sys: Registered thermal governor 'power_allocator'
[    0.349412] clocksource: acpi_pm: mask: 0xffffff max_cycles: 0xffffff, max_idle_ns: 2085701024 ns
[    0.349451] pci_bus 0000:00: resource 4 [io  0x0000-0x0cf7 window]
[    0.349452] pci_bus 0000:00: resource 5 [io  0x0d00-0xffff window]
[    0.349454] pci_bus 0000:00: resource 6 [mem 0x000a0000-0x000bffff window]
[    0.349455] pci_bus 0000:00: resource 7 [mem 0x80000000-0xfdffffff window]
[    0.349513] NET: Registered protocol family 2
[    0.349587] IP idents hash table entries: 32768 (order: 6, 262144 bytes, linear)
[    0.349995] MPTCP tokens hash table entries: 8192 (order: 4, 65536 bytes, linear)
[    0.350015] MPTCP request tokens hash table entries: 8192 (order: 4, 65536 bytes, linear)
[    0.350040] default registered
[    0.350041] default registered
[    0.350041] MPTCP: Stable release v0.96
[    0.350046] tcp_listen_portaddr_hash hash table entries: 1024 (order: 2, 16384 bytes, linear)
[    0.350125] TCP established hash table entries: 16384 (order: 5, 131072 bytes, linear)
[    0.350190] TCP bind hash table entries: 16384 (order: 6, 262144 bytes, linear)
[    0.350216] TCP: Hash tables configured (established 16384 bind 16384)
[    0.350898] UDP hash table entries: 1024 (order: 3, 32768 bytes, linear)
[    0.350910] UDP-Lite hash table entries: 1024 (order: 3, 32768 bytes, linear)
[    0.350943] NET: Registered protocol family 1
[    0.350951] NET: Registered protocol family 44
[    0.350970] pci 0000:00:00.0: Limiting direct PCI/PCI transfers
[    0.350983] pci 0000:00:01.0: Activating ISA DMA hang workarounds
[    0.351040] pci 0000:00:02.0: Video device with shadowed ROM at [mem 0x000c0000-0x000dffff]
[    0.351104] PCI: CLS 0 bytes, default 64
[    0.351171] Trying to unpack rootfs image as initramfs...
[    0.524031] Freeing initrd memory: 47868K
[    0.524031] clocksource: tsc: mask: 0xffffffffffffffff max_cycles: 0x1e4530a99b6, max_idle_ns: 440795257976 ns
[    0.524031] clocksource: Switched to clocksource tsc
[    0.524031] platform rtc_cmos: registered platform RTC device (no PNP device found)
[    0.524031] check: Scanning for low memory corruption every 60 seconds
[    0.524031] Initialise system trusted keyrings
[    0.524031] Key type blacklist registered
[    0.524031] workingset: timestamp_bits=36 max_order=19 bucket_order=0
[    0.524031] zbud: loaded
[    0.524031] squashfs: version 4.0 (2009/01/31) Phillip Lougher
[    0.524031] fuse: init (API version 7.31)
[    0.524031] *** VALIDATE fuse ***
[    0.524031] *** VALIDATE fuse ***
[    0.524031] Platform Keyring initialized
[    0.524031] Key type asymmetric registered
[    0.524031] Asymmetric key parser 'x509' registered
[    0.524031] Block layer SCSI generic (bsg) driver version 0.4 loaded (major 244)
[    0.524031] io scheduler mq-deadline registered
[    0.524031] shpchp: Standard Hot Plug PCI Controller Driver version: 0.4
[    0.534662] ACPI: AC Adapter [AC] (on-line)
[    0.534709] input: Power Button as /devices/LNXSYSTM:00/LNXPWRBN:00/input/input0
[    0.534737] ACPI: Power Button [PWRF]
[    0.534877] input: Sleep Button as /devices/LNXSYSTM:00/LNXSLPBN:00/input/input1
[    0.534893] ACPI: Sleep Button [SLPF]
[    0.535140] Serial: 8250/16550 driver, 32 ports, IRQ sharing enabled
[    0.536318] Linux agpgart interface v0.103
[    0.631279] loop: module loaded
[    0.631430] ata_piix 0000:00:01.1: version 2.13
[    0.631835] scsi host0: ata_piix
[    0.631923] scsi host1: ata_piix
[    0.631950] ata1: PATA max UDMA/33 cmd 0x1f0 ctl 0x3f6 bmdma 0xd000 irq 14
[    0.631951] ata2: PATA max UDMA/33 cmd 0x170 ctl 0x376 bmdma 0xd008 irq 15
[    0.632032] tun: Universal TUN/TAP device driver, 1.6
[    0.632358] PPP generic driver version 2.4.2
[    0.632403] VFIO - User Level meta-driver version: 0.3
[    0.632657] ehci_hcd: USB 2.0 'Enhanced' Host Controller (EHCI) Driver
[    0.632661] ehci-pci: EHCI PCI platform driver
[    0.632676] ehci-platform: EHCI generic platform driver
[    0.632682] ohci_hcd: USB 1.1 'Open' Host Controller (OHCI) Driver
[    0.632683] ohci-pci: OHCI PCI platform driver
[    0.632690] ohci-platform: OHCI generic platform driver
[    0.632695] uhci_hcd: USB Universal Host Controller Interface driver
[    0.632761] i8042: PNP: PS/2 Controller [PNP0303:PS2K,PNP0f03:PS2M] at 0x60,0x64 irq 1,12
[    0.633203] serio: i8042 KBD port at 0x60,0x64 irq 1
[    0.633207] serio: i8042 AUX port at 0x60,0x64 irq 12
[    0.633292] mousedev: PS/2 mouse device common for all mice
[    0.633550] input: AT Translated Set 2 keyboard as /devices/platform/i8042/serio0/input/input2
[    0.633947] rtc_cmos rtc_cmos: registered as rtc0
[    0.633960] rtc_cmos rtc_cmos: alarms up to one day, 114 bytes nvram
[    0.633966] i2c /dev entries driver
[    0.634009] device-mapper: uevent: version 1.0.3
[    0.634051] device-mapper: ioctl: 4.41.0-ioctl (2019-09-16) initialised: dm-devel@redhat.com
[    0.634067] platform eisa.0: Probing EISA bus 0
[    0.634068] platform eisa.0: EISA: Cannot allocate resource for mainboard
[    0.634069] platform eisa.0: Cannot allocate resource for EISA slot 1
[    0.634070] platform eisa.0: Cannot allocate resource for EISA slot 2
[    0.634072] platform eisa.0: Cannot allocate resource for EISA slot 3
[    0.634073] platform eisa.0: Cannot allocate resource for EISA slot 4
[    0.634073] platform eisa.0: Cannot allocate resource for EISA slot 5
[    0.634074] platform eisa.0: Cannot allocate resource for EISA slot 6
[    0.634075] platform eisa.0: Cannot allocate resource for EISA slot 7
[    0.634076] platform eisa.0: Cannot allocate resource for EISA slot 8
[    0.634077] platform eisa.0: EISA: Detected 0 cards
[    0.634080] intel_pstate: CPU model not supported
[    0.634089] ledtrig-cpu: registered to indicate activity on CPUs
[    0.634141] drop_monitor: Initializing network drop monitor service
[    0.634300] NET: Registered protocol family 10
[    0.639409] Segment Routing with IPv6
[    0.639428] fullmesh registered
[    0.639428] ndiffports registered
[    0.639428] binder registered
[    0.639428] roundrobin registered
[    0.639428] redundant registered
[    0.639428] blest registered
[    0.639428] ecf registered
[    0.639428] NET: Registered protocol family 17
[    0.639428] Key type dns_resolver registered
[    0.639428] RAS: Correctable Errors collector initialized.
[    0.639428] IPI shorthand broadcast: enabled
[    0.639428] sched_clock: Marking stable (624191081, 11237221)->(635693229, -264927)
[    0.639652] registered taskstats version 1
[    0.639662] Loading compiled-in X.509 certificates
[    0.640251] Loaded X.509 cert 'Build time autogenerated kernel key: 6909f3744cebb3d0de528d5887b96a727de79b1e'
[    0.640270] zswap: loaded using pool lzo/zbud
[    0.640323] Key type ._fscrypt registered
[    0.640324] Key type .fscrypt registered
[    0.644747] Key type big_key registered
[    0.646949] Key type encrypted registered
[    0.646952] AppArmor: AppArmor sha1 policy hashing enabled
[    0.646959] ima: No TPM chip found, activating TPM-bypass!
[    0.646962] ima: Allocated hash algorithm: sha1
[    0.646968] ima: No architecture policies found
[    0.646977] evm: Initialising EVM extended attributes:
[    0.646978] evm: security.selinux
[    0.646979] evm: security.SMACK64
[    0.646979] evm: security.SMACK64EXEC
[    0.646979] evm: security.SMACK64TRANSMUTE
[    0.646980] evm: security.SMACK64MMAP
[    0.646980] evm: security.apparmor
[    0.646981] evm: security.ima
[    0.646981] evm: security.capability
[    0.646982] evm: HMAC attrs: 0x1
[    0.647277] PM:   Magic number: 10:242:47
[    0.647377] rtc_cmos rtc_cmos: setting system clock to 2026-01-13T22:00:33 UTC (1768341633)
[    0.804720] ata1.00: ATA-6: VBOX HARDDISK, 1.0, max UDMA/133
[    0.804723] ata1.00: 209715200 sectors, multi 128: LBA 
[    0.805398] scsi 0:0:0:0: Direct-Access     ATA      VBOX HARDDISK    1.0  PQ: 0 ANSI: 5
[    0.805695] sd 0:0:0:0: [sda] 209715200 512-byte logical blocks: (107 GB/100 GiB)
[    0.805707] sd 0:0:0:0: [sda] Write Protect is off
[    0.805710] sd 0:0:0:0: [sda] Mode Sense: 00 3a 00 00
[    0.805730] sd 0:0:0:0: [sda] Write cache: enabled, read cache: enabled, doesn't support DPO or FUA
[    0.806055] sd 0:0:0:0: Attached scsi generic sg0 type 0
[    0.807237]  sda: sda1 sda2
[    0.819456] sd 0:0:0:0: [sda] Attached SCSI disk
[    0.822809] Freeing unused decrypted memory: 2040K
[    0.823787] Freeing unused kernel image memory: 2728K
[    0.823790] Write protecting the kernel read-only data: 22528k
[    0.824829] Freeing unused kernel image memory: 2036K
[    0.825391] Freeing unused kernel image memory: 1432K
[    0.852432] x86/mm: Checked W+X mappings: passed, no W+X pages found.
[    0.852437] Run /init as init process
[    0.956168] ACPI: Video Device [GFX0] (multi-head: yes  rom: no  post: no)
[    0.956240] input: Video Bus as /devices/LNXSYSTM:00/LNXSYBUS:00/PNP0A03:00/LNXVIDEO:00/input/input4
[    0.967551] pcnet32: pcnet32.c:v1.35 21.Apr.2008 tsbogend@alpha.franken.de
[    0.969249] piix4_smbus 0000:00:07.0: SMBus Host Controller at 0x4100, revision 0
[    0.971738] e1000: Intel(R) PRO/1000 Network Driver - version 7.3.21-k8-NAPI
[    0.971739] e1000: Copyright (c) 1999-2006 Intel Corporation.
[    0.978252] pcnet32: PCnet/FAST III 79C973 at 0xd020, 08:00:27:f9:a7:bb assigned IRQ 19
[    0.978299] pcnet32: Found PHY 0022:561b at address 0
[    0.978600] pcnet32: eth0: registered as PCnet/FAST III 79C973
[    0.988016] pcnet32: 1 cards_found
[    1.040469] pcnet32 0000:00:03.0 enp0s3: renamed from eth0
[    1.196038] input: ImExPS/2 Generic Explorer Mouse as /devices/platform/i8042/serio1/input/input5
[    1.379569] e1000 0000:00:08.0 eth0: (PCI:33MHz:32-bit) 08:00:27:eb:1a:f7
[    1.379573] e1000 0000:00:08.0 eth0: Intel(R) PRO/1000 Network Connection
[    1.751652] e1000 0000:00:09.0 eth1: (PCI:33MHz:32-bit) 08:00:27:06:c1:07
[    1.751655] e1000 0000:00:09.0 eth1: Intel(R) PRO/1000 Network Connection
[    1.752810] e1000 0000:00:09.0 enp0s9: renamed from eth1
[    1.754593] e1000 0000:00:08.0 enp0s8: renamed from eth0
[    1.913715] EXT4-fs (sda2): mounted filesystem with ordered data mode. Opts: (null)
[    2.005367] systemd[1]: Inserted module 'autofs4'
[    2.016320] systemd[1]: systemd 245.4-4ubuntu3 running in system mode. (+PAM +AUDIT +SELINUX +IMA +APPARMOR +SMACK +SYSVINIT +UTMP +LIBCRYPTSETUP +GCRYPT +GNUTLS +ACL +XZ +LZ4 +SECCOMP +BLKID +ELFUTILS +KMOD +IDN2 -IDN +PCRE2 default-hierarchy=hybrid)
[    2.016351] systemd[1]: Detected virtualization oracle.
[    2.016354] systemd[1]: Detected architecture x86-64.
[    2.017647] systemd[1]: Set hostname to <ztg>.
[    2.143207] systemd[1]: /lib/systemd/system/dbus.socket:5: ListenStream= references a path below legacy directory /var/run/, updating /var/run/dbus/system_bus_socket â†’ /run/dbus/system_bus_socket; please update the unit file accordingly.
[    2.195886] systemd[1]: Created slice system-modprobe.slice.
[    2.196069] systemd[1]: Created slice User and Session Slice.
[    2.196114] systemd[1]: Started Forward Password Requests to Wall Directory Watch.
[    2.196270] systemd[1]: Set up automount Arbitrary Executable File Formats File System Automount Point.
[    2.196303] systemd[1]: Reached target User and Group Name Lookups.
[    2.196312] systemd[1]: Reached target Remote File Systems.
[    2.196320] systemd[1]: Reached target Slices.
[    2.196882] systemd[1]: Listening on Syslog Socket.
[    2.196950] systemd[1]: Listening on fsck to fsckd communication Socket.
[    2.196987] systemd[1]: Listening on initctl Compatibility Named Pipe.
[    2.197121] systemd[1]: Listening on Journal Audit Socket.
[    2.197173] systemd[1]: Listening on Journal Socket (/dev/log).
[    2.197238] systemd[1]: Listening on Journal Socket.
[    2.197300] systemd[1]: Listening on udev Control Socket.
[    2.197340] systemd[1]: Listening on udev Kernel Socket.
[    2.198081] systemd[1]: Mounting Huge Pages File System...
[    2.199006] systemd[1]: Mounting POSIX Message Queue File System...
[    2.199954] systemd[1]: Mounting Kernel Debug File System...
[    2.200866] systemd[1]: Mounting Kernel Trace File System...
[    2.203309] systemd[1]: Starting Journal Service...
[    2.225696] systemd[1]: Starting Set the console keyboard layout...
[    2.233571] systemd[1]: Starting Create list of static device nodes for the current kernel...
[    2.235638] systemd[1]: Starting Load Kernel Module drm...
[    2.236752] systemd[1]: Condition check resulted in Set Up Additional Binary Formats being skipped.
[    2.236801] systemd[1]: Condition check resulted in File System Check on Root Device being skipped.
[    2.249708] systemd[1]: Starting Load Kernel Modules...
[    2.254975] systemd[1]: Starting Remount Root and Kernel File Systems...
[    2.264517] systemd[1]: Starting udev Coldplug all Devices...
[    2.274602] systemd[1]: Starting Uncomplicated firewall...
[    2.275898] systemd[1]: Mounted Huge Pages File System.
[    2.275988] systemd[1]: Mounted POSIX Message Queue File System.
[    2.276060] systemd[1]: Mounted Kernel Debug File System.
[    2.276127] systemd[1]: Mounted Kernel Trace File System.
[    2.278332] EXT4-fs (sda2): re-mounted. Opts: errors=remount-ro
[    2.315643] systemd[1]: Finished Create list of static device nodes for the current kernel.
[    2.316655] systemd[1]: modprobe@drm.service: Succeeded.
[    2.322450] systemd[1]: Finished Load Kernel Module drm.
[    2.323079] systemd[1]: Finished Remount Root and Kernel File Systems.
[    2.324704] systemd[1]: Finished Uncomplicated firewall.
[    2.341059] lp: driver loaded but no devices found
[    2.342302] systemd[1]: Condition check resulted in Rebuild Hardware Database being skipped.
[    2.342342] systemd[1]: Condition check resulted in Platform Persistent Storage Archival being skipped.
[    2.343031] systemd[1]: Starting Load/Save Random Seed...
[    2.349602] systemd[1]: Starting Create System Users...
[    2.356423] ppdev: user-space parallel port driver
[    2.362183] systemd[1]: Finished Load/Save Random Seed.
[    2.366133] systemd[1]: Finished Create System Users.
[    2.366823] systemd[1]: Starting Create Static Device Nodes in /dev...
[    2.412693] systemd[1]: Finished Create Static Device Nodes in /dev.
[    2.413484] systemd[1]: Starting udev Kernel Device Manager...
[    2.420670] systemd[1]: Finished udev Coldplug all Devices.
[    2.458515] [drm] DMA map mode: Caching DMA mappings.
[    2.458608] [drm] Capabilities:
[    2.458608] [drm]   Rect copy.
[    2.458608] [drm]   Cursor.
[    2.458609] [drm]   Cursor bypass.
[    2.458609] [drm]   Cursor bypass 2.
[    2.458610] [drm]   Alpha cursor.
[    2.458610] [drm]   Extended Fifo.
[    2.458610] [drm]   Pitchlock.
[    2.458611] [drm]   Irq mask.
[    2.458611] [drm]   GMR.
[    2.458611] [drm]   Traces.
[    2.458612] [drm]   GMR2.
[    2.458612] [drm]   Screen Object 2.
[    2.458612] [drm]   Command Buffers.
[    2.458613] [drm]   Command Buffers 2.
[    2.458613] [drm]   Guest Backed Resources.
[    2.458614] [drm] Max GMR ids is 8192
[    2.458614] [drm] Max number of GMR pages is 1048576
[    2.458615] [drm] Max dedicated hypervisor surface memory is 393216 kiB
[    2.458615] [drm] Maximum display memory size is 131072 kiB
[    2.458616] [drm] VRAM at 0xe0000000 size is 131072 kiB
[    2.458617] [drm] MMIO at 0xf0000000 size is 2048 kiB
[    2.465942] [TTM] Zone  kernel: Available graphics memory: 1011738 KiB
[    2.465942] [TTM] Initializing pool allocator
[    2.465945] [TTM] Initializing DMA pool allocator
[    2.465973] [drm] Supports vblank timestamp caching Rev 2 (21.10.2013).
[    2.465973] [drm] No driver support for vblank timestamp query.
[    2.466192] [drm] Screen Target Display device initialized
[    2.466421] [drm] width 720
[    2.466430] [drm] height 400
[    2.466434] [drm] bpp 32
[    2.467014] [drm] Fifo max 0x00200000 min 0x00001000 cap 0x00000355
[    2.468106] [drm] Using command buffers with DMA pool.
[    2.468111] [drm] DX: no.
[    2.468112] [drm] Atomic: yes.
[    2.468112] [drm] SM4_1: no.
[    2.468131] [drm:vmw_host_log [vmwgfx]] *ERROR* Failed to send host log message.
[    2.469278] [drm:vmw_host_log [vmwgfx]] *ERROR* Failed to send host log message.
[    2.483025] systemd[1]: Finished Set the console keyboard layout.
[    2.483120] systemd[1]: Reached target Local File Systems (Pre).
[    2.485527] systemd[1]: Mounting Mount unit for bare, revision 5...
[    2.487571] systemd[1]: Mounting Mount unit for core18, revision 1705...
[    2.492613] fbcon: svgadrmfb (fb0) is primary device
[    2.494709] Console: switching to colour frame buffer device 100x37
[    2.501471] systemd[1]: Mounting Mount unit for gnome-3-34-1804, revision 24...
[    2.503882] [drm] Initialized vmwgfx 2.15.0 20180704 for 0000:00:02.0 on minor 0
[    2.520492] systemd[1]: Mounting Mount unit for gtk-common-themes, revision 1506...
[    2.538124] systemd[1]: Mounting Mount unit for gtk-common-themes, revision 1535...
[    2.541164] systemd[1]: Mounting Mount unit for snap-store, revision 433...
[    2.561344] systemd[1]: Mounting Mount unit for snapd, revision 7264...
[    2.565771] systemd[1]: Finished Load Kernel Modules.
[    2.570701] systemd[1]: Mounting FUSE Control File System...
[    2.574374] systemd[1]: Mounting Kernel Configuration File System...
[    2.576088] systemd[1]: Starting Apply Kernel Variables...
[    2.592651] systemd[1]: Mounted FUSE Control File System.
[    2.592737] systemd[1]: Mounted Kernel Configuration File System.
[    2.592793] systemd[1]: Condition check resulted in VMware vmblock fuse mount being skipped.
[    2.598373] systemd[1]: Mounted Mount unit for bare, revision 5.
[    2.608176] systemd[1]: Finished Apply Kernel Variables.
[    2.619646] systemd[1]: Mounted Mount unit for gnome-3-34-1804, revision 24.
[    2.622939] systemd[1]: Started udev Kernel Device Manager.
[    2.623692] systemd[1]: Starting Show Plymouth Boot Screen...
[    2.630114] systemd[1]: Mounted Mount unit for core18, revision 1705.
[    2.630207] systemd[1]: Mounted Mount unit for gtk-common-themes, revision 1506.
[    2.630283] systemd[1]: Mounted Mount unit for gtk-common-themes, revision 1535.
[    2.639269] systemd[1]: Received SIGRTMIN+20 from PID 274 (plymouthd).
[    2.661668] systemd[1]: Mounted Mount unit for snap-store, revision 433.
[    2.661948] systemd[1]: Mounted Mount unit for snapd, revision 7264.
[    2.662125] systemd[1]: Started Show Plymouth Boot Screen.
[    2.662294] systemd[1]: Condition check resulted in Dispatch Password Requests to Console Directory Watch being skipped.
[    2.662371] systemd[1]: Started Forward Password Requests to Plymouth Directory Watch.
[    2.662437] systemd[1]: Reached target Local Encrypted Volumes.
[    2.662491] systemd[1]: Reached target Local File Systems.
[    2.664739] systemd[1]: Starting Load AppArmor profiles...
[    2.665542] systemd[1]: Starting Set console font and keymap...
[    2.678940] systemd[1]: Starting Tell Plymouth To Write Out Runtime Data...
[    2.680409] systemd[1]: Condition check resulted in Store a System Token in an EFI Variable being skipped.
[    2.680460] systemd[1]: Condition check resulted in Commit a transient machine-id on disk being skipped.
[    2.682817] systemd[1]: Finished Set console font and keymap.
[    2.691903] systemd[1]: Received SIGRTMIN+20 from PID 274 (plymouthd).
[    2.693226] systemd[1]: plymouth-read-write.service: Succeeded.
[    2.693455] systemd[1]: Finished Tell Plymouth To Write Out Runtime Data.
[    2.725413] audit: type=1400 audit(1768341635.572:2): apparmor="STATUS" operation="profile_load" profile="unconfined" name="nvidia_modprobe" pid=302 comm="apparmor_parser"
[    2.725415] audit: type=1400 audit(1768341635.572:3): apparmor="STATUS" operation="profile_load" profile="unconfined" name="nvidia_modprobe//kmod" pid=302 comm="apparmor_parser"
[    2.733107] audit: type=1400 audit(1768341635.580:4): apparmor="STATUS" operation="profile_load" profile="unconfined" name="/usr/sbin/tcpdump" pid=303 comm="apparmor_parser"
[    2.774472] audit: type=1400 audit(1768341635.616:5): apparmor="STATUS" operation="profile_load" profile="unconfined" name="/usr/bin/evince" pid=305 comm="apparmor_parser"
[    2.774474] audit: type=1400 audit(1768341635.616:6): apparmor="STATUS" operation="profile_load" profile="unconfined" name="/usr/bin/evince//sanitized_helper" pid=305 comm="apparmor_parser"
[    2.774476] audit: type=1400 audit(1768341635.616:7): apparmor="STATUS" operation="profile_load" profile="unconfined" name="/usr/bin/evince-previewer" pid=305 comm="apparmor_parser"
[    2.774478] audit: type=1400 audit(1768341635.616:8): apparmor="STATUS" operation="profile_load" profile="unconfined" name="/usr/bin/evince-previewer//sanitized_helper" pid=305 comm="apparmor_parser"
[    2.774480] audit: type=1400 audit(1768341635.616:9): apparmor="STATUS" operation="profile_load" profile="unconfined" name="/usr/bin/evince-thumbnailer" pid=305 comm="apparmor_parser"
[    2.805685] audit: type=1400 audit(1768341635.656:10): apparmor="STATUS" operation="profile_load" profile="unconfined" name="/usr/lib/cups/backend/cups-pdf" pid=306 comm="apparmor_parser"
[    2.872441] systemd[1]: Finished Load AppArmor profiles.
[    2.873622] systemd[1]: Starting Load AppArmor profiles managed internally by snapd...
[    2.945726] systemd[1]: Finished Load AppArmor profiles managed internally by snapd.
[    3.187256] systemd[1]: Started Journal Service.
[    3.198348] systemd-journald[229]: Received client request to flush runtime journal.
[    3.203751] systemd-journald[229]: File /var/log/journal/c455b248004a419c87ce85eea238d727/system.journal corrupted or uncleanly shut down, renaming and replacing.
[    4.612708] RAPL PMU: API unit is 2^-32 Joules, 0 fixed counters, 10737418240 ms ovfl timer
[    4.697672] cryptd: max_cpu_qlen set to 1000
[    4.738639] AVX2 version of gcm_enc/dec engaged.
[    4.738640] AES CTR mode by8 optimization enabled
[    5.511506] Adding 1998844k swap on /dev/sda1.  Priority:-2 extents:1 across:1998844k FS
[    6.789818] kauditd_printk_skb: 30 callbacks suppressed
[    6.789820] audit: type=1400 audit(1768341639.640:41): apparmor="DENIED" operation="capable" profile="/usr/sbin/cups-browsed" pid=500 comm="cups-browsed" capability=23  capname="sys_nice"
[    7.610433] pcnet32 0000:00:03.0 enp0s3: link up, 100Mbps, full-duplex
[    7.646741] e1000: enp0s8 NIC Link is Up 1000 Mbps Full Duplex, Flow Control: RX
[    7.647034] IPv6: ADDRCONF(NETDEV_CHANGE): enp0s8: link becomes ready
[    7.659126] e1000: enp0s9 NIC Link is Up 1000 Mbps Full Duplex, Flow Control: RX
[    7.659451] IPv6: ADDRCONF(NETDEV_CHANGE): enp0s9: link becomes ready
[    8.179241] device enp0s3 entered promiscuous mode
[    8.202151] audit: type=1400 audit(1768341641.048:42): apparmor="DENIED" operation="open" profile="/usr/sbin/tcpdump" name="/proc/sys/kernel/random/boot_id" pid=687 comm="tcpdump" requested_mask="r" denied_mask="r" fsuid=0 ouid=0
[    8.202343] audit: type=1400 audit(1768341641.048:43): apparmor="DENIED" operation="open" profile="/usr/sbin/tcpdump" name="/proc/sys/kernel/random/boot_id" pid=687 comm="tcpdump" requested_mask="r" denied_mask="r" fsuid=0 ouid=0
[    8.202386] audit: type=1400 audit(1768341641.048:44): apparmor="DENIED" operation="open" profile="/usr/sbin/tcpdump" name="/proc/sys/kernel/random/boot_id" pid=687 comm="tcpdump" requested_mask="r" denied_mask="r" fsuid=0 ouid=0
[    8.202444] audit: type=1400 audit(1768341641.048:45): apparmor="DENIED" operation="open" profile="/usr/sbin/tcpdump" name="/proc/sys/kernel/random/boot_id" pid=687 comm="tcpdump" requested_mask="r" denied_mask="r" fsuid=0 ouid=0
[    8.210434] audit: type=1400 audit(1768341641.060:46): apparmor="DENIED" operation="open" profile="/usr/sbin/tcpdump" name="/proc/sys/kernel/random/boot_id" pid=688 comm="tcpdump" requested_mask="r" denied_mask="r" fsuid=0 ouid=0
[    8.212000] audit: type=1400 audit(1768341641.060:47): apparmor="DENIED" operation="open" profile="/usr/sbin/tcpdump" name="/proc/sys/kernel/random/boot_id" pid=688 comm="tcpdump" requested_mask="r" denied_mask="r" fsuid=0 ouid=0
[    8.212041] audit: type=1400 audit(1768341641.060:48): apparmor="DENIED" operation="open" profile="/usr/sbin/tcpdump" name="/proc/sys/kernel/random/boot_id" pid=688 comm="tcpdump" requested_mask="r" denied_mask="r" fsuid=0 ouid=0
[    8.212100] audit: type=1400 audit(1768341641.060:49): apparmor="DENIED" operation="open" profile="/usr/sbin/tcpdump" name="/proc/sys/kernel/random/boot_id" pid=688 comm="tcpdump" requested_mask="r" denied_mask="r" fsuid=0 ouid=0
[   12.658957] rfkill: input handler disabled
[  101.892994] rfkill: input handler enabled
[  110.984272] rfkill: input handler disabled
[  284.898953] AAAAA-TCP_FORW: name:enp0s3: saddr:100932208: daddr:33561200
[  285.025723] AAAAA-TCP_FORW: name:enp0s3: saddr:100932208: daddr:33561200
[  285.131483] AAAAA-TCP_FORW: name:enp0s3: saddr:100932208: daddr:16783984
[  285.267035] AAAAA-TCP_FORW: name:enp0s3: saddr:100932208: daddr:33561200
[  285.348770] AAAAA-TCP_FORW: name:enp0s3: saddr:100932208: daddr:33561200
[  285.467722] AAAAA-TCP_FORW: name:enp0s3: saddr:100932208: daddr:16783984
[  285.559481] AAAAA-TCP_FORW: name:enp0s3: saddr:100932208: daddr:33561200
[  285.748675] AAAAA-TCP_FORW: name:enp0s3: saddr:100932208: daddr:33561200
[  286.110887] AAAAA-TCP_FORW: name:enp0s3: saddr:100932208: daddr:33561200
[  286.319484] AAAAA-TCP_FORW: name:enp0s3: saddr:100932208: daddr:33561200
[  286.439424] AAAAA-TCP_FORW: name:enp0s3: saddr:100932208: daddr:16783984
[  286.635382] AAAAA-TCP_FORW: name:enp0s3: saddr:100932208: daddr:33561200
[  286.821716] AAAAA-TCP_FORW: name:enp0s3: saddr:100932208: daddr:33561200
[  286.915639] AAAAA-TCP_FORW: name:enp0s3: saddr:100932208: daddr:33561200
[  287.285010] AAAAA-TCP_FORW: name:enp0s3: saddr:100932208: daddr:33561200
[  287.420053] AAAAA-TCP_FORW: name:enp0s3: saddr:100932208: daddr:33561200
[  287.589170] AAAAA-TCP_FORW: name:enp0s3: saddr:100932208: daddr:33561200
[  287.859983] AAAAA-TCP_FORW: name:enp0s3: saddr:100932208: daddr:33561200
[  287.928330] AAAAA-TCP_FORW: name:enp0s3: saddr:100932208: daddr:33561200
[  288.020237] AAAAA-TCP_FORW: name:enp0s3: saddr:100932208: daddr:33561200
[  288.141598] AAAAA-TCP_FORW: name:enp0s3: saddr:100932208: daddr:33561200
[  288.488769] AAAAA-TCP_FORW: name:enp0s3: saddr:100932208: daddr:33561200
[  288.592144] AAAAA-TCP_FORW: name:enp0s3: saddr:100932208: daddr:33561200
[  288.758109] AAAAA-TCP_FORW: name:enp0s3: saddr:100932208: daddr:33561200
[  288.838586] AAAAA-TCP_FORW: name:enp0s3: saddr:100932208: daddr:33561200
[  289.105109] AAAAA-TCP_FORW: name:enp0s3: saddr:100932208: daddr:16783984
[  289.298577] AAAAA-TCP_FORW: name:enp0s3: saddr:100932208: daddr:16783984
[  289.397216] AAAAA-TCP_FORW: name:enp0s3: saddr:100932208: daddr:16783984
[  289.694403] AAAAA-TCP_FORW: name:enp0s3: saddr:100932208: daddr:33561200
[  289.839116] AAAAA-TCP_FORW: name:enp0s3: saddr:100932208: daddr:33561200
[  289.894514] AAAAA-TCP_FORW: name:enp0s3: saddr:100932208: daddr:33561200
[  391.282906] device enp0s3 left promiscuous mode
