[    0.000000] Linux version 5.4.243-mptcp (root@ztg) (gcc version 12.2.0 (Debian 12.2.0-14+deb12u1)) #53 SMP Wed Dec 24 23:28:15 CST 2025
[    0.000000] Command line: BOOT_IMAGE=/boot/vmlinuz-5.4.243-mptcp root=UUID=98415a12-53b7-4144-8265-0f7ece09e445 ro quiet splash
[    0.000000] KERNEL supported cpus:
[    0.000000]   Intel GenuineIntel
[    0.000000]   AMD AuthenticAMD
[    0.000000]   Hygon HygonGenuine
[    0.000000]   Centaur CentaurHauls
[    0.000000]   zhaoxin   Shanghai  
[    0.000000] x86/fpu: Supporting XSAVE feature 0x001: 'x87 floating point registers'
[    0.000000] x86/fpu: Supporting XSAVE feature 0x002: 'SSE registers'
[    0.000000] x86/fpu: Supporting XSAVE feature 0x004: 'AVX registers'
[    0.000000] x86/fpu: xstate_offset[2]:  576, xstate_sizes[2]:  256
[    0.000000] x86/fpu: Enabled xstate features 0x7, context size is 832 bytes, using 'standard' format.
[    0.000000] BIOS-provided physical RAM map:
[    0.000000] BIOS-e820: [mem 0x0000000000000000-0x000000000009fbff] usable
[    0.000000] BIOS-e820: [mem 0x000000000009fc00-0x000000000009ffff] reserved
[    0.000000] BIOS-e820: [mem 0x00000000000f0000-0x00000000000fffff] reserved
[    0.000000] BIOS-e820: [mem 0x0000000000100000-0x000000007ffeffff] usable
[    0.000000] BIOS-e820: [mem 0x000000007fff0000-0x000000007fffffff] ACPI data
[    0.000000] BIOS-e820: [mem 0x00000000fec00000-0x00000000fec00fff] reserved
[    0.000000] BIOS-e820: [mem 0x00000000fee00000-0x00000000fee00fff] reserved
[    0.000000] BIOS-e820: [mem 0x00000000fffc0000-0x00000000ffffffff] reserved
[    0.000000] NX (Execute Disable) protection: active
[    0.000000] SMBIOS 2.5 present.
[    0.000000] DMI: innotek GmbH VirtualBox/VirtualBox, BIOS VirtualBox 12/01/2006
[    0.000000] Hypervisor detected: KVM
[    0.000000] kvm-clock: Using msrs 4b564d01 and 4b564d00
[    0.000000] kvm-clock: cpu 0, msr 25201001, primary cpu clock
[    0.000000] kvm-clock: using sched offset of 4429125504 cycles
[    0.000002] clocksource: kvm-clock: mask: 0xffffffffffffffff max_cycles: 0x1cd42e4dffb, max_idle_ns: 881590591483 ns
[    0.000005] tsc: Detected 2100.000 MHz processor
[    0.001872] e820: update [mem 0x00000000-0x00000fff] usable ==> reserved
[    0.001874] e820: remove [mem 0x000a0000-0x000fffff] usable
[    0.001878] last_pfn = 0x7fff0 max_arch_pfn = 0x400000000
[    0.001945] MTRR default type: uncachable
[    0.001946] MTRR fixed ranges enabled:
[    0.001947]   00000-9FFFF write-back
[    0.001948]   A0000-BFFFF uncachable
[    0.001949]   C0000-FFFFF write-protect
[    0.001949] MTRR variable ranges enabled:
[    0.001951]   0 base 000000000000 mask 3FFF80000000 write-back
[    0.001951]   1 disabled
[    0.001952]   2 disabled
[    0.001952]   3 disabled
[    0.001953]   4 disabled
[    0.001953]   5 disabled
[    0.001954]   6 disabled
[    0.001954]   7 disabled
[    0.001954]   8 disabled
[    0.001955]   9 disabled
[    0.001955]   10 disabled
[    0.001956]   11 disabled
[    0.001956]   12 disabled
[    0.001956]   13 disabled
[    0.001957]   14 disabled
[    0.001957]   15 disabled
[    0.001974] x86/PAT: Configuration [0-7]: WB  WC  UC- UC  WB  WP  UC- WT  
[    0.002106] found SMP MP-table at [mem 0x0009fff0-0x0009ffff]
[    0.091063] check: Scanning 1 areas for low memory corruption
[    0.091283] RAMDISK: [mem 0x32271000-0x3512ffff]
[    0.091291] ACPI: Early table checksum verification disabled
[    0.091295] ACPI: RSDP 0x00000000000E0000 000024 (v02 VBOX  )
[    0.091300] ACPI: XSDT 0x000000007FFF0030 00003C (v01 VBOX   VBOXXSDT 00000001 ASL  00000061)
[    0.091305] ACPI: FACP 0x000000007FFF00F0 0000F4 (v04 VBOX   VBOXFACP 00000001 ASL  00000061)
[    0.091312] ACPI: DSDT 0x000000007FFF02E0 002353 (v02 VBOX   VBOXBIOS 00000002 VBOX 00029BF3)
[    0.091316] ACPI: FACS 0x000000007FFF0200 000040
[    0.091319] ACPI: FACS 0x000000007FFF0200 000040
[    0.091322] ACPI: APIC 0x000000007FFF0240 000054 (v02 VBOX   VBOXAPIC 00000001 ASL  00000061)
[    0.091326] ACPI: SSDT 0x000000007FFF02A0 000038 (v01 VBOX   VBOXCPUT 00000002 VBOX 00029BF3)
[    0.091330] ACPI: Reserving FACP table memory at [mem 0x7fff00f0-0x7fff01e3]
[    0.091331] ACPI: Reserving DSDT table memory at [mem 0x7fff02e0-0x7fff2632]
[    0.091331] ACPI: Reserving FACS table memory at [mem 0x7fff0200-0x7fff023f]
[    0.091332] ACPI: Reserving FACS table memory at [mem 0x7fff0200-0x7fff023f]
[    0.091333] ACPI: Reserving APIC table memory at [mem 0x7fff0240-0x7fff0293]
[    0.091333] ACPI: Reserving SSDT table memory at [mem 0x7fff02a0-0x7fff02d7]
[    0.091347] ACPI: Local APIC address 0xfee00000
[    0.091533] No NUMA configuration found
[    0.091534] Faking a node at [mem 0x0000000000000000-0x000000007ffeffff]
[    0.091544] NODE_DATA(0) allocated [mem 0x7ffc5000-0x7ffeffff]
[    0.091804] Zone ranges:
[    0.091805]   DMA      [mem 0x0000000000001000-0x0000000000ffffff]
[    0.091806]   DMA32    [mem 0x0000000001000000-0x000000007ffeffff]
[    0.091807]   Normal   empty
[    0.091807]   Device   empty
[    0.091808] Movable zone start for each node
[    0.091810] Early memory node ranges
[    0.091811]   node   0: [mem 0x0000000000001000-0x000000000009efff]
[    0.091811]   node   0: [mem 0x0000000000100000-0x000000007ffeffff]
[    0.091814] Zeroed struct page in unavailable ranges: 114 pages
[    0.091815] Initmem setup node 0 [mem 0x0000000000001000-0x000000007ffeffff]
[    0.091816] On node 0 totalpages: 524174
[    0.091818]   DMA zone: 64 pages used for memmap
[    0.091818]   DMA zone: 21 pages reserved
[    0.091819]   DMA zone: 3998 pages, LIFO batch:0
[    0.091889]   DMA32 zone: 8128 pages used for memmap
[    0.091889]   DMA32 zone: 520176 pages, LIFO batch:63
[    0.100851] ACPI: PM-Timer IO Port: 0x4008
[    0.100854] ACPI: Local APIC address 0xfee00000
[    0.100919] IOAPIC[0]: apic_id 1, version 32, address 0xfec00000, GSI 0-23
[    0.100922] ACPI: INT_SRC_OVR (bus 0 bus_irq 0 global_irq 2 dfl dfl)
[    0.100924] ACPI: INT_SRC_OVR (bus 0 bus_irq 9 global_irq 9 low level)
[    0.100926] ACPI: IRQ0 used by override.
[    0.100927] ACPI: IRQ9 used by override.
[    0.100929] Using ACPI (MADT) for SMP configuration information
[    0.100936] smpboot: Allowing 1 CPUs, 0 hotplug CPUs
[    0.100957] PM: Registered nosave memory: [mem 0x00000000-0x00000fff]
[    0.100958] PM: Registered nosave memory: [mem 0x0009f000-0x0009ffff]
[    0.100959] PM: Registered nosave memory: [mem 0x000a0000-0x000effff]
[    0.100959] PM: Registered nosave memory: [mem 0x000f0000-0x000fffff]
[    0.100961] [mem 0x80000000-0xfebfffff] available for PCI devices
[    0.100962] Booting paravirtualized kernel on KVM
[    0.100965] clocksource: refined-jiffies: mask: 0xffffffff max_cycles: 0xffffffff, max_idle_ns: 7645519600211568 ns
[    0.100969] setup_percpu: NR_CPUS:8192 nr_cpumask_bits:1 nr_cpu_ids:1 nr_node_ids:1
[    0.101974] percpu: Embedded 60 pages/cpu s208896 r8192 d28672 u2097152
[    0.101979] pcpu-alloc: s208896 r8192 d28672 u2097152 alloc=1*2097152
[    0.101980] pcpu-alloc: [0] 0 
[    0.102006] Built 1 zonelists, mobility grouping on.  Total pages: 515961
[    0.102006] Policy zone: DMA32
[    0.102008] Kernel command line: BOOT_IMAGE=/boot/vmlinuz-5.4.243-mptcp root=UUID=98415a12-53b7-4144-8265-0f7ece09e445 ro quiet splash
[    0.102868] Dentry cache hash table entries: 262144 (order: 9, 2097152 bytes, linear)
[    0.103016] Inode-cache hash table entries: 131072 (order: 8, 1048576 bytes, linear)
[    0.103064] mem auto-init: stack:off, heap alloc:on, heap free:off
[    0.103067] Calgary: detecting Calgary via BIOS EBDA area
[    0.103068] Calgary: Unable to locate Rio Grande table in EBDA - bailing!
[    0.107153] Memory: 1967332K/2096696K available (14339K kernel code, 2398K rwdata, 4712K rodata, 2728K init, 17260K bss, 129364K reserved, 0K cma-reserved)
[    0.108074] SLUB: HWalign=64, Order=0-3, MinObjects=0, CPUs=1, Nodes=1
[    0.108090] ftrace: allocating 43186 entries in 169 pages
[    0.126154] rcu: Hierarchical RCU implementation.
[    0.126156] rcu: 	RCU restricting CPUs from NR_CPUS=8192 to nr_cpu_ids=1.
[    0.126157] 	Tasks RCU enabled.
[    0.126158] rcu: RCU calculated value of scheduler-enlistment delay is 25 jiffies.
[    0.126159] rcu: Adjusting geometry for rcu_fanout_leaf=16, nr_cpu_ids=1
[    0.129176] NR_IRQS: 524544, nr_irqs: 256, preallocated irqs: 16
[    0.129386] random: crng init done
[    0.138760] Console: colour VGA+ 80x25
[    0.138764] printk: console [tty0] enabled
[    0.138783] ACPI: Core revision 20190816
[    0.138869] APIC: Switch to symmetric I/O mode setup
[    0.139120] x2apic enabled
[    0.139360] Switched APIC routing to physical x2apic.
[    0.140503] ..TIMER: vector=0x30 apic1=0 pin1=2 apic2=-1 pin2=-1
[    0.140527] clocksource: tsc-early: mask: 0xffffffffffffffff max_cycles: 0x1e4530a99b6, max_idle_ns: 440795257976 ns
[    0.140532] Calibrating delay loop (skipped) preset value.. 4200.00 BogoMIPS (lpj=8400000)
[    0.140534] pid_max: default: 32768 minimum: 301
[    0.140561] LSM: Security Framework initializing
[    0.140571] Yama: becoming mindful.
[    0.140596] AppArmor: AppArmor initialized
[    0.140628] Mount-cache hash table entries: 4096 (order: 3, 32768 bytes, linear)
[    0.140633] Mountpoint-cache hash table entries: 4096 (order: 3, 32768 bytes, linear)
[    0.140643] *** VALIDATE tmpfs ***
[    0.140770] *** VALIDATE proc ***
[    0.140809] *** VALIDATE cgroup1 ***
[    0.140810] *** VALIDATE cgroup2 ***
[    0.140949] process: using mwait in idle threads
[    0.140954] Last level iTLB entries: 4KB 64, 2MB 8, 4MB 8
[    0.140955] Last level dTLB entries: 4KB 64, 2MB 0, 4MB 0, 1GB 4
[    0.140975] Spectre V1 : Mitigation: usercopy/swapgs barriers and __user pointer sanitization
[    0.140980] Spectre V2 : Mitigation: Retpolines
[    0.140981] Spectre V2 : Spectre v2 / SpectreRSB mitigation: Filling RSB on context switch
[    0.140982] Spectre V2 : Spectre v2 / SpectreRSB : Filling RSB on VMEXIT
[    0.140982] RETBleed: WARNING: Spectre v2 mitigation leaves CPU vulnerable to RETBleed attacks, data leaks possible!
[    0.141337] RETBleed: Vulnerable
[    0.141337] Speculative Store Bypass: Vulnerable
[    0.141342] TAA: Mitigation: TSX disabled
[    0.141343] MMIO Stale Data: Mitigation: Clear CPU buffers
[    0.145461] Freeing SMP alternatives memory: 40K
[    0.257359] smpboot: CPU0: Intel(R) Xeon(R) Silver 4216 CPU @ 2.10GHz (family: 0x6, model: 0x55, stepping: 0x7)
[    0.257480] Performance Events: unsupported p6 CPU model 85 no PMU driver, software events only.
[    0.257516] rcu: Hierarchical SRCU implementation.
[    0.258001] NMI watchdog: Perf NMI watchdog permanently disabled
[    0.258039] smp: Bringing up secondary CPUs ...
[    0.258040] smp: Brought up 1 node, 1 CPU
[    0.258041] smpboot: Max logical packages: 1
[    0.258042] smpboot: Total of 1 processors activated (4200.00 BogoMIPS)
[    0.258986] devtmpfs: initialized
[    0.259034] x86/mm: Memory block size: 128MB
[    0.259382] clocksource: jiffies: mask: 0xffffffff max_cycles: 0xffffffff, max_idle_ns: 7645041785100000 ns
[    0.259388] futex hash table entries: 256 (order: 2, 16384 bytes, linear)
[    0.259432] pinctrl core: initialized pinctrl subsystem
[    0.259534] PM: RTC time: 18:47:39, date: 2026-01-14
[    0.259642] NET: Registered protocol family 16
[    0.259716] audit: initializing netlink subsys (disabled)
[    0.259839] EISA bus registered
[    0.259841] cpuidle: using governor ladder
[    0.259841] cpuidle: using governor menu
[    0.259878] ACPI: bus type PCI registered
[    0.259879] acpiphp: ACPI Hot Plug PCI Controller Driver version: 0.5
[    0.259986] PCI: Using configuration type 1 for base access
[    0.260927] audit: type=2000 audit(1768387666.023:1): state=initialized audit_enabled=0 res=1
[    0.261017] HugeTLB registered 2.00 MiB page size, pre-allocated 0 pages
[    0.261827] ACPI: Added _OSI(Module Device)
[    0.261828] ACPI: Added _OSI(Processor Device)
[    0.261828] ACPI: Added _OSI(3.0 _SCP Extensions)
[    0.261829] ACPI: Added _OSI(Processor Aggregator Device)
[    0.261830] ACPI: Added _OSI(Linux-Dell-Video)
[    0.261831] ACPI: Added _OSI(Linux-Lenovo-NV-HDMI-Audio)
[    0.261832] ACPI: Added _OSI(Linux-HPI-Hybrid-Graphics)
[    0.263776] ACPI: 2 ACPI AML tables successfully acquired and loaded
[    0.265319] ACPI: Interpreter enabled
[    0.265328] ACPI: (supports S0 S5)
[    0.265330] ACPI: Using IOAPIC for interrupt routing
[    0.265535] PCI: Using host bridge windows from ACPI; if necessary, use "pci=nocrs" and report a bug
[    0.265642] ACPI: Enabled 2 GPEs in block 00 to 07
[    0.270469] ACPI: PCI Root Bridge [PCI0] (domain 0000 [bus 00-ff])
[    0.270474] acpi PNP0A03:00: _OSC: OS supports [ASPM ClockPM Segments MSI HPX-Type3]
[    0.270919] acpi PNP0A03:00: _OSC: not requesting OS control; OS requires [ExtendedConfig ASPM ClockPM MSI]
[    0.270927] acpi PNP0A03:00: fail to add MMCONFIG information, can't access extended PCI configuration space under this bridge.
[    0.271298] PCI host bridge to bus 0000:00
[    0.271300] pci_bus 0000:00: root bus resource [io  0x0000-0x0cf7 window]
[    0.271301] pci_bus 0000:00: root bus resource [io  0x0d00-0xffff window]
[    0.271302] pci_bus 0000:00: root bus resource [mem 0x000a0000-0x000bffff window]
[    0.271303] pci_bus 0000:00: root bus resource [mem 0x80000000-0xfdffffff window]
[    0.271304] pci_bus 0000:00: root bus resource [bus 00-ff]
[    0.271347] pci 0000:00:00.0: [8086:1237] type 00 class 0x060000
[    0.272271] pci 0000:00:01.0: [8086:7000] type 00 class 0x060100
[    0.273064] pci 0000:00:01.1: [8086:7111] type 00 class 0x01018a
[    0.273435] pci 0000:00:01.1: reg 0x20: [io  0xd000-0xd00f]
[    0.273590] pci 0000:00:01.1: legacy IDE quirk: reg 0x10: [io  0x01f0-0x01f7]
[    0.273591] pci 0000:00:01.1: legacy IDE quirk: reg 0x14: [io  0x03f6]
[    0.273592] pci 0000:00:01.1: legacy IDE quirk: reg 0x18: [io  0x0170-0x0177]
[    0.273593] pci 0000:00:01.1: legacy IDE quirk: reg 0x1c: [io  0x0376]
[    0.274127] pci 0000:00:02.0: [15ad:0405] type 00 class 0x030000
[    0.276608] pci 0000:00:02.0: reg 0x10: [io  0xd010-0xd01f]
[    0.279414] pci 0000:00:02.0: reg 0x14: [mem 0xe0000000-0xe7ffffff pref]
[    0.283148] pci 0000:00:02.0: reg 0x18: [mem 0xf0000000-0xf01fffff]
[    0.293212] pci 0000:00:03.0: [1022:2000] type 00 class 0x020000
[    0.293886] pci 0000:00:03.0: reg 0x10: [io  0xd020-0xd03f]
[    0.294490] pci 0000:00:03.0: reg 0x14: [mem 0xf0200000-0xf0200fff]
[    0.298456] pci 0000:00:04.0: [80ee:cafe] type 00 class 0x088000
[    0.299142] pci 0000:00:04.0: reg 0x10: [io  0xd040-0xd05f]
[    0.299760] pci 0000:00:04.0: reg 0x14: [mem 0xf0400000-0xf07fffff]
[    0.300376] pci 0000:00:04.0: reg 0x18: [mem 0xf0800000-0xf0803fff pref]
[    0.303600] pci 0000:00:07.0: [8086:7113] type 00 class 0x068000
[    0.304148] pci 0000:00:07.0: quirk: [io  0x4000-0x403f] claimed by PIIX4 ACPI
[    0.304157] pci 0000:00:07.0: quirk: [io  0x4100-0x410f] claimed by PIIX4 SMB
[    0.304596] pci 0000:00:08.0: [8086:100e] type 00 class 0x020000
[    0.305307] pci 0000:00:08.0: reg 0x10: [mem 0xf0820000-0xf083ffff]
[    0.306471] pci 0000:00:08.0: reg 0x18: [io  0xd060-0xd067]
[    0.310666] pci 0000:00:09.0: [8086:100e] type 00 class 0x020000
[    0.311366] pci 0000:00:09.0: reg 0x10: [mem 0xf0840000-0xf085ffff]
[    0.312529] pci 0000:00:09.0: reg 0x18: [io  0xd068-0xd06f]
[    0.321541] ACPI: PCI Interrupt Link [LNKA] (IRQs 5 9 10 *11)
[    0.321825] ACPI: PCI Interrupt Link [LNKB] (IRQs 5 9 *10 11)
[    0.321925] ACPI: PCI Interrupt Link [LNKC] (IRQs 5 *9 10 11)
[    0.322030] ACPI: PCI Interrupt Link [LNKD] (IRQs 5 9 10 *11)
[    0.322290] iommu: Default domain type: Translated 
[    0.322349] pci 0000:00:02.0: vgaarb: setting as boot VGA device
[    0.322351] pci 0000:00:02.0: vgaarb: VGA device added: decodes=io+mem,owns=io+mem,locks=none
[    0.322352] pci 0000:00:02.0: vgaarb: bridge control possible
[    0.322353] vgaarb: loaded
[    0.322566] SCSI subsystem initialized
[    0.322602] libata version 3.00 loaded.
[    0.322627] ACPI: bus type USB registered
[    0.322644] usbcore: registered new interface driver usbfs
[    0.322650] usbcore: registered new interface driver hub
[    0.322655] usbcore: registered new device driver usb
[    0.324547] pps_core: LinuxPPS API ver. 1 registered
[    0.324547] pps_core: Software ver. 5.3.6 - Copyright 2005-2007 Rodolfo Giometti <giometti@linux.it>
[    0.324549] PTP clock support registered
[    0.324587] EDAC MC: Ver: 3.0.0
[    0.324870] PCI: Using ACPI for IRQ routing
[    0.324872] PCI: pci_cache_line_size set to 64 bytes
[    0.325041] e820: reserve RAM buffer [mem 0x0009fc00-0x0009ffff]
[    0.325045] e820: reserve RAM buffer [mem 0x7fff0000-0x7fffffff]
[    0.325846] NetLabel: Initializing
[    0.325847] NetLabel:  domain hash size = 128
[    0.325847] NetLabel:  protocols = UNLABELED CIPSOv4 CALIPSO
[    0.325867] NetLabel:  unlabeled traffic allowed by default
[    0.326760] clocksource: Switched to clocksource kvm-clock
[    0.338916] *** VALIDATE bpf ***
[    0.338977] VFS: Disk quotas dquot_6.6.0
[    0.338988] VFS: Dquot-cache hash table entries: 512 (order 0, 4096 bytes)
[    0.339011] *** VALIDATE ramfs ***
[    0.339014] *** VALIDATE hugetlbfs ***
[    0.339096] AppArmor: AppArmor Filesystem Enabled
[    0.339121] pnp: PnP ACPI init
[    0.339188] pnp 00:00: Plug and Play ACPI device, IDs PNP0303 (active)
[    0.339287] pnp 00:01: Plug and Play ACPI device, IDs PNP0f03 (active)
[    0.340021] pnp: PnP ACPI: found 2 devices
[    0.340982] thermal_sys: Registered thermal governor 'fair_share'
[    0.340983] thermal_sys: Registered thermal governor 'bang_bang'
[    0.340983] thermal_sys: Registered thermal governor 'step_wise'
[    0.340984] thermal_sys: Registered thermal governor 'user_space'
[    0.340985] thermal_sys: Registered thermal governor 'power_allocator'
[    0.345495] clocksource: acpi_pm: mask: 0xffffff max_cycles: 0xffffff, max_idle_ns: 2085701024 ns
[    0.345534] pci_bus 0000:00: resource 4 [io  0x0000-0x0cf7 window]
[    0.345536] pci_bus 0000:00: resource 5 [io  0x0d00-0xffff window]
[    0.345537] pci_bus 0000:00: resource 6 [mem 0x000a0000-0x000bffff window]
[    0.345538] pci_bus 0000:00: resource 7 [mem 0x80000000-0xfdffffff window]
[    0.345596] NET: Registered protocol family 2
[    0.345672] IP idents hash table entries: 32768 (order: 6, 262144 bytes, linear)
[    0.346076] MPTCP tokens hash table entries: 8192 (order: 4, 65536 bytes, linear)
[    0.346096] MPTCP request tokens hash table entries: 8192 (order: 4, 65536 bytes, linear)
[    0.346121] default registered
[    0.346122] default registered
[    0.346122] MPTCP: Stable release v0.96
[    0.346127] tcp_listen_portaddr_hash hash table entries: 1024 (order: 2, 16384 bytes, linear)
[    0.346208] TCP established hash table entries: 16384 (order: 5, 131072 bytes, linear)
[    0.346274] TCP bind hash table entries: 16384 (order: 6, 262144 bytes, linear)
[    0.346299] TCP: Hash tables configured (established 16384 bind 16384)
[    0.347006] UDP hash table entries: 1024 (order: 3, 32768 bytes, linear)
[    0.347018] UDP-Lite hash table entries: 1024 (order: 3, 32768 bytes, linear)
[    0.347052] NET: Registered protocol family 1
[    0.347060] NET: Registered protocol family 44
[    0.347081] pci 0000:00:00.0: Limiting direct PCI/PCI transfers
[    0.347093] pci 0000:00:01.0: Activating ISA DMA hang workarounds
[    0.347150] pci 0000:00:02.0: Video device with shadowed ROM at [mem 0x000c0000-0x000dffff]
[    0.347233] PCI: CLS 0 bytes, default 64
[    0.347294] Trying to unpack rootfs image as initramfs...
[    0.515296] Freeing initrd memory: 47868K
[    0.515296] clocksource: tsc: mask: 0xffffffffffffffff max_cycles: 0x1e4530a99b6, max_idle_ns: 440795257976 ns
[    0.515296] clocksource: Switched to clocksource tsc
[    0.515296] platform rtc_cmos: registered platform RTC device (no PNP device found)
[    0.515296] check: Scanning for low memory corruption every 60 seconds
[    0.515296] Initialise system trusted keyrings
[    0.515296] Key type blacklist registered
[    0.515296] workingset: timestamp_bits=36 max_order=19 bucket_order=0
[    0.515296] zbud: loaded
[    0.515296] squashfs: version 4.0 (2009/01/31) Phillip Lougher
[    0.515296] fuse: init (API version 7.31)
[    0.515296] *** VALIDATE fuse ***
[    0.515296] *** VALIDATE fuse ***
[    0.515296] Platform Keyring initialized
[    0.531286] Key type asymmetric registered
[    0.531287] Asymmetric key parser 'x509' registered
[    0.531298] Block layer SCSI generic (bsg) driver version 0.4 loaded (major 244)
[    0.531333] io scheduler mq-deadline registered
[    0.531453] shpchp: Standard Hot Plug PCI Controller Driver version: 0.4
[    0.531703] ACPI: AC Adapter [AC] (on-line)
[    0.531749] input: Power Button as /devices/LNXSYSTM:00/LNXPWRBN:00/input/input0
[    0.531780] ACPI: Power Button [PWRF]
[    0.531854] input: Sleep Button as /devices/LNXSYSTM:00/LNXSLPBN:00/input/input1
[    0.531870] ACPI: Sleep Button [SLPF]
[    0.532103] Serial: 8250/16550 driver, 32 ports, IRQ sharing enabled
[    0.533253] Linux agpgart interface v0.103
[    0.627179] loop: module loaded
[    0.627318] ata_piix 0000:00:01.1: version 2.13
[    0.627710] scsi host0: ata_piix
[    0.627796] scsi host1: ata_piix
[    0.627822] ata1: PATA max UDMA/33 cmd 0x1f0 ctl 0x3f6 bmdma 0xd000 irq 14
[    0.627822] ata2: PATA max UDMA/33 cmd 0x170 ctl 0x376 bmdma 0xd008 irq 15
[    0.627897] tun: Universal TUN/TAP device driver, 1.6
[    0.628216] PPP generic driver version 2.4.2
[    0.628258] VFIO - User Level meta-driver version: 0.3
[    0.628496] ehci_hcd: USB 2.0 'Enhanced' Host Controller (EHCI) Driver
[    0.628500] ehci-pci: EHCI PCI platform driver
[    0.628513] ehci-platform: EHCI generic platform driver
[    0.628518] ohci_hcd: USB 1.1 'Open' Host Controller (OHCI) Driver
[    0.628520] ohci-pci: OHCI PCI platform driver
[    0.628527] ohci-platform: OHCI generic platform driver
[    0.628531] uhci_hcd: USB Universal Host Controller Interface driver
[    0.628595] i8042: PNP: PS/2 Controller [PNP0303:PS2K,PNP0f03:PS2M] at 0x60,0x64 irq 1,12
[    0.629028] serio: i8042 KBD port at 0x60,0x64 irq 1
[    0.629031] serio: i8042 AUX port at 0x60,0x64 irq 12
[    0.629115] mousedev: PS/2 mouse device common for all mice
[    0.629362] input: AT Translated Set 2 keyboard as /devices/platform/i8042/serio0/input/input2
[    0.629761] rtc_cmos rtc_cmos: registered as rtc0
[    0.629774] rtc_cmos rtc_cmos: alarms up to one day, 114 bytes nvram
[    0.629779] i2c /dev entries driver
[    0.629821] device-mapper: uevent: version 1.0.3
[    0.629863] device-mapper: ioctl: 4.41.0-ioctl (2019-09-16) initialised: dm-devel@redhat.com
[    0.629878] platform eisa.0: Probing EISA bus 0
[    0.629880] platform eisa.0: EISA: Cannot allocate resource for mainboard
[    0.629881] platform eisa.0: Cannot allocate resource for EISA slot 1
[    0.629882] platform eisa.0: Cannot allocate resource for EISA slot 2
[    0.629883] platform eisa.0: Cannot allocate resource for EISA slot 3
[    0.629884] platform eisa.0: Cannot allocate resource for EISA slot 4
[    0.629885] platform eisa.0: Cannot allocate resource for EISA slot 5
[    0.629886] platform eisa.0: Cannot allocate resource for EISA slot 6
[    0.629887] platform eisa.0: Cannot allocate resource for EISA slot 7
[    0.629888] platform eisa.0: Cannot allocate resource for EISA slot 8
[    0.629889] platform eisa.0: EISA: Detected 0 cards
[    0.629891] intel_pstate: CPU model not supported
[    0.629899] ledtrig-cpu: registered to indicate activity on CPUs
[    0.629951] drop_monitor: Initializing network drop monitor service
[    0.630107] NET: Registered protocol family 10
[    0.635216] Segment Routing with IPv6
[    0.635259] fullmesh registered
[    0.635260] ndiffports registered
[    0.635262] binder registered
[    0.635262] roundrobin registered
[    0.635263] redundant registered
[    0.635263] blest registered
[    0.635264] ecf registered
[    0.635265] NET: Registered protocol family 17
[    0.635297] Key type dns_resolver registered
[    0.635309] RAS: Correctable Errors collector initialized.
[    0.635309] IPI shorthand broadcast: enabled
[    0.635309] sched_clock: Marking stable (620157913, 11151349)->(632492095, -1182833)
[    0.635470] registered taskstats version 1
[    0.635479] Loading compiled-in X.509 certificates
[    0.636070] Loaded X.509 cert 'Build time autogenerated kernel key: 6909f3744cebb3d0de528d5887b96a727de79b1e'
[    0.636088] zswap: loaded using pool lzo/zbud
[    0.636140] Key type ._fscrypt registered
[    0.636141] Key type .fscrypt registered
[    0.640637] Key type big_key registered
[    0.642835] Key type encrypted registered
[    0.642837] AppArmor: AppArmor sha1 policy hashing enabled
[    0.642844] ima: No TPM chip found, activating TPM-bypass!
[    0.642848] ima: Allocated hash algorithm: sha1
[    0.642852] ima: No architecture policies found
[    0.642862] evm: Initialising EVM extended attributes:
[    0.642862] evm: security.selinux
[    0.642863] evm: security.SMACK64
[    0.642863] evm: security.SMACK64EXEC
[    0.642864] evm: security.SMACK64TRANSMUTE
[    0.642864] evm: security.SMACK64MMAP
[    0.642865] evm: security.apparmor
[    0.642865] evm: security.ima
[    0.642866] evm: security.capability
[    0.642866] evm: HMAC attrs: 0x1
[    0.643159] PM:   Magic number: 10:167:797
[    0.643284] rtc_cmos rtc_cmos: setting system clock to 2026-01-14T18:47:40 UTC (1768416460)
[    0.800278] ata1.00: ATA-6: VBOX HARDDISK, 1.0, max UDMA/133
[    0.800281] ata1.00: 209715200 sectors, multi 128: LBA 
[    0.800937] scsi 0:0:0:0: Direct-Access     ATA      VBOX HARDDISK    1.0  PQ: 0 ANSI: 5
[    0.801225] sd 0:0:0:0: [sda] 209715200 512-byte logical blocks: (107 GB/100 GiB)
[    0.801238] sd 0:0:0:0: [sda] Write Protect is off
[    0.801241] sd 0:0:0:0: [sda] Mode Sense: 00 3a 00 00
[    0.801261] sd 0:0:0:0: [sda] Write cache: enabled, read cache: enabled, doesn't support DPO or FUA
[    0.801495] sd 0:0:0:0: Attached scsi generic sg0 type 0
[    0.802958]  sda: sda1 sda2
[    0.815389] sd 0:0:0:0: [sda] Attached SCSI disk
[    0.818734] Freeing unused decrypted memory: 2040K
[    0.819727] Freeing unused kernel image memory: 2728K
[    0.819729] Write protecting the kernel read-only data: 22528k
[    0.820763] Freeing unused kernel image memory: 2036K
[    0.821326] Freeing unused kernel image memory: 1432K
[    0.848176] x86/mm: Checked W+X mappings: passed, no W+X pages found.
[    0.848181] Run /init as init process
[    0.953288] ACPI: Video Device [GFX0] (multi-head: yes  rom: no  post: no)
[    0.953359] input: Video Bus as /devices/LNXSYSTM:00/LNXSYBUS:00/PNP0A03:00/LNXVIDEO:00/input/input4
[    0.966252] pcnet32: pcnet32.c:v1.35 21.Apr.2008 tsbogend@alpha.franken.de
[    0.968190] piix4_smbus 0000:00:07.0: SMBus Host Controller at 0x4100, revision 0
[    0.970645] e1000: Intel(R) PRO/1000 Network Driver - version 7.3.21-k8-NAPI
[    0.970646] e1000: Copyright (c) 1999-2006 Intel Corporation.
[    0.980776] pcnet32: PCnet/FAST III 79C973 at 0xd020, 08:00:27:89:70:6b assigned IRQ 19
[    0.980820] pcnet32: Found PHY 0022:561b at address 0
[    0.981119] pcnet32: eth0: registered as PCnet/FAST III 79C973
[    0.987733] pcnet32: 1 cards_found
[    1.041675] pcnet32 0000:00:03.0 enp0s3: renamed from eth0
[    1.184639] input: ImExPS/2 Generic Explorer Mouse as /devices/platform/i8042/serio1/input/input5
[    1.379537] e1000 0000:00:08.0 eth0: (PCI:33MHz:32-bit) 08:00:27:5c:6a:1a
[    1.379541] e1000 0000:00:08.0 eth0: Intel(R) PRO/1000 Network Connection
[    1.751479] e1000 0000:00:09.0 eth1: (PCI:33MHz:32-bit) 08:00:27:43:19:78
[    1.751482] e1000 0000:00:09.0 eth1: Intel(R) PRO/1000 Network Connection
[    1.752629] e1000 0000:00:09.0 enp0s9: renamed from eth1
[    1.754394] e1000 0000:00:08.0 enp0s8: renamed from eth0
[    1.906439] EXT4-fs (sda2): mounted filesystem with ordered data mode. Opts: (null)
[    2.000064] systemd[1]: Inserted module 'autofs4'
[    2.011372] systemd[1]: systemd 245.4-4ubuntu3 running in system mode. (+PAM +AUDIT +SELINUX +IMA +APPARMOR +SMACK +SYSVINIT +UTMP +LIBCRYPTSETUP +GCRYPT +GNUTLS +ACL +XZ +LZ4 +SECCOMP +BLKID +ELFUTILS +KMOD +IDN2 -IDN +PCRE2 default-hierarchy=hybrid)
[    2.011403] systemd[1]: Detected virtualization oracle.
[    2.011408] systemd[1]: Detected architecture x86-64.
[    2.012731] systemd[1]: Set hostname to <ztg>.
[    2.138060] systemd[1]: /lib/systemd/system/dbus.socket:5: ListenStream= references a path below legacy directory /var/run/, updating /var/run/dbus/system_bus_socket â†’ /run/dbus/system_bus_socket; please update the unit file accordingly.
[    2.191626] systemd[1]: Created slice system-modprobe.slice.
[    2.191812] systemd[1]: Created slice User and Session Slice.
[    2.191858] systemd[1]: Started Forward Password Requests to Wall Directory Watch.
[    2.192018] systemd[1]: Set up automount Arbitrary Executable File Formats File System Automount Point.
[    2.192052] systemd[1]: Reached target User and Group Name Lookups.
[    2.192060] systemd[1]: Reached target Remote File Systems.
[    2.192069] systemd[1]: Reached target Slices.
[    2.192646] systemd[1]: Listening on Syslog Socket.
[    2.192715] systemd[1]: Listening on fsck to fsckd communication Socket.
[    2.192752] systemd[1]: Listening on initctl Compatibility Named Pipe.
[    2.192886] systemd[1]: Listening on Journal Audit Socket.
[    2.192940] systemd[1]: Listening on Journal Socket (/dev/log).
[    2.193007] systemd[1]: Listening on Journal Socket.
[    2.193071] systemd[1]: Listening on udev Control Socket.
[    2.193110] systemd[1]: Listening on udev Kernel Socket.
[    2.193861] systemd[1]: Mounting Huge Pages File System...
[    2.194758] systemd[1]: Mounting POSIX Message Queue File System...
[    2.195752] systemd[1]: Mounting Kernel Debug File System...
[    2.196614] systemd[1]: Mounting Kernel Trace File System...
[    2.198524] systemd[1]: Starting Journal Service...
[    2.225077] systemd[1]: Starting Set the console keyboard layout...
[    2.232892] systemd[1]: Starting Create list of static device nodes for the current kernel...
[    2.234637] systemd[1]: Starting Load Kernel Module drm...
[    2.235683] systemd[1]: Condition check resulted in Set Up Additional Binary Formats being skipped.
[    2.235726] systemd[1]: Condition check resulted in File System Check on Root Device being skipped.
[    2.247877] systemd[1]: Starting Load Kernel Modules...
[    2.254886] systemd[1]: Starting Remount Root and Kernel File Systems...
[    2.272565] systemd[1]: Starting udev Coldplug all Devices...
[    2.276189] systemd[1]: Starting Uncomplicated firewall...
[    2.277769] systemd[1]: Mounted Huge Pages File System.
[    2.277859] systemd[1]: Mounted POSIX Message Queue File System.
[    2.277934] systemd[1]: Mounted Kernel Debug File System.
[    2.278003] systemd[1]: Mounted Kernel Trace File System.
[    2.299881] EXT4-fs (sda2): re-mounted. Opts: errors=remount-ro
[    2.326243] systemd[1]: Finished Create list of static device nodes for the current kernel.
[    2.327413] systemd[1]: modprobe@drm.service: Succeeded.
[    2.327858] systemd[1]: Finished Load Kernel Module drm.
[    2.328394] systemd[1]: Finished Remount Root and Kernel File Systems.
[    2.329502] systemd[1]: Finished Uncomplicated firewall.
[    2.340393] lp: driver loaded but no devices found
[    2.342180] systemd[1]: Condition check resulted in Rebuild Hardware Database being skipped.
[    2.342218] systemd[1]: Condition check resulted in Platform Persistent Storage Archival being skipped.
[    2.342878] systemd[1]: Starting Load/Save Random Seed...
[    2.347666] systemd[1]: Starting Create System Users...
[    2.358325] systemd[1]: Finished Load/Save Random Seed.
[    2.359024] ppdev: user-space parallel port driver
[    2.365769] systemd[1]: Finished Create System Users.
[    2.366483] systemd[1]: Starting Create Static Device Nodes in /dev...
[    2.397027] systemd[1]: Finished Create Static Device Nodes in /dev.
[    2.397817] systemd[1]: Starting udev Kernel Device Manager...
[    2.436334] systemd[1]: Finished udev Coldplug all Devices.
[    2.439265] [drm] DMA map mode: Caching DMA mappings.
[    2.439347] [drm] Capabilities:
[    2.439347] [drm]   Rect copy.
[    2.439347] [drm]   Cursor.
[    2.439348] [drm]   Cursor bypass.
[    2.439348] [drm]   Cursor bypass 2.
[    2.439348] [drm]   Alpha cursor.
[    2.439349] [drm]   Extended Fifo.
[    2.439349] [drm]   Pitchlock.
[    2.439349] [drm]   Irq mask.
[    2.439350] [drm]   GMR.
[    2.439350] [drm]   Traces.
[    2.439350] [drm]   GMR2.
[    2.439351] [drm]   Screen Object 2.
[    2.439351] [drm]   Command Buffers.
[    2.439351] [drm]   Command Buffers 2.
[    2.439352] [drm]   Guest Backed Resources.
[    2.439353] [drm] Max GMR ids is 8192
[    2.439353] [drm] Max number of GMR pages is 1048576
[    2.439354] [drm] Max dedicated hypervisor surface memory is 393216 kiB
[    2.439354] [drm] Maximum display memory size is 131072 kiB
[    2.439355] [drm] VRAM at 0xe0000000 size is 131072 kiB
[    2.439356] [drm] MMIO at 0xf0000000 size is 2048 kiB
[    2.440813] [TTM] Zone  kernel: Available graphics memory: 1011738 KiB
[    2.440813] [TTM] Initializing pool allocator
[    2.440819] [TTM] Initializing DMA pool allocator
[    2.440848] [drm] Supports vblank timestamp caching Rev 2 (21.10.2013).
[    2.440849] [drm] No driver support for vblank timestamp query.
[    2.441078] [drm] Screen Target Display device initialized
[    2.441266] [drm] width 720
[    2.441275] [drm] height 400
[    2.441278] [drm] bpp 32
[    2.441772] [drm] Fifo max 0x00200000 min 0x00001000 cap 0x00000355
[    2.442852] [drm] Using command buffers with DMA pool.
[    2.442855] [drm] DX: no.
[    2.442856] [drm] Atomic: yes.
[    2.442856] [drm] SM4_1: no.
[    2.442875] [drm:vmw_host_log [vmwgfx]] *ERROR* Failed to send host log message.
[    2.444164] [drm:vmw_host_log [vmwgfx]] *ERROR* Failed to send host log message.
[    2.459631] fbcon: svgadrmfb (fb0) is primary device
[    2.468892] Console: switching to colour frame buffer device 100x37
[    2.474492] [drm] Initialized vmwgfx 2.15.0 20180704 for 0000:00:02.0 on minor 0
[    2.476879] systemd[1]: Finished Load Kernel Modules.
[    2.477792] systemd[1]: Mounting FUSE Control File System...
[    2.478979] systemd[1]: Mounting Kernel Configuration File System...
[    2.496401] systemd[1]: Starting Apply Kernel Variables...
[    2.517637] systemd[1]: Mounted FUSE Control File System.
[    2.517712] systemd[1]: Condition check resulted in VMware vmblock fuse mount being skipped.
[    2.520493] systemd[1]: Mounted Kernel Configuration File System.
[    2.525564] systemd[1]: Finished Set the console keyboard layout.
[    2.525654] systemd[1]: Reached target Local File Systems (Pre).
[    2.527956] systemd[1]: Mounting Mount unit for bare, revision 5...
[    2.529878] systemd[1]: Mounting Mount unit for core18, revision 1705...
[    2.540375] systemd[1]: Mounting Mount unit for gnome-3-34-1804, revision 24...
[    2.548964] systemd[1]: Mounting Mount unit for gtk-common-themes, revision 1506...
[    2.559874] systemd[1]: Mounting Mount unit for gtk-common-themes, revision 1535...
[    2.563023] systemd[1]: Mounting Mount unit for snap-store, revision 433...
[    2.583607] systemd[1]: Mounting Mount unit for snapd, revision 7264...
[    2.599889] systemd[1]: Finished Apply Kernel Variables.
[    2.600944] systemd[1]: Mounted Mount unit for bare, revision 5.
[    2.601035] systemd[1]: Mounted Mount unit for core18, revision 1705.
[    2.601110] systemd[1]: Mounted Mount unit for gnome-3-34-1804, revision 24.
[    2.613423] systemd[1]: Mounted Mount unit for gtk-common-themes, revision 1506.
[    2.617343] systemd[1]: Started udev Kernel Device Manager.
[    2.619363] systemd[1]: Starting Show Plymouth Boot Screen...
[    2.624295] systemd[1]: Mounted Mount unit for gtk-common-themes, revision 1535.
[    2.624390] systemd[1]: Received SIGRTMIN+20 from PID 280 (plymouthd).
[    2.643785] systemd[1]: Started Show Plymouth Boot Screen.
[    2.643947] systemd[1]: Condition check resulted in Dispatch Password Requests to Console Directory Watch being skipped.
[    2.644026] systemd[1]: Started Forward Password Requests to Plymouth Directory Watch.
[    2.644073] systemd[1]: Reached target Local Encrypted Volumes.
[    2.678189] systemd[1]: Mounted Mount unit for snap-store, revision 433.
[    2.678469] systemd[1]: Mounted Mount unit for snapd, revision 7264.
[    2.678621] systemd[1]: Reached target Local File Systems.
[    2.680820] systemd[1]: Starting Load AppArmor profiles...
[    2.683083] systemd[1]: Starting Set console font and keymap...
[    2.697121] systemd[1]: Starting Tell Plymouth To Write Out Runtime Data...
[    2.697246] systemd[1]: Condition check resulted in Store a System Token in an EFI Variable being skipped.
[    2.697288] systemd[1]: Condition check resulted in Commit a transient machine-id on disk being skipped.
[    2.699675] systemd[1]: Finished Set console font and keymap.
[    2.708728] systemd[1]: Received SIGRTMIN+20 from PID 280 (plymouthd).
[    2.709973] systemd[1]: plymouth-read-write.service: Succeeded.
[    2.710211] systemd[1]: Finished Tell Plymouth To Write Out Runtime Data.
[    2.730526] audit: type=1400 audit(1768416462.580:2): apparmor="STATUS" operation="profile_load" profile="unconfined" name="nvidia_modprobe" pid=299 comm="apparmor_parser"
[    2.730529] audit: type=1400 audit(1768416462.580:3): apparmor="STATUS" operation="profile_load" profile="unconfined" name="nvidia_modprobe//kmod" pid=299 comm="apparmor_parser"
[    2.737314] audit: type=1400 audit(1768416462.588:4): apparmor="STATUS" operation="profile_load" profile="unconfined" name="/usr/sbin/tcpdump" pid=300 comm="apparmor_parser"
[    2.774111] audit: type=1400 audit(1768416462.620:5): apparmor="STATUS" operation="profile_load" profile="unconfined" name="/usr/bin/evince" pid=302 comm="apparmor_parser"
[    2.774113] audit: type=1400 audit(1768416462.620:6): apparmor="STATUS" operation="profile_load" profile="unconfined" name="/usr/bin/evince//sanitized_helper" pid=302 comm="apparmor_parser"
[    2.774114] audit: type=1400 audit(1768416462.620:7): apparmor="STATUS" operation="profile_load" profile="unconfined" name="/usr/bin/evince-previewer" pid=302 comm="apparmor_parser"
[    2.774116] audit: type=1400 audit(1768416462.620:8): apparmor="STATUS" operation="profile_load" profile="unconfined" name="/usr/bin/evince-previewer//sanitized_helper" pid=302 comm="apparmor_parser"
[    2.774118] audit: type=1400 audit(1768416462.620:9): apparmor="STATUS" operation="profile_load" profile="unconfined" name="/usr/bin/evince-thumbnailer" pid=302 comm="apparmor_parser"
[    2.810564] audit: type=1400 audit(1768416462.664:10): apparmor="STATUS" operation="profile_load" profile="unconfined" name="/usr/lib/cups/backend/cups-pdf" pid=303 comm="apparmor_parser"
[    2.882812] systemd[1]: Finished Load AppArmor profiles.
[    2.883802] systemd[1]: Starting Load AppArmor profiles managed internally by snapd...
[    2.959845] systemd[1]: Finished Load AppArmor profiles managed internally by snapd.
[    3.166059] systemd[1]: Started Journal Service.
[    3.172930] systemd-journald[229]: Received client request to flush runtime journal.
[    3.178119] systemd-journald[229]: File /var/log/journal/c455b248004a419c87ce85eea238d727/system.journal corrupted or uncleanly shut down, renaming and replacing.
[    4.565590] RAPL PMU: API unit is 2^-32 Joules, 0 fixed counters, 10737418240 ms ovfl timer
[    4.636846] cryptd: max_cpu_qlen set to 1000
[    4.647818] AVX2 version of gcm_enc/dec engaged.
[    4.647819] AES CTR mode by8 optimization enabled
[    5.445308] Adding 1998844k swap on /dev/sda1.  Priority:-2 extents:1 across:1998844k FS
[    6.567210] kauditd_printk_skb: 30 callbacks suppressed
[    6.567212] audit: type=1400 audit(1768416466.416:41): apparmor="DENIED" operation="capable" profile="/usr/sbin/cups-browsed" pid=498 comm="cups-browsed" capability=23  capname="sys_nice"
[    7.612175] pcnet32 0000:00:03.0 enp0s3: link up, 100Mbps, full-duplex
[    7.649339] e1000: enp0s8 NIC Link is Up 1000 Mbps Full Duplex, Flow Control: RX
[    7.649643] IPv6: ADDRCONF(NETDEV_CHANGE): enp0s8: link becomes ready
[    7.661896] e1000: enp0s9 NIC Link is Up 1000 Mbps Full Duplex, Flow Control: RX
[    7.662194] IPv6: ADDRCONF(NETDEV_CHANGE): enp0s9: link becomes ready
[    8.233319] device enp0s3 entered promiscuous mode
[    8.283426] audit: type=1400 audit(1768416468.132:42): apparmor="DENIED" operation="open" profile="/usr/sbin/tcpdump" name="/proc/sys/kernel/random/boot_id" pid=670 comm="tcpdump" requested_mask="r" denied_mask="r" fsuid=0 ouid=0
[    8.284318] audit: type=1400 audit(1768416468.132:43): apparmor="DENIED" operation="open" profile="/usr/sbin/tcpdump" name="/proc/sys/kernel/random/boot_id" pid=670 comm="tcpdump" requested_mask="r" denied_mask="r" fsuid=0 ouid=0
[    8.284546] audit: type=1400 audit(1768416468.132:44): apparmor="DENIED" operation="open" profile="/usr/sbin/tcpdump" name="/proc/sys/kernel/random/boot_id" pid=670 comm="tcpdump" requested_mask="r" denied_mask="r" fsuid=0 ouid=0
[    8.286046] audit: type=1400 audit(1768416468.132:45): apparmor="DENIED" operation="open" profile="/usr/sbin/tcpdump" name="/proc/sys/kernel/random/boot_id" pid=670 comm="tcpdump" requested_mask="r" denied_mask="r" fsuid=0 ouid=0
[    8.299471] audit: type=1400 audit(1768416468.152:46): apparmor="DENIED" operation="open" profile="/usr/sbin/tcpdump" name="/proc/sys/kernel/random/boot_id" pid=671 comm="tcpdump" requested_mask="r" denied_mask="r" fsuid=0 ouid=0
[    8.305986] audit: type=1400 audit(1768416468.152:47): apparmor="DENIED" operation="open" profile="/usr/sbin/tcpdump" name="/proc/sys/kernel/random/boot_id" pid=671 comm="tcpdump" requested_mask="r" denied_mask="r" fsuid=0 ouid=0
[    8.306063] audit: type=1400 audit(1768416468.152:48): apparmor="DENIED" operation="open" profile="/usr/sbin/tcpdump" name="/proc/sys/kernel/random/boot_id" pid=671 comm="tcpdump" requested_mask="r" denied_mask="r" fsuid=0 ouid=0
[    8.306417] audit: type=1400 audit(1768416468.152:49): apparmor="DENIED" operation="open" profile="/usr/sbin/tcpdump" name="/proc/sys/kernel/random/boot_id" pid=671 comm="tcpdump" requested_mask="r" denied_mask="r" fsuid=0 ouid=0
[   12.977234] rfkill: input handler disabled
[  242.081123] AAAAA-TCP_FORW: name:enp0s3: saddr:100932208: daddr:33561200
[  242.263920] AAAAA-TCP_FORW: name:enp0s3: saddr:100932208: daddr:16783984
[  242.850697] AAAAA-TCP_FORW: name:enp0s3: saddr:100932208: daddr:16783984
[  511.171537] rfkill: input handler enabled
[  520.170392] rfkill: input handler disabled
[  699.499639] device enp0s3 left promiscuous mode
