[    0.000000] Linux version 5.4.243-mptcp (root@ztg) (gcc version 12.2.0 (Debian 12.2.0-14+deb12u1)) #53 SMP Wed Dec 24 23:28:15 CST 2025
[    0.000000] Command line: BOOT_IMAGE=/boot/vmlinuz-5.4.243-mptcp root=UUID=98415a12-53b7-4144-8265-0f7ece09e445 ro quiet splash
[    0.000000] KERNEL supported cpus:
[    0.000000]   Intel GenuineIntel
[    0.000000]   AMD AuthenticAMD
[    0.000000]   Hygon HygonGenuine
[    0.000000]   Centaur CentaurHauls
[    0.000000]   zhaoxin   Shanghai  
[    0.000000] x86/fpu: Supporting XSAVE feature 0x001: 'x87 floating point registers'
[    0.000000] x86/fpu: Supporting XSAVE feature 0x002: 'SSE registers'
[    0.000000] x86/fpu: Supporting XSAVE feature 0x004: 'AVX registers'
[    0.000000] x86/fpu: xstate_offset[2]:  576, xstate_sizes[2]:  256
[    0.000000] x86/fpu: Enabled xstate features 0x7, context size is 832 bytes, using 'standard' format.
[    0.000000] BIOS-provided physical RAM map:
[    0.000000] BIOS-e820: [mem 0x0000000000000000-0x000000000009fbff] usable
[    0.000000] BIOS-e820: [mem 0x000000000009fc00-0x000000000009ffff] reserved
[    0.000000] BIOS-e820: [mem 0x00000000000f0000-0x00000000000fffff] reserved
[    0.000000] BIOS-e820: [mem 0x0000000000100000-0x000000007ffeffff] usable
[    0.000000] BIOS-e820: [mem 0x000000007fff0000-0x000000007fffffff] ACPI data
[    0.000000] BIOS-e820: [mem 0x00000000fec00000-0x00000000fec00fff] reserved
[    0.000000] BIOS-e820: [mem 0x00000000fee00000-0x00000000fee00fff] reserved
[    0.000000] BIOS-e820: [mem 0x00000000fffc0000-0x00000000ffffffff] reserved
[    0.000000] NX (Execute Disable) protection: active
[    0.000000] SMBIOS 2.5 present.
[    0.000000] DMI: innotek GmbH VirtualBox/VirtualBox, BIOS VirtualBox 12/01/2006
[    0.000000] Hypervisor detected: KVM
[    0.000000] kvm-clock: Using msrs 4b564d01 and 4b564d00
[    0.000000] kvm-clock: cpu 0, msr 67e01001, primary cpu clock
[    0.000000] kvm-clock: using sched offset of 4487033433 cycles
[    0.000003] clocksource: kvm-clock: mask: 0xffffffffffffffff max_cycles: 0x1cd42e4dffb, max_idle_ns: 881590591483 ns
[    0.000006] tsc: Detected 2100.000 MHz processor
[    0.002041] e820: update [mem 0x00000000-0x00000fff] usable ==> reserved
[    0.002043] e820: remove [mem 0x000a0000-0x000fffff] usable
[    0.002047] last_pfn = 0x7fff0 max_arch_pfn = 0x400000000
[    0.002117] MTRR default type: uncachable
[    0.002117] MTRR fixed ranges enabled:
[    0.002119]   00000-9FFFF write-back
[    0.002119]   A0000-BFFFF uncachable
[    0.002120]   C0000-FFFFF write-protect
[    0.002121] MTRR variable ranges enabled:
[    0.002122]   0 base 000000000000 mask 3FFF80000000 write-back
[    0.002123]   1 disabled
[    0.002123]   2 disabled
[    0.002124]   3 disabled
[    0.002124]   4 disabled
[    0.002125]   5 disabled
[    0.002125]   6 disabled
[    0.002125]   7 disabled
[    0.002126]   8 disabled
[    0.002127]   9 disabled
[    0.002127]   10 disabled
[    0.002128]   11 disabled
[    0.002128]   12 disabled
[    0.002128]   13 disabled
[    0.002129]   14 disabled
[    0.002129]   15 disabled
[    0.002148] x86/PAT: Configuration [0-7]: WB  WC  UC- UC  WB  WP  UC- WT  
[    0.002306] found SMP MP-table at [mem 0x0009fff0-0x0009ffff]
[    0.111960] check: Scanning 1 areas for low memory corruption
[    0.112173] RAMDISK: [mem 0x32271000-0x3512ffff]
[    0.112182] ACPI: Early table checksum verification disabled
[    0.112189] ACPI: RSDP 0x00000000000E0000 000024 (v02 VBOX  )
[    0.112194] ACPI: XSDT 0x000000007FFF0030 00003C (v01 VBOX   VBOXXSDT 00000001 ASL  00000061)
[    0.112201] ACPI: FACP 0x000000007FFF00F0 0000F4 (v04 VBOX   VBOXFACP 00000001 ASL  00000061)
[    0.112209] ACPI: DSDT 0x000000007FFF02E0 002353 (v02 VBOX   VBOXBIOS 00000002 VBOX 00029BF3)
[    0.112213] ACPI: FACS 0x000000007FFF0200 000040
[    0.112217] ACPI: FACS 0x000000007FFF0200 000040
[    0.112221] ACPI: APIC 0x000000007FFF0240 000054 (v02 VBOX   VBOXAPIC 00000001 ASL  00000061)
[    0.112226] ACPI: SSDT 0x000000007FFF02A0 000038 (v01 VBOX   VBOXCPUT 00000002 VBOX 00029BF3)
[    0.112229] ACPI: Reserving FACP table memory at [mem 0x7fff00f0-0x7fff01e3]
[    0.112230] ACPI: Reserving DSDT table memory at [mem 0x7fff02e0-0x7fff2632]
[    0.112231] ACPI: Reserving FACS table memory at [mem 0x7fff0200-0x7fff023f]
[    0.112231] ACPI: Reserving FACS table memory at [mem 0x7fff0200-0x7fff023f]
[    0.112232] ACPI: Reserving APIC table memory at [mem 0x7fff0240-0x7fff0293]
[    0.112233] ACPI: Reserving SSDT table memory at [mem 0x7fff02a0-0x7fff02d7]
[    0.112251] ACPI: Local APIC address 0xfee00000
[    0.112453] No NUMA configuration found
[    0.112454] Faking a node at [mem 0x0000000000000000-0x000000007ffeffff]
[    0.112465] NODE_DATA(0) allocated [mem 0x7ffc5000-0x7ffeffff]
[    0.112727] Zone ranges:
[    0.112728]   DMA      [mem 0x0000000000001000-0x0000000000ffffff]
[    0.112729]   DMA32    [mem 0x0000000001000000-0x000000007ffeffff]
[    0.112730]   Normal   empty
[    0.112730]   Device   empty
[    0.112731] Movable zone start for each node
[    0.112733] Early memory node ranges
[    0.112734]   node   0: [mem 0x0000000000001000-0x000000000009efff]
[    0.112735]   node   0: [mem 0x0000000000100000-0x000000007ffeffff]
[    0.112738] Zeroed struct page in unavailable ranges: 114 pages
[    0.112739] Initmem setup node 0 [mem 0x0000000000001000-0x000000007ffeffff]
[    0.112740] On node 0 totalpages: 524174
[    0.112741]   DMA zone: 64 pages used for memmap
[    0.112742]   DMA zone: 21 pages reserved
[    0.112743]   DMA zone: 3998 pages, LIFO batch:0
[    0.112813]   DMA32 zone: 8128 pages used for memmap
[    0.112813]   DMA32 zone: 520176 pages, LIFO batch:63
[    0.121790] ACPI: PM-Timer IO Port: 0x4008
[    0.121795] ACPI: Local APIC address 0xfee00000
[    0.121870] IOAPIC[0]: apic_id 1, version 32, address 0xfec00000, GSI 0-23
[    0.121875] ACPI: INT_SRC_OVR (bus 0 bus_irq 0 global_irq 2 dfl dfl)
[    0.121876] ACPI: INT_SRC_OVR (bus 0 bus_irq 9 global_irq 9 low level)
[    0.121879] ACPI: IRQ0 used by override.
[    0.121880] ACPI: IRQ9 used by override.
[    0.121883] Using ACPI (MADT) for SMP configuration information
[    0.121893] smpboot: Allowing 1 CPUs, 0 hotplug CPUs
[    0.121918] PM: Registered nosave memory: [mem 0x00000000-0x00000fff]
[    0.121919] PM: Registered nosave memory: [mem 0x0009f000-0x0009ffff]
[    0.121920] PM: Registered nosave memory: [mem 0x000a0000-0x000effff]
[    0.121920] PM: Registered nosave memory: [mem 0x000f0000-0x000fffff]
[    0.121922] [mem 0x80000000-0xfebfffff] available for PCI devices
[    0.121923] Booting paravirtualized kernel on KVM
[    0.121927] clocksource: refined-jiffies: mask: 0xffffffff max_cycles: 0xffffffff, max_idle_ns: 7645519600211568 ns
[    0.121932] setup_percpu: NR_CPUS:8192 nr_cpumask_bits:1 nr_cpu_ids:1 nr_node_ids:1
[    0.122947] percpu: Embedded 60 pages/cpu s208896 r8192 d28672 u2097152
[    0.122952] pcpu-alloc: s208896 r8192 d28672 u2097152 alloc=1*2097152
[    0.122953] pcpu-alloc: [0] 0 
[    0.122980] Built 1 zonelists, mobility grouping on.  Total pages: 515961
[    0.122981] Policy zone: DMA32
[    0.122982] Kernel command line: BOOT_IMAGE=/boot/vmlinuz-5.4.243-mptcp root=UUID=98415a12-53b7-4144-8265-0f7ece09e445 ro quiet splash
[    0.123829] Dentry cache hash table entries: 262144 (order: 9, 2097152 bytes, linear)
[    0.123977] Inode-cache hash table entries: 131072 (order: 8, 1048576 bytes, linear)
[    0.124033] mem auto-init: stack:off, heap alloc:on, heap free:off
[    0.124036] Calgary: detecting Calgary via BIOS EBDA area
[    0.124037] Calgary: Unable to locate Rio Grande table in EBDA - bailing!
[    0.128139] Memory: 1967332K/2096696K available (14339K kernel code, 2398K rwdata, 4712K rodata, 2728K init, 17260K bss, 129364K reserved, 0K cma-reserved)
[    0.129085] SLUB: HWalign=64, Order=0-3, MinObjects=0, CPUs=1, Nodes=1
[    0.129103] ftrace: allocating 43186 entries in 169 pages
[    0.147270] rcu: Hierarchical RCU implementation.
[    0.147272] rcu: 	RCU restricting CPUs from NR_CPUS=8192 to nr_cpu_ids=1.
[    0.147273] 	Tasks RCU enabled.
[    0.147274] rcu: RCU calculated value of scheduler-enlistment delay is 25 jiffies.
[    0.147275] rcu: Adjusting geometry for rcu_fanout_leaf=16, nr_cpu_ids=1
[    0.150244] NR_IRQS: 524544, nr_irqs: 256, preallocated irqs: 16
[    0.150473] random: crng init done
[    0.159719] Console: colour VGA+ 80x25
[    0.159723] printk: console [tty0] enabled
[    0.159745] ACPI: Core revision 20190816
[    0.159853] APIC: Switch to symmetric I/O mode setup
[    0.160106] x2apic enabled
[    0.160341] Switched APIC routing to physical x2apic.
[    0.161477] ..TIMER: vector=0x30 apic1=0 pin1=2 apic2=-1 pin2=-1
[    0.161505] clocksource: tsc-early: mask: 0xffffffffffffffff max_cycles: 0x1e4530a99b6, max_idle_ns: 440795257976 ns
[    0.161511] Calibrating delay loop (skipped) preset value.. 4200.00 BogoMIPS (lpj=8400000)
[    0.161513] pid_max: default: 32768 minimum: 301
[    0.161543] LSM: Security Framework initializing
[    0.161553] Yama: becoming mindful.
[    0.161580] AppArmor: AppArmor initialized
[    0.161613] Mount-cache hash table entries: 4096 (order: 3, 32768 bytes, linear)
[    0.161618] Mountpoint-cache hash table entries: 4096 (order: 3, 32768 bytes, linear)
[    0.161628] *** VALIDATE tmpfs ***
[    0.161759] *** VALIDATE proc ***
[    0.161800] *** VALIDATE cgroup1 ***
[    0.161801] *** VALIDATE cgroup2 ***
[    0.161946] process: using mwait in idle threads
[    0.161952] Last level iTLB entries: 4KB 64, 2MB 8, 4MB 8
[    0.161952] Last level dTLB entries: 4KB 64, 2MB 0, 4MB 0, 1GB 4
[    0.161973] Spectre V1 : Mitigation: usercopy/swapgs barriers and __user pointer sanitization
[    0.161979] Spectre V2 : Mitigation: Retpolines
[    0.161979] Spectre V2 : Spectre v2 / SpectreRSB mitigation: Filling RSB on context switch
[    0.161980] Spectre V2 : Spectre v2 / SpectreRSB : Filling RSB on VMEXIT
[    0.161980] RETBleed: WARNING: Spectre v2 mitigation leaves CPU vulnerable to RETBleed attacks, data leaks possible!
[    0.162333] RETBleed: Vulnerable
[    0.162333] Speculative Store Bypass: Vulnerable
[    0.162338] TAA: Mitigation: TSX disabled
[    0.162339] MMIO Stale Data: Mitigation: Clear CPU buffers
[    0.166586] Freeing SMP alternatives memory: 40K
[    0.278808] smpboot: CPU0: Intel(R) Xeon(R) Silver 4216 CPU @ 2.10GHz (family: 0x6, model: 0x55, stepping: 0x7)
[    0.278956] Performance Events: unsupported p6 CPU model 85 no PMU driver, software events only.
[    0.278998] rcu: Hierarchical SRCU implementation.
[    0.279477] NMI watchdog: Perf NMI watchdog permanently disabled
[    0.279518] smp: Bringing up secondary CPUs ...
[    0.279519] smp: Brought up 1 node, 1 CPU
[    0.279520] smpboot: Max logical packages: 1
[    0.279521] smpboot: Total of 1 processors activated (4200.00 BogoMIPS)
[    0.280512] devtmpfs: initialized
[    0.280564] x86/mm: Memory block size: 128MB
[    0.280924] clocksource: jiffies: mask: 0xffffffff max_cycles: 0xffffffff, max_idle_ns: 7645041785100000 ns
[    0.280930] futex hash table entries: 256 (order: 2, 16384 bytes, linear)
[    0.280976] pinctrl core: initialized pinctrl subsystem
[    0.281081] PM: RTC time: 18:47:45, date: 2026-01-14
[    0.281192] NET: Registered protocol family 16
[    0.281268] audit: initializing netlink subsys (disabled)
[    0.281398] EISA bus registered
[    0.281400] cpuidle: using governor ladder
[    0.281400] cpuidle: using governor menu
[    0.281439] ACPI: bus type PCI registered
[    0.281440] acpiphp: ACPI Hot Plug PCI Controller Driver version: 0.5
[    0.281507] PCI: Using configuration type 1 for base access
[    0.281935] audit: type=2000 audit(1768387671.935:1): state=initialized audit_enabled=0 res=1
[    0.282019] HugeTLB registered 2.00 MiB page size, pre-allocated 0 pages
[    0.282916] ACPI: Added _OSI(Module Device)
[    0.282917] ACPI: Added _OSI(Processor Device)
[    0.282918] ACPI: Added _OSI(3.0 _SCP Extensions)
[    0.282918] ACPI: Added _OSI(Processor Aggregator Device)
[    0.282919] ACPI: Added _OSI(Linux-Dell-Video)
[    0.282920] ACPI: Added _OSI(Linux-Lenovo-NV-HDMI-Audio)
[    0.282921] ACPI: Added _OSI(Linux-HPI-Hybrid-Graphics)
[    0.284873] ACPI: 2 ACPI AML tables successfully acquired and loaded
[    0.286557] ACPI: Interpreter enabled
[    0.286567] ACPI: (supports S0 S5)
[    0.286568] ACPI: Using IOAPIC for interrupt routing
[    0.286775] PCI: Using host bridge windows from ACPI; if necessary, use "pci=nocrs" and report a bug
[    0.286889] ACPI: Enabled 2 GPEs in block 00 to 07
[    0.291938] ACPI: PCI Root Bridge [PCI0] (domain 0000 [bus 00-ff])
[    0.291943] acpi PNP0A03:00: _OSC: OS supports [ASPM ClockPM Segments MSI HPX-Type3]
[    0.292389] acpi PNP0A03:00: _OSC: not requesting OS control; OS requires [ExtendedConfig ASPM ClockPM MSI]
[    0.292397] acpi PNP0A03:00: fail to add MMCONFIG information, can't access extended PCI configuration space under this bridge.
[    0.292806] PCI host bridge to bus 0000:00
[    0.292809] pci_bus 0000:00: root bus resource [io  0x0000-0x0cf7 window]
[    0.292810] pci_bus 0000:00: root bus resource [io  0x0d00-0xffff window]
[    0.292811] pci_bus 0000:00: root bus resource [mem 0x000a0000-0x000bffff window]
[    0.292812] pci_bus 0000:00: root bus resource [mem 0x80000000-0xfdffffff window]
[    0.292813] pci_bus 0000:00: root bus resource [bus 00-ff]
[    0.292862] pci 0000:00:00.0: [8086:1237] type 00 class 0x060000
[    0.293912] pci 0000:00:01.0: [8086:7000] type 00 class 0x060100
[    0.294763] pci 0000:00:01.1: [8086:7111] type 00 class 0x01018a
[    0.295187] pci 0000:00:01.1: reg 0x20: [io  0xd000-0xd00f]
[    0.295361] pci 0000:00:01.1: legacy IDE quirk: reg 0x10: [io  0x01f0-0x01f7]
[    0.295362] pci 0000:00:01.1: legacy IDE quirk: reg 0x14: [io  0x03f6]
[    0.295363] pci 0000:00:01.1: legacy IDE quirk: reg 0x18: [io  0x0170-0x0177]
[    0.295364] pci 0000:00:01.1: legacy IDE quirk: reg 0x1c: [io  0x0376]
[    0.295926] pci 0000:00:02.0: [15ad:0405] type 00 class 0x030000
[    0.299368] pci 0000:00:02.0: reg 0x10: [io  0xd010-0xd01f]
[    0.301556] pci 0000:00:02.0: reg 0x14: [mem 0xe0000000-0xe7ffffff pref]
[    0.305552] pci 0000:00:02.0: reg 0x18: [mem 0xf0000000-0xf01fffff]
[    0.317585] pci 0000:00:03.0: [1022:2000] type 00 class 0x020000
[    0.318400] pci 0000:00:03.0: reg 0x10: [io  0xd020-0xd03f]
[    0.319097] pci 0000:00:03.0: reg 0x14: [mem 0xf0200000-0xf0200fff]
[    0.322367] pci 0000:00:04.0: [80ee:cafe] type 00 class 0x088000
[    0.323067] pci 0000:00:04.0: reg 0x10: [io  0xd040-0xd05f]
[    0.323694] pci 0000:00:04.0: reg 0x14: [mem 0xf0400000-0xf07fffff]
[    0.324316] pci 0000:00:04.0: reg 0x18: [mem 0xf0800000-0xf0803fff pref]
[    0.328012] pci 0000:00:07.0: [8086:7113] type 00 class 0x068000
[    0.328631] pci 0000:00:07.0: quirk: [io  0x4000-0x403f] claimed by PIIX4 ACPI
[    0.328643] pci 0000:00:07.0: quirk: [io  0x4100-0x410f] claimed by PIIX4 SMB
[    0.329302] pci 0000:00:08.0: [8086:100e] type 00 class 0x020000
[    0.329628] pci 0000:00:08.0: reg 0x10: [mem 0xf0820000-0xf083ffff]
[    0.330836] pci 0000:00:08.0: reg 0x18: [io  0xd060-0xd067]
[    0.335228] pci 0000:00:09.0: [8086:100e] type 00 class 0x020000
[    0.335965] pci 0000:00:09.0: reg 0x10: [mem 0xf0840000-0xf085ffff]
[    0.337157] pci 0000:00:09.0: reg 0x18: [io  0xd068-0xd06f]
[    0.346568] ACPI: PCI Interrupt Link [LNKA] (IRQs 5 9 10 *11)
[    0.346857] ACPI: PCI Interrupt Link [LNKB] (IRQs 5 9 *10 11)
[    0.346971] ACPI: PCI Interrupt Link [LNKC] (IRQs 5 *9 10 11)
[    0.347079] ACPI: PCI Interrupt Link [LNKD] (IRQs 5 9 10 *11)
[    0.347366] iommu: Default domain type: Translated 
[    0.347431] pci 0000:00:02.0: vgaarb: setting as boot VGA device
[    0.347433] pci 0000:00:02.0: vgaarb: VGA device added: decodes=io+mem,owns=io+mem,locks=none
[    0.347435] pci 0000:00:02.0: vgaarb: bridge control possible
[    0.347435] vgaarb: loaded
[    0.349551] SCSI subsystem initialized
[    0.349586] libata version 3.00 loaded.
[    0.349612] ACPI: bus type USB registered
[    0.349630] usbcore: registered new interface driver usbfs
[    0.349637] usbcore: registered new interface driver hub
[    0.349645] usbcore: registered new device driver usb
[    0.349672] pps_core: LinuxPPS API ver. 1 registered
[    0.349673] pps_core: Software ver. 5.3.6 - Copyright 2005-2007 Rodolfo Giometti <giometti@linux.it>
[    0.349675] PTP clock support registered
[    0.349714] EDAC MC: Ver: 3.0.0
[    0.350038] PCI: Using ACPI for IRQ routing
[    0.350039] PCI: pci_cache_line_size set to 64 bytes
[    0.350235] e820: reserve RAM buffer [mem 0x0009fc00-0x0009ffff]
[    0.350239] e820: reserve RAM buffer [mem 0x7fff0000-0x7fffffff]
[    0.351035] NetLabel: Initializing
[    0.351036] NetLabel:  domain hash size = 128
[    0.351036] NetLabel:  protocols = UNLABELED CIPSOv4 CALIPSO
[    0.351057] NetLabel:  unlabeled traffic allowed by default
[    0.351969] clocksource: Switched to clocksource kvm-clock
[    0.363988] *** VALIDATE bpf ***
[    0.364052] VFS: Disk quotas dquot_6.6.0
[    0.364065] VFS: Dquot-cache hash table entries: 512 (order 0, 4096 bytes)
[    0.364089] *** VALIDATE ramfs ***
[    0.364092] *** VALIDATE hugetlbfs ***
[    0.364179] AppArmor: AppArmor Filesystem Enabled
[    0.364209] pnp: PnP ACPI init
[    0.364284] pnp 00:00: Plug and Play ACPI device, IDs PNP0303 (active)
[    0.364356] pnp 00:01: Plug and Play ACPI device, IDs PNP0f03 (active)
[    0.365146] pnp: PnP ACPI: found 2 devices
[    0.366212] thermal_sys: Registered thermal governor 'fair_share'
[    0.366213] thermal_sys: Registered thermal governor 'bang_bang'
[    0.366214] thermal_sys: Registered thermal governor 'step_wise'
[    0.366214] thermal_sys: Registered thermal governor 'user_space'
[    0.366215] thermal_sys: Registered thermal governor 'power_allocator'
[    0.370728] clocksource: acpi_pm: mask: 0xffffff max_cycles: 0xffffff, max_idle_ns: 2085701024 ns
[    0.370771] pci_bus 0000:00: resource 4 [io  0x0000-0x0cf7 window]
[    0.370772] pci_bus 0000:00: resource 5 [io  0x0d00-0xffff window]
[    0.370774] pci_bus 0000:00: resource 6 [mem 0x000a0000-0x000bffff window]
[    0.370775] pci_bus 0000:00: resource 7 [mem 0x80000000-0xfdffffff window]
[    0.370838] NET: Registered protocol family 2
[    0.370914] IP idents hash table entries: 32768 (order: 6, 262144 bytes, linear)
[    0.371103] MPTCP tokens hash table entries: 8192 (order: 4, 65536 bytes, linear)
[    0.371103] MPTCP request tokens hash table entries: 8192 (order: 4, 65536 bytes, linear)
[    0.371103] default registered
[    0.371103] default registered
[    0.371103] MPTCP: Stable release v0.96
[    0.371103] tcp_listen_portaddr_hash hash table entries: 1024 (order: 2, 16384 bytes, linear)
[    0.371103] TCP established hash table entries: 16384 (order: 5, 131072 bytes, linear)
[    0.371103] TCP bind hash table entries: 16384 (order: 6, 262144 bytes, linear)
[    0.371103] TCP: Hash tables configured (established 16384 bind 16384)
[    0.372329] UDP hash table entries: 1024 (order: 3, 32768 bytes, linear)
[    0.372341] UDP-Lite hash table entries: 1024 (order: 3, 32768 bytes, linear)
[    0.372380] NET: Registered protocol family 1
[    0.372390] NET: Registered protocol family 44
[    0.372415] pci 0000:00:00.0: Limiting direct PCI/PCI transfers
[    0.372429] pci 0000:00:01.0: Activating ISA DMA hang workarounds
[    0.372494] pci 0000:00:02.0: Video device with shadowed ROM at [mem 0x000c0000-0x000dffff]
[    0.372567] PCI: CLS 0 bytes, default 64
[    0.372619] Trying to unpack rootfs image as initramfs...
[    0.548228] Freeing initrd memory: 47868K
[    0.548228] clocksource: tsc: mask: 0xffffffffffffffff max_cycles: 0x1e4530a99b6, max_idle_ns: 440795257976 ns
[    0.548228] clocksource: Switched to clocksource tsc
[    0.548228] platform rtc_cmos: registered platform RTC device (no PNP device found)
[    0.548228] check: Scanning for low memory corruption every 60 seconds
[    0.548228] Initialise system trusted keyrings
[    0.548228] Key type blacklist registered
[    0.548228] workingset: timestamp_bits=36 max_order=19 bucket_order=0
[    0.548228] zbud: loaded
[    0.548228] squashfs: version 4.0 (2009/01/31) Phillip Lougher
[    0.548228] fuse: init (API version 7.31)
[    0.548228] *** VALIDATE fuse ***
[    0.548228] *** VALIDATE fuse ***
[    0.548228] Platform Keyring initialized
[    0.548228] Key type asymmetric registered
[    0.548228] Asymmetric key parser 'x509' registered
[    0.562024] Block layer SCSI generic (bsg) driver version 0.4 loaded (major 244)
[    0.562057] io scheduler mq-deadline registered
[    0.562181] shpchp: Standard Hot Plug PCI Controller Driver version: 0.4
[    0.562399] ACPI: AC Adapter [AC] (on-line)
[    0.562445] input: Power Button as /devices/LNXSYSTM:00/LNXPWRBN:00/input/input0
[    0.562475] ACPI: Power Button [PWRF]
[    0.562567] input: Sleep Button as /devices/LNXSYSTM:00/LNXSLPBN:00/input/input1
[    0.562601] ACPI: Sleep Button [SLPF]
[    0.562849] Serial: 8250/16550 driver, 32 ports, IRQ sharing enabled
[    0.564123] Linux agpgart interface v0.103
[    0.659080] loop: module loaded
[    0.659232] ata_piix 0000:00:01.1: version 2.13
[    0.659647] scsi host0: ata_piix
[    0.659740] scsi host1: ata_piix
[    0.659766] ata1: PATA max UDMA/33 cmd 0x1f0 ctl 0x3f6 bmdma 0xd000 irq 14
[    0.659767] ata2: PATA max UDMA/33 cmd 0x170 ctl 0x376 bmdma 0xd008 irq 15
[    0.659849] tun: Universal TUN/TAP device driver, 1.6
[    0.660152] PPP generic driver version 2.4.2
[    0.660196] VFIO - User Level meta-driver version: 0.3
[    0.660435] ehci_hcd: USB 2.0 'Enhanced' Host Controller (EHCI) Driver
[    0.660440] ehci-pci: EHCI PCI platform driver
[    0.660457] ehci-platform: EHCI generic platform driver
[    0.660464] ohci_hcd: USB 1.1 'Open' Host Controller (OHCI) Driver
[    0.660465] ohci-pci: OHCI PCI platform driver
[    0.660472] ohci-platform: OHCI generic platform driver
[    0.660477] uhci_hcd: USB Universal Host Controller Interface driver
[    0.660543] i8042: PNP: PS/2 Controller [PNP0303:PS2K,PNP0f03:PS2M] at 0x60,0x64 irq 1,12
[    0.660980] serio: i8042 KBD port at 0x60,0x64 irq 1
[    0.660983] serio: i8042 AUX port at 0x60,0x64 irq 12
[    0.661070] mousedev: PS/2 mouse device common for all mice
[    0.661332] input: AT Translated Set 2 keyboard as /devices/platform/i8042/serio0/input/input2
[    0.661732] rtc_cmos rtc_cmos: registered as rtc0
[    0.661745] rtc_cmos rtc_cmos: alarms up to one day, 114 bytes nvram
[    0.661750] i2c /dev entries driver
[    0.661793] device-mapper: uevent: version 1.0.3
[    0.661837] device-mapper: ioctl: 4.41.0-ioctl (2019-09-16) initialised: dm-devel@redhat.com
[    0.661853] platform eisa.0: Probing EISA bus 0
[    0.661855] platform eisa.0: EISA: Cannot allocate resource for mainboard
[    0.661856] platform eisa.0: Cannot allocate resource for EISA slot 1
[    0.661857] platform eisa.0: Cannot allocate resource for EISA slot 2
[    0.661858] platform eisa.0: Cannot allocate resource for EISA slot 3
[    0.661859] platform eisa.0: Cannot allocate resource for EISA slot 4
[    0.661860] platform eisa.0: Cannot allocate resource for EISA slot 5
[    0.661861] platform eisa.0: Cannot allocate resource for EISA slot 6
[    0.661862] platform eisa.0: Cannot allocate resource for EISA slot 7
[    0.661862] platform eisa.0: Cannot allocate resource for EISA slot 8
[    0.661863] platform eisa.0: EISA: Detected 0 cards
[    0.661867] intel_pstate: CPU model not supported
[    0.661875] ledtrig-cpu: registered to indicate activity on CPUs
[    0.661930] drop_monitor: Initializing network drop monitor service
[    0.662092] NET: Registered protocol family 10
[    0.667256] Segment Routing with IPv6
[    0.667256] fullmesh registered
[    0.667256] ndiffports registered
[    0.667256] binder registered
[    0.667256] roundrobin registered
[    0.667256] redundant registered
[    0.667256] blest registered
[    0.667256] ecf registered
[    0.667256] NET: Registered protocol family 17
[    0.667256] Key type dns_resolver registered
[    0.667256] RAS: Correctable Errors collector initialized.
[    0.667256] IPI shorthand broadcast: enabled
[    0.667256] sched_clock: Marking stable (652211248, 11045104)->(665156780, -1900428)
[    0.667521] registered taskstats version 1
[    0.667529] Loading compiled-in X.509 certificates
[    0.668119] Loaded X.509 cert 'Build time autogenerated kernel key: 6909f3744cebb3d0de528d5887b96a727de79b1e'
[    0.668137] zswap: loaded using pool lzo/zbud
[    0.668191] Key type ._fscrypt registered
[    0.668192] Key type .fscrypt registered
[    0.672622] Key type big_key registered
[    0.674797] Key type encrypted registered
[    0.674800] AppArmor: AppArmor sha1 policy hashing enabled
[    0.674807] ima: No TPM chip found, activating TPM-bypass!
[    0.674812] ima: Allocated hash algorithm: sha1
[    0.674817] ima: No architecture policies found
[    0.674826] evm: Initialising EVM extended attributes:
[    0.674827] evm: security.selinux
[    0.674828] evm: security.SMACK64
[    0.674828] evm: security.SMACK64EXEC
[    0.674829] evm: security.SMACK64TRANSMUTE
[    0.674829] evm: security.SMACK64MMAP
[    0.674829] evm: security.apparmor
[    0.674830] evm: security.ima
[    0.674830] evm: security.capability
[    0.674831] evm: HMAC attrs: 0x1
[    0.675141] PM:   Magic number: 10:167:797
[    0.675253] rtc_cmos rtc_cmos: setting system clock to 2026-01-14T18:47:46 UTC (1768416466)
[    0.832268] ata1.00: ATA-6: VBOX HARDDISK, 1.0, max UDMA/133
[    0.832272] ata1.00: 209715200 sectors, multi 128: LBA 
[    0.832943] scsi 0:0:0:0: Direct-Access     ATA      VBOX HARDDISK    1.0  PQ: 0 ANSI: 5
[    0.833242] sd 0:0:0:0: [sda] 209715200 512-byte logical blocks: (107 GB/100 GiB)
[    0.833255] sd 0:0:0:0: [sda] Write Protect is off
[    0.833258] sd 0:0:0:0: [sda] Mode Sense: 00 3a 00 00
[    0.833279] sd 0:0:0:0: [sda] Write cache: enabled, read cache: enabled, doesn't support DPO or FUA
[    0.833602] sd 0:0:0:0: Attached scsi generic sg0 type 0
[    0.834475]  sda: sda1 sda2
[    0.843369] sd 0:0:0:0: [sda] Attached SCSI disk
[    0.848625] Freeing unused decrypted memory: 2040K
[    0.849974] Freeing unused kernel image memory: 2728K
[    0.849978] Write protecting the kernel read-only data: 22528k
[    0.851484] Freeing unused kernel image memory: 2036K
[    0.852272] Freeing unused kernel image memory: 1432K
[    0.888089] x86/mm: Checked W+X mappings: passed, no W+X pages found.
[    0.888094] Run /init as init process
[    0.997804] ACPI: Video Device [GFX0] (multi-head: yes  rom: no  post: no)
[    0.997878] input: Video Bus as /devices/LNXSYSTM:00/LNXSYBUS:00/PNP0A03:00/LNXVIDEO:00/input/input4
[    1.009373] pcnet32: pcnet32.c:v1.35 21.Apr.2008 tsbogend@alpha.franken.de
[    1.013193] piix4_smbus 0000:00:07.0: SMBus Host Controller at 0x4100, revision 0
[    1.015728] e1000: Intel(R) PRO/1000 Network Driver - version 7.3.21-k8-NAPI
[    1.015729] e1000: Copyright (c) 1999-2006 Intel Corporation.
[    1.017514] pcnet32: PCnet/FAST III 79C973 at 0xd020, 08:00:27:f0:7d:3e assigned IRQ 19
[    1.017559] pcnet32: Found PHY 0022:561b at address 0
[    1.017863] pcnet32: eth0: registered as PCnet/FAST III 79C973
[    1.028274] pcnet32: 1 cards_found
[    1.094752] pcnet32 0000:00:03.0 enp0s3: renamed from eth0
[    1.230985] input: ImExPS/2 Generic Explorer Mouse as /devices/platform/i8042/serio1/input/input5
[    1.423388] e1000 0000:00:08.0 eth0: (PCI:33MHz:32-bit) 08:00:27:d6:e4:fa
[    1.423415] e1000 0000:00:08.0 eth0: Intel(R) PRO/1000 Network Connection
[    1.795347] e1000 0000:00:09.0 eth1: (PCI:33MHz:32-bit) 08:00:27:96:0f:2e
[    1.795350] e1000 0000:00:09.0 eth1: Intel(R) PRO/1000 Network Connection
[    1.796511] e1000 0000:00:09.0 enp0s9: renamed from eth1
[    1.798277] e1000 0000:00:08.0 enp0s8: renamed from eth0
[    1.950628] EXT4-fs (sda2): mounted filesystem with ordered data mode. Opts: (null)
[    2.041787] systemd[1]: Inserted module 'autofs4'
[    2.053807] systemd[1]: systemd 245.4-4ubuntu3 running in system mode. (+PAM +AUDIT +SELINUX +IMA +APPARMOR +SMACK +SYSVINIT +UTMP +LIBCRYPTSETUP +GCRYPT +GNUTLS +ACL +XZ +LZ4 +SECCOMP +BLKID +ELFUTILS +KMOD +IDN2 -IDN +PCRE2 default-hierarchy=hybrid)
[    2.053839] systemd[1]: Detected virtualization oracle.
[    2.053842] systemd[1]: Detected architecture x86-64.
[    2.055185] systemd[1]: Set hostname to <ztg>.
[    2.181753] systemd[1]: /lib/systemd/system/dbus.socket:5: ListenStream= references a path below legacy directory /var/run/, updating /var/run/dbus/system_bus_socket â†’ /run/dbus/system_bus_socket; please update the unit file accordingly.
[    2.234266] systemd[1]: Created slice system-modprobe.slice.
[    2.234446] systemd[1]: Created slice User and Session Slice.
[    2.234486] systemd[1]: Started Forward Password Requests to Wall Directory Watch.
[    2.234653] systemd[1]: Set up automount Arbitrary Executable File Formats File System Automount Point.
[    2.234687] systemd[1]: Reached target User and Group Name Lookups.
[    2.234696] systemd[1]: Reached target Remote File Systems.
[    2.234703] systemd[1]: Reached target Slices.
[    2.235544] systemd[1]: Listening on Syslog Socket.
[    2.235614] systemd[1]: Listening on fsck to fsckd communication Socket.
[    2.235652] systemd[1]: Listening on initctl Compatibility Named Pipe.
[    2.235788] systemd[1]: Listening on Journal Audit Socket.
[    2.235839] systemd[1]: Listening on Journal Socket (/dev/log).
[    2.235908] systemd[1]: Listening on Journal Socket.
[    2.235970] systemd[1]: Listening on udev Control Socket.
[    2.236009] systemd[1]: Listening on udev Kernel Socket.
[    2.236751] systemd[1]: Mounting Huge Pages File System...
[    2.237659] systemd[1]: Mounting POSIX Message Queue File System...
[    2.238516] systemd[1]: Mounting Kernel Debug File System...
[    2.239438] systemd[1]: Mounting Kernel Trace File System...
[    2.241302] systemd[1]: Starting Journal Service...
[    2.265873] systemd[1]: Starting Set the console keyboard layout...
[    2.273900] systemd[1]: Starting Create list of static device nodes for the current kernel...
[    2.276063] systemd[1]: Starting Load Kernel Module drm...
[    2.277206] systemd[1]: Condition check resulted in Set Up Additional Binary Formats being skipped.
[    2.277242] systemd[1]: Condition check resulted in File System Check on Root Device being skipped.
[    2.290596] systemd[1]: Starting Load Kernel Modules...
[    2.299658] systemd[1]: Starting Remount Root and Kernel File Systems...
[    2.306991] systemd[1]: Starting udev Coldplug all Devices...
[    2.317140] systemd[1]: Starting Uncomplicated firewall...
[    2.318751] systemd[1]: Mounted Huge Pages File System.
[    2.318848] systemd[1]: Mounted POSIX Message Queue File System.
[    2.318944] systemd[1]: Mounted Kernel Debug File System.
[    2.319021] systemd[1]: Mounted Kernel Trace File System.
[    2.319312] EXT4-fs (sda2): re-mounted. Opts: errors=remount-ro
[    2.340779] systemd[1]: Finished Create list of static device nodes for the current kernel.
[    2.341740] systemd[1]: modprobe@drm.service: Succeeded.
[    2.364850] systemd[1]: Finished Load Kernel Module drm.
[    2.365285] systemd[1]: Finished Remount Root and Kernel File Systems.
[    2.367451] lp: driver loaded but no devices found
[    2.368918] systemd[1]: Finished Uncomplicated firewall.
[    2.380310] systemd[1]: Condition check resulted in Rebuild Hardware Database being skipped.
[    2.380354] systemd[1]: Condition check resulted in Platform Persistent Storage Archival being skipped.
[    2.382445] systemd[1]: Starting Load/Save Random Seed...
[    2.384580] ppdev: user-space parallel port driver
[    2.392144] systemd[1]: Starting Create System Users...
[    2.405519] systemd[1]: Finished Load/Save Random Seed.
[    2.412142] systemd[1]: Finished Create System Users.
[    2.412968] systemd[1]: Starting Create Static Device Nodes in /dev...
[    2.456307] [drm] DMA map mode: Caching DMA mappings.
[    2.456370] [drm] Capabilities:
[    2.456371] [drm]   Rect copy.
[    2.456371] [drm]   Cursor.
[    2.456371] [drm]   Cursor bypass.
[    2.456372] [drm]   Cursor bypass 2.
[    2.456372] [drm]   Alpha cursor.
[    2.456373] [drm]   Extended Fifo.
[    2.456373] [drm]   Pitchlock.
[    2.456373] [drm]   Irq mask.
[    2.456373] [drm]   GMR.
[    2.456374] [drm]   Traces.
[    2.456374] [drm]   GMR2.
[    2.456374] [drm]   Screen Object 2.
[    2.456375] [drm]   Command Buffers.
[    2.456375] [drm]   Command Buffers 2.
[    2.456376] [drm]   Guest Backed Resources.
[    2.456377] [drm] Max GMR ids is 8192
[    2.456377] [drm] Max number of GMR pages is 1048576
[    2.456378] [drm] Max dedicated hypervisor surface memory is 393216 kiB
[    2.456378] [drm] Maximum display memory size is 131072 kiB
[    2.456379] [drm] VRAM at 0xe0000000 size is 131072 kiB
[    2.456379] [drm] MMIO at 0xf0000000 size is 2048 kiB
[    2.459690] [TTM] Zone  kernel: Available graphics memory: 1011738 KiB
[    2.459691] [TTM] Initializing pool allocator
[    2.459695] [TTM] Initializing DMA pool allocator
[    2.459725] [drm] Supports vblank timestamp caching Rev 2 (21.10.2013).
[    2.459725] [drm] No driver support for vblank timestamp query.
[    2.459952] [drm] Screen Target Display device initialized
[    2.460164] [drm] width 720
[    2.460176] [drm] height 400
[    2.460180] [drm] bpp 32
[    2.460702] [drm] Fifo max 0x00200000 min 0x00001000 cap 0x00000355
[    2.461775] [drm] Using command buffers with DMA pool.
[    2.461779] [drm] DX: no.
[    2.461779] [drm] Atomic: yes.
[    2.461779] [drm] SM4_1: no.
[    2.461800] [drm:vmw_host_log [vmwgfx]] *ERROR* Failed to send host log message.
[    2.462689] [drm:vmw_host_log [vmwgfx]] *ERROR* Failed to send host log message.
[    2.465466] systemd[1]: Finished Create Static Device Nodes in /dev.
[    2.466397] systemd[1]: Starting udev Kernel Device Manager...
[    2.491126] systemd[1]: Finished udev Coldplug all Devices.
[    2.497345] fbcon: svgadrmfb (fb0) is primary device
[    2.500627] Console: switching to colour frame buffer device 100x37
[    2.506502] [drm] Initialized vmwgfx 2.15.0 20180704 for 0000:00:02.0 on minor 0
[    2.507427] systemd[1]: Finished Load Kernel Modules.
[    2.508357] systemd[1]: Mounting FUSE Control File System...
[    2.509478] systemd[1]: Mounting Kernel Configuration File System...
[    2.534692] systemd[1]: Starting Apply Kernel Variables...
[    2.538999] systemd[1]: Mounted FUSE Control File System.
[    2.539070] systemd[1]: Condition check resulted in VMware vmblock fuse mount being skipped.
[    2.544134] systemd[1]: Mounted Kernel Configuration File System.
[    2.553363] systemd[1]: Finished Apply Kernel Variables.
[    2.561316] systemd[1]: Finished Set the console keyboard layout.
[    2.561398] systemd[1]: Reached target Local File Systems (Pre).
[    2.564221] systemd[1]: Mounting Mount unit for bare, revision 5...
[    2.574625] systemd[1]: Mounting Mount unit for core18, revision 1705...
[    2.575976] systemd[1]: Mounting Mount unit for gnome-3-34-1804, revision 24...
[    2.580216] systemd[1]: Mounting Mount unit for gtk-common-themes, revision 1506...
[    2.600070] systemd[1]: Mounting Mount unit for gtk-common-themes, revision 1535...
[    2.616014] systemd[1]: Mounting Mount unit for snap-store, revision 433...
[    2.623848] systemd[1]: Mounting Mount unit for snapd, revision 7264...
[    2.653403] systemd[1]: Mounted Mount unit for bare, revision 5.
[    2.653507] systemd[1]: Mounted Mount unit for gnome-3-34-1804, revision 24.
[    2.664169] systemd[1]: Started udev Kernel Device Manager.
[    2.664980] systemd[1]: Starting Show Plymouth Boot Screen...
[    2.672029] systemd[1]: Received SIGRTMIN+20 from PID 273 (plymouthd).
[    2.695155] systemd[1]: Started Show Plymouth Boot Screen.
[    2.695311] systemd[1]: Condition check resulted in Dispatch Password Requests to Console Directory Watch being skipped.
[    2.695397] systemd[1]: Started Forward Password Requests to Plymouth Directory Watch.
[    2.695443] systemd[1]: Reached target Local Encrypted Volumes.
[    2.714305] systemd[1]: Mounted Mount unit for gtk-common-themes, revision 1506.
[    2.762549] systemd[1]: Mounted Mount unit for core18, revision 1705.
[    2.762836] systemd[1]: Mounted Mount unit for snap-store, revision 433.
[    2.785398] systemd[1]: Mounted Mount unit for gtk-common-themes, revision 1535.
[    2.785646] systemd[1]: Mounted Mount unit for snapd, revision 7264.
[    2.785797] systemd[1]: Reached target Local File Systems.
[    2.786668] systemd[1]: Starting Load AppArmor profiles...
[    2.789003] systemd[1]: Starting Set console font and keymap...
[    2.803781] systemd[1]: Starting Tell Plymouth To Write Out Runtime Data...
[    2.803917] systemd[1]: Condition check resulted in Store a System Token in an EFI Variable being skipped.
[    2.803959] systemd[1]: Condition check resulted in Commit a transient machine-id on disk being skipped.
[    2.807835] systemd[1]: Finished Set console font and keymap.
[    2.816075] systemd[1]: Received SIGRTMIN+20 from PID 273 (plymouthd).
[    2.817446] systemd[1]: plymouth-read-write.service: Succeeded.
[    2.817680] systemd[1]: Finished Tell Plymouth To Write Out Runtime Data.
[    2.850473] audit: type=1400 audit(1768416468.668:2): apparmor="STATUS" operation="profile_load" profile="unconfined" name="nvidia_modprobe" pid=301 comm="apparmor_parser"
[    2.850476] audit: type=1400 audit(1768416468.668:3): apparmor="STATUS" operation="profile_load" profile="unconfined" name="nvidia_modprobe//kmod" pid=301 comm="apparmor_parser"
[    2.857312] audit: type=1400 audit(1768416468.676:4): apparmor="STATUS" operation="profile_load" profile="unconfined" name="/usr/sbin/tcpdump" pid=302 comm="apparmor_parser"
[    2.886679] audit: type=1400 audit(1768416468.700:5): apparmor="STATUS" operation="profile_load" profile="unconfined" name="/usr/bin/evince" pid=304 comm="apparmor_parser"
[    2.886682] audit: type=1400 audit(1768416468.700:6): apparmor="STATUS" operation="profile_load" profile="unconfined" name="/usr/bin/evince//sanitized_helper" pid=304 comm="apparmor_parser"
[    2.886684] audit: type=1400 audit(1768416468.700:7): apparmor="STATUS" operation="profile_load" profile="unconfined" name="/usr/bin/evince-previewer" pid=304 comm="apparmor_parser"
[    2.886685] audit: type=1400 audit(1768416468.700:8): apparmor="STATUS" operation="profile_load" profile="unconfined" name="/usr/bin/evince-previewer//sanitized_helper" pid=304 comm="apparmor_parser"
[    2.886687] audit: type=1400 audit(1768416468.700:9): apparmor="STATUS" operation="profile_load" profile="unconfined" name="/usr/bin/evince-thumbnailer" pid=304 comm="apparmor_parser"
[    2.919044] audit: type=1400 audit(1768416468.736:10): apparmor="STATUS" operation="profile_load" profile="unconfined" name="/usr/lib/cups/backend/cups-pdf" pid=305 comm="apparmor_parser"
[    2.980307] systemd[1]: Finished Load AppArmor profiles.
[    2.981221] systemd[1]: Starting Load AppArmor profiles managed internally by snapd...
[    3.056910] systemd[1]: Finished Load AppArmor profiles managed internally by snapd.
[    3.206435] systemd[1]: Started Journal Service.
[    3.225988] systemd-journald[229]: Received client request to flush runtime journal.
[    3.229099] systemd-journald[229]: File /var/log/journal/c455b248004a419c87ce85eea238d727/system.journal corrupted or uncleanly shut down, renaming and replacing.
[    4.530563] RAPL PMU: API unit is 2^-32 Joules, 0 fixed counters, 10737418240 ms ovfl timer
[    4.617990] cryptd: max_cpu_qlen set to 1000
[    4.646217] AVX2 version of gcm_enc/dec engaged.
[    4.646218] AES CTR mode by8 optimization enabled
[    5.477846] Adding 1998844k swap on /dev/sda1.  Priority:-2 extents:1 across:1998844k FS
[    6.659253] kauditd_printk_skb: 30 callbacks suppressed
[    6.659255] audit: type=1400 audit(1768416472.476:41): apparmor="DENIED" operation="capable" profile="/usr/sbin/cups-browsed" pid=498 comm="cups-browsed" capability=23  capname="sys_nice"
[    7.678068] pcnet32 0000:00:03.0 enp0s3: link up, 100Mbps, full-duplex
[    7.714481] e1000: enp0s8 NIC Link is Up 1000 Mbps Full Duplex, Flow Control: RX
[    7.714757] IPv6: ADDRCONF(NETDEV_CHANGE): enp0s8: link becomes ready
[    7.726474] e1000: enp0s9 NIC Link is Up 1000 Mbps Full Duplex, Flow Control: RX
[    7.726771] IPv6: ADDRCONF(NETDEV_CHANGE): enp0s9: link becomes ready
[    8.267056] device enp0s3 entered promiscuous mode
[    8.295945] audit: type=1400 audit(1768416474.116:42): apparmor="DENIED" operation="open" profile="/usr/sbin/tcpdump" name="/proc/sys/kernel/random/boot_id" pid=668 comm="tcpdump" requested_mask="r" denied_mask="r" fsuid=0 ouid=0
[    8.296203] audit: type=1400 audit(1768416474.116:43): apparmor="DENIED" operation="open" profile="/usr/sbin/tcpdump" name="/proc/sys/kernel/random/boot_id" pid=668 comm="tcpdump" requested_mask="r" denied_mask="r" fsuid=0 ouid=0
[    8.296259] audit: type=1400 audit(1768416474.116:44): apparmor="DENIED" operation="open" profile="/usr/sbin/tcpdump" name="/proc/sys/kernel/random/boot_id" pid=668 comm="tcpdump" requested_mask="r" denied_mask="r" fsuid=0 ouid=0
[    8.296317] audit: type=1400 audit(1768416474.116:45): apparmor="DENIED" operation="open" profile="/usr/sbin/tcpdump" name="/proc/sys/kernel/random/boot_id" pid=668 comm="tcpdump" requested_mask="r" denied_mask="r" fsuid=0 ouid=0
[    8.300981] audit: type=1400 audit(1768416474.124:46): apparmor="DENIED" operation="open" profile="/usr/sbin/tcpdump" name="/proc/sys/kernel/random/boot_id" pid=669 comm="tcpdump" requested_mask="r" denied_mask="r" fsuid=0 ouid=0
[    8.301176] audit: type=1400 audit(1768416474.124:47): apparmor="DENIED" operation="open" profile="/usr/sbin/tcpdump" name="/proc/sys/kernel/random/boot_id" pid=669 comm="tcpdump" requested_mask="r" denied_mask="r" fsuid=0 ouid=0
[    8.301216] audit: type=1400 audit(1768416474.124:48): apparmor="DENIED" operation="open" profile="/usr/sbin/tcpdump" name="/proc/sys/kernel/random/boot_id" pid=669 comm="tcpdump" requested_mask="r" denied_mask="r" fsuid=0 ouid=0
[    8.301298] audit: type=1400 audit(1768416474.124:49): apparmor="DENIED" operation="open" profile="/usr/sbin/tcpdump" name="/proc/sys/kernel/random/boot_id" pid=669 comm="tcpdump" requested_mask="r" denied_mask="r" fsuid=0 ouid=0
[   12.705712] rfkill: input handler disabled
[  238.608007] AAAAA-TCP_FORW: name:enp0s3: saddr:100932208: daddr:16783984
[  238.762134] AAAAA-TCP_FORW: name:enp0s3: saddr:100932208: daddr:16783984
[  239.032839] AAAAA-TCP_FORW: name:enp0s3: saddr:100932208: daddr:16783984
[  239.165947] AAAAA-TCP_FORW: name:enp0s3: saddr:100932208: daddr:16783984
[  239.296270] AAAAA-TCP_FORW: name:enp0s3: saddr:100932208: daddr:16783984
[  239.493860] AAAAA-TCP_FORW: name:enp0s3: saddr:100932208: daddr:16783984
[  239.621071] AAAAA-TCP_FORW: name:enp0s3: saddr:100932208: daddr:16783984
[  239.668834] AAAAA-TCP_FORW: name:enp0s3: saddr:100932208: daddr:16783984
[  239.763574] AAAAA-TCP_FORW: name:enp0s3: saddr:100932208: daddr:16783984
[  239.838010] AAAAA-TCP_FORW: name:enp0s3: saddr:100932208: daddr:16783984
[  240.000085] AAAAA-TCP_FORW: name:enp0s3: saddr:100932208: daddr:16783984
[  240.144245] AAAAA-TCP_FORW: name:enp0s3: saddr:100932208: daddr:33561200
[  240.373148] AAAAA-TCP_FORW: name:enp0s3: saddr:100932208: daddr:33561200
[  240.458306] AAAAA-TCP_FORW: name:enp0s3: saddr:100932208: daddr:33561200
[  240.599578] AAAAA-TCP_FORW: name:enp0s3: saddr:100932208: daddr:33561200
[  240.745105] AAAAA-TCP_FORW: name:enp0s3: saddr:100932208: daddr:33561200
[  240.818720] AAAAA-TCP_FORW: name:enp0s3: saddr:100932208: daddr:33561200
[  240.876928] AAAAA-TCP_FORW: name:enp0s3: saddr:100932208: daddr:33561200
[  240.952326] AAAAA-TCP_FORW: name:enp0s3: saddr:100932208: daddr:33561200
[  241.133948] AAAAA-TCP_FORW: name:enp0s3: saddr:100932208: daddr:33561200
[  241.209313] AAAAA-TCP_FORW: name:enp0s3: saddr:100932208: daddr:33561200
[  241.279619] AAAAA-TCP_FORW: name:enp0s3: saddr:100932208: daddr:16783984
[  241.343853] AAAAA-TCP_FORW: name:enp0s3: saddr:100932208: daddr:16783984
[  241.626798] AAAAA-TCP_FORW: name:enp0s3: saddr:100932208: daddr:16783984
[  241.719350] AAAAA-TCP_FORW: name:enp0s3: saddr:100932208: daddr:16783984
[  241.778576] AAAAA-TCP_FORW: name:enp0s3: saddr:100932208: daddr:16783984
[  241.939711] AAAAA-TCP_FORW: name:enp0s3: saddr:100932208: daddr:16783984
[  242.036778] AAAAA-TCP_FORW: name:enp0s3: saddr:100932208: daddr:16783984
[  242.182712] AAAAA-TCP_FORW: name:enp0s3: saddr:100932208: daddr:16783984
[  242.316795] AAAAA-TCP_FORW: name:enp0s3: saddr:100932208: daddr:16783984
[  242.372481] AAAAA-TCP_FORW: name:enp0s3: saddr:100932208: daddr:16783984
[  242.539581] AAAAA-TCP_FORW: name:enp0s3: saddr:100932208: daddr:33561200
[  242.639118] AAAAA-TCP_FORW: name:enp0s3: saddr:100932208: daddr:16783984
[  242.819859] AAAAA-TCP_FORW: name:enp0s3: saddr:100932208: daddr:16783984
[  242.971543] AAAAA-TCP_FORW: name:enp0s3: saddr:100932208: daddr:16783984
[  243.086027] AAAAA-TCP_FORW: name:enp0s3: saddr:100932208: daddr:16783984
[  243.189874] AAAAA-TCP_FORW: name:enp0s3: saddr:100932208: daddr:16783984
[  243.300259] AAAAA-TCP_FORW: name:enp0s3: saddr:100932208: daddr:16783984
[  243.371406] AAAAA-TCP_FORW: name:enp0s3: saddr:100932208: daddr:16783984
[  243.472309] AAAAA-TCP_FORW: name:enp0s3: saddr:100932208: daddr:16783984
[  243.542485] AAAAA-TCP_FORW: name:enp0s3: saddr:100932208: daddr:16783984
[  243.665994] AAAAA-TCP_FORW: name:enp0s3: saddr:100932208: daddr:16783984
[  243.718310] AAAAA-TCP_FORW: name:enp0s3: saddr:100932208: daddr:33561200
[  243.824393] AAAAA-TCP_FORW: name:enp0s3: saddr:100932208: daddr:33561200
[  243.916881] AAAAA-TCP_FORW: name:enp0s3: saddr:100932208: daddr:33561200
[  243.978729] AAAAA-TCP_FORW: name:enp0s3: saddr:100932208: daddr:33561200
[  244.108293] AAAAA-TCP_FORW: name:enp0s3: saddr:100932208: daddr:33561200
[  244.200965] AAAAA-TCP_FORW: name:enp0s3: saddr:100932208: daddr:33561200
[  244.398351] AAAAA-TCP_FORW: name:enp0s3: saddr:100932208: daddr:33561200
[  244.515418] AAAAA-TCP_FORW: name:enp0s3: saddr:100932208: daddr:33561200
[  244.518064] AAAAA-TCP_FORW: name:enp0s3: saddr:100932208: daddr:33561200
[  244.641312] AAAAA-TCP_FORW: name:enp0s3: saddr:100932208: daddr:33561200
[  244.770575] AAAAA-TCP_FORW: name:enp0s3: saddr:100932208: daddr:33561200
[  244.776264] AAAAA-TCP_FORW: name:enp0s3: saddr:100932208: daddr:33561200
[  244.871083] AAAAA-TCP_FORW: name:enp0s3: saddr:100932208: daddr:33561200
[  245.081301] AAAAA-TCP_FORW: name:enp0s3: saddr:100932208: daddr:33561200
[  245.169129] AAAAA-TCP_FORW: name:enp0s3: saddr:100932208: daddr:33561200
[  245.225477] AAAAA-TCP_FORW: name:enp0s3: saddr:100932208: daddr:33561200
[  245.309126] AAAAA-TCP_FORW: name:enp0s3: saddr:100932208: daddr:33561200
[  245.403014] AAAAA-TCP_FORW: name:enp0s3: saddr:100932208: daddr:33561200
[  245.463920] AAAAA-TCP_FORW: name:enp0s3: saddr:100932208: daddr:33561200
[  245.564136] AAAAA-TCP_FORW: name:enp0s3: saddr:100932208: daddr:16783984
[  245.701312] AAAAA-TCP_FORW: name:enp0s3: saddr:100932208: daddr:16783984
[  256.123626] AAAAA-TCP_FORW: name:enp0s3: saddr:100932208: daddr:33561200
[  256.247855] AAAAA-TCP_FORW: name:enp0s3: saddr:100932208: daddr:16783984
[  256.467684] AAAAA-TCP_FORW: name:enp0s3: saddr:100932208: daddr:16783984
[  256.576743] AAAAA-TCP_FORW: name:enp0s3: saddr:100932208: daddr:16783984
[  256.757960] AAAAA-TCP_FORW: name:enp0s3: saddr:100932208: daddr:16783984
[  256.874138] AAAAA-TCP_FORW: name:enp0s3: saddr:100932208: daddr:16783984
[  257.053204] AAAAA-TCP_FORW: name:enp0s3: saddr:100932208: daddr:16783984
[  257.152527] AAAAA-TCP_FORW: name:enp0s3: saddr:100932208: daddr:16783984
[  257.242538] AAAAA-TCP_FORW: name:enp0s3: saddr:100932208: daddr:16783984
[  257.419292] AAAAA-TCP_FORW: name:enp0s3: saddr:100932208: daddr:16783984
[  257.555215] AAAAA-TCP_FORW: name:enp0s3: saddr:100932208: daddr:16783984
[  262.210281] AAAAA-TCP_FORW: name:enp0s3: saddr:100932208: daddr:16783984
[  262.219027] AAAAA-TCP_FORW: name:enp0s3: saddr:16783984: daddr:100932208
[  262.276364] AAAAA-TCP_FORW: name:enp0s3: saddr:100932208: daddr:16783984
[  262.310731] AAAAA-TCP_FORW: name:enp0s3: saddr:100932208: daddr:16783984
[  262.372968] AAAAA-TCP_FORW: name:enp0s3: saddr:16783984: daddr:100932208
[  262.413843] AAAAA-TCP_FORW: name:enp0s3: saddr:16783984: daddr:100932208
[  262.553364] AAAAA-TCP_FORW: name:enp0s3: saddr:100932208: daddr:16783984
[  262.610092] AAAAA-TCP_FORW: name:enp0s3: saddr:100932208: daddr:16783984
[  262.656293] AAAAA-TCP_FORW: name:enp0s3: saddr:16783984: daddr:100932208
[  262.673423] AAAAA-TCP_FORW: name:enp0s3: saddr:100932208: daddr:16783984
[  262.728914] AAAAA-TCP_FORW: name:enp0s3: saddr:16783984: daddr:100932208
[  262.754721] AAAAA-TCP_FORW: name:enp0s3: saddr:100932208: daddr:16783984
[  262.805871] AAAAA-TCP_FORW: name:enp0s3: saddr:100932208: daddr:16783984
[  262.885806] AAAAA-TCP_FORW: name:enp0s3: saddr:16783984: daddr:100932208
[  262.967270] AAAAA-TCP_FORW: name:enp0s3: saddr:16783984: daddr:100932208
[  262.993191] AAAAA-TCP_FORW: name:enp0s3: saddr:100932208: daddr:16783984
[  263.053684] AAAAA-TCP_FORW: name:enp0s3: saddr:16783984: daddr:100932208
[  263.120045] AAAAA-TCP_FORW: name:enp0s3: saddr:100932208: daddr:16783984
[  263.169145] AAAAA-TCP_FORW: name:enp0s3: saddr:100932208: daddr:16783984
[  263.204046] AAAAA-TCP_FORW: name:enp0s3: saddr:100932208: daddr:16783984
[  263.247464] AAAAA-TCP_FORW: name:enp0s3: saddr:100932208: daddr:16783984
[  263.260945] AAAAA-TCP_FORW: name:enp0s3: saddr:16783984: daddr:100932208
[  263.369019] AAAAA-TCP_FORW: name:enp0s3: saddr:16783984: daddr:100932208
[  263.526381] AAAAA-TCP_FORW: name:enp0s3: saddr:100932208: daddr:16783984
[  263.643031] AAAAA-TCP_FORW: name:enp0s3: saddr:16783984: daddr:100932208
[  263.725039] AAAAA-TCP_FORW: name:enp0s3: saddr:16783984: daddr:100932208
[  263.772673] AAAAA-TCP_FORW: name:enp0s3: saddr:16783984: daddr:100932208
[  263.803701] AAAAA-TCP_FORW: name:enp0s3: saddr:100932208: daddr:16783984
[  263.885089] AAAAA-TCP_FORW: name:enp0s3: saddr:100932208: daddr:16783984
[  263.966014] AAAAA-TCP_FORW: name:enp0s3: saddr:100932208: daddr:16783984
[  264.072282] AAAAA-TCP_FORW: name:enp0s3: saddr:100932208: daddr:16783984
[  264.134911] AAAAA-TCP_FORW: name:enp0s3: saddr:16783984: daddr:100932208
[  264.283217] AAAAA-TCP_FORW: name:enp0s3: saddr:100932208: daddr:16783984
[  264.316607] AAAAA-TCP_FORW: name:enp0s3: saddr:16783984: daddr:100932208
[  264.408933] AAAAA-TCP_FORW: name:enp0s3: saddr:16783984: daddr:100932208
[  264.431317] AAAAA-TCP_FORW: name:enp0s3: saddr:100932208: daddr:16783984
[  264.461187] AAAAA-TCP_FORW: name:enp0s3: saddr:100932208: daddr:16783984
[  264.536328] AAAAA-TCP_FORW: name:enp0s3: saddr:16783984: daddr:100932208
[  264.648980] AAAAA-TCP_FORW: name:enp0s3: saddr:16783984: daddr:100932208
[  264.783329] AAAAA-TCP_FORW: name:enp0s3: saddr:100932208: daddr:16783984
[  264.837960] AAAAA-TCP_FORW: name:enp0s3: saddr:16783984: daddr:100932208
[  264.925963] AAAAA-TCP_FORW: name:enp0s3: saddr:100932208: daddr:16783984
[  264.932803] AAAAA-TCP_FORW: name:enp0s3: saddr:16783984: daddr:100932208
[  265.093261] AAAAA-TCP_FORW: name:enp0s3: saddr:100932208: daddr:16783984
[  265.124759] AAAAA-TCP_FORW: name:enp0s3: saddr:16783984: daddr:100932208
[  265.176631] AAAAA-TCP_FORW: name:enp0s3: saddr:100932208: daddr:16783984
[  265.234642] AAAAA-TCP_FORW: name:enp0s3: saddr:16783984: daddr:100932208
[  265.248275] AAAAA-TCP_FORW: name:enp0s3: saddr:100932208: daddr:16783984
[  265.310252] AAAAA-TCP_FORW: name:enp0s3: saddr:100932208: daddr:16783984
[  265.356509] AAAAA-TCP_FORW: name:enp0s3: saddr:16783984: daddr:100932208
[  265.444204] AAAAA-TCP_FORW: name:enp0s3: saddr:16783984: daddr:100932208
[  265.456621] AAAAA-TCP_FORW: name:enp0s3: saddr:100932208: daddr:16783984
[  265.524114] AAAAA-TCP_FORW: name:enp0s3: saddr:100932208: daddr:16783984
[  265.546967] AAAAA-TCP_FORW: name:enp0s3: saddr:16783984: daddr:100932208
[  265.634390] AAAAA-TCP_FORW: name:enp0s3: saddr:16783984: daddr:100932208
[  265.645302] AAAAA-TCP_FORW: name:enp0s3: saddr:100932208: daddr:16783984
[  265.857052] AAAAA-TCP_FORW: name:enp0s3: saddr:16783984: daddr:100932208
[  265.905970] AAAAA-TCP_FORW: name:enp0s3: saddr:16783984: daddr:100932208
[  265.912578] AAAAA-TCP_FORW: name:enp0s3: saddr:100932208: daddr:16783984
[  265.989944] AAAAA-TCP_FORW: name:enp0s3: saddr:100932208: daddr:16783984
[  266.026295] AAAAA-TCP_FORW: name:enp0s3: saddr:100932208: daddr:16783984
[  266.038137] AAAAA-TCP_FORW: name:enp0s3: saddr:16783984: daddr:100932208
[  266.143349] AAAAA-TCP_FORW: name:enp0s3: saddr:100932208: daddr:16783984
[  266.197994] AAAAA-TCP_FORW: name:enp0s3: saddr:100932208: daddr:16783984
[  266.215009] AAAAA-TCP_FORW: name:enp0s3: saddr:16783984: daddr:100932208
[  266.254384] AAAAA-TCP_FORW: name:enp0s3: saddr:16783984: daddr:100932208
[  266.302580] AAAAA-TCP_FORW: name:enp0s3: saddr:16783984: daddr:100932208
[  266.312712] AAAAA-TCP_FORW: name:enp0s3: saddr:100932208: daddr:16783984
[  266.372007] AAAAA-TCP_FORW: name:enp0s3: saddr:100932208: daddr:16783984
[  266.390965] AAAAA-TCP_FORW: name:enp0s3: saddr:16783984: daddr:100932208
[  266.399409] AAAAA-TCP_FORW: name:enp0s3: saddr:100932208: daddr:16783984
[  266.424208] AAAAA-TCP_FORW: name:enp0s3: saddr:100932208: daddr:16783984
[  266.455259] AAAAA-TCP_FORW: name:enp0s3: saddr:16783984: daddr:100932208
[  266.534542] AAAAA-TCP_FORW: name:enp0s3: saddr:100932208: daddr:16783984
[  266.581136] AAAAA-TCP_FORW: name:enp0s3: saddr:100932208: daddr:16783984
[  266.637588] AAAAA-TCP_FORW: name:enp0s3: saddr:16783984: daddr:100932208
[  266.659078] AAAAA-TCP_FORW: name:enp0s3: saddr:100932208: daddr:16783984
[  266.684045] AAAAA-TCP_FORW: name:enp0s3: saddr:16783984: daddr:100932208
[  266.752324] AAAAA-TCP_FORW: name:enp0s3: saddr:16783984: daddr:100932208
[  266.764934] AAAAA-TCP_FORW: name:enp0s3: saddr:100932208: daddr:16783984
[  266.799792] AAAAA-TCP_FORW: name:enp0s3: saddr:100932208: daddr:16783984
[  266.821414] AAAAA-TCP_FORW: name:enp0s3: saddr:16783984: daddr:100932208
[  266.832953] AAAAA-TCP_FORW: name:enp0s3: saddr:100932208: daddr:16783984
[  266.869113] AAAAA-TCP_FORW: name:enp0s3: saddr:100932208: daddr:16783984
[  266.890493] AAAAA-TCP_FORW: name:enp0s3: saddr:16783984: daddr:100932208
[  266.951747] AAAAA-TCP_FORW: name:enp0s3: saddr:16783984: daddr:100932208
[  266.972667] AAAAA-TCP_FORW: name:enp0s3: saddr:100932208: daddr:16783984
[  266.995992] AAAAA-TCP_FORW: name:enp0s3: saddr:16783984: daddr:100932208
[  267.017992] AAAAA-TCP_FORW: name:enp0s3: saddr:100932208: daddr:16783984
[  267.056603] AAAAA-TCP_FORW: name:enp0s3: saddr:100932208: daddr:16783984
[  267.082525] AAAAA-TCP_FORW: name:enp0s3: saddr:16783984: daddr:100932208
[  267.161827] AAAAA-TCP_FORW: name:enp0s3: saddr:16783984: daddr:100932208
[  267.187688] AAAAA-TCP_FORW: name:enp0s3: saddr:100932208: daddr:16783984
[  267.224249] AAAAA-TCP_FORW: name:enp0s3: saddr:100932208: daddr:16783984
[  267.247242] AAAAA-TCP_FORW: name:enp0s3: saddr:16783984: daddr:100932208
[  267.258484] AAAAA-TCP_FORW: name:enp0s3: saddr:100932208: daddr:16783984
[  267.315047] AAAAA-TCP_FORW: name:enp0s3: saddr:16783984: daddr:100932208
[  267.352029] AAAAA-TCP_FORW: name:enp0s3: saddr:100932208: daddr:16783984
[  267.587673] AAAAA-TCP_FORW: name:enp0s3: saddr:16783984: daddr:100932208
[  267.666079] AAAAA-TCP_FORW: name:enp0s3: saddr:100932208: daddr:16783984
[  267.681576] AAAAA-TCP_FORW: name:enp0s3: saddr:16783984: daddr:100932208
[  267.734651] AAAAA-TCP_FORW: name:enp0s3: saddr:100932208: daddr:16783984
[  267.747607] AAAAA-TCP_FORW: name:enp0s3: saddr:16783984: daddr:100932208
[  267.778776] AAAAA-TCP_FORW: name:enp0s3: saddr:100932208: daddr:16783984
[  267.846616] AAAAA-TCP_FORW: name:enp0s3: saddr:16783984: daddr:100932208
[  267.909319] AAAAA-TCP_FORW: name:enp0s3: saddr:16783984: daddr:100932208
[  268.004097] AAAAA-TCP_FORW: name:enp0s3: saddr:16783984: daddr:100932208
[  268.026136] AAAAA-TCP_FORW: name:enp0s3: saddr:100932208: daddr:16783984
[  268.099039] AAAAA-TCP_FORW: name:enp0s3: saddr:16783984: daddr:100932208
[  268.183780] AAAAA-TCP_FORW: name:enp0s3: saddr:100932208: daddr:16783984
[  268.238840] AAAAA-TCP_FORW: name:enp0s3: saddr:16783984: daddr:100932208
[  268.289061] AAAAA-TCP_FORW: name:enp0s3: saddr:100932208: daddr:16783984
[  268.314851] AAAAA-TCP_FORW: name:enp0s3: saddr:16783984: daddr:100932208
[  268.383384] AAAAA-TCP_FORW: name:enp0s3: saddr:100932208: daddr:16783984
[  268.449630] AAAAA-TCP_FORW: name:enp0s3: saddr:16783984: daddr:100932208
[  268.593417] AAAAA-TCP_FORW: name:enp0s3: saddr:100932208: daddr:16783984
[  268.627257] AAAAA-TCP_FORW: name:enp0s3: saddr:16783984: daddr:100932208
[  268.695481] AAAAA-TCP_FORW: name:enp0s3: saddr:100932208: daddr:16783984
[  268.787385] AAAAA-TCP_FORW: name:enp0s3: saddr:16783984: daddr:100932208
[  268.872685] AAAAA-TCP_FORW: name:enp0s3: saddr:100932208: daddr:16783984
[  268.901610] AAAAA-TCP_FORW: name:enp0s3: saddr:16783984: daddr:100932208
[  268.922697] AAAAA-TCP_FORW: name:enp0s3: saddr:100932208: daddr:16783984
[  268.960623] AAAAA-TCP_FORW: name:enp0s3: saddr:16783984: daddr:100932208
[  269.021130] AAAAA-TCP_FORW: name:enp0s3: saddr:100932208: daddr:16783984
[  269.034008] AAAAA-TCP_FORW: name:enp0s3: saddr:16783984: daddr:100932208
[  269.154014] AAAAA-TCP_FORW: name:enp0s3: saddr:16783984: daddr:100932208
[  269.186047] AAAAA-TCP_FORW: name:enp0s3: saddr:100932208: daddr:16783984
[  269.247605] AAAAA-TCP_FORW: name:enp0s3: saddr:16783984: daddr:100932208
[  269.277452] AAAAA-TCP_FORW: name:enp0s3: saddr:100932208: daddr:16783984
[  269.328442] AAAAA-TCP_FORW: name:enp0s3: saddr:16783984: daddr:100932208
[  269.351991] AAAAA-TCP_FORW: name:enp0s3: saddr:100932208: daddr:16783984
[  269.379921] AAAAA-TCP_FORW: name:enp0s3: saddr:100932208: daddr:16783984
[  269.424824] AAAAA-TCP_FORW: name:enp0s3: saddr:16783984: daddr:100932208
[  269.497614] AAAAA-TCP_FORW: name:enp0s3: saddr:100932208: daddr:16783984
[  269.522196] AAAAA-TCP_FORW: name:enp0s3: saddr:16783984: daddr:100932208
[  269.605012] AAAAA-TCP_FORW: name:enp0s3: saddr:100932208: daddr:16783984
[  269.623899] AAAAA-TCP_FORW: name:enp0s3: saddr:16783984: daddr:100932208
[  269.694117] AAAAA-TCP_FORW: name:enp0s3: saddr:16783984: daddr:100932208
[  269.739695] AAAAA-TCP_FORW: name:enp0s3: saddr:16783984: daddr:100932208
[  269.768733] AAAAA-TCP_FORW: name:enp0s3: saddr:100932208: daddr:16783984
[  269.803143] AAAAA-TCP_FORW: name:enp0s3: saddr:16783984: daddr:100932208
[  269.870368] AAAAA-TCP_FORW: name:enp0s3: saddr:16783984: daddr:100932208
[  269.886000] AAAAA-TCP_FORW: name:enp0s3: saddr:100932208: daddr:16783984
[  269.919025] AAAAA-TCP_FORW: name:enp0s3: saddr:100932208: daddr:16783984
[  270.011107] AAAAA-TCP_FORW: name:enp0s3: saddr:16783984: daddr:100932208
[  270.092376] AAAAA-TCP_FORW: name:enp0s3: saddr:100932208: daddr:16783984
[  270.115973] AAAAA-TCP_FORW: name:enp0s3: saddr:16783984: daddr:100932208
[  270.160259] AAAAA-TCP_FORW: name:enp0s3: saddr:16783984: daddr:100932208
[  270.167114] AAAAA-TCP_FORW: name:enp0s3: saddr:100932208: daddr:33561200
[  270.227167] AAAAA-TCP_FORW: name:enp0s3: saddr:100932208: daddr:16783984
[  270.263713] AAAAA-TCP_FORW: name:enp0s3: saddr:100932208: daddr:16783984
[  270.281320] AAAAA-TCP_FORW: name:enp0s3: saddr:16783984: daddr:100932208
[  270.320959] AAAAA-TCP_FORW: name:enp0s3: saddr:100932208: daddr:16783984
[  270.387886] AAAAA-TCP_FORW: name:enp0s3: saddr:100932208: daddr:16783984
[  270.409413] AAAAA-TCP_FORW: name:enp0s3: saddr:33561200: daddr:100932208
[  270.450583] AAAAA-TCP_FORW: name:enp0s3: saddr:16783984: daddr:100932208
[  270.464690] AAAAA-TCP_FORW: name:enp0s3: saddr:100932208: daddr:16783984
[  270.489284] AAAAA-TCP_FORW: name:enp0s3: saddr:16783984: daddr:100932208
[  270.521891] AAAAA-TCP_FORW: name:enp0s3: saddr:100932208: daddr:16783984
[  270.573423] AAAAA-TCP_FORW: name:enp0s3: saddr:100932208: daddr:16783984
[  270.593057] AAAAA-TCP_FORW: name:enp0s3: saddr:16783984: daddr:100932208
[  270.636453] AAAAA-TCP_FORW: name:enp0s3: saddr:16783984: daddr:100932208
[  270.654930] AAAAA-TCP_FORW: name:enp0s3: saddr:100932208: daddr:16783984
[  270.756944] AAAAA-TCP_FORW: name:enp0s3: saddr:100932208: daddr:16783984
[  270.776221] AAAAA-TCP_FORW: name:enp0s3: saddr:16783984: daddr:100932208
[  270.844027] AAAAA-TCP_FORW: name:enp0s3: saddr:100932208: daddr:16783984
[  270.862416] AAAAA-TCP_FORW: name:enp0s3: saddr:16783984: daddr:100932208
[  270.919512] AAAAA-TCP_FORW: name:enp0s3: saddr:100932208: daddr:16783984
[  270.933663] AAAAA-TCP_FORW: name:enp0s3: saddr:16783984: daddr:100932208
[  271.036547] AAAAA-TCP_FORW: name:enp0s3: saddr:16783984: daddr:100932208
[  271.073663] AAAAA-TCP_FORW: name:enp0s3: saddr:100932208: daddr:16783984
[  271.088678] AAAAA-TCP_FORW: name:enp0s3: saddr:16783984: daddr:100932208
[  271.145869] AAAAA-TCP_FORW: name:enp0s3: saddr:100932208: daddr:16783984
[  271.154151] AAAAA-TCP_FORW: name:enp0s3: saddr:16783984: daddr:100932208
[  271.214473] AAAAA-TCP_FORW: name:enp0s3: saddr:16783984: daddr:100932208
[  271.319873] AAAAA-TCP_FORW: name:enp0s3: saddr:16783984: daddr:100932208
[  271.392456] AAAAA-TCP_FORW: name:enp0s3: saddr:16783984: daddr:100932208
[  271.734291] AAAAA-TCP_FORW: name:enp0s3: saddr:100932208: daddr:33561200
[  271.742583] AAAAA-TCP_FORW: name:enp0s3: saddr:33561200: daddr:100932208
[  295.236204] AAAAA-TCP_FORW: name:enp0s3: saddr:100932208: daddr:16783984
[  295.321084] AAAAA-TCP_FORW: name:enp0s3: saddr:100932208: daddr:16783984
[  295.375086] AAAAA-TCP_FORW: name:enp0s3: saddr:100932208: daddr:16783984
[  295.434255] AAAAA-TCP_FORW: name:enp0s3: saddr:100932208: daddr:16783984
[  295.504225] AAAAA-TCP_FORW: name:enp0s3: saddr:100932208: daddr:16783984
[  295.556059] AAAAA-TCP_FORW: name:enp0s3: saddr:100932208: daddr:16783984
[  295.657757] AAAAA-TCP_FORW: name:enp0s3: saddr:100932208: daddr:16783984
[  295.694106] AAAAA-TCP_FORW: name:enp0s3: saddr:100932208: daddr:16783984
[  295.765796] AAAAA-TCP_FORW: name:enp0s3: saddr:100932208: daddr:16783984
[  295.814664] AAAAA-TCP_FORW: name:enp0s3: saddr:100932208: daddr:16783984
[  295.890477] AAAAA-TCP_FORW: name:enp0s3: saddr:100932208: daddr:16783984
[  295.986693] AAAAA-TCP_FORW: name:enp0s3: saddr:100932208: daddr:16783984
[  296.061406] AAAAA-TCP_FORW: name:enp0s3: saddr:100932208: daddr:16783984
[  296.291326] AAAAA-TCP_FORW: name:enp0s3: saddr:100932208: daddr:16783984
[  296.356300] AAAAA-TCP_FORW: name:enp0s3: saddr:100932208: daddr:16783984
[  296.458437] AAAAA-TCP_FORW: name:enp0s3: saddr:100932208: daddr:16783984
[  296.693440] AAAAA-TCP_FORW: name:enp0s3: saddr:100932208: daddr:16783984
[  296.862198] AAAAA-TCP_FORW: name:enp0s3: saddr:100932208: daddr:16783984
[  297.174697] AAAAA-TCP_FORW: name:enp0s3: saddr:100932208: daddr:16783984
[  297.259778] AAAAA-TCP_FORW: name:enp0s3: saddr:100932208: daddr:16783984
[  297.473741] AAAAA-TCP_FORW: name:enp0s3: saddr:100932208: daddr:16783984
[  297.605422] AAAAA-TCP_FORW: name:enp0s3: saddr:100932208: daddr:16783984
[  297.720732] AAAAA-TCP_FORW: name:enp0s3: saddr:100932208: daddr:16783984
[  297.818819] AAAAA-TCP_FORW: name:enp0s3: saddr:100932208: daddr:33561200
[  298.028812] AAAAA-TCP_FORW: name:enp0s3: saddr:100932208: daddr:33561200
[  300.801933] AAAAA-TCP_FORW: name:enp0s3: saddr:100932208: daddr:16783984
[  300.979191] AAAAA-TCP_FORW: name:enp0s3: saddr:100932208: daddr:16783984
[  301.265981] AAAAA-TCP_FORW: name:enp0s3: saddr:100932208: daddr:16783984
[  301.280639] AAAAA-TCP_FORW: name:enp0s3: saddr:100932208: daddr:16783984
[  301.426466] AAAAA-TCP_FORW: name:enp0s3: saddr:100932208: daddr:16783984
[  301.733089] AAAAA-TCP_FORW: name:enp0s3: saddr:100932208: daddr:16783984
[  302.149963] AAAAA-TCP_FORW: name:enp0s3: saddr:100932208: daddr:16783984
[  302.220594] AAAAA-TCP_FORW: name:enp0s3: saddr:100932208: daddr:16783984
[  302.374808] AAAAA-TCP_FORW: name:enp0s3: saddr:100932208: daddr:16783984
[  302.492905] AAAAA-TCP_FORW: name:enp0s3: saddr:100932208: daddr:16783984
[  302.631260] AAAAA-TCP_FORW: name:enp0s3: saddr:100932208: daddr:16783984
[  302.729476] AAAAA-TCP_FORW: name:enp0s3: saddr:100932208: daddr:16783984
[  302.851335] AAAAA-TCP_FORW: name:enp0s3: saddr:100932208: daddr:16783984
[  302.965670] AAAAA-TCP_FORW: name:enp0s3: saddr:100932208: daddr:16783984
[  303.158173] AAAAA-TCP_FORW: name:enp0s3: saddr:100932208: daddr:16783984
[  303.260896] AAAAA-TCP_FORW: name:enp0s3: saddr:100932208: daddr:16783984
[  303.341630] AAAAA-TCP_FORW: name:enp0s3: saddr:100932208: daddr:16783984
[  303.460043] AAAAA-TCP_FORW: name:enp0s3: saddr:100932208: daddr:16783984
[  303.650523] AAAAA-TCP_FORW: name:enp0s3: saddr:100932208: daddr:16783984
[  303.754510] AAAAA-TCP_FORW: name:enp0s3: saddr:100932208: daddr:16783984
[  304.724079] AAAAA-TCP_FORW: name:enp0s3: saddr:100932208: daddr:16783984
[  304.961004] AAAAA-TCP_FORW: name:enp0s3: saddr:100932208: daddr:16783984
[  305.088172] AAAAA-TCP_FORW: name:enp0s3: saddr:100932208: daddr:16783984
[  305.453119] AAAAA-TCP_FORW: name:enp0s3: saddr:100932208: daddr:16783984
[  305.944797] AAAAA-TCP_FORW: name:enp0s3: saddr:100932208: daddr:16783984
[  306.137073] AAAAA-TCP_FORW: name:enp0s3: saddr:100932208: daddr:16783984
[  306.283768] AAAAA-TCP_FORW: name:enp0s3: saddr:100932208: daddr:16783984
[  306.390477] AAAAA-TCP_FORW: name:enp0s3: saddr:100932208: daddr:16783984
[  306.592036] AAAAA-TCP_FORW: name:enp0s3: saddr:100932208: daddr:16783984
[  306.772958] AAAAA-TCP_FORW: name:enp0s3: saddr:100932208: daddr:16783984
[  306.867129] AAAAA-TCP_FORW: name:enp0s3: saddr:100932208: daddr:16783984
[  307.234995] AAAAA-TCP_FORW: name:enp0s3: saddr:100932208: daddr:16783984
[  307.458569] AAAAA-TCP_FORW: name:enp0s3: saddr:100932208: daddr:16783984
[  307.635449] AAAAA-TCP_FORW: name:enp0s3: saddr:100932208: daddr:16783984
[  307.772700] AAAAA-TCP_FORW: name:enp0s3: saddr:100932208: daddr:16783984
[  307.979187] AAAAA-TCP_FORW: name:enp0s3: saddr:100932208: daddr:16783984
[  308.253498] AAAAA-TCP_FORW: name:enp0s3: saddr:100932208: daddr:16783984
[  308.368869] AAAAA-TCP_FORW: name:enp0s3: saddr:100932208: daddr:16783984
[  308.611427] AAAAA-TCP_FORW: name:enp0s3: saddr:100932208: daddr:16783984
[  308.797373] AAAAA-TCP_FORW: name:enp0s3: saddr:100932208: daddr:16783984
[  308.928831] AAAAA-TCP_FORW: name:enp0s3: saddr:100932208: daddr:16783984
[  309.088203] AAAAA-TCP_FORW: name:enp0s3: saddr:100932208: daddr:16783984
[  309.155004] AAAAA-TCP_FORW: name:enp0s3: saddr:100932208: daddr:16783984
[  309.341728] AAAAA-TCP_FORW: name:enp0s3: saddr:100932208: daddr:16783984
[  309.530634] AAAAA-TCP_FORW: name:enp0s3: saddr:100932208: daddr:16783984
[  309.731384] AAAAA-TCP_FORW: name:enp0s3: saddr:100932208: daddr:16783984
[  309.940863] AAAAA-TCP_FORW: name:enp0s3: saddr:100932208: daddr:16783984
[  310.134900] AAAAA-TCP_FORW: name:enp0s3: saddr:100932208: daddr:16783984
[  310.244192] AAAAA-TCP_FORW: name:enp0s3: saddr:100932208: daddr:16783984
[  310.525339] AAAAA-TCP_FORW: name:enp0s3: saddr:100932208: daddr:16783984
[  310.678503] AAAAA-TCP_FORW: name:enp0s3: saddr:100932208: daddr:16783984
[  310.766931] AAAAA-TCP_FORW: name:enp0s3: saddr:100932208: daddr:16783984
[  310.821793] AAAAA-TCP_FORW: name:enp0s3: saddr:100932208: daddr:16783984
[  310.933959] AAAAA-TCP_FORW: name:enp0s3: saddr:100932208: daddr:16783984
[  311.040824] AAAAA-TCP_FORW: name:enp0s3: saddr:100932208: daddr:16783984
[  311.195202] AAAAA-TCP_FORW: name:enp0s3: saddr:100932208: daddr:16783984
[  311.279469] AAAAA-TCP_FORW: name:enp0s3: saddr:100932208: daddr:16783984
[  311.352843] AAAAA-TCP_FORW: name:enp0s3: saddr:100932208: daddr:16783984
[  311.459547] AAAAA-TCP_FORW: name:enp0s3: saddr:100932208: daddr:16783984
[  311.647220] AAAAA-TCP_FORW: name:enp0s3: saddr:100932208: daddr:16783984
[  311.776604] AAAAA-TCP_FORW: name:enp0s3: saddr:100932208: daddr:16783984
[  312.133057] AAAAA-TCP_FORW: name:enp0s3: saddr:100932208: daddr:16783984
[  312.256661] AAAAA-TCP_FORW: name:enp0s3: saddr:100932208: daddr:16783984
[  312.405116] AAAAA-TCP_FORW: name:enp0s3: saddr:100932208: daddr:16783984
[  312.494023] AAAAA-TCP_FORW: name:enp0s3: saddr:100932208: daddr:16783984
[  312.635617] AAAAA-TCP_FORW: name:enp0s3: saddr:100932208: daddr:16783984
[  312.750607] AAAAA-TCP_FORW: name:enp0s3: saddr:100932208: daddr:33561200
[  312.857353] AAAAA-TCP_FORW: name:enp0s3: saddr:100932208: daddr:16783984
[  312.974684] AAAAA-TCP_FORW: name:enp0s3: saddr:100932208: daddr:33561200
[  313.100670] AAAAA-TCP_FORW: name:enp0s3: saddr:100932208: daddr:16783984
[  313.181481] AAAAA-TCP_FORW: name:enp0s3: saddr:100932208: daddr:16783984
[  313.282806] AAAAA-TCP_FORW: name:enp0s3: saddr:100932208: daddr:16783984
[  313.371017] AAAAA-TCP_FORW: name:enp0s3: saddr:100932208: daddr:33561200
[  313.493773] AAAAA-TCP_FORW: name:enp0s3: saddr:100932208: daddr:33561200
[  313.545600] AAAAA-TCP_FORW: name:enp0s3: saddr:100932208: daddr:16783984
[  313.649599] AAAAA-TCP_FORW: name:enp0s3: saddr:100932208: daddr:16783984
[  313.752468] AAAAA-TCP_FORW: name:enp0s3: saddr:100932208: daddr:16783984
[  313.855311] AAAAA-TCP_FORW: name:enp0s3: saddr:100932208: daddr:16783984
[  313.981887] AAAAA-TCP_FORW: name:enp0s3: saddr:100932208: daddr:16783984
[  314.097866] AAAAA-TCP_FORW: name:enp0s3: saddr:100932208: daddr:16783984
[  314.178972] AAAAA-TCP_FORW: name:enp0s3: saddr:100932208: daddr:16783984
[  314.398664] AAAAA-TCP_FORW: name:enp0s3: saddr:100932208: daddr:16783984
[  314.518758] AAAAA-TCP_FORW: name:enp0s3: saddr:100932208: daddr:16783984
[  314.679903] AAAAA-TCP_FORW: name:enp0s3: saddr:100932208: daddr:16783984
[  314.796271] AAAAA-TCP_FORW: name:enp0s3: saddr:100932208: daddr:16783984
[  314.861398] AAAAA-TCP_FORW: name:enp0s3: saddr:100932208: daddr:16783984
[  315.039851] AAAAA-TCP_FORW: name:enp0s3: saddr:100932208: daddr:16783984
[  315.192511] AAAAA-TCP_FORW: name:enp0s3: saddr:100932208: daddr:16783984
[  315.431122] AAAAA-TCP_FORW: name:enp0s3: saddr:100932208: daddr:16783984
[  315.558437] AAAAA-TCP_FORW: name:enp0s3: saddr:100932208: daddr:16783984
[  315.676126] AAAAA-TCP_FORW: name:enp0s3: saddr:100932208: daddr:16783984
[  315.787600] AAAAA-TCP_FORW: name:enp0s3: saddr:100932208: daddr:16783984
[  315.911124] AAAAA-TCP_FORW: name:enp0s3: saddr:100932208: daddr:16783984
[  315.984544] AAAAA-TCP_FORW: name:enp0s3: saddr:100932208: daddr:16783984
[  316.118168] AAAAA-TCP_FORW: name:enp0s3: saddr:100932208: daddr:16783984
[  316.203465] AAAAA-TCP_FORW: name:enp0s3: saddr:100932208: daddr:16783984
[  316.348469] AAAAA-TCP_FORW: name:enp0s3: saddr:100932208: daddr:16783984
[  316.497630] AAAAA-TCP_FORW: name:enp0s3: saddr:100932208: daddr:16783984
[  316.638229] AAAAA-TCP_FORW: name:enp0s3: saddr:100932208: daddr:16783984
[  316.731766] AAAAA-TCP_FORW: name:enp0s3: saddr:100932208: daddr:16783984
[  316.811629] AAAAA-TCP_FORW: name:enp0s3: saddr:100932208: daddr:16783984
[  316.895707] AAAAA-TCP_FORW: name:enp0s3: saddr:100932208: daddr:16783984
[  316.965861] AAAAA-TCP_FORW: name:enp0s3: saddr:100932208: daddr:16783984
[  317.056198] AAAAA-TCP_FORW: name:enp0s3: saddr:100932208: daddr:16783984
[  317.283856] AAAAA-TCP_FORW: name:enp0s3: saddr:100932208: daddr:16783984
[  317.417151] AAAAA-TCP_FORW: name:enp0s3: saddr:100932208: daddr:16783984
[  317.523905] AAAAA-TCP_FORW: name:enp0s3: saddr:100932208: daddr:16783984
[  317.624311] AAAAA-TCP_FORW: name:enp0s3: saddr:100932208: daddr:16783984
[  317.688965] AAAAA-TCP_FORW: name:enp0s3: saddr:100932208: daddr:33561200
[  317.740443] AAAAA-TCP_FORW: name:enp0s3: saddr:100932208: daddr:16783984
[  317.829801] AAAAA-TCP_FORW: name:enp0s3: saddr:100932208: daddr:16783984
[  317.958006] AAAAA-TCP_FORW: name:enp0s3: saddr:100932208: daddr:16783984
[  318.263306] AAAAA-TCP_FORW: name:enp0s3: saddr:100932208: daddr:16783984
[  318.440703] AAAAA-TCP_FORW: name:enp0s3: saddr:100932208: daddr:16783984
[  318.618453] AAAAA-TCP_FORW: name:enp0s3: saddr:100932208: daddr:16783984
[  318.812962] AAAAA-TCP_FORW: name:enp0s3: saddr:100932208: daddr:16783984
[  319.032075] AAAAA-TCP_FORW: name:enp0s3: saddr:100932208: daddr:16783984
[  319.387359] AAAAA-TCP_FORW: name:enp0s3: saddr:100932208: daddr:16783984
[  319.517010] AAAAA-TCP_FORW: name:enp0s3: saddr:100932208: daddr:16783984
[  319.647560] AAAAA-TCP_FORW: name:enp0s3: saddr:100932208: daddr:16783984
[  319.760774] AAAAA-TCP_FORW: name:enp0s3: saddr:100932208: daddr:16783984
[  319.897748] AAAAA-TCP_FORW: name:enp0s3: saddr:100932208: daddr:16783984
[  320.028014] AAAAA-TCP_FORW: name:enp0s3: saddr:100932208: daddr:16783984
[  320.164662] AAAAA-TCP_FORW: name:enp0s3: saddr:100932208: daddr:16783984
[  320.314264] AAAAA-TCP_FORW: name:enp0s3: saddr:100932208: daddr:16783984
[  320.410823] AAAAA-TCP_FORW: name:enp0s3: saddr:100932208: daddr:33561200
[  320.506263] AAAAA-TCP_FORW: name:enp0s3: saddr:100932208: daddr:33561200
[  320.763977] AAAAA-TCP_FORW: name:enp0s3: saddr:100932208: daddr:16783984
[  320.926014] AAAAA-TCP_FORW: name:enp0s3: saddr:100932208: daddr:16783984
[  321.043717] AAAAA-TCP_FORW: name:enp0s3: saddr:100932208: daddr:16783984
[  321.208887] AAAAA-TCP_FORW: name:enp0s3: saddr:100932208: daddr:16783984
[  321.406871] AAAAA-TCP_FORW: name:enp0s3: saddr:100932208: daddr:16783984
[  321.682622] AAAAA-TCP_FORW: name:enp0s3: saddr:100932208: daddr:16783984
[  321.889361] AAAAA-TCP_FORW: name:enp0s3: saddr:100932208: daddr:16783984
[  322.397315] AAAAA-TCP_FORW: name:enp0s3: saddr:100932208: daddr:16783984
[  322.735611] AAAAA-TCP_FORW: name:enp0s3: saddr:100932208: daddr:16783984
[  322.962577] AAAAA-TCP_FORW: name:enp0s3: saddr:100932208: daddr:16783984
[  323.061472] AAAAA-TCP_FORW: name:enp0s3: saddr:100932208: daddr:16783984
[  323.198909] AAAAA-TCP_FORW: name:enp0s3: saddr:100932208: daddr:16783984
[  323.355612] AAAAA-TCP_FORW: name:enp0s3: saddr:100932208: daddr:16783984
[  323.561405] AAAAA-TCP_FORW: name:enp0s3: saddr:100932208: daddr:16783984
[  323.727907] AAAAA-TCP_FORW: name:enp0s3: saddr:100932208: daddr:33561200
[  323.857811] AAAAA-TCP_FORW: name:enp0s3: saddr:100932208: daddr:33561200
[  324.027970] AAAAA-TCP_FORW: name:enp0s3: saddr:100932208: daddr:16783984
[  324.240550] AAAAA-TCP_FORW: name:enp0s3: saddr:100932208: daddr:16783984
[  324.364795] AAAAA-TCP_FORW: name:enp0s3: saddr:100932208: daddr:16783984
[  324.537434] AAAAA-TCP_FORW: name:enp0s3: saddr:100932208: daddr:16783984
[  324.726632] AAAAA-TCP_FORW: name:enp0s3: saddr:100932208: daddr:16783984
[  324.903983] AAAAA-TCP_FORW: name:enp0s3: saddr:100932208: daddr:16783984
[  325.220706] AAAAA-TCP_FORW: name:enp0s3: saddr:100932208: daddr:16783984
[  325.326208] AAAAA-TCP_FORW: name:enp0s3: saddr:100932208: daddr:16783984
[  325.592402] AAAAA-TCP_FORW: name:enp0s3: saddr:100932208: daddr:16783984
[  325.703660] AAAAA-TCP_FORW: name:enp0s3: saddr:100932208: daddr:16783984
[  325.889020] AAAAA-TCP_FORW: name:enp0s3: saddr:100932208: daddr:16783984
[  326.066232] AAAAA-TCP_FORW: name:enp0s3: saddr:100932208: daddr:16783984
[  326.209605] AAAAA-TCP_FORW: name:enp0s3: saddr:100932208: daddr:16783984
[  326.304876] AAAAA-TCP_FORW: name:enp0s3: saddr:100932208: daddr:16783984
[  326.498120] AAAAA-TCP_FORW: name:enp0s3: saddr:100932208: daddr:16783984
[  326.621966] AAAAA-TCP_FORW: name:enp0s3: saddr:100932208: daddr:33561200
[  326.688407] AAAAA-TCP_FORW: name:enp0s3: saddr:100932208: daddr:33561200
[  326.845426] AAAAA-TCP_FORW: name:enp0s3: saddr:100932208: daddr:33561200
[  327.086075] AAAAA-TCP_FORW: name:enp0s3: saddr:100932208: daddr:16783984
[  327.258798] AAAAA-TCP_FORW: name:enp0s3: saddr:100932208: daddr:16783984
[  327.398778] AAAAA-TCP_FORW: name:enp0s3: saddr:100932208: daddr:16783984
[  327.625158] AAAAA-TCP_FORW: name:enp0s3: saddr:100932208: daddr:16783984
[  327.836892] AAAAA-TCP_FORW: name:enp0s3: saddr:100932208: daddr:16783984
[  328.003596] AAAAA-TCP_FORW: name:enp0s3: saddr:100932208: daddr:16783984
[  328.169258] AAAAA-TCP_FORW: name:enp0s3: saddr:100932208: daddr:16783984
[  328.283939] AAAAA-TCP_FORW: name:enp0s3: saddr:100932208: daddr:16783984
[  328.466036] AAAAA-TCP_FORW: name:enp0s3: saddr:100932208: daddr:16783984
[  328.771668] AAAAA-TCP_FORW: name:enp0s3: saddr:100932208: daddr:16783984
[  329.101969] AAAAA-TCP_FORW: name:enp0s3: saddr:100932208: daddr:16783984
[  329.324507] AAAAA-TCP_FORW: name:enp0s3: saddr:100932208: daddr:33561200
[  329.409902] AAAAA-TCP_FORW: name:enp0s3: saddr:100932208: daddr:33561200
[  329.510180] AAAAA-TCP_FORW: name:enp0s3: saddr:100932208: daddr:33561200
[  329.669124] AAAAA-TCP_FORW: name:enp0s3: saddr:100932208: daddr:16783984
[  330.212004] AAAAA-TCP_FORW: name:enp0s3: saddr:100932208: daddr:16783984
[  330.509385] AAAAA-TCP_FORW: name:enp0s3: saddr:100932208: daddr:16783984
[  330.777485] AAAAA-TCP_FORW: name:enp0s3: saddr:100932208: daddr:16783984
[  331.363390] AAAAA-TCP_FORW: name:enp0s3: saddr:100932208: daddr:16783984
[  331.561679] AAAAA-TCP_FORW: name:enp0s3: saddr:100932208: daddr:16783984
[  331.692287] AAAAA-TCP_FORW: name:enp0s3: saddr:100932208: daddr:16783984
[  332.101441] AAAAA-TCP_FORW: name:enp0s3: saddr:100932208: daddr:16783984
[  332.393967] AAAAA-TCP_FORW: name:enp0s3: saddr:100932208: daddr:16783984
[  332.722699] AAAAA-TCP_FORW: name:enp0s3: saddr:100932208: daddr:33561200
[  332.854251] AAAAA-TCP_FORW: name:enp0s3: saddr:100932208: daddr:33561200
[  332.969747] AAAAA-TCP_FORW: name:enp0s3: saddr:100932208: daddr:33561200
[  333.113098] AAAAA-TCP_FORW: name:enp0s3: saddr:100932208: daddr:16783984
[  333.821215] AAAAA-TCP_FORW: name:enp0s3: saddr:100932208: daddr:16783984
[  334.177066] AAAAA-TCP_FORW: name:enp0s3: saddr:100932208: daddr:16783984
[  334.577803] AAAAA-TCP_FORW: name:enp0s3: saddr:100932208: daddr:16783984
[  334.803482] AAAAA-TCP_FORW: name:enp0s3: saddr:100932208: daddr:16783984
[  334.960816] AAAAA-TCP_FORW: name:enp0s3: saddr:100932208: daddr:16783984
[  335.117104] AAAAA-TCP_FORW: name:enp0s3: saddr:100932208: daddr:16783984
[  335.248463] AAAAA-TCP_FORW: name:enp0s3: saddr:100932208: daddr:16783984
[  335.378933] AAAAA-TCP_FORW: name:enp0s3: saddr:100932208: daddr:16783984
[  335.523299] AAAAA-TCP_FORW: name:enp0s3: saddr:100932208: daddr:33561200
[  335.625092] AAAAA-TCP_FORW: name:enp0s3: saddr:100932208: daddr:33561200
[  335.718354] AAAAA-TCP_FORW: name:enp0s3: saddr:100932208: daddr:33561200
[  335.844420] AAAAA-TCP_FORW: name:enp0s3: saddr:100932208: daddr:33561200
[  335.942049] AAAAA-TCP_FORW: name:enp0s3: saddr:100932208: daddr:16783984
[  336.109853] AAAAA-TCP_FORW: name:enp0s3: saddr:100932208: daddr:16783984
[  336.501803] AAAAA-TCP_FORW: name:enp0s3: saddr:100932208: daddr:16783984
[  336.631658] AAAAA-TCP_FORW: name:enp0s3: saddr:100932208: daddr:16783984
[  336.695107] AAAAA-TCP_FORW: name:enp0s3: saddr:100932208: daddr:16783984
[  336.934445] AAAAA-TCP_FORW: name:enp0s3: saddr:100932208: daddr:16783984
[  337.086704] AAAAA-TCP_FORW: name:enp0s3: saddr:100932208: daddr:16783984
[  337.193750] AAAAA-TCP_FORW: name:enp0s3: saddr:100932208: daddr:16783984
[  337.291829] AAAAA-TCP_FORW: name:enp0s3: saddr:100932208: daddr:16783984
[  337.377008] AAAAA-TCP_FORW: name:enp0s3: saddr:100932208: daddr:33561200
[  337.446356] AAAAA-TCP_FORW: name:enp0s3: saddr:100932208: daddr:33561200
[  337.566360] AAAAA-TCP_FORW: name:enp0s3: saddr:100932208: daddr:33561200
[  337.689438] AAAAA-TCP_FORW: name:enp0s3: saddr:100932208: daddr:33561200
[  337.797577] AAAAA-TCP_FORW: name:enp0s3: saddr:100932208: daddr:16783984
[  337.992361] AAAAA-TCP_FORW: name:enp0s3: saddr:100932208: daddr:16783984
[  338.092803] AAAAA-TCP_FORW: name:enp0s3: saddr:100932208: daddr:16783984
[  338.208676] AAAAA-TCP_FORW: name:enp0s3: saddr:100932208: daddr:16783984
[  338.322095] AAAAA-TCP_FORW: name:enp0s3: saddr:100932208: daddr:16783984
[  338.413584] AAAAA-TCP_FORW: name:enp0s3: saddr:100932208: daddr:16783984
[  338.524622] AAAAA-TCP_FORW: name:enp0s3: saddr:100932208: daddr:16783984
[  338.603671] AAAAA-TCP_FORW: name:enp0s3: saddr:100932208: daddr:16783984
[  338.696728] AAAAA-TCP_FORW: name:enp0s3: saddr:100932208: daddr:16783984
[  338.814036] AAAAA-TCP_FORW: name:enp0s3: saddr:100932208: daddr:33561200
[  338.909967] AAAAA-TCP_FORW: name:enp0s3: saddr:100932208: daddr:33561200
[  339.018031] AAAAA-TCP_FORW: name:enp0s3: saddr:100932208: daddr:33561200
[  339.129413] AAAAA-TCP_FORW: name:enp0s3: saddr:100932208: daddr:33561200
[  339.209685] AAAAA-TCP_FORW: name:enp0s3: saddr:100932208: daddr:16783984
[  339.293077] AAAAA-TCP_FORW: name:enp0s3: saddr:100932208: daddr:16783984
[  339.428537] AAAAA-TCP_FORW: name:enp0s3: saddr:100932208: daddr:16783984
[  339.488089] AAAAA-TCP_FORW: name:enp0s3: saddr:100932208: daddr:16783984
[  339.630449] AAAAA-TCP_FORW: name:enp0s3: saddr:100932208: daddr:16783984
[  339.740037] AAAAA-TCP_FORW: name:enp0s3: saddr:100932208: daddr:16783984
[  339.887985] AAAAA-TCP_FORW: name:enp0s3: saddr:100932208: daddr:16783984
[  339.970391] AAAAA-TCP_FORW: name:enp0s3: saddr:100932208: daddr:16783984
[  340.044839] AAAAA-TCP_FORW: name:enp0s3: saddr:100932208: daddr:16783984
[  340.169001] AAAAA-TCP_FORW: name:enp0s3: saddr:100932208: daddr:16783984
[  340.266435] AAAAA-TCP_FORW: name:enp0s3: saddr:100932208: daddr:33561200
[  340.389411] AAAAA-TCP_FORW: name:enp0s3: saddr:100932208: daddr:33561200
[  340.483345] AAAAA-TCP_FORW: name:enp0s3: saddr:100932208: daddr:33561200
[  340.588943] AAAAA-TCP_FORW: name:enp0s3: saddr:100932208: daddr:33561200
[  340.722720] AAAAA-TCP_FORW: name:enp0s3: saddr:100932208: daddr:16783984
[  340.824909] AAAAA-TCP_FORW: name:enp0s3: saddr:100932208: daddr:16783984
[  340.882746] AAAAA-TCP_FORW: name:enp0s3: saddr:100932208: daddr:16783984
[  340.991711] AAAAA-TCP_FORW: name:enp0s3: saddr:100932208: daddr:16783984
[  341.070792] AAAAA-TCP_FORW: name:enp0s3: saddr:100932208: daddr:16783984
[  341.209321] AAAAA-TCP_FORW: name:enp0s3: saddr:100932208: daddr:16783984
[  341.327470] AAAAA-TCP_FORW: name:enp0s3: saddr:100932208: daddr:16783984
[  341.493440] AAAAA-TCP_FORW: name:enp0s3: saddr:100932208: daddr:16783984
[  341.629407] AAAAA-TCP_FORW: name:enp0s3: saddr:100932208: daddr:16783984
[  341.825525] AAAAA-TCP_FORW: name:enp0s3: saddr:100932208: daddr:16783984
[  341.898276] AAAAA-TCP_FORW: name:enp0s3: saddr:100932208: daddr:16783984
[  342.008715] AAAAA-TCP_FORW: name:enp0s3: saddr:100932208: daddr:33561200
[  342.122221] AAAAA-TCP_FORW: name:enp0s3: saddr:100932208: daddr:33561200
[  342.240882] AAAAA-TCP_FORW: name:enp0s3: saddr:100932208: daddr:33561200
[  342.365336] AAAAA-TCP_FORW: name:enp0s3: saddr:100932208: daddr:33561200
[  342.460292] AAAAA-TCP_FORW: name:enp0s3: saddr:100932208: daddr:33561200
[  342.568723] AAAAA-TCP_FORW: name:enp0s3: saddr:100932208: daddr:16783984
[  342.702890] AAAAA-TCP_FORW: name:enp0s3: saddr:100932208: daddr:16783984
[  342.848294] AAAAA-TCP_FORW: name:enp0s3: saddr:100932208: daddr:16783984
[  342.946765] AAAAA-TCP_FORW: name:enp0s3: saddr:100932208: daddr:16783984
[  343.007111] AAAAA-TCP_FORW: name:enp0s3: saddr:100932208: daddr:16783984
[  343.100671] AAAAA-TCP_FORW: name:enp0s3: saddr:100932208: daddr:16783984
[  343.232581] AAAAA-TCP_FORW: name:enp0s3: saddr:100932208: daddr:16783984
[  343.305052] AAAAA-TCP_FORW: name:enp0s3: saddr:100932208: daddr:16783984
[  343.356659] AAAAA-TCP_FORW: name:enp0s3: saddr:100932208: daddr:16783984
[  343.453507] AAAAA-TCP_FORW: name:enp0s3: saddr:100932208: daddr:16783984
[  343.513742] AAAAA-TCP_FORW: name:enp0s3: saddr:100932208: daddr:16783984
[  343.564154] AAAAA-TCP_FORW: name:enp0s3: saddr:100932208: daddr:33561200
[  343.648949] AAAAA-TCP_FORW: name:enp0s3: saddr:100932208: daddr:33561200
[  343.753552] AAAAA-TCP_FORW: name:enp0s3: saddr:100932208: daddr:33561200
[  343.836785] AAAAA-TCP_FORW: name:enp0s3: saddr:100932208: daddr:33561200
[  343.893539] AAAAA-TCP_FORW: name:enp0s3: saddr:100932208: daddr:33561200
[  343.999440] AAAAA-TCP_FORW: name:enp0s3: saddr:100932208: daddr:16783984
[  344.075718] AAAAA-TCP_FORW: name:enp0s3: saddr:100932208: daddr:16783984
[  344.113480] AAAAA-TCP_FORW: name:enp0s3: saddr:100932208: daddr:16783984
[  344.224265] AAAAA-TCP_FORW: name:enp0s3: saddr:100932208: daddr:16783984
[  344.285934] AAAAA-TCP_FORW: name:enp0s3: saddr:100932208: daddr:16783984
[  344.411851] AAAAA-TCP_FORW: name:enp0s3: saddr:100932208: daddr:16783984
[  344.486823] AAAAA-TCP_FORW: name:enp0s3: saddr:100932208: daddr:16783984
[  344.592675] AAAAA-TCP_FORW: name:enp0s3: saddr:100932208: daddr:16783984
[  344.669802] AAAAA-TCP_FORW: name:enp0s3: saddr:100932208: daddr:16783984
[  344.722203] AAAAA-TCP_FORW: name:enp0s3: saddr:100932208: daddr:16783984
[  344.826938] AAAAA-TCP_FORW: name:enp0s3: saddr:100932208: daddr:16783984
[  344.916865] AAAAA-TCP_FORW: name:enp0s3: saddr:100932208: daddr:33561200
[  345.016822] AAAAA-TCP_FORW: name:enp0s3: saddr:100932208: daddr:33561200
[  345.135845] AAAAA-TCP_FORW: name:enp0s3: saddr:100932208: daddr:33561200
[  345.248677] AAAAA-TCP_FORW: name:enp0s3: saddr:100932208: daddr:33561200
[  345.370977] AAAAA-TCP_FORW: name:enp0s3: saddr:100932208: daddr:33561200
[  345.529607] AAAAA-TCP_FORW: name:enp0s3: saddr:100932208: daddr:16783984
[  345.638370] AAAAA-TCP_FORW: name:enp0s3: saddr:100932208: daddr:16783984
[  345.748010] AAAAA-TCP_FORW: name:enp0s3: saddr:100932208: daddr:16783984
[  345.857754] AAAAA-TCP_FORW: name:enp0s3: saddr:100932208: daddr:16783984
[  345.952584] AAAAA-TCP_FORW: name:enp0s3: saddr:100932208: daddr:16783984
[  346.071225] AAAAA-TCP_FORW: name:enp0s3: saddr:100932208: daddr:16783984
[  346.196544] AAAAA-TCP_FORW: name:enp0s3: saddr:100932208: daddr:16783984
[  346.320592] AAAAA-TCP_FORW: name:enp0s3: saddr:100932208: daddr:16783984
[  346.394050] AAAAA-TCP_FORW: name:enp0s3: saddr:100932208: daddr:16783984
[  346.441252] AAAAA-TCP_FORW: name:enp0s3: saddr:100932208: daddr:16783984
[  346.534888] AAAAA-TCP_FORW: name:enp0s3: saddr:100932208: daddr:16783984
[  346.704962] AAAAA-TCP_FORW: name:enp0s3: saddr:100932208: daddr:33561200
[  346.820662] AAAAA-TCP_FORW: name:enp0s3: saddr:100932208: daddr:33561200
[  346.961655] AAAAA-TCP_FORW: name:enp0s3: saddr:100932208: daddr:33561200
[  347.048387] AAAAA-TCP_FORW: name:enp0s3: saddr:100932208: daddr:33561200
[  347.149080] AAAAA-TCP_FORW: name:enp0s3: saddr:100932208: daddr:33561200
[  347.314977] AAAAA-TCP_FORW: name:enp0s3: saddr:100932208: daddr:33561200
[  347.582416] AAAAA-TCP_FORW: name:enp0s3: saddr:100932208: daddr:16783984
[  347.734295] AAAAA-TCP_FORW: name:enp0s3: saddr:100932208: daddr:16783984
[  347.857289] AAAAA-TCP_FORW: name:enp0s3: saddr:100932208: daddr:16783984
[  347.953862] AAAAA-TCP_FORW: name:enp0s3: saddr:100932208: daddr:16783984
[  348.071516] AAAAA-TCP_FORW: name:enp0s3: saddr:100932208: daddr:16783984
[  348.206940] AAAAA-TCP_FORW: name:enp0s3: saddr:100932208: daddr:16783984
[  348.303712] AAAAA-TCP_FORW: name:enp0s3: saddr:100932208: daddr:16783984
[  348.433621] AAAAA-TCP_FORW: name:enp0s3: saddr:100932208: daddr:16783984
[  348.537037] AAAAA-TCP_FORW: name:enp0s3: saddr:100932208: daddr:16783984
[  348.652322] AAAAA-TCP_FORW: name:enp0s3: saddr:100932208: daddr:16783984
[  348.730951] AAAAA-TCP_FORW: name:enp0s3: saddr:100932208: daddr:16783984
[  348.864300] AAAAA-TCP_FORW: name:enp0s3: saddr:100932208: daddr:33561200
[  348.940716] AAAAA-TCP_FORW: name:enp0s3: saddr:100932208: daddr:33561200
[  349.068984] AAAAA-TCP_FORW: name:enp0s3: saddr:100932208: daddr:33561200
[  349.174559] AAAAA-TCP_FORW: name:enp0s3: saddr:100932208: daddr:33561200
[  349.333442] AAAAA-TCP_FORW: name:enp0s3: saddr:100932208: daddr:33561200
[  349.449973] AAAAA-TCP_FORW: name:enp0s3: saddr:100932208: daddr:33561200
[  349.721218] AAAAA-TCP_FORW: name:enp0s3: saddr:100932208: daddr:16783984
[  349.925359] AAAAA-TCP_FORW: name:enp0s3: saddr:100932208: daddr:16783984
[  350.118032] AAAAA-TCP_FORW: name:enp0s3: saddr:100932208: daddr:16783984
[  350.233548] AAAAA-TCP_FORW: name:enp0s3: saddr:100932208: daddr:16783984
[  350.333224] AAAAA-TCP_FORW: name:enp0s3: saddr:100932208: daddr:16783984
[  350.443967] AAAAA-TCP_FORW: name:enp0s3: saddr:100932208: daddr:16783984
[  350.593139] AAAAA-TCP_FORW: name:enp0s3: saddr:100932208: daddr:16783984
[  350.801259] AAAAA-TCP_FORW: name:enp0s3: saddr:100932208: daddr:16783984
[  350.973213] AAAAA-TCP_FORW: name:enp0s3: saddr:100932208: daddr:16783984
[  351.063124] AAAAA-TCP_FORW: name:enp0s3: saddr:100932208: daddr:16783984
[  351.155765] AAAAA-TCP_FORW: name:enp0s3: saddr:100932208: daddr:16783984
[  351.256256] AAAAA-TCP_FORW: name:enp0s3: saddr:100932208: daddr:33561200
[  351.436132] AAAAA-TCP_FORW: name:enp0s3: saddr:100932208: daddr:33561200
[  351.571954] AAAAA-TCP_FORW: name:enp0s3: saddr:100932208: daddr:33561200
[  351.712303] AAAAA-TCP_FORW: name:enp0s3: saddr:100932208: daddr:33561200
[  351.791105] AAAAA-TCP_FORW: name:enp0s3: saddr:100932208: daddr:33561200
[  351.858809] AAAAA-TCP_FORW: name:enp0s3: saddr:100932208: daddr:33561200
[  352.036360] AAAAA-TCP_FORW: name:enp0s3: saddr:100932208: daddr:33561200
[  352.318910] AAAAA-TCP_FORW: name:enp0s3: saddr:100932208: daddr:16783984
[  352.521792] AAAAA-TCP_FORW: name:enp0s3: saddr:100932208: daddr:16783984
[  352.690627] AAAAA-TCP_FORW: name:enp0s3: saddr:100932208: daddr:16783984
[  352.782287] AAAAA-TCP_FORW: name:enp0s3: saddr:100932208: daddr:16783984
[  352.921061] AAAAA-TCP_FORW: name:enp0s3: saddr:100932208: daddr:16783984
[  353.033379] AAAAA-TCP_FORW: name:enp0s3: saddr:100932208: daddr:16783984
[  353.162747] AAAAA-TCP_FORW: name:enp0s3: saddr:100932208: daddr:16783984
[  353.251393] AAAAA-TCP_FORW: name:enp0s3: saddr:100932208: daddr:16783984
[  353.373504] AAAAA-TCP_FORW: name:enp0s3: saddr:100932208: daddr:16783984
[  353.557583] AAAAA-TCP_FORW: name:enp0s3: saddr:100932208: daddr:16783984
[  353.669195] AAAAA-TCP_FORW: name:enp0s3: saddr:100932208: daddr:16783984
[  353.816197] AAAAA-TCP_FORW: name:enp0s3: saddr:100932208: daddr:33561200
[  354.057164] AAAAA-TCP_FORW: name:enp0s3: saddr:100932208: daddr:33561200
[  354.194818] AAAAA-TCP_FORW: name:enp0s3: saddr:100932208: daddr:33561200
[  354.298418] AAAAA-TCP_FORW: name:enp0s3: saddr:100932208: daddr:33561200
[  354.420277] AAAAA-TCP_FORW: name:enp0s3: saddr:100932208: daddr:33561200
[  354.538240] AAAAA-TCP_FORW: name:enp0s3: saddr:100932208: daddr:33561200
[  354.669089] AAAAA-TCP_FORW: name:enp0s3: saddr:100932208: daddr:33561200
[  354.849201] AAAAA-TCP_FORW: name:enp0s3: saddr:100932208: daddr:16783984
[  355.172424] AAAAA-TCP_FORW: name:enp0s3: saddr:100932208: daddr:16783984
[  355.410767] AAAAA-TCP_FORW: name:enp0s3: saddr:100932208: daddr:16783984
[  355.524039] AAAAA-TCP_FORW: name:enp0s3: saddr:100932208: daddr:16783984
[  355.689469] AAAAA-TCP_FORW: name:enp0s3: saddr:100932208: daddr:16783984
[  355.777578] AAAAA-TCP_FORW: name:enp0s3: saddr:100932208: daddr:16783984
[  355.854331] AAAAA-TCP_FORW: name:enp0s3: saddr:100932208: daddr:16783984
[  355.949076] AAAAA-TCP_FORW: name:enp0s3: saddr:100932208: daddr:16783984
[  356.130387] AAAAA-TCP_FORW: name:enp0s3: saddr:100932208: daddr:16783984
[  356.357703] AAAAA-TCP_FORW: name:enp0s3: saddr:100932208: daddr:33561200
[  356.509526] AAAAA-TCP_FORW: name:enp0s3: saddr:100932208: daddr:33561200
[  356.620332] AAAAA-TCP_FORW: name:enp0s3: saddr:100932208: daddr:33561200
[  356.762926] AAAAA-TCP_FORW: name:enp0s3: saddr:100932208: daddr:33561200
[  356.920080] AAAAA-TCP_FORW: name:enp0s3: saddr:100932208: daddr:33561200
[  357.094660] AAAAA-TCP_FORW: name:enp0s3: saddr:100932208: daddr:33561200
[  357.231732] AAAAA-TCP_FORW: name:enp0s3: saddr:100932208: daddr:33561200
[  357.680525] AAAAA-TCP_FORW: name:enp0s3: saddr:100932208: daddr:16783984
[  358.037640] AAAAA-TCP_FORW: name:enp0s3: saddr:100932208: daddr:16783984
[  358.289538] AAAAA-TCP_FORW: name:enp0s3: saddr:100932208: daddr:16783984
[  358.601281] AAAAA-TCP_FORW: name:enp0s3: saddr:100932208: daddr:16783984
[  358.723623] AAAAA-TCP_FORW: name:enp0s3: saddr:100932208: daddr:16783984
[  358.838172] AAAAA-TCP_FORW: name:enp0s3: saddr:100932208: daddr:33561200
[  359.292001] AAAAA-TCP_FORW: name:enp0s3: saddr:100932208: daddr:33561200
[  359.367376] AAAAA-TCP_FORW: name:enp0s3: saddr:100932208: daddr:33561200
[  359.712579] AAAAA-TCP_FORW: name:enp0s3: saddr:100932208: daddr:33561200
[  360.142888] AAAAA-TCP_FORW: name:enp0s3: saddr:100932208: daddr:16783984
[  360.636314] AAAAA-TCP_FORW: name:enp0s3: saddr:100932208: daddr:16783984
[  360.809510] AAAAA-TCP_FORW: name:enp0s3: saddr:100932208: daddr:16783984
[  361.153712] AAAAA-TCP_FORW: name:enp0s3: saddr:100932208: daddr:16783984
[  361.381113] AAAAA-TCP_FORW: name:enp0s3: saddr:100932208: daddr:16783984
[  361.738135] AAAAA-TCP_FORW: name:enp0s3: saddr:100932208: daddr:33561200
[  361.824812] AAAAA-TCP_FORW: name:enp0s3: saddr:100932208: daddr:33561200
[  362.053356] AAAAA-TCP_FORW: name:enp0s3: saddr:100932208: daddr:33561200
[  362.356853] AAAAA-TCP_FORW: name:enp0s3: saddr:100932208: daddr:16783984
[  362.485846] AAAAA-TCP_FORW: name:enp0s3: saddr:100932208: daddr:16783984
[  362.915666] AAAAA-TCP_FORW: name:enp0s3: saddr:100932208: daddr:16783984
[  363.066403] AAAAA-TCP_FORW: name:enp0s3: saddr:100932208: daddr:16783984
[  363.314090] AAAAA-TCP_FORW: name:enp0s3: saddr:100932208: daddr:16783984
[  363.580011] AAAAA-TCP_FORW: name:enp0s3: saddr:100932208: daddr:16783984
[  363.763554] AAAAA-TCP_FORW: name:enp0s3: saddr:33561200: daddr:100932208
[  363.880598] AAAAA-TCP_FORW: name:enp0s3: saddr:33561200: daddr:100932208
[  364.054772] AAAAA-TCP_FORW: name:enp0s3: saddr:33561200: daddr:100932208
[  364.314322] AAAAA-TCP_FORW: name:enp0s3: saddr:16783984: daddr:100932208
[  364.355471] AAAAA-TCP_FORW: name:enp0s3: saddr:16783984: daddr:100932208
[  364.542310] AAAAA-TCP_FORW: name:enp0s3: saddr:16783984: daddr:100932208
[  364.577007] AAAAA-TCP_FORW: name:enp0s3: saddr:16783984: daddr:100932208
[  364.649712] AAAAA-TCP_FORW: name:enp0s3: saddr:16783984: daddr:100932208
[  364.723016] AAAAA-TCP_FORW: name:enp0s3: saddr:16783984: daddr:100932208
[  365.467942] AAAAA-TCP_FORW: name:enp0s3: saddr:100932208: daddr:33561200
[  365.527120] AAAAA-TCP_FORW: name:enp0s3: saddr:100932208: daddr:16783984
[  365.625103] AAAAA-TCP_FORW: name:enp0s3: saddr:100932208: daddr:33561200
[  365.688285] AAAAA-TCP_FORW: name:enp0s3: saddr:100932208: daddr:33561200
[  365.760075] AAAAA-TCP_FORW: name:enp0s3: saddr:100932208: daddr:16783984
[  365.838804] AAAAA-TCP_FORW: name:enp0s3: saddr:100932208: daddr:16783984
[  365.910499] AAAAA-TCP_FORW: name:enp0s3: saddr:100932208: daddr:16783984
[  365.954437] AAAAA-TCP_FORW: name:enp0s3: saddr:100932208: daddr:16783984
[  366.019885] AAAAA-TCP_FORW: name:enp0s3: saddr:100932208: daddr:16783984
[  366.093814] AAAAA-TCP_FORW: name:enp0s3: saddr:100932208: daddr:16783984
[  366.311034] AAAAA-TCP_FORW: name:enp0s3: saddr:33561200: daddr:100932208
[  366.345068] AAAAA-TCP_FORW: name:enp0s3: saddr:16783984: daddr:100932208
[  366.383377] AAAAA-TCP_FORW: name:enp0s3: saddr:33561200: daddr:100932208
[  366.450909] AAAAA-TCP_FORW: name:enp0s3: saddr:33561200: daddr:100932208
[  366.508818] AAAAA-TCP_FORW: name:enp0s3: saddr:16783984: daddr:100932208
[  366.537451] AAAAA-TCP_FORW: name:enp0s3: saddr:16783984: daddr:100932208
[  366.595622] AAAAA-TCP_FORW: name:enp0s3: saddr:16783984: daddr:100932208
[  366.615493] AAAAA-TCP_FORW: name:enp0s3: saddr:16783984: daddr:100932208
[  366.662499] AAAAA-TCP_FORW: name:enp0s3: saddr:16783984: daddr:100932208
[  366.683469] AAAAA-TCP_FORW: name:enp0s3: saddr:16783984: daddr:100932208
[  366.885355] AAAAA-TCP_FORW: name:enp0s3: saddr:100932208: daddr:33561200
[  367.008758] AAAAA-TCP_FORW: name:enp0s3: saddr:100932208: daddr:16783984
[  367.084057] AAAAA-TCP_FORW: name:enp0s3: saddr:100932208: daddr:16783984
[  367.158207] AAAAA-TCP_FORW: name:enp0s3: saddr:100932208: daddr:33561200
[  367.232354] AAAAA-TCP_FORW: name:enp0s3: saddr:100932208: daddr:16783984
[  367.351133] AAAAA-TCP_FORW: name:enp0s3: saddr:100932208: daddr:16783984
[  367.405787] AAAAA-TCP_FORW: name:enp0s3: saddr:100932208: daddr:16783984
[  367.466744] AAAAA-TCP_FORW: name:enp0s3: saddr:100932208: daddr:33561200
[  367.587687] AAAAA-TCP_FORW: name:enp0s3: saddr:100932208: daddr:16783984
[  367.617193] AAAAA-TCP_FORW: name:enp0s3: saddr:33561200: daddr:100932208
[  367.652678] AAAAA-TCP_FORW: name:enp0s3: saddr:100932208: daddr:16783984
[  367.689976] AAAAA-TCP_FORW: name:enp0s3: saddr:16783984: daddr:100932208
[  367.718670] AAAAA-TCP_FORW: name:enp0s3: saddr:100932208: daddr:16783984
[  367.740503] AAAAA-TCP_FORW: name:enp0s3: saddr:16783984: daddr:100932208
[  367.804689] AAAAA-TCP_FORW: name:enp0s3: saddr:100932208: daddr:16783984
[  367.829379] AAAAA-TCP_FORW: name:enp0s3: saddr:33561200: daddr:100932208
[  367.849762] AAAAA-TCP_FORW: name:enp0s3: saddr:100932208: daddr:16783984
[  367.885662] AAAAA-TCP_FORW: name:enp0s3: saddr:16783984: daddr:100932208
[  367.924659] AAAAA-TCP_FORW: name:enp0s3: saddr:100932208: daddr:16783984
[  367.962842] AAAAA-TCP_FORW: name:enp0s3: saddr:100932208: daddr:16783984
[  367.975560] AAAAA-TCP_FORW: name:enp0s3: saddr:16783984: daddr:100932208
[  368.012498] AAAAA-TCP_FORW: name:enp0s3: saddr:16783984: daddr:100932208
[  368.055418] AAAAA-TCP_FORW: name:enp0s3: saddr:33561200: daddr:100932208
[  368.102155] AAAAA-TCP_FORW: name:enp0s3: saddr:16783984: daddr:100932208
[  368.166551] AAAAA-TCP_FORW: name:enp0s3: saddr:100932208: daddr:33561200
[  368.214692] AAAAA-TCP_FORW: name:enp0s3: saddr:16783984: daddr:100932208
[  368.270230] AAAAA-TCP_FORW: name:enp0s3: saddr:100932208: daddr:16783984
[  368.319138] AAAAA-TCP_FORW: name:enp0s3: saddr:16783984: daddr:100932208
[  368.359139] AAAAA-TCP_FORW: name:enp0s3: saddr:100932208: daddr:16783984
[  368.406434] AAAAA-TCP_FORW: name:enp0s3: saddr:16783984: daddr:100932208
[  368.451647] AAAAA-TCP_FORW: name:enp0s3: saddr:100932208: daddr:33561200
[  368.500812] AAAAA-TCP_FORW: name:enp0s3: saddr:16783984: daddr:100932208
[  368.549099] AAAAA-TCP_FORW: name:enp0s3: saddr:100932208: daddr:16783984
[  368.613181] AAAAA-TCP_FORW: name:enp0s3: saddr:16783984: daddr:100932208
[  368.647452] AAAAA-TCP_FORW: name:enp0s3: saddr:16783984: daddr:100932208
[  368.679767] AAAAA-TCP_FORW: name:enp0s3: saddr:100932208: daddr:16783984
[  368.744681] AAAAA-TCP_FORW: name:enp0s3: saddr:100932208: daddr:16783984
[  368.807998] AAAAA-TCP_FORW: name:enp0s3: saddr:100932208: daddr:33561200
[  368.878084] AAAAA-TCP_FORW: name:enp0s3: saddr:100932208: daddr:16783984
[  368.917974] AAAAA-TCP_FORW: name:enp0s3: saddr:33561200: daddr:100932208
[  369.042285] AAAAA-TCP_FORW: name:enp0s3: saddr:16783984: daddr:100932208
[  369.172328] AAAAA-TCP_FORW: name:enp0s3: saddr:16783984: daddr:100932208
[  369.189146] AAAAA-TCP_FORW: name:enp0s3: saddr:100932208: daddr:16783984
[  369.212480] AAAAA-TCP_FORW: name:enp0s3: saddr:100932208: daddr:16783984
[  369.285399] AAAAA-TCP_FORW: name:enp0s3: saddr:33561200: daddr:100932208
[  369.311040] AAAAA-TCP_FORW: name:enp0s3: saddr:100932208: daddr:16783984
[  369.374851] AAAAA-TCP_FORW: name:enp0s3: saddr:100932208: daddr:16783984
[  369.418775] AAAAA-TCP_FORW: name:enp0s3: saddr:16783984: daddr:100932208
[  369.474721] AAAAA-TCP_FORW: name:enp0s3: saddr:100932208: daddr:16783984
[  369.580186] AAAAA-TCP_FORW: name:enp0s3: saddr:16783984: daddr:100932208
[  369.586388] AAAAA-TCP_FORW: name:enp0s3: saddr:100932208: daddr:16783984
