[    0.000000] Linux version 5.4.243-mptcp (root@ztg) (gcc version 12.2.0 (Debian 12.2.0-14+deb12u1)) #53 SMP Wed Dec 24 23:28:15 CST 2025
[    0.000000] Command line: BOOT_IMAGE=/boot/vmlinuz-5.4.243-mptcp root=UUID=98415a12-53b7-4144-8265-0f7ece09e445 ro quiet splash
[    0.000000] KERNEL supported cpus:
[    0.000000]   Intel GenuineIntel
[    0.000000]   AMD AuthenticAMD
[    0.000000]   Hygon HygonGenuine
[    0.000000]   Centaur CentaurHauls
[    0.000000]   zhaoxin   Shanghai  
[    0.000000] x86/fpu: Supporting XSAVE feature 0x001: 'x87 floating point registers'
[    0.000000] x86/fpu: Supporting XSAVE feature 0x002: 'SSE registers'
[    0.000000] x86/fpu: Supporting XSAVE feature 0x004: 'AVX registers'
[    0.000000] x86/fpu: xstate_offset[2]:  576, xstate_sizes[2]:  256
[    0.000000] x86/fpu: Enabled xstate features 0x7, context size is 832 bytes, using 'standard' format.
[    0.000000] BIOS-provided physical RAM map:
[    0.000000] BIOS-e820: [mem 0x0000000000000000-0x000000000009fbff] usable
[    0.000000] BIOS-e820: [mem 0x000000000009fc00-0x000000000009ffff] reserved
[    0.000000] BIOS-e820: [mem 0x00000000000f0000-0x00000000000fffff] reserved
[    0.000000] BIOS-e820: [mem 0x0000000000100000-0x000000007ffeffff] usable
[    0.000000] BIOS-e820: [mem 0x000000007fff0000-0x000000007fffffff] ACPI data
[    0.000000] BIOS-e820: [mem 0x00000000fec00000-0x00000000fec00fff] reserved
[    0.000000] BIOS-e820: [mem 0x00000000fee00000-0x00000000fee00fff] reserved
[    0.000000] BIOS-e820: [mem 0x00000000fffc0000-0x00000000ffffffff] reserved
[    0.000000] NX (Execute Disable) protection: active
[    0.000000] SMBIOS 2.5 present.
[    0.000000] DMI: innotek GmbH VirtualBox/VirtualBox, BIOS VirtualBox 12/01/2006
[    0.000000] Hypervisor detected: KVM
[    0.000000] kvm-clock: Using msrs 4b564d01 and 4b564d00
[    0.000000] kvm-clock: cpu 0, msr 78601001, primary cpu clock
[    0.000000] kvm-clock: using sched offset of 4422158957 cycles
[    0.000003] clocksource: kvm-clock: mask: 0xffffffffffffffff max_cycles: 0x1cd42e4dffb, max_idle_ns: 881590591483 ns
[    0.000005] tsc: Detected 2100.000 MHz processor
[    0.001862] e820: update [mem 0x00000000-0x00000fff] usable ==> reserved
[    0.001864] e820: remove [mem 0x000a0000-0x000fffff] usable
[    0.001867] last_pfn = 0x7fff0 max_arch_pfn = 0x400000000
[    0.001935] MTRR default type: uncachable
[    0.001936] MTRR fixed ranges enabled:
[    0.001937]   00000-9FFFF write-back
[    0.001938]   A0000-BFFFF uncachable
[    0.001938]   C0000-FFFFF write-protect
[    0.001939] MTRR variable ranges enabled:
[    0.001941]   0 base 000000000000 mask 3FFF80000000 write-back
[    0.001941]   1 disabled
[    0.001942]   2 disabled
[    0.001942]   3 disabled
[    0.001943]   4 disabled
[    0.001943]   5 disabled
[    0.001943]   6 disabled
[    0.001944]   7 disabled
[    0.001944]   8 disabled
[    0.001945]   9 disabled
[    0.001945]   10 disabled
[    0.001946]   11 disabled
[    0.001946]   12 disabled
[    0.001946]   13 disabled
[    0.001947]   14 disabled
[    0.001947]   15 disabled
[    0.001963] x86/PAT: Configuration [0-7]: WB  WC  UC- UC  WB  WP  UC- WT  
[    0.002097] found SMP MP-table at [mem 0x0009fff0-0x0009ffff]
[    0.089509] check: Scanning 1 areas for low memory corruption
[    0.089770] RAMDISK: [mem 0x32271000-0x3512ffff]
[    0.089778] ACPI: Early table checksum verification disabled
[    0.089783] ACPI: RSDP 0x00000000000E0000 000024 (v02 VBOX  )
[    0.089787] ACPI: XSDT 0x000000007FFF0030 00003C (v01 VBOX   VBOXXSDT 00000001 ASL  00000061)
[    0.089794] ACPI: FACP 0x000000007FFF00F0 0000F4 (v04 VBOX   VBOXFACP 00000001 ASL  00000061)
[    0.089800] ACPI: DSDT 0x000000007FFF02E0 002353 (v02 VBOX   VBOXBIOS 00000002 VBOX 00029BF3)
[    0.089804] ACPI: FACS 0x000000007FFF0200 000040
[    0.089807] ACPI: FACS 0x000000007FFF0200 000040
[    0.089811] ACPI: APIC 0x000000007FFF0240 000054 (v02 VBOX   VBOXAPIC 00000001 ASL  00000061)
[    0.089814] ACPI: SSDT 0x000000007FFF02A0 000038 (v01 VBOX   VBOXCPUT 00000002 VBOX 00029BF3)
[    0.089818] ACPI: Reserving FACP table memory at [mem 0x7fff00f0-0x7fff01e3]
[    0.089819] ACPI: Reserving DSDT table memory at [mem 0x7fff02e0-0x7fff2632]
[    0.089820] ACPI: Reserving FACS table memory at [mem 0x7fff0200-0x7fff023f]
[    0.089820] ACPI: Reserving FACS table memory at [mem 0x7fff0200-0x7fff023f]
[    0.089821] ACPI: Reserving APIC table memory at [mem 0x7fff0240-0x7fff0293]
[    0.089822] ACPI: Reserving SSDT table memory at [mem 0x7fff02a0-0x7fff02d7]
[    0.089836] ACPI: Local APIC address 0xfee00000
[    0.090024] No NUMA configuration found
[    0.090025] Faking a node at [mem 0x0000000000000000-0x000000007ffeffff]
[    0.090035] NODE_DATA(0) allocated [mem 0x7ffc5000-0x7ffeffff]
[    0.090296] Zone ranges:
[    0.090296]   DMA      [mem 0x0000000000001000-0x0000000000ffffff]
[    0.090298]   DMA32    [mem 0x0000000001000000-0x000000007ffeffff]
[    0.090298]   Normal   empty
[    0.090299]   Device   empty
[    0.090300] Movable zone start for each node
[    0.090302] Early memory node ranges
[    0.090303]   node   0: [mem 0x0000000000001000-0x000000000009efff]
[    0.090303]   node   0: [mem 0x0000000000100000-0x000000007ffeffff]
[    0.090306] Zeroed struct page in unavailable ranges: 114 pages
[    0.090307] Initmem setup node 0 [mem 0x0000000000001000-0x000000007ffeffff]
[    0.090309] On node 0 totalpages: 524174
[    0.090310]   DMA zone: 64 pages used for memmap
[    0.090310]   DMA zone: 21 pages reserved
[    0.090311]   DMA zone: 3998 pages, LIFO batch:0
[    0.090380]   DMA32 zone: 8128 pages used for memmap
[    0.090381]   DMA32 zone: 520176 pages, LIFO batch:63
[    0.099351] ACPI: PM-Timer IO Port: 0x4008
[    0.099355] ACPI: Local APIC address 0xfee00000
[    0.099422] IOAPIC[0]: apic_id 1, version 32, address 0xfec00000, GSI 0-23
[    0.099426] ACPI: INT_SRC_OVR (bus 0 bus_irq 0 global_irq 2 dfl dfl)
[    0.099427] ACPI: INT_SRC_OVR (bus 0 bus_irq 9 global_irq 9 low level)
[    0.099429] ACPI: IRQ0 used by override.
[    0.099430] ACPI: IRQ9 used by override.
[    0.099433] Using ACPI (MADT) for SMP configuration information
[    0.099442] smpboot: Allowing 1 CPUs, 0 hotplug CPUs
[    0.099465] PM: Registered nosave memory: [mem 0x00000000-0x00000fff]
[    0.099466] PM: Registered nosave memory: [mem 0x0009f000-0x0009ffff]
[    0.099467] PM: Registered nosave memory: [mem 0x000a0000-0x000effff]
[    0.099467] PM: Registered nosave memory: [mem 0x000f0000-0x000fffff]
[    0.099469] [mem 0x80000000-0xfebfffff] available for PCI devices
[    0.099470] Booting paravirtualized kernel on KVM
[    0.099473] clocksource: refined-jiffies: mask: 0xffffffff max_cycles: 0xffffffff, max_idle_ns: 7645519600211568 ns
[    0.099478] setup_percpu: NR_CPUS:8192 nr_cpumask_bits:1 nr_cpu_ids:1 nr_node_ids:1
[    0.100481] percpu: Embedded 60 pages/cpu s208896 r8192 d28672 u2097152
[    0.100486] pcpu-alloc: s208896 r8192 d28672 u2097152 alloc=1*2097152
[    0.100487] pcpu-alloc: [0] 0 
[    0.100513] Built 1 zonelists, mobility grouping on.  Total pages: 515961
[    0.100513] Policy zone: DMA32
[    0.100515] Kernel command line: BOOT_IMAGE=/boot/vmlinuz-5.4.243-mptcp root=UUID=98415a12-53b7-4144-8265-0f7ece09e445 ro quiet splash
[    0.101359] Dentry cache hash table entries: 262144 (order: 9, 2097152 bytes, linear)
[    0.101505] Inode-cache hash table entries: 131072 (order: 8, 1048576 bytes, linear)
[    0.101557] mem auto-init: stack:off, heap alloc:on, heap free:off
[    0.101560] Calgary: detecting Calgary via BIOS EBDA area
[    0.101560] Calgary: Unable to locate Rio Grande table in EBDA - bailing!
[    0.105635] Memory: 1967332K/2096696K available (14339K kernel code, 2398K rwdata, 4712K rodata, 2728K init, 17260K bss, 129364K reserved, 0K cma-reserved)
[    0.106573] SLUB: HWalign=64, Order=0-3, MinObjects=0, CPUs=1, Nodes=1
[    0.106590] ftrace: allocating 43186 entries in 169 pages
[    0.124686] rcu: Hierarchical RCU implementation.
[    0.124687] rcu: 	RCU restricting CPUs from NR_CPUS=8192 to nr_cpu_ids=1.
[    0.124688] 	Tasks RCU enabled.
[    0.124689] rcu: RCU calculated value of scheduler-enlistment delay is 25 jiffies.
[    0.124690] rcu: Adjusting geometry for rcu_fanout_leaf=16, nr_cpu_ids=1
[    0.127654] NR_IRQS: 524544, nr_irqs: 256, preallocated irqs: 16
[    0.127868] random: crng init done
[    0.137145] Console: colour VGA+ 80x25
[    0.137150] printk: console [tty0] enabled
[    0.137171] ACPI: Core revision 20190816
[    0.137287] APIC: Switch to symmetric I/O mode setup
[    0.137537] x2apic enabled
[    0.137773] Switched APIC routing to physical x2apic.
[    0.138901] ..TIMER: vector=0x30 apic1=0 pin1=2 apic2=-1 pin2=-1
[    0.138928] clocksource: tsc-early: mask: 0xffffffffffffffff max_cycles: 0x1e4530a99b6, max_idle_ns: 440795257976 ns
[    0.138934] Calibrating delay loop (skipped) preset value.. 4200.00 BogoMIPS (lpj=8400000)
[    0.138936] pid_max: default: 32768 minimum: 301
[    0.138963] LSM: Security Framework initializing
[    0.138973] Yama: becoming mindful.
[    0.138999] AppArmor: AppArmor initialized
[    0.139032] Mount-cache hash table entries: 4096 (order: 3, 32768 bytes, linear)
[    0.139037] Mountpoint-cache hash table entries: 4096 (order: 3, 32768 bytes, linear)
[    0.139046] *** VALIDATE tmpfs ***
[    0.139183] *** VALIDATE proc ***
[    0.139225] *** VALIDATE cgroup1 ***
[    0.139226] *** VALIDATE cgroup2 ***
[    0.139366] process: using mwait in idle threads
[    0.139370] Last level iTLB entries: 4KB 64, 2MB 8, 4MB 8
[    0.139371] Last level dTLB entries: 4KB 64, 2MB 0, 4MB 0, 1GB 4
[    0.139390] Spectre V1 : Mitigation: usercopy/swapgs barriers and __user pointer sanitization
[    0.139396] Spectre V2 : Mitigation: Retpolines
[    0.139397] Spectre V2 : Spectre v2 / SpectreRSB mitigation: Filling RSB on context switch
[    0.139397] Spectre V2 : Spectre v2 / SpectreRSB : Filling RSB on VMEXIT
[    0.139398] RETBleed: WARNING: Spectre v2 mitigation leaves CPU vulnerable to RETBleed attacks, data leaks possible!
[    0.139754] RETBleed: Vulnerable
[    0.139754] Speculative Store Bypass: Vulnerable
[    0.139759] TAA: Mitigation: TSX disabled
[    0.139760] MMIO Stale Data: Mitigation: Clear CPU buffers
[    0.143971] Freeing SMP alternatives memory: 40K
[    0.255720] smpboot: CPU0: Intel(R) Xeon(R) Silver 4216 CPU @ 2.10GHz (family: 0x6, model: 0x55, stepping: 0x7)
[    0.255843] Performance Events: unsupported p6 CPU model 85 no PMU driver, software events only.
[    0.255880] rcu: Hierarchical SRCU implementation.
[    0.256380] NMI watchdog: Perf NMI watchdog permanently disabled
[    0.256419] smp: Bringing up secondary CPUs ...
[    0.256420] smp: Brought up 1 node, 1 CPU
[    0.256421] smpboot: Max logical packages: 1
[    0.256423] smpboot: Total of 1 processors activated (4200.00 BogoMIPS)
[    0.257383] devtmpfs: initialized
[    0.257431] x86/mm: Memory block size: 128MB
[    0.257781] clocksource: jiffies: mask: 0xffffffff max_cycles: 0xffffffff, max_idle_ns: 7645041785100000 ns
[    0.257787] futex hash table entries: 256 (order: 2, 16384 bytes, linear)
[    0.257830] pinctrl core: initialized pinctrl subsystem
[    0.257931] PM: RTC time: 22:00:49, date: 2026-01-13
[    0.258038] NET: Registered protocol family 16
[    0.258113] audit: initializing netlink subsys (disabled)
[    0.258240] EISA bus registered
[    0.258242] cpuidle: using governor ladder
[    0.258242] cpuidle: using governor menu
[    0.258278] ACPI: bus type PCI registered
[    0.258280] acpiphp: ACPI Hot Plug PCI Controller Driver version: 0.5
[    0.258380] PCI: Using configuration type 1 for base access
[    0.259216] audit: type=2000 audit(1768312855.617:1): state=initialized audit_enabled=0 res=1
[    0.259306] HugeTLB registered 2.00 MiB page size, pre-allocated 0 pages
[    0.260123] ACPI: Added _OSI(Module Device)
[    0.260123] ACPI: Added _OSI(Processor Device)
[    0.260124] ACPI: Added _OSI(3.0 _SCP Extensions)
[    0.260125] ACPI: Added _OSI(Processor Aggregator Device)
[    0.260126] ACPI: Added _OSI(Linux-Dell-Video)
[    0.260126] ACPI: Added _OSI(Linux-Lenovo-NV-HDMI-Audio)
[    0.260127] ACPI: Added _OSI(Linux-HPI-Hybrid-Graphics)
[    0.262074] ACPI: 2 ACPI AML tables successfully acquired and loaded
[    0.263602] ACPI: Interpreter enabled
[    0.263612] ACPI: (supports S0 S5)
[    0.263613] ACPI: Using IOAPIC for interrupt routing
[    0.263819] PCI: Using host bridge windows from ACPI; if necessary, use "pci=nocrs" and report a bug
[    0.263925] ACPI: Enabled 2 GPEs in block 00 to 07
[    0.268727] ACPI: PCI Root Bridge [PCI0] (domain 0000 [bus 00-ff])
[    0.268732] acpi PNP0A03:00: _OSC: OS supports [ASPM ClockPM Segments MSI HPX-Type3]
[    0.269174] acpi PNP0A03:00: _OSC: not requesting OS control; OS requires [ExtendedConfig ASPM ClockPM MSI]
[    0.269183] acpi PNP0A03:00: fail to add MMCONFIG information, can't access extended PCI configuration space under this bridge.
[    0.269553] PCI host bridge to bus 0000:00
[    0.269555] pci_bus 0000:00: root bus resource [io  0x0000-0x0cf7 window]
[    0.269556] pci_bus 0000:00: root bus resource [io  0x0d00-0xffff window]
[    0.269558] pci_bus 0000:00: root bus resource [mem 0x000a0000-0x000bffff window]
[    0.269559] pci_bus 0000:00: root bus resource [mem 0x80000000-0xfdffffff window]
[    0.269560] pci_bus 0000:00: root bus resource [bus 00-ff]
[    0.269601] pci 0000:00:00.0: [8086:1237] type 00 class 0x060000
[    0.270545] pci 0000:00:01.0: [8086:7000] type 00 class 0x060100
[    0.271471] pci 0000:00:01.1: [8086:7111] type 00 class 0x01018a
[    0.271840] pci 0000:00:01.1: reg 0x20: [io  0xd000-0xd00f]
[    0.271991] pci 0000:00:01.1: legacy IDE quirk: reg 0x10: [io  0x01f0-0x01f7]
[    0.271992] pci 0000:00:01.1: legacy IDE quirk: reg 0x14: [io  0x03f6]
[    0.271993] pci 0000:00:01.1: legacy IDE quirk: reg 0x18: [io  0x0170-0x0177]
[    0.271994] pci 0000:00:01.1: legacy IDE quirk: reg 0x1c: [io  0x0376]
[    0.272524] pci 0000:00:02.0: [15ad:0405] type 00 class 0x030000
[    0.275011] pci 0000:00:02.0: reg 0x10: [io  0xd010-0xd01f]
[    0.278978] pci 0000:00:02.0: reg 0x14: [mem 0xe0000000-0xe7ffffff pref]
[    0.281712] pci 0000:00:02.0: reg 0x18: [mem 0xf0000000-0xf01fffff]
[    0.291731] pci 0000:00:03.0: [1022:2000] type 00 class 0x020000
[    0.292417] pci 0000:00:03.0: reg 0x10: [io  0xd020-0xd03f]
[    0.293030] pci 0000:00:03.0: reg 0x14: [mem 0xf0200000-0xf0200fff]
[    0.297476] pci 0000:00:04.0: [80ee:cafe] type 00 class 0x088000
[    0.298140] pci 0000:00:04.0: reg 0x10: [io  0xd040-0xd05f]
[    0.298748] pci 0000:00:04.0: reg 0x14: [mem 0xf0400000-0xf07fffff]
[    0.299047] pci 0000:00:04.0: reg 0x18: [mem 0xf0800000-0xf0803fff pref]
[    0.302568] pci 0000:00:07.0: [8086:7113] type 00 class 0x068000
[    0.303315] pci 0000:00:07.0: quirk: [io  0x4000-0x403f] claimed by PIIX4 ACPI
[    0.303325] pci 0000:00:07.0: quirk: [io  0x4100-0x410f] claimed by PIIX4 SMB
[    0.303949] pci 0000:00:08.0: [8086:100e] type 00 class 0x020000
[    0.304643] pci 0000:00:08.0: reg 0x10: [mem 0xf0820000-0xf083ffff]
[    0.305796] pci 0000:00:08.0: reg 0x18: [io  0xd060-0xd067]
[    0.308553] pci 0000:00:09.0: [8086:100e] type 00 class 0x020000
[    0.309306] pci 0000:00:09.0: reg 0x10: [mem 0xf0840000-0xf085ffff]
[    0.311044] pci 0000:00:09.0: reg 0x18: [io  0xd068-0xd06f]
[    0.319971] ACPI: PCI Interrupt Link [LNKA] (IRQs 5 9 10 *11)
[    0.320257] ACPI: PCI Interrupt Link [LNKB] (IRQs 5 9 *10 11)
[    0.320361] ACPI: PCI Interrupt Link [LNKC] (IRQs 5 *9 10 11)
[    0.320466] ACPI: PCI Interrupt Link [LNKD] (IRQs 5 9 10 *11)
[    0.323175] iommu: Default domain type: Translated 
[    0.323237] pci 0000:00:02.0: vgaarb: setting as boot VGA device
[    0.323239] pci 0000:00:02.0: vgaarb: VGA device added: decodes=io+mem,owns=io+mem,locks=none
[    0.323241] pci 0000:00:02.0: vgaarb: bridge control possible
[    0.323241] vgaarb: loaded
[    0.323455] SCSI subsystem initialized
[    0.323485] libata version 3.00 loaded.
[    0.323510] ACPI: bus type USB registered
[    0.323527] usbcore: registered new interface driver usbfs
[    0.323532] usbcore: registered new interface driver hub
[    0.323538] usbcore: registered new device driver usb
[    0.323565] pps_core: LinuxPPS API ver. 1 registered
[    0.323566] pps_core: Software ver. 5.3.6 - Copyright 2005-2007 Rodolfo Giometti <giometti@linux.it>
[    0.323568] PTP clock support registered
[    0.323601] EDAC MC: Ver: 3.0.0
[    0.323890] PCI: Using ACPI for IRQ routing
[    0.323892] PCI: pci_cache_line_size set to 64 bytes
[    0.324060] e820: reserve RAM buffer [mem 0x0009fc00-0x0009ffff]
[    0.324063] e820: reserve RAM buffer [mem 0x7fff0000-0x7fffffff]
[    0.324867] NetLabel: Initializing
[    0.324868] NetLabel:  domain hash size = 128
[    0.324868] NetLabel:  protocols = UNLABELED CIPSOv4 CALIPSO
[    0.324888] NetLabel:  unlabeled traffic allowed by default
[    0.325785] clocksource: Switched to clocksource kvm-clock
[    0.337296] *** VALIDATE bpf ***
[    0.337357] VFS: Disk quotas dquot_6.6.0
[    0.337370] VFS: Dquot-cache hash table entries: 512 (order 0, 4096 bytes)
[    0.337392] *** VALIDATE ramfs ***
[    0.337395] *** VALIDATE hugetlbfs ***
[    0.337477] AppArmor: AppArmor Filesystem Enabled
[    0.337502] pnp: PnP ACPI init
[    0.337569] pnp 00:00: Plug and Play ACPI device, IDs PNP0303 (active)
[    0.337655] pnp 00:01: Plug and Play ACPI device, IDs PNP0f03 (active)
[    0.338420] pnp: PnP ACPI: found 2 devices
[    0.339411] thermal_sys: Registered thermal governor 'fair_share'
[    0.339412] thermal_sys: Registered thermal governor 'bang_bang'
[    0.339413] thermal_sys: Registered thermal governor 'step_wise'
[    0.339413] thermal_sys: Registered thermal governor 'user_space'
[    0.339414] thermal_sys: Registered thermal governor 'power_allocator'
[    0.343958] clocksource: acpi_pm: mask: 0xffffff max_cycles: 0xffffff, max_idle_ns: 2085701024 ns
[    0.343998] pci_bus 0000:00: resource 4 [io  0x0000-0x0cf7 window]
[    0.343999] pci_bus 0000:00: resource 5 [io  0x0d00-0xffff window]
[    0.344001] pci_bus 0000:00: resource 6 [mem 0x000a0000-0x000bffff window]
[    0.344002] pci_bus 0000:00: resource 7 [mem 0x80000000-0xfdffffff window]
[    0.344060] NET: Registered protocol family 2
[    0.344134] IP idents hash table entries: 32768 (order: 6, 262144 bytes, linear)
[    0.344535] MPTCP tokens hash table entries: 8192 (order: 4, 65536 bytes, linear)
[    0.344555] MPTCP request tokens hash table entries: 8192 (order: 4, 65536 bytes, linear)
[    0.344580] default registered
[    0.344580] default registered
[    0.344581] MPTCP: Stable release v0.96
[    0.344586] tcp_listen_portaddr_hash hash table entries: 1024 (order: 2, 16384 bytes, linear)
[    0.344665] TCP established hash table entries: 16384 (order: 5, 131072 bytes, linear)
[    0.344731] TCP bind hash table entries: 16384 (order: 6, 262144 bytes, linear)
[    0.344756] TCP: Hash tables configured (established 16384 bind 16384)
[    0.345472] UDP hash table entries: 1024 (order: 3, 32768 bytes, linear)
[    0.345484] UDP-Lite hash table entries: 1024 (order: 3, 32768 bytes, linear)
[    0.345519] NET: Registered protocol family 1
[    0.345528] NET: Registered protocol family 44
[    0.345549] pci 0000:00:00.0: Limiting direct PCI/PCI transfers
[    0.345565] pci 0000:00:01.0: Activating ISA DMA hang workarounds
[    0.345618] pci 0000:00:02.0: Video device with shadowed ROM at [mem 0x000c0000-0x000dffff]
[    0.345683] PCI: CLS 0 bytes, default 64
[    0.345730] Trying to unpack rootfs image as initramfs...
[    0.515876] Freeing initrd memory: 47868K
[    0.515876] clocksource: tsc: mask: 0xffffffffffffffff max_cycles: 0x1e4530a99b6, max_idle_ns: 440795257976 ns
[    0.515876] clocksource: Switched to clocksource tsc
[    0.515876] platform rtc_cmos: registered platform RTC device (no PNP device found)
[    0.515876] check: Scanning for low memory corruption every 60 seconds
[    0.515876] Initialise system trusted keyrings
[    0.515876] Key type blacklist registered
[    0.515876] workingset: timestamp_bits=36 max_order=19 bucket_order=0
[    0.515876] zbud: loaded
[    0.515876] squashfs: version 4.0 (2009/01/31) Phillip Lougher
[    0.515876] fuse: init (API version 7.31)
[    0.515876] *** VALIDATE fuse ***
[    0.515876] *** VALIDATE fuse ***
[    0.515876] Platform Keyring initialized
[    0.528087] Key type asymmetric registered
[    0.528088] Asymmetric key parser 'x509' registered
[    0.528097] Block layer SCSI generic (bsg) driver version 0.4 loaded (major 244)
[    0.528134] io scheduler mq-deadline registered
[    0.528254] shpchp: Standard Hot Plug PCI Controller Driver version: 0.4
[    0.528454] ACPI: AC Adapter [AC] (on-line)
[    0.528497] input: Power Button as /devices/LNXSYSTM:00/LNXPWRBN:00/input/input0
[    0.528525] ACPI: Power Button [PWRF]
[    0.528600] input: Sleep Button as /devices/LNXSYSTM:00/LNXSLPBN:00/input/input1
[    0.528614] ACPI: Sleep Button [SLPF]
[    0.528852] Serial: 8250/16550 driver, 32 ports, IRQ sharing enabled
[    0.530014] Linux agpgart interface v0.103
[    0.619104] loop: module loaded
[    0.619248] ata_piix 0000:00:01.1: version 2.13
[    0.619645] scsi host0: ata_piix
[    0.619735] scsi host1: ata_piix
[    0.619761] ata1: PATA max UDMA/33 cmd 0x1f0 ctl 0x3f6 bmdma 0xd000 irq 14
[    0.619762] ata2: PATA max UDMA/33 cmd 0x170 ctl 0x376 bmdma 0xd008 irq 15
[    0.619840] tun: Universal TUN/TAP device driver, 1.6
[    0.620141] PPP generic driver version 2.4.2
[    0.620184] VFIO - User Level meta-driver version: 0.3
[    0.620424] ehci_hcd: USB 2.0 'Enhanced' Host Controller (EHCI) Driver
[    0.620428] ehci-pci: EHCI PCI platform driver
[    0.620445] ehci-platform: EHCI generic platform driver
[    0.620450] ohci_hcd: USB 1.1 'Open' Host Controller (OHCI) Driver
[    0.620452] ohci-pci: OHCI PCI platform driver
[    0.620459] ohci-platform: OHCI generic platform driver
[    0.620463] uhci_hcd: USB Universal Host Controller Interface driver
[    0.620525] i8042: PNP: PS/2 Controller [PNP0303:PS2K,PNP0f03:PS2M] at 0x60,0x64 irq 1,12
[    0.620960] serio: i8042 KBD port at 0x60,0x64 irq 1
[    0.620964] serio: i8042 AUX port at 0x60,0x64 irq 12
[    0.621048] mousedev: PS/2 mouse device common for all mice
[    0.621311] input: AT Translated Set 2 keyboard as /devices/platform/i8042/serio0/input/input2
[    0.621706] rtc_cmos rtc_cmos: registered as rtc0
[    0.621720] rtc_cmos rtc_cmos: alarms up to one day, 114 bytes nvram
[    0.621725] i2c /dev entries driver
[    0.621767] device-mapper: uevent: version 1.0.3
[    0.621810] device-mapper: ioctl: 4.41.0-ioctl (2019-09-16) initialised: dm-devel@redhat.com
[    0.621826] platform eisa.0: Probing EISA bus 0
[    0.621828] platform eisa.0: EISA: Cannot allocate resource for mainboard
[    0.621829] platform eisa.0: Cannot allocate resource for EISA slot 1
[    0.621830] platform eisa.0: Cannot allocate resource for EISA slot 2
[    0.621831] platform eisa.0: Cannot allocate resource for EISA slot 3
[    0.621832] platform eisa.0: Cannot allocate resource for EISA slot 4
[    0.621833] platform eisa.0: Cannot allocate resource for EISA slot 5
[    0.621834] platform eisa.0: Cannot allocate resource for EISA slot 6
[    0.621835] platform eisa.0: Cannot allocate resource for EISA slot 7
[    0.621836] platform eisa.0: Cannot allocate resource for EISA slot 8
[    0.621837] platform eisa.0: EISA: Detected 0 cards
[    0.621839] intel_pstate: CPU model not supported
[    0.621849] ledtrig-cpu: registered to indicate activity on CPUs
[    0.621903] drop_monitor: Initializing network drop monitor service
[    0.622063] NET: Registered protocol family 10
[    0.627210] Segment Routing with IPv6
[    0.627239] fullmesh registered
[    0.627240] ndiffports registered
[    0.627242] binder registered
[    0.627243] roundrobin registered
[    0.627244] redundant registered
[    0.627244] blest registered
[    0.627245] ecf registered
[    0.627246] NET: Registered protocol family 17
[    0.627248] Key type dns_resolver registered
[    0.627248] RAS: Correctable Errors collector initialized.
[    0.627248] IPI shorthand broadcast: enabled
[    0.627248] sched_clock: Marking stable (612177161, 11071780)->(625039508, -1790567)
[    0.627450] registered taskstats version 1
[    0.627459] Loading compiled-in X.509 certificates
[    0.628044] Loaded X.509 cert 'Build time autogenerated kernel key: 6909f3744cebb3d0de528d5887b96a727de79b1e'
[    0.628061] zswap: loaded using pool lzo/zbud
[    0.628114] Key type ._fscrypt registered
[    0.628115] Key type .fscrypt registered
[    0.632590] Key type big_key registered
[    0.634816] Key type encrypted registered
[    0.634819] AppArmor: AppArmor sha1 policy hashing enabled
[    0.634826] ima: No TPM chip found, activating TPM-bypass!
[    0.634829] ima: Allocated hash algorithm: sha1
[    0.634834] ima: No architecture policies found
[    0.634843] evm: Initialising EVM extended attributes:
[    0.634844] evm: security.selinux
[    0.634844] evm: security.SMACK64
[    0.634845] evm: security.SMACK64EXEC
[    0.634845] evm: security.SMACK64TRANSMUTE
[    0.634846] evm: security.SMACK64MMAP
[    0.634846] evm: security.apparmor
[    0.634847] evm: security.ima
[    0.634847] evm: security.capability
[    0.634848] evm: HMAC attrs: 0x1
[    0.635142] PM:   Magic number: 10:242:47
[    0.635258] rtc_cmos rtc_cmos: setting system clock to 2026-01-13T22:00:50 UTC (1768341650)
[    0.792140] ata1.00: ATA-6: VBOX HARDDISK, 1.0, max UDMA/133
[    0.792143] ata1.00: 209715200 sectors, multi 128: LBA 
[    0.792797] scsi 0:0:0:0: Direct-Access     ATA      VBOX HARDDISK    1.0  PQ: 0 ANSI: 5
[    0.793090] sd 0:0:0:0: [sda] 209715200 512-byte logical blocks: (107 GB/100 GiB)
[    0.793102] sd 0:0:0:0: [sda] Write Protect is off
[    0.793105] sd 0:0:0:0: [sda] Mode Sense: 00 3a 00 00
[    0.793124] sd 0:0:0:0: [sda] Write cache: enabled, read cache: enabled, doesn't support DPO or FUA
[    0.793451] sd 0:0:0:0: Attached scsi generic sg0 type 0
[    0.795363]  sda: sda1 sda2
[    0.807274] sd 0:0:0:0: [sda] Attached SCSI disk
[    0.810421] Freeing unused decrypted memory: 2040K
[    0.811356] Freeing unused kernel image memory: 2728K
[    0.811359] Write protecting the kernel read-only data: 22528k
[    0.812333] Freeing unused kernel image memory: 2036K
[    0.812871] Freeing unused kernel image memory: 1432K
[    0.837825] x86/mm: Checked W+X mappings: passed, no W+X pages found.
[    0.837829] Run /init as init process
[    0.951834] ACPI: Video Device [GFX0] (multi-head: yes  rom: no  post: no)
[    0.951909] input: Video Bus as /devices/LNXSYSTM:00/LNXSYBUS:00/PNP0A03:00/LNXVIDEO:00/input/input4
[    0.964676] pcnet32: pcnet32.c:v1.35 21.Apr.2008 tsbogend@alpha.franken.de
[    0.965612] pcnet32: PCnet/FAST III 79C973 at 0xd020, 08:00:27:e9:dc:f1 assigned IRQ 19
[    0.965655] pcnet32: Found PHY 0022:561b at address 0
[    0.965973] pcnet32: eth0: registered as PCnet/FAST III 79C973
[    0.968026] piix4_smbus 0000:00:07.0: SMBus Host Controller at 0x4100, revision 0
[    0.969293] pcnet32: 1 cards_found
[    0.972130] e1000: Intel(R) PRO/1000 Network Driver - version 7.3.21-k8-NAPI
[    0.972131] e1000: Copyright (c) 1999-2006 Intel Corporation.
[    1.041118] pcnet32 0000:00:03.0 enp0s3: renamed from eth0
[    1.187050] input: ImExPS/2 Generic Explorer Mouse as /devices/platform/i8042/serio1/input/input5
[    1.375916] e1000 0000:00:08.0 eth0: (PCI:33MHz:32-bit) 08:00:27:22:92:3b
[    1.375920] e1000 0000:00:08.0 eth0: Intel(R) PRO/1000 Network Connection
[    1.747412] e1000 0000:00:09.0 eth1: (PCI:33MHz:32-bit) 08:00:27:a6:80:08
[    1.747415] e1000 0000:00:09.0 eth1: Intel(R) PRO/1000 Network Connection
[    1.748604] e1000 0000:00:09.0 enp0s9: renamed from eth1
[    1.750417] e1000 0000:00:08.0 enp0s8: renamed from eth0
[    1.895543] EXT4-fs (sda2): mounted filesystem with ordered data mode. Opts: (null)
[    1.986220] systemd[1]: Inserted module 'autofs4'
[    1.998145] systemd[1]: systemd 245.4-4ubuntu3 running in system mode. (+PAM +AUDIT +SELINUX +IMA +APPARMOR +SMACK +SYSVINIT +UTMP +LIBCRYPTSETUP +GCRYPT +GNUTLS +ACL +XZ +LZ4 +SECCOMP +BLKID +ELFUTILS +KMOD +IDN2 -IDN +PCRE2 default-hierarchy=hybrid)
[    1.998178] systemd[1]: Detected virtualization oracle.
[    1.998181] systemd[1]: Detected architecture x86-64.
[    1.999535] systemd[1]: Set hostname to <ztg>.
[    2.124032] systemd[1]: /lib/systemd/system/dbus.socket:5: ListenStream= references a path below legacy directory /var/run/, updating /var/run/dbus/system_bus_socket â†’ /run/dbus/system_bus_socket; please update the unit file accordingly.
[    2.176606] systemd[1]: Created slice system-modprobe.slice.
[    2.176787] systemd[1]: Created slice User and Session Slice.
[    2.176830] systemd[1]: Started Forward Password Requests to Wall Directory Watch.
[    2.176994] systemd[1]: Set up automount Arbitrary Executable File Formats File System Automount Point.
[    2.177029] systemd[1]: Reached target User and Group Name Lookups.
[    2.177037] systemd[1]: Reached target Remote File Systems.
[    2.177044] systemd[1]: Reached target Slices.
[    2.177614] systemd[1]: Listening on Syslog Socket.
[    2.177680] systemd[1]: Listening on fsck to fsckd communication Socket.
[    2.177717] systemd[1]: Listening on initctl Compatibility Named Pipe.
[    2.177854] systemd[1]: Listening on Journal Audit Socket.
[    2.177904] systemd[1]: Listening on Journal Socket (/dev/log).
[    2.177971] systemd[1]: Listening on Journal Socket.
[    2.178035] systemd[1]: Listening on udev Control Socket.
[    2.178074] systemd[1]: Listening on udev Kernel Socket.
[    2.178817] systemd[1]: Mounting Huge Pages File System...
[    2.179791] systemd[1]: Mounting POSIX Message Queue File System...
[    2.180671] systemd[1]: Mounting Kernel Debug File System...
[    2.181526] systemd[1]: Mounting Kernel Trace File System...
[    2.183478] systemd[1]: Starting Journal Service...
[    2.205903] systemd[1]: Starting Set the console keyboard layout...
[    2.213729] systemd[1]: Starting Create list of static device nodes for the current kernel...
[    2.215570] systemd[1]: Starting Load Kernel Module drm...
[    2.216557] systemd[1]: Condition check resulted in Set Up Additional Binary Formats being skipped.
[    2.216606] systemd[1]: Condition check resulted in File System Check on Root Device being skipped.
[    2.227625] systemd[1]: Starting Load Kernel Modules...
[    2.236496] systemd[1]: Starting Remount Root and Kernel File Systems...
[    2.244761] systemd[1]: Starting udev Coldplug all Devices...
[    2.254250] systemd[1]: Starting Uncomplicated firewall...
[    2.258490] systemd[1]: Mounted Huge Pages File System.
[    2.258579] systemd[1]: Mounted POSIX Message Queue File System.
[    2.258685] systemd[1]: Mounted Kernel Debug File System.
[    2.258763] systemd[1]: Mounted Kernel Trace File System.
[    2.278748] EXT4-fs (sda2): re-mounted. Opts: errors=remount-ro
[    2.295449] systemd[1]: Finished Create list of static device nodes for the current kernel.
[    2.296511] systemd[1]: modprobe@drm.service: Succeeded.
[    2.302844] systemd[1]: Finished Load Kernel Module drm.
[    2.303453] systemd[1]: Finished Remount Root and Kernel File Systems.
[    2.304291] systemd[1]: Finished Uncomplicated firewall.
[    2.320908] lp: driver loaded but no devices found
[    2.322311] systemd[1]: Condition check resulted in Rebuild Hardware Database being skipped.
[    2.322347] systemd[1]: Condition check resulted in Platform Persistent Storage Archival being skipped.
[    2.323035] systemd[1]: Starting Load/Save Random Seed...
[    2.329700] systemd[1]: Starting Create System Users...
[    2.335006] ppdev: user-space parallel port driver
[    2.345024] systemd[1]: Finished Load/Save Random Seed.
[    2.352271] systemd[1]: Finished Create System Users.
[    2.352984] systemd[1]: Starting Create Static Device Nodes in /dev...
[    2.394116] systemd[1]: Finished udev Coldplug all Devices.
[    2.408263] systemd[1]: Finished Create Static Device Nodes in /dev.
[    2.409056] systemd[1]: Starting udev Kernel Device Manager...
[    2.440890] [drm] DMA map mode: Caching DMA mappings.
[    2.440952] [drm] Capabilities:
[    2.440953] [drm]   Rect copy.
[    2.440953] [drm]   Cursor.
[    2.440953] [drm]   Cursor bypass.
[    2.440954] [drm]   Cursor bypass 2.
[    2.440954] [drm]   Alpha cursor.
[    2.440955] [drm]   Extended Fifo.
[    2.440955] [drm]   Pitchlock.
[    2.440955] [drm]   Irq mask.
[    2.440955] [drm]   GMR.
[    2.440956] [drm]   Traces.
[    2.440956] [drm]   GMR2.
[    2.440956] [drm]   Screen Object 2.
[    2.440957] [drm]   Command Buffers.
[    2.440957] [drm]   Command Buffers 2.
[    2.440958] [drm]   Guest Backed Resources.
[    2.440959] [drm] Max GMR ids is 8192
[    2.440959] [drm] Max number of GMR pages is 1048576
[    2.440960] [drm] Max dedicated hypervisor surface memory is 393216 kiB
[    2.440960] [drm] Maximum display memory size is 131072 kiB
[    2.440961] [drm] VRAM at 0xe0000000 size is 131072 kiB
[    2.440962] [drm] MMIO at 0xf0000000 size is 2048 kiB
[    2.442940] [TTM] Zone  kernel: Available graphics memory: 1011738 KiB
[    2.442941] [TTM] Initializing pool allocator
[    2.442945] [TTM] Initializing DMA pool allocator
[    2.442975] [drm] Supports vblank timestamp caching Rev 2 (21.10.2013).
[    2.442976] [drm] No driver support for vblank timestamp query.
[    2.443235] [drm] Screen Target Display device initialized
[    2.443458] [drm] width 720
[    2.443471] [drm] height 400
[    2.443475] [drm] bpp 32
[    2.443962] [drm] Fifo max 0x00200000 min 0x00001000 cap 0x00000355
[    2.445026] [drm] Using command buffers with DMA pool.
[    2.445029] [drm] DX: no.
[    2.445030] [drm] Atomic: yes.
[    2.445030] [drm] SM4_1: no.
[    2.445049] [drm:vmw_host_log [vmwgfx]] *ERROR* Failed to send host log message.
[    2.445961] [drm:vmw_host_log [vmwgfx]] *ERROR* Failed to send host log message.
[    2.458010] fbcon: svgadrmfb (fb0) is primary device
[    2.460668] Console: switching to colour frame buffer device 100x37
[    2.466314] systemd[1]: Finished Set the console keyboard layout.
[    2.466422] systemd[1]: Reached target Local File Systems (Pre).
[    2.468570] systemd[1]: Mounting Mount unit for bare, revision 5...
[    2.470544] systemd[1]: Mounting Mount unit for core18, revision 1705...
[    2.487464] [drm] Initialized vmwgfx 2.15.0 20180704 for 0000:00:02.0 on minor 0
[    2.494479] systemd[1]: Mounting Mount unit for gnome-3-34-1804, revision 24...
[    2.505414] systemd[1]: Mounting Mount unit for gtk-common-themes, revision 1506...
[    2.512053] systemd[1]: Mounting Mount unit for gtk-common-themes, revision 1535...
[    2.528677] systemd[1]: Mounting Mount unit for snap-store, revision 433...
[    2.549640] systemd[1]: Mounting Mount unit for snapd, revision 7264...
[    2.554912] systemd[1]: Finished Load Kernel Modules.
[    2.556126] systemd[1]: Mounting FUSE Control File System...
[    2.560598] systemd[1]: Mounting Kernel Configuration File System...
[    2.563464] systemd[1]: Starting Apply Kernel Variables...
[    2.564994] systemd[1]: Mounted Mount unit for bare, revision 5.
[    2.565098] systemd[1]: Mounted Mount unit for core18, revision 1705.
[    2.587954] systemd[1]: Mounted Mount unit for gnome-3-34-1804, revision 24.
[    2.588048] systemd[1]: Mounted FUSE Control File System.
[    2.588119] systemd[1]: Mounted Kernel Configuration File System.
[    2.588174] systemd[1]: Condition check resulted in VMware vmblock fuse mount being skipped.
[    2.609359] systemd[1]: Mounted Mount unit for gtk-common-themes, revision 1506.
[    2.610743] systemd[1]: Finished Apply Kernel Variables.
[    2.637509] systemd[1]: Started udev Kernel Device Manager.
[    2.638211] systemd[1]: Starting Show Plymouth Boot Screen...
[    2.645246] systemd[1]: Mounted Mount unit for gtk-common-themes, revision 1535.
[    2.645352] systemd[1]: Mounted Mount unit for snap-store, revision 433.
[    2.645428] systemd[1]: Mounted Mount unit for snapd, revision 7264.
[    2.645480] systemd[1]: Reached target Local File Systems.
[    2.654584] systemd[1]: Starting Load AppArmor profiles...
[    2.656953] systemd[1]: Starting Set console font and keymap...
[    2.666536] systemd[1]: Starting Tell Plymouth To Write Out Runtime Data...
[    2.666561] systemd[1]: Condition check resulted in Store a System Token in an EFI Variable being skipped.
[    2.666587] systemd[1]: Condition check resulted in Commit a transient machine-id on disk being skipped.
[    2.667109] systemd[1]: Received SIGRTMIN+20 from PID 276 (plymouthd).
[    2.688187] systemd[1]: plymouth-read-write.service: Succeeded.
[    2.692508] systemd[1]: Finished Tell Plymouth To Write Out Runtime Data.
[    2.694669] systemd[1]: Finished Set console font and keymap.
[    2.694917] systemd[1]: Received SIGRTMIN+20 from PID 276 (plymouthd).
[    2.703182] systemd[1]: Started Show Plymouth Boot Screen.
[    2.703321] systemd[1]: Condition check resulted in Dispatch Password Requests to Console Directory Watch being skipped.
[    2.703407] systemd[1]: Started Forward Password Requests to Plymouth Directory Watch.
[    2.703439] systemd[1]: Reached target Local Encrypted Volumes.
[    2.720791] audit: type=1400 audit(1768341652.580:2): apparmor="STATUS" operation="profile_load" profile="unconfined" name="nvidia_modprobe" pid=295 comm="apparmor_parser"
[    2.720793] audit: type=1400 audit(1768341652.580:3): apparmor="STATUS" operation="profile_load" profile="unconfined" name="nvidia_modprobe//kmod" pid=295 comm="apparmor_parser"
[    2.732664] audit: type=1400 audit(1768341652.592:4): apparmor="STATUS" operation="profile_load" profile="unconfined" name="/usr/sbin/tcpdump" pid=296 comm="apparmor_parser"
[    2.776889] audit: type=1400 audit(1768341652.628:5): apparmor="STATUS" operation="profile_load" profile="unconfined" name="/usr/bin/evince" pid=303 comm="apparmor_parser"
[    2.776891] audit: type=1400 audit(1768341652.628:6): apparmor="STATUS" operation="profile_load" profile="unconfined" name="/usr/bin/evince//sanitized_helper" pid=303 comm="apparmor_parser"
[    2.776894] audit: type=1400 audit(1768341652.628:7): apparmor="STATUS" operation="profile_load" profile="unconfined" name="/usr/bin/evince-previewer" pid=303 comm="apparmor_parser"
[    2.776895] audit: type=1400 audit(1768341652.628:8): apparmor="STATUS" operation="profile_load" profile="unconfined" name="/usr/bin/evince-previewer//sanitized_helper" pid=303 comm="apparmor_parser"
[    2.776897] audit: type=1400 audit(1768341652.628:9): apparmor="STATUS" operation="profile_load" profile="unconfined" name="/usr/bin/evince-thumbnailer" pid=303 comm="apparmor_parser"
[    2.790892] audit: type=1400 audit(1768341652.648:10): apparmor="STATUS" operation="profile_load" profile="unconfined" name="/usr/lib/cups/backend/cups-pdf" pid=304 comm="apparmor_parser"
[    2.867060] systemd[1]: Finished Load AppArmor profiles.
[    2.867973] systemd[1]: Starting Load AppArmor profiles managed internally by snapd...
[    2.933545] systemd[1]: Finished Load AppArmor profiles managed internally by snapd.
[    3.133481] systemd[1]: Started Journal Service.
[    3.140206] systemd-journald[229]: Received client request to flush runtime journal.
[    3.144007] systemd-journald[229]: File /var/log/journal/c455b248004a419c87ce85eea238d727/system.journal corrupted or uncleanly shut down, renaming and replacing.
[    4.385513] RAPL PMU: API unit is 2^-32 Joules, 0 fixed counters, 10737418240 ms ovfl timer
[    4.430150] cryptd: max_cpu_qlen set to 1000
[    4.469391] AVX2 version of gcm_enc/dec engaged.
[    4.469392] AES CTR mode by8 optimization enabled
[    5.387575] Adding 1998844k swap on /dev/sda1.  Priority:-2 extents:1 across:1998844k FS
[    6.708255] kauditd_printk_skb: 30 callbacks suppressed
[    6.708256] audit: type=1400 audit(1768341656.560:41): apparmor="DENIED" operation="capable" profile="/usr/sbin/cups-browsed" pid=497 comm="cups-browsed" capability=23  capname="sys_nice"
[    7.530501] pcnet32 0000:00:03.0 enp0s3: link up, 100Mbps, full-duplex
[    7.566671] e1000: enp0s8 NIC Link is Up 1000 Mbps Full Duplex, Flow Control: RX
[    7.566964] IPv6: ADDRCONF(NETDEV_CHANGE): enp0s8: link becomes ready
[    7.577123] e1000: enp0s9 NIC Link is Up 1000 Mbps Full Duplex, Flow Control: RX
[    7.577416] IPv6: ADDRCONF(NETDEV_CHANGE): enp0s9: link becomes ready
[    8.088279] device enp0s3 entered promiscuous mode
[    8.113620] audit: type=1400 audit(1768341657.972:42): apparmor="DENIED" operation="open" profile="/usr/sbin/tcpdump" name="/proc/sys/kernel/random/boot_id" pid=676 comm="tcpdump" requested_mask="r" denied_mask="r" fsuid=0 ouid=0
[    8.113968] audit: type=1400 audit(1768341657.972:43): apparmor="DENIED" operation="open" profile="/usr/sbin/tcpdump" name="/proc/sys/kernel/random/boot_id" pid=676 comm="tcpdump" requested_mask="r" denied_mask="r" fsuid=0 ouid=0
[    8.114047] audit: type=1400 audit(1768341657.972:44): apparmor="DENIED" operation="open" profile="/usr/sbin/tcpdump" name="/proc/sys/kernel/random/boot_id" pid=676 comm="tcpdump" requested_mask="r" denied_mask="r" fsuid=0 ouid=0
[    8.114129] audit: type=1400 audit(1768341657.972:45): apparmor="DENIED" operation="open" profile="/usr/sbin/tcpdump" name="/proc/sys/kernel/random/boot_id" pid=676 comm="tcpdump" requested_mask="r" denied_mask="r" fsuid=0 ouid=0
[    8.117699] audit: type=1400 audit(1768341657.976:46): apparmor="DENIED" operation="open" profile="/usr/sbin/tcpdump" name="/proc/sys/kernel/random/boot_id" pid=677 comm="tcpdump" requested_mask="r" denied_mask="r" fsuid=0 ouid=0
[    8.117896] audit: type=1400 audit(1768341657.976:47): apparmor="DENIED" operation="open" profile="/usr/sbin/tcpdump" name="/proc/sys/kernel/random/boot_id" pid=677 comm="tcpdump" requested_mask="r" denied_mask="r" fsuid=0 ouid=0
[    8.118000] audit: type=1400 audit(1768341657.976:48): apparmor="DENIED" operation="open" profile="/usr/sbin/tcpdump" name="/proc/sys/kernel/random/boot_id" pid=677 comm="tcpdump" requested_mask="r" denied_mask="r" fsuid=0 ouid=0
[    8.118054] audit: type=1400 audit(1768341657.976:49): apparmor="DENIED" operation="open" profile="/usr/sbin/tcpdump" name="/proc/sys/kernel/random/boot_id" pid=677 comm="tcpdump" requested_mask="r" denied_mask="r" fsuid=0 ouid=0
[   12.701343] rfkill: input handler disabled
[  200.353887] AAAAA-TCP_FORW: name:enp0s3: saddr:100932208: daddr:16783984
[  200.444399] AAAAA-TCP_FORW: name:enp0s3: saddr:16783984: daddr:100932208
[  200.566459] AAAAA-TCP_FORW: name:enp0s3: saddr:100932208: daddr:16783984
[  200.596303] AAAAA-TCP_FORW: name:enp0s3: saddr:100932208: daddr:16783984
[  200.615425] AAAAA-TCP_FORW: name:enp0s3: saddr:16783984: daddr:100932208
[  200.655509] AAAAA-TCP_FORW: name:enp0s3: saddr:16783984: daddr:100932208
[  200.670243] AAAAA-TCP_FORW: name:enp0s3: saddr:16783984: daddr:100932208
[  200.893099] AAAAA-TCP_FORW: name:enp0s3: saddr:100932208: daddr:33561200
[  200.924630] AAAAA-TCP_FORW: name:enp0s3: saddr:33561200: daddr:100932208
[  200.942693] AAAAA-TCP_FORW: name:enp0s3: saddr:100932208: daddr:16783984
[  200.971901] AAAAA-TCP_FORW: name:enp0s3: saddr:100932208: daddr:16783984
[  201.087117] AAAAA-TCP_FORW: name:enp0s3: saddr:16783984: daddr:100932208
[  201.341093] AAAAA-TCP_FORW: name:enp0s3: saddr:100932208: daddr:33561200
[  201.367405] AAAAA-TCP_FORW: name:enp0s3: saddr:100932208: daddr:16783984
[  201.413122] AAAAA-TCP_FORW: name:enp0s3: saddr:33561200: daddr:100932208
[  201.461255] AAAAA-TCP_FORW: name:enp0s3: saddr:16783984: daddr:100932208
[  201.482514] AAAAA-TCP_FORW: name:enp0s3: saddr:16783984: daddr:100932208
[  201.745458] AAAAA-TCP_FORW: name:enp0s3: saddr:100932208: daddr:16783984
[  201.784011] AAAAA-TCP_FORW: name:enp0s3: saddr:100932208: daddr:16783984
[  201.827690] AAAAA-TCP_FORW: name:enp0s3: saddr:16783984: daddr:100932208
[  201.935849] AAAAA-TCP_FORW: name:enp0s3: saddr:100932208: daddr:16783984
[  201.950275] AAAAA-TCP_FORW: name:enp0s3: saddr:16783984: daddr:100932208
[  201.996825] AAAAA-TCP_FORW: name:enp0s3: saddr:100932208: daddr:16783984
[  202.059860] AAAAA-TCP_FORW: name:enp0s3: saddr:16783984: daddr:100932208
[  202.089479] AAAAA-TCP_FORW: name:enp0s3: saddr:16783984: daddr:100932208
[  202.209866] AAAAA-TCP_FORW: name:enp0s3: saddr:100932208: daddr:33561200
[  202.252342] AAAAA-TCP_FORW: name:enp0s3: saddr:33561200: daddr:100932208
[  202.309128] AAAAA-TCP_FORW: name:enp0s3: saddr:100932208: daddr:16783984
[  202.390551] AAAAA-TCP_FORW: name:enp0s3: saddr:16783984: daddr:100932208
[  202.461498] AAAAA-TCP_FORW: name:enp0s3: saddr:100932208: daddr:33561200
[  202.540800] AAAAA-TCP_FORW: name:enp0s3: saddr:100932208: daddr:16783984
[  202.571291] AAAAA-TCP_FORW: name:enp0s3: saddr:33561200: daddr:100932208
[  202.616618] AAAAA-TCP_FORW: name:enp0s3: saddr:100932208: daddr:16783984
[  202.711302] AAAAA-TCP_FORW: name:enp0s3: saddr:16783984: daddr:100932208
[  202.733104] AAAAA-TCP_FORW: name:enp0s3: saddr:100932208: daddr:16783984
[  202.777723] AAAAA-TCP_FORW: name:enp0s3: saddr:100932208: daddr:16783984
[  202.866001] AAAAA-TCP_FORW: name:enp0s3: saddr:16783984: daddr:100932208
[  202.948710] AAAAA-TCP_FORW: name:enp0s3: saddr:16783984: daddr:100932208
[  202.965011] AAAAA-TCP_FORW: name:enp0s3: saddr:100932208: daddr:16783984
[  203.014765] AAAAA-TCP_FORW: name:enp0s3: saddr:100932208: daddr:16783984
[  203.044887] AAAAA-TCP_FORW: name:enp0s3: saddr:100932208: daddr:16783984
[  203.119108] AAAAA-TCP_FORW: name:enp0s3: saddr:16783984: daddr:100932208
[  203.182867] AAAAA-TCP_FORW: name:enp0s3: saddr:16783984: daddr:100932208
[  203.232260] AAAAA-TCP_FORW: name:enp0s3: saddr:100932208: daddr:16783984
[  203.249205] AAAAA-TCP_FORW: name:enp0s3: saddr:16783984: daddr:100932208
[  203.297493] AAAAA-TCP_FORW: name:enp0s3: saddr:100932208: daddr:16783984
[  203.361293] AAAAA-TCP_FORW: name:enp0s3: saddr:100932208: daddr:16783984
[  203.398519] AAAAA-TCP_FORW: name:enp0s3: saddr:100932208: daddr:16783984
[  203.445746] AAAAA-TCP_FORW: name:enp0s3: saddr:100932208: daddr:16783984
[  203.468361] AAAAA-TCP_FORW: name:enp0s3: saddr:16783984: daddr:100932208
[  203.545037] AAAAA-TCP_FORW: name:enp0s3: saddr:16783984: daddr:100932208
[  203.572559] AAAAA-TCP_FORW: name:enp0s3: saddr:100932208: daddr:33561200
[  203.608344] AAAAA-TCP_FORW: name:enp0s3: saddr:16783984: daddr:100932208
[  203.666808] AAAAA-TCP_FORW: name:enp0s3: saddr:16783984: daddr:100932208
[  203.717415] AAAAA-TCP_FORW: name:enp0s3: saddr:16783984: daddr:100932208
[  203.754720] AAAAA-TCP_FORW: name:enp0s3: saddr:100932208: daddr:33561200
[  203.795504] AAAAA-TCP_FORW: name:enp0s3: saddr:33561200: daddr:100932208
[  203.833718] AAAAA-TCP_FORW: name:enp0s3: saddr:100932208: daddr:33561200
[  203.897705] AAAAA-TCP_FORW: name:enp0s3: saddr:100932208: daddr:33561200
[  203.937377] AAAAA-TCP_FORW: name:enp0s3: saddr:100932208: daddr:33561200
[  203.969156] AAAAA-TCP_FORW: name:enp0s3: saddr:100932208: daddr:33561200
[  204.035990] AAAAA-TCP_FORW: name:enp0s3: saddr:100932208: daddr:33561200
[  204.058811] AAAAA-TCP_FORW: name:enp0s3: saddr:33561200: daddr:100932208
[  204.200280] AAAAA-TCP_FORW: name:enp0s3: saddr:100932208: daddr:33561200
[  204.236185] AAAAA-TCP_FORW: name:enp0s3: saddr:33561200: daddr:100932208
[  204.339317] AAAAA-TCP_FORW: name:enp0s3: saddr:33561200: daddr:100932208
[  204.390336] AAAAA-TCP_FORW: name:enp0s3: saddr:100932208: daddr:33561200
[  204.433394] AAAAA-TCP_FORW: name:enp0s3: saddr:33561200: daddr:100932208
[  204.458281] AAAAA-TCP_FORW: name:enp0s3: saddr:33561200: daddr:100932208
[  204.526287] AAAAA-TCP_FORW: name:enp0s3: saddr:33561200: daddr:100932208
[  204.537394] AAAAA-TCP_FORW: name:enp0s3: saddr:100932208: daddr:33561200
[  204.549524] AAAAA-TCP_FORW: name:enp0s3: saddr:100932208: daddr:16783984
[  204.578255] AAAAA-TCP_FORW: name:enp0s3: saddr:100932208: daddr:16783984
[  204.668656] AAAAA-TCP_FORW: name:enp0s3: saddr:33561200: daddr:100932208
[  204.692452] AAAAA-TCP_FORW: name:enp0s3: saddr:100932208: daddr:16783984
[  204.749588] AAAAA-TCP_FORW: name:enp0s3: saddr:100932208: daddr:33561200
[  204.893878] AAAAA-TCP_FORW: name:enp0s3: saddr:100932208: daddr:16783984
[  204.980742] AAAAA-TCP_FORW: name:enp0s3: saddr:33561200: daddr:100932208
[  205.050230] AAAAA-TCP_FORW: name:enp0s3: saddr:100932208: daddr:16783984
[  205.173621] AAAAA-TCP_FORW: name:enp0s3: saddr:100932208: daddr:16783984
[  205.291047] AAAAA-TCP_FORW: name:enp0s3: saddr:100932208: daddr:16783984
[  205.315552] AAAAA-TCP_FORW: name:enp0s3: saddr:33561200: daddr:100932208
[  205.371930] AAAAA-TCP_FORW: name:enp0s3: saddr:16783984: daddr:100932208
[  205.433599] AAAAA-TCP_FORW: name:enp0s3: saddr:16783984: daddr:100932208
[  205.446567] AAAAA-TCP_FORW: name:enp0s3: saddr:100932208: daddr:33561200
[  205.508161] AAAAA-TCP_FORW: name:enp0s3: saddr:100932208: daddr:16783984
[  205.514254] AAAAA-TCP_FORW: name:enp0s3: saddr:16783984: daddr:100932208
[  205.554879] AAAAA-TCP_FORW: name:enp0s3: saddr:100932208: daddr:16783984
[  205.630806] AAAAA-TCP_FORW: name:enp0s3: saddr:33561200: daddr:100932208
[  205.707431] AAAAA-TCP_FORW: name:enp0s3: saddr:16783984: daddr:100932208
[  205.729010] AAAAA-TCP_FORW: name:enp0s3: saddr:100932208: daddr:16783984
[  205.743921] AAAAA-TCP_FORW: name:enp0s3: saddr:16783984: daddr:100932208
[  205.756973] AAAAA-TCP_FORW: name:enp0s3: saddr:100932208: daddr:16783984
[  205.778468] AAAAA-TCP_FORW: name:enp0s3: saddr:16783984: daddr:100932208
[  205.805030] AAAAA-TCP_FORW: name:enp0s3: saddr:100932208: daddr:16783984
[  205.825487] AAAAA-TCP_FORW: name:enp0s3: saddr:16783984: daddr:100932208
[  205.899439] AAAAA-TCP_FORW: name:enp0s3: saddr:100932208: daddr:16783984
[  206.083615] AAAAA-TCP_FORW: name:enp0s3: saddr:33561200: daddr:100932208
[  206.100776] AAAAA-TCP_FORW: name:enp0s3: saddr:100932208: daddr:16783984
[  206.118726] AAAAA-TCP_FORW: name:enp0s3: saddr:16783984: daddr:100932208
[  206.177562] AAAAA-TCP_FORW: name:enp0s3: saddr:100932208: daddr:16783984
[  206.221305] AAAAA-TCP_FORW: name:enp0s3: saddr:16783984: daddr:100932208
[  206.380129] AAAAA-TCP_FORW: name:enp0s3: saddr:100932208: daddr:16783984
[  206.423460] AAAAA-TCP_FORW: name:enp0s3: saddr:16783984: daddr:100932208
[  206.439815] AAAAA-TCP_FORW: name:enp0s3: saddr:100932208: daddr:33561200
[  206.524968] AAAAA-TCP_FORW: name:enp0s3: saddr:100932208: daddr:16783984
[  206.555504] AAAAA-TCP_FORW: name:enp0s3: saddr:16783984: daddr:100932208
[  206.625415] AAAAA-TCP_FORW: name:enp0s3: saddr:16783984: daddr:100932208
[  206.708450] AAAAA-TCP_FORW: name:enp0s3: saddr:16783984: daddr:100932208
[  206.719846] AAAAA-TCP_FORW: name:enp0s3: saddr:100932208: daddr:16783984
[  206.758801] AAAAA-TCP_FORW: name:enp0s3: saddr:100932208: daddr:16783984
[  206.820099] AAAAA-TCP_FORW: name:enp0s3: saddr:16783984: daddr:100932208
[  206.992621] AAAAA-TCP_FORW: name:enp0s3: saddr:16783984: daddr:100932208
[  207.023592] AAAAA-TCP_FORW: name:enp0s3: saddr:100932208: daddr:33561200
[  207.070469] AAAAA-TCP_FORW: name:enp0s3: saddr:100932208: daddr:33561200
[  207.100718] AAAAA-TCP_FORW: name:enp0s3: saddr:100932208: daddr:33561200
[  207.124591] AAAAA-TCP_FORW: name:enp0s3: saddr:16783984: daddr:100932208
[  207.168018] AAAAA-TCP_FORW: name:enp0s3: saddr:100932208: daddr:33561200
[  207.214212] AAAAA-TCP_FORW: name:enp0s3: saddr:100932208: daddr:33561200
[  207.273516] AAAAA-TCP_FORW: name:enp0s3: saddr:100932208: daddr:33561200
[  207.292060] AAAAA-TCP_FORW: name:enp0s3: saddr:33561200: daddr:100932208
[  207.365786] AAAAA-TCP_FORW: name:enp0s3: saddr:16783984: daddr:100932208
[  207.482694] AAAAA-TCP_FORW: name:enp0s3: saddr:100932208: daddr:33561200
[  207.573845] AAAAA-TCP_FORW: name:enp0s3: saddr:16783984: daddr:100932208
[  207.696738] AAAAA-TCP_FORW: name:enp0s3: saddr:16783984: daddr:100932208
[  207.729906] AAAAA-TCP_FORW: name:enp0s3: saddr:100932208: daddr:33561200
[  207.759712] AAAAA-TCP_FORW: name:enp0s3: saddr:33561200: daddr:100932208
[  207.839714] AAAAA-TCP_FORW: name:enp0s3: saddr:33561200: daddr:100932208
[  207.898086] AAAAA-TCP_FORW: name:enp0s3: saddr:33561200: daddr:100932208
[  207.921211] AAAAA-TCP_FORW: name:enp0s3: saddr:100932208: daddr:33561200
[  208.008474] AAAAA-TCP_FORW: name:enp0s3: saddr:33561200: daddr:100932208
[  208.097908] AAAAA-TCP_FORW: name:enp0s3: saddr:33561200: daddr:100932208
[  208.123193] AAAAA-TCP_FORW: name:enp0s3: saddr:100932208: daddr:33561200
[  208.151951] AAAAA-TCP_FORW: name:enp0s3: saddr:33561200: daddr:100932208
[  208.211987] AAAAA-TCP_FORW: name:enp0s3: saddr:100932208: daddr:33561200
[  208.278146] AAAAA-TCP_FORW: name:enp0s3: saddr:33561200: daddr:100932208
[  208.362466] AAAAA-TCP_FORW: name:enp0s3: saddr:100932208: daddr:33561200
[  208.396945] AAAAA-TCP_FORW: name:enp0s3: saddr:100932208: daddr:33561200
[  208.413717] AAAAA-TCP_FORW: name:enp0s3: saddr:33561200: daddr:100932208
[  208.497193] AAAAA-TCP_FORW: name:enp0s3: saddr:100932208: daddr:33561200
[  208.588271] AAAAA-TCP_FORW: name:enp0s3: saddr:33561200: daddr:100932208
[  208.604371] AAAAA-TCP_FORW: name:enp0s3: saddr:100932208: daddr:33561200
[  208.768086] AAAAA-TCP_FORW: name:enp0s3: saddr:100932208: daddr:33561200
[  208.857618] AAAAA-TCP_FORW: name:enp0s3: saddr:33561200: daddr:100932208
[  208.873529] AAAAA-TCP_FORW: name:enp0s3: saddr:100932208: daddr:33561200
[  208.951866] AAAAA-TCP_FORW: name:enp0s3: saddr:33561200: daddr:100932208
[  209.024458] AAAAA-TCP_FORW: name:enp0s3: saddr:33561200: daddr:100932208
[  209.086943] AAAAA-TCP_FORW: name:enp0s3: saddr:33561200: daddr:100932208
[  209.119838] AAAAA-TCP_FORW: name:enp0s3: saddr:100932208: daddr:33561200
[  209.228446] AAAAA-TCP_FORW: name:enp0s3: saddr:33561200: daddr:100932208
[  209.306842] AAAAA-TCP_FORW: name:enp0s3: saddr:100932208: daddr:16783984
[  209.326130] AAAAA-TCP_FORW: name:enp0s3: saddr:33561200: daddr:100932208
[  209.381368] AAAAA-TCP_FORW: name:enp0s3: saddr:33561200: daddr:100932208
[  209.496894] AAAAA-TCP_FORW: name:enp0s3: saddr:100932208: daddr:16783984
[  209.536174] AAAAA-TCP_FORW: name:enp0s3: saddr:33561200: daddr:100932208
[  209.617190] AAAAA-TCP_FORW: name:enp0s3: saddr:100932208: daddr:16783984
[  209.824557] AAAAA-TCP_FORW: name:enp0s3: saddr:33561200: daddr:100932208
[  209.852628] AAAAA-TCP_FORW: name:enp0s3: saddr:100932208: daddr:16783984
[  210.099349] AAAAA-TCP_FORW: name:enp0s3: saddr:100932208: daddr:16783984
[  210.390507] AAAAA-TCP_FORW: name:enp0s3: saddr:100932208: daddr:16783984
[  210.772814] AAAAA-TCP_FORW: name:enp0s3: saddr:100932208: daddr:16783984
[  210.830298] AAAAA-TCP_FORW: name:enp0s3: saddr:100932208: daddr:16783984
[  211.127864] AAAAA-TCP_FORW: name:enp0s3: saddr:100932208: daddr:16783984
[  211.298641] AAAAA-TCP_FORW: name:enp0s3: saddr:100932208: daddr:16783984
[  211.399695] AAAAA-TCP_FORW: name:enp0s3: saddr:100932208: daddr:16783984
[  211.489257] AAAAA-TCP_FORW: name:enp0s3: saddr:100932208: daddr:16783984
[  211.598099] AAAAA-TCP_FORW: name:enp0s3: saddr:100932208: daddr:16783984
[  211.689385] AAAAA-TCP_FORW: name:enp0s3: saddr:100932208: daddr:16783984
[  211.845195] AAAAA-TCP_FORW: name:enp0s3: saddr:100932208: daddr:16783984
[  212.089383] AAAAA-TCP_FORW: name:enp0s3: saddr:100932208: daddr:16783984
[  212.239101] AAAAA-TCP_FORW: name:enp0s3: saddr:100932208: daddr:16783984
[  212.385235] AAAAA-TCP_FORW: name:enp0s3: saddr:100932208: daddr:16783984
[  212.450544] AAAAA-TCP_FORW: name:enp0s3: saddr:100932208: daddr:33561200
[  212.582798] AAAAA-TCP_FORW: name:enp0s3: saddr:100932208: daddr:33561200
[  212.631205] AAAAA-TCP_FORW: name:enp0s3: saddr:100932208: daddr:33561200
[  212.706537] AAAAA-TCP_FORW: name:enp0s3: saddr:100932208: daddr:33561200
[  212.780525] AAAAA-TCP_FORW: name:enp0s3: saddr:100932208: daddr:33561200
[  212.839352] AAAAA-TCP_FORW: name:enp0s3: saddr:100932208: daddr:33561200
[  213.288411] AAAAA-TCP_FORW: name:enp0s3: saddr:100932208: daddr:33561200
[  213.351960] AAAAA-TCP_FORW: name:enp0s3: saddr:100932208: daddr:33561200
[  213.544587] AAAAA-TCP_FORW: name:enp0s3: saddr:100932208: daddr:16783984
[  213.602948] AAAAA-TCP_FORW: name:enp0s3: saddr:100932208: daddr:33561200
[  213.668369] AAAAA-TCP_FORW: name:enp0s3: saddr:100932208: daddr:16783984
[  213.748676] AAAAA-TCP_FORW: name:enp0s3: saddr:100932208: daddr:33561200
[  213.886453] AAAAA-TCP_FORW: name:enp0s3: saddr:100932208: daddr:33561200
[  214.013700] AAAAA-TCP_FORW: name:enp0s3: saddr:100932208: daddr:33561200
[  214.157582] AAAAA-TCP_FORW: name:enp0s3: saddr:100932208: daddr:33561200
[  214.260861] AAAAA-TCP_FORW: name:enp0s3: saddr:100932208: daddr:33561200
[  214.536088] AAAAA-TCP_FORW: name:enp0s3: saddr:100932208: daddr:33561200
[  214.626521] AAAAA-TCP_FORW: name:enp0s3: saddr:100932208: daddr:16783984
[  214.729545] AAAAA-TCP_FORW: name:enp0s3: saddr:100932208: daddr:33561200
[  214.747089] AAAAA-TCP_FORW: name:enp0s3: saddr:100932208: daddr:16783984
[  214.996621] AAAAA-TCP_FORW: name:enp0s3: saddr:100932208: daddr:16783984
[  215.056455] AAAAA-TCP_FORW: name:enp0s3: saddr:100932208: daddr:16783984
[  215.232320] AAAAA-TCP_FORW: name:enp0s3: saddr:100932208: daddr:33561200
[  215.459197] AAAAA-TCP_FORW: name:enp0s3: saddr:100932208: daddr:33561200
[  215.510369] AAAAA-TCP_FORW: name:enp0s3: saddr:100932208: daddr:33561200
[  215.623598] AAAAA-TCP_FORW: name:enp0s3: saddr:100932208: daddr:33561200
[  215.724036] AAAAA-TCP_FORW: name:enp0s3: saddr:100932208: daddr:16783984
[  215.831106] AAAAA-TCP_FORW: name:enp0s3: saddr:100932208: daddr:16783984
[  235.063336] AAAAA-TCP_FORW: name:enp0s3: saddr:100932208: daddr:16783984
[  235.174246] AAAAA-TCP_FORW: name:enp0s3: saddr:100932208: daddr:33561200
[  235.256104] AAAAA-TCP_FORW: name:enp0s3: saddr:100932208: daddr:33561200
[  235.355246] AAAAA-TCP_FORW: name:enp0s3: saddr:100932208: daddr:33561200
[  235.472735] AAAAA-TCP_FORW: name:enp0s3: saddr:100932208: daddr:33561200
[  235.519260] AAAAA-TCP_FORW: name:enp0s3: saddr:100932208: daddr:33561200
[  235.659715] AAAAA-TCP_FORW: name:enp0s3: saddr:100932208: daddr:33561200
[  235.758957] AAAAA-TCP_FORW: name:enp0s3: saddr:100932208: daddr:33561200
[  235.921401] AAAAA-TCP_FORW: name:enp0s3: saddr:100932208: daddr:33561200
[  236.031951] AAAAA-TCP_FORW: name:enp0s3: saddr:100932208: daddr:33561200
[  236.167623] AAAAA-TCP_FORW: name:enp0s3: saddr:100932208: daddr:33561200
[  236.423482] AAAAA-TCP_FORW: name:enp0s3: saddr:100932208: daddr:33561200
[  236.612310] AAAAA-TCP_FORW: name:enp0s3: saddr:100932208: daddr:33561200
[  236.778117] AAAAA-TCP_FORW: name:enp0s3: saddr:100932208: daddr:33561200
[  236.905792] AAAAA-TCP_FORW: name:enp0s3: saddr:100932208: daddr:33561200
[  237.032899] AAAAA-TCP_FORW: name:enp0s3: saddr:100932208: daddr:33561200
[  237.077537] AAAAA-TCP_FORW: name:enp0s3: saddr:100932208: daddr:33561200
[  237.169161] AAAAA-TCP_FORW: name:enp0s3: saddr:100932208: daddr:33561200
[  237.298450] AAAAA-TCP_FORW: name:enp0s3: saddr:100932208: daddr:33561200
[  237.447890] AAAAA-TCP_FORW: name:enp0s3: saddr:100932208: daddr:33561200
[  237.568381] AAAAA-TCP_FORW: name:enp0s3: saddr:100932208: daddr:16783984
[  237.785867] AAAAA-TCP_FORW: name:enp0s3: saddr:100932208: daddr:16783984
[  237.897603] AAAAA-TCP_FORW: name:enp0s3: saddr:100932208: daddr:16783984
[  238.009740] AAAAA-TCP_FORW: name:enp0s3: saddr:100932208: daddr:33561200
[  238.122675] AAAAA-TCP_FORW: name:enp0s3: saddr:100932208: daddr:33561200
[  238.267372] AAAAA-TCP_FORW: name:enp0s3: saddr:100932208: daddr:16783984
[  238.422371] AAAAA-TCP_FORW: name:enp0s3: saddr:100932208: daddr:33561200
[  238.552519] AAAAA-TCP_FORW: name:enp0s3: saddr:100932208: daddr:33561200
[  238.824028] AAAAA-TCP_FORW: name:enp0s3: saddr:100932208: daddr:33561200
[  238.950615] AAAAA-TCP_FORW: name:enp0s3: saddr:100932208: daddr:33561200
[  239.207132] AAAAA-TCP_FORW: name:enp0s3: saddr:100932208: daddr:33561200
[  239.347846] AAAAA-TCP_FORW: name:enp0s3: saddr:100932208: daddr:33561200
[  239.595777] AAAAA-TCP_FORW: name:enp0s3: saddr:100932208: daddr:33561200
[  239.689297] AAAAA-TCP_FORW: name:enp0s3: saddr:100932208: daddr:33561200
[  239.933789] AAAAA-TCP_FORW: name:enp0s3: saddr:100932208: daddr:33561200
[  240.045937] AAAAA-TCP_FORW: name:enp0s3: saddr:100932208: daddr:33561200
[  240.107002] AAAAA-TCP_FORW: name:enp0s3: saddr:100932208: daddr:33561200
[  240.246671] AAAAA-TCP_FORW: name:enp0s3: saddr:100932208: daddr:33561200
[  240.304333] AAAAA-TCP_FORW: name:enp0s3: saddr:100932208: daddr:33561200
[  240.371257] AAAAA-TCP_FORW: name:enp0s3: saddr:100932208: daddr:33561200
[  240.478651] AAAAA-TCP_FORW: name:enp0s3: saddr:100932208: daddr:33561200
[  240.807865] AAAAA-TCP_FORW: name:enp0s3: saddr:100932208: daddr:33561200
[  240.954711] AAAAA-TCP_FORW: name:enp0s3: saddr:100932208: daddr:33561200
[  241.208372] AAAAA-TCP_FORW: name:enp0s3: saddr:100932208: daddr:16783984
[  241.377553] AAAAA-TCP_FORW: name:enp0s3: saddr:100932208: daddr:16783984
[  241.501253] AAAAA-TCP_FORW: name:enp0s3: saddr:100932208: daddr:16783984
[  241.664429] AAAAA-TCP_FORW: name:enp0s3: saddr:100932208: daddr:33561200
[  241.756662] AAAAA-TCP_FORW: name:enp0s3: saddr:100932208: daddr:33561200
[  241.996957] AAAAA-TCP_FORW: name:enp0s3: saddr:100932208: daddr:33561200
[  242.170806] AAAAA-TCP_FORW: name:enp0s3: saddr:100932208: daddr:16783984
[  242.282665] AAAAA-TCP_FORW: name:enp0s3: saddr:100932208: daddr:16783984
[  242.368335] AAAAA-TCP_FORW: name:enp0s3: saddr:100932208: daddr:16783984
[  242.432101] AAAAA-TCP_FORW: name:enp0s3: saddr:100932208: daddr:16783984
[  242.537173] AAAAA-TCP_FORW: name:enp0s3: saddr:100932208: daddr:33561200
[  242.639430] AAAAA-TCP_FORW: name:enp0s3: saddr:100932208: daddr:33561200
[  242.910336] AAAAA-TCP_FORW: name:enp0s3: saddr:100932208: daddr:33561200
[  243.019258] AAAAA-TCP_FORW: name:enp0s3: saddr:100932208: daddr:33561200
[  243.117633] AAAAA-TCP_FORW: name:enp0s3: saddr:100932208: daddr:33561200
[  243.180881] AAAAA-TCP_FORW: name:enp0s3: saddr:100932208: daddr:33561200
[  243.273199] AAAAA-TCP_FORW: name:enp0s3: saddr:100932208: daddr:33561200
[  243.360549] AAAAA-TCP_FORW: name:enp0s3: saddr:100932208: daddr:33561200
[  243.409714] AAAAA-TCP_FORW: name:enp0s3: saddr:100932208: daddr:33561200
[  243.494690] AAAAA-TCP_FORW: name:enp0s3: saddr:100932208: daddr:33561200
[  243.568813] AAAAA-TCP_FORW: name:enp0s3: saddr:100932208: daddr:33561200
[  243.646589] AAAAA-TCP_FORW: name:enp0s3: saddr:100932208: daddr:33561200
[  243.696492] AAAAA-TCP_FORW: name:enp0s3: saddr:100932208: daddr:33561200
[  243.751277] AAAAA-TCP_FORW: name:enp0s3: saddr:100932208: daddr:33561200
[  243.844575] AAAAA-TCP_FORW: name:enp0s3: saddr:100932208: daddr:33561200
[  243.906616] AAAAA-TCP_FORW: name:enp0s3: saddr:100932208: daddr:33561200
[  244.025093] AAAAA-TCP_FORW: name:enp0s3: saddr:100932208: daddr:33561200
[  244.061454] AAAAA-TCP_FORW: name:enp0s3: saddr:100932208: daddr:33561200
[  244.124477] AAAAA-TCP_FORW: name:enp0s3: saddr:100932208: daddr:33561200
[  244.187158] AAAAA-TCP_FORW: name:enp0s3: saddr:100932208: daddr:16783984
[  244.272196] AAAAA-TCP_FORW: name:enp0s3: saddr:100932208: daddr:16783984
[  244.329165] AAAAA-TCP_FORW: name:enp0s3: saddr:100932208: daddr:33561200
[  244.401817] AAAAA-TCP_FORW: name:enp0s3: saddr:100932208: daddr:33561200
[  244.576492] AAAAA-TCP_FORW: name:enp0s3: saddr:100932208: daddr:16783984
[  244.623360] AAAAA-TCP_FORW: name:enp0s3: saddr:100932208: daddr:16783984
[  244.744115] AAAAA-TCP_FORW: name:enp0s3: saddr:100932208: daddr:16783984
[  244.794022] AAAAA-TCP_FORW: name:enp0s3: saddr:100932208: daddr:33561200
[  244.886669] AAAAA-TCP_FORW: name:enp0s3: saddr:100932208: daddr:33561200
[  244.992871] AAAAA-TCP_FORW: name:enp0s3: saddr:100932208: daddr:16783984
[  245.060317] AAAAA-TCP_FORW: name:enp0s3: saddr:100932208: daddr:33561200
[  245.174670] AAAAA-TCP_FORW: name:enp0s3: saddr:100932208: daddr:33561200
[  245.203285] AAAAA-TCP_FORW: name:enp0s3: saddr:100932208: daddr:33561200
[  245.330634] AAAAA-TCP_FORW: name:enp0s3: saddr:100932208: daddr:33561200
[  245.365658] AAAAA-TCP_FORW: name:enp0s3: saddr:100932208: daddr:33561200
[  245.508260] AAAAA-TCP_FORW: name:enp0s3: saddr:100932208: daddr:33561200
[  245.608667] AAAAA-TCP_FORW: name:enp0s3: saddr:100932208: daddr:33561200
[  245.717424] AAAAA-TCP_FORW: name:enp0s3: saddr:100932208: daddr:33561200
[  245.815765] AAAAA-TCP_FORW: name:enp0s3: saddr:100932208: daddr:33561200
[  246.022056] AAAAA-TCP_FORW: name:enp0s3: saddr:100932208: daddr:33561200
[  246.099648] AAAAA-TCP_FORW: name:enp0s3: saddr:100932208: daddr:33561200
[  246.177105] AAAAA-TCP_FORW: name:enp0s3: saddr:100932208: daddr:33561200
[  246.263696] AAAAA-TCP_FORW: name:enp0s3: saddr:100932208: daddr:33561200
[  279.470224] AAAAA-TCP_FORW: name:enp0s3: saddr:100932208: daddr:33561200
[  279.641932] AAAAA-TCP_FORW: name:enp0s3: saddr:100932208: daddr:16783984
[  283.047073] AAAAA-TCP_FORW: name:enp0s3: saddr:100932208: daddr:33561200
[  283.567045] AAAAA-TCP_FORW: name:enp0s3: saddr:100932208: daddr:16783984
[  283.781508] AAAAA-TCP_FORW: name:enp0s3: saddr:100932208: daddr:16783984
[  284.158219] AAAAA-TCP_FORW: name:enp0s3: saddr:100932208: daddr:16783984
[  284.260040] AAAAA-TCP_FORW: name:enp0s3: saddr:100932208: daddr:16783984
[  284.507603] AAAAA-TCP_FORW: name:enp0s3: saddr:100932208: daddr:33561200
[  284.630000] AAAAA-TCP_FORW: name:enp0s3: saddr:100932208: daddr:16783984
[  284.738621] AAAAA-TCP_FORW: name:enp0s3: saddr:100932208: daddr:16783984
[  284.975853] AAAAA-TCP_FORW: name:enp0s3: saddr:100932208: daddr:16783984
[  285.088257] AAAAA-TCP_FORW: name:enp0s3: saddr:100932208: daddr:16783984
[  285.257822] AAAAA-TCP_FORW: name:enp0s3: saddr:100932208: daddr:16783984
[  285.401480] AAAAA-TCP_FORW: name:enp0s3: saddr:100932208: daddr:16783984
[  285.532648] AAAAA-TCP_FORW: name:enp0s3: saddr:100932208: daddr:16783984
[  285.632656] AAAAA-TCP_FORW: name:enp0s3: saddr:100932208: daddr:16783984
[  285.768007] AAAAA-TCP_FORW: name:enp0s3: saddr:100932208: daddr:16783984
[  285.900105] AAAAA-TCP_FORW: name:enp0s3: saddr:100932208: daddr:16783984
[  286.091733] AAAAA-TCP_FORW: name:enp0s3: saddr:100932208: daddr:16783984
[  291.890972] AAAAA-TCP_FORW: name:enp0s3: saddr:100932208: daddr:16783984
[  292.038897] AAAAA-TCP_FORW: name:enp0s3: saddr:100932208: daddr:16783984
[  292.207786] AAAAA-TCP_FORW: name:enp0s3: saddr:100932208: daddr:16783984
[  292.261398] AAAAA-TCP_FORW: name:enp0s3: saddr:100932208: daddr:16783984
[  292.421581] AAAAA-TCP_FORW: name:enp0s3: saddr:100932208: daddr:16783984
[  292.637711] AAAAA-TCP_FORW: name:enp0s3: saddr:100932208: daddr:16783984
[  292.850178] AAAAA-TCP_FORW: name:enp0s3: saddr:100932208: daddr:16783984
[  293.067480] AAAAA-TCP_FORW: name:enp0s3: saddr:100932208: daddr:16783984
[  300.718570] AAAAA-TCP_FORW: name:enp0s3: saddr:100932208: daddr:16783984
[  300.838775] AAAAA-TCP_FORW: name:enp0s3: saddr:100932208: daddr:16783984
[  301.062750] AAAAA-TCP_FORW: name:enp0s3: saddr:100932208: daddr:16783984
[  301.132433] AAAAA-TCP_FORW: name:enp0s3: saddr:100932208: daddr:16783984
[  301.373445] AAAAA-TCP_FORW: name:enp0s3: saddr:100932208: daddr:16783984
[  301.589008] AAAAA-TCP_FORW: name:enp0s3: saddr:100932208: daddr:16783984
[  301.910289] AAAAA-TCP_FORW: name:enp0s3: saddr:100932208: daddr:16783984
[  302.060094] AAAAA-TCP_FORW: name:enp0s3: saddr:100932208: daddr:16783984
[  302.273817] AAAAA-TCP_FORW: name:enp0s3: saddr:100932208: daddr:16783984
[  302.500651] AAAAA-TCP_FORW: name:enp0s3: saddr:100932208: daddr:16783984
[  302.721717] AAAAA-TCP_FORW: name:enp0s3: saddr:100932208: daddr:16783984
[  302.955566] AAAAA-TCP_FORW: name:enp0s3: saddr:100932208: daddr:16783984
[  303.169960] AAAAA-TCP_FORW: name:enp0s3: saddr:100932208: daddr:16783984
[  303.395316] AAAAA-TCP_FORW: name:enp0s3: saddr:100932208: daddr:16783984
[  303.671663] AAAAA-TCP_FORW: name:enp0s3: saddr:100932208: daddr:16783984
[  305.258083] AAAAA-TCP_FORW: name:enp0s3: saddr:100932208: daddr:16783984
[  305.298876] AAAAA-TCP_FORW: name:enp0s3: saddr:16783984: daddr:100932208
[  305.663768] AAAAA-TCP_FORW: name:enp0s3: saddr:100932208: daddr:16783984
[  305.700093] AAAAA-TCP_FORW: name:enp0s3: saddr:16783984: daddr:100932208
[  305.838907] AAAAA-TCP_FORW: name:enp0s3: saddr:100932208: daddr:33561200
[  305.866498] AAAAA-TCP_FORW: name:enp0s3: saddr:33561200: daddr:100932208
[  305.899820] AAAAA-TCP_FORW: name:enp0s3: saddr:100932208: daddr:16783984
[  306.079370] AAAAA-TCP_FORW: name:enp0s3: saddr:100932208: daddr:16783984
[  306.107214] AAAAA-TCP_FORW: name:enp0s3: saddr:16783984: daddr:100932208
[  306.208647] AAAAA-TCP_FORW: name:enp0s3: saddr:16783984: daddr:100932208
[  306.380165] AAAAA-TCP_FORW: name:enp0s3: saddr:100932208: daddr:16783984
[  306.465764] AAAAA-TCP_FORW: name:enp0s3: saddr:100932208: daddr:33561200
[  306.557940] AAAAA-TCP_FORW: name:enp0s3: saddr:16783984: daddr:100932208
[  306.632288] AAAAA-TCP_FORW: name:enp0s3: saddr:100932208: daddr:16783984
[  306.654372] AAAAA-TCP_FORW: name:enp0s3: saddr:33561200: daddr:100932208
[  306.766704] AAAAA-TCP_FORW: name:enp0s3: saddr:16783984: daddr:100932208
[  306.813675] AAAAA-TCP_FORW: name:enp0s3: saddr:100932208: daddr:16783984
[  306.933392] AAAAA-TCP_FORW: name:enp0s3: saddr:16783984: daddr:100932208
[  307.033972] AAAAA-TCP_FORW: name:enp0s3: saddr:100932208: daddr:33561200
[  307.083210] AAAAA-TCP_FORW: name:enp0s3: saddr:100932208: daddr:33561200
[  307.143869] AAAAA-TCP_FORW: name:enp0s3: saddr:100932208: daddr:33561200
[  307.161788] AAAAA-TCP_FORW: name:enp0s3: saddr:33561200: daddr:100932208
[  307.202573] AAAAA-TCP_FORW: name:enp0s3: saddr:33561200: daddr:100932208
[  307.276552] AAAAA-TCP_FORW: name:enp0s3: saddr:33561200: daddr:100932208
[  307.360244] AAAAA-TCP_FORW: name:enp0s3: saddr:100932208: daddr:33561200
[  307.398401] AAAAA-TCP_FORW: name:enp0s3: saddr:100932208: daddr:33561200
[  307.462896] AAAAA-TCP_FORW: name:enp0s3: saddr:100932208: daddr:33561200
[  307.490264] AAAAA-TCP_FORW: name:enp0s3: saddr:33561200: daddr:100932208
[  307.544281] AAAAA-TCP_FORW: name:enp0s3: saddr:100932208: daddr:33561200
[  307.568463] AAAAA-TCP_FORW: name:enp0s3: saddr:33561200: daddr:100932208
[  307.607631] AAAAA-TCP_FORW: name:enp0s3: saddr:33561200: daddr:100932208
[  307.653867] AAAAA-TCP_FORW: name:enp0s3: saddr:100932208: daddr:33561200
[  307.799369] AAAAA-TCP_FORW: name:enp0s3: saddr:33561200: daddr:100932208
[  307.877709] AAAAA-TCP_FORW: name:enp0s3: saddr:100932208: daddr:33561200
[  308.010426] AAAAA-TCP_FORW: name:enp0s3: saddr:33561200: daddr:100932208
[  308.031842] AAAAA-TCP_FORW: name:enp0s3: saddr:100932208: daddr:33561200
[  308.141344] AAAAA-TCP_FORW: name:enp0s3: saddr:100932208: daddr:33561200
[  308.191535] AAAAA-TCP_FORW: name:enp0s3: saddr:33561200: daddr:100932208
[  308.204822] AAAAA-TCP_FORW: name:enp0s3: saddr:100932208: daddr:33561200
[  308.251398] AAAAA-TCP_FORW: name:enp0s3: saddr:100932208: daddr:33561200
[  308.309153] AAAAA-TCP_FORW: name:enp0s3: saddr:100932208: daddr:33561200
[  308.329178] AAAAA-TCP_FORW: name:enp0s3: saddr:33561200: daddr:100932208
[  308.389059] AAAAA-TCP_FORW: name:enp0s3: saddr:33561200: daddr:100932208
[  308.490933] AAAAA-TCP_FORW: name:enp0s3: saddr:33561200: daddr:100932208
[  308.514298] AAAAA-TCP_FORW: name:enp0s3: saddr:100932208: daddr:33561200
[  308.530159] AAAAA-TCP_FORW: name:enp0s3: saddr:33561200: daddr:100932208
[  308.597391] AAAAA-TCP_FORW: name:enp0s3: saddr:33561200: daddr:100932208
[  308.686765] AAAAA-TCP_FORW: name:enp0s3: saddr:100932208: daddr:33561200
[  308.835969] AAAAA-TCP_FORW: name:enp0s3: saddr:33561200: daddr:100932208
[  308.954400] AAAAA-TCP_FORW: name:enp0s3: saddr:100932208: daddr:16783984
[  309.082119] AAAAA-TCP_FORW: name:enp0s3: saddr:100932208: daddr:33561200
[  309.131327] AAAAA-TCP_FORW: name:enp0s3: saddr:33561200: daddr:100932208
[  309.190449] AAAAA-TCP_FORW: name:enp0s3: saddr:100932208: daddr:33561200
[  309.273661] AAAAA-TCP_FORW: name:enp0s3: saddr:100932208: daddr:33561200
[  309.406159] AAAAA-TCP_FORW: name:enp0s3: saddr:16783984: daddr:100932208
[  309.495839] AAAAA-TCP_FORW: name:enp0s3: saddr:33561200: daddr:100932208
[  309.612817] AAAAA-TCP_FORW: name:enp0s3: saddr:100932208: daddr:33561200
[  309.667666] AAAAA-TCP_FORW: name:enp0s3: saddr:33561200: daddr:100932208
[  309.720725] AAAAA-TCP_FORW: name:enp0s3: saddr:100932208: daddr:33561200
[  309.782238] AAAAA-TCP_FORW: name:enp0s3: saddr:100932208: daddr:33561200
[  309.795916] AAAAA-TCP_FORW: name:enp0s3: saddr:33561200: daddr:100932208
[  309.881862] AAAAA-TCP_FORW: name:enp0s3: saddr:100932208: daddr:33561200
[  309.965530] AAAAA-TCP_FORW: name:enp0s3: saddr:100932208: daddr:33561200
[  310.027914] AAAAA-TCP_FORW: name:enp0s3: saddr:100932208: daddr:33561200
[  310.114675] AAAAA-TCP_FORW: name:enp0s3: saddr:33561200: daddr:100932208
[  310.149107] AAAAA-TCP_FORW: name:enp0s3: saddr:100932208: daddr:33561200
[  310.185310] AAAAA-TCP_FORW: name:enp0s3: saddr:100932208: daddr:33561200
[  310.223138] AAAAA-TCP_FORW: name:enp0s3: saddr:100932208: daddr:33561200
[  310.242110] AAAAA-TCP_FORW: name:enp0s3: saddr:33561200: daddr:100932208
[  310.268934] AAAAA-TCP_FORW: name:enp0s3: saddr:100932208: daddr:33561200
[  310.341701] AAAAA-TCP_FORW: name:enp0s3: saddr:100932208: daddr:33561200
[  310.366058] AAAAA-TCP_FORW: name:enp0s3: saddr:33561200: daddr:100932208
[  310.393941] AAAAA-TCP_FORW: name:enp0s3: saddr:100932208: daddr:33561200
[  310.587150] AAAAA-TCP_FORW: name:enp0s3: saddr:100932208: daddr:33561200
[  310.610928] AAAAA-TCP_FORW: name:enp0s3: saddr:33561200: daddr:100932208
[  310.755220] AAAAA-TCP_FORW: name:enp0s3: saddr:100932208: daddr:33561200
[  310.796907] AAAAA-TCP_FORW: name:enp0s3: saddr:33561200: daddr:100932208
[  310.813522] AAAAA-TCP_FORW: name:enp0s3: saddr:100932208: daddr:33561200
[  310.887450] AAAAA-TCP_FORW: name:enp0s3: saddr:100932208: daddr:33561200
[  310.933367] AAAAA-TCP_FORW: name:enp0s3: saddr:33561200: daddr:100932208
[  311.029583] AAAAA-TCP_FORW: name:enp0s3: saddr:100932208: daddr:16783984
[  311.076870] AAAAA-TCP_FORW: name:enp0s3: saddr:100932208: daddr:16783984
[  311.115218] AAAAA-TCP_FORW: name:enp0s3: saddr:100932208: daddr:16783984
[  311.183403] AAAAA-TCP_FORW: name:enp0s3: saddr:33561200: daddr:100932208
[  311.186113] AAAAA-TCP_FORW: name:enp0s3: saddr:100932208: daddr:33561200
[  311.223163] AAAAA-TCP_FORW: name:enp0s3: saddr:100932208: daddr:16783984
[  311.276915] AAAAA-TCP_FORW: name:enp0s3: saddr:100932208: daddr:33561200
[  311.300687] AAAAA-TCP_FORW: name:enp0s3: saddr:100932208: daddr:33561200
[  311.313809] AAAAA-TCP_FORW: name:enp0s3: saddr:33561200: daddr:100932208
[  311.393917] AAAAA-TCP_FORW: name:enp0s3: saddr:100932208: daddr:16783984
[  311.418791] AAAAA-TCP_FORW: name:enp0s3: saddr:16783984: daddr:100932208
[  311.477126] AAAAA-TCP_FORW: name:enp0s3: saddr:16783984: daddr:100932208
[  311.493367] AAAAA-TCP_FORW: name:enp0s3: saddr:100932208: daddr:16783984
[  311.522647] AAAAA-TCP_FORW: name:enp0s3: saddr:100932208: daddr:33561200
[  311.557115] AAAAA-TCP_FORW: name:enp0s3: saddr:16783984: daddr:100932208
[  311.584635] AAAAA-TCP_FORW: name:enp0s3: saddr:100932208: daddr:16783984
[  311.629743] AAAAA-TCP_FORW: name:enp0s3: saddr:100932208: daddr:33561200
[  311.693655] AAAAA-TCP_FORW: name:enp0s3: saddr:16783984: daddr:100932208
[  311.715195] AAAAA-TCP_FORW: name:enp0s3: saddr:100932208: daddr:33561200
[  311.741763] AAAAA-TCP_FORW: name:enp0s3: saddr:33561200: daddr:100932208
[  311.800221] AAAAA-TCP_FORW: name:enp0s3: saddr:100932208: daddr:33561200
[  311.838223] AAAAA-TCP_FORW: name:enp0s3: saddr:100932208: daddr:33561200
[  311.881020] AAAAA-TCP_FORW: name:enp0s3: saddr:16783984: daddr:100932208
[  311.931426] AAAAA-TCP_FORW: name:enp0s3: saddr:33561200: daddr:100932208
[  311.964246] AAAAA-TCP_FORW: name:enp0s3: saddr:100932208: daddr:33561200
[  312.003737] AAAAA-TCP_FORW: name:enp0s3: saddr:100932208: daddr:33561200
[  312.081890] AAAAA-TCP_FORW: name:enp0s3: saddr:16783984: daddr:100932208
[  312.211874] AAAAA-TCP_FORW: name:enp0s3: saddr:16783984: daddr:100932208
[  312.265767] AAAAA-TCP_FORW: name:enp0s3: saddr:33561200: daddr:100932208
[  312.492317] AAAAA-TCP_FORW: name:enp0s3: saddr:33561200: daddr:100932208
[  312.731098] AAAAA-TCP_FORW: name:enp0s3: saddr:33561200: daddr:100932208
[  312.945575] AAAAA-TCP_FORW: name:enp0s3: saddr:33561200: daddr:100932208
[  321.234878] AAAAA-TCP_FORW: name:enp0s3: saddr:33561200: daddr:100932208
[  321.569439] AAAAA-TCP_FORW: name:enp0s3: saddr:33561200: daddr:100932208
[  321.807592] AAAAA-TCP_FORW: name:enp0s3: saddr:33561200: daddr:100932208
[  322.063272] AAAAA-TCP_FORW: name:enp0s3: saddr:33561200: daddr:100932208
[  322.208276] AAAAA-TCP_FORW: name:enp0s3: saddr:33561200: daddr:100932208
[  322.439514] AAAAA-TCP_FORW: name:enp0s3: saddr:33561200: daddr:100932208
[  322.569547] AAAAA-TCP_FORW: name:enp0s3: saddr:33561200: daddr:100932208
[  322.669537] AAAAA-TCP_FORW: name:enp0s3: saddr:33561200: daddr:100932208
[  322.782558] AAAAA-TCP_FORW: name:enp0s3: saddr:33561200: daddr:100932208
[  323.853992] AAAAA-TCP_FORW: name:enp0s3: saddr:33561200: daddr:100932208
[  324.040296] AAAAA-TCP_FORW: name:enp0s3: saddr:33561200: daddr:100932208
[  324.205143] AAAAA-TCP_FORW: name:enp0s3: saddr:33561200: daddr:100932208
[  324.352596] AAAAA-TCP_FORW: name:enp0s3: saddr:33561200: daddr:100932208
[  325.024905] AAAAA-TCP_FORW: name:enp0s3: saddr:33561200: daddr:100932208
[  325.557142] AAAAA-TCP_FORW: name:enp0s3: saddr:33561200: daddr:100932208
[  325.723066] AAAAA-TCP_FORW: name:enp0s3: saddr:33561200: daddr:100932208
[  325.867951] AAAAA-TCP_FORW: name:enp0s3: saddr:33561200: daddr:100932208
[  326.650089] AAAAA-TCP_FORW: name:enp0s3: saddr:33561200: daddr:100932208
[  326.770507] AAAAA-TCP_FORW: name:enp0s3: saddr:33561200: daddr:100932208
[  326.915222] AAAAA-TCP_FORW: name:enp0s3: saddr:33561200: daddr:100932208
[  332.388341] AAAAA-TCP_FORW: name:enp0s3: saddr:16783984: daddr:100932208
[  332.820859] AAAAA-TCP_FORW: name:enp0s3: saddr:33561200: daddr:100932208
[  332.866866] AAAAA-TCP_FORW: name:enp0s3: saddr:16783984: daddr:100932208
[  333.115562] AAAAA-TCP_FORW: name:enp0s3: saddr:16783984: daddr:100932208
[  333.222720] AAAAA-TCP_FORW: name:enp0s3: saddr:33561200: daddr:100932208
[  333.630251] AAAAA-TCP_FORW: name:enp0s3: saddr:16783984: daddr:100932208
[  333.736110] AAAAA-TCP_FORW: name:enp0s3: saddr:33561200: daddr:100932208
[  334.292058] AAAAA-TCP_FORW: name:enp0s3: saddr:33561200: daddr:100932208
[  334.579767] AAAAA-TCP_FORW: name:enp0s3: saddr:16783984: daddr:100932208
[  334.769716] AAAAA-TCP_FORW: name:enp0s3: saddr:33561200: daddr:100932208
[  335.062866] AAAAA-TCP_FORW: name:enp0s3: saddr:33561200: daddr:100932208
[  335.312779] AAAAA-TCP_FORW: name:enp0s3: saddr:16783984: daddr:100932208
[  335.773133] AAAAA-TCP_FORW: name:enp0s3: saddr:33561200: daddr:100932208
[  335.954755] AAAAA-TCP_FORW: name:enp0s3: saddr:33561200: daddr:100932208
[  336.792433] AAAAA-TCP_FORW: name:enp0s3: saddr:16783984: daddr:100932208
[  336.837886] AAAAA-TCP_FORW: name:enp0s3: saddr:33561200: daddr:100932208
[  337.652572] AAAAA-TCP_FORW: name:enp0s3: saddr:16783984: daddr:100932208
[  337.760221] AAAAA-TCP_FORW: name:enp0s3: saddr:16783984: daddr:100932208
[  337.986638] AAAAA-TCP_FORW: name:enp0s3: saddr:33561200: daddr:100932208
[  338.202814] AAAAA-TCP_FORW: name:enp0s3: saddr:33561200: daddr:100932208
[  338.344988] AAAAA-TCP_FORW: name:enp0s3: saddr:16783984: daddr:100932208
[  338.994810] AAAAA-TCP_FORW: name:enp0s3: saddr:16783984: daddr:100932208
[  339.068741] AAAAA-TCP_FORW: name:enp0s3: saddr:16783984: daddr:100932208
[  339.151462] AAAAA-TCP_FORW: name:enp0s3: saddr:16783984: daddr:100932208
[  339.309368] AAAAA-TCP_FORW: name:enp0s3: saddr:16783984: daddr:100932208
[  339.393436] AAAAA-TCP_FORW: name:enp0s3: saddr:16783984: daddr:100932208
[  339.480171] AAAAA-TCP_FORW: name:enp0s3: saddr:16783984: daddr:100932208
[  339.573940] AAAAA-TCP_FORW: name:enp0s3: saddr:33561200: daddr:100932208
[  339.637795] AAAAA-TCP_FORW: name:enp0s3: saddr:33561200: daddr:100932208
[  339.709583] AAAAA-TCP_FORW: name:enp0s3: saddr:16783984: daddr:100932208
[  479.238593] rfkill: input handler enabled
[  487.920164] rfkill: input handler disabled
[  708.320098] device enp0s3 left promiscuous mode
