[    0.000000] Linux version 5.4.243-mptcp (root@ztg) (gcc version 12.2.0 (Debian 12.2.0-14+deb12u1)) #53 SMP Wed Dec 24 23:28:15 CST 2025
[    0.000000] Command line: BOOT_IMAGE=/boot/vmlinuz-5.4.243-mptcp root=UUID=98415a12-53b7-4144-8265-0f7ece09e445 ro quiet splash
[    0.000000] KERNEL supported cpus:
[    0.000000]   Intel GenuineIntel
[    0.000000]   AMD AuthenticAMD
[    0.000000]   Hygon HygonGenuine
[    0.000000]   Centaur CentaurHauls
[    0.000000]   zhaoxin   Shanghai  
[    0.000000] x86/fpu: Supporting XSAVE feature 0x001: 'x87 floating point registers'
[    0.000000] x86/fpu: Supporting XSAVE feature 0x002: 'SSE registers'
[    0.000000] x86/fpu: Supporting XSAVE feature 0x004: 'AVX registers'
[    0.000000] x86/fpu: xstate_offset[2]:  576, xstate_sizes[2]:  256
[    0.000000] x86/fpu: Enabled xstate features 0x7, context size is 832 bytes, using 'standard' format.
[    0.000000] BIOS-provided physical RAM map:
[    0.000000] BIOS-e820: [mem 0x0000000000000000-0x000000000009fbff] usable
[    0.000000] BIOS-e820: [mem 0x000000000009fc00-0x000000000009ffff] reserved
[    0.000000] BIOS-e820: [mem 0x00000000000f0000-0x00000000000fffff] reserved
[    0.000000] BIOS-e820: [mem 0x0000000000100000-0x000000007ffeffff] usable
[    0.000000] BIOS-e820: [mem 0x000000007fff0000-0x000000007fffffff] ACPI data
[    0.000000] BIOS-e820: [mem 0x00000000fec00000-0x00000000fec00fff] reserved
[    0.000000] BIOS-e820: [mem 0x00000000fee00000-0x00000000fee00fff] reserved
[    0.000000] BIOS-e820: [mem 0x00000000fffc0000-0x00000000ffffffff] reserved
[    0.000000] NX (Execute Disable) protection: active
[    0.000000] SMBIOS 2.5 present.
[    0.000000] DMI: innotek GmbH VirtualBox/VirtualBox, BIOS VirtualBox 12/01/2006
[    0.000000] Hypervisor detected: KVM
[    0.000000] kvm-clock: Using msrs 4b564d01 and 4b564d00
[    0.000000] kvm-clock: cpu 0, msr 24001001, primary cpu clock
[    0.000000] kvm-clock: using sched offset of 4444778088 cycles
[    0.000003] clocksource: kvm-clock: mask: 0xffffffffffffffff max_cycles: 0x1cd42e4dffb, max_idle_ns: 881590591483 ns
[    0.000006] tsc: Detected 2100.000 MHz processor
[    0.001978] e820: update [mem 0x00000000-0x00000fff] usable ==> reserved
[    0.001980] e820: remove [mem 0x000a0000-0x000fffff] usable
[    0.001985] last_pfn = 0x7fff0 max_arch_pfn = 0x400000000
[    0.002053] MTRR default type: uncachable
[    0.002054] MTRR fixed ranges enabled:
[    0.002056]   00000-9FFFF write-back
[    0.002057]   A0000-BFFFF uncachable
[    0.002057]   C0000-FFFFF write-protect
[    0.002058] MTRR variable ranges enabled:
[    0.002060]   0 base 000000000000 mask 3FFF80000000 write-back
[    0.002060]   1 disabled
[    0.002061]   2 disabled
[    0.002061]   3 disabled
[    0.002062]   4 disabled
[    0.002062]   5 disabled
[    0.002062]   6 disabled
[    0.002063]   7 disabled
[    0.002063]   8 disabled
[    0.002064]   9 disabled
[    0.002064]   10 disabled
[    0.002065]   11 disabled
[    0.002065]   12 disabled
[    0.002066]   13 disabled
[    0.002066]   14 disabled
[    0.002067]   15 disabled
[    0.002083] x86/PAT: Configuration [0-7]: WB  WC  UC- UC  WB  WP  UC- WT  
[    0.002217] found SMP MP-table at [mem 0x0009fff0-0x0009ffff]
[    0.092556] check: Scanning 1 areas for low memory corruption
[    0.092749] RAMDISK: [mem 0x32271000-0x3512ffff]
[    0.092758] ACPI: Early table checksum verification disabled
[    0.092763] ACPI: RSDP 0x00000000000E0000 000024 (v02 VBOX  )
[    0.092768] ACPI: XSDT 0x000000007FFF0030 00003C (v01 VBOX   VBOXXSDT 00000001 ASL  00000061)
[    0.092775] ACPI: FACP 0x000000007FFF00F0 0000F4 (v04 VBOX   VBOXFACP 00000001 ASL  00000061)
[    0.092781] ACPI: DSDT 0x000000007FFF02E0 002353 (v02 VBOX   VBOXBIOS 00000002 VBOX 00029BF3)
[    0.092786] ACPI: FACS 0x000000007FFF0200 000040
[    0.092789] ACPI: FACS 0x000000007FFF0200 000040
[    0.092792] ACPI: APIC 0x000000007FFF0240 000054 (v02 VBOX   VBOXAPIC 00000001 ASL  00000061)
[    0.092796] ACPI: SSDT 0x000000007FFF02A0 000038 (v01 VBOX   VBOXCPUT 00000002 VBOX 00029BF3)
[    0.092799] ACPI: Reserving FACP table memory at [mem 0x7fff00f0-0x7fff01e3]
[    0.092800] ACPI: Reserving DSDT table memory at [mem 0x7fff02e0-0x7fff2632]
[    0.092801] ACPI: Reserving FACS table memory at [mem 0x7fff0200-0x7fff023f]
[    0.092802] ACPI: Reserving FACS table memory at [mem 0x7fff0200-0x7fff023f]
[    0.092803] ACPI: Reserving APIC table memory at [mem 0x7fff0240-0x7fff0293]
[    0.092804] ACPI: Reserving SSDT table memory at [mem 0x7fff02a0-0x7fff02d7]
[    0.092821] ACPI: Local APIC address 0xfee00000
[    0.093008] No NUMA configuration found
[    0.093009] Faking a node at [mem 0x0000000000000000-0x000000007ffeffff]
[    0.093019] NODE_DATA(0) allocated [mem 0x7ffc5000-0x7ffeffff]
[    0.093281] Zone ranges:
[    0.093282]   DMA      [mem 0x0000000000001000-0x0000000000ffffff]
[    0.093284]   DMA32    [mem 0x0000000001000000-0x000000007ffeffff]
[    0.093285]   Normal   empty
[    0.093285]   Device   empty
[    0.093286] Movable zone start for each node
[    0.093288] Early memory node ranges
[    0.093289]   node   0: [mem 0x0000000000001000-0x000000000009efff]
[    0.093289]   node   0: [mem 0x0000000000100000-0x000000007ffeffff]
[    0.093293] Zeroed struct page in unavailable ranges: 114 pages
[    0.093294] Initmem setup node 0 [mem 0x0000000000001000-0x000000007ffeffff]
[    0.093295] On node 0 totalpages: 524174
[    0.093296]   DMA zone: 64 pages used for memmap
[    0.093296]   DMA zone: 21 pages reserved
[    0.093297]   DMA zone: 3998 pages, LIFO batch:0
[    0.093368]   DMA32 zone: 8128 pages used for memmap
[    0.093369]   DMA32 zone: 520176 pages, LIFO batch:63
[    0.102369] ACPI: PM-Timer IO Port: 0x4008
[    0.102373] ACPI: Local APIC address 0xfee00000
[    0.102437] IOAPIC[0]: apic_id 1, version 32, address 0xfec00000, GSI 0-23
[    0.102440] ACPI: INT_SRC_OVR (bus 0 bus_irq 0 global_irq 2 dfl dfl)
[    0.102442] ACPI: INT_SRC_OVR (bus 0 bus_irq 9 global_irq 9 low level)
[    0.102444] ACPI: IRQ0 used by override.
[    0.102445] ACPI: IRQ9 used by override.
[    0.102448] Using ACPI (MADT) for SMP configuration information
[    0.102455] smpboot: Allowing 1 CPUs, 0 hotplug CPUs
[    0.102477] PM: Registered nosave memory: [mem 0x00000000-0x00000fff]
[    0.102479] PM: Registered nosave memory: [mem 0x0009f000-0x0009ffff]
[    0.102479] PM: Registered nosave memory: [mem 0x000a0000-0x000effff]
[    0.102480] PM: Registered nosave memory: [mem 0x000f0000-0x000fffff]
[    0.102482] [mem 0x80000000-0xfebfffff] available for PCI devices
[    0.102483] Booting paravirtualized kernel on KVM
[    0.102485] clocksource: refined-jiffies: mask: 0xffffffff max_cycles: 0xffffffff, max_idle_ns: 7645519600211568 ns
[    0.102490] setup_percpu: NR_CPUS:8192 nr_cpumask_bits:1 nr_cpu_ids:1 nr_node_ids:1
[    0.103484] percpu: Embedded 60 pages/cpu s208896 r8192 d28672 u2097152
[    0.103489] pcpu-alloc: s208896 r8192 d28672 u2097152 alloc=1*2097152
[    0.103490] pcpu-alloc: [0] 0 
[    0.103516] Built 1 zonelists, mobility grouping on.  Total pages: 515961
[    0.103517] Policy zone: DMA32
[    0.103518] Kernel command line: BOOT_IMAGE=/boot/vmlinuz-5.4.243-mptcp root=UUID=98415a12-53b7-4144-8265-0f7ece09e445 ro quiet splash
[    0.104354] Dentry cache hash table entries: 262144 (order: 9, 2097152 bytes, linear)
[    0.104500] Inode-cache hash table entries: 131072 (order: 8, 1048576 bytes, linear)
[    0.104550] mem auto-init: stack:off, heap alloc:on, heap free:off
[    0.104553] Calgary: detecting Calgary via BIOS EBDA area
[    0.104554] Calgary: Unable to locate Rio Grande table in EBDA - bailing!
[    0.108746] Memory: 1967332K/2096696K available (14339K kernel code, 2398K rwdata, 4712K rodata, 2728K init, 17260K bss, 129364K reserved, 0K cma-reserved)
[    0.109654] SLUB: HWalign=64, Order=0-3, MinObjects=0, CPUs=1, Nodes=1
[    0.109671] ftrace: allocating 43186 entries in 169 pages
[    0.127789] rcu: Hierarchical RCU implementation.
[    0.127790] rcu: 	RCU restricting CPUs from NR_CPUS=8192 to nr_cpu_ids=1.
[    0.127792] 	Tasks RCU enabled.
[    0.127793] rcu: RCU calculated value of scheduler-enlistment delay is 25 jiffies.
[    0.127794] rcu: Adjusting geometry for rcu_fanout_leaf=16, nr_cpu_ids=1
[    0.130792] NR_IRQS: 524544, nr_irqs: 256, preallocated irqs: 16
[    0.131001] random: crng init done
[    0.140424] Console: colour VGA+ 80x25
[    0.140430] printk: console [tty0] enabled
[    0.140454] ACPI: Core revision 20190816
[    0.140553] APIC: Switch to symmetric I/O mode setup
[    0.140812] x2apic enabled
[    0.141050] Switched APIC routing to physical x2apic.
[    0.142186] ..TIMER: vector=0x30 apic1=0 pin1=2 apic2=-1 pin2=-1
[    0.142213] clocksource: tsc-early: mask: 0xffffffffffffffff max_cycles: 0x1e4530a99b6, max_idle_ns: 440795257976 ns
[    0.142218] Calibrating delay loop (skipped) preset value.. 4200.00 BogoMIPS (lpj=8400000)
[    0.142221] pid_max: default: 32768 minimum: 301
[    0.142248] LSM: Security Framework initializing
[    0.142258] Yama: becoming mindful.
[    0.142284] AppArmor: AppArmor initialized
[    0.142318] Mount-cache hash table entries: 4096 (order: 3, 32768 bytes, linear)
[    0.142323] Mountpoint-cache hash table entries: 4096 (order: 3, 32768 bytes, linear)
[    0.142333] *** VALIDATE tmpfs ***
[    0.142460] *** VALIDATE proc ***
[    0.142500] *** VALIDATE cgroup1 ***
[    0.142502] *** VALIDATE cgroup2 ***
[    0.142643] process: using mwait in idle threads
[    0.142647] Last level iTLB entries: 4KB 64, 2MB 8, 4MB 8
[    0.142648] Last level dTLB entries: 4KB 64, 2MB 0, 4MB 0, 1GB 4
[    0.142669] Spectre V1 : Mitigation: usercopy/swapgs barriers and __user pointer sanitization
[    0.142674] Spectre V2 : Mitigation: Retpolines
[    0.142675] Spectre V2 : Spectre v2 / SpectreRSB mitigation: Filling RSB on context switch
[    0.142675] Spectre V2 : Spectre v2 / SpectreRSB : Filling RSB on VMEXIT
[    0.142676] RETBleed: WARNING: Spectre v2 mitigation leaves CPU vulnerable to RETBleed attacks, data leaks possible!
[    0.143029] RETBleed: Vulnerable
[    0.143029] Speculative Store Bypass: Vulnerable
[    0.143035] TAA: Mitigation: TSX disabled
[    0.143035] MMIO Stale Data: Mitigation: Clear CPU buffers
[    0.147254] Freeing SMP alternatives memory: 40K
[    0.259609] smpboot: CPU0: Intel(R) Xeon(R) Silver 4216 CPU @ 2.10GHz (family: 0x6, model: 0x55, stepping: 0x7)
[    0.259756] Performance Events: unsupported p6 CPU model 85 no PMU driver, software events only.
[    0.259800] rcu: Hierarchical SRCU implementation.
[    0.260360] NMI watchdog: Perf NMI watchdog permanently disabled
[    0.260402] smp: Bringing up secondary CPUs ...
[    0.260403] smp: Brought up 1 node, 1 CPU
[    0.260404] smpboot: Max logical packages: 1
[    0.260405] smpboot: Total of 1 processors activated (4200.00 BogoMIPS)
[    0.261389] devtmpfs: initialized
[    0.261438] x86/mm: Memory block size: 128MB
[    0.261794] clocksource: jiffies: mask: 0xffffffff max_cycles: 0xffffffff, max_idle_ns: 7645041785100000 ns
[    0.261800] futex hash table entries: 256 (order: 2, 16384 bytes, linear)
[    0.261846] pinctrl core: initialized pinctrl subsystem
[    0.261950] PM: RTC time: 17:45:56, date: 2026-01-13
[    0.262059] NET: Registered protocol family 16
[    0.262146] audit: initializing netlink subsys (disabled)
[    0.262215] EISA bus registered
[    0.262215] cpuidle: using governor ladder
[    0.262215] cpuidle: using governor menu
[    0.262215] ACPI: bus type PCI registered
[    0.262215] acpiphp: ACPI Hot Plug PCI Controller Driver version: 0.5
[    0.262215] PCI: Using configuration type 1 for base access
[    0.262699] audit: type=2000 audit(1768297563.196:1): state=initialized audit_enabled=0 res=1
[    0.262782] HugeTLB registered 2.00 MiB page size, pre-allocated 0 pages
[    0.263738] ACPI: Added _OSI(Module Device)
[    0.263739] ACPI: Added _OSI(Processor Device)
[    0.263739] ACPI: Added _OSI(3.0 _SCP Extensions)
[    0.263740] ACPI: Added _OSI(Processor Aggregator Device)
[    0.263741] ACPI: Added _OSI(Linux-Dell-Video)
[    0.263742] ACPI: Added _OSI(Linux-Lenovo-NV-HDMI-Audio)
[    0.263743] ACPI: Added _OSI(Linux-HPI-Hybrid-Graphics)
[    0.265929] ACPI: 2 ACPI AML tables successfully acquired and loaded
[    0.267597] ACPI: Interpreter enabled
[    0.267607] ACPI: (supports S0 S5)
[    0.267609] ACPI: Using IOAPIC for interrupt routing
[    0.267844] PCI: Using host bridge windows from ACPI; if necessary, use "pci=nocrs" and report a bug
[    0.267953] ACPI: Enabled 2 GPEs in block 00 to 07
[    0.273044] ACPI: PCI Root Bridge [PCI0] (domain 0000 [bus 00-ff])
[    0.273049] acpi PNP0A03:00: _OSC: OS supports [ASPM ClockPM Segments MSI HPX-Type3]
[    0.273539] acpi PNP0A03:00: _OSC: not requesting OS control; OS requires [ExtendedConfig ASPM ClockPM MSI]
[    0.273548] acpi PNP0A03:00: fail to add MMCONFIG information, can't access extended PCI configuration space under this bridge.
[    0.273921] PCI host bridge to bus 0000:00
[    0.273923] pci_bus 0000:00: root bus resource [io  0x0000-0x0cf7 window]
[    0.273924] pci_bus 0000:00: root bus resource [io  0x0d00-0xffff window]
[    0.273926] pci_bus 0000:00: root bus resource [mem 0x000a0000-0x000bffff window]
[    0.273927] pci_bus 0000:00: root bus resource [mem 0x80000000-0xfdffffff window]
[    0.273928] pci_bus 0000:00: root bus resource [bus 00-ff]
[    0.273982] pci 0000:00:00.0: [8086:1237] type 00 class 0x060000
[    0.274981] pci 0000:00:01.0: [8086:7000] type 00 class 0x060100
[    0.275759] pci 0000:00:01.1: [8086:7111] type 00 class 0x01018a
[    0.276127] pci 0000:00:01.1: reg 0x20: [io  0xd000-0xd00f]
[    0.276284] pci 0000:00:01.1: legacy IDE quirk: reg 0x10: [io  0x01f0-0x01f7]
[    0.276285] pci 0000:00:01.1: legacy IDE quirk: reg 0x14: [io  0x03f6]
[    0.276287] pci 0000:00:01.1: legacy IDE quirk: reg 0x18: [io  0x0170-0x0177]
[    0.276288] pci 0000:00:01.1: legacy IDE quirk: reg 0x1c: [io  0x0376]
[    0.276875] pci 0000:00:02.0: [15ad:0405] type 00 class 0x030000
[    0.278294] pci 0000:00:02.0: reg 0x10: [io  0xd010-0xd01f]
[    0.282262] pci 0000:00:02.0: reg 0x14: [mem 0xe0000000-0xe7ffffff pref]
[    0.284958] pci 0000:00:02.0: reg 0x18: [mem 0xf0000000-0xf01fffff]
[    0.295021] pci 0000:00:03.0: [1022:2000] type 00 class 0x020000
[    0.295783] pci 0000:00:03.0: reg 0x10: [io  0xd020-0xd03f]
[    0.298363] pci 0000:00:03.0: reg 0x14: [mem 0xf0200000-0xf0200fff]
[    0.302065] pci 0000:00:04.0: [80ee:cafe] type 00 class 0x088000
[    0.302327] pci 0000:00:04.0: reg 0x10: [io  0xd040-0xd05f]
[    0.302949] pci 0000:00:04.0: reg 0x14: [mem 0xf0400000-0xf07fffff]
[    0.303558] pci 0000:00:04.0: reg 0x18: [mem 0xf0800000-0xf0803fff pref]
[    0.307195] pci 0000:00:07.0: [8086:7113] type 00 class 0x068000
[    0.307740] pci 0000:00:07.0: quirk: [io  0x4000-0x403f] claimed by PIIX4 ACPI
[    0.307756] pci 0000:00:07.0: quirk: [io  0x4100-0x410f] claimed by PIIX4 SMB
[    0.308406] pci 0000:00:08.0: [8086:100e] type 00 class 0x020000
[    0.309200] pci 0000:00:08.0: reg 0x10: [mem 0xf0820000-0xf083ffff]
[    0.310333] pci 0000:00:08.0: reg 0x18: [io  0xd060-0xd067]
[    0.314286] pci 0000:00:09.0: [8086:100e] type 00 class 0x020000
[    0.315006] pci 0000:00:09.0: reg 0x10: [mem 0xf0840000-0xf085ffff]
[    0.316197] pci 0000:00:09.0: reg 0x18: [io  0xd068-0xd06f]
[    0.327056] ACPI: PCI Interrupt Link [LNKA] (IRQs 5 9 10 *11)
[    0.327336] ACPI: PCI Interrupt Link [LNKB] (IRQs 5 9 *10 11)
[    0.327441] ACPI: PCI Interrupt Link [LNKC] (IRQs 5 *9 10 11)
[    0.327539] ACPI: PCI Interrupt Link [LNKD] (IRQs 5 9 10 *11)
[    0.327811] iommu: Default domain type: Translated 
[    0.327867] pci 0000:00:02.0: vgaarb: setting as boot VGA device
[    0.327869] pci 0000:00:02.0: vgaarb: VGA device added: decodes=io+mem,owns=io+mem,locks=none
[    0.327871] pci 0000:00:02.0: vgaarb: bridge control possible
[    0.327872] vgaarb: loaded
[    0.328088] SCSI subsystem initialized
[    0.328118] libata version 3.00 loaded.
[    0.328143] ACPI: bus type USB registered
[    0.328158] usbcore: registered new interface driver usbfs
[    0.328164] usbcore: registered new interface driver hub
[    0.328169] usbcore: registered new device driver usb
[    0.328198] pps_core: LinuxPPS API ver. 1 registered
[    0.328199] pps_core: Software ver. 5.3.6 - Copyright 2005-2007 Rodolfo Giometti <giometti@linux.it>
[    0.328201] PTP clock support registered
[    0.328236] EDAC MC: Ver: 3.0.0
[    0.328515] PCI: Using ACPI for IRQ routing
[    0.328517] PCI: pci_cache_line_size set to 64 bytes
[    0.328690] e820: reserve RAM buffer [mem 0x0009fc00-0x0009ffff]
[    0.328693] e820: reserve RAM buffer [mem 0x7fff0000-0x7fffffff]
[    0.329498] NetLabel: Initializing
[    0.329499] NetLabel:  domain hash size = 128
[    0.329500] NetLabel:  protocols = UNLABELED CIPSOv4 CALIPSO
[    0.329520] NetLabel:  unlabeled traffic allowed by default
[    0.330470] clocksource: Switched to clocksource kvm-clock
[    0.345375] *** VALIDATE bpf ***
[    0.345440] VFS: Disk quotas dquot_6.6.0
[    0.345452] VFS: Dquot-cache hash table entries: 512 (order 0, 4096 bytes)
[    0.345476] *** VALIDATE ramfs ***
[    0.345479] *** VALIDATE hugetlbfs ***
[    0.345563] AppArmor: AppArmor Filesystem Enabled
[    0.345590] pnp: PnP ACPI init
[    0.345661] pnp 00:00: Plug and Play ACPI device, IDs PNP0303 (active)
[    0.345732] pnp 00:01: Plug and Play ACPI device, IDs PNP0f03 (active)
[    0.346483] pnp: PnP ACPI: found 2 devices
[    0.347294] thermal_sys: Registered thermal governor 'fair_share'
[    0.347294] thermal_sys: Registered thermal governor 'bang_bang'
[    0.347294] thermal_sys: Registered thermal governor 'step_wise'
[    0.347294] thermal_sys: Registered thermal governor 'user_space'
[    0.347294] thermal_sys: Registered thermal governor 'power_allocator'
[    0.352037] clocksource: acpi_pm: mask: 0xffffff max_cycles: 0xffffff, max_idle_ns: 2085701024 ns
[    0.352082] pci_bus 0000:00: resource 4 [io  0x0000-0x0cf7 window]
[    0.352084] pci_bus 0000:00: resource 5 [io  0x0d00-0xffff window]
[    0.352085] pci_bus 0000:00: resource 6 [mem 0x000a0000-0x000bffff window]
[    0.352086] pci_bus 0000:00: resource 7 [mem 0x80000000-0xfdffffff window]
[    0.352148] NET: Registered protocol family 2
[    0.352224] IP idents hash table entries: 32768 (order: 6, 262144 bytes, linear)
[    0.352640] MPTCP tokens hash table entries: 8192 (order: 4, 65536 bytes, linear)
[    0.352660] MPTCP request tokens hash table entries: 8192 (order: 4, 65536 bytes, linear)
[    0.352685] default registered
[    0.352686] default registered
[    0.352686] MPTCP: Stable release v0.96
[    0.352692] tcp_listen_portaddr_hash hash table entries: 1024 (order: 2, 16384 bytes, linear)
[    0.352787] TCP established hash table entries: 16384 (order: 5, 131072 bytes, linear)
[    0.352852] TCP bind hash table entries: 16384 (order: 6, 262144 bytes, linear)
[    0.352878] TCP: Hash tables configured (established 16384 bind 16384)
[    0.353576] UDP hash table entries: 1024 (order: 3, 32768 bytes, linear)
[    0.353587] UDP-Lite hash table entries: 1024 (order: 3, 32768 bytes, linear)
[    0.353622] NET: Registered protocol family 1
[    0.353631] NET: Registered protocol family 44
[    0.353653] pci 0000:00:00.0: Limiting direct PCI/PCI transfers
[    0.353665] pci 0000:00:01.0: Activating ISA DMA hang workarounds
[    0.353722] pci 0000:00:02.0: Video device with shadowed ROM at [mem 0x000c0000-0x000dffff]
[    0.353790] PCI: CLS 0 bytes, default 64
[    0.353852] Trying to unpack rootfs image as initramfs...
[    0.532329] Freeing initrd memory: 47868K
[    0.532329] clocksource: tsc: mask: 0xffffffffffffffff max_cycles: 0x1e4530a99b6, max_idle_ns: 440795257976 ns
[    0.532329] clocksource: Switched to clocksource tsc
[    0.532329] platform rtc_cmos: registered platform RTC device (no PNP device found)
[    0.532329] check: Scanning for low memory corruption every 60 seconds
[    0.532329] Initialise system trusted keyrings
[    0.532329] Key type blacklist registered
[    0.532329] workingset: timestamp_bits=36 max_order=19 bucket_order=0
[    0.532329] zbud: loaded
[    0.532329] squashfs: version 4.0 (2009/01/31) Phillip Lougher
[    0.532329] fuse: init (API version 7.31)
[    0.532329] *** VALIDATE fuse ***
[    0.532329] *** VALIDATE fuse ***
[    0.543413] Platform Keyring initialized
[    0.546344] Key type asymmetric registered
[    0.546345] Asymmetric key parser 'x509' registered
[    0.546358] Block layer SCSI generic (bsg) driver version 0.4 loaded (major 244)
[    0.546400] io scheduler mq-deadline registered
[    0.546534] shpchp: Standard Hot Plug PCI Controller Driver version: 0.4
[    0.546786] ACPI: AC Adapter [AC] (on-line)
[    0.546834] input: Power Button as /devices/LNXSYSTM:00/LNXPWRBN:00/input/input0
[    0.546865] ACPI: Power Button [PWRF]
[    0.546975] input: Sleep Button as /devices/LNXSYSTM:00/LNXSLPBN:00/input/input1
[    0.546990] ACPI: Sleep Button [SLPF]
[    0.547299] Serial: 8250/16550 driver, 32 ports, IRQ sharing enabled
[    0.548524] Linux agpgart interface v0.103
[    0.643274] loop: module loaded
[    0.643439] ata_piix 0000:00:01.1: version 2.13
[    0.643867] scsi host0: ata_piix
[    0.643963] scsi host1: ata_piix
[    0.643990] ata1: PATA max UDMA/33 cmd 0x1f0 ctl 0x3f6 bmdma 0xd000 irq 14
[    0.643991] ata2: PATA max UDMA/33 cmd 0x170 ctl 0x376 bmdma 0xd008 irq 15
[    0.644075] tun: Universal TUN/TAP device driver, 1.6
[    0.644395] PPP generic driver version 2.4.2
[    0.644441] VFIO - User Level meta-driver version: 0.3
[    0.644692] ehci_hcd: USB 2.0 'Enhanced' Host Controller (EHCI) Driver
[    0.644698] ehci-pci: EHCI PCI platform driver
[    0.644713] ehci-platform: EHCI generic platform driver
[    0.644719] ohci_hcd: USB 1.1 'Open' Host Controller (OHCI) Driver
[    0.644721] ohci-pci: OHCI PCI platform driver
[    0.644729] ohci-platform: OHCI generic platform driver
[    0.644733] uhci_hcd: USB Universal Host Controller Interface driver
[    0.644816] i8042: PNP: PS/2 Controller [PNP0303:PS2K,PNP0f03:PS2M] at 0x60,0x64 irq 1,12
[    0.645261] serio: i8042 KBD port at 0x60,0x64 irq 1
[    0.645266] serio: i8042 AUX port at 0x60,0x64 irq 12
[    0.645357] mousedev: PS/2 mouse device common for all mice
[    0.645617] input: AT Translated Set 2 keyboard as /devices/platform/i8042/serio0/input/input2
[    0.646035] rtc_cmos rtc_cmos: registered as rtc0
[    0.646049] rtc_cmos rtc_cmos: alarms up to one day, 114 bytes nvram
[    0.646055] i2c /dev entries driver
[    0.646104] device-mapper: uevent: version 1.0.3
[    0.646148] device-mapper: ioctl: 4.41.0-ioctl (2019-09-16) initialised: dm-devel@redhat.com
[    0.646164] platform eisa.0: Probing EISA bus 0
[    0.646166] platform eisa.0: EISA: Cannot allocate resource for mainboard
[    0.646167] platform eisa.0: Cannot allocate resource for EISA slot 1
[    0.646168] platform eisa.0: Cannot allocate resource for EISA slot 2
[    0.646169] platform eisa.0: Cannot allocate resource for EISA slot 3
[    0.646170] platform eisa.0: Cannot allocate resource for EISA slot 4
[    0.646171] platform eisa.0: Cannot allocate resource for EISA slot 5
[    0.646172] platform eisa.0: Cannot allocate resource for EISA slot 6
[    0.646173] platform eisa.0: Cannot allocate resource for EISA slot 7
[    0.646174] platform eisa.0: Cannot allocate resource for EISA slot 8
[    0.646175] platform eisa.0: EISA: Detected 0 cards
[    0.646179] intel_pstate: CPU model not supported
[    0.646188] ledtrig-cpu: registered to indicate activity on CPUs
[    0.646247] drop_monitor: Initializing network drop monitor service
[    0.646410] NET: Registered protocol family 10
[    0.651402] Segment Routing with IPv6
[    0.651402] fullmesh registered
[    0.651402] ndiffports registered
[    0.651402] binder registered
[    0.651402] roundrobin registered
[    0.651402] redundant registered
[    0.651402] blest registered
[    0.651402] ecf registered
[    0.651402] NET: Registered protocol family 17
[    0.651402] Key type dns_resolver registered
[    0.651402] RAS: Correctable Errors collector initialized.
[    0.651402] IPI shorthand broadcast: enabled
[    0.651402] sched_clock: Marking stable (636177723, 11224358)->(647209817, 192264)
[    0.652204] registered taskstats version 1
[    0.652215] Loading compiled-in X.509 certificates
[    0.652821] Loaded X.509 cert 'Build time autogenerated kernel key: 6909f3744cebb3d0de528d5887b96a727de79b1e'
[    0.652841] zswap: loaded using pool lzo/zbud
[    0.652899] Key type ._fscrypt registered
[    0.652900] Key type .fscrypt registered
[    0.657691] Key type big_key registered
[    0.660065] Key type encrypted registered
[    0.660068] AppArmor: AppArmor sha1 policy hashing enabled
[    0.660076] ima: No TPM chip found, activating TPM-bypass!
[    0.660079] ima: Allocated hash algorithm: sha1
[    0.660085] ima: No architecture policies found
[    0.660094] evm: Initialising EVM extended attributes:
[    0.660095] evm: security.selinux
[    0.660095] evm: security.SMACK64
[    0.660096] evm: security.SMACK64EXEC
[    0.660096] evm: security.SMACK64TRANSMUTE
[    0.660097] evm: security.SMACK64MMAP
[    0.660097] evm: security.apparmor
[    0.660098] evm: security.ima
[    0.660098] evm: security.capability
[    0.660099] evm: HMAC attrs: 0x1
[    0.660398] PM:   Magic number: 10:983:794
[    0.660506] rtc_cmos rtc_cmos: setting system clock to 2026-01-13T17:45:57 UTC (1768326357)
[    0.816315] ata1.00: ATA-6: VBOX HARDDISK, 1.0, max UDMA/133
[    0.816319] ata1.00: 209715200 sectors, multi 128: LBA 
[    0.817010] scsi 0:0:0:0: Direct-Access     ATA      VBOX HARDDISK    1.0  PQ: 0 ANSI: 5
[    0.817310] sd 0:0:0:0: [sda] 209715200 512-byte logical blocks: (107 GB/100 GiB)
[    0.817323] sd 0:0:0:0: [sda] Write Protect is off
[    0.817326] sd 0:0:0:0: [sda] Mode Sense: 00 3a 00 00
[    0.817347] sd 0:0:0:0: [sda] Write cache: enabled, read cache: enabled, doesn't support DPO or FUA
[    0.817680] sd 0:0:0:0: Attached scsi generic sg0 type 0
[    0.818438]  sda: sda1 sda2
[    0.827446] sd 0:0:0:0: [sda] Attached SCSI disk
[    0.830608] Freeing unused decrypted memory: 2040K
[    0.831557] Freeing unused kernel image memory: 2728K
[    0.831560] Write protecting the kernel read-only data: 22528k
[    0.832545] Freeing unused kernel image memory: 2036K
[    0.833112] Freeing unused kernel image memory: 1432K
[    0.858078] x86/mm: Checked W+X mappings: passed, no W+X pages found.
[    0.858084] Run /init as init process
[    0.976177] ACPI: Video Device [GFX0] (multi-head: yes  rom: no  post: no)
[    0.976252] input: Video Bus as /devices/LNXSYSTM:00/LNXSYBUS:00/PNP0A03:00/LNXVIDEO:00/input/input4
[    0.993653] piix4_smbus 0000:00:07.0: SMBus Host Controller at 0x4100, revision 0
[    0.996094] e1000: Intel(R) PRO/1000 Network Driver - version 7.3.21-k8-NAPI
[    0.996095] e1000: Copyright (c) 1999-2006 Intel Corporation.
[    1.025935] pcnet32: pcnet32.c:v1.35 21.Apr.2008 tsbogend@alpha.franken.de
[    1.026598] pcnet32: PCnet/FAST III 79C973 at 0xd020, 08:00:27:3a:44:a9 assigned IRQ 19
[    1.026640] pcnet32: Found PHY 0022:561b at address 0
[    1.026942] pcnet32: eth0: registered as PCnet/FAST III 79C973
[    1.047043] pcnet32: 1 cards_found
[    1.080003] pcnet32 0000:00:03.0 enp0s3: renamed from eth0
[    1.216537] input: ImExPS/2 Generic Explorer Mouse as /devices/platform/i8042/serio1/input/input5
[    1.428800] e1000 0000:00:08.0 eth0: (PCI:33MHz:32-bit) 08:00:27:c2:58:e7
[    1.428805] e1000 0000:00:08.0 eth0: Intel(R) PRO/1000 Network Connection
[    1.815941] e1000 0000:00:09.0 eth1: (PCI:33MHz:32-bit) 08:00:27:94:96:f3
[    1.815944] e1000 0000:00:09.0 eth1: Intel(R) PRO/1000 Network Connection
[    1.817295] e1000 0000:00:09.0 enp0s9: renamed from eth1
[    1.819268] e1000 0000:00:08.0 enp0s8: renamed from eth0
[    1.966811] EXT4-fs (sda2): mounted filesystem with ordered data mode. Opts: (null)
[    2.056113] systemd[1]: Inserted module 'autofs4'
[    2.067457] systemd[1]: systemd 245.4-4ubuntu3 running in system mode. (+PAM +AUDIT +SELINUX +IMA +APPARMOR +SMACK +SYSVINIT +UTMP +LIBCRYPTSETUP +GCRYPT +GNUTLS +ACL +XZ +LZ4 +SECCOMP +BLKID +ELFUTILS +KMOD +IDN2 -IDN +PCRE2 default-hierarchy=hybrid)
[    2.067491] systemd[1]: Detected virtualization oracle.
[    2.067496] systemd[1]: Detected architecture x86-64.
[    2.068837] systemd[1]: Set hostname to <ztg>.
[    2.200208] systemd[1]: /lib/systemd/system/dbus.socket:5: ListenStream= references a path below legacy directory /var/run/, updating /var/run/dbus/system_bus_socket â†’ /run/dbus/system_bus_socket; please update the unit file accordingly.
[    2.254249] systemd[1]: Created slice system-modprobe.slice.
[    2.254447] systemd[1]: Created slice User and Session Slice.
[    2.254493] systemd[1]: Started Forward Password Requests to Wall Directory Watch.
[    2.254663] systemd[1]: Set up automount Arbitrary Executable File Formats File System Automount Point.
[    2.254697] systemd[1]: Reached target User and Group Name Lookups.
[    2.254706] systemd[1]: Reached target Remote File Systems.
[    2.254715] systemd[1]: Reached target Slices.
[    2.255312] systemd[1]: Listening on Syslog Socket.
[    2.255389] systemd[1]: Listening on fsck to fsckd communication Socket.
[    2.255429] systemd[1]: Listening on initctl Compatibility Named Pipe.
[    2.255573] systemd[1]: Listening on Journal Audit Socket.
[    2.255628] systemd[1]: Listening on Journal Socket (/dev/log).
[    2.255704] systemd[1]: Listening on Journal Socket.
[    2.255774] systemd[1]: Listening on udev Control Socket.
[    2.255818] systemd[1]: Listening on udev Kernel Socket.
[    2.256686] systemd[1]: Mounting Huge Pages File System...
[    2.257693] systemd[1]: Mounting POSIX Message Queue File System...
[    2.258657] systemd[1]: Mounting Kernel Debug File System...
[    2.259573] systemd[1]: Mounting Kernel Trace File System...
[    2.262192] systemd[1]: Starting Journal Service...
[    2.289275] systemd[1]: Starting Set the console keyboard layout...
[    2.296446] systemd[1]: Starting Create list of static device nodes for the current kernel...
[    2.299767] systemd[1]: Starting Load Kernel Module drm...
[    2.300855] systemd[1]: Condition check resulted in Set Up Additional Binary Formats being skipped.
[    2.300915] systemd[1]: Condition check resulted in File System Check on Root Device being skipped.
[    2.308185] systemd[1]: Starting Load Kernel Modules...
[    2.323231] systemd[1]: Starting Remount Root and Kernel File Systems...
[    2.331065] systemd[1]: Starting udev Coldplug all Devices...
[    2.343762] systemd[1]: Starting Uncomplicated firewall...
[    2.345451] systemd[1]: Mounted Huge Pages File System.
[    2.345555] systemd[1]: Mounted POSIX Message Queue File System.
[    2.345638] systemd[1]: Mounted Kernel Debug File System.
[    2.345716] systemd[1]: Mounted Kernel Trace File System.
[    2.346233] EXT4-fs (sda2): re-mounted. Opts: errors=remount-ro
[    2.381544] systemd[1]: Finished Create list of static device nodes for the current kernel.
[    2.382498] systemd[1]: modprobe@drm.service: Succeeded.
[    2.384178] systemd[1]: Finished Load Kernel Module drm.
[    2.391275] systemd[1]: Finished Remount Root and Kernel File Systems.
[    2.392543] systemd[1]: Finished Uncomplicated firewall.
[    2.411290] systemd[1]: Condition check resulted in Rebuild Hardware Database being skipped.
[    2.411331] systemd[1]: Condition check resulted in Platform Persistent Storage Archival being skipped.
[    2.412068] systemd[1]: Starting Load/Save Random Seed...
[    2.413588] lp: driver loaded but no devices found
[    2.425725] systemd[1]: Starting Create System Users...
[    2.428889] ppdev: user-space parallel port driver
[    2.435518] systemd[1]: Finished Load/Save Random Seed.
[    2.440140] systemd[1]: Finished Create System Users.
[    2.440956] systemd[1]: Starting Create Static Device Nodes in /dev...
[    2.492261] systemd[1]: Finished Create Static Device Nodes in /dev.
[    2.493257] systemd[1]: Starting udev Kernel Device Manager...
[    2.512238] [drm] DMA map mode: Caching DMA mappings.
[    2.512303] [drm] Capabilities:
[    2.512303] [drm]   Rect copy.
[    2.512304] [drm]   Cursor.
[    2.512304] [drm]   Cursor bypass.
[    2.512304] [drm]   Cursor bypass 2.
[    2.512305] [drm]   Alpha cursor.
[    2.512305] [drm]   Extended Fifo.
[    2.512305] [drm]   Pitchlock.
[    2.512306] [drm]   Irq mask.
[    2.512306] [drm]   GMR.
[    2.512306] [drm]   Traces.
[    2.512307] [drm]   GMR2.
[    2.512307] [drm]   Screen Object 2.
[    2.512307] [drm]   Command Buffers.
[    2.512308] [drm]   Command Buffers 2.
[    2.512308] [drm]   Guest Backed Resources.
[    2.512309] [drm] Max GMR ids is 8192
[    2.512310] [drm] Max number of GMR pages is 1048576
[    2.512310] [drm] Max dedicated hypervisor surface memory is 393216 kiB
[    2.512311] [drm] Maximum display memory size is 131072 kiB
[    2.512311] [drm] VRAM at 0xe0000000 size is 131072 kiB
[    2.512312] [drm] MMIO at 0xf0000000 size is 2048 kiB
[    2.515686] systemd[1]: Finished udev Coldplug all Devices.
[    2.517475] [TTM] Zone  kernel: Available graphics memory: 1011738 KiB
[    2.517476] [TTM] Initializing pool allocator
[    2.517480] [TTM] Initializing DMA pool allocator
[    2.517510] [drm] Supports vblank timestamp caching Rev 2 (21.10.2013).
[    2.517511] [drm] No driver support for vblank timestamp query.
[    2.517747] [drm] Screen Target Display device initialized
[    2.517945] [drm] width 720
[    2.517956] [drm] height 400
[    2.517960] [drm] bpp 32
[    2.518484] [drm] Fifo max 0x00200000 min 0x00001000 cap 0x00000355
[    2.520080] [drm] Using command buffers with DMA pool.
[    2.520083] [drm] DX: no.
[    2.520083] [drm] Atomic: yes.
[    2.520084] [drm] SM4_1: no.
[    2.520103] [drm:vmw_host_log [vmwgfx]] *ERROR* Failed to send host log message.
[    2.521158] [drm:vmw_host_log [vmwgfx]] *ERROR* Failed to send host log message.
[    2.546175] fbcon: svgadrmfb (fb0) is primary device
[    2.548332] Console: switching to colour frame buffer device 100x37
[    2.552764] [drm] Initialized vmwgfx 2.15.0 20180704 for 0000:00:02.0 on minor 0
[    2.553782] systemd[1]: Finished Load Kernel Modules.
[    2.554763] systemd[1]: Mounting FUSE Control File System...
[    2.556058] systemd[1]: Mounting Kernel Configuration File System...
[    2.576438] systemd[1]: Starting Apply Kernel Variables...
[    2.585550] systemd[1]: Mounted FUSE Control File System.
[    2.585628] systemd[1]: Condition check resulted in VMware vmblock fuse mount being skipped.
[    2.588937] systemd[1]: Mounted Kernel Configuration File System.
[    2.601058] systemd[1]: Finished Apply Kernel Variables.
[    2.630303] systemd[1]: Finished Set the console keyboard layout.
[    2.630389] systemd[1]: Reached target Local File Systems (Pre).
[    2.636579] systemd[1]: Mounting Mount unit for bare, revision 5...
[    2.638633] systemd[1]: Mounting Mount unit for core18, revision 1705...
[    2.657710] systemd[1]: Mounting Mount unit for gnome-3-34-1804, revision 24...
[    2.669890] systemd[1]: Mounting Mount unit for gtk-common-themes, revision 1506...
[    2.676421] systemd[1]: Mounting Mount unit for gtk-common-themes, revision 1535...
[    2.684677] systemd[1]: Mounting Mount unit for snap-store, revision 433...
[    2.717948] systemd[1]: Mounting Mount unit for snapd, revision 25935...
[    2.719709] systemd[1]: Started udev Kernel Device Manager.
[    2.719890] systemd[1]: Mounted Mount unit for bare, revision 5.
[    2.735837] systemd[1]: Starting Show Plymouth Boot Screen...
[    2.737973] systemd[1]: Received SIGRTMIN+20 from PID 279 (plymouthd).
[    2.745640] systemd[1]: Mounted Mount unit for core18, revision 1705.
[    2.759278] systemd[1]: Started Show Plymouth Boot Screen.
[    2.759432] systemd[1]: Condition check resulted in Dispatch Password Requests to Console Directory Watch being skipped.
[    2.759521] systemd[1]: Started Forward Password Requests to Plymouth Directory Watch.
[    2.759569] systemd[1]: Reached target Local Encrypted Volumes.
[    2.778448] systemd[1]: Mounted Mount unit for gnome-3-34-1804, revision 24.
[    2.825121] systemd[1]: Mounted Mount unit for gtk-common-themes, revision 1506.
[    2.825278] systemd[1]: Mounted Mount unit for gtk-common-themes, revision 1535.
[    2.851498] systemd[1]: Mounted Mount unit for snap-store, revision 433.
[    2.851751] systemd[1]: Mounted Mount unit for snapd, revision 25935.
[    2.851923] systemd[1]: Reached target Local File Systems.
[    2.854341] systemd[1]: Starting Load AppArmor profiles...
[    2.859990] systemd[1]: Starting Set console font and keymap...
[    2.869132] systemd[1]: Starting Tell Plymouth To Write Out Runtime Data...
[    2.873966] systemd[1]: Condition check resulted in Store a System Token in an EFI Variable being skipped.
[    2.873999] systemd[1]: Condition check resulted in Commit a transient machine-id on disk being skipped.
[    2.874971] systemd[1]: Finished Set console font and keymap.
[    2.881318] systemd[1]: Received SIGRTMIN+20 from PID 279 (plymouthd).
[    2.882139] systemd[1]: plymouth-read-write.service: Succeeded.
[    2.882407] systemd[1]: Finished Tell Plymouth To Write Out Runtime Data.
[    2.923830] audit: type=1400 audit(1768326359.760:2): apparmor="STATUS" operation="profile_load" profile="unconfined" name="nvidia_modprobe" pid=300 comm="apparmor_parser"
[    2.923832] audit: type=1400 audit(1768326359.760:3): apparmor="STATUS" operation="profile_load" profile="unconfined" name="nvidia_modprobe//kmod" pid=300 comm="apparmor_parser"
[    2.929842] audit: type=1400 audit(1768326359.764:4): apparmor="STATUS" operation="profile_load" profile="unconfined" name="/usr/sbin/tcpdump" pid=301 comm="apparmor_parser"
[    2.974941] audit: type=1400 audit(1768326359.804:5): apparmor="STATUS" operation="profile_load" profile="unconfined" name="/usr/bin/evince" pid=303 comm="apparmor_parser"
[    2.974943] audit: type=1400 audit(1768326359.804:6): apparmor="STATUS" operation="profile_load" profile="unconfined" name="/usr/bin/evince//sanitized_helper" pid=303 comm="apparmor_parser"
[    2.974946] audit: type=1400 audit(1768326359.804:7): apparmor="STATUS" operation="profile_load" profile="unconfined" name="/usr/bin/evince-previewer" pid=303 comm="apparmor_parser"
[    2.974948] audit: type=1400 audit(1768326359.804:8): apparmor="STATUS" operation="profile_load" profile="unconfined" name="/usr/bin/evince-previewer//sanitized_helper" pid=303 comm="apparmor_parser"
[    2.974950] audit: type=1400 audit(1768326359.804:9): apparmor="STATUS" operation="profile_load" profile="unconfined" name="/usr/bin/evince-thumbnailer" pid=303 comm="apparmor_parser"
[    2.990982] audit: type=1400 audit(1768326359.824:10): apparmor="STATUS" operation="profile_load" profile="unconfined" name="/usr/lib/cups/backend/cups-pdf" pid=304 comm="apparmor_parser"
[    3.060202] systemd[1]: Finished Load AppArmor profiles.
[    3.061234] systemd[1]: Starting Load AppArmor profiles managed internally by snapd...
[    3.196682] systemd[1]: Finished Load AppArmor profiles managed internally by snapd.
[    3.302174] systemd[1]: Started Journal Service.
[    3.312164] systemd-journald[229]: Received client request to flush runtime journal.
[    3.315531] systemd-journald[229]: File /var/log/journal/c455b248004a419c87ce85eea238d727/system.journal corrupted or uncleanly shut down, renaming and replacing.
[    4.799824] RAPL PMU: API unit is 2^-32 Joules, 0 fixed counters, 10737418240 ms ovfl timer
[    4.882883] cryptd: max_cpu_qlen set to 1000
[    4.933567] AVX2 version of gcm_enc/dec engaged.
[    4.933568] AES CTR mode by8 optimization enabled
[    6.775606] Adding 1998844k swap on /dev/sda1.  Priority:-2 extents:1 across:1998844k FS
[    8.086698] kauditd_printk_skb: 30 callbacks suppressed
[    8.086700] audit: type=1400 audit(1768326364.920:41): apparmor="DENIED" operation="capable" profile="/usr/sbin/cups-browsed" pid=509 comm="cups-browsed" capability=23  capname="sys_nice"
[    9.278606] pcnet32 0000:00:03.0 enp0s3: link up, 100Mbps, full-duplex
[    9.320737] e1000: enp0s8 NIC Link is Up 1000 Mbps Full Duplex, Flow Control: RX
[    9.321018] IPv6: ADDRCONF(NETDEV_CHANGE): enp0s8: link becomes ready
[    9.344349] e1000: enp0s9 NIC Link is Up 1000 Mbps Full Duplex, Flow Control: RX
[    9.344639] IPv6: ADDRCONF(NETDEV_CHANGE): enp0s9: link becomes ready
[   10.009591] device enp0s3 entered promiscuous mode
[   10.076905] audit: type=1400 audit(1768326366.912:42): apparmor="DENIED" operation="open" profile="/usr/sbin/tcpdump" name="/proc/sys/kernel/random/boot_id" pid=637 comm="tcpdump" requested_mask="r" denied_mask="r" fsuid=0 ouid=0
[   10.078247] audit: type=1400 audit(1768326366.912:43): apparmor="DENIED" operation="open" profile="/usr/sbin/tcpdump" name="/proc/sys/kernel/random/boot_id" pid=637 comm="tcpdump" requested_mask="r" denied_mask="r" fsuid=0 ouid=0
[   10.078301] audit: type=1400 audit(1768326366.912:44): apparmor="DENIED" operation="open" profile="/usr/sbin/tcpdump" name="/proc/sys/kernel/random/boot_id" pid=637 comm="tcpdump" requested_mask="r" denied_mask="r" fsuid=0 ouid=0
[   10.078404] audit: type=1400 audit(1768326366.912:45): apparmor="DENIED" operation="open" profile="/usr/sbin/tcpdump" name="/proc/sys/kernel/random/boot_id" pid=638 comm="tcpdump" requested_mask="r" denied_mask="r" fsuid=0 ouid=0
[   10.078539] audit: type=1400 audit(1768326366.912:46): apparmor="DENIED" operation="open" profile="/usr/sbin/tcpdump" name="/proc/sys/kernel/random/boot_id" pid=637 comm="tcpdump" requested_mask="r" denied_mask="r" fsuid=0 ouid=0
[   10.078971] audit: type=1400 audit(1768326366.912:47): apparmor="DENIED" operation="open" profile="/usr/sbin/tcpdump" name="/proc/sys/kernel/random/boot_id" pid=638 comm="tcpdump" requested_mask="r" denied_mask="r" fsuid=0 ouid=0
[   10.079045] audit: type=1400 audit(1768326366.912:48): apparmor="DENIED" operation="open" profile="/usr/sbin/tcpdump" name="/proc/sys/kernel/random/boot_id" pid=638 comm="tcpdump" requested_mask="r" denied_mask="r" fsuid=0 ouid=0
[   10.079126] audit: type=1400 audit(1768326366.912:49): apparmor="DENIED" operation="open" profile="/usr/sbin/tcpdump" name="/proc/sys/kernel/random/boot_id" pid=638 comm="tcpdump" requested_mask="r" denied_mask="r" fsuid=0 ouid=0
[   16.261209] rfkill: input handler disabled
[  225.196790] AAAAA-TCP_FORW: name:enp0s3: saddr:16783984: daddr:100932208
[  333.908669] AAAAA-TCP_FORW: name:enp0s3: saddr:33561200: daddr:100932208
[  334.028626] AAAAA-TCP_FORW: name:enp0s3: saddr:33561200: daddr:100932208
[  334.249502] AAAAA-TCP_FORW: name:enp0s3: saddr:16783984: daddr:100932208
[  334.437188] AAAAA-TCP_FORW: name:enp0s3: saddr:33561200: daddr:100932208
[  334.649374] AAAAA-TCP_FORW: name:enp0s3: saddr:33561200: daddr:100932208
[  334.805641] AAAAA-TCP_FORW: name:enp0s3: saddr:16783984: daddr:100932208
[  334.890108] AAAAA-TCP_FORW: name:enp0s3: saddr:16783984: daddr:100932208
[  334.985772] AAAAA-TCP_FORW: name:enp0s3: saddr:16783984: daddr:100932208
[  335.550151] AAAAA-TCP_FORW: name:enp0s3: saddr:33561200: daddr:100932208
[  335.884006] AAAAA-TCP_FORW: name:enp0s3: saddr:100932208: daddr:33561200
[  335.994861] AAAAA-TCP_FORW: name:enp0s3: saddr:33561200: daddr:100932208
[  336.109857] AAAAA-TCP_FORW: name:enp0s3: saddr:33561200: daddr:100932208
[  336.308496] AAAAA-TCP_FORW: name:enp0s3: saddr:100932208: daddr:33561200
[  336.514371] AAAAA-TCP_FORW: name:enp0s3: saddr:33561200: daddr:100932208
[  336.782874] AAAAA-TCP_FORW: name:enp0s3: saddr:16783984: daddr:100932208
[  336.922939] AAAAA-TCP_FORW: name:enp0s3: saddr:33561200: daddr:100932208
[  337.559799] AAAAA-TCP_FORW: name:enp0s3: saddr:100932208: daddr:16783984
[  337.644282] AAAAA-TCP_FORW: name:enp0s3: saddr:16783984: daddr:100932208
[  337.752903] AAAAA-TCP_FORW: name:enp0s3: saddr:100932208: daddr:33561200
[  337.843055] AAAAA-TCP_FORW: name:enp0s3: saddr:33561200: daddr:100932208
[  338.178496] AAAAA-TCP_FORW: name:enp0s3: saddr:100932208: daddr:16783984
[  338.224476] AAAAA-TCP_FORW: name:enp0s3: saddr:100932208: daddr:16783984
[  338.261244] AAAAA-TCP_FORW: name:enp0s3: saddr:16783984: daddr:100932208
[  338.318079] AAAAA-TCP_FORW: name:enp0s3: saddr:16783984: daddr:100932208
[  338.585232] AAAAA-TCP_FORW: name:enp0s3: saddr:100932208: daddr:33561200
[  338.594135] AAAAA-TCP_FORW: name:enp0s3: saddr:33561200: daddr:100932208
[  338.934631] AAAAA-TCP_FORW: name:enp0s3: saddr:100932208: daddr:33561200
[  339.035474] AAAAA-TCP_FORW: name:enp0s3: saddr:33561200: daddr:100932208
[  576.518019] rfkill: input handler enabled
[  585.734877] rfkill: input handler disabled
[  781.594998] device enp0s3 left promiscuous mode
