[    0.000000] Linux version 5.4.243-mptcp (root@ztg) (gcc version 12.2.0 (Debian 12.2.0-14+deb12u1)) #53 SMP Wed Dec 24 23:28:15 CST 2025
[    0.000000] Command line: BOOT_IMAGE=/boot/vmlinuz-5.4.243-mptcp root=UUID=98415a12-53b7-4144-8265-0f7ece09e445 ro quiet splash
[    0.000000] KERNEL supported cpus:
[    0.000000]   Intel GenuineIntel
[    0.000000]   AMD AuthenticAMD
[    0.000000]   Hygon HygonGenuine
[    0.000000]   Centaur CentaurHauls
[    0.000000]   zhaoxin   Shanghai  
[    0.000000] x86/fpu: Supporting XSAVE feature 0x001: 'x87 floating point registers'
[    0.000000] x86/fpu: Supporting XSAVE feature 0x002: 'SSE registers'
[    0.000000] x86/fpu: Supporting XSAVE feature 0x004: 'AVX registers'
[    0.000000] x86/fpu: xstate_offset[2]:  576, xstate_sizes[2]:  256
[    0.000000] x86/fpu: Enabled xstate features 0x7, context size is 832 bytes, using 'standard' format.
[    0.000000] BIOS-provided physical RAM map:
[    0.000000] BIOS-e820: [mem 0x0000000000000000-0x000000000009fbff] usable
[    0.000000] BIOS-e820: [mem 0x000000000009fc00-0x000000000009ffff] reserved
[    0.000000] BIOS-e820: [mem 0x00000000000f0000-0x00000000000fffff] reserved
[    0.000000] BIOS-e820: [mem 0x0000000000100000-0x000000007ffeffff] usable
[    0.000000] BIOS-e820: [mem 0x000000007fff0000-0x000000007fffffff] ACPI data
[    0.000000] BIOS-e820: [mem 0x00000000fec00000-0x00000000fec00fff] reserved
[    0.000000] BIOS-e820: [mem 0x00000000fee00000-0x00000000fee00fff] reserved
[    0.000000] BIOS-e820: [mem 0x00000000fffc0000-0x00000000ffffffff] reserved
[    0.000000] NX (Execute Disable) protection: active
[    0.000000] SMBIOS 2.5 present.
[    0.000000] DMI: innotek GmbH VirtualBox/VirtualBox, BIOS VirtualBox 12/01/2006
[    0.000000] Hypervisor detected: KVM
[    0.000000] kvm-clock: Using msrs 4b564d01 and 4b564d00
[    0.000000] kvm-clock: cpu 0, msr 52a01001, primary cpu clock
[    0.000000] kvm-clock: using sched offset of 4441370279 cycles
[    0.000003] clocksource: kvm-clock: mask: 0xffffffffffffffff max_cycles: 0x1cd42e4dffb, max_idle_ns: 881590591483 ns
[    0.000005] tsc: Detected 2100.000 MHz processor
[    0.001889] e820: update [mem 0x00000000-0x00000fff] usable ==> reserved
[    0.001891] e820: remove [mem 0x000a0000-0x000fffff] usable
[    0.001895] last_pfn = 0x7fff0 max_arch_pfn = 0x400000000
[    0.001965] MTRR default type: uncachable
[    0.001966] MTRR fixed ranges enabled:
[    0.001967]   00000-9FFFF write-back
[    0.001968]   A0000-BFFFF uncachable
[    0.001969]   C0000-FFFFF write-protect
[    0.001969] MTRR variable ranges enabled:
[    0.001971]   0 base 000000000000 mask 3FFF80000000 write-back
[    0.001972]   1 disabled
[    0.001972]   2 disabled
[    0.001973]   3 disabled
[    0.001973]   4 disabled
[    0.001974]   5 disabled
[    0.001974]   6 disabled
[    0.001974]   7 disabled
[    0.001975]   8 disabled
[    0.001975]   9 disabled
[    0.001976]   10 disabled
[    0.001976]   11 disabled
[    0.001977]   12 disabled
[    0.001977]   13 disabled
[    0.001977]   14 disabled
[    0.001978]   15 disabled
[    0.001994] x86/PAT: Configuration [0-7]: WB  WC  UC- UC  WB  WP  UC- WT  
[    0.002130] found SMP MP-table at [mem 0x0009fff0-0x0009ffff]
[    0.094661] check: Scanning 1 areas for low memory corruption
[    0.094888] RAMDISK: [mem 0x32271000-0x3512ffff]
[    0.094896] ACPI: Early table checksum verification disabled
[    0.094901] ACPI: RSDP 0x00000000000E0000 000024 (v02 VBOX  )
[    0.094905] ACPI: XSDT 0x000000007FFF0030 00003C (v01 VBOX   VBOXXSDT 00000001 ASL  00000061)
[    0.094912] ACPI: FACP 0x000000007FFF00F0 0000F4 (v04 VBOX   VBOXFACP 00000001 ASL  00000061)
[    0.094918] ACPI: DSDT 0x000000007FFF02E0 002353 (v02 VBOX   VBOXBIOS 00000002 VBOX 00029BF3)
[    0.094922] ACPI: FACS 0x000000007FFF0200 000040
[    0.094926] ACPI: FACS 0x000000007FFF0200 000040
[    0.094929] ACPI: APIC 0x000000007FFF0240 000054 (v02 VBOX   VBOXAPIC 00000001 ASL  00000061)
[    0.094933] ACPI: SSDT 0x000000007FFF02A0 000038 (v01 VBOX   VBOXCPUT 00000002 VBOX 00029BF3)
[    0.094936] ACPI: Reserving FACP table memory at [mem 0x7fff00f0-0x7fff01e3]
[    0.094937] ACPI: Reserving DSDT table memory at [mem 0x7fff02e0-0x7fff2632]
[    0.094938] ACPI: Reserving FACS table memory at [mem 0x7fff0200-0x7fff023f]
[    0.094938] ACPI: Reserving FACS table memory at [mem 0x7fff0200-0x7fff023f]
[    0.094939] ACPI: Reserving APIC table memory at [mem 0x7fff0240-0x7fff0293]
[    0.094940] ACPI: Reserving SSDT table memory at [mem 0x7fff02a0-0x7fff02d7]
[    0.094954] ACPI: Local APIC address 0xfee00000
[    0.095145] No NUMA configuration found
[    0.095146] Faking a node at [mem 0x0000000000000000-0x000000007ffeffff]
[    0.095156] NODE_DATA(0) allocated [mem 0x7ffc5000-0x7ffeffff]
[    0.095437] Zone ranges:
[    0.095439]   DMA      [mem 0x0000000000001000-0x0000000000ffffff]
[    0.095440]   DMA32    [mem 0x0000000001000000-0x000000007ffeffff]
[    0.095441]   Normal   empty
[    0.095441]   Device   empty
[    0.095442] Movable zone start for each node
[    0.095444] Early memory node ranges
[    0.095445]   node   0: [mem 0x0000000000001000-0x000000000009efff]
[    0.095446]   node   0: [mem 0x0000000000100000-0x000000007ffeffff]
[    0.095448] Zeroed struct page in unavailable ranges: 114 pages
[    0.095449] Initmem setup node 0 [mem 0x0000000000001000-0x000000007ffeffff]
[    0.095450] On node 0 totalpages: 524174
[    0.095452]   DMA zone: 64 pages used for memmap
[    0.095452]   DMA zone: 21 pages reserved
[    0.095453]   DMA zone: 3998 pages, LIFO batch:0
[    0.095532]   DMA32 zone: 8128 pages used for memmap
[    0.095533]   DMA32 zone: 520176 pages, LIFO batch:63
[    0.104534] ACPI: PM-Timer IO Port: 0x4008
[    0.104538] ACPI: Local APIC address 0xfee00000
[    0.104611] IOAPIC[0]: apic_id 1, version 32, address 0xfec00000, GSI 0-23
[    0.104614] ACPI: INT_SRC_OVR (bus 0 bus_irq 0 global_irq 2 dfl dfl)
[    0.104616] ACPI: INT_SRC_OVR (bus 0 bus_irq 9 global_irq 9 low level)
[    0.104618] ACPI: IRQ0 used by override.
[    0.104619] ACPI: IRQ9 used by override.
[    0.104622] Using ACPI (MADT) for SMP configuration information
[    0.104629] smpboot: Allowing 1 CPUs, 0 hotplug CPUs
[    0.104652] PM: Registered nosave memory: [mem 0x00000000-0x00000fff]
[    0.104653] PM: Registered nosave memory: [mem 0x0009f000-0x0009ffff]
[    0.104654] PM: Registered nosave memory: [mem 0x000a0000-0x000effff]
[    0.104654] PM: Registered nosave memory: [mem 0x000f0000-0x000fffff]
[    0.104656] [mem 0x80000000-0xfebfffff] available for PCI devices
[    0.104657] Booting paravirtualized kernel on KVM
[    0.104660] clocksource: refined-jiffies: mask: 0xffffffff max_cycles: 0xffffffff, max_idle_ns: 7645519600211568 ns
[    0.104665] setup_percpu: NR_CPUS:8192 nr_cpumask_bits:1 nr_cpu_ids:1 nr_node_ids:1
[    0.105673] percpu: Embedded 60 pages/cpu s208896 r8192 d28672 u2097152
[    0.105678] pcpu-alloc: s208896 r8192 d28672 u2097152 alloc=1*2097152
[    0.105679] pcpu-alloc: [0] 0 
[    0.105706] Built 1 zonelists, mobility grouping on.  Total pages: 515961
[    0.105707] Policy zone: DMA32
[    0.105708] Kernel command line: BOOT_IMAGE=/boot/vmlinuz-5.4.243-mptcp root=UUID=98415a12-53b7-4144-8265-0f7ece09e445 ro quiet splash
[    0.106560] Dentry cache hash table entries: 262144 (order: 9, 2097152 bytes, linear)
[    0.106826] Inode-cache hash table entries: 131072 (order: 8, 1048576 bytes, linear)
[    0.106879] mem auto-init: stack:off, heap alloc:on, heap free:off
[    0.106881] Calgary: detecting Calgary via BIOS EBDA area
[    0.106883] Calgary: Unable to locate Rio Grande table in EBDA - bailing!
[    0.111157] Memory: 1967332K/2096696K available (14339K kernel code, 2398K rwdata, 4712K rodata, 2728K init, 17260K bss, 129364K reserved, 0K cma-reserved)
[    0.112081] SLUB: HWalign=64, Order=0-3, MinObjects=0, CPUs=1, Nodes=1
[    0.112098] ftrace: allocating 43186 entries in 169 pages
[    0.130173] rcu: Hierarchical RCU implementation.
[    0.130174] rcu: 	RCU restricting CPUs from NR_CPUS=8192 to nr_cpu_ids=1.
[    0.130175] 	Tasks RCU enabled.
[    0.130176] rcu: RCU calculated value of scheduler-enlistment delay is 25 jiffies.
[    0.130177] rcu: Adjusting geometry for rcu_fanout_leaf=16, nr_cpu_ids=1
[    0.133141] NR_IRQS: 524544, nr_irqs: 256, preallocated irqs: 16
[    0.133353] random: crng init done
[    0.142641] Console: colour VGA+ 80x25
[    0.142647] printk: console [tty0] enabled
[    0.142668] ACPI: Core revision 20190816
[    0.142770] APIC: Switch to symmetric I/O mode setup
[    0.143023] x2apic enabled
[    0.143258] Switched APIC routing to physical x2apic.
[    0.144394] ..TIMER: vector=0x30 apic1=0 pin1=2 apic2=-1 pin2=-1
[    0.144419] clocksource: tsc-early: mask: 0xffffffffffffffff max_cycles: 0x1e4530a99b6, max_idle_ns: 440795257976 ns
[    0.144425] Calibrating delay loop (skipped) preset value.. 4200.00 BogoMIPS (lpj=8400000)
[    0.144428] pid_max: default: 32768 minimum: 301
[    0.144457] LSM: Security Framework initializing
[    0.144466] Yama: becoming mindful.
[    0.144491] AppArmor: AppArmor initialized
[    0.144526] Mount-cache hash table entries: 4096 (order: 3, 32768 bytes, linear)
[    0.144530] Mountpoint-cache hash table entries: 4096 (order: 3, 32768 bytes, linear)
[    0.144540] *** VALIDATE tmpfs ***
[    0.144668] *** VALIDATE proc ***
[    0.144709] *** VALIDATE cgroup1 ***
[    0.144710] *** VALIDATE cgroup2 ***
[    0.144851] process: using mwait in idle threads
[    0.144856] Last level iTLB entries: 4KB 64, 2MB 8, 4MB 8
[    0.144857] Last level dTLB entries: 4KB 64, 2MB 0, 4MB 0, 1GB 4
[    0.144876] Spectre V1 : Mitigation: usercopy/swapgs barriers and __user pointer sanitization
[    0.144881] Spectre V2 : Mitigation: Retpolines
[    0.144882] Spectre V2 : Spectre v2 / SpectreRSB mitigation: Filling RSB on context switch
[    0.144883] Spectre V2 : Spectre v2 / SpectreRSB : Filling RSB on VMEXIT
[    0.144883] RETBleed: WARNING: Spectre v2 mitigation leaves CPU vulnerable to RETBleed attacks, data leaks possible!
[    0.145236] RETBleed: Vulnerable
[    0.145236] Speculative Store Bypass: Vulnerable
[    0.145241] TAA: Mitigation: TSX disabled
[    0.145241] MMIO Stale Data: Mitigation: Clear CPU buffers
[    0.149448] Freeing SMP alternatives memory: 40K
[    0.261996] smpboot: CPU0: Intel(R) Xeon(R) Silver 4216 CPU @ 2.10GHz (family: 0x6, model: 0x55, stepping: 0x7)
[    0.262154] Performance Events: unsupported p6 CPU model 85 no PMU driver, software events only.
[    0.262201] rcu: Hierarchical SRCU implementation.
[    0.262682] NMI watchdog: Perf NMI watchdog permanently disabled
[    0.262721] smp: Bringing up secondary CPUs ...
[    0.262722] smp: Brought up 1 node, 1 CPU
[    0.262723] smpboot: Max logical packages: 1
[    0.262724] smpboot: Total of 1 processors activated (4200.00 BogoMIPS)
[    0.264019] devtmpfs: initialized
[    0.264066] x86/mm: Memory block size: 128MB
[    0.264422] clocksource: jiffies: mask: 0xffffffff max_cycles: 0xffffffff, max_idle_ns: 7645041785100000 ns
[    0.264422] futex hash table entries: 256 (order: 2, 16384 bytes, linear)
[    0.264422] pinctrl core: initialized pinctrl subsystem
[    0.264422] PM: RTC time: 17:18:25, date: 2026-01-16
[    0.264422] NET: Registered protocol family 16
[    0.264422] audit: initializing netlink subsys (disabled)
[    0.264422] EISA bus registered
[    0.264422] cpuidle: using governor ladder
[    0.264422] cpuidle: using governor menu
[    0.264422] ACPI: bus type PCI registered
[    0.264422] acpiphp: ACPI Hot Plug PCI Controller Driver version: 0.5
[    0.264470] PCI: Using configuration type 1 for base access
[    0.266215] audit: type=2000 audit(1768555111.852:1): state=initialized audit_enabled=0 res=1
[    0.266294] HugeTLB registered 2.00 MiB page size, pre-allocated 0 pages
[    0.267129] ACPI: Added _OSI(Module Device)
[    0.267130] ACPI: Added _OSI(Processor Device)
[    0.267131] ACPI: Added _OSI(3.0 _SCP Extensions)
[    0.267131] ACPI: Added _OSI(Processor Aggregator Device)
[    0.267132] ACPI: Added _OSI(Linux-Dell-Video)
[    0.267133] ACPI: Added _OSI(Linux-Lenovo-NV-HDMI-Audio)
[    0.267134] ACPI: Added _OSI(Linux-HPI-Hybrid-Graphics)
[    0.269150] ACPI: 2 ACPI AML tables successfully acquired and loaded
[    0.270683] ACPI: Interpreter enabled
[    0.270692] ACPI: (supports S0 S5)
[    0.270694] ACPI: Using IOAPIC for interrupt routing
[    0.270898] PCI: Using host bridge windows from ACPI; if necessary, use "pci=nocrs" and report a bug
[    0.271016] ACPI: Enabled 2 GPEs in block 00 to 07
[    0.275980] ACPI: PCI Root Bridge [PCI0] (domain 0000 [bus 00-ff])
[    0.275986] acpi PNP0A03:00: _OSC: OS supports [ASPM ClockPM Segments MSI HPX-Type3]
[    0.276503] acpi PNP0A03:00: _OSC: not requesting OS control; OS requires [ExtendedConfig ASPM ClockPM MSI]
[    0.276511] acpi PNP0A03:00: fail to add MMCONFIG information, can't access extended PCI configuration space under this bridge.
[    0.276892] PCI host bridge to bus 0000:00
[    0.276894] pci_bus 0000:00: root bus resource [io  0x0000-0x0cf7 window]
[    0.276895] pci_bus 0000:00: root bus resource [io  0x0d00-0xffff window]
[    0.276896] pci_bus 0000:00: root bus resource [mem 0x000a0000-0x000bffff window]
[    0.276897] pci_bus 0000:00: root bus resource [mem 0x80000000-0xfdffffff window]
[    0.276899] pci_bus 0000:00: root bus resource [bus 00-ff]
[    0.276943] pci 0000:00:00.0: [8086:1237] type 00 class 0x060000
[    0.277903] pci 0000:00:01.0: [8086:7000] type 00 class 0x060100
[    0.278667] pci 0000:00:01.1: [8086:7111] type 00 class 0x01018a
[    0.279042] pci 0000:00:01.1: reg 0x20: [io  0xd000-0xd00f]
[    0.279194] pci 0000:00:01.1: legacy IDE quirk: reg 0x10: [io  0x01f0-0x01f7]
[    0.279195] pci 0000:00:01.1: legacy IDE quirk: reg 0x14: [io  0x03f6]
[    0.279196] pci 0000:00:01.1: legacy IDE quirk: reg 0x18: [io  0x0170-0x0177]
[    0.279197] pci 0000:00:01.1: legacy IDE quirk: reg 0x1c: [io  0x0376]
[    0.279744] pci 0000:00:02.0: [15ad:0405] type 00 class 0x030000
[    0.282484] pci 0000:00:02.0: reg 0x10: [io  0xd010-0xd01f]
[    0.286346] pci 0000:00:02.0: reg 0x14: [mem 0xe0000000-0xe7ffffff pref]
[    0.288473] pci 0000:00:02.0: reg 0x18: [mem 0xf0000000-0xf01fffff]
[    0.301132] pci 0000:00:03.0: [1022:2000] type 00 class 0x020000
[    0.301875] pci 0000:00:03.0: reg 0x10: [io  0xd020-0xd03f]
[    0.302536] pci 0000:00:03.0: reg 0x14: [mem 0xf0200000-0xf0200fff]
[    0.305795] pci 0000:00:04.0: [80ee:cafe] type 00 class 0x088000
[    0.306466] pci 0000:00:04.0: reg 0x10: [io  0xd040-0xd05f]
[    0.307074] pci 0000:00:04.0: reg 0x14: [mem 0xf0400000-0xf07fffff]
[    0.307677] pci 0000:00:04.0: reg 0x18: [mem 0xf0800000-0xf0803fff pref]
[    0.310933] pci 0000:00:07.0: [8086:7113] type 00 class 0x068000
[    0.312563] pci 0000:00:07.0: quirk: [io  0x4000-0x403f] claimed by PIIX4 ACPI
[    0.312573] pci 0000:00:07.0: quirk: [io  0x4100-0x410f] claimed by PIIX4 SMB
[    0.313188] pci 0000:00:08.0: [8086:100e] type 00 class 0x020000
[    0.313903] pci 0000:00:08.0: reg 0x10: [mem 0xf0820000-0xf083ffff]
[    0.315058] pci 0000:00:08.0: reg 0x18: [io  0xd060-0xd067]
[    0.318052] pci 0000:00:09.0: [8086:100e] type 00 class 0x020000
[    0.318757] pci 0000:00:09.0: reg 0x10: [mem 0xf0840000-0xf085ffff]
[    0.319902] pci 0000:00:09.0: reg 0x18: [io  0xd068-0xd06f]
[    0.329435] ACPI: PCI Interrupt Link [LNKA] (IRQs 5 9 10 *11)
[    0.329717] ACPI: PCI Interrupt Link [LNKB] (IRQs 5 9 *10 11)
[    0.329819] ACPI: PCI Interrupt Link [LNKC] (IRQs 5 *9 10 11)
[    0.329925] ACPI: PCI Interrupt Link [LNKD] (IRQs 5 9 10 *11)
[    0.330187] iommu: Default domain type: Translated 
[    0.330244] pci 0000:00:02.0: vgaarb: setting as boot VGA device
[    0.330246] pci 0000:00:02.0: vgaarb: VGA device added: decodes=io+mem,owns=io+mem,locks=none
[    0.330248] pci 0000:00:02.0: vgaarb: bridge control possible
[    0.330248] vgaarb: loaded
[    0.330457] SCSI subsystem initialized
[    0.330487] libata version 3.00 loaded.
[    0.330511] ACPI: bus type USB registered
[    0.330527] usbcore: registered new interface driver usbfs
[    0.330533] usbcore: registered new interface driver hub
[    0.330538] usbcore: registered new device driver usb
[    0.330568] pps_core: LinuxPPS API ver. 1 registered
[    0.330569] pps_core: Software ver. 5.3.6 - Copyright 2005-2007 Rodolfo Giometti <giometti@linux.it>
[    0.330571] PTP clock support registered
[    0.330605] EDAC MC: Ver: 3.0.0
[    0.332682] PCI: Using ACPI for IRQ routing
[    0.332683] PCI: pci_cache_line_size set to 64 bytes
[    0.332855] e820: reserve RAM buffer [mem 0x0009fc00-0x0009ffff]
[    0.332859] e820: reserve RAM buffer [mem 0x7fff0000-0x7fffffff]
[    0.333672] NetLabel: Initializing
[    0.333672] NetLabel:  domain hash size = 128
[    0.333673] NetLabel:  protocols = UNLABELED CIPSOv4 CALIPSO
[    0.333693] NetLabel:  unlabeled traffic allowed by default
[    0.334588] clocksource: Switched to clocksource kvm-clock
[    0.346811] *** VALIDATE bpf ***
[    0.346873] VFS: Disk quotas dquot_6.6.0
[    0.346885] VFS: Dquot-cache hash table entries: 512 (order 0, 4096 bytes)
[    0.346916] *** VALIDATE ramfs ***
[    0.346919] *** VALIDATE hugetlbfs ***
[    0.347000] AppArmor: AppArmor Filesystem Enabled
[    0.347028] pnp: PnP ACPI init
[    0.347092] pnp 00:00: Plug and Play ACPI device, IDs PNP0303 (active)
[    0.347179] pnp 00:01: Plug and Play ACPI device, IDs PNP0f03 (active)
[    0.347918] pnp: PnP ACPI: found 2 devices
[    0.348876] thermal_sys: Registered thermal governor 'fair_share'
[    0.348877] thermal_sys: Registered thermal governor 'bang_bang'
[    0.348877] thermal_sys: Registered thermal governor 'step_wise'
[    0.348878] thermal_sys: Registered thermal governor 'user_space'
[    0.348879] thermal_sys: Registered thermal governor 'power_allocator'
[    0.353390] clocksource: acpi_pm: mask: 0xffffff max_cycles: 0xffffff, max_idle_ns: 2085701024 ns
[    0.353430] pci_bus 0000:00: resource 4 [io  0x0000-0x0cf7 window]
[    0.353432] pci_bus 0000:00: resource 5 [io  0x0d00-0xffff window]
[    0.353433] pci_bus 0000:00: resource 6 [mem 0x000a0000-0x000bffff window]
[    0.353434] pci_bus 0000:00: resource 7 [mem 0x80000000-0xfdffffff window]
[    0.353491] NET: Registered protocol family 2
[    0.353566] IP idents hash table entries: 32768 (order: 6, 262144 bytes, linear)
[    0.353968] MPTCP tokens hash table entries: 8192 (order: 4, 65536 bytes, linear)
[    0.353989] MPTCP request tokens hash table entries: 8192 (order: 4, 65536 bytes, linear)
[    0.354014] default registered
[    0.354014] default registered
[    0.354015] MPTCP: Stable release v0.96
[    0.354019] tcp_listen_portaddr_hash hash table entries: 1024 (order: 2, 16384 bytes, linear)
[    0.354098] TCP established hash table entries: 16384 (order: 5, 131072 bytes, linear)
[    0.354163] TCP bind hash table entries: 16384 (order: 6, 262144 bytes, linear)
[    0.354189] TCP: Hash tables configured (established 16384 bind 16384)
[    0.354893] UDP hash table entries: 1024 (order: 3, 32768 bytes, linear)
[    0.354914] UDP-Lite hash table entries: 1024 (order: 3, 32768 bytes, linear)
[    0.354948] NET: Registered protocol family 1
[    0.354957] NET: Registered protocol family 44
[    0.354979] pci 0000:00:00.0: Limiting direct PCI/PCI transfers
[    0.354991] pci 0000:00:01.0: Activating ISA DMA hang workarounds
[    0.355048] pci 0000:00:02.0: Video device with shadowed ROM at [mem 0x000c0000-0x000dffff]
[    0.355155] PCI: CLS 0 bytes, default 64
[    0.355210] Trying to unpack rootfs image as initramfs...
[    0.523654] Freeing initrd memory: 47868K
[    0.523654] clocksource: tsc: mask: 0xffffffffffffffff max_cycles: 0x1e4530a99b6, max_idle_ns: 440795257976 ns
[    0.523654] clocksource: Switched to clocksource tsc
[    0.523654] platform rtc_cmos: registered platform RTC device (no PNP device found)
[    0.523654] check: Scanning for low memory corruption every 60 seconds
[    0.523654] Initialise system trusted keyrings
[    0.523654] Key type blacklist registered
[    0.523654] workingset: timestamp_bits=36 max_order=19 bucket_order=0
[    0.523654] zbud: loaded
[    0.523654] squashfs: version 4.0 (2009/01/31) Phillip Lougher
[    0.523654] fuse: init (API version 7.31)
[    0.523654] *** VALIDATE fuse ***
[    0.523654] *** VALIDATE fuse ***
[    0.523654] Platform Keyring initialized
[    0.523654] Key type asymmetric registered
[    0.523654] Asymmetric key parser 'x509' registered
[    0.523654] Block layer SCSI generic (bsg) driver version 0.4 loaded (major 244)
[    0.523654] io scheduler mq-deadline registered
[    0.523654] shpchp: Standard Hot Plug PCI Controller Driver version: 0.4
[    0.537465] ACPI: AC Adapter [AC] (on-line)
[    0.537510] input: Power Button as /devices/LNXSYSTM:00/LNXPWRBN:00/input/input0
[    0.537537] ACPI: Power Button [PWRF]
[    0.537614] input: Sleep Button as /devices/LNXSYSTM:00/LNXSLPBN:00/input/input1
[    0.537629] ACPI: Sleep Button [SLPF]
[    0.537863] Serial: 8250/16550 driver, 32 ports, IRQ sharing enabled
[    0.539013] Linux agpgart interface v0.103
[    0.635118] loop: module loaded
[    0.635245] ata_piix 0000:00:01.1: version 2.13
[    0.635633] scsi host0: ata_piix
[    0.635718] scsi host1: ata_piix
[    0.635745] ata1: PATA max UDMA/33 cmd 0x1f0 ctl 0x3f6 bmdma 0xd000 irq 14
[    0.635745] ata2: PATA max UDMA/33 cmd 0x170 ctl 0x376 bmdma 0xd008 irq 15
[    0.635818] tun: Universal TUN/TAP device driver, 1.6
[    0.636123] PPP generic driver version 2.4.2
[    0.636163] VFIO - User Level meta-driver version: 0.3
[    0.636392] ehci_hcd: USB 2.0 'Enhanced' Host Controller (EHCI) Driver
[    0.636396] ehci-pci: EHCI PCI platform driver
[    0.636408] ehci-platform: EHCI generic platform driver
[    0.636413] ohci_hcd: USB 1.1 'Open' Host Controller (OHCI) Driver
[    0.636415] ohci-pci: OHCI PCI platform driver
[    0.636422] ohci-platform: OHCI generic platform driver
[    0.636427] uhci_hcd: USB Universal Host Controller Interface driver
[    0.636487] i8042: PNP: PS/2 Controller [PNP0303:PS2K,PNP0f03:PS2M] at 0x60,0x64 irq 1,12
[    0.636924] serio: i8042 KBD port at 0x60,0x64 irq 1
[    0.636928] serio: i8042 AUX port at 0x60,0x64 irq 12
[    0.637011] mousedev: PS/2 mouse device common for all mice
[    0.637262] input: AT Translated Set 2 keyboard as /devices/platform/i8042/serio0/input/input2
[    0.637656] rtc_cmos rtc_cmos: registered as rtc0
[    0.637668] rtc_cmos rtc_cmos: alarms up to one day, 114 bytes nvram
[    0.637673] i2c /dev entries driver
[    0.637714] device-mapper: uevent: version 1.0.3
[    0.637756] device-mapper: ioctl: 4.41.0-ioctl (2019-09-16) initialised: dm-devel@redhat.com
[    0.637770] platform eisa.0: Probing EISA bus 0
[    0.637772] platform eisa.0: EISA: Cannot allocate resource for mainboard
[    0.637773] platform eisa.0: Cannot allocate resource for EISA slot 1
[    0.637774] platform eisa.0: Cannot allocate resource for EISA slot 2
[    0.637775] platform eisa.0: Cannot allocate resource for EISA slot 3
[    0.637776] platform eisa.0: Cannot allocate resource for EISA slot 4
[    0.637777] platform eisa.0: Cannot allocate resource for EISA slot 5
[    0.637778] platform eisa.0: Cannot allocate resource for EISA slot 6
[    0.637779] platform eisa.0: Cannot allocate resource for EISA slot 7
[    0.637780] platform eisa.0: Cannot allocate resource for EISA slot 8
[    0.637781] platform eisa.0: EISA: Detected 0 cards
[    0.637784] intel_pstate: CPU model not supported
[    0.637792] ledtrig-cpu: registered to indicate activity on CPUs
[    0.637842] drop_monitor: Initializing network drop monitor service
[    0.637999] NET: Registered protocol family 10
[    0.643082] Segment Routing with IPv6
[    0.643111] fullmesh registered
[    0.643112] ndiffports registered
[    0.643113] binder registered
[    0.643114] roundrobin registered
[    0.643115] redundant registered
[    0.643115] blest registered
[    0.643116] ecf registered
[    0.643117] NET: Registered protocol family 17
[    0.643147] Key type dns_resolver registered
[    0.643221] RAS: Correctable Errors collector initialized.
[    0.643221] IPI shorthand broadcast: enabled
[    0.643221] sched_clock: Marking stable (628143016, 11078038)->(639826661, -605607)
[    0.643318] registered taskstats version 1
[    0.643326] Loading compiled-in X.509 certificates
[    0.643914] Loaded X.509 cert 'Build time autogenerated kernel key: 6909f3744cebb3d0de528d5887b96a727de79b1e'
[    0.643931] zswap: loaded using pool lzo/zbud
[    0.643983] Key type ._fscrypt registered
[    0.643984] Key type .fscrypt registered
[    0.648382] Key type big_key registered
[    0.650542] Key type encrypted registered
[    0.650545] AppArmor: AppArmor sha1 policy hashing enabled
[    0.650552] ima: No TPM chip found, activating TPM-bypass!
[    0.650556] ima: Allocated hash algorithm: sha1
[    0.650562] ima: No architecture policies found
[    0.650570] evm: Initialising EVM extended attributes:
[    0.650571] evm: security.selinux
[    0.650571] evm: security.SMACK64
[    0.650572] evm: security.SMACK64EXEC
[    0.650572] evm: security.SMACK64TRANSMUTE
[    0.650573] evm: security.SMACK64MMAP
[    0.650573] evm: security.apparmor
[    0.650573] evm: security.ima
[    0.650574] evm: security.capability
[    0.650574] evm: HMAC attrs: 0x1
[    0.650865] PM:   Magic number: 10:246:340
[    0.651000] rtc_cmos rtc_cmos: setting system clock to 2026-01-16T17:18:26 UTC (1768583906)
[    0.806616] ata1.00: ATA-6: VBOX HARDDISK, 1.0, max UDMA/133
[    0.806618] ata1.00: 209715200 sectors, multi 128: LBA 
[    0.807033] scsi 0:0:0:0: Direct-Access     ATA      VBOX HARDDISK    1.0  PQ: 0 ANSI: 5
[    0.807228] sd 0:0:0:0: [sda] 209715200 512-byte logical blocks: (107 GB/100 GiB)
[    0.807235] sd 0:0:0:0: [sda] Write Protect is off
[    0.807236] sd 0:0:0:0: [sda] Mode Sense: 00 3a 00 00
[    0.807247] sd 0:0:0:0: [sda] Write cache: enabled, read cache: enabled, doesn't support DPO or FUA
[    0.807429] sd 0:0:0:0: Attached scsi generic sg0 type 0
[    0.808039]  sda: sda1 sda2
[    0.819193] sd 0:0:0:0: [sda] Attached SCSI disk
[    0.820974] Freeing unused decrypted memory: 2040K
[    0.821648] Freeing unused kernel image memory: 2728K
[    0.821650] Write protecting the kernel read-only data: 22528k
[    0.822298] Freeing unused kernel image memory: 2036K
[    0.822678] Freeing unused kernel image memory: 1432K
[    0.835600] x86/mm: Checked W+X mappings: passed, no W+X pages found.
[    0.835603] Run /init as init process
[    0.925047] ACPI: Video Device [GFX0] (multi-head: yes  rom: no  post: no)
[    0.925117] input: Video Bus as /devices/LNXSYSTM:00/LNXSYBUS:00/PNP0A03:00/LNXVIDEO:00/input/input4
[    0.938442] pcnet32: pcnet32.c:v1.35 21.Apr.2008 tsbogend@alpha.franken.de
[    0.940331] piix4_smbus 0000:00:07.0: SMBus Host Controller at 0x4100, revision 0
[    0.942775] e1000: Intel(R) PRO/1000 Network Driver - version 7.3.21-k8-NAPI
[    0.942775] e1000: Copyright (c) 1999-2006 Intel Corporation.
[    0.954492] pcnet32: PCnet/FAST III 79C973 at 0xd020, 08:00:27:07:ad:a6 assigned IRQ 19
[    0.954536] pcnet32: Found PHY 0022:561b at address 0
[    0.954831] pcnet32: eth0: registered as PCnet/FAST III 79C973
[    0.954853] pcnet32: 1 cards_found
[    1.010202] pcnet32 0000:00:03.0 enp0s3: renamed from eth0
[    1.154138] input: ImExPS/2 Generic Explorer Mouse as /devices/platform/i8042/serio1/input/input5
[    1.347453] e1000 0000:00:08.0 eth0: (PCI:33MHz:32-bit) 08:00:27:01:1c:60
[    1.347457] e1000 0000:00:08.0 eth0: Intel(R) PRO/1000 Network Connection
[    1.719338] e1000 0000:00:09.0 eth1: (PCI:33MHz:32-bit) 08:00:27:80:e2:94
[    1.719341] e1000 0000:00:09.0 eth1: Intel(R) PRO/1000 Network Connection
[    1.720479] e1000 0000:00:09.0 enp0s9: renamed from eth1
[    1.722221] e1000 0000:00:08.0 enp0s8: renamed from eth0
[    1.871569] EXT4-fs (sda2): mounted filesystem with ordered data mode. Opts: (null)
[    1.961430] systemd[1]: Inserted module 'autofs4'
[    1.973772] systemd[1]: systemd 245.4-4ubuntu3 running in system mode. (+PAM +AUDIT +SELINUX +IMA +APPARMOR +SMACK +SYSVINIT +UTMP +LIBCRYPTSETUP +GCRYPT +GNUTLS +ACL +XZ +LZ4 +SECCOMP +BLKID +ELFUTILS +KMOD +IDN2 -IDN +PCRE2 default-hierarchy=hybrid)
[    1.973802] systemd[1]: Detected virtualization oracle.
[    1.973807] systemd[1]: Detected architecture x86-64.
[    1.975158] systemd[1]: Set hostname to <ztg>.
[    2.100309] systemd[1]: /lib/systemd/system/dbus.socket:5: ListenStream= references a path below legacy directory /var/run/, updating /var/run/dbus/system_bus_socket â†’ /run/dbus/system_bus_socket; please update the unit file accordingly.
[    2.152487] systemd[1]: Created slice system-modprobe.slice.
[    2.152666] systemd[1]: Created slice User and Session Slice.
[    2.152708] systemd[1]: Started Forward Password Requests to Wall Directory Watch.
[    2.152861] systemd[1]: Set up automount Arbitrary Executable File Formats File System Automount Point.
[    2.152894] systemd[1]: Reached target User and Group Name Lookups.
[    2.152901] systemd[1]: Reached target Remote File Systems.
[    2.152909] systemd[1]: Reached target Slices.
[    2.153460] systemd[1]: Listening on Syslog Socket.
[    2.153524] systemd[1]: Listening on fsck to fsckd communication Socket.
[    2.153560] systemd[1]: Listening on initctl Compatibility Named Pipe.
[    2.153690] systemd[1]: Listening on Journal Audit Socket.
[    2.153738] systemd[1]: Listening on Journal Socket (/dev/log).
[    2.153804] systemd[1]: Listening on Journal Socket.
[    2.153868] systemd[1]: Listening on udev Control Socket.
[    2.153906] systemd[1]: Listening on udev Kernel Socket.
[    2.154589] systemd[1]: Mounting Huge Pages File System...
[    2.155555] systemd[1]: Mounting POSIX Message Queue File System...
[    2.156408] systemd[1]: Mounting Kernel Debug File System...
[    2.157236] systemd[1]: Mounting Kernel Trace File System...
[    2.159115] systemd[1]: Starting Journal Service...
[    2.181550] systemd[1]: Starting Set the console keyboard layout...
[    2.189589] systemd[1]: Starting Create list of static device nodes for the current kernel...
[    2.191642] systemd[1]: Starting Load Kernel Module drm...
[    2.192741] systemd[1]: Condition check resulted in Set Up Additional Binary Formats being skipped.
[    2.192781] systemd[1]: Condition check resulted in File System Check on Root Device being skipped.
[    2.204869] systemd[1]: Starting Load Kernel Modules...
[    2.210086] systemd[1]: Starting Remount Root and Kernel File Systems...
[    2.220117] systemd[1]: Starting udev Coldplug all Devices...
[    2.230317] systemd[1]: Starting Uncomplicated firewall...
[    2.235649] systemd[1]: Mounted Huge Pages File System.
[    2.235734] systemd[1]: Mounted POSIX Message Queue File System.
[    2.235804] systemd[1]: Mounted Kernel Debug File System.
[    2.235872] systemd[1]: Mounted Kernel Trace File System.
[    2.236317] EXT4-fs (sda2): re-mounted. Opts: errors=remount-ro
[    2.254976] systemd[1]: Finished Create list of static device nodes for the current kernel.
[    2.255910] systemd[1]: modprobe@drm.service: Succeeded.
[    2.260118] systemd[1]: Finished Load Kernel Module drm.
[    2.260959] systemd[1]: Finished Remount Root and Kernel File Systems.
[    2.267160] systemd[1]: Finished Uncomplicated firewall.
[    2.295739] systemd[1]: Condition check resulted in Rebuild Hardware Database being skipped.
[    2.295776] systemd[1]: Condition check resulted in Platform Persistent Storage Archival being skipped.
[    2.297412] lp: driver loaded but no devices found
[    2.298739] systemd[1]: Starting Load/Save Random Seed...
[    2.304498] systemd[1]: Starting Create System Users...
[    2.312459] ppdev: user-space parallel port driver
[    2.315828] systemd[1]: Finished Load/Save Random Seed.
[    2.320731] systemd[1]: Finished Create System Users.
[    2.321418] systemd[1]: Starting Create Static Device Nodes in /dev...
[    2.342880] systemd[1]: Finished udev Coldplug all Devices.
[    2.355326] systemd[1]: Finished Create Static Device Nodes in /dev.
[    2.356054] systemd[1]: Starting udev Kernel Device Manager...
[    2.409169] [drm] DMA map mode: Caching DMA mappings.
[    2.409231] [drm] Capabilities:
[    2.409231] [drm]   Rect copy.
[    2.409231] [drm]   Cursor.
[    2.409232] [drm]   Cursor bypass.
[    2.409232] [drm]   Cursor bypass 2.
[    2.409233] [drm]   Alpha cursor.
[    2.409233] [drm]   Extended Fifo.
[    2.409233] [drm]   Pitchlock.
[    2.409234] [drm]   Irq mask.
[    2.409234] [drm]   GMR.
[    2.409234] [drm]   Traces.
[    2.409235] [drm]   GMR2.
[    2.409235] [drm]   Screen Object 2.
[    2.409235] [drm]   Command Buffers.
[    2.409236] [drm]   Command Buffers 2.
[    2.409236] [drm]   Guest Backed Resources.
[    2.409237] [drm] Max GMR ids is 8192
[    2.409238] [drm] Max number of GMR pages is 1048576
[    2.409238] [drm] Max dedicated hypervisor surface memory is 393216 kiB
[    2.409238] [drm] Maximum display memory size is 131072 kiB
[    2.409239] [drm] VRAM at 0xe0000000 size is 131072 kiB
[    2.409240] [drm] MMIO at 0xf0000000 size is 2048 kiB
[    2.415235] [TTM] Zone  kernel: Available graphics memory: 1011738 KiB
[    2.415236] [TTM] Initializing pool allocator
[    2.415239] [TTM] Initializing DMA pool allocator
[    2.415265] [drm] Supports vblank timestamp caching Rev 2 (21.10.2013).
[    2.415266] [drm] No driver support for vblank timestamp query.
[    2.415480] [drm] Screen Target Display device initialized
[    2.415700] [drm] width 720
[    2.415710] [drm] height 400
[    2.415713] [drm] bpp 32
[    2.416275] [drm] Fifo max 0x00200000 min 0x00001000 cap 0x00000355
[    2.417318] [drm] Using command buffers with DMA pool.
[    2.417322] [drm] DX: no.
[    2.417322] [drm] Atomic: yes.
[    2.417323] [drm] SM4_1: no.
[    2.417341] [drm:vmw_host_log [vmwgfx]] *ERROR* Failed to send host log message.
[    2.418223] [drm:vmw_host_log [vmwgfx]] *ERROR* Failed to send host log message.
[    2.439617] systemd[1]: Finished Set the console keyboard layout.
[    2.439711] systemd[1]: Reached target Local File Systems (Pre).
[    2.441750] systemd[1]: Mounting Mount unit for bare, revision 5...
[    2.443828] systemd[1]: Mounting Mount unit for core18, revision 1705...
[    2.445152] fbcon: svgadrmfb (fb0) is primary device
[    2.447291] Console: switching to colour frame buffer device 100x37
[    2.458172] [drm] Initialized vmwgfx 2.15.0 20180704 for 0000:00:02.0 on minor 0
[    2.458510] systemd[1]: Mounting Mount unit for gnome-3-34-1804, revision 24...
[    2.471424] systemd[1]: Mounting Mount unit for gtk-common-themes, revision 1506...
[    2.486661] systemd[1]: Mounting Mount unit for gtk-common-themes, revision 1535...
[    2.507631] systemd[1]: Mounting Mount unit for snap-store, revision 433...
[    2.511408] systemd[1]: Mounting Mount unit for snapd, revision 7264...
[    2.514541] systemd[1]: Finished Load Kernel Modules.
[    2.520535] systemd[1]: Mounting FUSE Control File System...
[    2.521333] systemd[1]: Mounting Kernel Configuration File System...
[    2.522095] systemd[1]: Starting Apply Kernel Variables...
[    2.541690] systemd[1]: Mounted Mount unit for bare, revision 5.
[    2.541785] systemd[1]: Mounted FUSE Control File System.
[    2.541837] systemd[1]: Condition check resulted in VMware vmblock fuse mount being skipped.
[    2.549538] systemd[1]: Mounted Kernel Configuration File System.
[    2.562482] systemd[1]: Mounted Mount unit for gnome-3-34-1804, revision 24.
[    2.564297] systemd[1]: Finished Apply Kernel Variables.
[    2.588803] systemd[1]: Mounted Mount unit for core18, revision 1705.
[    2.597379] systemd[1]: Mounted Mount unit for gtk-common-themes, revision 1506.
[    2.597468] systemd[1]: Mounted Mount unit for snap-store, revision 433.
[    2.599208] systemd[1]: Started udev Kernel Device Manager.
[    2.599899] systemd[1]: Starting Show Plymouth Boot Screen...
[    2.606361] systemd[1]: Mounted Mount unit for gtk-common-themes, revision 1535.
[    2.606451] systemd[1]: Mounted Mount unit for snapd, revision 7264.
[    2.606504] systemd[1]: Reached target Local File Systems.
[    2.616631] systemd[1]: Starting Load AppArmor profiles...
[    2.622966] systemd[1]: Starting Set console font and keymap...
[    2.631205] systemd[1]: Starting Tell Plymouth To Write Out Runtime Data...
[    2.631270] systemd[1]: Condition check resulted in Store a System Token in an EFI Variable being skipped.
[    2.631309] systemd[1]: Condition check resulted in Commit a transient machine-id on disk being skipped.
[    2.631902] systemd[1]: Received SIGRTMIN+20 from PID 283 (plymouthd).
[    2.637126] systemd[1]: Finished Set console font and keymap.
[    2.650768] systemd[1]: Received SIGRTMIN+20 from PID 283 (plymouthd).
[    2.651799] systemd[1]: plymouth-read-write.service: Succeeded.
[    2.652036] systemd[1]: Finished Tell Plymouth To Write Out Runtime Data.
[    2.652225] systemd[1]: Started Show Plymouth Boot Screen.
[    2.652414] systemd[1]: Condition check resulted in Dispatch Password Requests to Console Directory Watch being skipped.
[    2.652493] systemd[1]: Started Forward Password Requests to Plymouth Directory Watch.
[    2.652576] systemd[1]: Reached target Local Encrypted Volumes.
[    2.673870] audit: type=1400 audit(1768583908.520:2): apparmor="STATUS" operation="profile_load" profile="unconfined" name="nvidia_modprobe" pid=296 comm="apparmor_parser"
[    2.673872] audit: type=1400 audit(1768583908.520:3): apparmor="STATUS" operation="profile_load" profile="unconfined" name="nvidia_modprobe//kmod" pid=296 comm="apparmor_parser"
[    2.697802] audit: type=1400 audit(1768583908.544:4): apparmor="STATUS" operation="profile_load" profile="unconfined" name="/usr/sbin/tcpdump" pid=301 comm="apparmor_parser"
[    2.726166] audit: type=1400 audit(1768583908.568:5): apparmor="STATUS" operation="profile_load" profile="unconfined" name="/usr/bin/evince" pid=303 comm="apparmor_parser"
[    2.726168] audit: type=1400 audit(1768583908.568:6): apparmor="STATUS" operation="profile_load" profile="unconfined" name="/usr/bin/evince//sanitized_helper" pid=303 comm="apparmor_parser"
[    2.726171] audit: type=1400 audit(1768583908.568:7): apparmor="STATUS" operation="profile_load" profile="unconfined" name="/usr/bin/evince-previewer" pid=303 comm="apparmor_parser"
[    2.726173] audit: type=1400 audit(1768583908.568:8): apparmor="STATUS" operation="profile_load" profile="unconfined" name="/usr/bin/evince-previewer//sanitized_helper" pid=303 comm="apparmor_parser"
[    2.726174] audit: type=1400 audit(1768583908.568:9): apparmor="STATUS" operation="profile_load" profile="unconfined" name="/usr/bin/evince-thumbnailer" pid=303 comm="apparmor_parser"
[    2.755457] audit: type=1400 audit(1768583908.600:10): apparmor="STATUS" operation="profile_load" profile="unconfined" name="/usr/lib/cups/backend/cups-pdf" pid=306 comm="apparmor_parser"
[    2.817990] systemd[1]: Finished Load AppArmor profiles.
[    2.818893] systemd[1]: Starting Load AppArmor profiles managed internally by snapd...
[    2.895568] systemd[1]: Finished Load AppArmor profiles managed internally by snapd.
[    3.105867] systemd[1]: Started Journal Service.
[    3.112587] systemd-journald[229]: Received client request to flush runtime journal.
[    3.117690] systemd-journald[229]: File /var/log/journal/c455b248004a419c87ce85eea238d727/system.journal corrupted or uncleanly shut down, renaming and replacing.
[    4.446493] RAPL PMU: API unit is 2^-32 Joules, 0 fixed counters, 10737418240 ms ovfl timer
[    4.488073] cryptd: max_cpu_qlen set to 1000
[    4.495909] AVX2 version of gcm_enc/dec engaged.
[    4.495910] AES CTR mode by8 optimization enabled
[    5.354177] Adding 1998844k swap on /dev/sda1.  Priority:-2 extents:1 across:1998844k FS
[    6.980221] kauditd_printk_skb: 30 callbacks suppressed
[    6.980222] audit: type=1400 audit(1768583912.824:41): apparmor="DENIED" operation="capable" profile="/usr/sbin/cups-browsed" pid=498 comm="cups-browsed" capability=23  capname="sys_nice"
[    7.548864] pcnet32 0000:00:03.0 enp0s3: link up, 100Mbps, full-duplex
[    7.584940] e1000: enp0s8 NIC Link is Up 1000 Mbps Full Duplex, Flow Control: RX
[    7.585212] IPv6: ADDRCONF(NETDEV_CHANGE): enp0s8: link becomes ready
[    7.597084] e1000: enp0s9 NIC Link is Up 1000 Mbps Full Duplex, Flow Control: RX
[    7.597377] IPv6: ADDRCONF(NETDEV_CHANGE): enp0s9: link becomes ready
[    8.132556] device enp0s3 entered promiscuous mode
[    8.159464] audit: type=1400 audit(1768583914.000:42): apparmor="DENIED" operation="open" profile="/usr/sbin/tcpdump" name="/proc/sys/kernel/random/boot_id" pid=704 comm="tcpdump" requested_mask="r" denied_mask="r" fsuid=0 ouid=0
[    8.159676] audit: type=1400 audit(1768583914.000:43): apparmor="DENIED" operation="open" profile="/usr/sbin/tcpdump" name="/proc/sys/kernel/random/boot_id" pid=704 comm="tcpdump" requested_mask="r" denied_mask="r" fsuid=0 ouid=0
[    8.159797] audit: type=1400 audit(1768583914.000:44): apparmor="DENIED" operation="open" profile="/usr/sbin/tcpdump" name="/proc/sys/kernel/random/boot_id" pid=704 comm="tcpdump" requested_mask="r" denied_mask="r" fsuid=0 ouid=0
[    8.161266] audit: type=1400 audit(1768583914.000:45): apparmor="DENIED" operation="open" profile="/usr/sbin/tcpdump" name="/proc/sys/kernel/random/boot_id" pid=704 comm="tcpdump" requested_mask="r" denied_mask="r" fsuid=0 ouid=0
[    8.164913] audit: type=1400 audit(1768583914.012:46): apparmor="DENIED" operation="open" profile="/usr/sbin/tcpdump" name="/proc/sys/kernel/random/boot_id" pid=705 comm="tcpdump" requested_mask="r" denied_mask="r" fsuid=0 ouid=0
[    8.166529] audit: type=1400 audit(1768583914.012:47): apparmor="DENIED" operation="open" profile="/usr/sbin/tcpdump" name="/proc/sys/kernel/random/boot_id" pid=705 comm="tcpdump" requested_mask="r" denied_mask="r" fsuid=0 ouid=0
[    8.166907] audit: type=1400 audit(1768583914.012:48): apparmor="DENIED" operation="open" profile="/usr/sbin/tcpdump" name="/proc/sys/kernel/random/boot_id" pid=705 comm="tcpdump" requested_mask="r" denied_mask="r" fsuid=0 ouid=0
[    8.167020] audit: type=1400 audit(1768583914.012:49): apparmor="DENIED" operation="open" profile="/usr/sbin/tcpdump" name="/proc/sys/kernel/random/boot_id" pid=705 comm="tcpdump" requested_mask="r" denied_mask="r" fsuid=0 ouid=0
[   12.676610] rfkill: input handler disabled
[  315.919414] AAAAA-TCP_FORW: name:enp0s3: saddr:33561200: daddr:100932208
[  316.063754] AAAAA-TCP_FORW: name:enp0s3: saddr:33561200: daddr:100932208
[  316.116391] AAAAA-TCP_FORW: name:enp0s3: saddr:33561200: daddr:100932208
[  316.303184] AAAAA-TCP_FORW: name:enp0s3: saddr:33561200: daddr:100932208
[  316.490853] AAAAA-TCP_FORW: name:enp0s3: saddr:33561200: daddr:100932208
[  619.264358] rfkill: input handler enabled
[  628.066378] rfkill: input handler disabled
[  979.468086] device enp0s3 left promiscuous mode
