[    0.000000] Linux version 5.4.243-mptcp (root@ztg) (gcc version 12.2.0 (Debian 12.2.0-14+deb12u1)) #53 SMP Wed Dec 24 23:28:15 CST 2025
[    0.000000] Command line: BOOT_IMAGE=/boot/vmlinuz-5.4.243-mptcp root=UUID=98415a12-53b7-4144-8265-0f7ece09e445 ro quiet splash
[    0.000000] KERNEL supported cpus:
[    0.000000]   Intel GenuineIntel
[    0.000000]   AMD AuthenticAMD
[    0.000000]   Hygon HygonGenuine
[    0.000000]   Centaur CentaurHauls
[    0.000000]   zhaoxin   Shanghai  
[    0.000000] x86/fpu: Supporting XSAVE feature 0x001: 'x87 floating point registers'
[    0.000000] x86/fpu: Supporting XSAVE feature 0x002: 'SSE registers'
[    0.000000] x86/fpu: Supporting XSAVE feature 0x004: 'AVX registers'
[    0.000000] x86/fpu: xstate_offset[2]:  576, xstate_sizes[2]:  256
[    0.000000] x86/fpu: Enabled xstate features 0x7, context size is 832 bytes, using 'standard' format.
[    0.000000] BIOS-provided physical RAM map:
[    0.000000] BIOS-e820: [mem 0x0000000000000000-0x000000000009fbff] usable
[    0.000000] BIOS-e820: [mem 0x000000000009fc00-0x000000000009ffff] reserved
[    0.000000] BIOS-e820: [mem 0x00000000000f0000-0x00000000000fffff] reserved
[    0.000000] BIOS-e820: [mem 0x0000000000100000-0x000000007ffeffff] usable
[    0.000000] BIOS-e820: [mem 0x000000007fff0000-0x000000007fffffff] ACPI data
[    0.000000] BIOS-e820: [mem 0x00000000fec00000-0x00000000fec00fff] reserved
[    0.000000] BIOS-e820: [mem 0x00000000fee00000-0x00000000fee00fff] reserved
[    0.000000] BIOS-e820: [mem 0x00000000fffc0000-0x00000000ffffffff] reserved
[    0.000000] NX (Execute Disable) protection: active
[    0.000000] SMBIOS 2.5 present.
[    0.000000] DMI: innotek GmbH VirtualBox/VirtualBox, BIOS VirtualBox 12/01/2006
[    0.000000] Hypervisor detected: KVM
[    0.000000] kvm-clock: Using msrs 4b564d01 and 4b564d00
[    0.000000] kvm-clock: cpu 0, msr 6ae01001, primary cpu clock
[    0.000000] kvm-clock: using sched offset of 4414243954 cycles
[    0.000002] clocksource: kvm-clock: mask: 0xffffffffffffffff max_cycles: 0x1cd42e4dffb, max_idle_ns: 881590591483 ns
[    0.000005] tsc: Detected 2100.000 MHz processor
[    0.001862] e820: update [mem 0x00000000-0x00000fff] usable ==> reserved
[    0.001864] e820: remove [mem 0x000a0000-0x000fffff] usable
[    0.001868] last_pfn = 0x7fff0 max_arch_pfn = 0x400000000
[    0.001935] MTRR default type: uncachable
[    0.001936] MTRR fixed ranges enabled:
[    0.001937]   00000-9FFFF write-back
[    0.001938]   A0000-BFFFF uncachable
[    0.001939]   C0000-FFFFF write-protect
[    0.001939] MTRR variable ranges enabled:
[    0.001941]   0 base 000000000000 mask 3FFF80000000 write-back
[    0.001942]   1 disabled
[    0.001942]   2 disabled
[    0.001942]   3 disabled
[    0.001943]   4 disabled
[    0.001943]   5 disabled
[    0.001944]   6 disabled
[    0.001944]   7 disabled
[    0.001945]   8 disabled
[    0.001945]   9 disabled
[    0.001945]   10 disabled
[    0.001946]   11 disabled
[    0.001946]   12 disabled
[    0.001947]   13 disabled
[    0.001947]   14 disabled
[    0.001948]   15 disabled
[    0.001963] x86/PAT: Configuration [0-7]: WB  WC  UC- UC  WB  WP  UC- WT  
[    0.002096] found SMP MP-table at [mem 0x0009fff0-0x0009ffff]
[    0.091588] check: Scanning 1 areas for low memory corruption
[    0.091843] RAMDISK: [mem 0x32271000-0x3512ffff]
[    0.091851] ACPI: Early table checksum verification disabled
[    0.091856] ACPI: RSDP 0x00000000000E0000 000024 (v02 VBOX  )
[    0.091861] ACPI: XSDT 0x000000007FFF0030 00003C (v01 VBOX   VBOXXSDT 00000001 ASL  00000061)
[    0.091867] ACPI: FACP 0x000000007FFF00F0 0000F4 (v04 VBOX   VBOXFACP 00000001 ASL  00000061)
[    0.091874] ACPI: DSDT 0x000000007FFF02E0 002353 (v02 VBOX   VBOXBIOS 00000002 VBOX 00029BF3)
[    0.091878] ACPI: FACS 0x000000007FFF0200 000040
[    0.091881] ACPI: FACS 0x000000007FFF0200 000040
[    0.091885] ACPI: APIC 0x000000007FFF0240 000054 (v02 VBOX   VBOXAPIC 00000001 ASL  00000061)
[    0.091888] ACPI: SSDT 0x000000007FFF02A0 000038 (v01 VBOX   VBOXCPUT 00000002 VBOX 00029BF3)
[    0.091892] ACPI: Reserving FACP table memory at [mem 0x7fff00f0-0x7fff01e3]
[    0.091893] ACPI: Reserving DSDT table memory at [mem 0x7fff02e0-0x7fff2632]
[    0.091893] ACPI: Reserving FACS table memory at [mem 0x7fff0200-0x7fff023f]
[    0.091894] ACPI: Reserving FACS table memory at [mem 0x7fff0200-0x7fff023f]
[    0.091895] ACPI: Reserving APIC table memory at [mem 0x7fff0240-0x7fff0293]
[    0.091895] ACPI: Reserving SSDT table memory at [mem 0x7fff02a0-0x7fff02d7]
[    0.091909] ACPI: Local APIC address 0xfee00000
[    0.092098] No NUMA configuration found
[    0.092099] Faking a node at [mem 0x0000000000000000-0x000000007ffeffff]
[    0.092109] NODE_DATA(0) allocated [mem 0x7ffc5000-0x7ffeffff]
[    0.092370] Zone ranges:
[    0.092371]   DMA      [mem 0x0000000000001000-0x0000000000ffffff]
[    0.092372]   DMA32    [mem 0x0000000001000000-0x000000007ffeffff]
[    0.092373]   Normal   empty
[    0.092374]   Device   empty
[    0.092374] Movable zone start for each node
[    0.092376] Early memory node ranges
[    0.092377]   node   0: [mem 0x0000000000001000-0x000000000009efff]
[    0.092378]   node   0: [mem 0x0000000000100000-0x000000007ffeffff]
[    0.092381] Zeroed struct page in unavailable ranges: 114 pages
[    0.092382] Initmem setup node 0 [mem 0x0000000000001000-0x000000007ffeffff]
[    0.092383] On node 0 totalpages: 524174
[    0.092384]   DMA zone: 64 pages used for memmap
[    0.092385]   DMA zone: 21 pages reserved
[    0.092386]   DMA zone: 3998 pages, LIFO batch:0
[    0.092456]   DMA32 zone: 8128 pages used for memmap
[    0.092456]   DMA32 zone: 520176 pages, LIFO batch:63
[    0.101409] ACPI: PM-Timer IO Port: 0x4008
[    0.101412] ACPI: Local APIC address 0xfee00000
[    0.101479] IOAPIC[0]: apic_id 1, version 32, address 0xfec00000, GSI 0-23
[    0.101482] ACPI: INT_SRC_OVR (bus 0 bus_irq 0 global_irq 2 dfl dfl)
[    0.101484] ACPI: INT_SRC_OVR (bus 0 bus_irq 9 global_irq 9 low level)
[    0.101486] ACPI: IRQ0 used by override.
[    0.101487] ACPI: IRQ9 used by override.
[    0.101489] Using ACPI (MADT) for SMP configuration information
[    0.101496] smpboot: Allowing 1 CPUs, 0 hotplug CPUs
[    0.101518] PM: Registered nosave memory: [mem 0x00000000-0x00000fff]
[    0.101519] PM: Registered nosave memory: [mem 0x0009f000-0x0009ffff]
[    0.101519] PM: Registered nosave memory: [mem 0x000a0000-0x000effff]
[    0.101520] PM: Registered nosave memory: [mem 0x000f0000-0x000fffff]
[    0.101522] [mem 0x80000000-0xfebfffff] available for PCI devices
[    0.101522] Booting paravirtualized kernel on KVM
[    0.101525] clocksource: refined-jiffies: mask: 0xffffffff max_cycles: 0xffffffff, max_idle_ns: 7645519600211568 ns
[    0.101530] setup_percpu: NR_CPUS:8192 nr_cpumask_bits:1 nr_cpu_ids:1 nr_node_ids:1
[    0.102533] percpu: Embedded 60 pages/cpu s208896 r8192 d28672 u2097152
[    0.102538] pcpu-alloc: s208896 r8192 d28672 u2097152 alloc=1*2097152
[    0.102538] pcpu-alloc: [0] 0 
[    0.102565] Built 1 zonelists, mobility grouping on.  Total pages: 515961
[    0.102566] Policy zone: DMA32
[    0.102567] Kernel command line: BOOT_IMAGE=/boot/vmlinuz-5.4.243-mptcp root=UUID=98415a12-53b7-4144-8265-0f7ece09e445 ro quiet splash
[    0.103428] Dentry cache hash table entries: 262144 (order: 9, 2097152 bytes, linear)
[    0.103575] Inode-cache hash table entries: 131072 (order: 8, 1048576 bytes, linear)
[    0.103624] mem auto-init: stack:off, heap alloc:on, heap free:off
[    0.103627] Calgary: detecting Calgary via BIOS EBDA area
[    0.103628] Calgary: Unable to locate Rio Grande table in EBDA - bailing!
[    0.107748] Memory: 1967332K/2096696K available (14339K kernel code, 2398K rwdata, 4712K rodata, 2728K init, 17260K bss, 129364K reserved, 0K cma-reserved)
[    0.108664] SLUB: HWalign=64, Order=0-3, MinObjects=0, CPUs=1, Nodes=1
[    0.108680] ftrace: allocating 43186 entries in 169 pages
[    0.126796] rcu: Hierarchical RCU implementation.
[    0.126798] rcu: 	RCU restricting CPUs from NR_CPUS=8192 to nr_cpu_ids=1.
[    0.126799] 	Tasks RCU enabled.
[    0.126801] rcu: RCU calculated value of scheduler-enlistment delay is 25 jiffies.
[    0.126802] rcu: Adjusting geometry for rcu_fanout_leaf=16, nr_cpu_ids=1
[    0.129806] NR_IRQS: 524544, nr_irqs: 256, preallocated irqs: 16
[    0.130014] random: crng init done
[    0.139379] Console: colour VGA+ 80x25
[    0.139384] printk: console [tty0] enabled
[    0.139405] ACPI: Core revision 20190816
[    0.139503] APIC: Switch to symmetric I/O mode setup
[    0.139751] x2apic enabled
[    0.139991] Switched APIC routing to physical x2apic.
[    0.141123] ..TIMER: vector=0x30 apic1=0 pin1=2 apic2=-1 pin2=-1
[    0.141148] clocksource: tsc-early: mask: 0xffffffffffffffff max_cycles: 0x1e4530a99b6, max_idle_ns: 440795257976 ns
[    0.141152] Calibrating delay loop (skipped) preset value.. 4200.00 BogoMIPS (lpj=8400000)
[    0.141155] pid_max: default: 32768 minimum: 301
[    0.141183] LSM: Security Framework initializing
[    0.141193] Yama: becoming mindful.
[    0.141218] AppArmor: AppArmor initialized
[    0.141251] Mount-cache hash table entries: 4096 (order: 3, 32768 bytes, linear)
[    0.141256] Mountpoint-cache hash table entries: 4096 (order: 3, 32768 bytes, linear)
[    0.141267] *** VALIDATE tmpfs ***
[    0.141397] *** VALIDATE proc ***
[    0.141440] *** VALIDATE cgroup1 ***
[    0.141441] *** VALIDATE cgroup2 ***
[    0.141582] process: using mwait in idle threads
[    0.141586] Last level iTLB entries: 4KB 64, 2MB 8, 4MB 8
[    0.141587] Last level dTLB entries: 4KB 64, 2MB 0, 4MB 0, 1GB 4
[    0.141608] Spectre V1 : Mitigation: usercopy/swapgs barriers and __user pointer sanitization
[    0.141614] Spectre V2 : Mitigation: Retpolines
[    0.141614] Spectre V2 : Spectre v2 / SpectreRSB mitigation: Filling RSB on context switch
[    0.141615] Spectre V2 : Spectre v2 / SpectreRSB : Filling RSB on VMEXIT
[    0.141615] RETBleed: WARNING: Spectre v2 mitigation leaves CPU vulnerable to RETBleed attacks, data leaks possible!
[    0.141966] RETBleed: Vulnerable
[    0.141967] Speculative Store Bypass: Vulnerable
[    0.141971] TAA: Mitigation: TSX disabled
[    0.141972] MMIO Stale Data: Mitigation: Clear CPU buffers
[    0.146232] Freeing SMP alternatives memory: 40K
[    0.258501] smpboot: CPU0: Intel(R) Xeon(R) Silver 4216 CPU @ 2.10GHz (family: 0x6, model: 0x55, stepping: 0x7)
[    0.258642] Performance Events: unsupported p6 CPU model 85 no PMU driver, software events only.
[    0.258678] rcu: Hierarchical SRCU implementation.
[    0.259159] NMI watchdog: Perf NMI watchdog permanently disabled
[    0.259198] smp: Bringing up secondary CPUs ...
[    0.259199] smp: Brought up 1 node, 1 CPU
[    0.259200] smpboot: Max logical packages: 1
[    0.259201] smpboot: Total of 1 processors activated (4200.00 BogoMIPS)
[    0.260175] devtmpfs: initialized
[    0.260222] x86/mm: Memory block size: 128MB
[    0.260587] clocksource: jiffies: mask: 0xffffffff max_cycles: 0xffffffff, max_idle_ns: 7645041785100000 ns
[    0.260594] futex hash table entries: 256 (order: 2, 16384 bytes, linear)
[    0.260637] pinctrl core: initialized pinctrl subsystem
[    0.260739] PM: RTC time: 18:48:19, date: 2026-01-14
[    0.260846] NET: Registered protocol family 16
[    0.260920] audit: initializing netlink subsys (disabled)
[    0.261045] EISA bus registered
[    0.261046] cpuidle: using governor ladder
[    0.261047] cpuidle: using governor menu
[    0.261083] ACPI: bus type PCI registered
[    0.261085] acpiphp: ACPI Hot Plug PCI Controller Driver version: 0.5
[    0.261149] PCI: Using configuration type 1 for base access
[    0.261555] audit: type=2000 audit(1768387706.135:1): state=initialized audit_enabled=0 res=1
[    0.261647] HugeTLB registered 2.00 MiB page size, pre-allocated 0 pages
[    0.262496] ACPI: Added _OSI(Module Device)
[    0.262497] ACPI: Added _OSI(Processor Device)
[    0.262497] ACPI: Added _OSI(3.0 _SCP Extensions)
[    0.262498] ACPI: Added _OSI(Processor Aggregator Device)
[    0.262499] ACPI: Added _OSI(Linux-Dell-Video)
[    0.262500] ACPI: Added _OSI(Linux-Lenovo-NV-HDMI-Audio)
[    0.262501] ACPI: Added _OSI(Linux-HPI-Hybrid-Graphics)
[    0.264492] ACPI: 2 ACPI AML tables successfully acquired and loaded
[    0.266156] ACPI: Interpreter enabled
[    0.266166] ACPI: (supports S0 S5)
[    0.266167] ACPI: Using IOAPIC for interrupt routing
[    0.266374] PCI: Using host bridge windows from ACPI; if necessary, use "pci=nocrs" and report a bug
[    0.266480] ACPI: Enabled 2 GPEs in block 00 to 07
[    0.271398] ACPI: PCI Root Bridge [PCI0] (domain 0000 [bus 00-ff])
[    0.271403] acpi PNP0A03:00: _OSC: OS supports [ASPM ClockPM Segments MSI HPX-Type3]
[    0.271851] acpi PNP0A03:00: _OSC: not requesting OS control; OS requires [ExtendedConfig ASPM ClockPM MSI]
[    0.271858] acpi PNP0A03:00: fail to add MMCONFIG information, can't access extended PCI configuration space under this bridge.
[    0.272239] PCI host bridge to bus 0000:00
[    0.272241] pci_bus 0000:00: root bus resource [io  0x0000-0x0cf7 window]
[    0.272242] pci_bus 0000:00: root bus resource [io  0x0d00-0xffff window]
[    0.272243] pci_bus 0000:00: root bus resource [mem 0x000a0000-0x000bffff window]
[    0.272244] pci_bus 0000:00: root bus resource [mem 0x80000000-0xfdffffff window]
[    0.272246] pci_bus 0000:00: root bus resource [bus 00-ff]
[    0.272288] pci 0000:00:00.0: [8086:1237] type 00 class 0x060000
[    0.273228] pci 0000:00:01.0: [8086:7000] type 00 class 0x060100
[    0.273991] pci 0000:00:01.1: [8086:7111] type 00 class 0x01018a
[    0.274356] pci 0000:00:01.1: reg 0x20: [io  0xd000-0xd00f]
[    0.274507] pci 0000:00:01.1: legacy IDE quirk: reg 0x10: [io  0x01f0-0x01f7]
[    0.274508] pci 0000:00:01.1: legacy IDE quirk: reg 0x14: [io  0x03f6]
[    0.274509] pci 0000:00:01.1: legacy IDE quirk: reg 0x18: [io  0x0170-0x0177]
[    0.274510] pci 0000:00:01.1: legacy IDE quirk: reg 0x1c: [io  0x0376]
[    0.275056] pci 0000:00:02.0: [15ad:0405] type 00 class 0x030000
[    0.277227] pci 0000:00:02.0: reg 0x10: [io  0xd010-0xd01f]
[    0.281195] pci 0000:00:02.0: reg 0x14: [mem 0xe0000000-0xe7ffffff pref]
[    0.283797] pci 0000:00:02.0: reg 0x18: [mem 0xf0000000-0xf01fffff]
[    0.293951] pci 0000:00:03.0: [1022:2000] type 00 class 0x020000
[    0.294629] pci 0000:00:03.0: reg 0x10: [io  0xd020-0xd03f]
[    0.295245] pci 0000:00:03.0: reg 0x14: [mem 0xf0200000-0xf0200fff]
[    0.299684] pci 0000:00:04.0: [80ee:cafe] type 00 class 0x088000
[    0.300351] pci 0000:00:04.0: reg 0x10: [io  0xd040-0xd05f]
[    0.300961] pci 0000:00:04.0: reg 0x14: [mem 0xf0400000-0xf07fffff]
[    0.301269] pci 0000:00:04.0: reg 0x18: [mem 0xf0800000-0xf0803fff pref]
[    0.304784] pci 0000:00:07.0: [8086:7113] type 00 class 0x068000
[    0.305385] pci 0000:00:07.0: quirk: [io  0x4000-0x403f] claimed by PIIX4 ACPI
[    0.305398] pci 0000:00:07.0: quirk: [io  0x4100-0x410f] claimed by PIIX4 SMB
[    0.306002] pci 0000:00:08.0: [8086:100e] type 00 class 0x020000
[    0.306707] pci 0000:00:08.0: reg 0x10: [mem 0xf0820000-0xf083ffff]
[    0.308113] pci 0000:00:08.0: reg 0x18: [io  0xd060-0xd067]
[    0.310020] pci 0000:00:09.0: [8086:100e] type 00 class 0x020000
[    0.313271] pci 0000:00:09.0: reg 0x10: [mem 0xf0840000-0xf085ffff]
[    0.314438] pci 0000:00:09.0: reg 0x18: [io  0xd068-0xd06f]
[    0.325312] ACPI: PCI Interrupt Link [LNKA] (IRQs 5 9 10 *11)
[    0.325598] ACPI: PCI Interrupt Link [LNKB] (IRQs 5 9 *10 11)
[    0.325706] ACPI: PCI Interrupt Link [LNKC] (IRQs 5 *9 10 11)
[    0.325811] ACPI: PCI Interrupt Link [LNKD] (IRQs 5 9 10 *11)
[    0.326078] iommu: Default domain type: Translated 
[    0.326139] pci 0000:00:02.0: vgaarb: setting as boot VGA device
[    0.326140] pci 0000:00:02.0: vgaarb: VGA device added: decodes=io+mem,owns=io+mem,locks=none
[    0.326142] pci 0000:00:02.0: vgaarb: bridge control possible
[    0.326143] vgaarb: loaded
[    0.326353] SCSI subsystem initialized
[    0.326386] libata version 3.00 loaded.
[    0.326411] ACPI: bus type USB registered
[    0.326427] usbcore: registered new interface driver usbfs
[    0.326432] usbcore: registered new interface driver hub
[    0.326437] usbcore: registered new device driver usb
[    0.326467] pps_core: LinuxPPS API ver. 1 registered
[    0.326467] pps_core: Software ver. 5.3.6 - Copyright 2005-2007 Rodolfo Giometti <giometti@linux.it>
[    0.326469] PTP clock support registered
[    0.326504] EDAC MC: Ver: 3.0.0
[    0.326782] PCI: Using ACPI for IRQ routing
[    0.326784] PCI: pci_cache_line_size set to 64 bytes
[    0.326953] e820: reserve RAM buffer [mem 0x0009fc00-0x0009ffff]
[    0.326956] e820: reserve RAM buffer [mem 0x7fff0000-0x7fffffff]
[    0.327803] NetLabel: Initializing
[    0.327804] NetLabel:  domain hash size = 128
[    0.327804] NetLabel:  protocols = UNLABELED CIPSOv4 CALIPSO
[    0.327824] NetLabel:  unlabeled traffic allowed by default
[    0.328723] clocksource: Switched to clocksource kvm-clock
[    0.339483] *** VALIDATE bpf ***
[    0.339540] VFS: Disk quotas dquot_6.6.0
[    0.339552] VFS: Dquot-cache hash table entries: 512 (order 0, 4096 bytes)
[    0.339574] *** VALIDATE ramfs ***
[    0.339577] *** VALIDATE hugetlbfs ***
[    0.339656] AppArmor: AppArmor Filesystem Enabled
[    0.339681] pnp: PnP ACPI init
[    0.339743] pnp 00:00: Plug and Play ACPI device, IDs PNP0303 (active)
[    0.339827] pnp 00:01: Plug and Play ACPI device, IDs PNP0f03 (active)
[    0.340596] pnp: PnP ACPI: found 2 devices
[    0.341555] thermal_sys: Registered thermal governor 'fair_share'
[    0.341556] thermal_sys: Registered thermal governor 'bang_bang'
[    0.341557] thermal_sys: Registered thermal governor 'step_wise'
[    0.341557] thermal_sys: Registered thermal governor 'user_space'
[    0.341558] thermal_sys: Registered thermal governor 'power_allocator'
[    0.346086] clocksource: acpi_pm: mask: 0xffffff max_cycles: 0xffffff, max_idle_ns: 2085701024 ns
[    0.346125] pci_bus 0000:00: resource 4 [io  0x0000-0x0cf7 window]
[    0.346126] pci_bus 0000:00: resource 5 [io  0x0d00-0xffff window]
[    0.346127] pci_bus 0000:00: resource 6 [mem 0x000a0000-0x000bffff window]
[    0.346128] pci_bus 0000:00: resource 7 [mem 0x80000000-0xfdffffff window]
[    0.346186] NET: Registered protocol family 2
[    0.346261] IP idents hash table entries: 32768 (order: 6, 262144 bytes, linear)
[    0.346662] MPTCP tokens hash table entries: 8192 (order: 4, 65536 bytes, linear)
[    0.346682] MPTCP request tokens hash table entries: 8192 (order: 4, 65536 bytes, linear)
[    0.346707] default registered
[    0.346708] default registered
[    0.346708] MPTCP: Stable release v0.96
[    0.346713] tcp_listen_portaddr_hash hash table entries: 1024 (order: 2, 16384 bytes, linear)
[    0.346793] TCP established hash table entries: 16384 (order: 5, 131072 bytes, linear)
[    0.346855] TCP bind hash table entries: 16384 (order: 6, 262144 bytes, linear)
[    0.346880] TCP: Hash tables configured (established 16384 bind 16384)
[    0.347621] UDP hash table entries: 1024 (order: 3, 32768 bytes, linear)
[    0.347632] UDP-Lite hash table entries: 1024 (order: 3, 32768 bytes, linear)
[    0.347666] NET: Registered protocol family 1
[    0.347674] NET: Registered protocol family 44
[    0.347694] pci 0000:00:00.0: Limiting direct PCI/PCI transfers
[    0.347707] pci 0000:00:01.0: Activating ISA DMA hang workarounds
[    0.347765] pci 0000:00:02.0: Video device with shadowed ROM at [mem 0x000c0000-0x000dffff]
[    0.347828] PCI: CLS 0 bytes, default 64
[    0.347871] Trying to unpack rootfs image as initramfs...
[    0.515230] Freeing initrd memory: 47868K
[    0.515230] clocksource: tsc: mask: 0xffffffffffffffff max_cycles: 0x1e4530a99b6, max_idle_ns: 440795257976 ns
[    0.515230] clocksource: Switched to clocksource tsc
[    0.515230] platform rtc_cmos: registered platform RTC device (no PNP device found)
[    0.515230] check: Scanning for low memory corruption every 60 seconds
[    0.515230] Initialise system trusted keyrings
[    0.515230] Key type blacklist registered
[    0.515230] workingset: timestamp_bits=36 max_order=19 bucket_order=0
[    0.515230] zbud: loaded
[    0.515230] squashfs: version 4.0 (2009/01/31) Phillip Lougher
[    0.515230] fuse: init (API version 7.31)
[    0.515230] *** VALIDATE fuse ***
[    0.515230] *** VALIDATE fuse ***
[    0.515230] Platform Keyring initialized
[    0.531196] Key type asymmetric registered
[    0.531196] Asymmetric key parser 'x509' registered
[    0.531206] Block layer SCSI generic (bsg) driver version 0.4 loaded (major 244)
[    0.531241] io scheduler mq-deadline registered
[    0.531361] shpchp: Standard Hot Plug PCI Controller Driver version: 0.4
[    0.531588] ACPI: AC Adapter [AC] (on-line)
[    0.531633] input: Power Button as /devices/LNXSYSTM:00/LNXPWRBN:00/input/input0
[    0.531662] ACPI: Power Button [PWRF]
[    0.531736] input: Sleep Button as /devices/LNXSYSTM:00/LNXSLPBN:00/input/input1
[    0.531752] ACPI: Sleep Button [SLPF]
[    0.531980] Serial: 8250/16550 driver, 32 ports, IRQ sharing enabled
[    0.533134] Linux agpgart interface v0.103
[    0.630033] loop: module loaded
[    0.630193] ata_piix 0000:00:01.1: version 2.13
[    0.630602] scsi host0: ata_piix
[    0.630694] scsi host1: ata_piix
[    0.630720] ata1: PATA max UDMA/33 cmd 0x1f0 ctl 0x3f6 bmdma 0xd000 irq 14
[    0.630721] ata2: PATA max UDMA/33 cmd 0x170 ctl 0x376 bmdma 0xd008 irq 15
[    0.630803] tun: Universal TUN/TAP device driver, 1.6
[    0.631102] PPP generic driver version 2.4.2
[    0.631145] VFIO - User Level meta-driver version: 0.3
[    0.631236] ehci_hcd: USB 2.0 'Enhanced' Host Controller (EHCI) Driver
[    0.631241] ehci-pci: EHCI PCI platform driver
[    0.631256] ehci-platform: EHCI generic platform driver
[    0.631261] ohci_hcd: USB 1.1 'Open' Host Controller (OHCI) Driver
[    0.631263] ohci-pci: OHCI PCI platform driver
[    0.631270] ohci-platform: OHCI generic platform driver
[    0.631274] uhci_hcd: USB Universal Host Controller Interface driver
[    0.631339] i8042: PNP: PS/2 Controller [PNP0303:PS2K,PNP0f03:PS2M] at 0x60,0x64 irq 1,12
[    0.631777] serio: i8042 KBD port at 0x60,0x64 irq 1
[    0.631781] serio: i8042 AUX port at 0x60,0x64 irq 12
[    0.631869] mousedev: PS/2 mouse device common for all mice
[    0.632126] input: AT Translated Set 2 keyboard as /devices/platform/i8042/serio0/input/input2
[    0.632539] rtc_cmos rtc_cmos: registered as rtc0
[    0.632552] rtc_cmos rtc_cmos: alarms up to one day, 114 bytes nvram
[    0.632557] i2c /dev entries driver
[    0.632602] device-mapper: uevent: version 1.0.3
[    0.632646] device-mapper: ioctl: 4.41.0-ioctl (2019-09-16) initialised: dm-devel@redhat.com
[    0.632662] platform eisa.0: Probing EISA bus 0
[    0.632663] platform eisa.0: EISA: Cannot allocate resource for mainboard
[    0.632664] platform eisa.0: Cannot allocate resource for EISA slot 1
[    0.632665] platform eisa.0: Cannot allocate resource for EISA slot 2
[    0.632666] platform eisa.0: Cannot allocate resource for EISA slot 3
[    0.632667] platform eisa.0: Cannot allocate resource for EISA slot 4
[    0.632668] platform eisa.0: Cannot allocate resource for EISA slot 5
[    0.632669] platform eisa.0: Cannot allocate resource for EISA slot 6
[    0.632670] platform eisa.0: Cannot allocate resource for EISA slot 7
[    0.632671] platform eisa.0: Cannot allocate resource for EISA slot 8
[    0.632672] platform eisa.0: EISA: Detected 0 cards
[    0.632675] intel_pstate: CPU model not supported
[    0.632684] ledtrig-cpu: registered to indicate activity on CPUs
[    0.632736] drop_monitor: Initializing network drop monitor service
[    0.632896] NET: Registered protocol family 10
[    0.638285] Segment Routing with IPv6
[    0.638316] fullmesh registered
[    0.638317] ndiffports registered
[    0.638319] binder registered
[    0.638320] roundrobin registered
[    0.638320] redundant registered
[    0.638321] blest registered
[    0.638322] ecf registered
[    0.638323] NET: Registered protocol family 17
[    0.638353] Key type dns_resolver registered
[    0.638457] RAS: Correctable Errors collector initialized.
[    0.638471] IPI shorthand broadcast: enabled
[    0.638486] sched_clock: Marking stable (624223316, 11144520)->(638137172, -2769336)
[    0.638534] registered taskstats version 1
[    0.638542] Loading compiled-in X.509 certificates
[    0.639128] Loaded X.509 cert 'Build time autogenerated kernel key: 6909f3744cebb3d0de528d5887b96a727de79b1e'
[    0.639144] zswap: loaded using pool lzo/zbud
[    0.639197] Key type ._fscrypt registered
[    0.639198] Key type .fscrypt registered
[    0.643673] Key type big_key registered
[    0.645880] Key type encrypted registered
[    0.645883] AppArmor: AppArmor sha1 policy hashing enabled
[    0.645890] ima: No TPM chip found, activating TPM-bypass!
[    0.645893] ima: Allocated hash algorithm: sha1
[    0.645899] ima: No architecture policies found
[    0.645908] evm: Initialising EVM extended attributes:
[    0.645908] evm: security.selinux
[    0.645909] evm: security.SMACK64
[    0.645909] evm: security.SMACK64EXEC
[    0.645910] evm: security.SMACK64TRANSMUTE
[    0.645910] evm: security.SMACK64MMAP
[    0.645910] evm: security.apparmor
[    0.645911] evm: security.ima
[    0.645911] evm: security.capability
[    0.645912] evm: HMAC attrs: 0x1
[    0.646205] PM:   Magic number: 10:717:847
[    0.646313] rtc_cmos rtc_cmos: setting system clock to 2026-01-14T18:48:20 UTC (1768416500)
[    0.787421] ata1.00: ATA-6: VBOX HARDDISK, 1.0, max UDMA/133
[    0.787423] ata1.00: 209715200 sectors, multi 128: LBA 
[    0.787852] scsi 0:0:0:0: Direct-Access     ATA      VBOX HARDDISK    1.0  PQ: 0 ANSI: 5
[    0.788026] sd 0:0:0:0: [sda] 209715200 512-byte logical blocks: (107 GB/100 GiB)
[    0.788032] sd 0:0:0:0: [sda] Write Protect is off
[    0.788034] sd 0:0:0:0: [sda] Mode Sense: 00 3a 00 00
[    0.788044] sd 0:0:0:0: [sda] Write cache: enabled, read cache: enabled, doesn't support DPO or FUA
[    0.788250] sd 0:0:0:0: Attached scsi generic sg0 type 0
[    0.788777]  sda: sda1 sda2
[    0.803275] sd 0:0:0:0: [sda] Attached SCSI disk
[    0.805117] Freeing unused decrypted memory: 2040K
[    0.805796] Freeing unused kernel image memory: 2728K
[    0.805798] Write protecting the kernel read-only data: 22528k
[    0.806453] Freeing unused kernel image memory: 2036K
[    0.806838] Freeing unused kernel image memory: 1432K
[    0.820862] x86/mm: Checked W+X mappings: passed, no W+X pages found.
[    0.820867] Run /init as init process
[    0.922252] ACPI: Video Device [GFX0] (multi-head: yes  rom: no  post: no)
[    0.922340] input: Video Bus as /devices/LNXSYSTM:00/LNXSYBUS:00/PNP0A03:00/LNXVIDEO:00/input/input4
[    0.938430] pcnet32: pcnet32.c:v1.35 21.Apr.2008 tsbogend@alpha.franken.de
[    0.939469] pcnet32: PCnet/FAST III 79C973 at 0xd020, 08:00:27:c4:43:12 assigned IRQ 19
[    0.939512] pcnet32: Found PHY 0022:561b at address 0
[    0.939818] pcnet32: eth0: registered as PCnet/FAST III 79C973
[    0.941864] piix4_smbus 0000:00:07.0: SMBus Host Controller at 0x4100, revision 0
[    0.942161] pcnet32: 1 cards_found
[    0.946234] e1000: Intel(R) PRO/1000 Network Driver - version 7.3.21-k8-NAPI
[    0.946235] e1000: Copyright (c) 1999-2006 Intel Corporation.
[    1.020912] pcnet32 0000:00:03.0 enp0s3: renamed from eth0
[    1.160594] input: ImExPS/2 Generic Explorer Mouse as /devices/platform/i8042/serio1/input/input5
[    1.363694] e1000 0000:00:08.0 eth0: (PCI:33MHz:32-bit) 08:00:27:37:bd:99
[    1.363698] e1000 0000:00:08.0 eth0: Intel(R) PRO/1000 Network Connection
[    1.739560] e1000 0000:00:09.0 eth1: (PCI:33MHz:32-bit) 08:00:27:15:b6:bb
[    1.739564] e1000 0000:00:09.0 eth1: Intel(R) PRO/1000 Network Connection
[    1.740731] e1000 0000:00:09.0 enp0s9: renamed from eth1
[    1.742494] e1000 0000:00:08.0 enp0s8: renamed from eth0
[    1.899965] EXT4-fs (sda2): mounted filesystem with ordered data mode. Opts: (null)
[    1.987934] systemd[1]: Inserted module 'autofs4'
[    1.997025] systemd[1]: systemd 245.4-4ubuntu3 running in system mode. (+PAM +AUDIT +SELINUX +IMA +APPARMOR +SMACK +SYSVINIT +UTMP +LIBCRYPTSETUP +GCRYPT +GNUTLS +ACL +XZ +LZ4 +SECCOMP +BLKID +ELFUTILS +KMOD +IDN2 -IDN +PCRE2 default-hierarchy=hybrid)
[    1.997060] systemd[1]: Detected virtualization oracle.
[    1.997064] systemd[1]: Detected architecture x86-64.
[    1.998343] systemd[1]: Set hostname to <ztg>.
[    2.127262] systemd[1]: /lib/systemd/system/dbus.socket:5: ListenStream= references a path below legacy directory /var/run/, updating /var/run/dbus/system_bus_socket â†’ /run/dbus/system_bus_socket; please update the unit file accordingly.
[    2.178279] systemd[1]: Created slice system-modprobe.slice.
[    2.178463] systemd[1]: Created slice User and Session Slice.
[    2.178509] systemd[1]: Started Forward Password Requests to Wall Directory Watch.
[    2.178674] systemd[1]: Set up automount Arbitrary Executable File Formats File System Automount Point.
[    2.178708] systemd[1]: Reached target User and Group Name Lookups.
[    2.178717] systemd[1]: Reached target Remote File Systems.
[    2.178726] systemd[1]: Reached target Slices.
[    2.179289] systemd[1]: Listening on Syslog Socket.
[    2.179358] systemd[1]: Listening on fsck to fsckd communication Socket.
[    2.179394] systemd[1]: Listening on initctl Compatibility Named Pipe.
[    2.179527] systemd[1]: Listening on Journal Audit Socket.
[    2.179578] systemd[1]: Listening on Journal Socket (/dev/log).
[    2.179652] systemd[1]: Listening on Journal Socket.
[    2.179716] systemd[1]: Listening on udev Control Socket.
[    2.179755] systemd[1]: Listening on udev Kernel Socket.
[    2.180516] systemd[1]: Mounting Huge Pages File System...
[    2.181430] systemd[1]: Mounting POSIX Message Queue File System...
[    2.182294] systemd[1]: Mounting Kernel Debug File System...
[    2.183107] systemd[1]: Mounting Kernel Trace File System...
[    2.184976] systemd[1]: Starting Journal Service...
[    2.209958] systemd[1]: Starting Set the console keyboard layout...
[    2.217877] systemd[1]: Starting Create list of static device nodes for the current kernel...
[    2.219821] systemd[1]: Starting Load Kernel Module drm...
[    2.220766] systemd[1]: Condition check resulted in Set Up Additional Binary Formats being skipped.
[    2.220839] systemd[1]: Condition check resulted in File System Check on Root Device being skipped.
[    2.234146] systemd[1]: Starting Load Kernel Modules...
[    2.239134] systemd[1]: Starting Remount Root and Kernel File Systems...
[    2.256343] systemd[1]: Starting udev Coldplug all Devices...
[    2.261964] systemd[1]: Starting Uncomplicated firewall...
[    2.263537] systemd[1]: Mounted Huge Pages File System.
[    2.263622] systemd[1]: Mounted POSIX Message Queue File System.
[    2.263698] systemd[1]: Mounted Kernel Debug File System.
[    2.263766] systemd[1]: Mounted Kernel Trace File System.
[    2.265377] EXT4-fs (sda2): re-mounted. Opts: errors=remount-ro
[    2.286392] systemd[1]: Finished Create list of static device nodes for the current kernel.
[    2.287395] systemd[1]: modprobe@drm.service: Succeeded.
[    2.294959] systemd[1]: Finished Load Kernel Module drm.
[    2.310967] systemd[1]: Finished Remount Root and Kernel File Systems.
[    2.312473] systemd[1]: Finished Uncomplicated firewall.
[    2.329416] lp: driver loaded but no devices found
[    2.330720] systemd[1]: Condition check resulted in Rebuild Hardware Database being skipped.
[    2.330775] systemd[1]: Condition check resulted in Platform Persistent Storage Archival being skipped.
[    2.331505] systemd[1]: Starting Load/Save Random Seed...
[    2.332465] systemd[1]: Starting Create System Users...
[    2.347290] ppdev: user-space parallel port driver
[    2.356057] systemd[1]: Finished Load/Save Random Seed.
[    2.365279] systemd[1]: Finished Create System Users.
[    2.366043] systemd[1]: Starting Create Static Device Nodes in /dev...
[    2.420572] systemd[1]: Finished udev Coldplug all Devices.
[    2.425119] systemd[1]: Finished Create Static Device Nodes in /dev.
[    2.426203] systemd[1]: Starting udev Kernel Device Manager...
[    2.435353] [drm] DMA map mode: Caching DMA mappings.
[    2.435587] [drm] Capabilities:
[    2.435588] [drm]   Rect copy.
[    2.435588] [drm]   Cursor.
[    2.435588] [drm]   Cursor bypass.
[    2.435589] [drm]   Cursor bypass 2.
[    2.435589] [drm]   Alpha cursor.
[    2.435589] [drm]   Extended Fifo.
[    2.435590] [drm]   Pitchlock.
[    2.435590] [drm]   Irq mask.
[    2.435590] [drm]   GMR.
[    2.435591] [drm]   Traces.
[    2.435591] [drm]   GMR2.
[    2.435592] [drm]   Screen Object 2.
[    2.435592] [drm]   Command Buffers.
[    2.435592] [drm]   Command Buffers 2.
[    2.435593] [drm]   Guest Backed Resources.
[    2.435594] [drm] Max GMR ids is 8192
[    2.435594] [drm] Max number of GMR pages is 1048576
[    2.435595] [drm] Max dedicated hypervisor surface memory is 393216 kiB
[    2.435595] [drm] Maximum display memory size is 131072 kiB
[    2.435596] [drm] VRAM at 0xe0000000 size is 131072 kiB
[    2.435597] [drm] MMIO at 0xf0000000 size is 2048 kiB
[    2.435803] [TTM] Zone  kernel: Available graphics memory: 1011738 KiB
[    2.435804] [TTM] Initializing pool allocator
[    2.435807] [TTM] Initializing DMA pool allocator
[    2.435857] [drm] Supports vblank timestamp caching Rev 2 (21.10.2013).
[    2.435857] [drm] No driver support for vblank timestamp query.
[    2.436345] [drm] Screen Target Display device initialized
[    2.436580] [drm] width 720
[    2.436589] [drm] height 400
[    2.436592] [drm] bpp 32
[    2.437098] [drm] Fifo max 0x00200000 min 0x00001000 cap 0x00000355
[    2.438170] [drm] Using command buffers with DMA pool.
[    2.438174] [drm] DX: no.
[    2.438175] [drm] Atomic: yes.
[    2.438175] [drm] SM4_1: no.
[    2.438197] [drm:vmw_host_log [vmwgfx]] *ERROR* Failed to send host log message.
[    2.439122] [drm:vmw_host_log [vmwgfx]] *ERROR* Failed to send host log message.
[    2.446694] fbcon: svgadrmfb (fb0) is primary device
[    2.453033] Console: switching to colour frame buffer device 100x37
[    2.459288] [drm] Initialized vmwgfx 2.15.0 20180704 for 0000:00:02.0 on minor 0
[    2.460286] systemd[1]: Finished Load Kernel Modules.
[    2.461208] systemd[1]: Mounting FUSE Control File System...
[    2.462369] systemd[1]: Mounting Kernel Configuration File System...
[    2.501677] systemd[1]: Starting Apply Kernel Variables...
[    2.503080] systemd[1]: Mounted FUSE Control File System.
[    2.503170] systemd[1]: Condition check resulted in VMware vmblock fuse mount being skipped.
[    2.508742] systemd[1]: Mounted Kernel Configuration File System.
[    2.514547] systemd[1]: Finished Set the console keyboard layout.
[    2.514665] systemd[1]: Reached target Local File Systems (Pre).
[    2.516976] systemd[1]: Mounting Mount unit for bare, revision 5...
[    2.521886] systemd[1]: Mounting Mount unit for core18, revision 1705...
[    2.530492] systemd[1]: Mounting Mount unit for gnome-3-34-1804, revision 24...
[    2.554511] systemd[1]: Mounting Mount unit for gtk-common-themes, revision 1506...
[    2.561820] systemd[1]: Mounting Mount unit for gtk-common-themes, revision 1535...
[    2.573627] systemd[1]: Mounting Mount unit for snap-store, revision 433...
[    2.576868] systemd[1]: Mounting Mount unit for snapd, revision 25935...
[    2.580450] systemd[1]: Finished Apply Kernel Variables.
[    2.633894] systemd[1]: Mounted Mount unit for gnome-3-34-1804, revision 24.
[    2.659000] systemd[1]: Mounted Mount unit for bare, revision 5.
[    2.659093] systemd[1]: Mounted Mount unit for core18, revision 1705.
[    2.659170] systemd[1]: Mounted Mount unit for gtk-common-themes, revision 1506.
[    2.671287] systemd[1]: Started udev Kernel Device Manager.
[    2.672110] systemd[1]: Starting Show Plymouth Boot Screen...
[    2.680244] systemd[1]: Received SIGRTMIN+20 from PID 283 (plymouthd).
[    2.688968] systemd[1]: Mounted Mount unit for gtk-common-themes, revision 1535.
[    2.690645] systemd[1]: Mounted Mount unit for snap-store, revision 433.
[    2.690832] systemd[1]: Mounted Mount unit for snapd, revision 25935.
[    2.691572] systemd[1]: Reached target Local File Systems.
[    2.712026] systemd[1]: Starting Load AppArmor profiles...
[    2.717568] systemd[1]: Starting Set console font and keymap...
[    2.727002] systemd[1]: Starting Tell Plymouth To Write Out Runtime Data...
[    2.728602] systemd[1]: Condition check resulted in Store a System Token in an EFI Variable being skipped.
[    2.728650] systemd[1]: Condition check resulted in Commit a transient machine-id on disk being skipped.
[    2.728869] systemd[1]: Started Show Plymouth Boot Screen.
[    2.732884] systemd[1]: Finished Set console font and keymap.
[    2.733073] systemd[1]: Condition check resulted in Dispatch Password Requests to Console Directory Watch being skipped.
[    2.733153] systemd[1]: Started Forward Password Requests to Plymouth Directory Watch.
[    2.733221] systemd[1]: Reached target Local Encrypted Volumes.
[    2.742176] systemd[1]: Received SIGRTMIN+20 from PID 283 (plymouthd).
[    2.743188] systemd[1]: plymouth-read-write.service: Succeeded.
[    2.743431] systemd[1]: Finished Tell Plymouth To Write Out Runtime Data.
[    2.777081] audit: type=1400 audit(1768416502.628:2): apparmor="STATUS" operation="profile_load" profile="unconfined" name="nvidia_modprobe" pid=301 comm="apparmor_parser"
[    2.777084] audit: type=1400 audit(1768416502.628:3): apparmor="STATUS" operation="profile_load" profile="unconfined" name="nvidia_modprobe//kmod" pid=301 comm="apparmor_parser"
[    2.785103] audit: type=1400 audit(1768416502.636:4): apparmor="STATUS" operation="profile_load" profile="unconfined" name="/usr/sbin/tcpdump" pid=302 comm="apparmor_parser"
[    2.830125] audit: type=1400 audit(1768416502.676:5): apparmor="STATUS" operation="profile_load" profile="unconfined" name="/usr/bin/evince" pid=304 comm="apparmor_parser"
[    2.830128] audit: type=1400 audit(1768416502.676:6): apparmor="STATUS" operation="profile_load" profile="unconfined" name="/usr/bin/evince//sanitized_helper" pid=304 comm="apparmor_parser"
[    2.830130] audit: type=1400 audit(1768416502.676:7): apparmor="STATUS" operation="profile_load" profile="unconfined" name="/usr/bin/evince-previewer" pid=304 comm="apparmor_parser"
[    2.830132] audit: type=1400 audit(1768416502.676:8): apparmor="STATUS" operation="profile_load" profile="unconfined" name="/usr/bin/evince-previewer//sanitized_helper" pid=304 comm="apparmor_parser"
[    2.830133] audit: type=1400 audit(1768416502.676:9): apparmor="STATUS" operation="profile_load" profile="unconfined" name="/usr/bin/evince-thumbnailer" pid=304 comm="apparmor_parser"
[    2.857739] audit: type=1400 audit(1768416502.708:10): apparmor="STATUS" operation="profile_load" profile="unconfined" name="/usr/lib/cups/backend/cups-pdf" pid=305 comm="apparmor_parser"
[    2.923354] systemd[1]: Finished Load AppArmor profiles.
[    2.924318] systemd[1]: Starting Load AppArmor profiles managed internally by snapd...
[    3.035461] systemd[1]: Finished Load AppArmor profiles managed internally by snapd.
[    3.160806] systemd[1]: Started Journal Service.
[    3.170790] systemd-journald[229]: Received client request to flush runtime journal.
[    3.173643] systemd-journald[229]: File /var/log/journal/c455b248004a419c87ce85eea238d727/system.journal corrupted or uncleanly shut down, renaming and replacing.
[    4.491327] RAPL PMU: API unit is 2^-32 Joules, 0 fixed counters, 10737418240 ms ovfl timer
[    4.545423] cryptd: max_cpu_qlen set to 1000
[    4.600635] AVX2 version of gcm_enc/dec engaged.
[    4.600636] AES CTR mode by8 optimization enabled
[    6.473068] Adding 1998844k swap on /dev/sda1.  Priority:-2 extents:1 across:1998844k FS
[    7.557201] kauditd_printk_skb: 30 callbacks suppressed
[    7.557202] audit: type=1400 audit(1768416507.408:41): apparmor="DENIED" operation="capable" profile="/usr/sbin/cups-browsed" pid=508 comm="cups-browsed" capability=23  capname="sys_nice"
[    8.906120] pcnet32 0000:00:03.0 enp0s3: link up, 100Mbps, full-duplex
[    8.955297] e1000: enp0s8 NIC Link is Up 1000 Mbps Full Duplex, Flow Control: RX
[    8.955572] IPv6: ADDRCONF(NETDEV_CHANGE): enp0s8: link becomes ready
[    8.967997] e1000: enp0s9 NIC Link is Up 1000 Mbps Full Duplex, Flow Control: RX
[    8.968289] IPv6: ADDRCONF(NETDEV_CHANGE): enp0s9: link becomes ready
[    9.618639] device enp0s3 entered promiscuous mode
[    9.643853] audit: type=1400 audit(1768416509.496:42): apparmor="DENIED" operation="open" profile="/usr/sbin/tcpdump" name="/proc/sys/kernel/random/boot_id" pid=634 comm="tcpdump" requested_mask="r" denied_mask="r" fsuid=0 ouid=0
[    9.644909] audit: type=1400 audit(1768416509.496:43): apparmor="DENIED" operation="open" profile="/usr/sbin/tcpdump" name="/proc/sys/kernel/random/boot_id" pid=634 comm="tcpdump" requested_mask="r" denied_mask="r" fsuid=0 ouid=0
[    9.644959] audit: type=1400 audit(1768416509.496:44): apparmor="DENIED" operation="open" profile="/usr/sbin/tcpdump" name="/proc/sys/kernel/random/boot_id" pid=634 comm="tcpdump" requested_mask="r" denied_mask="r" fsuid=0 ouid=0
[    9.645022] audit: type=1400 audit(1768416509.496:45): apparmor="DENIED" operation="open" profile="/usr/sbin/tcpdump" name="/proc/sys/kernel/random/boot_id" pid=634 comm="tcpdump" requested_mask="r" denied_mask="r" fsuid=0 ouid=0
[    9.645258] audit: type=1400 audit(1768416509.496:46): apparmor="DENIED" operation="open" profile="/usr/sbin/tcpdump" name="/proc/sys/kernel/random/boot_id" pid=633 comm="tcpdump" requested_mask="r" denied_mask="r" fsuid=0 ouid=0
[    9.645443] audit: type=1400 audit(1768416509.496:47): apparmor="DENIED" operation="open" profile="/usr/sbin/tcpdump" name="/proc/sys/kernel/random/boot_id" pid=633 comm="tcpdump" requested_mask="r" denied_mask="r" fsuid=0 ouid=0
[    9.645481] audit: type=1400 audit(1768416509.496:48): apparmor="DENIED" operation="open" profile="/usr/sbin/tcpdump" name="/proc/sys/kernel/random/boot_id" pid=633 comm="tcpdump" requested_mask="r" denied_mask="r" fsuid=0 ouid=0
[    9.645536] audit: type=1400 audit(1768416509.496:49): apparmor="DENIED" operation="open" profile="/usr/sbin/tcpdump" name="/proc/sys/kernel/random/boot_id" pid=633 comm="tcpdump" requested_mask="r" denied_mask="r" fsuid=0 ouid=0
[   15.869963] rfkill: input handler disabled
[  198.265785] AAAAA-TCP_FORW: name:enp0s3: saddr:16783984: daddr:100932208
[  199.768493] AAAAA-TCP_FORW: name:enp0s3: saddr:100932208: daddr:16783984
[  199.894165] AAAAA-TCP_FORW: name:enp0s3: saddr:100932208: daddr:16783984
[  200.019591] AAAAA-TCP_FORW: name:enp0s3: saddr:100932208: daddr:16783984
[  201.114911] AAAAA-TCP_FORW: name:enp0s3: saddr:100932208: daddr:33561200
[  201.429273] AAAAA-TCP_FORW: name:enp0s3: saddr:33561200: daddr:100932208
[  201.462574] AAAAA-TCP_FORW: name:enp0s3: saddr:16783984: daddr:100932208
[  201.551969] AAAAA-TCP_FORW: name:enp0s3: saddr:100932208: daddr:16783984
[  201.661116] AAAAA-TCP_FORW: name:enp0s3: saddr:100932208: daddr:16783984
[  202.073238] AAAAA-TCP_FORW: name:enp0s3: saddr:16783984: daddr:100932208
[  202.252158] AAAAA-TCP_FORW: name:enp0s3: saddr:33561200: daddr:100932208
[  202.975117] AAAAA-TCP_FORW: name:enp0s3: saddr:16783984: daddr:100932208
[  203.011894] AAAAA-TCP_FORW: name:enp0s3: saddr:16783984: daddr:100932208
[  203.518159] AAAAA-TCP_FORW: name:enp0s3: saddr:16783984: daddr:100932208
[  203.684895] AAAAA-TCP_FORW: name:enp0s3: saddr:16783984: daddr:100932208
[  203.748545] AAAAA-TCP_FORW: name:enp0s3: saddr:16783984: daddr:100932208
[  203.823610] AAAAA-TCP_FORW: name:enp0s3: saddr:16783984: daddr:100932208
[  203.912070] AAAAA-TCP_FORW: name:enp0s3: saddr:100932208: daddr:33561200
[  203.947195] AAAAA-TCP_FORW: name:enp0s3: saddr:33561200: daddr:100932208
[  204.053492] AAAAA-TCP_FORW: name:enp0s3: saddr:100932208: daddr:16783984
[  204.097703] AAAAA-TCP_FORW: name:enp0s3: saddr:16783984: daddr:100932208
[  204.157985] AAAAA-TCP_FORW: name:enp0s3: saddr:100932208: daddr:33561200
[  204.232431] AAAAA-TCP_FORW: name:enp0s3: saddr:33561200: daddr:100932208
[  204.519534] AAAAA-TCP_FORW: name:enp0s3: saddr:16783984: daddr:100932208
[  204.801833] AAAAA-TCP_FORW: name:enp0s3: saddr:16783984: daddr:100932208
[  204.885372] AAAAA-TCP_FORW: name:enp0s3: saddr:16783984: daddr:100932208
[  205.077166] AAAAA-TCP_FORW: name:enp0s3: saddr:16783984: daddr:100932208
[  205.190957] AAAAA-TCP_FORW: name:enp0s3: saddr:16783984: daddr:100932208
[  205.376395] AAAAA-TCP_FORW: name:enp0s3: saddr:16783984: daddr:100932208
[  205.443970] AAAAA-TCP_FORW: name:enp0s3: saddr:16783984: daddr:100932208
[  205.521671] AAAAA-TCP_FORW: name:enp0s3: saddr:16783984: daddr:100932208
[  205.579224] AAAAA-TCP_FORW: name:enp0s3: saddr:16783984: daddr:100932208
[  205.694630] AAAAA-TCP_FORW: name:enp0s3: saddr:16783984: daddr:100932208
[  205.836523] AAAAA-TCP_FORW: name:enp0s3: saddr:33561200: daddr:100932208
[  206.103269] AAAAA-TCP_FORW: name:enp0s3: saddr:33561200: daddr:100932208
[  206.173013] AAAAA-TCP_FORW: name:enp0s3: saddr:33561200: daddr:100932208
[  206.318892] AAAAA-TCP_FORW: name:enp0s3: saddr:33561200: daddr:100932208
[  206.442382] AAAAA-TCP_FORW: name:enp0s3: saddr:33561200: daddr:100932208
[  206.511209] AAAAA-TCP_FORW: name:enp0s3: saddr:33561200: daddr:100932208
[  206.606299] AAAAA-TCP_FORW: name:enp0s3: saddr:33561200: daddr:100932208
[  206.664510] AAAAA-TCP_FORW: name:enp0s3: saddr:33561200: daddr:100932208
[  206.829247] AAAAA-TCP_FORW: name:enp0s3: saddr:33561200: daddr:100932208
[  206.920931] AAAAA-TCP_FORW: name:enp0s3: saddr:33561200: daddr:100932208
[  206.996821] AAAAA-TCP_FORW: name:enp0s3: saddr:16783984: daddr:100932208
[  207.076158] AAAAA-TCP_FORW: name:enp0s3: saddr:16783984: daddr:100932208
[  207.320064] AAAAA-TCP_FORW: name:enp0s3: saddr:16783984: daddr:100932208
[  207.486964] AAAAA-TCP_FORW: name:enp0s3: saddr:16783984: daddr:100932208
[  207.580674] AAAAA-TCP_FORW: name:enp0s3: saddr:16783984: daddr:100932208
[  207.649808] AAAAA-TCP_FORW: name:enp0s3: saddr:16783984: daddr:100932208
[  207.733611] AAAAA-TCP_FORW: name:enp0s3: saddr:16783984: daddr:100932208
[  207.879059] AAAAA-TCP_FORW: name:enp0s3: saddr:16783984: daddr:100932208
[  208.034092] AAAAA-TCP_FORW: name:enp0s3: saddr:16783984: daddr:100932208
[  208.084516] AAAAA-TCP_FORW: name:enp0s3: saddr:16783984: daddr:100932208
[  208.244497] AAAAA-TCP_FORW: name:enp0s3: saddr:33561200: daddr:100932208
[  208.372688] AAAAA-TCP_FORW: name:enp0s3: saddr:16783984: daddr:100932208
[  208.532652] AAAAA-TCP_FORW: name:enp0s3: saddr:16783984: daddr:100932208
[  208.667254] AAAAA-TCP_FORW: name:enp0s3: saddr:16783984: daddr:100932208
[  208.784714] AAAAA-TCP_FORW: name:enp0s3: saddr:16783984: daddr:100932208
[  208.885087] AAAAA-TCP_FORW: name:enp0s3: saddr:16783984: daddr:100932208
[  208.996730] AAAAA-TCP_FORW: name:enp0s3: saddr:16783984: daddr:100932208
[  209.122140] AAAAA-TCP_FORW: name:enp0s3: saddr:16783984: daddr:100932208
[  209.238330] AAAAA-TCP_FORW: name:enp0s3: saddr:16783984: daddr:100932208
[  209.411259] AAAAA-TCP_FORW: name:enp0s3: saddr:33561200: daddr:100932208
[  209.491823] AAAAA-TCP_FORW: name:enp0s3: saddr:16783984: daddr:100932208
[  209.541646] AAAAA-TCP_FORW: name:enp0s3: saddr:33561200: daddr:100932208
[  209.689093] AAAAA-TCP_FORW: name:enp0s3: saddr:33561200: daddr:100932208
[  209.779750] AAAAA-TCP_FORW: name:enp0s3: saddr:33561200: daddr:100932208
[  209.862848] AAAAA-TCP_FORW: name:enp0s3: saddr:33561200: daddr:100932208
[  209.978293] AAAAA-TCP_FORW: name:enp0s3: saddr:33561200: daddr:100932208
[  210.141862] AAAAA-TCP_FORW: name:enp0s3: saddr:33561200: daddr:100932208
[  210.249161] AAAAA-TCP_FORW: name:enp0s3: saddr:33561200: daddr:100932208
[  210.363283] AAAAA-TCP_FORW: name:enp0s3: saddr:33561200: daddr:100932208
[  210.482635] AAAAA-TCP_FORW: name:enp0s3: saddr:33561200: daddr:100932208
[  210.570184] AAAAA-TCP_FORW: name:enp0s3: saddr:33561200: daddr:100932208
[  210.731409] AAAAA-TCP_FORW: name:enp0s3: saddr:33561200: daddr:100932208
[  210.867106] AAAAA-TCP_FORW: name:enp0s3: saddr:33561200: daddr:100932208
[  210.973209] AAAAA-TCP_FORW: name:enp0s3: saddr:33561200: daddr:100932208
[  211.060393] AAAAA-TCP_FORW: name:enp0s3: saddr:33561200: daddr:100932208
[  211.136250] AAAAA-TCP_FORW: name:enp0s3: saddr:33561200: daddr:100932208
[  211.232728] AAAAA-TCP_FORW: name:enp0s3: saddr:33561200: daddr:100932208
[  211.343559] AAAAA-TCP_FORW: name:enp0s3: saddr:33561200: daddr:100932208
[  211.401549] AAAAA-TCP_FORW: name:enp0s3: saddr:33561200: daddr:100932208
[  211.435475] AAAAA-TCP_FORW: name:enp0s3: saddr:16783984: daddr:100932208
[  211.455981] AAAAA-TCP_FORW: name:enp0s3: saddr:100932208: daddr:16783984
[  211.510415] AAAAA-TCP_FORW: name:enp0s3: saddr:100932208: daddr:16783984
[  211.515394] AAAAA-TCP_FORW: name:enp0s3: saddr:16783984: daddr:100932208
[  211.569981] AAAAA-TCP_FORW: name:enp0s3: saddr:100932208: daddr:16783984
[  211.615148] AAAAA-TCP_FORW: name:enp0s3: saddr:100932208: daddr:16783984
[  211.670419] AAAAA-TCP_FORW: name:enp0s3: saddr:100932208: daddr:16783984
[  211.714210] AAAAA-TCP_FORW: name:enp0s3: saddr:100932208: daddr:16783984
[  211.732342] AAAAA-TCP_FORW: name:enp0s3: saddr:16783984: daddr:100932208
[  211.786807] AAAAA-TCP_FORW: name:enp0s3: saddr:16783984: daddr:100932208
[  211.810759] AAAAA-TCP_FORW: name:enp0s3: saddr:100932208: daddr:16783984
[  211.828030] AAAAA-TCP_FORW: name:enp0s3: saddr:100932208: daddr:16783984
[  211.910839] AAAAA-TCP_FORW: name:enp0s3: saddr:16783984: daddr:100932208
[  211.920178] AAAAA-TCP_FORW: name:enp0s3: saddr:100932208: daddr:16783984
[  211.972832] AAAAA-TCP_FORW: name:enp0s3: saddr:100932208: daddr:16783984
[  211.996682] AAAAA-TCP_FORW: name:enp0s3: saddr:16783984: daddr:100932208
[  212.047294] AAAAA-TCP_FORW: name:enp0s3: saddr:100932208: daddr:16783984
[  212.070983] AAAAA-TCP_FORW: name:enp0s3: saddr:16783984: daddr:100932208
[  212.106812] AAAAA-TCP_FORW: name:enp0s3: saddr:16783984: daddr:100932208
[  212.218909] AAAAA-TCP_FORW: name:enp0s3: saddr:16783984: daddr:100932208
[  212.264236] AAAAA-TCP_FORW: name:enp0s3: saddr:16783984: daddr:100932208
[  212.360310] AAAAA-TCP_FORW: name:enp0s3: saddr:16783984: daddr:100932208
[  212.404009] AAAAA-TCP_FORW: name:enp0s3: saddr:16783984: daddr:100932208
[  212.513728] AAAAA-TCP_FORW: name:enp0s3: saddr:16783984: daddr:100932208
[  260.975077] AAAAA-TCP_FORW: name:enp0s3: saddr:16783984: daddr:100932208
[  261.098176] AAAAA-TCP_FORW: name:enp0s3: saddr:16783984: daddr:100932208
[  261.172380] AAAAA-TCP_FORW: name:enp0s3: saddr:16783984: daddr:100932208
[  261.313642] AAAAA-TCP_FORW: name:enp0s3: saddr:16783984: daddr:100932208
[  261.397741] AAAAA-TCP_FORW: name:enp0s3: saddr:16783984: daddr:100932208
[  261.470199] AAAAA-TCP_FORW: name:enp0s3: saddr:16783984: daddr:100932208
[  261.608093] AAAAA-TCP_FORW: name:enp0s3: saddr:16783984: daddr:100932208
[  261.696186] AAAAA-TCP_FORW: name:enp0s3: saddr:16783984: daddr:100932208
[  261.821429] AAAAA-TCP_FORW: name:enp0s3: saddr:16783984: daddr:100932208
[  261.871886] AAAAA-TCP_FORW: name:enp0s3: saddr:16783984: daddr:100932208
[  262.026041] AAAAA-TCP_FORW: name:enp0s3: saddr:16783984: daddr:100932208
[  262.157180] AAAAA-TCP_FORW: name:enp0s3: saddr:16783984: daddr:100932208
[  262.244604] AAAAA-TCP_FORW: name:enp0s3: saddr:16783984: daddr:100932208
[  262.362860] AAAAA-TCP_FORW: name:enp0s3: saddr:16783984: daddr:100932208
[  262.472807] AAAAA-TCP_FORW: name:enp0s3: saddr:16783984: daddr:100932208
[  262.586305] AAAAA-TCP_FORW: name:enp0s3: saddr:16783984: daddr:100932208
[  262.762859] AAAAA-TCP_FORW: name:enp0s3: saddr:16783984: daddr:100932208
[  262.896389] AAAAA-TCP_FORW: name:enp0s3: saddr:16783984: daddr:100932208
[  263.022425] AAAAA-TCP_FORW: name:enp0s3: saddr:16783984: daddr:100932208
[  263.109085] AAAAA-TCP_FORW: name:enp0s3: saddr:16783984: daddr:100932208
[  263.218398] AAAAA-TCP_FORW: name:enp0s3: saddr:16783984: daddr:100932208
[  263.331160] AAAAA-TCP_FORW: name:enp0s3: saddr:16783984: daddr:100932208
[  263.416601] AAAAA-TCP_FORW: name:enp0s3: saddr:16783984: daddr:100932208
[  263.511707] AAAAA-TCP_FORW: name:enp0s3: saddr:33561200: daddr:100932208
[  263.798688] AAAAA-TCP_FORW: name:enp0s3: saddr:33561200: daddr:100932208
[  266.592760] AAAAA-TCP_FORW: name:enp0s3: saddr:16783984: daddr:100932208
[  266.781868] AAAAA-TCP_FORW: name:enp0s3: saddr:16783984: daddr:100932208
[  267.025087] AAAAA-TCP_FORW: name:enp0s3: saddr:16783984: daddr:100932208
[  267.140456] AAAAA-TCP_FORW: name:enp0s3: saddr:16783984: daddr:100932208
[  267.238744] AAAAA-TCP_FORW: name:enp0s3: saddr:16783984: daddr:100932208
[  267.387231] AAAAA-TCP_FORW: name:enp0s3: saddr:100932208: daddr:16783984
[  267.431386] AAAAA-TCP_FORW: name:enp0s3: saddr:16783984: daddr:100932208
[  267.642287] AAAAA-TCP_FORW: name:enp0s3: saddr:16783984: daddr:100932208
[  267.711581] AAAAA-TCP_FORW: name:enp0s3: saddr:100932208: daddr:16783984
[  267.845915] AAAAA-TCP_FORW: name:enp0s3: saddr:16783984: daddr:100932208
[  267.967565] AAAAA-TCP_FORW: name:enp0s3: saddr:16783984: daddr:100932208
[  268.058171] AAAAA-TCP_FORW: name:enp0s3: saddr:16783984: daddr:100932208
[  268.157098] AAAAA-TCP_FORW: name:enp0s3: saddr:16783984: daddr:100932208
[  268.244050] AAAAA-TCP_FORW: name:enp0s3: saddr:16783984: daddr:100932208
[  268.335995] AAAAA-TCP_FORW: name:enp0s3: saddr:100932208: daddr:16783984
[  268.384479] AAAAA-TCP_FORW: name:enp0s3: saddr:16783984: daddr:100932208
[  268.466414] AAAAA-TCP_FORW: name:enp0s3: saddr:16783984: daddr:100932208
[  268.524756] AAAAA-TCP_FORW: name:enp0s3: saddr:100932208: daddr:16783984
[  268.567629] AAAAA-TCP_FORW: name:enp0s3: saddr:16783984: daddr:100932208
[  268.660061] AAAAA-TCP_FORW: name:enp0s3: saddr:16783984: daddr:100932208
[  268.773160] AAAAA-TCP_FORW: name:enp0s3: saddr:16783984: daddr:100932208
[  268.859427] AAAAA-TCP_FORW: name:enp0s3: saddr:16783984: daddr:100932208
[  268.914117] AAAAA-TCP_FORW: name:enp0s3: saddr:100932208: daddr:16783984
[  268.967255] AAAAA-TCP_FORW: name:enp0s3: saddr:16783984: daddr:100932208
[  269.035467] AAAAA-TCP_FORW: name:enp0s3: saddr:16783984: daddr:100932208
[  269.134847] AAAAA-TCP_FORW: name:enp0s3: saddr:100932208: daddr:16783984
[  269.160977] AAAAA-TCP_FORW: name:enp0s3: saddr:16783984: daddr:100932208
[  269.275945] AAAAA-TCP_FORW: name:enp0s3: saddr:16783984: daddr:100932208
[  269.346248] AAAAA-TCP_FORW: name:enp0s3: saddr:16783984: daddr:100932208
[  269.430031] AAAAA-TCP_FORW: name:enp0s3: saddr:100932208: daddr:16783984
[  269.480567] AAAAA-TCP_FORW: name:enp0s3: saddr:16783984: daddr:100932208
[  269.524190] AAAAA-TCP_FORW: name:enp0s3: saddr:100932208: daddr:16783984
[  269.608853] AAAAA-TCP_FORW: name:enp0s3: saddr:16783984: daddr:100932208
[  269.764553] AAAAA-TCP_FORW: name:enp0s3: saddr:100932208: daddr:33561200
[  269.842711] AAAAA-TCP_FORW: name:enp0s3: saddr:16783984: daddr:100932208
[  269.866326] AAAAA-TCP_FORW: name:enp0s3: saddr:100932208: daddr:16783984
[  270.171610] AAAAA-TCP_FORW: name:enp0s3: saddr:100932208: daddr:16783984
[  270.182466] AAAAA-TCP_FORW: name:enp0s3: saddr:16783984: daddr:100932208
[  270.383241] AAAAA-TCP_FORW: name:enp0s3: saddr:16783984: daddr:100932208
[  270.463565] AAAAA-TCP_FORW: name:enp0s3: saddr:16783984: daddr:100932208
[  270.539083] AAAAA-TCP_FORW: name:enp0s3: saddr:100932208: daddr:16783984
[  270.635706] AAAAA-TCP_FORW: name:enp0s3: saddr:33561200: daddr:100932208
[  270.691906] AAAAA-TCP_FORW: name:enp0s3: saddr:100932208: daddr:16783984
[  270.723982] AAAAA-TCP_FORW: name:enp0s3: saddr:16783984: daddr:100932208
[  270.787019] AAAAA-TCP_FORW: name:enp0s3: saddr:16783984: daddr:100932208
[  270.863389] AAAAA-TCP_FORW: name:enp0s3: saddr:16783984: daddr:100932208
[  270.916250] AAAAA-TCP_FORW: name:enp0s3: saddr:16783984: daddr:100932208
[  270.922683] AAAAA-TCP_FORW: name:enp0s3: saddr:100932208: daddr:16783984
[  271.105695] AAAAA-TCP_FORW: name:enp0s3: saddr:16783984: daddr:100932208
[  271.123784] AAAAA-TCP_FORW: name:enp0s3: saddr:100932208: daddr:16783984
[  271.193539] AAAAA-TCP_FORW: name:enp0s3: saddr:16783984: daddr:100932208
[  271.311322] AAAAA-TCP_FORW: name:enp0s3: saddr:16783984: daddr:100932208
[  271.367161] AAAAA-TCP_FORW: name:enp0s3: saddr:100932208: daddr:16783984
[  271.511165] AAAAA-TCP_FORW: name:enp0s3: saddr:100932208: daddr:16783984
[  271.570021] AAAAA-TCP_FORW: name:enp0s3: saddr:16783984: daddr:100932208
[  271.717831] AAAAA-TCP_FORW: name:enp0s3: saddr:16783984: daddr:100932208
[  271.788674] AAAAA-TCP_FORW: name:enp0s3: saddr:16783984: daddr:100932208
[  271.853790] AAAAA-TCP_FORW: name:enp0s3: saddr:16783984: daddr:100932208
[  271.917820] AAAAA-TCP_FORW: name:enp0s3: saddr:100932208: daddr:33561200
[  271.977486] AAAAA-TCP_FORW: name:enp0s3: saddr:16783984: daddr:100932208
[  272.014016] AAAAA-TCP_FORW: name:enp0s3: saddr:16783984: daddr:100932208
[  272.070230] AAAAA-TCP_FORW: name:enp0s3: saddr:16783984: daddr:100932208
[  272.159583] AAAAA-TCP_FORW: name:enp0s3: saddr:16783984: daddr:100932208
[  272.286677] AAAAA-TCP_FORW: name:enp0s3: saddr:16783984: daddr:100932208
[  272.397169] AAAAA-TCP_FORW: name:enp0s3: saddr:100932208: daddr:33561200
[  272.470986] AAAAA-TCP_FORW: name:enp0s3: saddr:16783984: daddr:100932208
[  272.498982] AAAAA-TCP_FORW: name:enp0s3: saddr:100932208: daddr:16783984
[  272.589066] AAAAA-TCP_FORW: name:enp0s3: saddr:33561200: daddr:100932208
[  272.699875] AAAAA-TCP_FORW: name:enp0s3: saddr:16783984: daddr:100932208
[  272.927819] AAAAA-TCP_FORW: name:enp0s3: saddr:16783984: daddr:100932208
[  273.156978] AAAAA-TCP_FORW: name:enp0s3: saddr:16783984: daddr:100932208
[  273.233349] AAAAA-TCP_FORW: name:enp0s3: saddr:33561200: daddr:100932208
[  273.332888] AAAAA-TCP_FORW: name:enp0s3: saddr:16783984: daddr:100932208
[  273.403322] AAAAA-TCP_FORW: name:enp0s3: saddr:16783984: daddr:100932208
[  273.525286] AAAAA-TCP_FORW: name:enp0s3: saddr:16783984: daddr:100932208
[  273.682385] AAAAA-TCP_FORW: name:enp0s3: saddr:16783984: daddr:100932208
[  273.945347] AAAAA-TCP_FORW: name:enp0s3: saddr:16783984: daddr:100932208
[  274.063316] AAAAA-TCP_FORW: name:enp0s3: saddr:16783984: daddr:100932208
[  274.309591] AAAAA-TCP_FORW: name:enp0s3: saddr:16783984: daddr:100932208
[  274.491819] AAAAA-TCP_FORW: name:enp0s3: saddr:16783984: daddr:100932208
[  274.625100] AAAAA-TCP_FORW: name:enp0s3: saddr:16783984: daddr:100932208
[  274.806166] AAAAA-TCP_FORW: name:enp0s3: saddr:16783984: daddr:100932208
[  274.908914] AAAAA-TCP_FORW: name:enp0s3: saddr:16783984: daddr:100932208
[  275.041289] AAAAA-TCP_FORW: name:enp0s3: saddr:16783984: daddr:100932208
[  275.224598] AAAAA-TCP_FORW: name:enp0s3: saddr:16783984: daddr:100932208
[  275.423243] AAAAA-TCP_FORW: name:enp0s3: saddr:16783984: daddr:100932208
[  275.638910] AAAAA-TCP_FORW: name:enp0s3: saddr:16783984: daddr:100932208
[  275.831659] AAAAA-TCP_FORW: name:enp0s3: saddr:16783984: daddr:100932208
[  275.946007] AAAAA-TCP_FORW: name:enp0s3: saddr:16783984: daddr:100932208
[  276.224353] AAAAA-TCP_FORW: name:enp0s3: saddr:16783984: daddr:100932208
[  276.371875] AAAAA-TCP_FORW: name:enp0s3: saddr:16783984: daddr:100932208
[  276.463892] AAAAA-TCP_FORW: name:enp0s3: saddr:16783984: daddr:100932208
[  276.578646] AAAAA-TCP_FORW: name:enp0s3: saddr:16783984: daddr:100932208
[  276.654796] AAAAA-TCP_FORW: name:enp0s3: saddr:16783984: daddr:100932208
[  276.737673] AAAAA-TCP_FORW: name:enp0s3: saddr:16783984: daddr:100932208
[  276.887235] AAAAA-TCP_FORW: name:enp0s3: saddr:16783984: daddr:100932208
[  276.972817] AAAAA-TCP_FORW: name:enp0s3: saddr:16783984: daddr:100932208
[  277.072468] AAAAA-TCP_FORW: name:enp0s3: saddr:16783984: daddr:100932208
[  277.151566] AAAAA-TCP_FORW: name:enp0s3: saddr:16783984: daddr:100932208
[  277.339082] AAAAA-TCP_FORW: name:enp0s3: saddr:16783984: daddr:100932208
[  277.483045] AAAAA-TCP_FORW: name:enp0s3: saddr:16783984: daddr:100932208
[  277.834511] AAAAA-TCP_FORW: name:enp0s3: saddr:16783984: daddr:100932208
[  277.992199] AAAAA-TCP_FORW: name:enp0s3: saddr:16783984: daddr:100932208
[  278.096272] AAAAA-TCP_FORW: name:enp0s3: saddr:16783984: daddr:100932208
[  278.241147] AAAAA-TCP_FORW: name:enp0s3: saddr:16783984: daddr:100932208
[  278.330848] AAAAA-TCP_FORW: name:enp0s3: saddr:16783984: daddr:100932208
[  278.448491] AAAAA-TCP_FORW: name:enp0s3: saddr:33561200: daddr:100932208
[  278.548868] AAAAA-TCP_FORW: name:enp0s3: saddr:16783984: daddr:100932208
[  278.668925] AAAAA-TCP_FORW: name:enp0s3: saddr:33561200: daddr:100932208
[  278.836500] AAAAA-TCP_FORW: name:enp0s3: saddr:16783984: daddr:100932208
[  279.030598] AAAAA-TCP_FORW: name:enp0s3: saddr:16783984: daddr:100932208
[  279.100957] AAAAA-TCP_FORW: name:enp0s3: saddr:33561200: daddr:100932208
[  279.211647] AAAAA-TCP_FORW: name:enp0s3: saddr:33561200: daddr:100932208
[  279.442509] AAAAA-TCP_FORW: name:enp0s3: saddr:16783984: daddr:100932208
[  279.590881] AAAAA-TCP_FORW: name:enp0s3: saddr:16783984: daddr:100932208
[  279.697571] AAAAA-TCP_FORW: name:enp0s3: saddr:16783984: daddr:100932208
[  279.754166] AAAAA-TCP_FORW: name:enp0s3: saddr:16783984: daddr:100932208
[  279.846066] AAAAA-TCP_FORW: name:enp0s3: saddr:16783984: daddr:100932208
[  279.987324] AAAAA-TCP_FORW: name:enp0s3: saddr:16783984: daddr:100932208
[  280.143865] AAAAA-TCP_FORW: name:enp0s3: saddr:16783984: daddr:100932208
[  280.233016] AAAAA-TCP_FORW: name:enp0s3: saddr:16783984: daddr:100932208
[  280.404829] AAAAA-TCP_FORW: name:enp0s3: saddr:16783984: daddr:100932208
[  280.554654] AAAAA-TCP_FORW: name:enp0s3: saddr:16783984: daddr:100932208
[  280.672367] AAAAA-TCP_FORW: name:enp0s3: saddr:16783984: daddr:100932208
[  280.778066] AAAAA-TCP_FORW: name:enp0s3: saddr:16783984: daddr:100932208
[  280.887000] AAAAA-TCP_FORW: name:enp0s3: saddr:16783984: daddr:100932208
[  281.125269] AAAAA-TCP_FORW: name:enp0s3: saddr:16783984: daddr:100932208
[  281.252587] AAAAA-TCP_FORW: name:enp0s3: saddr:16783984: daddr:100932208
[  281.385027] AAAAA-TCP_FORW: name:enp0s3: saddr:16783984: daddr:100932208
[  281.520703] AAAAA-TCP_FORW: name:enp0s3: saddr:16783984: daddr:100932208
[  281.604611] AAAAA-TCP_FORW: name:enp0s3: saddr:16783984: daddr:100932208
[  281.751038] AAAAA-TCP_FORW: name:enp0s3: saddr:16783984: daddr:100932208
[  281.871201] AAAAA-TCP_FORW: name:enp0s3: saddr:16783984: daddr:100932208
[  281.993494] AAAAA-TCP_FORW: name:enp0s3: saddr:16783984: daddr:100932208
[  282.073413] AAAAA-TCP_FORW: name:enp0s3: saddr:16783984: daddr:100932208
[  282.200755] AAAAA-TCP_FORW: name:enp0s3: saddr:16783984: daddr:100932208
[  282.354384] AAAAA-TCP_FORW: name:enp0s3: saddr:16783984: daddr:100932208
[  282.425931] AAAAA-TCP_FORW: name:enp0s3: saddr:16783984: daddr:100932208
[  282.525928] AAAAA-TCP_FORW: name:enp0s3: saddr:16783984: daddr:100932208
[  282.604988] AAAAA-TCP_FORW: name:enp0s3: saddr:16783984: daddr:100932208
[  282.711719] AAAAA-TCP_FORW: name:enp0s3: saddr:16783984: daddr:100932208
[  282.807773] AAAAA-TCP_FORW: name:enp0s3: saddr:16783984: daddr:100932208
[  282.978302] AAAAA-TCP_FORW: name:enp0s3: saddr:16783984: daddr:100932208
[  283.125935] AAAAA-TCP_FORW: name:enp0s3: saddr:16783984: daddr:100932208
[  283.223007] AAAAA-TCP_FORW: name:enp0s3: saddr:16783984: daddr:100932208
[  283.318354] AAAAA-TCP_FORW: name:enp0s3: saddr:16783984: daddr:100932208
[  283.438794] AAAAA-TCP_FORW: name:enp0s3: saddr:33561200: daddr:100932208
[  283.500921] AAAAA-TCP_FORW: name:enp0s3: saddr:16783984: daddr:100932208
[  283.586154] AAAAA-TCP_FORW: name:enp0s3: saddr:16783984: daddr:100932208
[  283.692369] AAAAA-TCP_FORW: name:enp0s3: saddr:16783984: daddr:100932208
[  283.958710] AAAAA-TCP_FORW: name:enp0s3: saddr:16783984: daddr:100932208
[  284.139730] AAAAA-TCP_FORW: name:enp0s3: saddr:16783984: daddr:100932208
[  284.311193] AAAAA-TCP_FORW: name:enp0s3: saddr:16783984: daddr:100932208
[  284.506278] AAAAA-TCP_FORW: name:enp0s3: saddr:16783984: daddr:100932208
[  284.730405] AAAAA-TCP_FORW: name:enp0s3: saddr:16783984: daddr:100932208
[  285.083808] AAAAA-TCP_FORW: name:enp0s3: saddr:16783984: daddr:100932208
[  285.231857] AAAAA-TCP_FORW: name:enp0s3: saddr:16783984: daddr:100932208
[  285.344880] AAAAA-TCP_FORW: name:enp0s3: saddr:16783984: daddr:100932208
[  285.461632] AAAAA-TCP_FORW: name:enp0s3: saddr:16783984: daddr:100932208
[  285.628795] AAAAA-TCP_FORW: name:enp0s3: saddr:16783984: daddr:100932208
[  285.719778] AAAAA-TCP_FORW: name:enp0s3: saddr:16783984: daddr:100932208
[  285.864206] AAAAA-TCP_FORW: name:enp0s3: saddr:16783984: daddr:100932208
[  286.015801] AAAAA-TCP_FORW: name:enp0s3: saddr:16783984: daddr:100932208
[  286.108921] AAAAA-TCP_FORW: name:enp0s3: saddr:33561200: daddr:100932208
[  286.201267] AAAAA-TCP_FORW: name:enp0s3: saddr:33561200: daddr:100932208
[  286.457144] AAAAA-TCP_FORW: name:enp0s3: saddr:16783984: daddr:100932208
[  286.631021] AAAAA-TCP_FORW: name:enp0s3: saddr:16783984: daddr:100932208
[  286.739961] AAAAA-TCP_FORW: name:enp0s3: saddr:16783984: daddr:100932208
[  286.905442] AAAAA-TCP_FORW: name:enp0s3: saddr:16783984: daddr:100932208
[  287.104979] AAAAA-TCP_FORW: name:enp0s3: saddr:16783984: daddr:100932208
[  287.380715] AAAAA-TCP_FORW: name:enp0s3: saddr:16783984: daddr:100932208
[  287.586147] AAAAA-TCP_FORW: name:enp0s3: saddr:16783984: daddr:100932208
[  288.090557] AAAAA-TCP_FORW: name:enp0s3: saddr:16783984: daddr:100932208
[  288.453537] AAAAA-TCP_FORW: name:enp0s3: saddr:16783984: daddr:100932208
[  288.655259] AAAAA-TCP_FORW: name:enp0s3: saddr:16783984: daddr:100932208
[  288.754821] AAAAA-TCP_FORW: name:enp0s3: saddr:16783984: daddr:100932208
[  288.894177] AAAAA-TCP_FORW: name:enp0s3: saddr:16783984: daddr:100932208
[  289.051236] AAAAA-TCP_FORW: name:enp0s3: saddr:16783984: daddr:100932208
[  289.255518] AAAAA-TCP_FORW: name:enp0s3: saddr:16783984: daddr:100932208
[  289.423917] AAAAA-TCP_FORW: name:enp0s3: saddr:33561200: daddr:100932208
[  289.550483] AAAAA-TCP_FORW: name:enp0s3: saddr:33561200: daddr:100932208
[  289.722038] AAAAA-TCP_FORW: name:enp0s3: saddr:16783984: daddr:100932208
[  289.956172] AAAAA-TCP_FORW: name:enp0s3: saddr:16783984: daddr:100932208
[  290.082174] AAAAA-TCP_FORW: name:enp0s3: saddr:16783984: daddr:100932208
[  290.240623] AAAAA-TCP_FORW: name:enp0s3: saddr:16783984: daddr:100932208
[  290.427854] AAAAA-TCP_FORW: name:enp0s3: saddr:16783984: daddr:100932208
[  290.599447] AAAAA-TCP_FORW: name:enp0s3: saddr:16783984: daddr:100932208
[  290.913981] AAAAA-TCP_FORW: name:enp0s3: saddr:16783984: daddr:100932208
[  291.049910] AAAAA-TCP_FORW: name:enp0s3: saddr:16783984: daddr:100932208
[  291.293276] AAAAA-TCP_FORW: name:enp0s3: saddr:16783984: daddr:100932208
[  291.445043] AAAAA-TCP_FORW: name:enp0s3: saddr:16783984: daddr:100932208
[  291.583337] AAAAA-TCP_FORW: name:enp0s3: saddr:16783984: daddr:100932208
[  291.765517] AAAAA-TCP_FORW: name:enp0s3: saddr:16783984: daddr:100932208
[  292.011197] AAAAA-TCP_FORW: name:enp0s3: saddr:16783984: daddr:100932208
[  292.092174] AAAAA-TCP_FORW: name:enp0s3: saddr:16783984: daddr:100932208
[  292.234379] AAAAA-TCP_FORW: name:enp0s3: saddr:16783984: daddr:100932208
[  292.371585] AAAAA-TCP_FORW: name:enp0s3: saddr:33561200: daddr:100932208
[  292.514801] AAAAA-TCP_FORW: name:enp0s3: saddr:33561200: daddr:100932208
[  292.583791] AAAAA-TCP_FORW: name:enp0s3: saddr:33561200: daddr:100932208
[  292.782230] AAAAA-TCP_FORW: name:enp0s3: saddr:16783984: daddr:100932208
[  292.954265] AAAAA-TCP_FORW: name:enp0s3: saddr:16783984: daddr:100932208
[  293.092646] AAAAA-TCP_FORW: name:enp0s3: saddr:16783984: daddr:100932208
[  293.317352] AAAAA-TCP_FORW: name:enp0s3: saddr:16783984: daddr:100932208
[  293.530580] AAAAA-TCP_FORW: name:enp0s3: saddr:16783984: daddr:100932208
[  293.704526] AAAAA-TCP_FORW: name:enp0s3: saddr:16783984: daddr:100932208
[  293.865321] AAAAA-TCP_FORW: name:enp0s3: saddr:16783984: daddr:100932208
[  293.984653] AAAAA-TCP_FORW: name:enp0s3: saddr:16783984: daddr:100932208
[  294.159428] AAAAA-TCP_FORW: name:enp0s3: saddr:16783984: daddr:100932208
[  294.579897] AAAAA-TCP_FORW: name:enp0s3: saddr:16783984: daddr:100932208
[  294.814678] AAAAA-TCP_FORW: name:enp0s3: saddr:16783984: daddr:100932208
[  295.027621] AAAAA-TCP_FORW: name:enp0s3: saddr:33561200: daddr:100932208
[  295.133214] AAAAA-TCP_FORW: name:enp0s3: saddr:33561200: daddr:100932208
[  295.235394] AAAAA-TCP_FORW: name:enp0s3: saddr:33561200: daddr:100932208
[  295.360668] AAAAA-TCP_FORW: name:enp0s3: saddr:16783984: daddr:100932208
[  296.121507] AAAAA-TCP_FORW: name:enp0s3: saddr:16783984: daddr:100932208
[  296.542553] AAAAA-TCP_FORW: name:enp0s3: saddr:16783984: daddr:100932208
[  296.992422] AAAAA-TCP_FORW: name:enp0s3: saddr:16783984: daddr:100932208
[  297.831773] AAAAA-TCP_FORW: name:enp0s3: saddr:16783984: daddr:100932208
[  297.948563] AAAAA-TCP_FORW: name:enp0s3: saddr:16783984: daddr:100932208
[  298.172146] AAAAA-TCP_FORW: name:enp0s3: saddr:16783984: daddr:100932208
[  298.457047] AAAAA-TCP_FORW: name:enp0s3: saddr:16783984: daddr:100932208
[  298.837388] AAAAA-TCP_FORW: name:enp0s3: saddr:16783984: daddr:100932208
[  299.216679] AAAAA-TCP_FORW: name:enp0s3: saddr:33561200: daddr:100932208
[  299.305437] AAAAA-TCP_FORW: name:enp0s3: saddr:33561200: daddr:100932208
[  299.433120] AAAAA-TCP_FORW: name:enp0s3: saddr:33561200: daddr:100932208
[  299.974656] AAAAA-TCP_FORW: name:enp0s3: saddr:16783984: daddr:100932208
[  300.783780] AAAAA-TCP_FORW: name:enp0s3: saddr:16783984: daddr:100932208
[  301.134186] AAAAA-TCP_FORW: name:enp0s3: saddr:16783984: daddr:100932208
[  301.726880] AAAAA-TCP_FORW: name:enp0s3: saddr:16783984: daddr:100932208
[  301.961697] AAAAA-TCP_FORW: name:enp0s3: saddr:16783984: daddr:100932208
[  302.238362] AAAAA-TCP_FORW: name:enp0s3: saddr:16783984: daddr:100932208
[  302.465369] AAAAA-TCP_FORW: name:enp0s3: saddr:16783984: daddr:100932208
[  302.550079] AAAAA-TCP_FORW: name:enp0s3: saddr:16783984: daddr:100932208
[  302.673324] AAAAA-TCP_FORW: name:enp0s3: saddr:16783984: daddr:100932208
[  302.749640] AAAAA-TCP_FORW: name:enp0s3: saddr:33561200: daddr:100932208
[  302.843365] AAAAA-TCP_FORW: name:enp0s3: saddr:33561200: daddr:100932208
[  302.948818] AAAAA-TCP_FORW: name:enp0s3: saddr:33561200: daddr:100932208
[  303.303689] AAAAA-TCP_FORW: name:enp0s3: saddr:33561200: daddr:100932208
[  303.469136] AAAAA-TCP_FORW: name:enp0s3: saddr:16783984: daddr:100932208
[  303.656803] AAAAA-TCP_FORW: name:enp0s3: saddr:16783984: daddr:100932208
[  303.755970] AAAAA-TCP_FORW: name:enp0s3: saddr:16783984: daddr:100932208
[  303.877489] AAAAA-TCP_FORW: name:enp0s3: saddr:16783984: daddr:100932208
[  303.986718] AAAAA-TCP_FORW: name:enp0s3: saddr:16783984: daddr:100932208
[  304.067704] AAAAA-TCP_FORW: name:enp0s3: saddr:16783984: daddr:100932208
[  304.180945] AAAAA-TCP_FORW: name:enp0s3: saddr:16783984: daddr:100932208
[  304.269831] AAAAA-TCP_FORW: name:enp0s3: saddr:16783984: daddr:100932208
[  304.356290] AAAAA-TCP_FORW: name:enp0s3: saddr:16783984: daddr:100932208
[  304.432580] AAAAA-TCP_FORW: name:enp0s3: saddr:33561200: daddr:100932208
[  304.523570] AAAAA-TCP_FORW: name:enp0s3: saddr:33561200: daddr:100932208
[  304.639686] AAAAA-TCP_FORW: name:enp0s3: saddr:33561200: daddr:100932208
[  304.755353] AAAAA-TCP_FORW: name:enp0s3: saddr:33561200: daddr:100932208
[  304.866848] AAAAA-TCP_FORW: name:enp0s3: saddr:16783984: daddr:100932208
[  304.954836] AAAAA-TCP_FORW: name:enp0s3: saddr:16783984: daddr:100932208
[  305.078461] AAAAA-TCP_FORW: name:enp0s3: saddr:16783984: daddr:100932208
[  305.144410] AAAAA-TCP_FORW: name:enp0s3: saddr:16783984: daddr:100932208
[  305.223543] AAAAA-TCP_FORW: name:enp0s3: saddr:16783984: daddr:100932208
[  305.287691] AAAAA-TCP_FORW: name:enp0s3: saddr:16783984: daddr:100932208
[  305.393176] AAAAA-TCP_FORW: name:enp0s3: saddr:16783984: daddr:100932208
[  305.450973] AAAAA-TCP_FORW: name:enp0s3: saddr:16783984: daddr:100932208
[  305.597367] AAAAA-TCP_FORW: name:enp0s3: saddr:16783984: daddr:100932208
[  305.681122] AAAAA-TCP_FORW: name:enp0s3: saddr:33561200: daddr:100932208
[  305.787546] AAAAA-TCP_FORW: name:enp0s3: saddr:33561200: daddr:100932208
[  305.829074] AAAAA-TCP_FORW: name:enp0s3: saddr:33561200: daddr:100932208
[  305.928008] AAAAA-TCP_FORW: name:enp0s3: saddr:33561200: daddr:100932208
[  306.014130] AAAAA-TCP_FORW: name:enp0s3: saddr:16783984: daddr:100932208
[  306.134796] AAAAA-TCP_FORW: name:enp0s3: saddr:16783984: daddr:100932208
[  306.178472] AAAAA-TCP_FORW: name:enp0s3: saddr:16783984: daddr:100932208
[  306.267571] AAAAA-TCP_FORW: name:enp0s3: saddr:16783984: daddr:100932208
[  306.337729] AAAAA-TCP_FORW: name:enp0s3: saddr:16783984: daddr:100932208
[  306.447555] AAAAA-TCP_FORW: name:enp0s3: saddr:16783984: daddr:100932208
[  306.542725] AAAAA-TCP_FORW: name:enp0s3: saddr:16783984: daddr:100932208
[  306.639649] AAAAA-TCP_FORW: name:enp0s3: saddr:16783984: daddr:100932208
[  306.710800] AAAAA-TCP_FORW: name:enp0s3: saddr:16783984: daddr:100932208
[  306.855233] AAAAA-TCP_FORW: name:enp0s3: saddr:16783984: daddr:100932208
[  306.923032] AAAAA-TCP_FORW: name:enp0s3: saddr:33561200: daddr:100932208
[  307.022500] AAAAA-TCP_FORW: name:enp0s3: saddr:33561200: daddr:100932208
[  307.140791] AAAAA-TCP_FORW: name:enp0s3: saddr:33561200: daddr:100932208
[  307.234416] AAAAA-TCP_FORW: name:enp0s3: saddr:33561200: daddr:100932208
[  307.342058] AAAAA-TCP_FORW: name:enp0s3: saddr:16783984: daddr:100932208
[  307.423846] AAAAA-TCP_FORW: name:enp0s3: saddr:16783984: daddr:100932208
[  307.535777] AAAAA-TCP_FORW: name:enp0s3: saddr:16783984: daddr:100932208
[  307.768750] AAAAA-TCP_FORW: name:enp0s3: saddr:16783984: daddr:100932208
[  307.833424] AAAAA-TCP_FORW: name:enp0s3: saddr:16783984: daddr:100932208
[  307.915857] AAAAA-TCP_FORW: name:enp0s3: saddr:16783984: daddr:100932208
[  307.998285] AAAAA-TCP_FORW: name:enp0s3: saddr:16783984: daddr:100932208
[  308.091222] AAAAA-TCP_FORW: name:enp0s3: saddr:16783984: daddr:100932208
[  308.201009] AAAAA-TCP_FORW: name:enp0s3: saddr:16783984: daddr:100932208
[  308.258568] AAAAA-TCP_FORW: name:enp0s3: saddr:16783984: daddr:100932208
[  308.358490] AAAAA-TCP_FORW: name:enp0s3: saddr:16783984: daddr:100932208
[  308.449487] AAAAA-TCP_FORW: name:enp0s3: saddr:33561200: daddr:100932208
[  308.586715] AAAAA-TCP_FORW: name:enp0s3: saddr:33561200: daddr:100932208
[  308.624854] AAAAA-TCP_FORW: name:enp0s3: saddr:33561200: daddr:100932208
[  308.707757] AAAAA-TCP_FORW: name:enp0s3: saddr:33561200: daddr:100932208
[  308.775422] AAAAA-TCP_FORW: name:enp0s3: saddr:33561200: daddr:100932208
[  308.840342] AAAAA-TCP_FORW: name:enp0s3: saddr:16783984: daddr:100932208
[  308.945798] AAAAA-TCP_FORW: name:enp0s3: saddr:16783984: daddr:100932208
[  309.029971] AAAAA-TCP_FORW: name:enp0s3: saddr:16783984: daddr:100932208
[  309.118799] AAAAA-TCP_FORW: name:enp0s3: saddr:16783984: daddr:100932208
[  309.184320] AAAAA-TCP_FORW: name:enp0s3: saddr:16783984: daddr:100932208
[  309.233143] AAAAA-TCP_FORW: name:enp0s3: saddr:16783984: daddr:100932208
[  309.347669] AAAAA-TCP_FORW: name:enp0s3: saddr:16783984: daddr:100932208
[  309.442602] AAAAA-TCP_FORW: name:enp0s3: saddr:16783984: daddr:100932208
[  309.513842] AAAAA-TCP_FORW: name:enp0s3: saddr:16783984: daddr:100932208
[  309.539074] AAAAA-TCP_FORW: name:enp0s3: saddr:16783984: daddr:100932208
[  309.627206] AAAAA-TCP_FORW: name:enp0s3: saddr:16783984: daddr:100932208
[  309.697140] AAAAA-TCP_FORW: name:enp0s3: saddr:33561200: daddr:100932208
[  309.793619] AAAAA-TCP_FORW: name:enp0s3: saddr:33561200: daddr:100932208
[  309.838790] AAAAA-TCP_FORW: name:enp0s3: saddr:33561200: daddr:100932208
[  309.961014] AAAAA-TCP_FORW: name:enp0s3: saddr:33561200: daddr:100932208
[  310.087677] AAAAA-TCP_FORW: name:enp0s3: saddr:33561200: daddr:100932208
[  310.198952] AAAAA-TCP_FORW: name:enp0s3: saddr:16783984: daddr:100932208
[  310.296872] AAAAA-TCP_FORW: name:enp0s3: saddr:16783984: daddr:100932208
[  310.347957] AAAAA-TCP_FORW: name:enp0s3: saddr:16783984: daddr:100932208
[  310.538953] AAAAA-TCP_FORW: name:enp0s3: saddr:16783984: daddr:100932208
[  310.654687] AAAAA-TCP_FORW: name:enp0s3: saddr:16783984: daddr:100932208
[  310.854276] AAAAA-TCP_FORW: name:enp0s3: saddr:16783984: daddr:100932208
[  311.145571] AAAAA-TCP_FORW: name:enp0s3: saddr:16783984: daddr:100932208
[  311.468415] AAAAA-TCP_FORW: name:enp0s3: saddr:16783984: daddr:100932208
[  311.671592] AAAAA-TCP_FORW: name:enp0s3: saddr:16783984: daddr:100932208
[  311.796513] AAAAA-TCP_FORW: name:enp0s3: saddr:16783984: daddr:100932208
[  312.101312] AAAAA-TCP_FORW: name:enp0s3: saddr:16783984: daddr:100932208
[  312.281028] AAAAA-TCP_FORW: name:enp0s3: saddr:33561200: daddr:100932208
[  312.433773] AAAAA-TCP_FORW: name:enp0s3: saddr:33561200: daddr:100932208
[  312.628958] AAAAA-TCP_FORW: name:enp0s3: saddr:33561200: daddr:100932208
[  312.786903] AAAAA-TCP_FORW: name:enp0s3: saddr:33561200: daddr:100932208
[  312.977437] AAAAA-TCP_FORW: name:enp0s3: saddr:33561200: daddr:100932208
[  313.239437] AAAAA-TCP_FORW: name:enp0s3: saddr:16783984: daddr:100932208
[  313.392759] AAAAA-TCP_FORW: name:enp0s3: saddr:16783984: daddr:100932208
[  313.530418] AAAAA-TCP_FORW: name:enp0s3: saddr:16783984: daddr:100932208
[  313.621453] AAAAA-TCP_FORW: name:enp0s3: saddr:16783984: daddr:100932208
[  313.734657] AAAAA-TCP_FORW: name:enp0s3: saddr:16783984: daddr:100932208
[  313.812552] AAAAA-TCP_FORW: name:enp0s3: saddr:16783984: daddr:100932208
[  313.954446] AAAAA-TCP_FORW: name:enp0s3: saddr:16783984: daddr:100932208
[  314.095517] AAAAA-TCP_FORW: name:enp0s3: saddr:16783984: daddr:100932208
[  314.181622] AAAAA-TCP_FORW: name:enp0s3: saddr:16783984: daddr:100932208
[  314.269309] AAAAA-TCP_FORW: name:enp0s3: saddr:16783984: daddr:100932208
[  314.378847] AAAAA-TCP_FORW: name:enp0s3: saddr:16783984: daddr:100932208
[  314.515641] AAAAA-TCP_FORW: name:enp0s3: saddr:33561200: daddr:100932208
[  314.611146] AAAAA-TCP_FORW: name:enp0s3: saddr:33561200: daddr:100932208
[  314.735521] AAAAA-TCP_FORW: name:enp0s3: saddr:33561200: daddr:100932208
[  314.846915] AAAAA-TCP_FORW: name:enp0s3: saddr:33561200: daddr:100932208
[  314.957297] AAAAA-TCP_FORW: name:enp0s3: saddr:33561200: daddr:100932208
[  315.122759] AAAAA-TCP_FORW: name:enp0s3: saddr:33561200: daddr:100932208
[  315.371940] AAAAA-TCP_FORW: name:enp0s3: saddr:16783984: daddr:100932208
[  315.596605] AAAAA-TCP_FORW: name:enp0s3: saddr:16783984: daddr:100932208
[  315.788578] AAAAA-TCP_FORW: name:enp0s3: saddr:16783984: daddr:100932208
[  315.865287] AAAAA-TCP_FORW: name:enp0s3: saddr:16783984: daddr:100932208
[  315.991195] AAAAA-TCP_FORW: name:enp0s3: saddr:16783984: daddr:100932208
[  316.112289] AAAAA-TCP_FORW: name:enp0s3: saddr:16783984: daddr:100932208
[  316.239795] AAAAA-TCP_FORW: name:enp0s3: saddr:16783984: daddr:100932208
[  316.436077] AAAAA-TCP_FORW: name:enp0s3: saddr:16783984: daddr:100932208
[  316.567571] AAAAA-TCP_FORW: name:enp0s3: saddr:16783984: daddr:100932208
[  316.684521] AAAAA-TCP_FORW: name:enp0s3: saddr:16783984: daddr:100932208
[  316.772302] AAAAA-TCP_FORW: name:enp0s3: saddr:16783984: daddr:100932208
[  316.927612] AAAAA-TCP_FORW: name:enp0s3: saddr:33561200: daddr:100932208
[  317.093946] AAAAA-TCP_FORW: name:enp0s3: saddr:33561200: daddr:100932208
[  317.225996] AAAAA-TCP_FORW: name:enp0s3: saddr:33561200: daddr:100932208
[  317.370200] AAAAA-TCP_FORW: name:enp0s3: saddr:33561200: daddr:100932208
[  317.510519] AAAAA-TCP_FORW: name:enp0s3: saddr:33561200: daddr:100932208
[  317.699563] AAAAA-TCP_FORW: name:enp0s3: saddr:33561200: daddr:100932208
[  317.974008] AAAAA-TCP_FORW: name:enp0s3: saddr:16783984: daddr:100932208
[  318.154198] AAAAA-TCP_FORW: name:enp0s3: saddr:16783984: daddr:100932208
[  318.354054] AAAAA-TCP_FORW: name:enp0s3: saddr:16783984: daddr:100932208
[  318.449804] AAAAA-TCP_FORW: name:enp0s3: saddr:16783984: daddr:100932208
[  318.581165] AAAAA-TCP_FORW: name:enp0s3: saddr:16783984: daddr:100932208
[  318.694885] AAAAA-TCP_FORW: name:enp0s3: saddr:16783984: daddr:100932208
[  318.770544] AAAAA-TCP_FORW: name:enp0s3: saddr:16783984: daddr:100932208
[  318.892900] AAAAA-TCP_FORW: name:enp0s3: saddr:16783984: daddr:100932208
[  319.026894] AAAAA-TCP_FORW: name:enp0s3: saddr:16783984: daddr:100932208
[  319.125365] AAAAA-TCP_FORW: name:enp0s3: saddr:16783984: daddr:100932208
[  319.210923] AAAAA-TCP_FORW: name:enp0s3: saddr:16783984: daddr:100932208
[  319.433631] AAAAA-TCP_FORW: name:enp0s3: saddr:33561200: daddr:100932208
[  319.707122] AAAAA-TCP_FORW: name:enp0s3: saddr:33561200: daddr:100932208
[  319.854623] AAAAA-TCP_FORW: name:enp0s3: saddr:33561200: daddr:100932208
[  319.970978] AAAAA-TCP_FORW: name:enp0s3: saddr:33561200: daddr:100932208
[  320.089707] AAAAA-TCP_FORW: name:enp0s3: saddr:33561200: daddr:100932208
[  320.153277] AAAAA-TCP_FORW: name:enp0s3: saddr:33561200: daddr:100932208
[  320.328821] AAAAA-TCP_FORW: name:enp0s3: saddr:33561200: daddr:100932208
[  320.511648] AAAAA-TCP_FORW: name:enp0s3: saddr:16783984: daddr:100932208
[  320.822291] AAAAA-TCP_FORW: name:enp0s3: saddr:16783984: daddr:100932208
[  321.072305] AAAAA-TCP_FORW: name:enp0s3: saddr:16783984: daddr:100932208
[  321.157178] AAAAA-TCP_FORW: name:enp0s3: saddr:16783984: daddr:100932208
[  321.254140] AAAAA-TCP_FORW: name:enp0s3: saddr:16783984: daddr:100932208
[  321.409055] AAAAA-TCP_FORW: name:enp0s3: saddr:16783984: daddr:100932208
[  321.519789] AAAAA-TCP_FORW: name:enp0s3: saddr:16783984: daddr:100932208
[  321.616773] AAAAA-TCP_FORW: name:enp0s3: saddr:16783984: daddr:100932208
[  321.796303] AAAAA-TCP_FORW: name:enp0s3: saddr:16783984: daddr:100932208
[  321.944948] AAAAA-TCP_FORW: name:enp0s3: saddr:16783984: daddr:100932208
[  322.030035] AAAAA-TCP_FORW: name:enp0s3: saddr:33561200: daddr:100932208
[  322.132828] AAAAA-TCP_FORW: name:enp0s3: saddr:33561200: daddr:100932208
[  322.284307] AAAAA-TCP_FORW: name:enp0s3: saddr:33561200: daddr:100932208
[  322.435351] AAAAA-TCP_FORW: name:enp0s3: saddr:33561200: daddr:100932208
[  322.582349] AAAAA-TCP_FORW: name:enp0s3: saddr:33561200: daddr:100932208
[  322.751880] AAAAA-TCP_FORW: name:enp0s3: saddr:33561200: daddr:100932208
[  322.863449] AAAAA-TCP_FORW: name:enp0s3: saddr:33561200: daddr:100932208
[  323.079650] AAAAA-TCP_FORW: name:enp0s3: saddr:16783984: daddr:100932208
[  323.307205] AAAAA-TCP_FORW: name:enp0s3: saddr:16783984: daddr:100932208
[  323.581436] AAAAA-TCP_FORW: name:enp0s3: saddr:16783984: daddr:100932208
[  323.702109] AAAAA-TCP_FORW: name:enp0s3: saddr:16783984: daddr:100932208
[  323.881519] AAAAA-TCP_FORW: name:enp0s3: saddr:16783984: daddr:100932208
[  323.954041] AAAAA-TCP_FORW: name:enp0s3: saddr:16783984: daddr:100932208
[  324.030222] AAAAA-TCP_FORW: name:enp0s3: saddr:16783984: daddr:100932208
[  324.115130] AAAAA-TCP_FORW: name:enp0s3: saddr:16783984: daddr:100932208
[  324.260567] AAAAA-TCP_FORW: name:enp0s3: saddr:16783984: daddr:100932208
[  324.493834] AAAAA-TCP_FORW: name:enp0s3: saddr:33561200: daddr:100932208
[  324.880753] AAAAA-TCP_FORW: name:enp0s3: saddr:33561200: daddr:100932208
[  324.941102] AAAAA-TCP_FORW: name:enp0s3: saddr:33561200: daddr:100932208
[  325.125651] AAAAA-TCP_FORW: name:enp0s3: saddr:33561200: daddr:100932208
[  325.227144] AAAAA-TCP_FORW: name:enp0s3: saddr:33561200: daddr:100932208
[  325.368383] AAAAA-TCP_FORW: name:enp0s3: saddr:33561200: daddr:100932208
[  325.808466] AAAAA-TCP_FORW: name:enp0s3: saddr:16783984: daddr:100932208
[  326.272506] AAAAA-TCP_FORW: name:enp0s3: saddr:16783984: daddr:100932208
[  326.444905] AAAAA-TCP_FORW: name:enp0s3: saddr:16783984: daddr:100932208
[  326.811397] AAAAA-TCP_FORW: name:enp0s3: saddr:16783984: daddr:100932208
[  327.048365] AAAAA-TCP_FORW: name:enp0s3: saddr:16783984: daddr:100932208
[  327.145741] AAAAA-TCP_FORW: name:enp0s3: saddr:33561200: daddr:100932208
[  327.276139] AAAAA-TCP_FORW: name:enp0s3: saddr:33561200: daddr:100932208
[  327.401083] AAAAA-TCP_FORW: name:enp0s3: saddr:33561200: daddr:100932208
[  327.710660] AAAAA-TCP_FORW: name:enp0s3: saddr:33561200: daddr:100932208
[  328.015263] AAAAA-TCP_FORW: name:enp0s3: saddr:16783984: daddr:100932208
[  328.568106] AAAAA-TCP_FORW: name:enp0s3: saddr:16783984: daddr:100932208
[  328.691263] AAAAA-TCP_FORW: name:enp0s3: saddr:16783984: daddr:100932208
[  328.979304] AAAAA-TCP_FORW: name:enp0s3: saddr:16783984: daddr:100932208
[  329.204566] AAAAA-TCP_FORW: name:enp0s3: saddr:16783984: daddr:100932208
[  533.704394] rfkill: input handler enabled
[  542.466538] rfkill: input handler disabled
[  755.566064] device enp0s3 left promiscuous mode
