[    0.000000] Linux version 5.4.243-mptcp (root@ztg) (gcc version 12.2.0 (Debian 12.2.0-14+deb12u1)) #53 SMP Wed Dec 24 23:28:15 CST 2025
[    0.000000] Command line: BOOT_IMAGE=/boot/vmlinuz-5.4.243-mptcp root=UUID=98415a12-53b7-4144-8265-0f7ece09e445 ro quiet splash
[    0.000000] KERNEL supported cpus:
[    0.000000]   Intel GenuineIntel
[    0.000000]   AMD AuthenticAMD
[    0.000000]   Hygon HygonGenuine
[    0.000000]   Centaur CentaurHauls
[    0.000000]   zhaoxin   Shanghai  
[    0.000000] x86/fpu: Supporting XSAVE feature 0x001: 'x87 floating point registers'
[    0.000000] x86/fpu: Supporting XSAVE feature 0x002: 'SSE registers'
[    0.000000] x86/fpu: Supporting XSAVE feature 0x004: 'AVX registers'
[    0.000000] x86/fpu: xstate_offset[2]:  576, xstate_sizes[2]:  256
[    0.000000] x86/fpu: Enabled xstate features 0x7, context size is 832 bytes, using 'standard' format.
[    0.000000] BIOS-provided physical RAM map:
[    0.000000] BIOS-e820: [mem 0x0000000000000000-0x000000000009fbff] usable
[    0.000000] BIOS-e820: [mem 0x000000000009fc00-0x000000000009ffff] reserved
[    0.000000] BIOS-e820: [mem 0x00000000000f0000-0x00000000000fffff] reserved
[    0.000000] BIOS-e820: [mem 0x0000000000100000-0x000000007ffeffff] usable
[    0.000000] BIOS-e820: [mem 0x000000007fff0000-0x000000007fffffff] ACPI data
[    0.000000] BIOS-e820: [mem 0x00000000fec00000-0x00000000fec00fff] reserved
[    0.000000] BIOS-e820: [mem 0x00000000fee00000-0x00000000fee00fff] reserved
[    0.000000] BIOS-e820: [mem 0x00000000fffc0000-0x00000000ffffffff] reserved
[    0.000000] NX (Execute Disable) protection: active
[    0.000000] SMBIOS 2.5 present.
[    0.000000] DMI: innotek GmbH VirtualBox/VirtualBox, BIOS VirtualBox 12/01/2006
[    0.000000] Hypervisor detected: KVM
[    0.000000] kvm-clock: Using msrs 4b564d01 and 4b564d00
[    0.000000] kvm-clock: cpu 0, msr 2aa01001, primary cpu clock
[    0.000000] kvm-clock: using sched offset of 4477088548 cycles
[    0.000003] clocksource: kvm-clock: mask: 0xffffffffffffffff max_cycles: 0x1cd42e4dffb, max_idle_ns: 881590591483 ns
[    0.000006] tsc: Detected 2100.000 MHz processor
[    0.001885] e820: update [mem 0x00000000-0x00000fff] usable ==> reserved
[    0.001887] e820: remove [mem 0x000a0000-0x000fffff] usable
[    0.001891] last_pfn = 0x7fff0 max_arch_pfn = 0x400000000
[    0.001959] MTRR default type: uncachable
[    0.001960] MTRR fixed ranges enabled:
[    0.001961]   00000-9FFFF write-back
[    0.001962]   A0000-BFFFF uncachable
[    0.001963]   C0000-FFFFF write-protect
[    0.001964] MTRR variable ranges enabled:
[    0.001965]   0 base 000000000000 mask 3FFF80000000 write-back
[    0.001966]   1 disabled
[    0.001966]   2 disabled
[    0.001967]   3 disabled
[    0.001967]   4 disabled
[    0.001968]   5 disabled
[    0.001968]   6 disabled
[    0.001968]   7 disabled
[    0.001969]   8 disabled
[    0.001969]   9 disabled
[    0.001970]   10 disabled
[    0.001970]   11 disabled
[    0.001971]   12 disabled
[    0.001971]   13 disabled
[    0.001971]   14 disabled
[    0.001972]   15 disabled
[    0.001988] x86/PAT: Configuration [0-7]: WB  WC  UC- UC  WB  WP  UC- WT  
[    0.002123] found SMP MP-table at [mem 0x0009fff0-0x0009ffff]
[    0.091736] check: Scanning 1 areas for low memory corruption
[    0.091885] RAMDISK: [mem 0x32271000-0x3512ffff]
[    0.091893] ACPI: Early table checksum verification disabled
[    0.091899] ACPI: RSDP 0x00000000000E0000 000024 (v02 VBOX  )
[    0.091903] ACPI: XSDT 0x000000007FFF0030 00003C (v01 VBOX   VBOXXSDT 00000001 ASL  00000061)
[    0.091909] ACPI: FACP 0x000000007FFF00F0 0000F4 (v04 VBOX   VBOXFACP 00000001 ASL  00000061)
[    0.091916] ACPI: DSDT 0x000000007FFF02E0 002353 (v02 VBOX   VBOXBIOS 00000002 VBOX 00029BF3)
[    0.091920] ACPI: FACS 0x000000007FFF0200 000040
[    0.091923] ACPI: FACS 0x000000007FFF0200 000040
[    0.091926] ACPI: APIC 0x000000007FFF0240 000054 (v02 VBOX   VBOXAPIC 00000001 ASL  00000061)
[    0.091930] ACPI: SSDT 0x000000007FFF02A0 000038 (v01 VBOX   VBOXCPUT 00000002 VBOX 00029BF3)
[    0.091934] ACPI: Reserving FACP table memory at [mem 0x7fff00f0-0x7fff01e3]
[    0.091934] ACPI: Reserving DSDT table memory at [mem 0x7fff02e0-0x7fff2632]
[    0.091935] ACPI: Reserving FACS table memory at [mem 0x7fff0200-0x7fff023f]
[    0.091936] ACPI: Reserving FACS table memory at [mem 0x7fff0200-0x7fff023f]
[    0.091936] ACPI: Reserving APIC table memory at [mem 0x7fff0240-0x7fff0293]
[    0.091937] ACPI: Reserving SSDT table memory at [mem 0x7fff02a0-0x7fff02d7]
[    0.091952] ACPI: Local APIC address 0xfee00000
[    0.092144] No NUMA configuration found
[    0.092145] Faking a node at [mem 0x0000000000000000-0x000000007ffeffff]
[    0.092155] NODE_DATA(0) allocated [mem 0x7ffc5000-0x7ffeffff]
[    0.092437] Zone ranges:
[    0.092438]   DMA      [mem 0x0000000000001000-0x0000000000ffffff]
[    0.092439]   DMA32    [mem 0x0000000001000000-0x000000007ffeffff]
[    0.092440]   Normal   empty
[    0.092441]   Device   empty
[    0.092442] Movable zone start for each node
[    0.092444] Early memory node ranges
[    0.092444]   node   0: [mem 0x0000000000001000-0x000000000009efff]
[    0.092445]   node   0: [mem 0x0000000000100000-0x000000007ffeffff]
[    0.092448] Zeroed struct page in unavailable ranges: 114 pages
[    0.092449] Initmem setup node 0 [mem 0x0000000000001000-0x000000007ffeffff]
[    0.092451] On node 0 totalpages: 524174
[    0.092452]   DMA zone: 64 pages used for memmap
[    0.092452]   DMA zone: 21 pages reserved
[    0.092453]   DMA zone: 3998 pages, LIFO batch:0
[    0.092525]   DMA32 zone: 8128 pages used for memmap
[    0.092526]   DMA32 zone: 520176 pages, LIFO batch:63
[    0.101436] ACPI: PM-Timer IO Port: 0x4008
[    0.101440] ACPI: Local APIC address 0xfee00000
[    0.101510] IOAPIC[0]: apic_id 1, version 32, address 0xfec00000, GSI 0-23
[    0.101514] ACPI: INT_SRC_OVR (bus 0 bus_irq 0 global_irq 2 dfl dfl)
[    0.101515] ACPI: INT_SRC_OVR (bus 0 bus_irq 9 global_irq 9 low level)
[    0.101517] ACPI: IRQ0 used by override.
[    0.101518] ACPI: IRQ9 used by override.
[    0.101521] Using ACPI (MADT) for SMP configuration information
[    0.101528] smpboot: Allowing 1 CPUs, 0 hotplug CPUs
[    0.101551] PM: Registered nosave memory: [mem 0x00000000-0x00000fff]
[    0.101553] PM: Registered nosave memory: [mem 0x0009f000-0x0009ffff]
[    0.101554] PM: Registered nosave memory: [mem 0x000a0000-0x000effff]
[    0.101554] PM: Registered nosave memory: [mem 0x000f0000-0x000fffff]
[    0.101556] [mem 0x80000000-0xfebfffff] available for PCI devices
[    0.101557] Booting paravirtualized kernel on KVM
[    0.101559] clocksource: refined-jiffies: mask: 0xffffffff max_cycles: 0xffffffff, max_idle_ns: 7645519600211568 ns
[    0.101565] setup_percpu: NR_CPUS:8192 nr_cpumask_bits:1 nr_cpu_ids:1 nr_node_ids:1
[    0.102564] percpu: Embedded 60 pages/cpu s208896 r8192 d28672 u2097152
[    0.102569] pcpu-alloc: s208896 r8192 d28672 u2097152 alloc=1*2097152
[    0.102570] pcpu-alloc: [0] 0 
[    0.102596] Built 1 zonelists, mobility grouping on.  Total pages: 515961
[    0.102597] Policy zone: DMA32
[    0.102598] Kernel command line: BOOT_IMAGE=/boot/vmlinuz-5.4.243-mptcp root=UUID=98415a12-53b7-4144-8265-0f7ece09e445 ro quiet splash
[    0.103459] Dentry cache hash table entries: 262144 (order: 9, 2097152 bytes, linear)
[    0.103719] Inode-cache hash table entries: 131072 (order: 8, 1048576 bytes, linear)
[    0.103774] mem auto-init: stack:off, heap alloc:on, heap free:off
[    0.103777] Calgary: detecting Calgary via BIOS EBDA area
[    0.103778] Calgary: Unable to locate Rio Grande table in EBDA - bailing!
[    0.107800] Memory: 1967332K/2096696K available (14339K kernel code, 2398K rwdata, 4712K rodata, 2728K init, 17260K bss, 129364K reserved, 0K cma-reserved)
[    0.108725] SLUB: HWalign=64, Order=0-3, MinObjects=0, CPUs=1, Nodes=1
[    0.108741] ftrace: allocating 43186 entries in 169 pages
[    0.126768] rcu: Hierarchical RCU implementation.
[    0.126770] rcu: 	RCU restricting CPUs from NR_CPUS=8192 to nr_cpu_ids=1.
[    0.126771] 	Tasks RCU enabled.
[    0.126772] rcu: RCU calculated value of scheduler-enlistment delay is 25 jiffies.
[    0.126773] rcu: Adjusting geometry for rcu_fanout_leaf=16, nr_cpu_ids=1
[    0.129740] NR_IRQS: 524544, nr_irqs: 256, preallocated irqs: 16
[    0.129958] random: crng init done
[    0.139249] Console: colour VGA+ 80x25
[    0.139254] printk: console [tty0] enabled
[    0.139273] ACPI: Core revision 20190816
[    0.139418] APIC: Switch to symmetric I/O mode setup
[    0.139668] x2apic enabled
[    0.139905] Switched APIC routing to physical x2apic.
[    0.141043] ..TIMER: vector=0x30 apic1=0 pin1=2 apic2=-1 pin2=-1
[    0.141070] clocksource: tsc-early: mask: 0xffffffffffffffff max_cycles: 0x1e4530a99b6, max_idle_ns: 440795257976 ns
[    0.141076] Calibrating delay loop (skipped) preset value.. 4200.00 BogoMIPS (lpj=8400000)
[    0.141079] pid_max: default: 32768 minimum: 301
[    0.141107] LSM: Security Framework initializing
[    0.141117] Yama: becoming mindful.
[    0.141142] AppArmor: AppArmor initialized
[    0.141175] Mount-cache hash table entries: 4096 (order: 3, 32768 bytes, linear)
[    0.141181] Mountpoint-cache hash table entries: 4096 (order: 3, 32768 bytes, linear)
[    0.141190] *** VALIDATE tmpfs ***
[    0.141318] *** VALIDATE proc ***
[    0.141359] *** VALIDATE cgroup1 ***
[    0.141360] *** VALIDATE cgroup2 ***
[    0.141505] process: using mwait in idle threads
[    0.141510] Last level iTLB entries: 4KB 64, 2MB 8, 4MB 8
[    0.141511] Last level dTLB entries: 4KB 64, 2MB 0, 4MB 0, 1GB 4
[    0.141531] Spectre V1 : Mitigation: usercopy/swapgs barriers and __user pointer sanitization
[    0.141536] Spectre V2 : Mitigation: Retpolines
[    0.141537] Spectre V2 : Spectre v2 / SpectreRSB mitigation: Filling RSB on context switch
[    0.141537] Spectre V2 : Spectre v2 / SpectreRSB : Filling RSB on VMEXIT
[    0.141538] RETBleed: WARNING: Spectre v2 mitigation leaves CPU vulnerable to RETBleed attacks, data leaks possible!
[    0.141894] RETBleed: Vulnerable
[    0.141895] Speculative Store Bypass: Vulnerable
[    0.141899] TAA: Mitigation: TSX disabled
[    0.141900] MMIO Stale Data: Mitigation: Clear CPU buffers
[    0.146116] Freeing SMP alternatives memory: 40K
[    0.257841] smpboot: CPU0: Intel(R) Xeon(R) Silver 4216 CPU @ 2.10GHz (family: 0x6, model: 0x55, stepping: 0x7)
[    0.257971] Performance Events: unsupported p6 CPU model 85 no PMU driver, software events only.
[    0.258009] rcu: Hierarchical SRCU implementation.
[    0.258484] NMI watchdog: Perf NMI watchdog permanently disabled
[    0.258522] smp: Bringing up secondary CPUs ...
[    0.258523] smp: Brought up 1 node, 1 CPU
[    0.258524] smpboot: Max logical packages: 1
[    0.258525] smpboot: Total of 1 processors activated (4200.00 BogoMIPS)
[    0.259486] devtmpfs: initialized
[    0.259533] x86/mm: Memory block size: 128MB
[    0.259883] clocksource: jiffies: mask: 0xffffffff max_cycles: 0xffffffff, max_idle_ns: 7645041785100000 ns
[    0.259889] futex hash table entries: 256 (order: 2, 16384 bytes, linear)
[    0.259932] pinctrl core: initialized pinctrl subsystem
[    0.260034] PM: RTC time: 19:04:50, date: 2026-01-16
[    0.260141] NET: Registered protocol family 16
[    0.260216] audit: initializing netlink subsys (disabled)
[    0.260343] EISA bus registered
[    0.260345] cpuidle: using governor ladder
[    0.260345] cpuidle: using governor menu
[    0.260382] ACPI: bus type PCI registered
[    0.260384] acpiphp: ACPI Hot Plug PCI Controller Driver version: 0.5
[    0.260486] PCI: Using configuration type 1 for base access
[    0.261376] audit: type=2000 audit(1768561497.244:1): state=initialized audit_enabled=0 res=1
[    0.261456] HugeTLB registered 2.00 MiB page size, pre-allocated 0 pages
[    0.262271] ACPI: Added _OSI(Module Device)
[    0.262272] ACPI: Added _OSI(Processor Device)
[    0.262272] ACPI: Added _OSI(3.0 _SCP Extensions)
[    0.262273] ACPI: Added _OSI(Processor Aggregator Device)
[    0.262274] ACPI: Added _OSI(Linux-Dell-Video)
[    0.262275] ACPI: Added _OSI(Linux-Lenovo-NV-HDMI-Audio)
[    0.262276] ACPI: Added _OSI(Linux-HPI-Hybrid-Graphics)
[    0.264220] ACPI: 2 ACPI AML tables successfully acquired and loaded
[    0.265856] ACPI: Interpreter enabled
[    0.265865] ACPI: (supports S0 S5)
[    0.265866] ACPI: Using IOAPIC for interrupt routing
[    0.266072] PCI: Using host bridge windows from ACPI; if necessary, use "pci=nocrs" and report a bug
[    0.266177] ACPI: Enabled 2 GPEs in block 00 to 07
[    0.270980] ACPI: PCI Root Bridge [PCI0] (domain 0000 [bus 00-ff])
[    0.270984] acpi PNP0A03:00: _OSC: OS supports [ASPM ClockPM Segments MSI HPX-Type3]
[    0.271427] acpi PNP0A03:00: _OSC: not requesting OS control; OS requires [ExtendedConfig ASPM ClockPM MSI]
[    0.271435] acpi PNP0A03:00: fail to add MMCONFIG information, can't access extended PCI configuration space under this bridge.
[    0.271804] PCI host bridge to bus 0000:00
[    0.271806] pci_bus 0000:00: root bus resource [io  0x0000-0x0cf7 window]
[    0.271807] pci_bus 0000:00: root bus resource [io  0x0d00-0xffff window]
[    0.271808] pci_bus 0000:00: root bus resource [mem 0x000a0000-0x000bffff window]
[    0.271809] pci_bus 0000:00: root bus resource [mem 0x80000000-0xfdffffff window]
[    0.271811] pci_bus 0000:00: root bus resource [bus 00-ff]
[    0.271852] pci 0000:00:00.0: [8086:1237] type 00 class 0x060000
[    0.273635] pci 0000:00:01.0: [8086:7000] type 00 class 0x060100
[    0.274385] pci 0000:00:01.1: [8086:7111] type 00 class 0x01018a
[    0.274757] pci 0000:00:01.1: reg 0x20: [io  0xd000-0xd00f]
[    0.274914] pci 0000:00:01.1: legacy IDE quirk: reg 0x10: [io  0x01f0-0x01f7]
[    0.274915] pci 0000:00:01.1: legacy IDE quirk: reg 0x14: [io  0x03f6]
[    0.274915] pci 0000:00:01.1: legacy IDE quirk: reg 0x18: [io  0x0170-0x0177]
[    0.274916] pci 0000:00:01.1: legacy IDE quirk: reg 0x1c: [io  0x0376]
[    0.275447] pci 0000:00:02.0: [15ad:0405] type 00 class 0x030000
[    0.277154] pci 0000:00:02.0: reg 0x10: [io  0xd010-0xd01f]
[    0.281120] pci 0000:00:02.0: reg 0x14: [mem 0xe0000000-0xe7ffffff pref]
[    0.283978] pci 0000:00:02.0: reg 0x18: [mem 0xf0000000-0xf01fffff]
[    0.295668] pci 0000:00:03.0: [1022:2000] type 00 class 0x020000
[    0.296354] pci 0000:00:03.0: reg 0x10: [io  0xd020-0xd03f]
[    0.296961] pci 0000:00:03.0: reg 0x14: [mem 0xf0200000-0xf0200fff]
[    0.300170] pci 0000:00:04.0: [80ee:cafe] type 00 class 0x088000
[    0.300836] pci 0000:00:04.0: reg 0x10: [io  0xd040-0xd05f]
[    0.301186] pci 0000:00:04.0: reg 0x14: [mem 0xf0400000-0xf07fffff]
[    0.301789] pci 0000:00:04.0: reg 0x18: [mem 0xf0800000-0xf0803fff pref]
[    0.306360] pci 0000:00:07.0: [8086:7113] type 00 class 0x068000
[    0.306896] pci 0000:00:07.0: quirk: [io  0x4000-0x403f] claimed by PIIX4 ACPI
[    0.306906] pci 0000:00:07.0: quirk: [io  0x4100-0x410f] claimed by PIIX4 SMB
[    0.307511] pci 0000:00:08.0: [8086:100e] type 00 class 0x020000
[    0.308211] pci 0000:00:08.0: reg 0x10: [mem 0xf0820000-0xf083ffff]
[    0.309187] pci 0000:00:08.0: reg 0x18: [io  0xd060-0xd067]
[    0.312402] pci 0000:00:09.0: [8086:100e] type 00 class 0x020000
[    0.313072] pci 0000:00:09.0: reg 0x10: [mem 0xf0840000-0xf085ffff]
[    0.313753] pci 0000:00:09.0: reg 0x18: [io  0xd068-0xd06f]
[    0.325292] ACPI: PCI Interrupt Link [LNKA] (IRQs 5 9 10 *11)
[    0.325570] ACPI: PCI Interrupt Link [LNKB] (IRQs 5 9 *10 11)
[    0.325675] ACPI: PCI Interrupt Link [LNKC] (IRQs 5 *9 10 11)
[    0.325786] ACPI: PCI Interrupt Link [LNKD] (IRQs 5 9 10 *11)
[    0.326049] iommu: Default domain type: Translated 
[    0.326106] pci 0000:00:02.0: vgaarb: setting as boot VGA device
[    0.326108] pci 0000:00:02.0: vgaarb: VGA device added: decodes=io+mem,owns=io+mem,locks=none
[    0.326110] pci 0000:00:02.0: vgaarb: bridge control possible
[    0.326111] vgaarb: loaded
[    0.326321] SCSI subsystem initialized
[    0.326351] libata version 3.00 loaded.
[    0.326374] ACPI: bus type USB registered
[    0.326390] usbcore: registered new interface driver usbfs
[    0.326396] usbcore: registered new interface driver hub
[    0.326401] usbcore: registered new device driver usb
[    0.326429] pps_core: LinuxPPS API ver. 1 registered
[    0.326430] pps_core: Software ver. 5.3.6 - Copyright 2005-2007 Rodolfo Giometti <giometti@linux.it>
[    0.326432] PTP clock support registered
[    0.326466] EDAC MC: Ver: 3.0.0
[    0.326747] PCI: Using ACPI for IRQ routing
[    0.326749] PCI: pci_cache_line_size set to 64 bytes
[    0.326920] e820: reserve RAM buffer [mem 0x0009fc00-0x0009ffff]
[    0.326923] e820: reserve RAM buffer [mem 0x7fff0000-0x7fffffff]
[    0.327727] NetLabel: Initializing
[    0.327728] NetLabel:  domain hash size = 128
[    0.327728] NetLabel:  protocols = UNLABELED CIPSOv4 CALIPSO
[    0.327748] NetLabel:  unlabeled traffic allowed by default
[    0.328643] clocksource: Switched to clocksource kvm-clock
[    0.339474] *** VALIDATE bpf ***
[    0.339535] VFS: Disk quotas dquot_6.6.0
[    0.339547] VFS: Dquot-cache hash table entries: 512 (order 0, 4096 bytes)
[    0.339570] *** VALIDATE ramfs ***
[    0.339573] *** VALIDATE hugetlbfs ***
[    0.339650] AppArmor: AppArmor Filesystem Enabled
[    0.339677] pnp: PnP ACPI init
[    0.339744] pnp 00:00: Plug and Play ACPI device, IDs PNP0303 (active)
[    0.339831] pnp 00:01: Plug and Play ACPI device, IDs PNP0f03 (active)
[    0.340569] pnp: PnP ACPI: found 2 devices
[    0.341554] thermal_sys: Registered thermal governor 'fair_share'
[    0.341554] thermal_sys: Registered thermal governor 'bang_bang'
[    0.341555] thermal_sys: Registered thermal governor 'step_wise'
[    0.341556] thermal_sys: Registered thermal governor 'user_space'
[    0.341556] thermal_sys: Registered thermal governor 'power_allocator'
[    0.346097] clocksource: acpi_pm: mask: 0xffffff max_cycles: 0xffffff, max_idle_ns: 2085701024 ns
[    0.346143] pci_bus 0000:00: resource 4 [io  0x0000-0x0cf7 window]
[    0.346144] pci_bus 0000:00: resource 5 [io  0x0d00-0xffff window]
[    0.346145] pci_bus 0000:00: resource 6 [mem 0x000a0000-0x000bffff window]
[    0.346147] pci_bus 0000:00: resource 7 [mem 0x80000000-0xfdffffff window]
[    0.346205] NET: Registered protocol family 2
[    0.346280] IP idents hash table entries: 32768 (order: 6, 262144 bytes, linear)
[    0.346686] MPTCP tokens hash table entries: 8192 (order: 4, 65536 bytes, linear)
[    0.346706] MPTCP request tokens hash table entries: 8192 (order: 4, 65536 bytes, linear)
[    0.346732] default registered
[    0.346732] default registered
[    0.346732] MPTCP: Stable release v0.96
[    0.346738] tcp_listen_portaddr_hash hash table entries: 1024 (order: 2, 16384 bytes, linear)
[    0.346819] TCP established hash table entries: 16384 (order: 5, 131072 bytes, linear)
[    0.346885] TCP bind hash table entries: 16384 (order: 6, 262144 bytes, linear)
[    0.346910] TCP: Hash tables configured (established 16384 bind 16384)
[    0.347636] UDP hash table entries: 1024 (order: 3, 32768 bytes, linear)
[    0.347647] UDP-Lite hash table entries: 1024 (order: 3, 32768 bytes, linear)
[    0.347684] NET: Registered protocol family 1
[    0.347692] NET: Registered protocol family 44
[    0.347714] pci 0000:00:00.0: Limiting direct PCI/PCI transfers
[    0.347730] pci 0000:00:01.0: Activating ISA DMA hang workarounds
[    0.347785] pci 0000:00:02.0: Video device with shadowed ROM at [mem 0x000c0000-0x000dffff]
[    0.347852] PCI: CLS 0 bytes, default 64
[    0.347899] Trying to unpack rootfs image as initramfs...
[    0.519582] Freeing initrd memory: 47868K
[    0.519582] clocksource: tsc: mask: 0xffffffffffffffff max_cycles: 0x1e4530a99b6, max_idle_ns: 440795257976 ns
[    0.519582] clocksource: Switched to clocksource tsc
[    0.519582] platform rtc_cmos: registered platform RTC device (no PNP device found)
[    0.519582] check: Scanning for low memory corruption every 60 seconds
[    0.519582] Initialise system trusted keyrings
[    0.519582] Key type blacklist registered
[    0.519582] workingset: timestamp_bits=36 max_order=19 bucket_order=0
[    0.519582] zbud: loaded
[    0.519582] squashfs: version 4.0 (2009/01/31) Phillip Lougher
[    0.519582] fuse: init (API version 7.31)
[    0.519582] *** VALIDATE fuse ***
[    0.519582] *** VALIDATE fuse ***
[    0.519582] Platform Keyring initialized
[    0.519582] Key type asymmetric registered
[    0.519582] Asymmetric key parser 'x509' registered
[    0.519582] Block layer SCSI generic (bsg) driver version 0.4 loaded (major 244)
[    0.519582] io scheduler mq-deadline registered
[    0.519582] shpchp: Standard Hot Plug PCI Controller Driver version: 0.4
[    0.530351] ACPI: AC Adapter [AC] (on-line)
[    0.530398] input: Power Button as /devices/LNXSYSTM:00/LNXPWRBN:00/input/input0
[    0.530424] ACPI: Power Button [PWRF]
[    0.530513] input: Sleep Button as /devices/LNXSYSTM:00/LNXSLPBN:00/input/input1
[    0.530528] ACPI: Sleep Button [SLPF]
[    0.530755] Serial: 8250/16550 driver, 32 ports, IRQ sharing enabled
[    0.531918] Linux agpgart interface v0.103
[    0.627153] loop: module loaded
[    0.627294] ata_piix 0000:00:01.1: version 2.13
[    0.627701] scsi host0: ata_piix
[    0.627789] scsi host1: ata_piix
[    0.627815] ata1: PATA max UDMA/33 cmd 0x1f0 ctl 0x3f6 bmdma 0xd000 irq 14
[    0.627816] ata2: PATA max UDMA/33 cmd 0x170 ctl 0x376 bmdma 0xd008 irq 15
[    0.627897] tun: Universal TUN/TAP device driver, 1.6
[    0.628208] PPP generic driver version 2.4.2
[    0.628250] VFIO - User Level meta-driver version: 0.3
[    0.628489] ehci_hcd: USB 2.0 'Enhanced' Host Controller (EHCI) Driver
[    0.628493] ehci-pci: EHCI PCI platform driver
[    0.628508] ehci-platform: EHCI generic platform driver
[    0.628513] ohci_hcd: USB 1.1 'Open' Host Controller (OHCI) Driver
[    0.628515] ohci-pci: OHCI PCI platform driver
[    0.628523] ohci-platform: OHCI generic platform driver
[    0.628527] uhci_hcd: USB Universal Host Controller Interface driver
[    0.628591] i8042: PNP: PS/2 Controller [PNP0303:PS2K,PNP0f03:PS2M] at 0x60,0x64 irq 1,12
[    0.629027] serio: i8042 KBD port at 0x60,0x64 irq 1
[    0.629031] serio: i8042 AUX port at 0x60,0x64 irq 12
[    0.629115] mousedev: PS/2 mouse device common for all mice
[    0.629379] input: AT Translated Set 2 keyboard as /devices/platform/i8042/serio0/input/input2
[    0.629779] rtc_cmos rtc_cmos: registered as rtc0
[    0.629793] rtc_cmos rtc_cmos: alarms up to one day, 114 bytes nvram
[    0.629798] i2c /dev entries driver
[    0.629842] device-mapper: uevent: version 1.0.3
[    0.629884] device-mapper: ioctl: 4.41.0-ioctl (2019-09-16) initialised: dm-devel@redhat.com
[    0.629901] platform eisa.0: Probing EISA bus 0
[    0.629902] platform eisa.0: EISA: Cannot allocate resource for mainboard
[    0.629904] platform eisa.0: Cannot allocate resource for EISA slot 1
[    0.629905] platform eisa.0: Cannot allocate resource for EISA slot 2
[    0.629906] platform eisa.0: Cannot allocate resource for EISA slot 3
[    0.629907] platform eisa.0: Cannot allocate resource for EISA slot 4
[    0.629907] platform eisa.0: Cannot allocate resource for EISA slot 5
[    0.629908] platform eisa.0: Cannot allocate resource for EISA slot 6
[    0.629909] platform eisa.0: Cannot allocate resource for EISA slot 7
[    0.629910] platform eisa.0: Cannot allocate resource for EISA slot 8
[    0.629911] platform eisa.0: EISA: Detected 0 cards
[    0.629914] intel_pstate: CPU model not supported
[    0.629923] ledtrig-cpu: registered to indicate activity on CPUs
[    0.629976] drop_monitor: Initializing network drop monitor service
[    0.630148] NET: Registered protocol family 10
[    0.635229] Segment Routing with IPv6
[    0.635260] fullmesh registered
[    0.635261] ndiffports registered
[    0.635263] binder registered
[    0.635264] roundrobin registered
[    0.635264] redundant registered
[    0.635265] blest registered
[    0.635266] ecf registered
[    0.635267] NET: Registered protocol family 17
[    0.635298] Key type dns_resolver registered
[    0.635308] RAS: Correctable Errors collector initialized.
[    0.635308] IPI shorthand broadcast: enabled
[    0.635308] sched_clock: Marking stable (620184745, 11124049)->(633881468, -2572674)
[    0.635472] registered taskstats version 1
[    0.635480] Loading compiled-in X.509 certificates
[    0.636068] Loaded X.509 cert 'Build time autogenerated kernel key: 6909f3744cebb3d0de528d5887b96a727de79b1e'
[    0.636087] zswap: loaded using pool lzo/zbud
[    0.636138] Key type ._fscrypt registered
[    0.636139] Key type .fscrypt registered
[    0.640567] Key type big_key registered
[    0.642771] Key type encrypted registered
[    0.642774] AppArmor: AppArmor sha1 policy hashing enabled
[    0.642780] ima: No TPM chip found, activating TPM-bypass!
[    0.642784] ima: Allocated hash algorithm: sha1
[    0.642790] ima: No architecture policies found
[    0.642799] evm: Initialising EVM extended attributes:
[    0.642800] evm: security.selinux
[    0.642800] evm: security.SMACK64
[    0.642801] evm: security.SMACK64EXEC
[    0.642801] evm: security.SMACK64TRANSMUTE
[    0.642801] evm: security.SMACK64MMAP
[    0.642802] evm: security.apparmor
[    0.642802] evm: security.ima
[    0.642803] evm: security.capability
[    0.642803] evm: HMAC attrs: 0x1
[    0.643091] PM:   Magic number: 10:699:91
[    0.643202] rtc_cmos rtc_cmos: setting system clock to 2026-01-16T19:04:51 UTC (1768590291)
[    0.800920] ata1.00: ATA-6: VBOX HARDDISK, 1.0, max UDMA/133
[    0.800924] ata1.00: 209715200 sectors, multi 128: LBA 
[    0.801674] scsi 0:0:0:0: Direct-Access     ATA      VBOX HARDDISK    1.0  PQ: 0 ANSI: 5
[    0.802005] sd 0:0:0:0: [sda] 209715200 512-byte logical blocks: (107 GB/100 GiB)
[    0.802021] sd 0:0:0:0: [sda] Write Protect is off
[    0.802025] sd 0:0:0:0: [sda] Mode Sense: 00 3a 00 00
[    0.802049] sd 0:0:0:0: [sda] Write cache: enabled, read cache: enabled, doesn't support DPO or FUA
[    0.802306] sd 0:0:0:0: Attached scsi generic sg0 type 0
[    0.803524]  sda: sda1 sda2
[    0.815388] sd 0:0:0:0: [sda] Attached SCSI disk
[    0.819280] Freeing unused decrypted memory: 2040K
[    0.820359] Freeing unused kernel image memory: 2728K
[    0.820362] Write protecting the kernel read-only data: 22528k
[    0.821517] Freeing unused kernel image memory: 2036K
[    0.822155] Freeing unused kernel image memory: 1432K
[    0.853075] x86/mm: Checked W+X mappings: passed, no W+X pages found.
[    0.853079] Run /init as init process
[    0.965501] ACPI: Video Device [GFX0] (multi-head: yes  rom: no  post: no)
[    0.965576] input: Video Bus as /devices/LNXSYSTM:00/LNXSYBUS:00/PNP0A03:00/LNXVIDEO:00/input/input4
[    0.980270] pcnet32: pcnet32.c:v1.35 21.Apr.2008 tsbogend@alpha.franken.de
[    0.981992] piix4_smbus 0000:00:07.0: SMBus Host Controller at 0x4100, revision 0
[    0.984664] e1000: Intel(R) PRO/1000 Network Driver - version 7.3.21-k8-NAPI
[    0.984664] e1000: Copyright (c) 1999-2006 Intel Corporation.
[    0.993586] pcnet32: PCnet/FAST III 79C973 at 0xd020, 08:00:27:53:db:5f assigned IRQ 19
[    0.993632] pcnet32: Found PHY 0022:561b at address 0
[    0.993929] pcnet32: eth0: registered as PCnet/FAST III 79C973
[    0.998049] pcnet32: 1 cards_found
[    1.054300] pcnet32 0000:00:03.0 enp0s3: renamed from eth0
[    1.197593] input: ImExPS/2 Generic Explorer Mouse as /devices/platform/i8042/serio1/input/input5
[    1.391478] e1000 0000:00:08.0 eth0: (PCI:33MHz:32-bit) 08:00:27:3e:75:73
[    1.391495] e1000 0000:00:08.0 eth0: Intel(R) PRO/1000 Network Connection
[    1.763542] e1000 0000:00:09.0 eth1: (PCI:33MHz:32-bit) 08:00:27:b8:a9:15
[    1.763545] e1000 0000:00:09.0 eth1: Intel(R) PRO/1000 Network Connection
[    1.764868] e1000 0000:00:08.0 enp0s8: renamed from eth0
[    1.766748] e1000 0000:00:09.0 enp0s9: renamed from eth1
[    1.926418] EXT4-fs (sda2): mounted filesystem with ordered data mode. Opts: (null)
[    2.026584] systemd[1]: Inserted module 'autofs4'
[    2.039716] systemd[1]: systemd 245.4-4ubuntu3 running in system mode. (+PAM +AUDIT +SELINUX +IMA +APPARMOR +SMACK +SYSVINIT +UTMP +LIBCRYPTSETUP +GCRYPT +GNUTLS +ACL +XZ +LZ4 +SECCOMP +BLKID +ELFUTILS +KMOD +IDN2 -IDN +PCRE2 default-hierarchy=hybrid)
[    2.039752] systemd[1]: Detected virtualization oracle.
[    2.039756] systemd[1]: Detected architecture x86-64.
[    2.041098] systemd[1]: Set hostname to <ztg>.
[    2.175652] systemd[1]: /lib/systemd/system/dbus.socket:5: ListenStream= references a path below legacy directory /var/run/, updating /var/run/dbus/system_bus_socket â†’ /run/dbus/system_bus_socket; please update the unit file accordingly.
[    2.230843] systemd[1]: Created slice system-modprobe.slice.
[    2.231037] systemd[1]: Created slice User and Session Slice.
[    2.231088] systemd[1]: Started Forward Password Requests to Wall Directory Watch.
[    2.231330] systemd[1]: Set up automount Arbitrary Executable File Formats File System Automount Point.
[    2.231364] systemd[1]: Reached target User and Group Name Lookups.
[    2.231374] systemd[1]: Reached target Remote File Systems.
[    2.231384] systemd[1]: Reached target Slices.
[    2.231989] systemd[1]: Listening on Syslog Socket.
[    2.232058] systemd[1]: Listening on fsck to fsckd communication Socket.
[    2.232097] systemd[1]: Listening on initctl Compatibility Named Pipe.
[    2.232243] systemd[1]: Listening on Journal Audit Socket.
[    2.232294] systemd[1]: Listening on Journal Socket (/dev/log).
[    2.232368] systemd[1]: Listening on Journal Socket.
[    2.232434] systemd[1]: Listening on udev Control Socket.
[    2.232474] systemd[1]: Listening on udev Kernel Socket.
[    2.233328] systemd[1]: Mounting Huge Pages File System...
[    2.234350] systemd[1]: Mounting POSIX Message Queue File System...
[    2.235421] systemd[1]: Mounting Kernel Debug File System...
[    2.236652] systemd[1]: Mounting Kernel Trace File System...
[    2.261444] systemd[1]: Starting Journal Service...
[    2.263636] systemd[1]: Starting Set the console keyboard layout...
[    2.274488] systemd[1]: Starting Create list of static device nodes for the current kernel...
[    2.277037] systemd[1]: Starting Load Kernel Module drm...
[    2.280848] systemd[1]: Condition check resulted in Set Up Additional Binary Formats being skipped.
[    2.280886] systemd[1]: Condition check resulted in File System Check on Root Device being skipped.
[    2.284824] systemd[1]: Starting Load Kernel Modules...
[    2.285641] systemd[1]: Starting Remount Root and Kernel File Systems...
[    2.286453] systemd[1]: Starting udev Coldplug all Devices...
[    2.340088] systemd[1]: Starting Uncomplicated firewall...
[    2.341457] systemd[1]: Mounted Huge Pages File System.
[    2.341558] systemd[1]: Mounted POSIX Message Queue File System.
[    2.341640] systemd[1]: Mounted Kernel Debug File System.
[    2.341719] systemd[1]: Mounted Kernel Trace File System.
[    2.349907] systemd[1]: Finished Create list of static device nodes for the current kernel.
[    2.350395] systemd[1]: modprobe@drm.service: Succeeded.
[    2.351918] EXT4-fs (sda2): re-mounted. Opts: errors=remount-ro
[    2.352425] systemd[1]: Finished Load Kernel Module drm.
[    2.362546] systemd[1]: Finished Remount Root and Kernel File Systems.
[    2.365100] systemd[1]: Finished Uncomplicated firewall.
[    2.370915] systemd[1]: Condition check resulted in Rebuild Hardware Database being skipped.
[    2.370955] systemd[1]: Condition check resulted in Platform Persistent Storage Archival being skipped.
[    2.371694] systemd[1]: Starting Load/Save Random Seed...
[    2.388362] systemd[1]: Starting Create System Users...
[    2.395099] lp: driver loaded but no devices found
[    2.401601] systemd[1]: Finished Load/Save Random Seed.
[    2.404802] ppdev: user-space parallel port driver
[    2.413010] systemd[1]: Finished Create System Users.
[    2.413832] systemd[1]: Starting Create Static Device Nodes in /dev...
[    2.440603] systemd[1]: Finished Create Static Device Nodes in /dev.
[    2.441477] systemd[1]: Starting udev Kernel Device Manager...
[    2.484382] systemd[1]: Finished udev Coldplug all Devices.
[    2.485050] [drm] DMA map mode: Caching DMA mappings.
[    2.485112] [drm] Capabilities:
[    2.485113] [drm]   Rect copy.
[    2.485113] [drm]   Cursor.
[    2.485113] [drm]   Cursor bypass.
[    2.485114] [drm]   Cursor bypass 2.
[    2.485114] [drm]   Alpha cursor.
[    2.485114] [drm]   Extended Fifo.
[    2.485115] [drm]   Pitchlock.
[    2.485115] [drm]   Irq mask.
[    2.485115] [drm]   GMR.
[    2.485116] [drm]   Traces.
[    2.485116] [drm]   GMR2.
[    2.485116] [drm]   Screen Object 2.
[    2.485117] [drm]   Command Buffers.
[    2.485117] [drm]   Command Buffers 2.
[    2.485117] [drm]   Guest Backed Resources.
[    2.485119] [drm] Max GMR ids is 8192
[    2.485119] [drm] Max number of GMR pages is 1048576
[    2.485120] [drm] Max dedicated hypervisor surface memory is 393216 kiB
[    2.485120] [drm] Maximum display memory size is 131072 kiB
[    2.485121] [drm] VRAM at 0xe0000000 size is 131072 kiB
[    2.485121] [drm] MMIO at 0xf0000000 size is 2048 kiB
[    2.493832] [TTM] Zone  kernel: Available graphics memory: 1011738 KiB
[    2.493833] [TTM] Initializing pool allocator
[    2.493837] [TTM] Initializing DMA pool allocator
[    2.493868] [drm] Supports vblank timestamp caching Rev 2 (21.10.2013).
[    2.493869] [drm] No driver support for vblank timestamp query.
[    2.494135] [drm] Screen Target Display device initialized
[    2.494471] [drm] width 720
[    2.494480] [drm] height 400
[    2.494483] [drm] bpp 32
[    2.495016] [drm] Fifo max 0x00200000 min 0x00001000 cap 0x00000355
[    2.496689] [drm] Using command buffers with DMA pool.
[    2.496693] [drm] DX: no.
[    2.496694] [drm] Atomic: yes.
[    2.496694] [drm] SM4_1: no.
[    2.496714] [drm:vmw_host_log [vmwgfx]] *ERROR* Failed to send host log message.
[    2.497611] [drm:vmw_host_log [vmwgfx]] *ERROR* Failed to send host log message.
[    2.532209] fbcon: svgadrmfb (fb0) is primary device
[    2.537563] Console: switching to colour frame buffer device 100x37
[    2.545742] [drm] Initialized vmwgfx 2.15.0 20180704 for 0000:00:02.0 on minor 0
[    2.546948] systemd[1]: Finished Load Kernel Modules.
[    2.548065] systemd[1]: Mounting FUSE Control File System...
[    2.552622] systemd[1]: Mounting Kernel Configuration File System...
[    2.590024] systemd[1]: Starting Apply Kernel Variables...
[    2.591747] systemd[1]: Finished Set the console keyboard layout.
[    2.592242] systemd[1]: Mounted FUSE Control File System.
[    2.592334] systemd[1]: Mounted Kernel Configuration File System.
[    2.592398] systemd[1]: Reached target Local File Systems (Pre).
[    2.592420] systemd[1]: Condition check resulted in VMware vmblock fuse mount being skipped.
[    2.597046] systemd[1]: Mounting Mount unit for bare, revision 5...
[    2.602225] systemd[1]: Mounting Mount unit for core18, revision 1705...
[    2.623929] systemd[1]: Mounting Mount unit for gnome-3-34-1804, revision 24...
[    2.637279] systemd[1]: Mounting Mount unit for gtk-common-themes, revision 1506...
[    2.644295] systemd[1]: Mounting Mount unit for gtk-common-themes, revision 1535...
[    2.648833] systemd[1]: Mounting Mount unit for snap-store, revision 433...
[    2.661383] systemd[1]: Mounting Mount unit for snapd, revision 7264...
[    2.683528] systemd[1]: Finished Apply Kernel Variables.
[    2.689479] systemd[1]: Started udev Kernel Device Manager.
[    2.696202] systemd[1]: Starting Show Plymouth Boot Screen...
[    2.698583] systemd[1]: Received SIGRTMIN+20 from PID 280 (plymouthd).
[    2.722037] systemd[1]: Mounted Mount unit for bare, revision 5.
[    2.722315] systemd[1]: Mounted Mount unit for core18, revision 1705.
[    2.722512] systemd[1]: Mounted Mount unit for gnome-3-34-1804, revision 24.
[    2.722690] systemd[1]: Started Show Plymouth Boot Screen.
[    2.724619] systemd[1]: Condition check resulted in Dispatch Password Requests to Console Directory Watch being skipped.
[    2.724724] systemd[1]: Started Forward Password Requests to Plymouth Directory Watch.
[    2.724798] systemd[1]: Reached target Local Encrypted Volumes.
[    2.790282] systemd[1]: Mounted Mount unit for gtk-common-themes, revision 1506.
[    2.824222] systemd[1]: Mounted Mount unit for gtk-common-themes, revision 1535.
[    2.824516] systemd[1]: Mounted Mount unit for snap-store, revision 433.
[    2.824706] systemd[1]: Mounted Mount unit for snapd, revision 7264.
[    2.824862] systemd[1]: Reached target Local File Systems.
[    2.828130] systemd[1]: Starting Load AppArmor profiles...
[    2.833892] systemd[1]: Starting Set console font and keymap...
[    2.844619] systemd[1]: Starting Tell Plymouth To Write Out Runtime Data...
[    2.844756] systemd[1]: Condition check resulted in Store a System Token in an EFI Variable being skipped.
[    2.844822] systemd[1]: Condition check resulted in Commit a transient machine-id on disk being skipped.
[    2.848890] systemd[1]: Finished Set console font and keymap.
[    2.856230] systemd[1]: Received SIGRTMIN+20 from PID 280 (plymouthd).
[    2.857686] systemd[1]: plymouth-read-write.service: Succeeded.
[    2.857943] systemd[1]: Finished Tell Plymouth To Write Out Runtime Data.
[    2.893049] audit: type=1400 audit(1768590293.748:2): apparmor="STATUS" operation="profile_load" profile="unconfined" name="nvidia_modprobe" pid=301 comm="apparmor_parser"
[    2.893052] audit: type=1400 audit(1768590293.748:3): apparmor="STATUS" operation="profile_load" profile="unconfined" name="nvidia_modprobe//kmod" pid=301 comm="apparmor_parser"
[    2.900129] audit: type=1400 audit(1768590293.752:4): apparmor="STATUS" operation="profile_load" profile="unconfined" name="/usr/sbin/tcpdump" pid=302 comm="apparmor_parser"
[    2.946710] audit: type=1400 audit(1768590293.792:5): apparmor="STATUS" operation="profile_load" profile="unconfined" name="/usr/bin/evince" pid=304 comm="apparmor_parser"
[    2.946712] audit: type=1400 audit(1768590293.792:6): apparmor="STATUS" operation="profile_load" profile="unconfined" name="/usr/bin/evince//sanitized_helper" pid=304 comm="apparmor_parser"
[    2.946714] audit: type=1400 audit(1768590293.792:7): apparmor="STATUS" operation="profile_load" profile="unconfined" name="/usr/bin/evince-previewer" pid=304 comm="apparmor_parser"
[    2.946715] audit: type=1400 audit(1768590293.792:8): apparmor="STATUS" operation="profile_load" profile="unconfined" name="/usr/bin/evince-previewer//sanitized_helper" pid=304 comm="apparmor_parser"
[    2.946717] audit: type=1400 audit(1768590293.792:9): apparmor="STATUS" operation="profile_load" profile="unconfined" name="/usr/bin/evince-thumbnailer" pid=304 comm="apparmor_parser"
[    2.961255] audit: type=1400 audit(1768590293.816:10): apparmor="STATUS" operation="profile_load" profile="unconfined" name="/usr/lib/cups/backend/cups-pdf" pid=305 comm="apparmor_parser"
[    3.038428] systemd[1]: Finished Load AppArmor profiles.
[    3.039591] systemd[1]: Starting Load AppArmor profiles managed internally by snapd...
[    3.103653] systemd[1]: Finished Load AppArmor profiles managed internally by snapd.
[    3.242579] systemd[1]: Started Journal Service.
[    3.250163] systemd-journald[229]: Received client request to flush runtime journal.
[    3.255421] systemd-journald[229]: File /var/log/journal/c455b248004a419c87ce85eea238d727/system.journal corrupted or uncleanly shut down, renaming and replacing.
[    4.623353] RAPL PMU: API unit is 2^-32 Joules, 0 fixed counters, 10737418240 ms ovfl timer
[    4.675748] cryptd: max_cpu_qlen set to 1000
[    4.741045] AVX2 version of gcm_enc/dec engaged.
[    4.741046] AES CTR mode by8 optimization enabled
[    5.658459] Adding 1998844k swap on /dev/sda1.  Priority:-2 extents:1 across:1998844k FS
[    7.365811] kauditd_printk_skb: 30 callbacks suppressed
[    7.365813] audit: type=1400 audit(1768590298.216:41): apparmor="DENIED" operation="capable" profile="/usr/sbin/cups-browsed" pid=497 comm="cups-browsed" capability=23  capname="sys_nice"
[    7.982294] pcnet32 0000:00:03.0 enp0s3: link up, 100Mbps, full-duplex
[    8.018907] e1000: enp0s8 NIC Link is Up 1000 Mbps Full Duplex, Flow Control: RX
[    8.019180] IPv6: ADDRCONF(NETDEV_CHANGE): enp0s8: link becomes ready
[    8.030637] e1000: enp0s9 NIC Link is Up 1000 Mbps Full Duplex, Flow Control: RX
[    8.030928] IPv6: ADDRCONF(NETDEV_CHANGE): enp0s9: link becomes ready
[    8.583778] device enp0s3 entered promiscuous mode
[    8.618943] audit: type=1400 audit(1768590299.468:42): apparmor="DENIED" operation="open" profile="/usr/sbin/tcpdump" name="/proc/sys/kernel/random/boot_id" pid=701 comm="tcpdump" requested_mask="r" denied_mask="r" fsuid=0 ouid=0
[    8.619621] audit: type=1400 audit(1768590299.468:43): apparmor="DENIED" operation="open" profile="/usr/sbin/tcpdump" name="/proc/sys/kernel/random/boot_id" pid=701 comm="tcpdump" requested_mask="r" denied_mask="r" fsuid=0 ouid=0
[    8.619843] audit: type=1400 audit(1768590299.468:44): apparmor="DENIED" operation="open" profile="/usr/sbin/tcpdump" name="/proc/sys/kernel/random/boot_id" pid=701 comm="tcpdump" requested_mask="r" denied_mask="r" fsuid=0 ouid=0
[    8.620056] audit: type=1400 audit(1768590299.468:45): apparmor="DENIED" operation="open" profile="/usr/sbin/tcpdump" name="/proc/sys/kernel/random/boot_id" pid=701 comm="tcpdump" requested_mask="r" denied_mask="r" fsuid=0 ouid=0
[    8.629991] audit: type=1400 audit(1768590299.480:46): apparmor="DENIED" operation="open" profile="/usr/sbin/tcpdump" name="/proc/sys/kernel/random/boot_id" pid=702 comm="tcpdump" requested_mask="r" denied_mask="r" fsuid=0 ouid=0
[    8.633880] audit: type=1400 audit(1768590299.480:47): apparmor="DENIED" operation="open" profile="/usr/sbin/tcpdump" name="/proc/sys/kernel/random/boot_id" pid=702 comm="tcpdump" requested_mask="r" denied_mask="r" fsuid=0 ouid=0
[    8.633928] audit: type=1400 audit(1768590299.480:48): apparmor="DENIED" operation="open" profile="/usr/sbin/tcpdump" name="/proc/sys/kernel/random/boot_id" pid=702 comm="tcpdump" requested_mask="r" denied_mask="r" fsuid=0 ouid=0
[    8.633947] audit: type=1400 audit(1768590299.480:49): apparmor="DENIED" operation="open" profile="/usr/sbin/tcpdump" name="/proc/sys/kernel/random/boot_id" pid=702 comm="tcpdump" requested_mask="r" denied_mask="r" fsuid=0 ouid=0
[   13.311998] rfkill: input handler disabled
[  198.967270] AAAAA-TCP_FORW: name:enp0s3: saddr:100932208: daddr:16783984
[  199.089202] AAAAA-TCP_FORW: name:enp0s3: saddr:100932208: daddr:16783984
[  199.417236] AAAAA-TCP_FORW: name:enp0s3: saddr:100932208: daddr:16783984
[  199.447859] AAAAA-TCP_FORW: name:enp0s3: saddr:100932208: daddr:16783984
[  199.622724] AAAAA-TCP_FORW: name:enp0s3: saddr:100932208: daddr:16783984
[  199.861845] AAAAA-TCP_FORW: name:enp0s3: saddr:100932208: daddr:33561200
[  199.945002] AAAAA-TCP_FORW: name:enp0s3: saddr:100932208: daddr:16783984
[  200.129056] AAAAA-TCP_FORW: name:enp0s3: saddr:100932208: daddr:16783984
[  200.263699] AAAAA-TCP_FORW: name:enp0s3: saddr:100932208: daddr:33561200
[  200.412095] AAAAA-TCP_FORW: name:enp0s3: saddr:100932208: daddr:16783984
[  200.839589] AAAAA-TCP_FORW: name:enp0s3: saddr:100932208: daddr:33561200
[  200.930018] AAAAA-TCP_FORW: name:enp0s3: saddr:100932208: daddr:16783984
[  200.941552] AAAAA-TCP_FORW: name:enp0s3: saddr:16783984: daddr:100932208
[  201.094134] AAAAA-TCP_FORW: name:enp0s3: saddr:100932208: daddr:16783984
[  201.110707] AAAAA-TCP_FORW: name:enp0s3: saddr:16783984: daddr:100932208
[  201.147373] AAAAA-TCP_FORW: name:enp0s3: saddr:100932208: daddr:16783984
[  201.228122] AAAAA-TCP_FORW: name:enp0s3: saddr:16783984: daddr:100932208
[  201.263066] AAAAA-TCP_FORW: name:enp0s3: saddr:33561200: daddr:100932208
[  201.359808] AAAAA-TCP_FORW: name:enp0s3: saddr:100932208: daddr:33561200
[  201.427053] AAAAA-TCP_FORW: name:enp0s3: saddr:33561200: daddr:100932208
[  201.514258] AAAAA-TCP_FORW: name:enp0s3: saddr:100932208: daddr:33561200
[  201.590539] AAAAA-TCP_FORW: name:enp0s3: saddr:33561200: daddr:100932208
[  201.643484] AAAAA-TCP_FORW: name:enp0s3: saddr:100932208: daddr:33561200
[  201.721827] AAAAA-TCP_FORW: name:enp0s3: saddr:33561200: daddr:100932208
[  201.727942] AAAAA-TCP_FORW: name:enp0s3: saddr:100932208: daddr:33561200
[  201.870834] AAAAA-TCP_FORW: name:enp0s3: saddr:100932208: daddr:16783984
[  201.917243] AAAAA-TCP_FORW: name:enp0s3: saddr:16783984: daddr:100932208
[  201.939680] AAAAA-TCP_FORW: name:enp0s3: saddr:100932208: daddr:16783984
[  202.020807] AAAAA-TCP_FORW: name:enp0s3: saddr:100932208: daddr:16783984
[  202.088284] AAAAA-TCP_FORW: name:enp0s3: saddr:16783984: daddr:100932208
[  202.108794] AAAAA-TCP_FORW: name:enp0s3: saddr:100932208: daddr:16783984
[  202.134944] AAAAA-TCP_FORW: name:enp0s3: saddr:100932208: daddr:16783984
[  202.158684] AAAAA-TCP_FORW: name:enp0s3: saddr:16783984: daddr:100932208
[  202.201967] AAAAA-TCP_FORW: name:enp0s3: saddr:100932208: daddr:16783984
[  202.255382] AAAAA-TCP_FORW: name:enp0s3: saddr:16783984: daddr:100932208
[  202.277230] AAAAA-TCP_FORW: name:enp0s3: saddr:100932208: daddr:16783984
[  202.337111] AAAAA-TCP_FORW: name:enp0s3: saddr:16783984: daddr:100932208
[  202.360975] AAAAA-TCP_FORW: name:enp0s3: saddr:100932208: daddr:16783984
[  202.410948] AAAAA-TCP_FORW: name:enp0s3: saddr:16783984: daddr:100932208
[  202.556784] AAAAA-TCP_FORW: name:enp0s3: saddr:16783984: daddr:100932208
[  202.595450] AAAAA-TCP_FORW: name:enp0s3: saddr:100932208: daddr:16783984
[  202.630189] AAAAA-TCP_FORW: name:enp0s3: saddr:16783984: daddr:100932208
[  202.711216] AAAAA-TCP_FORW: name:enp0s3: saddr:100932208: daddr:16783984
[  202.869160] AAAAA-TCP_FORW: name:enp0s3: saddr:16783984: daddr:100932208
[  202.883633] AAAAA-TCP_FORW: name:enp0s3: saddr:100932208: daddr:33561200
[  202.930211] AAAAA-TCP_FORW: name:enp0s3: saddr:100932208: daddr:33561200
[  202.964660] AAAAA-TCP_FORW: name:enp0s3: saddr:16783984: daddr:100932208
[  202.987066] AAAAA-TCP_FORW: name:enp0s3: saddr:100932208: daddr:33561200
[  203.043512] AAAAA-TCP_FORW: name:enp0s3: saddr:100932208: daddr:33561200
[  203.063362] AAAAA-TCP_FORW: name:enp0s3: saddr:33561200: daddr:100932208
[  203.075657] AAAAA-TCP_FORW: name:enp0s3: saddr:100932208: daddr:33561200
[  203.108526] AAAAA-TCP_FORW: name:enp0s3: saddr:33561200: daddr:100932208
[  203.155493] AAAAA-TCP_FORW: name:enp0s3: saddr:100932208: daddr:33561200
[  203.213258] AAAAA-TCP_FORW: name:enp0s3: saddr:100932208: daddr:33561200
[  203.254475] AAAAA-TCP_FORW: name:enp0s3: saddr:33561200: daddr:100932208
[  203.299290] AAAAA-TCP_FORW: name:enp0s3: saddr:33561200: daddr:100932208
[  203.372004] AAAAA-TCP_FORW: name:enp0s3: saddr:100932208: daddr:33561200
[  203.393427] AAAAA-TCP_FORW: name:enp0s3: saddr:100932208: daddr:33561200
[  203.410935] AAAAA-TCP_FORW: name:enp0s3: saddr:33561200: daddr:100932208
[  203.478841] AAAAA-TCP_FORW: name:enp0s3: saddr:100932208: daddr:33561200
[  203.502136] AAAAA-TCP_FORW: name:enp0s3: saddr:100932208: daddr:16783984
[  203.545842] AAAAA-TCP_FORW: name:enp0s3: saddr:33561200: daddr:100932208
[  203.590873] AAAAA-TCP_FORW: name:enp0s3: saddr:100932208: daddr:33561200
[  203.609341] AAAAA-TCP_FORW: name:enp0s3: saddr:33561200: daddr:100932208
[  203.744629] AAAAA-TCP_FORW: name:enp0s3: saddr:100932208: daddr:16783984
[  203.778686] AAAAA-TCP_FORW: name:enp0s3: saddr:100932208: daddr:16783984
[  203.797633] AAAAA-TCP_FORW: name:enp0s3: saddr:33561200: daddr:100932208
[  203.880617] AAAAA-TCP_FORW: name:enp0s3: saddr:33561200: daddr:100932208
[  203.960582] AAAAA-TCP_FORW: name:enp0s3: saddr:100932208: daddr:16783984
[  204.020013] AAAAA-TCP_FORW: name:enp0s3: saddr:33561200: daddr:100932208
[  204.055260] AAAAA-TCP_FORW: name:enp0s3: saddr:100932208: daddr:16783984
[  204.067878] AAAAA-TCP_FORW: name:enp0s3: saddr:16783984: daddr:100932208
[  204.146018] AAAAA-TCP_FORW: name:enp0s3: saddr:33561200: daddr:100932208
[  204.214386] AAAAA-TCP_FORW: name:enp0s3: saddr:16783984: daddr:100932208
[  204.235635] AAAAA-TCP_FORW: name:enp0s3: saddr:100932208: daddr:16783984
[  204.264084] AAAAA-TCP_FORW: name:enp0s3: saddr:100932208: daddr:33561200
[  204.293785] AAAAA-TCP_FORW: name:enp0s3: saddr:16783984: daddr:100932208
[  204.466488] AAAAA-TCP_FORW: name:enp0s3: saddr:16783984: daddr:100932208
[  204.491586] AAAAA-TCP_FORW: name:enp0s3: saddr:100932208: daddr:16783984
[  204.547221] AAAAA-TCP_FORW: name:enp0s3: saddr:16783984: daddr:100932208
[  204.721129] AAAAA-TCP_FORW: name:enp0s3: saddr:100932208: daddr:16783984
[  204.745679] AAAAA-TCP_FORW: name:enp0s3: saddr:16783984: daddr:100932208
[  204.803477] AAAAA-TCP_FORW: name:enp0s3: saddr:33561200: daddr:100932208
[  204.831469] AAAAA-TCP_FORW: name:enp0s3: saddr:100932208: daddr:16783984
[  204.885432] AAAAA-TCP_FORW: name:enp0s3: saddr:100932208: daddr:16783984
[  204.957863] AAAAA-TCP_FORW: name:enp0s3: saddr:100932208: daddr:16783984
[  205.017449] AAAAA-TCP_FORW: name:enp0s3: saddr:100932208: daddr:16783984
[  205.063579] AAAAA-TCP_FORW: name:enp0s3: saddr:100932208: daddr:16783984
[  205.130320] AAAAA-TCP_FORW: name:enp0s3: saddr:16783984: daddr:100932208
[  205.173962] AAAAA-TCP_FORW: name:enp0s3: saddr:100932208: daddr:16783984
[  205.195337] AAAAA-TCP_FORW: name:enp0s3: saddr:100932208: daddr:16783984
[  205.281499] AAAAA-TCP_FORW: name:enp0s3: saddr:16783984: daddr:100932208
[  205.360361] AAAAA-TCP_FORW: name:enp0s3: saddr:100932208: daddr:16783984
[  205.408730] AAAAA-TCP_FORW: name:enp0s3: saddr:16783984: daddr:100932208
[  205.486214] AAAAA-TCP_FORW: name:enp0s3: saddr:16783984: daddr:100932208
[  205.497767] AAAAA-TCP_FORW: name:enp0s3: saddr:100932208: daddr:16783984
[  205.549314] AAAAA-TCP_FORW: name:enp0s3: saddr:16783984: daddr:100932208
[  205.564074] AAAAA-TCP_FORW: name:enp0s3: saddr:100932208: daddr:16783984
[  205.618623] AAAAA-TCP_FORW: name:enp0s3: saddr:100932208: daddr:16783984
[  205.631819] AAAAA-TCP_FORW: name:enp0s3: saddr:16783984: daddr:100932208
[  205.663916] AAAAA-TCP_FORW: name:enp0s3: saddr:16783984: daddr:100932208
[  205.740112] AAAAA-TCP_FORW: name:enp0s3: saddr:100932208: daddr:16783984
[  205.804215] AAAAA-TCP_FORW: name:enp0s3: saddr:100932208: daddr:16783984
[  205.829425] AAAAA-TCP_FORW: name:enp0s3: saddr:16783984: daddr:100932208
[  205.907829] AAAAA-TCP_FORW: name:enp0s3: saddr:16783984: daddr:100932208
[  206.052884] AAAAA-TCP_FORW: name:enp0s3: saddr:16783984: daddr:100932208
[  206.192346] AAAAA-TCP_FORW: name:enp0s3: saddr:16783984: daddr:100932208
[  206.206415] AAAAA-TCP_FORW: name:enp0s3: saddr:100932208: daddr:33561200
[  206.259626] AAAAA-TCP_FORW: name:enp0s3: saddr:100932208: daddr:33561200
[  206.309199] AAAAA-TCP_FORW: name:enp0s3: saddr:16783984: daddr:100932208
[  206.326582] AAAAA-TCP_FORW: name:enp0s3: saddr:100932208: daddr:33561200
[  206.421841] AAAAA-TCP_FORW: name:enp0s3: saddr:100932208: daddr:33561200
[  206.444510] AAAAA-TCP_FORW: name:enp0s3: saddr:16783984: daddr:100932208
[  206.499176] AAAAA-TCP_FORW: name:enp0s3: saddr:100932208: daddr:33561200
[  206.529224] AAAAA-TCP_FORW: name:enp0s3: saddr:100932208: daddr:33561200
[  206.618966] AAAAA-TCP_FORW: name:enp0s3: saddr:100932208: daddr:33561200
[  206.660158] AAAAA-TCP_FORW: name:enp0s3: saddr:100932208: daddr:33561200
[  206.740182] AAAAA-TCP_FORW: name:enp0s3: saddr:100932208: daddr:33561200
[  206.757187] AAAAA-TCP_FORW: name:enp0s3: saddr:33561200: daddr:100932208
[  206.793727] AAAAA-TCP_FORW: name:enp0s3: saddr:33561200: daddr:100932208
[  206.807960] AAAAA-TCP_FORW: name:enp0s3: saddr:100932208: daddr:33561200
[  206.890089] AAAAA-TCP_FORW: name:enp0s3: saddr:33561200: daddr:100932208
[  206.910159] AAAAA-TCP_FORW: name:enp0s3: saddr:33561200: daddr:100932208
[  206.996539] AAAAA-TCP_FORW: name:enp0s3: saddr:33561200: daddr:100932208
[  207.050110] AAAAA-TCP_FORW: name:enp0s3: saddr:33561200: daddr:100932208
[  207.076781] AAAAA-TCP_FORW: name:enp0s3: saddr:100932208: daddr:33561200
[  207.090337] AAAAA-TCP_FORW: name:enp0s3: saddr:100932208: daddr:33561200
[  207.107407] AAAAA-TCP_FORW: name:enp0s3: saddr:33561200: daddr:100932208
[  207.147966] AAAAA-TCP_FORW: name:enp0s3: saddr:33561200: daddr:100932208
[  207.167495] AAAAA-TCP_FORW: name:enp0s3: saddr:100932208: daddr:33561200
[  207.183725] AAAAA-TCP_FORW: name:enp0s3: saddr:33561200: daddr:100932208
[  207.186128] AAAAA-TCP_FORW: name:enp0s3: saddr:100932208: daddr:33561200
[  207.233029] AAAAA-TCP_FORW: name:enp0s3: saddr:100932208: daddr:33561200
[  207.361370] AAAAA-TCP_FORW: name:enp0s3: saddr:33561200: daddr:100932208
[  207.384988] AAAAA-TCP_FORW: name:enp0s3: saddr:100932208: daddr:33561200
[  207.412870] AAAAA-TCP_FORW: name:enp0s3: saddr:100932208: daddr:33561200
[  207.436668] AAAAA-TCP_FORW: name:enp0s3: saddr:100932208: daddr:33561200
[  207.534267] AAAAA-TCP_FORW: name:enp0s3: saddr:100932208: daddr:33561200
[  207.574191] AAAAA-TCP_FORW: name:enp0s3: saddr:100932208: daddr:33561200
[  207.609423] AAAAA-TCP_FORW: name:enp0s3: saddr:33561200: daddr:100932208
[  207.690577] AAAAA-TCP_FORW: name:enp0s3: saddr:33561200: daddr:100932208
[  207.848795] AAAAA-TCP_FORW: name:enp0s3: saddr:33561200: daddr:100932208
[  207.925188] AAAAA-TCP_FORW: name:enp0s3: saddr:100932208: daddr:16783984
[  207.946258] AAAAA-TCP_FORW: name:enp0s3: saddr:33561200: daddr:100932208
[  208.049555] AAAAA-TCP_FORW: name:enp0s3: saddr:33561200: daddr:100932208
[  208.143914] AAAAA-TCP_FORW: name:enp0s3: saddr:100932208: daddr:16783984
[  208.212742] AAAAA-TCP_FORW: name:enp0s3: saddr:33561200: daddr:100932208
[  208.259513] AAAAA-TCP_FORW: name:enp0s3: saddr:100932208: daddr:16783984
[  208.287888] AAAAA-TCP_FORW: name:enp0s3: saddr:33561200: daddr:100932208
[  208.312688] AAAAA-TCP_FORW: name:enp0s3: saddr:100932208: daddr:16783984
[  208.469478] AAAAA-TCP_FORW: name:enp0s3: saddr:33561200: daddr:100932208
[  208.487313] AAAAA-TCP_FORW: name:enp0s3: saddr:100932208: daddr:16783984
[  208.513333] AAAAA-TCP_FORW: name:enp0s3: saddr:100932208: daddr:16783984
[  208.563865] AAAAA-TCP_FORW: name:enp0s3: saddr:100932208: daddr:16783984
[  208.595017] AAAAA-TCP_FORW: name:enp0s3: saddr:100932208: daddr:16783984
[  208.646823] AAAAA-TCP_FORW: name:enp0s3: saddr:16783984: daddr:100932208
[  208.667386] AAAAA-TCP_FORW: name:enp0s3: saddr:100932208: daddr:16783984
[  208.835377] AAAAA-TCP_FORW: name:enp0s3: saddr:100932208: daddr:16783984
[  208.977592] AAAAA-TCP_FORW: name:enp0s3: saddr:16783984: daddr:100932208
[  209.046449] AAAAA-TCP_FORW: name:enp0s3: saddr:16783984: daddr:100932208
[  209.110337] AAAAA-TCP_FORW: name:enp0s3: saddr:16783984: daddr:100932208
[  209.121820] AAAAA-TCP_FORW: name:enp0s3: saddr:100932208: daddr:16783984
[  209.253146] AAAAA-TCP_FORW: name:enp0s3: saddr:16783984: daddr:100932208
[  209.274562] AAAAA-TCP_FORW: name:enp0s3: saddr:100932208: daddr:16783984
[  209.307004] AAAAA-TCP_FORW: name:enp0s3: saddr:16783984: daddr:100932208
[  209.344400] AAAAA-TCP_FORW: name:enp0s3: saddr:100932208: daddr:16783984
[  209.355640] AAAAA-TCP_FORW: name:enp0s3: saddr:16783984: daddr:100932208
[  209.401935] AAAAA-TCP_FORW: name:enp0s3: saddr:16783984: daddr:100932208
[  209.419410] AAAAA-TCP_FORW: name:enp0s3: saddr:100932208: daddr:16783984
[  209.493812] AAAAA-TCP_FORW: name:enp0s3: saddr:100932208: daddr:16783984
[  209.512801] AAAAA-TCP_FORW: name:enp0s3: saddr:16783984: daddr:100932208
[  209.561346] AAAAA-TCP_FORW: name:enp0s3: saddr:16783984: daddr:100932208
[  209.726478] AAAAA-TCP_FORW: name:enp0s3: saddr:16783984: daddr:100932208
[  209.836141] AAAAA-TCP_FORW: name:enp0s3: saddr:16783984: daddr:100932208
[  209.908545] AAAAA-TCP_FORW: name:enp0s3: saddr:16783984: daddr:100932208
[  209.976957] AAAAA-TCP_FORW: name:enp0s3: saddr:16783984: daddr:100932208
[  210.039247] AAAAA-TCP_FORW: name:enp0s3: saddr:16783984: daddr:100932208
[  225.477930] AAAAA-TCP_FORW: name:enp0s3: saddr:100932208: daddr:16783984
[  225.541305] AAAAA-TCP_FORW: name:enp0s3: saddr:100932208: daddr:16783984
[  225.654798] AAAAA-TCP_FORW: name:enp0s3: saddr:100932208: daddr:16783984
[  225.777134] AAAAA-TCP_FORW: name:enp0s3: saddr:100932208: daddr:16783984
[  225.869187] AAAAA-TCP_FORW: name:enp0s3: saddr:100932208: daddr:16783984
[  226.007383] AAAAA-TCP_FORW: name:enp0s3: saddr:100932208: daddr:16783984
[  226.134073] AAAAA-TCP_FORW: name:enp0s3: saddr:100932208: daddr:16783984
[  226.224488] AAAAA-TCP_FORW: name:enp0s3: saddr:100932208: daddr:16783984
[  226.275566] AAAAA-TCP_FORW: name:enp0s3: saddr:100932208: daddr:16783984
[  226.352568] AAAAA-TCP_FORW: name:enp0s3: saddr:100932208: daddr:16783984
[  226.434740] AAAAA-TCP_FORW: name:enp0s3: saddr:100932208: daddr:16783984
[  226.614646] AAAAA-TCP_FORW: name:enp0s3: saddr:100932208: daddr:16783984
[  226.786746] AAAAA-TCP_FORW: name:enp0s3: saddr:100932208: daddr:16783984
[  226.892219] AAAAA-TCP_FORW: name:enp0s3: saddr:100932208: daddr:16783984
[  226.972805] AAAAA-TCP_FORW: name:enp0s3: saddr:100932208: daddr:16783984
[  227.077839] AAAAA-TCP_FORW: name:enp0s3: saddr:100932208: daddr:16783984
[  227.308894] AAAAA-TCP_FORW: name:enp0s3: saddr:100932208: daddr:16783984
[  227.442090] AAAAA-TCP_FORW: name:enp0s3: saddr:100932208: daddr:16783984
[  227.548161] AAAAA-TCP_FORW: name:enp0s3: saddr:100932208: daddr:16783984
[  227.671761] AAAAA-TCP_FORW: name:enp0s3: saddr:100932208: daddr:16783984
[  227.758711] AAAAA-TCP_FORW: name:enp0s3: saddr:100932208: daddr:16783984
[  228.838233] AAAAA-TCP_FORW: name:enp0s3: saddr:100932208: daddr:16783984
[  228.935347] AAAAA-TCP_FORW: name:enp0s3: saddr:100932208: daddr:16783984
[  229.032797] AAAAA-TCP_FORW: name:enp0s3: saddr:100932208: daddr:16783984
[  229.108212] AAAAA-TCP_FORW: name:enp0s3: saddr:100932208: daddr:16783984
[  229.190105] AAAAA-TCP_FORW: name:enp0s3: saddr:100932208: daddr:16783984
[  229.322389] AAAAA-TCP_FORW: name:enp0s3: saddr:100932208: daddr:16783984
[  229.445350] AAAAA-TCP_FORW: name:enp0s3: saddr:100932208: daddr:16783984
[  229.513864] AAAAA-TCP_FORW: name:enp0s3: saddr:100932208: daddr:16783984
[  229.623794] AAAAA-TCP_FORW: name:enp0s3: saddr:100932208: daddr:16783984
[  229.808112] AAAAA-TCP_FORW: name:enp0s3: saddr:100932208: daddr:16783984
[  229.903636] AAAAA-TCP_FORW: name:enp0s3: saddr:100932208: daddr:16783984
[  229.962297] AAAAA-TCP_FORW: name:enp0s3: saddr:100932208: daddr:16783984
[  230.178491] AAAAA-TCP_FORW: name:enp0s3: saddr:100932208: daddr:16783984
[  230.253592] AAAAA-TCP_FORW: name:enp0s3: saddr:100932208: daddr:16783984
[  230.362142] AAAAA-TCP_FORW: name:enp0s3: saddr:100932208: daddr:16783984
[  230.393361] AAAAA-TCP_FORW: name:enp0s3: saddr:100932208: daddr:16783984
[  230.459561] AAAAA-TCP_FORW: name:enp0s3: saddr:100932208: daddr:16783984
[  230.810152] AAAAA-TCP_FORW: name:enp0s3: saddr:100932208: daddr:16783984
[  230.941318] AAAAA-TCP_FORW: name:enp0s3: saddr:100932208: daddr:16783984
[  231.003839] AAAAA-TCP_FORW: name:enp0s3: saddr:100932208: daddr:16783984
[  231.300040] AAAAA-TCP_FORW: name:enp0s3: saddr:100932208: daddr:16783984
[  231.377461] AAAAA-TCP_FORW: name:enp0s3: saddr:100932208: daddr:16783984
[  231.385830] AAAAA-TCP_FORW: name:enp0s3: saddr:16783984: daddr:100932208
[  231.637735] AAAAA-TCP_FORW: name:enp0s3: saddr:100932208: daddr:16783984
[  231.653490] AAAAA-TCP_FORW: name:enp0s3: saddr:16783984: daddr:100932208
[  231.691970] AAAAA-TCP_FORW: name:enp0s3: saddr:100932208: daddr:16783984
[  231.786728] AAAAA-TCP_FORW: name:enp0s3: saddr:16783984: daddr:100932208
[  231.795622] AAAAA-TCP_FORW: name:enp0s3: saddr:100932208: daddr:16783984
[  231.987141] AAAAA-TCP_FORW: name:enp0s3: saddr:100932208: daddr:16783984
[  232.016776] AAAAA-TCP_FORW: name:enp0s3: saddr:16783984: daddr:100932208
[  232.128001] AAAAA-TCP_FORW: name:enp0s3: saddr:16783984: daddr:100932208
[  232.342161] AAAAA-TCP_FORW: name:enp0s3: saddr:100932208: daddr:16783984
[  232.364941] AAAAA-TCP_FORW: name:enp0s3: saddr:16783984: daddr:100932208
[  232.389398] AAAAA-TCP_FORW: name:enp0s3: saddr:100932208: daddr:16783984
[  232.447073] AAAAA-TCP_FORW: name:enp0s3: saddr:100932208: daddr:16783984
[  232.532442] AAAAA-TCP_FORW: name:enp0s3: saddr:16783984: daddr:100932208
[  232.613689] AAAAA-TCP_FORW: name:enp0s3: saddr:16783984: daddr:100932208
[  232.761638] AAAAA-TCP_FORW: name:enp0s3: saddr:100932208: daddr:16783984
[  232.781680] AAAAA-TCP_FORW: name:enp0s3: saddr:100932208: daddr:16783984
[  232.799523] AAAAA-TCP_FORW: name:enp0s3: saddr:16783984: daddr:100932208
[  232.819710] AAAAA-TCP_FORW: name:enp0s3: saddr:100932208: daddr:16783984
[  232.883711] AAAAA-TCP_FORW: name:enp0s3: saddr:16783984: daddr:100932208
[  232.937767] AAAAA-TCP_FORW: name:enp0s3: saddr:100932208: daddr:16783984
[  232.962815] AAAAA-TCP_FORW: name:enp0s3: saddr:16783984: daddr:100932208
[  233.045000] AAAAA-TCP_FORW: name:enp0s3: saddr:16783984: daddr:100932208
[  233.106901] AAAAA-TCP_FORW: name:enp0s3: saddr:100932208: daddr:16783984
[  233.218414] AAAAA-TCP_FORW: name:enp0s3: saddr:100932208: daddr:16783984
[  233.259791] AAAAA-TCP_FORW: name:enp0s3: saddr:100932208: daddr:16783984
[  233.300794] AAAAA-TCP_FORW: name:enp0s3: saddr:100932208: daddr:16783984
[  233.359572] AAAAA-TCP_FORW: name:enp0s3: saddr:16783984: daddr:100932208
[  233.379874] AAAAA-TCP_FORW: name:enp0s3: saddr:100932208: daddr:16783984
[  233.402882] AAAAA-TCP_FORW: name:enp0s3: saddr:16783984: daddr:100932208
[  233.436943] AAAAA-TCP_FORW: name:enp0s3: saddr:100932208: daddr:16783984
[  233.466371] AAAAA-TCP_FORW: name:enp0s3: saddr:16783984: daddr:100932208
[  233.493238] AAAAA-TCP_FORW: name:enp0s3: saddr:100932208: daddr:16783984
[  233.513629] AAAAA-TCP_FORW: name:enp0s3: saddr:16783984: daddr:100932208
[  233.562842] AAAAA-TCP_FORW: name:enp0s3: saddr:16783984: daddr:100932208
[  233.597632] AAAAA-TCP_FORW: name:enp0s3: saddr:100932208: daddr:16783984
[  233.615045] AAAAA-TCP_FORW: name:enp0s3: saddr:16783984: daddr:100932208
[  233.747830] AAAAA-TCP_FORW: name:enp0s3: saddr:16783984: daddr:100932208
[  233.958554] AAAAA-TCP_FORW: name:enp0s3: saddr:16783984: daddr:100932208
[  234.269875] AAAAA-TCP_FORW: name:enp0s3: saddr:100932208: daddr:16783984
[  234.340370] AAAAA-TCP_FORW: name:enp0s3: saddr:16783984: daddr:100932208
[  234.550585] AAAAA-TCP_FORW: name:enp0s3: saddr:100932208: daddr:33561200
[  234.561912] AAAAA-TCP_FORW: name:enp0s3: saddr:33561200: daddr:100932208
[  234.789747] AAAAA-TCP_FORW: name:enp0s3: saddr:100932208: daddr:16783984
[  234.796898] AAAAA-TCP_FORW: name:enp0s3: saddr:16783984: daddr:100932208
[  234.935401] AAAAA-TCP_FORW: name:enp0s3: saddr:100932208: daddr:16783984
[  234.945538] AAAAA-TCP_FORW: name:enp0s3: saddr:16783984: daddr:100932208
[  234.994112] AAAAA-TCP_FORW: name:enp0s3: saddr:100932208: daddr:16783984
[  235.072245] AAAAA-TCP_FORW: name:enp0s3: saddr:16783984: daddr:100932208
[  235.347293] AAAAA-TCP_FORW: name:enp0s3: saddr:100932208: daddr:33561200
[  235.358827] AAAAA-TCP_FORW: name:enp0s3: saddr:33561200: daddr:100932208
[  235.516518] AAAAA-TCP_FORW: name:enp0s3: saddr:100932208: daddr:33561200
[  235.529813] AAAAA-TCP_FORW: name:enp0s3: saddr:33561200: daddr:100932208
[  235.552919] AAAAA-TCP_FORW: name:enp0s3: saddr:100932208: daddr:33561200
[  235.658017] AAAAA-TCP_FORW: name:enp0s3: saddr:33561200: daddr:100932208
[  235.735259] AAAAA-TCP_FORW: name:enp0s3: saddr:100932208: daddr:33561200
[  235.770620] AAAAA-TCP_FORW: name:enp0s3: saddr:100932208: daddr:33561200
[  235.789433] AAAAA-TCP_FORW: name:enp0s3: saddr:33561200: daddr:100932208
[  235.833817] AAAAA-TCP_FORW: name:enp0s3: saddr:33561200: daddr:100932208
[  235.894023] AAAAA-TCP_FORW: name:enp0s3: saddr:100932208: daddr:33561200
[  235.959433] AAAAA-TCP_FORW: name:enp0s3: saddr:100932208: daddr:33561200
[  235.989964] AAAAA-TCP_FORW: name:enp0s3: saddr:33561200: daddr:100932208
[  236.032976] AAAAA-TCP_FORW: name:enp0s3: saddr:33561200: daddr:100932208
[  236.229867] AAAAA-TCP_FORW: name:enp0s3: saddr:100932208: daddr:33561200
[  236.240336] AAAAA-TCP_FORW: name:enp0s3: saddr:33561200: daddr:100932208
[  236.345984] AAAAA-TCP_FORW: name:enp0s3: saddr:100932208: daddr:33561200
[  236.371739] AAAAA-TCP_FORW: name:enp0s3: saddr:33561200: daddr:100932208
[  236.419790] AAAAA-TCP_FORW: name:enp0s3: saddr:100932208: daddr:33561200
[  236.444117] AAAAA-TCP_FORW: name:enp0s3: saddr:33561200: daddr:100932208
[  236.453139] AAAAA-TCP_FORW: name:enp0s3: saddr:100932208: daddr:33561200
[  236.483177] AAAAA-TCP_FORW: name:enp0s3: saddr:100932208: daddr:33561200
[  236.517046] AAAAA-TCP_FORW: name:enp0s3: saddr:33561200: daddr:100932208
[  236.542250] AAAAA-TCP_FORW: name:enp0s3: saddr:100932208: daddr:33561200
[  236.558606] AAAAA-TCP_FORW: name:enp0s3: saddr:33561200: daddr:100932208
[  236.653749] AAAAA-TCP_FORW: name:enp0s3: saddr:100932208: daddr:33561200
[  236.681041] AAAAA-TCP_FORW: name:enp0s3: saddr:33561200: daddr:100932208
[  236.768647] AAAAA-TCP_FORW: name:enp0s3: saddr:33561200: daddr:100932208
[  236.783380] AAAAA-TCP_FORW: name:enp0s3: saddr:100932208: daddr:33561200
[  236.897845] AAAAA-TCP_FORW: name:enp0s3: saddr:33561200: daddr:100932208
[  236.907289] AAAAA-TCP_FORW: name:enp0s3: saddr:100932208: daddr:33561200
[  236.992938] AAAAA-TCP_FORW: name:enp0s3: saddr:100932208: daddr:33561200
[  237.022730] AAAAA-TCP_FORW: name:enp0s3: saddr:33561200: daddr:100932208
[  237.052670] AAAAA-TCP_FORW: name:enp0s3: saddr:33561200: daddr:100932208
[  237.061004] AAAAA-TCP_FORW: name:enp0s3: saddr:100932208: daddr:33561200
[  237.101107] AAAAA-TCP_FORW: name:enp0s3: saddr:100932208: daddr:33561200
[  237.151448] AAAAA-TCP_FORW: name:enp0s3: saddr:33561200: daddr:100932208
[  237.190878] AAAAA-TCP_FORW: name:enp0s3: saddr:100932208: daddr:33561200
[  237.205716] AAAAA-TCP_FORW: name:enp0s3: saddr:33561200: daddr:100932208
[  237.276010] AAAAA-TCP_FORW: name:enp0s3: saddr:33561200: daddr:100932208
[  255.720982] AAAAA-TCP_FORW: name:enp0s3: saddr:100932208: daddr:33561200
[  255.808680] AAAAA-TCP_FORW: name:enp0s3: saddr:100932208: daddr:33561200
[  255.907302] AAAAA-TCP_FORW: name:enp0s3: saddr:100932208: daddr:16783984
[  256.050460] AAAAA-TCP_FORW: name:enp0s3: saddr:100932208: daddr:16783984
[  256.125035] AAAAA-TCP_FORW: name:enp0s3: saddr:100932208: daddr:16783984
[  256.213113] AAAAA-TCP_FORW: name:enp0s3: saddr:100932208: daddr:16783984
[  256.313282] AAAAA-TCP_FORW: name:enp0s3: saddr:100932208: daddr:16783984
[  256.390932] AAAAA-TCP_FORW: name:enp0s3: saddr:100932208: daddr:16783984
[  256.450687] AAAAA-TCP_FORW: name:enp0s3: saddr:100932208: daddr:16783984
[  257.241370] AAAAA-TCP_FORW: name:enp0s3: saddr:100932208: daddr:16783984
[  257.371539] AAAAA-TCP_FORW: name:enp0s3: saddr:100932208: daddr:16783984
[  257.551288] AAAAA-TCP_FORW: name:enp0s3: saddr:100932208: daddr:16783984
[  257.828988] AAAAA-TCP_FORW: name:enp0s3: saddr:100932208: daddr:16783984
[  257.918998] AAAAA-TCP_FORW: name:enp0s3: saddr:100932208: daddr:16783984
[  257.969467] AAAAA-TCP_FORW: name:enp0s3: saddr:100932208: daddr:16783984
[  258.148940] AAAAA-TCP_FORW: name:enp0s3: saddr:100932208: daddr:16783984
[  258.201214] AAAAA-TCP_FORW: name:enp0s3: saddr:100932208: daddr:16783984
[  258.383528] AAAAA-TCP_FORW: name:enp0s3: saddr:100932208: daddr:16783984
[  258.428856] AAAAA-TCP_FORW: name:enp0s3: saddr:100932208: daddr:16783984
[  258.691212] AAAAA-TCP_FORW: name:enp0s3: saddr:100932208: daddr:16783984
[  258.943875] AAAAA-TCP_FORW: name:enp0s3: saddr:100932208: daddr:16783984
[  259.250755] AAAAA-TCP_FORW: name:enp0s3: saddr:100932208: daddr:16783984
[  259.599908] AAAAA-TCP_FORW: name:enp0s3: saddr:100932208: daddr:33561200
[  259.851405] AAAAA-TCP_FORW: name:enp0s3: saddr:100932208: daddr:33561200
[  267.608099] AAAAA-TCP_FORW: name:enp0s3: saddr:100932208: daddr:16783984
[  268.175446] AAAAA-TCP_FORW: name:enp0s3: saddr:100932208: daddr:33561200
[  268.415035] AAAAA-TCP_FORW: name:enp0s3: saddr:100932208: daddr:33561200
[  268.582720] AAAAA-TCP_FORW: name:enp0s3: saddr:100932208: daddr:33561200
[  268.935278] AAAAA-TCP_FORW: name:enp0s3: saddr:100932208: daddr:16783984
[  269.425628] AAAAA-TCP_FORW: name:enp0s3: saddr:100932208: daddr:16783984
[  269.658045] AAAAA-TCP_FORW: name:enp0s3: saddr:100932208: daddr:33561200
[  270.019114] AAAAA-TCP_FORW: name:enp0s3: saddr:100932208: daddr:33561200
[  270.554695] AAAAA-TCP_FORW: name:enp0s3: saddr:100932208: daddr:33561200
[  270.682580] AAAAA-TCP_FORW: name:enp0s3: saddr:100932208: daddr:16783984
[  270.830281] AAAAA-TCP_FORW: name:enp0s3: saddr:100932208: daddr:16783984
[  270.976772] AAAAA-TCP_FORW: name:enp0s3: saddr:100932208: daddr:16783984
[  271.045305] AAAAA-TCP_FORW: name:enp0s3: saddr:100932208: daddr:33561200
[  271.217381] AAAAA-TCP_FORW: name:enp0s3: saddr:100932208: daddr:16783984
[  271.354505] AAAAA-TCP_FORW: name:enp0s3: saddr:100932208: daddr:33561200
[  271.619948] AAAAA-TCP_FORW: name:enp0s3: saddr:16783984: daddr:100932208
[  271.736061] AAAAA-TCP_FORW: name:enp0s3: saddr:100932208: daddr:16783984
[  271.815702] AAAAA-TCP_FORW: name:enp0s3: saddr:16783984: daddr:100932208
[  272.014384] AAAAA-TCP_FORW: name:enp0s3: saddr:100932208: daddr:16783984
[  272.113935] AAAAA-TCP_FORW: name:enp0s3: saddr:100932208: daddr:16783984
[  272.278769] AAAAA-TCP_FORW: name:enp0s3: saddr:16783984: daddr:100932208
[  272.416826] AAAAA-TCP_FORW: name:enp0s3: saddr:100932208: daddr:33561200
[  272.540115] AAAAA-TCP_FORW: name:enp0s3: saddr:100932208: daddr:16783984
[  272.578820] AAAAA-TCP_FORW: name:enp0s3: saddr:33561200: daddr:100932208
[  272.661900] AAAAA-TCP_FORW: name:enp0s3: saddr:100932208: daddr:33561200
[  272.722851] AAAAA-TCP_FORW: name:enp0s3: saddr:16783984: daddr:100932208
[  272.824163] AAAAA-TCP_FORW: name:enp0s3: saddr:100932208: daddr:33561200
[  273.394853] AAAAA-TCP_FORW: name:enp0s3: saddr:100932208: daddr:33561200
[  273.601319] AAAAA-TCP_FORW: name:enp0s3: saddr:100932208: daddr:33561200
[  273.913611] AAAAA-TCP_FORW: name:enp0s3: saddr:100932208: daddr:33561200
[  274.237737] AAAAA-TCP_FORW: name:enp0s3: saddr:100932208: daddr:16783984
[  274.705734] AAAAA-TCP_FORW: name:enp0s3: saddr:100932208: daddr:16783984
[  275.715943] AAAAA-TCP_FORW: name:enp0s3: saddr:100932208: daddr:16783984
[  275.947669] AAAAA-TCP_FORW: name:enp0s3: saddr:100932208: daddr:16783984
[  276.669784] AAAAA-TCP_FORW: name:enp0s3: saddr:100932208: daddr:16783984
[  277.139754] AAAAA-TCP_FORW: name:enp0s3: saddr:100932208: daddr:16783984
[  277.359997] AAAAA-TCP_FORW: name:enp0s3: saddr:100932208: daddr:16783984
[  277.645255] AAAAA-TCP_FORW: name:enp0s3: saddr:100932208: daddr:16783984
[  277.799177] AAAAA-TCP_FORW: name:enp0s3: saddr:100932208: daddr:16783984
[  278.346745] AAAAA-TCP_FORW: name:enp0s3: saddr:100932208: daddr:16783984
[  278.600551] AAAAA-TCP_FORW: name:enp0s3: saddr:100932208: daddr:16783984
[  279.235555] AAAAA-TCP_FORW: name:enp0s3: saddr:100932208: daddr:16783984
[  279.282993] AAAAA-TCP_FORW: name:enp0s3: saddr:100932208: daddr:33561200
[  279.473970] AAAAA-TCP_FORW: name:enp0s3: saddr:100932208: daddr:16783984
[  279.661123] AAAAA-TCP_FORW: name:enp0s3: saddr:100932208: daddr:16783984
[  279.664053] AAAAA-TCP_FORW: name:enp0s3: saddr:100932208: daddr:16783984
[  279.848745] AAAAA-TCP_FORW: name:enp0s3: saddr:100932208: daddr:16783984
[  279.941424] AAAAA-TCP_FORW: name:enp0s3: saddr:100932208: daddr:16783984
[  279.944300] AAAAA-TCP_FORW: name:enp0s3: saddr:100932208: daddr:16783984
[  280.240338] AAAAA-TCP_FORW: name:enp0s3: saddr:100932208: daddr:33561200
[  280.365222] AAAAA-TCP_FORW: name:enp0s3: saddr:100932208: daddr:33561200
[  280.467073] AAAAA-TCP_FORW: name:enp0s3: saddr:100932208: daddr:16783984
[  280.555829] AAAAA-TCP_FORW: name:enp0s3: saddr:100932208: daddr:16783984
[  280.616183] AAAAA-TCP_FORW: name:enp0s3: saddr:100932208: daddr:33561200
[  280.729531] AAAAA-TCP_FORW: name:enp0s3: saddr:100932208: daddr:33561200
[  280.845386] AAAAA-TCP_FORW: name:enp0s3: saddr:100932208: daddr:33561200
[  281.016287] AAAAA-TCP_FORW: name:enp0s3: saddr:100932208: daddr:33561200
[  281.073001] AAAAA-TCP_FORW: name:enp0s3: saddr:100932208: daddr:33561200
[  281.327115] AAAAA-TCP_FORW: name:enp0s3: saddr:100932208: daddr:33561200
[  281.330035] AAAAA-TCP_FORW: name:enp0s3: saddr:100932208: daddr:33561200
[  281.532930] AAAAA-TCP_FORW: name:enp0s3: saddr:100932208: daddr:33561200
[  281.578270] AAAAA-TCP_FORW: name:enp0s3: saddr:100932208: daddr:33561200
[  281.763665] AAAAA-TCP_FORW: name:enp0s3: saddr:100932208: daddr:16783984
[  282.199515] AAAAA-TCP_FORW: name:enp0s3: saddr:100932208: daddr:16783984
[  282.773582] AAAAA-TCP_FORW: name:enp0s3: saddr:100932208: daddr:16783984
[  282.969592] AAAAA-TCP_FORW: name:enp0s3: saddr:100932208: daddr:33561200
[  283.249247] AAAAA-TCP_FORW: name:enp0s3: saddr:100932208: daddr:33561200
[  283.424747] AAAAA-TCP_FORW: name:enp0s3: saddr:100932208: daddr:33561200
[  283.815269] AAAAA-TCP_FORW: name:enp0s3: saddr:100932208: daddr:16783984
[  283.995131] AAAAA-TCP_FORW: name:enp0s3: saddr:100932208: daddr:33561200
[  284.253734] AAAAA-TCP_FORW: name:enp0s3: saddr:100932208: daddr:33561200
[  284.348606] AAAAA-TCP_FORW: name:enp0s3: saddr:100932208: daddr:33561200
[  284.423490] AAAAA-TCP_FORW: name:enp0s3: saddr:100932208: daddr:33561200
[  284.585660] AAAAA-TCP_FORW: name:enp0s3: saddr:100932208: daddr:33561200
[  284.705375] AAAAA-TCP_FORW: name:enp0s3: saddr:100932208: daddr:33561200
[  284.803697] AAAAA-TCP_FORW: name:enp0s3: saddr:100932208: daddr:33561200
[  284.942498] AAAAA-TCP_FORW: name:enp0s3: saddr:100932208: daddr:16783984
[  285.159144] AAAAA-TCP_FORW: name:enp0s3: saddr:100932208: daddr:16783984
[  285.243327] AAAAA-TCP_FORW: name:enp0s3: saddr:100932208: daddr:33561200
[  285.336776] AAAAA-TCP_FORW: name:enp0s3: saddr:100932208: daddr:16783984
[  285.425522] AAAAA-TCP_FORW: name:enp0s3: saddr:100932208: daddr:16783984
[  285.967551] AAAAA-TCP_FORW: name:enp0s3: saddr:100932208: daddr:16783984
[  286.097695] AAAAA-TCP_FORW: name:enp0s3: saddr:100932208: daddr:16783984
[  286.235092] AAAAA-TCP_FORW: name:enp0s3: saddr:100932208: daddr:33561200
[  286.290405] AAAAA-TCP_FORW: name:enp0s3: saddr:100932208: daddr:16783984
[  286.374452] AAAAA-TCP_FORW: name:enp0s3: saddr:100932208: daddr:16783984
[  287.126706] AAAAA-TCP_FORW: name:enp0s3: saddr:100932208: daddr:16783984
[  287.387330] AAAAA-TCP_FORW: name:enp0s3: saddr:100932208: daddr:16783984
[  287.676382] AAAAA-TCP_FORW: name:enp0s3: saddr:100932208: daddr:16783984
[  287.867338] AAAAA-TCP_FORW: name:enp0s3: saddr:100932208: daddr:16783984
[  287.964380] AAAAA-TCP_FORW: name:enp0s3: saddr:100932208: daddr:16783984
[  288.086660] AAAAA-TCP_FORW: name:enp0s3: saddr:100932208: daddr:33561200
[  289.810571] AAAAA-TCP_FORW: name:enp0s3: saddr:100932208: daddr:33561200
[  289.929147] AAAAA-TCP_FORW: name:enp0s3: saddr:100932208: daddr:33561200
[  290.100058] AAAAA-TCP_FORW: name:enp0s3: saddr:100932208: daddr:33561200
[  290.272524] AAAAA-TCP_FORW: name:enp0s3: saddr:100932208: daddr:33561200
[  290.409293] AAAAA-TCP_FORW: name:enp0s3: saddr:100932208: daddr:33561200
[  290.545732] AAAAA-TCP_FORW: name:enp0s3: saddr:100932208: daddr:33561200
[  290.701132] AAAAA-TCP_FORW: name:enp0s3: saddr:100932208: daddr:33561200
[  290.845487] AAAAA-TCP_FORW: name:enp0s3: saddr:100932208: daddr:33561200
[  290.917360] AAAAA-TCP_FORW: name:enp0s3: saddr:100932208: daddr:33561200
[  291.050081] AAAAA-TCP_FORW: name:enp0s3: saddr:100932208: daddr:33561200
[  291.226734] AAAAA-TCP_FORW: name:enp0s3: saddr:100932208: daddr:33561200
[  291.344559] AAAAA-TCP_FORW: name:enp0s3: saddr:100932208: daddr:16783984
[  291.488915] AAAAA-TCP_FORW: name:enp0s3: saddr:100932208: daddr:16783984
[  291.679656] AAAAA-TCP_FORW: name:enp0s3: saddr:100932208: daddr:16783984
[  291.831530] AAAAA-TCP_FORW: name:enp0s3: saddr:100932208: daddr:16783984
[  292.288340] AAAAA-TCP_FORW: name:enp0s3: saddr:100932208: daddr:16783984
[  292.488105] AAAAA-TCP_FORW: name:enp0s3: saddr:100932208: daddr:16783984
[  292.720545] AAAAA-TCP_FORW: name:enp0s3: saddr:100932208: daddr:16783984
[  293.005419] AAAAA-TCP_FORW: name:enp0s3: saddr:100932208: daddr:16783984
[  293.200542] AAAAA-TCP_FORW: name:enp0s3: saddr:100932208: daddr:33561200
[  293.305233] AAAAA-TCP_FORW: name:enp0s3: saddr:100932208: daddr:33561200
[  293.848015] AAAAA-TCP_FORW: name:enp0s3: saddr:100932208: daddr:33561200
[  294.032779] AAAAA-TCP_FORW: name:enp0s3: saddr:100932208: daddr:33561200
[  294.107272] AAAAA-TCP_FORW: name:enp0s3: saddr:100932208: daddr:33561200
[  294.269765] AAAAA-TCP_FORW: name:enp0s3: saddr:100932208: daddr:33561200
[  294.378919] AAAAA-TCP_FORW: name:enp0s3: saddr:100932208: daddr:33561200
[  294.429505] AAAAA-TCP_FORW: name:enp0s3: saddr:100932208: daddr:33561200
[  294.538165] AAAAA-TCP_FORW: name:enp0s3: saddr:100932208: daddr:33561200
[  294.696159] AAAAA-TCP_FORW: name:enp0s3: saddr:100932208: daddr:33561200
[  294.863968] AAAAA-TCP_FORW: name:enp0s3: saddr:100932208: daddr:33561200
[  295.067501] AAAAA-TCP_FORW: name:enp0s3: saddr:100932208: daddr:33561200
[  295.209993] AAAAA-TCP_FORW: name:enp0s3: saddr:100932208: daddr:33561200
[  295.249096] AAAAA-TCP_FORW: name:enp0s3: saddr:100932208: daddr:33561200
[  295.636438] AAAAA-TCP_FORW: name:enp0s3: saddr:100932208: daddr:33561200
[  295.763462] AAAAA-TCP_FORW: name:enp0s3: saddr:100932208: daddr:16783984
[  295.848075] AAAAA-TCP_FORW: name:enp0s3: saddr:100932208: daddr:33561200
[  295.930560] AAAAA-TCP_FORW: name:enp0s3: saddr:100932208: daddr:16783984
[  296.036140] AAAAA-TCP_FORW: name:enp0s3: saddr:100932208: daddr:16783984
[  296.157320] AAAAA-TCP_FORW: name:enp0s3: saddr:100932208: daddr:16783984
[  296.256954] AAAAA-TCP_FORW: name:enp0s3: saddr:100932208: daddr:16783984
[  296.521810] AAAAA-TCP_FORW: name:enp0s3: saddr:100932208: daddr:16783984
[  296.706960] AAAAA-TCP_FORW: name:enp0s3: saddr:100932208: daddr:16783984
[  296.912753] AAAAA-TCP_FORW: name:enp0s3: saddr:100932208: daddr:16783984
[  297.023411] AAAAA-TCP_FORW: name:enp0s3: saddr:100932208: daddr:16783984
[  297.284086] AAAAA-TCP_FORW: name:enp0s3: saddr:100932208: daddr:33561200
[  297.512480] AAAAA-TCP_FORW: name:enp0s3: saddr:100932208: daddr:33561200
[  297.872396] AAAAA-TCP_FORW: name:enp0s3: saddr:100932208: daddr:33561200
[  298.029333] AAAAA-TCP_FORW: name:enp0s3: saddr:100932208: daddr:33561200
[  298.388596] AAAAA-TCP_FORW: name:enp0s3: saddr:100932208: daddr:33561200
[  298.609414] AAAAA-TCP_FORW: name:enp0s3: saddr:100932208: daddr:33561200
[  298.813628] AAAAA-TCP_FORW: name:enp0s3: saddr:100932208: daddr:33561200
[  299.053599] AAAAA-TCP_FORW: name:enp0s3: saddr:100932208: daddr:33561200
[  299.455066] AAAAA-TCP_FORW: name:enp0s3: saddr:100932208: daddr:33561200
[  299.521739] AAAAA-TCP_FORW: name:enp0s3: saddr:100932208: daddr:33561200
[  299.946117] AAAAA-TCP_FORW: name:enp0s3: saddr:100932208: daddr:33561200
[  300.090631] AAAAA-TCP_FORW: name:enp0s3: saddr:100932208: daddr:33561200
[  300.246376] AAAAA-TCP_FORW: name:enp0s3: saddr:100932208: daddr:33561200
[  300.298474] AAAAA-TCP_FORW: name:enp0s3: saddr:100932208: daddr:33561200
[  300.555077] AAAAA-TCP_FORW: name:enp0s3: saddr:100932208: daddr:33561200
[  300.644206] AAAAA-TCP_FORW: name:enp0s3: saddr:100932208: daddr:33561200
[  300.739769] AAAAA-TCP_FORW: name:enp0s3: saddr:100932208: daddr:33561200
[  300.871854] AAAAA-TCP_FORW: name:enp0s3: saddr:100932208: daddr:33561200
[  300.982770] AAAAA-TCP_FORW: name:enp0s3: saddr:100932208: daddr:33561200
[  301.266344] AAAAA-TCP_FORW: name:enp0s3: saddr:100932208: daddr:33561200
[  301.391102] AAAAA-TCP_FORW: name:enp0s3: saddr:100932208: daddr:16783984
[  301.566269] AAAAA-TCP_FORW: name:enp0s3: saddr:100932208: daddr:33561200
[  301.694259] AAAAA-TCP_FORW: name:enp0s3: saddr:100932208: daddr:33561200
[  301.898435] AAAAA-TCP_FORW: name:enp0s3: saddr:100932208: daddr:16783984
[  302.105893] AAAAA-TCP_FORW: name:enp0s3: saddr:100932208: daddr:16783984
[  302.253003] AAAAA-TCP_FORW: name:enp0s3: saddr:100932208: daddr:16783984
[  302.533072] AAAAA-TCP_FORW: name:enp0s3: saddr:100932208: daddr:16783984
[  302.731804] AAAAA-TCP_FORW: name:enp0s3: saddr:100932208: daddr:16783984
[  302.863367] AAAAA-TCP_FORW: name:enp0s3: saddr:100932208: daddr:16783984
[  303.373443] AAAAA-TCP_FORW: name:enp0s3: saddr:100932208: daddr:16783984
[  303.895269] AAAAA-TCP_FORW: name:enp0s3: saddr:100932208: daddr:16783984
[  304.097202] AAAAA-TCP_FORW: name:enp0s3: saddr:100932208: daddr:16783984
[  304.482591] AAAAA-TCP_FORW: name:enp0s3: saddr:100932208: daddr:16783984
[  304.848079] AAAAA-TCP_FORW: name:enp0s3: saddr:100932208: daddr:16783984
[  305.021907] AAAAA-TCP_FORW: name:enp0s3: saddr:100932208: daddr:16783984
[  305.175878] AAAAA-TCP_FORW: name:enp0s3: saddr:100932208: daddr:33561200
[  305.847269] AAAAA-TCP_FORW: name:enp0s3: saddr:100932208: daddr:33561200
[  305.975832] AAAAA-TCP_FORW: name:enp0s3: saddr:100932208: daddr:33561200
[  306.103796] AAAAA-TCP_FORW: name:enp0s3: saddr:100932208: daddr:33561200
[  306.434269] AAAAA-TCP_FORW: name:enp0s3: saddr:100932208: daddr:33561200
[  306.575086] AAAAA-TCP_FORW: name:enp0s3: saddr:100932208: daddr:33561200
[  306.668761] AAAAA-TCP_FORW: name:enp0s3: saddr:100932208: daddr:33561200
[  307.193505] AAAAA-TCP_FORW: name:enp0s3: saddr:100932208: daddr:33561200
[  307.634324] AAAAA-TCP_FORW: name:enp0s3: saddr:100932208: daddr:33561200
[  308.537053] AAAAA-TCP_FORW: name:enp0s3: saddr:100932208: daddr:33561200
[  308.930251] AAAAA-TCP_FORW: name:enp0s3: saddr:100932208: daddr:33561200
[  309.169386] AAAAA-TCP_FORW: name:enp0s3: saddr:100932208: daddr:33561200
[  309.319156] AAAAA-TCP_FORW: name:enp0s3: saddr:100932208: daddr:33561200
[  309.446119] AAAAA-TCP_FORW: name:enp0s3: saddr:100932208: daddr:33561200
[  309.769815] AAAAA-TCP_FORW: name:enp0s3: saddr:100932208: daddr:33561200
[  310.084533] AAAAA-TCP_FORW: name:enp0s3: saddr:100932208: daddr:33561200
[  310.331208] AAAAA-TCP_FORW: name:enp0s3: saddr:100932208: daddr:33561200
[  310.674462] AAAAA-TCP_FORW: name:enp0s3: saddr:100932208: daddr:33561200
[  310.860942] AAAAA-TCP_FORW: name:enp0s3: saddr:100932208: daddr:33561200
[  311.038360] AAAAA-TCP_FORW: name:enp0s3: saddr:100932208: daddr:33561200
[  311.146517] AAAAA-TCP_FORW: name:enp0s3: saddr:100932208: daddr:33561200
[  311.265407] AAAAA-TCP_FORW: name:enp0s3: saddr:100932208: daddr:33561200
[  311.340426] AAAAA-TCP_FORW: name:enp0s3: saddr:100932208: daddr:33561200
[  311.724491] AAAAA-TCP_FORW: name:enp0s3: saddr:100932208: daddr:16783984
[  311.903107] AAAAA-TCP_FORW: name:enp0s3: saddr:100932208: daddr:16783984
[  312.148965] AAAAA-TCP_FORW: name:enp0s3: saddr:100932208: daddr:33561200
[  312.266667] AAAAA-TCP_FORW: name:enp0s3: saddr:100932208: daddr:16783984
[  312.357291] AAAAA-TCP_FORW: name:enp0s3: saddr:100932208: daddr:16783984
[  312.424296] AAAAA-TCP_FORW: name:enp0s3: saddr:100932208: daddr:16783984
[  312.528309] AAAAA-TCP_FORW: name:enp0s3: saddr:100932208: daddr:16783984
[  312.695564] AAAAA-TCP_FORW: name:enp0s3: saddr:100932208: daddr:33561200
[  312.753815] AAAAA-TCP_FORW: name:enp0s3: saddr:100932208: daddr:16783984
[  312.834890] AAAAA-TCP_FORW: name:enp0s3: saddr:100932208: daddr:16783984
[  312.941404] AAAAA-TCP_FORW: name:enp0s3: saddr:100932208: daddr:33561200
[  313.032639] AAAAA-TCP_FORW: name:enp0s3: saddr:100932208: daddr:16783984
[  313.210337] AAAAA-TCP_FORW: name:enp0s3: saddr:100932208: daddr:16783984
[  313.337379] AAAAA-TCP_FORW: name:enp0s3: saddr:100932208: daddr:16783984
[  313.411307] AAAAA-TCP_FORW: name:enp0s3: saddr:100932208: daddr:33561200
[  313.546679] AAAAA-TCP_FORW: name:enp0s3: saddr:100932208: daddr:16783984
[  313.702213] AAAAA-TCP_FORW: name:enp0s3: saddr:100932208: daddr:16783984
[  313.705121] AAAAA-TCP_FORW: name:enp0s3: saddr:100932208: daddr:16783984
[  313.901908] AAAAA-TCP_FORW: name:enp0s3: saddr:33561200: daddr:100932208
[  313.940773] AAAAA-TCP_FORW: name:enp0s3: saddr:100932208: daddr:33561200
[  313.989211] AAAAA-TCP_FORW: name:enp0s3: saddr:100932208: daddr:33561200
[  314.026920] AAAAA-TCP_FORW: name:enp0s3: saddr:33561200: daddr:100932208
[  314.062459] AAAAA-TCP_FORW: name:enp0s3: saddr:100932208: daddr:33561200
[  314.166570] AAAAA-TCP_FORW: name:enp0s3: saddr:33561200: daddr:100932208
[  314.215138] AAAAA-TCP_FORW: name:enp0s3: saddr:100932208: daddr:33561200
[  314.224104] AAAAA-TCP_FORW: name:enp0s3: saddr:33561200: daddr:100932208
[  314.278329] AAAAA-TCP_FORW: name:enp0s3: saddr:100932208: daddr:33561200
[  314.309780] AAAAA-TCP_FORW: name:enp0s3: saddr:33561200: daddr:100932208
[  314.397467] AAAAA-TCP_FORW: name:enp0s3: saddr:33561200: daddr:100932208
[  314.429055] AAAAA-TCP_FORW: name:enp0s3: saddr:100932208: daddr:33561200
[  314.454189] AAAAA-TCP_FORW: name:enp0s3: saddr:100932208: daddr:33561200
[  314.516169] AAAAA-TCP_FORW: name:enp0s3: saddr:100932208: daddr:33561200
[  314.565529] AAAAA-TCP_FORW: name:enp0s3: saddr:16783984: daddr:100932208
[  314.598083] AAAAA-TCP_FORW: name:enp0s3: saddr:100932208: daddr:33561200
[  314.669224] AAAAA-TCP_FORW: name:enp0s3: saddr:16783984: daddr:100932208
[  314.686964] AAAAA-TCP_FORW: name:enp0s3: saddr:100932208: daddr:16783984
[  314.715466] AAAAA-TCP_FORW: name:enp0s3: saddr:100932208: daddr:16783984
[  314.754516] AAAAA-TCP_FORW: name:enp0s3: saddr:100932208: daddr:16783984
[  314.789219] AAAAA-TCP_FORW: name:enp0s3: saddr:100932208: daddr:16783984
[  314.932551] AAAAA-TCP_FORW: name:enp0s3: saddr:100932208: daddr:16783984
[  314.975178] AAAAA-TCP_FORW: name:enp0s3: saddr:100932208: daddr:33561200
[  315.037614] AAAAA-TCP_FORW: name:enp0s3: saddr:100932208: daddr:16783984
[  315.072844] AAAAA-TCP_FORW: name:enp0s3: saddr:33561200: daddr:100932208
[  315.192831] AAAAA-TCP_FORW: name:enp0s3: saddr:16783984: daddr:100932208
[  315.412339] AAAAA-TCP_FORW: name:enp0s3: saddr:16783984: daddr:100932208
[  315.566909] AAAAA-TCP_FORW: name:enp0s3: saddr:16783984: daddr:100932208
[  315.664819] AAAAA-TCP_FORW: name:enp0s3: saddr:33561200: daddr:100932208
[  315.751715] AAAAA-TCP_FORW: name:enp0s3: saddr:16783984: daddr:100932208
[  315.897155] AAAAA-TCP_FORW: name:enp0s3: saddr:16783984: daddr:100932208
[  315.978323] AAAAA-TCP_FORW: name:enp0s3: saddr:33561200: daddr:100932208
[  315.997330] AAAAA-TCP_FORW: name:enp0s3: saddr:100932208: daddr:33561200
[  316.054529] AAAAA-TCP_FORW: name:enp0s3: saddr:16783984: daddr:100932208
[  316.153353] AAAAA-TCP_FORW: name:enp0s3: saddr:16783984: daddr:100932208
[  316.282122] AAAAA-TCP_FORW: name:enp0s3: saddr:16783984: daddr:100932208
[  316.400732] AAAAA-TCP_FORW: name:enp0s3: saddr:33561200: daddr:100932208
[  316.491336] AAAAA-TCP_FORW: name:enp0s3: saddr:16783984: daddr:100932208
[  316.620467] AAAAA-TCP_FORW: name:enp0s3: saddr:16783984: daddr:100932208
[  316.741130] AAAAA-TCP_FORW: name:enp0s3: saddr:33561200: daddr:100932208
[  316.817597] AAAAA-TCP_FORW: name:enp0s3: saddr:33561200: daddr:100932208
[  316.856973] AAAAA-TCP_FORW: name:enp0s3: saddr:100932208: daddr:33561200
[  316.909266] AAAAA-TCP_FORW: name:enp0s3: saddr:33561200: daddr:100932208
[  316.922015] AAAAA-TCP_FORW: name:enp0s3: saddr:100932208: daddr:33561200
[  316.959991] AAAAA-TCP_FORW: name:enp0s3: saddr:100932208: daddr:33561200
[  316.992352] AAAAA-TCP_FORW: name:enp0s3: saddr:33561200: daddr:100932208
[  317.006940] AAAAA-TCP_FORW: name:enp0s3: saddr:100932208: daddr:33561200
[  317.050849] AAAAA-TCP_FORW: name:enp0s3: saddr:100932208: daddr:33561200
[  317.081930] AAAAA-TCP_FORW: name:enp0s3: saddr:100932208: daddr:33561200
[  317.103722] AAAAA-TCP_FORW: name:enp0s3: saddr:33561200: daddr:100932208
[  317.110820] AAAAA-TCP_FORW: name:enp0s3: saddr:100932208: daddr:33561200
[  317.166000] AAAAA-TCP_FORW: name:enp0s3: saddr:33561200: daddr:100932208
[  317.228471] AAAAA-TCP_FORW: name:enp0s3: saddr:33561200: daddr:100932208
[  317.302532] AAAAA-TCP_FORW: name:enp0s3: saddr:33561200: daddr:100932208
[  317.329568] AAAAA-TCP_FORW: name:enp0s3: saddr:100932208: daddr:33561200
[  317.368823] AAAAA-TCP_FORW: name:enp0s3: saddr:16783984: daddr:100932208
[  317.413854] AAAAA-TCP_FORW: name:enp0s3: saddr:100932208: daddr:33561200
[  317.469812] AAAAA-TCP_FORW: name:enp0s3: saddr:16783984: daddr:100932208
[  317.510291] AAAAA-TCP_FORW: name:enp0s3: saddr:100932208: daddr:33561200
[  317.558355] AAAAA-TCP_FORW: name:enp0s3: saddr:16783984: daddr:100932208
[  317.590417] AAAAA-TCP_FORW: name:enp0s3: saddr:100932208: daddr:16783984
[  317.617229] AAAAA-TCP_FORW: name:enp0s3: saddr:16783984: daddr:100932208
[  317.665425] AAAAA-TCP_FORW: name:enp0s3: saddr:100932208: daddr:16783984
[  317.684858] AAAAA-TCP_FORW: name:enp0s3: saddr:33561200: daddr:100932208
[  317.789052] AAAAA-TCP_FORW: name:enp0s3: saddr:16783984: daddr:100932208
[  318.077378] AAAAA-TCP_FORW: name:enp0s3: saddr:100932208: daddr:16783984
[  318.190771] AAAAA-TCP_FORW: name:enp0s3: saddr:100932208: daddr:16783984
[  318.249775] AAAAA-TCP_FORW: name:enp0s3: saddr:100932208: daddr:16783984
[  318.451943] AAAAA-TCP_FORW: name:enp0s3: saddr:100932208: daddr:33561200
[  318.521472] AAAAA-TCP_FORW: name:enp0s3: saddr:100932208: daddr:33561200
[  318.999632] AAAAA-TCP_FORW: name:enp0s3: saddr:100932208: daddr:16783984
[  319.290762] AAAAA-TCP_FORW: name:enp0s3: saddr:100932208: daddr:16783984
[  319.489533] AAAAA-TCP_FORW: name:enp0s3: saddr:100932208: daddr:33561200
[  319.720612] AAAAA-TCP_FORW: name:enp0s3: saddr:100932208: daddr:16783984
[  319.804696] AAAAA-TCP_FORW: name:enp0s3: saddr:100932208: daddr:16783984
[  319.862554] AAAAA-TCP_FORW: name:enp0s3: saddr:100932208: daddr:16783984
[  320.262618] AAAAA-TCP_FORW: name:enp0s3: saddr:100932208: daddr:33561200
[  320.373356] AAAAA-TCP_FORW: name:enp0s3: saddr:100932208: daddr:33561200
[  320.838094] AAAAA-TCP_FORW: name:enp0s3: saddr:100932208: daddr:33561200
[  321.922880] AAAAA-TCP_FORW: name:enp0s3: saddr:100932208: daddr:33561200
[  321.989922] AAAAA-TCP_FORW: name:enp0s3: saddr:100932208: daddr:33561200
[  322.213636] AAAAA-TCP_FORW: name:enp0s3: saddr:100932208: daddr:33561200
[  322.303178] AAAAA-TCP_FORW: name:enp0s3: saddr:100932208: daddr:33561200
[  322.813546] AAAAA-TCP_FORW: name:enp0s3: saddr:100932208: daddr:33561200
[  322.988860] AAAAA-TCP_FORW: name:enp0s3: saddr:100932208: daddr:33561200
[  323.169415] AAAAA-TCP_FORW: name:enp0s3: saddr:100932208: daddr:33561200
[  323.592968] AAAAA-TCP_FORW: name:enp0s3: saddr:100932208: daddr:16783984
[  323.769039] AAAAA-TCP_FORW: name:enp0s3: saddr:100932208: daddr:16783984
[  324.053891] AAAAA-TCP_FORW: name:enp0s3: saddr:100932208: daddr:33561200
[  324.142920] AAAAA-TCP_FORW: name:enp0s3: saddr:100932208: daddr:16783984
[  324.291423] AAAAA-TCP_FORW: name:enp0s3: saddr:100932208: daddr:33561200
[  324.416197] AAAAA-TCP_FORW: name:enp0s3: saddr:100932208: daddr:33561200
[  324.635999] AAAAA-TCP_FORW: name:enp0s3: saddr:100932208: daddr:33561200
[  324.804430] AAAAA-TCP_FORW: name:enp0s3: saddr:100932208: daddr:33561200
[  324.959357] AAAAA-TCP_FORW: name:enp0s3: saddr:100932208: daddr:33561200
[  325.063565] AAAAA-TCP_FORW: name:enp0s3: saddr:100932208: daddr:33561200
[  325.168502] AAAAA-TCP_FORW: name:enp0s3: saddr:100932208: daddr:33561200
[  325.262078] AAAAA-TCP_FORW: name:enp0s3: saddr:100932208: daddr:33561200
[  325.650617] AAAAA-TCP_FORW: name:enp0s3: saddr:100932208: daddr:33561200
[  326.051397] AAAAA-TCP_FORW: name:enp0s3: saddr:100932208: daddr:33561200
[  326.412943] AAAAA-TCP_FORW: name:enp0s3: saddr:100932208: daddr:16783984
[  326.577375] AAAAA-TCP_FORW: name:enp0s3: saddr:100932208: daddr:33561200
[  326.602646] AAAAA-TCP_FORW: name:enp0s3: saddr:100932208: daddr:33561200
[  330.278378] AAAAA-TCP_FORW: name:enp0s3: saddr:100932208: daddr:33561200
[  330.398390] AAAAA-TCP_FORW: name:enp0s3: saddr:100932208: daddr:16783984
[  330.894325] AAAAA-TCP_FORW: name:enp0s3: saddr:100932208: daddr:16783984
[  330.964520] AAAAA-TCP_FORW: name:enp0s3: saddr:100932208: daddr:16783984
[  331.569883] AAAAA-TCP_FORW: name:enp0s3: saddr:100932208: daddr:33561200
[  331.713966] AAAAA-TCP_FORW: name:enp0s3: saddr:100932208: daddr:33561200
[  331.926648] AAAAA-TCP_FORW: name:enp0s3: saddr:100932208: daddr:16783984
[  332.157903] AAAAA-TCP_FORW: name:enp0s3: saddr:100932208: daddr:33561200
[  332.428305] AAAAA-TCP_FORW: name:enp0s3: saddr:100932208: daddr:33561200
[  332.625417] AAAAA-TCP_FORW: name:enp0s3: saddr:100932208: daddr:33561200
[  332.703371] AAAAA-TCP_FORW: name:enp0s3: saddr:100932208: daddr:33561200
[  333.072972] AAAAA-TCP_FORW: name:enp0s3: saddr:100932208: daddr:33561200
[  333.654128] AAAAA-TCP_FORW: name:enp0s3: saddr:100932208: daddr:33561200
[  333.718137] AAAAA-TCP_FORW: name:enp0s3: saddr:100932208: daddr:33561200
[  335.555936] AAAAA-TCP_FORW: name:enp0s3: saddr:100932208: daddr:16783984
[  336.007142] AAAAA-TCP_FORW: name:enp0s3: saddr:100932208: daddr:16783984
[  336.123740] AAAAA-TCP_FORW: name:enp0s3: saddr:100932208: daddr:33561200
[  336.179818] AAAAA-TCP_FORW: name:enp0s3: saddr:100932208: daddr:33561200
[  336.564165] AAAAA-TCP_FORW: name:enp0s3: saddr:100932208: daddr:16783984
[  336.688910] AAAAA-TCP_FORW: name:enp0s3: saddr:100932208: daddr:16783984
[  336.765097] AAAAA-TCP_FORW: name:enp0s3: saddr:100932208: daddr:16783984
[  336.858753] AAAAA-TCP_FORW: name:enp0s3: saddr:100932208: daddr:16783984
[  337.011726] AAAAA-TCP_FORW: name:enp0s3: saddr:100932208: daddr:16783984
[  337.216053] AAAAA-TCP_FORW: name:enp0s3: saddr:100932208: daddr:33561200
[  337.338086] AAAAA-TCP_FORW: name:enp0s3: saddr:100932208: daddr:33561200
[  337.546784] AAAAA-TCP_FORW: name:enp0s3: saddr:100932208: daddr:16783984
[  337.670978] AAAAA-TCP_FORW: name:enp0s3: saddr:100932208: daddr:16783984
[  337.797195] AAAAA-TCP_FORW: name:enp0s3: saddr:100932208: daddr:33561200
[  338.107384] AAAAA-TCP_FORW: name:enp0s3: saddr:100932208: daddr:33561200
[  338.535664] AAAAA-TCP_FORW: name:enp0s3: saddr:100932208: daddr:16783984
[  338.619715] AAAAA-TCP_FORW: name:enp0s3: saddr:100932208: daddr:33561200
[  338.765391] AAAAA-TCP_FORW: name:enp0s3: saddr:16783984: daddr:100932208
[  338.927816] AAAAA-TCP_FORW: name:enp0s3: saddr:100932208: daddr:33561200
[  339.101565] AAAAA-TCP_FORW: name:enp0s3: saddr:100932208: daddr:33561200
[  339.194874] AAAAA-TCP_FORW: name:enp0s3: saddr:100932208: daddr:33561200
[  339.216806] AAAAA-TCP_FORW: name:enp0s3: saddr:16783984: daddr:100932208
[  339.347743] AAAAA-TCP_FORW: name:enp0s3: saddr:33561200: daddr:100932208
[  339.372290] AAAAA-TCP_FORW: name:enp0s3: saddr:100932208: daddr:33561200
[  339.393141] AAAAA-TCP_FORW: name:enp0s3: saddr:33561200: daddr:100932208
[  339.438155] AAAAA-TCP_FORW: name:enp0s3: saddr:100932208: daddr:33561200
[  339.576813] AAAAA-TCP_FORW: name:enp0s3: saddr:16783984: daddr:100932208
[  339.746602] AAAAA-TCP_FORW: name:enp0s3: saddr:16783984: daddr:100932208
[  339.802054] AAAAA-TCP_FORW: name:enp0s3: saddr:100932208: daddr:33561200
[  339.869816] AAAAA-TCP_FORW: name:enp0s3: saddr:16783984: daddr:100932208
[  340.080930] AAAAA-TCP_FORW: name:enp0s3: saddr:16783984: daddr:100932208
[  340.260947] AAAAA-TCP_FORW: name:enp0s3: saddr:33561200: daddr:100932208
[  340.277626] AAAAA-TCP_FORW: name:enp0s3: saddr:100932208: daddr:33561200
[  340.338750] AAAAA-TCP_FORW: name:enp0s3: saddr:33561200: daddr:100932208
[  340.562046] AAAAA-TCP_FORW: name:enp0s3: saddr:16783984: daddr:100932208
[  340.607260] AAAAA-TCP_FORW: name:enp0s3: saddr:100932208: daddr:33561200
[  340.739265] AAAAA-TCP_FORW: name:enp0s3: saddr:100932208: daddr:33561200
[  340.773489] AAAAA-TCP_FORW: name:enp0s3: saddr:33561200: daddr:100932208
[  340.925676] AAAAA-TCP_FORW: name:enp0s3: saddr:33561200: daddr:100932208
[  340.935531] AAAAA-TCP_FORW: name:enp0s3: saddr:100932208: daddr:33561200
[  341.101288] AAAAA-TCP_FORW: name:enp0s3: saddr:100932208: daddr:33561200
[  341.307244] AAAAA-TCP_FORW: name:enp0s3: saddr:100932208: daddr:16783984
[  341.340331] AAAAA-TCP_FORW: name:enp0s3: saddr:16783984: daddr:100932208
[  341.390931] AAAAA-TCP_FORW: name:enp0s3: saddr:33561200: daddr:100932208
[  341.678614] AAAAA-TCP_FORW: name:enp0s3: saddr:100932208: daddr:16783984
[  341.725966] AAAAA-TCP_FORW: name:enp0s3: saddr:33561200: daddr:100932208
[  341.895763] AAAAA-TCP_FORW: name:enp0s3: saddr:33561200: daddr:100932208
[  341.935788] AAAAA-TCP_FORW: name:enp0s3: saddr:33561200: daddr:100932208
[  342.019898] AAAAA-TCP_FORW: name:enp0s3: saddr:100932208: daddr:16783984
[  342.150483] AAAAA-TCP_FORW: name:enp0s3: saddr:33561200: daddr:100932208
[  342.208139] AAAAA-TCP_FORW: name:enp0s3: saddr:100932208: daddr:16783984
[  342.251891] AAAAA-TCP_FORW: name:enp0s3: saddr:33561200: daddr:100932208
[  342.439334] AAAAA-TCP_FORW: name:enp0s3: saddr:100932208: daddr:16783984
[  342.492594] AAAAA-TCP_FORW: name:enp0s3: saddr:33561200: daddr:100932208
[  342.698622] AAAAA-TCP_FORW: name:enp0s3: saddr:100932208: daddr:16783984
[  342.925152] AAAAA-TCP_FORW: name:enp0s3: saddr:33561200: daddr:100932208
[  343.050291] AAAAA-TCP_FORW: name:enp0s3: saddr:100932208: daddr:16783984
[  343.085487] AAAAA-TCP_FORW: name:enp0s3: saddr:33561200: daddr:100932208
[  343.142651] AAAAA-TCP_FORW: name:enp0s3: saddr:100932208: daddr:33561200
[  343.187365] AAAAA-TCP_FORW: name:enp0s3: saddr:33561200: daddr:100932208
[  343.189957] AAAAA-TCP_FORW: name:enp0s3: saddr:100932208: daddr:33561200
[  343.399227] AAAAA-TCP_FORW: name:enp0s3: saddr:100932208: daddr:33561200
[  343.435583] AAAAA-TCP_FORW: name:enp0s3: saddr:33561200: daddr:100932208
[  343.498306] AAAAA-TCP_FORW: name:enp0s3: saddr:33561200: daddr:100932208
[  343.533245] AAAAA-TCP_FORW: name:enp0s3: saddr:100932208: daddr:16783984
[  343.541032] AAAAA-TCP_FORW: name:enp0s3: saddr:16783984: daddr:100932208
[  343.701647] AAAAA-TCP_FORW: name:enp0s3: saddr:100932208: daddr:33561200
[  343.770957] AAAAA-TCP_FORW: name:enp0s3: saddr:16783984: daddr:100932208
[  343.832586] AAAAA-TCP_FORW: name:enp0s3: saddr:100932208: daddr:33561200
[  344.009742] AAAAA-TCP_FORW: name:enp0s3: saddr:100932208: daddr:16783984
[  344.139754] AAAAA-TCP_FORW: name:enp0s3: saddr:100932208: daddr:33561200
[  344.237528] AAAAA-TCP_FORW: name:enp0s3: saddr:100932208: daddr:33561200
[  344.342399] AAAAA-TCP_FORW: name:enp0s3: saddr:16783984: daddr:100932208
[  344.392577] AAAAA-TCP_FORW: name:enp0s3: saddr:100932208: daddr:33561200
[  344.428487] AAAAA-TCP_FORW: name:enp0s3: saddr:100932208: daddr:33561200
[  344.496513] AAAAA-TCP_FORW: name:enp0s3: saddr:16783984: daddr:100932208
[  344.520094] AAAAA-TCP_FORW: name:enp0s3: saddr:100932208: daddr:33561200
[  344.640698] AAAAA-TCP_FORW: name:enp0s3: saddr:100932208: daddr:33561200
[  344.701434] AAAAA-TCP_FORW: name:enp0s3: saddr:16783984: daddr:100932208
[  344.717749] AAAAA-TCP_FORW: name:enp0s3: saddr:100932208: daddr:33561200
[  344.810789] AAAAA-TCP_FORW: name:enp0s3: saddr:100932208: daddr:33561200
[  344.922573] AAAAA-TCP_FORW: name:enp0s3: saddr:16783984: daddr:100932208
[  345.129040] AAAAA-TCP_FORW: name:enp0s3: saddr:16783984: daddr:100932208
[  345.272879] AAAAA-TCP_FORW: name:enp0s3: saddr:100932208: daddr:33561200
[  345.307197] AAAAA-TCP_FORW: name:enp0s3: saddr:33561200: daddr:100932208
[  345.345892] AAAAA-TCP_FORW: name:enp0s3: saddr:100932208: daddr:33561200
[  345.459977] AAAAA-TCP_FORW: name:enp0s3: saddr:16783984: daddr:100932208
[  345.510158] AAAAA-TCP_FORW: name:enp0s3: saddr:100932208: daddr:33561200
[  345.556329] AAAAA-TCP_FORW: name:enp0s3: saddr:33561200: daddr:100932208
[  345.628405] AAAAA-TCP_FORW: name:enp0s3: saddr:100932208: daddr:33561200
[  345.688217] AAAAA-TCP_FORW: name:enp0s3: saddr:100932208: daddr:33561200
[  345.785592] AAAAA-TCP_FORW: name:enp0s3: saddr:33561200: daddr:100932208
[  345.827417] AAAAA-TCP_FORW: name:enp0s3: saddr:100932208: daddr:33561200
