[    0.000000] Linux version 5.4.243-mptcp (root@ztg) (gcc version 12.2.0 (Debian 12.2.0-14+deb12u1)) #53 SMP Wed Dec 24 23:28:15 CST 2025
[    0.000000] Command line: BOOT_IMAGE=/boot/vmlinuz-5.4.243-mptcp root=UUID=98415a12-53b7-4144-8265-0f7ece09e445 ro quiet splash
[    0.000000] KERNEL supported cpus:
[    0.000000]   Intel GenuineIntel
[    0.000000]   AMD AuthenticAMD
[    0.000000]   Hygon HygonGenuine
[    0.000000]   Centaur CentaurHauls
[    0.000000]   zhaoxin   Shanghai  
[    0.000000] x86/fpu: Supporting XSAVE feature 0x001: 'x87 floating point registers'
[    0.000000] x86/fpu: Supporting XSAVE feature 0x002: 'SSE registers'
[    0.000000] x86/fpu: Supporting XSAVE feature 0x004: 'AVX registers'
[    0.000000] x86/fpu: xstate_offset[2]:  576, xstate_sizes[2]:  256
[    0.000000] x86/fpu: Enabled xstate features 0x7, context size is 832 bytes, using 'standard' format.
[    0.000000] BIOS-provided physical RAM map:
[    0.000000] BIOS-e820: [mem 0x0000000000000000-0x000000000009fbff] usable
[    0.000000] BIOS-e820: [mem 0x000000000009fc00-0x000000000009ffff] reserved
[    0.000000] BIOS-e820: [mem 0x00000000000f0000-0x00000000000fffff] reserved
[    0.000000] BIOS-e820: [mem 0x0000000000100000-0x000000007ffeffff] usable
[    0.000000] BIOS-e820: [mem 0x000000007fff0000-0x000000007fffffff] ACPI data
[    0.000000] BIOS-e820: [mem 0x00000000fec00000-0x00000000fec00fff] reserved
[    0.000000] BIOS-e820: [mem 0x00000000fee00000-0x00000000fee00fff] reserved
[    0.000000] BIOS-e820: [mem 0x00000000fffc0000-0x00000000ffffffff] reserved
[    0.000000] NX (Execute Disable) protection: active
[    0.000000] SMBIOS 2.5 present.
[    0.000000] DMI: innotek GmbH VirtualBox/VirtualBox, BIOS VirtualBox 12/01/2006
[    0.000000] Hypervisor detected: KVM
[    0.000000] kvm-clock: Using msrs 4b564d01 and 4b564d00
[    0.000000] kvm-clock: cpu 0, msr 6c801001, primary cpu clock
[    0.000001] kvm-clock: using sched offset of 4417689868 cycles
[    0.000005] clocksource: kvm-clock: mask: 0xffffffffffffffff max_cycles: 0x1cd42e4dffb, max_idle_ns: 881590591483 ns
[    0.000008] tsc: Detected 2100.000 MHz processor
[    0.002395] e820: update [mem 0x00000000-0x00000fff] usable ==> reserved
[    0.002398] e820: remove [mem 0x000a0000-0x000fffff] usable
[    0.002403] last_pfn = 0x7fff0 max_arch_pfn = 0x400000000
[    0.002481] MTRR default type: uncachable
[    0.002483] MTRR fixed ranges enabled:
[    0.002484]   00000-9FFFF write-back
[    0.002485]   A0000-BFFFF uncachable
[    0.002486]   C0000-FFFFF write-protect
[    0.002487] MTRR variable ranges enabled:
[    0.002488]   0 base 000000000000 mask 3FFF80000000 write-back
[    0.002489]   1 disabled
[    0.002490]   2 disabled
[    0.002490]   3 disabled
[    0.002491]   4 disabled
[    0.002492]   5 disabled
[    0.002492]   6 disabled
[    0.002493]   7 disabled
[    0.002493]   8 disabled
[    0.002493]   9 disabled
[    0.002494]   10 disabled
[    0.002494]   11 disabled
[    0.002495]   12 disabled
[    0.002495]   13 disabled
[    0.002496]   14 disabled
[    0.002497]   15 disabled
[    0.002516] x86/PAT: Configuration [0-7]: WB  WC  UC- UC  WB  WP  UC- WT  
[    0.002665] found SMP MP-table at [mem 0x0009fff0-0x0009ffff]
[    0.101038] check: Scanning 1 areas for low memory corruption
[    0.101221] RAMDISK: [mem 0x32271000-0x3512ffff]
[    0.101229] ACPI: Early table checksum verification disabled
[    0.101236] ACPI: RSDP 0x00000000000E0000 000024 (v02 VBOX  )
[    0.101241] ACPI: XSDT 0x000000007FFF0030 00003C (v01 VBOX   VBOXXSDT 00000001 ASL  00000061)
[    0.101247] ACPI: FACP 0x000000007FFF00F0 0000F4 (v04 VBOX   VBOXFACP 00000001 ASL  00000061)
[    0.101254] ACPI: DSDT 0x000000007FFF02E0 002353 (v02 VBOX   VBOXBIOS 00000002 VBOX 00029BF3)
[    0.101258] ACPI: FACS 0x000000007FFF0200 000040
[    0.101261] ACPI: FACS 0x000000007FFF0200 000040
[    0.101264] ACPI: APIC 0x000000007FFF0240 000054 (v02 VBOX   VBOXAPIC 00000001 ASL  00000061)
[    0.101268] ACPI: SSDT 0x000000007FFF02A0 000038 (v01 VBOX   VBOXCPUT 00000002 VBOX 00029BF3)
[    0.101271] ACPI: Reserving FACP table memory at [mem 0x7fff00f0-0x7fff01e3]
[    0.101272] ACPI: Reserving DSDT table memory at [mem 0x7fff02e0-0x7fff2632]
[    0.101273] ACPI: Reserving FACS table memory at [mem 0x7fff0200-0x7fff023f]
[    0.101274] ACPI: Reserving FACS table memory at [mem 0x7fff0200-0x7fff023f]
[    0.101274] ACPI: Reserving APIC table memory at [mem 0x7fff0240-0x7fff0293]
[    0.101275] ACPI: Reserving SSDT table memory at [mem 0x7fff02a0-0x7fff02d7]
[    0.101290] ACPI: Local APIC address 0xfee00000
[    0.101477] No NUMA configuration found
[    0.101478] Faking a node at [mem 0x0000000000000000-0x000000007ffeffff]
[    0.101488] NODE_DATA(0) allocated [mem 0x7ffc5000-0x7ffeffff]
[    0.101748] Zone ranges:
[    0.101749]   DMA      [mem 0x0000000000001000-0x0000000000ffffff]
[    0.101751]   DMA32    [mem 0x0000000001000000-0x000000007ffeffff]
[    0.101752]   Normal   empty
[    0.101752]   Device   empty
[    0.101753] Movable zone start for each node
[    0.101755] Early memory node ranges
[    0.101756]   node   0: [mem 0x0000000000001000-0x000000000009efff]
[    0.101757]   node   0: [mem 0x0000000000100000-0x000000007ffeffff]
[    0.101759] Zeroed struct page in unavailable ranges: 114 pages
[    0.101760] Initmem setup node 0 [mem 0x0000000000001000-0x000000007ffeffff]
[    0.101762] On node 0 totalpages: 524174
[    0.101763]   DMA zone: 64 pages used for memmap
[    0.101763]   DMA zone: 21 pages reserved
[    0.101764]   DMA zone: 3998 pages, LIFO batch:0
[    0.101846]   DMA32 zone: 8128 pages used for memmap
[    0.101847]   DMA32 zone: 520176 pages, LIFO batch:63
[    0.110914] ACPI: PM-Timer IO Port: 0x4008
[    0.110918] ACPI: Local APIC address 0xfee00000
[    0.110983] IOAPIC[0]: apic_id 1, version 32, address 0xfec00000, GSI 0-23
[    0.110986] ACPI: INT_SRC_OVR (bus 0 bus_irq 0 global_irq 2 dfl dfl)
[    0.110989] ACPI: INT_SRC_OVR (bus 0 bus_irq 9 global_irq 9 low level)
[    0.110991] ACPI: IRQ0 used by override.
[    0.110992] ACPI: IRQ9 used by override.
[    0.110994] Using ACPI (MADT) for SMP configuration information
[    0.111001] smpboot: Allowing 1 CPUs, 0 hotplug CPUs
[    0.111025] PM: Registered nosave memory: [mem 0x00000000-0x00000fff]
[    0.111026] PM: Registered nosave memory: [mem 0x0009f000-0x0009ffff]
[    0.111027] PM: Registered nosave memory: [mem 0x000a0000-0x000effff]
[    0.111027] PM: Registered nosave memory: [mem 0x000f0000-0x000fffff]
[    0.111030] [mem 0x80000000-0xfebfffff] available for PCI devices
[    0.111030] Booting paravirtualized kernel on KVM
[    0.111033] clocksource: refined-jiffies: mask: 0xffffffff max_cycles: 0xffffffff, max_idle_ns: 7645519600211568 ns
[    0.111038] setup_percpu: NR_CPUS:8192 nr_cpumask_bits:1 nr_cpu_ids:1 nr_node_ids:1
[    0.112051] percpu: Embedded 60 pages/cpu s208896 r8192 d28672 u2097152
[    0.112056] pcpu-alloc: s208896 r8192 d28672 u2097152 alloc=1*2097152
[    0.112056] pcpu-alloc: [0] 0 
[    0.112083] Built 1 zonelists, mobility grouping on.  Total pages: 515961
[    0.112084] Policy zone: DMA32
[    0.112085] Kernel command line: BOOT_IMAGE=/boot/vmlinuz-5.4.243-mptcp root=UUID=98415a12-53b7-4144-8265-0f7ece09e445 ro quiet splash
[    0.112953] Dentry cache hash table entries: 262144 (order: 9, 2097152 bytes, linear)
[    0.113100] Inode-cache hash table entries: 131072 (order: 8, 1048576 bytes, linear)
[    0.113151] mem auto-init: stack:off, heap alloc:on, heap free:off
[    0.113153] Calgary: detecting Calgary via BIOS EBDA area
[    0.113154] Calgary: Unable to locate Rio Grande table in EBDA - bailing!
[    0.117284] Memory: 1967332K/2096696K available (14339K kernel code, 2398K rwdata, 4712K rodata, 2728K init, 17260K bss, 129364K reserved, 0K cma-reserved)
[    0.118228] SLUB: HWalign=64, Order=0-3, MinObjects=0, CPUs=1, Nodes=1
[    0.118245] ftrace: allocating 43186 entries in 169 pages
[    0.136595] rcu: Hierarchical RCU implementation.
[    0.136596] rcu: 	RCU restricting CPUs from NR_CPUS=8192 to nr_cpu_ids=1.
[    0.136598] 	Tasks RCU enabled.
[    0.136599] rcu: RCU calculated value of scheduler-enlistment delay is 25 jiffies.
[    0.136600] rcu: Adjusting geometry for rcu_fanout_leaf=16, nr_cpu_ids=1
[    0.139599] NR_IRQS: 524544, nr_irqs: 256, preallocated irqs: 16
[    0.139817] random: crng init done
[    0.149276] Console: colour VGA+ 80x25
[    0.149281] printk: console [tty0] enabled
[    0.149302] ACPI: Core revision 20190816
[    0.149401] APIC: Switch to symmetric I/O mode setup
[    0.149652] x2apic enabled
[    0.149889] Switched APIC routing to physical x2apic.
[    0.151035] ..TIMER: vector=0x30 apic1=0 pin1=2 apic2=-1 pin2=-1
[    0.151059] clocksource: tsc-early: mask: 0xffffffffffffffff max_cycles: 0x1e4530a99b6, max_idle_ns: 440795257976 ns
[    0.151065] Calibrating delay loop (skipped) preset value.. 4200.00 BogoMIPS (lpj=8400000)
[    0.151067] pid_max: default: 32768 minimum: 301
[    0.151096] LSM: Security Framework initializing
[    0.151105] Yama: becoming mindful.
[    0.151132] AppArmor: AppArmor initialized
[    0.151165] Mount-cache hash table entries: 4096 (order: 3, 32768 bytes, linear)
[    0.151170] Mountpoint-cache hash table entries: 4096 (order: 3, 32768 bytes, linear)
[    0.151181] *** VALIDATE tmpfs ***
[    0.151311] *** VALIDATE proc ***
[    0.151353] *** VALIDATE cgroup1 ***
[    0.151354] *** VALIDATE cgroup2 ***
[    0.151495] process: using mwait in idle threads
[    0.151500] Last level iTLB entries: 4KB 64, 2MB 8, 4MB 8
[    0.151501] Last level dTLB entries: 4KB 64, 2MB 0, 4MB 0, 1GB 4
[    0.151521] Spectre V1 : Mitigation: usercopy/swapgs barriers and __user pointer sanitization
[    0.151527] Spectre V2 : Mitigation: Retpolines
[    0.151527] Spectre V2 : Spectre v2 / SpectreRSB mitigation: Filling RSB on context switch
[    0.151528] Spectre V2 : Spectre v2 / SpectreRSB : Filling RSB on VMEXIT
[    0.151528] RETBleed: WARNING: Spectre v2 mitigation leaves CPU vulnerable to RETBleed attacks, data leaks possible!
[    0.151880] RETBleed: Vulnerable
[    0.151881] Speculative Store Bypass: Vulnerable
[    0.151886] TAA: Mitigation: TSX disabled
[    0.151887] MMIO Stale Data: Mitigation: Clear CPU buffers
[    0.156172] Freeing SMP alternatives memory: 40K
[    0.268706] smpboot: CPU0: Intel(R) Xeon(R) Silver 4216 CPU @ 2.10GHz (family: 0x6, model: 0x55, stepping: 0x7)
[    0.268893] Performance Events: unsupported p6 CPU model 85 no PMU driver, software events only.
[    0.268940] rcu: Hierarchical SRCU implementation.
[    0.269508] NMI watchdog: Perf NMI watchdog permanently disabled
[    0.269553] smp: Bringing up secondary CPUs ...
[    0.269554] smp: Brought up 1 node, 1 CPU
[    0.269555] smpboot: Max logical packages: 1
[    0.269557] smpboot: Total of 1 processors activated (4200.00 BogoMIPS)
[    0.270643] devtmpfs: initialized
[    0.270700] x86/mm: Memory block size: 128MB
[    0.271061] clocksource: jiffies: mask: 0xffffffff max_cycles: 0xffffffff, max_idle_ns: 7645041785100000 ns
[    0.271061] futex hash table entries: 256 (order: 2, 16384 bytes, linear)
[    0.271061] pinctrl core: initialized pinctrl subsystem
[    0.271061] PM: RTC time: 17:46:02, date: 2026-01-13
[    0.271061] NET: Registered protocol family 16
[    0.271061] audit: initializing netlink subsys (disabled)
[    0.271061] EISA bus registered
[    0.271061] cpuidle: using governor ladder
[    0.271061] cpuidle: using governor menu
[    0.271061] ACPI: bus type PCI registered
[    0.271061] acpiphp: ACPI Hot Plug PCI Controller Driver version: 0.5
[    0.271061] PCI: Using configuration type 1 for base access
[    0.272091] audit: type=2000 audit(1768297569.079:1): state=initialized audit_enabled=0 res=1
[    0.272174] HugeTLB registered 2.00 MiB page size, pre-allocated 0 pages
[    0.273039] ACPI: Added _OSI(Module Device)
[    0.273039] ACPI: Added _OSI(Processor Device)
[    0.273040] ACPI: Added _OSI(3.0 _SCP Extensions)
[    0.273041] ACPI: Added _OSI(Processor Aggregator Device)
[    0.273042] ACPI: Added _OSI(Linux-Dell-Video)
[    0.273042] ACPI: Added _OSI(Linux-Lenovo-NV-HDMI-Audio)
[    0.273043] ACPI: Added _OSI(Linux-HPI-Hybrid-Graphics)
[    0.275006] ACPI: 2 ACPI AML tables successfully acquired and loaded
[    0.276511] ACPI: Interpreter enabled
[    0.276521] ACPI: (supports S0 S5)
[    0.276522] ACPI: Using IOAPIC for interrupt routing
[    0.276729] PCI: Using host bridge windows from ACPI; if necessary, use "pci=nocrs" and report a bug
[    0.276836] ACPI: Enabled 2 GPEs in block 00 to 07
[    0.281833] ACPI: PCI Root Bridge [PCI0] (domain 0000 [bus 00-ff])
[    0.281838] acpi PNP0A03:00: _OSC: OS supports [ASPM ClockPM Segments MSI HPX-Type3]
[    0.282281] acpi PNP0A03:00: _OSC: not requesting OS control; OS requires [ExtendedConfig ASPM ClockPM MSI]
[    0.282289] acpi PNP0A03:00: fail to add MMCONFIG information, can't access extended PCI configuration space under this bridge.
[    0.282671] PCI host bridge to bus 0000:00
[    0.282673] pci_bus 0000:00: root bus resource [io  0x0000-0x0cf7 window]
[    0.282674] pci_bus 0000:00: root bus resource [io  0x0d00-0xffff window]
[    0.282675] pci_bus 0000:00: root bus resource [mem 0x000a0000-0x000bffff window]
[    0.282676] pci_bus 0000:00: root bus resource [mem 0x80000000-0xfdffffff window]
[    0.282678] pci_bus 0000:00: root bus resource [bus 00-ff]
[    0.282717] pci 0000:00:00.0: [8086:1237] type 00 class 0x060000
[    0.283716] pci 0000:00:01.0: [8086:7000] type 00 class 0x060100
[    0.284502] pci 0000:00:01.1: [8086:7111] type 00 class 0x01018a
[    0.284882] pci 0000:00:01.1: reg 0x20: [io  0xd000-0xd00f]
[    0.285038] pci 0000:00:01.1: legacy IDE quirk: reg 0x10: [io  0x01f0-0x01f7]
[    0.285039] pci 0000:00:01.1: legacy IDE quirk: reg 0x14: [io  0x03f6]
[    0.285040] pci 0000:00:01.1: legacy IDE quirk: reg 0x18: [io  0x0170-0x0177]
[    0.285041] pci 0000:00:01.1: legacy IDE quirk: reg 0x1c: [io  0x0376]
[    0.285585] pci 0000:00:02.0: [15ad:0405] type 00 class 0x030000
[    0.287139] pci 0000:00:02.0: reg 0x10: [io  0xd010-0xd01f]
[    0.291107] pci 0000:00:02.0: reg 0x14: [mem 0xe0000000-0xe7ffffff pref]
[    0.293892] pci 0000:00:02.0: reg 0x18: [mem 0xf0000000-0xf01fffff]
[    0.303865] pci 0000:00:03.0: [1022:2000] type 00 class 0x020000
[    0.304551] pci 0000:00:03.0: reg 0x10: [io  0xd020-0xd03f]
[    0.305155] pci 0000:00:03.0: reg 0x14: [mem 0xf0200000-0xf0200fff]
[    0.311130] pci 0000:00:04.0: [80ee:cafe] type 00 class 0x088000
[    0.311800] pci 0000:00:04.0: reg 0x10: [io  0xd040-0xd05f]
[    0.312436] pci 0000:00:04.0: reg 0x14: [mem 0xf0400000-0xf07fffff]
[    0.313043] pci 0000:00:04.0: reg 0x18: [mem 0xf0800000-0xf0803fff pref]
[    0.317556] pci 0000:00:07.0: [8086:7113] type 00 class 0x068000
[    0.318106] pci 0000:00:07.0: quirk: [io  0x4000-0x403f] claimed by PIIX4 ACPI
[    0.318120] pci 0000:00:07.0: quirk: [io  0x4100-0x410f] claimed by PIIX4 SMB
[    0.318729] pci 0000:00:08.0: [8086:100e] type 00 class 0x020000
[    0.319178] pci 0000:00:08.0: reg 0x10: [mem 0xf0820000-0xf083ffff]
[    0.320329] pci 0000:00:08.0: reg 0x18: [io  0xd060-0xd067]
[    0.324078] pci 0000:00:09.0: [8086:100e] type 00 class 0x020000
[    0.324772] pci 0000:00:09.0: reg 0x10: [mem 0xf0840000-0xf085ffff]
[    0.325928] pci 0000:00:09.0: reg 0x18: [io  0xd068-0xd06f]
[    0.336029] ACPI: PCI Interrupt Link [LNKA] (IRQs 5 9 10 *11)
[    0.336314] ACPI: PCI Interrupt Link [LNKB] (IRQs 5 9 *10 11)
[    0.336414] ACPI: PCI Interrupt Link [LNKC] (IRQs 5 *9 10 11)
[    0.336519] ACPI: PCI Interrupt Link [LNKD] (IRQs 5 9 10 *11)
[    0.336782] iommu: Default domain type: Translated 
[    0.336843] pci 0000:00:02.0: vgaarb: setting as boot VGA device
[    0.336845] pci 0000:00:02.0: vgaarb: VGA device added: decodes=io+mem,owns=io+mem,locks=none
[    0.336847] pci 0000:00:02.0: vgaarb: bridge control possible
[    0.336848] vgaarb: loaded
[    0.337058] SCSI subsystem initialized
[    0.337089] libata version 3.00 loaded.
[    0.337113] ACPI: bus type USB registered
[    0.337129] usbcore: registered new interface driver usbfs
[    0.337135] usbcore: registered new interface driver hub
[    0.337141] usbcore: registered new device driver usb
[    0.337169] pps_core: LinuxPPS API ver. 1 registered
[    0.337170] pps_core: Software ver. 5.3.6 - Copyright 2005-2007 Rodolfo Giometti <giometti@linux.it>
[    0.337172] PTP clock support registered
[    0.337207] EDAC MC: Ver: 3.0.0
[    0.337493] PCI: Using ACPI for IRQ routing
[    0.337495] PCI: pci_cache_line_size set to 64 bytes
[    0.337665] e820: reserve RAM buffer [mem 0x0009fc00-0x0009ffff]
[    0.337668] e820: reserve RAM buffer [mem 0x7fff0000-0x7fffffff]
[    0.339077] NetLabel: Initializing
[    0.339078] NetLabel:  domain hash size = 128
[    0.339078] NetLabel:  protocols = UNLABELED CIPSOv4 CALIPSO
[    0.339098] NetLabel:  unlabeled traffic allowed by default
[    0.340021] clocksource: Switched to clocksource kvm-clock
[    0.353694] *** VALIDATE bpf ***
[    0.353755] VFS: Disk quotas dquot_6.6.0
[    0.353768] VFS: Dquot-cache hash table entries: 512 (order 0, 4096 bytes)
[    0.353789] *** VALIDATE ramfs ***
[    0.353792] *** VALIDATE hugetlbfs ***
[    0.353876] AppArmor: AppArmor Filesystem Enabled
[    0.353900] pnp: PnP ACPI init
[    0.353963] pnp 00:00: Plug and Play ACPI device, IDs PNP0303 (active)
[    0.354029] pnp 00:01: Plug and Play ACPI device, IDs PNP0f03 (active)
[    0.354787] pnp: PnP ACPI: found 2 devices
[    0.355786] thermal_sys: Registered thermal governor 'fair_share'
[    0.355787] thermal_sys: Registered thermal governor 'bang_bang'
[    0.355788] thermal_sys: Registered thermal governor 'step_wise'
[    0.355788] thermal_sys: Registered thermal governor 'user_space'
[    0.355789] thermal_sys: Registered thermal governor 'power_allocator'
[    0.360321] clocksource: acpi_pm: mask: 0xffffff max_cycles: 0xffffff, max_idle_ns: 2085701024 ns
[    0.360362] pci_bus 0000:00: resource 4 [io  0x0000-0x0cf7 window]
[    0.360363] pci_bus 0000:00: resource 5 [io  0x0d00-0xffff window]
[    0.360364] pci_bus 0000:00: resource 6 [mem 0x000a0000-0x000bffff window]
[    0.360365] pci_bus 0000:00: resource 7 [mem 0x80000000-0xfdffffff window]
[    0.360423] NET: Registered protocol family 2
[    0.360499] IP idents hash table entries: 32768 (order: 6, 262144 bytes, linear)
[    0.360898] MPTCP tokens hash table entries: 8192 (order: 4, 65536 bytes, linear)
[    0.360918] MPTCP request tokens hash table entries: 8192 (order: 4, 65536 bytes, linear)
[    0.360944] default registered
[    0.360944] default registered
[    0.360944] MPTCP: Stable release v0.96
[    0.360949] tcp_listen_portaddr_hash hash table entries: 1024 (order: 2, 16384 bytes, linear)
[    0.361029] TCP established hash table entries: 16384 (order: 5, 131072 bytes, linear)
[    0.361095] TCP bind hash table entries: 16384 (order: 6, 262144 bytes, linear)
[    0.361121] TCP: Hash tables configured (established 16384 bind 16384)
[    0.361842] UDP hash table entries: 1024 (order: 3, 32768 bytes, linear)
[    0.361854] UDP-Lite hash table entries: 1024 (order: 3, 32768 bytes, linear)
[    0.361889] NET: Registered protocol family 1
[    0.361897] NET: Registered protocol family 44
[    0.361916] pci 0000:00:00.0: Limiting direct PCI/PCI transfers
[    0.361928] pci 0000:00:01.0: Activating ISA DMA hang workarounds
[    0.361984] pci 0000:00:02.0: Video device with shadowed ROM at [mem 0x000c0000-0x000dffff]
[    0.362048] PCI: CLS 0 bytes, default 64
[    0.362092] Trying to unpack rootfs image as initramfs...
[    0.531290] Freeing initrd memory: 47868K
[    0.531290] clocksource: tsc: mask: 0xffffffffffffffff max_cycles: 0x1e4530a99b6, max_idle_ns: 440795257976 ns
[    0.531290] clocksource: Switched to clocksource tsc
[    0.531290] platform rtc_cmos: registered platform RTC device (no PNP device found)
[    0.531290] check: Scanning for low memory corruption every 60 seconds
[    0.531290] Initialise system trusted keyrings
[    0.531290] Key type blacklist registered
[    0.531290] workingset: timestamp_bits=36 max_order=19 bucket_order=0
[    0.531290] zbud: loaded
[    0.531290] squashfs: version 4.0 (2009/01/31) Phillip Lougher
[    0.531290] fuse: init (API version 7.31)
[    0.531290] *** VALIDATE fuse ***
[    0.531290] *** VALIDATE fuse ***
[    0.531290] Platform Keyring initialized
[    0.544064] Key type asymmetric registered
[    0.544066] Asymmetric key parser 'x509' registered
[    0.544077] Block layer SCSI generic (bsg) driver version 0.4 loaded (major 244)
[    0.544119] io scheduler mq-deadline registered
[    0.544247] shpchp: Standard Hot Plug PCI Controller Driver version: 0.4
[    0.544492] ACPI: AC Adapter [AC] (on-line)
[    0.544539] input: Power Button as /devices/LNXSYSTM:00/LNXPWRBN:00/input/input0
[    0.544569] ACPI: Power Button [PWRF]
[    0.544645] input: Sleep Button as /devices/LNXSYSTM:00/LNXSLPBN:00/input/input1
[    0.544661] ACPI: Sleep Button [SLPF]
[    0.544891] Serial: 8250/16550 driver, 32 ports, IRQ sharing enabled
[    0.546049] Linux agpgart interface v0.103
[    0.639320] loop: module loaded
[    0.639477] ata_piix 0000:00:01.1: version 2.13
[    0.639890] scsi host0: ata_piix
[    0.639980] scsi host1: ata_piix
[    0.640006] ata1: PATA max UDMA/33 cmd 0x1f0 ctl 0x3f6 bmdma 0xd000 irq 14
[    0.640007] ata2: PATA max UDMA/33 cmd 0x170 ctl 0x376 bmdma 0xd008 irq 15
[    0.640090] tun: Universal TUN/TAP device driver, 1.6
[    0.640391] PPP generic driver version 2.4.2
[    0.640434] VFIO - User Level meta-driver version: 0.3
[    0.640668] ehci_hcd: USB 2.0 'Enhanced' Host Controller (EHCI) Driver
[    0.640673] ehci-pci: EHCI PCI platform driver
[    0.640688] ehci-platform: EHCI generic platform driver
[    0.640694] ohci_hcd: USB 1.1 'Open' Host Controller (OHCI) Driver
[    0.640696] ohci-pci: OHCI PCI platform driver
[    0.640703] ohci-platform: OHCI generic platform driver
[    0.640707] uhci_hcd: USB Universal Host Controller Interface driver
[    0.640774] i8042: PNP: PS/2 Controller [PNP0303:PS2K,PNP0f03:PS2M] at 0x60,0x64 irq 1,12
[    0.641208] serio: i8042 KBD port at 0x60,0x64 irq 1
[    0.641212] serio: i8042 AUX port at 0x60,0x64 irq 12
[    0.641299] mousedev: PS/2 mouse device common for all mice
[    0.641554] input: AT Translated Set 2 keyboard as /devices/platform/i8042/serio0/input/input2
[    0.641953] rtc_cmos rtc_cmos: registered as rtc0
[    0.641967] rtc_cmos rtc_cmos: alarms up to one day, 114 bytes nvram
[    0.641972] i2c /dev entries driver
[    0.642015] device-mapper: uevent: version 1.0.3
[    0.642059] device-mapper: ioctl: 4.41.0-ioctl (2019-09-16) initialised: dm-devel@redhat.com
[    0.642075] platform eisa.0: Probing EISA bus 0
[    0.642076] platform eisa.0: EISA: Cannot allocate resource for mainboard
[    0.642077] platform eisa.0: Cannot allocate resource for EISA slot 1
[    0.642079] platform eisa.0: Cannot allocate resource for EISA slot 2
[    0.642079] platform eisa.0: Cannot allocate resource for EISA slot 3
[    0.642080] platform eisa.0: Cannot allocate resource for EISA slot 4
[    0.642081] platform eisa.0: Cannot allocate resource for EISA slot 5
[    0.642082] platform eisa.0: Cannot allocate resource for EISA slot 6
[    0.642083] platform eisa.0: Cannot allocate resource for EISA slot 7
[    0.642084] platform eisa.0: Cannot allocate resource for EISA slot 8
[    0.642085] platform eisa.0: EISA: Detected 0 cards
[    0.642088] intel_pstate: CPU model not supported
[    0.642097] ledtrig-cpu: registered to indicate activity on CPUs
[    0.642152] drop_monitor: Initializing network drop monitor service
[    0.642311] NET: Registered protocol family 10
[    0.647414] Segment Routing with IPv6
[    0.647414] fullmesh registered
[    0.647414] ndiffports registered
[    0.647414] binder registered
[    0.647414] roundrobin registered
[    0.647414] redundant registered
[    0.647414] blest registered
[    0.647414] ecf registered
[    0.647414] NET: Registered protocol family 17
[    0.647414] Key type dns_resolver registered
[    0.647414] RAS: Correctable Errors collector initialized.
[    0.647414] IPI shorthand broadcast: enabled
[    0.647414] sched_clock: Marking stable (632159303, 11254883)->(644849038, -1434852)
[    0.647794] registered taskstats version 1
[    0.647804] Loading compiled-in X.509 certificates
[    0.648393] Loaded X.509 cert 'Build time autogenerated kernel key: 6909f3744cebb3d0de528d5887b96a727de79b1e'
[    0.648413] zswap: loaded using pool lzo/zbud
[    0.648468] Key type ._fscrypt registered
[    0.648469] Key type .fscrypt registered
[    0.652975] Key type big_key registered
[    0.655171] Key type encrypted registered
[    0.655173] AppArmor: AppArmor sha1 policy hashing enabled
[    0.655181] ima: No TPM chip found, activating TPM-bypass!
[    0.655186] ima: Allocated hash algorithm: sha1
[    0.655191] ima: No architecture policies found
[    0.655200] evm: Initialising EVM extended attributes:
[    0.655200] evm: security.selinux
[    0.655201] evm: security.SMACK64
[    0.655201] evm: security.SMACK64EXEC
[    0.655202] evm: security.SMACK64TRANSMUTE
[    0.655202] evm: security.SMACK64MMAP
[    0.655202] evm: security.apparmor
[    0.655203] evm: security.ima
[    0.655204] evm: security.capability
[    0.655204] evm: HMAC attrs: 0x1
[    0.655501] PM:   Magic number: 10:983:794
[    0.655627] rtc_cmos rtc_cmos: setting system clock to 2026-01-13T17:46:03 UTC (1768326363)
[    0.811514] ata1.00: ATA-6: VBOX HARDDISK, 1.0, max UDMA/133
[    0.811516] ata1.00: 209715200 sectors, multi 128: LBA 
[    0.812004] scsi 0:0:0:0: Direct-Access     ATA      VBOX HARDDISK    1.0  PQ: 0 ANSI: 5
[    0.812213] sd 0:0:0:0: [sda] 209715200 512-byte logical blocks: (107 GB/100 GiB)
[    0.812221] sd 0:0:0:0: [sda] Write Protect is off
[    0.812223] sd 0:0:0:0: [sda] Mode Sense: 00 3a 00 00
[    0.812236] sd 0:0:0:0: [sda] Write cache: enabled, read cache: enabled, doesn't support DPO or FUA
[    0.812462] sd 0:0:0:0: Attached scsi generic sg0 type 0
[    0.813290]  sda: sda1 sda2
[    0.823439] sd 0:0:0:0: [sda] Attached SCSI disk
[    0.825506] Freeing unused decrypted memory: 2040K
[    0.826243] Freeing unused kernel image memory: 2728K
[    0.826245] Write protecting the kernel read-only data: 22528k
[    0.826961] Freeing unused kernel image memory: 2036K
[    0.827424] Freeing unused kernel image memory: 1432K
[    0.842736] x86/mm: Checked W+X mappings: passed, no W+X pages found.
[    0.842741] Run /init as init process
[    0.946419] ACPI: Video Device [GFX0] (multi-head: yes  rom: no  post: no)
[    0.946493] input: Video Bus as /devices/LNXSYSTM:00/LNXSYBUS:00/PNP0A03:00/LNXVIDEO:00/input/input4
[    0.959358] pcnet32: pcnet32.c:v1.35 21.Apr.2008 tsbogend@alpha.franken.de
[    0.960101] pcnet32: PCnet/FAST III 79C973 at 0xd020, 08:00:27:e2:ae:cc assigned IRQ 19
[    0.960144] pcnet32: Found PHY 0022:561b at address 0
[    0.960447] pcnet32: eth0: registered as PCnet/FAST III 79C973
[    0.960841] pcnet32: 1 cards_found
[    0.962417] piix4_smbus 0000:00:07.0: SMBus Host Controller at 0x4100, revision 0
[    0.966156] e1000: Intel(R) PRO/1000 Network Driver - version 7.3.21-k8-NAPI
[    0.966157] e1000: Copyright (c) 1999-2006 Intel Corporation.
[    1.031196] pcnet32 0000:00:03.0 enp0s3: renamed from eth0
[    1.177850] input: ImExPS/2 Generic Explorer Mouse as /devices/platform/i8042/serio1/input/input5
[    1.375568] e1000 0000:00:08.0 eth0: (PCI:33MHz:32-bit) 08:00:27:d3:0b:a6
[    1.375573] e1000 0000:00:08.0 eth0: Intel(R) PRO/1000 Network Connection
[    1.747595] e1000 0000:00:09.0 eth1: (PCI:33MHz:32-bit) 08:00:27:13:fb:41
[    1.747598] e1000 0000:00:09.0 eth1: Intel(R) PRO/1000 Network Connection
[    1.748769] e1000 0000:00:09.0 enp0s9: renamed from eth1
[    1.750530] e1000 0000:00:08.0 enp0s8: renamed from eth0
[    1.892856] EXT4-fs (sda2): mounted filesystem with ordered data mode. Opts: (null)
[    1.978396] systemd[1]: Inserted module 'autofs4'
[    1.988326] systemd[1]: systemd 245.4-4ubuntu3 running in system mode. (+PAM +AUDIT +SELINUX +IMA +APPARMOR +SMACK +SYSVINIT +UTMP +LIBCRYPTSETUP +GCRYPT +GNUTLS +ACL +XZ +LZ4 +SECCOMP +BLKID +ELFUTILS +KMOD +IDN2 -IDN +PCRE2 default-hierarchy=hybrid)
[    1.988356] systemd[1]: Detected virtualization oracle.
[    1.988359] systemd[1]: Detected architecture x86-64.
[    1.989647] systemd[1]: Set hostname to <ztg>.
[    2.112229] systemd[1]: /lib/systemd/system/dbus.socket:5: ListenStream= references a path below legacy directory /var/run/, updating /var/run/dbus/system_bus_socket â†’ /run/dbus/system_bus_socket; please update the unit file accordingly.
[    2.163482] systemd[1]: Created slice system-modprobe.slice.
[    2.163699] systemd[1]: Created slice User and Session Slice.
[    2.163748] systemd[1]: Started Forward Password Requests to Wall Directory Watch.
[    2.163922] systemd[1]: Set up automount Arbitrary Executable File Formats File System Automount Point.
[    2.163969] systemd[1]: Reached target User and Group Name Lookups.
[    2.163977] systemd[1]: Reached target Remote File Systems.
[    2.163986] systemd[1]: Reached target Slices.
[    2.164885] systemd[1]: Listening on Syslog Socket.
[    2.164950] systemd[1]: Listening on fsck to fsckd communication Socket.
[    2.165004] systemd[1]: Listening on initctl Compatibility Named Pipe.
[    2.165151] systemd[1]: Listening on Journal Audit Socket.
[    2.165215] systemd[1]: Listening on Journal Socket (/dev/log).
[    2.165291] systemd[1]: Listening on Journal Socket.
[    2.165368] systemd[1]: Listening on udev Control Socket.
[    2.165411] systemd[1]: Listening on udev Kernel Socket.
[    2.166194] systemd[1]: Mounting Huge Pages File System...
[    2.167207] systemd[1]: Mounting POSIX Message Queue File System...
[    2.168081] systemd[1]: Mounting Kernel Debug File System...
[    2.168872] systemd[1]: Mounting Kernel Trace File System...
[    2.170789] systemd[1]: Starting Journal Service...
[    2.192997] systemd[1]: Starting Set the console keyboard layout...
[    2.200759] systemd[1]: Starting Create list of static device nodes for the current kernel...
[    2.202505] systemd[1]: Starting Load Kernel Module drm...
[    2.203543] systemd[1]: Condition check resulted in Set Up Additional Binary Formats being skipped.
[    2.203617] systemd[1]: Condition check resulted in File System Check on Root Device being skipped.
[    2.214103] systemd[1]: Starting Load Kernel Modules...
[    2.222132] systemd[1]: Starting Remount Root and Kernel File Systems...
[    2.238633] systemd[1]: Starting udev Coldplug all Devices...
[    2.239691] systemd[1]: Starting Uncomplicated firewall...
[    2.241251] systemd[1]: Mounted Huge Pages File System.
[    2.241347] systemd[1]: Mounted POSIX Message Queue File System.
[    2.241423] systemd[1]: Mounted Kernel Debug File System.
[    2.241490] systemd[1]: Mounted Kernel Trace File System.
[    2.251598] EXT4-fs (sda2): re-mounted. Opts: errors=remount-ro
[    2.271401] systemd[1]: Finished Create list of static device nodes for the current kernel.
[    2.272398] systemd[1]: modprobe@drm.service: Succeeded.
[    2.287182] systemd[1]: Finished Load Kernel Module drm.
[    2.288179] systemd[1]: Finished Remount Root and Kernel File Systems.
[    2.288971] systemd[1]: Finished Uncomplicated firewall.
[    2.305078] lp: driver loaded but no devices found
[    2.306468] systemd[1]: Condition check resulted in Rebuild Hardware Database being skipped.
[    2.306508] systemd[1]: Condition check resulted in Platform Persistent Storage Archival being skipped.
[    2.307181] systemd[1]: Starting Load/Save Random Seed...
[    2.311818] ppdev: user-space parallel port driver
[    2.324241] systemd[1]: Starting Create System Users...
[    2.333336] systemd[1]: Finished Load/Save Random Seed.
[    2.339924] systemd[1]: Finished Create System Users.
[    2.340649] systemd[1]: Starting Create Static Device Nodes in /dev...
[    2.372433] systemd[1]: Finished Create Static Device Nodes in /dev.
[    2.373228] systemd[1]: Starting udev Kernel Device Manager...
[    2.383405] systemd[1]: Finished udev Coldplug all Devices.
[    2.417343] [drm] DMA map mode: Caching DMA mappings.
[    2.417414] [drm] Capabilities:
[    2.417415] [drm]   Rect copy.
[    2.417415] [drm]   Cursor.
[    2.417416] [drm]   Cursor bypass.
[    2.417416] [drm]   Cursor bypass 2.
[    2.417416] [drm]   Alpha cursor.
[    2.417417] [drm]   Extended Fifo.
[    2.417417] [drm]   Pitchlock.
[    2.417417] [drm]   Irq mask.
[    2.417418] [drm]   GMR.
[    2.417418] [drm]   Traces.
[    2.417418] [drm]   GMR2.
[    2.417419] [drm]   Screen Object 2.
[    2.417419] [drm]   Command Buffers.
[    2.417419] [drm]   Command Buffers 2.
[    2.417420] [drm]   Guest Backed Resources.
[    2.417421] [drm] Max GMR ids is 8192
[    2.417422] [drm] Max number of GMR pages is 1048576
[    2.417422] [drm] Max dedicated hypervisor surface memory is 393216 kiB
[    2.417423] [drm] Maximum display memory size is 131072 kiB
[    2.417423] [drm] VRAM at 0xe0000000 size is 131072 kiB
[    2.417424] [drm] MMIO at 0xf0000000 size is 2048 kiB
[    2.417560] [TTM] Zone  kernel: Available graphics memory: 1011738 KiB
[    2.417561] [TTM] Initializing pool allocator
[    2.417564] [TTM] Initializing DMA pool allocator
[    2.417592] [drm] Supports vblank timestamp caching Rev 2 (21.10.2013).
[    2.417592] [drm] No driver support for vblank timestamp query.
[    2.417819] [drm] Screen Target Display device initialized
[    2.418039] [drm] width 720
[    2.418051] [drm] height 400
[    2.418054] [drm] bpp 32
[    2.418598] [drm] Fifo max 0x00200000 min 0x00001000 cap 0x00000355
[    2.419747] [drm] Using command buffers with DMA pool.
[    2.419751] [drm] DX: no.
[    2.419752] [drm] Atomic: yes.
[    2.419752] [drm] SM4_1: no.
[    2.419774] [drm:vmw_host_log [vmwgfx]] *ERROR* Failed to send host log message.
[    2.421191] [drm:vmw_host_log [vmwgfx]] *ERROR* Failed to send host log message.
[    2.432352] fbcon: svgadrmfb (fb0) is primary device
[    2.434467] Console: switching to colour frame buffer device 100x37
[    2.441360] [drm] Initialized vmwgfx 2.15.0 20180704 for 0000:00:02.0 on minor 0
[    2.442700] systemd[1]: Finished Load Kernel Modules.
[    2.443847] systemd[1]: Mounting FUSE Control File System...
[    2.445027] systemd[1]: Mounting Kernel Configuration File System...
[    2.450877] systemd[1]: Starting Apply Kernel Variables...
[    2.490825] systemd[1]: Mounted FUSE Control File System.
[    2.490904] systemd[1]: Condition check resulted in VMware vmblock fuse mount being skipped.
[    2.493358] systemd[1]: Mounted Kernel Configuration File System.
[    2.495988] systemd[1]: Finished Set the console keyboard layout.
[    2.496087] systemd[1]: Reached target Local File Systems (Pre).
[    2.500261] systemd[1]: Mounting Mount unit for bare, revision 5...
[    2.503966] systemd[1]: Mounting Mount unit for core18, revision 1705...
[    2.514868] systemd[1]: Mounting Mount unit for gnome-3-34-1804, revision 24...
[    2.550308] systemd[1]: Mounting Mount unit for gtk-common-themes, revision 1506...
[    2.553029] systemd[1]: Mounting Mount unit for gtk-common-themes, revision 1535...
[    2.557884] systemd[1]: Mounting Mount unit for snap-store, revision 433...
[    2.566401] systemd[1]: Mounting Mount unit for snapd, revision 25935...
[    2.569935] systemd[1]: Finished Apply Kernel Variables.
[    2.604307] systemd[1]: Mounted Mount unit for bare, revision 5.
[    2.604448] systemd[1]: Mounted Mount unit for core18, revision 1705.
[    2.604553] systemd[1]: Mounted Mount unit for gnome-3-34-1804, revision 24.
[    2.622412] systemd[1]: Started udev Kernel Device Manager.
[    2.623174] systemd[1]: Starting Show Plymouth Boot Screen...
[    2.626278] systemd[1]: Mounted Mount unit for gtk-common-themes, revision 1506.
[    2.648374] systemd[1]: Received SIGRTMIN+20 from PID 276 (plymouthd).
[    2.656062] systemd[1]: Mounted Mount unit for gtk-common-themes, revision 1535.
[    2.673701] systemd[1]: Mounted Mount unit for snap-store, revision 433.
[    2.673921] systemd[1]: Mounted Mount unit for snapd, revision 25935.
[    2.674101] systemd[1]: Started Show Plymouth Boot Screen.
[    2.674277] systemd[1]: Condition check resulted in Dispatch Password Requests to Console Directory Watch being skipped.
[    2.674366] systemd[1]: Started Forward Password Requests to Plymouth Directory Watch.
[    2.674442] systemd[1]: Reached target Local Encrypted Volumes.
[    2.674498] systemd[1]: Reached target Local File Systems.
[    2.689262] systemd[1]: Starting Load AppArmor profiles...
[    2.694693] systemd[1]: Starting Set console font and keymap...
[    2.702150] systemd[1]: Starting Tell Plymouth To Write Out Runtime Data...
[    2.706029] systemd[1]: Condition check resulted in Store a System Token in an EFI Variable being skipped.
[    2.706057] systemd[1]: Condition check resulted in Commit a transient machine-id on disk being skipped.
[    2.706952] systemd[1]: Finished Set console font and keymap.
[    2.716194] systemd[1]: Received SIGRTMIN+20 from PID 276 (plymouthd).
[    2.717220] systemd[1]: plymouth-read-write.service: Succeeded.
[    2.717449] systemd[1]: Finished Tell Plymouth To Write Out Runtime Data.
[    2.735807] audit: type=1400 audit(1768326365.576:2): apparmor="STATUS" operation="profile_load" profile="unconfined" name="nvidia_modprobe" pid=301 comm="apparmor_parser"
[    2.735809] audit: type=1400 audit(1768326365.576:3): apparmor="STATUS" operation="profile_load" profile="unconfined" name="nvidia_modprobe//kmod" pid=301 comm="apparmor_parser"
[    2.746588] audit: type=1400 audit(1768326365.584:4): apparmor="STATUS" operation="profile_load" profile="unconfined" name="/usr/sbin/tcpdump" pid=302 comm="apparmor_parser"
[    2.797276] audit: type=1400 audit(1768326365.632:5): apparmor="STATUS" operation="profile_load" profile="unconfined" name="/usr/bin/evince" pid=304 comm="apparmor_parser"
[    2.797279] audit: type=1400 audit(1768326365.632:6): apparmor="STATUS" operation="profile_load" profile="unconfined" name="/usr/bin/evince//sanitized_helper" pid=304 comm="apparmor_parser"
[    2.797280] audit: type=1400 audit(1768326365.632:7): apparmor="STATUS" operation="profile_load" profile="unconfined" name="/usr/bin/evince-previewer" pid=304 comm="apparmor_parser"
[    2.797282] audit: type=1400 audit(1768326365.632:8): apparmor="STATUS" operation="profile_load" profile="unconfined" name="/usr/bin/evince-previewer//sanitized_helper" pid=304 comm="apparmor_parser"
[    2.797285] audit: type=1400 audit(1768326365.632:9): apparmor="STATUS" operation="profile_load" profile="unconfined" name="/usr/bin/evince-thumbnailer" pid=304 comm="apparmor_parser"
[    2.813006] audit: type=1400 audit(1768326365.652:10): apparmor="STATUS" operation="profile_load" profile="unconfined" name="/usr/lib/cups/backend/cups-pdf" pid=305 comm="apparmor_parser"
[    2.880366] systemd[1]: Finished Load AppArmor profiles.
[    2.881439] systemd[1]: Starting Load AppArmor profiles managed internally by snapd...
[    3.000711] systemd[1]: Finished Load AppArmor profiles managed internally by snapd.
[    3.163319] systemd[1]: Started Journal Service.
[    3.171110] systemd-journald[229]: Received client request to flush runtime journal.
[    3.176072] systemd-journald[229]: File /var/log/journal/c455b248004a419c87ce85eea238d727/system.journal corrupted or uncleanly shut down, renaming and replacing.
[    4.460215] RAPL PMU: API unit is 2^-32 Joules, 0 fixed counters, 10737418240 ms ovfl timer
[    4.528593] cryptd: max_cpu_qlen set to 1000
[    4.585511] AVX2 version of gcm_enc/dec engaged.
[    4.585512] AES CTR mode by8 optimization enabled
[    6.430953] Adding 1998844k swap on /dev/sda1.  Priority:-2 extents:1 across:1998844k FS
[    7.710257] kauditd_printk_skb: 30 callbacks suppressed
[    7.710258] audit: type=1400 audit(1768326370.548:41): apparmor="DENIED" operation="capable" profile="/usr/sbin/cups-browsed" pid=508 comm="cups-browsed" capability=23  capname="sys_nice"
[    8.907475] pcnet32 0000:00:03.0 enp0s3: link up, 100Mbps, full-duplex
[    8.964707] e1000: enp0s8 NIC Link is Up 1000 Mbps Full Duplex, Flow Control: RX
[    8.964992] IPv6: ADDRCONF(NETDEV_CHANGE): enp0s8: link becomes ready
[    8.981992] e1000: enp0s9 NIC Link is Up 1000 Mbps Full Duplex, Flow Control: RX
[    8.982293] IPv6: ADDRCONF(NETDEV_CHANGE): enp0s9: link becomes ready
[    9.632842] device enp0s3 entered promiscuous mode
[    9.660413] audit: type=1400 audit(1768326372.504:42): apparmor="DENIED" operation="open" profile="/usr/sbin/tcpdump" name="/proc/sys/kernel/random/boot_id" pid=637 comm="tcpdump" requested_mask="r" denied_mask="r" fsuid=0 ouid=0
[    9.663820] audit: type=1400 audit(1768326372.504:43): apparmor="DENIED" operation="open" profile="/usr/sbin/tcpdump" name="/proc/sys/kernel/random/boot_id" pid=637 comm="tcpdump" requested_mask="r" denied_mask="r" fsuid=0 ouid=0
[    9.665032] audit: type=1400 audit(1768326372.504:44): apparmor="DENIED" operation="open" profile="/usr/sbin/tcpdump" name="/proc/sys/kernel/random/boot_id" pid=637 comm="tcpdump" requested_mask="r" denied_mask="r" fsuid=0 ouid=0
[    9.665094] audit: type=1400 audit(1768326372.504:45): apparmor="DENIED" operation="open" profile="/usr/sbin/tcpdump" name="/proc/sys/kernel/random/boot_id" pid=637 comm="tcpdump" requested_mask="r" denied_mask="r" fsuid=0 ouid=0
[    9.670946] audit: type=1400 audit(1768326372.504:46): apparmor="DENIED" operation="open" profile="/usr/sbin/tcpdump" name="/proc/sys/kernel/random/boot_id" pid=638 comm="tcpdump" requested_mask="r" denied_mask="r" fsuid=0 ouid=0
[    9.672408] audit: type=1400 audit(1768326372.516:47): apparmor="DENIED" operation="open" profile="/usr/sbin/tcpdump" name="/proc/sys/kernel/random/boot_id" pid=638 comm="tcpdump" requested_mask="r" denied_mask="r" fsuid=0 ouid=0
[    9.672504] audit: type=1400 audit(1768326372.516:48): apparmor="DENIED" operation="open" profile="/usr/sbin/tcpdump" name="/proc/sys/kernel/random/boot_id" pid=638 comm="tcpdump" requested_mask="r" denied_mask="r" fsuid=0 ouid=0
[    9.672558] audit: type=1400 audit(1768326372.516:49): apparmor="DENIED" operation="open" profile="/usr/sbin/tcpdump" name="/proc/sys/kernel/random/boot_id" pid=638 comm="tcpdump" requested_mask="r" denied_mask="r" fsuid=0 ouid=0
[   15.802713] rfkill: input handler disabled
[  218.603863] AAAAA-TCP_FORW: name:enp0s3: saddr:100932208: daddr:16783984
[  357.452020] AAAAA-TCP_FORW: name:enp0s3: saddr:16783984: daddr:100932208
[  357.583332] AAAAA-TCP_FORW: name:enp0s3: saddr:16783984: daddr:100932208
[  357.643766] AAAAA-TCP_FORW: name:enp0s3: saddr:16783984: daddr:100932208
[  357.739207] AAAAA-TCP_FORW: name:enp0s3: saddr:33561200: daddr:100932208
[  357.843409] AAAAA-TCP_FORW: name:enp0s3: saddr:33561200: daddr:100932208
[  357.937136] AAAAA-TCP_FORW: name:enp0s3: saddr:33561200: daddr:100932208
[  358.731929] AAAAA-TCP_FORW: name:enp0s3: saddr:33561200: daddr:100932208
[  358.913227] AAAAA-TCP_FORW: name:enp0s3: saddr:33561200: daddr:100932208
[  359.015591] AAAAA-TCP_FORW: name:enp0s3: saddr:33561200: daddr:100932208
[  359.317632] AAAAA-TCP_FORW: name:enp0s3: saddr:33561200: daddr:100932208
[  359.804535] AAAAA-TCP_FORW: name:enp0s3: saddr:33561200: daddr:100932208
[  359.922147] AAAAA-TCP_FORW: name:enp0s3: saddr:33561200: daddr:100932208
[  360.255868] AAAAA-TCP_FORW: name:enp0s3: saddr:33561200: daddr:100932208
[  375.661757] AAAAA-TCP_FORW: name:enp0s3: saddr:33561200: daddr:100932208
[  376.814612] AAAAA-TCP_FORW: name:enp0s3: saddr:33561200: daddr:100932208
[  378.795369] AAAAA-TCP_FORW: name:enp0s3: saddr:33561200: daddr:100932208
[  378.998892] AAAAA-TCP_FORW: name:enp0s3: saddr:33561200: daddr:100932208
[  379.122896] AAAAA-TCP_FORW: name:enp0s3: saddr:33561200: daddr:100932208
[  381.199075] AAAAA-TCP_FORW: name:enp0s3: saddr:16783984: daddr:100932208
[  381.463081] AAAAA-TCP_FORW: name:enp0s3: saddr:33561200: daddr:100932208
[  381.585724] AAAAA-TCP_FORW: name:enp0s3: saddr:16783984: daddr:100932208
[  580.952164] rfkill: input handler enabled
[  590.014123] rfkill: input handler disabled
[  792.846496] device enp0s3 left promiscuous mode
