[    0.000000] Linux version 5.4.243-mptcp (root@ztg) (gcc version 12.2.0 (Debian 12.2.0-14+deb12u1)) #53 SMP Wed Dec 24 23:28:15 CST 2025
[    0.000000] Command line: BOOT_IMAGE=/boot/vmlinuz-5.4.243-mptcp root=UUID=98415a12-53b7-4144-8265-0f7ece09e445 ro quiet splash
[    0.000000] KERNEL supported cpus:
[    0.000000]   Intel GenuineIntel
[    0.000000]   AMD AuthenticAMD
[    0.000000]   Hygon HygonGenuine
[    0.000000]   Centaur CentaurHauls
[    0.000000]   zhaoxin   Shanghai  
[    0.000000] x86/fpu: Supporting XSAVE feature 0x001: 'x87 floating point registers'
[    0.000000] x86/fpu: Supporting XSAVE feature 0x002: 'SSE registers'
[    0.000000] x86/fpu: Supporting XSAVE feature 0x004: 'AVX registers'
[    0.000000] x86/fpu: xstate_offset[2]:  576, xstate_sizes[2]:  256
[    0.000000] x86/fpu: Enabled xstate features 0x7, context size is 832 bytes, using 'standard' format.
[    0.000000] BIOS-provided physical RAM map:
[    0.000000] BIOS-e820: [mem 0x0000000000000000-0x000000000009fbff] usable
[    0.000000] BIOS-e820: [mem 0x000000000009fc00-0x000000000009ffff] reserved
[    0.000000] BIOS-e820: [mem 0x00000000000f0000-0x00000000000fffff] reserved
[    0.000000] BIOS-e820: [mem 0x0000000000100000-0x000000007ffeffff] usable
[    0.000000] BIOS-e820: [mem 0x000000007fff0000-0x000000007fffffff] ACPI data
[    0.000000] BIOS-e820: [mem 0x00000000fec00000-0x00000000fec00fff] reserved
[    0.000000] BIOS-e820: [mem 0x00000000fee00000-0x00000000fee00fff] reserved
[    0.000000] BIOS-e820: [mem 0x00000000fffc0000-0x00000000ffffffff] reserved
[    0.000000] NX (Execute Disable) protection: active
[    0.000000] SMBIOS 2.5 present.
[    0.000000] DMI: innotek GmbH VirtualBox/VirtualBox, BIOS VirtualBox 12/01/2006
[    0.000000] Hypervisor detected: KVM
[    0.000000] kvm-clock: Using msrs 4b564d01 and 4b564d00
[    0.000000] kvm-clock: cpu 0, msr 16c01001, primary cpu clock
[    0.000000] kvm-clock: using sched offset of 4423673629 cycles
[    0.000003] clocksource: kvm-clock: mask: 0xffffffffffffffff max_cycles: 0x1cd42e4dffb, max_idle_ns: 881590591483 ns
[    0.000005] tsc: Detected 2100.000 MHz processor
[    0.001888] e820: update [mem 0x00000000-0x00000fff] usable ==> reserved
[    0.001890] e820: remove [mem 0x000a0000-0x000fffff] usable
[    0.001894] last_pfn = 0x7fff0 max_arch_pfn = 0x400000000
[    0.001962] MTRR default type: uncachable
[    0.001963] MTRR fixed ranges enabled:
[    0.001964]   00000-9FFFF write-back
[    0.001965]   A0000-BFFFF uncachable
[    0.001966]   C0000-FFFFF write-protect
[    0.001966] MTRR variable ranges enabled:
[    0.001968]   0 base 000000000000 mask 3FFF80000000 write-back
[    0.001968]   1 disabled
[    0.001969]   2 disabled
[    0.001969]   3 disabled
[    0.001970]   4 disabled
[    0.001970]   5 disabled
[    0.001970]   6 disabled
[    0.001971]   7 disabled
[    0.001971]   8 disabled
[    0.001972]   9 disabled
[    0.001972]   10 disabled
[    0.001973]   11 disabled
[    0.001973]   12 disabled
[    0.001973]   13 disabled
[    0.001974]   14 disabled
[    0.001974]   15 disabled
[    0.001990] x86/PAT: Configuration [0-7]: WB  WC  UC- UC  WB  WP  UC- WT  
[    0.002122] found SMP MP-table at [mem 0x0009fff0-0x0009ffff]
[    0.093567] check: Scanning 1 areas for low memory corruption
[    0.093817] RAMDISK: [mem 0x32271000-0x3512ffff]
[    0.093825] ACPI: Early table checksum verification disabled
[    0.093831] ACPI: RSDP 0x00000000000E0000 000024 (v02 VBOX  )
[    0.093835] ACPI: XSDT 0x000000007FFF0030 00003C (v01 VBOX   VBOXXSDT 00000001 ASL  00000061)
[    0.093841] ACPI: FACP 0x000000007FFF00F0 0000F4 (v04 VBOX   VBOXFACP 00000001 ASL  00000061)
[    0.093848] ACPI: DSDT 0x000000007FFF02E0 002353 (v02 VBOX   VBOXBIOS 00000002 VBOX 00029BF3)
[    0.093852] ACPI: FACS 0x000000007FFF0200 000040
[    0.093855] ACPI: FACS 0x000000007FFF0200 000040
[    0.093858] ACPI: APIC 0x000000007FFF0240 000054 (v02 VBOX   VBOXAPIC 00000001 ASL  00000061)
[    0.093862] ACPI: SSDT 0x000000007FFF02A0 000038 (v01 VBOX   VBOXCPUT 00000002 VBOX 00029BF3)
[    0.093865] ACPI: Reserving FACP table memory at [mem 0x7fff00f0-0x7fff01e3]
[    0.093866] ACPI: Reserving DSDT table memory at [mem 0x7fff02e0-0x7fff2632]
[    0.093867] ACPI: Reserving FACS table memory at [mem 0x7fff0200-0x7fff023f]
[    0.093867] ACPI: Reserving FACS table memory at [mem 0x7fff0200-0x7fff023f]
[    0.093868] ACPI: Reserving APIC table memory at [mem 0x7fff0240-0x7fff0293]
[    0.093869] ACPI: Reserving SSDT table memory at [mem 0x7fff02a0-0x7fff02d7]
[    0.093883] ACPI: Local APIC address 0xfee00000
[    0.094073] No NUMA configuration found
[    0.094074] Faking a node at [mem 0x0000000000000000-0x000000007ffeffff]
[    0.094084] NODE_DATA(0) allocated [mem 0x7ffc5000-0x7ffeffff]
[    0.094344] Zone ranges:
[    0.094345]   DMA      [mem 0x0000000000001000-0x0000000000ffffff]
[    0.094346]   DMA32    [mem 0x0000000001000000-0x000000007ffeffff]
[    0.094347]   Normal   empty
[    0.094348]   Device   empty
[    0.094348] Movable zone start for each node
[    0.094350] Early memory node ranges
[    0.094351]   node   0: [mem 0x0000000000001000-0x000000000009efff]
[    0.094352]   node   0: [mem 0x0000000000100000-0x000000007ffeffff]
[    0.094355] Zeroed struct page in unavailable ranges: 114 pages
[    0.094356] Initmem setup node 0 [mem 0x0000000000001000-0x000000007ffeffff]
[    0.094357] On node 0 totalpages: 524174
[    0.094359]   DMA zone: 64 pages used for memmap
[    0.094359]   DMA zone: 21 pages reserved
[    0.094360]   DMA zone: 3998 pages, LIFO batch:0
[    0.094431]   DMA32 zone: 8128 pages used for memmap
[    0.094432]   DMA32 zone: 520176 pages, LIFO batch:63
[    0.103336] ACPI: PM-Timer IO Port: 0x4008
[    0.103339] ACPI: Local APIC address 0xfee00000
[    0.103404] IOAPIC[0]: apic_id 1, version 32, address 0xfec00000, GSI 0-23
[    0.103408] ACPI: INT_SRC_OVR (bus 0 bus_irq 0 global_irq 2 dfl dfl)
[    0.103409] ACPI: INT_SRC_OVR (bus 0 bus_irq 9 global_irq 9 low level)
[    0.103411] ACPI: IRQ0 used by override.
[    0.103412] ACPI: IRQ9 used by override.
[    0.103415] Using ACPI (MADT) for SMP configuration information
[    0.103421] smpboot: Allowing 1 CPUs, 0 hotplug CPUs
[    0.103442] PM: Registered nosave memory: [mem 0x00000000-0x00000fff]
[    0.103444] PM: Registered nosave memory: [mem 0x0009f000-0x0009ffff]
[    0.103444] PM: Registered nosave memory: [mem 0x000a0000-0x000effff]
[    0.103445] PM: Registered nosave memory: [mem 0x000f0000-0x000fffff]
[    0.103446] [mem 0x80000000-0xfebfffff] available for PCI devices
[    0.103447] Booting paravirtualized kernel on KVM
[    0.103450] clocksource: refined-jiffies: mask: 0xffffffff max_cycles: 0xffffffff, max_idle_ns: 7645519600211568 ns
[    0.103455] setup_percpu: NR_CPUS:8192 nr_cpumask_bits:1 nr_cpu_ids:1 nr_node_ids:1
[    0.104473] percpu: Embedded 60 pages/cpu s208896 r8192 d28672 u2097152
[    0.104478] pcpu-alloc: s208896 r8192 d28672 u2097152 alloc=1*2097152
[    0.104479] pcpu-alloc: [0] 0 
[    0.104506] Built 1 zonelists, mobility grouping on.  Total pages: 515961
[    0.104506] Policy zone: DMA32
[    0.104508] Kernel command line: BOOT_IMAGE=/boot/vmlinuz-5.4.243-mptcp root=UUID=98415a12-53b7-4144-8265-0f7ece09e445 ro quiet splash
[    0.105334] Dentry cache hash table entries: 262144 (order: 9, 2097152 bytes, linear)
[    0.105480] Inode-cache hash table entries: 131072 (order: 8, 1048576 bytes, linear)
[    0.105530] mem auto-init: stack:off, heap alloc:on, heap free:off
[    0.105533] Calgary: detecting Calgary via BIOS EBDA area
[    0.105534] Calgary: Unable to locate Rio Grande table in EBDA - bailing!
[    0.109586] Memory: 1967332K/2096696K available (14339K kernel code, 2398K rwdata, 4712K rodata, 2728K init, 17260K bss, 129364K reserved, 0K cma-reserved)
[    0.110522] SLUB: HWalign=64, Order=0-3, MinObjects=0, CPUs=1, Nodes=1
[    0.110539] ftrace: allocating 43186 entries in 169 pages
[    0.128591] rcu: Hierarchical RCU implementation.
[    0.128593] rcu: 	RCU restricting CPUs from NR_CPUS=8192 to nr_cpu_ids=1.
[    0.128594] 	Tasks RCU enabled.
[    0.128595] rcu: RCU calculated value of scheduler-enlistment delay is 25 jiffies.
[    0.128596] rcu: Adjusting geometry for rcu_fanout_leaf=16, nr_cpu_ids=1
[    0.131546] NR_IRQS: 524544, nr_irqs: 256, preallocated irqs: 16
[    0.131759] random: crng init done
[    0.141040] Console: colour VGA+ 80x25
[    0.141045] printk: console [tty0] enabled
[    0.141064] ACPI: Core revision 20190816
[    0.141180] APIC: Switch to symmetric I/O mode setup
[    0.141428] x2apic enabled
[    0.141667] Switched APIC routing to physical x2apic.
[    0.142802] ..TIMER: vector=0x30 apic1=0 pin1=2 apic2=-1 pin2=-1
[    0.142826] clocksource: tsc-early: mask: 0xffffffffffffffff max_cycles: 0x1e4530a99b6, max_idle_ns: 440795257976 ns
[    0.142831] Calibrating delay loop (skipped) preset value.. 4200.00 BogoMIPS (lpj=8400000)
[    0.142833] pid_max: default: 32768 minimum: 301
[    0.142862] LSM: Security Framework initializing
[    0.142870] Yama: becoming mindful.
[    0.142897] AppArmor: AppArmor initialized
[    0.142932] Mount-cache hash table entries: 4096 (order: 3, 32768 bytes, linear)
[    0.142936] Mountpoint-cache hash table entries: 4096 (order: 3, 32768 bytes, linear)
[    0.142946] *** VALIDATE tmpfs ***
[    0.143077] *** VALIDATE proc ***
[    0.143120] *** VALIDATE cgroup1 ***
[    0.143121] *** VALIDATE cgroup2 ***
[    0.143261] process: using mwait in idle threads
[    0.143266] Last level iTLB entries: 4KB 64, 2MB 8, 4MB 8
[    0.143266] Last level dTLB entries: 4KB 64, 2MB 0, 4MB 0, 1GB 4
[    0.143286] Spectre V1 : Mitigation: usercopy/swapgs barriers and __user pointer sanitization
[    0.143292] Spectre V2 : Mitigation: Retpolines
[    0.143292] Spectre V2 : Spectre v2 / SpectreRSB mitigation: Filling RSB on context switch
[    0.143293] Spectre V2 : Spectre v2 / SpectreRSB : Filling RSB on VMEXIT
[    0.143293] RETBleed: WARNING: Spectre v2 mitigation leaves CPU vulnerable to RETBleed attacks, data leaks possible!
[    0.143652] RETBleed: Vulnerable
[    0.143653] Speculative Store Bypass: Vulnerable
[    0.143657] TAA: Mitigation: TSX disabled
[    0.143658] MMIO Stale Data: Mitigation: Clear CPU buffers
[    0.147855] Freeing SMP alternatives memory: 40K
[    0.259685] smpboot: CPU0: Intel(R) Xeon(R) Silver 4216 CPU @ 2.10GHz (family: 0x6, model: 0x55, stepping: 0x7)
[    0.259805] Performance Events: unsupported p6 CPU model 85 no PMU driver, software events only.
[    0.259842] rcu: Hierarchical SRCU implementation.
[    0.260316] NMI watchdog: Perf NMI watchdog permanently disabled
[    0.260354] smp: Bringing up secondary CPUs ...
[    0.260355] smp: Brought up 1 node, 1 CPU
[    0.260356] smpboot: Max logical packages: 1
[    0.260357] smpboot: Total of 1 processors activated (4200.00 BogoMIPS)
[    0.261367] devtmpfs: initialized
[    0.261414] x86/mm: Memory block size: 128MB
[    0.261768] clocksource: jiffies: mask: 0xffffffff max_cycles: 0xffffffff, max_idle_ns: 7645041785100000 ns
[    0.261774] futex hash table entries: 256 (order: 2, 16384 bytes, linear)
[    0.261817] pinctrl core: initialized pinctrl subsystem
[    0.261918] PM: RTC time: 18:15:50, date: 2026-01-15
[    0.262025] NET: Registered protocol family 16
[    0.262098] audit: initializing netlink subsys (disabled)
[    0.262224] EISA bus registered
[    0.262225] cpuidle: using governor ladder
[    0.262226] cpuidle: using governor menu
[    0.262262] ACPI: bus type PCI registered
[    0.262263] acpiphp: ACPI Hot Plug PCI Controller Driver version: 0.5
[    0.262368] PCI: Using configuration type 1 for base access
[    0.263144] audit: type=2000 audit(1768472156.365:1): state=initialized audit_enabled=0 res=1
[    0.263223] HugeTLB registered 2.00 MiB page size, pre-allocated 0 pages
[    0.264037] ACPI: Added _OSI(Module Device)
[    0.264038] ACPI: Added _OSI(Processor Device)
[    0.264039] ACPI: Added _OSI(3.0 _SCP Extensions)
[    0.264039] ACPI: Added _OSI(Processor Aggregator Device)
[    0.264040] ACPI: Added _OSI(Linux-Dell-Video)
[    0.264041] ACPI: Added _OSI(Linux-Lenovo-NV-HDMI-Audio)
[    0.264042] ACPI: Added _OSI(Linux-HPI-Hybrid-Graphics)
[    0.265999] ACPI: 2 ACPI AML tables successfully acquired and loaded
[    0.267514] ACPI: Interpreter enabled
[    0.267524] ACPI: (supports S0 S5)
[    0.267525] ACPI: Using IOAPIC for interrupt routing
[    0.267728] PCI: Using host bridge windows from ACPI; if necessary, use "pci=nocrs" and report a bug
[    0.267834] ACPI: Enabled 2 GPEs in block 00 to 07
[    0.272670] ACPI: PCI Root Bridge [PCI0] (domain 0000 [bus 00-ff])
[    0.272675] acpi PNP0A03:00: _OSC: OS supports [ASPM ClockPM Segments MSI HPX-Type3]
[    0.273117] acpi PNP0A03:00: _OSC: not requesting OS control; OS requires [ExtendedConfig ASPM ClockPM MSI]
[    0.273125] acpi PNP0A03:00: fail to add MMCONFIG information, can't access extended PCI configuration space under this bridge.
[    0.273496] PCI host bridge to bus 0000:00
[    0.273498] pci_bus 0000:00: root bus resource [io  0x0000-0x0cf7 window]
[    0.273499] pci_bus 0000:00: root bus resource [io  0x0d00-0xffff window]
[    0.273500] pci_bus 0000:00: root bus resource [mem 0x000a0000-0x000bffff window]
[    0.273501] pci_bus 0000:00: root bus resource [mem 0x80000000-0xfdffffff window]
[    0.273503] pci_bus 0000:00: root bus resource [bus 00-ff]
[    0.273549] pci 0000:00:00.0: [8086:1237] type 00 class 0x060000
[    0.275411] pci 0000:00:01.0: [8086:7000] type 00 class 0x060100
[    0.276173] pci 0000:00:01.1: [8086:7111] type 00 class 0x01018a
[    0.276555] pci 0000:00:01.1: reg 0x20: [io  0xd000-0xd00f]
[    0.276713] pci 0000:00:01.1: legacy IDE quirk: reg 0x10: [io  0x01f0-0x01f7]
[    0.276714] pci 0000:00:01.1: legacy IDE quirk: reg 0x14: [io  0x03f6]
[    0.276715] pci 0000:00:01.1: legacy IDE quirk: reg 0x18: [io  0x0170-0x0177]
[    0.276716] pci 0000:00:01.1: legacy IDE quirk: reg 0x1c: [io  0x0376]
[    0.277266] pci 0000:00:02.0: [15ad:0405] type 00 class 0x030000
[    0.278906] pci 0000:00:02.0: reg 0x10: [io  0xd010-0xd01f]
[    0.281717] pci 0000:00:02.0: reg 0x14: [mem 0xe0000000-0xe7ffffff pref]
[    0.284697] pci 0000:00:02.0: reg 0x18: [mem 0xf0000000-0xf01fffff]
[    0.295618] pci 0000:00:03.0: [1022:2000] type 00 class 0x020000
[    0.296303] pci 0000:00:03.0: reg 0x10: [io  0xd020-0xd03f]
[    0.296929] pci 0000:00:03.0: reg 0x14: [mem 0xf0200000-0xf0200fff]
[    0.301342] pci 0000:00:04.0: [80ee:cafe] type 00 class 0x088000
[    0.302041] pci 0000:00:04.0: reg 0x10: [io  0xd040-0xd05f]
[    0.302663] pci 0000:00:04.0: reg 0x14: [mem 0xf0400000-0xf07fffff]
[    0.302946] pci 0000:00:04.0: reg 0x18: [mem 0xf0800000-0xf0803fff pref]
[    0.306505] pci 0000:00:07.0: [8086:7113] type 00 class 0x068000
[    0.307246] pci 0000:00:07.0: quirk: [io  0x4000-0x403f] claimed by PIIX4 ACPI
[    0.307256] pci 0000:00:07.0: quirk: [io  0x4100-0x410f] claimed by PIIX4 SMB
[    0.307844] pci 0000:00:08.0: [1022:2000] type 00 class 0x020000
[    0.308523] pci 0000:00:08.0: reg 0x10: [io  0xd060-0xd07f]
[    0.309143] pci 0000:00:08.0: reg 0x14: [mem 0xf0804000-0xf0804fff]
[    0.312248] pci 0000:00:09.0: [8086:100e] type 00 class 0x020000
[    0.312968] pci 0000:00:09.0: reg 0x10: [mem 0xf0820000-0xf083ffff]
[    0.314945] pci 0000:00:09.0: reg 0x18: [io  0xd080-0xd087]
[    0.323839] ACPI: PCI Interrupt Link [LNKA] (IRQs 5 9 10 *11)
[    0.324122] ACPI: PCI Interrupt Link [LNKB] (IRQs 5 9 *10 11)
[    0.324228] ACPI: PCI Interrupt Link [LNKC] (IRQs 5 *9 10 11)
[    0.324331] ACPI: PCI Interrupt Link [LNKD] (IRQs 5 9 10 *11)
[    0.324581] iommu: Default domain type: Translated 
[    0.324641] pci 0000:00:02.0: vgaarb: setting as boot VGA device
[    0.324642] pci 0000:00:02.0: vgaarb: VGA device added: decodes=io+mem,owns=io+mem,locks=none
[    0.324644] pci 0000:00:02.0: vgaarb: bridge control possible
[    0.324645] vgaarb: loaded
[    0.324853] SCSI subsystem initialized
[    0.324883] libata version 3.00 loaded.
[    0.326850] ACPI: bus type USB registered
[    0.326866] usbcore: registered new interface driver usbfs
[    0.326872] usbcore: registered new interface driver hub
[    0.326878] usbcore: registered new device driver usb
[    0.326909] pps_core: LinuxPPS API ver. 1 registered
[    0.326909] pps_core: Software ver. 5.3.6 - Copyright 2005-2007 Rodolfo Giometti <giometti@linux.it>
[    0.326912] PTP clock support registered
[    0.326949] EDAC MC: Ver: 3.0.0
[    0.327237] PCI: Using ACPI for IRQ routing
[    0.327239] PCI: pci_cache_line_size set to 64 bytes
[    0.327413] e820: reserve RAM buffer [mem 0x0009fc00-0x0009ffff]
[    0.327416] e820: reserve RAM buffer [mem 0x7fff0000-0x7fffffff]
[    0.328264] NetLabel: Initializing
[    0.328264] NetLabel:  domain hash size = 128
[    0.328265] NetLabel:  protocols = UNLABELED CIPSOv4 CALIPSO
[    0.328285] NetLabel:  unlabeled traffic allowed by default
[    0.329187] clocksource: Switched to clocksource kvm-clock
[    0.341162] *** VALIDATE bpf ***
[    0.341221] VFS: Disk quotas dquot_6.6.0
[    0.341233] VFS: Dquot-cache hash table entries: 512 (order 0, 4096 bytes)
[    0.341257] *** VALIDATE ramfs ***
[    0.341260] *** VALIDATE hugetlbfs ***
[    0.341338] AppArmor: AppArmor Filesystem Enabled
[    0.341362] pnp: PnP ACPI init
[    0.341425] pnp 00:00: Plug and Play ACPI device, IDs PNP0303 (active)
[    0.341511] pnp 00:01: Plug and Play ACPI device, IDs PNP0f03 (active)
[    0.342276] pnp: PnP ACPI: found 2 devices
[    0.343276] thermal_sys: Registered thermal governor 'fair_share'
[    0.343277] thermal_sys: Registered thermal governor 'bang_bang'
[    0.343278] thermal_sys: Registered thermal governor 'step_wise'
[    0.343278] thermal_sys: Registered thermal governor 'user_space'
[    0.343279] thermal_sys: Registered thermal governor 'power_allocator'
[    0.347806] clocksource: acpi_pm: mask: 0xffffff max_cycles: 0xffffff, max_idle_ns: 2085701024 ns
[    0.347845] pci_bus 0000:00: resource 4 [io  0x0000-0x0cf7 window]
[    0.347847] pci_bus 0000:00: resource 5 [io  0x0d00-0xffff window]
[    0.347848] pci_bus 0000:00: resource 6 [mem 0x000a0000-0x000bffff window]
[    0.347849] pci_bus 0000:00: resource 7 [mem 0x80000000-0xfdffffff window]
[    0.347905] NET: Registered protocol family 2
[    0.347980] IP idents hash table entries: 32768 (order: 6, 262144 bytes, linear)
[    0.348384] MPTCP tokens hash table entries: 8192 (order: 4, 65536 bytes, linear)
[    0.348404] MPTCP request tokens hash table entries: 8192 (order: 4, 65536 bytes, linear)
[    0.348428] default registered
[    0.348428] default registered
[    0.348429] MPTCP: Stable release v0.96
[    0.348434] tcp_listen_portaddr_hash hash table entries: 1024 (order: 2, 16384 bytes, linear)
[    0.348513] TCP established hash table entries: 16384 (order: 5, 131072 bytes, linear)
[    0.348578] TCP bind hash table entries: 16384 (order: 6, 262144 bytes, linear)
[    0.348604] TCP: Hash tables configured (established 16384 bind 16384)
[    0.349297] UDP hash table entries: 1024 (order: 3, 32768 bytes, linear)
[    0.349308] UDP-Lite hash table entries: 1024 (order: 3, 32768 bytes, linear)
[    0.349341] NET: Registered protocol family 1
[    0.349349] NET: Registered protocol family 44
[    0.349369] pci 0000:00:00.0: Limiting direct PCI/PCI transfers
[    0.349382] pci 0000:00:01.0: Activating ISA DMA hang workarounds
[    0.349441] pci 0000:00:02.0: Video device with shadowed ROM at [mem 0x000c0000-0x000dffff]
[    0.349506] PCI: CLS 0 bytes, default 64
[    0.349552] Trying to unpack rootfs image as initramfs...
[    0.519688] Freeing initrd memory: 47868K
[    0.519688] clocksource: tsc: mask: 0xffffffffffffffff max_cycles: 0x1e4530a99b6, max_idle_ns: 440795257976 ns
[    0.519688] clocksource: Switched to clocksource tsc
[    0.519688] platform rtc_cmos: registered platform RTC device (no PNP device found)
[    0.519688] check: Scanning for low memory corruption every 60 seconds
[    0.519688] Initialise system trusted keyrings
[    0.519688] Key type blacklist registered
[    0.519688] workingset: timestamp_bits=36 max_order=19 bucket_order=0
[    0.519688] zbud: loaded
[    0.519688] squashfs: version 4.0 (2009/01/31) Phillip Lougher
[    0.519688] fuse: init (API version 7.31)
[    0.519688] *** VALIDATE fuse ***
[    0.519688] *** VALIDATE fuse ***
[    0.519688] Platform Keyring initialized
[    0.519688] Key type asymmetric registered
[    0.519688] Asymmetric key parser 'x509' registered
[    0.519688] Block layer SCSI generic (bsg) driver version 0.4 loaded (major 244)
[    0.519688] io scheduler mq-deadline registered
[    0.519688] shpchp: Standard Hot Plug PCI Controller Driver version: 0.4
[    0.533792] ACPI: AC Adapter [AC] (on-line)
[    0.533839] input: Power Button as /devices/LNXSYSTM:00/LNXPWRBN:00/input/input0
[    0.533865] ACPI: Power Button [PWRF]
[    0.533950] input: Sleep Button as /devices/LNXSYSTM:00/LNXSLPBN:00/input/input1
[    0.533965] ACPI: Sleep Button [SLPF]
[    0.534212] Serial: 8250/16550 driver, 32 ports, IRQ sharing enabled
[    0.535374] Linux agpgart interface v0.103
[    0.631131] loop: module loaded
[    0.631290] ata_piix 0000:00:01.1: version 2.13
[    0.631704] scsi host0: ata_piix
[    0.631797] scsi host1: ata_piix
[    0.631823] ata1: PATA max UDMA/33 cmd 0x1f0 ctl 0x3f6 bmdma 0xd000 irq 14
[    0.631824] ata2: PATA max UDMA/33 cmd 0x170 ctl 0x376 bmdma 0xd008 irq 15
[    0.631906] tun: Universal TUN/TAP device driver, 1.6
[    0.632212] PPP generic driver version 2.4.2
[    0.632254] VFIO - User Level meta-driver version: 0.3
[    0.632494] ehci_hcd: USB 2.0 'Enhanced' Host Controller (EHCI) Driver
[    0.632499] ehci-pci: EHCI PCI platform driver
[    0.632515] ehci-platform: EHCI generic platform driver
[    0.632520] ohci_hcd: USB 1.1 'Open' Host Controller (OHCI) Driver
[    0.632522] ohci-pci: OHCI PCI platform driver
[    0.632529] ohci-platform: OHCI generic platform driver
[    0.632534] uhci_hcd: USB Universal Host Controller Interface driver
[    0.632599] i8042: PNP: PS/2 Controller [PNP0303:PS2K,PNP0f03:PS2M] at 0x60,0x64 irq 1,12
[    0.633036] serio: i8042 KBD port at 0x60,0x64 irq 1
[    0.633039] serio: i8042 AUX port at 0x60,0x64 irq 12
[    0.633127] mousedev: PS/2 mouse device common for all mice
[    0.633382] input: AT Translated Set 2 keyboard as /devices/platform/i8042/serio0/input/input2
[    0.633783] rtc_cmos rtc_cmos: registered as rtc0
[    0.633796] rtc_cmos rtc_cmos: alarms up to one day, 114 bytes nvram
[    0.633802] i2c /dev entries driver
[    0.633844] device-mapper: uevent: version 1.0.3
[    0.633887] device-mapper: ioctl: 4.41.0-ioctl (2019-09-16) initialised: dm-devel@redhat.com
[    0.633902] platform eisa.0: Probing EISA bus 0
[    0.633904] platform eisa.0: EISA: Cannot allocate resource for mainboard
[    0.633905] platform eisa.0: Cannot allocate resource for EISA slot 1
[    0.633906] platform eisa.0: Cannot allocate resource for EISA slot 2
[    0.633907] platform eisa.0: Cannot allocate resource for EISA slot 3
[    0.633908] platform eisa.0: Cannot allocate resource for EISA slot 4
[    0.633909] platform eisa.0: Cannot allocate resource for EISA slot 5
[    0.633910] platform eisa.0: Cannot allocate resource for EISA slot 6
[    0.633911] platform eisa.0: Cannot allocate resource for EISA slot 7
[    0.633912] platform eisa.0: Cannot allocate resource for EISA slot 8
[    0.633913] platform eisa.0: EISA: Detected 0 cards
[    0.633916] intel_pstate: CPU model not supported
[    0.633925] ledtrig-cpu: registered to indicate activity on CPUs
[    0.633979] drop_monitor: Initializing network drop monitor service
[    0.634138] NET: Registered protocol family 10
[    0.639274] Segment Routing with IPv6
[    0.639282] fullmesh registered
[    0.639282] ndiffports registered
[    0.639282] binder registered
[    0.639282] roundrobin registered
[    0.639282] redundant registered
[    0.639282] blest registered
[    0.639282] ecf registered
[    0.639282] NET: Registered protocol family 17
[    0.639282] Key type dns_resolver registered
[    0.639282] RAS: Correctable Errors collector initialized.
[    0.639282] IPI shorthand broadcast: enabled
[    0.639282] sched_clock: Marking stable (624203264, 11079131)->(636688605, -1406210)
[    0.639524] registered taskstats version 1
[    0.639532] Loading compiled-in X.509 certificates
[    0.640121] Loaded X.509 cert 'Build time autogenerated kernel key: 6909f3744cebb3d0de528d5887b96a727de79b1e'
[    0.640139] zswap: loaded using pool lzo/zbud
[    0.640193] Key type ._fscrypt registered
[    0.640194] Key type .fscrypt registered
[    0.644647] Key type big_key registered
[    0.646869] Key type encrypted registered
[    0.646871] AppArmor: AppArmor sha1 policy hashing enabled
[    0.646879] ima: No TPM chip found, activating TPM-bypass!
[    0.646883] ima: Allocated hash algorithm: sha1
[    0.646888] ima: No architecture policies found
[    0.646898] evm: Initialising EVM extended attributes:
[    0.646898] evm: security.selinux
[    0.646899] evm: security.SMACK64
[    0.646899] evm: security.SMACK64EXEC
[    0.646899] evm: security.SMACK64TRANSMUTE
[    0.646900] evm: security.SMACK64MMAP
[    0.646900] evm: security.apparmor
[    0.646901] evm: security.ima
[    0.646901] evm: security.capability
[    0.646902] evm: HMAC attrs: 0x1
[    0.647195] PM:   Magic number: 10:724:291
[    0.647216] tty tty24: hash matches
[    0.647299] rtc_cmos rtc_cmos: setting system clock to 2026-01-15T18:15:51 UTC (1768500951)
[    0.804627] ata1.00: ATA-6: VBOX HARDDISK, 1.0, max UDMA/133
[    0.804630] ata1.00: 209715200 sectors, multi 128: LBA 
[    0.805302] scsi 0:0:0:0: Direct-Access     ATA      VBOX HARDDISK    1.0  PQ: 0 ANSI: 5
[    0.805601] sd 0:0:0:0: [sda] 209715200 512-byte logical blocks: (107 GB/100 GiB)
[    0.805614] sd 0:0:0:0: [sda] Write Protect is off
[    0.805618] sd 0:0:0:0: [sda] Mode Sense: 00 3a 00 00
[    0.805638] sd 0:0:0:0: [sda] Write cache: enabled, read cache: enabled, doesn't support DPO or FUA
[    0.805963] sd 0:0:0:0: Attached scsi generic sg0 type 0
[    0.807109]  sda: sda1 sda2
[    0.819206] sd 0:0:0:0: [sda] Attached SCSI disk
[    0.821236] Freeing unused decrypted memory: 2040K
[    0.821959] Freeing unused kernel image memory: 2728K
[    0.821961] Write protecting the kernel read-only data: 22528k
[    0.822666] Freeing unused kernel image memory: 2036K
[    0.823089] Freeing unused kernel image memory: 1432K
[    0.838228] x86/mm: Checked W+X mappings: passed, no W+X pages found.
[    0.838231] Run /init as init process
[    0.931306] ACPI: Video Device [GFX0] (multi-head: yes  rom: no  post: no)
[    0.931376] input: Video Bus as /devices/LNXSYSTM:00/LNXSYBUS:00/PNP0A03:00/LNXVIDEO:00/input/input4
[    0.942293] pcnet32: pcnet32.c:v1.35 21.Apr.2008 tsbogend@alpha.franken.de
[    0.944018] piix4_smbus 0000:00:07.0: SMBus Host Controller at 0x4100, revision 0
[    0.949608] e1000: Intel(R) PRO/1000 Network Driver - version 7.3.21-k8-NAPI
[    0.949608] e1000: Copyright (c) 1999-2006 Intel Corporation.
[    0.952263] pcnet32: PCnet/FAST III 79C973 at 0xd020, 08:00:27:38:eb:cd assigned IRQ 19
[    0.952307] pcnet32: Found PHY 0022:561b at address 0
[    0.952599] pcnet32: eth0: registered as PCnet/FAST III 79C973
[    0.962060] pcnet32: PCnet/FAST III 79C973 at 0xd060, 08:00:27:40:bf:63 assigned IRQ 16
[    0.962103] pcnet32: Found PHY 0022:561b at address 0
[    0.962394] pcnet32: eth1: registered as PCnet/FAST III 79C973
[    0.966535] pcnet32: 2 cards_found
[    1.021928] pcnet32 0000:00:03.0 enp0s3: renamed from eth0
[    1.023821] pcnet32 0000:00:08.0 enp0s8: renamed from eth1
[    1.161697] input: ImExPS/2 Generic Explorer Mouse as /devices/platform/i8042/serio1/input/input5
[    1.359373] e1000 0000:00:09.0 eth0: (PCI:33MHz:32-bit) 08:00:27:94:04:75
[    1.359377] e1000 0000:00:09.0 eth0: Intel(R) PRO/1000 Network Connection
[    1.360600] e1000 0000:00:09.0 enp0s9: renamed from eth0
[    1.509949] EXT4-fs (sda2): mounted filesystem with ordered data mode. Opts: (null)
[    1.604112] systemd[1]: Inserted module 'autofs4'
[    1.617660] systemd[1]: systemd 245.4-4ubuntu3 running in system mode. (+PAM +AUDIT +SELINUX +IMA +APPARMOR +SMACK +SYSVINIT +UTMP +LIBCRYPTSETUP +GCRYPT +GNUTLS +ACL +XZ +LZ4 +SECCOMP +BLKID +ELFUTILS +KMOD +IDN2 -IDN +PCRE2 default-hierarchy=hybrid)
[    1.617691] systemd[1]: Detected virtualization oracle.
[    1.617694] systemd[1]: Detected architecture x86-64.
[    1.619060] systemd[1]: Set hostname to <ztg>.
[    1.745446] systemd[1]: /lib/systemd/system/dbus.socket:5: ListenStream= references a path below legacy directory /var/run/, updating /var/run/dbus/system_bus_socket â†’ /run/dbus/system_bus_socket; please update the unit file accordingly.
[    1.800300] systemd[1]: Created slice system-modprobe.slice.
[    1.800482] systemd[1]: Created slice User and Session Slice.
[    1.800523] systemd[1]: Started Forward Password Requests to Wall Directory Watch.
[    1.800677] systemd[1]: Set up automount Arbitrary Executable File Formats File System Automount Point.
[    1.800708] systemd[1]: Reached target User and Group Name Lookups.
[    1.800717] systemd[1]: Reached target Remote File Systems.
[    1.800725] systemd[1]: Reached target Slices.
[    1.801295] systemd[1]: Listening on Syslog Socket.
[    1.801361] systemd[1]: Listening on fsck to fsckd communication Socket.
[    1.801396] systemd[1]: Listening on initctl Compatibility Named Pipe.
[    1.801528] systemd[1]: Listening on Journal Audit Socket.
[    1.801582] systemd[1]: Listening on Journal Socket (/dev/log).
[    1.801650] systemd[1]: Listening on Journal Socket.
[    1.801712] systemd[1]: Listening on udev Control Socket.
[    1.801749] systemd[1]: Listening on udev Kernel Socket.
[    1.802449] systemd[1]: Mounting Huge Pages File System...
[    1.803464] systemd[1]: Mounting POSIX Message Queue File System...
[    1.804402] systemd[1]: Mounting Kernel Debug File System...
[    1.805264] systemd[1]: Mounting Kernel Trace File System...
[    1.807437] systemd[1]: Starting Journal Service...
[    1.830032] systemd[1]: Starting Set the console keyboard layout...
[    1.837793] systemd[1]: Starting Create list of static device nodes for the current kernel...
[    1.839841] systemd[1]: Starting Load Kernel Module drm...
[    1.840958] systemd[1]: Condition check resulted in Set Up Additional Binary Formats being skipped.
[    1.840999] systemd[1]: Condition check resulted in File System Check on Root Device being skipped.
[    1.852141] systemd[1]: Starting Load Kernel Modules...
[    1.861049] systemd[1]: Starting Remount Root and Kernel File Systems...
[    1.870499] systemd[1]: Starting udev Coldplug all Devices...
[    1.881044] systemd[1]: Starting Uncomplicated firewall...
[    1.882603] systemd[1]: Mounted Huge Pages File System.
[    1.882698] systemd[1]: Mounted POSIX Message Queue File System.
[    1.882769] systemd[1]: Mounted Kernel Debug File System.
[    1.882849] systemd[1]: Mounted Kernel Trace File System.
[    1.886729] EXT4-fs (sda2): re-mounted. Opts: errors=remount-ro
[    1.919616] systemd[1]: Finished Create list of static device nodes for the current kernel.
[    1.920475] systemd[1]: modprobe@drm.service: Succeeded.
[    1.927076] systemd[1]: Finished Load Kernel Module drm.
[    1.927455] systemd[1]: Finished Remount Root and Kernel File Systems.
[    1.929441] lp: driver loaded but no devices found
[    1.930906] systemd[1]: Finished Uncomplicated firewall.
[    1.947229] systemd[1]: Condition check resulted in Rebuild Hardware Database being skipped.
[    1.947264] systemd[1]: Condition check resulted in Platform Persistent Storage Archival being skipped.
[    1.947895] systemd[1]: Starting Load/Save Random Seed...
[    1.949948] ppdev: user-space parallel port driver
[    1.957217] systemd[1]: Starting Create System Users...
[    1.969325] systemd[1]: Finished Load/Save Random Seed.
[    1.975820] systemd[1]: Finished Create System Users.
[    1.976529] systemd[1]: Starting Create Static Device Nodes in /dev...
[    2.009637] systemd[1]: Finished udev Coldplug all Devices.
[    2.012188] systemd[1]: Finished Create Static Device Nodes in /dev.
[    2.012967] systemd[1]: Starting udev Kernel Device Manager...
[    2.053512] [drm] DMA map mode: Caching DMA mappings.
[    2.053573] [drm] Capabilities:
[    2.053574] [drm]   Rect copy.
[    2.053574] [drm]   Cursor.
[    2.053574] [drm]   Cursor bypass.
[    2.053575] [drm]   Cursor bypass 2.
[    2.053575] [drm]   Alpha cursor.
[    2.053576] [drm]   Extended Fifo.
[    2.053576] [drm]   Pitchlock.
[    2.053576] [drm]   Irq mask.
[    2.053577] [drm]   GMR.
[    2.053577] [drm]   Traces.
[    2.053577] [drm]   GMR2.
[    2.053578] [drm]   Screen Object 2.
[    2.053578] [drm]   Command Buffers.
[    2.053578] [drm]   Command Buffers 2.
[    2.053579] [drm]   Guest Backed Resources.
[    2.053580] [drm] Max GMR ids is 8192
[    2.053580] [drm] Max number of GMR pages is 1048576
[    2.053581] [drm] Max dedicated hypervisor surface memory is 393216 kiB
[    2.053581] [drm] Maximum display memory size is 131072 kiB
[    2.053582] [drm] VRAM at 0xe0000000 size is 131072 kiB
[    2.053583] [drm] MMIO at 0xf0000000 size is 2048 kiB
[    2.055949] [TTM] Zone  kernel: Available graphics memory: 1011738 KiB
[    2.055949] [TTM] Initializing pool allocator
[    2.055952] [TTM] Initializing DMA pool allocator
[    2.055980] [drm] Supports vblank timestamp caching Rev 2 (21.10.2013).
[    2.055980] [drm] No driver support for vblank timestamp query.
[    2.056196] [drm] Screen Target Display device initialized
[    2.056363] [drm] width 720
[    2.056372] [drm] height 400
[    2.056375] [drm] bpp 32
[    2.056883] [drm] Fifo max 0x00200000 min 0x00001000 cap 0x00000355
[    2.057959] [drm] Using command buffers with DMA pool.
[    2.057963] [drm] DX: no.
[    2.057963] [drm] Atomic: yes.
[    2.057963] [drm] SM4_1: no.
[    2.057982] [drm:vmw_host_log [vmwgfx]] *ERROR* Failed to send host log message.
[    2.058904] [drm:vmw_host_log [vmwgfx]] *ERROR* Failed to send host log message.
[    2.071112] fbcon: svgadrmfb (fb0) is primary device
[    2.073458] Console: switching to colour frame buffer device 100x37
[    2.077791] [drm] Initialized vmwgfx 2.15.0 20180704 for 0000:00:02.0 on minor 0
[    2.078708] systemd[1]: Finished Load Kernel Modules.
[    2.079702] systemd[1]: Mounting FUSE Control File System...
[    2.080913] systemd[1]: Mounting Kernel Configuration File System...
[    2.115712] systemd[1]: Starting Apply Kernel Variables...
[    2.118205] systemd[1]: Mounted FUSE Control File System.
[    2.118274] systemd[1]: Condition check resulted in VMware vmblock fuse mount being skipped.
[    2.121456] systemd[1]: Mounted Kernel Configuration File System.
[    2.124545] systemd[1]: Finished Set the console keyboard layout.
[    2.124635] systemd[1]: Reached target Local File Systems (Pre).
[    2.129537] systemd[1]: Mounting Mount unit for bare, revision 5...
[    2.151144] systemd[1]: Mounting Mount unit for core18, revision 1705...
[    2.155297] systemd[1]: Mounting Mount unit for gnome-3-34-1804, revision 24...
[    2.157121] systemd[1]: Mounting Mount unit for gtk-common-themes, revision 1506...
[    2.167815] systemd[1]: Mounting Mount unit for gtk-common-themes, revision 1535...
[    2.176599] systemd[1]: Mounting Mount unit for snap-store, revision 433...
[    2.182864] systemd[1]: Mounting Mount unit for snapd, revision 25935...
[    2.210874] systemd[1]: Finished Apply Kernel Variables.
[    2.212236] systemd[1]: Mounted Mount unit for bare, revision 5.
[    2.217847] systemd[1]: Mounted Mount unit for core18, revision 1705.
[    2.238142] systemd[1]: Started udev Kernel Device Manager.
[    2.238873] systemd[1]: Starting Show Plymouth Boot Screen...
[    2.243129] systemd[1]: Received SIGRTMIN+20 from PID 278 (plymouthd).
[    2.243551] systemd[1]: Mounted Mount unit for gnome-3-34-1804, revision 24.
[    2.254687] systemd[1]: Mounted Mount unit for gtk-common-themes, revision 1506.
[    2.271061] systemd[1]: Started Show Plymouth Boot Screen.
[    2.271254] systemd[1]: Condition check resulted in Dispatch Password Requests to Console Directory Watch being skipped.
[    2.271347] systemd[1]: Started Forward Password Requests to Plymouth Directory Watch.
[    2.271413] systemd[1]: Reached target Local Encrypted Volumes.
[    2.289085] systemd[1]: Mounted Mount unit for gtk-common-themes, revision 1535.
[    2.289304] systemd[1]: Mounted Mount unit for snap-store, revision 433.
[    2.289481] systemd[1]: Mounted Mount unit for snapd, revision 25935.
[    2.289623] systemd[1]: Reached target Local File Systems.
[    2.290369] systemd[1]: Starting Load AppArmor profiles...
[    2.304130] systemd[1]: Starting Set console font and keymap...
[    2.316838] systemd[1]: Starting Tell Plymouth To Write Out Runtime Data...
[    2.316956] systemd[1]: Condition check resulted in Store a System Token in an EFI Variable being skipped.
[    2.317004] systemd[1]: Condition check resulted in Commit a transient machine-id on disk being skipped.
[    2.319399] systemd[1]: Finished Set console font and keymap.
[    2.328437] systemd[1]: Received SIGRTMIN+20 from PID 278 (plymouthd).
[    2.329704] systemd[1]: plymouth-read-write.service: Succeeded.
[    2.329937] systemd[1]: Finished Tell Plymouth To Write Out Runtime Data.
[    2.348026] audit: type=1400 audit(1768500953.196:2): apparmor="STATUS" operation="profile_load" profile="unconfined" name="nvidia_modprobe" pid=305 comm="apparmor_parser"
[    2.348029] audit: type=1400 audit(1768500953.196:3): apparmor="STATUS" operation="profile_load" profile="unconfined" name="nvidia_modprobe//kmod" pid=305 comm="apparmor_parser"
[    2.358573] audit: type=1400 audit(1768500953.204:4): apparmor="STATUS" operation="profile_load" profile="unconfined" name="/usr/sbin/tcpdump" pid=306 comm="apparmor_parser"
[    2.406768] audit: type=1400 audit(1768500953.248:5): apparmor="STATUS" operation="profile_load" profile="unconfined" name="/usr/bin/evince" pid=308 comm="apparmor_parser"
[    2.406770] audit: type=1400 audit(1768500953.248:6): apparmor="STATUS" operation="profile_load" profile="unconfined" name="/usr/bin/evince//sanitized_helper" pid=308 comm="apparmor_parser"
[    2.406772] audit: type=1400 audit(1768500953.248:7): apparmor="STATUS" operation="profile_load" profile="unconfined" name="/usr/bin/evince-previewer" pid=308 comm="apparmor_parser"
[    2.406774] audit: type=1400 audit(1768500953.248:8): apparmor="STATUS" operation="profile_load" profile="unconfined" name="/usr/bin/evince-previewer//sanitized_helper" pid=308 comm="apparmor_parser"
[    2.406776] audit: type=1400 audit(1768500953.248:9): apparmor="STATUS" operation="profile_load" profile="unconfined" name="/usr/bin/evince-thumbnailer" pid=308 comm="apparmor_parser"
[    2.417847] audit: type=1400 audit(1768500953.268:10): apparmor="STATUS" operation="profile_load" profile="unconfined" name="/usr/lib/cups/backend/cups-pdf" pid=309 comm="apparmor_parser"
[    2.498172] systemd[1]: Finished Load AppArmor profiles.
[    2.499112] systemd[1]: Starting Load AppArmor profiles managed internally by snapd...
[    2.603490] systemd[1]: Finished Load AppArmor profiles managed internally by snapd.
[    2.782016] systemd[1]: Started Journal Service.
[    2.791161] systemd-journald[229]: Received client request to flush runtime journal.
[    2.793961] systemd-journald[229]: File /var/log/journal/c455b248004a419c87ce85eea238d727/system.journal corrupted or uncleanly shut down, renaming and replacing.
[    4.051378] RAPL PMU: API unit is 2^-32 Joules, 0 fixed counters, 10737418240 ms ovfl timer
[    4.134579] cryptd: max_cpu_qlen set to 1000
[    4.175143] AVX2 version of gcm_enc/dec engaged.
[    4.175143] AES CTR mode by8 optimization enabled
[    5.982457] Adding 1998844k swap on /dev/sda1.  Priority:-2 extents:1 across:1998844k FS
[    7.276157] kauditd_printk_skb: 30 callbacks suppressed
[    7.276159] audit: type=1400 audit(1768500958.116:41): apparmor="DENIED" operation="capable" profile="/usr/sbin/cups-browsed" pid=512 comm="cups-browsed" capability=23  capname="sys_nice"
[    8.498586] pcnet32 0000:00:03.0 enp0s3: link up, 100Mbps, full-duplex
[    8.520602] pcnet32 0000:00:08.0 enp0s8: link up, 100Mbps, full-duplex
[    8.565303] e1000: enp0s9 NIC Link is Up 1000 Mbps Full Duplex, Flow Control: RX
[    8.565595] IPv6: ADDRCONF(NETDEV_CHANGE): enp0s9: link becomes ready
[    9.129328] device enp0s8 entered promiscuous mode
[    9.144005] device enp0s3 entered promiscuous mode
[    9.179720] audit: type=1400 audit(1768500960.028:42): apparmor="DENIED" operation="open" profile="/usr/sbin/tcpdump" name="/proc/sys/kernel/random/boot_id" pid=636 comm="tcpdump" requested_mask="r" denied_mask="r" fsuid=0 ouid=0
[    9.180145] audit: type=1400 audit(1768500960.028:43): apparmor="DENIED" operation="open" profile="/usr/sbin/tcpdump" name="/proc/sys/kernel/random/boot_id" pid=635 comm="tcpdump" requested_mask="r" denied_mask="r" fsuid=0 ouid=0
[    9.180555] audit: type=1400 audit(1768500960.028:44): apparmor="DENIED" operation="open" profile="/usr/sbin/tcpdump" name="/proc/sys/kernel/random/boot_id" pid=636 comm="tcpdump" requested_mask="r" denied_mask="r" fsuid=0 ouid=0
[    9.180615] audit: type=1400 audit(1768500960.028:45): apparmor="DENIED" operation="open" profile="/usr/sbin/tcpdump" name="/proc/sys/kernel/random/boot_id" pid=635 comm="tcpdump" requested_mask="r" denied_mask="r" fsuid=0 ouid=0
[    9.180658] audit: type=1400 audit(1768500960.028:46): apparmor="DENIED" operation="open" profile="/usr/sbin/tcpdump" name="/proc/sys/kernel/random/boot_id" pid=635 comm="tcpdump" requested_mask="r" denied_mask="r" fsuid=0 ouid=0
[    9.180964] audit: type=1400 audit(1768500960.028:47): apparmor="DENIED" operation="open" profile="/usr/sbin/tcpdump" name="/proc/sys/kernel/random/boot_id" pid=636 comm="tcpdump" requested_mask="r" denied_mask="r" fsuid=0 ouid=0
[    9.181302] audit: type=1400 audit(1768500960.028:48): apparmor="DENIED" operation="open" profile="/usr/sbin/tcpdump" name="/proc/sys/kernel/random/boot_id" pid=635 comm="tcpdump" requested_mask="r" denied_mask="r" fsuid=0 ouid=0
[    9.181715] audit: type=1400 audit(1768500960.028:49): apparmor="DENIED" operation="open" profile="/usr/sbin/tcpdump" name="/proc/sys/kernel/random/boot_id" pid=636 comm="tcpdump" requested_mask="r" denied_mask="r" fsuid=0 ouid=0
[    9.192647] audit: type=1400 audit(1768500960.040:50): apparmor="DENIED" operation="open" profile="/usr/sbin/tcpdump" name="/proc/sys/kernel/random/boot_id" pid=637 comm="tcpdump" requested_mask="r" denied_mask="r" fsuid=0 ouid=0
[   15.205607] rfkill: input handler disabled
[  224.234590] AAAAA-TCP_FORW: name:enp0s8: saddr:100932208: daddr:16783984
[  224.236569] AAAAA-TCP_FORW: name:enp0s3: saddr:16783984: daddr:100932208
[  225.237328] AAAAA-TCP_FORW: name:enp0s3: saddr:16783984: daddr:100932208
[  225.752393] AAAAA-TCP_FORW: name:enp0s8: saddr:100932208: daddr:16783984
[  225.753111] AAAAA-TCP_FORW: name:enp0s3: saddr:16783984: daddr:100932208
[  225.889638] AAAAA-TCP_FORW: name:enp0s8: saddr:100932208: daddr:16783984
[  225.890466] AAAAA-TCP_FORW: name:enp0s3: saddr:16783984: daddr:100932208
[  225.890486] AAAAA-TCP_FORW: name:enp0s3: saddr:16783984: daddr:100932208
[  226.013562] AAAAA-TCP_FORW: name:enp0s8: saddr:100932208: daddr:16783984
[  226.117738] AAAAA-TCP_FORW: name:enp0s8: saddr:100932208: daddr:16783984
[  226.118507] AAAAA-TCP_FORW: name:enp0s3: saddr:16783984: daddr:100932208
[  226.837645] AAAAA-TCP_FORW: name:enp0s8: saddr:100932208: daddr:33561200
[  227.186843] AAAAA-TCP_FORW: name:enp0s8: saddr:100932208: daddr:16783984
[  227.293753] AAAAA-TCP_FORW: name:enp0s8: saddr:100932208: daddr:16783984
[  227.580142] AAAAA-TCP_FORW: name:enp0s8: saddr:100932208: daddr:16783984
[  229.912588] AAAAA-TCP_FORW: name:enp0s8: saddr:100932208: daddr:16783984
[  230.164275] AAAAA-TCP_FORW: name:enp0s8: saddr:100932208: daddr:33561200
[  230.650588] AAAAA-TCP_FORW: name:enp0s8: saddr:100932208: daddr:16783984
[  230.806510] AAAAA-TCP_FORW: name:enp0s8: saddr:100932208: daddr:16783984
[  230.851562] AAAAA-TCP_FORW: name:enp0s8: saddr:100932208: daddr:16783984
[  231.030750] AAAAA-TCP_FORW: name:enp0s8: saddr:100932208: daddr:16783984
[  231.124677] AAAAA-TCP_FORW: name:enp0s8: saddr:100932208: daddr:16783984
[  231.675574] AAAAA-TCP_FORW: name:enp0s8: saddr:100932208: daddr:16783984
[  231.676473] AAAAA-TCP_FORW: name:enp0s3: saddr:16783984: daddr:100932208
[  231.813720] AAAAA-TCP_FORW: name:enp0s8: saddr:100932208: daddr:16783984
[  231.814426] AAAAA-TCP_FORW: name:enp0s3: saddr:16783984: daddr:100932208
[  231.815780] AAAAA-TCP_FORW: name:enp0s3: saddr:16783984: daddr:100932208
[  231.945244] AAAAA-TCP_FORW: name:enp0s8: saddr:100932208: daddr:33561200
[  231.946028] AAAAA-TCP_FORW: name:enp0s3: saddr:33561200: daddr:100932208
[  232.101099] AAAAA-TCP_FORW: name:enp0s8: saddr:100932208: daddr:33561200
[  232.101793] AAAAA-TCP_FORW: name:enp0s3: saddr:33561200: daddr:100932208
[  232.245258] AAAAA-TCP_FORW: name:enp0s8: saddr:100932208: daddr:16783984
[  232.245981] AAAAA-TCP_FORW: name:enp0s3: saddr:16783984: daddr:100932208
[  232.474784] AAAAA-TCP_FORW: name:enp0s8: saddr:100932208: daddr:33561200
[  232.475819] AAAAA-TCP_FORW: name:enp0s3: saddr:33561200: daddr:100932208
[  232.630754] AAAAA-TCP_FORW: name:enp0s8: saddr:100932208: daddr:16783984
[  232.631524] AAAAA-TCP_FORW: name:enp0s3: saddr:16783984: daddr:100932208
[  232.731511] AAAAA-TCP_FORW: name:enp0s8: saddr:100932208: daddr:33561200
[  232.732207] AAAAA-TCP_FORW: name:enp0s3: saddr:33561200: daddr:100932208
[  232.838546] AAAAA-TCP_FORW: name:enp0s8: saddr:100932208: daddr:33561200
[  232.839261] AAAAA-TCP_FORW: name:enp0s3: saddr:33561200: daddr:100932208
[  233.042265] AAAAA-TCP_FORW: name:enp0s8: saddr:100932208: daddr:33561200
[  233.043335] AAAAA-TCP_FORW: name:enp0s3: saddr:33561200: daddr:100932208
[  233.186652] AAAAA-TCP_FORW: name:enp0s8: saddr:100932208: daddr:33561200
[  233.187710] AAAAA-TCP_FORW: name:enp0s3: saddr:33561200: daddr:100932208
[  233.267257] AAAAA-TCP_FORW: name:enp0s8: saddr:100932208: daddr:33561200
[  233.268066] AAAAA-TCP_FORW: name:enp0s3: saddr:33561200: daddr:100932208
[  233.364142] AAAAA-TCP_FORW: name:enp0s8: saddr:100932208: daddr:16783984
[  233.365723] AAAAA-TCP_FORW: name:enp0s3: saddr:16783984: daddr:100932208
[  233.479120] AAAAA-TCP_FORW: name:enp0s8: saddr:100932208: daddr:16783984
[  233.480227] AAAAA-TCP_FORW: name:enp0s3: saddr:16783984: daddr:100932208
[  233.596030] AAAAA-TCP_FORW: name:enp0s8: saddr:100932208: daddr:16783984
[  233.597060] AAAAA-TCP_FORW: name:enp0s3: saddr:16783984: daddr:100932208
[  233.727010] AAAAA-TCP_FORW: name:enp0s8: saddr:100932208: daddr:16783984
[  233.728060] AAAAA-TCP_FORW: name:enp0s3: saddr:16783984: daddr:100932208
[  233.913960] AAAAA-TCP_FORW: name:enp0s8: saddr:100932208: daddr:16783984
[  233.915000] AAAAA-TCP_FORW: name:enp0s3: saddr:16783984: daddr:100932208
[  234.039654] AAAAA-TCP_FORW: name:enp0s8: saddr:100932208: daddr:33561200
[  234.040387] AAAAA-TCP_FORW: name:enp0s3: saddr:33561200: daddr:100932208
[  234.164214] AAAAA-TCP_FORW: name:enp0s8: saddr:100932208: daddr:33561200
[  234.165261] AAAAA-TCP_FORW: name:enp0s3: saddr:33561200: daddr:100932208
[  234.317140] AAAAA-TCP_FORW: name:enp0s8: saddr:100932208: daddr:16783984
[  234.318128] AAAAA-TCP_FORW: name:enp0s3: saddr:16783984: daddr:100932208
[  234.438517] AAAAA-TCP_FORW: name:enp0s8: saddr:100932208: daddr:16783984
[  234.439553] AAAAA-TCP_FORW: name:enp0s3: saddr:16783984: daddr:100932208
[  234.618254] AAAAA-TCP_FORW: name:enp0s8: saddr:100932208: daddr:33561200
[  234.619027] AAAAA-TCP_FORW: name:enp0s3: saddr:33561200: daddr:100932208
[  234.668333] AAAAA-TCP_FORW: name:enp0s8: saddr:100932208: daddr:33561200
[  234.669047] AAAAA-TCP_FORW: name:enp0s3: saddr:33561200: daddr:100932208
[  234.821381] AAAAA-TCP_FORW: name:enp0s8: saddr:100932208: daddr:16783984
[  234.822122] AAAAA-TCP_FORW: name:enp0s3: saddr:16783984: daddr:100932208
[  234.863767] AAAAA-TCP_FORW: name:enp0s8: saddr:100932208: daddr:16783984
[  234.864799] AAAAA-TCP_FORW: name:enp0s3: saddr:16783984: daddr:100932208
[  234.940119] AAAAA-TCP_FORW: name:enp0s8: saddr:100932208: daddr:16783984
[  234.985550] AAAAA-TCP_FORW: name:enp0s8: saddr:100932208: daddr:33561200
[  234.986233] AAAAA-TCP_FORW: name:enp0s3: saddr:33561200: daddr:100932208
[  235.075019] AAAAA-TCP_FORW: name:enp0s8: saddr:100932208: daddr:33561200
[  235.076177] AAAAA-TCP_FORW: name:enp0s3: saddr:33561200: daddr:100932208
[  235.154361] AAAAA-TCP_FORW: name:enp0s8: saddr:100932208: daddr:16783984
[  235.155166] AAAAA-TCP_FORW: name:enp0s3: saddr:16783984: daddr:100932208
[  235.340902] AAAAA-TCP_FORW: name:enp0s8: saddr:100932208: daddr:16783984
[  235.342081] AAAAA-TCP_FORW: name:enp0s3: saddr:16783984: daddr:100932208
[  235.453586] AAAAA-TCP_FORW: name:enp0s8: saddr:100932208: daddr:33561200
[  235.454723] AAAAA-TCP_FORW: name:enp0s3: saddr:33561200: daddr:100932208
[  235.569749] AAAAA-TCP_FORW: name:enp0s8: saddr:100932208: daddr:33561200
[  235.570896] AAAAA-TCP_FORW: name:enp0s3: saddr:33561200: daddr:100932208
[  235.661507] AAAAA-TCP_FORW: name:enp0s8: saddr:100932208: daddr:33561200
[  235.662214] AAAAA-TCP_FORW: name:enp0s3: saddr:33561200: daddr:100932208
[  235.736931] AAAAA-TCP_FORW: name:enp0s8: saddr:100932208: daddr:33561200
[  235.737613] AAAAA-TCP_FORW: name:enp0s3: saddr:33561200: daddr:100932208
[  235.904431] AAAAA-TCP_FORW: name:enp0s8: saddr:100932208: daddr:33561200
[  235.905719] AAAAA-TCP_FORW: name:enp0s3: saddr:33561200: daddr:100932208
[  235.969136] AAAAA-TCP_FORW: name:enp0s8: saddr:100932208: daddr:33561200
[  235.969948] AAAAA-TCP_FORW: name:enp0s3: saddr:33561200: daddr:100932208
[  236.185425] AAAAA-TCP_FORW: name:enp0s8: saddr:100932208: daddr:33561200
[  236.186288] AAAAA-TCP_FORW: name:enp0s3: saddr:33561200: daddr:100932208
[  236.420140] AAAAA-TCP_FORW: name:enp0s8: saddr:100932208: daddr:33561200
[  236.420980] AAAAA-TCP_FORW: name:enp0s3: saddr:33561200: daddr:100932208
[  236.540638] AAAAA-TCP_FORW: name:enp0s8: saddr:100932208: daddr:33561200
[  236.541491] AAAAA-TCP_FORW: name:enp0s3: saddr:33561200: daddr:100932208
[  236.654882] AAAAA-TCP_FORW: name:enp0s8: saddr:100932208: daddr:33561200
[  236.656059] AAAAA-TCP_FORW: name:enp0s3: saddr:33561200: daddr:100932208
[  236.728552] AAAAA-TCP_FORW: name:enp0s8: saddr:100932208: daddr:33561200
[  236.729706] AAAAA-TCP_FORW: name:enp0s3: saddr:33561200: daddr:100932208
[  236.825104] AAAAA-TCP_FORW: name:enp0s8: saddr:100932208: daddr:16783984
[  236.826272] AAAAA-TCP_FORW: name:enp0s3: saddr:16783984: daddr:100932208
[  236.920461] AAAAA-TCP_FORW: name:enp0s8: saddr:100932208: daddr:16783984
[  236.921068] AAAAA-TCP_FORW: name:enp0s3: saddr:16783984: daddr:100932208
[  237.014397] AAAAA-TCP_FORW: name:enp0s8: saddr:100932208: daddr:16783984
[  237.015166] AAAAA-TCP_FORW: name:enp0s3: saddr:16783984: daddr:100932208
[  237.087403] AAAAA-TCP_FORW: name:enp0s8: saddr:100932208: daddr:16783984
[  237.088151] AAAAA-TCP_FORW: name:enp0s3: saddr:16783984: daddr:100932208
[  237.177217] AAAAA-TCP_FORW: name:enp0s8: saddr:100932208: daddr:16783984
[  237.177861] AAAAA-TCP_FORW: name:enp0s3: saddr:16783984: daddr:100932208
[  237.235709] AAAAA-TCP_FORW: name:enp0s8: saddr:100932208: daddr:16783984
[  237.236709] AAAAA-TCP_FORW: name:enp0s3: saddr:16783984: daddr:100932208
[  237.358770] AAAAA-TCP_FORW: name:enp0s8: saddr:100932208: daddr:16783984
[  237.359961] AAAAA-TCP_FORW: name:enp0s3: saddr:16783984: daddr:100932208
[  237.432945] AAAAA-TCP_FORW: name:enp0s8: saddr:100932208: daddr:16783984
[  237.434109] AAAAA-TCP_FORW: name:enp0s3: saddr:16783984: daddr:100932208
[  237.535622] AAAAA-TCP_FORW: name:enp0s8: saddr:100932208: daddr:16783984
[  237.536802] AAAAA-TCP_FORW: name:enp0s3: saddr:16783984: daddr:100932208
[  237.663546] AAAAA-TCP_FORW: name:enp0s8: saddr:100932208: daddr:16783984
[  237.664745] AAAAA-TCP_FORW: name:enp0s3: saddr:16783984: daddr:100932208
[  237.781490] AAAAA-TCP_FORW: name:enp0s8: saddr:100932208: daddr:16783984
[  237.782498] AAAAA-TCP_FORW: name:enp0s3: saddr:16783984: daddr:100932208
[  237.883067] AAAAA-TCP_FORW: name:enp0s8: saddr:100932208: daddr:33561200
[  237.884227] AAAAA-TCP_FORW: name:enp0s3: saddr:33561200: daddr:100932208
[  237.977261] AAAAA-TCP_FORW: name:enp0s8: saddr:100932208: daddr:33561200
[  237.978353] AAAAA-TCP_FORW: name:enp0s3: saddr:33561200: daddr:100932208
[  238.041734] AAAAA-TCP_FORW: name:enp0s8: saddr:100932208: daddr:33561200
[  238.042437] AAAAA-TCP_FORW: name:enp0s3: saddr:33561200: daddr:100932208
[  238.166129] AAAAA-TCP_FORW: name:enp0s8: saddr:100932208: daddr:33561200
[  238.167335] AAAAA-TCP_FORW: name:enp0s3: saddr:33561200: daddr:100932208
[  238.325444] AAAAA-TCP_FORW: name:enp0s8: saddr:100932208: daddr:16783984
[  238.326861] AAAAA-TCP_FORW: name:enp0s3: saddr:16783984: daddr:100932208
[  238.503421] AAAAA-TCP_FORW: name:enp0s8: saddr:100932208: daddr:16783984
[  238.504591] AAAAA-TCP_FORW: name:enp0s3: saddr:16783984: daddr:100932208
[  238.615605] AAAAA-TCP_FORW: name:enp0s8: saddr:100932208: daddr:16783984
[  238.616766] AAAAA-TCP_FORW: name:enp0s3: saddr:16783984: daddr:100932208
[  238.689755] AAAAA-TCP_FORW: name:enp0s8: saddr:100932208: daddr:16783984
[  238.690471] AAAAA-TCP_FORW: name:enp0s3: saddr:16783984: daddr:100932208
[  238.766654] AAAAA-TCP_FORW: name:enp0s8: saddr:100932208: daddr:33561200
[  238.768914] AAAAA-TCP_FORW: name:enp0s3: saddr:33561200: daddr:100932208
[  238.858424] AAAAA-TCP_FORW: name:enp0s8: saddr:100932208: daddr:33561200
[  238.859649] AAAAA-TCP_FORW: name:enp0s3: saddr:33561200: daddr:100932208
[  238.941763] AAAAA-TCP_FORW: name:enp0s8: saddr:100932208: daddr:33561200
[  238.942482] AAAAA-TCP_FORW: name:enp0s3: saddr:33561200: daddr:100932208
[  239.051874] AAAAA-TCP_FORW: name:enp0s8: saddr:100932208: daddr:33561200
[  239.052585] AAAAA-TCP_FORW: name:enp0s3: saddr:33561200: daddr:100932208
[  239.138090] AAAAA-TCP_FORW: name:enp0s8: saddr:100932208: daddr:16783984
[  239.139302] AAAAA-TCP_FORW: name:enp0s3: saddr:16783984: daddr:100932208
[  239.216141] AAAAA-TCP_FORW: name:enp0s8: saddr:100932208: daddr:16783984
[  239.257309] AAAAA-TCP_FORW: name:enp0s3: saddr:16783984: daddr:100932208
[  239.281044] AAAAA-TCP_FORW: name:enp0s8: saddr:100932208: daddr:16783984
[  239.361242] AAAAA-TCP_FORW: name:enp0s8: saddr:100932208: daddr:16783984
[  239.361979] AAAAA-TCP_FORW: name:enp0s3: saddr:16783984: daddr:100932208
[  239.457682] AAAAA-TCP_FORW: name:enp0s8: saddr:100932208: daddr:33561200
[  239.458402] AAAAA-TCP_FORW: name:enp0s3: saddr:33561200: daddr:100932208
[  239.522097] AAAAA-TCP_FORW: name:enp0s8: saddr:100932208: daddr:33561200
[  239.522852] AAAAA-TCP_FORW: name:enp0s3: saddr:33561200: daddr:100932208
[  239.604306] AAAAA-TCP_FORW: name:enp0s8: saddr:100932208: daddr:33561200
[  239.605023] AAAAA-TCP_FORW: name:enp0s3: saddr:33561200: daddr:100932208
[  239.721403] AAAAA-TCP_FORW: name:enp0s8: saddr:100932208: daddr:33561200
[  239.722130] AAAAA-TCP_FORW: name:enp0s3: saddr:33561200: daddr:100932208
[  239.896347] AAAAA-TCP_FORW: name:enp0s8: saddr:100932208: daddr:16783984
[  239.958611] AAAAA-TCP_FORW: name:enp0s8: saddr:100932208: daddr:16783984
[  239.959369] AAAAA-TCP_FORW: name:enp0s3: saddr:16783984: daddr:100932208
[  240.107019] AAAAA-TCP_FORW: name:enp0s8: saddr:100932208: daddr:16783984
[  240.153292] AAAAA-TCP_FORW: name:enp0s8: saddr:100932208: daddr:16783984
[  240.154248] AAAAA-TCP_FORW: name:enp0s3: saddr:16783984: daddr:100932208
[  240.236017] AAAAA-TCP_FORW: name:enp0s8: saddr:100932208: daddr:33561200
[  240.236897] AAAAA-TCP_FORW: name:enp0s3: saddr:33561200: daddr:100932208
[  240.301189] AAAAA-TCP_FORW: name:enp0s8: saddr:100932208: daddr:33561200
[  240.302367] AAAAA-TCP_FORW: name:enp0s3: saddr:33561200: daddr:100932208
[  240.381537] AAAAA-TCP_FORW: name:enp0s8: saddr:100932208: daddr:33561200
[  240.382671] AAAAA-TCP_FORW: name:enp0s3: saddr:33561200: daddr:100932208
[  240.447395] AAAAA-TCP_FORW: name:enp0s8: saddr:100932208: daddr:33561200
[  240.448109] AAAAA-TCP_FORW: name:enp0s3: saddr:33561200: daddr:100932208
[  240.541865] AAAAA-TCP_FORW: name:enp0s8: saddr:100932208: daddr:33561200
[  240.543006] AAAAA-TCP_FORW: name:enp0s3: saddr:33561200: daddr:100932208
[  240.645480] AAAAA-TCP_FORW: name:enp0s8: saddr:100932208: daddr:33561200
[  240.646648] AAAAA-TCP_FORW: name:enp0s3: saddr:33561200: daddr:100932208
[  240.718802] AAAAA-TCP_FORW: name:enp0s8: saddr:100932208: daddr:33561200
[  240.719922] AAAAA-TCP_FORW: name:enp0s3: saddr:33561200: daddr:100932208
[  240.846353] AAAAA-TCP_FORW: name:enp0s8: saddr:100932208: daddr:33561200
[  240.847133] AAAAA-TCP_FORW: name:enp0s3: saddr:33561200: daddr:100932208
[  240.919452] AAAAA-TCP_FORW: name:enp0s8: saddr:100932208: daddr:33561200
[  240.920529] AAAAA-TCP_FORW: name:enp0s3: saddr:33561200: daddr:100932208
[  241.012466] AAAAA-TCP_FORW: name:enp0s8: saddr:100932208: daddr:16783984
[  241.058772] AAAAA-TCP_FORW: name:enp0s8: saddr:100932208: daddr:16783984
[  241.059555] AAAAA-TCP_FORW: name:enp0s3: saddr:16783984: daddr:100932208
[  241.147823] AAAAA-TCP_FORW: name:enp0s8: saddr:100932208: daddr:16783984
[  241.214818] AAAAA-TCP_FORW: name:enp0s8: saddr:100932208: daddr:16783984
[  241.215564] AAAAA-TCP_FORW: name:enp0s3: saddr:16783984: daddr:100932208
[  241.253352] AAAAA-TCP_FORW: name:enp0s8: saddr:100932208: daddr:16783984
[  241.315866] AAAAA-TCP_FORW: name:enp0s8: saddr:100932208: daddr:16783984
[  241.317083] AAAAA-TCP_FORW: name:enp0s3: saddr:16783984: daddr:100932208
[  241.428239] AAAAA-TCP_FORW: name:enp0s8: saddr:100932208: daddr:16783984
[  241.498673] AAAAA-TCP_FORW: name:enp0s8: saddr:100932208: daddr:16783984
[  241.499801] AAAAA-TCP_FORW: name:enp0s3: saddr:16783984: daddr:100932208
[  241.572624] AAAAA-TCP_FORW: name:enp0s8: saddr:100932208: daddr:16783984
[  241.604118] AAAAA-TCP_FORW: name:enp0s8: saddr:100932208: daddr:16783984
[  241.604825] AAAAA-TCP_FORW: name:enp0s3: saddr:16783984: daddr:100932208
[  241.682610] AAAAA-TCP_FORW: name:enp0s8: saddr:100932208: daddr:16783984
[  241.735115] AAAAA-TCP_FORW: name:enp0s8: saddr:100932208: daddr:16783984
[  241.736343] AAAAA-TCP_FORW: name:enp0s3: saddr:16783984: daddr:100932208
[  241.825203] AAAAA-TCP_FORW: name:enp0s8: saddr:100932208: daddr:33561200
[  241.826430] AAAAA-TCP_FORW: name:enp0s3: saddr:33561200: daddr:100932208
[  241.905709] AAAAA-TCP_FORW: name:enp0s8: saddr:100932208: daddr:33561200
[  241.906847] AAAAA-TCP_FORW: name:enp0s3: saddr:33561200: daddr:100932208
[  242.015263] AAAAA-TCP_FORW: name:enp0s8: saddr:100932208: daddr:33561200
[  242.017608] AAAAA-TCP_FORW: name:enp0s3: saddr:33561200: daddr:100932208
[  242.077346] AAAAA-TCP_FORW: name:enp0s8: saddr:100932208: daddr:33561200
[  242.079777] AAAAA-TCP_FORW: name:enp0s3: saddr:33561200: daddr:100932208
[  242.158660] AAAAA-TCP_FORW: name:enp0s8: saddr:100932208: daddr:16783984
[  242.208821] AAAAA-TCP_FORW: name:enp0s8: saddr:100932208: daddr:16783984
[  242.210115] AAAAA-TCP_FORW: name:enp0s3: saddr:16783984: daddr:100932208
[  242.308304] AAAAA-TCP_FORW: name:enp0s8: saddr:100932208: daddr:16783984
[  242.343470] AAAAA-TCP_FORW: name:enp0s8: saddr:100932208: daddr:16783984
[  242.344594] AAAAA-TCP_FORW: name:enp0s3: saddr:16783984: daddr:100932208
[  242.415857] AAAAA-TCP_FORW: name:enp0s8: saddr:100932208: daddr:33561200
[  242.418105] AAAAA-TCP_FORW: name:enp0s3: saddr:33561200: daddr:100932208
[  242.475252] AAAAA-TCP_FORW: name:enp0s8: saddr:100932208: daddr:33561200
[  242.477632] AAAAA-TCP_FORW: name:enp0s3: saddr:33561200: daddr:100932208
[  242.528423] AAAAA-TCP_FORW: name:enp0s8: saddr:100932208: daddr:33561200
[  242.530818] AAAAA-TCP_FORW: name:enp0s3: saddr:33561200: daddr:100932208
[  242.590713] AAAAA-TCP_FORW: name:enp0s8: saddr:100932208: daddr:33561200
[  242.592872] AAAAA-TCP_FORW: name:enp0s3: saddr:33561200: daddr:100932208
[  242.703228] AAAAA-TCP_FORW: name:enp0s8: saddr:100932208: daddr:33561200
[  242.705697] AAAAA-TCP_FORW: name:enp0s3: saddr:33561200: daddr:100932208
[  242.804195] AAAAA-TCP_FORW: name:enp0s8: saddr:100932208: daddr:33561200
[  242.806571] AAAAA-TCP_FORW: name:enp0s3: saddr:33561200: daddr:100932208
[  242.879436] AAAAA-TCP_FORW: name:enp0s8: saddr:100932208: daddr:16783984
[  242.943166] AAAAA-TCP_FORW: name:enp0s8: saddr:100932208: daddr:16783984
[  242.944296] AAAAA-TCP_FORW: name:enp0s3: saddr:16783984: daddr:100932208
[  243.031021] AAAAA-TCP_FORW: name:enp0s8: saddr:100932208: daddr:16783984
[  243.092450] AAAAA-TCP_FORW: name:enp0s8: saddr:100932208: daddr:16783984
[  243.093903] AAAAA-TCP_FORW: name:enp0s3: saddr:16783984: daddr:100932208
[  243.182297] AAAAA-TCP_FORW: name:enp0s8: saddr:100932208: daddr:16783984
[  243.201855] AAAAA-TCP_FORW: name:enp0s8: saddr:100932208: daddr:33561200
[  243.204058] AAAAA-TCP_FORW: name:enp0s3: saddr:33561200: daddr:100932208
[  243.266859] AAAAA-TCP_FORW: name:enp0s8: saddr:100932208: daddr:33561200
[  243.268792] AAAAA-TCP_FORW: name:enp0s3: saddr:33561200: daddr:100932208
[  243.295621] AAAAA-TCP_FORW: name:enp0s8: saddr:100932208: daddr:33561200
[  243.297840] AAAAA-TCP_FORW: name:enp0s3: saddr:33561200: daddr:100932208
[  243.341301] AAAAA-TCP_FORW: name:enp0s3: saddr:16783984: daddr:100932208
[  243.365745] AAAAA-TCP_FORW: name:enp0s8: saddr:100932208: daddr:33561200
[  243.367765] AAAAA-TCP_FORW: name:enp0s3: saddr:33561200: daddr:100932208
[  243.398101] AAAAA-TCP_FORW: name:enp0s8: saddr:100932208: daddr:33561200
[  243.400495] AAAAA-TCP_FORW: name:enp0s3: saddr:33561200: daddr:100932208
[  243.458380] AAAAA-TCP_FORW: name:enp0s8: saddr:100932208: daddr:33561200
[  243.460463] AAAAA-TCP_FORW: name:enp0s3: saddr:33561200: daddr:100932208
[  243.574796] AAAAA-TCP_FORW: name:enp0s8: saddr:100932208: daddr:16783984
[  243.666718] AAAAA-TCP_FORW: name:enp0s8: saddr:100932208: daddr:16783984
[  243.667962] AAAAA-TCP_FORW: name:enp0s3: saddr:16783984: daddr:100932208
[  243.802801] AAAAA-TCP_FORW: name:enp0s8: saddr:100932208: daddr:16783984
[  243.889060] AAAAA-TCP_FORW: name:enp0s8: saddr:100932208: daddr:16783984
[  243.890022] AAAAA-TCP_FORW: name:enp0s3: saddr:16783984: daddr:100932208
[  243.983030] AAAAA-TCP_FORW: name:enp0s8: saddr:100932208: daddr:16783984
[  244.159388] AAAAA-TCP_FORW: name:enp0s8: saddr:100932208: daddr:16783984
[  244.160172] AAAAA-TCP_FORW: name:enp0s3: saddr:16783984: daddr:100932208
[  244.294552] AAAAA-TCP_FORW: name:enp0s8: saddr:100932208: daddr:33561200
[  244.296375] AAAAA-TCP_FORW: name:enp0s3: saddr:33561200: daddr:100932208
[  244.400091] AAAAA-TCP_FORW: name:enp0s8: saddr:100932208: daddr:33561200
[  244.400817] AAAAA-TCP_FORW: name:enp0s3: saddr:33561200: daddr:100932208
[  244.494160] AAAAA-TCP_FORW: name:enp0s8: saddr:100932208: daddr:33561200
[  244.495264] AAAAA-TCP_FORW: name:enp0s3: saddr:33561200: daddr:100932208
[  244.535045] AAAAA-TCP_FORW: name:enp0s8: saddr:100932208: daddr:33561200
[  244.536062] AAAAA-TCP_FORW: name:enp0s3: saddr:33561200: daddr:100932208
[  244.661903] AAAAA-TCP_FORW: name:enp0s8: saddr:100932208: daddr:33561200
[  244.663035] AAAAA-TCP_FORW: name:enp0s3: saddr:33561200: daddr:100932208
[  244.807865] AAAAA-TCP_FORW: name:enp0s8: saddr:100932208: daddr:33561200
[  244.809045] AAAAA-TCP_FORW: name:enp0s3: saddr:33561200: daddr:100932208
[  244.919654] AAAAA-TCP_FORW: name:enp0s8: saddr:100932208: daddr:16783984
[  245.001321] AAAAA-TCP_FORW: name:enp0s8: saddr:100932208: daddr:16783984
[  245.002489] AAAAA-TCP_FORW: name:enp0s3: saddr:16783984: daddr:100932208
[  245.134139] AAAAA-TCP_FORW: name:enp0s8: saddr:100932208: daddr:16783984
[  245.134903] AAAAA-TCP_FORW: name:enp0s3: saddr:16783984: daddr:100932208
[  245.326111] AAAAA-TCP_FORW: name:enp0s8: saddr:100932208: daddr:33561200
[  245.327348] AAAAA-TCP_FORW: name:enp0s3: saddr:33561200: daddr:100932208
[  245.518098] AAAAA-TCP_FORW: name:enp0s8: saddr:100932208: daddr:33561200
[  245.519284] AAAAA-TCP_FORW: name:enp0s3: saddr:33561200: daddr:100932208
[  245.806111] AAAAA-TCP_FORW: name:enp0s8: saddr:100932208: daddr:16783984
[  245.807260] AAAAA-TCP_FORW: name:enp0s3: saddr:16783984: daddr:100932208
[  246.008886] AAAAA-TCP_FORW: name:enp0s8: saddr:100932208: daddr:16783984
[  246.010480] AAAAA-TCP_FORW: name:enp0s3: saddr:16783984: daddr:100932208
[  246.258624] AAAAA-TCP_FORW: name:enp0s8: saddr:100932208: daddr:16783984
[  246.259819] AAAAA-TCP_FORW: name:enp0s3: saddr:16783984: daddr:100932208
[  246.308148] AAAAA-TCP_FORW: name:enp0s8: saddr:100932208: daddr:16783984
[  246.309214] AAAAA-TCP_FORW: name:enp0s3: saddr:16783984: daddr:100932208
[  246.473942] AAAAA-TCP_FORW: name:enp0s8: saddr:100932208: daddr:16783984
[  246.475066] AAAAA-TCP_FORW: name:enp0s3: saddr:16783984: daddr:100932208
[  246.518793] AAAAA-TCP_FORW: name:enp0s8: saddr:100932208: daddr:16783984
[  246.519926] AAAAA-TCP_FORW: name:enp0s3: saddr:16783984: daddr:100932208
[  246.624833] AAAAA-TCP_FORW: name:enp0s8: saddr:100932208: daddr:16783984
[  246.626041] AAAAA-TCP_FORW: name:enp0s3: saddr:16783984: daddr:100932208
[  246.713404] AAAAA-TCP_FORW: name:enp0s8: saddr:100932208: daddr:16783984
[  246.714476] AAAAA-TCP_FORW: name:enp0s3: saddr:16783984: daddr:100932208
[  246.829418] AAAAA-TCP_FORW: name:enp0s8: saddr:100932208: daddr:16783984
[  246.830548] AAAAA-TCP_FORW: name:enp0s3: saddr:16783984: daddr:100932208
[  246.983944] AAAAA-TCP_FORW: name:enp0s8: saddr:100932208: daddr:16783984
[  246.984921] AAAAA-TCP_FORW: name:enp0s3: saddr:16783984: daddr:100932208
[  247.047133] AAAAA-TCP_FORW: name:enp0s8: saddr:100932208: daddr:16783984
[  247.048218] AAAAA-TCP_FORW: name:enp0s3: saddr:16783984: daddr:100932208
[  247.188729] AAAAA-TCP_FORW: name:enp0s8: saddr:100932208: daddr:16783984
[  247.189824] AAAAA-TCP_FORW: name:enp0s3: saddr:16783984: daddr:100932208
[  247.393270] AAAAA-TCP_FORW: name:enp0s8: saddr:100932208: daddr:16783984
[  247.394268] AAAAA-TCP_FORW: name:enp0s3: saddr:16783984: daddr:100932208
[  247.514247] AAAAA-TCP_FORW: name:enp0s8: saddr:100932208: daddr:33561200
[  247.515007] AAAAA-TCP_FORW: name:enp0s3: saddr:33561200: daddr:100932208
[  247.578244] AAAAA-TCP_FORW: name:enp0s8: saddr:100932208: daddr:16783984
[  247.579347] AAAAA-TCP_FORW: name:enp0s3: saddr:16783984: daddr:100932208
[  247.606396] AAAAA-TCP_FORW: name:enp0s8: saddr:100932208: daddr:16783984
[  247.607426] AAAAA-TCP_FORW: name:enp0s3: saddr:16783984: daddr:100932208
[  247.793166] AAAAA-TCP_FORW: name:enp0s8: saddr:100932208: daddr:33561200
[  247.793885] AAAAA-TCP_FORW: name:enp0s3: saddr:33561200: daddr:100932208
[  247.825865] AAAAA-TCP_FORW: name:enp0s8: saddr:100932208: daddr:16783984
[  247.826729] AAAAA-TCP_FORW: name:enp0s3: saddr:16783984: daddr:100932208
[  247.896332] AAAAA-TCP_FORW: name:enp0s8: saddr:100932208: daddr:33561200
[  247.897104] AAAAA-TCP_FORW: name:enp0s3: saddr:33561200: daddr:100932208
[  247.952489] AAAAA-TCP_FORW: name:enp0s8: saddr:100932208: daddr:33561200
[  247.953545] AAAAA-TCP_FORW: name:enp0s3: saddr:33561200: daddr:100932208
[  248.043891] AAAAA-TCP_FORW: name:enp0s8: saddr:100932208: daddr:16783984
[  248.044979] AAAAA-TCP_FORW: name:enp0s3: saddr:16783984: daddr:100932208
[  248.058232] AAAAA-TCP_FORW: name:enp0s8: saddr:100932208: daddr:33561200
[  248.058954] AAAAA-TCP_FORW: name:enp0s3: saddr:33561200: daddr:100932208
[  248.198238] AAAAA-TCP_FORW: name:enp0s8: saddr:100932208: daddr:16783984
[  248.199369] AAAAA-TCP_FORW: name:enp0s3: saddr:16783984: daddr:100932208
[  248.211323] AAAAA-TCP_FORW: name:enp0s8: saddr:100932208: daddr:33561200
[  248.212020] AAAAA-TCP_FORW: name:enp0s3: saddr:33561200: daddr:100932208
[  248.313254] AAAAA-TCP_FORW: name:enp0s8: saddr:100932208: daddr:33561200
[  248.314333] AAAAA-TCP_FORW: name:enp0s3: saddr:33561200: daddr:100932208
[  248.421218] AAAAA-TCP_FORW: name:enp0s8: saddr:100932208: daddr:33561200
[  248.422411] AAAAA-TCP_FORW: name:enp0s3: saddr:33561200: daddr:100932208
[  248.520135] AAAAA-TCP_FORW: name:enp0s8: saddr:100932208: daddr:33561200
[  248.521218] AAAAA-TCP_FORW: name:enp0s3: saddr:33561200: daddr:100932208
[  248.553931] AAAAA-TCP_FORW: name:enp0s8: saddr:100932208: daddr:33561200
[  248.554802] AAAAA-TCP_FORW: name:enp0s3: saddr:33561200: daddr:100932208
[  248.659258] AAAAA-TCP_FORW: name:enp0s8: saddr:100932208: daddr:33561200
[  248.660034] AAAAA-TCP_FORW: name:enp0s3: saddr:33561200: daddr:100932208
[  248.716910] AAAAA-TCP_FORW: name:enp0s8: saddr:100932208: daddr:16783984
[  248.718466] AAAAA-TCP_FORW: name:enp0s3: saddr:16783984: daddr:100932208
[  248.767179] AAAAA-TCP_FORW: name:enp0s8: saddr:100932208: daddr:33561200
[  248.767876] AAAAA-TCP_FORW: name:enp0s3: saddr:33561200: daddr:100932208
[  248.806379] AAAAA-TCP_FORW: name:enp0s8: saddr:100932208: daddr:33561200
[  248.808023] AAAAA-TCP_FORW: name:enp0s3: saddr:33561200: daddr:100932208
[  248.837394] AAAAA-TCP_FORW: name:enp0s8: saddr:100932208: daddr:33561200
[  248.838185] AAAAA-TCP_FORW: name:enp0s3: saddr:33561200: daddr:100932208
[  248.942541] AAAAA-TCP_FORW: name:enp0s8: saddr:100932208: daddr:16783984
[  248.943701] AAAAA-TCP_FORW: name:enp0s3: saddr:16783984: daddr:100932208
[  248.970466] AAAAA-TCP_FORW: name:enp0s8: saddr:100932208: daddr:16783984
[  248.971208] AAAAA-TCP_FORW: name:enp0s3: saddr:16783984: daddr:100932208
[  249.061315] AAAAA-TCP_FORW: name:enp0s8: saddr:100932208: daddr:33561200
[  249.062239] AAAAA-TCP_FORW: name:enp0s3: saddr:33561200: daddr:100932208
[  249.139229] AAAAA-TCP_FORW: name:enp0s8: saddr:100932208: daddr:33561200
[  249.140272] AAAAA-TCP_FORW: name:enp0s3: saddr:33561200: daddr:100932208
[  249.171644] AAAAA-TCP_FORW: name:enp0s8: saddr:100932208: daddr:16783984
[  249.172705] AAAAA-TCP_FORW: name:enp0s3: saddr:16783984: daddr:100932208
[  249.316066] AAAAA-TCP_FORW: name:enp0s8: saddr:100932208: daddr:16783984
[  249.316949] AAAAA-TCP_FORW: name:enp0s3: saddr:16783984: daddr:100932208
[  249.346177] AAAAA-TCP_FORW: name:enp0s8: saddr:100932208: daddr:16783984
[  249.347249] AAAAA-TCP_FORW: name:enp0s3: saddr:16783984: daddr:100932208
[  249.365145] AAAAA-TCP_FORW: name:enp0s8: saddr:100932208: daddr:16783984
[  249.365843] AAAAA-TCP_FORW: name:enp0s3: saddr:16783984: daddr:100932208
[  249.422602] AAAAA-TCP_FORW: name:enp0s8: saddr:100932208: daddr:33561200
[  249.423835] AAAAA-TCP_FORW: name:enp0s3: saddr:33561200: daddr:100932208
[  249.455256] AAAAA-TCP_FORW: name:enp0s8: saddr:100932208: daddr:16783984
[  249.456131] AAAAA-TCP_FORW: name:enp0s3: saddr:16783984: daddr:100932208
[  249.551072] AAAAA-TCP_FORW: name:enp0s8: saddr:100932208: daddr:33561200
[  249.551793] AAAAA-TCP_FORW: name:enp0s3: saddr:33561200: daddr:100932208
[  249.656870] AAAAA-TCP_FORW: name:enp0s8: saddr:100932208: daddr:33561200
[  249.658023] AAAAA-TCP_FORW: name:enp0s3: saddr:33561200: daddr:100932208
[  249.949432] AAAAA-TCP_FORW: name:enp0s8: saddr:100932208: daddr:33561200
[  249.950567] AAAAA-TCP_FORW: name:enp0s3: saddr:33561200: daddr:100932208
[  250.176133] AAAAA-TCP_FORW: name:enp0s8: saddr:100932208: daddr:33561200
[  250.176924] AAAAA-TCP_FORW: name:enp0s3: saddr:33561200: daddr:100932208
[  250.411713] AAAAA-TCP_FORW: name:enp0s8: saddr:100932208: daddr:33561200
[  250.412529] AAAAA-TCP_FORW: name:enp0s3: saddr:33561200: daddr:100932208
[  250.582448] AAAAA-TCP_FORW: name:enp0s8: saddr:100932208: daddr:33561200
[  250.583215] AAAAA-TCP_FORW: name:enp0s3: saddr:33561200: daddr:100932208
[  250.857296] AAAAA-TCP_FORW: name:enp0s8: saddr:100932208: daddr:33561200
[  250.858523] AAAAA-TCP_FORW: name:enp0s3: saddr:33561200: daddr:100932208
[  250.937365] AAAAA-TCP_FORW: name:enp0s8: saddr:100932208: daddr:33561200
[  250.938314] AAAAA-TCP_FORW: name:enp0s3: saddr:33561200: daddr:100932208
[  251.057960] AAAAA-TCP_FORW: name:enp0s8: saddr:100932208: daddr:33561200
[  251.059158] AAAAA-TCP_FORW: name:enp0s3: saddr:33561200: daddr:100932208
[  251.179694] AAAAA-TCP_FORW: name:enp0s8: saddr:100932208: daddr:33561200
[  251.180487] AAAAA-TCP_FORW: name:enp0s3: saddr:33561200: daddr:100932208
[  251.312542] AAAAA-TCP_FORW: name:enp0s8: saddr:100932208: daddr:33561200
[  251.313267] AAAAA-TCP_FORW: name:enp0s3: saddr:33561200: daddr:100932208
[  251.413119] AAAAA-TCP_FORW: name:enp0s8: saddr:100932208: daddr:33561200
[  251.413885] AAAAA-TCP_FORW: name:enp0s3: saddr:33561200: daddr:100932208
[  251.538540] AAAAA-TCP_FORW: name:enp0s8: saddr:100932208: daddr:33561200
[  251.539326] AAAAA-TCP_FORW: name:enp0s3: saddr:33561200: daddr:100932208
[  251.675390] AAAAA-TCP_FORW: name:enp0s8: saddr:100932208: daddr:33561200
[  251.676153] AAAAA-TCP_FORW: name:enp0s3: saddr:33561200: daddr:100932208
[  265.082110] AAAAA-TCP_FORW: name:enp0s8: saddr:100932208: daddr:16783984
[  265.083178] AAAAA-TCP_FORW: name:enp0s3: saddr:16783984: daddr:100932208
[  265.445483] AAAAA-TCP_FORW: name:enp0s8: saddr:100932208: daddr:33561200
[  265.446636] AAAAA-TCP_FORW: name:enp0s3: saddr:33561200: daddr:100932208
[  265.920529] AAAAA-TCP_FORW: name:enp0s8: saddr:100932208: daddr:33561200
[  265.921749] AAAAA-TCP_FORW: name:enp0s3: saddr:33561200: daddr:100932208
[  266.025950] AAAAA-TCP_FORW: name:enp0s8: saddr:100932208: daddr:33561200
[  266.026994] AAAAA-TCP_FORW: name:enp0s3: saddr:33561200: daddr:100932208
[  266.174053] AAAAA-TCP_FORW: name:enp0s8: saddr:100932208: daddr:33561200
[  266.174962] AAAAA-TCP_FORW: name:enp0s3: saddr:33561200: daddr:100932208
[  266.351660] AAAAA-TCP_FORW: name:enp0s8: saddr:100932208: daddr:33561200
[  266.352585] AAAAA-TCP_FORW: name:enp0s3: saddr:33561200: daddr:100932208
[  266.557867] AAAAA-TCP_FORW: name:enp0s8: saddr:100932208: daddr:33561200
[  266.558796] AAAAA-TCP_FORW: name:enp0s3: saddr:33561200: daddr:100932208
[  266.702101] AAAAA-TCP_FORW: name:enp0s8: saddr:100932208: daddr:33561200
[  266.703041] AAAAA-TCP_FORW: name:enp0s3: saddr:33561200: daddr:100932208
[  266.858230] AAAAA-TCP_FORW: name:enp0s8: saddr:33561200: daddr:100932208
[  266.866631] AAAAA-TCP_FORW: name:enp0s8: saddr:100932208: daddr:16783984
[  266.867499] AAAAA-TCP_FORW: name:enp0s3: saddr:16783984: daddr:100932208
[  267.069378] AAAAA-TCP_FORW: name:enp0s8: saddr:33561200: daddr:100932208
[  267.211529] AAAAA-TCP_FORW: name:enp0s8: saddr:16783984: daddr:100932208
[  267.452276] AAAAA-TCP_FORW: name:enp0s8: saddr:100932208: daddr:16783984
[  267.542825] AAAAA-TCP_FORW: name:enp0s8: saddr:33561200: daddr:100932208
[  267.588472] AAAAA-TCP_FORW: name:enp0s8: saddr:100932208: daddr:16783984
[  268.299160] AAAAA-TCP_FORW: name:enp0s8: saddr:100932208: daddr:16783984
[  268.888993] AAAAA-TCP_FORW: name:enp0s8: saddr:100932208: daddr:16783984
[  269.016269] AAAAA-TCP_FORW: name:enp0s8: saddr:100932208: daddr:16783984
[  269.530846] AAAAA-TCP_FORW: name:enp0s8: saddr:100932208: daddr:16783984
[  269.663378] AAAAA-TCP_FORW: name:enp0s8: saddr:100932208: daddr:16783984
[  269.664240] AAAAA-TCP_FORW: name:enp0s3: saddr:16783984: daddr:100932208
[  269.772943] AAAAA-TCP_FORW: name:enp0s8: saddr:100932208: daddr:16783984
[  269.773992] AAAAA-TCP_FORW: name:enp0s3: saddr:16783984: daddr:100932208
[  269.951193] AAAAA-TCP_FORW: name:enp0s8: saddr:100932208: daddr:16783984
[  269.951940] AAAAA-TCP_FORW: name:enp0s3: saddr:16783984: daddr:100932208
[  270.206388] AAAAA-TCP_FORW: name:enp0s8: saddr:100932208: daddr:16783984
[  270.207420] AAAAA-TCP_FORW: name:enp0s3: saddr:16783984: daddr:100932208
[  270.572932] AAAAA-TCP_FORW: name:enp0s8: saddr:100932208: daddr:16783984
[  270.573822] AAAAA-TCP_FORW: name:enp0s3: saddr:16783984: daddr:100932208
[  270.646232] AAAAA-TCP_FORW: name:enp0s8: saddr:100932208: daddr:33561200
[  270.647662] AAAAA-TCP_FORW: name:enp0s3: saddr:33561200: daddr:100932208
[  270.770625] AAAAA-TCP_FORW: name:enp0s8: saddr:100932208: daddr:16783984
[  270.771472] AAAAA-TCP_FORW: name:enp0s3: saddr:16783984: daddr:100932208
[  270.979298] AAAAA-TCP_FORW: name:enp0s8: saddr:100932208: daddr:33561200
[  270.980292] AAAAA-TCP_FORW: name:enp0s3: saddr:33561200: daddr:100932208
[  271.059981] AAAAA-TCP_FORW: name:enp0s8: saddr:100932208: daddr:16783984
[  271.060814] AAAAA-TCP_FORW: name:enp0s3: saddr:16783984: daddr:100932208
[  271.119368] AAAAA-TCP_FORW: name:enp0s8: saddr:100932208: daddr:16783984
[  271.120198] AAAAA-TCP_FORW: name:enp0s3: saddr:16783984: daddr:100932208
[  271.135794] AAAAA-TCP_FORW: name:enp0s8: saddr:100932208: daddr:16783984
[  271.136823] AAAAA-TCP_FORW: name:enp0s3: saddr:16783984: daddr:100932208
[  271.210350] AAAAA-TCP_FORW: name:enp0s8: saddr:100932208: daddr:16783984
[  271.211402] AAAAA-TCP_FORW: name:enp0s3: saddr:16783984: daddr:100932208
[  271.305810] AAAAA-TCP_FORW: name:enp0s8: saddr:100932208: daddr:16783984
[  271.307887] AAAAA-TCP_FORW: name:enp0s3: saddr:16783984: daddr:100932208
[  271.350337] AAAAA-TCP_FORW: name:enp0s8: saddr:100932208: daddr:16783984
[  271.352263] AAAAA-TCP_FORW: name:enp0s3: saddr:16783984: daddr:100932208
[  271.398000] AAAAA-TCP_FORW: name:enp0s8: saddr:100932208: daddr:16783984
[  271.399846] AAAAA-TCP_FORW: name:enp0s3: saddr:16783984: daddr:100932208
[  271.526596] AAAAA-TCP_FORW: name:enp0s8: saddr:100932208: daddr:33561200
[  271.527499] AAAAA-TCP_FORW: name:enp0s3: saddr:33561200: daddr:100932208
[  271.562251] AAAAA-TCP_FORW: name:enp0s8: saddr:100932208: daddr:16783984
[  271.564119] AAAAA-TCP_FORW: name:enp0s3: saddr:16783984: daddr:100932208
[  271.617889] AAAAA-TCP_FORW: name:enp0s8: saddr:100932208: daddr:16783984
[  271.620042] AAAAA-TCP_FORW: name:enp0s3: saddr:16783984: daddr:100932208
[  271.638882] AAAAA-TCP_FORW: name:enp0s8: saddr:100932208: daddr:16783984
[  271.640712] AAAAA-TCP_FORW: name:enp0s3: saddr:16783984: daddr:100932208
[  271.712808] AAAAA-TCP_FORW: name:enp0s8: saddr:100932208: daddr:16783984
[  271.715953] AAAAA-TCP_FORW: name:enp0s3: saddr:16783984: daddr:100932208
[  271.798390] AAAAA-TCP_FORW: name:enp0s8: saddr:100932208: daddr:16783984
[  271.800590] AAAAA-TCP_FORW: name:enp0s3: saddr:16783984: daddr:100932208
[  271.949020] AAAAA-TCP_FORW: name:enp0s8: saddr:100932208: daddr:16783984
[  271.951311] AAAAA-TCP_FORW: name:enp0s3: saddr:16783984: daddr:100932208
[  272.077110] AAAAA-TCP_FORW: name:enp0s8: saddr:100932208: daddr:16783984
[  272.079299] AAAAA-TCP_FORW: name:enp0s3: saddr:16783984: daddr:100932208
[  272.093426] AAAAA-TCP_FORW: name:enp0s8: saddr:100932208: daddr:33561200
[  272.094387] AAAAA-TCP_FORW: name:enp0s3: saddr:33561200: daddr:100932208
[  272.190614] AAAAA-TCP_FORW: name:enp0s8: saddr:100932208: daddr:33561200
[  272.192044] AAAAA-TCP_FORW: name:enp0s3: saddr:33561200: daddr:100932208
[  272.254813] AAAAA-TCP_FORW: name:enp0s8: saddr:100932208: daddr:16783984
[  272.256458] AAAAA-TCP_FORW: name:enp0s3: saddr:16783984: daddr:100932208
[  272.444918] AAAAA-TCP_FORW: name:enp0s8: saddr:100932208: daddr:16783984
[  272.446879] AAAAA-TCP_FORW: name:enp0s3: saddr:16783984: daddr:100932208
[  272.463508] AAAAA-TCP_FORW: name:enp0s8: saddr:100932208: daddr:33561200
[  272.464383] AAAAA-TCP_FORW: name:enp0s3: saddr:33561200: daddr:100932208
[  272.550764] AAAAA-TCP_FORW: name:enp0s8: saddr:100932208: daddr:16783984
[  272.553172] AAAAA-TCP_FORW: name:enp0s3: saddr:16783984: daddr:100932208
[  272.624846] AAAAA-TCP_FORW: name:enp0s8: saddr:100932208: daddr:33561200
[  272.625742] AAAAA-TCP_FORW: name:enp0s3: saddr:33561200: daddr:100932208
[  272.691176] AAAAA-TCP_FORW: name:enp0s8: saddr:100932208: daddr:33561200
[  272.692060] AAAAA-TCP_FORW: name:enp0s3: saddr:33561200: daddr:100932208
[  272.783572] AAAAA-TCP_FORW: name:enp0s8: saddr:100932208: daddr:33561200
[  272.784758] AAAAA-TCP_FORW: name:enp0s3: saddr:33561200: daddr:100932208
[  273.070410] AAAAA-TCP_FORW: name:enp0s8: saddr:100932208: daddr:33561200
[  273.071252] AAAAA-TCP_FORW: name:enp0s3: saddr:33561200: daddr:100932208
[  273.166045] AAAAA-TCP_FORW: name:enp0s8: saddr:100932208: daddr:33561200
[  273.167226] AAAAA-TCP_FORW: name:enp0s3: saddr:33561200: daddr:100932208
[  273.205500] AAAAA-TCP_FORW: name:enp0s8: saddr:100932208: daddr:33561200
[  273.206351] AAAAA-TCP_FORW: name:enp0s3: saddr:33561200: daddr:100932208
[  273.383784] AAAAA-TCP_FORW: name:enp0s8: saddr:100932208: daddr:33561200
[  273.384667] AAAAA-TCP_FORW: name:enp0s3: saddr:33561200: daddr:100932208
[  273.545184] AAAAA-TCP_FORW: name:enp0s8: saddr:100932208: daddr:33561200
[  273.546010] AAAAA-TCP_FORW: name:enp0s3: saddr:33561200: daddr:100932208
[  273.646633] AAAAA-TCP_FORW: name:enp0s8: saddr:100932208: daddr:33561200
[  273.647773] AAAAA-TCP_FORW: name:enp0s3: saddr:33561200: daddr:100932208
[  273.855904] AAAAA-TCP_FORW: name:enp0s8: saddr:100932208: daddr:33561200
[  273.857228] AAAAA-TCP_FORW: name:enp0s3: saddr:33561200: daddr:100932208
[  274.242720] AAAAA-TCP_FORW: name:enp0s8: saddr:100932208: daddr:33561200
[  274.243744] AAAAA-TCP_FORW: name:enp0s3: saddr:33561200: daddr:100932208
[  274.415940] AAAAA-TCP_FORW: name:enp0s8: saddr:100932208: daddr:33561200
[  274.416836] AAAAA-TCP_FORW: name:enp0s3: saddr:33561200: daddr:100932208
[  274.587131] AAAAA-TCP_FORW: name:enp0s8: saddr:100932208: daddr:33561200
[  274.737326] AAAAA-TCP_FORW: name:enp0s8: saddr:100932208: daddr:16783984
[  274.739680] AAAAA-TCP_FORW: name:enp0s3: saddr:16783984: daddr:100932208
[  274.958150] AAAAA-TCP_FORW: name:enp0s8: saddr:100932208: daddr:16783984
[  274.962283] AAAAA-TCP_FORW: name:enp0s3: saddr:16783984: daddr:100932208
[  275.067036] AAAAA-TCP_FORW: name:enp0s8: saddr:100932208: daddr:16783984
[  275.069385] AAAAA-TCP_FORW: name:enp0s3: saddr:16783984: daddr:100932208
[  275.234363] AAAAA-TCP_FORW: name:enp0s8: saddr:100932208: daddr:16783984
[  275.236541] AAAAA-TCP_FORW: name:enp0s3: saddr:16783984: daddr:100932208
[  275.339657] AAAAA-TCP_FORW: name:enp0s8: saddr:100932208: daddr:16783984
[  275.341304] AAAAA-TCP_FORW: name:enp0s3: saddr:16783984: daddr:100932208
[  275.454071] AAAAA-TCP_FORW: name:enp0s8: saddr:100932208: daddr:16783984
[  275.456093] AAAAA-TCP_FORW: name:enp0s3: saddr:16783984: daddr:100932208
[  275.573809] AAAAA-TCP_FORW: name:enp0s8: saddr:100932208: daddr:16783984
[  275.829366] AAAAA-TCP_FORW: name:enp0s8: saddr:100932208: daddr:33561200
[  276.217102] AAAAA-TCP_FORW: name:enp0s8: saddr:100932208: daddr:33561200
[  276.292255] AAAAA-TCP_FORW: name:enp0s8: saddr:100932208: daddr:16783984
[  276.744747] AAAAA-TCP_FORW: name:enp0s8: saddr:100932208: daddr:16783984
[  277.338139] AAAAA-TCP_FORW: name:enp0s8: saddr:100932208: daddr:16783984
[  277.469938] AAAAA-TCP_FORW: name:enp0s8: saddr:100932208: daddr:16783984
[  277.814331] AAAAA-TCP_FORW: name:enp0s8: saddr:100932208: daddr:16783984
[  277.876885] AAAAA-TCP_FORW: name:enp0s8: saddr:100932208: daddr:33561200
[  278.018772] AAAAA-TCP_FORW: name:enp0s8: saddr:100932208: daddr:16783984
[  278.717189] AAAAA-TCP_FORW: name:enp0s8: saddr:100932208: daddr:16783984
[  278.883624] AAAAA-TCP_FORW: name:enp0s8: saddr:100932208: daddr:16783984
[  279.093911] AAAAA-TCP_FORW: name:enp0s8: saddr:100932208: daddr:16783984
[  279.376803] AAAAA-TCP_FORW: name:enp0s8: saddr:100932208: daddr:16783984
[  279.623805] AAAAA-TCP_FORW: name:enp0s8: saddr:100932208: daddr:16783984
[  279.975405] AAAAA-TCP_FORW: name:enp0s8: saddr:100932208: daddr:16783984
[  280.175046] AAAAA-TCP_FORW: name:enp0s8: saddr:100932208: daddr:16783984
[  280.315057] AAAAA-TCP_FORW: name:enp0s8: saddr:100932208: daddr:16783984
[  280.515796] AAAAA-TCP_FORW: name:enp0s8: saddr:100932208: daddr:16783984
[  280.701008] AAAAA-TCP_FORW: name:enp0s8: saddr:100932208: daddr:16783984
[  280.974490] AAAAA-TCP_FORW: name:enp0s8: saddr:100932208: daddr:16783984
[  280.975525] AAAAA-TCP_FORW: name:enp0s3: saddr:16783984: daddr:100932208
[  281.050535] AAAAA-TCP_FORW: name:enp0s8: saddr:100932208: daddr:16783984
[  281.051424] AAAAA-TCP_FORW: name:enp0s3: saddr:16783984: daddr:100932208
[  281.207721] AAAAA-TCP_FORW: name:enp0s8: saddr:100932208: daddr:16783984
[  281.208688] AAAAA-TCP_FORW: name:enp0s3: saddr:16783984: daddr:100932208
[  281.588137] AAAAA-TCP_FORW: name:enp0s8: saddr:100932208: daddr:16783984
[  281.588986] AAAAA-TCP_FORW: name:enp0s3: saddr:16783984: daddr:100932208
[  281.630929] AAAAA-TCP_FORW: name:enp0s8: saddr:100932208: daddr:16783984
[  281.631803] AAAAA-TCP_FORW: name:enp0s3: saddr:16783984: daddr:100932208
[  281.681709] AAAAA-TCP_FORW: name:enp0s8: saddr:100932208: daddr:16783984
[  281.682669] AAAAA-TCP_FORW: name:enp0s3: saddr:16783984: daddr:100932208
[  281.904443] AAAAA-TCP_FORW: name:enp0s8: saddr:100932208: daddr:16783984
[  281.905331] AAAAA-TCP_FORW: name:enp0s3: saddr:16783984: daddr:100932208
[  282.010285] AAAAA-TCP_FORW: name:enp0s8: saddr:100932208: daddr:16783984
[  282.011155] AAAAA-TCP_FORW: name:enp0s3: saddr:16783984: daddr:100932208
[  282.203255] AAAAA-TCP_FORW: name:enp0s8: saddr:100932208: daddr:16783984
[  282.204191] AAAAA-TCP_FORW: name:enp0s3: saddr:16783984: daddr:100932208
[  282.459409] AAAAA-TCP_FORW: name:enp0s8: saddr:100932208: daddr:33561200
[  282.460763] AAAAA-TCP_FORW: name:enp0s3: saddr:33561200: daddr:100932208
[  282.502846] AAAAA-TCP_FORW: name:enp0s8: saddr:100932208: daddr:33561200
[  282.504007] AAAAA-TCP_FORW: name:enp0s3: saddr:33561200: daddr:100932208
[  282.562681] AAAAA-TCP_FORW: name:enp0s8: saddr:100932208: daddr:16783984
[  282.564899] AAAAA-TCP_FORW: name:enp0s3: saddr:16783984: daddr:100932208
[  282.820397] AAAAA-TCP_FORW: name:enp0s8: saddr:100932208: daddr:16783984
[  282.822694] AAAAA-TCP_FORW: name:enp0s3: saddr:16783984: daddr:100932208
[  283.440501] AAAAA-TCP_FORW: name:enp0s8: saddr:100932208: daddr:16783984
[  283.442873] AAAAA-TCP_FORW: name:enp0s3: saddr:16783984: daddr:100932208
[  283.619663] AAAAA-TCP_FORW: name:enp0s8: saddr:100932208: daddr:16783984
[  283.621954] AAAAA-TCP_FORW: name:enp0s3: saddr:16783984: daddr:100932208
[  284.011210] AAAAA-TCP_FORW: name:enp0s8: saddr:100932208: daddr:16783984
[  284.013450] AAAAA-TCP_FORW: name:enp0s3: saddr:16783984: daddr:100932208
[  284.105054] AAAAA-TCP_FORW: name:enp0s8: saddr:100932208: daddr:33561200
[  284.106470] AAAAA-TCP_FORW: name:enp0s3: saddr:33561200: daddr:100932208
[  284.286522] AAAAA-TCP_FORW: name:enp0s8: saddr:100932208: daddr:33561200
[  284.287689] AAAAA-TCP_FORW: name:enp0s3: saddr:33561200: daddr:100932208
[  284.429578] AAAAA-TCP_FORW: name:enp0s8: saddr:100932208: daddr:33561200
[  284.430667] AAAAA-TCP_FORW: name:enp0s3: saddr:33561200: daddr:100932208
[  284.512097] AAAAA-TCP_FORW: name:enp0s8: saddr:100932208: daddr:33561200
[  284.513614] AAAAA-TCP_FORW: name:enp0s3: saddr:33561200: daddr:100932208
[  284.667795] AAAAA-TCP_FORW: name:enp0s8: saddr:100932208: daddr:33561200
[  284.668914] AAAAA-TCP_FORW: name:enp0s3: saddr:33561200: daddr:100932208
[  284.886129] AAAAA-TCP_FORW: name:enp0s8: saddr:100932208: daddr:33561200
[  284.887205] AAAAA-TCP_FORW: name:enp0s3: saddr:33561200: daddr:100932208
[  284.979323] AAAAA-TCP_FORW: name:enp0s8: saddr:100932208: daddr:33561200
[  284.980423] AAAAA-TCP_FORW: name:enp0s3: saddr:33561200: daddr:100932208
[  285.254843] AAAAA-TCP_FORW: name:enp0s8: saddr:100932208: daddr:33561200
[  285.255917] AAAAA-TCP_FORW: name:enp0s3: saddr:33561200: daddr:100932208
[  285.518407] AAAAA-TCP_FORW: name:enp0s8: saddr:100932208: daddr:33561200
[  285.519477] AAAAA-TCP_FORW: name:enp0s3: saddr:33561200: daddr:100932208
[  285.575000] AAAAA-TCP_FORW: name:enp0s8: saddr:100932208: daddr:33561200
[  285.576047] AAAAA-TCP_FORW: name:enp0s3: saddr:33561200: daddr:100932208
[  285.770439] AAAAA-TCP_FORW: name:enp0s8: saddr:100932208: daddr:33561200
[  285.771521] AAAAA-TCP_FORW: name:enp0s3: saddr:33561200: daddr:100932208
[  285.963022] AAAAA-TCP_FORW: name:enp0s8: saddr:100932208: daddr:33561200
[  285.964041] AAAAA-TCP_FORW: name:enp0s3: saddr:33561200: daddr:100932208
[  286.149541] AAAAA-TCP_FORW: name:enp0s8: saddr:100932208: daddr:33561200
[  286.150576] AAAAA-TCP_FORW: name:enp0s3: saddr:33561200: daddr:100932208
[  286.633379] AAAAA-TCP_FORW: name:enp0s8: saddr:100932208: daddr:16783984
[  286.635642] AAAAA-TCP_FORW: name:enp0s3: saddr:16783984: daddr:100932208
[  286.738729] AAAAA-TCP_FORW: name:enp0s8: saddr:100932208: daddr:16783984
[  286.740931] AAAAA-TCP_FORW: name:enp0s3: saddr:16783984: daddr:100932208
[  286.824641] AAAAA-TCP_FORW: name:enp0s8: saddr:100932208: daddr:16783984
[  286.826463] AAAAA-TCP_FORW: name:enp0s3: saddr:16783984: daddr:100932208
[  286.883020] AAAAA-TCP_FORW: name:enp0s8: saddr:100932208: daddr:16783984
[  286.885271] AAAAA-TCP_FORW: name:enp0s3: saddr:16783984: daddr:100932208
[  287.424145] AAAAA-TCP_FORW: name:enp0s8: saddr:100932208: daddr:16783984
[  287.428382] AAAAA-TCP_FORW: name:enp0s3: saddr:16783984: daddr:100932208
[  287.847040] AAAAA-TCP_FORW: name:enp0s8: saddr:100932208: daddr:16783984
[  287.849061] AAAAA-TCP_FORW: name:enp0s3: saddr:16783984: daddr:100932208
[  288.127731] AAAAA-TCP_FORW: name:enp0s8: saddr:100932208: daddr:16783984
[  288.130026] AAAAA-TCP_FORW: name:enp0s3: saddr:16783984: daddr:100932208
[  289.024611] AAAAA-TCP_FORW: name:enp0s8: saddr:100932208: daddr:16783984
[  289.026929] AAAAA-TCP_FORW: name:enp0s3: saddr:16783984: daddr:100932208
[  289.231583] AAAAA-TCP_FORW: name:enp0s8: saddr:100932208: daddr:16783984
[  289.234038] AAAAA-TCP_FORW: name:enp0s3: saddr:16783984: daddr:100932208
[  289.433183] AAAAA-TCP_FORW: name:enp0s8: saddr:100932208: daddr:16783984
[  289.435374] AAAAA-TCP_FORW: name:enp0s3: saddr:16783984: daddr:100932208
[  289.863138] AAAAA-TCP_FORW: name:enp0s8: saddr:100932208: daddr:16783984
[  289.865386] AAAAA-TCP_FORW: name:enp0s3: saddr:16783984: daddr:100932208
[  289.932678] AAAAA-TCP_FORW: name:enp0s8: saddr:100932208: daddr:16783984
[  289.935192] AAAAA-TCP_FORW: name:enp0s3: saddr:16783984: daddr:100932208
[  289.990590] AAAAA-TCP_FORW: name:enp0s8: saddr:100932208: daddr:16783984
[  289.992811] AAAAA-TCP_FORW: name:enp0s3: saddr:16783984: daddr:100932208
[  290.066832] AAAAA-TCP_FORW: name:enp0s8: saddr:100932208: daddr:16783984
[  290.069207] AAAAA-TCP_FORW: name:enp0s3: saddr:16783984: daddr:100932208
[  290.176521] AAAAA-TCP_FORW: name:enp0s8: saddr:100932208: daddr:16783984
[  290.179090] AAAAA-TCP_FORW: name:enp0s3: saddr:16783984: daddr:100932208
[  290.380392] AAAAA-TCP_FORW: name:enp0s8: saddr:100932208: daddr:16783984
[  290.382582] AAAAA-TCP_FORW: name:enp0s3: saddr:16783984: daddr:100932208
[  290.457661] AAAAA-TCP_FORW: name:enp0s8: saddr:100932208: daddr:16783984
[  290.460106] AAAAA-TCP_FORW: name:enp0s3: saddr:16783984: daddr:100932208
[  290.623296] AAAAA-TCP_FORW: name:enp0s8: saddr:100932208: daddr:16783984
[  290.625756] AAAAA-TCP_FORW: name:enp0s3: saddr:16783984: daddr:100932208
[  291.551618] AAAAA-TCP_FORW: name:enp0s8: saddr:100932208: daddr:16783984
[  291.554799] AAAAA-TCP_FORW: name:enp0s3: saddr:16783984: daddr:100932208
[  291.676207] AAAAA-TCP_FORW: name:enp0s8: saddr:100932208: daddr:16783984
[  291.678544] AAAAA-TCP_FORW: name:enp0s3: saddr:16783984: daddr:100932208
[  291.822731] AAAAA-TCP_FORW: name:enp0s8: saddr:100932208: daddr:16783984
[  291.824711] AAAAA-TCP_FORW: name:enp0s3: saddr:16783984: daddr:100932208
[  292.034484] AAAAA-TCP_FORW: name:enp0s8: saddr:100932208: daddr:33561200
[  292.035857] AAAAA-TCP_FORW: name:enp0s3: saddr:33561200: daddr:100932208
[  292.231959] AAAAA-TCP_FORW: name:enp0s8: saddr:100932208: daddr:33561200
[  292.233136] AAAAA-TCP_FORW: name:enp0s3: saddr:33561200: daddr:100932208
[  292.435204] AAAAA-TCP_FORW: name:enp0s8: saddr:100932208: daddr:16783984
[  292.437890] AAAAA-TCP_FORW: name:enp0s3: saddr:16783984: daddr:100932208
[  292.573698] AAAAA-TCP_FORW: name:enp0s8: saddr:100932208: daddr:16783984
[  292.575578] AAAAA-TCP_FORW: name:enp0s3: saddr:16783984: daddr:100932208
[  292.808619] AAAAA-TCP_FORW: name:enp0s8: saddr:100932208: daddr:16783984
[  292.810638] AAAAA-TCP_FORW: name:enp0s3: saddr:16783984: daddr:100932208
[  292.996053] AAAAA-TCP_FORW: name:enp0s8: saddr:100932208: daddr:16783984
[  292.998221] AAAAA-TCP_FORW: name:enp0s3: saddr:16783984: daddr:100932208
[  293.306143] AAAAA-TCP_FORW: name:enp0s8: saddr:100932208: daddr:33561200
[  293.307188] AAAAA-TCP_FORW: name:enp0s3: saddr:33561200: daddr:100932208
[  293.415952] AAAAA-TCP_FORW: name:enp0s8: saddr:100932208: daddr:33561200
[  293.416867] AAAAA-TCP_FORW: name:enp0s3: saddr:33561200: daddr:100932208
[  293.609825] AAAAA-TCP_FORW: name:enp0s8: saddr:100932208: daddr:33561200
[  293.610995] AAAAA-TCP_FORW: name:enp0s3: saddr:33561200: daddr:100932208
[  293.840666] AAAAA-TCP_FORW: name:enp0s8: saddr:100932208: daddr:33561200
[  293.842068] AAAAA-TCP_FORW: name:enp0s3: saddr:33561200: daddr:100932208
[  294.166431] AAAAA-TCP_FORW: name:enp0s8: saddr:100932208: daddr:33561200
[  294.167404] AAAAA-TCP_FORW: name:enp0s3: saddr:33561200: daddr:100932208
[  294.355948] AAAAA-TCP_FORW: name:enp0s8: saddr:100932208: daddr:33561200
[  294.356844] AAAAA-TCP_FORW: name:enp0s3: saddr:33561200: daddr:100932208
[  294.537711] AAAAA-TCP_FORW: name:enp0s8: saddr:100932208: daddr:33561200
[  294.538781] AAAAA-TCP_FORW: name:enp0s3: saddr:33561200: daddr:100932208
[  294.698006] AAAAA-TCP_FORW: name:enp0s8: saddr:100932208: daddr:33561200
[  294.699068] AAAAA-TCP_FORW: name:enp0s3: saddr:33561200: daddr:100932208
[  295.044877] AAAAA-TCP_FORW: name:enp0s8: saddr:100932208: daddr:33561200
[  295.045907] AAAAA-TCP_FORW: name:enp0s3: saddr:33561200: daddr:100932208
[  295.195900] AAAAA-TCP_FORW: name:enp0s8: saddr:100932208: daddr:33561200
[  295.197074] AAAAA-TCP_FORW: name:enp0s3: saddr:33561200: daddr:100932208
[  295.654452] AAAAA-TCP_FORW: name:enp0s8: saddr:100932208: daddr:16783984
[  295.656445] AAAAA-TCP_FORW: name:enp0s3: saddr:16783984: daddr:100932208
[  295.757568] AAAAA-TCP_FORW: name:enp0s8: saddr:100932208: daddr:16783984
[  295.759617] AAAAA-TCP_FORW: name:enp0s3: saddr:16783984: daddr:100932208
[  295.898955] AAAAA-TCP_FORW: name:enp0s8: saddr:100932208: daddr:16783984
[  295.901134] AAAAA-TCP_FORW: name:enp0s3: saddr:16783984: daddr:100932208
[  296.025239] AAAAA-TCP_FORW: name:enp0s8: saddr:100932208: daddr:16783984
[  296.027256] AAAAA-TCP_FORW: name:enp0s3: saddr:16783984: daddr:100932208
[  296.089976] AAAAA-TCP_FORW: name:enp0s8: saddr:100932208: daddr:16783984
[  296.092228] AAAAA-TCP_FORW: name:enp0s3: saddr:16783984: daddr:100932208
[  296.273088] AAAAA-TCP_FORW: name:enp0s8: saddr:100932208: daddr:16783984
[  296.275139] AAAAA-TCP_FORW: name:enp0s3: saddr:16783984: daddr:100932208
[  296.324687] AAAAA-TCP_FORW: name:enp0s8: saddr:100932208: daddr:16783984
[  296.326696] AAAAA-TCP_FORW: name:enp0s3: saddr:16783984: daddr:100932208
[  296.422583] AAAAA-TCP_FORW: name:enp0s8: saddr:100932208: daddr:16783984
[  296.424566] AAAAA-TCP_FORW: name:enp0s3: saddr:16783984: daddr:100932208
[  296.623535] AAAAA-TCP_FORW: name:enp0s8: saddr:100932208: daddr:16783984
[  296.625785] AAAAA-TCP_FORW: name:enp0s3: saddr:16783984: daddr:100932208
[  296.795825] AAAAA-TCP_FORW: name:enp0s8: saddr:100932208: daddr:16783984
[  296.798623] AAAAA-TCP_FORW: name:enp0s3: saddr:16783984: daddr:100932208
[  296.857707] AAAAA-TCP_FORW: name:enp0s8: saddr:100932208: daddr:16783984
[  296.860092] AAAAA-TCP_FORW: name:enp0s3: saddr:16783984: daddr:100932208
[  296.896965] AAAAA-TCP_FORW: name:enp0s8: saddr:100932208: daddr:16783984
[  296.899216] AAAAA-TCP_FORW: name:enp0s3: saddr:16783984: daddr:100932208
[  297.062590] AAAAA-TCP_FORW: name:enp0s8: saddr:100932208: daddr:16783984
[  297.064930] AAAAA-TCP_FORW: name:enp0s3: saddr:16783984: daddr:100932208
[  297.304595] AAAAA-TCP_FORW: name:enp0s8: saddr:100932208: daddr:16783984
[  297.306589] AAAAA-TCP_FORW: name:enp0s3: saddr:16783984: daddr:100932208
[  297.385000] AAAAA-TCP_FORW: name:enp0s8: saddr:100932208: daddr:16783984
[  297.387162] AAAAA-TCP_FORW: name:enp0s3: saddr:16783984: daddr:100932208
[  297.483310] AAAAA-TCP_FORW: name:enp0s8: saddr:100932208: daddr:16783984
[  297.485217] AAAAA-TCP_FORW: name:enp0s3: saddr:16783984: daddr:100932208
[  297.567843] AAAAA-TCP_FORW: name:enp0s8: saddr:100932208: daddr:16783984
[  297.569866] AAAAA-TCP_FORW: name:enp0s3: saddr:16783984: daddr:100932208
[  297.843026] AAAAA-TCP_FORW: name:enp0s8: saddr:100932208: daddr:16783984
[  297.845366] AAAAA-TCP_FORW: name:enp0s3: saddr:16783984: daddr:100932208
[  297.893167] AAAAA-TCP_FORW: name:enp0s8: saddr:100932208: daddr:16783984
[  297.895790] AAAAA-TCP_FORW: name:enp0s3: saddr:16783984: daddr:100932208
[  298.082670] AAAAA-TCP_FORW: name:enp0s8: saddr:100932208: daddr:16783984
[  298.085247] AAAAA-TCP_FORW: name:enp0s3: saddr:16783984: daddr:100932208
[  298.285942] AAAAA-TCP_FORW: name:enp0s8: saddr:100932208: daddr:33561200
[  298.286984] AAAAA-TCP_FORW: name:enp0s3: saddr:33561200: daddr:100932208
[  298.401753] AAAAA-TCP_FORW: name:enp0s8: saddr:100932208: daddr:33561200
[  298.402939] AAAAA-TCP_FORW: name:enp0s3: saddr:33561200: daddr:100932208
[  298.497662] AAAAA-TCP_FORW: name:enp0s8: saddr:100932208: daddr:16783984
[  298.499970] AAAAA-TCP_FORW: name:enp0s3: saddr:16783984: daddr:100932208
[  298.654844] AAAAA-TCP_FORW: name:enp0s8: saddr:100932208: daddr:16783984
[  298.659981] AAAAA-TCP_FORW: name:enp0s3: saddr:16783984: daddr:100932208
[  298.795701] AAAAA-TCP_FORW: name:enp0s8: saddr:100932208: daddr:16783984
[  298.798085] AAAAA-TCP_FORW: name:enp0s3: saddr:16783984: daddr:100932208
[  298.865149] AAAAA-TCP_FORW: name:enp0s8: saddr:100932208: daddr:16783984
[  298.867522] AAAAA-TCP_FORW: name:enp0s3: saddr:16783984: daddr:100932208
[  299.118341] AAAAA-TCP_FORW: name:enp0s8: saddr:100932208: daddr:33561200
[  299.119522] AAAAA-TCP_FORW: name:enp0s3: saddr:33561200: daddr:100932208
[  299.230856] AAAAA-TCP_FORW: name:enp0s8: saddr:100932208: daddr:33561200
[  299.231864] AAAAA-TCP_FORW: name:enp0s3: saddr:33561200: daddr:100932208
[  299.312671] AAAAA-TCP_FORW: name:enp0s8: saddr:100932208: daddr:33561200
[  299.313448] AAAAA-TCP_FORW: name:enp0s3: saddr:33561200: daddr:100932208
[  299.534169] AAAAA-TCP_FORW: name:enp0s8: saddr:100932208: daddr:33561200
[  299.535296] AAAAA-TCP_FORW: name:enp0s3: saddr:33561200: daddr:100932208
[  299.626397] AAAAA-TCP_FORW: name:enp0s8: saddr:100932208: daddr:33561200
[  299.627506] AAAAA-TCP_FORW: name:enp0s3: saddr:33561200: daddr:100932208
[  299.771014] AAAAA-TCP_FORW: name:enp0s8: saddr:100932208: daddr:33561200
[  299.772000] AAAAA-TCP_FORW: name:enp0s3: saddr:33561200: daddr:100932208
[  299.837939] AAAAA-TCP_FORW: name:enp0s8: saddr:100932208: daddr:33561200
[  299.838896] AAAAA-TCP_FORW: name:enp0s3: saddr:33561200: daddr:100932208
[  300.032395] AAAAA-TCP_FORW: name:enp0s8: saddr:100932208: daddr:33561200
[  300.033936] AAAAA-TCP_FORW: name:enp0s3: saddr:33561200: daddr:100932208
[  300.157478] AAAAA-TCP_FORW: name:enp0s8: saddr:100932208: daddr:33561200
[  300.158953] AAAAA-TCP_FORW: name:enp0s3: saddr:33561200: daddr:100932208
[  300.427932] AAAAA-TCP_FORW: name:enp0s8: saddr:100932208: daddr:33561200
[  300.428980] AAAAA-TCP_FORW: name:enp0s3: saddr:33561200: daddr:100932208
[  300.543895] AAAAA-TCP_FORW: name:enp0s8: saddr:100932208: daddr:16783984
[  300.545153] AAAAA-TCP_FORW: name:enp0s3: saddr:16783984: daddr:100932208
[  300.832664] AAAAA-TCP_FORW: name:enp0s8: saddr:100932208: daddr:16783984
[  300.833845] AAAAA-TCP_FORW: name:enp0s3: saddr:16783984: daddr:100932208
[  300.991363] AAAAA-TCP_FORW: name:enp0s8: saddr:100932208: daddr:16783984
[  300.993346] AAAAA-TCP_FORW: name:enp0s3: saddr:16783984: daddr:100932208
[  301.145505] AAAAA-TCP_FORW: name:enp0s8: saddr:100932208: daddr:16783984
