[    0.000000] Linux version 5.4.243-mptcp (root@ztg) (gcc version 12.2.0 (Debian 12.2.0-14+deb12u1)) #53 SMP Wed Dec 24 23:28:15 CST 2025
[    0.000000] Command line: BOOT_IMAGE=/boot/vmlinuz-5.4.243-mptcp root=UUID=98415a12-53b7-4144-8265-0f7ece09e445 ro quiet splash
[    0.000000] KERNEL supported cpus:
[    0.000000]   Intel GenuineIntel
[    0.000000]   AMD AuthenticAMD
[    0.000000]   Hygon HygonGenuine
[    0.000000]   Centaur CentaurHauls
[    0.000000]   zhaoxin   Shanghai  
[    0.000000] x86/fpu: Supporting XSAVE feature 0x001: 'x87 floating point registers'
[    0.000000] x86/fpu: Supporting XSAVE feature 0x002: 'SSE registers'
[    0.000000] x86/fpu: Supporting XSAVE feature 0x004: 'AVX registers'
[    0.000000] x86/fpu: xstate_offset[2]:  576, xstate_sizes[2]:  256
[    0.000000] x86/fpu: Enabled xstate features 0x7, context size is 832 bytes, using 'standard' format.
[    0.000000] BIOS-provided physical RAM map:
[    0.000000] BIOS-e820: [mem 0x0000000000000000-0x000000000009fbff] usable
[    0.000000] BIOS-e820: [mem 0x000000000009fc00-0x000000000009ffff] reserved
[    0.000000] BIOS-e820: [mem 0x00000000000f0000-0x00000000000fffff] reserved
[    0.000000] BIOS-e820: [mem 0x0000000000100000-0x000000007ffeffff] usable
[    0.000000] BIOS-e820: [mem 0x000000007fff0000-0x000000007fffffff] ACPI data
[    0.000000] BIOS-e820: [mem 0x00000000fec00000-0x00000000fec00fff] reserved
[    0.000000] BIOS-e820: [mem 0x00000000fee00000-0x00000000fee00fff] reserved
[    0.000000] BIOS-e820: [mem 0x00000000fffc0000-0x00000000ffffffff] reserved
[    0.000000] NX (Execute Disable) protection: active
[    0.000000] SMBIOS 2.5 present.
[    0.000000] DMI: innotek GmbH VirtualBox/VirtualBox, BIOS VirtualBox 12/01/2006
[    0.000000] Hypervisor detected: KVM
[    0.000000] kvm-clock: Using msrs 4b564d01 and 4b564d00
[    0.000000] kvm-clock: cpu 0, msr 6d001001, primary cpu clock
[    0.000000] kvm-clock: using sched offset of 4440783838 cycles
[    0.000003] clocksource: kvm-clock: mask: 0xffffffffffffffff max_cycles: 0x1cd42e4dffb, max_idle_ns: 881590591483 ns
[    0.000005] tsc: Detected 2100.000 MHz processor
[    0.001850] e820: update [mem 0x00000000-0x00000fff] usable ==> reserved
[    0.001852] e820: remove [mem 0x000a0000-0x000fffff] usable
[    0.001856] last_pfn = 0x7fff0 max_arch_pfn = 0x400000000
[    0.001923] MTRR default type: uncachable
[    0.001924] MTRR fixed ranges enabled:
[    0.001925]   00000-9FFFF write-back
[    0.001925]   A0000-BFFFF uncachable
[    0.001926]   C0000-FFFFF write-protect
[    0.001927] MTRR variable ranges enabled:
[    0.001928]   0 base 000000000000 mask 3FFF80000000 write-back
[    0.001929]   1 disabled
[    0.001929]   2 disabled
[    0.001930]   3 disabled
[    0.001930]   4 disabled
[    0.001931]   5 disabled
[    0.001931]   6 disabled
[    0.001931]   7 disabled
[    0.001932]   8 disabled
[    0.001932]   9 disabled
[    0.001933]   10 disabled
[    0.001933]   11 disabled
[    0.001934]   12 disabled
[    0.001934]   13 disabled
[    0.001934]   14 disabled
[    0.001935]   15 disabled
[    0.001951] x86/PAT: Configuration [0-7]: WB  WC  UC- UC  WB  WP  UC- WT  
[    0.002085] found SMP MP-table at [mem 0x0009fff0-0x0009ffff]
[    0.089610] check: Scanning 1 areas for low memory corruption
[    0.089803] RAMDISK: [mem 0x32271000-0x3512ffff]
[    0.089810] ACPI: Early table checksum verification disabled
[    0.089815] ACPI: RSDP 0x00000000000E0000 000024 (v02 VBOX  )
[    0.089820] ACPI: XSDT 0x000000007FFF0030 00003C (v01 VBOX   VBOXXSDT 00000001 ASL  00000061)
[    0.089826] ACPI: FACP 0x000000007FFF00F0 0000F4 (v04 VBOX   VBOXFACP 00000001 ASL  00000061)
[    0.089832] ACPI: DSDT 0x000000007FFF02E0 002353 (v02 VBOX   VBOXBIOS 00000002 VBOX 00029BF3)
[    0.089836] ACPI: FACS 0x000000007FFF0200 000040
[    0.089839] ACPI: FACS 0x000000007FFF0200 000040
[    0.089843] ACPI: APIC 0x000000007FFF0240 000054 (v02 VBOX   VBOXAPIC 00000001 ASL  00000061)
[    0.089846] ACPI: SSDT 0x000000007FFF02A0 000038 (v01 VBOX   VBOXCPUT 00000002 VBOX 00029BF3)
[    0.089849] ACPI: Reserving FACP table memory at [mem 0x7fff00f0-0x7fff01e3]
[    0.089850] ACPI: Reserving DSDT table memory at [mem 0x7fff02e0-0x7fff2632]
[    0.089851] ACPI: Reserving FACS table memory at [mem 0x7fff0200-0x7fff023f]
[    0.089852] ACPI: Reserving FACS table memory at [mem 0x7fff0200-0x7fff023f]
[    0.089852] ACPI: Reserving APIC table memory at [mem 0x7fff0240-0x7fff0293]
[    0.089853] ACPI: Reserving SSDT table memory at [mem 0x7fff02a0-0x7fff02d7]
[    0.089867] ACPI: Local APIC address 0xfee00000
[    0.090049] No NUMA configuration found
[    0.090050] Faking a node at [mem 0x0000000000000000-0x000000007ffeffff]
[    0.090061] NODE_DATA(0) allocated [mem 0x7ffc5000-0x7ffeffff]
[    0.090322] Zone ranges:
[    0.090323]   DMA      [mem 0x0000000000001000-0x0000000000ffffff]
[    0.090324]   DMA32    [mem 0x0000000001000000-0x000000007ffeffff]
[    0.090325]   Normal   empty
[    0.090326]   Device   empty
[    0.090326] Movable zone start for each node
[    0.090328] Early memory node ranges
[    0.090329]   node   0: [mem 0x0000000000001000-0x000000000009efff]
[    0.090330]   node   0: [mem 0x0000000000100000-0x000000007ffeffff]
[    0.090333] Zeroed struct page in unavailable ranges: 114 pages
[    0.090334] Initmem setup node 0 [mem 0x0000000000001000-0x000000007ffeffff]
[    0.090335] On node 0 totalpages: 524174
[    0.090336]   DMA zone: 64 pages used for memmap
[    0.090336]   DMA zone: 21 pages reserved
[    0.090337]   DMA zone: 3998 pages, LIFO batch:0
[    0.090408]   DMA32 zone: 8128 pages used for memmap
[    0.090408]   DMA32 zone: 520176 pages, LIFO batch:63
[    0.099349] ACPI: PM-Timer IO Port: 0x4008
[    0.099352] ACPI: Local APIC address 0xfee00000
[    0.099417] IOAPIC[0]: apic_id 1, version 32, address 0xfec00000, GSI 0-23
[    0.099421] ACPI: INT_SRC_OVR (bus 0 bus_irq 0 global_irq 2 dfl dfl)
[    0.099422] ACPI: INT_SRC_OVR (bus 0 bus_irq 9 global_irq 9 low level)
[    0.099424] ACPI: IRQ0 used by override.
[    0.099425] ACPI: IRQ9 used by override.
[    0.099428] Using ACPI (MADT) for SMP configuration information
[    0.099434] smpboot: Allowing 1 CPUs, 0 hotplug CPUs
[    0.099456] PM: Registered nosave memory: [mem 0x00000000-0x00000fff]
[    0.099458] PM: Registered nosave memory: [mem 0x0009f000-0x0009ffff]
[    0.099458] PM: Registered nosave memory: [mem 0x000a0000-0x000effff]
[    0.099459] PM: Registered nosave memory: [mem 0x000f0000-0x000fffff]
[    0.099461] [mem 0x80000000-0xfebfffff] available for PCI devices
[    0.099461] Booting paravirtualized kernel on KVM
[    0.099464] clocksource: refined-jiffies: mask: 0xffffffff max_cycles: 0xffffffff, max_idle_ns: 7645519600211568 ns
[    0.099468] setup_percpu: NR_CPUS:8192 nr_cpumask_bits:1 nr_cpu_ids:1 nr_node_ids:1
[    0.100474] percpu: Embedded 60 pages/cpu s208896 r8192 d28672 u2097152
[    0.100478] pcpu-alloc: s208896 r8192 d28672 u2097152 alloc=1*2097152
[    0.100479] pcpu-alloc: [0] 0 
[    0.100506] Built 1 zonelists, mobility grouping on.  Total pages: 515961
[    0.100506] Policy zone: DMA32
[    0.100508] Kernel command line: BOOT_IMAGE=/boot/vmlinuz-5.4.243-mptcp root=UUID=98415a12-53b7-4144-8265-0f7ece09e445 ro quiet splash
[    0.101353] Dentry cache hash table entries: 262144 (order: 9, 2097152 bytes, linear)
[    0.101499] Inode-cache hash table entries: 131072 (order: 8, 1048576 bytes, linear)
[    0.101550] mem auto-init: stack:off, heap alloc:on, heap free:off
[    0.101553] Calgary: detecting Calgary via BIOS EBDA area
[    0.101554] Calgary: Unable to locate Rio Grande table in EBDA - bailing!
[    0.105631] Memory: 1967332K/2096696K available (14339K kernel code, 2398K rwdata, 4712K rodata, 2728K init, 17260K bss, 129364K reserved, 0K cma-reserved)
[    0.106547] SLUB: HWalign=64, Order=0-3, MinObjects=0, CPUs=1, Nodes=1
[    0.106563] ftrace: allocating 43186 entries in 169 pages
[    0.124688] rcu: Hierarchical RCU implementation.
[    0.124689] rcu: 	RCU restricting CPUs from NR_CPUS=8192 to nr_cpu_ids=1.
[    0.124690] 	Tasks RCU enabled.
[    0.124691] rcu: RCU calculated value of scheduler-enlistment delay is 25 jiffies.
[    0.124692] rcu: Adjusting geometry for rcu_fanout_leaf=16, nr_cpu_ids=1
[    0.127648] NR_IRQS: 524544, nr_irqs: 256, preallocated irqs: 16
[    0.127858] random: crng init done
[    0.137163] Console: colour VGA+ 80x25
[    0.137168] printk: console [tty0] enabled
[    0.137189] ACPI: Core revision 20190816
[    0.137285] APIC: Switch to symmetric I/O mode setup
[    0.137538] x2apic enabled
[    0.137780] Switched APIC routing to physical x2apic.
[    0.138917] ..TIMER: vector=0x30 apic1=0 pin1=2 apic2=-1 pin2=-1
[    0.138942] clocksource: tsc-early: mask: 0xffffffffffffffff max_cycles: 0x1e4530a99b6, max_idle_ns: 440795257976 ns
[    0.138947] Calibrating delay loop (skipped) preset value.. 4200.00 BogoMIPS (lpj=8400000)
[    0.138949] pid_max: default: 32768 minimum: 301
[    0.138977] LSM: Security Framework initializing
[    0.138986] Yama: becoming mindful.
[    0.139013] AppArmor: AppArmor initialized
[    0.139047] Mount-cache hash table entries: 4096 (order: 3, 32768 bytes, linear)
[    0.139052] Mountpoint-cache hash table entries: 4096 (order: 3, 32768 bytes, linear)
[    0.139062] *** VALIDATE tmpfs ***
[    0.139198] *** VALIDATE proc ***
[    0.139239] *** VALIDATE cgroup1 ***
[    0.139240] *** VALIDATE cgroup2 ***
[    0.139382] process: using mwait in idle threads
[    0.139387] Last level iTLB entries: 4KB 64, 2MB 8, 4MB 8
[    0.139387] Last level dTLB entries: 4KB 64, 2MB 0, 4MB 0, 1GB 4
[    0.139407] Spectre V1 : Mitigation: usercopy/swapgs barriers and __user pointer sanitization
[    0.139412] Spectre V2 : Mitigation: Retpolines
[    0.139413] Spectre V2 : Spectre v2 / SpectreRSB mitigation: Filling RSB on context switch
[    0.139414] Spectre V2 : Spectre v2 / SpectreRSB : Filling RSB on VMEXIT
[    0.139414] RETBleed: WARNING: Spectre v2 mitigation leaves CPU vulnerable to RETBleed attacks, data leaks possible!
[    0.139766] RETBleed: Vulnerable
[    0.139767] Speculative Store Bypass: Vulnerable
[    0.139772] TAA: Mitigation: TSX disabled
[    0.139772] MMIO Stale Data: Mitigation: Clear CPU buffers
[    0.143991] Freeing SMP alternatives memory: 40K
[    0.256081] smpboot: CPU0: Intel(R) Xeon(R) Silver 4216 CPU @ 2.10GHz (family: 0x6, model: 0x55, stepping: 0x7)
[    0.256203] Performance Events: unsupported p6 CPU model 85 no PMU driver, software events only.
[    0.256239] rcu: Hierarchical SRCU implementation.
[    0.256729] NMI watchdog: Perf NMI watchdog permanently disabled
[    0.256768] smp: Bringing up secondary CPUs ...
[    0.256769] smp: Brought up 1 node, 1 CPU
[    0.256770] smpboot: Max logical packages: 1
[    0.256771] smpboot: Total of 1 processors activated (4200.00 BogoMIPS)
[    0.257740] devtmpfs: initialized
[    0.257788] x86/mm: Memory block size: 128MB
[    0.258134] clocksource: jiffies: mask: 0xffffffff max_cycles: 0xffffffff, max_idle_ns: 7645041785100000 ns
[    0.258139] futex hash table entries: 256 (order: 2, 16384 bytes, linear)
[    0.258183] pinctrl core: initialized pinctrl subsystem
[    0.258283] PM: RTC time: 20:46:24, date: 2026-01-14
[    0.258391] NET: Registered protocol family 16
[    0.258465] audit: initializing netlink subsys (disabled)
[    0.258591] EISA bus registered
[    0.258593] cpuidle: using governor ladder
[    0.258593] cpuidle: using governor menu
[    0.258630] ACPI: bus type PCI registered
[    0.258632] acpiphp: ACPI Hot Plug PCI Controller Driver version: 0.5
[    0.258736] PCI: Using configuration type 1 for base access
[    0.259228] audit: type=2000 audit(1768394791.097:1): state=initialized audit_enabled=0 res=1
[    0.259307] HugeTLB registered 2.00 MiB page size, pre-allocated 0 pages
[    0.260130] ACPI: Added _OSI(Module Device)
[    0.260131] ACPI: Added _OSI(Processor Device)
[    0.260132] ACPI: Added _OSI(3.0 _SCP Extensions)
[    0.260132] ACPI: Added _OSI(Processor Aggregator Device)
[    0.260133] ACPI: Added _OSI(Linux-Dell-Video)
[    0.260134] ACPI: Added _OSI(Linux-Lenovo-NV-HDMI-Audio)
[    0.260135] ACPI: Added _OSI(Linux-HPI-Hybrid-Graphics)
[    0.262078] ACPI: 2 ACPI AML tables successfully acquired and loaded
[    0.263589] ACPI: Interpreter enabled
[    0.263600] ACPI: (supports S0 S5)
[    0.263601] ACPI: Using IOAPIC for interrupt routing
[    0.263807] PCI: Using host bridge windows from ACPI; if necessary, use "pci=nocrs" and report a bug
[    0.263914] ACPI: Enabled 2 GPEs in block 00 to 07
[    0.268721] ACPI: PCI Root Bridge [PCI0] (domain 0000 [bus 00-ff])
[    0.268726] acpi PNP0A03:00: _OSC: OS supports [ASPM ClockPM Segments MSI HPX-Type3]
[    0.269170] acpi PNP0A03:00: _OSC: not requesting OS control; OS requires [ExtendedConfig ASPM ClockPM MSI]
[    0.269178] acpi PNP0A03:00: fail to add MMCONFIG information, can't access extended PCI configuration space under this bridge.
[    0.269543] PCI host bridge to bus 0000:00
[    0.269545] pci_bus 0000:00: root bus resource [io  0x0000-0x0cf7 window]
[    0.269547] pci_bus 0000:00: root bus resource [io  0x0d00-0xffff window]
[    0.269548] pci_bus 0000:00: root bus resource [mem 0x000a0000-0x000bffff window]
[    0.269549] pci_bus 0000:00: root bus resource [mem 0x80000000-0xfdffffff window]
[    0.269550] pci_bus 0000:00: root bus resource [bus 00-ff]
[    0.269596] pci 0000:00:00.0: [8086:1237] type 00 class 0x060000
[    0.270520] pci 0000:00:01.0: [8086:7000] type 00 class 0x060100
[    0.271458] pci 0000:00:01.1: [8086:7111] type 00 class 0x01018a
[    0.271833] pci 0000:00:01.1: reg 0x20: [io  0xd000-0xd00f]
[    0.271987] pci 0000:00:01.1: legacy IDE quirk: reg 0x10: [io  0x01f0-0x01f7]
[    0.271988] pci 0000:00:01.1: legacy IDE quirk: reg 0x14: [io  0x03f6]
[    0.271989] pci 0000:00:01.1: legacy IDE quirk: reg 0x18: [io  0x0170-0x0177]
[    0.271990] pci 0000:00:01.1: legacy IDE quirk: reg 0x1c: [io  0x0376]
[    0.272527] pci 0000:00:02.0: [15ad:0405] type 00 class 0x030000
[    0.275019] pci 0000:00:02.0: reg 0x10: [io  0xd010-0xd01f]
[    0.277816] pci 0000:00:02.0: reg 0x14: [mem 0xe0000000-0xe7ffffff pref]
[    0.281537] pci 0000:00:02.0: reg 0x18: [mem 0xf0000000-0xf01fffff]
[    0.291746] pci 0000:00:03.0: [1022:2000] type 00 class 0x020000
[    0.292451] pci 0000:00:03.0: reg 0x10: [io  0xd020-0xd03f]
[    0.293091] pci 0000:00:03.0: reg 0x14: [mem 0xf0200000-0xf0200fff]
[    0.297482] pci 0000:00:04.0: [80ee:cafe] type 00 class 0x088000
[    0.298153] pci 0000:00:04.0: reg 0x10: [io  0xd040-0xd05f]
[    0.298762] pci 0000:00:04.0: reg 0x14: [mem 0xf0400000-0xf07fffff]
[    0.299056] pci 0000:00:04.0: reg 0x18: [mem 0xf0800000-0xf0803fff pref]
[    0.302568] pci 0000:00:07.0: [8086:7113] type 00 class 0x068000
[    0.303291] pci 0000:00:07.0: quirk: [io  0x4000-0x403f] claimed by PIIX4 ACPI
[    0.303301] pci 0000:00:07.0: quirk: [io  0x4100-0x410f] claimed by PIIX4 SMB
[    0.303922] pci 0000:00:08.0: [8086:100e] type 00 class 0x020000
[    0.304629] pci 0000:00:08.0: reg 0x10: [mem 0xf0820000-0xf083ffff]
[    0.305783] pci 0000:00:08.0: reg 0x18: [io  0xd060-0xd067]
[    0.308570] pci 0000:00:09.0: [8086:100e] type 00 class 0x020000
[    0.309318] pci 0000:00:09.0: reg 0x10: [mem 0xf0840000-0xf085ffff]
[    0.311060] pci 0000:00:09.0: reg 0x18: [io  0xd068-0xd06f]
[    0.319960] ACPI: PCI Interrupt Link [LNKA] (IRQs 5 9 10 *11)
[    0.320241] ACPI: PCI Interrupt Link [LNKB] (IRQs 5 9 *10 11)
[    0.320342] ACPI: PCI Interrupt Link [LNKC] (IRQs 5 *9 10 11)
[    0.320449] ACPI: PCI Interrupt Link [LNKD] (IRQs 5 9 10 *11)
[    0.320711] iommu: Default domain type: Translated 
[    0.320775] pci 0000:00:02.0: vgaarb: setting as boot VGA device
[    0.320776] pci 0000:00:02.0: vgaarb: VGA device added: decodes=io+mem,owns=io+mem,locks=none
[    0.320778] pci 0000:00:02.0: vgaarb: bridge control possible
[    0.320779] vgaarb: loaded
[    0.323091] SCSI subsystem initialized
[    0.323126] libata version 3.00 loaded.
[    0.323150] ACPI: bus type USB registered
[    0.323166] usbcore: registered new interface driver usbfs
[    0.323172] usbcore: registered new interface driver hub
[    0.323177] usbcore: registered new device driver usb
[    0.323205] pps_core: LinuxPPS API ver. 1 registered
[    0.323206] pps_core: Software ver. 5.3.6 - Copyright 2005-2007 Rodolfo Giometti <giometti@linux.it>
[    0.323208] PTP clock support registered
[    0.323241] EDAC MC: Ver: 3.0.0
[    0.323527] PCI: Using ACPI for IRQ routing
[    0.323528] PCI: pci_cache_line_size set to 64 bytes
[    0.323700] e820: reserve RAM buffer [mem 0x0009fc00-0x0009ffff]
[    0.323704] e820: reserve RAM buffer [mem 0x7fff0000-0x7fffffff]
[    0.324502] NetLabel: Initializing
[    0.324503] NetLabel:  domain hash size = 128
[    0.324504] NetLabel:  protocols = UNLABELED CIPSOv4 CALIPSO
[    0.324523] NetLabel:  unlabeled traffic allowed by default
[    0.325425] clocksource: Switched to clocksource kvm-clock
[    0.337189] *** VALIDATE bpf ***
[    0.337248] VFS: Disk quotas dquot_6.6.0
[    0.337260] VFS: Dquot-cache hash table entries: 512 (order 0, 4096 bytes)
[    0.337282] *** VALIDATE ramfs ***
[    0.337285] *** VALIDATE hugetlbfs ***
[    0.337364] AppArmor: AppArmor Filesystem Enabled
[    0.337388] pnp: PnP ACPI init
[    0.337447] pnp 00:00: Plug and Play ACPI device, IDs PNP0303 (active)
[    0.337540] pnp 00:01: Plug and Play ACPI device, IDs PNP0f03 (active)
[    0.338291] pnp: PnP ACPI: found 2 devices
[    0.339281] thermal_sys: Registered thermal governor 'fair_share'
[    0.339282] thermal_sys: Registered thermal governor 'bang_bang'
[    0.339282] thermal_sys: Registered thermal governor 'step_wise'
[    0.339283] thermal_sys: Registered thermal governor 'user_space'
[    0.339283] thermal_sys: Registered thermal governor 'power_allocator'
[    0.343810] clocksource: acpi_pm: mask: 0xffffff max_cycles: 0xffffff, max_idle_ns: 2085701024 ns
[    0.343849] pci_bus 0000:00: resource 4 [io  0x0000-0x0cf7 window]
[    0.343851] pci_bus 0000:00: resource 5 [io  0x0d00-0xffff window]
[    0.343852] pci_bus 0000:00: resource 6 [mem 0x000a0000-0x000bffff window]
[    0.343853] pci_bus 0000:00: resource 7 [mem 0x80000000-0xfdffffff window]
[    0.343910] NET: Registered protocol family 2
[    0.343983] IP idents hash table entries: 32768 (order: 6, 262144 bytes, linear)
[    0.344380] MPTCP tokens hash table entries: 8192 (order: 4, 65536 bytes, linear)
[    0.344400] MPTCP request tokens hash table entries: 8192 (order: 4, 65536 bytes, linear)
[    0.344425] default registered
[    0.344426] default registered
[    0.344426] MPTCP: Stable release v0.96
[    0.344431] tcp_listen_portaddr_hash hash table entries: 1024 (order: 2, 16384 bytes, linear)
[    0.344511] TCP established hash table entries: 16384 (order: 5, 131072 bytes, linear)
[    0.344573] TCP bind hash table entries: 16384 (order: 6, 262144 bytes, linear)
[    0.344598] TCP: Hash tables configured (established 16384 bind 16384)
[    0.345280] UDP hash table entries: 1024 (order: 3, 32768 bytes, linear)
[    0.345292] UDP-Lite hash table entries: 1024 (order: 3, 32768 bytes, linear)
[    0.345325] NET: Registered protocol family 1
[    0.345334] NET: Registered protocol family 44
[    0.345353] pci 0000:00:00.0: Limiting direct PCI/PCI transfers
[    0.345366] pci 0000:00:01.0: Activating ISA DMA hang workarounds
[    0.345423] pci 0000:00:02.0: Video device with shadowed ROM at [mem 0x000c0000-0x000dffff]
[    0.345495] PCI: CLS 0 bytes, default 64
[    0.345542] Trying to unpack rootfs image as initramfs...
[    0.515116] Freeing initrd memory: 47868K
[    0.515116] clocksource: tsc: mask: 0xffffffffffffffff max_cycles: 0x1e4530a99b6, max_idle_ns: 440795257976 ns
[    0.515116] clocksource: Switched to clocksource tsc
[    0.515116] platform rtc_cmos: registered platform RTC device (no PNP device found)
[    0.515116] check: Scanning for low memory corruption every 60 seconds
[    0.515116] Initialise system trusted keyrings
[    0.515116] Key type blacklist registered
[    0.515116] workingset: timestamp_bits=36 max_order=19 bucket_order=0
[    0.515116] zbud: loaded
[    0.515116] squashfs: version 4.0 (2009/01/31) Phillip Lougher
[    0.515116] fuse: init (API version 7.31)
[    0.515116] *** VALIDATE fuse ***
[    0.515116] *** VALIDATE fuse ***
[    0.515116] Platform Keyring initialized
[    0.527160] Key type asymmetric registered
[    0.527161] Asymmetric key parser 'x509' registered
[    0.527170] Block layer SCSI generic (bsg) driver version 0.4 loaded (major 244)
[    0.527210] io scheduler mq-deadline registered
[    0.527333] shpchp: Standard Hot Plug PCI Controller Driver version: 0.4
[    0.527550] ACPI: AC Adapter [AC] (on-line)
[    0.527594] input: Power Button as /devices/LNXSYSTM:00/LNXPWRBN:00/input/input0
[    0.527624] ACPI: Power Button [PWRF]
[    0.527698] input: Sleep Button as /devices/LNXSYSTM:00/LNXSLPBN:00/input/input1
[    0.527713] ACPI: Sleep Button [SLPF]
[    0.527930] Serial: 8250/16550 driver, 32 ports, IRQ sharing enabled
[    0.529070] Linux agpgart interface v0.103
[    0.623127] loop: module loaded
[    0.623273] ata_piix 0000:00:01.1: version 2.13
[    0.623676] scsi host0: ata_piix
[    0.623767] scsi host1: ata_piix
[    0.623792] ata1: PATA max UDMA/33 cmd 0x1f0 ctl 0x3f6 bmdma 0xd000 irq 14
[    0.623793] ata2: PATA max UDMA/33 cmd 0x170 ctl 0x376 bmdma 0xd008 irq 15
[    0.623875] tun: Universal TUN/TAP device driver, 1.6
[    0.624177] PPP generic driver version 2.4.2
[    0.624219] VFIO - User Level meta-driver version: 0.3
[    0.624454] ehci_hcd: USB 2.0 'Enhanced' Host Controller (EHCI) Driver
[    0.624458] ehci-pci: EHCI PCI platform driver
[    0.624474] ehci-platform: EHCI generic platform driver
[    0.624479] ohci_hcd: USB 1.1 'Open' Host Controller (OHCI) Driver
[    0.624481] ohci-pci: OHCI PCI platform driver
[    0.624488] ohci-platform: OHCI generic platform driver
[    0.624492] uhci_hcd: USB Universal Host Controller Interface driver
[    0.624555] i8042: PNP: PS/2 Controller [PNP0303:PS2K,PNP0f03:PS2M] at 0x60,0x64 irq 1,12
[    0.624995] serio: i8042 KBD port at 0x60,0x64 irq 1
[    0.624999] serio: i8042 AUX port at 0x60,0x64 irq 12
[    0.625084] mousedev: PS/2 mouse device common for all mice
[    0.625329] input: AT Translated Set 2 keyboard as /devices/platform/i8042/serio0/input/input2
[    0.625737] rtc_cmos rtc_cmos: registered as rtc0
[    0.625751] rtc_cmos rtc_cmos: alarms up to one day, 114 bytes nvram
[    0.625756] i2c /dev entries driver
[    0.625799] device-mapper: uevent: version 1.0.3
[    0.625842] device-mapper: ioctl: 4.41.0-ioctl (2019-09-16) initialised: dm-devel@redhat.com
[    0.625858] platform eisa.0: Probing EISA bus 0
[    0.625859] platform eisa.0: EISA: Cannot allocate resource for mainboard
[    0.625860] platform eisa.0: Cannot allocate resource for EISA slot 1
[    0.625861] platform eisa.0: Cannot allocate resource for EISA slot 2
[    0.625862] platform eisa.0: Cannot allocate resource for EISA slot 3
[    0.625863] platform eisa.0: Cannot allocate resource for EISA slot 4
[    0.625864] platform eisa.0: Cannot allocate resource for EISA slot 5
[    0.625865] platform eisa.0: Cannot allocate resource for EISA slot 6
[    0.625866] platform eisa.0: Cannot allocate resource for EISA slot 7
[    0.625867] platform eisa.0: Cannot allocate resource for EISA slot 8
[    0.625868] platform eisa.0: EISA: Detected 0 cards
[    0.625871] intel_pstate: CPU model not supported
[    0.625879] ledtrig-cpu: registered to indicate activity on CPUs
[    0.625931] drop_monitor: Initializing network drop monitor service
[    0.626089] NET: Registered protocol family 10
[    0.631189] Segment Routing with IPv6
[    0.631218] fullmesh registered
[    0.631219] ndiffports registered
[    0.631221] binder registered
[    0.631221] roundrobin registered
[    0.631222] redundant registered
[    0.631222] blest registered
[    0.631223] ecf registered
[    0.631224] NET: Registered protocol family 17
[    0.631254] Key type dns_resolver registered
[    0.631274] RAS: Correctable Errors collector initialized.
[    0.631274] IPI shorthand broadcast: enabled
[    0.631274] sched_clock: Marking stable (616179201, 11095385)->(628932883, -1658297)
[    0.631431] registered taskstats version 1
[    0.631440] Loading compiled-in X.509 certificates
[    0.632029] Loaded X.509 cert 'Build time autogenerated kernel key: 6909f3744cebb3d0de528d5887b96a727de79b1e'
[    0.632047] zswap: loaded using pool lzo/zbud
[    0.632099] Key type ._fscrypt registered
[    0.632099] Key type .fscrypt registered
[    0.636556] Key type big_key registered
[    0.638757] Key type encrypted registered
[    0.638760] AppArmor: AppArmor sha1 policy hashing enabled
[    0.638767] ima: No TPM chip found, activating TPM-bypass!
[    0.638772] ima: Allocated hash algorithm: sha1
[    0.638776] ima: No architecture policies found
[    0.638786] evm: Initialising EVM extended attributes:
[    0.638786] evm: security.selinux
[    0.638787] evm: security.SMACK64
[    0.638787] evm: security.SMACK64EXEC
[    0.638788] evm: security.SMACK64TRANSMUTE
[    0.638788] evm: security.SMACK64MMAP
[    0.638789] evm: security.apparmor
[    0.638789] evm: security.ima
[    0.638790] evm: security.capability
[    0.638790] evm: HMAC attrs: 0x1
[    0.639080] PM:   Magic number: 10:379:801
[    0.639108] acpi PNP0F03:00: hash matches
[    0.639193] rtc_cmos rtc_cmos: setting system clock to 2026-01-14T20:46:25 UTC (1768423585)
[    0.795036] ata1.00: ATA-6: VBOX HARDDISK, 1.0, max UDMA/133
[    0.795038] ata1.00: 209715200 sectors, multi 128: LBA 
[    0.795513] scsi 0:0:0:0: Direct-Access     ATA      VBOX HARDDISK    1.0  PQ: 0 ANSI: 5
[    0.795705] sd 0:0:0:0: [sda] 209715200 512-byte logical blocks: (107 GB/100 GiB)
[    0.795712] sd 0:0:0:0: [sda] Write Protect is off
[    0.795714] sd 0:0:0:0: [sda] Mode Sense: 00 3a 00 00
[    0.795726] sd 0:0:0:0: [sda] Write cache: enabled, read cache: enabled, doesn't support DPO or FUA
[    0.795942] sd 0:0:0:0: Attached scsi generic sg0 type 0
[    0.796714]  sda: sda1 sda2
[    0.807217] sd 0:0:0:0: [sda] Attached SCSI disk
[    0.809250] Freeing unused decrypted memory: 2040K
[    0.809990] Freeing unused kernel image memory: 2728K
[    0.809992] Write protecting the kernel read-only data: 22528k
[    0.810703] Freeing unused kernel image memory: 2036K
[    0.811113] Freeing unused kernel image memory: 1432K
[    0.826298] x86/mm: Checked W+X mappings: passed, no W+X pages found.
[    0.826301] Run /init as init process
[    0.921318] ACPI: Video Device [GFX0] (multi-head: yes  rom: no  post: no)
[    0.921391] input: Video Bus as /devices/LNXSYSTM:00/LNXSYBUS:00/PNP0A03:00/LNXVIDEO:00/input/input4
[    0.933079] pcnet32: pcnet32.c:v1.35 21.Apr.2008 tsbogend@alpha.franken.de
[    0.936938] piix4_smbus 0000:00:07.0: SMBus Host Controller at 0x4100, revision 0
[    0.940257] e1000: Intel(R) PRO/1000 Network Driver - version 7.3.21-k8-NAPI
[    0.940258] e1000: Copyright (c) 1999-2006 Intel Corporation.
[    0.948553] pcnet32: PCnet/FAST III 79C973 at 0xd020, 08:00:27:6f:74:ed assigned IRQ 19
[    0.948600] pcnet32: Found PHY 0022:561b at address 0
[    0.948899] pcnet32: eth0: registered as PCnet/FAST III 79C973
[    0.956768] pcnet32: 1 cards_found
[    1.019445] pcnet32 0000:00:03.0 enp0s3: renamed from eth0
[    1.158900] input: ImExPS/2 Generic Explorer Mouse as /devices/platform/i8042/serio1/input/input5
[    1.359403] e1000 0000:00:08.0 eth0: (PCI:33MHz:32-bit) 08:00:27:5f:6a:67
[    1.359407] e1000 0000:00:08.0 eth0: Intel(R) PRO/1000 Network Connection
[    1.731391] e1000 0000:00:09.0 eth1: (PCI:33MHz:32-bit) 08:00:27:2d:ec:d8
[    1.731394] e1000 0000:00:09.0 eth1: Intel(R) PRO/1000 Network Connection
[    1.732551] e1000 0000:00:09.0 enp0s9: renamed from eth1
[    1.734333] e1000 0000:00:08.0 enp0s8: renamed from eth0
[    1.893480] EXT4-fs (sda2): mounted filesystem with ordered data mode. Opts: (null)
[    2.000016] systemd[1]: Inserted module 'autofs4'
[    2.012258] systemd[1]: systemd 245.4-4ubuntu3 running in system mode. (+PAM +AUDIT +SELINUX +IMA +APPARMOR +SMACK +SYSVINIT +UTMP +LIBCRYPTSETUP +GCRYPT +GNUTLS +ACL +XZ +LZ4 +SECCOMP +BLKID +ELFUTILS +KMOD +IDN2 -IDN +PCRE2 default-hierarchy=hybrid)
[    2.012297] systemd[1]: Detected virtualization oracle.
[    2.012302] systemd[1]: Detected architecture x86-64.
[    2.013687] systemd[1]: Set hostname to <ztg>.
[    2.152784] systemd[1]: /lib/systemd/system/dbus.socket:5: ListenStream= references a path below legacy directory /var/run/, updating /var/run/dbus/system_bus_socket â†’ /run/dbus/system_bus_socket; please update the unit file accordingly.
[    2.207173] systemd[1]: Created slice system-modprobe.slice.
[    2.207395] systemd[1]: Created slice User and Session Slice.
[    2.207447] systemd[1]: Started Forward Password Requests to Wall Directory Watch.
[    2.207632] systemd[1]: Set up automount Arbitrary Executable File Formats File System Automount Point.
[    2.207666] systemd[1]: Reached target User and Group Name Lookups.
[    2.207675] systemd[1]: Reached target Remote File Systems.
[    2.207684] systemd[1]: Reached target Slices.
[    2.208244] systemd[1]: Listening on Syslog Socket.
[    2.208318] systemd[1]: Listening on fsck to fsckd communication Socket.
[    2.208361] systemd[1]: Listening on initctl Compatibility Named Pipe.
[    2.208510] systemd[1]: Listening on Journal Audit Socket.
[    2.208565] systemd[1]: Listening on Journal Socket (/dev/log).
[    2.208637] systemd[1]: Listening on Journal Socket.
[    2.208705] systemd[1]: Listening on udev Control Socket.
[    2.208746] systemd[1]: Listening on udev Kernel Socket.
[    2.209638] systemd[1]: Mounting Huge Pages File System...
[    2.210666] systemd[1]: Mounting POSIX Message Queue File System...
[    2.211729] systemd[1]: Mounting Kernel Debug File System...
[    2.212972] systemd[1]: Mounting Kernel Trace File System...
[    2.237687] systemd[1]: Starting Journal Service...
[    2.246782] systemd[1]: Starting Set the console keyboard layout...
[    2.250170] systemd[1]: Starting Create list of static device nodes for the current kernel...
[    2.254174] systemd[1]: Starting Load Kernel Module drm...
[    2.258729] systemd[1]: Condition check resulted in Set Up Additional Binary Formats being skipped.
[    2.258778] systemd[1]: Condition check resulted in File System Check on Root Device being skipped.
[    2.263069] systemd[1]: Starting Load Kernel Modules...
[    2.268651] systemd[1]: Starting Remount Root and Kernel File Systems...
[    2.274823] systemd[1]: Starting udev Coldplug all Devices...
[    2.295605] systemd[1]: Starting Uncomplicated firewall...
[    2.297446] systemd[1]: Mounted Huge Pages File System.
[    2.297552] systemd[1]: Mounted POSIX Message Queue File System.
[    2.297636] systemd[1]: Mounted Kernel Debug File System.
[    2.297713] systemd[1]: Mounted Kernel Trace File System.
[    2.315955] EXT4-fs (sda2): re-mounted. Opts: errors=remount-ro
[    2.341481] systemd[1]: Finished Create list of static device nodes for the current kernel.
[    2.350864] systemd[1]: Finished Remount Root and Kernel File Systems.
[    2.368935] systemd[1]: Finished Uncomplicated firewall.
[    2.369228] systemd[1]: modprobe@drm.service: Succeeded.
[    2.369511] systemd[1]: Finished Load Kernel Module drm.
[    2.371190] lp: driver loaded but no devices found
[    2.373558] systemd[1]: Condition check resulted in Rebuild Hardware Database being skipped.
[    2.373604] systemd[1]: Condition check resulted in Platform Persistent Storage Archival being skipped.
[    2.374364] systemd[1]: Starting Load/Save Random Seed...
[    2.380924] systemd[1]: Starting Create System Users...
[    2.386671] ppdev: user-space parallel port driver
[    2.396084] systemd[1]: Finished Load/Save Random Seed.
[    2.405179] systemd[1]: Finished Create System Users.
[    2.406010] systemd[1]: Starting Create Static Device Nodes in /dev...
[    2.458424] systemd[1]: Finished Create Static Device Nodes in /dev.
[    2.459546] systemd[1]: Starting udev Kernel Device Manager...
[    2.471606] systemd[1]: Finished udev Coldplug all Devices.
[    2.474634] [drm] DMA map mode: Caching DMA mappings.
[    2.474707] [drm] Capabilities:
[    2.474707] [drm]   Rect copy.
[    2.474707] [drm]   Cursor.
[    2.474708] [drm]   Cursor bypass.
[    2.474708] [drm]   Cursor bypass 2.
[    2.474708] [drm]   Alpha cursor.
[    2.474709] [drm]   Extended Fifo.
[    2.474709] [drm]   Pitchlock.
[    2.474709] [drm]   Irq mask.
[    2.474710] [drm]   GMR.
[    2.474710] [drm]   Traces.
[    2.474711] [drm]   GMR2.
[    2.474711] [drm]   Screen Object 2.
[    2.474711] [drm]   Command Buffers.
[    2.474712] [drm]   Command Buffers 2.
[    2.474712] [drm]   Guest Backed Resources.
[    2.474713] [drm] Max GMR ids is 8192
[    2.474714] [drm] Max number of GMR pages is 1048576
[    2.474714] [drm] Max dedicated hypervisor surface memory is 393216 kiB
[    2.474715] [drm] Maximum display memory size is 131072 kiB
[    2.474716] [drm] VRAM at 0xe0000000 size is 131072 kiB
[    2.474716] [drm] MMIO at 0xf0000000 size is 2048 kiB
[    2.476099] [TTM] Zone  kernel: Available graphics memory: 1011738 KiB
[    2.476100] [TTM] Initializing pool allocator
[    2.476104] [TTM] Initializing DMA pool allocator
[    2.476139] [drm] Supports vblank timestamp caching Rev 2 (21.10.2013).
[    2.476140] [drm] No driver support for vblank timestamp query.
[    2.476407] [drm] Screen Target Display device initialized
[    2.476711] [drm] width 720
[    2.476720] [drm] height 400
[    2.476723] [drm] bpp 32
[    2.477270] [drm] Fifo max 0x00200000 min 0x00001000 cap 0x00000355
[    2.479009] [drm] Using command buffers with DMA pool.
[    2.479014] [drm] DX: no.
[    2.479015] [drm] Atomic: yes.
[    2.479015] [drm] SM4_1: no.
[    2.479036] [drm:vmw_host_log [vmwgfx]] *ERROR* Failed to send host log message.
[    2.482654] [drm:vmw_host_log [vmwgfx]] *ERROR* Failed to send host log message.
[    2.513705] fbcon: svgadrmfb (fb0) is primary device
[    2.521830] Console: switching to colour frame buffer device 100x37
[    2.524686] [drm] Initialized vmwgfx 2.15.0 20180704 for 0000:00:02.0 on minor 0
[    2.525682] systemd[1]: Finished Set the console keyboard layout.
[    2.525848] systemd[1]: Reached target Local File Systems (Pre).
[    2.528138] systemd[1]: Mounting Mount unit for bare, revision 5...
[    2.530753] systemd[1]: Mounting Mount unit for core18, revision 1705...
[    2.545579] systemd[1]: Mounting Mount unit for gnome-3-34-1804, revision 24...
[    2.568529] systemd[1]: Mounting Mount unit for gtk-common-themes, revision 1506...
[    2.578492] systemd[1]: Mounting Mount unit for gtk-common-themes, revision 1535...
[    2.585532] systemd[1]: Mounting Mount unit for snap-store, revision 433...
[    2.589884] systemd[1]: Mounting Mount unit for snapd, revision 7264...
[    2.597634] systemd[1]: Finished Load Kernel Modules.
[    2.600573] systemd[1]: Mounting FUSE Control File System...
[    2.612670] systemd[1]: Mounting Kernel Configuration File System...
[    2.637937] systemd[1]: Starting Apply Kernel Variables...
[    2.665385] systemd[1]: Mounted Mount unit for bare, revision 5.
[    2.665514] systemd[1]: Mounted Mount unit for core18, revision 1705.
[    2.665606] systemd[1]: Mounted Mount unit for gnome-3-34-1804, revision 24.
[    2.665691] systemd[1]: Mounted Mount unit for gtk-common-themes, revision 1506.
[    2.665775] systemd[1]: Mounted Mount unit for gtk-common-themes, revision 1535.
[    2.665851] systemd[1]: Mounted FUSE Control File System.
[    2.665929] systemd[1]: Mounted Kernel Configuration File System.
[    2.665989] systemd[1]: Condition check resulted in VMware vmblock fuse mount being skipped.
[    2.669944] systemd[1]: Started udev Kernel Device Manager.
[    2.670343] systemd[1]: Finished Apply Kernel Variables.
[    2.672865] systemd[1]: Starting Show Plymouth Boot Screen...
[    2.684975] systemd[1]: Mounted Mount unit for snap-store, revision 433.
[    2.685093] systemd[1]: Mounted Mount unit for snapd, revision 7264.
[    2.685664] systemd[1]: Received SIGRTMIN+20 from PID 282 (plymouthd).
[    2.685747] systemd[1]: Reached target Local File Systems.
[    2.700897] systemd[1]: Starting Load AppArmor profiles...
[    2.706047] systemd[1]: Starting Set console font and keymap...
[    2.713923] systemd[1]: Starting Tell Plymouth To Write Out Runtime Data...
[    2.717465] systemd[1]: Condition check resulted in Store a System Token in an EFI Variable being skipped.
[    2.717518] systemd[1]: Condition check resulted in Commit a transient machine-id on disk being skipped.
[    2.717727] systemd[1]: Started Show Plymouth Boot Screen.
[    2.721364] systemd[1]: Finished Set console font and keymap.
[    2.721590] systemd[1]: Condition check resulted in Dispatch Password Requests to Console Directory Watch being skipped.
[    2.721679] systemd[1]: Started Forward Password Requests to Plymouth Directory Watch.
[    2.721745] systemd[1]: Reached target Local Encrypted Volumes.
[    2.729685] systemd[1]: Received SIGRTMIN+20 from PID 282 (plymouthd).
[    2.730929] systemd[1]: plymouth-read-write.service: Succeeded.
[    2.731187] systemd[1]: Finished Tell Plymouth To Write Out Runtime Data.
[    2.793878] audit: type=1400 audit(1768423587.648:2): apparmor="STATUS" operation="profile_load" profile="unconfined" name="nvidia_modprobe" pid=300 comm="apparmor_parser"
[    2.793881] audit: type=1400 audit(1768423587.648:3): apparmor="STATUS" operation="profile_load" profile="unconfined" name="nvidia_modprobe//kmod" pid=300 comm="apparmor_parser"
[    2.800645] audit: type=1400 audit(1768423587.660:4): apparmor="STATUS" operation="profile_load" profile="unconfined" name="/usr/sbin/tcpdump" pid=301 comm="apparmor_parser"
[    2.826460] audit: type=1400 audit(1768423587.676:5): apparmor="STATUS" operation="profile_load" profile="unconfined" name="/usr/bin/evince" pid=303 comm="apparmor_parser"
[    2.826463] audit: type=1400 audit(1768423587.676:6): apparmor="STATUS" operation="profile_load" profile="unconfined" name="/usr/bin/evince//sanitized_helper" pid=303 comm="apparmor_parser"
[    2.826466] audit: type=1400 audit(1768423587.676:7): apparmor="STATUS" operation="profile_load" profile="unconfined" name="/usr/bin/evince-previewer" pid=303 comm="apparmor_parser"
[    2.826468] audit: type=1400 audit(1768423587.676:8): apparmor="STATUS" operation="profile_load" profile="unconfined" name="/usr/bin/evince-previewer//sanitized_helper" pid=303 comm="apparmor_parser"
[    2.826470] audit: type=1400 audit(1768423587.676:9): apparmor="STATUS" operation="profile_load" profile="unconfined" name="/usr/bin/evince-thumbnailer" pid=303 comm="apparmor_parser"
[    2.858886] audit: type=1400 audit(1768423587.716:10): apparmor="STATUS" operation="profile_load" profile="unconfined" name="/usr/lib/cups/backend/cups-pdf" pid=304 comm="apparmor_parser"
[    2.942858] systemd[1]: Finished Load AppArmor profiles.
[    2.944020] systemd[1]: Starting Load AppArmor profiles managed internally by snapd...
[    3.016219] systemd[1]: Finished Load AppArmor profiles managed internally by snapd.
[    3.220877] systemd[1]: Started Journal Service.
[    3.230627] systemd-journald[229]: Received client request to flush runtime journal.
[    3.234939] systemd-journald[229]: File /var/log/journal/c455b248004a419c87ce85eea238d727/system.journal corrupted or uncleanly shut down, renaming and replacing.
[    4.590358] RAPL PMU: API unit is 2^-32 Joules, 0 fixed counters, 10737418240 ms ovfl timer
[    4.656792] cryptd: max_cpu_qlen set to 1000
[    4.755122] AVX2 version of gcm_enc/dec engaged.
[    4.755123] AES CTR mode by8 optimization enabled
[    5.547463] Adding 1998844k swap on /dev/sda1.  Priority:-2 extents:1 across:1998844k FS
[    6.895233] kauditd_printk_skb: 30 callbacks suppressed
[    6.895234] audit: type=1400 audit(1768423591.752:41): apparmor="DENIED" operation="capable" profile="/usr/sbin/cups-browsed" pid=496 comm="cups-browsed" capability=23  capname="sys_nice"
[    7.755628] pcnet32 0000:00:03.0 enp0s3: link up, 100Mbps, full-duplex
[    7.791857] e1000: enp0s8 NIC Link is Up 1000 Mbps Full Duplex, Flow Control: RX
[    7.792149] IPv6: ADDRCONF(NETDEV_CHANGE): enp0s8: link becomes ready
[    7.804659] e1000: enp0s9 NIC Link is Up 1000 Mbps Full Duplex, Flow Control: RX
[    7.804967] IPv6: ADDRCONF(NETDEV_CHANGE): enp0s9: link becomes ready
[    8.325894] device enp0s3 entered promiscuous mode
[    8.343478] audit: type=1400 audit(1768423593.196:42): apparmor="DENIED" operation="open" profile="/usr/sbin/tcpdump" name="/proc/sys/kernel/random/boot_id" pid=673 comm="tcpdump" requested_mask="r" denied_mask="r" fsuid=0 ouid=0
[    8.343690] audit: type=1400 audit(1768423593.196:43): apparmor="DENIED" operation="open" profile="/usr/sbin/tcpdump" name="/proc/sys/kernel/random/boot_id" pid=673 comm="tcpdump" requested_mask="r" denied_mask="r" fsuid=0 ouid=0
[    8.353067] audit: type=1400 audit(1768423593.204:44): apparmor="DENIED" operation="open" profile="/usr/sbin/tcpdump" name="/proc/sys/kernel/random/boot_id" pid=673 comm="tcpdump" requested_mask="r" denied_mask="r" fsuid=0 ouid=0
[    8.353184] audit: type=1400 audit(1768423593.204:45): apparmor="DENIED" operation="open" profile="/usr/sbin/tcpdump" name="/proc/sys/kernel/random/boot_id" pid=673 comm="tcpdump" requested_mask="r" denied_mask="r" fsuid=0 ouid=0
[    8.357376] audit: type=1400 audit(1768423593.216:46): apparmor="DENIED" operation="open" profile="/usr/sbin/tcpdump" name="/proc/sys/kernel/random/boot_id" pid=674 comm="tcpdump" requested_mask="r" denied_mask="r" fsuid=0 ouid=0
[    8.357553] audit: type=1400 audit(1768423593.216:47): apparmor="DENIED" operation="open" profile="/usr/sbin/tcpdump" name="/proc/sys/kernel/random/boot_id" pid=674 comm="tcpdump" requested_mask="r" denied_mask="r" fsuid=0 ouid=0
[    8.357624] audit: type=1400 audit(1768423593.216:48): apparmor="DENIED" operation="open" profile="/usr/sbin/tcpdump" name="/proc/sys/kernel/random/boot_id" pid=674 comm="tcpdump" requested_mask="r" denied_mask="r" fsuid=0 ouid=0
[    8.357715] audit: type=1400 audit(1768423593.216:49): apparmor="DENIED" operation="open" profile="/usr/sbin/tcpdump" name="/proc/sys/kernel/random/boot_id" pid=674 comm="tcpdump" requested_mask="r" denied_mask="r" fsuid=0 ouid=0
[   12.918927] rfkill: input handler disabled
[  558.640058] rfkill: input handler enabled
[  566.987039] rfkill: input handler disabled
[  779.916722] device enp0s3 left promiscuous mode
