[    0.000000] Linux version 5.4.243-mptcp (root@ztg) (gcc version 12.2.0 (Debian 12.2.0-14+deb12u1)) #53 SMP Wed Dec 24 23:28:15 CST 2025
[    0.000000] Command line: BOOT_IMAGE=/boot/vmlinuz-5.4.243-mptcp root=UUID=98415a12-53b7-4144-8265-0f7ece09e445 ro quiet splash
[    0.000000] KERNEL supported cpus:
[    0.000000]   Intel GenuineIntel
[    0.000000]   AMD AuthenticAMD
[    0.000000]   Hygon HygonGenuine
[    0.000000]   Centaur CentaurHauls
[    0.000000]   zhaoxin   Shanghai  
[    0.000000] x86/fpu: Supporting XSAVE feature 0x001: 'x87 floating point registers'
[    0.000000] x86/fpu: Supporting XSAVE feature 0x002: 'SSE registers'
[    0.000000] x86/fpu: Supporting XSAVE feature 0x004: 'AVX registers'
[    0.000000] x86/fpu: xstate_offset[2]:  576, xstate_sizes[2]:  256
[    0.000000] x86/fpu: Enabled xstate features 0x7, context size is 832 bytes, using 'standard' format.
[    0.000000] BIOS-provided physical RAM map:
[    0.000000] BIOS-e820: [mem 0x0000000000000000-0x000000000009fbff] usable
[    0.000000] BIOS-e820: [mem 0x000000000009fc00-0x000000000009ffff] reserved
[    0.000000] BIOS-e820: [mem 0x00000000000f0000-0x00000000000fffff] reserved
[    0.000000] BIOS-e820: [mem 0x0000000000100000-0x000000007ffeffff] usable
[    0.000000] BIOS-e820: [mem 0x000000007fff0000-0x000000007fffffff] ACPI data
[    0.000000] BIOS-e820: [mem 0x00000000fec00000-0x00000000fec00fff] reserved
[    0.000000] BIOS-e820: [mem 0x00000000fee00000-0x00000000fee00fff] reserved
[    0.000000] BIOS-e820: [mem 0x00000000fffc0000-0x00000000ffffffff] reserved
[    0.000000] NX (Execute Disable) protection: active
[    0.000000] SMBIOS 2.5 present.
[    0.000000] DMI: innotek GmbH VirtualBox/VirtualBox, BIOS VirtualBox 12/01/2006
[    0.000000] Hypervisor detected: KVM
[    0.000000] kvm-clock: Using msrs 4b564d01 and 4b564d00
[    0.000000] kvm-clock: cpu 0, msr 24601001, primary cpu clock
[    0.000000] kvm-clock: using sched offset of 4452189188 cycles
[    0.000002] clocksource: kvm-clock: mask: 0xffffffffffffffff max_cycles: 0x1cd42e4dffb, max_idle_ns: 881590591483 ns
[    0.000005] tsc: Detected 2100.000 MHz processor
[    0.001872] e820: update [mem 0x00000000-0x00000fff] usable ==> reserved
[    0.001874] e820: remove [mem 0x000a0000-0x000fffff] usable
[    0.001878] last_pfn = 0x7fff0 max_arch_pfn = 0x400000000
[    0.001947] MTRR default type: uncachable
[    0.001948] MTRR fixed ranges enabled:
[    0.001949]   00000-9FFFF write-back
[    0.001950]   A0000-BFFFF uncachable
[    0.001950]   C0000-FFFFF write-protect
[    0.001951] MTRR variable ranges enabled:
[    0.001952]   0 base 000000000000 mask 3FFF80000000 write-back
[    0.001953]   1 disabled
[    0.001953]   2 disabled
[    0.001954]   3 disabled
[    0.001954]   4 disabled
[    0.001955]   5 disabled
[    0.001955]   6 disabled
[    0.001956]   7 disabled
[    0.001956]   8 disabled
[    0.001956]   9 disabled
[    0.001957]   10 disabled
[    0.001957]   11 disabled
[    0.001958]   12 disabled
[    0.001958]   13 disabled
[    0.001959]   14 disabled
[    0.001959]   15 disabled
[    0.001975] x86/PAT: Configuration [0-7]: WB  WC  UC- UC  WB  WP  UC- WT  
[    0.002108] found SMP MP-table at [mem 0x0009fff0-0x0009ffff]
[    0.092503] check: Scanning 1 areas for low memory corruption
[    0.092646] RAMDISK: [mem 0x32271000-0x3512ffff]
[    0.092653] ACPI: Early table checksum verification disabled
[    0.092658] ACPI: RSDP 0x00000000000E0000 000024 (v02 VBOX  )
[    0.092663] ACPI: XSDT 0x000000007FFF0030 00003C (v01 VBOX   VBOXXSDT 00000001 ASL  00000061)
[    0.092669] ACPI: FACP 0x000000007FFF00F0 0000F4 (v04 VBOX   VBOXFACP 00000001 ASL  00000061)
[    0.092676] ACPI: DSDT 0x000000007FFF02E0 002353 (v02 VBOX   VBOXBIOS 00000002 VBOX 00029BF3)
[    0.092680] ACPI: FACS 0x000000007FFF0200 000040
[    0.092684] ACPI: FACS 0x000000007FFF0200 000040
[    0.092687] ACPI: APIC 0x000000007FFF0240 000054 (v02 VBOX   VBOXAPIC 00000001 ASL  00000061)
[    0.092690] ACPI: SSDT 0x000000007FFF02A0 000038 (v01 VBOX   VBOXCPUT 00000002 VBOX 00029BF3)
[    0.092694] ACPI: Reserving FACP table memory at [mem 0x7fff00f0-0x7fff01e3]
[    0.092695] ACPI: Reserving DSDT table memory at [mem 0x7fff02e0-0x7fff2632]
[    0.092695] ACPI: Reserving FACS table memory at [mem 0x7fff0200-0x7fff023f]
[    0.092696] ACPI: Reserving FACS table memory at [mem 0x7fff0200-0x7fff023f]
[    0.092697] ACPI: Reserving APIC table memory at [mem 0x7fff0240-0x7fff0293]
[    0.092698] ACPI: Reserving SSDT table memory at [mem 0x7fff02a0-0x7fff02d7]
[    0.092712] ACPI: Local APIC address 0xfee00000
[    0.092900] No NUMA configuration found
[    0.092901] Faking a node at [mem 0x0000000000000000-0x000000007ffeffff]
[    0.092912] NODE_DATA(0) allocated [mem 0x7ffc5000-0x7ffeffff]
[    0.093172] Zone ranges:
[    0.093173]   DMA      [mem 0x0000000000001000-0x0000000000ffffff]
[    0.093175]   DMA32    [mem 0x0000000001000000-0x000000007ffeffff]
[    0.093175]   Normal   empty
[    0.093176]   Device   empty
[    0.093177] Movable zone start for each node
[    0.093179] Early memory node ranges
[    0.093180]   node   0: [mem 0x0000000000001000-0x000000000009efff]
[    0.093180]   node   0: [mem 0x0000000000100000-0x000000007ffeffff]
[    0.093184] Zeroed struct page in unavailable ranges: 114 pages
[    0.093185] Initmem setup node 0 [mem 0x0000000000001000-0x000000007ffeffff]
[    0.093186] On node 0 totalpages: 524174
[    0.093187]   DMA zone: 64 pages used for memmap
[    0.093187]   DMA zone: 21 pages reserved
[    0.093188]   DMA zone: 3998 pages, LIFO batch:0
[    0.093261]   DMA32 zone: 8128 pages used for memmap
[    0.093261]   DMA32 zone: 520176 pages, LIFO batch:63
[    0.102182] ACPI: PM-Timer IO Port: 0x4008
[    0.102185] ACPI: Local APIC address 0xfee00000
[    0.102255] IOAPIC[0]: apic_id 1, version 32, address 0xfec00000, GSI 0-23
[    0.102258] ACPI: INT_SRC_OVR (bus 0 bus_irq 0 global_irq 2 dfl dfl)
[    0.102260] ACPI: INT_SRC_OVR (bus 0 bus_irq 9 global_irq 9 low level)
[    0.102262] ACPI: IRQ0 used by override.
[    0.102263] ACPI: IRQ9 used by override.
[    0.102266] Using ACPI (MADT) for SMP configuration information
[    0.102273] smpboot: Allowing 1 CPUs, 0 hotplug CPUs
[    0.102295] PM: Registered nosave memory: [mem 0x00000000-0x00000fff]
[    0.102296] PM: Registered nosave memory: [mem 0x0009f000-0x0009ffff]
[    0.102296] PM: Registered nosave memory: [mem 0x000a0000-0x000effff]
[    0.102297] PM: Registered nosave memory: [mem 0x000f0000-0x000fffff]
[    0.102299] [mem 0x80000000-0xfebfffff] available for PCI devices
[    0.102300] Booting paravirtualized kernel on KVM
[    0.102303] clocksource: refined-jiffies: mask: 0xffffffff max_cycles: 0xffffffff, max_idle_ns: 7645519600211568 ns
[    0.102308] setup_percpu: NR_CPUS:8192 nr_cpumask_bits:1 nr_cpu_ids:1 nr_node_ids:1
[    0.103306] percpu: Embedded 60 pages/cpu s208896 r8192 d28672 u2097152
[    0.103311] pcpu-alloc: s208896 r8192 d28672 u2097152 alloc=1*2097152
[    0.103311] pcpu-alloc: [0] 0 
[    0.103337] Built 1 zonelists, mobility grouping on.  Total pages: 515961
[    0.103338] Policy zone: DMA32
[    0.103339] Kernel command line: BOOT_IMAGE=/boot/vmlinuz-5.4.243-mptcp root=UUID=98415a12-53b7-4144-8265-0f7ece09e445 ro quiet splash
[    0.104199] Dentry cache hash table entries: 262144 (order: 9, 2097152 bytes, linear)
[    0.104345] Inode-cache hash table entries: 131072 (order: 8, 1048576 bytes, linear)
[    0.104396] mem auto-init: stack:off, heap alloc:on, heap free:off
[    0.104398] Calgary: detecting Calgary via BIOS EBDA area
[    0.104399] Calgary: Unable to locate Rio Grande table in EBDA - bailing!
[    0.108420] Memory: 1967332K/2096696K available (14339K kernel code, 2398K rwdata, 4712K rodata, 2728K init, 17260K bss, 129364K reserved, 0K cma-reserved)
[    0.109341] SLUB: HWalign=64, Order=0-3, MinObjects=0, CPUs=1, Nodes=1
[    0.109357] ftrace: allocating 43186 entries in 169 pages
[    0.127417] rcu: Hierarchical RCU implementation.
[    0.127419] rcu: 	RCU restricting CPUs from NR_CPUS=8192 to nr_cpu_ids=1.
[    0.127419] 	Tasks RCU enabled.
[    0.127420] rcu: RCU calculated value of scheduler-enlistment delay is 25 jiffies.
[    0.127421] rcu: Adjusting geometry for rcu_fanout_leaf=16, nr_cpu_ids=1
[    0.130385] NR_IRQS: 524544, nr_irqs: 256, preallocated irqs: 16
[    0.130604] random: crng init done
[    0.140000] Console: colour VGA+ 80x25
[    0.140005] printk: console [tty0] enabled
[    0.140025] ACPI: Core revision 20190816
[    0.140125] APIC: Switch to symmetric I/O mode setup
[    0.140378] x2apic enabled
[    0.140615] Switched APIC routing to physical x2apic.
[    0.141749] ..TIMER: vector=0x30 apic1=0 pin1=2 apic2=-1 pin2=-1
[    0.141773] clocksource: tsc-early: mask: 0xffffffffffffffff max_cycles: 0x1e4530a99b6, max_idle_ns: 440795257976 ns
[    0.141779] Calibrating delay loop (skipped) preset value.. 4200.00 BogoMIPS (lpj=8400000)
[    0.141781] pid_max: default: 32768 minimum: 301
[    0.141810] LSM: Security Framework initializing
[    0.141819] Yama: becoming mindful.
[    0.141847] AppArmor: AppArmor initialized
[    0.141881] Mount-cache hash table entries: 4096 (order: 3, 32768 bytes, linear)
[    0.141885] Mountpoint-cache hash table entries: 4096 (order: 3, 32768 bytes, linear)
[    0.141895] *** VALIDATE tmpfs ***
[    0.142025] *** VALIDATE proc ***
[    0.142067] *** VALIDATE cgroup1 ***
[    0.142068] *** VALIDATE cgroup2 ***
[    0.142211] process: using mwait in idle threads
[    0.142216] Last level iTLB entries: 4KB 64, 2MB 8, 4MB 8
[    0.142217] Last level dTLB entries: 4KB 64, 2MB 0, 4MB 0, 1GB 4
[    0.142237] Spectre V1 : Mitigation: usercopy/swapgs barriers and __user pointer sanitization
[    0.142242] Spectre V2 : Mitigation: Retpolines
[    0.142243] Spectre V2 : Spectre v2 / SpectreRSB mitigation: Filling RSB on context switch
[    0.142243] Spectre V2 : Spectre v2 / SpectreRSB : Filling RSB on VMEXIT
[    0.142244] RETBleed: WARNING: Spectre v2 mitigation leaves CPU vulnerable to RETBleed attacks, data leaks possible!
[    0.142600] RETBleed: Vulnerable
[    0.142601] Speculative Store Bypass: Vulnerable
[    0.142605] TAA: Mitigation: TSX disabled
[    0.142606] MMIO Stale Data: Mitigation: Clear CPU buffers
[    0.146864] Freeing SMP alternatives memory: 40K
[    0.259137] APIC calibration not consistent with PM-Timer: 101ms instead of 100ms
[    0.259139] APIC delta adjusted to PM-Timer: 6277204 (6377600)
[    0.259207] smpboot: CPU0: Intel(R) Xeon(R) Silver 4216 CPU @ 2.10GHz (family: 0x6, model: 0x55, stepping: 0x7)
[    0.259361] Performance Events: unsupported p6 CPU model 85 no PMU driver, software events only.
[    0.259398] rcu: Hierarchical SRCU implementation.
[    0.259925] NMI watchdog: Perf NMI watchdog permanently disabled
[    0.259971] smp: Bringing up secondary CPUs ...
[    0.259973] smp: Brought up 1 node, 1 CPU
[    0.259974] smpboot: Max logical packages: 1
[    0.259976] smpboot: Total of 1 processors activated (4200.00 BogoMIPS)
[    0.260927] devtmpfs: initialized
[    0.260975] x86/mm: Memory block size: 128MB
[    0.261342] clocksource: jiffies: mask: 0xffffffff max_cycles: 0xffffffff, max_idle_ns: 7645041785100000 ns
[    0.261347] futex hash table entries: 256 (order: 2, 16384 bytes, linear)
[    0.261392] pinctrl core: initialized pinctrl subsystem
[    0.261495] PM: RTC time: 17:45:51, date: 2026-01-13
[    0.261601] NET: Registered protocol family 16
[    0.261674] audit: initializing netlink subsys (disabled)
[    0.261775] EISA bus registered
[    0.261775] cpuidle: using governor ladder
[    0.261775] cpuidle: using governor menu
[    0.261775] ACPI: bus type PCI registered
[    0.261775] acpiphp: ACPI Hot Plug PCI Controller Driver version: 0.5
[    0.261775] PCI: Using configuration type 1 for base access
[    0.262254] audit: type=2000 audit(1768297557.496:1): state=initialized audit_enabled=0 res=1
[    0.262331] HugeTLB registered 2.00 MiB page size, pre-allocated 0 pages
[    0.263138] ACPI: Added _OSI(Module Device)
[    0.263139] ACPI: Added _OSI(Processor Device)
[    0.263139] ACPI: Added _OSI(3.0 _SCP Extensions)
[    0.263140] ACPI: Added _OSI(Processor Aggregator Device)
[    0.263141] ACPI: Added _OSI(Linux-Dell-Video)
[    0.263142] ACPI: Added _OSI(Linux-Lenovo-NV-HDMI-Audio)
[    0.263143] ACPI: Added _OSI(Linux-HPI-Hybrid-Graphics)
[    0.265103] ACPI: 2 ACPI AML tables successfully acquired and loaded
[    0.266589] ACPI: Interpreter enabled
[    0.266598] ACPI: (supports S0 S5)
[    0.266599] ACPI: Using IOAPIC for interrupt routing
[    0.266804] PCI: Using host bridge windows from ACPI; if necessary, use "pci=nocrs" and report a bug
[    0.266910] ACPI: Enabled 2 GPEs in block 00 to 07
[    0.272142] ACPI: PCI Root Bridge [PCI0] (domain 0000 [bus 00-ff])
[    0.272147] acpi PNP0A03:00: _OSC: OS supports [ASPM ClockPM Segments MSI HPX-Type3]
[    0.272662] acpi PNP0A03:00: _OSC: not requesting OS control; OS requires [ExtendedConfig ASPM ClockPM MSI]
[    0.272671] acpi PNP0A03:00: fail to add MMCONFIG information, can't access extended PCI configuration space under this bridge.
[    0.273056] PCI host bridge to bus 0000:00
[    0.273058] pci_bus 0000:00: root bus resource [io  0x0000-0x0cf7 window]
[    0.273060] pci_bus 0000:00: root bus resource [io  0x0d00-0xffff window]
[    0.273061] pci_bus 0000:00: root bus resource [mem 0x000a0000-0x000bffff window]
[    0.273062] pci_bus 0000:00: root bus resource [mem 0x80000000-0xfdffffff window]
[    0.273063] pci_bus 0000:00: root bus resource [bus 00-ff]
[    0.273109] pci 0000:00:00.0: [8086:1237] type 00 class 0x060000
[    0.273858] pci 0000:00:01.0: [8086:7000] type 00 class 0x060100
[    0.274652] pci 0000:00:01.1: [8086:7111] type 00 class 0x01018a
[    0.275050] pci 0000:00:01.1: reg 0x20: [io  0xd000-0xd00f]
[    0.275206] pci 0000:00:01.1: legacy IDE quirk: reg 0x10: [io  0x01f0-0x01f7]
[    0.275207] pci 0000:00:01.1: legacy IDE quirk: reg 0x14: [io  0x03f6]
[    0.275208] pci 0000:00:01.1: legacy IDE quirk: reg 0x18: [io  0x0170-0x0177]
[    0.275209] pci 0000:00:01.1: legacy IDE quirk: reg 0x1c: [io  0x0376]
[    0.275785] pci 0000:00:02.0: [15ad:0405] type 00 class 0x030000
[    0.277861] pci 0000:00:02.0: reg 0x10: [io  0xd010-0xd01f]
[    0.281824] pci 0000:00:02.0: reg 0x14: [mem 0xe0000000-0xe7ffffff pref]
[    0.284610] pci 0000:00:02.0: reg 0x18: [mem 0xf0000000-0xf01fffff]
[    0.296426] pci 0000:00:03.0: [1022:2000] type 00 class 0x020000
[    0.297114] pci 0000:00:03.0: reg 0x10: [io  0xd020-0xd03f]
[    0.297738] pci 0000:00:03.0: reg 0x14: [mem 0xf0200000-0xf0200fff]
[    0.301440] pci 0000:00:04.0: [80ee:cafe] type 00 class 0x088000
[    0.301900] pci 0000:00:04.0: reg 0x10: [io  0xd040-0xd05f]
[    0.302547] pci 0000:00:04.0: reg 0x14: [mem 0xf0400000-0xf07fffff]
[    0.303179] pci 0000:00:04.0: reg 0x18: [mem 0xf0800000-0xf0803fff pref]
[    0.306760] pci 0000:00:07.0: [8086:7113] type 00 class 0x068000
[    0.307315] pci 0000:00:07.0: quirk: [io  0x4000-0x403f] claimed by PIIX4 ACPI
[    0.307325] pci 0000:00:07.0: quirk: [io  0x4100-0x410f] claimed by PIIX4 SMB
[    0.309393] pci 0000:00:08.0: [8086:100e] type 00 class 0x020000
[    0.309775] pci 0000:00:08.0: reg 0x10: [mem 0xf0820000-0xf083ffff]
[    0.309896] pci 0000:00:08.0: reg 0x18: [io  0xd060-0xd067]
[    0.315416] pci 0000:00:09.0: [8086:100e] type 00 class 0x020000
[    0.316126] pci 0000:00:09.0: reg 0x10: [mem 0xf0840000-0xf085ffff]
[    0.317277] pci 0000:00:09.0: reg 0x18: [io  0xd068-0xd06f]
[    0.326793] ACPI: PCI Interrupt Link [LNKA] (IRQs 5 9 10 *11)
[    0.327073] ACPI: PCI Interrupt Link [LNKB] (IRQs 5 9 *10 11)
[    0.327179] ACPI: PCI Interrupt Link [LNKC] (IRQs 5 *9 10 11)
[    0.327280] ACPI: PCI Interrupt Link [LNKD] (IRQs 5 9 10 *11)
[    0.327544] iommu: Default domain type: Translated 
[    0.327604] pci 0000:00:02.0: vgaarb: setting as boot VGA device
[    0.327606] pci 0000:00:02.0: vgaarb: VGA device added: decodes=io+mem,owns=io+mem,locks=none
[    0.327608] pci 0000:00:02.0: vgaarb: bridge control possible
[    0.327609] vgaarb: loaded
[    0.327818] SCSI subsystem initialized
[    0.327851] libata version 3.00 loaded.
[    0.327875] ACPI: bus type USB registered
[    0.327891] usbcore: registered new interface driver usbfs
[    0.327897] usbcore: registered new interface driver hub
[    0.327902] usbcore: registered new device driver usb
[    0.327930] pps_core: LinuxPPS API ver. 1 registered
[    0.327930] pps_core: Software ver. 5.3.6 - Copyright 2005-2007 Rodolfo Giometti <giometti@linux.it>
[    0.327932] PTP clock support registered
[    0.327965] EDAC MC: Ver: 3.0.0
[    0.328255] PCI: Using ACPI for IRQ routing
[    0.328257] PCI: pci_cache_line_size set to 64 bytes
[    0.329943] e820: reserve RAM buffer [mem 0x0009fc00-0x0009ffff]
[    0.329947] e820: reserve RAM buffer [mem 0x7fff0000-0x7fffffff]
[    0.330724] NetLabel: Initializing
[    0.330725] NetLabel:  domain hash size = 128
[    0.330725] NetLabel:  protocols = UNLABELED CIPSOv4 CALIPSO
[    0.330745] NetLabel:  unlabeled traffic allowed by default
[    0.331641] clocksource: Switched to clocksource kvm-clock
[    0.344190] *** VALIDATE bpf ***
[    0.344253] VFS: Disk quotas dquot_6.6.0
[    0.344266] VFS: Dquot-cache hash table entries: 512 (order 0, 4096 bytes)
[    0.344288] *** VALIDATE ramfs ***
[    0.344292] *** VALIDATE hugetlbfs ***
[    0.344375] AppArmor: AppArmor Filesystem Enabled
[    0.344402] pnp: PnP ACPI init
[    0.344473] pnp 00:00: Plug and Play ACPI device, IDs PNP0303 (active)
[    0.344540] pnp 00:01: Plug and Play ACPI device, IDs PNP0f03 (active)
[    0.345272] pnp: PnP ACPI: found 2 devices
[    0.346243] thermal_sys: Registered thermal governor 'fair_share'
[    0.346244] thermal_sys: Registered thermal governor 'bang_bang'
[    0.346244] thermal_sys: Registered thermal governor 'step_wise'
[    0.346245] thermal_sys: Registered thermal governor 'user_space'
[    0.346245] thermal_sys: Registered thermal governor 'power_allocator'
[    0.350760] clocksource: acpi_pm: mask: 0xffffff max_cycles: 0xffffff, max_idle_ns: 2085701024 ns
[    0.350800] pci_bus 0000:00: resource 4 [io  0x0000-0x0cf7 window]
[    0.350802] pci_bus 0000:00: resource 5 [io  0x0d00-0xffff window]
[    0.350803] pci_bus 0000:00: resource 6 [mem 0x000a0000-0x000bffff window]
[    0.350804] pci_bus 0000:00: resource 7 [mem 0x80000000-0xfdffffff window]
[    0.350864] NET: Registered protocol family 2
[    0.350936] IP idents hash table entries: 32768 (order: 6, 262144 bytes, linear)
[    0.351261] MPTCP tokens hash table entries: 8192 (order: 4, 65536 bytes, linear)
[    0.351261] MPTCP request tokens hash table entries: 8192 (order: 4, 65536 bytes, linear)
[    0.351261] default registered
[    0.351261] default registered
[    0.351261] MPTCP: Stable release v0.96
[    0.351261] tcp_listen_portaddr_hash hash table entries: 1024 (order: 2, 16384 bytes, linear)
[    0.351261] TCP established hash table entries: 16384 (order: 5, 131072 bytes, linear)
[    0.351261] TCP bind hash table entries: 16384 (order: 6, 262144 bytes, linear)
[    0.351261] TCP: Hash tables configured (established 16384 bind 16384)
[    0.352309] UDP hash table entries: 1024 (order: 3, 32768 bytes, linear)
[    0.352321] UDP-Lite hash table entries: 1024 (order: 3, 32768 bytes, linear)
[    0.352358] NET: Registered protocol family 1
[    0.352367] NET: Registered protocol family 44
[    0.352394] pci 0000:00:00.0: Limiting direct PCI/PCI transfers
[    0.352409] pci 0000:00:01.0: Activating ISA DMA hang workarounds
[    0.352466] pci 0000:00:02.0: Video device with shadowed ROM at [mem 0x000c0000-0x000dffff]
[    0.352530] PCI: CLS 0 bytes, default 64
[    0.352576] Trying to unpack rootfs image as initramfs...
[    0.527483] Freeing initrd memory: 47868K
[    0.535677] clocksource: tsc: mask: 0xffffffffffffffff max_cycles: 0x1e4530a99b6, max_idle_ns: 440795257976 ns
[    0.535686] clocksource: Switched to clocksource tsc
[    0.535726] platform rtc_cmos: registered platform RTC device (no PNP device found)
[    0.535755] check: Scanning for low memory corruption every 60 seconds
[    0.536058] Initialise system trusted keyrings
[    0.536068] Key type blacklist registered
[    0.536109] workingset: timestamp_bits=36 max_order=19 bucket_order=0
[    0.537418] zbud: loaded
[    0.537777] squashfs: version 4.0 (2009/01/31) Phillip Lougher
[    0.537914] fuse: init (API version 7.31)
[    0.537931] *** VALIDATE fuse ***
[    0.537932] *** VALIDATE fuse ***
[    0.538036] Platform Keyring initialized
[    0.539584] Key type asymmetric registered
[    0.539584] Asymmetric key parser 'x509' registered
[    0.539584] Block layer SCSI generic (bsg) driver version 0.4 loaded (major 244)
[    0.539584] io scheduler mq-deadline registered
[    0.539584] shpchp: Standard Hot Plug PCI Controller Driver version: 0.4
[    0.541328] ACPI: AC Adapter [AC] (on-line)
[    0.541376] input: Power Button as /devices/LNXSYSTM:00/LNXPWRBN:00/input/input0
[    0.541404] ACPI: Power Button [PWRF]
[    0.541479] input: Sleep Button as /devices/LNXSYSTM:00/LNXSLPBN:00/input/input1
[    0.541495] ACPI: Sleep Button [SLPF]
[    0.541728] Serial: 8250/16550 driver, 32 ports, IRQ sharing enabled
[    0.543074] Linux agpgart interface v0.103
[    0.639263] loop: module loaded
[    0.639422] ata_piix 0000:00:01.1: version 2.13
[    0.639841] scsi host0: ata_piix
[    0.639938] scsi host1: ata_piix
[    0.639964] ata1: PATA max UDMA/33 cmd 0x1f0 ctl 0x3f6 bmdma 0xd000 irq 14
[    0.639965] ata2: PATA max UDMA/33 cmd 0x170 ctl 0x376 bmdma 0xd008 irq 15
[    0.640049] tun: Universal TUN/TAP device driver, 1.6
[    0.640371] PPP generic driver version 2.4.2
[    0.640415] VFIO - User Level meta-driver version: 0.3
[    0.640660] ehci_hcd: USB 2.0 'Enhanced' Host Controller (EHCI) Driver
[    0.640665] ehci-pci: EHCI PCI platform driver
[    0.640682] ehci-platform: EHCI generic platform driver
[    0.640687] ohci_hcd: USB 1.1 'Open' Host Controller (OHCI) Driver
[    0.640689] ohci-pci: OHCI PCI platform driver
[    0.640696] ohci-platform: OHCI generic platform driver
[    0.640701] uhci_hcd: USB Universal Host Controller Interface driver
[    0.640769] i8042: PNP: PS/2 Controller [PNP0303:PS2K,PNP0f03:PS2M] at 0x60,0x64 irq 1,12
[    0.641223] serio: i8042 KBD port at 0x60,0x64 irq 1
[    0.641227] serio: i8042 AUX port at 0x60,0x64 irq 12
[    0.641321] mousedev: PS/2 mouse device common for all mice
[    0.641581] input: AT Translated Set 2 keyboard as /devices/platform/i8042/serio0/input/input2
[    0.641997] rtc_cmos rtc_cmos: registered as rtc0
[    0.642010] rtc_cmos rtc_cmos: alarms up to one day, 114 bytes nvram
[    0.642015] i2c /dev entries driver
[    0.642061] device-mapper: uevent: version 1.0.3
[    0.642106] device-mapper: ioctl: 4.41.0-ioctl (2019-09-16) initialised: dm-devel@redhat.com
[    0.642123] platform eisa.0: Probing EISA bus 0
[    0.642124] platform eisa.0: EISA: Cannot allocate resource for mainboard
[    0.642125] platform eisa.0: Cannot allocate resource for EISA slot 1
[    0.642126] platform eisa.0: Cannot allocate resource for EISA slot 2
[    0.642127] platform eisa.0: Cannot allocate resource for EISA slot 3
[    0.642128] platform eisa.0: Cannot allocate resource for EISA slot 4
[    0.642129] platform eisa.0: Cannot allocate resource for EISA slot 5
[    0.642130] platform eisa.0: Cannot allocate resource for EISA slot 6
[    0.642131] platform eisa.0: Cannot allocate resource for EISA slot 7
[    0.642132] platform eisa.0: Cannot allocate resource for EISA slot 8
[    0.642133] platform eisa.0: EISA: Detected 0 cards
[    0.642136] intel_pstate: CPU model not supported
[    0.642145] ledtrig-cpu: registered to indicate activity on CPUs
[    0.642202] drop_monitor: Initializing network drop monitor service
[    0.642364] NET: Registered protocol family 10
[    0.647397] Segment Routing with IPv6
[    0.647397] fullmesh registered
[    0.647397] ndiffports registered
[    0.647397] binder registered
[    0.647397] roundrobin registered
[    0.647397] redundant registered
[    0.647397] blest registered
[    0.647397] ecf registered
[    0.647397] NET: Registered protocol family 17
[    0.647397] Key type dns_resolver registered
[    0.647397] RAS: Correctable Errors collector initialized.
[    0.647397] IPI shorthand broadcast: enabled
[    0.647397] sched_clock: Marking stable (632215076, 11182227)->(645179741, -1782438)
[    0.647831] registered taskstats version 1
[    0.647840] Loading compiled-in X.509 certificates
[    0.648449] Loaded X.509 cert 'Build time autogenerated kernel key: 6909f3744cebb3d0de528d5887b96a727de79b1e'
[    0.648468] zswap: loaded using pool lzo/zbud
[    0.648521] Key type ._fscrypt registered
[    0.648522] Key type .fscrypt registered
[    0.652959] Key type big_key registered
[    0.655122] Key type encrypted registered
[    0.655125] AppArmor: AppArmor sha1 policy hashing enabled
[    0.655132] ima: No TPM chip found, activating TPM-bypass!
[    0.655135] ima: Allocated hash algorithm: sha1
[    0.655140] ima: No architecture policies found
[    0.655149] evm: Initialising EVM extended attributes:
[    0.655150] evm: security.selinux
[    0.655150] evm: security.SMACK64
[    0.655151] evm: security.SMACK64EXEC
[    0.655151] evm: security.SMACK64TRANSMUTE
[    0.655152] evm: security.SMACK64MMAP
[    0.655152] evm: security.apparmor
[    0.655153] evm: security.ima
[    0.655153] evm: security.capability
[    0.655154] evm: HMAC attrs: 0x1
[    0.655448] PM:   Magic number: 10:983:794
[    0.655553] rtc_cmos rtc_cmos: setting system clock to 2026-01-13T17:45:52 UTC (1768326352)
[    0.813098] ata1.00: ATA-6: VBOX HARDDISK, 1.0, max UDMA/133
[    0.813101] ata1.00: 209715200 sectors, multi 128: LBA 
[    0.813766] scsi 0:0:0:0: Direct-Access     ATA      VBOX HARDDISK    1.0  PQ: 0 ANSI: 5
[    0.814076] sd 0:0:0:0: [sda] 209715200 512-byte logical blocks: (107 GB/100 GiB)
[    0.814088] sd 0:0:0:0: [sda] Write Protect is off
[    0.814091] sd 0:0:0:0: [sda] Mode Sense: 00 3a 00 00
[    0.814111] sd 0:0:0:0: [sda] Write cache: enabled, read cache: enabled, doesn't support DPO or FUA
[    0.814428] sd 0:0:0:0: Attached scsi generic sg0 type 0
[    0.815512]  sda: sda1 sda2
[    0.827478] sd 0:0:0:0: [sda] Attached SCSI disk
[    0.831733] Freeing unused decrypted memory: 2040K
[    0.832881] Freeing unused kernel image memory: 2728K
[    0.832884] Write protecting the kernel read-only data: 22528k
[    0.834145] Freeing unused kernel image memory: 2036K
[    0.834812] Freeing unused kernel image memory: 1432K
[    0.868291] x86/mm: Checked W+X mappings: passed, no W+X pages found.
[    0.868295] Run /init as init process
[    0.979522] ACPI: Video Device [GFX0] (multi-head: yes  rom: no  post: no)
[    0.979594] input: Video Bus as /devices/LNXSYSTM:00/LNXSYBUS:00/PNP0A03:00/LNXVIDEO:00/input/input4
[    0.990624] pcnet32: pcnet32.c:v1.35 21.Apr.2008 tsbogend@alpha.franken.de
[    0.993807] piix4_smbus 0000:00:07.0: SMBus Host Controller at 0x4100, revision 0
[    0.994929] pcnet32: PCnet/FAST III 79C973 at 0xd020, 08:00:27:ce:98:58 assigned IRQ 19
[    0.994971] pcnet32: Found PHY 0022:561b at address 0
[    0.995264] pcnet32: eth0: registered as PCnet/FAST III 79C973
[    0.997837] e1000: Intel(R) PRO/1000 Network Driver - version 7.3.21-k8-NAPI
[    0.997837] e1000: Copyright (c) 1999-2006 Intel Corporation.
[    1.009462] pcnet32: 1 cards_found
[    1.077965] pcnet32 0000:00:03.0 enp0s3: renamed from eth0
[    1.208822] input: ImExPS/2 Generic Explorer Mouse as /devices/platform/i8042/serio1/input/input5
[    1.407591] e1000 0000:00:08.0 eth0: (PCI:33MHz:32-bit) 08:00:27:d7:1a:e3
[    1.407594] e1000 0000:00:08.0 eth0: Intel(R) PRO/1000 Network Connection
[    1.779655] e1000 0000:00:09.0 eth1: (PCI:33MHz:32-bit) 08:00:27:76:2d:64
[    1.779658] e1000 0000:00:09.0 eth1: Intel(R) PRO/1000 Network Connection
[    1.780774] e1000 0000:00:09.0 enp0s9: renamed from eth1
[    1.782576] e1000 0000:00:08.0 enp0s8: renamed from eth0
[    1.925937] EXT4-fs (sda2): mounted filesystem with ordered data mode. Opts: (null)
[    2.016416] systemd[1]: Inserted module 'autofs4'
[    2.027989] systemd[1]: systemd 245.4-4ubuntu3 running in system mode. (+PAM +AUDIT +SELINUX +IMA +APPARMOR +SMACK +SYSVINIT +UTMP +LIBCRYPTSETUP +GCRYPT +GNUTLS +ACL +XZ +LZ4 +SECCOMP +BLKID +ELFUTILS +KMOD +IDN2 -IDN +PCRE2 default-hierarchy=hybrid)
[    2.028021] systemd[1]: Detected virtualization oracle.
[    2.028027] systemd[1]: Detected architecture x86-64.
[    2.029297] systemd[1]: Set hostname to <ztg>.
[    2.153134] systemd[1]: /lib/systemd/system/dbus.socket:5: ListenStream= references a path below legacy directory /var/run/, updating /var/run/dbus/system_bus_socket â†’ /run/dbus/system_bus_socket; please update the unit file accordingly.
[    2.205260] systemd[1]: Created slice system-modprobe.slice.
[    2.205440] systemd[1]: Created slice User and Session Slice.
[    2.205482] systemd[1]: Started Forward Password Requests to Wall Directory Watch.
[    2.205637] systemd[1]: Set up automount Arbitrary Executable File Formats File System Automount Point.
[    2.205671] systemd[1]: Reached target User and Group Name Lookups.
[    2.205679] systemd[1]: Reached target Remote File Systems.
[    2.205688] systemd[1]: Reached target Slices.
[    2.206269] systemd[1]: Listening on Syslog Socket.
[    2.206335] systemd[1]: Listening on fsck to fsckd communication Socket.
[    2.206374] systemd[1]: Listening on initctl Compatibility Named Pipe.
[    2.206510] systemd[1]: Listening on Journal Audit Socket.
[    2.206560] systemd[1]: Listening on Journal Socket (/dev/log).
[    2.206627] systemd[1]: Listening on Journal Socket.
[    2.206691] systemd[1]: Listening on udev Control Socket.
[    2.206730] systemd[1]: Listening on udev Kernel Socket.
[    2.207505] systemd[1]: Mounting Huge Pages File System...
[    2.208389] systemd[1]: Mounting POSIX Message Queue File System...
[    2.209262] systemd[1]: Mounting Kernel Debug File System...
[    2.210114] systemd[1]: Mounting Kernel Trace File System...
[    2.212011] systemd[1]: Starting Journal Service...
[    2.233896] systemd[1]: Starting Set the console keyboard layout...
[    2.241755] systemd[1]: Starting Create list of static device nodes for the current kernel...
[    2.243581] systemd[1]: Starting Load Kernel Module drm...
[    2.244546] systemd[1]: Condition check resulted in Set Up Additional Binary Formats being skipped.
[    2.244593] systemd[1]: Condition check resulted in File System Check on Root Device being skipped.
[    2.255653] systemd[1]: Starting Load Kernel Modules...
[    2.264394] systemd[1]: Starting Remount Root and Kernel File Systems...
[    2.275232] systemd[1]: Starting udev Coldplug all Devices...
[    2.280014] systemd[1]: Starting Uncomplicated firewall...
[    2.281556] systemd[1]: Mounted Huge Pages File System.
[    2.281644] systemd[1]: Mounted POSIX Message Queue File System.
[    2.281718] systemd[1]: Mounted Kernel Debug File System.
[    2.281783] systemd[1]: Mounted Kernel Trace File System.
[    2.320912] EXT4-fs (sda2): re-mounted. Opts: errors=remount-ro
[    2.325548] systemd[1]: Finished Create list of static device nodes for the current kernel.
[    2.326607] systemd[1]: modprobe@drm.service: Succeeded.
[    2.332958] systemd[1]: Finished Load Kernel Module drm.
[    2.333558] systemd[1]: Finished Remount Root and Kernel File Systems.
[    2.334445] systemd[1]: Finished Uncomplicated firewall.
[    2.350752] lp: driver loaded but no devices found
[    2.352898] systemd[1]: Condition check resulted in Rebuild Hardware Database being skipped.
[    2.352939] systemd[1]: Condition check resulted in Platform Persistent Storage Archival being skipped.
[    2.353615] systemd[1]: Starting Load/Save Random Seed...
[    2.359412] systemd[1]: Starting Create System Users...
[    2.365608] ppdev: user-space parallel port driver
[    2.372086] systemd[1]: Finished Load/Save Random Seed.
[    2.374146] systemd[1]: Finished Create System Users.
[    2.374830] systemd[1]: Starting Create Static Device Nodes in /dev...
[    2.433671] systemd[1]: Finished udev Coldplug all Devices.
[    2.438121] systemd[1]: Finished Create Static Device Nodes in /dev.
[    2.438912] systemd[1]: Starting udev Kernel Device Manager...
[    2.453487] [drm] DMA map mode: Caching DMA mappings.
[    2.453551] [drm] Capabilities:
[    2.453552] [drm]   Rect copy.
[    2.453552] [drm]   Cursor.
[    2.453552] [drm]   Cursor bypass.
[    2.453553] [drm]   Cursor bypass 2.
[    2.453553] [drm]   Alpha cursor.
[    2.453553] [drm]   Extended Fifo.
[    2.453554] [drm]   Pitchlock.
[    2.453554] [drm]   Irq mask.
[    2.453554] [drm]   GMR.
[    2.453555] [drm]   Traces.
[    2.453555] [drm]   GMR2.
[    2.453555] [drm]   Screen Object 2.
[    2.453556] [drm]   Command Buffers.
[    2.453556] [drm]   Command Buffers 2.
[    2.453556] [drm]   Guest Backed Resources.
[    2.453557] [drm] Max GMR ids is 8192
[    2.453558] [drm] Max number of GMR pages is 1048576
[    2.453558] [drm] Max dedicated hypervisor surface memory is 393216 kiB
[    2.453559] [drm] Maximum display memory size is 131072 kiB
[    2.453560] [drm] VRAM at 0xe0000000 size is 131072 kiB
[    2.453560] [drm] MMIO at 0xf0000000 size is 2048 kiB
[    2.454395] [TTM] Zone  kernel: Available graphics memory: 1011738 KiB
[    2.454395] [TTM] Initializing pool allocator
[    2.454398] [TTM] Initializing DMA pool allocator
[    2.454449] [drm] Supports vblank timestamp caching Rev 2 (21.10.2013).
[    2.454449] [drm] No driver support for vblank timestamp query.
[    2.454671] [drm] Screen Target Display device initialized
[    2.454878] [drm] width 720
[    2.454888] [drm] height 400
[    2.454892] [drm] bpp 32
[    2.455436] [drm] Fifo max 0x00200000 min 0x00001000 cap 0x00000355
[    2.456744] [drm] Using command buffers with DMA pool.
[    2.456748] [drm] DX: no.
[    2.456748] [drm] Atomic: yes.
[    2.456749] [drm] SM4_1: no.
[    2.456767] [drm:vmw_host_log [vmwgfx]] *ERROR* Failed to send host log message.
[    2.457703] [drm:vmw_host_log [vmwgfx]] *ERROR* Failed to send host log message.
[    2.476534] fbcon: svgadrmfb (fb0) is primary device
[    2.478649] Console: switching to colour frame buffer device 100x37
[    2.485965] [drm] Initialized vmwgfx 2.15.0 20180704 for 0000:00:02.0 on minor 0
[    2.492133] systemd[1]: Finished Load Kernel Modules.
[    2.493010] systemd[1]: Mounting FUSE Control File System...
[    2.494200] systemd[1]: Mounting Kernel Configuration File System...
[    2.501471] systemd[1]: Starting Apply Kernel Variables...
[    2.516311] systemd[1]: Mounted FUSE Control File System.
[    2.516371] systemd[1]: Condition check resulted in VMware vmblock fuse mount being skipped.
[    2.520650] systemd[1]: Mounted Kernel Configuration File System.
[    2.522862] systemd[1]: Finished Set the console keyboard layout.
[    2.522955] systemd[1]: Reached target Local File Systems (Pre).
[    2.529656] systemd[1]: Mounting Mount unit for bare, revision 5...
[    2.535376] systemd[1]: Mounting Mount unit for core18, revision 1705...
[    2.544331] systemd[1]: Mounting Mount unit for gnome-3-34-1804, revision 24...
[    2.556363] systemd[1]: Mounting Mount unit for gtk-common-themes, revision 1506...
[    2.567749] systemd[1]: Mounting Mount unit for gtk-common-themes, revision 1535...
[    2.577327] systemd[1]: Mounting Mount unit for snap-store, revision 433...
[    2.588710] systemd[1]: Mounting Mount unit for snapd, revision 7264...
[    2.619744] systemd[1]: Finished Apply Kernel Variables.
[    2.621002] systemd[1]: Mounted Mount unit for bare, revision 5.
[    2.621089] systemd[1]: Mounted Mount unit for gnome-3-34-1804, revision 24.
[    2.625581] systemd[1]: Mounted Mount unit for core18, revision 1705.
[    2.625664] systemd[1]: Mounted Mount unit for gtk-common-themes, revision 1506.
[    2.653943] systemd[1]: Started udev Kernel Device Manager.
[    2.656773] systemd[1]: Starting Show Plymouth Boot Screen...
[    2.658962] systemd[1]: Received SIGRTMIN+20 from PID 272 (plymouthd).
[    2.682756] systemd[1]: Mounted Mount unit for gtk-common-themes, revision 1535.
[    2.682987] systemd[1]: Mounted Mount unit for snap-store, revision 433.
[    2.683161] systemd[1]: Mounted Mount unit for snapd, revision 7264.
[    2.683330] systemd[1]: Started Show Plymouth Boot Screen.
[    2.684785] systemd[1]: Condition check resulted in Dispatch Password Requests to Console Directory Watch being skipped.
[    2.684864] systemd[1]: Started Forward Password Requests to Plymouth Directory Watch.
[    2.684932] systemd[1]: Reached target Local Encrypted Volumes.
[    2.684987] systemd[1]: Reached target Local File Systems.
[    2.685700] systemd[1]: Starting Load AppArmor profiles...
[    2.688064] systemd[1]: Starting Set console font and keymap...
[    2.701149] systemd[1]: Starting Tell Plymouth To Write Out Runtime Data...
[    2.702525] systemd[1]: Condition check resulted in Store a System Token in an EFI Variable being skipped.
[    2.702600] systemd[1]: Condition check resulted in Commit a transient machine-id on disk being skipped.
[    2.704953] systemd[1]: Finished Set console font and keymap.
[    2.713947] systemd[1]: Received SIGRTMIN+20 from PID 272 (plymouthd).
[    2.715188] systemd[1]: plymouth-read-write.service: Succeeded.
[    2.715434] systemd[1]: Finished Tell Plymouth To Write Out Runtime Data.
[    2.763837] audit: type=1400 audit(1768326354.604:2): apparmor="STATUS" operation="profile_load" profile="unconfined" name="nvidia_modprobe" pid=299 comm="apparmor_parser"
[    2.763839] audit: type=1400 audit(1768326354.604:3): apparmor="STATUS" operation="profile_load" profile="unconfined" name="nvidia_modprobe//kmod" pid=299 comm="apparmor_parser"
[    2.772358] audit: type=1400 audit(1768326354.612:4): apparmor="STATUS" operation="profile_load" profile="unconfined" name="/usr/sbin/tcpdump" pid=300 comm="apparmor_parser"
[    2.806795] audit: type=1400 audit(1768326354.640:5): apparmor="STATUS" operation="profile_load" profile="unconfined" name="/usr/bin/evince" pid=302 comm="apparmor_parser"
[    2.806797] audit: type=1400 audit(1768326354.640:6): apparmor="STATUS" operation="profile_load" profile="unconfined" name="/usr/bin/evince//sanitized_helper" pid=302 comm="apparmor_parser"
[    2.806799] audit: type=1400 audit(1768326354.640:7): apparmor="STATUS" operation="profile_load" profile="unconfined" name="/usr/bin/evince-previewer" pid=302 comm="apparmor_parser"
[    2.806801] audit: type=1400 audit(1768326354.640:8): apparmor="STATUS" operation="profile_load" profile="unconfined" name="/usr/bin/evince-previewer//sanitized_helper" pid=302 comm="apparmor_parser"
[    2.806802] audit: type=1400 audit(1768326354.640:9): apparmor="STATUS" operation="profile_load" profile="unconfined" name="/usr/bin/evince-thumbnailer" pid=302 comm="apparmor_parser"
[    2.838353] audit: type=1400 audit(1768326354.676:10): apparmor="STATUS" operation="profile_load" profile="unconfined" name="/usr/lib/cups/backend/cups-pdf" pid=303 comm="apparmor_parser"
[    2.900214] systemd[1]: Finished Load AppArmor profiles.
[    2.901122] systemd[1]: Starting Load AppArmor profiles managed internally by snapd...
[    2.980524] systemd[1]: Finished Load AppArmor profiles managed internally by snapd.
[    3.162221] systemd[1]: Started Journal Service.
[    3.171942] systemd-journald[229]: Received client request to flush runtime journal.
[    3.175450] systemd-journald[229]: File /var/log/journal/c455b248004a419c87ce85eea238d727/system.journal corrupted or uncleanly shut down, renaming and replacing.
[    4.504089] RAPL PMU: API unit is 2^-32 Joules, 0 fixed counters, 10737418240 ms ovfl timer
[    4.517100] cryptd: max_cpu_qlen set to 1000
[    4.522338] AVX2 version of gcm_enc/dec engaged.
[    4.522339] AES CTR mode by8 optimization enabled
[    5.386167] Adding 1998844k swap on /dev/sda1.  Priority:-2 extents:1 across:1998844k FS
[    6.588695] kauditd_printk_skb: 30 callbacks suppressed
[    6.588697] audit: type=1400 audit(1768326358.428:41): apparmor="DENIED" operation="capable" profile="/usr/sbin/cups-browsed" pid=496 comm="cups-browsed" capability=23  capname="sys_nice"
[    7.505704] pcnet32 0000:00:03.0 enp0s3: link up, 100Mbps, full-duplex
[    7.539741] e1000: enp0s8 NIC Link is Up 1000 Mbps Full Duplex, Flow Control: RX
[    7.540015] IPv6: ADDRCONF(NETDEV_CHANGE): enp0s8: link becomes ready
[    7.549257] e1000: enp0s9 NIC Link is Up 1000 Mbps Full Duplex, Flow Control: RX
[    7.549558] IPv6: ADDRCONF(NETDEV_CHANGE): enp0s9: link becomes ready
[    8.086347] device enp0s3 entered promiscuous mode
[    8.111021] audit: type=1400 audit(1768326359.948:42): apparmor="DENIED" operation="open" profile="/usr/sbin/tcpdump" name="/proc/sys/kernel/random/boot_id" pid=685 comm="tcpdump" requested_mask="r" denied_mask="r" fsuid=0 ouid=0
[    8.111219] audit: type=1400 audit(1768326359.948:43): apparmor="DENIED" operation="open" profile="/usr/sbin/tcpdump" name="/proc/sys/kernel/random/boot_id" pid=685 comm="tcpdump" requested_mask="r" denied_mask="r" fsuid=0 ouid=0
[    8.111327] audit: type=1400 audit(1768326359.948:44): apparmor="DENIED" operation="open" profile="/usr/sbin/tcpdump" name="/proc/sys/kernel/random/boot_id" pid=685 comm="tcpdump" requested_mask="r" denied_mask="r" fsuid=0 ouid=0
[    8.111380] audit: type=1400 audit(1768326359.948:45): apparmor="DENIED" operation="open" profile="/usr/sbin/tcpdump" name="/proc/sys/kernel/random/boot_id" pid=685 comm="tcpdump" requested_mask="r" denied_mask="r" fsuid=0 ouid=0
[    8.122170] audit: type=1400 audit(1768326359.960:46): apparmor="DENIED" operation="open" profile="/usr/sbin/tcpdump" name="/proc/sys/kernel/random/boot_id" pid=686 comm="tcpdump" requested_mask="r" denied_mask="r" fsuid=0 ouid=0
[    8.122348] audit: type=1400 audit(1768326359.960:47): apparmor="DENIED" operation="open" profile="/usr/sbin/tcpdump" name="/proc/sys/kernel/random/boot_id" pid=686 comm="tcpdump" requested_mask="r" denied_mask="r" fsuid=0 ouid=0
[    8.122389] audit: type=1400 audit(1768326359.960:48): apparmor="DENIED" operation="open" profile="/usr/sbin/tcpdump" name="/proc/sys/kernel/random/boot_id" pid=686 comm="tcpdump" requested_mask="r" denied_mask="r" fsuid=0 ouid=0
[    8.122444] audit: type=1400 audit(1768326359.960:49): apparmor="DENIED" operation="open" profile="/usr/sbin/tcpdump" name="/proc/sys/kernel/random/boot_id" pid=686 comm="tcpdump" requested_mask="r" denied_mask="r" fsuid=0 ouid=0
[   12.610099] rfkill: input handler disabled
[  228.300140] AAAAA-TCP_FORW: name:enp0s3: saddr:100932208: daddr:16783984
[  570.008090] rfkill: input handler enabled
[  578.351812] rfkill: input handler disabled
[  771.661300] device enp0s3 left promiscuous mode
