[    0.000000] Linux version 5.4.243-mptcp (root@ztg) (gcc version 12.2.0 (Debian 12.2.0-14+deb12u1)) #53 SMP Wed Dec 24 23:28:15 CST 2025
[    0.000000] Command line: BOOT_IMAGE=/boot/vmlinuz-5.4.243-mptcp root=UUID=98415a12-53b7-4144-8265-0f7ece09e445 ro quiet splash
[    0.000000] KERNEL supported cpus:
[    0.000000]   Intel GenuineIntel
[    0.000000]   AMD AuthenticAMD
[    0.000000]   Hygon HygonGenuine
[    0.000000]   Centaur CentaurHauls
[    0.000000]   zhaoxin   Shanghai  
[    0.000000] x86/fpu: Supporting XSAVE feature 0x001: 'x87 floating point registers'
[    0.000000] x86/fpu: Supporting XSAVE feature 0x002: 'SSE registers'
[    0.000000] x86/fpu: Supporting XSAVE feature 0x004: 'AVX registers'
[    0.000000] x86/fpu: xstate_offset[2]:  576, xstate_sizes[2]:  256
[    0.000000] x86/fpu: Enabled xstate features 0x7, context size is 832 bytes, using 'standard' format.
[    0.000000] BIOS-provided physical RAM map:
[    0.000000] BIOS-e820: [mem 0x0000000000000000-0x000000000009fbff] usable
[    0.000000] BIOS-e820: [mem 0x000000000009fc00-0x000000000009ffff] reserved
[    0.000000] BIOS-e820: [mem 0x00000000000f0000-0x00000000000fffff] reserved
[    0.000000] BIOS-e820: [mem 0x0000000000100000-0x000000007ffeffff] usable
[    0.000000] BIOS-e820: [mem 0x000000007fff0000-0x000000007fffffff] ACPI data
[    0.000000] BIOS-e820: [mem 0x00000000fec00000-0x00000000fec00fff] reserved
[    0.000000] BIOS-e820: [mem 0x00000000fee00000-0x00000000fee00fff] reserved
[    0.000000] BIOS-e820: [mem 0x00000000fffc0000-0x00000000ffffffff] reserved
[    0.000000] NX (Execute Disable) protection: active
[    0.000000] SMBIOS 2.5 present.
[    0.000000] DMI: innotek GmbH VirtualBox/VirtualBox, BIOS VirtualBox 12/01/2006
[    0.000000] Hypervisor detected: KVM
[    0.000000] kvm-clock: Using msrs 4b564d01 and 4b564d00
[    0.000000] kvm-clock: cpu 0, msr 16c01001, primary cpu clock
[    0.000000] kvm-clock: using sched offset of 4443583998 cycles
[    0.000003] clocksource: kvm-clock: mask: 0xffffffffffffffff max_cycles: 0x1cd42e4dffb, max_idle_ns: 881590591483 ns
[    0.000005] tsc: Detected 2100.000 MHz processor
[    0.001876] e820: update [mem 0x00000000-0x00000fff] usable ==> reserved
[    0.001878] e820: remove [mem 0x000a0000-0x000fffff] usable
[    0.001882] last_pfn = 0x7fff0 max_arch_pfn = 0x400000000
[    0.001949] MTRR default type: uncachable
[    0.001950] MTRR fixed ranges enabled:
[    0.001951]   00000-9FFFF write-back
[    0.001952]   A0000-BFFFF uncachable
[    0.001953]   C0000-FFFFF write-protect
[    0.001954] MTRR variable ranges enabled:
[    0.001955]   0 base 000000000000 mask 3FFF80000000 write-back
[    0.001956]   1 disabled
[    0.001956]   2 disabled
[    0.001956]   3 disabled
[    0.001957]   4 disabled
[    0.001957]   5 disabled
[    0.001958]   6 disabled
[    0.001958]   7 disabled
[    0.001959]   8 disabled
[    0.001959]   9 disabled
[    0.001959]   10 disabled
[    0.001960]   11 disabled
[    0.001960]   12 disabled
[    0.001961]   13 disabled
[    0.001961]   14 disabled
[    0.001962]   15 disabled
[    0.001978] x86/PAT: Configuration [0-7]: WB  WC  UC- UC  WB  WP  UC- WT  
[    0.002111] found SMP MP-table at [mem 0x0009fff0-0x0009ffff]
[    0.091854] check: Scanning 1 areas for low memory corruption
[    0.091979] RAMDISK: [mem 0x32271000-0x3512ffff]
[    0.091987] ACPI: Early table checksum verification disabled
[    0.091993] ACPI: RSDP 0x00000000000E0000 000024 (v02 VBOX  )
[    0.091997] ACPI: XSDT 0x000000007FFF0030 00003C (v01 VBOX   VBOXXSDT 00000001 ASL  00000061)
[    0.092003] ACPI: FACP 0x000000007FFF00F0 0000F4 (v04 VBOX   VBOXFACP 00000001 ASL  00000061)
[    0.092010] ACPI: DSDT 0x000000007FFF02E0 002353 (v02 VBOX   VBOXBIOS 00000002 VBOX 00029BF3)
[    0.092014] ACPI: FACS 0x000000007FFF0200 000040
[    0.092017] ACPI: FACS 0x000000007FFF0200 000040
[    0.092020] ACPI: APIC 0x000000007FFF0240 000054 (v02 VBOX   VBOXAPIC 00000001 ASL  00000061)
[    0.092024] ACPI: SSDT 0x000000007FFF02A0 000038 (v01 VBOX   VBOXCPUT 00000002 VBOX 00029BF3)
[    0.092028] ACPI: Reserving FACP table memory at [mem 0x7fff00f0-0x7fff01e3]
[    0.092029] ACPI: Reserving DSDT table memory at [mem 0x7fff02e0-0x7fff2632]
[    0.092029] ACPI: Reserving FACS table memory at [mem 0x7fff0200-0x7fff023f]
[    0.092030] ACPI: Reserving FACS table memory at [mem 0x7fff0200-0x7fff023f]
[    0.092031] ACPI: Reserving APIC table memory at [mem 0x7fff0240-0x7fff0293]
[    0.092031] ACPI: Reserving SSDT table memory at [mem 0x7fff02a0-0x7fff02d7]
[    0.092045] ACPI: Local APIC address 0xfee00000
[    0.092230] No NUMA configuration found
[    0.092231] Faking a node at [mem 0x0000000000000000-0x000000007ffeffff]
[    0.092241] NODE_DATA(0) allocated [mem 0x7ffc5000-0x7ffeffff]
[    0.092502] Zone ranges:
[    0.092503]   DMA      [mem 0x0000000000001000-0x0000000000ffffff]
[    0.092504]   DMA32    [mem 0x0000000001000000-0x000000007ffeffff]
[    0.092505]   Normal   empty
[    0.092505]   Device   empty
[    0.092506] Movable zone start for each node
[    0.092508] Early memory node ranges
[    0.092509]   node   0: [mem 0x0000000000001000-0x000000000009efff]
[    0.092510]   node   0: [mem 0x0000000000100000-0x000000007ffeffff]
[    0.092513] Zeroed struct page in unavailable ranges: 114 pages
[    0.092514] Initmem setup node 0 [mem 0x0000000000001000-0x000000007ffeffff]
[    0.092515] On node 0 totalpages: 524174
[    0.092517]   DMA zone: 64 pages used for memmap
[    0.092517]   DMA zone: 21 pages reserved
[    0.092518]   DMA zone: 3998 pages, LIFO batch:0
[    0.092589]   DMA32 zone: 8128 pages used for memmap
[    0.092589]   DMA32 zone: 520176 pages, LIFO batch:63
[    0.101444] ACPI: PM-Timer IO Port: 0x4008
[    0.101447] ACPI: Local APIC address 0xfee00000
[    0.101514] IOAPIC[0]: apic_id 1, version 32, address 0xfec00000, GSI 0-23
[    0.101518] ACPI: INT_SRC_OVR (bus 0 bus_irq 0 global_irq 2 dfl dfl)
[    0.101520] ACPI: INT_SRC_OVR (bus 0 bus_irq 9 global_irq 9 low level)
[    0.101522] ACPI: IRQ0 used by override.
[    0.101523] ACPI: IRQ9 used by override.
[    0.101525] Using ACPI (MADT) for SMP configuration information
[    0.101532] smpboot: Allowing 1 CPUs, 0 hotplug CPUs
[    0.101553] PM: Registered nosave memory: [mem 0x00000000-0x00000fff]
[    0.101554] PM: Registered nosave memory: [mem 0x0009f000-0x0009ffff]
[    0.101555] PM: Registered nosave memory: [mem 0x000a0000-0x000effff]
[    0.101555] PM: Registered nosave memory: [mem 0x000f0000-0x000fffff]
[    0.101557] [mem 0x80000000-0xfebfffff] available for PCI devices
[    0.101557] Booting paravirtualized kernel on KVM
[    0.101560] clocksource: refined-jiffies: mask: 0xffffffff max_cycles: 0xffffffff, max_idle_ns: 7645519600211568 ns
[    0.101565] setup_percpu: NR_CPUS:8192 nr_cpumask_bits:1 nr_cpu_ids:1 nr_node_ids:1
[    0.102570] percpu: Embedded 60 pages/cpu s208896 r8192 d28672 u2097152
[    0.102575] pcpu-alloc: s208896 r8192 d28672 u2097152 alloc=1*2097152
[    0.102575] pcpu-alloc: [0] 0 
[    0.102602] Built 1 zonelists, mobility grouping on.  Total pages: 515961
[    0.102603] Policy zone: DMA32
[    0.102604] Kernel command line: BOOT_IMAGE=/boot/vmlinuz-5.4.243-mptcp root=UUID=98415a12-53b7-4144-8265-0f7ece09e445 ro quiet splash
[    0.103423] Dentry cache hash table entries: 262144 (order: 9, 2097152 bytes, linear)
[    0.103569] Inode-cache hash table entries: 131072 (order: 8, 1048576 bytes, linear)
[    0.103620] mem auto-init: stack:off, heap alloc:on, heap free:off
[    0.103623] Calgary: detecting Calgary via BIOS EBDA area
[    0.103624] Calgary: Unable to locate Rio Grande table in EBDA - bailing!
[    0.107618] Memory: 1967332K/2096696K available (14339K kernel code, 2398K rwdata, 4712K rodata, 2728K init, 17260K bss, 129364K reserved, 0K cma-reserved)
[    0.108534] SLUB: HWalign=64, Order=0-3, MinObjects=0, CPUs=1, Nodes=1
[    0.108551] ftrace: allocating 43186 entries in 169 pages
[    0.126583] rcu: Hierarchical RCU implementation.
[    0.126584] rcu: 	RCU restricting CPUs from NR_CPUS=8192 to nr_cpu_ids=1.
[    0.126585] 	Tasks RCU enabled.
[    0.126586] rcu: RCU calculated value of scheduler-enlistment delay is 25 jiffies.
[    0.126587] rcu: Adjusting geometry for rcu_fanout_leaf=16, nr_cpu_ids=1
[    0.129534] NR_IRQS: 524544, nr_irqs: 256, preallocated irqs: 16
[    0.129742] random: crng init done
[    0.138974] Console: colour VGA+ 80x25
[    0.138978] printk: console [tty0] enabled
[    0.138996] ACPI: Core revision 20190816
[    0.139087] APIC: Switch to symmetric I/O mode setup
[    0.139335] x2apic enabled
[    0.139570] Switched APIC routing to physical x2apic.
[    0.140692] ..TIMER: vector=0x30 apic1=0 pin1=2 apic2=-1 pin2=-1
[    0.140718] clocksource: tsc-early: mask: 0xffffffffffffffff max_cycles: 0x1e4530a99b6, max_idle_ns: 440795257976 ns
[    0.140723] Calibrating delay loop (skipped) preset value.. 4200.00 BogoMIPS (lpj=8400000)
[    0.140725] pid_max: default: 32768 minimum: 301
[    0.140752] LSM: Security Framework initializing
[    0.140762] Yama: becoming mindful.
[    0.140787] AppArmor: AppArmor initialized
[    0.140821] Mount-cache hash table entries: 4096 (order: 3, 32768 bytes, linear)
[    0.140825] Mountpoint-cache hash table entries: 4096 (order: 3, 32768 bytes, linear)
[    0.140835] *** VALIDATE tmpfs ***
[    0.140962] *** VALIDATE proc ***
[    0.141002] *** VALIDATE cgroup1 ***
[    0.141003] *** VALIDATE cgroup2 ***
[    0.141141] process: using mwait in idle threads
[    0.141145] Last level iTLB entries: 4KB 64, 2MB 8, 4MB 8
[    0.141146] Last level dTLB entries: 4KB 64, 2MB 0, 4MB 0, 1GB 4
[    0.141165] Spectre V1 : Mitigation: usercopy/swapgs barriers and __user pointer sanitization
[    0.141171] Spectre V2 : Mitigation: Retpolines
[    0.141171] Spectre V2 : Spectre v2 / SpectreRSB mitigation: Filling RSB on context switch
[    0.141172] Spectre V2 : Spectre v2 / SpectreRSB : Filling RSB on VMEXIT
[    0.141173] RETBleed: WARNING: Spectre v2 mitigation leaves CPU vulnerable to RETBleed attacks, data leaks possible!
[    0.141526] RETBleed: Vulnerable
[    0.141526] Speculative Store Bypass: Vulnerable
[    0.141531] TAA: Mitigation: TSX disabled
[    0.141532] MMIO Stale Data: Mitigation: Clear CPU buffers
[    0.145685] Freeing SMP alternatives memory: 40K
[    0.258149] smpboot: CPU0: Intel(R) Xeon(R) Silver 4216 CPU @ 2.10GHz (family: 0x6, model: 0x55, stepping: 0x7)
[    0.258268] Performance Events: unsupported p6 CPU model 85 no PMU driver, software events only.
[    0.258302] rcu: Hierarchical SRCU implementation.
[    0.258793] NMI watchdog: Perf NMI watchdog permanently disabled
[    0.258832] smp: Bringing up secondary CPUs ...
[    0.258833] smp: Brought up 1 node, 1 CPU
[    0.258834] smpboot: Max logical packages: 1
[    0.258835] smpboot: Total of 1 processors activated (4200.00 BogoMIPS)
[    0.259781] devtmpfs: initialized
[    0.259827] x86/mm: Memory block size: 128MB
[    0.260169] clocksource: jiffies: mask: 0xffffffff max_cycles: 0xffffffff, max_idle_ns: 7645041785100000 ns
[    0.260175] futex hash table entries: 256 (order: 2, 16384 bytes, linear)
[    0.260231] pinctrl core: initialized pinctrl subsystem
[    0.260331] PM: RTC time: 19:04:45, date: 2026-01-16
[    0.260435] NET: Registered protocol family 16
[    0.260509] audit: initializing netlink subsys (disabled)
[    0.260635] EISA bus registered
[    0.260637] cpuidle: using governor ladder
[    0.260638] cpuidle: using governor menu
[    0.260673] ACPI: bus type PCI registered
[    0.260675] acpiphp: ACPI Hot Plug PCI Controller Driver version: 0.5
[    0.260719] PCI: Using configuration type 1 for base access
[    0.260969] audit: type=2000 audit(1768561491.500:1): state=initialized audit_enabled=0 res=1
[    0.261055] HugeTLB registered 2.00 MiB page size, pre-allocated 0 pages
[    0.261926] ACPI: Added _OSI(Module Device)
[    0.261927] ACPI: Added _OSI(Processor Device)
[    0.261928] ACPI: Added _OSI(3.0 _SCP Extensions)
[    0.261928] ACPI: Added _OSI(Processor Aggregator Device)
[    0.261929] ACPI: Added _OSI(Linux-Dell-Video)
[    0.261930] ACPI: Added _OSI(Linux-Lenovo-NV-HDMI-Audio)
[    0.261931] ACPI: Added _OSI(Linux-HPI-Hybrid-Graphics)
[    0.263890] ACPI: 2 ACPI AML tables successfully acquired and loaded
[    0.265527] ACPI: Interpreter enabled
[    0.265537] ACPI: (supports S0 S5)
[    0.265538] ACPI: Using IOAPIC for interrupt routing
[    0.265741] PCI: Using host bridge windows from ACPI; if necessary, use "pci=nocrs" and report a bug
[    0.265847] ACPI: Enabled 2 GPEs in block 00 to 07
[    0.270681] ACPI: PCI Root Bridge [PCI0] (domain 0000 [bus 00-ff])
[    0.270685] acpi PNP0A03:00: _OSC: OS supports [ASPM ClockPM Segments MSI HPX-Type3]
[    0.271139] acpi PNP0A03:00: _OSC: not requesting OS control; OS requires [ExtendedConfig ASPM ClockPM MSI]
[    0.271147] acpi PNP0A03:00: fail to add MMCONFIG information, can't access extended PCI configuration space under this bridge.
[    0.271519] PCI host bridge to bus 0000:00
[    0.271521] pci_bus 0000:00: root bus resource [io  0x0000-0x0cf7 window]
[    0.271523] pci_bus 0000:00: root bus resource [io  0x0d00-0xffff window]
[    0.271524] pci_bus 0000:00: root bus resource [mem 0x000a0000-0x000bffff window]
[    0.271525] pci_bus 0000:00: root bus resource [mem 0x80000000-0xfdffffff window]
[    0.271526] pci_bus 0000:00: root bus resource [bus 00-ff]
[    0.271570] pci 0000:00:00.0: [8086:1237] type 00 class 0x060000
[    0.272497] pci 0000:00:01.0: [8086:7000] type 00 class 0x060100
[    0.273285] pci 0000:00:01.1: [8086:7111] type 00 class 0x01018a
[    0.273663] pci 0000:00:01.1: reg 0x20: [io  0xd000-0xd00f]
[    0.273818] pci 0000:00:01.1: legacy IDE quirk: reg 0x10: [io  0x01f0-0x01f7]
[    0.273819] pci 0000:00:01.1: legacy IDE quirk: reg 0x14: [io  0x03f6]
[    0.273820] pci 0000:00:01.1: legacy IDE quirk: reg 0x18: [io  0x0170-0x0177]
[    0.273821] pci 0000:00:01.1: legacy IDE quirk: reg 0x1c: [io  0x0376]
[    0.274358] pci 0000:00:02.0: [15ad:0405] type 00 class 0x030000
[    0.276797] pci 0000:00:02.0: reg 0x10: [io  0xd010-0xd01f]
[    0.280767] pci 0000:00:02.0: reg 0x14: [mem 0xe0000000-0xe7ffffff pref]
[    0.283323] pci 0000:00:02.0: reg 0x18: [mem 0xf0000000-0xf01fffff]
[    0.293390] pci 0000:00:03.0: [1022:2000] type 00 class 0x020000
[    0.294071] pci 0000:00:03.0: reg 0x10: [io  0xd020-0xd03f]
[    0.294693] pci 0000:00:03.0: reg 0x14: [mem 0xf0200000-0xf0200fff]
[    0.298632] pci 0000:00:04.0: [80ee:cafe] type 00 class 0x088000
[    0.299303] pci 0000:00:04.0: reg 0x10: [io  0xd040-0xd05f]
[    0.299910] pci 0000:00:04.0: reg 0x14: [mem 0xf0400000-0xf07fffff]
[    0.300520] pci 0000:00:04.0: reg 0x18: [mem 0xf0800000-0xf0803fff pref]
[    0.303757] pci 0000:00:07.0: [8086:7113] type 00 class 0x068000
[    0.304301] pci 0000:00:07.0: quirk: [io  0x4000-0x403f] claimed by PIIX4 ACPI
[    0.304310] pci 0000:00:07.0: quirk: [io  0x4100-0x410f] claimed by PIIX4 SMB
[    0.304778] pci 0000:00:08.0: [8086:100e] type 00 class 0x020000
[    0.305480] pci 0000:00:08.0: reg 0x10: [mem 0xf0820000-0xf083ffff]
[    0.306640] pci 0000:00:08.0: reg 0x18: [io  0xd060-0xd067]
[    0.309739] pci 0000:00:09.0: [8086:100e] type 00 class 0x020000
[    0.310443] pci 0000:00:09.0: reg 0x10: [mem 0xf0840000-0xf085ffff]
[    0.311591] pci 0000:00:09.0: reg 0x18: [io  0xd068-0xd06f]
[    0.321696] ACPI: PCI Interrupt Link [LNKA] (IRQs 5 9 10 *11)
[    0.321986] ACPI: PCI Interrupt Link [LNKB] (IRQs 5 9 *10 11)
[    0.322087] ACPI: PCI Interrupt Link [LNKC] (IRQs 5 *9 10 11)
[    0.322191] ACPI: PCI Interrupt Link [LNKD] (IRQs 5 9 10 *11)
[    0.322438] iommu: Default domain type: Translated 
[    0.322496] pci 0000:00:02.0: vgaarb: setting as boot VGA device
[    0.322498] pci 0000:00:02.0: vgaarb: VGA device added: decodes=io+mem,owns=io+mem,locks=none
[    0.322499] pci 0000:00:02.0: vgaarb: bridge control possible
[    0.322500] vgaarb: loaded
[    0.322705] SCSI subsystem initialized
[    0.322737] libata version 3.00 loaded.
[    0.322762] ACPI: bus type USB registered
[    0.322778] usbcore: registered new interface driver usbfs
[    0.322784] usbcore: registered new interface driver hub
[    0.322790] usbcore: registered new device driver usb
[    0.322816] pps_core: LinuxPPS API ver. 1 registered
[    0.322816] pps_core: Software ver. 5.3.6 - Copyright 2005-2007 Rodolfo Giometti <giometti@linux.it>
[    0.322819] PTP clock support registered
[    0.322853] EDAC MC: Ver: 3.0.0
[    0.323133] PCI: Using ACPI for IRQ routing
[    0.323135] PCI: pci_cache_line_size set to 64 bytes
[    0.324799] e820: reserve RAM buffer [mem 0x0009fc00-0x0009ffff]
[    0.324802] e820: reserve RAM buffer [mem 0x7fff0000-0x7fffffff]
[    0.325598] NetLabel: Initializing
[    0.325598] NetLabel:  domain hash size = 128
[    0.325599] NetLabel:  protocols = UNLABELED CIPSOv4 CALIPSO
[    0.325618] NetLabel:  unlabeled traffic allowed by default
[    0.326514] clocksource: Switched to clocksource kvm-clock
[    0.338988] *** VALIDATE bpf ***
[    0.339044] VFS: Disk quotas dquot_6.6.0
[    0.339056] VFS: Dquot-cache hash table entries: 512 (order 0, 4096 bytes)
[    0.339078] *** VALIDATE ramfs ***
[    0.339081] *** VALIDATE hugetlbfs ***
[    0.339158] AppArmor: AppArmor Filesystem Enabled
[    0.339182] pnp: PnP ACPI init
[    0.339244] pnp 00:00: Plug and Play ACPI device, IDs PNP0303 (active)
[    0.339328] pnp 00:01: Plug and Play ACPI device, IDs PNP0f03 (active)
[    0.340064] pnp: PnP ACPI: found 2 devices
[    0.341011] thermal_sys: Registered thermal governor 'fair_share'
[    0.341012] thermal_sys: Registered thermal governor 'bang_bang'
[    0.341012] thermal_sys: Registered thermal governor 'step_wise'
[    0.341013] thermal_sys: Registered thermal governor 'user_space'
[    0.341014] thermal_sys: Registered thermal governor 'power_allocator'
[    0.345524] clocksource: acpi_pm: mask: 0xffffff max_cycles: 0xffffff, max_idle_ns: 2085701024 ns
[    0.345563] pci_bus 0000:00: resource 4 [io  0x0000-0x0cf7 window]
[    0.345564] pci_bus 0000:00: resource 5 [io  0x0d00-0xffff window]
[    0.345566] pci_bus 0000:00: resource 6 [mem 0x000a0000-0x000bffff window]
[    0.345567] pci_bus 0000:00: resource 7 [mem 0x80000000-0xfdffffff window]
[    0.345623] NET: Registered protocol family 2
[    0.345696] IP idents hash table entries: 32768 (order: 6, 262144 bytes, linear)
[    0.346097] MPTCP tokens hash table entries: 8192 (order: 4, 65536 bytes, linear)
[    0.346117] MPTCP request tokens hash table entries: 8192 (order: 4, 65536 bytes, linear)
[    0.346142] default registered
[    0.346142] default registered
[    0.346142] MPTCP: Stable release v0.96
[    0.346147] tcp_listen_portaddr_hash hash table entries: 1024 (order: 2, 16384 bytes, linear)
[    0.346227] TCP established hash table entries: 16384 (order: 5, 131072 bytes, linear)
[    0.346291] TCP bind hash table entries: 16384 (order: 6, 262144 bytes, linear)
[    0.346317] TCP: Hash tables configured (established 16384 bind 16384)
[    0.347038] UDP hash table entries: 1024 (order: 3, 32768 bytes, linear)
[    0.347053] UDP-Lite hash table entries: 1024 (order: 3, 32768 bytes, linear)
[    0.347088] NET: Registered protocol family 1
[    0.347096] NET: Registered protocol family 44
[    0.347116] pci 0000:00:00.0: Limiting direct PCI/PCI transfers
[    0.347127] pci 0000:00:01.0: Activating ISA DMA hang workarounds
[    0.347184] pci 0000:00:02.0: Video device with shadowed ROM at [mem 0x000c0000-0x000dffff]
[    0.347249] PCI: CLS 0 bytes, default 64
[    0.347294] Trying to unpack rootfs image as initramfs...
[    0.515794] Freeing initrd memory: 47868K
[    0.515794] clocksource: tsc: mask: 0xffffffffffffffff max_cycles: 0x1e4530a99b6, max_idle_ns: 440795257976 ns
[    0.515794] clocksource: Switched to clocksource tsc
[    0.515794] platform rtc_cmos: registered platform RTC device (no PNP device found)
[    0.515794] check: Scanning for low memory corruption every 60 seconds
[    0.515794] Initialise system trusted keyrings
[    0.515794] Key type blacklist registered
[    0.515794] workingset: timestamp_bits=36 max_order=19 bucket_order=0
[    0.515794] zbud: loaded
[    0.515794] squashfs: version 4.0 (2009/01/31) Phillip Lougher
[    0.515794] fuse: init (API version 7.31)
[    0.515794] *** VALIDATE fuse ***
[    0.515794] *** VALIDATE fuse ***
[    0.515794] Platform Keyring initialized
[    0.528116] Key type asymmetric registered
[    0.528117] Asymmetric key parser 'x509' registered
[    0.528128] Block layer SCSI generic (bsg) driver version 0.4 loaded (major 244)
[    0.528168] io scheduler mq-deadline registered
[    0.528293] shpchp: Standard Hot Plug PCI Controller Driver version: 0.4
[    0.528495] ACPI: AC Adapter [AC] (on-line)
[    0.528540] input: Power Button as /devices/LNXSYSTM:00/LNXPWRBN:00/input/input0
[    0.528569] ACPI: Power Button [PWRF]
[    0.528648] input: Sleep Button as /devices/LNXSYSTM:00/LNXSLPBN:00/input/input1
[    0.528662] ACPI: Sleep Button [SLPF]
[    0.528889] Serial: 8250/16550 driver, 32 ports, IRQ sharing enabled
[    0.530098] Linux agpgart interface v0.103
[    0.619020] loop: module loaded
[    0.619151] ata_piix 0000:00:01.1: version 2.13
[    0.619539] scsi host0: ata_piix
[    0.619624] scsi host1: ata_piix
[    0.619650] ata1: PATA max UDMA/33 cmd 0x1f0 ctl 0x3f6 bmdma 0xd000 irq 14
[    0.619651] ata2: PATA max UDMA/33 cmd 0x170 ctl 0x376 bmdma 0xd008 irq 15
[    0.619726] tun: Universal TUN/TAP device driver, 1.6
[    0.620022] PPP generic driver version 2.4.2
[    0.620066] VFIO - User Level meta-driver version: 0.3
[    0.620302] ehci_hcd: USB 2.0 'Enhanced' Host Controller (EHCI) Driver
[    0.620307] ehci-pci: EHCI PCI platform driver
[    0.620319] ehci-platform: EHCI generic platform driver
[    0.620324] ohci_hcd: USB 1.1 'Open' Host Controller (OHCI) Driver
[    0.620326] ohci-pci: OHCI PCI platform driver
[    0.620334] ohci-platform: OHCI generic platform driver
[    0.620338] uhci_hcd: USB Universal Host Controller Interface driver
[    0.620402] i8042: PNP: PS/2 Controller [PNP0303:PS2K,PNP0f03:PS2M] at 0x60,0x64 irq 1,12
[    0.620836] serio: i8042 KBD port at 0x60,0x64 irq 1
[    0.620840] serio: i8042 AUX port at 0x60,0x64 irq 12
[    0.620925] mousedev: PS/2 mouse device common for all mice
[    0.621171] input: AT Translated Set 2 keyboard as /devices/platform/i8042/serio0/input/input2
[    0.621583] rtc_cmos rtc_cmos: registered as rtc0
[    0.621597] rtc_cmos rtc_cmos: alarms up to one day, 114 bytes nvram
[    0.621603] i2c /dev entries driver
[    0.621644] device-mapper: uevent: version 1.0.3
[    0.621686] device-mapper: ioctl: 4.41.0-ioctl (2019-09-16) initialised: dm-devel@redhat.com
[    0.621702] platform eisa.0: Probing EISA bus 0
[    0.621704] platform eisa.0: EISA: Cannot allocate resource for mainboard
[    0.621705] platform eisa.0: Cannot allocate resource for EISA slot 1
[    0.621706] platform eisa.0: Cannot allocate resource for EISA slot 2
[    0.621707] platform eisa.0: Cannot allocate resource for EISA slot 3
[    0.621708] platform eisa.0: Cannot allocate resource for EISA slot 4
[    0.621709] platform eisa.0: Cannot allocate resource for EISA slot 5
[    0.621710] platform eisa.0: Cannot allocate resource for EISA slot 6
[    0.621712] platform eisa.0: Cannot allocate resource for EISA slot 7
[    0.621713] platform eisa.0: Cannot allocate resource for EISA slot 8
[    0.621714] platform eisa.0: EISA: Detected 0 cards
[    0.621716] intel_pstate: CPU model not supported
[    0.621725] ledtrig-cpu: registered to indicate activity on CPUs
[    0.621777] drop_monitor: Initializing network drop monitor service
[    0.621943] NET: Registered protocol family 10
[    0.627012] Segment Routing with IPv6
[    0.627041] fullmesh registered
[    0.627042] ndiffports registered
[    0.627044] binder registered
[    0.627045] roundrobin registered
[    0.627045] redundant registered
[    0.627046] blest registered
[    0.627046] ecf registered
[    0.627048] NET: Registered protocol family 17
[    0.627078] Key type dns_resolver registered
[    0.627133] RAS: Correctable Errors collector initialized.
[    0.627133] IPI shorthand broadcast: enabled
[    0.627133] sched_clock: Marking stable (612147358, 10986396)->(624130350, -996596)
[    0.627250] registered taskstats version 1
[    0.627258] Loading compiled-in X.509 certificates
[    0.627843] Loaded X.509 cert 'Build time autogenerated kernel key: 6909f3744cebb3d0de528d5887b96a727de79b1e'
[    0.627860] zswap: loaded using pool lzo/zbud
[    0.627911] Key type ._fscrypt registered
[    0.627912] Key type .fscrypt registered
[    0.632335] Key type big_key registered
[    0.634527] Key type encrypted registered
[    0.634530] AppArmor: AppArmor sha1 policy hashing enabled
[    0.634537] ima: No TPM chip found, activating TPM-bypass!
[    0.634541] ima: Allocated hash algorithm: sha1
[    0.634546] ima: No architecture policies found
[    0.634555] evm: Initialising EVM extended attributes:
[    0.634555] evm: security.selinux
[    0.634556] evm: security.SMACK64
[    0.634556] evm: security.SMACK64EXEC
[    0.634557] evm: security.SMACK64TRANSMUTE
[    0.634557] evm: security.SMACK64MMAP
[    0.634557] evm: security.apparmor
[    0.634558] evm: security.ima
[    0.634558] evm: security.capability
[    0.634559] evm: HMAC attrs: 0x1
[    0.634844] PM:   Magic number: 10:699:91
[    0.634952] rtc_cmos rtc_cmos: setting system clock to 2026-01-16T19:04:46 UTC (1768590286)
[    0.792049] ata1.00: ATA-6: VBOX HARDDISK, 1.0, max UDMA/133
[    0.792052] ata1.00: 209715200 sectors, multi 128: LBA 
[    0.792715] scsi 0:0:0:0: Direct-Access     ATA      VBOX HARDDISK    1.0  PQ: 0 ANSI: 5
[    0.792996] sd 0:0:0:0: [sda] 209715200 512-byte logical blocks: (107 GB/100 GiB)
[    0.793009] sd 0:0:0:0: [sda] Write Protect is off
[    0.793012] sd 0:0:0:0: [sda] Mode Sense: 00 3a 00 00
[    0.793032] sd 0:0:0:0: [sda] Write cache: enabled, read cache: enabled, doesn't support DPO or FUA
[    0.793265] sd 0:0:0:0: Attached scsi generic sg0 type 0
[    0.794421]  sda: sda1 sda2
[    0.803302] sd 0:0:0:0: [sda] Attached SCSI disk
[    0.808535] Freeing unused decrypted memory: 2040K
[    0.809900] Freeing unused kernel image memory: 2728K
[    0.809905] Write protecting the kernel read-only data: 22528k
[    0.811382] Freeing unused kernel image memory: 2036K
[    0.812171] Freeing unused kernel image memory: 1432K
[    0.848342] x86/mm: Checked W+X mappings: passed, no W+X pages found.
[    0.848346] Run /init as init process
[    0.954898] ACPI: Video Device [GFX0] (multi-head: yes  rom: no  post: no)
[    0.954969] input: Video Bus as /devices/LNXSYSTM:00/LNXSYBUS:00/PNP0A03:00/LNXVIDEO:00/input/input4
[    0.969453] pcnet32: pcnet32.c:v1.35 21.Apr.2008 tsbogend@alpha.franken.de
[    0.970931] piix4_smbus 0000:00:07.0: SMBus Host Controller at 0x4100, revision 0
[    0.973570] e1000: Intel(R) PRO/1000 Network Driver - version 7.3.21-k8-NAPI
[    0.973570] e1000: Copyright (c) 1999-2006 Intel Corporation.
[    0.982694] pcnet32: PCnet/FAST III 79C973 at 0xd020, 08:00:27:3e:78:15 assigned IRQ 19
[    0.982739] pcnet32: Found PHY 0022:561b at address 0
[    0.983031] pcnet32: eth0: registered as PCnet/FAST III 79C973
[    0.987879] pcnet32: 1 cards_found
[    1.045167] pcnet32 0000:00:03.0 enp0s3: renamed from eth0
[    1.185471] input: ImExPS/2 Generic Explorer Mouse as /devices/platform/i8042/serio1/input/input5
[    1.379254] e1000 0000:00:08.0 eth0: (PCI:33MHz:32-bit) 08:00:27:8b:fa:ca
[    1.379258] e1000 0000:00:08.0 eth0: Intel(R) PRO/1000 Network Connection
[    1.751326] e1000 0000:00:09.0 eth1: (PCI:33MHz:32-bit) 08:00:27:e1:27:e0
[    1.751328] e1000 0000:00:09.0 eth1: Intel(R) PRO/1000 Network Connection
[    1.752423] e1000 0000:00:08.0 enp0s8: renamed from eth0
[    1.754184] e1000 0000:00:09.0 enp0s9: renamed from eth1
[    1.894660] EXT4-fs (sda2): mounted filesystem with ordered data mode. Opts: (null)
[    1.983931] systemd[1]: Inserted module 'autofs4'
[    1.995601] systemd[1]: systemd 245.4-4ubuntu3 running in system mode. (+PAM +AUDIT +SELINUX +IMA +APPARMOR +SMACK +SYSVINIT +UTMP +LIBCRYPTSETUP +GCRYPT +GNUTLS +ACL +XZ +LZ4 +SECCOMP +BLKID +ELFUTILS +KMOD +IDN2 -IDN +PCRE2 default-hierarchy=hybrid)
[    1.995631] systemd[1]: Detected virtualization oracle.
[    1.995636] systemd[1]: Detected architecture x86-64.
[    1.996901] systemd[1]: Set hostname to <ztg>.
[    2.119351] systemd[1]: /lib/systemd/system/dbus.socket:5: ListenStream= references a path below legacy directory /var/run/, updating /var/run/dbus/system_bus_socket â†’ /run/dbus/system_bus_socket; please update the unit file accordingly.
[    2.170774] systemd[1]: Created slice system-modprobe.slice.
[    2.170955] systemd[1]: Created slice User and Session Slice.
[    2.170998] systemd[1]: Started Forward Password Requests to Wall Directory Watch.
[    2.171247] systemd[1]: Set up automount Arbitrary Executable File Formats File System Automount Point.
[    2.171282] systemd[1]: Reached target User and Group Name Lookups.
[    2.171291] systemd[1]: Reached target Remote File Systems.
[    2.171300] systemd[1]: Reached target Slices.
[    2.171839] systemd[1]: Listening on Syslog Socket.
[    2.171905] systemd[1]: Listening on fsck to fsckd communication Socket.
[    2.171940] systemd[1]: Listening on initctl Compatibility Named Pipe.
[    2.172071] systemd[1]: Listening on Journal Audit Socket.
[    2.172123] systemd[1]: Listening on Journal Socket (/dev/log).
[    2.172187] systemd[1]: Listening on Journal Socket.
[    2.172247] systemd[1]: Listening on udev Control Socket.
[    2.172284] systemd[1]: Listening on udev Kernel Socket.
[    2.172975] systemd[1]: Mounting Huge Pages File System...
[    2.173863] systemd[1]: Mounting POSIX Message Queue File System...
[    2.174703] systemd[1]: Mounting Kernel Debug File System...
[    2.175568] systemd[1]: Mounting Kernel Trace File System...
[    2.177413] systemd[1]: Starting Journal Service...
[    2.201689] systemd[1]: Starting Set the console keyboard layout...
[    2.209491] systemd[1]: Starting Create list of static device nodes for the current kernel...
[    2.211524] systemd[1]: Starting Load Kernel Module drm...
[    2.212616] systemd[1]: Condition check resulted in Set Up Additional Binary Formats being skipped.
[    2.212657] systemd[1]: Condition check resulted in File System Check on Root Device being skipped.
[    2.226008] systemd[1]: Starting Load Kernel Modules...
[    2.231235] systemd[1]: Starting Remount Root and Kernel File Systems...
[    2.240229] systemd[1]: Starting udev Coldplug all Devices...
[    2.249625] systemd[1]: Starting Uncomplicated firewall...
[    2.252138] systemd[1]: Mounted Huge Pages File System.
[    2.252223] systemd[1]: Mounted POSIX Message Queue File System.
[    2.252298] systemd[1]: Mounted Kernel Debug File System.
[    2.252374] systemd[1]: Mounted Kernel Trace File System.
[    2.258034] EXT4-fs (sda2): re-mounted. Opts: errors=remount-ro
[    2.260767] systemd[1]: Finished Create list of static device nodes for the current kernel.
[    2.261748] systemd[1]: modprobe@drm.service: Succeeded.
[    2.282019] systemd[1]: Finished Load Kernel Module drm.
[    2.298060] systemd[1]: Finished Remount Root and Kernel File Systems.
[    2.298862] systemd[1]: Finished Uncomplicated firewall.
[    2.315029] lp: driver loaded but no devices found
[    2.318300] systemd[1]: Condition check resulted in Rebuild Hardware Database being skipped.
[    2.318334] systemd[1]: Condition check resulted in Platform Persistent Storage Archival being skipped.
[    2.318949] systemd[1]: Starting Load/Save Random Seed...
[    2.323372] systemd[1]: Starting Create System Users...
[    2.329243] ppdev: user-space parallel port driver
[    2.335075] systemd[1]: Finished Load/Save Random Seed.
[    2.338011] systemd[1]: Finished Create System Users.
[    2.338685] systemd[1]: Starting Create Static Device Nodes in /dev...
[    2.378351] systemd[1]: Finished udev Coldplug all Devices.
[    2.381106] systemd[1]: Finished Create Static Device Nodes in /dev.
[    2.381863] systemd[1]: Starting udev Kernel Device Manager...
[    2.411513] [drm] DMA map mode: Caching DMA mappings.
[    2.411575] [drm] Capabilities:
[    2.411576] [drm]   Rect copy.
[    2.411576] [drm]   Cursor.
[    2.411576] [drm]   Cursor bypass.
[    2.411577] [drm]   Cursor bypass 2.
[    2.411577] [drm]   Alpha cursor.
[    2.411578] [drm]   Extended Fifo.
[    2.411578] [drm]   Pitchlock.
[    2.411578] [drm]   Irq mask.
[    2.411578] [drm]   GMR.
[    2.411579] [drm]   Traces.
[    2.411579] [drm]   GMR2.
[    2.411580] [drm]   Screen Object 2.
[    2.411580] [drm]   Command Buffers.
[    2.411580] [drm]   Command Buffers 2.
[    2.411581] [drm]   Guest Backed Resources.
[    2.411581] [drm] Max GMR ids is 8192
[    2.411582] [drm] Max number of GMR pages is 1048576
[    2.411582] [drm] Max dedicated hypervisor surface memory is 393216 kiB
[    2.411583] [drm] Maximum display memory size is 131072 kiB
[    2.411584] [drm] VRAM at 0xe0000000 size is 131072 kiB
[    2.411584] [drm] MMIO at 0xf0000000 size is 2048 kiB
[    2.412104] [TTM] Zone  kernel: Available graphics memory: 1011738 KiB
[    2.412104] [TTM] Initializing pool allocator
[    2.412108] [TTM] Initializing DMA pool allocator
[    2.412134] [drm] Supports vblank timestamp caching Rev 2 (21.10.2013).
[    2.412134] [drm] No driver support for vblank timestamp query.
[    2.412482] [drm] Screen Target Display device initialized
[    2.412696] [drm] width 720
[    2.412705] [drm] height 400
[    2.412708] [drm] bpp 32
[    2.413211] [drm] Fifo max 0x00200000 min 0x00001000 cap 0x00000355
[    2.414286] [drm] Using command buffers with DMA pool.
[    2.414290] [drm] DX: no.
[    2.414290] [drm] Atomic: yes.
[    2.414290] [drm] SM4_1: no.
[    2.414309] [drm:vmw_host_log [vmwgfx]] *ERROR* Failed to send host log message.
[    2.438895] [drm:vmw_host_log [vmwgfx]] *ERROR* Failed to send host log message.
[    2.449664] fbcon: svgadrmfb (fb0) is primary device
[    2.451798] Console: switching to colour frame buffer device 100x37
[    2.462267] [drm] Initialized vmwgfx 2.15.0 20180704 for 0000:00:02.0 on minor 0
[    2.464991] systemd[1]: Finished Load Kernel Modules.
[    2.465915] systemd[1]: Mounting FUSE Control File System...
[    2.467118] systemd[1]: Mounting Kernel Configuration File System...
[    2.474936] systemd[1]: Starting Apply Kernel Variables...
[    2.481971] systemd[1]: Mounted FUSE Control File System.
[    2.482048] systemd[1]: Condition check resulted in VMware vmblock fuse mount being skipped.
[    2.485004] systemd[1]: Mounted Kernel Configuration File System.
[    2.491004] systemd[1]: Finished Set the console keyboard layout.
[    2.491100] systemd[1]: Reached target Local File Systems (Pre).
[    2.493152] systemd[1]: Mounting Mount unit for bare, revision 5...
[    2.518440] systemd[1]: Mounting Mount unit for core18, revision 1705...
[    2.523292] systemd[1]: Mounting Mount unit for gnome-3-34-1804, revision 24...
[    2.529215] systemd[1]: Mounting Mount unit for gtk-common-themes, revision 1506...
[    2.537359] systemd[1]: Mounting Mount unit for gtk-common-themes, revision 1535...
[    2.543033] systemd[1]: Mounting Mount unit for snap-store, revision 433...
[    2.568086] systemd[1]: Mounting Mount unit for snapd, revision 7264...
[    2.572618] systemd[1]: Finished Apply Kernel Variables.
[    2.590001] systemd[1]: Mounted Mount unit for bare, revision 5.
[    2.590087] systemd[1]: Mounted Mount unit for gnome-3-34-1804, revision 24.
[    2.591232] systemd[1]: Started udev Kernel Device Manager.
[    2.592693] systemd[1]: Starting Show Plymouth Boot Screen...
[    2.597220] systemd[1]: Received SIGRTMIN+20 from PID 275 (plymouthd).
[    2.624841] systemd[1]: Started Show Plymouth Boot Screen.
[    2.625123] systemd[1]: Condition check resulted in Dispatch Password Requests to Console Directory Watch being skipped.
[    2.625220] systemd[1]: Started Forward Password Requests to Plymouth Directory Watch.
[    2.625291] systemd[1]: Reached target Local Encrypted Volumes.
[    2.657058] systemd[1]: Mounted Mount unit for core18, revision 1705.
[    2.657193] systemd[1]: Mounted Mount unit for gtk-common-themes, revision 1506.
[    2.660744] systemd[1]: Mounted Mount unit for gtk-common-themes, revision 1535.
[    2.693798] systemd[1]: Mounted Mount unit for snapd, revision 7264.
[    2.694059] systemd[1]: Mounted Mount unit for snap-store, revision 433.
[    2.694219] systemd[1]: Reached target Local File Systems.
[    2.694963] systemd[1]: Starting Load AppArmor profiles...
[    2.697315] systemd[1]: Starting Set console font and keymap...
[    2.709755] systemd[1]: Starting Tell Plymouth To Write Out Runtime Data...
[    2.711511] systemd[1]: Condition check resulted in Store a System Token in an EFI Variable being skipped.
[    2.711558] systemd[1]: Condition check resulted in Commit a transient machine-id on disk being skipped.
[    2.713858] systemd[1]: Finished Set console font and keymap.
[    2.723114] systemd[1]: Received SIGRTMIN+20 from PID 275 (plymouthd).
[    2.724199] systemd[1]: plymouth-read-write.service: Succeeded.
[    2.724419] systemd[1]: Finished Tell Plymouth To Write Out Runtime Data.
[    2.756798] audit: type=1400 audit(1768590288.620:2): apparmor="STATUS" operation="profile_load" profile="unconfined" name="nvidia_modprobe" pid=300 comm="apparmor_parser"
[    2.756801] audit: type=1400 audit(1768590288.620:3): apparmor="STATUS" operation="profile_load" profile="unconfined" name="nvidia_modprobe//kmod" pid=300 comm="apparmor_parser"
[    2.763258] audit: type=1400 audit(1768590288.624:4): apparmor="STATUS" operation="profile_load" profile="unconfined" name="/usr/sbin/tcpdump" pid=301 comm="apparmor_parser"
[    2.802404] audit: type=1400 audit(1768590288.656:5): apparmor="STATUS" operation="profile_load" profile="unconfined" name="/usr/bin/evince" pid=303 comm="apparmor_parser"
[    2.802406] audit: type=1400 audit(1768590288.656:6): apparmor="STATUS" operation="profile_load" profile="unconfined" name="/usr/bin/evince//sanitized_helper" pid=303 comm="apparmor_parser"
[    2.802407] audit: type=1400 audit(1768590288.656:7): apparmor="STATUS" operation="profile_load" profile="unconfined" name="/usr/bin/evince-previewer" pid=303 comm="apparmor_parser"
[    2.802409] audit: type=1400 audit(1768590288.656:8): apparmor="STATUS" operation="profile_load" profile="unconfined" name="/usr/bin/evince-previewer//sanitized_helper" pid=303 comm="apparmor_parser"
[    2.802410] audit: type=1400 audit(1768590288.656:9): apparmor="STATUS" operation="profile_load" profile="unconfined" name="/usr/bin/evince-thumbnailer" pid=303 comm="apparmor_parser"
[    2.816939] audit: type=1400 audit(1768590288.680:10): apparmor="STATUS" operation="profile_load" profile="unconfined" name="/usr/lib/cups/backend/cups-pdf" pid=304 comm="apparmor_parser"
[    2.893998] systemd[1]: Finished Load AppArmor profiles.
[    2.894899] systemd[1]: Starting Load AppArmor profiles managed internally by snapd...
[    2.961982] systemd[1]: Finished Load AppArmor profiles managed internally by snapd.
[    3.136609] systemd[1]: Started Journal Service.
[    3.143623] systemd-journald[229]: Received client request to flush runtime journal.
[    3.148668] systemd-journald[229]: File /var/log/journal/c455b248004a419c87ce85eea238d727/system.journal corrupted or uncleanly shut down, renaming and replacing.
[    4.387085] RAPL PMU: API unit is 2^-32 Joules, 0 fixed counters, 10737418240 ms ovfl timer
[    4.416380] cryptd: max_cpu_qlen set to 1000
[    4.493761] AVX2 version of gcm_enc/dec engaged.
[    4.493762] AES CTR mode by8 optimization enabled
[    5.270267] Adding 1998844k swap on /dev/sda1.  Priority:-2 extents:1 across:1998844k FS
[    6.889613] kauditd_printk_skb: 30 callbacks suppressed
[    6.889614] audit: type=1400 audit(1768590292.748:41): apparmor="DENIED" operation="capable" profile="/usr/sbin/cups-browsed" pid=497 comm="cups-browsed" capability=23  capname="sys_nice"
[    7.455461] pcnet32 0000:00:03.0 enp0s3: link up, 100Mbps, full-duplex
[    7.490717] e1000: enp0s8 NIC Link is Up 1000 Mbps Full Duplex, Flow Control: RX
[    7.491004] IPv6: ADDRCONF(NETDEV_CHANGE): enp0s8: link becomes ready
[    7.502725] e1000: enp0s9 NIC Link is Up 1000 Mbps Full Duplex, Flow Control: RX
[    7.503074] IPv6: ADDRCONF(NETDEV_CHANGE): enp0s9: link becomes ready
[    8.022619] device enp0s3 entered promiscuous mode
[    8.045989] audit: type=1400 audit(1768590293.908:42): apparmor="DENIED" operation="open" profile="/usr/sbin/tcpdump" name="/proc/sys/kernel/random/boot_id" pid=704 comm="tcpdump" requested_mask="r" denied_mask="r" fsuid=0 ouid=0
[    8.046244] audit: type=1400 audit(1768590293.908:43): apparmor="DENIED" operation="open" profile="/usr/sbin/tcpdump" name="/proc/sys/kernel/random/boot_id" pid=704 comm="tcpdump" requested_mask="r" denied_mask="r" fsuid=0 ouid=0
[    8.046294] audit: type=1400 audit(1768590293.908:44): apparmor="DENIED" operation="open" profile="/usr/sbin/tcpdump" name="/proc/sys/kernel/random/boot_id" pid=704 comm="tcpdump" requested_mask="r" denied_mask="r" fsuid=0 ouid=0
[    8.046476] audit: type=1400 audit(1768590293.908:45): apparmor="DENIED" operation="open" profile="/usr/sbin/tcpdump" name="/proc/sys/kernel/random/boot_id" pid=704 comm="tcpdump" requested_mask="r" denied_mask="r" fsuid=0 ouid=0
[    8.050395] audit: type=1400 audit(1768590293.912:46): apparmor="DENIED" operation="open" profile="/usr/sbin/tcpdump" name="/proc/sys/kernel/random/boot_id" pid=705 comm="tcpdump" requested_mask="r" denied_mask="r" fsuid=0 ouid=0
[    8.050660] audit: type=1400 audit(1768590293.912:47): apparmor="DENIED" operation="open" profile="/usr/sbin/tcpdump" name="/proc/sys/kernel/random/boot_id" pid=705 comm="tcpdump" requested_mask="r" denied_mask="r" fsuid=0 ouid=0
[    8.050699] audit: type=1400 audit(1768590293.912:48): apparmor="DENIED" operation="open" profile="/usr/sbin/tcpdump" name="/proc/sys/kernel/random/boot_id" pid=705 comm="tcpdump" requested_mask="r" denied_mask="r" fsuid=0 ouid=0
[    8.050751] audit: type=1400 audit(1768590293.912:49): apparmor="DENIED" operation="open" profile="/usr/sbin/tcpdump" name="/proc/sys/kernel/random/boot_id" pid=705 comm="tcpdump" requested_mask="r" denied_mask="r" fsuid=0 ouid=0
[   12.381807] rfkill: input handler disabled
[  264.742684] AAAAA-TCP_FORW: name:enp0s3: saddr:16783984: daddr:100932208
[  265.236940] AAAAA-TCP_FORW: name:enp0s3: saddr:16783984: daddr:100932208
[  265.507204] AAAAA-TCP_FORW: name:enp0s3: saddr:100932208: daddr:16783984
[  265.621822] AAAAA-TCP_FORW: name:enp0s3: saddr:100932208: daddr:16783984
[  265.636005] AAAAA-TCP_FORW: name:enp0s3: saddr:16783984: daddr:100932208
[  265.673110] AAAAA-TCP_FORW: name:enp0s3: saddr:100932208: daddr:33561200
[  265.874970] AAAAA-TCP_FORW: name:enp0s3: saddr:33561200: daddr:100932208
[  265.976254] AAAAA-TCP_FORW: name:enp0s3: saddr:16783984: daddr:100932208
[  265.979734] AAAAA-TCP_FORW: name:enp0s3: saddr:100932208: daddr:16783984
[  266.174166] AAAAA-TCP_FORW: name:enp0s3: saddr:33561200: daddr:100932208
[  266.677253] AAAAA-TCP_FORW: name:enp0s3: saddr:16783984: daddr:100932208
[  266.995183] AAAAA-TCP_FORW: name:enp0s3: saddr:16783984: daddr:100932208
[  467.324133] rfkill: input handler enabled
[  476.128149] rfkill: input handler disabled
[  702.185652] device enp0s3 left promiscuous mode
