[    0.000000] Linux version 5.4.243-mptcp (root@ztg) (gcc version 12.2.0 (Debian 12.2.0-14+deb12u1)) #53 SMP Wed Dec 24 23:28:15 CST 2025
[    0.000000] Command line: BOOT_IMAGE=/boot/vmlinuz-5.4.243-mptcp root=UUID=98415a12-53b7-4144-8265-0f7ece09e445 ro quiet splash
[    0.000000] KERNEL supported cpus:
[    0.000000]   Intel GenuineIntel
[    0.000000]   AMD AuthenticAMD
[    0.000000]   Hygon HygonGenuine
[    0.000000]   Centaur CentaurHauls
[    0.000000]   zhaoxin   Shanghai  
[    0.000000] x86/fpu: Supporting XSAVE feature 0x001: 'x87 floating point registers'
[    0.000000] x86/fpu: Supporting XSAVE feature 0x002: 'SSE registers'
[    0.000000] x86/fpu: Supporting XSAVE feature 0x004: 'AVX registers'
[    0.000000] x86/fpu: xstate_offset[2]:  576, xstate_sizes[2]:  256
[    0.000000] x86/fpu: Enabled xstate features 0x7, context size is 832 bytes, using 'standard' format.
[    0.000000] BIOS-provided physical RAM map:
[    0.000000] BIOS-e820: [mem 0x0000000000000000-0x000000000009fbff] usable
[    0.000000] BIOS-e820: [mem 0x000000000009fc00-0x000000000009ffff] reserved
[    0.000000] BIOS-e820: [mem 0x00000000000f0000-0x00000000000fffff] reserved
[    0.000000] BIOS-e820: [mem 0x0000000000100000-0x000000007ffeffff] usable
[    0.000000] BIOS-e820: [mem 0x000000007fff0000-0x000000007fffffff] ACPI data
[    0.000000] BIOS-e820: [mem 0x00000000fec00000-0x00000000fec00fff] reserved
[    0.000000] BIOS-e820: [mem 0x00000000fee00000-0x00000000fee00fff] reserved
[    0.000000] BIOS-e820: [mem 0x00000000fffc0000-0x00000000ffffffff] reserved
[    0.000000] NX (Execute Disable) protection: active
[    0.000000] SMBIOS 2.5 present.
[    0.000000] DMI: innotek GmbH VirtualBox/VirtualBox, BIOS VirtualBox 12/01/2006
[    0.000000] Hypervisor detected: KVM
[    0.000000] kvm-clock: Using msrs 4b564d01 and 4b564d00
[    0.000000] kvm-clock: cpu 0, msr 4ea01001, primary cpu clock
[    0.000000] kvm-clock: using sched offset of 4451615466 cycles
[    0.000003] clocksource: kvm-clock: mask: 0xffffffffffffffff max_cycles: 0x1cd42e4dffb, max_idle_ns: 881590591483 ns
[    0.000005] tsc: Detected 2100.000 MHz processor
[    0.001879] e820: update [mem 0x00000000-0x00000fff] usable ==> reserved
[    0.001882] e820: remove [mem 0x000a0000-0x000fffff] usable
[    0.001886] last_pfn = 0x7fff0 max_arch_pfn = 0x400000000
[    0.001954] MTRR default type: uncachable
[    0.001955] MTRR fixed ranges enabled:
[    0.001956]   00000-9FFFF write-back
[    0.001957]   A0000-BFFFF uncachable
[    0.001957]   C0000-FFFFF write-protect
[    0.001958] MTRR variable ranges enabled:
[    0.001959]   0 base 000000000000 mask 3FFF80000000 write-back
[    0.001960]   1 disabled
[    0.001961]   2 disabled
[    0.001961]   3 disabled
[    0.001961]   4 disabled
[    0.001962]   5 disabled
[    0.001962]   6 disabled
[    0.001963]   7 disabled
[    0.001963]   8 disabled
[    0.001963]   9 disabled
[    0.001964]   10 disabled
[    0.001964]   11 disabled
[    0.001965]   12 disabled
[    0.001965]   13 disabled
[    0.001966]   14 disabled
[    0.001966]   15 disabled
[    0.001982] x86/PAT: Configuration [0-7]: WB  WC  UC- UC  WB  WP  UC- WT  
[    0.002115] found SMP MP-table at [mem 0x0009fff0-0x0009ffff]
[    0.091484] check: Scanning 1 areas for low memory corruption
[    0.091603] RAMDISK: [mem 0x32271000-0x3512ffff]
[    0.091611] ACPI: Early table checksum verification disabled
[    0.091617] ACPI: RSDP 0x00000000000E0000 000024 (v02 VBOX  )
[    0.091621] ACPI: XSDT 0x000000007FFF0030 00003C (v01 VBOX   VBOXXSDT 00000001 ASL  00000061)
[    0.091628] ACPI: FACP 0x000000007FFF00F0 0000F4 (v04 VBOX   VBOXFACP 00000001 ASL  00000061)
[    0.091634] ACPI: DSDT 0x000000007FFF02E0 002353 (v02 VBOX   VBOXBIOS 00000002 VBOX 00029BF3)
[    0.091638] ACPI: FACS 0x000000007FFF0200 000040
[    0.091642] ACPI: FACS 0x000000007FFF0200 000040
[    0.091645] ACPI: APIC 0x000000007FFF0240 000054 (v02 VBOX   VBOXAPIC 00000001 ASL  00000061)
[    0.091649] ACPI: SSDT 0x000000007FFF02A0 000038 (v01 VBOX   VBOXCPUT 00000002 VBOX 00029BF3)
[    0.091652] ACPI: Reserving FACP table memory at [mem 0x7fff00f0-0x7fff01e3]
[    0.091653] ACPI: Reserving DSDT table memory at [mem 0x7fff02e0-0x7fff2632]
[    0.091654] ACPI: Reserving FACS table memory at [mem 0x7fff0200-0x7fff023f]
[    0.091654] ACPI: Reserving FACS table memory at [mem 0x7fff0200-0x7fff023f]
[    0.091655] ACPI: Reserving APIC table memory at [mem 0x7fff0240-0x7fff0293]
[    0.091656] ACPI: Reserving SSDT table memory at [mem 0x7fff02a0-0x7fff02d7]
[    0.091671] ACPI: Local APIC address 0xfee00000
[    0.091860] No NUMA configuration found
[    0.091862] Faking a node at [mem 0x0000000000000000-0x000000007ffeffff]
[    0.091872] NODE_DATA(0) allocated [mem 0x7ffc5000-0x7ffeffff]
[    0.092133] Zone ranges:
[    0.092134]   DMA      [mem 0x0000000000001000-0x0000000000ffffff]
[    0.092135]   DMA32    [mem 0x0000000001000000-0x000000007ffeffff]
[    0.092136]   Normal   empty
[    0.092137]   Device   empty
[    0.092138] Movable zone start for each node
[    0.092140] Early memory node ranges
[    0.092140]   node   0: [mem 0x0000000000001000-0x000000000009efff]
[    0.092141]   node   0: [mem 0x0000000000100000-0x000000007ffeffff]
[    0.092145] Zeroed struct page in unavailable ranges: 114 pages
[    0.092146] Initmem setup node 0 [mem 0x0000000000001000-0x000000007ffeffff]
[    0.092147] On node 0 totalpages: 524174
[    0.092148]   DMA zone: 64 pages used for memmap
[    0.092149]   DMA zone: 21 pages reserved
[    0.092150]   DMA zone: 3998 pages, LIFO batch:0
[    0.092220]   DMA32 zone: 8128 pages used for memmap
[    0.092220]   DMA32 zone: 520176 pages, LIFO batch:63
[    0.101229] ACPI: PM-Timer IO Port: 0x4008
[    0.101233] ACPI: Local APIC address 0xfee00000
[    0.101300] IOAPIC[0]: apic_id 1, version 32, address 0xfec00000, GSI 0-23
[    0.101303] ACPI: INT_SRC_OVR (bus 0 bus_irq 0 global_irq 2 dfl dfl)
[    0.101305] ACPI: INT_SRC_OVR (bus 0 bus_irq 9 global_irq 9 low level)
[    0.101307] ACPI: IRQ0 used by override.
[    0.101308] ACPI: IRQ9 used by override.
[    0.101310] Using ACPI (MADT) for SMP configuration information
[    0.101317] smpboot: Allowing 1 CPUs, 0 hotplug CPUs
[    0.101340] PM: Registered nosave memory: [mem 0x00000000-0x00000fff]
[    0.101341] PM: Registered nosave memory: [mem 0x0009f000-0x0009ffff]
[    0.101342] PM: Registered nosave memory: [mem 0x000a0000-0x000effff]
[    0.101342] PM: Registered nosave memory: [mem 0x000f0000-0x000fffff]
[    0.101344] [mem 0x80000000-0xfebfffff] available for PCI devices
[    0.101345] Booting paravirtualized kernel on KVM
[    0.101348] clocksource: refined-jiffies: mask: 0xffffffff max_cycles: 0xffffffff, max_idle_ns: 7645519600211568 ns
[    0.101352] setup_percpu: NR_CPUS:8192 nr_cpumask_bits:1 nr_cpu_ids:1 nr_node_ids:1
[    0.102359] percpu: Embedded 60 pages/cpu s208896 r8192 d28672 u2097152
[    0.102364] pcpu-alloc: s208896 r8192 d28672 u2097152 alloc=1*2097152
[    0.102365] pcpu-alloc: [0] 0 
[    0.102391] Built 1 zonelists, mobility grouping on.  Total pages: 515961
[    0.102392] Policy zone: DMA32
[    0.102393] Kernel command line: BOOT_IMAGE=/boot/vmlinuz-5.4.243-mptcp root=UUID=98415a12-53b7-4144-8265-0f7ece09e445 ro quiet splash
[    0.103217] Dentry cache hash table entries: 262144 (order: 9, 2097152 bytes, linear)
[    0.103363] Inode-cache hash table entries: 131072 (order: 8, 1048576 bytes, linear)
[    0.103413] mem auto-init: stack:off, heap alloc:on, heap free:off
[    0.103416] Calgary: detecting Calgary via BIOS EBDA area
[    0.103418] Calgary: Unable to locate Rio Grande table in EBDA - bailing!
[    0.107461] Memory: 1967332K/2096696K available (14339K kernel code, 2398K rwdata, 4712K rodata, 2728K init, 17260K bss, 129364K reserved, 0K cma-reserved)
[    0.108402] SLUB: HWalign=64, Order=0-3, MinObjects=0, CPUs=1, Nodes=1
[    0.108418] ftrace: allocating 43186 entries in 169 pages
[    0.126458] rcu: Hierarchical RCU implementation.
[    0.126459] rcu: 	RCU restricting CPUs from NR_CPUS=8192 to nr_cpu_ids=1.
[    0.126460] 	Tasks RCU enabled.
[    0.126461] rcu: RCU calculated value of scheduler-enlistment delay is 25 jiffies.
[    0.126462] rcu: Adjusting geometry for rcu_fanout_leaf=16, nr_cpu_ids=1
[    0.129431] NR_IRQS: 524544, nr_irqs: 256, preallocated irqs: 16
[    0.129657] random: crng init done
[    0.138964] Console: colour VGA+ 80x25
[    0.138968] printk: console [tty0] enabled
[    0.138987] ACPI: Core revision 20190816
[    0.139084] APIC: Switch to symmetric I/O mode setup
[    0.139331] x2apic enabled
[    0.139569] Switched APIC routing to physical x2apic.
[    0.140698] ..TIMER: vector=0x30 apic1=0 pin1=2 apic2=-1 pin2=-1
[    0.140726] clocksource: tsc-early: mask: 0xffffffffffffffff max_cycles: 0x1e4530a99b6, max_idle_ns: 440795257976 ns
[    0.140731] Calibrating delay loop (skipped) preset value.. 4200.00 BogoMIPS (lpj=8400000)
[    0.140733] pid_max: default: 32768 minimum: 301
[    0.140762] LSM: Security Framework initializing
[    0.140772] Yama: becoming mindful.
[    0.140797] AppArmor: AppArmor initialized
[    0.140831] Mount-cache hash table entries: 4096 (order: 3, 32768 bytes, linear)
[    0.140835] Mountpoint-cache hash table entries: 4096 (order: 3, 32768 bytes, linear)
[    0.140845] *** VALIDATE tmpfs ***
[    0.140974] *** VALIDATE proc ***
[    0.141014] *** VALIDATE cgroup1 ***
[    0.141015] *** VALIDATE cgroup2 ***
[    0.141156] process: using mwait in idle threads
[    0.141161] Last level iTLB entries: 4KB 64, 2MB 8, 4MB 8
[    0.141161] Last level dTLB entries: 4KB 64, 2MB 0, 4MB 0, 1GB 4
[    0.141182] Spectre V1 : Mitigation: usercopy/swapgs barriers and __user pointer sanitization
[    0.141187] Spectre V2 : Mitigation: Retpolines
[    0.141188] Spectre V2 : Spectre v2 / SpectreRSB mitigation: Filling RSB on context switch
[    0.141188] Spectre V2 : Spectre v2 / SpectreRSB : Filling RSB on VMEXIT
[    0.141189] RETBleed: WARNING: Spectre v2 mitigation leaves CPU vulnerable to RETBleed attacks, data leaks possible!
[    0.141545] RETBleed: Vulnerable
[    0.141546] Speculative Store Bypass: Vulnerable
[    0.141551] TAA: Mitigation: TSX disabled
[    0.141551] MMIO Stale Data: Mitigation: Clear CPU buffers
[    0.145740] Freeing SMP alternatives memory: 40K
[    0.257767] smpboot: CPU0: Intel(R) Xeon(R) Silver 4216 CPU @ 2.10GHz (family: 0x6, model: 0x55, stepping: 0x7)
[    0.257886] Performance Events: unsupported p6 CPU model 85 no PMU driver, software events only.
[    0.257924] rcu: Hierarchical SRCU implementation.
[    0.258402] NMI watchdog: Perf NMI watchdog permanently disabled
[    0.258440] smp: Bringing up secondary CPUs ...
[    0.258441] smp: Brought up 1 node, 1 CPU
[    0.258442] smpboot: Max logical packages: 1
[    0.258443] smpboot: Total of 1 processors activated (4200.00 BogoMIPS)
[    0.259404] devtmpfs: initialized
[    0.259451] x86/mm: Memory block size: 128MB
[    0.259800] clocksource: jiffies: mask: 0xffffffff max_cycles: 0xffffffff, max_idle_ns: 7645041785100000 ns
[    0.259806] futex hash table entries: 256 (order: 2, 16384 bytes, linear)
[    0.259848] pinctrl core: initialized pinctrl subsystem
[    0.259949] PM: RTC time: 22:01:35, date: 2026-01-13
[    0.260055] NET: Registered protocol family 16
[    0.260130] audit: initializing netlink subsys (disabled)
[    0.260256] EISA bus registered
[    0.260258] cpuidle: using governor ladder
[    0.260258] cpuidle: using governor menu
[    0.260295] ACPI: bus type PCI registered
[    0.260297] acpiphp: ACPI Hot Plug PCI Controller Driver version: 0.5
[    0.260399] PCI: Using configuration type 1 for base access
[    0.260987] audit: type=2000 audit(1768312901.845:1): state=initialized audit_enabled=0 res=1
[    0.261066] HugeTLB registered 2.00 MiB page size, pre-allocated 0 pages
[    0.261876] ACPI: Added _OSI(Module Device)
[    0.261877] ACPI: Added _OSI(Processor Device)
[    0.261877] ACPI: Added _OSI(3.0 _SCP Extensions)
[    0.261878] ACPI: Added _OSI(Processor Aggregator Device)
[    0.261879] ACPI: Added _OSI(Linux-Dell-Video)
[    0.261880] ACPI: Added _OSI(Linux-Lenovo-NV-HDMI-Audio)
[    0.261881] ACPI: Added _OSI(Linux-HPI-Hybrid-Graphics)
[    0.263824] ACPI: 2 ACPI AML tables successfully acquired and loaded
[    0.265499] ACPI: Interpreter enabled
[    0.265509] ACPI: (supports S0 S5)
[    0.265510] ACPI: Using IOAPIC for interrupt routing
[    0.265742] PCI: Using host bridge windows from ACPI; if necessary, use "pci=nocrs" and report a bug
[    0.265872] ACPI: Enabled 2 GPEs in block 00 to 07
[    0.271292] ACPI: PCI Root Bridge [PCI0] (domain 0000 [bus 00-ff])
[    0.271297] acpi PNP0A03:00: _OSC: OS supports [ASPM ClockPM Segments MSI HPX-Type3]
[    0.271748] acpi PNP0A03:00: _OSC: not requesting OS control; OS requires [ExtendedConfig ASPM ClockPM MSI]
[    0.271756] acpi PNP0A03:00: fail to add MMCONFIG information, can't access extended PCI configuration space under this bridge.
[    0.272137] PCI host bridge to bus 0000:00
[    0.272139] pci_bus 0000:00: root bus resource [io  0x0000-0x0cf7 window]
[    0.272141] pci_bus 0000:00: root bus resource [io  0x0d00-0xffff window]
[    0.272142] pci_bus 0000:00: root bus resource [mem 0x000a0000-0x000bffff window]
[    0.272144] pci_bus 0000:00: root bus resource [mem 0x80000000-0xfdffffff window]
[    0.272146] pci_bus 0000:00: root bus resource [bus 00-ff]
[    0.272192] pci 0000:00:00.0: [8086:1237] type 00 class 0x060000
[    0.273218] pci 0000:00:01.0: [8086:7000] type 00 class 0x060100
[    0.273978] pci 0000:00:01.1: [8086:7111] type 00 class 0x01018a
[    0.274350] pci 0000:00:01.1: reg 0x20: [io  0xd000-0xd00f]
[    0.274503] pci 0000:00:01.1: legacy IDE quirk: reg 0x10: [io  0x01f0-0x01f7]
[    0.274504] pci 0000:00:01.1: legacy IDE quirk: reg 0x14: [io  0x03f6]
[    0.274505] pci 0000:00:01.1: legacy IDE quirk: reg 0x18: [io  0x0170-0x0177]
[    0.274505] pci 0000:00:01.1: legacy IDE quirk: reg 0x1c: [io  0x0376]
[    0.275035] pci 0000:00:02.0: [15ad:0405] type 00 class 0x030000
[    0.276807] pci 0000:00:02.0: reg 0x10: [io  0xd010-0xd01f]
[    0.280773] pci 0000:00:02.0: reg 0x14: [mem 0xe0000000-0xe7ffffff pref]
[    0.283482] pci 0000:00:02.0: reg 0x18: [mem 0xf0000000-0xf01fffff]
[    0.295417] pci 0000:00:03.0: [1022:2000] type 00 class 0x020000
[    0.296878] pci 0000:00:03.0: reg 0x10: [io  0xd020-0xd03f]
[    0.297506] pci 0000:00:03.0: reg 0x14: [mem 0xf0200000-0xf0200fff]
[    0.301156] pci 0000:00:04.0: [80ee:cafe] type 00 class 0x088000
[    0.301821] pci 0000:00:04.0: reg 0x10: [io  0xd040-0xd05f]
[    0.302504] pci 0000:00:04.0: reg 0x14: [mem 0xf0400000-0xf07fffff]
[    0.303187] pci 0000:00:04.0: reg 0x18: [mem 0xf0800000-0xf0803fff pref]
[    0.306750] pci 0000:00:07.0: [8086:7113] type 00 class 0x068000
[    0.307323] pci 0000:00:07.0: quirk: [io  0x4000-0x403f] claimed by PIIX4 ACPI
[    0.307336] pci 0000:00:07.0: quirk: [io  0x4100-0x410f] claimed by PIIX4 SMB
[    0.307968] pci 0000:00:08.0: [8086:100e] type 00 class 0x020000
[    0.308794] pci 0000:00:08.0: reg 0x10: [mem 0xf0820000-0xf083ffff]
[    0.310000] pci 0000:00:08.0: reg 0x18: [io  0xd060-0xd067]
[    0.313476] pci 0000:00:09.0: [8086:100e] type 00 class 0x020000
[    0.314205] pci 0000:00:09.0: reg 0x10: [mem 0xf0840000-0xf085ffff]
[    0.315386] pci 0000:00:09.0: reg 0x18: [io  0xd068-0xd06f]
[    0.325743] ACPI: PCI Interrupt Link [LNKA] (IRQs 5 9 10 *11)
[    0.326024] ACPI: PCI Interrupt Link [LNKB] (IRQs 5 9 *10 11)
[    0.326131] ACPI: PCI Interrupt Link [LNKC] (IRQs 5 *9 10 11)
[    0.326231] ACPI: PCI Interrupt Link [LNKD] (IRQs 5 9 10 *11)
[    0.326490] iommu: Default domain type: Translated 
[    0.326549] pci 0000:00:02.0: vgaarb: setting as boot VGA device
[    0.326551] pci 0000:00:02.0: vgaarb: VGA device added: decodes=io+mem,owns=io+mem,locks=none
[    0.326553] pci 0000:00:02.0: vgaarb: bridge control possible
[    0.326554] vgaarb: loaded
[    0.326763] SCSI subsystem initialized
[    0.326794] libata version 3.00 loaded.
[    0.326817] ACPI: bus type USB registered
[    0.326833] usbcore: registered new interface driver usbfs
[    0.326838] usbcore: registered new interface driver hub
[    0.326844] usbcore: registered new device driver usb
[    0.326873] pps_core: LinuxPPS API ver. 1 registered
[    0.326874] pps_core: Software ver. 5.3.6 - Copyright 2005-2007 Rodolfo Giometti <giometti@linux.it>
[    0.326876] PTP clock support registered
[    0.326910] EDAC MC: Ver: 3.0.0
[    0.327195] PCI: Using ACPI for IRQ routing
[    0.327197] PCI: pci_cache_line_size set to 64 bytes
[    0.327370] e820: reserve RAM buffer [mem 0x0009fc00-0x0009ffff]
[    0.327374] e820: reserve RAM buffer [mem 0x7fff0000-0x7fffffff]
[    0.328746] NetLabel: Initializing
[    0.328746] NetLabel:  domain hash size = 128
[    0.328747] NetLabel:  protocols = UNLABELED CIPSOv4 CALIPSO
[    0.328768] NetLabel:  unlabeled traffic allowed by default
[    0.329670] clocksource: Switched to clocksource kvm-clock
[    0.343004] *** VALIDATE bpf ***
[    0.343060] VFS: Disk quotas dquot_6.6.0
[    0.343072] VFS: Dquot-cache hash table entries: 512 (order 0, 4096 bytes)
[    0.343093] *** VALIDATE ramfs ***
[    0.343097] *** VALIDATE hugetlbfs ***
[    0.343174] AppArmor: AppArmor Filesystem Enabled
[    0.343197] pnp: PnP ACPI init
[    0.343256] pnp 00:00: Plug and Play ACPI device, IDs PNP0303 (active)
[    0.343339] pnp 00:01: Plug and Play ACPI device, IDs PNP0f03 (active)
[    0.344094] pnp: PnP ACPI: found 2 devices
[    0.345052] thermal_sys: Registered thermal governor 'fair_share'
[    0.345053] thermal_sys: Registered thermal governor 'bang_bang'
[    0.345054] thermal_sys: Registered thermal governor 'step_wise'
[    0.345054] thermal_sys: Registered thermal governor 'user_space'
[    0.345055] thermal_sys: Registered thermal governor 'power_allocator'
[    0.349584] clocksource: acpi_pm: mask: 0xffffff max_cycles: 0xffffff, max_idle_ns: 2085701024 ns
[    0.349623] pci_bus 0000:00: resource 4 [io  0x0000-0x0cf7 window]
[    0.349624] pci_bus 0000:00: resource 5 [io  0x0d00-0xffff window]
[    0.349626] pci_bus 0000:00: resource 6 [mem 0x000a0000-0x000bffff window]
[    0.349627] pci_bus 0000:00: resource 7 [mem 0x80000000-0xfdffffff window]
[    0.349683] NET: Registered protocol family 2
[    0.349758] IP idents hash table entries: 32768 (order: 6, 262144 bytes, linear)
[    0.350152] MPTCP tokens hash table entries: 8192 (order: 4, 65536 bytes, linear)
[    0.350172] MPTCP request tokens hash table entries: 8192 (order: 4, 65536 bytes, linear)
[    0.350197] default registered
[    0.350198] default registered
[    0.350198] MPTCP: Stable release v0.96
[    0.350203] tcp_listen_portaddr_hash hash table entries: 1024 (order: 2, 16384 bytes, linear)
[    0.350283] TCP established hash table entries: 16384 (order: 5, 131072 bytes, linear)
[    0.350348] TCP bind hash table entries: 16384 (order: 6, 262144 bytes, linear)
[    0.350374] TCP: Hash tables configured (established 16384 bind 16384)
[    0.351073] UDP hash table entries: 1024 (order: 3, 32768 bytes, linear)
[    0.351085] UDP-Lite hash table entries: 1024 (order: 3, 32768 bytes, linear)
[    0.351121] NET: Registered protocol family 1
[    0.351129] NET: Registered protocol family 44
[    0.351165] pci 0000:00:00.0: Limiting direct PCI/PCI transfers
[    0.351177] pci 0000:00:01.0: Activating ISA DMA hang workarounds
[    0.351233] pci 0000:00:02.0: Video device with shadowed ROM at [mem 0x000c0000-0x000dffff]
[    0.351297] PCI: CLS 0 bytes, default 64
[    0.351347] Trying to unpack rootfs image as initramfs...
[    0.519737] Freeing initrd memory: 47868K
[    0.519737] clocksource: tsc: mask: 0xffffffffffffffff max_cycles: 0x1e4530a99b6, max_idle_ns: 440795257976 ns
[    0.519737] clocksource: Switched to clocksource tsc
[    0.519737] platform rtc_cmos: registered platform RTC device (no PNP device found)
[    0.519737] check: Scanning for low memory corruption every 60 seconds
[    0.519737] Initialise system trusted keyrings
[    0.519737] Key type blacklist registered
[    0.519737] workingset: timestamp_bits=36 max_order=19 bucket_order=0
[    0.519737] zbud: loaded
[    0.519737] squashfs: version 4.0 (2009/01/31) Phillip Lougher
[    0.519737] fuse: init (API version 7.31)
[    0.519737] *** VALIDATE fuse ***
[    0.519737] *** VALIDATE fuse ***
[    0.519737] Platform Keyring initialized
[    0.519737] Key type asymmetric registered
[    0.519737] Asymmetric key parser 'x509' registered
[    0.519737] Block layer SCSI generic (bsg) driver version 0.4 loaded (major 244)
[    0.519737] io scheduler mq-deadline registered
[    0.519737] shpchp: Standard Hot Plug PCI Controller Driver version: 0.4
[    0.533713] ACPI: AC Adapter [AC] (on-line)
[    0.533760] input: Power Button as /devices/LNXSYSTM:00/LNXPWRBN:00/input/input0
[    0.533786] ACPI: Power Button [PWRF]
[    0.533865] input: Sleep Button as /devices/LNXSYSTM:00/LNXSLPBN:00/input/input1
[    0.533881] ACPI: Sleep Button [SLPF]
[    0.534103] Serial: 8250/16550 driver, 32 ports, IRQ sharing enabled
[    0.535271] Linux agpgart interface v0.103
[    0.631118] loop: module loaded
[    0.631263] ata_piix 0000:00:01.1: version 2.13
[    0.631684] scsi host0: ata_piix
[    0.631773] scsi host1: ata_piix
[    0.631799] ata1: PATA max UDMA/33 cmd 0x1f0 ctl 0x3f6 bmdma 0xd000 irq 14
[    0.631800] ata2: PATA max UDMA/33 cmd 0x170 ctl 0x376 bmdma 0xd008 irq 15
[    0.631879] tun: Universal TUN/TAP device driver, 1.6
[    0.632187] PPP generic driver version 2.4.2
[    0.632229] VFIO - User Level meta-driver version: 0.3
[    0.632462] ehci_hcd: USB 2.0 'Enhanced' Host Controller (EHCI) Driver
[    0.632467] ehci-pci: EHCI PCI platform driver
[    0.632481] ehci-platform: EHCI generic platform driver
[    0.632486] ohci_hcd: USB 1.1 'Open' Host Controller (OHCI) Driver
[    0.632488] ohci-pci: OHCI PCI platform driver
[    0.632495] ohci-platform: OHCI generic platform driver
[    0.632499] uhci_hcd: USB Universal Host Controller Interface driver
[    0.632565] i8042: PNP: PS/2 Controller [PNP0303:PS2K,PNP0f03:PS2M] at 0x60,0x64 irq 1,12
[    0.633004] serio: i8042 KBD port at 0x60,0x64 irq 1
[    0.633008] serio: i8042 AUX port at 0x60,0x64 irq 12
[    0.633093] mousedev: PS/2 mouse device common for all mice
[    0.633351] input: AT Translated Set 2 keyboard as /devices/platform/i8042/serio0/input/input2
[    0.633748] rtc_cmos rtc_cmos: registered as rtc0
[    0.633761] rtc_cmos rtc_cmos: alarms up to one day, 114 bytes nvram
[    0.633766] i2c /dev entries driver
[    0.633810] device-mapper: uevent: version 1.0.3
[    0.633853] device-mapper: ioctl: 4.41.0-ioctl (2019-09-16) initialised: dm-devel@redhat.com
[    0.633869] platform eisa.0: Probing EISA bus 0
[    0.633871] platform eisa.0: EISA: Cannot allocate resource for mainboard
[    0.633872] platform eisa.0: Cannot allocate resource for EISA slot 1
[    0.633873] platform eisa.0: Cannot allocate resource for EISA slot 2
[    0.633874] platform eisa.0: Cannot allocate resource for EISA slot 3
[    0.633875] platform eisa.0: Cannot allocate resource for EISA slot 4
[    0.633876] platform eisa.0: Cannot allocate resource for EISA slot 5
[    0.633877] platform eisa.0: Cannot allocate resource for EISA slot 6
[    0.633878] platform eisa.0: Cannot allocate resource for EISA slot 7
[    0.633879] platform eisa.0: Cannot allocate resource for EISA slot 8
[    0.633880] platform eisa.0: EISA: Detected 0 cards
[    0.633883] intel_pstate: CPU model not supported
[    0.633892] ledtrig-cpu: registered to indicate activity on CPUs
[    0.633946] drop_monitor: Initializing network drop monitor service
[    0.634104] NET: Registered protocol family 10
[    0.639118] Segment Routing with IPv6
[    0.639118] fullmesh registered
[    0.639118] ndiffports registered
[    0.639118] binder registered
[    0.639118] roundrobin registered
[    0.639118] redundant registered
[    0.639118] blest registered
[    0.639118] ecf registered
[    0.639118] NET: Registered protocol family 17
[    0.639118] Key type dns_resolver registered
[    0.639118] RAS: Correctable Errors collector initialized.
[    0.639118] IPI shorthand broadcast: enabled
[    0.639118] sched_clock: Marking stable (624036518, 11081530)->(635966589, -848541)
[    0.639601] registered taskstats version 1
[    0.639612] Loading compiled-in X.509 certificates
[    0.640223] Loaded X.509 cert 'Build time autogenerated kernel key: 6909f3744cebb3d0de528d5887b96a727de79b1e'
[    0.640243] zswap: loaded using pool lzo/zbud
[    0.640299] Key type ._fscrypt registered
[    0.640300] Key type .fscrypt registered
[    0.644913] Key type big_key registered
[    0.647148] Key type encrypted registered
[    0.647151] AppArmor: AppArmor sha1 policy hashing enabled
[    0.647159] ima: No TPM chip found, activating TPM-bypass!
[    0.647163] ima: Allocated hash algorithm: sha1
[    0.647168] ima: No architecture policies found
[    0.647178] evm: Initialising EVM extended attributes:
[    0.647178] evm: security.selinux
[    0.647179] evm: security.SMACK64
[    0.647179] evm: security.SMACK64EXEC
[    0.647180] evm: security.SMACK64TRANSMUTE
[    0.647180] evm: security.SMACK64MMAP
[    0.647181] evm: security.apparmor
[    0.647181] evm: security.ima
[    0.647182] evm: security.capability
[    0.647182] evm: HMAC attrs: 0x1
[    0.647496] PM:   Magic number: 10:242:47
[    0.647609] rtc_cmos rtc_cmos: setting system clock to 2026-01-13T22:01:36 UTC (1768341696)
[    0.803416] ata1.00: ATA-6: VBOX HARDDISK, 1.0, max UDMA/133
[    0.803419] ata1.00: 209715200 sectors, multi 128: LBA 
[    0.803966] scsi 0:0:0:0: Direct-Access     ATA      VBOX HARDDISK    1.0  PQ: 0 ANSI: 5
[    0.804200] sd 0:0:0:0: [sda] 209715200 512-byte logical blocks: (107 GB/100 GiB)
[    0.804210] sd 0:0:0:0: [sda] Write Protect is off
[    0.804212] sd 0:0:0:0: [sda] Mode Sense: 00 3a 00 00
[    0.804227] sd 0:0:0:0: [sda] Write cache: enabled, read cache: enabled, doesn't support DPO or FUA
[    0.804484] sd 0:0:0:0: Attached scsi generic sg0 type 0
[    0.805348]  sda: sda1 sda2
[    0.815259] sd 0:0:0:0: [sda] Attached SCSI disk
[    0.817776] Freeing unused decrypted memory: 2040K
[    0.818592] Freeing unused kernel image memory: 2728K
[    0.818594] Write protecting the kernel read-only data: 22528k
[    0.819432] Freeing unused kernel image memory: 2036K
[    0.819899] Freeing unused kernel image memory: 1432K
[    0.839334] x86/mm: Checked W+X mappings: passed, no W+X pages found.
[    0.839338] Run /init as init process
[    0.935496] ACPI: Video Device [GFX0] (multi-head: yes  rom: no  post: no)
[    0.935567] input: Video Bus as /devices/LNXSYSTM:00/LNXSYBUS:00/PNP0A03:00/LNXVIDEO:00/input/input4
[    0.946510] pcnet32: pcnet32.c:v1.35 21.Apr.2008 tsbogend@alpha.franken.de
[    0.948212] piix4_smbus 0000:00:07.0: SMBus Host Controller at 0x4100, revision 0
[    0.952290] e1000: Intel(R) PRO/1000 Network Driver - version 7.3.21-k8-NAPI
[    0.952291] e1000: Copyright (c) 1999-2006 Intel Corporation.
[    0.958116] pcnet32: PCnet/FAST III 79C973 at 0xd020, 08:00:27:95:8e:3c assigned IRQ 19
[    0.958161] pcnet32: Found PHY 0022:561b at address 0
[    0.958456] pcnet32: eth0: registered as PCnet/FAST III 79C973
[    0.967119] pcnet32: 1 cards_found
[    1.021127] pcnet32 0000:00:03.0 enp0s3: renamed from eth0
[    1.166300] input: ImExPS/2 Generic Explorer Mouse as /devices/platform/i8042/serio1/input/input5
[    1.359628] e1000 0000:00:08.0 eth0: (PCI:33MHz:32-bit) 08:00:27:42:71:3e
[    1.359632] e1000 0000:00:08.0 eth0: Intel(R) PRO/1000 Network Connection
[    1.739401] e1000 0000:00:09.0 eth1: (PCI:33MHz:32-bit) 08:00:27:0a:77:da
[    1.739403] e1000 0000:00:09.0 eth1: Intel(R) PRO/1000 Network Connection
[    1.740579] e1000 0000:00:09.0 enp0s9: renamed from eth1
[    1.742369] e1000 0000:00:08.0 enp0s8: renamed from eth0
[    1.880325] EXT4-fs (sda2): mounted filesystem with ordered data mode. Opts: (null)
[    1.961620] systemd[1]: Inserted module 'autofs4'
[    1.971401] systemd[1]: systemd 245.4-4ubuntu3 running in system mode. (+PAM +AUDIT +SELINUX +IMA +APPARMOR +SMACK +SYSVINIT +UTMP +LIBCRYPTSETUP +GCRYPT +GNUTLS +ACL +XZ +LZ4 +SECCOMP +BLKID +ELFUTILS +KMOD +IDN2 -IDN +PCRE2 default-hierarchy=hybrid)
[    1.971434] systemd[1]: Detected virtualization oracle.
[    1.971440] systemd[1]: Detected architecture x86-64.
[    1.972701] systemd[1]: Set hostname to <ztg>.
[    2.095551] systemd[1]: /lib/systemd/system/dbus.socket:5: ListenStream= references a path below legacy directory /var/run/, updating /var/run/dbus/system_bus_socket â†’ /run/dbus/system_bus_socket; please update the unit file accordingly.
[    2.152830] systemd[1]: Created slice system-modprobe.slice.
[    2.153010] systemd[1]: Created slice User and Session Slice.
[    2.153053] systemd[1]: Started Forward Password Requests to Wall Directory Watch.
[    2.153213] systemd[1]: Set up automount Arbitrary Executable File Formats File System Automount Point.
[    2.153247] systemd[1]: Reached target User and Group Name Lookups.
[    2.153257] systemd[1]: Reached target Remote File Systems.
[    2.153265] systemd[1]: Reached target Slices.
[    2.153835] systemd[1]: Listening on Syslog Socket.
[    2.153901] systemd[1]: Listening on fsck to fsckd communication Socket.
[    2.153939] systemd[1]: Listening on initctl Compatibility Named Pipe.
[    2.154075] systemd[1]: Listening on Journal Audit Socket.
[    2.154126] systemd[1]: Listening on Journal Socket (/dev/log).
[    2.154190] systemd[1]: Listening on Journal Socket.
[    2.154254] systemd[1]: Listening on udev Control Socket.
[    2.154292] systemd[1]: Listening on udev Kernel Socket.
[    2.155018] systemd[1]: Mounting Huge Pages File System...
[    2.155982] systemd[1]: Mounting POSIX Message Queue File System...
[    2.156838] systemd[1]: Mounting Kernel Debug File System...
[    2.157661] systemd[1]: Mounting Kernel Trace File System...
[    2.159594] systemd[1]: Starting Journal Service...
[    2.181992] systemd[1]: Starting Set the console keyboard layout...
[    2.189810] systemd[1]: Starting Create list of static device nodes for the current kernel...
[    2.191827] systemd[1]: Starting Load Kernel Module drm...
[    2.192964] systemd[1]: Condition check resulted in Set Up Additional Binary Formats being skipped.
[    2.193009] systemd[1]: Condition check resulted in File System Check on Root Device being skipped.
[    2.205174] systemd[1]: Starting Load Kernel Modules...
[    2.205912] systemd[1]: Starting Remount Root and Kernel File Systems...
[    2.206674] systemd[1]: Starting udev Coldplug all Devices...
[    2.207506] systemd[1]: Starting Uncomplicated firewall...
[    2.208991] systemd[1]: Mounted Huge Pages File System.
[    2.209085] systemd[1]: Mounted POSIX Message Queue File System.
[    2.209156] systemd[1]: Mounted Kernel Debug File System.
[    2.209224] systemd[1]: Mounted Kernel Trace File System.
[    2.263186] systemd[1]: Finished Create list of static device nodes for the current kernel.
[    2.263523] systemd[1]: modprobe@drm.service: Succeeded.
[    2.265387] systemd[1]: Finished Load Kernel Module drm.
[    2.268999] systemd[1]: Finished Uncomplicated firewall.
[    2.271579] EXT4-fs (sda2): re-mounted. Opts: errors=remount-ro
[    2.273252] systemd[1]: Finished Remount Root and Kernel File Systems.
[    2.274634] systemd[1]: Condition check resulted in Rebuild Hardware Database being skipped.
[    2.274665] systemd[1]: Condition check resulted in Platform Persistent Storage Archival being skipped.
[    2.280832] systemd[1]: Starting Load/Save Random Seed...
[    2.287188] systemd[1]: Starting Create System Users...
[    2.311552] systemd[1]: Finished Load/Save Random Seed.
[    2.313465] lp: driver loaded but no devices found
[    2.317443] systemd[1]: Finished Create System Users.
[    2.318189] systemd[1]: Starting Create Static Device Nodes in /dev...
[    2.325323] ppdev: user-space parallel port driver
[    2.360619] systemd[1]: Finished Create Static Device Nodes in /dev.
[    2.361495] systemd[1]: Starting udev Kernel Device Manager...
[    2.389999] systemd[1]: Finished udev Coldplug all Devices.
[    2.431785] [drm] DMA map mode: Caching DMA mappings.
[    2.431883] [drm] Capabilities:
[    2.431883] [drm]   Rect copy.
[    2.431883] [drm]   Cursor.
[    2.431884] [drm]   Cursor bypass.
[    2.431884] [drm]   Cursor bypass 2.
[    2.431884] [drm]   Alpha cursor.
[    2.431885] [drm]   Extended Fifo.
[    2.431885] [drm]   Pitchlock.
[    2.431885] [drm]   Irq mask.
[    2.431886] [drm]   GMR.
[    2.431886] [drm]   Traces.
[    2.431886] [drm]   GMR2.
[    2.431887] [drm]   Screen Object 2.
[    2.431887] [drm]   Command Buffers.
[    2.431887] [drm]   Command Buffers 2.
[    2.431888] [drm]   Guest Backed Resources.
[    2.431889] [drm] Max GMR ids is 8192
[    2.431889] [drm] Max number of GMR pages is 1048576
[    2.431890] [drm] Max dedicated hypervisor surface memory is 393216 kiB
[    2.431890] [drm] Maximum display memory size is 131072 kiB
[    2.431891] [drm] VRAM at 0xe0000000 size is 131072 kiB
[    2.431892] [drm] MMIO at 0xf0000000 size is 2048 kiB
[    2.432850] [TTM] Zone  kernel: Available graphics memory: 1011738 KiB
[    2.432850] [TTM] Initializing pool allocator
[    2.432854] [TTM] Initializing DMA pool allocator
[    2.432883] [drm] Supports vblank timestamp caching Rev 2 (21.10.2013).
[    2.432883] [drm] No driver support for vblank timestamp query.
[    2.433101] [drm] Screen Target Display device initialized
[    2.433304] [drm] width 720
[    2.433313] [drm] height 400
[    2.433316] [drm] bpp 32
[    2.433868] [drm] Fifo max 0x00200000 min 0x00001000 cap 0x00000355
[    2.434943] [drm] Using command buffers with DMA pool.
[    2.434946] [drm] DX: no.
[    2.434947] [drm] Atomic: yes.
[    2.434947] [drm] SM4_1: no.
[    2.434966] [drm:vmw_host_log [vmwgfx]] *ERROR* Failed to send host log message.
[    2.436255] [drm:vmw_host_log [vmwgfx]] *ERROR* Failed to send host log message.
[    2.446291] fbcon: svgadrmfb (fb0) is primary device
[    2.448885] Console: switching to colour frame buffer device 100x37
[    2.452602] systemd[1]: Finished Set the console keyboard layout.
[    2.452768] systemd[1]: Reached target Local File Systems (Pre).
[    2.455647] systemd[1]: Mounting Mount unit for bare, revision 5...
[    2.459410] systemd[1]: Mounting Mount unit for core18, revision 1705...
[    2.459597] [drm] Initialized vmwgfx 2.15.0 20180704 for 0000:00:02.0 on minor 0
[    2.461924] systemd[1]: Mounting Mount unit for gnome-3-34-1804, revision 24...
[    2.493421] systemd[1]: Mounting Mount unit for gtk-common-themes, revision 1506...
[    2.502142] systemd[1]: Mounting Mount unit for gtk-common-themes, revision 1535...
[    2.504230] systemd[1]: Mounting Mount unit for snap-store, revision 433...
[    2.516427] systemd[1]: Mounting Mount unit for snapd, revision 25935...
[    2.518980] systemd[1]: Finished Load Kernel Modules.
[    2.538912] systemd[1]: Mounting FUSE Control File System...
[    2.539718] systemd[1]: Mounting Kernel Configuration File System...
[    2.540494] systemd[1]: Starting Apply Kernel Variables...
[    2.562839] systemd[1]: Mounted Mount unit for bare, revision 5.
[    2.562937] systemd[1]: Mounted FUSE Control File System.
[    2.563016] systemd[1]: Mounted Kernel Configuration File System.
[    2.563065] systemd[1]: Condition check resulted in VMware vmblock fuse mount being skipped.
[    2.568583] systemd[1]: Mounted Mount unit for core18, revision 1705.
[    2.568673] systemd[1]: Mounted Mount unit for gnome-3-34-1804, revision 24.
[    2.572813] systemd[1]: Finished Apply Kernel Variables.
[    2.601142] systemd[1]: Started udev Kernel Device Manager.
[    2.601873] systemd[1]: Starting Show Plymouth Boot Screen...
[    2.606762] systemd[1]: Received SIGRTMIN+20 from PID 278 (plymouthd).
[    2.628936] systemd[1]: Mounted Mount unit for gtk-common-themes, revision 1506.
[    2.630337] systemd[1]: Mounted Mount unit for snapd, revision 25935.
[    2.648447] systemd[1]: Mounted Mount unit for gtk-common-themes, revision 1535.
[    2.648668] systemd[1]: Mounted Mount unit for snap-store, revision 433.
[    2.648846] systemd[1]: Started Show Plymouth Boot Screen.
[    2.649021] systemd[1]: Condition check resulted in Dispatch Password Requests to Console Directory Watch being skipped.
[    2.649100] systemd[1]: Started Forward Password Requests to Plymouth Directory Watch.
[    2.649164] systemd[1]: Reached target Local Encrypted Volumes.
[    2.649219] systemd[1]: Reached target Local File Systems.
[    2.649962] systemd[1]: Starting Load AppArmor profiles...
[    2.663600] systemd[1]: Starting Set console font and keymap...
[    2.676373] systemd[1]: Starting Tell Plymouth To Write Out Runtime Data...
[    2.677759] systemd[1]: Condition check resulted in Store a System Token in an EFI Variable being skipped.
[    2.677812] systemd[1]: Condition check resulted in Commit a transient machine-id on disk being skipped.
[    2.681488] systemd[1]: Finished Set console font and keymap.
[    2.689125] systemd[1]: Received SIGRTMIN+20 from PID 278 (plymouthd).
[    2.690373] systemd[1]: plymouth-read-write.service: Succeeded.
[    2.690612] systemd[1]: Finished Tell Plymouth To Write Out Runtime Data.
[    2.725149] audit: type=1400 audit(1768341698.572:2): apparmor="STATUS" operation="profile_load" profile="unconfined" name="nvidia_modprobe" pid=301 comm="apparmor_parser"
[    2.725151] audit: type=1400 audit(1768341698.572:3): apparmor="STATUS" operation="profile_load" profile="unconfined" name="nvidia_modprobe//kmod" pid=301 comm="apparmor_parser"
[    2.731855] audit: type=1400 audit(1768341698.580:4): apparmor="STATUS" operation="profile_load" profile="unconfined" name="/usr/sbin/tcpdump" pid=303 comm="apparmor_parser"
[    2.757573] audit: type=1400 audit(1768341698.596:5): apparmor="STATUS" operation="profile_load" profile="unconfined" name="/usr/bin/evince" pid=305 comm="apparmor_parser"
[    2.757575] audit: type=1400 audit(1768341698.596:6): apparmor="STATUS" operation="profile_load" profile="unconfined" name="/usr/bin/evince//sanitized_helper" pid=305 comm="apparmor_parser"
[    2.757576] audit: type=1400 audit(1768341698.596:7): apparmor="STATUS" operation="profile_load" profile="unconfined" name="/usr/bin/evince-previewer" pid=305 comm="apparmor_parser"
[    2.757578] audit: type=1400 audit(1768341698.596:8): apparmor="STATUS" operation="profile_load" profile="unconfined" name="/usr/bin/evince-previewer//sanitized_helper" pid=305 comm="apparmor_parser"
[    2.757580] audit: type=1400 audit(1768341698.596:9): apparmor="STATUS" operation="profile_load" profile="unconfined" name="/usr/bin/evince-thumbnailer" pid=305 comm="apparmor_parser"
[    2.789548] audit: type=1400 audit(1768341698.640:10): apparmor="STATUS" operation="profile_load" profile="unconfined" name="/usr/lib/cups/backend/cups-pdf" pid=306 comm="apparmor_parser"
[    2.869410] systemd[1]: Finished Load AppArmor profiles.
[    2.870407] systemd[1]: Starting Load AppArmor profiles managed internally by snapd...
[    2.980837] systemd[1]: Finished Load AppArmor profiles managed internally by snapd.
[    3.125468] systemd[1]: Started Journal Service.
[    3.135505] systemd-journald[229]: Received client request to flush runtime journal.
[    3.138106] systemd-journald[229]: File /var/log/journal/c455b248004a419c87ce85eea238d727/system.journal corrupted or uncleanly shut down, renaming and replacing.
[    4.481747] RAPL PMU: API unit is 2^-32 Joules, 0 fixed counters, 10737418240 ms ovfl timer
[    4.547260] cryptd: max_cpu_qlen set to 1000
[    4.554802] AVX2 version of gcm_enc/dec engaged.
[    4.554803] AES CTR mode by8 optimization enabled
[    6.379917] Adding 1998844k swap on /dev/sda1.  Priority:-2 extents:1 across:1998844k FS
[    7.730036] kauditd_printk_skb: 30 callbacks suppressed
[    7.730037] audit: type=1400 audit(1768341703.572:41): apparmor="DENIED" operation="capable" profile="/usr/sbin/cups-browsed" pid=510 comm="cups-browsed" capability=23  capname="sys_nice"
[    8.909485] pcnet32 0000:00:03.0 enp0s3: link up, 100Mbps, full-duplex
[    8.950888] e1000: enp0s8 NIC Link is Up 1000 Mbps Full Duplex, Flow Control: RX
[    8.951208] IPv6: ADDRCONF(NETDEV_CHANGE): enp0s8: link becomes ready
[    8.967780] e1000: enp0s9 NIC Link is Up 1000 Mbps Full Duplex, Flow Control: RX
[    8.968090] IPv6: ADDRCONF(NETDEV_CHANGE): enp0s9: link becomes ready
[    9.624546] device enp0s3 entered promiscuous mode
[    9.648252] audit: type=1400 audit(1768341705.488:42): apparmor="DENIED" operation="open" profile="/usr/sbin/tcpdump" name="/proc/sys/kernel/random/boot_id" pid=643 comm="tcpdump" requested_mask="r" denied_mask="r" fsuid=0 ouid=0
[    9.648604] audit: type=1400 audit(1768341705.488:43): apparmor="DENIED" operation="open" profile="/usr/sbin/tcpdump" name="/proc/sys/kernel/random/boot_id" pid=643 comm="tcpdump" requested_mask="r" denied_mask="r" fsuid=0 ouid=0
[    9.648655] audit: type=1400 audit(1768341705.488:44): apparmor="DENIED" operation="open" profile="/usr/sbin/tcpdump" name="/proc/sys/kernel/random/boot_id" pid=643 comm="tcpdump" requested_mask="r" denied_mask="r" fsuid=0 ouid=0
[    9.648674] audit: type=1400 audit(1768341705.488:45): apparmor="DENIED" operation="open" profile="/usr/sbin/tcpdump" name="/proc/sys/kernel/random/boot_id" pid=643 comm="tcpdump" requested_mask="r" denied_mask="r" fsuid=0 ouid=0
[    9.661892] audit: type=1400 audit(1768341705.512:46): apparmor="DENIED" operation="open" profile="/usr/sbin/tcpdump" name="/proc/sys/kernel/random/boot_id" pid=644 comm="tcpdump" requested_mask="r" denied_mask="r" fsuid=0 ouid=0
[    9.662112] audit: type=1400 audit(1768341705.512:47): apparmor="DENIED" operation="open" profile="/usr/sbin/tcpdump" name="/proc/sys/kernel/random/boot_id" pid=644 comm="tcpdump" requested_mask="r" denied_mask="r" fsuid=0 ouid=0
[    9.662152] audit: type=1400 audit(1768341705.512:48): apparmor="DENIED" operation="open" profile="/usr/sbin/tcpdump" name="/proc/sys/kernel/random/boot_id" pid=644 comm="tcpdump" requested_mask="r" denied_mask="r" fsuid=0 ouid=0
[    9.662206] audit: type=1400 audit(1768341705.512:49): apparmor="DENIED" operation="open" profile="/usr/sbin/tcpdump" name="/proc/sys/kernel/random/boot_id" pid=644 comm="tcpdump" requested_mask="r" denied_mask="r" fsuid=0 ouid=0
[   15.406796] rfkill: input handler disabled
[  192.095257] AAAAA-TCP_FORW: name:enp0s3: saddr:16783984: daddr:100932208
[  192.240522] AAAAA-TCP_FORW: name:enp0s3: saddr:33561200: daddr:100932208
[  192.370989] AAAAA-TCP_FORW: name:enp0s3: saddr:33561200: daddr:100932208
[  192.648686] AAAAA-TCP_FORW: name:enp0s3: saddr:33561200: daddr:100932208
[  192.804916] AAAAA-TCP_FORW: name:enp0s3: saddr:33561200: daddr:100932208
[  193.028665] AAAAA-TCP_FORW: name:enp0s3: saddr:33561200: daddr:100932208
[  193.383614] AAAAA-TCP_FORW: name:enp0s3: saddr:33561200: daddr:100932208
[  193.606114] AAAAA-TCP_FORW: name:enp0s3: saddr:33561200: daddr:100932208
[  193.791369] AAAAA-TCP_FORW: name:enp0s3: saddr:33561200: daddr:100932208
[  193.955669] AAAAA-TCP_FORW: name:enp0s3: saddr:33561200: daddr:100932208
[  225.851310] AAAAA-TCP_FORW: name:enp0s3: saddr:100932208: daddr:33561200
[  226.428270] AAAAA-TCP_FORW: name:enp0s3: saddr:33561200: daddr:100932208
[  226.556288] AAAAA-TCP_FORW: name:enp0s3: saddr:33561200: daddr:100932208
[  226.660911] AAAAA-TCP_FORW: name:enp0s3: saddr:33561200: daddr:100932208
[  226.787910] AAAAA-TCP_FORW: name:enp0s3: saddr:33561200: daddr:100932208
[  226.892018] AAAAA-TCP_FORW: name:enp0s3: saddr:100932208: daddr:33561200
[  226.911800] AAAAA-TCP_FORW: name:enp0s3: saddr:16783984: daddr:100932208
[  227.248068] AAAAA-TCP_FORW: name:enp0s3: saddr:16783984: daddr:100932208
[  227.372408] AAAAA-TCP_FORW: name:enp0s3: saddr:33561200: daddr:100932208
[  227.413669] AAAAA-TCP_FORW: name:enp0s3: saddr:100932208: daddr:33561200
[  227.447321] AAAAA-TCP_FORW: name:enp0s3: saddr:16783984: daddr:100932208
[  227.550631] AAAAA-TCP_FORW: name:enp0s3: saddr:33561200: daddr:100932208
[  227.557589] AAAAA-TCP_FORW: name:enp0s3: saddr:100932208: daddr:33561200
[  227.643385] AAAAA-TCP_FORW: name:enp0s3: saddr:33561200: daddr:100932208
[  227.684401] AAAAA-TCP_FORW: name:enp0s3: saddr:33561200: daddr:100932208
[  227.788086] AAAAA-TCP_FORW: name:enp0s3: saddr:33561200: daddr:100932208
[  227.903689] AAAAA-TCP_FORW: name:enp0s3: saddr:33561200: daddr:100932208
[  227.952356] AAAAA-TCP_FORW: name:enp0s3: saddr:33561200: daddr:100932208
[  228.026399] AAAAA-TCP_FORW: name:enp0s3: saddr:100932208: daddr:33561200
[  228.047092] AAAAA-TCP_FORW: name:enp0s3: saddr:33561200: daddr:100932208
[  228.171014] AAAAA-TCP_FORW: name:enp0s3: saddr:16783984: daddr:100932208
[  228.230190] AAAAA-TCP_FORW: name:enp0s3: saddr:16783984: daddr:100932208
[  228.664186] AAAAA-TCP_FORW: name:enp0s3: saddr:100932208: daddr:33561200
[  228.840020] AAAAA-TCP_FORW: name:enp0s3: saddr:100932208: daddr:33561200
[  229.148872] AAAAA-TCP_FORW: name:enp0s3: saddr:33561200: daddr:100932208
[  229.175622] AAAAA-TCP_FORW: name:enp0s3: saddr:100932208: daddr:33561200
[  229.705947] AAAAA-TCP_FORW: name:enp0s3: saddr:100932208: daddr:33561200
[  229.830898] AAAAA-TCP_FORW: name:enp0s3: saddr:100932208: daddr:33561200
[  230.134035] AAAAA-TCP_FORW: name:enp0s3: saddr:100932208: daddr:33561200
[  230.284182] AAAAA-TCP_FORW: name:enp0s3: saddr:100932208: daddr:33561200
[  230.347957] AAAAA-TCP_FORW: name:enp0s3: saddr:100932208: daddr:33561200
[  230.755393] AAAAA-TCP_FORW: name:enp0s3: saddr:100932208: daddr:33561200
[  230.906572] AAAAA-TCP_FORW: name:enp0s3: saddr:100932208: daddr:33561200
[  231.070404] AAAAA-TCP_FORW: name:enp0s3: saddr:100932208: daddr:33561200
[  231.267446] AAAAA-TCP_FORW: name:enp0s3: saddr:100932208: daddr:33561200
[  231.380803] AAAAA-TCP_FORW: name:enp0s3: saddr:100932208: daddr:33561200
[  231.651977] AAAAA-TCP_FORW: name:enp0s3: saddr:100932208: daddr:33561200
[  232.020556] AAAAA-TCP_FORW: name:enp0s3: saddr:100932208: daddr:33561200
[  232.181220] AAAAA-TCP_FORW: name:enp0s3: saddr:100932208: daddr:33561200
[  232.213514] AAAAA-TCP_FORW: name:enp0s3: saddr:100932208: daddr:33561200
[  232.266000] AAAAA-TCP_FORW: name:enp0s3: saddr:100932208: daddr:33561200
[  512.440217] rfkill: input handler enabled
[  520.915430] rfkill: input handler disabled
[  808.701125] device enp0s3 left promiscuous mode
