[    0.000000] Linux version 5.4.243-mptcp (root@ztg) (gcc version 12.2.0 (Debian 12.2.0-14+deb12u1)) #53 SMP Wed Dec 24 23:28:15 CST 2025
[    0.000000] Command line: BOOT_IMAGE=/boot/vmlinuz-5.4.243-mptcp root=UUID=98415a12-53b7-4144-8265-0f7ece09e445 ro quiet splash
[    0.000000] KERNEL supported cpus:
[    0.000000]   Intel GenuineIntel
[    0.000000]   AMD AuthenticAMD
[    0.000000]   Hygon HygonGenuine
[    0.000000]   Centaur CentaurHauls
[    0.000000]   zhaoxin   Shanghai  
[    0.000000] x86/fpu: Supporting XSAVE feature 0x001: 'x87 floating point registers'
[    0.000000] x86/fpu: Supporting XSAVE feature 0x002: 'SSE registers'
[    0.000000] x86/fpu: Supporting XSAVE feature 0x004: 'AVX registers'
[    0.000000] x86/fpu: xstate_offset[2]:  576, xstate_sizes[2]:  256
[    0.000000] x86/fpu: Enabled xstate features 0x7, context size is 832 bytes, using 'standard' format.
[    0.000000] BIOS-provided physical RAM map:
[    0.000000] BIOS-e820: [mem 0x0000000000000000-0x000000000009fbff] usable
[    0.000000] BIOS-e820: [mem 0x000000000009fc00-0x000000000009ffff] reserved
[    0.000000] BIOS-e820: [mem 0x00000000000f0000-0x00000000000fffff] reserved
[    0.000000] BIOS-e820: [mem 0x0000000000100000-0x000000007ffeffff] usable
[    0.000000] BIOS-e820: [mem 0x000000007fff0000-0x000000007fffffff] ACPI data
[    0.000000] BIOS-e820: [mem 0x00000000fec00000-0x00000000fec00fff] reserved
[    0.000000] BIOS-e820: [mem 0x00000000fee00000-0x00000000fee00fff] reserved
[    0.000000] BIOS-e820: [mem 0x00000000fffc0000-0x00000000ffffffff] reserved
[    0.000000] NX (Execute Disable) protection: active
[    0.000000] SMBIOS 2.5 present.
[    0.000000] DMI: innotek GmbH VirtualBox/VirtualBox, BIOS VirtualBox 12/01/2006
[    0.000000] Hypervisor detected: KVM
[    0.000000] kvm-clock: Using msrs 4b564d01 and 4b564d00
[    0.000000] kvm-clock: cpu 0, msr 16401001, primary cpu clock
[    0.000000] kvm-clock: using sched offset of 4456805611 cycles
[    0.000003] clocksource: kvm-clock: mask: 0xffffffffffffffff max_cycles: 0x1cd42e4dffb, max_idle_ns: 881590591483 ns
[    0.000005] tsc: Detected 2100.000 MHz processor
[    0.001869] e820: update [mem 0x00000000-0x00000fff] usable ==> reserved
[    0.001871] e820: remove [mem 0x000a0000-0x000fffff] usable
[    0.001875] last_pfn = 0x7fff0 max_arch_pfn = 0x400000000
[    0.001943] MTRR default type: uncachable
[    0.001944] MTRR fixed ranges enabled:
[    0.001945]   00000-9FFFF write-back
[    0.001946]   A0000-BFFFF uncachable
[    0.001947]   C0000-FFFFF write-protect
[    0.001947] MTRR variable ranges enabled:
[    0.001949]   0 base 000000000000 mask 3FFF80000000 write-back
[    0.001949]   1 disabled
[    0.001950]   2 disabled
[    0.001950]   3 disabled
[    0.001951]   4 disabled
[    0.001951]   5 disabled
[    0.001951]   6 disabled
[    0.001952]   7 disabled
[    0.001952]   8 disabled
[    0.001953]   9 disabled
[    0.001953]   10 disabled
[    0.001954]   11 disabled
[    0.001954]   12 disabled
[    0.001954]   13 disabled
[    0.001955]   14 disabled
[    0.001955]   15 disabled
[    0.001971] x86/PAT: Configuration [0-7]: WB  WC  UC- UC  WB  WP  UC- WT  
[    0.002106] found SMP MP-table at [mem 0x0009fff0-0x0009ffff]
[    0.091755] check: Scanning 1 areas for low memory corruption
[    0.092023] RAMDISK: [mem 0x32271000-0x3512ffff]
[    0.092032] ACPI: Early table checksum verification disabled
[    0.092037] ACPI: RSDP 0x00000000000E0000 000024 (v02 VBOX  )
[    0.092041] ACPI: XSDT 0x000000007FFF0030 00003C (v01 VBOX   VBOXXSDT 00000001 ASL  00000061)
[    0.092048] ACPI: FACP 0x000000007FFF00F0 0000F4 (v04 VBOX   VBOXFACP 00000001 ASL  00000061)
[    0.092054] ACPI: DSDT 0x000000007FFF02E0 002353 (v02 VBOX   VBOXBIOS 00000002 VBOX 00029BF3)
[    0.092058] ACPI: FACS 0x000000007FFF0200 000040
[    0.092061] ACPI: FACS 0x000000007FFF0200 000040
[    0.092064] ACPI: APIC 0x000000007FFF0240 000054 (v02 VBOX   VBOXAPIC 00000001 ASL  00000061)
[    0.092068] ACPI: SSDT 0x000000007FFF02A0 000038 (v01 VBOX   VBOXCPUT 00000002 VBOX 00029BF3)
[    0.092071] ACPI: Reserving FACP table memory at [mem 0x7fff00f0-0x7fff01e3]
[    0.092072] ACPI: Reserving DSDT table memory at [mem 0x7fff02e0-0x7fff2632]
[    0.092073] ACPI: Reserving FACS table memory at [mem 0x7fff0200-0x7fff023f]
[    0.092074] ACPI: Reserving FACS table memory at [mem 0x7fff0200-0x7fff023f]
[    0.092074] ACPI: Reserving APIC table memory at [mem 0x7fff0240-0x7fff0293]
[    0.092075] ACPI: Reserving SSDT table memory at [mem 0x7fff02a0-0x7fff02d7]
[    0.092089] ACPI: Local APIC address 0xfee00000
[    0.092278] No NUMA configuration found
[    0.092279] Faking a node at [mem 0x0000000000000000-0x000000007ffeffff]
[    0.092289] NODE_DATA(0) allocated [mem 0x7ffc5000-0x7ffeffff]
[    0.092550] Zone ranges:
[    0.092551]   DMA      [mem 0x0000000000001000-0x0000000000ffffff]
[    0.092552]   DMA32    [mem 0x0000000001000000-0x000000007ffeffff]
[    0.092553]   Normal   empty
[    0.092553]   Device   empty
[    0.092554] Movable zone start for each node
[    0.092556] Early memory node ranges
[    0.092557]   node   0: [mem 0x0000000000001000-0x000000000009efff]
[    0.092558]   node   0: [mem 0x0000000000100000-0x000000007ffeffff]
[    0.092561] Zeroed struct page in unavailable ranges: 114 pages
[    0.092562] Initmem setup node 0 [mem 0x0000000000001000-0x000000007ffeffff]
[    0.092563] On node 0 totalpages: 524174
[    0.092564]   DMA zone: 64 pages used for memmap
[    0.092565]   DMA zone: 21 pages reserved
[    0.092566]   DMA zone: 3998 pages, LIFO batch:0
[    0.092637]   DMA32 zone: 8128 pages used for memmap
[    0.092638]   DMA32 zone: 520176 pages, LIFO batch:63
[    0.101552] ACPI: PM-Timer IO Port: 0x4008
[    0.101556] ACPI: Local APIC address 0xfee00000
[    0.101627] IOAPIC[0]: apic_id 1, version 32, address 0xfec00000, GSI 0-23
[    0.101630] ACPI: INT_SRC_OVR (bus 0 bus_irq 0 global_irq 2 dfl dfl)
[    0.101632] ACPI: INT_SRC_OVR (bus 0 bus_irq 9 global_irq 9 low level)
[    0.101634] ACPI: IRQ0 used by override.
[    0.101635] ACPI: IRQ9 used by override.
[    0.101638] Using ACPI (MADT) for SMP configuration information
[    0.101645] smpboot: Allowing 1 CPUs, 0 hotplug CPUs
[    0.101669] PM: Registered nosave memory: [mem 0x00000000-0x00000fff]
[    0.101670] PM: Registered nosave memory: [mem 0x0009f000-0x0009ffff]
[    0.101670] PM: Registered nosave memory: [mem 0x000a0000-0x000effff]
[    0.101671] PM: Registered nosave memory: [mem 0x000f0000-0x000fffff]
[    0.101673] [mem 0x80000000-0xfebfffff] available for PCI devices
[    0.101673] Booting paravirtualized kernel on KVM
[    0.101676] clocksource: refined-jiffies: mask: 0xffffffff max_cycles: 0xffffffff, max_idle_ns: 7645519600211568 ns
[    0.101681] setup_percpu: NR_CPUS:8192 nr_cpumask_bits:1 nr_cpu_ids:1 nr_node_ids:1
[    0.102665] percpu: Embedded 60 pages/cpu s208896 r8192 d28672 u2097152
[    0.102670] pcpu-alloc: s208896 r8192 d28672 u2097152 alloc=1*2097152
[    0.102671] pcpu-alloc: [0] 0 
[    0.102698] Built 1 zonelists, mobility grouping on.  Total pages: 515961
[    0.102699] Policy zone: DMA32
[    0.102700] Kernel command line: BOOT_IMAGE=/boot/vmlinuz-5.4.243-mptcp root=UUID=98415a12-53b7-4144-8265-0f7ece09e445 ro quiet splash
[    0.103527] Dentry cache hash table entries: 262144 (order: 9, 2097152 bytes, linear)
[    0.103673] Inode-cache hash table entries: 131072 (order: 8, 1048576 bytes, linear)
[    0.103724] mem auto-init: stack:off, heap alloc:on, heap free:off
[    0.103727] Calgary: detecting Calgary via BIOS EBDA area
[    0.103728] Calgary: Unable to locate Rio Grande table in EBDA - bailing!
[    0.107815] Memory: 1967332K/2096696K available (14339K kernel code, 2398K rwdata, 4712K rodata, 2728K init, 17260K bss, 129364K reserved, 0K cma-reserved)
[    0.108711] SLUB: HWalign=64, Order=0-3, MinObjects=0, CPUs=1, Nodes=1
[    0.108728] ftrace: allocating 43186 entries in 169 pages
[    0.126753] rcu: Hierarchical RCU implementation.
[    0.126754] rcu: 	RCU restricting CPUs from NR_CPUS=8192 to nr_cpu_ids=1.
[    0.126755] 	Tasks RCU enabled.
[    0.126756] rcu: RCU calculated value of scheduler-enlistment delay is 25 jiffies.
[    0.126757] rcu: Adjusting geometry for rcu_fanout_leaf=16, nr_cpu_ids=1
[    0.129716] NR_IRQS: 524544, nr_irqs: 256, preallocated irqs: 16
[    0.129931] random: crng init done
[    0.139287] Console: colour VGA+ 80x25
[    0.139291] printk: console [tty0] enabled
[    0.139313] ACPI: Core revision 20190816
[    0.139410] APIC: Switch to symmetric I/O mode setup
[    0.139663] x2apic enabled
[    0.139901] Switched APIC routing to physical x2apic.
[    0.141038] ..TIMER: vector=0x30 apic1=0 pin1=2 apic2=-1 pin2=-1
[    0.141066] clocksource: tsc-early: mask: 0xffffffffffffffff max_cycles: 0x1e4530a99b6, max_idle_ns: 440795257976 ns
[    0.141071] Calibrating delay loop (skipped) preset value.. 4200.00 BogoMIPS (lpj=8400000)
[    0.141074] pid_max: default: 32768 minimum: 301
[    0.141102] LSM: Security Framework initializing
[    0.141112] Yama: becoming mindful.
[    0.141137] AppArmor: AppArmor initialized
[    0.141171] Mount-cache hash table entries: 4096 (order: 3, 32768 bytes, linear)
[    0.141176] Mountpoint-cache hash table entries: 4096 (order: 3, 32768 bytes, linear)
[    0.141186] *** VALIDATE tmpfs ***
[    0.141315] *** VALIDATE proc ***
[    0.141355] *** VALIDATE cgroup1 ***
[    0.141357] *** VALIDATE cgroup2 ***
[    0.141496] process: using mwait in idle threads
[    0.141501] Last level iTLB entries: 4KB 64, 2MB 8, 4MB 8
[    0.141502] Last level dTLB entries: 4KB 64, 2MB 0, 4MB 0, 1GB 4
[    0.141521] Spectre V1 : Mitigation: usercopy/swapgs barriers and __user pointer sanitization
[    0.141527] Spectre V2 : Mitigation: Retpolines
[    0.141527] Spectre V2 : Spectre v2 / SpectreRSB mitigation: Filling RSB on context switch
[    0.141528] Spectre V2 : Spectre v2 / SpectreRSB : Filling RSB on VMEXIT
[    0.141528] RETBleed: WARNING: Spectre v2 mitigation leaves CPU vulnerable to RETBleed attacks, data leaks possible!
[    0.141896] RETBleed: Vulnerable
[    0.141897] Speculative Store Bypass: Vulnerable
[    0.141902] TAA: Mitigation: TSX disabled
[    0.141902] MMIO Stale Data: Mitigation: Clear CPU buffers
[    0.146083] Freeing SMP alternatives memory: 40K
[    0.258405] smpboot: CPU0: Intel(R) Xeon(R) Silver 4216 CPU @ 2.10GHz (family: 0x6, model: 0x55, stepping: 0x7)
[    0.258524] Performance Events: unsupported p6 CPU model 85 no PMU driver, software events only.
[    0.258561] rcu: Hierarchical SRCU implementation.
[    0.259031] NMI watchdog: Perf NMI watchdog permanently disabled
[    0.259068] smp: Bringing up secondary CPUs ...
[    0.259069] smp: Brought up 1 node, 1 CPU
[    0.259070] smpboot: Max logical packages: 1
[    0.259071] smpboot: Total of 1 processors activated (4200.00 BogoMIPS)
[    0.260029] devtmpfs: initialized
[    0.260077] x86/mm: Memory block size: 128MB
[    0.260423] clocksource: jiffies: mask: 0xffffffff max_cycles: 0xffffffff, max_idle_ns: 7645041785100000 ns
[    0.260429] futex hash table entries: 256 (order: 2, 16384 bytes, linear)
[    0.260471] pinctrl core: initialized pinctrl subsystem
[    0.260572] PM: RTC time: 21:37:36, date: 2026-01-14
[    0.260678] NET: Registered protocol family 16
[    0.260751] audit: initializing netlink subsys (disabled)
[    0.260877] EISA bus registered
[    0.260878] cpuidle: using governor ladder
[    0.260879] cpuidle: using governor menu
[    0.260915] ACPI: bus type PCI registered
[    0.260916] acpiphp: ACPI Hot Plug PCI Controller Driver version: 0.5
[    0.261016] PCI: Using configuration type 1 for base access
[    0.261305] audit: type=2000 audit(1768397862.722:1): state=initialized audit_enabled=0 res=1
[    0.261383] HugeTLB registered 2.00 MiB page size, pre-allocated 0 pages
[    0.262264] ACPI: Added _OSI(Module Device)
[    0.262265] ACPI: Added _OSI(Processor Device)
[    0.262265] ACPI: Added _OSI(3.0 _SCP Extensions)
[    0.262266] ACPI: Added _OSI(Processor Aggregator Device)
[    0.262267] ACPI: Added _OSI(Linux-Dell-Video)
[    0.262269] ACPI: Added _OSI(Linux-Lenovo-NV-HDMI-Audio)
[    0.262270] ACPI: Added _OSI(Linux-HPI-Hybrid-Graphics)
[    0.264346] ACPI: 2 ACPI AML tables successfully acquired and loaded
[    0.266015] ACPI: Interpreter enabled
[    0.266024] ACPI: (supports S0 S5)
[    0.266026] ACPI: Using IOAPIC for interrupt routing
[    0.266231] PCI: Using host bridge windows from ACPI; if necessary, use "pci=nocrs" and report a bug
[    0.266341] ACPI: Enabled 2 GPEs in block 00 to 07
[    0.271165] ACPI: PCI Root Bridge [PCI0] (domain 0000 [bus 00-ff])
[    0.271170] acpi PNP0A03:00: _OSC: OS supports [ASPM ClockPM Segments MSI HPX-Type3]
[    0.271614] acpi PNP0A03:00: _OSC: not requesting OS control; OS requires [ExtendedConfig ASPM ClockPM MSI]
[    0.271622] acpi PNP0A03:00: fail to add MMCONFIG information, can't access extended PCI configuration space under this bridge.
[    0.271992] PCI host bridge to bus 0000:00
[    0.271994] pci_bus 0000:00: root bus resource [io  0x0000-0x0cf7 window]
[    0.271996] pci_bus 0000:00: root bus resource [io  0x0d00-0xffff window]
[    0.271997] pci_bus 0000:00: root bus resource [mem 0x000a0000-0x000bffff window]
[    0.271998] pci_bus 0000:00: root bus resource [mem 0x80000000-0xfdffffff window]
[    0.271999] pci_bus 0000:00: root bus resource [bus 00-ff]
[    0.272040] pci 0000:00:00.0: [8086:1237] type 00 class 0x060000
[    0.272974] pci 0000:00:01.0: [8086:7000] type 00 class 0x060100
[    0.273765] pci 0000:00:01.1: [8086:7111] type 00 class 0x01018a
[    0.274148] pci 0000:00:01.1: reg 0x20: [io  0xd000-0xd00f]
[    0.274299] pci 0000:00:01.1: legacy IDE quirk: reg 0x10: [io  0x01f0-0x01f7]
[    0.274300] pci 0000:00:01.1: legacy IDE quirk: reg 0x14: [io  0x03f6]
[    0.274301] pci 0000:00:01.1: legacy IDE quirk: reg 0x18: [io  0x0170-0x0177]
[    0.274302] pci 0000:00:01.1: legacy IDE quirk: reg 0x1c: [io  0x0376]
[    0.274835] pci 0000:00:02.0: [15ad:0405] type 00 class 0x030000
[    0.277148] pci 0000:00:02.0: reg 0x10: [io  0xd010-0xd01f]
[    0.281116] pci 0000:00:02.0: reg 0x14: [mem 0xe0000000-0xe7ffffff pref]
[    0.283837] pci 0000:00:02.0: reg 0x18: [mem 0xf0000000-0xf01fffff]
[    0.293890] pci 0000:00:03.0: [1022:2000] type 00 class 0x020000
[    0.294612] pci 0000:00:03.0: reg 0x10: [io  0xd020-0xd03f]
[    0.295247] pci 0000:00:03.0: reg 0x14: [mem 0xf0200000-0xf0200fff]
[    0.299617] pci 0000:00:04.0: [80ee:cafe] type 00 class 0x088000
[    0.300282] pci 0000:00:04.0: reg 0x10: [io  0xd040-0xd05f]
[    0.301185] pci 0000:00:04.0: reg 0x14: [mem 0xf0400000-0xf07fffff]
[    0.301786] pci 0000:00:04.0: reg 0x18: [mem 0xf0800000-0xf0803fff pref]
[    0.305111] pci 0000:00:07.0: [8086:7113] type 00 class 0x068000
[    0.305646] pci 0000:00:07.0: quirk: [io  0x4000-0x403f] claimed by PIIX4 ACPI
[    0.305655] pci 0000:00:07.0: quirk: [io  0x4100-0x410f] claimed by PIIX4 SMB
[    0.306243] pci 0000:00:08.0: [1022:2000] type 00 class 0x020000
[    0.306912] pci 0000:00:08.0: reg 0x10: [io  0xd060-0xd07f]
[    0.307521] pci 0000:00:08.0: reg 0x14: [mem 0xf0804000-0xf0804fff]
[    0.311003] pci 0000:00:09.0: [8086:100e] type 00 class 0x020000
[    0.311704] pci 0000:00:09.0: reg 0x10: [mem 0xf0820000-0xf083ffff]
[    0.312910] pci 0000:00:09.0: reg 0x18: [io  0xd080-0xd087]
[    0.322142] ACPI: PCI Interrupt Link [LNKA] (IRQs 5 9 10 *11)
[    0.322426] ACPI: PCI Interrupt Link [LNKB] (IRQs 5 9 *10 11)
[    0.322525] ACPI: PCI Interrupt Link [LNKC] (IRQs 5 *9 10 11)
[    0.322628] ACPI: PCI Interrupt Link [LNKD] (IRQs 5 9 10 *11)
[    0.322889] iommu: Default domain type: Translated 
[    0.322949] pci 0000:00:02.0: vgaarb: setting as boot VGA device
[    0.322951] pci 0000:00:02.0: vgaarb: VGA device added: decodes=io+mem,owns=io+mem,locks=none
[    0.322953] pci 0000:00:02.0: vgaarb: bridge control possible
[    0.322954] vgaarb: loaded
[    0.325249] SCSI subsystem initialized
[    0.325281] libata version 3.00 loaded.
[    0.325307] ACPI: bus type USB registered
[    0.325322] usbcore: registered new interface driver usbfs
[    0.325328] usbcore: registered new interface driver hub
[    0.325334] usbcore: registered new device driver usb
[    0.325359] pps_core: LinuxPPS API ver. 1 registered
[    0.325359] pps_core: Software ver. 5.3.6 - Copyright 2005-2007 Rodolfo Giometti <giometti@linux.it>
[    0.325361] PTP clock support registered
[    0.325398] EDAC MC: Ver: 3.0.0
[    0.325681] PCI: Using ACPI for IRQ routing
[    0.325683] PCI: pci_cache_line_size set to 64 bytes
[    0.325853] e820: reserve RAM buffer [mem 0x0009fc00-0x0009ffff]
[    0.325857] e820: reserve RAM buffer [mem 0x7fff0000-0x7fffffff]
[    0.326657] NetLabel: Initializing
[    0.326658] NetLabel:  domain hash size = 128
[    0.326658] NetLabel:  protocols = UNLABELED CIPSOv4 CALIPSO
[    0.326678] NetLabel:  unlabeled traffic allowed by default
[    0.327584] clocksource: Switched to clocksource kvm-clock
[    0.339330] *** VALIDATE bpf ***
[    0.339392] VFS: Disk quotas dquot_6.6.0
[    0.339404] VFS: Dquot-cache hash table entries: 512 (order 0, 4096 bytes)
[    0.339426] *** VALIDATE ramfs ***
[    0.339429] *** VALIDATE hugetlbfs ***
[    0.339507] AppArmor: AppArmor Filesystem Enabled
[    0.339532] pnp: PnP ACPI init
[    0.339596] pnp 00:00: Plug and Play ACPI device, IDs PNP0303 (active)
[    0.339682] pnp 00:01: Plug and Play ACPI device, IDs PNP0f03 (active)
[    0.340436] pnp: PnP ACPI: found 2 devices
[    0.341399] thermal_sys: Registered thermal governor 'fair_share'
[    0.341400] thermal_sys: Registered thermal governor 'bang_bang'
[    0.341400] thermal_sys: Registered thermal governor 'step_wise'
[    0.341401] thermal_sys: Registered thermal governor 'user_space'
[    0.341402] thermal_sys: Registered thermal governor 'power_allocator'
[    0.345926] clocksource: acpi_pm: mask: 0xffffff max_cycles: 0xffffff, max_idle_ns: 2085701024 ns
[    0.345967] pci_bus 0000:00: resource 4 [io  0x0000-0x0cf7 window]
[    0.345969] pci_bus 0000:00: resource 5 [io  0x0d00-0xffff window]
[    0.345970] pci_bus 0000:00: resource 6 [mem 0x000a0000-0x000bffff window]
[    0.345971] pci_bus 0000:00: resource 7 [mem 0x80000000-0xfdffffff window]
[    0.346031] NET: Registered protocol family 2
[    0.346108] IP idents hash table entries: 32768 (order: 6, 262144 bytes, linear)
[    0.346511] MPTCP tokens hash table entries: 8192 (order: 4, 65536 bytes, linear)
[    0.346531] MPTCP request tokens hash table entries: 8192 (order: 4, 65536 bytes, linear)
[    0.346556] default registered
[    0.346556] default registered
[    0.346556] MPTCP: Stable release v0.96
[    0.346562] tcp_listen_portaddr_hash hash table entries: 1024 (order: 2, 16384 bytes, linear)
[    0.346641] TCP established hash table entries: 16384 (order: 5, 131072 bytes, linear)
[    0.346708] TCP bind hash table entries: 16384 (order: 6, 262144 bytes, linear)
[    0.346734] TCP: Hash tables configured (established 16384 bind 16384)
[    0.347441] UDP hash table entries: 1024 (order: 3, 32768 bytes, linear)
[    0.347452] UDP-Lite hash table entries: 1024 (order: 3, 32768 bytes, linear)
[    0.347490] NET: Registered protocol family 1
[    0.347498] NET: Registered protocol family 44
[    0.347521] pci 0000:00:00.0: Limiting direct PCI/PCI transfers
[    0.347534] pci 0000:00:01.0: Activating ISA DMA hang workarounds
[    0.347586] pci 0000:00:02.0: Video device with shadowed ROM at [mem 0x000c0000-0x000dffff]
[    0.347648] PCI: CLS 0 bytes, default 64
[    0.347697] Trying to unpack rootfs image as initramfs...
[    0.519478] Freeing initrd memory: 47868K
[    0.519478] clocksource: tsc: mask: 0xffffffffffffffff max_cycles: 0x1e4530a99b6, max_idle_ns: 440795257976 ns
[    0.519478] clocksource: Switched to clocksource tsc
[    0.519478] platform rtc_cmos: registered platform RTC device (no PNP device found)
[    0.519478] check: Scanning for low memory corruption every 60 seconds
[    0.519478] Initialise system trusted keyrings
[    0.519478] Key type blacklist registered
[    0.519478] workingset: timestamp_bits=36 max_order=19 bucket_order=0
[    0.530657] zbud: loaded
[    0.531014] squashfs: version 4.0 (2009/01/31) Phillip Lougher
[    0.531143] fuse: init (API version 7.31)
[    0.531160] *** VALIDATE fuse ***
[    0.531161] *** VALIDATE fuse ***
[    0.531262] Platform Keyring initialized
[    0.533917] Key type asymmetric registered
[    0.533917] Asymmetric key parser 'x509' registered
[    0.533917] Block layer SCSI generic (bsg) driver version 0.4 loaded (major 244)
[    0.533917] io scheduler mq-deadline registered
[    0.533917] shpchp: Standard Hot Plug PCI Controller Driver version: 0.4
[    0.534617] ACPI: AC Adapter [AC] (on-line)
[    0.534661] input: Power Button as /devices/LNXSYSTM:00/LNXPWRBN:00/input/input0
[    0.534691] ACPI: Power Button [PWRF]
[    0.534790] input: Sleep Button as /devices/LNXSYSTM:00/LNXSLPBN:00/input/input1
[    0.534806] ACPI: Sleep Button [SLPF]
[    0.535071] Serial: 8250/16550 driver, 32 ports, IRQ sharing enabled
[    0.536234] Linux agpgart interface v0.103
[    0.631199] loop: module loaded
[    0.631353] ata_piix 0000:00:01.1: version 2.13
[    0.631758] scsi host0: ata_piix
[    0.631864] scsi host1: ata_piix
[    0.631891] ata1: PATA max UDMA/33 cmd 0x1f0 ctl 0x3f6 bmdma 0xd000 irq 14
[    0.631892] ata2: PATA max UDMA/33 cmd 0x170 ctl 0x376 bmdma 0xd008 irq 15
[    0.631976] tun: Universal TUN/TAP device driver, 1.6
[    0.632284] PPP generic driver version 2.4.2
[    0.632326] VFIO - User Level meta-driver version: 0.3
[    0.632561] ehci_hcd: USB 2.0 'Enhanced' Host Controller (EHCI) Driver
[    0.632566] ehci-pci: EHCI PCI platform driver
[    0.632581] ehci-platform: EHCI generic platform driver
[    0.632586] ohci_hcd: USB 1.1 'Open' Host Controller (OHCI) Driver
[    0.632588] ohci-pci: OHCI PCI platform driver
[    0.632595] ohci-platform: OHCI generic platform driver
[    0.632599] uhci_hcd: USB Universal Host Controller Interface driver
[    0.632664] i8042: PNP: PS/2 Controller [PNP0303:PS2K,PNP0f03:PS2M] at 0x60,0x64 irq 1,12
[    0.633101] serio: i8042 KBD port at 0x60,0x64 irq 1
[    0.633105] serio: i8042 AUX port at 0x60,0x64 irq 12
[    0.633193] mousedev: PS/2 mouse device common for all mice
[    0.633448] input: AT Translated Set 2 keyboard as /devices/platform/i8042/serio0/input/input2
[    0.633848] rtc_cmos rtc_cmos: registered as rtc0
[    0.633861] rtc_cmos rtc_cmos: alarms up to one day, 114 bytes nvram
[    0.633866] i2c /dev entries driver
[    0.633910] device-mapper: uevent: version 1.0.3
[    0.633954] device-mapper: ioctl: 4.41.0-ioctl (2019-09-16) initialised: dm-devel@redhat.com
[    0.633969] platform eisa.0: Probing EISA bus 0
[    0.633971] platform eisa.0: EISA: Cannot allocate resource for mainboard
[    0.633972] platform eisa.0: Cannot allocate resource for EISA slot 1
[    0.633973] platform eisa.0: Cannot allocate resource for EISA slot 2
[    0.633974] platform eisa.0: Cannot allocate resource for EISA slot 3
[    0.633975] platform eisa.0: Cannot allocate resource for EISA slot 4
[    0.633976] platform eisa.0: Cannot allocate resource for EISA slot 5
[    0.633977] platform eisa.0: Cannot allocate resource for EISA slot 6
[    0.633978] platform eisa.0: Cannot allocate resource for EISA slot 7
[    0.633979] platform eisa.0: Cannot allocate resource for EISA slot 8
[    0.633980] platform eisa.0: EISA: Detected 0 cards
[    0.633982] intel_pstate: CPU model not supported
[    0.633992] ledtrig-cpu: registered to indicate activity on CPUs
[    0.634044] drop_monitor: Initializing network drop monitor service
[    0.634201] NET: Registered protocol family 10
[    0.639281] Segment Routing with IPv6
[    0.639311] fullmesh registered
[    0.639312] ndiffports registered
[    0.639314] binder registered
[    0.639314] roundrobin registered
[    0.639315] redundant registered
[    0.639315] blest registered
[    0.639316] ecf registered
[    0.639316] NET: Registered protocol family 17
[    0.639316] Key type dns_resolver registered
[    0.639316] RAS: Correctable Errors collector initialized.
[    0.639316] IPI shorthand broadcast: enabled
[    0.639316] sched_clock: Marking stable (624168872, 11147333)->(637080348, -1764143)
[    0.639521] registered taskstats version 1
[    0.639529] Loading compiled-in X.509 certificates
[    0.640132] Loaded X.509 cert 'Build time autogenerated kernel key: 6909f3744cebb3d0de528d5887b96a727de79b1e'
[    0.640151] zswap: loaded using pool lzo/zbud
[    0.640205] Key type ._fscrypt registered
[    0.640206] Key type .fscrypt registered
[    0.644651] Key type big_key registered
[    0.646854] Key type encrypted registered
[    0.646857] AppArmor: AppArmor sha1 policy hashing enabled
[    0.646863] ima: No TPM chip found, activating TPM-bypass!
[    0.646867] ima: Allocated hash algorithm: sha1
[    0.646872] ima: No architecture policies found
[    0.646881] evm: Initialising EVM extended attributes:
[    0.646882] evm: security.selinux
[    0.646882] evm: security.SMACK64
[    0.646883] evm: security.SMACK64EXEC
[    0.646883] evm: security.SMACK64TRANSMUTE
[    0.646884] evm: security.SMACK64MMAP
[    0.646884] evm: security.apparmor
[    0.646885] evm: security.ima
[    0.646885] evm: security.capability
[    0.646886] evm: HMAC attrs: 0x1
[    0.647176] PM:   Magic number: 10:829:651
[    0.647207] acpi PNP0A03:00: hash matches
[    0.647281] rtc_cmos rtc_cmos: setting system clock to 2026-01-14T21:37:37 UTC (1768426657)
[    0.804603] ata1.00: ATA-6: VBOX HARDDISK, 1.0, max UDMA/133
[    0.804607] ata1.00: 209715200 sectors, multi 128: LBA 
[    0.805423] scsi 0:0:0:0: Direct-Access     ATA      VBOX HARDDISK    1.0  PQ: 0 ANSI: 5
[    0.805840] sd 0:0:0:0: [sda] 209715200 512-byte logical blocks: (107 GB/100 GiB)
[    0.805860] sd 0:0:0:0: [sda] Write Protect is off
[    0.805865] sd 0:0:0:0: [sda] Mode Sense: 00 3a 00 00
[    0.805899] sd 0:0:0:0: [sda] Write cache: enabled, read cache: enabled, doesn't support DPO or FUA
[    0.806195] sd 0:0:0:0: Attached scsi generic sg0 type 0
[    0.807503]  sda: sda1 sda2
[    0.819513] sd 0:0:0:0: [sda] Attached SCSI disk
[    0.824783] Freeing unused decrypted memory: 2040K
[    0.826128] Freeing unused kernel image memory: 2728K
[    0.826132] Write protecting the kernel read-only data: 22528k
[    0.827615] Freeing unused kernel image memory: 2036K
[    0.828424] Freeing unused kernel image memory: 1432K
[    0.864957] x86/mm: Checked W+X mappings: passed, no W+X pages found.
[    0.864964] Run /init as init process
[    0.973961] ACPI: Video Device [GFX0] (multi-head: yes  rom: no  post: no)
[    0.974048] input: Video Bus as /devices/LNXSYSTM:00/LNXSYBUS:00/PNP0A03:00/LNXVIDEO:00/input/input4
[    0.987074] pcnet32: pcnet32.c:v1.35 21.Apr.2008 tsbogend@alpha.franken.de
[    0.987853] pcnet32: PCnet/FAST III 79C973 at 0xd020, 08:00:27:97:4f:a9 assigned IRQ 19
[    0.987896] pcnet32: Found PHY 0022:561b at address 0
[    0.988196] pcnet32: eth0: registered as PCnet/FAST III 79C973
[    0.989197] pcnet32: PCnet/FAST III 79C973 at 0xd060, 08:00:27:28:45:28 assigned IRQ 16
[    0.989240] pcnet32: Found PHY 0022:561b at address 0
[    0.989526] pcnet32: eth1: registered as PCnet/FAST III 79C973
[    0.991052] piix4_smbus 0000:00:07.0: SMBus Host Controller at 0x4100, revision 0
[    0.996217] e1000: Intel(R) PRO/1000 Network Driver - version 7.3.21-k8-NAPI
[    0.996218] e1000: Copyright (c) 1999-2006 Intel Corporation.
[    1.003038] pcnet32: 2 cards_found
[    1.059096] pcnet32 0000:00:08.0 enp0s8: renamed from eth1
[    1.059908] pcnet32 0000:00:03.0 enp0s3: renamed from eth0
[    1.205176] input: ImExPS/2 Generic Explorer Mouse as /devices/platform/i8042/serio1/input/input5
[    1.403426] e1000 0000:00:09.0 eth0: (PCI:33MHz:32-bit) 08:00:27:2a:f7:58
[    1.403429] e1000 0000:00:09.0 eth0: Intel(R) PRO/1000 Network Connection
[    1.404538] e1000 0000:00:09.0 enp0s9: renamed from eth0
[    1.555784] EXT4-fs (sda2): mounted filesystem with ordered data mode. Opts: (null)
[    1.647039] systemd[1]: Inserted module 'autofs4'
[    1.659413] systemd[1]: systemd 245.4-4ubuntu3 running in system mode. (+PAM +AUDIT +SELINUX +IMA +APPARMOR +SMACK +SYSVINIT +UTMP +LIBCRYPTSETUP +GCRYPT +GNUTLS +ACL +XZ +LZ4 +SECCOMP +BLKID +ELFUTILS +KMOD +IDN2 -IDN +PCRE2 default-hierarchy=hybrid)
[    1.659443] systemd[1]: Detected virtualization oracle.
[    1.659446] systemd[1]: Detected architecture x86-64.
[    1.660734] systemd[1]: Set hostname to <ztg>.
[    1.785391] systemd[1]: /lib/systemd/system/dbus.socket:5: ListenStream= references a path below legacy directory /var/run/, updating /var/run/dbus/system_bus_socket â†’ /run/dbus/system_bus_socket; please update the unit file accordingly.
[    1.837416] systemd[1]: Created slice system-modprobe.slice.
[    1.837594] systemd[1]: Created slice User and Session Slice.
[    1.837638] systemd[1]: Started Forward Password Requests to Wall Directory Watch.
[    1.837792] systemd[1]: Set up automount Arbitrary Executable File Formats File System Automount Point.
[    1.837824] systemd[1]: Reached target User and Group Name Lookups.
[    1.837832] systemd[1]: Reached target Remote File Systems.
[    1.837840] systemd[1]: Reached target Slices.
[    1.838387] systemd[1]: Listening on Syslog Socket.
[    1.838453] systemd[1]: Listening on fsck to fsckd communication Socket.
[    1.838490] systemd[1]: Listening on initctl Compatibility Named Pipe.
[    1.838622] systemd[1]: Listening on Journal Audit Socket.
[    1.838675] systemd[1]: Listening on Journal Socket (/dev/log).
[    1.838741] systemd[1]: Listening on Journal Socket.
[    1.838804] systemd[1]: Listening on udev Control Socket.
[    1.838842] systemd[1]: Listening on udev Kernel Socket.
[    1.839616] systemd[1]: Mounting Huge Pages File System...
[    1.840530] systemd[1]: Mounting POSIX Message Queue File System...
[    1.841375] systemd[1]: Mounting Kernel Debug File System...
[    1.842195] systemd[1]: Mounting Kernel Trace File System...
[    1.844108] systemd[1]: Starting Journal Service...
[    1.865713] systemd[1]: Starting Set the console keyboard layout...
[    1.873451] systemd[1]: Starting Create list of static device nodes for the current kernel...
[    1.875468] systemd[1]: Starting Load Kernel Module drm...
[    1.876602] systemd[1]: Condition check resulted in Set Up Additional Binary Formats being skipped.
[    1.876646] systemd[1]: Condition check resulted in File System Check on Root Device being skipped.
[    1.887849] systemd[1]: Starting Load Kernel Modules...
[    1.894855] systemd[1]: Starting Remount Root and Kernel File Systems...
[    1.902731] systemd[1]: Starting udev Coldplug all Devices...
[    1.912791] systemd[1]: Starting Uncomplicated firewall...
[    1.914286] systemd[1]: Mounted Huge Pages File System.
[    1.914375] systemd[1]: Mounted POSIX Message Queue File System.
[    1.914456] systemd[1]: Mounted Kernel Debug File System.
[    1.914530] systemd[1]: Mounted Kernel Trace File System.
[    1.920670] EXT4-fs (sda2): re-mounted. Opts: errors=remount-ro
[    1.958450] systemd[1]: Finished Create list of static device nodes for the current kernel.
[    1.959461] systemd[1]: modprobe@drm.service: Succeeded.
[    1.965383] systemd[1]: Finished Load Kernel Module drm.
[    1.965946] systemd[1]: Finished Remount Root and Kernel File Systems.
[    1.966964] systemd[1]: Finished Uncomplicated firewall.
[    1.983428] lp: driver loaded but no devices found
[    1.985087] systemd[1]: Condition check resulted in Rebuild Hardware Database being skipped.
[    1.985129] systemd[1]: Condition check resulted in Platform Persistent Storage Archival being skipped.
[    1.985753] systemd[1]: Starting Load/Save Random Seed...
[    1.990962] systemd[1]: Starting Create System Users...
[    2.000029] systemd[1]: Finished Load/Save Random Seed.
[    2.001398] ppdev: user-space parallel port driver
[    2.010320] systemd[1]: Finished Create System Users.
[    2.011054] systemd[1]: Starting Create Static Device Nodes in /dev...
[    2.036330] systemd[1]: Finished Create Static Device Nodes in /dev.
[    2.037074] systemd[1]: Starting udev Kernel Device Manager...
[    2.084417] systemd[1]: Finished udev Coldplug all Devices.
[    2.087124] [drm] DMA map mode: Caching DMA mappings.
[    2.087234] [drm] Capabilities:
[    2.087234] [drm]   Rect copy.
[    2.087235] [drm]   Cursor.
[    2.087235] [drm]   Cursor bypass.
[    2.087235] [drm]   Cursor bypass 2.
[    2.087236] [drm]   Alpha cursor.
[    2.087236] [drm]   Extended Fifo.
[    2.087236] [drm]   Pitchlock.
[    2.087237] [drm]   Irq mask.
[    2.087237] [drm]   GMR.
[    2.087237] [drm]   Traces.
[    2.087238] [drm]   GMR2.
[    2.087238] [drm]   Screen Object 2.
[    2.087238] [drm]   Command Buffers.
[    2.087239] [drm]   Command Buffers 2.
[    2.087239] [drm]   Guest Backed Resources.
[    2.087240] [drm] Max GMR ids is 8192
[    2.087240] [drm] Max number of GMR pages is 1048576
[    2.087241] [drm] Max dedicated hypervisor surface memory is 393216 kiB
[    2.087242] [drm] Maximum display memory size is 131072 kiB
[    2.087242] [drm] VRAM at 0xe0000000 size is 131072 kiB
[    2.087243] [drm] MMIO at 0xf0000000 size is 2048 kiB
[    2.088594] [TTM] Zone  kernel: Available graphics memory: 1011738 KiB
[    2.088595] [TTM] Initializing pool allocator
[    2.088598] [TTM] Initializing DMA pool allocator
[    2.088628] [drm] Supports vblank timestamp caching Rev 2 (21.10.2013).
[    2.088629] [drm] No driver support for vblank timestamp query.
[    2.088843] [drm] Screen Target Display device initialized
[    2.089041] [drm] width 720
[    2.089049] [drm] height 400
[    2.089052] [drm] bpp 32
[    2.089570] [drm] Fifo max 0x00200000 min 0x00001000 cap 0x00000355
[    2.090635] [drm] Using command buffers with DMA pool.
[    2.090640] [drm] DX: no.
[    2.090641] [drm] Atomic: yes.
[    2.090641] [drm] SM4_1: no.
[    2.090659] [drm:vmw_host_log [vmwgfx]] *ERROR* Failed to send host log message.
[    2.092026] [drm:vmw_host_log [vmwgfx]] *ERROR* Failed to send host log message.
[    2.102920] fbcon: svgadrmfb (fb0) is primary device
[    2.108150] Console: switching to colour frame buffer device 100x37
[    2.112615] [drm] Initialized vmwgfx 2.15.0 20180704 for 0000:00:02.0 on minor 0
[    2.114263] systemd[1]: Finished Load Kernel Modules.
[    2.115134] systemd[1]: Mounting FUSE Control File System...
[    2.116364] systemd[1]: Mounting Kernel Configuration File System...
[    2.155592] systemd[1]: Starting Apply Kernel Variables...
[    2.156277] systemd[1]: Mounted FUSE Control File System.
[    2.156366] systemd[1]: Mounted Kernel Configuration File System.
[    2.156425] systemd[1]: Condition check resulted in VMware vmblock fuse mount being skipped.
[    2.164040] systemd[1]: Finished Set the console keyboard layout.
[    2.164134] systemd[1]: Reached target Local File Systems (Pre).
[    2.166172] systemd[1]: Mounting Mount unit for bare, revision 5...
[    2.168092] systemd[1]: Mounting Mount unit for core18, revision 1705...
[    2.170748] systemd[1]: Mounting Mount unit for gnome-3-34-1804, revision 24...
[    2.185333] systemd[1]: Mounting Mount unit for gtk-common-themes, revision 1506...
[    2.195298] systemd[1]: Mounting Mount unit for gtk-common-themes, revision 1535...
[    2.201044] systemd[1]: Mounting Mount unit for snap-store, revision 433...
[    2.208931] systemd[1]: Mounting Mount unit for snapd, revision 7264...
[    2.240250] systemd[1]: Finished Apply Kernel Variables.
[    2.242335] systemd[1]: Mounted Mount unit for bare, revision 5.
[    2.242425] systemd[1]: Mounted Mount unit for core18, revision 1705.
[    2.242501] systemd[1]: Mounted Mount unit for gnome-3-34-1804, revision 24.
[    2.249674] systemd[1]: Mounted Mount unit for gtk-common-themes, revision 1506.
[    2.257447] systemd[1]: Started udev Kernel Device Manager.
[    2.258165] systemd[1]: Starting Show Plymouth Boot Screen...
[    2.283451] systemd[1]: Received SIGRTMIN+20 from PID 287 (plymouthd).
[    2.309663] systemd[1]: Mounted Mount unit for gtk-common-themes, revision 1535.
[    2.309936] systemd[1]: Started Show Plymouth Boot Screen.
[    2.310115] systemd[1]: Condition check resulted in Dispatch Password Requests to Console Directory Watch being skipped.
[    2.310194] systemd[1]: Started Forward Password Requests to Plymouth Directory Watch.
[    2.310261] systemd[1]: Reached target Local Encrypted Volumes.
[    2.352661] systemd[1]: Mounted Mount unit for snap-store, revision 433.
[    2.352909] systemd[1]: Mounted Mount unit for snapd, revision 7264.
[    2.353059] systemd[1]: Reached target Local File Systems.
[    2.353883] systemd[1]: Starting Load AppArmor profiles...
[    2.356058] systemd[1]: Starting Set console font and keymap...
[    2.369130] systemd[1]: Starting Tell Plymouth To Write Out Runtime Data...
[    2.370759] systemd[1]: Condition check resulted in Store a System Token in an EFI Variable being skipped.
[    2.370804] systemd[1]: Condition check resulted in Commit a transient machine-id on disk being skipped.
[    2.374591] systemd[1]: Finished Set console font and keymap.
[    2.382344] systemd[1]: Received SIGRTMIN+20 from PID 287 (plymouthd).
[    2.383484] systemd[1]: plymouth-read-write.service: Succeeded.
[    2.383711] systemd[1]: Finished Tell Plymouth To Write Out Runtime Data.
[    2.419067] audit: type=1400 audit(1768426659.268:2): apparmor="STATUS" operation="profile_load" profile="unconfined" name="nvidia_modprobe" pid=300 comm="apparmor_parser"
[    2.419069] audit: type=1400 audit(1768426659.268:3): apparmor="STATUS" operation="profile_load" profile="unconfined" name="nvidia_modprobe//kmod" pid=300 comm="apparmor_parser"
[    2.425733] audit: type=1400 audit(1768426659.272:4): apparmor="STATUS" operation="profile_load" profile="unconfined" name="/usr/sbin/tcpdump" pid=301 comm="apparmor_parser"
[    2.452900] audit: type=1400 audit(1768426659.296:5): apparmor="STATUS" operation="profile_load" profile="unconfined" name="/usr/bin/evince" pid=303 comm="apparmor_parser"
[    2.452902] audit: type=1400 audit(1768426659.296:6): apparmor="STATUS" operation="profile_load" profile="unconfined" name="/usr/bin/evince//sanitized_helper" pid=303 comm="apparmor_parser"
[    2.452904] audit: type=1400 audit(1768426659.296:7): apparmor="STATUS" operation="profile_load" profile="unconfined" name="/usr/bin/evince-previewer" pid=303 comm="apparmor_parser"
[    2.452905] audit: type=1400 audit(1768426659.296:8): apparmor="STATUS" operation="profile_load" profile="unconfined" name="/usr/bin/evince-previewer//sanitized_helper" pid=303 comm="apparmor_parser"
[    2.452906] audit: type=1400 audit(1768426659.296:9): apparmor="STATUS" operation="profile_load" profile="unconfined" name="/usr/bin/evince-thumbnailer" pid=303 comm="apparmor_parser"
[    2.488390] audit: type=1400 audit(1768426659.336:10): apparmor="STATUS" operation="profile_load" profile="unconfined" name="/usr/lib/cups/backend/cups-pdf" pid=304 comm="apparmor_parser"
[    2.545516] systemd[1]: Finished Load AppArmor profiles.
[    2.546417] systemd[1]: Starting Load AppArmor profiles managed internally by snapd...
[    2.624111] systemd[1]: Finished Load AppArmor profiles managed internally by snapd.
[    2.815613] systemd[1]: Started Journal Service.
[    2.822567] systemd-journald[229]: Received client request to flush runtime journal.
[    2.828273] systemd-journald[229]: File /var/log/journal/c455b248004a419c87ce85eea238d727/system.journal corrupted or uncleanly shut down, renaming and replacing.
[    4.082153] RAPL PMU: API unit is 2^-32 Joules, 0 fixed counters, 10737418240 ms ovfl timer
[    4.091438] cryptd: max_cpu_qlen set to 1000
[    4.098675] AVX2 version of gcm_enc/dec engaged.
[    4.098676] AES CTR mode by8 optimization enabled
[    4.989448] Adding 1998844k swap on /dev/sda1.  Priority:-2 extents:1 across:1998844k FS
[    6.300071] kauditd_printk_skb: 30 callbacks suppressed
[    6.300072] audit: type=1400 audit(1768426663.148:41): apparmor="DENIED" operation="capable" profile="/usr/sbin/cups-browsed" pid=498 comm="cups-browsed" capability=23  capname="sys_nice"
[    7.106166] pcnet32 0000:00:03.0 enp0s3: link up, 100Mbps, full-duplex
[    7.119842] pcnet32 0000:00:08.0 enp0s8: link up, 100Mbps, full-duplex
[    7.147498] e1000: enp0s9 NIC Link is Up 1000 Mbps Full Duplex, Flow Control: RX
[    7.147792] IPv6: ADDRCONF(NETDEV_CHANGE): enp0s9: link becomes ready
[    7.584442] device enp0s3 entered promiscuous mode
[    7.617670] device enp0s8 entered promiscuous mode
[    7.631234] audit: type=1400 audit(1768426664.480:42): apparmor="DENIED" operation="open" profile="/usr/sbin/tcpdump" name="/proc/sys/kernel/random/boot_id" pid=647 comm="tcpdump" requested_mask="r" denied_mask="r" fsuid=0 ouid=0
[    7.632433] audit: type=1400 audit(1768426664.484:43): apparmor="DENIED" operation="open" profile="/usr/sbin/tcpdump" name="/proc/sys/kernel/random/boot_id" pid=647 comm="tcpdump" requested_mask="r" denied_mask="r" fsuid=0 ouid=0
[    7.632812] audit: type=1400 audit(1768426664.484:44): apparmor="DENIED" operation="open" profile="/usr/sbin/tcpdump" name="/proc/sys/kernel/random/boot_id" pid=647 comm="tcpdump" requested_mask="r" denied_mask="r" fsuid=0 ouid=0
[    7.633541] audit: type=1400 audit(1768426664.484:45): apparmor="DENIED" operation="open" profile="/usr/sbin/tcpdump" name="/proc/sys/kernel/random/boot_id" pid=647 comm="tcpdump" requested_mask="r" denied_mask="r" fsuid=0 ouid=0
[    7.635036] audit: type=1400 audit(1768426664.484:46): apparmor="DENIED" operation="open" profile="/usr/sbin/tcpdump" name="/proc/sys/kernel/random/boot_id" pid=648 comm="tcpdump" requested_mask="r" denied_mask="r" fsuid=0 ouid=0
[    7.635334] audit: type=1400 audit(1768426664.484:47): apparmor="DENIED" operation="open" profile="/usr/sbin/tcpdump" name="/proc/sys/kernel/random/boot_id" pid=648 comm="tcpdump" requested_mask="r" denied_mask="r" fsuid=0 ouid=0
[    7.635374] audit: type=1400 audit(1768426664.484:48): apparmor="DENIED" operation="open" profile="/usr/sbin/tcpdump" name="/proc/sys/kernel/random/boot_id" pid=648 comm="tcpdump" requested_mask="r" denied_mask="r" fsuid=0 ouid=0
[    7.635414] audit: type=1400 audit(1768426664.484:49): apparmor="DENIED" operation="open" profile="/usr/sbin/tcpdump" name="/proc/sys/kernel/random/boot_id" pid=648 comm="tcpdump" requested_mask="r" denied_mask="r" fsuid=0 ouid=0
[    7.635544] audit: type=1400 audit(1768426664.484:50): apparmor="DENIED" operation="open" profile="/usr/sbin/tcpdump" name="/proc/sys/kernel/random/boot_id" pid=649 comm="tcpdump" requested_mask="r" denied_mask="r" fsuid=0 ouid=0
[   12.168547] rfkill: input handler disabled
[  379.815277] AAAAA-TCP_FORW: name:enp0s8: saddr:100932208: daddr:16783984
[  379.955187] AAAAA-TCP_FORW: name:enp0s8: saddr:100932208: daddr:16783984
[  380.100118] AAAAA-TCP_FORW: name:enp0s8: saddr:100932208: daddr:33561200
[  380.234088] AAAAA-TCP_FORW: name:enp0s8: saddr:100932208: daddr:33561200
[  380.331446] AAAAA-TCP_FORW: name:enp0s8: saddr:100932208: daddr:16783984
[  380.471542] AAAAA-TCP_FORW: name:enp0s8: saddr:100932208: daddr:16783984
[  380.598149] AAAAA-TCP_FORW: name:enp0s8: saddr:100932208: daddr:33561200
[  380.705982] AAAAA-TCP_FORW: name:enp0s8: saddr:100932208: daddr:33561200
[  407.513325] AAAAA-TCP_FORW: name:enp0s8: saddr:100932208: daddr:16783984
[  408.083368] AAAAA-TCP_FORW: name:enp0s8: saddr:100932208: daddr:33561200
[  408.602004] AAAAA-TCP_FORW: name:enp0s8: saddr:100932208: daddr:16783984
[  409.617582] AAAAA-TCP_FORW: name:enp0s8: saddr:100932208: daddr:33561200
[  492.879159] rfkill: input handler enabled
[  501.762676] rfkill: input handler disabled
[  663.395832] device enp0s3 left promiscuous mode
[  663.397891] device enp0s8 left promiscuous mode
