[    0.000000] Linux version 5.4.243-mptcp (root@ztg) (gcc version 12.2.0 (Debian 12.2.0-14+deb12u1)) #53 SMP Wed Dec 24 23:28:15 CST 2025
[    0.000000] Command line: BOOT_IMAGE=/boot/vmlinuz-5.4.243-mptcp root=UUID=98415a12-53b7-4144-8265-0f7ece09e445 ro quiet splash
[    0.000000] KERNEL supported cpus:
[    0.000000]   Intel GenuineIntel
[    0.000000]   AMD AuthenticAMD
[    0.000000]   Hygon HygonGenuine
[    0.000000]   Centaur CentaurHauls
[    0.000000]   zhaoxin   Shanghai  
[    0.000000] x86/fpu: Supporting XSAVE feature 0x001: 'x87 floating point registers'
[    0.000000] x86/fpu: Supporting XSAVE feature 0x002: 'SSE registers'
[    0.000000] x86/fpu: Supporting XSAVE feature 0x004: 'AVX registers'
[    0.000000] x86/fpu: xstate_offset[2]:  576, xstate_sizes[2]:  256
[    0.000000] x86/fpu: Enabled xstate features 0x7, context size is 832 bytes, using 'standard' format.
[    0.000000] BIOS-provided physical RAM map:
[    0.000000] BIOS-e820: [mem 0x0000000000000000-0x000000000009fbff] usable
[    0.000000] BIOS-e820: [mem 0x000000000009fc00-0x000000000009ffff] reserved
[    0.000000] BIOS-e820: [mem 0x00000000000f0000-0x00000000000fffff] reserved
[    0.000000] BIOS-e820: [mem 0x0000000000100000-0x000000007ffeffff] usable
[    0.000000] BIOS-e820: [mem 0x000000007fff0000-0x000000007fffffff] ACPI data
[    0.000000] BIOS-e820: [mem 0x00000000fec00000-0x00000000fec00fff] reserved
[    0.000000] BIOS-e820: [mem 0x00000000fee00000-0x00000000fee00fff] reserved
[    0.000000] BIOS-e820: [mem 0x00000000fffc0000-0x00000000ffffffff] reserved
[    0.000000] NX (Execute Disable) protection: active
[    0.000000] SMBIOS 2.5 present.
[    0.000000] DMI: innotek GmbH VirtualBox/VirtualBox, BIOS VirtualBox 12/01/2006
[    0.000000] Hypervisor detected: KVM
[    0.000000] kvm-clock: Using msrs 4b564d01 and 4b564d00
[    0.000000] kvm-clock: cpu 0, msr 1f601001, primary cpu clock
[    0.000000] kvm-clock: using sched offset of 4473001311 cycles
[    0.000003] clocksource: kvm-clock: mask: 0xffffffffffffffff max_cycles: 0x1cd42e4dffb, max_idle_ns: 881590591483 ns
[    0.000005] tsc: Detected 2100.000 MHz processor
[    0.001900] e820: update [mem 0x00000000-0x00000fff] usable ==> reserved
[    0.001902] e820: remove [mem 0x000a0000-0x000fffff] usable
[    0.001906] last_pfn = 0x7fff0 max_arch_pfn = 0x400000000
[    0.001977] MTRR default type: uncachable
[    0.001978] MTRR fixed ranges enabled:
[    0.001979]   00000-9FFFF write-back
[    0.001980]   A0000-BFFFF uncachable
[    0.001980]   C0000-FFFFF write-protect
[    0.001981] MTRR variable ranges enabled:
[    0.001983]   0 base 000000000000 mask 3FFF80000000 write-back
[    0.001983]   1 disabled
[    0.001984]   2 disabled
[    0.001984]   3 disabled
[    0.001984]   4 disabled
[    0.001985]   5 disabled
[    0.001985]   6 disabled
[    0.001986]   7 disabled
[    0.001986]   8 disabled
[    0.001987]   9 disabled
[    0.001987]   10 disabled
[    0.001987]   11 disabled
[    0.001988]   12 disabled
[    0.001988]   13 disabled
[    0.001989]   14 disabled
[    0.001989]   15 disabled
[    0.002006] x86/PAT: Configuration [0-7]: WB  WC  UC- UC  WB  WP  UC- WT  
[    0.002153] found SMP MP-table at [mem 0x0009fff0-0x0009ffff]
[    0.093502] check: Scanning 1 areas for low memory corruption
[    0.093638] RAMDISK: [mem 0x32271000-0x3512ffff]
[    0.093646] ACPI: Early table checksum verification disabled
[    0.093652] ACPI: RSDP 0x00000000000E0000 000024 (v02 VBOX  )
[    0.093657] ACPI: XSDT 0x000000007FFF0030 00003C (v01 VBOX   VBOXXSDT 00000001 ASL  00000061)
[    0.093664] ACPI: FACP 0x000000007FFF00F0 0000F4 (v04 VBOX   VBOXFACP 00000001 ASL  00000061)
[    0.093670] ACPI: DSDT 0x000000007FFF02E0 002353 (v02 VBOX   VBOXBIOS 00000002 VBOX 00029BF3)
[    0.093674] ACPI: FACS 0x000000007FFF0200 000040
[    0.093678] ACPI: FACS 0x000000007FFF0200 000040
[    0.093681] ACPI: APIC 0x000000007FFF0240 000054 (v02 VBOX   VBOXAPIC 00000001 ASL  00000061)
[    0.093685] ACPI: SSDT 0x000000007FFF02A0 000038 (v01 VBOX   VBOXCPUT 00000002 VBOX 00029BF3)
[    0.093688] ACPI: Reserving FACP table memory at [mem 0x7fff00f0-0x7fff01e3]
[    0.093689] ACPI: Reserving DSDT table memory at [mem 0x7fff02e0-0x7fff2632]
[    0.093689] ACPI: Reserving FACS table memory at [mem 0x7fff0200-0x7fff023f]
[    0.093690] ACPI: Reserving FACS table memory at [mem 0x7fff0200-0x7fff023f]
[    0.093691] ACPI: Reserving APIC table memory at [mem 0x7fff0240-0x7fff0293]
[    0.093692] ACPI: Reserving SSDT table memory at [mem 0x7fff02a0-0x7fff02d7]
[    0.093706] ACPI: Local APIC address 0xfee00000
[    0.093896] No NUMA configuration found
[    0.093897] Faking a node at [mem 0x0000000000000000-0x000000007ffeffff]
[    0.093907] NODE_DATA(0) allocated [mem 0x7ffc5000-0x7ffeffff]
[    0.094178] Zone ranges:
[    0.094179]   DMA      [mem 0x0000000000001000-0x0000000000ffffff]
[    0.094180]   DMA32    [mem 0x0000000001000000-0x000000007ffeffff]
[    0.094181]   Normal   empty
[    0.094182]   Device   empty
[    0.094182] Movable zone start for each node
[    0.094184] Early memory node ranges
[    0.094185]   node   0: [mem 0x0000000000001000-0x000000000009efff]
[    0.094186]   node   0: [mem 0x0000000000100000-0x000000007ffeffff]
[    0.094190] Zeroed struct page in unavailable ranges: 114 pages
[    0.094191] Initmem setup node 0 [mem 0x0000000000001000-0x000000007ffeffff]
[    0.094192] On node 0 totalpages: 524174
[    0.094193]   DMA zone: 64 pages used for memmap
[    0.094194]   DMA zone: 21 pages reserved
[    0.094195]   DMA zone: 3998 pages, LIFO batch:0
[    0.094267]   DMA32 zone: 8128 pages used for memmap
[    0.094268]   DMA32 zone: 520176 pages, LIFO batch:63
[    0.103697] ACPI: PM-Timer IO Port: 0x4008
[    0.103701] ACPI: Local APIC address 0xfee00000
[    0.103848] IOAPIC[0]: apic_id 1, version 32, address 0xfec00000, GSI 0-23
[    0.103851] ACPI: INT_SRC_OVR (bus 0 bus_irq 0 global_irq 2 dfl dfl)
[    0.103854] ACPI: INT_SRC_OVR (bus 0 bus_irq 9 global_irq 9 low level)
[    0.103855] ACPI: IRQ0 used by override.
[    0.103856] ACPI: IRQ9 used by override.
[    0.103859] Using ACPI (MADT) for SMP configuration information
[    0.103871] smpboot: Allowing 1 CPUs, 0 hotplug CPUs
[    0.103929] PM: Registered nosave memory: [mem 0x00000000-0x00000fff]
[    0.103931] PM: Registered nosave memory: [mem 0x0009f000-0x0009ffff]
[    0.103931] PM: Registered nosave memory: [mem 0x000a0000-0x000effff]
[    0.103932] PM: Registered nosave memory: [mem 0x000f0000-0x000fffff]
[    0.103933] [mem 0x80000000-0xfebfffff] available for PCI devices
[    0.103934] Booting paravirtualized kernel on KVM
[    0.103937] clocksource: refined-jiffies: mask: 0xffffffff max_cycles: 0xffffffff, max_idle_ns: 7645519600211568 ns
[    0.103942] setup_percpu: NR_CPUS:8192 nr_cpumask_bits:1 nr_cpu_ids:1 nr_node_ids:1
[    0.104953] percpu: Embedded 60 pages/cpu s208896 r8192 d28672 u2097152
[    0.104958] pcpu-alloc: s208896 r8192 d28672 u2097152 alloc=1*2097152
[    0.104959] pcpu-alloc: [0] 0 
[    0.105009] Built 1 zonelists, mobility grouping on.  Total pages: 515961
[    0.105010] Policy zone: DMA32
[    0.105011] Kernel command line: BOOT_IMAGE=/boot/vmlinuz-5.4.243-mptcp root=UUID=98415a12-53b7-4144-8265-0f7ece09e445 ro quiet splash
[    0.105873] Dentry cache hash table entries: 262144 (order: 9, 2097152 bytes, linear)
[    0.106024] Inode-cache hash table entries: 131072 (order: 8, 1048576 bytes, linear)
[    0.106129] mem auto-init: stack:off, heap alloc:on, heap free:off
[    0.106133] Calgary: detecting Calgary via BIOS EBDA area
[    0.106135] Calgary: Unable to locate Rio Grande table in EBDA - bailing!
[    0.110235] Memory: 1967332K/2096696K available (14339K kernel code, 2398K rwdata, 4712K rodata, 2728K init, 17260K bss, 129364K reserved, 0K cma-reserved)
[    0.111167] SLUB: HWalign=64, Order=0-3, MinObjects=0, CPUs=1, Nodes=1
[    0.111183] ftrace: allocating 43186 entries in 169 pages
[    0.129304] rcu: Hierarchical RCU implementation.
[    0.129305] rcu: 	RCU restricting CPUs from NR_CPUS=8192 to nr_cpu_ids=1.
[    0.129307] 	Tasks RCU enabled.
[    0.129308] rcu: RCU calculated value of scheduler-enlistment delay is 25 jiffies.
[    0.129308] rcu: Adjusting geometry for rcu_fanout_leaf=16, nr_cpu_ids=1
[    0.132281] NR_IRQS: 524544, nr_irqs: 256, preallocated irqs: 16
[    0.132503] random: crng init done
[    0.141804] Console: colour VGA+ 80x25
[    0.141809] printk: console [tty0] enabled
[    0.141829] ACPI: Core revision 20190816
[    0.141930] APIC: Switch to symmetric I/O mode setup
[    0.142191] x2apic enabled
[    0.142430] Switched APIC routing to physical x2apic.
[    0.143581] ..TIMER: vector=0x30 apic1=0 pin1=2 apic2=-1 pin2=-1
[    0.143605] clocksource: tsc-early: mask: 0xffffffffffffffff max_cycles: 0x1e4530a99b6, max_idle_ns: 440795257976 ns
[    0.143612] Calibrating delay loop (skipped) preset value.. 4200.00 BogoMIPS (lpj=8400000)
[    0.143614] pid_max: default: 32768 minimum: 301
[    0.143643] LSM: Security Framework initializing
[    0.143653] Yama: becoming mindful.
[    0.143678] AppArmor: AppArmor initialized
[    0.143713] Mount-cache hash table entries: 4096 (order: 3, 32768 bytes, linear)
[    0.143717] Mountpoint-cache hash table entries: 4096 (order: 3, 32768 bytes, linear)
[    0.143728] *** VALIDATE tmpfs ***
[    0.143857] *** VALIDATE proc ***
[    0.143897] *** VALIDATE cgroup1 ***
[    0.143898] *** VALIDATE cgroup2 ***
[    0.144042] process: using mwait in idle threads
[    0.144048] Last level iTLB entries: 4KB 64, 2MB 8, 4MB 8
[    0.144048] Last level dTLB entries: 4KB 64, 2MB 0, 4MB 0, 1GB 4
[    0.144070] Spectre V1 : Mitigation: usercopy/swapgs barriers and __user pointer sanitization
[    0.144075] Spectre V2 : Mitigation: Retpolines
[    0.144076] Spectre V2 : Spectre v2 / SpectreRSB mitigation: Filling RSB on context switch
[    0.144076] Spectre V2 : Spectre v2 / SpectreRSB : Filling RSB on VMEXIT
[    0.144077] RETBleed: WARNING: Spectre v2 mitigation leaves CPU vulnerable to RETBleed attacks, data leaks possible!
[    0.144431] RETBleed: Vulnerable
[    0.144431] Speculative Store Bypass: Vulnerable
[    0.144436] TAA: Mitigation: TSX disabled
[    0.144437] MMIO Stale Data: Mitigation: Clear CPU buffers
[    0.148666] Freeing SMP alternatives memory: 40K
[    0.260516] smpboot: CPU0: Intel(R) Xeon(R) Silver 4216 CPU @ 2.10GHz (family: 0x6, model: 0x55, stepping: 0x7)
[    0.260681] Performance Events: unsupported p6 CPU model 85 no PMU driver, software events only.
[    0.260723] rcu: Hierarchical SRCU implementation.
[    0.261205] NMI watchdog: Perf NMI watchdog permanently disabled
[    0.261244] smp: Bringing up secondary CPUs ...
[    0.261245] smp: Brought up 1 node, 1 CPU
[    0.261246] smpboot: Max logical packages: 1
[    0.261247] smpboot: Total of 1 processors activated (4200.00 BogoMIPS)
[    0.262217] devtmpfs: initialized
[    0.262265] x86/mm: Memory block size: 128MB
[    0.262619] clocksource: jiffies: mask: 0xffffffff max_cycles: 0xffffffff, max_idle_ns: 7645041785100000 ns
[    0.262625] futex hash table entries: 256 (order: 2, 16384 bytes, linear)
[    0.262675] pinctrl core: initialized pinctrl subsystem
[    0.262783] PM: RTC time: 20:46:36, date: 2026-01-14
[    0.262891] NET: Registered protocol family 16
[    0.262968] audit: initializing netlink subsys (disabled)
[    0.263097] EISA bus registered
[    0.263098] cpuidle: using governor ladder
[    0.263099] cpuidle: using governor menu
[    0.263136] ACPI: bus type PCI registered
[    0.263137] acpiphp: ACPI Hot Plug PCI Controller Driver version: 0.5
[    0.263255] PCI: Using configuration type 1 for base access
[    0.264164] audit: type=2000 audit(1768394802.739:1): state=initialized audit_enabled=0 res=1
[    0.264247] HugeTLB registered 2.00 MiB page size, pre-allocated 0 pages
[    0.265062] ACPI: Added _OSI(Module Device)
[    0.265062] ACPI: Added _OSI(Processor Device)
[    0.265063] ACPI: Added _OSI(3.0 _SCP Extensions)
[    0.265064] ACPI: Added _OSI(Processor Aggregator Device)
[    0.265065] ACPI: Added _OSI(Linux-Dell-Video)
[    0.265065] ACPI: Added _OSI(Linux-Lenovo-NV-HDMI-Audio)
[    0.265066] ACPI: Added _OSI(Linux-HPI-Hybrid-Graphics)
[    0.267049] ACPI: 2 ACPI AML tables successfully acquired and loaded
[    0.268624] ACPI: Interpreter enabled
[    0.268634] ACPI: (supports S0 S5)
[    0.268636] ACPI: Using IOAPIC for interrupt routing
[    0.268871] PCI: Using host bridge windows from ACPI; if necessary, use "pci=nocrs" and report a bug
[    0.268986] ACPI: Enabled 2 GPEs in block 00 to 07
[    0.274145] ACPI: PCI Root Bridge [PCI0] (domain 0000 [bus 00-ff])
[    0.274150] acpi PNP0A03:00: _OSC: OS supports [ASPM ClockPM Segments MSI HPX-Type3]
[    0.274615] acpi PNP0A03:00: _OSC: not requesting OS control; OS requires [ExtendedConfig ASPM ClockPM MSI]
[    0.274625] acpi PNP0A03:00: fail to add MMCONFIG information, can't access extended PCI configuration space under this bridge.
[    0.275834] PCI host bridge to bus 0000:00
[    0.275837] pci_bus 0000:00: root bus resource [io  0x0000-0x0cf7 window]
[    0.275838] pci_bus 0000:00: root bus resource [io  0x0d00-0xffff window]
[    0.275839] pci_bus 0000:00: root bus resource [mem 0x000a0000-0x000bffff window]
[    0.275840] pci_bus 0000:00: root bus resource [mem 0x80000000-0xfdffffff window]
[    0.275841] pci_bus 0000:00: root bus resource [bus 00-ff]
[    0.275887] pci 0000:00:00.0: [8086:1237] type 00 class 0x060000
[    0.276853] pci 0000:00:01.0: [8086:7000] type 00 class 0x060100
[    0.277609] pci 0000:00:01.1: [8086:7111] type 00 class 0x01018a
[    0.277991] pci 0000:00:01.1: reg 0x20: [io  0xd000-0xd00f]
[    0.278149] pci 0000:00:01.1: legacy IDE quirk: reg 0x10: [io  0x01f0-0x01f7]
[    0.278150] pci 0000:00:01.1: legacy IDE quirk: reg 0x14: [io  0x03f6]
[    0.278151] pci 0000:00:01.1: legacy IDE quirk: reg 0x18: [io  0x0170-0x0177]
[    0.278152] pci 0000:00:01.1: legacy IDE quirk: reg 0x1c: [io  0x0376]
[    0.278697] pci 0000:00:02.0: [15ad:0405] type 00 class 0x030000
[    0.281518] pci 0000:00:02.0: reg 0x10: [io  0xd010-0xd01f]
[    0.285580] pci 0000:00:02.0: reg 0x14: [mem 0xe0000000-0xe7ffffff pref]
[    0.287654] pci 0000:00:02.0: reg 0x18: [mem 0xf0000000-0xf01fffff]
[    0.300302] pci 0000:00:03.0: [1022:2000] type 00 class 0x020000
[    0.301117] pci 0000:00:03.0: reg 0x10: [io  0xd020-0xd03f]
[    0.301824] pci 0000:00:03.0: reg 0x14: [mem 0xf0200000-0xf0200fff]
[    0.305000] pci 0000:00:04.0: [80ee:cafe] type 00 class 0x088000
[    0.305680] pci 0000:00:04.0: reg 0x10: [io  0xd040-0xd05f]
[    0.306305] pci 0000:00:04.0: reg 0x14: [mem 0xf0400000-0xf07fffff]
[    0.307723] pci 0000:00:04.0: reg 0x18: [mem 0xf0800000-0xf0803fff pref]
[    0.311275] pci 0000:00:07.0: [8086:7113] type 00 class 0x068000
[    0.312020] pci 0000:00:07.0: quirk: [io  0x4000-0x403f] claimed by PIIX4 ACPI
[    0.312031] pci 0000:00:07.0: quirk: [io  0x4100-0x410f] claimed by PIIX4 SMB
[    0.312639] pci 0000:00:08.0: [8086:100e] type 00 class 0x020000
[    0.313362] pci 0000:00:08.0: reg 0x10: [mem 0xf0820000-0xf083ffff]
[    0.314516] pci 0000:00:08.0: reg 0x18: [io  0xd060-0xd067]
[    0.317242] pci 0000:00:09.0: [8086:100e] type 00 class 0x020000
[    0.317953] pci 0000:00:09.0: reg 0x10: [mem 0xf0840000-0xf085ffff]
[    0.319141] pci 0000:00:09.0: reg 0x18: [io  0xd068-0xd06f]
[    0.328661] ACPI: PCI Interrupt Link [LNKA] (IRQs 5 9 10 *11)
[    0.328941] ACPI: PCI Interrupt Link [LNKB] (IRQs 5 9 *10 11)
[    0.329048] ACPI: PCI Interrupt Link [LNKC] (IRQs 5 *9 10 11)
[    0.329147] ACPI: PCI Interrupt Link [LNKD] (IRQs 5 9 10 *11)
[    0.329434] iommu: Default domain type: Translated 
[    0.329505] pci 0000:00:02.0: vgaarb: setting as boot VGA device
[    0.329507] pci 0000:00:02.0: vgaarb: VGA device added: decodes=io+mem,owns=io+mem,locks=none
[    0.329509] pci 0000:00:02.0: vgaarb: bridge control possible
[    0.329510] vgaarb: loaded
[    0.331711] SCSI subsystem initialized
[    0.331744] libata version 3.00 loaded.
[    0.331769] ACPI: bus type USB registered
[    0.331786] usbcore: registered new interface driver usbfs
[    0.331791] usbcore: registered new interface driver hub
[    0.331797] usbcore: registered new device driver usb
[    0.331826] pps_core: LinuxPPS API ver. 1 registered
[    0.331826] pps_core: Software ver. 5.3.6 - Copyright 2005-2007 Rodolfo Giometti <giometti@linux.it>
[    0.331828] PTP clock support registered
[    0.331872] EDAC MC: Ver: 3.0.0
[    0.332186] PCI: Using ACPI for IRQ routing
[    0.332188] PCI: pci_cache_line_size set to 64 bytes
[    0.332358] e820: reserve RAM buffer [mem 0x0009fc00-0x0009ffff]
[    0.332362] e820: reserve RAM buffer [mem 0x7fff0000-0x7fffffff]
[    0.333186] NetLabel: Initializing
[    0.333187] NetLabel:  domain hash size = 128
[    0.333188] NetLabel:  protocols = UNLABELED CIPSOv4 CALIPSO
[    0.333209] NetLabel:  unlabeled traffic allowed by default
[    0.334140] clocksource: Switched to clocksource kvm-clock
[    0.343614] *** VALIDATE bpf ***
[    0.343614] VFS: Disk quotas dquot_6.6.0
[    0.343614] VFS: Dquot-cache hash table entries: 512 (order 0, 4096 bytes)
[    0.343614] *** VALIDATE ramfs ***
[    0.343614] *** VALIDATE hugetlbfs ***
[    0.343614] AppArmor: AppArmor Filesystem Enabled
[    0.343614] pnp: PnP ACPI init
[    0.343614] pnp 00:00: Plug and Play ACPI device, IDs PNP0303 (active)
[    0.346265] pnp 00:01: Plug and Play ACPI device, IDs PNP0f03 (active)
[    0.347027] pnp: PnP ACPI: found 2 devices
[    0.348026] thermal_sys: Registered thermal governor 'fair_share'
[    0.348027] thermal_sys: Registered thermal governor 'bang_bang'
[    0.348027] thermal_sys: Registered thermal governor 'step_wise'
[    0.348028] thermal_sys: Registered thermal governor 'user_space'
[    0.348028] thermal_sys: Registered thermal governor 'power_allocator'
[    0.352561] clocksource: acpi_pm: mask: 0xffffff max_cycles: 0xffffff, max_idle_ns: 2085701024 ns
[    0.352601] pci_bus 0000:00: resource 4 [io  0x0000-0x0cf7 window]
[    0.352603] pci_bus 0000:00: resource 5 [io  0x0d00-0xffff window]
[    0.352604] pci_bus 0000:00: resource 6 [mem 0x000a0000-0x000bffff window]
[    0.352605] pci_bus 0000:00: resource 7 [mem 0x80000000-0xfdffffff window]
[    0.352663] NET: Registered protocol family 2
[    0.352748] IP idents hash table entries: 32768 (order: 6, 262144 bytes, linear)
[    0.353152] MPTCP tokens hash table entries: 8192 (order: 4, 65536 bytes, linear)
[    0.353174] MPTCP request tokens hash table entries: 8192 (order: 4, 65536 bytes, linear)
[    0.353203] default registered
[    0.353203] default registered
[    0.353204] MPTCP: Stable release v0.96
[    0.353209] tcp_listen_portaddr_hash hash table entries: 1024 (order: 2, 16384 bytes, linear)
[    0.353289] TCP established hash table entries: 16384 (order: 5, 131072 bytes, linear)
[    0.353352] TCP bind hash table entries: 16384 (order: 6, 262144 bytes, linear)
[    0.353377] TCP: Hash tables configured (established 16384 bind 16384)
[    0.354070] UDP hash table entries: 1024 (order: 3, 32768 bytes, linear)
[    0.354082] UDP-Lite hash table entries: 1024 (order: 3, 32768 bytes, linear)
[    0.354114] NET: Registered protocol family 1
[    0.354122] NET: Registered protocol family 44
[    0.354141] pci 0000:00:00.0: Limiting direct PCI/PCI transfers
[    0.354154] pci 0000:00:01.0: Activating ISA DMA hang workarounds
[    0.354214] pci 0000:00:02.0: Video device with shadowed ROM at [mem 0x000c0000-0x000dffff]
[    0.354279] PCI: CLS 0 bytes, default 64
[    0.354327] Trying to unpack rootfs image as initramfs...
[    0.523843] Freeing initrd memory: 47868K
[    0.523843] clocksource: tsc: mask: 0xffffffffffffffff max_cycles: 0x1e4530a99b6, max_idle_ns: 440795257976 ns
[    0.523843] clocksource: Switched to clocksource tsc
[    0.523843] platform rtc_cmos: registered platform RTC device (no PNP device found)
[    0.523843] check: Scanning for low memory corruption every 60 seconds
[    0.523843] Initialise system trusted keyrings
[    0.523843] Key type blacklist registered
[    0.523843] workingset: timestamp_bits=36 max_order=19 bucket_order=0
[    0.523843] zbud: loaded
[    0.523843] squashfs: version 4.0 (2009/01/31) Phillip Lougher
[    0.523843] fuse: init (API version 7.31)
[    0.523843] *** VALIDATE fuse ***
[    0.523843] *** VALIDATE fuse ***
[    0.523843] Platform Keyring initialized
[    0.538884] Key type asymmetric registered
[    0.538885] Asymmetric key parser 'x509' registered
[    0.538896] Block layer SCSI generic (bsg) driver version 0.4 loaded (major 244)
[    0.538934] io scheduler mq-deadline registered
[    0.539058] shpchp: Standard Hot Plug PCI Controller Driver version: 0.4
[    0.539267] ACPI: AC Adapter [AC] (on-line)
[    0.539312] input: Power Button as /devices/LNXSYSTM:00/LNXPWRBN:00/input/input0
[    0.539341] ACPI: Power Button [PWRF]
[    0.539418] input: Sleep Button as /devices/LNXSYSTM:00/LNXSLPBN:00/input/input1
[    0.539432] ACPI: Sleep Button [SLPF]
[    0.539656] Serial: 8250/16550 driver, 32 ports, IRQ sharing enabled
[    0.540831] Linux agpgart interface v0.103
[    0.631192] loop: module loaded
[    0.631430] ata_piix 0000:00:01.1: version 2.13
[    0.632178] scsi host0: ata_piix
[    0.632336] scsi host1: ata_piix
[    0.632387] ata1: PATA max UDMA/33 cmd 0x1f0 ctl 0x3f6 bmdma 0xd000 irq 14
[    0.632389] ata2: PATA max UDMA/33 cmd 0x170 ctl 0x376 bmdma 0xd008 irq 15
[    0.632522] tun: Universal TUN/TAP device driver, 1.6
[    0.633093] PPP generic driver version 2.4.2
[    0.633176] VFIO - User Level meta-driver version: 0.3
[    0.633618] ehci_hcd: USB 2.0 'Enhanced' Host Controller (EHCI) Driver
[    0.633626] ehci-pci: EHCI PCI platform driver
[    0.633652] ehci-platform: EHCI generic platform driver
[    0.633663] ohci_hcd: USB 1.1 'Open' Host Controller (OHCI) Driver
[    0.633666] ohci-pci: OHCI PCI platform driver
[    0.633680] ohci-platform: OHCI generic platform driver
[    0.633689] uhci_hcd: USB Universal Host Controller Interface driver
[    0.633798] i8042: PNP: PS/2 Controller [PNP0303:PS2K,PNP0f03:PS2M] at 0x60,0x64 irq 1,12
[    0.634494] serio: i8042 KBD port at 0x60,0x64 irq 1
[    0.634501] serio: i8042 AUX port at 0x60,0x64 irq 12
[    0.634661] mousedev: PS/2 mouse device common for all mice
[    0.635131] input: AT Translated Set 2 keyboard as /devices/platform/i8042/serio0/input/input2
[    0.635858] rtc_cmos rtc_cmos: registered as rtc0
[    0.635881] rtc_cmos rtc_cmos: alarms up to one day, 114 bytes nvram
[    0.635891] i2c /dev entries driver
[    0.635963] device-mapper: uevent: version 1.0.3
[    0.636041] device-mapper: ioctl: 4.41.0-ioctl (2019-09-16) initialised: dm-devel@redhat.com
[    0.636070] platform eisa.0: Probing EISA bus 0
[    0.636073] platform eisa.0: EISA: Cannot allocate resource for mainboard
[    0.636075] platform eisa.0: Cannot allocate resource for EISA slot 1
[    0.636077] platform eisa.0: Cannot allocate resource for EISA slot 2
[    0.636079] platform eisa.0: Cannot allocate resource for EISA slot 3
[    0.636081] platform eisa.0: Cannot allocate resource for EISA slot 4
[    0.636083] platform eisa.0: Cannot allocate resource for EISA slot 5
[    0.636084] platform eisa.0: Cannot allocate resource for EISA slot 6
[    0.636086] platform eisa.0: Cannot allocate resource for EISA slot 7
[    0.636088] platform eisa.0: Cannot allocate resource for EISA slot 8
[    0.636090] platform eisa.0: EISA: Detected 0 cards
[    0.636094] intel_pstate: CPU model not supported
[    0.636109] ledtrig-cpu: registered to indicate activity on CPUs
[    0.636197] drop_monitor: Initializing network drop monitor service
[    0.636486] NET: Registered protocol family 10
[    0.643574] Segment Routing with IPv6
[    0.643574] fullmesh registered
[    0.643574] ndiffports registered
[    0.643574] binder registered
[    0.643574] roundrobin registered
[    0.643574] redundant registered
[    0.643574] blest registered
[    0.643574] ecf registered
[    0.643574] NET: Registered protocol family 17
[    0.643574] Key type dns_resolver registered
[    0.643574] RAS: Correctable Errors collector initialized.
[    0.643574] IPI shorthand broadcast: enabled
[    0.643574] sched_clock: Marking stable (628458851, 11115778)->(640952041, -1377412)
[    0.646879] registered taskstats version 1
[    0.646893] Loading compiled-in X.509 certificates
[    0.648019] Loaded X.509 cert 'Build time autogenerated kernel key: 6909f3744cebb3d0de528d5887b96a727de79b1e'
[    0.648048] zswap: loaded using pool lzo/zbud
[    0.648146] Key type ._fscrypt registered
[    0.648147] Key type .fscrypt registered
[    0.657396] Key type big_key registered
[    0.661559] Key type encrypted registered
[    0.661562] AppArmor: AppArmor sha1 policy hashing enabled
[    0.661575] ima: No TPM chip found, activating TPM-bypass!
[    0.661581] ima: Allocated hash algorithm: sha1
[    0.661589] ima: No architecture policies found
[    0.661606] evm: Initialising EVM extended attributes:
[    0.661606] evm: security.selinux
[    0.661607] evm: security.SMACK64
[    0.661608] evm: security.SMACK64EXEC
[    0.661609] evm: security.SMACK64TRANSMUTE
[    0.661610] evm: security.SMACK64MMAP
[    0.661610] evm: security.apparmor
[    0.661611] evm: security.ima
[    0.661612] evm: security.capability
[    0.661613] evm: HMAC attrs: 0x1
[    0.662078] PM:   Magic number: 10:379:801
[    0.662116] acpi PNP0F03:00: hash matches
[    0.662296] rtc_cmos rtc_cmos: setting system clock to 2026-01-14T20:46:37 UTC (1768423597)
[    0.803043] ata1.00: ATA-6: VBOX HARDDISK, 1.0, max UDMA/133
[    0.803045] ata1.00: 209715200 sectors, multi 128: LBA 
[    0.803529] scsi 0:0:0:0: Direct-Access     ATA      VBOX HARDDISK    1.0  PQ: 0 ANSI: 5
[    0.803723] sd 0:0:0:0: [sda] 209715200 512-byte logical blocks: (107 GB/100 GiB)
[    0.803731] sd 0:0:0:0: [sda] Write Protect is off
[    0.803733] sd 0:0:0:0: [sda] Mode Sense: 00 3a 00 00
[    0.803745] sd 0:0:0:0: [sda] Write cache: enabled, read cache: enabled, doesn't support DPO or FUA
[    0.803957] sd 0:0:0:0: Attached scsi generic sg0 type 0
[    0.804596]  sda: sda1 sda2
[    0.815267] sd 0:0:0:0: [sda] Attached SCSI disk
[    0.817311] Freeing unused decrypted memory: 2040K
[    0.818036] Freeing unused kernel image memory: 2728K
[    0.818038] Write protecting the kernel read-only data: 22528k
[    0.818747] Freeing unused kernel image memory: 2036K
[    0.819160] Freeing unused kernel image memory: 1432K
[    0.834372] x86/mm: Checked W+X mappings: passed, no W+X pages found.
[    0.834375] Run /init as init process
[    0.928151] ACPI: Video Device [GFX0] (multi-head: yes  rom: no  post: no)
[    0.928223] input: Video Bus as /devices/LNXSYSTM:00/LNXSYBUS:00/PNP0A03:00/LNXVIDEO:00/input/input4
[    0.939759] pcnet32: pcnet32.c:v1.35 21.Apr.2008 tsbogend@alpha.franken.de
[    0.941441] piix4_smbus 0000:00:07.0: SMBus Host Controller at 0x4100, revision 0
[    0.943928] e1000: Intel(R) PRO/1000 Network Driver - version 7.3.21-k8-NAPI
[    0.943929] e1000: Copyright (c) 1999-2006 Intel Corporation.
[    0.949475] pcnet32: PCnet/FAST III 79C973 at 0xd020, 08:00:27:d4:cb:68 assigned IRQ 19
[    0.949521] pcnet32: Found PHY 0022:561b at address 0
[    0.949821] pcnet32: eth0: registered as PCnet/FAST III 79C973
[    0.959400] pcnet32: 1 cards_found
[    1.012364] pcnet32 0000:00:03.0 enp0s3: renamed from eth0
[    1.164149] input: ImExPS/2 Generic Explorer Mouse as /devices/platform/i8042/serio1/input/input5
[    1.355356] e1000 0000:00:08.0 eth0: (PCI:33MHz:32-bit) 08:00:27:32:3c:24
[    1.355360] e1000 0000:00:08.0 eth0: Intel(R) PRO/1000 Network Connection
[    1.727465] e1000 0000:00:09.0 eth1: (PCI:33MHz:32-bit) 08:00:27:35:bb:4b
[    1.727478] e1000 0000:00:09.0 eth1: Intel(R) PRO/1000 Network Connection
[    1.728610] e1000 0000:00:09.0 enp0s9: renamed from eth1
[    1.730566] e1000 0000:00:08.0 enp0s8: renamed from eth0
[    1.876239] EXT4-fs (sda2): mounted filesystem with ordered data mode. Opts: (null)
[    1.961784] systemd[1]: Inserted module 'autofs4'
[    1.971608] systemd[1]: systemd 245.4-4ubuntu3 running in system mode. (+PAM +AUDIT +SELINUX +IMA +APPARMOR +SMACK +SYSVINIT +UTMP +LIBCRYPTSETUP +GCRYPT +GNUTLS +ACL +XZ +LZ4 +SECCOMP +BLKID +ELFUTILS +KMOD +IDN2 -IDN +PCRE2 default-hierarchy=hybrid)
[    1.971640] systemd[1]: Detected virtualization oracle.
[    1.971645] systemd[1]: Detected architecture x86-64.
[    1.972912] systemd[1]: Set hostname to <ztg>.
[    2.094164] systemd[1]: /lib/systemd/system/dbus.socket:5: ListenStream= references a path below legacy directory /var/run/, updating /var/run/dbus/system_bus_socket â†’ /run/dbus/system_bus_socket; please update the unit file accordingly.
[    2.145678] systemd[1]: Created slice system-modprobe.slice.
[    2.145860] systemd[1]: Created slice User and Session Slice.
[    2.145901] systemd[1]: Started Forward Password Requests to Wall Directory Watch.
[    2.146057] systemd[1]: Set up automount Arbitrary Executable File Formats File System Automount Point.
[    2.146089] systemd[1]: Reached target User and Group Name Lookups.
[    2.146097] systemd[1]: Reached target Remote File Systems.
[    2.146104] systemd[1]: Reached target Slices.
[    2.146577] systemd[1]: Listening on Syslog Socket.
[    2.146641] systemd[1]: Listening on fsck to fsckd communication Socket.
[    2.146677] systemd[1]: Listening on initctl Compatibility Named Pipe.
[    2.146813] systemd[1]: Listening on Journal Audit Socket.
[    2.146864] systemd[1]: Listening on Journal Socket (/dev/log).
[    2.146931] systemd[1]: Listening on Journal Socket.
[    2.146993] systemd[1]: Listening on udev Control Socket.
[    2.147033] systemd[1]: Listening on udev Kernel Socket.
[    2.147796] systemd[1]: Mounting Huge Pages File System...
[    2.148719] systemd[1]: Mounting POSIX Message Queue File System...
[    2.149572] systemd[1]: Mounting Kernel Debug File System...
[    2.150383] systemd[1]: Mounting Kernel Trace File System...
[    2.152284] systemd[1]: Starting Journal Service...
[    2.174111] systemd[1]: Starting Set the console keyboard layout...
[    2.181908] systemd[1]: Starting Create list of static device nodes for the current kernel...
[    2.184081] systemd[1]: Starting Load Kernel Module drm...
[    2.185135] systemd[1]: Condition check resulted in Set Up Additional Binary Formats being skipped.
[    2.185177] systemd[1]: Condition check resulted in File System Check on Root Device being skipped.
[    2.196503] systemd[1]: Starting Load Kernel Modules...
[    2.203077] systemd[1]: Starting Remount Root and Kernel File Systems...
[    2.213353] systemd[1]: Starting udev Coldplug all Devices...
[    2.224576] systemd[1]: Starting Uncomplicated firewall...
[    2.227321] EXT4-fs (sda2): re-mounted. Opts: errors=remount-ro
[    2.251544] systemd[1]: Mounted Huge Pages File System.
[    2.251630] systemd[1]: Mounted POSIX Message Queue File System.
[    2.251700] systemd[1]: Mounted Kernel Debug File System.
[    2.251767] systemd[1]: Mounted Kernel Trace File System.
[    2.254134] systemd[1]: Finished Create list of static device nodes for the current kernel.
[    2.254377] systemd[1]: modprobe@drm.service: Succeeded.
[    2.260520] systemd[1]: Finished Load Kernel Module drm.
[    2.261127] systemd[1]: Finished Remount Root and Kernel File Systems.
[    2.276617] systemd[1]: Finished Uncomplicated firewall.
[    2.292592] lp: driver loaded but no devices found
[    2.295138] systemd[1]: Condition check resulted in Rebuild Hardware Database being skipped.
[    2.295176] systemd[1]: Condition check resulted in Platform Persistent Storage Archival being skipped.
[    2.295791] systemd[1]: Starting Load/Save Random Seed...
[    2.300957] systemd[1]: Starting Create System Users...
[    2.306801] ppdev: user-space parallel port driver
[    2.318169] systemd[1]: Finished Load/Save Random Seed.
[    2.319792] systemd[1]: Finished Create System Users.
[    2.320464] systemd[1]: Starting Create Static Device Nodes in /dev...
[    2.336100] systemd[1]: Finished Create Static Device Nodes in /dev.
[    2.336849] systemd[1]: Starting udev Kernel Device Manager...
[    2.388214] systemd[1]: Finished udev Coldplug all Devices.
[    2.392769] [drm] DMA map mode: Caching DMA mappings.
[    2.392832] [drm] Capabilities:
[    2.392833] [drm]   Rect copy.
[    2.392833] [drm]   Cursor.
[    2.392834] [drm]   Cursor bypass.
[    2.392834] [drm]   Cursor bypass 2.
[    2.392834] [drm]   Alpha cursor.
[    2.392835] [drm]   Extended Fifo.
[    2.392835] [drm]   Pitchlock.
[    2.392836] [drm]   Irq mask.
[    2.392836] [drm]   GMR.
[    2.392836] [drm]   Traces.
[    2.392837] [drm]   GMR2.
[    2.392837] [drm]   Screen Object 2.
[    2.392837] [drm]   Command Buffers.
[    2.392838] [drm]   Command Buffers 2.
[    2.392838] [drm]   Guest Backed Resources.
[    2.392839] [drm] Max GMR ids is 8192
[    2.392839] [drm] Max number of GMR pages is 1048576
[    2.392840] [drm] Max dedicated hypervisor surface memory is 393216 kiB
[    2.392841] [drm] Maximum display memory size is 131072 kiB
[    2.392841] [drm] VRAM at 0xe0000000 size is 131072 kiB
[    2.392842] [drm] MMIO at 0xf0000000 size is 2048 kiB
[    2.393930] [TTM] Zone  kernel: Available graphics memory: 1011738 KiB
[    2.393931] [TTM] Initializing pool allocator
[    2.393934] [TTM] Initializing DMA pool allocator
[    2.393961] [drm] Supports vblank timestamp caching Rev 2 (21.10.2013).
[    2.393961] [drm] No driver support for vblank timestamp query.
[    2.394200] [drm] Screen Target Display device initialized
[    2.394379] [drm] width 720
[    2.394388] [drm] height 400
[    2.394392] [drm] bpp 32
[    2.394943] [drm] Fifo max 0x00200000 min 0x00001000 cap 0x00000355
[    2.396901] [drm] Using command buffers with DMA pool.
[    2.396905] [drm] DX: no.
[    2.396905] [drm] Atomic: yes.
[    2.396906] [drm] SM4_1: no.
[    2.396924] [drm:vmw_host_log [vmwgfx]] *ERROR* Failed to send host log message.
[    2.397820] [drm:vmw_host_log [vmwgfx]] *ERROR* Failed to send host log message.
[    2.408769] fbcon: svgadrmfb (fb0) is primary device
[    2.411482] Console: switching to colour frame buffer device 100x37
[    2.419916] [drm] Initialized vmwgfx 2.15.0 20180704 for 0000:00:02.0 on minor 0
[    2.420828] systemd[1]: Finished Load Kernel Modules.
[    2.421743] systemd[1]: Mounting FUSE Control File System...
[    2.422881] systemd[1]: Mounting Kernel Configuration File System...
[    2.447854] systemd[1]: Starting Apply Kernel Variables...
[    2.465140] systemd[1]: Mounted FUSE Control File System.
[    2.465204] systemd[1]: Condition check resulted in VMware vmblock fuse mount being skipped.
[    2.466527] systemd[1]: Mounted Kernel Configuration File System.
[    2.476634] systemd[1]: Finished Set the console keyboard layout.
[    2.476736] systemd[1]: Reached target Local File Systems (Pre).
[    2.479504] systemd[1]: Mounting Mount unit for bare, revision 5...
[    2.488887] systemd[1]: Mounting Mount unit for core18, revision 1705...
[    2.490205] systemd[1]: Mounting Mount unit for gnome-3-34-1804, revision 24...
[    2.492796] systemd[1]: Mounting Mount unit for gtk-common-themes, revision 1506...
[    2.519405] systemd[1]: Mounting Mount unit for gtk-common-themes, revision 1535...
[    2.527302] systemd[1]: Mounting Mount unit for snap-store, revision 433...
[    2.532041] systemd[1]: Mounting Mount unit for snapd, revision 25935...
[    2.546990] systemd[1]: Finished Apply Kernel Variables.
[    2.549030] systemd[1]: Mounted Mount unit for bare, revision 5.
[    2.549114] systemd[1]: Mounted Mount unit for gnome-3-34-1804, revision 24.
[    2.569723] systemd[1]: Mounted Mount unit for core18, revision 1705.
[    2.575778] systemd[1]: Mounted Mount unit for gtk-common-themes, revision 1506.
[    2.579234] systemd[1]: Started udev Kernel Device Manager.
[    2.579905] systemd[1]: Starting Show Plymouth Boot Screen...
[    2.583547] systemd[1]: Received SIGRTMIN+20 from PID 281 (plymouthd).
[    2.607067] systemd[1]: Started Show Plymouth Boot Screen.
[    2.607212] systemd[1]: Condition check resulted in Dispatch Password Requests to Console Directory Watch being skipped.
[    2.607298] systemd[1]: Started Forward Password Requests to Plymouth Directory Watch.
[    2.607347] systemd[1]: Reached target Local Encrypted Volumes.
[    2.626183] systemd[1]: Mounted Mount unit for gtk-common-themes, revision 1535.
[    2.626401] systemd[1]: Mounted Mount unit for snap-store, revision 433.
[    2.626572] systemd[1]: Mounted Mount unit for snapd, revision 25935.
[    2.626716] systemd[1]: Reached target Local File Systems.
[    2.641366] systemd[1]: Starting Load AppArmor profiles...
[    2.644089] systemd[1]: Starting Set console font and keymap...
[    2.655151] systemd[1]: Starting Tell Plymouth To Write Out Runtime Data...
[    2.656854] systemd[1]: Condition check resulted in Store a System Token in an EFI Variable being skipped.
[    2.656905] systemd[1]: Condition check resulted in Commit a transient machine-id on disk being skipped.
[    2.660600] systemd[1]: Finished Set console font and keymap.
[    2.668233] systemd[1]: Received SIGRTMIN+20 from PID 281 (plymouthd).
[    2.669395] systemd[1]: plymouth-read-write.service: Succeeded.
[    2.669628] systemd[1]: Finished Tell Plymouth To Write Out Runtime Data.
[    2.689837] audit: type=1400 audit(1768423599.524:2): apparmor="STATUS" operation="profile_load" profile="unconfined" name="nvidia_modprobe" pid=300 comm="apparmor_parser"
[    2.689839] audit: type=1400 audit(1768423599.524:3): apparmor="STATUS" operation="profile_load" profile="unconfined" name="nvidia_modprobe//kmod" pid=300 comm="apparmor_parser"
[    2.711974] audit: type=1400 audit(1768423599.548:4): apparmor="STATUS" operation="profile_load" profile="unconfined" name="/usr/sbin/tcpdump" pid=301 comm="apparmor_parser"
[    2.737846] audit: type=1400 audit(1768423599.564:5): apparmor="STATUS" operation="profile_load" profile="unconfined" name="/usr/bin/evince" pid=303 comm="apparmor_parser"
[    2.737848] audit: type=1400 audit(1768423599.564:6): apparmor="STATUS" operation="profile_load" profile="unconfined" name="/usr/bin/evince//sanitized_helper" pid=303 comm="apparmor_parser"
[    2.737850] audit: type=1400 audit(1768423599.564:7): apparmor="STATUS" operation="profile_load" profile="unconfined" name="/usr/bin/evince-previewer" pid=303 comm="apparmor_parser"
[    2.737851] audit: type=1400 audit(1768423599.564:8): apparmor="STATUS" operation="profile_load" profile="unconfined" name="/usr/bin/evince-previewer//sanitized_helper" pid=303 comm="apparmor_parser"
[    2.737853] audit: type=1400 audit(1768423599.564:9): apparmor="STATUS" operation="profile_load" profile="unconfined" name="/usr/bin/evince-thumbnailer" pid=303 comm="apparmor_parser"
[    2.769075] audit: type=1400 audit(1768423599.604:10): apparmor="STATUS" operation="profile_load" profile="unconfined" name="/usr/lib/cups/backend/cups-pdf" pid=304 comm="apparmor_parser"
[    2.831569] systemd[1]: Finished Load AppArmor profiles.
[    2.832471] systemd[1]: Starting Load AppArmor profiles managed internally by snapd...
[    2.954686] systemd[1]: Finished Load AppArmor profiles managed internally by snapd.
[    3.132059] systemd[1]: Started Journal Service.
[    3.141452] systemd-journald[229]: Received client request to flush runtime journal.
[    3.143924] systemd-journald[229]: File /var/log/journal/c455b248004a419c87ce85eea238d727/system.journal corrupted or uncleanly shut down, renaming and replacing.
[    4.380150] RAPL PMU: API unit is 2^-32 Joules, 0 fixed counters, 10737418240 ms ovfl timer
[    4.415611] cryptd: max_cpu_qlen set to 1000
[    4.538934] AVX2 version of gcm_enc/dec engaged.
[    4.538935] AES CTR mode by8 optimization enabled
[    6.291821] Adding 1998844k swap on /dev/sda1.  Priority:-2 extents:1 across:1998844k FS
[    7.560352] kauditd_printk_skb: 30 callbacks suppressed
[    7.560353] audit: type=1400 audit(1768423604.392:41): apparmor="DENIED" operation="capable" profile="/usr/sbin/cups-browsed" pid=506 comm="cups-browsed" capability=23  capname="sys_nice"
[    8.702965] pcnet32 0000:00:03.0 enp0s3: link up, 100Mbps, full-duplex
[    8.747635] e1000: enp0s8 NIC Link is Up 1000 Mbps Full Duplex, Flow Control: RX
[    8.747915] IPv6: ADDRCONF(NETDEV_CHANGE): enp0s8: link becomes ready
[    8.769978] e1000: enp0s9 NIC Link is Up 1000 Mbps Full Duplex, Flow Control: RX
[    8.770281] IPv6: ADDRCONF(NETDEV_CHANGE): enp0s9: link becomes ready
[    9.422514] device enp0s3 entered promiscuous mode
[    9.450169] audit: type=1400 audit(1768423606.284:42): apparmor="DENIED" operation="open" profile="/usr/sbin/tcpdump" name="/proc/sys/kernel/random/boot_id" pid=657 comm="tcpdump" requested_mask="r" denied_mask="r" fsuid=0 ouid=0
[    9.452412] audit: type=1400 audit(1768423606.284:43): apparmor="DENIED" operation="open" profile="/usr/sbin/tcpdump" name="/proc/sys/kernel/random/boot_id" pid=657 comm="tcpdump" requested_mask="r" denied_mask="r" fsuid=0 ouid=0
[    9.452465] audit: type=1400 audit(1768423606.284:44): apparmor="DENIED" operation="open" profile="/usr/sbin/tcpdump" name="/proc/sys/kernel/random/boot_id" pid=657 comm="tcpdump" requested_mask="r" denied_mask="r" fsuid=0 ouid=0
[    9.452578] audit: type=1400 audit(1768423606.284:45): apparmor="DENIED" operation="open" profile="/usr/sbin/tcpdump" name="/proc/sys/kernel/random/boot_id" pid=657 comm="tcpdump" requested_mask="r" denied_mask="r" fsuid=0 ouid=0
[    9.456859] audit: type=1400 audit(1768423606.292:46): apparmor="DENIED" operation="open" profile="/usr/sbin/tcpdump" name="/proc/sys/kernel/random/boot_id" pid=658 comm="tcpdump" requested_mask="r" denied_mask="r" fsuid=0 ouid=0
[    9.457191] audit: type=1400 audit(1768423606.292:47): apparmor="DENIED" operation="open" profile="/usr/sbin/tcpdump" name="/proc/sys/kernel/random/boot_id" pid=658 comm="tcpdump" requested_mask="r" denied_mask="r" fsuid=0 ouid=0
[    9.457233] audit: type=1400 audit(1768423606.292:48): apparmor="DENIED" operation="open" profile="/usr/sbin/tcpdump" name="/proc/sys/kernel/random/boot_id" pid=658 comm="tcpdump" requested_mask="r" denied_mask="r" fsuid=0 ouid=0
[    9.457288] audit: type=1400 audit(1768423606.292:49): apparmor="DENIED" operation="open" profile="/usr/sbin/tcpdump" name="/proc/sys/kernel/random/boot_id" pid=658 comm="tcpdump" requested_mask="r" denied_mask="r" fsuid=0 ouid=0
[   15.600236] rfkill: input handler disabled
[  174.810543] AAAAA-TCP_FORW: name:enp0s3: saddr:100932208: daddr:16783984
[  176.415143] AAAAA-TCP_FORW: name:enp0s3: saddr:100932208: daddr:16783984
[  177.077223] AAAAA-TCP_FORW: name:enp0s3: saddr:100932208: daddr:16783984
[  177.413423] AAAAA-TCP_FORW: name:enp0s3: saddr:100932208: daddr:16783984
[  177.573791] AAAAA-TCP_FORW: name:enp0s3: saddr:100932208: daddr:16783984
[  177.663549] AAAAA-TCP_FORW: name:enp0s3: saddr:100932208: daddr:16783984
[  205.917321] AAAAA-TCP_FORW: name:enp0s3: saddr:33561200: daddr:100932208
[  206.106496] AAAAA-TCP_FORW: name:enp0s3: saddr:33561200: daddr:100932208
[  206.186434] AAAAA-TCP_FORW: name:enp0s3: saddr:33561200: daddr:100932208
[  206.337272] AAAAA-TCP_FORW: name:enp0s3: saddr:33561200: daddr:100932208
[  206.393131] AAAAA-TCP_FORW: name:enp0s3: saddr:33561200: daddr:100932208
[  206.512478] AAAAA-TCP_FORW: name:enp0s3: saddr:33561200: daddr:100932208
[  206.635126] AAAAA-TCP_FORW: name:enp0s3: saddr:33561200: daddr:100932208
[  206.799836] AAAAA-TCP_FORW: name:enp0s3: saddr:33561200: daddr:100932208
[  206.954372] AAAAA-TCP_FORW: name:enp0s3: saddr:33561200: daddr:100932208
[  207.145371] AAAAA-TCP_FORW: name:enp0s3: saddr:16783984: daddr:100932208
[  207.412084] AAAAA-TCP_FORW: name:enp0s3: saddr:16783984: daddr:100932208
[  207.552713] AAAAA-TCP_FORW: name:enp0s3: saddr:16783984: daddr:100932208
[  207.673698] AAAAA-TCP_FORW: name:enp0s3: saddr:16783984: daddr:100932208
[  207.949439] AAAAA-TCP_FORW: name:enp0s3: saddr:16783984: daddr:100932208
[  208.124434] AAAAA-TCP_FORW: name:enp0s3: saddr:16783984: daddr:100932208
[  208.250180] AAAAA-TCP_FORW: name:enp0s3: saddr:16783984: daddr:100932208
[  208.374601] AAAAA-TCP_FORW: name:enp0s3: saddr:16783984: daddr:100932208
[  208.526577] AAAAA-TCP_FORW: name:enp0s3: saddr:16783984: daddr:100932208
[  208.789706] AAAAA-TCP_FORW: name:enp0s3: saddr:16783984: daddr:100932208
[  208.914791] AAAAA-TCP_FORW: name:enp0s3: saddr:16783984: daddr:100932208
[  209.009890] AAAAA-TCP_FORW: name:enp0s3: saddr:16783984: daddr:100932208
[  209.202986] AAAAA-TCP_FORW: name:enp0s3: saddr:16783984: daddr:100932208
[  209.370909] AAAAA-TCP_FORW: name:enp0s3: saddr:16783984: daddr:100932208
[  209.539576] AAAAA-TCP_FORW: name:enp0s3: saddr:16783984: daddr:100932208
[  209.765744] AAAAA-TCP_FORW: name:enp0s3: saddr:16783984: daddr:100932208
[  209.893227] AAAAA-TCP_FORW: name:enp0s3: saddr:16783984: daddr:100932208
[  209.972200] AAAAA-TCP_FORW: name:enp0s3: saddr:16783984: daddr:100932208
[  210.102775] AAAAA-TCP_FORW: name:enp0s3: saddr:16783984: daddr:100932208
[  210.188289] AAAAA-TCP_FORW: name:enp0s3: saddr:16783984: daddr:100932208
[  210.304059] AAAAA-TCP_FORW: name:enp0s3: saddr:16783984: daddr:100932208
[  210.345335] AAAAA-TCP_FORW: name:enp0s3: saddr:16783984: daddr:100932208
[  210.631300] AAAAA-TCP_FORW: name:enp0s3: saddr:16783984: daddr:100932208
[  210.776516] AAAAA-TCP_FORW: name:enp0s3: saddr:16783984: daddr:100932208
[  210.874238] AAAAA-TCP_FORW: name:enp0s3: saddr:33561200: daddr:100932208
[  210.963763] AAAAA-TCP_FORW: name:enp0s3: saddr:33561200: daddr:100932208
[  211.045758] AAAAA-TCP_FORW: name:enp0s3: saddr:33561200: daddr:100932208
[  211.189329] AAAAA-TCP_FORW: name:enp0s3: saddr:16783984: daddr:100932208
[  211.271176] AAAAA-TCP_FORW: name:enp0s3: saddr:33561200: daddr:100932208
[  211.378578] AAAAA-TCP_FORW: name:enp0s3: saddr:33561200: daddr:100932208
[  211.476466] AAAAA-TCP_FORW: name:enp0s3: saddr:33561200: daddr:100932208
[  211.587363] AAAAA-TCP_FORW: name:enp0s3: saddr:33561200: daddr:100932208
[  211.659183] AAAAA-TCP_FORW: name:enp0s3: saddr:33561200: daddr:100932208
[  211.796738] AAAAA-TCP_FORW: name:enp0s3: saddr:33561200: daddr:100932208
[  211.888669] AAAAA-TCP_FORW: name:enp0s3: saddr:33561200: daddr:100932208
[  211.979945] AAAAA-TCP_FORW: name:enp0s3: saddr:33561200: daddr:100932208
[  212.076847] AAAAA-TCP_FORW: name:enp0s3: saddr:33561200: daddr:100932208
[  212.355451] AAAAA-TCP_FORW: name:enp0s3: saddr:16783984: daddr:100932208
[  212.476428] AAAAA-TCP_FORW: name:enp0s3: saddr:16783984: daddr:100932208
[  212.575523] AAAAA-TCP_FORW: name:enp0s3: saddr:16783984: daddr:100932208
[  212.663614] AAAAA-TCP_FORW: name:enp0s3: saddr:16783984: daddr:100932208
[  212.766363] AAAAA-TCP_FORW: name:enp0s3: saddr:16783984: daddr:100932208
[  212.872070] AAAAA-TCP_FORW: name:enp0s3: saddr:16783984: daddr:100932208
[  212.980650] AAAAA-TCP_FORW: name:enp0s3: saddr:16783984: daddr:100932208
[  213.092783] AAAAA-TCP_FORW: name:enp0s3: saddr:16783984: daddr:100932208
[  213.173981] AAAAA-TCP_FORW: name:enp0s3: saddr:16783984: daddr:100932208
[  213.432984] AAAAA-TCP_FORW: name:enp0s3: saddr:16783984: daddr:100932208
[  213.602226] AAAAA-TCP_FORW: name:enp0s3: saddr:16783984: daddr:100932208
[  213.698879] AAAAA-TCP_FORW: name:enp0s3: saddr:16783984: daddr:100932208
[  213.786556] AAAAA-TCP_FORW: name:enp0s3: saddr:16783984: daddr:100932208
[  213.874656] AAAAA-TCP_FORW: name:enp0s3: saddr:16783984: daddr:100932208
[  213.944770] AAAAA-TCP_FORW: name:enp0s3: saddr:16783984: daddr:100932208
[  214.015421] AAAAA-TCP_FORW: name:enp0s3: saddr:16783984: daddr:100932208
[  214.069829] AAAAA-TCP_FORW: name:enp0s3: saddr:16783984: daddr:100932208
[  214.198446] AAAAA-TCP_FORW: name:enp0s3: saddr:16783984: daddr:100932208
[  214.331650] AAAAA-TCP_FORW: name:enp0s3: saddr:33561200: daddr:100932208
[  214.396159] AAAAA-TCP_FORW: name:enp0s3: saddr:33561200: daddr:100932208
[  214.490788] AAAAA-TCP_FORW: name:enp0s3: saddr:33561200: daddr:100932208
[  234.889897] AAAAA-TCP_FORW: name:enp0s3: saddr:16783984: daddr:100932208
[  234.960738] AAAAA-TCP_FORW: name:enp0s3: saddr:16783984: daddr:100932208
[  235.175333] AAAAA-TCP_FORW: name:enp0s3: saddr:16783984: daddr:100932208
[  235.372871] AAAAA-TCP_FORW: name:enp0s3: saddr:16783984: daddr:100932208
[  235.460470] AAAAA-TCP_FORW: name:enp0s3: saddr:16783984: daddr:100932208
[  235.616455] AAAAA-TCP_FORW: name:enp0s3: saddr:16783984: daddr:100932208
[  235.707494] AAAAA-TCP_FORW: name:enp0s3: saddr:16783984: daddr:100932208
[  235.775481] AAAAA-TCP_FORW: name:enp0s3: saddr:16783984: daddr:100932208
[  235.873832] AAAAA-TCP_FORW: name:enp0s3: saddr:16783984: daddr:100932208
[  235.953851] AAAAA-TCP_FORW: name:enp0s3: saddr:16783984: daddr:100932208
[  236.126787] AAAAA-TCP_FORW: name:enp0s3: saddr:16783984: daddr:100932208
[  236.250536] AAAAA-TCP_FORW: name:enp0s3: saddr:33561200: daddr:100932208
[  236.462269] AAAAA-TCP_FORW: name:enp0s3: saddr:33561200: daddr:100932208
[  236.571693] AAAAA-TCP_FORW: name:enp0s3: saddr:33561200: daddr:100932208
[  237.334732] AAAAA-TCP_FORW: name:enp0s3: saddr:16783984: daddr:100932208
[  237.444359] AAAAA-TCP_FORW: name:enp0s3: saddr:16783984: daddr:100932208
[  237.514894] AAAAA-TCP_FORW: name:enp0s3: saddr:16783984: daddr:100932208
[  237.571133] AAAAA-TCP_FORW: name:enp0s3: saddr:16783984: daddr:100932208
[  237.659194] AAAAA-TCP_FORW: name:enp0s3: saddr:16783984: daddr:100932208
[  237.758807] AAAAA-TCP_FORW: name:enp0s3: saddr:16783984: daddr:100932208
[  237.852415] AAAAA-TCP_FORW: name:enp0s3: saddr:16783984: daddr:100932208
[  237.953379] AAAAA-TCP_FORW: name:enp0s3: saddr:16783984: daddr:100932208
[  238.008855] AAAAA-TCP_FORW: name:enp0s3: saddr:16783984: daddr:100932208
[  238.141418] AAAAA-TCP_FORW: name:enp0s3: saddr:16783984: daddr:100932208
[  238.255813] AAAAA-TCP_FORW: name:enp0s3: saddr:16783984: daddr:100932208
[  238.341496] AAAAA-TCP_FORW: name:enp0s3: saddr:16783984: daddr:100932208
[  238.436867] AAAAA-TCP_FORW: name:enp0s3: saddr:16783984: daddr:100932208
[  238.514906] AAAAA-TCP_FORW: name:enp0s3: saddr:33561200: daddr:100932208
[  238.629083] AAAAA-TCP_FORW: name:enp0s3: saddr:33561200: daddr:100932208
[  238.710975] AAAAA-TCP_FORW: name:enp0s3: saddr:33561200: daddr:100932208
[  238.795003] AAAAA-TCP_FORW: name:enp0s3: saddr:33561200: daddr:100932208
[  238.872638] AAAAA-TCP_FORW: name:enp0s3: saddr:16783984: daddr:100932208
[  239.029683] AAAAA-TCP_FORW: name:enp0s3: saddr:16783984: daddr:100932208
[  239.114347] AAAAA-TCP_FORW: name:enp0s3: saddr:16783984: daddr:100932208
[  239.241817] AAAAA-TCP_FORW: name:enp0s3: saddr:16783984: daddr:100932208
[  239.328378] AAAAA-TCP_FORW: name:enp0s3: saddr:16783984: daddr:100932208
[  239.479810] AAAAA-TCP_FORW: name:enp0s3: saddr:16783984: daddr:100932208
[  239.573041] AAAAA-TCP_FORW: name:enp0s3: saddr:16783984: daddr:100932208
[  239.658665] AAAAA-TCP_FORW: name:enp0s3: saddr:16783984: daddr:100932208
[  239.723066] AAAAA-TCP_FORW: name:enp0s3: saddr:16783984: daddr:100932208
[  239.844881] AAAAA-TCP_FORW: name:enp0s3: saddr:16783984: daddr:100932208
[  239.944816] AAAAA-TCP_FORW: name:enp0s3: saddr:16783984: daddr:100932208
[  240.032604] AAAAA-TCP_FORW: name:enp0s3: saddr:16783984: daddr:100932208
[  240.112787] AAAAA-TCP_FORW: name:enp0s3: saddr:16783984: daddr:100932208
[  240.199666] AAAAA-TCP_FORW: name:enp0s3: saddr:33561200: daddr:100932208
[  240.275681] AAAAA-TCP_FORW: name:enp0s3: saddr:33561200: daddr:100932208
[  240.357602] AAAAA-TCP_FORW: name:enp0s3: saddr:33561200: daddr:100932208
[  240.458001] AAAAA-TCP_FORW: name:enp0s3: saddr:33561200: daddr:100932208
[  240.583505] AAAAA-TCP_FORW: name:enp0s3: saddr:16783984: daddr:100932208
[  240.671959] AAAAA-TCP_FORW: name:enp0s3: saddr:16783984: daddr:100932208
[  240.746692] AAAAA-TCP_FORW: name:enp0s3: saddr:16783984: daddr:100932208
[  240.831442] AAAAA-TCP_FORW: name:enp0s3: saddr:16783984: daddr:100932208
[  240.934348] AAAAA-TCP_FORW: name:enp0s3: saddr:16783984: daddr:100932208
[  241.078012] AAAAA-TCP_FORW: name:enp0s3: saddr:16783984: daddr:100932208
[  241.171709] AAAAA-TCP_FORW: name:enp0s3: saddr:16783984: daddr:100932208
[  241.266486] AAAAA-TCP_FORW: name:enp0s3: saddr:16783984: daddr:100932208
[  241.545537] AAAAA-TCP_FORW: name:enp0s3: saddr:16783984: daddr:100932208
[  241.621306] AAAAA-TCP_FORW: name:enp0s3: saddr:16783984: daddr:100932208
[  241.708146] AAAAA-TCP_FORW: name:enp0s3: saddr:16783984: daddr:100932208
[  241.790175] AAAAA-TCP_FORW: name:enp0s3: saddr:16783984: daddr:100932208
[  241.837674] AAAAA-TCP_FORW: name:enp0s3: saddr:16783984: daddr:100932208
[  241.918236] AAAAA-TCP_FORW: name:enp0s3: saddr:16783984: daddr:100932208
[  242.006536] AAAAA-TCP_FORW: name:enp0s3: saddr:33561200: daddr:100932208
[  242.080452] AAAAA-TCP_FORW: name:enp0s3: saddr:33561200: daddr:100932208
[  242.166783] AAAAA-TCP_FORW: name:enp0s3: saddr:33561200: daddr:100932208
[  242.223889] AAAAA-TCP_FORW: name:enp0s3: saddr:33561200: daddr:100932208
[  242.310912] AAAAA-TCP_FORW: name:enp0s3: saddr:33561200: daddr:100932208
[  242.373805] AAAAA-TCP_FORW: name:enp0s3: saddr:33561200: daddr:100932208
[  242.468828] AAAAA-TCP_FORW: name:enp0s3: saddr:16783984: daddr:100932208
[  242.586017] AAAAA-TCP_FORW: name:enp0s3: saddr:16783984: daddr:100932208
[  242.696146] AAAAA-TCP_FORW: name:enp0s3: saddr:16783984: daddr:100932208
[  242.835519] AAAAA-TCP_FORW: name:enp0s3: saddr:16783984: daddr:100932208
[  242.946153] AAAAA-TCP_FORW: name:enp0s3: saddr:16783984: daddr:100932208
[  243.094475] AAAAA-TCP_FORW: name:enp0s3: saddr:16783984: daddr:100932208
[  243.275165] AAAAA-TCP_FORW: name:enp0s3: saddr:16783984: daddr:100932208
[  243.436246] AAAAA-TCP_FORW: name:enp0s3: saddr:16783984: daddr:100932208
[  243.532471] AAAAA-TCP_FORW: name:enp0s3: saddr:16783984: daddr:100932208
[  243.660563] AAAAA-TCP_FORW: name:enp0s3: saddr:16783984: daddr:100932208
[  243.723119] AAAAA-TCP_FORW: name:enp0s3: saddr:16783984: daddr:100932208
[  243.814732] AAAAA-TCP_FORW: name:enp0s3: saddr:16783984: daddr:100932208
[  243.877310] AAAAA-TCP_FORW: name:enp0s3: saddr:16783984: daddr:100932208
[  243.945306] AAAAA-TCP_FORW: name:enp0s3: saddr:16783984: daddr:100932208
[  244.020507] AAAAA-TCP_FORW: name:enp0s3: saddr:16783984: daddr:100932208
[  244.077669] AAAAA-TCP_FORW: name:enp0s3: saddr:33561200: daddr:100932208
[  244.177403] AAAAA-TCP_FORW: name:enp0s3: saddr:33561200: daddr:100932208
[  244.233326] AAAAA-TCP_FORW: name:enp0s3: saddr:33561200: daddr:100932208
[  244.296080] AAAAA-TCP_FORW: name:enp0s3: saddr:33561200: daddr:100932208
[  244.372250] AAAAA-TCP_FORW: name:enp0s3: saddr:33561200: daddr:100932208
[  244.438379] AAAAA-TCP_FORW: name:enp0s3: saddr:33561200: daddr:100932208
[  244.543643] AAAAA-TCP_FORW: name:enp0s3: saddr:16783984: daddr:100932208
[  244.639029] AAAAA-TCP_FORW: name:enp0s3: saddr:16783984: daddr:100932208
[  244.734525] AAAAA-TCP_FORW: name:enp0s3: saddr:16783984: daddr:100932208
[  569.509651] rfkill: input handler enabled
[  578.134903] rfkill: input handler disabled
[  794.131225] device enp0s3 left promiscuous mode
