[    0.000000] Linux version 5.4.243-mptcp (root@ztg) (gcc version 12.2.0 (Debian 12.2.0-14+deb12u1)) #53 SMP Wed Dec 24 23:28:15 CST 2025
[    0.000000] Command line: BOOT_IMAGE=/boot/vmlinuz-5.4.243-mptcp root=UUID=98415a12-53b7-4144-8265-0f7ece09e445 ro quiet splash
[    0.000000] KERNEL supported cpus:
[    0.000000]   Intel GenuineIntel
[    0.000000]   AMD AuthenticAMD
[    0.000000]   Hygon HygonGenuine
[    0.000000]   Centaur CentaurHauls
[    0.000000]   zhaoxin   Shanghai  
[    0.000000] x86/fpu: Supporting XSAVE feature 0x001: 'x87 floating point registers'
[    0.000000] x86/fpu: Supporting XSAVE feature 0x002: 'SSE registers'
[    0.000000] x86/fpu: Supporting XSAVE feature 0x004: 'AVX registers'
[    0.000000] x86/fpu: xstate_offset[2]:  576, xstate_sizes[2]:  256
[    0.000000] x86/fpu: Enabled xstate features 0x7, context size is 832 bytes, using 'standard' format.
[    0.000000] BIOS-provided physical RAM map:
[    0.000000] BIOS-e820: [mem 0x0000000000000000-0x000000000009fbff] usable
[    0.000000] BIOS-e820: [mem 0x000000000009fc00-0x000000000009ffff] reserved
[    0.000000] BIOS-e820: [mem 0x00000000000f0000-0x00000000000fffff] reserved
[    0.000000] BIOS-e820: [mem 0x0000000000100000-0x000000007ffeffff] usable
[    0.000000] BIOS-e820: [mem 0x000000007fff0000-0x000000007fffffff] ACPI data
[    0.000000] BIOS-e820: [mem 0x00000000fec00000-0x00000000fec00fff] reserved
[    0.000000] BIOS-e820: [mem 0x00000000fee00000-0x00000000fee00fff] reserved
[    0.000000] BIOS-e820: [mem 0x00000000fffc0000-0x00000000ffffffff] reserved
[    0.000000] NX (Execute Disable) protection: active
[    0.000000] SMBIOS 2.5 present.
[    0.000000] DMI: innotek GmbH VirtualBox/VirtualBox, BIOS VirtualBox 12/01/2006
[    0.000000] Hypervisor detected: KVM
[    0.000000] kvm-clock: Using msrs 4b564d01 and 4b564d00
[    0.000000] kvm-clock: cpu 0, msr 49201001, primary cpu clock
[    0.000000] kvm-clock: using sched offset of 4441201538 cycles
[    0.000003] clocksource: kvm-clock: mask: 0xffffffffffffffff max_cycles: 0x1cd42e4dffb, max_idle_ns: 881590591483 ns
[    0.000005] tsc: Detected 2100.000 MHz processor
[    0.001877] e820: update [mem 0x00000000-0x00000fff] usable ==> reserved
[    0.001879] e820: remove [mem 0x000a0000-0x000fffff] usable
[    0.001883] last_pfn = 0x7fff0 max_arch_pfn = 0x400000000
[    0.001950] MTRR default type: uncachable
[    0.001951] MTRR fixed ranges enabled:
[    0.001952]   00000-9FFFF write-back
[    0.001953]   A0000-BFFFF uncachable
[    0.001954]   C0000-FFFFF write-protect
[    0.001954] MTRR variable ranges enabled:
[    0.001956]   0 base 000000000000 mask 3FFF80000000 write-back
[    0.001956]   1 disabled
[    0.001957]   2 disabled
[    0.001957]   3 disabled
[    0.001958]   4 disabled
[    0.001958]   5 disabled
[    0.001959]   6 disabled
[    0.001959]   7 disabled
[    0.001959]   8 disabled
[    0.001960]   9 disabled
[    0.001960]   10 disabled
[    0.001961]   11 disabled
[    0.001961]   12 disabled
[    0.001962]   13 disabled
[    0.001962]   14 disabled
[    0.001962]   15 disabled
[    0.001978] x86/PAT: Configuration [0-7]: WB  WC  UC- UC  WB  WP  UC- WT  
[    0.002111] found SMP MP-table at [mem 0x0009fff0-0x0009ffff]
[    0.092305] check: Scanning 1 areas for low memory corruption
[    0.092536] RAMDISK: [mem 0x32271000-0x3512ffff]
[    0.092545] ACPI: Early table checksum verification disabled
[    0.092550] ACPI: RSDP 0x00000000000E0000 000024 (v02 VBOX  )
[    0.092554] ACPI: XSDT 0x000000007FFF0030 00003C (v01 VBOX   VBOXXSDT 00000001 ASL  00000061)
[    0.092561] ACPI: FACP 0x000000007FFF00F0 0000F4 (v04 VBOX   VBOXFACP 00000001 ASL  00000061)
[    0.092567] ACPI: DSDT 0x000000007FFF02E0 002353 (v02 VBOX   VBOXBIOS 00000002 VBOX 00029BF3)
[    0.092571] ACPI: FACS 0x000000007FFF0200 000040
[    0.092574] ACPI: FACS 0x000000007FFF0200 000040
[    0.092577] ACPI: APIC 0x000000007FFF0240 000054 (v02 VBOX   VBOXAPIC 00000001 ASL  00000061)
[    0.092581] ACPI: SSDT 0x000000007FFF02A0 000038 (v01 VBOX   VBOXCPUT 00000002 VBOX 00029BF3)
[    0.092584] ACPI: Reserving FACP table memory at [mem 0x7fff00f0-0x7fff01e3]
[    0.092585] ACPI: Reserving DSDT table memory at [mem 0x7fff02e0-0x7fff2632]
[    0.092586] ACPI: Reserving FACS table memory at [mem 0x7fff0200-0x7fff023f]
[    0.092586] ACPI: Reserving FACS table memory at [mem 0x7fff0200-0x7fff023f]
[    0.092587] ACPI: Reserving APIC table memory at [mem 0x7fff0240-0x7fff0293]
[    0.092588] ACPI: Reserving SSDT table memory at [mem 0x7fff02a0-0x7fff02d7]
[    0.092602] ACPI: Local APIC address 0xfee00000
[    0.092791] No NUMA configuration found
[    0.092792] Faking a node at [mem 0x0000000000000000-0x000000007ffeffff]
[    0.092802] NODE_DATA(0) allocated [mem 0x7ffc5000-0x7ffeffff]
[    0.093062] Zone ranges:
[    0.093063]   DMA      [mem 0x0000000000001000-0x0000000000ffffff]
[    0.093064]   DMA32    [mem 0x0000000001000000-0x000000007ffeffff]
[    0.093065]   Normal   empty
[    0.093066]   Device   empty
[    0.093067] Movable zone start for each node
[    0.093069] Early memory node ranges
[    0.093069]   node   0: [mem 0x0000000000001000-0x000000000009efff]
[    0.093070]   node   0: [mem 0x0000000000100000-0x000000007ffeffff]
[    0.093073] Zeroed struct page in unavailable ranges: 114 pages
[    0.093074] Initmem setup node 0 [mem 0x0000000000001000-0x000000007ffeffff]
[    0.093075] On node 0 totalpages: 524174
[    0.093076]   DMA zone: 64 pages used for memmap
[    0.093077]   DMA zone: 21 pages reserved
[    0.093078]   DMA zone: 3998 pages, LIFO batch:0
[    0.093149]   DMA32 zone: 8128 pages used for memmap
[    0.093149]   DMA32 zone: 520176 pages, LIFO batch:63
[    0.102171] ACPI: PM-Timer IO Port: 0x4008
[    0.102176] ACPI: Local APIC address 0xfee00000
[    0.102244] IOAPIC[0]: apic_id 1, version 32, address 0xfec00000, GSI 0-23
[    0.102248] ACPI: INT_SRC_OVR (bus 0 bus_irq 0 global_irq 2 dfl dfl)
[    0.102249] ACPI: INT_SRC_OVR (bus 0 bus_irq 9 global_irq 9 low level)
[    0.102251] ACPI: IRQ0 used by override.
[    0.102252] ACPI: IRQ9 used by override.
[    0.102255] Using ACPI (MADT) for SMP configuration information
[    0.102262] smpboot: Allowing 1 CPUs, 0 hotplug CPUs
[    0.102285] PM: Registered nosave memory: [mem 0x00000000-0x00000fff]
[    0.102286] PM: Registered nosave memory: [mem 0x0009f000-0x0009ffff]
[    0.102287] PM: Registered nosave memory: [mem 0x000a0000-0x000effff]
[    0.102287] PM: Registered nosave memory: [mem 0x000f0000-0x000fffff]
[    0.102289] [mem 0x80000000-0xfebfffff] available for PCI devices
[    0.102290] Booting paravirtualized kernel on KVM
[    0.102293] clocksource: refined-jiffies: mask: 0xffffffff max_cycles: 0xffffffff, max_idle_ns: 7645519600211568 ns
[    0.102297] setup_percpu: NR_CPUS:8192 nr_cpumask_bits:1 nr_cpu_ids:1 nr_node_ids:1
[    0.103336] percpu: Embedded 60 pages/cpu s208896 r8192 d28672 u2097152
[    0.103341] pcpu-alloc: s208896 r8192 d28672 u2097152 alloc=1*2097152
[    0.103342] pcpu-alloc: [0] 0 
[    0.103370] Built 1 zonelists, mobility grouping on.  Total pages: 515961
[    0.103371] Policy zone: DMA32
[    0.103372] Kernel command line: BOOT_IMAGE=/boot/vmlinuz-5.4.243-mptcp root=UUID=98415a12-53b7-4144-8265-0f7ece09e445 ro quiet splash
[    0.104254] Dentry cache hash table entries: 262144 (order: 9, 2097152 bytes, linear)
[    0.104402] Inode-cache hash table entries: 131072 (order: 8, 1048576 bytes, linear)
[    0.104451] mem auto-init: stack:off, heap alloc:on, heap free:off
[    0.104454] Calgary: detecting Calgary via BIOS EBDA area
[    0.104456] Calgary: Unable to locate Rio Grande table in EBDA - bailing!
[    0.108594] Memory: 1967332K/2096696K available (14339K kernel code, 2398K rwdata, 4712K rodata, 2728K init, 17260K bss, 129364K reserved, 0K cma-reserved)
[    0.109529] SLUB: HWalign=64, Order=0-3, MinObjects=0, CPUs=1, Nodes=1
[    0.109546] ftrace: allocating 43186 entries in 169 pages
[    0.127788] rcu: Hierarchical RCU implementation.
[    0.127789] rcu: 	RCU restricting CPUs from NR_CPUS=8192 to nr_cpu_ids=1.
[    0.127791] 	Tasks RCU enabled.
[    0.127792] rcu: RCU calculated value of scheduler-enlistment delay is 25 jiffies.
[    0.127792] rcu: Adjusting geometry for rcu_fanout_leaf=16, nr_cpu_ids=1
[    0.130757] NR_IRQS: 524544, nr_irqs: 256, preallocated irqs: 16
[    0.130975] random: crng init done
[    0.140212] Console: colour VGA+ 80x25
[    0.140216] printk: console [tty0] enabled
[    0.140237] ACPI: Core revision 20190816
[    0.140335] APIC: Switch to symmetric I/O mode setup
[    0.140587] x2apic enabled
[    0.140824] Switched APIC routing to physical x2apic.
[    0.141958] ..TIMER: vector=0x30 apic1=0 pin1=2 apic2=-1 pin2=-1
[    0.141983] clocksource: tsc-early: mask: 0xffffffffffffffff max_cycles: 0x1e4530a99b6, max_idle_ns: 440795257976 ns
[    0.141989] Calibrating delay loop (skipped) preset value.. 4200.00 BogoMIPS (lpj=8400000)
[    0.141991] pid_max: default: 32768 minimum: 301
[    0.142019] LSM: Security Framework initializing
[    0.142029] Yama: becoming mindful.
[    0.142055] AppArmor: AppArmor initialized
[    0.142089] Mount-cache hash table entries: 4096 (order: 3, 32768 bytes, linear)
[    0.142093] Mountpoint-cache hash table entries: 4096 (order: 3, 32768 bytes, linear)
[    0.142103] *** VALIDATE tmpfs ***
[    0.142232] *** VALIDATE proc ***
[    0.142274] *** VALIDATE cgroup1 ***
[    0.142275] *** VALIDATE cgroup2 ***
[    0.142416] process: using mwait in idle threads
[    0.142421] Last level iTLB entries: 4KB 64, 2MB 8, 4MB 8
[    0.142421] Last level dTLB entries: 4KB 64, 2MB 0, 4MB 0, 1GB 4
[    0.142441] Spectre V1 : Mitigation: usercopy/swapgs barriers and __user pointer sanitization
[    0.142447] Spectre V2 : Mitigation: Retpolines
[    0.142447] Spectre V2 : Spectre v2 / SpectreRSB mitigation: Filling RSB on context switch
[    0.142448] Spectre V2 : Spectre v2 / SpectreRSB : Filling RSB on VMEXIT
[    0.142449] RETBleed: WARNING: Spectre v2 mitigation leaves CPU vulnerable to RETBleed attacks, data leaks possible!
[    0.142813] RETBleed: Vulnerable
[    0.142813] Speculative Store Bypass: Vulnerable
[    0.142818] TAA: Mitigation: TSX disabled
[    0.142818] MMIO Stale Data: Mitigation: Clear CPU buffers
[    0.147092] Freeing SMP alternatives memory: 40K
[    0.259588] smpboot: CPU0: Intel(R) Xeon(R) Silver 4216 CPU @ 2.10GHz (family: 0x6, model: 0x55, stepping: 0x7)
[    0.259715] Performance Events: unsupported p6 CPU model 85 no PMU driver, software events only.
[    0.259751] rcu: Hierarchical SRCU implementation.
[    0.260230] NMI watchdog: Perf NMI watchdog permanently disabled
[    0.260268] smp: Bringing up secondary CPUs ...
[    0.260269] smp: Brought up 1 node, 1 CPU
[    0.260270] smpboot: Max logical packages: 1
[    0.260271] smpboot: Total of 1 processors activated (4200.00 BogoMIPS)
[    0.261245] devtmpfs: initialized
[    0.261295] x86/mm: Memory block size: 128MB
[    0.261643] clocksource: jiffies: mask: 0xffffffff max_cycles: 0xffffffff, max_idle_ns: 7645041785100000 ns
[    0.261650] futex hash table entries: 256 (order: 2, 16384 bytes, linear)
[    0.261693] pinctrl core: initialized pinctrl subsystem
[    0.261794] PM: RTC time: 19:04:39, date: 2026-01-16
[    0.261900] NET: Registered protocol family 16
[    0.261973] audit: initializing netlink subsys (disabled)
[    0.261985] EISA bus registered
[    0.261985] cpuidle: using governor ladder
[    0.261985] cpuidle: using governor menu
[    0.261985] ACPI: bus type PCI registered
[    0.261985] acpiphp: ACPI Hot Plug PCI Controller Driver version: 0.5
[    0.261985] PCI: Using configuration type 1 for base access
[    0.262269] audit: type=2000 audit(1768561485.672:1): state=initialized audit_enabled=0 res=1
[    0.262350] HugeTLB registered 2.00 MiB page size, pre-allocated 0 pages
[    0.263274] ACPI: Added _OSI(Module Device)
[    0.263275] ACPI: Added _OSI(Processor Device)
[    0.263276] ACPI: Added _OSI(3.0 _SCP Extensions)
[    0.263276] ACPI: Added _OSI(Processor Aggregator Device)
[    0.263277] ACPI: Added _OSI(Linux-Dell-Video)
[    0.263278] ACPI: Added _OSI(Linux-Lenovo-NV-HDMI-Audio)
[    0.263279] ACPI: Added _OSI(Linux-HPI-Hybrid-Graphics)
[    0.265236] ACPI: 2 ACPI AML tables successfully acquired and loaded
[    0.267107] ACPI: Interpreter enabled
[    0.267121] ACPI: (supports S0 S5)
[    0.267122] ACPI: Using IOAPIC for interrupt routing
[    0.267344] PCI: Using host bridge windows from ACPI; if necessary, use "pci=nocrs" and report a bug
[    0.267456] ACPI: Enabled 2 GPEs in block 00 to 07
[    0.273678] ACPI: PCI Root Bridge [PCI0] (domain 0000 [bus 00-ff])
[    0.273684] acpi PNP0A03:00: _OSC: OS supports [ASPM ClockPM Segments MSI HPX-Type3]
[    0.274197] acpi PNP0A03:00: _OSC: not requesting OS control; OS requires [ExtendedConfig ASPM ClockPM MSI]
[    0.274205] acpi PNP0A03:00: fail to add MMCONFIG information, can't access extended PCI configuration space under this bridge.
[    0.274580] PCI host bridge to bus 0000:00
[    0.274582] pci_bus 0000:00: root bus resource [io  0x0000-0x0cf7 window]
[    0.274583] pci_bus 0000:00: root bus resource [io  0x0d00-0xffff window]
[    0.274585] pci_bus 0000:00: root bus resource [mem 0x000a0000-0x000bffff window]
[    0.274586] pci_bus 0000:00: root bus resource [mem 0x80000000-0xfdffffff window]
[    0.274587] pci_bus 0000:00: root bus resource [bus 00-ff]
[    0.274626] pci 0000:00:00.0: [8086:1237] type 00 class 0x060000
[    0.275573] pci 0000:00:01.0: [8086:7000] type 00 class 0x060100
[    0.276316] pci 0000:00:01.1: [8086:7111] type 00 class 0x01018a
[    0.276683] pci 0000:00:01.1: reg 0x20: [io  0xd000-0xd00f]
[    0.276836] pci 0000:00:01.1: legacy IDE quirk: reg 0x10: [io  0x01f0-0x01f7]
[    0.276837] pci 0000:00:01.1: legacy IDE quirk: reg 0x14: [io  0x03f6]
[    0.276837] pci 0000:00:01.1: legacy IDE quirk: reg 0x18: [io  0x0170-0x0177]
[    0.276838] pci 0000:00:01.1: legacy IDE quirk: reg 0x1c: [io  0x0376]
[    0.277373] pci 0000:00:02.0: [15ad:0405] type 00 class 0x030000
[    0.279961] pci 0000:00:02.0: reg 0x10: [io  0xd010-0xd01f]
[    0.282050] pci 0000:00:02.0: reg 0x14: [mem 0xe0000000-0xe7ffffff pref]
[    0.286032] pci 0000:00:02.0: reg 0x18: [mem 0xf0000000-0xf01fffff]
[    0.298055] pci 0000:00:03.0: [1022:2000] type 00 class 0x020000
[    0.298765] pci 0000:00:03.0: reg 0x10: [io  0xd020-0xd03f]
[    0.299484] pci 0000:00:03.0: reg 0x14: [mem 0xf0200000-0xf0200fff]
[    0.303963] pci 0000:00:04.0: [80ee:cafe] type 00 class 0x088000
[    0.304713] pci 0000:00:04.0: reg 0x10: [io  0xd040-0xd05f]
[    0.305670] pci 0000:00:04.0: reg 0x14: [mem 0xf0400000-0xf07fffff]
[    0.306138] pci 0000:00:04.0: reg 0x18: [mem 0xf0800000-0xf0803fff pref]
[    0.310031] pci 0000:00:07.0: [8086:7113] type 00 class 0x068000
[    0.310573] pci 0000:00:07.0: quirk: [io  0x4000-0x403f] claimed by PIIX4 ACPI
[    0.310583] pci 0000:00:07.0: quirk: [io  0x4100-0x410f] claimed by PIIX4 SMB
[    0.311222] pci 0000:00:08.0: [8086:100e] type 00 class 0x020000
[    0.311933] pci 0000:00:08.0: reg 0x10: [mem 0xf0820000-0xf083ffff]
[    0.313260] pci 0000:00:08.0: reg 0x18: [io  0xd060-0xd067]
[    0.316975] pci 0000:00:09.0: [8086:100e] type 00 class 0x020000
[    0.318079] pci 0000:00:09.0: reg 0x10: [mem 0xf0840000-0xf085ffff]
[    0.319399] pci 0000:00:09.0: reg 0x18: [io  0xd068-0xd06f]
[    0.330690] ACPI: PCI Interrupt Link [LNKA] (IRQs 5 9 10 *11)
[    0.330974] ACPI: PCI Interrupt Link [LNKB] (IRQs 5 9 *10 11)
[    0.331084] ACPI: PCI Interrupt Link [LNKC] (IRQs 5 *9 10 11)
[    0.331204] ACPI: PCI Interrupt Link [LNKD] (IRQs 5 9 10 *11)
[    0.331488] iommu: Default domain type: Translated 
[    0.331550] pci 0000:00:02.0: vgaarb: setting as boot VGA device
[    0.331552] pci 0000:00:02.0: vgaarb: VGA device added: decodes=io+mem,owns=io+mem,locks=none
[    0.331554] pci 0000:00:02.0: vgaarb: bridge control possible
[    0.331555] vgaarb: loaded
[    0.331766] SCSI subsystem initialized
[    0.331797] libata version 3.00 loaded.
[    0.331821] ACPI: bus type USB registered
[    0.331838] usbcore: registered new interface driver usbfs
[    0.331843] usbcore: registered new interface driver hub
[    0.331849] usbcore: registered new device driver usb
[    0.331880] pps_core: LinuxPPS API ver. 1 registered
[    0.331881] pps_core: Software ver. 5.3.6 - Copyright 2005-2007 Rodolfo Giometti <giometti@linux.it>
[    0.331883] PTP clock support registered
[    0.331917] EDAC MC: Ver: 3.0.0
[    0.332204] PCI: Using ACPI for IRQ routing
[    0.332205] PCI: pci_cache_line_size set to 64 bytes
[    0.332392] e820: reserve RAM buffer [mem 0x0009fc00-0x0009ffff]
[    0.332396] e820: reserve RAM buffer [mem 0x7fff0000-0x7fffffff]
[    0.333298] NetLabel: Initializing
[    0.333299] NetLabel:  domain hash size = 128
[    0.333300] NetLabel:  protocols = UNLABELED CIPSOv4 CALIPSO
[    0.333329] NetLabel:  unlabeled traffic allowed by default
[    0.334452] clocksource: Switched to clocksource kvm-clock
[    0.347562] *** VALIDATE bpf ***
[    0.347562] VFS: Disk quotas dquot_6.6.0
[    0.347562] VFS: Dquot-cache hash table entries: 512 (order 0, 4096 bytes)
[    0.347562] *** VALIDATE ramfs ***
[    0.347562] *** VALIDATE hugetlbfs ***
[    0.347562] AppArmor: AppArmor Filesystem Enabled
[    0.347562] pnp: PnP ACPI init
[    0.347562] pnp 00:00: Plug and Play ACPI device, IDs PNP0303 (active)
[    0.350935] pnp 00:01: Plug and Play ACPI device, IDs PNP0f03 (active)
[    0.351709] pnp: PnP ACPI: found 2 devices
[    0.352681] thermal_sys: Registered thermal governor 'fair_share'
[    0.352681] thermal_sys: Registered thermal governor 'bang_bang'
[    0.352682] thermal_sys: Registered thermal governor 'step_wise'
[    0.352683] thermal_sys: Registered thermal governor 'user_space'
[    0.352683] thermal_sys: Registered thermal governor 'power_allocator'
[    0.357215] clocksource: acpi_pm: mask: 0xffffff max_cycles: 0xffffff, max_idle_ns: 2085701024 ns
[    0.357258] pci_bus 0000:00: resource 4 [io  0x0000-0x0cf7 window]
[    0.357260] pci_bus 0000:00: resource 5 [io  0x0d00-0xffff window]
[    0.357261] pci_bus 0000:00: resource 6 [mem 0x000a0000-0x000bffff window]
[    0.357262] pci_bus 0000:00: resource 7 [mem 0x80000000-0xfdffffff window]
[    0.357322] NET: Registered protocol family 2
[    0.357399] IP idents hash table entries: 32768 (order: 6, 262144 bytes, linear)
[    0.357810] MPTCP tokens hash table entries: 8192 (order: 4, 65536 bytes, linear)
[    0.357830] MPTCP request tokens hash table entries: 8192 (order: 4, 65536 bytes, linear)
[    0.357855] default registered
[    0.357856] default registered
[    0.357856] MPTCP: Stable release v0.96
[    0.357861] tcp_listen_portaddr_hash hash table entries: 1024 (order: 2, 16384 bytes, linear)
[    0.357942] TCP established hash table entries: 16384 (order: 5, 131072 bytes, linear)
[    0.358009] TCP bind hash table entries: 16384 (order: 6, 262144 bytes, linear)
[    0.358034] TCP: Hash tables configured (established 16384 bind 16384)
[    0.358756] UDP hash table entries: 1024 (order: 3, 32768 bytes, linear)
[    0.358769] UDP-Lite hash table entries: 1024 (order: 3, 32768 bytes, linear)
[    0.358812] NET: Registered protocol family 1
[    0.358820] NET: Registered protocol family 44
[    0.358843] pci 0000:00:00.0: Limiting direct PCI/PCI transfers
[    0.358855] pci 0000:00:01.0: Activating ISA DMA hang workarounds
[    0.358911] pci 0000:00:02.0: Video device with shadowed ROM at [mem 0x000c0000-0x000dffff]
[    0.358972] PCI: CLS 0 bytes, default 64
[    0.359021] Trying to unpack rootfs image as initramfs...
[    0.535908] Freeing initrd memory: 47868K
[    0.535908] clocksource: tsc: mask: 0xffffffffffffffff max_cycles: 0x1e4530a99b6, max_idle_ns: 440795257976 ns
[    0.535908] clocksource: Switched to clocksource tsc
[    0.535908] platform rtc_cmos: registered platform RTC device (no PNP device found)
[    0.535908] check: Scanning for low memory corruption every 60 seconds
[    0.535908] Initialise system trusted keyrings
[    0.535908] Key type blacklist registered
[    0.535908] workingset: timestamp_bits=36 max_order=19 bucket_order=0
[    0.535908] zbud: loaded
[    0.535908] squashfs: version 4.0 (2009/01/31) Phillip Lougher
[    0.535908] fuse: init (API version 7.31)
[    0.535908] *** VALIDATE fuse ***
[    0.535908] *** VALIDATE fuse ***
[    0.535908] Platform Keyring initialized
[    0.548223] Key type asymmetric registered
[    0.548225] Asymmetric key parser 'x509' registered
[    0.548236] Block layer SCSI generic (bsg) driver version 0.4 loaded (major 244)
[    0.548278] io scheduler mq-deadline registered
[    0.548405] shpchp: Standard Hot Plug PCI Controller Driver version: 0.4
[    0.548604] ACPI: AC Adapter [AC] (on-line)
[    0.548649] input: Power Button as /devices/LNXSYSTM:00/LNXPWRBN:00/input/input0
[    0.548677] ACPI: Power Button [PWRF]
[    0.548755] input: Sleep Button as /devices/LNXSYSTM:00/LNXSLPBN:00/input/input1
[    0.548769] ACPI: Sleep Button [SLPF]
[    0.549012] Serial: 8250/16550 driver, 32 ports, IRQ sharing enabled
[    0.550189] Linux agpgart interface v0.103
[    0.639054] loop: module loaded
[    0.639203] ata_piix 0000:00:01.1: version 2.13
[    0.639608] scsi host0: ata_piix
[    0.639699] scsi host1: ata_piix
[    0.639725] ata1: PATA max UDMA/33 cmd 0x1f0 ctl 0x3f6 bmdma 0xd000 irq 14
[    0.639726] ata2: PATA max UDMA/33 cmd 0x170 ctl 0x376 bmdma 0xd008 irq 15
[    0.639810] tun: Universal TUN/TAP device driver, 1.6
[    0.640119] PPP generic driver version 2.4.2
[    0.640161] VFIO - User Level meta-driver version: 0.3
[    0.640392] ehci_hcd: USB 2.0 'Enhanced' Host Controller (EHCI) Driver
[    0.640396] ehci-pci: EHCI PCI platform driver
[    0.640411] ehci-platform: EHCI generic platform driver
[    0.640417] ohci_hcd: USB 1.1 'Open' Host Controller (OHCI) Driver
[    0.640418] ohci-pci: OHCI PCI platform driver
[    0.640426] ohci-platform: OHCI generic platform driver
[    0.640430] uhci_hcd: USB Universal Host Controller Interface driver
[    0.640495] i8042: PNP: PS/2 Controller [PNP0303:PS2K,PNP0f03:PS2M] at 0x60,0x64 irq 1,12
[    0.640935] serio: i8042 KBD port at 0x60,0x64 irq 1
[    0.640939] serio: i8042 AUX port at 0x60,0x64 irq 12
[    0.641024] mousedev: PS/2 mouse device common for all mice
[    0.641285] input: AT Translated Set 2 keyboard as /devices/platform/i8042/serio0/input/input2
[    0.641686] rtc_cmos rtc_cmos: registered as rtc0
[    0.641699] rtc_cmos rtc_cmos: alarms up to one day, 114 bytes nvram
[    0.641705] i2c /dev entries driver
[    0.641750] device-mapper: uevent: version 1.0.3
[    0.641793] device-mapper: ioctl: 4.41.0-ioctl (2019-09-16) initialised: dm-devel@redhat.com
[    0.641810] platform eisa.0: Probing EISA bus 0
[    0.641812] platform eisa.0: EISA: Cannot allocate resource for mainboard
[    0.641813] platform eisa.0: Cannot allocate resource for EISA slot 1
[    0.641814] platform eisa.0: Cannot allocate resource for EISA slot 2
[    0.641815] platform eisa.0: Cannot allocate resource for EISA slot 3
[    0.641816] platform eisa.0: Cannot allocate resource for EISA slot 4
[    0.641817] platform eisa.0: Cannot allocate resource for EISA slot 5
[    0.641818] platform eisa.0: Cannot allocate resource for EISA slot 6
[    0.641819] platform eisa.0: Cannot allocate resource for EISA slot 7
[    0.641820] platform eisa.0: Cannot allocate resource for EISA slot 8
[    0.641821] platform eisa.0: EISA: Detected 0 cards
[    0.641824] intel_pstate: CPU model not supported
[    0.641833] ledtrig-cpu: registered to indicate activity on CPUs
[    0.641889] drop_monitor: Initializing network drop monitor service
[    0.642049] NET: Registered protocol family 10
[    0.647205] Segment Routing with IPv6
[    0.647205] fullmesh registered
[    0.647205] ndiffports registered
[    0.647205] binder registered
[    0.647205] roundrobin registered
[    0.647205] redundant registered
[    0.647205] blest registered
[    0.647205] ecf registered
[    0.647205] NET: Registered protocol family 17
[    0.647205] Key type dns_resolver registered
[    0.647205] RAS: Correctable Errors collector initialized.
[    0.647205] IPI shorthand broadcast: enabled
[    0.647205] sched_clock: Marking stable (632185071, 11020384)->(643167774, 37681)
[    0.647454] registered taskstats version 1
[    0.647464] Loading compiled-in X.509 certificates
[    0.648053] Loaded X.509 cert 'Build time autogenerated kernel key: 6909f3744cebb3d0de528d5887b96a727de79b1e'
[    0.648071] zswap: loaded using pool lzo/zbud
[    0.648124] Key type ._fscrypt registered
[    0.648124] Key type .fscrypt registered
[    0.652618] Key type big_key registered
[    0.654803] Key type encrypted registered
[    0.654806] AppArmor: AppArmor sha1 policy hashing enabled
[    0.654813] ima: No TPM chip found, activating TPM-bypass!
[    0.654817] ima: Allocated hash algorithm: sha1
[    0.654823] ima: No architecture policies found
[    0.654832] evm: Initialising EVM extended attributes:
[    0.654833] evm: security.selinux
[    0.654833] evm: security.SMACK64
[    0.654834] evm: security.SMACK64EXEC
[    0.654834] evm: security.SMACK64TRANSMUTE
[    0.654835] evm: security.SMACK64MMAP
[    0.654835] evm: security.apparmor
[    0.654835] evm: security.ima
[    0.654836] evm: security.capability
[    0.654837] evm: HMAC attrs: 0x1
[    0.655131] PM:   Magic number: 10:699:91
[    0.655261] rtc_cmos rtc_cmos: setting system clock to 2026-01-16T19:04:40 UTC (1768590280)
[    0.811961] ata1.00: ATA-6: VBOX HARDDISK, 1.0, max UDMA/133
[    0.811964] ata1.00: 209715200 sectors, multi 128: LBA 
[    0.812597] scsi 0:0:0:0: Direct-Access     ATA      VBOX HARDDISK    1.0  PQ: 0 ANSI: 5
[    0.812873] sd 0:0:0:0: [sda] 209715200 512-byte logical blocks: (107 GB/100 GiB)
[    0.812885] sd 0:0:0:0: [sda] Write Protect is off
[    0.812888] sd 0:0:0:0: [sda] Mode Sense: 00 3a 00 00
[    0.812907] sd 0:0:0:0: [sda] Write cache: enabled, read cache: enabled, doesn't support DPO or FUA
[    0.813208] sd 0:0:0:0: Attached scsi generic sg0 type 0
[    0.814487]  sda: sda1 sda2
[    0.823212] sd 0:0:0:0: [sda] Attached SCSI disk
[    0.826333] Freeing unused decrypted memory: 2040K
[    0.827277] Freeing unused kernel image memory: 2728K
[    0.827280] Write protecting the kernel read-only data: 22528k
[    0.828261] Freeing unused kernel image memory: 2036K
[    0.828799] Freeing unused kernel image memory: 1432K
[    0.853764] x86/mm: Checked W+X mappings: passed, no W+X pages found.
[    0.853768] Run /init as init process
[    0.961176] ACPI: Video Device [GFX0] (multi-head: yes  rom: no  post: no)
[    0.961250] input: Video Bus as /devices/LNXSYSTM:00/LNXSYBUS:00/PNP0A03:00/LNXVIDEO:00/input/input4
[    0.974094] pcnet32: pcnet32.c:v1.35 21.Apr.2008 tsbogend@alpha.franken.de
[    0.975834] piix4_smbus 0000:00:07.0: SMBus Host Controller at 0x4100, revision 0
[    0.978157] pcnet32: PCnet/FAST III 79C973 at 0xd020, 08:00:27:23:16:e3 assigned IRQ 19
[    0.978199] pcnet32: Found PHY 0022:561b at address 0
[    0.978498] pcnet32: eth0: registered as PCnet/FAST III 79C973
[    0.981164] e1000: Intel(R) PRO/1000 Network Driver - version 7.3.21-k8-NAPI
[    0.981164] e1000: Copyright (c) 1999-2006 Intel Corporation.
[    0.993586] pcnet32: 1 cards_found
[    1.057251] pcnet32 0000:00:03.0 enp0s3: renamed from eth0
[    1.192520] input: ImExPS/2 Generic Explorer Mouse as /devices/platform/i8042/serio1/input/input5
[    1.391350] e1000 0000:00:08.0 eth0: (PCI:33MHz:32-bit) 08:00:27:bb:c6:1a
[    1.391354] e1000 0000:00:08.0 eth0: Intel(R) PRO/1000 Network Connection
[    1.767598] e1000 0000:00:09.0 eth1: (PCI:33MHz:32-bit) 08:00:27:02:65:f3
[    1.767600] e1000 0000:00:09.0 eth1: Intel(R) PRO/1000 Network Connection
[    1.768814] e1000 0000:00:09.0 enp0s9: renamed from eth1
[    1.770680] e1000 0000:00:08.0 enp0s8: renamed from eth0
[    1.921570] EXT4-fs (sda2): mounted filesystem with ordered data mode. Opts: (null)
[    2.013938] systemd[1]: Inserted module 'autofs4'
[    2.026790] systemd[1]: systemd 245.4-4ubuntu3 running in system mode. (+PAM +AUDIT +SELINUX +IMA +APPARMOR +SMACK +SYSVINIT +UTMP +LIBCRYPTSETUP +GCRYPT +GNUTLS +ACL +XZ +LZ4 +SECCOMP +BLKID +ELFUTILS +KMOD +IDN2 -IDN +PCRE2 default-hierarchy=hybrid)
[    2.026821] systemd[1]: Detected virtualization oracle.
[    2.026825] systemd[1]: Detected architecture x86-64.
[    2.028172] systemd[1]: Set hostname to <ztg>.
[    2.158514] systemd[1]: /lib/systemd/system/dbus.socket:5: ListenStream= references a path below legacy directory /var/run/, updating /var/run/dbus/system_bus_socket â†’ /run/dbus/system_bus_socket; please update the unit file accordingly.
[    2.212514] systemd[1]: Created slice system-modprobe.slice.
[    2.212699] systemd[1]: Created slice User and Session Slice.
[    2.212743] systemd[1]: Started Forward Password Requests to Wall Directory Watch.
[    2.212909] systemd[1]: Set up automount Arbitrary Executable File Formats File System Automount Point.
[    2.212942] systemd[1]: Reached target User and Group Name Lookups.
[    2.212953] systemd[1]: Reached target Remote File Systems.
[    2.212961] systemd[1]: Reached target Slices.
[    2.213523] systemd[1]: Listening on Syslog Socket.
[    2.213590] systemd[1]: Listening on fsck to fsckd communication Socket.
[    2.213627] systemd[1]: Listening on initctl Compatibility Named Pipe.
[    2.213762] systemd[1]: Listening on Journal Audit Socket.
[    2.213814] systemd[1]: Listening on Journal Socket (/dev/log).
[    2.213881] systemd[1]: Listening on Journal Socket.
[    2.213946] systemd[1]: Listening on udev Control Socket.
[    2.213985] systemd[1]: Listening on udev Kernel Socket.
[    2.214737] systemd[1]: Mounting Huge Pages File System...
[    2.215714] systemd[1]: Mounting POSIX Message Queue File System...
[    2.216599] systemd[1]: Mounting Kernel Debug File System...
[    2.217454] systemd[1]: Mounting Kernel Trace File System...
[    2.219402] systemd[1]: Starting Journal Service...
[    2.241495] systemd[1]: Starting Set the console keyboard layout...
[    2.249389] systemd[1]: Starting Create list of static device nodes for the current kernel...
[    2.251472] systemd[1]: Starting Load Kernel Module drm...
[    2.252599] systemd[1]: Condition check resulted in Set Up Additional Binary Formats being skipped.
[    2.252645] systemd[1]: Condition check resulted in File System Check on Root Device being skipped.
[    2.265789] systemd[1]: Starting Load Kernel Modules...
[    2.271087] systemd[1]: Starting Remount Root and Kernel File Systems...
[    2.284332] systemd[1]: Starting udev Coldplug all Devices...
[    2.292351] systemd[1]: Starting Uncomplicated firewall...
[    2.293942] systemd[1]: Mounted Huge Pages File System.
[    2.294037] systemd[1]: Mounted POSIX Message Queue File System.
[    2.294113] systemd[1]: Mounted Kernel Debug File System.
[    2.294182] systemd[1]: Mounted Kernel Trace File System.
[    2.315439] EXT4-fs (sda2): re-mounted. Opts: errors=remount-ro
[    2.340122] systemd[1]: Finished Create list of static device nodes for the current kernel.
[    2.341206] systemd[1]: modprobe@drm.service: Succeeded.
[    2.341653] systemd[1]: Finished Load Kernel Module drm.
[    2.342199] systemd[1]: Finished Remount Root and Kernel File Systems.
[    2.343273] systemd[1]: Finished Uncomplicated firewall.
[    2.360238] lp: driver loaded but no devices found
[    2.362257] systemd[1]: Condition check resulted in Rebuild Hardware Database being skipped.
[    2.362296] systemd[1]: Condition check resulted in Platform Persistent Storage Archival being skipped.
[    2.362969] systemd[1]: Starting Load/Save Random Seed...
[    2.367569] systemd[1]: Starting Create System Users...
[    2.378988] systemd[1]: Finished Load/Save Random Seed.
[    2.379373] ppdev: user-space parallel port driver
[    2.382820] systemd[1]: Finished Create System Users.
[    2.383653] systemd[1]: Starting Create Static Device Nodes in /dev...
[    2.418608] systemd[1]: Finished udev Coldplug all Devices.
[    2.420229] systemd[1]: Finished Create Static Device Nodes in /dev.
[    2.421103] systemd[1]: Starting udev Kernel Device Manager...
[    2.473764] [drm] DMA map mode: Caching DMA mappings.
[    2.473826] [drm] Capabilities:
[    2.473827] [drm]   Rect copy.
[    2.473827] [drm]   Cursor.
[    2.473828] [drm]   Cursor bypass.
[    2.473828] [drm]   Cursor bypass 2.
[    2.473828] [drm]   Alpha cursor.
[    2.473829] [drm]   Extended Fifo.
[    2.473829] [drm]   Pitchlock.
[    2.473829] [drm]   Irq mask.
[    2.473830] [drm]   GMR.
[    2.473830] [drm]   Traces.
[    2.473830] [drm]   GMR2.
[    2.473831] [drm]   Screen Object 2.
[    2.473831] [drm]   Command Buffers.
[    2.473831] [drm]   Command Buffers 2.
[    2.473832] [drm]   Guest Backed Resources.
[    2.473832] [drm] Max GMR ids is 8192
[    2.473833] [drm] Max number of GMR pages is 1048576
[    2.473834] [drm] Max dedicated hypervisor surface memory is 393216 kiB
[    2.473834] [drm] Maximum display memory size is 131072 kiB
[    2.473835] [drm] VRAM at 0xe0000000 size is 131072 kiB
[    2.473836] [drm] MMIO at 0xf0000000 size is 2048 kiB
[    2.474491] [TTM] Zone  kernel: Available graphics memory: 1011738 KiB
[    2.474491] [TTM] Initializing pool allocator
[    2.474495] [TTM] Initializing DMA pool allocator
[    2.474529] [drm] Supports vblank timestamp caching Rev 2 (21.10.2013).
[    2.474529] [drm] No driver support for vblank timestamp query.
[    2.474756] [drm] Screen Target Display device initialized
[    2.475447] [drm] width 720
[    2.475456] [drm] height 400
[    2.475460] [drm] bpp 32
[    2.475978] [drm] Fifo max 0x00200000 min 0x00001000 cap 0x00000355
[    2.477078] [drm] Using command buffers with DMA pool.
[    2.477082] [drm] DX: no.
[    2.477082] [drm] Atomic: yes.
[    2.477083] [drm] SM4_1: no.
[    2.477102] [drm:vmw_host_log [vmwgfx]] *ERROR* Failed to send host log message.
[    2.478003] [drm:vmw_host_log [vmwgfx]] *ERROR* Failed to send host log message.
[    2.488758] fbcon: svgadrmfb (fb0) is primary device
[    2.493363] Console: switching to colour frame buffer device 100x37
[    2.518905] [drm] Initialized vmwgfx 2.15.0 20180704 for 0000:00:02.0 on minor 0
[    2.520148] systemd[1]: Finished Load Kernel Modules.
[    2.521174] systemd[1]: Mounting FUSE Control File System...
[    2.522407] systemd[1]: Mounting Kernel Configuration File System...
[    2.528491] systemd[1]: Starting Apply Kernel Variables...
[    2.540322] systemd[1]: Mounted FUSE Control File System.
[    2.540392] systemd[1]: Condition check resulted in VMware vmblock fuse mount being skipped.
[    2.542547] systemd[1]: Finished Set the console keyboard layout.
[    2.544015] systemd[1]: Mounted Kernel Configuration File System.
[    2.544092] systemd[1]: Reached target Local File Systems (Pre).
[    2.547834] systemd[1]: Mounting Mount unit for bare, revision 5...
[    2.556533] systemd[1]: Mounting Mount unit for core18, revision 1705...
[    2.561827] systemd[1]: Mounting Mount unit for gnome-3-34-1804, revision 24...
[    2.573643] systemd[1]: Mounting Mount unit for gtk-common-themes, revision 1506...
[    2.595571] systemd[1]: Mounting Mount unit for gtk-common-themes, revision 1535...
[    2.603640] systemd[1]: Mounting Mount unit for snap-store, revision 433...
[    2.610728] systemd[1]: Mounting Mount unit for snapd, revision 25935...
[    2.627338] systemd[1]: Finished Apply Kernel Variables.
[    2.629384] systemd[1]: Mounted Mount unit for bare, revision 5.
[    2.631897] systemd[1]: Mounted Mount unit for core18, revision 1705.
[    2.631989] systemd[1]: Mounted Mount unit for gnome-3-34-1804, revision 24.
[    2.644579] systemd[1]: Started udev Kernel Device Manager.
[    2.645282] systemd[1]: Starting Show Plymouth Boot Screen...
[    2.648025] systemd[1]: Mounted Mount unit for gtk-common-themes, revision 1506.
[    2.649646] systemd[1]: Received SIGRTMIN+20 from PID 271 (plymouthd).
[    2.662315] systemd[1]: Started Show Plymouth Boot Screen.
[    2.662500] systemd[1]: Condition check resulted in Dispatch Password Requests to Console Directory Watch being skipped.
[    2.662583] systemd[1]: Started Forward Password Requests to Plymouth Directory Watch.
[    2.662674] systemd[1]: Reached target Local Encrypted Volumes.
[    2.729330] systemd[1]: Mounted Mount unit for gtk-common-themes, revision 1535.
[    2.729590] systemd[1]: Mounted Mount unit for snap-store, revision 433.
[    2.729769] systemd[1]: Mounted Mount unit for snapd, revision 25935.
[    2.729917] systemd[1]: Reached target Local File Systems.
[    2.733100] systemd[1]: Starting Load AppArmor profiles...
[    2.744157] systemd[1]: Starting Set console font and keymap...
[    2.754805] systemd[1]: Starting Tell Plymouth To Write Out Runtime Data...
[    2.760498] systemd[1]: Condition check resulted in Store a System Token in an EFI Variable being skipped.
[    2.760529] systemd[1]: Condition check resulted in Commit a transient machine-id on disk being skipped.
[    2.761416] systemd[1]: Finished Set console font and keymap.
[    2.770842] systemd[1]: Received SIGRTMIN+20 from PID 271 (plymouthd).
[    2.772496] systemd[1]: plymouth-read-write.service: Succeeded.
[    2.772725] systemd[1]: Finished Tell Plymouth To Write Out Runtime Data.
[    2.804849] audit: type=1400 audit(1768590282.644:2): apparmor="STATUS" operation="profile_load" profile="unconfined" name="nvidia_modprobe" pid=299 comm="apparmor_parser"
[    2.804851] audit: type=1400 audit(1768590282.644:3): apparmor="STATUS" operation="profile_load" profile="unconfined" name="nvidia_modprobe//kmod" pid=299 comm="apparmor_parser"
[    2.811534] audit: type=1400 audit(1768590282.648:4): apparmor="STATUS" operation="profile_load" profile="unconfined" name="/usr/sbin/tcpdump" pid=300 comm="apparmor_parser"
[    2.838430] audit: type=1400 audit(1768590282.668:5): apparmor="STATUS" operation="profile_load" profile="unconfined" name="/usr/bin/evince" pid=302 comm="apparmor_parser"
[    2.838432] audit: type=1400 audit(1768590282.668:6): apparmor="STATUS" operation="profile_load" profile="unconfined" name="/usr/bin/evince//sanitized_helper" pid=302 comm="apparmor_parser"
[    2.838433] audit: type=1400 audit(1768590282.668:7): apparmor="STATUS" operation="profile_load" profile="unconfined" name="/usr/bin/evince-previewer" pid=302 comm="apparmor_parser"
[    2.838435] audit: type=1400 audit(1768590282.668:8): apparmor="STATUS" operation="profile_load" profile="unconfined" name="/usr/bin/evince-previewer//sanitized_helper" pid=302 comm="apparmor_parser"
[    2.838438] audit: type=1400 audit(1768590282.668:9): apparmor="STATUS" operation="profile_load" profile="unconfined" name="/usr/bin/evince-thumbnailer" pid=302 comm="apparmor_parser"
[    2.868327] audit: type=1400 audit(1768590282.708:10): apparmor="STATUS" operation="profile_load" profile="unconfined" name="/usr/lib/cups/backend/cups-pdf" pid=303 comm="apparmor_parser"
[    2.946881] systemd[1]: Finished Load AppArmor profiles.
[    2.947803] systemd[1]: Starting Load AppArmor profiles managed internally by snapd...
[    3.060632] systemd[1]: Finished Load AppArmor profiles managed internally by snapd.
[    3.203323] systemd[1]: Started Journal Service.
[    3.213093] systemd-journald[229]: Received client request to flush runtime journal.
[    3.216428] systemd-journald[229]: File /var/log/journal/c455b248004a419c87ce85eea238d727/system.journal corrupted or uncleanly shut down, renaming and replacing.
[    4.514318] RAPL PMU: API unit is 2^-32 Joules, 0 fixed counters, 10737418240 ms ovfl timer
[    4.523112] cryptd: max_cpu_qlen set to 1000
[    4.590479] AVX2 version of gcm_enc/dec engaged.
[    4.590480] AES CTR mode by8 optimization enabled
[    6.460703] Adding 1998844k swap on /dev/sda1.  Priority:-2 extents:1 across:1998844k FS
[    8.172200] kauditd_printk_skb: 30 callbacks suppressed
[    8.172201] audit: type=1400 audit(1768590288.012:41): apparmor="DENIED" operation="capable" profile="/usr/sbin/cups-browsed" pid=510 comm="cups-browsed" capability=23  capname="sys_nice"
[    8.994499] pcnet32 0000:00:03.0 enp0s3: link up, 100Mbps, full-duplex
[    9.045092] e1000: enp0s8 NIC Link is Up 1000 Mbps Full Duplex, Flow Control: RX
[    9.045368] IPv6: ADDRCONF(NETDEV_CHANGE): enp0s8: link becomes ready
[    9.061404] e1000: enp0s9 NIC Link is Up 1000 Mbps Full Duplex, Flow Control: RX
[    9.061695] IPv6: ADDRCONF(NETDEV_CHANGE): enp0s9: link becomes ready
[    9.704876] device enp0s3 entered promiscuous mode
[    9.734227] audit: type=1400 audit(1768590289.576:42): apparmor="DENIED" operation="open" profile="/usr/sbin/tcpdump" name="/proc/sys/kernel/random/boot_id" pid=662 comm="tcpdump" requested_mask="r" denied_mask="r" fsuid=0 ouid=0
[    9.734438] audit: type=1400 audit(1768590289.576:43): apparmor="DENIED" operation="open" profile="/usr/sbin/tcpdump" name="/proc/sys/kernel/random/boot_id" pid=662 comm="tcpdump" requested_mask="r" denied_mask="r" fsuid=0 ouid=0
[    9.734489] audit: type=1400 audit(1768590289.576:44): apparmor="DENIED" operation="open" profile="/usr/sbin/tcpdump" name="/proc/sys/kernel/random/boot_id" pid=662 comm="tcpdump" requested_mask="r" denied_mask="r" fsuid=0 ouid=0
[    9.734550] audit: type=1400 audit(1768590289.576:45): apparmor="DENIED" operation="open" profile="/usr/sbin/tcpdump" name="/proc/sys/kernel/random/boot_id" pid=662 comm="tcpdump" requested_mask="r" denied_mask="r" fsuid=0 ouid=0
[    9.740584] audit: type=1400 audit(1768590289.584:46): apparmor="DENIED" operation="open" profile="/usr/sbin/tcpdump" name="/proc/sys/kernel/random/boot_id" pid=663 comm="tcpdump" requested_mask="r" denied_mask="r" fsuid=0 ouid=0
[    9.741837] audit: type=1400 audit(1768590289.584:47): apparmor="DENIED" operation="open" profile="/usr/sbin/tcpdump" name="/proc/sys/kernel/random/boot_id" pid=663 comm="tcpdump" requested_mask="r" denied_mask="r" fsuid=0 ouid=0
[    9.741881] audit: type=1400 audit(1768590289.584:48): apparmor="DENIED" operation="open" profile="/usr/sbin/tcpdump" name="/proc/sys/kernel/random/boot_id" pid=663 comm="tcpdump" requested_mask="r" denied_mask="r" fsuid=0 ouid=0
[    9.741943] audit: type=1400 audit(1768590289.584:49): apparmor="DENIED" operation="open" profile="/usr/sbin/tcpdump" name="/proc/sys/kernel/random/boot_id" pid=663 comm="tcpdump" requested_mask="r" denied_mask="r" fsuid=0 ouid=0
[   15.600414] rfkill: input handler disabled
[  271.001013] AAAAA-TCP_FORW: name:enp0s3: saddr:16783984: daddr:100932208
[  271.248055] AAAAA-TCP_FORW: name:enp0s3: saddr:16783984: daddr:100932208
[  271.437187] AAAAA-TCP_FORW: name:enp0s3: saddr:33561200: daddr:100932208
[  271.525849] AAAAA-TCP_FORW: name:enp0s3: saddr:100932208: daddr:16783984
[  271.688990] AAAAA-TCP_FORW: name:enp0s3: saddr:33561200: daddr:100932208
[  271.842577] AAAAA-TCP_FORW: name:enp0s3: saddr:100932208: daddr:16783984
[  272.159312] AAAAA-TCP_FORW: name:enp0s3: saddr:100932208: daddr:33561200
[  272.355442] AAAAA-TCP_FORW: name:enp0s3: saddr:16783984: daddr:100932208
[  272.676575] AAAAA-TCP_FORW: name:enp0s3: saddr:33561200: daddr:100932208
[  272.963903] AAAAA-TCP_FORW: name:enp0s3: saddr:100932208: daddr:16783984
[  273.116222] AAAAA-TCP_FORW: name:enp0s3: saddr:16783984: daddr:100932208
[  273.249304] AAAAA-TCP_FORW: name:enp0s3: saddr:16783984: daddr:100932208
[  273.754321] AAAAA-TCP_FORW: name:enp0s3: saddr:33561200: daddr:100932208
[  456.833884] rfkill: input handler enabled
[  465.091428] rfkill: input handler disabled
[  694.742078] device enp0s3 left promiscuous mode
