[    0.000000] Linux version 5.4.243-mptcp (root@ztg) (gcc version 12.2.0 (Debian 12.2.0-14+deb12u1)) #53 SMP Wed Dec 24 23:28:15 CST 2025
[    0.000000] Command line: BOOT_IMAGE=/boot/vmlinuz-5.4.243-mptcp root=UUID=98415a12-53b7-4144-8265-0f7ece09e445 ro quiet splash
[    0.000000] KERNEL supported cpus:
[    0.000000]   Intel GenuineIntel
[    0.000000]   AMD AuthenticAMD
[    0.000000]   Hygon HygonGenuine
[    0.000000]   Centaur CentaurHauls
[    0.000000]   zhaoxin   Shanghai  
[    0.000000] x86/fpu: Supporting XSAVE feature 0x001: 'x87 floating point registers'
[    0.000000] x86/fpu: Supporting XSAVE feature 0x002: 'SSE registers'
[    0.000000] x86/fpu: Supporting XSAVE feature 0x004: 'AVX registers'
[    0.000000] x86/fpu: xstate_offset[2]:  576, xstate_sizes[2]:  256
[    0.000000] x86/fpu: Enabled xstate features 0x7, context size is 832 bytes, using 'standard' format.
[    0.000000] BIOS-provided physical RAM map:
[    0.000000] BIOS-e820: [mem 0x0000000000000000-0x000000000009fbff] usable
[    0.000000] BIOS-e820: [mem 0x000000000009fc00-0x000000000009ffff] reserved
[    0.000000] BIOS-e820: [mem 0x00000000000f0000-0x00000000000fffff] reserved
[    0.000000] BIOS-e820: [mem 0x0000000000100000-0x000000007ffeffff] usable
[    0.000000] BIOS-e820: [mem 0x000000007fff0000-0x000000007fffffff] ACPI data
[    0.000000] BIOS-e820: [mem 0x00000000fec00000-0x00000000fec00fff] reserved
[    0.000000] BIOS-e820: [mem 0x00000000fee00000-0x00000000fee00fff] reserved
[    0.000000] BIOS-e820: [mem 0x00000000fffc0000-0x00000000ffffffff] reserved
[    0.000000] NX (Execute Disable) protection: active
[    0.000000] SMBIOS 2.5 present.
[    0.000000] DMI: innotek GmbH VirtualBox/VirtualBox, BIOS VirtualBox 12/01/2006
[    0.000000] Hypervisor detected: KVM
[    0.000000] kvm-clock: Using msrs 4b564d01 and 4b564d00
[    0.000000] kvm-clock: cpu 0, msr 7c201001, primary cpu clock
[    0.000001] kvm-clock: using sched offset of 4476208261 cycles
[    0.000004] clocksource: kvm-clock: mask: 0xffffffffffffffff max_cycles: 0x1cd42e4dffb, max_idle_ns: 881590591483 ns
[    0.000006] tsc: Detected 2100.000 MHz processor
[    0.002390] e820: update [mem 0x00000000-0x00000fff] usable ==> reserved
[    0.002392] e820: remove [mem 0x000a0000-0x000fffff] usable
[    0.002397] last_pfn = 0x7fff0 max_arch_pfn = 0x400000000
[    0.002478] MTRR default type: uncachable
[    0.002479] MTRR fixed ranges enabled:
[    0.002480]   00000-9FFFF write-back
[    0.002481]   A0000-BFFFF uncachable
[    0.002482]   C0000-FFFFF write-protect
[    0.002483] MTRR variable ranges enabled:
[    0.002484]   0 base 000000000000 mask 3FFF80000000 write-back
[    0.002485]   1 disabled
[    0.002486]   2 disabled
[    0.002486]   3 disabled
[    0.002487]   4 disabled
[    0.002488]   5 disabled
[    0.002488]   6 disabled
[    0.002489]   7 disabled
[    0.002489]   8 disabled
[    0.002489]   9 disabled
[    0.002490]   10 disabled
[    0.002490]   11 disabled
[    0.002491]   12 disabled
[    0.002491]   13 disabled
[    0.002492]   14 disabled
[    0.002493]   15 disabled
[    0.002511] x86/PAT: Configuration [0-7]: WB  WC  UC- UC  WB  WP  UC- WT  
[    0.002659] found SMP MP-table at [mem 0x0009fff0-0x0009ffff]
[    0.114725] check: Scanning 1 areas for low memory corruption
[    0.115066] RAMDISK: [mem 0x32271000-0x3512ffff]
[    0.115076] ACPI: Early table checksum verification disabled
[    0.115082] ACPI: RSDP 0x00000000000E0000 000024 (v02 VBOX  )
[    0.115088] ACPI: XSDT 0x000000007FFF0030 00003C (v01 VBOX   VBOXXSDT 00000001 ASL  00000061)
[    0.115095] ACPI: FACP 0x000000007FFF00F0 0000F4 (v04 VBOX   VBOXFACP 00000001 ASL  00000061)
[    0.115102] ACPI: DSDT 0x000000007FFF02E0 002353 (v02 VBOX   VBOXBIOS 00000002 VBOX 00029BF3)
[    0.115107] ACPI: FACS 0x000000007FFF0200 000040
[    0.115111] ACPI: FACS 0x000000007FFF0200 000040
[    0.115114] ACPI: APIC 0x000000007FFF0240 000054 (v02 VBOX   VBOXAPIC 00000001 ASL  00000061)
[    0.115119] ACPI: SSDT 0x000000007FFF02A0 000038 (v01 VBOX   VBOXCPUT 00000002 VBOX 00029BF3)
[    0.115123] ACPI: Reserving FACP table memory at [mem 0x7fff00f0-0x7fff01e3]
[    0.115124] ACPI: Reserving DSDT table memory at [mem 0x7fff02e0-0x7fff2632]
[    0.115125] ACPI: Reserving FACS table memory at [mem 0x7fff0200-0x7fff023f]
[    0.115125] ACPI: Reserving FACS table memory at [mem 0x7fff0200-0x7fff023f]
[    0.115127] ACPI: Reserving APIC table memory at [mem 0x7fff0240-0x7fff0293]
[    0.115127] ACPI: Reserving SSDT table memory at [mem 0x7fff02a0-0x7fff02d7]
[    0.115145] ACPI: Local APIC address 0xfee00000
[    0.115378] No NUMA configuration found
[    0.115379] Faking a node at [mem 0x0000000000000000-0x000000007ffeffff]
[    0.115392] NODE_DATA(0) allocated [mem 0x7ffc5000-0x7ffeffff]
[    0.115767] Zone ranges:
[    0.115768]   DMA      [mem 0x0000000000001000-0x0000000000ffffff]
[    0.115770]   DMA32    [mem 0x0000000001000000-0x000000007ffeffff]
[    0.115771]   Normal   empty
[    0.115771]   Device   empty
[    0.115772] Movable zone start for each node
[    0.115775] Early memory node ranges
[    0.115775]   node   0: [mem 0x0000000000001000-0x000000000009efff]
[    0.115777]   node   0: [mem 0x0000000000100000-0x000000007ffeffff]
[    0.115780] Zeroed struct page in unavailable ranges: 114 pages
[    0.115782] Initmem setup node 0 [mem 0x0000000000001000-0x000000007ffeffff]
[    0.115783] On node 0 totalpages: 524174
[    0.115784]   DMA zone: 64 pages used for memmap
[    0.115785]   DMA zone: 21 pages reserved
[    0.115786]   DMA zone: 3998 pages, LIFO batch:0
[    0.115877]   DMA32 zone: 8128 pages used for memmap
[    0.115878]   DMA32 zone: 520176 pages, LIFO batch:63
[    0.127362] ACPI: PM-Timer IO Port: 0x4008
[    0.127367] ACPI: Local APIC address 0xfee00000
[    0.127456] IOAPIC[0]: apic_id 1, version 32, address 0xfec00000, GSI 0-23
[    0.127460] ACPI: INT_SRC_OVR (bus 0 bus_irq 0 global_irq 2 dfl dfl)
[    0.127462] ACPI: INT_SRC_OVR (bus 0 bus_irq 9 global_irq 9 low level)
[    0.127464] ACPI: IRQ0 used by override.
[    0.127466] ACPI: IRQ9 used by override.
[    0.127468] Using ACPI (MADT) for SMP configuration information
[    0.127477] smpboot: Allowing 1 CPUs, 0 hotplug CPUs
[    0.127505] PM: Registered nosave memory: [mem 0x00000000-0x00000fff]
[    0.127507] PM: Registered nosave memory: [mem 0x0009f000-0x0009ffff]
[    0.127508] PM: Registered nosave memory: [mem 0x000a0000-0x000effff]
[    0.127508] PM: Registered nosave memory: [mem 0x000f0000-0x000fffff]
[    0.127510] [mem 0x80000000-0xfebfffff] available for PCI devices
[    0.127511] Booting paravirtualized kernel on KVM
[    0.127515] clocksource: refined-jiffies: mask: 0xffffffff max_cycles: 0xffffffff, max_idle_ns: 7645519600211568 ns
[    0.127522] setup_percpu: NR_CPUS:8192 nr_cpumask_bits:1 nr_cpu_ids:1 nr_node_ids:1
[    0.128667] percpu: Embedded 60 pages/cpu s208896 r8192 d28672 u2097152
[    0.128672] pcpu-alloc: s208896 r8192 d28672 u2097152 alloc=1*2097152
[    0.128673] pcpu-alloc: [0] 0 
[    0.128704] Built 1 zonelists, mobility grouping on.  Total pages: 515961
[    0.128705] Policy zone: DMA32
[    0.128707] Kernel command line: BOOT_IMAGE=/boot/vmlinuz-5.4.243-mptcp root=UUID=98415a12-53b7-4144-8265-0f7ece09e445 ro quiet splash
[    0.129658] Dentry cache hash table entries: 262144 (order: 9, 2097152 bytes, linear)
[    0.129823] Inode-cache hash table entries: 131072 (order: 8, 1048576 bytes, linear)
[    0.129882] mem auto-init: stack:off, heap alloc:on, heap free:off
[    0.129885] Calgary: detecting Calgary via BIOS EBDA area
[    0.129887] Calgary: Unable to locate Rio Grande table in EBDA - bailing!
[    0.134479] Memory: 1967332K/2096696K available (14339K kernel code, 2398K rwdata, 4712K rodata, 2728K init, 17260K bss, 129364K reserved, 0K cma-reserved)
[    0.135410] SLUB: HWalign=64, Order=0-3, MinObjects=0, CPUs=1, Nodes=1
[    0.135426] ftrace: allocating 43186 entries in 169 pages
[    0.154250] rcu: Hierarchical RCU implementation.
[    0.154252] rcu: 	RCU restricting CPUs from NR_CPUS=8192 to nr_cpu_ids=1.
[    0.154254] 	Tasks RCU enabled.
[    0.154255] rcu: RCU calculated value of scheduler-enlistment delay is 25 jiffies.
[    0.154256] rcu: Adjusting geometry for rcu_fanout_leaf=16, nr_cpu_ids=1
[    0.158119] NR_IRQS: 524544, nr_irqs: 256, preallocated irqs: 16
[    0.158454] random: crng init done
[    0.171819] Console: colour VGA+ 80x25
[    0.171824] printk: console [tty0] enabled
[    0.171850] ACPI: Core revision 20190816
[    0.171973] APIC: Switch to symmetric I/O mode setup
[    0.172337] x2apic enabled
[    0.172686] Switched APIC routing to physical x2apic.
[    0.174392] ..TIMER: vector=0x30 apic1=0 pin1=2 apic2=-1 pin2=-1
[    0.174426] clocksource: tsc-early: mask: 0xffffffffffffffff max_cycles: 0x1e4530a99b6, max_idle_ns: 440795257976 ns
[    0.174433] Calibrating delay loop (skipped) preset value.. 4200.00 BogoMIPS (lpj=8400000)
[    0.174436] pid_max: default: 32768 minimum: 301
[    0.174472] LSM: Security Framework initializing
[    0.174484] Yama: becoming mindful.
[    0.174517] AppArmor: AppArmor initialized
[    0.174559] Mount-cache hash table entries: 4096 (order: 3, 32768 bytes, linear)
[    0.174564] Mountpoint-cache hash table entries: 4096 (order: 3, 32768 bytes, linear)
[    0.174578] *** VALIDATE tmpfs ***
[    0.174739] *** VALIDATE proc ***
[    0.174792] *** VALIDATE cgroup1 ***
[    0.174793] *** VALIDATE cgroup2 ***
[    0.174964] process: using mwait in idle threads
[    0.174971] Last level iTLB entries: 4KB 64, 2MB 8, 4MB 8
[    0.174972] Last level dTLB entries: 4KB 64, 2MB 0, 4MB 0, 1GB 4
[    0.174997] Spectre V1 : Mitigation: usercopy/swapgs barriers and __user pointer sanitization
[    0.175003] Spectre V2 : Mitigation: Retpolines
[    0.175004] Spectre V2 : Spectre v2 / SpectreRSB mitigation: Filling RSB on context switch
[    0.175004] Spectre V2 : Spectre v2 / SpectreRSB : Filling RSB on VMEXIT
[    0.175005] RETBleed: WARNING: Spectre v2 mitigation leaves CPU vulnerable to RETBleed attacks, data leaks possible!
[    0.175517] RETBleed: Vulnerable
[    0.175518] Speculative Store Bypass: Vulnerable
[    0.175523] TAA: Mitigation: TSX disabled
[    0.175524] MMIO Stale Data: Mitigation: Clear CPU buffers
[    0.183776] Freeing SMP alternatives memory: 40K
[    0.294155] smpboot: CPU0: Intel(R) Xeon(R) Silver 4216 CPU @ 2.10GHz (family: 0x6, model: 0x55, stepping: 0x7)
[    0.294321] Performance Events: unsupported p6 CPU model 85 no PMU driver, software events only.
[    0.294361] rcu: Hierarchical SRCU implementation.
[    0.294428] NMI watchdog: Perf NMI watchdog permanently disabled
[    0.294428] smp: Bringing up secondary CPUs ...
[    0.294428] smp: Brought up 1 node, 1 CPU
[    0.294428] smpboot: Max logical packages: 1
[    0.294428] smpboot: Total of 1 processors activated (4200.00 BogoMIPS)
[    0.294428] devtmpfs: initialized
[    0.294428] x86/mm: Memory block size: 128MB
[    0.294428] clocksource: jiffies: mask: 0xffffffff max_cycles: 0xffffffff, max_idle_ns: 7645041785100000 ns
[    0.294428] futex hash table entries: 256 (order: 2, 16384 bytes, linear)
[    0.294428] pinctrl core: initialized pinctrl subsystem
[    0.294428] PM: RTC time: 21:38:21, date: 2026-01-14
[    0.294428] NET: Registered protocol family 16
[    0.294428] audit: initializing netlink subsys (disabled)
[    0.294428] EISA bus registered
[    0.294428] cpuidle: using governor ladder
[    0.294428] cpuidle: using governor menu
[    0.294428] ACPI: bus type PCI registered
[    0.294428] acpiphp: ACPI Hot Plug PCI Controller Driver version: 0.5
[    0.294428] PCI: Using configuration type 1 for base access
[    0.294895] audit: type=2000 audit(1768397908.187:1): state=initialized audit_enabled=0 res=1
[    0.294986] HugeTLB registered 2.00 MiB page size, pre-allocated 0 pages
[    0.295811] ACPI: Added _OSI(Module Device)
[    0.295812] ACPI: Added _OSI(Processor Device)
[    0.295812] ACPI: Added _OSI(3.0 _SCP Extensions)
[    0.295813] ACPI: Added _OSI(Processor Aggregator Device)
[    0.295814] ACPI: Added _OSI(Linux-Dell-Video)
[    0.295815] ACPI: Added _OSI(Linux-Lenovo-NV-HDMI-Audio)
[    0.295816] ACPI: Added _OSI(Linux-HPI-Hybrid-Graphics)
[    0.297775] ACPI: 2 ACPI AML tables successfully acquired and loaded
[    0.298428] ACPI: Interpreter enabled
[    0.298428] ACPI: (supports S0 S5)
[    0.298428] ACPI: Using IOAPIC for interrupt routing
[    0.298457] PCI: Using host bridge windows from ACPI; if necessary, use "pci=nocrs" and report a bug
[    0.298567] ACPI: Enabled 2 GPEs in block 00 to 07
[    0.305485] ACPI: PCI Root Bridge [PCI0] (domain 0000 [bus 00-ff])
[    0.305490] acpi PNP0A03:00: _OSC: OS supports [ASPM ClockPM Segments MSI HPX-Type3]
[    0.305936] acpi PNP0A03:00: _OSC: not requesting OS control; OS requires [ExtendedConfig ASPM ClockPM MSI]
[    0.305944] acpi PNP0A03:00: fail to add MMCONFIG information, can't access extended PCI configuration space under this bridge.
[    0.306319] PCI host bridge to bus 0000:00
[    0.306321] pci_bus 0000:00: root bus resource [io  0x0000-0x0cf7 window]
[    0.306322] pci_bus 0000:00: root bus resource [io  0x0d00-0xffff window]
[    0.306324] pci_bus 0000:00: root bus resource [mem 0x000a0000-0x000bffff window]
[    0.306325] pci_bus 0000:00: root bus resource [mem 0x80000000-0xfdffffff window]
[    0.306326] pci_bus 0000:00: root bus resource [bus 00-ff]
[    0.306373] pci 0000:00:00.0: [8086:1237] type 00 class 0x060000
[    0.307365] pci 0000:00:01.0: [8086:7000] type 00 class 0x060100
[    0.308127] pci 0000:00:01.1: [8086:7111] type 00 class 0x01018a
[    0.308517] pci 0000:00:01.1: reg 0x20: [io  0xd000-0xd00f]
[    0.308670] pci 0000:00:01.1: legacy IDE quirk: reg 0x10: [io  0x01f0-0x01f7]
[    0.308671] pci 0000:00:01.1: legacy IDE quirk: reg 0x14: [io  0x03f6]
[    0.308672] pci 0000:00:01.1: legacy IDE quirk: reg 0x18: [io  0x0170-0x0177]
[    0.308673] pci 0000:00:01.1: legacy IDE quirk: reg 0x1c: [io  0x0376]
[    0.309218] pci 0000:00:02.0: [15ad:0405] type 00 class 0x030000
[    0.312311] pci 0000:00:02.0: reg 0x10: [io  0xd010-0xd01f]
[    0.314476] pci 0000:00:02.0: reg 0x14: [mem 0xe0000000-0xe7ffffff pref]
[    0.316954] pci 0000:00:02.0: reg 0x18: [mem 0xf0000000-0xf01fffff]
[    0.327208] pci 0000:00:03.0: [1022:2000] type 00 class 0x020000
[    0.327886] pci 0000:00:03.0: reg 0x10: [io  0xd020-0xd03f]
[    0.328497] pci 0000:00:03.0: reg 0x14: [mem 0xf0200000-0xf0200fff]
[    0.332965] pci 0000:00:04.0: [80ee:cafe] type 00 class 0x088000
[    0.333634] pci 0000:00:04.0: reg 0x10: [io  0xd040-0xd05f]
[    0.334240] pci 0000:00:04.0: reg 0x14: [mem 0xf0400000-0xf07fffff]
[    0.335108] pci 0000:00:04.0: reg 0x18: [mem 0xf0800000-0xf0803fff pref]
[    0.338476] pci 0000:00:07.0: [8086:7113] type 00 class 0x068000
[    0.339021] pci 0000:00:07.0: quirk: [io  0x4000-0x403f] claimed by PIIX4 ACPI
[    0.339031] pci 0000:00:07.0: quirk: [io  0x4100-0x410f] claimed by PIIX4 SMB
[    0.339646] pci 0000:00:08.0: [8086:100e] type 00 class 0x020000
[    0.340430] pci 0000:00:08.0: reg 0x10: [mem 0xf0820000-0xf083ffff]
[    0.341607] pci 0000:00:08.0: reg 0x18: [io  0xd060-0xd067]
[    0.344623] pci 0000:00:09.0: [8086:100e] type 00 class 0x020000
[    0.345331] pci 0000:00:09.0: reg 0x10: [mem 0xf0840000-0xf085ffff]
[    0.347087] pci 0000:00:09.0: reg 0x18: [io  0xd068-0xd06f]
[    0.355579] ACPI: PCI Interrupt Link [LNKA] (IRQs 5 9 10 *11)
[    0.355865] ACPI: PCI Interrupt Link [LNKB] (IRQs 5 9 *10 11)
[    0.358481] ACPI: PCI Interrupt Link [LNKC] (IRQs 5 *9 10 11)
[    0.358585] ACPI: PCI Interrupt Link [LNKD] (IRQs 5 9 10 *11)
[    0.358840] iommu: Default domain type: Translated 
[    0.358898] pci 0000:00:02.0: vgaarb: setting as boot VGA device
[    0.358900] pci 0000:00:02.0: vgaarb: VGA device added: decodes=io+mem,owns=io+mem,locks=none
[    0.358902] pci 0000:00:02.0: vgaarb: bridge control possible
[    0.358902] vgaarb: loaded
[    0.359114] SCSI subsystem initialized
[    0.359144] libata version 3.00 loaded.
[    0.359170] ACPI: bus type USB registered
[    0.359186] usbcore: registered new interface driver usbfs
[    0.359191] usbcore: registered new interface driver hub
[    0.359196] usbcore: registered new device driver usb
[    0.359227] pps_core: LinuxPPS API ver. 1 registered
[    0.359227] pps_core: Software ver. 5.3.6 - Copyright 2005-2007 Rodolfo Giometti <giometti@linux.it>
[    0.359230] PTP clock support registered
[    0.359263] EDAC MC: Ver: 3.0.0
[    0.359557] PCI: Using ACPI for IRQ routing
[    0.359559] PCI: pci_cache_line_size set to 64 bytes
[    0.359732] e820: reserve RAM buffer [mem 0x0009fc00-0x0009ffff]
[    0.359736] e820: reserve RAM buffer [mem 0x7fff0000-0x7fffffff]
[    0.359866] NetLabel: Initializing
[    0.359867] NetLabel:  domain hash size = 128
[    0.359867] NetLabel:  protocols = UNLABELED CIPSOv4 CALIPSO
[    0.359886] NetLabel:  unlabeled traffic allowed by default
[    0.360812] clocksource: Switched to clocksource kvm-clock
[    0.372324] *** VALIDATE bpf ***
[    0.372383] VFS: Disk quotas dquot_6.6.0
[    0.372395] VFS: Dquot-cache hash table entries: 512 (order 0, 4096 bytes)
[    0.372418] *** VALIDATE ramfs ***
[    0.372421] *** VALIDATE hugetlbfs ***
[    0.372505] AppArmor: AppArmor Filesystem Enabled
[    0.372530] pnp: PnP ACPI init
[    0.372592] pnp 00:00: Plug and Play ACPI device, IDs PNP0303 (active)
[    0.372679] pnp 00:01: Plug and Play ACPI device, IDs PNP0f03 (active)
[    0.373428] pnp: PnP ACPI: found 2 devices
[    0.374414] thermal_sys: Registered thermal governor 'fair_share'
[    0.374415] thermal_sys: Registered thermal governor 'bang_bang'
[    0.374415] thermal_sys: Registered thermal governor 'step_wise'
[    0.374416] thermal_sys: Registered thermal governor 'user_space'
[    0.374417] thermal_sys: Registered thermal governor 'power_allocator'
[    0.378943] clocksource: acpi_pm: mask: 0xffffff max_cycles: 0xffffff, max_idle_ns: 2085701024 ns
[    0.378982] pci_bus 0000:00: resource 4 [io  0x0000-0x0cf7 window]
[    0.378984] pci_bus 0000:00: resource 5 [io  0x0d00-0xffff window]
[    0.378985] pci_bus 0000:00: resource 6 [mem 0x000a0000-0x000bffff window]
[    0.378986] pci_bus 0000:00: resource 7 [mem 0x80000000-0xfdffffff window]
[    0.379049] NET: Registered protocol family 2
[    0.379143] IP idents hash table entries: 32768 (order: 6, 262144 bytes, linear)
[    0.379568] MPTCP tokens hash table entries: 8192 (order: 4, 65536 bytes, linear)
[    0.379591] MPTCP request tokens hash table entries: 8192 (order: 4, 65536 bytes, linear)
[    0.379617] default registered
[    0.379617] default registered
[    0.379617] MPTCP: Stable release v0.96
[    0.379625] tcp_listen_portaddr_hash hash table entries: 1024 (order: 2, 16384 bytes, linear)
[    0.379716] TCP established hash table entries: 16384 (order: 5, 131072 bytes, linear)
[    0.379790] TCP bind hash table entries: 16384 (order: 6, 262144 bytes, linear)
[    0.379816] TCP: Hash tables configured (established 16384 bind 16384)
[    0.379867] UDP hash table entries: 1024 (order: 3, 32768 bytes, linear)
[    0.379879] UDP-Lite hash table entries: 1024 (order: 3, 32768 bytes, linear)
[    0.379907] NET: Registered protocol family 1
[    0.379914] NET: Registered protocol family 44
[    0.379950] pci 0000:00:00.0: Limiting direct PCI/PCI transfers
[    0.379964] pci 0000:00:01.0: Activating ISA DMA hang workarounds
[    0.380035] pci 0000:00:02.0: Video device with shadowed ROM at [mem 0x000c0000-0x000dffff]
[    0.380100] PCI: CLS 0 bytes, default 64
[    0.380156] Trying to unpack rootfs image as initramfs...
[    0.552371] Freeing initrd memory: 47868K
[    0.552371] clocksource: tsc: mask: 0xffffffffffffffff max_cycles: 0x1e4530a99b6, max_idle_ns: 440795257976 ns
[    0.552371] clocksource: Switched to clocksource tsc
[    0.552371] platform rtc_cmos: registered platform RTC device (no PNP device found)
[    0.552371] check: Scanning for low memory corruption every 60 seconds
[    0.552371] Initialise system trusted keyrings
[    0.552371] Key type blacklist registered
[    0.552371] workingset: timestamp_bits=36 max_order=19 bucket_order=0
[    0.552371] zbud: loaded
[    0.552371] squashfs: version 4.0 (2009/01/31) Phillip Lougher
[    0.552371] fuse: init (API version 7.31)
[    0.552371] *** VALIDATE fuse ***
[    0.552371] *** VALIDATE fuse ***
[    0.552371] Platform Keyring initialized
[    0.567559] Key type asymmetric registered
[    0.567560] Asymmetric key parser 'x509' registered
[    0.567575] Block layer SCSI generic (bsg) driver version 0.4 loaded (major 244)
[    0.567614] io scheduler mq-deadline registered
[    0.567753] shpchp: Standard Hot Plug PCI Controller Driver version: 0.4
[    0.567964] ACPI: AC Adapter [AC] (on-line)
[    0.568008] input: Power Button as /devices/LNXSYSTM:00/LNXPWRBN:00/input/input0
[    0.568037] ACPI: Power Button [PWRF]
[    0.568118] input: Sleep Button as /devices/LNXSYSTM:00/LNXSLPBN:00/input/input1
[    0.568133] ACPI: Sleep Button [SLPF]
[    0.568365] Serial: 8250/16550 driver, 32 ports, IRQ sharing enabled
[    0.569519] Linux agpgart interface v0.103
[    0.660051] loop: module loaded
[    0.660211] ata_piix 0000:00:01.1: version 2.13
[    0.660623] scsi host0: ata_piix
[    0.660714] scsi host1: ata_piix
[    0.660741] ata1: PATA max UDMA/33 cmd 0x1f0 ctl 0x3f6 bmdma 0xd000 irq 14
[    0.660742] ata2: PATA max UDMA/33 cmd 0x170 ctl 0x376 bmdma 0xd008 irq 15
[    0.660827] tun: Universal TUN/TAP device driver, 1.6
[    0.661146] PPP generic driver version 2.4.2
[    0.661192] VFIO - User Level meta-driver version: 0.3
[    0.661439] ehci_hcd: USB 2.0 'Enhanced' Host Controller (EHCI) Driver
[    0.661443] ehci-pci: EHCI PCI platform driver
[    0.661460] ehci-platform: EHCI generic platform driver
[    0.661466] ohci_hcd: USB 1.1 'Open' Host Controller (OHCI) Driver
[    0.661468] ohci-pci: OHCI PCI platform driver
[    0.661475] ohci-platform: OHCI generic platform driver
[    0.661479] uhci_hcd: USB Universal Host Controller Interface driver
[    0.661545] i8042: PNP: PS/2 Controller [PNP0303:PS2K,PNP0f03:PS2M] at 0x60,0x64 irq 1,12
[    0.661991] serio: i8042 KBD port at 0x60,0x64 irq 1
[    0.661995] serio: i8042 AUX port at 0x60,0x64 irq 12
[    0.662082] mousedev: PS/2 mouse device common for all mice
[    0.662361] input: AT Translated Set 2 keyboard as /devices/platform/i8042/serio0/input/input2
[    0.662767] rtc_cmos rtc_cmos: registered as rtc0
[    0.662781] rtc_cmos rtc_cmos: alarms up to one day, 114 bytes nvram
[    0.662787] i2c /dev entries driver
[    0.662830] device-mapper: uevent: version 1.0.3
[    0.662873] device-mapper: ioctl: 4.41.0-ioctl (2019-09-16) initialised: dm-devel@redhat.com
[    0.662890] platform eisa.0: Probing EISA bus 0
[    0.662892] platform eisa.0: EISA: Cannot allocate resource for mainboard
[    0.662893] platform eisa.0: Cannot allocate resource for EISA slot 1
[    0.662894] platform eisa.0: Cannot allocate resource for EISA slot 2
[    0.662895] platform eisa.0: Cannot allocate resource for EISA slot 3
[    0.662896] platform eisa.0: Cannot allocate resource for EISA slot 4
[    0.662897] platform eisa.0: Cannot allocate resource for EISA slot 5
[    0.662898] platform eisa.0: Cannot allocate resource for EISA slot 6
[    0.662899] platform eisa.0: Cannot allocate resource for EISA slot 7
[    0.662899] platform eisa.0: Cannot allocate resource for EISA slot 8
[    0.662900] platform eisa.0: EISA: Detected 0 cards
[    0.662903] intel_pstate: CPU model not supported
[    0.662914] ledtrig-cpu: registered to indicate activity on CPUs
[    0.662978] drop_monitor: Initializing network drop monitor service
[    0.663141] NET: Registered protocol family 10
[    0.668143] Segment Routing with IPv6
[    0.668143] fullmesh registered
[    0.668143] ndiffports registered
[    0.668143] binder registered
[    0.668143] roundrobin registered
[    0.668143] redundant registered
[    0.668143] blest registered
[    0.668143] ecf registered
[    0.668143] NET: Registered protocol family 17
[    0.668143] Key type dns_resolver registered
[    0.668143] RAS: Correctable Errors collector initialized.
[    0.668143] IPI shorthand broadcast: enabled
[    0.668143] sched_clock: Marking stable (648156399, 15987108)->(666837497, -2693990)
[    0.668565] registered taskstats version 1
[    0.668576] Loading compiled-in X.509 certificates
[    0.669177] Loaded X.509 cert 'Build time autogenerated kernel key: 6909f3744cebb3d0de528d5887b96a727de79b1e'
[    0.669197] zswap: loaded using pool lzo/zbud
[    0.669254] Key type ._fscrypt registered
[    0.669255] Key type .fscrypt registered
[    0.673761] Key type big_key registered
[    0.675976] Key type encrypted registered
[    0.675978] AppArmor: AppArmor sha1 policy hashing enabled
[    0.675987] ima: No TPM chip found, activating TPM-bypass!
[    0.675991] ima: Allocated hash algorithm: sha1
[    0.675996] ima: No architecture policies found
[    0.676006] evm: Initialising EVM extended attributes:
[    0.676006] evm: security.selinux
[    0.676007] evm: security.SMACK64
[    0.676007] evm: security.SMACK64EXEC
[    0.676008] evm: security.SMACK64TRANSMUTE
[    0.676008] evm: security.SMACK64MMAP
[    0.676009] evm: security.apparmor
[    0.676009] evm: security.ima
[    0.676010] evm: security.capability
[    0.676011] evm: HMAC attrs: 0x1
[    0.676321] PM:   Magic number: 10:829:651
[    0.676361] acpi PNP0A03:00: hash matches
[    0.676458] rtc_cmos rtc_cmos: setting system clock to 2026-01-14T21:38:22 UTC (1768426702)
[    0.832029] ata1.00: ATA-6: VBOX HARDDISK, 1.0, max UDMA/133
[    0.832031] ata1.00: 209715200 sectors, multi 128: LBA 
[    0.832514] scsi 0:0:0:0: Direct-Access     ATA      VBOX HARDDISK    1.0  PQ: 0 ANSI: 5
[    0.832713] sd 0:0:0:0: [sda] 209715200 512-byte logical blocks: (107 GB/100 GiB)
[    0.832721] sd 0:0:0:0: [sda] Write Protect is off
[    0.832723] sd 0:0:0:0: [sda] Mode Sense: 00 3a 00 00
[    0.832734] sd 0:0:0:0: [sda] Write cache: enabled, read cache: enabled, doesn't support DPO or FUA
[    0.832951] sd 0:0:0:0: Attached scsi generic sg0 type 0
[    0.833516]  sda: sda1 sda2
[    0.844140] sd 0:0:0:0: [sda] Attached SCSI disk
[    0.846209] Freeing unused decrypted memory: 2040K
[    0.846970] Freeing unused kernel image memory: 2728K
[    0.846973] Write protecting the kernel read-only data: 22528k
[    0.847722] Freeing unused kernel image memory: 2036K
[    0.848145] Freeing unused kernel image memory: 1432K
[    0.863636] x86/mm: Checked W+X mappings: passed, no W+X pages found.
[    0.863641] Run /init as init process
[    0.958809] ACPI: Video Device [GFX0] (multi-head: yes  rom: no  post: no)
[    0.958884] input: Video Bus as /devices/LNXSYSTM:00/LNXSYBUS:00/PNP0A03:00/LNXVIDEO:00/input/input4
[    0.972212] pcnet32: pcnet32.c:v1.35 21.Apr.2008 tsbogend@alpha.franken.de
[    0.973327] pcnet32: PCnet/FAST III 79C973 at 0xd020, 08:00:27:4a:c8:3d assigned IRQ 19
[    0.973371] pcnet32: Found PHY 0022:561b at address 0
[    0.973683] pcnet32: eth0: registered as PCnet/FAST III 79C973
[    0.975160] piix4_smbus 0000:00:07.0: SMBus Host Controller at 0x4100, revision 0
[    0.975490] pcnet32: 1 cards_found
[    0.979793] e1000: Intel(R) PRO/1000 Network Driver - version 7.3.21-k8-NAPI
[    0.979794] e1000: Copyright (c) 1999-2006 Intel Corporation.
[    1.033315] pcnet32 0000:00:03.0 enp0s3: renamed from eth0
[    1.203670] input: ImExPS/2 Generic Explorer Mouse as /devices/platform/i8042/serio1/input/input5
[    1.396313] e1000 0000:00:08.0 eth0: (PCI:33MHz:32-bit) 08:00:27:a6:92:72
[    1.396317] e1000 0000:00:08.0 eth0: Intel(R) PRO/1000 Network Connection
[    1.790059] e1000 0000:00:09.0 eth1: (PCI:33MHz:32-bit) 08:00:27:d4:fd:c9
[    1.790063] e1000 0000:00:09.0 eth1: Intel(R) PRO/1000 Network Connection
[    1.791599] e1000 0000:00:09.0 enp0s9: renamed from eth1
[    1.794124] e1000 0000:00:08.0 enp0s8: renamed from eth0
[    1.952370] EXT4-fs (sda2): mounted filesystem with ordered data mode. Opts: (null)
[    2.056127] systemd[1]: Inserted module 'autofs4'
[    2.068000] systemd[1]: systemd 245.4-4ubuntu3 running in system mode. (+PAM +AUDIT +SELINUX +IMA +APPARMOR +SMACK +SYSVINIT +UTMP +LIBCRYPTSETUP +GCRYPT +GNUTLS +ACL +XZ +LZ4 +SECCOMP +BLKID +ELFUTILS +KMOD +IDN2 -IDN +PCRE2 default-hierarchy=hybrid)
[    2.068081] systemd[1]: Detected virtualization oracle.
[    2.068084] systemd[1]: Detected architecture x86-64.
[    2.069364] systemd[1]: Set hostname to <ztg>.
[    2.197915] systemd[1]: /lib/systemd/system/dbus.socket:5: ListenStream= references a path below legacy directory /var/run/, updating /var/run/dbus/system_bus_socket â†’ /run/dbus/system_bus_socket; please update the unit file accordingly.
[    2.250092] systemd[1]: Created slice system-modprobe.slice.
[    2.250289] systemd[1]: Created slice User and Session Slice.
[    2.250333] systemd[1]: Started Forward Password Requests to Wall Directory Watch.
[    2.250495] systemd[1]: Set up automount Arbitrary Executable File Formats File System Automount Point.
[    2.250528] systemd[1]: Reached target User and Group Name Lookups.
[    2.250537] systemd[1]: Reached target Remote File Systems.
[    2.250544] systemd[1]: Reached target Slices.
[    2.251107] systemd[1]: Listening on Syslog Socket.
[    2.251174] systemd[1]: Listening on fsck to fsckd communication Socket.
[    2.251213] systemd[1]: Listening on initctl Compatibility Named Pipe.
[    2.251352] systemd[1]: Listening on Journal Audit Socket.
[    2.251402] systemd[1]: Listening on Journal Socket (/dev/log).
[    2.251470] systemd[1]: Listening on Journal Socket.
[    2.251533] systemd[1]: Listening on udev Control Socket.
[    2.251571] systemd[1]: Listening on udev Kernel Socket.
[    2.252361] systemd[1]: Mounting Huge Pages File System...
[    2.253273] systemd[1]: Mounting POSIX Message Queue File System...
[    2.254173] systemd[1]: Mounting Kernel Debug File System...
[    2.255017] systemd[1]: Mounting Kernel Trace File System...
[    2.256950] systemd[1]: Starting Journal Service...
[    2.278508] systemd[1]: Starting Set the console keyboard layout...
[    2.286581] systemd[1]: Starting Create list of static device nodes for the current kernel...
[    2.288418] systemd[1]: Starting Load Kernel Module drm...
[    2.289411] systemd[1]: Condition check resulted in Set Up Additional Binary Formats being skipped.
[    2.289452] systemd[1]: Condition check resulted in File System Check on Root Device being skipped.
[    2.296701] systemd[1]: Starting Load Kernel Modules...
[    2.309568] systemd[1]: Starting Remount Root and Kernel File Systems...
[    2.320349] systemd[1]: Starting udev Coldplug all Devices...
[    2.328445] systemd[1]: Starting Uncomplicated firewall...
[    2.330333] systemd[1]: Mounted Huge Pages File System.
[    2.330420] systemd[1]: Mounted POSIX Message Queue File System.
[    2.330495] systemd[1]: Mounted Kernel Debug File System.
[    2.330562] systemd[1]: Mounted Kernel Trace File System.
[    2.331082] EXT4-fs (sda2): re-mounted. Opts: errors=remount-ro
[    2.361496] systemd[1]: Finished Create list of static device nodes for the current kernel.
[    2.362372] systemd[1]: modprobe@drm.service: Succeeded.
[    2.368454] systemd[1]: Finished Load Kernel Module drm.
[    2.369020] systemd[1]: Finished Remount Root and Kernel File Systems.
[    2.370078] systemd[1]: Finished Uncomplicated firewall.
[    2.385775] systemd[1]: Condition check resulted in Rebuild Hardware Database being skipped.
[    2.385822] systemd[1]: Condition check resulted in Platform Persistent Storage Archival being skipped.
[    2.404378] lp: driver loaded but no devices found
[    2.406031] systemd[1]: Starting Load/Save Random Seed...
[    2.412487] systemd[1]: Starting Create System Users...
[    2.418639] ppdev: user-space parallel port driver
[    2.424413] systemd[1]: Finished Load/Save Random Seed.
[    2.428669] systemd[1]: Finished Create System Users.
[    2.429365] systemd[1]: Starting Create Static Device Nodes in /dev...
[    2.455063] systemd[1]: Finished udev Coldplug all Devices.
[    2.466983] systemd[1]: Finished Create Static Device Nodes in /dev.
[    2.467767] systemd[1]: Starting udev Kernel Device Manager...
[    2.506241] [drm] DMA map mode: Caching DMA mappings.
[    2.506336] [drm] Capabilities:
[    2.506336] [drm]   Rect copy.
[    2.506337] [drm]   Cursor.
[    2.506337] [drm]   Cursor bypass.
[    2.506337] [drm]   Cursor bypass 2.
[    2.506338] [drm]   Alpha cursor.
[    2.506338] [drm]   Extended Fifo.
[    2.506338] [drm]   Pitchlock.
[    2.506339] [drm]   Irq mask.
[    2.506339] [drm]   GMR.
[    2.506339] [drm]   Traces.
[    2.506340] [drm]   GMR2.
[    2.506340] [drm]   Screen Object 2.
[    2.506340] [drm]   Command Buffers.
[    2.506341] [drm]   Command Buffers 2.
[    2.506341] [drm]   Guest Backed Resources.
[    2.506342] [drm] Max GMR ids is 8192
[    2.506343] [drm] Max number of GMR pages is 1048576
[    2.506343] [drm] Max dedicated hypervisor surface memory is 393216 kiB
[    2.506344] [drm] Maximum display memory size is 131072 kiB
[    2.506344] [drm] VRAM at 0xe0000000 size is 131072 kiB
[    2.506345] [drm] MMIO at 0xf0000000 size is 2048 kiB
[    2.512430] [TTM] Zone  kernel: Available graphics memory: 1011738 KiB
[    2.512431] [TTM] Initializing pool allocator
[    2.512434] [TTM] Initializing DMA pool allocator
[    2.512463] [drm] Supports vblank timestamp caching Rev 2 (21.10.2013).
[    2.512464] [drm] No driver support for vblank timestamp query.
[    2.512687] [drm] Screen Target Display device initialized
[    2.512886] [drm] width 720
[    2.512895] [drm] height 400
[    2.512899] [drm] bpp 32
[    2.513428] [drm] Fifo max 0x00200000 min 0x00001000 cap 0x00000355
[    2.514499] [drm] Using command buffers with DMA pool.
[    2.514502] [drm] DX: no.
[    2.514503] [drm] Atomic: yes.
[    2.514503] [drm] SM4_1: no.
[    2.514522] [drm:vmw_host_log [vmwgfx]] *ERROR* Failed to send host log message.
[    2.515438] [drm:vmw_host_log [vmwgfx]] *ERROR* Failed to send host log message.
[    2.552598] fbcon: svgadrmfb (fb0) is primary device
[    2.554734] Console: switching to colour frame buffer device 100x37
[    2.559240] systemd[1]: Finished Set the console keyboard layout.
[    2.559404] systemd[1]: Reached target Local File Systems (Pre).
[    2.563036] systemd[1]: Mounting Mount unit for bare, revision 5...
[    2.564480] [drm] Initialized vmwgfx 2.15.0 20180704 for 0000:00:02.0 on minor 0
[    2.569900] systemd[1]: Mounting Mount unit for core18, revision 1705...
[    2.591681] systemd[1]: Mounting Mount unit for gnome-3-34-1804, revision 24...
[    2.607462] systemd[1]: Mounting Mount unit for gtk-common-themes, revision 1506...
[    2.611935] systemd[1]: Mounting Mount unit for gtk-common-themes, revision 1535...
[    2.613506] systemd[1]: Mounting Mount unit for snap-store, revision 433...
[    2.623022] systemd[1]: Mounting Mount unit for snapd, revision 7264...
[    2.632966] systemd[1]: Finished Load Kernel Modules.
[    2.634327] systemd[1]: Mounted Mount unit for bare, revision 5.
[    2.643544] systemd[1]: Mounting FUSE Control File System...
[    2.647825] systemd[1]: Mounting Kernel Configuration File System...
[    2.661099] systemd[1]: Starting Apply Kernel Variables...
[    2.662949] systemd[1]: Mounted Mount unit for gnome-3-34-1804, revision 24.
[    2.663051] systemd[1]: Mounted FUSE Control File System.
[    2.663108] systemd[1]: Condition check resulted in VMware vmblock fuse mount being skipped.
[    2.682846] systemd[1]: Mounted Kernel Configuration File System.
[    2.685542] systemd[1]: Started udev Kernel Device Manager.
[    2.688518] systemd[1]: Starting Show Plymouth Boot Screen...
[    2.712860] systemd[1]: Finished Apply Kernel Variables.
[    2.714104] systemd[1]: Mounted Mount unit for core18, revision 1705.
[    2.714212] systemd[1]: Mounted Mount unit for gtk-common-themes, revision 1506.
[    2.714736] systemd[1]: Received SIGRTMIN+20 from PID 283 (plymouthd).
[    2.735763] systemd[1]: Mounted Mount unit for gtk-common-themes, revision 1535.
[    2.739465] systemd[1]: Mounted Mount unit for snap-store, revision 433.
[    2.754938] systemd[1]: Mounted Mount unit for snapd, revision 7264.
[    2.755121] systemd[1]: Started Show Plymouth Boot Screen.
[    2.755307] systemd[1]: Condition check resulted in Dispatch Password Requests to Console Directory Watch being skipped.
[    2.755387] systemd[1]: Started Forward Password Requests to Plymouth Directory Watch.
[    2.755451] systemd[1]: Reached target Local Encrypted Volumes.
[    2.755506] systemd[1]: Reached target Local File Systems.
[    2.756292] systemd[1]: Starting Load AppArmor profiles...
[    2.757107] systemd[1]: Starting Set console font and keymap...
[    2.768613] systemd[1]: Starting Tell Plymouth To Write Out Runtime Data...
[    2.770000] systemd[1]: Condition check resulted in Store a System Token in an EFI Variable being skipped.
[    2.770056] systemd[1]: Condition check resulted in Commit a transient machine-id on disk being skipped.
[    2.772527] systemd[1]: Finished Set console font and keymap.
[    2.781484] systemd[1]: Received SIGRTMIN+20 from PID 283 (plymouthd).
[    2.782611] systemd[1]: plymouth-read-write.service: Succeeded.
[    2.782847] systemd[1]: Finished Tell Plymouth To Write Out Runtime Data.
[    2.802533] audit: type=1400 audit(1768426704.620:2): apparmor="STATUS" operation="profile_load" profile="unconfined" name="nvidia_modprobe" pid=302 comm="apparmor_parser"
[    2.802535] audit: type=1400 audit(1768426704.620:3): apparmor="STATUS" operation="profile_load" profile="unconfined" name="nvidia_modprobe//kmod" pid=302 comm="apparmor_parser"
[    2.826384] audit: type=1400 audit(1768426704.648:4): apparmor="STATUS" operation="profile_load" profile="unconfined" name="/usr/sbin/tcpdump" pid=303 comm="apparmor_parser"
[    2.855621] audit: type=1400 audit(1768426704.668:5): apparmor="STATUS" operation="profile_load" profile="unconfined" name="/usr/bin/evince" pid=305 comm="apparmor_parser"
[    2.855623] audit: type=1400 audit(1768426704.668:6): apparmor="STATUS" operation="profile_load" profile="unconfined" name="/usr/bin/evince//sanitized_helper" pid=305 comm="apparmor_parser"
[    2.855625] audit: type=1400 audit(1768426704.668:7): apparmor="STATUS" operation="profile_load" profile="unconfined" name="/usr/bin/evince-previewer" pid=305 comm="apparmor_parser"
[    2.855627] audit: type=1400 audit(1768426704.668:8): apparmor="STATUS" operation="profile_load" profile="unconfined" name="/usr/bin/evince-previewer//sanitized_helper" pid=305 comm="apparmor_parser"
[    2.855628] audit: type=1400 audit(1768426704.668:9): apparmor="STATUS" operation="profile_load" profile="unconfined" name="/usr/bin/evince-thumbnailer" pid=305 comm="apparmor_parser"
[    2.870599] audit: type=1400 audit(1768426704.688:10): apparmor="STATUS" operation="profile_load" profile="unconfined" name="/usr/lib/cups/backend/cups-pdf" pid=306 comm="apparmor_parser"
[    2.950477] systemd[1]: Finished Load AppArmor profiles.
[    2.951433] systemd[1]: Starting Load AppArmor profiles managed internally by snapd...
[    3.017994] systemd[1]: Finished Load AppArmor profiles managed internally by snapd.
[    3.223204] systemd[1]: Started Journal Service.
[    3.233379] systemd-journald[229]: Received client request to flush runtime journal.
[    3.237431] systemd-journald[229]: File /var/log/journal/c455b248004a419c87ce85eea238d727/system.journal corrupted or uncleanly shut down, renaming and replacing.
[    4.605957] RAPL PMU: API unit is 2^-32 Joules, 0 fixed counters, 10737418240 ms ovfl timer
[    4.686141] cryptd: max_cpu_qlen set to 1000
[    4.746844] AVX2 version of gcm_enc/dec engaged.
[    4.746845] AES CTR mode by8 optimization enabled
[    5.568367] Adding 1998844k swap on /dev/sda1.  Priority:-2 extents:1 across:1998844k FS
[    6.855864] kauditd_printk_skb: 30 callbacks suppressed
[    6.855865] audit: type=1400 audit(1768426708.676:41): apparmor="DENIED" operation="capable" profile="/usr/sbin/cups-browsed" pid=499 comm="cups-browsed" capability=23  capname="sys_nice"
[    7.769780] pcnet32 0000:00:03.0 enp0s3: link up, 100Mbps, full-duplex
[    7.806610] e1000: enp0s8 NIC Link is Up 1000 Mbps Full Duplex, Flow Control: RX
[    7.809382] IPv6: ADDRCONF(NETDEV_CHANGE): enp0s8: link becomes ready
[    7.815908] e1000: enp0s9 NIC Link is Up 1000 Mbps Full Duplex, Flow Control: RX
[    7.816227] IPv6: ADDRCONF(NETDEV_CHANGE): enp0s9: link becomes ready
[    8.356815] device enp0s3 entered promiscuous mode
[    8.378957] audit: type=1400 audit(1768426710.196:42): apparmor="DENIED" operation="open" profile="/usr/sbin/tcpdump" name="/proc/sys/kernel/random/boot_id" pid=674 comm="tcpdump" requested_mask="r" denied_mask="r" fsuid=0 ouid=0
[    8.379153] audit: type=1400 audit(1768426710.196:43): apparmor="DENIED" operation="open" profile="/usr/sbin/tcpdump" name="/proc/sys/kernel/random/boot_id" pid=674 comm="tcpdump" requested_mask="r" denied_mask="r" fsuid=0 ouid=0
[    8.379268] audit: type=1400 audit(1768426710.196:44): apparmor="DENIED" operation="open" profile="/usr/sbin/tcpdump" name="/proc/sys/kernel/random/boot_id" pid=674 comm="tcpdump" requested_mask="r" denied_mask="r" fsuid=0 ouid=0
[    8.379327] audit: type=1400 audit(1768426710.196:45): apparmor="DENIED" operation="open" profile="/usr/sbin/tcpdump" name="/proc/sys/kernel/random/boot_id" pid=674 comm="tcpdump" requested_mask="r" denied_mask="r" fsuid=0 ouid=0
[    8.386194] audit: type=1400 audit(1768426710.200:46): apparmor="DENIED" operation="open" profile="/usr/sbin/tcpdump" name="/proc/sys/kernel/random/boot_id" pid=675 comm="tcpdump" requested_mask="r" denied_mask="r" fsuid=0 ouid=0
[    8.386268] audit: type=1400 audit(1768426710.200:47): apparmor="DENIED" operation="open" profile="/usr/sbin/tcpdump" name="/proc/sys/kernel/random/boot_id" pid=675 comm="tcpdump" requested_mask="r" denied_mask="r" fsuid=0 ouid=0
[    8.386306] audit: type=1400 audit(1768426710.200:48): apparmor="DENIED" operation="open" profile="/usr/sbin/tcpdump" name="/proc/sys/kernel/random/boot_id" pid=675 comm="tcpdump" requested_mask="r" denied_mask="r" fsuid=0 ouid=0
[    8.386336] audit: type=1400 audit(1768426710.200:49): apparmor="DENIED" operation="open" profile="/usr/sbin/tcpdump" name="/proc/sys/kernel/random/boot_id" pid=675 comm="tcpdump" requested_mask="r" denied_mask="r" fsuid=0 ouid=0
[   13.017904] rfkill: input handler disabled
[  514.892146] rfkill: input handler enabled
[  524.203691] rfkill: input handler disabled
[  710.879638] device enp0s3 left promiscuous mode
