[    0.000000] Linux version 5.4.243-mptcp (root@ztg) (gcc version 12.2.0 (Debian 12.2.0-14+deb12u1)) #53 SMP Wed Dec 24 23:28:15 CST 2025
[    0.000000] Command line: BOOT_IMAGE=/boot/vmlinuz-5.4.243-mptcp root=UUID=98415a12-53b7-4144-8265-0f7ece09e445 ro quiet splash
[    0.000000] KERNEL supported cpus:
[    0.000000]   Intel GenuineIntel
[    0.000000]   AMD AuthenticAMD
[    0.000000]   Hygon HygonGenuine
[    0.000000]   Centaur CentaurHauls
[    0.000000]   zhaoxin   Shanghai  
[    0.000000] x86/fpu: Supporting XSAVE feature 0x001: 'x87 floating point registers'
[    0.000000] x86/fpu: Supporting XSAVE feature 0x002: 'SSE registers'
[    0.000000] x86/fpu: Supporting XSAVE feature 0x004: 'AVX registers'
[    0.000000] x86/fpu: xstate_offset[2]:  576, xstate_sizes[2]:  256
[    0.000000] x86/fpu: Enabled xstate features 0x7, context size is 832 bytes, using 'standard' format.
[    0.000000] BIOS-provided physical RAM map:
[    0.000000] BIOS-e820: [mem 0x0000000000000000-0x000000000009fbff] usable
[    0.000000] BIOS-e820: [mem 0x000000000009fc00-0x000000000009ffff] reserved
[    0.000000] BIOS-e820: [mem 0x00000000000f0000-0x00000000000fffff] reserved
[    0.000000] BIOS-e820: [mem 0x0000000000100000-0x000000007ffeffff] usable
[    0.000000] BIOS-e820: [mem 0x000000007fff0000-0x000000007fffffff] ACPI data
[    0.000000] BIOS-e820: [mem 0x00000000fec00000-0x00000000fec00fff] reserved
[    0.000000] BIOS-e820: [mem 0x00000000fee00000-0x00000000fee00fff] reserved
[    0.000000] BIOS-e820: [mem 0x00000000fffc0000-0x00000000ffffffff] reserved
[    0.000000] NX (Execute Disable) protection: active
[    0.000000] SMBIOS 2.5 present.
[    0.000000] DMI: innotek GmbH VirtualBox/VirtualBox, BIOS VirtualBox 12/01/2006
[    0.000000] Hypervisor detected: KVM
[    0.000000] kvm-clock: Using msrs 4b564d01 and 4b564d00
[    0.000000] kvm-clock: cpu 0, msr 2b201001, primary cpu clock
[    0.000000] kvm-clock: using sched offset of 4462526300 cycles
[    0.000003] clocksource: kvm-clock: mask: 0xffffffffffffffff max_cycles: 0x1cd42e4dffb, max_idle_ns: 881590591483 ns
[    0.000005] tsc: Detected 2100.000 MHz processor
[    0.001862] e820: update [mem 0x00000000-0x00000fff] usable ==> reserved
[    0.001864] e820: remove [mem 0x000a0000-0x000fffff] usable
[    0.001868] last_pfn = 0x7fff0 max_arch_pfn = 0x400000000
[    0.001936] MTRR default type: uncachable
[    0.001937] MTRR fixed ranges enabled:
[    0.001938]   00000-9FFFF write-back
[    0.001939]   A0000-BFFFF uncachable
[    0.001939]   C0000-FFFFF write-protect
[    0.001940] MTRR variable ranges enabled:
[    0.001941]   0 base 000000000000 mask 3FFF80000000 write-back
[    0.001942]   1 disabled
[    0.001942]   2 disabled
[    0.001943]   3 disabled
[    0.001943]   4 disabled
[    0.001944]   5 disabled
[    0.001944]   6 disabled
[    0.001944]   7 disabled
[    0.001945]   8 disabled
[    0.001945]   9 disabled
[    0.001946]   10 disabled
[    0.001946]   11 disabled
[    0.001947]   12 disabled
[    0.001947]   13 disabled
[    0.001948]   14 disabled
[    0.001948]   15 disabled
[    0.001964] x86/PAT: Configuration [0-7]: WB  WC  UC- UC  WB  WP  UC- WT  
[    0.002098] found SMP MP-table at [mem 0x0009fff0-0x0009ffff]
[    0.090427] check: Scanning 1 areas for low memory corruption
[    0.090563] RAMDISK: [mem 0x32271000-0x3512ffff]
[    0.090571] ACPI: Early table checksum verification disabled
[    0.090576] ACPI: RSDP 0x00000000000E0000 000024 (v02 VBOX  )
[    0.090581] ACPI: XSDT 0x000000007FFF0030 00003C (v01 VBOX   VBOXXSDT 00000001 ASL  00000061)
[    0.090587] ACPI: FACP 0x000000007FFF00F0 0000F4 (v04 VBOX   VBOXFACP 00000001 ASL  00000061)
[    0.090594] ACPI: DSDT 0x000000007FFF02E0 002353 (v02 VBOX   VBOXBIOS 00000002 VBOX 00029BF3)
[    0.090598] ACPI: FACS 0x000000007FFF0200 000040
[    0.090601] ACPI: FACS 0x000000007FFF0200 000040
[    0.090604] ACPI: APIC 0x000000007FFF0240 000054 (v02 VBOX   VBOXAPIC 00000001 ASL  00000061)
[    0.090608] ACPI: SSDT 0x000000007FFF02A0 000038 (v01 VBOX   VBOXCPUT 00000002 VBOX 00029BF3)
[    0.090612] ACPI: Reserving FACP table memory at [mem 0x7fff00f0-0x7fff01e3]
[    0.090612] ACPI: Reserving DSDT table memory at [mem 0x7fff02e0-0x7fff2632]
[    0.090613] ACPI: Reserving FACS table memory at [mem 0x7fff0200-0x7fff023f]
[    0.090614] ACPI: Reserving FACS table memory at [mem 0x7fff0200-0x7fff023f]
[    0.090614] ACPI: Reserving APIC table memory at [mem 0x7fff0240-0x7fff0293]
[    0.090615] ACPI: Reserving SSDT table memory at [mem 0x7fff02a0-0x7fff02d7]
[    0.090629] ACPI: Local APIC address 0xfee00000
[    0.090813] No NUMA configuration found
[    0.090814] Faking a node at [mem 0x0000000000000000-0x000000007ffeffff]
[    0.090825] NODE_DATA(0) allocated [mem 0x7ffc5000-0x7ffeffff]
[    0.091086] Zone ranges:
[    0.091087]   DMA      [mem 0x0000000000001000-0x0000000000ffffff]
[    0.091088]   DMA32    [mem 0x0000000001000000-0x000000007ffeffff]
[    0.091089]   Normal   empty
[    0.091090]   Device   empty
[    0.091090] Movable zone start for each node
[    0.091092] Early memory node ranges
[    0.091093]   node   0: [mem 0x0000000000001000-0x000000000009efff]
[    0.091094]   node   0: [mem 0x0000000000100000-0x000000007ffeffff]
[    0.091097] Zeroed struct page in unavailable ranges: 114 pages
[    0.091098] Initmem setup node 0 [mem 0x0000000000001000-0x000000007ffeffff]
[    0.091099] On node 0 totalpages: 524174
[    0.091101]   DMA zone: 64 pages used for memmap
[    0.091101]   DMA zone: 21 pages reserved
[    0.091102]   DMA zone: 3998 pages, LIFO batch:0
[    0.091171]   DMA32 zone: 8128 pages used for memmap
[    0.091172]   DMA32 zone: 520176 pages, LIFO batch:63
[    0.100103] ACPI: PM-Timer IO Port: 0x4008
[    0.100106] ACPI: Local APIC address 0xfee00000
[    0.100173] IOAPIC[0]: apic_id 1, version 32, address 0xfec00000, GSI 0-23
[    0.100177] ACPI: INT_SRC_OVR (bus 0 bus_irq 0 global_irq 2 dfl dfl)
[    0.100179] ACPI: INT_SRC_OVR (bus 0 bus_irq 9 global_irq 9 low level)
[    0.100181] ACPI: IRQ0 used by override.
[    0.100182] ACPI: IRQ9 used by override.
[    0.100184] Using ACPI (MADT) for SMP configuration information
[    0.100190] smpboot: Allowing 1 CPUs, 0 hotplug CPUs
[    0.100212] PM: Registered nosave memory: [mem 0x00000000-0x00000fff]
[    0.100214] PM: Registered nosave memory: [mem 0x0009f000-0x0009ffff]
[    0.100214] PM: Registered nosave memory: [mem 0x000a0000-0x000effff]
[    0.100215] PM: Registered nosave memory: [mem 0x000f0000-0x000fffff]
[    0.100216] [mem 0x80000000-0xfebfffff] available for PCI devices
[    0.100217] Booting paravirtualized kernel on KVM
[    0.100220] clocksource: refined-jiffies: mask: 0xffffffff max_cycles: 0xffffffff, max_idle_ns: 7645519600211568 ns
[    0.100225] setup_percpu: NR_CPUS:8192 nr_cpumask_bits:1 nr_cpu_ids:1 nr_node_ids:1
[    0.101245] percpu: Embedded 60 pages/cpu s208896 r8192 d28672 u2097152
[    0.101250] pcpu-alloc: s208896 r8192 d28672 u2097152 alloc=1*2097152
[    0.101250] pcpu-alloc: [0] 0 
[    0.101278] Built 1 zonelists, mobility grouping on.  Total pages: 515961
[    0.101279] Policy zone: DMA32
[    0.101280] Kernel command line: BOOT_IMAGE=/boot/vmlinuz-5.4.243-mptcp root=UUID=98415a12-53b7-4144-8265-0f7ece09e445 ro quiet splash
[    0.102113] Dentry cache hash table entries: 262144 (order: 9, 2097152 bytes, linear)
[    0.102261] Inode-cache hash table entries: 131072 (order: 8, 1048576 bytes, linear)
[    0.102312] mem auto-init: stack:off, heap alloc:on, heap free:off
[    0.102314] Calgary: detecting Calgary via BIOS EBDA area
[    0.102315] Calgary: Unable to locate Rio Grande table in EBDA - bailing!
[    0.106319] Memory: 1967332K/2096696K available (14339K kernel code, 2398K rwdata, 4712K rodata, 2728K init, 17260K bss, 129364K reserved, 0K cma-reserved)
[    0.107238] SLUB: HWalign=64, Order=0-3, MinObjects=0, CPUs=1, Nodes=1
[    0.107255] ftrace: allocating 43186 entries in 169 pages
[    0.125416] rcu: Hierarchical RCU implementation.
[    0.125418] rcu: 	RCU restricting CPUs from NR_CPUS=8192 to nr_cpu_ids=1.
[    0.125419] 	Tasks RCU enabled.
[    0.125420] rcu: RCU calculated value of scheduler-enlistment delay is 25 jiffies.
[    0.125421] rcu: Adjusting geometry for rcu_fanout_leaf=16, nr_cpu_ids=1
[    0.128374] NR_IRQS: 524544, nr_irqs: 256, preallocated irqs: 16
[    0.128597] random: crng init done
[    0.138016] Console: colour VGA+ 80x25
[    0.138021] printk: console [tty0] enabled
[    0.138046] ACPI: Core revision 20190816
[    0.138150] APIC: Switch to symmetric I/O mode setup
[    0.138401] x2apic enabled
[    0.138641] Switched APIC routing to physical x2apic.
[    0.139775] ..TIMER: vector=0x30 apic1=0 pin1=2 apic2=-1 pin2=-1
[    0.139800] clocksource: tsc-early: mask: 0xffffffffffffffff max_cycles: 0x1e4530a99b6, max_idle_ns: 440795257976 ns
[    0.139806] Calibrating delay loop (skipped) preset value.. 4200.00 BogoMIPS (lpj=8400000)
[    0.139808] pid_max: default: 32768 minimum: 301
[    0.139837] LSM: Security Framework initializing
[    0.139846] Yama: becoming mindful.
[    0.139873] AppArmor: AppArmor initialized
[    0.139907] Mount-cache hash table entries: 4096 (order: 3, 32768 bytes, linear)
[    0.139912] Mountpoint-cache hash table entries: 4096 (order: 3, 32768 bytes, linear)
[    0.139921] *** VALIDATE tmpfs ***
[    0.140050] *** VALIDATE proc ***
[    0.140091] *** VALIDATE cgroup1 ***
[    0.140092] *** VALIDATE cgroup2 ***
[    0.140230] process: using mwait in idle threads
[    0.140235] Last level iTLB entries: 4KB 64, 2MB 8, 4MB 8
[    0.140236] Last level dTLB entries: 4KB 64, 2MB 0, 4MB 0, 1GB 4
[    0.140256] Spectre V1 : Mitigation: usercopy/swapgs barriers and __user pointer sanitization
[    0.140262] Spectre V2 : Mitigation: Retpolines
[    0.140263] Spectre V2 : Spectre v2 / SpectreRSB mitigation: Filling RSB on context switch
[    0.140263] Spectre V2 : Spectre v2 / SpectreRSB : Filling RSB on VMEXIT
[    0.140264] RETBleed: WARNING: Spectre v2 mitigation leaves CPU vulnerable to RETBleed attacks, data leaks possible!
[    0.140626] RETBleed: Vulnerable
[    0.140626] Speculative Store Bypass: Vulnerable
[    0.140631] TAA: Mitigation: TSX disabled
[    0.140632] MMIO Stale Data: Mitigation: Clear CPU buffers
[    0.144878] Freeing SMP alternatives memory: 40K
[    0.257139] smpboot: CPU0: Intel(R) Xeon(R) Silver 4216 CPU @ 2.10GHz (family: 0x6, model: 0x55, stepping: 0x7)
[    0.257284] Performance Events: unsupported p6 CPU model 85 no PMU driver, software events only.
[    0.257322] rcu: Hierarchical SRCU implementation.
[    0.257807] NMI watchdog: Perf NMI watchdog permanently disabled
[    0.257847] smp: Bringing up secondary CPUs ...
[    0.257848] smp: Brought up 1 node, 1 CPU
[    0.257849] smpboot: Max logical packages: 1
[    0.257850] smpboot: Total of 1 processors activated (4200.00 BogoMIPS)
[    0.258920] devtmpfs: initialized
[    0.258980] x86/mm: Memory block size: 128MB
[    0.259409] clocksource: jiffies: mask: 0xffffffff max_cycles: 0xffffffff, max_idle_ns: 7645041785100000 ns
[    0.259416] futex hash table entries: 256 (order: 2, 16384 bytes, linear)
[    0.259469] pinctrl core: initialized pinctrl subsystem
[    0.259587] PM: RTC time: 18:48:31, date: 2026-01-14
[    0.259719] NET: Registered protocol family 16
[    0.259802] audit: initializing netlink subsys (disabled)
[    0.259802] EISA bus registered
[    0.259802] cpuidle: using governor ladder
[    0.259802] cpuidle: using governor menu
[    0.259802] ACPI: bus type PCI registered
[    0.259802] acpiphp: ACPI Hot Plug PCI Controller Driver version: 0.5
[    0.259802] PCI: Using configuration type 1 for base access
[    0.260927] audit: type=2000 audit(1768387717.898:1): state=initialized audit_enabled=0 res=1
[    0.261032] HugeTLB registered 2.00 MiB page size, pre-allocated 0 pages
[    0.262179] ACPI: Added _OSI(Module Device)
[    0.262179] ACPI: Added _OSI(Processor Device)
[    0.262180] ACPI: Added _OSI(3.0 _SCP Extensions)
[    0.262181] ACPI: Added _OSI(Processor Aggregator Device)
[    0.262182] ACPI: Added _OSI(Linux-Dell-Video)
[    0.262183] ACPI: Added _OSI(Linux-Lenovo-NV-HDMI-Audio)
[    0.262184] ACPI: Added _OSI(Linux-HPI-Hybrid-Graphics)
[    0.264976] ACPI: 2 ACPI AML tables successfully acquired and loaded
[    0.266881] ACPI: Interpreter enabled
[    0.266891] ACPI: (supports S0 S5)
[    0.266892] ACPI: Using IOAPIC for interrupt routing
[    0.267099] PCI: Using host bridge windows from ACPI; if necessary, use "pci=nocrs" and report a bug
[    0.267204] ACPI: Enabled 2 GPEs in block 00 to 07
[    0.272842] ACPI: PCI Root Bridge [PCI0] (domain 0000 [bus 00-ff])
[    0.272849] acpi PNP0A03:00: _OSC: OS supports [ASPM ClockPM Segments MSI HPX-Type3]
[    0.273320] acpi PNP0A03:00: _OSC: not requesting OS control; OS requires [ExtendedConfig ASPM ClockPM MSI]
[    0.273328] acpi PNP0A03:00: fail to add MMCONFIG information, can't access extended PCI configuration space under this bridge.
[    0.273721] PCI host bridge to bus 0000:00
[    0.273723] pci_bus 0000:00: root bus resource [io  0x0000-0x0cf7 window]
[    0.273724] pci_bus 0000:00: root bus resource [io  0x0d00-0xffff window]
[    0.273726] pci_bus 0000:00: root bus resource [mem 0x000a0000-0x000bffff window]
[    0.273727] pci_bus 0000:00: root bus resource [mem 0x80000000-0xfdffffff window]
[    0.273728] pci_bus 0000:00: root bus resource [bus 00-ff]
[    0.273771] pci 0000:00:00.0: [8086:1237] type 00 class 0x060000
[    0.274847] pci 0000:00:01.0: [8086:7000] type 00 class 0x060100
[    0.275838] pci 0000:00:01.1: [8086:7111] type 00 class 0x01018a
[    0.276254] pci 0000:00:01.1: reg 0x20: [io  0xd000-0xd00f]
[    0.276403] pci 0000:00:01.1: legacy IDE quirk: reg 0x10: [io  0x01f0-0x01f7]
[    0.276404] pci 0000:00:01.1: legacy IDE quirk: reg 0x14: [io  0x03f6]
[    0.276405] pci 0000:00:01.1: legacy IDE quirk: reg 0x18: [io  0x0170-0x0177]
[    0.276406] pci 0000:00:01.1: legacy IDE quirk: reg 0x1c: [io  0x0376]
[    0.276984] pci 0000:00:02.0: [15ad:0405] type 00 class 0x030000
[    0.279890] pci 0000:00:02.0: reg 0x10: [io  0xd010-0xd01f]
[    0.283860] pci 0000:00:02.0: reg 0x14: [mem 0xe0000000-0xe7ffffff pref]
[    0.286831] pci 0000:00:02.0: reg 0x18: [mem 0xf0000000-0xf01fffff]
[    0.298456] pci 0000:00:03.0: [1022:2000] type 00 class 0x020000
[    0.299177] pci 0000:00:03.0: reg 0x10: [io  0xd020-0xd03f]
[    0.299896] pci 0000:00:03.0: reg 0x14: [mem 0xf0200000-0xf0200fff]
[    0.303508] pci 0000:00:04.0: [80ee:cafe] type 00 class 0x088000
[    0.303921] pci 0000:00:04.0: reg 0x10: [io  0xd040-0xd05f]
[    0.304528] pci 0000:00:04.0: reg 0x14: [mem 0xf0400000-0xf07fffff]
[    0.305146] pci 0000:00:04.0: reg 0x18: [mem 0xf0800000-0xf0803fff pref]
[    0.308834] pci 0000:00:07.0: [8086:7113] type 00 class 0x068000
[    0.309383] pci 0000:00:07.0: quirk: [io  0x4000-0x403f] claimed by PIIX4 ACPI
[    0.309394] pci 0000:00:07.0: quirk: [io  0x4100-0x410f] claimed by PIIX4 SMB
[    0.310002] pci 0000:00:08.0: [8086:100e] type 00 class 0x020000
[    0.310740] pci 0000:00:08.0: reg 0x10: [mem 0xf0820000-0xf083ffff]
[    0.311802] pci 0000:00:08.0: reg 0x18: [io  0xd060-0xd067]
[    0.314599] pci 0000:00:09.0: [8086:100e] type 00 class 0x020000
[    0.316454] pci 0000:00:09.0: reg 0x10: [mem 0xf0840000-0xf085ffff]
[    0.317614] pci 0000:00:09.0: reg 0x18: [io  0xd068-0xd06f]
[    0.328346] ACPI: PCI Interrupt Link [LNKA] (IRQs 5 9 10 *11)
[    0.328629] ACPI: PCI Interrupt Link [LNKB] (IRQs 5 9 *10 11)
[    0.328728] ACPI: PCI Interrupt Link [LNKC] (IRQs 5 *9 10 11)
[    0.328832] ACPI: PCI Interrupt Link [LNKD] (IRQs 5 9 10 *11)
[    0.329099] iommu: Default domain type: Translated 
[    0.329159] pci 0000:00:02.0: vgaarb: setting as boot VGA device
[    0.329160] pci 0000:00:02.0: vgaarb: VGA device added: decodes=io+mem,owns=io+mem,locks=none
[    0.329163] pci 0000:00:02.0: vgaarb: bridge control possible
[    0.329163] vgaarb: loaded
[    0.329372] SCSI subsystem initialized
[    0.329403] libata version 3.00 loaded.
[    0.329430] ACPI: bus type USB registered
[    0.329446] usbcore: registered new interface driver usbfs
[    0.329452] usbcore: registered new interface driver hub
[    0.329457] usbcore: registered new device driver usb
[    0.329483] pps_core: LinuxPPS API ver. 1 registered
[    0.329484] pps_core: Software ver. 5.3.6 - Copyright 2005-2007 Rodolfo Giometti <giometti@linux.it>
[    0.329486] PTP clock support registered
[    0.329521] EDAC MC: Ver: 3.0.0
[    0.329812] PCI: Using ACPI for IRQ routing
[    0.329814] PCI: pci_cache_line_size set to 64 bytes
[    0.329985] e820: reserve RAM buffer [mem 0x0009fc00-0x0009ffff]
[    0.329989] e820: reserve RAM buffer [mem 0x7fff0000-0x7fffffff]
[    0.330774] NetLabel: Initializing
[    0.330775] NetLabel:  domain hash size = 128
[    0.330775] NetLabel:  protocols = UNLABELED CIPSOv4 CALIPSO
[    0.330794] NetLabel:  unlabeled traffic allowed by default
[    0.331692] clocksource: Switched to clocksource kvm-clock
[    0.339758] *** VALIDATE bpf ***
[    0.339758] VFS: Disk quotas dquot_6.6.0
[    0.339758] VFS: Dquot-cache hash table entries: 512 (order 0, 4096 bytes)
[    0.339758] *** VALIDATE ramfs ***
[    0.339758] *** VALIDATE hugetlbfs ***
[    0.339758] AppArmor: AppArmor Filesystem Enabled
[    0.339758] pnp: PnP ACPI init
[    0.339758] pnp 00:00: Plug and Play ACPI device, IDs PNP0303 (active)
[    0.342352] pnp 00:01: Plug and Play ACPI device, IDs PNP0f03 (active)
[    0.343111] pnp: PnP ACPI: found 2 devices
[    0.344087] thermal_sys: Registered thermal governor 'fair_share'
[    0.344088] thermal_sys: Registered thermal governor 'bang_bang'
[    0.344088] thermal_sys: Registered thermal governor 'step_wise'
[    0.344089] thermal_sys: Registered thermal governor 'user_space'
[    0.344089] thermal_sys: Registered thermal governor 'power_allocator'
[    0.348619] clocksource: acpi_pm: mask: 0xffffff max_cycles: 0xffffff, max_idle_ns: 2085701024 ns
[    0.348658] pci_bus 0000:00: resource 4 [io  0x0000-0x0cf7 window]
[    0.348659] pci_bus 0000:00: resource 5 [io  0x0d00-0xffff window]
[    0.348661] pci_bus 0000:00: resource 6 [mem 0x000a0000-0x000bffff window]
[    0.348662] pci_bus 0000:00: resource 7 [mem 0x80000000-0xfdffffff window]
[    0.348717] NET: Registered protocol family 2
[    0.348791] IP idents hash table entries: 32768 (order: 6, 262144 bytes, linear)
[    0.349194] MPTCP tokens hash table entries: 8192 (order: 4, 65536 bytes, linear)
[    0.349214] MPTCP request tokens hash table entries: 8192 (order: 4, 65536 bytes, linear)
[    0.349238] default registered
[    0.349239] default registered
[    0.349239] MPTCP: Stable release v0.96
[    0.349244] tcp_listen_portaddr_hash hash table entries: 1024 (order: 2, 16384 bytes, linear)
[    0.349323] TCP established hash table entries: 16384 (order: 5, 131072 bytes, linear)
[    0.349390] TCP bind hash table entries: 16384 (order: 6, 262144 bytes, linear)
[    0.349415] TCP: Hash tables configured (established 16384 bind 16384)
[    0.350128] UDP hash table entries: 1024 (order: 3, 32768 bytes, linear)
[    0.350139] UDP-Lite hash table entries: 1024 (order: 3, 32768 bytes, linear)
[    0.350174] NET: Registered protocol family 1
[    0.350182] NET: Registered protocol family 44
[    0.350204] pci 0000:00:00.0: Limiting direct PCI/PCI transfers
[    0.350216] pci 0000:00:01.0: Activating ISA DMA hang workarounds
[    0.350268] pci 0000:00:02.0: Video device with shadowed ROM at [mem 0x000c0000-0x000dffff]
[    0.350329] PCI: CLS 0 bytes, default 64
[    0.350375] Trying to unpack rootfs image as initramfs...
[    0.528007] Freeing initrd memory: 47868K
[    0.528007] clocksource: tsc: mask: 0xffffffffffffffff max_cycles: 0x1e4530a99b6, max_idle_ns: 440795257976 ns
[    0.528007] clocksource: Switched to clocksource tsc
[    0.528007] platform rtc_cmos: registered platform RTC device (no PNP device found)
[    0.528007] check: Scanning for low memory corruption every 60 seconds
[    0.528007] Initialise system trusted keyrings
[    0.528007] Key type blacklist registered
[    0.528007] workingset: timestamp_bits=36 max_order=19 bucket_order=0
[    0.528007] zbud: loaded
[    0.528007] squashfs: version 4.0 (2009/01/31) Phillip Lougher
[    0.528007] fuse: init (API version 7.31)
[    0.528007] *** VALIDATE fuse ***
[    0.528007] *** VALIDATE fuse ***
[    0.528007] Platform Keyring initialized
[    0.528007] Key type asymmetric registered
[    0.528007] Asymmetric key parser 'x509' registered
[    0.528007] Block layer SCSI generic (bsg) driver version 0.4 loaded (major 244)
[    0.528007] io scheduler mq-deadline registered
[    0.528007] shpchp: Standard Hot Plug PCI Controller Driver version: 0.4
[    0.542054] ACPI: AC Adapter [AC] (on-line)
[    0.542102] input: Power Button as /devices/LNXSYSTM:00/LNXPWRBN:00/input/input0
[    0.542130] ACPI: Power Button [PWRF]
[    0.542211] input: Sleep Button as /devices/LNXSYSTM:00/LNXSLPBN:00/input/input1
[    0.542227] ACPI: Sleep Button [SLPF]
[    0.542457] Serial: 8250/16550 driver, 32 ports, IRQ sharing enabled
[    0.543627] Linux agpgart interface v0.103
[    0.639273] loop: module loaded
[    0.639430] ata_piix 0000:00:01.1: version 2.13
[    0.639826] scsi host0: ata_piix
[    0.639925] scsi host1: ata_piix
[    0.639952] ata1: PATA max UDMA/33 cmd 0x1f0 ctl 0x3f6 bmdma 0xd000 irq 14
[    0.639952] ata2: PATA max UDMA/33 cmd 0x170 ctl 0x376 bmdma 0xd008 irq 15
[    0.640035] tun: Universal TUN/TAP device driver, 1.6
[    0.640334] PPP generic driver version 2.4.2
[    0.640377] VFIO - User Level meta-driver version: 0.3
[    0.640614] ehci_hcd: USB 2.0 'Enhanced' Host Controller (EHCI) Driver
[    0.640619] ehci-pci: EHCI PCI platform driver
[    0.640634] ehci-platform: EHCI generic platform driver
[    0.640640] ohci_hcd: USB 1.1 'Open' Host Controller (OHCI) Driver
[    0.640642] ohci-pci: OHCI PCI platform driver
[    0.640649] ohci-platform: OHCI generic platform driver
[    0.640653] uhci_hcd: USB Universal Host Controller Interface driver
[    0.640716] i8042: PNP: PS/2 Controller [PNP0303:PS2K,PNP0f03:PS2M] at 0x60,0x64 irq 1,12
[    0.641151] serio: i8042 KBD port at 0x60,0x64 irq 1
[    0.641155] serio: i8042 AUX port at 0x60,0x64 irq 12
[    0.641241] mousedev: PS/2 mouse device common for all mice
[    0.641496] input: AT Translated Set 2 keyboard as /devices/platform/i8042/serio0/input/input2
[    0.641958] rtc_cmos rtc_cmos: registered as rtc0
[    0.641971] rtc_cmos rtc_cmos: alarms up to one day, 114 bytes nvram
[    0.641978] i2c /dev entries driver
[    0.642027] device-mapper: uevent: version 1.0.3
[    0.642081] device-mapper: ioctl: 4.41.0-ioctl (2019-09-16) initialised: dm-devel@redhat.com
[    0.642098] platform eisa.0: Probing EISA bus 0
[    0.642099] platform eisa.0: EISA: Cannot allocate resource for mainboard
[    0.642101] platform eisa.0: Cannot allocate resource for EISA slot 1
[    0.642102] platform eisa.0: Cannot allocate resource for EISA slot 2
[    0.642103] platform eisa.0: Cannot allocate resource for EISA slot 3
[    0.642104] platform eisa.0: Cannot allocate resource for EISA slot 4
[    0.642105] platform eisa.0: Cannot allocate resource for EISA slot 5
[    0.642106] platform eisa.0: Cannot allocate resource for EISA slot 6
[    0.642107] platform eisa.0: Cannot allocate resource for EISA slot 7
[    0.642107] platform eisa.0: Cannot allocate resource for EISA slot 8
[    0.642108] platform eisa.0: EISA: Detected 0 cards
[    0.642111] intel_pstate: CPU model not supported
[    0.642122] ledtrig-cpu: registered to indicate activity on CPUs
[    0.642182] drop_monitor: Initializing network drop monitor service
[    0.642342] NET: Registered protocol family 10
[    0.647373] Segment Routing with IPv6
[    0.647373] fullmesh registered
[    0.647373] ndiffports registered
[    0.647373] binder registered
[    0.647373] roundrobin registered
[    0.647373] redundant registered
[    0.647373] blest registered
[    0.647373] ecf registered
[    0.647373] NET: Registered protocol family 17
[    0.647373] Key type dns_resolver registered
[    0.647373] RAS: Correctable Errors collector initialized.
[    0.647373] IPI shorthand broadcast: enabled
[    0.647373] sched_clock: Marking stable (632157837, 11215724)->(646062305, -2688744)
[    0.647750] registered taskstats version 1
[    0.647758] Loading compiled-in X.509 certificates
[    0.648356] Loaded X.509 cert 'Build time autogenerated kernel key: 6909f3744cebb3d0de528d5887b96a727de79b1e'
[    0.648375] zswap: loaded using pool lzo/zbud
[    0.648431] Key type ._fscrypt registered
[    0.648432] Key type .fscrypt registered
[    0.652916] Key type big_key registered
[    0.655161] Key type encrypted registered
[    0.655163] AppArmor: AppArmor sha1 policy hashing enabled
[    0.655170] ima: No TPM chip found, activating TPM-bypass!
[    0.655175] ima: Allocated hash algorithm: sha1
[    0.655180] ima: No architecture policies found
[    0.655189] evm: Initialising EVM extended attributes:
[    0.655190] evm: security.selinux
[    0.655190] evm: security.SMACK64
[    0.655191] evm: security.SMACK64EXEC
[    0.655191] evm: security.SMACK64TRANSMUTE
[    0.655192] evm: security.SMACK64MMAP
[    0.655192] evm: security.apparmor
[    0.655193] evm: security.ima
[    0.655193] evm: security.capability
[    0.655194] evm: HMAC attrs: 0x1
[    0.655492] PM:   Magic number: 10:717:847
[    0.655598] rtc_cmos rtc_cmos: setting system clock to 2026-01-14T18:48:32 UTC (1768416512)
[    0.810843] ata1.00: ATA-6: VBOX HARDDISK, 1.0, max UDMA/133
[    0.810844] ata1.00: 209715200 sectors, multi 128: LBA 
[    0.811285] scsi 0:0:0:0: Direct-Access     ATA      VBOX HARDDISK    1.0  PQ: 0 ANSI: 5
[    0.811461] sd 0:0:0:0: [sda] 209715200 512-byte logical blocks: (107 GB/100 GiB)
[    0.811467] sd 0:0:0:0: [sda] Write Protect is off
[    0.811469] sd 0:0:0:0: [sda] Mode Sense: 00 3a 00 00
[    0.811479] sd 0:0:0:0: [sda] Write cache: enabled, read cache: enabled, doesn't support DPO or FUA
[    0.811671] sd 0:0:0:0: Attached scsi generic sg0 type 0
[    0.812416]  sda: sda1 sda2
[    0.823369] sd 0:0:0:0: [sda] Attached SCSI disk
[    0.825278] Freeing unused decrypted memory: 2040K
[    0.825995] Freeing unused kernel image memory: 2728K
[    0.825997] Write protecting the kernel read-only data: 22528k
[    0.826672] Freeing unused kernel image memory: 2036K
[    0.827066] Freeing unused kernel image memory: 1432K
[    0.841054] x86/mm: Checked W+X mappings: passed, no W+X pages found.
[    0.841058] Run /init as init process
[    0.944058] ACPI: Video Device [GFX0] (multi-head: yes  rom: no  post: no)
[    0.944129] input: Video Bus as /devices/LNXSYSTM:00/LNXSYBUS:00/PNP0A03:00/LNXVIDEO:00/input/input4
[    0.956741] pcnet32: pcnet32.c:v1.35 21.Apr.2008 tsbogend@alpha.franken.de
[    0.957779] pcnet32: PCnet/FAST III 79C973 at 0xd020, 08:00:27:8a:0c:94 assigned IRQ 19
[    0.957823] pcnet32: Found PHY 0022:561b at address 0
[    0.958120] pcnet32: eth0: registered as PCnet/FAST III 79C973
[    0.960103] piix4_smbus 0000:00:07.0: SMBus Host Controller at 0x4100, revision 0
[    0.963775] e1000: Intel(R) PRO/1000 Network Driver - version 7.3.21-k8-NAPI
[    0.963776] e1000: Copyright (c) 1999-2006 Intel Corporation.
[    0.964979] pcnet32: 1 cards_found
[    1.026125] pcnet32 0000:00:03.0 enp0s3: renamed from eth0
[    1.183852] input: ImExPS/2 Generic Explorer Mouse as /devices/platform/i8042/serio1/input/input5
[    1.371640] e1000 0000:00:08.0 eth0: (PCI:33MHz:32-bit) 08:00:27:c9:c2:bf
[    1.371645] e1000 0000:00:08.0 eth0: Intel(R) PRO/1000 Network Connection
[    1.751615] e1000 0000:00:09.0 eth1: (PCI:33MHz:32-bit) 08:00:27:47:d0:d4
[    1.751618] e1000 0000:00:09.0 eth1: Intel(R) PRO/1000 Network Connection
[    1.752762] e1000 0000:00:09.0 enp0s9: renamed from eth1
[    1.754629] e1000 0000:00:08.0 enp0s8: renamed from eth0
[    1.892231] EXT4-fs (sda2): mounted filesystem with ordered data mode. Opts: (null)
[    1.975800] systemd[1]: Inserted module 'autofs4'
[    1.985586] systemd[1]: systemd 245.4-4ubuntu3 running in system mode. (+PAM +AUDIT +SELINUX +IMA +APPARMOR +SMACK +SYSVINIT +UTMP +LIBCRYPTSETUP +GCRYPT +GNUTLS +ACL +XZ +LZ4 +SECCOMP +BLKID +ELFUTILS +KMOD +IDN2 -IDN +PCRE2 default-hierarchy=hybrid)
[    1.985617] systemd[1]: Detected virtualization oracle.
[    1.985621] systemd[1]: Detected architecture x86-64.
[    1.986903] systemd[1]: Set hostname to <ztg>.
[    2.108510] systemd[1]: /lib/systemd/system/dbus.socket:5: ListenStream= references a path below legacy directory /var/run/, updating /var/run/dbus/system_bus_socket â†’ /run/dbus/system_bus_socket; please update the unit file accordingly.
[    2.160043] systemd[1]: Created slice system-modprobe.slice.
[    2.160225] systemd[1]: Created slice User and Session Slice.
[    2.160269] systemd[1]: Started Forward Password Requests to Wall Directory Watch.
[    2.160430] systemd[1]: Set up automount Arbitrary Executable File Formats File System Automount Point.
[    2.160466] systemd[1]: Reached target User and Group Name Lookups.
[    2.160475] systemd[1]: Reached target Remote File Systems.
[    2.160484] systemd[1]: Reached target Slices.
[    2.161146] systemd[1]: Listening on Syslog Socket.
[    2.161213] systemd[1]: Listening on fsck to fsckd communication Socket.
[    2.161251] systemd[1]: Listening on initctl Compatibility Named Pipe.
[    2.161382] systemd[1]: Listening on Journal Audit Socket.
[    2.161435] systemd[1]: Listening on Journal Socket (/dev/log).
[    2.161502] systemd[1]: Listening on Journal Socket.
[    2.161567] systemd[1]: Listening on udev Control Socket.
[    2.161604] systemd[1]: Listening on udev Kernel Socket.
[    2.162341] systemd[1]: Mounting Huge Pages File System...
[    2.163223] systemd[1]: Mounting POSIX Message Queue File System...
[    2.164220] systemd[1]: Mounting Kernel Debug File System...
[    2.165058] systemd[1]: Mounting Kernel Trace File System...
[    2.166951] systemd[1]: Starting Journal Service...
[    2.189675] systemd[1]: Starting Set the console keyboard layout...
[    2.197448] systemd[1]: Starting Create list of static device nodes for the current kernel...
[    2.199229] systemd[1]: Starting Load Kernel Module drm...
[    2.212366] systemd[1]: Condition check resulted in Set Up Additional Binary Formats being skipped.
[    2.212407] systemd[1]: Condition check resulted in File System Check on Root Device being skipped.
[    2.215252] systemd[1]: Starting Load Kernel Modules...
[    2.220013] systemd[1]: Starting Remount Root and Kernel File Systems...
[    2.234367] systemd[1]: Starting udev Coldplug all Devices...
[    2.241592] systemd[1]: Starting Uncomplicated firewall...
[    2.243157] systemd[1]: Mounted Huge Pages File System.
[    2.243245] systemd[1]: Mounted POSIX Message Queue File System.
[    2.243318] systemd[1]: Mounted Kernel Debug File System.
[    2.243386] systemd[1]: Mounted Kernel Trace File System.
[    2.244914] EXT4-fs (sda2): re-mounted. Opts: errors=remount-ro
[    2.286052] systemd[1]: Finished Create list of static device nodes for the current kernel.
[    2.287082] systemd[1]: modprobe@drm.service: Succeeded.
[    2.288722] systemd[1]: Finished Load Kernel Module drm.
[    2.289221] systemd[1]: Finished Remount Root and Kernel File Systems.
[    2.290246] systemd[1]: Finished Uncomplicated firewall.
[    2.305773] systemd[1]: Condition check resulted in Rebuild Hardware Database being skipped.
[    2.305808] systemd[1]: Condition check resulted in Platform Persistent Storage Archival being skipped.
[    2.306463] systemd[1]: Starting Load/Save Random Seed...
[    2.308257] lp: driver loaded but no devices found
[    2.314946] systemd[1]: Starting Create System Users...
[    2.325365] systemd[1]: Finished Load/Save Random Seed.
[    2.326447] ppdev: user-space parallel port driver
[    2.332048] systemd[1]: Finished Create System Users.
[    2.333436] systemd[1]: Starting Create Static Device Nodes in /dev...
[    2.370671] systemd[1]: Finished udev Coldplug all Devices.
[    2.380353] systemd[1]: Finished Create Static Device Nodes in /dev.
[    2.381088] systemd[1]: Starting udev Kernel Device Manager...
[    2.414632] [drm] DMA map mode: Caching DMA mappings.
[    2.414694] [drm] Capabilities:
[    2.414695] [drm]   Rect copy.
[    2.414695] [drm]   Cursor.
[    2.414695] [drm]   Cursor bypass.
[    2.414696] [drm]   Cursor bypass 2.
[    2.414696] [drm]   Alpha cursor.
[    2.414696] [drm]   Extended Fifo.
[    2.414697] [drm]   Pitchlock.
[    2.414697] [drm]   Irq mask.
[    2.414697] [drm]   GMR.
[    2.414698] [drm]   Traces.
[    2.414698] [drm]   GMR2.
[    2.414698] [drm]   Screen Object 2.
[    2.414699] [drm]   Command Buffers.
[    2.414699] [drm]   Command Buffers 2.
[    2.414700] [drm]   Guest Backed Resources.
[    2.414701] [drm] Max GMR ids is 8192
[    2.414701] [drm] Max number of GMR pages is 1048576
[    2.414702] [drm] Max dedicated hypervisor surface memory is 393216 kiB
[    2.414702] [drm] Maximum display memory size is 131072 kiB
[    2.414703] [drm] VRAM at 0xe0000000 size is 131072 kiB
[    2.414704] [drm] MMIO at 0xf0000000 size is 2048 kiB
[    2.415825] [TTM] Zone  kernel: Available graphics memory: 1011738 KiB
[    2.415826] [TTM] Initializing pool allocator
[    2.415829] [TTM] Initializing DMA pool allocator
[    2.415856] [drm] Supports vblank timestamp caching Rev 2 (21.10.2013).
[    2.415856] [drm] No driver support for vblank timestamp query.
[    2.416097] [drm] Screen Target Display device initialized
[    2.416276] [drm] width 720
[    2.416285] [drm] height 400
[    2.416288] [drm] bpp 32
[    2.416810] [drm] Fifo max 0x00200000 min 0x00001000 cap 0x00000355
[    2.417894] [drm] Using command buffers with DMA pool.
[    2.417898] [drm] DX: no.
[    2.417898] [drm] Atomic: yes.
[    2.417899] [drm] SM4_1: no.
[    2.417917] [drm:vmw_host_log [vmwgfx]] *ERROR* Failed to send host log message.
[    2.418800] [drm:vmw_host_log [vmwgfx]] *ERROR* Failed to send host log message.
[    2.446803] fbcon: svgadrmfb (fb0) is primary device
[    2.449440] Console: switching to colour frame buffer device 100x37
[    2.454046] [drm] Initialized vmwgfx 2.15.0 20180704 for 0000:00:02.0 on minor 0
[    2.455052] systemd[1]: Finished Load Kernel Modules.
[    2.456020] systemd[1]: Mounting FUSE Control File System...
[    2.457172] systemd[1]: Mounting Kernel Configuration File System...
[    2.473172] systemd[1]: Starting Apply Kernel Variables...
[    2.475739] systemd[1]: Finished Set the console keyboard layout.
[    2.476443] systemd[1]: Mounted FUSE Control File System.
[    2.476513] systemd[1]: Reached target Local File Systems (Pre).
[    2.476532] systemd[1]: Condition check resulted in VMware vmblock fuse mount being skipped.
[    2.501724] systemd[1]: Mounting Mount unit for bare, revision 5...
[    2.504888] systemd[1]: Mounting Mount unit for core18, revision 1705...
[    2.513170] systemd[1]: Mounting Mount unit for gnome-3-34-1804, revision 24...
[    2.525962] systemd[1]: Mounting Mount unit for gtk-common-themes, revision 1506...
[    2.529303] systemd[1]: Mounting Mount unit for gtk-common-themes, revision 1535...
[    2.534540] systemd[1]: Mounting Mount unit for snap-store, revision 433...
[    2.541059] systemd[1]: Mounting Mount unit for snapd, revision 25935...
[    2.542212] systemd[1]: Mounted Kernel Configuration File System.
[    2.555634] systemd[1]: Finished Apply Kernel Variables.
[    2.586295] systemd[1]: Mounted Mount unit for bare, revision 5.
[    2.593717] systemd[1]: Mounted Mount unit for core18, revision 1705.
[    2.593807] systemd[1]: Mounted Mount unit for gnome-3-34-1804, revision 24.
[    2.593882] systemd[1]: Mounted Mount unit for gtk-common-themes, revision 1506.
[    2.602206] systemd[1]: Started udev Kernel Device Manager.
[    2.602949] systemd[1]: Starting Show Plymouth Boot Screen...
[    2.607964] systemd[1]: Received SIGRTMIN+20 from PID 275 (plymouthd).
[    2.638033] systemd[1]: Started Show Plymouth Boot Screen.
[    2.638225] systemd[1]: Condition check resulted in Dispatch Password Requests to Console Directory Watch being skipped.
[    2.638311] systemd[1]: Started Forward Password Requests to Plymouth Directory Watch.
[    2.638401] systemd[1]: Reached target Local Encrypted Volumes.
[    2.671707] systemd[1]: Mounted Mount unit for gtk-common-themes, revision 1535.
[    2.671938] systemd[1]: Mounted Mount unit for snap-store, revision 433.
[    2.672115] systemd[1]: Mounted Mount unit for snapd, revision 25935.
[    2.672263] systemd[1]: Reached target Local File Systems.
[    2.673060] systemd[1]: Starting Load AppArmor profiles...
[    2.676016] systemd[1]: Starting Set console font and keymap...
[    2.688985] systemd[1]: Starting Tell Plymouth To Write Out Runtime Data...
[    2.690456] systemd[1]: Condition check resulted in Store a System Token in an EFI Variable being skipped.
[    2.690515] systemd[1]: Condition check resulted in Commit a transient machine-id on disk being skipped.
[    2.692874] systemd[1]: Finished Set console font and keymap.
[    2.702035] systemd[1]: Received SIGRTMIN+20 from PID 275 (plymouthd).
[    2.703071] systemd[1]: plymouth-read-write.service: Succeeded.
[    2.703299] systemd[1]: Finished Tell Plymouth To Write Out Runtime Data.
[    2.719838] audit: type=1400 audit(1768416514.560:2): apparmor="STATUS" operation="profile_load" profile="unconfined" name="nvidia_modprobe" pid=300 comm="apparmor_parser"
[    2.719840] audit: type=1400 audit(1768416514.560:3): apparmor="STATUS" operation="profile_load" profile="unconfined" name="nvidia_modprobe//kmod" pid=300 comm="apparmor_parser"
[    2.729718] audit: type=1400 audit(1768416514.568:4): apparmor="STATUS" operation="profile_load" profile="unconfined" name="/usr/sbin/tcpdump" pid=301 comm="apparmor_parser"
[    2.775195] audit: type=1400 audit(1768416514.608:5): apparmor="STATUS" operation="profile_load" profile="unconfined" name="/usr/bin/evince" pid=303 comm="apparmor_parser"
[    2.775197] audit: type=1400 audit(1768416514.608:6): apparmor="STATUS" operation="profile_load" profile="unconfined" name="/usr/bin/evince//sanitized_helper" pid=303 comm="apparmor_parser"
[    2.775198] audit: type=1400 audit(1768416514.608:7): apparmor="STATUS" operation="profile_load" profile="unconfined" name="/usr/bin/evince-previewer" pid=303 comm="apparmor_parser"
[    2.775200] audit: type=1400 audit(1768416514.608:8): apparmor="STATUS" operation="profile_load" profile="unconfined" name="/usr/bin/evince-previewer//sanitized_helper" pid=303 comm="apparmor_parser"
[    2.775201] audit: type=1400 audit(1768416514.608:9): apparmor="STATUS" operation="profile_load" profile="unconfined" name="/usr/bin/evince-thumbnailer" pid=303 comm="apparmor_parser"
[    2.790434] audit: type=1400 audit(1768416514.632:10): apparmor="STATUS" operation="profile_load" profile="unconfined" name="/usr/lib/cups/backend/cups-pdf" pid=304 comm="apparmor_parser"
[    2.869434] systemd[1]: Finished Load AppArmor profiles.
[    2.870375] systemd[1]: Starting Load AppArmor profiles managed internally by snapd...
[    2.977636] systemd[1]: Finished Load AppArmor profiles managed internally by snapd.
[    3.129125] systemd[1]: Started Journal Service.
[    3.136969] systemd-journald[229]: Received client request to flush runtime journal.
[    3.140761] systemd-journald[229]: File /var/log/journal/c455b248004a419c87ce85eea238d727/system.journal corrupted or uncleanly shut down, renaming and replacing.
[    4.347072] RAPL PMU: API unit is 2^-32 Joules, 0 fixed counters, 10737418240 ms ovfl timer
[    4.390052] cryptd: max_cpu_qlen set to 1000
[    4.415517] AVX2 version of gcm_enc/dec engaged.
[    4.415518] AES CTR mode by8 optimization enabled
[    6.354305] Adding 1998844k swap on /dev/sda1.  Priority:-2 extents:1 across:1998844k FS
[    7.399298] kauditd_printk_skb: 30 callbacks suppressed
[    7.399299] audit: type=1400 audit(1768416519.240:41): apparmor="DENIED" operation="capable" profile="/usr/sbin/cups-browsed" pid=509 comm="cups-browsed" capability=23  capname="sys_nice"
[    8.729469] pcnet32 0000:00:03.0 enp0s3: link up, 100Mbps, full-duplex
[    8.765011] e1000: enp0s8 NIC Link is Up 1000 Mbps Full Duplex, Flow Control: RX
[    8.765298] IPv6: ADDRCONF(NETDEV_CHANGE): enp0s8: link becomes ready
[    8.791742] e1000: enp0s9 NIC Link is Up 1000 Mbps Full Duplex, Flow Control: RX
[    8.792028] IPv6: ADDRCONF(NETDEV_CHANGE): enp0s9: link becomes ready
[    9.425786] device enp0s3 entered promiscuous mode
[    9.462663] audit: type=1400 audit(1768416521.304:42): apparmor="DENIED" operation="open" profile="/usr/sbin/tcpdump" name="/proc/sys/kernel/random/boot_id" pid=634 comm="tcpdump" requested_mask="r" denied_mask="r" fsuid=0 ouid=0
[    9.462896] audit: type=1400 audit(1768416521.304:43): apparmor="DENIED" operation="open" profile="/usr/sbin/tcpdump" name="/proc/sys/kernel/random/boot_id" pid=634 comm="tcpdump" requested_mask="r" denied_mask="r" fsuid=0 ouid=0
[    9.462948] audit: type=1400 audit(1768416521.304:44): apparmor="DENIED" operation="open" profile="/usr/sbin/tcpdump" name="/proc/sys/kernel/random/boot_id" pid=634 comm="tcpdump" requested_mask="r" denied_mask="r" fsuid=0 ouid=0
[    9.463005] audit: type=1400 audit(1768416521.304:45): apparmor="DENIED" operation="open" profile="/usr/sbin/tcpdump" name="/proc/sys/kernel/random/boot_id" pid=634 comm="tcpdump" requested_mask="r" denied_mask="r" fsuid=0 ouid=0
[    9.467440] audit: type=1400 audit(1768416521.304:46): apparmor="DENIED" operation="open" profile="/usr/sbin/tcpdump" name="/proc/sys/kernel/random/boot_id" pid=635 comm="tcpdump" requested_mask="r" denied_mask="r" fsuid=0 ouid=0
[    9.467512] audit: type=1400 audit(1768416521.304:47): apparmor="DENIED" operation="open" profile="/usr/sbin/tcpdump" name="/proc/sys/kernel/random/boot_id" pid=635 comm="tcpdump" requested_mask="r" denied_mask="r" fsuid=0 ouid=0
[    9.467549] audit: type=1400 audit(1768416521.304:48): apparmor="DENIED" operation="open" profile="/usr/sbin/tcpdump" name="/proc/sys/kernel/random/boot_id" pid=635 comm="tcpdump" requested_mask="r" denied_mask="r" fsuid=0 ouid=0
[    9.467566] audit: type=1400 audit(1768416521.304:49): apparmor="DENIED" operation="open" profile="/usr/sbin/tcpdump" name="/proc/sys/kernel/random/boot_id" pid=635 comm="tcpdump" requested_mask="r" denied_mask="r" fsuid=0 ouid=0
[   15.232120] rfkill: input handler disabled
[  186.413984] AAAAA-TCP_FORW: name:enp0s3: saddr:100932208: daddr:16783984
[  187.618446] AAAAA-TCP_FORW: name:enp0s3: saddr:16783984: daddr:100932208
[  188.129660] AAAAA-TCP_FORW: name:enp0s3: saddr:16783984: daddr:100932208
[  188.374701] AAAAA-TCP_FORW: name:enp0s3: saddr:16783984: daddr:100932208
[  188.422010] AAAAA-TCP_FORW: name:enp0s3: saddr:16783984: daddr:100932208
[  210.140044] AAAAA-TCP_FORW: name:enp0s3: saddr:33561200: daddr:100932208
[  210.224407] AAAAA-TCP_FORW: name:enp0s3: saddr:16783984: daddr:100932208
[  210.440913] AAAAA-TCP_FORW: name:enp0s3: saddr:16783984: daddr:100932208
[  210.634180] AAAAA-TCP_FORW: name:enp0s3: saddr:16783984: daddr:100932208
[  210.771705] AAAAA-TCP_FORW: name:enp0s3: saddr:16783984: daddr:100932208
[  210.865979] AAAAA-TCP_FORW: name:enp0s3: saddr:16783984: daddr:100932208
[  211.040696] AAAAA-TCP_FORW: name:enp0s3: saddr:16783984: daddr:100932208
[  211.150476] AAAAA-TCP_FORW: name:enp0s3: saddr:16783984: daddr:100932208
[  211.282504] AAAAA-TCP_FORW: name:enp0s3: saddr:16783984: daddr:100932208
[  211.397362] AAAAA-TCP_FORW: name:enp0s3: saddr:16783984: daddr:100932208
[  211.532158] AAAAA-TCP_FORW: name:enp0s3: saddr:16783984: daddr:100932208
[  549.665643] rfkill: input handler enabled
[  557.666834] rfkill: input handler disabled
[  776.069150] device enp0s3 left promiscuous mode
