[    0.000000] Linux version 5.4.243-mptcp (root@ztg) (gcc version 12.2.0 (Debian 12.2.0-14+deb12u1)) #53 SMP Wed Dec 24 23:28:15 CST 2025
[    0.000000] Command line: BOOT_IMAGE=/boot/vmlinuz-5.4.243-mptcp root=UUID=98415a12-53b7-4144-8265-0f7ece09e445 ro quiet splash
[    0.000000] KERNEL supported cpus:
[    0.000000]   Intel GenuineIntel
[    0.000000]   AMD AuthenticAMD
[    0.000000]   Hygon HygonGenuine
[    0.000000]   Centaur CentaurHauls
[    0.000000]   zhaoxin   Shanghai  
[    0.000000] x86/fpu: Supporting XSAVE feature 0x001: 'x87 floating point registers'
[    0.000000] x86/fpu: Supporting XSAVE feature 0x002: 'SSE registers'
[    0.000000] x86/fpu: Supporting XSAVE feature 0x004: 'AVX registers'
[    0.000000] x86/fpu: xstate_offset[2]:  576, xstate_sizes[2]:  256
[    0.000000] x86/fpu: Enabled xstate features 0x7, context size is 832 bytes, using 'standard' format.
[    0.000000] BIOS-provided physical RAM map:
[    0.000000] BIOS-e820: [mem 0x0000000000000000-0x000000000009fbff] usable
[    0.000000] BIOS-e820: [mem 0x000000000009fc00-0x000000000009ffff] reserved
[    0.000000] BIOS-e820: [mem 0x00000000000f0000-0x00000000000fffff] reserved
[    0.000000] BIOS-e820: [mem 0x0000000000100000-0x000000007ffeffff] usable
[    0.000000] BIOS-e820: [mem 0x000000007fff0000-0x000000007fffffff] ACPI data
[    0.000000] BIOS-e820: [mem 0x00000000fec00000-0x00000000fec00fff] reserved
[    0.000000] BIOS-e820: [mem 0x00000000fee00000-0x00000000fee00fff] reserved
[    0.000000] BIOS-e820: [mem 0x00000000fffc0000-0x00000000ffffffff] reserved
[    0.000000] NX (Execute Disable) protection: active
[    0.000000] SMBIOS 2.5 present.
[    0.000000] DMI: innotek GmbH VirtualBox/VirtualBox, BIOS VirtualBox 12/01/2006
[    0.000000] Hypervisor detected: KVM
[    0.000000] kvm-clock: Using msrs 4b564d01 and 4b564d00
[    0.000000] kvm-clock: cpu 0, msr 6d601001, primary cpu clock
[    0.000000] kvm-clock: using sched offset of 4443144574 cycles
[    0.000003] clocksource: kvm-clock: mask: 0xffffffffffffffff max_cycles: 0x1cd42e4dffb, max_idle_ns: 881590591483 ns
[    0.000005] tsc: Detected 2100.000 MHz processor
[    0.001887] e820: update [mem 0x00000000-0x00000fff] usable ==> reserved
[    0.001889] e820: remove [mem 0x000a0000-0x000fffff] usable
[    0.001893] last_pfn = 0x7fff0 max_arch_pfn = 0x400000000
[    0.001974] MTRR default type: uncachable
[    0.001975] MTRR fixed ranges enabled:
[    0.001976]   00000-9FFFF write-back
[    0.001977]   A0000-BFFFF uncachable
[    0.001977]   C0000-FFFFF write-protect
[    0.001978] MTRR variable ranges enabled:
[    0.001979]   0 base 000000000000 mask 3FFF80000000 write-back
[    0.001980]   1 disabled
[    0.001981]   2 disabled
[    0.001981]   3 disabled
[    0.001981]   4 disabled
[    0.001982]   5 disabled
[    0.001982]   6 disabled
[    0.001983]   7 disabled
[    0.001983]   8 disabled
[    0.001983]   9 disabled
[    0.001984]   10 disabled
[    0.001984]   11 disabled
[    0.001985]   12 disabled
[    0.001985]   13 disabled
[    0.001986]   14 disabled
[    0.001986]   15 disabled
[    0.002002] x86/PAT: Configuration [0-7]: WB  WC  UC- UC  WB  WP  UC- WT  
[    0.002138] found SMP MP-table at [mem 0x0009fff0-0x0009ffff]
[    0.093763] check: Scanning 1 areas for low memory corruption
[    0.094006] RAMDISK: [mem 0x32271000-0x3512ffff]
[    0.094015] ACPI: Early table checksum verification disabled
[    0.094020] ACPI: RSDP 0x00000000000E0000 000024 (v02 VBOX  )
[    0.094024] ACPI: XSDT 0x000000007FFF0030 00003C (v01 VBOX   VBOXXSDT 00000001 ASL  00000061)
[    0.094030] ACPI: FACP 0x000000007FFF00F0 0000F4 (v04 VBOX   VBOXFACP 00000001 ASL  00000061)
[    0.094037] ACPI: DSDT 0x000000007FFF02E0 002353 (v02 VBOX   VBOXBIOS 00000002 VBOX 00029BF3)
[    0.094041] ACPI: FACS 0x000000007FFF0200 000040
[    0.094044] ACPI: FACS 0x000000007FFF0200 000040
[    0.094048] ACPI: APIC 0x000000007FFF0240 000054 (v02 VBOX   VBOXAPIC 00000001 ASL  00000061)
[    0.094051] ACPI: SSDT 0x000000007FFF02A0 000038 (v01 VBOX   VBOXCPUT 00000002 VBOX 00029BF3)
[    0.094055] ACPI: Reserving FACP table memory at [mem 0x7fff00f0-0x7fff01e3]
[    0.094055] ACPI: Reserving DSDT table memory at [mem 0x7fff02e0-0x7fff2632]
[    0.094056] ACPI: Reserving FACS table memory at [mem 0x7fff0200-0x7fff023f]
[    0.094057] ACPI: Reserving FACS table memory at [mem 0x7fff0200-0x7fff023f]
[    0.094057] ACPI: Reserving APIC table memory at [mem 0x7fff0240-0x7fff0293]
[    0.094058] ACPI: Reserving SSDT table memory at [mem 0x7fff02a0-0x7fff02d7]
[    0.094073] ACPI: Local APIC address 0xfee00000
[    0.094266] No NUMA configuration found
[    0.094267] Faking a node at [mem 0x0000000000000000-0x000000007ffeffff]
[    0.094277] NODE_DATA(0) allocated [mem 0x7ffc5000-0x7ffeffff]
[    0.094559] Zone ranges:
[    0.094560]   DMA      [mem 0x0000000000001000-0x0000000000ffffff]
[    0.094561]   DMA32    [mem 0x0000000001000000-0x000000007ffeffff]
[    0.094562]   Normal   empty
[    0.094563]   Device   empty
[    0.094564] Movable zone start for each node
[    0.094566] Early memory node ranges
[    0.094567]   node   0: [mem 0x0000000000001000-0x000000000009efff]
[    0.094567]   node   0: [mem 0x0000000000100000-0x000000007ffeffff]
[    0.094570] Zeroed struct page in unavailable ranges: 114 pages
[    0.094571] Initmem setup node 0 [mem 0x0000000000001000-0x000000007ffeffff]
[    0.094572] On node 0 totalpages: 524174
[    0.094574]   DMA zone: 64 pages used for memmap
[    0.094574]   DMA zone: 21 pages reserved
[    0.094575]   DMA zone: 3998 pages, LIFO batch:0
[    0.094646]   DMA32 zone: 8128 pages used for memmap
[    0.094646]   DMA32 zone: 520176 pages, LIFO batch:63
[    0.103573] ACPI: PM-Timer IO Port: 0x4008
[    0.103576] ACPI: Local APIC address 0xfee00000
[    0.103645] IOAPIC[0]: apic_id 1, version 32, address 0xfec00000, GSI 0-23
[    0.103648] ACPI: INT_SRC_OVR (bus 0 bus_irq 0 global_irq 2 dfl dfl)
[    0.103650] ACPI: INT_SRC_OVR (bus 0 bus_irq 9 global_irq 9 low level)
[    0.103652] ACPI: IRQ0 used by override.
[    0.103653] ACPI: IRQ9 used by override.
[    0.103655] Using ACPI (MADT) for SMP configuration information
[    0.103662] smpboot: Allowing 1 CPUs, 0 hotplug CPUs
[    0.103685] PM: Registered nosave memory: [mem 0x00000000-0x00000fff]
[    0.103686] PM: Registered nosave memory: [mem 0x0009f000-0x0009ffff]
[    0.103687] PM: Registered nosave memory: [mem 0x000a0000-0x000effff]
[    0.103687] PM: Registered nosave memory: [mem 0x000f0000-0x000fffff]
[    0.103689] [mem 0x80000000-0xfebfffff] available for PCI devices
[    0.103690] Booting paravirtualized kernel on KVM
[    0.103693] clocksource: refined-jiffies: mask: 0xffffffff max_cycles: 0xffffffff, max_idle_ns: 7645519600211568 ns
[    0.103697] setup_percpu: NR_CPUS:8192 nr_cpumask_bits:1 nr_cpu_ids:1 nr_node_ids:1
[    0.104717] percpu: Embedded 60 pages/cpu s208896 r8192 d28672 u2097152
[    0.104722] pcpu-alloc: s208896 r8192 d28672 u2097152 alloc=1*2097152
[    0.104723] pcpu-alloc: [0] 0 
[    0.104749] Built 1 zonelists, mobility grouping on.  Total pages: 515961
[    0.104750] Policy zone: DMA32
[    0.104751] Kernel command line: BOOT_IMAGE=/boot/vmlinuz-5.4.243-mptcp root=UUID=98415a12-53b7-4144-8265-0f7ece09e445 ro quiet splash
[    0.105606] Dentry cache hash table entries: 262144 (order: 9, 2097152 bytes, linear)
[    0.105869] Inode-cache hash table entries: 131072 (order: 8, 1048576 bytes, linear)
[    0.105927] mem auto-init: stack:off, heap alloc:on, heap free:off
[    0.105929] Calgary: detecting Calgary via BIOS EBDA area
[    0.105931] Calgary: Unable to locate Rio Grande table in EBDA - bailing!
[    0.110014] Memory: 1967332K/2096696K available (14339K kernel code, 2398K rwdata, 4712K rodata, 2728K init, 17260K bss, 129364K reserved, 0K cma-reserved)
[    0.110942] SLUB: HWalign=64, Order=0-3, MinObjects=0, CPUs=1, Nodes=1
[    0.110958] ftrace: allocating 43186 entries in 169 pages
[    0.129071] rcu: Hierarchical RCU implementation.
[    0.129073] rcu: 	RCU restricting CPUs from NR_CPUS=8192 to nr_cpu_ids=1.
[    0.129074] 	Tasks RCU enabled.
[    0.129075] rcu: RCU calculated value of scheduler-enlistment delay is 25 jiffies.
[    0.129076] rcu: Adjusting geometry for rcu_fanout_leaf=16, nr_cpu_ids=1
[    0.132040] NR_IRQS: 524544, nr_irqs: 256, preallocated irqs: 16
[    0.132257] random: crng init done
[    0.141553] Console: colour VGA+ 80x25
[    0.141557] printk: console [tty0] enabled
[    0.141578] ACPI: Core revision 20190816
[    0.141677] APIC: Switch to symmetric I/O mode setup
[    0.141935] x2apic enabled
[    0.142173] Switched APIC routing to physical x2apic.
[    0.143325] ..TIMER: vector=0x30 apic1=0 pin1=2 apic2=-1 pin2=-1
[    0.143349] clocksource: tsc-early: mask: 0xffffffffffffffff max_cycles: 0x1e4530a99b6, max_idle_ns: 440795257976 ns
[    0.143354] Calibrating delay loop (skipped) preset value.. 4200.00 BogoMIPS (lpj=8400000)
[    0.143356] pid_max: default: 32768 minimum: 301
[    0.143384] LSM: Security Framework initializing
[    0.143394] Yama: becoming mindful.
[    0.143420] AppArmor: AppArmor initialized
[    0.143453] Mount-cache hash table entries: 4096 (order: 3, 32768 bytes, linear)
[    0.143458] Mountpoint-cache hash table entries: 4096 (order: 3, 32768 bytes, linear)
[    0.143468] *** VALIDATE tmpfs ***
[    0.143602] *** VALIDATE proc ***
[    0.143645] *** VALIDATE cgroup1 ***
[    0.143646] *** VALIDATE cgroup2 ***
[    0.143789] process: using mwait in idle threads
[    0.143794] Last level iTLB entries: 4KB 64, 2MB 8, 4MB 8
[    0.143794] Last level dTLB entries: 4KB 64, 2MB 0, 4MB 0, 1GB 4
[    0.143816] Spectre V1 : Mitigation: usercopy/swapgs barriers and __user pointer sanitization
[    0.143821] Spectre V2 : Mitigation: Retpolines
[    0.143822] Spectre V2 : Spectre v2 / SpectreRSB mitigation: Filling RSB on context switch
[    0.143822] Spectre V2 : Spectre v2 / SpectreRSB : Filling RSB on VMEXIT
[    0.143823] RETBleed: WARNING: Spectre v2 mitigation leaves CPU vulnerable to RETBleed attacks, data leaks possible!
[    0.144178] RETBleed: Vulnerable
[    0.144179] Speculative Store Bypass: Vulnerable
[    0.144184] TAA: Mitigation: TSX disabled
[    0.144184] MMIO Stale Data: Mitigation: Clear CPU buffers
[    0.148392] Freeing SMP alternatives memory: 40K
[    0.260488] smpboot: CPU0: Intel(R) Xeon(R) Silver 4216 CPU @ 2.10GHz (family: 0x6, model: 0x55, stepping: 0x7)
[    0.260631] Performance Events: unsupported p6 CPU model 85 no PMU driver, software events only.
[    0.260674] rcu: Hierarchical SRCU implementation.
[    0.261178] NMI watchdog: Perf NMI watchdog permanently disabled
[    0.261217] smp: Bringing up secondary CPUs ...
[    0.261218] smp: Brought up 1 node, 1 CPU
[    0.261219] smpboot: Max logical packages: 1
[    0.261221] smpboot: Total of 1 processors activated (4200.00 BogoMIPS)
[    0.262200] devtmpfs: initialized
[    0.262248] x86/mm: Memory block size: 128MB
[    0.262597] clocksource: jiffies: mask: 0xffffffff max_cycles: 0xffffffff, max_idle_ns: 7645041785100000 ns
[    0.262602] futex hash table entries: 256 (order: 2, 16384 bytes, linear)
[    0.262646] pinctrl core: initialized pinctrl subsystem
[    0.262747] PM: RTC time: 18:16:07, date: 2026-01-15
[    0.262855] NET: Registered protocol family 16
[    0.262928] audit: initializing netlink subsys (disabled)
[    0.263054] EISA bus registered
[    0.263055] cpuidle: using governor ladder
[    0.263056] cpuidle: using governor menu
[    0.263092] ACPI: bus type PCI registered
[    0.263093] acpiphp: ACPI Hot Plug PCI Controller Driver version: 0.5
[    0.263195] PCI: Using configuration type 1 for base access
[    0.263725] audit: type=2000 audit(1768472173.340:1): state=initialized audit_enabled=0 res=1
[    0.263803] HugeTLB registered 2.00 MiB page size, pre-allocated 0 pages
[    0.264618] ACPI: Added _OSI(Module Device)
[    0.264619] ACPI: Added _OSI(Processor Device)
[    0.264620] ACPI: Added _OSI(3.0 _SCP Extensions)
[    0.264621] ACPI: Added _OSI(Processor Aggregator Device)
[    0.264622] ACPI: Added _OSI(Linux-Dell-Video)
[    0.264622] ACPI: Added _OSI(Linux-Lenovo-NV-HDMI-Audio)
[    0.264623] ACPI: Added _OSI(Linux-HPI-Hybrid-Graphics)
[    0.266576] ACPI: 2 ACPI AML tables successfully acquired and loaded
[    0.268098] ACPI: Interpreter enabled
[    0.268108] ACPI: (supports S0 S5)
[    0.268109] ACPI: Using IOAPIC for interrupt routing
[    0.268312] PCI: Using host bridge windows from ACPI; if necessary, use "pci=nocrs" and report a bug
[    0.268417] ACPI: Enabled 2 GPEs in block 00 to 07
[    0.273255] ACPI: PCI Root Bridge [PCI0] (domain 0000 [bus 00-ff])
[    0.273260] acpi PNP0A03:00: _OSC: OS supports [ASPM ClockPM Segments MSI HPX-Type3]
[    0.273703] acpi PNP0A03:00: _OSC: not requesting OS control; OS requires [ExtendedConfig ASPM ClockPM MSI]
[    0.273711] acpi PNP0A03:00: fail to add MMCONFIG information, can't access extended PCI configuration space under this bridge.
[    0.274095] PCI host bridge to bus 0000:00
[    0.274097] pci_bus 0000:00: root bus resource [io  0x0000-0x0cf7 window]
[    0.274098] pci_bus 0000:00: root bus resource [io  0x0d00-0xffff window]
[    0.274100] pci_bus 0000:00: root bus resource [mem 0x000a0000-0x000bffff window]
[    0.274101] pci_bus 0000:00: root bus resource [mem 0x80000000-0xfdffffff window]
[    0.274102] pci_bus 0000:00: root bus resource [bus 00-ff]
[    0.274145] pci 0000:00:00.0: [8086:1237] type 00 class 0x060000
[    0.275090] pci 0000:00:01.0: [8086:7000] type 00 class 0x060100
[    0.275900] pci 0000:00:01.1: [8086:7111] type 00 class 0x01018a
[    0.276273] pci 0000:00:01.1: reg 0x20: [io  0xd000-0xd00f]
[    0.276430] pci 0000:00:01.1: legacy IDE quirk: reg 0x10: [io  0x01f0-0x01f7]
[    0.276431] pci 0000:00:01.1: legacy IDE quirk: reg 0x14: [io  0x03f6]
[    0.276432] pci 0000:00:01.1: legacy IDE quirk: reg 0x18: [io  0x0170-0x0177]
[    0.276433] pci 0000:00:01.1: legacy IDE quirk: reg 0x1c: [io  0x0376]
[    0.276966] pci 0000:00:02.0: [15ad:0405] type 00 class 0x030000
[    0.279433] pci 0000:00:02.0: reg 0x10: [io  0xd010-0xd01f]
[    0.283398] pci 0000:00:02.0: reg 0x14: [mem 0xe0000000-0xe7ffffff pref]
[    0.286112] pci 0000:00:02.0: reg 0x18: [mem 0xf0000000-0xf01fffff]
[    0.296145] pci 0000:00:03.0: [1022:2000] type 00 class 0x020000
[    0.296832] pci 0000:00:03.0: reg 0x10: [io  0xd020-0xd03f]
[    0.297466] pci 0000:00:03.0: reg 0x14: [mem 0xf0200000-0xf0200fff]
[    0.302460] pci 0000:00:04.0: [80ee:cafe] type 00 class 0x088000
[    0.303145] pci 0000:00:04.0: reg 0x10: [io  0xd040-0xd05f]
[    0.303466] pci 0000:00:04.0: reg 0x14: [mem 0xf0400000-0xf07fffff]
[    0.304077] pci 0000:00:04.0: reg 0x18: [mem 0xf0800000-0xf0803fff pref]
[    0.307393] pci 0000:00:07.0: [8086:7113] type 00 class 0x068000
[    0.307938] pci 0000:00:07.0: quirk: [io  0x4000-0x403f] claimed by PIIX4 ACPI
[    0.307949] pci 0000:00:07.0: quirk: [io  0x4100-0x410f] claimed by PIIX4 SMB
[    0.308556] pci 0000:00:08.0: [8086:100e] type 00 class 0x020000
[    0.309272] pci 0000:00:08.0: reg 0x10: [mem 0xf0820000-0xf083ffff]
[    0.310448] pci 0000:00:08.0: reg 0x18: [io  0xd060-0xd067]
[    0.313577] pci 0000:00:09.0: [8086:100e] type 00 class 0x020000
[    0.314298] pci 0000:00:09.0: reg 0x10: [mem 0xf0840000-0xf085ffff]
[    0.316035] pci 0000:00:09.0: reg 0x18: [io  0xd068-0xd06f]
[    0.324497] ACPI: PCI Interrupt Link [LNKA] (IRQs 5 9 10 *11)
[    0.327626] ACPI: PCI Interrupt Link [LNKB] (IRQs 5 9 *10 11)
[    0.327725] ACPI: PCI Interrupt Link [LNKC] (IRQs 5 *9 10 11)
[    0.327829] ACPI: PCI Interrupt Link [LNKD] (IRQs 5 9 10 *11)
[    0.328087] iommu: Default domain type: Translated 
[    0.328148] pci 0000:00:02.0: vgaarb: setting as boot VGA device
[    0.328149] pci 0000:00:02.0: vgaarb: VGA device added: decodes=io+mem,owns=io+mem,locks=none
[    0.328151] pci 0000:00:02.0: vgaarb: bridge control possible
[    0.328152] vgaarb: loaded
[    0.328362] SCSI subsystem initialized
[    0.328396] libata version 3.00 loaded.
[    0.328419] ACPI: bus type USB registered
[    0.328435] usbcore: registered new interface driver usbfs
[    0.328441] usbcore: registered new interface driver hub
[    0.328446] usbcore: registered new device driver usb
[    0.328471] pps_core: LinuxPPS API ver. 1 registered
[    0.328472] pps_core: Software ver. 5.3.6 - Copyright 2005-2007 Rodolfo Giometti <giometti@linux.it>
[    0.328474] PTP clock support registered
[    0.328508] EDAC MC: Ver: 3.0.0
[    0.328798] PCI: Using ACPI for IRQ routing
[    0.328800] PCI: pci_cache_line_size set to 64 bytes
[    0.328975] e820: reserve RAM buffer [mem 0x0009fc00-0x0009ffff]
[    0.328979] e820: reserve RAM buffer [mem 0x7fff0000-0x7fffffff]
[    0.329806] NetLabel: Initializing
[    0.329807] NetLabel:  domain hash size = 128
[    0.329807] NetLabel:  protocols = UNLABELED CIPSOv4 CALIPSO
[    0.329826] NetLabel:  unlabeled traffic allowed by default
[    0.330738] clocksource: Switched to clocksource kvm-clock
[    0.342002] *** VALIDATE bpf ***
[    0.342069] VFS: Disk quotas dquot_6.6.0
[    0.342081] VFS: Dquot-cache hash table entries: 512 (order 0, 4096 bytes)
[    0.342106] *** VALIDATE ramfs ***
[    0.342109] *** VALIDATE hugetlbfs ***
[    0.342194] AppArmor: AppArmor Filesystem Enabled
[    0.342223] pnp: PnP ACPI init
[    0.342294] pnp 00:00: Plug and Play ACPI device, IDs PNP0303 (active)
[    0.342363] pnp 00:01: Plug and Play ACPI device, IDs PNP0f03 (active)
[    0.343120] pnp: PnP ACPI: found 2 devices
[    0.344111] thermal_sys: Registered thermal governor 'fair_share'
[    0.344112] thermal_sys: Registered thermal governor 'bang_bang'
[    0.344112] thermal_sys: Registered thermal governor 'step_wise'
[    0.344113] thermal_sys: Registered thermal governor 'user_space'
[    0.344114] thermal_sys: Registered thermal governor 'power_allocator'
[    0.348648] clocksource: acpi_pm: mask: 0xffffff max_cycles: 0xffffff, max_idle_ns: 2085701024 ns
[    0.348688] pci_bus 0000:00: resource 4 [io  0x0000-0x0cf7 window]
[    0.348689] pci_bus 0000:00: resource 5 [io  0x0d00-0xffff window]
[    0.348691] pci_bus 0000:00: resource 6 [mem 0x000a0000-0x000bffff window]
[    0.348692] pci_bus 0000:00: resource 7 [mem 0x80000000-0xfdffffff window]
[    0.348751] NET: Registered protocol family 2
[    0.348826] IP idents hash table entries: 32768 (order: 6, 262144 bytes, linear)
[    0.349231] MPTCP tokens hash table entries: 8192 (order: 4, 65536 bytes, linear)
[    0.349251] MPTCP request tokens hash table entries: 8192 (order: 4, 65536 bytes, linear)
[    0.349276] default registered
[    0.349277] default registered
[    0.349277] MPTCP: Stable release v0.96
[    0.349282] tcp_listen_portaddr_hash hash table entries: 1024 (order: 2, 16384 bytes, linear)
[    0.349362] TCP established hash table entries: 16384 (order: 5, 131072 bytes, linear)
[    0.349428] TCP bind hash table entries: 16384 (order: 6, 262144 bytes, linear)
[    0.349454] TCP: Hash tables configured (established 16384 bind 16384)
[    0.350164] UDP hash table entries: 1024 (order: 3, 32768 bytes, linear)
[    0.350176] UDP-Lite hash table entries: 1024 (order: 3, 32768 bytes, linear)
[    0.350209] NET: Registered protocol family 1
[    0.350217] NET: Registered protocol family 44
[    0.350238] pci 0000:00:00.0: Limiting direct PCI/PCI transfers
[    0.350250] pci 0000:00:01.0: Activating ISA DMA hang workarounds
[    0.350307] pci 0000:00:02.0: Video device with shadowed ROM at [mem 0x000c0000-0x000dffff]
[    0.350373] PCI: CLS 0 bytes, default 64
[    0.350420] Trying to unpack rootfs image as initramfs...
[    0.523741] Freeing initrd memory: 47868K
[    0.523741] clocksource: tsc: mask: 0xffffffffffffffff max_cycles: 0x1e4530a99b6, max_idle_ns: 440795257976 ns
[    0.523741] clocksource: Switched to clocksource tsc
[    0.523741] platform rtc_cmos: registered platform RTC device (no PNP device found)
[    0.523741] check: Scanning for low memory corruption every 60 seconds
[    0.523741] Initialise system trusted keyrings
[    0.523741] Key type blacklist registered
[    0.523741] workingset: timestamp_bits=36 max_order=19 bucket_order=0
[    0.523741] zbud: loaded
[    0.523741] squashfs: version 4.0 (2009/01/31) Phillip Lougher
[    0.523741] fuse: init (API version 7.31)
[    0.523741] *** VALIDATE fuse ***
[    0.523741] *** VALIDATE fuse ***
[    0.523741] Platform Keyring initialized
[    0.523741] Key type asymmetric registered
[    0.523741] Asymmetric key parser 'x509' registered
[    0.523741] Block layer SCSI generic (bsg) driver version 0.4 loaded (major 244)
[    0.523741] io scheduler mq-deadline registered
[    0.523741] shpchp: Standard Hot Plug PCI Controller Driver version: 0.4
[    0.537786] ACPI: AC Adapter [AC] (on-line)
[    0.537832] input: Power Button as /devices/LNXSYSTM:00/LNXPWRBN:00/input/input0
[    0.537858] ACPI: Power Button [PWRF]
[    0.537943] input: Sleep Button as /devices/LNXSYSTM:00/LNXSLPBN:00/input/input1
[    0.537958] ACPI: Sleep Button [SLPF]
[    0.538194] Serial: 8250/16550 driver, 32 ports, IRQ sharing enabled
[    0.539358] Linux agpgart interface v0.103
[    0.635135] loop: module loaded
[    0.635283] ata_piix 0000:00:01.1: version 2.13
[    0.635708] scsi host0: ata_piix
[    0.635799] scsi host1: ata_piix
[    0.635825] ata1: PATA max UDMA/33 cmd 0x1f0 ctl 0x3f6 bmdma 0xd000 irq 14
[    0.635826] ata2: PATA max UDMA/33 cmd 0x170 ctl 0x376 bmdma 0xd008 irq 15
[    0.635907] tun: Universal TUN/TAP device driver, 1.6
[    0.636215] PPP generic driver version 2.4.2
[    0.636257] VFIO - User Level meta-driver version: 0.3
[    0.636496] ehci_hcd: USB 2.0 'Enhanced' Host Controller (EHCI) Driver
[    0.636501] ehci-pci: EHCI PCI platform driver
[    0.636516] ehci-platform: EHCI generic platform driver
[    0.636522] ohci_hcd: USB 1.1 'Open' Host Controller (OHCI) Driver
[    0.636523] ohci-pci: OHCI PCI platform driver
[    0.636531] ohci-platform: OHCI generic platform driver
[    0.636535] uhci_hcd: USB Universal Host Controller Interface driver
[    0.636602] i8042: PNP: PS/2 Controller [PNP0303:PS2K,PNP0f03:PS2M] at 0x60,0x64 irq 1,12
[    0.637047] serio: i8042 KBD port at 0x60,0x64 irq 1
[    0.637051] serio: i8042 AUX port at 0x60,0x64 irq 12
[    0.637136] mousedev: PS/2 mouse device common for all mice
[    0.637388] input: AT Translated Set 2 keyboard as /devices/platform/i8042/serio0/input/input2
[    0.637789] rtc_cmos rtc_cmos: registered as rtc0
[    0.637802] rtc_cmos rtc_cmos: alarms up to one day, 114 bytes nvram
[    0.637807] i2c /dev entries driver
[    0.637850] device-mapper: uevent: version 1.0.3
[    0.637893] device-mapper: ioctl: 4.41.0-ioctl (2019-09-16) initialised: dm-devel@redhat.com
[    0.637909] platform eisa.0: Probing EISA bus 0
[    0.637910] platform eisa.0: EISA: Cannot allocate resource for mainboard
[    0.637911] platform eisa.0: Cannot allocate resource for EISA slot 1
[    0.637913] platform eisa.0: Cannot allocate resource for EISA slot 2
[    0.637914] platform eisa.0: Cannot allocate resource for EISA slot 3
[    0.637914] platform eisa.0: Cannot allocate resource for EISA slot 4
[    0.637915] platform eisa.0: Cannot allocate resource for EISA slot 5
[    0.637916] platform eisa.0: Cannot allocate resource for EISA slot 6
[    0.637917] platform eisa.0: Cannot allocate resource for EISA slot 7
[    0.637918] platform eisa.0: Cannot allocate resource for EISA slot 8
[    0.637919] platform eisa.0: EISA: Detected 0 cards
[    0.637922] intel_pstate: CPU model not supported
[    0.637933] ledtrig-cpu: registered to indicate activity on CPUs
[    0.637990] drop_monitor: Initializing network drop monitor service
[    0.638148] NET: Registered protocol family 10
[    0.643294] Segment Routing with IPv6
[    0.643294] fullmesh registered
[    0.643294] ndiffports registered
[    0.643294] binder registered
[    0.643294] roundrobin registered
[    0.643294] redundant registered
[    0.643294] blest registered
[    0.643294] ecf registered
[    0.643294] NET: Registered protocol family 17
[    0.643294] Key type dns_resolver registered
[    0.643294] RAS: Correctable Errors collector initialized.
[    0.643294] IPI shorthand broadcast: enabled
[    0.643294] sched_clock: Marking stable (628192121, 11102621)->(641797281, -2502539)
[    0.643554] registered taskstats version 1
[    0.643562] Loading compiled-in X.509 certificates
[    0.644149] Loaded X.509 cert 'Build time autogenerated kernel key: 6909f3744cebb3d0de528d5887b96a727de79b1e'
[    0.644167] zswap: loaded using pool lzo/zbud
[    0.644221] Key type ._fscrypt registered
[    0.644221] Key type .fscrypt registered
[    0.648666] Key type big_key registered
[    0.650830] Key type encrypted registered
[    0.650832] AppArmor: AppArmor sha1 policy hashing enabled
[    0.650839] ima: No TPM chip found, activating TPM-bypass!
[    0.650844] ima: Allocated hash algorithm: sha1
[    0.650850] ima: No architecture policies found
[    0.650859] evm: Initialising EVM extended attributes:
[    0.650860] evm: security.selinux
[    0.650861] evm: security.SMACK64
[    0.650861] evm: security.SMACK64EXEC
[    0.650861] evm: security.SMACK64TRANSMUTE
[    0.650862] evm: security.SMACK64MMAP
[    0.650862] evm: security.apparmor
[    0.650863] evm: security.ima
[    0.650864] evm: security.capability
[    0.650864] evm: HMAC attrs: 0x1
[    0.651156] PM:   Magic number: 10:724:291
[    0.651178] tty tty24: hash matches
[    0.651264] rtc_cmos rtc_cmos: setting system clock to 2026-01-15T18:16:08 UTC (1768500968)
[    0.808263] ata1.00: ATA-6: VBOX HARDDISK, 1.0, max UDMA/133
[    0.808267] ata1.00: 209715200 sectors, multi 128: LBA 
[    0.808937] scsi 0:0:0:0: Direct-Access     ATA      VBOX HARDDISK    1.0  PQ: 0 ANSI: 5
[    0.809232] sd 0:0:0:0: [sda] 209715200 512-byte logical blocks: (107 GB/100 GiB)
[    0.809244] sd 0:0:0:0: [sda] Write Protect is off
[    0.809247] sd 0:0:0:0: [sda] Mode Sense: 00 3a 00 00
[    0.809268] sd 0:0:0:0: [sda] Write cache: enabled, read cache: enabled, doesn't support DPO or FUA
[    0.809594] sd 0:0:0:0: Attached scsi generic sg0 type 0
[    0.810422]  sda: sda1 sda2
[    0.819329] sd 0:0:0:0: [sda] Attached SCSI disk
[    0.822681] Freeing unused decrypted memory: 2040K
[    0.823674] Freeing unused kernel image memory: 2728K
[    0.823677] Write protecting the kernel read-only data: 22528k
[    0.824704] Freeing unused kernel image memory: 2036K
[    0.825272] Freeing unused kernel image memory: 1432K
[    0.852170] x86/mm: Checked W+X mappings: passed, no W+X pages found.
[    0.852174] Run /init as init process
[    0.955513] ACPI: Video Device [GFX0] (multi-head: yes  rom: no  post: no)
[    0.955584] input: Video Bus as /devices/LNXSYSTM:00/LNXSYBUS:00/PNP0A03:00/LNXVIDEO:00/input/input4
[    0.966821] pcnet32: pcnet32.c:v1.35 21.Apr.2008 tsbogend@alpha.franken.de
[    0.968621] piix4_smbus 0000:00:07.0: SMBus Host Controller at 0x4100, revision 0
[    0.972591] e1000: Intel(R) PRO/1000 Network Driver - version 7.3.21-k8-NAPI
[    0.972591] e1000: Copyright (c) 1999-2006 Intel Corporation.
[    0.978808] pcnet32: PCnet/FAST III 79C973 at 0xd020, 08:00:27:12:11:90 assigned IRQ 19
[    0.978852] pcnet32: Found PHY 0022:561b at address 0
[    0.979149] pcnet32: eth0: registered as PCnet/FAST III 79C973
[    0.987666] pcnet32: 1 cards_found
[    1.053411] pcnet32 0000:00:03.0 enp0s3: renamed from eth0
[    1.192089] input: ImExPS/2 Generic Explorer Mouse as /devices/platform/i8042/serio1/input/input5
[    1.379494] e1000 0000:00:08.0 eth0: (PCI:33MHz:32-bit) 08:00:27:8e:da:f3
[    1.379498] e1000 0000:00:08.0 eth0: Intel(R) PRO/1000 Network Connection
[    1.751510] e1000 0000:00:09.0 eth1: (PCI:33MHz:32-bit) 08:00:27:ac:6a:6a
[    1.751512] e1000 0000:00:09.0 eth1: Intel(R) PRO/1000 Network Connection
[    1.752627] e1000 0000:00:09.0 enp0s9: renamed from eth1
[    1.754394] e1000 0000:00:08.0 enp0s8: renamed from eth0
[    1.896180] EXT4-fs (sda2): mounted filesystem with ordered data mode. Opts: (null)
[    1.983069] systemd[1]: Inserted module 'autofs4'
[    1.991964] systemd[1]: systemd 245.4-4ubuntu3 running in system mode. (+PAM +AUDIT +SELINUX +IMA +APPARMOR +SMACK +SYSVINIT +UTMP +LIBCRYPTSETUP +GCRYPT +GNUTLS +ACL +XZ +LZ4 +SECCOMP +BLKID +ELFUTILS +KMOD +IDN2 -IDN +PCRE2 default-hierarchy=hybrid)
[    1.991994] systemd[1]: Detected virtualization oracle.
[    1.991997] systemd[1]: Detected architecture x86-64.
[    1.993268] systemd[1]: Set hostname to <ztg>.
[    2.114043] systemd[1]: /lib/systemd/system/dbus.socket:5: ListenStream= references a path below legacy directory /var/run/, updating /var/run/dbus/system_bus_socket â†’ /run/dbus/system_bus_socket; please update the unit file accordingly.
[    2.164487] systemd[1]: Created slice system-modprobe.slice.
[    2.164669] systemd[1]: Created slice User and Session Slice.
[    2.164711] systemd[1]: Started Forward Password Requests to Wall Directory Watch.
[    2.164876] systemd[1]: Set up automount Arbitrary Executable File Formats File System Automount Point.
[    2.164907] systemd[1]: Reached target User and Group Name Lookups.
[    2.164916] systemd[1]: Reached target Remote File Systems.
[    2.164924] systemd[1]: Reached target Slices.
[    2.165402] systemd[1]: Listening on Syslog Socket.
[    2.165467] systemd[1]: Listening on fsck to fsckd communication Socket.
[    2.165505] systemd[1]: Listening on initctl Compatibility Named Pipe.
[    2.165645] systemd[1]: Listening on Journal Audit Socket.
[    2.165697] systemd[1]: Listening on Journal Socket (/dev/log).
[    2.165764] systemd[1]: Listening on Journal Socket.
[    2.165829] systemd[1]: Listening on udev Control Socket.
[    2.165868] systemd[1]: Listening on udev Kernel Socket.
[    2.166618] systemd[1]: Mounting Huge Pages File System...
[    2.167626] systemd[1]: Mounting POSIX Message Queue File System...
[    2.168551] systemd[1]: Mounting Kernel Debug File System...
[    2.169434] systemd[1]: Mounting Kernel Trace File System...
[    2.171363] systemd[1]: Starting Journal Service...
[    2.193698] systemd[1]: Starting Set the console keyboard layout...
[    2.201627] systemd[1]: Starting Create list of static device nodes for the current kernel...
[    2.203482] systemd[1]: Starting Load Kernel Module drm...
[    2.204419] systemd[1]: Condition check resulted in Set Up Additional Binary Formats being skipped.
[    2.204488] systemd[1]: Condition check resulted in File System Check on Root Device being skipped.
[    2.214911] systemd[1]: Starting Load Kernel Modules...
[    2.223046] systemd[1]: Starting Remount Root and Kernel File Systems...
[    2.232790] systemd[1]: Starting udev Coldplug all Devices...
[    2.244361] systemd[1]: Starting Uncomplicated firewall...
[    2.245890] systemd[1]: Mounted Huge Pages File System.
[    2.245974] systemd[1]: Mounted POSIX Message Queue File System.
[    2.246044] systemd[1]: Mounted Kernel Debug File System.
[    2.246111] systemd[1]: Mounted Kernel Trace File System.
[    2.247472] EXT4-fs (sda2): re-mounted. Opts: errors=remount-ro
[    2.284061] systemd[1]: Finished Create list of static device nodes for the current kernel.
[    2.284950] systemd[1]: modprobe@drm.service: Succeeded.
[    2.290876] systemd[1]: Finished Load Kernel Module drm.
[    2.291724] systemd[1]: Finished Remount Root and Kernel File Systems.
[    2.292837] systemd[1]: Finished Uncomplicated firewall.
[    2.309360] lp: driver loaded but no devices found
[    2.310660] systemd[1]: Condition check resulted in Rebuild Hardware Database being skipped.
[    2.310708] systemd[1]: Condition check resulted in Platform Persistent Storage Archival being skipped.
[    2.311431] systemd[1]: Starting Load/Save Random Seed...
[    2.318271] systemd[1]: Starting Create System Users...
[    2.326285] ppdev: user-space parallel port driver
[    2.329824] systemd[1]: Finished Load/Save Random Seed.
[    2.340314] systemd[1]: Finished Create System Users.
[    2.341114] systemd[1]: Starting Create Static Device Nodes in /dev...
[    2.392707] systemd[1]: Finished udev Coldplug all Devices.
[    2.396925] systemd[1]: Finished Create Static Device Nodes in /dev.
[    2.397780] systemd[1]: Starting udev Kernel Device Manager...
[    2.405404] [drm] DMA map mode: Caching DMA mappings.
[    2.405467] [drm] Capabilities:
[    2.405467] [drm]   Rect copy.
[    2.405467] [drm]   Cursor.
[    2.405468] [drm]   Cursor bypass.
[    2.405468] [drm]   Cursor bypass 2.
[    2.405469] [drm]   Alpha cursor.
[    2.405469] [drm]   Extended Fifo.
[    2.405469] [drm]   Pitchlock.
[    2.405470] [drm]   Irq mask.
[    2.405470] [drm]   GMR.
[    2.405470] [drm]   Traces.
[    2.405471] [drm]   GMR2.
[    2.405471] [drm]   Screen Object 2.
[    2.405471] [drm]   Command Buffers.
[    2.405472] [drm]   Command Buffers 2.
[    2.405472] [drm]   Guest Backed Resources.
[    2.405473] [drm] Max GMR ids is 8192
[    2.405474] [drm] Max number of GMR pages is 1048576
[    2.405474] [drm] Max dedicated hypervisor surface memory is 393216 kiB
[    2.405475] [drm] Maximum display memory size is 131072 kiB
[    2.405475] [drm] VRAM at 0xe0000000 size is 131072 kiB
[    2.405476] [drm] MMIO at 0xf0000000 size is 2048 kiB
[    2.405610] [TTM] Zone  kernel: Available graphics memory: 1011738 KiB
[    2.405610] [TTM] Initializing pool allocator
[    2.405613] [TTM] Initializing DMA pool allocator
[    2.405639] [drm] Supports vblank timestamp caching Rev 2 (21.10.2013).
[    2.405640] [drm] No driver support for vblank timestamp query.
[    2.405853] [drm] Screen Target Display device initialized
[    2.406087] [drm] width 720
[    2.406099] [drm] height 400
[    2.406103] [drm] bpp 32
[    2.406697] [drm] Fifo max 0x00200000 min 0x00001000 cap 0x00000355
[    2.407769] [drm] Using command buffers with DMA pool.
[    2.407772] [drm] DX: no.
[    2.407773] [drm] Atomic: yes.
[    2.407773] [drm] SM4_1: no.
[    2.407793] [drm:vmw_host_log [vmwgfx]] *ERROR* Failed to send host log message.
[    2.409463] [drm:vmw_host_log [vmwgfx]] *ERROR* Failed to send host log message.
[    2.421951] fbcon: svgadrmfb (fb0) is primary device
[    2.431539] Console: switching to colour frame buffer device 100x37
[    2.438251] [drm] Initialized vmwgfx 2.15.0 20180704 for 0000:00:02.0 on minor 0
[    2.439254] systemd[1]: Finished Load Kernel Modules.
[    2.440249] systemd[1]: Mounting FUSE Control File System...
[    2.441459] systemd[1]: Mounting Kernel Configuration File System...
[    2.457689] systemd[1]: Starting Apply Kernel Variables...
[    2.466245] systemd[1]: Mounted FUSE Control File System.
[    2.466317] systemd[1]: Condition check resulted in VMware vmblock fuse mount being skipped.
[    2.469929] systemd[1]: Mounted Kernel Configuration File System.
[    2.500601] systemd[1]: Finished Apply Kernel Variables.
[    2.501436] systemd[1]: Finished Set the console keyboard layout.
[    2.501515] systemd[1]: Reached target Local File Systems (Pre).
[    2.503909] systemd[1]: Mounting Mount unit for bare, revision 5...
[    2.515315] systemd[1]: Mounting Mount unit for core18, revision 1705...
[    2.516505] systemd[1]: Mounting Mount unit for gnome-3-34-1804, revision 24...
[    2.523324] systemd[1]: Mounting Mount unit for gtk-common-themes, revision 1506...
[    2.542069] systemd[1]: Mounting Mount unit for gtk-common-themes, revision 1535...
[    2.554563] systemd[1]: Mounting Mount unit for snap-store, revision 433...
[    2.565063] systemd[1]: Mounting Mount unit for snapd, revision 25935...
[    2.567290] systemd[1]: Mounted Mount unit for bare, revision 5.
[    2.609107] systemd[1]: Started udev Kernel Device Manager.
[    2.609877] systemd[1]: Starting Show Plymouth Boot Screen...
[    2.616693] systemd[1]: Received SIGRTMIN+20 from PID 273 (plymouthd).
[    2.626799] systemd[1]: Mounted Mount unit for core18, revision 1705.
[    2.626999] systemd[1]: Mounted Mount unit for gnome-3-34-1804, revision 24.
[    2.627177] systemd[1]: Mounted Mount unit for gtk-common-themes, revision 1535.
[    2.639083] systemd[1]: Started Show Plymouth Boot Screen.
[    2.639214] systemd[1]: Condition check resulted in Dispatch Password Requests to Console Directory Watch being skipped.
[    2.639313] systemd[1]: Started Forward Password Requests to Plymouth Directory Watch.
[    2.639343] systemd[1]: Reached target Local Encrypted Volumes.
[    2.674594] systemd[1]: Mounted Mount unit for gtk-common-themes, revision 1506.
[    2.707807] systemd[1]: Mounted Mount unit for snap-store, revision 433.
[    2.708031] systemd[1]: Mounted Mount unit for snapd, revision 25935.
[    2.708180] systemd[1]: Reached target Local File Systems.
[    2.709014] systemd[1]: Starting Load AppArmor profiles...
[    2.711202] systemd[1]: Starting Set console font and keymap...
[    2.724369] systemd[1]: Starting Tell Plymouth To Write Out Runtime Data...
[    2.725994] systemd[1]: Condition check resulted in Store a System Token in an EFI Variable being skipped.
[    2.726049] systemd[1]: Condition check resulted in Commit a transient machine-id on disk being skipped.
[    2.730674] systemd[1]: Finished Set console font and keymap.
[    2.737384] systemd[1]: Received SIGRTMIN+20 from PID 273 (plymouthd).
[    2.738471] systemd[1]: plymouth-read-write.service: Succeeded.
[    2.738742] systemd[1]: Finished Tell Plymouth To Write Out Runtime Data.
[    2.771710] audit: type=1400 audit(1768500970.616:2): apparmor="STATUS" operation="profile_load" profile="unconfined" name="nvidia_modprobe" pid=299 comm="apparmor_parser"
[    2.771712] audit: type=1400 audit(1768500970.616:3): apparmor="STATUS" operation="profile_load" profile="unconfined" name="nvidia_modprobe//kmod" pid=299 comm="apparmor_parser"
[    2.778283] audit: type=1400 audit(1768500970.624:4): apparmor="STATUS" operation="profile_load" profile="unconfined" name="/usr/sbin/tcpdump" pid=300 comm="apparmor_parser"
[    2.827928] audit: type=1400 audit(1768500970.664:5): apparmor="STATUS" operation="profile_load" profile="unconfined" name="/usr/bin/evince" pid=302 comm="apparmor_parser"
[    2.827932] audit: type=1400 audit(1768500970.664:6): apparmor="STATUS" operation="profile_load" profile="unconfined" name="/usr/bin/evince//sanitized_helper" pid=302 comm="apparmor_parser"
[    2.827934] audit: type=1400 audit(1768500970.664:7): apparmor="STATUS" operation="profile_load" profile="unconfined" name="/usr/bin/evince-previewer" pid=302 comm="apparmor_parser"
[    2.827935] audit: type=1400 audit(1768500970.664:8): apparmor="STATUS" operation="profile_load" profile="unconfined" name="/usr/bin/evince-previewer//sanitized_helper" pid=302 comm="apparmor_parser"
[    2.827937] audit: type=1400 audit(1768500970.664:9): apparmor="STATUS" operation="profile_load" profile="unconfined" name="/usr/bin/evince-thumbnailer" pid=302 comm="apparmor_parser"
[    2.837878] audit: type=1400 audit(1768500970.684:10): apparmor="STATUS" operation="profile_load" profile="unconfined" name="/usr/lib/cups/backend/cups-pdf" pid=303 comm="apparmor_parser"
[    2.918072] systemd[1]: Finished Load AppArmor profiles.
[    2.919003] systemd[1]: Starting Load AppArmor profiles managed internally by snapd...
[    3.028686] systemd[1]: Finished Load AppArmor profiles managed internally by snapd.
[    3.133347] systemd[1]: Started Journal Service.
[    3.143392] systemd-journald[229]: Received client request to flush runtime journal.
[    3.146140] systemd-journald[229]: File /var/log/journal/c455b248004a419c87ce85eea238d727/system.journal corrupted or uncleanly shut down, renaming and replacing.
[    4.407351] RAPL PMU: API unit is 2^-32 Joules, 0 fixed counters, 10737418240 ms ovfl timer
[    4.470841] cryptd: max_cpu_qlen set to 1000
[    4.539360] AVX2 version of gcm_enc/dec engaged.
[    4.539361] AES CTR mode by8 optimization enabled
[    6.333943] Adding 1998844k swap on /dev/sda1.  Priority:-2 extents:1 across:1998844k FS
[    7.651644] kauditd_printk_skb: 30 callbacks suppressed
[    7.651645] audit: type=1400 audit(1768500975.496:41): apparmor="DENIED" operation="capable" profile="/usr/sbin/cups-browsed" pid=509 comm="cups-browsed" capability=23  capname="sys_nice"
[    8.896673] pcnet32 0000:00:03.0 enp0s3: link up, 100Mbps, full-duplex
[    8.937654] e1000: enp0s8 NIC Link is Up 1000 Mbps Full Duplex, Flow Control: RX
[    8.937930] IPv6: ADDRCONF(NETDEV_CHANGE): enp0s8: link becomes ready
[    8.960866] e1000: enp0s9 NIC Link is Up 1000 Mbps Full Duplex, Flow Control: RX
[    8.961163] IPv6: ADDRCONF(NETDEV_CHANGE): enp0s9: link becomes ready
[    9.604794] device enp0s3 entered promiscuous mode
[    9.632496] audit: type=1400 audit(1768500977.476:42): apparmor="DENIED" operation="open" profile="/usr/sbin/tcpdump" name="/proc/sys/kernel/random/boot_id" pid=637 comm="tcpdump" requested_mask="r" denied_mask="r" fsuid=0 ouid=0
[    9.633465] audit: type=1400 audit(1768500977.476:43): apparmor="DENIED" operation="open" profile="/usr/sbin/tcpdump" name="/proc/sys/kernel/random/boot_id" pid=637 comm="tcpdump" requested_mask="r" denied_mask="r" fsuid=0 ouid=0
[    9.633521] audit: type=1400 audit(1768500977.476:44): apparmor="DENIED" operation="open" profile="/usr/sbin/tcpdump" name="/proc/sys/kernel/random/boot_id" pid=637 comm="tcpdump" requested_mask="r" denied_mask="r" fsuid=0 ouid=0
[    9.633632] audit: type=1400 audit(1768500977.476:45): apparmor="DENIED" operation="open" profile="/usr/sbin/tcpdump" name="/proc/sys/kernel/random/boot_id" pid=637 comm="tcpdump" requested_mask="r" denied_mask="r" fsuid=0 ouid=0
[    9.638701] audit: type=1400 audit(1768500977.484:46): apparmor="DENIED" operation="open" profile="/usr/sbin/tcpdump" name="/proc/sys/kernel/random/boot_id" pid=638 comm="tcpdump" requested_mask="r" denied_mask="r" fsuid=0 ouid=0
[    9.640037] audit: type=1400 audit(1768500977.484:47): apparmor="DENIED" operation="open" profile="/usr/sbin/tcpdump" name="/proc/sys/kernel/random/boot_id" pid=638 comm="tcpdump" requested_mask="r" denied_mask="r" fsuid=0 ouid=0
[    9.640078] audit: type=1400 audit(1768500977.484:48): apparmor="DENIED" operation="open" profile="/usr/sbin/tcpdump" name="/proc/sys/kernel/random/boot_id" pid=638 comm="tcpdump" requested_mask="r" denied_mask="r" fsuid=0 ouid=0
[    9.640184] audit: type=1400 audit(1768500977.484:49): apparmor="DENIED" operation="open" profile="/usr/sbin/tcpdump" name="/proc/sys/kernel/random/boot_id" pid=638 comm="tcpdump" requested_mask="r" denied_mask="r" fsuid=0 ouid=0
[   15.424423] rfkill: input handler disabled
[  207.369578] AAAAA-TCP_FORW: name:enp0s3: saddr:16783984: daddr:100932208
[  253.551303] AAAAA-TCP_FORW: name:enp0s3: saddr:100932208: daddr:33561200
[  253.714234] AAAAA-TCP_FORW: name:enp0s3: saddr:100932208: daddr:33561200
[  253.777845] AAAAA-TCP_FORW: name:enp0s3: saddr:100932208: daddr:16783984
[  253.948769] AAAAA-TCP_FORW: name:enp0s3: saddr:100932208: daddr:16783984
[  254.124983] AAAAA-TCP_FORW: name:enp0s3: saddr:100932208: daddr:16783984
[  254.202774] AAAAA-TCP_FORW: name:enp0s3: saddr:100932208: daddr:16783984
[  254.331961] AAAAA-TCP_FORW: name:enp0s3: saddr:100932208: daddr:16783984
[  254.515805] AAAAA-TCP_FORW: name:enp0s3: saddr:100932208: daddr:16783984
[  254.625404] AAAAA-TCP_FORW: name:enp0s3: saddr:100932208: daddr:16783984
[  254.718932] AAAAA-TCP_FORW: name:enp0s3: saddr:100932208: daddr:16783984
[  254.762800] AAAAA-TCP_FORW: name:enp0s3: saddr:100932208: daddr:16783984
[  254.863701] AAAAA-TCP_FORW: name:enp0s3: saddr:100932208: daddr:33561200
[  254.979638] AAAAA-TCP_FORW: name:enp0s3: saddr:100932208: daddr:33561200
[  255.096492] AAAAA-TCP_FORW: name:enp0s3: saddr:100932208: daddr:16783984
[  255.285201] AAAAA-TCP_FORW: name:enp0s3: saddr:100932208: daddr:16783984
[  480.822237] rfkill: input handler enabled
[  489.357607] rfkill: input handler disabled
[  651.024402] device enp0s3 left promiscuous mode
