[    0.000000] Linux version 5.4.243-mptcp (root@ztg) (gcc version 12.2.0 (Debian 12.2.0-14+deb12u1)) #53 SMP Wed Dec 24 23:28:15 CST 2025
[    0.000000] Command line: BOOT_IMAGE=/boot/vmlinuz-5.4.243-mptcp root=UUID=98415a12-53b7-4144-8265-0f7ece09e445 ro quiet splash
[    0.000000] KERNEL supported cpus:
[    0.000000]   Intel GenuineIntel
[    0.000000]   AMD AuthenticAMD
[    0.000000]   Hygon HygonGenuine
[    0.000000]   Centaur CentaurHauls
[    0.000000]   zhaoxin   Shanghai  
[    0.000000] x86/fpu: Supporting XSAVE feature 0x001: 'x87 floating point registers'
[    0.000000] x86/fpu: Supporting XSAVE feature 0x002: 'SSE registers'
[    0.000000] x86/fpu: Supporting XSAVE feature 0x004: 'AVX registers'
[    0.000000] x86/fpu: xstate_offset[2]:  576, xstate_sizes[2]:  256
[    0.000000] x86/fpu: Enabled xstate features 0x7, context size is 832 bytes, using 'standard' format.
[    0.000000] BIOS-provided physical RAM map:
[    0.000000] BIOS-e820: [mem 0x0000000000000000-0x000000000009fbff] usable
[    0.000000] BIOS-e820: [mem 0x000000000009fc00-0x000000000009ffff] reserved
[    0.000000] BIOS-e820: [mem 0x00000000000f0000-0x00000000000fffff] reserved
[    0.000000] BIOS-e820: [mem 0x0000000000100000-0x000000007ffeffff] usable
[    0.000000] BIOS-e820: [mem 0x000000007fff0000-0x000000007fffffff] ACPI data
[    0.000000] BIOS-e820: [mem 0x00000000fec00000-0x00000000fec00fff] reserved
[    0.000000] BIOS-e820: [mem 0x00000000fee00000-0x00000000fee00fff] reserved
[    0.000000] BIOS-e820: [mem 0x00000000fffc0000-0x00000000ffffffff] reserved
[    0.000000] NX (Execute Disable) protection: active
[    0.000000] SMBIOS 2.5 present.
[    0.000000] DMI: innotek GmbH VirtualBox/VirtualBox, BIOS VirtualBox 12/01/2006
[    0.000000] Hypervisor detected: KVM
[    0.000000] kvm-clock: Using msrs 4b564d01 and 4b564d00
[    0.000000] kvm-clock: cpu 0, msr 15201001, primary cpu clock
[    0.000000] kvm-clock: using sched offset of 4482334533 cycles
[    0.000003] clocksource: kvm-clock: mask: 0xffffffffffffffff max_cycles: 0x1cd42e4dffb, max_idle_ns: 881590591483 ns
[    0.000005] tsc: Detected 2100.000 MHz processor
[    0.001880] e820: update [mem 0x00000000-0x00000fff] usable ==> reserved
[    0.001882] e820: remove [mem 0x000a0000-0x000fffff] usable
[    0.001886] last_pfn = 0x7fff0 max_arch_pfn = 0x400000000
[    0.001956] MTRR default type: uncachable
[    0.001957] MTRR fixed ranges enabled:
[    0.001958]   00000-9FFFF write-back
[    0.001959]   A0000-BFFFF uncachable
[    0.001960]   C0000-FFFFF write-protect
[    0.001960] MTRR variable ranges enabled:
[    0.001962]   0 base 000000000000 mask 3FFF80000000 write-back
[    0.001962]   1 disabled
[    0.001963]   2 disabled
[    0.001963]   3 disabled
[    0.001964]   4 disabled
[    0.001964]   5 disabled
[    0.001965]   6 disabled
[    0.001965]   7 disabled
[    0.001965]   8 disabled
[    0.001966]   9 disabled
[    0.001966]   10 disabled
[    0.001967]   11 disabled
[    0.001967]   12 disabled
[    0.001968]   13 disabled
[    0.001968]   14 disabled
[    0.001968]   15 disabled
[    0.001985] x86/PAT: Configuration [0-7]: WB  WC  UC- UC  WB  WP  UC- WT  
[    0.002123] found SMP MP-table at [mem 0x0009fff0-0x0009ffff]
[    0.091474] check: Scanning 1 areas for low memory corruption
[    0.091644] RAMDISK: [mem 0x32271000-0x3512ffff]
[    0.091652] ACPI: Early table checksum verification disabled
[    0.091658] ACPI: RSDP 0x00000000000E0000 000024 (v02 VBOX  )
[    0.091663] ACPI: XSDT 0x000000007FFF0030 00003C (v01 VBOX   VBOXXSDT 00000001 ASL  00000061)
[    0.091670] ACPI: FACP 0x000000007FFF00F0 0000F4 (v04 VBOX   VBOXFACP 00000001 ASL  00000061)
[    0.091677] ACPI: DSDT 0x000000007FFF02E0 002353 (v02 VBOX   VBOXBIOS 00000002 VBOX 00029BF3)
[    0.091681] ACPI: FACS 0x000000007FFF0200 000040
[    0.091684] ACPI: FACS 0x000000007FFF0200 000040
[    0.091687] ACPI: APIC 0x000000007FFF0240 000054 (v02 VBOX   VBOXAPIC 00000001 ASL  00000061)
[    0.091691] ACPI: SSDT 0x000000007FFF02A0 000038 (v01 VBOX   VBOXCPUT 00000002 VBOX 00029BF3)
[    0.091695] ACPI: Reserving FACP table memory at [mem 0x7fff00f0-0x7fff01e3]
[    0.091695] ACPI: Reserving DSDT table memory at [mem 0x7fff02e0-0x7fff2632]
[    0.091696] ACPI: Reserving FACS table memory at [mem 0x7fff0200-0x7fff023f]
[    0.091697] ACPI: Reserving FACS table memory at [mem 0x7fff0200-0x7fff023f]
[    0.091697] ACPI: Reserving APIC table memory at [mem 0x7fff0240-0x7fff0293]
[    0.091698] ACPI: Reserving SSDT table memory at [mem 0x7fff02a0-0x7fff02d7]
[    0.091713] ACPI: Local APIC address 0xfee00000
[    0.091903] No NUMA configuration found
[    0.091904] Faking a node at [mem 0x0000000000000000-0x000000007ffeffff]
[    0.091914] NODE_DATA(0) allocated [mem 0x7ffc5000-0x7ffeffff]
[    0.092188] Zone ranges:
[    0.092189]   DMA      [mem 0x0000000000001000-0x0000000000ffffff]
[    0.092190]   DMA32    [mem 0x0000000001000000-0x000000007ffeffff]
[    0.092191]   Normal   empty
[    0.092192]   Device   empty
[    0.092192] Movable zone start for each node
[    0.092194] Early memory node ranges
[    0.092195]   node   0: [mem 0x0000000000001000-0x000000000009efff]
[    0.092196]   node   0: [mem 0x0000000000100000-0x000000007ffeffff]
[    0.092200] Zeroed struct page in unavailable ranges: 114 pages
[    0.092201] Initmem setup node 0 [mem 0x0000000000001000-0x000000007ffeffff]
[    0.092202] On node 0 totalpages: 524174
[    0.092203]   DMA zone: 64 pages used for memmap
[    0.092204]   DMA zone: 21 pages reserved
[    0.092205]   DMA zone: 3998 pages, LIFO batch:0
[    0.092284]   DMA32 zone: 8128 pages used for memmap
[    0.092284]   DMA32 zone: 520176 pages, LIFO batch:63
[    0.101804] ACPI: PM-Timer IO Port: 0x4008
[    0.101808] ACPI: Local APIC address 0xfee00000
[    0.101878] IOAPIC[0]: apic_id 1, version 32, address 0xfec00000, GSI 0-23
[    0.101882] ACPI: INT_SRC_OVR (bus 0 bus_irq 0 global_irq 2 dfl dfl)
[    0.101884] ACPI: INT_SRC_OVR (bus 0 bus_irq 9 global_irq 9 low level)
[    0.101885] ACPI: IRQ0 used by override.
[    0.101887] ACPI: IRQ9 used by override.
[    0.101889] Using ACPI (MADT) for SMP configuration information
[    0.101898] smpboot: Allowing 1 CPUs, 0 hotplug CPUs
[    0.101922] PM: Registered nosave memory: [mem 0x00000000-0x00000fff]
[    0.101923] PM: Registered nosave memory: [mem 0x0009f000-0x0009ffff]
[    0.101924] PM: Registered nosave memory: [mem 0x000a0000-0x000effff]
[    0.101925] PM: Registered nosave memory: [mem 0x000f0000-0x000fffff]
[    0.101926] [mem 0x80000000-0xfebfffff] available for PCI devices
[    0.101927] Booting paravirtualized kernel on KVM
[    0.101930] clocksource: refined-jiffies: mask: 0xffffffff max_cycles: 0xffffffff, max_idle_ns: 7645519600211568 ns
[    0.101935] setup_percpu: NR_CPUS:8192 nr_cpumask_bits:1 nr_cpu_ids:1 nr_node_ids:1
[    0.102931] percpu: Embedded 60 pages/cpu s208896 r8192 d28672 u2097152
[    0.102936] pcpu-alloc: s208896 r8192 d28672 u2097152 alloc=1*2097152
[    0.102937] pcpu-alloc: [0] 0 
[    0.102964] Built 1 zonelists, mobility grouping on.  Total pages: 515961
[    0.102964] Policy zone: DMA32
[    0.102966] Kernel command line: BOOT_IMAGE=/boot/vmlinuz-5.4.243-mptcp root=UUID=98415a12-53b7-4144-8265-0f7ece09e445 ro quiet splash
[    0.103787] Dentry cache hash table entries: 262144 (order: 9, 2097152 bytes, linear)
[    0.103933] Inode-cache hash table entries: 131072 (order: 8, 1048576 bytes, linear)
[    0.103985] mem auto-init: stack:off, heap alloc:on, heap free:off
[    0.103988] Calgary: detecting Calgary via BIOS EBDA area
[    0.103990] Calgary: Unable to locate Rio Grande table in EBDA - bailing!
[    0.108871] Memory: 1967332K/2096696K available (14339K kernel code, 2398K rwdata, 4712K rodata, 2728K init, 17260K bss, 129364K reserved, 0K cma-reserved)
[    0.109799] SLUB: HWalign=64, Order=0-3, MinObjects=0, CPUs=1, Nodes=1
[    0.109816] ftrace: allocating 43186 entries in 169 pages
[    0.128944] rcu: Hierarchical RCU implementation.
[    0.128946] rcu: 	RCU restricting CPUs from NR_CPUS=8192 to nr_cpu_ids=1.
[    0.128947] 	Tasks RCU enabled.
[    0.128948] rcu: RCU calculated value of scheduler-enlistment delay is 25 jiffies.
[    0.128949] rcu: Adjusting geometry for rcu_fanout_leaf=16, nr_cpu_ids=1
[    0.131984] NR_IRQS: 524544, nr_irqs: 256, preallocated irqs: 16
[    0.132220] random: crng init done
[    0.141507] Console: colour VGA+ 80x25
[    0.141512] printk: console [tty0] enabled
[    0.141537] ACPI: Core revision 20190816
[    0.141637] APIC: Switch to symmetric I/O mode setup
[    0.141890] x2apic enabled
[    0.142130] Switched APIC routing to physical x2apic.
[    0.143267] ..TIMER: vector=0x30 apic1=0 pin1=2 apic2=-1 pin2=-1
[    0.143294] clocksource: tsc-early: mask: 0xffffffffffffffff max_cycles: 0x1e4530a99b6, max_idle_ns: 440795257976 ns
[    0.143300] Calibrating delay loop (skipped) preset value.. 4200.00 BogoMIPS (lpj=8400000)
[    0.143302] pid_max: default: 32768 minimum: 301
[    0.143331] LSM: Security Framework initializing
[    0.143341] Yama: becoming mindful.
[    0.143369] AppArmor: AppArmor initialized
[    0.143403] Mount-cache hash table entries: 4096 (order: 3, 32768 bytes, linear)
[    0.143408] Mountpoint-cache hash table entries: 4096 (order: 3, 32768 bytes, linear)
[    0.143419] *** VALIDATE tmpfs ***
[    0.143554] *** VALIDATE proc ***
[    0.143597] *** VALIDATE cgroup1 ***
[    0.143599] *** VALIDATE cgroup2 ***
[    0.143742] process: using mwait in idle threads
[    0.143747] Last level iTLB entries: 4KB 64, 2MB 8, 4MB 8
[    0.143748] Last level dTLB entries: 4KB 64, 2MB 0, 4MB 0, 1GB 4
[    0.143768] Spectre V1 : Mitigation: usercopy/swapgs barriers and __user pointer sanitization
[    0.143774] Spectre V2 : Mitigation: Retpolines
[    0.143775] Spectre V2 : Spectre v2 / SpectreRSB mitigation: Filling RSB on context switch
[    0.143775] Spectre V2 : Spectre v2 / SpectreRSB : Filling RSB on VMEXIT
[    0.143776] RETBleed: WARNING: Spectre v2 mitigation leaves CPU vulnerable to RETBleed attacks, data leaks possible!
[    0.144136] RETBleed: Vulnerable
[    0.144137] Speculative Store Bypass: Vulnerable
[    0.144142] TAA: Mitigation: TSX disabled
[    0.144143] MMIO Stale Data: Mitigation: Clear CPU buffers
[    0.148761] Freeing SMP alternatives memory: 40K
[    0.261126] smpboot: CPU0: Intel(R) Xeon(R) Silver 4216 CPU @ 2.10GHz (family: 0x6, model: 0x55, stepping: 0x7)
[    0.261292] Performance Events: unsupported p6 CPU model 85 no PMU driver, software events only.
[    0.261330] rcu: Hierarchical SRCU implementation.
[    0.261833] NMI watchdog: Perf NMI watchdog permanently disabled
[    0.261873] smp: Bringing up secondary CPUs ...
[    0.261874] smp: Brought up 1 node, 1 CPU
[    0.261875] smpboot: Max logical packages: 1
[    0.261877] smpboot: Total of 1 processors activated (4200.00 BogoMIPS)
[    0.262875] devtmpfs: initialized
[    0.262923] x86/mm: Memory block size: 128MB
[    0.263275] clocksource: jiffies: mask: 0xffffffff max_cycles: 0xffffffff, max_idle_ns: 7645041785100000 ns
[    0.263281] futex hash table entries: 256 (order: 2, 16384 bytes, linear)
[    0.263296] pinctrl core: initialized pinctrl subsystem
[    0.263296] PM: RTC time: 18:47:34, date: 2026-01-14
[    0.263296] NET: Registered protocol family 16
[    0.263296] audit: initializing netlink subsys (disabled)
[    0.263296] EISA bus registered
[    0.263296] cpuidle: using governor ladder
[    0.263296] cpuidle: using governor menu
[    0.263296] ACPI: bus type PCI registered
[    0.263296] acpiphp: ACPI Hot Plug PCI Controller Driver version: 0.5
[    0.263296] PCI: Using configuration type 1 for base access
[    0.263844] audit: type=2000 audit(1768387660.430:1): state=initialized audit_enabled=0 res=1
[    0.263925] HugeTLB registered 2.00 MiB page size, pre-allocated 0 pages
[    0.264750] ACPI: Added _OSI(Module Device)
[    0.264751] ACPI: Added _OSI(Processor Device)
[    0.264752] ACPI: Added _OSI(3.0 _SCP Extensions)
[    0.264753] ACPI: Added _OSI(Processor Aggregator Device)
[    0.264754] ACPI: Added _OSI(Linux-Dell-Video)
[    0.264754] ACPI: Added _OSI(Linux-Lenovo-NV-HDMI-Audio)
[    0.264755] ACPI: Added _OSI(Linux-HPI-Hybrid-Graphics)
[    0.266709] ACPI: 2 ACPI AML tables successfully acquired and loaded
[    0.268251] ACPI: Interpreter enabled
[    0.268261] ACPI: (supports S0 S5)
[    0.268262] ACPI: Using IOAPIC for interrupt routing
[    0.268467] PCI: Using host bridge windows from ACPI; if necessary, use "pci=nocrs" and report a bug
[    0.268575] ACPI: Enabled 2 GPEs in block 00 to 07
[    0.273496] ACPI: PCI Root Bridge [PCI0] (domain 0000 [bus 00-ff])
[    0.273501] acpi PNP0A03:00: _OSC: OS supports [ASPM ClockPM Segments MSI HPX-Type3]
[    0.273979] acpi PNP0A03:00: _OSC: not requesting OS control; OS requires [ExtendedConfig ASPM ClockPM MSI]
[    0.273987] acpi PNP0A03:00: fail to add MMCONFIG information, can't access extended PCI configuration space under this bridge.
[    0.274378] PCI host bridge to bus 0000:00
[    0.274380] pci_bus 0000:00: root bus resource [io  0x0000-0x0cf7 window]
[    0.274382] pci_bus 0000:00: root bus resource [io  0x0d00-0xffff window]
[    0.274384] pci_bus 0000:00: root bus resource [mem 0x000a0000-0x000bffff window]
[    0.274385] pci_bus 0000:00: root bus resource [mem 0x80000000-0xfdffffff window]
[    0.274387] pci_bus 0000:00: root bus resource [bus 00-ff]
[    0.274438] pci 0000:00:00.0: [8086:1237] type 00 class 0x060000
[    0.275385] pci 0000:00:01.0: [8086:7000] type 00 class 0x060100
[    0.276188] pci 0000:00:01.1: [8086:7111] type 00 class 0x01018a
[    0.276567] pci 0000:00:01.1: reg 0x20: [io  0xd000-0xd00f]
[    0.276725] pci 0000:00:01.1: legacy IDE quirk: reg 0x10: [io  0x01f0-0x01f7]
[    0.276726] pci 0000:00:01.1: legacy IDE quirk: reg 0x14: [io  0x03f6]
[    0.276727] pci 0000:00:01.1: legacy IDE quirk: reg 0x18: [io  0x0170-0x0177]
[    0.276728] pci 0000:00:01.1: legacy IDE quirk: reg 0x1c: [io  0x0376]
[    0.277279] pci 0000:00:02.0: [15ad:0405] type 00 class 0x030000
[    0.279382] pci 0000:00:02.0: reg 0x10: [io  0xd010-0xd01f]
[    0.283346] pci 0000:00:02.0: reg 0x14: [mem 0xe0000000-0xe7ffffff pref]
[    0.286159] pci 0000:00:02.0: reg 0x18: [mem 0xf0000000-0xf01fffff]
[    0.297930] pci 0000:00:03.0: [1022:2000] type 00 class 0x020000
[    0.299448] pci 0000:00:03.0: reg 0x10: [io  0xd020-0xd03f]
[    0.300119] pci 0000:00:03.0: reg 0x14: [mem 0xf0200000-0xf0200fff]
[    0.303730] pci 0000:00:04.0: [80ee:cafe] type 00 class 0x088000
[    0.304416] pci 0000:00:04.0: reg 0x10: [io  0xd040-0xd05f]
[    0.305024] pci 0000:00:04.0: reg 0x14: [mem 0xf0400000-0xf07fffff]
[    0.305632] pci 0000:00:04.0: reg 0x18: [mem 0xf0800000-0xf0803fff pref]
[    0.309203] pci 0000:00:07.0: [8086:7113] type 00 class 0x068000
[    0.309746] pci 0000:00:07.0: quirk: [io  0x4000-0x403f] claimed by PIIX4 ACPI
[    0.309760] pci 0000:00:07.0: quirk: [io  0x4100-0x410f] claimed by PIIX4 SMB
[    0.310369] pci 0000:00:08.0: [8086:100e] type 00 class 0x020000
[    0.311084] pci 0000:00:08.0: reg 0x10: [mem 0xf0820000-0xf083ffff]
[    0.311987] pci 0000:00:08.0: reg 0x18: [io  0xd060-0xd067]
[    0.315225] pci 0000:00:09.0: [8086:100e] type 00 class 0x020000
[    0.315976] pci 0000:00:09.0: reg 0x10: [mem 0xf0840000-0xf085ffff]
[    0.317134] pci 0000:00:09.0: reg 0x18: [io  0xd068-0xd06f]
[    0.328305] ACPI: PCI Interrupt Link [LNKA] (IRQs 5 9 10 *11)
[    0.328587] ACPI: PCI Interrupt Link [LNKB] (IRQs 5 9 *10 11)
[    0.328693] ACPI: PCI Interrupt Link [LNKC] (IRQs 5 *9 10 11)
[    0.328793] ACPI: PCI Interrupt Link [LNKD] (IRQs 5 9 10 *11)
[    0.329081] iommu: Default domain type: Translated 
[    0.329146] pci 0000:00:02.0: vgaarb: setting as boot VGA device
[    0.329148] pci 0000:00:02.0: vgaarb: VGA device added: decodes=io+mem,owns=io+mem,locks=none
[    0.329150] pci 0000:00:02.0: vgaarb: bridge control possible
[    0.329151] vgaarb: loaded
[    0.329367] SCSI subsystem initialized
[    0.329400] libata version 3.00 loaded.
[    0.329424] ACPI: bus type USB registered
[    0.329440] usbcore: registered new interface driver usbfs
[    0.329446] usbcore: registered new interface driver hub
[    0.329451] usbcore: registered new device driver usb
[    0.329476] pps_core: LinuxPPS API ver. 1 registered
[    0.329477] pps_core: Software ver. 5.3.6 - Copyright 2005-2007 Rodolfo Giometti <giometti@linux.it>
[    0.329479] PTP clock support registered
[    0.329513] EDAC MC: Ver: 3.0.0
[    0.329799] PCI: Using ACPI for IRQ routing
[    0.329801] PCI: pci_cache_line_size set to 64 bytes
[    0.329971] e820: reserve RAM buffer [mem 0x0009fc00-0x0009ffff]
[    0.329975] e820: reserve RAM buffer [mem 0x7fff0000-0x7fffffff]
[    0.330751] NetLabel: Initializing
[    0.330752] NetLabel:  domain hash size = 128
[    0.330753] NetLabel:  protocols = UNLABELED CIPSOv4 CALIPSO
[    0.331301] NetLabel:  unlabeled traffic allowed by default
[    0.332323] clocksource: Switched to clocksource kvm-clock
[    0.345661] *** VALIDATE bpf ***
[    0.345725] VFS: Disk quotas dquot_6.6.0
[    0.345739] VFS: Dquot-cache hash table entries: 512 (order 0, 4096 bytes)
[    0.345762] *** VALIDATE ramfs ***
[    0.345765] *** VALIDATE hugetlbfs ***
[    0.345851] AppArmor: AppArmor Filesystem Enabled
[    0.345877] pnp: PnP ACPI init
[    0.345952] pnp 00:00: Plug and Play ACPI device, IDs PNP0303 (active)
[    0.346018] pnp 00:01: Plug and Play ACPI device, IDs PNP0f03 (active)
[    0.346753] pnp: PnP ACPI: found 2 devices
[    0.347765] thermal_sys: Registered thermal governor 'fair_share'
[    0.347766] thermal_sys: Registered thermal governor 'bang_bang'
[    0.347767] thermal_sys: Registered thermal governor 'step_wise'
[    0.347767] thermal_sys: Registered thermal governor 'user_space'
[    0.347768] thermal_sys: Registered thermal governor 'power_allocator'
[    0.352298] clocksource: acpi_pm: mask: 0xffffff max_cycles: 0xffffff, max_idle_ns: 2085701024 ns
[    0.352339] pci_bus 0000:00: resource 4 [io  0x0000-0x0cf7 window]
[    0.352340] pci_bus 0000:00: resource 5 [io  0x0d00-0xffff window]
[    0.352341] pci_bus 0000:00: resource 6 [mem 0x000a0000-0x000bffff window]
[    0.352343] pci_bus 0000:00: resource 7 [mem 0x80000000-0xfdffffff window]
[    0.352401] NET: Registered protocol family 2
[    0.352477] IP idents hash table entries: 32768 (order: 6, 262144 bytes, linear)
[    0.352894] MPTCP tokens hash table entries: 8192 (order: 4, 65536 bytes, linear)
[    0.352914] MPTCP request tokens hash table entries: 8192 (order: 4, 65536 bytes, linear)
[    0.352940] default registered
[    0.352940] default registered
[    0.352940] MPTCP: Stable release v0.96
[    0.352945] tcp_listen_portaddr_hash hash table entries: 1024 (order: 2, 16384 bytes, linear)
[    0.353028] TCP established hash table entries: 16384 (order: 5, 131072 bytes, linear)
[    0.353096] TCP bind hash table entries: 16384 (order: 6, 262144 bytes, linear)
[    0.353121] TCP: Hash tables configured (established 16384 bind 16384)
[    0.353878] UDP hash table entries: 1024 (order: 3, 32768 bytes, linear)
[    0.353889] UDP-Lite hash table entries: 1024 (order: 3, 32768 bytes, linear)
[    0.353934] NET: Registered protocol family 1
[    0.353946] NET: Registered protocol family 44
[    0.353974] pci 0000:00:00.0: Limiting direct PCI/PCI transfers
[    0.353990] pci 0000:00:01.0: Activating ISA DMA hang workarounds
[    0.354048] pci 0000:00:02.0: Video device with shadowed ROM at [mem 0x000c0000-0x000dffff]
[    0.354111] PCI: CLS 0 bytes, default 64
[    0.354164] Trying to unpack rootfs image as initramfs...
[    0.535223] Freeing initrd memory: 47868K
[    0.535223] clocksource: tsc: mask: 0xffffffffffffffff max_cycles: 0x1e4530a99b6, max_idle_ns: 440795257976 ns
[    0.535223] clocksource: Switched to clocksource tsc
[    0.535223] platform rtc_cmos: registered platform RTC device (no PNP device found)
[    0.535223] check: Scanning for low memory corruption every 60 seconds
[    0.535223] Initialise system trusted keyrings
[    0.535223] Key type blacklist registered
[    0.535223] workingset: timestamp_bits=36 max_order=19 bucket_order=0
[    0.535223] zbud: loaded
[    0.535223] squashfs: version 4.0 (2009/01/31) Phillip Lougher
[    0.535223] fuse: init (API version 7.31)
[    0.535223] *** VALIDATE fuse ***
[    0.535223] *** VALIDATE fuse ***
[    0.535223] Platform Keyring initialized
[    0.535223] Key type asymmetric registered
[    0.535223] Asymmetric key parser 'x509' registered
[    0.535223] Block layer SCSI generic (bsg) driver version 0.4 loaded (major 244)
[    0.535223] io scheduler mq-deadline registered
[    0.535223] shpchp: Standard Hot Plug PCI Controller Driver version: 0.4
[    0.546082] ACPI: AC Adapter [AC] (on-line)
[    0.546133] input: Power Button as /devices/LNXSYSTM:00/LNXPWRBN:00/input/input0
[    0.546162] ACPI: Power Button [PWRF]
[    0.546248] input: Sleep Button as /devices/LNXSYSTM:00/LNXSLPBN:00/input/input1
[    0.546264] ACPI: Sleep Button [SLPF]
[    0.546532] Serial: 8250/16550 driver, 32 ports, IRQ sharing enabled
[    0.547702] Linux agpgart interface v0.103
[    0.643118] loop: module loaded
[    0.643283] ata_piix 0000:00:01.1: version 2.13
[    0.643696] scsi host0: ata_piix
[    0.643788] scsi host1: ata_piix
[    0.643814] ata1: PATA max UDMA/33 cmd 0x1f0 ctl 0x3f6 bmdma 0xd000 irq 14
[    0.643815] ata2: PATA max UDMA/33 cmd 0x170 ctl 0x376 bmdma 0xd008 irq 15
[    0.643897] tun: Universal TUN/TAP device driver, 1.6
[    0.644222] PPP generic driver version 2.4.2
[    0.644266] VFIO - User Level meta-driver version: 0.3
[    0.644504] ehci_hcd: USB 2.0 'Enhanced' Host Controller (EHCI) Driver
[    0.644508] ehci-pci: EHCI PCI platform driver
[    0.644523] ehci-platform: EHCI generic platform driver
[    0.644528] ohci_hcd: USB 1.1 'Open' Host Controller (OHCI) Driver
[    0.644530] ohci-pci: OHCI PCI platform driver
[    0.644537] ohci-platform: OHCI generic platform driver
[    0.644541] uhci_hcd: USB Universal Host Controller Interface driver
[    0.644608] i8042: PNP: PS/2 Controller [PNP0303:PS2K,PNP0f03:PS2M] at 0x60,0x64 irq 1,12
[    0.645047] serio: i8042 KBD port at 0x60,0x64 irq 1
[    0.645051] serio: i8042 AUX port at 0x60,0x64 irq 12
[    0.645136] mousedev: PS/2 mouse device common for all mice
[    0.645398] input: AT Translated Set 2 keyboard as /devices/platform/i8042/serio0/input/input2
[    0.645802] rtc_cmos rtc_cmos: registered as rtc0
[    0.645815] rtc_cmos rtc_cmos: alarms up to one day, 114 bytes nvram
[    0.645820] i2c /dev entries driver
[    0.645864] device-mapper: uevent: version 1.0.3
[    0.645907] device-mapper: ioctl: 4.41.0-ioctl (2019-09-16) initialised: dm-devel@redhat.com
[    0.645923] platform eisa.0: Probing EISA bus 0
[    0.645925] platform eisa.0: EISA: Cannot allocate resource for mainboard
[    0.645926] platform eisa.0: Cannot allocate resource for EISA slot 1
[    0.645927] platform eisa.0: Cannot allocate resource for EISA slot 2
[    0.645928] platform eisa.0: Cannot allocate resource for EISA slot 3
[    0.645929] platform eisa.0: Cannot allocate resource for EISA slot 4
[    0.645930] platform eisa.0: Cannot allocate resource for EISA slot 5
[    0.645931] platform eisa.0: Cannot allocate resource for EISA slot 6
[    0.645932] platform eisa.0: Cannot allocate resource for EISA slot 7
[    0.645932] platform eisa.0: Cannot allocate resource for EISA slot 8
[    0.645933] platform eisa.0: EISA: Detected 0 cards
[    0.645936] intel_pstate: CPU model not supported
[    0.645946] ledtrig-cpu: registered to indicate activity on CPUs
[    0.646001] drop_monitor: Initializing network drop monitor service
[    0.646160] NET: Registered protocol family 10
[    0.651127] Segment Routing with IPv6
[    0.651127] fullmesh registered
[    0.651127] ndiffports registered
[    0.651127] binder registered
[    0.651127] roundrobin registered
[    0.651127] redundant registered
[    0.651127] blest registered
[    0.651127] ecf registered
[    0.651127] NET: Registered protocol family 17
[    0.651127] Key type dns_resolver registered
[    0.651127] RAS: Correctable Errors collector initialized.
[    0.651127] IPI shorthand broadcast: enabled
[    0.651127] sched_clock: Marking stable (636040476, 11087446)->(648025381, -897459)
[    0.651598] registered taskstats version 1
[    0.651608] Loading compiled-in X.509 certificates
[    0.652200] Loaded X.509 cert 'Build time autogenerated kernel key: 6909f3744cebb3d0de528d5887b96a727de79b1e'
[    0.652218] zswap: loaded using pool lzo/zbud
[    0.652272] Key type ._fscrypt registered
[    0.652272] Key type .fscrypt registered
[    0.656696] Key type big_key registered
[    0.658875] Key type encrypted registered
[    0.658877] AppArmor: AppArmor sha1 policy hashing enabled
[    0.658884] ima: No TPM chip found, activating TPM-bypass!
[    0.658888] ima: Allocated hash algorithm: sha1
[    0.658894] ima: No architecture policies found
[    0.658903] evm: Initialising EVM extended attributes:
[    0.658903] evm: security.selinux
[    0.658904] evm: security.SMACK64
[    0.658904] evm: security.SMACK64EXEC
[    0.658904] evm: security.SMACK64TRANSMUTE
[    0.658905] evm: security.SMACK64MMAP
[    0.658905] evm: security.apparmor
[    0.658906] evm: security.ima
[    0.658906] evm: security.capability
[    0.658907] evm: HMAC attrs: 0x1
[    0.659216] PM:   Magic number: 10:167:797
[    0.659317] rtc_cmos rtc_cmos: setting system clock to 2026-01-14T18:47:35 UTC (1768416455)
[    0.816353] ata1.00: ATA-6: VBOX HARDDISK, 1.0, max UDMA/133
[    0.816356] ata1.00: 209715200 sectors, multi 128: LBA 
[    0.817035] scsi 0:0:0:0: Direct-Access     ATA      VBOX HARDDISK    1.0  PQ: 0 ANSI: 5
[    0.817340] sd 0:0:0:0: [sda] 209715200 512-byte logical blocks: (107 GB/100 GiB)
[    0.817353] sd 0:0:0:0: [sda] Write Protect is off
[    0.817356] sd 0:0:0:0: [sda] Mode Sense: 00 3a 00 00
[    0.817376] sd 0:0:0:0: [sda] Write cache: enabled, read cache: enabled, doesn't support DPO or FUA
[    0.817714] sd 0:0:0:0: Attached scsi generic sg0 type 0
[    0.818991]  sda: sda1 sda2
[    0.831322] sd 0:0:0:0: [sda] Attached SCSI disk
[    0.834661] Freeing unused decrypted memory: 2040K
[    0.835662] Freeing unused kernel image memory: 2728K
[    0.835665] Write protecting the kernel read-only data: 22528k
[    0.836691] Freeing unused kernel image memory: 2036K
[    0.837253] Freeing unused kernel image memory: 1432K
[    0.864312] x86/mm: Checked W+X mappings: passed, no W+X pages found.
[    0.864319] Run /init as init process
[    0.970641] ACPI: Video Device [GFX0] (multi-head: yes  rom: no  post: no)
[    0.970715] input: Video Bus as /devices/LNXSYSTM:00/LNXSYBUS:00/PNP0A03:00/LNXVIDEO:00/input/input4
[    0.983853] pcnet32: pcnet32.c:v1.35 21.Apr.2008 tsbogend@alpha.franken.de
[    0.985318] piix4_smbus 0000:00:07.0: SMBus Host Controller at 0x4100, revision 0
[    0.987800] e1000: Intel(R) PRO/1000 Network Driver - version 7.3.21-k8-NAPI
[    0.987801] e1000: Copyright (c) 1999-2006 Intel Corporation.
[    0.998558] pcnet32: PCnet/FAST III 79C973 at 0xd020, 08:00:27:0a:09:1e assigned IRQ 19
[    0.998603] pcnet32: Found PHY 0022:561b at address 0
[    0.998903] pcnet32: eth0: registered as PCnet/FAST III 79C973
[    1.004573] pcnet32: 1 cards_found
[    1.058831] pcnet32 0000:00:03.0 enp0s3: renamed from eth0
[    1.197151] input: ImExPS/2 Generic Explorer Mouse as /devices/platform/i8042/serio1/input/input5
[    1.395404] e1000 0000:00:08.0 eth0: (PCI:33MHz:32-bit) 08:00:27:d5:ea:98
[    1.395409] e1000 0000:00:08.0 eth0: Intel(R) PRO/1000 Network Connection
[    1.767480] e1000 0000:00:09.0 eth1: (PCI:33MHz:32-bit) 08:00:27:7c:0d:80
[    1.767484] e1000 0000:00:09.0 eth1: Intel(R) PRO/1000 Network Connection
[    1.768677] e1000 0000:00:09.0 enp0s9: renamed from eth1
[    1.770490] e1000 0000:00:08.0 enp0s8: renamed from eth0
[    1.927447] EXT4-fs (sda2): mounted filesystem with ordered data mode. Opts: (null)
[    2.019646] systemd[1]: Inserted module 'autofs4'
[    2.031856] systemd[1]: systemd 245.4-4ubuntu3 running in system mode. (+PAM +AUDIT +SELINUX +IMA +APPARMOR +SMACK +SYSVINIT +UTMP +LIBCRYPTSETUP +GCRYPT +GNUTLS +ACL +XZ +LZ4 +SECCOMP +BLKID +ELFUTILS +KMOD +IDN2 -IDN +PCRE2 default-hierarchy=hybrid)
[    2.031889] systemd[1]: Detected virtualization oracle.
[    2.031896] systemd[1]: Detected architecture x86-64.
[    2.033194] systemd[1]: Set hostname to <ztg>.
[    2.163387] systemd[1]: /lib/systemd/system/dbus.socket:5: ListenStream= references a path below legacy directory /var/run/, updating /var/run/dbus/system_bus_socket â†’ /run/dbus/system_bus_socket; please update the unit file accordingly.
[    2.216655] systemd[1]: Created slice system-modprobe.slice.
[    2.216847] systemd[1]: Created slice User and Session Slice.
[    2.216891] systemd[1]: Started Forward Password Requests to Wall Directory Watch.
[    2.217053] systemd[1]: Set up automount Arbitrary Executable File Formats File System Automount Point.
[    2.217087] systemd[1]: Reached target User and Group Name Lookups.
[    2.217096] systemd[1]: Reached target Remote File Systems.
[    2.217105] systemd[1]: Reached target Slices.
[    2.217674] systemd[1]: Listening on Syslog Socket.
[    2.217745] systemd[1]: Listening on fsck to fsckd communication Socket.
[    2.217782] systemd[1]: Listening on initctl Compatibility Named Pipe.
[    2.217923] systemd[1]: Listening on Journal Audit Socket.
[    2.217977] systemd[1]: Listening on Journal Socket (/dev/log).
[    2.218047] systemd[1]: Listening on Journal Socket.
[    2.218113] systemd[1]: Listening on udev Control Socket.
[    2.218157] systemd[1]: Listening on udev Kernel Socket.
[    2.218962] systemd[1]: Mounting Huge Pages File System...
[    2.220003] systemd[1]: Mounting POSIX Message Queue File System...
[    2.220947] systemd[1]: Mounting Kernel Debug File System...
[    2.221834] systemd[1]: Mounting Kernel Trace File System...
[    2.224340] systemd[1]: Starting Journal Service...
[    2.249046] systemd[1]: Starting Set the console keyboard layout...
[    2.257038] systemd[1]: Starting Create list of static device nodes for the current kernel...
[    2.258987] systemd[1]: Starting Load Kernel Module drm...
[    2.260434] systemd[1]: Condition check resulted in Set Up Additional Binary Formats being skipped.
[    2.260488] systemd[1]: Condition check resulted in File System Check on Root Device being skipped.
[    2.274008] systemd[1]: Starting Load Kernel Modules...
[    2.279767] systemd[1]: Starting Remount Root and Kernel File Systems...
[    2.289598] systemd[1]: Starting udev Coldplug all Devices...
[    2.299478] systemd[1]: Starting Uncomplicated firewall...
[    2.301209] systemd[1]: Mounted Huge Pages File System.
[    2.301309] systemd[1]: Mounted POSIX Message Queue File System.
[    2.301385] systemd[1]: Mounted Kernel Debug File System.
[    2.301455] systemd[1]: Mounted Kernel Trace File System.
[    2.306422] EXT4-fs (sda2): re-mounted. Opts: errors=remount-ro
[    2.329587] systemd[1]: Finished Create list of static device nodes for the current kernel.
[    2.332945] systemd[1]: modprobe@drm.service: Succeeded.
[    2.355340] systemd[1]: Finished Load Kernel Module drm.
[    2.355988] systemd[1]: Finished Remount Root and Kernel File Systems.
[    2.356887] systemd[1]: Finished Uncomplicated firewall.
[    2.373383] lp: driver loaded but no devices found
[    2.376088] systemd[1]: Condition check resulted in Rebuild Hardware Database being skipped.
[    2.376124] systemd[1]: Condition check resulted in Platform Persistent Storage Archival being skipped.
[    2.376832] systemd[1]: Starting Load/Save Random Seed...
[    2.383310] systemd[1]: Starting Create System Users...
[    2.388766] ppdev: user-space parallel port driver
[    2.400271] systemd[1]: Finished Load/Save Random Seed.
[    2.404102] systemd[1]: Finished Create System Users.
[    2.404846] systemd[1]: Starting Create Static Device Nodes in /dev...
[    2.429903] systemd[1]: Finished udev Coldplug all Devices.
[    2.444486] systemd[1]: Finished Create Static Device Nodes in /dev.
[    2.445288] systemd[1]: Starting udev Kernel Device Manager...
[    2.470119] [drm] DMA map mode: Caching DMA mappings.
[    2.470182] [drm] Capabilities:
[    2.470183] [drm]   Rect copy.
[    2.470183] [drm]   Cursor.
[    2.470183] [drm]   Cursor bypass.
[    2.470184] [drm]   Cursor bypass 2.
[    2.470184] [drm]   Alpha cursor.
[    2.470185] [drm]   Extended Fifo.
[    2.470185] [drm]   Pitchlock.
[    2.470185] [drm]   Irq mask.
[    2.470186] [drm]   GMR.
[    2.470186] [drm]   Traces.
[    2.470186] [drm]   GMR2.
[    2.470187] [drm]   Screen Object 2.
[    2.470187] [drm]   Command Buffers.
[    2.470187] [drm]   Command Buffers 2.
[    2.470188] [drm]   Guest Backed Resources.
[    2.470189] [drm] Max GMR ids is 8192
[    2.470189] [drm] Max number of GMR pages is 1048576
[    2.470190] [drm] Max dedicated hypervisor surface memory is 393216 kiB
[    2.470190] [drm] Maximum display memory size is 131072 kiB
[    2.470191] [drm] VRAM at 0xe0000000 size is 131072 kiB
[    2.470192] [drm] MMIO at 0xf0000000 size is 2048 kiB
[    2.470829] [TTM] Zone  kernel: Available graphics memory: 1011738 KiB
[    2.470830] [TTM] Initializing pool allocator
[    2.470835] [TTM] Initializing DMA pool allocator
[    2.470891] [drm] Supports vblank timestamp caching Rev 2 (21.10.2013).
[    2.470891] [drm] No driver support for vblank timestamp query.
[    2.471138] [drm] Screen Target Display device initialized
[    2.471535] [drm] width 720
[    2.471547] [drm] height 400
[    2.471551] [drm] bpp 32
[    2.472085] [drm] Fifo max 0x00200000 min 0x00001000 cap 0x00000355
[    2.473265] [drm] Using command buffers with DMA pool.
[    2.473268] [drm] DX: no.
[    2.473269] [drm] Atomic: yes.
[    2.473269] [drm] SM4_1: no.
[    2.473288] [drm:vmw_host_log [vmwgfx]] *ERROR* Failed to send host log message.
[    2.474176] [drm:vmw_host_log [vmwgfx]] *ERROR* Failed to send host log message.
[    2.491616] fbcon: svgadrmfb (fb0) is primary device
[    2.500514] Console: switching to colour frame buffer device 100x37
[    2.507635] [drm] Initialized vmwgfx 2.15.0 20180704 for 0000:00:02.0 on minor 0
[    2.508945] systemd[1]: Finished Load Kernel Modules.
[    2.509915] systemd[1]: Mounting FUSE Control File System...
[    2.511112] systemd[1]: Mounting Kernel Configuration File System...
[    2.527482] systemd[1]: Starting Apply Kernel Variables...
[    2.534993] systemd[1]: Mounted FUSE Control File System.
[    2.535057] systemd[1]: Condition check resulted in VMware vmblock fuse mount being skipped.
[    2.539970] systemd[1]: Mounted Kernel Configuration File System.
[    2.548080] systemd[1]: Finished Set the console keyboard layout.
[    2.548174] systemd[1]: Reached target Local File Systems (Pre).
[    2.551537] systemd[1]: Mounting Mount unit for bare, revision 5...
[    2.555596] systemd[1]: Mounting Mount unit for core18, revision 1705...
[    2.567791] systemd[1]: Mounting Mount unit for gnome-3-34-1804, revision 24...
[    2.579438] systemd[1]: Mounting Mount unit for gtk-common-themes, revision 1506...
[    2.602315] systemd[1]: Mounting Mount unit for gtk-common-themes, revision 1535...
[    2.607664] systemd[1]: Mounting Mount unit for snap-store, revision 433...
[    2.614633] systemd[1]: Mounting Mount unit for snapd, revision 25935...
[    2.630213] systemd[1]: Finished Apply Kernel Variables.
[    2.632719] systemd[1]: Mounted Mount unit for bare, revision 5.
[    2.632811] systemd[1]: Mounted Mount unit for core18, revision 1705.
[    2.632887] systemd[1]: Mounted Mount unit for gnome-3-34-1804, revision 24.
[    2.651665] systemd[1]: Mounted Mount unit for gtk-common-themes, revision 1506.
[    2.654463] systemd[1]: Started udev Kernel Device Manager.
[    2.655272] systemd[1]: Starting Show Plymouth Boot Screen...
[    2.662386] systemd[1]: Received SIGRTMIN+20 from PID 276 (plymouthd).
[    2.673373] systemd[1]: Mounted Mount unit for snap-store, revision 433.
[    2.693638] systemd[1]: Mounted Mount unit for gtk-common-themes, revision 1535.
[    2.693871] systemd[1]: Mounted Mount unit for snapd, revision 25935.
[    2.694055] systemd[1]: Started Show Plymouth Boot Screen.
[    2.694252] systemd[1]: Condition check resulted in Dispatch Password Requests to Console Directory Watch being skipped.
[    2.694361] systemd[1]: Started Forward Password Requests to Plymouth Directory Watch.
[    2.694471] systemd[1]: Reached target Local Encrypted Volumes.
[    2.694532] systemd[1]: Reached target Local File Systems.
[    2.697154] systemd[1]: Starting Load AppArmor profiles...
[    2.702644] systemd[1]: Starting Set console font and keymap...
[    2.713262] systemd[1]: Starting Tell Plymouth To Write Out Runtime Data...
[    2.714871] systemd[1]: Condition check resulted in Store a System Token in an EFI Variable being skipped.
[    2.714904] systemd[1]: Condition check resulted in Commit a transient machine-id on disk being skipped.
[    2.716490] systemd[1]: Finished Set console font and keymap.
[    2.724574] systemd[1]: Received SIGRTMIN+20 from PID 276 (plymouthd).
[    2.726456] systemd[1]: plymouth-read-write.service: Succeeded.
[    2.726741] systemd[1]: Finished Tell Plymouth To Write Out Runtime Data.
[    2.780194] audit: type=1400 audit(1768416457.616:2): apparmor="STATUS" operation="profile_load" profile="unconfined" name="nvidia_modprobe" pid=300 comm="apparmor_parser"
[    2.780196] audit: type=1400 audit(1768416457.616:3): apparmor="STATUS" operation="profile_load" profile="unconfined" name="nvidia_modprobe//kmod" pid=300 comm="apparmor_parser"
[    2.790107] audit: type=1400 audit(1768416457.624:4): apparmor="STATUS" operation="profile_load" profile="unconfined" name="/usr/sbin/tcpdump" pid=301 comm="apparmor_parser"
[    2.836631] audit: type=1400 audit(1768416457.668:5): apparmor="STATUS" operation="profile_load" profile="unconfined" name="/usr/bin/evince" pid=303 comm="apparmor_parser"
[    2.836634] audit: type=1400 audit(1768416457.668:6): apparmor="STATUS" operation="profile_load" profile="unconfined" name="/usr/bin/evince//sanitized_helper" pid=303 comm="apparmor_parser"
[    2.836636] audit: type=1400 audit(1768416457.668:7): apparmor="STATUS" operation="profile_load" profile="unconfined" name="/usr/bin/evince-previewer" pid=303 comm="apparmor_parser"
[    2.836637] audit: type=1400 audit(1768416457.668:8): apparmor="STATUS" operation="profile_load" profile="unconfined" name="/usr/bin/evince-previewer//sanitized_helper" pid=303 comm="apparmor_parser"
[    2.836639] audit: type=1400 audit(1768416457.668:9): apparmor="STATUS" operation="profile_load" profile="unconfined" name="/usr/bin/evince-thumbnailer" pid=303 comm="apparmor_parser"
[    2.849386] audit: type=1400 audit(1768416457.684:10): apparmor="STATUS" operation="profile_load" profile="unconfined" name="/usr/lib/cups/backend/cups-pdf" pid=304 comm="apparmor_parser"
[    2.918601] systemd[1]: Finished Load AppArmor profiles.
[    2.919775] systemd[1]: Starting Load AppArmor profiles managed internally by snapd...
[    3.040493] systemd[1]: Finished Load AppArmor profiles managed internally by snapd.
[    3.218415] systemd[1]: Started Journal Service.
[    3.229248] systemd-journald[229]: Received client request to flush runtime journal.
[    3.232511] systemd-journald[229]: File /var/log/journal/c455b248004a419c87ce85eea238d727/system.journal corrupted or uncleanly shut down, renaming and replacing.
[    4.545990] RAPL PMU: API unit is 2^-32 Joules, 0 fixed counters, 10737418240 ms ovfl timer
[    4.628427] cryptd: max_cpu_qlen set to 1000
[    4.677401] AVX2 version of gcm_enc/dec engaged.
[    4.677402] AES CTR mode by8 optimization enabled
[    6.547769] Adding 1998844k swap on /dev/sda1.  Priority:-2 extents:1 across:1998844k FS
[    7.613025] kauditd_printk_skb: 30 callbacks suppressed
[    7.613027] audit: type=1400 audit(1768416462.448:41): apparmor="DENIED" operation="capable" profile="/usr/sbin/cups-browsed" pid=506 comm="cups-browsed" capability=23  capname="sys_nice"
[    8.998910] pcnet32 0000:00:03.0 enp0s3: link up, 100Mbps, full-duplex
[    9.044388] e1000: enp0s8 NIC Link is Up 1000 Mbps Full Duplex, Flow Control: RX
[    9.044665] IPv6: ADDRCONF(NETDEV_CHANGE): enp0s8: link becomes ready
[    9.070481] e1000: enp0s9 NIC Link is Up 1000 Mbps Full Duplex, Flow Control: RX
[    9.070754] IPv6: ADDRCONF(NETDEV_CHANGE): enp0s9: link becomes ready
[    9.726509] device enp0s3 entered promiscuous mode
[    9.765206] audit: type=1400 audit(1768416464.596:42): apparmor="DENIED" operation="open" profile="/usr/sbin/tcpdump" name="/proc/sys/kernel/random/boot_id" pid=633 comm="tcpdump" requested_mask="r" denied_mask="r" fsuid=0 ouid=0
[    9.765776] audit: type=1400 audit(1768416464.596:43): apparmor="DENIED" operation="open" profile="/usr/sbin/tcpdump" name="/proc/sys/kernel/random/boot_id" pid=633 comm="tcpdump" requested_mask="r" denied_mask="r" fsuid=0 ouid=0
[    9.765895] audit: type=1400 audit(1768416464.596:44): apparmor="DENIED" operation="open" profile="/usr/sbin/tcpdump" name="/proc/sys/kernel/random/boot_id" pid=633 comm="tcpdump" requested_mask="r" denied_mask="r" fsuid=0 ouid=0
[    9.766129] audit: type=1400 audit(1768416464.596:45): apparmor="DENIED" operation="open" profile="/usr/sbin/tcpdump" name="/proc/sys/kernel/random/boot_id" pid=633 comm="tcpdump" requested_mask="r" denied_mask="r" fsuid=0 ouid=0
[    9.777602] audit: type=1400 audit(1768416464.608:46): apparmor="DENIED" operation="open" profile="/usr/sbin/tcpdump" name="/proc/sys/kernel/random/boot_id" pid=634 comm="tcpdump" requested_mask="r" denied_mask="r" fsuid=0 ouid=0
[    9.777813] audit: type=1400 audit(1768416464.608:47): apparmor="DENIED" operation="open" profile="/usr/sbin/tcpdump" name="/proc/sys/kernel/random/boot_id" pid=634 comm="tcpdump" requested_mask="r" denied_mask="r" fsuid=0 ouid=0
[    9.777855] audit: type=1400 audit(1768416464.608:48): apparmor="DENIED" operation="open" profile="/usr/sbin/tcpdump" name="/proc/sys/kernel/random/boot_id" pid=634 comm="tcpdump" requested_mask="r" denied_mask="r" fsuid=0 ouid=0
[    9.777954] audit: type=1400 audit(1768416464.608:49): apparmor="DENIED" operation="open" profile="/usr/sbin/tcpdump" name="/proc/sys/kernel/random/boot_id" pid=634 comm="tcpdump" requested_mask="r" denied_mask="r" fsuid=0 ouid=0
[   15.782745] rfkill: input handler disabled
[  247.873240] AAAAA-TCP_FORW: name:enp0s3: saddr:100932208: daddr:33561200
[  248.074269] AAAAA-TCP_FORW: name:enp0s3: saddr:100932208: daddr:16783984
[  248.586530] AAAAA-TCP_FORW: name:enp0s3: saddr:100932208: daddr:16783984
[  507.183742] rfkill: input handler enabled
[  516.301612] rfkill: input handler disabled
[  691.295609] device enp0s3 left promiscuous mode
