[    0.000000] Linux version 5.4.243-mptcp (root@ztg) (gcc version 12.2.0 (Debian 12.2.0-14+deb12u1)) #53 SMP Wed Dec 24 23:28:15 CST 2025
[    0.000000] Command line: BOOT_IMAGE=/boot/vmlinuz-5.4.243-mptcp root=UUID=98415a12-53b7-4144-8265-0f7ece09e445 ro quiet splash
[    0.000000] KERNEL supported cpus:
[    0.000000]   Intel GenuineIntel
[    0.000000]   AMD AuthenticAMD
[    0.000000]   Hygon HygonGenuine
[    0.000000]   Centaur CentaurHauls
[    0.000000]   zhaoxin   Shanghai  
[    0.000000] x86/fpu: Supporting XSAVE feature 0x001: 'x87 floating point registers'
[    0.000000] x86/fpu: Supporting XSAVE feature 0x002: 'SSE registers'
[    0.000000] x86/fpu: Supporting XSAVE feature 0x004: 'AVX registers'
[    0.000000] x86/fpu: xstate_offset[2]:  576, xstate_sizes[2]:  256
[    0.000000] x86/fpu: Enabled xstate features 0x7, context size is 832 bytes, using 'standard' format.
[    0.000000] BIOS-provided physical RAM map:
[    0.000000] BIOS-e820: [mem 0x0000000000000000-0x000000000009fbff] usable
[    0.000000] BIOS-e820: [mem 0x000000000009fc00-0x000000000009ffff] reserved
[    0.000000] BIOS-e820: [mem 0x00000000000f0000-0x00000000000fffff] reserved
[    0.000000] BIOS-e820: [mem 0x0000000000100000-0x000000007ffeffff] usable
[    0.000000] BIOS-e820: [mem 0x000000007fff0000-0x000000007fffffff] ACPI data
[    0.000000] BIOS-e820: [mem 0x00000000fec00000-0x00000000fec00fff] reserved
[    0.000000] BIOS-e820: [mem 0x00000000fee00000-0x00000000fee00fff] reserved
[    0.000000] BIOS-e820: [mem 0x00000000fffc0000-0x00000000ffffffff] reserved
[    0.000000] NX (Execute Disable) protection: active
[    0.000000] SMBIOS 2.5 present.
[    0.000000] DMI: innotek GmbH VirtualBox/VirtualBox, BIOS VirtualBox 12/01/2006
[    0.000000] Hypervisor detected: KVM
[    0.000000] kvm-clock: Using msrs 4b564d01 and 4b564d00
[    0.000000] kvm-clock: cpu 0, msr 73e01001, primary cpu clock
[    0.000000] kvm-clock: using sched offset of 4431449888 cycles
[    0.000003] clocksource: kvm-clock: mask: 0xffffffffffffffff max_cycles: 0x1cd42e4dffb, max_idle_ns: 881590591483 ns
[    0.000005] tsc: Detected 2100.000 MHz processor
[    0.001866] e820: update [mem 0x00000000-0x00000fff] usable ==> reserved
[    0.001868] e820: remove [mem 0x000a0000-0x000fffff] usable
[    0.001873] last_pfn = 0x7fff0 max_arch_pfn = 0x400000000
[    0.001941] MTRR default type: uncachable
[    0.001942] MTRR fixed ranges enabled:
[    0.001943]   00000-9FFFF write-back
[    0.001944]   A0000-BFFFF uncachable
[    0.001945]   C0000-FFFFF write-protect
[    0.001945] MTRR variable ranges enabled:
[    0.001947]   0 base 000000000000 mask 3FFF80000000 write-back
[    0.001948]   1 disabled
[    0.001948]   2 disabled
[    0.001948]   3 disabled
[    0.001949]   4 disabled
[    0.001949]   5 disabled
[    0.001950]   6 disabled
[    0.001950]   7 disabled
[    0.001951]   8 disabled
[    0.001951]   9 disabled
[    0.001951]   10 disabled
[    0.001952]   11 disabled
[    0.001952]   12 disabled
[    0.001953]   13 disabled
[    0.001953]   14 disabled
[    0.001954]   15 disabled
[    0.001970] x86/PAT: Configuration [0-7]: WB  WC  UC- UC  WB  WP  UC- WT  
[    0.002103] found SMP MP-table at [mem 0x0009fff0-0x0009ffff]
[    0.090546] check: Scanning 1 areas for low memory corruption
[    0.090811] RAMDISK: [mem 0x32271000-0x3512ffff]
[    0.090819] ACPI: Early table checksum verification disabled
[    0.090824] ACPI: RSDP 0x00000000000E0000 000024 (v02 VBOX  )
[    0.090829] ACPI: XSDT 0x000000007FFF0030 00003C (v01 VBOX   VBOXXSDT 00000001 ASL  00000061)
[    0.090835] ACPI: FACP 0x000000007FFF00F0 0000F4 (v04 VBOX   VBOXFACP 00000001 ASL  00000061)
[    0.090842] ACPI: DSDT 0x000000007FFF02E0 002353 (v02 VBOX   VBOXBIOS 00000002 VBOX 00029BF3)
[    0.090846] ACPI: FACS 0x000000007FFF0200 000040
[    0.090850] ACPI: FACS 0x000000007FFF0200 000040
[    0.090853] ACPI: APIC 0x000000007FFF0240 000054 (v02 VBOX   VBOXAPIC 00000001 ASL  00000061)
[    0.090857] ACPI: SSDT 0x000000007FFF02A0 000038 (v01 VBOX   VBOXCPUT 00000002 VBOX 00029BF3)
[    0.090860] ACPI: Reserving FACP table memory at [mem 0x7fff00f0-0x7fff01e3]
[    0.090861] ACPI: Reserving DSDT table memory at [mem 0x7fff02e0-0x7fff2632]
[    0.090862] ACPI: Reserving FACS table memory at [mem 0x7fff0200-0x7fff023f]
[    0.090862] ACPI: Reserving FACS table memory at [mem 0x7fff0200-0x7fff023f]
[    0.090863] ACPI: Reserving APIC table memory at [mem 0x7fff0240-0x7fff0293]
[    0.090864] ACPI: Reserving SSDT table memory at [mem 0x7fff02a0-0x7fff02d7]
[    0.090877] ACPI: Local APIC address 0xfee00000
[    0.091065] No NUMA configuration found
[    0.091067] Faking a node at [mem 0x0000000000000000-0x000000007ffeffff]
[    0.091077] NODE_DATA(0) allocated [mem 0x7ffc5000-0x7ffeffff]
[    0.091338] Zone ranges:
[    0.091339]   DMA      [mem 0x0000000000001000-0x0000000000ffffff]
[    0.091340]   DMA32    [mem 0x0000000001000000-0x000000007ffeffff]
[    0.091341]   Normal   empty
[    0.091341]   Device   empty
[    0.091342] Movable zone start for each node
[    0.091344] Early memory node ranges
[    0.091345]   node   0: [mem 0x0000000000001000-0x000000000009efff]
[    0.091346]   node   0: [mem 0x0000000000100000-0x000000007ffeffff]
[    0.091349] Zeroed struct page in unavailable ranges: 114 pages
[    0.091350] Initmem setup node 0 [mem 0x0000000000001000-0x000000007ffeffff]
[    0.091351] On node 0 totalpages: 524174
[    0.091353]   DMA zone: 64 pages used for memmap
[    0.091353]   DMA zone: 21 pages reserved
[    0.091354]   DMA zone: 3998 pages, LIFO batch:0
[    0.091442]   DMA32 zone: 8128 pages used for memmap
[    0.091443]   DMA32 zone: 520176 pages, LIFO batch:63
[    0.100435] ACPI: PM-Timer IO Port: 0x4008
[    0.100438] ACPI: Local APIC address 0xfee00000
[    0.100505] IOAPIC[0]: apic_id 1, version 32, address 0xfec00000, GSI 0-23
[    0.100509] ACPI: INT_SRC_OVR (bus 0 bus_irq 0 global_irq 2 dfl dfl)
[    0.100510] ACPI: INT_SRC_OVR (bus 0 bus_irq 9 global_irq 9 low level)
[    0.100512] ACPI: IRQ0 used by override.
[    0.100513] ACPI: IRQ9 used by override.
[    0.100516] Using ACPI (MADT) for SMP configuration information
[    0.100522] smpboot: Allowing 1 CPUs, 0 hotplug CPUs
[    0.100545] PM: Registered nosave memory: [mem 0x00000000-0x00000fff]
[    0.100546] PM: Registered nosave memory: [mem 0x0009f000-0x0009ffff]
[    0.100547] PM: Registered nosave memory: [mem 0x000a0000-0x000effff]
[    0.100548] PM: Registered nosave memory: [mem 0x000f0000-0x000fffff]
[    0.100549] [mem 0x80000000-0xfebfffff] available for PCI devices
[    0.100551] Booting paravirtualized kernel on KVM
[    0.100553] clocksource: refined-jiffies: mask: 0xffffffff max_cycles: 0xffffffff, max_idle_ns: 7645519600211568 ns
[    0.100558] setup_percpu: NR_CPUS:8192 nr_cpumask_bits:1 nr_cpu_ids:1 nr_node_ids:1
[    0.101555] percpu: Embedded 60 pages/cpu s208896 r8192 d28672 u2097152
[    0.101560] pcpu-alloc: s208896 r8192 d28672 u2097152 alloc=1*2097152
[    0.101561] pcpu-alloc: [0] 0 
[    0.101587] Built 1 zonelists, mobility grouping on.  Total pages: 515961
[    0.101588] Policy zone: DMA32
[    0.101590] Kernel command line: BOOT_IMAGE=/boot/vmlinuz-5.4.243-mptcp root=UUID=98415a12-53b7-4144-8265-0f7ece09e445 ro quiet splash
[    0.102433] Dentry cache hash table entries: 262144 (order: 9, 2097152 bytes, linear)
[    0.102581] Inode-cache hash table entries: 131072 (order: 8, 1048576 bytes, linear)
[    0.102631] mem auto-init: stack:off, heap alloc:on, heap free:off
[    0.102634] Calgary: detecting Calgary via BIOS EBDA area
[    0.102635] Calgary: Unable to locate Rio Grande table in EBDA - bailing!
[    0.106762] Memory: 1967332K/2096696K available (14339K kernel code, 2398K rwdata, 4712K rodata, 2728K init, 17260K bss, 129364K reserved, 0K cma-reserved)
[    0.107695] SLUB: HWalign=64, Order=0-3, MinObjects=0, CPUs=1, Nodes=1
[    0.107712] ftrace: allocating 43186 entries in 169 pages
[    0.125807] rcu: Hierarchical RCU implementation.
[    0.125809] rcu: 	RCU restricting CPUs from NR_CPUS=8192 to nr_cpu_ids=1.
[    0.125811] 	Tasks RCU enabled.
[    0.125812] rcu: RCU calculated value of scheduler-enlistment delay is 25 jiffies.
[    0.125812] rcu: Adjusting geometry for rcu_fanout_leaf=16, nr_cpu_ids=1
[    0.128780] NR_IRQS: 524544, nr_irqs: 256, preallocated irqs: 16
[    0.128996] random: crng init done
[    0.138470] Console: colour VGA+ 80x25
[    0.138474] printk: console [tty0] enabled
[    0.138496] ACPI: Core revision 20190816
[    0.138603] APIC: Switch to symmetric I/O mode setup
[    0.138858] x2apic enabled
[    0.139099] Switched APIC routing to physical x2apic.
[    0.140255] ..TIMER: vector=0x30 apic1=0 pin1=2 apic2=-1 pin2=-1
[    0.140280] clocksource: tsc-early: mask: 0xffffffffffffffff max_cycles: 0x1e4530a99b6, max_idle_ns: 440795257976 ns
[    0.140286] Calibrating delay loop (skipped) preset value.. 4200.00 BogoMIPS (lpj=8400000)
[    0.140288] pid_max: default: 32768 minimum: 301
[    0.140316] LSM: Security Framework initializing
[    0.140325] Yama: becoming mindful.
[    0.140351] AppArmor: AppArmor initialized
[    0.140385] Mount-cache hash table entries: 4096 (order: 3, 32768 bytes, linear)
[    0.140389] Mountpoint-cache hash table entries: 4096 (order: 3, 32768 bytes, linear)
[    0.140400] *** VALIDATE tmpfs ***
[    0.140530] *** VALIDATE proc ***
[    0.140573] *** VALIDATE cgroup1 ***
[    0.140574] *** VALIDATE cgroup2 ***
[    0.140714] process: using mwait in idle threads
[    0.140718] Last level iTLB entries: 4KB 64, 2MB 8, 4MB 8
[    0.140719] Last level dTLB entries: 4KB 64, 2MB 0, 4MB 0, 1GB 4
[    0.140739] Spectre V1 : Mitigation: usercopy/swapgs barriers and __user pointer sanitization
[    0.140745] Spectre V2 : Mitigation: Retpolines
[    0.140745] Spectre V2 : Spectre v2 / SpectreRSB mitigation: Filling RSB on context switch
[    0.140746] Spectre V2 : Spectre v2 / SpectreRSB : Filling RSB on VMEXIT
[    0.140747] RETBleed: WARNING: Spectre v2 mitigation leaves CPU vulnerable to RETBleed attacks, data leaks possible!
[    0.141104] RETBleed: Vulnerable
[    0.141105] Speculative Store Bypass: Vulnerable
[    0.141109] TAA: Mitigation: TSX disabled
[    0.141110] MMIO Stale Data: Mitigation: Clear CPU buffers
[    0.145376] Freeing SMP alternatives memory: 40K
[    0.257930] smpboot: CPU0: Intel(R) Xeon(R) Silver 4216 CPU @ 2.10GHz (family: 0x6, model: 0x55, stepping: 0x7)
[    0.258078] Performance Events: unsupported p6 CPU model 85 no PMU driver, software events only.
[    0.258118] rcu: Hierarchical SRCU implementation.
[    0.258604] NMI watchdog: Perf NMI watchdog permanently disabled
[    0.258642] smp: Bringing up secondary CPUs ...
[    0.258643] smp: Brought up 1 node, 1 CPU
[    0.258644] smpboot: Max logical packages: 1
[    0.258645] smpboot: Total of 1 processors activated (4200.00 BogoMIPS)
[    0.259617] devtmpfs: initialized
[    0.259664] x86/mm: Memory block size: 128MB
[    0.260016] clocksource: jiffies: mask: 0xffffffff max_cycles: 0xffffffff, max_idle_ns: 7645041785100000 ns
[    0.260022] futex hash table entries: 256 (order: 2, 16384 bytes, linear)
[    0.260066] pinctrl core: initialized pinctrl subsystem
[    0.260168] PM: RTC time: 18:16:41, date: 2026-01-15
[    0.260276] NET: Registered protocol family 16
[    0.260282] audit: initializing netlink subsys (disabled)
[    0.260282] EISA bus registered
[    0.260282] cpuidle: using governor ladder
[    0.260282] cpuidle: using governor menu
[    0.260282] ACPI: bus type PCI registered
[    0.260282] acpiphp: ACPI Hot Plug PCI Controller Driver version: 0.5
[    0.260282] PCI: Using configuration type 1 for base access
[    0.260637] audit: type=2000 audit(1768472207.724:1): state=initialized audit_enabled=0 res=1
[    0.260717] HugeTLB registered 2.00 MiB page size, pre-allocated 0 pages
[    0.261531] ACPI: Added _OSI(Module Device)
[    0.261532] ACPI: Added _OSI(Processor Device)
[    0.261533] ACPI: Added _OSI(3.0 _SCP Extensions)
[    0.261533] ACPI: Added _OSI(Processor Aggregator Device)
[    0.261534] ACPI: Added _OSI(Linux-Dell-Video)
[    0.261535] ACPI: Added _OSI(Linux-Lenovo-NV-HDMI-Audio)
[    0.261536] ACPI: Added _OSI(Linux-HPI-Hybrid-Graphics)
[    0.263555] ACPI: 2 ACPI AML tables successfully acquired and loaded
[    0.265294] ACPI: Interpreter enabled
[    0.265304] ACPI: (supports S0 S5)
[    0.265305] ACPI: Using IOAPIC for interrupt routing
[    0.265559] PCI: Using host bridge windows from ACPI; if necessary, use "pci=nocrs" and report a bug
[    0.265697] ACPI: Enabled 2 GPEs in block 00 to 07
[    0.270886] ACPI: PCI Root Bridge [PCI0] (domain 0000 [bus 00-ff])
[    0.270892] acpi PNP0A03:00: _OSC: OS supports [ASPM ClockPM Segments MSI HPX-Type3]
[    0.271378] acpi PNP0A03:00: _OSC: not requesting OS control; OS requires [ExtendedConfig ASPM ClockPM MSI]
[    0.271387] acpi PNP0A03:00: fail to add MMCONFIG information, can't access extended PCI configuration space under this bridge.
[    0.271777] PCI host bridge to bus 0000:00
[    0.271779] pci_bus 0000:00: root bus resource [io  0x0000-0x0cf7 window]
[    0.271781] pci_bus 0000:00: root bus resource [io  0x0d00-0xffff window]
[    0.271782] pci_bus 0000:00: root bus resource [mem 0x000a0000-0x000bffff window]
[    0.271784] pci_bus 0000:00: root bus resource [mem 0x80000000-0xfdffffff window]
[    0.271786] pci_bus 0000:00: root bus resource [bus 00-ff]
[    0.271834] pci 0000:00:00.0: [8086:1237] type 00 class 0x060000
[    0.272960] pci 0000:00:01.0: [8086:7000] type 00 class 0x060100
[    0.273734] pci 0000:00:01.1: [8086:7111] type 00 class 0x01018a
[    0.274110] pci 0000:00:01.1: reg 0x20: [io  0xd000-0xd00f]
[    0.274285] pci 0000:00:01.1: legacy IDE quirk: reg 0x10: [io  0x01f0-0x01f7]
[    0.274286] pci 0000:00:01.1: legacy IDE quirk: reg 0x14: [io  0x03f6]
[    0.274287] pci 0000:00:01.1: legacy IDE quirk: reg 0x18: [io  0x0170-0x0177]
[    0.274288] pci 0000:00:01.1: legacy IDE quirk: reg 0x1c: [io  0x0376]
[    0.274861] pci 0000:00:02.0: [15ad:0405] type 00 class 0x030000
[    0.278217] pci 0000:00:02.0: reg 0x10: [io  0xd010-0xd01f]
[    0.280327] pci 0000:00:02.0: reg 0x14: [mem 0xe0000000-0xe7ffffff pref]
[    0.284325] pci 0000:00:02.0: reg 0x18: [mem 0xf0000000-0xf01fffff]
[    0.294918] pci 0000:00:03.0: [1022:2000] type 00 class 0x020000
[    0.295601] pci 0000:00:03.0: reg 0x10: [io  0xd020-0xd03f]
[    0.296230] pci 0000:00:03.0: reg 0x14: [mem 0xf0200000-0xf0200fff]
[    0.299844] pci 0000:00:04.0: [80ee:cafe] type 00 class 0x088000
[    0.300393] pci 0000:00:04.0: reg 0x10: [io  0xd040-0xd05f]
[    0.300998] pci 0000:00:04.0: reg 0x14: [mem 0xf0400000-0xf07fffff]
[    0.301607] pci 0000:00:04.0: reg 0x18: [mem 0xf0800000-0xf0803fff pref]
[    0.304769] pci 0000:00:07.0: [8086:7113] type 00 class 0x068000
[    0.305293] pci 0000:00:07.0: quirk: [io  0x4000-0x403f] claimed by PIIX4 ACPI
[    0.305302] pci 0000:00:07.0: quirk: [io  0x4100-0x410f] claimed by PIIX4 SMB
[    0.305908] pci 0000:00:08.0: [8086:100e] type 00 class 0x020000
[    0.306640] pci 0000:00:08.0: reg 0x10: [mem 0xf0820000-0xf083ffff]
[    0.307813] pci 0000:00:08.0: reg 0x18: [io  0xd060-0xd067]
[    0.311024] pci 0000:00:09.0: [8086:100e] type 00 class 0x020000
[    0.312393] pci 0000:00:09.0: reg 0x10: [mem 0xf0840000-0xf085ffff]
[    0.313533] pci 0000:00:09.0: reg 0x18: [io  0xd068-0xd06f]
[    0.324584] ACPI: PCI Interrupt Link [LNKA] (IRQs 5 9 10 *11)
[    0.324863] ACPI: PCI Interrupt Link [LNKB] (IRQs 5 9 *10 11)
[    0.324967] ACPI: PCI Interrupt Link [LNKC] (IRQs 5 *9 10 11)
[    0.325066] ACPI: PCI Interrupt Link [LNKD] (IRQs 5 9 10 *11)
[    0.325333] iommu: Default domain type: Translated 
[    0.325394] pci 0000:00:02.0: vgaarb: setting as boot VGA device
[    0.325396] pci 0000:00:02.0: vgaarb: VGA device added: decodes=io+mem,owns=io+mem,locks=none
[    0.325398] pci 0000:00:02.0: vgaarb: bridge control possible
[    0.325398] vgaarb: loaded
[    0.325610] SCSI subsystem initialized
[    0.325642] libata version 3.00 loaded.
[    0.325664] ACPI: bus type USB registered
[    0.325680] usbcore: registered new interface driver usbfs
[    0.325685] usbcore: registered new interface driver hub
[    0.325691] usbcore: registered new device driver usb
[    0.325717] pps_core: LinuxPPS API ver. 1 registered
[    0.325718] pps_core: Software ver. 5.3.6 - Copyright 2005-2007 Rodolfo Giometti <giometti@linux.it>
[    0.325720] PTP clock support registered
[    0.325754] EDAC MC: Ver: 3.0.0
[    0.326035] PCI: Using ACPI for IRQ routing
[    0.326037] PCI: pci_cache_line_size set to 64 bytes
[    0.326201] e820: reserve RAM buffer [mem 0x0009fc00-0x0009ffff]
[    0.326205] e820: reserve RAM buffer [mem 0x7fff0000-0x7fffffff]
[    0.326999] NetLabel: Initializing
[    0.327000] NetLabel:  domain hash size = 128
[    0.327000] NetLabel:  protocols = UNLABELED CIPSOv4 CALIPSO
[    0.327020] NetLabel:  unlabeled traffic allowed by default
[    0.327920] clocksource: Switched to clocksource kvm-clock
[    0.338652] *** VALIDATE bpf ***
[    0.338715] VFS: Disk quotas dquot_6.6.0
[    0.338728] VFS: Dquot-cache hash table entries: 512 (order 0, 4096 bytes)
[    0.338751] *** VALIDATE ramfs ***
[    0.338754] *** VALIDATE hugetlbfs ***
[    0.338837] AppArmor: AppArmor Filesystem Enabled
[    0.338864] pnp: PnP ACPI init
[    0.338931] pnp 00:00: Plug and Play ACPI device, IDs PNP0303 (active)
[    0.338998] pnp 00:01: Plug and Play ACPI device, IDs PNP0f03 (active)
[    0.339753] pnp: PnP ACPI: found 2 devices
[    0.340717] thermal_sys: Registered thermal governor 'fair_share'
[    0.340718] thermal_sys: Registered thermal governor 'bang_bang'
[    0.340719] thermal_sys: Registered thermal governor 'step_wise'
[    0.340719] thermal_sys: Registered thermal governor 'user_space'
[    0.340720] thermal_sys: Registered thermal governor 'power_allocator'
[    0.345232] clocksource: acpi_pm: mask: 0xffffff max_cycles: 0xffffff, max_idle_ns: 2085701024 ns
[    0.345274] pci_bus 0000:00: resource 4 [io  0x0000-0x0cf7 window]
[    0.345275] pci_bus 0000:00: resource 5 [io  0x0d00-0xffff window]
[    0.345277] pci_bus 0000:00: resource 6 [mem 0x000a0000-0x000bffff window]
[    0.345278] pci_bus 0000:00: resource 7 [mem 0x80000000-0xfdffffff window]
[    0.345336] NET: Registered protocol family 2
[    0.345411] IP idents hash table entries: 32768 (order: 6, 262144 bytes, linear)
[    0.345820] MPTCP tokens hash table entries: 8192 (order: 4, 65536 bytes, linear)
[    0.345839] MPTCP request tokens hash table entries: 8192 (order: 4, 65536 bytes, linear)
[    0.345864] default registered
[    0.345865] default registered
[    0.345865] MPTCP: Stable release v0.96
[    0.345871] tcp_listen_portaddr_hash hash table entries: 1024 (order: 2, 16384 bytes, linear)
[    0.345951] TCP established hash table entries: 16384 (order: 5, 131072 bytes, linear)
[    0.346017] TCP bind hash table entries: 16384 (order: 6, 262144 bytes, linear)
[    0.346043] TCP: Hash tables configured (established 16384 bind 16384)
[    0.346751] UDP hash table entries: 1024 (order: 3, 32768 bytes, linear)
[    0.346762] UDP-Lite hash table entries: 1024 (order: 3, 32768 bytes, linear)
[    0.346798] NET: Registered protocol family 1
[    0.346807] NET: Registered protocol family 44
[    0.346828] pci 0000:00:00.0: Limiting direct PCI/PCI transfers
[    0.346839] pci 0000:00:01.0: Activating ISA DMA hang workarounds
[    0.346892] pci 0000:00:02.0: Video device with shadowed ROM at [mem 0x000c0000-0x000dffff]
[    0.346956] PCI: CLS 0 bytes, default 64
[    0.347005] Trying to unpack rootfs image as initramfs...
[    0.523651] Freeing initrd memory: 47868K
[    0.523744] clocksource: tsc: mask: 0xffffffffffffffff max_cycles: 0x1e4530a99b6, max_idle_ns: 440795257976 ns
[    0.523754] clocksource: Switched to clocksource tsc
[    0.523793] platform rtc_cmos: registered platform RTC device (no PNP device found)
[    0.523823] check: Scanning for low memory corruption every 60 seconds
[    0.524138] Initialise system trusted keyrings
[    0.524148] Key type blacklist registered
[    0.524191] workingset: timestamp_bits=36 max_order=19 bucket_order=0
[    0.524511] zbud: loaded
[    0.524511] squashfs: version 4.0 (2009/01/31) Phillip Lougher
[    0.524511] fuse: init (API version 7.31)
[    0.524511] *** VALIDATE fuse ***
[    0.524511] *** VALIDATE fuse ***
[    0.524511] Platform Keyring initialized
[    0.524511] Key type asymmetric registered
[    0.524511] Asymmetric key parser 'x509' registered
[    0.524511] Block layer SCSI generic (bsg) driver version 0.4 loaded (major 244)
[    0.524511] io scheduler mq-deadline registered
[    0.524511] shpchp: Standard Hot Plug PCI Controller Driver version: 0.4
[    0.529570] ACPI: AC Adapter [AC] (on-line)
[    0.529617] input: Power Button as /devices/LNXSYSTM:00/LNXPWRBN:00/input/input0
[    0.529644] ACPI: Power Button [PWRF]
[    0.529720] input: Sleep Button as /devices/LNXSYSTM:00/LNXSLPBN:00/input/input1
[    0.529734] ACPI: Sleep Button [SLPF]
[    0.529958] Serial: 8250/16550 driver, 32 ports, IRQ sharing enabled
[    0.531117] Linux agpgart interface v0.103
[    0.627327] loop: module loaded
[    0.627478] ata_piix 0000:00:01.1: version 2.13
[    0.627880] scsi host0: ata_piix
[    0.627972] scsi host1: ata_piix
[    0.627998] ata1: PATA max UDMA/33 cmd 0x1f0 ctl 0x3f6 bmdma 0xd000 irq 14
[    0.627999] ata2: PATA max UDMA/33 cmd 0x170 ctl 0x376 bmdma 0xd008 irq 15
[    0.628083] tun: Universal TUN/TAP device driver, 1.6
[    0.628388] PPP generic driver version 2.4.2
[    0.628430] VFIO - User Level meta-driver version: 0.3
[    0.628680] ehci_hcd: USB 2.0 'Enhanced' Host Controller (EHCI) Driver
[    0.628685] ehci-pci: EHCI PCI platform driver
[    0.628701] ehci-platform: EHCI generic platform driver
[    0.628707] ohci_hcd: USB 1.1 'Open' Host Controller (OHCI) Driver
[    0.628708] ohci-pci: OHCI PCI platform driver
[    0.628716] ohci-platform: OHCI generic platform driver
[    0.628720] uhci_hcd: USB Universal Host Controller Interface driver
[    0.628785] i8042: PNP: PS/2 Controller [PNP0303:PS2K,PNP0f03:PS2M] at 0x60,0x64 irq 1,12
[    0.629225] serio: i8042 KBD port at 0x60,0x64 irq 1
[    0.629228] serio: i8042 AUX port at 0x60,0x64 irq 12
[    0.629316] mousedev: PS/2 mouse device common for all mice
[    0.629573] input: AT Translated Set 2 keyboard as /devices/platform/i8042/serio0/input/input2
[    0.629969] rtc_cmos rtc_cmos: registered as rtc0
[    0.629983] rtc_cmos rtc_cmos: alarms up to one day, 114 bytes nvram
[    0.629988] i2c /dev entries driver
[    0.630032] device-mapper: uevent: version 1.0.3
[    0.630075] device-mapper: ioctl: 4.41.0-ioctl (2019-09-16) initialised: dm-devel@redhat.com
[    0.630090] platform eisa.0: Probing EISA bus 0
[    0.630092] platform eisa.0: EISA: Cannot allocate resource for mainboard
[    0.630093] platform eisa.0: Cannot allocate resource for EISA slot 1
[    0.630094] platform eisa.0: Cannot allocate resource for EISA slot 2
[    0.630095] platform eisa.0: Cannot allocate resource for EISA slot 3
[    0.630096] platform eisa.0: Cannot allocate resource for EISA slot 4
[    0.630097] platform eisa.0: Cannot allocate resource for EISA slot 5
[    0.630098] platform eisa.0: Cannot allocate resource for EISA slot 6
[    0.630099] platform eisa.0: Cannot allocate resource for EISA slot 7
[    0.630100] platform eisa.0: Cannot allocate resource for EISA slot 8
[    0.630101] platform eisa.0: EISA: Detected 0 cards
[    0.630104] intel_pstate: CPU model not supported
[    0.630114] ledtrig-cpu: registered to indicate activity on CPUs
[    0.630170] drop_monitor: Initializing network drop monitor service
[    0.630331] NET: Registered protocol family 10
[    0.635449] Segment Routing with IPv6
[    0.635480] fullmesh registered
[    0.635481] ndiffports registered
[    0.635483] binder registered
[    0.635484] roundrobin registered
[    0.635485] redundant registered
[    0.635485] blest registered
[    0.635486] ecf registered
[    0.635487] NET: Registered protocol family 17
[    0.635489] Key type dns_resolver registered
[    0.635489] RAS: Correctable Errors collector initialized.
[    0.635489] IPI shorthand broadcast: enabled
[    0.635489] sched_clock: Marking stable (620192990, 11296732)->(634388906, -2899184)
[    0.635697] registered taskstats version 1
[    0.635705] Loading compiled-in X.509 certificates
[    0.636291] Loaded X.509 cert 'Build time autogenerated kernel key: 6909f3744cebb3d0de528d5887b96a727de79b1e'
[    0.636310] zswap: loaded using pool lzo/zbud
[    0.636363] Key type ._fscrypt registered
[    0.636364] Key type .fscrypt registered
[    0.640818] Key type big_key registered
[    0.643000] Key type encrypted registered
[    0.643003] AppArmor: AppArmor sha1 policy hashing enabled
[    0.643010] ima: No TPM chip found, activating TPM-bypass!
[    0.643014] ima: Allocated hash algorithm: sha1
[    0.643019] ima: No architecture policies found
[    0.643028] evm: Initialising EVM extended attributes:
[    0.643029] evm: security.selinux
[    0.643029] evm: security.SMACK64
[    0.643030] evm: security.SMACK64EXEC
[    0.643030] evm: security.SMACK64TRANSMUTE
[    0.643031] evm: security.SMACK64MMAP
[    0.643031] evm: security.apparmor
[    0.643032] evm: security.ima
[    0.643032] evm: security.capability
[    0.643033] evm: HMAC attrs: 0x1
[    0.643329] PM:   Magic number: 10:724:291
[    0.643350] tty tty24: hash matches
[    0.643436] rtc_cmos rtc_cmos: setting system clock to 2026-01-15T18:16:42 UTC (1768501002)
[    0.799480] ata1.00: ATA-6: VBOX HARDDISK, 1.0, max UDMA/133
[    0.799482] ata1.00: 209715200 sectors, multi 128: LBA 
[    0.799937] scsi 0:0:0:0: Direct-Access     ATA      VBOX HARDDISK    1.0  PQ: 0 ANSI: 5
[    0.800128] sd 0:0:0:0: [sda] 209715200 512-byte logical blocks: (107 GB/100 GiB)
[    0.800135] sd 0:0:0:0: [sda] Write Protect is off
[    0.800137] sd 0:0:0:0: [sda] Mode Sense: 00 3a 00 00
[    0.800148] sd 0:0:0:0: [sda] Write cache: enabled, read cache: enabled, doesn't support DPO or FUA
[    0.800354] sd 0:0:0:0: Attached scsi generic sg0 type 0
[    0.800971]  sda: sda1 sda2
[    0.811516] sd 0:0:0:0: [sda] Attached SCSI disk
[    0.813745] Freeing unused decrypted memory: 2040K
[    0.814519] Freeing unused kernel image memory: 2728K
[    0.814521] Write protecting the kernel read-only data: 22528k
[    0.815275] Freeing unused kernel image memory: 2036K
[    0.815707] Freeing unused kernel image memory: 1432K
[    0.832890] x86/mm: Checked W+X mappings: passed, no W+X pages found.
[    0.832896] Run /init as init process
[    0.951369] ACPI: Video Device [GFX0] (multi-head: yes  rom: no  post: no)
[    0.951444] input: Video Bus as /devices/LNXSYSTM:00/LNXSYBUS:00/PNP0A03:00/LNXVIDEO:00/input/input4
[    0.964646] pcnet32: pcnet32.c:v1.35 21.Apr.2008 tsbogend@alpha.franken.de
[    0.966457] piix4_smbus 0000:00:07.0: SMBus Host Controller at 0x4100, revision 0
[    0.969017] e1000: Intel(R) PRO/1000 Network Driver - version 7.3.21-k8-NAPI
[    0.969018] e1000: Copyright (c) 1999-2006 Intel Corporation.
[    0.984864] pcnet32: PCnet/FAST III 79C973 at 0xd020, 08:00:27:33:10:aa assigned IRQ 19
[    0.984910] pcnet32: Found PHY 0022:561b at address 0
[    0.985233] pcnet32: eth0: registered as PCnet/FAST III 79C973
[    0.990767] pcnet32: 1 cards_found
[    1.043981] pcnet32 0000:00:03.0 enp0s3: renamed from eth0
[    1.184922] input: ImExPS/2 Generic Explorer Mouse as /devices/platform/i8042/serio1/input/input5
[    1.387821] e1000 0000:00:08.0 eth0: (PCI:33MHz:32-bit) 08:00:27:cc:34:c8
[    1.387825] e1000 0000:00:08.0 eth0: Intel(R) PRO/1000 Network Connection
[    1.759669] e1000 0000:00:09.0 eth1: (PCI:33MHz:32-bit) 08:00:27:4a:2c:5f
[    1.759672] e1000 0000:00:09.0 eth1: Intel(R) PRO/1000 Network Connection
[    1.760881] e1000 0000:00:09.0 enp0s9: renamed from eth1
[    1.762817] e1000 0000:00:08.0 enp0s8: renamed from eth0
[    1.900035] EXT4-fs (sda2): mounted filesystem with ordered data mode. Opts: (null)
[    1.983544] systemd[1]: Inserted module 'autofs4'
[    1.993235] systemd[1]: systemd 245.4-4ubuntu3 running in system mode. (+PAM +AUDIT +SELINUX +IMA +APPARMOR +SMACK +SYSVINIT +UTMP +LIBCRYPTSETUP +GCRYPT +GNUTLS +ACL +XZ +LZ4 +SECCOMP +BLKID +ELFUTILS +KMOD +IDN2 -IDN +PCRE2 default-hierarchy=hybrid)
[    1.993266] systemd[1]: Detected virtualization oracle.
[    1.993269] systemd[1]: Detected architecture x86-64.
[    1.994563] systemd[1]: Set hostname to <ztg>.
[    2.119297] systemd[1]: /lib/systemd/system/dbus.socket:5: ListenStream= references a path below legacy directory /var/run/, updating /var/run/dbus/system_bus_socket â†’ /run/dbus/system_bus_socket; please update the unit file accordingly.
[    2.171093] systemd[1]: Created slice system-modprobe.slice.
[    2.171280] systemd[1]: Created slice User and Session Slice.
[    2.171324] systemd[1]: Started Forward Password Requests to Wall Directory Watch.
[    2.171554] systemd[1]: Set up automount Arbitrary Executable File Formats File System Automount Point.
[    2.171587] systemd[1]: Reached target User and Group Name Lookups.
[    2.171597] systemd[1]: Reached target Remote File Systems.
[    2.171605] systemd[1]: Reached target Slices.
[    2.172261] systemd[1]: Listening on Syslog Socket.
[    2.172328] systemd[1]: Listening on fsck to fsckd communication Socket.
[    2.172366] systemd[1]: Listening on initctl Compatibility Named Pipe.
[    2.172512] systemd[1]: Listening on Journal Audit Socket.
[    2.172567] systemd[1]: Listening on Journal Socket (/dev/log).
[    2.172634] systemd[1]: Listening on Journal Socket.
[    2.172699] systemd[1]: Listening on udev Control Socket.
[    2.172739] systemd[1]: Listening on udev Kernel Socket.
[    2.173484] systemd[1]: Mounting Huge Pages File System...
[    2.174374] systemd[1]: Mounting POSIX Message Queue File System...
[    2.175244] systemd[1]: Mounting Kernel Debug File System...
[    2.176114] systemd[1]: Mounting Kernel Trace File System...
[    2.178027] systemd[1]: Starting Journal Service...
[    2.202313] systemd[1]: Starting Set the console keyboard layout...
[    2.210187] systemd[1]: Starting Create list of static device nodes for the current kernel...
[    2.212089] systemd[1]: Starting Load Kernel Module drm...
[    2.213064] systemd[1]: Condition check resulted in Set Up Additional Binary Formats being skipped.
[    2.213141] systemd[1]: Condition check resulted in File System Check on Root Device being skipped.
[    2.226649] systemd[1]: Starting Load Kernel Modules...
[    2.232229] systemd[1]: Starting Remount Root and Kernel File Systems...
[    2.246457] systemd[1]: Starting udev Coldplug all Devices...
[    2.254233] systemd[1]: Starting Uncomplicated firewall...
[    2.255774] systemd[1]: Mounted Huge Pages File System.
[    2.255865] systemd[1]: Mounted POSIX Message Queue File System.
[    2.255941] systemd[1]: Mounted Kernel Debug File System.
[    2.256017] systemd[1]: Mounted Kernel Trace File System.
[    2.257771] EXT4-fs (sda2): re-mounted. Opts: errors=remount-ro
[    2.263841] systemd[1]: Finished Create list of static device nodes for the current kernel.
[    2.264860] systemd[1]: modprobe@drm.service: Succeeded.
[    2.282754] systemd[1]: Finished Load Kernel Module drm.
[    2.283183] systemd[1]: Finished Remount Root and Kernel File Systems.
[    2.301348] systemd[1]: Finished Uncomplicated firewall.
[    2.318418] lp: driver loaded but no devices found
[    2.319726] systemd[1]: Condition check resulted in Rebuild Hardware Database being skipped.
[    2.319780] systemd[1]: Condition check resulted in Platform Persistent Storage Archival being skipped.
[    2.320550] systemd[1]: Starting Load/Save Random Seed...
[    2.327950] systemd[1]: Starting Create System Users...
[    2.333366] ppdev: user-space parallel port driver
[    2.344480] systemd[1]: Finished Load/Save Random Seed.
[    2.367068] systemd[1]: Finished Create System Users.
[    2.367875] systemd[1]: Starting Create Static Device Nodes in /dev...
[    2.388475] systemd[1]: Finished Create Static Device Nodes in /dev.
[    2.389315] systemd[1]: Starting udev Kernel Device Manager...
[    2.399626] systemd[1]: Finished udev Coldplug all Devices.
[    2.412398] [drm] DMA map mode: Caching DMA mappings.
[    2.412471] [drm] Capabilities:
[    2.412471] [drm]   Rect copy.
[    2.412472] [drm]   Cursor.
[    2.412472] [drm]   Cursor bypass.
[    2.412472] [drm]   Cursor bypass 2.
[    2.412473] [drm]   Alpha cursor.
[    2.412473] [drm]   Extended Fifo.
[    2.412473] [drm]   Pitchlock.
[    2.412474] [drm]   Irq mask.
[    2.412474] [drm]   GMR.
[    2.412474] [drm]   Traces.
[    2.412475] [drm]   GMR2.
[    2.412475] [drm]   Screen Object 2.
[    2.412475] [drm]   Command Buffers.
[    2.412476] [drm]   Command Buffers 2.
[    2.412476] [drm]   Guest Backed Resources.
[    2.412477] [drm] Max GMR ids is 8192
[    2.412478] [drm] Max number of GMR pages is 1048576
[    2.412478] [drm] Max dedicated hypervisor surface memory is 393216 kiB
[    2.412479] [drm] Maximum display memory size is 131072 kiB
[    2.412480] [drm] VRAM at 0xe0000000 size is 131072 kiB
[    2.412480] [drm] MMIO at 0xf0000000 size is 2048 kiB
[    2.413073] [TTM] Zone  kernel: Available graphics memory: 1011738 KiB
[    2.413074] [TTM] Initializing pool allocator
[    2.413078] [TTM] Initializing DMA pool allocator
[    2.413134] [drm] Supports vblank timestamp caching Rev 2 (21.10.2013).
[    2.413134] [drm] No driver support for vblank timestamp query.
[    2.413368] [drm] Screen Target Display device initialized
[    2.413604] [drm] width 720
[    2.413612] [drm] height 400
[    2.413615] [drm] bpp 32
[    2.414127] [drm] Fifo max 0x00200000 min 0x00001000 cap 0x00000355
[    2.415207] [drm] Using command buffers with DMA pool.
[    2.415210] [drm] DX: no.
[    2.415211] [drm] Atomic: yes.
[    2.415211] [drm] SM4_1: no.
[    2.415233] [drm:vmw_host_log [vmwgfx]] *ERROR* Failed to send host log message.
[    2.417759] [drm:vmw_host_log [vmwgfx]] *ERROR* Failed to send host log message.
[    2.440355] fbcon: svgadrmfb (fb0) is primary device
[    2.448054] Console: switching to colour frame buffer device 100x37
[    2.453777] [drm] Initialized vmwgfx 2.15.0 20180704 for 0000:00:02.0 on minor 0
[    2.454712] systemd[1]: Finished Load Kernel Modules.
[    2.455712] systemd[1]: Mounting FUSE Control File System...
[    2.458514] systemd[1]: Mounting Kernel Configuration File System...
[    2.478842] systemd[1]: Starting Apply Kernel Variables...
[    2.479850] systemd[1]: Mounted FUSE Control File System.
[    2.479934] systemd[1]: Condition check resulted in VMware vmblock fuse mount being skipped.
[    2.488514] systemd[1]: Mounted Kernel Configuration File System.
[    2.502535] systemd[1]: Finished Set the console keyboard layout.
[    2.502642] systemd[1]: Reached target Local File Systems (Pre).
[    2.516147] systemd[1]: Mounting Mount unit for bare, revision 5...
[    2.518126] systemd[1]: Mounting Mount unit for core18, revision 1705...
[    2.535765] systemd[1]: Mounting Mount unit for gnome-3-34-1804, revision 24...
[    2.539988] systemd[1]: Mounting Mount unit for gtk-common-themes, revision 1506...
[    2.550294] systemd[1]: Mounting Mount unit for gtk-common-themes, revision 1535...
[    2.557067] systemd[1]: Mounting Mount unit for snap-store, revision 433...
[    2.565549] systemd[1]: Mounting Mount unit for snapd, revision 7264...
[    2.573076] systemd[1]: Finished Apply Kernel Variables.
[    2.590309] systemd[1]: Mounted Mount unit for bare, revision 5.
[    2.596927] systemd[1]: Started udev Kernel Device Manager.
[    2.597669] systemd[1]: Starting Show Plymouth Boot Screen...
[    2.604809] systemd[1]: Mounted Mount unit for gnome-3-34-1804, revision 24.
[    2.607577] systemd[1]: Received SIGRTMIN+20 from PID 288 (plymouthd).
[    2.631184] systemd[1]: Started Show Plymouth Boot Screen.
[    2.631338] systemd[1]: Condition check resulted in Dispatch Password Requests to Console Directory Watch being skipped.
[    2.631423] systemd[1]: Started Forward Password Requests to Plymouth Directory Watch.
[    2.631470] systemd[1]: Reached target Local Encrypted Volumes.
[    2.665316] systemd[1]: Mounted Mount unit for gtk-common-themes, revision 1506.
[    2.669476] systemd[1]: Mounted Mount unit for core18, revision 1705.
[    2.705357] systemd[1]: Mounted Mount unit for gtk-common-themes, revision 1535.
[    2.705607] systemd[1]: Mounted Mount unit for snap-store, revision 433.
[    2.751893] systemd[1]: Mounted Mount unit for snapd, revision 7264.
[    2.752171] systemd[1]: Reached target Local File Systems.
[    2.753161] systemd[1]: Starting Load AppArmor profiles...
[    2.760399] systemd[1]: Starting Set console font and keymap...
[    2.766455] systemd[1]: Starting Tell Plymouth To Write Out Runtime Data...
[    2.770756] systemd[1]: Condition check resulted in Store a System Token in an EFI Variable being skipped.
[    2.770813] systemd[1]: Condition check resulted in Commit a transient machine-id on disk being skipped.
[    2.775276] systemd[1]: Finished Set console font and keymap.
[    2.783509] systemd[1]: Received SIGRTMIN+20 from PID 288 (plymouthd).
[    2.784198] systemd[1]: plymouth-read-write.service: Succeeded.
[    2.784484] systemd[1]: Finished Tell Plymouth To Write Out Runtime Data.
[    2.827584] audit: type=1400 audit(1768501004.680:2): apparmor="STATUS" operation="profile_load" profile="unconfined" name="nvidia_modprobe" pid=302 comm="apparmor_parser"
[    2.827586] audit: type=1400 audit(1768501004.680:3): apparmor="STATUS" operation="profile_load" profile="unconfined" name="nvidia_modprobe//kmod" pid=302 comm="apparmor_parser"
[    2.833670] audit: type=1400 audit(1768501004.684:4): apparmor="STATUS" operation="profile_load" profile="unconfined" name="/usr/sbin/tcpdump" pid=303 comm="apparmor_parser"
[    2.874978] audit: type=1400 audit(1768501004.724:5): apparmor="STATUS" operation="profile_load" profile="unconfined" name="/usr/bin/evince" pid=305 comm="apparmor_parser"
[    2.874980] audit: type=1400 audit(1768501004.724:6): apparmor="STATUS" operation="profile_load" profile="unconfined" name="/usr/bin/evince//sanitized_helper" pid=305 comm="apparmor_parser"
[    2.874982] audit: type=1400 audit(1768501004.724:7): apparmor="STATUS" operation="profile_load" profile="unconfined" name="/usr/bin/evince-previewer" pid=305 comm="apparmor_parser"
[    2.874983] audit: type=1400 audit(1768501004.724:8): apparmor="STATUS" operation="profile_load" profile="unconfined" name="/usr/bin/evince-previewer//sanitized_helper" pid=305 comm="apparmor_parser"
[    2.874985] audit: type=1400 audit(1768501004.724:9): apparmor="STATUS" operation="profile_load" profile="unconfined" name="/usr/bin/evince-thumbnailer" pid=305 comm="apparmor_parser"
[    2.885921] audit: type=1400 audit(1768501004.740:10): apparmor="STATUS" operation="profile_load" profile="unconfined" name="/usr/lib/cups/backend/cups-pdf" pid=306 comm="apparmor_parser"
[    2.966944] systemd[1]: Finished Load AppArmor profiles.
[    2.967861] systemd[1]: Starting Load AppArmor profiles managed internally by snapd...
[    3.032937] systemd[1]: Finished Load AppArmor profiles managed internally by snapd.
[    3.160016] systemd[1]: Started Journal Service.
[    3.168964] systemd-journald[229]: Received client request to flush runtime journal.
[    3.173483] systemd-journald[229]: File /var/log/journal/c455b248004a419c87ce85eea238d727/system.journal corrupted or uncleanly shut down, renaming and replacing.
[    4.549013] RAPL PMU: API unit is 2^-32 Joules, 0 fixed counters, 10737418240 ms ovfl timer
[    4.624021] cryptd: max_cpu_qlen set to 1000
[    4.678055] AVX2 version of gcm_enc/dec engaged.
[    4.678056] AES CTR mode by8 optimization enabled
[    5.453253] Adding 1998844k swap on /dev/sda1.  Priority:-2 extents:1 across:1998844k FS
[    6.700899] kauditd_printk_skb: 30 callbacks suppressed
[    6.700900] audit: type=1400 audit(1768501008.552:41): apparmor="DENIED" operation="capable" profile="/usr/sbin/cups-browsed" pid=499 comm="cups-browsed" capability=23  capname="sys_nice"
[    7.601912] pcnet32 0000:00:03.0 enp0s3: link up, 100Mbps, full-duplex
[    7.637438] e1000: enp0s8 NIC Link is Up 1000 Mbps Full Duplex, Flow Control: RX
[    7.637730] IPv6: ADDRCONF(NETDEV_CHANGE): enp0s8: link becomes ready
[    7.648216] e1000: enp0s9 NIC Link is Up 1000 Mbps Full Duplex, Flow Control: RX
[    7.648512] IPv6: ADDRCONF(NETDEV_CHANGE): enp0s9: link becomes ready
[    8.194716] device enp0s3 entered promiscuous mode
[    8.216031] audit: type=1400 audit(1768501010.068:42): apparmor="DENIED" operation="open" profile="/usr/sbin/tcpdump" name="/proc/sys/kernel/random/boot_id" pid=683 comm="tcpdump" requested_mask="r" denied_mask="r" fsuid=0 ouid=0
[    8.217748] audit: type=1400 audit(1768501010.068:43): apparmor="DENIED" operation="open" profile="/usr/sbin/tcpdump" name="/proc/sys/kernel/random/boot_id" pid=683 comm="tcpdump" requested_mask="r" denied_mask="r" fsuid=0 ouid=0
[    8.217987] audit: type=1400 audit(1768501010.068:44): apparmor="DENIED" operation="open" profile="/usr/sbin/tcpdump" name="/proc/sys/kernel/random/boot_id" pid=683 comm="tcpdump" requested_mask="r" denied_mask="r" fsuid=0 ouid=0
[    8.218007] audit: type=1400 audit(1768501010.068:45): apparmor="DENIED" operation="open" profile="/usr/sbin/tcpdump" name="/proc/sys/kernel/random/boot_id" pid=683 comm="tcpdump" requested_mask="r" denied_mask="r" fsuid=0 ouid=0
[    8.222135] audit: type=1400 audit(1768501010.076:46): apparmor="DENIED" operation="open" profile="/usr/sbin/tcpdump" name="/proc/sys/kernel/random/boot_id" pid=684 comm="tcpdump" requested_mask="r" denied_mask="r" fsuid=0 ouid=0
[    8.222465] audit: type=1400 audit(1768501010.076:47): apparmor="DENIED" operation="open" profile="/usr/sbin/tcpdump" name="/proc/sys/kernel/random/boot_id" pid=684 comm="tcpdump" requested_mask="r" denied_mask="r" fsuid=0 ouid=0
[    8.222505] audit: type=1400 audit(1768501010.076:48): apparmor="DENIED" operation="open" profile="/usr/sbin/tcpdump" name="/proc/sys/kernel/random/boot_id" pid=684 comm="tcpdump" requested_mask="r" denied_mask="r" fsuid=0 ouid=0
[    8.222594] audit: type=1400 audit(1768501010.076:49): apparmor="DENIED" operation="open" profile="/usr/sbin/tcpdump" name="/proc/sys/kernel/random/boot_id" pid=684 comm="tcpdump" requested_mask="r" denied_mask="r" fsuid=0 ouid=0
[   12.909946] rfkill: input handler disabled
[  505.000772] rfkill: input handler enabled
[  514.645058] rfkill: input handler disabled
[  709.139067] device enp0s3 left promiscuous mode
