[    0.000000] Linux version 5.4.243-mptcp (root@ztg) (gcc version 12.2.0 (Debian 12.2.0-14+deb12u1)) #53 SMP Wed Dec 24 23:28:15 CST 2025
[    0.000000] Command line: BOOT_IMAGE=/boot/vmlinuz-5.4.243-mptcp root=UUID=98415a12-53b7-4144-8265-0f7ece09e445 ro quiet splash
[    0.000000] KERNEL supported cpus:
[    0.000000]   Intel GenuineIntel
[    0.000000]   AMD AuthenticAMD
[    0.000000]   Hygon HygonGenuine
[    0.000000]   Centaur CentaurHauls
[    0.000000]   zhaoxin   Shanghai  
[    0.000000] x86/fpu: Supporting XSAVE feature 0x001: 'x87 floating point registers'
[    0.000000] x86/fpu: Supporting XSAVE feature 0x002: 'SSE registers'
[    0.000000] x86/fpu: Supporting XSAVE feature 0x004: 'AVX registers'
[    0.000000] x86/fpu: xstate_offset[2]:  576, xstate_sizes[2]:  256
[    0.000000] x86/fpu: Enabled xstate features 0x7, context size is 832 bytes, using 'standard' format.
[    0.000000] BIOS-provided physical RAM map:
[    0.000000] BIOS-e820: [mem 0x0000000000000000-0x000000000009fbff] usable
[    0.000000] BIOS-e820: [mem 0x000000000009fc00-0x000000000009ffff] reserved
[    0.000000] BIOS-e820: [mem 0x00000000000f0000-0x00000000000fffff] reserved
[    0.000000] BIOS-e820: [mem 0x0000000000100000-0x000000007ffeffff] usable
[    0.000000] BIOS-e820: [mem 0x000000007fff0000-0x000000007fffffff] ACPI data
[    0.000000] BIOS-e820: [mem 0x00000000fec00000-0x00000000fec00fff] reserved
[    0.000000] BIOS-e820: [mem 0x00000000fee00000-0x00000000fee00fff] reserved
[    0.000000] BIOS-e820: [mem 0x00000000fffc0000-0x00000000ffffffff] reserved
[    0.000000] NX (Execute Disable) protection: active
[    0.000000] SMBIOS 2.5 present.
[    0.000000] DMI: innotek GmbH VirtualBox/VirtualBox, BIOS VirtualBox 12/01/2006
[    0.000000] Hypervisor detected: KVM
[    0.000000] kvm-clock: Using msrs 4b564d01 and 4b564d00
[    0.000000] kvm-clock: cpu 0, msr 1a401001, primary cpu clock
[    0.000000] kvm-clock: using sched offset of 4426714770 cycles
[    0.000002] clocksource: kvm-clock: mask: 0xffffffffffffffff max_cycles: 0x1cd42e4dffb, max_idle_ns: 881590591483 ns
[    0.000005] tsc: Detected 2100.000 MHz processor
[    0.001861] e820: update [mem 0x00000000-0x00000fff] usable ==> reserved
[    0.001863] e820: remove [mem 0x000a0000-0x000fffff] usable
[    0.001867] last_pfn = 0x7fff0 max_arch_pfn = 0x400000000
[    0.001935] MTRR default type: uncachable
[    0.001936] MTRR fixed ranges enabled:
[    0.001937]   00000-9FFFF write-back
[    0.001938]   A0000-BFFFF uncachable
[    0.001938]   C0000-FFFFF write-protect
[    0.001939] MTRR variable ranges enabled:
[    0.001940]   0 base 000000000000 mask 3FFF80000000 write-back
[    0.001941]   1 disabled
[    0.001941]   2 disabled
[    0.001942]   3 disabled
[    0.001942]   4 disabled
[    0.001943]   5 disabled
[    0.001943]   6 disabled
[    0.001943]   7 disabled
[    0.001944]   8 disabled
[    0.001944]   9 disabled
[    0.001945]   10 disabled
[    0.001945]   11 disabled
[    0.001946]   12 disabled
[    0.001946]   13 disabled
[    0.001946]   14 disabled
[    0.001947]   15 disabled
[    0.001963] x86/PAT: Configuration [0-7]: WB  WC  UC- UC  WB  WP  UC- WT  
[    0.002097] found SMP MP-table at [mem 0x0009fff0-0x0009ffff]
[    0.089361] check: Scanning 1 areas for low memory corruption
[    0.089566] RAMDISK: [mem 0x32271000-0x3512ffff]
[    0.089573] ACPI: Early table checksum verification disabled
[    0.089578] ACPI: RSDP 0x00000000000E0000 000024 (v02 VBOX  )
[    0.089582] ACPI: XSDT 0x000000007FFF0030 00003C (v01 VBOX   VBOXXSDT 00000001 ASL  00000061)
[    0.089588] ACPI: FACP 0x000000007FFF00F0 0000F4 (v04 VBOX   VBOXFACP 00000001 ASL  00000061)
[    0.089594] ACPI: DSDT 0x000000007FFF02E0 002353 (v02 VBOX   VBOXBIOS 00000002 VBOX 00029BF3)
[    0.089598] ACPI: FACS 0x000000007FFF0200 000040
[    0.089602] ACPI: FACS 0x000000007FFF0200 000040
[    0.089605] ACPI: APIC 0x000000007FFF0240 000054 (v02 VBOX   VBOXAPIC 00000001 ASL  00000061)
[    0.089608] ACPI: SSDT 0x000000007FFF02A0 000038 (v01 VBOX   VBOXCPUT 00000002 VBOX 00029BF3)
[    0.089612] ACPI: Reserving FACP table memory at [mem 0x7fff00f0-0x7fff01e3]
[    0.089613] ACPI: Reserving DSDT table memory at [mem 0x7fff02e0-0x7fff2632]
[    0.089613] ACPI: Reserving FACS table memory at [mem 0x7fff0200-0x7fff023f]
[    0.089614] ACPI: Reserving FACS table memory at [mem 0x7fff0200-0x7fff023f]
[    0.089615] ACPI: Reserving APIC table memory at [mem 0x7fff0240-0x7fff0293]
[    0.089615] ACPI: Reserving SSDT table memory at [mem 0x7fff02a0-0x7fff02d7]
[    0.089628] ACPI: Local APIC address 0xfee00000
[    0.089813] No NUMA configuration found
[    0.089814] Faking a node at [mem 0x0000000000000000-0x000000007ffeffff]
[    0.089824] NODE_DATA(0) allocated [mem 0x7ffc5000-0x7ffeffff]
[    0.090084] Zone ranges:
[    0.090085]   DMA      [mem 0x0000000000001000-0x0000000000ffffff]
[    0.090086]   DMA32    [mem 0x0000000001000000-0x000000007ffeffff]
[    0.090087]   Normal   empty
[    0.090087]   Device   empty
[    0.090088] Movable zone start for each node
[    0.090090] Early memory node ranges
[    0.090091]   node   0: [mem 0x0000000000001000-0x000000000009efff]
[    0.090092]   node   0: [mem 0x0000000000100000-0x000000007ffeffff]
[    0.090095] Zeroed struct page in unavailable ranges: 114 pages
[    0.090096] Initmem setup node 0 [mem 0x0000000000001000-0x000000007ffeffff]
[    0.090097] On node 0 totalpages: 524174
[    0.090098]   DMA zone: 64 pages used for memmap
[    0.090099]   DMA zone: 21 pages reserved
[    0.090100]   DMA zone: 3998 pages, LIFO batch:0
[    0.090171]   DMA32 zone: 8128 pages used for memmap
[    0.090171]   DMA32 zone: 520176 pages, LIFO batch:63
[    0.099087] ACPI: PM-Timer IO Port: 0x4008
[    0.099090] ACPI: Local APIC address 0xfee00000
[    0.099152] IOAPIC[0]: apic_id 1, version 32, address 0xfec00000, GSI 0-23
[    0.099155] ACPI: INT_SRC_OVR (bus 0 bus_irq 0 global_irq 2 dfl dfl)
[    0.099157] ACPI: INT_SRC_OVR (bus 0 bus_irq 9 global_irq 9 low level)
[    0.099159] ACPI: IRQ0 used by override.
[    0.099160] ACPI: IRQ9 used by override.
[    0.099162] Using ACPI (MADT) for SMP configuration information
[    0.099168] smpboot: Allowing 1 CPUs, 0 hotplug CPUs
[    0.099189] PM: Registered nosave memory: [mem 0x00000000-0x00000fff]
[    0.099190] PM: Registered nosave memory: [mem 0x0009f000-0x0009ffff]
[    0.099191] PM: Registered nosave memory: [mem 0x000a0000-0x000effff]
[    0.099191] PM: Registered nosave memory: [mem 0x000f0000-0x000fffff]
[    0.099193] [mem 0x80000000-0xfebfffff] available for PCI devices
[    0.099193] Booting paravirtualized kernel on KVM
[    0.099196] clocksource: refined-jiffies: mask: 0xffffffff max_cycles: 0xffffffff, max_idle_ns: 7645519600211568 ns
[    0.099200] setup_percpu: NR_CPUS:8192 nr_cpumask_bits:1 nr_cpu_ids:1 nr_node_ids:1
[    0.099828] percpu: Embedded 60 pages/cpu s208896 r8192 d28672 u2097152
[    0.099833] pcpu-alloc: s208896 r8192 d28672 u2097152 alloc=1*2097152
[    0.099833] pcpu-alloc: [0] 0 
[    0.099858] Built 1 zonelists, mobility grouping on.  Total pages: 515961
[    0.099858] Policy zone: DMA32
[    0.099859] Kernel command line: BOOT_IMAGE=/boot/vmlinuz-5.4.243-mptcp root=UUID=98415a12-53b7-4144-8265-0f7ece09e445 ro quiet splash
[    0.100560] Dentry cache hash table entries: 262144 (order: 9, 2097152 bytes, linear)
[    0.100708] Inode-cache hash table entries: 131072 (order: 8, 1048576 bytes, linear)
[    0.100757] mem auto-init: stack:off, heap alloc:on, heap free:off
[    0.100760] Calgary: detecting Calgary via BIOS EBDA area
[    0.100761] Calgary: Unable to locate Rio Grande table in EBDA - bailing!
[    0.104840] Memory: 1967332K/2096696K available (14339K kernel code, 2398K rwdata, 4712K rodata, 2728K init, 17260K bss, 129364K reserved, 0K cma-reserved)
[    0.105576] SLUB: HWalign=64, Order=0-3, MinObjects=0, CPUs=1, Nodes=1
[    0.105592] ftrace: allocating 43186 entries in 169 pages
[    0.123456] rcu: Hierarchical RCU implementation.
[    0.123458] rcu: 	RCU restricting CPUs from NR_CPUS=8192 to nr_cpu_ids=1.
[    0.123459] 	Tasks RCU enabled.
[    0.123460] rcu: RCU calculated value of scheduler-enlistment delay is 25 jiffies.
[    0.123461] rcu: Adjusting geometry for rcu_fanout_leaf=16, nr_cpu_ids=1
[    0.126423] NR_IRQS: 524544, nr_irqs: 256, preallocated irqs: 16
[    0.126621] random: crng init done
[    0.136042] Console: colour VGA+ 80x25
[    0.136045] printk: console [tty0] enabled
[    0.136064] ACPI: Core revision 20190816
[    0.136151] APIC: Switch to symmetric I/O mode setup
[    0.136404] x2apic enabled
[    0.136642] Switched APIC routing to physical x2apic.
[    0.137796] ..TIMER: vector=0x30 apic1=0 pin1=2 apic2=-1 pin2=-1
[    0.137823] clocksource: tsc-early: mask: 0xffffffffffffffff max_cycles: 0x1e4530a99b6, max_idle_ns: 440795257976 ns
[    0.137827] Calibrating delay loop (skipped) preset value.. 4200.00 BogoMIPS (lpj=8400000)
[    0.137829] pid_max: default: 32768 minimum: 301
[    0.137857] LSM: Security Framework initializing
[    0.137866] Yama: becoming mindful.
[    0.137890] AppArmor: AppArmor initialized
[    0.137922] Mount-cache hash table entries: 4096 (order: 3, 32768 bytes, linear)
[    0.137926] Mountpoint-cache hash table entries: 4096 (order: 3, 32768 bytes, linear)
[    0.137936] *** VALIDATE tmpfs ***
[    0.138063] *** VALIDATE proc ***
[    0.138102] *** VALIDATE cgroup1 ***
[    0.138103] *** VALIDATE cgroup2 ***
[    0.138242] process: using mwait in idle threads
[    0.138247] Last level iTLB entries: 4KB 64, 2MB 8, 4MB 8
[    0.138247] Last level dTLB entries: 4KB 64, 2MB 0, 4MB 0, 1GB 4
[    0.138267] Spectre V1 : Mitigation: usercopy/swapgs barriers and __user pointer sanitization
[    0.138273] Spectre V2 : Mitigation: Retpolines
[    0.138273] Spectre V2 : Spectre v2 / SpectreRSB mitigation: Filling RSB on context switch
[    0.138274] Spectre V2 : Spectre v2 / SpectreRSB : Filling RSB on VMEXIT
[    0.138274] RETBleed: WARNING: Spectre v2 mitigation leaves CPU vulnerable to RETBleed attacks, data leaks possible!
[    0.138634] RETBleed: Vulnerable
[    0.138634] Speculative Store Bypass: Vulnerable
[    0.138639] TAA: Mitigation: TSX disabled
[    0.138639] MMIO Stale Data: Mitigation: Clear CPU buffers
[    0.142804] Freeing SMP alternatives memory: 40K
[    0.255572] smpboot: CPU0: Intel(R) Xeon(R) Silver 4216 CPU @ 2.10GHz (family: 0x6, model: 0x55, stepping: 0x7)
[    0.255670] Performance Events: unsupported p6 CPU model 85 no PMU driver, software events only.
[    0.255703] rcu: Hierarchical SRCU implementation.
[    0.256157] NMI watchdog: Perf NMI watchdog permanently disabled
[    0.256190] smp: Bringing up secondary CPUs ...
[    0.256191] smp: Brought up 1 node, 1 CPU
[    0.256192] smpboot: Max logical packages: 1
[    0.256193] smpboot: Total of 1 processors activated (4200.00 BogoMIPS)
[    0.256878] devtmpfs: initialized
[    0.256921] x86/mm: Memory block size: 128MB
[    0.257247] clocksource: jiffies: mask: 0xffffffff max_cycles: 0xffffffff, max_idle_ns: 7645041785100000 ns
[    0.257252] futex hash table entries: 256 (order: 2, 16384 bytes, linear)
[    0.257290] pinctrl core: initialized pinctrl subsystem
[    0.257383] PM: RTC time: 17:47:43, date: 2026-01-13
[    0.257479] NET: Registered protocol family 16
[    0.257548] audit: initializing netlink subsys (disabled)
[    0.257665] EISA bus registered
[    0.257666] cpuidle: using governor ladder
[    0.257667] cpuidle: using governor menu
[    0.257701] ACPI: bus type PCI registered
[    0.257702] acpiphp: ACPI Hot Plug PCI Controller Driver version: 0.5
[    0.257793] PCI: Using configuration type 1 for base access
[    0.257825] audit: type=2000 audit(1768297669.088:1): state=initialized audit_enabled=0 res=1
[    0.257825] HugeTLB registered 2.00 MiB page size, pre-allocated 0 pages
[    0.258451] ACPI: Added _OSI(Module Device)
[    0.258451] ACPI: Added _OSI(Processor Device)
[    0.258452] ACPI: Added _OSI(3.0 _SCP Extensions)
[    0.258453] ACPI: Added _OSI(Processor Aggregator Device)
[    0.258454] ACPI: Added _OSI(Linux-Dell-Video)
[    0.258454] ACPI: Added _OSI(Linux-Lenovo-NV-HDMI-Audio)
[    0.258455] ACPI: Added _OSI(Linux-HPI-Hybrid-Graphics)
[    0.260376] ACPI: 2 ACPI AML tables successfully acquired and loaded
[    0.261878] ACPI: Interpreter enabled
[    0.261888] ACPI: (supports S0 S5)
[    0.261889] ACPI: Using IOAPIC for interrupt routing
[    0.262096] PCI: Using host bridge windows from ACPI; if necessary, use "pci=nocrs" and report a bug
[    0.262204] ACPI: Enabled 2 GPEs in block 00 to 07
[    0.265825] ACPI: PCI Root Bridge [PCI0] (domain 0000 [bus 00-ff])
[    0.265825] acpi PNP0A03:00: _OSC: OS supports [ASPM ClockPM Segments MSI HPX-Type3]
[    0.265825] acpi PNP0A03:00: _OSC: not requesting OS control; OS requires [ExtendedConfig ASPM ClockPM MSI]
[    0.265825] acpi PNP0A03:00: fail to add MMCONFIG information, can't access extended PCI configuration space under this bridge.
[    0.265825] PCI host bridge to bus 0000:00
[    0.265825] pci_bus 0000:00: root bus resource [io  0x0000-0x0cf7 window]
[    0.265825] pci_bus 0000:00: root bus resource [io  0x0d00-0xffff window]
[    0.265825] pci_bus 0000:00: root bus resource [mem 0x000a0000-0x000bffff window]
[    0.265825] pci_bus 0000:00: root bus resource [mem 0x80000000-0xfdffffff window]
[    0.265825] pci_bus 0000:00: root bus resource [bus 00-ff]
[    0.265825] pci 0000:00:00.0: [8086:1237] type 00 class 0x060000
[    0.270508] pci 0000:00:01.0: [8086:7000] type 00 class 0x060100
[    0.271334] pci 0000:00:01.1: [8086:7111] type 00 class 0x01018a
[    0.271756] pci 0000:00:01.1: reg 0x20: [io  0xd000-0xd00f]
[    0.271922] pci 0000:00:01.1: legacy IDE quirk: reg 0x10: [io  0x01f0-0x01f7]
[    0.271923] pci 0000:00:01.1: legacy IDE quirk: reg 0x14: [io  0x03f6]
[    0.271924] pci 0000:00:01.1: legacy IDE quirk: reg 0x18: [io  0x0170-0x0177]
[    0.271925] pci 0000:00:01.1: legacy IDE quirk: reg 0x1c: [io  0x0376]
[    0.272546] pci 0000:00:02.0: [15ad:0405] type 00 class 0x030000
[    0.273878] pci 0000:00:02.0: reg 0x10: [io  0xd010-0xd01f]
[    0.277873] pci 0000:00:02.0: reg 0x14: [mem 0xe0000000-0xe7ffffff pref]
[    0.280759] pci 0000:00:02.0: reg 0x18: [mem 0xf0000000-0xf01fffff]
[    0.292568] pci 0000:00:03.0: [1022:2000] type 00 class 0x020000
[    0.293982] pci 0000:00:03.0: reg 0x10: [io  0xd020-0xd03f]
[    0.294622] pci 0000:00:03.0: reg 0x14: [mem 0xf0200000-0xf0200fff]
[    0.298240] pci 0000:00:04.0: [80ee:cafe] type 00 class 0x088000
[    0.298908] pci 0000:00:04.0: reg 0x10: [io  0xd040-0xd05f]
[    0.299515] pci 0000:00:04.0: reg 0x14: [mem 0xf0400000-0xf07fffff]
[    0.300122] pci 0000:00:04.0: reg 0x18: [mem 0xf0800000-0xf0803fff pref]
[    0.303748] pci 0000:00:07.0: [8086:7113] type 00 class 0x068000
[    0.304161] pci 0000:00:07.0: quirk: [io  0x4000-0x403f] claimed by PIIX4 ACPI
[    0.304170] pci 0000:00:07.0: quirk: [io  0x4100-0x410f] claimed by PIIX4 SMB
[    0.304776] pci 0000:00:08.0: [8086:100e] type 00 class 0x020000
[    0.305468] pci 0000:00:08.0: reg 0x10: [mem 0xf0820000-0xf083ffff]
[    0.306500] pci 0000:00:08.0: reg 0x18: [io  0xd060-0xd067]
[    0.309698] pci 0000:00:09.0: [8086:100e] type 00 class 0x020000
[    0.310487] pci 0000:00:09.0: reg 0x10: [mem 0xf0840000-0xf085ffff]
[    0.311639] pci 0000:00:09.0: reg 0x18: [io  0xd068-0xd06f]
[    0.322699] ACPI: PCI Interrupt Link [LNKA] (IRQs 5 9 10 *11)
[    0.322981] ACPI: PCI Interrupt Link [LNKB] (IRQs 5 9 *10 11)
[    0.323080] ACPI: PCI Interrupt Link [LNKC] (IRQs 5 *9 10 11)
[    0.323183] ACPI: PCI Interrupt Link [LNKD] (IRQs 5 9 10 *11)
[    0.323429] iommu: Default domain type: Translated 
[    0.323487] pci 0000:00:02.0: vgaarb: setting as boot VGA device
[    0.323489] pci 0000:00:02.0: vgaarb: VGA device added: decodes=io+mem,owns=io+mem,locks=none
[    0.323490] pci 0000:00:02.0: vgaarb: bridge control possible
[    0.323491] vgaarb: loaded
[    0.323695] SCSI subsystem initialized
[    0.323726] libata version 3.00 loaded.
[    0.323749] ACPI: bus type USB registered
[    0.323764] usbcore: registered new interface driver usbfs
[    0.323770] usbcore: registered new interface driver hub
[    0.323775] usbcore: registered new device driver usb
[    0.323802] pps_core: LinuxPPS API ver. 1 registered
[    0.323802] pps_core: Software ver. 5.3.6 - Copyright 2005-2007 Rodolfo Giometti <giometti@linux.it>
[    0.323804] PTP clock support registered
[    0.323840] EDAC MC: Ver: 3.0.0
[    0.324120] PCI: Using ACPI for IRQ routing
[    0.324121] PCI: pci_cache_line_size set to 64 bytes
[    0.324292] e820: reserve RAM buffer [mem 0x0009fc00-0x0009ffff]
[    0.324295] e820: reserve RAM buffer [mem 0x7fff0000-0x7fffffff]
[    0.324967] NetLabel: Initializing
[    0.324968] NetLabel:  domain hash size = 128
[    0.324968] NetLabel:  protocols = UNLABELED CIPSOv4 CALIPSO
[    0.324987] NetLabel:  unlabeled traffic allowed by default
[    0.325825] clocksource: Switched to clocksource kvm-clock
[    0.335234] *** VALIDATE bpf ***
[    0.335292] VFS: Disk quotas dquot_6.6.0
[    0.335303] VFS: Dquot-cache hash table entries: 512 (order 0, 4096 bytes)
[    0.335324] *** VALIDATE ramfs ***
[    0.335327] *** VALIDATE hugetlbfs ***
[    0.335406] AppArmor: AppArmor Filesystem Enabled
[    0.335427] pnp: PnP ACPI init
[    0.335484] pnp 00:00: Plug and Play ACPI device, IDs PNP0303 (active)
[    0.335568] pnp 00:01: Plug and Play ACPI device, IDs PNP0f03 (active)
[    0.336299] pnp: PnP ACPI: found 2 devices
[    0.337238] thermal_sys: Registered thermal governor 'fair_share'
[    0.337239] thermal_sys: Registered thermal governor 'bang_bang'
[    0.337239] thermal_sys: Registered thermal governor 'step_wise'
[    0.337240] thermal_sys: Registered thermal governor 'user_space'
[    0.337240] thermal_sys: Registered thermal governor 'power_allocator'
[    0.341769] clocksource: acpi_pm: mask: 0xffffff max_cycles: 0xffffff, max_idle_ns: 2085701024 ns
[    0.341808] pci_bus 0000:00: resource 4 [io  0x0000-0x0cf7 window]
[    0.341809] pci_bus 0000:00: resource 5 [io  0x0d00-0xffff window]
[    0.341811] pci_bus 0000:00: resource 6 [mem 0x000a0000-0x000bffff window]
[    0.341812] pci_bus 0000:00: resource 7 [mem 0x80000000-0xfdffffff window]
[    0.341867] NET: Registered protocol family 2
[    0.341936] IP idents hash table entries: 32768 (order: 6, 262144 bytes, linear)
[    0.342346] MPTCP tokens hash table entries: 8192 (order: 4, 65536 bytes, linear)
[    0.342365] MPTCP request tokens hash table entries: 8192 (order: 4, 65536 bytes, linear)
[    0.342389] default registered
[    0.342389] default registered
[    0.342390] MPTCP: Stable release v0.96
[    0.342395] tcp_listen_portaddr_hash hash table entries: 1024 (order: 2, 16384 bytes, linear)
[    0.342465] TCP established hash table entries: 16384 (order: 5, 131072 bytes, linear)
[    0.342528] TCP bind hash table entries: 16384 (order: 6, 262144 bytes, linear)
[    0.342553] TCP: Hash tables configured (established 16384 bind 16384)
[    0.343034] UDP hash table entries: 1024 (order: 3, 32768 bytes, linear)
[    0.343046] UDP-Lite hash table entries: 1024 (order: 3, 32768 bytes, linear)
[    0.343077] NET: Registered protocol family 1
[    0.343085] NET: Registered protocol family 44
[    0.343104] pci 0000:00:00.0: Limiting direct PCI/PCI transfers
[    0.343127] pci 0000:00:01.0: Activating ISA DMA hang workarounds
[    0.343183] pci 0000:00:02.0: Video device with shadowed ROM at [mem 0x000c0000-0x000dffff]
[    0.343259] PCI: CLS 0 bytes, default 64
[    0.343307] Trying to unpack rootfs image as initramfs...
[    0.492119] Freeing initrd memory: 47868K
[    0.492119] clocksource: tsc: mask: 0xffffffffffffffff max_cycles: 0x1e4530a99b6, max_idle_ns: 440795257976 ns
[    0.492119] clocksource: Switched to clocksource tsc
[    0.492119] platform rtc_cmos: registered platform RTC device (no PNP device found)
[    0.492119] check: Scanning for low memory corruption every 60 seconds
[    0.492119] Initialise system trusted keyrings
[    0.492119] Key type blacklist registered
[    0.492119] workingset: timestamp_bits=36 max_order=19 bucket_order=0
[    0.492119] zbud: loaded
[    0.492119] squashfs: version 4.0 (2009/01/31) Phillip Lougher
[    0.492119] fuse: init (API version 7.31)
[    0.492119] *** VALIDATE fuse ***
[    0.492119] *** VALIDATE fuse ***
[    0.492119] Platform Keyring initialized
[    0.506378] Key type asymmetric registered
[    0.506379] Asymmetric key parser 'x509' registered
[    0.506389] Block layer SCSI generic (bsg) driver version 0.4 loaded (major 244)
[    0.506426] io scheduler mq-deadline registered
[    0.506547] shpchp: Standard Hot Plug PCI Controller Driver version: 0.4
[    0.506749] ACPI: AC Adapter [AC] (on-line)
[    0.506792] input: Power Button as /devices/LNXSYSTM:00/LNXPWRBN:00/input/input0
[    0.506820] ACPI: Power Button [PWRF]
[    0.506909] input: Sleep Button as /devices/LNXSYSTM:00/LNXSLPBN:00/input/input1
[    0.506924] ACPI: Sleep Button [SLPF]
[    0.507174] Serial: 8250/16550 driver, 32 ports, IRQ sharing enabled
[    0.508312] Linux agpgart interface v0.103
[    0.603241] loop: module loaded
[    0.603368] ata_piix 0000:00:01.1: version 2.13
[    0.603759] scsi host0: ata_piix
[    0.603842] scsi host1: ata_piix
[    0.603868] ata1: PATA max UDMA/33 cmd 0x1f0 ctl 0x3f6 bmdma 0xd000 irq 14
[    0.603868] ata2: PATA max UDMA/33 cmd 0x170 ctl 0x376 bmdma 0xd008 irq 15
[    0.603941] tun: Universal TUN/TAP device driver, 1.6
[    0.604238] PPP generic driver version 2.4.2
[    0.604278] VFIO - User Level meta-driver version: 0.3
[    0.604508] ehci_hcd: USB 2.0 'Enhanced' Host Controller (EHCI) Driver
[    0.604512] ehci-pci: EHCI PCI platform driver
[    0.604524] ehci-platform: EHCI generic platform driver
[    0.604529] ohci_hcd: USB 1.1 'Open' Host Controller (OHCI) Driver
[    0.604530] ohci-pci: OHCI PCI platform driver
[    0.604537] ohci-platform: OHCI generic platform driver
[    0.604542] uhci_hcd: USB Universal Host Controller Interface driver
[    0.604601] i8042: PNP: PS/2 Controller [PNP0303:PS2K,PNP0f03:PS2M] at 0x60,0x64 irq 1,12
[    0.605031] serio: i8042 KBD port at 0x60,0x64 irq 1
[    0.605034] serio: i8042 AUX port at 0x60,0x64 irq 12
[    0.605114] mousedev: PS/2 mouse device common for all mice
[    0.605355] input: AT Translated Set 2 keyboard as /devices/platform/i8042/serio0/input/input2
[    0.605756] rtc_cmos rtc_cmos: registered as rtc0
[    0.605769] rtc_cmos rtc_cmos: alarms up to one day, 114 bytes nvram
[    0.605774] i2c /dev entries driver
[    0.605813] device-mapper: uevent: version 1.0.3
[    0.605854] device-mapper: ioctl: 4.41.0-ioctl (2019-09-16) initialised: dm-devel@redhat.com
[    0.605870] platform eisa.0: Probing EISA bus 0
[    0.605871] platform eisa.0: EISA: Cannot allocate resource for mainboard
[    0.605872] platform eisa.0: Cannot allocate resource for EISA slot 1
[    0.605873] platform eisa.0: Cannot allocate resource for EISA slot 2
[    0.605874] platform eisa.0: Cannot allocate resource for EISA slot 3
[    0.605875] platform eisa.0: Cannot allocate resource for EISA slot 4
[    0.605876] platform eisa.0: Cannot allocate resource for EISA slot 5
[    0.605877] platform eisa.0: Cannot allocate resource for EISA slot 6
[    0.605878] platform eisa.0: Cannot allocate resource for EISA slot 7
[    0.605879] platform eisa.0: Cannot allocate resource for EISA slot 8
[    0.605880] platform eisa.0: EISA: Detected 0 cards
[    0.605882] intel_pstate: CPU model not supported
[    0.605889] ledtrig-cpu: registered to indicate activity on CPUs
[    0.605937] drop_monitor: Initializing network drop monitor service
[    0.606092] NET: Registered protocol family 10
[    0.611121] Segment Routing with IPv6
[    0.611150] fullmesh registered
[    0.611151] ndiffports registered
[    0.611153] binder registered
[    0.611154] roundrobin registered
[    0.611155] redundant registered
[    0.611155] blest registered
[    0.611156] ecf registered
[    0.611157] NET: Registered protocol family 17
[    0.611185] Key type dns_resolver registered
[    0.611278] RAS: Correctable Errors collector initialized.
[    0.611291] IPI shorthand broadcast: enabled
[    0.611304] sched_clock: Marking stable (596151563, 11213254)->(610712399, -3347582)
[    0.611348] registered taskstats version 1
[    0.611356] Loading compiled-in X.509 certificates
[    0.611954] Loaded X.509 cert 'Build time autogenerated kernel key: 6909f3744cebb3d0de528d5887b96a727de79b1e'
[    0.611972] zswap: loaded using pool lzo/zbud
[    0.612023] Key type ._fscrypt registered
[    0.612024] Key type .fscrypt registered
[    0.616511] Key type big_key registered
[    0.618724] Key type encrypted registered
[    0.618726] AppArmor: AppArmor sha1 policy hashing enabled
[    0.618733] ima: No TPM chip found, activating TPM-bypass!
[    0.618737] ima: Allocated hash algorithm: sha1
[    0.618742] ima: No architecture policies found
[    0.618751] evm: Initialising EVM extended attributes:
[    0.618751] evm: security.selinux
[    0.618752] evm: security.SMACK64
[    0.618752] evm: security.SMACK64EXEC
[    0.618753] evm: security.SMACK64TRANSMUTE
[    0.618753] evm: security.SMACK64MMAP
[    0.618754] evm: security.apparmor
[    0.618754] evm: security.ima
[    0.618754] evm: security.capability
[    0.618755] evm: HMAC attrs: 0x1
[    0.619036] PM:   Magic number: 10:983:794
[    0.619156] rtc_cmos rtc_cmos: setting system clock to 2026-01-13T17:47:43 UTC (1768326463)
[    0.776773] ata1.00: ATA-6: VBOX HARDDISK, 1.0, max UDMA/133
[    0.776776] ata1.00: 209715200 sectors, multi 128: LBA 
[    0.777412] scsi 0:0:0:0: Direct-Access     ATA      VBOX HARDDISK    1.0  PQ: 0 ANSI: 5
[    0.777674] sd 0:0:0:0: [sda] 209715200 512-byte logical blocks: (107 GB/100 GiB)
[    0.777687] sd 0:0:0:0: [sda] Write Protect is off
[    0.777690] sd 0:0:0:0: [sda] Mode Sense: 00 3a 00 00
[    0.777710] sd 0:0:0:0: [sda] Write cache: enabled, read cache: enabled, doesn't support DPO or FUA
[    0.777908] sd 0:0:0:0: Attached scsi generic sg0 type 0
[    0.778897]  sda: sda1 sda2
[    0.787546] sd 0:0:0:0: [sda] Attached SCSI disk
[    0.792779] Freeing unused decrypted memory: 2040K
[    0.794138] Freeing unused kernel image memory: 2728K
[    0.794143] Write protecting the kernel read-only data: 22528k
[    0.795620] Freeing unused kernel image memory: 2036K
[    0.796400] Freeing unused kernel image memory: 1432K
[    0.834141] x86/mm: Checked W+X mappings: passed, no W+X pages found.
[    0.834145] Run /init as init process
[    0.942888] ACPI: Video Device [GFX0] (multi-head: yes  rom: no  post: no)
[    0.942955] input: Video Bus as /devices/LNXSYSTM:00/LNXSYBUS:00/PNP0A03:00/LNXVIDEO:00/input/input4
[    0.957742] piix4_smbus 0000:00:07.0: SMBus Host Controller at 0x4100, revision 0
[    0.960230] e1000: Intel(R) PRO/1000 Network Driver - version 7.3.21-k8-NAPI
[    0.960230] e1000: Copyright (c) 1999-2006 Intel Corporation.
[    0.969904] pcnet32: pcnet32.c:v1.35 21.Apr.2008 tsbogend@alpha.franken.de
[    0.970580] pcnet32: PCnet/FAST III 79C973 at 0xd020, 08:00:27:50:67:69 assigned IRQ 19
[    0.970623] pcnet32: Found PHY 0022:561b at address 0
[    0.970934] pcnet32: eth0: registered as PCnet/FAST III 79C973
[    0.984402] pcnet32: 1 cards_found
[    1.032305] pcnet32 0000:00:03.0 enp0s3: renamed from eth0
[    1.173158] input: ImExPS/2 Generic Explorer Mouse as /devices/platform/i8042/serio1/input/input5
[    1.367410] e1000 0000:00:08.0 eth0: (PCI:33MHz:32-bit) 08:00:27:cc:37:12
[    1.367413] e1000 0000:00:08.0 eth0: Intel(R) PRO/1000 Network Connection
[    1.739455] e1000 0000:00:09.0 eth1: (PCI:33MHz:32-bit) 08:00:27:cc:02:3c
[    1.739457] e1000 0000:00:09.0 eth1: Intel(R) PRO/1000 Network Connection
[    1.740461] e1000 0000:00:08.0 enp0s8: renamed from eth0
[    1.742155] e1000 0000:00:09.0 enp0s9: renamed from eth1
[    1.881821] EXT4-fs (sda2): mounted filesystem with ordered data mode. Opts: (null)
[    1.963633] systemd[1]: Inserted module 'autofs4'
[    1.972960] systemd[1]: systemd 245.4-4ubuntu3 running in system mode. (+PAM +AUDIT +SELINUX +IMA +APPARMOR +SMACK +SYSVINIT +UTMP +LIBCRYPTSETUP +GCRYPT +GNUTLS +ACL +XZ +LZ4 +SECCOMP +BLKID +ELFUTILS +KMOD +IDN2 -IDN +PCRE2 default-hierarchy=hybrid)
[    1.972989] systemd[1]: Detected virtualization oracle.
[    1.972992] systemd[1]: Detected architecture x86-64.
[    1.974268] systemd[1]: Set hostname to <ztg>.
[    2.093231] systemd[1]: /lib/systemd/system/dbus.socket:5: ListenStream= references a path below legacy directory /var/run/, updating /var/run/dbus/system_bus_socket â†’ /run/dbus/system_bus_socket; please update the unit file accordingly.
[    2.143888] systemd[1]: Created slice system-modprobe.slice.
[    2.144069] systemd[1]: Created slice User and Session Slice.
[    2.144111] systemd[1]: Started Forward Password Requests to Wall Directory Watch.
[    2.144272] systemd[1]: Set up automount Arbitrary Executable File Formats File System Automount Point.
[    2.144303] systemd[1]: Reached target User and Group Name Lookups.
[    2.144310] systemd[1]: Reached target Remote File Systems.
[    2.144318] systemd[1]: Reached target Slices.
[    2.144798] systemd[1]: Listening on Syslog Socket.
[    2.144861] systemd[1]: Listening on fsck to fsckd communication Socket.
[    2.144896] systemd[1]: Listening on initctl Compatibility Named Pipe.
[    2.145023] systemd[1]: Listening on Journal Audit Socket.
[    2.145075] systemd[1]: Listening on Journal Socket (/dev/log).
[    2.145140] systemd[1]: Listening on Journal Socket.
[    2.145199] systemd[1]: Listening on udev Control Socket.
[    2.145238] systemd[1]: Listening on udev Kernel Socket.
[    2.145907] systemd[1]: Mounting Huge Pages File System...
[    2.146798] systemd[1]: Mounting POSIX Message Queue File System...
[    2.147713] systemd[1]: Mounting Kernel Debug File System...
[    2.148553] systemd[1]: Mounting Kernel Trace File System...
[    2.150433] systemd[1]: Starting Journal Service...
[    2.173704] systemd[1]: Starting Set the console keyboard layout...
[    2.181413] systemd[1]: Starting Create list of static device nodes for the current kernel...
[    2.183161] systemd[1]: Starting Load Kernel Module drm...
[    2.184462] systemd[1]: Condition check resulted in Set Up Additional Binary Formats being skipped.
[    2.184499] systemd[1]: Condition check resulted in File System Check on Root Device being skipped.
[    2.196300] systemd[1]: Starting Load Kernel Modules...
[    2.201468] systemd[1]: Starting Remount Root and Kernel File Systems...
[    2.213542] systemd[1]: Starting udev Coldplug all Devices...
[    2.222307] systemd[1]: Starting Uncomplicated firewall...
[    2.223470] systemd[1]: Mounted Huge Pages File System.
[    2.223563] systemd[1]: Mounted POSIX Message Queue File System.
[    2.223635] systemd[1]: Mounted Kernel Debug File System.
[    2.223699] systemd[1]: Mounted Kernel Trace File System.
[    2.225436] EXT4-fs (sda2): re-mounted. Opts: errors=remount-ro
[    2.248152] systemd[1]: Finished Create list of static device nodes for the current kernel.
[    2.249100] systemd[1]: modprobe@drm.service: Succeeded.
[    2.263945] systemd[1]: Finished Load Kernel Module drm.
[    2.270280] systemd[1]: Finished Remount Root and Kernel File Systems.
[    2.271075] systemd[1]: Finished Uncomplicated firewall.
[    2.272727] lp: driver loaded but no devices found
[    2.284514] systemd[1]: Condition check resulted in Rebuild Hardware Database being skipped.
[    2.284557] systemd[1]: Condition check resulted in Platform Persistent Storage Archival being skipped.
[    2.285196] systemd[1]: Starting Load/Save Random Seed...
[    2.291458] systemd[1]: Starting Create System Users...
[    2.296796] ppdev: user-space parallel port driver
[    2.304560] systemd[1]: Finished Load/Save Random Seed.
[    2.309114] systemd[1]: Finished Create System Users.
[    2.309790] systemd[1]: Starting Create Static Device Nodes in /dev...
[    2.331660] systemd[1]: Finished Create Static Device Nodes in /dev.
[    2.332403] systemd[1]: Starting udev Kernel Device Manager...
[    2.380721] systemd[1]: Finished udev Coldplug all Devices.
[    2.383476] [drm] DMA map mode: Caching DMA mappings.
[    2.383539] [drm] Capabilities:
[    2.383539] [drm]   Rect copy.
[    2.383539] [drm]   Cursor.
[    2.383540] [drm]   Cursor bypass.
[    2.383540] [drm]   Cursor bypass 2.
[    2.383540] [drm]   Alpha cursor.
[    2.383541] [drm]   Extended Fifo.
[    2.383541] [drm]   Pitchlock.
[    2.383541] [drm]   Irq mask.
[    2.383542] [drm]   GMR.
[    2.383542] [drm]   Traces.
[    2.383542] [drm]   GMR2.
[    2.383543] [drm]   Screen Object 2.
[    2.383543] [drm]   Command Buffers.
[    2.383543] [drm]   Command Buffers 2.
[    2.383544] [drm]   Guest Backed Resources.
[    2.383545] [drm] Max GMR ids is 8192
[    2.383545] [drm] Max number of GMR pages is 1048576
[    2.383546] [drm] Max dedicated hypervisor surface memory is 393216 kiB
[    2.383546] [drm] Maximum display memory size is 131072 kiB
[    2.383547] [drm] VRAM at 0xe0000000 size is 131072 kiB
[    2.383548] [drm] MMIO at 0xf0000000 size is 2048 kiB
[    2.384696] [TTM] Zone  kernel: Available graphics memory: 1011738 KiB
[    2.384697] [TTM] Initializing pool allocator
[    2.384700] [TTM] Initializing DMA pool allocator
[    2.384727] [drm] Supports vblank timestamp caching Rev 2 (21.10.2013).
[    2.384728] [drm] No driver support for vblank timestamp query.
[    2.384945] [drm] Screen Target Display device initialized
[    2.385154] [drm] width 720
[    2.385166] [drm] height 400
[    2.385170] [drm] bpp 32
[    2.385454] [drm] Fifo max 0x00200000 min 0x00001000 cap 0x00000355
[    2.386511] [drm] Using command buffers with DMA pool.
[    2.386514] [drm] DX: no.
[    2.386515] [drm] Atomic: yes.
[    2.386515] [drm] SM4_1: no.
[    2.386533] [drm:vmw_host_log [vmwgfx]] *ERROR* Failed to send host log message.
[    2.387766] [drm:vmw_host_log [vmwgfx]] *ERROR* Failed to send host log message.
[    2.398270] fbcon: svgadrmfb (fb0) is primary device
[    2.417374] Console: switching to colour frame buffer device 100x37
[    2.418604] [drm] Initialized vmwgfx 2.15.0 20180704 for 0000:00:02.0 on minor 0
[    2.422140] systemd[1]: Finished Load Kernel Modules.
[    2.423021] systemd[1]: Mounting FUSE Control File System...
[    2.424231] systemd[1]: Mounting Kernel Configuration File System...
[    2.452806] systemd[1]: Starting Apply Kernel Variables...
[    2.455581] systemd[1]: Mounted FUSE Control File System.
[    2.455644] systemd[1]: Condition check resulted in VMware vmblock fuse mount being skipped.
[    2.461071] systemd[1]: Mounted Kernel Configuration File System.
[    2.469469] systemd[1]: Finished Apply Kernel Variables.
[    2.472007] systemd[1]: Finished Set the console keyboard layout.
[    2.472085] systemd[1]: Reached target Local File Systems (Pre).
[    2.473857] systemd[1]: Mounting Mount unit for bare, revision 5...
[    2.475837] systemd[1]: Mounting Mount unit for core18, revision 1705...
[    2.480724] systemd[1]: Mounting Mount unit for gnome-3-34-1804, revision 24...
[    2.488343] systemd[1]: Mounting Mount unit for gtk-common-themes, revision 1506...
[    2.498918] systemd[1]: Mounting Mount unit for gtk-common-themes, revision 1535...
[    2.509372] systemd[1]: Mounting Mount unit for snap-store, revision 433...
[    2.525497] systemd[1]: Mounting Mount unit for snapd, revision 7264...
[    2.545639] systemd[1]: Started udev Kernel Device Manager.
[    2.546351] systemd[1]: Starting Show Plymouth Boot Screen...
[    2.553114] systemd[1]: Mounted Mount unit for core18, revision 1705.
[    2.577776] systemd[1]: Mounted Mount unit for bare, revision 5.
[    2.577885] systemd[1]: Mounted Mount unit for gtk-common-themes, revision 1506.
[    2.578385] systemd[1]: Received SIGRTMIN+20 from PID 273 (plymouthd).
[    2.598370] systemd[1]: Started Show Plymouth Boot Screen.
[    2.598504] systemd[1]: Condition check resulted in Dispatch Password Requests to Console Directory Watch being skipped.
[    2.598586] systemd[1]: Started Forward Password Requests to Plymouth Directory Watch.
[    2.598632] systemd[1]: Reached target Local Encrypted Volumes.
[    2.649535] systemd[1]: Mounted Mount unit for gtk-common-themes, revision 1535.
[    2.685007] systemd[1]: Mounted Mount unit for gnome-3-34-1804, revision 24.
[    2.685223] systemd[1]: Mounted Mount unit for snap-store, revision 433.
[    2.685397] systemd[1]: Mounted Mount unit for snapd, revision 7264.
[    2.685541] systemd[1]: Reached target Local File Systems.
[    2.686324] systemd[1]: Starting Load AppArmor profiles...
[    2.688753] systemd[1]: Starting Set console font and keymap...
[    2.701576] systemd[1]: Starting Tell Plymouth To Write Out Runtime Data...
[    2.704431] systemd[1]: Condition check resulted in Store a System Token in an EFI Variable being skipped.
[    2.704460] systemd[1]: Condition check resulted in Commit a transient machine-id on disk being skipped.
[    2.706676] systemd[1]: Finished Set console font and keymap.
[    2.714520] systemd[1]: Received SIGRTMIN+20 from PID 273 (plymouthd).
[    2.715682] systemd[1]: plymouth-read-write.service: Succeeded.
[    2.715908] systemd[1]: Finished Tell Plymouth To Write Out Runtime Data.
[    2.752844] audit: type=1400 audit(1768326465.632:2): apparmor="STATUS" operation="profile_load" profile="unconfined" name="nvidia_modprobe" pid=300 comm="apparmor_parser"
[    2.752846] audit: type=1400 audit(1768326465.632:3): apparmor="STATUS" operation="profile_load" profile="unconfined" name="nvidia_modprobe//kmod" pid=300 comm="apparmor_parser"
[    2.759418] audit: type=1400 audit(1768326465.636:4): apparmor="STATUS" operation="profile_load" profile="unconfined" name="/usr/sbin/tcpdump" pid=301 comm="apparmor_parser"
[    2.787701] audit: type=1400 audit(1768326465.656:5): apparmor="STATUS" operation="profile_load" profile="unconfined" name="/usr/bin/evince" pid=303 comm="apparmor_parser"
[    2.787704] audit: type=1400 audit(1768326465.656:6): apparmor="STATUS" operation="profile_load" profile="unconfined" name="/usr/bin/evince//sanitized_helper" pid=303 comm="apparmor_parser"
[    2.787706] audit: type=1400 audit(1768326465.656:7): apparmor="STATUS" operation="profile_load" profile="unconfined" name="/usr/bin/evince-previewer" pid=303 comm="apparmor_parser"
[    2.787709] audit: type=1400 audit(1768326465.656:8): apparmor="STATUS" operation="profile_load" profile="unconfined" name="/usr/bin/evince-previewer//sanitized_helper" pid=303 comm="apparmor_parser"
[    2.787711] audit: type=1400 audit(1768326465.656:9): apparmor="STATUS" operation="profile_load" profile="unconfined" name="/usr/bin/evince-thumbnailer" pid=303 comm="apparmor_parser"
[    2.819332] audit: type=1400 audit(1768326465.696:10): apparmor="STATUS" operation="profile_load" profile="unconfined" name="/usr/lib/cups/backend/cups-pdf" pid=304 comm="apparmor_parser"
[    2.878041] systemd[1]: Finished Load AppArmor profiles.
[    2.878951] systemd[1]: Starting Load AppArmor profiles managed internally by snapd...
[    2.960266] systemd[1]: Finished Load AppArmor profiles managed internally by snapd.
[    3.142583] systemd[1]: Started Journal Service.
[    3.149241] systemd-journald[229]: Received client request to flush runtime journal.
[    3.154539] systemd-journald[229]: File /var/log/journal/c455b248004a419c87ce85eea238d727/system.journal corrupted or uncleanly shut down, renaming and replacing.
[    4.372171] RAPL PMU: API unit is 2^-32 Joules, 0 fixed counters, 10737418240 ms ovfl timer
[    4.424707] cryptd: max_cpu_qlen set to 1000
[    4.486588] AVX2 version of gcm_enc/dec engaged.
[    4.486589] AES CTR mode by8 optimization enabled
[    5.255551] Adding 1998844k swap on /dev/sda1.  Priority:-2 extents:1 across:1998844k FS
[    6.446333] kauditd_printk_skb: 30 callbacks suppressed
[    6.446334] audit: type=1400 audit(1768326469.324:41): apparmor="DENIED" operation="capable" profile="/usr/sbin/cups-browsed" pid=497 comm="cups-browsed" capability=23  capname="sys_nice"
[    7.390038] pcnet32 0000:00:03.0 enp0s3: link up, 100Mbps, full-duplex
[    7.427698] e1000: enp0s8 NIC Link is Up 1000 Mbps Full Duplex, Flow Control: RX
[    7.427993] IPv6: ADDRCONF(NETDEV_CHANGE): enp0s8: link becomes ready
[    7.439375] e1000: enp0s9 NIC Link is Up 1000 Mbps Full Duplex, Flow Control: RX
[    7.439696] IPv6: ADDRCONF(NETDEV_CHANGE): enp0s9: link becomes ready
[    7.964756] device enp0s3 entered promiscuous mode
[    7.990825] audit: type=1400 audit(1768326470.864:42): apparmor="DENIED" operation="open" profile="/usr/sbin/tcpdump" name="/proc/sys/kernel/random/boot_id" pid=683 comm="tcpdump" requested_mask="r" denied_mask="r" fsuid=0 ouid=0
[    7.991007] audit: type=1400 audit(1768326470.864:43): apparmor="DENIED" operation="open" profile="/usr/sbin/tcpdump" name="/proc/sys/kernel/random/boot_id" pid=683 comm="tcpdump" requested_mask="r" denied_mask="r" fsuid=0 ouid=0
[    7.991091] audit: type=1400 audit(1768326470.864:44): apparmor="DENIED" operation="open" profile="/usr/sbin/tcpdump" name="/proc/sys/kernel/random/boot_id" pid=683 comm="tcpdump" requested_mask="r" denied_mask="r" fsuid=0 ouid=0
[    7.991179] audit: type=1400 audit(1768326470.864:45): apparmor="DENIED" operation="open" profile="/usr/sbin/tcpdump" name="/proc/sys/kernel/random/boot_id" pid=683 comm="tcpdump" requested_mask="r" denied_mask="r" fsuid=0 ouid=0
[    7.995542] audit: type=1400 audit(1768326470.872:46): apparmor="DENIED" operation="open" profile="/usr/sbin/tcpdump" name="/proc/sys/kernel/random/boot_id" pid=684 comm="tcpdump" requested_mask="r" denied_mask="r" fsuid=0 ouid=0
[    7.995686] audit: type=1400 audit(1768326470.872:47): apparmor="DENIED" operation="open" profile="/usr/sbin/tcpdump" name="/proc/sys/kernel/random/boot_id" pid=684 comm="tcpdump" requested_mask="r" denied_mask="r" fsuid=0 ouid=0
[    7.995726] audit: type=1400 audit(1768326470.872:48): apparmor="DENIED" operation="open" profile="/usr/sbin/tcpdump" name="/proc/sys/kernel/random/boot_id" pid=684 comm="tcpdump" requested_mask="r" denied_mask="r" fsuid=0 ouid=0
[    7.995829] audit: type=1400 audit(1768326470.872:49): apparmor="DENIED" operation="open" profile="/usr/sbin/tcpdump" name="/proc/sys/kernel/random/boot_id" pid=684 comm="tcpdump" requested_mask="r" denied_mask="r" fsuid=0 ouid=0
[   12.382102] rfkill: input handler disabled
[  117.094835] AAAAA-TCP_FORW: name:enp0s3: saddr:16783984: daddr:100932208
[  447.842518] rfkill: input handler enabled
[  456.735636] rfkill: input handler disabled
[  642.782949] device enp0s3 left promiscuous mode
