[    0.000000] Linux version 5.4.243-mptcp (root@ztg) (gcc version 12.2.0 (Debian 12.2.0-14+deb12u1)) #53 SMP Wed Dec 24 23:28:15 CST 2025
[    0.000000] Command line: BOOT_IMAGE=/boot/vmlinuz-5.4.243-mptcp root=UUID=98415a12-53b7-4144-8265-0f7ece09e445 ro quiet splash
[    0.000000] KERNEL supported cpus:
[    0.000000]   Intel GenuineIntel
[    0.000000]   AMD AuthenticAMD
[    0.000000]   Hygon HygonGenuine
[    0.000000]   Centaur CentaurHauls
[    0.000000]   zhaoxin   Shanghai  
[    0.000000] x86/fpu: Supporting XSAVE feature 0x001: 'x87 floating point registers'
[    0.000000] x86/fpu: Supporting XSAVE feature 0x002: 'SSE registers'
[    0.000000] x86/fpu: Supporting XSAVE feature 0x004: 'AVX registers'
[    0.000000] x86/fpu: xstate_offset[2]:  576, xstate_sizes[2]:  256
[    0.000000] x86/fpu: Enabled xstate features 0x7, context size is 832 bytes, using 'standard' format.
[    0.000000] BIOS-provided physical RAM map:
[    0.000000] BIOS-e820: [mem 0x0000000000000000-0x000000000009fbff] usable
[    0.000000] BIOS-e820: [mem 0x000000000009fc00-0x000000000009ffff] reserved
[    0.000000] BIOS-e820: [mem 0x00000000000f0000-0x00000000000fffff] reserved
[    0.000000] BIOS-e820: [mem 0x0000000000100000-0x000000007ffeffff] usable
[    0.000000] BIOS-e820: [mem 0x000000007fff0000-0x000000007fffffff] ACPI data
[    0.000000] BIOS-e820: [mem 0x00000000fec00000-0x00000000fec00fff] reserved
[    0.000000] BIOS-e820: [mem 0x00000000fee00000-0x00000000fee00fff] reserved
[    0.000000] BIOS-e820: [mem 0x00000000fffc0000-0x00000000ffffffff] reserved
[    0.000000] NX (Execute Disable) protection: active
[    0.000000] SMBIOS 2.5 present.
[    0.000000] DMI: innotek GmbH VirtualBox/VirtualBox, BIOS VirtualBox 12/01/2006
[    0.000000] Hypervisor detected: KVM
[    0.000000] kvm-clock: Using msrs 4b564d01 and 4b564d00
[    0.000000] kvm-clock: cpu 0, msr 7f001001, primary cpu clock
[    0.000000] kvm-clock: using sched offset of 4496872371 cycles
[    0.000003] clocksource: kvm-clock: mask: 0xffffffffffffffff max_cycles: 0x1cd42e4dffb, max_idle_ns: 881590591483 ns
[    0.000006] tsc: Detected 2100.000 MHz processor
[    0.001821] e820: update [mem 0x00000000-0x00000fff] usable ==> reserved
[    0.001823] e820: remove [mem 0x000a0000-0x000fffff] usable
[    0.001827] last_pfn = 0x7fff0 max_arch_pfn = 0x400000000
[    0.001898] MTRR default type: uncachable
[    0.001899] MTRR fixed ranges enabled:
[    0.001900]   00000-9FFFF write-back
[    0.001901]   A0000-BFFFF uncachable
[    0.001902]   C0000-FFFFF write-protect
[    0.001903] MTRR variable ranges enabled:
[    0.001904]   0 base 000000000000 mask 3FFF80000000 write-back
[    0.001905]   1 disabled
[    0.001905]   2 disabled
[    0.001906]   3 disabled
[    0.001906]   4 disabled
[    0.001906]   5 disabled
[    0.001907]   6 disabled
[    0.001907]   7 disabled
[    0.001908]   8 disabled
[    0.001908]   9 disabled
[    0.001909]   10 disabled
[    0.001909]   11 disabled
[    0.001909]   12 disabled
[    0.001910]   13 disabled
[    0.001910]   14 disabled
[    0.001911]   15 disabled
[    0.001926] x86/PAT: Configuration [0-7]: WB  WC  UC- UC  WB  WP  UC- WT  
[    0.002064] found SMP MP-table at [mem 0x0009fff0-0x0009ffff]
[    0.093756] check: Scanning 1 areas for low memory corruption
[    0.093974] RAMDISK: [mem 0x32271000-0x3512ffff]
[    0.093984] ACPI: Early table checksum verification disabled
[    0.093991] ACPI: RSDP 0x00000000000E0000 000024 (v02 VBOX  )
[    0.093996] ACPI: XSDT 0x000000007FFF0030 00003C (v01 VBOX   VBOXXSDT 00000001 ASL  00000061)
[    0.094003] ACPI: FACP 0x000000007FFF00F0 0000F4 (v04 VBOX   VBOXFACP 00000001 ASL  00000061)
[    0.094010] ACPI: DSDT 0x000000007FFF02E0 002353 (v02 VBOX   VBOXBIOS 00000002 VBOX 00029BF3)
[    0.094014] ACPI: FACS 0x000000007FFF0200 000040
[    0.094018] ACPI: FACS 0x000000007FFF0200 000040
[    0.094021] ACPI: APIC 0x000000007FFF0240 000054 (v02 VBOX   VBOXAPIC 00000001 ASL  00000061)
[    0.094025] ACPI: SSDT 0x000000007FFF02A0 000038 (v01 VBOX   VBOXCPUT 00000002 VBOX 00029BF3)
[    0.094028] ACPI: Reserving FACP table memory at [mem 0x7fff00f0-0x7fff01e3]
[    0.094029] ACPI: Reserving DSDT table memory at [mem 0x7fff02e0-0x7fff2632]
[    0.094029] ACPI: Reserving FACS table memory at [mem 0x7fff0200-0x7fff023f]
[    0.094030] ACPI: Reserving FACS table memory at [mem 0x7fff0200-0x7fff023f]
[    0.094031] ACPI: Reserving APIC table memory at [mem 0x7fff0240-0x7fff0293]
[    0.094031] ACPI: Reserving SSDT table memory at [mem 0x7fff02a0-0x7fff02d7]
[    0.094047] ACPI: Local APIC address 0xfee00000
[    0.094243] No NUMA configuration found
[    0.094244] Faking a node at [mem 0x0000000000000000-0x000000007ffeffff]
[    0.094255] NODE_DATA(0) allocated [mem 0x7ffc5000-0x7ffeffff]
[    0.094545] Zone ranges:
[    0.094546]   DMA      [mem 0x0000000000001000-0x0000000000ffffff]
[    0.094547]   DMA32    [mem 0x0000000001000000-0x000000007ffeffff]
[    0.094548]   Normal   empty
[    0.094548]   Device   empty
[    0.094549] Movable zone start for each node
[    0.094551] Early memory node ranges
[    0.094552]   node   0: [mem 0x0000000000001000-0x000000000009efff]
[    0.094553]   node   0: [mem 0x0000000000100000-0x000000007ffeffff]
[    0.095928] Zeroed struct page in unavailable ranges: 114 pages
[    0.095929] Initmem setup node 0 [mem 0x0000000000001000-0x000000007ffeffff]
[    0.095931] On node 0 totalpages: 524174
[    0.095932]   DMA zone: 64 pages used for memmap
[    0.095932]   DMA zone: 21 pages reserved
[    0.095933]   DMA zone: 3998 pages, LIFO batch:0
[    0.096013]   DMA32 zone: 8128 pages used for memmap
[    0.096014]   DMA32 zone: 520176 pages, LIFO batch:63
[    0.114614] ACPI: PM-Timer IO Port: 0x4008
[    0.114619] ACPI: Local APIC address 0xfee00000
[    0.114694] IOAPIC[0]: apic_id 1, version 32, address 0xfec00000, GSI 0-23
[    0.114698] ACPI: INT_SRC_OVR (bus 0 bus_irq 0 global_irq 2 dfl dfl)
[    0.114700] ACPI: INT_SRC_OVR (bus 0 bus_irq 9 global_irq 9 low level)
[    0.114702] ACPI: IRQ0 used by override.
[    0.114703] ACPI: IRQ9 used by override.
[    0.114706] Using ACPI (MADT) for SMP configuration information
[    0.114714] smpboot: Allowing 1 CPUs, 0 hotplug CPUs
[    0.114743] PM: Registered nosave memory: [mem 0x00000000-0x00000fff]
[    0.114744] PM: Registered nosave memory: [mem 0x0009f000-0x0009ffff]
[    0.114745] PM: Registered nosave memory: [mem 0x000a0000-0x000effff]
[    0.114745] PM: Registered nosave memory: [mem 0x000f0000-0x000fffff]
[    0.114748] [mem 0x80000000-0xfebfffff] available for PCI devices
[    0.114749] Booting paravirtualized kernel on KVM
[    0.114753] clocksource: refined-jiffies: mask: 0xffffffff max_cycles: 0xffffffff, max_idle_ns: 7645519600211568 ns
[    0.114759] setup_percpu: NR_CPUS:8192 nr_cpumask_bits:1 nr_cpu_ids:1 nr_node_ids:1
[    0.115353] percpu: Embedded 60 pages/cpu s208896 r8192 d28672 u2097152
[    0.115357] pcpu-alloc: s208896 r8192 d28672 u2097152 alloc=1*2097152
[    0.115359] pcpu-alloc: [0] 0 
[    0.115388] Built 1 zonelists, mobility grouping on.  Total pages: 515961
[    0.115389] Policy zone: DMA32
[    0.115390] Kernel command line: BOOT_IMAGE=/boot/vmlinuz-5.4.243-mptcp root=UUID=98415a12-53b7-4144-8265-0f7ece09e445 ro quiet splash
[    0.115939] Dentry cache hash table entries: 262144 (order: 9, 2097152 bytes, linear)
[    0.115985] Inode-cache hash table entries: 131072 (order: 8, 1048576 bytes, linear)
[    0.116038] mem auto-init: stack:off, heap alloc:on, heap free:off
[    0.116041] Calgary: detecting Calgary via BIOS EBDA area
[    0.116043] Calgary: Unable to locate Rio Grande table in EBDA - bailing!
[    0.120403] Memory: 1967332K/2096696K available (14339K kernel code, 2398K rwdata, 4712K rodata, 2728K init, 17260K bss, 129364K reserved, 0K cma-reserved)
[    0.120665] SLUB: HWalign=64, Order=0-3, MinObjects=0, CPUs=1, Nodes=1
[    0.120685] ftrace: allocating 43186 entries in 169 pages
[    0.140052] rcu: Hierarchical RCU implementation.
[    0.140054] rcu: 	RCU restricting CPUs from NR_CPUS=8192 to nr_cpu_ids=1.
[    0.140055] 	Tasks RCU enabled.
[    0.140056] rcu: RCU calculated value of scheduler-enlistment delay is 25 jiffies.
[    0.140057] rcu: Adjusting geometry for rcu_fanout_leaf=16, nr_cpu_ids=1
[    0.143111] NR_IRQS: 524544, nr_irqs: 256, preallocated irqs: 16
[    0.143341] random: crng init done
[    0.152665] Console: colour VGA+ 80x25
[    0.152671] printk: console [tty0] enabled
[    0.152695] ACPI: Core revision 20190816
[    0.152804] APIC: Switch to symmetric I/O mode setup
[    0.153053] x2apic enabled
[    0.153290] Switched APIC routing to physical x2apic.
[    0.154418] ..TIMER: vector=0x30 apic1=0 pin1=2 apic2=-1 pin2=-1
[    0.154442] clocksource: tsc-early: mask: 0xffffffffffffffff max_cycles: 0x1e4530a99b6, max_idle_ns: 440795257976 ns
[    0.154449] Calibrating delay loop (skipped) preset value.. 4200.00 BogoMIPS (lpj=8400000)
[    0.154451] pid_max: default: 32768 minimum: 301
[    0.154482] LSM: Security Framework initializing
[    0.154493] Yama: becoming mindful.
[    0.154525] AppArmor: AppArmor initialized
[    0.154565] Mount-cache hash table entries: 4096 (order: 3, 32768 bytes, linear)
[    0.154572] Mountpoint-cache hash table entries: 4096 (order: 3, 32768 bytes, linear)
[    0.154584] *** VALIDATE tmpfs ***
[    0.154734] *** VALIDATE proc ***
[    0.154784] *** VALIDATE cgroup1 ***
[    0.154786] *** VALIDATE cgroup2 ***
[    0.154934] process: using mwait in idle threads
[    0.154939] Last level iTLB entries: 4KB 64, 2MB 8, 4MB 8
[    0.154939] Last level dTLB entries: 4KB 64, 2MB 0, 4MB 0, 1GB 4
[    0.154962] Spectre V1 : Mitigation: usercopy/swapgs barriers and __user pointer sanitization
[    0.154968] Spectre V2 : Mitigation: Retpolines
[    0.154969] Spectre V2 : Spectre v2 / SpectreRSB mitigation: Filling RSB on context switch
[    0.154970] Spectre V2 : Spectre v2 / SpectreRSB : Filling RSB on VMEXIT
[    0.154970] RETBleed: WARNING: Spectre v2 mitigation leaves CPU vulnerable to RETBleed attacks, data leaks possible!
[    0.155330] RETBleed: Vulnerable
[    0.155331] Speculative Store Bypass: Vulnerable
[    0.155336] TAA: Mitigation: TSX disabled
[    0.155336] MMIO Stale Data: Mitigation: Clear CPU buffers
[    0.160112] Freeing SMP alternatives memory: 40K
[    0.272889] smpboot: CPU0: Intel(R) Xeon(R) Silver 4216 CPU @ 2.10GHz (family: 0x6, model: 0x55, stepping: 0x7)
[    0.273046] Performance Events: unsupported p6 CPU model 85 no PMU driver, software events only.
[    0.273088] rcu: Hierarchical SRCU implementation.
[    0.273631] NMI watchdog: Perf NMI watchdog permanently disabled
[    0.273685] smp: Bringing up secondary CPUs ...
[    0.273686] smp: Brought up 1 node, 1 CPU
[    0.273687] smpboot: Max logical packages: 1
[    0.273689] smpboot: Total of 1 processors activated (4200.00 BogoMIPS)
[    0.274040] devtmpfs: initialized
[    0.274098] x86/mm: Memory block size: 128MB
[    0.274445] clocksource: jiffies: mask: 0xffffffff max_cycles: 0xffffffff, max_idle_ns: 7645041785100000 ns
[    0.274445] futex hash table entries: 256 (order: 2, 16384 bytes, linear)
[    0.274445] pinctrl core: initialized pinctrl subsystem
[    0.274445] PM: RTC time: 22:02:03, date: 2026-01-13
[    0.274445] NET: Registered protocol family 16
[    0.274445] audit: initializing netlink subsys (disabled)
[    0.274445] EISA bus registered
[    0.274445] cpuidle: using governor ladder
[    0.274445] cpuidle: using governor menu
[    0.274445] ACPI: bus type PCI registered
[    0.274445] acpiphp: ACPI Hot Plug PCI Controller Driver version: 0.5
[    0.274445] PCI: Using configuration type 1 for base access
[    0.274672] audit: type=2000 audit(1768312929.697:1): state=initialized audit_enabled=0 res=1
[    0.274799] HugeTLB registered 2.00 MiB page size, pre-allocated 0 pages
[    0.275893] ACPI: Added _OSI(Module Device)
[    0.275894] ACPI: Added _OSI(Processor Device)
[    0.275895] ACPI: Added _OSI(3.0 _SCP Extensions)
[    0.275896] ACPI: Added _OSI(Processor Aggregator Device)
[    0.275897] ACPI: Added _OSI(Linux-Dell-Video)
[    0.275898] ACPI: Added _OSI(Linux-Lenovo-NV-HDMI-Audio)
[    0.275900] ACPI: Added _OSI(Linux-HPI-Hybrid-Graphics)
[    0.278313] ACPI: 2 ACPI AML tables successfully acquired and loaded
[    0.279939] ACPI: Interpreter enabled
[    0.279950] ACPI: (supports S0 S5)
[    0.279951] ACPI: Using IOAPIC for interrupt routing
[    0.280159] PCI: Using host bridge windows from ACPI; if necessary, use "pci=nocrs" and report a bug
[    0.280266] ACPI: Enabled 2 GPEs in block 00 to 07
[    0.285215] ACPI: PCI Root Bridge [PCI0] (domain 0000 [bus 00-ff])
[    0.285221] acpi PNP0A03:00: _OSC: OS supports [ASPM ClockPM Segments MSI HPX-Type3]
[    0.285667] acpi PNP0A03:00: _OSC: not requesting OS control; OS requires [ExtendedConfig ASPM ClockPM MSI]
[    0.285675] acpi PNP0A03:00: fail to add MMCONFIG information, can't access extended PCI configuration space under this bridge.
[    0.286056] PCI host bridge to bus 0000:00
[    0.286059] pci_bus 0000:00: root bus resource [io  0x0000-0x0cf7 window]
[    0.286060] pci_bus 0000:00: root bus resource [io  0x0d00-0xffff window]
[    0.286061] pci_bus 0000:00: root bus resource [mem 0x000a0000-0x000bffff window]
[    0.286062] pci_bus 0000:00: root bus resource [mem 0x80000000-0xfdffffff window]
[    0.286063] pci_bus 0000:00: root bus resource [bus 00-ff]
[    0.286109] pci 0000:00:00.0: [8086:1237] type 00 class 0x060000
[    0.287110] pci 0000:00:01.0: [8086:7000] type 00 class 0x060100
[    0.287887] pci 0000:00:01.1: [8086:7111] type 00 class 0x01018a
[    0.288262] pci 0000:00:01.1: reg 0x20: [io  0xd000-0xd00f]
[    0.288424] pci 0000:00:01.1: legacy IDE quirk: reg 0x10: [io  0x01f0-0x01f7]
[    0.288425] pci 0000:00:01.1: legacy IDE quirk: reg 0x14: [io  0x03f6]
[    0.288426] pci 0000:00:01.1: legacy IDE quirk: reg 0x18: [io  0x0170-0x0177]
[    0.288427] pci 0000:00:01.1: legacy IDE quirk: reg 0x1c: [io  0x0376]
[    0.288971] pci 0000:00:02.0: [15ad:0405] type 00 class 0x030000
[    0.292384] pci 0000:00:02.0: reg 0x10: [io  0xd010-0xd01f]
[    0.294495] pci 0000:00:02.0: reg 0x14: [mem 0xe0000000-0xe7ffffff pref]
[    0.298489] pci 0000:00:02.0: reg 0x18: [mem 0xf0000000-0xf01fffff]
[    0.307226] pci 0000:00:03.0: [1022:2000] type 00 class 0x020000
[    0.307897] pci 0000:00:03.0: reg 0x10: [io  0xd020-0xd03f]
[    0.310584] pci 0000:00:03.0: reg 0x14: [mem 0xf0200000-0xf0200fff]
[    0.314105] pci 0000:00:04.0: [80ee:cafe] type 00 class 0x088000
[    0.314560] pci 0000:00:04.0: reg 0x10: [io  0xd040-0xd05f]
[    0.315179] pci 0000:00:04.0: reg 0x14: [mem 0xf0400000-0xf07fffff]
[    0.315797] pci 0000:00:04.0: reg 0x18: [mem 0xf0800000-0xf0803fff pref]
[    0.319144] pci 0000:00:07.0: [8086:7113] type 00 class 0x068000
[    0.319579] pci 0000:00:07.0: quirk: [io  0x4000-0x403f] claimed by PIIX4 ACPI
[    0.319590] pci 0000:00:07.0: quirk: [io  0x4100-0x410f] claimed by PIIX4 SMB
[    0.320207] pci 0000:00:08.0: [8086:100e] type 00 class 0x020000
[    0.320914] pci 0000:00:08.0: reg 0x10: [mem 0xf0820000-0xf083ffff]
[    0.322065] pci 0000:00:08.0: reg 0x18: [io  0xd060-0xd067]
[    0.325175] pci 0000:00:09.0: [8086:100e] type 00 class 0x020000
[    0.325905] pci 0000:00:09.0: reg 0x10: [mem 0xf0840000-0xf085ffff]
[    0.327136] pci 0000:00:09.0: reg 0x18: [io  0xd068-0xd06f]
[    0.338556] ACPI: PCI Interrupt Link [LNKA] (IRQs 5 9 10 *11)
[    0.338837] ACPI: PCI Interrupt Link [LNKB] (IRQs 5 9 *10 11)
[    0.338937] ACPI: PCI Interrupt Link [LNKC] (IRQs 5 *9 10 11)
[    0.339041] ACPI: PCI Interrupt Link [LNKD] (IRQs 5 9 10 *11)
[    0.339284] iommu: Default domain type: Translated 
[    0.339345] pci 0000:00:02.0: vgaarb: setting as boot VGA device
[    0.339347] pci 0000:00:02.0: vgaarb: VGA device added: decodes=io+mem,owns=io+mem,locks=none
[    0.339349] pci 0000:00:02.0: vgaarb: bridge control possible
[    0.339350] vgaarb: loaded
[    0.339566] SCSI subsystem initialized
[    0.339601] libata version 3.00 loaded.
[    0.339628] ACPI: bus type USB registered
[    0.339645] usbcore: registered new interface driver usbfs
[    0.339651] usbcore: registered new interface driver hub
[    0.339657] usbcore: registered new device driver usb
[    0.339688] pps_core: LinuxPPS API ver. 1 registered
[    0.339688] pps_core: Software ver. 5.3.6 - Copyright 2005-2007 Rodolfo Giometti <giometti@linux.it>
[    0.339691] PTP clock support registered
[    0.339728] EDAC MC: Ver: 3.0.0
[    0.340040] PCI: Using ACPI for IRQ routing
[    0.340041] PCI: pci_cache_line_size set to 64 bytes
[    0.340213] e820: reserve RAM buffer [mem 0x0009fc00-0x0009ffff]
[    0.340217] e820: reserve RAM buffer [mem 0x7fff0000-0x7fffffff]
[    0.341181] NetLabel: Initializing
[    0.341182] NetLabel:  domain hash size = 128
[    0.341182] NetLabel:  protocols = UNLABELED CIPSOv4 CALIPSO
[    0.341204] NetLabel:  unlabeled traffic allowed by default
[    0.342192] clocksource: Switched to clocksource kvm-clock
[    0.354373] *** VALIDATE bpf ***
[    0.354438] VFS: Disk quotas dquot_6.6.0
[    0.354453] VFS: Dquot-cache hash table entries: 512 (order 0, 4096 bytes)
[    0.354478] *** VALIDATE ramfs ***
[    0.354481] *** VALIDATE hugetlbfs ***
[    0.354579] AppArmor: AppArmor Filesystem Enabled
[    0.354602] pnp: PnP ACPI init
[    0.354663] pnp 00:00: Plug and Play ACPI device, IDs PNP0303 (active)
[    0.354730] pnp 00:01: Plug and Play ACPI device, IDs PNP0f03 (active)
[    0.355496] pnp: PnP ACPI: found 2 devices
[    0.356525] thermal_sys: Registered thermal governor 'fair_share'
[    0.356526] thermal_sys: Registered thermal governor 'bang_bang'
[    0.356526] thermal_sys: Registered thermal governor 'step_wise'
[    0.356527] thermal_sys: Registered thermal governor 'user_space'
[    0.356527] thermal_sys: Registered thermal governor 'power_allocator'
[    0.361041] clocksource: acpi_pm: mask: 0xffffff max_cycles: 0xffffff, max_idle_ns: 2085701024 ns
[    0.361082] pci_bus 0000:00: resource 4 [io  0x0000-0x0cf7 window]
[    0.361084] pci_bus 0000:00: resource 5 [io  0x0d00-0xffff window]
[    0.361085] pci_bus 0000:00: resource 6 [mem 0x000a0000-0x000bffff window]
[    0.361086] pci_bus 0000:00: resource 7 [mem 0x80000000-0xfdffffff window]
[    0.361147] NET: Registered protocol family 2
[    0.361252] IP idents hash table entries: 32768 (order: 6, 262144 bytes, linear)
[    0.361704] MPTCP tokens hash table entries: 8192 (order: 4, 65536 bytes, linear)
[    0.361732] MPTCP request tokens hash table entries: 8192 (order: 4, 65536 bytes, linear)
[    0.361758] default registered
[    0.361758] default registered
[    0.361759] MPTCP: Stable release v0.96
[    0.361768] tcp_listen_portaddr_hash hash table entries: 1024 (order: 2, 16384 bytes, linear)
[    0.361898] TCP established hash table entries: 16384 (order: 5, 131072 bytes, linear)
[    0.361995] TCP bind hash table entries: 16384 (order: 6, 262144 bytes, linear)
[    0.362021] TCP: Hash tables configured (established 16384 bind 16384)
[    0.362754] UDP hash table entries: 1024 (order: 3, 32768 bytes, linear)
[    0.362769] UDP-Lite hash table entries: 1024 (order: 3, 32768 bytes, linear)
[    0.362807] NET: Registered protocol family 1
[    0.362816] NET: Registered protocol family 44
[    0.362834] pci 0000:00:00.0: Limiting direct PCI/PCI transfers
[    0.362850] pci 0000:00:01.0: Activating ISA DMA hang workarounds
[    0.362904] pci 0000:00:02.0: Video device with shadowed ROM at [mem 0x000c0000-0x000dffff]
[    0.362968] PCI: CLS 0 bytes, default 64
[    0.363019] Trying to unpack rootfs image as initramfs...
[    0.550395] Freeing initrd memory: 47868K
[    0.550510] clocksource: tsc: mask: 0xffffffffffffffff max_cycles: 0x1e4530a99b6, max_idle_ns: 440795257976 ns
[    0.550522] clocksource: Switched to clocksource tsc
[    0.550573] platform rtc_cmos: registered platform RTC device (no PNP device found)
[    0.550609] check: Scanning for low memory corruption every 60 seconds
[    0.551008] Initialise system trusted keyrings
[    0.551021] Key type blacklist registered
[    0.551074] workingset: timestamp_bits=36 max_order=19 bucket_order=0
[    0.552473] zbud: loaded
[    0.552862] squashfs: version 4.0 (2009/01/31) Phillip Lougher
[    0.553006] fuse: init (API version 7.31)
[    0.553024] *** VALIDATE fuse ***
[    0.553025] *** VALIDATE fuse ***
[    0.553144] Platform Keyring initialized
[    0.553984] Key type asymmetric registered
[    0.553984] Asymmetric key parser 'x509' registered
[    0.553984] Block layer SCSI generic (bsg) driver version 0.4 loaded (major 244)
[    0.553984] io scheduler mq-deadline registered
[    0.553984] shpchp: Standard Hot Plug PCI Controller Driver version: 0.4
[    0.556695] ACPI: AC Adapter [AC] (on-line)
[    0.556756] input: Power Button as /devices/LNXSYSTM:00/LNXPWRBN:00/input/input0
[    0.556790] ACPI: Power Button [PWRF]
[    0.556869] input: Sleep Button as /devices/LNXSYSTM:00/LNXSLPBN:00/input/input1
[    0.556885] ACPI: Sleep Button [SLPF]
[    0.557148] Serial: 8250/16550 driver, 32 ports, IRQ sharing enabled
[    0.558368] Linux agpgart interface v0.103
[    0.647155] loop: module loaded
[    0.647299] ata_piix 0000:00:01.1: version 2.13
[    0.647733] scsi host0: ata_piix
[    0.647828] scsi host1: ata_piix
[    0.647856] ata1: PATA max UDMA/33 cmd 0x1f0 ctl 0x3f6 bmdma 0xd000 irq 14
[    0.647857] ata2: PATA max UDMA/33 cmd 0x170 ctl 0x376 bmdma 0xd008 irq 15
[    0.647940] tun: Universal TUN/TAP device driver, 1.6
[    0.648262] PPP generic driver version 2.4.2
[    0.648305] VFIO - User Level meta-driver version: 0.3
[    0.648546] ehci_hcd: USB 2.0 'Enhanced' Host Controller (EHCI) Driver
[    0.648552] ehci-pci: EHCI PCI platform driver
[    0.648565] ehci-platform: EHCI generic platform driver
[    0.648570] ohci_hcd: USB 1.1 'Open' Host Controller (OHCI) Driver
[    0.648572] ohci-pci: OHCI PCI platform driver
[    0.648580] ohci-platform: OHCI generic platform driver
[    0.648585] uhci_hcd: USB Universal Host Controller Interface driver
[    0.648656] i8042: PNP: PS/2 Controller [PNP0303:PS2K,PNP0f03:PS2M] at 0x60,0x64 irq 1,12
[    0.649097] serio: i8042 KBD port at 0x60,0x64 irq 1
[    0.649101] serio: i8042 AUX port at 0x60,0x64 irq 12
[    0.649190] mousedev: PS/2 mouse device common for all mice
[    0.649454] input: AT Translated Set 2 keyboard as /devices/platform/i8042/serio0/input/input2
[    0.649864] rtc_cmos rtc_cmos: registered as rtc0
[    0.649879] rtc_cmos rtc_cmos: alarms up to one day, 114 bytes nvram
[    0.649885] i2c /dev entries driver
[    0.649925] device-mapper: uevent: version 1.0.3
[    0.649969] device-mapper: ioctl: 4.41.0-ioctl (2019-09-16) initialised: dm-devel@redhat.com
[    0.649985] platform eisa.0: Probing EISA bus 0
[    0.649986] platform eisa.0: EISA: Cannot allocate resource for mainboard
[    0.649988] platform eisa.0: Cannot allocate resource for EISA slot 1
[    0.649989] platform eisa.0: Cannot allocate resource for EISA slot 2
[    0.649990] platform eisa.0: Cannot allocate resource for EISA slot 3
[    0.649991] platform eisa.0: Cannot allocate resource for EISA slot 4
[    0.649992] platform eisa.0: Cannot allocate resource for EISA slot 5
[    0.649993] platform eisa.0: Cannot allocate resource for EISA slot 6
[    0.649993] platform eisa.0: Cannot allocate resource for EISA slot 7
[    0.649994] platform eisa.0: Cannot allocate resource for EISA slot 8
[    0.649996] platform eisa.0: EISA: Detected 0 cards
[    0.649999] intel_pstate: CPU model not supported
[    0.650008] ledtrig-cpu: registered to indicate activity on CPUs
[    0.650064] drop_monitor: Initializing network drop monitor service
[    0.650234] NET: Registered protocol family 10
[    0.655273] Segment Routing with IPv6
[    0.655273] fullmesh registered
[    0.655273] ndiffports registered
[    0.655273] binder registered
[    0.655273] roundrobin registered
[    0.655273] redundant registered
[    0.655273] blest registered
[    0.655273] ecf registered
[    0.655273] NET: Registered protocol family 17
[    0.655273] Key type dns_resolver registered
[    0.655273] RAS: Correctable Errors collector initialized.
[    0.655273] IPI shorthand broadcast: enabled
[    0.655273] sched_clock: Marking stable (640157783, 11115252)->(655596531, -4323496)
[    0.655888] registered taskstats version 1
[    0.655898] Loading compiled-in X.509 certificates
[    0.656508] Loaded X.509 cert 'Build time autogenerated kernel key: 6909f3744cebb3d0de528d5887b96a727de79b1e'
[    0.656530] zswap: loaded using pool lzo/zbud
[    0.656588] Key type ._fscrypt registered
[    0.656588] Key type .fscrypt registered
[    0.661114] Key type big_key registered
[    0.663352] Key type encrypted registered
[    0.663355] AppArmor: AppArmor sha1 policy hashing enabled
[    0.663364] ima: No TPM chip found, activating TPM-bypass!
[    0.663368] ima: Allocated hash algorithm: sha1
[    0.663374] ima: No architecture policies found
[    0.663384] evm: Initialising EVM extended attributes:
[    0.663385] evm: security.selinux
[    0.663386] evm: security.SMACK64
[    0.663386] evm: security.SMACK64EXEC
[    0.663387] evm: security.SMACK64TRANSMUTE
[    0.663387] evm: security.SMACK64MMAP
[    0.663388] evm: security.apparmor
[    0.663388] evm: security.ima
[    0.663389] evm: security.capability
[    0.663389] evm: HMAC attrs: 0x1
[    0.663708] PM:   Magic number: 10:242:47
[    0.663829] rtc_cmos rtc_cmos: setting system clock to 2026-01-13T22:02:03 UTC (1768341723)
[    0.820154] ata1.00: ATA-6: VBOX HARDDISK, 1.0, max UDMA/133
[    0.820157] ata1.00: 209715200 sectors, multi 128: LBA 
[    0.820787] scsi 0:0:0:0: Direct-Access     ATA      VBOX HARDDISK    1.0  PQ: 0 ANSI: 5
[    0.821043] sd 0:0:0:0: [sda] 209715200 512-byte logical blocks: (107 GB/100 GiB)
[    0.821056] sd 0:0:0:0: [sda] Write Protect is off
[    0.821059] sd 0:0:0:0: [sda] Mode Sense: 00 3a 00 00
[    0.821078] sd 0:0:0:0: [sda] Write cache: enabled, read cache: enabled, doesn't support DPO or FUA
[    0.821291] sd 0:0:0:0: Attached scsi generic sg0 type 0
[    0.822135]  sda: sda1 sda2
[    0.831440] sd 0:0:0:0: [sda] Attached SCSI disk
[    0.836458] Freeing unused decrypted memory: 2040K
[    0.838063] Freeing unused kernel image memory: 2728K
[    0.838066] Write protecting the kernel read-only data: 22528k
[    0.839696] Freeing unused kernel image memory: 2036K
[    0.840637] Freeing unused kernel image memory: 1432K
[    0.874061] x86/mm: Checked W+X mappings: passed, no W+X pages found.
[    0.874066] Run /init as init process
[    0.982283] ACPI: Video Device [GFX0] (multi-head: yes  rom: no  post: no)
[    0.982354] input: Video Bus as /devices/LNXSYSTM:00/LNXSYBUS:00/PNP0A03:00/LNXVIDEO:00/input/input4
[    0.996885] pcnet32: pcnet32.c:v1.35 21.Apr.2008 tsbogend@alpha.franken.de
[    0.998411] piix4_smbus 0000:00:07.0: SMBus Host Controller at 0x4100, revision 0
[    1.001135] e1000: Intel(R) PRO/1000 Network Driver - version 7.3.21-k8-NAPI
[    1.001136] e1000: Copyright (c) 1999-2006 Intel Corporation.
[    1.010729] pcnet32: PCnet/FAST III 79C973 at 0xd020, 08:00:27:d1:c5:1d assigned IRQ 19
[    1.010775] pcnet32: Found PHY 0022:561b at address 0
[    1.011086] pcnet32: eth0: registered as PCnet/FAST III 79C973
[    1.015734] pcnet32: 1 cards_found
[    1.081036] pcnet32 0000:00:03.0 enp0s3: renamed from eth0
[    1.213727] input: ImExPS/2 Generic Explorer Mouse as /devices/platform/i8042/serio1/input/input5
[    1.407370] e1000 0000:00:08.0 eth0: (PCI:33MHz:32-bit) 08:00:27:b4:c7:20
[    1.407374] e1000 0000:00:08.0 eth0: Intel(R) PRO/1000 Network Connection
[    1.779572] e1000 0000:00:09.0 eth1: (PCI:33MHz:32-bit) 08:00:27:8f:02:82
[    1.779575] e1000 0000:00:09.0 eth1: Intel(R) PRO/1000 Network Connection
[    1.780761] e1000 0000:00:08.0 enp0s8: renamed from eth0
[    1.782581] e1000 0000:00:09.0 enp0s9: renamed from eth1
[    1.939331] EXT4-fs (sda2): mounted filesystem with ordered data mode. Opts: (null)
[    2.046025] systemd[1]: Inserted module 'autofs4'
[    2.055386] systemd[1]: systemd 245.4-4ubuntu3 running in system mode. (+PAM +AUDIT +SELINUX +IMA +APPARMOR +SMACK +SYSVINIT +UTMP +LIBCRYPTSETUP +GCRYPT +GNUTLS +ACL +XZ +LZ4 +SECCOMP +BLKID +ELFUTILS +KMOD +IDN2 -IDN +PCRE2 default-hierarchy=hybrid)
[    2.055421] systemd[1]: Detected virtualization oracle.
[    2.055424] systemd[1]: Detected architecture x86-64.
[    2.056776] systemd[1]: Set hostname to <ztg>.
[    2.187410] systemd[1]: /lib/systemd/system/dbus.socket:5: ListenStream= references a path below legacy directory /var/run/, updating /var/run/dbus/system_bus_socket â†’ /run/dbus/system_bus_socket; please update the unit file accordingly.
[    2.242231] systemd[1]: Created slice system-modprobe.slice.
[    2.242424] systemd[1]: Created slice User and Session Slice.
[    2.242470] systemd[1]: Started Forward Password Requests to Wall Directory Watch.
[    2.242635] systemd[1]: Set up automount Arbitrary Executable File Formats File System Automount Point.
[    2.242667] systemd[1]: Reached target User and Group Name Lookups.
[    2.242676] systemd[1]: Reached target Remote File Systems.
[    2.242684] systemd[1]: Reached target Slices.
[    2.243266] systemd[1]: Listening on Syslog Socket.
[    2.243334] systemd[1]: Listening on fsck to fsckd communication Socket.
[    2.243371] systemd[1]: Listening on initctl Compatibility Named Pipe.
[    2.243506] systemd[1]: Listening on Journal Audit Socket.
[    2.243557] systemd[1]: Listening on Journal Socket (/dev/log).
[    2.243627] systemd[1]: Listening on Journal Socket.
[    2.243688] systemd[1]: Listening on udev Control Socket.
[    2.243727] systemd[1]: Listening on udev Kernel Socket.
[    2.244497] systemd[1]: Mounting Huge Pages File System...
[    2.245444] systemd[1]: Mounting POSIX Message Queue File System...
[    2.246338] systemd[1]: Mounting Kernel Debug File System...
[    2.247198] systemd[1]: Mounting Kernel Trace File System...
[    2.249440] systemd[1]: Starting Journal Service...
[    2.273280] systemd[1]: Starting Set the console keyboard layout...
[    2.281269] systemd[1]: Starting Create list of static device nodes for the current kernel...
[    2.283523] systemd[1]: Starting Load Kernel Module drm...
[    2.287698] systemd[1]: Condition check resulted in Set Up Additional Binary Formats being skipped.
[    2.287736] systemd[1]: Condition check resulted in File System Check on Root Device being skipped.
[    2.298736] systemd[1]: Starting Load Kernel Modules...
[    2.299501] systemd[1]: Starting Remount Root and Kernel File Systems...
[    2.300303] systemd[1]: Starting udev Coldplug all Devices...
[    2.301098] systemd[1]: Starting Uncomplicated firewall...
[    2.302741] systemd[1]: Mounted Huge Pages File System.
[    2.302847] systemd[1]: Mounted POSIX Message Queue File System.
[    2.302927] systemd[1]: Mounted Kernel Debug File System.
[    2.303002] systemd[1]: Mounted Kernel Trace File System.
[    2.354905] systemd[1]: Finished Create list of static device nodes for the current kernel.
[    2.355288] systemd[1]: modprobe@drm.service: Succeeded.
[    2.360914] systemd[1]: Finished Load Kernel Module drm.
[    2.361788] systemd[1]: Finished Uncomplicated firewall.
[    2.364494] EXT4-fs (sda2): re-mounted. Opts: errors=remount-ro
[    2.368819] systemd[1]: Finished Remount Root and Kernel File Systems.
[    2.370006] systemd[1]: Condition check resulted in Rebuild Hardware Database being skipped.
[    2.370046] systemd[1]: Condition check resulted in Platform Persistent Storage Archival being skipped.
[    2.381565] systemd[1]: Starting Load/Save Random Seed...
[    2.392948] systemd[1]: Starting Create System Users...
[    2.412430] systemd[1]: Finished Load/Save Random Seed.
[    2.414071] systemd[1]: Finished Create System Users.
[    2.414792] systemd[1]: Starting Create Static Device Nodes in /dev...
[    2.437237] lp: driver loaded but no devices found
[    2.459253] ppdev: user-space parallel port driver
[    2.472984] systemd[1]: Finished Create Static Device Nodes in /dev.
[    2.474037] systemd[1]: Starting udev Kernel Device Manager...
[    2.490557] systemd[1]: Finished udev Coldplug all Devices.
[    2.538619] [drm] DMA map mode: Caching DMA mappings.
[    2.538690] [drm] Capabilities:
[    2.538691] [drm]   Rect copy.
[    2.538691] [drm]   Cursor.
[    2.538691] [drm]   Cursor bypass.
[    2.538692] [drm]   Cursor bypass 2.
[    2.538692] [drm]   Alpha cursor.
[    2.538693] [drm]   Extended Fifo.
[    2.538693] [drm]   Pitchlock.
[    2.538693] [drm]   Irq mask.
[    2.538694] [drm]   GMR.
[    2.538694] [drm]   Traces.
[    2.538694] [drm]   GMR2.
[    2.538695] [drm]   Screen Object 2.
[    2.538695] [drm]   Command Buffers.
[    2.538695] [drm]   Command Buffers 2.
[    2.538696] [drm]   Guest Backed Resources.
[    2.538697] [drm] Max GMR ids is 8192
[    2.538697] [drm] Max number of GMR pages is 1048576
[    2.538698] [drm] Max dedicated hypervisor surface memory is 393216 kiB
[    2.538698] [drm] Maximum display memory size is 131072 kiB
[    2.538699] [drm] VRAM at 0xe0000000 size is 131072 kiB
[    2.538700] [drm] MMIO at 0xf0000000 size is 2048 kiB
[    2.540129] [TTM] Zone  kernel: Available graphics memory: 1011738 KiB
[    2.540156] [TTM] Initializing pool allocator
[    2.540160] [TTM] Initializing DMA pool allocator
[    2.540190] [drm] Supports vblank timestamp caching Rev 2 (21.10.2013).
[    2.540191] [drm] No driver support for vblank timestamp query.
[    2.540430] [drm] Screen Target Display device initialized
[    2.540762] [drm] width 720
[    2.540771] [drm] height 400
[    2.540775] [drm] bpp 32
[    2.541137] [drm] Fifo max 0x00200000 min 0x00001000 cap 0x00000355
[    2.542856] [drm] Using command buffers with DMA pool.
[    2.542863] [drm] DX: no.
[    2.542864] [drm] Atomic: yes.
[    2.542864] [drm] SM4_1: no.
[    2.542885] [drm:vmw_host_log [vmwgfx]] *ERROR* Failed to send host log message.
[    2.543977] [drm:vmw_host_log [vmwgfx]] *ERROR* Failed to send host log message.
[    2.556823] systemd[1]: Finished Set the console keyboard layout.
[    2.556937] systemd[1]: Reached target Local File Systems (Pre).
[    2.557249] fbcon: svgadrmfb (fb0) is primary device
[    2.560626] systemd[1]: Mounting Mount unit for bare, revision 5...
[    2.564927] systemd[1]: Mounting Mount unit for core18, revision 1705...
[    2.569182] Console: switching to colour frame buffer device 100x37
[    2.583325] systemd[1]: Mounting Mount unit for gnome-3-34-1804, revision 24...
[    2.583674] [drm] Initialized vmwgfx 2.15.0 20180704 for 0000:00:02.0 on minor 0
[    2.617857] systemd[1]: Mounting Mount unit for gtk-common-themes, revision 1506...
[    2.621988] systemd[1]: Mounting Mount unit for gtk-common-themes, revision 1535...
[    2.624070] systemd[1]: Mounting Mount unit for snap-store, revision 433...
[    2.632153] systemd[1]: Mounting Mount unit for snapd, revision 25935...
[    2.638254] systemd[1]: Finished Load Kernel Modules.
[    2.660618] systemd[1]: Mounting FUSE Control File System...
[    2.661488] systemd[1]: Mounting Kernel Configuration File System...
[    2.662357] systemd[1]: Starting Apply Kernel Variables...
[    2.683718] systemd[1]: Mounted Mount unit for bare, revision 5.
[    2.683827] systemd[1]: Mounted Mount unit for gnome-3-34-1804, revision 24.
[    2.683916] systemd[1]: Mounted FUSE Control File System.
[    2.683977] systemd[1]: Condition check resulted in VMware vmblock fuse mount being skipped.
[    2.693871] systemd[1]: Mounted Kernel Configuration File System.
[    2.697134] systemd[1]: Started udev Kernel Device Manager.
[    2.698878] systemd[1]: Starting Show Plymouth Boot Screen...
[    2.707799] systemd[1]: Mounted Mount unit for gtk-common-themes, revision 1506.
[    2.709244] systemd[1]: Received SIGRTMIN+20 from PID 275 (plymouthd).
[    2.713247] systemd[1]: Finished Apply Kernel Variables.
[    2.726936] systemd[1]: Started Show Plymouth Boot Screen.
[    2.727128] systemd[1]: Condition check resulted in Dispatch Password Requests to Console Directory Watch being skipped.
[    2.727224] systemd[1]: Started Forward Password Requests to Plymouth Directory Watch.
[    2.727291] systemd[1]: Reached target Local Encrypted Volumes.
[    2.746769] systemd[1]: Mounted Mount unit for core18, revision 1705.
[    2.795366] systemd[1]: Mounted Mount unit for gtk-common-themes, revision 1535.
[    2.795597] systemd[1]: Mounted Mount unit for snap-store, revision 433.
[    2.795784] systemd[1]: Mounted Mount unit for snapd, revision 25935.
[    2.795936] systemd[1]: Reached target Local File Systems.
[    2.798546] systemd[1]: Starting Load AppArmor profiles...
[    2.799462] systemd[1]: Starting Set console font and keymap...
[    2.810954] systemd[1]: Starting Tell Plymouth To Write Out Runtime Data...
[    2.817168] systemd[1]: Condition check resulted in Store a System Token in an EFI Variable being skipped.
[    2.817200] systemd[1]: Condition check resulted in Commit a transient machine-id on disk being skipped.
[    2.819869] systemd[1]: Finished Set console font and keymap.
[    2.826861] systemd[1]: Received SIGRTMIN+20 from PID 275 (plymouthd).
[    2.828397] systemd[1]: plymouth-read-write.service: Succeeded.
[    2.828646] systemd[1]: Finished Tell Plymouth To Write Out Runtime Data.
[    2.851461] audit: type=1400 audit(1768341725.680:2): apparmor="STATUS" operation="profile_load" profile="unconfined" name="nvidia_modprobe" pid=301 comm="apparmor_parser"
[    2.851464] audit: type=1400 audit(1768341725.680:3): apparmor="STATUS" operation="profile_load" profile="unconfined" name="nvidia_modprobe//kmod" pid=301 comm="apparmor_parser"
[    2.861949] audit: type=1400 audit(1768341725.692:4): apparmor="STATUS" operation="profile_load" profile="unconfined" name="/usr/sbin/tcpdump" pid=302 comm="apparmor_parser"
[    2.908350] audit: type=1400 audit(1768341725.732:5): apparmor="STATUS" operation="profile_load" profile="unconfined" name="/usr/bin/evince" pid=304 comm="apparmor_parser"
[    2.908356] audit: type=1400 audit(1768341725.732:6): apparmor="STATUS" operation="profile_load" profile="unconfined" name="/usr/bin/evince//sanitized_helper" pid=304 comm="apparmor_parser"
[    2.908358] audit: type=1400 audit(1768341725.732:7): apparmor="STATUS" operation="profile_load" profile="unconfined" name="/usr/bin/evince-previewer" pid=304 comm="apparmor_parser"
[    2.908360] audit: type=1400 audit(1768341725.732:8): apparmor="STATUS" operation="profile_load" profile="unconfined" name="/usr/bin/evince-previewer//sanitized_helper" pid=304 comm="apparmor_parser"
[    2.908362] audit: type=1400 audit(1768341725.732:9): apparmor="STATUS" operation="profile_load" profile="unconfined" name="/usr/bin/evince-thumbnailer" pid=304 comm="apparmor_parser"
[    2.942293] audit: type=1400 audit(1768341725.772:10): apparmor="STATUS" operation="profile_load" profile="unconfined" name="/usr/lib/cups/backend/cups-pdf" pid=305 comm="apparmor_parser"
[    3.014731] systemd[1]: Finished Load AppArmor profiles.
[    3.015852] systemd[1]: Starting Load AppArmor profiles managed internally by snapd...
[    3.146375] systemd[1]: Finished Load AppArmor profiles managed internally by snapd.
[    3.305460] systemd[1]: Started Journal Service.
[    3.313950] systemd-journald[229]: Received client request to flush runtime journal.
[    3.318114] systemd-journald[229]: File /var/log/journal/c455b248004a419c87ce85eea238d727/system.journal corrupted or uncleanly shut down, renaming and replacing.
[    4.635852] RAPL PMU: API unit is 2^-32 Joules, 0 fixed counters, 10737418240 ms ovfl timer
[    4.730390] cryptd: max_cpu_qlen set to 1000
[    4.774878] AVX2 version of gcm_enc/dec engaged.
[    4.774879] AES CTR mode by8 optimization enabled
[    6.571965] Adding 1998844k swap on /dev/sda1.  Priority:-2 extents:1 across:1998844k FS
[    7.950465] kauditd_printk_skb: 30 callbacks suppressed
[    7.950467] audit: type=1400 audit(1768341730.784:41): apparmor="DENIED" operation="capable" profile="/usr/sbin/cups-browsed" pid=509 comm="cups-browsed" capability=23  capname="sys_nice"
[    9.112369] pcnet32 0000:00:03.0 enp0s3: link up, 100Mbps, full-duplex
[    9.154051] e1000: enp0s8 NIC Link is Up 1000 Mbps Full Duplex, Flow Control: RX
[    9.154345] IPv6: ADDRCONF(NETDEV_CHANGE): enp0s8: link becomes ready
[    9.178005] e1000: enp0s9 NIC Link is Up 1000 Mbps Full Duplex, Flow Control: RX
[    9.178301] IPv6: ADDRCONF(NETDEV_CHANGE): enp0s9: link becomes ready
[    9.872460] device enp0s3 entered promiscuous mode
[    9.884148] audit: type=1400 audit(1768341732.712:42): apparmor="DENIED" operation="open" profile="/usr/sbin/tcpdump" name="/proc/sys/kernel/random/boot_id" pid=641 comm="tcpdump" requested_mask="r" denied_mask="r" fsuid=0 ouid=0
[    9.887748] audit: type=1400 audit(1768341732.720:43): apparmor="DENIED" operation="open" profile="/usr/sbin/tcpdump" name="/proc/sys/kernel/random/boot_id" pid=641 comm="tcpdump" requested_mask="r" denied_mask="r" fsuid=0 ouid=0
[    9.887801] audit: type=1400 audit(1768341732.720:44): apparmor="DENIED" operation="open" profile="/usr/sbin/tcpdump" name="/proc/sys/kernel/random/boot_id" pid=641 comm="tcpdump" requested_mask="r" denied_mask="r" fsuid=0 ouid=0
[    9.887987] audit: type=1400 audit(1768341732.720:45): apparmor="DENIED" operation="open" profile="/usr/sbin/tcpdump" name="/proc/sys/kernel/random/boot_id" pid=641 comm="tcpdump" requested_mask="r" denied_mask="r" fsuid=0 ouid=0
[    9.901719] audit: type=1400 audit(1768341732.732:46): apparmor="DENIED" operation="open" profile="/usr/sbin/tcpdump" name="/proc/sys/kernel/random/boot_id" pid=642 comm="tcpdump" requested_mask="r" denied_mask="r" fsuid=0 ouid=0
[    9.902147] audit: type=1400 audit(1768341732.732:47): apparmor="DENIED" operation="open" profile="/usr/sbin/tcpdump" name="/proc/sys/kernel/random/boot_id" pid=642 comm="tcpdump" requested_mask="r" denied_mask="r" fsuid=0 ouid=0
[    9.902191] audit: type=1400 audit(1768341732.732:48): apparmor="DENIED" operation="open" profile="/usr/sbin/tcpdump" name="/proc/sys/kernel/random/boot_id" pid=642 comm="tcpdump" requested_mask="r" denied_mask="r" fsuid=0 ouid=0
[    9.902277] audit: type=1400 audit(1768341732.732:49): apparmor="DENIED" operation="open" profile="/usr/sbin/tcpdump" name="/proc/sys/kernel/random/boot_id" pid=642 comm="tcpdump" requested_mask="r" denied_mask="r" fsuid=0 ouid=0
[   15.899929] rfkill: input handler disabled
[  136.044362] AAAAA-TCP_FORW: name:enp0s3: saddr:16783984: daddr:100932208
[  136.211335] AAAAA-TCP_FORW: name:enp0s3: saddr:16783984: daddr:100932208
[  136.590266] AAAAA-TCP_FORW: name:enp0s3: saddr:16783984: daddr:100932208
[  136.735998] AAAAA-TCP_FORW: name:enp0s3: saddr:16783984: daddr:100932208
[  136.889746] AAAAA-TCP_FORW: name:enp0s3: saddr:16783984: daddr:100932208
[  137.000221] AAAAA-TCP_FORW: name:enp0s3: saddr:16783984: daddr:100932208
[  137.037036] AAAAA-TCP_FORW: name:enp0s3: saddr:16783984: daddr:100932208
[  137.079962] AAAAA-TCP_FORW: name:enp0s3: saddr:16783984: daddr:100932208
[  137.237603] AAAAA-TCP_FORW: name:enp0s3: saddr:16783984: daddr:100932208
[  137.359216] AAAAA-TCP_FORW: name:enp0s3: saddr:16783984: daddr:100932208
[  137.440903] AAAAA-TCP_FORW: name:enp0s3: saddr:16783984: daddr:100932208
[  137.537952] AAAAA-TCP_FORW: name:enp0s3: saddr:16783984: daddr:100932208
[  137.669271] AAAAA-TCP_FORW: name:enp0s3: saddr:16783984: daddr:100932208
[  137.774954] AAAAA-TCP_FORW: name:enp0s3: saddr:16783984: daddr:100932208
[  137.975411] AAAAA-TCP_FORW: name:enp0s3: saddr:16783984: daddr:100932208
[  138.122110] AAAAA-TCP_FORW: name:enp0s3: saddr:16783984: daddr:100932208
[  138.322907] AAAAA-TCP_FORW: name:enp0s3: saddr:16783984: daddr:100932208
[  138.530100] AAAAA-TCP_FORW: name:enp0s3: saddr:33561200: daddr:100932208
[  138.632181] AAAAA-TCP_FORW: name:enp0s3: saddr:16783984: daddr:100932208
[  138.831297] AAAAA-TCP_FORW: name:enp0s3: saddr:33561200: daddr:100932208
[  138.950691] AAAAA-TCP_FORW: name:enp0s3: saddr:33561200: daddr:100932208
[  139.036008] AAAAA-TCP_FORW: name:enp0s3: saddr:33561200: daddr:100932208
[  139.222946] AAAAA-TCP_FORW: name:enp0s3: saddr:33561200: daddr:100932208
[  139.353984] AAAAA-TCP_FORW: name:enp0s3: saddr:33561200: daddr:100932208
[  139.623285] AAAAA-TCP_FORW: name:enp0s3: saddr:33561200: daddr:100932208
[  139.720774] AAAAA-TCP_FORW: name:enp0s3: saddr:33561200: daddr:100932208
[  139.878889] AAAAA-TCP_FORW: name:enp0s3: saddr:16783984: daddr:100932208
[  139.966208] AAAAA-TCP_FORW: name:enp0s3: saddr:33561200: daddr:100932208
[  140.111794] AAAAA-TCP_FORW: name:enp0s3: saddr:16783984: daddr:100932208
[  140.193278] AAAAA-TCP_FORW: name:enp0s3: saddr:33561200: daddr:100932208
[  140.462333] AAAAA-TCP_FORW: name:enp0s3: saddr:33561200: daddr:100932208
[  140.588053] AAAAA-TCP_FORW: name:enp0s3: saddr:33561200: daddr:100932208
[  140.785026] AAAAA-TCP_FORW: name:enp0s3: saddr:33561200: daddr:100932208
[  140.935632] AAAAA-TCP_FORW: name:enp0s3: saddr:33561200: daddr:100932208
[  141.153569] AAAAA-TCP_FORW: name:enp0s3: saddr:33561200: daddr:100932208
[  141.216150] AAAAA-TCP_FORW: name:enp0s3: saddr:16783984: daddr:100932208
[  141.358152] AAAAA-TCP_FORW: name:enp0s3: saddr:16783984: daddr:100932208
[  141.397447] AAAAA-TCP_FORW: name:enp0s3: saddr:16783984: daddr:100932208
[  141.468915] AAAAA-TCP_FORW: name:enp0s3: saddr:16783984: daddr:100932208
[  141.732405] AAAAA-TCP_FORW: name:enp0s3: saddr:33561200: daddr:100932208
[  141.868569] AAAAA-TCP_FORW: name:enp0s3: saddr:33561200: daddr:100932208
[  141.917041] AAAAA-TCP_FORW: name:enp0s3: saddr:33561200: daddr:100932208
[  141.951777] AAAAA-TCP_FORW: name:enp0s3: saddr:33561200: daddr:100932208
[  141.975765] AAAAA-TCP_FORW: name:enp0s3: saddr:16783984: daddr:100932208
[  142.026548] AAAAA-TCP_FORW: name:enp0s3: saddr:16783984: daddr:100932208
[  164.997421] AAAAA-TCP_FORW: name:enp0s3: saddr:33561200: daddr:100932208
[  166.651588] AAAAA-TCP_FORW: name:enp0s3: saddr:33561200: daddr:100932208
[  166.878036] AAAAA-TCP_FORW: name:enp0s3: saddr:33561200: daddr:100932208
[  167.063282] AAAAA-TCP_FORW: name:enp0s3: saddr:33561200: daddr:100932208
[  167.197709] AAAAA-TCP_FORW: name:enp0s3: saddr:33561200: daddr:100932208
[  167.549221] AAAAA-TCP_FORW: name:enp0s3: saddr:16783984: daddr:100932208
[  167.630401] AAAAA-TCP_FORW: name:enp0s3: saddr:16783984: daddr:100932208
[  167.897327] AAAAA-TCP_FORW: name:enp0s3: saddr:16783984: daddr:100932208
[  168.160258] AAAAA-TCP_FORW: name:enp0s3: saddr:33561200: daddr:100932208
[  168.523910] AAAAA-TCP_FORW: name:enp0s3: saddr:16783984: daddr:100932208
[  168.602016] AAAAA-TCP_FORW: name:enp0s3: saddr:16783984: daddr:100932208
[  168.639099] AAAAA-TCP_FORW: name:enp0s3: saddr:16783984: daddr:100932208
[  168.677872] AAAAA-TCP_FORW: name:enp0s3: saddr:16783984: daddr:100932208
[  168.806034] AAAAA-TCP_FORW: name:enp0s3: saddr:33561200: daddr:100932208
[  168.834891] AAAAA-TCP_FORW: name:enp0s3: saddr:33561200: daddr:100932208
[  169.115242] AAAAA-TCP_FORW: name:enp0s3: saddr:33561200: daddr:100932208
[  169.219967] AAAAA-TCP_FORW: name:enp0s3: saddr:33561200: daddr:100932208
[  169.318649] AAAAA-TCP_FORW: name:enp0s3: saddr:33561200: daddr:100932208
[  169.496510] AAAAA-TCP_FORW: name:enp0s3: saddr:33561200: daddr:100932208
[  169.632990] AAAAA-TCP_FORW: name:enp0s3: saddr:33561200: daddr:100932208
[  169.786134] AAAAA-TCP_FORW: name:enp0s3: saddr:33561200: daddr:100932208
[  169.939905] AAAAA-TCP_FORW: name:enp0s3: saddr:33561200: daddr:100932208
[  170.172616] AAAAA-TCP_FORW: name:enp0s3: saddr:33561200: daddr:100932208
[  170.415664] AAAAA-TCP_FORW: name:enp0s3: saddr:16783984: daddr:100932208
[  170.483805] AAAAA-TCP_FORW: name:enp0s3: saddr:16783984: daddr:100932208
[  170.554804] AAAAA-TCP_FORW: name:enp0s3: saddr:33561200: daddr:100932208
[  170.891306] AAAAA-TCP_FORW: name:enp0s3: saddr:16783984: daddr:100932208
[  170.954163] AAAAA-TCP_FORW: name:enp0s3: saddr:16783984: daddr:100932208
[  171.001716] AAAAA-TCP_FORW: name:enp0s3: saddr:16783984: daddr:100932208
[  171.094821] AAAAA-TCP_FORW: name:enp0s3: saddr:33561200: daddr:100932208
[  171.232983] AAAAA-TCP_FORW: name:enp0s3: saddr:33561200: daddr:100932208
[  171.281953] AAAAA-TCP_FORW: name:enp0s3: saddr:16783984: daddr:100932208
[  171.370171] AAAAA-TCP_FORW: name:enp0s3: saddr:33561200: daddr:100932208
[  171.478269] AAAAA-TCP_FORW: name:enp0s3: saddr:33561200: daddr:100932208
[  171.582530] AAAAA-TCP_FORW: name:enp0s3: saddr:33561200: daddr:100932208
[  171.670641] AAAAA-TCP_FORW: name:enp0s3: saddr:33561200: daddr:100932208
[  171.809830] AAAAA-TCP_FORW: name:enp0s3: saddr:33561200: daddr:100932208
[  171.946953] AAAAA-TCP_FORW: name:enp0s3: saddr:33561200: daddr:100932208
[  172.002336] AAAAA-TCP_FORW: name:enp0s3: saddr:33561200: daddr:100932208
[  172.086609] AAAAA-TCP_FORW: name:enp0s3: saddr:33561200: daddr:100932208
[  172.152726] AAAAA-TCP_FORW: name:enp0s3: saddr:33561200: daddr:100932208
[  172.209077] AAAAA-TCP_FORW: name:enp0s3: saddr:33561200: daddr:100932208
[  172.295620] AAAAA-TCP_FORW: name:enp0s3: saddr:33561200: daddr:100932208
[  172.352515] AAAAA-TCP_FORW: name:enp0s3: saddr:33561200: daddr:100932208
[  172.410037] AAAAA-TCP_FORW: name:enp0s3: saddr:33561200: daddr:100932208
[  196.189394] AAAAA-TCP_FORW: name:enp0s3: saddr:100932208: daddr:16783984
[  196.327811] AAAAA-TCP_FORW: name:enp0s3: saddr:100932208: daddr:16783984
[  196.396807] AAAAA-TCP_FORW: name:enp0s3: saddr:100932208: daddr:16783984
[  196.610380] AAAAA-TCP_FORW: name:enp0s3: saddr:33561200: daddr:100932208
[  197.001444] AAAAA-TCP_FORW: name:enp0s3: saddr:100932208: daddr:33561200
[  197.074592] AAAAA-TCP_FORW: name:enp0s3: saddr:100932208: daddr:33561200
[  197.145962] AAAAA-TCP_FORW: name:enp0s3: saddr:100932208: daddr:33561200
[  197.278764] AAAAA-TCP_FORW: name:enp0s3: saddr:33561200: daddr:100932208
[  197.440382] AAAAA-TCP_FORW: name:enp0s3: saddr:16783984: daddr:100932208
[  198.451163] AAAAA-TCP_FORW: name:enp0s3: saddr:33561200: daddr:100932208
[  198.840317] AAAAA-TCP_FORW: name:enp0s3: saddr:33561200: daddr:100932208
[  199.683730] AAAAA-TCP_FORW: name:enp0s3: saddr:33561200: daddr:100932208
[  200.214349] AAAAA-TCP_FORW: name:enp0s3: saddr:33561200: daddr:100932208
[  200.550684] AAAAA-TCP_FORW: name:enp0s3: saddr:33561200: daddr:100932208
[  200.733552] AAAAA-TCP_FORW: name:enp0s3: saddr:33561200: daddr:100932208
[  201.003824] AAAAA-TCP_FORW: name:enp0s3: saddr:33561200: daddr:100932208
[  201.353153] AAAAA-TCP_FORW: name:enp0s3: saddr:33561200: daddr:100932208
[  201.503758] AAAAA-TCP_FORW: name:enp0s3: saddr:33561200: daddr:100932208
[  201.738843] AAAAA-TCP_FORW: name:enp0s3: saddr:33561200: daddr:100932208
[  201.833337] AAAAA-TCP_FORW: name:enp0s3: saddr:33561200: daddr:100932208
[  204.281994] AAAAA-TCP_FORW: name:enp0s3: saddr:33561200: daddr:100932208
[  205.074044] AAAAA-TCP_FORW: name:enp0s3: saddr:33561200: daddr:100932208
[  205.417799] AAAAA-TCP_FORW: name:enp0s3: saddr:33561200: daddr:100932208
[  205.833279] AAAAA-TCP_FORW: name:enp0s3: saddr:33561200: daddr:100932208
[  206.233372] AAAAA-TCP_FORW: name:enp0s3: saddr:33561200: daddr:100932208
[  206.879956] AAAAA-TCP_FORW: name:enp0s3: saddr:33561200: daddr:100932208
[  207.094811] AAAAA-TCP_FORW: name:enp0s3: saddr:33561200: daddr:100932208
[  207.349187] AAAAA-TCP_FORW: name:enp0s3: saddr:33561200: daddr:100932208
[  207.499093] AAAAA-TCP_FORW: name:enp0s3: saddr:33561200: daddr:100932208
[  207.998415] AAAAA-TCP_FORW: name:enp0s3: saddr:33561200: daddr:100932208
[  208.111148] AAAAA-TCP_FORW: name:enp0s3: saddr:33561200: daddr:100932208
[  208.351807] AAAAA-TCP_FORW: name:enp0s3: saddr:16783984: daddr:100932208
[  208.892711] AAAAA-TCP_FORW: name:enp0s3: saddr:16783984: daddr:100932208
[  209.025873] AAAAA-TCP_FORW: name:enp0s3: saddr:33561200: daddr:100932208
[  209.168846] AAAAA-TCP_FORW: name:enp0s3: saddr:33561200: daddr:100932208
[  209.254932] AAAAA-TCP_FORW: name:enp0s3: saddr:33561200: daddr:100932208
[  209.649348] AAAAA-TCP_FORW: name:enp0s3: saddr:33561200: daddr:100932208
[  209.977830] AAAAA-TCP_FORW: name:enp0s3: saddr:16783984: daddr:100932208
[  210.308751] AAAAA-TCP_FORW: name:enp0s3: saddr:33561200: daddr:100932208
[  210.725437] AAAAA-TCP_FORW: name:enp0s3: saddr:33561200: daddr:100932208
[  211.189899] AAAAA-TCP_FORW: name:enp0s3: saddr:33561200: daddr:100932208
[  211.397462] AAAAA-TCP_FORW: name:enp0s3: saddr:33561200: daddr:100932208
[  248.291163] AAAAA-TCP_FORW: name:enp0s3: saddr:33561200: daddr:100932208
[  248.434321] AAAAA-TCP_FORW: name:enp0s3: saddr:33561200: daddr:100932208
[  248.508383] AAAAA-TCP_FORW: name:enp0s3: saddr:33561200: daddr:100932208
[  248.824258] AAAAA-TCP_FORW: name:enp0s3: saddr:33561200: daddr:100932208
[  249.129413] AAAAA-TCP_FORW: name:enp0s3: saddr:33561200: daddr:100932208
[  249.452485] AAAAA-TCP_FORW: name:enp0s3: saddr:33561200: daddr:100932208
[  249.603343] AAAAA-TCP_FORW: name:enp0s3: saddr:33561200: daddr:100932208
[  249.687872] AAAAA-TCP_FORW: name:enp0s3: saddr:33561200: daddr:100932208
[  249.911488] AAAAA-TCP_FORW: name:enp0s3: saddr:33561200: daddr:100932208
[  250.949506] AAAAA-TCP_FORW: name:enp0s3: saddr:33561200: daddr:100932208
[  251.206943] AAAAA-TCP_FORW: name:enp0s3: saddr:33561200: daddr:100932208
[  251.330551] AAAAA-TCP_FORW: name:enp0s3: saddr:33561200: daddr:100932208
[  251.452849] AAAAA-TCP_FORW: name:enp0s3: saddr:33561200: daddr:100932208
[  252.121856] AAAAA-TCP_FORW: name:enp0s3: saddr:33561200: daddr:100932208
[  252.722852] AAAAA-TCP_FORW: name:enp0s3: saddr:33561200: daddr:100932208
[  253.193994] AAAAA-TCP_FORW: name:enp0s3: saddr:33561200: daddr:100932208
[  253.251793] AAAAA-TCP_FORW: name:enp0s3: saddr:33561200: daddr:100932208
[  253.272781] AAAAA-TCP_FORW: name:enp0s3: saddr:33561200: daddr:100932208
[  253.521663] AAAAA-TCP_FORW: name:enp0s3: saddr:33561200: daddr:100932208
[  253.952830] AAAAA-TCP_FORW: name:enp0s3: saddr:33561200: daddr:100932208
[  254.368821] AAAAA-TCP_FORW: name:enp0s3: saddr:33561200: daddr:100932208
[  254.625622] AAAAA-TCP_FORW: name:enp0s3: saddr:33561200: daddr:100932208
[  254.824349] AAAAA-TCP_FORW: name:enp0s3: saddr:33561200: daddr:100932208
[  255.294090] AAAAA-TCP_FORW: name:enp0s3: saddr:33561200: daddr:100932208
[  255.392790] AAAAA-TCP_FORW: name:enp0s3: saddr:33561200: daddr:100932208
[  255.530836] AAAAA-TCP_FORW: name:enp0s3: saddr:33561200: daddr:100932208
[  255.623126] AAAAA-TCP_FORW: name:enp0s3: saddr:33561200: daddr:100932208
[  255.811946] AAAAA-TCP_FORW: name:enp0s3: saddr:33561200: daddr:100932208
[  255.910525] AAAAA-TCP_FORW: name:enp0s3: saddr:33561200: daddr:100932208
[  255.959829] AAAAA-TCP_FORW: name:enp0s3: saddr:33561200: daddr:100932208
[  256.102311] AAAAA-TCP_FORW: name:enp0s3: saddr:33561200: daddr:100932208
[  256.456883] AAAAA-TCP_FORW: name:enp0s3: saddr:33561200: daddr:100932208
[  474.016711] rfkill: input handler enabled
[  481.996369] rfkill: input handler disabled
[  768.091986] device enp0s3 left promiscuous mode
