[    0.000000] Linux version 5.4.243-mptcp (root@ztg) (gcc version 12.2.0 (Debian 12.2.0-14+deb12u1)) #53 SMP Wed Dec 24 23:28:15 CST 2025
[    0.000000] Command line: BOOT_IMAGE=/boot/vmlinuz-5.4.243-mptcp root=UUID=98415a12-53b7-4144-8265-0f7ece09e445 ro quiet splash
[    0.000000] KERNEL supported cpus:
[    0.000000]   Intel GenuineIntel
[    0.000000]   AMD AuthenticAMD
[    0.000000]   Hygon HygonGenuine
[    0.000000]   Centaur CentaurHauls
[    0.000000]   zhaoxin   Shanghai  
[    0.000000] x86/fpu: Supporting XSAVE feature 0x001: 'x87 floating point registers'
[    0.000000] x86/fpu: Supporting XSAVE feature 0x002: 'SSE registers'
[    0.000000] x86/fpu: Supporting XSAVE feature 0x004: 'AVX registers'
[    0.000000] x86/fpu: xstate_offset[2]:  576, xstate_sizes[2]:  256
[    0.000000] x86/fpu: Enabled xstate features 0x7, context size is 832 bytes, using 'standard' format.
[    0.000000] BIOS-provided physical RAM map:
[    0.000000] BIOS-e820: [mem 0x0000000000000000-0x000000000009fbff] usable
[    0.000000] BIOS-e820: [mem 0x000000000009fc00-0x000000000009ffff] reserved
[    0.000000] BIOS-e820: [mem 0x00000000000f0000-0x00000000000fffff] reserved
[    0.000000] BIOS-e820: [mem 0x0000000000100000-0x000000007ffeffff] usable
[    0.000000] BIOS-e820: [mem 0x000000007fff0000-0x000000007fffffff] ACPI data
[    0.000000] BIOS-e820: [mem 0x00000000fec00000-0x00000000fec00fff] reserved
[    0.000000] BIOS-e820: [mem 0x00000000fee00000-0x00000000fee00fff] reserved
[    0.000000] BIOS-e820: [mem 0x00000000fffc0000-0x00000000ffffffff] reserved
[    0.000000] NX (Execute Disable) protection: active
[    0.000000] SMBIOS 2.5 present.
[    0.000000] DMI: innotek GmbH VirtualBox/VirtualBox, BIOS VirtualBox 12/01/2006
[    0.000000] Hypervisor detected: KVM
[    0.000000] kvm-clock: Using msrs 4b564d01 and 4b564d00
[    0.000000] kvm-clock: cpu 0, msr 47201001, primary cpu clock
[    0.000000] kvm-clock: using sched offset of 4457443316 cycles
[    0.000003] clocksource: kvm-clock: mask: 0xffffffffffffffff max_cycles: 0x1cd42e4dffb, max_idle_ns: 881590591483 ns
[    0.000005] tsc: Detected 2100.000 MHz processor
[    0.001890] e820: update [mem 0x00000000-0x00000fff] usable ==> reserved
[    0.001892] e820: remove [mem 0x000a0000-0x000fffff] usable
[    0.001896] last_pfn = 0x7fff0 max_arch_pfn = 0x400000000
[    0.001964] MTRR default type: uncachable
[    0.001965] MTRR fixed ranges enabled:
[    0.001966]   00000-9FFFF write-back
[    0.001967]   A0000-BFFFF uncachable
[    0.001968]   C0000-FFFFF write-protect
[    0.001968] MTRR variable ranges enabled:
[    0.001970]   0 base 000000000000 mask 3FFF80000000 write-back
[    0.001970]   1 disabled
[    0.001971]   2 disabled
[    0.001971]   3 disabled
[    0.001972]   4 disabled
[    0.001972]   5 disabled
[    0.001973]   6 disabled
[    0.001973]   7 disabled
[    0.001973]   8 disabled
[    0.001974]   9 disabled
[    0.001974]   10 disabled
[    0.001975]   11 disabled
[    0.001975]   12 disabled
[    0.001976]   13 disabled
[    0.001976]   14 disabled
[    0.001976]   15 disabled
[    0.001992] x86/PAT: Configuration [0-7]: WB  WC  UC- UC  WB  WP  UC- WT  
[    0.002125] found SMP MP-table at [mem 0x0009fff0-0x0009ffff]
[    0.093624] check: Scanning 1 areas for low memory corruption
[    0.093891] RAMDISK: [mem 0x32271000-0x3512ffff]
[    0.093898] ACPI: Early table checksum verification disabled
[    0.093903] ACPI: RSDP 0x00000000000E0000 000024 (v02 VBOX  )
[    0.093908] ACPI: XSDT 0x000000007FFF0030 00003C (v01 VBOX   VBOXXSDT 00000001 ASL  00000061)
[    0.093914] ACPI: FACP 0x000000007FFF00F0 0000F4 (v04 VBOX   VBOXFACP 00000001 ASL  00000061)
[    0.093920] ACPI: DSDT 0x000000007FFF02E0 002353 (v02 VBOX   VBOXBIOS 00000002 VBOX 00029BF3)
[    0.093925] ACPI: FACS 0x000000007FFF0200 000040
[    0.093928] ACPI: FACS 0x000000007FFF0200 000040
[    0.093931] ACPI: APIC 0x000000007FFF0240 000054 (v02 VBOX   VBOXAPIC 00000001 ASL  00000061)
[    0.093935] ACPI: SSDT 0x000000007FFF02A0 000038 (v01 VBOX   VBOXCPUT 00000002 VBOX 00029BF3)
[    0.093938] ACPI: Reserving FACP table memory at [mem 0x7fff00f0-0x7fff01e3]
[    0.093939] ACPI: Reserving DSDT table memory at [mem 0x7fff02e0-0x7fff2632]
[    0.093940] ACPI: Reserving FACS table memory at [mem 0x7fff0200-0x7fff023f]
[    0.093940] ACPI: Reserving FACS table memory at [mem 0x7fff0200-0x7fff023f]
[    0.093941] ACPI: Reserving APIC table memory at [mem 0x7fff0240-0x7fff0293]
[    0.093942] ACPI: Reserving SSDT table memory at [mem 0x7fff02a0-0x7fff02d7]
[    0.093956] ACPI: Local APIC address 0xfee00000
[    0.094144] No NUMA configuration found
[    0.094145] Faking a node at [mem 0x0000000000000000-0x000000007ffeffff]
[    0.094155] NODE_DATA(0) allocated [mem 0x7ffc5000-0x7ffeffff]
[    0.094415] Zone ranges:
[    0.094416]   DMA      [mem 0x0000000000001000-0x0000000000ffffff]
[    0.094417]   DMA32    [mem 0x0000000001000000-0x000000007ffeffff]
[    0.094418]   Normal   empty
[    0.094419]   Device   empty
[    0.094419] Movable zone start for each node
[    0.094421] Early memory node ranges
[    0.094422]   node   0: [mem 0x0000000000001000-0x000000000009efff]
[    0.094423]   node   0: [mem 0x0000000000100000-0x000000007ffeffff]
[    0.094426] Zeroed struct page in unavailable ranges: 114 pages
[    0.094427] Initmem setup node 0 [mem 0x0000000000001000-0x000000007ffeffff]
[    0.094428] On node 0 totalpages: 524174
[    0.094429]   DMA zone: 64 pages used for memmap
[    0.094430]   DMA zone: 21 pages reserved
[    0.094431]   DMA zone: 3998 pages, LIFO batch:0
[    0.094501]   DMA32 zone: 8128 pages used for memmap
[    0.094502]   DMA32 zone: 520176 pages, LIFO batch:63
[    0.103495] ACPI: PM-Timer IO Port: 0x4008
[    0.103498] ACPI: Local APIC address 0xfee00000
[    0.103564] IOAPIC[0]: apic_id 1, version 32, address 0xfec00000, GSI 0-23
[    0.103568] ACPI: INT_SRC_OVR (bus 0 bus_irq 0 global_irq 2 dfl dfl)
[    0.103570] ACPI: INT_SRC_OVR (bus 0 bus_irq 9 global_irq 9 low level)
[    0.103571] ACPI: IRQ0 used by override.
[    0.103572] ACPI: IRQ9 used by override.
[    0.103575] Using ACPI (MADT) for SMP configuration information
[    0.103581] smpboot: Allowing 1 CPUs, 0 hotplug CPUs
[    0.103604] PM: Registered nosave memory: [mem 0x00000000-0x00000fff]
[    0.103605] PM: Registered nosave memory: [mem 0x0009f000-0x0009ffff]
[    0.103606] PM: Registered nosave memory: [mem 0x000a0000-0x000effff]
[    0.103606] PM: Registered nosave memory: [mem 0x000f0000-0x000fffff]
[    0.103608] [mem 0x80000000-0xfebfffff] available for PCI devices
[    0.103609] Booting paravirtualized kernel on KVM
[    0.103612] clocksource: refined-jiffies: mask: 0xffffffff max_cycles: 0xffffffff, max_idle_ns: 7645519600211568 ns
[    0.103617] setup_percpu: NR_CPUS:8192 nr_cpumask_bits:1 nr_cpu_ids:1 nr_node_ids:1
[    0.104633] percpu: Embedded 60 pages/cpu s208896 r8192 d28672 u2097152
[    0.104638] pcpu-alloc: s208896 r8192 d28672 u2097152 alloc=1*2097152
[    0.104639] pcpu-alloc: [0] 0 
[    0.104665] Built 1 zonelists, mobility grouping on.  Total pages: 515961
[    0.104666] Policy zone: DMA32
[    0.104667] Kernel command line: BOOT_IMAGE=/boot/vmlinuz-5.4.243-mptcp root=UUID=98415a12-53b7-4144-8265-0f7ece09e445 ro quiet splash
[    0.105529] Dentry cache hash table entries: 262144 (order: 9, 2097152 bytes, linear)
[    0.105675] Inode-cache hash table entries: 131072 (order: 8, 1048576 bytes, linear)
[    0.105727] mem auto-init: stack:off, heap alloc:on, heap free:off
[    0.105729] Calgary: detecting Calgary via BIOS EBDA area
[    0.105730] Calgary: Unable to locate Rio Grande table in EBDA - bailing!
[    0.109843] Memory: 1967332K/2096696K available (14339K kernel code, 2398K rwdata, 4712K rodata, 2728K init, 17260K bss, 129364K reserved, 0K cma-reserved)
[    0.110825] SLUB: HWalign=64, Order=0-3, MinObjects=0, CPUs=1, Nodes=1
[    0.110842] ftrace: allocating 43186 entries in 169 pages
[    0.128912] rcu: Hierarchical RCU implementation.
[    0.128913] rcu: 	RCU restricting CPUs from NR_CPUS=8192 to nr_cpu_ids=1.
[    0.128914] 	Tasks RCU enabled.
[    0.128915] rcu: RCU calculated value of scheduler-enlistment delay is 25 jiffies.
[    0.128916] rcu: Adjusting geometry for rcu_fanout_leaf=16, nr_cpu_ids=1
[    0.131877] NR_IRQS: 524544, nr_irqs: 256, preallocated irqs: 16
[    0.132094] random: crng init done
[    0.141375] Console: colour VGA+ 80x25
[    0.141379] printk: console [tty0] enabled
[    0.141401] ACPI: Core revision 20190816
[    0.141500] APIC: Switch to symmetric I/O mode setup
[    0.141751] x2apic enabled
[    0.141989] Switched APIC routing to physical x2apic.
[    0.143122] ..TIMER: vector=0x30 apic1=0 pin1=2 apic2=-1 pin2=-1
[    0.143150] clocksource: tsc-early: mask: 0xffffffffffffffff max_cycles: 0x1e4530a99b6, max_idle_ns: 440795257976 ns
[    0.143156] Calibrating delay loop (skipped) preset value.. 4200.00 BogoMIPS (lpj=8400000)
[    0.143158] pid_max: default: 32768 minimum: 301
[    0.143186] LSM: Security Framework initializing
[    0.143195] Yama: becoming mindful.
[    0.143221] AppArmor: AppArmor initialized
[    0.143254] Mount-cache hash table entries: 4096 (order: 3, 32768 bytes, linear)
[    0.143258] Mountpoint-cache hash table entries: 4096 (order: 3, 32768 bytes, linear)
[    0.143269] *** VALIDATE tmpfs ***
[    0.143397] *** VALIDATE proc ***
[    0.143439] *** VALIDATE cgroup1 ***
[    0.143440] *** VALIDATE cgroup2 ***
[    0.143582] process: using mwait in idle threads
[    0.143587] Last level iTLB entries: 4KB 64, 2MB 8, 4MB 8
[    0.143588] Last level dTLB entries: 4KB 64, 2MB 0, 4MB 0, 1GB 4
[    0.143625] Spectre V1 : Mitigation: usercopy/swapgs barriers and __user pointer sanitization
[    0.143636] Spectre V2 : Mitigation: Retpolines
[    0.143637] Spectre V2 : Spectre v2 / SpectreRSB mitigation: Filling RSB on context switch
[    0.143638] Spectre V2 : Spectre v2 / SpectreRSB : Filling RSB on VMEXIT
[    0.143638] RETBleed: WARNING: Spectre v2 mitigation leaves CPU vulnerable to RETBleed attacks, data leaks possible!
[    0.143990] RETBleed: Vulnerable
[    0.143990] Speculative Store Bypass: Vulnerable
[    0.143995] TAA: Mitigation: TSX disabled
[    0.143995] MMIO Stale Data: Mitigation: Clear CPU buffers
[    0.148221] Freeing SMP alternatives memory: 40K
[    0.260634] smpboot: CPU0: Intel(R) Xeon(R) Silver 4216 CPU @ 2.10GHz (family: 0x6, model: 0x55, stepping: 0x7)
[    0.260752] Performance Events: unsupported p6 CPU model 85 no PMU driver, software events only.
[    0.260788] rcu: Hierarchical SRCU implementation.
[    0.261262] NMI watchdog: Perf NMI watchdog permanently disabled
[    0.261300] smp: Bringing up secondary CPUs ...
[    0.261301] smp: Brought up 1 node, 1 CPU
[    0.261302] smpboot: Max logical packages: 1
[    0.261303] smpboot: Total of 1 processors activated (4200.00 BogoMIPS)
[    0.262264] devtmpfs: initialized
[    0.262311] x86/mm: Memory block size: 128MB
[    0.262657] clocksource: jiffies: mask: 0xffffffff max_cycles: 0xffffffff, max_idle_ns: 7645041785100000 ns
[    0.262663] futex hash table entries: 256 (order: 2, 16384 bytes, linear)
[    0.262705] pinctrl core: initialized pinctrl subsystem
[    0.262805] PM: RTC time: 18:47:22, date: 2026-01-14
[    0.262911] NET: Registered protocol family 16
[    0.262984] audit: initializing netlink subsys (disabled)
[    0.263109] EISA bus registered
[    0.263111] cpuidle: using governor ladder
[    0.263111] cpuidle: using governor menu
[    0.263147] ACPI: bus type PCI registered
[    0.263149] acpiphp: ACPI Hot Plug PCI Controller Driver version: 0.5
[    0.263152] PCI: Using configuration type 1 for base access
[    0.263424] audit: type=2000 audit(1768387648.994:1): state=initialized audit_enabled=0 res=1
[    0.263504] HugeTLB registered 2.00 MiB page size, pre-allocated 0 pages
[    0.264313] ACPI: Added _OSI(Module Device)
[    0.264314] ACPI: Added _OSI(Processor Device)
[    0.264315] ACPI: Added _OSI(3.0 _SCP Extensions)
[    0.264315] ACPI: Added _OSI(Processor Aggregator Device)
[    0.264316] ACPI: Added _OSI(Linux-Dell-Video)
[    0.264317] ACPI: Added _OSI(Linux-Lenovo-NV-HDMI-Audio)
[    0.264318] ACPI: Added _OSI(Linux-HPI-Hybrid-Graphics)
[    0.266265] ACPI: 2 ACPI AML tables successfully acquired and loaded
[    0.267787] ACPI: Interpreter enabled
[    0.267796] ACPI: (supports S0 S5)
[    0.267798] ACPI: Using IOAPIC for interrupt routing
[    0.268003] PCI: Using host bridge windows from ACPI; if necessary, use "pci=nocrs" and report a bug
[    0.268110] ACPI: Enabled 2 GPEs in block 00 to 07
[    0.272897] ACPI: PCI Root Bridge [PCI0] (domain 0000 [bus 00-ff])
[    0.272902] acpi PNP0A03:00: _OSC: OS supports [ASPM ClockPM Segments MSI HPX-Type3]
[    0.273347] acpi PNP0A03:00: _OSC: not requesting OS control; OS requires [ExtendedConfig ASPM ClockPM MSI]
[    0.273355] acpi PNP0A03:00: fail to add MMCONFIG information, can't access extended PCI configuration space under this bridge.
[    0.273729] PCI host bridge to bus 0000:00
[    0.273731] pci_bus 0000:00: root bus resource [io  0x0000-0x0cf7 window]
[    0.273733] pci_bus 0000:00: root bus resource [io  0x0d00-0xffff window]
[    0.273734] pci_bus 0000:00: root bus resource [mem 0x000a0000-0x000bffff window]
[    0.273735] pci_bus 0000:00: root bus resource [mem 0x80000000-0xfdffffff window]
[    0.273736] pci_bus 0000:00: root bus resource [bus 00-ff]
[    0.273778] pci 0000:00:00.0: [8086:1237] type 00 class 0x060000
[    0.274729] pci 0000:00:01.0: [8086:7000] type 00 class 0x060100
[    0.275528] pci 0000:00:01.1: [8086:7111] type 00 class 0x01018a
[    0.275907] pci 0000:00:01.1: reg 0x20: [io  0xd000-0xd00f]
[    0.276063] pci 0000:00:01.1: legacy IDE quirk: reg 0x10: [io  0x01f0-0x01f7]
[    0.276064] pci 0000:00:01.1: legacy IDE quirk: reg 0x14: [io  0x03f6]
[    0.276065] pci 0000:00:01.1: legacy IDE quirk: reg 0x18: [io  0x0170-0x0177]
[    0.276066] pci 0000:00:01.1: legacy IDE quirk: reg 0x1c: [io  0x0376]
[    0.276601] pci 0000:00:02.0: [15ad:0405] type 00 class 0x030000
[    0.279152] pci 0000:00:02.0: reg 0x10: [io  0xd010-0xd01f]
[    0.279230] pci 0000:00:02.0: reg 0x14: [mem 0xe0000000-0xe7ffffff pref]
[    0.281874] pci 0000:00:02.0: reg 0x18: [mem 0xf0000000-0xf01fffff]
[    0.291962] pci 0000:00:03.0: [1022:2000] type 00 class 0x020000
[    0.292704] pci 0000:00:03.0: reg 0x10: [io  0xd020-0xd03f]
[    0.293359] pci 0000:00:03.0: reg 0x14: [mem 0xf0200000-0xf0200fff]
[    0.297752] pci 0000:00:04.0: [80ee:cafe] type 00 class 0x088000
[    0.298444] pci 0000:00:04.0: reg 0x10: [io  0xd040-0xd05f]
[    0.299071] pci 0000:00:04.0: reg 0x14: [mem 0xf0400000-0xf07fffff]
[    0.299271] pci 0000:00:04.0: reg 0x18: [mem 0xf0800000-0xf0803fff pref]
[    0.303201] pci 0000:00:07.0: [8086:7113] type 00 class 0x068000
[    0.303774] pci 0000:00:07.0: quirk: [io  0x4000-0x403f] claimed by PIIX4 ACPI
[    0.303785] pci 0000:00:07.0: quirk: [io  0x4100-0x410f] claimed by PIIX4 SMB
[    0.304378] pci 0000:00:08.0: [1022:2000] type 00 class 0x020000
[    0.305061] pci 0000:00:08.0: reg 0x10: [io  0xd060-0xd07f]
[    0.305676] pci 0000:00:08.0: reg 0x14: [mem 0xf0804000-0xf0804fff]
[    0.309663] pci 0000:00:09.0: [8086:100e] type 00 class 0x020000
[    0.310430] pci 0000:00:09.0: reg 0x10: [mem 0xf0820000-0xf083ffff]
[    0.311274] pci 0000:00:09.0: reg 0x18: [io  0xd080-0xd087]
[    0.320192] ACPI: PCI Interrupt Link [LNKA] (IRQs 5 9 10 *11)
[    0.320476] ACPI: PCI Interrupt Link [LNKB] (IRQs 5 9 *10 11)
[    0.320580] ACPI: PCI Interrupt Link [LNKC] (IRQs 5 *9 10 11)
[    0.320686] ACPI: PCI Interrupt Link [LNKD] (IRQs 5 9 10 *11)
[    0.323299] iommu: Default domain type: Translated 
[    0.323362] pci 0000:00:02.0: vgaarb: setting as boot VGA device
[    0.323364] pci 0000:00:02.0: vgaarb: VGA device added: decodes=io+mem,owns=io+mem,locks=none
[    0.323366] pci 0000:00:02.0: vgaarb: bridge control possible
[    0.323367] vgaarb: loaded
[    0.323582] SCSI subsystem initialized
[    0.323617] libata version 3.00 loaded.
[    0.323641] ACPI: bus type USB registered
[    0.323657] usbcore: registered new interface driver usbfs
[    0.323663] usbcore: registered new interface driver hub
[    0.323668] usbcore: registered new device driver usb
[    0.323696] pps_core: LinuxPPS API ver. 1 registered
[    0.323696] pps_core: Software ver. 5.3.6 - Copyright 2005-2007 Rodolfo Giometti <giometti@linux.it>
[    0.323699] PTP clock support registered
[    0.323733] EDAC MC: Ver: 3.0.0
[    0.324023] PCI: Using ACPI for IRQ routing
[    0.324025] PCI: pci_cache_line_size set to 64 bytes
[    0.324196] e820: reserve RAM buffer [mem 0x0009fc00-0x0009ffff]
[    0.324200] e820: reserve RAM buffer [mem 0x7fff0000-0x7fffffff]
[    0.325002] NetLabel: Initializing
[    0.325003] NetLabel:  domain hash size = 128
[    0.325003] NetLabel:  protocols = UNLABELED CIPSOv4 CALIPSO
[    0.325023] NetLabel:  unlabeled traffic allowed by default
[    0.325925] clocksource: Switched to clocksource kvm-clock
[    0.337554] *** VALIDATE bpf ***
[    0.337617] VFS: Disk quotas dquot_6.6.0
[    0.337630] VFS: Dquot-cache hash table entries: 512 (order 0, 4096 bytes)
[    0.337653] *** VALIDATE ramfs ***
[    0.337656] *** VALIDATE hugetlbfs ***
[    0.337739] AppArmor: AppArmor Filesystem Enabled
[    0.337765] pnp: PnP ACPI init
[    0.337835] pnp 00:00: Plug and Play ACPI device, IDs PNP0303 (active)
[    0.337902] pnp 00:01: Plug and Play ACPI device, IDs PNP0f03 (active)
[    0.338645] pnp: PnP ACPI: found 2 devices
[    0.339641] thermal_sys: Registered thermal governor 'fair_share'
[    0.339641] thermal_sys: Registered thermal governor 'bang_bang'
[    0.339642] thermal_sys: Registered thermal governor 'step_wise'
[    0.339643] thermal_sys: Registered thermal governor 'user_space'
[    0.339643] thermal_sys: Registered thermal governor 'power_allocator'
[    0.344173] clocksource: acpi_pm: mask: 0xffffff max_cycles: 0xffffff, max_idle_ns: 2085701024 ns
[    0.344213] pci_bus 0000:00: resource 4 [io  0x0000-0x0cf7 window]
[    0.344214] pci_bus 0000:00: resource 5 [io  0x0d00-0xffff window]
[    0.344215] pci_bus 0000:00: resource 6 [mem 0x000a0000-0x000bffff window]
[    0.344216] pci_bus 0000:00: resource 7 [mem 0x80000000-0xfdffffff window]
[    0.344276] NET: Registered protocol family 2
[    0.344350] IP idents hash table entries: 32768 (order: 6, 262144 bytes, linear)
[    0.344762] MPTCP tokens hash table entries: 8192 (order: 4, 65536 bytes, linear)
[    0.344782] MPTCP request tokens hash table entries: 8192 (order: 4, 65536 bytes, linear)
[    0.344807] default registered
[    0.344807] default registered
[    0.344808] MPTCP: Stable release v0.96
[    0.344813] tcp_listen_portaddr_hash hash table entries: 1024 (order: 2, 16384 bytes, linear)
[    0.344892] TCP established hash table entries: 16384 (order: 5, 131072 bytes, linear)
[    0.344957] TCP bind hash table entries: 16384 (order: 6, 262144 bytes, linear)
[    0.344982] TCP: Hash tables configured (established 16384 bind 16384)
[    0.345705] UDP hash table entries: 1024 (order: 3, 32768 bytes, linear)
[    0.345717] UDP-Lite hash table entries: 1024 (order: 3, 32768 bytes, linear)
[    0.345751] NET: Registered protocol family 1
[    0.345759] NET: Registered protocol family 44
[    0.345779] pci 0000:00:00.0: Limiting direct PCI/PCI transfers
[    0.345795] pci 0000:00:01.0: Activating ISA DMA hang workarounds
[    0.345849] pci 0000:00:02.0: Video device with shadowed ROM at [mem 0x000c0000-0x000dffff]
[    0.345916] PCI: CLS 0 bytes, default 64
[    0.345964] Trying to unpack rootfs image as initramfs...
[    0.528867] Freeing initrd memory: 47868K
[    0.528953] clocksource: tsc: mask: 0xffffffffffffffff max_cycles: 0x1e4530a99b6, max_idle_ns: 440795257976 ns
[    0.528963] clocksource: Switched to clocksource tsc
[    0.529000] platform rtc_cmos: registered platform RTC device (no PNP device found)
[    0.529028] check: Scanning for low memory corruption every 60 seconds
[    0.529335] Initialise system trusted keyrings
[    0.529345] Key type blacklist registered
[    0.529387] workingset: timestamp_bits=36 max_order=19 bucket_order=0
[    0.529762] zbud: loaded
[    0.529762] squashfs: version 4.0 (2009/01/31) Phillip Lougher
[    0.529762] fuse: init (API version 7.31)
[    0.529762] *** VALIDATE fuse ***
[    0.529762] *** VALIDATE fuse ***
[    0.529762] Platform Keyring initialized
[    0.534425] Key type asymmetric registered
[    0.534426] Asymmetric key parser 'x509' registered
[    0.534435] Block layer SCSI generic (bsg) driver version 0.4 loaded (major 244)
[    0.534471] io scheduler mq-deadline registered
[    0.534592] shpchp: Standard Hot Plug PCI Controller Driver version: 0.4
[    0.534783] ACPI: AC Adapter [AC] (on-line)
[    0.534826] input: Power Button as /devices/LNXSYSTM:00/LNXPWRBN:00/input/input0
[    0.534856] ACPI: Power Button [PWRF]
[    0.534948] input: Sleep Button as /devices/LNXSYSTM:00/LNXSLPBN:00/input/input1
[    0.534963] ACPI: Sleep Button [SLPF]
[    0.535205] Serial: 8250/16550 driver, 32 ports, IRQ sharing enabled
[    0.536258] Linux agpgart interface v0.103
[    0.631112] loop: module loaded
[    0.631258] ata_piix 0000:00:01.1: version 2.13
[    0.631660] scsi host0: ata_piix
[    0.631751] scsi host1: ata_piix
[    0.631776] ata1: PATA max UDMA/33 cmd 0x1f0 ctl 0x3f6 bmdma 0xd000 irq 14
[    0.631777] ata2: PATA max UDMA/33 cmd 0x170 ctl 0x376 bmdma 0xd008 irq 15
[    0.631860] tun: Universal TUN/TAP device driver, 1.6
[    0.632167] PPP generic driver version 2.4.2
[    0.632210] VFIO - User Level meta-driver version: 0.3
[    0.632449] ehci_hcd: USB 2.0 'Enhanced' Host Controller (EHCI) Driver
[    0.632455] ehci-pci: EHCI PCI platform driver
[    0.632482] ehci-platform: EHCI generic platform driver
[    0.632488] ohci_hcd: USB 1.1 'Open' Host Controller (OHCI) Driver
[    0.632490] ohci-pci: OHCI PCI platform driver
[    0.632498] ohci-platform: OHCI generic platform driver
[    0.632502] uhci_hcd: USB Universal Host Controller Interface driver
[    0.632566] i8042: PNP: PS/2 Controller [PNP0303:PS2K,PNP0f03:PS2M] at 0x60,0x64 irq 1,12
[    0.633008] serio: i8042 KBD port at 0x60,0x64 irq 1
[    0.633012] serio: i8042 AUX port at 0x60,0x64 irq 12
[    0.633100] mousedev: PS/2 mouse device common for all mice
[    0.633357] input: AT Translated Set 2 keyboard as /devices/platform/i8042/serio0/input/input2
[    0.633758] rtc_cmos rtc_cmos: registered as rtc0
[    0.633771] rtc_cmos rtc_cmos: alarms up to one day, 114 bytes nvram
[    0.633776] i2c /dev entries driver
[    0.633820] device-mapper: uevent: version 1.0.3
[    0.633863] device-mapper: ioctl: 4.41.0-ioctl (2019-09-16) initialised: dm-devel@redhat.com
[    0.633878] platform eisa.0: Probing EISA bus 0
[    0.633880] platform eisa.0: EISA: Cannot allocate resource for mainboard
[    0.633881] platform eisa.0: Cannot allocate resource for EISA slot 1
[    0.633882] platform eisa.0: Cannot allocate resource for EISA slot 2
[    0.633883] platform eisa.0: Cannot allocate resource for EISA slot 3
[    0.633884] platform eisa.0: Cannot allocate resource for EISA slot 4
[    0.633885] platform eisa.0: Cannot allocate resource for EISA slot 5
[    0.633886] platform eisa.0: Cannot allocate resource for EISA slot 6
[    0.633887] platform eisa.0: Cannot allocate resource for EISA slot 7
[    0.633888] platform eisa.0: Cannot allocate resource for EISA slot 8
[    0.633889] platform eisa.0: EISA: Detected 0 cards
[    0.633892] intel_pstate: CPU model not supported
[    0.633900] ledtrig-cpu: registered to indicate activity on CPUs
[    0.633955] drop_monitor: Initializing network drop monitor service
[    0.634114] NET: Registered protocol family 10
[    0.639237] Segment Routing with IPv6
[    0.639260] fullmesh registered
[    0.639260] ndiffports registered
[    0.639260] binder registered
[    0.639260] roundrobin registered
[    0.639260] redundant registered
[    0.639260] blest registered
[    0.639260] ecf registered
[    0.639260] NET: Registered protocol family 17
[    0.639260] Key type dns_resolver registered
[    0.639260] RAS: Correctable Errors collector initialized.
[    0.639260] IPI shorthand broadcast: enabled
[    0.639260] sched_clock: Marking stable (624192060, 11068079)->(641447509, -6187370)
[    0.639482] registered taskstats version 1
[    0.639490] Loading compiled-in X.509 certificates
[    0.640077] Loaded X.509 cert 'Build time autogenerated kernel key: 6909f3744cebb3d0de528d5887b96a727de79b1e'
[    0.640095] zswap: loaded using pool lzo/zbud
[    0.640148] Key type ._fscrypt registered
[    0.640148] Key type .fscrypt registered
[    0.644596] Key type big_key registered
[    0.646806] Key type encrypted registered
[    0.646808] AppArmor: AppArmor sha1 policy hashing enabled
[    0.646816] ima: No TPM chip found, activating TPM-bypass!
[    0.646819] ima: Allocated hash algorithm: sha1
[    0.646824] ima: No architecture policies found
[    0.646833] evm: Initialising EVM extended attributes:
[    0.646834] evm: security.selinux
[    0.646834] evm: security.SMACK64
[    0.646835] evm: security.SMACK64EXEC
[    0.646835] evm: security.SMACK64TRANSMUTE
[    0.646836] evm: security.SMACK64MMAP
[    0.646836] evm: security.apparmor
[    0.646836] evm: security.ima
[    0.646837] evm: security.capability
[    0.646838] evm: HMAC attrs: 0x1
[    0.647132] PM:   Magic number: 10:167:797
[    0.647251] rtc_cmos rtc_cmos: setting system clock to 2026-01-14T18:47:23 UTC (1768416443)
[    0.804361] ata1.00: ATA-6: VBOX HARDDISK, 1.0, max UDMA/133
[    0.804364] ata1.00: 209715200 sectors, multi 128: LBA 
[    0.805041] scsi 0:0:0:0: Direct-Access     ATA      VBOX HARDDISK    1.0  PQ: 0 ANSI: 5
[    0.805333] sd 0:0:0:0: [sda] 209715200 512-byte logical blocks: (107 GB/100 GiB)
[    0.805346] sd 0:0:0:0: [sda] Write Protect is off
[    0.805349] sd 0:0:0:0: [sda] Mode Sense: 00 3a 00 00
[    0.805370] sd 0:0:0:0: [sda] Write cache: enabled, read cache: enabled, doesn't support DPO or FUA
[    0.805690] sd 0:0:0:0: Attached scsi generic sg0 type 0
[    0.807008]  sda: sda1 sda2
[    0.819232] sd 0:0:0:0: [sda] Attached SCSI disk
[    0.821285] Freeing unused decrypted memory: 2040K
[    0.822002] Freeing unused kernel image memory: 2728K
[    0.822004] Write protecting the kernel read-only data: 22528k
[    0.822710] Freeing unused kernel image memory: 2036K
[    0.823120] Freeing unused kernel image memory: 1432K
[    0.838283] x86/mm: Checked W+X mappings: passed, no W+X pages found.
[    0.838287] Run /init as init process
[    0.943847] ACPI: Video Device [GFX0] (multi-head: yes  rom: no  post: no)
[    0.943920] input: Video Bus as /devices/LNXSYSTM:00/LNXSYBUS:00/PNP0A03:00/LNXVIDEO:00/input/input4
[    0.958845] pcnet32: pcnet32.c:v1.35 21.Apr.2008 tsbogend@alpha.franken.de
[    0.960795] piix4_smbus 0000:00:07.0: SMBus Host Controller at 0x4100, revision 0
[    0.963466] e1000: Intel(R) PRO/1000 Network Driver - version 7.3.21-k8-NAPI
[    0.963467] e1000: Copyright (c) 1999-2006 Intel Corporation.
[    0.968102] pcnet32: PCnet/FAST III 79C973 at 0xd020, 08:00:27:1b:bc:6c assigned IRQ 19
[    0.968146] pcnet32: Found PHY 0022:561b at address 0
[    0.968444] pcnet32: eth0: registered as PCnet/FAST III 79C973
[    0.976733] pcnet32: PCnet/FAST III 79C973 at 0xd060, 08:00:27:25:72:4b assigned IRQ 16
[    0.976777] pcnet32: Found PHY 0022:561b at address 0
[    0.977075] pcnet32: eth1: registered as PCnet/FAST III 79C973
[    0.977095] pcnet32: 2 cards_found
[    1.040317] pcnet32 0000:00:03.0 enp0s3: renamed from eth0
[    1.041906] pcnet32 0000:00:08.0 enp0s8: renamed from eth1
[    1.176617] input: ImExPS/2 Generic Explorer Mouse as /devices/platform/i8042/serio1/input/input5
[    1.375482] e1000 0000:00:09.0 eth0: (PCI:33MHz:32-bit) 08:00:27:3e:dd:76
[    1.375487] e1000 0000:00:09.0 eth0: Intel(R) PRO/1000 Network Connection
[    1.376704] e1000 0000:00:09.0 enp0s9: renamed from eth0
[    1.531702] EXT4-fs (sda2): mounted filesystem with ordered data mode. Opts: (null)
[    1.631663] systemd[1]: Inserted module 'autofs4'
[    1.644338] systemd[1]: systemd 245.4-4ubuntu3 running in system mode. (+PAM +AUDIT +SELINUX +IMA +APPARMOR +SMACK +SYSVINIT +UTMP +LIBCRYPTSETUP +GCRYPT +GNUTLS +ACL +XZ +LZ4 +SECCOMP +BLKID +ELFUTILS +KMOD +IDN2 -IDN +PCRE2 default-hierarchy=hybrid)
[    1.644369] systemd[1]: Detected virtualization oracle.
[    1.644372] systemd[1]: Detected architecture x86-64.
[    1.645723] systemd[1]: Set hostname to <ztg>.
[    1.778175] systemd[1]: /lib/systemd/system/dbus.socket:5: ListenStream= references a path below legacy directory /var/run/, updating /var/run/dbus/system_bus_socket â†’ /run/dbus/system_bus_socket; please update the unit file accordingly.
[    1.832658] systemd[1]: Created slice system-modprobe.slice.
[    1.832847] systemd[1]: Created slice User and Session Slice.
[    1.832893] systemd[1]: Started Forward Password Requests to Wall Directory Watch.
[    1.833058] systemd[1]: Set up automount Arbitrary Executable File Formats File System Automount Point.
[    1.833092] systemd[1]: Reached target User and Group Name Lookups.
[    1.833100] systemd[1]: Reached target Remote File Systems.
[    1.833109] systemd[1]: Reached target Slices.
[    1.833704] systemd[1]: Listening on Syslog Socket.
[    1.833773] systemd[1]: Listening on fsck to fsckd communication Socket.
[    1.833812] systemd[1]: Listening on initctl Compatibility Named Pipe.
[    1.833951] systemd[1]: Listening on Journal Audit Socket.
[    1.834007] systemd[1]: Listening on Journal Socket (/dev/log).
[    1.834075] systemd[1]: Listening on Journal Socket.
[    1.834139] systemd[1]: Listening on udev Control Socket.
[    1.834179] systemd[1]: Listening on udev Kernel Socket.
[    1.834961] systemd[1]: Mounting Huge Pages File System...
[    1.835994] systemd[1]: Mounting POSIX Message Queue File System...
[    1.836927] systemd[1]: Mounting Kernel Debug File System...
[    1.837822] systemd[1]: Mounting Kernel Trace File System...
[    1.840417] systemd[1]: Starting Journal Service...
[    1.864927] systemd[1]: Starting Set the console keyboard layout...
[    1.870314] systemd[1]: Starting Create list of static device nodes for the current kernel...
[    1.875461] systemd[1]: Starting Load Kernel Module drm...
[    1.877512] systemd[1]: Condition check resulted in Set Up Additional Binary Formats being skipped.
[    1.877558] systemd[1]: Condition check resulted in File System Check on Root Device being skipped.
[    1.883548] systemd[1]: Starting Load Kernel Modules...
[    1.884347] systemd[1]: Starting Remount Root and Kernel File Systems...
[    1.885167] systemd[1]: Starting udev Coldplug all Devices...
[    1.885970] systemd[1]: Starting Uncomplicated firewall...
[    1.887577] systemd[1]: Mounted Huge Pages File System.
[    1.887666] systemd[1]: Mounted POSIX Message Queue File System.
[    1.887740] systemd[1]: Mounted Kernel Debug File System.
[    1.887810] systemd[1]: Mounted Kernel Trace File System.
[    1.942767] systemd[1]: Finished Create list of static device nodes for the current kernel.
[    1.948449] systemd[1]: Finished Uncomplicated firewall.
[    1.948707] systemd[1]: modprobe@drm.service: Succeeded.
[    1.949172] systemd[1]: Finished Load Kernel Module drm.
[    1.950475] EXT4-fs (sda2): re-mounted. Opts: errors=remount-ro
[    1.954303] systemd[1]: Finished Remount Root and Kernel File Systems.
[    1.954959] systemd[1]: Condition check resulted in Rebuild Hardware Database being skipped.
[    1.954989] systemd[1]: Condition check resulted in Platform Persistent Storage Archival being skipped.
[    1.962365] systemd[1]: Starting Load/Save Random Seed...
[    1.968918] systemd[1]: Starting Create System Users...
[    1.995836] systemd[1]: Finished Load/Save Random Seed.
[    1.998600] systemd[1]: Finished Create System Users.
[    2.000283] systemd[1]: Starting Create Static Device Nodes in /dev...
[    2.020652] lp: driver loaded but no devices found
[    2.026157] ppdev: user-space parallel port driver
[    2.033060] systemd[1]: Finished Create Static Device Nodes in /dev.
[    2.033886] systemd[1]: Starting udev Kernel Device Manager...
[    2.091515] systemd[1]: Finished udev Coldplug all Devices.
[    2.106169] [drm] DMA map mode: Caching DMA mappings.
[    2.106232] [drm] Capabilities:
[    2.106232] [drm]   Rect copy.
[    2.106233] [drm]   Cursor.
[    2.106233] [drm]   Cursor bypass.
[    2.106234] [drm]   Cursor bypass 2.
[    2.106234] [drm]   Alpha cursor.
[    2.106234] [drm]   Extended Fifo.
[    2.106235] [drm]   Pitchlock.
[    2.106235] [drm]   Irq mask.
[    2.106235] [drm]   GMR.
[    2.106236] [drm]   Traces.
[    2.106236] [drm]   GMR2.
[    2.106236] [drm]   Screen Object 2.
[    2.106237] [drm]   Command Buffers.
[    2.106237] [drm]   Command Buffers 2.
[    2.106237] [drm]   Guest Backed Resources.
[    2.106238] [drm] Max GMR ids is 8192
[    2.106239] [drm] Max number of GMR pages is 1048576
[    2.106240] [drm] Max dedicated hypervisor surface memory is 393216 kiB
[    2.106240] [drm] Maximum display memory size is 131072 kiB
[    2.106241] [drm] VRAM at 0xe0000000 size is 131072 kiB
[    2.106241] [drm] MMIO at 0xf0000000 size is 2048 kiB
[    2.106885] [TTM] Zone  kernel: Available graphics memory: 1011738 KiB
[    2.106907] [TTM] Initializing pool allocator
[    2.106911] [TTM] Initializing DMA pool allocator
[    2.106943] [drm] Supports vblank timestamp caching Rev 2 (21.10.2013).
[    2.106943] [drm] No driver support for vblank timestamp query.
[    2.107549] [drm] Screen Target Display device initialized
[    2.107842] [drm] width 720
[    2.107851] [drm] height 400
[    2.107855] [drm] bpp 32
[    2.108404] [drm] Fifo max 0x00200000 min 0x00001000 cap 0x00000355
[    2.110083] [drm] Using command buffers with DMA pool.
[    2.110088] [drm] DX: no.
[    2.110088] [drm] Atomic: yes.
[    2.110089] [drm] SM4_1: no.
[    2.110112] [drm:vmw_host_log [vmwgfx]] *ERROR* Failed to send host log message.
[    2.111032] [drm:vmw_host_log [vmwgfx]] *ERROR* Failed to send host log message.
[    2.155816] fbcon: svgadrmfb (fb0) is primary device
[    2.158443] Console: switching to colour frame buffer device 100x37
[    2.165927] systemd[1]: Finished Set the console keyboard layout.
[    2.166051] systemd[1]: Reached target Local File Systems (Pre).
[    2.166407] [drm] Initialized vmwgfx 2.15.0 20180704 for 0000:00:02.0 on minor 0
[    2.168494] systemd[1]: Mounting Mount unit for bare, revision 5...
[    2.171211] systemd[1]: Mounting Mount unit for core18, revision 1705...
[    2.176086] systemd[1]: Mounting Mount unit for gnome-3-34-1804, revision 24...
[    2.187381] systemd[1]: Mounting Mount unit for gtk-common-themes, revision 1506...
[    2.195397] systemd[1]: Mounting Mount unit for gtk-common-themes, revision 1535...
[    2.205918] systemd[1]: Mounting Mount unit for snap-store, revision 433...
[    2.233543] systemd[1]: Mounting Mount unit for snapd, revision 7264...
[    2.237816] systemd[1]: Finished Load Kernel Modules.
[    2.244399] systemd[1]: Mounting FUSE Control File System...
[    2.252207] systemd[1]: Mounting Kernel Configuration File System...
[    2.255767] systemd[1]: Starting Apply Kernel Variables...
[    2.266721] systemd[1]: Started udev Kernel Device Manager.
[    2.266846] systemd[1]: Mounted Mount unit for bare, revision 5.
[    2.266941] systemd[1]: Mounted Mount unit for gnome-3-34-1804, revision 24.
[    2.267029] systemd[1]: Mounted FUSE Control File System.
[    2.267096] systemd[1]: Condition check resulted in VMware vmblock fuse mount being skipped.
[    2.299429] systemd[1]: Starting Show Plymouth Boot Screen...
[    2.300640] systemd[1]: Mounted Kernel Configuration File System.
[    2.301208] systemd[1]: Received SIGRTMIN+20 from PID 283 (plymouthd).
[    2.309415] systemd[1]: Finished Apply Kernel Variables.
[    2.317974] systemd[1]: Mounted Mount unit for gtk-common-themes, revision 1506.
[    2.331096] systemd[1]: Started Show Plymouth Boot Screen.
[    2.331230] systemd[1]: Condition check resulted in Dispatch Password Requests to Console Directory Watch being skipped.
[    2.331309] systemd[1]: Started Forward Password Requests to Plymouth Directory Watch.
[    2.331338] systemd[1]: Reached target Local Encrypted Volumes.
[    2.349796] systemd[1]: Mounted Mount unit for core18, revision 1705.
[    2.350023] systemd[1]: Mounted Mount unit for gtk-common-themes, revision 1535.
[    2.350210] systemd[1]: Mounted Mount unit for snap-store, revision 433.
[    2.350386] systemd[1]: Mounted Mount unit for snapd, revision 7264.
[    2.350540] systemd[1]: Reached target Local File Systems.
[    2.352930] systemd[1]: Starting Load AppArmor profiles...
[    2.353852] systemd[1]: Starting Set console font and keymap...
[    2.368662] systemd[1]: Starting Tell Plymouth To Write Out Runtime Data...
[    2.370103] systemd[1]: Condition check resulted in Store a System Token in an EFI Variable being skipped.
[    2.370147] systemd[1]: Condition check resulted in Commit a transient machine-id on disk being skipped.
[    2.372597] systemd[1]: Finished Set console font and keymap.
[    2.382102] systemd[1]: Received SIGRTMIN+20 from PID 283 (plymouthd).
[    2.383686] systemd[1]: plymouth-read-write.service: Succeeded.
[    2.383915] systemd[1]: Finished Tell Plymouth To Write Out Runtime Data.
[    2.404211] audit: type=1400 audit(1768416445.256:2): apparmor="STATUS" operation="profile_load" profile="unconfined" name="nvidia_modprobe" pid=302 comm="apparmor_parser"
[    2.404214] audit: type=1400 audit(1768416445.256:3): apparmor="STATUS" operation="profile_load" profile="unconfined" name="nvidia_modprobe//kmod" pid=302 comm="apparmor_parser"
[    2.415813] audit: type=1400 audit(1768416445.264:4): apparmor="STATUS" operation="profile_load" profile="unconfined" name="/usr/sbin/tcpdump" pid=303 comm="apparmor_parser"
[    2.463373] audit: type=1400 audit(1768416445.308:5): apparmor="STATUS" operation="profile_load" profile="unconfined" name="/usr/bin/evince" pid=305 comm="apparmor_parser"
[    2.463375] audit: type=1400 audit(1768416445.308:6): apparmor="STATUS" operation="profile_load" profile="unconfined" name="/usr/bin/evince//sanitized_helper" pid=305 comm="apparmor_parser"
[    2.463376] audit: type=1400 audit(1768416445.308:7): apparmor="STATUS" operation="profile_load" profile="unconfined" name="/usr/bin/evince-previewer" pid=305 comm="apparmor_parser"
[    2.463378] audit: type=1400 audit(1768416445.308:8): apparmor="STATUS" operation="profile_load" profile="unconfined" name="/usr/bin/evince-previewer//sanitized_helper" pid=305 comm="apparmor_parser"
[    2.463379] audit: type=1400 audit(1768416445.308:9): apparmor="STATUS" operation="profile_load" profile="unconfined" name="/usr/bin/evince-thumbnailer" pid=305 comm="apparmor_parser"
[    2.478217] audit: type=1400 audit(1768416445.328:10): apparmor="STATUS" operation="profile_load" profile="unconfined" name="/usr/lib/cups/backend/cups-pdf" pid=306 comm="apparmor_parser"
[    2.560444] systemd[1]: Finished Load AppArmor profiles.
[    2.561543] systemd[1]: Starting Load AppArmor profiles managed internally by snapd...
[    2.628270] systemd[1]: Finished Load AppArmor profiles managed internally by snapd.
[    2.849524] systemd[1]: Started Journal Service.
[    2.859018] systemd-journald[229]: Received client request to flush runtime journal.
[    2.861912] systemd-journald[229]: File /var/log/journal/c455b248004a419c87ce85eea238d727/system.journal corrupted or uncleanly shut down, renaming and replacing.
[    4.209943] RAPL PMU: API unit is 2^-32 Joules, 0 fixed counters, 10737418240 ms ovfl timer
[    4.255583] cryptd: max_cpu_qlen set to 1000
[    4.320831] AVX2 version of gcm_enc/dec engaged.
[    4.320832] AES CTR mode by8 optimization enabled
[    5.159795] Adding 1998844k swap on /dev/sda1.  Priority:-2 extents:1 across:1998844k FS
[    6.302912] kauditd_printk_skb: 30 callbacks suppressed
[    6.302914] audit: type=1400 audit(1768416449.148:41): apparmor="DENIED" operation="capable" profile="/usr/sbin/cups-browsed" pid=499 comm="cups-browsed" capability=23  capname="sys_nice"
[    7.293678] pcnet32 0000:00:03.0 enp0s3: link up, 100Mbps, full-duplex
[    7.308382] pcnet32 0000:00:08.0 enp0s8: link up, 100Mbps, full-duplex
[    7.336768] e1000: enp0s9 NIC Link is Up 1000 Mbps Full Duplex, Flow Control: RX
[    7.337060] IPv6: ADDRCONF(NETDEV_CHANGE): enp0s9: link becomes ready
[    7.793302] device enp0s3 entered promiscuous mode
[    7.813747] device enp0s8 entered promiscuous mode
[    7.831702] audit: type=1400 audit(1768416450.680:42): apparmor="DENIED" operation="open" profile="/usr/sbin/tcpdump" name="/proc/sys/kernel/random/boot_id" pid=643 comm="tcpdump" requested_mask="r" denied_mask="r" fsuid=0 ouid=0
[    7.831913] audit: type=1400 audit(1768416450.680:43): apparmor="DENIED" operation="open" profile="/usr/sbin/tcpdump" name="/proc/sys/kernel/random/boot_id" pid=643 comm="tcpdump" requested_mask="r" denied_mask="r" fsuid=0 ouid=0
[    7.831964] audit: type=1400 audit(1768416450.680:44): apparmor="DENIED" operation="open" profile="/usr/sbin/tcpdump" name="/proc/sys/kernel/random/boot_id" pid=643 comm="tcpdump" requested_mask="r" denied_mask="r" fsuid=0 ouid=0
[    7.832322] audit: type=1400 audit(1768416450.680:45): apparmor="DENIED" operation="open" profile="/usr/sbin/tcpdump" name="/proc/sys/kernel/random/boot_id" pid=643 comm="tcpdump" requested_mask="r" denied_mask="r" fsuid=0 ouid=0
[    7.832707] audit: type=1400 audit(1768416450.680:46): apparmor="DENIED" operation="open" profile="/usr/sbin/tcpdump" name="/proc/sys/kernel/random/boot_id" pid=644 comm="tcpdump" requested_mask="r" denied_mask="r" fsuid=0 ouid=0
[    7.834768] audit: type=1400 audit(1768416450.680:47): apparmor="DENIED" operation="open" profile="/usr/sbin/tcpdump" name="/proc/sys/kernel/random/boot_id" pid=644 comm="tcpdump" requested_mask="r" denied_mask="r" fsuid=0 ouid=0
[    7.834885] audit: type=1400 audit(1768416450.680:48): apparmor="DENIED" operation="open" profile="/usr/sbin/tcpdump" name="/proc/sys/kernel/random/boot_id" pid=644 comm="tcpdump" requested_mask="r" denied_mask="r" fsuid=0 ouid=0
[    7.834989] audit: type=1400 audit(1768416450.680:49): apparmor="DENIED" operation="open" profile="/usr/sbin/tcpdump" name="/proc/sys/kernel/random/boot_id" pid=644 comm="tcpdump" requested_mask="r" denied_mask="r" fsuid=0 ouid=0
[    7.835158] audit: type=1400 audit(1768416450.680:50): apparmor="DENIED" operation="open" profile="/usr/sbin/tcpdump" name="/proc/sys/kernel/random/boot_id" pid=645 comm="tcpdump" requested_mask="r" denied_mask="r" fsuid=0 ouid=0
[   12.479725] rfkill: input handler disabled
[  255.431921] AAAAA-TCP_FORW: name:enp0s8: saddr:100932208: daddr:16783984
[  256.508885] AAAAA-TCP_FORW: name:enp0s3: saddr:16783984: daddr:100932208
[  257.027876] AAAAA-TCP_FORW: name:enp0s3: saddr:16783984: daddr:100932208
[  257.271981] AAAAA-TCP_FORW: name:enp0s3: saddr:16783984: daddr:100932208
[  257.272021] AAAAA-TCP_FORW: name:enp0s3: saddr:16783984: daddr:100932208
[  260.678161] AAAAA-TCP_FORW: name:enp0s8: saddr:100932208: daddr:16783984
[  260.697889] AAAAA-TCP_FORW: name:enp0s8: saddr:100932208: daddr:16783984
[  260.864713] AAAAA-TCP_FORW: name:enp0s8: saddr:100932208: daddr:16783984
[  260.927864] AAAAA-TCP_FORW: name:enp0s8: saddr:100932208: daddr:16783984
[  279.037708] AAAAA-TCP_FORW: name:enp0s3: saddr:33561200: daddr:100932208
[  279.121633] AAAAA-TCP_FORW: name:enp0s3: saddr:16783984: daddr:100932208
[  279.340466] AAAAA-TCP_FORW: name:enp0s3: saddr:16783984: daddr:100932208
[  279.533860] AAAAA-TCP_FORW: name:enp0s3: saddr:16783984: daddr:100932208
[  279.668263] AAAAA-TCP_FORW: name:enp0s3: saddr:16783984: daddr:100932208
[  279.760552] AAAAA-TCP_FORW: name:enp0s3: saddr:16783984: daddr:100932208
[  279.925952] AAAAA-TCP_FORW: name:enp0s3: saddr:16783984: daddr:100932208
[  280.027103] AAAAA-TCP_FORW: name:enp0s3: saddr:16783984: daddr:100932208
[  280.136302] AAAAA-TCP_FORW: name:enp0s3: saddr:16783984: daddr:100932208
[  280.295901] AAAAA-TCP_FORW: name:enp0s3: saddr:16783984: daddr:100932208
[  280.429792] AAAAA-TCP_FORW: name:enp0s3: saddr:16783984: daddr:100932208
[  507.604926] rfkill: input handler enabled
[  517.285883] rfkill: input handler disabled
[  684.735933] device enp0s3 left promiscuous mode
[  684.738391] device enp0s8 left promiscuous mode
