[    0.000000] Linux version 5.4.243-mptcp (root@ztg) (gcc version 12.2.0 (Debian 12.2.0-14+deb12u1)) #53 SMP Wed Dec 24 23:28:15 CST 2025
[    0.000000] Command line: BOOT_IMAGE=/boot/vmlinuz-5.4.243-mptcp root=UUID=98415a12-53b7-4144-8265-0f7ece09e445 ro quiet splash
[    0.000000] KERNEL supported cpus:
[    0.000000]   Intel GenuineIntel
[    0.000000]   AMD AuthenticAMD
[    0.000000]   Hygon HygonGenuine
[    0.000000]   Centaur CentaurHauls
[    0.000000]   zhaoxin   Shanghai  
[    0.000000] x86/fpu: Supporting XSAVE feature 0x001: 'x87 floating point registers'
[    0.000000] x86/fpu: Supporting XSAVE feature 0x002: 'SSE registers'
[    0.000000] x86/fpu: Supporting XSAVE feature 0x004: 'AVX registers'
[    0.000000] x86/fpu: xstate_offset[2]:  576, xstate_sizes[2]:  256
[    0.000000] x86/fpu: Enabled xstate features 0x7, context size is 832 bytes, using 'standard' format.
[    0.000000] BIOS-provided physical RAM map:
[    0.000000] BIOS-e820: [mem 0x0000000000000000-0x000000000009fbff] usable
[    0.000000] BIOS-e820: [mem 0x000000000009fc00-0x000000000009ffff] reserved
[    0.000000] BIOS-e820: [mem 0x00000000000f0000-0x00000000000fffff] reserved
[    0.000000] BIOS-e820: [mem 0x0000000000100000-0x000000007ffeffff] usable
[    0.000000] BIOS-e820: [mem 0x000000007fff0000-0x000000007fffffff] ACPI data
[    0.000000] BIOS-e820: [mem 0x00000000fec00000-0x00000000fec00fff] reserved
[    0.000000] BIOS-e820: [mem 0x00000000fee00000-0x00000000fee00fff] reserved
[    0.000000] BIOS-e820: [mem 0x00000000fffc0000-0x00000000ffffffff] reserved
[    0.000000] NX (Execute Disable) protection: active
[    0.000000] SMBIOS 2.5 present.
[    0.000000] DMI: innotek GmbH VirtualBox/VirtualBox, BIOS VirtualBox 12/01/2006
[    0.000000] Hypervisor detected: KVM
[    0.000000] kvm-clock: Using msrs 4b564d01 and 4b564d00
[    0.000000] kvm-clock: cpu 0, msr 46a01001, primary cpu clock
[    0.000000] kvm-clock: using sched offset of 4408308720 cycles
[    0.000003] clocksource: kvm-clock: mask: 0xffffffffffffffff max_cycles: 0x1cd42e4dffb, max_idle_ns: 881590591483 ns
[    0.000006] tsc: Detected 2100.000 MHz processor
[    0.001866] e820: update [mem 0x00000000-0x00000fff] usable ==> reserved
[    0.001868] e820: remove [mem 0x000a0000-0x000fffff] usable
[    0.001872] last_pfn = 0x7fff0 max_arch_pfn = 0x400000000
[    0.001939] MTRR default type: uncachable
[    0.001940] MTRR fixed ranges enabled:
[    0.001941]   00000-9FFFF write-back
[    0.001942]   A0000-BFFFF uncachable
[    0.001943]   C0000-FFFFF write-protect
[    0.001943] MTRR variable ranges enabled:
[    0.001945]   0 base 000000000000 mask 3FFF80000000 write-back
[    0.001945]   1 disabled
[    0.001946]   2 disabled
[    0.001946]   3 disabled
[    0.001947]   4 disabled
[    0.001947]   5 disabled
[    0.001947]   6 disabled
[    0.001948]   7 disabled
[    0.001948]   8 disabled
[    0.001949]   9 disabled
[    0.001949]   10 disabled
[    0.001950]   11 disabled
[    0.001950]   12 disabled
[    0.001950]   13 disabled
[    0.001951]   14 disabled
[    0.001951]   15 disabled
[    0.001968] x86/PAT: Configuration [0-7]: WB  WC  UC- UC  WB  WP  UC- WT  
[    0.002101] found SMP MP-table at [mem 0x0009fff0-0x0009ffff]
[    0.089788] check: Scanning 1 areas for low memory corruption
[    0.089952] RAMDISK: [mem 0x32271000-0x3512ffff]
[    0.089961] ACPI: Early table checksum verification disabled
[    0.089966] ACPI: RSDP 0x00000000000E0000 000024 (v02 VBOX  )
[    0.089971] ACPI: XSDT 0x000000007FFF0030 00003C (v01 VBOX   VBOXXSDT 00000001 ASL  00000061)
[    0.089978] ACPI: FACP 0x000000007FFF00F0 0000F4 (v04 VBOX   VBOXFACP 00000001 ASL  00000061)
[    0.089984] ACPI: DSDT 0x000000007FFF02E0 002353 (v02 VBOX   VBOXBIOS 00000002 VBOX 00029BF3)
[    0.089989] ACPI: FACS 0x000000007FFF0200 000040
[    0.089992] ACPI: FACS 0x000000007FFF0200 000040
[    0.089995] ACPI: APIC 0x000000007FFF0240 000054 (v02 VBOX   VBOXAPIC 00000001 ASL  00000061)
[    0.089999] ACPI: SSDT 0x000000007FFF02A0 000038 (v01 VBOX   VBOXCPUT 00000002 VBOX 00029BF3)
[    0.090002] ACPI: Reserving FACP table memory at [mem 0x7fff00f0-0x7fff01e3]
[    0.090003] ACPI: Reserving DSDT table memory at [mem 0x7fff02e0-0x7fff2632]
[    0.090004] ACPI: Reserving FACS table memory at [mem 0x7fff0200-0x7fff023f]
[    0.090004] ACPI: Reserving FACS table memory at [mem 0x7fff0200-0x7fff023f]
[    0.090005] ACPI: Reserving APIC table memory at [mem 0x7fff0240-0x7fff0293]
[    0.090006] ACPI: Reserving SSDT table memory at [mem 0x7fff02a0-0x7fff02d7]
[    0.090020] ACPI: Local APIC address 0xfee00000
[    0.090210] No NUMA configuration found
[    0.090211] Faking a node at [mem 0x0000000000000000-0x000000007ffeffff]
[    0.090222] NODE_DATA(0) allocated [mem 0x7ffc5000-0x7ffeffff]
[    0.090484] Zone ranges:
[    0.090485]   DMA      [mem 0x0000000000001000-0x0000000000ffffff]
[    0.090486]   DMA32    [mem 0x0000000001000000-0x000000007ffeffff]
[    0.090487]   Normal   empty
[    0.090487]   Device   empty
[    0.090488] Movable zone start for each node
[    0.090490] Early memory node ranges
[    0.090491]   node   0: [mem 0x0000000000001000-0x000000000009efff]
[    0.090492]   node   0: [mem 0x0000000000100000-0x000000007ffeffff]
[    0.090495] Zeroed struct page in unavailable ranges: 114 pages
[    0.090496] Initmem setup node 0 [mem 0x0000000000001000-0x000000007ffeffff]
[    0.090497] On node 0 totalpages: 524174
[    0.090498]   DMA zone: 64 pages used for memmap
[    0.090499]   DMA zone: 21 pages reserved
[    0.090500]   DMA zone: 3998 pages, LIFO batch:0
[    0.090572]   DMA32 zone: 8128 pages used for memmap
[    0.090573]   DMA32 zone: 520176 pages, LIFO batch:63
[    0.099532] ACPI: PM-Timer IO Port: 0x4008
[    0.099536] ACPI: Local APIC address 0xfee00000
[    0.099609] IOAPIC[0]: apic_id 1, version 32, address 0xfec00000, GSI 0-23
[    0.099612] ACPI: INT_SRC_OVR (bus 0 bus_irq 0 global_irq 2 dfl dfl)
[    0.099614] ACPI: INT_SRC_OVR (bus 0 bus_irq 9 global_irq 9 low level)
[    0.099616] ACPI: IRQ0 used by override.
[    0.099617] ACPI: IRQ9 used by override.
[    0.099620] Using ACPI (MADT) for SMP configuration information
[    0.099627] smpboot: Allowing 1 CPUs, 0 hotplug CPUs
[    0.099650] PM: Registered nosave memory: [mem 0x00000000-0x00000fff]
[    0.099651] PM: Registered nosave memory: [mem 0x0009f000-0x0009ffff]
[    0.099652] PM: Registered nosave memory: [mem 0x000a0000-0x000effff]
[    0.099652] PM: Registered nosave memory: [mem 0x000f0000-0x000fffff]
[    0.099654] [mem 0x80000000-0xfebfffff] available for PCI devices
[    0.099655] Booting paravirtualized kernel on KVM
[    0.099659] clocksource: refined-jiffies: mask: 0xffffffff max_cycles: 0xffffffff, max_idle_ns: 7645519600211568 ns
[    0.099663] setup_percpu: NR_CPUS:8192 nr_cpumask_bits:1 nr_cpu_ids:1 nr_node_ids:1
[    0.100657] percpu: Embedded 60 pages/cpu s208896 r8192 d28672 u2097152
[    0.100661] pcpu-alloc: s208896 r8192 d28672 u2097152 alloc=1*2097152
[    0.100662] pcpu-alloc: [0] 0 
[    0.100688] Built 1 zonelists, mobility grouping on.  Total pages: 515961
[    0.100689] Policy zone: DMA32
[    0.100690] Kernel command line: BOOT_IMAGE=/boot/vmlinuz-5.4.243-mptcp root=UUID=98415a12-53b7-4144-8265-0f7ece09e445 ro quiet splash
[    0.101533] Dentry cache hash table entries: 262144 (order: 9, 2097152 bytes, linear)
[    0.101680] Inode-cache hash table entries: 131072 (order: 8, 1048576 bytes, linear)
[    0.101731] mem auto-init: stack:off, heap alloc:on, heap free:off
[    0.101734] Calgary: detecting Calgary via BIOS EBDA area
[    0.101735] Calgary: Unable to locate Rio Grande table in EBDA - bailing!
[    0.105743] Memory: 1967332K/2096696K available (14339K kernel code, 2398K rwdata, 4712K rodata, 2728K init, 17260K bss, 129364K reserved, 0K cma-reserved)
[    0.106648] SLUB: HWalign=64, Order=0-3, MinObjects=0, CPUs=1, Nodes=1
[    0.106665] ftrace: allocating 43186 entries in 169 pages
[    0.124737] rcu: Hierarchical RCU implementation.
[    0.124739] rcu: 	RCU restricting CPUs from NR_CPUS=8192 to nr_cpu_ids=1.
[    0.124740] 	Tasks RCU enabled.
[    0.124741] rcu: RCU calculated value of scheduler-enlistment delay is 25 jiffies.
[    0.124742] rcu: Adjusting geometry for rcu_fanout_leaf=16, nr_cpu_ids=1
[    0.127711] NR_IRQS: 524544, nr_irqs: 256, preallocated irqs: 16
[    0.127932] random: crng init done
[    0.137278] Console: colour VGA+ 80x25
[    0.137282] printk: console [tty0] enabled
[    0.137302] ACPI: Core revision 20190816
[    0.137395] APIC: Switch to symmetric I/O mode setup
[    0.137654] x2apic enabled
[    0.137893] Switched APIC routing to physical x2apic.
[    0.139033] ..TIMER: vector=0x30 apic1=0 pin1=2 apic2=-1 pin2=-1
[    0.139060] clocksource: tsc-early: mask: 0xffffffffffffffff max_cycles: 0x1e4530a99b6, max_idle_ns: 440795257976 ns
[    0.139065] Calibrating delay loop (skipped) preset value.. 4200.00 BogoMIPS (lpj=8400000)
[    0.139067] pid_max: default: 32768 minimum: 301
[    0.139095] LSM: Security Framework initializing
[    0.139105] Yama: becoming mindful.
[    0.139130] AppArmor: AppArmor initialized
[    0.139163] Mount-cache hash table entries: 4096 (order: 3, 32768 bytes, linear)
[    0.139167] Mountpoint-cache hash table entries: 4096 (order: 3, 32768 bytes, linear)
[    0.139178] *** VALIDATE tmpfs ***
[    0.139306] *** VALIDATE proc ***
[    0.139348] *** VALIDATE cgroup1 ***
[    0.139349] *** VALIDATE cgroup2 ***
[    0.139492] process: using mwait in idle threads
[    0.139496] Last level iTLB entries: 4KB 64, 2MB 8, 4MB 8
[    0.139497] Last level dTLB entries: 4KB 64, 2MB 0, 4MB 0, 1GB 4
[    0.139517] Spectre V1 : Mitigation: usercopy/swapgs barriers and __user pointer sanitization
[    0.139523] Spectre V2 : Mitigation: Retpolines
[    0.139523] Spectre V2 : Spectre v2 / SpectreRSB mitigation: Filling RSB on context switch
[    0.139524] Spectre V2 : Spectre v2 / SpectreRSB : Filling RSB on VMEXIT
[    0.139524] RETBleed: WARNING: Spectre v2 mitigation leaves CPU vulnerable to RETBleed attacks, data leaks possible!
[    0.139877] RETBleed: Vulnerable
[    0.139878] Speculative Store Bypass: Vulnerable
[    0.139882] TAA: Mitigation: TSX disabled
[    0.139883] MMIO Stale Data: Mitigation: Clear CPU buffers
[    0.144120] Freeing SMP alternatives memory: 40K
[    0.256439] smpboot: CPU0: Intel(R) Xeon(R) Silver 4216 CPU @ 2.10GHz (family: 0x6, model: 0x55, stepping: 0x7)
[    0.256573] Performance Events: unsupported p6 CPU model 85 no PMU driver, software events only.
[    0.256612] rcu: Hierarchical SRCU implementation.
[    0.257091] NMI watchdog: Perf NMI watchdog permanently disabled
[    0.257135] smp: Bringing up secondary CPUs ...
[    0.257136] smp: Brought up 1 node, 1 CPU
[    0.257137] smpboot: Max logical packages: 1
[    0.257139] smpboot: Total of 1 processors activated (4200.00 BogoMIPS)
[    0.258126] devtmpfs: initialized
[    0.258175] x86/mm: Memory block size: 128MB
[    0.258528] clocksource: jiffies: mask: 0xffffffff max_cycles: 0xffffffff, max_idle_ns: 7645041785100000 ns
[    0.258535] futex hash table entries: 256 (order: 2, 16384 bytes, linear)
[    0.258581] pinctrl core: initialized pinctrl subsystem
[    0.258686] PM: RTC time: 20:46:07, date: 2026-01-14
[    0.258795] NET: Registered protocol family 16
[    0.258870] audit: initializing netlink subsys (disabled)
[    0.259011] EISA bus registered
[    0.259013] cpuidle: using governor ladder
[    0.259014] cpuidle: using governor menu
[    0.259050] ACPI: bus type PCI registered
[    0.259052] acpiphp: ACPI Hot Plug PCI Controller Driver version: 0.5
[    0.259062] PCI: Using configuration type 1 for base access
[    0.259472] audit: type=2000 audit(1768394773.658:1): state=initialized audit_enabled=0 res=1
[    0.259554] HugeTLB registered 2.00 MiB page size, pre-allocated 0 pages
[    0.260374] ACPI: Added _OSI(Module Device)
[    0.260375] ACPI: Added _OSI(Processor Device)
[    0.260375] ACPI: Added _OSI(3.0 _SCP Extensions)
[    0.260376] ACPI: Added _OSI(Processor Aggregator Device)
[    0.260377] ACPI: Added _OSI(Linux-Dell-Video)
[    0.260378] ACPI: Added _OSI(Linux-Lenovo-NV-HDMI-Audio)
[    0.260379] ACPI: Added _OSI(Linux-HPI-Hybrid-Graphics)
[    0.262382] ACPI: 2 ACPI AML tables successfully acquired and loaded
[    0.263943] ACPI: Interpreter enabled
[    0.263952] ACPI: (supports S0 S5)
[    0.263954] ACPI: Using IOAPIC for interrupt routing
[    0.264194] PCI: Using host bridge windows from ACPI; if necessary, use "pci=nocrs" and report a bug
[    0.264305] ACPI: Enabled 2 GPEs in block 00 to 07
[    0.269377] ACPI: PCI Root Bridge [PCI0] (domain 0000 [bus 00-ff])
[    0.269382] acpi PNP0A03:00: _OSC: OS supports [ASPM ClockPM Segments MSI HPX-Type3]
[    0.269840] acpi PNP0A03:00: _OSC: not requesting OS control; OS requires [ExtendedConfig ASPM ClockPM MSI]
[    0.269849] acpi PNP0A03:00: fail to add MMCONFIG information, can't access extended PCI configuration space under this bridge.
[    0.270217] PCI host bridge to bus 0000:00
[    0.270220] pci_bus 0000:00: root bus resource [io  0x0000-0x0cf7 window]
[    0.270221] pci_bus 0000:00: root bus resource [io  0x0d00-0xffff window]
[    0.270222] pci_bus 0000:00: root bus resource [mem 0x000a0000-0x000bffff window]
[    0.270223] pci_bus 0000:00: root bus resource [mem 0x80000000-0xfdffffff window]
[    0.270224] pci_bus 0000:00: root bus resource [bus 00-ff]
[    0.270265] pci 0000:00:00.0: [8086:1237] type 00 class 0x060000
[    0.271150] pci 0000:00:01.0: [8086:7000] type 00 class 0x060100
[    0.271889] pci 0000:00:01.1: [8086:7111] type 00 class 0x01018a
[    0.272258] pci 0000:00:01.1: reg 0x20: [io  0xd000-0xd00f]
[    0.272411] pci 0000:00:01.1: legacy IDE quirk: reg 0x10: [io  0x01f0-0x01f7]
[    0.272412] pci 0000:00:01.1: legacy IDE quirk: reg 0x14: [io  0x03f6]
[    0.272413] pci 0000:00:01.1: legacy IDE quirk: reg 0x18: [io  0x0170-0x0177]
[    0.272413] pci 0000:00:01.1: legacy IDE quirk: reg 0x1c: [io  0x0376]
[    0.272946] pci 0000:00:02.0: [15ad:0405] type 00 class 0x030000
[    0.275140] pci 0000:00:02.0: reg 0x10: [io  0xd010-0xd01f]
[    0.279108] pci 0000:00:02.0: reg 0x14: [mem 0xe0000000-0xe7ffffff pref]
[    0.281916] pci 0000:00:02.0: reg 0x18: [mem 0xf0000000-0xf01fffff]
[    0.291904] pci 0000:00:03.0: [1022:2000] type 00 class 0x020000
[    0.292688] pci 0000:00:03.0: reg 0x10: [io  0xd020-0xd03f]
[    0.293357] pci 0000:00:03.0: reg 0x14: [mem 0xf0200000-0xf0200fff]
[    0.298308] pci 0000:00:04.0: [80ee:cafe] type 00 class 0x088000
[    0.299056] pci 0000:00:04.0: reg 0x10: [io  0xd040-0xd05f]
[    0.299739] pci 0000:00:04.0: reg 0x14: [mem 0xf0400000-0xf07fffff]
[    0.300364] pci 0000:00:04.0: reg 0x18: [mem 0xf0800000-0xf0803fff pref]
[    0.303353] pci 0000:00:07.0: [8086:7113] type 00 class 0x068000
[    0.303910] pci 0000:00:07.0: quirk: [io  0x4000-0x403f] claimed by PIIX4 ACPI
[    0.303919] pci 0000:00:07.0: quirk: [io  0x4100-0x410f] claimed by PIIX4 SMB
[    0.304544] pci 0000:00:08.0: [8086:100e] type 00 class 0x020000
[    0.305282] pci 0000:00:08.0: reg 0x10: [mem 0xf0820000-0xf083ffff]
[    0.307177] pci 0000:00:08.0: reg 0x18: [io  0xd060-0xd067]
[    0.310397] pci 0000:00:09.0: [8086:100e] type 00 class 0x020000
[    0.311176] pci 0000:00:09.0: reg 0x10: [mem 0xf0840000-0xf085ffff]
[    0.312318] pci 0000:00:09.0: reg 0x18: [io  0xd068-0xd06f]
[    0.323452] ACPI: PCI Interrupt Link [LNKA] (IRQs 5 9 10 *11)
[    0.323733] ACPI: PCI Interrupt Link [LNKB] (IRQs 5 9 *10 11)
[    0.323836] ACPI: PCI Interrupt Link [LNKC] (IRQs 5 *9 10 11)
[    0.323936] ACPI: PCI Interrupt Link [LNKD] (IRQs 5 9 10 *11)
[    0.324201] iommu: Default domain type: Translated 
[    0.324263] pci 0000:00:02.0: vgaarb: setting as boot VGA device
[    0.324265] pci 0000:00:02.0: vgaarb: VGA device added: decodes=io+mem,owns=io+mem,locks=none
[    0.324267] pci 0000:00:02.0: vgaarb: bridge control possible
[    0.324268] vgaarb: loaded
[    0.324538] SCSI subsystem initialized
[    0.324575] libata version 3.00 loaded.
[    0.324600] ACPI: bus type USB registered
[    0.324616] usbcore: registered new interface driver usbfs
[    0.324622] usbcore: registered new interface driver hub
[    0.324627] usbcore: registered new device driver usb
[    0.324655] pps_core: LinuxPPS API ver. 1 registered
[    0.324655] pps_core: Software ver. 5.3.6 - Copyright 2005-2007 Rodolfo Giometti <giometti@linux.it>
[    0.324657] PTP clock support registered
[    0.324693] EDAC MC: Ver: 3.0.0
[    0.324983] PCI: Using ACPI for IRQ routing
[    0.324984] PCI: pci_cache_line_size set to 64 bytes
[    0.325152] e820: reserve RAM buffer [mem 0x0009fc00-0x0009ffff]
[    0.325155] e820: reserve RAM buffer [mem 0x7fff0000-0x7fffffff]
[    0.325987] NetLabel: Initializing
[    0.325988] NetLabel:  domain hash size = 128
[    0.325988] NetLabel:  protocols = UNLABELED CIPSOv4 CALIPSO
[    0.326009] NetLabel:  unlabeled traffic allowed by default
[    0.326941] clocksource: Switched to clocksource kvm-clock
[    0.337991] *** VALIDATE bpf ***
[    0.338055] VFS: Disk quotas dquot_6.6.0
[    0.338068] VFS: Dquot-cache hash table entries: 512 (order 0, 4096 bytes)
[    0.338090] *** VALIDATE ramfs ***
[    0.338094] *** VALIDATE hugetlbfs ***
[    0.338177] AppArmor: AppArmor Filesystem Enabled
[    0.338204] pnp: PnP ACPI init
[    0.338278] pnp 00:00: Plug and Play ACPI device, IDs PNP0303 (active)
[    0.338348] pnp 00:01: Plug and Play ACPI device, IDs PNP0f03 (active)
[    0.339091] pnp: PnP ACPI: found 2 devices
[    0.339195] thermal_sys: Registered thermal governor 'fair_share'
[    0.339195] thermal_sys: Registered thermal governor 'bang_bang'
[    0.339195] thermal_sys: Registered thermal governor 'step_wise'
[    0.339195] thermal_sys: Registered thermal governor 'user_space'
[    0.339195] thermal_sys: Registered thermal governor 'power_allocator'
[    0.344610] clocksource: acpi_pm: mask: 0xffffff max_cycles: 0xffffff, max_idle_ns: 2085701024 ns
[    0.344656] pci_bus 0000:00: resource 4 [io  0x0000-0x0cf7 window]
[    0.344657] pci_bus 0000:00: resource 5 [io  0x0d00-0xffff window]
[    0.344659] pci_bus 0000:00: resource 6 [mem 0x000a0000-0x000bffff window]
[    0.344660] pci_bus 0000:00: resource 7 [mem 0x80000000-0xfdffffff window]
[    0.344722] NET: Registered protocol family 2
[    0.344796] IP idents hash table entries: 32768 (order: 6, 262144 bytes, linear)
[    0.345215] MPTCP tokens hash table entries: 8192 (order: 4, 65536 bytes, linear)
[    0.345234] MPTCP request tokens hash table entries: 8192 (order: 4, 65536 bytes, linear)
[    0.345259] default registered
[    0.345259] default registered
[    0.345260] MPTCP: Stable release v0.96
[    0.345265] tcp_listen_portaddr_hash hash table entries: 1024 (order: 2, 16384 bytes, linear)
[    0.345344] TCP established hash table entries: 16384 (order: 5, 131072 bytes, linear)
[    0.345410] TCP bind hash table entries: 16384 (order: 6, 262144 bytes, linear)
[    0.345436] TCP: Hash tables configured (established 16384 bind 16384)
[    0.346136] UDP hash table entries: 1024 (order: 3, 32768 bytes, linear)
[    0.346147] UDP-Lite hash table entries: 1024 (order: 3, 32768 bytes, linear)
[    0.346181] NET: Registered protocol family 1
[    0.346190] NET: Registered protocol family 44
[    0.346212] pci 0000:00:00.0: Limiting direct PCI/PCI transfers
[    0.346224] pci 0000:00:01.0: Activating ISA DMA hang workarounds
[    0.346279] pci 0000:00:02.0: Video device with shadowed ROM at [mem 0x000c0000-0x000dffff]
[    0.346345] PCI: CLS 0 bytes, default 64
[    0.346392] Trying to unpack rootfs image as initramfs...
[    0.519948] Freeing initrd memory: 47868K
[    0.519948] clocksource: tsc: mask: 0xffffffffffffffff max_cycles: 0x1e4530a99b6, max_idle_ns: 440795257976 ns
[    0.519948] clocksource: Switched to clocksource tsc
[    0.519948] platform rtc_cmos: registered platform RTC device (no PNP device found)
[    0.519948] check: Scanning for low memory corruption every 60 seconds
[    0.519948] Initialise system trusted keyrings
[    0.519948] Key type blacklist registered
[    0.519948] workingset: timestamp_bits=36 max_order=19 bucket_order=0
[    0.519948] zbud: loaded
[    0.519948] squashfs: version 4.0 (2009/01/31) Phillip Lougher
[    0.519948] fuse: init (API version 7.31)
[    0.519948] *** VALIDATE fuse ***
[    0.519948] *** VALIDATE fuse ***
[    0.519948] Platform Keyring initialized
[    0.535240] Key type asymmetric registered
[    0.535242] Asymmetric key parser 'x509' registered
[    0.535254] Block layer SCSI generic (bsg) driver version 0.4 loaded (major 244)
[    0.535298] io scheduler mq-deadline registered
[    0.535428] shpchp: Standard Hot Plug PCI Controller Driver version: 0.4
[    0.535638] ACPI: AC Adapter [AC] (on-line)
[    0.535683] input: Power Button as /devices/LNXSYSTM:00/LNXPWRBN:00/input/input0
[    0.535713] ACPI: Power Button [PWRF]
[    0.535787] input: Sleep Button as /devices/LNXSYSTM:00/LNXSLPBN:00/input/input1
[    0.535802] ACPI: Sleep Button [SLPF]
[    0.536031] Serial: 8250/16550 driver, 32 ports, IRQ sharing enabled
[    0.537280] Linux agpgart interface v0.103
[    0.627202] loop: module loaded
[    0.627370] ata_piix 0000:00:01.1: version 2.13
[    0.627794] scsi host0: ata_piix
[    0.627897] scsi host1: ata_piix
[    0.627925] ata1: PATA max UDMA/33 cmd 0x1f0 ctl 0x3f6 bmdma 0xd000 irq 14
[    0.627926] ata2: PATA max UDMA/33 cmd 0x170 ctl 0x376 bmdma 0xd008 irq 15
[    0.628022] tun: Universal TUN/TAP device driver, 1.6
[    0.628347] PPP generic driver version 2.4.2
[    0.628392] VFIO - User Level meta-driver version: 0.3
[    0.628635] ehci_hcd: USB 2.0 'Enhanced' Host Controller (EHCI) Driver
[    0.628639] ehci-pci: EHCI PCI platform driver
[    0.628655] ehci-platform: EHCI generic platform driver
[    0.628660] ohci_hcd: USB 1.1 'Open' Host Controller (OHCI) Driver
[    0.628662] ohci-pci: OHCI PCI platform driver
[    0.628669] ohci-platform: OHCI generic platform driver
[    0.628673] uhci_hcd: USB Universal Host Controller Interface driver
[    0.628742] i8042: PNP: PS/2 Controller [PNP0303:PS2K,PNP0f03:PS2M] at 0x60,0x64 irq 1,12
[    0.629184] serio: i8042 KBD port at 0x60,0x64 irq 1
[    0.629188] serio: i8042 AUX port at 0x60,0x64 irq 12
[    0.629279] mousedev: PS/2 mouse device common for all mice
[    0.629547] input: AT Translated Set 2 keyboard as /devices/platform/i8042/serio0/input/input2
[    0.629970] rtc_cmos rtc_cmos: registered as rtc0
[    0.629983] rtc_cmos rtc_cmos: alarms up to one day, 114 bytes nvram
[    0.629989] i2c /dev entries driver
[    0.630035] device-mapper: uevent: version 1.0.3
[    0.630080] device-mapper: ioctl: 4.41.0-ioctl (2019-09-16) initialised: dm-devel@redhat.com
[    0.630096] platform eisa.0: Probing EISA bus 0
[    0.630097] platform eisa.0: EISA: Cannot allocate resource for mainboard
[    0.630099] platform eisa.0: Cannot allocate resource for EISA slot 1
[    0.630100] platform eisa.0: Cannot allocate resource for EISA slot 2
[    0.630101] platform eisa.0: Cannot allocate resource for EISA slot 3
[    0.630102] platform eisa.0: Cannot allocate resource for EISA slot 4
[    0.630103] platform eisa.0: Cannot allocate resource for EISA slot 5
[    0.630104] platform eisa.0: Cannot allocate resource for EISA slot 6
[    0.630105] platform eisa.0: Cannot allocate resource for EISA slot 7
[    0.630105] platform eisa.0: Cannot allocate resource for EISA slot 8
[    0.630106] platform eisa.0: EISA: Detected 0 cards
[    0.630109] intel_pstate: CPU model not supported
[    0.630119] ledtrig-cpu: registered to indicate activity on CPUs
[    0.630174] drop_monitor: Initializing network drop monitor service
[    0.630333] NET: Registered protocol family 10
[    0.635307] Segment Routing with IPv6
[    0.635307] fullmesh registered
[    0.635307] ndiffports registered
[    0.635307] binder registered
[    0.635307] roundrobin registered
[    0.635307] redundant registered
[    0.635307] blest registered
[    0.635307] ecf registered
[    0.635307] NET: Registered protocol family 17
[    0.635307] Key type dns_resolver registered
[    0.635307] RAS: Correctable Errors collector initialized.
[    0.635307] IPI shorthand broadcast: enabled
[    0.635307] sched_clock: Marking stable (620165767, 11141569)->(634964378, -3657042)
[    0.635886] registered taskstats version 1
[    0.635895] Loading compiled-in X.509 certificates
[    0.636497] Loaded X.509 cert 'Build time autogenerated kernel key: 6909f3744cebb3d0de528d5887b96a727de79b1e'
[    0.636517] zswap: loaded using pool lzo/zbud
[    0.636576] Key type ._fscrypt registered
[    0.636577] Key type .fscrypt registered
[    0.641209] Key type big_key registered
[    0.643436] Key type encrypted registered
[    0.643439] AppArmor: AppArmor sha1 policy hashing enabled
[    0.643446] ima: No TPM chip found, activating TPM-bypass!
[    0.643450] ima: Allocated hash algorithm: sha1
[    0.643455] ima: No architecture policies found
[    0.643464] evm: Initialising EVM extended attributes:
[    0.643465] evm: security.selinux
[    0.643465] evm: security.SMACK64
[    0.643466] evm: security.SMACK64EXEC
[    0.643466] evm: security.SMACK64TRANSMUTE
[    0.643467] evm: security.SMACK64MMAP
[    0.643467] evm: security.apparmor
[    0.643468] evm: security.ima
[    0.643468] evm: security.capability
[    0.643469] evm: HMAC attrs: 0x1
[    0.643760] PM:   Magic number: 10:379:801
[    0.643790] acpi PNP0F03:00: hash matches
[    0.643881] rtc_cmos rtc_cmos: setting system clock to 2026-01-14T20:46:08 UTC (1768423568)
[    0.800248] ata1.00: ATA-6: VBOX HARDDISK, 1.0, max UDMA/133
[    0.800252] ata1.00: 209715200 sectors, multi 128: LBA 
[    0.800896] scsi 0:0:0:0: Direct-Access     ATA      VBOX HARDDISK    1.0  PQ: 0 ANSI: 5
[    0.801182] sd 0:0:0:0: [sda] 209715200 512-byte logical blocks: (107 GB/100 GiB)
[    0.801195] sd 0:0:0:0: [sda] Write Protect is off
[    0.801198] sd 0:0:0:0: [sda] Mode Sense: 00 3a 00 00
[    0.801217] sd 0:0:0:0: [sda] Write cache: enabled, read cache: enabled, doesn't support DPO or FUA
[    0.801527] sd 0:0:0:0: Attached scsi generic sg0 type 0
[    0.802580]  sda: sda1 sda2
[    0.811459] sd 0:0:0:0: [sda] Attached SCSI disk
[    0.815718] Freeing unused decrypted memory: 2040K
[    0.816845] Freeing unused kernel image memory: 2728K
[    0.816849] Write protecting the kernel read-only data: 22528k
[    0.818209] Freeing unused kernel image memory: 2036K
[    0.818883] Freeing unused kernel image memory: 1432K
[    0.849963] x86/mm: Checked W+X mappings: passed, no W+X pages found.
[    0.849968] Run /init as init process
[    0.954159] ACPI: Video Device [GFX0] (multi-head: yes  rom: no  post: no)
[    0.954233] input: Video Bus as /devices/LNXSYSTM:00/LNXSYBUS:00/PNP0A03:00/LNXVIDEO:00/input/input4
[    0.968452] pcnet32: pcnet32.c:v1.35 21.Apr.2008 tsbogend@alpha.franken.de
[    0.969428] pcnet32: PCnet/FAST III 79C973 at 0xd020, 08:00:27:f5:ce:4c assigned IRQ 19
[    0.969471] pcnet32: Found PHY 0022:561b at address 0
[    0.969775] pcnet32: eth0: registered as PCnet/FAST III 79C973
[    0.973701] e1000: Intel(R) PRO/1000 Network Driver - version 7.3.21-k8-NAPI
[    0.973702] e1000: Copyright (c) 1999-2006 Intel Corporation.
[    0.975951] piix4_smbus 0000:00:07.0: SMBus Host Controller at 0x4100, revision 0
[    0.978337] pcnet32: 1 cards_found
[    1.044719] pcnet32 0000:00:03.0 enp0s3: renamed from eth0
[    1.208398] input: ImExPS/2 Generic Explorer Mouse as /devices/platform/i8042/serio1/input/input5
[    1.375425] e1000 0000:00:08.0 eth0: (PCI:33MHz:32-bit) 08:00:27:dd:6e:84
[    1.375429] e1000 0000:00:08.0 eth0: Intel(R) PRO/1000 Network Connection
[    1.747438] e1000 0000:00:09.0 eth1: (PCI:33MHz:32-bit) 08:00:27:a1:ef:90
[    1.747441] e1000 0000:00:09.0 eth1: Intel(R) PRO/1000 Network Connection
[    1.748600] e1000 0000:00:09.0 enp0s9: renamed from eth1
[    1.750398] e1000 0000:00:08.0 enp0s8: renamed from eth0
[    1.898839] EXT4-fs (sda2): mounted filesystem with ordered data mode. Opts: (null)
[    1.983756] systemd[1]: Inserted module 'autofs4'
[    1.992924] systemd[1]: systemd 245.4-4ubuntu3 running in system mode. (+PAM +AUDIT +SELINUX +IMA +APPARMOR +SMACK +SYSVINIT +UTMP +LIBCRYPTSETUP +GCRYPT +GNUTLS +ACL +XZ +LZ4 +SECCOMP +BLKID +ELFUTILS +KMOD +IDN2 -IDN +PCRE2 default-hierarchy=hybrid)
[    1.992954] systemd[1]: Detected virtualization oracle.
[    1.992957] systemd[1]: Detected architecture x86-64.
[    1.994269] systemd[1]: Set hostname to <ztg>.
[    2.120071] systemd[1]: /lib/systemd/system/dbus.socket:5: ListenStream= references a path below legacy directory /var/run/, updating /var/run/dbus/system_bus_socket â†’ /run/dbus/system_bus_socket; please update the unit file accordingly.
[    2.172779] systemd[1]: Created slice system-modprobe.slice.
[    2.172963] systemd[1]: Created slice User and Session Slice.
[    2.173008] systemd[1]: Started Forward Password Requests to Wall Directory Watch.
[    2.173174] systemd[1]: Set up automount Arbitrary Executable File Formats File System Automount Point.
[    2.173207] systemd[1]: Reached target User and Group Name Lookups.
[    2.173217] systemd[1]: Reached target Remote File Systems.
[    2.173225] systemd[1]: Reached target Slices.
[    2.173770] systemd[1]: Listening on Syslog Socket.
[    2.173845] systemd[1]: Listening on fsck to fsckd communication Socket.
[    2.173884] systemd[1]: Listening on initctl Compatibility Named Pipe.
[    2.174023] systemd[1]: Listening on Journal Audit Socket.
[    2.174074] systemd[1]: Listening on Journal Socket (/dev/log).
[    2.174141] systemd[1]: Listening on Journal Socket.
[    2.174207] systemd[1]: Listening on udev Control Socket.
[    2.174246] systemd[1]: Listening on udev Kernel Socket.
[    2.175004] systemd[1]: Mounting Huge Pages File System...
[    2.176011] systemd[1]: Mounting POSIX Message Queue File System...
[    2.176872] systemd[1]: Mounting Kernel Debug File System...
[    2.177744] systemd[1]: Mounting Kernel Trace File System...
[    2.179680] systemd[1]: Starting Journal Service...
[    2.202325] systemd[1]: Starting Set the console keyboard layout...
[    2.210293] systemd[1]: Starting Create list of static device nodes for the current kernel...
[    2.212533] systemd[1]: Starting Load Kernel Module drm...
[    2.213671] systemd[1]: Condition check resulted in Set Up Additional Binary Formats being skipped.
[    2.213725] systemd[1]: Condition check resulted in File System Check on Root Device being skipped.
[    2.227304] systemd[1]: Starting Load Kernel Modules...
[    2.232724] systemd[1]: Starting Remount Root and Kernel File Systems...
[    2.248699] systemd[1]: Starting udev Coldplug all Devices...
[    2.254397] systemd[1]: Starting Uncomplicated firewall...
[    2.255876] systemd[1]: Mounted Huge Pages File System.
[    2.255972] systemd[1]: Mounted POSIX Message Queue File System.
[    2.256048] systemd[1]: Mounted Kernel Debug File System.
[    2.256117] systemd[1]: Mounted Kernel Trace File System.
[    2.265350] EXT4-fs (sda2): re-mounted. Opts: errors=remount-ro
[    2.286142] systemd[1]: Finished Create list of static device nodes for the current kernel.
[    2.287155] systemd[1]: modprobe@drm.service: Succeeded.
[    2.293249] systemd[1]: Finished Load Kernel Module drm.
[    2.293803] systemd[1]: Finished Remount Root and Kernel File Systems.
[    2.294848] systemd[1]: Finished Uncomplicated firewall.
[    2.311951] lp: driver loaded but no devices found
[    2.314006] systemd[1]: Condition check resulted in Rebuild Hardware Database being skipped.
[    2.314042] systemd[1]: Condition check resulted in Platform Persistent Storage Archival being skipped.
[    2.314685] systemd[1]: Starting Load/Save Random Seed...
[    2.319273] systemd[1]: Starting Create System Users...
[    2.328835] ppdev: user-space parallel port driver
[    2.332649] systemd[1]: Finished Load/Save Random Seed.
[    2.340229] systemd[1]: Finished Create System Users.
[    2.340927] systemd[1]: Starting Create Static Device Nodes in /dev...
[    2.364377] systemd[1]: Finished Create Static Device Nodes in /dev.
[    2.365142] systemd[1]: Starting udev Kernel Device Manager...
[    2.416084] systemd[1]: Finished udev Coldplug all Devices.
[    2.417915] [drm] DMA map mode: Caching DMA mappings.
[    2.417978] [drm] Capabilities:
[    2.417978] [drm]   Rect copy.
[    2.417978] [drm]   Cursor.
[    2.417979] [drm]   Cursor bypass.
[    2.417979] [drm]   Cursor bypass 2.
[    2.417979] [drm]   Alpha cursor.
[    2.417980] [drm]   Extended Fifo.
[    2.417980] [drm]   Pitchlock.
[    2.417980] [drm]   Irq mask.
[    2.417981] [drm]   GMR.
[    2.417981] [drm]   Traces.
[    2.417981] [drm]   GMR2.
[    2.417982] [drm]   Screen Object 2.
[    2.417982] [drm]   Command Buffers.
[    2.417983] [drm]   Command Buffers 2.
[    2.417983] [drm]   Guest Backed Resources.
[    2.417984] [drm] Max GMR ids is 8192
[    2.417984] [drm] Max number of GMR pages is 1048576
[    2.417985] [drm] Max dedicated hypervisor surface memory is 393216 kiB
[    2.417986] [drm] Maximum display memory size is 131072 kiB
[    2.417986] [drm] VRAM at 0xe0000000 size is 131072 kiB
[    2.417987] [drm] MMIO at 0xf0000000 size is 2048 kiB
[    2.419240] [TTM] Zone  kernel: Available graphics memory: 1011738 KiB
[    2.419241] [TTM] Initializing pool allocator
[    2.419275] [TTM] Initializing DMA pool allocator
[    2.419304] [drm] Supports vblank timestamp caching Rev 2 (21.10.2013).
[    2.419304] [drm] No driver support for vblank timestamp query.
[    2.419531] [drm] Screen Target Display device initialized
[    2.419758] [drm] width 720
[    2.419767] [drm] height 400
[    2.419770] [drm] bpp 32
[    2.420284] [drm] Fifo max 0x00200000 min 0x00001000 cap 0x00000355
[    2.421346] [drm] Using command buffers with DMA pool.
[    2.421350] [drm] DX: no.
[    2.421350] [drm] Atomic: yes.
[    2.421351] [drm] SM4_1: no.
[    2.421370] [drm:vmw_host_log [vmwgfx]] *ERROR* Failed to send host log message.
[    2.422270] [drm:vmw_host_log [vmwgfx]] *ERROR* Failed to send host log message.
[    2.434952] fbcon: svgadrmfb (fb0) is primary device
[    2.437797] Console: switching to colour frame buffer device 100x37
[    2.444381] [drm] Initialized vmwgfx 2.15.0 20180704 for 0000:00:02.0 on minor 0
[    2.446657] systemd[1]: Finished Load Kernel Modules.
[    2.447629] systemd[1]: Mounting FUSE Control File System...
[    2.448829] systemd[1]: Mounting Kernel Configuration File System...
[    2.475634] systemd[1]: Starting Apply Kernel Variables...
[    2.481703] systemd[1]: Mounted FUSE Control File System.
[    2.481797] systemd[1]: Condition check resulted in VMware vmblock fuse mount being skipped.
[    2.497419] systemd[1]: Mounted Kernel Configuration File System.
[    2.509242] systemd[1]: Finished Set the console keyboard layout.
[    2.509331] systemd[1]: Reached target Local File Systems (Pre).
[    2.511458] systemd[1]: Mounting Mount unit for bare, revision 5...
[    2.519831] systemd[1]: Mounting Mount unit for core18, revision 1705...
[    2.521432] systemd[1]: Mounting Mount unit for gnome-3-34-1804, revision 24...
[    2.522828] systemd[1]: Mounting Mount unit for gtk-common-themes, revision 1506...
[    2.532601] systemd[1]: Mounting Mount unit for gtk-common-themes, revision 1535...
[    2.565924] systemd[1]: Mounting Mount unit for snap-store, revision 433...
[    2.573792] systemd[1]: Mounting Mount unit for snapd, revision 7264...
[    2.594756] systemd[1]: Finished Apply Kernel Variables.
[    2.596121] systemd[1]: Started udev Kernel Device Manager.
[    2.596215] systemd[1]: Mounted Mount unit for bare, revision 5.
[    2.596299] systemd[1]: Mounted Mount unit for gnome-3-34-1804, revision 24.
[    2.610952] systemd[1]: Starting Show Plymouth Boot Screen...
[    2.614920] systemd[1]: Received SIGRTMIN+20 from PID 280 (plymouthd).
[    2.618064] systemd[1]: Mounted Mount unit for core18, revision 1705.
[    2.620931] systemd[1]: Mounted Mount unit for gtk-common-themes, revision 1506.
[    2.639363] systemd[1]: Started Show Plymouth Boot Screen.
[    2.639503] systemd[1]: Condition check resulted in Dispatch Password Requests to Console Directory Watch being skipped.
[    2.639584] systemd[1]: Started Forward Password Requests to Plymouth Directory Watch.
[    2.639616] systemd[1]: Reached target Local Encrypted Volumes.
[    2.657355] systemd[1]: Mounted Mount unit for gtk-common-themes, revision 1535.
[    2.706191] systemd[1]: Mounted Mount unit for snap-store, revision 433.
[    2.706451] systemd[1]: Mounted Mount unit for snapd, revision 7264.
[    2.706605] systemd[1]: Reached target Local File Systems.
[    2.709220] systemd[1]: Starting Load AppArmor profiles...
[    2.710155] systemd[1]: Starting Set console font and keymap...
[    2.720796] systemd[1]: Starting Tell Plymouth To Write Out Runtime Data...
[    2.724794] systemd[1]: Condition check resulted in Store a System Token in an EFI Variable being skipped.
[    2.724837] systemd[1]: Condition check resulted in Commit a transient machine-id on disk being skipped.
[    2.728644] systemd[1]: Finished Set console font and keymap.
[    2.738320] systemd[1]: Received SIGRTMIN+20 from PID 280 (plymouthd).
[    2.739412] systemd[1]: plymouth-read-write.service: Succeeded.
[    2.739657] systemd[1]: Finished Tell Plymouth To Write Out Runtime Data.
[    2.763902] audit: type=1400 audit(1768423570.616:2): apparmor="STATUS" operation="profile_load" profile="unconfined" name="nvidia_modprobe" pid=300 comm="apparmor_parser"
[    2.763904] audit: type=1400 audit(1768423570.616:3): apparmor="STATUS" operation="profile_load" profile="unconfined" name="nvidia_modprobe//kmod" pid=300 comm="apparmor_parser"
[    2.774703] audit: type=1400 audit(1768423570.624:4): apparmor="STATUS" operation="profile_load" profile="unconfined" name="/usr/sbin/tcpdump" pid=301 comm="apparmor_parser"
[    2.818255] audit: type=1400 audit(1768423570.664:5): apparmor="STATUS" operation="profile_load" profile="unconfined" name="/usr/bin/evince" pid=303 comm="apparmor_parser"
[    2.818257] audit: type=1400 audit(1768423570.664:6): apparmor="STATUS" operation="profile_load" profile="unconfined" name="/usr/bin/evince//sanitized_helper" pid=303 comm="apparmor_parser"
[    2.818260] audit: type=1400 audit(1768423570.664:7): apparmor="STATUS" operation="profile_load" profile="unconfined" name="/usr/bin/evince-previewer" pid=303 comm="apparmor_parser"
[    2.818261] audit: type=1400 audit(1768423570.664:8): apparmor="STATUS" operation="profile_load" profile="unconfined" name="/usr/bin/evince-previewer//sanitized_helper" pid=303 comm="apparmor_parser"
[    2.818263] audit: type=1400 audit(1768423570.664:9): apparmor="STATUS" operation="profile_load" profile="unconfined" name="/usr/bin/evince-thumbnailer" pid=303 comm="apparmor_parser"
[    2.851723] audit: type=1400 audit(1768423570.704:10): apparmor="STATUS" operation="profile_load" profile="unconfined" name="/usr/lib/cups/backend/cups-pdf" pid=304 comm="apparmor_parser"
[    2.916107] systemd[1]: Finished Load AppArmor profiles.
[    2.917035] systemd[1]: Starting Load AppArmor profiles managed internally by snapd...
[    2.983171] systemd[1]: Finished Load AppArmor profiles managed internally by snapd.
[    3.172790] systemd[1]: Started Journal Service.
[    3.180218] systemd-journald[229]: Received client request to flush runtime journal.
[    3.185841] systemd-journald[229]: File /var/log/journal/c455b248004a419c87ce85eea238d727/system.journal corrupted or uncleanly shut down, renaming and replacing.
[    4.524886] RAPL PMU: API unit is 2^-32 Joules, 0 fixed counters, 10737418240 ms ovfl timer
[    4.592112] cryptd: max_cpu_qlen set to 1000
[    4.660992] AVX2 version of gcm_enc/dec engaged.
[    4.660993] AES CTR mode by8 optimization enabled
[    5.474889] Adding 1998844k swap on /dev/sda1.  Priority:-2 extents:1 across:1998844k FS
[    6.829442] kauditd_printk_skb: 30 callbacks suppressed
[    6.829444] audit: type=1400 audit(1768423574.676:41): apparmor="DENIED" operation="capable" profile="/usr/sbin/cups-browsed" pid=498 comm="cups-browsed" capability=23  capname="sys_nice"
[    7.657871] pcnet32 0000:00:03.0 enp0s3: link up, 100Mbps, full-duplex
[    7.694981] e1000: enp0s8 NIC Link is Up 1000 Mbps Full Duplex, Flow Control: RX
[    7.695340] IPv6: ADDRCONF(NETDEV_CHANGE): enp0s8: link becomes ready
[    7.709942] e1000: enp0s9 NIC Link is Up 1000 Mbps Full Duplex, Flow Control: RX
[    7.710235] IPv6: ADDRCONF(NETDEV_CHANGE): enp0s9: link becomes ready
[    8.258092] device enp0s3 entered promiscuous mode
[    8.272663] audit: type=1400 audit(1768423576.120:42): apparmor="DENIED" operation="open" profile="/usr/sbin/tcpdump" name="/proc/sys/kernel/random/boot_id" pid=677 comm="tcpdump" requested_mask="r" denied_mask="r" fsuid=0 ouid=0
[    8.272983] audit: type=1400 audit(1768423576.120:43): apparmor="DENIED" operation="open" profile="/usr/sbin/tcpdump" name="/proc/sys/kernel/random/boot_id" pid=677 comm="tcpdump" requested_mask="r" denied_mask="r" fsuid=0 ouid=0
[    8.274611] audit: type=1400 audit(1768423576.120:44): apparmor="DENIED" operation="open" profile="/usr/sbin/tcpdump" name="/proc/sys/kernel/random/boot_id" pid=677 comm="tcpdump" requested_mask="r" denied_mask="r" fsuid=0 ouid=0
[    8.274784] audit: type=1400 audit(1768423576.120:45): apparmor="DENIED" operation="open" profile="/usr/sbin/tcpdump" name="/proc/sys/kernel/random/boot_id" pid=677 comm="tcpdump" requested_mask="r" denied_mask="r" fsuid=0 ouid=0
[    8.291170] audit: type=1400 audit(1768423576.144:46): apparmor="DENIED" operation="open" profile="/usr/sbin/tcpdump" name="/proc/sys/kernel/random/boot_id" pid=678 comm="tcpdump" requested_mask="r" denied_mask="r" fsuid=0 ouid=0
[    8.291262] audit: type=1400 audit(1768423576.144:47): apparmor="DENIED" operation="open" profile="/usr/sbin/tcpdump" name="/proc/sys/kernel/random/boot_id" pid=678 comm="tcpdump" requested_mask="r" denied_mask="r" fsuid=0 ouid=0
[    8.291305] audit: type=1400 audit(1768423576.144:48): apparmor="DENIED" operation="open" profile="/usr/sbin/tcpdump" name="/proc/sys/kernel/random/boot_id" pid=678 comm="tcpdump" requested_mask="r" denied_mask="r" fsuid=0 ouid=0
[    8.291324] audit: type=1400 audit(1768423576.144:49): apparmor="DENIED" operation="open" profile="/usr/sbin/tcpdump" name="/proc/sys/kernel/random/boot_id" pid=678 comm="tcpdump" requested_mask="r" denied_mask="r" fsuid=0 ouid=0
[   12.963623] rfkill: input handler disabled
[  203.732634] AAAAA-TCP_FORW: name:enp0s3: saddr:100932208: daddr:16783984
[  204.931128] AAAAA-TCP_FORW: name:enp0s3: saddr:100932208: daddr:16783984
[  205.948014] AAAAA-TCP_FORW: name:enp0s3: saddr:100932208: daddr:16783984
[  206.003130] AAAAA-TCP_FORW: name:enp0s3: saddr:16783984: daddr:100932208
[  206.063260] AAAAA-TCP_FORW: name:enp0s3: saddr:16783984: daddr:100932208
[  206.201155] AAAAA-TCP_FORW: name:enp0s3: saddr:100932208: daddr:16783984
[  206.248840] AAAAA-TCP_FORW: name:enp0s3: saddr:16783984: daddr:100932208
[  206.254807] AAAAA-TCP_FORW: name:enp0s3: saddr:100932208: daddr:16783984
[  206.344649] AAAAA-TCP_FORW: name:enp0s3: saddr:100932208: daddr:16783984
[  206.510741] AAAAA-TCP_FORW: name:enp0s3: saddr:100932208: daddr:16783984
[  206.545954] AAAAA-TCP_FORW: name:enp0s3: saddr:16783984: daddr:100932208
[  206.600349] AAAAA-TCP_FORW: name:enp0s3: saddr:16783984: daddr:100932208
[  206.660666] AAAAA-TCP_FORW: name:enp0s3: saddr:16783984: daddr:100932208
[  206.879047] AAAAA-TCP_FORW: name:enp0s3: saddr:100932208: daddr:33561200
[  206.914734] AAAAA-TCP_FORW: name:enp0s3: saddr:100932208: daddr:16783984
[  206.937744] AAAAA-TCP_FORW: name:enp0s3: saddr:100932208: daddr:16783984
[  207.130696] AAAAA-TCP_FORW: name:enp0s3: saddr:33561200: daddr:100932208
[  207.184533] AAAAA-TCP_FORW: name:enp0s3: saddr:100932208: daddr:33561200
[  207.279501] AAAAA-TCP_FORW: name:enp0s3: saddr:16783984: daddr:100932208
[  207.318652] AAAAA-TCP_FORW: name:enp0s3: saddr:100932208: daddr:16783984
[  207.433894] AAAAA-TCP_FORW: name:enp0s3: saddr:33561200: daddr:100932208
[  207.543229] AAAAA-TCP_FORW: name:enp0s3: saddr:16783984: daddr:100932208
[  207.591335] AAAAA-TCP_FORW: name:enp0s3: saddr:33561200: daddr:100932208
[  207.624006] AAAAA-TCP_FORW: name:enp0s3: saddr:100932208: daddr:33561200
[  207.674636] AAAAA-TCP_FORW: name:enp0s3: saddr:100932208: daddr:16783984
[  207.811587] AAAAA-TCP_FORW: name:enp0s3: saddr:16783984: daddr:100932208
[  207.819789] AAAAA-TCP_FORW: name:enp0s3: saddr:100932208: daddr:16783984
[  207.867677] AAAAA-TCP_FORW: name:enp0s3: saddr:100932208: daddr:16783984
[  208.094694] AAAAA-TCP_FORW: name:enp0s3: saddr:16783984: daddr:100932208
[  208.209054] AAAAA-TCP_FORW: name:enp0s3: saddr:16783984: daddr:100932208
[  208.308246] AAAAA-TCP_FORW: name:enp0s3: saddr:100932208: daddr:33561200
[  208.321397] AAAAA-TCP_FORW: name:enp0s3: saddr:33561200: daddr:100932208
[  208.415290] AAAAA-TCP_FORW: name:enp0s3: saddr:100932208: daddr:33561200
[  208.483213] AAAAA-TCP_FORW: name:enp0s3: saddr:33561200: daddr:100932208
[  208.520834] AAAAA-TCP_FORW: name:enp0s3: saddr:100932208: daddr:33561200
[  208.639027] AAAAA-TCP_FORW: name:enp0s3: saddr:33561200: daddr:100932208
[  208.649723] AAAAA-TCP_FORW: name:enp0s3: saddr:100932208: daddr:33561200
[  208.689122] AAAAA-TCP_FORW: name:enp0s3: saddr:100932208: daddr:16783984
[  208.712711] AAAAA-TCP_FORW: name:enp0s3: saddr:33561200: daddr:100932208
[  208.730006] AAAAA-TCP_FORW: name:enp0s3: saddr:100932208: daddr:16783984
[  208.803569] AAAAA-TCP_FORW: name:enp0s3: saddr:100932208: daddr:16783984
[  208.838377] AAAAA-TCP_FORW: name:enp0s3: saddr:100932208: daddr:16783984
[  208.860653] AAAAA-TCP_FORW: name:enp0s3: saddr:16783984: daddr:100932208
[  208.883489] AAAAA-TCP_FORW: name:enp0s3: saddr:100932208: daddr:16783984
[  208.940303] AAAAA-TCP_FORW: name:enp0s3: saddr:100932208: daddr:16783984
[  208.978298] AAAAA-TCP_FORW: name:enp0s3: saddr:100932208: daddr:16783984
[  209.016110] AAAAA-TCP_FORW: name:enp0s3: saddr:100932208: daddr:16783984
[  209.035336] AAAAA-TCP_FORW: name:enp0s3: saddr:16783984: daddr:100932208
[  209.080471] AAAAA-TCP_FORW: name:enp0s3: saddr:100932208: daddr:16783984
[  209.133051] AAAAA-TCP_FORW: name:enp0s3: saddr:100932208: daddr:16783984
[  209.190762] AAAAA-TCP_FORW: name:enp0s3: saddr:100932208: daddr:33561200
[  209.219251] AAAAA-TCP_FORW: name:enp0s3: saddr:16783984: daddr:100932208
[  209.241081] AAAAA-TCP_FORW: name:enp0s3: saddr:100932208: daddr:33561200
[  209.289900] AAAAA-TCP_FORW: name:enp0s3: saddr:100932208: daddr:33561200
[  209.321986] AAAAA-TCP_FORW: name:enp0s3: saddr:100932208: daddr:33561200
[  209.370829] AAAAA-TCP_FORW: name:enp0s3: saddr:100932208: daddr:33561200
[  209.403882] AAAAA-TCP_FORW: name:enp0s3: saddr:100932208: daddr:33561200
[  209.427914] AAAAA-TCP_FORW: name:enp0s3: saddr:16783984: daddr:100932208
[  209.443122] AAAAA-TCP_FORW: name:enp0s3: saddr:100932208: daddr:33561200
[  209.456059] AAAAA-TCP_FORW: name:enp0s3: saddr:100932208: daddr:33561200
[  209.505057] AAAAA-TCP_FORW: name:enp0s3: saddr:16783984: daddr:100932208
[  209.538421] AAAAA-TCP_FORW: name:enp0s3: saddr:100932208: daddr:33561200
[  209.584075] AAAAA-TCP_FORW: name:enp0s3: saddr:100932208: daddr:33561200
[  209.628330] AAAAA-TCP_FORW: name:enp0s3: saddr:16783984: daddr:100932208
[  209.690790] AAAAA-TCP_FORW: name:enp0s3: saddr:100932208: daddr:16783984
[  209.708415] AAAAA-TCP_FORW: name:enp0s3: saddr:16783984: daddr:100932208
[  209.755907] AAAAA-TCP_FORW: name:enp0s3: saddr:100932208: daddr:33561200
[  209.802459] AAAAA-TCP_FORW: name:enp0s3: saddr:100932208: daddr:16783984
[  209.852857] AAAAA-TCP_FORW: name:enp0s3: saddr:100932208: daddr:16783984
[  209.901191] AAAAA-TCP_FORW: name:enp0s3: saddr:100932208: daddr:16783984
[  209.930227] AAAAA-TCP_FORW: name:enp0s3: saddr:16783984: daddr:100932208
[  209.942211] AAAAA-TCP_FORW: name:enp0s3: saddr:100932208: daddr:16783984
[  210.002563] AAAAA-TCP_FORW: name:enp0s3: saddr:100932208: daddr:16783984
[  210.078688] AAAAA-TCP_FORW: name:enp0s3: saddr:100932208: daddr:16783984
[  210.132333] AAAAA-TCP_FORW: name:enp0s3: saddr:16783984: daddr:100932208
[  210.163777] AAAAA-TCP_FORW: name:enp0s3: saddr:100932208: daddr:33561200
[  210.173451] AAAAA-TCP_FORW: name:enp0s3: saddr:16783984: daddr:100932208
[  210.325729] AAAAA-TCP_FORW: name:enp0s3: saddr:33561200: daddr:100932208
[  210.375055] AAAAA-TCP_FORW: name:enp0s3: saddr:100932208: daddr:16783984
[  210.382058] AAAAA-TCP_FORW: name:enp0s3: saddr:33561200: daddr:100932208
[  210.416765] AAAAA-TCP_FORW: name:enp0s3: saddr:100932208: daddr:16783984
[  210.475287] AAAAA-TCP_FORW: name:enp0s3: saddr:33561200: daddr:100932208
[  210.595550] AAAAA-TCP_FORW: name:enp0s3: saddr:100932208: daddr:16783984
[  210.602587] AAAAA-TCP_FORW: name:enp0s3: saddr:33561200: daddr:100932208
[  210.651031] AAAAA-TCP_FORW: name:enp0s3: saddr:100932208: daddr:16783984
[  210.696026] AAAAA-TCP_FORW: name:enp0s3: saddr:33561200: daddr:100932208
[  210.731210] AAAAA-TCP_FORW: name:enp0s3: saddr:100932208: daddr:16783984
[  210.790021] AAAAA-TCP_FORW: name:enp0s3: saddr:100932208: daddr:16783984
[  210.831227] AAAAA-TCP_FORW: name:enp0s3: saddr:100932208: daddr:16783984
[  210.862258] AAAAA-TCP_FORW: name:enp0s3: saddr:33561200: daddr:100932208
[  210.911232] AAAAA-TCP_FORW: name:enp0s3: saddr:100932208: daddr:16783984
[  210.986219] AAAAA-TCP_FORW: name:enp0s3: saddr:33561200: daddr:100932208
[  211.062830] AAAAA-TCP_FORW: name:enp0s3: saddr:33561200: daddr:100932208
[  211.131932] AAAAA-TCP_FORW: name:enp0s3: saddr:100932208: daddr:16783984
[  211.151888] AAAAA-TCP_FORW: name:enp0s3: saddr:100932208: daddr:16783984
[  211.163312] AAAAA-TCP_FORW: name:enp0s3: saddr:33561200: daddr:100932208
[  211.237830] AAAAA-TCP_FORW: name:enp0s3: saddr:33561200: daddr:100932208
[  211.323935] AAAAA-TCP_FORW: name:enp0s3: saddr:16783984: daddr:100932208
[  211.325765] AAAAA-TCP_FORW: name:enp0s3: saddr:100932208: daddr:16783984
[  211.363926] AAAAA-TCP_FORW: name:enp0s3: saddr:100932208: daddr:16783984
[  211.439346] AAAAA-TCP_FORW: name:enp0s3: saddr:100932208: daddr:33561200
[  211.473651] AAAAA-TCP_FORW: name:enp0s3: saddr:33561200: daddr:100932208
[  211.509770] AAAAA-TCP_FORW: name:enp0s3: saddr:100932208: daddr:16783984
[  211.571837] AAAAA-TCP_FORW: name:enp0s3: saddr:100932208: daddr:16783984
[  211.585678] AAAAA-TCP_FORW: name:enp0s3: saddr:16783984: daddr:100932208
[  211.658080] AAAAA-TCP_FORW: name:enp0s3: saddr:100932208: daddr:33561200
[  211.691776] AAAAA-TCP_FORW: name:enp0s3: saddr:100932208: daddr:33561200
[  211.713365] AAAAA-TCP_FORW: name:enp0s3: saddr:16783984: daddr:100932208
[  211.726452] AAAAA-TCP_FORW: name:enp0s3: saddr:100932208: daddr:33561200
[  211.779921] AAAAA-TCP_FORW: name:enp0s3: saddr:100932208: daddr:33561200
[  211.801696] AAAAA-TCP_FORW: name:enp0s3: saddr:16783984: daddr:100932208
[  211.880981] AAAAA-TCP_FORW: name:enp0s3: saddr:100932208: daddr:33561200
[  211.894873] AAAAA-TCP_FORW: name:enp0s3: saddr:16783984: daddr:100932208
[  211.911322] AAAAA-TCP_FORW: name:enp0s3: saddr:100932208: daddr:33561200
[  211.921918] AAAAA-TCP_FORW: name:enp0s3: saddr:16783984: daddr:100932208
[  212.017417] AAAAA-TCP_FORW: name:enp0s3: saddr:16783984: daddr:100932208
[  212.056307] AAAAA-TCP_FORW: name:enp0s3: saddr:100932208: daddr:33561200
[  212.111029] AAAAA-TCP_FORW: name:enp0s3: saddr:100932208: daddr:33561200
[  212.160455] AAAAA-TCP_FORW: name:enp0s3: saddr:33561200: daddr:100932208
[  212.182872] AAAAA-TCP_FORW: name:enp0s3: saddr:100932208: daddr:33561200
[  212.226041] AAAAA-TCP_FORW: name:enp0s3: saddr:100932208: daddr:33561200
[  212.236422] AAAAA-TCP_FORW: name:enp0s3: saddr:16783984: daddr:100932208
[  212.315460] AAAAA-TCP_FORW: name:enp0s3: saddr:16783984: daddr:100932208
[  212.445689] AAAAA-TCP_FORW: name:enp0s3: saddr:100932208: daddr:33561200
[  212.501799] AAAAA-TCP_FORW: name:enp0s3: saddr:16783984: daddr:100932208
[  212.516634] AAAAA-TCP_FORW: name:enp0s3: saddr:100932208: daddr:33561200
[  212.591264] AAAAA-TCP_FORW: name:enp0s3: saddr:100932208: daddr:33561200
[  212.613514] AAAAA-TCP_FORW: name:enp0s3: saddr:100932208: daddr:33561200
[  212.662366] AAAAA-TCP_FORW: name:enp0s3: saddr:16783984: daddr:100932208
[  212.683237] AAAAA-TCP_FORW: name:enp0s3: saddr:16783984: daddr:100932208
[  212.692458] AAAAA-TCP_FORW: name:enp0s3: saddr:100932208: daddr:33561200
[  212.756084] AAAAA-TCP_FORW: name:enp0s3: saddr:100932208: daddr:33561200
[  212.780314] AAAAA-TCP_FORW: name:enp0s3: saddr:16783984: daddr:100932208
[  212.807706] AAAAA-TCP_FORW: name:enp0s3: saddr:100932208: daddr:33561200
[  212.857203] AAAAA-TCP_FORW: name:enp0s3: saddr:16783984: daddr:100932208
[  212.927645] AAAAA-TCP_FORW: name:enp0s3: saddr:100932208: daddr:33561200
[  212.959000] AAAAA-TCP_FORW: name:enp0s3: saddr:16783984: daddr:100932208
[  212.991614] AAAAA-TCP_FORW: name:enp0s3: saddr:100932208: daddr:33561200
[  213.005612] AAAAA-TCP_FORW: name:enp0s3: saddr:16783984: daddr:100932208
[  213.023993] AAAAA-TCP_FORW: name:enp0s3: saddr:100932208: daddr:33561200
[  213.077998] AAAAA-TCP_FORW: name:enp0s3: saddr:16783984: daddr:100932208
[  213.148666] AAAAA-TCP_FORW: name:enp0s3: saddr:16783984: daddr:100932208
[  213.218334] AAAAA-TCP_FORW: name:enp0s3: saddr:33561200: daddr:100932208
[  213.248582] AAAAA-TCP_FORW: name:enp0s3: saddr:16783984: daddr:100932208
[  213.334530] AAAAA-TCP_FORW: name:enp0s3: saddr:100932208: daddr:16783984
[  213.389303] AAAAA-TCP_FORW: name:enp0s3: saddr:100932208: daddr:16783984
[  213.406745] AAAAA-TCP_FORW: name:enp0s3: saddr:16783984: daddr:100932208
[  213.491110] AAAAA-TCP_FORW: name:enp0s3: saddr:100932208: daddr:16783984
[  213.546017] AAAAA-TCP_FORW: name:enp0s3: saddr:100932208: daddr:16783984
[  213.574551] AAAAA-TCP_FORW: name:enp0s3: saddr:33561200: daddr:100932208
[  213.630929] AAAAA-TCP_FORW: name:enp0s3: saddr:33561200: daddr:100932208
[  213.749909] AAAAA-TCP_FORW: name:enp0s3: saddr:100932208: daddr:16783984
[  213.785982] AAAAA-TCP_FORW: name:enp0s3: saddr:33561200: daddr:100932208
[  213.858128] AAAAA-TCP_FORW: name:enp0s3: saddr:100932208: daddr:16783984
[  213.917570] AAAAA-TCP_FORW: name:enp0s3: saddr:100932208: daddr:16783984
[  213.942373] AAAAA-TCP_FORW: name:enp0s3: saddr:33561200: daddr:100932208
[  213.965280] AAAAA-TCP_FORW: name:enp0s3: saddr:100932208: daddr:16783984
[  214.047665] AAAAA-TCP_FORW: name:enp0s3: saddr:100932208: daddr:16783984
[  214.086104] AAAAA-TCP_FORW: name:enp0s3: saddr:33561200: daddr:100932208
[  214.099924] AAAAA-TCP_FORW: name:enp0s3: saddr:100932208: daddr:16783984
[  214.166322] AAAAA-TCP_FORW: name:enp0s3: saddr:100932208: daddr:16783984
[  214.210894] AAAAA-TCP_FORW: name:enp0s3: saddr:100932208: daddr:16783984
[  214.458597] AAAAA-TCP_FORW: name:enp0s3: saddr:100932208: daddr:16783984
[  214.502832] AAAAA-TCP_FORW: name:enp0s3: saddr:33561200: daddr:100932208
[  214.520270] AAAAA-TCP_FORW: name:enp0s3: saddr:100932208: daddr:16783984
[  214.598820] AAAAA-TCP_FORW: name:enp0s3: saddr:100932208: daddr:16783984
[  214.645912] AAAAA-TCP_FORW: name:enp0s3: saddr:33561200: daddr:100932208
[  214.983384] AAAAA-TCP_FORW: name:enp0s3: saddr:33561200: daddr:100932208
[  215.190830] AAAAA-TCP_FORW: name:enp0s3: saddr:33561200: daddr:100932208
[  215.266623] AAAAA-TCP_FORW: name:enp0s3: saddr:33561200: daddr:100932208
[  215.412265] AAAAA-TCP_FORW: name:enp0s3: saddr:33561200: daddr:100932208
[  215.496227] AAAAA-TCP_FORW: name:enp0s3: saddr:33561200: daddr:100932208
[  215.554132] AAAAA-TCP_FORW: name:enp0s3: saddr:33561200: daddr:100932208
[  215.584596] AAAAA-TCP_FORW: name:enp0s3: saddr:33561200: daddr:100932208
[  215.690439] AAAAA-TCP_FORW: name:enp0s3: saddr:33561200: daddr:100932208
[  215.752800] AAAAA-TCP_FORW: name:enp0s3: saddr:33561200: daddr:100932208
[  215.768635] AAAAA-TCP_FORW: name:enp0s3: saddr:100932208: daddr:33561200
[  215.839085] AAAAA-TCP_FORW: name:enp0s3: saddr:33561200: daddr:100932208
[  215.924689] AAAAA-TCP_FORW: name:enp0s3: saddr:33561200: daddr:100932208
[  216.111869] AAAAA-TCP_FORW: name:enp0s3: saddr:16783984: daddr:100932208
[  216.196943] AAAAA-TCP_FORW: name:enp0s3: saddr:16783984: daddr:100932208
[  216.230342] AAAAA-TCP_FORW: name:enp0s3: saddr:16783984: daddr:100932208
[  216.313958] AAAAA-TCP_FORW: name:enp0s3: saddr:100932208: daddr:33561200
[  216.338262] AAAAA-TCP_FORW: name:enp0s3: saddr:16783984: daddr:100932208
[  216.462011] AAAAA-TCP_FORW: name:enp0s3: saddr:16783984: daddr:100932208
[  216.504687] AAAAA-TCP_FORW: name:enp0s3: saddr:16783984: daddr:100932208
[  216.644092] AAAAA-TCP_FORW: name:enp0s3: saddr:16783984: daddr:100932208
[  216.760486] AAAAA-TCP_FORW: name:enp0s3: saddr:16783984: daddr:100932208
[  216.806813] AAAAA-TCP_FORW: name:enp0s3: saddr:16783984: daddr:100932208
[  216.835086] AAAAA-TCP_FORW: name:enp0s3: saddr:16783984: daddr:100932208
[  216.891077] AAAAA-TCP_FORW: name:enp0s3: saddr:16783984: daddr:100932208
[  216.951354] AAAAA-TCP_FORW: name:enp0s3: saddr:16783984: daddr:100932208
[  217.027772] AAAAA-TCP_FORW: name:enp0s3: saddr:16783984: daddr:100932208
[  217.073859] AAAAA-TCP_FORW: name:enp0s3: saddr:16783984: daddr:100932208
[  217.145354] AAAAA-TCP_FORW: name:enp0s3: saddr:33561200: daddr:100932208
[  217.222042] AAAAA-TCP_FORW: name:enp0s3: saddr:33561200: daddr:100932208
[  217.363872] AAAAA-TCP_FORW: name:enp0s3: saddr:100932208: daddr:16783984
[  217.602410] AAAAA-TCP_FORW: name:enp0s3: saddr:16783984: daddr:100932208
[  231.860206] AAAAA-TCP_FORW: name:enp0s3: saddr:100932208: daddr:16783984
[  231.941789] AAAAA-TCP_FORW: name:enp0s3: saddr:100932208: daddr:16783984
[  231.969263] AAAAA-TCP_FORW: name:enp0s3: saddr:16783984: daddr:100932208
[  232.019269] AAAAA-TCP_FORW: name:enp0s3: saddr:100932208: daddr:16783984
[  232.072393] AAAAA-TCP_FORW: name:enp0s3: saddr:16783984: daddr:100932208
[  232.099440] AAAAA-TCP_FORW: name:enp0s3: saddr:100932208: daddr:16783984
[  232.206864] AAAAA-TCP_FORW: name:enp0s3: saddr:100932208: daddr:16783984
[  232.229734] AAAAA-TCP_FORW: name:enp0s3: saddr:16783984: daddr:100932208
[  232.244597] AAAAA-TCP_FORW: name:enp0s3: saddr:100932208: daddr:16783984
[  232.337596] AAAAA-TCP_FORW: name:enp0s3: saddr:100932208: daddr:16783984
[  232.398042] AAAAA-TCP_FORW: name:enp0s3: saddr:16783984: daddr:100932208
[  232.431229] AAAAA-TCP_FORW: name:enp0s3: saddr:100932208: daddr:16783984
[  232.478363] AAAAA-TCP_FORW: name:enp0s3: saddr:100932208: daddr:16783984
[  232.533012] AAAAA-TCP_FORW: name:enp0s3: saddr:16783984: daddr:100932208
[  232.579484] AAAAA-TCP_FORW: name:enp0s3: saddr:100932208: daddr:16783984
[  232.625992] AAAAA-TCP_FORW: name:enp0s3: saddr:100932208: daddr:16783984
[  232.638755] AAAAA-TCP_FORW: name:enp0s3: saddr:16783984: daddr:100932208
[  232.691927] AAAAA-TCP_FORW: name:enp0s3: saddr:100932208: daddr:16783984
[  232.758420] AAAAA-TCP_FORW: name:enp0s3: saddr:16783984: daddr:100932208
[  232.772274] AAAAA-TCP_FORW: name:enp0s3: saddr:100932208: daddr:16783984
[  232.872241] AAAAA-TCP_FORW: name:enp0s3: saddr:100932208: daddr:16783984
[  232.899754] AAAAA-TCP_FORW: name:enp0s3: saddr:16783984: daddr:100932208
[  232.943145] AAAAA-TCP_FORW: name:enp0s3: saddr:100932208: daddr:16783984
[  232.984112] AAAAA-TCP_FORW: name:enp0s3: saddr:100932208: daddr:16783984
[  233.030509] AAAAA-TCP_FORW: name:enp0s3: saddr:16783984: daddr:100932208
[  233.074114] AAAAA-TCP_FORW: name:enp0s3: saddr:100932208: daddr:16783984
[  233.135190] AAAAA-TCP_FORW: name:enp0s3: saddr:100932208: daddr:16783984
[  233.149402] AAAAA-TCP_FORW: name:enp0s3: saddr:16783984: daddr:100932208
[  233.196522] AAAAA-TCP_FORW: name:enp0s3: saddr:100932208: daddr:33561200
[  233.270932] AAAAA-TCP_FORW: name:enp0s3: saddr:100932208: daddr:33561200
[  233.323579] AAAAA-TCP_FORW: name:enp0s3: saddr:16783984: daddr:100932208
[  233.398809] AAAAA-TCP_FORW: name:enp0s3: saddr:100932208: daddr:33561200
[  233.489758] AAAAA-TCP_FORW: name:enp0s3: saddr:100932208: daddr:33561200
[  233.550459] AAAAA-TCP_FORW: name:enp0s3: saddr:100932208: daddr:33561200
[  233.600980] AAAAA-TCP_FORW: name:enp0s3: saddr:100932208: daddr:33561200
[  233.648641] AAAAA-TCP_FORW: name:enp0s3: saddr:16783984: daddr:100932208
[  233.671405] AAAAA-TCP_FORW: name:enp0s3: saddr:100932208: daddr:33561200
[  233.755369] AAAAA-TCP_FORW: name:enp0s3: saddr:100932208: daddr:33561200
[  233.779858] AAAAA-TCP_FORW: name:enp0s3: saddr:100932208: daddr:33561200
[  233.788283] AAAAA-TCP_FORW: name:enp0s3: saddr:16783984: daddr:100932208
[  233.826700] AAAAA-TCP_FORW: name:enp0s3: saddr:100932208: daddr:33561200
[  233.875307] AAAAA-TCP_FORW: name:enp0s3: saddr:16783984: daddr:100932208
[  233.910686] AAAAA-TCP_FORW: name:enp0s3: saddr:100932208: daddr:33561200
[  233.998110] AAAAA-TCP_FORW: name:enp0s3: saddr:16783984: daddr:100932208
[  234.183132] AAAAA-TCP_FORW: name:enp0s3: saddr:16783984: daddr:100932208
[  234.361737] AAAAA-TCP_FORW: name:enp0s3: saddr:100932208: daddr:16783984
[  234.476212] AAAAA-TCP_FORW: name:enp0s3: saddr:16783984: daddr:100932208
[  234.497382] AAAAA-TCP_FORW: name:enp0s3: saddr:100932208: daddr:16783984
[  234.524872] AAAAA-TCP_FORW: name:enp0s3: saddr:100932208: daddr:16783984
[  234.561478] AAAAA-TCP_FORW: name:enp0s3: saddr:100932208: daddr:16783984
[  234.770765] AAAAA-TCP_FORW: name:enp0s3: saddr:33561200: daddr:100932208
[  234.821475] AAAAA-TCP_FORW: name:enp0s3: saddr:100932208: daddr:16783984
[  234.840322] AAAAA-TCP_FORW: name:enp0s3: saddr:33561200: daddr:100932208
[  234.857517] AAAAA-TCP_FORW: name:enp0s3: saddr:100932208: daddr:16783984
[  235.010877] AAAAA-TCP_FORW: name:enp0s3: saddr:16783984: daddr:100932208
[  235.031133] AAAAA-TCP_FORW: name:enp0s3: saddr:100932208: daddr:16783984
[  235.088540] AAAAA-TCP_FORW: name:enp0s3: saddr:100932208: daddr:16783984
[  235.476560] AAAAA-TCP_FORW: name:enp0s3: saddr:100932208: daddr:16783984
[  235.640116] AAAAA-TCP_FORW: name:enp0s3: saddr:100932208: daddr:16783984
[  236.032071] AAAAA-TCP_FORW: name:enp0s3: saddr:100932208: daddr:16783984
[  236.101721] AAAAA-TCP_FORW: name:enp0s3: saddr:100932208: daddr:16783984
[  236.298180] AAAAA-TCP_FORW: name:enp0s3: saddr:100932208: daddr:16783984
[  236.592422] AAAAA-TCP_FORW: name:enp0s3: saddr:100932208: daddr:16783984
[  236.607925] AAAAA-TCP_FORW: name:enp0s3: saddr:100932208: daddr:16783984
[  236.784414] AAAAA-TCP_FORW: name:enp0s3: saddr:100932208: daddr:16783984
[  237.087975] AAAAA-TCP_FORW: name:enp0s3: saddr:100932208: daddr:16783984
[  237.160749] AAAAA-TCP_FORW: name:enp0s3: saddr:100932208: daddr:16783984
[  237.608442] AAAAA-TCP_FORW: name:enp0s3: saddr:100932208: daddr:16783984
[  237.838644] AAAAA-TCP_FORW: name:enp0s3: saddr:100932208: daddr:16783984
[  237.992164] AAAAA-TCP_FORW: name:enp0s3: saddr:100932208: daddr:16783984
[  238.238650] AAAAA-TCP_FORW: name:enp0s3: saddr:100932208: daddr:16783984
[  238.608948] AAAAA-TCP_FORW: name:enp0s3: saddr:100932208: daddr:16783984
[  238.869331] AAAAA-TCP_FORW: name:enp0s3: saddr:100932208: daddr:16783984
[  239.185565] AAAAA-TCP_FORW: name:enp0s3: saddr:100932208: daddr:33561200
[  239.288203] AAAAA-TCP_FORW: name:enp0s3: saddr:100932208: daddr:33561200
[  239.496396] AAAAA-TCP_FORW: name:enp0s3: saddr:100932208: daddr:33561200
[  239.538412] AAAAA-TCP_FORW: name:enp0s3: saddr:100932208: daddr:16783984
[  239.673723] AAAAA-TCP_FORW: name:enp0s3: saddr:100932208: daddr:33561200
[  239.708288] AAAAA-TCP_FORW: name:enp0s3: saddr:100932208: daddr:33561200
[  239.758172] AAAAA-TCP_FORW: name:enp0s3: saddr:100932208: daddr:33561200
[  239.839739] AAAAA-TCP_FORW: name:enp0s3: saddr:100932208: daddr:33561200
[  239.953062] AAAAA-TCP_FORW: name:enp0s3: saddr:100932208: daddr:33561200
[  240.044405] AAAAA-TCP_FORW: name:enp0s3: saddr:100932208: daddr:33561200
[  240.097810] AAAAA-TCP_FORW: name:enp0s3: saddr:100932208: daddr:33561200
[  240.173313] AAAAA-TCP_FORW: name:enp0s3: saddr:100932208: daddr:33561200
[  240.206500] AAAAA-TCP_FORW: name:enp0s3: saddr:100932208: daddr:33561200
[  240.411278] AAAAA-TCP_FORW: name:enp0s3: saddr:100932208: daddr:16783984
[  240.630062] AAAAA-TCP_FORW: name:enp0s3: saddr:100932208: daddr:16783984
[  240.663969] AAAAA-TCP_FORW: name:enp0s3: saddr:100932208: daddr:16783984
[  240.702483] AAAAA-TCP_FORW: name:enp0s3: saddr:100932208: daddr:16783984
[  240.802106] AAAAA-TCP_FORW: name:enp0s3: saddr:100932208: daddr:16783984
[  240.847276] AAAAA-TCP_FORW: name:enp0s3: saddr:100932208: daddr:16783984
[  241.022404] AAAAA-TCP_FORW: name:enp0s3: saddr:100932208: daddr:16783984
[  241.064620] AAAAA-TCP_FORW: name:enp0s3: saddr:100932208: daddr:16783984
[  241.127653] AAAAA-TCP_FORW: name:enp0s3: saddr:100932208: daddr:16783984
[  241.287604] AAAAA-TCP_FORW: name:enp0s3: saddr:100932208: daddr:16783984
[  241.375264] AAAAA-TCP_FORW: name:enp0s3: saddr:100932208: daddr:16783984
[  241.433622] AAAAA-TCP_FORW: name:enp0s3: saddr:100932208: daddr:16783984
[  241.615163] AAAAA-TCP_FORW: name:enp0s3: saddr:100932208: daddr:16783984
[  241.699875] AAAAA-TCP_FORW: name:enp0s3: saddr:100932208: daddr:16783984
[  241.747177] AAAAA-TCP_FORW: name:enp0s3: saddr:100932208: daddr:16783984
[  241.884126] AAAAA-TCP_FORW: name:enp0s3: saddr:100932208: daddr:16783984
[  242.040267] AAAAA-TCP_FORW: name:enp0s3: saddr:100932208: daddr:16783984
[  242.278944] AAAAA-TCP_FORW: name:enp0s3: saddr:100932208: daddr:16783984
[  242.383821] AAAAA-TCP_FORW: name:enp0s3: saddr:100932208: daddr:33561200
[  242.413081] AAAAA-TCP_FORW: name:enp0s3: saddr:100932208: daddr:33561200
[  242.484508] AAAAA-TCP_FORW: name:enp0s3: saddr:100932208: daddr:33561200
[  243.630830] AAAAA-TCP_FORW: name:enp0s3: saddr:33561200: daddr:100932208
[  243.793279] AAAAA-TCP_FORW: name:enp0s3: saddr:100932208: daddr:33561200
[  263.877818] AAAAA-TCP_FORW: name:enp0s3: saddr:100932208: daddr:16783984
[  263.948718] AAAAA-TCP_FORW: name:enp0s3: saddr:100932208: daddr:16783984
[  264.009750] AAAAA-TCP_FORW: name:enp0s3: saddr:16783984: daddr:100932208
[  264.091222] AAAAA-TCP_FORW: name:enp0s3: saddr:100932208: daddr:16783984
[  264.123071] AAAAA-TCP_FORW: name:enp0s3: saddr:16783984: daddr:100932208
[  264.125269] AAAAA-TCP_FORW: name:enp0s3: saddr:100932208: daddr:16783984
[  264.209784] AAAAA-TCP_FORW: name:enp0s3: saddr:100932208: daddr:16783984
[  264.238303] AAAAA-TCP_FORW: name:enp0s3: saddr:16783984: daddr:100932208
[  264.267862] AAAAA-TCP_FORW: name:enp0s3: saddr:100932208: daddr:16783984
[  264.294087] AAAAA-TCP_FORW: name:enp0s3: saddr:100932208: daddr:16783984
[  264.338555] AAAAA-TCP_FORW: name:enp0s3: saddr:100932208: daddr:16783984
[  264.359275] AAAAA-TCP_FORW: name:enp0s3: saddr:100932208: daddr:16783984
[  264.419298] AAAAA-TCP_FORW: name:enp0s3: saddr:100932208: daddr:16783984
[  264.460778] AAAAA-TCP_FORW: name:enp0s3: saddr:16783984: daddr:100932208
[  264.506904] AAAAA-TCP_FORW: name:enp0s3: saddr:100932208: daddr:16783984
[  264.520934] AAAAA-TCP_FORW: name:enp0s3: saddr:16783984: daddr:100932208
[  264.567438] AAAAA-TCP_FORW: name:enp0s3: saddr:100932208: daddr:33561200
[  264.600150] AAAAA-TCP_FORW: name:enp0s3: saddr:100932208: daddr:33561200
[  264.626683] AAAAA-TCP_FORW: name:enp0s3: saddr:16783984: daddr:100932208
[  264.649561] AAAAA-TCP_FORW: name:enp0s3: saddr:100932208: daddr:33561200
[  264.789122] AAAAA-TCP_FORW: name:enp0s3: saddr:16783984: daddr:100932208
[  264.890686] AAAAA-TCP_FORW: name:enp0s3: saddr:16783984: daddr:100932208
[  264.993263] AAAAA-TCP_FORW: name:enp0s3: saddr:16783984: daddr:100932208
[  265.087105] AAAAA-TCP_FORW: name:enp0s3: saddr:16783984: daddr:100932208
[  265.185980] AAAAA-TCP_FORW: name:enp0s3: saddr:16783984: daddr:100932208
[  265.343162] AAAAA-TCP_FORW: name:enp0s3: saddr:33561200: daddr:100932208
[  265.626698] AAAAA-TCP_FORW: name:enp0s3: saddr:33561200: daddr:100932208
[  265.796801] AAAAA-TCP_FORW: name:enp0s3: saddr:33561200: daddr:100932208
[  265.885419] AAAAA-TCP_FORW: name:enp0s3: saddr:100932208: daddr:16783984
[  265.914513] AAAAA-TCP_FORW: name:enp0s3: saddr:100932208: daddr:16783984
[  265.966553] AAAAA-TCP_FORW: name:enp0s3: saddr:100932208: daddr:16783984
[  265.986443] AAAAA-TCP_FORW: name:enp0s3: saddr:100932208: daddr:16783984
[  266.057868] AAAAA-TCP_FORW: name:enp0s3: saddr:100932208: daddr:16783984
[  266.212732] AAAAA-TCP_FORW: name:enp0s3: saddr:100932208: daddr:16783984
[  266.242914] AAAAA-TCP_FORW: name:enp0s3: saddr:100932208: daddr:16783984
[  266.271027] AAAAA-TCP_FORW: name:enp0s3: saddr:100932208: daddr:16783984
[  266.393590] AAAAA-TCP_FORW: name:enp0s3: saddr:100932208: daddr:16783984
[  266.405499] AAAAA-TCP_FORW: name:enp0s3: saddr:16783984: daddr:100932208
[  266.556976] AAAAA-TCP_FORW: name:enp0s3: saddr:100932208: daddr:16783984
[  266.605384] AAAAA-TCP_FORW: name:enp0s3: saddr:16783984: daddr:100932208
[  266.612987] AAAAA-TCP_FORW: name:enp0s3: saddr:100932208: daddr:16783984
[  266.632073] AAAAA-TCP_FORW: name:enp0s3: saddr:16783984: daddr:100932208
[  266.675722] AAAAA-TCP_FORW: name:enp0s3: saddr:100932208: daddr:16783984
[  266.711322] AAAAA-TCP_FORW: name:enp0s3: saddr:16783984: daddr:100932208
[  266.725309] AAAAA-TCP_FORW: name:enp0s3: saddr:100932208: daddr:16783984
[  266.778254] AAAAA-TCP_FORW: name:enp0s3: saddr:16783984: daddr:100932208
[  266.796579] AAAAA-TCP_FORW: name:enp0s3: saddr:100932208: daddr:33561200
[  266.899169] AAAAA-TCP_FORW: name:enp0s3: saddr:100932208: daddr:33561200
[  266.910603] AAAAA-TCP_FORW: name:enp0s3: saddr:16783984: daddr:100932208
[  266.947999] AAAAA-TCP_FORW: name:enp0s3: saddr:100932208: daddr:33561200
[  266.980815] AAAAA-TCP_FORW: name:enp0s3: saddr:16783984: daddr:100932208
[  266.984870] AAAAA-TCP_FORW: name:enp0s3: saddr:100932208: daddr:33561200
[  267.068174] AAAAA-TCP_FORW: name:enp0s3: saddr:16783984: daddr:100932208
[  267.085579] AAAAA-TCP_FORW: name:enp0s3: saddr:100932208: daddr:16783984
[  267.112489] AAAAA-TCP_FORW: name:enp0s3: saddr:16783984: daddr:100932208
[  267.163522] AAAAA-TCP_FORW: name:enp0s3: saddr:16783984: daddr:100932208
[  267.209852] AAAAA-TCP_FORW: name:enp0s3: saddr:100932208: daddr:16783984
[  267.264343] AAAAA-TCP_FORW: name:enp0s3: saddr:16783984: daddr:100932208
[  267.302319] AAAAA-TCP_FORW: name:enp0s3: saddr:100932208: daddr:16783984
[  267.350030] AAAAA-TCP_FORW: name:enp0s3: saddr:16783984: daddr:100932208
[  267.386202] AAAAA-TCP_FORW: name:enp0s3: saddr:100932208: daddr:16783984
[  267.446154] AAAAA-TCP_FORW: name:enp0s3: saddr:16783984: daddr:100932208
[  267.489496] AAAAA-TCP_FORW: name:enp0s3: saddr:100932208: daddr:16783984
[  267.564629] AAAAA-TCP_FORW: name:enp0s3: saddr:33561200: daddr:100932208
[  267.639449] AAAAA-TCP_FORW: name:enp0s3: saddr:33561200: daddr:100932208
[  267.682707] AAAAA-TCP_FORW: name:enp0s3: saddr:100932208: daddr:16783984
[  267.721358] AAAAA-TCP_FORW: name:enp0s3: saddr:33561200: daddr:100932208
[  267.769946] AAAAA-TCP_FORW: name:enp0s3: saddr:100932208: daddr:16783984
[  267.802303] AAAAA-TCP_FORW: name:enp0s3: saddr:33561200: daddr:100932208
[  267.842240] AAAAA-TCP_FORW: name:enp0s3: saddr:100932208: daddr:16783984
[  267.942657] AAAAA-TCP_FORW: name:enp0s3: saddr:100932208: daddr:16783984
[  267.977653] AAAAA-TCP_FORW: name:enp0s3: saddr:16783984: daddr:100932208
[  268.003675] AAAAA-TCP_FORW: name:enp0s3: saddr:100932208: daddr:16783984
[  268.038022] AAAAA-TCP_FORW: name:enp0s3: saddr:16783984: daddr:100932208
[  268.082379] AAAAA-TCP_FORW: name:enp0s3: saddr:100932208: daddr:16783984
[  268.123529] AAAAA-TCP_FORW: name:enp0s3: saddr:16783984: daddr:100932208
[  268.162015] AAAAA-TCP_FORW: name:enp0s3: saddr:100932208: daddr:16783984
[  268.249199] AAAAA-TCP_FORW: name:enp0s3: saddr:16783984: daddr:100932208
[  268.296851] AAAAA-TCP_FORW: name:enp0s3: saddr:100932208: daddr:16783984
[  268.338329] AAAAA-TCP_FORW: name:enp0s3: saddr:16783984: daddr:100932208
[  268.413441] AAAAA-TCP_FORW: name:enp0s3: saddr:100932208: daddr:33561200
[  268.443958] AAAAA-TCP_FORW: name:enp0s3: saddr:100932208: daddr:33561200
[  268.489414] AAAAA-TCP_FORW: name:enp0s3: saddr:16783984: daddr:100932208
[  268.538253] AAAAA-TCP_FORW: name:enp0s3: saddr:100932208: daddr:33561200
[  268.582234] AAAAA-TCP_FORW: name:enp0s3: saddr:16783984: daddr:100932208
[  268.623841] AAAAA-TCP_FORW: name:enp0s3: saddr:100932208: daddr:33561200
[  268.666146] AAAAA-TCP_FORW: name:enp0s3: saddr:16783984: daddr:100932208
[  268.730564] AAAAA-TCP_FORW: name:enp0s3: saddr:16783984: daddr:100932208
[  268.806653] AAAAA-TCP_FORW: name:enp0s3: saddr:100932208: daddr:16783984
[  268.852246] AAAAA-TCP_FORW: name:enp0s3: saddr:16783984: daddr:100932208
[  268.912008] AAAAA-TCP_FORW: name:enp0s3: saddr:100932208: daddr:16783984
[  268.953115] AAAAA-TCP_FORW: name:enp0s3: saddr:16783984: daddr:100932208
[  268.998598] AAAAA-TCP_FORW: name:enp0s3: saddr:100932208: daddr:16783984
[  269.041373] AAAAA-TCP_FORW: name:enp0s3: saddr:16783984: daddr:100932208
[  269.077954] AAAAA-TCP_FORW: name:enp0s3: saddr:100932208: daddr:16783984
[  269.121056] AAAAA-TCP_FORW: name:enp0s3: saddr:16783984: daddr:100932208
[  269.156688] AAAAA-TCP_FORW: name:enp0s3: saddr:100932208: daddr:16783984
[  269.247880] AAAAA-TCP_FORW: name:enp0s3: saddr:33561200: daddr:100932208
[  269.303840] AAAAA-TCP_FORW: name:enp0s3: saddr:33561200: daddr:100932208
[  269.317518] AAAAA-TCP_FORW: name:enp0s3: saddr:100932208: daddr:16783984
[  269.366131] AAAAA-TCP_FORW: name:enp0s3: saddr:33561200: daddr:100932208
[  269.407821] AAAAA-TCP_FORW: name:enp0s3: saddr:100932208: daddr:16783984
[  269.476931] AAAAA-TCP_FORW: name:enp0s3: saddr:100932208: daddr:16783984
[  269.483367] AAAAA-TCP_FORW: name:enp0s3: saddr:33561200: daddr:100932208
[  269.511705] AAAAA-TCP_FORW: name:enp0s3: saddr:100932208: daddr:16783984
[  269.546189] AAAAA-TCP_FORW: name:enp0s3: saddr:100932208: daddr:16783984
[  269.593138] AAAAA-TCP_FORW: name:enp0s3: saddr:16783984: daddr:100932208
[  269.633068] AAAAA-TCP_FORW: name:enp0s3: saddr:100932208: daddr:16783984
[  269.680146] AAAAA-TCP_FORW: name:enp0s3: saddr:16783984: daddr:100932208
[  269.715138] AAAAA-TCP_FORW: name:enp0s3: saddr:100932208: daddr:16783984
[  269.755499] AAAAA-TCP_FORW: name:enp0s3: saddr:16783984: daddr:100932208
[  269.794812] AAAAA-TCP_FORW: name:enp0s3: saddr:100932208: daddr:16783984
[  269.839708] AAAAA-TCP_FORW: name:enp0s3: saddr:16783984: daddr:100932208
[  269.878924] AAAAA-TCP_FORW: name:enp0s3: saddr:100932208: daddr:16783984
[  269.942645] AAAAA-TCP_FORW: name:enp0s3: saddr:16783984: daddr:100932208
[  270.015092] AAAAA-TCP_FORW: name:enp0s3: saddr:100932208: daddr:33561200
[  270.036768] AAAAA-TCP_FORW: name:enp0s3: saddr:100932208: daddr:33561200
[  270.086638] AAAAA-TCP_FORW: name:enp0s3: saddr:16783984: daddr:100932208
[  270.097312] AAAAA-TCP_FORW: name:enp0s3: saddr:100932208: daddr:33561200
[  270.127854] AAAAA-TCP_FORW: name:enp0s3: saddr:100932208: daddr:33561200
[  270.183468] AAAAA-TCP_FORW: name:enp0s3: saddr:16783984: daddr:100932208
[  270.201187] AAAAA-TCP_FORW: name:enp0s3: saddr:100932208: daddr:33561200
[  270.314647] AAAAA-TCP_FORW: name:enp0s3: saddr:100932208: daddr:33561200
[  270.358065] AAAAA-TCP_FORW: name:enp0s3: saddr:16783984: daddr:100932208
[  270.522414] AAAAA-TCP_FORW: name:enp0s3: saddr:100932208: daddr:16783984
[  270.591617] AAAAA-TCP_FORW: name:enp0s3: saddr:16783984: daddr:100932208
[  270.640727] AAAAA-TCP_FORW: name:enp0s3: saddr:100932208: daddr:16783984
[  270.695201] AAAAA-TCP_FORW: name:enp0s3: saddr:16783984: daddr:100932208
[  270.729002] AAAAA-TCP_FORW: name:enp0s3: saddr:16783984: daddr:100932208
[  270.756080] AAAAA-TCP_FORW: name:enp0s3: saddr:100932208: daddr:16783984
[  270.811589] AAAAA-TCP_FORW: name:enp0s3: saddr:16783984: daddr:100932208
[  270.861113] AAAAA-TCP_FORW: name:enp0s3: saddr:16783984: daddr:100932208
[  270.889419] AAAAA-TCP_FORW: name:enp0s3: saddr:100932208: daddr:16783984
[  270.925995] AAAAA-TCP_FORW: name:enp0s3: saddr:16783984: daddr:100932208
[  270.973219] AAAAA-TCP_FORW: name:enp0s3: saddr:100932208: daddr:16783984
[  271.052039] AAAAA-TCP_FORW: name:enp0s3: saddr:33561200: daddr:100932208
[  271.116376] AAAAA-TCP_FORW: name:enp0s3: saddr:100932208: daddr:16783984
[  271.132564] AAAAA-TCP_FORW: name:enp0s3: saddr:33561200: daddr:100932208
[  271.176212] AAAAA-TCP_FORW: name:enp0s3: saddr:33561200: daddr:100932208
[  271.231221] AAAAA-TCP_FORW: name:enp0s3: saddr:33561200: daddr:100932208
[  271.272206] AAAAA-TCP_FORW: name:enp0s3: saddr:100932208: daddr:16783984
[  271.321420] AAAAA-TCP_FORW: name:enp0s3: saddr:33561200: daddr:100932208
[  271.386275] AAAAA-TCP_FORW: name:enp0s3: saddr:33561200: daddr:100932208
[  271.414397] AAAAA-TCP_FORW: name:enp0s3: saddr:100932208: daddr:16783984
[  271.476156] AAAAA-TCP_FORW: name:enp0s3: saddr:16783984: daddr:100932208
[  271.549163] AAAAA-TCP_FORW: name:enp0s3: saddr:100932208: daddr:16783984
[  271.594453] AAAAA-TCP_FORW: name:enp0s3: saddr:16783984: daddr:100932208
[  271.637767] AAAAA-TCP_FORW: name:enp0s3: saddr:100932208: daddr:16783984
[  271.665114] AAAAA-TCP_FORW: name:enp0s3: saddr:100932208: daddr:16783984
[  271.704406] AAAAA-TCP_FORW: name:enp0s3: saddr:16783984: daddr:100932208
[  271.775839] AAAAA-TCP_FORW: name:enp0s3: saddr:100932208: daddr:16783984
[  271.805631] AAAAA-TCP_FORW: name:enp0s3: saddr:100932208: daddr:16783984
[  271.845684] AAAAA-TCP_FORW: name:enp0s3: saddr:16783984: daddr:100932208
[  271.901303] AAAAA-TCP_FORW: name:enp0s3: saddr:100932208: daddr:16783984
[  271.954385] AAAAA-TCP_FORW: name:enp0s3: saddr:16783984: daddr:100932208
[  271.984366] AAAAA-TCP_FORW: name:enp0s3: saddr:100932208: daddr:16783984
[  272.056074] AAAAA-TCP_FORW: name:enp0s3: saddr:100932208: daddr:33561200
[  272.119960] AAAAA-TCP_FORW: name:enp0s3: saddr:16783984: daddr:100932208
[  272.175259] AAAAA-TCP_FORW: name:enp0s3: saddr:100932208: daddr:33561200
[  272.210940] AAAAA-TCP_FORW: name:enp0s3: saddr:100932208: daddr:33561200
[  272.239943] AAAAA-TCP_FORW: name:enp0s3: saddr:100932208: daddr:33561200
[  272.283448] AAAAA-TCP_FORW: name:enp0s3: saddr:16783984: daddr:100932208
[  272.345506] AAAAA-TCP_FORW: name:enp0s3: saddr:100932208: daddr:33561200
[  272.385238] AAAAA-TCP_FORW: name:enp0s3: saddr:100932208: daddr:33561200
[  272.444558] AAAAA-TCP_FORW: name:enp0s3: saddr:16783984: daddr:100932208
[  272.494384] AAAAA-TCP_FORW: name:enp0s3: saddr:100932208: daddr:16783984
[  272.539762] AAAAA-TCP_FORW: name:enp0s3: saddr:16783984: daddr:100932208
[  272.596810] AAAAA-TCP_FORW: name:enp0s3: saddr:100932208: daddr:16783984
[  272.669990] AAAAA-TCP_FORW: name:enp0s3: saddr:16783984: daddr:100932208
[  272.730585] AAAAA-TCP_FORW: name:enp0s3: saddr:16783984: daddr:100932208
[  272.763593] AAAAA-TCP_FORW: name:enp0s3: saddr:100932208: daddr:16783984
[  272.824121] AAAAA-TCP_FORW: name:enp0s3: saddr:16783984: daddr:100932208
[  272.894687] AAAAA-TCP_FORW: name:enp0s3: saddr:16783984: daddr:100932208
[  272.954744] AAAAA-TCP_FORW: name:enp0s3: saddr:16783984: daddr:100932208
[  273.028814] AAAAA-TCP_FORW: name:enp0s3: saddr:16783984: daddr:100932208
[  273.126530] AAAAA-TCP_FORW: name:enp0s3: saddr:33561200: daddr:100932208
[  273.200163] AAAAA-TCP_FORW: name:enp0s3: saddr:33561200: daddr:100932208
[  273.275413] AAAAA-TCP_FORW: name:enp0s3: saddr:33561200: daddr:100932208
[  273.323211] AAAAA-TCP_FORW: name:enp0s3: saddr:33561200: daddr:100932208
[  273.381170] AAAAA-TCP_FORW: name:enp0s3: saddr:33561200: daddr:100932208
[  273.445699] AAAAA-TCP_FORW: name:enp0s3: saddr:33561200: daddr:100932208
[  273.553770] AAAAA-TCP_FORW: name:enp0s3: saddr:16783984: daddr:100932208
[  273.649550] AAAAA-TCP_FORW: name:enp0s3: saddr:16783984: daddr:100932208
[  273.742913] AAAAA-TCP_FORW: name:enp0s3: saddr:16783984: daddr:100932208
[  295.451372] AAAAA-TCP_FORW: name:enp0s3: saddr:100932208: daddr:16783984
[  295.581968] AAAAA-TCP_FORW: name:enp0s3: saddr:100932208: daddr:16783984
[  295.671846] AAAAA-TCP_FORW: name:enp0s3: saddr:100932208: daddr:16783984
[  295.781765] AAAAA-TCP_FORW: name:enp0s3: saddr:100932208: daddr:16783984
[  295.864368] AAAAA-TCP_FORW: name:enp0s3: saddr:100932208: daddr:16783984
[  295.995532] AAAAA-TCP_FORW: name:enp0s3: saddr:100932208: daddr:16783984
[  296.042505] AAAAA-TCP_FORW: name:enp0s3: saddr:100932208: daddr:16783984
[  296.122439] AAAAA-TCP_FORW: name:enp0s3: saddr:100932208: daddr:16783984
[  296.210182] AAAAA-TCP_FORW: name:enp0s3: saddr:100932208: daddr:16783984
[  296.283092] AAAAA-TCP_FORW: name:enp0s3: saddr:100932208: daddr:16783984
[  296.328232] AAAAA-TCP_FORW: name:enp0s3: saddr:100932208: daddr:16783984
[  296.406380] AAAAA-TCP_FORW: name:enp0s3: saddr:100932208: daddr:16783984
[  296.479402] AAAAA-TCP_FORW: name:enp0s3: saddr:100932208: daddr:33561200
[  296.506149] AAAAA-TCP_FORW: name:enp0s3: saddr:100932208: daddr:33561200
[  296.584468] AAAAA-TCP_FORW: name:enp0s3: saddr:100932208: daddr:33561200
[  296.618161] AAAAA-TCP_FORW: name:enp0s3: saddr:100932208: daddr:33561200
[  296.677285] AAAAA-TCP_FORW: name:enp0s3: saddr:100932208: daddr:33561200
[  296.694475] AAAAA-TCP_FORW: name:enp0s3: saddr:100932208: daddr:33561200
[  299.106217] AAAAA-TCP_FORW: name:enp0s3: saddr:100932208: daddr:16783984
[  299.493877] AAAAA-TCP_FORW: name:enp0s3: saddr:100932208: daddr:16783984
[  299.549077] AAAAA-TCP_FORW: name:enp0s3: saddr:100932208: daddr:16783984
[  299.617775] AAAAA-TCP_FORW: name:enp0s3: saddr:100932208: daddr:33561200
[  299.690122] AAAAA-TCP_FORW: name:enp0s3: saddr:100932208: daddr:16783984
[  299.847971] AAAAA-TCP_FORW: name:enp0s3: saddr:100932208: daddr:16783984
[  299.967665] AAAAA-TCP_FORW: name:enp0s3: saddr:100932208: daddr:16783984
[  300.015961] AAAAA-TCP_FORW: name:enp0s3: saddr:100932208: daddr:16783984
[  300.126850] AAAAA-TCP_FORW: name:enp0s3: saddr:100932208: daddr:16783984
[  300.206332] AAAAA-TCP_FORW: name:enp0s3: saddr:100932208: daddr:16783984
[  300.264901] AAAAA-TCP_FORW: name:enp0s3: saddr:100932208: daddr:16783984
[  300.374709] AAAAA-TCP_FORW: name:enp0s3: saddr:100932208: daddr:16783984
[  300.423341] AAAAA-TCP_FORW: name:enp0s3: saddr:100932208: daddr:16783984
[  300.504707] AAAAA-TCP_FORW: name:enp0s3: saddr:100932208: daddr:16783984
[  300.613714] AAAAA-TCP_FORW: name:enp0s3: saddr:100932208: daddr:16783984
[  300.683651] AAAAA-TCP_FORW: name:enp0s3: saddr:100932208: daddr:16783984
[  300.749320] AAAAA-TCP_FORW: name:enp0s3: saddr:100932208: daddr:33561200
[  300.877334] AAAAA-TCP_FORW: name:enp0s3: saddr:100932208: daddr:33561200
[  300.935701] AAAAA-TCP_FORW: name:enp0s3: saddr:100932208: daddr:33561200
[  301.079582] AAAAA-TCP_FORW: name:enp0s3: saddr:100932208: daddr:33561200
[  301.172838] AAAAA-TCP_FORW: name:enp0s3: saddr:100932208: daddr:33561200
[  301.297755] AAAAA-TCP_FORW: name:enp0s3: saddr:100932208: daddr:33561200
[  302.383305] AAAAA-TCP_FORW: name:enp0s3: saddr:100932208: daddr:16783984
[  302.453109] AAAAA-TCP_FORW: name:enp0s3: saddr:100932208: daddr:16783984
[  302.497872] AAAAA-TCP_FORW: name:enp0s3: saddr:100932208: daddr:16783984
[  302.547991] AAAAA-TCP_FORW: name:enp0s3: saddr:100932208: daddr:16783984
[  302.589810] AAAAA-TCP_FORW: name:enp0s3: saddr:100932208: daddr:16783984
[  302.661411] AAAAA-TCP_FORW: name:enp0s3: saddr:100932208: daddr:16783984
[  302.739637] AAAAA-TCP_FORW: name:enp0s3: saddr:100932208: daddr:16783984
[  302.849713] AAAAA-TCP_FORW: name:enp0s3: saddr:100932208: daddr:16783984
[  302.912975] AAAAA-TCP_FORW: name:enp0s3: saddr:100932208: daddr:16783984
[  302.953808] AAAAA-TCP_FORW: name:enp0s3: saddr:100932208: daddr:16783984
[  303.014774] AAAAA-TCP_FORW: name:enp0s3: saddr:100932208: daddr:16783984
[  303.107159] AAAAA-TCP_FORW: name:enp0s3: saddr:100932208: daddr:16783984
[  303.185843] AAAAA-TCP_FORW: name:enp0s3: saddr:100932208: daddr:16783984
[  303.269640] AAAAA-TCP_FORW: name:enp0s3: saddr:100932208: daddr:16783984
[  303.311856] AAAAA-TCP_FORW: name:enp0s3: saddr:100932208: daddr:16783984
[  303.375797] AAAAA-TCP_FORW: name:enp0s3: saddr:100932208: daddr:16783984
[  303.432616] AAAAA-TCP_FORW: name:enp0s3: saddr:100932208: daddr:16783984
[  303.494926] AAAAA-TCP_FORW: name:enp0s3: saddr:100932208: daddr:16783984
[  303.558859] AAAAA-TCP_FORW: name:enp0s3: saddr:100932208: daddr:16783984
[  303.601243] AAAAA-TCP_FORW: name:enp0s3: saddr:100932208: daddr:16783984
[  303.654376] AAAAA-TCP_FORW: name:enp0s3: saddr:100932208: daddr:16783984
[  303.705809] AAAAA-TCP_FORW: name:enp0s3: saddr:100932208: daddr:16783984
[  303.843040] AAAAA-TCP_FORW: name:enp0s3: saddr:100932208: daddr:16783984
[  303.885012] AAAAA-TCP_FORW: name:enp0s3: saddr:100932208: daddr:16783984
[  303.952688] AAAAA-TCP_FORW: name:enp0s3: saddr:100932208: daddr:16783984
[  304.035037] AAAAA-TCP_FORW: name:enp0s3: saddr:100932208: daddr:16783984
[  304.122687] AAAAA-TCP_FORW: name:enp0s3: saddr:100932208: daddr:33561200
[  304.198713] AAAAA-TCP_FORW: name:enp0s3: saddr:100932208: daddr:33561200
[  304.270729] AAAAA-TCP_FORW: name:enp0s3: saddr:100932208: daddr:33561200
[  304.341005] AAAAA-TCP_FORW: name:enp0s3: saddr:100932208: daddr:33561200
[  304.405292] AAAAA-TCP_FORW: name:enp0s3: saddr:100932208: daddr:33561200
[  304.441019] AAAAA-TCP_FORW: name:enp0s3: saddr:100932208: daddr:33561200
[  305.383791] AAAAA-TCP_FORW: name:enp0s3: saddr:100932208: daddr:16783984
[  305.575364] AAAAA-TCP_FORW: name:enp0s3: saddr:100932208: daddr:16783984
[  305.659198] AAAAA-TCP_FORW: name:enp0s3: saddr:100932208: daddr:16783984
[  305.774805] AAAAA-TCP_FORW: name:enp0s3: saddr:100932208: daddr:16783984
[  305.893091] AAAAA-TCP_FORW: name:enp0s3: saddr:100932208: daddr:16783984
[  305.972260] AAAAA-TCP_FORW: name:enp0s3: saddr:100932208: daddr:16783984
[  306.062611] AAAAA-TCP_FORW: name:enp0s3: saddr:100932208: daddr:16783984
[  306.174778] AAAAA-TCP_FORW: name:enp0s3: saddr:100932208: daddr:16783984
[  306.239056] AAAAA-TCP_FORW: name:enp0s3: saddr:100932208: daddr:16783984
[  306.368669] AAAAA-TCP_FORW: name:enp0s3: saddr:100932208: daddr:16783984
[  306.457188] AAAAA-TCP_FORW: name:enp0s3: saddr:100932208: daddr:16783984
[  306.520729] AAAAA-TCP_FORW: name:enp0s3: saddr:100932208: daddr:16783984
[  306.607371] AAAAA-TCP_FORW: name:enp0s3: saddr:100932208: daddr:16783984
[  306.651682] AAAAA-TCP_FORW: name:enp0s3: saddr:100932208: daddr:16783984
[  306.691763] AAAAA-TCP_FORW: name:enp0s3: saddr:100932208: daddr:16783984
[  306.771931] AAAAA-TCP_FORW: name:enp0s3: saddr:100932208: daddr:16783984
[  306.830180] AAAAA-TCP_FORW: name:enp0s3: saddr:100932208: daddr:16783984
[  306.909019] AAAAA-TCP_FORW: name:enp0s3: saddr:100932208: daddr:16783984
[  306.959163] AAAAA-TCP_FORW: name:enp0s3: saddr:100932208: daddr:16783984
[  307.020074] AAAAA-TCP_FORW: name:enp0s3: saddr:100932208: daddr:16783984
[  307.075139] AAAAA-TCP_FORW: name:enp0s3: saddr:100932208: daddr:16783984
[  307.137742] AAAAA-TCP_FORW: name:enp0s3: saddr:100932208: daddr:16783984
[  307.258088] AAAAA-TCP_FORW: name:enp0s3: saddr:100932208: daddr:16783984
[  307.322148] AAAAA-TCP_FORW: name:enp0s3: saddr:100932208: daddr:16783984
[  307.397414] AAAAA-TCP_FORW: name:enp0s3: saddr:100932208: daddr:16783984
[  307.493580] AAAAA-TCP_FORW: name:enp0s3: saddr:100932208: daddr:16783984
[  307.688190] AAAAA-TCP_FORW: name:enp0s3: saddr:100932208: daddr:33561200
[  307.757706] AAAAA-TCP_FORW: name:enp0s3: saddr:100932208: daddr:33561200
[  307.869439] AAAAA-TCP_FORW: name:enp0s3: saddr:100932208: daddr:33561200
[  307.977668] AAAAA-TCP_FORW: name:enp0s3: saddr:100932208: daddr:33561200
[  308.091266] AAAAA-TCP_FORW: name:enp0s3: saddr:100932208: daddr:33561200
[  308.173396] AAAAA-TCP_FORW: name:enp0s3: saddr:100932208: daddr:33561200
[  308.638681] AAAAA-TCP_FORW: name:enp0s3: saddr:100932208: daddr:16783984
[  308.800561] AAAAA-TCP_FORW: name:enp0s3: saddr:100932208: daddr:16783984
[  308.875900] AAAAA-TCP_FORW: name:enp0s3: saddr:100932208: daddr:16783984
[  308.965740] AAAAA-TCP_FORW: name:enp0s3: saddr:100932208: daddr:16783984
[  309.075740] AAAAA-TCP_FORW: name:enp0s3: saddr:100932208: daddr:16783984
[  309.148772] AAAAA-TCP_FORW: name:enp0s3: saddr:100932208: daddr:16783984
[  309.254764] AAAAA-TCP_FORW: name:enp0s3: saddr:100932208: daddr:16783984
[  309.371453] AAAAA-TCP_FORW: name:enp0s3: saddr:100932208: daddr:16783984
[  309.444105] AAAAA-TCP_FORW: name:enp0s3: saddr:100932208: daddr:16783984
[  309.544352] AAAAA-TCP_FORW: name:enp0s3: saddr:100932208: daddr:16783984
[  309.640837] AAAAA-TCP_FORW: name:enp0s3: saddr:100932208: daddr:16783984
[  309.682885] AAAAA-TCP_FORW: name:enp0s3: saddr:100932208: daddr:16783984
[  309.823590] AAAAA-TCP_FORW: name:enp0s3: saddr:100932208: daddr:16783984
[  309.918525] AAAAA-TCP_FORW: name:enp0s3: saddr:100932208: daddr:16783984
[  310.023276] AAAAA-TCP_FORW: name:enp0s3: saddr:100932208: daddr:16783984
[  310.079560] AAAAA-TCP_FORW: name:enp0s3: saddr:100932208: daddr:16783984
[  310.213310] AAAAA-TCP_FORW: name:enp0s3: saddr:100932208: daddr:16783984
[  310.358000] AAAAA-TCP_FORW: name:enp0s3: saddr:100932208: daddr:16783984
[  310.489531] AAAAA-TCP_FORW: name:enp0s3: saddr:100932208: daddr:16783984
[  310.590566] AAAAA-TCP_FORW: name:enp0s3: saddr:100932208: daddr:16783984
[  310.681868] AAAAA-TCP_FORW: name:enp0s3: saddr:100932208: daddr:16783984
[  310.746139] AAAAA-TCP_FORW: name:enp0s3: saddr:100932208: daddr:16783984
[  310.850912] AAAAA-TCP_FORW: name:enp0s3: saddr:100932208: daddr:16783984
[  310.919438] AAAAA-TCP_FORW: name:enp0s3: saddr:100932208: daddr:16783984
[  310.979781] AAAAA-TCP_FORW: name:enp0s3: saddr:100932208: daddr:16783984
[  311.073200] AAAAA-TCP_FORW: name:enp0s3: saddr:100932208: daddr:16783984
[  311.164714] AAAAA-TCP_FORW: name:enp0s3: saddr:100932208: daddr:16783984
[  311.325204] AAAAA-TCP_FORW: name:enp0s3: saddr:100932208: daddr:33561200
[  311.395687] AAAAA-TCP_FORW: name:enp0s3: saddr:100932208: daddr:33561200
[  311.514981] AAAAA-TCP_FORW: name:enp0s3: saddr:100932208: daddr:33561200
[  311.624148] AAAAA-TCP_FORW: name:enp0s3: saddr:100932208: daddr:33561200
[  311.757404] AAAAA-TCP_FORW: name:enp0s3: saddr:100932208: daddr:33561200
[  311.847289] AAAAA-TCP_FORW: name:enp0s3: saddr:100932208: daddr:33561200
[  312.306394] AAAAA-TCP_FORW: name:enp0s3: saddr:100932208: daddr:16783984
[  312.427945] AAAAA-TCP_FORW: name:enp0s3: saddr:100932208: daddr:16783984
[  312.581182] AAAAA-TCP_FORW: name:enp0s3: saddr:100932208: daddr:16783984
[  312.641302] AAAAA-TCP_FORW: name:enp0s3: saddr:100932208: daddr:16783984
[  312.753971] AAAAA-TCP_FORW: name:enp0s3: saddr:100932208: daddr:16783984
[  312.843268] AAAAA-TCP_FORW: name:enp0s3: saddr:100932208: daddr:16783984
[  312.948138] AAAAA-TCP_FORW: name:enp0s3: saddr:100932208: daddr:16783984
[  313.040431] AAAAA-TCP_FORW: name:enp0s3: saddr:100932208: daddr:16783984
[  313.117733] AAAAA-TCP_FORW: name:enp0s3: saddr:100932208: daddr:16783984
[  313.197959] AAAAA-TCP_FORW: name:enp0s3: saddr:100932208: daddr:16783984
[  313.291106] AAAAA-TCP_FORW: name:enp0s3: saddr:100932208: daddr:16783984
[  313.356006] AAAAA-TCP_FORW: name:enp0s3: saddr:100932208: daddr:16783984
[  313.442907] AAAAA-TCP_FORW: name:enp0s3: saddr:100932208: daddr:16783984
[  313.504592] AAAAA-TCP_FORW: name:enp0s3: saddr:100932208: daddr:16783984
[  313.595960] AAAAA-TCP_FORW: name:enp0s3: saddr:100932208: daddr:16783984
[  313.663061] AAAAA-TCP_FORW: name:enp0s3: saddr:100932208: daddr:16783984
[  313.725474] AAAAA-TCP_FORW: name:enp0s3: saddr:100932208: daddr:16783984
[  313.800389] AAAAA-TCP_FORW: name:enp0s3: saddr:100932208: daddr:16783984
[  313.849914] AAAAA-TCP_FORW: name:enp0s3: saddr:100932208: daddr:16783984
[  313.920072] AAAAA-TCP_FORW: name:enp0s3: saddr:100932208: daddr:16783984
[  314.086523] AAAAA-TCP_FORW: name:enp0s3: saddr:100932208: daddr:16783984
[  314.223729] AAAAA-TCP_FORW: name:enp0s3: saddr:100932208: daddr:16783984
[  314.382947] AAAAA-TCP_FORW: name:enp0s3: saddr:100932208: daddr:16783984
[  314.447587] AAAAA-TCP_FORW: name:enp0s3: saddr:100932208: daddr:16783984
[  314.500267] AAAAA-TCP_FORW: name:enp0s3: saddr:100932208: daddr:16783984
[  314.527869] AAAAA-TCP_FORW: name:enp0s3: saddr:100932208: daddr:16783984
[  314.644387] AAAAA-TCP_FORW: name:enp0s3: saddr:100932208: daddr:16783984
[  314.743143] AAAAA-TCP_FORW: name:enp0s3: saddr:100932208: daddr:16783984
[  315.029988] AAAAA-TCP_FORW: name:enp0s3: saddr:100932208: daddr:33561200
[  315.114033] AAAAA-TCP_FORW: name:enp0s3: saddr:100932208: daddr:33561200
[  315.162460] AAAAA-TCP_FORW: name:enp0s3: saddr:100932208: daddr:33561200
[  315.284131] AAAAA-TCP_FORW: name:enp0s3: saddr:100932208: daddr:33561200
[  315.422872] AAAAA-TCP_FORW: name:enp0s3: saddr:100932208: daddr:33561200
[  315.556478] AAAAA-TCP_FORW: name:enp0s3: saddr:100932208: daddr:33561200
[  315.655183] AAAAA-TCP_FORW: name:enp0s3: saddr:100932208: daddr:33561200
[  316.072562] AAAAA-TCP_FORW: name:enp0s3: saddr:100932208: daddr:16783984
[  316.219246] AAAAA-TCP_FORW: name:enp0s3: saddr:100932208: daddr:16783984
[  316.370105] AAAAA-TCP_FORW: name:enp0s3: saddr:100932208: daddr:16783984
[  316.467948] AAAAA-TCP_FORW: name:enp0s3: saddr:100932208: daddr:16783984
[  316.555565] AAAAA-TCP_FORW: name:enp0s3: saddr:100932208: daddr:16783984
[  316.639435] AAAAA-TCP_FORW: name:enp0s3: saddr:100932208: daddr:16783984
[  316.770386] AAAAA-TCP_FORW: name:enp0s3: saddr:100932208: daddr:16783984
[  316.867042] AAAAA-TCP_FORW: name:enp0s3: saddr:100932208: daddr:16783984
[  316.962326] AAAAA-TCP_FORW: name:enp0s3: saddr:100932208: daddr:16783984
[  317.047653] AAAAA-TCP_FORW: name:enp0s3: saddr:100932208: daddr:16783984
[  317.168339] AAAAA-TCP_FORW: name:enp0s3: saddr:100932208: daddr:16783984
[  317.225023] AAAAA-TCP_FORW: name:enp0s3: saddr:100932208: daddr:16783984
[  317.291444] AAAAA-TCP_FORW: name:enp0s3: saddr:100932208: daddr:16783984
[  317.355100] AAAAA-TCP_FORW: name:enp0s3: saddr:100932208: daddr:16783984
[  317.439113] AAAAA-TCP_FORW: name:enp0s3: saddr:100932208: daddr:16783984
[  317.527363] AAAAA-TCP_FORW: name:enp0s3: saddr:100932208: daddr:16783984
[  317.572928] AAAAA-TCP_FORW: name:enp0s3: saddr:100932208: daddr:16783984
[  317.644691] AAAAA-TCP_FORW: name:enp0s3: saddr:100932208: daddr:16783984
[  317.748318] AAAAA-TCP_FORW: name:enp0s3: saddr:100932208: daddr:16783984
[  317.823903] AAAAA-TCP_FORW: name:enp0s3: saddr:100932208: daddr:16783984
[  317.897231] AAAAA-TCP_FORW: name:enp0s3: saddr:100932208: daddr:16783984
[  317.974711] AAAAA-TCP_FORW: name:enp0s3: saddr:100932208: daddr:16783984
[  318.048144] AAAAA-TCP_FORW: name:enp0s3: saddr:100932208: daddr:16783984
[  318.116037] AAAAA-TCP_FORW: name:enp0s3: saddr:100932208: daddr:16783984
[  318.215829] AAAAA-TCP_FORW: name:enp0s3: saddr:100932208: daddr:16783984
[  318.314265] AAAAA-TCP_FORW: name:enp0s3: saddr:100932208: daddr:16783984
[  318.411189] AAAAA-TCP_FORW: name:enp0s3: saddr:100932208: daddr:16783984
[  318.472197] AAAAA-TCP_FORW: name:enp0s3: saddr:100932208: daddr:16783984
[  318.587233] AAAAA-TCP_FORW: name:enp0s3: saddr:100932208: daddr:33561200
[  318.670834] AAAAA-TCP_FORW: name:enp0s3: saddr:100932208: daddr:33561200
[  318.769027] AAAAA-TCP_FORW: name:enp0s3: saddr:100932208: daddr:33561200
[  318.860261] AAAAA-TCP_FORW: name:enp0s3: saddr:100932208: daddr:33561200
[  318.955473] AAAAA-TCP_FORW: name:enp0s3: saddr:100932208: daddr:33561200
[  319.305260] AAAAA-TCP_FORW: name:enp0s3: saddr:100932208: daddr:33561200
[  319.426474] AAAAA-TCP_FORW: name:enp0s3: saddr:100932208: daddr:33561200
[  320.072986] AAAAA-TCP_FORW: name:enp0s3: saddr:100932208: daddr:16783984
[  320.344484] AAAAA-TCP_FORW: name:enp0s3: saddr:100932208: daddr:16783984
[  320.457797] AAAAA-TCP_FORW: name:enp0s3: saddr:100932208: daddr:16783984
[  320.583908] AAAAA-TCP_FORW: name:enp0s3: saddr:100932208: daddr:16783984
[  320.703793] AAAAA-TCP_FORW: name:enp0s3: saddr:100932208: daddr:16783984
[  320.788764] AAAAA-TCP_FORW: name:enp0s3: saddr:100932208: daddr:16783984
[  320.851558] AAAAA-TCP_FORW: name:enp0s3: saddr:100932208: daddr:16783984
[  320.972943] AAAAA-TCP_FORW: name:enp0s3: saddr:100932208: daddr:16783984
[  321.043235] AAAAA-TCP_FORW: name:enp0s3: saddr:100932208: daddr:16783984
[  321.220383] AAAAA-TCP_FORW: name:enp0s3: saddr:100932208: daddr:16783984
[  321.296708] AAAAA-TCP_FORW: name:enp0s3: saddr:100932208: daddr:16783984
[  321.374702] AAAAA-TCP_FORW: name:enp0s3: saddr:100932208: daddr:16783984
[  321.455378] AAAAA-TCP_FORW: name:enp0s3: saddr:100932208: daddr:16783984
[  321.506075] AAAAA-TCP_FORW: name:enp0s3: saddr:100932208: daddr:16783984
[  321.564285] AAAAA-TCP_FORW: name:enp0s3: saddr:100932208: daddr:16783984
[  321.612117] AAAAA-TCP_FORW: name:enp0s3: saddr:100932208: daddr:16783984
[  321.726343] AAAAA-TCP_FORW: name:enp0s3: saddr:100932208: daddr:16783984
[  321.792040] AAAAA-TCP_FORW: name:enp0s3: saddr:100932208: daddr:16783984
[  321.951418] AAAAA-TCP_FORW: name:enp0s3: saddr:100932208: daddr:16783984
[  322.018559] AAAAA-TCP_FORW: name:enp0s3: saddr:100932208: daddr:16783984
[  322.194069] AAAAA-TCP_FORW: name:enp0s3: saddr:100932208: daddr:16783984
[  322.340488] AAAAA-TCP_FORW: name:enp0s3: saddr:100932208: daddr:16783984
[  322.472366] AAAAA-TCP_FORW: name:enp0s3: saddr:100932208: daddr:16783984
[  322.618159] AAAAA-TCP_FORW: name:enp0s3: saddr:100932208: daddr:16783984
[  322.699009] AAAAA-TCP_FORW: name:enp0s3: saddr:100932208: daddr:33561200
[  322.767467] AAAAA-TCP_FORW: name:enp0s3: saddr:100932208: daddr:33561200
[  322.965580] AAAAA-TCP_FORW: name:enp0s3: saddr:100932208: daddr:33561200
[  323.059718] AAAAA-TCP_FORW: name:enp0s3: saddr:100932208: daddr:33561200
[  323.196322] AAAAA-TCP_FORW: name:enp0s3: saddr:100932208: daddr:33561200
[  323.239238] AAAAA-TCP_FORW: name:enp0s3: saddr:100932208: daddr:33561200
[  323.314111] AAAAA-TCP_FORW: name:enp0s3: saddr:100932208: daddr:33561200
[  324.823815] AAAAA-TCP_FORW: name:enp0s3: saddr:100932208: daddr:16783984
[  325.113216] AAAAA-TCP_FORW: name:enp0s3: saddr:100932208: daddr:16783984
[  325.727386] AAAAA-TCP_FORW: name:enp0s3: saddr:100932208: daddr:16783984
[  326.087711] AAAAA-TCP_FORW: name:enp0s3: saddr:100932208: daddr:16783984
[  326.180099] AAAAA-TCP_FORW: name:enp0s3: saddr:100932208: daddr:16783984
[  326.311364] AAAAA-TCP_FORW: name:enp0s3: saddr:100932208: daddr:16783984
[  326.525185] AAAAA-TCP_FORW: name:enp0s3: saddr:100932208: daddr:16783984
[  326.828465] AAAAA-TCP_FORW: name:enp0s3: saddr:100932208: daddr:16783984
[  327.064919] AAAAA-TCP_FORW: name:enp0s3: saddr:100932208: daddr:16783984
[  327.151537] AAAAA-TCP_FORW: name:enp0s3: saddr:100932208: daddr:16783984
[  327.203401] AAAAA-TCP_FORW: name:enp0s3: saddr:100932208: daddr:16783984
[  327.305341] AAAAA-TCP_FORW: name:enp0s3: saddr:100932208: daddr:16783984
[  327.344108] AAAAA-TCP_FORW: name:enp0s3: saddr:100932208: daddr:16783984
[  327.451386] AAAAA-TCP_FORW: name:enp0s3: saddr:100932208: daddr:16783984
[  327.700571] AAAAA-TCP_FORW: name:enp0s3: saddr:100932208: daddr:16783984
[  327.896600] AAAAA-TCP_FORW: name:enp0s3: saddr:100932208: daddr:16783984
[  328.010265] AAAAA-TCP_FORW: name:enp0s3: saddr:100932208: daddr:33561200
[  328.126997] AAAAA-TCP_FORW: name:enp0s3: saddr:100932208: daddr:33561200
[  328.240615] AAAAA-TCP_FORW: name:enp0s3: saddr:100932208: daddr:33561200
[  328.312769] AAAAA-TCP_FORW: name:enp0s3: saddr:100932208: daddr:33561200
[  328.423149] AAAAA-TCP_FORW: name:enp0s3: saddr:100932208: daddr:33561200
[  328.518896] AAAAA-TCP_FORW: name:enp0s3: saddr:100932208: daddr:33561200
[  328.894579] AAAAA-TCP_FORW: name:enp0s3: saddr:100932208: daddr:33561200
[  330.143357] AAAAA-TCP_FORW: name:enp0s3: saddr:100932208: daddr:16783984
[  330.489051] AAAAA-TCP_FORW: name:enp0s3: saddr:100932208: daddr:16783984
