[    0.000000] Linux version 5.4.243-mptcp (root@ztg) (gcc version 12.2.0 (Debian 12.2.0-14+deb12u1)) #53 SMP Wed Dec 24 23:28:15 CST 2025
[    0.000000] Command line: BOOT_IMAGE=/boot/vmlinuz-5.4.243-mptcp root=UUID=98415a12-53b7-4144-8265-0f7ece09e445 ro quiet splash
[    0.000000] KERNEL supported cpus:
[    0.000000]   Intel GenuineIntel
[    0.000000]   AMD AuthenticAMD
[    0.000000]   Hygon HygonGenuine
[    0.000000]   Centaur CentaurHauls
[    0.000000]   zhaoxin   Shanghai  
[    0.000000] x86/fpu: Supporting XSAVE feature 0x001: 'x87 floating point registers'
[    0.000000] x86/fpu: Supporting XSAVE feature 0x002: 'SSE registers'
[    0.000000] x86/fpu: Supporting XSAVE feature 0x004: 'AVX registers'
[    0.000000] x86/fpu: xstate_offset[2]:  576, xstate_sizes[2]:  256
[    0.000000] x86/fpu: Enabled xstate features 0x7, context size is 832 bytes, using 'standard' format.
[    0.000000] BIOS-provided physical RAM map:
[    0.000000] BIOS-e820: [mem 0x0000000000000000-0x000000000009fbff] usable
[    0.000000] BIOS-e820: [mem 0x000000000009fc00-0x000000000009ffff] reserved
[    0.000000] BIOS-e820: [mem 0x00000000000f0000-0x00000000000fffff] reserved
[    0.000000] BIOS-e820: [mem 0x0000000000100000-0x000000007ffeffff] usable
[    0.000000] BIOS-e820: [mem 0x000000007fff0000-0x000000007fffffff] ACPI data
[    0.000000] BIOS-e820: [mem 0x00000000fec00000-0x00000000fec00fff] reserved
[    0.000000] BIOS-e820: [mem 0x00000000fee00000-0x00000000fee00fff] reserved
[    0.000000] BIOS-e820: [mem 0x00000000fffc0000-0x00000000ffffffff] reserved
[    0.000000] NX (Execute Disable) protection: active
[    0.000000] SMBIOS 2.5 present.
[    0.000000] DMI: innotek GmbH VirtualBox/VirtualBox, BIOS VirtualBox 12/01/2006
[    0.000000] Hypervisor detected: KVM
[    0.000000] kvm-clock: Using msrs 4b564d01 and 4b564d00
[    0.000000] kvm-clock: cpu 0, msr 67201001, primary cpu clock
[    0.000000] kvm-clock: using sched offset of 4454619754 cycles
[    0.000003] clocksource: kvm-clock: mask: 0xffffffffffffffff max_cycles: 0x1cd42e4dffb, max_idle_ns: 881590591483 ns
[    0.000005] tsc: Detected 2100.000 MHz processor
[    0.001881] e820: update [mem 0x00000000-0x00000fff] usable ==> reserved
[    0.001883] e820: remove [mem 0x000a0000-0x000fffff] usable
[    0.001887] last_pfn = 0x7fff0 max_arch_pfn = 0x400000000
[    0.001954] MTRR default type: uncachable
[    0.001955] MTRR fixed ranges enabled:
[    0.001956]   00000-9FFFF write-back
[    0.001957]   A0000-BFFFF uncachable
[    0.001957]   C0000-FFFFF write-protect
[    0.001958] MTRR variable ranges enabled:
[    0.001960]   0 base 000000000000 mask 3FFF80000000 write-back
[    0.001960]   1 disabled
[    0.001961]   2 disabled
[    0.001961]   3 disabled
[    0.001961]   4 disabled
[    0.001962]   5 disabled
[    0.001962]   6 disabled
[    0.001963]   7 disabled
[    0.001963]   8 disabled
[    0.001963]   9 disabled
[    0.001964]   10 disabled
[    0.001964]   11 disabled
[    0.001965]   12 disabled
[    0.001965]   13 disabled
[    0.001966]   14 disabled
[    0.001966]   15 disabled
[    0.001983] x86/PAT: Configuration [0-7]: WB  WC  UC- UC  WB  WP  UC- WT  
[    0.002116] found SMP MP-table at [mem 0x0009fff0-0x0009ffff]
[    0.092495] check: Scanning 1 areas for low memory corruption
[    0.092751] RAMDISK: [mem 0x32271000-0x3512ffff]
[    0.092759] ACPI: Early table checksum verification disabled
[    0.092764] ACPI: RSDP 0x00000000000E0000 000024 (v02 VBOX  )
[    0.092769] ACPI: XSDT 0x000000007FFF0030 00003C (v01 VBOX   VBOXXSDT 00000001 ASL  00000061)
[    0.092775] ACPI: FACP 0x000000007FFF00F0 0000F4 (v04 VBOX   VBOXFACP 00000001 ASL  00000061)
[    0.092782] ACPI: DSDT 0x000000007FFF02E0 002353 (v02 VBOX   VBOXBIOS 00000002 VBOX 00029BF3)
[    0.092786] ACPI: FACS 0x000000007FFF0200 000040
[    0.092789] ACPI: FACS 0x000000007FFF0200 000040
[    0.092792] ACPI: APIC 0x000000007FFF0240 000054 (v02 VBOX   VBOXAPIC 00000001 ASL  00000061)
[    0.092796] ACPI: SSDT 0x000000007FFF02A0 000038 (v01 VBOX   VBOXCPUT 00000002 VBOX 00029BF3)
[    0.092799] ACPI: Reserving FACP table memory at [mem 0x7fff00f0-0x7fff01e3]
[    0.092800] ACPI: Reserving DSDT table memory at [mem 0x7fff02e0-0x7fff2632]
[    0.092800] ACPI: Reserving FACS table memory at [mem 0x7fff0200-0x7fff023f]
[    0.092801] ACPI: Reserving FACS table memory at [mem 0x7fff0200-0x7fff023f]
[    0.092802] ACPI: Reserving APIC table memory at [mem 0x7fff0240-0x7fff0293]
[    0.092803] ACPI: Reserving SSDT table memory at [mem 0x7fff02a0-0x7fff02d7]
[    0.092817] ACPI: Local APIC address 0xfee00000
[    0.093002] No NUMA configuration found
[    0.093003] Faking a node at [mem 0x0000000000000000-0x000000007ffeffff]
[    0.093013] NODE_DATA(0) allocated [mem 0x7ffc5000-0x7ffeffff]
[    0.093273] Zone ranges:
[    0.093274]   DMA      [mem 0x0000000000001000-0x0000000000ffffff]
[    0.093275]   DMA32    [mem 0x0000000001000000-0x000000007ffeffff]
[    0.093276]   Normal   empty
[    0.093277]   Device   empty
[    0.093277] Movable zone start for each node
[    0.093279] Early memory node ranges
[    0.093280]   node   0: [mem 0x0000000000001000-0x000000000009efff]
[    0.093281]   node   0: [mem 0x0000000000100000-0x000000007ffeffff]
[    0.093284] Zeroed struct page in unavailable ranges: 114 pages
[    0.093285] Initmem setup node 0 [mem 0x0000000000001000-0x000000007ffeffff]
[    0.093286] On node 0 totalpages: 524174
[    0.093287]   DMA zone: 64 pages used for memmap
[    0.093287]   DMA zone: 21 pages reserved
[    0.093288]   DMA zone: 3998 pages, LIFO batch:0
[    0.093359]   DMA32 zone: 8128 pages used for memmap
[    0.093360]   DMA32 zone: 520176 pages, LIFO batch:63
[    0.102285] ACPI: PM-Timer IO Port: 0x4008
[    0.102289] ACPI: Local APIC address 0xfee00000
[    0.102355] IOAPIC[0]: apic_id 1, version 32, address 0xfec00000, GSI 0-23
[    0.102358] ACPI: INT_SRC_OVR (bus 0 bus_irq 0 global_irq 2 dfl dfl)
[    0.102360] ACPI: INT_SRC_OVR (bus 0 bus_irq 9 global_irq 9 low level)
[    0.102362] ACPI: IRQ0 used by override.
[    0.102363] ACPI: IRQ9 used by override.
[    0.102365] Using ACPI (MADT) for SMP configuration information
[    0.102371] smpboot: Allowing 1 CPUs, 0 hotplug CPUs
[    0.102393] PM: Registered nosave memory: [mem 0x00000000-0x00000fff]
[    0.102394] PM: Registered nosave memory: [mem 0x0009f000-0x0009ffff]
[    0.102395] PM: Registered nosave memory: [mem 0x000a0000-0x000effff]
[    0.102395] PM: Registered nosave memory: [mem 0x000f0000-0x000fffff]
[    0.102397] [mem 0x80000000-0xfebfffff] available for PCI devices
[    0.102398] Booting paravirtualized kernel on KVM
[    0.102400] clocksource: refined-jiffies: mask: 0xffffffff max_cycles: 0xffffffff, max_idle_ns: 7645519600211568 ns
[    0.102405] setup_percpu: NR_CPUS:8192 nr_cpumask_bits:1 nr_cpu_ids:1 nr_node_ids:1
[    0.103418] percpu: Embedded 60 pages/cpu s208896 r8192 d28672 u2097152
[    0.103423] pcpu-alloc: s208896 r8192 d28672 u2097152 alloc=1*2097152
[    0.103423] pcpu-alloc: [0] 0 
[    0.103450] Built 1 zonelists, mobility grouping on.  Total pages: 515961
[    0.103451] Policy zone: DMA32
[    0.103452] Kernel command line: BOOT_IMAGE=/boot/vmlinuz-5.4.243-mptcp root=UUID=98415a12-53b7-4144-8265-0f7ece09e445 ro quiet splash
[    0.104301] Dentry cache hash table entries: 262144 (order: 9, 2097152 bytes, linear)
[    0.104448] Inode-cache hash table entries: 131072 (order: 8, 1048576 bytes, linear)
[    0.104498] mem auto-init: stack:off, heap alloc:on, heap free:off
[    0.104500] Calgary: detecting Calgary via BIOS EBDA area
[    0.104501] Calgary: Unable to locate Rio Grande table in EBDA - bailing!
[    0.108548] Memory: 1967332K/2096696K available (14339K kernel code, 2398K rwdata, 4712K rodata, 2728K init, 17260K bss, 129364K reserved, 0K cma-reserved)
[    0.109463] SLUB: HWalign=64, Order=0-3, MinObjects=0, CPUs=1, Nodes=1
[    0.109479] ftrace: allocating 43186 entries in 169 pages
[    0.127607] rcu: Hierarchical RCU implementation.
[    0.127609] rcu: 	RCU restricting CPUs from NR_CPUS=8192 to nr_cpu_ids=1.
[    0.127610] 	Tasks RCU enabled.
[    0.127611] rcu: RCU calculated value of scheduler-enlistment delay is 25 jiffies.
[    0.127612] rcu: Adjusting geometry for rcu_fanout_leaf=16, nr_cpu_ids=1
[    0.130595] NR_IRQS: 524544, nr_irqs: 256, preallocated irqs: 16
[    0.130807] random: crng init done
[    0.140106] Console: colour VGA+ 80x25
[    0.140111] printk: console [tty0] enabled
[    0.140130] ACPI: Core revision 20190816
[    0.140225] APIC: Switch to symmetric I/O mode setup
[    0.140477] x2apic enabled
[    0.140714] Switched APIC routing to physical x2apic.
[    0.141854] ..TIMER: vector=0x30 apic1=0 pin1=2 apic2=-1 pin2=-1
[    0.141877] clocksource: tsc-early: mask: 0xffffffffffffffff max_cycles: 0x1e4530a99b6, max_idle_ns: 440795257976 ns
[    0.141883] Calibrating delay loop (skipped) preset value.. 4200.00 BogoMIPS (lpj=8400000)
[    0.141885] pid_max: default: 32768 minimum: 301
[    0.141913] LSM: Security Framework initializing
[    0.141923] Yama: becoming mindful.
[    0.141948] AppArmor: AppArmor initialized
[    0.141982] Mount-cache hash table entries: 4096 (order: 3, 32768 bytes, linear)
[    0.141986] Mountpoint-cache hash table entries: 4096 (order: 3, 32768 bytes, linear)
[    0.141996] *** VALIDATE tmpfs ***
[    0.142125] *** VALIDATE proc ***
[    0.142173] *** VALIDATE cgroup1 ***
[    0.142174] *** VALIDATE cgroup2 ***
[    0.142315] process: using mwait in idle threads
[    0.142320] Last level iTLB entries: 4KB 64, 2MB 8, 4MB 8
[    0.142320] Last level dTLB entries: 4KB 64, 2MB 0, 4MB 0, 1GB 4
[    0.142341] Spectre V1 : Mitigation: usercopy/swapgs barriers and __user pointer sanitization
[    0.142346] Spectre V2 : Mitigation: Retpolines
[    0.142347] Spectre V2 : Spectre v2 / SpectreRSB mitigation: Filling RSB on context switch
[    0.142348] Spectre V2 : Spectre v2 / SpectreRSB : Filling RSB on VMEXIT
[    0.142348] RETBleed: WARNING: Spectre v2 mitigation leaves CPU vulnerable to RETBleed attacks, data leaks possible!
[    0.142699] RETBleed: Vulnerable
[    0.142699] Speculative Store Bypass: Vulnerable
[    0.142704] TAA: Mitigation: TSX disabled
[    0.142705] MMIO Stale Data: Mitigation: Clear CPU buffers
[    0.146935] Freeing SMP alternatives memory: 40K
[    0.259322] smpboot: CPU0: Intel(R) Xeon(R) Silver 4216 CPU @ 2.10GHz (family: 0x6, model: 0x55, stepping: 0x7)
[    0.259459] Performance Events: unsupported p6 CPU model 85 no PMU driver, software events only.
[    0.259495] rcu: Hierarchical SRCU implementation.
[    0.259985] NMI watchdog: Perf NMI watchdog permanently disabled
[    0.260024] smp: Bringing up secondary CPUs ...
[    0.260025] smp: Brought up 1 node, 1 CPU
[    0.260026] smpboot: Max logical packages: 1
[    0.260027] smpboot: Total of 1 processors activated (4200.00 BogoMIPS)
[    0.260979] devtmpfs: initialized
[    0.261024] x86/mm: Memory block size: 128MB
[    0.261372] clocksource: jiffies: mask: 0xffffffff max_cycles: 0xffffffff, max_idle_ns: 7645041785100000 ns
[    0.261377] futex hash table entries: 256 (order: 2, 16384 bytes, linear)
[    0.261421] pinctrl core: initialized pinctrl subsystem
[    0.261520] PM: RTC time: 17:18:43, date: 2026-01-16
[    0.261625] NET: Registered protocol family 16
[    0.261699] audit: initializing netlink subsys (disabled)
[    0.261824] EISA bus registered
[    0.261826] cpuidle: using governor ladder
[    0.261827] cpuidle: using governor menu
[    0.261863] ACPI: bus type PCI registered
[    0.261864] acpiphp: ACPI Hot Plug PCI Controller Driver version: 0.5
[    0.261879] PCI: Using configuration type 1 for base access
[    0.262421] audit: type=2000 audit(1768555129.590:1): state=initialized audit_enabled=0 res=1
[    0.262513] HugeTLB registered 2.00 MiB page size, pre-allocated 0 pages
[    0.263435] ACPI: Added _OSI(Module Device)
[    0.263436] ACPI: Added _OSI(Processor Device)
[    0.263436] ACPI: Added _OSI(3.0 _SCP Extensions)
[    0.263437] ACPI: Added _OSI(Processor Aggregator Device)
[    0.263438] ACPI: Added _OSI(Linux-Dell-Video)
[    0.263439] ACPI: Added _OSI(Linux-Lenovo-NV-HDMI-Audio)
[    0.263440] ACPI: Added _OSI(Linux-HPI-Hybrid-Graphics)
[    0.265722] ACPI: 2 ACPI AML tables successfully acquired and loaded
[    0.267437] ACPI: Interpreter enabled
[    0.267447] ACPI: (supports S0 S5)
[    0.267448] ACPI: Using IOAPIC for interrupt routing
[    0.267676] PCI: Using host bridge windows from ACPI; if necessary, use "pci=nocrs" and report a bug
[    0.267791] ACPI: Enabled 2 GPEs in block 00 to 07
[    0.272858] ACPI: PCI Root Bridge [PCI0] (domain 0000 [bus 00-ff])
[    0.272863] acpi PNP0A03:00: _OSC: OS supports [ASPM ClockPM Segments MSI HPX-Type3]
[    0.273408] acpi PNP0A03:00: _OSC: not requesting OS control; OS requires [ExtendedConfig ASPM ClockPM MSI]
[    0.273419] acpi PNP0A03:00: fail to add MMCONFIG information, can't access extended PCI configuration space under this bridge.
[    0.273832] PCI host bridge to bus 0000:00
[    0.273834] pci_bus 0000:00: root bus resource [io  0x0000-0x0cf7 window]
[    0.273836] pci_bus 0000:00: root bus resource [io  0x0d00-0xffff window]
[    0.273838] pci_bus 0000:00: root bus resource [mem 0x000a0000-0x000bffff window]
[    0.273839] pci_bus 0000:00: root bus resource [mem 0x80000000-0xfdffffff window]
[    0.273841] pci_bus 0000:00: root bus resource [bus 00-ff]
[    0.273879] pci 0000:00:00.0: [8086:1237] type 00 class 0x060000
[    0.275017] pci 0000:00:01.0: [8086:7000] type 00 class 0x060100
[    0.275898] pci 0000:00:01.1: [8086:7111] type 00 class 0x01018a
[    0.276323] pci 0000:00:01.1: reg 0x20: [io  0xd000-0xd00f]
[    0.276501] pci 0000:00:01.1: legacy IDE quirk: reg 0x10: [io  0x01f0-0x01f7]
[    0.276502] pci 0000:00:01.1: legacy IDE quirk: reg 0x14: [io  0x03f6]
[    0.276503] pci 0000:00:01.1: legacy IDE quirk: reg 0x18: [io  0x0170-0x0177]
[    0.276504] pci 0000:00:01.1: legacy IDE quirk: reg 0x1c: [io  0x0376]
[    0.277118] pci 0000:00:02.0: [15ad:0405] type 00 class 0x030000
[    0.280133] pci 0000:00:02.0: reg 0x10: [io  0xd010-0xd01f]
[    0.283791] pci 0000:00:02.0: reg 0x14: [mem 0xe0000000-0xe7ffffff pref]
[    0.285924] pci 0000:00:02.0: reg 0x18: [mem 0xf0000000-0xf01fffff]
[    0.297950] pci 0000:00:03.0: [1022:2000] type 00 class 0x020000
[    0.298686] pci 0000:00:03.0: reg 0x10: [io  0xd020-0xd03f]
[    0.299327] pci 0000:00:03.0: reg 0x14: [mem 0xf0200000-0xf0200fff]
[    0.302688] pci 0000:00:04.0: [80ee:cafe] type 00 class 0x088000
[    0.303355] pci 0000:00:04.0: reg 0x10: [io  0xd040-0xd05f]
[    0.303959] pci 0000:00:04.0: reg 0x14: [mem 0xf0400000-0xf07fffff]
[    0.304566] pci 0000:00:04.0: reg 0x18: [mem 0xf0800000-0xf0803fff pref]
[    0.307884] pci 0000:00:07.0: [8086:7113] type 00 class 0x068000
[    0.308467] pci 0000:00:07.0: quirk: [io  0x4000-0x403f] claimed by PIIX4 ACPI
[    0.308479] pci 0000:00:07.0: quirk: [io  0x4100-0x410f] claimed by PIIX4 SMB
[    0.310077] pci 0000:00:08.0: [8086:100e] type 00 class 0x020000
[    0.310796] pci 0000:00:08.0: reg 0x10: [mem 0xf0820000-0xf083ffff]
[    0.311944] pci 0000:00:08.0: reg 0x18: [io  0xd060-0xd067]
[    0.314923] pci 0000:00:09.0: [8086:100e] type 00 class 0x020000
[    0.315621] pci 0000:00:09.0: reg 0x10: [mem 0xf0840000-0xf085ffff]
[    0.316773] pci 0000:00:09.0: reg 0x18: [io  0xd068-0xd06f]
[    0.326866] ACPI: PCI Interrupt Link [LNKA] (IRQs 5 9 10 *11)
[    0.327145] ACPI: PCI Interrupt Link [LNKB] (IRQs 5 9 *10 11)
[    0.327249] ACPI: PCI Interrupt Link [LNKC] (IRQs 5 *9 10 11)
[    0.327349] ACPI: PCI Interrupt Link [LNKD] (IRQs 5 9 10 *11)
[    0.327610] iommu: Default domain type: Translated 
[    0.327671] pci 0000:00:02.0: vgaarb: setting as boot VGA device
[    0.327673] pci 0000:00:02.0: vgaarb: VGA device added: decodes=io+mem,owns=io+mem,locks=none
[    0.327675] pci 0000:00:02.0: vgaarb: bridge control possible
[    0.327676] vgaarb: loaded
[    0.327887] SCSI subsystem initialized
[    0.327918] libata version 3.00 loaded.
[    0.327940] ACPI: bus type USB registered
[    0.327956] usbcore: registered new interface driver usbfs
[    0.327962] usbcore: registered new interface driver hub
[    0.327967] usbcore: registered new device driver usb
[    0.327995] pps_core: LinuxPPS API ver. 1 registered
[    0.327995] pps_core: Software ver. 5.3.6 - Copyright 2005-2007 Rodolfo Giometti <giometti@linux.it>
[    0.327997] PTP clock support registered
[    0.328031] EDAC MC: Ver: 3.0.0
[    0.328318] PCI: Using ACPI for IRQ routing
[    0.328319] PCI: pci_cache_line_size set to 64 bytes
[    0.328486] e820: reserve RAM buffer [mem 0x0009fc00-0x0009ffff]
[    0.328490] e820: reserve RAM buffer [mem 0x7fff0000-0x7fffffff]
[    0.329895] NetLabel: Initializing
[    0.329895] NetLabel:  domain hash size = 128
[    0.329896] NetLabel:  protocols = UNLABELED CIPSOv4 CALIPSO
[    0.329916] NetLabel:  unlabeled traffic allowed by default
[    0.330830] clocksource: Switched to clocksource kvm-clock
[    0.344228] *** VALIDATE bpf ***
[    0.344287] VFS: Disk quotas dquot_6.6.0
[    0.344300] VFS: Dquot-cache hash table entries: 512 (order 0, 4096 bytes)
[    0.344323] *** VALIDATE ramfs ***
[    0.344326] *** VALIDATE hugetlbfs ***
[    0.344402] AppArmor: AppArmor Filesystem Enabled
[    0.344428] pnp: PnP ACPI init
[    0.344491] pnp 00:00: Plug and Play ACPI device, IDs PNP0303 (active)
[    0.344576] pnp 00:01: Plug and Play ACPI device, IDs PNP0f03 (active)
[    0.345324] pnp: PnP ACPI: found 2 devices
[    0.346295] thermal_sys: Registered thermal governor 'fair_share'
[    0.346296] thermal_sys: Registered thermal governor 'bang_bang'
[    0.346296] thermal_sys: Registered thermal governor 'step_wise'
[    0.346297] thermal_sys: Registered thermal governor 'user_space'
[    0.346298] thermal_sys: Registered thermal governor 'power_allocator'
[    0.350807] clocksource: acpi_pm: mask: 0xffffff max_cycles: 0xffffff, max_idle_ns: 2085701024 ns
[    0.350847] pci_bus 0000:00: resource 4 [io  0x0000-0x0cf7 window]
[    0.350848] pci_bus 0000:00: resource 5 [io  0x0d00-0xffff window]
[    0.350850] pci_bus 0000:00: resource 6 [mem 0x000a0000-0x000bffff window]
[    0.350851] pci_bus 0000:00: resource 7 [mem 0x80000000-0xfdffffff window]
[    0.350908] NET: Registered protocol family 2
[    0.350982] IP idents hash table entries: 32768 (order: 6, 262144 bytes, linear)
[    0.351124] MPTCP tokens hash table entries: 8192 (order: 4, 65536 bytes, linear)
[    0.351124] MPTCP request tokens hash table entries: 8192 (order: 4, 65536 bytes, linear)
[    0.351124] default registered
[    0.351124] default registered
[    0.351124] MPTCP: Stable release v0.96
[    0.351124] tcp_listen_portaddr_hash hash table entries: 1024 (order: 2, 16384 bytes, linear)
[    0.351124] TCP established hash table entries: 16384 (order: 5, 131072 bytes, linear)
[    0.351124] TCP bind hash table entries: 16384 (order: 6, 262144 bytes, linear)
[    0.351124] TCP: Hash tables configured (established 16384 bind 16384)
[    0.352335] UDP hash table entries: 1024 (order: 3, 32768 bytes, linear)
[    0.352347] UDP-Lite hash table entries: 1024 (order: 3, 32768 bytes, linear)
[    0.352381] NET: Registered protocol family 1
[    0.352390] NET: Registered protocol family 44
[    0.352413] pci 0000:00:00.0: Limiting direct PCI/PCI transfers
[    0.352426] pci 0000:00:01.0: Activating ISA DMA hang workarounds
[    0.352482] pci 0000:00:02.0: Video device with shadowed ROM at [mem 0x000c0000-0x000dffff]
[    0.352546] PCI: CLS 0 bytes, default 64
[    0.352593] Trying to unpack rootfs image as initramfs...
[    0.523172] Freeing initrd memory: 47868K
[    0.523172] clocksource: tsc: mask: 0xffffffffffffffff max_cycles: 0x1e4530a99b6, max_idle_ns: 440795257976 ns
[    0.523172] clocksource: Switched to clocksource tsc
[    0.523172] platform rtc_cmos: registered platform RTC device (no PNP device found)
[    0.523172] check: Scanning for low memory corruption every 60 seconds
[    0.523172] Initialise system trusted keyrings
[    0.523172] Key type blacklist registered
[    0.523172] workingset: timestamp_bits=36 max_order=19 bucket_order=0
[    0.523172] zbud: loaded
[    0.523172] squashfs: version 4.0 (2009/01/31) Phillip Lougher
[    0.523172] fuse: init (API version 7.31)
[    0.523172] *** VALIDATE fuse ***
[    0.523172] *** VALIDATE fuse ***
[    0.523172] Platform Keyring initialized
[    0.535362] Key type asymmetric registered
[    0.535363] Asymmetric key parser 'x509' registered
[    0.535373] Block layer SCSI generic (bsg) driver version 0.4 loaded (major 244)
[    0.535409] io scheduler mq-deadline registered
[    0.535529] shpchp: Standard Hot Plug PCI Controller Driver version: 0.4
[    0.535751] ACPI: AC Adapter [AC] (on-line)
[    0.535795] input: Power Button as /devices/LNXSYSTM:00/LNXPWRBN:00/input/input0
[    0.535825] ACPI: Power Button [PWRF]
[    0.535901] input: Sleep Button as /devices/LNXSYSTM:00/LNXSLPBN:00/input/input1
[    0.535916] ACPI: Sleep Button [SLPF]
[    0.536159] Serial: 8250/16550 driver, 32 ports, IRQ sharing enabled
[    0.537311] Linux agpgart interface v0.103
[    0.631111] loop: module loaded
[    0.631255] ata_piix 0000:00:01.1: version 2.13
[    0.631654] scsi host0: ata_piix
[    0.631744] scsi host1: ata_piix
[    0.631770] ata1: PATA max UDMA/33 cmd 0x1f0 ctl 0x3f6 bmdma 0xd000 irq 14
[    0.631771] ata2: PATA max UDMA/33 cmd 0x170 ctl 0x376 bmdma 0xd008 irq 15
[    0.631850] tun: Universal TUN/TAP device driver, 1.6
[    0.632155] PPP generic driver version 2.4.2
[    0.632197] VFIO - User Level meta-driver version: 0.3
[    0.632429] ehci_hcd: USB 2.0 'Enhanced' Host Controller (EHCI) Driver
[    0.632433] ehci-pci: EHCI PCI platform driver
[    0.632447] ehci-platform: EHCI generic platform driver
[    0.632452] ohci_hcd: USB 1.1 'Open' Host Controller (OHCI) Driver
[    0.632454] ohci-pci: OHCI PCI platform driver
[    0.632461] ohci-platform: OHCI generic platform driver
[    0.632465] uhci_hcd: USB Universal Host Controller Interface driver
[    0.632528] i8042: PNP: PS/2 Controller [PNP0303:PS2K,PNP0f03:PS2M] at 0x60,0x64 irq 1,12
[    0.632966] serio: i8042 KBD port at 0x60,0x64 irq 1
[    0.632970] serio: i8042 AUX port at 0x60,0x64 irq 12
[    0.633055] mousedev: PS/2 mouse device common for all mice
[    0.633307] input: AT Translated Set 2 keyboard as /devices/platform/i8042/serio0/input/input2
[    0.633716] rtc_cmos rtc_cmos: registered as rtc0
[    0.633729] rtc_cmos rtc_cmos: alarms up to one day, 114 bytes nvram
[    0.633734] i2c /dev entries driver
[    0.633775] device-mapper: uevent: version 1.0.3
[    0.633817] device-mapper: ioctl: 4.41.0-ioctl (2019-09-16) initialised: dm-devel@redhat.com
[    0.633833] platform eisa.0: Probing EISA bus 0
[    0.633834] platform eisa.0: EISA: Cannot allocate resource for mainboard
[    0.633835] platform eisa.0: Cannot allocate resource for EISA slot 1
[    0.633836] platform eisa.0: Cannot allocate resource for EISA slot 2
[    0.633837] platform eisa.0: Cannot allocate resource for EISA slot 3
[    0.633838] platform eisa.0: Cannot allocate resource for EISA slot 4
[    0.633839] platform eisa.0: Cannot allocate resource for EISA slot 5
[    0.633840] platform eisa.0: Cannot allocate resource for EISA slot 6
[    0.633841] platform eisa.0: Cannot allocate resource for EISA slot 7
[    0.633842] platform eisa.0: Cannot allocate resource for EISA slot 8
[    0.633843] platform eisa.0: EISA: Detected 0 cards
[    0.633846] intel_pstate: CPU model not supported
[    0.633855] ledtrig-cpu: registered to indicate activity on CPUs
[    0.633910] drop_monitor: Initializing network drop monitor service
[    0.634069] NET: Registered protocol family 10
[    0.639096] Segment Routing with IPv6
[    0.639124] fullmesh registered
[    0.639125] ndiffports registered
[    0.639127] binder registered
[    0.639128] roundrobin registered
[    0.639129] redundant registered
[    0.639129] blest registered
[    0.639130] ecf registered
[    0.639131] NET: Registered protocol family 17
[    0.639161] Key type dns_resolver registered
[    0.639260] RAS: Correctable Errors collector initialized.
[    0.639267] IPI shorthand broadcast: enabled
[    0.639267] sched_clock: Marking stable (624184885, 11082166)->(635960550, -693499)
[    0.639333] registered taskstats version 1
[    0.639341] Loading compiled-in X.509 certificates
[    0.639927] Loaded X.509 cert 'Build time autogenerated kernel key: 6909f3744cebb3d0de528d5887b96a727de79b1e'
[    0.639944] zswap: loaded using pool lzo/zbud
[    0.639998] Key type ._fscrypt registered
[    0.639998] Key type .fscrypt registered
[    0.644673] Key type big_key registered
[    0.646890] Key type encrypted registered
[    0.646893] AppArmor: AppArmor sha1 policy hashing enabled
[    0.646900] ima: No TPM chip found, activating TPM-bypass!
[    0.646904] ima: Allocated hash algorithm: sha1
[    0.646909] ima: No architecture policies found
[    0.646918] evm: Initialising EVM extended attributes:
[    0.646918] evm: security.selinux
[    0.646919] evm: security.SMACK64
[    0.646919] evm: security.SMACK64EXEC
[    0.646920] evm: security.SMACK64TRANSMUTE
[    0.646920] evm: security.SMACK64MMAP
[    0.646920] evm: security.apparmor
[    0.646921] evm: security.ima
[    0.646922] evm: security.capability
[    0.646922] evm: HMAC attrs: 0x1
[    0.647211] PM:   Magic number: 10:246:340
[    0.647312] rtc_cmos rtc_cmos: setting system clock to 2026-01-16T17:18:44 UTC (1768583924)
[    0.803049] ata1.00: ATA-6: VBOX HARDDISK, 1.0, max UDMA/133
[    0.803051] ata1.00: 209715200 sectors, multi 128: LBA 
[    0.803550] scsi 0:0:0:0: Direct-Access     ATA      VBOX HARDDISK    1.0  PQ: 0 ANSI: 5
[    0.803779] sd 0:0:0:0: [sda] 209715200 512-byte logical blocks: (107 GB/100 GiB)
[    0.803789] sd 0:0:0:0: [sda] Write Protect is off
[    0.803791] sd 0:0:0:0: [sda] Mode Sense: 00 3a 00 00
[    0.803806] sd 0:0:0:0: [sda] Write cache: enabled, read cache: enabled, doesn't support DPO or FUA
[    0.804056] sd 0:0:0:0: Attached scsi generic sg0 type 0
[    0.804645]  sda: sda1 sda2
[    0.815244] sd 0:0:0:0: [sda] Attached SCSI disk
[    0.817672] Freeing unused decrypted memory: 2040K
[    0.818440] Freeing unused kernel image memory: 2728K
[    0.818442] Write protecting the kernel read-only data: 22528k
[    0.819229] Freeing unused kernel image memory: 2036K
[    0.819667] Freeing unused kernel image memory: 1432K
[    0.838376] x86/mm: Checked W+X mappings: passed, no W+X pages found.
[    0.838379] Run /init as init process
[    0.949420] ACPI: Video Device [GFX0] (multi-head: yes  rom: no  post: no)
[    0.949518] input: Video Bus as /devices/LNXSYSTM:00/LNXSYBUS:00/PNP0A03:00/LNXVIDEO:00/input/input4
[    0.964271] pcnet32: pcnet32.c:v1.35 21.Apr.2008 tsbogend@alpha.franken.de
[    0.965122] pcnet32: PCnet/FAST III 79C973 at 0xd020, 08:00:27:0a:fc:ca assigned IRQ 19
[    0.965165] pcnet32: Found PHY 0022:561b at address 0
[    0.965477] pcnet32: eth0: registered as PCnet/FAST III 79C973
[    0.966233] pcnet32: 1 cards_found
[    0.967565] piix4_smbus 0000:00:07.0: SMBus Host Controller at 0x4100, revision 0
[    0.972008] e1000: Intel(R) PRO/1000 Network Driver - version 7.3.21-k8-NAPI
[    0.972008] e1000: Copyright (c) 1999-2006 Intel Corporation.
[    1.038375] pcnet32 0000:00:03.0 enp0s3: renamed from eth0
[    1.184585] input: ImExPS/2 Generic Explorer Mouse as /devices/platform/i8042/serio1/input/input5
[    1.383349] e1000 0000:00:08.0 eth0: (PCI:33MHz:32-bit) 08:00:27:41:2e:22
[    1.383353] e1000 0000:00:08.0 eth0: Intel(R) PRO/1000 Network Connection
[    1.759493] e1000 0000:00:09.0 eth1: (PCI:33MHz:32-bit) 08:00:27:59:82:d9
[    1.759496] e1000 0000:00:09.0 eth1: Intel(R) PRO/1000 Network Connection
[    1.760647] e1000 0000:00:09.0 enp0s9: renamed from eth1
[    1.762438] e1000 0000:00:08.0 enp0s8: renamed from eth0
[    1.919602] EXT4-fs (sda2): mounted filesystem with ordered data mode. Opts: (null)
[    2.007684] systemd[1]: Inserted module 'autofs4'
[    2.016881] systemd[1]: systemd 245.4-4ubuntu3 running in system mode. (+PAM +AUDIT +SELINUX +IMA +APPARMOR +SMACK +SYSVINIT +UTMP +LIBCRYPTSETUP +GCRYPT +GNUTLS +ACL +XZ +LZ4 +SECCOMP +BLKID +ELFUTILS +KMOD +IDN2 -IDN +PCRE2 default-hierarchy=hybrid)
[    2.016912] systemd[1]: Detected virtualization oracle.
[    2.016916] systemd[1]: Detected architecture x86-64.
[    2.018230] systemd[1]: Set hostname to <ztg>.
[    2.145270] systemd[1]: /lib/systemd/system/dbus.socket:5: ListenStream= references a path below legacy directory /var/run/, updating /var/run/dbus/system_bus_socket â†’ /run/dbus/system_bus_socket; please update the unit file accordingly.
[    2.196515] systemd[1]: Created slice system-modprobe.slice.
[    2.196704] systemd[1]: Created slice User and Session Slice.
[    2.196747] systemd[1]: Started Forward Password Requests to Wall Directory Watch.
[    2.196907] systemd[1]: Set up automount Arbitrary Executable File Formats File System Automount Point.
[    2.196941] systemd[1]: Reached target User and Group Name Lookups.
[    2.196950] systemd[1]: Reached target Remote File Systems.
[    2.196959] systemd[1]: Reached target Slices.
[    2.197690] systemd[1]: Listening on Syslog Socket.
[    2.197760] systemd[1]: Listening on fsck to fsckd communication Socket.
[    2.197799] systemd[1]: Listening on initctl Compatibility Named Pipe.
[    2.197934] systemd[1]: Listening on Journal Audit Socket.
[    2.197987] systemd[1]: Listening on Journal Socket (/dev/log).
[    2.198053] systemd[1]: Listening on Journal Socket.
[    2.198117] systemd[1]: Listening on udev Control Socket.
[    2.198157] systemd[1]: Listening on udev Kernel Socket.
[    2.198907] systemd[1]: Mounting Huge Pages File System...
[    2.199895] systemd[1]: Mounting POSIX Message Queue File System...
[    2.200768] systemd[1]: Mounting Kernel Debug File System...
[    2.201588] systemd[1]: Mounting Kernel Trace File System...
[    2.203512] systemd[1]: Starting Journal Service...
[    2.225688] systemd[1]: Starting Set the console keyboard layout...
[    2.233756] systemd[1]: Starting Create list of static device nodes for the current kernel...
[    2.235671] systemd[1]: Starting Load Kernel Module drm...
[    2.236661] systemd[1]: Condition check resulted in Set Up Additional Binary Formats being skipped.
[    2.236704] systemd[1]: Condition check resulted in File System Check on Root Device being skipped.
[    2.247509] systemd[1]: Starting Load Kernel Modules...
[    2.248525] systemd[1]: Starting Remount Root and Kernel File Systems...
[    2.268333] systemd[1]: Starting udev Coldplug all Devices...
[    2.276721] systemd[1]: Starting Uncomplicated firewall...
[    2.278256] systemd[1]: Mounted Huge Pages File System.
[    2.278357] systemd[1]: Mounted POSIX Message Queue File System.
[    2.278439] systemd[1]: Mounted Kernel Debug File System.
[    2.278512] systemd[1]: Mounted Kernel Trace File System.
[    2.308441] EXT4-fs (sda2): re-mounted. Opts: errors=remount-ro
[    2.319120] systemd[1]: Finished Create list of static device nodes for the current kernel.
[    2.320229] systemd[1]: modprobe@drm.service: Succeeded.
[    2.322296] systemd[1]: Finished Load Kernel Module drm.
[    2.322924] systemd[1]: Finished Remount Root and Kernel File Systems.
[    2.324149] systemd[1]: Finished Uncomplicated firewall.
[    2.341519] lp: driver loaded but no devices found
[    2.342889] systemd[1]: Condition check resulted in Rebuild Hardware Database being skipped.
[    2.342937] systemd[1]: Condition check resulted in Platform Persistent Storage Archival being skipped.
[    2.343684] systemd[1]: Starting Load/Save Random Seed...
[    2.349122] systemd[1]: Starting Create System Users...
[    2.359512] systemd[1]: Finished Load/Save Random Seed.
[    2.360695] ppdev: user-space parallel port driver
[    2.368749] systemd[1]: Finished Create System Users.
[    2.369508] systemd[1]: Starting Create Static Device Nodes in /dev...
[    2.400166] systemd[1]: Finished Create Static Device Nodes in /dev.
[    2.400972] systemd[1]: Starting udev Kernel Device Manager...
[    2.438130] systemd[1]: Finished udev Coldplug all Devices.
[    2.441271] [drm] DMA map mode: Caching DMA mappings.
[    2.441351] [drm] Capabilities:
[    2.441351] [drm]   Rect copy.
[    2.441351] [drm]   Cursor.
[    2.441352] [drm]   Cursor bypass.
[    2.441352] [drm]   Cursor bypass 2.
[    2.441353] [drm]   Alpha cursor.
[    2.441353] [drm]   Extended Fifo.
[    2.441353] [drm]   Pitchlock.
[    2.441354] [drm]   Irq mask.
[    2.441354] [drm]   GMR.
[    2.441354] [drm]   Traces.
[    2.441355] [drm]   GMR2.
[    2.441355] [drm]   Screen Object 2.
[    2.441355] [drm]   Command Buffers.
[    2.441356] [drm]   Command Buffers 2.
[    2.441356] [drm]   Guest Backed Resources.
[    2.441357] [drm] Max GMR ids is 8192
[    2.441357] [drm] Max number of GMR pages is 1048576
[    2.441358] [drm] Max dedicated hypervisor surface memory is 393216 kiB
[    2.441358] [drm] Maximum display memory size is 131072 kiB
[    2.441359] [drm] VRAM at 0xe0000000 size is 131072 kiB
[    2.441360] [drm] MMIO at 0xf0000000 size is 2048 kiB
[    2.447979] [TTM] Zone  kernel: Available graphics memory: 1011738 KiB
[    2.448007] [TTM] Initializing pool allocator
[    2.448011] [TTM] Initializing DMA pool allocator
[    2.448038] [drm] Supports vblank timestamp caching Rev 2 (21.10.2013).
[    2.448039] [drm] No driver support for vblank timestamp query.
[    2.448257] [drm] Screen Target Display device initialized
[    2.448475] [drm] width 720
[    2.448483] [drm] height 400
[    2.448486] [drm] bpp 32
[    2.448988] [drm] Fifo max 0x00200000 min 0x00001000 cap 0x00000355
[    2.450046] [drm] Using command buffers with DMA pool.
[    2.450050] [drm] DX: no.
[    2.450050] [drm] Atomic: yes.
[    2.450051] [drm] SM4_1: no.
[    2.450070] [drm:vmw_host_log [vmwgfx]] *ERROR* Failed to send host log message.
[    2.450949] [drm:vmw_host_log [vmwgfx]] *ERROR* Failed to send host log message.
[    2.472596] fbcon: svgadrmfb (fb0) is primary device
[    2.477257] Console: switching to colour frame buffer device 100x37
[    2.484654] [drm] Initialized vmwgfx 2.15.0 20180704 for 0000:00:02.0 on minor 0
[    2.485642] systemd[1]: Finished Load Kernel Modules.
[    2.486613] systemd[1]: Mounting FUSE Control File System...
[    2.487547] systemd[1]: Mounting Kernel Configuration File System...
[    2.488380] systemd[1]: Starting Apply Kernel Variables...
[    2.526175] systemd[1]: Mounted FUSE Control File System.
[    2.526274] systemd[1]: Condition check resulted in VMware vmblock fuse mount being skipped.
[    2.529019] systemd[1]: Mounted Kernel Configuration File System.
[    2.531937] systemd[1]: Finished Set the console keyboard layout.
[    2.532064] systemd[1]: Reached target Local File Systems (Pre).
[    2.541591] systemd[1]: Mounting Mount unit for bare, revision 5...
[    2.565294] systemd[1]: Mounting Mount unit for core18, revision 1705...
[    2.566731] systemd[1]: Mounting Mount unit for gnome-3-34-1804, revision 24...
[    2.580114] systemd[1]: Mounting Mount unit for gtk-common-themes, revision 1506...
[    2.584472] systemd[1]: Mounting Mount unit for gtk-common-themes, revision 1535...
[    2.595098] systemd[1]: Mounting Mount unit for snap-store, revision 433...
[    2.617276] systemd[1]: Mounting Mount unit for snapd, revision 25935...
[    2.627497] systemd[1]: Finished Apply Kernel Variables.
[    2.627651] systemd[1]: Mounted Mount unit for bare, revision 5.
[    2.634559] systemd[1]: Mounted Mount unit for core18, revision 1705.
[    2.634652] systemd[1]: Mounted Mount unit for gnome-3-34-1804, revision 24.
[    2.667611] systemd[1]: Started udev Kernel Device Manager.
[    2.668336] systemd[1]: Starting Show Plymouth Boot Screen...
[    2.672245] systemd[1]: Received SIGRTMIN+20 from PID 270 (plymouthd).
[    2.677357] systemd[1]: Mounted Mount unit for gtk-common-themes, revision 1506.
[    2.691096] systemd[1]: Started Show Plymouth Boot Screen.
[    2.691240] systemd[1]: Condition check resulted in Dispatch Password Requests to Console Directory Watch being skipped.
[    2.691336] systemd[1]: Started Forward Password Requests to Plymouth Directory Watch.
[    2.691379] systemd[1]: Reached target Local Encrypted Volumes.
[    2.726280] systemd[1]: Mounted Mount unit for gtk-common-themes, revision 1535.
[    2.775444] systemd[1]: Mounted Mount unit for snap-store, revision 433.
[    2.775701] systemd[1]: Mounted Mount unit for snapd, revision 25935.
[    2.775858] systemd[1]: Reached target Local File Systems.
[    2.790514] systemd[1]: Starting Load AppArmor profiles...
[    2.793444] systemd[1]: Starting Set console font and keymap...
[    2.802666] systemd[1]: Starting Tell Plymouth To Write Out Runtime Data...
[    2.809687] systemd[1]: Condition check resulted in Store a System Token in an EFI Variable being skipped.
[    2.809718] systemd[1]: Condition check resulted in Commit a transient machine-id on disk being skipped.
[    2.810666] systemd[1]: Finished Set console font and keymap.
[    2.819412] systemd[1]: Received SIGRTMIN+20 from PID 270 (plymouthd).
[    2.820837] systemd[1]: plymouth-read-write.service: Succeeded.
[    2.821091] systemd[1]: Finished Tell Plymouth To Write Out Runtime Data.
[    2.844920] audit: type=1400 audit(1768583926.692:2): apparmor="STATUS" operation="profile_load" profile="unconfined" name="nvidia_modprobe" pid=299 comm="apparmor_parser"
[    2.844923] audit: type=1400 audit(1768583926.692:3): apparmor="STATUS" operation="profile_load" profile="unconfined" name="nvidia_modprobe//kmod" pid=299 comm="apparmor_parser"
[    2.855884] audit: type=1400 audit(1768583926.700:4): apparmor="STATUS" operation="profile_load" profile="unconfined" name="/usr/sbin/tcpdump" pid=300 comm="apparmor_parser"
[    2.897951] audit: type=1400 audit(1768583926.740:5): apparmor="STATUS" operation="profile_load" profile="unconfined" name="/usr/bin/evince" pid=302 comm="apparmor_parser"
[    2.897953] audit: type=1400 audit(1768583926.740:6): apparmor="STATUS" operation="profile_load" profile="unconfined" name="/usr/bin/evince//sanitized_helper" pid=302 comm="apparmor_parser"
[    2.897956] audit: type=1400 audit(1768583926.740:7): apparmor="STATUS" operation="profile_load" profile="unconfined" name="/usr/bin/evince-previewer" pid=302 comm="apparmor_parser"
[    2.897957] audit: type=1400 audit(1768583926.740:8): apparmor="STATUS" operation="profile_load" profile="unconfined" name="/usr/bin/evince-previewer//sanitized_helper" pid=302 comm="apparmor_parser"
[    2.897958] audit: type=1400 audit(1768583926.740:9): apparmor="STATUS" operation="profile_load" profile="unconfined" name="/usr/bin/evince-thumbnailer" pid=302 comm="apparmor_parser"
[    2.930455] audit: type=1400 audit(1768583926.780:10): apparmor="STATUS" operation="profile_load" profile="unconfined" name="/usr/lib/cups/backend/cups-pdf" pid=303 comm="apparmor_parser"
[    3.003459] systemd[1]: Finished Load AppArmor profiles.
[    3.004389] systemd[1]: Starting Load AppArmor profiles managed internally by snapd...
[    3.114257] systemd[1]: Finished Load AppArmor profiles managed internally by snapd.
[    3.208954] systemd[1]: Started Journal Service.
[    3.219107] systemd-journald[229]: Received client request to flush runtime journal.
[    3.222630] systemd-journald[229]: File /var/log/journal/c455b248004a419c87ce85eea238d727/system.journal corrupted or uncleanly shut down, renaming and replacing.
[    4.579981] RAPL PMU: API unit is 2^-32 Joules, 0 fixed counters, 10737418240 ms ovfl timer
[    4.646228] cryptd: max_cpu_qlen set to 1000
[    4.689498] AVX2 version of gcm_enc/dec engaged.
[    4.689499] AES CTR mode by8 optimization enabled
[    6.478038] Adding 1998844k swap on /dev/sda1.  Priority:-2 extents:1 across:1998844k FS
[    8.219372] kauditd_printk_skb: 30 callbacks suppressed
[    8.219373] audit: type=1400 audit(1768583932.068:41): apparmor="DENIED" operation="capable" profile="/usr/sbin/cups-browsed" pid=507 comm="cups-browsed" capability=23  capname="sys_nice"
[    9.081580] pcnet32 0000:00:03.0 enp0s3: link up, 100Mbps, full-duplex
[    9.120482] e1000: enp0s8 NIC Link is Up 1000 Mbps Full Duplex, Flow Control: RX
[    9.120777] IPv6: ADDRCONF(NETDEV_CHANGE): enp0s8: link becomes ready
[    9.146771] e1000: enp0s9 NIC Link is Up 1000 Mbps Full Duplex, Flow Control: RX
[    9.147060] IPv6: ADDRCONF(NETDEV_CHANGE): enp0s9: link becomes ready
[    9.850541] device enp0s3 entered promiscuous mode
[    9.872833] audit: type=1400 audit(1768583933.716:42): apparmor="DENIED" operation="open" profile="/usr/sbin/tcpdump" name="/proc/sys/kernel/random/boot_id" pid=657 comm="tcpdump" requested_mask="r" denied_mask="r" fsuid=0 ouid=0
[    9.874647] audit: type=1400 audit(1768583933.716:43): apparmor="DENIED" operation="open" profile="/usr/sbin/tcpdump" name="/proc/sys/kernel/random/boot_id" pid=657 comm="tcpdump" requested_mask="r" denied_mask="r" fsuid=0 ouid=0
[    9.874698] audit: type=1400 audit(1768583933.716:44): apparmor="DENIED" operation="open" profile="/usr/sbin/tcpdump" name="/proc/sys/kernel/random/boot_id" pid=657 comm="tcpdump" requested_mask="r" denied_mask="r" fsuid=0 ouid=0
[    9.874757] audit: type=1400 audit(1768583933.716:45): apparmor="DENIED" operation="open" profile="/usr/sbin/tcpdump" name="/proc/sys/kernel/random/boot_id" pid=657 comm="tcpdump" requested_mask="r" denied_mask="r" fsuid=0 ouid=0
[    9.876894] audit: type=1400 audit(1768583933.724:46): apparmor="DENIED" operation="open" profile="/usr/sbin/tcpdump" name="/proc/sys/kernel/random/boot_id" pid=658 comm="tcpdump" requested_mask="r" denied_mask="r" fsuid=0 ouid=0
[    9.877159] audit: type=1400 audit(1768583933.724:47): apparmor="DENIED" operation="open" profile="/usr/sbin/tcpdump" name="/proc/sys/kernel/random/boot_id" pid=658 comm="tcpdump" requested_mask="r" denied_mask="r" fsuid=0 ouid=0
[    9.877235] audit: type=1400 audit(1768583933.724:48): apparmor="DENIED" operation="open" profile="/usr/sbin/tcpdump" name="/proc/sys/kernel/random/boot_id" pid=658 comm="tcpdump" requested_mask="r" denied_mask="r" fsuid=0 ouid=0
[    9.877346] audit: type=1400 audit(1768583933.724:49): apparmor="DENIED" operation="open" profile="/usr/sbin/tcpdump" name="/proc/sys/kernel/random/boot_id" pid=658 comm="tcpdump" requested_mask="r" denied_mask="r" fsuid=0 ouid=0
[   15.622728] rfkill: input handler disabled
[  173.244716] AAAAA-TCP_FORW: name:enp0s3: saddr:100932208: daddr:16783984
[  173.847895] AAAAA-TCP_FORW: name:enp0s3: saddr:16783984: daddr:100932208
[  174.752838] AAAAA-TCP_FORW: name:enp0s3: saddr:100932208: daddr:16783984
[  174.799605] AAAAA-TCP_FORW: name:enp0s3: saddr:100932208: daddr:16783984
[  174.848667] AAAAA-TCP_FORW: name:enp0s3: saddr:16783984: daddr:100932208
[  174.877369] AAAAA-TCP_FORW: name:enp0s3: saddr:16783984: daddr:100932208
[  175.028174] AAAAA-TCP_FORW: name:enp0s3: saddr:100932208: daddr:16783984
[  175.053901] AAAAA-TCP_FORW: name:enp0s3: saddr:100932208: daddr:16783984
[  175.107812] AAAAA-TCP_FORW: name:enp0s3: saddr:100932208: daddr:16783984
[  175.221071] AAAAA-TCP_FORW: name:enp0s3: saddr:16783984: daddr:100932208
[  175.248401] AAAAA-TCP_FORW: name:enp0s3: saddr:16783984: daddr:100932208
[  175.266607] AAAAA-TCP_FORW: name:enp0s3: saddr:16783984: daddr:100932208
[  175.595549] AAAAA-TCP_FORW: name:enp0s3: saddr:33561200: daddr:100932208
[  175.751394] AAAAA-TCP_FORW: name:enp0s3: saddr:16783984: daddr:100932208
[  175.929305] AAAAA-TCP_FORW: name:enp0s3: saddr:33561200: daddr:100932208
[  176.069169] AAAAA-TCP_FORW: name:enp0s3: saddr:16783984: daddr:100932208
[  176.094477] AAAAA-TCP_FORW: name:enp0s3: saddr:33561200: daddr:100932208
[  176.479103] AAAAA-TCP_FORW: name:enp0s3: saddr:16783984: daddr:100932208
[  176.677615] AAAAA-TCP_FORW: name:enp0s3: saddr:16783984: daddr:100932208
[  176.751034] AAAAA-TCP_FORW: name:enp0s3: saddr:16783984: daddr:100932208
[  176.810297] AAAAA-TCP_FORW: name:enp0s3: saddr:33561200: daddr:100932208
[  176.901351] AAAAA-TCP_FORW: name:enp0s3: saddr:33561200: daddr:100932208
[  177.086832] AAAAA-TCP_FORW: name:enp0s3: saddr:33561200: daddr:100932208
[  177.261837] AAAAA-TCP_FORW: name:enp0s3: saddr:33561200: daddr:100932208
[  177.475193] AAAAA-TCP_FORW: name:enp0s3: saddr:16783984: daddr:100932208
[  177.533277] AAAAA-TCP_FORW: name:enp0s3: saddr:16783984: daddr:100932208
[  177.631728] AAAAA-TCP_FORW: name:enp0s3: saddr:16783984: daddr:100932208
[  177.736617] AAAAA-TCP_FORW: name:enp0s3: saddr:16783984: daddr:100932208
[  201.446793] AAAAA-TCP_FORW: name:enp0s3: saddr:33561200: daddr:100932208
[  201.581215] AAAAA-TCP_FORW: name:enp0s3: saddr:33561200: daddr:100932208
[  201.664880] AAAAA-TCP_FORW: name:enp0s3: saddr:33561200: daddr:100932208
[  201.863797] AAAAA-TCP_FORW: name:enp0s3: saddr:33561200: daddr:100932208
[  202.141113] AAAAA-TCP_FORW: name:enp0s3: saddr:33561200: daddr:100932208
[  202.230503] AAAAA-TCP_FORW: name:enp0s3: saddr:33561200: daddr:100932208
[  202.392883] AAAAA-TCP_FORW: name:enp0s3: saddr:33561200: daddr:100932208
[  202.460881] AAAAA-TCP_FORW: name:enp0s3: saddr:33561200: daddr:100932208
[  202.541497] AAAAA-TCP_FORW: name:enp0s3: saddr:33561200: daddr:100932208
[  202.593050] AAAAA-TCP_FORW: name:enp0s3: saddr:33561200: daddr:100932208
[  202.762269] AAAAA-TCP_FORW: name:enp0s3: saddr:33561200: daddr:100932208
[  202.850824] AAAAA-TCP_FORW: name:enp0s3: saddr:33561200: daddr:100932208
[  202.943421] AAAAA-TCP_FORW: name:enp0s3: saddr:33561200: daddr:100932208
[  203.069624] AAAAA-TCP_FORW: name:enp0s3: saddr:33561200: daddr:100932208
[  203.186549] AAAAA-TCP_FORW: name:enp0s3: saddr:33561200: daddr:100932208
[  203.267393] AAAAA-TCP_FORW: name:enp0s3: saddr:33561200: daddr:100932208
[  203.309539] AAAAA-TCP_FORW: name:enp0s3: saddr:16783984: daddr:100932208
[  203.444054] AAAAA-TCP_FORW: name:enp0s3: saddr:16783984: daddr:100932208
[  203.589050] AAAAA-TCP_FORW: name:enp0s3: saddr:16783984: daddr:100932208
[  203.740768] AAAAA-TCP_FORW: name:enp0s3: saddr:16783984: daddr:100932208
[  203.869782] AAAAA-TCP_FORW: name:enp0s3: saddr:16783984: daddr:100932208
[  203.976893] AAAAA-TCP_FORW: name:enp0s3: saddr:16783984: daddr:100932208
[  204.055891] AAAAA-TCP_FORW: name:enp0s3: saddr:16783984: daddr:100932208
[  204.222067] AAAAA-TCP_FORW: name:enp0s3: saddr:16783984: daddr:100932208
[  204.320771] AAAAA-TCP_FORW: name:enp0s3: saddr:16783984: daddr:100932208
[  204.618709] AAAAA-TCP_FORW: name:enp0s3: saddr:16783984: daddr:100932208
[  634.527483] rfkill: input handler enabled
[  643.218567] rfkill: input handler disabled
[ 1004.385145] device enp0s3 left promiscuous mode
