[    0.000000] Linux version 5.4.243-mptcp (root@ztg) (gcc version 12.2.0 (Debian 12.2.0-14+deb12u1)) #53 SMP Wed Dec 24 23:28:15 CST 2025
[    0.000000] Command line: BOOT_IMAGE=/boot/vmlinuz-5.4.243-mptcp root=UUID=98415a12-53b7-4144-8265-0f7ece09e445 ro quiet splash
[    0.000000] KERNEL supported cpus:
[    0.000000]   Intel GenuineIntel
[    0.000000]   AMD AuthenticAMD
[    0.000000]   Hygon HygonGenuine
[    0.000000]   Centaur CentaurHauls
[    0.000000]   zhaoxin   Shanghai  
[    0.000000] x86/fpu: Supporting XSAVE feature 0x001: 'x87 floating point registers'
[    0.000000] x86/fpu: Supporting XSAVE feature 0x002: 'SSE registers'
[    0.000000] x86/fpu: Supporting XSAVE feature 0x004: 'AVX registers'
[    0.000000] x86/fpu: xstate_offset[2]:  576, xstate_sizes[2]:  256
[    0.000000] x86/fpu: Enabled xstate features 0x7, context size is 832 bytes, using 'standard' format.
[    0.000000] BIOS-provided physical RAM map:
[    0.000000] BIOS-e820: [mem 0x0000000000000000-0x000000000009fbff] usable
[    0.000000] BIOS-e820: [mem 0x000000000009fc00-0x000000000009ffff] reserved
[    0.000000] BIOS-e820: [mem 0x00000000000f0000-0x00000000000fffff] reserved
[    0.000000] BIOS-e820: [mem 0x0000000000100000-0x000000007ffeffff] usable
[    0.000000] BIOS-e820: [mem 0x000000007fff0000-0x000000007fffffff] ACPI data
[    0.000000] BIOS-e820: [mem 0x00000000fec00000-0x00000000fec00fff] reserved
[    0.000000] BIOS-e820: [mem 0x00000000fee00000-0x00000000fee00fff] reserved
[    0.000000] BIOS-e820: [mem 0x00000000fffc0000-0x00000000ffffffff] reserved
[    0.000000] NX (Execute Disable) protection: active
[    0.000000] SMBIOS 2.5 present.
[    0.000000] DMI: innotek GmbH VirtualBox/VirtualBox, BIOS VirtualBox 12/01/2006
[    0.000000] Hypervisor detected: KVM
[    0.000000] kvm-clock: Using msrs 4b564d01 and 4b564d00
[    0.000000] kvm-clock: cpu 0, msr 5ec01001, primary cpu clock
[    0.000000] kvm-clock: using sched offset of 4466412402 cycles
[    0.000003] clocksource: kvm-clock: mask: 0xffffffffffffffff max_cycles: 0x1cd42e4dffb, max_idle_ns: 881590591483 ns
[    0.000006] tsc: Detected 2100.000 MHz processor
[    0.001864] e820: update [mem 0x00000000-0x00000fff] usable ==> reserved
[    0.001866] e820: remove [mem 0x000a0000-0x000fffff] usable
[    0.001870] last_pfn = 0x7fff0 max_arch_pfn = 0x400000000
[    0.001937] MTRR default type: uncachable
[    0.001938] MTRR fixed ranges enabled:
[    0.001939]   00000-9FFFF write-back
[    0.001939]   A0000-BFFFF uncachable
[    0.001940]   C0000-FFFFF write-protect
[    0.001941] MTRR variable ranges enabled:
[    0.001942]   0 base 000000000000 mask 3FFF80000000 write-back
[    0.001943]   1 disabled
[    0.001944]   2 disabled
[    0.001944]   3 disabled
[    0.001944]   4 disabled
[    0.001945]   5 disabled
[    0.001945]   6 disabled
[    0.001946]   7 disabled
[    0.001946]   8 disabled
[    0.001946]   9 disabled
[    0.001947]   10 disabled
[    0.001947]   11 disabled
[    0.001948]   12 disabled
[    0.001948]   13 disabled
[    0.001949]   14 disabled
[    0.001949]   15 disabled
[    0.001965] x86/PAT: Configuration [0-7]: WB  WC  UC- UC  WB  WP  UC- WT  
[    0.002099] found SMP MP-table at [mem 0x0009fff0-0x0009ffff]
[    0.093137] check: Scanning 1 areas for low memory corruption
[    0.093299] RAMDISK: [mem 0x32271000-0x3512ffff]
[    0.093307] ACPI: Early table checksum verification disabled
[    0.093313] ACPI: RSDP 0x00000000000E0000 000024 (v02 VBOX  )
[    0.093318] ACPI: XSDT 0x000000007FFF0030 00003C (v01 VBOX   VBOXXSDT 00000001 ASL  00000061)
[    0.093324] ACPI: FACP 0x000000007FFF00F0 0000F4 (v04 VBOX   VBOXFACP 00000001 ASL  00000061)
[    0.093331] ACPI: DSDT 0x000000007FFF02E0 002353 (v02 VBOX   VBOXBIOS 00000002 VBOX 00029BF3)
[    0.093335] ACPI: FACS 0x000000007FFF0200 000040
[    0.093338] ACPI: FACS 0x000000007FFF0200 000040
[    0.093341] ACPI: APIC 0x000000007FFF0240 000054 (v02 VBOX   VBOXAPIC 00000001 ASL  00000061)
[    0.093345] ACPI: SSDT 0x000000007FFF02A0 000038 (v01 VBOX   VBOXCPUT 00000002 VBOX 00029BF3)
[    0.093348] ACPI: Reserving FACP table memory at [mem 0x7fff00f0-0x7fff01e3]
[    0.093349] ACPI: Reserving DSDT table memory at [mem 0x7fff02e0-0x7fff2632]
[    0.093350] ACPI: Reserving FACS table memory at [mem 0x7fff0200-0x7fff023f]
[    0.093350] ACPI: Reserving FACS table memory at [mem 0x7fff0200-0x7fff023f]
[    0.093351] ACPI: Reserving APIC table memory at [mem 0x7fff0240-0x7fff0293]
[    0.093352] ACPI: Reserving SSDT table memory at [mem 0x7fff02a0-0x7fff02d7]
[    0.093367] ACPI: Local APIC address 0xfee00000
[    0.093557] No NUMA configuration found
[    0.093558] Faking a node at [mem 0x0000000000000000-0x000000007ffeffff]
[    0.093568] NODE_DATA(0) allocated [mem 0x7ffc5000-0x7ffeffff]
[    0.093828] Zone ranges:
[    0.093829]   DMA      [mem 0x0000000000001000-0x0000000000ffffff]
[    0.093830]   DMA32    [mem 0x0000000001000000-0x000000007ffeffff]
[    0.093831]   Normal   empty
[    0.093832]   Device   empty
[    0.093833] Movable zone start for each node
[    0.093835] Early memory node ranges
[    0.093835]   node   0: [mem 0x0000000000001000-0x000000000009efff]
[    0.093836]   node   0: [mem 0x0000000000100000-0x000000007ffeffff]
[    0.093840] Zeroed struct page in unavailable ranges: 114 pages
[    0.093841] Initmem setup node 0 [mem 0x0000000000001000-0x000000007ffeffff]
[    0.093842] On node 0 totalpages: 524174
[    0.093843]   DMA zone: 64 pages used for memmap
[    0.093843]   DMA zone: 21 pages reserved
[    0.093844]   DMA zone: 3998 pages, LIFO batch:0
[    0.093915]   DMA32 zone: 8128 pages used for memmap
[    0.093916]   DMA32 zone: 520176 pages, LIFO batch:63
[    0.103004] ACPI: PM-Timer IO Port: 0x4008
[    0.103008] ACPI: Local APIC address 0xfee00000
[    0.103074] IOAPIC[0]: apic_id 1, version 32, address 0xfec00000, GSI 0-23
[    0.103077] ACPI: INT_SRC_OVR (bus 0 bus_irq 0 global_irq 2 dfl dfl)
[    0.103079] ACPI: INT_SRC_OVR (bus 0 bus_irq 9 global_irq 9 low level)
[    0.103081] ACPI: IRQ0 used by override.
[    0.103082] ACPI: IRQ9 used by override.
[    0.103084] Using ACPI (MADT) for SMP configuration information
[    0.103092] smpboot: Allowing 1 CPUs, 0 hotplug CPUs
[    0.103115] PM: Registered nosave memory: [mem 0x00000000-0x00000fff]
[    0.103116] PM: Registered nosave memory: [mem 0x0009f000-0x0009ffff]
[    0.103116] PM: Registered nosave memory: [mem 0x000a0000-0x000effff]
[    0.103117] PM: Registered nosave memory: [mem 0x000f0000-0x000fffff]
[    0.103118] [mem 0x80000000-0xfebfffff] available for PCI devices
[    0.103119] Booting paravirtualized kernel on KVM
[    0.103122] clocksource: refined-jiffies: mask: 0xffffffff max_cycles: 0xffffffff, max_idle_ns: 7645519600211568 ns
[    0.103127] setup_percpu: NR_CPUS:8192 nr_cpumask_bits:1 nr_cpu_ids:1 nr_node_ids:1
[    0.104155] percpu: Embedded 60 pages/cpu s208896 r8192 d28672 u2097152
[    0.104160] pcpu-alloc: s208896 r8192 d28672 u2097152 alloc=1*2097152
[    0.104161] pcpu-alloc: [0] 0 
[    0.104187] Built 1 zonelists, mobility grouping on.  Total pages: 515961
[    0.104188] Policy zone: DMA32
[    0.104189] Kernel command line: BOOT_IMAGE=/boot/vmlinuz-5.4.243-mptcp root=UUID=98415a12-53b7-4144-8265-0f7ece09e445 ro quiet splash
[    0.105046] Dentry cache hash table entries: 262144 (order: 9, 2097152 bytes, linear)
[    0.105193] Inode-cache hash table entries: 131072 (order: 8, 1048576 bytes, linear)
[    0.105244] mem auto-init: stack:off, heap alloc:on, heap free:off
[    0.105246] Calgary: detecting Calgary via BIOS EBDA area
[    0.105247] Calgary: Unable to locate Rio Grande table in EBDA - bailing!
[    0.109389] Memory: 1967332K/2096696K available (14339K kernel code, 2398K rwdata, 4712K rodata, 2728K init, 17260K bss, 129364K reserved, 0K cma-reserved)
[    0.110322] SLUB: HWalign=64, Order=0-3, MinObjects=0, CPUs=1, Nodes=1
[    0.110339] ftrace: allocating 43186 entries in 169 pages
[    0.128490] rcu: Hierarchical RCU implementation.
[    0.128492] rcu: 	RCU restricting CPUs from NR_CPUS=8192 to nr_cpu_ids=1.
[    0.128493] 	Tasks RCU enabled.
[    0.128494] rcu: RCU calculated value of scheduler-enlistment delay is 25 jiffies.
[    0.128495] rcu: Adjusting geometry for rcu_fanout_leaf=16, nr_cpu_ids=1
[    0.131461] NR_IRQS: 524544, nr_irqs: 256, preallocated irqs: 16
[    0.131721] random: crng init done
[    0.141388] Console: colour VGA+ 80x25
[    0.141392] printk: console [tty0] enabled
[    0.141414] ACPI: Core revision 20190816
[    0.141514] APIC: Switch to symmetric I/O mode setup
[    0.141765] x2apic enabled
[    0.142003] Switched APIC routing to physical x2apic.
[    0.143136] ..TIMER: vector=0x30 apic1=0 pin1=2 apic2=-1 pin2=-1
[    0.143162] clocksource: tsc-early: mask: 0xffffffffffffffff max_cycles: 0x1e4530a99b6, max_idle_ns: 440795257976 ns
[    0.143167] Calibrating delay loop (skipped) preset value.. 4200.00 BogoMIPS (lpj=8400000)
[    0.143169] pid_max: default: 32768 minimum: 301
[    0.143198] LSM: Security Framework initializing
[    0.143208] Yama: becoming mindful.
[    0.143233] AppArmor: AppArmor initialized
[    0.143266] Mount-cache hash table entries: 4096 (order: 3, 32768 bytes, linear)
[    0.143271] Mountpoint-cache hash table entries: 4096 (order: 3, 32768 bytes, linear)
[    0.143281] *** VALIDATE tmpfs ***
[    0.143410] *** VALIDATE proc ***
[    0.143451] *** VALIDATE cgroup1 ***
[    0.143452] *** VALIDATE cgroup2 ***
[    0.143591] process: using mwait in idle threads
[    0.143596] Last level iTLB entries: 4KB 64, 2MB 8, 4MB 8
[    0.143597] Last level dTLB entries: 4KB 64, 2MB 0, 4MB 0, 1GB 4
[    0.143617] Spectre V1 : Mitigation: usercopy/swapgs barriers and __user pointer sanitization
[    0.143622] Spectre V2 : Mitigation: Retpolines
[    0.143623] Spectre V2 : Spectre v2 / SpectreRSB mitigation: Filling RSB on context switch
[    0.143623] Spectre V2 : Spectre v2 / SpectreRSB : Filling RSB on VMEXIT
[    0.143624] RETBleed: WARNING: Spectre v2 mitigation leaves CPU vulnerable to RETBleed attacks, data leaks possible!
[    0.143987] RETBleed: Vulnerable
[    0.143988] Speculative Store Bypass: Vulnerable
[    0.143993] TAA: Mitigation: TSX disabled
[    0.143993] MMIO Stale Data: Mitigation: Clear CPU buffers
[    0.148583] Freeing SMP alternatives memory: 40K
[    0.261913] smpboot: CPU0: Intel(R) Xeon(R) Silver 4216 CPU @ 2.10GHz (family: 0x6, model: 0x55, stepping: 0x7)
[    0.262105] Performance Events: unsupported p6 CPU model 85 no PMU driver, software events only.
[    0.262157] rcu: Hierarchical SRCU implementation.
[    0.262720] NMI watchdog: Perf NMI watchdog permanently disabled
[    0.262772] smp: Bringing up secondary CPUs ...
[    0.262773] smp: Brought up 1 node, 1 CPU
[    0.262774] smpboot: Max logical packages: 1
[    0.262775] smpboot: Total of 1 processors activated (4200.00 BogoMIPS)
[    0.263164] devtmpfs: initialized
[    0.263164] x86/mm: Memory block size: 128MB
[    0.263164] clocksource: jiffies: mask: 0xffffffff max_cycles: 0xffffffff, max_idle_ns: 7645041785100000 ns
[    0.263164] futex hash table entries: 256 (order: 2, 16384 bytes, linear)
[    0.263164] pinctrl core: initialized pinctrl subsystem
[    0.263164] PM: RTC time: 19:04:28, date: 2026-01-16
[    0.263164] NET: Registered protocol family 16
[    0.263164] audit: initializing netlink subsys (disabled)
[    0.263164] EISA bus registered
[    0.263164] cpuidle: using governor ladder
[    0.263164] cpuidle: using governor menu
[    0.263164] ACPI: bus type PCI registered
[    0.263164] acpiphp: ACPI Hot Plug PCI Controller Driver version: 0.5
[    0.263164] PCI: Using configuration type 1 for base access
[    0.264007] audit: type=2000 audit(1768561474.446:1): state=initialized audit_enabled=0 res=1
[    0.264111] HugeTLB registered 2.00 MiB page size, pre-allocated 0 pages
[    0.265102] ACPI: Added _OSI(Module Device)
[    0.265103] ACPI: Added _OSI(Processor Device)
[    0.265104] ACPI: Added _OSI(3.0 _SCP Extensions)
[    0.265104] ACPI: Added _OSI(Processor Aggregator Device)
[    0.265105] ACPI: Added _OSI(Linux-Dell-Video)
[    0.265106] ACPI: Added _OSI(Linux-Lenovo-NV-HDMI-Audio)
[    0.265107] ACPI: Added _OSI(Linux-HPI-Hybrid-Graphics)
[    0.267106] ACPI: 2 ACPI AML tables successfully acquired and loaded
[    0.268690] ACPI: Interpreter enabled
[    0.268701] ACPI: (supports S0 S5)
[    0.268702] ACPI: Using IOAPIC for interrupt routing
[    0.268910] PCI: Using host bridge windows from ACPI; if necessary, use "pci=nocrs" and report a bug
[    0.269025] ACPI: Enabled 2 GPEs in block 00 to 07
[    0.274419] ACPI: PCI Root Bridge [PCI0] (domain 0000 [bus 00-ff])
[    0.274425] acpi PNP0A03:00: _OSC: OS supports [ASPM ClockPM Segments MSI HPX-Type3]
[    0.274872] acpi PNP0A03:00: _OSC: not requesting OS control; OS requires [ExtendedConfig ASPM ClockPM MSI]
[    0.274881] acpi PNP0A03:00: fail to add MMCONFIG information, can't access extended PCI configuration space under this bridge.
[    0.275365] PCI host bridge to bus 0000:00
[    0.275368] pci_bus 0000:00: root bus resource [io  0x0000-0x0cf7 window]
[    0.275369] pci_bus 0000:00: root bus resource [io  0x0d00-0xffff window]
[    0.275370] pci_bus 0000:00: root bus resource [mem 0x000a0000-0x000bffff window]
[    0.275371] pci_bus 0000:00: root bus resource [mem 0x80000000-0xfdffffff window]
[    0.275373] pci_bus 0000:00: root bus resource [bus 00-ff]
[    0.275424] pci 0000:00:00.0: [8086:1237] type 00 class 0x060000
[    0.276448] pci 0000:00:01.0: [8086:7000] type 00 class 0x060100
[    0.277289] pci 0000:00:01.1: [8086:7111] type 00 class 0x01018a
[    0.277710] pci 0000:00:01.1: reg 0x20: [io  0xd000-0xd00f]
[    0.277883] pci 0000:00:01.1: legacy IDE quirk: reg 0x10: [io  0x01f0-0x01f7]
[    0.277884] pci 0000:00:01.1: legacy IDE quirk: reg 0x14: [io  0x03f6]
[    0.277885] pci 0000:00:01.1: legacy IDE quirk: reg 0x18: [io  0x0170-0x0177]
[    0.277886] pci 0000:00:01.1: legacy IDE quirk: reg 0x1c: [io  0x0376]
[    0.278449] pci 0000:00:02.0: [15ad:0405] type 00 class 0x030000
[    0.281082] pci 0000:00:02.0: reg 0x10: [io  0xd010-0xd01f]
[    0.285045] pci 0000:00:02.0: reg 0x14: [mem 0xe0000000-0xe7ffffff pref]
[    0.287210] pci 0000:00:02.0: reg 0x18: [mem 0xf0000000-0xf01fffff]
[    0.299654] pci 0000:00:03.0: [1022:2000] type 00 class 0x020000
[    0.300461] pci 0000:00:03.0: reg 0x10: [io  0xd020-0xd03f]
[    0.301151] pci 0000:00:03.0: reg 0x14: [mem 0xf0200000-0xf0200fff]
[    0.304606] pci 0000:00:04.0: [80ee:cafe] type 00 class 0x088000
[    0.305298] pci 0000:00:04.0: reg 0x10: [io  0xd040-0xd05f]
[    0.305918] pci 0000:00:04.0: reg 0x14: [mem 0xf0400000-0xf07fffff]
[    0.306547] pci 0000:00:04.0: reg 0x18: [mem 0xf0800000-0xf0803fff pref]
[    0.310207] pci 0000:00:07.0: [8086:7113] type 00 class 0x068000
[    0.310831] pci 0000:00:07.0: quirk: [io  0x4000-0x403f] claimed by PIIX4 ACPI
[    0.310843] pci 0000:00:07.0: quirk: [io  0x4100-0x410f] claimed by PIIX4 SMB
[    0.311416] pci 0000:00:08.0: [1022:2000] type 00 class 0x020000
[    0.312108] pci 0000:00:08.0: reg 0x10: [io  0xd060-0xd07f]
[    0.312727] pci 0000:00:08.0: reg 0x14: [mem 0xf0804000-0xf0804fff]
[    0.316630] pci 0000:00:09.0: [8086:100e] type 00 class 0x020000
[    0.317379] pci 0000:00:09.0: reg 0x10: [mem 0xf0820000-0xf083ffff]
[    0.318573] pci 0000:00:09.0: reg 0x18: [io  0xd080-0xd087]
[    0.328237] ACPI: PCI Interrupt Link [LNKA] (IRQs 5 9 10 *11)
[    0.331275] ACPI: PCI Interrupt Link [LNKB] (IRQs 5 9 *10 11)
[    0.331389] ACPI: PCI Interrupt Link [LNKC] (IRQs 5 *9 10 11)
[    0.331497] ACPI: PCI Interrupt Link [LNKD] (IRQs 5 9 10 *11)
[    0.331835] iommu: Default domain type: Translated 
[    0.331917] pci 0000:00:02.0: vgaarb: setting as boot VGA device
[    0.331919] pci 0000:00:02.0: vgaarb: VGA device added: decodes=io+mem,owns=io+mem,locks=none
[    0.331922] pci 0000:00:02.0: vgaarb: bridge control possible
[    0.331923] vgaarb: loaded
[    0.332177] SCSI subsystem initialized
[    0.332218] libata version 3.00 loaded.
[    0.332244] ACPI: bus type USB registered
[    0.332264] usbcore: registered new interface driver usbfs
[    0.332270] usbcore: registered new interface driver hub
[    0.332276] usbcore: registered new device driver usb
[    0.332313] pps_core: LinuxPPS API ver. 1 registered
[    0.332313] pps_core: Software ver. 5.3.6 - Copyright 2005-2007 Rodolfo Giometti <giometti@linux.it>
[    0.332316] PTP clock support registered
[    0.332359] EDAC MC: Ver: 3.0.0
[    0.332697] PCI: Using ACPI for IRQ routing
[    0.332699] PCI: pci_cache_line_size set to 64 bytes
[    0.332891] e820: reserve RAM buffer [mem 0x0009fc00-0x0009ffff]
[    0.332895] e820: reserve RAM buffer [mem 0x7fff0000-0x7fffffff]
[    0.333713] NetLabel: Initializing
[    0.333714] NetLabel:  domain hash size = 128
[    0.333714] NetLabel:  protocols = UNLABELED CIPSOv4 CALIPSO
[    0.333737] NetLabel:  unlabeled traffic allowed by default
[    0.334764] clocksource: Switched to clocksource kvm-clock
[    0.346916] *** VALIDATE bpf ***
[    0.346997] VFS: Disk quotas dquot_6.6.0
[    0.347013] VFS: Dquot-cache hash table entries: 512 (order 0, 4096 bytes)
[    0.347043] *** VALIDATE ramfs ***
[    0.347046] *** VALIDATE hugetlbfs ***
[    0.347140] AppArmor: AppArmor Filesystem Enabled
[    0.347177] pnp: PnP ACPI init
[    0.347270] pnp 00:00: Plug and Play ACPI device, IDs PNP0303 (active)
[    0.347359] pnp 00:01: Plug and Play ACPI device, IDs PNP0f03 (active)
[    0.347511] pnp: PnP ACPI: found 2 devices
[    0.347511] thermal_sys: Registered thermal governor 'fair_share'
[    0.347511] thermal_sys: Registered thermal governor 'bang_bang'
[    0.347511] thermal_sys: Registered thermal governor 'step_wise'
[    0.347511] thermal_sys: Registered thermal governor 'user_space'
[    0.347511] thermal_sys: Registered thermal governor 'power_allocator'
[    0.355615] clocksource: acpi_pm: mask: 0xffffff max_cycles: 0xffffff, max_idle_ns: 2085701024 ns
[    0.355662] pci_bus 0000:00: resource 4 [io  0x0000-0x0cf7 window]
[    0.355664] pci_bus 0000:00: resource 5 [io  0x0d00-0xffff window]
[    0.355665] pci_bus 0000:00: resource 6 [mem 0x000a0000-0x000bffff window]
[    0.355666] pci_bus 0000:00: resource 7 [mem 0x80000000-0xfdffffff window]
[    0.355738] NET: Registered protocol family 2
[    0.355819] IP idents hash table entries: 32768 (order: 6, 262144 bytes, linear)
[    0.356279] MPTCP tokens hash table entries: 8192 (order: 4, 65536 bytes, linear)
[    0.356299] MPTCP request tokens hash table entries: 8192 (order: 4, 65536 bytes, linear)
[    0.356325] default registered
[    0.356326] default registered
[    0.356326] MPTCP: Stable release v0.96
[    0.356332] tcp_listen_portaddr_hash hash table entries: 1024 (order: 2, 16384 bytes, linear)
[    0.356410] TCP established hash table entries: 16384 (order: 5, 131072 bytes, linear)
[    0.356476] TCP bind hash table entries: 16384 (order: 6, 262144 bytes, linear)
[    0.356501] TCP: Hash tables configured (established 16384 bind 16384)
[    0.357234] UDP hash table entries: 1024 (order: 3, 32768 bytes, linear)
[    0.357246] UDP-Lite hash table entries: 1024 (order: 3, 32768 bytes, linear)
[    0.357286] NET: Registered protocol family 1
[    0.357297] NET: Registered protocol family 44
[    0.357325] pci 0000:00:00.0: Limiting direct PCI/PCI transfers
[    0.357340] pci 0000:00:01.0: Activating ISA DMA hang workarounds
[    0.357405] pci 0000:00:02.0: Video device with shadowed ROM at [mem 0x000c0000-0x000dffff]
[    0.357480] PCI: CLS 0 bytes, default 64
[    0.357541] Trying to unpack rootfs image as initramfs...
[    0.535537] Freeing initrd memory: 47868K
[    0.535537] clocksource: tsc: mask: 0xffffffffffffffff max_cycles: 0x1e4530a99b6, max_idle_ns: 440795257976 ns
[    0.535537] clocksource: Switched to clocksource tsc
[    0.535537] platform rtc_cmos: registered platform RTC device (no PNP device found)
[    0.535537] check: Scanning for low memory corruption every 60 seconds
[    0.550392] Initialise system trusted keyrings
[    0.550404] Key type blacklist registered
[    0.550432] workingset: timestamp_bits=36 max_order=19 bucket_order=0
[    0.551776] zbud: loaded
[    0.552152] squashfs: version 4.0 (2009/01/31) Phillip Lougher
[    0.552299] fuse: init (API version 7.31)
[    0.552317] *** VALIDATE fuse ***
[    0.552318] *** VALIDATE fuse ***
[    0.552438] Platform Keyring initialized
[    0.554229] Key type asymmetric registered
[    0.554229] Asymmetric key parser 'x509' registered
[    0.554229] Block layer SCSI generic (bsg) driver version 0.4 loaded (major 244)
[    0.554229] io scheduler mq-deadline registered
[    0.554229] shpchp: Standard Hot Plug PCI Controller Driver version: 0.4
[    0.555834] ACPI: AC Adapter [AC] (on-line)
[    0.555887] input: Power Button as /devices/LNXSYSTM:00/LNXPWRBN:00/input/input0
[    0.555918] ACPI: Power Button [PWRF]
[    0.556002] input: Sleep Button as /devices/LNXSYSTM:00/LNXSLPBN:00/input/input1
[    0.556017] ACPI: Sleep Button [SLPF]
[    0.556286] Serial: 8250/16550 driver, 32 ports, IRQ sharing enabled
[    0.557517] Linux agpgart interface v0.103
[    0.651515] loop: module loaded
[    0.651699] ata_piix 0000:00:01.1: version 2.13
[    0.652161] scsi host0: ata_piix
[    0.652262] scsi host1: ata_piix
[    0.652290] ata1: PATA max UDMA/33 cmd 0x1f0 ctl 0x3f6 bmdma 0xd000 irq 14
[    0.652291] ata2: PATA max UDMA/33 cmd 0x170 ctl 0x376 bmdma 0xd008 irq 15
[    0.652387] tun: Universal TUN/TAP device driver, 1.6
[    0.652740] PPP generic driver version 2.4.2
[    0.652788] VFIO - User Level meta-driver version: 0.3
[    0.653050] ehci_hcd: USB 2.0 'Enhanced' Host Controller (EHCI) Driver
[    0.653056] ehci-pci: EHCI PCI platform driver
[    0.653077] ehci-platform: EHCI generic platform driver
[    0.653083] ohci_hcd: USB 1.1 'Open' Host Controller (OHCI) Driver
[    0.653085] ohci-pci: OHCI PCI platform driver
[    0.653093] ohci-platform: OHCI generic platform driver
[    0.653098] uhci_hcd: USB Universal Host Controller Interface driver
[    0.653175] i8042: PNP: PS/2 Controller [PNP0303:PS2K,PNP0f03:PS2M] at 0x60,0x64 irq 1,12
[    0.653629] serio: i8042 KBD port at 0x60,0x64 irq 1
[    0.653634] serio: i8042 AUX port at 0x60,0x64 irq 12
[    0.653730] mousedev: PS/2 mouse device common for all mice
[    0.654023] input: AT Translated Set 2 keyboard as /devices/platform/i8042/serio0/input/input2
[    0.654442] rtc_cmos rtc_cmos: registered as rtc0
[    0.654457] rtc_cmos rtc_cmos: alarms up to one day, 114 bytes nvram
[    0.654463] i2c /dev entries driver
[    0.654511] device-mapper: uevent: version 1.0.3
[    0.654557] device-mapper: ioctl: 4.41.0-ioctl (2019-09-16) initialised: dm-devel@redhat.com
[    0.654574] platform eisa.0: Probing EISA bus 0
[    0.654575] platform eisa.0: EISA: Cannot allocate resource for mainboard
[    0.654577] platform eisa.0: Cannot allocate resource for EISA slot 1
[    0.654578] platform eisa.0: Cannot allocate resource for EISA slot 2
[    0.654579] platform eisa.0: Cannot allocate resource for EISA slot 3
[    0.654580] platform eisa.0: Cannot allocate resource for EISA slot 4
[    0.654581] platform eisa.0: Cannot allocate resource for EISA slot 5
[    0.654582] platform eisa.0: Cannot allocate resource for EISA slot 6
[    0.654583] platform eisa.0: Cannot allocate resource for EISA slot 7
[    0.654584] platform eisa.0: Cannot allocate resource for EISA slot 8
[    0.654585] platform eisa.0: EISA: Detected 0 cards
[    0.654589] intel_pstate: CPU model not supported
[    0.654602] ledtrig-cpu: registered to indicate activity on CPUs
[    0.654673] drop_monitor: Initializing network drop monitor service
[    0.654842] NET: Registered protocol family 10
[    0.659694] Segment Routing with IPv6
[    0.659694] fullmesh registered
[    0.659694] ndiffports registered
[    0.659694] binder registered
[    0.659694] roundrobin registered
[    0.659694] redundant registered
[    0.659694] blest registered
[    0.659694] ecf registered
[    0.659694] NET: Registered protocol family 17
[    0.659694] Key type dns_resolver registered
[    0.659694] RAS: Correctable Errors collector initialized.
[    0.659694] IPI shorthand broadcast: enabled
[    0.659694] sched_clock: Marking stable (644242071, 11451990)->(660301751, -4607690)
[    0.660739] registered taskstats version 1
[    0.660751] Loading compiled-in X.509 certificates
[    0.661353] Loaded X.509 cert 'Build time autogenerated kernel key: 6909f3744cebb3d0de528d5887b96a727de79b1e'
[    0.661374] zswap: loaded using pool lzo/zbud
[    0.661436] Key type ._fscrypt registered
[    0.661436] Key type .fscrypt registered
[    0.666229] Key type big_key registered
[    0.668616] Key type encrypted registered
[    0.668619] AppArmor: AppArmor sha1 policy hashing enabled
[    0.668631] ima: No TPM chip found, activating TPM-bypass!
[    0.668635] ima: Allocated hash algorithm: sha1
[    0.668642] ima: No architecture policies found
[    0.668653] evm: Initialising EVM extended attributes:
[    0.668653] evm: security.selinux
[    0.668654] evm: security.SMACK64
[    0.668654] evm: security.SMACK64EXEC
[    0.668655] evm: security.SMACK64TRANSMUTE
[    0.668655] evm: security.SMACK64MMAP
[    0.668656] evm: security.apparmor
[    0.668656] evm: security.ima
[    0.668657] evm: security.capability
[    0.668658] evm: HMAC attrs: 0x1
[    0.668994] PM:   Magic number: 10:699:91
[    0.669120] rtc_cmos rtc_cmos: setting system clock to 2026-01-16T19:04:29 UTC (1768590269)
[    0.829461] ata1.00: ATA-6: VBOX HARDDISK, 1.0, max UDMA/133
[    0.829466] ata1.00: 209715200 sectors, multi 128: LBA 
[    0.830397] scsi 0:0:0:0: Direct-Access     ATA      VBOX HARDDISK    1.0  PQ: 0 ANSI: 5
[    0.830810] sd 0:0:0:0: [sda] 209715200 512-byte logical blocks: (107 GB/100 GiB)
[    0.830828] sd 0:0:0:0: [sda] Write Protect is off
[    0.830833] sd 0:0:0:0: [sda] Mode Sense: 00 3a 00 00
[    0.830862] sd 0:0:0:0: [sda] Write cache: enabled, read cache: enabled, doesn't support DPO or FUA
[    0.831167] sd 0:0:0:0: Attached scsi generic sg0 type 0
[    0.832722]  sda: sda1 sda2
[    0.843748] sd 0:0:0:0: [sda] Attached SCSI disk
[    0.848303] Freeing unused decrypted memory: 2040K
[    0.849821] Freeing unused kernel image memory: 2728K
[    0.849826] Write protecting the kernel read-only data: 22528k
[    0.851372] Freeing unused kernel image memory: 2036K
[    0.852235] Freeing unused kernel image memory: 1432K
[    0.885896] x86/mm: Checked W+X mappings: passed, no W+X pages found.
[    0.885904] Run /init as init process
[    1.008819] ACPI: Video Device [GFX0] (multi-head: yes  rom: no  post: no)
[    1.008905] input: Video Bus as /devices/LNXSYSTM:00/LNXSYBUS:00/PNP0A03:00/LNXVIDEO:00/input/input4
[    1.021041] pcnet32: pcnet32.c:v1.35 21.Apr.2008 tsbogend@alpha.franken.de
[    1.024608] piix4_smbus 0000:00:07.0: SMBus Host Controller at 0x4100, revision 0
[    1.028958] e1000: Intel(R) PRO/1000 Network Driver - version 7.3.21-k8-NAPI
[    1.028958] e1000: Copyright (c) 1999-2006 Intel Corporation.
[    1.031072] pcnet32: PCnet/FAST III 79C973 at 0xd020, 08:00:27:6f:9c:c9 assigned IRQ 19
[    1.031120] pcnet32: Found PHY 0022:561b at address 0
[    1.031448] pcnet32: eth0: registered as PCnet/FAST III 79C973
[    1.041063] pcnet32: PCnet/FAST III 79C973 at 0xd060, 08:00:27:0d:51:24 assigned IRQ 16
[    1.041108] pcnet32: Found PHY 0022:561b at address 0
[    1.041430] pcnet32: eth1: registered as PCnet/FAST III 79C973
[    1.048146] pcnet32: 2 cards_found
[    1.113876] pcnet32 0000:00:03.0 enp0s3: renamed from eth0
[    1.115214] pcnet32 0000:00:08.0 enp0s8: renamed from eth1
[    1.248337] input: ImExPS/2 Generic Explorer Mouse as /devices/platform/i8042/serio1/input/input5
[    1.460170] e1000 0000:00:09.0 eth0: (PCI:33MHz:32-bit) 08:00:27:28:50:84
[    1.460176] e1000 0000:00:09.0 eth0: Intel(R) PRO/1000 Network Connection
[    1.461464] e1000 0000:00:09.0 enp0s9: renamed from eth0
[    1.615303] EXT4-fs (sda2): mounted filesystem with ordered data mode. Opts: (null)
[    1.714136] systemd[1]: Inserted module 'autofs4'
[    1.726632] systemd[1]: systemd 245.4-4ubuntu3 running in system mode. (+PAM +AUDIT +SELINUX +IMA +APPARMOR +SMACK +SYSVINIT +UTMP +LIBCRYPTSETUP +GCRYPT +GNUTLS +ACL +XZ +LZ4 +SECCOMP +BLKID +ELFUTILS +KMOD +IDN2 -IDN +PCRE2 default-hierarchy=hybrid)
[    1.726672] systemd[1]: Detected virtualization oracle.
[    1.726676] systemd[1]: Detected architecture x86-64.
[    1.728158] systemd[1]: Set hostname to <ztg>.
[    1.869898] systemd[1]: /lib/systemd/system/dbus.socket:5: ListenStream= references a path below legacy directory /var/run/, updating /var/run/dbus/system_bus_socket â†’ /run/dbus/system_bus_socket; please update the unit file accordingly.
[    1.926504] systemd[1]: Created slice system-modprobe.slice.
[    1.926708] systemd[1]: Created slice User and Session Slice.
[    1.926758] systemd[1]: Started Forward Password Requests to Wall Directory Watch.
[    1.926944] systemd[1]: Set up automount Arbitrary Executable File Formats File System Automount Point.
[    1.926985] systemd[1]: Reached target User and Group Name Lookups.
[    1.926996] systemd[1]: Reached target Remote File Systems.
[    1.927005] systemd[1]: Reached target Slices.
[    1.927666] systemd[1]: Listening on Syslog Socket.
[    1.927748] systemd[1]: Listening on fsck to fsckd communication Socket.
[    1.927792] systemd[1]: Listening on initctl Compatibility Named Pipe.
[    1.927955] systemd[1]: Listening on Journal Audit Socket.
[    1.928015] systemd[1]: Listening on Journal Socket (/dev/log).
[    1.928098] systemd[1]: Listening on Journal Socket.
[    1.928172] systemd[1]: Listening on udev Control Socket.
[    1.928216] systemd[1]: Listening on udev Kernel Socket.
[    1.929118] systemd[1]: Mounting Huge Pages File System...
[    1.930225] systemd[1]: Mounting POSIX Message Queue File System...
[    1.931267] systemd[1]: Mounting Kernel Debug File System...
[    1.932923] systemd[1]: Mounting Kernel Trace File System...
[    1.955728] systemd[1]: Starting Journal Service...
[    1.962175] systemd[1]: Starting Set the console keyboard layout...
[    1.969328] systemd[1]: Starting Create list of static device nodes for the current kernel...
[    1.970579] systemd[1]: Starting Load Kernel Module drm...
[    1.973225] systemd[1]: Condition check resulted in Set Up Additional Binary Formats being skipped.
[    1.973294] systemd[1]: Condition check resulted in File System Check on Root Device being skipped.
[    1.983795] systemd[1]: Starting Load Kernel Modules...
[    1.991770] systemd[1]: Starting Remount Root and Kernel File Systems...
[    2.002286] systemd[1]: Starting udev Coldplug all Devices...
[    2.050051] systemd[1]: Starting Uncomplicated firewall...
[    2.051581] systemd[1]: Mounted Huge Pages File System.
[    2.051686] systemd[1]: Mounted POSIX Message Queue File System.
[    2.051768] systemd[1]: Mounted Kernel Debug File System.
[    2.051848] systemd[1]: Mounted Kernel Trace File System.
[    2.053692] EXT4-fs (sda2): re-mounted. Opts: errors=remount-ro
[    2.060225] systemd[1]: Finished Create list of static device nodes for the current kernel.
[    2.061535] systemd[1]: modprobe@drm.service: Succeeded.
[    2.063750] systemd[1]: Finished Load Kernel Module drm.
[    2.064167] systemd[1]: Finished Remount Root and Kernel File Systems.
[    2.065106] systemd[1]: Finished Uncomplicated firewall.
[    2.072580] systemd[1]: Condition check resulted in Rebuild Hardware Database being skipped.
[    2.072623] systemd[1]: Condition check resulted in Platform Persistent Storage Archival being skipped.
[    2.073469] systemd[1]: Starting Load/Save Random Seed...
[    2.075664] lp: driver loaded but no devices found
[    2.082383] systemd[1]: Starting Create System Users...
[    2.107554] ppdev: user-space parallel port driver
[    2.115580] systemd[1]: Finished Load/Save Random Seed.
[    2.125247] systemd[1]: Finished Create System Users.
[    2.126362] systemd[1]: Starting Create Static Device Nodes in /dev...
[    2.175059] systemd[1]: Finished Create Static Device Nodes in /dev.
[    2.176379] systemd[1]: Starting udev Kernel Device Manager...
[    2.189987] systemd[1]: Finished udev Coldplug all Devices.
[    2.191039] [drm] DMA map mode: Caching DMA mappings.
[    2.191104] [drm] Capabilities:
[    2.191105] [drm]   Rect copy.
[    2.191105] [drm]   Cursor.
[    2.191106] [drm]   Cursor bypass.
[    2.191106] [drm]   Cursor bypass 2.
[    2.191106] [drm]   Alpha cursor.
[    2.191107] [drm]   Extended Fifo.
[    2.191107] [drm]   Pitchlock.
[    2.191107] [drm]   Irq mask.
[    2.191108] [drm]   GMR.
[    2.191108] [drm]   Traces.
[    2.191108] [drm]   GMR2.
[    2.191109] [drm]   Screen Object 2.
[    2.191109] [drm]   Command Buffers.
[    2.191109] [drm]   Command Buffers 2.
[    2.191110] [drm]   Guest Backed Resources.
[    2.191111] [drm] Max GMR ids is 8192
[    2.191112] [drm] Max number of GMR pages is 1048576
[    2.191112] [drm] Max dedicated hypervisor surface memory is 393216 kiB
[    2.191113] [drm] Maximum display memory size is 131072 kiB
[    2.191113] [drm] VRAM at 0xe0000000 size is 131072 kiB
[    2.191114] [drm] MMIO at 0xf0000000 size is 2048 kiB
[    2.192069] [TTM] Zone  kernel: Available graphics memory: 1011738 KiB
[    2.192070] [TTM] Initializing pool allocator
[    2.192073] [TTM] Initializing DMA pool allocator
[    2.192106] [drm] Supports vblank timestamp caching Rev 2 (21.10.2013).
[    2.192106] [drm] No driver support for vblank timestamp query.
[    2.193045] [drm] Screen Target Display device initialized
[    2.193249] [drm] width 720
[    2.193259] [drm] height 400
[    2.193263] [drm] bpp 32
[    2.193837] [drm] Fifo max 0x00200000 min 0x00001000 cap 0x00000355
[    2.194949] [drm] Using command buffers with DMA pool.
[    2.194955] [drm] DX: no.
[    2.194955] [drm] Atomic: yes.
[    2.194956] [drm] SM4_1: no.
[    2.194977] [drm:vmw_host_log [vmwgfx]] *ERROR* Failed to send host log message.
[    2.200083] [drm:vmw_host_log [vmwgfx]] *ERROR* Failed to send host log message.
[    2.217311] fbcon: svgadrmfb (fb0) is primary device
[    2.237446] Console: switching to colour frame buffer device 100x37
[    2.245969] systemd[1]: Finished Set the console keyboard layout.
[    2.246104] [drm] Initialized vmwgfx 2.15.0 20180704 for 0000:00:02.0 on minor 0
[    2.247206] systemd[1]: Finished Load Kernel Modules.
[    2.247371] systemd[1]: Reached target Local File Systems (Pre).
[    2.250647] systemd[1]: Mounting Mount unit for bare, revision 5...
[    2.255016] systemd[1]: Mounting Mount unit for core18, revision 1705...
[    2.275931] systemd[1]: Mounting Mount unit for gnome-3-34-1804, revision 24...
[    2.288380] systemd[1]: Mounting Mount unit for gtk-common-themes, revision 1506...
[    2.293788] systemd[1]: Mounting Mount unit for gtk-common-themes, revision 1535...
[    2.307567] systemd[1]: Mounting Mount unit for snap-store, revision 433...
[    2.329070] systemd[1]: Mounting Mount unit for snapd, revision 7264...
[    2.337511] systemd[1]: Mounting FUSE Control File System...
[    2.342373] systemd[1]: Mounting Kernel Configuration File System...
[    2.362686] systemd[1]: Starting Apply Kernel Variables...
[    2.365110] systemd[1]: Mounted Mount unit for bare, revision 5.
[    2.365247] systemd[1]: Mounted FUSE Control File System.
[    2.365341] systemd[1]: Condition check resulted in VMware vmblock fuse mount being skipped.
[    2.391180] systemd[1]: Mounted Mount unit for core18, revision 1705.
[    2.391304] systemd[1]: Mounted Mount unit for gnome-3-34-1804, revision 24.
[    2.391395] systemd[1]: Mounted Kernel Configuration File System.
[    2.394251] systemd[1]: Finished Apply Kernel Variables.
[    2.423768] systemd[1]: Mounted Mount unit for gtk-common-themes, revision 1506.
[    2.423885] systemd[1]: Mounted Mount unit for gtk-common-themes, revision 1535.
[    2.425609] systemd[1]: Started udev Kernel Device Manager.
[    2.426598] systemd[1]: Starting Show Plymouth Boot Screen...
[    2.453706] systemd[1]: Mounted Mount unit for snap-store, revision 433.
[    2.453844] systemd[1]: Mounted Mount unit for snapd, revision 7264.
[    2.453928] systemd[1]: Received SIGRTMIN+20 from PID 288 (plymouthd).
[    2.453966] systemd[1]: Reached target Local File Systems.
[    2.460657] systemd[1]: Starting Load AppArmor profiles...
[    2.476143] systemd[1]: Starting Set console font and keymap...
[    2.482320] systemd[1]: Starting Tell Plymouth To Write Out Runtime Data...
[    2.488433] systemd[1]: Condition check resulted in Store a System Token in an EFI Variable being skipped.
[    2.488470] systemd[1]: Condition check resulted in Commit a transient machine-id on disk being skipped.
[    2.491165] systemd[1]: Finished Set console font and keymap.
[    2.496052] systemd[1]: Received SIGRTMIN+20 from PID 288 (plymouthd).
[    2.497381] systemd[1]: plymouth-read-write.service: Succeeded.
[    2.497651] systemd[1]: Finished Tell Plymouth To Write Out Runtime Data.
[    2.513890] systemd[1]: Started Show Plymouth Boot Screen.
[    2.514035] systemd[1]: Condition check resulted in Dispatch Password Requests to Console Directory Watch being skipped.
[    2.514132] systemd[1]: Started Forward Password Requests to Plymouth Directory Watch.
[    2.514168] systemd[1]: Reached target Local Encrypted Volumes.
[    2.529881] audit: type=1400 audit(1768590271.356:2): apparmor="STATUS" operation="profile_load" profile="unconfined" name="nvidia_modprobe" pid=300 comm="apparmor_parser"
[    2.529883] audit: type=1400 audit(1768590271.356:3): apparmor="STATUS" operation="profile_load" profile="unconfined" name="nvidia_modprobe//kmod" pid=300 comm="apparmor_parser"
[    2.536589] audit: type=1400 audit(1768590271.364:4): apparmor="STATUS" operation="profile_load" profile="unconfined" name="/usr/sbin/tcpdump" pid=301 comm="apparmor_parser"
[    2.583218] audit: type=1400 audit(1768590271.404:5): apparmor="STATUS" operation="profile_load" profile="unconfined" name="/usr/bin/evince" pid=303 comm="apparmor_parser"
[    2.583220] audit: type=1400 audit(1768590271.404:6): apparmor="STATUS" operation="profile_load" profile="unconfined" name="/usr/bin/evince//sanitized_helper" pid=303 comm="apparmor_parser"
[    2.583222] audit: type=1400 audit(1768590271.404:7): apparmor="STATUS" operation="profile_load" profile="unconfined" name="/usr/bin/evince-previewer" pid=303 comm="apparmor_parser"
[    2.583223] audit: type=1400 audit(1768590271.404:8): apparmor="STATUS" operation="profile_load" profile="unconfined" name="/usr/bin/evince-previewer//sanitized_helper" pid=303 comm="apparmor_parser"
[    2.583225] audit: type=1400 audit(1768590271.404:9): apparmor="STATUS" operation="profile_load" profile="unconfined" name="/usr/bin/evince-thumbnailer" pid=303 comm="apparmor_parser"
[    2.595818] audit: type=1400 audit(1768590271.424:10): apparmor="STATUS" operation="profile_load" profile="unconfined" name="/usr/lib/cups/backend/cups-pdf" pid=304 comm="apparmor_parser"
[    2.675225] systemd[1]: Finished Load AppArmor profiles.
[    2.676441] systemd[1]: Starting Load AppArmor profiles managed internally by snapd...
[    2.757922] systemd[1]: Finished Load AppArmor profiles managed internally by snapd.
[    2.910173] systemd[1]: Started Journal Service.
[    2.920373] systemd-journald[229]: Received client request to flush runtime journal.
[    2.925548] systemd-journald[229]: File /var/log/journal/c455b248004a419c87ce85eea238d727/system.journal corrupted or uncleanly shut down, renaming and replacing.
[    4.427737] RAPL PMU: API unit is 2^-32 Joules, 0 fixed counters, 10737418240 ms ovfl timer
[    4.506514] cryptd: max_cpu_qlen set to 1000
[    4.562171] AVX2 version of gcm_enc/dec engaged.
[    4.562172] AES CTR mode by8 optimization enabled
[    5.420110] Adding 1998844k swap on /dev/sda1.  Priority:-2 extents:1 across:1998844k FS
[    7.156952] kauditd_printk_skb: 30 callbacks suppressed
[    7.156954] audit: type=1400 audit(1768590275.980:41): apparmor="DENIED" operation="capable" profile="/usr/sbin/cups-browsed" pid=496 comm="cups-browsed" capability=23  capname="sys_nice"
[    7.739674] pcnet32 0000:00:03.0 enp0s3: link up, 100Mbps, full-duplex
[    7.754752] pcnet32 0000:00:08.0 enp0s8: link up, 100Mbps, full-duplex
[    7.783511] e1000: enp0s9 NIC Link is Up 1000 Mbps Full Duplex, Flow Control: RX
[    7.783840] IPv6: ADDRCONF(NETDEV_CHANGE): enp0s9: link becomes ready
[    8.242305] device enp0s8 entered promiscuous mode
[    8.244746] device enp0s3 entered promiscuous mode
[    8.284670] audit: type=1400 audit(1768590277.108:42): apparmor="DENIED" operation="open" profile="/usr/sbin/tcpdump" name="/proc/sys/kernel/random/boot_id" pid=666 comm="tcpdump" requested_mask="r" denied_mask="r" fsuid=0 ouid=0
[    8.285514] audit: type=1400 audit(1768590277.108:43): apparmor="DENIED" operation="open" profile="/usr/sbin/tcpdump" name="/proc/sys/kernel/random/boot_id" pid=666 comm="tcpdump" requested_mask="r" denied_mask="r" fsuid=0 ouid=0
[    8.285577] audit: type=1400 audit(1768590277.108:44): apparmor="DENIED" operation="open" profile="/usr/sbin/tcpdump" name="/proc/sys/kernel/random/boot_id" pid=666 comm="tcpdump" requested_mask="r" denied_mask="r" fsuid=0 ouid=0
[    8.285815] audit: type=1400 audit(1768590277.108:45): apparmor="DENIED" operation="open" profile="/usr/sbin/tcpdump" name="/proc/sys/kernel/random/boot_id" pid=666 comm="tcpdump" requested_mask="r" denied_mask="r" fsuid=0 ouid=0
[    8.288108] audit: type=1400 audit(1768590277.116:46): apparmor="DENIED" operation="open" profile="/usr/sbin/tcpdump" name="/proc/sys/kernel/random/boot_id" pid=665 comm="tcpdump" requested_mask="r" denied_mask="r" fsuid=0 ouid=0
[    8.289792] audit: type=1400 audit(1768590277.116:47): apparmor="DENIED" operation="open" profile="/usr/sbin/tcpdump" name="/proc/sys/kernel/random/boot_id" pid=665 comm="tcpdump" requested_mask="r" denied_mask="r" fsuid=0 ouid=0
[    8.290426] audit: type=1400 audit(1768590277.116:48): apparmor="DENIED" operation="open" profile="/usr/sbin/tcpdump" name="/proc/sys/kernel/random/boot_id" pid=665 comm="tcpdump" requested_mask="r" denied_mask="r" fsuid=0 ouid=0
[    8.292512] audit: type=1400 audit(1768590277.116:49): apparmor="DENIED" operation="open" profile="/usr/sbin/tcpdump" name="/proc/sys/kernel/random/boot_id" pid=665 comm="tcpdump" requested_mask="r" denied_mask="r" fsuid=0 ouid=0
[    8.292781] audit: type=1400 audit(1768590277.116:50): apparmor="DENIED" operation="open" profile="/usr/sbin/tcpdump" name="/proc/sys/kernel/random/boot_id" pid=668 comm="tcpdump" requested_mask="r" denied_mask="r" fsuid=0 ouid=0
[   13.182144] rfkill: input handler disabled
[  284.009206] AAAAA-TCP_FORW: name:enp0s3: saddr:33561200: daddr:100932208
[  284.293995] AAAAA-TCP_FORW: name:enp0s3: saddr:16783984: daddr:100932208
[  284.453865] AAAAA-TCP_FORW: name:enp0s3: saddr:33561200: daddr:100932208
[  284.480264] AAAAA-TCP_FORW: name:enp0s8: saddr:100932208: daddr:16783984
[  284.481198] AAAAA-TCP_FORW: name:enp0s3: saddr:16783984: daddr:100932208
[  284.646355] AAAAA-TCP_FORW: name:enp0s3: saddr:33561200: daddr:100932208
[  284.743792] AAAAA-TCP_FORW: name:enp0s3: saddr:33561200: daddr:100932208
[  284.837927] AAAAA-TCP_FORW: name:enp0s8: saddr:100932208: daddr:16783984
[  284.838853] AAAAA-TCP_FORW: name:enp0s3: saddr:16783984: daddr:100932208
[  284.899223] AAAAA-TCP_FORW: name:enp0s3: saddr:16783984: daddr:100932208
[  285.165583] AAAAA-TCP_FORW: name:enp0s3: saddr:33561200: daddr:100932208
[  285.205231] AAAAA-TCP_FORW: name:enp0s8: saddr:100932208: daddr:16783984
[  285.206223] AAAAA-TCP_FORW: name:enp0s3: saddr:16783984: daddr:100932208
[  285.544817] AAAAA-TCP_FORW: name:enp0s3: saddr:33561200: daddr:100932208
[  285.578453] AAAAA-TCP_FORW: name:enp0s8: saddr:100932208: daddr:16783984
[  285.579453] AAAAA-TCP_FORW: name:enp0s3: saddr:16783984: daddr:100932208
[  285.684837] AAAAA-TCP_FORW: name:enp0s3: saddr:33561200: daddr:100932208
[  285.796345] AAAAA-TCP_FORW: name:enp0s8: saddr:100932208: daddr:16783984
[  285.797378] AAAAA-TCP_FORW: name:enp0s3: saddr:16783984: daddr:100932208
[  285.820275] AAAAA-TCP_FORW: name:enp0s3: saddr:16783984: daddr:100932208
[  285.895965] AAAAA-TCP_FORW: name:enp0s3: saddr:33561200: daddr:100932208
[  285.910002] AAAAA-TCP_FORW: name:enp0s8: saddr:100932208: daddr:16783984
[  285.910737] AAAAA-TCP_FORW: name:enp0s3: saddr:16783984: daddr:100932208
[  286.004740] AAAAA-TCP_FORW: name:enp0s3: saddr:33561200: daddr:100932208
[  286.123507] AAAAA-TCP_FORW: name:enp0s3: saddr:33561200: daddr:100932208
[  286.330002] AAAAA-TCP_FORW: name:enp0s8: saddr:100932208: daddr:16783984
[  286.331044] AAAAA-TCP_FORW: name:enp0s3: saddr:16783984: daddr:100932208
[  286.359090] AAAAA-TCP_FORW: name:enp0s3: saddr:16783984: daddr:100932208
[  286.595451] AAAAA-TCP_FORW: name:enp0s8: saddr:100932208: daddr:16783984
[  286.596639] AAAAA-TCP_FORW: name:enp0s3: saddr:16783984: daddr:100932208
[  286.798504] AAAAA-TCP_FORW: name:enp0s8: saddr:100932208: daddr:16783984
[  286.799512] AAAAA-TCP_FORW: name:enp0s3: saddr:16783984: daddr:100932208
[  286.888586] AAAAA-TCP_FORW: name:enp0s3: saddr:33561200: daddr:100932208
[  286.954483] AAAAA-TCP_FORW: name:enp0s8: saddr:100932208: daddr:16783984
[  286.955531] AAAAA-TCP_FORW: name:enp0s3: saddr:16783984: daddr:100932208
[  287.298269] AAAAA-TCP_FORW: name:enp0s8: saddr:100932208: daddr:16783984
[  287.299156] AAAAA-TCP_FORW: name:enp0s3: saddr:16783984: daddr:100932208
[  287.344862] AAAAA-TCP_FORW: name:enp0s3: saddr:16783984: daddr:100932208
[  287.348500] AAAAA-TCP_FORW: name:enp0s3: saddr:16783984: daddr:100932208
[  287.461284] AAAAA-TCP_FORW: name:enp0s3: saddr:16783984: daddr:100932208
[  287.573274] AAAAA-TCP_FORW: name:enp0s3: saddr:16783984: daddr:100932208
[  287.665752] AAAAA-TCP_FORW: name:enp0s3: saddr:16783984: daddr:100932208
[  287.741927] AAAAA-TCP_FORW: name:enp0s8: saddr:100932208: daddr:16783984
[  287.742941] AAAAA-TCP_FORW: name:enp0s3: saddr:16783984: daddr:100932208
[  287.810790] AAAAA-TCP_FORW: name:enp0s8: saddr:100932208: daddr:16783984
[  287.812433] AAAAA-TCP_FORW: name:enp0s3: saddr:16783984: daddr:100932208
[  288.021063] AAAAA-TCP_FORW: name:enp0s8: saddr:100932208: daddr:33561200
[  288.022088] AAAAA-TCP_FORW: name:enp0s3: saddr:33561200: daddr:100932208
[  288.049040] AAAAA-TCP_FORW: name:enp0s3: saddr:16783984: daddr:100932208
[  288.431553] AAAAA-TCP_FORW: name:enp0s8: saddr:100932208: daddr:33561200
[  288.432526] AAAAA-TCP_FORW: name:enp0s3: saddr:33561200: daddr:100932208
[  288.523207] AAAAA-TCP_FORW: name:enp0s3: saddr:16783984: daddr:100932208
[  288.883645] AAAAA-TCP_FORW: name:enp0s8: saddr:100932208: daddr:33561200
[  288.884672] AAAAA-TCP_FORW: name:enp0s3: saddr:33561200: daddr:100932208
[  289.079899] AAAAA-TCP_FORW: name:enp0s8: saddr:100932208: daddr:16783984
[  289.080933] AAAAA-TCP_FORW: name:enp0s3: saddr:16783984: daddr:100932208
[  289.212690] AAAAA-TCP_FORW: name:enp0s8: saddr:100932208: daddr:33561200
[  289.213707] AAAAA-TCP_FORW: name:enp0s3: saddr:33561200: daddr:100932208
[  289.557810] AAAAA-TCP_FORW: name:enp0s8: saddr:100932208: daddr:33561200
[  289.558835] AAAAA-TCP_FORW: name:enp0s3: saddr:33561200: daddr:100932208
[  290.096659] AAAAA-TCP_FORW: name:enp0s8: saddr:100932208: daddr:16783984
[  290.097571] AAAAA-TCP_FORW: name:enp0s3: saddr:16783984: daddr:100932208
[  290.267080] AAAAA-TCP_FORW: name:enp0s8: saddr:100932208: daddr:16783984
[  290.268098] AAAAA-TCP_FORW: name:enp0s3: saddr:16783984: daddr:100932208
[  290.400409] AAAAA-TCP_FORW: name:enp0s3: saddr:16783984: daddr:100932208
[  290.431459] AAAAA-TCP_FORW: name:enp0s8: saddr:100932208: daddr:33561200
[  290.432245] AAAAA-TCP_FORW: name:enp0s3: saddr:33561200: daddr:100932208
[  290.535236] AAAAA-TCP_FORW: name:enp0s8: saddr:100932208: daddr:33561200
[  290.536246] AAAAA-TCP_FORW: name:enp0s3: saddr:33561200: daddr:100932208
[  290.970073] AAAAA-TCP_FORW: name:enp0s3: saddr:33561200: daddr:100932208
[  291.244742] AAAAA-TCP_FORW: name:enp0s3: saddr:33561200: daddr:100932208
[  291.375930] AAAAA-TCP_FORW: name:enp0s8: saddr:100932208: daddr:16783984
[  291.376906] AAAAA-TCP_FORW: name:enp0s3: saddr:16783984: daddr:100932208
[  291.582666] AAAAA-TCP_FORW: name:enp0s3: saddr:33561200: daddr:100932208
[  291.592575] AAAAA-TCP_FORW: name:enp0s8: saddr:100932208: daddr:16783984
[  291.593417] AAAAA-TCP_FORW: name:enp0s3: saddr:16783984: daddr:100932208
[  291.778403] AAAAA-TCP_FORW: name:enp0s8: saddr:100932208: daddr:33561200
[  291.779394] AAAAA-TCP_FORW: name:enp0s3: saddr:33561200: daddr:100932208
[  292.017801] AAAAA-TCP_FORW: name:enp0s8: saddr:100932208: daddr:16783984
[  292.018766] AAAAA-TCP_FORW: name:enp0s3: saddr:16783984: daddr:100932208
[  292.059455] AAAAA-TCP_FORW: name:enp0s8: saddr:100932208: daddr:16783984
[  292.060455] AAAAA-TCP_FORW: name:enp0s3: saddr:16783984: daddr:100932208
[  292.353989] AAAAA-TCP_FORW: name:enp0s3: saddr:16783984: daddr:100932208
[  292.479408] AAAAA-TCP_FORW: name:enp0s8: saddr:100932208: daddr:16783984
[  292.480176] AAAAA-TCP_FORW: name:enp0s3: saddr:16783984: daddr:100932208
[  292.620428] AAAAA-TCP_FORW: name:enp0s8: saddr:100932208: daddr:33561200
[  292.759451] AAAAA-TCP_FORW: name:enp0s8: saddr:100932208: daddr:33561200
[  292.760403] AAAAA-TCP_FORW: name:enp0s3: saddr:33561200: daddr:100932208
[  292.813662] AAAAA-TCP_FORW: name:enp0s3: saddr:33561200: daddr:100932208
[  293.349868] AAAAA-TCP_FORW: name:enp0s3: saddr:33561200: daddr:100932208
[  293.488676] AAAAA-TCP_FORW: name:enp0s3: saddr:16783984: daddr:100932208
[  293.707592] AAAAA-TCP_FORW: name:enp0s8: saddr:100932208: daddr:16783984
[  293.708415] AAAAA-TCP_FORW: name:enp0s3: saddr:16783984: daddr:100932208
[  293.784513] AAAAA-TCP_FORW: name:enp0s3: saddr:16783984: daddr:100932208
[  293.866513] AAAAA-TCP_FORW: name:enp0s8: saddr:100932208: daddr:16783984
[  293.867642] AAAAA-TCP_FORW: name:enp0s3: saddr:16783984: daddr:100932208
[  293.901361] AAAAA-TCP_FORW: name:enp0s3: saddr:33561200: daddr:100932208
[  293.949182] AAAAA-TCP_FORW: name:enp0s8: saddr:100932208: daddr:16783984
[  293.950175] AAAAA-TCP_FORW: name:enp0s3: saddr:16783984: daddr:100932208
[  294.101798] AAAAA-TCP_FORW: name:enp0s8: saddr:100932208: daddr:16783984
[  294.102579] AAAAA-TCP_FORW: name:enp0s3: saddr:16783984: daddr:100932208
[  294.215686] AAAAA-TCP_FORW: name:enp0s8: saddr:100932208: daddr:16783984
[  294.216693] AAAAA-TCP_FORW: name:enp0s3: saddr:16783984: daddr:100932208
[  294.402673] AAAAA-TCP_FORW: name:enp0s8: saddr:100932208: daddr:16783984
[  328.913347] AAAAA-TCP_FORW: name:enp0s3: saddr:16783984: daddr:100932208
[  329.182677] AAAAA-TCP_FORW: name:enp0s3: saddr:16783984: daddr:100932208
[  329.715932] AAAAA-TCP_FORW: name:enp0s3: saddr:16783984: daddr:100932208
[  330.188112] AAAAA-TCP_FORW: name:enp0s3: saddr:16783984: daddr:100932208
[  330.955548] AAAAA-TCP_FORW: name:enp0s3: saddr:16783984: daddr:100932208
[  331.156236] AAAAA-TCP_FORW: name:enp0s3: saddr:33561200: daddr:100932208
[  332.450808] AAAAA-TCP_FORW: name:enp0s3: saddr:33561200: daddr:100932208
[  332.719700] AAAAA-TCP_FORW: name:enp0s3: saddr:33561200: daddr:100932208
[  333.252092] AAAAA-TCP_FORW: name:enp0s3: saddr:33561200: daddr:100932208
[  333.390530] AAAAA-TCP_FORW: name:enp0s3: saddr:33561200: daddr:100932208
[  350.436425] AAAAA-TCP_FORW: name:enp0s8: saddr:100932208: daddr:16783984
[  350.733678] AAAAA-TCP_FORW: name:enp0s8: saddr:100932208: daddr:33561200
[  350.783535] AAAAA-TCP_FORW: name:enp0s8: saddr:100932208: daddr:33561200
[  350.908964] AAAAA-TCP_FORW: name:enp0s8: saddr:100932208: daddr:16783984
[  350.977766] AAAAA-TCP_FORW: name:enp0s8: saddr:100932208: daddr:16783984
[  351.128230] AAAAA-TCP_FORW: name:enp0s8: saddr:100932208: daddr:33561200
[  351.818600] AAAAA-TCP_FORW: name:enp0s8: saddr:100932208: daddr:33561200
[  455.916192] rfkill: input handler enabled
[  464.429086] rfkill: input handler disabled
[  691.260535] device enp0s3 left promiscuous mode
[  691.262150] device enp0s8 left promiscuous mode
