[    0.000000] Linux version 5.4.243-mptcp (root@ztg) (gcc version 12.2.0 (Debian 12.2.0-14+deb12u1)) #53 SMP Wed Dec 24 23:28:15 CST 2025
[    0.000000] Command line: BOOT_IMAGE=/boot/vmlinuz-5.4.243-mptcp root=UUID=98415a12-53b7-4144-8265-0f7ece09e445 ro quiet splash
[    0.000000] KERNEL supported cpus:
[    0.000000]   Intel GenuineIntel
[    0.000000]   AMD AuthenticAMD
[    0.000000]   Hygon HygonGenuine
[    0.000000]   Centaur CentaurHauls
[    0.000000]   zhaoxin   Shanghai  
[    0.000000] x86/fpu: Supporting XSAVE feature 0x001: 'x87 floating point registers'
[    0.000000] x86/fpu: Supporting XSAVE feature 0x002: 'SSE registers'
[    0.000000] x86/fpu: Supporting XSAVE feature 0x004: 'AVX registers'
[    0.000000] x86/fpu: xstate_offset[2]:  576, xstate_sizes[2]:  256
[    0.000000] x86/fpu: Enabled xstate features 0x7, context size is 832 bytes, using 'standard' format.
[    0.000000] BIOS-provided physical RAM map:
[    0.000000] BIOS-e820: [mem 0x0000000000000000-0x000000000009fbff] usable
[    0.000000] BIOS-e820: [mem 0x000000000009fc00-0x000000000009ffff] reserved
[    0.000000] BIOS-e820: [mem 0x00000000000f0000-0x00000000000fffff] reserved
[    0.000000] BIOS-e820: [mem 0x0000000000100000-0x000000007ffeffff] usable
[    0.000000] BIOS-e820: [mem 0x000000007fff0000-0x000000007fffffff] ACPI data
[    0.000000] BIOS-e820: [mem 0x00000000fec00000-0x00000000fec00fff] reserved
[    0.000000] BIOS-e820: [mem 0x00000000fee00000-0x00000000fee00fff] reserved
[    0.000000] BIOS-e820: [mem 0x00000000fffc0000-0x00000000ffffffff] reserved
[    0.000000] NX (Execute Disable) protection: active
[    0.000000] SMBIOS 2.5 present.
[    0.000000] DMI: innotek GmbH VirtualBox/VirtualBox, BIOS VirtualBox 12/01/2006
[    0.000000] Hypervisor detected: KVM
[    0.000000] kvm-clock: Using msrs 4b564d01 and 4b564d00
[    0.000000] kvm-clock: cpu 0, msr 49801001, primary cpu clock
[    0.000000] kvm-clock: using sched offset of 4496445511 cycles
[    0.000003] clocksource: kvm-clock: mask: 0xffffffffffffffff max_cycles: 0x1cd42e4dffb, max_idle_ns: 881590591483 ns
[    0.000005] tsc: Detected 2100.000 MHz processor
[    0.001849] e820: update [mem 0x00000000-0x00000fff] usable ==> reserved
[    0.001851] e820: remove [mem 0x000a0000-0x000fffff] usable
[    0.001855] last_pfn = 0x7fff0 max_arch_pfn = 0x400000000
[    0.001932] MTRR default type: uncachable
[    0.001933] MTRR fixed ranges enabled:
[    0.001934]   00000-9FFFF write-back
[    0.001935]   A0000-BFFFF uncachable
[    0.001936]   C0000-FFFFF write-protect
[    0.001937] MTRR variable ranges enabled:
[    0.001938]   0 base 000000000000 mask 3FFF80000000 write-back
[    0.001939]   1 disabled
[    0.001939]   2 disabled
[    0.001940]   3 disabled
[    0.001940]   4 disabled
[    0.001940]   5 disabled
[    0.001941]   6 disabled
[    0.001941]   7 disabled
[    0.001942]   8 disabled
[    0.001942]   9 disabled
[    0.001943]   10 disabled
[    0.001943]   11 disabled
[    0.001943]   12 disabled
[    0.001944]   13 disabled
[    0.001944]   14 disabled
[    0.001945]   15 disabled
[    0.001962] x86/PAT: Configuration [0-7]: WB  WC  UC- UC  WB  WP  UC- WT  
[    0.002095] found SMP MP-table at [mem 0x0009fff0-0x0009ffff]
[    0.091090] check: Scanning 1 areas for low memory corruption
[    0.091273] RAMDISK: [mem 0x32271000-0x3512ffff]
[    0.091281] ACPI: Early table checksum verification disabled
[    0.091286] ACPI: RSDP 0x00000000000E0000 000024 (v02 VBOX  )
[    0.091291] ACPI: XSDT 0x000000007FFF0030 00003C (v01 VBOX   VBOXXSDT 00000001 ASL  00000061)
[    0.091297] ACPI: FACP 0x000000007FFF00F0 0000F4 (v04 VBOX   VBOXFACP 00000001 ASL  00000061)
[    0.091303] ACPI: DSDT 0x000000007FFF02E0 002353 (v02 VBOX   VBOXBIOS 00000002 VBOX 00029BF3)
[    0.091308] ACPI: FACS 0x000000007FFF0200 000040
[    0.091311] ACPI: FACS 0x000000007FFF0200 000040
[    0.091314] ACPI: APIC 0x000000007FFF0240 000054 (v02 VBOX   VBOXAPIC 00000001 ASL  00000061)
[    0.091318] ACPI: SSDT 0x000000007FFF02A0 000038 (v01 VBOX   VBOXCPUT 00000002 VBOX 00029BF3)
[    0.091321] ACPI: Reserving FACP table memory at [mem 0x7fff00f0-0x7fff01e3]
[    0.091322] ACPI: Reserving DSDT table memory at [mem 0x7fff02e0-0x7fff2632]
[    0.091323] ACPI: Reserving FACS table memory at [mem 0x7fff0200-0x7fff023f]
[    0.091324] ACPI: Reserving FACS table memory at [mem 0x7fff0200-0x7fff023f]
[    0.091324] ACPI: Reserving APIC table memory at [mem 0x7fff0240-0x7fff0293]
[    0.091325] ACPI: Reserving SSDT table memory at [mem 0x7fff02a0-0x7fff02d7]
[    0.091339] ACPI: Local APIC address 0xfee00000
[    0.091527] No NUMA configuration found
[    0.091528] Faking a node at [mem 0x0000000000000000-0x000000007ffeffff]
[    0.091539] NODE_DATA(0) allocated [mem 0x7ffc5000-0x7ffeffff]
[    0.091800] Zone ranges:
[    0.091801]   DMA      [mem 0x0000000000001000-0x0000000000ffffff]
[    0.091802]   DMA32    [mem 0x0000000001000000-0x000000007ffeffff]
[    0.091803]   Normal   empty
[    0.091804]   Device   empty
[    0.091805] Movable zone start for each node
[    0.091807] Early memory node ranges
[    0.091807]   node   0: [mem 0x0000000000001000-0x000000000009efff]
[    0.091808]   node   0: [mem 0x0000000000100000-0x000000007ffeffff]
[    0.091811] Zeroed struct page in unavailable ranges: 114 pages
[    0.091812] Initmem setup node 0 [mem 0x0000000000001000-0x000000007ffeffff]
[    0.091813] On node 0 totalpages: 524174
[    0.091814]   DMA zone: 64 pages used for memmap
[    0.091815]   DMA zone: 21 pages reserved
[    0.091816]   DMA zone: 3998 pages, LIFO batch:0
[    0.091886]   DMA32 zone: 8128 pages used for memmap
[    0.091887]   DMA32 zone: 520176 pages, LIFO batch:63
[    0.100758] ACPI: PM-Timer IO Port: 0x4008
[    0.100761] ACPI: Local APIC address 0xfee00000
[    0.100827] IOAPIC[0]: apic_id 1, version 32, address 0xfec00000, GSI 0-23
[    0.100830] ACPI: INT_SRC_OVR (bus 0 bus_irq 0 global_irq 2 dfl dfl)
[    0.100832] ACPI: INT_SRC_OVR (bus 0 bus_irq 9 global_irq 9 low level)
[    0.100833] ACPI: IRQ0 used by override.
[    0.100834] ACPI: IRQ9 used by override.
[    0.100837] Using ACPI (MADT) for SMP configuration information
[    0.100843] smpboot: Allowing 1 CPUs, 0 hotplug CPUs
[    0.100865] PM: Registered nosave memory: [mem 0x00000000-0x00000fff]
[    0.100866] PM: Registered nosave memory: [mem 0x0009f000-0x0009ffff]
[    0.100867] PM: Registered nosave memory: [mem 0x000a0000-0x000effff]
[    0.100867] PM: Registered nosave memory: [mem 0x000f0000-0x000fffff]
[    0.100869] [mem 0x80000000-0xfebfffff] available for PCI devices
[    0.100870] Booting paravirtualized kernel on KVM
[    0.100873] clocksource: refined-jiffies: mask: 0xffffffff max_cycles: 0xffffffff, max_idle_ns: 7645519600211568 ns
[    0.100878] setup_percpu: NR_CPUS:8192 nr_cpumask_bits:1 nr_cpu_ids:1 nr_node_ids:1
[    0.101877] percpu: Embedded 60 pages/cpu s208896 r8192 d28672 u2097152
[    0.101881] pcpu-alloc: s208896 r8192 d28672 u2097152 alloc=1*2097152
[    0.101882] pcpu-alloc: [0] 0 
[    0.101910] Built 1 zonelists, mobility grouping on.  Total pages: 515961
[    0.101910] Policy zone: DMA32
[    0.101912] Kernel command line: BOOT_IMAGE=/boot/vmlinuz-5.4.243-mptcp root=UUID=98415a12-53b7-4144-8265-0f7ece09e445 ro quiet splash
[    0.102730] Dentry cache hash table entries: 262144 (order: 9, 2097152 bytes, linear)
[    0.102876] Inode-cache hash table entries: 131072 (order: 8, 1048576 bytes, linear)
[    0.102926] mem auto-init: stack:off, heap alloc:on, heap free:off
[    0.102929] Calgary: detecting Calgary via BIOS EBDA area
[    0.102930] Calgary: Unable to locate Rio Grande table in EBDA - bailing!
[    0.106988] Memory: 1967332K/2096696K available (14339K kernel code, 2398K rwdata, 4712K rodata, 2728K init, 17260K bss, 129364K reserved, 0K cma-reserved)
[    0.107893] SLUB: HWalign=64, Order=0-3, MinObjects=0, CPUs=1, Nodes=1
[    0.107909] ftrace: allocating 43186 entries in 169 pages
[    0.126013] rcu: Hierarchical RCU implementation.
[    0.126015] rcu: 	RCU restricting CPUs from NR_CPUS=8192 to nr_cpu_ids=1.
[    0.126016] 	Tasks RCU enabled.
[    0.126017] rcu: RCU calculated value of scheduler-enlistment delay is 25 jiffies.
[    0.126017] rcu: Adjusting geometry for rcu_fanout_leaf=16, nr_cpu_ids=1
[    0.128960] NR_IRQS: 524544, nr_irqs: 256, preallocated irqs: 16
[    0.129176] random: crng init done
[    0.138468] Console: colour VGA+ 80x25
[    0.138473] printk: console [tty0] enabled
[    0.138495] ACPI: Core revision 20190816
[    0.138591] APIC: Switch to symmetric I/O mode setup
[    0.138843] x2apic enabled
[    0.139082] Switched APIC routing to physical x2apic.
[    0.140215] ..TIMER: vector=0x30 apic1=0 pin1=2 apic2=-1 pin2=-1
[    0.140240] clocksource: tsc-early: mask: 0xffffffffffffffff max_cycles: 0x1e4530a99b6, max_idle_ns: 440795257976 ns
[    0.140245] Calibrating delay loop (skipped) preset value.. 4200.00 BogoMIPS (lpj=8400000)
[    0.140247] pid_max: default: 32768 minimum: 301
[    0.140276] LSM: Security Framework initializing
[    0.140286] Yama: becoming mindful.
[    0.140313] AppArmor: AppArmor initialized
[    0.140345] Mount-cache hash table entries: 4096 (order: 3, 32768 bytes, linear)
[    0.140350] Mountpoint-cache hash table entries: 4096 (order: 3, 32768 bytes, linear)
[    0.140360] *** VALIDATE tmpfs ***
[    0.140487] *** VALIDATE proc ***
[    0.140527] *** VALIDATE cgroup1 ***
[    0.140528] *** VALIDATE cgroup2 ***
[    0.140670] process: using mwait in idle threads
[    0.140674] Last level iTLB entries: 4KB 64, 2MB 8, 4MB 8
[    0.140675] Last level dTLB entries: 4KB 64, 2MB 0, 4MB 0, 1GB 4
[    0.140695] Spectre V1 : Mitigation: usercopy/swapgs barriers and __user pointer sanitization
[    0.140701] Spectre V2 : Mitigation: Retpolines
[    0.140701] Spectre V2 : Spectre v2 / SpectreRSB mitigation: Filling RSB on context switch
[    0.140702] Spectre V2 : Spectre v2 / SpectreRSB : Filling RSB on VMEXIT
[    0.140702] RETBleed: WARNING: Spectre v2 mitigation leaves CPU vulnerable to RETBleed attacks, data leaks possible!
[    0.141058] RETBleed: Vulnerable
[    0.141059] Speculative Store Bypass: Vulnerable
[    0.141063] TAA: Mitigation: TSX disabled
[    0.141064] MMIO Stale Data: Mitigation: Clear CPU buffers
[    0.145282] Freeing SMP alternatives memory: 40K
[    0.257275] smpboot: CPU0: Intel(R) Xeon(R) Silver 4216 CPU @ 2.10GHz (family: 0x6, model: 0x55, stepping: 0x7)
[    0.257410] Performance Events: unsupported p6 CPU model 85 no PMU driver, software events only.
[    0.257447] rcu: Hierarchical SRCU implementation.
[    0.257942] NMI watchdog: Perf NMI watchdog permanently disabled
[    0.257989] smp: Bringing up secondary CPUs ...
[    0.257990] smp: Brought up 1 node, 1 CPU
[    0.257991] smpboot: Max logical packages: 1
[    0.257992] smpboot: Total of 1 processors activated (4200.00 BogoMIPS)
[    0.259051] devtmpfs: initialized
[    0.259110] x86/mm: Memory block size: 128MB
[    0.259558] clocksource: jiffies: mask: 0xffffffff max_cycles: 0xffffffff, max_idle_ns: 7645041785100000 ns
[    0.259564] futex hash table entries: 256 (order: 2, 16384 bytes, linear)
[    0.259618] pinctrl core: initialized pinctrl subsystem
[    0.259738] PM: RTC time: 17:18:49, date: 2026-01-16
[    0.259871] NET: Registered protocol family 16
[    0.259961] audit: initializing netlink subsys (disabled)
[    0.260113] EISA bus registered
[    0.260115] cpuidle: using governor ladder
[    0.260116] cpuidle: using governor menu
[    0.260166] ACPI: bus type PCI registered
[    0.260167] acpiphp: ACPI Hot Plug PCI Controller Driver version: 0.5
[    0.260242] PCI: Using configuration type 1 for base access
[    0.260965] audit: type=2000 audit(1768555135.593:1): state=initialized audit_enabled=0 res=1
[    0.261043] HugeTLB registered 2.00 MiB page size, pre-allocated 0 pages
[    0.261984] ACPI: Added _OSI(Module Device)
[    0.261985] ACPI: Added _OSI(Processor Device)
[    0.261986] ACPI: Added _OSI(3.0 _SCP Extensions)
[    0.261986] ACPI: Added _OSI(Processor Aggregator Device)
[    0.261988] ACPI: Added _OSI(Linux-Dell-Video)
[    0.261988] ACPI: Added _OSI(Linux-Lenovo-NV-HDMI-Audio)
[    0.261989] ACPI: Added _OSI(Linux-HPI-Hybrid-Graphics)
[    0.264094] ACPI: 2 ACPI AML tables successfully acquired and loaded
[    0.264409] ACPI: Interpreter enabled
[    0.264420] ACPI: (supports S0 S5)
[    0.264421] ACPI: Using IOAPIC for interrupt routing
[    0.264676] PCI: Using host bridge windows from ACPI; if necessary, use "pci=nocrs" and report a bug
[    0.264792] ACPI: Enabled 2 GPEs in block 00 to 07
[    0.272570] ACPI: PCI Root Bridge [PCI0] (domain 0000 [bus 00-ff])
[    0.272575] acpi PNP0A03:00: _OSC: OS supports [ASPM ClockPM Segments MSI HPX-Type3]
[    0.273046] acpi PNP0A03:00: _OSC: not requesting OS control; OS requires [ExtendedConfig ASPM ClockPM MSI]
[    0.273054] acpi PNP0A03:00: fail to add MMCONFIG information, can't access extended PCI configuration space under this bridge.
[    0.273451] PCI host bridge to bus 0000:00
[    0.273453] pci_bus 0000:00: root bus resource [io  0x0000-0x0cf7 window]
[    0.273454] pci_bus 0000:00: root bus resource [io  0x0d00-0xffff window]
[    0.273455] pci_bus 0000:00: root bus resource [mem 0x000a0000-0x000bffff window]
[    0.273456] pci_bus 0000:00: root bus resource [mem 0x80000000-0xfdffffff window]
[    0.273458] pci_bus 0000:00: root bus resource [bus 00-ff]
[    0.273499] pci 0000:00:00.0: [8086:1237] type 00 class 0x060000
[    0.274481] pci 0000:00:01.0: [8086:7000] type 00 class 0x060100
[    0.275246] pci 0000:00:01.1: [8086:7111] type 00 class 0x01018a
[    0.275616] pci 0000:00:01.1: reg 0x20: [io  0xd000-0xd00f]
[    0.275768] pci 0000:00:01.1: legacy IDE quirk: reg 0x10: [io  0x01f0-0x01f7]
[    0.275769] pci 0000:00:01.1: legacy IDE quirk: reg 0x14: [io  0x03f6]
[    0.275770] pci 0000:00:01.1: legacy IDE quirk: reg 0x18: [io  0x0170-0x0177]
[    0.275771] pci 0000:00:01.1: legacy IDE quirk: reg 0x1c: [io  0x0376]
[    0.276283] pci 0000:00:02.0: [15ad:0405] type 00 class 0x030000
[    0.279332] pci 0000:00:02.0: reg 0x10: [io  0xd010-0xd01f]
[    0.282171] pci 0000:00:02.0: reg 0x14: [mem 0xe0000000-0xe7ffffff pref]
[    0.284287] pci 0000:00:02.0: reg 0x18: [mem 0xf0000000-0xf01fffff]
[    0.295611] pci 0000:00:03.0: [1022:2000] type 00 class 0x020000
[    0.296334] pci 0000:00:03.0: reg 0x10: [io  0xd020-0xd03f]
[    0.296948] pci 0000:00:03.0: reg 0x14: [mem 0xf0200000-0xf0200fff]
[    0.300577] pci 0000:00:04.0: [80ee:cafe] type 00 class 0x088000
[    0.301240] pci 0000:00:04.0: reg 0x10: [io  0xd040-0xd05f]
[    0.301845] pci 0000:00:04.0: reg 0x14: [mem 0xf0400000-0xf07fffff]
[    0.302448] pci 0000:00:04.0: reg 0x18: [mem 0xf0800000-0xf0803fff pref]
[    0.305604] pci 0000:00:07.0: [8086:7113] type 00 class 0x068000
[    0.306141] pci 0000:00:07.0: quirk: [io  0x4000-0x403f] claimed by PIIX4 ACPI
[    0.306153] pci 0000:00:07.0: quirk: [io  0x4100-0x410f] claimed by PIIX4 SMB
[    0.306760] pci 0000:00:08.0: [8086:100e] type 00 class 0x020000
[    0.307470] pci 0000:00:08.0: reg 0x10: [mem 0xf0820000-0xf083ffff]
[    0.308353] pci 0000:00:08.0: reg 0x18: [io  0xd060-0xd067]
[    0.312311] pci 0000:00:09.0: [8086:100e] type 00 class 0x020000
[    0.313013] pci 0000:00:09.0: reg 0x10: [mem 0xf0840000-0xf085ffff]
[    0.314162] pci 0000:00:09.0: reg 0x18: [io  0xd068-0xd06f]
[    0.325037] ACPI: PCI Interrupt Link [LNKA] (IRQs 5 9 10 *11)
[    0.325322] ACPI: PCI Interrupt Link [LNKB] (IRQs 5 9 *10 11)
[    0.325425] ACPI: PCI Interrupt Link [LNKC] (IRQs 5 *9 10 11)
[    0.325532] ACPI: PCI Interrupt Link [LNKD] (IRQs 5 9 10 *11)
[    0.325798] iommu: Default domain type: Translated 
[    0.325859] pci 0000:00:02.0: vgaarb: setting as boot VGA device
[    0.325860] pci 0000:00:02.0: vgaarb: VGA device added: decodes=io+mem,owns=io+mem,locks=none
[    0.325862] pci 0000:00:02.0: vgaarb: bridge control possible
[    0.325863] vgaarb: loaded
[    0.326068] SCSI subsystem initialized
[    0.326100] libata version 3.00 loaded.
[    0.326123] ACPI: bus type USB registered
[    0.326139] usbcore: registered new interface driver usbfs
[    0.326145] usbcore: registered new interface driver hub
[    0.326150] usbcore: registered new device driver usb
[    0.326178] pps_core: LinuxPPS API ver. 1 registered
[    0.326179] pps_core: Software ver. 5.3.6 - Copyright 2005-2007 Rodolfo Giometti <giometti@linux.it>
[    0.326181] PTP clock support registered
[    0.326218] EDAC MC: Ver: 3.0.0
[    0.326497] PCI: Using ACPI for IRQ routing
[    0.326499] PCI: pci_cache_line_size set to 64 bytes
[    0.326679] e820: reserve RAM buffer [mem 0x0009fc00-0x0009ffff]
[    0.326683] e820: reserve RAM buffer [mem 0x7fff0000-0x7fffffff]
[    0.327478] NetLabel: Initializing
[    0.327478] NetLabel:  domain hash size = 128
[    0.327479] NetLabel:  protocols = UNLABELED CIPSOv4 CALIPSO
[    0.327499] NetLabel:  unlabeled traffic allowed by default
[    0.328242] clocksource: Switched to clocksource kvm-clock
[    0.339066] *** VALIDATE bpf ***
[    0.339128] VFS: Disk quotas dquot_6.6.0
[    0.339140] VFS: Dquot-cache hash table entries: 512 (order 0, 4096 bytes)
[    0.339163] *** VALIDATE ramfs ***
[    0.339166] *** VALIDATE hugetlbfs ***
[    0.339249] AppArmor: AppArmor Filesystem Enabled
[    0.339276] pnp: PnP ACPI init
[    0.339360] pnp 00:00: Plug and Play ACPI device, IDs PNP0303 (active)
[    0.339449] pnp 00:01: Plug and Play ACPI device, IDs PNP0f03 (active)
[    0.340201] pnp: PnP ACPI: found 2 devices
[    0.341188] thermal_sys: Registered thermal governor 'fair_share'
[    0.341188] thermal_sys: Registered thermal governor 'bang_bang'
[    0.341189] thermal_sys: Registered thermal governor 'step_wise'
[    0.341190] thermal_sys: Registered thermal governor 'user_space'
[    0.341190] thermal_sys: Registered thermal governor 'power_allocator'
[    0.345721] clocksource: acpi_pm: mask: 0xffffff max_cycles: 0xffffff, max_idle_ns: 2085701024 ns
[    0.345761] pci_bus 0000:00: resource 4 [io  0x0000-0x0cf7 window]
[    0.345762] pci_bus 0000:00: resource 5 [io  0x0d00-0xffff window]
[    0.345764] pci_bus 0000:00: resource 6 [mem 0x000a0000-0x000bffff window]
[    0.345765] pci_bus 0000:00: resource 7 [mem 0x80000000-0xfdffffff window]
[    0.345825] NET: Registered protocol family 2
[    0.345899] IP idents hash table entries: 32768 (order: 6, 262144 bytes, linear)
[    0.346319] MPTCP tokens hash table entries: 8192 (order: 4, 65536 bytes, linear)
[    0.346339] MPTCP request tokens hash table entries: 8192 (order: 4, 65536 bytes, linear)
[    0.346364] default registered
[    0.346364] default registered
[    0.346365] MPTCP: Stable release v0.96
[    0.346370] tcp_listen_portaddr_hash hash table entries: 1024 (order: 2, 16384 bytes, linear)
[    0.346449] TCP established hash table entries: 16384 (order: 5, 131072 bytes, linear)
[    0.346514] TCP bind hash table entries: 16384 (order: 6, 262144 bytes, linear)
[    0.346539] TCP: Hash tables configured (established 16384 bind 16384)
[    0.347243] UDP hash table entries: 1024 (order: 3, 32768 bytes, linear)
[    0.347255] UDP-Lite hash table entries: 1024 (order: 3, 32768 bytes, linear)
[    0.347290] NET: Registered protocol family 1
[    0.347299] NET: Registered protocol family 44
[    0.347322] pci 0000:00:00.0: Limiting direct PCI/PCI transfers
[    0.347334] pci 0000:00:01.0: Activating ISA DMA hang workarounds
[    0.347384] pci 0000:00:02.0: Video device with shadowed ROM at [mem 0x000c0000-0x000dffff]
[    0.347447] PCI: CLS 0 bytes, default 64
[    0.347494] Trying to unpack rootfs image as initramfs...
[    0.520278] Freeing initrd memory: 47868K
[    0.520278] clocksource: tsc: mask: 0xffffffffffffffff max_cycles: 0x1e4530a99b6, max_idle_ns: 440795257976 ns
[    0.520278] clocksource: Switched to clocksource tsc
[    0.520278] platform rtc_cmos: registered platform RTC device (no PNP device found)
[    0.520278] check: Scanning for low memory corruption every 60 seconds
[    0.520278] Initialise system trusted keyrings
[    0.520278] Key type blacklist registered
[    0.520278] workingset: timestamp_bits=36 max_order=19 bucket_order=0
[    0.520278] zbud: loaded
[    0.520278] squashfs: version 4.0 (2009/01/31) Phillip Lougher
[    0.520278] fuse: init (API version 7.31)
[    0.520278] *** VALIDATE fuse ***
[    0.520278] *** VALIDATE fuse ***
[    0.520278] Platform Keyring initialized
[    0.520278] Key type asymmetric registered
[    0.520278] Asymmetric key parser 'x509' registered
[    0.520278] Block layer SCSI generic (bsg) driver version 0.4 loaded (major 244)
[    0.520278] io scheduler mq-deadline registered
[    0.534022] shpchp: Standard Hot Plug PCI Controller Driver version: 0.4
[    0.534239] ACPI: AC Adapter [AC] (on-line)
[    0.534283] input: Power Button as /devices/LNXSYSTM:00/LNXPWRBN:00/input/input0
[    0.534312] ACPI: Power Button [PWRF]
[    0.534396] input: Sleep Button as /devices/LNXSYSTM:00/LNXSLPBN:00/input/input1
[    0.534412] ACPI: Sleep Button [SLPF]
[    0.534637] Serial: 8250/16550 driver, 32 ports, IRQ sharing enabled
[    0.535796] Linux agpgart interface v0.103
[    0.631121] loop: module loaded
[    0.631269] ata_piix 0000:00:01.1: version 2.13
[    0.631669] scsi host0: ata_piix
[    0.631759] scsi host1: ata_piix
[    0.631785] ata1: PATA max UDMA/33 cmd 0x1f0 ctl 0x3f6 bmdma 0xd000 irq 14
[    0.631786] ata2: PATA max UDMA/33 cmd 0x170 ctl 0x376 bmdma 0xd008 irq 15
[    0.631867] tun: Universal TUN/TAP device driver, 1.6
[    0.632177] PPP generic driver version 2.4.2
[    0.632219] VFIO - User Level meta-driver version: 0.3
[    0.632455] ehci_hcd: USB 2.0 'Enhanced' Host Controller (EHCI) Driver
[    0.632460] ehci-pci: EHCI PCI platform driver
[    0.632476] ehci-platform: EHCI generic platform driver
[    0.632482] ohci_hcd: USB 1.1 'Open' Host Controller (OHCI) Driver
[    0.632483] ohci-pci: OHCI PCI platform driver
[    0.632490] ohci-platform: OHCI generic platform driver
[    0.632494] uhci_hcd: USB Universal Host Controller Interface driver
[    0.632559] i8042: PNP: PS/2 Controller [PNP0303:PS2K,PNP0f03:PS2M] at 0x60,0x64 irq 1,12
[    0.633000] serio: i8042 KBD port at 0x60,0x64 irq 1
[    0.633004] serio: i8042 AUX port at 0x60,0x64 irq 12
[    0.633090] mousedev: PS/2 mouse device common for all mice
[    0.633350] input: AT Translated Set 2 keyboard as /devices/platform/i8042/serio0/input/input2
[    0.633749] rtc_cmos rtc_cmos: registered as rtc0
[    0.633762] rtc_cmos rtc_cmos: alarms up to one day, 114 bytes nvram
[    0.633767] i2c /dev entries driver
[    0.633811] device-mapper: uevent: version 1.0.3
[    0.633852] device-mapper: ioctl: 4.41.0-ioctl (2019-09-16) initialised: dm-devel@redhat.com
[    0.633868] platform eisa.0: Probing EISA bus 0
[    0.633870] platform eisa.0: EISA: Cannot allocate resource for mainboard
[    0.633871] platform eisa.0: Cannot allocate resource for EISA slot 1
[    0.633872] platform eisa.0: Cannot allocate resource for EISA slot 2
[    0.633873] platform eisa.0: Cannot allocate resource for EISA slot 3
[    0.633874] platform eisa.0: Cannot allocate resource for EISA slot 4
[    0.633875] platform eisa.0: Cannot allocate resource for EISA slot 5
[    0.633876] platform eisa.0: Cannot allocate resource for EISA slot 6
[    0.633877] platform eisa.0: Cannot allocate resource for EISA slot 7
[    0.633878] platform eisa.0: Cannot allocate resource for EISA slot 8
[    0.633879] platform eisa.0: EISA: Detected 0 cards
[    0.633881] intel_pstate: CPU model not supported
[    0.633891] ledtrig-cpu: registered to indicate activity on CPUs
[    0.633945] drop_monitor: Initializing network drop monitor service
[    0.634103] NET: Registered protocol family 10
[    0.639239] Segment Routing with IPv6
[    0.639270] fullmesh registered
[    0.639271] ndiffports registered
[    0.639272] binder registered
[    0.639272] roundrobin registered
[    0.639272] redundant registered
[    0.639272] blest registered
[    0.639272] ecf registered
[    0.639272] NET: Registered protocol family 17
[    0.639272] Key type dns_resolver registered
[    0.639272] RAS: Correctable Errors collector initialized.
[    0.639272] IPI shorthand broadcast: enabled
[    0.639272] sched_clock: Marking stable (624197077, 11075328)->(638965038, -3692633)
[    0.639488] registered taskstats version 1
[    0.639496] Loading compiled-in X.509 certificates
[    0.640086] Loaded X.509 cert 'Build time autogenerated kernel key: 6909f3744cebb3d0de528d5887b96a727de79b1e'
[    0.640103] zswap: loaded using pool lzo/zbud
[    0.640157] Key type ._fscrypt registered
[    0.640158] Key type .fscrypt registered
[    0.644585] Key type big_key registered
[    0.646772] Key type encrypted registered
[    0.646774] AppArmor: AppArmor sha1 policy hashing enabled
[    0.646781] ima: No TPM chip found, activating TPM-bypass!
[    0.646785] ima: Allocated hash algorithm: sha1
[    0.646790] ima: No architecture policies found
[    0.646799] evm: Initialising EVM extended attributes:
[    0.646800] evm: security.selinux
[    0.646801] evm: security.SMACK64
[    0.646801] evm: security.SMACK64EXEC
[    0.646801] evm: security.SMACK64TRANSMUTE
[    0.646802] evm: security.SMACK64MMAP
[    0.646802] evm: security.apparmor
[    0.646803] evm: security.ima
[    0.646803] evm: security.capability
[    0.646804] evm: HMAC attrs: 0x1
[    0.647098] PM:   Magic number: 10:246:340
[    0.647207] rtc_cmos rtc_cmos: setting system clock to 2026-01-16T17:18:50 UTC (1768583930)
[    0.805665] ata1.00: ATA-6: VBOX HARDDISK, 1.0, max UDMA/133
[    0.805669] ata1.00: 209715200 sectors, multi 128: LBA 
[    0.806505] scsi 0:0:0:0: Direct-Access     ATA      VBOX HARDDISK    1.0  PQ: 0 ANSI: 5
[    0.806879] sd 0:0:0:0: [sda] 209715200 512-byte logical blocks: (107 GB/100 GiB)
[    0.806895] sd 0:0:0:0: [sda] Write Protect is off
[    0.806899] sd 0:0:0:0: [sda] Mode Sense: 00 3a 00 00
[    0.806925] sd 0:0:0:0: [sda] Write cache: enabled, read cache: enabled, doesn't support DPO or FUA
[    0.807203] sd 0:0:0:0: Attached scsi generic sg0 type 0
[    0.808571]  sda: sda1 sda2
[    0.819392] sd 0:0:0:0: [sda] Attached SCSI disk
[    0.824764] Freeing unused decrypted memory: 2040K
[    0.826119] Freeing unused kernel image memory: 2728K
[    0.826124] Write protecting the kernel read-only data: 22528k
[    0.827625] Freeing unused kernel image memory: 2036K
[    0.828417] Freeing unused kernel image memory: 1432K
[    0.866642] x86/mm: Checked W+X mappings: passed, no W+X pages found.
[    0.866650] Run /init as init process
[    0.976228] ACPI: Video Device [GFX0] (multi-head: yes  rom: no  post: no)
[    0.976299] input: Video Bus as /devices/LNXSYSTM:00/LNXSYBUS:00/PNP0A03:00/LNXVIDEO:00/input/input4
[    0.989121] pcnet32: pcnet32.c:v1.35 21.Apr.2008 tsbogend@alpha.franken.de
[    0.989899] pcnet32: PCnet/FAST III 79C973 at 0xd020, 08:00:27:ce:ab:51 assigned IRQ 19
[    0.989974] pcnet32: Found PHY 0022:561b at address 0
[    0.990312] pcnet32: eth0: registered as PCnet/FAST III 79C973
[    0.991158] pcnet32: 1 cards_found
[    0.992561] piix4_smbus 0000:00:07.0: SMBus Host Controller at 0x4100, revision 0
[    0.996191] e1000: Intel(R) PRO/1000 Network Driver - version 7.3.21-k8-NAPI
[    0.996191] e1000: Copyright (c) 1999-2006 Intel Corporation.
[    1.065508] pcnet32 0000:00:03.0 enp0s3: renamed from eth0
[    1.209117] input: ImExPS/2 Generic Explorer Mouse as /devices/platform/i8042/serio1/input/input5
[    1.403382] e1000 0000:00:08.0 eth0: (PCI:33MHz:32-bit) 08:00:27:b2:94:7a
[    1.403387] e1000 0000:00:08.0 eth0: Intel(R) PRO/1000 Network Connection
[    1.775451] e1000 0000:00:09.0 eth1: (PCI:33MHz:32-bit) 08:00:27:9c:17:55
[    1.775455] e1000 0000:00:09.0 eth1: Intel(R) PRO/1000 Network Connection
[    1.776600] e1000 0000:00:09.0 enp0s9: renamed from eth1
[    1.778915] e1000 0000:00:08.0 enp0s8: renamed from eth0
[    1.935779] EXT4-fs (sda2): mounted filesystem with ordered data mode. Opts: (null)
[    2.032413] systemd[1]: Inserted module 'autofs4'
[    2.045986] systemd[1]: systemd 245.4-4ubuntu3 running in system mode. (+PAM +AUDIT +SELINUX +IMA +APPARMOR +SMACK +SYSVINIT +UTMP +LIBCRYPTSETUP +GCRYPT +GNUTLS +ACL +XZ +LZ4 +SECCOMP +BLKID +ELFUTILS +KMOD +IDN2 -IDN +PCRE2 default-hierarchy=hybrid)
[    2.046018] systemd[1]: Detected virtualization oracle.
[    2.046021] systemd[1]: Detected architecture x86-64.
[    2.048058] systemd[1]: Set hostname to <ztg>.
[    2.177229] systemd[1]: /lib/systemd/system/dbus.socket:5: ListenStream= references a path below legacy directory /var/run/, updating /var/run/dbus/system_bus_socket â†’ /run/dbus/system_bus_socket; please update the unit file accordingly.
[    2.230855] systemd[1]: Created slice system-modprobe.slice.
[    2.231040] systemd[1]: Created slice User and Session Slice.
[    2.231084] systemd[1]: Started Forward Password Requests to Wall Directory Watch.
[    2.231314] systemd[1]: Set up automount Arbitrary Executable File Formats File System Automount Point.
[    2.231353] systemd[1]: Reached target User and Group Name Lookups.
[    2.231363] systemd[1]: Reached target Remote File Systems.
[    2.231371] systemd[1]: Reached target Slices.
[    2.231950] systemd[1]: Listening on Syslog Socket.
[    2.232022] systemd[1]: Listening on fsck to fsckd communication Socket.
[    2.232063] systemd[1]: Listening on initctl Compatibility Named Pipe.
[    2.232203] systemd[1]: Listening on Journal Audit Socket.
[    2.232257] systemd[1]: Listening on Journal Socket (/dev/log).
[    2.232327] systemd[1]: Listening on Journal Socket.
[    2.232393] systemd[1]: Listening on udev Control Socket.
[    2.232431] systemd[1]: Listening on udev Kernel Socket.
[    2.233197] systemd[1]: Mounting Huge Pages File System...
[    2.234125] systemd[1]: Mounting POSIX Message Queue File System...
[    2.235049] systemd[1]: Mounting Kernel Debug File System...
[    2.235978] systemd[1]: Mounting Kernel Trace File System...
[    2.237899] systemd[1]: Starting Journal Service...
[    2.265557] systemd[1]: Starting Set the console keyboard layout...
[    2.274381] systemd[1]: Starting Create list of static device nodes for the current kernel...
[    2.276636] systemd[1]: Starting Load Kernel Module drm...
[    2.277828] systemd[1]: Condition check resulted in Set Up Additional Binary Formats being skipped.
[    2.277874] systemd[1]: Condition check resulted in File System Check on Root Device being skipped.
[    2.288444] systemd[1]: Starting Load Kernel Modules...
[    2.295299] systemd[1]: Starting Remount Root and Kernel File Systems...
[    2.307229] systemd[1]: Starting udev Coldplug all Devices...
[    2.317780] systemd[1]: Starting Uncomplicated firewall...
[    2.319035] systemd[1]: Mounted Huge Pages File System.
[    2.320837] EXT4-fs (sda2): re-mounted. Opts: errors=remount-ro
[    2.356904] systemd[1]: Mounted POSIX Message Queue File System.
[    2.357090] systemd[1]: Mounted Kernel Debug File System.
[    2.357169] systemd[1]: Mounted Kernel Trace File System.
[    2.358966] systemd[1]: Finished Create list of static device nodes for the current kernel.
[    2.359270] systemd[1]: modprobe@drm.service: Succeeded.
[    2.359681] systemd[1]: Finished Load Kernel Module drm.
[    2.366744] systemd[1]: Finished Remount Root and Kernel File Systems.
[    2.368920] lp: driver loaded but no devices found
[    2.370214] systemd[1]: Finished Uncomplicated firewall.
[    2.386830] systemd[1]: Condition check resulted in Rebuild Hardware Database being skipped.
[    2.386874] systemd[1]: Condition check resulted in Platform Persistent Storage Archival being skipped.
[    2.388981] systemd[1]: Starting Load/Save Random Seed...
[    2.391145] ppdev: user-space parallel port driver
[    2.399660] systemd[1]: Starting Create System Users...
[    2.411421] systemd[1]: Finished Load/Save Random Seed.
[    2.415999] systemd[1]: Finished Create System Users.
[    2.416719] systemd[1]: Starting Create Static Device Nodes in /dev...
[    2.469173] systemd[1]: Finished Create Static Device Nodes in /dev.
[    2.470423] systemd[1]: Starting udev Kernel Device Manager...
[    2.479805] systemd[1]: Finished udev Coldplug all Devices.
[    2.482489] [drm] DMA map mode: Caching DMA mappings.
[    2.482554] [drm] Capabilities:
[    2.482554] [drm]   Rect copy.
[    2.482554] [drm]   Cursor.
[    2.482555] [drm]   Cursor bypass.
[    2.482555] [drm]   Cursor bypass 2.
[    2.482555] [drm]   Alpha cursor.
[    2.482556] [drm]   Extended Fifo.
[    2.482556] [drm]   Pitchlock.
[    2.482556] [drm]   Irq mask.
[    2.482557] [drm]   GMR.
[    2.482557] [drm]   Traces.
[    2.482557] [drm]   GMR2.
[    2.482558] [drm]   Screen Object 2.
[    2.482558] [drm]   Command Buffers.
[    2.482558] [drm]   Command Buffers 2.
[    2.482559] [drm]   Guest Backed Resources.
[    2.482560] [drm] Max GMR ids is 8192
[    2.482560] [drm] Max number of GMR pages is 1048576
[    2.482561] [drm] Max dedicated hypervisor surface memory is 393216 kiB
[    2.482561] [drm] Maximum display memory size is 131072 kiB
[    2.482562] [drm] VRAM at 0xe0000000 size is 131072 kiB
[    2.482563] [drm] MMIO at 0xf0000000 size is 2048 kiB
[    2.484726] [TTM] Zone  kernel: Available graphics memory: 1011738 KiB
[    2.484727] [TTM] Initializing pool allocator
[    2.484731] [TTM] Initializing DMA pool allocator
[    2.484761] [drm] Supports vblank timestamp caching Rev 2 (21.10.2013).
[    2.484762] [drm] No driver support for vblank timestamp query.
[    2.485017] [drm] Screen Target Display device initialized
[    2.485224] [drm] width 720
[    2.485236] [drm] height 400
[    2.485239] [drm] bpp 32
[    2.485764] [drm] Fifo max 0x00200000 min 0x00001000 cap 0x00000355
[    2.486863] [drm] Using command buffers with DMA pool.
[    2.486868] [drm] DX: no.
[    2.486868] [drm] Atomic: yes.
[    2.486869] [drm] SM4_1: no.
[    2.486887] [drm:vmw_host_log [vmwgfx]] *ERROR* Failed to send host log message.
[    2.491983] [drm:vmw_host_log [vmwgfx]] *ERROR* Failed to send host log message.
[    2.507035] fbcon: svgadrmfb (fb0) is primary device
[    2.509532] Console: switching to colour frame buffer device 100x37
[    2.520753] [drm] Initialized vmwgfx 2.15.0 20180704 for 0000:00:02.0 on minor 0
[    2.525689] systemd[1]: Finished Load Kernel Modules.
[    2.526618] systemd[1]: Mounting FUSE Control File System...
[    2.528041] systemd[1]: Mounting Kernel Configuration File System...
[    2.555558] systemd[1]: Starting Apply Kernel Variables...
[    2.556272] systemd[1]: Mounted FUSE Control File System.
[    2.556345] systemd[1]: Condition check resulted in VMware vmblock fuse mount being skipped.
[    2.559589] systemd[1]: Mounted Kernel Configuration File System.
[    2.564753] systemd[1]: Finished Set the console keyboard layout.
[    2.564851] systemd[1]: Reached target Local File Systems (Pre).
[    2.566809] systemd[1]: Mounting Mount unit for bare, revision 5...
[    2.571402] systemd[1]: Mounting Mount unit for core18, revision 1705...
[    2.599035] systemd[1]: Mounting Mount unit for gnome-3-34-1804, revision 24...
[    2.609692] systemd[1]: Mounting Mount unit for gtk-common-themes, revision 1506...
[    2.612615] systemd[1]: Mounting Mount unit for gtk-common-themes, revision 1535...
[    2.621294] systemd[1]: Mounting Mount unit for snap-store, revision 433...
[    2.626852] systemd[1]: Mounting Mount unit for snapd, revision 25935...
[    2.651438] systemd[1]: Finished Apply Kernel Variables.
[    2.652803] systemd[1]: Mounted Mount unit for bare, revision 5.
[    2.652897] systemd[1]: Mounted Mount unit for gnome-3-34-1804, revision 24.
[    2.661044] systemd[1]: Mounted Mount unit for core18, revision 1705.
[    2.661136] systemd[1]: Mounted Mount unit for gtk-common-themes, revision 1506.
[    2.668707] systemd[1]: Started udev Kernel Device Manager.
[    2.669452] systemd[1]: Starting Show Plymouth Boot Screen...
[    2.680039] systemd[1]: Received SIGRTMIN+20 from PID 280 (plymouthd).
[    2.705518] systemd[1]: Mounted Mount unit for gtk-common-themes, revision 1535.
[    2.705896] systemd[1]: Started Show Plymouth Boot Screen.
[    2.706090] systemd[1]: Condition check resulted in Dispatch Password Requests to Console Directory Watch being skipped.
[    2.706232] systemd[1]: Started Forward Password Requests to Plymouth Directory Watch.
[    2.706306] systemd[1]: Reached target Local Encrypted Volumes.
[    2.740243] systemd[1]: Mounted Mount unit for snap-store, revision 433.
[    2.740497] systemd[1]: Mounted Mount unit for snapd, revision 25935.
[    2.740649] systemd[1]: Reached target Local File Systems.
[    2.741504] systemd[1]: Starting Load AppArmor profiles...
[    2.743831] systemd[1]: Starting Set console font and keymap...
[    2.754970] systemd[1]: Starting Tell Plymouth To Write Out Runtime Data...
[    2.758928] systemd[1]: Condition check resulted in Store a System Token in an EFI Variable being skipped.
[    2.758981] systemd[1]: Condition check resulted in Commit a transient machine-id on disk being skipped.
[    2.763072] systemd[1]: Finished Set console font and keymap.
[    2.770479] systemd[1]: Received SIGRTMIN+20 from PID 280 (plymouthd).
[    2.773542] systemd[1]: plymouth-read-write.service: Succeeded.
[    2.773826] systemd[1]: Finished Tell Plymouth To Write Out Runtime Data.
[    2.811235] audit: type=1400 audit(1768583932.660:2): apparmor="STATUS" operation="profile_load" profile="unconfined" name="nvidia_modprobe" pid=301 comm="apparmor_parser"
[    2.811237] audit: type=1400 audit(1768583932.660:3): apparmor="STATUS" operation="profile_load" profile="unconfined" name="nvidia_modprobe//kmod" pid=301 comm="apparmor_parser"
[    2.818048] audit: type=1400 audit(1768583932.668:4): apparmor="STATUS" operation="profile_load" profile="unconfined" name="/usr/sbin/tcpdump" pid=302 comm="apparmor_parser"
[    2.845237] audit: type=1400 audit(1768583932.688:5): apparmor="STATUS" operation="profile_load" profile="unconfined" name="/usr/bin/evince" pid=304 comm="apparmor_parser"
[    2.845239] audit: type=1400 audit(1768583932.688:6): apparmor="STATUS" operation="profile_load" profile="unconfined" name="/usr/bin/evince//sanitized_helper" pid=304 comm="apparmor_parser"
[    2.845241] audit: type=1400 audit(1768583932.688:7): apparmor="STATUS" operation="profile_load" profile="unconfined" name="/usr/bin/evince-previewer" pid=304 comm="apparmor_parser"
[    2.845242] audit: type=1400 audit(1768583932.688:8): apparmor="STATUS" operation="profile_load" profile="unconfined" name="/usr/bin/evince-previewer//sanitized_helper" pid=304 comm="apparmor_parser"
[    2.845243] audit: type=1400 audit(1768583932.688:9): apparmor="STATUS" operation="profile_load" profile="unconfined" name="/usr/bin/evince-thumbnailer" pid=304 comm="apparmor_parser"
[    2.876154] audit: type=1400 audit(1768583932.724:10): apparmor="STATUS" operation="profile_load" profile="unconfined" name="/usr/lib/cups/backend/cups-pdf" pid=305 comm="apparmor_parser"
[    2.939554] systemd[1]: Finished Load AppArmor profiles.
[    2.940490] systemd[1]: Starting Load AppArmor profiles managed internally by snapd...
[    3.066561] systemd[1]: Finished Load AppArmor profiles managed internally by snapd.
[    3.274002] systemd[1]: Started Journal Service.
[    3.281784] systemd-journald[229]: Received client request to flush runtime journal.
[    3.285811] systemd-journald[229]: File /var/log/journal/c455b248004a419c87ce85eea238d727/system.journal corrupted or uncleanly shut down, renaming and replacing.
[    4.621983] RAPL PMU: API unit is 2^-32 Joules, 0 fixed counters, 10737418240 ms ovfl timer
[    4.635768] cryptd: max_cpu_qlen set to 1000
[    4.641133] AVX2 version of gcm_enc/dec engaged.
[    4.641134] AES CTR mode by8 optimization enabled
[    6.496619] Adding 1998844k swap on /dev/sda1.  Priority:-2 extents:1 across:1998844k FS
[    8.128289] kauditd_printk_skb: 30 callbacks suppressed
[    8.128290] audit: type=1400 audit(1768583937.976:41): apparmor="DENIED" operation="capable" profile="/usr/sbin/cups-browsed" pid=509 comm="cups-browsed" capability=23  capname="sys_nice"
[    8.984773] pcnet32 0000:00:03.0 enp0s3: link up, 100Mbps, full-duplex
[    9.013479] e1000: enp0s8 NIC Link is Up 1000 Mbps Full Duplex, Flow Control: RX
[    9.014295] IPv6: ADDRCONF(NETDEV_CHANGE): enp0s8: link becomes ready
[    9.052366] e1000: enp0s9 NIC Link is Up 1000 Mbps Full Duplex, Flow Control: RX
[    9.052667] IPv6: ADDRCONF(NETDEV_CHANGE): enp0s9: link becomes ready
[    9.678984] device enp0s3 entered promiscuous mode
[    9.714858] audit: type=1400 audit(1768583939.556:42): apparmor="DENIED" operation="open" profile="/usr/sbin/tcpdump" name="/proc/sys/kernel/random/boot_id" pid=659 comm="tcpdump" requested_mask="r" denied_mask="r" fsuid=0 ouid=0
[    9.715050] audit: type=1400 audit(1768583939.556:43): apparmor="DENIED" operation="open" profile="/usr/sbin/tcpdump" name="/proc/sys/kernel/random/boot_id" pid=659 comm="tcpdump" requested_mask="r" denied_mask="r" fsuid=0 ouid=0
[    9.715296] audit: type=1400 audit(1768583939.556:44): apparmor="DENIED" operation="open" profile="/usr/sbin/tcpdump" name="/proc/sys/kernel/random/boot_id" pid=659 comm="tcpdump" requested_mask="r" denied_mask="r" fsuid=0 ouid=0
[    9.715394] audit: type=1400 audit(1768583939.556:45): apparmor="DENIED" operation="open" profile="/usr/sbin/tcpdump" name="/proc/sys/kernel/random/boot_id" pid=659 comm="tcpdump" requested_mask="r" denied_mask="r" fsuid=0 ouid=0
[    9.721452] audit: type=1400 audit(1768583939.568:46): apparmor="DENIED" operation="open" profile="/usr/sbin/tcpdump" name="/proc/sys/kernel/random/boot_id" pid=660 comm="tcpdump" requested_mask="r" denied_mask="r" fsuid=0 ouid=0
[    9.721619] audit: type=1400 audit(1768583939.568:47): apparmor="DENIED" operation="open" profile="/usr/sbin/tcpdump" name="/proc/sys/kernel/random/boot_id" pid=660 comm="tcpdump" requested_mask="r" denied_mask="r" fsuid=0 ouid=0
[    9.721658] audit: type=1400 audit(1768583939.568:48): apparmor="DENIED" operation="open" profile="/usr/sbin/tcpdump" name="/proc/sys/kernel/random/boot_id" pid=660 comm="tcpdump" requested_mask="r" denied_mask="r" fsuid=0 ouid=0
[    9.721745] audit: type=1400 audit(1768583939.568:49): apparmor="DENIED" operation="open" profile="/usr/sbin/tcpdump" name="/proc/sys/kernel/random/boot_id" pid=660 comm="tcpdump" requested_mask="r" denied_mask="r" fsuid=0 ouid=0
[   15.508689] rfkill: input handler disabled
[  167.117693] AAAAA-TCP_FORW: name:enp0s3: saddr:100932208: daddr:16783984
[  168.651431] AAAAA-TCP_FORW: name:enp0s3: saddr:16783984: daddr:100932208
[  168.960571] AAAAA-TCP_FORW: name:enp0s3: saddr:16783984: daddr:100932208
[  169.028748] AAAAA-TCP_FORW: name:enp0s3: saddr:16783984: daddr:100932208
[  169.327115] AAAAA-TCP_FORW: name:enp0s3: saddr:16783984: daddr:100932208
[  169.376297] AAAAA-TCP_FORW: name:enp0s3: saddr:16783984: daddr:100932208
[  169.421481] AAAAA-TCP_FORW: name:enp0s3: saddr:16783984: daddr:100932208
[  169.692912] AAAAA-TCP_FORW: name:enp0s3: saddr:33561200: daddr:100932208
[  170.029131] AAAAA-TCP_FORW: name:enp0s3: saddr:16783984: daddr:100932208
[  170.142658] AAAAA-TCP_FORW: name:enp0s3: saddr:33561200: daddr:100932208
[  170.212514] AAAAA-TCP_FORW: name:enp0s3: saddr:16783984: daddr:100932208
[  170.255645] AAAAA-TCP_FORW: name:enp0s3: saddr:33561200: daddr:100932208
[  170.551555] AAAAA-TCP_FORW: name:enp0s3: saddr:16783984: daddr:100932208
[  170.713879] AAAAA-TCP_FORW: name:enp0s3: saddr:16783984: daddr:100932208
[  170.805672] AAAAA-TCP_FORW: name:enp0s3: saddr:16783984: daddr:100932208
[  170.945086] AAAAA-TCP_FORW: name:enp0s3: saddr:33561200: daddr:100932208
[  171.022852] AAAAA-TCP_FORW: name:enp0s3: saddr:33561200: daddr:100932208
[  171.161840] AAAAA-TCP_FORW: name:enp0s3: saddr:33561200: daddr:100932208
[  171.418437] AAAAA-TCP_FORW: name:enp0s3: saddr:33561200: daddr:100932208
[  171.621561] AAAAA-TCP_FORW: name:enp0s3: saddr:16783984: daddr:100932208
[  195.586212] AAAAA-TCP_FORW: name:enp0s3: saddr:33561200: daddr:100932208
[  195.808073] AAAAA-TCP_FORW: name:enp0s3: saddr:33561200: daddr:100932208
[  195.958356] AAAAA-TCP_FORW: name:enp0s3: saddr:33561200: daddr:100932208
[  196.219400] AAAAA-TCP_FORW: name:enp0s3: saddr:33561200: daddr:100932208
[  196.364286] AAAAA-TCP_FORW: name:enp0s3: saddr:33561200: daddr:100932208
[  196.562232] AAAAA-TCP_FORW: name:enp0s3: saddr:33561200: daddr:100932208
[  196.682656] AAAAA-TCP_FORW: name:enp0s3: saddr:33561200: daddr:100932208
[  196.752537] AAAAA-TCP_FORW: name:enp0s3: saddr:33561200: daddr:100932208
[  196.941254] AAAAA-TCP_FORW: name:enp0s3: saddr:33561200: daddr:100932208
[  196.989511] AAAAA-TCP_FORW: name:enp0s3: saddr:33561200: daddr:100932208
[  197.047535] AAAAA-TCP_FORW: name:enp0s3: saddr:33561200: daddr:100932208
[  197.077702] AAAAA-TCP_FORW: name:enp0s3: saddr:33561200: daddr:100932208
[  197.248111] AAAAA-TCP_FORW: name:enp0s3: saddr:33561200: daddr:100932208
[  197.278693] AAAAA-TCP_FORW: name:enp0s3: saddr:33561200: daddr:100932208
[  197.391273] AAAAA-TCP_FORW: name:enp0s3: saddr:33561200: daddr:100932208
[  197.541824] AAAAA-TCP_FORW: name:enp0s3: saddr:33561200: daddr:100932208
[  197.729512] AAAAA-TCP_FORW: name:enp0s3: saddr:16783984: daddr:100932208
[  197.827887] AAAAA-TCP_FORW: name:enp0s3: saddr:16783984: daddr:100932208
[  198.167492] AAAAA-TCP_FORW: name:enp0s3: saddr:16783984: daddr:100932208
[  198.293355] AAAAA-TCP_FORW: name:enp0s3: saddr:16783984: daddr:100932208
[  198.484599] AAAAA-TCP_FORW: name:enp0s3: saddr:16783984: daddr:100932208
[  198.587292] AAAAA-TCP_FORW: name:enp0s3: saddr:16783984: daddr:100932208
[  198.673730] AAAAA-TCP_FORW: name:enp0s3: saddr:16783984: daddr:100932208
[  198.858319] AAAAA-TCP_FORW: name:enp0s3: saddr:16783984: daddr:100932208
[  199.113263] AAAAA-TCP_FORW: name:enp0s3: saddr:16783984: daddr:100932208
[  199.344625] AAAAA-TCP_FORW: name:enp0s3: saddr:16783984: daddr:100932208
[  288.478657] AAAAA-TCP_FORW: name:enp0s3: saddr:16783984: daddr:100932208
[  288.920054] AAAAA-TCP_FORW: name:enp0s3: saddr:16783984: daddr:100932208
[  289.611702] AAAAA-TCP_FORW: name:enp0s3: saddr:16783984: daddr:100932208
[  289.719400] AAAAA-TCP_FORW: name:enp0s3: saddr:16783984: daddr:100932208
[  289.961137] AAAAA-TCP_FORW: name:enp0s3: saddr:16783984: daddr:100932208
[  290.411578] AAAAA-TCP_FORW: name:enp0s3: saddr:16783984: daddr:100932208
[  290.591321] AAAAA-TCP_FORW: name:enp0s3: saddr:16783984: daddr:100932208
[  290.798155] AAAAA-TCP_FORW: name:enp0s3: saddr:16783984: daddr:100932208
[  638.859736] rfkill: input handler enabled
[  647.323341] rfkill: input handler disabled
[ 1012.611091] device enp0s3 left promiscuous mode
