[    0.000000] Linux version 5.4.243-mptcp (root@ztg) (gcc version 12.2.0 (Debian 12.2.0-14+deb12u1)) #53 SMP Wed Dec 24 23:28:15 CST 2025
[    0.000000] Command line: BOOT_IMAGE=/boot/vmlinuz-5.4.243-mptcp root=UUID=98415a12-53b7-4144-8265-0f7ece09e445 ro quiet splash
[    0.000000] KERNEL supported cpus:
[    0.000000]   Intel GenuineIntel
[    0.000000]   AMD AuthenticAMD
[    0.000000]   Hygon HygonGenuine
[    0.000000]   Centaur CentaurHauls
[    0.000000]   zhaoxin   Shanghai  
[    0.000000] x86/fpu: Supporting XSAVE feature 0x001: 'x87 floating point registers'
[    0.000000] x86/fpu: Supporting XSAVE feature 0x002: 'SSE registers'
[    0.000000] x86/fpu: Supporting XSAVE feature 0x004: 'AVX registers'
[    0.000000] x86/fpu: xstate_offset[2]:  576, xstate_sizes[2]:  256
[    0.000000] x86/fpu: Enabled xstate features 0x7, context size is 832 bytes, using 'standard' format.
[    0.000000] BIOS-provided physical RAM map:
[    0.000000] BIOS-e820: [mem 0x0000000000000000-0x000000000009fbff] usable
[    0.000000] BIOS-e820: [mem 0x000000000009fc00-0x000000000009ffff] reserved
[    0.000000] BIOS-e820: [mem 0x00000000000f0000-0x00000000000fffff] reserved
[    0.000000] BIOS-e820: [mem 0x0000000000100000-0x000000007ffeffff] usable
[    0.000000] BIOS-e820: [mem 0x000000007fff0000-0x000000007fffffff] ACPI data
[    0.000000] BIOS-e820: [mem 0x00000000fec00000-0x00000000fec00fff] reserved
[    0.000000] BIOS-e820: [mem 0x00000000fee00000-0x00000000fee00fff] reserved
[    0.000000] BIOS-e820: [mem 0x00000000fffc0000-0x00000000ffffffff] reserved
[    0.000000] NX (Execute Disable) protection: active
[    0.000000] SMBIOS 2.5 present.
[    0.000000] DMI: innotek GmbH VirtualBox/VirtualBox, BIOS VirtualBox 12/01/2006
[    0.000000] Hypervisor detected: KVM
[    0.000000] kvm-clock: Using msrs 4b564d01 and 4b564d00
[    0.000000] kvm-clock: cpu 0, msr 4ee01001, primary cpu clock
[    0.000000] kvm-clock: using sched offset of 4478676890 cycles
[    0.000003] clocksource: kvm-clock: mask: 0xffffffffffffffff max_cycles: 0x1cd42e4dffb, max_idle_ns: 881590591483 ns
[    0.000006] tsc: Detected 2100.000 MHz processor
[    0.001880] e820: update [mem 0x00000000-0x00000fff] usable ==> reserved
[    0.001883] e820: remove [mem 0x000a0000-0x000fffff] usable
[    0.001887] last_pfn = 0x7fff0 max_arch_pfn = 0x400000000
[    0.001955] MTRR default type: uncachable
[    0.001956] MTRR fixed ranges enabled:
[    0.001957]   00000-9FFFF write-back
[    0.001958]   A0000-BFFFF uncachable
[    0.001959]   C0000-FFFFF write-protect
[    0.001959] MTRR variable ranges enabled:
[    0.001961]   0 base 000000000000 mask 3FFF80000000 write-back
[    0.001961]   1 disabled
[    0.001962]   2 disabled
[    0.001962]   3 disabled
[    0.001963]   4 disabled
[    0.001963]   5 disabled
[    0.001964]   6 disabled
[    0.001964]   7 disabled
[    0.001964]   8 disabled
[    0.001965]   9 disabled
[    0.001965]   10 disabled
[    0.001966]   11 disabled
[    0.001966]   12 disabled
[    0.001967]   13 disabled
[    0.001967]   14 disabled
[    0.001967]   15 disabled
[    0.001985] x86/PAT: Configuration [0-7]: WB  WC  UC- UC  WB  WP  UC- WT  
[    0.002119] found SMP MP-table at [mem 0x0009fff0-0x0009ffff]
[    0.093123] check: Scanning 1 areas for low memory corruption
[    0.093318] RAMDISK: [mem 0x32271000-0x3512ffff]
[    0.093326] ACPI: Early table checksum verification disabled
[    0.093332] ACPI: RSDP 0x00000000000E0000 000024 (v02 VBOX  )
[    0.093337] ACPI: XSDT 0x000000007FFF0030 00003C (v01 VBOX   VBOXXSDT 00000001 ASL  00000061)
[    0.093344] ACPI: FACP 0x000000007FFF00F0 0000F4 (v04 VBOX   VBOXFACP 00000001 ASL  00000061)
[    0.093350] ACPI: DSDT 0x000000007FFF02E0 002353 (v02 VBOX   VBOXBIOS 00000002 VBOX 00029BF3)
[    0.093354] ACPI: FACS 0x000000007FFF0200 000040
[    0.093357] ACPI: FACS 0x000000007FFF0200 000040
[    0.093361] ACPI: APIC 0x000000007FFF0240 000054 (v02 VBOX   VBOXAPIC 00000001 ASL  00000061)
[    0.093364] ACPI: SSDT 0x000000007FFF02A0 000038 (v01 VBOX   VBOXCPUT 00000002 VBOX 00029BF3)
[    0.093367] ACPI: Reserving FACP table memory at [mem 0x7fff00f0-0x7fff01e3]
[    0.093368] ACPI: Reserving DSDT table memory at [mem 0x7fff02e0-0x7fff2632]
[    0.093369] ACPI: Reserving FACS table memory at [mem 0x7fff0200-0x7fff023f]
[    0.093370] ACPI: Reserving FACS table memory at [mem 0x7fff0200-0x7fff023f]
[    0.093370] ACPI: Reserving APIC table memory at [mem 0x7fff0240-0x7fff0293]
[    0.093371] ACPI: Reserving SSDT table memory at [mem 0x7fff02a0-0x7fff02d7]
[    0.093385] ACPI: Local APIC address 0xfee00000
[    0.093578] No NUMA configuration found
[    0.093579] Faking a node at [mem 0x0000000000000000-0x000000007ffeffff]
[    0.093589] NODE_DATA(0) allocated [mem 0x7ffc5000-0x7ffeffff]
[    0.093851] Zone ranges:
[    0.093852]   DMA      [mem 0x0000000000001000-0x0000000000ffffff]
[    0.093853]   DMA32    [mem 0x0000000001000000-0x000000007ffeffff]
[    0.093854]   Normal   empty
[    0.093855]   Device   empty
[    0.093855] Movable zone start for each node
[    0.093857] Early memory node ranges
[    0.093858]   node   0: [mem 0x0000000000001000-0x000000000009efff]
[    0.093859]   node   0: [mem 0x0000000000100000-0x000000007ffeffff]
[    0.093862] Zeroed struct page in unavailable ranges: 114 pages
[    0.093863] Initmem setup node 0 [mem 0x0000000000001000-0x000000007ffeffff]
[    0.093864] On node 0 totalpages: 524174
[    0.093865]   DMA zone: 64 pages used for memmap
[    0.093866]   DMA zone: 21 pages reserved
[    0.093867]   DMA zone: 3998 pages, LIFO batch:0
[    0.093939]   DMA32 zone: 8128 pages used for memmap
[    0.093940]   DMA32 zone: 520176 pages, LIFO batch:63
[    0.102988] ACPI: PM-Timer IO Port: 0x4008
[    0.102992] ACPI: Local APIC address 0xfee00000
[    0.103062] IOAPIC[0]: apic_id 1, version 32, address 0xfec00000, GSI 0-23
[    0.103066] ACPI: INT_SRC_OVR (bus 0 bus_irq 0 global_irq 2 dfl dfl)
[    0.103068] ACPI: INT_SRC_OVR (bus 0 bus_irq 9 global_irq 9 low level)
[    0.103070] ACPI: IRQ0 used by override.
[    0.103071] ACPI: IRQ9 used by override.
[    0.103073] Using ACPI (MADT) for SMP configuration information
[    0.103080] smpboot: Allowing 1 CPUs, 0 hotplug CPUs
[    0.103103] PM: Registered nosave memory: [mem 0x00000000-0x00000fff]
[    0.103104] PM: Registered nosave memory: [mem 0x0009f000-0x0009ffff]
[    0.103105] PM: Registered nosave memory: [mem 0x000a0000-0x000effff]
[    0.103105] PM: Registered nosave memory: [mem 0x000f0000-0x000fffff]
[    0.103107] [mem 0x80000000-0xfebfffff] available for PCI devices
[    0.103108] Booting paravirtualized kernel on KVM
[    0.103111] clocksource: refined-jiffies: mask: 0xffffffff max_cycles: 0xffffffff, max_idle_ns: 7645519600211568 ns
[    0.103116] setup_percpu: NR_CPUS:8192 nr_cpumask_bits:1 nr_cpu_ids:1 nr_node_ids:1
[    0.104145] percpu: Embedded 60 pages/cpu s208896 r8192 d28672 u2097152
[    0.104150] pcpu-alloc: s208896 r8192 d28672 u2097152 alloc=1*2097152
[    0.104151] pcpu-alloc: [0] 0 
[    0.104177] Built 1 zonelists, mobility grouping on.  Total pages: 515961
[    0.104178] Policy zone: DMA32
[    0.104179] Kernel command line: BOOT_IMAGE=/boot/vmlinuz-5.4.243-mptcp root=UUID=98415a12-53b7-4144-8265-0f7ece09e445 ro quiet splash
[    0.105023] Dentry cache hash table entries: 262144 (order: 9, 2097152 bytes, linear)
[    0.105171] Inode-cache hash table entries: 131072 (order: 8, 1048576 bytes, linear)
[    0.105223] mem auto-init: stack:off, heap alloc:on, heap free:off
[    0.105226] Calgary: detecting Calgary via BIOS EBDA area
[    0.105227] Calgary: Unable to locate Rio Grande table in EBDA - bailing!
[    0.109419] Memory: 1967332K/2096696K available (14339K kernel code, 2398K rwdata, 4712K rodata, 2728K init, 17260K bss, 129364K reserved, 0K cma-reserved)
[    0.110369] SLUB: HWalign=64, Order=0-3, MinObjects=0, CPUs=1, Nodes=1
[    0.110387] ftrace: allocating 43186 entries in 169 pages
[    0.128899] rcu: Hierarchical RCU implementation.
[    0.128901] rcu: 	RCU restricting CPUs from NR_CPUS=8192 to nr_cpu_ids=1.
[    0.128902] 	Tasks RCU enabled.
[    0.128903] rcu: RCU calculated value of scheduler-enlistment delay is 25 jiffies.
[    0.128904] rcu: Adjusting geometry for rcu_fanout_leaf=16, nr_cpu_ids=1
[    0.131930] NR_IRQS: 524544, nr_irqs: 256, preallocated irqs: 16
[    0.132151] random: crng init done
[    0.141529] Console: colour VGA+ 80x25
[    0.141535] printk: console [tty0] enabled
[    0.141561] ACPI: Core revision 20190816
[    0.141688] APIC: Switch to symmetric I/O mode setup
[    0.141945] x2apic enabled
[    0.142180] Switched APIC routing to physical x2apic.
[    0.143320] ..TIMER: vector=0x30 apic1=0 pin1=2 apic2=-1 pin2=-1
[    0.143347] clocksource: tsc-early: mask: 0xffffffffffffffff max_cycles: 0x1e4530a99b6, max_idle_ns: 440795257976 ns
[    0.143354] Calibrating delay loop (skipped) preset value.. 4200.00 BogoMIPS (lpj=8400000)
[    0.143357] pid_max: default: 32768 minimum: 301
[    0.143396] LSM: Security Framework initializing
[    0.143406] Yama: becoming mindful.
[    0.143435] AppArmor: AppArmor initialized
[    0.143469] Mount-cache hash table entries: 4096 (order: 3, 32768 bytes, linear)
[    0.143474] Mountpoint-cache hash table entries: 4096 (order: 3, 32768 bytes, linear)
[    0.143484] *** VALIDATE tmpfs ***
[    0.143615] *** VALIDATE proc ***
[    0.143656] *** VALIDATE cgroup1 ***
[    0.143658] *** VALIDATE cgroup2 ***
[    0.143810] process: using mwait in idle threads
[    0.143815] Last level iTLB entries: 4KB 64, 2MB 8, 4MB 8
[    0.143816] Last level dTLB entries: 4KB 64, 2MB 0, 4MB 0, 1GB 4
[    0.143836] Spectre V1 : Mitigation: usercopy/swapgs barriers and __user pointer sanitization
[    0.143842] Spectre V2 : Mitigation: Retpolines
[    0.143843] Spectre V2 : Spectre v2 / SpectreRSB mitigation: Filling RSB on context switch
[    0.143843] Spectre V2 : Spectre v2 / SpectreRSB : Filling RSB on VMEXIT
[    0.143844] RETBleed: WARNING: Spectre v2 mitigation leaves CPU vulnerable to RETBleed attacks, data leaks possible!
[    0.144202] RETBleed: Vulnerable
[    0.144203] Speculative Store Bypass: Vulnerable
[    0.144208] TAA: Mitigation: TSX disabled
[    0.144208] MMIO Stale Data: Mitigation: Clear CPU buffers
[    0.148550] Freeing SMP alternatives memory: 40K
[    0.260006] smpboot: CPU0: Intel(R) Xeon(R) Silver 4216 CPU @ 2.10GHz (family: 0x6, model: 0x55, stepping: 0x7)
[    0.260172] Performance Events: unsupported p6 CPU model 85 no PMU driver, software events only.
[    0.260220] rcu: Hierarchical SRCU implementation.
[    0.260797] NMI watchdog: Perf NMI watchdog permanently disabled
[    0.260839] smp: Bringing up secondary CPUs ...
[    0.260840] smp: Brought up 1 node, 1 CPU
[    0.260841] smpboot: Max logical packages: 1
[    0.260842] smpboot: Total of 1 processors activated (4200.00 BogoMIPS)
[    0.262010] devtmpfs: initialized
[    0.262073] x86/mm: Memory block size: 128MB
[    0.262480] clocksource: jiffies: mask: 0xffffffff max_cycles: 0xffffffff, max_idle_ns: 7645041785100000 ns
[    0.262486] futex hash table entries: 256 (order: 2, 16384 bytes, linear)
[    0.262532] pinctrl core: initialized pinctrl subsystem
[    0.262654] PM: RTC time: 18:17:10, date: 2026-01-15
[    0.262800] NET: Registered protocol family 16
[    0.262887] audit: initializing netlink subsys (disabled)
[    0.263051] EISA bus registered
[    0.263053] cpuidle: using governor ladder
[    0.263054] cpuidle: using governor menu
[    0.263104] ACPI: bus type PCI registered
[    0.263105] acpiphp: ACPI Hot Plug PCI Controller Driver version: 0.5
[    0.263223] PCI: Using configuration type 1 for base access
[    0.264443] audit: type=2000 audit(1768472237.175:1): state=initialized audit_enabled=0 res=1
[    0.264537] HugeTLB registered 2.00 MiB page size, pre-allocated 0 pages
[    0.265415] ACPI: Added _OSI(Module Device)
[    0.265416] ACPI: Added _OSI(Processor Device)
[    0.265416] ACPI: Added _OSI(3.0 _SCP Extensions)
[    0.265417] ACPI: Added _OSI(Processor Aggregator Device)
[    0.265418] ACPI: Added _OSI(Linux-Dell-Video)
[    0.265419] ACPI: Added _OSI(Linux-Lenovo-NV-HDMI-Audio)
[    0.265420] ACPI: Added _OSI(Linux-HPI-Hybrid-Graphics)
[    0.267772] ACPI: 2 ACPI AML tables successfully acquired and loaded
[    0.269401] ACPI: Interpreter enabled
[    0.269411] ACPI: (supports S0 S5)
[    0.269412] ACPI: Using IOAPIC for interrupt routing
[    0.269667] PCI: Using host bridge windows from ACPI; if necessary, use "pci=nocrs" and report a bug
[    0.269778] ACPI: Enabled 2 GPEs in block 00 to 07
[    0.275584] ACPI: PCI Root Bridge [PCI0] (domain 0000 [bus 00-ff])
[    0.275591] acpi PNP0A03:00: _OSC: OS supports [ASPM ClockPM Segments MSI HPX-Type3]
[    0.276078] acpi PNP0A03:00: _OSC: not requesting OS control; OS requires [ExtendedConfig ASPM ClockPM MSI]
[    0.276088] acpi PNP0A03:00: fail to add MMCONFIG information, can't access extended PCI configuration space under this bridge.
[    0.276531] PCI host bridge to bus 0000:00
[    0.276534] pci_bus 0000:00: root bus resource [io  0x0000-0x0cf7 window]
[    0.276536] pci_bus 0000:00: root bus resource [io  0x0d00-0xffff window]
[    0.276538] pci_bus 0000:00: root bus resource [mem 0x000a0000-0x000bffff window]
[    0.276539] pci_bus 0000:00: root bus resource [mem 0x80000000-0xfdffffff window]
[    0.276541] pci_bus 0000:00: root bus resource [bus 00-ff]
[    0.276591] pci 0000:00:00.0: [8086:1237] type 00 class 0x060000
[    0.277647] pci 0000:00:01.0: [8086:7000] type 00 class 0x060100
[    0.278502] pci 0000:00:01.1: [8086:7111] type 00 class 0x01018a
[    0.278924] pci 0000:00:01.1: reg 0x20: [io  0xd000-0xd00f]
[    0.279091] pci 0000:00:01.1: legacy IDE quirk: reg 0x10: [io  0x01f0-0x01f7]
[    0.279092] pci 0000:00:01.1: legacy IDE quirk: reg 0x14: [io  0x03f6]
[    0.279093] pci 0000:00:01.1: legacy IDE quirk: reg 0x18: [io  0x0170-0x0177]
[    0.279094] pci 0000:00:01.1: legacy IDE quirk: reg 0x1c: [io  0x0376]
[    0.279602] pci 0000:00:02.0: [15ad:0405] type 00 class 0x030000
[    0.283092] pci 0000:00:02.0: reg 0x10: [io  0xd010-0xd01f]
[    0.285395] pci 0000:00:02.0: reg 0x14: [mem 0xe0000000-0xe7ffffff pref]
[    0.289266] pci 0000:00:02.0: reg 0x18: [mem 0xf0000000-0xf01fffff]
[    0.300036] pci 0000:00:03.0: [1022:2000] type 00 class 0x020000
[    0.300725] pci 0000:00:03.0: reg 0x10: [io  0xd020-0xd03f]
[    0.301328] pci 0000:00:03.0: reg 0x14: [mem 0xf0200000-0xf0200fff]
[    0.305279] pci 0000:00:04.0: [80ee:cafe] type 00 class 0x088000
[    0.305947] pci 0000:00:04.0: reg 0x10: [io  0xd040-0xd05f]
[    0.306567] pci 0000:00:04.0: reg 0x14: [mem 0xf0400000-0xf07fffff]
[    0.307185] pci 0000:00:04.0: reg 0x18: [mem 0xf0800000-0xf0803fff pref]
[    0.310897] pci 0000:00:07.0: [8086:7113] type 00 class 0x068000
[    0.311454] pci 0000:00:07.0: quirk: [io  0x4000-0x403f] claimed by PIIX4 ACPI
[    0.311464] pci 0000:00:07.0: quirk: [io  0x4100-0x410f] claimed by PIIX4 SMB
[    0.312082] pci 0000:00:08.0: [8086:100e] type 00 class 0x020000
[    0.312852] pci 0000:00:08.0: reg 0x10: [mem 0xf0820000-0xf083ffff]
[    0.314052] pci 0000:00:08.0: reg 0x18: [io  0xd060-0xd067]
[    0.316929] pci 0000:00:09.0: [8086:100e] type 00 class 0x020000
[    0.317639] pci 0000:00:09.0: reg 0x10: [mem 0xf0840000-0xf085ffff]
[    0.318811] pci 0000:00:09.0: reg 0x18: [io  0xd068-0xd06f]
[    0.328426] ACPI: PCI Interrupt Link [LNKA] (IRQs 5 9 10 *11)
[    0.328708] ACPI: PCI Interrupt Link [LNKB] (IRQs 5 9 *10 11)
[    0.328821] ACPI: PCI Interrupt Link [LNKC] (IRQs 5 *9 10 11)
[    0.328922] ACPI: PCI Interrupt Link [LNKD] (IRQs 5 9 10 *11)
[    0.329189] iommu: Default domain type: Translated 
[    0.329250] pci 0000:00:02.0: vgaarb: setting as boot VGA device
[    0.329252] pci 0000:00:02.0: vgaarb: VGA device added: decodes=io+mem,owns=io+mem,locks=none
[    0.329254] pci 0000:00:02.0: vgaarb: bridge control possible
[    0.329254] vgaarb: loaded
[    0.329468] SCSI subsystem initialized
[    0.329499] libata version 3.00 loaded.
[    0.329521] ACPI: bus type USB registered
[    0.329537] usbcore: registered new interface driver usbfs
[    0.329543] usbcore: registered new interface driver hub
[    0.329549] usbcore: registered new device driver usb
[    0.329576] pps_core: LinuxPPS API ver. 1 registered
[    0.329577] pps_core: Software ver. 5.3.6 - Copyright 2005-2007 Rodolfo Giometti <giometti@linux.it>
[    0.329579] PTP clock support registered
[    0.329615] EDAC MC: Ver: 3.0.0
[    0.331613] PCI: Using ACPI for IRQ routing
[    0.331615] PCI: pci_cache_line_size set to 64 bytes
[    0.331787] e820: reserve RAM buffer [mem 0x0009fc00-0x0009ffff]
[    0.331791] e820: reserve RAM buffer [mem 0x7fff0000-0x7fffffff]
[    0.332586] NetLabel: Initializing
[    0.332587] NetLabel:  domain hash size = 128
[    0.332587] NetLabel:  protocols = UNLABELED CIPSOv4 CALIPSO
[    0.332607] NetLabel:  unlabeled traffic allowed by default
[    0.333524] clocksource: Switched to clocksource kvm-clock
[    0.344428] *** VALIDATE bpf ***
[    0.344428] VFS: Disk quotas dquot_6.6.0
[    0.344428] VFS: Dquot-cache hash table entries: 512 (order 0, 4096 bytes)
[    0.344428] *** VALIDATE ramfs ***
[    0.344428] *** VALIDATE hugetlbfs ***
[    0.344428] AppArmor: AppArmor Filesystem Enabled
[    0.344428] pnp: PnP ACPI init
[    0.344428] pnp 00:00: Plug and Play ACPI device, IDs PNP0303 (active)
[    0.347336] pnp 00:01: Plug and Play ACPI device, IDs PNP0f03 (active)
[    0.348105] pnp: PnP ACPI: found 2 devices
[    0.349081] thermal_sys: Registered thermal governor 'fair_share'
[    0.349082] thermal_sys: Registered thermal governor 'bang_bang'
[    0.349083] thermal_sys: Registered thermal governor 'step_wise'
[    0.349083] thermal_sys: Registered thermal governor 'user_space'
[    0.349084] thermal_sys: Registered thermal governor 'power_allocator'
[    0.353631] clocksource: acpi_pm: mask: 0xffffff max_cycles: 0xffffff, max_idle_ns: 2085701024 ns
[    0.353675] pci_bus 0000:00: resource 4 [io  0x0000-0x0cf7 window]
[    0.353676] pci_bus 0000:00: resource 5 [io  0x0d00-0xffff window]
[    0.353677] pci_bus 0000:00: resource 6 [mem 0x000a0000-0x000bffff window]
[    0.353678] pci_bus 0000:00: resource 7 [mem 0x80000000-0xfdffffff window]
[    0.353740] NET: Registered protocol family 2
[    0.353817] IP idents hash table entries: 32768 (order: 6, 262144 bytes, linear)
[    0.354231] MPTCP tokens hash table entries: 8192 (order: 4, 65536 bytes, linear)
[    0.354252] MPTCP request tokens hash table entries: 8192 (order: 4, 65536 bytes, linear)
[    0.354276] default registered
[    0.354277] default registered
[    0.354277] MPTCP: Stable release v0.96
[    0.354282] tcp_listen_portaddr_hash hash table entries: 1024 (order: 2, 16384 bytes, linear)
[    0.354364] TCP established hash table entries: 16384 (order: 5, 131072 bytes, linear)
[    0.354430] TCP bind hash table entries: 16384 (order: 6, 262144 bytes, linear)
[    0.354456] TCP: Hash tables configured (established 16384 bind 16384)
[    0.355185] UDP hash table entries: 1024 (order: 3, 32768 bytes, linear)
[    0.355197] UDP-Lite hash table entries: 1024 (order: 3, 32768 bytes, linear)
[    0.355230] NET: Registered protocol family 1
[    0.355230] NET: Registered protocol family 44
[    0.355285] pci 0000:00:00.0: Limiting direct PCI/PCI transfers
[    0.355301] pci 0000:00:01.0: Activating ISA DMA hang workarounds
[    0.355354] pci 0000:00:02.0: Video device with shadowed ROM at [mem 0x000c0000-0x000dffff]
[    0.355419] PCI: CLS 0 bytes, default 64
[    0.355482] Trying to unpack rootfs image as initramfs...
[    0.543802] Freeing initrd memory: 47868K
[    0.543802] clocksource: tsc: mask: 0xffffffffffffffff max_cycles: 0x1e4530a99b6, max_idle_ns: 440795257976 ns
[    0.543802] clocksource: Switched to clocksource tsc
[    0.543802] platform rtc_cmos: registered platform RTC device (no PNP device found)
[    0.543802] check: Scanning for low memory corruption every 60 seconds
[    0.543802] Initialise system trusted keyrings
[    0.543802] Key type blacklist registered
[    0.543802] workingset: timestamp_bits=36 max_order=19 bucket_order=0
[    0.543802] zbud: loaded
[    0.543802] squashfs: version 4.0 (2009/01/31) Phillip Lougher
[    0.543802] fuse: init (API version 7.31)
[    0.543802] *** VALIDATE fuse ***
[    0.543802] *** VALIDATE fuse ***
[    0.543802] Platform Keyring initialized
[    0.557864] Key type asymmetric registered
[    0.557866] Asymmetric key parser 'x509' registered
[    0.557883] Block layer SCSI generic (bsg) driver version 0.4 loaded (major 244)
[    0.557939] io scheduler mq-deadline registered
[    0.558131] shpchp: Standard Hot Plug PCI Controller Driver version: 0.4
[    0.558445] ACPI: AC Adapter [AC] (on-line)
[    0.558522] input: Power Button as /devices/LNXSYSTM:00/LNXPWRBN:00/input/input0
[    0.558562] ACPI: Power Button [PWRF]
[    0.558673] input: Sleep Button as /devices/LNXSYSTM:00/LNXSLPBN:00/input/input1
[    0.558695] ACPI: Sleep Button [SLPF]
[    0.559017] Serial: 8250/16550 driver, 32 ports, IRQ sharing enabled
[    0.560797] Linux agpgart interface v0.103
[    0.655300] loop: module loaded
[    0.655515] ata_piix 0000:00:01.1: version 2.13
[    0.656081] scsi host0: ata_piix
[    0.656207] scsi host1: ata_piix
[    0.656244] ata1: PATA max UDMA/33 cmd 0x1f0 ctl 0x3f6 bmdma 0xd000 irq 14
[    0.656245] ata2: PATA max UDMA/33 cmd 0x170 ctl 0x376 bmdma 0xd008 irq 15
[    0.656374] tun: Universal TUN/TAP device driver, 1.6
[    0.656761] PPP generic driver version 2.4.2
[    0.656823] VFIO - User Level meta-driver version: 0.3
[    0.657129] ehci_hcd: USB 2.0 'Enhanced' Host Controller (EHCI) Driver
[    0.657136] ehci-pci: EHCI PCI platform driver
[    0.657156] ehci-platform: EHCI generic platform driver
[    0.657163] ohci_hcd: USB 1.1 'Open' Host Controller (OHCI) Driver
[    0.657166] ohci-pci: OHCI PCI platform driver
[    0.657175] ohci-platform: OHCI generic platform driver
[    0.657181] uhci_hcd: USB Universal Host Controller Interface driver
[    0.657255] i8042: PNP: PS/2 Controller [PNP0303:PS2K,PNP0f03:PS2M] at 0x60,0x64 irq 1,12
[    0.657702] serio: i8042 KBD port at 0x60,0x64 irq 1
[    0.657707] serio: i8042 AUX port at 0x60,0x64 irq 12
[    0.657803] mousedev: PS/2 mouse device common for all mice
[    0.658065] input: AT Translated Set 2 keyboard as /devices/platform/i8042/serio0/input/input2
[    0.658539] rtc_cmos rtc_cmos: registered as rtc0
[    0.658553] rtc_cmos rtc_cmos: alarms up to one day, 114 bytes nvram
[    0.658559] i2c /dev entries driver
[    0.658605] device-mapper: uevent: version 1.0.3
[    0.658651] device-mapper: ioctl: 4.41.0-ioctl (2019-09-16) initialised: dm-devel@redhat.com
[    0.658666] platform eisa.0: Probing EISA bus 0
[    0.658668] platform eisa.0: EISA: Cannot allocate resource for mainboard
[    0.658669] platform eisa.0: Cannot allocate resource for EISA slot 1
[    0.658670] platform eisa.0: Cannot allocate resource for EISA slot 2
[    0.658671] platform eisa.0: Cannot allocate resource for EISA slot 3
[    0.658672] platform eisa.0: Cannot allocate resource for EISA slot 4
[    0.658673] platform eisa.0: Cannot allocate resource for EISA slot 5
[    0.658674] platform eisa.0: Cannot allocate resource for EISA slot 6
[    0.658675] platform eisa.0: Cannot allocate resource for EISA slot 7
[    0.658676] platform eisa.0: Cannot allocate resource for EISA slot 8
[    0.658677] platform eisa.0: EISA: Detected 0 cards
[    0.658680] intel_pstate: CPU model not supported
[    0.658690] ledtrig-cpu: registered to indicate activity on CPUs
[    0.658744] drop_monitor: Initializing network drop monitor service
[    0.658903] NET: Registered protocol family 10
[    0.663512] Segment Routing with IPv6
[    0.663512] fullmesh registered
[    0.663512] ndiffports registered
[    0.663512] binder registered
[    0.663512] roundrobin registered
[    0.663512] redundant registered
[    0.663512] blest registered
[    0.663512] ecf registered
[    0.663512] NET: Registered protocol family 17
[    0.663512] Key type dns_resolver registered
[    0.663512] RAS: Correctable Errors collector initialized.
[    0.663512] IPI shorthand broadcast: enabled
[    0.663512] sched_clock: Marking stable (648305440, 11207554)->(662003872, -2490878)
[    0.664547] registered taskstats version 1
[    0.664556] Loading compiled-in X.509 certificates
[    0.665146] Loaded X.509 cert 'Build time autogenerated kernel key: 6909f3744cebb3d0de528d5887b96a727de79b1e'
[    0.665163] zswap: loaded using pool lzo/zbud
[    0.665217] Key type ._fscrypt registered
[    0.665218] Key type .fscrypt registered
[    0.669863] Key type big_key registered
[    0.672067] Key type encrypted registered
[    0.672069] AppArmor: AppArmor sha1 policy hashing enabled
[    0.672077] ima: No TPM chip found, activating TPM-bypass!
[    0.672082] ima: Allocated hash algorithm: sha1
[    0.672086] ima: No architecture policies found
[    0.672096] evm: Initialising EVM extended attributes:
[    0.672096] evm: security.selinux
[    0.672097] evm: security.SMACK64
[    0.672097] evm: security.SMACK64EXEC
[    0.672098] evm: security.SMACK64TRANSMUTE
[    0.672098] evm: security.SMACK64MMAP
[    0.672098] evm: security.apparmor
[    0.672099] evm: security.ima
[    0.672100] evm: security.capability
[    0.672100] evm: HMAC attrs: 0x1
[    0.672416] PM:   Magic number: 10:724:291
[    0.672438] tty tty24: hash matches
[    0.672524] rtc_cmos rtc_cmos: setting system clock to 2026-01-15T18:17:11 UTC (1768501031)
[    0.827516] ata1.00: ATA-6: VBOX HARDDISK, 1.0, max UDMA/133
[    0.827518] ata1.00: 209715200 sectors, multi 128: LBA 
[    0.828011] scsi 0:0:0:0: Direct-Access     ATA      VBOX HARDDISK    1.0  PQ: 0 ANSI: 5
[    0.828243] sd 0:0:0:0: [sda] 209715200 512-byte logical blocks: (107 GB/100 GiB)
[    0.828253] sd 0:0:0:0: [sda] Write Protect is off
[    0.828255] sd 0:0:0:0: [sda] Mode Sense: 00 3a 00 00
[    0.828280] sd 0:0:0:0: [sda] Write cache: enabled, read cache: enabled, doesn't support DPO or FUA
[    0.828530] sd 0:0:0:0: Attached scsi generic sg0 type 0
[    0.829390]  sda: sda1 sda2
[    0.839425] sd 0:0:0:0: [sda] Attached SCSI disk
[    0.842424] Freeing unused decrypted memory: 2040K
[    0.843588] Freeing unused kernel image memory: 2728K
[    0.843591] Write protecting the kernel read-only data: 22528k
[    0.844717] Freeing unused kernel image memory: 2036K
[    0.845368] Freeing unused kernel image memory: 1432K
[    0.866979] x86/mm: Checked W+X mappings: passed, no W+X pages found.
[    0.866983] Run /init as init process
[    1.006759] ACPI: Video Device [GFX0] (multi-head: yes  rom: no  post: no)
[    1.006859] input: Video Bus as /devices/LNXSYSTM:00/LNXSYBUS:00/PNP0A03:00/LNXVIDEO:00/input/input4
[    1.023340] pcnet32: pcnet32.c:v1.35 21.Apr.2008 tsbogend@alpha.franken.de
[    1.025768] piix4_smbus 0000:00:07.0: SMBus Host Controller at 0x4100, revision 0
[    1.029569] e1000: Intel(R) PRO/1000 Network Driver - version 7.3.21-k8-NAPI
[    1.029570] e1000: Copyright (c) 1999-2006 Intel Corporation.
[    1.037566] pcnet32: PCnet/FAST III 79C973 at 0xd020, 08:00:27:ec:0b:21 assigned IRQ 19
[    1.037617] pcnet32: Found PHY 0022:561b at address 0
[    1.037936] pcnet32: eth0: registered as PCnet/FAST III 79C973
[    1.051309] pcnet32: 1 cards_found
[    1.109482] pcnet32 0000:00:03.0 enp0s3: renamed from eth0
[    1.256899] input: ImExPS/2 Generic Explorer Mouse as /devices/platform/i8042/serio1/input/input5
[    1.457156] e1000 0000:00:08.0 eth0: (PCI:33MHz:32-bit) 08:00:27:9f:28:7a
[    1.457161] e1000 0000:00:08.0 eth0: Intel(R) PRO/1000 Network Connection
[    1.849516] e1000 0000:00:09.0 eth1: (PCI:33MHz:32-bit) 08:00:27:f9:73:32
[    1.849519] e1000 0000:00:09.0 eth1: Intel(R) PRO/1000 Network Connection
[    1.851017] e1000 0000:00:08.0 enp0s8: renamed from eth0
[    1.853501] e1000 0000:00:09.0 enp0s9: renamed from eth1
[    2.025826] EXT4-fs (sda2): mounted filesystem with ordered data mode. Opts: (null)
[    2.134263] systemd[1]: Inserted module 'autofs4'
[    2.145030] systemd[1]: systemd 245.4-4ubuntu3 running in system mode. (+PAM +AUDIT +SELINUX +IMA +APPARMOR +SMACK +SYSVINIT +UTMP +LIBCRYPTSETUP +GCRYPT +GNUTLS +ACL +XZ +LZ4 +SECCOMP +BLKID +ELFUTILS +KMOD +IDN2 -IDN +PCRE2 default-hierarchy=hybrid)
[    2.145061] systemd[1]: Detected virtualization oracle.
[    2.145064] systemd[1]: Detected architecture x86-64.
[    2.146349] systemd[1]: Set hostname to <ztg>.
[    2.270533] systemd[1]: /lib/systemd/system/dbus.socket:5: ListenStream= references a path below legacy directory /var/run/, updating /var/run/dbus/system_bus_socket â†’ /run/dbus/system_bus_socket; please update the unit file accordingly.
[    2.323473] systemd[1]: Created slice system-modprobe.slice.
[    2.323657] systemd[1]: Created slice User and Session Slice.
[    2.323702] systemd[1]: Started Forward Password Requests to Wall Directory Watch.
[    2.323863] systemd[1]: Set up automount Arbitrary Executable File Formats File System Automount Point.
[    2.323895] systemd[1]: Reached target User and Group Name Lookups.
[    2.323903] systemd[1]: Reached target Remote File Systems.
[    2.323912] systemd[1]: Reached target Slices.
[    2.324441] systemd[1]: Listening on Syslog Socket.
[    2.324508] systemd[1]: Listening on fsck to fsckd communication Socket.
[    2.324546] systemd[1]: Listening on initctl Compatibility Named Pipe.
[    2.324681] systemd[1]: Listening on Journal Audit Socket.
[    2.324731] systemd[1]: Listening on Journal Socket (/dev/log).
[    2.324800] systemd[1]: Listening on Journal Socket.
[    2.324861] systemd[1]: Listening on udev Control Socket.
[    2.324899] systemd[1]: Listening on udev Kernel Socket.
[    2.325642] systemd[1]: Mounting Huge Pages File System...
[    2.326557] systemd[1]: Mounting POSIX Message Queue File System...
[    2.327445] systemd[1]: Mounting Kernel Debug File System...
[    2.328253] systemd[1]: Mounting Kernel Trace File System...
[    2.330448] systemd[1]: Starting Journal Service...
[    2.355972] systemd[1]: Starting Set the console keyboard layout...
[    2.364028] systemd[1]: Starting Create list of static device nodes for the current kernel...
[    2.365860] systemd[1]: Starting Load Kernel Module drm...
[    2.366880] systemd[1]: Condition check resulted in Set Up Additional Binary Formats being skipped.
[    2.366925] systemd[1]: Condition check resulted in File System Check on Root Device being skipped.
[    2.377780] systemd[1]: Starting Load Kernel Modules...
[    2.382979] systemd[1]: Starting Remount Root and Kernel File Systems...
[    2.397924] systemd[1]: Starting udev Coldplug all Devices...
[    2.406245] systemd[1]: Starting Uncomplicated firewall...
[    2.407810] systemd[1]: Mounted Huge Pages File System.
[    2.407900] systemd[1]: Mounted POSIX Message Queue File System.
[    2.407984] systemd[1]: Mounted Kernel Debug File System.
[    2.408066] systemd[1]: Mounted Kernel Trace File System.
[    2.426566] EXT4-fs (sda2): re-mounted. Opts: errors=remount-ro
[    2.431751] systemd[1]: Finished Create list of static device nodes for the current kernel.
[    2.432795] systemd[1]: modprobe@drm.service: Succeeded.
[    2.438979] systemd[1]: Finished Load Kernel Module drm.
[    2.440184] systemd[1]: Finished Remount Root and Kernel File Systems.
[    2.455397] systemd[1]: Finished Uncomplicated firewall.
[    2.471945] lp: driver loaded but no devices found
[    2.474212] systemd[1]: Condition check resulted in Rebuild Hardware Database being skipped.
[    2.474249] systemd[1]: Condition check resulted in Platform Persistent Storage Archival being skipped.
[    2.474919] systemd[1]: Starting Load/Save Random Seed...
[    2.480962] systemd[1]: Starting Create System Users...
[    2.486264] ppdev: user-space parallel port driver
[    2.495903] systemd[1]: Finished Load/Save Random Seed.
[    2.500004] systemd[1]: Finished Create System Users.
[    2.500714] systemd[1]: Starting Create Static Device Nodes in /dev...
[    2.517359] systemd[1]: Finished udev Coldplug all Devices.
[    2.565629] systemd[1]: Finished Create Static Device Nodes in /dev.
[    2.566549] systemd[1]: Starting udev Kernel Device Manager...
[    2.592566] [drm] DMA map mode: Caching DMA mappings.
[    2.592630] [drm] Capabilities:
[    2.592630] [drm]   Rect copy.
[    2.592631] [drm]   Cursor.
[    2.592631] [drm]   Cursor bypass.
[    2.592631] [drm]   Cursor bypass 2.
[    2.592632] [drm]   Alpha cursor.
[    2.592632] [drm]   Extended Fifo.
[    2.592632] [drm]   Pitchlock.
[    2.592633] [drm]   Irq mask.
[    2.592633] [drm]   GMR.
[    2.592633] [drm]   Traces.
[    2.592634] [drm]   GMR2.
[    2.592634] [drm]   Screen Object 2.
[    2.592634] [drm]   Command Buffers.
[    2.592635] [drm]   Command Buffers 2.
[    2.592635] [drm]   Guest Backed Resources.
[    2.592636] [drm] Max GMR ids is 8192
[    2.592637] [drm] Max number of GMR pages is 1048576
[    2.592637] [drm] Max dedicated hypervisor surface memory is 393216 kiB
[    2.592638] [drm] Maximum display memory size is 131072 kiB
[    2.592638] [drm] VRAM at 0xe0000000 size is 131072 kiB
[    2.592639] [drm] MMIO at 0xf0000000 size is 2048 kiB
[    2.599998] [TTM] Zone  kernel: Available graphics memory: 1011738 KiB
[    2.599998] [TTM] Initializing pool allocator
[    2.600002] [TTM] Initializing DMA pool allocator
[    2.600033] [drm] Supports vblank timestamp caching Rev 2 (21.10.2013).
[    2.600033] [drm] No driver support for vblank timestamp query.
[    2.600286] [drm] Screen Target Display device initialized
[    2.600534] [drm] width 720
[    2.600543] [drm] height 400
[    2.600547] [drm] bpp 32
[    2.601092] [drm] Fifo max 0x00200000 min 0x00001000 cap 0x00000355
[    2.602231] [drm] Using command buffers with DMA pool.
[    2.602235] [drm] DX: no.
[    2.602236] [drm] Atomic: yes.
[    2.602236] [drm] SM4_1: no.
[    2.602258] [drm:vmw_host_log [vmwgfx]] *ERROR* Failed to send host log message.
[    2.603204] [drm:vmw_host_log [vmwgfx]] *ERROR* Failed to send host log message.
[    2.614053] systemd[1]: Finished Set the console keyboard layout.
[    2.614156] systemd[1]: Reached target Local File Systems (Pre).
[    2.616206] systemd[1]: Mounting Mount unit for bare, revision 5...
[    2.619416] systemd[1]: Mounting Mount unit for core18, revision 1705...
[    2.619633] fbcon: svgadrmfb (fb0) is primary device
[    2.621798] Console: switching to colour frame buffer device 100x37
[    2.631722] [drm] Initialized vmwgfx 2.15.0 20180704 for 0000:00:02.0 on minor 0
[    2.640394] systemd[1]: Mounting Mount unit for gnome-3-34-1804, revision 24...
[    2.647956] systemd[1]: Mounting Mount unit for gtk-common-themes, revision 1506...
[    2.681625] systemd[1]: Mounting Mount unit for gtk-common-themes, revision 1535...
[    2.683875] systemd[1]: Mounting Mount unit for snap-store, revision 433...
[    2.701518] systemd[1]: Mounting Mount unit for snapd, revision 25935...
[    2.712924] systemd[1]: Finished Load Kernel Modules.
[    2.713643] systemd[1]: Mounted Mount unit for bare, revision 5.
[    2.713732] systemd[1]: Mounted Mount unit for core18, revision 1705.
[    2.713811] systemd[1]: Mounted Mount unit for gnome-3-34-1804, revision 24.
[    2.731493] systemd[1]: Mounting FUSE Control File System...
[    2.732425] systemd[1]: Mounting Kernel Configuration File System...
[    2.733229] systemd[1]: Starting Apply Kernel Variables...
[    2.756657] systemd[1]: Mounted Mount unit for gtk-common-themes, revision 1506.
[    2.756754] systemd[1]: Mounted FUSE Control File System.
[    2.756827] systemd[1]: Mounted Kernel Configuration File System.
[    2.756877] systemd[1]: Condition check resulted in VMware vmblock fuse mount being skipped.
[    2.765272] systemd[1]: Finished Apply Kernel Variables.
[    2.788462] systemd[1]: Mounted Mount unit for gtk-common-themes, revision 1535.
[    2.788557] systemd[1]: Mounted Mount unit for snap-store, revision 433.
[    2.788634] systemd[1]: Mounted Mount unit for snapd, revision 25935.
[    2.788683] systemd[1]: Reached target Local File Systems.
[    2.791944] systemd[1]: Starting Load AppArmor profiles...
[    2.798418] systemd[1]: Starting Set console font and keymap...
[    2.808378] systemd[1]: Starting Tell Plymouth To Write Out Runtime Data...
[    2.808428] systemd[1]: Condition check resulted in Store a System Token in an EFI Variable being skipped.
[    2.808478] systemd[1]: Condition check resulted in Commit a transient machine-id on disk being skipped.
[    2.808658] systemd[1]: Started udev Kernel Device Manager.
[    2.820514] systemd[1]: Starting Show Plymouth Boot Screen...
[    2.822417] systemd[1]: Finished Set console font and keymap.
[    2.823046] systemd[1]: Received SIGRTMIN+20 from PID 289 (plymouthd).
[    2.830100] systemd[1]: plymouth-read-write.service: Succeeded.
[    2.830354] systemd[1]: Finished Tell Plymouth To Write Out Runtime Data.
[    2.834864] systemd[1]: Started Show Plymouth Boot Screen.
[    2.834999] systemd[1]: Condition check resulted in Dispatch Password Requests to Console Directory Watch being skipped.
[    2.835081] systemd[1]: Started Forward Password Requests to Plymouth Directory Watch.
[    2.835112] systemd[1]: Reached target Local Encrypted Volumes.
[    2.852756] audit: type=1400 audit(1768501033.676:2): apparmor="STATUS" operation="profile_load" profile="unconfined" name="nvidia_modprobe" pid=294 comm="apparmor_parser"
[    2.852758] audit: type=1400 audit(1768501033.676:3): apparmor="STATUS" operation="profile_load" profile="unconfined" name="nvidia_modprobe//kmod" pid=294 comm="apparmor_parser"
[    2.880962] audit: type=1400 audit(1768501033.704:4): apparmor="STATUS" operation="profile_load" profile="unconfined" name="/usr/sbin/tcpdump" pid=295 comm="apparmor_parser"
[    2.906115] audit: type=1400 audit(1768501033.720:5): apparmor="STATUS" operation="profile_load" profile="unconfined" name="/usr/bin/evince" pid=303 comm="apparmor_parser"
[    2.906117] audit: type=1400 audit(1768501033.720:6): apparmor="STATUS" operation="profile_load" profile="unconfined" name="/usr/bin/evince//sanitized_helper" pid=303 comm="apparmor_parser"
[    2.906119] audit: type=1400 audit(1768501033.720:7): apparmor="STATUS" operation="profile_load" profile="unconfined" name="/usr/bin/evince-previewer" pid=303 comm="apparmor_parser"
[    2.906121] audit: type=1400 audit(1768501033.720:8): apparmor="STATUS" operation="profile_load" profile="unconfined" name="/usr/bin/evince-previewer//sanitized_helper" pid=303 comm="apparmor_parser"
[    2.906122] audit: type=1400 audit(1768501033.720:9): apparmor="STATUS" operation="profile_load" profile="unconfined" name="/usr/bin/evince-thumbnailer" pid=303 comm="apparmor_parser"
[    2.938139] audit: type=1400 audit(1768501033.760:10): apparmor="STATUS" operation="profile_load" profile="unconfined" name="/usr/lib/cups/backend/cups-pdf" pid=304 comm="apparmor_parser"
[    3.015598] systemd[1]: Finished Load AppArmor profiles.
[    3.016795] systemd[1]: Starting Load AppArmor profiles managed internally by snapd...
[    3.126106] systemd[1]: Finished Load AppArmor profiles managed internally by snapd.
[    3.329191] systemd[1]: Started Journal Service.
[    3.337025] systemd-journald[229]: Received client request to flush runtime journal.
[    3.340247] systemd-journald[229]: File /var/log/journal/c455b248004a419c87ce85eea238d727/system.journal corrupted or uncleanly shut down, renaming and replacing.
[    4.554949] RAPL PMU: API unit is 2^-32 Joules, 0 fixed counters, 10737418240 ms ovfl timer
[    4.602881] cryptd: max_cpu_qlen set to 1000
[    4.646317] AVX2 version of gcm_enc/dec engaged.
[    4.646318] AES CTR mode by8 optimization enabled
[    6.539357] Adding 1998844k swap on /dev/sda1.  Priority:-2 extents:1 across:1998844k FS
[    7.766922] kauditd_printk_skb: 30 callbacks suppressed
[    7.766924] audit: type=1400 audit(1768501038.588:41): apparmor="DENIED" operation="capable" profile="/usr/sbin/cups-browsed" pid=510 comm="cups-browsed" capability=23  capname="sys_nice"
[    9.008633] pcnet32 0000:00:03.0 enp0s3: link up, 100Mbps, full-duplex
[    9.053827] e1000: enp0s8 NIC Link is Up 1000 Mbps Full Duplex, Flow Control: RX
[    9.054125] IPv6: ADDRCONF(NETDEV_CHANGE): enp0s8: link becomes ready
[    9.079040] e1000: enp0s9 NIC Link is Up 1000 Mbps Full Duplex, Flow Control: RX
[    9.079358] IPv6: ADDRCONF(NETDEV_CHANGE): enp0s9: link becomes ready
[    9.729994] device enp0s3 entered promiscuous mode
[    9.754861] audit: type=1400 audit(1768501040.572:42): apparmor="DENIED" operation="open" profile="/usr/sbin/tcpdump" name="/proc/sys/kernel/random/boot_id" pid=637 comm="tcpdump" requested_mask="r" denied_mask="r" fsuid=0 ouid=0
[    9.755046] audit: type=1400 audit(1768501040.572:43): apparmor="DENIED" operation="open" profile="/usr/sbin/tcpdump" name="/proc/sys/kernel/random/boot_id" pid=637 comm="tcpdump" requested_mask="r" denied_mask="r" fsuid=0 ouid=0
[    9.755453] audit: type=1400 audit(1768501040.572:44): apparmor="DENIED" operation="open" profile="/usr/sbin/tcpdump" name="/proc/sys/kernel/random/boot_id" pid=637 comm="tcpdump" requested_mask="r" denied_mask="r" fsuid=0 ouid=0
[    9.755562] audit: type=1400 audit(1768501040.572:45): apparmor="DENIED" operation="open" profile="/usr/sbin/tcpdump" name="/proc/sys/kernel/random/boot_id" pid=637 comm="tcpdump" requested_mask="r" denied_mask="r" fsuid=0 ouid=0
[    9.760576] audit: type=1400 audit(1768501040.584:46): apparmor="DENIED" operation="open" profile="/usr/sbin/tcpdump" name="/proc/sys/kernel/random/boot_id" pid=638 comm="tcpdump" requested_mask="r" denied_mask="r" fsuid=0 ouid=0
[    9.760729] audit: type=1400 audit(1768501040.584:47): apparmor="DENIED" operation="open" profile="/usr/sbin/tcpdump" name="/proc/sys/kernel/random/boot_id" pid=638 comm="tcpdump" requested_mask="r" denied_mask="r" fsuid=0 ouid=0
[    9.760810] audit: type=1400 audit(1768501040.584:48): apparmor="DENIED" operation="open" profile="/usr/sbin/tcpdump" name="/proc/sys/kernel/random/boot_id" pid=638 comm="tcpdump" requested_mask="r" denied_mask="r" fsuid=0 ouid=0
[    9.760903] audit: type=1400 audit(1768501040.584:49): apparmor="DENIED" operation="open" profile="/usr/sbin/tcpdump" name="/proc/sys/kernel/random/boot_id" pid=638 comm="tcpdump" requested_mask="r" denied_mask="r" fsuid=0 ouid=0
[   15.527559] rfkill: input handler disabled
[  146.386985] AAAAA-TCP_FORW: name:enp0s3: saddr:33561200: daddr:100932208
[  146.583456] AAAAA-TCP_FORW: name:enp0s3: saddr:100932208: daddr:33561200
[  146.627352] AAAAA-TCP_FORW: name:enp0s3: saddr:100932208: daddr:16783984
[  146.639943] AAAAA-TCP_FORW: name:enp0s3: saddr:16783984: daddr:100932208
[  146.746485] AAAAA-TCP_FORW: name:enp0s3: saddr:100932208: daddr:16783984
[  146.816509] AAAAA-TCP_FORW: name:enp0s3: saddr:100932208: daddr:16783984
[  146.850599] AAAAA-TCP_FORW: name:enp0s3: saddr:100932208: daddr:16783984
[  146.887497] AAAAA-TCP_FORW: name:enp0s3: saddr:100932208: daddr:16783984
[  146.951834] AAAAA-TCP_FORW: name:enp0s3: saddr:100932208: daddr:16783984
[  147.018284] AAAAA-TCP_FORW: name:enp0s3: saddr:100932208: daddr:16783984
[  147.024085] AAAAA-TCP_FORW: name:enp0s3: saddr:16783984: daddr:100932208
[  147.070051] AAAAA-TCP_FORW: name:enp0s3: saddr:100932208: daddr:33561200
[  147.170037] AAAAA-TCP_FORW: name:enp0s3: saddr:100932208: daddr:16783984
[  147.233133] AAAAA-TCP_FORW: name:enp0s3: saddr:100932208: daddr:16783984
[  147.312070] AAAAA-TCP_FORW: name:enp0s3: saddr:33561200: daddr:100932208
[  147.580307] AAAAA-TCP_FORW: name:enp0s3: saddr:100932208: daddr:16783984
[  147.670682] AAAAA-TCP_FORW: name:enp0s3: saddr:16783984: daddr:100932208
[  147.845452] AAAAA-TCP_FORW: name:enp0s3: saddr:100932208: daddr:33561200
[  148.020047] AAAAA-TCP_FORW: name:enp0s3: saddr:100932208: daddr:16783984
[  148.062960] AAAAA-TCP_FORW: name:enp0s3: saddr:100932208: daddr:16783984
[  148.383283] AAAAA-TCP_FORW: name:enp0s3: saddr:16783984: daddr:100932208
[  148.408999] AAAAA-TCP_FORW: name:enp0s3: saddr:16783984: daddr:100932208
[  148.424302] AAAAA-TCP_FORW: name:enp0s3: saddr:100932208: daddr:16783984
[  148.479813] AAAAA-TCP_FORW: name:enp0s3: saddr:100932208: daddr:16783984
[  148.486493] AAAAA-TCP_FORW: name:enp0s3: saddr:33561200: daddr:100932208
[  148.566859] AAAAA-TCP_FORW: name:enp0s3: saddr:16783984: daddr:100932208
[  148.578173] AAAAA-TCP_FORW: name:enp0s3: saddr:100932208: daddr:16783984
[  148.617958] AAAAA-TCP_FORW: name:enp0s3: saddr:100932208: daddr:16783984
[  148.633485] AAAAA-TCP_FORW: name:enp0s3: saddr:16783984: daddr:100932208
[  148.686896] AAAAA-TCP_FORW: name:enp0s3: saddr:16783984: daddr:100932208
[  148.764198] AAAAA-TCP_FORW: name:enp0s3: saddr:100932208: daddr:33561200
[  148.778488] AAAAA-TCP_FORW: name:enp0s3: saddr:16783984: daddr:100932208
[  148.813226] AAAAA-TCP_FORW: name:enp0s3: saddr:100932208: daddr:16783984
[  148.889835] AAAAA-TCP_FORW: name:enp0s3: saddr:100932208: daddr:16783984
[  149.105206] AAAAA-TCP_FORW: name:enp0s3: saddr:33561200: daddr:100932208
[  149.252618] AAAAA-TCP_FORW: name:enp0s3: saddr:16783984: daddr:100932208
[  149.335714] AAAAA-TCP_FORW: name:enp0s3: saddr:16783984: daddr:100932208
[  149.457281] AAAAA-TCP_FORW: name:enp0s3: saddr:16783984: daddr:100932208
[  149.701888] AAAAA-TCP_FORW: name:enp0s3: saddr:33561200: daddr:100932208
[  149.740415] AAAAA-TCP_FORW: name:enp0s3: saddr:16783984: daddr:100932208
[  149.812312] AAAAA-TCP_FORW: name:enp0s3: saddr:16783984: daddr:100932208
[  149.875813] AAAAA-TCP_FORW: name:enp0s3: saddr:16783984: daddr:100932208
[  150.228428] AAAAA-TCP_FORW: name:enp0s3: saddr:33561200: daddr:100932208
[  150.255235] AAAAA-TCP_FORW: name:enp0s3: saddr:16783984: daddr:100932208
[  150.400012] AAAAA-TCP_FORW: name:enp0s3: saddr:16783984: daddr:100932208
[  150.464707] AAAAA-TCP_FORW: name:enp0s3: saddr:16783984: daddr:100932208
[  150.526037] AAAAA-TCP_FORW: name:enp0s3: saddr:16783984: daddr:100932208
[  150.562554] AAAAA-TCP_FORW: name:enp0s3: saddr:16783984: daddr:100932208
[  150.591341] AAAAA-TCP_FORW: name:enp0s3: saddr:16783984: daddr:100932208
[  150.623058] AAAAA-TCP_FORW: name:enp0s3: saddr:33561200: daddr:100932208
[  150.661559] AAAAA-TCP_FORW: name:enp0s3: saddr:16783984: daddr:100932208
[  150.732053] AAAAA-TCP_FORW: name:enp0s3: saddr:16783984: daddr:100932208
[  150.746842] AAAAA-TCP_FORW: name:enp0s3: saddr:16783984: daddr:100932208
[  150.776872] AAAAA-TCP_FORW: name:enp0s3: saddr:16783984: daddr:100932208
[  150.831431] AAAAA-TCP_FORW: name:enp0s3: saddr:16783984: daddr:100932208
[  186.763621] AAAAA-TCP_FORW: name:enp0s3: saddr:16783984: daddr:100932208
[  187.022832] AAAAA-TCP_FORW: name:enp0s3: saddr:16783984: daddr:100932208
[  187.659857] AAAAA-TCP_FORW: name:enp0s3: saddr:16783984: daddr:100932208
[  188.296663] AAAAA-TCP_FORW: name:enp0s3: saddr:16783984: daddr:100932208
[  188.569060] AAAAA-TCP_FORW: name:enp0s3: saddr:16783984: daddr:100932208
[  191.824637] AAAAA-TCP_FORW: name:enp0s3: saddr:33561200: daddr:100932208
[  192.063641] AAAAA-TCP_FORW: name:enp0s3: saddr:33561200: daddr:100932208
[  192.138832] AAAAA-TCP_FORW: name:enp0s3: saddr:16783984: daddr:100932208
[  192.236602] AAAAA-TCP_FORW: name:enp0s3: saddr:33561200: daddr:100932208
[  192.373644] AAAAA-TCP_FORW: name:enp0s3: saddr:33561200: daddr:100932208
[  192.477527] AAAAA-TCP_FORW: name:enp0s3: saddr:33561200: daddr:100932208
[  192.591141] AAAAA-TCP_FORW: name:enp0s3: saddr:33561200: daddr:100932208
[  194.958935] AAAAA-TCP_FORW: name:enp0s3: saddr:16783984: daddr:100932208
[  195.553906] AAAAA-TCP_FORW: name:enp0s3: saddr:16783984: daddr:100932208
[  196.010075] AAAAA-TCP_FORW: name:enp0s3: saddr:16783984: daddr:100932208
[  196.735984] AAAAA-TCP_FORW: name:enp0s3: saddr:16783984: daddr:100932208
[  196.860132] AAAAA-TCP_FORW: name:enp0s3: saddr:16783984: daddr:100932208
[  197.111491] AAAAA-TCP_FORW: name:enp0s3: saddr:16783984: daddr:100932208
[  197.376389] AAAAA-TCP_FORW: name:enp0s3: saddr:33561200: daddr:100932208
[  197.508220] AAAAA-TCP_FORW: name:enp0s3: saddr:16783984: daddr:100932208
[  197.971497] AAAAA-TCP_FORW: name:enp0s3: saddr:16783984: daddr:100932208
[  198.157916] AAAAA-TCP_FORW: name:enp0s3: saddr:16783984: daddr:100932208
[  198.353365] AAAAA-TCP_FORW: name:enp0s3: saddr:16783984: daddr:100932208
[  198.628223] AAAAA-TCP_FORW: name:enp0s3: saddr:16783984: daddr:100932208
[  198.874968] AAAAA-TCP_FORW: name:enp0s3: saddr:16783984: daddr:100932208
[  199.348299] AAAAA-TCP_FORW: name:enp0s3: saddr:16783984: daddr:100932208
[  525.867738] rfkill: input handler enabled
[  534.862206] rfkill: input handler disabled
[  760.033519] device enp0s3 left promiscuous mode
