[    0.000000] Linux version 5.4.243-mptcp (root@ztg) (gcc version 12.2.0 (Debian 12.2.0-14+deb12u1)) #53 SMP Wed Dec 24 23:28:15 CST 2025
[    0.000000] Command line: BOOT_IMAGE=/boot/vmlinuz-5.4.243-mptcp root=UUID=98415a12-53b7-4144-8265-0f7ece09e445 ro quiet splash
[    0.000000] KERNEL supported cpus:
[    0.000000]   Intel GenuineIntel
[    0.000000]   AMD AuthenticAMD
[    0.000000]   Hygon HygonGenuine
[    0.000000]   Centaur CentaurHauls
[    0.000000]   zhaoxin   Shanghai  
[    0.000000] x86/fpu: Supporting XSAVE feature 0x001: 'x87 floating point registers'
[    0.000000] x86/fpu: Supporting XSAVE feature 0x002: 'SSE registers'
[    0.000000] x86/fpu: Supporting XSAVE feature 0x004: 'AVX registers'
[    0.000000] x86/fpu: xstate_offset[2]:  576, xstate_sizes[2]:  256
[    0.000000] x86/fpu: Enabled xstate features 0x7, context size is 832 bytes, using 'standard' format.
[    0.000000] BIOS-provided physical RAM map:
[    0.000000] BIOS-e820: [mem 0x0000000000000000-0x000000000009fbff] usable
[    0.000000] BIOS-e820: [mem 0x000000000009fc00-0x000000000009ffff] reserved
[    0.000000] BIOS-e820: [mem 0x00000000000f0000-0x00000000000fffff] reserved
[    0.000000] BIOS-e820: [mem 0x0000000000100000-0x000000007ffeffff] usable
[    0.000000] BIOS-e820: [mem 0x000000007fff0000-0x000000007fffffff] ACPI data
[    0.000000] BIOS-e820: [mem 0x00000000fec00000-0x00000000fec00fff] reserved
[    0.000000] BIOS-e820: [mem 0x00000000fee00000-0x00000000fee00fff] reserved
[    0.000000] BIOS-e820: [mem 0x00000000fffc0000-0x00000000ffffffff] reserved
[    0.000000] NX (Execute Disable) protection: active
[    0.000000] SMBIOS 2.5 present.
[    0.000000] DMI: innotek GmbH VirtualBox/VirtualBox, BIOS VirtualBox 12/01/2006
[    0.000000] Hypervisor detected: KVM
[    0.000000] kvm-clock: Using msrs 4b564d01 and 4b564d00
[    0.000000] kvm-clock: cpu 0, msr 3c001001, primary cpu clock
[    0.000000] kvm-clock: using sched offset of 4446880213 cycles
[    0.000003] clocksource: kvm-clock: mask: 0xffffffffffffffff max_cycles: 0x1cd42e4dffb, max_idle_ns: 881590591483 ns
[    0.000006] tsc: Detected 2100.000 MHz processor
[    0.001898] e820: update [mem 0x00000000-0x00000fff] usable ==> reserved
[    0.001900] e820: remove [mem 0x000a0000-0x000fffff] usable
[    0.001904] last_pfn = 0x7fff0 max_arch_pfn = 0x400000000
[    0.001973] MTRR default type: uncachable
[    0.001974] MTRR fixed ranges enabled:
[    0.001976]   00000-9FFFF write-back
[    0.001976]   A0000-BFFFF uncachable
[    0.001977]   C0000-FFFFF write-protect
[    0.001978] MTRR variable ranges enabled:
[    0.001980]   0 base 000000000000 mask 3FFF80000000 write-back
[    0.001980]   1 disabled
[    0.001981]   2 disabled
[    0.001981]   3 disabled
[    0.001982]   4 disabled
[    0.001982]   5 disabled
[    0.001982]   6 disabled
[    0.001983]   7 disabled
[    0.001983]   8 disabled
[    0.001984]   9 disabled
[    0.001984]   10 disabled
[    0.001984]   11 disabled
[    0.001985]   12 disabled
[    0.001985]   13 disabled
[    0.001986]   14 disabled
[    0.001986]   15 disabled
[    0.002002] x86/PAT: Configuration [0-7]: WB  WC  UC- UC  WB  WP  UC- WT  
[    0.002137] found SMP MP-table at [mem 0x0009fff0-0x0009ffff]
[    0.093435] check: Scanning 1 areas for low memory corruption
[    0.093658] RAMDISK: [mem 0x32271000-0x3512ffff]
[    0.093666] ACPI: Early table checksum verification disabled
[    0.093671] ACPI: RSDP 0x00000000000E0000 000024 (v02 VBOX  )
[    0.093676] ACPI: XSDT 0x000000007FFF0030 00003C (v01 VBOX   VBOXXSDT 00000001 ASL  00000061)
[    0.093682] ACPI: FACP 0x000000007FFF00F0 0000F4 (v04 VBOX   VBOXFACP 00000001 ASL  00000061)
[    0.093688] ACPI: DSDT 0x000000007FFF02E0 002353 (v02 VBOX   VBOXBIOS 00000002 VBOX 00029BF3)
[    0.093692] ACPI: FACS 0x000000007FFF0200 000040
[    0.093696] ACPI: FACS 0x000000007FFF0200 000040
[    0.093699] ACPI: APIC 0x000000007FFF0240 000054 (v02 VBOX   VBOXAPIC 00000001 ASL  00000061)
[    0.093703] ACPI: SSDT 0x000000007FFF02A0 000038 (v01 VBOX   VBOXCPUT 00000002 VBOX 00029BF3)
[    0.093706] ACPI: Reserving FACP table memory at [mem 0x7fff00f0-0x7fff01e3]
[    0.093707] ACPI: Reserving DSDT table memory at [mem 0x7fff02e0-0x7fff2632]
[    0.093707] ACPI: Reserving FACS table memory at [mem 0x7fff0200-0x7fff023f]
[    0.093708] ACPI: Reserving FACS table memory at [mem 0x7fff0200-0x7fff023f]
[    0.093709] ACPI: Reserving APIC table memory at [mem 0x7fff0240-0x7fff0293]
[    0.093709] ACPI: Reserving SSDT table memory at [mem 0x7fff02a0-0x7fff02d7]
[    0.093724] ACPI: Local APIC address 0xfee00000
[    0.093911] No NUMA configuration found
[    0.093912] Faking a node at [mem 0x0000000000000000-0x000000007ffeffff]
[    0.093922] NODE_DATA(0) allocated [mem 0x7ffc5000-0x7ffeffff]
[    0.094183] Zone ranges:
[    0.094184]   DMA      [mem 0x0000000000001000-0x0000000000ffffff]
[    0.094185]   DMA32    [mem 0x0000000001000000-0x000000007ffeffff]
[    0.094186]   Normal   empty
[    0.094187]   Device   empty
[    0.094188] Movable zone start for each node
[    0.094190] Early memory node ranges
[    0.094190]   node   0: [mem 0x0000000000001000-0x000000000009efff]
[    0.094191]   node   0: [mem 0x0000000000100000-0x000000007ffeffff]
[    0.094194] Zeroed struct page in unavailable ranges: 114 pages
[    0.094195] Initmem setup node 0 [mem 0x0000000000001000-0x000000007ffeffff]
[    0.094196] On node 0 totalpages: 524174
[    0.094197]   DMA zone: 64 pages used for memmap
[    0.094198]   DMA zone: 21 pages reserved
[    0.094199]   DMA zone: 3998 pages, LIFO batch:0
[    0.094268]   DMA32 zone: 8128 pages used for memmap
[    0.094269]   DMA32 zone: 520176 pages, LIFO batch:63
[    0.103195] ACPI: PM-Timer IO Port: 0x4008
[    0.103198] ACPI: Local APIC address 0xfee00000
[    0.103267] IOAPIC[0]: apic_id 1, version 32, address 0xfec00000, GSI 0-23
[    0.103271] ACPI: INT_SRC_OVR (bus 0 bus_irq 0 global_irq 2 dfl dfl)
[    0.103273] ACPI: INT_SRC_OVR (bus 0 bus_irq 9 global_irq 9 low level)
[    0.103275] ACPI: IRQ0 used by override.
[    0.103276] ACPI: IRQ9 used by override.
[    0.103278] Using ACPI (MADT) for SMP configuration information
[    0.103285] smpboot: Allowing 1 CPUs, 0 hotplug CPUs
[    0.103307] PM: Registered nosave memory: [mem 0x00000000-0x00000fff]
[    0.103308] PM: Registered nosave memory: [mem 0x0009f000-0x0009ffff]
[    0.103309] PM: Registered nosave memory: [mem 0x000a0000-0x000effff]
[    0.103309] PM: Registered nosave memory: [mem 0x000f0000-0x000fffff]
[    0.103311] [mem 0x80000000-0xfebfffff] available for PCI devices
[    0.103312] Booting paravirtualized kernel on KVM
[    0.103315] clocksource: refined-jiffies: mask: 0xffffffff max_cycles: 0xffffffff, max_idle_ns: 7645519600211568 ns
[    0.103320] setup_percpu: NR_CPUS:8192 nr_cpumask_bits:1 nr_cpu_ids:1 nr_node_ids:1
[    0.104325] percpu: Embedded 60 pages/cpu s208896 r8192 d28672 u2097152
[    0.104330] pcpu-alloc: s208896 r8192 d28672 u2097152 alloc=1*2097152
[    0.104331] pcpu-alloc: [0] 0 
[    0.104357] Built 1 zonelists, mobility grouping on.  Total pages: 515961
[    0.104358] Policy zone: DMA32
[    0.104359] Kernel command line: BOOT_IMAGE=/boot/vmlinuz-5.4.243-mptcp root=UUID=98415a12-53b7-4144-8265-0f7ece09e445 ro quiet splash
[    0.105194] Dentry cache hash table entries: 262144 (order: 9, 2097152 bytes, linear)
[    0.105341] Inode-cache hash table entries: 131072 (order: 8, 1048576 bytes, linear)
[    0.105391] mem auto-init: stack:off, heap alloc:on, heap free:off
[    0.105393] Calgary: detecting Calgary via BIOS EBDA area
[    0.105395] Calgary: Unable to locate Rio Grande table in EBDA - bailing!
[    0.109489] Memory: 1967332K/2096696K available (14339K kernel code, 2398K rwdata, 4712K rodata, 2728K init, 17260K bss, 129364K reserved, 0K cma-reserved)
[    0.110447] SLUB: HWalign=64, Order=0-3, MinObjects=0, CPUs=1, Nodes=1
[    0.110464] ftrace: allocating 43186 entries in 169 pages
[    0.128546] rcu: Hierarchical RCU implementation.
[    0.128548] rcu: 	RCU restricting CPUs from NR_CPUS=8192 to nr_cpu_ids=1.
[    0.128549] 	Tasks RCU enabled.
[    0.128550] rcu: RCU calculated value of scheduler-enlistment delay is 25 jiffies.
[    0.128551] rcu: Adjusting geometry for rcu_fanout_leaf=16, nr_cpu_ids=1
[    0.131514] NR_IRQS: 524544, nr_irqs: 256, preallocated irqs: 16
[    0.131732] random: crng init done
[    0.141091] Console: colour VGA+ 80x25
[    0.141096] printk: console [tty0] enabled
[    0.141117] ACPI: Core revision 20190816
[    0.141214] APIC: Switch to symmetric I/O mode setup
[    0.141461] x2apic enabled
[    0.141696] Switched APIC routing to physical x2apic.
[    0.142825] ..TIMER: vector=0x30 apic1=0 pin1=2 apic2=-1 pin2=-1
[    0.142849] clocksource: tsc-early: mask: 0xffffffffffffffff max_cycles: 0x1e4530a99b6, max_idle_ns: 440795257976 ns
[    0.142855] Calibrating delay loop (skipped) preset value.. 4200.00 BogoMIPS (lpj=8400000)
[    0.142857] pid_max: default: 32768 minimum: 301
[    0.142887] LSM: Security Framework initializing
[    0.142897] Yama: becoming mindful.
[    0.142923] AppArmor: AppArmor initialized
[    0.142958] Mount-cache hash table entries: 4096 (order: 3, 32768 bytes, linear)
[    0.142963] Mountpoint-cache hash table entries: 4096 (order: 3, 32768 bytes, linear)
[    0.142974] *** VALIDATE tmpfs ***
[    0.143105] *** VALIDATE proc ***
[    0.143145] *** VALIDATE cgroup1 ***
[    0.143146] *** VALIDATE cgroup2 ***
[    0.143288] process: using mwait in idle threads
[    0.143293] Last level iTLB entries: 4KB 64, 2MB 8, 4MB 8
[    0.143294] Last level dTLB entries: 4KB 64, 2MB 0, 4MB 0, 1GB 4
[    0.143314] Spectre V1 : Mitigation: usercopy/swapgs barriers and __user pointer sanitization
[    0.143319] Spectre V2 : Mitigation: Retpolines
[    0.143320] Spectre V2 : Spectre v2 / SpectreRSB mitigation: Filling RSB on context switch
[    0.143320] Spectre V2 : Spectre v2 / SpectreRSB : Filling RSB on VMEXIT
[    0.143321] RETBleed: WARNING: Spectre v2 mitigation leaves CPU vulnerable to RETBleed attacks, data leaks possible!
[    0.143672] RETBleed: Vulnerable
[    0.143672] Speculative Store Bypass: Vulnerable
[    0.143677] TAA: Mitigation: TSX disabled
[    0.143678] MMIO Stale Data: Mitigation: Clear CPU buffers
[    0.147876] Freeing SMP alternatives memory: 40K
[    0.259912] smpboot: CPU0: Intel(R) Xeon(R) Silver 4216 CPU @ 2.10GHz (family: 0x6, model: 0x55, stepping: 0x7)
[    0.260037] Performance Events: unsupported p6 CPU model 85 no PMU driver, software events only.
[    0.260073] rcu: Hierarchical SRCU implementation.
[    0.260550] NMI watchdog: Perf NMI watchdog permanently disabled
[    0.260588] smp: Bringing up secondary CPUs ...
[    0.260589] smp: Brought up 1 node, 1 CPU
[    0.260590] smpboot: Max logical packages: 1
[    0.260591] smpboot: Total of 1 processors activated (4200.00 BogoMIPS)
[    0.261553] devtmpfs: initialized
[    0.261600] x86/mm: Memory block size: 128MB
[    0.261947] clocksource: jiffies: mask: 0xffffffff max_cycles: 0xffffffff, max_idle_ns: 7645041785100000 ns
[    0.261953] futex hash table entries: 256 (order: 2, 16384 bytes, linear)
[    0.261996] pinctrl core: initialized pinctrl subsystem
[    0.262100] PM: RTC time: 18:48:14, date: 2026-01-14
[    0.262205] NET: Registered protocol family 16
[    0.262280] audit: initializing netlink subsys (disabled)
[    0.262416] EISA bus registered
[    0.262417] cpuidle: using governor ladder
[    0.262418] cpuidle: using governor menu
[    0.262455] ACPI: bus type PCI registered
[    0.262457] acpiphp: ACPI Hot Plug PCI Controller Driver version: 0.5
[    0.262561] PCI: Using configuration type 1 for base access
[    0.263182] audit: type=2000 audit(1768387700.500:1): state=initialized audit_enabled=0 res=1
[    0.263264] HugeTLB registered 2.00 MiB page size, pre-allocated 0 pages
[    0.264081] ACPI: Added _OSI(Module Device)
[    0.264081] ACPI: Added _OSI(Processor Device)
[    0.264082] ACPI: Added _OSI(3.0 _SCP Extensions)
[    0.264083] ACPI: Added _OSI(Processor Aggregator Device)
[    0.264084] ACPI: Added _OSI(Linux-Dell-Video)
[    0.264084] ACPI: Added _OSI(Linux-Lenovo-NV-HDMI-Audio)
[    0.264085] ACPI: Added _OSI(Linux-HPI-Hybrid-Graphics)
[    0.266175] ACPI: 2 ACPI AML tables successfully acquired and loaded
[    0.268311] ACPI: Interpreter enabled
[    0.268323] ACPI: (supports S0 S5)
[    0.268324] ACPI: Using IOAPIC for interrupt routing
[    0.268627] PCI: Using host bridge windows from ACPI; if necessary, use "pci=nocrs" and report a bug
[    0.268763] ACPI: Enabled 2 GPEs in block 00 to 07
[    0.274851] ACPI: PCI Root Bridge [PCI0] (domain 0000 [bus 00-ff])
[    0.274851] acpi PNP0A03:00: _OSC: OS supports [ASPM ClockPM Segments MSI HPX-Type3]
[    0.275344] acpi PNP0A03:00: _OSC: not requesting OS control; OS requires [ExtendedConfig ASPM ClockPM MSI]
[    0.275353] acpi PNP0A03:00: fail to add MMCONFIG information, can't access extended PCI configuration space under this bridge.
[    0.275731] PCI host bridge to bus 0000:00
[    0.275733] pci_bus 0000:00: root bus resource [io  0x0000-0x0cf7 window]
[    0.275734] pci_bus 0000:00: root bus resource [io  0x0d00-0xffff window]
[    0.275735] pci_bus 0000:00: root bus resource [mem 0x000a0000-0x000bffff window]
[    0.275736] pci_bus 0000:00: root bus resource [mem 0x80000000-0xfdffffff window]
[    0.275738] pci_bus 0000:00: root bus resource [bus 00-ff]
[    0.275781] pci 0000:00:00.0: [8086:1237] type 00 class 0x060000
[    0.276731] pci 0000:00:01.0: [8086:7000] type 00 class 0x060100
[    0.277492] pci 0000:00:01.1: [8086:7111] type 00 class 0x01018a
[    0.277867] pci 0000:00:01.1: reg 0x20: [io  0xd000-0xd00f]
[    0.278020] pci 0000:00:01.1: legacy IDE quirk: reg 0x10: [io  0x01f0-0x01f7]
[    0.278021] pci 0000:00:01.1: legacy IDE quirk: reg 0x14: [io  0x03f6]
[    0.278022] pci 0000:00:01.1: legacy IDE quirk: reg 0x18: [io  0x0170-0x0177]
[    0.278023] pci 0000:00:01.1: legacy IDE quirk: reg 0x1c: [io  0x0376]
[    0.278558] pci 0000:00:02.0: [15ad:0405] type 00 class 0x030000
[    0.280760] pci 0000:00:02.0: reg 0x10: [io  0xd010-0xd01f]
[    0.284722] pci 0000:00:02.0: reg 0x14: [mem 0xe0000000-0xe7ffffff pref]
[    0.286899] pci 0000:00:02.0: reg 0x18: [mem 0xf0000000-0xf01fffff]
[    0.299654] pci 0000:00:03.0: [1022:2000] type 00 class 0x020000
[    0.300391] pci 0000:00:03.0: reg 0x10: [io  0xd020-0xd03f]
[    0.301049] pci 0000:00:03.0: reg 0x14: [mem 0xf0200000-0xf0200fff]
[    0.305977] pci 0000:00:04.0: [80ee:cafe] type 00 class 0x088000
[    0.306659] pci 0000:00:04.0: reg 0x10: [io  0xd040-0xd05f]
[    0.306986] pci 0000:00:04.0: reg 0x14: [mem 0xf0400000-0xf07fffff]
[    0.307637] pci 0000:00:04.0: reg 0x18: [mem 0xf0800000-0xf0803fff pref]
[    0.310895] pci 0000:00:07.0: [8086:7113] type 00 class 0x068000
[    0.311462] pci 0000:00:07.0: quirk: [io  0x4000-0x403f] claimed by PIIX4 ACPI
[    0.311472] pci 0000:00:07.0: quirk: [io  0x4100-0x410f] claimed by PIIX4 SMB
[    0.312149] pci 0000:00:08.0: [8086:100e] type 00 class 0x020000
[    0.312951] pci 0000:00:08.0: reg 0x10: [mem 0xf0820000-0xf083ffff]
[    0.314230] pci 0000:00:08.0: reg 0x18: [io  0xd060-0xd067]
[    0.319288] pci 0000:00:09.0: [8086:100e] type 00 class 0x020000
[    0.320063] pci 0000:00:09.0: reg 0x10: [mem 0xf0840000-0xf085ffff]
[    0.321297] pci 0000:00:09.0: reg 0x18: [io  0xd068-0xd06f]
[    0.331851] ACPI: PCI Interrupt Link [LNKA] (IRQs 5 9 10 *11)
[    0.332135] ACPI: PCI Interrupt Link [LNKB] (IRQs 5 9 *10 11)
[    0.332238] ACPI: PCI Interrupt Link [LNKC] (IRQs 5 *9 10 11)
[    0.332341] ACPI: PCI Interrupt Link [LNKD] (IRQs 5 9 10 *11)
[    0.332603] iommu: Default domain type: Translated 
[    0.332662] pci 0000:00:02.0: vgaarb: setting as boot VGA device
[    0.332664] pci 0000:00:02.0: vgaarb: VGA device added: decodes=io+mem,owns=io+mem,locks=none
[    0.332666] pci 0000:00:02.0: vgaarb: bridge control possible
[    0.332667] vgaarb: loaded
[    0.332877] SCSI subsystem initialized
[    0.332907] libata version 3.00 loaded.
[    0.332929] ACPI: bus type USB registered
[    0.332944] usbcore: registered new interface driver usbfs
[    0.332950] usbcore: registered new interface driver hub
[    0.332956] usbcore: registered new device driver usb
[    0.332984] pps_core: LinuxPPS API ver. 1 registered
[    0.332985] pps_core: Software ver. 5.3.6 - Copyright 2005-2007 Rodolfo Giometti <giometti@linux.it>
[    0.332987] PTP clock support registered
[    0.333023] EDAC MC: Ver: 3.0.0
[    0.333312] PCI: Using ACPI for IRQ routing
[    0.333313] PCI: pci_cache_line_size set to 64 bytes
[    0.333486] e820: reserve RAM buffer [mem 0x0009fc00-0x0009ffff]
[    0.333490] e820: reserve RAM buffer [mem 0x7fff0000-0x7fffffff]
[    0.334867] NetLabel: Initializing
[    0.334868] NetLabel:  domain hash size = 128
[    0.334868] NetLabel:  protocols = UNLABELED CIPSOv4 CALIPSO
[    0.334888] NetLabel:  unlabeled traffic allowed by default
[    0.335801] clocksource: Switched to clocksource kvm-clock
[    0.349080] *** VALIDATE bpf ***
[    0.349138] VFS: Disk quotas dquot_6.6.0
[    0.349150] VFS: Dquot-cache hash table entries: 512 (order 0, 4096 bytes)
[    0.349171] *** VALIDATE ramfs ***
[    0.349174] *** VALIDATE hugetlbfs ***
[    0.349252] AppArmor: AppArmor Filesystem Enabled
[    0.349277] pnp: PnP ACPI init
[    0.349342] pnp 00:00: Plug and Play ACPI device, IDs PNP0303 (active)
[    0.349430] pnp 00:01: Plug and Play ACPI device, IDs PNP0f03 (active)
[    0.350200] pnp: PnP ACPI: found 2 devices
[    0.351192] thermal_sys: Registered thermal governor 'fair_share'
[    0.351192] thermal_sys: Registered thermal governor 'bang_bang'
[    0.351193] thermal_sys: Registered thermal governor 'step_wise'
[    0.351194] thermal_sys: Registered thermal governor 'user_space'
[    0.351194] thermal_sys: Registered thermal governor 'power_allocator'
[    0.355737] clocksource: acpi_pm: mask: 0xffffff max_cycles: 0xffffff, max_idle_ns: 2085701024 ns
[    0.355777] pci_bus 0000:00: resource 4 [io  0x0000-0x0cf7 window]
[    0.355778] pci_bus 0000:00: resource 5 [io  0x0d00-0xffff window]
[    0.355779] pci_bus 0000:00: resource 6 [mem 0x000a0000-0x000bffff window]
[    0.355781] pci_bus 0000:00: resource 7 [mem 0x80000000-0xfdffffff window]
[    0.355838] NET: Registered protocol family 2
[    0.355911] IP idents hash table entries: 32768 (order: 6, 262144 bytes, linear)
[    0.356311] MPTCP tokens hash table entries: 8192 (order: 4, 65536 bytes, linear)
[    0.356331] MPTCP request tokens hash table entries: 8192 (order: 4, 65536 bytes, linear)
[    0.356356] default registered
[    0.356357] default registered
[    0.356357] MPTCP: Stable release v0.96
[    0.356363] tcp_listen_portaddr_hash hash table entries: 1024 (order: 2, 16384 bytes, linear)
[    0.356443] TCP established hash table entries: 16384 (order: 5, 131072 bytes, linear)
[    0.356507] TCP bind hash table entries: 16384 (order: 6, 262144 bytes, linear)
[    0.356533] TCP: Hash tables configured (established 16384 bind 16384)
[    0.357239] UDP hash table entries: 1024 (order: 3, 32768 bytes, linear)
[    0.357250] UDP-Lite hash table entries: 1024 (order: 3, 32768 bytes, linear)
[    0.357283] NET: Registered protocol family 1
[    0.357292] NET: Registered protocol family 44
[    0.357312] pci 0000:00:00.0: Limiting direct PCI/PCI transfers
[    0.357328] pci 0000:00:01.0: Activating ISA DMA hang workarounds
[    0.357383] pci 0000:00:02.0: Video device with shadowed ROM at [mem 0x000c0000-0x000dffff]
[    0.357449] PCI: CLS 0 bytes, default 64
[    0.357496] Trying to unpack rootfs image as initramfs...
[    0.531142] Freeing initrd memory: 47868K
[    0.531142] clocksource: tsc: mask: 0xffffffffffffffff max_cycles: 0x1e4530a99b6, max_idle_ns: 440795257976 ns
[    0.531142] clocksource: Switched to clocksource tsc
[    0.531142] platform rtc_cmos: registered platform RTC device (no PNP device found)
[    0.531142] check: Scanning for low memory corruption every 60 seconds
[    0.531142] Initialise system trusted keyrings
[    0.531142] Key type blacklist registered
[    0.531142] workingset: timestamp_bits=36 max_order=19 bucket_order=0
[    0.531142] zbud: loaded
[    0.531142] squashfs: version 4.0 (2009/01/31) Phillip Lougher
[    0.531142] fuse: init (API version 7.31)
[    0.531142] *** VALIDATE fuse ***
[    0.531142] *** VALIDATE fuse ***
[    0.531142] Platform Keyring initialized
[    0.543355] Key type asymmetric registered
[    0.543356] Asymmetric key parser 'x509' registered
[    0.543366] Block layer SCSI generic (bsg) driver version 0.4 loaded (major 244)
[    0.543402] io scheduler mq-deadline registered
[    0.543522] shpchp: Standard Hot Plug PCI Controller Driver version: 0.4
[    0.543764] ACPI: AC Adapter [AC] (on-line)
[    0.543810] input: Power Button as /devices/LNXSYSTM:00/LNXPWRBN:00/input/input0
[    0.543839] ACPI: Power Button [PWRF]
[    0.543928] input: Sleep Button as /devices/LNXSYSTM:00/LNXSLPBN:00/input/input1
[    0.543943] ACPI: Sleep Button [SLPF]
[    0.544164] Serial: 8250/16550 driver, 32 ports, IRQ sharing enabled
[    0.545308] Linux agpgart interface v0.103
[    0.639171] loop: module loaded
[    0.639297] ata_piix 0000:00:01.1: version 2.13
[    0.639680] scsi host0: ata_piix
[    0.639766] scsi host1: ata_piix
[    0.639792] ata1: PATA max UDMA/33 cmd 0x1f0 ctl 0x3f6 bmdma 0xd000 irq 14
[    0.639793] ata2: PATA max UDMA/33 cmd 0x170 ctl 0x376 bmdma 0xd008 irq 15
[    0.639865] tun: Universal TUN/TAP device driver, 1.6
[    0.640165] PPP generic driver version 2.4.2
[    0.640205] VFIO - User Level meta-driver version: 0.3
[    0.640451] ehci_hcd: USB 2.0 'Enhanced' Host Controller (EHCI) Driver
[    0.640456] ehci-pci: EHCI PCI platform driver
[    0.640468] ehci-platform: EHCI generic platform driver
[    0.640473] ohci_hcd: USB 1.1 'Open' Host Controller (OHCI) Driver
[    0.640475] ohci-pci: OHCI PCI platform driver
[    0.640482] ohci-platform: OHCI generic platform driver
[    0.640486] uhci_hcd: USB Universal Host Controller Interface driver
[    0.640547] i8042: PNP: PS/2 Controller [PNP0303:PS2K,PNP0f03:PS2M] at 0x60,0x64 irq 1,12
[    0.640983] serio: i8042 KBD port at 0x60,0x64 irq 1
[    0.640986] serio: i8042 AUX port at 0x60,0x64 irq 12
[    0.641069] mousedev: PS/2 mouse device common for all mice
[    0.641328] input: AT Translated Set 2 keyboard as /devices/platform/i8042/serio0/input/input2
[    0.641727] rtc_cmos rtc_cmos: registered as rtc0
[    0.641740] rtc_cmos rtc_cmos: alarms up to one day, 114 bytes nvram
[    0.641745] i2c /dev entries driver
[    0.641784] device-mapper: uevent: version 1.0.3
[    0.641825] device-mapper: ioctl: 4.41.0-ioctl (2019-09-16) initialised: dm-devel@redhat.com
[    0.641841] platform eisa.0: Probing EISA bus 0
[    0.641842] platform eisa.0: EISA: Cannot allocate resource for mainboard
[    0.641844] platform eisa.0: Cannot allocate resource for EISA slot 1
[    0.641845] platform eisa.0: Cannot allocate resource for EISA slot 2
[    0.641846] platform eisa.0: Cannot allocate resource for EISA slot 3
[    0.641847] platform eisa.0: Cannot allocate resource for EISA slot 4
[    0.641848] platform eisa.0: Cannot allocate resource for EISA slot 5
[    0.641849] platform eisa.0: Cannot allocate resource for EISA slot 6
[    0.641849] platform eisa.0: Cannot allocate resource for EISA slot 7
[    0.641850] platform eisa.0: Cannot allocate resource for EISA slot 8
[    0.641851] platform eisa.0: EISA: Detected 0 cards
[    0.641854] intel_pstate: CPU model not supported
[    0.641861] ledtrig-cpu: registered to indicate activity on CPUs
[    0.641907] drop_monitor: Initializing network drop monitor service
[    0.642062] NET: Registered protocol family 10
[    0.647206] Segment Routing with IPv6
[    0.647239] fullmesh registered
[    0.647240] ndiffports registered
[    0.647242] binder registered
[    0.647243] roundrobin registered
[    0.647243] redundant registered
[    0.647244] blest registered
[    0.647244] ecf registered
[    0.647246] NET: Registered protocol family 17
[    0.647277] Key type dns_resolver registered
[    0.647309] RAS: Correctable Errors collector initialized.
[    0.647309] IPI shorthand broadcast: enabled
[    0.647309] sched_clock: Marking stable (632178858, 11130371)->(643655117, -345888)
[    0.647441] registered taskstats version 1
[    0.647449] Loading compiled-in X.509 certificates
[    0.648035] Loaded X.509 cert 'Build time autogenerated kernel key: 6909f3744cebb3d0de528d5887b96a727de79b1e'
[    0.648049] zswap: loaded using pool lzo/zbud
[    0.648101] Key type ._fscrypt registered
[    0.648101] Key type .fscrypt registered
[    0.652557] Key type big_key registered
[    0.654784] Key type encrypted registered
[    0.654787] AppArmor: AppArmor sha1 policy hashing enabled
[    0.654794] ima: No TPM chip found, activating TPM-bypass!
[    0.654797] ima: Allocated hash algorithm: sha1
[    0.654803] ima: No architecture policies found
[    0.654811] evm: Initialising EVM extended attributes:
[    0.654812] evm: security.selinux
[    0.654812] evm: security.SMACK64
[    0.654813] evm: security.SMACK64EXEC
[    0.654813] evm: security.SMACK64TRANSMUTE
[    0.654814] evm: security.SMACK64MMAP
[    0.654814] evm: security.apparmor
[    0.654815] evm: security.ima
[    0.654815] evm: security.capability
[    0.654816] evm: HMAC attrs: 0x1
[    0.655101] PM:   Magic number: 10:717:847
[    0.655206] rtc_cmos rtc_cmos: setting system clock to 2026-01-14T18:48:15 UTC (1768416495)
[    0.811237] ata1.00: ATA-6: VBOX HARDDISK, 1.0, max UDMA/133
[    0.811239] ata1.00: 209715200 sectors, multi 128: LBA 
[    0.812146] scsi 0:0:0:0: Direct-Access     ATA      VBOX HARDDISK    1.0  PQ: 0 ANSI: 5
[    0.812354] sd 0:0:0:0: [sda] 209715200 512-byte logical blocks: (107 GB/100 GiB)
[    0.812363] sd 0:0:0:0: [sda] Write Protect is off
[    0.812365] sd 0:0:0:0: [sda] Mode Sense: 00 3a 00 00
[    0.812378] sd 0:0:0:0: [sda] Write cache: enabled, read cache: enabled, doesn't support DPO or FUA
[    0.812551] sd 0:0:0:0: Attached scsi generic sg0 type 0
[    0.813662]  sda: sda1 sda2
[    0.819269] sd 0:0:0:0: [sda] Attached SCSI disk
[    0.821459] Freeing unused decrypted memory: 2040K
[    0.822227] Freeing unused kernel image memory: 2728K
[    0.822229] Write protecting the kernel read-only data: 22528k
[    0.822978] Freeing unused kernel image memory: 2036K
[    0.823402] Freeing unused kernel image memory: 1432K
[    0.840111] x86/mm: Checked W+X mappings: passed, no W+X pages found.
[    0.840114] Run /init as init process
[    0.939792] ACPI: Video Device [GFX0] (multi-head: yes  rom: no  post: no)
[    0.939862] input: Video Bus as /devices/LNXSYSTM:00/LNXSYBUS:00/PNP0A03:00/LNXVIDEO:00/input/input4
[    0.950889] pcnet32: pcnet32.c:v1.35 21.Apr.2008 tsbogend@alpha.franken.de
[    0.952512] piix4_smbus 0000:00:07.0: SMBus Host Controller at 0x4100, revision 0
[    0.956544] e1000: Intel(R) PRO/1000 Network Driver - version 7.3.21-k8-NAPI
[    0.956545] e1000: Copyright (c) 1999-2006 Intel Corporation.
[    0.958809] pcnet32: PCnet/FAST III 79C973 at 0xd020, 08:00:27:4d:5f:c1 assigned IRQ 19
[    0.958853] pcnet32: Found PHY 0022:561b at address 0
[    0.959154] pcnet32: eth0: registered as PCnet/FAST III 79C973
[    0.970567] pcnet32: 1 cards_found
[    1.030427] pcnet32 0000:00:03.0 enp0s3: renamed from eth0
[    1.169724] input: ImExPS/2 Generic Explorer Mouse as /devices/platform/i8042/serio1/input/input5
[    1.367563] e1000 0000:00:08.0 eth0: (PCI:33MHz:32-bit) 08:00:27:0c:f3:6b
[    1.367567] e1000 0000:00:08.0 eth0: Intel(R) PRO/1000 Network Connection
[    1.747611] e1000 0000:00:09.0 eth1: (PCI:33MHz:32-bit) 08:00:27:e4:cd:7b
[    1.747614] e1000 0000:00:09.0 eth1: Intel(R) PRO/1000 Network Connection
[    1.748729] e1000 0000:00:09.0 enp0s9: renamed from eth1
[    1.750528] e1000 0000:00:08.0 enp0s8: renamed from eth0
[    1.891042] EXT4-fs (sda2): mounted filesystem with ordered data mode. Opts: (null)
[    1.972465] systemd[1]: Inserted module 'autofs4'
[    1.983295] systemd[1]: systemd 245.4-4ubuntu3 running in system mode. (+PAM +AUDIT +SELINUX +IMA +APPARMOR +SMACK +SYSVINIT +UTMP +LIBCRYPTSETUP +GCRYPT +GNUTLS +ACL +XZ +LZ4 +SECCOMP +BLKID +ELFUTILS +KMOD +IDN2 -IDN +PCRE2 default-hierarchy=hybrid)
[    1.983326] systemd[1]: Detected virtualization oracle.
[    1.983329] systemd[1]: Detected architecture x86-64.
[    1.984601] systemd[1]: Set hostname to <ztg>.
[    2.106659] systemd[1]: /lib/systemd/system/dbus.socket:5: ListenStream= references a path below legacy directory /var/run/, updating /var/run/dbus/system_bus_socket â†’ /run/dbus/system_bus_socket; please update the unit file accordingly.
[    2.158933] systemd[1]: Created slice system-modprobe.slice.
[    2.159113] systemd[1]: Created slice User and Session Slice.
[    2.159159] systemd[1]: Started Forward Password Requests to Wall Directory Watch.
[    2.159374] systemd[1]: Set up automount Arbitrary Executable File Formats File System Automount Point.
[    2.159407] systemd[1]: Reached target User and Group Name Lookups.
[    2.159416] systemd[1]: Reached target Remote File Systems.
[    2.159424] systemd[1]: Reached target Slices.
[    2.159899] systemd[1]: Listening on Syslog Socket.
[    2.159964] systemd[1]: Listening on fsck to fsckd communication Socket.
[    2.160004] systemd[1]: Listening on initctl Compatibility Named Pipe.
[    2.160146] systemd[1]: Listening on Journal Audit Socket.
[    2.160202] systemd[1]: Listening on Journal Socket (/dev/log).
[    2.160269] systemd[1]: Listening on Journal Socket.
[    2.160333] systemd[1]: Listening on udev Control Socket.
[    2.160372] systemd[1]: Listening on udev Kernel Socket.
[    2.161069] systemd[1]: Mounting Huge Pages File System...
[    2.161925] systemd[1]: Mounting POSIX Message Queue File System...
[    2.162826] systemd[1]: Mounting Kernel Debug File System...
[    2.163778] systemd[1]: Mounting Kernel Trace File System...
[    2.165689] systemd[1]: Starting Journal Service...
[    2.189993] systemd[1]: Starting Set the console keyboard layout...
[    2.195218] systemd[1]: Starting Create list of static device nodes for the current kernel...
[    2.200194] systemd[1]: Starting Load Kernel Module drm...
[    2.211482] systemd[1]: Condition check resulted in Set Up Additional Binary Formats being skipped.
[    2.211523] systemd[1]: Condition check resulted in File System Check on Root Device being skipped.
[    2.214584] systemd[1]: Starting Load Kernel Modules...
[    2.215340] systemd[1]: Starting Remount Root and Kernel File Systems...
[    2.216091] systemd[1]: Starting udev Coldplug all Devices...
[    2.216862] systemd[1]: Starting Uncomplicated firewall...
[    2.218460] systemd[1]: Mounted Huge Pages File System.
[    2.218577] systemd[1]: Mounted POSIX Message Queue File System.
[    2.218682] systemd[1]: Mounted Kernel Debug File System.
[    2.218782] systemd[1]: Mounted Kernel Trace File System.
[    2.270479] systemd[1]: Finished Create list of static device nodes for the current kernel.
[    2.270792] systemd[1]: modprobe@drm.service: Succeeded.
[    2.272334] systemd[1]: Finished Load Kernel Module drm.
[    2.273162] systemd[1]: Finished Uncomplicated firewall.
[    2.274482] EXT4-fs (sda2): re-mounted. Opts: errors=remount-ro
[    2.277763] systemd[1]: Finished Remount Root and Kernel File Systems.
[    2.278402] systemd[1]: Condition check resulted in Rebuild Hardware Database being skipped.
[    2.278436] systemd[1]: Condition check resulted in Platform Persistent Storage Archival being skipped.
[    2.280458] systemd[1]: Starting Load/Save Random Seed...
[    2.292043] systemd[1]: Starting Create System Users...
[    2.316741] systemd[1]: Finished Load/Save Random Seed.
[    2.318185] lp: driver loaded but no devices found
[    2.321107] systemd[1]: Finished Create System Users.
[    2.321800] systemd[1]: Starting Create Static Device Nodes in /dev...
[    2.329208] ppdev: user-space parallel port driver
[    2.346519] systemd[1]: Finished Create Static Device Nodes in /dev.
[    2.347283] systemd[1]: Starting udev Kernel Device Manager...
[    2.390151] systemd[1]: Finished udev Coldplug all Devices.
[    2.401068] [drm] DMA map mode: Caching DMA mappings.
[    2.401132] [drm] Capabilities:
[    2.401133] [drm]   Rect copy.
[    2.401133] [drm]   Cursor.
[    2.401133] [drm]   Cursor bypass.
[    2.401134] [drm]   Cursor bypass 2.
[    2.401134] [drm]   Alpha cursor.
[    2.401135] [drm]   Extended Fifo.
[    2.401135] [drm]   Pitchlock.
[    2.401135] [drm]   Irq mask.
[    2.401136] [drm]   GMR.
[    2.401136] [drm]   Traces.
[    2.401136] [drm]   GMR2.
[    2.401137] [drm]   Screen Object 2.
[    2.401137] [drm]   Command Buffers.
[    2.401137] [drm]   Command Buffers 2.
[    2.401138] [drm]   Guest Backed Resources.
[    2.401139] [drm] Max GMR ids is 8192
[    2.401139] [drm] Max number of GMR pages is 1048576
[    2.401140] [drm] Max dedicated hypervisor surface memory is 393216 kiB
[    2.401140] [drm] Maximum display memory size is 131072 kiB
[    2.401141] [drm] VRAM at 0xe0000000 size is 131072 kiB
[    2.401142] [drm] MMIO at 0xf0000000 size is 2048 kiB
[    2.402697] [TTM] Zone  kernel: Available graphics memory: 1011738 KiB
[    2.402697] [TTM] Initializing pool allocator
[    2.402701] [TTM] Initializing DMA pool allocator
[    2.402726] [drm] Supports vblank timestamp caching Rev 2 (21.10.2013).
[    2.402727] [drm] No driver support for vblank timestamp query.
[    2.402990] [drm] Screen Target Display device initialized
[    2.403217] [drm] width 720
[    2.403226] [drm] height 400
[    2.403230] [drm] bpp 32
[    2.403763] [drm] Fifo max 0x00200000 min 0x00001000 cap 0x00000355
[    2.407923] [drm] Using command buffers with DMA pool.
[    2.407927] [drm] DX: no.
[    2.407928] [drm] Atomic: yes.
[    2.407928] [drm] SM4_1: no.
[    2.407947] [drm:vmw_host_log [vmwgfx]] *ERROR* Failed to send host log message.
[    2.408847] [drm:vmw_host_log [vmwgfx]] *ERROR* Failed to send host log message.
[    2.436106] fbcon: svgadrmfb (fb0) is primary device
[    2.438223] Console: switching to colour frame buffer device 100x37
[    2.445815] [drm] Initialized vmwgfx 2.15.0 20180704 for 0000:00:02.0 on minor 0
[    2.447070] systemd[1]: Finished Load Kernel Modules.
[    2.447940] systemd[1]: Mounting FUSE Control File System...
[    2.449064] systemd[1]: Mounting Kernel Configuration File System...
[    2.478417] systemd[1]: Starting Apply Kernel Variables...
[    2.480934] systemd[1]: Mounted FUSE Control File System.
[    2.480995] systemd[1]: Condition check resulted in VMware vmblock fuse mount being skipped.
[    2.485091] systemd[1]: Mounted Kernel Configuration File System.
[    2.494926] systemd[1]: Finished Set the console keyboard layout.
[    2.495016] systemd[1]: Reached target Local File Systems (Pre).
[    2.497147] systemd[1]: Mounting Mount unit for bare, revision 5...
[    2.503501] systemd[1]: Mounting Mount unit for core18, revision 1705...
[    2.506778] systemd[1]: Mounting Mount unit for gnome-3-34-1804, revision 24...
[    2.527708] systemd[1]: Mounting Mount unit for gtk-common-themes, revision 1506...
[    2.540182] systemd[1]: Mounting Mount unit for gtk-common-themes, revision 1535...
[    2.546217] systemd[1]: Mounting Mount unit for snap-store, revision 433...
[    2.557242] systemd[1]: Mounting Mount unit for snapd, revision 7264...
[    2.576085] systemd[1]: Finished Apply Kernel Variables.
[    2.577382] systemd[1]: Started udev Kernel Device Manager.
[    2.577470] systemd[1]: Mounted Mount unit for bare, revision 5.
[    2.577554] systemd[1]: Mounted Mount unit for core18, revision 1705.
[    2.581360] systemd[1]: Starting Show Plymouth Boot Screen...
[    2.604538] systemd[1]: Mounted Mount unit for gnome-3-34-1804, revision 24.
[    2.605056] systemd[1]: Received SIGRTMIN+20 from PID 280 (plymouthd).
[    2.622104] systemd[1]: Started Show Plymouth Boot Screen.
[    2.622260] systemd[1]: Condition check resulted in Dispatch Password Requests to Console Directory Watch being skipped.
[    2.622342] systemd[1]: Started Forward Password Requests to Plymouth Directory Watch.
[    2.622387] systemd[1]: Reached target Local Encrypted Volumes.
[    2.643405] systemd[1]: Mounted Mount unit for gtk-common-themes, revision 1506.
[    2.674459] systemd[1]: Mounted Mount unit for snap-store, revision 433.
[    2.724167] systemd[1]: Mounted Mount unit for gtk-common-themes, revision 1535.
[    2.724389] systemd[1]: Mounted Mount unit for snapd, revision 7264.
[    2.724538] systemd[1]: Reached target Local File Systems.
[    2.725349] systemd[1]: Starting Load AppArmor profiles...
[    2.727511] systemd[1]: Starting Set console font and keymap...
[    2.740466] systemd[1]: Starting Tell Plymouth To Write Out Runtime Data...
[    2.759545] systemd[1]: Condition check resulted in Store a System Token in an EFI Variable being skipped.
[    2.759587] systemd[1]: Condition check resulted in Commit a transient machine-id on disk being skipped.
[    2.763372] systemd[1]: Finished Set console font and keymap.
[    2.771878] systemd[1]: Received SIGRTMIN+20 from PID 280 (plymouthd).
[    2.773227] systemd[1]: plymouth-read-write.service: Succeeded.
[    2.773471] systemd[1]: Finished Tell Plymouth To Write Out Runtime Data.
[    2.789829] audit: type=1400 audit(1768416497.628:2): apparmor="STATUS" operation="profile_load" profile="unconfined" name="nvidia_modprobe" pid=301 comm="apparmor_parser"
[    2.789831] audit: type=1400 audit(1768416497.628:3): apparmor="STATUS" operation="profile_load" profile="unconfined" name="nvidia_modprobe//kmod" pid=301 comm="apparmor_parser"
[    2.797430] audit: type=1400 audit(1768416497.632:4): apparmor="STATUS" operation="profile_load" profile="unconfined" name="/usr/sbin/tcpdump" pid=302 comm="apparmor_parser"
[    2.838933] audit: type=1400 audit(1768416497.676:5): apparmor="STATUS" operation="profile_load" profile="unconfined" name="/usr/bin/evince" pid=304 comm="apparmor_parser"
[    2.838935] audit: type=1400 audit(1768416497.676:6): apparmor="STATUS" operation="profile_load" profile="unconfined" name="/usr/bin/evince//sanitized_helper" pid=304 comm="apparmor_parser"
[    2.838937] audit: type=1400 audit(1768416497.676:7): apparmor="STATUS" operation="profile_load" profile="unconfined" name="/usr/bin/evince-previewer" pid=304 comm="apparmor_parser"
[    2.838939] audit: type=1400 audit(1768416497.676:8): apparmor="STATUS" operation="profile_load" profile="unconfined" name="/usr/bin/evince-previewer//sanitized_helper" pid=304 comm="apparmor_parser"
[    2.838941] audit: type=1400 audit(1768416497.676:9): apparmor="STATUS" operation="profile_load" profile="unconfined" name="/usr/bin/evince-thumbnailer" pid=304 comm="apparmor_parser"
[    2.869785] audit: type=1400 audit(1768416497.712:10): apparmor="STATUS" operation="profile_load" profile="unconfined" name="/usr/lib/cups/backend/cups-pdf" pid=305 comm="apparmor_parser"
[    2.942756] systemd[1]: Finished Load AppArmor profiles.
[    2.943673] systemd[1]: Starting Load AppArmor profiles managed internally by snapd...
[    3.008463] systemd[1]: Finished Load AppArmor profiles managed internally by snapd.
[    3.158200] systemd[1]: Started Journal Service.
[    3.164876] systemd-journald[229]: Received client request to flush runtime journal.
[    3.169911] systemd-journald[229]: File /var/log/journal/c455b248004a419c87ce85eea238d727/system.journal corrupted or uncleanly shut down, renaming and replacing.
[    4.383050] RAPL PMU: API unit is 2^-32 Joules, 0 fixed counters, 10737418240 ms ovfl timer
[    4.438414] cryptd: max_cpu_qlen set to 1000
[    4.505720] AVX2 version of gcm_enc/dec engaged.
[    4.505721] AES CTR mode by8 optimization enabled
[    5.263713] Adding 1998844k swap on /dev/sda1.  Priority:-2 extents:1 across:1998844k FS
[    6.391955] kauditd_printk_skb: 30 callbacks suppressed
[    6.391956] audit: type=1400 audit(1768416501.232:41): apparmor="DENIED" operation="capable" profile="/usr/sbin/cups-browsed" pid=497 comm="cups-browsed" capability=23  capname="sys_nice"
[    7.435240] pcnet32 0000:00:03.0 enp0s3: link up, 100Mbps, full-duplex
[    7.466592] e1000: enp0s8 NIC Link is Up 1000 Mbps Full Duplex, Flow Control: RX
[    7.466882] IPv6: ADDRCONF(NETDEV_CHANGE): enp0s8: link becomes ready
[    7.483857] e1000: enp0s9 NIC Link is Up 1000 Mbps Full Duplex, Flow Control: RX
[    7.484144] IPv6: ADDRCONF(NETDEV_CHANGE): enp0s9: link becomes ready
[    7.988864] device enp0s3 entered promiscuous mode
[    8.015153] audit: type=1400 audit(1768416502.848:42): apparmor="DENIED" operation="open" profile="/usr/sbin/tcpdump" name="/proc/sys/kernel/random/boot_id" pid=669 comm="tcpdump" requested_mask="r" denied_mask="r" fsuid=0 ouid=0
[    8.015365] audit: type=1400 audit(1768416502.848:43): apparmor="DENIED" operation="open" profile="/usr/sbin/tcpdump" name="/proc/sys/kernel/random/boot_id" pid=669 comm="tcpdump" requested_mask="r" denied_mask="r" fsuid=0 ouid=0
[    8.015416] audit: type=1400 audit(1768416502.848:44): apparmor="DENIED" operation="open" profile="/usr/sbin/tcpdump" name="/proc/sys/kernel/random/boot_id" pid=669 comm="tcpdump" requested_mask="r" denied_mask="r" fsuid=0 ouid=0
[    8.015505] audit: type=1400 audit(1768416502.848:45): apparmor="DENIED" operation="open" profile="/usr/sbin/tcpdump" name="/proc/sys/kernel/random/boot_id" pid=669 comm="tcpdump" requested_mask="r" denied_mask="r" fsuid=0 ouid=0
[    8.019304] audit: type=1400 audit(1768416502.860:46): apparmor="DENIED" operation="open" profile="/usr/sbin/tcpdump" name="/proc/sys/kernel/random/boot_id" pid=670 comm="tcpdump" requested_mask="r" denied_mask="r" fsuid=0 ouid=0
[    8.019519] audit: type=1400 audit(1768416502.860:47): apparmor="DENIED" operation="open" profile="/usr/sbin/tcpdump" name="/proc/sys/kernel/random/boot_id" pid=670 comm="tcpdump" requested_mask="r" denied_mask="r" fsuid=0 ouid=0
[    8.019557] audit: type=1400 audit(1768416502.860:48): apparmor="DENIED" operation="open" profile="/usr/sbin/tcpdump" name="/proc/sys/kernel/random/boot_id" pid=670 comm="tcpdump" requested_mask="r" denied_mask="r" fsuid=0 ouid=0
[    8.019613] audit: type=1400 audit(1768416502.860:49): apparmor="DENIED" operation="open" profile="/usr/sbin/tcpdump" name="/proc/sys/kernel/random/boot_id" pid=670 comm="tcpdump" requested_mask="r" denied_mask="r" fsuid=0 ouid=0
[   12.362355] rfkill: input handler disabled
[  208.985118] AAAAA-TCP_FORW: name:enp0s3: saddr:100932208: daddr:16783984
[  208.999945] AAAAA-TCP_FORW: name:enp0s3: saddr:100932208: daddr:16783984
[  209.227111] AAAAA-TCP_FORW: name:enp0s3: saddr:100932208: daddr:16783984
[  209.262690] AAAAA-TCP_FORW: name:enp0s3: saddr:100932208: daddr:16783984
[  528.518304] rfkill: input handler enabled
[  537.778922] rfkill: input handler disabled
[  745.590326] device enp0s3 left promiscuous mode
