[    0.000000] Linux version 5.4.243-mptcp (root@ztg) (gcc version 12.2.0 (Debian 12.2.0-14+deb12u1)) #53 SMP Wed Dec 24 23:28:15 CST 2025
[    0.000000] Command line: BOOT_IMAGE=/boot/vmlinuz-5.4.243-mptcp root=UUID=98415a12-53b7-4144-8265-0f7ece09e445 ro quiet splash
[    0.000000] KERNEL supported cpus:
[    0.000000]   Intel GenuineIntel
[    0.000000]   AMD AuthenticAMD
[    0.000000]   Hygon HygonGenuine
[    0.000000]   Centaur CentaurHauls
[    0.000000]   zhaoxin   Shanghai  
[    0.000000] x86/fpu: Supporting XSAVE feature 0x001: 'x87 floating point registers'
[    0.000000] x86/fpu: Supporting XSAVE feature 0x002: 'SSE registers'
[    0.000000] x86/fpu: Supporting XSAVE feature 0x004: 'AVX registers'
[    0.000000] x86/fpu: xstate_offset[2]:  576, xstate_sizes[2]:  256
[    0.000000] x86/fpu: Enabled xstate features 0x7, context size is 832 bytes, using 'standard' format.
[    0.000000] BIOS-provided physical RAM map:
[    0.000000] BIOS-e820: [mem 0x0000000000000000-0x000000000009fbff] usable
[    0.000000] BIOS-e820: [mem 0x000000000009fc00-0x000000000009ffff] reserved
[    0.000000] BIOS-e820: [mem 0x00000000000f0000-0x00000000000fffff] reserved
[    0.000000] BIOS-e820: [mem 0x0000000000100000-0x000000007ffeffff] usable
[    0.000000] BIOS-e820: [mem 0x000000007fff0000-0x000000007fffffff] ACPI data
[    0.000000] BIOS-e820: [mem 0x00000000fec00000-0x00000000fec00fff] reserved
[    0.000000] BIOS-e820: [mem 0x00000000fee00000-0x00000000fee00fff] reserved
[    0.000000] BIOS-e820: [mem 0x00000000fffc0000-0x00000000ffffffff] reserved
[    0.000000] NX (Execute Disable) protection: active
[    0.000000] SMBIOS 2.5 present.
[    0.000000] DMI: innotek GmbH VirtualBox/VirtualBox, BIOS VirtualBox 12/01/2006
[    0.000000] Hypervisor detected: KVM
[    0.000000] kvm-clock: Using msrs 4b564d01 and 4b564d00
[    0.000000] kvm-clock: cpu 0, msr 28201001, primary cpu clock
[    0.000000] kvm-clock: using sched offset of 4461048725 cycles
[    0.000003] clocksource: kvm-clock: mask: 0xffffffffffffffff max_cycles: 0x1cd42e4dffb, max_idle_ns: 881590591483 ns
[    0.000005] tsc: Detected 2100.000 MHz processor
[    0.001878] e820: update [mem 0x00000000-0x00000fff] usable ==> reserved
[    0.001880] e820: remove [mem 0x000a0000-0x000fffff] usable
[    0.001884] last_pfn = 0x7fff0 max_arch_pfn = 0x400000000
[    0.001952] MTRR default type: uncachable
[    0.001953] MTRR fixed ranges enabled:
[    0.001954]   00000-9FFFF write-back
[    0.001955]   A0000-BFFFF uncachable
[    0.001955]   C0000-FFFFF write-protect
[    0.001956] MTRR variable ranges enabled:
[    0.001957]   0 base 000000000000 mask 3FFF80000000 write-back
[    0.001958]   1 disabled
[    0.001959]   2 disabled
[    0.001959]   3 disabled
[    0.001959]   4 disabled
[    0.001960]   5 disabled
[    0.001960]   6 disabled
[    0.001961]   7 disabled
[    0.001961]   8 disabled
[    0.001962]   9 disabled
[    0.001962]   10 disabled
[    0.001962]   11 disabled
[    0.001963]   12 disabled
[    0.001963]   13 disabled
[    0.001964]   14 disabled
[    0.001964]   15 disabled
[    0.001980] x86/PAT: Configuration [0-7]: WB  WC  UC- UC  WB  WP  UC- WT  
[    0.002113] found SMP MP-table at [mem 0x0009fff0-0x0009ffff]
[    0.091210] check: Scanning 1 areas for low memory corruption
[    0.091455] RAMDISK: [mem 0x32271000-0x3512ffff]
[    0.091462] ACPI: Early table checksum verification disabled
[    0.091468] ACPI: RSDP 0x00000000000E0000 000024 (v02 VBOX  )
[    0.091472] ACPI: XSDT 0x000000007FFF0030 00003C (v01 VBOX   VBOXXSDT 00000001 ASL  00000061)
[    0.091478] ACPI: FACP 0x000000007FFF00F0 0000F4 (v04 VBOX   VBOXFACP 00000001 ASL  00000061)
[    0.091485] ACPI: DSDT 0x000000007FFF02E0 002353 (v02 VBOX   VBOXBIOS 00000002 VBOX 00029BF3)
[    0.091489] ACPI: FACS 0x000000007FFF0200 000040
[    0.091492] ACPI: FACS 0x000000007FFF0200 000040
[    0.091496] ACPI: APIC 0x000000007FFF0240 000054 (v02 VBOX   VBOXAPIC 00000001 ASL  00000061)
[    0.091499] ACPI: SSDT 0x000000007FFF02A0 000038 (v01 VBOX   VBOXCPUT 00000002 VBOX 00029BF3)
[    0.091503] ACPI: Reserving FACP table memory at [mem 0x7fff00f0-0x7fff01e3]
[    0.091504] ACPI: Reserving DSDT table memory at [mem 0x7fff02e0-0x7fff2632]
[    0.091504] ACPI: Reserving FACS table memory at [mem 0x7fff0200-0x7fff023f]
[    0.091505] ACPI: Reserving FACS table memory at [mem 0x7fff0200-0x7fff023f]
[    0.091506] ACPI: Reserving APIC table memory at [mem 0x7fff0240-0x7fff0293]
[    0.091506] ACPI: Reserving SSDT table memory at [mem 0x7fff02a0-0x7fff02d7]
[    0.091521] ACPI: Local APIC address 0xfee00000
[    0.091707] No NUMA configuration found
[    0.091708] Faking a node at [mem 0x0000000000000000-0x000000007ffeffff]
[    0.091718] NODE_DATA(0) allocated [mem 0x7ffc5000-0x7ffeffff]
[    0.091979] Zone ranges:
[    0.091980]   DMA      [mem 0x0000000000001000-0x0000000000ffffff]
[    0.091981]   DMA32    [mem 0x0000000001000000-0x000000007ffeffff]
[    0.091982]   Normal   empty
[    0.091982]   Device   empty
[    0.091983] Movable zone start for each node
[    0.091985] Early memory node ranges
[    0.091986]   node   0: [mem 0x0000000000001000-0x000000000009efff]
[    0.091987]   node   0: [mem 0x0000000000100000-0x000000007ffeffff]
[    0.091990] Zeroed struct page in unavailable ranges: 114 pages
[    0.091991] Initmem setup node 0 [mem 0x0000000000001000-0x000000007ffeffff]
[    0.091992] On node 0 totalpages: 524174
[    0.091993]   DMA zone: 64 pages used for memmap
[    0.091994]   DMA zone: 21 pages reserved
[    0.091995]   DMA zone: 3998 pages, LIFO batch:0
[    0.092066]   DMA32 zone: 8128 pages used for memmap
[    0.092066]   DMA32 zone: 520176 pages, LIFO batch:63
[    0.101022] ACPI: PM-Timer IO Port: 0x4008
[    0.101025] ACPI: Local APIC address 0xfee00000
[    0.101099] IOAPIC[0]: apic_id 1, version 32, address 0xfec00000, GSI 0-23
[    0.101103] ACPI: INT_SRC_OVR (bus 0 bus_irq 0 global_irq 2 dfl dfl)
[    0.101104] ACPI: INT_SRC_OVR (bus 0 bus_irq 9 global_irq 9 low level)
[    0.101106] ACPI: IRQ0 used by override.
[    0.101107] ACPI: IRQ9 used by override.
[    0.101110] Using ACPI (MADT) for SMP configuration information
[    0.101117] smpboot: Allowing 1 CPUs, 0 hotplug CPUs
[    0.101138] PM: Registered nosave memory: [mem 0x00000000-0x00000fff]
[    0.101140] PM: Registered nosave memory: [mem 0x0009f000-0x0009ffff]
[    0.101140] PM: Registered nosave memory: [mem 0x000a0000-0x000effff]
[    0.101141] PM: Registered nosave memory: [mem 0x000f0000-0x000fffff]
[    0.101143] [mem 0x80000000-0xfebfffff] available for PCI devices
[    0.101143] Booting paravirtualized kernel on KVM
[    0.101146] clocksource: refined-jiffies: mask: 0xffffffff max_cycles: 0xffffffff, max_idle_ns: 7645519600211568 ns
[    0.101151] setup_percpu: NR_CPUS:8192 nr_cpumask_bits:1 nr_cpu_ids:1 nr_node_ids:1
[    0.102139] percpu: Embedded 60 pages/cpu s208896 r8192 d28672 u2097152
[    0.102143] pcpu-alloc: s208896 r8192 d28672 u2097152 alloc=1*2097152
[    0.102144] pcpu-alloc: [0] 0 
[    0.102171] Built 1 zonelists, mobility grouping on.  Total pages: 515961
[    0.102172] Policy zone: DMA32
[    0.102173] Kernel command line: BOOT_IMAGE=/boot/vmlinuz-5.4.243-mptcp root=UUID=98415a12-53b7-4144-8265-0f7ece09e445 ro quiet splash
[    0.103042] Dentry cache hash table entries: 262144 (order: 9, 2097152 bytes, linear)
[    0.103188] Inode-cache hash table entries: 131072 (order: 8, 1048576 bytes, linear)
[    0.103238] mem auto-init: stack:off, heap alloc:on, heap free:off
[    0.103241] Calgary: detecting Calgary via BIOS EBDA area
[    0.103242] Calgary: Unable to locate Rio Grande table in EBDA - bailing!
[    0.107294] Memory: 1967332K/2096696K available (14339K kernel code, 2398K rwdata, 4712K rodata, 2728K init, 17260K bss, 129364K reserved, 0K cma-reserved)
[    0.108207] SLUB: HWalign=64, Order=0-3, MinObjects=0, CPUs=1, Nodes=1
[    0.108223] ftrace: allocating 43186 entries in 169 pages
[    0.126262] rcu: Hierarchical RCU implementation.
[    0.126264] rcu: 	RCU restricting CPUs from NR_CPUS=8192 to nr_cpu_ids=1.
[    0.126265] 	Tasks RCU enabled.
[    0.126266] rcu: RCU calculated value of scheduler-enlistment delay is 25 jiffies.
[    0.126266] rcu: Adjusting geometry for rcu_fanout_leaf=16, nr_cpu_ids=1
[    0.129222] NR_IRQS: 524544, nr_irqs: 256, preallocated irqs: 16
[    0.129438] random: crng init done
[    0.138685] Console: colour VGA+ 80x25
[    0.138689] printk: console [tty0] enabled
[    0.138709] ACPI: Core revision 20190816
[    0.138806] APIC: Switch to symmetric I/O mode setup
[    0.139057] x2apic enabled
[    0.139296] Switched APIC routing to physical x2apic.
[    0.140432] ..TIMER: vector=0x30 apic1=0 pin1=2 apic2=-1 pin2=-1
[    0.140456] clocksource: tsc-early: mask: 0xffffffffffffffff max_cycles: 0x1e4530a99b6, max_idle_ns: 440795257976 ns
[    0.140462] Calibrating delay loop (skipped) preset value.. 4200.00 BogoMIPS (lpj=8400000)
[    0.140464] pid_max: default: 32768 minimum: 301
[    0.140492] LSM: Security Framework initializing
[    0.140501] Yama: becoming mindful.
[    0.140527] AppArmor: AppArmor initialized
[    0.140560] Mount-cache hash table entries: 4096 (order: 3, 32768 bytes, linear)
[    0.140564] Mountpoint-cache hash table entries: 4096 (order: 3, 32768 bytes, linear)
[    0.140574] *** VALIDATE tmpfs ***
[    0.140702] *** VALIDATE proc ***
[    0.140742] *** VALIDATE cgroup1 ***
[    0.140743] *** VALIDATE cgroup2 ***
[    0.140885] process: using mwait in idle threads
[    0.140890] Last level iTLB entries: 4KB 64, 2MB 8, 4MB 8
[    0.140891] Last level dTLB entries: 4KB 64, 2MB 0, 4MB 0, 1GB 4
[    0.140911] Spectre V1 : Mitigation: usercopy/swapgs barriers and __user pointer sanitization
[    0.140917] Spectre V2 : Mitigation: Retpolines
[    0.140917] Spectre V2 : Spectre v2 / SpectreRSB mitigation: Filling RSB on context switch
[    0.140918] Spectre V2 : Spectre v2 / SpectreRSB : Filling RSB on VMEXIT
[    0.140918] RETBleed: WARNING: Spectre v2 mitigation leaves CPU vulnerable to RETBleed attacks, data leaks possible!
[    0.141270] RETBleed: Vulnerable
[    0.141271] Speculative Store Bypass: Vulnerable
[    0.141275] TAA: Mitigation: TSX disabled
[    0.141276] MMIO Stale Data: Mitigation: Clear CPU buffers
[    0.145485] Freeing SMP alternatives memory: 40K
[    0.258079] smpboot: CPU0: Intel(R) Xeon(R) Silver 4216 CPU @ 2.10GHz (family: 0x6, model: 0x55, stepping: 0x7)
[    0.258215] Performance Events: unsupported p6 CPU model 85 no PMU driver, software events only.
[    0.258252] rcu: Hierarchical SRCU implementation.
[    0.258725] NMI watchdog: Perf NMI watchdog permanently disabled
[    0.258763] smp: Bringing up secondary CPUs ...
[    0.258764] smp: Brought up 1 node, 1 CPU
[    0.258765] smpboot: Max logical packages: 1
[    0.258766] smpboot: Total of 1 processors activated (4200.00 BogoMIPS)
[    0.259697] devtmpfs: initialized
[    0.259744] x86/mm: Memory block size: 128MB
[    0.260087] clocksource: jiffies: mask: 0xffffffff max_cycles: 0xffffffff, max_idle_ns: 7645041785100000 ns
[    0.260093] futex hash table entries: 256 (order: 2, 16384 bytes, linear)
[    0.260136] pinctrl core: initialized pinctrl subsystem
[    0.260238] PM: RTC time: 18:16:18, date: 2026-01-15
[    0.260344] NET: Registered protocol family 16
[    0.260416] audit: initializing netlink subsys (disabled)
[    0.260458] EISA bus registered
[    0.260458] cpuidle: using governor ladder
[    0.260458] cpuidle: using governor menu
[    0.260458] ACPI: bus type PCI registered
[    0.260458] acpiphp: ACPI Hot Plug PCI Controller Driver version: 0.5
[    0.260458] PCI: Using configuration type 1 for base access
[    0.260691] audit: type=2000 audit(1768472184.950:1): state=initialized audit_enabled=0 res=1
[    0.260771] HugeTLB registered 2.00 MiB page size, pre-allocated 0 pages
[    0.261580] ACPI: Added _OSI(Module Device)
[    0.261581] ACPI: Added _OSI(Processor Device)
[    0.261582] ACPI: Added _OSI(3.0 _SCP Extensions)
[    0.261582] ACPI: Added _OSI(Processor Aggregator Device)
[    0.261583] ACPI: Added _OSI(Linux-Dell-Video)
[    0.261584] ACPI: Added _OSI(Linux-Lenovo-NV-HDMI-Audio)
[    0.261585] ACPI: Added _OSI(Linux-HPI-Hybrid-Graphics)
[    0.263532] ACPI: 2 ACPI AML tables successfully acquired and loaded
[    0.265141] ACPI: Interpreter enabled
[    0.265151] ACPI: (supports S0 S5)
[    0.265152] ACPI: Using IOAPIC for interrupt routing
[    0.265362] PCI: Using host bridge windows from ACPI; if necessary, use "pci=nocrs" and report a bug
[    0.265469] ACPI: Enabled 2 GPEs in block 00 to 07
[    0.270309] ACPI: PCI Root Bridge [PCI0] (domain 0000 [bus 00-ff])
[    0.270314] acpi PNP0A03:00: _OSC: OS supports [ASPM ClockPM Segments MSI HPX-Type3]
[    0.270765] acpi PNP0A03:00: _OSC: not requesting OS control; OS requires [ExtendedConfig ASPM ClockPM MSI]
[    0.270773] acpi PNP0A03:00: fail to add MMCONFIG information, can't access extended PCI configuration space under this bridge.
[    0.271144] PCI host bridge to bus 0000:00
[    0.271146] pci_bus 0000:00: root bus resource [io  0x0000-0x0cf7 window]
[    0.271148] pci_bus 0000:00: root bus resource [io  0x0d00-0xffff window]
[    0.271149] pci_bus 0000:00: root bus resource [mem 0x000a0000-0x000bffff window]
[    0.271150] pci_bus 0000:00: root bus resource [mem 0x80000000-0xfdffffff window]
[    0.271151] pci_bus 0000:00: root bus resource [bus 00-ff]
[    0.271193] pci 0000:00:00.0: [8086:1237] type 00 class 0x060000
[    0.272126] pci 0000:00:01.0: [8086:7000] type 00 class 0x060100
[    0.272932] pci 0000:00:01.1: [8086:7111] type 00 class 0x01018a
[    0.273310] pci 0000:00:01.1: reg 0x20: [io  0xd000-0xd00f]
[    0.273465] pci 0000:00:01.1: legacy IDE quirk: reg 0x10: [io  0x01f0-0x01f7]
[    0.273466] pci 0000:00:01.1: legacy IDE quirk: reg 0x14: [io  0x03f6]
[    0.273467] pci 0000:00:01.1: legacy IDE quirk: reg 0x18: [io  0x0170-0x0177]
[    0.273468] pci 0000:00:01.1: legacy IDE quirk: reg 0x1c: [io  0x0376]
[    0.274003] pci 0000:00:02.0: [15ad:0405] type 00 class 0x030000
[    0.276537] pci 0000:00:02.0: reg 0x10: [io  0xd010-0xd01f]
[    0.279339] pci 0000:00:02.0: reg 0x14: [mem 0xe0000000-0xe7ffffff pref]
[    0.282328] pci 0000:00:02.0: reg 0x18: [mem 0xf0000000-0xf01fffff]
[    0.293253] pci 0000:00:03.0: [1022:2000] type 00 class 0x020000
[    0.293967] pci 0000:00:03.0: reg 0x10: [io  0xd020-0xd03f]
[    0.294606] pci 0000:00:03.0: reg 0x14: [mem 0xf0200000-0xf0200fff]
[    0.299019] pci 0000:00:04.0: [80ee:cafe] type 00 class 0x088000
[    0.299714] pci 0000:00:04.0: reg 0x10: [io  0xd040-0xd05f]
[    0.300504] pci 0000:00:04.0: reg 0x14: [mem 0xf0400000-0xf07fffff]
[    0.301132] pci 0000:00:04.0: reg 0x18: [mem 0xf0800000-0xf0803fff pref]
[    0.304514] pci 0000:00:07.0: [8086:7113] type 00 class 0x068000
[    0.305046] pci 0000:00:07.0: quirk: [io  0x4000-0x403f] claimed by PIIX4 ACPI
[    0.305056] pci 0000:00:07.0: quirk: [io  0x4100-0x410f] claimed by PIIX4 SMB
[    0.305666] pci 0000:00:08.0: [8086:100e] type 00 class 0x020000
[    0.306386] pci 0000:00:08.0: reg 0x10: [mem 0xf0820000-0xf083ffff]
[    0.307549] pci 0000:00:08.0: reg 0x18: [io  0xd060-0xd067]
[    0.310646] pci 0000:00:09.0: [8086:100e] type 00 class 0x020000
[    0.311355] pci 0000:00:09.0: reg 0x10: [mem 0xf0840000-0xf085ffff]
[    0.313086] pci 0000:00:09.0: reg 0x18: [io  0xd068-0xd06f]
[    0.321608] ACPI: PCI Interrupt Link [LNKA] (IRQs 5 9 10 *11)
[    0.321894] ACPI: PCI Interrupt Link [LNKB] (IRQs 5 9 *10 11)
[    0.322000] ACPI: PCI Interrupt Link [LNKC] (IRQs 5 *9 10 11)
[    0.322104] ACPI: PCI Interrupt Link [LNKD] (IRQs 5 9 10 *11)
[    0.324657] iommu: Default domain type: Translated 
[    0.324716] pci 0000:00:02.0: vgaarb: setting as boot VGA device
[    0.324718] pci 0000:00:02.0: vgaarb: VGA device added: decodes=io+mem,owns=io+mem,locks=none
[    0.324720] pci 0000:00:02.0: vgaarb: bridge control possible
[    0.324721] vgaarb: loaded
[    0.324945] SCSI subsystem initialized
[    0.324983] libata version 3.00 loaded.
[    0.325004] ACPI: bus type USB registered
[    0.325021] usbcore: registered new interface driver usbfs
[    0.325027] usbcore: registered new interface driver hub
[    0.325032] usbcore: registered new device driver usb
[    0.325060] pps_core: LinuxPPS API ver. 1 registered
[    0.325061] pps_core: Software ver. 5.3.6 - Copyright 2005-2007 Rodolfo Giometti <giometti@linux.it>
[    0.325063] PTP clock support registered
[    0.325097] EDAC MC: Ver: 3.0.0
[    0.325382] PCI: Using ACPI for IRQ routing
[    0.325383] PCI: pci_cache_line_size set to 64 bytes
[    0.325554] e820: reserve RAM buffer [mem 0x0009fc00-0x0009ffff]
[    0.325558] e820: reserve RAM buffer [mem 0x7fff0000-0x7fffffff]
[    0.326355] NetLabel: Initializing
[    0.326355] NetLabel:  domain hash size = 128
[    0.326356] NetLabel:  protocols = UNLABELED CIPSOv4 CALIPSO
[    0.326375] NetLabel:  unlabeled traffic allowed by default
[    0.327274] clocksource: Switched to clocksource kvm-clock
[    0.338873] *** VALIDATE bpf ***
[    0.338933] VFS: Disk quotas dquot_6.6.0
[    0.338946] VFS: Dquot-cache hash table entries: 512 (order 0, 4096 bytes)
[    0.338968] *** VALIDATE ramfs ***
[    0.338971] *** VALIDATE hugetlbfs ***
[    0.339048] AppArmor: AppArmor Filesystem Enabled
[    0.339075] pnp: PnP ACPI init
[    0.339142] pnp 00:00: Plug and Play ACPI device, IDs PNP0303 (active)
[    0.339228] pnp 00:01: Plug and Play ACPI device, IDs PNP0f03 (active)
[    0.339983] pnp: PnP ACPI: found 2 devices
[    0.340935] thermal_sys: Registered thermal governor 'fair_share'
[    0.340936] thermal_sys: Registered thermal governor 'bang_bang'
[    0.340937] thermal_sys: Registered thermal governor 'step_wise'
[    0.340937] thermal_sys: Registered thermal governor 'user_space'
[    0.340938] thermal_sys: Registered thermal governor 'power_allocator'
[    0.345465] clocksource: acpi_pm: mask: 0xffffff max_cycles: 0xffffff, max_idle_ns: 2085701024 ns
[    0.345505] pci_bus 0000:00: resource 4 [io  0x0000-0x0cf7 window]
[    0.345507] pci_bus 0000:00: resource 5 [io  0x0d00-0xffff window]
[    0.345508] pci_bus 0000:00: resource 6 [mem 0x000a0000-0x000bffff window]
[    0.345509] pci_bus 0000:00: resource 7 [mem 0x80000000-0xfdffffff window]
[    0.345568] NET: Registered protocol family 2
[    0.345641] IP idents hash table entries: 32768 (order: 6, 262144 bytes, linear)
[    0.346053] MPTCP tokens hash table entries: 8192 (order: 4, 65536 bytes, linear)
[    0.346073] MPTCP request tokens hash table entries: 8192 (order: 4, 65536 bytes, linear)
[    0.346098] default registered
[    0.346098] default registered
[    0.346098] MPTCP: Stable release v0.96
[    0.346104] tcp_listen_portaddr_hash hash table entries: 1024 (order: 2, 16384 bytes, linear)
[    0.346181] TCP established hash table entries: 16384 (order: 5, 131072 bytes, linear)
[    0.346245] TCP bind hash table entries: 16384 (order: 6, 262144 bytes, linear)
[    0.346271] TCP: Hash tables configured (established 16384 bind 16384)
[    0.346958] UDP hash table entries: 1024 (order: 3, 32768 bytes, linear)
[    0.346970] UDP-Lite hash table entries: 1024 (order: 3, 32768 bytes, linear)
[    0.347003] NET: Registered protocol family 1
[    0.347011] NET: Registered protocol family 44
[    0.347031] pci 0000:00:00.0: Limiting direct PCI/PCI transfers
[    0.347043] pci 0000:00:01.0: Activating ISA DMA hang workarounds
[    0.347118] pci 0000:00:02.0: Video device with shadowed ROM at [mem 0x000c0000-0x000dffff]
[    0.347181] PCI: CLS 0 bytes, default 64
[    0.347234] Trying to unpack rootfs image as initramfs...
[    0.528839] Freeing initrd memory: 47868K
[    0.528924] clocksource: tsc: mask: 0xffffffffffffffff max_cycles: 0x1e4530a99b6, max_idle_ns: 440795257976 ns
[    0.528933] clocksource: Switched to clocksource tsc
[    0.528968] platform rtc_cmos: registered platform RTC device (no PNP device found)
[    0.528995] check: Scanning for low memory corruption every 60 seconds
[    0.529300] Initialise system trusted keyrings
[    0.529311] Key type blacklist registered
[    0.529353] workingset: timestamp_bits=36 max_order=19 bucket_order=0
[    0.530216] zbud: loaded
[    0.530216] squashfs: version 4.0 (2009/01/31) Phillip Lougher
[    0.530216] fuse: init (API version 7.31)
[    0.530216] *** VALIDATE fuse ***
[    0.530216] *** VALIDATE fuse ***
[    0.530216] Platform Keyring initialized
[    0.534223] Key type asymmetric registered
[    0.534224] Asymmetric key parser 'x509' registered
[    0.534234] Block layer SCSI generic (bsg) driver version 0.4 loaded (major 244)
[    0.534270] io scheduler mq-deadline registered
[    0.534390] shpchp: Standard Hot Plug PCI Controller Driver version: 0.4
[    0.534601] ACPI: AC Adapter [AC] (on-line)
[    0.534645] input: Power Button as /devices/LNXSYSTM:00/LNXPWRBN:00/input/input0
[    0.534674] ACPI: Power Button [PWRF]
[    0.534763] input: Sleep Button as /devices/LNXSYSTM:00/LNXSLPBN:00/input/input1
[    0.534778] ACPI: Sleep Button [SLPF]
[    0.535030] Serial: 8250/16550 driver, 32 ports, IRQ sharing enabled
[    0.536175] Linux agpgart interface v0.103
[    0.631063] loop: module loaded
[    0.631211] ata_piix 0000:00:01.1: version 2.13
[    0.631617] scsi host0: ata_piix
[    0.631706] scsi host1: ata_piix
[    0.631732] ata1: PATA max UDMA/33 cmd 0x1f0 ctl 0x3f6 bmdma 0xd000 irq 14
[    0.631733] ata2: PATA max UDMA/33 cmd 0x170 ctl 0x376 bmdma 0xd008 irq 15
[    0.631812] tun: Universal TUN/TAP device driver, 1.6
[    0.632115] PPP generic driver version 2.4.2
[    0.632156] VFIO - User Level meta-driver version: 0.3
[    0.632392] ehci_hcd: USB 2.0 'Enhanced' Host Controller (EHCI) Driver
[    0.632397] ehci-pci: EHCI PCI platform driver
[    0.632412] ehci-platform: EHCI generic platform driver
[    0.632417] ohci_hcd: USB 1.1 'Open' Host Controller (OHCI) Driver
[    0.632419] ohci-pci: OHCI PCI platform driver
[    0.632426] ohci-platform: OHCI generic platform driver
[    0.632430] uhci_hcd: USB Universal Host Controller Interface driver
[    0.632493] i8042: PNP: PS/2 Controller [PNP0303:PS2K,PNP0f03:PS2M] at 0x60,0x64 irq 1,12
[    0.632932] serio: i8042 KBD port at 0x60,0x64 irq 1
[    0.632936] serio: i8042 AUX port at 0x60,0x64 irq 12
[    0.633021] mousedev: PS/2 mouse device common for all mice
[    0.633278] input: AT Translated Set 2 keyboard as /devices/platform/i8042/serio0/input/input2
[    0.633672] rtc_cmos rtc_cmos: registered as rtc0
[    0.633685] rtc_cmos rtc_cmos: alarms up to one day, 114 bytes nvram
[    0.633690] i2c /dev entries driver
[    0.633734] device-mapper: uevent: version 1.0.3
[    0.633776] device-mapper: ioctl: 4.41.0-ioctl (2019-09-16) initialised: dm-devel@redhat.com
[    0.633791] platform eisa.0: Probing EISA bus 0
[    0.633793] platform eisa.0: EISA: Cannot allocate resource for mainboard
[    0.633794] platform eisa.0: Cannot allocate resource for EISA slot 1
[    0.633795] platform eisa.0: Cannot allocate resource for EISA slot 2
[    0.633796] platform eisa.0: Cannot allocate resource for EISA slot 3
[    0.633797] platform eisa.0: Cannot allocate resource for EISA slot 4
[    0.633798] platform eisa.0: Cannot allocate resource for EISA slot 5
[    0.633799] platform eisa.0: Cannot allocate resource for EISA slot 6
[    0.633800] platform eisa.0: Cannot allocate resource for EISA slot 7
[    0.633801] platform eisa.0: Cannot allocate resource for EISA slot 8
[    0.633802] platform eisa.0: EISA: Detected 0 cards
[    0.633804] intel_pstate: CPU model not supported
[    0.633813] ledtrig-cpu: registered to indicate activity on CPUs
[    0.633867] drop_monitor: Initializing network drop monitor service
[    0.634026] NET: Registered protocol family 10
[    0.639097] Segment Routing with IPv6
[    0.639129] fullmesh registered
[    0.639130] ndiffports registered
[    0.639132] binder registered
[    0.639133] roundrobin registered
[    0.639133] redundant registered
[    0.639134] blest registered
[    0.639134] ecf registered
[    0.639136] NET: Registered protocol family 17
[    0.639166] Key type dns_resolver registered
[    0.639219] RAS: Correctable Errors collector initialized.
[    0.639219] IPI shorthand broadcast: enabled
[    0.639219] sched_clock: Marking stable (624189266, 11029739)->(637465890, -2246885)
[    0.639340] registered taskstats version 1
[    0.639348] Loading compiled-in X.509 certificates
[    0.639936] Loaded X.509 cert 'Build time autogenerated kernel key: 6909f3744cebb3d0de528d5887b96a727de79b1e'
[    0.639955] zswap: loaded using pool lzo/zbud
[    0.640007] Key type ._fscrypt registered
[    0.640008] Key type .fscrypt registered
[    0.644432] Key type big_key registered
[    0.646598] Key type encrypted registered
[    0.646600] AppArmor: AppArmor sha1 policy hashing enabled
[    0.646607] ima: No TPM chip found, activating TPM-bypass!
[    0.646612] ima: Allocated hash algorithm: sha1
[    0.646617] ima: No architecture policies found
[    0.646626] evm: Initialising EVM extended attributes:
[    0.646627] evm: security.selinux
[    0.646627] evm: security.SMACK64
[    0.646628] evm: security.SMACK64EXEC
[    0.646628] evm: security.SMACK64TRANSMUTE
[    0.646629] evm: security.SMACK64MMAP
[    0.646629] evm: security.apparmor
[    0.646629] evm: security.ima
[    0.646630] evm: security.capability
[    0.646631] evm: HMAC attrs: 0x1
[    0.646922] PM:   Magic number: 10:724:291
[    0.646944] tty tty24: hash matches
[    0.647061] rtc_cmos rtc_cmos: setting system clock to 2026-01-15T18:16:19 UTC (1768500979)
[    0.805720] ata1.00: ATA-6: VBOX HARDDISK, 1.0, max UDMA/133
[    0.805724] ata1.00: 209715200 sectors, multi 128: LBA 
[    0.806563] scsi 0:0:0:0: Direct-Access     ATA      VBOX HARDDISK    1.0  PQ: 0 ANSI: 5
[    0.806928] sd 0:0:0:0: [sda] 209715200 512-byte logical blocks: (107 GB/100 GiB)
[    0.806945] sd 0:0:0:0: [sda] Write Protect is off
[    0.806949] sd 0:0:0:0: [sda] Mode Sense: 00 3a 00 00
[    0.807037] sd 0:0:0:0: [sda] Write cache: enabled, read cache: enabled, doesn't support DPO or FUA
[    0.807329] sd 0:0:0:0: Attached scsi generic sg0 type 0
[    0.808636]  sda: sda1 sda2
[    0.819364] sd 0:0:0:0: [sda] Attached SCSI disk
[    0.824616] Freeing unused decrypted memory: 2040K
[    0.825959] Freeing unused kernel image memory: 2728K
[    0.825964] Write protecting the kernel read-only data: 22528k
[    0.827468] Freeing unused kernel image memory: 2036K
[    0.828252] Freeing unused kernel image memory: 1432K
[    0.866565] x86/mm: Checked W+X mappings: passed, no W+X pages found.
[    0.866572] Run /init as init process
[    0.973132] ACPI: Video Device [GFX0] (multi-head: yes  rom: no  post: no)
[    0.973211] input: Video Bus as /devices/LNXSYSTM:00/LNXSYBUS:00/PNP0A03:00/LNXVIDEO:00/input/input4
[    0.984924] pcnet32: pcnet32.c:v1.35 21.Apr.2008 tsbogend@alpha.franken.de
[    0.988362] piix4_smbus 0000:00:07.0: SMBus Host Controller at 0x4100, revision 0
[    0.991422] e1000: Intel(R) PRO/1000 Network Driver - version 7.3.21-k8-NAPI
[    0.991423] e1000: Copyright (c) 1999-2006 Intel Corporation.
[    0.998308] pcnet32: PCnet/FAST III 79C973 at 0xd020, 08:00:27:c3:cf:d3 assigned IRQ 19
[    0.998355] pcnet32: Found PHY 0022:561b at address 0
[    0.998653] pcnet32: eth0: registered as PCnet/FAST III 79C973
[    1.004501] pcnet32: 1 cards_found
[    1.075946] pcnet32 0000:00:03.0 enp0s3: renamed from eth0
[    1.204492] input: ImExPS/2 Generic Explorer Mouse as /devices/platform/i8042/serio1/input/input5
[    1.403331] e1000 0000:00:08.0 eth0: (PCI:33MHz:32-bit) 08:00:27:10:13:18
[    1.403335] e1000 0000:00:08.0 eth0: Intel(R) PRO/1000 Network Connection
[    1.775330] e1000 0000:00:09.0 eth1: (PCI:33MHz:32-bit) 08:00:27:b2:79:b7
[    1.775333] e1000 0000:00:09.0 eth1: Intel(R) PRO/1000 Network Connection
[    1.776460] e1000 0000:00:09.0 enp0s9: renamed from eth1
[    1.778244] e1000 0000:00:08.0 enp0s8: renamed from eth0
[    1.927836] EXT4-fs (sda2): mounted filesystem with ordered data mode. Opts: (null)
[    2.018839] systemd[1]: Inserted module 'autofs4'
[    2.031004] systemd[1]: systemd 245.4-4ubuntu3 running in system mode. (+PAM +AUDIT +SELINUX +IMA +APPARMOR +SMACK +SYSVINIT +UTMP +LIBCRYPTSETUP +GCRYPT +GNUTLS +ACL +XZ +LZ4 +SECCOMP +BLKID +ELFUTILS +KMOD +IDN2 -IDN +PCRE2 default-hierarchy=hybrid)
[    2.031035] systemd[1]: Detected virtualization oracle.
[    2.031038] systemd[1]: Detected architecture x86-64.
[    2.032343] systemd[1]: Set hostname to <ztg>.
[    2.158614] systemd[1]: /lib/systemd/system/dbus.socket:5: ListenStream= references a path below legacy directory /var/run/, updating /var/run/dbus/system_bus_socket â†’ /run/dbus/system_bus_socket; please update the unit file accordingly.
[    2.212302] systemd[1]: Created slice system-modprobe.slice.
[    2.212487] systemd[1]: Created slice User and Session Slice.
[    2.212533] systemd[1]: Started Forward Password Requests to Wall Directory Watch.
[    2.212698] systemd[1]: Set up automount Arbitrary Executable File Formats File System Automount Point.
[    2.212733] systemd[1]: Reached target User and Group Name Lookups.
[    2.212742] systemd[1]: Reached target Remote File Systems.
[    2.212750] systemd[1]: Reached target Slices.
[    2.213318] systemd[1]: Listening on Syslog Socket.
[    2.213386] systemd[1]: Listening on fsck to fsckd communication Socket.
[    2.213425] systemd[1]: Listening on initctl Compatibility Named Pipe.
[    2.213560] systemd[1]: Listening on Journal Audit Socket.
[    2.213613] systemd[1]: Listening on Journal Socket (/dev/log).
[    2.213682] systemd[1]: Listening on Journal Socket.
[    2.213745] systemd[1]: Listening on udev Control Socket.
[    2.213787] systemd[1]: Listening on udev Kernel Socket.
[    2.214577] systemd[1]: Mounting Huge Pages File System...
[    2.215561] systemd[1]: Mounting POSIX Message Queue File System...
[    2.216463] systemd[1]: Mounting Kernel Debug File System...
[    2.217313] systemd[1]: Mounting Kernel Trace File System...
[    2.219243] systemd[1]: Starting Journal Service...
[    2.246696] systemd[1]: Starting Set the console keyboard layout...
[    2.249355] systemd[1]: Starting Create list of static device nodes for the current kernel...
[    2.254571] systemd[1]: Starting Load Kernel Module drm...
[    2.256013] systemd[1]: Condition check resulted in Set Up Additional Binary Formats being skipped.
[    2.256058] systemd[1]: Condition check resulted in File System Check on Root Device being skipped.
[    2.263346] systemd[1]: Starting Load Kernel Modules...
[    2.264099] systemd[1]: Starting Remount Root and Kernel File Systems...
[    2.264882] systemd[1]: Starting udev Coldplug all Devices...
[    2.265666] systemd[1]: Starting Uncomplicated firewall...
[    2.267184] systemd[1]: Mounted Huge Pages File System.
[    2.267272] systemd[1]: Mounted POSIX Message Queue File System.
[    2.267343] systemd[1]: Mounted Kernel Debug File System.
[    2.267412] systemd[1]: Mounted Kernel Trace File System.
[    2.318752] systemd[1]: Finished Create list of static device nodes for the current kernel.
[    2.324156] systemd[1]: Finished Uncomplicated firewall.
[    2.325772] EXT4-fs (sda2): re-mounted. Opts: errors=remount-ro
[    2.329187] systemd[1]: modprobe@drm.service: Succeeded.
[    2.329420] systemd[1]: Finished Load Kernel Module drm.
[    2.330299] systemd[1]: Finished Remount Root and Kernel File Systems.
[    2.330949] systemd[1]: Condition check resulted in Rebuild Hardware Database being skipped.
[    2.330979] systemd[1]: Condition check resulted in Platform Persistent Storage Archival being skipped.
[    2.338928] systemd[1]: Starting Load/Save Random Seed...
[    2.345608] systemd[1]: Starting Create System Users...
[    2.370322] systemd[1]: Finished Load/Save Random Seed.
[    2.371954] lp: driver loaded but no devices found
[    2.377731] systemd[1]: Finished Create System Users.
[    2.379400] systemd[1]: Starting Create Static Device Nodes in /dev...
[    2.400265] ppdev: user-space parallel port driver
[    2.416879] systemd[1]: Finished Create Static Device Nodes in /dev.
[    2.417778] systemd[1]: Starting udev Kernel Device Manager...
[    2.458620] systemd[1]: Finished udev Coldplug all Devices.
[    2.460888] [drm] DMA map mode: Caching DMA mappings.
[    2.460952] [drm] Capabilities:
[    2.460952] [drm]   Rect copy.
[    2.460952] [drm]   Cursor.
[    2.460953] [drm]   Cursor bypass.
[    2.460953] [drm]   Cursor bypass 2.
[    2.460953] [drm]   Alpha cursor.
[    2.460954] [drm]   Extended Fifo.
[    2.460954] [drm]   Pitchlock.
[    2.460954] [drm]   Irq mask.
[    2.460955] [drm]   GMR.
[    2.460955] [drm]   Traces.
[    2.460956] [drm]   GMR2.
[    2.460956] [drm]   Screen Object 2.
[    2.460956] [drm]   Command Buffers.
[    2.460957] [drm]   Command Buffers 2.
[    2.460957] [drm]   Guest Backed Resources.
[    2.460958] [drm] Max GMR ids is 8192
[    2.460959] [drm] Max number of GMR pages is 1048576
[    2.460959] [drm] Max dedicated hypervisor surface memory is 393216 kiB
[    2.460960] [drm] Maximum display memory size is 131072 kiB
[    2.460961] [drm] VRAM at 0xe0000000 size is 131072 kiB
[    2.460961] [drm] MMIO at 0xf0000000 size is 2048 kiB
[    2.463988] [TTM] Zone  kernel: Available graphics memory: 1011738 KiB
[    2.463989] [TTM] Initializing pool allocator
[    2.463993] [TTM] Initializing DMA pool allocator
[    2.464026] [drm] Supports vblank timestamp caching Rev 2 (21.10.2013).
[    2.464026] [drm] No driver support for vblank timestamp query.
[    2.464267] [drm] Screen Target Display device initialized
[    2.464486] [drm] width 720
[    2.464494] [drm] height 400
[    2.464498] [drm] bpp 32
[    2.465007] [drm] Fifo max 0x00200000 min 0x00001000 cap 0x00000355
[    2.466059] [drm] Using command buffers with DMA pool.
[    2.466063] [drm] DX: no.
[    2.466063] [drm] Atomic: yes.
[    2.466064] [drm] SM4_1: no.
[    2.466083] [drm:vmw_host_log [vmwgfx]] *ERROR* Failed to send host log message.
[    2.466975] [drm:vmw_host_log [vmwgfx]] *ERROR* Failed to send host log message.
[    2.499280] fbcon: svgadrmfb (fb0) is primary device
[    2.503412] Console: switching to colour frame buffer device 100x37
[    2.512052] [drm] Initialized vmwgfx 2.15.0 20180704 for 0000:00:02.0 on minor 0
[    2.513858] systemd[1]: Finished Load Kernel Modules.
[    2.514860] systemd[1]: Mounting FUSE Control File System...
[    2.516018] systemd[1]: Mounting Kernel Configuration File System...
[    2.529836] systemd[1]: Starting Apply Kernel Variables...
[    2.531497] systemd[1]: Mounted FUSE Control File System.
[    2.531568] systemd[1]: Condition check resulted in VMware vmblock fuse mount being skipped.
[    2.540455] systemd[1]: Mounted Kernel Configuration File System.
[    2.567976] systemd[1]: Finished Set the console keyboard layout.
[    2.568088] systemd[1]: Reached target Local File Systems (Pre).
[    2.575853] systemd[1]: Mounting Mount unit for bare, revision 5...
[    2.578736] systemd[1]: Mounting Mount unit for core18, revision 1705...
[    2.585535] systemd[1]: Mounting Mount unit for gnome-3-34-1804, revision 24...
[    2.616725] systemd[1]: Mounting Mount unit for gtk-common-themes, revision 1506...
[    2.624512] systemd[1]: Mounting Mount unit for gtk-common-themes, revision 1535...
[    2.628693] systemd[1]: Mounting Mount unit for snap-store, revision 433...
[    2.639856] systemd[1]: Mounting Mount unit for snapd, revision 7264...
[    2.640173] systemd[1]: Started udev Kernel Device Manager.
[    2.648183] systemd[1]: Finished Apply Kernel Variables.
[    2.652238] systemd[1]: Starting Show Plymouth Boot Screen...
[    2.654319] systemd[1]: Received SIGRTMIN+20 from PID 279 (plymouthd).
[    2.683689] systemd[1]: Mounted Mount unit for bare, revision 5.
[    2.684002] systemd[1]: Mounted Mount unit for core18, revision 1705.
[    2.698389] systemd[1]: Started Show Plymouth Boot Screen.
[    2.698524] systemd[1]: Condition check resulted in Dispatch Password Requests to Console Directory Watch being skipped.
[    2.698617] systemd[1]: Started Forward Password Requests to Plymouth Directory Watch.
[    2.698660] systemd[1]: Reached target Local Encrypted Volumes.
[    2.716234] systemd[1]: Mounted Mount unit for gnome-3-34-1804, revision 24.
[    2.749342] systemd[1]: Mounted Mount unit for gtk-common-themes, revision 1506.
[    2.781874] systemd[1]: Mounted Mount unit for snap-store, revision 433.
[    2.830845] systemd[1]: Mounted Mount unit for gtk-common-themes, revision 1535.
[    2.831108] systemd[1]: Mounted Mount unit for snapd, revision 7264.
[    2.831265] systemd[1]: Reached target Local File Systems.
[    2.833481] systemd[1]: Starting Load AppArmor profiles...
[    2.846028] systemd[1]: Starting Set console font and keymap...
[    2.860860] systemd[1]: Starting Tell Plymouth To Write Out Runtime Data...
[    2.860993] systemd[1]: Condition check resulted in Store a System Token in an EFI Variable being skipped.
[    2.861044] systemd[1]: Condition check resulted in Commit a transient machine-id on disk being skipped.
[    2.865006] systemd[1]: Finished Set console font and keymap.
[    2.872939] systemd[1]: Received SIGRTMIN+20 from PID 279 (plymouthd).
[    2.873972] systemd[1]: plymouth-read-write.service: Succeeded.
[    2.874230] systemd[1]: Finished Tell Plymouth To Write Out Runtime Data.
[    2.909122] audit: type=1400 audit(1768500981.760:2): apparmor="STATUS" operation="profile_load" profile="unconfined" name="nvidia_modprobe" pid=301 comm="apparmor_parser"
[    2.909124] audit: type=1400 audit(1768500981.760:3): apparmor="STATUS" operation="profile_load" profile="unconfined" name="nvidia_modprobe//kmod" pid=301 comm="apparmor_parser"
[    2.915981] audit: type=1400 audit(1768500981.768:4): apparmor="STATUS" operation="profile_load" profile="unconfined" name="/usr/sbin/tcpdump" pid=302 comm="apparmor_parser"
[    2.946266] audit: type=1400 audit(1768500981.792:5): apparmor="STATUS" operation="profile_load" profile="unconfined" name="/usr/bin/evince" pid=304 comm="apparmor_parser"
[    2.946268] audit: type=1400 audit(1768500981.792:6): apparmor="STATUS" operation="profile_load" profile="unconfined" name="/usr/bin/evince//sanitized_helper" pid=304 comm="apparmor_parser"
[    2.946270] audit: type=1400 audit(1768500981.792:7): apparmor="STATUS" operation="profile_load" profile="unconfined" name="/usr/bin/evince-previewer" pid=304 comm="apparmor_parser"
[    2.946271] audit: type=1400 audit(1768500981.792:8): apparmor="STATUS" operation="profile_load" profile="unconfined" name="/usr/bin/evince-previewer//sanitized_helper" pid=304 comm="apparmor_parser"
[    2.946273] audit: type=1400 audit(1768500981.792:9): apparmor="STATUS" operation="profile_load" profile="unconfined" name="/usr/bin/evince-thumbnailer" pid=304 comm="apparmor_parser"
[    2.966636] audit: type=1400 audit(1768500981.816:10): apparmor="STATUS" operation="profile_load" profile="unconfined" name="/usr/lib/cups/backend/cups-pdf" pid=305 comm="apparmor_parser"
[    3.043479] systemd[1]: Finished Load AppArmor profiles.
[    3.044403] systemd[1]: Starting Load AppArmor profiles managed internally by snapd...
[    3.123878] systemd[1]: Finished Load AppArmor profiles managed internally by snapd.
[    3.225773] systemd[1]: Started Journal Service.
[    3.234894] systemd-journald[229]: Received client request to flush runtime journal.
[    3.238770] systemd-journald[229]: File /var/log/journal/c455b248004a419c87ce85eea238d727/system.journal corrupted or uncleanly shut down, renaming and replacing.
[    4.539455] RAPL PMU: API unit is 2^-32 Joules, 0 fixed counters, 10737418240 ms ovfl timer
[    4.606370] cryptd: max_cpu_qlen set to 1000
[    4.657869] AVX2 version of gcm_enc/dec engaged.
[    4.657870] AES CTR mode by8 optimization enabled
[    5.454449] Adding 1998844k swap on /dev/sda1.  Priority:-2 extents:1 across:1998844k FS
[    6.640624] kauditd_printk_skb: 30 callbacks suppressed
[    6.640625] audit: type=1400 audit(1768500985.488:41): apparmor="DENIED" operation="capable" profile="/usr/sbin/cups-browsed" pid=497 comm="cups-browsed" capability=23  capname="sys_nice"
[    7.580732] pcnet32 0000:00:03.0 enp0s3: link up, 100Mbps, full-duplex
[    7.617082] e1000: enp0s8 NIC Link is Up 1000 Mbps Full Duplex, Flow Control: RX
[    7.617378] IPv6: ADDRCONF(NETDEV_CHANGE): enp0s8: link becomes ready
[    7.629721] e1000: enp0s9 NIC Link is Up 1000 Mbps Full Duplex, Flow Control: RX
[    7.630012] IPv6: ADDRCONF(NETDEV_CHANGE): enp0s9: link becomes ready
[    8.165762] device enp0s3 entered promiscuous mode
[    8.190246] audit: type=1400 audit(1768500987.036:42): apparmor="DENIED" operation="open" profile="/usr/sbin/tcpdump" name="/proc/sys/kernel/random/boot_id" pid=683 comm="tcpdump" requested_mask="r" denied_mask="r" fsuid=0 ouid=0
[    8.190593] audit: type=1400 audit(1768500987.036:43): apparmor="DENIED" operation="open" profile="/usr/sbin/tcpdump" name="/proc/sys/kernel/random/boot_id" pid=683 comm="tcpdump" requested_mask="r" denied_mask="r" fsuid=0 ouid=0
[    8.190644] audit: type=1400 audit(1768500987.036:44): apparmor="DENIED" operation="open" profile="/usr/sbin/tcpdump" name="/proc/sys/kernel/random/boot_id" pid=683 comm="tcpdump" requested_mask="r" denied_mask="r" fsuid=0 ouid=0
[    8.190663] audit: type=1400 audit(1768500987.036:45): apparmor="DENIED" operation="open" profile="/usr/sbin/tcpdump" name="/proc/sys/kernel/random/boot_id" pid=683 comm="tcpdump" requested_mask="r" denied_mask="r" fsuid=0 ouid=0
[    8.196135] audit: type=1400 audit(1768500987.044:46): apparmor="DENIED" operation="open" profile="/usr/sbin/tcpdump" name="/proc/sys/kernel/random/boot_id" pid=684 comm="tcpdump" requested_mask="r" denied_mask="r" fsuid=0 ouid=0
[    8.196570] audit: type=1400 audit(1768500987.044:47): apparmor="DENIED" operation="open" profile="/usr/sbin/tcpdump" name="/proc/sys/kernel/random/boot_id" pid=684 comm="tcpdump" requested_mask="r" denied_mask="r" fsuid=0 ouid=0
[    8.196674] audit: type=1400 audit(1768500987.044:48): apparmor="DENIED" operation="open" profile="/usr/sbin/tcpdump" name="/proc/sys/kernel/random/boot_id" pid=684 comm="tcpdump" requested_mask="r" denied_mask="r" fsuid=0 ouid=0
[    8.196730] audit: type=1400 audit(1768500987.044:49): apparmor="DENIED" operation="open" profile="/usr/sbin/tcpdump" name="/proc/sys/kernel/random/boot_id" pid=684 comm="tcpdump" requested_mask="r" denied_mask="r" fsuid=0 ouid=0
[   12.614306] rfkill: input handler disabled
[  196.133536] AAAAA-TCP_FORW: name:enp0s3: saddr:100932208: daddr:16783984
[  196.175548] AAAAA-TCP_FORW: name:enp0s3: saddr:100932208: daddr:16783984
[  196.956594] AAAAA-TCP_FORW: name:enp0s3: saddr:100932208: daddr:16783984
[  197.129294] AAAAA-TCP_FORW: name:enp0s3: saddr:100932208: daddr:16783984
[  198.188211] AAAAA-TCP_FORW: name:enp0s3: saddr:100932208: daddr:33561200
[  198.627678] AAAAA-TCP_FORW: name:enp0s3: saddr:100932208: daddr:16783984
[  198.737491] AAAAA-TCP_FORW: name:enp0s3: saddr:100932208: daddr:16783984
[  198.953542] AAAAA-TCP_FORW: name:enp0s3: saddr:100932208: daddr:16783984
[  201.292431] AAAAA-TCP_FORW: name:enp0s3: saddr:100932208: daddr:16783984
[  201.609041] AAAAA-TCP_FORW: name:enp0s3: saddr:100932208: daddr:33561200
[  202.093091] AAAAA-TCP_FORW: name:enp0s3: saddr:100932208: daddr:16783984
[  202.182522] AAAAA-TCP_FORW: name:enp0s3: saddr:100932208: daddr:16783984
[  202.287725] AAAAA-TCP_FORW: name:enp0s3: saddr:100932208: daddr:16783984
[  202.474907] AAAAA-TCP_FORW: name:enp0s3: saddr:100932208: daddr:16783984
[  202.567197] AAAAA-TCP_FORW: name:enp0s3: saddr:100932208: daddr:16783984
[  203.120214] AAAAA-TCP_FORW: name:enp0s3: saddr:100932208: daddr:16783984
[  203.258492] AAAAA-TCP_FORW: name:enp0s3: saddr:100932208: daddr:16783984
[  203.389145] AAAAA-TCP_FORW: name:enp0s3: saddr:100932208: daddr:33561200
[  203.545915] AAAAA-TCP_FORW: name:enp0s3: saddr:100932208: daddr:33561200
[  203.687801] AAAAA-TCP_FORW: name:enp0s3: saddr:100932208: daddr:16783984
[  203.867910] AAAAA-TCP_FORW: name:enp0s3: saddr:100932208: daddr:33561200
[  204.073388] AAAAA-TCP_FORW: name:enp0s3: saddr:100932208: daddr:16783984
[  204.176309] AAAAA-TCP_FORW: name:enp0s3: saddr:100932208: daddr:33561200
[  204.283349] AAAAA-TCP_FORW: name:enp0s3: saddr:100932208: daddr:33561200
[  204.482884] AAAAA-TCP_FORW: name:enp0s3: saddr:100932208: daddr:33561200
[  204.626352] AAAAA-TCP_FORW: name:enp0s3: saddr:100932208: daddr:33561200
[  204.712059] AAAAA-TCP_FORW: name:enp0s3: saddr:100932208: daddr:33561200
[  204.807895] AAAAA-TCP_FORW: name:enp0s3: saddr:100932208: daddr:16783984
[  204.901487] AAAAA-TCP_FORW: name:enp0s3: saddr:100932208: daddr:16783984
[  205.036107] AAAAA-TCP_FORW: name:enp0s3: saddr:100932208: daddr:16783984
[  205.170543] AAAAA-TCP_FORW: name:enp0s3: saddr:100932208: daddr:16783984
[  205.354220] AAAAA-TCP_FORW: name:enp0s3: saddr:100932208: daddr:16783984
[  205.483200] AAAAA-TCP_FORW: name:enp0s3: saddr:100932208: daddr:33561200
[  205.607896] AAAAA-TCP_FORW: name:enp0s3: saddr:100932208: daddr:33561200
[  205.705845] AAAAA-TCP_FORW: name:enp0s3: saddr:100932208: daddr:16783984
[  205.879018] AAAAA-TCP_FORW: name:enp0s3: saddr:100932208: daddr:16783984
[  205.986330] AAAAA-TCP_FORW: name:enp0s3: saddr:100932208: daddr:33561200
[  206.027729] AAAAA-TCP_FORW: name:enp0s3: saddr:100932208: daddr:33561200
[  206.111097] AAAAA-TCP_FORW: name:enp0s3: saddr:100932208: daddr:16783984
[  206.204973] AAAAA-TCP_FORW: name:enp0s3: saddr:100932208: daddr:16783984
[  206.339662] AAAAA-TCP_FORW: name:enp0s3: saddr:100932208: daddr:16783984
[  206.411397] AAAAA-TCP_FORW: name:enp0s3: saddr:100932208: daddr:33561200
[  206.492549] AAAAA-TCP_FORW: name:enp0s3: saddr:100932208: daddr:33561200
[  206.596850] AAAAA-TCP_FORW: name:enp0s3: saddr:100932208: daddr:16783984
[  206.785636] AAAAA-TCP_FORW: name:enp0s3: saddr:100932208: daddr:16783984
[  206.886005] AAAAA-TCP_FORW: name:enp0s3: saddr:100932208: daddr:33561200
[  206.980077] AAAAA-TCP_FORW: name:enp0s3: saddr:100932208: daddr:33561200
[  207.078210] AAAAA-TCP_FORW: name:enp0s3: saddr:100932208: daddr:33561200
[  207.181754] AAAAA-TCP_FORW: name:enp0s3: saddr:100932208: daddr:33561200
[  207.347287] AAAAA-TCP_FORW: name:enp0s3: saddr:100932208: daddr:33561200
[  207.410457] AAAAA-TCP_FORW: name:enp0s3: saddr:100932208: daddr:33561200
[  207.629577] AAAAA-TCP_FORW: name:enp0s3: saddr:100932208: daddr:33561200
[  207.864369] AAAAA-TCP_FORW: name:enp0s3: saddr:100932208: daddr:33561200
[  207.942921] AAAAA-TCP_FORW: name:enp0s3: saddr:100932208: daddr:33561200
[  208.099071] AAAAA-TCP_FORW: name:enp0s3: saddr:100932208: daddr:33561200
[  208.165174] AAAAA-TCP_FORW: name:enp0s3: saddr:100932208: daddr:33561200
[  208.248635] AAAAA-TCP_FORW: name:enp0s3: saddr:100932208: daddr:16783984
[  208.332467] AAAAA-TCP_FORW: name:enp0s3: saddr:100932208: daddr:16783984
[  208.391083] AAAAA-TCP_FORW: name:enp0s3: saddr:100932208: daddr:16783984
[  208.480728] AAAAA-TCP_FORW: name:enp0s3: saddr:100932208: daddr:16783984
[  208.565921] AAAAA-TCP_FORW: name:enp0s3: saddr:100932208: daddr:16783984
[  208.678047] AAAAA-TCP_FORW: name:enp0s3: saddr:100932208: daddr:16783984
[  208.803408] AAAAA-TCP_FORW: name:enp0s3: saddr:100932208: daddr:16783984
[  208.875488] AAAAA-TCP_FORW: name:enp0s3: saddr:100932208: daddr:16783984
[  208.979240] AAAAA-TCP_FORW: name:enp0s3: saddr:100932208: daddr:16783984
[  209.018830] AAAAA-TCP_FORW: name:enp0s3: saddr:100932208: daddr:16783984
[  209.128844] AAAAA-TCP_FORW: name:enp0s3: saddr:100932208: daddr:16783984
[  209.204611] AAAAA-TCP_FORW: name:enp0s3: saddr:100932208: daddr:33561200
[  209.359057] AAAAA-TCP_FORW: name:enp0s3: saddr:100932208: daddr:33561200
[  209.455836] AAAAA-TCP_FORW: name:enp0s3: saddr:100932208: daddr:33561200
[  209.610824] AAAAA-TCP_FORW: name:enp0s3: saddr:100932208: daddr:33561200
[  209.769173] AAAAA-TCP_FORW: name:enp0s3: saddr:100932208: daddr:16783984
[  209.946352] AAAAA-TCP_FORW: name:enp0s3: saddr:100932208: daddr:16783984
[  210.059009] AAAAA-TCP_FORW: name:enp0s3: saddr:100932208: daddr:16783984
[  210.134532] AAAAA-TCP_FORW: name:enp0s3: saddr:100932208: daddr:16783984
[  210.211425] AAAAA-TCP_FORW: name:enp0s3: saddr:100932208: daddr:33561200
[  210.292598] AAAAA-TCP_FORW: name:enp0s3: saddr:100932208: daddr:33561200
[  210.386531] AAAAA-TCP_FORW: name:enp0s3: saddr:100932208: daddr:33561200
[  210.496612] AAAAA-TCP_FORW: name:enp0s3: saddr:100932208: daddr:33561200
[  210.581502] AAAAA-TCP_FORW: name:enp0s3: saddr:100932208: daddr:16783984
[  210.658469] AAAAA-TCP_FORW: name:enp0s3: saddr:100932208: daddr:16783984
[  210.722824] AAAAA-TCP_FORW: name:enp0s3: saddr:100932208: daddr:16783984
[  210.803786] AAAAA-TCP_FORW: name:enp0s3: saddr:100932208: daddr:16783984
[  210.886506] AAAAA-TCP_FORW: name:enp0s3: saddr:100932208: daddr:33561200
[  210.965500] AAAAA-TCP_FORW: name:enp0s3: saddr:100932208: daddr:33561200
[  211.047786] AAAAA-TCP_FORW: name:enp0s3: saddr:100932208: daddr:33561200
[  211.163643] AAAAA-TCP_FORW: name:enp0s3: saddr:100932208: daddr:33561200
[  211.338827] AAAAA-TCP_FORW: name:enp0s3: saddr:100932208: daddr:16783984
[  211.376961] AAAAA-TCP_FORW: name:enp0s3: saddr:100932208: daddr:16783984
[  211.455481] AAAAA-TCP_FORW: name:enp0s3: saddr:100932208: daddr:16783984
[  211.540907] AAAAA-TCP_FORW: name:enp0s3: saddr:100932208: daddr:16783984
[  211.660155] AAAAA-TCP_FORW: name:enp0s3: saddr:100932208: daddr:33561200
[  211.711512] AAAAA-TCP_FORW: name:enp0s3: saddr:100932208: daddr:33561200
[  211.720548] AAAAA-TCP_FORW: name:enp0s3: saddr:100932208: daddr:33561200
[  211.846383] AAAAA-TCP_FORW: name:enp0s3: saddr:100932208: daddr:33561200
[  211.848979] AAAAA-TCP_FORW: name:enp0s3: saddr:100932208: daddr:33561200
[  212.000169] AAAAA-TCP_FORW: name:enp0s3: saddr:100932208: daddr:33561200
[  212.002883] AAAAA-TCP_FORW: name:enp0s3: saddr:100932208: daddr:33561200
[  212.112205] AAAAA-TCP_FORW: name:enp0s3: saddr:100932208: daddr:33561200
[  212.227707] AAAAA-TCP_FORW: name:enp0s3: saddr:100932208: daddr:33561200
[  212.411380] AAAAA-TCP_FORW: name:enp0s3: saddr:100932208: daddr:16783984
[  212.482037] AAAAA-TCP_FORW: name:enp0s3: saddr:100932208: daddr:16783984
[  212.530263] AAAAA-TCP_FORW: name:enp0s3: saddr:100932208: daddr:16783984
[  212.583846] AAAAA-TCP_FORW: name:enp0s3: saddr:100932208: daddr:16783984
[  212.648353] AAAAA-TCP_FORW: name:enp0s3: saddr:100932208: daddr:16783984
[  212.760527] AAAAA-TCP_FORW: name:enp0s3: saddr:100932208: daddr:16783984
[  212.770571] AAAAA-TCP_FORW: name:enp0s3: saddr:100932208: daddr:16783984
[  212.892943] AAAAA-TCP_FORW: name:enp0s3: saddr:100932208: daddr:16783984
[  212.895366] AAAAA-TCP_FORW: name:enp0s3: saddr:100932208: daddr:16783984
[  212.959591] AAAAA-TCP_FORW: name:enp0s3: saddr:100932208: daddr:16783984
[  213.086146] AAAAA-TCP_FORW: name:enp0s3: saddr:100932208: daddr:16783984
[  213.156573] AAAAA-TCP_FORW: name:enp0s3: saddr:100932208: daddr:16783984
[  213.225586] AAAAA-TCP_FORW: name:enp0s3: saddr:100932208: daddr:33561200
[  213.332799] AAAAA-TCP_FORW: name:enp0s3: saddr:100932208: daddr:33561200
[  213.457377] AAAAA-TCP_FORW: name:enp0s3: saddr:100932208: daddr:33561200
[  213.459972] AAAAA-TCP_FORW: name:enp0s3: saddr:100932208: daddr:33561200
[  213.572259] AAAAA-TCP_FORW: name:enp0s3: saddr:100932208: daddr:16783984
[  213.635948] AAAAA-TCP_FORW: name:enp0s3: saddr:100932208: daddr:16783984
[  213.752081] AAAAA-TCP_FORW: name:enp0s3: saddr:100932208: daddr:16783984
[  213.762446] AAAAA-TCP_FORW: name:enp0s3: saddr:100932208: daddr:16783984
[  213.814324] AAAAA-TCP_FORW: name:enp0s3: saddr:100932208: daddr:33561200
[  213.830034] AAAAA-TCP_FORW: name:enp0s3: saddr:100932208: daddr:33561200
[  213.887305] AAAAA-TCP_FORW: name:enp0s3: saddr:100932208: daddr:33561200
[  213.935140] AAAAA-TCP_FORW: name:enp0s3: saddr:100932208: daddr:33561200
[  213.941081] AAAAA-TCP_FORW: name:enp0s3: saddr:100932208: daddr:33561200
[  214.053462] AAAAA-TCP_FORW: name:enp0s3: saddr:100932208: daddr:33561200
[  214.100120] AAAAA-TCP_FORW: name:enp0s3: saddr:100932208: daddr:16783984
[  214.205854] AAAAA-TCP_FORW: name:enp0s3: saddr:100932208: daddr:16783984
[  214.298900] AAAAA-TCP_FORW: name:enp0s3: saddr:100932208: daddr:16783984
[  214.301433] AAAAA-TCP_FORW: name:enp0s3: saddr:100932208: daddr:16783984
[  214.370114] AAAAA-TCP_FORW: name:enp0s3: saddr:100932208: daddr:16783984
[  214.435416] AAAAA-TCP_FORW: name:enp0s3: saddr:100932208: daddr:33561200
[  214.504743] AAAAA-TCP_FORW: name:enp0s3: saddr:100932208: daddr:33561200
[  214.507616] AAAAA-TCP_FORW: name:enp0s3: saddr:100932208: daddr:33561200
[  214.667280] AAAAA-TCP_FORW: name:enp0s3: saddr:100932208: daddr:33561200
[  214.669958] AAAAA-TCP_FORW: name:enp0s3: saddr:100932208: daddr:33561200
[  214.771556] AAAAA-TCP_FORW: name:enp0s3: saddr:100932208: daddr:33561200
[  214.774115] AAAAA-TCP_FORW: name:enp0s3: saddr:100932208: daddr:16783984
[  214.908320] AAAAA-TCP_FORW: name:enp0s3: saddr:100932208: daddr:16783984
[  214.976496] AAAAA-TCP_FORW: name:enp0s3: saddr:100932208: daddr:16783984
[  215.042840] AAAAA-TCP_FORW: name:enp0s3: saddr:100932208: daddr:16783984
[  215.080669] AAAAA-TCP_FORW: name:enp0s3: saddr:100932208: daddr:16783984
[  215.167972] AAAAA-TCP_FORW: name:enp0s3: saddr:100932208: daddr:16783984
[  215.211505] AAAAA-TCP_FORW: name:enp0s3: saddr:100932208: daddr:33561200
[  215.488557] AAAAA-TCP_FORW: name:enp0s3: saddr:100932208: daddr:33561200
[  215.492281] AAAAA-TCP_FORW: name:enp0s3: saddr:100932208: daddr:33561200
[  215.714382] AAAAA-TCP_FORW: name:enp0s3: saddr:100932208: daddr:33561200
[  215.833933] AAAAA-TCP_FORW: name:enp0s3: saddr:100932208: daddr:33561200
[  216.027553] AAAAA-TCP_FORW: name:enp0s3: saddr:100932208: daddr:33561200
[  216.076286] AAAAA-TCP_FORW: name:enp0s3: saddr:100932208: daddr:16783984
[  216.290970] AAAAA-TCP_FORW: name:enp0s3: saddr:100932208: daddr:16783984
[  216.378808] AAAAA-TCP_FORW: name:enp0s3: saddr:100932208: daddr:16783984
[  216.559295] AAAAA-TCP_FORW: name:enp0s3: saddr:100932208: daddr:33561200
[  216.959350] AAAAA-TCP_FORW: name:enp0s3: saddr:100932208: daddr:33561200
[  218.957761] AAAAA-TCP_FORW: name:enp0s3: saddr:100932208: daddr:33561200
[  218.984039] AAAAA-TCP_FORW: name:enp0s3: saddr:100932208: daddr:16783984
[  219.039948] AAAAA-TCP_FORW: name:enp0s3: saddr:100932208: daddr:33561200
[  219.136055] AAAAA-TCP_FORW: name:enp0s3: saddr:100932208: daddr:33561200
[  219.278582] AAAAA-TCP_FORW: name:enp0s3: saddr:100932208: daddr:33561200
[  219.281571] AAAAA-TCP_FORW: name:enp0s3: saddr:100932208: daddr:33561200
[  219.334963] AAAAA-TCP_FORW: name:enp0s3: saddr:100932208: daddr:33561200
[  219.474686] AAAAA-TCP_FORW: name:enp0s3: saddr:100932208: daddr:33561200
[  219.561991] AAAAA-TCP_FORW: name:enp0s3: saddr:100932208: daddr:33561200
[  219.611348] AAAAA-TCP_FORW: name:enp0s3: saddr:100932208: daddr:33561200
[  219.699530] AAAAA-TCP_FORW: name:enp0s3: saddr:100932208: daddr:33561200
[  219.826724] AAAAA-TCP_FORW: name:enp0s3: saddr:100932208: daddr:33561200
[  219.909892] AAAAA-TCP_FORW: name:enp0s3: saddr:100932208: daddr:33561200
[  220.040457] AAAAA-TCP_FORW: name:enp0s3: saddr:100932208: daddr:16783984
[  220.136714] AAAAA-TCP_FORW: name:enp0s3: saddr:100932208: daddr:33561200
[  220.239467] AAAAA-TCP_FORW: name:enp0s3: saddr:100932208: daddr:16783984
[  220.393494] AAAAA-TCP_FORW: name:enp0s3: saddr:100932208: daddr:16783984
[  220.469324] AAAAA-TCP_FORW: name:enp0s3: saddr:100932208: daddr:16783984
[  220.533412] AAAAA-TCP_FORW: name:enp0s3: saddr:100932208: daddr:16783984
[  220.633769] AAAAA-TCP_FORW: name:enp0s3: saddr:100932208: daddr:33561200
[  220.935992] AAAAA-TCP_FORW: name:enp0s3: saddr:100932208: daddr:33561200
[  221.392708] AAAAA-TCP_FORW: name:enp0s3: saddr:100932208: daddr:33561200
[  221.610477] AAAAA-TCP_FORW: name:enp0s3: saddr:100932208: daddr:33561200
[  221.854196] AAAAA-TCP_FORW: name:enp0s3: saddr:100932208: daddr:33561200
[  222.024702] AAAAA-TCP_FORW: name:enp0s3: saddr:100932208: daddr:33561200
[  222.301213] AAAAA-TCP_FORW: name:enp0s3: saddr:100932208: daddr:33561200
[  222.380295] AAAAA-TCP_FORW: name:enp0s3: saddr:100932208: daddr:33561200
[  222.501603] AAAAA-TCP_FORW: name:enp0s3: saddr:100932208: daddr:33561200
[  222.621272] AAAAA-TCP_FORW: name:enp0s3: saddr:100932208: daddr:33561200
[  222.757277] AAAAA-TCP_FORW: name:enp0s3: saddr:100932208: daddr:33561200
[  222.857848] AAAAA-TCP_FORW: name:enp0s3: saddr:100932208: daddr:33561200
[  222.979057] AAAAA-TCP_FORW: name:enp0s3: saddr:100932208: daddr:33561200
[  223.118061] AAAAA-TCP_FORW: name:enp0s3: saddr:100932208: daddr:33561200
[  242.969065] AAAAA-TCP_FORW: name:enp0s3: saddr:100932208: daddr:33561200
[  243.904421] AAAAA-TCP_FORW: name:enp0s3: saddr:100932208: daddr:33561200
[  244.066326] AAAAA-TCP_FORW: name:enp0s3: saddr:100932208: daddr:33561200
[  244.226036] AAAAA-TCP_FORW: name:enp0s3: saddr:100932208: daddr:33561200
[  244.352606] AAAAA-TCP_FORW: name:enp0s3: saddr:100932208: daddr:33561200
[  244.465921] AAAAA-TCP_FORW: name:enp0s3: saddr:100932208: daddr:33561200
[  244.530576] AAAAA-TCP_FORW: name:enp0s3: saddr:100932208: daddr:33561200
[  244.717413] AAAAA-TCP_FORW: name:enp0s3: saddr:100932208: daddr:33561200
[  244.941302] AAAAA-TCP_FORW: name:enp0s3: saddr:100932208: daddr:33561200
[  245.020864] AAAAA-TCP_FORW: name:enp0s3: saddr:100932208: daddr:33561200
[  245.297074] AAAAA-TCP_FORW: name:enp0s3: saddr:100932208: daddr:33561200
[  245.683168] AAAAA-TCP_FORW: name:enp0s3: saddr:100932208: daddr:33561200
[  245.840984] AAAAA-TCP_FORW: name:enp0s3: saddr:100932208: daddr:33561200
[  246.027655] AAAAA-TCP_FORW: name:enp0s3: saddr:100932208: daddr:33561200
[  246.179263] AAAAA-TCP_FORW: name:enp0s3: saddr:100932208: daddr:16783984
[  246.369003] AAAAA-TCP_FORW: name:enp0s3: saddr:100932208: daddr:16783984
[  246.481899] AAAAA-TCP_FORW: name:enp0s3: saddr:100932208: daddr:16783984
[  246.679109] AAAAA-TCP_FORW: name:enp0s3: saddr:100932208: daddr:16783984
[  246.773863] AAAAA-TCP_FORW: name:enp0s3: saddr:100932208: daddr:16783984
[  246.898766] AAAAA-TCP_FORW: name:enp0s3: saddr:100932208: daddr:16783984
[  247.014214] AAAAA-TCP_FORW: name:enp0s3: saddr:100932208: daddr:16783984
[  247.273411] AAAAA-TCP_FORW: name:enp0s3: saddr:100932208: daddr:33561200
[  247.661758] AAAAA-TCP_FORW: name:enp0s3: saddr:100932208: daddr:33561200
[  247.736932] AAAAA-TCP_FORW: name:enp0s3: saddr:100932208: daddr:16783984
[  248.166295] AAAAA-TCP_FORW: name:enp0s3: saddr:100932208: daddr:16783984
[  248.471514] AAAAA-TCP_FORW: name:enp0s3: saddr:100932208: daddr:16783984
[  248.707743] AAAAA-TCP_FORW: name:enp0s3: saddr:100932208: daddr:16783984
[  249.088549] AAAAA-TCP_FORW: name:enp0s3: saddr:100932208: daddr:16783984
[  249.205929] AAAAA-TCP_FORW: name:enp0s3: saddr:100932208: daddr:33561200
[  249.371661] AAAAA-TCP_FORW: name:enp0s3: saddr:100932208: daddr:16783984
[  250.158347] AAAAA-TCP_FORW: name:enp0s3: saddr:100932208: daddr:16783984
[  250.328402] AAAAA-TCP_FORW: name:enp0s3: saddr:100932208: daddr:16783984
[  250.536333] AAAAA-TCP_FORW: name:enp0s3: saddr:100932208: daddr:16783984
[  250.820858] AAAAA-TCP_FORW: name:enp0s3: saddr:100932208: daddr:16783984
[  251.066306] AAAAA-TCP_FORW: name:enp0s3: saddr:100932208: daddr:16783984
[  251.420178] AAAAA-TCP_FORW: name:enp0s3: saddr:100932208: daddr:16783984
[  251.617073] AAAAA-TCP_FORW: name:enp0s3: saddr:100932208: daddr:16783984
[  251.759783] AAAAA-TCP_FORW: name:enp0s3: saddr:100932208: daddr:16783984
[  251.960482] AAAAA-TCP_FORW: name:enp0s3: saddr:100932208: daddr:16783984
[  252.020133] AAAAA-TCP_FORW: name:enp0s3: saddr:16783984: daddr:100932208
[  252.088636] AAAAA-TCP_FORW: name:enp0s3: saddr:100932208: daddr:16783984
[  252.152011] AAAAA-TCP_FORW: name:enp0s3: saddr:16783984: daddr:100932208
[  252.328831] AAAAA-TCP_FORW: name:enp0s3: saddr:100932208: daddr:16783984
[  252.405003] AAAAA-TCP_FORW: name:enp0s3: saddr:100932208: daddr:16783984
[  252.425356] AAAAA-TCP_FORW: name:enp0s3: saddr:16783984: daddr:100932208
[  252.464654] AAAAA-TCP_FORW: name:enp0s3: saddr:100932208: daddr:16783984
[  252.500971] AAAAA-TCP_FORW: name:enp0s3: saddr:16783984: daddr:100932208
[  252.657425] AAAAA-TCP_FORW: name:enp0s3: saddr:16783984: daddr:100932208
[  252.660056] AAAAA-TCP_FORW: name:enp0s3: saddr:100932208: daddr:16783984
[  252.945407] AAAAA-TCP_FORW: name:enp0s3: saddr:100932208: daddr:16783984
[  253.011364] AAAAA-TCP_FORW: name:enp0s3: saddr:100932208: daddr:16783984
[  253.038918] AAAAA-TCP_FORW: name:enp0s3: saddr:16783984: daddr:100932208
[  253.081670] AAAAA-TCP_FORW: name:enp0s3: saddr:16783984: daddr:100932208
[  253.092364] AAAAA-TCP_FORW: name:enp0s3: saddr:100932208: daddr:16783984
[  253.140733] AAAAA-TCP_FORW: name:enp0s3: saddr:16783984: daddr:100932208
[  253.227257] AAAAA-TCP_FORW: name:enp0s3: saddr:100932208: daddr:16783984
[  253.356452] AAAAA-TCP_FORW: name:enp0s3: saddr:16783984: daddr:100932208
[  253.368084] AAAAA-TCP_FORW: name:enp0s3: saddr:100932208: daddr:16783984
[  253.462703] AAAAA-TCP_FORW: name:enp0s3: saddr:16783984: daddr:100932208
[  253.653600] AAAAA-TCP_FORW: name:enp0s3: saddr:16783984: daddr:100932208
[  253.763373] AAAAA-TCP_FORW: name:enp0s3: saddr:100932208: daddr:33561200
[  253.824980] AAAAA-TCP_FORW: name:enp0s3: saddr:100932208: daddr:33561200
[  253.889184] AAAAA-TCP_FORW: name:enp0s3: saddr:100932208: daddr:16783984
[  253.911752] AAAAA-TCP_FORW: name:enp0s3: saddr:33561200: daddr:100932208
[  253.977961] AAAAA-TCP_FORW: name:enp0s3: saddr:100932208: daddr:16783984
[  254.029101] AAAAA-TCP_FORW: name:enp0s3: saddr:33561200: daddr:100932208
[  254.101923] AAAAA-TCP_FORW: name:enp0s3: saddr:16783984: daddr:100932208
[  254.226443] AAAAA-TCP_FORW: name:enp0s3: saddr:100932208: daddr:16783984
[  254.274067] AAAAA-TCP_FORW: name:enp0s3: saddr:16783984: daddr:100932208
[  254.310247] AAAAA-TCP_FORW: name:enp0s3: saddr:100932208: daddr:16783984
[  254.450289] AAAAA-TCP_FORW: name:enp0s3: saddr:100932208: daddr:16783984
[  254.602468] AAAAA-TCP_FORW: name:enp0s3: saddr:100932208: daddr:33561200
[  254.697392] AAAAA-TCP_FORW: name:enp0s3: saddr:100932208: daddr:33561200
[  254.833326] AAAAA-TCP_FORW: name:enp0s3: saddr:100932208: daddr:33561200
[  254.871555] AAAAA-TCP_FORW: name:enp0s3: saddr:100932208: daddr:33561200
[  254.893616] AAAAA-TCP_FORW: name:enp0s3: saddr:16783984: daddr:100932208
[  254.950210] AAAAA-TCP_FORW: name:enp0s3: saddr:100932208: daddr:33561200
[  255.075562] AAAAA-TCP_FORW: name:enp0s3: saddr:16783984: daddr:100932208
[  255.208011] AAAAA-TCP_FORW: name:enp0s3: saddr:100932208: daddr:33561200
[  255.288713] AAAAA-TCP_FORW: name:enp0s3: saddr:100932208: daddr:33561200
[  255.462849] AAAAA-TCP_FORW: name:enp0s3: saddr:16783984: daddr:100932208
[  255.543871] AAAAA-TCP_FORW: name:enp0s3: saddr:100932208: daddr:33561200
[  255.558050] AAAAA-TCP_FORW: name:enp0s3: saddr:33561200: daddr:100932208
[  255.664723] AAAAA-TCP_FORW: name:enp0s3: saddr:100932208: daddr:33561200
[  255.674467] AAAAA-TCP_FORW: name:enp0s3: saddr:100932208: daddr:33561200
[  255.738206] AAAAA-TCP_FORW: name:enp0s3: saddr:33561200: daddr:100932208
[  255.782997] AAAAA-TCP_FORW: name:enp0s3: saddr:100932208: daddr:33561200
[  255.881111] AAAAA-TCP_FORW: name:enp0s3: saddr:33561200: daddr:100932208
[  255.884338] AAAAA-TCP_FORW: name:enp0s3: saddr:100932208: daddr:33561200
[  256.004894] AAAAA-TCP_FORW: name:enp0s3: saddr:33561200: daddr:100932208
[  256.100638] AAAAA-TCP_FORW: name:enp0s3: saddr:100932208: daddr:33561200
[  256.120693] AAAAA-TCP_FORW: name:enp0s3: saddr:33561200: daddr:100932208
[  256.337621] AAAAA-TCP_FORW: name:enp0s3: saddr:33561200: daddr:100932208
[  256.372104] AAAAA-TCP_FORW: name:enp0s3: saddr:100932208: daddr:16783984
[  256.430996] AAAAA-TCP_FORW: name:enp0s3: saddr:33561200: daddr:100932208
[  256.536603] AAAAA-TCP_FORW: name:enp0s3: saddr:100932208: daddr:16783984
[  256.608783] AAAAA-TCP_FORW: name:enp0s3: saddr:100932208: daddr:16783984
[  256.690758] AAAAA-TCP_FORW: name:enp0s3: saddr:100932208: daddr:16783984
[  256.715612] AAAAA-TCP_FORW: name:enp0s3: saddr:33561200: daddr:100932208
[  256.969955] AAAAA-TCP_FORW: name:enp0s3: saddr:33561200: daddr:100932208
[  257.026608] AAAAA-TCP_FORW: name:enp0s3: saddr:33561200: daddr:100932208
[  257.063437] AAAAA-TCP_FORW: name:enp0s3: saddr:100932208: daddr:16783984
[  257.222023] AAAAA-TCP_FORW: name:enp0s3: saddr:33561200: daddr:100932208
[  257.413701] AAAAA-TCP_FORW: name:enp0s3: saddr:33561200: daddr:100932208
[  257.432278] AAAAA-TCP_FORW: name:enp0s3: saddr:100932208: daddr:16783984
[  257.600853] AAAAA-TCP_FORW: name:enp0s3: saddr:33561200: daddr:100932208
[  257.769761] AAAAA-TCP_FORW: name:enp0s3: saddr:100932208: daddr:16783984
[  258.085016] AAAAA-TCP_FORW: name:enp0s3: saddr:16783984: daddr:100932208
[  258.191307] AAAAA-TCP_FORW: name:enp0s3: saddr:16783984: daddr:100932208
[  258.276425] AAAAA-TCP_FORW: name:enp0s3: saddr:16783984: daddr:100932208
[  258.380133] AAAAA-TCP_FORW: name:enp0s3: saddr:16783984: daddr:100932208
[  258.877964] AAAAA-TCP_FORW: name:enp0s3: saddr:16783984: daddr:100932208
[  259.299002] AAAAA-TCP_FORW: name:enp0s3: saddr:16783984: daddr:100932208
[  259.360144] AAAAA-TCP_FORW: name:enp0s3: saddr:100932208: daddr:16783984
[  259.579360] AAAAA-TCP_FORW: name:enp0s3: saddr:16783984: daddr:100932208
[  259.621226] AAAAA-TCP_FORW: name:enp0s3: saddr:100932208: daddr:16783984
[  260.022236] AAAAA-TCP_FORW: name:enp0s3: saddr:100932208: daddr:16783984
[  260.476270] AAAAA-TCP_FORW: name:enp0s3: saddr:16783984: daddr:100932208
[  260.685201] AAAAA-TCP_FORW: name:enp0s3: saddr:16783984: daddr:100932208
[  260.726864] AAAAA-TCP_FORW: name:enp0s3: saddr:100932208: daddr:16783984
[  260.824355] AAAAA-TCP_FORW: name:enp0s3: saddr:100932208: daddr:16783984
[  260.886386] AAAAA-TCP_FORW: name:enp0s3: saddr:16783984: daddr:100932208
[  261.030790] AAAAA-TCP_FORW: name:enp0s3: saddr:100932208: daddr:16783984
[  261.074211] AAAAA-TCP_FORW: name:enp0s3: saddr:100932208: daddr:16783984
[  261.314743] AAAAA-TCP_FORW: name:enp0s3: saddr:16783984: daddr:100932208
[  261.326199] AAAAA-TCP_FORW: name:enp0s3: saddr:100932208: daddr:16783984
[  261.405881] AAAAA-TCP_FORW: name:enp0s3: saddr:16783984: daddr:100932208
[  261.467324] AAAAA-TCP_FORW: name:enp0s3: saddr:16783984: daddr:100932208
[  261.520182] AAAAA-TCP_FORW: name:enp0s3: saddr:16783984: daddr:100932208
[  261.651549] AAAAA-TCP_FORW: name:enp0s3: saddr:100932208: daddr:16783984
[  261.673703] AAAAA-TCP_FORW: name:enp0s3: saddr:16783984: daddr:100932208
[  261.736605] AAAAA-TCP_FORW: name:enp0s3: saddr:100932208: daddr:16783984
[  261.833620] AAAAA-TCP_FORW: name:enp0s3: saddr:16783984: daddr:100932208
[  261.935936] AAAAA-TCP_FORW: name:enp0s3: saddr:16783984: daddr:100932208
[  262.015384] AAAAA-TCP_FORW: name:enp0s3: saddr:100932208: daddr:16783984
[  262.075835] AAAAA-TCP_FORW: name:enp0s3: saddr:16783984: daddr:100932208
[  262.428758] AAAAA-TCP_FORW: name:enp0s3: saddr:100932208: daddr:16783984
[  262.891341] AAAAA-TCP_FORW: name:enp0s3: saddr:100932208: daddr:16783984
[  263.009540] AAAAA-TCP_FORW: name:enp0s3: saddr:16783984: daddr:100932208
[  263.048171] AAAAA-TCP_FORW: name:enp0s3: saddr:100932208: daddr:16783984
[  263.129891] AAAAA-TCP_FORW: name:enp0s3: saddr:16783984: daddr:100932208
[  263.206431] AAAAA-TCP_FORW: name:enp0s3: saddr:100932208: daddr:33561200
[  263.277089] AAAAA-TCP_FORW: name:enp0s3: saddr:16783984: daddr:100932208
[  263.399612] AAAAA-TCP_FORW: name:enp0s3: saddr:100932208: daddr:33561200
[  263.491286] AAAAA-TCP_FORW: name:enp0s3: saddr:33561200: daddr:100932208
[  263.519268] AAAAA-TCP_FORW: name:enp0s3: saddr:100932208: daddr:16783984
[  263.628475] AAAAA-TCP_FORW: name:enp0s3: saddr:100932208: daddr:16783984
[  263.683868] AAAAA-TCP_FORW: name:enp0s3: saddr:33561200: daddr:100932208
[  263.889209] AAAAA-TCP_FORW: name:enp0s3: saddr:16783984: daddr:100932208
[  263.929062] AAAAA-TCP_FORW: name:enp0s3: saddr:100932208: daddr:16783984
[  264.073508] AAAAA-TCP_FORW: name:enp0s3: saddr:16783984: daddr:100932208
[  264.279505] AAAAA-TCP_FORW: name:enp0s3: saddr:16783984: daddr:100932208
[  264.301122] AAAAA-TCP_FORW: name:enp0s3: saddr:100932208: daddr:16783984
[  264.450580] AAAAA-TCP_FORW: name:enp0s3: saddr:16783984: daddr:100932208
[  264.748570] AAAAA-TCP_FORW: name:enp0s3: saddr:100932208: daddr:33561200
[  264.758233] AAAAA-TCP_FORW: name:enp0s3: saddr:33561200: daddr:100932208
[  264.858425] AAAAA-TCP_FORW: name:enp0s3: saddr:100932208: daddr:33561200
[  264.865844] AAAAA-TCP_FORW: name:enp0s3: saddr:33561200: daddr:100932208
[  265.052252] AAAAA-TCP_FORW: name:enp0s3: saddr:100932208: daddr:33561200
[  265.061803] AAAAA-TCP_FORW: name:enp0s3: saddr:33561200: daddr:100932208
[  265.282173] AAAAA-TCP_FORW: name:enp0s3: saddr:100932208: daddr:33561200
[  265.293198] AAAAA-TCP_FORW: name:enp0s3: saddr:33561200: daddr:100932208
[  265.608842] AAAAA-TCP_FORW: name:enp0s3: saddr:100932208: daddr:33561200
[  265.616880] AAAAA-TCP_FORW: name:enp0s3: saddr:33561200: daddr:100932208
[  265.798396] AAAAA-TCP_FORW: name:enp0s3: saddr:100932208: daddr:33561200
[  265.806244] AAAAA-TCP_FORW: name:enp0s3: saddr:33561200: daddr:100932208
[  265.951116] AAAAA-TCP_FORW: name:enp0s3: saddr:100932208: daddr:33561200
[  265.990263] AAAAA-TCP_FORW: name:enp0s3: saddr:33561200: daddr:100932208
[  266.131798] AAAAA-TCP_FORW: name:enp0s3: saddr:100932208: daddr:33561200
[  266.153486] AAAAA-TCP_FORW: name:enp0s3: saddr:33561200: daddr:100932208
[  266.489546] AAAAA-TCP_FORW: name:enp0s3: saddr:100932208: daddr:33561200
[  266.495315] AAAAA-TCP_FORW: name:enp0s3: saddr:33561200: daddr:100932208
[  266.547165] AAAAA-TCP_FORW: name:enp0s3: saddr:100932208: daddr:33561200
[  266.646749] AAAAA-TCP_FORW: name:enp0s3: saddr:33561200: daddr:100932208
[  267.097421] AAAAA-TCP_FORW: name:enp0s3: saddr:100932208: daddr:16783984
[  267.105553] AAAAA-TCP_FORW: name:enp0s3: saddr:16783984: daddr:100932208
[  267.151883] AAAAA-TCP_FORW: name:enp0s3: saddr:100932208: daddr:16783984
[  267.209161] AAAAA-TCP_FORW: name:enp0s3: saddr:16783984: daddr:100932208
[  267.212365] AAAAA-TCP_FORW: name:enp0s3: saddr:100932208: daddr:16783984
[  267.351459] AAAAA-TCP_FORW: name:enp0s3: saddr:16783984: daddr:100932208
[  267.368016] AAAAA-TCP_FORW: name:enp0s3: saddr:100932208: daddr:16783984
[  267.395477] AAAAA-TCP_FORW: name:enp0s3: saddr:100932208: daddr:16783984
[  267.476075] AAAAA-TCP_FORW: name:enp0s3: saddr:16783984: daddr:100932208
[  267.544290] AAAAA-TCP_FORW: name:enp0s3: saddr:16783984: daddr:100932208
[  267.569186] AAAAA-TCP_FORW: name:enp0s3: saddr:100932208: daddr:16783984
[  267.677618] AAAAA-TCP_FORW: name:enp0s3: saddr:100932208: daddr:16783984
[  267.724533] AAAAA-TCP_FORW: name:enp0s3: saddr:16783984: daddr:100932208
[  267.753794] AAAAA-TCP_FORW: name:enp0s3: saddr:100932208: daddr:16783984
[  267.797060] AAAAA-TCP_FORW: name:enp0s3: saddr:16783984: daddr:100932208
[  267.876130] AAAAA-TCP_FORW: name:enp0s3: saddr:16783984: daddr:100932208
[  268.010939] AAAAA-TCP_FORW: name:enp0s3: saddr:100932208: daddr:16783984
[  268.074362] AAAAA-TCP_FORW: name:enp0s3: saddr:16783984: daddr:100932208
[  268.127625] AAAAA-TCP_FORW: name:enp0s3: saddr:100932208: daddr:16783984
[  268.181486] AAAAA-TCP_FORW: name:enp0s3: saddr:100932208: daddr:16783984
[  268.209010] AAAAA-TCP_FORW: name:enp0s3: saddr:100932208: daddr:16783984
[  268.247735] AAAAA-TCP_FORW: name:enp0s3: saddr:16783984: daddr:100932208
[  268.287387] AAAAA-TCP_FORW: name:enp0s3: saddr:100932208: daddr:16783984
[  268.310732] AAAAA-TCP_FORW: name:enp0s3: saddr:16783984: daddr:100932208
[  268.351277] AAAAA-TCP_FORW: name:enp0s3: saddr:16783984: daddr:100932208
[  268.513484] AAAAA-TCP_FORW: name:enp0s3: saddr:16783984: daddr:100932208
[  268.588603] AAAAA-TCP_FORW: name:enp0s3: saddr:100932208: daddr:16783984
[  268.674179] AAAAA-TCP_FORW: name:enp0s3: saddr:100932208: daddr:16783984
[  268.734442] AAAAA-TCP_FORW: name:enp0s3: saddr:100932208: daddr:16783984
[  268.756519] AAAAA-TCP_FORW: name:enp0s3: saddr:16783984: daddr:100932208
[  268.820368] AAAAA-TCP_FORW: name:enp0s3: saddr:100932208: daddr:16783984
[  268.836887] AAAAA-TCP_FORW: name:enp0s3: saddr:16783984: daddr:100932208
[  268.945484] AAAAA-TCP_FORW: name:enp0s3: saddr:16783984: daddr:100932208
[  269.018698] AAAAA-TCP_FORW: name:enp0s3: saddr:16783984: daddr:100932208
[  269.058142] AAAAA-TCP_FORW: name:enp0s3: saddr:100932208: daddr:16783984
[  269.165452] AAAAA-TCP_FORW: name:enp0s3: saddr:100932208: daddr:16783984
[  269.281284] AAAAA-TCP_FORW: name:enp0s3: saddr:100932208: daddr:16783984
[  269.295878] AAAAA-TCP_FORW: name:enp0s3: saddr:16783984: daddr:100932208
[  269.366096] AAAAA-TCP_FORW: name:enp0s3: saddr:16783984: daddr:100932208
[  269.448279] AAAAA-TCP_FORW: name:enp0s3: saddr:100932208: daddr:33561200
[  269.535714] AAAAA-TCP_FORW: name:enp0s3: saddr:16783984: daddr:100932208
[  269.560366] AAAAA-TCP_FORW: name:enp0s3: saddr:100932208: daddr:33561200
[  269.688134] AAAAA-TCP_FORW: name:enp0s3: saddr:100932208: daddr:16783984
[  269.736739] AAAAA-TCP_FORW: name:enp0s3: saddr:33561200: daddr:100932208
[  269.854337] AAAAA-TCP_FORW: name:enp0s3: saddr:33561200: daddr:100932208
[  269.873436] AAAAA-TCP_FORW: name:enp0s3: saddr:100932208: daddr:16783984
[  269.950368] AAAAA-TCP_FORW: name:enp0s3: saddr:16783984: daddr:100932208
[  269.994270] AAAAA-TCP_FORW: name:enp0s3: saddr:100932208: daddr:16783984
[  270.067215] AAAAA-TCP_FORW: name:enp0s3: saddr:100932208: daddr:16783984
[  270.110277] AAAAA-TCP_FORW: name:enp0s3: saddr:16783984: daddr:100932208
[  270.248852] AAAAA-TCP_FORW: name:enp0s3: saddr:16783984: daddr:100932208
[  270.291486] AAAAA-TCP_FORW: name:enp0s3: saddr:100932208: daddr:33561200
[  270.316520] AAAAA-TCP_FORW: name:enp0s3: saddr:16783984: daddr:100932208
[  270.458049] AAAAA-TCP_FORW: name:enp0s3: saddr:100932208: daddr:33561200
[  270.544224] AAAAA-TCP_FORW: name:enp0s3: saddr:100932208: daddr:33561200
[  270.571140] AAAAA-TCP_FORW: name:enp0s3: saddr:33561200: daddr:100932208
[  270.682175] AAAAA-TCP_FORW: name:enp0s3: saddr:33561200: daddr:100932208
[  270.763994] AAAAA-TCP_FORW: name:enp0s3: saddr:33561200: daddr:100932208
[  270.855163] AAAAA-TCP_FORW: name:enp0s3: saddr:100932208: daddr:33561200
[  270.984935] AAAAA-TCP_FORW: name:enp0s3: saddr:33561200: daddr:100932208
[  271.022307] AAAAA-TCP_FORW: name:enp0s3: saddr:100932208: daddr:33561200
[  271.079124] AAAAA-TCP_FORW: name:enp0s3: saddr:33561200: daddr:100932208
[  271.104298] AAAAA-TCP_FORW: name:enp0s3: saddr:100932208: daddr:33561200
[  271.168409] AAAAA-TCP_FORW: name:enp0s3: saddr:100932208: daddr:33561200
[  271.220529] AAAAA-TCP_FORW: name:enp0s3: saddr:33561200: daddr:100932208
[  271.288108] AAAAA-TCP_FORW: name:enp0s3: saddr:33561200: daddr:100932208
[  271.401788] AAAAA-TCP_FORW: name:enp0s3: saddr:100932208: daddr:33561200
[  271.484957] AAAAA-TCP_FORW: name:enp0s3: saddr:33561200: daddr:100932208
[  271.521996] AAAAA-TCP_FORW: name:enp0s3: saddr:100932208: daddr:33561200
[  271.609579] AAAAA-TCP_FORW: name:enp0s3: saddr:33561200: daddr:100932208
[  271.709618] AAAAA-TCP_FORW: name:enp0s3: saddr:100932208: daddr:33561200
[  271.879799] AAAAA-TCP_FORW: name:enp0s3: saddr:33561200: daddr:100932208
[  271.955854] AAAAA-TCP_FORW: name:enp0s3: saddr:100932208: daddr:16783984
[  271.998786] AAAAA-TCP_FORW: name:enp0s3: saddr:16783984: daddr:100932208
[  272.267750] AAAAA-TCP_FORW: name:enp0s3: saddr:100932208: daddr:16783984
[  272.289695] AAAAA-TCP_FORW: name:enp0s3: saddr:16783984: daddr:100932208
[  272.366628] AAAAA-TCP_FORW: name:enp0s3: saddr:100932208: daddr:16783984
[  272.444555] AAAAA-TCP_FORW: name:enp0s3: saddr:16783984: daddr:100932208
[  272.506438] AAAAA-TCP_FORW: name:enp0s3: saddr:100932208: daddr:16783984
[  272.598524] AAAAA-TCP_FORW: name:enp0s3: saddr:16783984: daddr:100932208
[  272.677126] AAAAA-TCP_FORW: name:enp0s3: saddr:100932208: daddr:16783984
[  272.836231] AAAAA-TCP_FORW: name:enp0s3: saddr:16783984: daddr:100932208
[  272.957028] AAAAA-TCP_FORW: name:enp0s3: saddr:100932208: daddr:16783984
[  272.967282] AAAAA-TCP_FORW: name:enp0s3: saddr:16783984: daddr:100932208
[  273.783893] AAAAA-TCP_FORW: name:enp0s3: saddr:100932208: daddr:33561200
[  273.793519] AAAAA-TCP_FORW: name:enp0s3: saddr:33561200: daddr:100932208
[  273.845205] AAAAA-TCP_FORW: name:enp0s3: saddr:100932208: daddr:33561200
[  273.906093] AAAAA-TCP_FORW: name:enp0s3: saddr:100932208: daddr:33561200
[  273.933909] AAAAA-TCP_FORW: name:enp0s3: saddr:33561200: daddr:100932208
[  274.052546] AAAAA-TCP_FORW: name:enp0s3: saddr:33561200: daddr:100932208
[  274.181991] AAAAA-TCP_FORW: name:enp0s3: saddr:100932208: daddr:33561200
[  274.205254] AAAAA-TCP_FORW: name:enp0s3: saddr:33561200: daddr:100932208
[  274.257541] AAAAA-TCP_FORW: name:enp0s3: saddr:100932208: daddr:33561200
[  274.328043] AAAAA-TCP_FORW: name:enp0s3: saddr:33561200: daddr:100932208
[  274.387423] AAAAA-TCP_FORW: name:enp0s3: saddr:100932208: daddr:33561200
[  274.519687] AAAAA-TCP_FORW: name:enp0s3: saddr:100932208: daddr:33561200
[  274.607685] AAAAA-TCP_FORW: name:enp0s3: saddr:33561200: daddr:100932208
[  274.698242] AAAAA-TCP_FORW: name:enp0s3: saddr:33561200: daddr:100932208
[  274.710888] AAAAA-TCP_FORW: name:enp0s3: saddr:100932208: daddr:33561200
[  274.813898] AAAAA-TCP_FORW: name:enp0s3: saddr:100932208: daddr:33561200
[  274.902205] AAAAA-TCP_FORW: name:enp0s3: saddr:100932208: daddr:33561200
[  274.929724] AAAAA-TCP_FORW: name:enp0s3: saddr:33561200: daddr:100932208
[  274.967674] AAAAA-TCP_FORW: name:enp0s3: saddr:100932208: daddr:33561200
[  275.035222] AAAAA-TCP_FORW: name:enp0s3: saddr:33561200: daddr:100932208
[  275.110194] AAAAA-TCP_FORW: name:enp0s3: saddr:100932208: daddr:33561200
[  275.141371] AAAAA-TCP_FORW: name:enp0s3: saddr:33561200: daddr:100932208
[  275.395220] AAAAA-TCP_FORW: name:enp0s3: saddr:100932208: daddr:33561200
[  275.464702] AAAAA-TCP_FORW: name:enp0s3: saddr:100932208: daddr:33561200
[  275.678233] AAAAA-TCP_FORW: name:enp0s3: saddr:100932208: daddr:33561200
[  275.820436] AAAAA-TCP_FORW: name:enp0s3: saddr:100932208: daddr:33561200
[  275.898208] AAAAA-TCP_FORW: name:enp0s3: saddr:100932208: daddr:33561200
[  276.104385] AAAAA-TCP_FORW: name:enp0s3: saddr:100932208: daddr:33561200
[  276.231628] AAAAA-TCP_FORW: name:enp0s3: saddr:100932208: daddr:16783984
[  276.329603] AAAAA-TCP_FORW: name:enp0s3: saddr:100932208: daddr:16783984
[  276.457924] AAAAA-TCP_FORW: name:enp0s3: saddr:100932208: daddr:16783984
[  276.569668] AAAAA-TCP_FORW: name:enp0s3: saddr:100932208: daddr:16783984
[  276.696178] AAAAA-TCP_FORW: name:enp0s3: saddr:100932208: daddr:16783984
[  277.046864] AAAAA-TCP_FORW: name:enp0s3: saddr:100932208: daddr:16783984
[  277.220670] AAAAA-TCP_FORW: name:enp0s3: saddr:100932208: daddr:16783984
[  277.469011] AAAAA-TCP_FORW: name:enp0s3: saddr:100932208: daddr:16783984
[  277.630162] AAAAA-TCP_FORW: name:enp0s3: saddr:100932208: daddr:16783984
[  277.706936] AAAAA-TCP_FORW: name:enp0s3: saddr:100932208: daddr:16783984
[  277.826263] AAAAA-TCP_FORW: name:enp0s3: saddr:100932208: daddr:16783984
[  278.225896] AAAAA-TCP_FORW: name:enp0s3: saddr:100932208: daddr:33561200
[  278.349375] AAAAA-TCP_FORW: name:enp0s3: saddr:100932208: daddr:33561200
[  278.557867] AAAAA-TCP_FORW: name:enp0s3: saddr:100932208: daddr:33561200
[  278.784239] AAAAA-TCP_FORW: name:enp0s3: saddr:100932208: daddr:33561200
[  278.859882] AAAAA-TCP_FORW: name:enp0s3: saddr:100932208: daddr:33561200
[  279.050249] AAAAA-TCP_FORW: name:enp0s3: saddr:100932208: daddr:33561200
[  279.317459] AAAAA-TCP_FORW: name:enp0s3: saddr:100932208: daddr:33561200
[  279.443417] AAAAA-TCP_FORW: name:enp0s3: saddr:100932208: daddr:33561200
[  279.602192] AAAAA-TCP_FORW: name:enp0s3: saddr:100932208: daddr:33561200
[  279.770192] AAAAA-TCP_FORW: name:enp0s3: saddr:100932208: daddr:33561200
[  279.941932] AAAAA-TCP_FORW: name:enp0s3: saddr:100932208: daddr:33561200
[  280.101627] AAAAA-TCP_FORW: name:enp0s3: saddr:100932208: daddr:33561200
[  280.250775] AAAAA-TCP_FORW: name:enp0s3: saddr:100932208: daddr:33561200
[  280.325477] AAAAA-TCP_FORW: name:enp0s3: saddr:100932208: daddr:33561200
[  280.490554] AAAAA-TCP_FORW: name:enp0s3: saddr:100932208: daddr:33561200
[  280.687153] AAAAA-TCP_FORW: name:enp0s3: saddr:100932208: daddr:33561200
[  280.768515] AAAAA-TCP_FORW: name:enp0s3: saddr:100932208: daddr:33561200
[  280.897111] AAAAA-TCP_FORW: name:enp0s3: saddr:100932208: daddr:33561200
[  281.001200] AAAAA-TCP_FORW: name:enp0s3: saddr:100932208: daddr:33561200
[  281.218522] AAAAA-TCP_FORW: name:enp0s3: saddr:100932208: daddr:33561200
[  281.431554] AAAAA-TCP_FORW: name:enp0s3: saddr:100932208: daddr:33561200
[  281.535385] AAAAA-TCP_FORW: name:enp0s3: saddr:100932208: daddr:33561200
[  281.756899] AAAAA-TCP_FORW: name:enp0s3: saddr:100932208: daddr:33561200
[  282.027881] AAAAA-TCP_FORW: name:enp0s3: saddr:100932208: daddr:33561200
[  282.135923] AAAAA-TCP_FORW: name:enp0s3: saddr:100932208: daddr:33561200
[  282.544705] AAAAA-TCP_FORW: name:enp0s3: saddr:100932208: daddr:16783984
[  282.652651] AAAAA-TCP_FORW: name:enp0s3: saddr:100932208: daddr:16783984
[  282.847977] AAAAA-TCP_FORW: name:enp0s3: saddr:100932208: daddr:16783984
[  283.047322] AAAAA-TCP_FORW: name:enp0s3: saddr:100932208: daddr:16783984
[  283.122308] AAAAA-TCP_FORW: name:enp0s3: saddr:100932208: daddr:16783984
[  283.267300] AAAAA-TCP_FORW: name:enp0s3: saddr:100932208: daddr:16783984
[  283.397201] AAAAA-TCP_FORW: name:enp0s3: saddr:100932208: daddr:16783984
[  283.781320] AAAAA-TCP_FORW: name:enp0s3: saddr:100932208: daddr:16783984
[  283.854834] AAAAA-TCP_FORW: name:enp0s3: saddr:100932208: daddr:16783984
[  284.028277] AAAAA-TCP_FORW: name:enp0s3: saddr:100932208: daddr:16783984
[  284.404341] AAAAA-TCP_FORW: name:enp0s3: saddr:100932208: daddr:16783984
[  284.518267] AAAAA-TCP_FORW: name:enp0s3: saddr:100932208: daddr:16783984
[  284.655666] AAAAA-TCP_FORW: name:enp0s3: saddr:100932208: daddr:16783984
[  284.750403] AAAAA-TCP_FORW: name:enp0s3: saddr:100932208: daddr:16783984
[  284.940329] AAAAA-TCP_FORW: name:enp0s3: saddr:100932208: daddr:33561200
[  285.016495] AAAAA-TCP_FORW: name:enp0s3: saddr:100932208: daddr:33561200
[  285.341076] AAAAA-TCP_FORW: name:enp0s3: saddr:100932208: daddr:33561200
[  285.614650] AAAAA-TCP_FORW: name:enp0s3: saddr:100932208: daddr:33561200
[  285.751359] AAAAA-TCP_FORW: name:enp0s3: saddr:100932208: daddr:33561200
[  285.843326] AAAAA-TCP_FORW: name:enp0s3: saddr:100932208: daddr:33561200
[  285.943469] AAAAA-TCP_FORW: name:enp0s3: saddr:100932208: daddr:33561200
[  286.082321] AAAAA-TCP_FORW: name:enp0s3: saddr:100932208: daddr:33561200
[  286.254309] AAAAA-TCP_FORW: name:enp0s3: saddr:100932208: daddr:33561200
[  286.442545] AAAAA-TCP_FORW: name:enp0s3: saddr:100932208: daddr:33561200
[  286.527054] AAAAA-TCP_FORW: name:enp0s3: saddr:100932208: daddr:33561200
[  286.602755] AAAAA-TCP_FORW: name:enp0s3: saddr:100932208: daddr:33561200
[  286.982081] AAAAA-TCP_FORW: name:enp0s3: saddr:100932208: daddr:33561200
[  287.523923] AAAAA-TCP_FORW: name:enp0s3: saddr:100932208: daddr:33561200
[  287.602098] AAAAA-TCP_FORW: name:enp0s3: saddr:100932208: daddr:33561200
[  287.731043] AAAAA-TCP_FORW: name:enp0s3: saddr:100932208: daddr:33561200
[  287.916898] AAAAA-TCP_FORW: name:enp0s3: saddr:100932208: daddr:33561200
[  288.098107] AAAAA-TCP_FORW: name:enp0s3: saddr:100932208: daddr:33561200
[  288.175325] AAAAA-TCP_FORW: name:enp0s3: saddr:100932208: daddr:33561200
[  288.361984] AAAAA-TCP_FORW: name:enp0s3: saddr:100932208: daddr:33561200
[  288.434214] AAAAA-TCP_FORW: name:enp0s3: saddr:100932208: daddr:33561200
[  288.647990] AAAAA-TCP_FORW: name:enp0s3: saddr:100932208: daddr:33561200
[  289.014983] AAAAA-TCP_FORW: name:enp0s3: saddr:100932208: daddr:33561200
[  289.188611] AAAAA-TCP_FORW: name:enp0s3: saddr:100932208: daddr:33561200
[  289.420449] AAAAA-TCP_FORW: name:enp0s3: saddr:100932208: daddr:33561200
[  289.729629] AAAAA-TCP_FORW: name:enp0s3: saddr:100932208: daddr:33561200
[  289.972735] AAAAA-TCP_FORW: name:enp0s3: saddr:100932208: daddr:33561200
[  290.127459] AAAAA-TCP_FORW: name:enp0s3: saddr:100932208: daddr:16783984
[  290.362496] AAAAA-TCP_FORW: name:enp0s3: saddr:100932208: daddr:16783984
[  290.482599] AAAAA-TCP_FORW: name:enp0s3: saddr:100932208: daddr:16783984
[  290.691539] AAAAA-TCP_FORW: name:enp0s3: saddr:100932208: daddr:16783984
[  290.807417] AAAAA-TCP_FORW: name:enp0s3: saddr:100932208: daddr:16783984
[  290.909948] AAAAA-TCP_FORW: name:enp0s3: saddr:100932208: daddr:16783984
[  291.086774] AAAAA-TCP_FORW: name:enp0s3: saddr:100932208: daddr:16783984
[  291.245453] AAAAA-TCP_FORW: name:enp0s3: saddr:100932208: daddr:16783984
[  291.395845] AAAAA-TCP_FORW: name:enp0s3: saddr:100932208: daddr:16783984
[  291.482073] AAAAA-TCP_FORW: name:enp0s3: saddr:100932208: daddr:16783984
[  291.583472] AAAAA-TCP_FORW: name:enp0s3: saddr:100932208: daddr:16783984
[  291.730132] AAAAA-TCP_FORW: name:enp0s3: saddr:100932208: daddr:16783984
[  291.863615] AAAAA-TCP_FORW: name:enp0s3: saddr:100932208: daddr:16783984
[  291.972725] AAAAA-TCP_FORW: name:enp0s3: saddr:100932208: daddr:16783984
[  292.101431] AAAAA-TCP_FORW: name:enp0s3: saddr:100932208: daddr:16783984
[  292.170600] AAAAA-TCP_FORW: name:enp0s3: saddr:100932208: daddr:33561200
[  292.513969] AAAAA-TCP_FORW: name:enp0s3: saddr:100932208: daddr:33561200
[  292.617843] AAAAA-TCP_FORW: name:enp0s3: saddr:100932208: daddr:33561200
[  292.681611] AAAAA-TCP_FORW: name:enp0s3: saddr:100932208: daddr:33561200
[  292.945863] AAAAA-TCP_FORW: name:enp0s3: saddr:100932208: daddr:33561200
[  293.042947] AAAAA-TCP_FORW: name:enp0s3: saddr:100932208: daddr:33561200
[  293.122908] AAAAA-TCP_FORW: name:enp0s3: saddr:100932208: daddr:33561200
[  293.183886] AAAAA-TCP_FORW: name:enp0s3: saddr:100932208: daddr:33561200
[  293.297158] AAAAA-TCP_FORW: name:enp0s3: saddr:100932208: daddr:33561200
[  293.424219] AAAAA-TCP_FORW: name:enp0s3: saddr:100932208: daddr:33561200
[  293.497213] AAAAA-TCP_FORW: name:enp0s3: saddr:100932208: daddr:33561200
[  293.591399] AAAAA-TCP_FORW: name:enp0s3: saddr:100932208: daddr:33561200
[  293.666850] AAAAA-TCP_FORW: name:enp0s3: saddr:100932208: daddr:33561200
[  293.750810] AAAAA-TCP_FORW: name:enp0s3: saddr:100932208: daddr:33561200
[  293.815440] AAAAA-TCP_FORW: name:enp0s3: saddr:100932208: daddr:33561200
[  293.949437] AAAAA-TCP_FORW: name:enp0s3: saddr:100932208: daddr:33561200
[  294.022320] AAAAA-TCP_FORW: name:enp0s3: saddr:100932208: daddr:33561200
[  294.075128] AAAAA-TCP_FORW: name:enp0s3: saddr:100932208: daddr:33561200
[  294.153861] AAAAA-TCP_FORW: name:enp0s3: saddr:100932208: daddr:33561200
[  294.205779] AAAAA-TCP_FORW: name:enp0s3: saddr:100932208: daddr:33561200
[  294.267968] AAAAA-TCP_FORW: name:enp0s3: saddr:100932208: daddr:33561200
[  294.317913] AAAAA-TCP_FORW: name:enp0s3: saddr:100932208: daddr:33561200
[  294.420558] AAAAA-TCP_FORW: name:enp0s3: saddr:100932208: daddr:33561200
[  294.507317] AAAAA-TCP_FORW: name:enp0s3: saddr:100932208: daddr:33561200
[  294.601725] AAAAA-TCP_FORW: name:enp0s3: saddr:100932208: daddr:33561200
[  294.672990] AAAAA-TCP_FORW: name:enp0s3: saddr:100932208: daddr:16783984
[  294.735558] AAAAA-TCP_FORW: name:enp0s3: saddr:100932208: daddr:16783984
[  294.779727] AAAAA-TCP_FORW: name:enp0s3: saddr:100932208: daddr:16783984
[  294.840578] AAAAA-TCP_FORW: name:enp0s3: saddr:100932208: daddr:16783984
[  294.922795] AAAAA-TCP_FORW: name:enp0s3: saddr:100932208: daddr:16783984
[  294.974594] AAAAA-TCP_FORW: name:enp0s3: saddr:100932208: daddr:16783984
[  295.077584] AAAAA-TCP_FORW: name:enp0s3: saddr:100932208: daddr:16783984
[  295.167160] AAAAA-TCP_FORW: name:enp0s3: saddr:100932208: daddr:16783984
[  295.273614] AAAAA-TCP_FORW: name:enp0s3: saddr:100932208: daddr:16783984
[  295.373685] AAAAA-TCP_FORW: name:enp0s3: saddr:100932208: daddr:16783984
[  295.463551] AAAAA-TCP_FORW: name:enp0s3: saddr:100932208: daddr:16783984
[  295.515138] AAAAA-TCP_FORW: name:enp0s3: saddr:100932208: daddr:16783984
[  295.570960] AAAAA-TCP_FORW: name:enp0s3: saddr:100932208: daddr:16783984
[  295.641519] AAAAA-TCP_FORW: name:enp0s3: saddr:100932208: daddr:16783984
[  295.720452] AAAAA-TCP_FORW: name:enp0s3: saddr:100932208: daddr:16783984
[  295.866768] AAAAA-TCP_FORW: name:enp0s3: saddr:100932208: daddr:16783984
[  296.020312] AAAAA-TCP_FORW: name:enp0s3: saddr:100932208: daddr:33561200
[  296.357305] AAAAA-TCP_FORW: name:enp0s3: saddr:100932208: daddr:33561200
[  296.455431] AAAAA-TCP_FORW: name:enp0s3: saddr:100932208: daddr:33561200
[  296.537374] AAAAA-TCP_FORW: name:enp0s3: saddr:100932208: daddr:33561200
[  296.762198] AAAAA-TCP_FORW: name:enp0s3: saddr:100932208: daddr:33561200
[  296.835794] AAAAA-TCP_FORW: name:enp0s3: saddr:100932208: daddr:33561200
[  296.963291] AAAAA-TCP_FORW: name:enp0s3: saddr:100932208: daddr:33561200
[  297.081279] AAAAA-TCP_FORW: name:enp0s3: saddr:100932208: daddr:33561200
[  297.240641] AAAAA-TCP_FORW: name:enp0s3: saddr:100932208: daddr:33561200
[  297.339165] AAAAA-TCP_FORW: name:enp0s3: saddr:100932208: daddr:33561200
[  297.470884] AAAAA-TCP_FORW: name:enp0s3: saddr:100932208: daddr:33561200
[  297.564741] AAAAA-TCP_FORW: name:enp0s3: saddr:100932208: daddr:33561200
[  297.611179] AAAAA-TCP_FORW: name:enp0s3: saddr:100932208: daddr:33561200
[  297.628627] AAAAA-TCP_FORW: name:enp0s3: saddr:100932208: daddr:33561200
[  297.730279] AAAAA-TCP_FORW: name:enp0s3: saddr:100932208: daddr:33561200
[  297.763755] AAAAA-TCP_FORW: name:enp0s3: saddr:100932208: daddr:33561200
[  297.841308] AAAAA-TCP_FORW: name:enp0s3: saddr:100932208: daddr:33561200
[  297.883844] AAAAA-TCP_FORW: name:enp0s3: saddr:100932208: daddr:33561200
[  297.943527] AAAAA-TCP_FORW: name:enp0s3: saddr:100932208: daddr:33561200
[  297.988613] AAAAA-TCP_FORW: name:enp0s3: saddr:100932208: daddr:33561200
[  298.043090] AAAAA-TCP_FORW: name:enp0s3: saddr:100932208: daddr:33561200
[  298.101750] AAAAA-TCP_FORW: name:enp0s3: saddr:100932208: daddr:33561200
[  298.157297] AAAAA-TCP_FORW: name:enp0s3: saddr:100932208: daddr:33561200
[  298.267183] AAAAA-TCP_FORW: name:enp0s3: saddr:100932208: daddr:33561200
[  298.316097] AAAAA-TCP_FORW: name:enp0s3: saddr:100932208: daddr:33561200
[  298.452882] AAAAA-TCP_FORW: name:enp0s3: saddr:100932208: daddr:33561200
[  298.542518] AAAAA-TCP_FORW: name:enp0s3: saddr:100932208: daddr:16783984
[  298.610797] AAAAA-TCP_FORW: name:enp0s3: saddr:100932208: daddr:16783984
[  298.660416] AAAAA-TCP_FORW: name:enp0s3: saddr:100932208: daddr:16783984
[  298.687695] AAAAA-TCP_FORW: name:enp0s3: saddr:100932208: daddr:16783984
[  298.723642] AAAAA-TCP_FORW: name:enp0s3: saddr:100932208: daddr:16783984
[  298.777638] AAAAA-TCP_FORW: name:enp0s3: saddr:100932208: daddr:16783984
[  298.991773] AAAAA-TCP_FORW: name:enp0s3: saddr:100932208: daddr:16783984
[  299.050175] AAAAA-TCP_FORW: name:enp0s3: saddr:100932208: daddr:16783984
[  299.107303] AAAAA-TCP_FORW: name:enp0s3: saddr:100932208: daddr:16783984
[  299.189833] AAAAA-TCP_FORW: name:enp0s3: saddr:100932208: daddr:16783984
[  299.244400] AAAAA-TCP_FORW: name:enp0s3: saddr:100932208: daddr:16783984
[  299.348421] AAAAA-TCP_FORW: name:enp0s3: saddr:100932208: daddr:16783984
[  299.394582] AAAAA-TCP_FORW: name:enp0s3: saddr:100932208: daddr:16783984
[  299.397217] AAAAA-TCP_FORW: name:enp0s3: saddr:100932208: daddr:16783984
[  299.476878] AAAAA-TCP_FORW: name:enp0s3: saddr:100932208: daddr:16783984
[  299.506191] AAAAA-TCP_FORW: name:enp0s3: saddr:100932208: daddr:16783984
[  299.613141] AAAAA-TCP_FORW: name:enp0s3: saddr:100932208: daddr:16783984
[  299.657017] AAAAA-TCP_FORW: name:enp0s3: saddr:100932208: daddr:16783984
[  299.735785] AAAAA-TCP_FORW: name:enp0s3: saddr:100932208: daddr:16783984
[  299.823049] AAAAA-TCP_FORW: name:enp0s3: saddr:100932208: daddr:16783984
[  299.860183] AAAAA-TCP_FORW: name:enp0s3: saddr:100932208: daddr:16783984
[  299.905226] AAAAA-TCP_FORW: name:enp0s3: saddr:100932208: daddr:33561200
[  300.013533] AAAAA-TCP_FORW: name:enp0s3: saddr:100932208: daddr:33561200
[  300.257617] AAAAA-TCP_FORW: name:enp0s3: saddr:100932208: daddr:33561200
[  300.393447] AAAAA-TCP_FORW: name:enp0s3: saddr:100932208: daddr:33561200
[  300.478299] AAAAA-TCP_FORW: name:enp0s3: saddr:100932208: daddr:33561200
[  300.571797] AAAAA-TCP_FORW: name:enp0s3: saddr:100932208: daddr:33561200
[  300.833501] AAAAA-TCP_FORW: name:enp0s3: saddr:100932208: daddr:33561200
[  300.940183] AAAAA-TCP_FORW: name:enp0s3: saddr:100932208: daddr:33561200
[  301.023998] AAAAA-TCP_FORW: name:enp0s3: saddr:100932208: daddr:33561200
[  301.127855] AAAAA-TCP_FORW: name:enp0s3: saddr:100932208: daddr:33561200
[  301.254475] AAAAA-TCP_FORW: name:enp0s3: saddr:100932208: daddr:33561200
[  301.428495] AAAAA-TCP_FORW: name:enp0s3: saddr:100932208: daddr:33561200
[  301.567103] AAAAA-TCP_FORW: name:enp0s3: saddr:100932208: daddr:33561200
[  301.720501] AAAAA-TCP_FORW: name:enp0s3: saddr:100932208: daddr:33561200
[  301.819560] AAAAA-TCP_FORW: name:enp0s3: saddr:100932208: daddr:33561200
[  301.860192] AAAAA-TCP_FORW: name:enp0s3: saddr:100932208: daddr:33561200
[  301.948155] AAAAA-TCP_FORW: name:enp0s3: saddr:100932208: daddr:33561200
[  302.045088] AAAAA-TCP_FORW: name:enp0s3: saddr:100932208: daddr:33561200
[  302.166054] AAAAA-TCP_FORW: name:enp0s3: saddr:100932208: daddr:33561200
[  302.265950] AAAAA-TCP_FORW: name:enp0s3: saddr:100932208: daddr:33561200
[  302.300684] AAAAA-TCP_FORW: name:enp0s3: saddr:100932208: daddr:33561200
[  302.303594] AAAAA-TCP_FORW: name:enp0s3: saddr:100932208: daddr:33561200
[  302.342813] AAAAA-TCP_FORW: name:enp0s3: saddr:100932208: daddr:33561200
[  302.417765] AAAAA-TCP_FORW: name:enp0s3: saddr:100932208: daddr:33561200
[  302.483994] AAAAA-TCP_FORW: name:enp0s3: saddr:100932208: daddr:33561200
[  302.632982] AAAAA-TCP_FORW: name:enp0s3: saddr:100932208: daddr:33561200
[  302.687702] AAAAA-TCP_FORW: name:enp0s3: saddr:100932208: daddr:33561200
[  302.690527] AAAAA-TCP_FORW: name:enp0s3: saddr:100932208: daddr:33561200
[  302.789639] AAAAA-TCP_FORW: name:enp0s3: saddr:100932208: daddr:33561200
[  302.896657] AAAAA-TCP_FORW: name:enp0s3: saddr:100932208: daddr:33561200
[  302.948446] AAAAA-TCP_FORW: name:enp0s3: saddr:100932208: daddr:33561200
[  303.022358] AAAAA-TCP_FORW: name:enp0s3: saddr:100932208: daddr:33561200
[  303.025185] AAAAA-TCP_FORW: name:enp0s3: saddr:100932208: daddr:33561200
[  303.088401] AAAAA-TCP_FORW: name:enp0s3: saddr:100932208: daddr:16783984
[  303.163369] AAAAA-TCP_FORW: name:enp0s3: saddr:100932208: daddr:16783984
[  303.166235] AAAAA-TCP_FORW: name:enp0s3: saddr:100932208: daddr:16783984
[  303.223761] AAAAA-TCP_FORW: name:enp0s3: saddr:100932208: daddr:16783984
[  303.226598] AAAAA-TCP_FORW: name:enp0s3: saddr:100932208: daddr:16783984
[  303.313798] AAAAA-TCP_FORW: name:enp0s3: saddr:100932208: daddr:16783984
[  303.385372] AAAAA-TCP_FORW: name:enp0s3: saddr:100932208: daddr:16783984
[  303.482907] AAAAA-TCP_FORW: name:enp0s3: saddr:100932208: daddr:16783984
[  303.544276] AAAAA-TCP_FORW: name:enp0s3: saddr:100932208: daddr:16783984
[  303.547146] AAAAA-TCP_FORW: name:enp0s3: saddr:100932208: daddr:16783984
[  303.624972] AAAAA-TCP_FORW: name:enp0s3: saddr:100932208: daddr:16783984
[  303.627795] AAAAA-TCP_FORW: name:enp0s3: saddr:100932208: daddr:16783984
[  303.710833] AAAAA-TCP_FORW: name:enp0s3: saddr:100932208: daddr:16783984
[  303.776701] AAAAA-TCP_FORW: name:enp0s3: saddr:100932208: daddr:16783984
[  303.854327] AAAAA-TCP_FORW: name:enp0s3: saddr:100932208: daddr:16783984
[  303.857203] AAAAA-TCP_FORW: name:enp0s3: saddr:100932208: daddr:16783984
[  303.886288] AAAAA-TCP_FORW: name:enp0s3: saddr:100932208: daddr:16783984
[  303.972000] AAAAA-TCP_FORW: name:enp0s3: saddr:100932208: daddr:16783984
[  304.033579] AAAAA-TCP_FORW: name:enp0s3: saddr:100932208: daddr:16783984
[  304.036419] AAAAA-TCP_FORW: name:enp0s3: saddr:100932208: daddr:16783984
[  304.110216] AAAAA-TCP_FORW: name:enp0s3: saddr:100932208: daddr:16783984
[  304.165917] AAAAA-TCP_FORW: name:enp0s3: saddr:100932208: daddr:16783984
[  304.234668] AAAAA-TCP_FORW: name:enp0s3: saddr:100932208: daddr:16783984
[  304.237483] AAAAA-TCP_FORW: name:enp0s3: saddr:100932208: daddr:16783984
[  304.292585] AAAAA-TCP_FORW: name:enp0s3: saddr:100932208: daddr:16783984
[  304.359975] AAAAA-TCP_FORW: name:enp0s3: saddr:100932208: daddr:16783984
[  304.427668] AAAAA-TCP_FORW: name:enp0s3: saddr:100932208: daddr:16783984
[  304.518587] AAAAA-TCP_FORW: name:enp0s3: saddr:100932208: daddr:16783984
[  304.548408] AAAAA-TCP_FORW: name:enp0s3: saddr:100932208: daddr:33561200
[  304.596971] AAAAA-TCP_FORW: name:enp0s3: saddr:100932208: daddr:33561200
[  304.644351] AAAAA-TCP_FORW: name:enp0s3: saddr:100932208: daddr:16783984
[  304.727367] AAAAA-TCP_FORW: name:enp0s3: saddr:100932208: daddr:16783984
[  304.763139] AAAAA-TCP_FORW: name:enp0s3: saddr:100932208: daddr:16783984
[  304.792209] AAAAA-TCP_FORW: name:enp0s3: saddr:100932208: daddr:33561200
[  304.977479] AAAAA-TCP_FORW: name:enp0s3: saddr:100932208: daddr:33561200
[  305.092724] AAAAA-TCP_FORW: name:enp0s3: saddr:100932208: daddr:33561200
[  305.223558] AAAAA-TCP_FORW: name:enp0s3: saddr:100932208: daddr:33561200
[  305.336286] AAAAA-TCP_FORW: name:enp0s3: saddr:100932208: daddr:33561200
[  305.414954] AAAAA-TCP_FORW: name:enp0s3: saddr:100932208: daddr:33561200
[  305.759447] AAAAA-TCP_FORW: name:enp0s3: saddr:100932208: daddr:33561200
[  305.823880] AAAAA-TCP_FORW: name:enp0s3: saddr:100932208: daddr:33561200
[  305.902288] AAAAA-TCP_FORW: name:enp0s3: saddr:100932208: daddr:33561200
[  305.964645] AAAAA-TCP_FORW: name:enp0s3: saddr:100932208: daddr:33561200
[  306.040233] AAAAA-TCP_FORW: name:enp0s3: saddr:100932208: daddr:33561200
[  306.103763] AAAAA-TCP_FORW: name:enp0s3: saddr:100932208: daddr:33561200
[  306.183738] AAAAA-TCP_FORW: name:enp0s3: saddr:100932208: daddr:33561200
[  306.186595] AAAAA-TCP_FORW: name:enp0s3: saddr:100932208: daddr:33561200
[  306.420983] AAAAA-TCP_FORW: name:enp0s3: saddr:100932208: daddr:33561200
[  306.545282] AAAAA-TCP_FORW: name:enp0s3: saddr:100932208: daddr:33561200
[  306.642621] AAAAA-TCP_FORW: name:enp0s3: saddr:100932208: daddr:33561200
[  306.736848] AAAAA-TCP_FORW: name:enp0s3: saddr:100932208: daddr:33561200
[  306.804676] AAAAA-TCP_FORW: name:enp0s3: saddr:100932208: daddr:33561200
[  307.021648] AAAAA-TCP_FORW: name:enp0s3: saddr:100932208: daddr:33561200
[  307.139108] AAAAA-TCP_FORW: name:enp0s3: saddr:100932208: daddr:33561200
[  307.195450] AAAAA-TCP_FORW: name:enp0s3: saddr:100932208: daddr:33561200
[  307.239422] AAAAA-TCP_FORW: name:enp0s3: saddr:100932208: daddr:33561200
[  307.406405] AAAAA-TCP_FORW: name:enp0s3: saddr:100932208: daddr:33561200
[  307.409295] AAAAA-TCP_FORW: name:enp0s3: saddr:100932208: daddr:33561200
[  307.518256] AAAAA-TCP_FORW: name:enp0s3: saddr:100932208: daddr:33561200
[  307.566242] AAAAA-TCP_FORW: name:enp0s3: saddr:100932208: daddr:33561200
[  307.689848] AAAAA-TCP_FORW: name:enp0s3: saddr:100932208: daddr:33561200
[  307.917763] AAAAA-TCP_FORW: name:enp0s3: saddr:100932208: daddr:33561200
[  307.920685] AAAAA-TCP_FORW: name:enp0s3: saddr:100932208: daddr:33561200
[  308.010443] AAAAA-TCP_FORW: name:enp0s3: saddr:100932208: daddr:33561200
[  308.122916] AAAAA-TCP_FORW: name:enp0s3: saddr:100932208: daddr:33561200
[  308.211550] AAAAA-TCP_FORW: name:enp0s3: saddr:100932208: daddr:33561200
[  308.290619] AAAAA-TCP_FORW: name:enp0s3: saddr:100932208: daddr:33561200
[  308.348257] AAAAA-TCP_FORW: name:enp0s3: saddr:100932208: daddr:33561200
