[    0.000000] Linux version 5.4.243-mptcp (root@ztg) (gcc version 12.2.0 (Debian 12.2.0-14+deb12u1)) #53 SMP Wed Dec 24 23:28:15 CST 2025
[    0.000000] Command line: BOOT_IMAGE=/boot/vmlinuz-5.4.243-mptcp root=UUID=98415a12-53b7-4144-8265-0f7ece09e445 ro quiet splash
[    0.000000] KERNEL supported cpus:
[    0.000000]   Intel GenuineIntel
[    0.000000]   AMD AuthenticAMD
[    0.000000]   Hygon HygonGenuine
[    0.000000]   Centaur CentaurHauls
[    0.000000]   zhaoxin   Shanghai  
[    0.000000] x86/fpu: Supporting XSAVE feature 0x001: 'x87 floating point registers'
[    0.000000] x86/fpu: Supporting XSAVE feature 0x002: 'SSE registers'
[    0.000000] x86/fpu: Supporting XSAVE feature 0x004: 'AVX registers'
[    0.000000] x86/fpu: xstate_offset[2]:  576, xstate_sizes[2]:  256
[    0.000000] x86/fpu: Enabled xstate features 0x7, context size is 832 bytes, using 'standard' format.
[    0.000000] BIOS-provided physical RAM map:
[    0.000000] BIOS-e820: [mem 0x0000000000000000-0x000000000009fbff] usable
[    0.000000] BIOS-e820: [mem 0x000000000009fc00-0x000000000009ffff] reserved
[    0.000000] BIOS-e820: [mem 0x00000000000f0000-0x00000000000fffff] reserved
[    0.000000] BIOS-e820: [mem 0x0000000000100000-0x000000007ffeffff] usable
[    0.000000] BIOS-e820: [mem 0x000000007fff0000-0x000000007fffffff] ACPI data
[    0.000000] BIOS-e820: [mem 0x00000000fec00000-0x00000000fec00fff] reserved
[    0.000000] BIOS-e820: [mem 0x00000000fee00000-0x00000000fee00fff] reserved
[    0.000000] BIOS-e820: [mem 0x00000000fffc0000-0x00000000ffffffff] reserved
[    0.000000] NX (Execute Disable) protection: active
[    0.000000] SMBIOS 2.5 present.
[    0.000000] DMI: innotek GmbH VirtualBox/VirtualBox, BIOS VirtualBox 12/01/2006
[    0.000000] Hypervisor detected: KVM
[    0.000000] kvm-clock: Using msrs 4b564d01 and 4b564d00
[    0.000000] kvm-clock: cpu 0, msr 1a401001, primary cpu clock
[    0.000000] kvm-clock: using sched offset of 4441185873 cycles
[    0.000003] clocksource: kvm-clock: mask: 0xffffffffffffffff max_cycles: 0x1cd42e4dffb, max_idle_ns: 881590591483 ns
[    0.000006] tsc: Detected 2100.000 MHz processor
[    0.001901] e820: update [mem 0x00000000-0x00000fff] usable ==> reserved
[    0.001903] e820: remove [mem 0x000a0000-0x000fffff] usable
[    0.001907] last_pfn = 0x7fff0 max_arch_pfn = 0x400000000
[    0.001978] MTRR default type: uncachable
[    0.001979] MTRR fixed ranges enabled:
[    0.001980]   00000-9FFFF write-back
[    0.001981]   A0000-BFFFF uncachable
[    0.001982]   C0000-FFFFF write-protect
[    0.001983] MTRR variable ranges enabled:
[    0.001984]   0 base 000000000000 mask 3FFF80000000 write-back
[    0.001985]   1 disabled
[    0.001985]   2 disabled
[    0.001986]   3 disabled
[    0.001986]   4 disabled
[    0.001986]   5 disabled
[    0.001987]   6 disabled
[    0.001987]   7 disabled
[    0.001988]   8 disabled
[    0.001988]   9 disabled
[    0.001989]   10 disabled
[    0.001989]   11 disabled
[    0.001989]   12 disabled
[    0.001990]   13 disabled
[    0.001990]   14 disabled
[    0.001991]   15 disabled
[    0.002007] x86/PAT: Configuration [0-7]: WB  WC  UC- UC  WB  WP  UC- WT  
[    0.002143] found SMP MP-table at [mem 0x0009fff0-0x0009ffff]
[    0.093988] check: Scanning 1 areas for low memory corruption
[    0.094226] RAMDISK: [mem 0x32271000-0x3512ffff]
[    0.094235] ACPI: Early table checksum verification disabled
[    0.094240] ACPI: RSDP 0x00000000000E0000 000024 (v02 VBOX  )
[    0.094246] ACPI: XSDT 0x000000007FFF0030 00003C (v01 VBOX   VBOXXSDT 00000001 ASL  00000061)
[    0.094253] ACPI: FACP 0x000000007FFF00F0 0000F4 (v04 VBOX   VBOXFACP 00000001 ASL  00000061)
[    0.094260] ACPI: DSDT 0x000000007FFF02E0 002353 (v02 VBOX   VBOXBIOS 00000002 VBOX 00029BF3)
[    0.094264] ACPI: FACS 0x000000007FFF0200 000040
[    0.094267] ACPI: FACS 0x000000007FFF0200 000040
[    0.094270] ACPI: APIC 0x000000007FFF0240 000054 (v02 VBOX   VBOXAPIC 00000001 ASL  00000061)
[    0.094274] ACPI: SSDT 0x000000007FFF02A0 000038 (v01 VBOX   VBOXCPUT 00000002 VBOX 00029BF3)
[    0.094277] ACPI: Reserving FACP table memory at [mem 0x7fff00f0-0x7fff01e3]
[    0.094278] ACPI: Reserving DSDT table memory at [mem 0x7fff02e0-0x7fff2632]
[    0.094279] ACPI: Reserving FACS table memory at [mem 0x7fff0200-0x7fff023f]
[    0.094279] ACPI: Reserving FACS table memory at [mem 0x7fff0200-0x7fff023f]
[    0.094280] ACPI: Reserving APIC table memory at [mem 0x7fff0240-0x7fff0293]
[    0.094281] ACPI: Reserving SSDT table memory at [mem 0x7fff02a0-0x7fff02d7]
[    0.094296] ACPI: Local APIC address 0xfee00000
[    0.094486] No NUMA configuration found
[    0.094487] Faking a node at [mem 0x0000000000000000-0x000000007ffeffff]
[    0.094498] NODE_DATA(0) allocated [mem 0x7ffc5000-0x7ffeffff]
[    0.094758] Zone ranges:
[    0.094759]   DMA      [mem 0x0000000000001000-0x0000000000ffffff]
[    0.094761]   DMA32    [mem 0x0000000001000000-0x000000007ffeffff]
[    0.094761]   Normal   empty
[    0.094762]   Device   empty
[    0.094763] Movable zone start for each node
[    0.094765] Early memory node ranges
[    0.094765]   node   0: [mem 0x0000000000001000-0x000000000009efff]
[    0.094766]   node   0: [mem 0x0000000000100000-0x000000007ffeffff]
[    0.094770] Zeroed struct page in unavailable ranges: 114 pages
[    0.094771] Initmem setup node 0 [mem 0x0000000000001000-0x000000007ffeffff]
[    0.094772] On node 0 totalpages: 524174
[    0.094774]   DMA zone: 64 pages used for memmap
[    0.094774]   DMA zone: 21 pages reserved
[    0.094775]   DMA zone: 3998 pages, LIFO batch:0
[    0.094845]   DMA32 zone: 8128 pages used for memmap
[    0.094846]   DMA32 zone: 520176 pages, LIFO batch:63
[    0.103769] ACPI: PM-Timer IO Port: 0x4008
[    0.103772] ACPI: Local APIC address 0xfee00000
[    0.103837] IOAPIC[0]: apic_id 1, version 32, address 0xfec00000, GSI 0-23
[    0.103841] ACPI: INT_SRC_OVR (bus 0 bus_irq 0 global_irq 2 dfl dfl)
[    0.103843] ACPI: INT_SRC_OVR (bus 0 bus_irq 9 global_irq 9 low level)
[    0.103845] ACPI: IRQ0 used by override.
[    0.103846] ACPI: IRQ9 used by override.
[    0.103849] Using ACPI (MADT) for SMP configuration information
[    0.103857] smpboot: Allowing 1 CPUs, 0 hotplug CPUs
[    0.103880] PM: Registered nosave memory: [mem 0x00000000-0x00000fff]
[    0.103881] PM: Registered nosave memory: [mem 0x0009f000-0x0009ffff]
[    0.103882] PM: Registered nosave memory: [mem 0x000a0000-0x000effff]
[    0.103882] PM: Registered nosave memory: [mem 0x000f0000-0x000fffff]
[    0.103884] [mem 0x80000000-0xfebfffff] available for PCI devices
[    0.103885] Booting paravirtualized kernel on KVM
[    0.103888] clocksource: refined-jiffies: mask: 0xffffffff max_cycles: 0xffffffff, max_idle_ns: 7645519600211568 ns
[    0.103893] setup_percpu: NR_CPUS:8192 nr_cpumask_bits:1 nr_cpu_ids:1 nr_node_ids:1
[    0.104899] percpu: Embedded 60 pages/cpu s208896 r8192 d28672 u2097152
[    0.104904] pcpu-alloc: s208896 r8192 d28672 u2097152 alloc=1*2097152
[    0.104905] pcpu-alloc: [0] 0 
[    0.104933] Built 1 zonelists, mobility grouping on.  Total pages: 515961
[    0.104933] Policy zone: DMA32
[    0.104935] Kernel command line: BOOT_IMAGE=/boot/vmlinuz-5.4.243-mptcp root=UUID=98415a12-53b7-4144-8265-0f7ece09e445 ro quiet splash
[    0.105800] Dentry cache hash table entries: 262144 (order: 9, 2097152 bytes, linear)
[    0.105948] Inode-cache hash table entries: 131072 (order: 8, 1048576 bytes, linear)
[    0.106000] mem auto-init: stack:off, heap alloc:on, heap free:off
[    0.106002] Calgary: detecting Calgary via BIOS EBDA area
[    0.106004] Calgary: Unable to locate Rio Grande table in EBDA - bailing!
[    0.110021] Memory: 1967332K/2096696K available (14339K kernel code, 2398K rwdata, 4712K rodata, 2728K init, 17260K bss, 129364K reserved, 0K cma-reserved)
[    0.110936] SLUB: HWalign=64, Order=0-3, MinObjects=0, CPUs=1, Nodes=1
[    0.110953] ftrace: allocating 43186 entries in 169 pages
[    0.130731] rcu: Hierarchical RCU implementation.
[    0.130732] rcu: 	RCU restricting CPUs from NR_CPUS=8192 to nr_cpu_ids=1.
[    0.130733] 	Tasks RCU enabled.
[    0.130734] rcu: RCU calculated value of scheduler-enlistment delay is 25 jiffies.
[    0.130735] rcu: Adjusting geometry for rcu_fanout_leaf=16, nr_cpu_ids=1
[    0.133692] NR_IRQS: 524544, nr_irqs: 256, preallocated irqs: 16
[    0.133907] random: crng init done
[    0.143241] Console: colour VGA+ 80x25
[    0.143245] printk: console [tty0] enabled
[    0.143265] ACPI: Core revision 20190816
[    0.143362] APIC: Switch to symmetric I/O mode setup
[    0.143609] x2apic enabled
[    0.143846] Switched APIC routing to physical x2apic.
[    0.144963] ..TIMER: vector=0x30 apic1=0 pin1=2 apic2=-1 pin2=-1
[    0.144993] clocksource: tsc-early: mask: 0xffffffffffffffff max_cycles: 0x1e4530a99b6, max_idle_ns: 440795257976 ns
[    0.145000] Calibrating delay loop (skipped) preset value.. 4200.00 BogoMIPS (lpj=8400000)
[    0.145002] pid_max: default: 32768 minimum: 301
[    0.145031] LSM: Security Framework initializing
[    0.145041] Yama: becoming mindful.
[    0.145067] AppArmor: AppArmor initialized
[    0.145101] Mount-cache hash table entries: 4096 (order: 3, 32768 bytes, linear)
[    0.145105] Mountpoint-cache hash table entries: 4096 (order: 3, 32768 bytes, linear)
[    0.145117] *** VALIDATE tmpfs ***
[    0.145253] *** VALIDATE proc ***
[    0.145298] *** VALIDATE cgroup1 ***
[    0.145299] *** VALIDATE cgroup2 ***
[    0.145446] process: using mwait in idle threads
[    0.145451] Last level iTLB entries: 4KB 64, 2MB 8, 4MB 8
[    0.145452] Last level dTLB entries: 4KB 64, 2MB 0, 4MB 0, 1GB 4
[    0.145472] Spectre V1 : Mitigation: usercopy/swapgs barriers and __user pointer sanitization
[    0.145478] Spectre V2 : Mitigation: Retpolines
[    0.145479] Spectre V2 : Spectre v2 / SpectreRSB mitigation: Filling RSB on context switch
[    0.145479] Spectre V2 : Spectre v2 / SpectreRSB : Filling RSB on VMEXIT
[    0.145480] RETBleed: WARNING: Spectre v2 mitigation leaves CPU vulnerable to RETBleed attacks, data leaks possible!
[    0.145839] RETBleed: Vulnerable
[    0.145840] Speculative Store Bypass: Vulnerable
[    0.145845] TAA: Mitigation: TSX disabled
[    0.145845] MMIO Stale Data: Mitigation: Clear CPU buffers
[    0.150529] Freeing SMP alternatives memory: 40K
[    0.263051] smpboot: CPU0: Intel(R) Xeon(R) Silver 4216 CPU @ 2.10GHz (family: 0x6, model: 0x55, stepping: 0x7)
[    0.263199] Performance Events: unsupported p6 CPU model 85 no PMU driver, software events only.
[    0.263241] rcu: Hierarchical SRCU implementation.
[    0.263722] NMI watchdog: Perf NMI watchdog permanently disabled
[    0.263762] smp: Bringing up secondary CPUs ...
[    0.263763] smp: Brought up 1 node, 1 CPU
[    0.263764] smpboot: Max logical packages: 1
[    0.263765] smpboot: Total of 1 processors activated (4200.00 BogoMIPS)
[    0.264715] devtmpfs: initialized
[    0.264764] x86/mm: Memory block size: 128MB
[    0.264995] clocksource: jiffies: mask: 0xffffffff max_cycles: 0xffffffff, max_idle_ns: 7645041785100000 ns
[    0.264995] futex hash table entries: 256 (order: 2, 16384 bytes, linear)
[    0.264995] pinctrl core: initialized pinctrl subsystem
[    0.264995] PM: RTC time: 17:18:37, date: 2026-01-16
[    0.264995] NET: Registered protocol family 16
[    0.264995] audit: initializing netlink subsys (disabled)
[    0.264995] EISA bus registered
[    0.264995] cpuidle: using governor ladder
[    0.264995] cpuidle: using governor menu
[    0.264995] ACPI: bus type PCI registered
[    0.264995] acpiphp: ACPI Hot Plug PCI Controller Driver version: 0.5
[    0.264995] PCI: Using configuration type 1 for base access
[    0.265315] audit: type=2000 audit(1768555123.604:1): state=initialized audit_enabled=0 res=1
[    0.265394] HugeTLB registered 2.00 MiB page size, pre-allocated 0 pages
[    0.266208] ACPI: Added _OSI(Module Device)
[    0.266209] ACPI: Added _OSI(Processor Device)
[    0.266210] ACPI: Added _OSI(3.0 _SCP Extensions)
[    0.266211] ACPI: Added _OSI(Processor Aggregator Device)
[    0.266212] ACPI: Added _OSI(Linux-Dell-Video)
[    0.266212] ACPI: Added _OSI(Linux-Lenovo-NV-HDMI-Audio)
[    0.266213] ACPI: Added _OSI(Linux-HPI-Hybrid-Graphics)
[    0.268168] ACPI: 2 ACPI AML tables successfully acquired and loaded
[    0.269833] ACPI: Interpreter enabled
[    0.269842] ACPI: (supports S0 S5)
[    0.269843] ACPI: Using IOAPIC for interrupt routing
[    0.270048] PCI: Using host bridge windows from ACPI; if necessary, use "pci=nocrs" and report a bug
[    0.270156] ACPI: Enabled 2 GPEs in block 00 to 07
[    0.274982] ACPI: PCI Root Bridge [PCI0] (domain 0000 [bus 00-ff])
[    0.274988] acpi PNP0A03:00: _OSC: OS supports [ASPM ClockPM Segments MSI HPX-Type3]
[    0.275432] acpi PNP0A03:00: _OSC: not requesting OS control; OS requires [ExtendedConfig ASPM ClockPM MSI]
[    0.275440] acpi PNP0A03:00: fail to add MMCONFIG information, can't access extended PCI configuration space under this bridge.
[    0.275815] PCI host bridge to bus 0000:00
[    0.275817] pci_bus 0000:00: root bus resource [io  0x0000-0x0cf7 window]
[    0.275818] pci_bus 0000:00: root bus resource [io  0x0d00-0xffff window]
[    0.275819] pci_bus 0000:00: root bus resource [mem 0x000a0000-0x000bffff window]
[    0.275820] pci_bus 0000:00: root bus resource [mem 0x80000000-0xfdffffff window]
[    0.275821] pci_bus 0000:00: root bus resource [bus 00-ff]
[    0.275867] pci 0000:00:00.0: [8086:1237] type 00 class 0x060000
[    0.276822] pci 0000:00:01.0: [8086:7000] type 00 class 0x060100
[    0.277649] pci 0000:00:01.1: [8086:7111] type 00 class 0x01018a
[    0.278029] pci 0000:00:01.1: reg 0x20: [io  0xd000-0xd00f]
[    0.278184] pci 0000:00:01.1: legacy IDE quirk: reg 0x10: [io  0x01f0-0x01f7]
[    0.278185] pci 0000:00:01.1: legacy IDE quirk: reg 0x14: [io  0x03f6]
[    0.278186] pci 0000:00:01.1: legacy IDE quirk: reg 0x18: [io  0x0170-0x0177]
[    0.278187] pci 0000:00:01.1: legacy IDE quirk: reg 0x1c: [io  0x0376]
[    0.278729] pci 0000:00:02.0: [15ad:0405] type 00 class 0x030000
[    0.281078] pci 0000:00:02.0: reg 0x10: [io  0xd010-0xd01f]
[    0.285043] pci 0000:00:02.0: reg 0x14: [mem 0xe0000000-0xe7ffffff pref]
[    0.287781] pci 0000:00:02.0: reg 0x18: [mem 0xf0000000-0xf01fffff]
[    0.297806] pci 0000:00:03.0: [1022:2000] type 00 class 0x020000
[    0.298474] pci 0000:00:03.0: reg 0x10: [io  0xd020-0xd03f]
[    0.299081] pci 0000:00:03.0: reg 0x14: [mem 0xf0200000-0xf0200fff]
[    0.304071] pci 0000:00:04.0: [80ee:cafe] type 00 class 0x088000
[    0.304747] pci 0000:00:04.0: reg 0x10: [io  0xd040-0xd05f]
[    0.305116] pci 0000:00:04.0: reg 0x14: [mem 0xf0400000-0xf07fffff]
[    0.305721] pci 0000:00:04.0: reg 0x18: [mem 0xf0800000-0xf0803fff pref]
[    0.309042] pci 0000:00:07.0: [8086:7113] type 00 class 0x068000
[    0.309584] pci 0000:00:07.0: quirk: [io  0x4000-0x403f] claimed by PIIX4 ACPI
[    0.309594] pci 0000:00:07.0: quirk: [io  0x4100-0x410f] claimed by PIIX4 SMB
[    0.310213] pci 0000:00:08.0: [8086:100e] type 00 class 0x020000
[    0.310915] pci 0000:00:08.0: reg 0x10: [mem 0xf0820000-0xf083ffff]
[    0.312065] pci 0000:00:08.0: reg 0x18: [io  0xd060-0xd067]
[    0.315160] pci 0000:00:09.0: [8086:100e] type 00 class 0x020000
[    0.315865] pci 0000:00:09.0: reg 0x10: [mem 0xf0840000-0xf085ffff]
[    0.317644] pci 0000:00:09.0: reg 0x18: [io  0xd068-0xd06f]
[    0.326131] ACPI: PCI Interrupt Link [LNKA] (IRQs 5 9 10 *11)
[    0.326419] ACPI: PCI Interrupt Link [LNKB] (IRQs 5 9 *10 11)
[    0.329014] ACPI: PCI Interrupt Link [LNKC] (IRQs 5 *9 10 11)
[    0.329114] ACPI: PCI Interrupt Link [LNKD] (IRQs 5 9 10 *11)
[    0.329388] iommu: Default domain type: Translated 
[    0.329450] pci 0000:00:02.0: vgaarb: setting as boot VGA device
[    0.329453] pci 0000:00:02.0: vgaarb: VGA device added: decodes=io+mem,owns=io+mem,locks=none
[    0.329454] pci 0000:00:02.0: vgaarb: bridge control possible
[    0.329455] vgaarb: loaded
[    0.329669] SCSI subsystem initialized
[    0.329700] libata version 3.00 loaded.
[    0.329724] ACPI: bus type USB registered
[    0.329739] usbcore: registered new interface driver usbfs
[    0.329745] usbcore: registered new interface driver hub
[    0.329751] usbcore: registered new device driver usb
[    0.329777] pps_core: LinuxPPS API ver. 1 registered
[    0.329778] pps_core: Software ver. 5.3.6 - Copyright 2005-2007 Rodolfo Giometti <giometti@linux.it>
[    0.329780] PTP clock support registered
[    0.329813] EDAC MC: Ver: 3.0.0
[    0.330104] PCI: Using ACPI for IRQ routing
[    0.330105] PCI: pci_cache_line_size set to 64 bytes
[    0.330279] e820: reserve RAM buffer [mem 0x0009fc00-0x0009ffff]
[    0.330283] e820: reserve RAM buffer [mem 0x7fff0000-0x7fffffff]
[    0.331113] NetLabel: Initializing
[    0.331114] NetLabel:  domain hash size = 128
[    0.331114] NetLabel:  protocols = UNLABELED CIPSOv4 CALIPSO
[    0.331134] NetLabel:  unlabeled traffic allowed by default
[    0.332039] clocksource: Switched to clocksource kvm-clock
[    0.343315] *** VALIDATE bpf ***
[    0.343378] VFS: Disk quotas dquot_6.6.0
[    0.343390] VFS: Dquot-cache hash table entries: 512 (order 0, 4096 bytes)
[    0.343414] *** VALIDATE ramfs ***
[    0.343417] *** VALIDATE hugetlbfs ***
[    0.343497] AppArmor: AppArmor Filesystem Enabled
[    0.343523] pnp: PnP ACPI init
[    0.343599] pnp 00:00: Plug and Play ACPI device, IDs PNP0303 (active)
[    0.343686] pnp 00:01: Plug and Play ACPI device, IDs PNP0f03 (active)
[    0.344434] pnp: PnP ACPI: found 2 devices
[    0.345380] thermal_sys: Registered thermal governor 'fair_share'
[    0.345381] thermal_sys: Registered thermal governor 'bang_bang'
[    0.345381] thermal_sys: Registered thermal governor 'step_wise'
[    0.345382] thermal_sys: Registered thermal governor 'user_space'
[    0.345383] thermal_sys: Registered thermal governor 'power_allocator'
[    0.349928] clocksource: acpi_pm: mask: 0xffffff max_cycles: 0xffffff, max_idle_ns: 2085701024 ns
[    0.349969] pci_bus 0000:00: resource 4 [io  0x0000-0x0cf7 window]
[    0.349971] pci_bus 0000:00: resource 5 [io  0x0d00-0xffff window]
[    0.349972] pci_bus 0000:00: resource 6 [mem 0x000a0000-0x000bffff window]
[    0.349973] pci_bus 0000:00: resource 7 [mem 0x80000000-0xfdffffff window]
[    0.350031] NET: Registered protocol family 2
[    0.350105] IP idents hash table entries: 32768 (order: 6, 262144 bytes, linear)
[    0.350516] MPTCP tokens hash table entries: 8192 (order: 4, 65536 bytes, linear)
[    0.350536] MPTCP request tokens hash table entries: 8192 (order: 4, 65536 bytes, linear)
[    0.350561] default registered
[    0.350561] default registered
[    0.350562] MPTCP: Stable release v0.96
[    0.350567] tcp_listen_portaddr_hash hash table entries: 1024 (order: 2, 16384 bytes, linear)
[    0.350646] TCP established hash table entries: 16384 (order: 5, 131072 bytes, linear)
[    0.350709] TCP bind hash table entries: 16384 (order: 6, 262144 bytes, linear)
[    0.350735] TCP: Hash tables configured (established 16384 bind 16384)
[    0.351461] UDP hash table entries: 1024 (order: 3, 32768 bytes, linear)
[    0.351472] UDP-Lite hash table entries: 1024 (order: 3, 32768 bytes, linear)
[    0.351510] NET: Registered protocol family 1
[    0.351519] NET: Registered protocol family 44
[    0.351540] pci 0000:00:00.0: Limiting direct PCI/PCI transfers
[    0.351552] pci 0000:00:01.0: Activating ISA DMA hang workarounds
[    0.351610] pci 0000:00:02.0: Video device with shadowed ROM at [mem 0x000c0000-0x000dffff]
[    0.351672] PCI: CLS 0 bytes, default 64
[    0.351720] Trying to unpack rootfs image as initramfs...
[    0.529025] Freeing initrd memory: 47868K
[    0.529123] clocksource: tsc: mask: 0xffffffffffffffff max_cycles: 0x1e4530a99b6, max_idle_ns: 440795257976 ns
[    0.529134] clocksource: Switched to clocksource tsc
[    0.529176] platform rtc_cmos: registered platform RTC device (no PNP device found)
[    0.529205] check: Scanning for low memory corruption every 60 seconds
[    0.529524] Initialise system trusted keyrings
[    0.529535] Key type blacklist registered
[    0.529582] workingset: timestamp_bits=36 max_order=19 bucket_order=0
[    0.529794] zbud: loaded
[    0.529794] squashfs: version 4.0 (2009/01/31) Phillip Lougher
[    0.529794] fuse: init (API version 7.31)
[    0.529794] *** VALIDATE fuse ***
[    0.529794] *** VALIDATE fuse ***
[    0.529794] Platform Keyring initialized
[    0.529794] Key type asymmetric registered
[    0.529794] Asymmetric key parser 'x509' registered
[    0.529794] Block layer SCSI generic (bsg) driver version 0.4 loaded (major 244)
[    0.529794] io scheduler mq-deadline registered
[    0.529794] shpchp: Standard Hot Plug PCI Controller Driver version: 0.4
[    0.534986] ACPI: AC Adapter [AC] (on-line)
[    0.535031] input: Power Button as /devices/LNXSYSTM:00/LNXPWRBN:00/input/input0
[    0.535059] ACPI: Power Button [PWRF]
[    0.535158] input: Sleep Button as /devices/LNXSYSTM:00/LNXSLPBN:00/input/input1
[    0.535171] ACPI: Sleep Button [SLPF]
[    0.535396] Serial: 8250/16550 driver, 32 ports, IRQ sharing enabled
[    0.536557] Linux agpgart interface v0.103
[    0.631129] loop: module loaded
[    0.631273] ata_piix 0000:00:01.1: version 2.13
[    0.631691] scsi host0: ata_piix
[    0.631779] scsi host1: ata_piix
[    0.631805] ata1: PATA max UDMA/33 cmd 0x1f0 ctl 0x3f6 bmdma 0xd000 irq 14
[    0.631806] ata2: PATA max UDMA/33 cmd 0x170 ctl 0x376 bmdma 0xd008 irq 15
[    0.631887] tun: Universal TUN/TAP device driver, 1.6
[    0.632200] PPP generic driver version 2.4.2
[    0.632240] VFIO - User Level meta-driver version: 0.3
[    0.632476] ehci_hcd: USB 2.0 'Enhanced' Host Controller (EHCI) Driver
[    0.632481] ehci-pci: EHCI PCI platform driver
[    0.632494] ehci-platform: EHCI generic platform driver
[    0.632500] ohci_hcd: USB 1.1 'Open' Host Controller (OHCI) Driver
[    0.632501] ohci-pci: OHCI PCI platform driver
[    0.632509] ohci-platform: OHCI generic platform driver
[    0.632513] uhci_hcd: USB Universal Host Controller Interface driver
[    0.632574] i8042: PNP: PS/2 Controller [PNP0303:PS2K,PNP0f03:PS2M] at 0x60,0x64 irq 1,12
[    0.633021] serio: i8042 KBD port at 0x60,0x64 irq 1
[    0.633025] serio: i8042 AUX port at 0x60,0x64 irq 12
[    0.633111] mousedev: PS/2 mouse device common for all mice
[    0.633364] input: AT Translated Set 2 keyboard as /devices/platform/i8042/serio0/input/input2
[    0.633777] rtc_cmos rtc_cmos: registered as rtc0
[    0.633790] rtc_cmos rtc_cmos: alarms up to one day, 114 bytes nvram
[    0.633795] i2c /dev entries driver
[    0.633839] device-mapper: uevent: version 1.0.3
[    0.633881] device-mapper: ioctl: 4.41.0-ioctl (2019-09-16) initialised: dm-devel@redhat.com
[    0.633896] platform eisa.0: Probing EISA bus 0
[    0.633898] platform eisa.0: EISA: Cannot allocate resource for mainboard
[    0.633899] platform eisa.0: Cannot allocate resource for EISA slot 1
[    0.633900] platform eisa.0: Cannot allocate resource for EISA slot 2
[    0.633901] platform eisa.0: Cannot allocate resource for EISA slot 3
[    0.633902] platform eisa.0: Cannot allocate resource for EISA slot 4
[    0.633903] platform eisa.0: Cannot allocate resource for EISA slot 5
[    0.633904] platform eisa.0: Cannot allocate resource for EISA slot 6
[    0.633905] platform eisa.0: Cannot allocate resource for EISA slot 7
[    0.633906] platform eisa.0: Cannot allocate resource for EISA slot 8
[    0.633907] platform eisa.0: EISA: Detected 0 cards
[    0.633909] intel_pstate: CPU model not supported
[    0.633919] ledtrig-cpu: registered to indicate activity on CPUs
[    0.633975] drop_monitor: Initializing network drop monitor service
[    0.634132] NET: Registered protocol family 10
[    0.639245] Segment Routing with IPv6
[    0.639274] fullmesh registered
[    0.639275] ndiffports registered
[    0.639278] binder registered
[    0.639279] roundrobin registered
[    0.639279] redundant registered
[    0.639280] blest registered
[    0.639280] ecf registered
[    0.639282] NET: Registered protocol family 17
[    0.639300] Key type dns_resolver registered
[    0.639300] RAS: Correctable Errors collector initialized.
[    0.639300] IPI shorthand broadcast: enabled
[    0.639300] sched_clock: Marking stable (624201170, 11099095)->(638532252, -3231987)
[    0.639491] registered taskstats version 1
[    0.639500] Loading compiled-in X.509 certificates
[    0.640094] Loaded X.509 cert 'Build time autogenerated kernel key: 6909f3744cebb3d0de528d5887b96a727de79b1e'
[    0.640113] zswap: loaded using pool lzo/zbud
[    0.640167] Key type ._fscrypt registered
[    0.640167] Key type .fscrypt registered
[    0.644641] Key type big_key registered
[    0.646849] Key type encrypted registered
[    0.646851] AppArmor: AppArmor sha1 policy hashing enabled
[    0.646859] ima: No TPM chip found, activating TPM-bypass!
[    0.646864] ima: Allocated hash algorithm: sha1
[    0.646870] ima: No architecture policies found
[    0.646879] evm: Initialising EVM extended attributes:
[    0.646880] evm: security.selinux
[    0.646880] evm: security.SMACK64
[    0.646881] evm: security.SMACK64EXEC
[    0.646881] evm: security.SMACK64TRANSMUTE
[    0.646881] evm: security.SMACK64MMAP
[    0.646882] evm: security.apparmor
[    0.646882] evm: security.ima
[    0.646883] evm: security.capability
[    0.646884] evm: HMAC attrs: 0x1
[    0.647178] PM:   Magic number: 10:246:340
[    0.647279] rtc_cmos rtc_cmos: setting system clock to 2026-01-16T17:18:38 UTC (1768583918)
[    0.803072] ata1.00: ATA-6: VBOX HARDDISK, 1.0, max UDMA/133
[    0.803074] ata1.00: 209715200 sectors, multi 128: LBA 
[    0.803588] scsi 0:0:0:0: Direct-Access     ATA      VBOX HARDDISK    1.0  PQ: 0 ANSI: 5
[    0.803817] sd 0:0:0:0: [sda] 209715200 512-byte logical blocks: (107 GB/100 GiB)
[    0.803826] sd 0:0:0:0: [sda] Write Protect is off
[    0.803828] sd 0:0:0:0: [sda] Mode Sense: 00 3a 00 00
[    0.803842] sd 0:0:0:0: [sda] Write cache: enabled, read cache: enabled, doesn't support DPO or FUA
[    0.804091] sd 0:0:0:0: Attached scsi generic sg0 type 0
[    0.804758]  sda: sda1 sda2
[    0.815244] sd 0:0:0:0: [sda] Attached SCSI disk
[    0.817447] Freeing unused decrypted memory: 2040K
[    0.818216] Freeing unused kernel image memory: 2728K
[    0.818219] Write protecting the kernel read-only data: 22528k
[    0.818973] Freeing unused kernel image memory: 2036K
[    0.819407] Freeing unused kernel image memory: 1432K
[    0.835562] x86/mm: Checked W+X mappings: passed, no W+X pages found.
[    0.835565] Run /init as init process
[    0.936760] ACPI: Video Device [GFX0] (multi-head: yes  rom: no  post: no)
[    0.936834] input: Video Bus as /devices/LNXSYSTM:00/LNXSYBUS:00/PNP0A03:00/LNXVIDEO:00/input/input4
[    0.951720] pcnet32: pcnet32.c:v1.35 21.Apr.2008 tsbogend@alpha.franken.de
[    0.953224] piix4_smbus 0000:00:07.0: SMBus Host Controller at 0x4100, revision 0
[    0.955688] e1000: Intel(R) PRO/1000 Network Driver - version 7.3.21-k8-NAPI
[    0.955689] e1000: Copyright (c) 1999-2006 Intel Corporation.
[    0.964074] pcnet32: PCnet/FAST III 79C973 at 0xd020, 08:00:27:5c:2a:3c assigned IRQ 19
[    0.964119] pcnet32: Found PHY 0022:561b at address 0
[    0.964423] pcnet32: eth0: registered as PCnet/FAST III 79C973
[    0.970409] pcnet32: 1 cards_found
[    1.027780] pcnet32 0000:00:03.0 enp0s3: renamed from eth0
[    1.172137] input: ImExPS/2 Generic Explorer Mouse as /devices/platform/i8042/serio1/input/input5
[    1.367476] e1000 0000:00:08.0 eth0: (PCI:33MHz:32-bit) 08:00:27:f7:51:36
[    1.367481] e1000 0000:00:08.0 eth0: Intel(R) PRO/1000 Network Connection
[    1.739414] e1000 0000:00:09.0 eth1: (PCI:33MHz:32-bit) 08:00:27:cf:93:b1
[    1.739417] e1000 0000:00:09.0 eth1: Intel(R) PRO/1000 Network Connection
[    1.740599] e1000 0000:00:09.0 enp0s9: renamed from eth1
[    1.742422] e1000 0000:00:08.0 enp0s8: renamed from eth0
[    1.901424] EXT4-fs (sda2): mounted filesystem with ordered data mode. Opts: (null)
[    1.993212] systemd[1]: Inserted module 'autofs4'
[    2.005255] systemd[1]: systemd 245.4-4ubuntu3 running in system mode. (+PAM +AUDIT +SELINUX +IMA +APPARMOR +SMACK +SYSVINIT +UTMP +LIBCRYPTSETUP +GCRYPT +GNUTLS +ACL +XZ +LZ4 +SECCOMP +BLKID +ELFUTILS +KMOD +IDN2 -IDN +PCRE2 default-hierarchy=hybrid)
[    2.005285] systemd[1]: Detected virtualization oracle.
[    2.005290] systemd[1]: Detected architecture x86-64.
[    2.006589] systemd[1]: Set hostname to <ztg>.
[    2.133059] systemd[1]: /lib/systemd/system/dbus.socket:5: ListenStream= references a path below legacy directory /var/run/, updating /var/run/dbus/system_bus_socket â†’ /run/dbus/system_bus_socket; please update the unit file accordingly.
[    2.186093] systemd[1]: Created slice system-modprobe.slice.
[    2.186279] systemd[1]: Created slice User and Session Slice.
[    2.186321] systemd[1]: Started Forward Password Requests to Wall Directory Watch.
[    2.186486] systemd[1]: Set up automount Arbitrary Executable File Formats File System Automount Point.
[    2.186517] systemd[1]: Reached target User and Group Name Lookups.
[    2.186526] systemd[1]: Reached target Remote File Systems.
[    2.186532] systemd[1]: Reached target Slices.
[    2.187221] systemd[1]: Listening on Syslog Socket.
[    2.187289] systemd[1]: Listening on fsck to fsckd communication Socket.
[    2.187326] systemd[1]: Listening on initctl Compatibility Named Pipe.
[    2.187464] systemd[1]: Listening on Journal Audit Socket.
[    2.187515] systemd[1]: Listening on Journal Socket (/dev/log).
[    2.187584] systemd[1]: Listening on Journal Socket.
[    2.187647] systemd[1]: Listening on udev Control Socket.
[    2.187685] systemd[1]: Listening on udev Kernel Socket.
[    2.188411] systemd[1]: Mounting Huge Pages File System...
[    2.189324] systemd[1]: Mounting POSIX Message Queue File System...
[    2.190208] systemd[1]: Mounting Kernel Debug File System...
[    2.191054] systemd[1]: Mounting Kernel Trace File System...
[    2.192983] systemd[1]: Starting Journal Service...
[    2.217861] systemd[1]: Starting Set the console keyboard layout...
[    2.225816] systemd[1]: Starting Create list of static device nodes for the current kernel...
[    2.227614] systemd[1]: Starting Load Kernel Module drm...
[    2.228595] systemd[1]: Condition check resulted in Set Up Additional Binary Formats being skipped.
[    2.228642] systemd[1]: Condition check resulted in File System Check on Root Device being skipped.
[    2.239842] systemd[1]: Starting Load Kernel Modules...
[    2.246812] systemd[1]: Starting Remount Root and Kernel File Systems...
[    2.263199] systemd[1]: Starting udev Coldplug all Devices...
[    2.266925] systemd[1]: Starting Uncomplicated firewall...
[    2.268409] systemd[1]: Mounted Huge Pages File System.
[    2.268503] systemd[1]: Mounted POSIX Message Queue File System.
[    2.268589] systemd[1]: Mounted Kernel Debug File System.
[    2.268661] systemd[1]: Mounted Kernel Trace File System.
[    2.286744] EXT4-fs (sda2): re-mounted. Opts: errors=remount-ro
[    2.291412] systemd[1]: Finished Create list of static device nodes for the current kernel.
[    2.292629] systemd[1]: modprobe@drm.service: Succeeded.
[    2.314835] systemd[1]: Finished Load Kernel Module drm.
[    2.315212] systemd[1]: Finished Remount Root and Kernel File Systems.
[    2.317171] lp: driver loaded but no devices found
[    2.318491] systemd[1]: Finished Uncomplicated firewall.
[    2.334725] systemd[1]: Condition check resulted in Rebuild Hardware Database being skipped.
[    2.334768] systemd[1]: Condition check resulted in Platform Persistent Storage Archival being skipped.
[    2.335450] systemd[1]: Starting Load/Save Random Seed...
[    2.337475] ppdev: user-space parallel port driver
[    2.344409] systemd[1]: Starting Create System Users...
[    2.357025] systemd[1]: Finished Load/Save Random Seed.
[    2.363504] systemd[1]: Finished Create System Users.
[    2.364192] systemd[1]: Starting Create Static Device Nodes in /dev...
[    2.415343] systemd[1]: Finished udev Coldplug all Devices.
[    2.422838] systemd[1]: Finished Create Static Device Nodes in /dev.
[    2.423712] systemd[1]: Starting udev Kernel Device Manager...
[    2.441558] [drm] DMA map mode: Caching DMA mappings.
[    2.441621] [drm] Capabilities:
[    2.441621] [drm]   Rect copy.
[    2.441621] [drm]   Cursor.
[    2.441622] [drm]   Cursor bypass.
[    2.441622] [drm]   Cursor bypass 2.
[    2.441622] [drm]   Alpha cursor.
[    2.441623] [drm]   Extended Fifo.
[    2.441623] [drm]   Pitchlock.
[    2.441623] [drm]   Irq mask.
[    2.441624] [drm]   GMR.
[    2.441624] [drm]   Traces.
[    2.441625] [drm]   GMR2.
[    2.441625] [drm]   Screen Object 2.
[    2.441625] [drm]   Command Buffers.
[    2.441626] [drm]   Command Buffers 2.
[    2.441626] [drm]   Guest Backed Resources.
[    2.441628] [drm] Max GMR ids is 8192
[    2.441628] [drm] Max number of GMR pages is 1048576
[    2.441629] [drm] Max dedicated hypervisor surface memory is 393216 kiB
[    2.441629] [drm] Maximum display memory size is 131072 kiB
[    2.441630] [drm] VRAM at 0xe0000000 size is 131072 kiB
[    2.441631] [drm] MMIO at 0xf0000000 size is 2048 kiB
[    2.458133] [TTM] Zone  kernel: Available graphics memory: 1011738 KiB
[    2.458134] [TTM] Initializing pool allocator
[    2.458137] [TTM] Initializing DMA pool allocator
[    2.458166] [drm] Supports vblank timestamp caching Rev 2 (21.10.2013).
[    2.458167] [drm] No driver support for vblank timestamp query.
[    2.458428] [drm] Screen Target Display device initialized
[    2.458649] [drm] width 720
[    2.458667] [drm] height 400
[    2.458671] [drm] bpp 32
[    2.459241] [drm] Fifo max 0x00200000 min 0x00001000 cap 0x00000355
[    2.460284] [drm] Using command buffers with DMA pool.
[    2.460289] [drm] DX: no.
[    2.460290] [drm] Atomic: yes.
[    2.460290] [drm] SM4_1: no.
[    2.460311] [drm:vmw_host_log [vmwgfx]] *ERROR* Failed to send host log message.
[    2.461228] [drm:vmw_host_log [vmwgfx]] *ERROR* Failed to send host log message.
[    2.467618] fbcon: svgadrmfb (fb0) is primary device
[    2.472726] systemd[1]: Finished Set the console keyboard layout.
[    2.472829] systemd[1]: Reached target Local File Systems (Pre).
[    2.475485] systemd[1]: Mounting Mount unit for bare, revision 5...
[    2.477914] systemd[1]: Mounting Mount unit for core18, revision 1705...
[    2.483400] Console: switching to colour frame buffer device 100x37
[    2.489337] [drm] Initialized vmwgfx 2.15.0 20180704 for 0000:00:02.0 on minor 0
[    2.490074] systemd[1]: Mounting Mount unit for gnome-3-34-1804, revision 24...
[    2.517836] systemd[1]: Mounting Mount unit for gtk-common-themes, revision 1506...
[    2.523571] systemd[1]: Mounting Mount unit for gtk-common-themes, revision 1535...
[    2.530212] systemd[1]: Mounting Mount unit for snap-store, revision 433...
[    2.541925] systemd[1]: Mounting Mount unit for snapd, revision 25935...
[    2.544588] systemd[1]: Finished Load Kernel Modules.
[    2.566901] systemd[1]: Mounting FUSE Control File System...
[    2.567719] systemd[1]: Mounting Kernel Configuration File System...
[    2.568490] systemd[1]: Starting Apply Kernel Variables...
[    2.605503] systemd[1]: Mounted Mount unit for bare, revision 5.
[    2.605602] systemd[1]: Mounted Mount unit for core18, revision 1705.
[    2.605680] systemd[1]: Mounted Mount unit for gnome-3-34-1804, revision 24.
[    2.605790] systemd[1]: Mounted Mount unit for gtk-common-themes, revision 1506.
[    2.605865] systemd[1]: Mounted FUSE Control File System.
[    2.605932] systemd[1]: Mounted Kernel Configuration File System.
[    2.605973] systemd[1]: Condition check resulted in VMware vmblock fuse mount being skipped.
[    2.613558] systemd[1]: Finished Apply Kernel Variables.
[    2.649246] systemd[1]: Mounted Mount unit for snap-store, revision 433.
[    2.688215] systemd[1]: Mounted Mount unit for gtk-common-themes, revision 1535.
[    2.688303] systemd[1]: Mounted Mount unit for snapd, revision 25935.
[    2.688353] systemd[1]: Reached target Local File Systems.
[    2.689531] systemd[1]: Starting Load AppArmor profiles...
[    2.691123] systemd[1]: Starting Set console font and keymap...
[    2.703848] systemd[1]: Starting Tell Plymouth To Write Out Runtime Data...
[    2.703899] systemd[1]: Condition check resulted in Store a System Token in an EFI Variable being skipped.
[    2.703944] systemd[1]: Condition check resulted in Commit a transient machine-id on disk being skipped.
[    2.704129] systemd[1]: Started udev Kernel Device Manager.
[    2.713420] systemd[1]: Starting Show Plymouth Boot Screen...
[    2.717193] systemd[1]: Finished Set console font and keymap.
[    2.717783] systemd[1]: Received SIGRTMIN+20 from PID 289 (plymouthd).
[    2.722774] systemd[1]: plymouth-read-write.service: Succeeded.
[    2.723012] systemd[1]: Finished Tell Plymouth To Write Out Runtime Data.
[    2.730028] systemd[1]: Started Show Plymouth Boot Screen.
[    2.730181] systemd[1]: Condition check resulted in Dispatch Password Requests to Console Directory Watch being skipped.
[    2.730258] systemd[1]: Started Forward Password Requests to Plymouth Directory Watch.
[    2.730291] systemd[1]: Reached target Local Encrypted Volumes.
[    2.743632] audit: type=1400 audit(1768583920.592:2): apparmor="STATUS" operation="profile_load" profile="unconfined" name="nvidia_modprobe" pid=294 comm="apparmor_parser"
[    2.743635] audit: type=1400 audit(1768583920.592:3): apparmor="STATUS" operation="profile_load" profile="unconfined" name="nvidia_modprobe//kmod" pid=294 comm="apparmor_parser"
[    2.765420] audit: type=1400 audit(1768583920.612:4): apparmor="STATUS" operation="profile_load" profile="unconfined" name="/usr/sbin/tcpdump" pid=296 comm="apparmor_parser"
[    2.792750] audit: type=1400 audit(1768583920.636:5): apparmor="STATUS" operation="profile_load" profile="unconfined" name="/usr/bin/evince" pid=298 comm="apparmor_parser"
[    2.792752] audit: type=1400 audit(1768583920.636:6): apparmor="STATUS" operation="profile_load" profile="unconfined" name="/usr/bin/evince//sanitized_helper" pid=298 comm="apparmor_parser"
[    2.792754] audit: type=1400 audit(1768583920.636:7): apparmor="STATUS" operation="profile_load" profile="unconfined" name="/usr/bin/evince-previewer" pid=298 comm="apparmor_parser"
[    2.792756] audit: type=1400 audit(1768583920.636:8): apparmor="STATUS" operation="profile_load" profile="unconfined" name="/usr/bin/evince-previewer//sanitized_helper" pid=298 comm="apparmor_parser"
[    2.792758] audit: type=1400 audit(1768583920.636:9): apparmor="STATUS" operation="profile_load" profile="unconfined" name="/usr/bin/evince-thumbnailer" pid=298 comm="apparmor_parser"
[    2.827605] audit: type=1400 audit(1768583920.676:10): apparmor="STATUS" operation="profile_load" profile="unconfined" name="/usr/lib/cups/backend/cups-pdf" pid=304 comm="apparmor_parser"
[    2.891249] systemd[1]: Finished Load AppArmor profiles.
[    2.892195] systemd[1]: Starting Load AppArmor profiles managed internally by snapd...
[    3.000616] systemd[1]: Finished Load AppArmor profiles managed internally by snapd.
[    3.133864] systemd[1]: Started Journal Service.
[    3.142152] systemd-journald[229]: Received client request to flush runtime journal.
[    3.146325] systemd-journald[229]: File /var/log/journal/c455b248004a419c87ce85eea238d727/system.journal corrupted or uncleanly shut down, renaming and replacing.
[    4.444405] RAPL PMU: API unit is 2^-32 Joules, 0 fixed counters, 10737418240 ms ovfl timer
[    4.475465] cryptd: max_cpu_qlen set to 1000
[    4.515745] AVX2 version of gcm_enc/dec engaged.
[    4.515747] AES CTR mode by8 optimization enabled
[    6.533371] Adding 1998844k swap on /dev/sda1.  Priority:-2 extents:1 across:1998844k FS
[    8.243006] kauditd_printk_skb: 30 callbacks suppressed
[    8.243007] audit: type=1400 audit(1768583926.088:41): apparmor="DENIED" operation="capable" profile="/usr/sbin/cups-browsed" pid=509 comm="cups-browsed" capability=23  capname="sys_nice"
[    9.101831] pcnet32 0000:00:03.0 enp0s3: link up, 100Mbps, full-duplex
[    9.132573] e1000: enp0s8 NIC Link is Up 1000 Mbps Full Duplex, Flow Control: RX
[    9.132892] IPv6: ADDRCONF(NETDEV_CHANGE): enp0s8: link becomes ready
[    9.167710] e1000: enp0s9 NIC Link is Up 1000 Mbps Full Duplex, Flow Control: RX
[    9.168009] IPv6: ADDRCONF(NETDEV_CHANGE): enp0s9: link becomes ready
[    9.854495] device enp0s3 entered promiscuous mode
[    9.870005] audit: type=1400 audit(1768583927.716:42): apparmor="DENIED" operation="open" profile="/usr/sbin/tcpdump" name="/proc/sys/kernel/random/boot_id" pid=664 comm="tcpdump" requested_mask="r" denied_mask="r" fsuid=0 ouid=0
[    9.870358] audit: type=1400 audit(1768583927.716:43): apparmor="DENIED" operation="open" profile="/usr/sbin/tcpdump" name="/proc/sys/kernel/random/boot_id" pid=664 comm="tcpdump" requested_mask="r" denied_mask="r" fsuid=0 ouid=0
[    9.870410] audit: type=1400 audit(1768583927.716:44): apparmor="DENIED" operation="open" profile="/usr/sbin/tcpdump" name="/proc/sys/kernel/random/boot_id" pid=664 comm="tcpdump" requested_mask="r" denied_mask="r" fsuid=0 ouid=0
[    9.870466] audit: type=1400 audit(1768583927.716:45): apparmor="DENIED" operation="open" profile="/usr/sbin/tcpdump" name="/proc/sys/kernel/random/boot_id" pid=664 comm="tcpdump" requested_mask="r" denied_mask="r" fsuid=0 ouid=0
[    9.891722] audit: type=1400 audit(1768583927.740:46): apparmor="DENIED" operation="open" profile="/usr/sbin/tcpdump" name="/proc/sys/kernel/random/boot_id" pid=665 comm="tcpdump" requested_mask="r" denied_mask="r" fsuid=0 ouid=0
[    9.891887] audit: type=1400 audit(1768583927.740:47): apparmor="DENIED" operation="open" profile="/usr/sbin/tcpdump" name="/proc/sys/kernel/random/boot_id" pid=665 comm="tcpdump" requested_mask="r" denied_mask="r" fsuid=0 ouid=0
[    9.891960] audit: type=1400 audit(1768583927.740:48): apparmor="DENIED" operation="open" profile="/usr/sbin/tcpdump" name="/proc/sys/kernel/random/boot_id" pid=665 comm="tcpdump" requested_mask="r" denied_mask="r" fsuid=0 ouid=0
[    9.892042] audit: type=1400 audit(1768583927.740:49): apparmor="DENIED" operation="open" profile="/usr/sbin/tcpdump" name="/proc/sys/kernel/random/boot_id" pid=665 comm="tcpdump" requested_mask="r" denied_mask="r" fsuid=0 ouid=0
[   15.755721] rfkill: input handler disabled
[  190.493029] AAAAA-TCP_FORW: name:enp0s3: saddr:16783984: daddr:100932208
[  190.599581] AAAAA-TCP_FORW: name:enp0s3: saddr:16783984: daddr:100932208
[  190.654951] AAAAA-TCP_FORW: name:enp0s3: saddr:16783984: daddr:100932208
[  190.735305] AAAAA-TCP_FORW: name:enp0s3: saddr:33561200: daddr:100932208
[  190.811785] AAAAA-TCP_FORW: name:enp0s3: saddr:16783984: daddr:100932208
[  190.941293] AAAAA-TCP_FORW: name:enp0s3: saddr:16783984: daddr:100932208
[  190.984800] AAAAA-TCP_FORW: name:enp0s3: saddr:16783984: daddr:100932208
[  191.171916] AAAAA-TCP_FORW: name:enp0s3: saddr:16783984: daddr:100932208
[  191.226637] AAAAA-TCP_FORW: name:enp0s3: saddr:33561200: daddr:100932208
[  191.447553] AAAAA-TCP_FORW: name:enp0s3: saddr:33561200: daddr:100932208
[  191.648234] AAAAA-TCP_FORW: name:enp0s3: saddr:16783984: daddr:100932208
[  191.808093] AAAAA-TCP_FORW: name:enp0s3: saddr:33561200: daddr:100932208
[  191.950168] AAAAA-TCP_FORW: name:enp0s3: saddr:33561200: daddr:100932208
[  192.037492] AAAAA-TCP_FORW: name:enp0s3: saddr:33561200: daddr:100932208
[  192.169403] AAAAA-TCP_FORW: name:enp0s3: saddr:33561200: daddr:100932208
[  192.265514] AAAAA-TCP_FORW: name:enp0s3: saddr:16783984: daddr:100932208
[  192.397693] AAAAA-TCP_FORW: name:enp0s3: saddr:16783984: daddr:100932208
[  192.530954] AAAAA-TCP_FORW: name:enp0s3: saddr:16783984: daddr:100932208
[  192.708293] AAAAA-TCP_FORW: name:enp0s3: saddr:16783984: daddr:100932208
[  192.753248] AAAAA-TCP_FORW: name:enp0s3: saddr:16783984: daddr:100932208
[  192.872434] AAAAA-TCP_FORW: name:enp0s3: saddr:16783984: daddr:100932208
[  192.974438] AAAAA-TCP_FORW: name:enp0s3: saddr:16783984: daddr:100932208
[  193.023961] AAAAA-TCP_FORW: name:enp0s3: saddr:16783984: daddr:100932208
[  193.233700] AAAAA-TCP_FORW: name:enp0s3: saddr:33561200: daddr:100932208
[  193.319478] AAAAA-TCP_FORW: name:enp0s3: saddr:16783984: daddr:100932208
[  193.403131] AAAAA-TCP_FORW: name:enp0s3: saddr:33561200: daddr:100932208
[  193.503669] AAAAA-TCP_FORW: name:enp0s3: saddr:33561200: daddr:100932208
[  216.070964] AAAAA-TCP_FORW: name:enp0s3: saddr:16783984: daddr:100932208
[  216.834149] AAAAA-TCP_FORW: name:enp0s3: saddr:16783984: daddr:100932208
[  217.133920] AAAAA-TCP_FORW: name:enp0s3: saddr:16783984: daddr:100932208
[  217.282189] AAAAA-TCP_FORW: name:enp0s3: saddr:16783984: daddr:100932208
[  217.395481] AAAAA-TCP_FORW: name:enp0s3: saddr:16783984: daddr:100932208
[  217.757783] AAAAA-TCP_FORW: name:enp0s3: saddr:16783984: daddr:100932208
[  218.132813] AAAAA-TCP_FORW: name:enp0s3: saddr:16783984: daddr:100932208
[  218.298676] AAAAA-TCP_FORW: name:enp0s3: saddr:16783984: daddr:100932208
[  218.523020] AAAAA-TCP_FORW: name:enp0s3: saddr:16783984: daddr:100932208
[  218.666650] AAAAA-TCP_FORW: name:enp0s3: saddr:16783984: daddr:100932208
[  219.251368] AAAAA-TCP_FORW: name:enp0s3: saddr:16783984: daddr:100932208
[  219.390112] AAAAA-TCP_FORW: name:enp0s3: saddr:16783984: daddr:100932208
[  219.616723] AAAAA-TCP_FORW: name:enp0s3: saddr:16783984: daddr:100932208
[  220.208996] AAAAA-TCP_FORW: name:enp0s3: saddr:16783984: daddr:100932208
[  220.897834] AAAAA-TCP_FORW: name:enp0s3: saddr:16783984: daddr:100932208
[  221.274496] AAAAA-TCP_FORW: name:enp0s3: saddr:16783984: daddr:100932208
[  221.373715] AAAAA-TCP_FORW: name:enp0s3: saddr:16783984: daddr:100932208
[  221.728471] AAAAA-TCP_FORW: name:enp0s3: saddr:33561200: daddr:100932208
[  222.161716] AAAAA-TCP_FORW: name:enp0s3: saddr:33561200: daddr:100932208
[  222.526883] AAAAA-TCP_FORW: name:enp0s3: saddr:33561200: daddr:100932208
[  222.620236] AAAAA-TCP_FORW: name:enp0s3: saddr:33561200: daddr:100932208
[  222.622627] AAAAA-TCP_FORW: name:enp0s3: saddr:33561200: daddr:100932208
[  222.862233] AAAAA-TCP_FORW: name:enp0s3: saddr:33561200: daddr:100932208
[  223.040085] AAAAA-TCP_FORW: name:enp0s3: saddr:33561200: daddr:100932208
[  223.094528] AAAAA-TCP_FORW: name:enp0s3: saddr:33561200: daddr:100932208
[  223.208145] AAAAA-TCP_FORW: name:enp0s3: saddr:33561200: daddr:100932208
[  223.274078] AAAAA-TCP_FORW: name:enp0s3: saddr:33561200: daddr:100932208
[  223.416055] AAAAA-TCP_FORW: name:enp0s3: saddr:33561200: daddr:100932208
[  223.418408] AAAAA-TCP_FORW: name:enp0s3: saddr:33561200: daddr:100932208
[  223.509083] AAAAA-TCP_FORW: name:enp0s3: saddr:33561200: daddr:100932208
[  223.687646] AAAAA-TCP_FORW: name:enp0s3: saddr:33561200: daddr:100932208
[  223.751496] AAAAA-TCP_FORW: name:enp0s3: saddr:33561200: daddr:100932208
[  223.790043] AAAAA-TCP_FORW: name:enp0s3: saddr:33561200: daddr:100932208
[  223.898036] AAAAA-TCP_FORW: name:enp0s3: saddr:33561200: daddr:100932208
[  224.012879] AAAAA-TCP_FORW: name:enp0s3: saddr:33561200: daddr:100932208
[  224.076451] AAAAA-TCP_FORW: name:enp0s3: saddr:33561200: daddr:100932208
[  224.184059] AAAAA-TCP_FORW: name:enp0s3: saddr:33561200: daddr:100932208
[  224.195240] AAAAA-TCP_FORW: name:enp0s3: saddr:33561200: daddr:100932208
[  224.363084] AAAAA-TCP_FORW: name:enp0s3: saddr:33561200: daddr:100932208
[  224.486699] AAAAA-TCP_FORW: name:enp0s3: saddr:33561200: daddr:100932208
[  224.501194] AAAAA-TCP_FORW: name:enp0s3: saddr:33561200: daddr:100932208
[  224.607243] AAAAA-TCP_FORW: name:enp0s3: saddr:33561200: daddr:100932208
[  224.757713] AAAAA-TCP_FORW: name:enp0s3: saddr:16783984: daddr:100932208
[  224.810909] AAAAA-TCP_FORW: name:enp0s3: saddr:16783984: daddr:100932208
[  224.815105] AAAAA-TCP_FORW: name:enp0s3: saddr:16783984: daddr:100932208
[  224.949821] AAAAA-TCP_FORW: name:enp0s3: saddr:33561200: daddr:100932208
[  225.017891] AAAAA-TCP_FORW: name:enp0s3: saddr:33561200: daddr:100932208
[  225.163356] AAAAA-TCP_FORW: name:enp0s3: saddr:33561200: daddr:100932208
[  225.334303] AAAAA-TCP_FORW: name:enp0s3: saddr:16783984: daddr:100932208
[  225.336533] AAAAA-TCP_FORW: name:enp0s3: saddr:16783984: daddr:100932208
[  225.487270] AAAAA-TCP_FORW: name:enp0s3: saddr:16783984: daddr:100932208
[  225.587014] AAAAA-TCP_FORW: name:enp0s3: saddr:16783984: daddr:100932208
[  225.731696] AAAAA-TCP_FORW: name:enp0s3: saddr:16783984: daddr:100932208
[  225.785926] AAAAA-TCP_FORW: name:enp0s3: saddr:16783984: daddr:100932208
[  225.950261] AAAAA-TCP_FORW: name:enp0s3: saddr:16783984: daddr:100932208
[  226.054881] AAAAA-TCP_FORW: name:enp0s3: saddr:16783984: daddr:100932208
[  226.076741] AAAAA-TCP_FORW: name:enp0s3: saddr:16783984: daddr:100932208
[  226.080665] AAAAA-TCP_FORW: name:enp0s3: saddr:16783984: daddr:100932208
[  226.136893] AAAAA-TCP_FORW: name:enp0s3: saddr:16783984: daddr:100932208
[  226.252915] AAAAA-TCP_FORW: name:enp0s3: saddr:16783984: daddr:100932208
[  226.967598] AAAAA-TCP_FORW: name:enp0s3: saddr:33561200: daddr:100932208
[  227.065223] AAAAA-TCP_FORW: name:enp0s3: saddr:33561200: daddr:100932208
[  227.199681] AAAAA-TCP_FORW: name:enp0s3: saddr:33561200: daddr:100932208
[  227.305865] AAAAA-TCP_FORW: name:enp0s3: saddr:33561200: daddr:100932208
[  227.429192] AAAAA-TCP_FORW: name:enp0s3: saddr:33561200: daddr:100932208
[  227.594772] AAAAA-TCP_FORW: name:enp0s3: saddr:33561200: daddr:100932208
[  227.928100] AAAAA-TCP_FORW: name:enp0s3: saddr:33561200: daddr:100932208
[  228.148972] AAAAA-TCP_FORW: name:enp0s3: saddr:33561200: daddr:100932208
[  228.203991] AAAAA-TCP_FORW: name:enp0s3: saddr:33561200: daddr:100932208
[  228.289515] AAAAA-TCP_FORW: name:enp0s3: saddr:33561200: daddr:100932208
[  228.364796] AAAAA-TCP_FORW: name:enp0s3: saddr:33561200: daddr:100932208
[  228.424187] AAAAA-TCP_FORW: name:enp0s3: saddr:33561200: daddr:100932208
[  228.471942] AAAAA-TCP_FORW: name:enp0s3: saddr:33561200: daddr:100932208
[  228.569879] AAAAA-TCP_FORW: name:enp0s3: saddr:33561200: daddr:100932208
[  228.707657] AAAAA-TCP_FORW: name:enp0s3: saddr:33561200: daddr:100932208
[  228.781556] AAAAA-TCP_FORW: name:enp0s3: saddr:33561200: daddr:100932208
[  228.883557] AAAAA-TCP_FORW: name:enp0s3: saddr:16783984: daddr:100932208
[  228.954937] AAAAA-TCP_FORW: name:enp0s3: saddr:16783984: daddr:100932208
[  229.017369] AAAAA-TCP_FORW: name:enp0s3: saddr:16783984: daddr:100932208
[  229.069608] AAAAA-TCP_FORW: name:enp0s3: saddr:16783984: daddr:100932208
[  229.221446] AAAAA-TCP_FORW: name:enp0s3: saddr:16783984: daddr:100932208
[  229.300359] AAAAA-TCP_FORW: name:enp0s3: saddr:16783984: daddr:100932208
[  229.530214] AAAAA-TCP_FORW: name:enp0s3: saddr:16783984: daddr:100932208
[  229.905429] AAAAA-TCP_FORW: name:enp0s3: saddr:16783984: daddr:100932208
[  230.008493] AAAAA-TCP_FORW: name:enp0s3: saddr:16783984: daddr:100932208
[  230.139912] AAAAA-TCP_FORW: name:enp0s3: saddr:16783984: daddr:100932208
[  230.210557] AAAAA-TCP_FORW: name:enp0s3: saddr:16783984: daddr:100932208
[  230.352002] AAAAA-TCP_FORW: name:enp0s3: saddr:16783984: daddr:100932208
[  230.451235] AAAAA-TCP_FORW: name:enp0s3: saddr:16783984: daddr:100932208
[  230.557671] AAAAA-TCP_FORW: name:enp0s3: saddr:16783984: daddr:100932208
[  230.653888] AAAAA-TCP_FORW: name:enp0s3: saddr:33561200: daddr:100932208
[  230.785165] AAAAA-TCP_FORW: name:enp0s3: saddr:33561200: daddr:100932208
[  230.789999] AAAAA-TCP_FORW: name:enp0s3: saddr:33561200: daddr:100932208
[  238.589281] AAAAA-TCP_FORW: name:enp0s3: saddr:33561200: daddr:100932208
[  238.755521] AAAAA-TCP_FORW: name:enp0s3: saddr:33561200: daddr:100932208
[  238.919675] AAAAA-TCP_FORW: name:enp0s3: saddr:33561200: daddr:100932208
[  239.385578] AAAAA-TCP_FORW: name:enp0s3: saddr:33561200: daddr:100932208
[  239.520983] AAAAA-TCP_FORW: name:enp0s3: saddr:33561200: daddr:100932208
[  239.641347] AAAAA-TCP_FORW: name:enp0s3: saddr:33561200: daddr:100932208
[  239.804905] AAAAA-TCP_FORW: name:enp0s3: saddr:33561200: daddr:100932208
[  239.972395] AAAAA-TCP_FORW: name:enp0s3: saddr:33561200: daddr:100932208
[  240.124782] AAAAA-TCP_FORW: name:enp0s3: saddr:33561200: daddr:100932208
[  240.209432] AAAAA-TCP_FORW: name:enp0s3: saddr:33561200: daddr:100932208
[  240.312594] AAAAA-TCP_FORW: name:enp0s3: saddr:33561200: daddr:100932208
[  240.406648] AAAAA-TCP_FORW: name:enp0s3: saddr:33561200: daddr:100932208
[  240.489037] AAAAA-TCP_FORW: name:enp0s3: saddr:33561200: daddr:100932208
[  240.616819] AAAAA-TCP_FORW: name:enp0s3: saddr:33561200: daddr:100932208
[  240.741430] AAAAA-TCP_FORW: name:enp0s3: saddr:33561200: daddr:100932208
[  240.848910] AAAAA-TCP_FORW: name:enp0s3: saddr:33561200: daddr:100932208
[  241.062413] AAAAA-TCP_FORW: name:enp0s3: saddr:16783984: daddr:100932208
[  241.162610] AAAAA-TCP_FORW: name:enp0s3: saddr:16783984: daddr:100932208
[  241.304931] AAAAA-TCP_FORW: name:enp0s3: saddr:16783984: daddr:100932208
[  241.362805] AAAAA-TCP_FORW: name:enp0s3: saddr:16783984: daddr:100932208
[  241.530420] AAAAA-TCP_FORW: name:enp0s3: saddr:16783984: daddr:100932208
[  241.669009] AAAAA-TCP_FORW: name:enp0s3: saddr:16783984: daddr:100932208
[  241.755238] AAAAA-TCP_FORW: name:enp0s3: saddr:16783984: daddr:100932208
[  241.892492] AAAAA-TCP_FORW: name:enp0s3: saddr:16783984: daddr:100932208
[  242.096063] AAAAA-TCP_FORW: name:enp0s3: saddr:16783984: daddr:100932208
[  242.200857] AAAAA-TCP_FORW: name:enp0s3: saddr:33561200: daddr:100932208
[  242.307978] AAAAA-TCP_FORW: name:enp0s3: saddr:33561200: daddr:100932208
[  242.451106] AAAAA-TCP_FORW: name:enp0s3: saddr:33561200: daddr:100932208
[  242.536480] AAAAA-TCP_FORW: name:enp0s3: saddr:33561200: daddr:100932208
[  242.626877] AAAAA-TCP_FORW: name:enp0s3: saddr:16783984: daddr:100932208
[  242.806723] AAAAA-TCP_FORW: name:enp0s3: saddr:16783984: daddr:100932208
[  242.950402] AAAAA-TCP_FORW: name:enp0s3: saddr:16783984: daddr:100932208
[  243.133387] AAAAA-TCP_FORW: name:enp0s3: saddr:16783984: daddr:100932208
[  243.384165] AAAAA-TCP_FORW: name:enp0s3: saddr:16783984: daddr:100932208
[  243.558062] AAAAA-TCP_FORW: name:enp0s3: saddr:33561200: daddr:100932208
[  243.683792] AAAAA-TCP_FORW: name:enp0s3: saddr:16783984: daddr:100932208
[  243.790290] AAAAA-TCP_FORW: name:enp0s3: saddr:33561200: daddr:100932208
[  243.876279] AAAAA-TCP_FORW: name:enp0s3: saddr:33561200: daddr:100932208
[  244.009141] AAAAA-TCP_FORW: name:enp0s3: saddr:16783984: daddr:100932208
[  244.136137] AAAAA-TCP_FORW: name:enp0s3: saddr:16783984: daddr:100932208
[  244.227088] AAAAA-TCP_FORW: name:enp0s3: saddr:16783984: daddr:100932208
[  244.328491] AAAAA-TCP_FORW: name:enp0s3: saddr:33561200: daddr:100932208
[  244.384968] AAAAA-TCP_FORW: name:enp0s3: saddr:33561200: daddr:100932208
[  244.579773] AAAAA-TCP_FORW: name:enp0s3: saddr:33561200: daddr:100932208
[  244.678784] AAAAA-TCP_FORW: name:enp0s3: saddr:33561200: daddr:100932208
[  244.782154] AAAAA-TCP_FORW: name:enp0s3: saddr:33561200: daddr:100932208
[  244.868718] AAAAA-TCP_FORW: name:enp0s3: saddr:33561200: daddr:100932208
[  244.976662] AAAAA-TCP_FORW: name:enp0s3: saddr:33561200: daddr:100932208
[  245.029372] AAAAA-TCP_FORW: name:enp0s3: saddr:16783984: daddr:100932208
[  245.077505] AAAAA-TCP_FORW: name:enp0s3: saddr:16783984: daddr:100932208
[  245.109986] AAAAA-TCP_FORW: name:enp0s3: saddr:16783984: daddr:100932208
[  245.218068] AAAAA-TCP_FORW: name:enp0s3: saddr:16783984: daddr:100932208
[  245.353631] AAAAA-TCP_FORW: name:enp0s3: saddr:16783984: daddr:100932208
[  245.404733] AAAAA-TCP_FORW: name:enp0s3: saddr:16783984: daddr:100932208
[  245.517650] AAAAA-TCP_FORW: name:enp0s3: saddr:16783984: daddr:100932208
[  245.599628] AAAAA-TCP_FORW: name:enp0s3: saddr:16783984: daddr:100932208
[  245.656864] AAAAA-TCP_FORW: name:enp0s3: saddr:16783984: daddr:100932208
[  245.708092] AAAAA-TCP_FORW: name:enp0s3: saddr:16783984: daddr:100932208
[  245.791094] AAAAA-TCP_FORW: name:enp0s3: saddr:16783984: daddr:100932208
[  245.890702] AAAAA-TCP_FORW: name:enp0s3: saddr:16783984: daddr:100932208
[  245.948437] AAAAA-TCP_FORW: name:enp0s3: saddr:33561200: daddr:100932208
[  246.074214] AAAAA-TCP_FORW: name:enp0s3: saddr:33561200: daddr:100932208
[  246.124099] AAAAA-TCP_FORW: name:enp0s3: saddr:33561200: daddr:100932208
[  246.215362] AAAAA-TCP_FORW: name:enp0s3: saddr:33561200: daddr:100932208
[  246.287974] AAAAA-TCP_FORW: name:enp0s3: saddr:16783984: daddr:100932208
[  246.401938] AAAAA-TCP_FORW: name:enp0s3: saddr:16783984: daddr:100932208
[  246.482488] AAAAA-TCP_FORW: name:enp0s3: saddr:16783984: daddr:100932208
[  246.531880] AAAAA-TCP_FORW: name:enp0s3: saddr:16783984: daddr:100932208
[  246.644806] AAAAA-TCP_FORW: name:enp0s3: saddr:33561200: daddr:100932208
[  246.772276] AAAAA-TCP_FORW: name:enp0s3: saddr:16783984: daddr:100932208
[  246.831091] AAAAA-TCP_FORW: name:enp0s3: saddr:33561200: daddr:100932208
[  246.986336] AAAAA-TCP_FORW: name:enp0s3: saddr:33561200: daddr:100932208
[  247.069411] AAAAA-TCP_FORW: name:enp0s3: saddr:16783984: daddr:100932208
[  247.144831] AAAAA-TCP_FORW: name:enp0s3: saddr:16783984: daddr:100932208
[  247.232953] AAAAA-TCP_FORW: name:enp0s3: saddr:16783984: daddr:100932208
[  247.359943] AAAAA-TCP_FORW: name:enp0s3: saddr:33561200: daddr:100932208
[  247.403210] AAAAA-TCP_FORW: name:enp0s3: saddr:33561200: daddr:100932208
[  247.447231] AAAAA-TCP_FORW: name:enp0s3: saddr:33561200: daddr:100932208
[  247.599705] AAAAA-TCP_FORW: name:enp0s3: saddr:33561200: daddr:100932208
[  247.764177] AAAAA-TCP_FORW: name:enp0s3: saddr:33561200: daddr:100932208
[  247.859406] AAAAA-TCP_FORW: name:enp0s3: saddr:33561200: daddr:100932208
[  247.971956] AAAAA-TCP_FORW: name:enp0s3: saddr:33561200: daddr:100932208
[  248.077871] AAAAA-TCP_FORW: name:enp0s3: saddr:33561200: daddr:100932208
[  248.127668] AAAAA-TCP_FORW: name:enp0s3: saddr:16783984: daddr:100932208
[  248.153743] AAAAA-TCP_FORW: name:enp0s3: saddr:16783984: daddr:100932208
[  248.237488] AAAAA-TCP_FORW: name:enp0s3: saddr:16783984: daddr:100932208
[  248.348763] AAAAA-TCP_FORW: name:enp0s3: saddr:16783984: daddr:100932208
[  248.351141] AAAAA-TCP_FORW: name:enp0s3: saddr:16783984: daddr:100932208
[  248.414016] AAAAA-TCP_FORW: name:enp0s3: saddr:16783984: daddr:100932208
[  248.551293] AAAAA-TCP_FORW: name:enp0s3: saddr:16783984: daddr:100932208
[  248.792873] AAAAA-TCP_FORW: name:enp0s3: saddr:16783984: daddr:100932208
[  248.883965] AAAAA-TCP_FORW: name:enp0s3: saddr:16783984: daddr:100932208
[  248.889535] AAAAA-TCP_FORW: name:enp0s3: saddr:16783984: daddr:100932208
[  248.974378] AAAAA-TCP_FORW: name:enp0s3: saddr:16783984: daddr:100932208
[  249.011696] AAAAA-TCP_FORW: name:enp0s3: saddr:16783984: daddr:100932208
[  249.106658] AAAAA-TCP_FORW: name:enp0s3: saddr:16783984: daddr:100932208
[  249.181154] AAAAA-TCP_FORW: name:enp0s3: saddr:16783984: daddr:100932208
[  249.255812] AAAAA-TCP_FORW: name:enp0s3: saddr:33561200: daddr:100932208
[  249.414496] AAAAA-TCP_FORW: name:enp0s3: saddr:33561200: daddr:100932208
[  249.480183] AAAAA-TCP_FORW: name:enp0s3: saddr:33561200: daddr:100932208
[  249.654774] AAAAA-TCP_FORW: name:enp0s3: saddr:33561200: daddr:100932208
[  249.949600] AAAAA-TCP_FORW: name:enp0s3: saddr:33561200: daddr:100932208
[  250.010728] AAAAA-TCP_FORW: name:enp0s3: saddr:16783984: daddr:100932208
[  250.367747] AAAAA-TCP_FORW: name:enp0s3: saddr:16783984: daddr:100932208
[  250.452852] AAAAA-TCP_FORW: name:enp0s3: saddr:16783984: daddr:100932208
[  250.590024] AAAAA-TCP_FORW: name:enp0s3: saddr:16783984: daddr:100932208
[  250.681861] AAAAA-TCP_FORW: name:enp0s3: saddr:33561200: daddr:100932208
[  250.796965] AAAAA-TCP_FORW: name:enp0s3: saddr:16783984: daddr:100932208
[  250.925229] AAAAA-TCP_FORW: name:enp0s3: saddr:33561200: daddr:100932208
[  251.037572] AAAAA-TCP_FORW: name:enp0s3: saddr:33561200: daddr:100932208
[  251.127179] AAAAA-TCP_FORW: name:enp0s3: saddr:33561200: daddr:100932208
[  251.223655] AAAAA-TCP_FORW: name:enp0s3: saddr:16783984: daddr:100932208
[  251.316315] AAAAA-TCP_FORW: name:enp0s3: saddr:16783984: daddr:100932208
[  251.388177] AAAAA-TCP_FORW: name:enp0s3: saddr:33561200: daddr:100932208
[  251.482615] AAAAA-TCP_FORW: name:enp0s3: saddr:33561200: daddr:100932208
[  251.646738] AAAAA-TCP_FORW: name:enp0s3: saddr:33561200: daddr:100932208
[  251.788690] AAAAA-TCP_FORW: name:enp0s3: saddr:33561200: daddr:100932208
[  251.879930] AAAAA-TCP_FORW: name:enp0s3: saddr:33561200: daddr:100932208
[  251.969479] AAAAA-TCP_FORW: name:enp0s3: saddr:33561200: daddr:100932208
[  252.070997] AAAAA-TCP_FORW: name:enp0s3: saddr:33561200: daddr:100932208
[  252.130772] AAAAA-TCP_FORW: name:enp0s3: saddr:33561200: daddr:100932208
[  252.190585] AAAAA-TCP_FORW: name:enp0s3: saddr:33561200: daddr:100932208
[  260.425295] AAAAA-TCP_FORW: name:enp0s3: saddr:16783984: daddr:100932208
[  260.555835] AAAAA-TCP_FORW: name:enp0s3: saddr:16783984: daddr:100932208
[  260.718809] AAAAA-TCP_FORW: name:enp0s3: saddr:16783984: daddr:100932208
[  260.819402] AAAAA-TCP_FORW: name:enp0s3: saddr:16783984: daddr:100932208
[  260.973308] AAAAA-TCP_FORW: name:enp0s3: saddr:16783984: daddr:100932208
[  261.069132] AAAAA-TCP_FORW: name:enp0s3: saddr:16783984: daddr:100932208
[  261.142360] AAAAA-TCP_FORW: name:enp0s3: saddr:16783984: daddr:100932208
[  261.236445] AAAAA-TCP_FORW: name:enp0s3: saddr:16783984: daddr:100932208
[  261.417456] AAAAA-TCP_FORW: name:enp0s3: saddr:16783984: daddr:100932208
[  261.749353] AAAAA-TCP_FORW: name:enp0s3: saddr:16783984: daddr:100932208
[  261.872194] AAAAA-TCP_FORW: name:enp0s3: saddr:16783984: daddr:100932208
[  262.003111] AAAAA-TCP_FORW: name:enp0s3: saddr:16783984: daddr:100932208
[  262.057042] AAAAA-TCP_FORW: name:enp0s3: saddr:16783984: daddr:100932208
[  262.309712] AAAAA-TCP_FORW: name:enp0s3: saddr:33561200: daddr:100932208
[  262.554680] AAAAA-TCP_FORW: name:enp0s3: saddr:33561200: daddr:100932208
[  262.698760] AAAAA-TCP_FORW: name:enp0s3: saddr:33561200: daddr:100932208
[  262.828035] AAAAA-TCP_FORW: name:enp0s3: saddr:33561200: daddr:100932208
[  263.183673] AAAAA-TCP_FORW: name:enp0s3: saddr:33561200: daddr:100932208
[  263.486217] AAAAA-TCP_FORW: name:enp0s3: saddr:33561200: daddr:100932208
[  263.566078] AAAAA-TCP_FORW: name:enp0s3: saddr:33561200: daddr:100932208
[  263.673017] AAAAA-TCP_FORW: name:enp0s3: saddr:33561200: daddr:100932208
[  263.783529] AAAAA-TCP_FORW: name:enp0s3: saddr:33561200: daddr:100932208
[  263.867466] AAAAA-TCP_FORW: name:enp0s3: saddr:33561200: daddr:100932208
[  263.948696] AAAAA-TCP_FORW: name:enp0s3: saddr:33561200: daddr:100932208
[  264.049476] AAAAA-TCP_FORW: name:enp0s3: saddr:33561200: daddr:100932208
[  264.229569] AAAAA-TCP_FORW: name:enp0s3: saddr:33561200: daddr:100932208
[  264.361331] AAAAA-TCP_FORW: name:enp0s3: saddr:33561200: daddr:100932208
[  264.431070] AAAAA-TCP_FORW: name:enp0s3: saddr:33561200: daddr:100932208
[  264.542692] AAAAA-TCP_FORW: name:enp0s3: saddr:33561200: daddr:100932208
[  264.628147] AAAAA-TCP_FORW: name:enp0s3: saddr:16783984: daddr:100932208
[  264.731509] AAAAA-TCP_FORW: name:enp0s3: saddr:16783984: daddr:100932208
[  264.847214] AAAAA-TCP_FORW: name:enp0s3: saddr:16783984: daddr:100932208
[  264.950862] AAAAA-TCP_FORW: name:enp0s3: saddr:16783984: daddr:100932208
[  265.025813] AAAAA-TCP_FORW: name:enp0s3: saddr:16783984: daddr:100932208
[  265.102260] AAAAA-TCP_FORW: name:enp0s3: saddr:16783984: daddr:100932208
[  265.209830] AAAAA-TCP_FORW: name:enp0s3: saddr:16783984: daddr:100932208
[  265.297644] AAAAA-TCP_FORW: name:enp0s3: saddr:16783984: daddr:100932208
[  265.429100] AAAAA-TCP_FORW: name:enp0s3: saddr:16783984: daddr:100932208
[  265.606999] AAAAA-TCP_FORW: name:enp0s3: saddr:16783984: daddr:100932208
[  265.766308] AAAAA-TCP_FORW: name:enp0s3: saddr:16783984: daddr:100932208
[  265.856150] AAAAA-TCP_FORW: name:enp0s3: saddr:16783984: daddr:100932208
[  265.948936] AAAAA-TCP_FORW: name:enp0s3: saddr:16783984: daddr:100932208
[  266.053604] AAAAA-TCP_FORW: name:enp0s3: saddr:16783984: daddr:100932208
[  266.132655] AAAAA-TCP_FORW: name:enp0s3: saddr:16783984: daddr:100932208
[  266.209721] AAAAA-TCP_FORW: name:enp0s3: saddr:16783984: daddr:100932208
[  266.291641] AAAAA-TCP_FORW: name:enp0s3: saddr:16783984: daddr:100932208
[  266.754471] AAAAA-TCP_FORW: name:enp0s3: saddr:33561200: daddr:100932208
[  266.803023] AAAAA-TCP_FORW: name:enp0s3: saddr:33561200: daddr:100932208
[  267.092652] AAAAA-TCP_FORW: name:enp0s3: saddr:33561200: daddr:100932208
[  267.236316] AAAAA-TCP_FORW: name:enp0s3: saddr:33561200: daddr:100932208
[  267.361009] AAAAA-TCP_FORW: name:enp0s3: saddr:33561200: daddr:100932208
[  267.460185] AAAAA-TCP_FORW: name:enp0s3: saddr:33561200: daddr:100932208
[  267.520598] AAAAA-TCP_FORW: name:enp0s3: saddr:33561200: daddr:100932208
[  267.634723] AAAAA-TCP_FORW: name:enp0s3: saddr:33561200: daddr:100932208
[  267.743801] AAAAA-TCP_FORW: name:enp0s3: saddr:33561200: daddr:100932208
[  267.801314] AAAAA-TCP_FORW: name:enp0s3: saddr:33561200: daddr:100932208
[  267.880959] AAAAA-TCP_FORW: name:enp0s3: saddr:33561200: daddr:100932208
[  267.969745] AAAAA-TCP_FORW: name:enp0s3: saddr:33561200: daddr:100932208
[  268.142073] AAAAA-TCP_FORW: name:enp0s3: saddr:33561200: daddr:100932208
[  268.278577] AAAAA-TCP_FORW: name:enp0s3: saddr:33561200: daddr:100932208
[  268.464631] AAAAA-TCP_FORW: name:enp0s3: saddr:33561200: daddr:100932208
[  268.502096] AAAAA-TCP_FORW: name:enp0s3: saddr:33561200: daddr:100932208
[  268.622865] AAAAA-TCP_FORW: name:enp0s3: saddr:33561200: daddr:100932208
[  268.683062] AAAAA-TCP_FORW: name:enp0s3: saddr:33561200: daddr:100932208
[  268.829139] AAAAA-TCP_FORW: name:enp0s3: saddr:33561200: daddr:100932208
[  268.892476] AAAAA-TCP_FORW: name:enp0s3: saddr:33561200: daddr:100932208
[  268.988011] AAAAA-TCP_FORW: name:enp0s3: saddr:33561200: daddr:100932208
[  269.039896] AAAAA-TCP_FORW: name:enp0s3: saddr:33561200: daddr:100932208
[  269.095493] AAAAA-TCP_FORW: name:enp0s3: saddr:33561200: daddr:100932208
[  269.197086] AAAAA-TCP_FORW: name:enp0s3: saddr:33561200: daddr:100932208
[  269.274593] AAAAA-TCP_FORW: name:enp0s3: saddr:16783984: daddr:100932208
[  269.336733] AAAAA-TCP_FORW: name:enp0s3: saddr:16783984: daddr:100932208
[  269.413274] AAAAA-TCP_FORW: name:enp0s3: saddr:16783984: daddr:100932208
[  269.463313] AAAAA-TCP_FORW: name:enp0s3: saddr:16783984: daddr:100932208
[  269.491324] AAAAA-TCP_FORW: name:enp0s3: saddr:16783984: daddr:100932208
[  269.610525] AAAAA-TCP_FORW: name:enp0s3: saddr:16783984: daddr:100932208
[  269.674844] AAAAA-TCP_FORW: name:enp0s3: saddr:16783984: daddr:100932208
[  269.749933] AAAAA-TCP_FORW: name:enp0s3: saddr:33561200: daddr:100932208
[  269.805117] AAAAA-TCP_FORW: name:enp0s3: saddr:33561200: daddr:100932208
[  269.876630] AAAAA-TCP_FORW: name:enp0s3: saddr:33561200: daddr:100932208
[  269.959765] AAAAA-TCP_FORW: name:enp0s3: saddr:33561200: daddr:100932208
[  270.005120] AAAAA-TCP_FORW: name:enp0s3: saddr:33561200: daddr:100932208
[  270.149877] AAAAA-TCP_FORW: name:enp0s3: saddr:33561200: daddr:100932208
[  270.196338] AAAAA-TCP_FORW: name:enp0s3: saddr:33561200: daddr:100932208
[  270.301604] AAAAA-TCP_FORW: name:enp0s3: saddr:33561200: daddr:100932208
[  270.347351] AAAAA-TCP_FORW: name:enp0s3: saddr:33561200: daddr:100932208
[  270.407026] AAAAA-TCP_FORW: name:enp0s3: saddr:33561200: daddr:100932208
[  270.471161] AAAAA-TCP_FORW: name:enp0s3: saddr:33561200: daddr:100932208
[  270.559720] AAAAA-TCP_FORW: name:enp0s3: saddr:33561200: daddr:100932208
[  270.613880] AAAAA-TCP_FORW: name:enp0s3: saddr:33561200: daddr:100932208
[  270.659836] AAAAA-TCP_FORW: name:enp0s3: saddr:33561200: daddr:100932208
[  270.688346] AAAAA-TCP_FORW: name:enp0s3: saddr:33561200: daddr:100932208
[  302.940102] AAAAA-TCP_FORW: name:enp0s3: saddr:16783984: daddr:100932208
[  303.022232] AAAAA-TCP_FORW: name:enp0s3: saddr:16783984: daddr:100932208
[  305.060910] AAAAA-TCP_FORW: name:enp0s3: saddr:33561200: daddr:100932208
[  306.397554] AAAAA-TCP_FORW: name:enp0s3: saddr:33561200: daddr:100932208
[  306.579220] AAAAA-TCP_FORW: name:enp0s3: saddr:16783984: daddr:100932208
[  306.786845] AAAAA-TCP_FORW: name:enp0s3: saddr:33561200: daddr:100932208
[  307.214697] AAAAA-TCP_FORW: name:enp0s3: saddr:16783984: daddr:100932208
[  307.276275] AAAAA-TCP_FORW: name:enp0s3: saddr:33561200: daddr:100932208
[  307.279178] AAAAA-TCP_FORW: name:enp0s3: saddr:33561200: daddr:100932208
[  307.487513] AAAAA-TCP_FORW: name:enp0s3: saddr:33561200: daddr:100932208
[  307.528518] AAAAA-TCP_FORW: name:enp0s3: saddr:33561200: daddr:100932208
[  307.682020] AAAAA-TCP_FORW: name:enp0s3: saddr:33561200: daddr:100932208
[  307.721120] AAAAA-TCP_FORW: name:enp0s3: saddr:33561200: daddr:100932208
[  307.723986] AAAAA-TCP_FORW: name:enp0s3: saddr:33561200: daddr:100932208
[  307.774393] AAAAA-TCP_FORW: name:enp0s3: saddr:33561200: daddr:100932208
[  307.816954] AAAAA-TCP_FORW: name:enp0s3: saddr:33561200: daddr:100932208
[  307.913875] AAAAA-TCP_FORW: name:enp0s3: saddr:33561200: daddr:100932208
[  308.047329] AAAAA-TCP_FORW: name:enp0s3: saddr:16783984: daddr:100932208
[  308.082119] AAAAA-TCP_FORW: name:enp0s3: saddr:16783984: daddr:100932208
[  308.148641] AAAAA-TCP_FORW: name:enp0s3: saddr:16783984: daddr:100932208
[  308.481161] AAAAA-TCP_FORW: name:enp0s3: saddr:16783984: daddr:100932208
[  308.701263] AAAAA-TCP_FORW: name:enp0s3: saddr:33561200: daddr:100932208
[  308.907439] AAAAA-TCP_FORW: name:enp0s3: saddr:33561200: daddr:100932208
[  309.100445] AAAAA-TCP_FORW: name:enp0s3: saddr:33561200: daddr:100932208
[  309.237648] AAAAA-TCP_FORW: name:enp0s3: saddr:33561200: daddr:100932208
[  310.321880] AAAAA-TCP_FORW: name:enp0s3: saddr:33561200: daddr:100932208
[  310.447653] AAAAA-TCP_FORW: name:enp0s3: saddr:16783984: daddr:100932208
[  310.681645] AAAAA-TCP_FORW: name:enp0s3: saddr:16783984: daddr:100932208
[  310.783118] AAAAA-TCP_FORW: name:enp0s3: saddr:16783984: daddr:100932208
[  310.860317] AAAAA-TCP_FORW: name:enp0s3: saddr:16783984: daddr:100932208
[  310.911423] AAAAA-TCP_FORW: name:enp0s3: saddr:16783984: daddr:100932208
[  310.954099] AAAAA-TCP_FORW: name:enp0s3: saddr:16783984: daddr:100932208
[  311.086452] AAAAA-TCP_FORW: name:enp0s3: saddr:16783984: daddr:100932208
[  311.149665] AAAAA-TCP_FORW: name:enp0s3: saddr:33561200: daddr:100932208
[  311.205298] AAAAA-TCP_FORW: name:enp0s3: saddr:33561200: daddr:100932208
[  311.269124] AAAAA-TCP_FORW: name:enp0s3: saddr:33561200: daddr:100932208
[  311.337142] AAAAA-TCP_FORW: name:enp0s3: saddr:33561200: daddr:100932208
[  311.356727] AAAAA-TCP_FORW: name:enp0s3: saddr:33561200: daddr:100932208
[  311.409944] AAAAA-TCP_FORW: name:enp0s3: saddr:33561200: daddr:100932208
[  311.438603] AAAAA-TCP_FORW: name:enp0s3: saddr:33561200: daddr:100932208
[  311.522092] AAAAA-TCP_FORW: name:enp0s3: saddr:33561200: daddr:100932208
[  311.598287] AAAAA-TCP_FORW: name:enp0s3: saddr:33561200: daddr:100932208
[  311.683384] AAAAA-TCP_FORW: name:enp0s3: saddr:33561200: daddr:100932208
[  311.729951] AAAAA-TCP_FORW: name:enp0s3: saddr:16783984: daddr:100932208
[  311.790387] AAAAA-TCP_FORW: name:enp0s3: saddr:16783984: daddr:100932208
[  311.935990] AAAAA-TCP_FORW: name:enp0s3: saddr:16783984: daddr:100932208
[  312.005819] AAAAA-TCP_FORW: name:enp0s3: saddr:16783984: daddr:100932208
[  312.137729] AAAAA-TCP_FORW: name:enp0s3: saddr:33561200: daddr:100932208
[  312.416520] AAAAA-TCP_FORW: name:enp0s3: saddr:33561200: daddr:100932208
[  312.561461] AAAAA-TCP_FORW: name:enp0s3: saddr:33561200: daddr:100932208
[  312.662315] AAAAA-TCP_FORW: name:enp0s3: saddr:33561200: daddr:100932208
[  313.727948] AAAAA-TCP_FORW: name:enp0s3: saddr:33561200: daddr:100932208
[  314.054672] AAAAA-TCP_FORW: name:enp0s3: saddr:16783984: daddr:100932208
[  314.218946] AAAAA-TCP_FORW: name:enp0s3: saddr:16783984: daddr:100932208
[  314.293094] AAAAA-TCP_FORW: name:enp0s3: saddr:16783984: daddr:100932208
[  314.335245] AAAAA-TCP_FORW: name:enp0s3: saddr:16783984: daddr:100932208
[  314.403648] AAAAA-TCP_FORW: name:enp0s3: saddr:16783984: daddr:100932208
[  314.464842] AAAAA-TCP_FORW: name:enp0s3: saddr:16783984: daddr:100932208
[  314.495803] AAAAA-TCP_FORW: name:enp0s3: saddr:16783984: daddr:100932208
[  314.537275] AAAAA-TCP_FORW: name:enp0s3: saddr:33561200: daddr:100932208
[  314.595884] AAAAA-TCP_FORW: name:enp0s3: saddr:33561200: daddr:100932208
[  314.668218] AAAAA-TCP_FORW: name:enp0s3: saddr:33561200: daddr:100932208
[  314.706993] AAAAA-TCP_FORW: name:enp0s3: saddr:33561200: daddr:100932208
[  314.771111] AAAAA-TCP_FORW: name:enp0s3: saddr:33561200: daddr:100932208
[  314.840694] AAAAA-TCP_FORW: name:enp0s3: saddr:33561200: daddr:100932208
[  314.918463] AAAAA-TCP_FORW: name:enp0s3: saddr:33561200: daddr:100932208
[  314.967951] AAAAA-TCP_FORW: name:enp0s3: saddr:33561200: daddr:100932208
[  315.100306] AAAAA-TCP_FORW: name:enp0s3: saddr:33561200: daddr:100932208
[  315.211401] AAAAA-TCP_FORW: name:enp0s3: saddr:33561200: daddr:100932208
[  315.299993] AAAAA-TCP_FORW: name:enp0s3: saddr:16783984: daddr:100932208
[  315.394918] AAAAA-TCP_FORW: name:enp0s3: saddr:16783984: daddr:100932208
[  315.499014] AAAAA-TCP_FORW: name:enp0s3: saddr:16783984: daddr:100932208
[  315.600377] AAAAA-TCP_FORW: name:enp0s3: saddr:16783984: daddr:100932208
[  315.673224] AAAAA-TCP_FORW: name:enp0s3: saddr:16783984: daddr:100932208
[  315.726499] AAAAA-TCP_FORW: name:enp0s3: saddr:16783984: daddr:100932208
[  315.906270] AAAAA-TCP_FORW: name:enp0s3: saddr:16783984: daddr:100932208
[  316.040656] AAAAA-TCP_FORW: name:enp0s3: saddr:16783984: daddr:100932208
[  316.272145] AAAAA-TCP_FORW: name:enp0s3: saddr:33561200: daddr:100932208
[  316.352201] AAAAA-TCP_FORW: name:enp0s3: saddr:33561200: daddr:100932208
[  316.437161] AAAAA-TCP_FORW: name:enp0s3: saddr:33561200: daddr:100932208
[  316.630251] AAAAA-TCP_FORW: name:enp0s3: saddr:33561200: daddr:100932208
[  316.703246] AAAAA-TCP_FORW: name:enp0s3: saddr:33561200: daddr:100932208
[  318.267615] AAAAA-TCP_FORW: name:enp0s3: saddr:33561200: daddr:100932208
[  318.713426] AAAAA-TCP_FORW: name:enp0s3: saddr:16783984: daddr:100932208
[  318.814585] AAAAA-TCP_FORW: name:enp0s3: saddr:16783984: daddr:100932208
[  318.888796] AAAAA-TCP_FORW: name:enp0s3: saddr:16783984: daddr:100932208
[  318.973766] AAAAA-TCP_FORW: name:enp0s3: saddr:16783984: daddr:100932208
[  319.117920] AAAAA-TCP_FORW: name:enp0s3: saddr:16783984: daddr:100932208
[  319.224100] AAAAA-TCP_FORW: name:enp0s3: saddr:16783984: daddr:100932208
[  319.293062] AAAAA-TCP_FORW: name:enp0s3: saddr:16783984: daddr:100932208
[  319.350874] AAAAA-TCP_FORW: name:enp0s3: saddr:16783984: daddr:100932208
[  319.473682] AAAAA-TCP_FORW: name:enp0s3: saddr:33561200: daddr:100932208
[  319.760525] AAAAA-TCP_FORW: name:enp0s3: saddr:33561200: daddr:100932208
[  319.854000] AAAAA-TCP_FORW: name:enp0s3: saddr:33561200: daddr:100932208
[  319.924738] AAAAA-TCP_FORW: name:enp0s3: saddr:33561200: daddr:100932208
[  320.005260] AAAAA-TCP_FORW: name:enp0s3: saddr:33561200: daddr:100932208
[  320.072871] AAAAA-TCP_FORW: name:enp0s3: saddr:33561200: daddr:100932208
[  320.136513] AAAAA-TCP_FORW: name:enp0s3: saddr:33561200: daddr:100932208
[  320.142469] AAAAA-TCP_FORW: name:enp0s3: saddr:33561200: daddr:100932208
[  320.314271] AAAAA-TCP_FORW: name:enp0s3: saddr:33561200: daddr:100932208
[  320.373022] AAAAA-TCP_FORW: name:enp0s3: saddr:33561200: daddr:100932208
[  320.441717] AAAAA-TCP_FORW: name:enp0s3: saddr:33561200: daddr:100932208
[  320.655804] AAAAA-TCP_FORW: name:enp0s3: saddr:16783984: daddr:100932208
[  320.871974] AAAAA-TCP_FORW: name:enp0s3: saddr:16783984: daddr:100932208
[  320.907997] AAAAA-TCP_FORW: name:enp0s3: saddr:16783984: daddr:100932208
[  320.995071] AAAAA-TCP_FORW: name:enp0s3: saddr:16783984: daddr:100932208
[  321.116678] AAAAA-TCP_FORW: name:enp0s3: saddr:16783984: daddr:100932208
[  321.250448] AAAAA-TCP_FORW: name:enp0s3: saddr:16783984: daddr:100932208
[  321.332116] AAAAA-TCP_FORW: name:enp0s3: saddr:16783984: daddr:100932208
[  321.444031] AAAAA-TCP_FORW: name:enp0s3: saddr:33561200: daddr:100932208
[  321.512934] AAAAA-TCP_FORW: name:enp0s3: saddr:33561200: daddr:100932208
[  321.686066] AAAAA-TCP_FORW: name:enp0s3: saddr:33561200: daddr:100932208
[  321.829876] AAAAA-TCP_FORW: name:enp0s3: saddr:33561200: daddr:100932208
[  321.994144] AAAAA-TCP_FORW: name:enp0s3: saddr:33561200: daddr:100932208
[  323.575714] AAAAA-TCP_FORW: name:enp0s3: saddr:33561200: daddr:100932208
[  324.204476] AAAAA-TCP_FORW: name:enp0s3: saddr:16783984: daddr:100932208
[  324.347388] AAAAA-TCP_FORW: name:enp0s3: saddr:16783984: daddr:100932208
[  324.444577] AAAAA-TCP_FORW: name:enp0s3: saddr:16783984: daddr:100932208
[  324.574447] AAAAA-TCP_FORW: name:enp0s3: saddr:16783984: daddr:100932208
[  324.650761] AAAAA-TCP_FORW: name:enp0s3: saddr:16783984: daddr:100932208
[  324.736711] AAAAA-TCP_FORW: name:enp0s3: saddr:16783984: daddr:100932208
[  324.854009] AAAAA-TCP_FORW: name:enp0s3: saddr:16783984: daddr:100932208
[  324.898381] AAAAA-TCP_FORW: name:enp0s3: saddr:16783984: daddr:100932208
[  324.908839] AAAAA-TCP_FORW: name:enp0s3: saddr:16783984: daddr:100932208
[  324.989341] AAAAA-TCP_FORW: name:enp0s3: saddr:16783984: daddr:100932208
[  325.046707] AAAAA-TCP_FORW: name:enp0s3: saddr:16783984: daddr:100932208
[  325.089553] AAAAA-TCP_FORW: name:enp0s3: saddr:16783984: daddr:100932208
[  325.295794] AAAAA-TCP_FORW: name:enp0s3: saddr:33561200: daddr:100932208
[  325.470864] AAAAA-TCP_FORW: name:enp0s3: saddr:33561200: daddr:100932208
[  325.556117] AAAAA-TCP_FORW: name:enp0s3: saddr:33561200: daddr:100932208
[  325.623490] AAAAA-TCP_FORW: name:enp0s3: saddr:33561200: daddr:100932208
[  325.686123] AAAAA-TCP_FORW: name:enp0s3: saddr:33561200: daddr:100932208
[  325.778471] AAAAA-TCP_FORW: name:enp0s3: saddr:33561200: daddr:100932208
[  325.842660] AAAAA-TCP_FORW: name:enp0s3: saddr:33561200: daddr:100932208
[  325.903377] AAAAA-TCP_FORW: name:enp0s3: saddr:33561200: daddr:100932208
[  325.994841] AAAAA-TCP_FORW: name:enp0s3: saddr:33561200: daddr:100932208
[  326.059591] AAAAA-TCP_FORW: name:enp0s3: saddr:33561200: daddr:100932208
[  326.172968] AAAAA-TCP_FORW: name:enp0s3: saddr:33561200: daddr:100932208
[  326.236222] AAAAA-TCP_FORW: name:enp0s3: saddr:33561200: daddr:100932208
[  326.338550] AAAAA-TCP_FORW: name:enp0s3: saddr:33561200: daddr:100932208
[  326.386138] AAAAA-TCP_FORW: name:enp0s3: saddr:16783984: daddr:100932208
[  326.397921] AAAAA-TCP_FORW: name:enp0s3: saddr:16783984: daddr:100932208
[  326.513647] AAAAA-TCP_FORW: name:enp0s3: saddr:16783984: daddr:100932208
[  326.719119] AAAAA-TCP_FORW: name:enp0s3: saddr:16783984: daddr:100932208
[  326.840090] AAAAA-TCP_FORW: name:enp0s3: saddr:16783984: daddr:100932208
[  326.988012] AAAAA-TCP_FORW: name:enp0s3: saddr:16783984: daddr:100932208
[  327.067318] AAAAA-TCP_FORW: name:enp0s3: saddr:16783984: daddr:100932208
[  327.172393] AAAAA-TCP_FORW: name:enp0s3: saddr:33561200: daddr:100932208
[  327.339308] AAAAA-TCP_FORW: name:enp0s3: saddr:33561200: daddr:100932208
[  327.471819] AAAAA-TCP_FORW: name:enp0s3: saddr:33561200: daddr:100932208
[  328.427475] AAAAA-TCP_FORW: name:enp0s3: saddr:33561200: daddr:100932208
[  329.063132] AAAAA-TCP_FORW: name:enp0s3: saddr:16783984: daddr:100932208
[  329.199558] AAAAA-TCP_FORW: name:enp0s3: saddr:16783984: daddr:100932208
[  329.313274] AAAAA-TCP_FORW: name:enp0s3: saddr:16783984: daddr:100932208
[  329.369001] AAAAA-TCP_FORW: name:enp0s3: saddr:16783984: daddr:100932208
[  329.527788] AAAAA-TCP_FORW: name:enp0s3: saddr:16783984: daddr:100932208
[  329.632212] AAAAA-TCP_FORW: name:enp0s3: saddr:16783984: daddr:100932208
[  329.791908] AAAAA-TCP_FORW: name:enp0s3: saddr:16783984: daddr:100932208
[  329.932860] AAAAA-TCP_FORW: name:enp0s3: saddr:16783984: daddr:100932208
[  330.068928] AAAAA-TCP_FORW: name:enp0s3: saddr:33561200: daddr:100932208
[  330.232207] AAAAA-TCP_FORW: name:enp0s3: saddr:33561200: daddr:100932208
[  330.303595] AAAAA-TCP_FORW: name:enp0s3: saddr:33561200: daddr:100932208
[  330.371095] AAAAA-TCP_FORW: name:enp0s3: saddr:33561200: daddr:100932208
[  330.436936] AAAAA-TCP_FORW: name:enp0s3: saddr:33561200: daddr:100932208
[  330.598797] AAAAA-TCP_FORW: name:enp0s3: saddr:33561200: daddr:100932208
[  330.815217] AAAAA-TCP_FORW: name:enp0s3: saddr:33561200: daddr:100932208
[  330.892112] AAAAA-TCP_FORW: name:enp0s3: saddr:33561200: daddr:100932208
[  331.006046] AAAAA-TCP_FORW: name:enp0s3: saddr:33561200: daddr:100932208
[  331.072959] AAAAA-TCP_FORW: name:enp0s3: saddr:33561200: daddr:100932208
[  331.149946] AAAAA-TCP_FORW: name:enp0s3: saddr:16783984: daddr:100932208
[  331.200977] AAAAA-TCP_FORW: name:enp0s3: saddr:16783984: daddr:100932208
[  331.358967] AAAAA-TCP_FORW: name:enp0s3: saddr:16783984: daddr:100932208
[  331.576164] AAAAA-TCP_FORW: name:enp0s3: saddr:16783984: daddr:100932208
[  331.709968] AAAAA-TCP_FORW: name:enp0s3: saddr:16783984: daddr:100932208
[  331.871711] AAAAA-TCP_FORW: name:enp0s3: saddr:16783984: daddr:100932208
[  331.909406] AAAAA-TCP_FORW: name:enp0s3: saddr:16783984: daddr:100932208
[  332.116703] AAAAA-TCP_FORW: name:enp0s3: saddr:16783984: daddr:100932208
[  332.301380] AAAAA-TCP_FORW: name:enp0s3: saddr:33561200: daddr:100932208
[  332.751613] AAAAA-TCP_FORW: name:enp0s3: saddr:33561200: daddr:100932208
[  333.185044] AAAAA-TCP_FORW: name:enp0s3: saddr:16783984: daddr:100932208
[  333.451995] AAAAA-TCP_FORW: name:enp0s3: saddr:16783984: daddr:100932208
[  333.556002] AAAAA-TCP_FORW: name:enp0s3: saddr:16783984: daddr:100932208
[  333.663758] AAAAA-TCP_FORW: name:enp0s3: saddr:33561200: daddr:100932208
[  333.784479] AAAAA-TCP_FORW: name:enp0s3: saddr:16783984: daddr:100932208
[  333.865634] AAAAA-TCP_FORW: name:enp0s3: saddr:16783984: daddr:100932208
[  333.870656] AAAAA-TCP_FORW: name:enp0s3: saddr:16783984: daddr:100932208
[  334.119242] AAAAA-TCP_FORW: name:enp0s3: saddr:16783984: daddr:100932208
[  334.240166] AAAAA-TCP_FORW: name:enp0s3: saddr:16783984: daddr:100932208
[  334.366277] AAAAA-TCP_FORW: name:enp0s3: saddr:16783984: daddr:100932208
[  334.597489] AAAAA-TCP_FORW: name:enp0s3: saddr:16783984: daddr:100932208
[  335.491480] AAAAA-TCP_FORW: name:enp0s3: saddr:33561200: daddr:100932208
[  335.648987] AAAAA-TCP_FORW: name:enp0s3: saddr:16783984: daddr:100932208
[  335.702615] AAAAA-TCP_FORW: name:enp0s3: saddr:16783984: daddr:100932208
[  335.779826] AAAAA-TCP_FORW: name:enp0s3: saddr:16783984: daddr:100932208
[  336.059302] AAAAA-TCP_FORW: name:enp0s3: saddr:16783984: daddr:100932208
[  336.126033] AAAAA-TCP_FORW: name:enp0s3: saddr:16783984: daddr:100932208
[  336.268629] AAAAA-TCP_FORW: name:enp0s3: saddr:16783984: daddr:100932208
[  336.292205] AAAAA-TCP_FORW: name:enp0s3: saddr:16783984: daddr:100932208
[  336.372288] AAAAA-TCP_FORW: name:enp0s3: saddr:16783984: daddr:100932208
[  336.439566] AAAAA-TCP_FORW: name:enp0s3: saddr:16783984: daddr:100932208
[  336.528347] AAAAA-TCP_FORW: name:enp0s3: saddr:33561200: daddr:100932208
[  336.603689] AAAAA-TCP_FORW: name:enp0s3: saddr:16783984: daddr:100932208
[  336.682869] AAAAA-TCP_FORW: name:enp0s3: saddr:33561200: daddr:100932208
[  336.773639] AAAAA-TCP_FORW: name:enp0s3: saddr:33561200: daddr:100932208
[  336.808254] AAAAA-TCP_FORW: name:enp0s3: saddr:16783984: daddr:100932208
[  336.956883] AAAAA-TCP_FORW: name:enp0s3: saddr:16783984: daddr:100932208
[  337.122269] AAAAA-TCP_FORW: name:enp0s3: saddr:33561200: daddr:100932208
[  337.180373] AAAAA-TCP_FORW: name:enp0s3: saddr:33561200: daddr:100932208
[  337.238594] AAAAA-TCP_FORW: name:enp0s3: saddr:33561200: daddr:100932208
[  337.297603] AAAAA-TCP_FORW: name:enp0s3: saddr:16783984: daddr:100932208
[  337.344727] AAAAA-TCP_FORW: name:enp0s3: saddr:16783984: daddr:100932208
[  337.386955] AAAAA-TCP_FORW: name:enp0s3: saddr:16783984: daddr:100932208
[  337.563012] AAAAA-TCP_FORW: name:enp0s3: saddr:33561200: daddr:100932208
[  337.636460] AAAAA-TCP_FORW: name:enp0s3: saddr:16783984: daddr:100932208
[  337.691600] AAAAA-TCP_FORW: name:enp0s3: saddr:16783984: daddr:100932208
[  337.717955] AAAAA-TCP_FORW: name:enp0s3: saddr:33561200: daddr:100932208
[  337.797468] AAAAA-TCP_FORW: name:enp0s3: saddr:33561200: daddr:100932208
[  337.893901] AAAAA-TCP_FORW: name:enp0s3: saddr:33561200: daddr:100932208
[  337.915686] AAAAA-TCP_FORW: name:enp0s3: saddr:33561200: daddr:100932208
[  338.041538] AAAAA-TCP_FORW: name:enp0s3: saddr:16783984: daddr:100932208
[  338.113910] AAAAA-TCP_FORW: name:enp0s3: saddr:33561200: daddr:100932208
[  338.186136] AAAAA-TCP_FORW: name:enp0s3: saddr:33561200: daddr:100932208
[  338.218377] AAAAA-TCP_FORW: name:enp0s3: saddr:16783984: daddr:100932208
[  338.268476] AAAAA-TCP_FORW: name:enp0s3: saddr:33561200: daddr:100932208
[  338.315266] AAAAA-TCP_FORW: name:enp0s3: saddr:16783984: daddr:100932208
[  338.373691] AAAAA-TCP_FORW: name:enp0s3: saddr:16783984: daddr:100932208
[  338.443902] AAAAA-TCP_FORW: name:enp0s3: saddr:16783984: daddr:100932208
[  338.504480] AAAAA-TCP_FORW: name:enp0s3: saddr:16783984: daddr:100932208
[  338.533918] AAAAA-TCP_FORW: name:enp0s3: saddr:16783984: daddr:100932208
[  338.597646] AAAAA-TCP_FORW: name:enp0s3: saddr:16783984: daddr:100932208
[  338.657115] AAAAA-TCP_FORW: name:enp0s3: saddr:16783984: daddr:100932208
[  339.159910] AAAAA-TCP_FORW: name:enp0s3: saddr:16783984: daddr:100932208
[  339.549035] AAAAA-TCP_FORW: name:enp0s3: saddr:16783984: daddr:100932208
[  339.859550] AAAAA-TCP_FORW: name:enp0s3: saddr:16783984: daddr:100932208
[  339.902807] AAAAA-TCP_FORW: name:enp0s3: saddr:33561200: daddr:100932208
[  340.104419] AAAAA-TCP_FORW: name:enp0s3: saddr:33561200: daddr:100932208
[  340.136777] AAAAA-TCP_FORW: name:enp0s3: saddr:33561200: daddr:100932208
[  340.313495] AAAAA-TCP_FORW: name:enp0s3: saddr:33561200: daddr:100932208
[  340.523574] AAAAA-TCP_FORW: name:enp0s3: saddr:33561200: daddr:100932208
[  340.577339] AAAAA-TCP_FORW: name:enp0s3: saddr:33561200: daddr:100932208
[  340.722210] AAAAA-TCP_FORW: name:enp0s3: saddr:33561200: daddr:100932208
[  340.779669] AAAAA-TCP_FORW: name:enp0s3: saddr:16783984: daddr:100932208
[  340.906217] AAAAA-TCP_FORW: name:enp0s3: saddr:33561200: daddr:100932208
[  340.968192] AAAAA-TCP_FORW: name:enp0s3: saddr:16783984: daddr:100932208
[  629.502671] rfkill: input handler enabled
[  638.347440] rfkill: input handler disabled
[  995.490096] device enp0s3 left promiscuous mode
