[    0.000000] Linux version 5.4.243-mptcp (root@ztg) (gcc version 12.2.0 (Debian 12.2.0-14+deb12u1)) #53 SMP Wed Dec 24 23:28:15 CST 2025
[    0.000000] Command line: BOOT_IMAGE=/boot/vmlinuz-5.4.243-mptcp root=UUID=98415a12-53b7-4144-8265-0f7ece09e445 ro quiet splash
[    0.000000] KERNEL supported cpus:
[    0.000000]   Intel GenuineIntel
[    0.000000]   AMD AuthenticAMD
[    0.000000]   Hygon HygonGenuine
[    0.000000]   Centaur CentaurHauls
[    0.000000]   zhaoxin   Shanghai  
[    0.000000] x86/fpu: Supporting XSAVE feature 0x001: 'x87 floating point registers'
[    0.000000] x86/fpu: Supporting XSAVE feature 0x002: 'SSE registers'
[    0.000000] x86/fpu: Supporting XSAVE feature 0x004: 'AVX registers'
[    0.000000] x86/fpu: xstate_offset[2]:  576, xstate_sizes[2]:  256
[    0.000000] x86/fpu: Enabled xstate features 0x7, context size is 832 bytes, using 'standard' format.
[    0.000000] BIOS-provided physical RAM map:
[    0.000000] BIOS-e820: [mem 0x0000000000000000-0x000000000009fbff] usable
[    0.000000] BIOS-e820: [mem 0x000000000009fc00-0x000000000009ffff] reserved
[    0.000000] BIOS-e820: [mem 0x00000000000f0000-0x00000000000fffff] reserved
[    0.000000] BIOS-e820: [mem 0x0000000000100000-0x000000007ffeffff] usable
[    0.000000] BIOS-e820: [mem 0x000000007fff0000-0x000000007fffffff] ACPI data
[    0.000000] BIOS-e820: [mem 0x00000000fec00000-0x00000000fec00fff] reserved
[    0.000000] BIOS-e820: [mem 0x00000000fee00000-0x00000000fee00fff] reserved
[    0.000000] BIOS-e820: [mem 0x00000000fffc0000-0x00000000ffffffff] reserved
[    0.000000] NX (Execute Disable) protection: active
[    0.000000] SMBIOS 2.5 present.
[    0.000000] DMI: innotek GmbH VirtualBox/VirtualBox, BIOS VirtualBox 12/01/2006
[    0.000000] Hypervisor detected: KVM
[    0.000000] kvm-clock: Using msrs 4b564d01 and 4b564d00
[    0.000000] kvm-clock: cpu 0, msr 48801001, primary cpu clock
[    0.000000] kvm-clock: using sched offset of 4458342226 cycles
[    0.000003] clocksource: kvm-clock: mask: 0xffffffffffffffff max_cycles: 0x1cd42e4dffb, max_idle_ns: 881590591483 ns
[    0.000005] tsc: Detected 2100.000 MHz processor
[    0.001890] e820: update [mem 0x00000000-0x00000fff] usable ==> reserved
[    0.001892] e820: remove [mem 0x000a0000-0x000fffff] usable
[    0.001896] last_pfn = 0x7fff0 max_arch_pfn = 0x400000000
[    0.001963] MTRR default type: uncachable
[    0.001964] MTRR fixed ranges enabled:
[    0.001965]   00000-9FFFF write-back
[    0.001966]   A0000-BFFFF uncachable
[    0.001967]   C0000-FFFFF write-protect
[    0.001967] MTRR variable ranges enabled:
[    0.001969]   0 base 000000000000 mask 3FFF80000000 write-back
[    0.001969]   1 disabled
[    0.001970]   2 disabled
[    0.001970]   3 disabled
[    0.001971]   4 disabled
[    0.001971]   5 disabled
[    0.001971]   6 disabled
[    0.001972]   7 disabled
[    0.001972]   8 disabled
[    0.001973]   9 disabled
[    0.001973]   10 disabled
[    0.001974]   11 disabled
[    0.001974]   12 disabled
[    0.001974]   13 disabled
[    0.001975]   14 disabled
[    0.001975]   15 disabled
[    0.001992] x86/PAT: Configuration [0-7]: WB  WC  UC- UC  WB  WP  UC- WT  
[    0.002125] found SMP MP-table at [mem 0x0009fff0-0x0009ffff]
[    0.093625] check: Scanning 1 areas for low memory corruption
[    0.093869] RAMDISK: [mem 0x32271000-0x3512ffff]
[    0.093877] ACPI: Early table checksum verification disabled
[    0.093883] ACPI: RSDP 0x00000000000E0000 000024 (v02 VBOX  )
[    0.093888] ACPI: XSDT 0x000000007FFF0030 00003C (v01 VBOX   VBOXXSDT 00000001 ASL  00000061)
[    0.093894] ACPI: FACP 0x000000007FFF00F0 0000F4 (v04 VBOX   VBOXFACP 00000001 ASL  00000061)
[    0.093901] ACPI: DSDT 0x000000007FFF02E0 002353 (v02 VBOX   VBOXBIOS 00000002 VBOX 00029BF3)
[    0.093905] ACPI: FACS 0x000000007FFF0200 000040
[    0.093909] ACPI: FACS 0x000000007FFF0200 000040
[    0.093912] ACPI: APIC 0x000000007FFF0240 000054 (v02 VBOX   VBOXAPIC 00000001 ASL  00000061)
[    0.093916] ACPI: SSDT 0x000000007FFF02A0 000038 (v01 VBOX   VBOXCPUT 00000002 VBOX 00029BF3)
[    0.093919] ACPI: Reserving FACP table memory at [mem 0x7fff00f0-0x7fff01e3]
[    0.093920] ACPI: Reserving DSDT table memory at [mem 0x7fff02e0-0x7fff2632]
[    0.093920] ACPI: Reserving FACS table memory at [mem 0x7fff0200-0x7fff023f]
[    0.093921] ACPI: Reserving FACS table memory at [mem 0x7fff0200-0x7fff023f]
[    0.093922] ACPI: Reserving APIC table memory at [mem 0x7fff0240-0x7fff0293]
[    0.093922] ACPI: Reserving SSDT table memory at [mem 0x7fff02a0-0x7fff02d7]
[    0.093938] ACPI: Local APIC address 0xfee00000
[    0.094125] No NUMA configuration found
[    0.094126] Faking a node at [mem 0x0000000000000000-0x000000007ffeffff]
[    0.094136] NODE_DATA(0) allocated [mem 0x7ffc5000-0x7ffeffff]
[    0.094398] Zone ranges:
[    0.094399]   DMA      [mem 0x0000000000001000-0x0000000000ffffff]
[    0.094400]   DMA32    [mem 0x0000000001000000-0x000000007ffeffff]
[    0.094401]   Normal   empty
[    0.094401]   Device   empty
[    0.094402] Movable zone start for each node
[    0.094404] Early memory node ranges
[    0.094405]   node   0: [mem 0x0000000000001000-0x000000000009efff]
[    0.094405]   node   0: [mem 0x0000000000100000-0x000000007ffeffff]
[    0.094408] Zeroed struct page in unavailable ranges: 114 pages
[    0.094409] Initmem setup node 0 [mem 0x0000000000001000-0x000000007ffeffff]
[    0.094411] On node 0 totalpages: 524174
[    0.094412]   DMA zone: 64 pages used for memmap
[    0.094412]   DMA zone: 21 pages reserved
[    0.094413]   DMA zone: 3998 pages, LIFO batch:0
[    0.094485]   DMA32 zone: 8128 pages used for memmap
[    0.094485]   DMA32 zone: 520176 pages, LIFO batch:63
[    0.103530] ACPI: PM-Timer IO Port: 0x4008
[    0.103534] ACPI: Local APIC address 0xfee00000
[    0.103599] IOAPIC[0]: apic_id 1, version 32, address 0xfec00000, GSI 0-23
[    0.103603] ACPI: INT_SRC_OVR (bus 0 bus_irq 0 global_irq 2 dfl dfl)
[    0.103605] ACPI: INT_SRC_OVR (bus 0 bus_irq 9 global_irq 9 low level)
[    0.103607] ACPI: IRQ0 used by override.
[    0.103608] ACPI: IRQ9 used by override.
[    0.103610] Using ACPI (MADT) for SMP configuration information
[    0.103617] smpboot: Allowing 1 CPUs, 0 hotplug CPUs
[    0.103640] PM: Registered nosave memory: [mem 0x00000000-0x00000fff]
[    0.103641] PM: Registered nosave memory: [mem 0x0009f000-0x0009ffff]
[    0.103642] PM: Registered nosave memory: [mem 0x000a0000-0x000effff]
[    0.103643] PM: Registered nosave memory: [mem 0x000f0000-0x000fffff]
[    0.103644] [mem 0x80000000-0xfebfffff] available for PCI devices
[    0.103645] Booting paravirtualized kernel on KVM
[    0.103648] clocksource: refined-jiffies: mask: 0xffffffff max_cycles: 0xffffffff, max_idle_ns: 7645519600211568 ns
[    0.103653] setup_percpu: NR_CPUS:8192 nr_cpumask_bits:1 nr_cpu_ids:1 nr_node_ids:1
[    0.104664] percpu: Embedded 60 pages/cpu s208896 r8192 d28672 u2097152
[    0.104669] pcpu-alloc: s208896 r8192 d28672 u2097152 alloc=1*2097152
[    0.104670] pcpu-alloc: [0] 0 
[    0.104696] Built 1 zonelists, mobility grouping on.  Total pages: 515961
[    0.104696] Policy zone: DMA32
[    0.104698] Kernel command line: BOOT_IMAGE=/boot/vmlinuz-5.4.243-mptcp root=UUID=98415a12-53b7-4144-8265-0f7ece09e445 ro quiet splash
[    0.105544] Dentry cache hash table entries: 262144 (order: 9, 2097152 bytes, linear)
[    0.105692] Inode-cache hash table entries: 131072 (order: 8, 1048576 bytes, linear)
[    0.105741] mem auto-init: stack:off, heap alloc:on, heap free:off
[    0.105744] Calgary: detecting Calgary via BIOS EBDA area
[    0.105745] Calgary: Unable to locate Rio Grande table in EBDA - bailing!
[    0.109912] Memory: 1967332K/2096696K available (14339K kernel code, 2398K rwdata, 4712K rodata, 2728K init, 17260K bss, 129364K reserved, 0K cma-reserved)
[    0.110850] SLUB: HWalign=64, Order=0-3, MinObjects=0, CPUs=1, Nodes=1
[    0.110866] ftrace: allocating 43186 entries in 169 pages
[    0.129216] rcu: Hierarchical RCU implementation.
[    0.129217] rcu: 	RCU restricting CPUs from NR_CPUS=8192 to nr_cpu_ids=1.
[    0.129219] 	Tasks RCU enabled.
[    0.129220] rcu: RCU calculated value of scheduler-enlistment delay is 25 jiffies.
[    0.129221] rcu: Adjusting geometry for rcu_fanout_leaf=16, nr_cpu_ids=1
[    0.132286] NR_IRQS: 524544, nr_irqs: 256, preallocated irqs: 16
[    0.132494] random: crng init done
[    0.141762] Console: colour VGA+ 80x25
[    0.141767] printk: console [tty0] enabled
[    0.141786] ACPI: Core revision 20190816
[    0.141918] APIC: Switch to symmetric I/O mode setup
[    0.142168] x2apic enabled
[    0.142407] Switched APIC routing to physical x2apic.
[    0.143551] ..TIMER: vector=0x30 apic1=0 pin1=2 apic2=-1 pin2=-1
[    0.143577] clocksource: tsc-early: mask: 0xffffffffffffffff max_cycles: 0x1e4530a99b6, max_idle_ns: 440795257976 ns
[    0.143582] Calibrating delay loop (skipped) preset value.. 4200.00 BogoMIPS (lpj=8400000)
[    0.143584] pid_max: default: 32768 minimum: 301
[    0.143612] LSM: Security Framework initializing
[    0.143621] Yama: becoming mindful.
[    0.143648] AppArmor: AppArmor initialized
[    0.143682] Mount-cache hash table entries: 4096 (order: 3, 32768 bytes, linear)
[    0.143686] Mountpoint-cache hash table entries: 4096 (order: 3, 32768 bytes, linear)
[    0.143697] *** VALIDATE tmpfs ***
[    0.143828] *** VALIDATE proc ***
[    0.143868] *** VALIDATE cgroup1 ***
[    0.143869] *** VALIDATE cgroup2 ***
[    0.144008] process: using mwait in idle threads
[    0.144013] Last level iTLB entries: 4KB 64, 2MB 8, 4MB 8
[    0.144013] Last level dTLB entries: 4KB 64, 2MB 0, 4MB 0, 1GB 4
[    0.144034] Spectre V1 : Mitigation: usercopy/swapgs barriers and __user pointer sanitization
[    0.144040] Spectre V2 : Mitigation: Retpolines
[    0.144040] Spectre V2 : Spectre v2 / SpectreRSB mitigation: Filling RSB on context switch
[    0.144041] Spectre V2 : Spectre v2 / SpectreRSB : Filling RSB on VMEXIT
[    0.144041] RETBleed: WARNING: Spectre v2 mitigation leaves CPU vulnerable to RETBleed attacks, data leaks possible!
[    0.144399] RETBleed: Vulnerable
[    0.144399] Speculative Store Bypass: Vulnerable
[    0.144404] TAA: Mitigation: TSX disabled
[    0.144405] MMIO Stale Data: Mitigation: Clear CPU buffers
[    0.148623] Freeing SMP alternatives memory: 40K
[    0.260942] smpboot: CPU0: Intel(R) Xeon(R) Silver 4216 CPU @ 2.10GHz (family: 0x6, model: 0x55, stepping: 0x7)
[    0.261128] Performance Events: unsupported p6 CPU model 85 no PMU driver, software events only.
[    0.261177] rcu: Hierarchical SRCU implementation.
[    0.261860] NMI watchdog: Perf NMI watchdog permanently disabled
[    0.261917] smp: Bringing up secondary CPUs ...
[    0.261918] smp: Brought up 1 node, 1 CPU
[    0.261919] smpboot: Max logical packages: 1
[    0.261921] smpboot: Total of 1 processors activated (4200.00 BogoMIPS)
[    0.263140] devtmpfs: initialized
[    0.263207] x86/mm: Memory block size: 128MB
[    0.263579] clocksource: jiffies: mask: 0xffffffff max_cycles: 0xffffffff, max_idle_ns: 7645041785100000 ns
[    0.263579] futex hash table entries: 256 (order: 2, 16384 bytes, linear)
[    0.263579] pinctrl core: initialized pinctrl subsystem
[    0.263579] PM: RTC time: 18:17:04, date: 2026-01-15
[    0.263579] NET: Registered protocol family 16
[    0.263579] audit: initializing netlink subsys (disabled)
[    0.263579] EISA bus registered
[    0.263579] cpuidle: using governor ladder
[    0.263579] cpuidle: using governor menu
[    0.263579] ACPI: bus type PCI registered
[    0.263579] acpiphp: ACPI Hot Plug PCI Controller Driver version: 0.5
[    0.263579] PCI: Using configuration type 1 for base access
[    0.265618] audit: type=2000 audit(1768472230.983:1): state=initialized audit_enabled=0 res=1
[    0.265729] HugeTLB registered 2.00 MiB page size, pre-allocated 0 pages
[    0.266928] ACPI: Added _OSI(Module Device)
[    0.266929] ACPI: Added _OSI(Processor Device)
[    0.266930] ACPI: Added _OSI(3.0 _SCP Extensions)
[    0.266931] ACPI: Added _OSI(Processor Aggregator Device)
[    0.266932] ACPI: Added _OSI(Linux-Dell-Video)
[    0.266933] ACPI: Added _OSI(Linux-Lenovo-NV-HDMI-Audio)
[    0.266934] ACPI: Added _OSI(Linux-HPI-Hybrid-Graphics)
[    0.269766] ACPI: 2 ACPI AML tables successfully acquired and loaded
[    0.271892] ACPI: Interpreter enabled
[    0.271905] ACPI: (supports S0 S5)
[    0.271907] ACPI: Using IOAPIC for interrupt routing
[    0.272166] PCI: Using host bridge windows from ACPI; if necessary, use "pci=nocrs" and report a bug
[    0.272308] ACPI: Enabled 2 GPEs in block 00 to 07
[    0.278970] ACPI: PCI Root Bridge [PCI0] (domain 0000 [bus 00-ff])
[    0.278976] acpi PNP0A03:00: _OSC: OS supports [ASPM ClockPM Segments MSI HPX-Type3]
[    0.279579] acpi PNP0A03:00: _OSC: not requesting OS control; OS requires [ExtendedConfig ASPM ClockPM MSI]
[    0.279579] acpi PNP0A03:00: fail to add MMCONFIG information, can't access extended PCI configuration space under this bridge.
[    0.280038] PCI host bridge to bus 0000:00
[    0.280041] pci_bus 0000:00: root bus resource [io  0x0000-0x0cf7 window]
[    0.280043] pci_bus 0000:00: root bus resource [io  0x0d00-0xffff window]
[    0.280045] pci_bus 0000:00: root bus resource [mem 0x000a0000-0x000bffff window]
[    0.280046] pci_bus 0000:00: root bus resource [mem 0x80000000-0xfdffffff window]
[    0.280048] pci_bus 0000:00: root bus resource [bus 00-ff]
[    0.280103] pci 0000:00:00.0: [8086:1237] type 00 class 0x060000
[    0.281296] pci 0000:00:01.0: [8086:7000] type 00 class 0x060100
[    0.282238] pci 0000:00:01.1: [8086:7111] type 00 class 0x01018a
[    0.282706] pci 0000:00:01.1: reg 0x20: [io  0xd000-0xd00f]
[    0.282992] pci 0000:00:01.1: legacy IDE quirk: reg 0x10: [io  0x01f0-0x01f7]
[    0.282993] pci 0000:00:01.1: legacy IDE quirk: reg 0x14: [io  0x03f6]
[    0.282995] pci 0000:00:01.1: legacy IDE quirk: reg 0x18: [io  0x0170-0x0177]
[    0.282996] pci 0000:00:01.1: legacy IDE quirk: reg 0x1c: [io  0x0376]
[    0.283579] pci 0000:00:02.0: [15ad:0405] type 00 class 0x030000
[    0.287635] pci 0000:00:02.0: reg 0x10: [io  0xd010-0xd01f]
[    0.291648] pci 0000:00:02.0: reg 0x14: [mem 0xe0000000-0xe7ffffff pref]
[    0.295645] pci 0000:00:02.0: reg 0x18: [mem 0xf0000000-0xf01fffff]
[    0.308719] pci 0000:00:03.0: [1022:2000] type 00 class 0x020000
[    0.311738] pci 0000:00:03.0: reg 0x10: [io  0xd020-0xd03f]
[    0.312608] pci 0000:00:03.0: reg 0x14: [mem 0xf0200000-0xf0200fff]
[    0.317479] pci 0000:00:04.0: [80ee:cafe] type 00 class 0x088000
[    0.318384] pci 0000:00:04.0: reg 0x10: [io  0xd040-0xd05f]
[    0.319211] pci 0000:00:04.0: reg 0x14: [mem 0xf0400000-0xf07fffff]
[    0.319740] pci 0000:00:04.0: reg 0x18: [mem 0xf0800000-0xf0803fff pref]
[    0.324957] pci 0000:00:07.0: [8086:7113] type 00 class 0x068000
[    0.325617] pci 0000:00:07.0: quirk: [io  0x4000-0x403f] claimed by PIIX4 ACPI
[    0.325630] pci 0000:00:07.0: quirk: [io  0x4100-0x410f] claimed by PIIX4 SMB
[    0.326458] pci 0000:00:08.0: [8086:100e] type 00 class 0x020000
[    0.327411] pci 0000:00:08.0: reg 0x10: [mem 0xf0820000-0xf083ffff]
[    0.328484] pci 0000:00:08.0: reg 0x18: [io  0xd060-0xd067]
[    0.332716] pci 0000:00:09.0: [8086:100e] type 00 class 0x020000
[    0.333638] pci 0000:00:09.0: reg 0x10: [mem 0xf0840000-0xf085ffff]
[    0.335111] pci 0000:00:09.0: reg 0x18: [io  0xd068-0xd06f]
[    0.349037] ACPI: PCI Interrupt Link [LNKA] (IRQs 5 9 10 *11)
[    0.349458] ACPI: PCI Interrupt Link [LNKB] (IRQs 5 9 *10 11)
[    0.349603] ACPI: PCI Interrupt Link [LNKC] (IRQs 5 *9 10 11)
[    0.349745] ACPI: PCI Interrupt Link [LNKD] (IRQs 5 9 10 *11)
[    0.350104] iommu: Default domain type: Translated 
[    0.351601] pci 0000:00:02.0: vgaarb: setting as boot VGA device
[    0.351603] pci 0000:00:02.0: vgaarb: VGA device added: decodes=io+mem,owns=io+mem,locks=none
[    0.351606] pci 0000:00:02.0: vgaarb: bridge control possible
[    0.351607] vgaarb: loaded
[    0.351897] SCSI subsystem initialized
[    0.351939] libata version 3.00 loaded.
[    0.351974] ACPI: bus type USB registered
[    0.351995] usbcore: registered new interface driver usbfs
[    0.352003] usbcore: registered new interface driver hub
[    0.352010] usbcore: registered new device driver usb
[    0.352050] pps_core: LinuxPPS API ver. 1 registered
[    0.352050] pps_core: Software ver. 5.3.6 - Copyright 2005-2007 Rodolfo Giometti <giometti@linux.it>
[    0.352054] PTP clock support registered
[    0.352103] EDAC MC: Ver: 3.0.0
[    0.352466] PCI: Using ACPI for IRQ routing
[    0.352467] PCI: pci_cache_line_size set to 64 bytes
[    0.352678] e820: reserve RAM buffer [mem 0x0009fc00-0x0009ffff]
[    0.352684] e820: reserve RAM buffer [mem 0x7fff0000-0x7fffffff]
[    0.353648] NetLabel: Initializing
[    0.353649] NetLabel:  domain hash size = 128
[    0.353650] NetLabel:  protocols = UNLABELED CIPSOv4 CALIPSO
[    0.353679] NetLabel:  unlabeled traffic allowed by default
[    0.355002] clocksource: Switched to clocksource kvm-clock
[    0.371175] *** VALIDATE bpf ***
[    0.371175] VFS: Disk quotas dquot_6.6.0
[    0.371175] VFS: Dquot-cache hash table entries: 512 (order 0, 4096 bytes)
[    0.371175] *** VALIDATE ramfs ***
[    0.371175] *** VALIDATE hugetlbfs ***
[    0.371175] AppArmor: AppArmor Filesystem Enabled
[    0.371175] pnp: PnP ACPI init
[    0.371175] pnp 00:00: Plug and Play ACPI device, IDs PNP0303 (active)
[    0.373600] pnp 00:01: Plug and Play ACPI device, IDs PNP0f03 (active)
[    0.374734] pnp: PnP ACPI: found 2 devices
[    0.376267] thermal_sys: Registered thermal governor 'fair_share'
[    0.376268] thermal_sys: Registered thermal governor 'bang_bang'
[    0.376269] thermal_sys: Registered thermal governor 'step_wise'
[    0.376270] thermal_sys: Registered thermal governor 'user_space'
[    0.376271] thermal_sys: Registered thermal governor 'power_allocator'
[    0.380847] clocksource: acpi_pm: mask: 0xffffff max_cycles: 0xffffff, max_idle_ns: 2085701024 ns
[    0.380909] pci_bus 0000:00: resource 4 [io  0x0000-0x0cf7 window]
[    0.380911] pci_bus 0000:00: resource 5 [io  0x0d00-0xffff window]
[    0.380913] pci_bus 0000:00: resource 6 [mem 0x000a0000-0x000bffff window]
[    0.380915] pci_bus 0000:00: resource 7 [mem 0x80000000-0xfdffffff window]
[    0.380995] NET: Registered protocol family 2
[    0.381080] IP idents hash table entries: 32768 (order: 6, 262144 bytes, linear)
[    0.381594] MPTCP tokens hash table entries: 8192 (order: 4, 65536 bytes, linear)
[    0.381621] MPTCP request tokens hash table entries: 8192 (order: 4, 65536 bytes, linear)
[    0.381657] default registered
[    0.381657] default registered
[    0.381658] MPTCP: Stable release v0.96
[    0.381664] tcp_listen_portaddr_hash hash table entries: 1024 (order: 2, 16384 bytes, linear)
[    0.381746] TCP established hash table entries: 16384 (order: 5, 131072 bytes, linear)
[    0.381825] TCP bind hash table entries: 16384 (order: 6, 262144 bytes, linear)
[    0.381864] TCP: Hash tables configured (established 16384 bind 16384)
[    0.382686] UDP hash table entries: 1024 (order: 3, 32768 bytes, linear)
[    0.382701] UDP-Lite hash table entries: 1024 (order: 3, 32768 bytes, linear)
[    0.382750] NET: Registered protocol family 1
[    0.382763] NET: Registered protocol family 44
[    0.382792] pci 0000:00:00.0: Limiting direct PCI/PCI transfers
[    0.382812] pci 0000:00:01.0: Activating ISA DMA hang workarounds
[    0.382897] pci 0000:00:02.0: Video device with shadowed ROM at [mem 0x000c0000-0x000dffff]
[    0.382980] PCI: CLS 0 bytes, default 64
[    0.383043] Trying to unpack rootfs image as initramfs...
[    0.552036] Freeing initrd memory: 47868K
[    0.552036] clocksource: tsc: mask: 0xffffffffffffffff max_cycles: 0x1e4530a99b6, max_idle_ns: 440795257976 ns
[    0.552036] clocksource: Switched to clocksource tsc
[    0.552036] platform rtc_cmos: registered platform RTC device (no PNP device found)
[    0.552036] check: Scanning for low memory corruption every 60 seconds
[    0.552036] Initialise system trusted keyrings
[    0.552036] Key type blacklist registered
[    0.552036] workingset: timestamp_bits=36 max_order=19 bucket_order=0
[    0.552036] zbud: loaded
[    0.552036] squashfs: version 4.0 (2009/01/31) Phillip Lougher
[    0.552036] fuse: init (API version 7.31)
[    0.552036] *** VALIDATE fuse ***
[    0.552036] *** VALIDATE fuse ***
[    0.552036] Platform Keyring initialized
[    0.552036] Key type asymmetric registered
[    0.552036] Asymmetric key parser 'x509' registered
[    0.552036] Block layer SCSI generic (bsg) driver version 0.4 loaded (major 244)
[    0.552036] io scheduler mq-deadline registered
[    0.552036] shpchp: Standard Hot Plug PCI Controller Driver version: 0.4
[    0.566001] ACPI: AC Adapter [AC] (on-line)
[    0.566048] input: Power Button as /devices/LNXSYSTM:00/LNXPWRBN:00/input/input0
[    0.566074] ACPI: Power Button [PWRF]
[    0.566159] input: Sleep Button as /devices/LNXSYSTM:00/LNXSLPBN:00/input/input1
[    0.566173] ACPI: Sleep Button [SLPF]
[    0.566399] Serial: 8250/16550 driver, 32 ports, IRQ sharing enabled
[    0.567581] Linux agpgart interface v0.103
[    0.663154] loop: module loaded
[    0.663282] ata_piix 0000:00:01.1: version 2.13
[    0.663667] scsi host0: ata_piix
[    0.663755] scsi host1: ata_piix
[    0.663780] ata1: PATA max UDMA/33 cmd 0x1f0 ctl 0x3f6 bmdma 0xd000 irq 14
[    0.663781] ata2: PATA max UDMA/33 cmd 0x170 ctl 0x376 bmdma 0xd008 irq 15
[    0.663854] tun: Universal TUN/TAP device driver, 1.6
[    0.664159] PPP generic driver version 2.4.2
[    0.664199] VFIO - User Level meta-driver version: 0.3
[    0.664429] ehci_hcd: USB 2.0 'Enhanced' Host Controller (EHCI) Driver
[    0.664434] ehci-pci: EHCI PCI platform driver
[    0.664446] ehci-platform: EHCI generic platform driver
[    0.664451] ohci_hcd: USB 1.1 'Open' Host Controller (OHCI) Driver
[    0.664452] ohci-pci: OHCI PCI platform driver
[    0.664459] ohci-platform: OHCI generic platform driver
[    0.664463] uhci_hcd: USB Universal Host Controller Interface driver
[    0.664525] i8042: PNP: PS/2 Controller [PNP0303:PS2K,PNP0f03:PS2M] at 0x60,0x64 irq 1,12
[    0.664961] serio: i8042 KBD port at 0x60,0x64 irq 1
[    0.664964] serio: i8042 AUX port at 0x60,0x64 irq 12
[    0.665048] mousedev: PS/2 mouse device common for all mice
[    0.665296] input: AT Translated Set 2 keyboard as /devices/platform/i8042/serio0/input/input2
[    0.665690] rtc_cmos rtc_cmos: registered as rtc0
[    0.665703] rtc_cmos rtc_cmos: alarms up to one day, 114 bytes nvram
[    0.665708] i2c /dev entries driver
[    0.665748] device-mapper: uevent: version 1.0.3
[    0.665789] device-mapper: ioctl: 4.41.0-ioctl (2019-09-16) initialised: dm-devel@redhat.com
[    0.665804] platform eisa.0: Probing EISA bus 0
[    0.665805] platform eisa.0: EISA: Cannot allocate resource for mainboard
[    0.665806] platform eisa.0: Cannot allocate resource for EISA slot 1
[    0.665807] platform eisa.0: Cannot allocate resource for EISA slot 2
[    0.665808] platform eisa.0: Cannot allocate resource for EISA slot 3
[    0.665809] platform eisa.0: Cannot allocate resource for EISA slot 4
[    0.665810] platform eisa.0: Cannot allocate resource for EISA slot 5
[    0.665811] platform eisa.0: Cannot allocate resource for EISA slot 6
[    0.665812] platform eisa.0: Cannot allocate resource for EISA slot 7
[    0.665813] platform eisa.0: Cannot allocate resource for EISA slot 8
[    0.665814] platform eisa.0: EISA: Detected 0 cards
[    0.665816] intel_pstate: CPU model not supported
[    0.665824] ledtrig-cpu: registered to indicate activity on CPUs
[    0.665876] drop_monitor: Initializing network drop monitor service
[    0.666032] NET: Registered protocol family 10
[    0.671067] Segment Routing with IPv6
[    0.671097] fullmesh registered
[    0.671098] ndiffports registered
[    0.671100] binder registered
[    0.671101] roundrobin registered
[    0.671102] redundant registered
[    0.671102] blest registered
[    0.671103] ecf registered
[    0.671104] NET: Registered protocol family 17
[    0.671133] Key type dns_resolver registered
[    0.671133] RAS: Correctable Errors collector initialized.
[    0.671133] IPI shorthand broadcast: enabled
[    0.671133] sched_clock: Marking stable (656038624, 11094811)->(670663195, -3529760)
[    0.671317] registered taskstats version 1
[    0.671326] Loading compiled-in X.509 certificates
[    0.671914] Loaded X.509 cert 'Build time autogenerated kernel key: 6909f3744cebb3d0de528d5887b96a727de79b1e'
[    0.671931] zswap: loaded using pool lzo/zbud
[    0.671982] Key type ._fscrypt registered
[    0.671982] Key type .fscrypt registered
[    0.676593] Key type big_key registered
[    0.678779] Key type encrypted registered
[    0.678781] AppArmor: AppArmor sha1 policy hashing enabled
[    0.678789] ima: No TPM chip found, activating TPM-bypass!
[    0.678792] ima: Allocated hash algorithm: sha1
[    0.678797] ima: No architecture policies found
[    0.678807] evm: Initialising EVM extended attributes:
[    0.678807] evm: security.selinux
[    0.678808] evm: security.SMACK64
[    0.678808] evm: security.SMACK64EXEC
[    0.678809] evm: security.SMACK64TRANSMUTE
[    0.678809] evm: security.SMACK64MMAP
[    0.678810] evm: security.apparmor
[    0.678810] evm: security.ima
[    0.678811] evm: security.capability
[    0.678811] evm: HMAC attrs: 0x1
[    0.679107] PM:   Magic number: 10:724:291
[    0.679125] tty tty24: hash matches
[    0.679228] rtc_cmos rtc_cmos: setting system clock to 2026-01-15T18:17:05 UTC (1768501025)
[    0.837246] ata1.00: ATA-6: VBOX HARDDISK, 1.0, max UDMA/133
[    0.837250] ata1.00: 209715200 sectors, multi 128: LBA 
[    0.837884] scsi 0:0:0:0: Direct-Access     ATA      VBOX HARDDISK    1.0  PQ: 0 ANSI: 5
[    0.838165] sd 0:0:0:0: [sda] 209715200 512-byte logical blocks: (107 GB/100 GiB)
[    0.838177] sd 0:0:0:0: [sda] Write Protect is off
[    0.838179] sd 0:0:0:0: [sda] Mode Sense: 00 3a 00 00
[    0.838198] sd 0:0:0:0: [sda] Write cache: enabled, read cache: enabled, doesn't support DPO or FUA
[    0.838505] sd 0:0:0:0: Attached scsi generic sg0 type 0
[    0.839427]  sda: sda1 sda2
[    0.851327] sd 0:0:0:0: [sda] Attached SCSI disk
[    0.854439] Freeing unused decrypted memory: 2040K
[    0.855377] Freeing unused kernel image memory: 2728K
[    0.855379] Write protecting the kernel read-only data: 22528k
[    0.856350] Freeing unused kernel image memory: 2036K
[    0.856886] Freeing unused kernel image memory: 1432K
[    0.888323] x86/mm: Checked W+X mappings: passed, no W+X pages found.
[    0.888328] Run /init as init process
[    0.986523] ACPI: Video Device [GFX0] (multi-head: yes  rom: no  post: no)
[    0.986591] input: Video Bus as /devices/LNXSYSTM:00/LNXSYBUS:00/PNP0A03:00/LNXVIDEO:00/input/input4
[    0.998644] pcnet32: pcnet32.c:v1.35 21.Apr.2008 tsbogend@alpha.franken.de
[    1.000500] piix4_smbus 0000:00:07.0: SMBus Host Controller at 0x4100, revision 0
[    1.003097] e1000: Intel(R) PRO/1000 Network Driver - version 7.3.21-k8-NAPI
[    1.003097] e1000: Copyright (c) 1999-2006 Intel Corporation.
[    1.008036] pcnet32: PCnet/FAST III 79C973 at 0xd020, 08:00:27:e2:94:36 assigned IRQ 19
[    1.008082] pcnet32: Found PHY 0022:561b at address 0
[    1.008386] pcnet32: eth0: registered as PCnet/FAST III 79C973
[    1.019975] pcnet32: 1 cards_found
[    1.071288] pcnet32 0000:00:03.0 enp0s3: renamed from eth0
[    1.221626] input: ImExPS/2 Generic Explorer Mouse as /devices/platform/i8042/serio1/input/input5
[    1.415651] e1000 0000:00:08.0 eth0: (PCI:33MHz:32-bit) 08:00:27:c9:1f:a6
[    1.415655] e1000 0000:00:08.0 eth0: Intel(R) PRO/1000 Network Connection
[    1.791610] e1000 0000:00:09.0 eth1: (PCI:33MHz:32-bit) 08:00:27:d2:80:f0
[    1.791614] e1000 0000:00:09.0 eth1: Intel(R) PRO/1000 Network Connection
[    1.792775] e1000 0000:00:09.0 enp0s9: renamed from eth1
[    1.794564] e1000 0000:00:08.0 enp0s8: renamed from eth0
[    1.928922] EXT4-fs (sda2): mounted filesystem with ordered data mode. Opts: (null)
[    2.012957] systemd[1]: Inserted module 'autofs4'
[    2.021880] systemd[1]: systemd 245.4-4ubuntu3 running in system mode. (+PAM +AUDIT +SELINUX +IMA +APPARMOR +SMACK +SYSVINIT +UTMP +LIBCRYPTSETUP +GCRYPT +GNUTLS +ACL +XZ +LZ4 +SECCOMP +BLKID +ELFUTILS +KMOD +IDN2 -IDN +PCRE2 default-hierarchy=hybrid)
[    2.021910] systemd[1]: Detected virtualization oracle.
[    2.021913] systemd[1]: Detected architecture x86-64.
[    2.023242] systemd[1]: Set hostname to <ztg>.
[    2.145761] systemd[1]: /lib/systemd/system/dbus.socket:5: ListenStream= references a path below legacy directory /var/run/, updating /var/run/dbus/system_bus_socket â†’ /run/dbus/system_bus_socket; please update the unit file accordingly.
[    2.197639] systemd[1]: Created slice system-modprobe.slice.
[    2.197822] systemd[1]: Created slice User and Session Slice.
[    2.197863] systemd[1]: Started Forward Password Requests to Wall Directory Watch.
[    2.198024] systemd[1]: Set up automount Arbitrary Executable File Formats File System Automount Point.
[    2.198067] systemd[1]: Reached target User and Group Name Lookups.
[    2.198076] systemd[1]: Reached target Remote File Systems.
[    2.198083] systemd[1]: Reached target Slices.
[    2.198554] systemd[1]: Listening on Syslog Socket.
[    2.198618] systemd[1]: Listening on fsck to fsckd communication Socket.
[    2.198656] systemd[1]: Listening on initctl Compatibility Named Pipe.
[    2.198789] systemd[1]: Listening on Journal Audit Socket.
[    2.198840] systemd[1]: Listening on Journal Socket (/dev/log).
[    2.198904] systemd[1]: Listening on Journal Socket.
[    2.198970] systemd[1]: Listening on udev Control Socket.
[    2.199009] systemd[1]: Listening on udev Kernel Socket.
[    2.199797] systemd[1]: Mounting Huge Pages File System...
[    2.200683] systemd[1]: Mounting POSIX Message Queue File System...
[    2.201538] systemd[1]: Mounting Kernel Debug File System...
[    2.202373] systemd[1]: Mounting Kernel Trace File System...
[    2.204548] systemd[1]: Starting Journal Service...
[    2.225806] systemd[1]: Starting Set the console keyboard layout...
[    2.233664] systemd[1]: Starting Create list of static device nodes for the current kernel...
[    2.235479] systemd[1]: Starting Load Kernel Module drm...
[    2.236442] systemd[1]: Condition check resulted in Set Up Additional Binary Formats being skipped.
[    2.236487] systemd[1]: Condition check resulted in File System Check on Root Device being skipped.
[    2.247957] systemd[1]: Starting Load Kernel Modules...
[    2.256878] systemd[1]: Starting Remount Root and Kernel File Systems...
[    2.266077] systemd[1]: Starting udev Coldplug all Devices...
[    2.274332] systemd[1]: Starting Uncomplicated firewall...
[    2.295310] EXT4-fs (sda2): re-mounted. Opts: errors=remount-ro
[    2.300703] systemd[1]: Mounted Huge Pages File System.
[    2.300797] systemd[1]: Mounted POSIX Message Queue File System.
[    2.300876] systemd[1]: Mounted Kernel Debug File System.
[    2.300945] systemd[1]: Mounted Kernel Trace File System.
[    2.308530] systemd[1]: Finished Create list of static device nodes for the current kernel.
[    2.308857] systemd[1]: modprobe@drm.service: Succeeded.
[    2.309267] systemd[1]: Finished Load Kernel Module drm.
[    2.309797] systemd[1]: Finished Remount Root and Kernel File Systems.
[    2.327044] systemd[1]: Finished Uncomplicated firewall.
[    2.343518] lp: driver loaded but no devices found
[    2.346911] systemd[1]: Condition check resulted in Rebuild Hardware Database being skipped.
[    2.346947] systemd[1]: Condition check resulted in Platform Persistent Storage Archival being skipped.
[    2.347615] systemd[1]: Starting Load/Save Random Seed...
[    2.352195] systemd[1]: Starting Create System Users...
[    2.357466] ppdev: user-space parallel port driver
[    2.367104] systemd[1]: Finished Load/Save Random Seed.
[    2.371029] systemd[1]: Finished Create System Users.
[    2.371836] systemd[1]: Starting Create Static Device Nodes in /dev...
[    2.404698] systemd[1]: Finished Create Static Device Nodes in /dev.
[    2.405455] systemd[1]: Starting udev Kernel Device Manager...
[    2.431794] systemd[1]: Finished udev Coldplug all Devices.
[    2.434909] [drm] DMA map mode: Caching DMA mappings.
[    2.434971] [drm] Capabilities:
[    2.434972] [drm]   Rect copy.
[    2.434972] [drm]   Cursor.
[    2.434972] [drm]   Cursor bypass.
[    2.434973] [drm]   Cursor bypass 2.
[    2.434973] [drm]   Alpha cursor.
[    2.434973] [drm]   Extended Fifo.
[    2.434974] [drm]   Pitchlock.
[    2.434974] [drm]   Irq mask.
[    2.434975] [drm]   GMR.
[    2.434975] [drm]   Traces.
[    2.434975] [drm]   GMR2.
[    2.434976] [drm]   Screen Object 2.
[    2.434976] [drm]   Command Buffers.
[    2.434976] [drm]   Command Buffers 2.
[    2.434977] [drm]   Guest Backed Resources.
[    2.434978] [drm] Max GMR ids is 8192
[    2.434978] [drm] Max number of GMR pages is 1048576
[    2.434979] [drm] Max dedicated hypervisor surface memory is 393216 kiB
[    2.434979] [drm] Maximum display memory size is 131072 kiB
[    2.434980] [drm] VRAM at 0xe0000000 size is 131072 kiB
[    2.434980] [drm] MMIO at 0xf0000000 size is 2048 kiB
[    2.440604] [TTM] Zone  kernel: Available graphics memory: 1011738 KiB
[    2.440604] [TTM] Initializing pool allocator
[    2.440608] [TTM] Initializing DMA pool allocator
[    2.440637] [drm] Supports vblank timestamp caching Rev 2 (21.10.2013).
[    2.440637] [drm] No driver support for vblank timestamp query.
[    2.440848] [drm] Screen Target Display device initialized
[    2.441067] [drm] width 720
[    2.441079] [drm] height 400
[    2.441083] [drm] bpp 32
[    2.441571] [drm] Fifo max 0x00200000 min 0x00001000 cap 0x00000355
[    2.442676] [drm] Using command buffers with DMA pool.
[    2.442680] [drm] DX: no.
[    2.442681] [drm] Atomic: yes.
[    2.442681] [drm] SM4_1: no.
[    2.442700] [drm:vmw_host_log [vmwgfx]] *ERROR* Failed to send host log message.
[    2.443891] [drm:vmw_host_log [vmwgfx]] *ERROR* Failed to send host log message.
[    2.456878] fbcon: svgadrmfb (fb0) is primary device
[    2.458986] Console: switching to colour frame buffer device 100x37
[    2.468033] [drm] Initialized vmwgfx 2.15.0 20180704 for 0000:00:02.0 on minor 0
[    2.469590] systemd[1]: Finished Load Kernel Modules.
[    2.470509] systemd[1]: Mounting FUSE Control File System...
[    2.472659] systemd[1]: Mounting Kernel Configuration File System...
[    2.504790] systemd[1]: Starting Apply Kernel Variables...
[    2.510815] systemd[1]: Mounted FUSE Control File System.
[    2.510885] systemd[1]: Condition check resulted in VMware vmblock fuse mount being skipped.
[    2.516480] systemd[1]: Mounted Kernel Configuration File System.
[    2.526372] systemd[1]: Finished Apply Kernel Variables.
[    2.531780] systemd[1]: Finished Set the console keyboard layout.
[    2.531862] systemd[1]: Reached target Local File Systems (Pre).
[    2.533788] systemd[1]: Mounting Mount unit for bare, revision 5...
[    2.535924] systemd[1]: Mounting Mount unit for core18, revision 1705...
[    2.540977] systemd[1]: Mounting Mount unit for gnome-3-34-1804, revision 24...
[    2.563932] systemd[1]: Mounting Mount unit for gtk-common-themes, revision 1506...
[    2.574059] systemd[1]: Mounting Mount unit for gtk-common-themes, revision 1535...
[    2.579509] systemd[1]: Mounting Mount unit for snap-store, revision 433...
[    2.586592] systemd[1]: Mounting Mount unit for snapd, revision 25935...
[    2.613147] systemd[1]: Mounted Mount unit for bare, revision 5.
[    2.616095] systemd[1]: Started udev Kernel Device Manager.
[    2.616201] systemd[1]: Mounted Mount unit for core18, revision 1705.
[    2.634225] systemd[1]: Starting Show Plymouth Boot Screen...
[    2.636740] systemd[1]: Received SIGRTMIN+20 from PID 275 (plymouthd).
[    2.659703] systemd[1]: Mounted Mount unit for gnome-3-34-1804, revision 24.
[    2.659865] systemd[1]: Mounted Mount unit for gtk-common-themes, revision 1506.
[    2.659976] systemd[1]: Started Show Plymouth Boot Screen.
[    2.660090] systemd[1]: Condition check resulted in Dispatch Password Requests to Console Directory Watch being skipped.
[    2.660186] systemd[1]: Started Forward Password Requests to Plymouth Directory Watch.
[    2.660225] systemd[1]: Reached target Local Encrypted Volumes.
[    2.759510] systemd[1]: Mounted Mount unit for gtk-common-themes, revision 1535.
[    2.759781] systemd[1]: Mounted Mount unit for snap-store, revision 433.
[    2.759978] systemd[1]: Mounted Mount unit for snapd, revision 25935.
[    2.760135] systemd[1]: Reached target Local File Systems.
[    2.762440] systemd[1]: Starting Load AppArmor profiles...
[    2.763382] systemd[1]: Starting Set console font and keymap...
[    2.776739] systemd[1]: Starting Tell Plymouth To Write Out Runtime Data...
[    2.778168] systemd[1]: Condition check resulted in Store a System Token in an EFI Variable being skipped.
[    2.778218] systemd[1]: Condition check resulted in Commit a transient machine-id on disk being skipped.
[    2.782431] systemd[1]: Finished Set console font and keymap.
[    2.791509] systemd[1]: Received SIGRTMIN+20 from PID 275 (plymouthd).
[    2.793724] systemd[1]: plymouth-read-write.service: Succeeded.
[    2.794022] systemd[1]: Finished Tell Plymouth To Write Out Runtime Data.
[    2.819024] audit: type=1400 audit(1768501027.632:2): apparmor="STATUS" operation="profile_load" profile="unconfined" name="nvidia_modprobe" pid=301 comm="apparmor_parser"
[    2.819027] audit: type=1400 audit(1768501027.632:3): apparmor="STATUS" operation="profile_load" profile="unconfined" name="nvidia_modprobe//kmod" pid=301 comm="apparmor_parser"
[    2.830401] audit: type=1400 audit(1768501027.644:4): apparmor="STATUS" operation="profile_load" profile="unconfined" name="/usr/sbin/tcpdump" pid=302 comm="apparmor_parser"
[    2.879407] audit: type=1400 audit(1768501027.688:5): apparmor="STATUS" operation="profile_load" profile="unconfined" name="/usr/bin/evince" pid=304 comm="apparmor_parser"
[    2.879411] audit: type=1400 audit(1768501027.688:6): apparmor="STATUS" operation="profile_load" profile="unconfined" name="/usr/bin/evince//sanitized_helper" pid=304 comm="apparmor_parser"
[    2.879412] audit: type=1400 audit(1768501027.688:7): apparmor="STATUS" operation="profile_load" profile="unconfined" name="/usr/bin/evince-previewer" pid=304 comm="apparmor_parser"
[    2.879414] audit: type=1400 audit(1768501027.688:8): apparmor="STATUS" operation="profile_load" profile="unconfined" name="/usr/bin/evince-previewer//sanitized_helper" pid=304 comm="apparmor_parser"
[    2.879415] audit: type=1400 audit(1768501027.688:9): apparmor="STATUS" operation="profile_load" profile="unconfined" name="/usr/bin/evince-thumbnailer" pid=304 comm="apparmor_parser"
[    2.892919] audit: type=1400 audit(1768501027.712:10): apparmor="STATUS" operation="profile_load" profile="unconfined" name="/usr/lib/cups/backend/cups-pdf" pid=305 comm="apparmor_parser"
[    2.958797] systemd[1]: Finished Load AppArmor profiles.
[    2.959803] systemd[1]: Starting Load AppArmor profiles managed internally by snapd...
[    3.074106] systemd[1]: Finished Load AppArmor profiles managed internally by snapd.
[    3.209952] systemd[1]: Started Journal Service.
[    3.217375] systemd-journald[229]: Received client request to flush runtime journal.
[    3.219878] systemd-journald[229]: File /var/log/journal/c455b248004a419c87ce85eea238d727/system.journal corrupted or uncleanly shut down, renaming and replacing.
[    4.470566] RAPL PMU: API unit is 2^-32 Joules, 0 fixed counters, 10737418240 ms ovfl timer
[    4.519753] cryptd: max_cpu_qlen set to 1000
[    4.598734] AVX2 version of gcm_enc/dec engaged.
[    4.598735] AES CTR mode by8 optimization enabled
[    6.400933] Adding 1998844k swap on /dev/sda1.  Priority:-2 extents:1 across:1998844k FS
[    7.660678] kauditd_printk_skb: 30 callbacks suppressed
[    7.660679] audit: type=1400 audit(1768501032.472:41): apparmor="DENIED" operation="capable" profile="/usr/sbin/cups-browsed" pid=508 comm="cups-browsed" capability=23  capname="sys_nice"
[    8.882578] pcnet32 0000:00:03.0 enp0s3: link up, 100Mbps, full-duplex
[    8.910746] e1000: enp0s8 NIC Link is Up 1000 Mbps Full Duplex, Flow Control: RX
[    8.911303] IPv6: ADDRCONF(NETDEV_CHANGE): enp0s8: link becomes ready
[    8.936846] e1000: enp0s9 NIC Link is Up 1000 Mbps Full Duplex, Flow Control: RX
[    8.937171] IPv6: ADDRCONF(NETDEV_CHANGE): enp0s9: link becomes ready
[    9.704187] device enp0s3 entered promiscuous mode
[    9.750541] audit: type=1400 audit(1768501034.568:42): apparmor="DENIED" operation="open" profile="/usr/sbin/tcpdump" name="/proc/sys/kernel/random/boot_id" pid=634 comm="tcpdump" requested_mask="r" denied_mask="r" fsuid=0 ouid=0
[    9.750850] audit: type=1400 audit(1768501034.568:43): apparmor="DENIED" operation="open" profile="/usr/sbin/tcpdump" name="/proc/sys/kernel/random/boot_id" pid=634 comm="tcpdump" requested_mask="r" denied_mask="r" fsuid=0 ouid=0
[    9.750999] audit: type=1400 audit(1768501034.568:44): apparmor="DENIED" operation="open" profile="/usr/sbin/tcpdump" name="/proc/sys/kernel/random/boot_id" pid=634 comm="tcpdump" requested_mask="r" denied_mask="r" fsuid=0 ouid=0
[    9.751079] audit: type=1400 audit(1768501034.568:45): apparmor="DENIED" operation="open" profile="/usr/sbin/tcpdump" name="/proc/sys/kernel/random/boot_id" pid=634 comm="tcpdump" requested_mask="r" denied_mask="r" fsuid=0 ouid=0
[    9.760318] audit: type=1400 audit(1768501034.576:46): apparmor="DENIED" operation="open" profile="/usr/sbin/tcpdump" name="/proc/sys/kernel/random/boot_id" pid=635 comm="tcpdump" requested_mask="r" denied_mask="r" fsuid=0 ouid=0
[    9.760887] audit: type=1400 audit(1768501034.576:47): apparmor="DENIED" operation="open" profile="/usr/sbin/tcpdump" name="/proc/sys/kernel/random/boot_id" pid=635 comm="tcpdump" requested_mask="r" denied_mask="r" fsuid=0 ouid=0
[    9.760935] audit: type=1400 audit(1768501034.576:48): apparmor="DENIED" operation="open" profile="/usr/sbin/tcpdump" name="/proc/sys/kernel/random/boot_id" pid=635 comm="tcpdump" requested_mask="r" denied_mask="r" fsuid=0 ouid=0
[    9.760960] audit: type=1400 audit(1768501034.576:49): apparmor="DENIED" operation="open" profile="/usr/sbin/tcpdump" name="/proc/sys/kernel/random/boot_id" pid=635 comm="tcpdump" requested_mask="r" denied_mask="r" fsuid=0 ouid=0
[   16.632108] rfkill: input handler disabled
[  152.400964] AAAAA-TCP_FORW: name:enp0s3: saddr:33561200: daddr:100932208
[  152.714602] AAAAA-TCP_FORW: name:enp0s3: saddr:16783984: daddr:100932208
[  152.841845] AAAAA-TCP_FORW: name:enp0s3: saddr:100932208: daddr:33561200
[  153.000439] AAAAA-TCP_FORW: name:enp0s3: saddr:16783984: daddr:100932208
[  153.018386] AAAAA-TCP_FORW: name:enp0s3: saddr:100932208: daddr:16783984
[  153.052122] AAAAA-TCP_FORW: name:enp0s3: saddr:33561200: daddr:100932208
[  153.253336] AAAAA-TCP_FORW: name:enp0s3: saddr:16783984: daddr:100932208
[  153.279120] AAAAA-TCP_FORW: name:enp0s3: saddr:100932208: daddr:16783984
[  153.436880] AAAAA-TCP_FORW: name:enp0s3: saddr:100932208: daddr:16783984
[  153.469776] AAAAA-TCP_FORW: name:enp0s3: saddr:100932208: daddr:16783984
[  153.524219] AAAAA-TCP_FORW: name:enp0s3: saddr:100932208: daddr:16783984
[  153.611372] AAAAA-TCP_FORW: name:enp0s3: saddr:100932208: daddr:16783984
[  153.666456] AAAAA-TCP_FORW: name:enp0s3: saddr:100932208: daddr:16783984
[  153.853166] AAAAA-TCP_FORW: name:enp0s3: saddr:100932208: daddr:33561200
[  153.869636] AAAAA-TCP_FORW: name:enp0s3: saddr:100932208: daddr:16783984
[  153.909501] AAAAA-TCP_FORW: name:enp0s3: saddr:100932208: daddr:16783984
[  153.983016] AAAAA-TCP_FORW: name:enp0s3: saddr:16783984: daddr:100932208
[  154.029210] AAAAA-TCP_FORW: name:enp0s3: saddr:16783984: daddr:100932208
[  154.088095] AAAAA-TCP_FORW: name:enp0s3: saddr:33561200: daddr:100932208
[  154.135033] AAAAA-TCP_FORW: name:enp0s3: saddr:100932208: daddr:16783984
[  154.147922] AAAAA-TCP_FORW: name:enp0s3: saddr:16783984: daddr:100932208
[  154.207549] AAAAA-TCP_FORW: name:enp0s3: saddr:16783984: daddr:100932208
[  154.250296] AAAAA-TCP_FORW: name:enp0s3: saddr:16783984: daddr:100932208
[  154.278026] AAAAA-TCP_FORW: name:enp0s3: saddr:100932208: daddr:33561200
[  154.294361] AAAAA-TCP_FORW: name:enp0s3: saddr:16783984: daddr:100932208
[  154.366894] AAAAA-TCP_FORW: name:enp0s3: saddr:100932208: daddr:16783984
[  154.384114] AAAAA-TCP_FORW: name:enp0s3: saddr:100932208: daddr:16783984
[  154.399437] AAAAA-TCP_FORW: name:enp0s3: saddr:33561200: daddr:100932208
[  154.440163] AAAAA-TCP_FORW: name:enp0s3: saddr:16783984: daddr:100932208
[  154.506787] AAAAA-TCP_FORW: name:enp0s3: saddr:16783984: daddr:100932208
[  154.712000] AAAAA-TCP_FORW: name:enp0s3: saddr:16783984: daddr:100932208
[  154.770474] AAAAA-TCP_FORW: name:enp0s3: saddr:100932208: daddr:16783984
[  154.831273] AAAAA-TCP_FORW: name:enp0s3: saddr:100932208: daddr:16783984
[  154.892226] AAAAA-TCP_FORW: name:enp0s3: saddr:33561200: daddr:100932208
[  155.036268] AAAAA-TCP_FORW: name:enp0s3: saddr:16783984: daddr:100932208
[  155.053807] AAAAA-TCP_FORW: name:enp0s3: saddr:100932208: daddr:16783984
[  155.104692] AAAAA-TCP_FORW: name:enp0s3: saddr:16783984: daddr:100932208
[  155.134258] AAAAA-TCP_FORW: name:enp0s3: saddr:100932208: daddr:16783984
[  155.334007] AAAAA-TCP_FORW: name:enp0s3: saddr:16783984: daddr:100932208
[  155.356210] AAAAA-TCP_FORW: name:enp0s3: saddr:100932208: daddr:33561200
[  155.487630] AAAAA-TCP_FORW: name:enp0s3: saddr:100932208: daddr:16783984
[  155.524768] AAAAA-TCP_FORW: name:enp0s3: saddr:100932208: daddr:16783984
[  155.584363] AAAAA-TCP_FORW: name:enp0s3: saddr:33561200: daddr:100932208
[  155.638732] AAAAA-TCP_FORW: name:enp0s3: saddr:16783984: daddr:100932208
[  155.745279] AAAAA-TCP_FORW: name:enp0s3: saddr:16783984: daddr:100932208
[  155.793834] AAAAA-TCP_FORW: name:enp0s3: saddr:16783984: daddr:100932208
[  155.942528] AAAAA-TCP_FORW: name:enp0s3: saddr:16783984: daddr:100932208
[  156.014441] AAAAA-TCP_FORW: name:enp0s3: saddr:16783984: daddr:100932208
[  156.070827] AAAAA-TCP_FORW: name:enp0s3: saddr:16783984: daddr:100932208
[  156.137291] AAAAA-TCP_FORW: name:enp0s3: saddr:33561200: daddr:100932208
[  156.226571] AAAAA-TCP_FORW: name:enp0s3: saddr:16783984: daddr:100932208
[  156.287643] AAAAA-TCP_FORW: name:enp0s3: saddr:16783984: daddr:100932208
[  156.325689] AAAAA-TCP_FORW: name:enp0s3: saddr:16783984: daddr:100932208
[  156.384382] AAAAA-TCP_FORW: name:enp0s3: saddr:16783984: daddr:100932208
[  156.451242] AAAAA-TCP_FORW: name:enp0s3: saddr:16783984: daddr:100932208
[  192.872902] AAAAA-TCP_FORW: name:enp0s3: saddr:16783984: daddr:100932208
[  193.010070] AAAAA-TCP_FORW: name:enp0s3: saddr:16783984: daddr:100932208
[  193.724902] AAAAA-TCP_FORW: name:enp0s3: saddr:16783984: daddr:100932208
[  194.308603] AAAAA-TCP_FORW: name:enp0s3: saddr:16783984: daddr:100932208
[  194.439866] AAAAA-TCP_FORW: name:enp0s3: saddr:16783984: daddr:100932208
[  194.950967] AAAAA-TCP_FORW: name:enp0s3: saddr:16783984: daddr:100932208
[  200.999167] AAAAA-TCP_FORW: name:enp0s3: saddr:16783984: daddr:100932208
[  201.717547] AAAAA-TCP_FORW: name:enp0s3: saddr:16783984: daddr:100932208
[  202.166324] AAAAA-TCP_FORW: name:enp0s3: saddr:16783984: daddr:100932208
[  202.760423] AAAAA-TCP_FORW: name:enp0s3: saddr:16783984: daddr:100932208
[  202.894084] AAAAA-TCP_FORW: name:enp0s3: saddr:16783984: daddr:100932208
[  203.235955] AAAAA-TCP_FORW: name:enp0s3: saddr:16783984: daddr:100932208
[  203.296675] AAAAA-TCP_FORW: name:enp0s3: saddr:33561200: daddr:100932208
[  203.448512] AAAAA-TCP_FORW: name:enp0s3: saddr:16783984: daddr:100932208
[  204.137814] AAAAA-TCP_FORW: name:enp0s3: saddr:16783984: daddr:100932208
[  204.304523] AAAAA-TCP_FORW: name:enp0s3: saddr:16783984: daddr:100932208
[  204.515347] AAAAA-TCP_FORW: name:enp0s3: saddr:16783984: daddr:100932208
[  204.795562] AAAAA-TCP_FORW: name:enp0s3: saddr:16783984: daddr:100932208
[  205.043334] AAAAA-TCP_FORW: name:enp0s3: saddr:16783984: daddr:100932208
[  205.397860] AAAAA-TCP_FORW: name:enp0s3: saddr:16783984: daddr:100932208
[  205.595859] AAAAA-TCP_FORW: name:enp0s3: saddr:16783984: daddr:100932208
[  205.734850] AAAAA-TCP_FORW: name:enp0s3: saddr:16783984: daddr:100932208
[  522.187042] rfkill: input handler enabled
[  530.589586] rfkill: input handler disabled
[  750.617920] device enp0s3 left promiscuous mode
