[    0.000000] Linux version 5.4.243-mptcp (root@ztg) (gcc version 12.2.0 (Debian 12.2.0-14+deb12u1)) #53 SMP Wed Dec 24 23:28:15 CST 2025
[    0.000000] Command line: BOOT_IMAGE=/boot/vmlinuz-5.4.243-mptcp root=UUID=98415a12-53b7-4144-8265-0f7ece09e445 ro quiet splash
[    0.000000] KERNEL supported cpus:
[    0.000000]   Intel GenuineIntel
[    0.000000]   AMD AuthenticAMD
[    0.000000]   Hygon HygonGenuine
[    0.000000]   Centaur CentaurHauls
[    0.000000]   zhaoxin   Shanghai  
[    0.000000] x86/fpu: Supporting XSAVE feature 0x001: 'x87 floating point registers'
[    0.000000] x86/fpu: Supporting XSAVE feature 0x002: 'SSE registers'
[    0.000000] x86/fpu: Supporting XSAVE feature 0x004: 'AVX registers'
[    0.000000] x86/fpu: xstate_offset[2]:  576, xstate_sizes[2]:  256
[    0.000000] x86/fpu: Enabled xstate features 0x7, context size is 832 bytes, using 'standard' format.
[    0.000000] BIOS-provided physical RAM map:
[    0.000000] BIOS-e820: [mem 0x0000000000000000-0x000000000009fbff] usable
[    0.000000] BIOS-e820: [mem 0x000000000009fc00-0x000000000009ffff] reserved
[    0.000000] BIOS-e820: [mem 0x00000000000f0000-0x00000000000fffff] reserved
[    0.000000] BIOS-e820: [mem 0x0000000000100000-0x000000007ffeffff] usable
[    0.000000] BIOS-e820: [mem 0x000000007fff0000-0x000000007fffffff] ACPI data
[    0.000000] BIOS-e820: [mem 0x00000000fec00000-0x00000000fec00fff] reserved
[    0.000000] BIOS-e820: [mem 0x00000000fee00000-0x00000000fee00fff] reserved
[    0.000000] BIOS-e820: [mem 0x00000000fffc0000-0x00000000ffffffff] reserved
[    0.000000] NX (Execute Disable) protection: active
[    0.000000] SMBIOS 2.5 present.
[    0.000000] DMI: innotek GmbH VirtualBox/VirtualBox, BIOS VirtualBox 12/01/2006
[    0.000000] Hypervisor detected: KVM
[    0.000000] kvm-clock: Using msrs 4b564d01 and 4b564d00
[    0.000000] kvm-clock: cpu 0, msr 2b401001, primary cpu clock
[    0.000000] kvm-clock: using sched offset of 4448019706 cycles
[    0.000003] clocksource: kvm-clock: mask: 0xffffffffffffffff max_cycles: 0x1cd42e4dffb, max_idle_ns: 881590591483 ns
[    0.000006] tsc: Detected 2100.000 MHz processor
[    0.002025] e820: update [mem 0x00000000-0x00000fff] usable ==> reserved
[    0.002027] e820: remove [mem 0x000a0000-0x000fffff] usable
[    0.002031] last_pfn = 0x7fff0 max_arch_pfn = 0x400000000
[    0.002099] MTRR default type: uncachable
[    0.002100] MTRR fixed ranges enabled:
[    0.002101]   00000-9FFFF write-back
[    0.002101]   A0000-BFFFF uncachable
[    0.002102]   C0000-FFFFF write-protect
[    0.002103] MTRR variable ranges enabled:
[    0.002104]   0 base 000000000000 mask 3FFF80000000 write-back
[    0.002105]   1 disabled
[    0.002105]   2 disabled
[    0.002106]   3 disabled
[    0.002107]   4 disabled
[    0.002107]   5 disabled
[    0.002107]   6 disabled
[    0.002108]   7 disabled
[    0.002108]   8 disabled
[    0.002109]   9 disabled
[    0.002109]   10 disabled
[    0.002110]   11 disabled
[    0.002110]   12 disabled
[    0.002110]   13 disabled
[    0.002111]   14 disabled
[    0.002111]   15 disabled
[    0.002129] x86/PAT: Configuration [0-7]: WB  WC  UC- UC  WB  WP  UC- WT  
[    0.002287] found SMP MP-table at [mem 0x0009fff0-0x0009ffff]
[    0.112191] check: Scanning 1 areas for low memory corruption
[    0.112394] RAMDISK: [mem 0x32271000-0x3512ffff]
[    0.112403] ACPI: Early table checksum verification disabled
[    0.112409] ACPI: RSDP 0x00000000000E0000 000024 (v02 VBOX  )
[    0.112415] ACPI: XSDT 0x000000007FFF0030 00003C (v01 VBOX   VBOXXSDT 00000001 ASL  00000061)
[    0.112422] ACPI: FACP 0x000000007FFF00F0 0000F4 (v04 VBOX   VBOXFACP 00000001 ASL  00000061)
[    0.112429] ACPI: DSDT 0x000000007FFF02E0 002353 (v02 VBOX   VBOXBIOS 00000002 VBOX 00029BF3)
[    0.112434] ACPI: FACS 0x000000007FFF0200 000040
[    0.112438] ACPI: FACS 0x000000007FFF0200 000040
[    0.112442] ACPI: APIC 0x000000007FFF0240 000054 (v02 VBOX   VBOXAPIC 00000001 ASL  00000061)
[    0.112446] ACPI: SSDT 0x000000007FFF02A0 000038 (v01 VBOX   VBOXCPUT 00000002 VBOX 00029BF3)
[    0.112450] ACPI: Reserving FACP table memory at [mem 0x7fff00f0-0x7fff01e3]
[    0.112451] ACPI: Reserving DSDT table memory at [mem 0x7fff02e0-0x7fff2632]
[    0.112451] ACPI: Reserving FACS table memory at [mem 0x7fff0200-0x7fff023f]
[    0.112452] ACPI: Reserving FACS table memory at [mem 0x7fff0200-0x7fff023f]
[    0.112453] ACPI: Reserving APIC table memory at [mem 0x7fff0240-0x7fff0293]
[    0.112453] ACPI: Reserving SSDT table memory at [mem 0x7fff02a0-0x7fff02d7]
[    0.112471] ACPI: Local APIC address 0xfee00000
[    0.112673] No NUMA configuration found
[    0.112674] Faking a node at [mem 0x0000000000000000-0x000000007ffeffff]
[    0.112685] NODE_DATA(0) allocated [mem 0x7ffc5000-0x7ffeffff]
[    0.112947] Zone ranges:
[    0.112948]   DMA      [mem 0x0000000000001000-0x0000000000ffffff]
[    0.112949]   DMA32    [mem 0x0000000001000000-0x000000007ffeffff]
[    0.112950]   Normal   empty
[    0.112951]   Device   empty
[    0.112952] Movable zone start for each node
[    0.112954] Early memory node ranges
[    0.112955]   node   0: [mem 0x0000000000001000-0x000000000009efff]
[    0.112955]   node   0: [mem 0x0000000000100000-0x000000007ffeffff]
[    0.112959] Zeroed struct page in unavailable ranges: 114 pages
[    0.112960] Initmem setup node 0 [mem 0x0000000000001000-0x000000007ffeffff]
[    0.112961] On node 0 totalpages: 524174
[    0.112962]   DMA zone: 64 pages used for memmap
[    0.112963]   DMA zone: 21 pages reserved
[    0.112963]   DMA zone: 3998 pages, LIFO batch:0
[    0.113035]   DMA32 zone: 8128 pages used for memmap
[    0.113035]   DMA32 zone: 520176 pages, LIFO batch:63
[    0.122013] ACPI: PM-Timer IO Port: 0x4008
[    0.122018] ACPI: Local APIC address 0xfee00000
[    0.122090] IOAPIC[0]: apic_id 1, version 32, address 0xfec00000, GSI 0-23
[    0.122094] ACPI: INT_SRC_OVR (bus 0 bus_irq 0 global_irq 2 dfl dfl)
[    0.122096] ACPI: INT_SRC_OVR (bus 0 bus_irq 9 global_irq 9 low level)
[    0.122098] ACPI: IRQ0 used by override.
[    0.122099] ACPI: IRQ9 used by override.
[    0.122102] Using ACPI (MADT) for SMP configuration information
[    0.122110] smpboot: Allowing 1 CPUs, 0 hotplug CPUs
[    0.122134] PM: Registered nosave memory: [mem 0x00000000-0x00000fff]
[    0.122135] PM: Registered nosave memory: [mem 0x0009f000-0x0009ffff]
[    0.122136] PM: Registered nosave memory: [mem 0x000a0000-0x000effff]
[    0.122136] PM: Registered nosave memory: [mem 0x000f0000-0x000fffff]
[    0.122138] [mem 0x80000000-0xfebfffff] available for PCI devices
[    0.122139] Booting paravirtualized kernel on KVM
[    0.122142] clocksource: refined-jiffies: mask: 0xffffffff max_cycles: 0xffffffff, max_idle_ns: 7645519600211568 ns
[    0.122146] setup_percpu: NR_CPUS:8192 nr_cpumask_bits:1 nr_cpu_ids:1 nr_node_ids:1
[    0.123193] percpu: Embedded 60 pages/cpu s208896 r8192 d28672 u2097152
[    0.123198] pcpu-alloc: s208896 r8192 d28672 u2097152 alloc=1*2097152
[    0.123199] pcpu-alloc: [0] 0 
[    0.123226] Built 1 zonelists, mobility grouping on.  Total pages: 515961
[    0.123226] Policy zone: DMA32
[    0.123228] Kernel command line: BOOT_IMAGE=/boot/vmlinuz-5.4.243-mptcp root=UUID=98415a12-53b7-4144-8265-0f7ece09e445 ro quiet splash
[    0.124075] Dentry cache hash table entries: 262144 (order: 9, 2097152 bytes, linear)
[    0.124223] Inode-cache hash table entries: 131072 (order: 8, 1048576 bytes, linear)
[    0.124279] mem auto-init: stack:off, heap alloc:on, heap free:off
[    0.124282] Calgary: detecting Calgary via BIOS EBDA area
[    0.124283] Calgary: Unable to locate Rio Grande table in EBDA - bailing!
[    0.128356] Memory: 1967332K/2096696K available (14339K kernel code, 2398K rwdata, 4712K rodata, 2728K init, 17260K bss, 129364K reserved, 0K cma-reserved)
[    0.129279] SLUB: HWalign=64, Order=0-3, MinObjects=0, CPUs=1, Nodes=1
[    0.129297] ftrace: allocating 43186 entries in 169 pages
[    0.147413] rcu: Hierarchical RCU implementation.
[    0.147415] rcu: 	RCU restricting CPUs from NR_CPUS=8192 to nr_cpu_ids=1.
[    0.147416] 	Tasks RCU enabled.
[    0.147417] rcu: RCU calculated value of scheduler-enlistment delay is 25 jiffies.
[    0.147418] rcu: Adjusting geometry for rcu_fanout_leaf=16, nr_cpu_ids=1
[    0.150370] NR_IRQS: 524544, nr_irqs: 256, preallocated irqs: 16
[    0.150597] random: crng init done
[    0.159886] Console: colour VGA+ 80x25
[    0.159890] printk: console [tty0] enabled
[    0.159913] ACPI: Core revision 20190816
[    0.160067] APIC: Switch to symmetric I/O mode setup
[    0.160317] x2apic enabled
[    0.160551] Switched APIC routing to physical x2apic.
[    0.161679] ..TIMER: vector=0x30 apic1=0 pin1=2 apic2=-1 pin2=-1
[    0.161704] clocksource: tsc-early: mask: 0xffffffffffffffff max_cycles: 0x1e4530a99b6, max_idle_ns: 440795257976 ns
[    0.161710] Calibrating delay loop (skipped) preset value.. 4200.00 BogoMIPS (lpj=8400000)
[    0.161712] pid_max: default: 32768 minimum: 301
[    0.161742] LSM: Security Framework initializing
[    0.161752] Yama: becoming mindful.
[    0.161779] AppArmor: AppArmor initialized
[    0.161814] Mount-cache hash table entries: 4096 (order: 3, 32768 bytes, linear)
[    0.161819] Mountpoint-cache hash table entries: 4096 (order: 3, 32768 bytes, linear)
[    0.161829] *** VALIDATE tmpfs ***
[    0.161964] *** VALIDATE proc ***
[    0.162008] *** VALIDATE cgroup1 ***
[    0.162009] *** VALIDATE cgroup2 ***
[    0.162155] process: using mwait in idle threads
[    0.162160] Last level iTLB entries: 4KB 64, 2MB 8, 4MB 8
[    0.162161] Last level dTLB entries: 4KB 64, 2MB 0, 4MB 0, 1GB 4
[    0.162182] Spectre V1 : Mitigation: usercopy/swapgs barriers and __user pointer sanitization
[    0.162188] Spectre V2 : Mitigation: Retpolines
[    0.162188] Spectre V2 : Spectre v2 / SpectreRSB mitigation: Filling RSB on context switch
[    0.162189] Spectre V2 : Spectre v2 / SpectreRSB : Filling RSB on VMEXIT
[    0.162189] RETBleed: WARNING: Spectre v2 mitigation leaves CPU vulnerable to RETBleed attacks, data leaks possible!
[    0.162540] RETBleed: Vulnerable
[    0.162540] Speculative Store Bypass: Vulnerable
[    0.162545] TAA: Mitigation: TSX disabled
[    0.162546] MMIO Stale Data: Mitigation: Clear CPU buffers
[    0.166781] Freeing SMP alternatives memory: 40K
[    0.278525] smpboot: CPU0: Intel(R) Xeon(R) Silver 4216 CPU @ 2.10GHz (family: 0x6, model: 0x55, stepping: 0x7)
[    0.278659] Performance Events: unsupported p6 CPU model 85 no PMU driver, software events only.
[    0.278699] rcu: Hierarchical SRCU implementation.
[    0.279184] NMI watchdog: Perf NMI watchdog permanently disabled
[    0.279226] smp: Bringing up secondary CPUs ...
[    0.279227] smp: Brought up 1 node, 1 CPU
[    0.279228] smpboot: Max logical packages: 1
[    0.279229] smpboot: Total of 1 processors activated (4200.00 BogoMIPS)
[    0.280218] devtmpfs: initialized
[    0.280268] x86/mm: Memory block size: 128MB
[    0.280622] clocksource: jiffies: mask: 0xffffffff max_cycles: 0xffffffff, max_idle_ns: 7645041785100000 ns
[    0.280629] futex hash table entries: 256 (order: 2, 16384 bytes, linear)
[    0.280675] pinctrl core: initialized pinctrl subsystem
[    0.280783] PM: RTC time: 18:16:12, date: 2026-01-15
[    0.280895] NET: Registered protocol family 16
[    0.280969] audit: initializing netlink subsys (disabled)
[    0.281097] EISA bus registered
[    0.281099] cpuidle: using governor ladder
[    0.281100] cpuidle: using governor menu
[    0.281138] ACPI: bus type PCI registered
[    0.281140] acpiphp: ACPI Hot Plug PCI Controller Driver version: 0.5
[    0.281250] PCI: Using configuration type 1 for base access
[    0.282200] audit: type=2000 audit(1768472179.124:1): state=initialized audit_enabled=0 res=1
[    0.282282] HugeTLB registered 2.00 MiB page size, pre-allocated 0 pages
[    0.283188] ACPI: Added _OSI(Module Device)
[    0.283189] ACPI: Added _OSI(Processor Device)
[    0.283190] ACPI: Added _OSI(3.0 _SCP Extensions)
[    0.283190] ACPI: Added _OSI(Processor Aggregator Device)
[    0.283191] ACPI: Added _OSI(Linux-Dell-Video)
[    0.283192] ACPI: Added _OSI(Linux-Lenovo-NV-HDMI-Audio)
[    0.283193] ACPI: Added _OSI(Linux-HPI-Hybrid-Graphics)
[    0.285170] ACPI: 2 ACPI AML tables successfully acquired and loaded
[    0.286776] ACPI: Interpreter enabled
[    0.286787] ACPI: (supports S0 S5)
[    0.286788] ACPI: Using IOAPIC for interrupt routing
[    0.287014] PCI: Using host bridge windows from ACPI; if necessary, use "pci=nocrs" and report a bug
[    0.287135] ACPI: Enabled 2 GPEs in block 00 to 07
[    0.292362] ACPI: PCI Root Bridge [PCI0] (domain 0000 [bus 00-ff])
[    0.292367] acpi PNP0A03:00: _OSC: OS supports [ASPM ClockPM Segments MSI HPX-Type3]
[    0.292811] acpi PNP0A03:00: _OSC: not requesting OS control; OS requires [ExtendedConfig ASPM ClockPM MSI]
[    0.292819] acpi PNP0A03:00: fail to add MMCONFIG information, can't access extended PCI configuration space under this bridge.
[    0.293230] PCI host bridge to bus 0000:00
[    0.293232] pci_bus 0000:00: root bus resource [io  0x0000-0x0cf7 window]
[    0.293234] pci_bus 0000:00: root bus resource [io  0x0d00-0xffff window]
[    0.293235] pci_bus 0000:00: root bus resource [mem 0x000a0000-0x000bffff window]
[    0.293236] pci_bus 0000:00: root bus resource [mem 0x80000000-0xfdffffff window]
[    0.293237] pci_bus 0000:00: root bus resource [bus 00-ff]
[    0.293284] pci 0000:00:00.0: [8086:1237] type 00 class 0x060000
[    0.294333] pci 0000:00:01.0: [8086:7000] type 00 class 0x060100
[    0.295194] pci 0000:00:01.1: [8086:7111] type 00 class 0x01018a
[    0.295622] pci 0000:00:01.1: reg 0x20: [io  0xd000-0xd00f]
[    0.295799] pci 0000:00:01.1: legacy IDE quirk: reg 0x10: [io  0x01f0-0x01f7]
[    0.295800] pci 0000:00:01.1: legacy IDE quirk: reg 0x14: [io  0x03f6]
[    0.295801] pci 0000:00:01.1: legacy IDE quirk: reg 0x18: [io  0x0170-0x0177]
[    0.295802] pci 0000:00:01.1: legacy IDE quirk: reg 0x1c: [io  0x0376]
[    0.296369] pci 0000:00:02.0: [15ad:0405] type 00 class 0x030000
[    0.299599] pci 0000:00:02.0: reg 0x10: [io  0xd010-0xd01f]
[    0.301753] pci 0000:00:02.0: reg 0x14: [mem 0xe0000000-0xe7ffffff pref]
[    0.305752] pci 0000:00:02.0: reg 0x18: [mem 0xf0000000-0xf01fffff]
[    0.316388] pci 0000:00:03.0: [1022:2000] type 00 class 0x020000
[    0.317873] pci 0000:00:03.0: reg 0x10: [io  0xd020-0xd03f]
[    0.318529] pci 0000:00:03.0: reg 0x14: [mem 0xf0200000-0xf0200fff]
[    0.322217] pci 0000:00:04.0: [80ee:cafe] type 00 class 0x088000
[    0.322906] pci 0000:00:04.0: reg 0x10: [io  0xd040-0xd05f]
[    0.323522] pci 0000:00:04.0: reg 0x14: [mem 0xf0400000-0xf07fffff]
[    0.324151] pci 0000:00:04.0: reg 0x18: [mem 0xf0800000-0xf0803fff pref]
[    0.327709] pci 0000:00:07.0: [8086:7113] type 00 class 0x068000
[    0.328329] pci 0000:00:07.0: quirk: [io  0x4000-0x403f] claimed by PIIX4 ACPI
[    0.328342] pci 0000:00:07.0: quirk: [io  0x4100-0x410f] claimed by PIIX4 SMB
[    0.328991] pci 0000:00:08.0: [8086:100e] type 00 class 0x020000
[    0.329831] pci 0000:00:08.0: reg 0x10: [mem 0xf0820000-0xf083ffff]
[    0.331000] pci 0000:00:08.0: reg 0x18: [io  0xd060-0xd067]
[    0.334393] pci 0000:00:09.0: [8086:100e] type 00 class 0x020000
[    0.335117] pci 0000:00:09.0: reg 0x10: [mem 0xf0840000-0xf085ffff]
[    0.336296] pci 0000:00:09.0: reg 0x18: [io  0xd068-0xd06f]
[    0.346756] ACPI: PCI Interrupt Link [LNKA] (IRQs 5 9 10 *11)
[    0.347045] ACPI: PCI Interrupt Link [LNKB] (IRQs 5 9 *10 11)
[    0.347155] ACPI: PCI Interrupt Link [LNKC] (IRQs 5 *9 10 11)
[    0.347274] ACPI: PCI Interrupt Link [LNKD] (IRQs 5 9 10 *11)
[    0.347551] iommu: Default domain type: Translated 
[    0.347617] pci 0000:00:02.0: vgaarb: setting as boot VGA device
[    0.347619] pci 0000:00:02.0: vgaarb: VGA device added: decodes=io+mem,owns=io+mem,locks=none
[    0.347621] pci 0000:00:02.0: vgaarb: bridge control possible
[    0.347622] vgaarb: loaded
[    0.347841] SCSI subsystem initialized
[    0.347872] libata version 3.00 loaded.
[    0.347897] ACPI: bus type USB registered
[    0.347913] usbcore: registered new interface driver usbfs
[    0.347920] usbcore: registered new interface driver hub
[    0.347925] usbcore: registered new device driver usb
[    0.347955] pps_core: LinuxPPS API ver. 1 registered
[    0.347956] pps_core: Software ver. 5.3.6 - Copyright 2005-2007 Rodolfo Giometti <giometti@linux.it>
[    0.347958] PTP clock support registered
[    0.347999] EDAC MC: Ver: 3.0.0
[    0.348320] PCI: Using ACPI for IRQ routing
[    0.348322] PCI: pci_cache_line_size set to 64 bytes
[    0.348516] e820: reserve RAM buffer [mem 0x0009fc00-0x0009ffff]
[    0.348520] e820: reserve RAM buffer [mem 0x7fff0000-0x7fffffff]
[    0.349724] NetLabel: Initializing
[    0.349725] NetLabel:  domain hash size = 128
[    0.349725] NetLabel:  protocols = UNLABELED CIPSOv4 CALIPSO
[    0.349746] NetLabel:  unlabeled traffic allowed by default
[    0.350664] clocksource: Switched to clocksource kvm-clock
[    0.364109] *** VALIDATE bpf ***
[    0.364169] VFS: Disk quotas dquot_6.6.0
[    0.364181] VFS: Dquot-cache hash table entries: 512 (order 0, 4096 bytes)
[    0.364203] *** VALIDATE ramfs ***
[    0.364206] *** VALIDATE hugetlbfs ***
[    0.364286] AppArmor: AppArmor Filesystem Enabled
[    0.364312] pnp: PnP ACPI init
[    0.364373] pnp 00:00: Plug and Play ACPI device, IDs PNP0303 (active)
[    0.364443] pnp 00:01: Plug and Play ACPI device, IDs PNP0f03 (active)
[    0.365228] pnp: PnP ACPI: found 2 devices
[    0.366280] thermal_sys: Registered thermal governor 'fair_share'
[    0.366280] thermal_sys: Registered thermal governor 'bang_bang'
[    0.366281] thermal_sys: Registered thermal governor 'step_wise'
[    0.366282] thermal_sys: Registered thermal governor 'user_space'
[    0.366282] thermal_sys: Registered thermal governor 'power_allocator'
[    0.370803] clocksource: acpi_pm: mask: 0xffffff max_cycles: 0xffffff, max_idle_ns: 2085701024 ns
[    0.370843] pci_bus 0000:00: resource 4 [io  0x0000-0x0cf7 window]
[    0.370844] pci_bus 0000:00: resource 5 [io  0x0d00-0xffff window]
[    0.370845] pci_bus 0000:00: resource 6 [mem 0x000a0000-0x000bffff window]
[    0.370847] pci_bus 0000:00: resource 7 [mem 0x80000000-0xfdffffff window]
[    0.370904] NET: Registered protocol family 2
[    0.370979] IP idents hash table entries: 32768 (order: 6, 262144 bytes, linear)
[    0.371219] MPTCP tokens hash table entries: 8192 (order: 4, 65536 bytes, linear)
[    0.371219] MPTCP request tokens hash table entries: 8192 (order: 4, 65536 bytes, linear)
[    0.371219] default registered
[    0.371219] default registered
[    0.371219] MPTCP: Stable release v0.96
[    0.371219] tcp_listen_portaddr_hash hash table entries: 1024 (order: 2, 16384 bytes, linear)
[    0.371219] TCP established hash table entries: 16384 (order: 5, 131072 bytes, linear)
[    0.371219] TCP bind hash table entries: 16384 (order: 6, 262144 bytes, linear)
[    0.371219] TCP: Hash tables configured (established 16384 bind 16384)
[    0.372338] UDP hash table entries: 1024 (order: 3, 32768 bytes, linear)
[    0.372349] UDP-Lite hash table entries: 1024 (order: 3, 32768 bytes, linear)
[    0.372385] NET: Registered protocol family 1
[    0.372395] NET: Registered protocol family 44
[    0.372417] pci 0000:00:00.0: Limiting direct PCI/PCI transfers
[    0.372432] pci 0000:00:01.0: Activating ISA DMA hang workarounds
[    0.372494] pci 0000:00:02.0: Video device with shadowed ROM at [mem 0x000c0000-0x000dffff]
[    0.372566] PCI: CLS 0 bytes, default 64
[    0.372614] Trying to unpack rootfs image as initramfs...
[    0.548104] Freeing initrd memory: 47868K
[    0.548104] clocksource: tsc: mask: 0xffffffffffffffff max_cycles: 0x1e4530a99b6, max_idle_ns: 440795257976 ns
[    0.548104] clocksource: Switched to clocksource tsc
[    0.548104] platform rtc_cmos: registered platform RTC device (no PNP device found)
[    0.548104] check: Scanning for low memory corruption every 60 seconds
[    0.548104] Initialise system trusted keyrings
[    0.548104] Key type blacklist registered
[    0.548104] workingset: timestamp_bits=36 max_order=19 bucket_order=0
[    0.548104] zbud: loaded
[    0.548104] squashfs: version 4.0 (2009/01/31) Phillip Lougher
[    0.548104] fuse: init (API version 7.31)
[    0.548104] *** VALIDATE fuse ***
[    0.548104] *** VALIDATE fuse ***
[    0.548104] Platform Keyring initialized
[    0.548104] Key type asymmetric registered
[    0.548104] Asymmetric key parser 'x509' registered
[    0.548104] Block layer SCSI generic (bsg) driver version 0.4 loaded (major 244)
[    0.548104] io scheduler mq-deadline registered
[    0.548104] shpchp: Standard Hot Plug PCI Controller Driver version: 0.4
[    0.557214] ACPI: AC Adapter [AC] (on-line)
[    0.557260] input: Power Button as /devices/LNXSYSTM:00/LNXPWRBN:00/input/input0
[    0.557288] ACPI: Power Button [PWRF]
[    0.557369] input: Sleep Button as /devices/LNXSYSTM:00/LNXSLPBN:00/input/input1
[    0.557385] ACPI: Sleep Button [SLPF]
[    0.557621] Serial: 8250/16550 driver, 32 ports, IRQ sharing enabled
[    0.558934] Linux agpgart interface v0.103
[    0.655206] loop: module loaded
[    0.655414] ata_piix 0000:00:01.1: version 2.13
[    0.655998] scsi host0: ata_piix
[    0.656142] scsi host1: ata_piix
[    0.656189] ata1: PATA max UDMA/33 cmd 0x1f0 ctl 0x3f6 bmdma 0xd000 irq 14
[    0.656191] ata2: PATA max UDMA/33 cmd 0x170 ctl 0x376 bmdma 0xd008 irq 15
[    0.656303] tun: Universal TUN/TAP device driver, 1.6
[    0.656711] PPP generic driver version 2.4.2
[    0.656778] VFIO - User Level meta-driver version: 0.3
[    0.657095] ehci_hcd: USB 2.0 'Enhanced' Host Controller (EHCI) Driver
[    0.657102] ehci-pci: EHCI PCI platform driver
[    0.657120] ehci-platform: EHCI generic platform driver
[    0.657128] ohci_hcd: USB 1.1 'Open' Host Controller (OHCI) Driver
[    0.657131] ohci-pci: OHCI PCI platform driver
[    0.657141] ohci-platform: OHCI generic platform driver
[    0.657148] uhci_hcd: USB Universal Host Controller Interface driver
[    0.657238] i8042: PNP: PS/2 Controller [PNP0303:PS2K,PNP0f03:PS2M] at 0x60,0x64 irq 1,12
[    0.657797] serio: i8042 KBD port at 0x60,0x64 irq 1
[    0.657804] serio: i8042 AUX port at 0x60,0x64 irq 12
[    0.657938] mousedev: PS/2 mouse device common for all mice
[    0.658293] input: AT Translated Set 2 keyboard as /devices/platform/i8042/serio0/input/input2
[    0.658859] rtc_cmos rtc_cmos: registered as rtc0
[    0.658880] rtc_cmos rtc_cmos: alarms up to one day, 114 bytes nvram
[    0.658890] i2c /dev entries driver
[    0.658949] device-mapper: uevent: version 1.0.3
[    0.659016] device-mapper: ioctl: 4.41.0-ioctl (2019-09-16) initialised: dm-devel@redhat.com
[    0.659040] platform eisa.0: Probing EISA bus 0
[    0.659042] platform eisa.0: EISA: Cannot allocate resource for mainboard
[    0.659043] platform eisa.0: Cannot allocate resource for EISA slot 1
[    0.659045] platform eisa.0: Cannot allocate resource for EISA slot 2
[    0.659046] platform eisa.0: Cannot allocate resource for EISA slot 3
[    0.659048] platform eisa.0: Cannot allocate resource for EISA slot 4
[    0.659049] platform eisa.0: Cannot allocate resource for EISA slot 5
[    0.659051] platform eisa.0: Cannot allocate resource for EISA slot 6
[    0.659052] platform eisa.0: Cannot allocate resource for EISA slot 7
[    0.659054] platform eisa.0: Cannot allocate resource for EISA slot 8
[    0.659055] platform eisa.0: EISA: Detected 0 cards
[    0.659059] intel_pstate: CPU model not supported
[    0.659071] ledtrig-cpu: registered to indicate activity on CPUs
[    0.659144] drop_monitor: Initializing network drop monitor service
[    0.659465] NET: Registered protocol family 10
[    0.663398] Segment Routing with IPv6
[    0.663398] fullmesh registered
[    0.663398] ndiffports registered
[    0.663398] binder registered
[    0.663398] roundrobin registered
[    0.663398] redundant registered
[    0.663398] blest registered
[    0.663398] ecf registered
[    0.663398] NET: Registered protocol family 17
[    0.663398] Key type dns_resolver registered
[    0.663398] RAS: Correctable Errors collector initialized.
[    0.663398] IPI shorthand broadcast: enabled
[    0.663398] sched_clock: Marking stable (648277288, 11121181)->(659673402, -274933)
[    0.667523] registered taskstats version 1
[    0.667534] Loading compiled-in X.509 certificates
[    0.668521] Loaded X.509 cert 'Build time autogenerated kernel key: 6909f3744cebb3d0de528d5887b96a727de79b1e'
[    0.668548] zswap: loaded using pool lzo/zbud
[    0.668640] Key type ._fscrypt registered
[    0.668641] Key type .fscrypt registered
[    0.675940] Key type big_key registered
[    0.679460] Key type encrypted registered
[    0.679463] AppArmor: AppArmor sha1 policy hashing enabled
[    0.679474] ima: No TPM chip found, activating TPM-bypass!
[    0.679479] ima: Allocated hash algorithm: sha1
[    0.679485] ima: No architecture policies found
[    0.679498] evm: Initialising EVM extended attributes:
[    0.679498] evm: security.selinux
[    0.679499] evm: security.SMACK64
[    0.679499] evm: security.SMACK64EXEC
[    0.679500] evm: security.SMACK64TRANSMUTE
[    0.679500] evm: security.SMACK64MMAP
[    0.679501] evm: security.apparmor
[    0.679501] evm: security.ima
[    0.679502] evm: security.capability
[    0.679503] evm: HMAC attrs: 0x1
[    0.679874] PM:   Magic number: 10:724:291
[    0.679895] tty tty24: hash matches
[    0.680022] rtc_cmos rtc_cmos: setting system clock to 2026-01-15T18:16:13 UTC (1768500973)
[    0.827282] ata1.00: ATA-6: VBOX HARDDISK, 1.0, max UDMA/133
[    0.827285] ata1.00: 209715200 sectors, multi 128: LBA 
[    0.827815] scsi 0:0:0:0: Direct-Access     ATA      VBOX HARDDISK    1.0  PQ: 0 ANSI: 5
[    0.828079] sd 0:0:0:0: [sda] 209715200 512-byte logical blocks: (107 GB/100 GiB)
[    0.828092] sd 0:0:0:0: [sda] Write Protect is off
[    0.828094] sd 0:0:0:0: [sda] Mode Sense: 00 3a 00 00
[    0.828113] sd 0:0:0:0: [sda] Write cache: enabled, read cache: enabled, doesn't support DPO or FUA
[    0.828317] sd 0:0:0:0: Attached scsi generic sg0 type 0
[    0.829031]  sda: sda1 sda2
[    0.839342] sd 0:0:0:0: [sda] Attached SCSI disk
[    0.841752] Freeing unused decrypted memory: 2040K
[    0.842544] Freeing unused kernel image memory: 2728K
[    0.842547] Write protecting the kernel read-only data: 22528k
[    0.843354] Freeing unused kernel image memory: 2036K
[    0.843816] Freeing unused kernel image memory: 1432K
[    0.861946] x86/mm: Checked W+X mappings: passed, no W+X pages found.
[    0.861952] Run /init as init process
[    0.983065] ACPI: Video Device [GFX0] (multi-head: yes  rom: no  post: no)
[    0.983140] input: Video Bus as /devices/LNXSYSTM:00/LNXSYBUS:00/PNP0A03:00/LNXVIDEO:00/input/input4
[    0.995407] pcnet32: pcnet32.c:v1.35 21.Apr.2008 tsbogend@alpha.franken.de
[    0.997309] piix4_smbus 0000:00:07.0: SMBus Host Controller at 0x4100, revision 0
[    1.001566] e1000: Intel(R) PRO/1000 Network Driver - version 7.3.21-k8-NAPI
[    1.001566] e1000: Copyright (c) 1999-2006 Intel Corporation.
[    1.006254] pcnet32: PCnet/FAST III 79C973 at 0xd020, 08:00:27:3b:4f:c5 assigned IRQ 19
[    1.006299] pcnet32: Found PHY 0022:561b at address 0
[    1.006616] pcnet32: eth0: registered as PCnet/FAST III 79C973
[    1.018925] pcnet32: 1 cards_found
[    1.082941] pcnet32 0000:00:03.0 enp0s3: renamed from eth0
[    1.218674] input: ImExPS/2 Generic Explorer Mouse as /devices/platform/i8042/serio1/input/input5
[    1.431822] e1000 0000:00:08.0 eth0: (PCI:33MHz:32-bit) 08:00:27:5d:48:67
[    1.431827] e1000 0000:00:08.0 eth0: Intel(R) PRO/1000 Network Connection
[    1.815942] e1000 0000:00:09.0 eth1: (PCI:33MHz:32-bit) 08:00:27:b9:f8:ba
[    1.815945] e1000 0000:00:09.0 eth1: Intel(R) PRO/1000 Network Connection
[    1.817187] e1000 0000:00:09.0 enp0s9: renamed from eth1
[    1.819129] e1000 0000:00:08.0 enp0s8: renamed from eth0
[    1.964860] EXT4-fs (sda2): mounted filesystem with ordered data mode. Opts: (null)
[    2.055731] systemd[1]: Inserted module 'autofs4'
[    2.066575] systemd[1]: systemd 245.4-4ubuntu3 running in system mode. (+PAM +AUDIT +SELINUX +IMA +APPARMOR +SMACK +SYSVINIT +UTMP +LIBCRYPTSETUP +GCRYPT +GNUTLS +ACL +XZ +LZ4 +SECCOMP +BLKID +ELFUTILS +KMOD +IDN2 -IDN +PCRE2 default-hierarchy=hybrid)
[    2.066621] systemd[1]: Detected virtualization oracle.
[    2.066624] systemd[1]: Detected architecture x86-64.
[    2.068036] systemd[1]: Set hostname to <ztg>.
[    2.199077] systemd[1]: /lib/systemd/system/dbus.socket:5: ListenStream= references a path below legacy directory /var/run/, updating /var/run/dbus/system_bus_socket â†’ /run/dbus/system_bus_socket; please update the unit file accordingly.
[    2.252706] systemd[1]: Created slice system-modprobe.slice.
[    2.252902] systemd[1]: Created slice User and Session Slice.
[    2.252950] systemd[1]: Started Forward Password Requests to Wall Directory Watch.
[    2.253117] systemd[1]: Set up automount Arbitrary Executable File Formats File System Automount Point.
[    2.253152] systemd[1]: Reached target User and Group Name Lookups.
[    2.253160] systemd[1]: Reached target Remote File Systems.
[    2.253169] systemd[1]: Reached target Slices.
[    2.253737] systemd[1]: Listening on Syslog Socket.
[    2.253811] systemd[1]: Listening on fsck to fsckd communication Socket.
[    2.253852] systemd[1]: Listening on initctl Compatibility Named Pipe.
[    2.254002] systemd[1]: Listening on Journal Audit Socket.
[    2.254059] systemd[1]: Listening on Journal Socket (/dev/log).
[    2.254132] systemd[1]: Listening on Journal Socket.
[    2.254205] systemd[1]: Listening on udev Control Socket.
[    2.254249] systemd[1]: Listening on udev Kernel Socket.
[    2.255042] systemd[1]: Mounting Huge Pages File System...
[    2.256116] systemd[1]: Mounting POSIX Message Queue File System...
[    2.257097] systemd[1]: Mounting Kernel Debug File System...
[    2.258363] systemd[1]: Mounting Kernel Trace File System...
[    2.281823] systemd[1]: Starting Journal Service...
[    2.290759] systemd[1]: Starting Set the console keyboard layout...
[    2.294155] systemd[1]: Starting Create list of static device nodes for the current kernel...
[    2.298209] systemd[1]: Starting Load Kernel Module drm...
[    2.299260] systemd[1]: Condition check resulted in Set Up Additional Binary Formats being skipped.
[    2.299316] systemd[1]: Condition check resulted in File System Check on Root Device being skipped.
[    2.307731] systemd[1]: Starting Load Kernel Modules...
[    2.308558] systemd[1]: Starting Remount Root and Kernel File Systems...
[    2.309391] systemd[1]: Starting udev Coldplug all Devices...
[    2.310221] systemd[1]: Starting Uncomplicated firewall...
[    2.311943] systemd[1]: Mounted Huge Pages File System.
[    2.312039] systemd[1]: Mounted POSIX Message Queue File System.
[    2.312118] systemd[1]: Mounted Kernel Debug File System.
[    2.312194] systemd[1]: Mounted Kernel Trace File System.
[    2.363013] systemd[1]: Finished Create list of static device nodes for the current kernel.
[    2.364319] systemd[1]: modprobe@drm.service: Succeeded.
[    2.368933] systemd[1]: Finished Load Kernel Module drm.
[    2.369536] systemd[1]: Finished Uncomplicated firewall.
[    2.370957] EXT4-fs (sda2): re-mounted. Opts: errors=remount-ro
[    2.375529] systemd[1]: Finished Remount Root and Kernel File Systems.
[    2.376234] systemd[1]: Condition check resulted in Rebuild Hardware Database being skipped.
[    2.376267] systemd[1]: Condition check resulted in Platform Persistent Storage Archival being skipped.
[    2.378473] systemd[1]: Starting Load/Save Random Seed...
[    2.396198] systemd[1]: Starting Create System Users...
[    2.415991] systemd[1]: Finished Load/Save Random Seed.
[    2.420672] lp: driver loaded but no devices found
[    2.423972] systemd[1]: Finished Create System Users.
[    2.424762] systemd[1]: Starting Create Static Device Nodes in /dev...
[    2.448319] ppdev: user-space parallel port driver
[    2.465506] systemd[1]: Finished Create Static Device Nodes in /dev.
[    2.466357] systemd[1]: Starting udev Kernel Device Manager...
[    2.498774] systemd[1]: Finished udev Coldplug all Devices.
[    2.530804] [drm] DMA map mode: Caching DMA mappings.
[    2.530869] [drm] Capabilities:
[    2.530869] [drm]   Rect copy.
[    2.530870] [drm]   Cursor.
[    2.530870] [drm]   Cursor bypass.
[    2.530870] [drm]   Cursor bypass 2.
[    2.530871] [drm]   Alpha cursor.
[    2.530871] [drm]   Extended Fifo.
[    2.530871] [drm]   Pitchlock.
[    2.530872] [drm]   Irq mask.
[    2.530872] [drm]   GMR.
[    2.530872] [drm]   Traces.
[    2.530873] [drm]   GMR2.
[    2.530873] [drm]   Screen Object 2.
[    2.530873] [drm]   Command Buffers.
[    2.530874] [drm]   Command Buffers 2.
[    2.530874] [drm]   Guest Backed Resources.
[    2.530875] [drm] Max GMR ids is 8192
[    2.530876] [drm] Max number of GMR pages is 1048576
[    2.530876] [drm] Max dedicated hypervisor surface memory is 393216 kiB
[    2.530877] [drm] Maximum display memory size is 131072 kiB
[    2.530878] [drm] VRAM at 0xe0000000 size is 131072 kiB
[    2.530878] [drm] MMIO at 0xf0000000 size is 2048 kiB
[    2.536046] [TTM] Zone  kernel: Available graphics memory: 1011738 KiB
[    2.536047] [TTM] Initializing pool allocator
[    2.536051] [TTM] Initializing DMA pool allocator
[    2.536080] [drm] Supports vblank timestamp caching Rev 2 (21.10.2013).
[    2.536081] [drm] No driver support for vblank timestamp query.
[    2.536319] [drm] Screen Target Display device initialized
[    2.536528] [drm] width 720
[    2.536538] [drm] height 400
[    2.536541] [drm] bpp 32
[    2.537057] [drm] Fifo max 0x00200000 min 0x00001000 cap 0x00000355
[    2.538123] [drm] Using command buffers with DMA pool.
[    2.538126] [drm] DX: no.
[    2.538127] [drm] Atomic: yes.
[    2.538127] [drm] SM4_1: no.
[    2.538146] [drm:vmw_host_log [vmwgfx]] *ERROR* Failed to send host log message.
[    2.539844] [drm:vmw_host_log [vmwgfx]] *ERROR* Failed to send host log message.
[    2.552561] fbcon: svgadrmfb (fb0) is primary device
[    2.554807] Console: switching to colour frame buffer device 100x37
[    2.561256] [drm] Initialized vmwgfx 2.15.0 20180704 for 0000:00:02.0 on minor 0
[    2.562940] systemd[1]: Finished Load Kernel Modules.
[    2.564021] systemd[1]: Mounting FUSE Control File System...
[    2.565791] systemd[1]: Mounting Kernel Configuration File System...
[    2.589234] systemd[1]: Starting Apply Kernel Variables...
[    2.592456] systemd[1]: Finished Set the console keyboard layout.
[    2.593085] systemd[1]: Mounted FUSE Control File System.
[    2.593181] systemd[1]: Mounted Kernel Configuration File System.
[    2.593254] systemd[1]: Reached target Local File Systems (Pre).
[    2.593272] systemd[1]: Condition check resulted in VMware vmblock fuse mount being skipped.
[    2.605567] systemd[1]: Mounting Mount unit for bare, revision 5...
[    2.611336] systemd[1]: Mounting Mount unit for core18, revision 1705...
[    2.620798] systemd[1]: Mounting Mount unit for gnome-3-34-1804, revision 24...
[    2.648240] systemd[1]: Mounting Mount unit for gtk-common-themes, revision 1506...
[    2.651808] systemd[1]: Mounting Mount unit for gtk-common-themes, revision 1535...
[    2.658796] systemd[1]: Mounting Mount unit for snap-store, revision 433...
[    2.670076] systemd[1]: Mounting Mount unit for snapd, revision 7264...
[    2.692548] systemd[1]: Finished Apply Kernel Variables.
[    2.693859] systemd[1]: Mounted Mount unit for bare, revision 5.
[    2.693956] systemd[1]: Mounted Mount unit for core18, revision 1705.
[    2.694042] systemd[1]: Mounted Mount unit for gnome-3-34-1804, revision 24.
[    2.696847] systemd[1]: Started udev Kernel Device Manager.
[    2.697587] systemd[1]: Starting Show Plymouth Boot Screen...
[    2.704949] systemd[1]: Received SIGRTMIN+20 from PID 273 (plymouthd).
[    2.723760] systemd[1]: Started Show Plymouth Boot Screen.
[    2.723926] systemd[1]: Condition check resulted in Dispatch Password Requests to Console Directory Watch being skipped.
[    2.724015] systemd[1]: Started Forward Password Requests to Plymouth Directory Watch.
[    2.724114] systemd[1]: Reached target Local Encrypted Volumes.
[    2.824361] systemd[1]: Mounted Mount unit for gtk-common-themes, revision 1506.
[    2.824691] systemd[1]: Mounted Mount unit for gtk-common-themes, revision 1535.
[    2.857103] systemd[1]: Mounted Mount unit for snap-store, revision 433.
[    2.857377] systemd[1]: Mounted Mount unit for snapd, revision 7264.
[    2.857553] systemd[1]: Reached target Local File Systems.
[    2.859930] systemd[1]: Starting Load AppArmor profiles...
[    2.865338] systemd[1]: Starting Set console font and keymap...
[    2.875260] systemd[1]: Starting Tell Plymouth To Write Out Runtime Data...
[    2.879386] systemd[1]: Condition check resulted in Store a System Token in an EFI Variable being skipped.
[    2.879420] systemd[1]: Condition check resulted in Commit a transient machine-id on disk being skipped.
[    2.880357] systemd[1]: Finished Set console font and keymap.
[    2.887639] systemd[1]: Received SIGRTMIN+20 from PID 273 (plymouthd).
[    2.888773] systemd[1]: plymouth-read-write.service: Succeeded.
[    2.889020] systemd[1]: Finished Tell Plymouth To Write Out Runtime Data.
[    2.910887] audit: type=1400 audit(1768500975.724:2): apparmor="STATUS" operation="profile_load" profile="unconfined" name="nvidia_modprobe" pid=300 comm="apparmor_parser"
[    2.910890] audit: type=1400 audit(1768500975.724:3): apparmor="STATUS" operation="profile_load" profile="unconfined" name="nvidia_modprobe//kmod" pid=300 comm="apparmor_parser"
[    2.921967] audit: type=1400 audit(1768500975.736:4): apparmor="STATUS" operation="profile_load" profile="unconfined" name="/usr/sbin/tcpdump" pid=301 comm="apparmor_parser"
[    2.974853] audit: type=1400 audit(1768500975.784:5): apparmor="STATUS" operation="profile_load" profile="unconfined" name="/usr/bin/evince" pid=303 comm="apparmor_parser"
[    2.974855] audit: type=1400 audit(1768500975.784:6): apparmor="STATUS" operation="profile_load" profile="unconfined" name="/usr/bin/evince//sanitized_helper" pid=303 comm="apparmor_parser"
[    2.974857] audit: type=1400 audit(1768500975.784:7): apparmor="STATUS" operation="profile_load" profile="unconfined" name="/usr/bin/evince-previewer" pid=303 comm="apparmor_parser"
[    2.974860] audit: type=1400 audit(1768500975.784:8): apparmor="STATUS" operation="profile_load" profile="unconfined" name="/usr/bin/evince-previewer//sanitized_helper" pid=303 comm="apparmor_parser"
[    2.974862] audit: type=1400 audit(1768500975.784:9): apparmor="STATUS" operation="profile_load" profile="unconfined" name="/usr/bin/evince-thumbnailer" pid=303 comm="apparmor_parser"
[    2.988013] audit: type=1400 audit(1768500975.800:10): apparmor="STATUS" operation="profile_load" profile="unconfined" name="/usr/lib/cups/backend/cups-pdf" pid=304 comm="apparmor_parser"
[    3.066905] systemd[1]: Finished Load AppArmor profiles.
[    3.067915] systemd[1]: Starting Load AppArmor profiles managed internally by snapd...
[    3.134449] systemd[1]: Finished Load AppArmor profiles managed internally by snapd.
[    3.259218] systemd[1]: Started Journal Service.
[    3.267670] systemd-journald[229]: Received client request to flush runtime journal.
[    3.272672] systemd-journald[229]: File /var/log/journal/c455b248004a419c87ce85eea238d727/system.journal corrupted or uncleanly shut down, renaming and replacing.
[    4.656249] RAPL PMU: API unit is 2^-32 Joules, 0 fixed counters, 10737418240 ms ovfl timer
[    4.757996] cryptd: max_cpu_qlen set to 1000
[    4.814791] AVX2 version of gcm_enc/dec engaged.
[    4.814792] AES CTR mode by8 optimization enabled
[    5.625496] Adding 1998844k swap on /dev/sda1.  Priority:-2 extents:1 across:1998844k FS
[    6.895147] kauditd_printk_skb: 30 callbacks suppressed
[    6.895148] audit: type=1400 audit(1768500979.708:41): apparmor="DENIED" operation="capable" profile="/usr/sbin/cups-browsed" pid=498 comm="cups-browsed" capability=23  capname="sys_nice"
[    7.813020] pcnet32 0000:00:03.0 enp0s3: link up, 100Mbps, full-duplex
[    7.849011] e1000: enp0s8 NIC Link is Up 1000 Mbps Full Duplex, Flow Control: RX
[    7.849310] IPv6: ADDRCONF(NETDEV_CHANGE): enp0s8: link becomes ready
[    7.861592] e1000: enp0s9 NIC Link is Up 1000 Mbps Full Duplex, Flow Control: RX
[    7.861888] IPv6: ADDRCONF(NETDEV_CHANGE): enp0s9: link becomes ready
[    8.436772] device enp0s3 entered promiscuous mode
[    8.461337] audit: type=1400 audit(1768500981.276:42): apparmor="DENIED" operation="open" profile="/usr/sbin/tcpdump" name="/proc/sys/kernel/random/boot_id" pid=682 comm="tcpdump" requested_mask="r" denied_mask="r" fsuid=0 ouid=0
[    8.463356] audit: type=1400 audit(1768500981.280:43): apparmor="DENIED" operation="open" profile="/usr/sbin/tcpdump" name="/proc/sys/kernel/random/boot_id" pid=682 comm="tcpdump" requested_mask="r" denied_mask="r" fsuid=0 ouid=0
[    8.463410] audit: type=1400 audit(1768500981.280:44): apparmor="DENIED" operation="open" profile="/usr/sbin/tcpdump" name="/proc/sys/kernel/random/boot_id" pid=682 comm="tcpdump" requested_mask="r" denied_mask="r" fsuid=0 ouid=0
[    8.463518] audit: type=1400 audit(1768500981.280:45): apparmor="DENIED" operation="open" profile="/usr/sbin/tcpdump" name="/proc/sys/kernel/random/boot_id" pid=682 comm="tcpdump" requested_mask="r" denied_mask="r" fsuid=0 ouid=0
[    8.469473] audit: type=1400 audit(1768500981.284:46): apparmor="DENIED" operation="open" profile="/usr/sbin/tcpdump" name="/proc/sys/kernel/random/boot_id" pid=683 comm="tcpdump" requested_mask="r" denied_mask="r" fsuid=0 ouid=0
[    8.469825] audit: type=1400 audit(1768500981.284:47): apparmor="DENIED" operation="open" profile="/usr/sbin/tcpdump" name="/proc/sys/kernel/random/boot_id" pid=683 comm="tcpdump" requested_mask="r" denied_mask="r" fsuid=0 ouid=0
[    8.469864] audit: type=1400 audit(1768500981.284:48): apparmor="DENIED" operation="open" profile="/usr/sbin/tcpdump" name="/proc/sys/kernel/random/boot_id" pid=683 comm="tcpdump" requested_mask="r" denied_mask="r" fsuid=0 ouid=0
[    8.469918] audit: type=1400 audit(1768500981.284:49): apparmor="DENIED" operation="open" profile="/usr/sbin/tcpdump" name="/proc/sys/kernel/random/boot_id" pid=683 comm="tcpdump" requested_mask="r" denied_mask="r" fsuid=0 ouid=0
[   13.227093] rfkill: input handler disabled
[  201.696998] AAAAA-TCP_FORW: name:enp0s3: saddr:16783984: daddr:100932208
[  243.076732] AAAAA-TCP_FORW: name:enp0s3: saddr:16783984: daddr:100932208
[  243.909032] AAAAA-TCP_FORW: name:enp0s3: saddr:33561200: daddr:100932208
[  244.293041] AAAAA-TCP_FORW: name:enp0s3: saddr:16783984: daddr:100932208
[  244.678917] AAAAA-TCP_FORW: name:enp0s3: saddr:33561200: daddr:100932208
[  244.964197] AAAAA-TCP_FORW: name:enp0s3: saddr:33561200: daddr:100932208
[  245.332017] AAAAA-TCP_FORW: name:enp0s3: saddr:33561200: daddr:100932208
[  245.713856] AAAAA-TCP_FORW: name:enp0s3: saddr:33561200: daddr:100932208
[  245.910806] AAAAA-TCP_FORW: name:enp0s3: saddr:33561200: daddr:100932208
[  246.112998] AAAAA-TCP_FORW: name:enp0s3: saddr:33561200: daddr:100932208
[  246.648623] AAAAA-TCP_FORW: name:enp0s3: saddr:16783984: daddr:100932208
[  485.815402] rfkill: input handler enabled
[  494.420182] rfkill: input handler disabled
[  658.358978] device enp0s3 left promiscuous mode
