[    0.000000] Linux version 5.4.243-mptcp (root@ztg) (gcc version 12.2.0 (Debian 12.2.0-14+deb12u1)) #53 SMP Wed Dec 24 23:28:15 CST 2025
[    0.000000] Command line: BOOT_IMAGE=/boot/vmlinuz-5.4.243-mptcp root=UUID=98415a12-53b7-4144-8265-0f7ece09e445 ro quiet splash
[    0.000000] KERNEL supported cpus:
[    0.000000]   Intel GenuineIntel
[    0.000000]   AMD AuthenticAMD
[    0.000000]   Hygon HygonGenuine
[    0.000000]   Centaur CentaurHauls
[    0.000000]   zhaoxin   Shanghai  
[    0.000000] x86/fpu: Supporting XSAVE feature 0x001: 'x87 floating point registers'
[    0.000000] x86/fpu: Supporting XSAVE feature 0x002: 'SSE registers'
[    0.000000] x86/fpu: Supporting XSAVE feature 0x004: 'AVX registers'
[    0.000000] x86/fpu: xstate_offset[2]:  576, xstate_sizes[2]:  256
[    0.000000] x86/fpu: Enabled xstate features 0x7, context size is 832 bytes, using 'standard' format.
[    0.000000] BIOS-provided physical RAM map:
[    0.000000] BIOS-e820: [mem 0x0000000000000000-0x000000000009fbff] usable
[    0.000000] BIOS-e820: [mem 0x000000000009fc00-0x000000000009ffff] reserved
[    0.000000] BIOS-e820: [mem 0x00000000000f0000-0x00000000000fffff] reserved
[    0.000000] BIOS-e820: [mem 0x0000000000100000-0x000000007ffeffff] usable
[    0.000000] BIOS-e820: [mem 0x000000007fff0000-0x000000007fffffff] ACPI data
[    0.000000] BIOS-e820: [mem 0x00000000fec00000-0x00000000fec00fff] reserved
[    0.000000] BIOS-e820: [mem 0x00000000fee00000-0x00000000fee00fff] reserved
[    0.000000] BIOS-e820: [mem 0x00000000fffc0000-0x00000000ffffffff] reserved
[    0.000000] NX (Execute Disable) protection: active
[    0.000000] SMBIOS 2.5 present.
[    0.000000] DMI: innotek GmbH VirtualBox/VirtualBox, BIOS VirtualBox 12/01/2006
[    0.000000] Hypervisor detected: KVM
[    0.000000] kvm-clock: Using msrs 4b564d01 and 4b564d00
[    0.000000] kvm-clock: cpu 0, msr 61a01001, primary cpu clock
[    0.000000] kvm-clock: using sched offset of 4464733782 cycles
[    0.000003] clocksource: kvm-clock: mask: 0xffffffffffffffff max_cycles: 0x1cd42e4dffb, max_idle_ns: 881590591483 ns
[    0.000006] tsc: Detected 2100.000 MHz processor
[    0.001885] e820: update [mem 0x00000000-0x00000fff] usable ==> reserved
[    0.001887] e820: remove [mem 0x000a0000-0x000fffff] usable
[    0.001891] last_pfn = 0x7fff0 max_arch_pfn = 0x400000000
[    0.002195] MTRR default type: uncachable
[    0.002196] MTRR fixed ranges enabled:
[    0.002198]   00000-9FFFF write-back
[    0.002198]   A0000-BFFFF uncachable
[    0.002199]   C0000-FFFFF write-protect
[    0.002200] MTRR variable ranges enabled:
[    0.002201]   0 base 000000000000 mask 3FFF80000000 write-back
[    0.002202]   1 disabled
[    0.002202]   2 disabled
[    0.002203]   3 disabled
[    0.002203]   4 disabled
[    0.002204]   5 disabled
[    0.002204]   6 disabled
[    0.002204]   7 disabled
[    0.002205]   8 disabled
[    0.002205]   9 disabled
[    0.002206]   10 disabled
[    0.002206]   11 disabled
[    0.002207]   12 disabled
[    0.002207]   13 disabled
[    0.002207]   14 disabled
[    0.002208]   15 disabled
[    0.002262] x86/PAT: Configuration [0-7]: WB  WC  UC- UC  WB  WP  UC- WT  
[    0.002595] found SMP MP-table at [mem 0x0009fff0-0x0009ffff]
[    0.091093] check: Scanning 1 areas for low memory corruption
[    0.091244] RAMDISK: [mem 0x32271000-0x3512ffff]
[    0.091252] ACPI: Early table checksum verification disabled
[    0.091257] ACPI: RSDP 0x00000000000E0000 000024 (v02 VBOX  )
[    0.091262] ACPI: XSDT 0x000000007FFF0030 00003C (v01 VBOX   VBOXXSDT 00000001 ASL  00000061)
[    0.091268] ACPI: FACP 0x000000007FFF00F0 0000F4 (v04 VBOX   VBOXFACP 00000001 ASL  00000061)
[    0.091275] ACPI: DSDT 0x000000007FFF02E0 002353 (v02 VBOX   VBOXBIOS 00000002 VBOX 00029BF3)
[    0.091279] ACPI: FACS 0x000000007FFF0200 000040
[    0.091282] ACPI: FACS 0x000000007FFF0200 000040
[    0.091285] ACPI: APIC 0x000000007FFF0240 000054 (v02 VBOX   VBOXAPIC 00000001 ASL  00000061)
[    0.091289] ACPI: SSDT 0x000000007FFF02A0 000038 (v01 VBOX   VBOXCPUT 00000002 VBOX 00029BF3)
[    0.091292] ACPI: Reserving FACP table memory at [mem 0x7fff00f0-0x7fff01e3]
[    0.091293] ACPI: Reserving DSDT table memory at [mem 0x7fff02e0-0x7fff2632]
[    0.091294] ACPI: Reserving FACS table memory at [mem 0x7fff0200-0x7fff023f]
[    0.091294] ACPI: Reserving FACS table memory at [mem 0x7fff0200-0x7fff023f]
[    0.091295] ACPI: Reserving APIC table memory at [mem 0x7fff0240-0x7fff0293]
[    0.091296] ACPI: Reserving SSDT table memory at [mem 0x7fff02a0-0x7fff02d7]
[    0.091310] ACPI: Local APIC address 0xfee00000
[    0.091491] No NUMA configuration found
[    0.091492] Faking a node at [mem 0x0000000000000000-0x000000007ffeffff]
[    0.091502] NODE_DATA(0) allocated [mem 0x7ffc5000-0x7ffeffff]
[    0.091785] Zone ranges:
[    0.091786]   DMA      [mem 0x0000000000001000-0x0000000000ffffff]
[    0.091787]   DMA32    [mem 0x0000000001000000-0x000000007ffeffff]
[    0.091788]   Normal   empty
[    0.091788]   Device   empty
[    0.091789] Movable zone start for each node
[    0.091791] Early memory node ranges
[    0.091792]   node   0: [mem 0x0000000000001000-0x000000000009efff]
[    0.091793]   node   0: [mem 0x0000000000100000-0x000000007ffeffff]
[    0.091796] Zeroed struct page in unavailable ranges: 114 pages
[    0.091797] Initmem setup node 0 [mem 0x0000000000001000-0x000000007ffeffff]
[    0.091798] On node 0 totalpages: 524174
[    0.091799]   DMA zone: 64 pages used for memmap
[    0.091799]   DMA zone: 21 pages reserved
[    0.091801]   DMA zone: 3998 pages, LIFO batch:0
[    0.091872]   DMA32 zone: 8128 pages used for memmap
[    0.091872]   DMA32 zone: 520176 pages, LIFO batch:63
[    0.100819] ACPI: PM-Timer IO Port: 0x4008
[    0.100823] ACPI: Local APIC address 0xfee00000
[    0.100887] IOAPIC[0]: apic_id 1, version 32, address 0xfec00000, GSI 0-23
[    0.100890] ACPI: INT_SRC_OVR (bus 0 bus_irq 0 global_irq 2 dfl dfl)
[    0.100892] ACPI: INT_SRC_OVR (bus 0 bus_irq 9 global_irq 9 low level)
[    0.100893] ACPI: IRQ0 used by override.
[    0.100894] ACPI: IRQ9 used by override.
[    0.100897] Using ACPI (MADT) for SMP configuration information
[    0.100903] smpboot: Allowing 1 CPUs, 0 hotplug CPUs
[    0.100925] PM: Registered nosave memory: [mem 0x00000000-0x00000fff]
[    0.100926] PM: Registered nosave memory: [mem 0x0009f000-0x0009ffff]
[    0.100927] PM: Registered nosave memory: [mem 0x000a0000-0x000effff]
[    0.100927] PM: Registered nosave memory: [mem 0x000f0000-0x000fffff]
[    0.100929] [mem 0x80000000-0xfebfffff] available for PCI devices
[    0.100930] Booting paravirtualized kernel on KVM
[    0.100932] clocksource: refined-jiffies: mask: 0xffffffff max_cycles: 0xffffffff, max_idle_ns: 7645519600211568 ns
[    0.100937] setup_percpu: NR_CPUS:8192 nr_cpumask_bits:1 nr_cpu_ids:1 nr_node_ids:1
[    0.101953] percpu: Embedded 60 pages/cpu s208896 r8192 d28672 u2097152
[    0.101958] pcpu-alloc: s208896 r8192 d28672 u2097152 alloc=1*2097152
[    0.101959] pcpu-alloc: [0] 0 
[    0.101985] Built 1 zonelists, mobility grouping on.  Total pages: 515961
[    0.101986] Policy zone: DMA32
[    0.101987] Kernel command line: BOOT_IMAGE=/boot/vmlinuz-5.4.243-mptcp root=UUID=98415a12-53b7-4144-8265-0f7ece09e445 ro quiet splash
[    0.102862] Dentry cache hash table entries: 262144 (order: 9, 2097152 bytes, linear)
[    0.103132] Inode-cache hash table entries: 131072 (order: 8, 1048576 bytes, linear)
[    0.103185] mem auto-init: stack:off, heap alloc:on, heap free:off
[    0.103187] Calgary: detecting Calgary via BIOS EBDA area
[    0.103188] Calgary: Unable to locate Rio Grande table in EBDA - bailing!
[    0.107253] Memory: 1967332K/2096696K available (14339K kernel code, 2398K rwdata, 4712K rodata, 2728K init, 17260K bss, 129364K reserved, 0K cma-reserved)
[    0.108172] SLUB: HWalign=64, Order=0-3, MinObjects=0, CPUs=1, Nodes=1
[    0.108189] ftrace: allocating 43186 entries in 169 pages
[    0.126333] rcu: Hierarchical RCU implementation.
[    0.126335] rcu: 	RCU restricting CPUs from NR_CPUS=8192 to nr_cpu_ids=1.
[    0.126336] 	Tasks RCU enabled.
[    0.126337] rcu: RCU calculated value of scheduler-enlistment delay is 25 jiffies.
[    0.126338] rcu: Adjusting geometry for rcu_fanout_leaf=16, nr_cpu_ids=1
[    0.129296] NR_IRQS: 524544, nr_irqs: 256, preallocated irqs: 16
[    0.129506] random: crng init done
[    0.138877] Console: colour VGA+ 80x25
[    0.138880] printk: console [tty0] enabled
[    0.138899] ACPI: Core revision 20190816
[    0.138994] APIC: Switch to symmetric I/O mode setup
[    0.139244] x2apic enabled
[    0.139481] Switched APIC routing to physical x2apic.
[    0.140610] ..TIMER: vector=0x30 apic1=0 pin1=2 apic2=-1 pin2=-1
[    0.140634] clocksource: tsc-early: mask: 0xffffffffffffffff max_cycles: 0x1e4530a99b6, max_idle_ns: 440795257976 ns
[    0.140640] Calibrating delay loop (skipped) preset value.. 4200.00 BogoMIPS (lpj=8400000)
[    0.140642] pid_max: default: 32768 minimum: 301
[    0.140669] LSM: Security Framework initializing
[    0.140678] Yama: becoming mindful.
[    0.140704] AppArmor: AppArmor initialized
[    0.140736] Mount-cache hash table entries: 4096 (order: 3, 32768 bytes, linear)
[    0.140741] Mountpoint-cache hash table entries: 4096 (order: 3, 32768 bytes, linear)
[    0.140751] *** VALIDATE tmpfs ***
[    0.140876] *** VALIDATE proc ***
[    0.140914] *** VALIDATE cgroup1 ***
[    0.140915] *** VALIDATE cgroup2 ***
[    0.141053] process: using mwait in idle threads
[    0.141058] Last level iTLB entries: 4KB 64, 2MB 8, 4MB 8
[    0.141058] Last level dTLB entries: 4KB 64, 2MB 0, 4MB 0, 1GB 4
[    0.141078] Spectre V1 : Mitigation: usercopy/swapgs barriers and __user pointer sanitization
[    0.141083] Spectre V2 : Mitigation: Retpolines
[    0.141084] Spectre V2 : Spectre v2 / SpectreRSB mitigation: Filling RSB on context switch
[    0.141084] Spectre V2 : Spectre v2 / SpectreRSB : Filling RSB on VMEXIT
[    0.141085] RETBleed: WARNING: Spectre v2 mitigation leaves CPU vulnerable to RETBleed attacks, data leaks possible!
[    0.141480] RETBleed: Vulnerable
[    0.141481] Speculative Store Bypass: Vulnerable
[    0.141486] TAA: Mitigation: TSX disabled
[    0.141487] MMIO Stale Data: Mitigation: Clear CPU buffers
[    0.147198] Freeing SMP alternatives memory: 40K
[    0.257664] smpboot: CPU0: Intel(R) Xeon(R) Silver 4216 CPU @ 2.10GHz (family: 0x6, model: 0x55, stepping: 0x7)
[    0.257771] Performance Events: unsupported p6 CPU model 85 no PMU driver, software events only.
[    0.257806] rcu: Hierarchical SRCU implementation.
[    0.258264] NMI watchdog: Perf NMI watchdog permanently disabled
[    0.258299] smp: Bringing up secondary CPUs ...
[    0.258300] smp: Brought up 1 node, 1 CPU
[    0.258301] smpboot: Max logical packages: 1
[    0.258302] smpboot: Total of 1 processors activated (4200.00 BogoMIPS)
[    0.259251] devtmpfs: initialized
[    0.259292] x86/mm: Memory block size: 128MB
[    0.259617] clocksource: jiffies: mask: 0xffffffff max_cycles: 0xffffffff, max_idle_ns: 7645041785100000 ns
[    0.259621] futex hash table entries: 256 (order: 2, 16384 bytes, linear)
[    0.259659] pinctrl core: initialized pinctrl subsystem
[    0.259755] PM: RTC time: 21:38:45, date: 2026-01-14
[    0.259855] NET: Registered protocol family 16
[    0.259926] audit: initializing netlink subsys (disabled)
[    0.260044] EISA bus registered
[    0.260046] cpuidle: using governor ladder
[    0.260046] cpuidle: using governor menu
[    0.260080] ACPI: bus type PCI registered
[    0.260082] acpiphp: ACPI Hot Plug PCI Controller Driver version: 0.5
[    0.260179] PCI: Using configuration type 1 for base access
[    0.260836] audit: type=2000 audit(1768397931.390:1): state=initialized audit_enabled=0 res=1
[    0.260909] HugeTLB registered 2.00 MiB page size, pre-allocated 0 pages
[    0.261690] ACPI: Added _OSI(Module Device)
[    0.261691] ACPI: Added _OSI(Processor Device)
[    0.261692] ACPI: Added _OSI(3.0 _SCP Extensions)
[    0.261692] ACPI: Added _OSI(Processor Aggregator Device)
[    0.261693] ACPI: Added _OSI(Linux-Dell-Video)
[    0.261694] ACPI: Added _OSI(Linux-Lenovo-NV-HDMI-Audio)
[    0.261695] ACPI: Added _OSI(Linux-HPI-Hybrid-Graphics)
[    0.263621] ACPI: 2 ACPI AML tables successfully acquired and loaded
[    0.265125] ACPI: Interpreter enabled
[    0.265134] ACPI: (supports S0 S5)
[    0.265136] ACPI: Using IOAPIC for interrupt routing
[    0.265341] PCI: Using host bridge windows from ACPI; if necessary, use "pci=nocrs" and report a bug
[    0.265445] ACPI: Enabled 2 GPEs in block 00 to 07
[    0.270782] ACPI: PCI Root Bridge [PCI0] (domain 0000 [bus 00-ff])
[    0.270786] acpi PNP0A03:00: _OSC: OS supports [ASPM ClockPM Segments MSI HPX-Type3]
[    0.271241] acpi PNP0A03:00: _OSC: not requesting OS control; OS requires [ExtendedConfig ASPM ClockPM MSI]
[    0.271249] acpi PNP0A03:00: fail to add MMCONFIG information, can't access extended PCI configuration space under this bridge.
[    0.271681] PCI host bridge to bus 0000:00
[    0.271683] pci_bus 0000:00: root bus resource [io  0x0000-0x0cf7 window]
[    0.271684] pci_bus 0000:00: root bus resource [io  0x0d00-0xffff window]
[    0.271686] pci_bus 0000:00: root bus resource [mem 0x000a0000-0x000bffff window]
[    0.271687] pci_bus 0000:00: root bus resource [mem 0x80000000-0xfdffffff window]
[    0.271688] pci_bus 0000:00: root bus resource [bus 00-ff]
[    0.271732] pci 0000:00:00.0: [8086:1237] type 00 class 0x060000
[    0.272637] pci 0000:00:01.0: [8086:7000] type 00 class 0x060100
[    0.273381] pci 0000:00:01.1: [8086:7111] type 00 class 0x01018a
[    0.273878] pci 0000:00:01.1: reg 0x20: [io  0xd000-0xd00f]
[    0.274109] pci 0000:00:01.1: legacy IDE quirk: reg 0x10: [io  0x01f0-0x01f7]
[    0.274110] pci 0000:00:01.1: legacy IDE quirk: reg 0x14: [io  0x03f6]
[    0.274111] pci 0000:00:01.1: legacy IDE quirk: reg 0x18: [io  0x0170-0x0177]
[    0.274112] pci 0000:00:01.1: legacy IDE quirk: reg 0x1c: [io  0x0376]
[    0.276046] pci 0000:00:02.0: [15ad:0405] type 00 class 0x030000
[    0.278605] pci 0000:00:02.0: reg 0x10: [io  0xd010-0xd01f]
[    0.282524] pci 0000:00:02.0: reg 0x14: [mem 0xe0000000-0xe7ffffff pref]
[    0.284682] pci 0000:00:02.0: reg 0x18: [mem 0xf0000000-0xf01fffff]
[    0.297376] pci 0000:00:03.0: [1022:2000] type 00 class 0x020000
[    0.298167] pci 0000:00:03.0: reg 0x10: [io  0xd020-0xd03f]
[    0.298847] pci 0000:00:03.0: reg 0x14: [mem 0xf0200000-0xf0200fff]
[    0.302097] pci 0000:00:04.0: [80ee:cafe] type 00 class 0x088000
[    0.302794] pci 0000:00:04.0: reg 0x10: [io  0xd040-0xd05f]
[    0.303437] pci 0000:00:04.0: reg 0x14: [mem 0xf0400000-0xf07fffff]
[    0.304132] pci 0000:00:04.0: reg 0x18: [mem 0xf0800000-0xf0803fff pref]
[    0.307860] pci 0000:00:07.0: [8086:7113] type 00 class 0x068000
[    0.308437] pci 0000:00:07.0: quirk: [io  0x4000-0x403f] claimed by PIIX4 ACPI
[    0.308449] pci 0000:00:07.0: quirk: [io  0x4100-0x410f] claimed by PIIX4 SMB
[    0.309244] pci 0000:00:08.0: [8086:100e] type 00 class 0x020000
[    0.310082] pci 0000:00:08.0: reg 0x10: [mem 0xf0820000-0xf083ffff]
[    0.311455] pci 0000:00:08.0: reg 0x18: [io  0xd060-0xd067]
[    0.315029] pci 0000:00:09.0: [8086:100e] type 00 class 0x020000
[    0.315783] pci 0000:00:09.0: reg 0x10: [mem 0xf0840000-0xf085ffff]
[    0.317814] pci 0000:00:09.0: reg 0x18: [io  0xd068-0xd06f]
[    0.329245] ACPI: PCI Interrupt Link [LNKA] (IRQs 5 9 10 *11)
[    0.329529] ACPI: PCI Interrupt Link [LNKB] (IRQs 5 9 *10 11)
[    0.329631] ACPI: PCI Interrupt Link [LNKC] (IRQs 5 *9 10 11)
[    0.329750] ACPI: PCI Interrupt Link [LNKD] (IRQs 5 9 10 *11)
[    0.330013] iommu: Default domain type: Translated 
[    0.330074] pci 0000:00:02.0: vgaarb: setting as boot VGA device
[    0.330076] pci 0000:00:02.0: vgaarb: VGA device added: decodes=io+mem,owns=io+mem,locks=none
[    0.330078] pci 0000:00:02.0: vgaarb: bridge control possible
[    0.330079] vgaarb: loaded
[    0.330285] SCSI subsystem initialized
[    0.330316] libata version 3.00 loaded.
[    0.330341] ACPI: bus type USB registered
[    0.330356] usbcore: registered new interface driver usbfs
[    0.330362] usbcore: registered new interface driver hub
[    0.330367] usbcore: registered new device driver usb
[    0.330392] pps_core: LinuxPPS API ver. 1 registered
[    0.330393] pps_core: Software ver. 5.3.6 - Copyright 2005-2007 Rodolfo Giometti <giometti@linux.it>
[    0.330395] PTP clock support registered
[    0.330433] EDAC MC: Ver: 3.0.0
[    0.330714] PCI: Using ACPI for IRQ routing
[    0.330716] PCI: pci_cache_line_size set to 64 bytes
[    0.330881] e820: reserve RAM buffer [mem 0x0009fc00-0x0009ffff]
[    0.330885] e820: reserve RAM buffer [mem 0x7fff0000-0x7fffffff]
[    0.331680] NetLabel: Initializing
[    0.331681] NetLabel:  domain hash size = 128
[    0.331681] NetLabel:  protocols = UNLABELED CIPSOv4 CALIPSO
[    0.331702] NetLabel:  unlabeled traffic allowed by default
[    0.332594] clocksource: Switched to clocksource kvm-clock
[    0.343058] *** VALIDATE bpf ***
[    0.343118] VFS: Disk quotas dquot_6.6.0
[    0.343130] VFS: Dquot-cache hash table entries: 512 (order 0, 4096 bytes)
[    0.343152] *** VALIDATE ramfs ***
[    0.343155] *** VALIDATE hugetlbfs ***
[    0.343235] AppArmor: AppArmor Filesystem Enabled
[    0.343260] pnp: PnP ACPI init
[    0.343319] pnp 00:00: Plug and Play ACPI device, IDs PNP0303 (active)
[    0.343401] pnp 00:01: Plug and Play ACPI device, IDs PNP0f03 (active)
[    0.344153] pnp: PnP ACPI: found 2 devices
[    0.345104] thermal_sys: Registered thermal governor 'fair_share'
[    0.345105] thermal_sys: Registered thermal governor 'bang_bang'
[    0.345106] thermal_sys: Registered thermal governor 'step_wise'
[    0.345106] thermal_sys: Registered thermal governor 'user_space'
[    0.345107] thermal_sys: Registered thermal governor 'power_allocator'
[    0.349645] clocksource: acpi_pm: mask: 0xffffff max_cycles: 0xffffff, max_idle_ns: 2085701024 ns
[    0.349685] pci_bus 0000:00: resource 4 [io  0x0000-0x0cf7 window]
[    0.349686] pci_bus 0000:00: resource 5 [io  0x0d00-0xffff window]
[    0.349688] pci_bus 0000:00: resource 6 [mem 0x000a0000-0x000bffff window]
[    0.349689] pci_bus 0000:00: resource 7 [mem 0x80000000-0xfdffffff window]
[    0.349746] NET: Registered protocol family 2
[    0.349830] IP idents hash table entries: 32768 (order: 6, 262144 bytes, linear)
[    0.350235] MPTCP tokens hash table entries: 8192 (order: 4, 65536 bytes, linear)
[    0.350255] MPTCP request tokens hash table entries: 8192 (order: 4, 65536 bytes, linear)
[    0.350281] default registered
[    0.350281] default registered
[    0.350281] MPTCP: Stable release v0.96
[    0.350287] tcp_listen_portaddr_hash hash table entries: 1024 (order: 2, 16384 bytes, linear)
[    0.350368] TCP established hash table entries: 16384 (order: 5, 131072 bytes, linear)
[    0.350433] TCP bind hash table entries: 16384 (order: 6, 262144 bytes, linear)
[    0.350459] TCP: Hash tables configured (established 16384 bind 16384)
[    0.351173] UDP hash table entries: 1024 (order: 3, 32768 bytes, linear)
[    0.351186] UDP-Lite hash table entries: 1024 (order: 3, 32768 bytes, linear)
[    0.351310] NET: Registered protocol family 1
[    0.351321] NET: Registered protocol family 44
[    0.351343] pci 0000:00:00.0: Limiting direct PCI/PCI transfers
[    0.351358] pci 0000:00:01.0: Activating ISA DMA hang workarounds
[    0.351420] pci 0000:00:02.0: Video device with shadowed ROM at [mem 0x000c0000-0x000dffff]
[    0.351493] PCI: CLS 0 bytes, default 64
[    0.351539] Trying to unpack rootfs image as initramfs...
[    0.530970] Freeing initrd memory: 47868K
[    0.531058] clocksource: tsc: mask: 0xffffffffffffffff max_cycles: 0x1e4530a99b6, max_idle_ns: 440795257976 ns
[    0.531067] clocksource: Switched to clocksource tsc
[    0.531103] platform rtc_cmos: registered platform RTC device (no PNP device found)
[    0.531133] check: Scanning for low memory corruption every 60 seconds
[    0.531354] Initialise system trusted keyrings
[    0.531354] Key type blacklist registered
[    0.531354] workingset: timestamp_bits=36 max_order=19 bucket_order=0
[    0.531354] zbud: loaded
[    0.531354] squashfs: version 4.0 (2009/01/31) Phillip Lougher
[    0.531354] fuse: init (API version 7.31)
[    0.531354] *** VALIDATE fuse ***
[    0.531354] *** VALIDATE fuse ***
[    0.531354] Platform Keyring initialized
[    0.531354] Key type asymmetric registered
[    0.531354] Asymmetric key parser 'x509' registered
[    0.531354] Block layer SCSI generic (bsg) driver version 0.4 loaded (major 244)
[    0.531354] io scheduler mq-deadline registered
[    0.531354] shpchp: Standard Hot Plug PCI Controller Driver version: 0.4
[    0.536805] ACPI: AC Adapter [AC] (on-line)
[    0.536849] input: Power Button as /devices/LNXSYSTM:00/LNXPWRBN:00/input/input0
[    0.536876] ACPI: Power Button [PWRF]
[    0.536953] input: Sleep Button as /devices/LNXSYSTM:00/LNXSLPBN:00/input/input1
[    0.536968] ACPI: Sleep Button [SLPF]
[    0.537196] Serial: 8250/16550 driver, 32 ports, IRQ sharing enabled
[    0.538373] Linux agpgart interface v0.103
[    0.627183] loop: module loaded
[    0.627320] ata_piix 0000:00:01.1: version 2.13
[    0.627716] scsi host0: ata_piix
[    0.627805] scsi host1: ata_piix
[    0.627831] ata1: PATA max UDMA/33 cmd 0x1f0 ctl 0x3f6 bmdma 0xd000 irq 14
[    0.627832] ata2: PATA max UDMA/33 cmd 0x170 ctl 0x376 bmdma 0xd008 irq 15
[    0.627908] tun: Universal TUN/TAP device driver, 1.6
[    0.628212] PPP generic driver version 2.4.2
[    0.628255] VFIO - User Level meta-driver version: 0.3
[    0.628489] ehci_hcd: USB 2.0 'Enhanced' Host Controller (EHCI) Driver
[    0.628493] ehci-pci: EHCI PCI platform driver
[    0.628508] ehci-platform: EHCI generic platform driver
[    0.628513] ohci_hcd: USB 1.1 'Open' Host Controller (OHCI) Driver
[    0.628515] ohci-pci: OHCI PCI platform driver
[    0.628522] ohci-platform: OHCI generic platform driver
[    0.628526] uhci_hcd: USB Universal Host Controller Interface driver
[    0.628587] i8042: PNP: PS/2 Controller [PNP0303:PS2K,PNP0f03:PS2M] at 0x60,0x64 irq 1,12
[    0.629024] serio: i8042 KBD port at 0x60,0x64 irq 1
[    0.629027] serio: i8042 AUX port at 0x60,0x64 irq 12
[    0.629111] mousedev: PS/2 mouse device common for all mice
[    0.629374] input: AT Translated Set 2 keyboard as /devices/platform/i8042/serio0/input/input2
[    0.629797] rtc_cmos rtc_cmos: registered as rtc0
[    0.629810] rtc_cmos rtc_cmos: alarms up to one day, 114 bytes nvram
[    0.629815] i2c /dev entries driver
[    0.629859] device-mapper: uevent: version 1.0.3
[    0.629901] device-mapper: ioctl: 4.41.0-ioctl (2019-09-16) initialised: dm-devel@redhat.com
[    0.629917] platform eisa.0: Probing EISA bus 0
[    0.629919] platform eisa.0: EISA: Cannot allocate resource for mainboard
[    0.629920] platform eisa.0: Cannot allocate resource for EISA slot 1
[    0.629921] platform eisa.0: Cannot allocate resource for EISA slot 2
[    0.629922] platform eisa.0: Cannot allocate resource for EISA slot 3
[    0.629923] platform eisa.0: Cannot allocate resource for EISA slot 4
[    0.629924] platform eisa.0: Cannot allocate resource for EISA slot 5
[    0.629925] platform eisa.0: Cannot allocate resource for EISA slot 6
[    0.629926] platform eisa.0: Cannot allocate resource for EISA slot 7
[    0.629927] platform eisa.0: Cannot allocate resource for EISA slot 8
[    0.629928] platform eisa.0: EISA: Detected 0 cards
[    0.629930] intel_pstate: CPU model not supported
[    0.629940] ledtrig-cpu: registered to indicate activity on CPUs
[    0.629993] drop_monitor: Initializing network drop monitor service
[    0.630149] NET: Registered protocol family 10
[    0.635230] Segment Routing with IPv6
[    0.635258] fullmesh registered
[    0.635259] ndiffports registered
[    0.635261] binder registered
[    0.635262] roundrobin registered
[    0.635262] redundant registered
[    0.635263] blest registered
[    0.635263] ecf registered
[    0.635265] NET: Registered protocol family 17
[    0.635293] Key type dns_resolver registered
[    0.635340] RAS: Correctable Errors collector initialized.
[    0.635340] IPI shorthand broadcast: enabled
[    0.635340] sched_clock: Marking stable (620200510, 11139585)->(634800175, -3460080)
[    0.635463] registered taskstats version 1
[    0.635471] Loading compiled-in X.509 certificates
[    0.636057] Loaded X.509 cert 'Build time autogenerated kernel key: 6909f3744cebb3d0de528d5887b96a727de79b1e'
[    0.636075] zswap: loaded using pool lzo/zbud
[    0.636125] Key type ._fscrypt registered
[    0.636125] Key type .fscrypt registered
[    0.640543] Key type big_key registered
[    0.642722] Key type encrypted registered
[    0.642725] AppArmor: AppArmor sha1 policy hashing enabled
[    0.642731] ima: No TPM chip found, activating TPM-bypass!
[    0.642735] ima: Allocated hash algorithm: sha1
[    0.642740] ima: No architecture policies found
[    0.642749] evm: Initialising EVM extended attributes:
[    0.642750] evm: security.selinux
[    0.642750] evm: security.SMACK64
[    0.642751] evm: security.SMACK64EXEC
[    0.642751] evm: security.SMACK64TRANSMUTE
[    0.642752] evm: security.SMACK64MMAP
[    0.642752] evm: security.apparmor
[    0.642752] evm: security.ima
[    0.642753] evm: security.capability
[    0.642753] evm: HMAC attrs: 0x1
[    0.643043] PM:   Magic number: 10:829:651
[    0.643073] acpi PNP0A03:00: hash matches
[    0.643173] rtc_cmos rtc_cmos: setting system clock to 2026-01-14T21:38:46 UTC (1768426726)
[    0.799082] ata1.00: ATA-6: VBOX HARDDISK, 1.0, max UDMA/133
[    0.799084] ata1.00: 209715200 sectors, multi 128: LBA 
[    0.799826] scsi 0:0:0:0: Direct-Access     ATA      VBOX HARDDISK    1.0  PQ: 0 ANSI: 5
[    0.800012] sd 0:0:0:0: [sda] 209715200 512-byte logical blocks: (107 GB/100 GiB)
[    0.800019] sd 0:0:0:0: [sda] Write Protect is off
[    0.800020] sd 0:0:0:0: [sda] Mode Sense: 00 3a 00 00
[    0.800030] sd 0:0:0:0: [sda] Write cache: enabled, read cache: enabled, doesn't support DPO or FUA
[    0.800174] sd 0:0:0:0: Attached scsi generic sg0 type 0
[    0.801270]  sda: sda1 sda2
[    0.807277] sd 0:0:0:0: [sda] Attached SCSI disk
[    0.809067] Freeing unused decrypted memory: 2040K
[    0.809748] Freeing unused kernel image memory: 2728K
[    0.809750] Write protecting the kernel read-only data: 22528k
[    0.810418] Freeing unused kernel image memory: 2036K
[    0.810799] Freeing unused kernel image memory: 1432K
[    0.825020] x86/mm: Checked W+X mappings: passed, no W+X pages found.
[    0.825026] Run /init as init process
[    0.937175] ACPI: Video Device [GFX0] (multi-head: yes  rom: no  post: no)
[    0.937266] input: Video Bus as /devices/LNXSYSTM:00/LNXSYBUS:00/PNP0A03:00/LNXVIDEO:00/input/input4
[    0.950853] pcnet32: pcnet32.c:v1.35 21.Apr.2008 tsbogend@alpha.franken.de
[    0.951727] pcnet32: PCnet/FAST III 79C973 at 0xd020, 08:00:27:05:4b:d4 assigned IRQ 19
[    0.951770] pcnet32: Found PHY 0022:561b at address 0
[    0.952069] pcnet32: eth0: registered as PCnet/FAST III 79C973
[    0.952963] pcnet32: 1 cards_found
[    0.954145] piix4_smbus 0000:00:07.0: SMBus Host Controller at 0x4100, revision 0
[    0.958174] e1000: Intel(R) PRO/1000 Network Driver - version 7.3.21-k8-NAPI
[    0.958174] e1000: Copyright (c) 1999-2006 Intel Corporation.
[    1.028292] pcnet32 0000:00:03.0 enp0s3: renamed from eth0
[    1.171157] input: ImExPS/2 Generic Explorer Mouse as /devices/platform/i8042/serio1/input/input5
[    1.367564] e1000 0000:00:08.0 eth0: (PCI:33MHz:32-bit) 08:00:27:7e:61:7a
[    1.367568] e1000 0000:00:08.0 eth0: Intel(R) PRO/1000 Network Connection
[    1.743602] e1000 0000:00:09.0 eth1: (PCI:33MHz:32-bit) 08:00:27:17:e7:1a
[    1.743605] e1000 0000:00:09.0 eth1: Intel(R) PRO/1000 Network Connection
[    1.744748] e1000 0000:00:09.0 enp0s9: renamed from eth1
[    1.746650] e1000 0000:00:08.0 enp0s8: renamed from eth0
[    1.897702] EXT4-fs (sda2): mounted filesystem with ordered data mode. Opts: (null)
[    1.980338] systemd[1]: Inserted module 'autofs4'
[    1.989146] systemd[1]: systemd 245.4-4ubuntu3 running in system mode. (+PAM +AUDIT +SELINUX +IMA +APPARMOR +SMACK +SYSVINIT +UTMP +LIBCRYPTSETUP +GCRYPT +GNUTLS +ACL +XZ +LZ4 +SECCOMP +BLKID +ELFUTILS +KMOD +IDN2 -IDN +PCRE2 default-hierarchy=hybrid)
[    1.989175] systemd[1]: Detected virtualization oracle.
[    1.989178] systemd[1]: Detected architecture x86-64.
[    1.990495] systemd[1]: Set hostname to <ztg>.
[    2.115946] systemd[1]: /lib/systemd/system/dbus.socket:5: ListenStream= references a path below legacy directory /var/run/, updating /var/run/dbus/system_bus_socket â†’ /run/dbus/system_bus_socket; please update the unit file accordingly.
[    2.168669] systemd[1]: Created slice system-modprobe.slice.
[    2.168850] systemd[1]: Created slice User and Session Slice.
[    2.168891] systemd[1]: Started Forward Password Requests to Wall Directory Watch.
[    2.169050] systemd[1]: Set up automount Arbitrary Executable File Formats File System Automount Point.
[    2.169085] systemd[1]: Reached target User and Group Name Lookups.
[    2.169093] systemd[1]: Reached target Remote File Systems.
[    2.169101] systemd[1]: Reached target Slices.
[    2.169627] systemd[1]: Listening on Syslog Socket.
[    2.169696] systemd[1]: Listening on fsck to fsckd communication Socket.
[    2.169732] systemd[1]: Listening on initctl Compatibility Named Pipe.
[    2.169885] systemd[1]: Listening on Journal Audit Socket.
[    2.169937] systemd[1]: Listening on Journal Socket (/dev/log).
[    2.170005] systemd[1]: Listening on Journal Socket.
[    2.170069] systemd[1]: Listening on udev Control Socket.
[    2.170107] systemd[1]: Listening on udev Kernel Socket.
[    2.170812] systemd[1]: Mounting Huge Pages File System...
[    2.171748] systemd[1]: Mounting POSIX Message Queue File System...
[    2.172590] systemd[1]: Mounting Kernel Debug File System...
[    2.173423] systemd[1]: Mounting Kernel Trace File System...
[    2.175288] systemd[1]: Starting Journal Service...
[    2.197512] systemd[1]: Starting Set the console keyboard layout...
[    2.205444] systemd[1]: Starting Create list of static device nodes for the current kernel...
[    2.207515] systemd[1]: Starting Load Kernel Module drm...
[    2.208673] systemd[1]: Condition check resulted in Set Up Additional Binary Formats being skipped.
[    2.208714] systemd[1]: Condition check resulted in File System Check on Root Device being skipped.
[    2.219280] systemd[1]: Starting Load Kernel Modules...
[    2.227418] systemd[1]: Starting Remount Root and Kernel File Systems...
[    2.246897] systemd[1]: Starting udev Coldplug all Devices...
[    2.249186] systemd[1]: Starting Uncomplicated firewall...
[    2.250728] systemd[1]: Mounted Huge Pages File System.
[    2.250826] systemd[1]: Mounted POSIX Message Queue File System.
[    2.250904] systemd[1]: Mounted Kernel Debug File System.
[    2.250973] systemd[1]: Mounted Kernel Trace File System.
[    2.270104] EXT4-fs (sda2): re-mounted. Opts: errors=remount-ro
[    2.290419] systemd[1]: Finished Create list of static device nodes for the current kernel.
[    2.291651] systemd[1]: modprobe@drm.service: Succeeded.
[    2.298074] systemd[1]: Finished Load Kernel Module drm.
[    2.298686] systemd[1]: Finished Remount Root and Kernel File Systems.
[    2.299487] systemd[1]: Finished Uncomplicated firewall.
[    2.316270] lp: driver loaded but no devices found
[    2.319409] systemd[1]: Condition check resulted in Rebuild Hardware Database being skipped.
[    2.319446] systemd[1]: Condition check resulted in Platform Persistent Storage Archival being skipped.
[    2.320114] systemd[1]: Starting Load/Save Random Seed...
[    2.325076] systemd[1]: Starting Create System Users...
[    2.330725] ppdev: user-space parallel port driver
[    2.338625] systemd[1]: Finished Load/Save Random Seed.
[    2.343631] systemd[1]: Finished Create System Users.
[    2.344381] systemd[1]: Starting Create Static Device Nodes in /dev...
[    2.361321] systemd[1]: Finished Create Static Device Nodes in /dev.
[    2.362067] systemd[1]: Starting udev Kernel Device Manager...
[    2.410253] systemd[1]: Finished udev Coldplug all Devices.
[    2.413828] [drm] DMA map mode: Caching DMA mappings.
[    2.413889] [drm] Capabilities:
[    2.413890] [drm]   Rect copy.
[    2.413890] [drm]   Cursor.
[    2.413890] [drm]   Cursor bypass.
[    2.413891] [drm]   Cursor bypass 2.
[    2.413891] [drm]   Alpha cursor.
[    2.413891] [drm]   Extended Fifo.
[    2.413892] [drm]   Pitchlock.
[    2.413892] [drm]   Irq mask.
[    2.413892] [drm]   GMR.
[    2.413893] [drm]   Traces.
[    2.413893] [drm]   GMR2.
[    2.413893] [drm]   Screen Object 2.
[    2.413894] [drm]   Command Buffers.
[    2.413894] [drm]   Command Buffers 2.
[    2.413895] [drm]   Guest Backed Resources.
[    2.413896] [drm] Max GMR ids is 8192
[    2.413896] [drm] Max number of GMR pages is 1048576
[    2.413897] [drm] Max dedicated hypervisor surface memory is 393216 kiB
[    2.413897] [drm] Maximum display memory size is 131072 kiB
[    2.413898] [drm] VRAM at 0xe0000000 size is 131072 kiB
[    2.413899] [drm] MMIO at 0xf0000000 size is 2048 kiB
[    2.415104] [TTM] Zone  kernel: Available graphics memory: 1011738 KiB
[    2.415105] [TTM] Initializing pool allocator
[    2.415109] [TTM] Initializing DMA pool allocator
[    2.415173] [drm] Supports vblank timestamp caching Rev 2 (21.10.2013).
[    2.415174] [drm] No driver support for vblank timestamp query.
[    2.415885] [drm] Screen Target Display device initialized
[    2.416075] [drm] width 720
[    2.416087] [drm] height 400
[    2.416091] [drm] bpp 32
[    2.416623] [drm] Fifo max 0x00200000 min 0x00001000 cap 0x00000355
[    2.417768] [drm] Using command buffers with DMA pool.
[    2.417772] [drm] DX: no.
[    2.417773] [drm] Atomic: yes.
[    2.417773] [drm] SM4_1: no.
[    2.417801] [drm:vmw_host_log [vmwgfx]] *ERROR* Failed to send host log message.
[    2.418687] [drm:vmw_host_log [vmwgfx]] *ERROR* Failed to send host log message.
[    2.431370] fbcon: svgadrmfb (fb0) is primary device
[    2.433449] Console: switching to colour frame buffer device 100x37
[    2.467819] [drm] Initialized vmwgfx 2.15.0 20180704 for 0000:00:02.0 on minor 0
[    2.469009] systemd[1]: Finished Load Kernel Modules.
[    2.469948] systemd[1]: Mounting FUSE Control File System...
[    2.471156] systemd[1]: Mounting Kernel Configuration File System...
[    2.486652] systemd[1]: Starting Apply Kernel Variables...
[    2.488486] systemd[1]: Mounted FUSE Control File System.
[    2.488543] systemd[1]: Condition check resulted in VMware vmblock fuse mount being skipped.
[    2.489912] systemd[1]: Mounted Kernel Configuration File System.
[    2.501691] systemd[1]: Finished Apply Kernel Variables.
[    2.502455] systemd[1]: Finished Set the console keyboard layout.
[    2.502528] systemd[1]: Reached target Local File Systems (Pre).
[    2.504667] systemd[1]: Mounting Mount unit for bare, revision 5...
[    2.506637] systemd[1]: Mounting Mount unit for core18, revision 1705...
[    2.522052] systemd[1]: Mounting Mount unit for gnome-3-34-1804, revision 24...
[    2.525885] systemd[1]: Mounting Mount unit for gtk-common-themes, revision 1506...
[    2.533088] systemd[1]: Mounting Mount unit for gtk-common-themes, revision 1535...
[    2.547809] systemd[1]: Mounting Mount unit for snap-store, revision 433...
[    2.560509] systemd[1]: Mounting Mount unit for snapd, revision 25935...
[    2.593425] systemd[1]: Mounted Mount unit for bare, revision 5.
[    2.593517] systemd[1]: Mounted Mount unit for core18, revision 1705.
[    2.593594] systemd[1]: Mounted Mount unit for gnome-3-34-1804, revision 24.
[    2.601592] systemd[1]: Started udev Kernel Device Manager.
[    2.601698] systemd[1]: Mounted Mount unit for gtk-common-themes, revision 1506.
[    2.602443] systemd[1]: Starting Show Plymouth Boot Screen...
[    2.606615] systemd[1]: Received SIGRTMIN+20 from PID 284 (plymouthd).
[    2.642336] systemd[1]: Started Show Plymouth Boot Screen.
[    2.642493] systemd[1]: Condition check resulted in Dispatch Password Requests to Console Directory Watch being skipped.
[    2.642593] systemd[1]: Started Forward Password Requests to Plymouth Directory Watch.
[    2.642625] systemd[1]: Reached target Local Encrypted Volumes.
[    2.695316] systemd[1]: Mounted Mount unit for gtk-common-themes, revision 1535.
[    2.728560] systemd[1]: Mounted Mount unit for snap-store, revision 433.
[    2.728805] systemd[1]: Mounted Mount unit for snapd, revision 25935.
[    2.728953] systemd[1]: Reached target Local File Systems.
[    2.731221] systemd[1]: Starting Load AppArmor profiles...
[    2.732142] systemd[1]: Starting Set console font and keymap...
[    2.742605] systemd[1]: Starting Tell Plymouth To Write Out Runtime Data...
[    2.744562] systemd[1]: Condition check resulted in Store a System Token in an EFI Variable being skipped.
[    2.744613] systemd[1]: Condition check resulted in Commit a transient machine-id on disk being skipped.
[    2.750779] systemd[1]: Finished Set console font and keymap.
[    2.756165] systemd[1]: Received SIGRTMIN+20 from PID 284 (plymouthd).
[    2.757214] systemd[1]: plymouth-read-write.service: Succeeded.
[    2.757485] systemd[1]: Finished Tell Plymouth To Write Out Runtime Data.
[    2.797359] audit: type=1400 audit(1768426728.652:2): apparmor="STATUS" operation="profile_load" profile="unconfined" name="nvidia_modprobe" pid=303 comm="apparmor_parser"
[    2.797362] audit: type=1400 audit(1768426728.652:3): apparmor="STATUS" operation="profile_load" profile="unconfined" name="nvidia_modprobe//kmod" pid=303 comm="apparmor_parser"
[    2.803878] audit: type=1400 audit(1768426728.660:4): apparmor="STATUS" operation="profile_load" profile="unconfined" name="/usr/sbin/tcpdump" pid=304 comm="apparmor_parser"
[    2.831159] audit: type=1400 audit(1768426728.680:5): apparmor="STATUS" operation="profile_load" profile="unconfined" name="/usr/bin/evince" pid=306 comm="apparmor_parser"
[    2.831161] audit: type=1400 audit(1768426728.680:6): apparmor="STATUS" operation="profile_load" profile="unconfined" name="/usr/bin/evince//sanitized_helper" pid=306 comm="apparmor_parser"
[    2.831162] audit: type=1400 audit(1768426728.680:7): apparmor="STATUS" operation="profile_load" profile="unconfined" name="/usr/bin/evince-previewer" pid=306 comm="apparmor_parser"
[    2.831164] audit: type=1400 audit(1768426728.680:8): apparmor="STATUS" operation="profile_load" profile="unconfined" name="/usr/bin/evince-previewer//sanitized_helper" pid=306 comm="apparmor_parser"
[    2.831165] audit: type=1400 audit(1768426728.680:9): apparmor="STATUS" operation="profile_load" profile="unconfined" name="/usr/bin/evince-thumbnailer" pid=306 comm="apparmor_parser"
[    2.860721] audit: type=1400 audit(1768426728.716:10): apparmor="STATUS" operation="profile_load" profile="unconfined" name="/usr/lib/cups/backend/cups-pdf" pid=307 comm="apparmor_parser"
[    2.938786] systemd[1]: Finished Load AppArmor profiles.
[    2.939703] systemd[1]: Starting Load AppArmor profiles managed internally by snapd...
[    3.046465] systemd[1]: Finished Load AppArmor profiles managed internally by snapd.
[    3.164301] systemd[1]: Started Journal Service.
[    3.174279] systemd-journald[229]: Received client request to flush runtime journal.
[    3.177237] systemd-journald[229]: File /var/log/journal/c455b248004a419c87ce85eea238d727/system.journal corrupted or uncleanly shut down, renaming and replacing.
[    4.413768] RAPL PMU: API unit is 2^-32 Joules, 0 fixed counters, 10737418240 ms ovfl timer
[    4.470615] cryptd: max_cpu_qlen set to 1000
[    4.562580] AVX2 version of gcm_enc/dec engaged.
[    4.562581] AES CTR mode by8 optimization enabled
[    6.301170] Adding 1998844k swap on /dev/sda1.  Priority:-2 extents:1 across:1998844k FS
[    7.568959] kauditd_printk_skb: 30 callbacks suppressed
[    7.568960] audit: type=1400 audit(1768426733.420:41): apparmor="DENIED" operation="capable" profile="/usr/sbin/cups-browsed" pid=511 comm="cups-browsed" capability=23  capname="sys_nice"
[    8.694176] pcnet32 0000:00:03.0 enp0s3: link up, 100Mbps, full-duplex
[    8.750415] e1000: enp0s8 NIC Link is Up 1000 Mbps Full Duplex, Flow Control: RX
[    8.750708] IPv6: ADDRCONF(NETDEV_CHANGE): enp0s8: link becomes ready
[    8.772974] e1000: enp0s9 NIC Link is Up 1000 Mbps Full Duplex, Flow Control: RX
[    8.773257] IPv6: ADDRCONF(NETDEV_CHANGE): enp0s9: link becomes ready
[    9.396098] device enp0s3 entered promiscuous mode
[    9.421634] audit: type=1400 audit(1768426735.276:42): apparmor="DENIED" operation="open" profile="/usr/sbin/tcpdump" name="/proc/sys/kernel/random/boot_id" pid=642 comm="tcpdump" requested_mask="r" denied_mask="r" fsuid=0 ouid=0
[    9.421840] audit: type=1400 audit(1768426735.276:43): apparmor="DENIED" operation="open" profile="/usr/sbin/tcpdump" name="/proc/sys/kernel/random/boot_id" pid=642 comm="tcpdump" requested_mask="r" denied_mask="r" fsuid=0 ouid=0
[    9.421938] audit: type=1400 audit(1768426735.276:44): apparmor="DENIED" operation="open" profile="/usr/sbin/tcpdump" name="/proc/sys/kernel/random/boot_id" pid=642 comm="tcpdump" requested_mask="r" denied_mask="r" fsuid=0 ouid=0
[    9.422044] audit: type=1400 audit(1768426735.276:45): apparmor="DENIED" operation="open" profile="/usr/sbin/tcpdump" name="/proc/sys/kernel/random/boot_id" pid=642 comm="tcpdump" requested_mask="r" denied_mask="r" fsuid=0 ouid=0
[    9.424342] audit: type=1400 audit(1768426735.280:46): apparmor="DENIED" operation="open" profile="/usr/sbin/tcpdump" name="/proc/sys/kernel/random/boot_id" pid=643 comm="tcpdump" requested_mask="r" denied_mask="r" fsuid=0 ouid=0
[    9.428586] audit: type=1400 audit(1768426735.280:47): apparmor="DENIED" operation="open" profile="/usr/sbin/tcpdump" name="/proc/sys/kernel/random/boot_id" pid=643 comm="tcpdump" requested_mask="r" denied_mask="r" fsuid=0 ouid=0
[    9.428726] audit: type=1400 audit(1768426735.280:48): apparmor="DENIED" operation="open" profile="/usr/sbin/tcpdump" name="/proc/sys/kernel/random/boot_id" pid=643 comm="tcpdump" requested_mask="r" denied_mask="r" fsuid=0 ouid=0
[    9.428788] audit: type=1400 audit(1768426735.280:49): apparmor="DENIED" operation="open" profile="/usr/sbin/tcpdump" name="/proc/sys/kernel/random/boot_id" pid=643 comm="tcpdump" requested_mask="r" denied_mask="r" fsuid=0 ouid=0
[   15.595102] rfkill: input handler disabled
[  311.135453] AAAAA-TCP_FORW: name:enp0s3: saddr:100932208: daddr:16783984
[  311.288596] AAAAA-TCP_FORW: name:enp0s3: saddr:100932208: daddr:16783984
[  311.432455] AAAAA-TCP_FORW: name:enp0s3: saddr:100932208: daddr:33561200
[  311.566227] AAAAA-TCP_FORW: name:enp0s3: saddr:100932208: daddr:33561200
[  311.663038] AAAAA-TCP_FORW: name:enp0s3: saddr:100932208: daddr:16783984
[  311.802635] AAAAA-TCP_FORW: name:enp0s3: saddr:100932208: daddr:16783984
[  311.895319] AAAAA-TCP_FORW: name:enp0s3: saddr:100932208: daddr:33561200
[  312.019317] AAAAA-TCP_FORW: name:enp0s3: saddr:100932208: daddr:33561200
[  541.103632] rfkill: input handler enabled
[  550.371840] rfkill: input handler disabled
[  745.912550] device enp0s3 left promiscuous mode
