[    0.000000] Linux version 5.4.243-mptcp (root@ztg) (gcc version 12.2.0 (Debian 12.2.0-14+deb12u1)) #53 SMP Wed Dec 24 23:28:15 CST 2025
[    0.000000] Command line: BOOT_IMAGE=/boot/vmlinuz-5.4.243-mptcp root=UUID=98415a12-53b7-4144-8265-0f7ece09e445 ro quiet splash
[    0.000000] KERNEL supported cpus:
[    0.000000]   Intel GenuineIntel
[    0.000000]   AMD AuthenticAMD
[    0.000000]   Hygon HygonGenuine
[    0.000000]   Centaur CentaurHauls
[    0.000000]   zhaoxin   Shanghai  
[    0.000000] x86/fpu: Supporting XSAVE feature 0x001: 'x87 floating point registers'
[    0.000000] x86/fpu: Supporting XSAVE feature 0x002: 'SSE registers'
[    0.000000] x86/fpu: Supporting XSAVE feature 0x004: 'AVX registers'
[    0.000000] x86/fpu: xstate_offset[2]:  576, xstate_sizes[2]:  256
[    0.000000] x86/fpu: Enabled xstate features 0x7, context size is 832 bytes, using 'standard' format.
[    0.000000] BIOS-provided physical RAM map:
[    0.000000] BIOS-e820: [mem 0x0000000000000000-0x000000000009fbff] usable
[    0.000000] BIOS-e820: [mem 0x000000000009fc00-0x000000000009ffff] reserved
[    0.000000] BIOS-e820: [mem 0x00000000000f0000-0x00000000000fffff] reserved
[    0.000000] BIOS-e820: [mem 0x0000000000100000-0x000000007ffeffff] usable
[    0.000000] BIOS-e820: [mem 0x000000007fff0000-0x000000007fffffff] ACPI data
[    0.000000] BIOS-e820: [mem 0x00000000fec00000-0x00000000fec00fff] reserved
[    0.000000] BIOS-e820: [mem 0x00000000fee00000-0x00000000fee00fff] reserved
[    0.000000] BIOS-e820: [mem 0x00000000fffc0000-0x00000000ffffffff] reserved
[    0.000000] NX (Execute Disable) protection: active
[    0.000000] SMBIOS 2.5 present.
[    0.000000] DMI: innotek GmbH VirtualBox/VirtualBox, BIOS VirtualBox 12/01/2006
[    0.000000] Hypervisor detected: KVM
[    0.000000] kvm-clock: Using msrs 4b564d01 and 4b564d00
[    0.000000] kvm-clock: cpu 0, msr 1f801001, primary cpu clock
[    0.000000] kvm-clock: using sched offset of 4405488325 cycles
[    0.000003] clocksource: kvm-clock: mask: 0xffffffffffffffff max_cycles: 0x1cd42e4dffb, max_idle_ns: 881590591483 ns
[    0.000006] tsc: Detected 2100.000 MHz processor
[    0.001881] e820: update [mem 0x00000000-0x00000fff] usable ==> reserved
[    0.001883] e820: remove [mem 0x000a0000-0x000fffff] usable
[    0.001887] last_pfn = 0x7fff0 max_arch_pfn = 0x400000000
[    0.001955] MTRR default type: uncachable
[    0.001956] MTRR fixed ranges enabled:
[    0.001957]   00000-9FFFF write-back
[    0.001958]   A0000-BFFFF uncachable
[    0.001958]   C0000-FFFFF write-protect
[    0.001959] MTRR variable ranges enabled:
[    0.001961]   0 base 000000000000 mask 3FFF80000000 write-back
[    0.001961]   1 disabled
[    0.001962]   2 disabled
[    0.001962]   3 disabled
[    0.001962]   4 disabled
[    0.001963]   5 disabled
[    0.001963]   6 disabled
[    0.001964]   7 disabled
[    0.001964]   8 disabled
[    0.001964]   9 disabled
[    0.001965]   10 disabled
[    0.001965]   11 disabled
[    0.001966]   12 disabled
[    0.001966]   13 disabled
[    0.001967]   14 disabled
[    0.001967]   15 disabled
[    0.001984] x86/PAT: Configuration [0-7]: WB  WC  UC- UC  WB  WP  UC- WT  
[    0.002117] found SMP MP-table at [mem 0x0009fff0-0x0009ffff]
[    0.093960] check: Scanning 1 areas for low memory corruption
[    0.094168] RAMDISK: [mem 0x32271000-0x3512ffff]
[    0.094177] ACPI: Early table checksum verification disabled
[    0.094182] ACPI: RSDP 0x00000000000E0000 000024 (v02 VBOX  )
[    0.094186] ACPI: XSDT 0x000000007FFF0030 00003C (v01 VBOX   VBOXXSDT 00000001 ASL  00000061)
[    0.094192] ACPI: FACP 0x000000007FFF00F0 0000F4 (v04 VBOX   VBOXFACP 00000001 ASL  00000061)
[    0.094199] ACPI: DSDT 0x000000007FFF02E0 002353 (v02 VBOX   VBOXBIOS 00000002 VBOX 00029BF3)
[    0.094203] ACPI: FACS 0x000000007FFF0200 000040
[    0.094206] ACPI: FACS 0x000000007FFF0200 000040
[    0.094210] ACPI: APIC 0x000000007FFF0240 000054 (v02 VBOX   VBOXAPIC 00000001 ASL  00000061)
[    0.094213] ACPI: SSDT 0x000000007FFF02A0 000038 (v01 VBOX   VBOXCPUT 00000002 VBOX 00029BF3)
[    0.094216] ACPI: Reserving FACP table memory at [mem 0x7fff00f0-0x7fff01e3]
[    0.094217] ACPI: Reserving DSDT table memory at [mem 0x7fff02e0-0x7fff2632]
[    0.094218] ACPI: Reserving FACS table memory at [mem 0x7fff0200-0x7fff023f]
[    0.094219] ACPI: Reserving FACS table memory at [mem 0x7fff0200-0x7fff023f]
[    0.094219] ACPI: Reserving APIC table memory at [mem 0x7fff0240-0x7fff0293]
[    0.094220] ACPI: Reserving SSDT table memory at [mem 0x7fff02a0-0x7fff02d7]
[    0.094234] ACPI: Local APIC address 0xfee00000
[    0.094424] No NUMA configuration found
[    0.094425] Faking a node at [mem 0x0000000000000000-0x000000007ffeffff]
[    0.094436] NODE_DATA(0) allocated [mem 0x7ffc5000-0x7ffeffff]
[    0.094696] Zone ranges:
[    0.094697]   DMA      [mem 0x0000000000001000-0x0000000000ffffff]
[    0.094698]   DMA32    [mem 0x0000000001000000-0x000000007ffeffff]
[    0.094699]   Normal   empty
[    0.094700]   Device   empty
[    0.094701] Movable zone start for each node
[    0.094703] Early memory node ranges
[    0.094703]   node   0: [mem 0x0000000000001000-0x000000000009efff]
[    0.094704]   node   0: [mem 0x0000000000100000-0x000000007ffeffff]
[    0.094707] Zeroed struct page in unavailable ranges: 114 pages
[    0.094708] Initmem setup node 0 [mem 0x0000000000001000-0x000000007ffeffff]
[    0.094709] On node 0 totalpages: 524174
[    0.094710]   DMA zone: 64 pages used for memmap
[    0.094711]   DMA zone: 21 pages reserved
[    0.094712]   DMA zone: 3998 pages, LIFO batch:0
[    0.094782]   DMA32 zone: 8128 pages used for memmap
[    0.094783]   DMA32 zone: 520176 pages, LIFO batch:63
[    0.103675] ACPI: PM-Timer IO Port: 0x4008
[    0.103679] ACPI: Local APIC address 0xfee00000
[    0.103748] IOAPIC[0]: apic_id 1, version 32, address 0xfec00000, GSI 0-23
[    0.103752] ACPI: INT_SRC_OVR (bus 0 bus_irq 0 global_irq 2 dfl dfl)
[    0.103753] ACPI: INT_SRC_OVR (bus 0 bus_irq 9 global_irq 9 low level)
[    0.103755] ACPI: IRQ0 used by override.
[    0.103756] ACPI: IRQ9 used by override.
[    0.103759] Using ACPI (MADT) for SMP configuration information
[    0.103766] smpboot: Allowing 1 CPUs, 0 hotplug CPUs
[    0.103789] PM: Registered nosave memory: [mem 0x00000000-0x00000fff]
[    0.103790] PM: Registered nosave memory: [mem 0x0009f000-0x0009ffff]
[    0.103790] PM: Registered nosave memory: [mem 0x000a0000-0x000effff]
[    0.103791] PM: Registered nosave memory: [mem 0x000f0000-0x000fffff]
[    0.103792] [mem 0x80000000-0xfebfffff] available for PCI devices
[    0.103793] Booting paravirtualized kernel on KVM
[    0.103797] clocksource: refined-jiffies: mask: 0xffffffff max_cycles: 0xffffffff, max_idle_ns: 7645519600211568 ns
[    0.103802] setup_percpu: NR_CPUS:8192 nr_cpumask_bits:1 nr_cpu_ids:1 nr_node_ids:1
[    0.104804] percpu: Embedded 60 pages/cpu s208896 r8192 d28672 u2097152
[    0.104808] pcpu-alloc: s208896 r8192 d28672 u2097152 alloc=1*2097152
[    0.104809] pcpu-alloc: [0] 0 
[    0.104837] Built 1 zonelists, mobility grouping on.  Total pages: 515961
[    0.104837] Policy zone: DMA32
[    0.104838] Kernel command line: BOOT_IMAGE=/boot/vmlinuz-5.4.243-mptcp root=UUID=98415a12-53b7-4144-8265-0f7ece09e445 ro quiet splash
[    0.105677] Dentry cache hash table entries: 262144 (order: 9, 2097152 bytes, linear)
[    0.105822] Inode-cache hash table entries: 131072 (order: 8, 1048576 bytes, linear)
[    0.105873] mem auto-init: stack:off, heap alloc:on, heap free:off
[    0.105875] Calgary: detecting Calgary via BIOS EBDA area
[    0.105876] Calgary: Unable to locate Rio Grande table in EBDA - bailing!
[    0.109895] Memory: 1967332K/2096696K available (14339K kernel code, 2398K rwdata, 4712K rodata, 2728K init, 17260K bss, 129364K reserved, 0K cma-reserved)
[    0.110795] SLUB: HWalign=64, Order=0-3, MinObjects=0, CPUs=1, Nodes=1
[    0.110812] ftrace: allocating 43186 entries in 169 pages
[    0.128821] rcu: Hierarchical RCU implementation.
[    0.128823] rcu: 	RCU restricting CPUs from NR_CPUS=8192 to nr_cpu_ids=1.
[    0.128824] 	Tasks RCU enabled.
[    0.128825] rcu: RCU calculated value of scheduler-enlistment delay is 25 jiffies.
[    0.128826] rcu: Adjusting geometry for rcu_fanout_leaf=16, nr_cpu_ids=1
[    0.131778] NR_IRQS: 524544, nr_irqs: 256, preallocated irqs: 16
[    0.131989] random: crng init done
[    0.141221] Console: colour VGA+ 80x25
[    0.141225] printk: console [tty0] enabled
[    0.141244] ACPI: Core revision 20190816
[    0.141361] APIC: Switch to symmetric I/O mode setup
[    0.141611] x2apic enabled
[    0.141851] Switched APIC routing to physical x2apic.
[    0.142978] ..TIMER: vector=0x30 apic1=0 pin1=2 apic2=-1 pin2=-1
[    0.143004] clocksource: tsc-early: mask: 0xffffffffffffffff max_cycles: 0x1e4530a99b6, max_idle_ns: 440795257976 ns
[    0.143010] Calibrating delay loop (skipped) preset value.. 4200.00 BogoMIPS (lpj=8400000)
[    0.143012] pid_max: default: 32768 minimum: 301
[    0.143041] LSM: Security Framework initializing
[    0.143050] Yama: becoming mindful.
[    0.143076] AppArmor: AppArmor initialized
[    0.143111] Mount-cache hash table entries: 4096 (order: 3, 32768 bytes, linear)
[    0.143115] Mountpoint-cache hash table entries: 4096 (order: 3, 32768 bytes, linear)
[    0.143125] *** VALIDATE tmpfs ***
[    0.143253] *** VALIDATE proc ***
[    0.143294] *** VALIDATE cgroup1 ***
[    0.143295] *** VALIDATE cgroup2 ***
[    0.143436] process: using mwait in idle threads
[    0.143441] Last level iTLB entries: 4KB 64, 2MB 8, 4MB 8
[    0.143441] Last level dTLB entries: 4KB 64, 2MB 0, 4MB 0, 1GB 4
[    0.143462] Spectre V1 : Mitigation: usercopy/swapgs barriers and __user pointer sanitization
[    0.143467] Spectre V2 : Mitigation: Retpolines
[    0.143468] Spectre V2 : Spectre v2 / SpectreRSB mitigation: Filling RSB on context switch
[    0.143469] Spectre V2 : Spectre v2 / SpectreRSB : Filling RSB on VMEXIT
[    0.143470] RETBleed: WARNING: Spectre v2 mitigation leaves CPU vulnerable to RETBleed attacks, data leaks possible!
[    0.143822] RETBleed: Vulnerable
[    0.143822] Speculative Store Bypass: Vulnerable
[    0.143827] TAA: Mitigation: TSX disabled
[    0.143827] MMIO Stale Data: Mitigation: Clear CPU buffers
[    0.148052] Freeing SMP alternatives memory: 40K
[    0.259726] smpboot: CPU0: Intel(R) Xeon(R) Silver 4216 CPU @ 2.10GHz (family: 0x6, model: 0x55, stepping: 0x7)
[    0.259846] Performance Events: unsupported p6 CPU model 85 no PMU driver, software events only.
[    0.259883] rcu: Hierarchical SRCU implementation.
[    0.260358] NMI watchdog: Perf NMI watchdog permanently disabled
[    0.260396] smp: Bringing up secondary CPUs ...
[    0.260397] smp: Brought up 1 node, 1 CPU
[    0.260398] smpboot: Max logical packages: 1
[    0.260399] smpboot: Total of 1 processors activated (4200.00 BogoMIPS)
[    0.261358] devtmpfs: initialized
[    0.261405] x86/mm: Memory block size: 128MB
[    0.261753] clocksource: jiffies: mask: 0xffffffff max_cycles: 0xffffffff, max_idle_ns: 7645041785100000 ns
[    0.261758] futex hash table entries: 256 (order: 2, 16384 bytes, linear)
[    0.261802] pinctrl core: initialized pinctrl subsystem
[    0.261903] PM: RTC time: 20:45:38, date: 2026-01-14
[    0.262009] NET: Registered protocol family 16
[    0.262083] audit: initializing netlink subsys (disabled)
[    0.262210] EISA bus registered
[    0.262211] cpuidle: using governor ladder
[    0.262212] cpuidle: using governor menu
[    0.262247] ACPI: bus type PCI registered
[    0.262250] acpiphp: ACPI Hot Plug PCI Controller Driver version: 0.5
[    0.262353] PCI: Using configuration type 1 for base access
[    0.263263] audit: type=2000 audit(1768394744.908:1): state=initialized audit_enabled=0 res=1
[    0.263341] HugeTLB registered 2.00 MiB page size, pre-allocated 0 pages
[    0.264147] ACPI: Added _OSI(Module Device)
[    0.264148] ACPI: Added _OSI(Processor Device)
[    0.264148] ACPI: Added _OSI(3.0 _SCP Extensions)
[    0.264149] ACPI: Added _OSI(Processor Aggregator Device)
[    0.264150] ACPI: Added _OSI(Linux-Dell-Video)
[    0.264151] ACPI: Added _OSI(Linux-Lenovo-NV-HDMI-Audio)
[    0.264152] ACPI: Added _OSI(Linux-HPI-Hybrid-Graphics)
[    0.266105] ACPI: 2 ACPI AML tables successfully acquired and loaded
[    0.267765] ACPI: Interpreter enabled
[    0.267774] ACPI: (supports S0 S5)
[    0.267775] ACPI: Using IOAPIC for interrupt routing
[    0.267980] PCI: Using host bridge windows from ACPI; if necessary, use "pci=nocrs" and report a bug
[    0.268085] ACPI: Enabled 2 GPEs in block 00 to 07
[    0.272902] ACPI: PCI Root Bridge [PCI0] (domain 0000 [bus 00-ff])
[    0.272907] acpi PNP0A03:00: _OSC: OS supports [ASPM ClockPM Segments MSI HPX-Type3]
[    0.273351] acpi PNP0A03:00: _OSC: not requesting OS control; OS requires [ExtendedConfig ASPM ClockPM MSI]
[    0.273359] acpi PNP0A03:00: fail to add MMCONFIG information, can't access extended PCI configuration space under this bridge.
[    0.273727] PCI host bridge to bus 0000:00
[    0.273729] pci_bus 0000:00: root bus resource [io  0x0000-0x0cf7 window]
[    0.273730] pci_bus 0000:00: root bus resource [io  0x0d00-0xffff window]
[    0.273731] pci_bus 0000:00: root bus resource [mem 0x000a0000-0x000bffff window]
[    0.273733] pci_bus 0000:00: root bus resource [mem 0x80000000-0xfdffffff window]
[    0.273734] pci_bus 0000:00: root bus resource [bus 00-ff]
[    0.273779] pci 0000:00:00.0: [8086:1237] type 00 class 0x060000
[    0.275529] pci 0000:00:01.0: [8086:7000] type 00 class 0x060100
[    0.276281] pci 0000:00:01.1: [8086:7111] type 00 class 0x01018a
[    0.276654] pci 0000:00:01.1: reg 0x20: [io  0xd000-0xd00f]
[    0.276807] pci 0000:00:01.1: legacy IDE quirk: reg 0x10: [io  0x01f0-0x01f7]
[    0.276808] pci 0000:00:01.1: legacy IDE quirk: reg 0x14: [io  0x03f6]
[    0.276809] pci 0000:00:01.1: legacy IDE quirk: reg 0x18: [io  0x0170-0x0177]
[    0.276810] pci 0000:00:01.1: legacy IDE quirk: reg 0x1c: [io  0x0376]
[    0.277356] pci 0000:00:02.0: [15ad:0405] type 00 class 0x030000
[    0.279082] pci 0000:00:02.0: reg 0x10: [io  0xd010-0xd01f]
[    0.281885] pci 0000:00:02.0: reg 0x14: [mem 0xe0000000-0xe7ffffff pref]
[    0.284871] pci 0000:00:02.0: reg 0x18: [mem 0xf0000000-0xf01fffff]
[    0.295802] pci 0000:00:03.0: [1022:2000] type 00 class 0x020000
[    0.296523] pci 0000:00:03.0: reg 0x10: [io  0xd020-0xd03f]
[    0.297141] pci 0000:00:03.0: reg 0x14: [mem 0xf0200000-0xf0200fff]
[    0.301570] pci 0000:00:04.0: [80ee:cafe] type 00 class 0x088000
[    0.302245] pci 0000:00:04.0: reg 0x10: [io  0xd040-0xd05f]
[    0.302851] pci 0000:00:04.0: reg 0x14: [mem 0xf0400000-0xf07fffff]
[    0.303119] pci 0000:00:04.0: reg 0x18: [mem 0xf0800000-0xf0803fff pref]
[    0.306652] pci 0000:00:07.0: [8086:7113] type 00 class 0x068000
[    0.307273] pci 0000:00:07.0: quirk: [io  0x4000-0x403f] claimed by PIIX4 ACPI
[    0.307285] pci 0000:00:07.0: quirk: [io  0x4100-0x410f] claimed by PIIX4 SMB
[    0.307868] pci 0000:00:08.0: [1022:2000] type 00 class 0x020000
[    0.308532] pci 0000:00:08.0: reg 0x10: [io  0xd060-0xd07f]
[    0.309144] pci 0000:00:08.0: reg 0x14: [mem 0xf0804000-0xf0804fff]
[    0.312414] pci 0000:00:09.0: [8086:100e] type 00 class 0x020000
[    0.313120] pci 0000:00:09.0: reg 0x10: [mem 0xf0820000-0xf083ffff]
[    0.315077] pci 0000:00:09.0: reg 0x18: [io  0xd080-0xd087]
[    0.324017] ACPI: PCI Interrupt Link [LNKA] (IRQs 5 9 10 *11)
[    0.324300] ACPI: PCI Interrupt Link [LNKB] (IRQs 5 9 *10 11)
[    0.324403] ACPI: PCI Interrupt Link [LNKC] (IRQs 5 *9 10 11)
[    0.324508] ACPI: PCI Interrupt Link [LNKD] (IRQs 5 9 10 *11)
[    0.324759] iommu: Default domain type: Translated 
[    0.324818] pci 0000:00:02.0: vgaarb: setting as boot VGA device
[    0.324820] pci 0000:00:02.0: vgaarb: VGA device added: decodes=io+mem,owns=io+mem,locks=none
[    0.324822] pci 0000:00:02.0: vgaarb: bridge control possible
[    0.324823] vgaarb: loaded
[    0.325032] SCSI subsystem initialized
[    0.325062] libata version 3.00 loaded.
[    0.325088] ACPI: bus type USB registered
[    0.325104] usbcore: registered new interface driver usbfs
[    0.325109] usbcore: registered new interface driver hub
[    0.325117] usbcore: registered new device driver usb
[    0.325143] pps_core: LinuxPPS API ver. 1 registered
[    0.325143] pps_core: Software ver. 5.3.6 - Copyright 2005-2007 Rodolfo Giometti <giometti@linux.it>
[    0.325145] PTP clock support registered
[    0.325179] EDAC MC: Ver: 3.0.0
[    0.327269] PCI: Using ACPI for IRQ routing
[    0.327271] PCI: pci_cache_line_size set to 64 bytes
[    0.327442] e820: reserve RAM buffer [mem 0x0009fc00-0x0009ffff]
[    0.327446] e820: reserve RAM buffer [mem 0x7fff0000-0x7fffffff]
[    0.328247] NetLabel: Initializing
[    0.328248] NetLabel:  domain hash size = 128
[    0.328248] NetLabel:  protocols = UNLABELED CIPSOv4 CALIPSO
[    0.328268] NetLabel:  unlabeled traffic allowed by default
[    0.329171] clocksource: Switched to clocksource kvm-clock
[    0.341384] *** VALIDATE bpf ***
[    0.341446] VFS: Disk quotas dquot_6.6.0
[    0.341458] VFS: Dquot-cache hash table entries: 512 (order 0, 4096 bytes)
[    0.341481] *** VALIDATE ramfs ***
[    0.341485] *** VALIDATE hugetlbfs ***
[    0.341566] AppArmor: AppArmor Filesystem Enabled
[    0.341591] pnp: PnP ACPI init
[    0.341658] pnp 00:00: Plug and Play ACPI device, IDs PNP0303 (active)
[    0.341724] pnp 00:01: Plug and Play ACPI device, IDs PNP0f03 (active)
[    0.342457] pnp: PnP ACPI: found 2 devices
[    0.343473] thermal_sys: Registered thermal governor 'fair_share'
[    0.343474] thermal_sys: Registered thermal governor 'bang_bang'
[    0.343475] thermal_sys: Registered thermal governor 'step_wise'
[    0.343475] thermal_sys: Registered thermal governor 'user_space'
[    0.343476] thermal_sys: Registered thermal governor 'power_allocator'
[    0.348004] clocksource: acpi_pm: mask: 0xffffff max_cycles: 0xffffff, max_idle_ns: 2085701024 ns
[    0.348045] pci_bus 0000:00: resource 4 [io  0x0000-0x0cf7 window]
[    0.348046] pci_bus 0000:00: resource 5 [io  0x0d00-0xffff window]
[    0.348048] pci_bus 0000:00: resource 6 [mem 0x000a0000-0x000bffff window]
[    0.348049] pci_bus 0000:00: resource 7 [mem 0x80000000-0xfdffffff window]
[    0.348108] NET: Registered protocol family 2
[    0.348182] IP idents hash table entries: 32768 (order: 6, 262144 bytes, linear)
[    0.348579] MPTCP tokens hash table entries: 8192 (order: 4, 65536 bytes, linear)
[    0.348599] MPTCP request tokens hash table entries: 8192 (order: 4, 65536 bytes, linear)
[    0.348624] default registered
[    0.348624] default registered
[    0.348625] MPTCP: Stable release v0.96
[    0.348630] tcp_listen_portaddr_hash hash table entries: 1024 (order: 2, 16384 bytes, linear)
[    0.348709] TCP established hash table entries: 16384 (order: 5, 131072 bytes, linear)
[    0.348774] TCP bind hash table entries: 16384 (order: 6, 262144 bytes, linear)
[    0.348799] TCP: Hash tables configured (established 16384 bind 16384)
[    0.349489] UDP hash table entries: 1024 (order: 3, 32768 bytes, linear)
[    0.349500] UDP-Lite hash table entries: 1024 (order: 3, 32768 bytes, linear)
[    0.349532] NET: Registered protocol family 1
[    0.349540] NET: Registered protocol family 44
[    0.349560] pci 0000:00:00.0: Limiting direct PCI/PCI transfers
[    0.349573] pci 0000:00:01.0: Activating ISA DMA hang workarounds
[    0.349628] pci 0000:00:02.0: Video device with shadowed ROM at [mem 0x000c0000-0x000dffff]
[    0.349693] PCI: CLS 0 bytes, default 64
[    0.349742] Trying to unpack rootfs image as initramfs...
[    0.519771] Freeing initrd memory: 47868K
[    0.519771] clocksource: tsc: mask: 0xffffffffffffffff max_cycles: 0x1e4530a99b6, max_idle_ns: 440795257976 ns
[    0.519771] clocksource: Switched to clocksource tsc
[    0.519771] platform rtc_cmos: registered platform RTC device (no PNP device found)
[    0.519771] check: Scanning for low memory corruption every 60 seconds
[    0.519771] Initialise system trusted keyrings
[    0.519771] Key type blacklist registered
[    0.519771] workingset: timestamp_bits=36 max_order=19 bucket_order=0
[    0.519771] zbud: loaded
[    0.519771] squashfs: version 4.0 (2009/01/31) Phillip Lougher
[    0.519771] fuse: init (API version 7.31)
[    0.519771] *** VALIDATE fuse ***
[    0.519771] *** VALIDATE fuse ***
[    0.519771] Platform Keyring initialized
[    0.534539] Key type asymmetric registered
[    0.534540] Asymmetric key parser 'x509' registered
[    0.534549] Block layer SCSI generic (bsg) driver version 0.4 loaded (major 244)
[    0.534586] io scheduler mq-deadline registered
[    0.534706] shpchp: Standard Hot Plug PCI Controller Driver version: 0.4
[    0.534930] ACPI: AC Adapter [AC] (on-line)
[    0.534974] input: Power Button as /devices/LNXSYSTM:00/LNXPWRBN:00/input/input0
[    0.535002] ACPI: Power Button [PWRF]
[    0.535101] input: Sleep Button as /devices/LNXSYSTM:00/LNXSLPBN:00/input/input1
[    0.535115] ACPI: Sleep Button [SLPF]
[    0.535343] Serial: 8250/16550 driver, 32 ports, IRQ sharing enabled
[    0.536487] Linux agpgart interface v0.103
[    0.627085] loop: module loaded
[    0.627233] ata_piix 0000:00:01.1: version 2.13
[    0.627647] scsi host0: ata_piix
[    0.627739] scsi host1: ata_piix
[    0.627765] ata1: PATA max UDMA/33 cmd 0x1f0 ctl 0x3f6 bmdma 0xd000 irq 14
[    0.627766] ata2: PATA max UDMA/33 cmd 0x170 ctl 0x376 bmdma 0xd008 irq 15
[    0.627848] tun: Universal TUN/TAP device driver, 1.6
[    0.628177] PPP generic driver version 2.4.2
[    0.628221] VFIO - User Level meta-driver version: 0.3
[    0.628458] ehci_hcd: USB 2.0 'Enhanced' Host Controller (EHCI) Driver
[    0.628463] ehci-pci: EHCI PCI platform driver
[    0.628479] ehci-platform: EHCI generic platform driver
[    0.628485] ohci_hcd: USB 1.1 'Open' Host Controller (OHCI) Driver
[    0.628487] ohci-pci: OHCI PCI platform driver
[    0.628494] ohci-platform: OHCI generic platform driver
[    0.628498] uhci_hcd: USB Universal Host Controller Interface driver
[    0.628565] i8042: PNP: PS/2 Controller [PNP0303:PS2K,PNP0f03:PS2M] at 0x60,0x64 irq 1,12
[    0.628998] serio: i8042 KBD port at 0x60,0x64 irq 1
[    0.629001] serio: i8042 AUX port at 0x60,0x64 irq 12
[    0.629086] mousedev: PS/2 mouse device common for all mice
[    0.629340] input: AT Translated Set 2 keyboard as /devices/platform/i8042/serio0/input/input2
[    0.629735] rtc_cmos rtc_cmos: registered as rtc0
[    0.629748] rtc_cmos rtc_cmos: alarms up to one day, 114 bytes nvram
[    0.629753] i2c /dev entries driver
[    0.629795] device-mapper: uevent: version 1.0.3
[    0.629838] device-mapper: ioctl: 4.41.0-ioctl (2019-09-16) initialised: dm-devel@redhat.com
[    0.629853] platform eisa.0: Probing EISA bus 0
[    0.629855] platform eisa.0: EISA: Cannot allocate resource for mainboard
[    0.629856] platform eisa.0: Cannot allocate resource for EISA slot 1
[    0.629857] platform eisa.0: Cannot allocate resource for EISA slot 2
[    0.629858] platform eisa.0: Cannot allocate resource for EISA slot 3
[    0.629859] platform eisa.0: Cannot allocate resource for EISA slot 4
[    0.629860] platform eisa.0: Cannot allocate resource for EISA slot 5
[    0.629861] platform eisa.0: Cannot allocate resource for EISA slot 6
[    0.629862] platform eisa.0: Cannot allocate resource for EISA slot 7
[    0.629863] platform eisa.0: Cannot allocate resource for EISA slot 8
[    0.629864] platform eisa.0: EISA: Detected 0 cards
[    0.629866] intel_pstate: CPU model not supported
[    0.629876] ledtrig-cpu: registered to indicate activity on CPUs
[    0.629928] drop_monitor: Initializing network drop monitor service
[    0.630088] NET: Registered protocol family 10
[    0.635163] Segment Routing with IPv6
[    0.635163] fullmesh registered
[    0.635163] ndiffports registered
[    0.635163] binder registered
[    0.635163] roundrobin registered
[    0.635163] redundant registered
[    0.635163] blest registered
[    0.635163] ecf registered
[    0.635163] NET: Registered protocol family 17
[    0.635163] Key type dns_resolver registered
[    0.635163] RAS: Correctable Errors collector initialized.
[    0.635163] IPI shorthand broadcast: enabled
[    0.635163] sched_clock: Marking stable (620138031, 11025962)->(632278614, -1114621)
[    0.635434] registered taskstats version 1
[    0.635443] Loading compiled-in X.509 certificates
[    0.636031] Loaded X.509 cert 'Build time autogenerated kernel key: 6909f3744cebb3d0de528d5887b96a727de79b1e'
[    0.636049] zswap: loaded using pool lzo/zbud
[    0.636102] Key type ._fscrypt registered
[    0.636102] Key type .fscrypt registered
[    0.640531] Key type big_key registered
[    0.642690] Key type encrypted registered
[    0.642693] AppArmor: AppArmor sha1 policy hashing enabled
[    0.642699] ima: No TPM chip found, activating TPM-bypass!
[    0.642703] ima: Allocated hash algorithm: sha1
[    0.642709] ima: No architecture policies found
[    0.642719] evm: Initialising EVM extended attributes:
[    0.642719] evm: security.selinux
[    0.642720] evm: security.SMACK64
[    0.642720] evm: security.SMACK64EXEC
[    0.642721] evm: security.SMACK64TRANSMUTE
[    0.642721] evm: security.SMACK64MMAP
[    0.642721] evm: security.apparmor
[    0.642722] evm: security.ima
[    0.642722] evm: security.capability
[    0.642723] evm: HMAC attrs: 0x1
[    0.643015] PM:   Magic number: 10:379:801
[    0.643058] acpi PNP0F03:00: hash matches
[    0.643146] rtc_cmos rtc_cmos: setting system clock to 2026-01-14T20:45:39 UTC (1768423539)
[    0.799959] ata1.00: ATA-6: VBOX HARDDISK, 1.0, max UDMA/133
[    0.799962] ata1.00: 209715200 sectors, multi 128: LBA 
[    0.800588] scsi 0:0:0:0: Direct-Access     ATA      VBOX HARDDISK    1.0  PQ: 0 ANSI: 5
[    0.800860] sd 0:0:0:0: [sda] 209715200 512-byte logical blocks: (107 GB/100 GiB)
[    0.800872] sd 0:0:0:0: [sda] Write Protect is off
[    0.800875] sd 0:0:0:0: [sda] Mode Sense: 00 3a 00 00
[    0.800894] sd 0:0:0:0: [sda] Write cache: enabled, read cache: enabled, doesn't support DPO or FUA
[    0.801117] sd 0:0:0:0: Attached scsi generic sg0 type 0
[    0.802429]  sda: sda1 sda2
[    0.811382] sd 0:0:0:0: [sda] Attached SCSI disk
[    0.816620] Freeing unused decrypted memory: 2040K
[    0.817965] Freeing unused kernel image memory: 2728K
[    0.817969] Write protecting the kernel read-only data: 22528k
[    0.819467] Freeing unused kernel image memory: 2036K
[    0.820251] Freeing unused kernel image memory: 1432K
[    0.855708] x86/mm: Checked W+X mappings: passed, no W+X pages found.
[    0.855712] Run /init as init process
[    0.959335] ACPI: Video Device [GFX0] (multi-head: yes  rom: no  post: no)
[    0.959408] input: Video Bus as /devices/LNXSYSTM:00/LNXSYBUS:00/PNP0A03:00/LNXVIDEO:00/input/input4
[    0.970448] pcnet32: pcnet32.c:v1.35 21.Apr.2008 tsbogend@alpha.franken.de
[    0.972081] piix4_smbus 0000:00:07.0: SMBus Host Controller at 0x4100, revision 0
[    0.977323] e1000: Intel(R) PRO/1000 Network Driver - version 7.3.21-k8-NAPI
[    0.977324] e1000: Copyright (c) 1999-2006 Intel Corporation.
[    0.981606] pcnet32: PCnet/FAST III 79C973 at 0xd020, 08:00:27:c3:93:1f assigned IRQ 19
[    0.981650] pcnet32: Found PHY 0022:561b at address 0
[    0.981947] pcnet32: eth0: registered as PCnet/FAST III 79C973
[    0.989459] pcnet32: PCnet/FAST III 79C973 at 0xd060, 08:00:27:ac:4e:21 assigned IRQ 16
[    0.989502] pcnet32: Found PHY 0022:561b at address 0
[    0.989799] pcnet32: eth1: registered as PCnet/FAST III 79C973
[    0.995488] pcnet32: 2 cards_found
[    1.051542] pcnet32 0000:00:03.0 enp0s3: renamed from eth0
[    1.057567] pcnet32 0000:00:08.0 enp0s8: renamed from eth1
[    1.189711] input: ImExPS/2 Generic Explorer Mouse as /devices/platform/i8042/serio1/input/input5
[    1.387318] e1000 0000:00:09.0 eth0: (PCI:33MHz:32-bit) 08:00:27:fd:b2:37
[    1.387323] e1000 0000:00:09.0 eth0: Intel(R) PRO/1000 Network Connection
[    1.388438] e1000 0000:00:09.0 enp0s9: renamed from eth0
[    1.535842] EXT4-fs (sda2): mounted filesystem with ordered data mode. Opts: (null)
[    1.625970] systemd[1]: Inserted module 'autofs4'
[    1.638431] systemd[1]: systemd 245.4-4ubuntu3 running in system mode. (+PAM +AUDIT +SELINUX +IMA +APPARMOR +SMACK +SYSVINIT +UTMP +LIBCRYPTSETUP +GCRYPT +GNUTLS +ACL +XZ +LZ4 +SECCOMP +BLKID +ELFUTILS +KMOD +IDN2 -IDN +PCRE2 default-hierarchy=hybrid)
[    1.638463] systemd[1]: Detected virtualization oracle.
[    1.638466] systemd[1]: Detected architecture x86-64.
[    1.639827] systemd[1]: Set hostname to <ztg>.
[    1.765612] systemd[1]: /lib/systemd/system/dbus.socket:5: ListenStream= references a path below legacy directory /var/run/, updating /var/run/dbus/system_bus_socket â†’ /run/dbus/system_bus_socket; please update the unit file accordingly.
[    1.817389] systemd[1]: Created slice system-modprobe.slice.
[    1.817570] systemd[1]: Created slice User and Session Slice.
[    1.817613] systemd[1]: Started Forward Password Requests to Wall Directory Watch.
[    1.817769] systemd[1]: Set up automount Arbitrary Executable File Formats File System Automount Point.
[    1.817804] systemd[1]: Reached target User and Group Name Lookups.
[    1.817813] systemd[1]: Reached target Remote File Systems.
[    1.817820] systemd[1]: Reached target Slices.
[    1.818356] systemd[1]: Listening on Syslog Socket.
[    1.818426] systemd[1]: Listening on fsck to fsckd communication Socket.
[    1.818462] systemd[1]: Listening on initctl Compatibility Named Pipe.
[    1.818596] systemd[1]: Listening on Journal Audit Socket.
[    1.818649] systemd[1]: Listening on Journal Socket (/dev/log).
[    1.818715] systemd[1]: Listening on Journal Socket.
[    1.818778] systemd[1]: Listening on udev Control Socket.
[    1.818816] systemd[1]: Listening on udev Kernel Socket.
[    1.819613] systemd[1]: Mounting Huge Pages File System...
[    1.820518] systemd[1]: Mounting POSIX Message Queue File System...
[    1.821366] systemd[1]: Mounting Kernel Debug File System...
[    1.822244] systemd[1]: Mounting Kernel Trace File System...
[    1.824174] systemd[1]: Starting Journal Service...
[    1.845593] systemd[1]: Starting Set the console keyboard layout...
[    1.853310] systemd[1]: Starting Create list of static device nodes for the current kernel...
[    1.855335] systemd[1]: Starting Load Kernel Module drm...
[    1.857775] systemd[1]: Condition check resulted in Set Up Additional Binary Formats being skipped.
[    1.857828] systemd[1]: Condition check resulted in File System Check on Root Device being skipped.
[    1.860879] systemd[1]: Starting Load Kernel Modules...
[    1.861617] systemd[1]: Starting Remount Root and Kernel File Systems...
[    1.862382] systemd[1]: Starting udev Coldplug all Devices...
[    1.906644] systemd[1]: Starting Uncomplicated firewall...
[    1.913376] systemd[1]: Mounted Huge Pages File System.
[    1.913460] systemd[1]: Mounted POSIX Message Queue File System.
[    1.913530] systemd[1]: Mounted Kernel Debug File System.
[    1.913599] systemd[1]: Mounted Kernel Trace File System.
[    1.916967] EXT4-fs (sda2): re-mounted. Opts: errors=remount-ro
[    1.920473] systemd[1]: Finished Create list of static device nodes for the current kernel.
[    1.921529] systemd[1]: modprobe@drm.service: Succeeded.
[    1.930727] systemd[1]: Finished Load Kernel Module drm.
[    1.931112] systemd[1]: Finished Remount Root and Kernel File Systems.
[    1.946546] systemd[1]: Finished Uncomplicated firewall.
[    1.963501] lp: driver loaded but no devices found
[    1.965428] systemd[1]: Condition check resulted in Rebuild Hardware Database being skipped.
[    1.965509] systemd[1]: Condition check resulted in Platform Persistent Storage Archival being skipped.
[    1.966142] systemd[1]: Starting Load/Save Random Seed...
[    1.970636] systemd[1]: Starting Create System Users...
[    1.980295] systemd[1]: Finished Load/Save Random Seed.
[    1.981235] ppdev: user-space parallel port driver
[    1.987380] systemd[1]: Finished Create System Users.
[    1.988074] systemd[1]: Starting Create Static Device Nodes in /dev...
[    2.028160] systemd[1]: Finished Create Static Device Nodes in /dev.
[    2.028899] systemd[1]: Starting udev Kernel Device Manager...
[    2.058133] systemd[1]: Finished udev Coldplug all Devices.
[    2.061773] [drm] DMA map mode: Caching DMA mappings.
[    2.061862] [drm] Capabilities:
[    2.061862] [drm]   Rect copy.
[    2.061863] [drm]   Cursor.
[    2.061863] [drm]   Cursor bypass.
[    2.061863] [drm]   Cursor bypass 2.
[    2.061864] [drm]   Alpha cursor.
[    2.061864] [drm]   Extended Fifo.
[    2.061865] [drm]   Pitchlock.
[    2.061865] [drm]   Irq mask.
[    2.061865] [drm]   GMR.
[    2.061865] [drm]   Traces.
[    2.061866] [drm]   GMR2.
[    2.061866] [drm]   Screen Object 2.
[    2.061867] [drm]   Command Buffers.
[    2.061867] [drm]   Command Buffers 2.
[    2.061867] [drm]   Guest Backed Resources.
[    2.061868] [drm] Max GMR ids is 8192
[    2.061869] [drm] Max number of GMR pages is 1048576
[    2.061869] [drm] Max dedicated hypervisor surface memory is 393216 kiB
[    2.061870] [drm] Maximum display memory size is 131072 kiB
[    2.061871] [drm] VRAM at 0xe0000000 size is 131072 kiB
[    2.061871] [drm] MMIO at 0xf0000000 size is 2048 kiB
[    2.062984] [TTM] Zone  kernel: Available graphics memory: 1011738 KiB
[    2.062985] [TTM] Initializing pool allocator
[    2.062988] [TTM] Initializing DMA pool allocator
[    2.063103] [drm] Supports vblank timestamp caching Rev 2 (21.10.2013).
[    2.063104] [drm] No driver support for vblank timestamp query.
[    2.063356] [drm] Screen Target Display device initialized
[    2.063553] [drm] width 720
[    2.063562] [drm] height 400
[    2.063566] [drm] bpp 32
[    2.064094] [drm] Fifo max 0x00200000 min 0x00001000 cap 0x00000355
[    2.065155] [drm] Using command buffers with DMA pool.
[    2.065160] [drm] DX: no.
[    2.065160] [drm] Atomic: yes.
[    2.065161] [drm] SM4_1: no.
[    2.065180] [drm:vmw_host_log [vmwgfx]] *ERROR* Failed to send host log message.
[    2.066100] [drm:vmw_host_log [vmwgfx]] *ERROR* Failed to send host log message.
[    2.081765] fbcon: svgadrmfb (fb0) is primary device
[    2.085005] Console: switching to colour frame buffer device 100x37
[    2.095617] [drm] Initialized vmwgfx 2.15.0 20180704 for 0000:00:02.0 on minor 0
[    2.097058] systemd[1]: Finished Load Kernel Modules.
[    2.097957] systemd[1]: Mounting FUSE Control File System...
[    2.099403] systemd[1]: Mounting Kernel Configuration File System...
[    2.111478] systemd[1]: Starting Apply Kernel Variables...
[    2.124189] systemd[1]: Mounted Kernel Configuration File System.
[    2.131817] systemd[1]: Mounted FUSE Control File System.
[    2.131886] systemd[1]: Condition check resulted in VMware vmblock fuse mount being skipped.
[    2.140210] systemd[1]: Finished Set the console keyboard layout.
[    2.140302] systemd[1]: Reached target Local File Systems (Pre).
[    2.142815] systemd[1]: Mounting Mount unit for bare, revision 5...
[    2.144817] systemd[1]: Mounting Mount unit for core18, revision 1705...
[    2.169146] systemd[1]: Mounting Mount unit for gnome-3-34-1804, revision 24...
[    2.178733] systemd[1]: Mounting Mount unit for gtk-common-themes, revision 1506...
[    2.182281] systemd[1]: Mounting Mount unit for gtk-common-themes, revision 1535...
[    2.189957] systemd[1]: Mounting Mount unit for snap-store, revision 433...
[    2.200227] systemd[1]: Mounting Mount unit for snapd, revision 7264...
[    2.218896] systemd[1]: Finished Apply Kernel Variables.
[    2.240479] systemd[1]: Mounted Mount unit for bare, revision 5.
[    2.240574] systemd[1]: Mounted Mount unit for core18, revision 1705.
[    2.240650] systemd[1]: Mounted Mount unit for gnome-3-34-1804, revision 24.
[    2.249256] systemd[1]: Mounted Mount unit for gtk-common-themes, revision 1506.
[    2.251953] systemd[1]: Started udev Kernel Device Manager.
[    2.252678] systemd[1]: Starting Show Plymouth Boot Screen...
[    2.258442] systemd[1]: Mounted Mount unit for gtk-common-themes, revision 1535.
[    2.264824] systemd[1]: Received SIGRTMIN+20 from PID 277 (plymouthd).
[    2.285469] systemd[1]: Mounted Mount unit for snap-store, revision 433.
[    2.287327] systemd[1]: Mounted Mount unit for snapd, revision 7264.
[    2.287524] systemd[1]: Started Show Plymouth Boot Screen.
[    2.287695] systemd[1]: Condition check resulted in Dispatch Password Requests to Console Directory Watch being skipped.
[    2.287790] systemd[1]: Started Forward Password Requests to Plymouth Directory Watch.
[    2.287856] systemd[1]: Reached target Local Encrypted Volumes.
[    2.287913] systemd[1]: Reached target Local File Systems.
[    2.288634] systemd[1]: Starting Load AppArmor profiles...
[    2.291034] systemd[1]: Starting Set console font and keymap...
[    2.304026] systemd[1]: Starting Tell Plymouth To Write Out Runtime Data...
[    2.305409] systemd[1]: Condition check resulted in Store a System Token in an EFI Variable being skipped.
[    2.305463] systemd[1]: Condition check resulted in Commit a transient machine-id on disk being skipped.
[    2.307861] systemd[1]: Finished Set console font and keymap.
[    2.316834] systemd[1]: Received SIGRTMIN+20 from PID 277 (plymouthd).
[    2.318077] systemd[1]: plymouth-read-write.service: Succeeded.
[    2.318316] systemd[1]: Finished Tell Plymouth To Write Out Runtime Data.
[    2.337478] audit: type=1400 audit(1768423541.188:2): apparmor="STATUS" operation="profile_load" profile="unconfined" name="nvidia_modprobe" pid=300 comm="apparmor_parser"
[    2.337480] audit: type=1400 audit(1768423541.188:3): apparmor="STATUS" operation="profile_load" profile="unconfined" name="nvidia_modprobe//kmod" pid=300 comm="apparmor_parser"
[    2.351784] audit: type=1400 audit(1768423541.200:4): apparmor="STATUS" operation="profile_load" profile="unconfined" name="/usr/sbin/tcpdump" pid=301 comm="apparmor_parser"
[    2.395884] audit: type=1400 audit(1768423541.240:5): apparmor="STATUS" operation="profile_load" profile="unconfined" name="/usr/bin/evince" pid=303 comm="apparmor_parser"
[    2.395886] audit: type=1400 audit(1768423541.240:6): apparmor="STATUS" operation="profile_load" profile="unconfined" name="/usr/bin/evince//sanitized_helper" pid=303 comm="apparmor_parser"
[    2.395888] audit: type=1400 audit(1768423541.240:7): apparmor="STATUS" operation="profile_load" profile="unconfined" name="/usr/bin/evince-previewer" pid=303 comm="apparmor_parser"
[    2.395889] audit: type=1400 audit(1768423541.240:8): apparmor="STATUS" operation="profile_load" profile="unconfined" name="/usr/bin/evince-previewer//sanitized_helper" pid=303 comm="apparmor_parser"
[    2.395891] audit: type=1400 audit(1768423541.240:9): apparmor="STATUS" operation="profile_load" profile="unconfined" name="/usr/bin/evince-thumbnailer" pid=303 comm="apparmor_parser"
[    2.410707] audit: type=1400 audit(1768423541.264:10): apparmor="STATUS" operation="profile_load" profile="unconfined" name="/usr/lib/cups/backend/cups-pdf" pid=306 comm="apparmor_parser"
[    2.478700] systemd[1]: Finished Load AppArmor profiles.
[    2.479693] systemd[1]: Starting Load AppArmor profiles managed internally by snapd...
[    2.557391] systemd[1]: Finished Load AppArmor profiles managed internally by snapd.
[    2.788703] systemd[1]: Started Journal Service.
[    2.798433] systemd-journald[229]: Received client request to flush runtime journal.
[    2.801194] systemd-journald[229]: File /var/log/journal/c455b248004a419c87ce85eea238d727/system.journal corrupted or uncleanly shut down, renaming and replacing.
[    4.071324] RAPL PMU: API unit is 2^-32 Joules, 0 fixed counters, 10737418240 ms ovfl timer
[    4.141023] cryptd: max_cpu_qlen set to 1000
[    4.193808] AVX2 version of gcm_enc/dec engaged.
[    4.193809] AES CTR mode by8 optimization enabled
[    4.974750] Adding 1998844k swap on /dev/sda1.  Priority:-2 extents:1 across:1998844k FS
[    6.257533] kauditd_printk_skb: 30 callbacks suppressed
[    6.257535] audit: type=1400 audit(1768423545.108:41): apparmor="DENIED" operation="capable" profile="/usr/sbin/cups-browsed" pid=500 comm="cups-browsed" capability=23  capname="sys_nice"
[    7.063354] pcnet32 0000:00:03.0 enp0s3: link up, 100Mbps, full-duplex
[    7.077255] pcnet32 0000:00:08.0 enp0s8: link up, 100Mbps, full-duplex
[    7.104483] e1000: enp0s9 NIC Link is Up 1000 Mbps Full Duplex, Flow Control: RX
[    7.104772] IPv6: ADDRCONF(NETDEV_CHANGE): enp0s9: link becomes ready
[    7.526914] device enp0s3 entered promiscuous mode
[    7.550700] device enp0s8 entered promiscuous mode
[    7.571998] audit: type=1400 audit(1768423546.416:42): apparmor="DENIED" operation="open" profile="/usr/sbin/tcpdump" name="/proc/sys/kernel/random/boot_id" pid=647 comm="tcpdump" requested_mask="r" denied_mask="r" fsuid=0 ouid=0
[    7.578314] audit: type=1400 audit(1768423546.428:43): apparmor="DENIED" operation="open" profile="/usr/sbin/tcpdump" name="/proc/sys/kernel/random/boot_id" pid=647 comm="tcpdump" requested_mask="r" denied_mask="r" fsuid=0 ouid=0
[    7.578367] audit: type=1400 audit(1768423546.428:44): apparmor="DENIED" operation="open" profile="/usr/sbin/tcpdump" name="/proc/sys/kernel/random/boot_id" pid=647 comm="tcpdump" requested_mask="r" denied_mask="r" fsuid=0 ouid=0
[    7.578423] audit: type=1400 audit(1768423546.428:45): apparmor="DENIED" operation="open" profile="/usr/sbin/tcpdump" name="/proc/sys/kernel/random/boot_id" pid=647 comm="tcpdump" requested_mask="r" denied_mask="r" fsuid=0 ouid=0
[    7.580903] audit: type=1400 audit(1768423546.436:46): apparmor="DENIED" operation="open" profile="/usr/sbin/tcpdump" name="/proc/sys/kernel/random/boot_id" pid=648 comm="tcpdump" requested_mask="r" denied_mask="r" fsuid=0 ouid=0
[    7.581097] audit: type=1400 audit(1768423546.436:47): apparmor="DENIED" operation="open" profile="/usr/sbin/tcpdump" name="/proc/sys/kernel/random/boot_id" pid=648 comm="tcpdump" requested_mask="r" denied_mask="r" fsuid=0 ouid=0
[    7.581639] audit: type=1400 audit(1768423546.436:48): apparmor="DENIED" operation="open" profile="/usr/sbin/tcpdump" name="/proc/sys/kernel/random/boot_id" pid=648 comm="tcpdump" requested_mask="r" denied_mask="r" fsuid=0 ouid=0
[    7.581658] audit: type=1400 audit(1768423546.436:49): apparmor="DENIED" operation="open" profile="/usr/sbin/tcpdump" name="/proc/sys/kernel/random/boot_id" pid=648 comm="tcpdump" requested_mask="r" denied_mask="r" fsuid=0 ouid=0
[    7.581708] audit: type=1400 audit(1768423546.436:50): apparmor="DENIED" operation="open" profile="/usr/sbin/tcpdump" name="/proc/sys/kernel/random/boot_id" pid=650 comm="tcpdump" requested_mask="r" denied_mask="r" fsuid=0 ouid=0
[   12.108826] rfkill: input handler disabled
[  540.567405] rfkill: input handler enabled
[  549.042674] rfkill: input handler disabled
[  700.270812] device enp0s3 left promiscuous mode
[  700.273222] device enp0s8 left promiscuous mode
