[    0.000000] Linux version 5.4.243-mptcp (root@ztg) (gcc version 12.2.0 (Debian 12.2.0-14+deb12u1)) #53 SMP Wed Dec 24 23:28:15 CST 2025
[    0.000000] Command line: BOOT_IMAGE=/boot/vmlinuz-5.4.243-mptcp root=UUID=98415a12-53b7-4144-8265-0f7ece09e445 ro quiet splash
[    0.000000] KERNEL supported cpus:
[    0.000000]   Intel GenuineIntel
[    0.000000]   AMD AuthenticAMD
[    0.000000]   Hygon HygonGenuine
[    0.000000]   Centaur CentaurHauls
[    0.000000]   zhaoxin   Shanghai  
[    0.000000] x86/fpu: Supporting XSAVE feature 0x001: 'x87 floating point registers'
[    0.000000] x86/fpu: Supporting XSAVE feature 0x002: 'SSE registers'
[    0.000000] x86/fpu: Supporting XSAVE feature 0x004: 'AVX registers'
[    0.000000] x86/fpu: xstate_offset[2]:  576, xstate_sizes[2]:  256
[    0.000000] x86/fpu: Enabled xstate features 0x7, context size is 832 bytes, using 'standard' format.
[    0.000000] BIOS-provided physical RAM map:
[    0.000000] BIOS-e820: [mem 0x0000000000000000-0x000000000009fbff] usable
[    0.000000] BIOS-e820: [mem 0x000000000009fc00-0x000000000009ffff] reserved
[    0.000000] BIOS-e820: [mem 0x00000000000f0000-0x00000000000fffff] reserved
[    0.000000] BIOS-e820: [mem 0x0000000000100000-0x000000007ffeffff] usable
[    0.000000] BIOS-e820: [mem 0x000000007fff0000-0x000000007fffffff] ACPI data
[    0.000000] BIOS-e820: [mem 0x00000000fec00000-0x00000000fec00fff] reserved
[    0.000000] BIOS-e820: [mem 0x00000000fee00000-0x00000000fee00fff] reserved
[    0.000000] BIOS-e820: [mem 0x00000000fffc0000-0x00000000ffffffff] reserved
[    0.000000] NX (Execute Disable) protection: active
[    0.000000] SMBIOS 2.5 present.
[    0.000000] DMI: innotek GmbH VirtualBox/VirtualBox, BIOS VirtualBox 12/01/2006
[    0.000000] Hypervisor detected: KVM
[    0.000000] kvm-clock: Using msrs 4b564d01 and 4b564d00
[    0.000000] kvm-clock: cpu 0, msr 20c01001, primary cpu clock
[    0.000000] kvm-clock: using sched offset of 4451885664 cycles
[    0.000002] clocksource: kvm-clock: mask: 0xffffffffffffffff max_cycles: 0x1cd42e4dffb, max_idle_ns: 881590591483 ns
[    0.000005] tsc: Detected 2100.000 MHz processor
[    0.001917] e820: update [mem 0x00000000-0x00000fff] usable ==> reserved
[    0.001919] e820: remove [mem 0x000a0000-0x000fffff] usable
[    0.001923] last_pfn = 0x7fff0 max_arch_pfn = 0x400000000
[    0.001992] MTRR default type: uncachable
[    0.001993] MTRR fixed ranges enabled:
[    0.001994]   00000-9FFFF write-back
[    0.001995]   A0000-BFFFF uncachable
[    0.001995]   C0000-FFFFF write-protect
[    0.001996] MTRR variable ranges enabled:
[    0.001997]   0 base 000000000000 mask 3FFF80000000 write-back
[    0.001998]   1 disabled
[    0.001999]   2 disabled
[    0.001999]   3 disabled
[    0.001999]   4 disabled
[    0.002000]   5 disabled
[    0.002000]   6 disabled
[    0.002001]   7 disabled
[    0.002001]   8 disabled
[    0.002001]   9 disabled
[    0.002002]   10 disabled
[    0.002002]   11 disabled
[    0.002003]   12 disabled
[    0.002003]   13 disabled
[    0.002004]   14 disabled
[    0.002004]   15 disabled
[    0.002020] x86/PAT: Configuration [0-7]: WB  WC  UC- UC  WB  WP  UC- WT  
[    0.002155] found SMP MP-table at [mem 0x0009fff0-0x0009ffff]
[    0.094751] check: Scanning 1 areas for low memory corruption
[    0.094942] RAMDISK: [mem 0x32271000-0x3512ffff]
[    0.094950] ACPI: Early table checksum verification disabled
[    0.094954] ACPI: RSDP 0x00000000000E0000 000024 (v02 VBOX  )
[    0.094959] ACPI: XSDT 0x000000007FFF0030 00003C (v01 VBOX   VBOXXSDT 00000001 ASL  00000061)
[    0.094965] ACPI: FACP 0x000000007FFF00F0 0000F4 (v04 VBOX   VBOXFACP 00000001 ASL  00000061)
[    0.094972] ACPI: DSDT 0x000000007FFF02E0 002353 (v02 VBOX   VBOXBIOS 00000002 VBOX 00029BF3)
[    0.094976] ACPI: FACS 0x000000007FFF0200 000040
[    0.094979] ACPI: FACS 0x000000007FFF0200 000040
[    0.094982] ACPI: APIC 0x000000007FFF0240 000054 (v02 VBOX   VBOXAPIC 00000001 ASL  00000061)
[    0.094986] ACPI: SSDT 0x000000007FFF02A0 000038 (v01 VBOX   VBOXCPUT 00000002 VBOX 00029BF3)
[    0.094989] ACPI: Reserving FACP table memory at [mem 0x7fff00f0-0x7fff01e3]
[    0.094990] ACPI: Reserving DSDT table memory at [mem 0x7fff02e0-0x7fff2632]
[    0.094991] ACPI: Reserving FACS table memory at [mem 0x7fff0200-0x7fff023f]
[    0.094991] ACPI: Reserving FACS table memory at [mem 0x7fff0200-0x7fff023f]
[    0.094992] ACPI: Reserving APIC table memory at [mem 0x7fff0240-0x7fff0293]
[    0.094993] ACPI: Reserving SSDT table memory at [mem 0x7fff02a0-0x7fff02d7]
[    0.095007] ACPI: Local APIC address 0xfee00000
[    0.095201] No NUMA configuration found
[    0.095203] Faking a node at [mem 0x0000000000000000-0x000000007ffeffff]
[    0.095213] NODE_DATA(0) allocated [mem 0x7ffc5000-0x7ffeffff]
[    0.095473] Zone ranges:
[    0.095474]   DMA      [mem 0x0000000000001000-0x0000000000ffffff]
[    0.095475]   DMA32    [mem 0x0000000001000000-0x000000007ffeffff]
[    0.095476]   Normal   empty
[    0.095476]   Device   empty
[    0.095477] Movable zone start for each node
[    0.095479] Early memory node ranges
[    0.095480]   node   0: [mem 0x0000000000001000-0x000000000009efff]
[    0.095481]   node   0: [mem 0x0000000000100000-0x000000007ffeffff]
[    0.095484] Zeroed struct page in unavailable ranges: 114 pages
[    0.095485] Initmem setup node 0 [mem 0x0000000000001000-0x000000007ffeffff]
[    0.095486] On node 0 totalpages: 524174
[    0.095487]   DMA zone: 64 pages used for memmap
[    0.095488]   DMA zone: 21 pages reserved
[    0.095488]   DMA zone: 3998 pages, LIFO batch:0
[    0.095559]   DMA32 zone: 8128 pages used for memmap
[    0.095560]   DMA32 zone: 520176 pages, LIFO batch:63
[    0.104513] ACPI: PM-Timer IO Port: 0x4008
[    0.104517] ACPI: Local APIC address 0xfee00000
[    0.104585] IOAPIC[0]: apic_id 1, version 32, address 0xfec00000, GSI 0-23
[    0.104588] ACPI: INT_SRC_OVR (bus 0 bus_irq 0 global_irq 2 dfl dfl)
[    0.104590] ACPI: INT_SRC_OVR (bus 0 bus_irq 9 global_irq 9 low level)
[    0.104592] ACPI: IRQ0 used by override.
[    0.104593] ACPI: IRQ9 used by override.
[    0.104595] Using ACPI (MADT) for SMP configuration information
[    0.104603] smpboot: Allowing 1 CPUs, 0 hotplug CPUs
[    0.104626] PM: Registered nosave memory: [mem 0x00000000-0x00000fff]
[    0.104628] PM: Registered nosave memory: [mem 0x0009f000-0x0009ffff]
[    0.104628] PM: Registered nosave memory: [mem 0x000a0000-0x000effff]
[    0.104629] PM: Registered nosave memory: [mem 0x000f0000-0x000fffff]
[    0.104630] [mem 0x80000000-0xfebfffff] available for PCI devices
[    0.104631] Booting paravirtualized kernel on KVM
[    0.104634] clocksource: refined-jiffies: mask: 0xffffffff max_cycles: 0xffffffff, max_idle_ns: 7645519600211568 ns
[    0.104639] setup_percpu: NR_CPUS:8192 nr_cpumask_bits:1 nr_cpu_ids:1 nr_node_ids:1
[    0.105688] percpu: Embedded 60 pages/cpu s208896 r8192 d28672 u2097152
[    0.105693] pcpu-alloc: s208896 r8192 d28672 u2097152 alloc=1*2097152
[    0.105694] pcpu-alloc: [0] 0 
[    0.105720] Built 1 zonelists, mobility grouping on.  Total pages: 515961
[    0.105721] Policy zone: DMA32
[    0.105722] Kernel command line: BOOT_IMAGE=/boot/vmlinuz-5.4.243-mptcp root=UUID=98415a12-53b7-4144-8265-0f7ece09e445 ro quiet splash
[    0.106566] Dentry cache hash table entries: 262144 (order: 9, 2097152 bytes, linear)
[    0.106712] Inode-cache hash table entries: 131072 (order: 8, 1048576 bytes, linear)
[    0.106767] mem auto-init: stack:off, heap alloc:on, heap free:off
[    0.106769] Calgary: detecting Calgary via BIOS EBDA area
[    0.106770] Calgary: Unable to locate Rio Grande table in EBDA - bailing!
[    0.110841] Memory: 1967332K/2096696K available (14339K kernel code, 2398K rwdata, 4712K rodata, 2728K init, 17260K bss, 129364K reserved, 0K cma-reserved)
[    0.111783] SLUB: HWalign=64, Order=0-3, MinObjects=0, CPUs=1, Nodes=1
[    0.111800] ftrace: allocating 43186 entries in 169 pages
[    0.129922] rcu: Hierarchical RCU implementation.
[    0.129924] rcu: 	RCU restricting CPUs from NR_CPUS=8192 to nr_cpu_ids=1.
[    0.129925] 	Tasks RCU enabled.
[    0.129926] rcu: RCU calculated value of scheduler-enlistment delay is 25 jiffies.
[    0.129927] rcu: Adjusting geometry for rcu_fanout_leaf=16, nr_cpu_ids=1
[    0.132890] NR_IRQS: 524544, nr_irqs: 256, preallocated irqs: 16
[    0.133109] random: crng init done
[    0.142428] Console: colour VGA+ 80x25
[    0.142432] printk: console [tty0] enabled
[    0.142453] ACPI: Core revision 20190816
[    0.142552] APIC: Switch to symmetric I/O mode setup
[    0.142810] x2apic enabled
[    0.143050] Switched APIC routing to physical x2apic.
[    0.144185] ..TIMER: vector=0x30 apic1=0 pin1=2 apic2=-1 pin2=-1
[    0.144210] clocksource: tsc-early: mask: 0xffffffffffffffff max_cycles: 0x1e4530a99b6, max_idle_ns: 440795257976 ns
[    0.144215] Calibrating delay loop (skipped) preset value.. 4200.00 BogoMIPS (lpj=8400000)
[    0.144218] pid_max: default: 32768 minimum: 301
[    0.144245] LSM: Security Framework initializing
[    0.144255] Yama: becoming mindful.
[    0.144289] AppArmor: AppArmor initialized
[    0.144324] Mount-cache hash table entries: 4096 (order: 3, 32768 bytes, linear)
[    0.144328] Mountpoint-cache hash table entries: 4096 (order: 3, 32768 bytes, linear)
[    0.144337] *** VALIDATE tmpfs ***
[    0.144465] *** VALIDATE proc ***
[    0.144506] *** VALIDATE cgroup1 ***
[    0.144507] *** VALIDATE cgroup2 ***
[    0.144652] process: using mwait in idle threads
[    0.144656] Last level iTLB entries: 4KB 64, 2MB 8, 4MB 8
[    0.144657] Last level dTLB entries: 4KB 64, 2MB 0, 4MB 0, 1GB 4
[    0.144695] Spectre V1 : Mitigation: usercopy/swapgs barriers and __user pointer sanitization
[    0.144707] Spectre V2 : Mitigation: Retpolines
[    0.144707] Spectre V2 : Spectre v2 / SpectreRSB mitigation: Filling RSB on context switch
[    0.144708] Spectre V2 : Spectre v2 / SpectreRSB : Filling RSB on VMEXIT
[    0.144708] RETBleed: WARNING: Spectre v2 mitigation leaves CPU vulnerable to RETBleed attacks, data leaks possible!
[    0.145060] RETBleed: Vulnerable
[    0.145060] Speculative Store Bypass: Vulnerable
[    0.145065] TAA: Mitigation: TSX disabled
[    0.145066] MMIO Stale Data: Mitigation: Clear CPU buffers
[    0.149291] Freeing SMP alternatives memory: 40K
[    0.261412] smpboot: CPU0: Intel(R) Xeon(R) Silver 4216 CPU @ 2.10GHz (family: 0x6, model: 0x55, stepping: 0x7)
[    0.261532] Performance Events: unsupported p6 CPU model 85 no PMU driver, software events only.
[    0.261587] rcu: Hierarchical SRCU implementation.
[    0.262069] NMI watchdog: Perf NMI watchdog permanently disabled
[    0.262109] smp: Bringing up secondary CPUs ...
[    0.262110] smp: Brought up 1 node, 1 CPU
[    0.262111] smpboot: Max logical packages: 1
[    0.262112] smpboot: Total of 1 processors activated (4200.00 BogoMIPS)
[    0.263071] devtmpfs: initialized
[    0.263116] x86/mm: Memory block size: 128MB
[    0.263463] clocksource: jiffies: mask: 0xffffffff max_cycles: 0xffffffff, max_idle_ns: 7645041785100000 ns
[    0.263469] futex hash table entries: 256 (order: 2, 16384 bytes, linear)
[    0.263513] pinctrl core: initialized pinctrl subsystem
[    0.263615] PM: RTC time: 17:45:33, date: 2026-01-13
[    0.263719] NET: Registered protocol family 16
[    0.263793] audit: initializing netlink subsys (disabled)
[    0.263917] EISA bus registered
[    0.263919] cpuidle: using governor ladder
[    0.263919] cpuidle: using governor menu
[    0.263956] ACPI: bus type PCI registered
[    0.263958] acpiphp: ACPI Hot Plug PCI Controller Driver version: 0.5
[    0.264062] PCI: Using configuration type 1 for base access
[    0.264500] audit: type=2000 audit(1768297540.280:1): state=initialized audit_enabled=0 res=1
[    0.264579] HugeTLB registered 2.00 MiB page size, pre-allocated 0 pages
[    0.265392] ACPI: Added _OSI(Module Device)
[    0.265392] ACPI: Added _OSI(Processor Device)
[    0.265393] ACPI: Added _OSI(3.0 _SCP Extensions)
[    0.265394] ACPI: Added _OSI(Processor Aggregator Device)
[    0.265395] ACPI: Added _OSI(Linux-Dell-Video)
[    0.265396] ACPI: Added _OSI(Linux-Lenovo-NV-HDMI-Audio)
[    0.265396] ACPI: Added _OSI(Linux-HPI-Hybrid-Graphics)
[    0.267345] ACPI: 2 ACPI AML tables successfully acquired and loaded
[    0.269026] ACPI: Interpreter enabled
[    0.269038] ACPI: (supports S0 S5)
[    0.269040] ACPI: Using IOAPIC for interrupt routing
[    0.269320] PCI: Using host bridge windows from ACPI; if necessary, use "pci=nocrs" and report a bug
[    0.269466] ACPI: Enabled 2 GPEs in block 00 to 07
[    0.274703] ACPI: PCI Root Bridge [PCI0] (domain 0000 [bus 00-ff])
[    0.274708] acpi PNP0A03:00: _OSC: OS supports [ASPM ClockPM Segments MSI HPX-Type3]
[    0.275193] acpi PNP0A03:00: _OSC: not requesting OS control; OS requires [ExtendedConfig ASPM ClockPM MSI]
[    0.275201] acpi PNP0A03:00: fail to add MMCONFIG information, can't access extended PCI configuration space under this bridge.
[    0.275579] PCI host bridge to bus 0000:00
[    0.275581] pci_bus 0000:00: root bus resource [io  0x0000-0x0cf7 window]
[    0.275582] pci_bus 0000:00: root bus resource [io  0x0d00-0xffff window]
[    0.275584] pci_bus 0000:00: root bus resource [mem 0x000a0000-0x000bffff window]
[    0.275585] pci_bus 0000:00: root bus resource [mem 0x80000000-0xfdffffff window]
[    0.275586] pci_bus 0000:00: root bus resource [bus 00-ff]
[    0.275632] pci 0000:00:00.0: [8086:1237] type 00 class 0x060000
[    0.276621] pci 0000:00:01.0: [8086:7000] type 00 class 0x060100
[    0.277406] pci 0000:00:01.1: [8086:7111] type 00 class 0x01018a
[    0.277783] pci 0000:00:01.1: reg 0x20: [io  0xd000-0xd00f]
[    0.277938] pci 0000:00:01.1: legacy IDE quirk: reg 0x10: [io  0x01f0-0x01f7]
[    0.277939] pci 0000:00:01.1: legacy IDE quirk: reg 0x14: [io  0x03f6]
[    0.277940] pci 0000:00:01.1: legacy IDE quirk: reg 0x18: [io  0x0170-0x0177]
[    0.277941] pci 0000:00:01.1: legacy IDE quirk: reg 0x1c: [io  0x0376]
[    0.278482] pci 0000:00:02.0: [15ad:0405] type 00 class 0x030000
[    0.280291] pci 0000:00:02.0: reg 0x10: [io  0xd010-0xd01f]
[    0.284257] pci 0000:00:02.0: reg 0x14: [mem 0xe0000000-0xe7ffffff pref]
[    0.287149] pci 0000:00:02.0: reg 0x18: [mem 0xf0000000-0xf01fffff]
[    0.298879] pci 0000:00:03.0: [1022:2000] type 00 class 0x020000
[    0.300870] pci 0000:00:03.0: reg 0x10: [io  0xd020-0xd03f]
[    0.301483] pci 0000:00:03.0: reg 0x14: [mem 0xf0200000-0xf0200fff]
[    0.305005] pci 0000:00:04.0: [80ee:cafe] type 00 class 0x088000
[    0.305679] pci 0000:00:04.0: reg 0x10: [io  0xd040-0xd05f]
[    0.306306] pci 0000:00:04.0: reg 0x14: [mem 0xf0400000-0xf07fffff]
[    0.306929] pci 0000:00:04.0: reg 0x18: [mem 0xf0800000-0xf0803fff pref]
[    0.310203] pci 0000:00:07.0: [8086:7113] type 00 class 0x068000
[    0.310796] pci 0000:00:07.0: quirk: [io  0x4000-0x403f] claimed by PIIX4 ACPI
[    0.310806] pci 0000:00:07.0: quirk: [io  0x4100-0x410f] claimed by PIIX4 SMB
[    0.311446] pci 0000:00:08.0: [8086:100e] type 00 class 0x020000
[    0.312182] pci 0000:00:08.0: reg 0x10: [mem 0xf0820000-0xf083ffff]
[    0.313451] pci 0000:00:08.0: reg 0x18: [io  0xd060-0xd067]
[    0.316973] pci 0000:00:09.0: [8086:100e] type 00 class 0x020000
[    0.317686] pci 0000:00:09.0: reg 0x10: [mem 0xf0840000-0xf085ffff]
[    0.318829] pci 0000:00:09.0: reg 0x18: [io  0xd068-0xd06f]
[    0.329266] ACPI: PCI Interrupt Link [LNKA] (IRQs 5 9 10 *11)
[    0.329550] ACPI: PCI Interrupt Link [LNKB] (IRQs 5 9 *10 11)
[    0.329649] ACPI: PCI Interrupt Link [LNKC] (IRQs 5 *9 10 11)
[    0.329755] ACPI: PCI Interrupt Link [LNKD] (IRQs 5 9 10 *11)
[    0.330014] iommu: Default domain type: Translated 
[    0.330073] pci 0000:00:02.0: vgaarb: setting as boot VGA device
[    0.330074] pci 0000:00:02.0: vgaarb: VGA device added: decodes=io+mem,owns=io+mem,locks=none
[    0.330076] pci 0000:00:02.0: vgaarb: bridge control possible
[    0.330077] vgaarb: loaded
[    0.330287] SCSI subsystem initialized
[    0.330318] libata version 3.00 loaded.
[    0.330344] ACPI: bus type USB registered
[    0.330360] usbcore: registered new interface driver usbfs
[    0.330366] usbcore: registered new interface driver hub
[    0.330373] usbcore: registered new device driver usb
[    0.330399] pps_core: LinuxPPS API ver. 1 registered
[    0.330399] pps_core: Software ver. 5.3.6 - Copyright 2005-2007 Rodolfo Giometti <giometti@linux.it>
[    0.330401] PTP clock support registered
[    0.330434] EDAC MC: Ver: 3.0.0
[    0.330720] PCI: Using ACPI for IRQ routing
[    0.330721] PCI: pci_cache_line_size set to 64 bytes
[    0.330898] e820: reserve RAM buffer [mem 0x0009fc00-0x0009ffff]
[    0.330902] e820: reserve RAM buffer [mem 0x7fff0000-0x7fffffff]
[    0.332229] NetLabel: Initializing
[    0.332230] NetLabel:  domain hash size = 128
[    0.332230] NetLabel:  protocols = UNLABELED CIPSOv4 CALIPSO
[    0.332250] NetLabel:  unlabeled traffic allowed by default
[    0.333173] clocksource: Switched to clocksource kvm-clock
[    0.346720] *** VALIDATE bpf ***
[    0.346781] VFS: Disk quotas dquot_6.6.0
[    0.346794] VFS: Dquot-cache hash table entries: 512 (order 0, 4096 bytes)
[    0.346817] *** VALIDATE ramfs ***
[    0.346820] *** VALIDATE hugetlbfs ***
[    0.346900] AppArmor: AppArmor Filesystem Enabled
[    0.346926] pnp: PnP ACPI init
[    0.347007] pnp 00:00: Plug and Play ACPI device, IDs PNP0303 (active)
[    0.347089] pnp 00:01: Plug and Play ACPI device, IDs PNP0f03 (active)
[    0.347899] pnp: PnP ACPI: found 2 devices
[    0.348857] thermal_sys: Registered thermal governor 'fair_share'
[    0.348858] thermal_sys: Registered thermal governor 'bang_bang'
[    0.348858] thermal_sys: Registered thermal governor 'step_wise'
[    0.348859] thermal_sys: Registered thermal governor 'user_space'
[    0.348859] thermal_sys: Registered thermal governor 'power_allocator'
[    0.353372] clocksource: acpi_pm: mask: 0xffffff max_cycles: 0xffffff, max_idle_ns: 2085701024 ns
[    0.353413] pci_bus 0000:00: resource 4 [io  0x0000-0x0cf7 window]
[    0.353415] pci_bus 0000:00: resource 5 [io  0x0d00-0xffff window]
[    0.353416] pci_bus 0000:00: resource 6 [mem 0x000a0000-0x000bffff window]
[    0.353417] pci_bus 0000:00: resource 7 [mem 0x80000000-0xfdffffff window]
[    0.353476] NET: Registered protocol family 2
[    0.353549] IP idents hash table entries: 32768 (order: 6, 262144 bytes, linear)
[    0.353955] MPTCP tokens hash table entries: 8192 (order: 4, 65536 bytes, linear)
[    0.353974] MPTCP request tokens hash table entries: 8192 (order: 4, 65536 bytes, linear)
[    0.353999] default registered
[    0.354000] default registered
[    0.354000] MPTCP: Stable release v0.96
[    0.354005] tcp_listen_portaddr_hash hash table entries: 1024 (order: 2, 16384 bytes, linear)
[    0.354084] TCP established hash table entries: 16384 (order: 5, 131072 bytes, linear)
[    0.354149] TCP bind hash table entries: 16384 (order: 6, 262144 bytes, linear)
[    0.354174] TCP: Hash tables configured (established 16384 bind 16384)
[    0.354876] UDP hash table entries: 1024 (order: 3, 32768 bytes, linear)
[    0.354887] UDP-Lite hash table entries: 1024 (order: 3, 32768 bytes, linear)
[    0.354922] NET: Registered protocol family 1
[    0.354930] NET: Registered protocol family 44
[    0.354951] pci 0000:00:00.0: Limiting direct PCI/PCI transfers
[    0.354963] pci 0000:00:01.0: Activating ISA DMA hang workarounds
[    0.355020] pci 0000:00:02.0: Video device with shadowed ROM at [mem 0x000c0000-0x000dffff]
[    0.355094] PCI: CLS 0 bytes, default 64
[    0.355218] Trying to unpack rootfs image as initramfs...
[    0.524419] Freeing initrd memory: 47868K
[    0.524419] clocksource: tsc: mask: 0xffffffffffffffff max_cycles: 0x1e4530a99b6, max_idle_ns: 440795257976 ns
[    0.524419] clocksource: Switched to clocksource tsc
[    0.524419] platform rtc_cmos: registered platform RTC device (no PNP device found)
[    0.524419] check: Scanning for low memory corruption every 60 seconds
[    0.524419] Initialise system trusted keyrings
[    0.524419] Key type blacklist registered
[    0.524419] workingset: timestamp_bits=36 max_order=19 bucket_order=0
[    0.535779] zbud: loaded
[    0.536140] squashfs: version 4.0 (2009/01/31) Phillip Lougher
[    0.536267] fuse: init (API version 7.31)
[    0.536284] *** VALIDATE fuse ***
[    0.536285] *** VALIDATE fuse ***
[    0.536384] Platform Keyring initialized
[    0.539341] Key type asymmetric registered
[    0.539342] Asymmetric key parser 'x509' registered
[    0.539349] Block layer SCSI generic (bsg) driver version 0.4 loaded (major 244)
[    0.539373] io scheduler mq-deadline registered
[    0.539486] shpchp: Standard Hot Plug PCI Controller Driver version: 0.4
[    0.539740] ACPI: AC Adapter [AC] (on-line)
[    0.539786] input: Power Button as /devices/LNXSYSTM:00/LNXPWRBN:00/input/input0
[    0.539816] ACPI: Power Button [PWRF]
[    0.539896] input: Sleep Button as /devices/LNXSYSTM:00/LNXSLPBN:00/input/input1
[    0.539911] ACPI: Sleep Button [SLPF]
[    0.540162] Serial: 8250/16550 driver, 32 ports, IRQ sharing enabled
[    0.541309] Linux agpgart interface v0.103
[    0.631147] loop: module loaded
[    0.631300] ata_piix 0000:00:01.1: version 2.13
[    0.631729] scsi host0: ata_piix
[    0.631820] scsi host1: ata_piix
[    0.631846] ata1: PATA max UDMA/33 cmd 0x1f0 ctl 0x3f6 bmdma 0xd000 irq 14
[    0.631847] ata2: PATA max UDMA/33 cmd 0x170 ctl 0x376 bmdma 0xd008 irq 15
[    0.631929] tun: Universal TUN/TAP device driver, 1.6
[    0.632248] PPP generic driver version 2.4.2
[    0.632291] VFIO - User Level meta-driver version: 0.3
[    0.632533] ehci_hcd: USB 2.0 'Enhanced' Host Controller (EHCI) Driver
[    0.632538] ehci-pci: EHCI PCI platform driver
[    0.632553] ehci-platform: EHCI generic platform driver
[    0.632559] ohci_hcd: USB 1.1 'Open' Host Controller (OHCI) Driver
[    0.632561] ohci-pci: OHCI PCI platform driver
[    0.632568] ohci-platform: OHCI generic platform driver
[    0.632573] uhci_hcd: USB Universal Host Controller Interface driver
[    0.632637] i8042: PNP: PS/2 Controller [PNP0303:PS2K,PNP0f03:PS2M] at 0x60,0x64 irq 1,12
[    0.633081] serio: i8042 KBD port at 0x60,0x64 irq 1
[    0.633084] serio: i8042 AUX port at 0x60,0x64 irq 12
[    0.633170] mousedev: PS/2 mouse device common for all mice
[    0.633437] input: AT Translated Set 2 keyboard as /devices/platform/i8042/serio0/input/input2
[    0.633835] rtc_cmos rtc_cmos: registered as rtc0
[    0.633847] rtc_cmos rtc_cmos: alarms up to one day, 114 bytes nvram
[    0.633852] i2c /dev entries driver
[    0.633896] device-mapper: uevent: version 1.0.3
[    0.633937] device-mapper: ioctl: 4.41.0-ioctl (2019-09-16) initialised: dm-devel@redhat.com
[    0.633953] platform eisa.0: Probing EISA bus 0
[    0.633954] platform eisa.0: EISA: Cannot allocate resource for mainboard
[    0.633956] platform eisa.0: Cannot allocate resource for EISA slot 1
[    0.633957] platform eisa.0: Cannot allocate resource for EISA slot 2
[    0.633958] platform eisa.0: Cannot allocate resource for EISA slot 3
[    0.633959] platform eisa.0: Cannot allocate resource for EISA slot 4
[    0.633960] platform eisa.0: Cannot allocate resource for EISA slot 5
[    0.633961] platform eisa.0: Cannot allocate resource for EISA slot 6
[    0.633961] platform eisa.0: Cannot allocate resource for EISA slot 7
[    0.633962] platform eisa.0: Cannot allocate resource for EISA slot 8
[    0.633963] platform eisa.0: EISA: Detected 0 cards
[    0.633966] intel_pstate: CPU model not supported
[    0.633975] ledtrig-cpu: registered to indicate activity on CPUs
[    0.634032] drop_monitor: Initializing network drop monitor service
[    0.634190] NET: Registered protocol family 10
[    0.639145] Segment Routing with IPv6
[    0.639145] fullmesh registered
[    0.639145] ndiffports registered
[    0.639145] binder registered
[    0.639145] roundrobin registered
[    0.639145] redundant registered
[    0.639145] blest registered
[    0.639145] ecf registered
[    0.639145] NET: Registered protocol family 17
[    0.639145] Key type dns_resolver registered
[    0.639145] RAS: Correctable Errors collector initialized.
[    0.639145] IPI shorthand broadcast: enabled
[    0.639145] sched_clock: Marking stable (624033121, 11112631)->(635877121, -731369)
[    0.639503] registered taskstats version 1
[    0.639512] Loading compiled-in X.509 certificates
[    0.640114] Loaded X.509 cert 'Build time autogenerated kernel key: 6909f3744cebb3d0de528d5887b96a727de79b1e'
[    0.640133] zswap: loaded using pool lzo/zbud
[    0.640185] Key type ._fscrypt registered
[    0.640186] Key type .fscrypt registered
[    0.644602] Key type big_key registered
[    0.646798] Key type encrypted registered
[    0.646801] AppArmor: AppArmor sha1 policy hashing enabled
[    0.646809] ima: No TPM chip found, activating TPM-bypass!
[    0.646812] ima: Allocated hash algorithm: sha1
[    0.646816] ima: No architecture policies found
[    0.646825] evm: Initialising EVM extended attributes:
[    0.646826] evm: security.selinux
[    0.646826] evm: security.SMACK64
[    0.646827] evm: security.SMACK64EXEC
[    0.646827] evm: security.SMACK64TRANSMUTE
[    0.646828] evm: security.SMACK64MMAP
[    0.646828] evm: security.apparmor
[    0.646829] evm: security.ima
[    0.646829] evm: security.capability
[    0.646830] evm: HMAC attrs: 0x1
[    0.647123] PM:   Magic number: 10:983:794
[    0.647241] rtc_cmos rtc_cmos: setting system clock to 2026-01-13T17:45:34 UTC (1768326334)
[    0.802937] ata1.00: ATA-6: VBOX HARDDISK, 1.0, max UDMA/133
[    0.802940] ata1.00: 209715200 sectors, multi 128: LBA 
[    0.803437] scsi 0:0:0:0: Direct-Access     ATA      VBOX HARDDISK    1.0  PQ: 0 ANSI: 5
[    0.803643] sd 0:0:0:0: [sda] 209715200 512-byte logical blocks: (107 GB/100 GiB)
[    0.803650] sd 0:0:0:0: [sda] Write Protect is off
[    0.803652] sd 0:0:0:0: [sda] Mode Sense: 00 3a 00 00
[    0.803664] sd 0:0:0:0: [sda] Write cache: enabled, read cache: enabled, doesn't support DPO or FUA
[    0.803873] sd 0:0:0:0: Attached scsi generic sg0 type 0
[    0.804548]  sda: sda1 sda2
[    0.815250] sd 0:0:0:0: [sda] Attached SCSI disk
[    0.817339] Freeing unused decrypted memory: 2040K
[    0.818063] Freeing unused kernel image memory: 2728K
[    0.818066] Write protecting the kernel read-only data: 22528k
[    0.818776] Freeing unused kernel image memory: 2036K
[    0.819190] Freeing unused kernel image memory: 1432K
[    0.834372] x86/mm: Checked W+X mappings: passed, no W+X pages found.
[    0.834375] Run /init as init process
[    0.926090] ACPI: Video Device [GFX0] (multi-head: yes  rom: no  post: no)
[    0.926162] input: Video Bus as /devices/LNXSYSTM:00/LNXSYBUS:00/PNP0A03:00/LNXVIDEO:00/input/input4
[    0.936400] pcnet32: pcnet32.c:v1.35 21.Apr.2008 tsbogend@alpha.franken.de
[    0.937217] pcnet32: PCnet/FAST III 79C973 at 0xd020, 08:00:27:35:7b:0e assigned IRQ 19
[    0.937261] pcnet32: Found PHY 0022:561b at address 0
[    0.937558] pcnet32: eth0: registered as PCnet/FAST III 79C973
[    0.938740] pcnet32: 1 cards_found
[    0.941214] e1000: Intel(R) PRO/1000 Network Driver - version 7.3.21-k8-NAPI
[    0.941215] e1000: Copyright (c) 1999-2006 Intel Corporation.
[    0.955141] piix4_smbus 0000:00:07.0: SMBus Host Controller at 0x4100, revision 0
[    1.018847] pcnet32 0000:00:03.0 enp0s3: renamed from eth0
[    1.157631] input: ImExPS/2 Generic Explorer Mouse as /devices/platform/i8042/serio1/input/input5
[    1.355567] e1000 0000:00:08.0 eth0: (PCI:33MHz:32-bit) 08:00:27:e3:5a:42
[    1.355571] e1000 0000:00:08.0 eth0: Intel(R) PRO/1000 Network Connection
[    1.731499] e1000 0000:00:09.0 eth1: (PCI:33MHz:32-bit) 08:00:27:1b:e9:e1
[    1.731502] e1000 0000:00:09.0 eth1: Intel(R) PRO/1000 Network Connection
[    1.732637] e1000 0000:00:09.0 enp0s9: renamed from eth1
[    1.734423] e1000 0000:00:08.0 enp0s8: renamed from eth0
[    1.891686] EXT4-fs (sda2): mounted filesystem with ordered data mode. Opts: (null)
[    1.974496] systemd[1]: Inserted module 'autofs4'
[    1.983835] systemd[1]: systemd 245.4-4ubuntu3 running in system mode. (+PAM +AUDIT +SELINUX +IMA +APPARMOR +SMACK +SYSVINIT +UTMP +LIBCRYPTSETUP +GCRYPT +GNUTLS +ACL +XZ +LZ4 +SECCOMP +BLKID +ELFUTILS +KMOD +IDN2 -IDN +PCRE2 default-hierarchy=hybrid)
[    1.983866] systemd[1]: Detected virtualization oracle.
[    1.983870] systemd[1]: Detected architecture x86-64.
[    1.985169] systemd[1]: Set hostname to <ztg>.
[    2.111299] systemd[1]: /lib/systemd/system/dbus.socket:5: ListenStream= references a path below legacy directory /var/run/, updating /var/run/dbus/system_bus_socket â†’ /run/dbus/system_bus_socket; please update the unit file accordingly.
[    2.164103] systemd[1]: Created slice system-modprobe.slice.
[    2.164288] systemd[1]: Created slice User and Session Slice.
[    2.164332] systemd[1]: Started Forward Password Requests to Wall Directory Watch.
[    2.164496] systemd[1]: Set up automount Arbitrary Executable File Formats File System Automount Point.
[    2.164530] systemd[1]: Reached target User and Group Name Lookups.
[    2.164538] systemd[1]: Reached target Remote File Systems.
[    2.164546] systemd[1]: Reached target Slices.
[    2.165073] systemd[1]: Listening on Syslog Socket.
[    2.165146] systemd[1]: Listening on fsck to fsckd communication Socket.
[    2.165184] systemd[1]: Listening on initctl Compatibility Named Pipe.
[    2.165321] systemd[1]: Listening on Journal Audit Socket.
[    2.165374] systemd[1]: Listening on Journal Socket (/dev/log).
[    2.165441] systemd[1]: Listening on Journal Socket.
[    2.165505] systemd[1]: Listening on udev Control Socket.
[    2.165544] systemd[1]: Listening on udev Kernel Socket.
[    2.166292] systemd[1]: Mounting Huge Pages File System...
[    2.167260] systemd[1]: Mounting POSIX Message Queue File System...
[    2.168161] systemd[1]: Mounting Kernel Debug File System...
[    2.168980] systemd[1]: Mounting Kernel Trace File System...
[    2.170896] systemd[1]: Starting Journal Service...
[    2.193782] systemd[1]: Starting Set the console keyboard layout...
[    2.201659] systemd[1]: Starting Create list of static device nodes for the current kernel...
[    2.203650] systemd[1]: Starting Load Kernel Module drm...
[    2.204678] systemd[1]: Condition check resulted in Set Up Additional Binary Formats being skipped.
[    2.204723] systemd[1]: Condition check resulted in File System Check on Root Device being skipped.
[    2.215964] systemd[1]: Starting Load Kernel Modules...
[    2.223734] systemd[1]: Starting Remount Root and Kernel File Systems...
[    2.237326] systemd[1]: Starting udev Coldplug all Devices...
[    2.243375] systemd[1]: Starting Uncomplicated firewall...
[    2.244938] systemd[1]: Mounted Huge Pages File System.
[    2.245029] systemd[1]: Mounted POSIX Message Queue File System.
[    2.245105] systemd[1]: Mounted Kernel Debug File System.
[    2.245174] systemd[1]: Mounted Kernel Trace File System.
[    2.282743] EXT4-fs (sda2): re-mounted. Opts: errors=remount-ro
[    2.288909] systemd[1]: Finished Create list of static device nodes for the current kernel.
[    2.290022] systemd[1]: modprobe@drm.service: Succeeded.
[    2.296373] systemd[1]: Finished Load Kernel Module drm.
[    2.297016] systemd[1]: Finished Remount Root and Kernel File Systems.
[    2.297909] systemd[1]: Finished Uncomplicated firewall.
[    2.314522] lp: driver loaded but no devices found
[    2.316692] systemd[1]: Condition check resulted in Rebuild Hardware Database being skipped.
[    2.316737] systemd[1]: Condition check resulted in Platform Persistent Storage Archival being skipped.
[    2.317446] systemd[1]: Starting Load/Save Random Seed...
[    2.323504] systemd[1]: Starting Create System Users...
[    2.328837] ppdev: user-space parallel port driver
[    2.338915] systemd[1]: Finished Load/Save Random Seed.
[    2.343455] systemd[1]: Finished Create System Users.
[    2.344215] systemd[1]: Starting Create Static Device Nodes in /dev...
[    2.360676] systemd[1]: Finished Create Static Device Nodes in /dev.
[    2.361480] systemd[1]: Starting udev Kernel Device Manager...
[    2.416726] systemd[1]: Finished udev Coldplug all Devices.
[    2.420842] [drm] DMA map mode: Caching DMA mappings.
[    2.420903] [drm] Capabilities:
[    2.420903] [drm]   Rect copy.
[    2.420904] [drm]   Cursor.
[    2.420904] [drm]   Cursor bypass.
[    2.420904] [drm]   Cursor bypass 2.
[    2.420905] [drm]   Alpha cursor.
[    2.420905] [drm]   Extended Fifo.
[    2.420905] [drm]   Pitchlock.
[    2.420906] [drm]   Irq mask.
[    2.420906] [drm]   GMR.
[    2.420906] [drm]   Traces.
[    2.420907] [drm]   GMR2.
[    2.420907] [drm]   Screen Object 2.
[    2.420907] [drm]   Command Buffers.
[    2.420908] [drm]   Command Buffers 2.
[    2.420908] [drm]   Guest Backed Resources.
[    2.420909] [drm] Max GMR ids is 8192
[    2.420910] [drm] Max number of GMR pages is 1048576
[    2.420910] [drm] Max dedicated hypervisor surface memory is 393216 kiB
[    2.420911] [drm] Maximum display memory size is 131072 kiB
[    2.420912] [drm] VRAM at 0xe0000000 size is 131072 kiB
[    2.420912] [drm] MMIO at 0xf0000000 size is 2048 kiB
[    2.422112] [TTM] Zone  kernel: Available graphics memory: 1011738 KiB
[    2.422113] [TTM] Initializing pool allocator
[    2.422118] [TTM] Initializing DMA pool allocator
[    2.422184] [drm] Supports vblank timestamp caching Rev 2 (21.10.2013).
[    2.422185] [drm] No driver support for vblank timestamp query.
[    2.422407] [drm] Screen Target Display device initialized
[    2.422625] [drm] width 720
[    2.422634] [drm] height 400
[    2.422637] [drm] bpp 32
[    2.423186] [drm] Fifo max 0x00200000 min 0x00001000 cap 0x00000355
[    2.424747] [drm] Using command buffers with DMA pool.
[    2.424751] [drm] DX: no.
[    2.424751] [drm] Atomic: yes.
[    2.424751] [drm] SM4_1: no.
[    2.424770] [drm:vmw_host_log [vmwgfx]] *ERROR* Failed to send host log message.
[    2.425685] [drm:vmw_host_log [vmwgfx]] *ERROR* Failed to send host log message.
[    2.431346] fbcon: svgadrmfb (fb0) is primary device
[    2.437941] Console: switching to colour frame buffer device 100x37
[    2.443335] [drm] Initialized vmwgfx 2.15.0 20180704 for 0000:00:02.0 on minor 0
[    2.444248] systemd[1]: Finished Load Kernel Modules.
[    2.445180] systemd[1]: Mounting FUSE Control File System...
[    2.446323] systemd[1]: Mounting Kernel Configuration File System...
[    2.479758] systemd[1]: Starting Apply Kernel Variables...
[    2.484789] systemd[1]: Mounted FUSE Control File System.
[    2.484856] systemd[1]: Condition check resulted in VMware vmblock fuse mount being skipped.
[    2.487809] systemd[1]: Mounted Kernel Configuration File System.
[    2.496718] systemd[1]: Finished Set the console keyboard layout.
[    2.496809] systemd[1]: Reached target Local File Systems (Pre).
[    2.498679] systemd[1]: Mounting Mount unit for bare, revision 5...
[    2.500675] systemd[1]: Mounting Mount unit for core18, revision 1705...
[    2.506120] systemd[1]: Mounting Mount unit for gnome-3-34-1804, revision 24...
[    2.515157] systemd[1]: Mounting Mount unit for gtk-common-themes, revision 1506...
[    2.548290] systemd[1]: Mounting Mount unit for gtk-common-themes, revision 1535...
[    2.551147] systemd[1]: Mounting Mount unit for snap-store, revision 433...
[    2.557561] systemd[1]: Mounting Mount unit for snapd, revision 25935...
[    2.582593] systemd[1]: Finished Apply Kernel Variables.
[    2.597096] systemd[1]: Mounted Mount unit for bare, revision 5.
[    2.597212] systemd[1]: Mounted Mount unit for gnome-3-34-1804, revision 24.
[    2.601636] systemd[1]: Mounted Mount unit for core18, revision 1705.
[    2.603646] systemd[1]: Mounted Mount unit for gtk-common-themes, revision 1506.
[    2.609585] systemd[1]: Started udev Kernel Device Manager.
[    2.610463] systemd[1]: Starting Show Plymouth Boot Screen...
[    2.637932] systemd[1]: Received SIGRTMIN+20 from PID 276 (plymouthd).
[    2.657899] systemd[1]: Started Show Plymouth Boot Screen.
[    2.658103] systemd[1]: Condition check resulted in Dispatch Password Requests to Console Directory Watch being skipped.
[    2.658210] systemd[1]: Started Forward Password Requests to Plymouth Directory Watch.
[    2.658248] systemd[1]: Reached target Local Encrypted Volumes.
[    2.679490] systemd[1]: Mounted Mount unit for gtk-common-themes, revision 1535.
[    2.712456] systemd[1]: Mounted Mount unit for snap-store, revision 433.
[    2.712792] systemd[1]: Mounted Mount unit for snapd, revision 25935.
[    2.712981] systemd[1]: Reached target Local File Systems.
[    2.716203] systemd[1]: Starting Load AppArmor profiles...
[    2.724944] systemd[1]: Starting Set console font and keymap...
[    2.730419] systemd[1]: Starting Tell Plymouth To Write Out Runtime Data...
[    2.737052] systemd[1]: Condition check resulted in Store a System Token in an EFI Variable being skipped.
[    2.737089] systemd[1]: Condition check resulted in Commit a transient machine-id on disk being skipped.
[    2.738098] systemd[1]: Finished Set console font and keymap.
[    2.745854] systemd[1]: Received SIGRTMIN+20 from PID 276 (plymouthd).
[    2.747570] systemd[1]: plymouth-read-write.service: Succeeded.
[    2.747830] systemd[1]: Finished Tell Plymouth To Write Out Runtime Data.
[    2.776923] audit: type=1400 audit(1768326336.624:2): apparmor="STATUS" operation="profile_load" profile="unconfined" name="nvidia_modprobe" pid=299 comm="apparmor_parser"
[    2.776925] audit: type=1400 audit(1768326336.624:3): apparmor="STATUS" operation="profile_load" profile="unconfined" name="nvidia_modprobe//kmod" pid=299 comm="apparmor_parser"
[    2.802434] audit: type=1400 audit(1768326336.652:4): apparmor="STATUS" operation="profile_load" profile="unconfined" name="/usr/sbin/tcpdump" pid=300 comm="apparmor_parser"
[    2.831338] audit: type=1400 audit(1768326336.672:5): apparmor="STATUS" operation="profile_load" profile="unconfined" name="/usr/bin/evince" pid=302 comm="apparmor_parser"
[    2.831340] audit: type=1400 audit(1768326336.672:6): apparmor="STATUS" operation="profile_load" profile="unconfined" name="/usr/bin/evince//sanitized_helper" pid=302 comm="apparmor_parser"
[    2.831342] audit: type=1400 audit(1768326336.672:7): apparmor="STATUS" operation="profile_load" profile="unconfined" name="/usr/bin/evince-previewer" pid=302 comm="apparmor_parser"
[    2.831345] audit: type=1400 audit(1768326336.672:8): apparmor="STATUS" operation="profile_load" profile="unconfined" name="/usr/bin/evince-previewer//sanitized_helper" pid=302 comm="apparmor_parser"
[    2.831346] audit: type=1400 audit(1768326336.672:9): apparmor="STATUS" operation="profile_load" profile="unconfined" name="/usr/bin/evince-thumbnailer" pid=302 comm="apparmor_parser"
[    2.864164] audit: type=1400 audit(1768326336.712:10): apparmor="STATUS" operation="profile_load" profile="unconfined" name="/usr/lib/cups/backend/cups-pdf" pid=303 comm="apparmor_parser"
[    2.947910] systemd[1]: Finished Load AppArmor profiles.
[    2.949107] systemd[1]: Starting Load AppArmor profiles managed internally by snapd...
[    3.067993] systemd[1]: Finished Load AppArmor profiles managed internally by snapd.
[    3.184228] systemd[1]: Started Journal Service.
[    3.193338] systemd-journald[229]: Received client request to flush runtime journal.
[    3.196692] systemd-journald[229]: File /var/log/journal/c455b248004a419c87ce85eea238d727/system.journal corrupted or uncleanly shut down, renaming and replacing.
[    4.604046] RAPL PMU: API unit is 2^-32 Joules, 0 fixed counters, 10737418240 ms ovfl timer
[    4.643607] cryptd: max_cpu_qlen set to 1000
[    4.728128] AVX2 version of gcm_enc/dec engaged.
[    4.728129] AES CTR mode by8 optimization enabled
[    6.655494] Adding 1998844k swap on /dev/sda1.  Priority:-2 extents:1 across:1998844k FS
[    7.931774] kauditd_printk_skb: 30 callbacks suppressed
[    7.931776] audit: type=1400 audit(1768326341.780:41): apparmor="DENIED" operation="capable" profile="/usr/sbin/cups-browsed" pid=508 comm="cups-browsed" capability=23  capname="sys_nice"
[    9.155281] pcnet32 0000:00:03.0 enp0s3: link up, 100Mbps, full-duplex
[    9.187602] e1000: enp0s8 NIC Link is Up 1000 Mbps Full Duplex, Flow Control: RX
[    9.188620] IPv6: ADDRCONF(NETDEV_CHANGE): enp0s8: link becomes ready
[    9.220251] e1000: enp0s9 NIC Link is Up 1000 Mbps Full Duplex, Flow Control: RX
[    9.220544] IPv6: ADDRCONF(NETDEV_CHANGE): enp0s9: link becomes ready
[    9.874240] device enp0s3 entered promiscuous mode
[    9.906436] audit: type=1400 audit(1768326343.752:42): apparmor="DENIED" operation="open" profile="/usr/sbin/tcpdump" name="/proc/sys/kernel/random/boot_id" pid=634 comm="tcpdump" requested_mask="r" denied_mask="r" fsuid=0 ouid=0
[    9.906763] audit: type=1400 audit(1768326343.752:43): apparmor="DENIED" operation="open" profile="/usr/sbin/tcpdump" name="/proc/sys/kernel/random/boot_id" pid=634 comm="tcpdump" requested_mask="r" denied_mask="r" fsuid=0 ouid=0
[    9.906942] audit: type=1400 audit(1768326343.752:44): apparmor="DENIED" operation="open" profile="/usr/sbin/tcpdump" name="/proc/sys/kernel/random/boot_id" pid=634 comm="tcpdump" requested_mask="r" denied_mask="r" fsuid=0 ouid=0
[    9.907123] audit: type=1400 audit(1768326343.752:45): apparmor="DENIED" operation="open" profile="/usr/sbin/tcpdump" name="/proc/sys/kernel/random/boot_id" pid=634 comm="tcpdump" requested_mask="r" denied_mask="r" fsuid=0 ouid=0
[    9.909582] audit: type=1400 audit(1768326343.760:46): apparmor="DENIED" operation="open" profile="/usr/sbin/tcpdump" name="/proc/sys/kernel/random/boot_id" pid=635 comm="tcpdump" requested_mask="r" denied_mask="r" fsuid=0 ouid=0
[    9.909646] audit: type=1400 audit(1768326343.760:47): apparmor="DENIED" operation="open" profile="/usr/sbin/tcpdump" name="/proc/sys/kernel/random/boot_id" pid=635 comm="tcpdump" requested_mask="r" denied_mask="r" fsuid=0 ouid=0
[    9.909685] audit: type=1400 audit(1768326343.760:48): apparmor="DENIED" operation="open" profile="/usr/sbin/tcpdump" name="/proc/sys/kernel/random/boot_id" pid=635 comm="tcpdump" requested_mask="r" denied_mask="r" fsuid=0 ouid=0
[    9.909703] audit: type=1400 audit(1768326343.760:49): apparmor="DENIED" operation="open" profile="/usr/sbin/tcpdump" name="/proc/sys/kernel/random/boot_id" pid=635 comm="tcpdump" requested_mask="r" denied_mask="r" fsuid=0 ouid=0
[   16.020812] rfkill: input handler disabled
[   97.079084] rfkill: input handler enabled
[  105.776409] rfkill: input handler disabled
[  244.382819] AAAAA-TCP_SEND: name:enp0s3: saddr:100932208: daddr:16783984: srtt_us:0: RTT:0: ssthresh:2147483647: cwnd:10: delivered:0: lost:0: retrans:0
[  245.483800] AAAAA-TCP_SEND: name:enp0s3: saddr:100932208: daddr:16783984: srtt_us:0: RTT:0: ssthresh:7: cwnd:1: delivered:0: lost:1: retrans:1
[  247.419928] AAAAA-TCP_SEND: name:enp0s3: saddr:100932208: daddr:16783984: srtt_us:0: RTT:0: ssthresh:7: cwnd:1: delivered:0: lost:2: retrans:2
[  248.005166] AAAAA-TCP_RECV: name:enp0s3: saddr:16783984: daddr:100932208: srtt_us:0: RTT:0: ssthresh:7: cwnd:1: delivered:0: lost:2: retrans:2
[  248.005221] AAAAA-TCP_SEND: name:enp0s3: saddr:100932208: daddr:16783984: srtt_us:29048000: RTT:3631000: ssthresh:2147483647: cwnd:10: delivered:1: lost:2: retrans:2
[  248.005355] AAAAA-TCP_SEND: name:enp0s3: saddr:100932208: daddr:16783984: srtt_us:29048000: RTT:3631000: ssthresh:2147483647: cwnd:10: delivered:1: lost:2: retrans:2
[  248.194904] AAAAA-TCP_RECV: name:enp0s3: saddr:16783984: daddr:100932208: srtt_us:29048000: RTT:3631000: ssthresh:2147483647: cwnd:10: delivered:1: lost:2: retrans:2
[  248.194932] AAAAA-TCP_SEND: name:enp0s3: saddr:100932208: daddr:16783984: srtt_us:29048000: RTT:3631000: ssthresh:2147483647: cwnd:10: delivered:1: lost:2: retrans:2
[  248.222386] AAAAA-TCP_RECV: name:enp0s3: saddr:16783984: daddr:100932208: srtt_us:29048000: RTT:3631000: ssthresh:2147483647: cwnd:10: delivered:1: lost:2: retrans:2
[  248.581425] AAAAA-TCP_RECV: name:enp0s3: saddr:16783984: daddr:100932208: srtt_us:29048000: RTT:3631000: ssthresh:2147483647: cwnd:10: delivered:1: lost:2: retrans:2
[  248.599246] AAAAA-TCP_RECV: name:enp0s3: saddr:16783984: daddr:100932208: srtt_us:29048000: RTT:3631000: ssthresh:2147483647: cwnd:10: delivered:1: lost:2: retrans:2
[  248.632668] AAAAA-TCP_RECV: name:enp0s3: saddr:16783984: daddr:100932208: srtt_us:29048000: RTT:3631000: ssthresh:2147483647: cwnd:10: delivered:1: lost:2: retrans:2
[  248.632747] AAAAA-TCP_SEND: name:enp0s3: saddr:100932208: daddr:33561200: srtt_us:0: RTT:0: ssthresh:2147483647: cwnd:10: delivered:0: lost:0: retrans:0
[  248.690152] AAAAA-TCP_RECV: name:enp0s3: saddr:16783984: daddr:100932208: srtt_us:26044331: RTT:3255541: ssthresh:2147483647: cwnd:10: delivered:2: lost:2: retrans:2
[  248.690180] AAAAA-TCP_SEND: name:enp0s3: saddr:100932208: daddr:16783984: srtt_us:26044331: RTT:3255541: ssthresh:2147483647: cwnd:10: delivered:2: lost:2: retrans:2
[  248.690362] AAAAA-TCP_SEND: name:enp0s3: saddr:100932208: daddr:16783984: srtt_us:26044331: RTT:3255541: ssthresh:2147483647: cwnd:10: delivered:2: lost:2: retrans:2
[  249.002076] AAAAA-TCP_RECV: name:enp0s3: saddr:33561200: daddr:100932208: srtt_us:0: RTT:0: ssthresh:2147483647: cwnd:10: delivered:0: lost:0: retrans:0
[  249.002122] AAAAA-TCP_SEND: name:enp0s3: saddr:100932208: daddr:33561200: srtt_us:2954824: RTT:369353: ssthresh:2147483647: cwnd:10: delivered:1: lost:0: retrans:0
[  249.095022] AAAAA-TCP_RECV: name:enp0s3: saddr:16783984: daddr:100932208: srtt_us:26044331: RTT:3255541: ssthresh:2147483647: cwnd:10: delivered:2: lost:2: retrans:2
[  249.095058] AAAAA-TCP_SEND: name:enp0s3: saddr:100932208: daddr:16783984: srtt_us:26044331: RTT:3255541: ssthresh:2147483647: cwnd:10: delivered:2: lost:2: retrans:2
[  249.315722] AAAAA-TCP_RECV: name:enp0s3: saddr:33561200: daddr:100932208: srtt_us:2954824: RTT:369353: ssthresh:2147483647: cwnd:10: delivered:1: lost:0: retrans:0
[  249.371219] AAAAA-TCP_RECV: name:enp0s3: saddr:16783984: daddr:100932208: srtt_us:23193484: RTT:2899185: ssthresh:2147483647: cwnd:10: delivered:3: lost:2: retrans:2
[  249.508170] AAAAA-TCP_RECV: name:enp0s3: saddr:33561200: daddr:100932208: srtt_us:2954824: RTT:369353: ssthresh:2147483647: cwnd:10: delivered:1: lost:0: retrans:0
[  249.508207] AAAAA-TCP_SEND: name:enp0s3: saddr:100932208: daddr:33561200: srtt_us:2954824: RTT:369353: ssthresh:2147483647: cwnd:10: delivered:1: lost:0: retrans:0
[  249.508380] AAAAA-TCP_SEND: name:enp0s3: saddr:100932208: daddr:16783984: srtt_us:0: RTT:0: ssthresh:2147483647: cwnd:10: delivered:0: lost:0: retrans:0
[  250.037747] AAAAA-TCP_RECV: name:enp0s3: saddr:16783984: daddr:100932208: srtt_us:0: RTT:0: ssthresh:2147483647: cwnd:10: delivered:0: lost:0: retrans:0
[  250.037807] AAAAA-TCP_SEND: name:enp0s3: saddr:100932208: daddr:16783984: srtt_us:4235112: RTT:529389: ssthresh:2147483647: cwnd:10: delivered:1: lost:0: retrans:0
[  250.038890] AAAAA-TCP_SEND: name:enp0s3: saddr:100932208: daddr:16783984: srtt_us:4235112: RTT:529389: ssthresh:2147483647: cwnd:10: delivered:1: lost:0: retrans:0
[  250.150619] AAAAA-TCP_RECV: name:enp0s3: saddr:16783984: daddr:100932208: srtt_us:4235112: RTT:529389: ssthresh:2147483647: cwnd:10: delivered:1: lost:0: retrans:0
[  250.204085] AAAAA-TCP_RECV: name:enp0s3: saddr:16783984: daddr:100932208: srtt_us:4235112: RTT:529389: ssthresh:2147483647: cwnd:10: delivered:1: lost:0: retrans:0
[  250.204135] AAAAA-TCP_SEND: name:enp0s3: saddr:100932208: daddr:33561200: srtt_us:0: RTT:0: ssthresh:2147483647: cwnd:10: delivered:0: lost:0: retrans:0
[  250.314438] AAAAA-TCP_RECV: name:enp0s3: saddr:33561200: daddr:100932208: srtt_us:2954824: RTT:369353: ssthresh:2147483647: cwnd:10: delivered:1: lost:0: retrans:0
[  250.314451] AAAAA-TCP_SEND: name:enp0s3: saddr:100932208: daddr:33561200: srtt_us:2954824: RTT:369353: ssthresh:2147483647: cwnd:10: delivered:1: lost:0: retrans:0
[  250.483058] AAAAA-TCP_RECV: name:enp0s3: saddr:33561200: daddr:100932208: srtt_us:0: RTT:0: ssthresh:2147483647: cwnd:10: delivered:0: lost:0: retrans:0
[  250.483082] AAAAA-TCP_SEND: name:enp0s3: saddr:100932208: daddr:33561200: srtt_us:2231432: RTT:278929: ssthresh:2147483647: cwnd:10: delivered:1: lost:0: retrans:0
[  250.583242] AAAAA-TCP_RECV: name:enp0s3: saddr:33561200: daddr:100932208: srtt_us:2954824: RTT:369353: ssthresh:2147483647: cwnd:10: delivered:1: lost:0: retrans:0
[  250.583256] AAAAA-TCP_SEND: name:enp0s3: saddr:100932208: daddr:33561200: srtt_us:2954824: RTT:369353: ssthresh:2147483647: cwnd:10: delivered:1: lost:0: retrans:0
[  250.583314] AAAAA-TCP_SEND: name:enp0s3: saddr:100932208: daddr:16783984: srtt_us:3870926: RTT:483865: ssthresh:2147483647: cwnd:10: delivered:2: lost:0: retrans:0
[  250.583360] AAAAA-TCP_SEND: name:enp0s3: saddr:100932208: daddr:16783984: srtt_us:3870926: RTT:483865: ssthresh:2147483647: cwnd:10: delivered:2: lost:0: retrans:0
[  250.583473] AAAAA-TCP_SEND: name:enp0s3: saddr:100932208: daddr:16783984: srtt_us:3870926: RTT:483865: ssthresh:2147483647: cwnd:10: delivered:2: lost:0: retrans:0
[  250.583487] AAAAA-TCP_SEND: name:enp0s3: saddr:100932208: daddr:16783984: srtt_us:3870926: RTT:483865: ssthresh:2147483647: cwnd:10: delivered:2: lost:0: retrans:0
[  250.583662] AAAAA-TCP_SEND: name:enp0s3: saddr:100932208: daddr:16783984: srtt_us:3870926: RTT:483865: ssthresh:2147483647: cwnd:10: delivered:2: lost:0: retrans:0
[  250.583673] AAAAA-TCP_SEND: name:enp0s3: saddr:100932208: daddr:16783984: srtt_us:3870926: RTT:483865: ssthresh:2147483647: cwnd:10: delivered:2: lost:0: retrans:0
[  250.583751] AAAAA-TCP_SEND: name:enp0s3: saddr:100932208: daddr:16783984: srtt_us:3870926: RTT:483865: ssthresh:2147483647: cwnd:10: delivered:2: lost:0: retrans:0
[  250.583761] AAAAA-TCP_SEND: name:enp0s3: saddr:100932208: daddr:16783984: srtt_us:3870926: RTT:483865: ssthresh:2147483647: cwnd:10: delivered:2: lost:0: retrans:0
[  250.583959] AAAAA-TCP_SEND: name:enp0s3: saddr:100932208: daddr:16783984: srtt_us:3870926: RTT:483865: ssthresh:2147483647: cwnd:10: delivered:2: lost:0: retrans:0
[  250.583974] AAAAA-TCP_SEND: name:enp0s3: saddr:100932208: daddr:16783984: srtt_us:3870926: RTT:483865: ssthresh:2147483647: cwnd:10: delivered:2: lost:0: retrans:0
[  250.813771] AAAAA-TCP_RECV: name:enp0s3: saddr:33561200: daddr:100932208: srtt_us:2231432: RTT:278929: ssthresh:2147483647: cwnd:10: delivered:1: lost:0: retrans:0
[  250.813873] AAAAA-TCP_SEND: name:enp0s3: saddr:100932208: daddr:33561200: srtt_us:2231432: RTT:278929: ssthresh:2147483647: cwnd:10: delivered:1: lost:0: retrans:0
[  250.813935] AAAAA-TCP_SEND: name:enp0s3: saddr:100932208: daddr:33561200: srtt_us:2231432: RTT:278929: ssthresh:2147483647: cwnd:10: delivered:1: lost:0: retrans:0
[  250.815608] AAAAA-TCP_SEND: name:enp0s3: saddr:100932208: daddr:33561200: srtt_us:2231432: RTT:278929: ssthresh:2147483647: cwnd:10: delivered:1: lost:0: retrans:0
[  250.815652] AAAAA-TCP_SEND: name:enp0s3: saddr:100932208: daddr:33561200: srtt_us:2231432: RTT:278929: ssthresh:2147483647: cwnd:10: delivered:1: lost:0: retrans:0
[  250.815892] AAAAA-TCP_SEND: name:enp0s3: saddr:100932208: daddr:33561200: srtt_us:2231432: RTT:278929: ssthresh:2147483647: cwnd:10: delivered:1: lost:0: retrans:0
[  250.815920] AAAAA-TCP_SEND: name:enp0s3: saddr:100932208: daddr:33561200: srtt_us:2231432: RTT:278929: ssthresh:2147483647: cwnd:10: delivered:1: lost:0: retrans:0
[  250.816051] AAAAA-TCP_SEND: name:enp0s3: saddr:100932208: daddr:33561200: srtt_us:2231432: RTT:278929: ssthresh:2147483647: cwnd:10: delivered:1: lost:0: retrans:0
[  250.816103] AAAAA-TCP_SEND: name:enp0s3: saddr:100932208: daddr:33561200: srtt_us:2231432: RTT:278929: ssthresh:2147483647: cwnd:10: delivered:1: lost:0: retrans:0
[  250.816319] AAAAA-TCP_SEND: name:enp0s3: saddr:100932208: daddr:33561200: srtt_us:2231432: RTT:278929: ssthresh:2147483647: cwnd:10: delivered:1: lost:0: retrans:0
[  250.816348] AAAAA-TCP_SEND: name:enp0s3: saddr:100932208: daddr:33561200: srtt_us:2231432: RTT:278929: ssthresh:2147483647: cwnd:10: delivered:1: lost:0: retrans:0
[  251.332772] AAAAA-TCP_RECV: name:enp0s3: saddr:16783984: daddr:100932208: srtt_us:3870926: RTT:483865: ssthresh:2147483647: cwnd:10: delivered:2: lost:0: retrans:0
[  251.332833] AAAAA-TCP_SEND: name:enp0s3: saddr:100932208: daddr:16783984: srtt_us:4136526: RTT:517065: ssthresh:2147483647: cwnd:11: delivered:3: lost:0: retrans:0
[  251.332918] AAAAA-TCP_SEND: name:enp0s3: saddr:100932208: daddr:16783984: srtt_us:4136526: RTT:517065: ssthresh:2147483647: cwnd:11: delivered:3: lost:0: retrans:0
[  251.411222] AAAAA-TCP_SEND: name:enp0s3: saddr:100932208: daddr:33561200: srtt_us:2231432: RTT:278929: ssthresh:2147483647: cwnd:10: delivered:1: lost:0: retrans:1
[  251.686294] AAAAA-TCP_RECV: name:enp0s3: saddr:16783984: daddr:100932208: srtt_us:4136526: RTT:517065: ssthresh:2147483647: cwnd:11: delivered:3: lost:0: retrans:0
[  251.686344] AAAAA-TCP_SEND: name:enp0s3: saddr:100932208: daddr:16783984: srtt_us:4722414: RTT:590301: ssthresh:2147483647: cwnd:12: delivered:4: lost:0: retrans:0
[  251.686372] AAAAA-TCP_SEND: name:enp0s3: saddr:100932208: daddr:16783984: srtt_us:4722414: RTT:590301: ssthresh:2147483647: cwnd:12: delivered:4: lost:0: retrans:0
[  251.856158] AAAAA-TCP_RECV: name:enp0s3: saddr:16783984: daddr:100932208: srtt_us:4722414: RTT:590301: ssthresh:2147483647: cwnd:12: delivered:4: lost:0: retrans:0
[  251.856205] AAAAA-TCP_SEND: name:enp0s3: saddr:100932208: daddr:16783984: srtt_us:5404817: RTT:675602: ssthresh:2147483647: cwnd:13: delivered:5: lost:0: retrans:0
[  251.856232] AAAAA-TCP_SEND: name:enp0s3: saddr:100932208: daddr:16783984: srtt_us:5404817: RTT:675602: ssthresh:2147483647: cwnd:13: delivered:5: lost:0: retrans:0
[  252.275162] AAAAA-TCP_SEND: name:enp0s3: saddr:100932208: daddr:33561200: srtt_us:2231432: RTT:278929: ssthresh:7: cwnd:1: delivered:1: lost:10: retrans:2
[  252.302586] AAAAA-TCP_RECV: name:enp0s3: saddr:16783984: daddr:100932208: srtt_us:5404817: RTT:675602: ssthresh:2147483647: cwnd:13: delivered:5: lost:0: retrans:0
[  252.302626] AAAAA-TCP_SEND: name:enp0s3: saddr:100932208: daddr:16783984: srtt_us:6448329: RTT:806041: ssthresh:2147483647: cwnd:14: delivered:6: lost:0: retrans:0
[  252.302650] AAAAA-TCP_SEND: name:enp0s3: saddr:100932208: daddr:16783984: srtt_us:6448329: RTT:806041: ssthresh:2147483647: cwnd:14: delivered:6: lost:0: retrans:0
[  252.514382] AAAAA-TCP_RECV: name:enp0s3: saddr:16783984: daddr:100932208: srtt_us:6448329: RTT:806041: ssthresh:2147483647: cwnd:14: delivered:6: lost:0: retrans:0
[  252.514417] AAAAA-TCP_SEND: name:enp0s3: saddr:100932208: daddr:16783984: srtt_us:7573012: RTT:946626: ssthresh:2147483647: cwnd:15: delivered:7: lost:0: retrans:0
[  252.514439] AAAAA-TCP_SEND: name:enp0s3: saddr:100932208: daddr:16783984: srtt_us:7573012: RTT:946626: ssthresh:2147483647: cwnd:15: delivered:7: lost:0: retrans:0
[  252.771694] AAAAA-TCP_RECV: name:enp0s3: saddr:16783984: daddr:100932208: srtt_us:7573012: RTT:946626: ssthresh:2147483647: cwnd:15: delivered:7: lost:0: retrans:0
[  252.771748] AAAAA-TCP_SEND: name:enp0s3: saddr:100932208: daddr:16783984: srtt_us:8814438: RTT:1101804: ssthresh:2147483647: cwnd:16: delivered:8: lost:0: retrans:0
[  252.771776] AAAAA-TCP_SEND: name:enp0s3: saddr:100932208: daddr:16783984: srtt_us:8814438: RTT:1101804: ssthresh:2147483647: cwnd:16: delivered:8: lost:0: retrans:0
[  252.876620] AAAAA-TCP_RECV: name:enp0s3: saddr:16783984: daddr:100932208: srtt_us:8814438: RTT:1101804: ssthresh:2147483647: cwnd:16: delivered:8: lost:0: retrans:0
[  252.876669] AAAAA-TCP_SEND: name:enp0s3: saddr:100932208: daddr:16783984: srtt_us:10005520: RTT:1250690: ssthresh:2147483647: cwnd:17: delivered:9: lost:0: retrans:0
[  252.876701] AAAAA-TCP_SEND: name:enp0s3: saddr:100932208: daddr:16783984: srtt_us:10005520: RTT:1250690: ssthresh:2147483647: cwnd:17: delivered:9: lost:0: retrans:0
[  253.155338] AAAAA-TCP_RECV: name:enp0s3: saddr:16783984: daddr:100932208: srtt_us:10005520: RTT:1250690: ssthresh:2147483647: cwnd:17: delivered:9: lost:0: retrans:0
[  253.155390] AAAAA-TCP_SEND: name:enp0s3: saddr:100932208: daddr:16783984: srtt_us:11326436: RTT:1415804: ssthresh:2147483647: cwnd:18: delivered:10: lost:0: retrans:0
[  253.155417] AAAAA-TCP_SEND: name:enp0s3: saddr:100932208: daddr:16783984: srtt_us:11326436: RTT:1415804: ssthresh:2147483647: cwnd:18: delivered:10: lost:0: retrans:0
[  253.281739] AAAAA-TCP_RECV: name:enp0s3: saddr:16783984: daddr:100932208: srtt_us:11326436: RTT:1415804: ssthresh:2147483647: cwnd:18: delivered:10: lost:0: retrans:0
[  253.281787] AAAAA-TCP_SEND: name:enp0s3: saddr:100932208: daddr:16783984: srtt_us:12608431: RTT:1576053: ssthresh:2147483647: cwnd:19: delivered:11: lost:0: retrans:0
[  253.281811] AAAAA-TCP_SEND: name:enp0s3: saddr:100932208: daddr:16783984: srtt_us:12608431: RTT:1576053: ssthresh:2147483647: cwnd:19: delivered:11: lost:0: retrans:0
[  253.346476] AAAAA-TCP_RECV: name:enp0s3: saddr:16783984: daddr:100932208: srtt_us:12608431: RTT:1576053: ssthresh:2147483647: cwnd:19: delivered:11: lost:0: retrans:0
[  253.346511] AAAAA-TCP_SEND: name:enp0s3: saddr:100932208: daddr:16783984: srtt_us:13794900: RTT:1724362: ssthresh:2147483647: cwnd:20: delivered:12: lost:0: retrans:0
[  253.346534] AAAAA-TCP_SEND: name:enp0s3: saddr:100932208: daddr:16783984: srtt_us:13794900: RTT:1724362: ssthresh:2147483647: cwnd:20: delivered:12: lost:0: retrans:0
[  253.504421] AAAAA-TCP_RECV: name:enp0s3: saddr:33561200: daddr:100932208: srtt_us:2231432: RTT:278929: ssthresh:7: cwnd:1: delivered:1: lost:10: retrans:2
[  253.504475] AAAAA-TCP_SEND: name:enp0s3: saddr:100932208: daddr:33561200: srtt_us:4643503: RTT:580437: ssthresh:2147483647: cwnd:11: delivered:2: lost:10: retrans:2
[  253.504500] AAAAA-TCP_SEND: name:enp0s3: saddr:100932208: daddr:33561200: srtt_us:4643503: RTT:580437: ssthresh:2147483647: cwnd:11: delivered:2: lost:10: retrans:2
[  253.694902] AAAAA-TCP_RECV: name:enp0s3: saddr:33561200: daddr:100932208: srtt_us:4643503: RTT:580437: ssthresh:2147483647: cwnd:11: delivered:2: lost:10: retrans:2
[  253.694949] AAAAA-TCP_SEND: name:enp0s3: saddr:100932208: daddr:33561200: srtt_us:6944131: RTT:868016: ssthresh:2147483647: cwnd:12: delivered:3: lost:10: retrans:2
[  253.694976] AAAAA-TCP_SEND: name:enp0s3: saddr:100932208: daddr:33561200: srtt_us:6944131: RTT:868016: ssthresh:2147483647: cwnd:12: delivered:3: lost:10: retrans:2
[  253.784701] AAAAA-TCP_RECV: name:enp0s3: saddr:33561200: daddr:100932208: srtt_us:6944131: RTT:868016: ssthresh:2147483647: cwnd:12: delivered:3: lost:10: retrans:2
[  253.784745] AAAAA-TCP_SEND: name:enp0s3: saddr:100932208: daddr:33561200: srtt_us:9045238: RTT:1130654: ssthresh:2147483647: cwnd:13: delivered:4: lost:10: retrans:2
[  253.784771] AAAAA-TCP_SEND: name:enp0s3: saddr:100932208: daddr:33561200: srtt_us:9045238: RTT:1130654: ssthresh:2147483647: cwnd:13: delivered:4: lost:10: retrans:2
[  254.123686] AAAAA-TCP_RECV: name:enp0s3: saddr:33561200: daddr:100932208: srtt_us:9045238: RTT:1130654: ssthresh:2147483647: cwnd:13: delivered:4: lost:10: retrans:2
[  254.123738] AAAAA-TCP_SEND: name:enp0s3: saddr:100932208: daddr:33561200: srtt_us:11222696: RTT:1402837: ssthresh:2147483647: cwnd:14: delivered:5: lost:10: retrans:2
[  254.123766] AAAAA-TCP_SEND: name:enp0s3: saddr:100932208: daddr:33561200: srtt_us:11222696: RTT:1402837: ssthresh:2147483647: cwnd:14: delivered:5: lost:10: retrans:2
[  254.211564] AAAAA-TCP_RECV: name:enp0s3: saddr:33561200: daddr:100932208: srtt_us:11222696: RTT:1402837: ssthresh:2147483647: cwnd:14: delivered:5: lost:10: retrans:2
[  254.211611] AAAAA-TCP_SEND: name:enp0s3: saddr:100932208: daddr:33561200: srtt_us:13215555: RTT:1651944: ssthresh:2147483647: cwnd:15: delivered:6: lost:10: retrans:2
[  254.211636] AAAAA-TCP_SEND: name:enp0s3: saddr:100932208: daddr:33561200: srtt_us:13215555: RTT:1651944: ssthresh:2147483647: cwnd:15: delivered:6: lost:10: retrans:2
[  254.338189] AAAAA-TCP_RECV: name:enp0s3: saddr:33561200: daddr:100932208: srtt_us:13215555: RTT:1651944: ssthresh:2147483647: cwnd:15: delivered:6: lost:10: retrans:2
[  254.338219] AAAAA-TCP_SEND: name:enp0s3: saddr:100932208: daddr:33561200: srtt_us:15085916: RTT:1885739: ssthresh:2147483647: cwnd:16: delivered:7: lost:10: retrans:2
[  254.338239] AAAAA-TCP_SEND: name:enp0s3: saddr:100932208: daddr:33561200: srtt_us:15085916: RTT:1885739: ssthresh:2147483647: cwnd:16: delivered:7: lost:10: retrans:2
[  254.625509] AAAAA-TCP_RECV: name:enp0s3: saddr:33561200: daddr:100932208: srtt_us:15085916: RTT:1885739: ssthresh:2147483647: cwnd:16: delivered:7: lost:10: retrans:2
[  254.625564] AAAAA-TCP_SEND: name:enp0s3: saddr:100932208: daddr:33561200: srtt_us:17009658: RTT:2126207: ssthresh:2147483647: cwnd:17: delivered:8: lost:10: retrans:2
[  254.625618] AAAAA-TCP_SEND: name:enp0s3: saddr:100932208: daddr:33561200: srtt_us:17009658: RTT:2126207: ssthresh:2147483647: cwnd:17: delivered:8: lost:10: retrans:2
[  254.780556] AAAAA-TCP_RECV: name:enp0s3: saddr:33561200: daddr:100932208: srtt_us:17009658: RTT:2126207: ssthresh:2147483647: cwnd:17: delivered:8: lost:10: retrans:2
[  254.780630] AAAAA-TCP_SEND: name:enp0s3: saddr:100932208: daddr:33561200: srtt_us:18848003: RTT:2356000: ssthresh:2147483647: cwnd:18: delivered:9: lost:10: retrans:2
[  254.780658] AAAAA-TCP_SEND: name:enp0s3: saddr:100932208: daddr:33561200: srtt_us:18848003: RTT:2356000: ssthresh:2147483647: cwnd:18: delivered:9: lost:10: retrans:2
[  254.964915] AAAAA-TCP_RECV: name:enp0s3: saddr:33561200: daddr:100932208: srtt_us:18848003: RTT:2356000: ssthresh:2147483647: cwnd:18: delivered:9: lost:10: retrans:2
[  254.964966] AAAAA-TCP_SEND: name:enp0s3: saddr:100932208: daddr:33561200: srtt_us:20640623: RTT:2580077: ssthresh:2147483647: cwnd:19: delivered:10: lost:10: retrans:2
[  254.964993] AAAAA-TCP_SEND: name:enp0s3: saddr:100932208: daddr:33561200: srtt_us:20640623: RTT:2580077: ssthresh:2147483647: cwnd:19: delivered:10: lost:10: retrans:2
[  255.124433] AAAAA-TCP_RECV: name:enp0s3: saddr:33561200: daddr:100932208: srtt_us:20640623: RTT:2580077: ssthresh:2147483647: cwnd:19: delivered:10: lost:10: retrans:2
[  255.124495] AAAAA-TCP_SEND: name:enp0s3: saddr:100932208: daddr:33561200: srtt_us:22368546: RTT:2796068: ssthresh:2147483647: cwnd:20: delivered:11: lost:10: retrans:2
[  255.124550] AAAAA-TCP_SEND: name:enp0s3: saddr:100932208: daddr:33561200: srtt_us:22368546: RTT:2796068: ssthresh:2147483647: cwnd:20: delivered:11: lost:10: retrans:2
[  255.244234] AAAAA-TCP_RECV: name:enp0s3: saddr:16783984: daddr:100932208: srtt_us:13794900: RTT:1724362: ssthresh:2147483647: cwnd:20: delivered:12: lost:0: retrans:0
[  255.244282] AAAAA-TCP_SEND: name:enp0s3: saddr:100932208: daddr:16783984: srtt_us:15981969: RTT:1997746: ssthresh:2147483647: cwnd:21: delivered:13: lost:0: retrans:0
[  255.244310] AAAAA-TCP_SEND: name:enp0s3: saddr:100932208: daddr:16783984: srtt_us:15981969: RTT:1997746: ssthresh:2147483647: cwnd:21: delivered:13: lost:0: retrans:0
[  255.415908] AAAAA-TCP_RECV: name:enp0s3: saddr:16783984: daddr:100932208: srtt_us:15981969: RTT:1997746: ssthresh:2147483647: cwnd:21: delivered:13: lost:0: retrans:0
[  255.415969] AAAAA-TCP_SEND: name:enp0s3: saddr:100932208: daddr:16783984: srtt_us:18067332: RTT:2258416: ssthresh:2147483647: cwnd:22: delivered:14: lost:0: retrans:0
[  255.415996] AAAAA-TCP_SEND: name:enp0s3: saddr:100932208: daddr:16783984: srtt_us:18067332: RTT:2258416: ssthresh:2147483647: cwnd:22: delivered:14: lost:0: retrans:0
[  255.630281] AAAAA-TCP_RECV: name:enp0s3: saddr:33561200: daddr:100932208: srtt_us:22368546: RTT:2796068: ssthresh:2147483647: cwnd:20: delivered:11: lost:10: retrans:2
[  255.799337] AAAAA-TCP_RECV: name:enp0s3: saddr:16783984: daddr:100932208: srtt_us:18067332: RTT:2258416: ssthresh:2147483647: cwnd:22: delivered:14: lost:0: retrans:0
[  255.799384] AAAAA-TCP_SEND: name:enp0s3: saddr:100932208: daddr:16783984: srtt_us:19921932: RTT:2490241: ssthresh:2147483647: cwnd:23: delivered:15: lost:0: retrans:0
[  255.799412] AAAAA-TCP_SEND: name:enp0s3: saddr:100932208: daddr:16783984: srtt_us:19921932: RTT:2490241: ssthresh:2147483647: cwnd:23: delivered:15: lost:0: retrans:0
[  256.120402] AAAAA-TCP_RECV: name:enp0s3: saddr:16783984: daddr:100932208: srtt_us:19921932: RTT:2490241: ssthresh:2147483647: cwnd:23: delivered:15: lost:0: retrans:0
[  256.120451] AAAAA-TCP_SEND: name:enp0s3: saddr:100932208: daddr:16783984: srtt_us:21865772: RTT:2733221: ssthresh:2147483647: cwnd:24: delivered:16: lost:0: retrans:0
[  256.120481] AAAAA-TCP_SEND: name:enp0s3: saddr:100932208: daddr:16783984: srtt_us:21865772: RTT:2733221: ssthresh:2147483647: cwnd:24: delivered:16: lost:0: retrans:0
[  256.267202] AAAAA-TCP_RECV: name:enp0s3: saddr:16783984: daddr:100932208: srtt_us:21865772: RTT:2733221: ssthresh:2147483647: cwnd:24: delivered:16: lost:0: retrans:0
[  256.267236] AAAAA-TCP_SEND: name:enp0s3: saddr:100932208: daddr:16783984: srtt_us:23543568: RTT:2942946: ssthresh:24: cwnd:24: delivered:17: lost:0: retrans:0
[  256.475899] AAAAA-TCP_RECV: name:enp0s3: saddr:16783984: daddr:100932208: srtt_us:23543568: RTT:2942946: ssthresh:24: cwnd:24: delivered:17: lost:0: retrans:0
[  256.475940] AAAAA-TCP_SEND: name:enp0s3: saddr:100932208: daddr:16783984: srtt_us:25220338: RTT:3152542: ssthresh:24: cwnd:24: delivered:18: lost:0: retrans:0
[  256.587975] AAAAA-TCP_RECV: name:enp0s3: saddr:33561200: daddr:100932208: srtt_us:22368546: RTT:2796068: ssthresh:2147483647: cwnd:20: delivered:12: lost:10: retrans:2
[  256.590536] AAAAA-TCP_RECV: name:enp0s3: saddr:16783984: daddr:100932208: srtt_us:25220338: RTT:3152542: ssthresh:24: cwnd:24: delivered:18: lost:0: retrans:0
[  256.590558] AAAAA-TCP_SEND: name:enp0s3: saddr:100932208: daddr:16783984: srtt_us:26355714: RTT:3294464: ssthresh:24: cwnd:24: delivered:19: lost:0: retrans:0
[  256.713940] AAAAA-TCP_RECV: name:enp0s3: saddr:16783984: daddr:100932208: srtt_us:26355714: RTT:3294464: ssthresh:24: cwnd:24: delivered:19: lost:0: retrans:0
[  256.713967] AAAAA-TCP_SEND: name:enp0s3: saddr:100932208: daddr:16783984: srtt_us:27472582: RTT:3434072: ssthresh:24: cwnd:24: delivered:20: lost:0: retrans:0
[  256.892500] AAAAA-TCP_RECV: name:enp0s3: saddr:16783984: daddr:100932208: srtt_us:27472582: RTT:3434072: ssthresh:24: cwnd:24: delivered:20: lost:0: retrans:0
[  256.892528] AAAAA-TCP_SEND: name:enp0s3: saddr:100932208: daddr:16783984: srtt_us:28416613: RTT:3552076: ssthresh:24: cwnd:24: delivered:21: lost:0: retrans:0
[  257.014311] AAAAA-TCP_RECV: name:enp0s3: saddr:16783984: daddr:100932208: srtt_us:28416613: RTT:3552076: ssthresh:24: cwnd:24: delivered:21: lost:0: retrans:0
[  257.014339] AAAAA-TCP_SEND: name:enp0s3: saddr:100932208: daddr:16783984: srtt_us:29364450: RTT:3670556: ssthresh:24: cwnd:24: delivered:22: lost:0: retrans:0
[  257.068388] AAAAA-TCP_RECV: name:enp0s3: saddr:16783984: daddr:100932208: srtt_us:29364450: RTT:3670556: ssthresh:24: cwnd:24: delivered:22: lost:0: retrans:0
[  257.068417] AAAAA-TCP_SEND: name:enp0s3: saddr:100932208: daddr:16783984: srtt_us:29990557: RTT:3748819: ssthresh:24: cwnd:24: delivered:23: lost:0: retrans:0
[  257.275848] AAAAA-TCP_RECV: name:enp0s3: saddr:16783984: daddr:100932208: srtt_us:29990557: RTT:3748819: ssthresh:24: cwnd:24: delivered:23: lost:0: retrans:0
[  257.275883] AAAAA-TCP_SEND: name:enp0s3: saddr:100932208: daddr:16783984: srtt_us:30745863: RTT:3843232: ssthresh:24: cwnd:24: delivered:24: lost:0: retrans:0
[  257.362593] AAAAA-TCP_RECV: name:enp0s3: saddr:16783984: daddr:100932208: srtt_us:30745863: RTT:3843232: ssthresh:24: cwnd:24: delivered:24: lost:0: retrans:0
[  257.362617] AAAAA-TCP_SEND: name:enp0s3: saddr:100932208: daddr:16783984: srtt_us:31388564: RTT:3923570: ssthresh:24: cwnd:24: delivered:25: lost:0: retrans:0
[  257.449672] AAAAA-TCP_RECV: name:enp0s3: saddr:16783984: daddr:100932208: srtt_us:31388564: RTT:3923570: ssthresh:24: cwnd:24: delivered:25: lost:0: retrans:0
[  257.449701] AAAAA-TCP_SEND: name:enp0s3: saddr:100932208: daddr:16783984: srtt_us:32038017: RTT:4004752: ssthresh:24: cwnd:24: delivered:26: lost:0: retrans:0
[  257.632404] AAAAA-TCP_RECV: name:enp0s3: saddr:16783984: daddr:100932208: srtt_us:32038017: RTT:4004752: ssthresh:24: cwnd:24: delivered:26: lost:0: retrans:0
[  257.632439] AAAAA-TCP_SEND: name:enp0s3: saddr:100932208: daddr:16783984: srtt_us:32510301: RTT:4063787: ssthresh:24: cwnd:24: delivered:27: lost:0: retrans:0
[  257.741095] AAAAA-TCP_RECV: name:enp0s3: saddr:16783984: daddr:100932208: srtt_us:32510301: RTT:4063787: ssthresh:24: cwnd:24: delivered:27: lost:0: retrans:0
[  257.741120] AAAAA-TCP_SEND: name:enp0s3: saddr:100932208: daddr:16783984: srtt_us:33032228: RTT:4129028: ssthresh:24: cwnd:24: delivered:28: lost:0: retrans:0
[  257.842443] AAAAA-TCP_RECV: name:enp0s3: saddr:16783984: daddr:100932208: srtt_us:33032228: RTT:4129028: ssthresh:24: cwnd:24: delivered:28: lost:0: retrans:0
[  257.842481] AAAAA-TCP_SEND: name:enp0s3: saddr:100932208: daddr:16783984: srtt_us:33463878: RTT:4182984: ssthresh:24: cwnd:25: delivered:29: lost:0: retrans:0
[  257.842506] AAAAA-TCP_SEND: name:enp0s3: saddr:100932208: daddr:16783984: srtt_us:33463878: RTT:4182984: ssthresh:24: cwnd:25: delivered:29: lost:0: retrans:0
[  258.002696] AAAAA-TCP_RECV: name:enp0s3: saddr:16783984: daddr:100932208: srtt_us:33463878: RTT:4182984: ssthresh:24: cwnd:25: delivered:29: lost:0: retrans:0
[  258.002716] AAAAA-TCP_SEND: name:enp0s3: saddr:100932208: daddr:16783984: srtt_us:34001812: RTT:4250226: ssthresh:24: cwnd:25: delivered:30: lost:0: retrans:0
[  258.121174] AAAAA-TCP_RECV: name:enp0s3: saddr:16783984: daddr:100932208: srtt_us:34001812: RTT:4250226: ssthresh:24: cwnd:25: delivered:30: lost:0: retrans:0
[  258.121213] AAAAA-TCP_SEND: name:enp0s3: saddr:100932208: daddr:16783984: srtt_us:34526272: RTT:4315784: ssthresh:24: cwnd:25: delivered:32: lost:0: retrans:0
[  258.121241] AAAAA-TCP_SEND: name:enp0s3: saddr:100932208: daddr:16783984: srtt_us:34526272: RTT:4315784: ssthresh:24: cwnd:25: delivered:32: lost:0: retrans:0
[  258.271571] AAAAA-TCP_RECV: name:enp0s3: saddr:33561200: daddr:100932208: srtt_us:22368546: RTT:2796068: ssthresh:2147483647: cwnd:20: delivered:13: lost:10: retrans:2
[  258.271608] AAAAA-TCP_SEND: name:enp0s3: saddr:100932208: daddr:33561200: srtt_us:24339597: RTT:3042449: ssthresh:2147483647: cwnd:21: delivered:14: lost:10: retrans:2
[  258.271635] AAAAA-TCP_SEND: name:enp0s3: saddr:100932208: daddr:33561200: srtt_us:24339597: RTT:3042449: ssthresh:2147483647: cwnd:21: delivered:14: lost:10: retrans:2
[  258.492763] AAAAA-TCP_RECV: name:enp0s3: saddr:33561200: daddr:100932208: srtt_us:24339597: RTT:3042449: ssthresh:2147483647: cwnd:21: delivered:14: lost:10: retrans:2
[  258.492809] AAAAA-TCP_SEND: name:enp0s3: saddr:100932208: daddr:33561200: srtt_us:26285463: RTT:3285682: ssthresh:2147483647: cwnd:22: delivered:15: lost:10: retrans:2
[  258.492839] AAAAA-TCP_SEND: name:enp0s3: saddr:100932208: daddr:33561200: srtt_us:26285463: RTT:3285682: ssthresh:2147483647: cwnd:22: delivered:15: lost:10: retrans:2
[  258.624041] AAAAA-TCP_RECV: name:enp0s3: saddr:33561200: daddr:100932208: srtt_us:26285463: RTT:3285682: ssthresh:2147483647: cwnd:22: delivered:15: lost:10: retrans:2
[  258.624084] AAAAA-TCP_SEND: name:enp0s3: saddr:100932208: daddr:33561200: srtt_us:27928897: RTT:3491112: ssthresh:2147483647: cwnd:23: delivered:16: lost:10: retrans:2
[  258.624112] AAAAA-TCP_SEND: name:enp0s3: saddr:100932208: daddr:33561200: srtt_us:27928897: RTT:3491112: ssthresh:2147483647: cwnd:23: delivered:16: lost:10: retrans:2
[  258.805333] AAAAA-TCP_RECV: name:enp0s3: saddr:33561200: daddr:100932208: srtt_us:27928897: RTT:3491112: ssthresh:2147483647: cwnd:23: delivered:16: lost:10: retrans:2
[  258.805368] AAAAA-TCP_SEND: name:enp0s3: saddr:100932208: daddr:33561200: srtt_us:29548190: RTT:3693523: ssthresh:2147483647: cwnd:24: delivered:17: lost:10: retrans:2
[  258.805395] AAAAA-TCP_SEND: name:enp0s3: saddr:100932208: daddr:33561200: srtt_us:29548190: RTT:3693523: ssthresh:2147483647: cwnd:24: delivered:17: lost:10: retrans:2
[  258.946647] AAAAA-TCP_RECV: name:enp0s3: saddr:33561200: daddr:100932208: srtt_us:29548190: RTT:3693523: ssthresh:2147483647: cwnd:24: delivered:17: lost:10: retrans:2
[  258.946673] AAAAA-TCP_SEND: name:enp0s3: saddr:100932208: daddr:33561200: srtt_us:31016577: RTT:3877072: ssthresh:2147483647: cwnd:25: delivered:18: lost:10: retrans:2
[  258.946695] AAAAA-TCP_SEND: name:enp0s3: saddr:100932208: daddr:33561200: srtt_us:31016577: RTT:3877072: ssthresh:2147483647: cwnd:25: delivered:18: lost:10: retrans:2
[  258.987519] AAAAA-TCP_RECV: name:enp0s3: saddr:33561200: daddr:100932208: srtt_us:31016577: RTT:3877072: ssthresh:2147483647: cwnd:25: delivered:18: lost:10: retrans:2
[  258.987554] AAAAA-TCP_SEND: name:enp0s3: saddr:100932208: daddr:33561200: srtt_us:32342299: RTT:4042787: ssthresh:2147483647: cwnd:26: delivered:19: lost:10: retrans:2
[  258.987603] AAAAA-TCP_SEND: name:enp0s3: saddr:100932208: daddr:33561200: srtt_us:32342299: RTT:4042787: ssthresh:2147483647: cwnd:26: delivered:19: lost:10: retrans:2
[  259.104965] AAAAA-TCP_RECV: name:enp0s3: saddr:33561200: daddr:100932208: srtt_us:32342299: RTT:4042787: ssthresh:2147483647: cwnd:26: delivered:19: lost:10: retrans:2
[  259.175461] AAAAA-TCP_RECV: name:enp0s3: saddr:33561200: daddr:100932208: srtt_us:33280761: RTT:4160095: ssthresh:2147483647: cwnd:27: delivered:20: lost:10: retrans:2
[  259.266221] AAAAA-TCP_RECV: name:enp0s3: saddr:33561200: daddr:100932208: srtt_us:34172426: RTT:4271553: ssthresh:2147483647: cwnd:28: delivered:21: lost:10: retrans:2
[  259.293599] AAAAA-TCP_RECV: name:enp0s3: saddr:33561200: daddr:100932208: srtt_us:34955503: RTT:4369437: ssthresh:28: cwnd:28: delivered:22: lost:10: retrans:2
[  259.404600] AAAAA-TCP_RECV: name:enp0s3: saddr:33561200: daddr:100932208: srtt_us:35668073: RTT:4458509: ssthresh:28: cwnd:28: delivered:23: lost:10: retrans:2
[  259.496541] AAAAA-TCP_RECV: name:enp0s3: saddr:33561200: daddr:100932208: srtt_us:36275966: RTT:4534495: ssthresh:28: cwnd:29: delivered:24: lost:10: retrans:2
[  259.628235] AAAAA-TCP_RECV: name:enp0s3: saddr:33561200: daddr:100932208: srtt_us:36899811: RTT:4612476: ssthresh:28: cwnd:29: delivered:25: lost:10: retrans:2
[  259.693406] AAAAA-TCP_RECV: name:enp0s3: saddr:33561200: daddr:100932208: srtt_us:37290030: RTT:4661253: ssthresh:28: cwnd:30: delivered:26: lost:10: retrans:2
[  259.805596] AAAAA-TCP_RECV: name:enp0s3: saddr:33561200: daddr:100932208: srtt_us:37696629: RTT:4712078: ssthresh:28: cwnd:30: delivered:27: lost:10: retrans:2
[  259.869978] AAAAA-TCP_RECV: name:enp0s3: saddr:33561200: daddr:100932208: srtt_us:38009537: RTT:4751192: ssthresh:28: cwnd:31: delivered:28: lost:10: retrans:2
[  259.989944] AAAAA-TCP_RECV: name:enp0s3: saddr:33561200: daddr:100932208: srtt_us:38347713: RTT:4793464: ssthresh:28: cwnd:31: delivered:29: lost:10: retrans:2
[  260.007402] AAAAA-TCP_RECV: name:enp0s3: saddr:33561200: daddr:100932208: srtt_us:38579247: RTT:4822405: ssthresh:28: cwnd:32: delivered:30: lost:10: retrans:2
[  260.161715] AAAAA-TCP_RECV: name:enp0s3: saddr:16783984: daddr:100932208: srtt_us:34526272: RTT:4315784: ssthresh:24: cwnd:25: delivered:32: lost:0: retrans:0
[  260.266915] AAAAA-TCP_RECV: name:enp0s3: saddr:33561200: daddr:100932208: srtt_us:38799298: RTT:4849912: ssthresh:28: cwnd:33: delivered:32: lost:10: retrans:2
[  260.355609] AAAAA-TCP_RECV: name:enp0s3: saddr:16783984: daddr:100932208: srtt_us:35127945: RTT:4390993: ssthresh:24: cwnd:26: delivered:33: lost:0: retrans:0
[  260.448651] AAAAA-TCP_RECV: name:enp0s3: saddr:16783984: daddr:100932208: srtt_us:35848288: RTT:4481036: ssthresh:24: cwnd:27: delivered:34: lost:0: retrans:0
[  260.551938] AAAAA-TCP_RECV: name:enp0s3: saddr:16783984: daddr:100932208: srtt_us:36399959: RTT:4549994: ssthresh:24: cwnd:27: delivered:35: lost:0: retrans:0
[  260.593561] AAAAA-TCP_RECV: name:enp0s3: saddr:16783984: daddr:100932208: srtt_us:36985967: RTT:4623245: ssthresh:24: cwnd:28: delivered:36: lost:0: retrans:0
[  260.610440] AAAAA-TCP_RECV: name:enp0s3: saddr:16783984: daddr:100932208: srtt_us:37156910: RTT:4644613: ssthresh:24: cwnd:28: delivered:37: lost:0: retrans:0
[  260.690641] AAAAA-TCP_RECV: name:enp0s3: saddr:16783984: daddr:100932208: srtt_us:37323374: RTT:4665421: ssthresh:24: cwnd:29: delivered:38: lost:0: retrans:0
[  260.726202] AAAAA-TCP_RECV: name:enp0s3: saddr:16783984: daddr:100932208: srtt_us:37228154: RTT:4653519: ssthresh:24: cwnd:29: delivered:39: lost:0: retrans:0
[  260.754938] AAAAA-TCP_RECV: name:enp0s3: saddr:16783984: daddr:100932208: srtt_us:37180407: RTT:4647550: ssthresh:24: cwnd:30: delivered:40: lost:0: retrans:0
[  260.786072] AAAAA-TCP_RECV: name:enp0s3: saddr:16783984: daddr:100932208: srtt_us:37020566: RTT:4627570: ssthresh:24: cwnd:30: delivered:41: lost:0: retrans:0
[  260.904072] AAAAA-TCP_RECV: name:enp0s3: saddr:16783984: daddr:100932208: srtt_us:36703148: RTT:4587893: ssthresh:24: cwnd:31: delivered:42: lost:0: retrans:0
[  260.950742] AAAAA-TCP_RECV: name:enp0s3: saddr:16783984: daddr:100932208: srtt_us:36428788: RTT:4553598: ssthresh:24: cwnd:31: delivered:43: lost:0: retrans:0
[  261.018119] AAAAA-TCP_RECV: name:enp0s3: saddr:16783984: daddr:100932208: srtt_us:36111995: RTT:4513999: ssthresh:24: cwnd:32: delivered:44: lost:0: retrans:0
[  261.079419] AAAAA-TCP_RECV: name:enp0s3: saddr:16783984: daddr:100932208: srtt_us:35723603: RTT:4465450: ssthresh:24: cwnd:32: delivered:45: lost:0: retrans:0
[  261.142719] AAAAA-TCP_RECV: name:enp0s3: saddr:16783984: daddr:100932208: srtt_us:35323251: RTT:4415406: ssthresh:24: cwnd:33: delivered:46: lost:0: retrans:0
[  261.196982] AAAAA-TCP_RECV: name:enp0s3: saddr:16783984: daddr:100932208: srtt_us:34982166: RTT:4372770: ssthresh:24: cwnd:33: delivered:47: lost:0: retrans:0
[  261.221714] AAAAA-TCP_RECV: name:enp0s3: saddr:16783984: daddr:100932208: srtt_us:34530513: RTT:4316314: ssthresh:24: cwnd:34: delivered:48: lost:0: retrans:0
[  261.287978] AAAAA-TCP_RECV: name:enp0s3: saddr:16783984: daddr:100932208: srtt_us:34073332: RTT:4259166: ssthresh:24: cwnd:34: delivered:49: lost:0: retrans:0
[  261.326563] AAAAA-TCP_RECV: name:enp0s3: saddr:16783984: daddr:100932208: srtt_us:33652459: RTT:4206557: ssthresh:24: cwnd:35: delivered:51: lost:0: retrans:0
[  261.344459] AAAAA-TCP_RECV: name:enp0s3: saddr:16783984: daddr:100932208: srtt_us:33031351: RTT:4128918: ssthresh:24: cwnd:36: delivered:53: lost:0: retrans:0
[  261.449849] AAAAA-TCP_RECV: name:enp0s3: saddr:16783984: daddr:100932208: srtt_us:32404430: RTT:4050553: ssthresh:24: cwnd:37: delivered:55: lost:0: retrans:0
[  261.487064] AAAAA-TCP_RECV: name:enp0s3: saddr:33561200: daddr:100932208: srtt_us:39091827: RTT:4886478: ssthresh:28: cwnd:33: delivered:33: lost:10: retrans:2
[  261.530512] AAAAA-TCP_RECV: name:enp0s3: saddr:33561200: daddr:100932208: srtt_us:37420822: RTT:4677602: ssthresh:28: cwnd:34: delivered:34: lost:10: retrans:2
[  261.570492] AAAAA-TCP_RECV: name:enp0s3: saddr:33561200: daddr:100932208: srtt_us:36002141: RTT:4500267: ssthresh:28: cwnd:34: delivered:35: lost:10: retrans:2
[  261.601775] AAAAA-TCP_RECV: name:enp0s3: saddr:33561200: daddr:100932208: srtt_us:34579578: RTT:4322447: ssthresh:28: cwnd:35: delivered:36: lost:10: retrans:2
[  261.620038] AAAAA-TCP_RECV: name:enp0s3: saddr:33561200: daddr:100932208: srtt_us:33366117: RTT:4170764: ssthresh:28: cwnd:35: delivered:37: lost:10: retrans:2
[  261.651601] AAAAA-TCP_RECV: name:enp0s3: saddr:33561200: daddr:100932208: srtt_us:32191324: RTT:4023915: ssthresh:28: cwnd:36: delivered:38: lost:10: retrans:2
[  261.672192] AAAAA-TCP_RECV: name:enp0s3: saddr:33561200: daddr:100932208: srtt_us:31194944: RTT:3899368: ssthresh:28: cwnd:36: delivered:39: lost:10: retrans:2
[  261.688092] AAAAA-TCP_RECV: name:enp0s3: saddr:33561200: daddr:100932208: srtt_us:30162417: RTT:3770302: ssthresh:28: cwnd:37: delivered:40: lost:10: retrans:2
[  261.738467] AAAAA-TCP_RECV: name:enp0s3: saddr:33561200: daddr:100932208: srtt_us:29274856: RTT:3659357: ssthresh:28: cwnd:37: delivered:41: lost:10: retrans:2
[  261.754603] AAAAA-TCP_RECV: name:enp0s3: saddr:33561200: daddr:100932208: srtt_us:28407311: RTT:3550913: ssthresh:28: cwnd:38: delivered:42: lost:10: retrans:2
[  261.786991] AAAAA-TCP_RECV: name:enp0s3: saddr:33561200: daddr:100932208: srtt_us:27664345: RTT:3458043: ssthresh:28: cwnd:38: delivered:43: lost:10: retrans:2
[  261.804595] AAAAA-TCP_RECV: name:enp0s3: saddr:33561200: daddr:100932208: srtt_us:27005756: RTT:3375719: ssthresh:28: cwnd:39: delivered:44: lost:10: retrans:2
[  281.374273] AAAAA-TCP_SEND: name:enp0s3: saddr:100932208: daddr:33561200: srtt_us:26447095: RTT:3305886: ssthresh:28: cwnd:39: delivered:45: lost:10: retrans:2
[  281.374314] AAAAA-TCP_SEND: name:enp0s3: saddr:100932208: daddr:33561200: srtt_us:26447095: RTT:3305886: ssthresh:28: cwnd:24: delivered:45: lost:10: retrans:2
[  281.374383] AAAAA-TCP_SEND: name:enp0s3: saddr:100932208: daddr:16783984: srtt_us:31682530: RTT:3960316: ssthresh:24: cwnd:38: delivered:57: lost:0: retrans:0
[  281.374529] AAAAA-TCP_SEND: name:enp0s3: saddr:100932208: daddr:16783984: srtt_us:31682530: RTT:3960316: ssthresh:28: cwnd:24: delivered:57: lost:0: retrans:0
[  281.374553] AAAAA-TCP_SEND: name:enp0s3: saddr:100932208: daddr:16783984: srtt_us:31682530: RTT:3960316: ssthresh:28: cwnd:24: delivered:57: lost:0: retrans:0
[  281.374689] AAAAA-TCP_SEND: name:enp0s3: saddr:100932208: daddr:16783984: srtt_us:31682530: RTT:3960316: ssthresh:28: cwnd:24: delivered:57: lost:0: retrans:0
[  281.374711] AAAAA-TCP_SEND: name:enp0s3: saddr:100932208: daddr:16783984: srtt_us:31682530: RTT:3960316: ssthresh:28: cwnd:24: delivered:57: lost:0: retrans:0
[  281.374842] AAAAA-TCP_SEND: name:enp0s3: saddr:100932208: daddr:16783984: srtt_us:31682530: RTT:3960316: ssthresh:28: cwnd:24: delivered:57: lost:0: retrans:0
[  281.374863] AAAAA-TCP_SEND: name:enp0s3: saddr:100932208: daddr:16783984: srtt_us:31682530: RTT:3960316: ssthresh:28: cwnd:24: delivered:57: lost:0: retrans:0
[  281.375011] AAAAA-TCP_SEND: name:enp0s3: saddr:100932208: daddr:16783984: srtt_us:31682530: RTT:3960316: ssthresh:28: cwnd:24: delivered:57: lost:0: retrans:0
[  281.375030] AAAAA-TCP_SEND: name:enp0s3: saddr:100932208: daddr:16783984: srtt_us:31682530: RTT:3960316: ssthresh:28: cwnd:24: delivered:57: lost:0: retrans:0
[  281.375198] AAAAA-TCP_SEND: name:enp0s3: saddr:100932208: daddr:16783984: srtt_us:31682530: RTT:3960316: ssthresh:28: cwnd:24: delivered:57: lost:0: retrans:0
[  281.375217] AAAAA-TCP_SEND: name:enp0s3: saddr:100932208: daddr:16783984: srtt_us:31682530: RTT:3960316: ssthresh:28: cwnd:24: delivered:57: lost:0: retrans:0
[  281.375323] AAAAA-TCP_SEND: name:enp0s3: saddr:100932208: daddr:16783984: srtt_us:31682530: RTT:3960316: ssthresh:28: cwnd:24: delivered:57: lost:0: retrans:0
[  281.375341] AAAAA-TCP_SEND: name:enp0s3: saddr:100932208: daddr:16783984: srtt_us:31682530: RTT:3960316: ssthresh:28: cwnd:24: delivered:57: lost:0: retrans:0
[  281.375451] AAAAA-TCP_SEND: name:enp0s3: saddr:100932208: daddr:16783984: srtt_us:31682530: RTT:3960316: ssthresh:28: cwnd:24: delivered:57: lost:0: retrans:0
[  281.375469] AAAAA-TCP_SEND: name:enp0s3: saddr:100932208: daddr:16783984: srtt_us:31682530: RTT:3960316: ssthresh:28: cwnd:24: delivered:57: lost:0: retrans:0
[  281.375582] AAAAA-TCP_SEND: name:enp0s3: saddr:100932208: daddr:16783984: srtt_us:31682530: RTT:3960316: ssthresh:28: cwnd:24: delivered:57: lost:0: retrans:0
[  281.375601] AAAAA-TCP_SEND: name:enp0s3: saddr:100932208: daddr:16783984: srtt_us:31682530: RTT:3960316: ssthresh:28: cwnd:24: delivered:57: lost:0: retrans:0
[  281.375719] AAAAA-TCP_SEND: name:enp0s3: saddr:100932208: daddr:16783984: srtt_us:31682530: RTT:3960316: ssthresh:28: cwnd:24: delivered:57: lost:0: retrans:0
[  281.375738] AAAAA-TCP_SEND: name:enp0s3: saddr:100932208: daddr:16783984: srtt_us:31682530: RTT:3960316: ssthresh:28: cwnd:24: delivered:57: lost:0: retrans:0
[  281.375847] AAAAA-TCP_SEND: name:enp0s3: saddr:100932208: daddr:16783984: srtt_us:31682530: RTT:3960316: ssthresh:28: cwnd:24: delivered:57: lost:0: retrans:0
[  281.375866] AAAAA-TCP_SEND: name:enp0s3: saddr:100932208: daddr:16783984: srtt_us:31682530: RTT:3960316: ssthresh:28: cwnd:24: delivered:57: lost:0: retrans:0
[  281.375972] AAAAA-TCP_SEND: name:enp0s3: saddr:100932208: daddr:16783984: srtt_us:31682530: RTT:3960316: ssthresh:28: cwnd:24: delivered:57: lost:0: retrans:0
[  281.375992] AAAAA-TCP_SEND: name:enp0s3: saddr:100932208: daddr:16783984: srtt_us:31682530: RTT:3960316: ssthresh:28: cwnd:24: delivered:57: lost:0: retrans:0
[  281.376097] AAAAA-TCP_SEND: name:enp0s3: saddr:100932208: daddr:16783984: srtt_us:31682530: RTT:3960316: ssthresh:28: cwnd:24: delivered:57: lost:0: retrans:0
[  281.376257] AAAAA-TCP_SEND: name:enp0s3: saddr:100932208: daddr:33561200: srtt_us:26447095: RTT:3305886: ssthresh:28: cwnd:24: delivered:45: lost:10: retrans:2
[  281.376272] AAAAA-TCP_SEND: name:enp0s3: saddr:100932208: daddr:33561200: srtt_us:26447095: RTT:3305886: ssthresh:28: cwnd:24: delivered:45: lost:10: retrans:2
[  281.376367] AAAAA-TCP_SEND: name:enp0s3: saddr:100932208: daddr:33561200: srtt_us:26447095: RTT:3305886: ssthresh:28: cwnd:24: delivered:45: lost:10: retrans:2
[  281.376381] AAAAA-TCP_SEND: name:enp0s3: saddr:100932208: daddr:33561200: srtt_us:26447095: RTT:3305886: ssthresh:28: cwnd:24: delivered:45: lost:10: retrans:2
[  281.376464] AAAAA-TCP_SEND: name:enp0s3: saddr:100932208: daddr:33561200: srtt_us:26447095: RTT:3305886: ssthresh:28: cwnd:24: delivered:45: lost:10: retrans:2
[  281.376478] AAAAA-TCP_SEND: name:enp0s3: saddr:100932208: daddr:33561200: srtt_us:26447095: RTT:3305886: ssthresh:28: cwnd:24: delivered:45: lost:10: retrans:2
[  281.376586] AAAAA-TCP_SEND: name:enp0s3: saddr:100932208: daddr:33561200: srtt_us:26447095: RTT:3305886: ssthresh:28: cwnd:24: delivered:45: lost:10: retrans:2
[  281.376601] AAAAA-TCP_SEND: name:enp0s3: saddr:100932208: daddr:33561200: srtt_us:26447095: RTT:3305886: ssthresh:28: cwnd:24: delivered:45: lost:10: retrans:2
[  281.376687] AAAAA-TCP_SEND: name:enp0s3: saddr:100932208: daddr:33561200: srtt_us:26447095: RTT:3305886: ssthresh:28: cwnd:24: delivered:45: lost:10: retrans:2
[  281.376701] AAAAA-TCP_SEND: name:enp0s3: saddr:100932208: daddr:33561200: srtt_us:26447095: RTT:3305886: ssthresh:28: cwnd:24: delivered:45: lost:10: retrans:2
[  281.376783] AAAAA-TCP_SEND: name:enp0s3: saddr:100932208: daddr:33561200: srtt_us:26447095: RTT:3305886: ssthresh:28: cwnd:24: delivered:45: lost:10: retrans:2
[  281.376796] AAAAA-TCP_SEND: name:enp0s3: saddr:100932208: daddr:33561200: srtt_us:26447095: RTT:3305886: ssthresh:28: cwnd:24: delivered:45: lost:10: retrans:2
[  281.376885] AAAAA-TCP_SEND: name:enp0s3: saddr:100932208: daddr:33561200: srtt_us:26447095: RTT:3305886: ssthresh:28: cwnd:24: delivered:45: lost:10: retrans:2
[  281.376897] AAAAA-TCP_SEND: name:enp0s3: saddr:100932208: daddr:33561200: srtt_us:26447095: RTT:3305886: ssthresh:28: cwnd:24: delivered:45: lost:10: retrans:2
[  281.376979] AAAAA-TCP_SEND: name:enp0s3: saddr:100932208: daddr:33561200: srtt_us:26447095: RTT:3305886: ssthresh:28: cwnd:24: delivered:45: lost:10: retrans:2
[  281.376993] AAAAA-TCP_SEND: name:enp0s3: saddr:100932208: daddr:33561200: srtt_us:26447095: RTT:3305886: ssthresh:28: cwnd:24: delivered:45: lost:10: retrans:2
[  281.377074] AAAAA-TCP_SEND: name:enp0s3: saddr:100932208: daddr:33561200: srtt_us:26447095: RTT:3305886: ssthresh:28: cwnd:24: delivered:45: lost:10: retrans:2
[  281.377088] AAAAA-TCP_SEND: name:enp0s3: saddr:100932208: daddr:33561200: srtt_us:26447095: RTT:3305886: ssthresh:28: cwnd:24: delivered:45: lost:10: retrans:2
[  281.377170] AAAAA-TCP_SEND: name:enp0s3: saddr:100932208: daddr:33561200: srtt_us:26447095: RTT:3305886: ssthresh:28: cwnd:24: delivered:45: lost:10: retrans:2
[  281.377183] AAAAA-TCP_SEND: name:enp0s3: saddr:100932208: daddr:33561200: srtt_us:26447095: RTT:3305886: ssthresh:28: cwnd:24: delivered:45: lost:10: retrans:2
[  281.377273] AAAAA-TCP_SEND: name:enp0s3: saddr:100932208: daddr:33561200: srtt_us:26447095: RTT:3305886: ssthresh:28: cwnd:24: delivered:45: lost:10: retrans:2
[  281.377287] AAAAA-TCP_SEND: name:enp0s3: saddr:100932208: daddr:33561200: srtt_us:26447095: RTT:3305886: ssthresh:28: cwnd:24: delivered:45: lost:10: retrans:2
[  282.286598] AAAAA-TCP_RECV: name:enp0s3: saddr:33561200: daddr:100932208: srtt_us:26447095: RTT:3305886: ssthresh:28: cwnd:24: delivered:45: lost:10: retrans:2
[  282.286658] AAAAA-TCP_SEND: name:enp0s3: saddr:100932208: daddr:33561200: srtt_us:24053575: RTT:3006696: ssthresh:28: cwnd:25: delivered:46: lost:10: retrans:2
[  282.286685] AAAAA-TCP_SEND: name:enp0s3: saddr:100932208: daddr:33561200: srtt_us:24053575: RTT:3006696: ssthresh:28: cwnd:25: delivered:46: lost:10: retrans:2
[  282.691650] AAAAA-TCP_RECV: name:enp0s3: saddr:33561200: daddr:100932208: srtt_us:24053575: RTT:3006696: ssthresh:28: cwnd:25: delivered:46: lost:10: retrans:2
[  282.691710] AAAAA-TCP_SEND: name:enp0s3: saddr:100932208: daddr:33561200: srtt_us:22364244: RTT:2795530: ssthresh:28: cwnd:26: delivered:47: lost:10: retrans:2
[  282.691740] AAAAA-TCP_SEND: name:enp0s3: saddr:100932208: daddr:33561200: srtt_us:22364244: RTT:2795530: ssthresh:28: cwnd:26: delivered:47: lost:10: retrans:2
[  283.069141] AAAAA-TCP_RECV: name:enp0s3: saddr:16783984: daddr:100932208: srtt_us:31682530: RTT:3960316: ssthresh:28: cwnd:24: delivered:57: lost:0: retrans:0
[  283.069202] AAAAA-TCP_SEND: name:enp0s3: saddr:100932208: daddr:16783984: srtt_us:29416995: RTT:3677124: ssthresh:28: cwnd:25: delivered:58: lost:0: retrans:0
[  283.069228] AAAAA-TCP_SEND: name:enp0s3: saddr:100932208: daddr:16783984: srtt_us:29416995: RTT:3677124: ssthresh:28: cwnd:25: delivered:58: lost:0: retrans:0
[  283.335919] AAAAA-TCP_RECV: name:enp0s3: saddr:16783984: daddr:100932208: srtt_us:29416995: RTT:3677124: ssthresh:28: cwnd:25: delivered:58: lost:0: retrans:0
[  283.335959] AAAAA-TCP_SEND: name:enp0s3: saddr:100932208: daddr:16783984: srtt_us:27701268: RTT:3462658: ssthresh:28: cwnd:26: delivered:59: lost:0: retrans:0
[  283.335983] AAAAA-TCP_SEND: name:enp0s3: saddr:100932208: daddr:16783984: srtt_us:27701268: RTT:3462658: ssthresh:28: cwnd:26: delivered:59: lost:0: retrans:0
[  283.748820] AAAAA-TCP_RECV: name:enp0s3: saddr:16783984: daddr:100932208: srtt_us:27701268: RTT:3462658: ssthresh:28: cwnd:26: delivered:59: lost:0: retrans:0
[  283.748875] AAAAA-TCP_SEND: name:enp0s3: saddr:100932208: daddr:16783984: srtt_us:26612897: RTT:3326612: ssthresh:28: cwnd:27: delivered:60: lost:0: retrans:0
[  283.748904] AAAAA-TCP_SEND: name:enp0s3: saddr:100932208: daddr:16783984: srtt_us:26612897: RTT:3326612: ssthresh:28: cwnd:27: delivered:60: lost:0: retrans:0
[  284.019876] AAAAA-TCP_RECV: name:enp0s3: saddr:16783984: daddr:100932208: srtt_us:26612897: RTT:3326612: ssthresh:28: cwnd:27: delivered:60: lost:0: retrans:0
[  284.019911] AAAAA-TCP_SEND: name:enp0s3: saddr:100932208: daddr:16783984: srtt_us:25931477: RTT:3241434: ssthresh:28: cwnd:28: delivered:61: lost:0: retrans:0
[  284.019934] AAAAA-TCP_SEND: name:enp0s3: saddr:100932208: daddr:16783984: srtt_us:25931477: RTT:3241434: ssthresh:28: cwnd:28: delivered:61: lost:0: retrans:0
[  284.284402] AAAAA-TCP_RECV: name:enp0s3: saddr:16783984: daddr:100932208: srtt_us:25931477: RTT:3241434: ssthresh:28: cwnd:28: delivered:61: lost:0: retrans:0
[  284.284454] AAAAA-TCP_SEND: name:enp0s3: saddr:100932208: daddr:16783984: srtt_us:25599756: RTT:3199969: ssthresh:28: cwnd:29: delivered:62: lost:0: retrans:0
[  284.284483] AAAAA-TCP_SEND: name:enp0s3: saddr:100932208: daddr:16783984: srtt_us:25599756: RTT:3199969: ssthresh:28: cwnd:29: delivered:62: lost:0: retrans:0
[  284.551593] AAAAA-TCP_RECV: name:enp0s3: saddr:16783984: daddr:100932208: srtt_us:25599756: RTT:3199969: ssthresh:28: cwnd:29: delivered:62: lost:0: retrans:0
[  284.551651] AAAAA-TCP_SEND: name:enp0s3: saddr:100932208: daddr:16783984: srtt_us:25576560: RTT:3197070: ssthresh:28: cwnd:29: delivered:63: lost:0: retrans:0
[  285.204098] AAAAA-TCP_RECV: name:enp0s3: saddr:16783984: daddr:100932208: srtt_us:25576560: RTT:3197070: ssthresh:28: cwnd:29: delivered:63: lost:0: retrans:0
[  285.204151] AAAAA-TCP_SEND: name:enp0s3: saddr:100932208: daddr:16783984: srtt_us:26208745: RTT:3276093: ssthresh:28: cwnd:30: delivered:64: lost:0: retrans:0
[  285.204190] AAAAA-TCP_SEND: name:enp0s3: saddr:100932208: daddr:16783984: srtt_us:26208745: RTT:3276093: ssthresh:28: cwnd:30: delivered:64: lost:0: retrans:0
[  285.509516] AAAAA-TCP_RECV: name:enp0s3: saddr:16783984: daddr:100932208: srtt_us:26208745: RTT:3276093: ssthresh:28: cwnd:30: delivered:64: lost:0: retrans:0
[  285.509575] AAAAA-TCP_SEND: name:enp0s3: saddr:100932208: daddr:16783984: srtt_us:27067176: RTT:3383397: ssthresh:28: cwnd:30: delivered:65: lost:0: retrans:0
[  285.638330] AAAAA-TCP_RECV: name:enp0s3: saddr:16783984: daddr:100932208: srtt_us:27067176: RTT:3383397: ssthresh:28: cwnd:30: delivered:65: lost:0: retrans:0
[  285.638367] AAAAA-TCP_SEND: name:enp0s3: saddr:100932208: daddr:16783984: srtt_us:27947084: RTT:3493385: ssthresh:28: cwnd:31: delivered:67: lost:0: retrans:0
[  285.638387] AAAAA-TCP_SEND: name:enp0s3: saddr:100932208: daddr:16783984: srtt_us:27947084: RTT:3493385: ssthresh:28: cwnd:31: delivered:67: lost:0: retrans:0
[  285.806592] AAAAA-TCP_RECV: name:enp0s3: saddr:16783984: daddr:100932208: srtt_us:27947084: RTT:3493385: ssthresh:28: cwnd:31: delivered:67: lost:0: retrans:0
[  285.806632] AAAAA-TCP_SEND: name:enp0s3: saddr:100932208: daddr:16783984: srtt_us:27947084: RTT:3493385: ssthresh:28: cwnd:31: delivered:67: lost:0: retrans:0
[  285.806674] AAAAA-TCP_SEND: name:enp0s3: saddr:100932208: daddr:16783984: srtt_us:28885107: RTT:3610638: ssthresh:28: cwnd:32: delivered:68: lost:0: retrans:0
[  285.807541] AAAAA-TCP_SEND: name:enp0s3: saddr:100932208: daddr:16783984: srtt_us:28885107: RTT:3610638: ssthresh:28: cwnd:32: delivered:68: lost:0: retrans:0
[  285.959283] AAAAA-TCP_RECV: name:enp0s3: saddr:16783984: daddr:100932208: srtt_us:28885107: RTT:3610638: ssthresh:28: cwnd:32: delivered:68: lost:0: retrans:0
[  285.959326] AAAAA-TCP_SEND: name:enp0s3: saddr:100932208: daddr:16783984: srtt_us:29858448: RTT:3732306: ssthresh:28: cwnd:32: delivered:69: lost:0: retrans:0
[  286.095460] AAAAA-TCP_RECV: name:enp0s3: saddr:16783984: daddr:100932208: srtt_us:29858448: RTT:3732306: ssthresh:28: cwnd:32: delivered:69: lost:0: retrans:0
[  286.095508] AAAAA-TCP_SEND: name:enp0s3: saddr:100932208: daddr:16783984: srtt_us:30846280: RTT:3855785: ssthresh:28: cwnd:33: delivered:70: lost:0: retrans:0
[  286.095533] AAAAA-TCP_SEND: name:enp0s3: saddr:100932208: daddr:16783984: srtt_us:30846280: RTT:3855785: ssthresh:28: cwnd:33: delivered:70: lost:0: retrans:0
[  286.157888] AAAAA-TCP_RECV: name:enp0s3: saddr:16783984: daddr:100932208: srtt_us:30846280: RTT:3855785: ssthresh:28: cwnd:33: delivered:70: lost:0: retrans:0
[  286.157933] AAAAA-TCP_SEND: name:enp0s3: saddr:100932208: daddr:16783984: srtt_us:31772951: RTT:3971618: ssthresh:28: cwnd:33: delivered:71: lost:0: retrans:0
[  286.452179] AAAAA-TCP_RECV: name:enp0s3: saddr:16783984: daddr:100932208: srtt_us:31772951: RTT:3971618: ssthresh:28: cwnd:33: delivered:71: lost:0: retrans:0
[  286.452230] AAAAA-TCP_SEND: name:enp0s3: saddr:100932208: daddr:16783984: srtt_us:32878063: RTT:4109757: ssthresh:28: cwnd:34: delivered:72: lost:0: retrans:0
[  286.452261] AAAAA-TCP_SEND: name:enp0s3: saddr:100932208: daddr:16783984: srtt_us:32878063: RTT:4109757: ssthresh:28: cwnd:34: delivered:72: lost:0: retrans:0
[  286.682080] AAAAA-TCP_RECV: name:enp0s3: saddr:16783984: daddr:100932208: srtt_us:32878063: RTT:4109757: ssthresh:28: cwnd:34: delivered:72: lost:0: retrans:0
[  286.682128] AAAAA-TCP_SEND: name:enp0s3: saddr:100932208: daddr:16783984: srtt_us:34074825: RTT:4259353: ssthresh:28: cwnd:34: delivered:73: lost:0: retrans:0
[  286.778052] AAAAA-TCP_RECV: name:enp0s3: saddr:16783984: daddr:100932208: srtt_us:34074825: RTT:4259353: ssthresh:28: cwnd:34: delivered:73: lost:0: retrans:0
[  286.778100] AAAAA-TCP_SEND: name:enp0s3: saddr:100932208: daddr:16783984: srtt_us:35217940: RTT:4402242: ssthresh:28: cwnd:35: delivered:74: lost:0: retrans:0
[  286.778129] AAAAA-TCP_SEND: name:enp0s3: saddr:100932208: daddr:16783984: srtt_us:35217940: RTT:4402242: ssthresh:28: cwnd:35: delivered:74: lost:0: retrans:0
[  286.830390] AAAAA-TCP_RECV: name:enp0s3: saddr:16783984: daddr:100932208: srtt_us:35217940: RTT:4402242: ssthresh:28: cwnd:35: delivered:74: lost:0: retrans:0
[  286.830425] AAAAA-TCP_SEND: name:enp0s3: saddr:100932208: daddr:16783984: srtt_us:36270385: RTT:4533798: ssthresh:28: cwnd:35: delivered:75: lost:0: retrans:0
[  286.963151] AAAAA-TCP_RECV: name:enp0s3: saddr:16783984: daddr:100932208: srtt_us:36270385: RTT:4533798: ssthresh:28: cwnd:35: delivered:75: lost:0: retrans:0
[  286.963200] AAAAA-TCP_SEND: name:enp0s3: saddr:100932208: daddr:16783984: srtt_us:37324019: RTT:4665502: ssthresh:28: cwnd:36: delivered:77: lost:0: retrans:0
[  286.963229] AAAAA-TCP_SEND: name:enp0s3: saddr:100932208: daddr:16783984: srtt_us:37324019: RTT:4665502: ssthresh:28: cwnd:36: delivered:77: lost:0: retrans:0
[  287.147253] AAAAA-TCP_RECV: name:enp0s3: saddr:16783984: daddr:100932208: srtt_us:37324019: RTT:4665502: ssthresh:28: cwnd:36: delivered:77: lost:0: retrans:0
[  287.147291] AAAAA-TCP_SEND: name:enp0s3: saddr:100932208: daddr:16783984: srtt_us:37324019: RTT:4665502: ssthresh:28: cwnd:36: delivered:77: lost:0: retrans:0
[  287.147330] AAAAA-TCP_SEND: name:enp0s3: saddr:100932208: daddr:16783984: srtt_us:38429937: RTT:4803742: ssthresh:28: cwnd:37: delivered:78: lost:0: retrans:0
[  287.148259] AAAAA-TCP_SEND: name:enp0s3: saddr:100932208: daddr:16783984: srtt_us:38429937: RTT:4803742: ssthresh:28: cwnd:37: delivered:78: lost:0: retrans:0
[  287.376127] AAAAA-TCP_RECV: name:enp0s3: saddr:16783984: daddr:100932208: srtt_us:38429937: RTT:4803742: ssthresh:28: cwnd:37: delivered:78: lost:0: retrans:0
[  287.376163] AAAAA-TCP_SEND: name:enp0s3: saddr:100932208: daddr:16783984: srtt_us:39626356: RTT:4953294: ssthresh:28: cwnd:38: delivered:80: lost:0: retrans:0
[  287.376187] AAAAA-TCP_SEND: name:enp0s3: saddr:100932208: daddr:16783984: srtt_us:39626356: RTT:4953294: ssthresh:28: cwnd:38: delivered:80: lost:0: retrans:0
[  287.596026] AAAAA-TCP_RECV: name:enp0s3: saddr:33561200: daddr:100932208: srtt_us:22364244: RTT:2795530: ssthresh:28: cwnd:26: delivered:47: lost:10: retrans:2
[  287.596111] AAAAA-TCP_SEND: name:enp0s3: saddr:100932208: daddr:16783984: srtt_us:39626356: RTT:4953294: ssthresh:28: cwnd:38: delivered:80: lost:0: retrans:0
[  287.596206] AAAAA-TCP_SEND: name:enp0s3: saddr:100932208: daddr:33561200: srtt_us:25788526: RTT:3223565: ssthresh:28: cwnd:28: delivered:49: lost:10: retrans:2
[  287.596262] AAAAA-TCP_SEND: name:enp0s3: saddr:100932208: daddr:33561200: srtt_us:25788526: RTT:3223565: ssthresh:28: cwnd:28: delivered:49: lost:10: retrans:2
[  287.784643] AAAAA-TCP_RECV: name:enp0s3: saddr:16783984: daddr:100932208: srtt_us:39626356: RTT:4953294: ssthresh:28: cwnd:38: delivered:80: lost:0: retrans:0
[  287.784683] AAAAA-TCP_SEND: name:enp0s3: saddr:100932208: daddr:33561200: srtt_us:25788526: RTT:3223565: ssthresh:28: cwnd:28: delivered:49: lost:10: retrans:2
[  288.062773] AAAAA-TCP_RECV: name:enp0s3: saddr:33561200: daddr:100932208: srtt_us:25788526: RTT:3223565: ssthresh:28: cwnd:28: delivered:49: lost:10: retrans:2
