[    0.000000] Linux version 5.4.243-mptcp (root@ztg) (gcc version 12.2.0 (Debian 12.2.0-14+deb12u1)) #53 SMP Wed Dec 24 23:28:15 CST 2025
[    0.000000] Command line: BOOT_IMAGE=/boot/vmlinuz-5.4.243-mptcp root=UUID=98415a12-53b7-4144-8265-0f7ece09e445 ro quiet splash
[    0.000000] KERNEL supported cpus:
[    0.000000]   Intel GenuineIntel
[    0.000000]   AMD AuthenticAMD
[    0.000000]   Hygon HygonGenuine
[    0.000000]   Centaur CentaurHauls
[    0.000000]   zhaoxin   Shanghai  
[    0.000000] x86/fpu: Supporting XSAVE feature 0x001: 'x87 floating point registers'
[    0.000000] x86/fpu: Supporting XSAVE feature 0x002: 'SSE registers'
[    0.000000] x86/fpu: Supporting XSAVE feature 0x004: 'AVX registers'
[    0.000000] x86/fpu: xstate_offset[2]:  576, xstate_sizes[2]:  256
[    0.000000] x86/fpu: Enabled xstate features 0x7, context size is 832 bytes, using 'standard' format.
[    0.000000] BIOS-provided physical RAM map:
[    0.000000] BIOS-e820: [mem 0x0000000000000000-0x000000000009fbff] usable
[    0.000000] BIOS-e820: [mem 0x000000000009fc00-0x000000000009ffff] reserved
[    0.000000] BIOS-e820: [mem 0x00000000000f0000-0x00000000000fffff] reserved
[    0.000000] BIOS-e820: [mem 0x0000000000100000-0x000000007ffeffff] usable
[    0.000000] BIOS-e820: [mem 0x000000007fff0000-0x000000007fffffff] ACPI data
[    0.000000] BIOS-e820: [mem 0x00000000fec00000-0x00000000fec00fff] reserved
[    0.000000] BIOS-e820: [mem 0x00000000fee00000-0x00000000fee00fff] reserved
[    0.000000] BIOS-e820: [mem 0x00000000fffc0000-0x00000000ffffffff] reserved
[    0.000000] NX (Execute Disable) protection: active
[    0.000000] SMBIOS 2.5 present.
[    0.000000] DMI: innotek GmbH VirtualBox/VirtualBox, BIOS VirtualBox 12/01/2006
[    0.000000] Hypervisor detected: KVM
[    0.000000] kvm-clock: Using msrs 4b564d01 and 4b564d00
[    0.000000] kvm-clock: cpu 0, msr 17601001, primary cpu clock
[    0.000000] kvm-clock: using sched offset of 4435811716 cycles
[    0.000004] clocksource: kvm-clock: mask: 0xffffffffffffffff max_cycles: 0x1cd42e4dffb, max_idle_ns: 881590591483 ns
[    0.000006] tsc: Detected 2100.000 MHz processor
[    0.001852] e820: update [mem 0x00000000-0x00000fff] usable ==> reserved
[    0.001854] e820: remove [mem 0x000a0000-0x000fffff] usable
[    0.001858] last_pfn = 0x7fff0 max_arch_pfn = 0x400000000
[    0.001925] MTRR default type: uncachable
[    0.001926] MTRR fixed ranges enabled:
[    0.001927]   00000-9FFFF write-back
[    0.001928]   A0000-BFFFF uncachable
[    0.001929]   C0000-FFFFF write-protect
[    0.001929] MTRR variable ranges enabled:
[    0.001931]   0 base 000000000000 mask 3FFF80000000 write-back
[    0.001931]   1 disabled
[    0.001932]   2 disabled
[    0.001932]   3 disabled
[    0.001933]   4 disabled
[    0.001933]   5 disabled
[    0.001934]   6 disabled
[    0.001934]   7 disabled
[    0.001934]   8 disabled
[    0.001935]   9 disabled
[    0.001935]   10 disabled
[    0.001936]   11 disabled
[    0.001936]   12 disabled
[    0.001937]   13 disabled
[    0.001937]   14 disabled
[    0.001937]   15 disabled
[    0.001954] x86/PAT: Configuration [0-7]: WB  WC  UC- UC  WB  WP  UC- WT  
[    0.002089] found SMP MP-table at [mem 0x0009fff0-0x0009ffff]
[    0.089437] check: Scanning 1 areas for low memory corruption
[    0.089560] RAMDISK: [mem 0x32271000-0x3512ffff]
[    0.089569] ACPI: Early table checksum verification disabled
[    0.089574] ACPI: RSDP 0x00000000000E0000 000024 (v02 VBOX  )
[    0.089578] ACPI: XSDT 0x000000007FFF0030 00003C (v01 VBOX   VBOXXSDT 00000001 ASL  00000061)
[    0.089585] ACPI: FACP 0x000000007FFF00F0 0000F4 (v04 VBOX   VBOXFACP 00000001 ASL  00000061)
[    0.089591] ACPI: DSDT 0x000000007FFF02E0 002353 (v02 VBOX   VBOXBIOS 00000002 VBOX 00029BF3)
[    0.089595] ACPI: FACS 0x000000007FFF0200 000040
[    0.089599] ACPI: FACS 0x000000007FFF0200 000040
[    0.089602] ACPI: APIC 0x000000007FFF0240 000054 (v02 VBOX   VBOXAPIC 00000001 ASL  00000061)
[    0.089606] ACPI: SSDT 0x000000007FFF02A0 000038 (v01 VBOX   VBOXCPUT 00000002 VBOX 00029BF3)
[    0.089609] ACPI: Reserving FACP table memory at [mem 0x7fff00f0-0x7fff01e3]
[    0.089610] ACPI: Reserving DSDT table memory at [mem 0x7fff02e0-0x7fff2632]
[    0.089610] ACPI: Reserving FACS table memory at [mem 0x7fff0200-0x7fff023f]
[    0.089611] ACPI: Reserving FACS table memory at [mem 0x7fff0200-0x7fff023f]
[    0.089612] ACPI: Reserving APIC table memory at [mem 0x7fff0240-0x7fff0293]
[    0.089613] ACPI: Reserving SSDT table memory at [mem 0x7fff02a0-0x7fff02d7]
[    0.089627] ACPI: Local APIC address 0xfee00000
[    0.089812] No NUMA configuration found
[    0.089813] Faking a node at [mem 0x0000000000000000-0x000000007ffeffff]
[    0.089823] NODE_DATA(0) allocated [mem 0x7ffc5000-0x7ffeffff]
[    0.090084] Zone ranges:
[    0.090085]   DMA      [mem 0x0000000000001000-0x0000000000ffffff]
[    0.090086]   DMA32    [mem 0x0000000001000000-0x000000007ffeffff]
[    0.090087]   Normal   empty
[    0.090088]   Device   empty
[    0.090089] Movable zone start for each node
[    0.090091] Early memory node ranges
[    0.090092]   node   0: [mem 0x0000000000001000-0x000000000009efff]
[    0.090092]   node   0: [mem 0x0000000000100000-0x000000007ffeffff]
[    0.090095] Zeroed struct page in unavailable ranges: 114 pages
[    0.090096] Initmem setup node 0 [mem 0x0000000000001000-0x000000007ffeffff]
[    0.090097] On node 0 totalpages: 524174
[    0.090099]   DMA zone: 64 pages used for memmap
[    0.090099]   DMA zone: 21 pages reserved
[    0.090100]   DMA zone: 3998 pages, LIFO batch:0
[    0.090171]   DMA32 zone: 8128 pages used for memmap
[    0.090172]   DMA32 zone: 520176 pages, LIFO batch:63
[    0.099086] ACPI: PM-Timer IO Port: 0x4008
[    0.099089] ACPI: Local APIC address 0xfee00000
[    0.099156] IOAPIC[0]: apic_id 1, version 32, address 0xfec00000, GSI 0-23
[    0.099160] ACPI: INT_SRC_OVR (bus 0 bus_irq 0 global_irq 2 dfl dfl)
[    0.099161] ACPI: INT_SRC_OVR (bus 0 bus_irq 9 global_irq 9 low level)
[    0.099163] ACPI: IRQ0 used by override.
[    0.099164] ACPI: IRQ9 used by override.
[    0.099167] Using ACPI (MADT) for SMP configuration information
[    0.099173] smpboot: Allowing 1 CPUs, 0 hotplug CPUs
[    0.099194] PM: Registered nosave memory: [mem 0x00000000-0x00000fff]
[    0.099195] PM: Registered nosave memory: [mem 0x0009f000-0x0009ffff]
[    0.099196] PM: Registered nosave memory: [mem 0x000a0000-0x000effff]
[    0.099197] PM: Registered nosave memory: [mem 0x000f0000-0x000fffff]
[    0.099198] [mem 0x80000000-0xfebfffff] available for PCI devices
[    0.099199] Booting paravirtualized kernel on KVM
[    0.099202] clocksource: refined-jiffies: mask: 0xffffffff max_cycles: 0xffffffff, max_idle_ns: 7645519600211568 ns
[    0.099207] setup_percpu: NR_CPUS:8192 nr_cpumask_bits:1 nr_cpu_ids:1 nr_node_ids:1
[    0.100233] percpu: Embedded 60 pages/cpu s208896 r8192 d28672 u2097152
[    0.100237] pcpu-alloc: s208896 r8192 d28672 u2097152 alloc=1*2097152
[    0.100238] pcpu-alloc: [0] 0 
[    0.100264] Built 1 zonelists, mobility grouping on.  Total pages: 515961
[    0.100265] Policy zone: DMA32
[    0.100266] Kernel command line: BOOT_IMAGE=/boot/vmlinuz-5.4.243-mptcp root=UUID=98415a12-53b7-4144-8265-0f7ece09e445 ro quiet splash
[    0.101098] Dentry cache hash table entries: 262144 (order: 9, 2097152 bytes, linear)
[    0.101245] Inode-cache hash table entries: 131072 (order: 8, 1048576 bytes, linear)
[    0.101295] mem auto-init: stack:off, heap alloc:on, heap free:off
[    0.101297] Calgary: detecting Calgary via BIOS EBDA area
[    0.101298] Calgary: Unable to locate Rio Grande table in EBDA - bailing!
[    0.105359] Memory: 1967332K/2096696K available (14339K kernel code, 2398K rwdata, 4712K rodata, 2728K init, 17260K bss, 129364K reserved, 0K cma-reserved)
[    0.106287] SLUB: HWalign=64, Order=0-3, MinObjects=0, CPUs=1, Nodes=1
[    0.106303] ftrace: allocating 43186 entries in 169 pages
[    0.124480] rcu: Hierarchical RCU implementation.
[    0.124482] rcu: 	RCU restricting CPUs from NR_CPUS=8192 to nr_cpu_ids=1.
[    0.124483] 	Tasks RCU enabled.
[    0.124484] rcu: RCU calculated value of scheduler-enlistment delay is 25 jiffies.
[    0.124485] rcu: Adjusting geometry for rcu_fanout_leaf=16, nr_cpu_ids=1
[    0.127432] NR_IRQS: 524544, nr_irqs: 256, preallocated irqs: 16
[    0.127647] random: crng init done
[    0.136972] Console: colour VGA+ 80x25
[    0.136976] printk: console [tty0] enabled
[    0.136997] ACPI: Core revision 20190816
[    0.137093] APIC: Switch to symmetric I/O mode setup
[    0.137347] x2apic enabled
[    0.137588] Switched APIC routing to physical x2apic.
[    0.138729] ..TIMER: vector=0x30 apic1=0 pin1=2 apic2=-1 pin2=-1
[    0.138755] clocksource: tsc-early: mask: 0xffffffffffffffff max_cycles: 0x1e4530a99b6, max_idle_ns: 440795257976 ns
[    0.138760] Calibrating delay loop (skipped) preset value.. 4200.00 BogoMIPS (lpj=8400000)
[    0.138762] pid_max: default: 32768 minimum: 301
[    0.138791] LSM: Security Framework initializing
[    0.138800] Yama: becoming mindful.
[    0.138825] AppArmor: AppArmor initialized
[    0.138860] Mount-cache hash table entries: 4096 (order: 3, 32768 bytes, linear)
[    0.138864] Mountpoint-cache hash table entries: 4096 (order: 3, 32768 bytes, linear)
[    0.138875] *** VALIDATE tmpfs ***
[    0.139002] *** VALIDATE proc ***
[    0.139042] *** VALIDATE cgroup1 ***
[    0.139043] *** VALIDATE cgroup2 ***
[    0.139184] process: using mwait in idle threads
[    0.139189] Last level iTLB entries: 4KB 64, 2MB 8, 4MB 8
[    0.139189] Last level dTLB entries: 4KB 64, 2MB 0, 4MB 0, 1GB 4
[    0.139211] Spectre V1 : Mitigation: usercopy/swapgs barriers and __user pointer sanitization
[    0.139216] Spectre V2 : Mitigation: Retpolines
[    0.139217] Spectre V2 : Spectre v2 / SpectreRSB mitigation: Filling RSB on context switch
[    0.139217] Spectre V2 : Spectre v2 / SpectreRSB : Filling RSB on VMEXIT
[    0.139218] RETBleed: WARNING: Spectre v2 mitigation leaves CPU vulnerable to RETBleed attacks, data leaks possible!
[    0.139569] RETBleed: Vulnerable
[    0.139570] Speculative Store Bypass: Vulnerable
[    0.139575] TAA: Mitigation: TSX disabled
[    0.139575] MMIO Stale Data: Mitigation: Clear CPU buffers
[    0.143848] Freeing SMP alternatives memory: 40K
[    0.255415] smpboot: CPU0: Intel(R) Xeon(R) Silver 4216 CPU @ 2.10GHz (family: 0x6, model: 0x55, stepping: 0x7)
[    0.255579] Performance Events: unsupported p6 CPU model 85 no PMU driver, software events only.
[    0.255621] rcu: Hierarchical SRCU implementation.
[    0.256128] NMI watchdog: Perf NMI watchdog permanently disabled
[    0.256169] smp: Bringing up secondary CPUs ...
[    0.256169] smp: Brought up 1 node, 1 CPU
[    0.256171] smpboot: Max logical packages: 1
[    0.256172] smpboot: Total of 1 processors activated (4200.00 BogoMIPS)
[    0.257235] devtmpfs: initialized
[    0.257283] x86/mm: Memory block size: 128MB
[    0.257638] clocksource: jiffies: mask: 0xffffffff max_cycles: 0xffffffff, max_idle_ns: 7645041785100000 ns
[    0.257644] futex hash table entries: 256 (order: 2, 16384 bytes, linear)
[    0.257689] pinctrl core: initialized pinctrl subsystem
[    0.257896] PM: RTC time: 20:46:54, date: 2026-01-14
[    0.258028] NET: Registered protocol family 16
[    0.258117] audit: initializing netlink subsys (disabled)
[    0.258266] EISA bus registered
[    0.258267] cpuidle: using governor ladder
[    0.258268] cpuidle: using governor menu
[    0.258315] ACPI: bus type PCI registered
[    0.258317] acpiphp: ACPI Hot Plug PCI Controller Driver version: 0.5
[    0.258495] PCI: Using configuration type 1 for base access
[    0.258845] audit: type=2000 audit(1768394820.315:1): state=initialized audit_enabled=0 res=1
[    0.258939] HugeTLB registered 2.00 MiB page size, pre-allocated 0 pages
[    0.260084] ACPI: Added _OSI(Module Device)
[    0.260085] ACPI: Added _OSI(Processor Device)
[    0.260086] ACPI: Added _OSI(3.0 _SCP Extensions)
[    0.260087] ACPI: Added _OSI(Processor Aggregator Device)
[    0.260088] ACPI: Added _OSI(Linux-Dell-Video)
[    0.260090] ACPI: Added _OSI(Linux-Lenovo-NV-HDMI-Audio)
[    0.260091] ACPI: Added _OSI(Linux-HPI-Hybrid-Graphics)
[    0.263103] ACPI: 2 ACPI AML tables successfully acquired and loaded
[    0.265235] ACPI: Interpreter enabled
[    0.265249] ACPI: (supports S0 S5)
[    0.265251] ACPI: Using IOAPIC for interrupt routing
[    0.265546] PCI: Using host bridge windows from ACPI; if necessary, use "pci=nocrs" and report a bug
[    0.265707] ACPI: Enabled 2 GPEs in block 00 to 07
[    0.271770] ACPI: PCI Root Bridge [PCI0] (domain 0000 [bus 00-ff])
[    0.271776] acpi PNP0A03:00: _OSC: OS supports [ASPM ClockPM Segments MSI HPX-Type3]
[    0.272305] acpi PNP0A03:00: _OSC: not requesting OS control; OS requires [ExtendedConfig ASPM ClockPM MSI]
[    0.272316] acpi PNP0A03:00: fail to add MMCONFIG information, can't access extended PCI configuration space under this bridge.
[    0.272700] PCI host bridge to bus 0000:00
[    0.272702] pci_bus 0000:00: root bus resource [io  0x0000-0x0cf7 window]
[    0.272704] pci_bus 0000:00: root bus resource [io  0x0d00-0xffff window]
[    0.272706] pci_bus 0000:00: root bus resource [mem 0x000a0000-0x000bffff window]
[    0.272707] pci_bus 0000:00: root bus resource [mem 0x80000000-0xfdffffff window]
[    0.272709] pci_bus 0000:00: root bus resource [bus 00-ff]
[    0.272759] pci 0000:00:00.0: [8086:1237] type 00 class 0x060000
[    0.273708] pci 0000:00:01.0: [8086:7000] type 00 class 0x060100
[    0.274456] pci 0000:00:01.1: [8086:7111] type 00 class 0x01018a
[    0.274892] pci 0000:00:01.1: reg 0x20: [io  0xd000-0xd00f]
[    0.275048] pci 0000:00:01.1: legacy IDE quirk: reg 0x10: [io  0x01f0-0x01f7]
[    0.275049] pci 0000:00:01.1: legacy IDE quirk: reg 0x14: [io  0x03f6]
[    0.275050] pci 0000:00:01.1: legacy IDE quirk: reg 0x18: [io  0x0170-0x0177]
[    0.275051] pci 0000:00:01.1: legacy IDE quirk: reg 0x1c: [io  0x0376]
[    0.275592] pci 0000:00:02.0: [15ad:0405] type 00 class 0x030000
[    0.278642] pci 0000:00:02.0: reg 0x10: [io  0xd010-0xd01f]
[    0.280665] pci 0000:00:02.0: reg 0x14: [mem 0xe0000000-0xe7ffffff pref]
[    0.282804] pci 0000:00:02.0: reg 0x18: [mem 0xf0000000-0xf01fffff]
[    0.294800] pci 0000:00:03.0: [1022:2000] type 00 class 0x020000
[    0.295474] pci 0000:00:03.0: reg 0x10: [io  0xd020-0xd03f]
[    0.296088] pci 0000:00:03.0: reg 0x14: [mem 0xf0200000-0xf0200fff]
[    0.299565] pci 0000:00:04.0: [80ee:cafe] type 00 class 0x088000
[    0.300246] pci 0000:00:04.0: reg 0x10: [io  0xd040-0xd05f]
[    0.300856] pci 0000:00:04.0: reg 0x14: [mem 0xf0400000-0xf07fffff]
[    0.301466] pci 0000:00:04.0: reg 0x18: [mem 0xf0800000-0xf0803fff pref]
[    0.307152] pci 0000:00:07.0: [8086:7113] type 00 class 0x068000
[    0.307702] pci 0000:00:07.0: quirk: [io  0x4000-0x403f] claimed by PIIX4 ACPI
[    0.307712] pci 0000:00:07.0: quirk: [io  0x4100-0x410f] claimed by PIIX4 SMB
[    0.308346] pci 0000:00:08.0: [8086:100e] type 00 class 0x020000
[    0.309081] pci 0000:00:08.0: reg 0x10: [mem 0xf0820000-0xf083ffff]
[    0.310875] pci 0000:00:08.0: reg 0x18: [io  0xd060-0xd067]
[    0.314096] pci 0000:00:09.0: [8086:100e] type 00 class 0x020000
[    0.314820] pci 0000:00:09.0: reg 0x10: [mem 0xf0840000-0xf085ffff]
[    0.315982] pci 0000:00:09.0: reg 0x18: [io  0xd068-0xd06f]
[    0.327093] ACPI: PCI Interrupt Link [LNKA] (IRQs 5 9 10 *11)
[    0.327374] ACPI: PCI Interrupt Link [LNKB] (IRQs 5 9 *10 11)
[    0.327474] ACPI: PCI Interrupt Link [LNKC] (IRQs 5 *9 10 11)
[    0.327580] ACPI: PCI Interrupt Link [LNKD] (IRQs 5 9 10 *11)
[    0.327864] iommu: Default domain type: Translated 
[    0.327927] pci 0000:00:02.0: vgaarb: setting as boot VGA device
[    0.327929] pci 0000:00:02.0: vgaarb: VGA device added: decodes=io+mem,owns=io+mem,locks=none
[    0.327931] pci 0000:00:02.0: vgaarb: bridge control possible
[    0.327931] vgaarb: loaded
[    0.328144] SCSI subsystem initialized
[    0.328175] libata version 3.00 loaded.
[    0.328199] ACPI: bus type USB registered
[    0.328215] usbcore: registered new interface driver usbfs
[    0.328220] usbcore: registered new interface driver hub
[    0.328226] usbcore: registered new device driver usb
[    0.328254] pps_core: LinuxPPS API ver. 1 registered
[    0.328254] pps_core: Software ver. 5.3.6 - Copyright 2005-2007 Rodolfo Giometti <giometti@linux.it>
[    0.328256] PTP clock support registered
[    0.328292] EDAC MC: Ver: 3.0.0
[    0.328580] PCI: Using ACPI for IRQ routing
[    0.328582] PCI: pci_cache_line_size set to 64 bytes
[    0.328749] e820: reserve RAM buffer [mem 0x0009fc00-0x0009ffff]
[    0.328753] e820: reserve RAM buffer [mem 0x7fff0000-0x7fffffff]
[    0.329551] NetLabel: Initializing
[    0.329552] NetLabel:  domain hash size = 128
[    0.329552] NetLabel:  protocols = UNLABELED CIPSOv4 CALIPSO
[    0.329571] NetLabel:  unlabeled traffic allowed by default
[    0.330483] clocksource: Switched to clocksource kvm-clock
[    0.341497] *** VALIDATE bpf ***
[    0.341565] VFS: Disk quotas dquot_6.6.0
[    0.341579] VFS: Dquot-cache hash table entries: 512 (order 0, 4096 bytes)
[    0.341602] *** VALIDATE ramfs ***
[    0.341605] *** VALIDATE hugetlbfs ***
[    0.341690] AppArmor: AppArmor Filesystem Enabled
[    0.341721] pnp: PnP ACPI init
[    0.341798] pnp 00:00: Plug and Play ACPI device, IDs PNP0303 (active)
[    0.341889] pnp 00:01: Plug and Play ACPI device, IDs PNP0f03 (active)
[    0.342669] pnp: PnP ACPI: found 2 devices
[    0.343666] thermal_sys: Registered thermal governor 'fair_share'
[    0.343666] thermal_sys: Registered thermal governor 'bang_bang'
[    0.343667] thermal_sys: Registered thermal governor 'step_wise'
[    0.343667] thermal_sys: Registered thermal governor 'user_space'
[    0.343668] thermal_sys: Registered thermal governor 'power_allocator'
[    0.348201] clocksource: acpi_pm: mask: 0xffffff max_cycles: 0xffffff, max_idle_ns: 2085701024 ns
[    0.348244] pci_bus 0000:00: resource 4 [io  0x0000-0x0cf7 window]
[    0.348245] pci_bus 0000:00: resource 5 [io  0x0d00-0xffff window]
[    0.348246] pci_bus 0000:00: resource 6 [mem 0x000a0000-0x000bffff window]
[    0.348247] pci_bus 0000:00: resource 7 [mem 0x80000000-0xfdffffff window]
[    0.348311] NET: Registered protocol family 2
[    0.348387] IP idents hash table entries: 32768 (order: 6, 262144 bytes, linear)
[    0.348806] MPTCP tokens hash table entries: 8192 (order: 4, 65536 bytes, linear)
[    0.348826] MPTCP request tokens hash table entries: 8192 (order: 4, 65536 bytes, linear)
[    0.348851] default registered
[    0.348852] default registered
[    0.348852] MPTCP: Stable release v0.96
[    0.348857] tcp_listen_portaddr_hash hash table entries: 1024 (order: 2, 16384 bytes, linear)
[    0.348938] TCP established hash table entries: 16384 (order: 5, 131072 bytes, linear)
[    0.349004] TCP bind hash table entries: 16384 (order: 6, 262144 bytes, linear)
[    0.349030] TCP: Hash tables configured (established 16384 bind 16384)
[    0.349753] UDP hash table entries: 1024 (order: 3, 32768 bytes, linear)
[    0.349765] UDP-Lite hash table entries: 1024 (order: 3, 32768 bytes, linear)
[    0.349802] NET: Registered protocol family 1
[    0.349812] NET: Registered protocol family 44
[    0.349836] pci 0000:00:00.0: Limiting direct PCI/PCI transfers
[    0.349848] pci 0000:00:01.0: Activating ISA DMA hang workarounds
[    0.349904] pci 0000:00:02.0: Video device with shadowed ROM at [mem 0x000c0000-0x000dffff]
[    0.349968] PCI: CLS 0 bytes, default 64
[    0.350018] Trying to unpack rootfs image as initramfs...
[    0.520280] Freeing initrd memory: 47868K
[    0.520280] clocksource: tsc: mask: 0xffffffffffffffff max_cycles: 0x1e4530a99b6, max_idle_ns: 440795257976 ns
[    0.520280] clocksource: Switched to clocksource tsc
[    0.520280] platform rtc_cmos: registered platform RTC device (no PNP device found)
[    0.520280] check: Scanning for low memory corruption every 60 seconds
[    0.520280] Initialise system trusted keyrings
[    0.520280] Key type blacklist registered
[    0.520280] workingset: timestamp_bits=36 max_order=19 bucket_order=0
[    0.520280] zbud: loaded
[    0.520280] squashfs: version 4.0 (2009/01/31) Phillip Lougher
[    0.520280] fuse: init (API version 7.31)
[    0.520280] *** VALIDATE fuse ***
[    0.520280] *** VALIDATE fuse ***
[    0.520280] Platform Keyring initialized
[    0.535338] Key type asymmetric registered
[    0.535339] Asymmetric key parser 'x509' registered
[    0.535350] Block layer SCSI generic (bsg) driver version 0.4 loaded (major 244)
[    0.535386] io scheduler mq-deadline registered
[    0.535510] shpchp: Standard Hot Plug PCI Controller Driver version: 0.4
[    0.535712] ACPI: AC Adapter [AC] (on-line)
[    0.535757] input: Power Button as /devices/LNXSYSTM:00/LNXPWRBN:00/input/input0
[    0.535787] ACPI: Power Button [PWRF]
[    0.535865] input: Sleep Button as /devices/LNXSYSTM:00/LNXSLPBN:00/input/input1
[    0.535880] ACPI: Sleep Button [SLPF]
[    0.536123] Serial: 8250/16550 driver, 32 ports, IRQ sharing enabled
[    0.537281] Linux agpgart interface v0.103
[    0.627196] loop: module loaded
[    0.627387] ata_piix 0000:00:01.1: version 2.13
[    0.627918] scsi host0: ata_piix
[    0.628048] scsi host1: ata_piix
[    0.628084] ata1: PATA max UDMA/33 cmd 0x1f0 ctl 0x3f6 bmdma 0xd000 irq 14
[    0.628086] ata2: PATA max UDMA/33 cmd 0x170 ctl 0x376 bmdma 0xd008 irq 15
[    0.628193] tun: Universal TUN/TAP device driver, 1.6
[    0.628555] PPP generic driver version 2.4.2
[    0.628610] VFIO - User Level meta-driver version: 0.3
[    0.628895] ehci_hcd: USB 2.0 'Enhanced' Host Controller (EHCI) Driver
[    0.628902] ehci-pci: EHCI PCI platform driver
[    0.628920] ehci-platform: EHCI generic platform driver
[    0.628928] ohci_hcd: USB 1.1 'Open' Host Controller (OHCI) Driver
[    0.628930] ohci-pci: OHCI PCI platform driver
[    0.628940] ohci-platform: OHCI generic platform driver
[    0.628946] uhci_hcd: USB Universal Host Controller Interface driver
[    0.629031] i8042: PNP: PS/2 Controller [PNP0303:PS2K,PNP0f03:PS2M] at 0x60,0x64 irq 1,12
[    0.629570] serio: i8042 KBD port at 0x60,0x64 irq 1
[    0.629575] serio: i8042 AUX port at 0x60,0x64 irq 12
[    0.629694] mousedev: PS/2 mouse device common for all mice
[    0.630026] input: AT Translated Set 2 keyboard as /devices/platform/i8042/serio0/input/input2
[    0.630515] rtc_cmos rtc_cmos: registered as rtc0
[    0.630533] rtc_cmos rtc_cmos: alarms up to one day, 114 bytes nvram
[    0.630539] i2c /dev entries driver
[    0.630595] device-mapper: uevent: version 1.0.3
[    0.630653] device-mapper: ioctl: 4.41.0-ioctl (2019-09-16) initialised: dm-devel@redhat.com
[    0.630673] platform eisa.0: Probing EISA bus 0
[    0.630675] platform eisa.0: EISA: Cannot allocate resource for mainboard
[    0.630677] platform eisa.0: Cannot allocate resource for EISA slot 1
[    0.630678] platform eisa.0: Cannot allocate resource for EISA slot 2
[    0.630679] platform eisa.0: Cannot allocate resource for EISA slot 3
[    0.630681] platform eisa.0: Cannot allocate resource for EISA slot 4
[    0.630682] platform eisa.0: Cannot allocate resource for EISA slot 5
[    0.630684] platform eisa.0: Cannot allocate resource for EISA slot 6
[    0.630685] platform eisa.0: Cannot allocate resource for EISA slot 7
[    0.630686] platform eisa.0: Cannot allocate resource for EISA slot 8
[    0.630688] platform eisa.0: EISA: Detected 0 cards
[    0.630691] intel_pstate: CPU model not supported
[    0.630702] ledtrig-cpu: registered to indicate activity on CPUs
[    0.630768] drop_monitor: Initializing network drop monitor service
[    0.630980] NET: Registered protocol family 10
[    0.635378] Segment Routing with IPv6
[    0.635378] fullmesh registered
[    0.635378] ndiffports registered
[    0.635378] binder registered
[    0.635378] roundrobin registered
[    0.635378] redundant registered
[    0.635378] blest registered
[    0.635378] ecf registered
[    0.635378] NET: Registered protocol family 17
[    0.635378] Key type dns_resolver registered
[    0.635378] RAS: Correctable Errors collector initialized.
[    0.635378] IPI shorthand broadcast: enabled
[    0.635378] sched_clock: Marking stable (620258256, 11120359)->(635206061, -3827446)
[    0.638027] registered taskstats version 1
[    0.638038] Loading compiled-in X.509 certificates
[    0.638958] Loaded X.509 cert 'Build time autogenerated kernel key: 6909f3744cebb3d0de528d5887b96a727de79b1e'
[    0.638981] zswap: loaded using pool lzo/zbud
[    0.639045] Key type ._fscrypt registered
[    0.639046] Key type .fscrypt registered
[    0.644976] Key type big_key registered
[    0.648152] Key type encrypted registered
[    0.648155] AppArmor: AppArmor sha1 policy hashing enabled
[    0.648165] ima: No TPM chip found, activating TPM-bypass!
[    0.648171] ima: Allocated hash algorithm: sha1
[    0.648178] ima: No architecture policies found
[    0.648189] evm: Initialising EVM extended attributes:
[    0.648190] evm: security.selinux
[    0.648191] evm: security.SMACK64
[    0.648191] evm: security.SMACK64EXEC
[    0.648192] evm: security.SMACK64TRANSMUTE
[    0.648192] evm: security.SMACK64MMAP
[    0.648193] evm: security.apparmor
[    0.648194] evm: security.ima
[    0.648194] evm: security.capability
[    0.648195] evm: HMAC attrs: 0x1
[    0.648545] PM:   Magic number: 10:379:801
[    0.648583] acpi PNP0F03:00: hash matches
[    0.648637] rtc_cmos rtc_cmos: setting system clock to 2026-01-14T20:46:55 UTC (1768423615)
[    0.799724] ata1.00: ATA-6: VBOX HARDDISK, 1.0, max UDMA/133
[    0.799726] ata1.00: 209715200 sectors, multi 128: LBA 
[    0.800214] scsi 0:0:0:0: Direct-Access     ATA      VBOX HARDDISK    1.0  PQ: 0 ANSI: 5
[    0.800437] sd 0:0:0:0: [sda] 209715200 512-byte logical blocks: (107 GB/100 GiB)
[    0.800446] sd 0:0:0:0: [sda] Write Protect is off
[    0.800448] sd 0:0:0:0: [sda] Mode Sense: 00 3a 00 00
[    0.800463] sd 0:0:0:0: [sda] Write cache: enabled, read cache: enabled, doesn't support DPO or FUA
[    0.800706] sd 0:0:0:0: Attached scsi generic sg0 type 0
[    0.801654]  sda: sda1 sda2
[    0.811326] sd 0:0:0:0: [sda] Attached SCSI disk
[    0.813787] Freeing unused decrypted memory: 2040K
[    0.814554] Freeing unused kernel image memory: 2728K
[    0.814556] Write protecting the kernel read-only data: 22528k
[    0.815373] Freeing unused kernel image memory: 2036K
[    0.815808] Freeing unused kernel image memory: 1432K
[    0.834485] x86/mm: Checked W+X mappings: passed, no W+X pages found.
[    0.834488] Run /init as init process
[    0.960668] ACPI: Video Device [GFX0] (multi-head: yes  rom: no  post: no)
[    0.960765] input: Video Bus as /devices/LNXSYSTM:00/LNXSYBUS:00/PNP0A03:00/LNXVIDEO:00/input/input4
[    0.980682] piix4_smbus 0000:00:07.0: SMBus Host Controller at 0x4100, revision 0
[    0.984381] e1000: Intel(R) PRO/1000 Network Driver - version 7.3.21-k8-NAPI
[    0.984382] e1000: Copyright (c) 1999-2006 Intel Corporation.
[    0.998783] pcnet32: pcnet32.c:v1.35 21.Apr.2008 tsbogend@alpha.franken.de
[    1.016164] pcnet32: PCnet/FAST III 79C973 at 0xd020, 08:00:27:4a:56:dc assigned IRQ 19
[    1.016218] pcnet32: Found PHY 0022:561b at address 0
[    1.016602] pcnet32: eth0: registered as PCnet/FAST III 79C973
[    1.016632] pcnet32: 1 cards_found
[    1.073591] pcnet32 0000:00:03.0 enp0s3: renamed from eth0
[    1.204536] input: ImExPS/2 Generic Explorer Mouse as /devices/platform/i8042/serio1/input/input5
[    1.403481] e1000 0000:00:08.0 eth0: (PCI:33MHz:32-bit) 08:00:27:83:32:8e
[    1.403485] e1000 0000:00:08.0 eth0: Intel(R) PRO/1000 Network Connection
[    1.775708] e1000 0000:00:09.0 eth1: (PCI:33MHz:32-bit) 08:00:27:54:05:21
[    1.775711] e1000 0000:00:09.0 eth1: Intel(R) PRO/1000 Network Connection
[    1.776824] e1000 0000:00:08.0 enp0s8: renamed from eth0
[    1.778606] e1000 0000:00:09.0 enp0s9: renamed from eth1
[    1.930473] EXT4-fs (sda2): mounted filesystem with ordered data mode. Opts: (null)
[    2.023500] systemd[1]: Inserted module 'autofs4'
[    2.034791] systemd[1]: systemd 245.4-4ubuntu3 running in system mode. (+PAM +AUDIT +SELINUX +IMA +APPARMOR +SMACK +SYSVINIT +UTMP +LIBCRYPTSETUP +GCRYPT +GNUTLS +ACL +XZ +LZ4 +SECCOMP +BLKID +ELFUTILS +KMOD +IDN2 -IDN +PCRE2 default-hierarchy=hybrid)
[    2.034821] systemd[1]: Detected virtualization oracle.
[    2.034825] systemd[1]: Detected architecture x86-64.
[    2.036169] systemd[1]: Set hostname to <ztg>.
[    2.161657] systemd[1]: /lib/systemd/system/dbus.socket:5: ListenStream= references a path below legacy directory /var/run/, updating /var/run/dbus/system_bus_socket â†’ /run/dbus/system_bus_socket; please update the unit file accordingly.
[    2.213883] systemd[1]: Created slice system-modprobe.slice.
[    2.214065] systemd[1]: Created slice User and Session Slice.
[    2.214111] systemd[1]: Started Forward Password Requests to Wall Directory Watch.
[    2.214272] systemd[1]: Set up automount Arbitrary Executable File Formats File System Automount Point.
[    2.214307] systemd[1]: Reached target User and Group Name Lookups.
[    2.214315] systemd[1]: Reached target Remote File Systems.
[    2.214323] systemd[1]: Reached target Slices.
[    2.214813] systemd[1]: Listening on Syslog Socket.
[    2.214881] systemd[1]: Listening on fsck to fsckd communication Socket.
[    2.214918] systemd[1]: Listening on initctl Compatibility Named Pipe.
[    2.215057] systemd[1]: Listening on Journal Audit Socket.
[    2.215109] systemd[1]: Listening on Journal Socket (/dev/log).
[    2.215178] systemd[1]: Listening on Journal Socket.
[    2.215318] systemd[1]: Listening on udev Control Socket.
[    2.215359] systemd[1]: Listening on udev Kernel Socket.
[    2.216117] systemd[1]: Mounting Huge Pages File System...
[    2.217024] systemd[1]: Mounting POSIX Message Queue File System...
[    2.217897] systemd[1]: Mounting Kernel Debug File System...
[    2.218716] systemd[1]: Mounting Kernel Trace File System...
[    2.220640] systemd[1]: Starting Journal Service...
[    2.245909] systemd[1]: Starting Set the console keyboard layout...
[    2.253970] systemd[1]: Starting Create list of static device nodes for the current kernel...
[    2.255931] systemd[1]: Starting Load Kernel Module drm...
[    2.261260] systemd[1]: Condition check resulted in Set Up Additional Binary Formats being skipped.
[    2.264527] systemd[1]: Condition check resulted in File System Check on Root Device being skipped.
[    2.267568] systemd[1]: Starting Load Kernel Modules...
[    2.275576] systemd[1]: Starting Remount Root and Kernel File Systems...
[    2.285024] systemd[1]: Starting udev Coldplug all Devices...
[    2.295336] systemd[1]: Starting Uncomplicated firewall...
[    2.297332] systemd[1]: Mounted Huge Pages File System.
[    2.297426] systemd[1]: Mounted POSIX Message Queue File System.
[    2.297504] systemd[1]: Mounted Kernel Debug File System.
[    2.297577] systemd[1]: Mounted Kernel Trace File System.
[    2.303132] EXT4-fs (sda2): re-mounted. Opts: errors=remount-ro
[    2.321806] systemd[1]: Finished Create list of static device nodes for the current kernel.
[    2.322839] systemd[1]: modprobe@drm.service: Succeeded.
[    2.323072] systemd[1]: Finished Load Kernel Module drm.
[    2.329495] systemd[1]: Finished Remount Root and Kernel File Systems.
[    2.345668] systemd[1]: Finished Uncomplicated firewall.
[    2.362575] lp: driver loaded but no devices found
[    2.363922] systemd[1]: Condition check resulted in Rebuild Hardware Database being skipped.
[    2.363975] systemd[1]: Condition check resulted in Platform Persistent Storage Archival being skipped.
[    2.364751] systemd[1]: Starting Load/Save Random Seed...
[    2.371626] systemd[1]: Starting Create System Users...
[    2.376705] ppdev: user-space parallel port driver
[    2.389773] systemd[1]: Finished Load/Save Random Seed.
[    2.393687] systemd[1]: Finished Create System Users.
[    2.394475] systemd[1]: Starting Create Static Device Nodes in /dev...
[    2.421035] systemd[1]: Finished udev Coldplug all Devices.
[    2.460594] systemd[1]: Finished Create Static Device Nodes in /dev.
[    2.461426] systemd[1]: Starting udev Kernel Device Manager...
[    2.486365] [drm] DMA map mode: Caching DMA mappings.
[    2.486427] [drm] Capabilities:
[    2.486427] [drm]   Rect copy.
[    2.486427] [drm]   Cursor.
[    2.486428] [drm]   Cursor bypass.
[    2.486428] [drm]   Cursor bypass 2.
[    2.486429] [drm]   Alpha cursor.
[    2.486429] [drm]   Extended Fifo.
[    2.486429] [drm]   Pitchlock.
[    2.486430] [drm]   Irq mask.
[    2.486430] [drm]   GMR.
[    2.486430] [drm]   Traces.
[    2.486431] [drm]   GMR2.
[    2.486431] [drm]   Screen Object 2.
[    2.486431] [drm]   Command Buffers.
[    2.486432] [drm]   Command Buffers 2.
[    2.486432] [drm]   Guest Backed Resources.
[    2.486433] [drm] Max GMR ids is 8192
[    2.486433] [drm] Max number of GMR pages is 1048576
[    2.486434] [drm] Max dedicated hypervisor surface memory is 393216 kiB
[    2.486435] [drm] Maximum display memory size is 131072 kiB
[    2.486435] [drm] VRAM at 0xe0000000 size is 131072 kiB
[    2.486436] [drm] MMIO at 0xf0000000 size is 2048 kiB
[    2.487014] [TTM] Zone  kernel: Available graphics memory: 1011738 KiB
[    2.487015] [TTM] Initializing pool allocator
[    2.487018] [TTM] Initializing DMA pool allocator
[    2.487075] [drm] Supports vblank timestamp caching Rev 2 (21.10.2013).
[    2.487076] [drm] No driver support for vblank timestamp query.
[    2.487353] [drm] Screen Target Display device initialized
[    2.487565] [drm] width 720
[    2.487574] [drm] height 400
[    2.487577] [drm] bpp 32
[    2.488084] [drm] Fifo max 0x00200000 min 0x00001000 cap 0x00000355
[    2.489149] [drm] Using command buffers with DMA pool.
[    2.489155] [drm] DX: no.
[    2.489155] [drm] Atomic: yes.
[    2.489156] [drm] SM4_1: no.
[    2.489175] [drm:vmw_host_log [vmwgfx]] *ERROR* Failed to send host log message.
[    2.490078] [drm:vmw_host_log [vmwgfx]] *ERROR* Failed to send host log message.
[    2.504073] systemd[1]: Finished Set the console keyboard layout.
[    2.504216] systemd[1]: Reached target Local File Systems (Pre).
[    2.504773] fbcon: svgadrmfb (fb0) is primary device
[    2.507952] systemd[1]: Mounting Mount unit for bare, revision 5...
[    2.509904] systemd[1]: Mounting Mount unit for core18, revision 1705...
[    2.514904] Console: switching to colour frame buffer device 100x37
[    2.518850] systemd[1]: Mounting Mount unit for gnome-3-34-1804, revision 24...
[    2.524416] [drm] Initialized vmwgfx 2.15.0 20180704 for 0000:00:02.0 on minor 0
[    2.527667] systemd[1]: Mounting Mount unit for gtk-common-themes, revision 1506...
[    2.558824] systemd[1]: Mounting Mount unit for gtk-common-themes, revision 1535...
[    2.564494] systemd[1]: Mounting Mount unit for snap-store, revision 433...
[    2.575100] systemd[1]: Mounting Mount unit for snapd, revision 25935...
[    2.583419] systemd[1]: Finished Load Kernel Modules.
[    2.584997] systemd[1]: Mounting FUSE Control File System...
[    2.588235] systemd[1]: Mounting Kernel Configuration File System...
[    2.608860] systemd[1]: Starting Apply Kernel Variables...
[    2.617808] systemd[1]: Mounted Mount unit for bare, revision 5.
[    2.617913] systemd[1]: Mounted Mount unit for gnome-3-34-1804, revision 24.
[    2.617989] systemd[1]: Mounted FUSE Control File System.
[    2.618045] systemd[1]: Condition check resulted in VMware vmblock fuse mount being skipped.
[    2.625167] systemd[1]: Mounted Kernel Configuration File System.
[    2.630330] systemd[1]: Mounted Mount unit for gtk-common-themes, revision 1506.
[    2.633623] systemd[1]: Finished Apply Kernel Variables.
[    2.644168] systemd[1]: Mounted Mount unit for core18, revision 1705.
[    2.644261] systemd[1]: Mounted Mount unit for gtk-common-themes, revision 1535.
[    2.649705] systemd[1]: Mounted Mount unit for snap-store, revision 433.
[    2.649789] systemd[1]: Mounted Mount unit for snapd, revision 25935.
[    2.649841] systemd[1]: Reached target Local File Systems.
[    2.650742] systemd[1]: Starting Load AppArmor profiles...
[    2.655667] systemd[1]: Starting Set console font and keymap...
[    2.669823] systemd[1]: Starting Tell Plymouth To Write Out Runtime Data...
[    2.669847] systemd[1]: Condition check resulted in Store a System Token in an EFI Variable being skipped.
[    2.669876] systemd[1]: Condition check resulted in Commit a transient machine-id on disk being skipped.
[    2.674662] systemd[1]: Finished Set console font and keymap.
[    2.691024] systemd[1]: plymouth-read-write.service: Succeeded.
[    2.691582] systemd[1]: Finished Tell Plymouth To Write Out Runtime Data.
[    2.692963] systemd[1]: Started udev Kernel Device Manager.
[    2.693710] systemd[1]: Starting Show Plymouth Boot Screen...
[    2.697992] systemd[1]: Received SIGRTMIN+20 from PID 284 (plymouthd).
[    2.712323] systemd[1]: Started Show Plymouth Boot Screen.
[    2.712474] systemd[1]: Condition check resulted in Dispatch Password Requests to Console Directory Watch being skipped.
[    2.712558] systemd[1]: Started Forward Password Requests to Plymouth Directory Watch.
[    2.712591] systemd[1]: Reached target Local Encrypted Volumes.
[    2.726377] audit: type=1400 audit(1768423617.572:2): apparmor="STATUS" operation="profile_load" profile="unconfined" name="nvidia_modprobe" pid=294 comm="apparmor_parser"
[    2.726380] audit: type=1400 audit(1768423617.572:3): apparmor="STATUS" operation="profile_load" profile="unconfined" name="nvidia_modprobe//kmod" pid=294 comm="apparmor_parser"
[    2.733719] audit: type=1400 audit(1768423617.580:4): apparmor="STATUS" operation="profile_load" profile="unconfined" name="/usr/sbin/tcpdump" pid=295 comm="apparmor_parser"
[    2.785979] audit: type=1400 audit(1768423617.628:5): apparmor="STATUS" operation="profile_load" profile="unconfined" name="/usr/bin/evince" pid=304 comm="apparmor_parser"
[    2.785981] audit: type=1400 audit(1768423617.628:6): apparmor="STATUS" operation="profile_load" profile="unconfined" name="/usr/bin/evince//sanitized_helper" pid=304 comm="apparmor_parser"
[    2.785983] audit: type=1400 audit(1768423617.628:7): apparmor="STATUS" operation="profile_load" profile="unconfined" name="/usr/bin/evince-previewer" pid=304 comm="apparmor_parser"
[    2.785985] audit: type=1400 audit(1768423617.628:8): apparmor="STATUS" operation="profile_load" profile="unconfined" name="/usr/bin/evince-previewer//sanitized_helper" pid=304 comm="apparmor_parser"
[    2.785987] audit: type=1400 audit(1768423617.628:9): apparmor="STATUS" operation="profile_load" profile="unconfined" name="/usr/bin/evince-thumbnailer" pid=304 comm="apparmor_parser"
[    2.800501] audit: type=1400 audit(1768423617.648:10): apparmor="STATUS" operation="profile_load" profile="unconfined" name="/usr/lib/cups/backend/cups-pdf" pid=305 comm="apparmor_parser"
[    2.882581] systemd[1]: Finished Load AppArmor profiles.
[    2.883621] systemd[1]: Starting Load AppArmor profiles managed internally by snapd...
[    2.994832] systemd[1]: Finished Load AppArmor profiles managed internally by snapd.
[    3.207456] systemd[1]: Started Journal Service.
[    3.217250] systemd-journald[229]: Received client request to flush runtime journal.
[    4.482454] RAPL PMU: API unit is 2^-32 Joules, 0 fixed counters, 10737418240 ms ovfl timer
[    4.514540] cryptd: max_cpu_qlen set to 1000
[    4.556747] AVX2 version of gcm_enc/dec engaged.
[    4.556748] AES CTR mode by8 optimization enabled
[    6.564743] Adding 1998844k swap on /dev/sda1.  Priority:-2 extents:1 across:1998844k FS
[    7.836141] kauditd_printk_skb: 30 callbacks suppressed
[    7.836142] audit: type=1400 audit(1768423622.684:41): apparmor="DENIED" operation="capable" profile="/usr/sbin/cups-browsed" pid=509 comm="cups-browsed" capability=23  capname="sys_nice"
[    9.007989] pcnet32 0000:00:03.0 enp0s3: link up, 100Mbps, full-duplex
[    9.039492] e1000: enp0s8 NIC Link is Up 1000 Mbps Full Duplex, Flow Control: RX
[    9.040131] IPv6: ADDRCONF(NETDEV_CHANGE): enp0s8: link becomes ready
[    9.065425] e1000: enp0s9 NIC Link is Up 1000 Mbps Full Duplex, Flow Control: RX
[    9.065714] IPv6: ADDRCONF(NETDEV_CHANGE): enp0s9: link becomes ready
[    9.734774] device enp0s3 entered promiscuous mode
[    9.764049] audit: type=1400 audit(1768423624.604:42): apparmor="DENIED" operation="open" profile="/usr/sbin/tcpdump" name="/proc/sys/kernel/random/boot_id" pid=642 comm="tcpdump" requested_mask="r" denied_mask="r" fsuid=0 ouid=0
[    9.764433] audit: type=1400 audit(1768423624.604:43): apparmor="DENIED" operation="open" profile="/usr/sbin/tcpdump" name="/proc/sys/kernel/random/boot_id" pid=642 comm="tcpdump" requested_mask="r" denied_mask="r" fsuid=0 ouid=0
[    9.764477] audit: type=1400 audit(1768423624.604:44): apparmor="DENIED" operation="open" profile="/usr/sbin/tcpdump" name="/proc/sys/kernel/random/boot_id" pid=642 comm="tcpdump" requested_mask="r" denied_mask="r" fsuid=0 ouid=0
[    9.764541] audit: type=1400 audit(1768423624.604:45): apparmor="DENIED" operation="open" profile="/usr/sbin/tcpdump" name="/proc/sys/kernel/random/boot_id" pid=642 comm="tcpdump" requested_mask="r" denied_mask="r" fsuid=0 ouid=0
[    9.770174] audit: type=1400 audit(1768423624.616:46): apparmor="DENIED" operation="open" profile="/usr/sbin/tcpdump" name="/proc/sys/kernel/random/boot_id" pid=643 comm="tcpdump" requested_mask="r" denied_mask="r" fsuid=0 ouid=0
[    9.770369] audit: type=1400 audit(1768423624.616:47): apparmor="DENIED" operation="open" profile="/usr/sbin/tcpdump" name="/proc/sys/kernel/random/boot_id" pid=643 comm="tcpdump" requested_mask="r" denied_mask="r" fsuid=0 ouid=0
[    9.770428] audit: type=1400 audit(1768423624.616:48): apparmor="DENIED" operation="open" profile="/usr/sbin/tcpdump" name="/proc/sys/kernel/random/boot_id" pid=643 comm="tcpdump" requested_mask="r" denied_mask="r" fsuid=0 ouid=0
[    9.771108] audit: type=1400 audit(1768423624.616:49): apparmor="DENIED" operation="open" profile="/usr/sbin/tcpdump" name="/proc/sys/kernel/random/boot_id" pid=643 comm="tcpdump" requested_mask="r" denied_mask="r" fsuid=0 ouid=0
[   15.520951] rfkill: input handler disabled
[  585.070450] rfkill: input handler enabled
[  593.879761] rfkill: input handler disabled
[  819.363934] device enp0s3 left promiscuous mode
