[    0.000000] Linux version 5.4.243-mptcp (root@ztg) (gcc version 12.2.0 (Debian 12.2.0-14+deb12u1)) #53 SMP Wed Dec 24 23:28:15 CST 2025
[    0.000000] Command line: BOOT_IMAGE=/boot/vmlinuz-5.4.243-mptcp root=UUID=98415a12-53b7-4144-8265-0f7ece09e445 ro quiet splash
[    0.000000] KERNEL supported cpus:
[    0.000000]   Intel GenuineIntel
[    0.000000]   AMD AuthenticAMD
[    0.000000]   Hygon HygonGenuine
[    0.000000]   Centaur CentaurHauls
[    0.000000]   zhaoxin   Shanghai  
[    0.000000] x86/fpu: Supporting XSAVE feature 0x001: 'x87 floating point registers'
[    0.000000] x86/fpu: Supporting XSAVE feature 0x002: 'SSE registers'
[    0.000000] x86/fpu: Supporting XSAVE feature 0x004: 'AVX registers'
[    0.000000] x86/fpu: xstate_offset[2]:  576, xstate_sizes[2]:  256
[    0.000000] x86/fpu: Enabled xstate features 0x7, context size is 832 bytes, using 'standard' format.
[    0.000000] BIOS-provided physical RAM map:
[    0.000000] BIOS-e820: [mem 0x0000000000000000-0x000000000009fbff] usable
[    0.000000] BIOS-e820: [mem 0x000000000009fc00-0x000000000009ffff] reserved
[    0.000000] BIOS-e820: [mem 0x00000000000f0000-0x00000000000fffff] reserved
[    0.000000] BIOS-e820: [mem 0x0000000000100000-0x000000007ffeffff] usable
[    0.000000] BIOS-e820: [mem 0x000000007fff0000-0x000000007fffffff] ACPI data
[    0.000000] BIOS-e820: [mem 0x00000000fec00000-0x00000000fec00fff] reserved
[    0.000000] BIOS-e820: [mem 0x00000000fee00000-0x00000000fee00fff] reserved
[    0.000000] BIOS-e820: [mem 0x00000000fffc0000-0x00000000ffffffff] reserved
[    0.000000] NX (Execute Disable) protection: active
[    0.000000] SMBIOS 2.5 present.
[    0.000000] DMI: innotek GmbH VirtualBox/VirtualBox, BIOS VirtualBox 12/01/2006
[    0.000000] Hypervisor detected: KVM
[    0.000000] kvm-clock: Using msrs 4b564d01 and 4b564d00
[    0.000000] kvm-clock: cpu 0, msr 5d201001, primary cpu clock
[    0.000000] kvm-clock: using sched offset of 4505992071 cycles
[    0.000003] clocksource: kvm-clock: mask: 0xffffffffffffffff max_cycles: 0x1cd42e4dffb, max_idle_ns: 881590591483 ns
[    0.000005] tsc: Detected 2100.000 MHz processor
[    0.001927] e820: update [mem 0x00000000-0x00000fff] usable ==> reserved
[    0.001929] e820: remove [mem 0x000a0000-0x000fffff] usable
[    0.001934] last_pfn = 0x7fff0 max_arch_pfn = 0x400000000
[    0.002002] MTRR default type: uncachable
[    0.002003] MTRR fixed ranges enabled:
[    0.002004]   00000-9FFFF write-back
[    0.002005]   A0000-BFFFF uncachable
[    0.002006]   C0000-FFFFF write-protect
[    0.002006] MTRR variable ranges enabled:
[    0.002008]   0 base 000000000000 mask 3FFF80000000 write-back
[    0.002008]   1 disabled
[    0.002009]   2 disabled
[    0.002009]   3 disabled
[    0.002010]   4 disabled
[    0.002010]   5 disabled
[    0.002010]   6 disabled
[    0.002011]   7 disabled
[    0.002011]   8 disabled
[    0.002012]   9 disabled
[    0.002012]   10 disabled
[    0.002013]   11 disabled
[    0.002013]   12 disabled
[    0.002013]   13 disabled
[    0.002014]   14 disabled
[    0.002014]   15 disabled
[    0.002031] x86/PAT: Configuration [0-7]: WB  WC  UC- UC  WB  WP  UC- WT  
[    0.002165] found SMP MP-table at [mem 0x0009fff0-0x0009ffff]
[    0.096480] check: Scanning 1 areas for low memory corruption
[    0.096623] RAMDISK: [mem 0x32271000-0x3512ffff]
[    0.096631] ACPI: Early table checksum verification disabled
[    0.096637] ACPI: RSDP 0x00000000000E0000 000024 (v02 VBOX  )
[    0.096642] ACPI: XSDT 0x000000007FFF0030 00003C (v01 VBOX   VBOXXSDT 00000001 ASL  00000061)
[    0.096648] ACPI: FACP 0x000000007FFF00F0 0000F4 (v04 VBOX   VBOXFACP 00000001 ASL  00000061)
[    0.096655] ACPI: DSDT 0x000000007FFF02E0 002353 (v02 VBOX   VBOXBIOS 00000002 VBOX 00029BF3)
[    0.096659] ACPI: FACS 0x000000007FFF0200 000040
[    0.096663] ACPI: FACS 0x000000007FFF0200 000040
[    0.096666] ACPI: APIC 0x000000007FFF0240 000054 (v02 VBOX   VBOXAPIC 00000001 ASL  00000061)
[    0.096669] ACPI: SSDT 0x000000007FFF02A0 000038 (v01 VBOX   VBOXCPUT 00000002 VBOX 00029BF3)
[    0.096673] ACPI: Reserving FACP table memory at [mem 0x7fff00f0-0x7fff01e3]
[    0.096674] ACPI: Reserving DSDT table memory at [mem 0x7fff02e0-0x7fff2632]
[    0.096675] ACPI: Reserving FACS table memory at [mem 0x7fff0200-0x7fff023f]
[    0.096675] ACPI: Reserving FACS table memory at [mem 0x7fff0200-0x7fff023f]
[    0.096676] ACPI: Reserving APIC table memory at [mem 0x7fff0240-0x7fff0293]
[    0.096677] ACPI: Reserving SSDT table memory at [mem 0x7fff02a0-0x7fff02d7]
[    0.096691] ACPI: Local APIC address 0xfee00000
[    0.096877] No NUMA configuration found
[    0.096878] Faking a node at [mem 0x0000000000000000-0x000000007ffeffff]
[    0.096888] NODE_DATA(0) allocated [mem 0x7ffc5000-0x7ffeffff]
[    0.097149] Zone ranges:
[    0.097150]   DMA      [mem 0x0000000000001000-0x0000000000ffffff]
[    0.097151]   DMA32    [mem 0x0000000001000000-0x000000007ffeffff]
[    0.097152]   Normal   empty
[    0.097153]   Device   empty
[    0.097154] Movable zone start for each node
[    0.097156] Early memory node ranges
[    0.097156]   node   0: [mem 0x0000000000001000-0x000000000009efff]
[    0.097157]   node   0: [mem 0x0000000000100000-0x000000007ffeffff]
[    0.097161] Zeroed struct page in unavailable ranges: 114 pages
[    0.097162] Initmem setup node 0 [mem 0x0000000000001000-0x000000007ffeffff]
[    0.097163] On node 0 totalpages: 524174
[    0.097164]   DMA zone: 64 pages used for memmap
[    0.097165]   DMA zone: 21 pages reserved
[    0.097166]   DMA zone: 3998 pages, LIFO batch:0
[    0.097237]   DMA32 zone: 8128 pages used for memmap
[    0.097238]   DMA32 zone: 520176 pages, LIFO batch:63
[    0.106458] ACPI: PM-Timer IO Port: 0x4008
[    0.106462] ACPI: Local APIC address 0xfee00000
[    0.106524] IOAPIC[0]: apic_id 1, version 32, address 0xfec00000, GSI 0-23
[    0.106528] ACPI: INT_SRC_OVR (bus 0 bus_irq 0 global_irq 2 dfl dfl)
[    0.106530] ACPI: INT_SRC_OVR (bus 0 bus_irq 9 global_irq 9 low level)
[    0.106532] ACPI: IRQ0 used by override.
[    0.106533] ACPI: IRQ9 used by override.
[    0.106535] Using ACPI (MADT) for SMP configuration information
[    0.106541] smpboot: Allowing 1 CPUs, 0 hotplug CPUs
[    0.106564] PM: Registered nosave memory: [mem 0x00000000-0x00000fff]
[    0.106565] PM: Registered nosave memory: [mem 0x0009f000-0x0009ffff]
[    0.106566] PM: Registered nosave memory: [mem 0x000a0000-0x000effff]
[    0.106567] PM: Registered nosave memory: [mem 0x000f0000-0x000fffff]
[    0.106568] [mem 0x80000000-0xfebfffff] available for PCI devices
[    0.106569] Booting paravirtualized kernel on KVM
[    0.106572] clocksource: refined-jiffies: mask: 0xffffffff max_cycles: 0xffffffff, max_idle_ns: 7645519600211568 ns
[    0.106576] setup_percpu: NR_CPUS:8192 nr_cpumask_bits:1 nr_cpu_ids:1 nr_node_ids:1
[    0.107176] percpu: Embedded 60 pages/cpu s208896 r8192 d28672 u2097152
[    0.107180] pcpu-alloc: s208896 r8192 d28672 u2097152 alloc=1*2097152
[    0.107181] pcpu-alloc: [0] 0 
[    0.107207] Built 1 zonelists, mobility grouping on.  Total pages: 515961
[    0.107207] Policy zone: DMA32
[    0.107209] Kernel command line: BOOT_IMAGE=/boot/vmlinuz-5.4.243-mptcp root=UUID=98415a12-53b7-4144-8265-0f7ece09e445 ro quiet splash
[    0.107887] Dentry cache hash table entries: 262144 (order: 9, 2097152 bytes, linear)
[    0.108035] Inode-cache hash table entries: 131072 (order: 8, 1048576 bytes, linear)
[    0.108085] mem auto-init: stack:off, heap alloc:on, heap free:off
[    0.108089] Calgary: detecting Calgary via BIOS EBDA area
[    0.108090] Calgary: Unable to locate Rio Grande table in EBDA - bailing!
[    0.112258] Memory: 1967332K/2096696K available (14339K kernel code, 2398K rwdata, 4712K rodata, 2728K init, 17260K bss, 129364K reserved, 0K cma-reserved)
[    0.112930] SLUB: HWalign=64, Order=0-3, MinObjects=0, CPUs=1, Nodes=1
[    0.112946] ftrace: allocating 43186 entries in 169 pages
[    0.131431] rcu: Hierarchical RCU implementation.
[    0.131433] rcu: 	RCU restricting CPUs from NR_CPUS=8192 to nr_cpu_ids=1.
[    0.131434] 	Tasks RCU enabled.
[    0.131435] rcu: RCU calculated value of scheduler-enlistment delay is 25 jiffies.
[    0.131436] rcu: Adjusting geometry for rcu_fanout_leaf=16, nr_cpu_ids=1
[    0.134409] NR_IRQS: 524544, nr_irqs: 256, preallocated irqs: 16
[    0.134610] random: crng init done
[    0.143881] Console: colour VGA+ 80x25
[    0.143886] printk: console [tty0] enabled
[    0.143906] ACPI: Core revision 20190816
[    0.143996] APIC: Switch to symmetric I/O mode setup
[    0.144246] x2apic enabled
[    0.144483] Switched APIC routing to physical x2apic.
[    0.145613] ..TIMER: vector=0x30 apic1=0 pin1=2 apic2=-1 pin2=-1
[    0.145640] clocksource: tsc-early: mask: 0xffffffffffffffff max_cycles: 0x1e4530a99b6, max_idle_ns: 440795257976 ns
[    0.145644] Calibrating delay loop (skipped) preset value.. 4200.00 BogoMIPS (lpj=8400000)
[    0.145646] pid_max: default: 32768 minimum: 301
[    0.145674] LSM: Security Framework initializing
[    0.145683] Yama: becoming mindful.
[    0.145707] AppArmor: AppArmor initialized
[    0.145741] Mount-cache hash table entries: 4096 (order: 3, 32768 bytes, linear)
[    0.145745] Mountpoint-cache hash table entries: 4096 (order: 3, 32768 bytes, linear)
[    0.145754] *** VALIDATE tmpfs ***
[    0.145879] *** VALIDATE proc ***
[    0.145918] *** VALIDATE cgroup1 ***
[    0.145919] *** VALIDATE cgroup2 ***
[    0.146055] process: using mwait in idle threads
[    0.146060] Last level iTLB entries: 4KB 64, 2MB 8, 4MB 8
[    0.146061] Last level dTLB entries: 4KB 64, 2MB 0, 4MB 0, 1GB 4
[    0.146080] Spectre V1 : Mitigation: usercopy/swapgs barriers and __user pointer sanitization
[    0.146086] Spectre V2 : Mitigation: Retpolines
[    0.146086] Spectre V2 : Spectre v2 / SpectreRSB mitigation: Filling RSB on context switch
[    0.146087] Spectre V2 : Spectre v2 / SpectreRSB : Filling RSB on VMEXIT
[    0.146087] RETBleed: WARNING: Spectre v2 mitigation leaves CPU vulnerable to RETBleed attacks, data leaks possible!
[    0.146442] RETBleed: Vulnerable
[    0.146442] Speculative Store Bypass: Vulnerable
[    0.146447] TAA: Mitigation: TSX disabled
[    0.146448] MMIO Stale Data: Mitigation: Clear CPU buffers
[    0.150540] Freeing SMP alternatives memory: 40K
[    0.262967] smpboot: CPU0: Intel(R) Xeon(R) Silver 4216 CPU @ 2.10GHz (family: 0x6, model: 0x55, stepping: 0x7)
[    0.263105] Performance Events: unsupported p6 CPU model 85 no PMU driver, software events only.
[    0.263140] rcu: Hierarchical SRCU implementation.
[    0.263636] NMI watchdog: Perf NMI watchdog permanently disabled
[    0.263675] smp: Bringing up secondary CPUs ...
[    0.263676] smp: Brought up 1 node, 1 CPU
[    0.263677] smpboot: Max logical packages: 1
[    0.263678] smpboot: Total of 1 processors activated (4200.00 BogoMIPS)
[    0.264406] devtmpfs: initialized
[    0.264453] x86/mm: Memory block size: 128MB
[    0.264816] clocksource: jiffies: mask: 0xffffffff max_cycles: 0xffffffff, max_idle_ns: 7645041785100000 ns
[    0.264822] futex hash table entries: 256 (order: 2, 16384 bytes, linear)
[    0.264865] pinctrl core: initialized pinctrl subsystem
[    0.264965] PM: RTC time: 17:19:19, date: 2026-01-16
[    0.265066] NET: Registered protocol family 16
[    0.265143] audit: initializing netlink subsys (disabled)
[    0.265263] EISA bus registered
[    0.265265] cpuidle: using governor ladder
[    0.265266] cpuidle: using governor menu
[    0.265302] ACPI: bus type PCI registered
[    0.265303] acpiphp: ACPI Hot Plug PCI Controller Driver version: 0.5
[    0.265402] PCI: Using configuration type 1 for base access
[    0.265711] audit: type=2000 audit(1768555166.359:1): state=initialized audit_enabled=0 res=1
[    0.265782] HugeTLB registered 2.00 MiB page size, pre-allocated 0 pages
[    0.266561] ACPI: Added _OSI(Module Device)
[    0.266561] ACPI: Added _OSI(Processor Device)
[    0.266562] ACPI: Added _OSI(3.0 _SCP Extensions)
[    0.266563] ACPI: Added _OSI(Processor Aggregator Device)
[    0.266564] ACPI: Added _OSI(Linux-Dell-Video)
[    0.266564] ACPI: Added _OSI(Linux-Lenovo-NV-HDMI-Audio)
[    0.266565] ACPI: Added _OSI(Linux-HPI-Hybrid-Graphics)
[    0.268567] ACPI: 2 ACPI AML tables successfully acquired and loaded
[    0.270084] ACPI: Interpreter enabled
[    0.270093] ACPI: (supports S0 S5)
[    0.270094] ACPI: Using IOAPIC for interrupt routing
[    0.270300] PCI: Using host bridge windows from ACPI; if necessary, use "pci=nocrs" and report a bug
[    0.270406] ACPI: Enabled 2 GPEs in block 00 to 07
[    0.275638] ACPI: PCI Root Bridge [PCI0] (domain 0000 [bus 00-ff])
[    0.275643] acpi PNP0A03:00: _OSC: OS supports [ASPM ClockPM Segments MSI HPX-Type3]
[    0.276119] acpi PNP0A03:00: _OSC: not requesting OS control; OS requires [ExtendedConfig ASPM ClockPM MSI]
[    0.276128] acpi PNP0A03:00: fail to add MMCONFIG information, can't access extended PCI configuration space under this bridge.
[    0.276511] PCI host bridge to bus 0000:00
[    0.276513] pci_bus 0000:00: root bus resource [io  0x0000-0x0cf7 window]
[    0.276514] pci_bus 0000:00: root bus resource [io  0x0d00-0xffff window]
[    0.276515] pci_bus 0000:00: root bus resource [mem 0x000a0000-0x000bffff window]
[    0.276516] pci_bus 0000:00: root bus resource [mem 0x80000000-0xfdffffff window]
[    0.276518] pci_bus 0000:00: root bus resource [bus 00-ff]
[    0.276561] pci 0000:00:00.0: [8086:1237] type 00 class 0x060000
[    0.277492] pci 0000:00:01.0: [8086:7000] type 00 class 0x060100
[    0.278232] pci 0000:00:01.1: [8086:7111] type 00 class 0x01018a
[    0.278603] pci 0000:00:01.1: reg 0x20: [io  0xd000-0xd00f]
[    0.278752] pci 0000:00:01.1: legacy IDE quirk: reg 0x10: [io  0x01f0-0x01f7]
[    0.278753] pci 0000:00:01.1: legacy IDE quirk: reg 0x14: [io  0x03f6]
[    0.278754] pci 0000:00:01.1: legacy IDE quirk: reg 0x18: [io  0x0170-0x0177]
[    0.278755] pci 0000:00:01.1: legacy IDE quirk: reg 0x1c: [io  0x0376]
[    0.279292] pci 0000:00:02.0: [15ad:0405] type 00 class 0x030000
[    0.281728] pci 0000:00:02.0: reg 0x10: [io  0xd010-0xd01f]
[    0.284552] pci 0000:00:02.0: reg 0x14: [mem 0xe0000000-0xe7ffffff pref]
[    0.288239] pci 0000:00:02.0: reg 0x18: [mem 0xf0000000-0xf01fffff]
[    0.298449] pci 0000:00:03.0: [1022:2000] type 00 class 0x020000
[    0.299143] pci 0000:00:03.0: reg 0x10: [io  0xd020-0xd03f]
[    0.299787] pci 0000:00:03.0: reg 0x14: [mem 0xf0200000-0xf0200fff]
[    0.304169] pci 0000:00:04.0: [80ee:cafe] type 00 class 0x088000
[    0.304847] pci 0000:00:04.0: reg 0x10: [io  0xd040-0xd05f]
[    0.305453] pci 0000:00:04.0: reg 0x14: [mem 0xf0400000-0xf07fffff]
[    0.305756] pci 0000:00:04.0: reg 0x18: [mem 0xf0800000-0xf0803fff pref]
[    0.309267] pci 0000:00:07.0: [8086:7113] type 00 class 0x068000
[    0.309732] pci 0000:00:07.0: quirk: [io  0x4000-0x403f] claimed by PIIX4 ACPI
[    0.309743] pci 0000:00:07.0: quirk: [io  0x4100-0x410f] claimed by PIIX4 SMB
[    0.310347] pci 0000:00:08.0: [8086:100e] type 00 class 0x020000
[    0.311043] pci 0000:00:08.0: reg 0x10: [mem 0xf0820000-0xf083ffff]
[    0.312199] pci 0000:00:08.0: reg 0x18: [io  0xd060-0xd067]
[    0.315262] pci 0000:00:09.0: [8086:100e] type 00 class 0x020000
[    0.316337] pci 0000:00:09.0: reg 0x10: [mem 0xf0840000-0xf085ffff]
[    0.317641] pci 0000:00:09.0: reg 0x18: [io  0xd068-0xd06f]
[    0.329804] ACPI: PCI Interrupt Link [LNKA] (IRQs 5 9 10 *11)
[    0.330085] ACPI: PCI Interrupt Link [LNKB] (IRQs 5 9 *10 11)
[    0.330190] ACPI: PCI Interrupt Link [LNKC] (IRQs 5 *9 10 11)
[    0.330291] ACPI: PCI Interrupt Link [LNKD] (IRQs 5 9 10 *11)
[    0.330544] iommu: Default domain type: Translated 
[    0.330601] pci 0000:00:02.0: vgaarb: setting as boot VGA device
[    0.330603] pci 0000:00:02.0: vgaarb: VGA device added: decodes=io+mem,owns=io+mem,locks=none
[    0.330605] pci 0000:00:02.0: vgaarb: bridge control possible
[    0.330606] vgaarb: loaded
[    0.330811] SCSI subsystem initialized
[    0.330844] libata version 3.00 loaded.
[    0.330867] ACPI: bus type USB registered
[    0.330882] usbcore: registered new interface driver usbfs
[    0.330888] usbcore: registered new interface driver hub
[    0.330892] usbcore: registered new device driver usb
[    0.330917] pps_core: LinuxPPS API ver. 1 registered
[    0.330918] pps_core: Software ver. 5.3.6 - Copyright 2005-2007 Rodolfo Giometti <giometti@linux.it>
[    0.330920] PTP clock support registered
[    0.330956] EDAC MC: Ver: 3.0.0
[    0.331234] PCI: Using ACPI for IRQ routing
[    0.331235] PCI: pci_cache_line_size set to 64 bytes
[    0.331402] e820: reserve RAM buffer [mem 0x0009fc00-0x0009ffff]
[    0.331405] e820: reserve RAM buffer [mem 0x7fff0000-0x7fffffff]
[    0.332023] NetLabel: Initializing
[    0.332024] NetLabel:  domain hash size = 128
[    0.332024] NetLabel:  protocols = UNLABELED CIPSOv4 CALIPSO
[    0.332043] NetLabel:  unlabeled traffic allowed by default
[    0.332947] clocksource: Switched to clocksource kvm-clock
[    0.342996] *** VALIDATE bpf ***
[    0.343055] VFS: Disk quotas dquot_6.6.0
[    0.343068] VFS: Dquot-cache hash table entries: 512 (order 0, 4096 bytes)
[    0.343090] *** VALIDATE ramfs ***
[    0.343093] *** VALIDATE hugetlbfs ***
[    0.343171] AppArmor: AppArmor Filesystem Enabled
[    0.343195] pnp: PnP ACPI init
[    0.343256] pnp 00:00: Plug and Play ACPI device, IDs PNP0303 (active)
[    0.343342] pnp 00:01: Plug and Play ACPI device, IDs PNP0f03 (active)
[    0.344082] pnp: PnP ACPI: found 2 devices
[    0.345028] thermal_sys: Registered thermal governor 'fair_share'
[    0.345028] thermal_sys: Registered thermal governor 'bang_bang'
[    0.345029] thermal_sys: Registered thermal governor 'step_wise'
[    0.345030] thermal_sys: Registered thermal governor 'user_space'
[    0.345030] thermal_sys: Registered thermal governor 'power_allocator'
[    0.349558] clocksource: acpi_pm: mask: 0xffffff max_cycles: 0xffffff, max_idle_ns: 2085701024 ns
[    0.349598] pci_bus 0000:00: resource 4 [io  0x0000-0x0cf7 window]
[    0.349599] pci_bus 0000:00: resource 5 [io  0x0d00-0xffff window]
[    0.349601] pci_bus 0000:00: resource 6 [mem 0x000a0000-0x000bffff window]
[    0.349602] pci_bus 0000:00: resource 7 [mem 0x80000000-0xfdffffff window]
[    0.349658] NET: Registered protocol family 2
[    0.349732] IP idents hash table entries: 32768 (order: 6, 262144 bytes, linear)
[    0.350137] MPTCP tokens hash table entries: 8192 (order: 4, 65536 bytes, linear)
[    0.350157] MPTCP request tokens hash table entries: 8192 (order: 4, 65536 bytes, linear)
[    0.350182] default registered
[    0.350183] default registered
[    0.350183] MPTCP: Stable release v0.96
[    0.350189] tcp_listen_portaddr_hash hash table entries: 1024 (order: 2, 16384 bytes, linear)
[    0.350268] TCP established hash table entries: 16384 (order: 5, 131072 bytes, linear)
[    0.350336] TCP bind hash table entries: 16384 (order: 6, 262144 bytes, linear)
[    0.350361] TCP: Hash tables configured (established 16384 bind 16384)
[    0.350810] UDP hash table entries: 1024 (order: 3, 32768 bytes, linear)
[    0.350821] UDP-Lite hash table entries: 1024 (order: 3, 32768 bytes, linear)
[    0.350855] NET: Registered protocol family 1
[    0.350863] NET: Registered protocol family 44
[    0.350883] pci 0000:00:00.0: Limiting direct PCI/PCI transfers
[    0.350895] pci 0000:00:01.0: Activating ISA DMA hang workarounds
[    0.350966] pci 0000:00:02.0: Video device with shadowed ROM at [mem 0x000c0000-0x000dffff]
[    0.351028] PCI: CLS 0 bytes, default 64
[    0.351102] Trying to unpack rootfs image as initramfs...
[    0.503960] Freeing initrd memory: 47868K
[    0.503960] clocksource: tsc: mask: 0xffffffffffffffff max_cycles: 0x1e4530a99b6, max_idle_ns: 440795257976 ns
[    0.503960] clocksource: Switched to clocksource tsc
[    0.503960] platform rtc_cmos: registered platform RTC device (no PNP device found)
[    0.503960] check: Scanning for low memory corruption every 60 seconds
[    0.503960] Initialise system trusted keyrings
[    0.503960] Key type blacklist registered
[    0.503960] workingset: timestamp_bits=36 max_order=19 bucket_order=0
[    0.503960] zbud: loaded
[    0.503960] squashfs: version 4.0 (2009/01/31) Phillip Lougher
[    0.503960] fuse: init (API version 7.31)
[    0.503960] *** VALIDATE fuse ***
[    0.503960] *** VALIDATE fuse ***
[    0.503960] Platform Keyring initialized
[    0.519079] Key type asymmetric registered
[    0.519080] Asymmetric key parser 'x509' registered
[    0.519091] Block layer SCSI generic (bsg) driver version 0.4 loaded (major 244)
[    0.519125] io scheduler mq-deadline registered
[    0.519252] shpchp: Standard Hot Plug PCI Controller Driver version: 0.4
[    0.519465] ACPI: AC Adapter [AC] (on-line)
[    0.519510] input: Power Button as /devices/LNXSYSTM:00/LNXPWRBN:00/input/input0
[    0.519541] ACPI: Power Button [PWRF]
[    0.519616] input: Sleep Button as /devices/LNXSYSTM:00/LNXSLPBN:00/input/input1
[    0.519648] ACPI: Sleep Button [SLPF]
[    0.519873] Serial: 8250/16550 driver, 32 ports, IRQ sharing enabled
[    0.521043] Linux agpgart interface v0.103
[    0.611081] loop: module loaded
[    0.611211] ata_piix 0000:00:01.1: version 2.13
[    0.611601] scsi host0: ata_piix
[    0.611686] scsi host1: ata_piix
[    0.611712] ata1: PATA max UDMA/33 cmd 0x1f0 ctl 0x3f6 bmdma 0xd000 irq 14
[    0.611713] ata2: PATA max UDMA/33 cmd 0x170 ctl 0x376 bmdma 0xd008 irq 15
[    0.611786] tun: Universal TUN/TAP device driver, 1.6
[    0.612087] PPP generic driver version 2.4.2
[    0.612127] VFIO - User Level meta-driver version: 0.3
[    0.612354] ehci_hcd: USB 2.0 'Enhanced' Host Controller (EHCI) Driver
[    0.612359] ehci-pci: EHCI PCI platform driver
[    0.612371] ehci-platform: EHCI generic platform driver
[    0.612376] ohci_hcd: USB 1.1 'Open' Host Controller (OHCI) Driver
[    0.612377] ohci-pci: OHCI PCI platform driver
[    0.612384] ohci-platform: OHCI generic platform driver
[    0.612389] uhci_hcd: USB Universal Host Controller Interface driver
[    0.612448] i8042: PNP: PS/2 Controller [PNP0303:PS2K,PNP0f03:PS2M] at 0x60,0x64 irq 1,12
[    0.612888] serio: i8042 KBD port at 0x60,0x64 irq 1
[    0.612891] serio: i8042 AUX port at 0x60,0x64 irq 12
[    0.612973] mousedev: PS/2 mouse device common for all mice
[    0.613219] input: AT Translated Set 2 keyboard as /devices/platform/i8042/serio0/input/input2
[    0.613623] rtc_cmos rtc_cmos: registered as rtc0
[    0.613636] rtc_cmos rtc_cmos: alarms up to one day, 114 bytes nvram
[    0.613641] i2c /dev entries driver
[    0.613680] device-mapper: uevent: version 1.0.3
[    0.613722] device-mapper: ioctl: 4.41.0-ioctl (2019-09-16) initialised: dm-devel@redhat.com
[    0.613737] platform eisa.0: Probing EISA bus 0
[    0.613738] platform eisa.0: EISA: Cannot allocate resource for mainboard
[    0.613739] platform eisa.0: Cannot allocate resource for EISA slot 1
[    0.613740] platform eisa.0: Cannot allocate resource for EISA slot 2
[    0.613741] platform eisa.0: Cannot allocate resource for EISA slot 3
[    0.613742] platform eisa.0: Cannot allocate resource for EISA slot 4
[    0.613743] platform eisa.0: Cannot allocate resource for EISA slot 5
[    0.613744] platform eisa.0: Cannot allocate resource for EISA slot 6
[    0.613745] platform eisa.0: Cannot allocate resource for EISA slot 7
[    0.613746] platform eisa.0: Cannot allocate resource for EISA slot 8
[    0.613747] platform eisa.0: EISA: Detected 0 cards
[    0.613750] intel_pstate: CPU model not supported
[    0.613758] ledtrig-cpu: registered to indicate activity on CPUs
[    0.613805] drop_monitor: Initializing network drop monitor service
[    0.613963] NET: Registered protocol family 10
[    0.618959] Segment Routing with IPv6
[    0.618987] fullmesh registered
[    0.618988] ndiffports registered
[    0.618990] binder registered
[    0.618991] roundrobin registered
[    0.618991] redundant registered
[    0.618992] blest registered
[    0.618992] ecf registered
[    0.618994] NET: Registered protocol family 17
[    0.619023] Key type dns_resolver registered
[    0.619118] RAS: Correctable Errors collector initialized.
[    0.619131] IPI shorthand broadcast: enabled
[    0.619143] sched_clock: Marking stable (604149248, 11039762)->(617801905, -2612895)
[    0.619187] registered taskstats version 1
[    0.619195] Loading compiled-in X.509 certificates
[    0.619780] Loaded X.509 cert 'Build time autogenerated kernel key: 6909f3744cebb3d0de528d5887b96a727de79b1e'
[    0.619796] zswap: loaded using pool lzo/zbud
[    0.619848] Key type ._fscrypt registered
[    0.619849] Key type .fscrypt registered
[    0.624294] Key type big_key registered
[    0.626493] Key type encrypted registered
[    0.626496] AppArmor: AppArmor sha1 policy hashing enabled
[    0.626502] ima: No TPM chip found, activating TPM-bypass!
[    0.626506] ima: Allocated hash algorithm: sha1
[    0.626510] ima: No architecture policies found
[    0.626519] evm: Initialising EVM extended attributes:
[    0.626520] evm: security.selinux
[    0.626520] evm: security.SMACK64
[    0.626521] evm: security.SMACK64EXEC
[    0.626521] evm: security.SMACK64TRANSMUTE
[    0.626522] evm: security.SMACK64MMAP
[    0.626522] evm: security.apparmor
[    0.626523] evm: security.ima
[    0.626523] evm: security.capability
[    0.626524] evm: HMAC attrs: 0x1
[    0.626808] PM:   Magic number: 10:246:340
[    0.626913] rtc_cmos rtc_cmos: setting system clock to 2026-01-16T17:19:20 UTC (1768583960)
[    0.785295] ata1.00: ATA-6: VBOX HARDDISK, 1.0, max UDMA/133
[    0.785299] ata1.00: 209715200 sectors, multi 128: LBA 
[    0.786084] scsi 0:0:0:0: Direct-Access     ATA      VBOX HARDDISK    1.0  PQ: 0 ANSI: 5
[    0.786418] sd 0:0:0:0: [sda] 209715200 512-byte logical blocks: (107 GB/100 GiB)
[    0.786434] sd 0:0:0:0: [sda] Write Protect is off
[    0.786438] sd 0:0:0:0: [sda] Mode Sense: 00 3a 00 00
[    0.786465] sd 0:0:0:0: [sda] Write cache: enabled, read cache: enabled, doesn't support DPO or FUA
[    0.786721] sd 0:0:0:0: Attached scsi generic sg0 type 0
[    0.787769]  sda: sda1 sda2
[    0.799369] sd 0:0:0:0: [sda] Attached SCSI disk
[    0.803934] Freeing unused decrypted memory: 2040K
[    0.805103] Freeing unused kernel image memory: 2728K
[    0.805107] Write protecting the kernel read-only data: 22528k
[    0.806374] Freeing unused kernel image memory: 2036K
[    0.807049] Freeing unused kernel image memory: 1432K
[    0.840315] x86/mm: Checked W+X mappings: passed, no W+X pages found.
[    0.840320] Run /init as init process
[    0.950505] ACPI: Video Device [GFX0] (multi-head: yes  rom: no  post: no)
[    0.950572] input: Video Bus as /devices/LNXSYSTM:00/LNXSYBUS:00/PNP0A03:00/LNXVIDEO:00/input/input4
[    0.961525] pcnet32: pcnet32.c:v1.35 21.Apr.2008 tsbogend@alpha.franken.de
[    0.964670] piix4_smbus 0000:00:07.0: SMBus Host Controller at 0x4100, revision 0
[    0.965425] pcnet32: PCnet/FAST III 79C973 at 0xd020, 08:00:27:56:3f:c8 assigned IRQ 19
[    0.965468] pcnet32: Found PHY 0022:561b at address 0
[    0.965791] pcnet32: eth0: registered as PCnet/FAST III 79C973
[    0.968602] e1000: Intel(R) PRO/1000 Network Driver - version 7.3.21-k8-NAPI
[    0.968603] e1000: Copyright (c) 1999-2006 Intel Corporation.
[    0.980102] pcnet32: 1 cards_found
[    1.033955] pcnet32 0000:00:03.0 enp0s3: renamed from eth0
[    1.180925] input: ImExPS/2 Generic Explorer Mouse as /devices/platform/i8042/serio1/input/input5
[    1.375277] e1000 0000:00:08.0 eth0: (PCI:33MHz:32-bit) 08:00:27:cb:76:73
[    1.375280] e1000 0000:00:08.0 eth0: Intel(R) PRO/1000 Network Connection
[    1.759687] e1000 0000:00:09.0 eth1: (PCI:33MHz:32-bit) 08:00:27:a7:15:58
[    1.759690] e1000 0000:00:09.0 eth1: Intel(R) PRO/1000 Network Connection
[    1.761032] e1000 0000:00:09.0 enp0s9: renamed from eth1
[    1.763042] e1000 0000:00:08.0 enp0s8: renamed from eth0
[    1.906871] EXT4-fs (sda2): mounted filesystem with ordered data mode. Opts: (null)
[    1.992599] systemd[1]: Inserted module 'autofs4'
[    2.004366] systemd[1]: systemd 245.4-4ubuntu3 running in system mode. (+PAM +AUDIT +SELINUX +IMA +APPARMOR +SMACK +SYSVINIT +UTMP +LIBCRYPTSETUP +GCRYPT +GNUTLS +ACL +XZ +LZ4 +SECCOMP +BLKID +ELFUTILS +KMOD +IDN2 -IDN +PCRE2 default-hierarchy=hybrid)
[    2.004397] systemd[1]: Detected virtualization oracle.
[    2.004400] systemd[1]: Detected architecture x86-64.
[    2.005690] systemd[1]: Set hostname to <ztg>.
[    2.131657] systemd[1]: /lib/systemd/system/dbus.socket:5: ListenStream= references a path below legacy directory /var/run/, updating /var/run/dbus/system_bus_socket â†’ /run/dbus/system_bus_socket; please update the unit file accordingly.
[    2.184617] systemd[1]: Created slice system-modprobe.slice.
[    2.184802] systemd[1]: Created slice User and Session Slice.
[    2.184844] systemd[1]: Started Forward Password Requests to Wall Directory Watch.
[    2.185001] systemd[1]: Set up automount Arbitrary Executable File Formats File System Automount Point.
[    2.185033] systemd[1]: Reached target User and Group Name Lookups.
[    2.185043] systemd[1]: Reached target Remote File Systems.
[    2.185050] systemd[1]: Reached target Slices.
[    2.185785] systemd[1]: Listening on Syslog Socket.
[    2.185852] systemd[1]: Listening on fsck to fsckd communication Socket.
[    2.185890] systemd[1]: Listening on initctl Compatibility Named Pipe.
[    2.186043] systemd[1]: Listening on Journal Audit Socket.
[    2.186095] systemd[1]: Listening on Journal Socket (/dev/log).
[    2.186162] systemd[1]: Listening on Journal Socket.
[    2.186225] systemd[1]: Listening on udev Control Socket.
[    2.186264] systemd[1]: Listening on udev Kernel Socket.
[    2.186992] systemd[1]: Mounting Huge Pages File System...
[    2.187913] systemd[1]: Mounting POSIX Message Queue File System...
[    2.188791] systemd[1]: Mounting Kernel Debug File System...
[    2.189663] systemd[1]: Mounting Kernel Trace File System...
[    2.191593] systemd[1]: Starting Journal Service...
[    2.213197] systemd[1]: Starting Set the console keyboard layout...
[    2.221031] systemd[1]: Starting Create list of static device nodes for the current kernel...
[    2.222829] systemd[1]: Starting Load Kernel Module drm...
[    2.223848] systemd[1]: Condition check resulted in Set Up Additional Binary Formats being skipped.
[    2.223890] systemd[1]: Condition check resulted in File System Check on Root Device being skipped.
[    2.235786] systemd[1]: Starting Load Kernel Modules...
[    2.242794] systemd[1]: Starting Remount Root and Kernel File Systems...
[    2.248407] systemd[1]: Starting udev Coldplug all Devices...
[    2.271998] systemd[1]: Starting Uncomplicated firewall...
[    2.274428] systemd[1]: Mounted Huge Pages File System.
[    2.274535] systemd[1]: Mounted POSIX Message Queue File System.
[    2.274608] systemd[1]: Mounted Kernel Debug File System.
[    2.274679] systemd[1]: Mounted Kernel Trace File System.
[    2.276744] EXT4-fs (sda2): re-mounted. Opts: errors=remount-ro
[    2.296342] systemd[1]: Finished Create list of static device nodes for the current kernel.
[    2.297436] systemd[1]: modprobe@drm.service: Succeeded.
[    2.297865] systemd[1]: Finished Load Kernel Module drm.
[    2.304509] systemd[1]: Finished Remount Root and Kernel File Systems.
[    2.305532] systemd[1]: Finished Uncomplicated firewall.
[    2.307333] lp: driver loaded but no devices found
[    2.325625] systemd[1]: Condition check resulted in Rebuild Hardware Database being skipped.
[    2.325664] systemd[1]: Condition check resulted in Platform Persistent Storage Archival being skipped.
[    2.326367] systemd[1]: Starting Load/Save Random Seed...
[    2.331523] systemd[1]: Starting Create System Users...
[    2.337084] ppdev: user-space parallel port driver
[    2.346187] systemd[1]: Finished Load/Save Random Seed.
[    2.355933] systemd[1]: Finished Create System Users.
[    2.356657] systemd[1]: Starting Create Static Device Nodes in /dev...
[    2.398403] systemd[1]: Finished Create Static Device Nodes in /dev.
[    2.399232] systemd[1]: Starting udev Kernel Device Manager...
[    2.415784] [drm] DMA map mode: Caching DMA mappings.
[    2.415846] [drm] Capabilities:
[    2.415847] [drm]   Rect copy.
[    2.415847] [drm]   Cursor.
[    2.415847] [drm]   Cursor bypass.
[    2.415848] [drm]   Cursor bypass 2.
[    2.415848] [drm]   Alpha cursor.
[    2.415848] [drm]   Extended Fifo.
[    2.415849] [drm]   Pitchlock.
[    2.415849] [drm]   Irq mask.
[    2.415849] [drm]   GMR.
[    2.415850] [drm]   Traces.
[    2.415850] [drm]   GMR2.
[    2.415850] [drm]   Screen Object 2.
[    2.415851] [drm]   Command Buffers.
[    2.415851] [drm]   Command Buffers 2.
[    2.415851] [drm]   Guest Backed Resources.
[    2.415852] [drm] Max GMR ids is 8192
[    2.415853] [drm] Max number of GMR pages is 1048576
[    2.415853] [drm] Max dedicated hypervisor surface memory is 393216 kiB
[    2.415854] [drm] Maximum display memory size is 131072 kiB
[    2.415855] [drm] VRAM at 0xe0000000 size is 131072 kiB
[    2.415855] [drm] MMIO at 0xf0000000 size is 2048 kiB
[    2.417877] systemd[1]: Finished udev Coldplug all Devices.
[    2.418213] [TTM] Zone  kernel: Available graphics memory: 1011738 KiB
[    2.418214] [TTM] Initializing pool allocator
[    2.418217] [TTM] Initializing DMA pool allocator
[    2.418246] [drm] Supports vblank timestamp caching Rev 2 (21.10.2013).
[    2.418247] [drm] No driver support for vblank timestamp query.
[    2.418613] [drm] Screen Target Display device initialized
[    2.418808] [drm] width 720
[    2.418818] [drm] height 400
[    2.418821] [drm] bpp 32
[    2.419148] [drm] Fifo max 0x00200000 min 0x00001000 cap 0x00000355
[    2.420262] [drm] Using command buffers with DMA pool.
[    2.420265] [drm] DX: no.
[    2.420266] [drm] Atomic: yes.
[    2.420266] [drm] SM4_1: no.
[    2.420285] [drm:vmw_host_log [vmwgfx]] *ERROR* Failed to send host log message.
[    2.421196] [drm:vmw_host_log [vmwgfx]] *ERROR* Failed to send host log message.
[    2.468454] fbcon: svgadrmfb (fb0) is primary device
[    2.470541] Console: switching to colour frame buffer device 100x37
[    2.479186] [drm] Initialized vmwgfx 2.15.0 20180704 for 0000:00:02.0 on minor 0
[    2.480191] systemd[1]: Finished Load Kernel Modules.
[    2.481144] systemd[1]: Mounting FUSE Control File System...
[    2.482571] systemd[1]: Mounting Kernel Configuration File System...
[    2.490854] systemd[1]: Starting Apply Kernel Variables...
[    2.519407] systemd[1]: Finished Set the console keyboard layout.
[    2.520144] systemd[1]: Mounted FUSE Control File System.
[    2.520220] systemd[1]: Reached target Local File Systems (Pre).
[    2.520246] systemd[1]: Condition check resulted in VMware vmblock fuse mount being skipped.
[    2.527735] systemd[1]: Mounting Mount unit for bare, revision 5...
[    2.532299] systemd[1]: Mounting Mount unit for core18, revision 1705...
[    2.543650] systemd[1]: Mounting Mount unit for gnome-3-34-1804, revision 24...
[    2.545734] systemd[1]: Mounting Mount unit for gtk-common-themes, revision 1506...
[    2.557275] systemd[1]: Mounting Mount unit for gtk-common-themes, revision 1535...
[    2.578827] systemd[1]: Mounting Mount unit for snap-store, revision 433...
[    2.584667] systemd[1]: Mounting Mount unit for snapd, revision 7264...
[    2.591703] systemd[1]: Mounted Kernel Configuration File System.
[    2.598451] systemd[1]: Finished Apply Kernel Variables.
[    2.601609] systemd[1]: Mounted Mount unit for bare, revision 5.
[    2.609371] systemd[1]: Mounted Mount unit for gnome-3-34-1804, revision 24.
[    2.617762] systemd[1]: Mounted Mount unit for core18, revision 1705.
[    2.641729] systemd[1]: Mounted Mount unit for gtk-common-themes, revision 1506.
[    2.643191] systemd[1]: Started udev Kernel Device Manager.
[    2.645173] systemd[1]: Starting Show Plymouth Boot Screen...
[    2.649250] systemd[1]: Received SIGRTMIN+20 from PID 281 (plymouthd).
[    2.671111] systemd[1]: Started Show Plymouth Boot Screen.
[    2.671275] systemd[1]: Condition check resulted in Dispatch Password Requests to Console Directory Watch being skipped.
[    2.671360] systemd[1]: Started Forward Password Requests to Plymouth Directory Watch.
[    2.671463] systemd[1]: Reached target Local Encrypted Volumes.
[    2.676693] systemd[1]: Mounted Mount unit for gtk-common-themes, revision 1535.
[    2.707292] systemd[1]: Mounted Mount unit for snap-store, revision 433.
[    2.707593] systemd[1]: Mounted Mount unit for snapd, revision 7264.
[    2.707799] systemd[1]: Reached target Local File Systems.
[    2.721603] systemd[1]: Starting Load AppArmor profiles...
[    2.722588] systemd[1]: Starting Set console font and keymap...
[    2.731783] systemd[1]: Starting Tell Plymouth To Write Out Runtime Data...
[    2.735824] systemd[1]: Condition check resulted in Store a System Token in an EFI Variable being skipped.
[    2.735874] systemd[1]: Condition check resulted in Commit a transient machine-id on disk being skipped.
[    2.738270] systemd[1]: Finished Set console font and keymap.
[    2.758731] systemd[1]: Received SIGRTMIN+20 from PID 281 (plymouthd).
[    2.760032] systemd[1]: plymouth-read-write.service: Succeeded.
[    2.760258] systemd[1]: Finished Tell Plymouth To Write Out Runtime Data.
[    2.774938] audit: type=1400 audit(1768583962.644:2): apparmor="STATUS" operation="profile_load" profile="unconfined" name="nvidia_modprobe" pid=300 comm="apparmor_parser"
[    2.774941] audit: type=1400 audit(1768583962.644:3): apparmor="STATUS" operation="profile_load" profile="unconfined" name="nvidia_modprobe//kmod" pid=300 comm="apparmor_parser"
[    2.781661] audit: type=1400 audit(1768583962.652:4): apparmor="STATUS" operation="profile_load" profile="unconfined" name="/usr/sbin/tcpdump" pid=301 comm="apparmor_parser"
[    2.824093] audit: type=1400 audit(1768583962.684:5): apparmor="STATUS" operation="profile_load" profile="unconfined" name="/usr/bin/evince" pid=303 comm="apparmor_parser"
[    2.824095] audit: type=1400 audit(1768583962.684:6): apparmor="STATUS" operation="profile_load" profile="unconfined" name="/usr/bin/evince//sanitized_helper" pid=303 comm="apparmor_parser"
[    2.824097] audit: type=1400 audit(1768583962.684:7): apparmor="STATUS" operation="profile_load" profile="unconfined" name="/usr/bin/evince-previewer" pid=303 comm="apparmor_parser"
[    2.824099] audit: type=1400 audit(1768583962.684:8): apparmor="STATUS" operation="profile_load" profile="unconfined" name="/usr/bin/evince-previewer//sanitized_helper" pid=303 comm="apparmor_parser"
[    2.824101] audit: type=1400 audit(1768583962.684:9): apparmor="STATUS" operation="profile_load" profile="unconfined" name="/usr/bin/evince-thumbnailer" pid=303 comm="apparmor_parser"
[    2.838661] audit: type=1400 audit(1768583962.708:10): apparmor="STATUS" operation="profile_load" profile="unconfined" name="/usr/lib/cups/backend/cups-pdf" pid=304 comm="apparmor_parser"
[    2.918574] systemd[1]: Finished Load AppArmor profiles.
[    2.919580] systemd[1]: Starting Load AppArmor profiles managed internally by snapd...
[    2.985475] systemd[1]: Finished Load AppArmor profiles managed internally by snapd.
[    3.169343] systemd[1]: Started Journal Service.
[    3.175994] systemd-journald[229]: Received client request to flush runtime journal.
[    3.181901] systemd-journald[229]: File /var/log/journal/c455b248004a419c87ce85eea238d727/system.journal corrupted or uncleanly shut down, renaming and replacing.
[    4.483837] RAPL PMU: API unit is 2^-32 Joules, 0 fixed counters, 10737418240 ms ovfl timer
[    4.532624] cryptd: max_cpu_qlen set to 1000
[    4.585792] AVX2 version of gcm_enc/dec engaged.
[    4.585793] AES CTR mode by8 optimization enabled
[    5.340583] Adding 1998844k swap on /dev/sda1.  Priority:-2 extents:1 across:1998844k FS
[    6.912993] kauditd_printk_skb: 30 callbacks suppressed
[    6.912994] audit: type=1400 audit(1768583966.784:41): apparmor="DENIED" operation="capable" profile="/usr/sbin/cups-browsed" pid=497 comm="cups-browsed" capability=23  capname="sys_nice"
[    7.506386] pcnet32 0000:00:03.0 enp0s3: link up, 100Mbps, full-duplex
[    7.542898] e1000: enp0s8 NIC Link is Up 1000 Mbps Full Duplex, Flow Control: RX
[    7.543196] IPv6: ADDRCONF(NETDEV_CHANGE): enp0s8: link becomes ready
[    7.555914] e1000: enp0s9 NIC Link is Up 1000 Mbps Full Duplex, Flow Control: RX
[    7.556201] IPv6: ADDRCONF(NETDEV_CHANGE): enp0s9: link becomes ready
[    8.089821] device enp0s3 entered promiscuous mode
[    8.115286] audit: type=1400 audit(1768583967.980:42): apparmor="DENIED" operation="open" profile="/usr/sbin/tcpdump" name="/proc/sys/kernel/random/boot_id" pid=695 comm="tcpdump" requested_mask="r" denied_mask="r" fsuid=0 ouid=0
[    8.115536] audit: type=1400 audit(1768583967.980:43): apparmor="DENIED" operation="open" profile="/usr/sbin/tcpdump" name="/proc/sys/kernel/random/boot_id" pid=695 comm="tcpdump" requested_mask="r" denied_mask="r" fsuid=0 ouid=0
[    8.116865] audit: type=1400 audit(1768583967.980:44): apparmor="DENIED" operation="open" profile="/usr/sbin/tcpdump" name="/proc/sys/kernel/random/boot_id" pid=695 comm="tcpdump" requested_mask="r" denied_mask="r" fsuid=0 ouid=0
[    8.116934] audit: type=1400 audit(1768583967.980:45): apparmor="DENIED" operation="open" profile="/usr/sbin/tcpdump" name="/proc/sys/kernel/random/boot_id" pid=695 comm="tcpdump" requested_mask="r" denied_mask="r" fsuid=0 ouid=0
[    8.121089] audit: type=1400 audit(1768583967.992:46): apparmor="DENIED" operation="open" profile="/usr/sbin/tcpdump" name="/proc/sys/kernel/random/boot_id" pid=696 comm="tcpdump" requested_mask="r" denied_mask="r" fsuid=0 ouid=0
[    8.121271] audit: type=1400 audit(1768583967.992:47): apparmor="DENIED" operation="open" profile="/usr/sbin/tcpdump" name="/proc/sys/kernel/random/boot_id" pid=696 comm="tcpdump" requested_mask="r" denied_mask="r" fsuid=0 ouid=0
[    8.121309] audit: type=1400 audit(1768583967.992:48): apparmor="DENIED" operation="open" profile="/usr/sbin/tcpdump" name="/proc/sys/kernel/random/boot_id" pid=696 comm="tcpdump" requested_mask="r" denied_mask="r" fsuid=0 ouid=0
[    8.121555] audit: type=1400 audit(1768583967.992:49): apparmor="DENIED" operation="open" profile="/usr/sbin/tcpdump" name="/proc/sys/kernel/random/boot_id" pid=696 comm="tcpdump" requested_mask="r" denied_mask="r" fsuid=0 ouid=0
[   12.481343] rfkill: input handler disabled
[  259.707842] AAAAA-TCP_FORW: name:enp0s3: saddr:33561200: daddr:100932208
[  259.795940] AAAAA-TCP_FORW: name:enp0s3: saddr:33561200: daddr:100932208
[  260.091284] AAAAA-TCP_FORW: name:enp0s3: saddr:33561200: daddr:100932208
[  260.186805] AAAAA-TCP_FORW: name:enp0s3: saddr:33561200: daddr:100932208
[  260.408273] AAAAA-TCP_FORW: name:enp0s3: saddr:33561200: daddr:100932208
[  260.614675] AAAAA-TCP_FORW: name:enp0s3: saddr:33561200: daddr:100932208
[  552.037235] rfkill: input handler enabled
[  561.510757] rfkill: input handler disabled
[  906.949153] device enp0s3 left promiscuous mode
