[    0.000000] Linux version 5.4.243-mptcp (root@ztg) (gcc version 12.2.0 (Debian 12.2.0-14+deb12u1)) #53 SMP Wed Dec 24 23:28:15 CST 2025
[    0.000000] Command line: BOOT_IMAGE=/boot/vmlinuz-5.4.243-mptcp root=UUID=98415a12-53b7-4144-8265-0f7ece09e445 ro quiet splash
[    0.000000] KERNEL supported cpus:
[    0.000000]   Intel GenuineIntel
[    0.000000]   AMD AuthenticAMD
[    0.000000]   Hygon HygonGenuine
[    0.000000]   Centaur CentaurHauls
[    0.000000]   zhaoxin   Shanghai  
[    0.000000] x86/fpu: Supporting XSAVE feature 0x001: 'x87 floating point registers'
[    0.000000] x86/fpu: Supporting XSAVE feature 0x002: 'SSE registers'
[    0.000000] x86/fpu: Supporting XSAVE feature 0x004: 'AVX registers'
[    0.000000] x86/fpu: xstate_offset[2]:  576, xstate_sizes[2]:  256
[    0.000000] x86/fpu: Enabled xstate features 0x7, context size is 832 bytes, using 'standard' format.
[    0.000000] BIOS-provided physical RAM map:
[    0.000000] BIOS-e820: [mem 0x0000000000000000-0x000000000009fbff] usable
[    0.000000] BIOS-e820: [mem 0x000000000009fc00-0x000000000009ffff] reserved
[    0.000000] BIOS-e820: [mem 0x00000000000f0000-0x00000000000fffff] reserved
[    0.000000] BIOS-e820: [mem 0x0000000000100000-0x000000007ffeffff] usable
[    0.000000] BIOS-e820: [mem 0x000000007fff0000-0x000000007fffffff] ACPI data
[    0.000000] BIOS-e820: [mem 0x00000000fec00000-0x00000000fec00fff] reserved
[    0.000000] BIOS-e820: [mem 0x00000000fee00000-0x00000000fee00fff] reserved
[    0.000000] BIOS-e820: [mem 0x00000000fffc0000-0x00000000ffffffff] reserved
[    0.000000] NX (Execute Disable) protection: active
[    0.000000] SMBIOS 2.5 present.
[    0.000000] DMI: innotek GmbH VirtualBox/VirtualBox, BIOS VirtualBox 12/01/2006
[    0.000000] Hypervisor detected: KVM
[    0.000000] kvm-clock: Using msrs 4b564d01 and 4b564d00
[    0.000000] kvm-clock: cpu 0, msr 3de01001, primary cpu clock
[    0.000000] kvm-clock: using sched offset of 4465875549 cycles
[    0.000003] clocksource: kvm-clock: mask: 0xffffffffffffffff max_cycles: 0x1cd42e4dffb, max_idle_ns: 881590591483 ns
[    0.000006] tsc: Detected 2100.000 MHz processor
[    0.001891] e820: update [mem 0x00000000-0x00000fff] usable ==> reserved
[    0.001893] e820: remove [mem 0x000a0000-0x000fffff] usable
[    0.001897] last_pfn = 0x7fff0 max_arch_pfn = 0x400000000
[    0.001966] MTRR default type: uncachable
[    0.001967] MTRR fixed ranges enabled:
[    0.001968]   00000-9FFFF write-back
[    0.001969]   A0000-BFFFF uncachable
[    0.001970]   C0000-FFFFF write-protect
[    0.001970] MTRR variable ranges enabled:
[    0.001972]   0 base 000000000000 mask 3FFF80000000 write-back
[    0.001973]   1 disabled
[    0.001973]   2 disabled
[    0.001973]   3 disabled
[    0.001974]   4 disabled
[    0.001974]   5 disabled
[    0.001975]   6 disabled
[    0.001975]   7 disabled
[    0.001975]   8 disabled
[    0.001976]   9 disabled
[    0.001976]   10 disabled
[    0.001977]   11 disabled
[    0.001977]   12 disabled
[    0.001978]   13 disabled
[    0.001978]   14 disabled
[    0.001979]   15 disabled
[    0.001995] x86/PAT: Configuration [0-7]: WB  WC  UC- UC  WB  WP  UC- WT  
[    0.002131] found SMP MP-table at [mem 0x0009fff0-0x0009ffff]
[    0.091628] check: Scanning 1 areas for low memory corruption
[    0.091747] RAMDISK: [mem 0x32271000-0x3512ffff]
[    0.091755] ACPI: Early table checksum verification disabled
[    0.091760] ACPI: RSDP 0x00000000000E0000 000024 (v02 VBOX  )
[    0.091765] ACPI: XSDT 0x000000007FFF0030 00003C (v01 VBOX   VBOXXSDT 00000001 ASL  00000061)
[    0.091771] ACPI: FACP 0x000000007FFF00F0 0000F4 (v04 VBOX   VBOXFACP 00000001 ASL  00000061)
[    0.091778] ACPI: DSDT 0x000000007FFF02E0 002353 (v02 VBOX   VBOXBIOS 00000002 VBOX 00029BF3)
[    0.091782] ACPI: FACS 0x000000007FFF0200 000040
[    0.091785] ACPI: FACS 0x000000007FFF0200 000040
[    0.091789] ACPI: APIC 0x000000007FFF0240 000054 (v02 VBOX   VBOXAPIC 00000001 ASL  00000061)
[    0.091792] ACPI: SSDT 0x000000007FFF02A0 000038 (v01 VBOX   VBOXCPUT 00000002 VBOX 00029BF3)
[    0.091795] ACPI: Reserving FACP table memory at [mem 0x7fff00f0-0x7fff01e3]
[    0.091796] ACPI: Reserving DSDT table memory at [mem 0x7fff02e0-0x7fff2632]
[    0.091797] ACPI: Reserving FACS table memory at [mem 0x7fff0200-0x7fff023f]
[    0.091798] ACPI: Reserving FACS table memory at [mem 0x7fff0200-0x7fff023f]
[    0.091798] ACPI: Reserving APIC table memory at [mem 0x7fff0240-0x7fff0293]
[    0.091799] ACPI: Reserving SSDT table memory at [mem 0x7fff02a0-0x7fff02d7]
[    0.091813] ACPI: Local APIC address 0xfee00000
[    0.092003] No NUMA configuration found
[    0.092004] Faking a node at [mem 0x0000000000000000-0x000000007ffeffff]
[    0.092014] NODE_DATA(0) allocated [mem 0x7ffc5000-0x7ffeffff]
[    0.092298] Zone ranges:
[    0.092299]   DMA      [mem 0x0000000000001000-0x0000000000ffffff]
[    0.092300]   DMA32    [mem 0x0000000001000000-0x000000007ffeffff]
[    0.092301]   Normal   empty
[    0.092301]   Device   empty
[    0.092302] Movable zone start for each node
[    0.092304] Early memory node ranges
[    0.092305]   node   0: [mem 0x0000000000001000-0x000000000009efff]
[    0.092306]   node   0: [mem 0x0000000000100000-0x000000007ffeffff]
[    0.092309] Zeroed struct page in unavailable ranges: 114 pages
[    0.092310] Initmem setup node 0 [mem 0x0000000000001000-0x000000007ffeffff]
[    0.092311] On node 0 totalpages: 524174
[    0.092312]   DMA zone: 64 pages used for memmap
[    0.092313]   DMA zone: 21 pages reserved
[    0.092314]   DMA zone: 3998 pages, LIFO batch:0
[    0.092386]   DMA32 zone: 8128 pages used for memmap
[    0.092386]   DMA32 zone: 520176 pages, LIFO batch:63
[    0.101262] ACPI: PM-Timer IO Port: 0x4008
[    0.101266] ACPI: Local APIC address 0xfee00000
[    0.101337] IOAPIC[0]: apic_id 1, version 32, address 0xfec00000, GSI 0-23
[    0.101340] ACPI: INT_SRC_OVR (bus 0 bus_irq 0 global_irq 2 dfl dfl)
[    0.101342] ACPI: INT_SRC_OVR (bus 0 bus_irq 9 global_irq 9 low level)
[    0.101344] ACPI: IRQ0 used by override.
[    0.101345] ACPI: IRQ9 used by override.
[    0.101348] Using ACPI (MADT) for SMP configuration information
[    0.101355] smpboot: Allowing 1 CPUs, 0 hotplug CPUs
[    0.101378] PM: Registered nosave memory: [mem 0x00000000-0x00000fff]
[    0.101379] PM: Registered nosave memory: [mem 0x0009f000-0x0009ffff]
[    0.101380] PM: Registered nosave memory: [mem 0x000a0000-0x000effff]
[    0.101380] PM: Registered nosave memory: [mem 0x000f0000-0x000fffff]
[    0.101382] [mem 0x80000000-0xfebfffff] available for PCI devices
[    0.101383] Booting paravirtualized kernel on KVM
[    0.101386] clocksource: refined-jiffies: mask: 0xffffffff max_cycles: 0xffffffff, max_idle_ns: 7645519600211568 ns
[    0.101391] setup_percpu: NR_CPUS:8192 nr_cpumask_bits:1 nr_cpu_ids:1 nr_node_ids:1
[    0.102401] percpu: Embedded 60 pages/cpu s208896 r8192 d28672 u2097152
[    0.102405] pcpu-alloc: s208896 r8192 d28672 u2097152 alloc=1*2097152
[    0.102406] pcpu-alloc: [0] 0 
[    0.102434] Built 1 zonelists, mobility grouping on.  Total pages: 515961
[    0.102435] Policy zone: DMA32
[    0.102436] Kernel command line: BOOT_IMAGE=/boot/vmlinuz-5.4.243-mptcp root=UUID=98415a12-53b7-4144-8265-0f7ece09e445 ro quiet splash
[    0.103279] Dentry cache hash table entries: 262144 (order: 9, 2097152 bytes, linear)
[    0.103545] Inode-cache hash table entries: 131072 (order: 8, 1048576 bytes, linear)
[    0.103596] mem auto-init: stack:off, heap alloc:on, heap free:off
[    0.103599] Calgary: detecting Calgary via BIOS EBDA area
[    0.103600] Calgary: Unable to locate Rio Grande table in EBDA - bailing!
[    0.107649] Memory: 1967332K/2096696K available (14339K kernel code, 2398K rwdata, 4712K rodata, 2728K init, 17260K bss, 129364K reserved, 0K cma-reserved)
[    0.108574] SLUB: HWalign=64, Order=0-3, MinObjects=0, CPUs=1, Nodes=1
[    0.108590] ftrace: allocating 43186 entries in 169 pages
[    0.126930] rcu: Hierarchical RCU implementation.
[    0.126932] rcu: 	RCU restricting CPUs from NR_CPUS=8192 to nr_cpu_ids=1.
[    0.126933] 	Tasks RCU enabled.
[    0.126935] rcu: RCU calculated value of scheduler-enlistment delay is 25 jiffies.
[    0.126935] rcu: Adjusting geometry for rcu_fanout_leaf=16, nr_cpu_ids=1
[    0.129903] NR_IRQS: 524544, nr_irqs: 256, preallocated irqs: 16
[    0.130126] random: crng init done
[    0.139407] Console: colour VGA+ 80x25
[    0.139411] printk: console [tty0] enabled
[    0.139434] ACPI: Core revision 20190816
[    0.139580] APIC: Switch to symmetric I/O mode setup
[    0.139830] x2apic enabled
[    0.140068] Switched APIC routing to physical x2apic.
[    0.141209] ..TIMER: vector=0x30 apic1=0 pin1=2 apic2=-1 pin2=-1
[    0.141235] clocksource: tsc-early: mask: 0xffffffffffffffff max_cycles: 0x1e4530a99b6, max_idle_ns: 440795257976 ns
[    0.141241] Calibrating delay loop (skipped) preset value.. 4200.00 BogoMIPS (lpj=8400000)
[    0.141243] pid_max: default: 32768 minimum: 301
[    0.141272] LSM: Security Framework initializing
[    0.141281] Yama: becoming mindful.
[    0.141308] AppArmor: AppArmor initialized
[    0.141343] Mount-cache hash table entries: 4096 (order: 3, 32768 bytes, linear)
[    0.141347] Mountpoint-cache hash table entries: 4096 (order: 3, 32768 bytes, linear)
[    0.141358] *** VALIDATE tmpfs ***
[    0.141490] *** VALIDATE proc ***
[    0.141531] *** VALIDATE cgroup1 ***
[    0.141532] *** VALIDATE cgroup2 ***
[    0.141676] process: using mwait in idle threads
[    0.141681] Last level iTLB entries: 4KB 64, 2MB 8, 4MB 8
[    0.141682] Last level dTLB entries: 4KB 64, 2MB 0, 4MB 0, 1GB 4
[    0.141702] Spectre V1 : Mitigation: usercopy/swapgs barriers and __user pointer sanitization
[    0.141707] Spectre V2 : Mitigation: Retpolines
[    0.141708] Spectre V2 : Spectre v2 / SpectreRSB mitigation: Filling RSB on context switch
[    0.141708] Spectre V2 : Spectre v2 / SpectreRSB : Filling RSB on VMEXIT
[    0.141709] RETBleed: WARNING: Spectre v2 mitigation leaves CPU vulnerable to RETBleed attacks, data leaks possible!
[    0.142062] RETBleed: Vulnerable
[    0.142062] Speculative Store Bypass: Vulnerable
[    0.142067] TAA: Mitigation: TSX disabled
[    0.142067] MMIO Stale Data: Mitigation: Clear CPU buffers
[    0.146286] Freeing SMP alternatives memory: 40K
[    0.258532] smpboot: CPU0: Intel(R) Xeon(R) Silver 4216 CPU @ 2.10GHz (family: 0x6, model: 0x55, stepping: 0x7)
[    0.258679] Performance Events: unsupported p6 CPU model 85 no PMU driver, software events only.
[    0.258719] rcu: Hierarchical SRCU implementation.
[    0.259198] NMI watchdog: Perf NMI watchdog permanently disabled
[    0.259236] smp: Bringing up secondary CPUs ...
[    0.259237] smp: Brought up 1 node, 1 CPU
[    0.259238] smpboot: Max logical packages: 1
[    0.259239] smpboot: Total of 1 processors activated (4200.00 BogoMIPS)
[    0.260210] devtmpfs: initialized
[    0.260257] x86/mm: Memory block size: 128MB
[    0.260602] clocksource: jiffies: mask: 0xffffffff max_cycles: 0xffffffff, max_idle_ns: 7645041785100000 ns
[    0.260608] futex hash table entries: 256 (order: 2, 16384 bytes, linear)
[    0.260653] pinctrl core: initialized pinctrl subsystem
[    0.260754] PM: RTC time: 20:46:42, date: 2026-01-14
[    0.260861] NET: Registered protocol family 16
[    0.260934] audit: initializing netlink subsys (disabled)
[    0.261063] EISA bus registered
[    0.261065] cpuidle: using governor ladder
[    0.261065] cpuidle: using governor menu
[    0.261102] ACPI: bus type PCI registered
[    0.261103] acpiphp: ACPI Hot Plug PCI Controller Driver version: 0.5
[    0.261209] PCI: Using configuration type 1 for base access
[    0.261554] audit: type=2000 audit(1768394808.557:1): state=initialized audit_enabled=0 res=1
[    0.261632] HugeTLB registered 2.00 MiB page size, pre-allocated 0 pages
[    0.262447] ACPI: Added _OSI(Module Device)
[    0.262448] ACPI: Added _OSI(Processor Device)
[    0.262448] ACPI: Added _OSI(3.0 _SCP Extensions)
[    0.262449] ACPI: Added _OSI(Processor Aggregator Device)
[    0.262450] ACPI: Added _OSI(Linux-Dell-Video)
[    0.262451] ACPI: Added _OSI(Linux-Lenovo-NV-HDMI-Audio)
[    0.262452] ACPI: Added _OSI(Linux-HPI-Hybrid-Graphics)
[    0.264392] ACPI: 2 ACPI AML tables successfully acquired and loaded
[    0.265910] ACPI: Interpreter enabled
[    0.265921] ACPI: (supports S0 S5)
[    0.265922] ACPI: Using IOAPIC for interrupt routing
[    0.266128] PCI: Using host bridge windows from ACPI; if necessary, use "pci=nocrs" and report a bug
[    0.266234] ACPI: Enabled 2 GPEs in block 00 to 07
[    0.270991] ACPI: PCI Root Bridge [PCI0] (domain 0000 [bus 00-ff])
[    0.270996] acpi PNP0A03:00: _OSC: OS supports [ASPM ClockPM Segments MSI HPX-Type3]
[    0.271440] acpi PNP0A03:00: _OSC: not requesting OS control; OS requires [ExtendedConfig ASPM ClockPM MSI]
[    0.271448] acpi PNP0A03:00: fail to add MMCONFIG information, can't access extended PCI configuration space under this bridge.
[    0.271814] PCI host bridge to bus 0000:00
[    0.271816] pci_bus 0000:00: root bus resource [io  0x0000-0x0cf7 window]
[    0.271817] pci_bus 0000:00: root bus resource [io  0x0d00-0xffff window]
[    0.271818] pci_bus 0000:00: root bus resource [mem 0x000a0000-0x000bffff window]
[    0.271819] pci_bus 0000:00: root bus resource [mem 0x80000000-0xfdffffff window]
[    0.271821] pci_bus 0000:00: root bus resource [bus 00-ff]
[    0.271862] pci 0000:00:00.0: [8086:1237] type 00 class 0x060000
[    0.272806] pci 0000:00:01.0: [8086:7000] type 00 class 0x060100
[    0.273669] pci 0000:00:01.1: [8086:7111] type 00 class 0x01018a
[    0.274037] pci 0000:00:01.1: reg 0x20: [io  0xd000-0xd00f]
[    0.274190] pci 0000:00:01.1: legacy IDE quirk: reg 0x10: [io  0x01f0-0x01f7]
[    0.274191] pci 0000:00:01.1: legacy IDE quirk: reg 0x14: [io  0x03f6]
[    0.274192] pci 0000:00:01.1: legacy IDE quirk: reg 0x18: [io  0x0170-0x0177]
[    0.274193] pci 0000:00:01.1: legacy IDE quirk: reg 0x1c: [io  0x0376]
[    0.274720] pci 0000:00:02.0: [15ad:0405] type 00 class 0x030000
[    0.277318] pci 0000:00:02.0: reg 0x10: [io  0xd010-0xd01f]
[    0.281283] pci 0000:00:02.0: reg 0x14: [mem 0xe0000000-0xe7ffffff pref]
[    0.284254] pci 0000:00:02.0: reg 0x18: [mem 0xf0000000-0xf01fffff]
[    0.295807] pci 0000:00:03.0: [1022:2000] type 00 class 0x020000
[    0.296529] pci 0000:00:03.0: reg 0x10: [io  0xd020-0xd03f]
[    0.297187] pci 0000:00:03.0: reg 0x14: [mem 0xf0200000-0xf0200fff]
[    0.300322] pci 0000:00:04.0: [80ee:cafe] type 00 class 0x088000
[    0.301032] pci 0000:00:04.0: reg 0x10: [io  0xd040-0xd05f]
[    0.301351] pci 0000:00:04.0: reg 0x14: [mem 0xf0400000-0xf07fffff]
[    0.301966] pci 0000:00:04.0: reg 0x18: [mem 0xf0800000-0xf0803fff pref]
[    0.305699] pci 0000:00:07.0: [8086:7113] type 00 class 0x068000
[    0.309577] pci 0000:00:07.0: quirk: [io  0x4000-0x403f] claimed by PIIX4 ACPI
[    0.309586] pci 0000:00:07.0: quirk: [io  0x4100-0x410f] claimed by PIIX4 SMB
[    0.310194] pci 0000:00:08.0: [8086:100e] type 00 class 0x020000
[    0.310971] pci 0000:00:08.0: reg 0x10: [mem 0xf0820000-0xf083ffff]
[    0.312253] pci 0000:00:08.0: reg 0x18: [io  0xd060-0xd067]
[    0.315395] pci 0000:00:09.0: [8086:100e] type 00 class 0x020000
[    0.316099] pci 0000:00:09.0: reg 0x10: [mem 0xf0840000-0xf085ffff]
[    0.317237] pci 0000:00:09.0: reg 0x18: [io  0xd068-0xd06f]
[    0.326275] ACPI: PCI Interrupt Link [LNKA] (IRQs 5 9 10 *11)
[    0.326566] ACPI: PCI Interrupt Link [LNKB] (IRQs 5 9 *10 11)
[    0.326671] ACPI: PCI Interrupt Link [LNKC] (IRQs 5 *9 10 11)
[    0.326773] ACPI: PCI Interrupt Link [LNKD] (IRQs 5 9 10 *11)
[    0.327042] iommu: Default domain type: Translated 
[    0.327105] pci 0000:00:02.0: vgaarb: setting as boot VGA device
[    0.327107] pci 0000:00:02.0: vgaarb: VGA device added: decodes=io+mem,owns=io+mem,locks=none
[    0.327109] pci 0000:00:02.0: vgaarb: bridge control possible
[    0.327110] vgaarb: loaded
[    0.329419] SCSI subsystem initialized
[    0.329451] libata version 3.00 loaded.
[    0.329471] ACPI: bus type USB registered
[    0.329488] usbcore: registered new interface driver usbfs
[    0.329494] usbcore: registered new interface driver hub
[    0.329499] usbcore: registered new device driver usb
[    0.329526] pps_core: LinuxPPS API ver. 1 registered
[    0.329526] pps_core: Software ver. 5.3.6 - Copyright 2005-2007 Rodolfo Giometti <giometti@linux.it>
[    0.329528] PTP clock support registered
[    0.329564] EDAC MC: Ver: 3.0.0
[    0.329855] PCI: Using ACPI for IRQ routing
[    0.329857] PCI: pci_cache_line_size set to 64 bytes
[    0.330022] e820: reserve RAM buffer [mem 0x0009fc00-0x0009ffff]
[    0.330026] e820: reserve RAM buffer [mem 0x7fff0000-0x7fffffff]
[    0.330812] NetLabel: Initializing
[    0.330813] NetLabel:  domain hash size = 128
[    0.330813] NetLabel:  protocols = UNLABELED CIPSOv4 CALIPSO
[    0.330834] NetLabel:  unlabeled traffic allowed by default
[    0.331751] clocksource: Switched to clocksource kvm-clock
[    0.343866] *** VALIDATE bpf ***
[    0.343931] VFS: Disk quotas dquot_6.6.0
[    0.343945] VFS: Dquot-cache hash table entries: 512 (order 0, 4096 bytes)
[    0.343968] *** VALIDATE ramfs ***
[    0.343971] *** VALIDATE hugetlbfs ***
[    0.344057] AppArmor: AppArmor Filesystem Enabled
[    0.344086] pnp: PnP ACPI init
[    0.344157] pnp 00:00: Plug and Play ACPI device, IDs PNP0303 (active)
[    0.344228] pnp 00:01: Plug and Play ACPI device, IDs PNP0f03 (active)
[    0.344959] pnp: PnP ACPI: found 2 devices
[    0.345916] thermal_sys: Registered thermal governor 'fair_share'
[    0.345917] thermal_sys: Registered thermal governor 'bang_bang'
[    0.345918] thermal_sys: Registered thermal governor 'step_wise'
[    0.345918] thermal_sys: Registered thermal governor 'user_space'
[    0.345919] thermal_sys: Registered thermal governor 'power_allocator'
[    0.350431] clocksource: acpi_pm: mask: 0xffffff max_cycles: 0xffffff, max_idle_ns: 2085701024 ns
[    0.350474] pci_bus 0000:00: resource 4 [io  0x0000-0x0cf7 window]
[    0.350475] pci_bus 0000:00: resource 5 [io  0x0d00-0xffff window]
[    0.350477] pci_bus 0000:00: resource 6 [mem 0x000a0000-0x000bffff window]
[    0.350478] pci_bus 0000:00: resource 7 [mem 0x80000000-0xfdffffff window]
[    0.350539] NET: Registered protocol family 2
[    0.350615] IP idents hash table entries: 32768 (order: 6, 262144 bytes, linear)
[    0.351026] MPTCP tokens hash table entries: 8192 (order: 4, 65536 bytes, linear)
[    0.351046] MPTCP request tokens hash table entries: 8192 (order: 4, 65536 bytes, linear)
[    0.351072] default registered
[    0.351072] default registered
[    0.351073] MPTCP: Stable release v0.96
[    0.351078] tcp_listen_portaddr_hash hash table entries: 1024 (order: 2, 16384 bytes, linear)
[    0.351157] TCP established hash table entries: 16384 (order: 5, 131072 bytes, linear)
[    0.351223] TCP bind hash table entries: 16384 (order: 6, 262144 bytes, linear)
[    0.351240] TCP: Hash tables configured (established 16384 bind 16384)
[    0.351992] UDP hash table entries: 1024 (order: 3, 32768 bytes, linear)
[    0.352004] UDP-Lite hash table entries: 1024 (order: 3, 32768 bytes, linear)
[    0.352043] NET: Registered protocol family 1
[    0.352052] NET: Registered protocol family 44
[    0.352075] pci 0000:00:00.0: Limiting direct PCI/PCI transfers
[    0.352087] pci 0000:00:01.0: Activating ISA DMA hang workarounds
[    0.352145] pci 0000:00:02.0: Video device with shadowed ROM at [mem 0x000c0000-0x000dffff]
[    0.352210] PCI: CLS 0 bytes, default 64
[    0.352261] Trying to unpack rootfs image as initramfs...
[    0.523761] Freeing initrd memory: 47868K
[    0.523761] clocksource: tsc: mask: 0xffffffffffffffff max_cycles: 0x1e4530a99b6, max_idle_ns: 440795257976 ns
[    0.523761] clocksource: Switched to clocksource tsc
[    0.523761] platform rtc_cmos: registered platform RTC device (no PNP device found)
[    0.523761] check: Scanning for low memory corruption every 60 seconds
[    0.523761] Initialise system trusted keyrings
[    0.523761] Key type blacklist registered
[    0.523761] workingset: timestamp_bits=36 max_order=19 bucket_order=0
[    0.523761] zbud: loaded
[    0.523761] squashfs: version 4.0 (2009/01/31) Phillip Lougher
[    0.523761] fuse: init (API version 7.31)
[    0.523761] *** VALIDATE fuse ***
[    0.523761] *** VALIDATE fuse ***
[    0.523761] Platform Keyring initialized
[    0.523761] Key type asymmetric registered
[    0.523761] Asymmetric key parser 'x509' registered
[    0.523761] Block layer SCSI generic (bsg) driver version 0.4 loaded (major 244)
[    0.523761] io scheduler mq-deadline registered
[    0.523761] shpchp: Standard Hot Plug PCI Controller Driver version: 0.4
[    0.537620] ACPI: AC Adapter [AC] (on-line)
[    0.537667] input: Power Button as /devices/LNXSYSTM:00/LNXPWRBN:00/input/input0
[    0.537693] ACPI: Power Button [PWRF]
[    0.537778] input: Sleep Button as /devices/LNXSYSTM:00/LNXSLPBN:00/input/input1
[    0.537795] ACPI: Sleep Button [SLPF]
[    0.538018] Serial: 8250/16550 driver, 32 ports, IRQ sharing enabled
[    0.539204] Linux agpgart interface v0.103
[    0.635207] loop: module loaded
[    0.635415] ata_piix 0000:00:01.1: version 2.13
[    0.635986] scsi host0: ata_piix
[    0.636113] scsi host1: ata_piix
[    0.636151] ata1: PATA max UDMA/33 cmd 0x1f0 ctl 0x3f6 bmdma 0xd000 irq 14
[    0.636153] ata2: PATA max UDMA/33 cmd 0x170 ctl 0x376 bmdma 0xd008 irq 15
[    0.636260] tun: Universal TUN/TAP device driver, 1.6
[    0.636647] PPP generic driver version 2.4.2
[    0.636707] VFIO - User Level meta-driver version: 0.3
[    0.637004] ehci_hcd: USB 2.0 'Enhanced' Host Controller (EHCI) Driver
[    0.637010] ehci-pci: EHCI PCI platform driver
[    0.637030] ehci-platform: EHCI generic platform driver
[    0.637038] ohci_hcd: USB 1.1 'Open' Host Controller (OHCI) Driver
[    0.637041] ohci-pci: OHCI PCI platform driver
[    0.637051] ohci-platform: OHCI generic platform driver
[    0.637057] uhci_hcd: USB Universal Host Controller Interface driver
[    0.637145] i8042: PNP: PS/2 Controller [PNP0303:PS2K,PNP0f03:PS2M] at 0x60,0x64 irq 1,12
[    0.637700] serio: i8042 KBD port at 0x60,0x64 irq 1
[    0.637706] serio: i8042 AUX port at 0x60,0x64 irq 12
[    0.637830] mousedev: PS/2 mouse device common for all mice
[    0.638192] input: AT Translated Set 2 keyboard as /devices/platform/i8042/serio0/input/input2
[    0.639155] rtc_cmos rtc_cmos: registered as rtc0
[    0.639155] rtc_cmos rtc_cmos: alarms up to one day, 114 bytes nvram
[    0.639155] i2c /dev entries driver
[    0.639155] device-mapper: uevent: version 1.0.3
[    0.639155] device-mapper: ioctl: 4.41.0-ioctl (2019-09-16) initialised: dm-devel@redhat.com
[    0.639155] platform eisa.0: Probing EISA bus 0
[    0.639155] platform eisa.0: EISA: Cannot allocate resource for mainboard
[    0.639155] platform eisa.0: Cannot allocate resource for EISA slot 1
[    0.639155] platform eisa.0: Cannot allocate resource for EISA slot 2
[    0.639155] platform eisa.0: Cannot allocate resource for EISA slot 3
[    0.639155] platform eisa.0: Cannot allocate resource for EISA slot 4
[    0.639155] platform eisa.0: Cannot allocate resource for EISA slot 5
[    0.639155] platform eisa.0: Cannot allocate resource for EISA slot 6
[    0.639155] platform eisa.0: Cannot allocate resource for EISA slot 7
[    0.639155] platform eisa.0: Cannot allocate resource for EISA slot 8
[    0.639155] platform eisa.0: EISA: Detected 0 cards
[    0.639155] intel_pstate: CPU model not supported
[    0.639155] ledtrig-cpu: registered to indicate activity on CPUs
[    0.639155] drop_monitor: Initializing network drop monitor service
[    0.639155] NET: Registered protocol family 10
[    0.646136] Segment Routing with IPv6
[    0.646136] fullmesh registered
[    0.646136] ndiffports registered
[    0.646136] binder registered
[    0.646136] roundrobin registered
[    0.646136] redundant registered
[    0.646136] blest registered
[    0.646136] ecf registered
[    0.646136] NET: Registered protocol family 17
[    0.646136] Key type dns_resolver registered
[    0.646136] RAS: Correctable Errors collector initialized.
[    0.646136] IPI shorthand broadcast: enabled
[    0.646136] sched_clock: Marking stable (631013429, 11122768)->(644420409, -2284212)
[    0.647873] registered taskstats version 1
[    0.647885] Loading compiled-in X.509 certificates
[    0.648809] Loaded X.509 cert 'Build time autogenerated kernel key: 6909f3744cebb3d0de528d5887b96a727de79b1e'
[    0.648833] zswap: loaded using pool lzo/zbud
[    0.648906] Key type ._fscrypt registered
[    0.648906] Key type .fscrypt registered
[    0.655502] Key type big_key registered
[    0.658840] Key type encrypted registered
[    0.658843] AppArmor: AppArmor sha1 policy hashing enabled
[    0.658853] ima: No TPM chip found, activating TPM-bypass!
[    0.658858] ima: Allocated hash algorithm: sha1
[    0.658864] ima: No architecture policies found
[    0.658877] evm: Initialising EVM extended attributes:
[    0.658878] evm: security.selinux
[    0.658879] evm: security.SMACK64
[    0.658880] evm: security.SMACK64EXEC
[    0.658880] evm: security.SMACK64TRANSMUTE
[    0.658881] evm: security.SMACK64MMAP
[    0.658881] evm: security.apparmor
[    0.658882] evm: security.ima
[    0.658883] evm: security.capability
[    0.658884] evm: HMAC attrs: 0x1
[    0.659245] PM:   Magic number: 10:379:801
[    0.659283] acpi PNP0F03:00: hash matches
[    0.659385] rtc_cmos rtc_cmos: setting system clock to 2026-01-14T20:46:43 UTC (1768423603)
[    0.807505] ata1.00: ATA-6: VBOX HARDDISK, 1.0, max UDMA/133
[    0.807508] ata1.00: 209715200 sectors, multi 128: LBA 
[    0.808019] scsi 0:0:0:0: Direct-Access     ATA      VBOX HARDDISK    1.0  PQ: 0 ANSI: 5
[    0.808268] sd 0:0:0:0: [sda] 209715200 512-byte logical blocks: (107 GB/100 GiB)
[    0.808279] sd 0:0:0:0: [sda] Write Protect is off
[    0.808282] sd 0:0:0:0: [sda] Mode Sense: 00 3a 00 00
[    0.808300] sd 0:0:0:0: [sda] Write cache: enabled, read cache: enabled, doesn't support DPO or FUA
[    0.808578] sd 0:0:0:0: Attached scsi generic sg0 type 0
[    0.809245]  sda: sda1 sda2
[    0.819307] sd 0:0:0:0: [sda] Attached SCSI disk
[    0.821705] Freeing unused decrypted memory: 2040K
[    0.822501] Freeing unused kernel image memory: 2728K
[    0.822503] Write protecting the kernel read-only data: 22528k
[    0.823286] Freeing unused kernel image memory: 2036K
[    0.823729] Freeing unused kernel image memory: 1432K
[    0.842007] x86/mm: Checked W+X mappings: passed, no W+X pages found.
[    0.842011] Run /init as init process
[    0.990409] ACPI: Video Device [GFX0] (multi-head: yes  rom: no  post: no)
[    0.990499] input: Video Bus as /devices/LNXSYSTM:00/LNXSYBUS:00/PNP0A03:00/LNXVIDEO:00/input/input4
[    1.003229] pcnet32: pcnet32.c:v1.35 21.Apr.2008 tsbogend@alpha.franken.de
[    1.004864] piix4_smbus 0000:00:07.0: SMBus Host Controller at 0x4100, revision 0
[    1.007441] e1000: Intel(R) PRO/1000 Network Driver - version 7.3.21-k8-NAPI
[    1.007442] e1000: Copyright (c) 1999-2006 Intel Corporation.
[    1.022001] pcnet32: PCnet/FAST III 79C973 at 0xd020, 08:00:27:91:ba:20 assigned IRQ 19
[    1.022047] pcnet32: Found PHY 0022:561b at address 0
[    1.022370] pcnet32: eth0: registered as PCnet/FAST III 79C973
[    1.026520] pcnet32: 1 cards_found
[    1.083093] pcnet32 0000:00:03.0 enp0s3: renamed from eth0
[    1.226398] input: ImExPS/2 Generic Explorer Mouse as /devices/platform/i8042/serio1/input/input5
[    1.439237] e1000 0000:00:08.0 eth0: (PCI:33MHz:32-bit) 08:00:27:c3:15:64
[    1.439242] e1000 0000:00:08.0 eth0: Intel(R) PRO/1000 Network Connection
[    1.823856] e1000 0000:00:09.0 eth1: (PCI:33MHz:32-bit) 08:00:27:9d:1f:46
[    1.823859] e1000 0000:00:09.0 eth1: Intel(R) PRO/1000 Network Connection
[    1.825114] e1000 0000:00:09.0 enp0s9: renamed from eth1
[    1.827109] e1000 0000:00:08.0 enp0s8: renamed from eth0
[    1.976859] EXT4-fs (sda2): mounted filesystem with ordered data mode. Opts: (null)
[    2.065164] systemd[1]: Inserted module 'autofs4'
[    2.074688] systemd[1]: systemd 245.4-4ubuntu3 running in system mode. (+PAM +AUDIT +SELINUX +IMA +APPARMOR +SMACK +SYSVINIT +UTMP +LIBCRYPTSETUP +GCRYPT +GNUTLS +ACL +XZ +LZ4 +SECCOMP +BLKID +ELFUTILS +KMOD +IDN2 -IDN +PCRE2 default-hierarchy=hybrid)
[    2.074723] systemd[1]: Detected virtualization oracle.
[    2.074726] systemd[1]: Detected architecture x86-64.
[    2.076131] systemd[1]: Set hostname to <ztg>.
[    2.212625] systemd[1]: /lib/systemd/system/dbus.socket:5: ListenStream= references a path below legacy directory /var/run/, updating /var/run/dbus/system_bus_socket â†’ /run/dbus/system_bus_socket; please update the unit file accordingly.
[    2.267660] systemd[1]: Created slice system-modprobe.slice.
[    2.267867] systemd[1]: Created slice User and Session Slice.
[    2.267915] systemd[1]: Started Forward Password Requests to Wall Directory Watch.
[    2.268088] systemd[1]: Set up automount Arbitrary Executable File Formats File System Automount Point.
[    2.268123] systemd[1]: Reached target User and Group Name Lookups.
[    2.268133] systemd[1]: Reached target Remote File Systems.
[    2.268141] systemd[1]: Reached target Slices.
[    2.268680] systemd[1]: Listening on Syslog Socket.
[    2.268758] systemd[1]: Listening on fsck to fsckd communication Socket.
[    2.268799] systemd[1]: Listening on initctl Compatibility Named Pipe.
[    2.268944] systemd[1]: Listening on Journal Audit Socket.
[    2.269003] systemd[1]: Listening on Journal Socket (/dev/log).
[    2.269076] systemd[1]: Listening on Journal Socket.
[    2.269147] systemd[1]: Listening on udev Control Socket.
[    2.269192] systemd[1]: Listening on udev Kernel Socket.
[    2.269980] systemd[1]: Mounting Huge Pages File System...
[    2.271016] systemd[1]: Mounting POSIX Message Queue File System...
[    2.272082] systemd[1]: Mounting Kernel Debug File System...
[    2.273573] systemd[1]: Mounting Kernel Trace File System...
[    2.280909] systemd[1]: Starting Journal Service...
[    2.306105] systemd[1]: Starting Set the console keyboard layout...
[    2.309546] systemd[1]: Starting Create list of static device nodes for the current kernel...
[    2.313655] systemd[1]: Starting Load Kernel Module drm...
[    2.315256] systemd[1]: Condition check resulted in Set Up Additional Binary Formats being skipped.
[    2.315305] systemd[1]: Condition check resulted in File System Check on Root Device being skipped.
[    2.328226] systemd[1]: Starting Load Kernel Modules...
[    2.329061] systemd[1]: Starting Remount Root and Kernel File Systems...
[    2.329925] systemd[1]: Starting udev Coldplug all Devices...
[    2.330787] systemd[1]: Starting Uncomplicated firewall...
[    2.332442] systemd[1]: Mounted Huge Pages File System.
[    2.332546] systemd[1]: Mounted POSIX Message Queue File System.
[    2.332631] systemd[1]: Mounted Kernel Debug File System.
[    2.332706] systemd[1]: Mounted Kernel Trace File System.
[    2.363273] systemd[1]: Finished Create list of static device nodes for the current kernel.
[    2.363632] systemd[1]: modprobe@drm.service: Succeeded.
[    2.365283] systemd[1]: Finished Load Kernel Module drm.
[    2.367640] systemd[1]: Finished Uncomplicated firewall.
[    2.369127] EXT4-fs (sda2): re-mounted. Opts: errors=remount-ro
[    2.388387] systemd[1]: Finished Remount Root and Kernel File Systems.
[    2.389130] systemd[1]: Condition check resulted in Rebuild Hardware Database being skipped.
[    2.389165] systemd[1]: Condition check resulted in Platform Persistent Storage Archival being skipped.
[    2.391898] systemd[1]: Starting Load/Save Random Seed...
[    2.419081] systemd[1]: Starting Create System Users...
[    2.445973] systemd[1]: Finished Load/Save Random Seed.
[    2.449715] systemd[1]: Finished Create System Users.
[    2.450607] systemd[1]: Starting Create Static Device Nodes in /dev...
[    2.487794] lp: driver loaded but no devices found
[    2.496038] ppdev: user-space parallel port driver
[    2.507005] systemd[1]: Finished udev Coldplug all Devices.
[    2.515571] systemd[1]: Finished Create Static Device Nodes in /dev.
[    2.516463] systemd[1]: Starting udev Kernel Device Manager...
[    2.563130] [drm] DMA map mode: Caching DMA mappings.
[    2.563220] [drm] Capabilities:
[    2.563221] [drm]   Rect copy.
[    2.563221] [drm]   Cursor.
[    2.563222] [drm]   Cursor bypass.
[    2.563222] [drm]   Cursor bypass 2.
[    2.563222] [drm]   Alpha cursor.
[    2.563223] [drm]   Extended Fifo.
[    2.563223] [drm]   Pitchlock.
[    2.563223] [drm]   Irq mask.
[    2.563224] [drm]   GMR.
[    2.563224] [drm]   Traces.
[    2.563224] [drm]   GMR2.
[    2.563225] [drm]   Screen Object 2.
[    2.563225] [drm]   Command Buffers.
[    2.563225] [drm]   Command Buffers 2.
[    2.563226] [drm]   Guest Backed Resources.
[    2.563227] [drm] Max GMR ids is 8192
[    2.563228] [drm] Max number of GMR pages is 1048576
[    2.563228] [drm] Max dedicated hypervisor surface memory is 393216 kiB
[    2.563229] [drm] Maximum display memory size is 131072 kiB
[    2.563230] [drm] VRAM at 0xe0000000 size is 131072 kiB
[    2.563230] [drm] MMIO at 0xf0000000 size is 2048 kiB
[    2.564629] [TTM] Zone  kernel: Available graphics memory: 1011738 KiB
[    2.564630] [TTM] Initializing pool allocator
[    2.564633] [TTM] Initializing DMA pool allocator
[    2.564661] [drm] Supports vblank timestamp caching Rev 2 (21.10.2013).
[    2.564661] [drm] No driver support for vblank timestamp query.
[    2.564898] [drm] Screen Target Display device initialized
[    2.565103] [drm] width 720
[    2.565114] [drm] height 400
[    2.565117] [drm] bpp 32
[    2.565668] [drm] Fifo max 0x00200000 min 0x00001000 cap 0x00000355
[    2.566738] [drm] Using command buffers with DMA pool.
[    2.566742] [drm] DX: no.
[    2.566742] [drm] Atomic: yes.
[    2.566743] [drm] SM4_1: no.
[    2.566763] [drm:vmw_host_log [vmwgfx]] *ERROR* Failed to send host log message.
[    2.567986] [drm:vmw_host_log [vmwgfx]] *ERROR* Failed to send host log message.
[    2.576101] systemd[1]: Finished Set the console keyboard layout.
[    2.576216] systemd[1]: Reached target Local File Systems (Pre).
[    2.578722] systemd[1]: Mounting Mount unit for bare, revision 5...
[    2.582274] systemd[1]: Mounting Mount unit for core18, revision 1705...
[    2.585881] fbcon: svgadrmfb (fb0) is primary device
[    2.588053] Console: switching to colour frame buffer device 100x37
[    2.593792] [drm] Initialized vmwgfx 2.15.0 20180704 for 0000:00:02.0 on minor 0
[    2.600011] systemd[1]: Mounting Mount unit for gnome-3-34-1804, revision 24...
[    2.603969] systemd[1]: Mounting Mount unit for gtk-common-themes, revision 1506...
[    2.632215] systemd[1]: Mounting Mount unit for gtk-common-themes, revision 1535...
[    2.646820] systemd[1]: Mounting Mount unit for snap-store, revision 433...
[    2.652990] systemd[1]: Mounting Mount unit for snapd, revision 25935...
[    2.656375] systemd[1]: Finished Load Kernel Modules.
[    2.657286] systemd[1]: Mounting FUSE Control File System...
[    2.663561] systemd[1]: Mounting Kernel Configuration File System...
[    2.691236] systemd[1]: Starting Apply Kernel Variables...
[    2.705617] systemd[1]: Mounted Mount unit for bare, revision 5.
[    2.705727] systemd[1]: Mounted Mount unit for core18, revision 1705.
[    2.705813] systemd[1]: Mounted FUSE Control File System.
[    2.705890] systemd[1]: Mounted Kernel Configuration File System.
[    2.705947] systemd[1]: Condition check resulted in VMware vmblock fuse mount being skipped.
[    2.712867] systemd[1]: Mounted Mount unit for gnome-3-34-1804, revision 24.
[    2.712966] systemd[1]: Mounted Mount unit for gtk-common-themes, revision 1506.
[    2.715084] systemd[1]: Finished Apply Kernel Variables.
[    2.728150] systemd[1]: Mounted Mount unit for gtk-common-themes, revision 1535.
[    2.731762] systemd[1]: Mounted Mount unit for snapd, revision 25935.
[    2.734039] systemd[1]: Mounted Mount unit for snap-store, revision 433.
[    2.734128] systemd[1]: Reached target Local File Systems.
[    2.743493] systemd[1]: Starting Load AppArmor profiles...
[    2.746258] systemd[1]: Starting Set console font and keymap...
[    2.754175] systemd[1]: Starting Tell Plymouth To Write Out Runtime Data...
[    2.754241] systemd[1]: Condition check resulted in Store a System Token in an EFI Variable being skipped.
[    2.754307] systemd[1]: Condition check resulted in Commit a transient machine-id on disk being skipped.
[    2.754529] systemd[1]: Started udev Kernel Device Manager.
[    2.765531] systemd[1]: Starting Show Plymouth Boot Screen...
[    2.767262] systemd[1]: Finished Set console font and keymap.
[    2.774012] systemd[1]: Received SIGRTMIN+20 from PID 288 (plymouthd).
[    2.778557] systemd[1]: plymouth-read-write.service: Succeeded.
[    2.778881] systemd[1]: Finished Tell Plymouth To Write Out Runtime Data.
[    2.795548] systemd[1]: Started Show Plymouth Boot Screen.
[    2.796019] systemd[1]: Condition check resulted in Dispatch Password Requests to Console Directory Watch being skipped.
[    2.796110] systemd[1]: Started Forward Password Requests to Plymouth Directory Watch.
[    2.798445] systemd[1]: Reached target Local Encrypted Volumes.
[    2.816555] audit: type=1400 audit(1768423605.652:2): apparmor="STATUS" operation="profile_load" profile="unconfined" name="nvidia_modprobe" pid=293 comm="apparmor_parser"
[    2.816558] audit: type=1400 audit(1768423605.652:3): apparmor="STATUS" operation="profile_load" profile="unconfined" name="nvidia_modprobe//kmod" pid=293 comm="apparmor_parser"
[    2.824146] audit: type=1400 audit(1768423605.660:4): apparmor="STATUS" operation="profile_load" profile="unconfined" name="/usr/sbin/tcpdump" pid=297 comm="apparmor_parser"
[    2.891517] audit: type=1400 audit(1768423605.724:5): apparmor="STATUS" operation="profile_load" profile="unconfined" name="/usr/bin/evince" pid=301 comm="apparmor_parser"
[    2.891519] audit: type=1400 audit(1768423605.724:6): apparmor="STATUS" operation="profile_load" profile="unconfined" name="/usr/bin/evince//sanitized_helper" pid=301 comm="apparmor_parser"
[    2.891521] audit: type=1400 audit(1768423605.724:7): apparmor="STATUS" operation="profile_load" profile="unconfined" name="/usr/bin/evince-previewer" pid=301 comm="apparmor_parser"
[    2.891523] audit: type=1400 audit(1768423605.724:8): apparmor="STATUS" operation="profile_load" profile="unconfined" name="/usr/bin/evince-previewer//sanitized_helper" pid=301 comm="apparmor_parser"
[    2.891524] audit: type=1400 audit(1768423605.724:9): apparmor="STATUS" operation="profile_load" profile="unconfined" name="/usr/bin/evince-thumbnailer" pid=301 comm="apparmor_parser"
[    2.897948] audit: type=1400 audit(1768423605.732:10): apparmor="STATUS" operation="profile_load" profile="unconfined" name="/usr/lib/cups/backend/cups-pdf" pid=307 comm="apparmor_parser"
[    2.989736] systemd[1]: Finished Load AppArmor profiles.
[    2.990787] systemd[1]: Starting Load AppArmor profiles managed internally by snapd...
[    3.105215] systemd[1]: Finished Load AppArmor profiles managed internally by snapd.
[    3.284046] systemd[1]: Started Journal Service.
[    3.294759] systemd-journald[229]: Received client request to flush runtime journal.
[    3.298872] systemd-journald[229]: File /var/log/journal/c455b248004a419c87ce85eea238d727/system.journal corrupted or uncleanly shut down, renaming and replacing.
[    4.637051] RAPL PMU: API unit is 2^-32 Joules, 0 fixed counters, 10737418240 ms ovfl timer
[    4.647104] cryptd: max_cpu_qlen set to 1000
[    4.654299] AVX2 version of gcm_enc/dec engaged.
[    4.654299] AES CTR mode by8 optimization enabled
[    6.611776] Adding 1998844k swap on /dev/sda1.  Priority:-2 extents:1 across:1998844k FS
[    7.954381] kauditd_printk_skb: 30 callbacks suppressed
[    7.954382] audit: type=1400 audit(1768423610.788:41): apparmor="DENIED" operation="capable" profile="/usr/sbin/cups-browsed" pid=511 comm="cups-browsed" capability=23  capname="sys_nice"
[    9.170680] pcnet32 0000:00:03.0 enp0s3: link up, 100Mbps, full-duplex
[    9.214498] e1000: enp0s8 NIC Link is Up 1000 Mbps Full Duplex, Flow Control: RX
[    9.214797] IPv6: ADDRCONF(NETDEV_CHANGE): enp0s8: link becomes ready
[    9.239149] e1000: enp0s9 NIC Link is Up 1000 Mbps Full Duplex, Flow Control: RX
[    9.239468] IPv6: ADDRCONF(NETDEV_CHANGE): enp0s9: link becomes ready
[    9.942660] device enp0s3 entered promiscuous mode
[    9.987044] audit: type=1400 audit(1768423612.820:42): apparmor="DENIED" operation="open" profile="/usr/sbin/tcpdump" name="/proc/sys/kernel/random/boot_id" pid=644 comm="tcpdump" requested_mask="r" denied_mask="r" fsuid=0 ouid=0
[    9.987746] audit: type=1400 audit(1768423612.820:43): apparmor="DENIED" operation="open" profile="/usr/sbin/tcpdump" name="/proc/sys/kernel/random/boot_id" pid=644 comm="tcpdump" requested_mask="r" denied_mask="r" fsuid=0 ouid=0
[    9.987918] audit: type=1400 audit(1768423612.820:44): apparmor="DENIED" operation="open" profile="/usr/sbin/tcpdump" name="/proc/sys/kernel/random/boot_id" pid=644 comm="tcpdump" requested_mask="r" denied_mask="r" fsuid=0 ouid=0
[    9.988164] audit: type=1400 audit(1768423612.820:45): apparmor="DENIED" operation="open" profile="/usr/sbin/tcpdump" name="/proc/sys/kernel/random/boot_id" pid=644 comm="tcpdump" requested_mask="r" denied_mask="r" fsuid=0 ouid=0
[   10.009860] audit: type=1400 audit(1768423612.832:46): apparmor="DENIED" operation="open" profile="/usr/sbin/tcpdump" name="/proc/sys/kernel/random/boot_id" pid=645 comm="tcpdump" requested_mask="r" denied_mask="r" fsuid=0 ouid=0
[   10.013671] audit: type=1400 audit(1768423612.848:47): apparmor="DENIED" operation="open" profile="/usr/sbin/tcpdump" name="/proc/sys/kernel/random/boot_id" pid=645 comm="tcpdump" requested_mask="r" denied_mask="r" fsuid=0 ouid=0
[   10.015355] audit: type=1400 audit(1768423612.848:48): apparmor="DENIED" operation="open" profile="/usr/sbin/tcpdump" name="/proc/sys/kernel/random/boot_id" pid=645 comm="tcpdump" requested_mask="r" denied_mask="r" fsuid=0 ouid=0
[   10.015626] audit: type=1400 audit(1768423612.848:49): apparmor="DENIED" operation="open" profile="/usr/sbin/tcpdump" name="/proc/sys/kernel/random/boot_id" pid=645 comm="tcpdump" requested_mask="r" denied_mask="r" fsuid=0 ouid=0
[   15.989029] rfkill: input handler disabled
[  200.165879] AAAAA-TCP_FORW: name:enp0s3: saddr:33561200: daddr:100932208
[  200.570405] AAAAA-TCP_FORW: name:enp0s3: saddr:33561200: daddr:100932208
[  200.660456] AAAAA-TCP_FORW: name:enp0s3: saddr:33561200: daddr:100932208
[  200.950129] AAAAA-TCP_FORW: name:enp0s3: saddr:33561200: daddr:100932208
[  201.053516] AAAAA-TCP_FORW: name:enp0s3: saddr:33561200: daddr:100932208
[  201.235114] AAAAA-TCP_FORW: name:enp0s3: saddr:33561200: daddr:100932208
[  201.412819] AAAAA-TCP_FORW: name:enp0s3: saddr:33561200: daddr:100932208
[  201.461579] AAAAA-TCP_FORW: name:enp0s3: saddr:33561200: daddr:100932208
[  201.766149] AAAAA-TCP_FORW: name:enp0s3: saddr:33561200: daddr:100932208
[  201.986069] AAAAA-TCP_FORW: name:enp0s3: saddr:16783984: daddr:100932208
[  202.210882] AAAAA-TCP_FORW: name:enp0s3: saddr:16783984: daddr:100932208
[  202.335060] AAAAA-TCP_FORW: name:enp0s3: saddr:16783984: daddr:100932208
[  202.466481] AAAAA-TCP_FORW: name:enp0s3: saddr:16783984: daddr:100932208
[  202.710483] AAAAA-TCP_FORW: name:enp0s3: saddr:16783984: daddr:100932208
[  202.870728] AAAAA-TCP_FORW: name:enp0s3: saddr:16783984: daddr:100932208
[  203.042412] AAAAA-TCP_FORW: name:enp0s3: saddr:16783984: daddr:100932208
[  203.214694] AAAAA-TCP_FORW: name:enp0s3: saddr:16783984: daddr:100932208
[  203.301081] AAAAA-TCP_FORW: name:enp0s3: saddr:16783984: daddr:100932208
[  203.432615] AAAAA-TCP_FORW: name:enp0s3: saddr:16783984: daddr:100932208
[  203.521770] AAAAA-TCP_FORW: name:enp0s3: saddr:16783984: daddr:100932208
[  203.634110] AAAAA-TCP_FORW: name:enp0s3: saddr:16783984: daddr:100932208
[  203.865768] AAAAA-TCP_FORW: name:enp0s3: saddr:16783984: daddr:100932208
[  203.992830] AAAAA-TCP_FORW: name:enp0s3: saddr:16783984: daddr:100932208
[  204.090488] AAAAA-TCP_FORW: name:enp0s3: saddr:16783984: daddr:100932208
[  204.334452] AAAAA-TCP_FORW: name:enp0s3: saddr:16783984: daddr:100932208
[  204.438477] AAAAA-TCP_FORW: name:enp0s3: saddr:16783984: daddr:100932208
[  204.544959] AAAAA-TCP_FORW: name:enp0s3: saddr:16783984: daddr:100932208
[  204.633247] AAAAA-TCP_FORW: name:enp0s3: saddr:16783984: daddr:100932208
[  204.686439] AAAAA-TCP_FORW: name:enp0s3: saddr:16783984: daddr:100932208
[  204.750507] AAAAA-TCP_FORW: name:enp0s3: saddr:16783984: daddr:100932208
[  204.854373] AAAAA-TCP_FORW: name:enp0s3: saddr:16783984: daddr:100932208
[  205.190992] AAAAA-TCP_FORW: name:enp0s3: saddr:16783984: daddr:100932208
[  205.311388] AAAAA-TCP_FORW: name:enp0s3: saddr:16783984: daddr:100932208
[  205.618425] AAAAA-TCP_FORW: name:enp0s3: saddr:33561200: daddr:100932208
[  205.667292] AAAAA-TCP_FORW: name:enp0s3: saddr:33561200: daddr:100932208
[  205.723325] AAAAA-TCP_FORW: name:enp0s3: saddr:33561200: daddr:100932208
[  205.927046] AAAAA-TCP_FORW: name:enp0s3: saddr:16783984: daddr:100932208
[  206.023887] AAAAA-TCP_FORW: name:enp0s3: saddr:33561200: daddr:100932208
[  206.102380] AAAAA-TCP_FORW: name:enp0s3: saddr:33561200: daddr:100932208
[  206.210774] AAAAA-TCP_FORW: name:enp0s3: saddr:33561200: daddr:100932208
[  206.322353] AAAAA-TCP_FORW: name:enp0s3: saddr:33561200: daddr:100932208
[  206.387192] AAAAA-TCP_FORW: name:enp0s3: saddr:33561200: daddr:100932208
[  206.552030] AAAAA-TCP_FORW: name:enp0s3: saddr:33561200: daddr:100932208
[  206.591184] AAAAA-TCP_FORW: name:enp0s3: saddr:33561200: daddr:100932208
[  206.761008] AAAAA-TCP_FORW: name:enp0s3: saddr:33561200: daddr:100932208
[  206.806097] AAAAA-TCP_FORW: name:enp0s3: saddr:33561200: daddr:100932208
[  207.073467] AAAAA-TCP_FORW: name:enp0s3: saddr:16783984: daddr:100932208
[  207.125787] AAAAA-TCP_FORW: name:enp0s3: saddr:16783984: daddr:100932208
[  207.218439] AAAAA-TCP_FORW: name:enp0s3: saddr:16783984: daddr:100932208
[  207.268235] AAAAA-TCP_FORW: name:enp0s3: saddr:16783984: daddr:100932208
[  207.304163] AAAAA-TCP_FORW: name:enp0s3: saddr:16783984: daddr:100932208
[  207.449630] AAAAA-TCP_FORW: name:enp0s3: saddr:16783984: daddr:100932208
[  207.518728] AAAAA-TCP_FORW: name:enp0s3: saddr:16783984: daddr:100932208
[  207.611572] AAAAA-TCP_FORW: name:enp0s3: saddr:16783984: daddr:100932208
[  207.663842] AAAAA-TCP_FORW: name:enp0s3: saddr:16783984: daddr:100932208
[  207.798665] AAAAA-TCP_FORW: name:enp0s3: saddr:16783984: daddr:100932208
[  207.853887] AAAAA-TCP_FORW: name:enp0s3: saddr:16783984: daddr:100932208
[  207.933152] AAAAA-TCP_FORW: name:enp0s3: saddr:16783984: daddr:100932208
[  208.025030] AAAAA-TCP_FORW: name:enp0s3: saddr:16783984: daddr:100932208
[  208.065538] AAAAA-TCP_FORW: name:enp0s3: saddr:16783984: daddr:100932208
[  208.140852] AAAAA-TCP_FORW: name:enp0s3: saddr:16783984: daddr:100932208
[  208.278042] AAAAA-TCP_FORW: name:enp0s3: saddr:16783984: daddr:100932208
[  208.317478] AAAAA-TCP_FORW: name:enp0s3: saddr:16783984: daddr:100932208
[  208.467664] AAAAA-TCP_FORW: name:enp0s3: saddr:16783984: daddr:100932208
[  208.611993] AAAAA-TCP_FORW: name:enp0s3: saddr:33561200: daddr:100932208
[  208.754339] AAAAA-TCP_FORW: name:enp0s3: saddr:33561200: daddr:100932208
[  264.614678] AAAAA-TCP_FORW: name:enp0s3: saddr:16783984: daddr:100932208
[  264.775026] AAAAA-TCP_FORW: name:enp0s3: saddr:16783984: daddr:100932208
[  264.921185] AAAAA-TCP_FORW: name:enp0s3: saddr:16783984: daddr:100932208
[  264.983230] AAAAA-TCP_FORW: name:enp0s3: saddr:16783984: daddr:100932208
[  265.050779] AAAAA-TCP_FORW: name:enp0s3: saddr:16783984: daddr:100932208
[  265.167872] AAAAA-TCP_FORW: name:enp0s3: saddr:16783984: daddr:100932208
[  265.205657] AAAAA-TCP_FORW: name:enp0s3: saddr:16783984: daddr:100932208
[  265.236905] AAAAA-TCP_FORW: name:enp0s3: saddr:16783984: daddr:100932208
[  265.271549] AAAAA-TCP_FORW: name:enp0s3: saddr:16783984: daddr:100932208
[  265.318610] AAAAA-TCP_FORW: name:enp0s3: saddr:16783984: daddr:100932208
[  265.391883] AAAAA-TCP_FORW: name:enp0s3: saddr:16783984: daddr:100932208
[  265.546930] AAAAA-TCP_FORW: name:enp0s3: saddr:16783984: daddr:100932208
[  265.717207] AAAAA-TCP_FORW: name:enp0s3: saddr:33561200: daddr:100932208
[  265.819597] AAAAA-TCP_FORW: name:enp0s3: saddr:33561200: daddr:100932208
[  265.867251] AAAAA-TCP_FORW: name:enp0s3: saddr:33561200: daddr:100932208
[  265.930913] AAAAA-TCP_FORW: name:enp0s3: saddr:33561200: daddr:100932208
[  266.079672] AAAAA-TCP_FORW: name:enp0s3: saddr:33561200: daddr:100932208
[  266.139926] AAAAA-TCP_FORW: name:enp0s3: saddr:33561200: daddr:100932208
[  267.402955] AAAAA-TCP_FORW: name:enp0s3: saddr:16783984: daddr:100932208
[  267.534868] AAAAA-TCP_FORW: name:enp0s3: saddr:16783984: daddr:100932208
[  267.719313] AAAAA-TCP_FORW: name:enp0s3: saddr:16783984: daddr:100932208
[  267.845775] AAAAA-TCP_FORW: name:enp0s3: saddr:33561200: daddr:100932208
[  267.924855] AAAAA-TCP_FORW: name:enp0s3: saddr:16783984: daddr:100932208
[  268.001637] AAAAA-TCP_FORW: name:enp0s3: saddr:16783984: daddr:100932208
[  268.064977] AAAAA-TCP_FORW: name:enp0s3: saddr:16783984: daddr:100932208
[  268.108307] AAAAA-TCP_FORW: name:enp0s3: saddr:16783984: daddr:100932208
[  268.198749] AAAAA-TCP_FORW: name:enp0s3: saddr:16783984: daddr:100932208
[  268.308143] AAAAA-TCP_FORW: name:enp0s3: saddr:16783984: daddr:100932208
[  268.371749] AAAAA-TCP_FORW: name:enp0s3: saddr:16783984: daddr:100932208
[  268.459807] AAAAA-TCP_FORW: name:enp0s3: saddr:16783984: daddr:100932208
[  268.532169] AAAAA-TCP_FORW: name:enp0s3: saddr:16783984: daddr:100932208
[  268.620569] AAAAA-TCP_FORW: name:enp0s3: saddr:16783984: daddr:100932208
[  268.703958] AAAAA-TCP_FORW: name:enp0s3: saddr:16783984: daddr:100932208
[  268.736787] AAAAA-TCP_FORW: name:enp0s3: saddr:16783984: daddr:100932208
[  268.833661] AAAAA-TCP_FORW: name:enp0s3: saddr:33561200: daddr:100932208
[  268.909423] AAAAA-TCP_FORW: name:enp0s3: saddr:33561200: daddr:100932208
[  268.963629] AAAAA-TCP_FORW: name:enp0s3: saddr:33561200: daddr:100932208
[  269.097267] AAAAA-TCP_FORW: name:enp0s3: saddr:33561200: daddr:100932208
[  269.148775] AAAAA-TCP_FORW: name:enp0s3: saddr:33561200: daddr:100932208
[  269.300274] AAAAA-TCP_FORW: name:enp0s3: saddr:33561200: daddr:100932208
[  270.542159] AAAAA-TCP_FORW: name:enp0s3: saddr:16783984: daddr:100932208
[  270.723859] AAAAA-TCP_FORW: name:enp0s3: saddr:16783984: daddr:100932208
[  270.813833] AAAAA-TCP_FORW: name:enp0s3: saddr:16783984: daddr:100932208
[  270.922457] AAAAA-TCP_FORW: name:enp0s3: saddr:16783984: daddr:100932208
[  271.053358] AAAAA-TCP_FORW: name:enp0s3: saddr:16783984: daddr:100932208
[  271.132884] AAAAA-TCP_FORW: name:enp0s3: saddr:16783984: daddr:100932208
[  271.221142] AAAAA-TCP_FORW: name:enp0s3: saddr:16783984: daddr:100932208
[  271.284273] AAAAA-TCP_FORW: name:enp0s3: saddr:16783984: daddr:100932208
[  271.390050] AAAAA-TCP_FORW: name:enp0s3: saddr:16783984: daddr:100932208
[  271.525460] AAAAA-TCP_FORW: name:enp0s3: saddr:16783984: daddr:100932208
[  271.574648] AAAAA-TCP_FORW: name:enp0s3: saddr:16783984: daddr:100932208
[  271.606239] AAAAA-TCP_FORW: name:enp0s3: saddr:16783984: daddr:100932208
[  271.665126] AAAAA-TCP_FORW: name:enp0s3: saddr:16783984: daddr:100932208
[  271.713152] AAAAA-TCP_FORW: name:enp0s3: saddr:16783984: daddr:100932208
[  271.743942] AAAAA-TCP_FORW: name:enp0s3: saddr:16783984: daddr:100932208
[  271.825799] AAAAA-TCP_FORW: name:enp0s3: saddr:16783984: daddr:100932208
[  271.899497] AAAAA-TCP_FORW: name:enp0s3: saddr:16783984: daddr:100932208
[  271.970820] AAAAA-TCP_FORW: name:enp0s3: saddr:16783984: daddr:100932208
[  272.038950] AAAAA-TCP_FORW: name:enp0s3: saddr:16783984: daddr:100932208
[  272.160273] AAAAA-TCP_FORW: name:enp0s3: saddr:16783984: daddr:100932208
[  272.233595] AAAAA-TCP_FORW: name:enp0s3: saddr:16783984: daddr:100932208
[  272.296161] AAAAA-TCP_FORW: name:enp0s3: saddr:16783984: daddr:100932208
[  272.414753] AAAAA-TCP_FORW: name:enp0s3: saddr:16783984: daddr:100932208
[  272.462667] AAAAA-TCP_FORW: name:enp0s3: saddr:16783984: daddr:100932208
[  272.503776] AAAAA-TCP_FORW: name:enp0s3: saddr:16783984: daddr:100932208
[  272.648134] AAAAA-TCP_FORW: name:enp0s3: saddr:16783984: daddr:100932208
[  272.781543] AAAAA-TCP_FORW: name:enp0s3: saddr:33561200: daddr:100932208
[  272.872840] AAAAA-TCP_FORW: name:enp0s3: saddr:33561200: daddr:100932208
[  273.027880] AAAAA-TCP_FORW: name:enp0s3: saddr:33561200: daddr:100932208
[  273.133885] AAAAA-TCP_FORW: name:enp0s3: saddr:33561200: daddr:100932208
[  273.251834] AAAAA-TCP_FORW: name:enp0s3: saddr:33561200: daddr:100932208
[  273.328907] AAAAA-TCP_FORW: name:enp0s3: saddr:33561200: daddr:100932208
[  273.790522] AAAAA-TCP_FORW: name:enp0s3: saddr:16783984: daddr:100932208
[  273.946110] AAAAA-TCP_FORW: name:enp0s3: saddr:16783984: daddr:100932208
[  274.036448] AAAAA-TCP_FORW: name:enp0s3: saddr:16783984: daddr:100932208
[  274.117818] AAAAA-TCP_FORW: name:enp0s3: saddr:16783984: daddr:100932208
[  274.232151] AAAAA-TCP_FORW: name:enp0s3: saddr:16783984: daddr:100932208
[  274.298744] AAAAA-TCP_FORW: name:enp0s3: saddr:16783984: daddr:100932208
[  274.415241] AAAAA-TCP_FORW: name:enp0s3: saddr:16783984: daddr:100932208
[  274.526029] AAAAA-TCP_FORW: name:enp0s3: saddr:16783984: daddr:100932208
[  274.602546] AAAAA-TCP_FORW: name:enp0s3: saddr:16783984: daddr:100932208
[  274.702888] AAAAA-TCP_FORW: name:enp0s3: saddr:16783984: daddr:100932208
[  274.784153] AAAAA-TCP_FORW: name:enp0s3: saddr:16783984: daddr:100932208
[  274.863257] AAAAA-TCP_FORW: name:enp0s3: saddr:16783984: daddr:100932208
[  274.995945] AAAAA-TCP_FORW: name:enp0s3: saddr:16783984: daddr:100932208
[  275.081363] AAAAA-TCP_FORW: name:enp0s3: saddr:16783984: daddr:100932208
[  275.209888] AAAAA-TCP_FORW: name:enp0s3: saddr:16783984: daddr:100932208
[  275.341366] AAAAA-TCP_FORW: name:enp0s3: saddr:16783984: daddr:100932208
[  275.497856] AAAAA-TCP_FORW: name:enp0s3: saddr:16783984: daddr:100932208
[  275.645222] AAAAA-TCP_FORW: name:enp0s3: saddr:16783984: daddr:100932208
[  275.707648] AAAAA-TCP_FORW: name:enp0s3: saddr:16783984: daddr:100932208
[  275.801379] AAAAA-TCP_FORW: name:enp0s3: saddr:16783984: daddr:100932208
[  275.833274] AAAAA-TCP_FORW: name:enp0s3: saddr:16783984: daddr:100932208
[  275.882345] AAAAA-TCP_FORW: name:enp0s3: saddr:16783984: daddr:100932208
[  276.062071] AAAAA-TCP_FORW: name:enp0s3: saddr:16783984: daddr:100932208
[  276.126373] AAAAA-TCP_FORW: name:enp0s3: saddr:16783984: daddr:100932208
[  276.189672] AAAAA-TCP_FORW: name:enp0s3: saddr:16783984: daddr:100932208
[  276.275607] AAAAA-TCP_FORW: name:enp0s3: saddr:16783984: daddr:100932208
[  276.438802] AAAAA-TCP_FORW: name:enp0s3: saddr:33561200: daddr:100932208
[  276.471177] AAAAA-TCP_FORW: name:enp0s3: saddr:33561200: daddr:100932208
[  276.673083] AAAAA-TCP_FORW: name:enp0s3: saddr:33561200: daddr:100932208
[  276.778917] AAAAA-TCP_FORW: name:enp0s3: saddr:33561200: daddr:100932208
[  276.913233] AAAAA-TCP_FORW: name:enp0s3: saddr:33561200: daddr:100932208
[  277.005495] AAAAA-TCP_FORW: name:enp0s3: saddr:33561200: daddr:100932208
[  277.428880] AAAAA-TCP_FORW: name:enp0s3: saddr:16783984: daddr:100932208
[  277.584191] AAAAA-TCP_FORW: name:enp0s3: saddr:16783984: daddr:100932208
[  277.737545] AAAAA-TCP_FORW: name:enp0s3: saddr:16783984: daddr:100932208
[  277.799518] AAAAA-TCP_FORW: name:enp0s3: saddr:16783984: daddr:100932208
[  277.912397] AAAAA-TCP_FORW: name:enp0s3: saddr:16783984: daddr:100932208
[  278.001629] AAAAA-TCP_FORW: name:enp0s3: saddr:16783984: daddr:100932208
[  278.104507] AAAAA-TCP_FORW: name:enp0s3: saddr:16783984: daddr:100932208
[  278.198815] AAAAA-TCP_FORW: name:enp0s3: saddr:16783984: daddr:100932208
[  278.265628] AAAAA-TCP_FORW: name:enp0s3: saddr:16783984: daddr:100932208
[  278.356342] AAAAA-TCP_FORW: name:enp0s3: saddr:16783984: daddr:100932208
[  278.445819] AAAAA-TCP_FORW: name:enp0s3: saddr:16783984: daddr:100932208
[  278.512642] AAAAA-TCP_FORW: name:enp0s3: saddr:16783984: daddr:100932208
[  278.551510] AAAAA-TCP_FORW: name:enp0s3: saddr:16783984: daddr:100932208
[  278.600711] AAAAA-TCP_FORW: name:enp0s3: saddr:16783984: daddr:100932208
[  278.634695] AAAAA-TCP_FORW: name:enp0s3: saddr:16783984: daddr:100932208
[  278.680112] AAAAA-TCP_FORW: name:enp0s3: saddr:16783984: daddr:100932208
[  278.726280] AAAAA-TCP_FORW: name:enp0s3: saddr:16783984: daddr:100932208
[  278.796578] AAAAA-TCP_FORW: name:enp0s3: saddr:16783984: daddr:100932208
[  278.849427] AAAAA-TCP_FORW: name:enp0s3: saddr:16783984: daddr:100932208
[  278.916308] AAAAA-TCP_FORW: name:enp0s3: saddr:16783984: daddr:100932208
[  278.946830] AAAAA-TCP_FORW: name:enp0s3: saddr:16783984: daddr:100932208
[  278.992686] AAAAA-TCP_FORW: name:enp0s3: saddr:16783984: daddr:100932208
[  279.294608] AAAAA-TCP_FORW: name:enp0s3: saddr:16783984: daddr:100932208
[  279.591251] AAAAA-TCP_FORW: name:enp0s3: saddr:16783984: daddr:100932208
[  279.633099] AAAAA-TCP_FORW: name:enp0s3: saddr:16783984: daddr:100932208
[  279.771874] AAAAA-TCP_FORW: name:enp0s3: saddr:16783984: daddr:100932208
[  279.890602] AAAAA-TCP_FORW: name:enp0s3: saddr:16783984: daddr:100932208
[  280.178249] AAAAA-TCP_FORW: name:enp0s3: saddr:33561200: daddr:100932208
[  280.272470] AAAAA-TCP_FORW: name:enp0s3: saddr:33561200: daddr:100932208
[  280.400469] AAAAA-TCP_FORW: name:enp0s3: saddr:33561200: daddr:100932208
[  280.545444] AAAAA-TCP_FORW: name:enp0s3: saddr:33561200: daddr:100932208
[  280.714858] AAAAA-TCP_FORW: name:enp0s3: saddr:33561200: daddr:100932208
[  280.811355] AAAAA-TCP_FORW: name:enp0s3: saddr:33561200: daddr:100932208
[  281.230997] AAAAA-TCP_FORW: name:enp0s3: saddr:16783984: daddr:100932208
[  281.377691] AAAAA-TCP_FORW: name:enp0s3: saddr:16783984: daddr:100932208
[  281.528363] AAAAA-TCP_FORW: name:enp0s3: saddr:16783984: daddr:100932208
[  281.616408] AAAAA-TCP_FORW: name:enp0s3: saddr:16783984: daddr:100932208
[  281.709135] AAAAA-TCP_FORW: name:enp0s3: saddr:16783984: daddr:100932208
[  281.797796] AAAAA-TCP_FORW: name:enp0s3: saddr:16783984: daddr:100932208
[  281.928724] AAAAA-TCP_FORW: name:enp0s3: saddr:16783984: daddr:100932208
[  282.024696] AAAAA-TCP_FORW: name:enp0s3: saddr:16783984: daddr:100932208
[  282.116851] AAAAA-TCP_FORW: name:enp0s3: saddr:16783984: daddr:100932208
[  282.208141] AAAAA-TCP_FORW: name:enp0s3: saddr:16783984: daddr:100932208
[  282.322857] AAAAA-TCP_FORW: name:enp0s3: saddr:16783984: daddr:100932208
[  282.383284] AAAAA-TCP_FORW: name:enp0s3: saddr:16783984: daddr:100932208
[  282.448356] AAAAA-TCP_FORW: name:enp0s3: saddr:16783984: daddr:100932208
[  282.512698] AAAAA-TCP_FORW: name:enp0s3: saddr:16783984: daddr:100932208
[  282.563441] AAAAA-TCP_FORW: name:enp0s3: saddr:16783984: daddr:100932208
[  282.613730] AAAAA-TCP_FORW: name:enp0s3: saddr:16783984: daddr:100932208
[  282.663818] AAAAA-TCP_FORW: name:enp0s3: saddr:16783984: daddr:100932208
[  282.764547] AAAAA-TCP_FORW: name:enp0s3: saddr:16783984: daddr:100932208
[  282.849343] AAAAA-TCP_FORW: name:enp0s3: saddr:16783984: daddr:100932208
[  282.949104] AAAAA-TCP_FORW: name:enp0s3: saddr:16783984: daddr:100932208
[  283.015816] AAAAA-TCP_FORW: name:enp0s3: saddr:16783984: daddr:100932208
[  283.128486] AAAAA-TCP_FORW: name:enp0s3: saddr:16783984: daddr:100932208
[  283.196282] AAAAA-TCP_FORW: name:enp0s3: saddr:16783984: daddr:100932208
[  283.274608] AAAAA-TCP_FORW: name:enp0s3: saddr:16783984: daddr:100932208
[  283.374656] AAAAA-TCP_FORW: name:enp0s3: saddr:16783984: daddr:100932208
[  283.432993] AAAAA-TCP_FORW: name:enp0s3: saddr:16783984: daddr:100932208
[  283.495961] AAAAA-TCP_FORW: name:enp0s3: saddr:16783984: daddr:100932208
[  283.630311] AAAAA-TCP_FORW: name:enp0s3: saddr:16783984: daddr:100932208
[  283.720497] AAAAA-TCP_FORW: name:enp0s3: saddr:33561200: daddr:100932208
[  283.822028] AAAAA-TCP_FORW: name:enp0s3: saddr:33561200: daddr:100932208
[  283.925123] AAAAA-TCP_FORW: name:enp0s3: saddr:33561200: daddr:100932208
[  284.017233] AAAAA-TCP_FORW: name:enp0s3: saddr:33561200: daddr:100932208
[  284.107420] AAAAA-TCP_FORW: name:enp0s3: saddr:33561200: daddr:100932208
[  284.238403] AAAAA-TCP_FORW: name:enp0s3: saddr:33561200: daddr:100932208
[  284.487450] AAAAA-TCP_FORW: name:enp0s3: saddr:33561200: daddr:100932208
[  285.233204] AAAAA-TCP_FORW: name:enp0s3: saddr:16783984: daddr:100932208
[  285.496874] AAAAA-TCP_FORW: name:enp0s3: saddr:16783984: daddr:100932208
[  285.605245] AAAAA-TCP_FORW: name:enp0s3: saddr:16783984: daddr:100932208
[  285.741700] AAAAA-TCP_FORW: name:enp0s3: saddr:16783984: daddr:100932208
[  285.862213] AAAAA-TCP_FORW: name:enp0s3: saddr:16783984: daddr:100932208
[  285.947145] AAAAA-TCP_FORW: name:enp0s3: saddr:16783984: daddr:100932208
[  286.011760] AAAAA-TCP_FORW: name:enp0s3: saddr:16783984: daddr:100932208
[  286.098821] AAAAA-TCP_FORW: name:enp0s3: saddr:16783984: daddr:100932208
[  286.201634] AAAAA-TCP_FORW: name:enp0s3: saddr:16783984: daddr:100932208
[  286.377438] AAAAA-TCP_FORW: name:enp0s3: saddr:16783984: daddr:100932208
[  286.472911] AAAAA-TCP_FORW: name:enp0s3: saddr:16783984: daddr:100932208
[  286.524534] AAAAA-TCP_FORW: name:enp0s3: saddr:16783984: daddr:100932208
[  286.575317] AAAAA-TCP_FORW: name:enp0s3: saddr:16783984: daddr:100932208
[  286.697891] AAAAA-TCP_FORW: name:enp0s3: saddr:16783984: daddr:100932208
[  286.750163] AAAAA-TCP_FORW: name:enp0s3: saddr:16783984: daddr:100932208
[  286.874587] AAAAA-TCP_FORW: name:enp0s3: saddr:16783984: daddr:100932208
[  287.061095] AAAAA-TCP_FORW: name:enp0s3: saddr:16783984: daddr:100932208
[  287.094588] AAAAA-TCP_FORW: name:enp0s3: saddr:16783984: daddr:100932208
[  287.266490] AAAAA-TCP_FORW: name:enp0s3: saddr:16783984: daddr:100932208
[  287.350451] AAAAA-TCP_FORW: name:enp0s3: saddr:16783984: daddr:100932208
[  287.442173] AAAAA-TCP_FORW: name:enp0s3: saddr:16783984: daddr:100932208
[  287.496013] AAAAA-TCP_FORW: name:enp0s3: saddr:16783984: daddr:100932208
[  287.572220] AAAAA-TCP_FORW: name:enp0s3: saddr:16783984: daddr:100932208
[  287.609558] AAAAA-TCP_FORW: name:enp0s3: saddr:16783984: daddr:100932208
[  287.709429] AAAAA-TCP_FORW: name:enp0s3: saddr:16783984: daddr:100932208
[  287.765383] AAAAA-TCP_FORW: name:enp0s3: saddr:16783984: daddr:100932208
[  287.832340] AAAAA-TCP_FORW: name:enp0s3: saddr:33561200: daddr:100932208
[  287.908044] AAAAA-TCP_FORW: name:enp0s3: saddr:33561200: daddr:100932208
[  288.125910] AAAAA-TCP_FORW: name:enp0s3: saddr:33561200: daddr:100932208
[  288.201332] AAAAA-TCP_FORW: name:enp0s3: saddr:33561200: daddr:100932208
[  288.347349] AAAAA-TCP_FORW: name:enp0s3: saddr:33561200: daddr:100932208
[  288.473898] AAAAA-TCP_FORW: name:enp0s3: saddr:33561200: daddr:100932208
[  289.404708] AAAAA-TCP_FORW: name:enp0s3: saddr:16783984: daddr:100932208
[  289.980236] AAAAA-TCP_FORW: name:enp0s3: saddr:16783984: daddr:100932208
[  290.094072] AAAAA-TCP_FORW: name:enp0s3: saddr:16783984: daddr:100932208
[  290.246272] AAAAA-TCP_FORW: name:enp0s3: saddr:16783984: daddr:100932208
[  290.491968] AAAAA-TCP_FORW: name:enp0s3: saddr:16783984: daddr:100932208
[  290.633303] AAAAA-TCP_FORW: name:enp0s3: saddr:16783984: daddr:100932208
[  290.853415] AAAAA-TCP_FORW: name:enp0s3: saddr:16783984: daddr:100932208
[  291.230319] AAAAA-TCP_FORW: name:enp0s3: saddr:16783984: daddr:100932208
[  291.331109] AAAAA-TCP_FORW: name:enp0s3: saddr:16783984: daddr:100932208
[  291.423734] AAAAA-TCP_FORW: name:enp0s3: saddr:16783984: daddr:100932208
[  291.506925] AAAAA-TCP_FORW: name:enp0s3: saddr:16783984: daddr:100932208
[  291.595469] AAAAA-TCP_FORW: name:enp0s3: saddr:16783984: daddr:100932208
[  291.825065] AAAAA-TCP_FORW: name:enp0s3: saddr:16783984: daddr:100932208
[  291.984963] AAAAA-TCP_FORW: name:enp0s3: saddr:16783984: daddr:100932208
[  292.088814] AAAAA-TCP_FORW: name:enp0s3: saddr:16783984: daddr:100932208
[  292.165322] AAAAA-TCP_FORW: name:enp0s3: saddr:16783984: daddr:100932208
[  292.214291] AAAAA-TCP_FORW: name:enp0s3: saddr:16783984: daddr:100932208
[  292.309892] AAAAA-TCP_FORW: name:enp0s3: saddr:16783984: daddr:100932208
[  292.393955] AAAAA-TCP_FORW: name:enp0s3: saddr:16783984: daddr:100932208
[  292.521953] AAAAA-TCP_FORW: name:enp0s3: saddr:16783984: daddr:100932208
[  292.853148] AAAAA-TCP_FORW: name:enp0s3: saddr:16783984: daddr:100932208
[  293.049350] AAAAA-TCP_FORW: name:enp0s3: saddr:16783984: daddr:100932208
[  293.161414] AAAAA-TCP_FORW: name:enp0s3: saddr:33561200: daddr:100932208
[  293.232316] AAAAA-TCP_FORW: name:enp0s3: saddr:33561200: daddr:100932208
[  293.311583] AAAAA-TCP_FORW: name:enp0s3: saddr:33561200: daddr:100932208
[  293.386667] AAAAA-TCP_FORW: name:enp0s3: saddr:33561200: daddr:100932208
[  293.556551] AAAAA-TCP_FORW: name:enp0s3: saddr:33561200: daddr:100932208
[  293.677306] AAAAA-TCP_FORW: name:enp0s3: saddr:33561200: daddr:100932208
[  294.052923] AAAAA-TCP_FORW: name:enp0s3: saddr:33561200: daddr:100932208
[  295.301728] AAAAA-TCP_FORW: name:enp0s3: saddr:16783984: daddr:100932208
[  295.647331] AAAAA-TCP_FORW: name:enp0s3: saddr:16783984: daddr:100932208
[  295.890502] AAAAA-TCP_FORW: name:enp0s3: saddr:16783984: daddr:100932208
[  296.129667] AAAAA-TCP_FORW: name:enp0s3: saddr:16783984: daddr:100932208
[  296.284363] AAAAA-TCP_FORW: name:enp0s3: saddr:16783984: daddr:100932208
[  296.379835] AAAAA-TCP_FORW: name:enp0s3: saddr:16783984: daddr:100932208
[  296.518871] AAAAA-TCP_FORW: name:enp0s3: saddr:16783984: daddr:100932208
[  296.623138] AAAAA-TCP_FORW: name:enp0s3: saddr:16783984: daddr:100932208
[  296.690876] AAAAA-TCP_FORW: name:enp0s3: saddr:16783984: daddr:100932208
[  296.788103] AAAAA-TCP_FORW: name:enp0s3: saddr:16783984: daddr:100932208
[  296.891531] AAAAA-TCP_FORW: name:enp0s3: saddr:16783984: daddr:100932208
[  297.025015] AAAAA-TCP_FORW: name:enp0s3: saddr:16783984: daddr:100932208
[  297.173016] AAAAA-TCP_FORW: name:enp0s3: saddr:16783984: daddr:100932208
[  297.410386] AAAAA-TCP_FORW: name:enp0s3: saddr:16783984: daddr:100932208
[  297.594166] AAAAA-TCP_FORW: name:enp0s3: saddr:16783984: daddr:100932208
[  297.719018] AAAAA-TCP_FORW: name:enp0s3: saddr:16783984: daddr:100932208
[  297.791848] AAAAA-TCP_FORW: name:enp0s3: saddr:33561200: daddr:100932208
[  297.952067] AAAAA-TCP_FORW: name:enp0s3: saddr:33561200: daddr:100932208
[  298.057304] AAAAA-TCP_FORW: name:enp0s3: saddr:33561200: daddr:100932208
[  298.145746] AAAAA-TCP_FORW: name:enp0s3: saddr:33561200: daddr:100932208
[  298.249628] AAAAA-TCP_FORW: name:enp0s3: saddr:33561200: daddr:100932208
[  298.292837] AAAAA-TCP_FORW: name:enp0s3: saddr:33561200: daddr:100932208
[  298.461286] AAAAA-TCP_FORW: name:enp0s3: saddr:33561200: daddr:100932208
[  298.851414] AAAAA-TCP_FORW: name:enp0s3: saddr:16783984: daddr:100932208
[  299.317486] AAAAA-TCP_FORW: name:enp0s3: saddr:16783984: daddr:100932208
[  299.713630] AAAAA-TCP_FORW: name:enp0s3: saddr:16783984: daddr:100932208
[  300.047363] AAAAA-TCP_FORW: name:enp0s3: saddr:16783984: daddr:100932208
[  300.134465] AAAAA-TCP_FORW: name:enp0s3: saddr:16783984: daddr:100932208
[  300.193712] AAAAA-TCP_FORW: name:enp0s3: saddr:16783984: daddr:100932208
[  300.236363] AAAAA-TCP_FORW: name:enp0s3: saddr:16783984: daddr:100932208
[  300.296179] AAAAA-TCP_FORW: name:enp0s3: saddr:16783984: daddr:100932208
[  300.336137] AAAAA-TCP_FORW: name:enp0s3: saddr:16783984: daddr:100932208
[  300.387340] AAAAA-TCP_FORW: name:enp0s3: saddr:16783984: daddr:100932208
[  300.575397] AAAAA-TCP_FORW: name:enp0s3: saddr:16783984: daddr:100932208
[  300.847855] AAAAA-TCP_FORW: name:enp0s3: saddr:16783984: daddr:100932208
[  301.152221] AAAAA-TCP_FORW: name:enp0s3: saddr:16783984: daddr:100932208
[  301.536118] AAAAA-TCP_FORW: name:enp0s3: saddr:16783984: daddr:100932208
[  301.883949] AAAAA-TCP_FORW: name:enp0s3: saddr:33561200: daddr:100932208
[  301.957354] AAAAA-TCP_FORW: name:enp0s3: saddr:33561200: daddr:100932208
[  302.036574] AAAAA-TCP_FORW: name:enp0s3: saddr:33561200: daddr:100932208
[  302.105418] AAAAA-TCP_FORW: name:enp0s3: saddr:33561200: daddr:100932208
[  302.180371] AAAAA-TCP_FORW: name:enp0s3: saddr:33561200: daddr:100932208
[  302.275681] AAAAA-TCP_FORW: name:enp0s3: saddr:33561200: daddr:100932208
[  302.372641] AAAAA-TCP_FORW: name:enp0s3: saddr:33561200: daddr:100932208
[  302.802563] AAAAA-TCP_FORW: name:enp0s3: saddr:16783984: daddr:100932208
[  304.107723] AAAAA-TCP_FORW: name:enp0s3: saddr:16783984: daddr:100932208
[  304.652099] AAAAA-TCP_FORW: name:enp0s3: saddr:16783984: daddr:100932208
[  304.741243] AAAAA-TCP_FORW: name:enp0s3: saddr:16783984: daddr:100932208
[  304.816456] AAAAA-TCP_FORW: name:enp0s3: saddr:16783984: daddr:100932208
[  304.892279] AAAAA-TCP_FORW: name:enp0s3: saddr:16783984: daddr:100932208
[  304.981699] AAAAA-TCP_FORW: name:enp0s3: saddr:16783984: daddr:100932208
[  304.989192] AAAAA-TCP_FORW: name:enp0s3: saddr:16783984: daddr:100932208
[  305.183907] AAAAA-TCP_FORW: name:enp0s3: saddr:16783984: daddr:100932208
[  305.285158] AAAAA-TCP_FORW: name:enp0s3: saddr:16783984: daddr:100932208
[  305.343670] AAAAA-TCP_FORW: name:enp0s3: saddr:16783984: daddr:100932208
[  305.586581] AAAAA-TCP_FORW: name:enp0s3: saddr:16783984: daddr:100932208
[  306.139407] AAAAA-TCP_FORW: name:enp0s3: saddr:16783984: daddr:100932208
[  306.805685] AAAAA-TCP_FORW: name:enp0s3: saddr:33561200: daddr:100932208
[  306.877947] AAAAA-TCP_FORW: name:enp0s3: saddr:33561200: daddr:100932208
[  307.059263] AAAAA-TCP_FORW: name:enp0s3: saddr:33561200: daddr:100932208
[  307.261909] AAAAA-TCP_FORW: name:enp0s3: saddr:33561200: daddr:100932208
[  307.767287] AAAAA-TCP_FORW: name:enp0s3: saddr:16783984: daddr:100932208
[  307.911722] AAAAA-TCP_FORW: name:enp0s3: saddr:16783984: daddr:100932208
[  308.452917] AAAAA-TCP_FORW: name:enp0s3: saddr:16783984: daddr:100932208
[  308.582658] AAAAA-TCP_FORW: name:enp0s3: saddr:16783984: daddr:100932208
[  308.721662] AAAAA-TCP_FORW: name:enp0s3: saddr:16783984: daddr:100932208
[  308.752377] AAAAA-TCP_FORW: name:enp0s3: saddr:16783984: daddr:100932208
[  308.795930] AAAAA-TCP_FORW: name:enp0s3: saddr:16783984: daddr:100932208
[  308.828663] AAAAA-TCP_FORW: name:enp0s3: saddr:16783984: daddr:100932208
[  308.931391] AAAAA-TCP_FORW: name:enp0s3: saddr:16783984: daddr:100932208
[  309.026430] AAAAA-TCP_FORW: name:enp0s3: saddr:16783984: daddr:100932208
[  309.097211] AAAAA-TCP_FORW: name:enp0s3: saddr:16783984: daddr:100932208
[  309.158812] AAAAA-TCP_FORW: name:enp0s3: saddr:16783984: daddr:100932208
[  309.189218] AAAAA-TCP_FORW: name:enp0s3: saddr:16783984: daddr:100932208
[  309.319620] AAAAA-TCP_FORW: name:enp0s3: saddr:16783984: daddr:100932208
[  309.386416] AAAAA-TCP_FORW: name:enp0s3: saddr:33561200: daddr:100932208
[  309.507614] AAAAA-TCP_FORW: name:enp0s3: saddr:33561200: daddr:100932208
[  309.653611] AAAAA-TCP_FORW: name:enp0s3: saddr:16783984: daddr:100932208
[  309.687676] AAAAA-TCP_FORW: name:enp0s3: saddr:16783984: daddr:100932208
[  309.808292] AAAAA-TCP_FORW: name:enp0s3: saddr:16783984: daddr:100932208
[  309.910406] AAAAA-TCP_FORW: name:enp0s3: saddr:16783984: daddr:100932208
[  310.075616] AAAAA-TCP_FORW: name:enp0s3: saddr:16783984: daddr:100932208
[  310.166901] AAAAA-TCP_FORW: name:enp0s3: saddr:16783984: daddr:100932208
[  310.292551] AAAAA-TCP_FORW: name:enp0s3: saddr:16783984: daddr:100932208
[  310.333025] AAAAA-TCP_FORW: name:enp0s3: saddr:16783984: daddr:100932208
[  310.437690] AAAAA-TCP_FORW: name:enp0s3: saddr:33561200: daddr:100932208
[  310.522171] AAAAA-TCP_FORW: name:enp0s3: saddr:33561200: daddr:100932208
[  310.615729] AAAAA-TCP_FORW: name:enp0s3: saddr:33561200: daddr:100932208
[  310.669260] AAAAA-TCP_FORW: name:enp0s3: saddr:16783984: daddr:100932208
[  310.739185] AAAAA-TCP_FORW: name:enp0s3: saddr:33561200: daddr:100932208
[  310.853056] AAAAA-TCP_FORW: name:enp0s3: saddr:33561200: daddr:100932208
[  310.916780] AAAAA-TCP_FORW: name:enp0s3: saddr:16783984: daddr:100932208
[  311.125669] AAAAA-TCP_FORW: name:enp0s3: saddr:16783984: daddr:100932208
[  311.248194] AAAAA-TCP_FORW: name:enp0s3: saddr:33561200: daddr:100932208
[  311.345757] AAAAA-TCP_FORW: name:enp0s3: saddr:33561200: daddr:100932208
[  311.386882] AAAAA-TCP_FORW: name:enp0s3: saddr:33561200: daddr:100932208
[  311.418197] AAAAA-TCP_FORW: name:enp0s3: saddr:33561200: daddr:100932208
[  311.468881] AAAAA-TCP_FORW: name:enp0s3: saddr:33561200: daddr:100932208
[  311.562917] AAAAA-TCP_FORW: name:enp0s3: saddr:16783984: daddr:100932208
[  311.612057] AAAAA-TCP_FORW: name:enp0s3: saddr:16783984: daddr:100932208
[  311.739425] AAAAA-TCP_FORW: name:enp0s3: saddr:33561200: daddr:100932208
[  311.790266] AAAAA-TCP_FORW: name:enp0s3: saddr:33561200: daddr:100932208
[  311.879298] AAAAA-TCP_FORW: name:enp0s3: saddr:33561200: daddr:100932208
[  312.092951] AAAAA-TCP_FORW: name:enp0s3: saddr:33561200: daddr:100932208
[  312.134245] AAAAA-TCP_FORW: name:enp0s3: saddr:33561200: daddr:100932208
[  312.186766] AAAAA-TCP_FORW: name:enp0s3: saddr:33561200: daddr:100932208
[  312.314523] AAAAA-TCP_FORW: name:enp0s3: saddr:16783984: daddr:100932208
[  312.476390] AAAAA-TCP_FORW: name:enp0s3: saddr:33561200: daddr:100932208
[  312.511596] AAAAA-TCP_FORW: name:enp0s3: saddr:16783984: daddr:100932208
[  574.215933] rfkill: input handler enabled
[  583.024717] rfkill: input handler disabled
[  804.377646] device enp0s3 left promiscuous mode
