[    0.000000] Linux version 5.4.243-mptcp (root@ztg) (gcc version 12.2.0 (Debian 12.2.0-14+deb12u1)) #53 SMP Wed Dec 24 23:28:15 CST 2025
[    0.000000] Command line: BOOT_IMAGE=/boot/vmlinuz-5.4.243-mptcp root=UUID=98415a12-53b7-4144-8265-0f7ece09e445 ro quiet splash
[    0.000000] KERNEL supported cpus:
[    0.000000]   Intel GenuineIntel
[    0.000000]   AMD AuthenticAMD
[    0.000000]   Hygon HygonGenuine
[    0.000000]   Centaur CentaurHauls
[    0.000000]   zhaoxin   Shanghai  
[    0.000000] x86/fpu: Supporting XSAVE feature 0x001: 'x87 floating point registers'
[    0.000000] x86/fpu: Supporting XSAVE feature 0x002: 'SSE registers'
[    0.000000] x86/fpu: Supporting XSAVE feature 0x004: 'AVX registers'
[    0.000000] x86/fpu: xstate_offset[2]:  576, xstate_sizes[2]:  256
[    0.000000] x86/fpu: Enabled xstate features 0x7, context size is 832 bytes, using 'standard' format.
[    0.000000] BIOS-provided physical RAM map:
[    0.000000] BIOS-e820: [mem 0x0000000000000000-0x000000000009fbff] usable
[    0.000000] BIOS-e820: [mem 0x000000000009fc00-0x000000000009ffff] reserved
[    0.000000] BIOS-e820: [mem 0x00000000000f0000-0x00000000000fffff] reserved
[    0.000000] BIOS-e820: [mem 0x0000000000100000-0x000000007ffeffff] usable
[    0.000000] BIOS-e820: [mem 0x000000007fff0000-0x000000007fffffff] ACPI data
[    0.000000] BIOS-e820: [mem 0x00000000fec00000-0x00000000fec00fff] reserved
[    0.000000] BIOS-e820: [mem 0x00000000fee00000-0x00000000fee00fff] reserved
[    0.000000] BIOS-e820: [mem 0x00000000fffc0000-0x00000000ffffffff] reserved
[    0.000000] NX (Execute Disable) protection: active
[    0.000000] SMBIOS 2.5 present.
[    0.000000] DMI: innotek GmbH VirtualBox/VirtualBox, BIOS VirtualBox 12/01/2006
[    0.000000] Hypervisor detected: KVM
[    0.000000] kvm-clock: Using msrs 4b564d01 and 4b564d00
[    0.000000] kvm-clock: cpu 0, msr 4ee01001, primary cpu clock
[    0.000000] kvm-clock: using sched offset of 4472034469 cycles
[    0.000003] clocksource: kvm-clock: mask: 0xffffffffffffffff max_cycles: 0x1cd42e4dffb, max_idle_ns: 881590591483 ns
[    0.000006] tsc: Detected 2100.000 MHz processor
[    0.001875] e820: update [mem 0x00000000-0x00000fff] usable ==> reserved
[    0.001877] e820: remove [mem 0x000a0000-0x000fffff] usable
[    0.001881] last_pfn = 0x7fff0 max_arch_pfn = 0x400000000
[    0.001948] MTRR default type: uncachable
[    0.001949] MTRR fixed ranges enabled:
[    0.001951]   00000-9FFFF write-back
[    0.001951]   A0000-BFFFF uncachable
[    0.001952]   C0000-FFFFF write-protect
[    0.001953] MTRR variable ranges enabled:
[    0.001954]   0 base 000000000000 mask 3FFF80000000 write-back
[    0.001955]   1 disabled
[    0.001955]   2 disabled
[    0.001956]   3 disabled
[    0.001956]   4 disabled
[    0.001957]   5 disabled
[    0.001957]   6 disabled
[    0.001957]   7 disabled
[    0.001958]   8 disabled
[    0.001958]   9 disabled
[    0.001959]   10 disabled
[    0.001959]   11 disabled
[    0.001960]   12 disabled
[    0.001960]   13 disabled
[    0.001960]   14 disabled
[    0.001961]   15 disabled
[    0.001977] x86/PAT: Configuration [0-7]: WB  WC  UC- UC  WB  WP  UC- WT  
[    0.002111] found SMP MP-table at [mem 0x0009fff0-0x0009ffff]
[    0.090975] check: Scanning 1 areas for low memory corruption
[    0.091095] RAMDISK: [mem 0x32271000-0x3512ffff]
[    0.091103] ACPI: Early table checksum verification disabled
[    0.091108] ACPI: RSDP 0x00000000000E0000 000024 (v02 VBOX  )
[    0.091113] ACPI: XSDT 0x000000007FFF0030 00003C (v01 VBOX   VBOXXSDT 00000001 ASL  00000061)
[    0.091119] ACPI: FACP 0x000000007FFF00F0 0000F4 (v04 VBOX   VBOXFACP 00000001 ASL  00000061)
[    0.091126] ACPI: DSDT 0x000000007FFF02E0 002353 (v02 VBOX   VBOXBIOS 00000002 VBOX 00029BF3)
[    0.091130] ACPI: FACS 0x000000007FFF0200 000040
[    0.091133] ACPI: FACS 0x000000007FFF0200 000040
[    0.091136] ACPI: APIC 0x000000007FFF0240 000054 (v02 VBOX   VBOXAPIC 00000001 ASL  00000061)
[    0.091140] ACPI: SSDT 0x000000007FFF02A0 000038 (v01 VBOX   VBOXCPUT 00000002 VBOX 00029BF3)
[    0.091143] ACPI: Reserving FACP table memory at [mem 0x7fff00f0-0x7fff01e3]
[    0.091144] ACPI: Reserving DSDT table memory at [mem 0x7fff02e0-0x7fff2632]
[    0.091145] ACPI: Reserving FACS table memory at [mem 0x7fff0200-0x7fff023f]
[    0.091145] ACPI: Reserving FACS table memory at [mem 0x7fff0200-0x7fff023f]
[    0.091146] ACPI: Reserving APIC table memory at [mem 0x7fff0240-0x7fff0293]
[    0.091147] ACPI: Reserving SSDT table memory at [mem 0x7fff02a0-0x7fff02d7]
[    0.091162] ACPI: Local APIC address 0xfee00000
[    0.091347] No NUMA configuration found
[    0.091348] Faking a node at [mem 0x0000000000000000-0x000000007ffeffff]
[    0.091359] NODE_DATA(0) allocated [mem 0x7ffc5000-0x7ffeffff]
[    0.091620] Zone ranges:
[    0.091621]   DMA      [mem 0x0000000000001000-0x0000000000ffffff]
[    0.091622]   DMA32    [mem 0x0000000001000000-0x000000007ffeffff]
[    0.091623]   Normal   empty
[    0.091624]   Device   empty
[    0.091625] Movable zone start for each node
[    0.091626] Early memory node ranges
[    0.091627]   node   0: [mem 0x0000000000001000-0x000000000009efff]
[    0.091628]   node   0: [mem 0x0000000000100000-0x000000007ffeffff]
[    0.091631] Zeroed struct page in unavailable ranges: 114 pages
[    0.091632] Initmem setup node 0 [mem 0x0000000000001000-0x000000007ffeffff]
[    0.091633] On node 0 totalpages: 524174
[    0.091635]   DMA zone: 64 pages used for memmap
[    0.091635]   DMA zone: 21 pages reserved
[    0.091636]   DMA zone: 3998 pages, LIFO batch:0
[    0.091707]   DMA32 zone: 8128 pages used for memmap
[    0.091708]   DMA32 zone: 520176 pages, LIFO batch:63
[    0.100774] ACPI: PM-Timer IO Port: 0x4008
[    0.100777] ACPI: Local APIC address 0xfee00000
[    0.100843] IOAPIC[0]: apic_id 1, version 32, address 0xfec00000, GSI 0-23
[    0.100846] ACPI: INT_SRC_OVR (bus 0 bus_irq 0 global_irq 2 dfl dfl)
[    0.100848] ACPI: INT_SRC_OVR (bus 0 bus_irq 9 global_irq 9 low level)
[    0.100850] ACPI: IRQ0 used by override.
[    0.100851] ACPI: IRQ9 used by override.
[    0.100853] Using ACPI (MADT) for SMP configuration information
[    0.100860] smpboot: Allowing 1 CPUs, 0 hotplug CPUs
[    0.100881] PM: Registered nosave memory: [mem 0x00000000-0x00000fff]
[    0.100883] PM: Registered nosave memory: [mem 0x0009f000-0x0009ffff]
[    0.100883] PM: Registered nosave memory: [mem 0x000a0000-0x000effff]
[    0.100884] PM: Registered nosave memory: [mem 0x000f0000-0x000fffff]
[    0.100885] [mem 0x80000000-0xfebfffff] available for PCI devices
[    0.100886] Booting paravirtualized kernel on KVM
[    0.100889] clocksource: refined-jiffies: mask: 0xffffffff max_cycles: 0xffffffff, max_idle_ns: 7645519600211568 ns
[    0.100894] setup_percpu: NR_CPUS:8192 nr_cpumask_bits:1 nr_cpu_ids:1 nr_node_ids:1
[    0.101915] percpu: Embedded 60 pages/cpu s208896 r8192 d28672 u2097152
[    0.101919] pcpu-alloc: s208896 r8192 d28672 u2097152 alloc=1*2097152
[    0.101920] pcpu-alloc: [0] 0 
[    0.101947] Built 1 zonelists, mobility grouping on.  Total pages: 515961
[    0.101947] Policy zone: DMA32
[    0.101949] Kernel command line: BOOT_IMAGE=/boot/vmlinuz-5.4.243-mptcp root=UUID=98415a12-53b7-4144-8265-0f7ece09e445 ro quiet splash
[    0.102806] Dentry cache hash table entries: 262144 (order: 9, 2097152 bytes, linear)
[    0.102954] Inode-cache hash table entries: 131072 (order: 8, 1048576 bytes, linear)
[    0.103005] mem auto-init: stack:off, heap alloc:on, heap free:off
[    0.103008] Calgary: detecting Calgary via BIOS EBDA area
[    0.103009] Calgary: Unable to locate Rio Grande table in EBDA - bailing!
[    0.107143] Memory: 1967332K/2096696K available (14339K kernel code, 2398K rwdata, 4712K rodata, 2728K init, 17260K bss, 129364K reserved, 0K cma-reserved)
[    0.108076] SLUB: HWalign=64, Order=0-3, MinObjects=0, CPUs=1, Nodes=1
[    0.108092] ftrace: allocating 43186 entries in 169 pages
[    0.126251] rcu: Hierarchical RCU implementation.
[    0.126253] rcu: 	RCU restricting CPUs from NR_CPUS=8192 to nr_cpu_ids=1.
[    0.126254] 	Tasks RCU enabled.
[    0.126255] rcu: RCU calculated value of scheduler-enlistment delay is 25 jiffies.
[    0.126256] rcu: Adjusting geometry for rcu_fanout_leaf=16, nr_cpu_ids=1
[    0.129219] NR_IRQS: 524544, nr_irqs: 256, preallocated irqs: 16
[    0.129432] random: crng init done
[    0.138653] Console: colour VGA+ 80x25
[    0.138657] printk: console [tty0] enabled
[    0.138676] ACPI: Core revision 20190816
[    0.138769] APIC: Switch to symmetric I/O mode setup
[    0.139019] x2apic enabled
[    0.139255] Switched APIC routing to physical x2apic.
[    0.140390] ..TIMER: vector=0x30 apic1=0 pin1=2 apic2=-1 pin2=-1
[    0.140415] clocksource: tsc-early: mask: 0xffffffffffffffff max_cycles: 0x1e4530a99b6, max_idle_ns: 440795257976 ns
[    0.140421] Calibrating delay loop (skipped) preset value.. 4200.00 BogoMIPS (lpj=8400000)
[    0.140423] pid_max: default: 32768 minimum: 301
[    0.140450] LSM: Security Framework initializing
[    0.140459] Yama: becoming mindful.
[    0.140485] AppArmor: AppArmor initialized
[    0.140518] Mount-cache hash table entries: 4096 (order: 3, 32768 bytes, linear)
[    0.140522] Mountpoint-cache hash table entries: 4096 (order: 3, 32768 bytes, linear)
[    0.140532] *** VALIDATE tmpfs ***
[    0.140660] *** VALIDATE proc ***
[    0.140701] *** VALIDATE cgroup1 ***
[    0.140702] *** VALIDATE cgroup2 ***
[    0.140840] process: using mwait in idle threads
[    0.140845] Last level iTLB entries: 4KB 64, 2MB 8, 4MB 8
[    0.140846] Last level dTLB entries: 4KB 64, 2MB 0, 4MB 0, 1GB 4
[    0.140866] Spectre V1 : Mitigation: usercopy/swapgs barriers and __user pointer sanitization
[    0.140872] Spectre V2 : Mitigation: Retpolines
[    0.140872] Spectre V2 : Spectre v2 / SpectreRSB mitigation: Filling RSB on context switch
[    0.140873] Spectre V2 : Spectre v2 / SpectreRSB : Filling RSB on VMEXIT
[    0.140874] RETBleed: WARNING: Spectre v2 mitigation leaves CPU vulnerable to RETBleed attacks, data leaks possible!
[    0.141227] RETBleed: Vulnerable
[    0.141227] Speculative Store Bypass: Vulnerable
[    0.141232] TAA: Mitigation: TSX disabled
[    0.141232] MMIO Stale Data: Mitigation: Clear CPU buffers
[    0.145429] Freeing SMP alternatives memory: 40K
[    0.257759] smpboot: CPU0: Intel(R) Xeon(R) Silver 4216 CPU @ 2.10GHz (family: 0x6, model: 0x55, stepping: 0x7)
[    0.257893] Performance Events: unsupported p6 CPU model 85 no PMU driver, software events only.
[    0.257937] rcu: Hierarchical SRCU implementation.
[    0.258419] NMI watchdog: Perf NMI watchdog permanently disabled
[    0.258457] smp: Bringing up secondary CPUs ...
[    0.258458] smp: Brought up 1 node, 1 CPU
[    0.258459] smpboot: Max logical packages: 1
[    0.258460] smpboot: Total of 1 processors activated (4200.00 BogoMIPS)
[    0.259724] devtmpfs: initialized
[    0.259772] x86/mm: Memory block size: 128MB
[    0.260120] clocksource: jiffies: mask: 0xffffffff max_cycles: 0xffffffff, max_idle_ns: 7645041785100000 ns
[    0.260126] futex hash table entries: 256 (order: 2, 16384 bytes, linear)
[    0.260170] pinctrl core: initialized pinctrl subsystem
[    0.260354] PM: RTC time: 18:16:30, date: 2026-01-15
[    0.260417] NET: Registered protocol family 16
[    0.260417] audit: initializing netlink subsys (disabled)
[    0.260417] EISA bus registered
[    0.260417] cpuidle: using governor ladder
[    0.260417] cpuidle: using governor menu
[    0.260417] ACPI: bus type PCI registered
[    0.260417] acpiphp: ACPI Hot Plug PCI Controller Driver version: 0.5
[    0.260417] PCI: Using configuration type 1 for base access
[    0.261731] audit: type=2000 audit(1768472196.362:1): state=initialized audit_enabled=0 res=1
[    0.261833] HugeTLB registered 2.00 MiB page size, pre-allocated 0 pages
[    0.262721] ACPI: Added _OSI(Module Device)
[    0.262721] ACPI: Added _OSI(Processor Device)
[    0.262722] ACPI: Added _OSI(3.0 _SCP Extensions)
[    0.262723] ACPI: Added _OSI(Processor Aggregator Device)
[    0.262724] ACPI: Added _OSI(Linux-Dell-Video)
[    0.262725] ACPI: Added _OSI(Linux-Lenovo-NV-HDMI-Audio)
[    0.262725] ACPI: Added _OSI(Linux-HPI-Hybrid-Graphics)
[    0.264832] ACPI: 2 ACPI AML tables successfully acquired and loaded
[    0.266509] ACPI: Interpreter enabled
[    0.266520] ACPI: (supports S0 S5)
[    0.266521] ACPI: Using IOAPIC for interrupt routing
[    0.266749] PCI: Using host bridge windows from ACPI; if necessary, use "pci=nocrs" and report a bug
[    0.266862] ACPI: Enabled 2 GPEs in block 00 to 07
[    0.272306] ACPI: PCI Root Bridge [PCI0] (domain 0000 [bus 00-ff])
[    0.272323] acpi PNP0A03:00: _OSC: OS supports [ASPM ClockPM Segments MSI HPX-Type3]
[    0.272893] acpi PNP0A03:00: _OSC: not requesting OS control; OS requires [ExtendedConfig ASPM ClockPM MSI]
[    0.272905] acpi PNP0A03:00: fail to add MMCONFIG information, can't access extended PCI configuration space under this bridge.
[    0.273331] PCI host bridge to bus 0000:00
[    0.273333] pci_bus 0000:00: root bus resource [io  0x0000-0x0cf7 window]
[    0.273335] pci_bus 0000:00: root bus resource [io  0x0d00-0xffff window]
[    0.273336] pci_bus 0000:00: root bus resource [mem 0x000a0000-0x000bffff window]
[    0.273337] pci_bus 0000:00: root bus resource [mem 0x80000000-0xfdffffff window]
[    0.273338] pci_bus 0000:00: root bus resource [bus 00-ff]
[    0.273392] pci 0000:00:00.0: [8086:1237] type 00 class 0x060000
[    0.274378] pci 0000:00:01.0: [8086:7000] type 00 class 0x060100
[    0.275178] pci 0000:00:01.1: [8086:7111] type 00 class 0x01018a
[    0.275558] pci 0000:00:01.1: reg 0x20: [io  0xd000-0xd00f]
[    0.275716] pci 0000:00:01.1: legacy IDE quirk: reg 0x10: [io  0x01f0-0x01f7]
[    0.275718] pci 0000:00:01.1: legacy IDE quirk: reg 0x14: [io  0x03f6]
[    0.275719] pci 0000:00:01.1: legacy IDE quirk: reg 0x18: [io  0x0170-0x0177]
[    0.275720] pci 0000:00:01.1: legacy IDE quirk: reg 0x1c: [io  0x0376]
[    0.276298] pci 0000:00:02.0: [15ad:0405] type 00 class 0x030000
[    0.278473] pci 0000:00:02.0: reg 0x10: [io  0xd010-0xd01f]
[    0.282452] pci 0000:00:02.0: reg 0x14: [mem 0xe0000000-0xe7ffffff pref]
[    0.284473] pci 0000:00:02.0: reg 0x18: [mem 0xf0000000-0xf01fffff]
[    0.297225] pci 0000:00:03.0: [1022:2000] type 00 class 0x020000
[    0.297912] pci 0000:00:03.0: reg 0x10: [io  0xd020-0xd03f]
[    0.298525] pci 0000:00:03.0: reg 0x14: [mem 0xf0200000-0xf0200fff]
[    0.301868] pci 0000:00:04.0: [80ee:cafe] type 00 class 0x088000
[    0.302537] pci 0000:00:04.0: reg 0x10: [io  0xd040-0xd05f]
[    0.303148] pci 0000:00:04.0: reg 0x14: [mem 0xf0400000-0xf07fffff]
[    0.303757] pci 0000:00:04.0: reg 0x18: [mem 0xf0800000-0xf0803fff pref]
[    0.307453] pci 0000:00:07.0: [8086:7113] type 00 class 0x068000
[    0.307990] pci 0000:00:07.0: quirk: [io  0x4000-0x403f] claimed by PIIX4 ACPI
[    0.308003] pci 0000:00:07.0: quirk: [io  0x4100-0x410f] claimed by PIIX4 SMB
[    0.308478] pci 0000:00:08.0: [8086:100e] type 00 class 0x020000
[    0.309184] pci 0000:00:08.0: reg 0x10: [mem 0xf0820000-0xf083ffff]
[    0.310342] pci 0000:00:08.0: reg 0x18: [io  0xd060-0xd067]
[    0.314075] pci 0000:00:09.0: [8086:100e] type 00 class 0x020000
[    0.314779] pci 0000:00:09.0: reg 0x10: [mem 0xf0840000-0xf085ffff]
[    0.315936] pci 0000:00:09.0: reg 0x18: [io  0xd068-0xd06f]
[    0.325512] ACPI: PCI Interrupt Link [LNKA] (IRQs 5 9 10 *11)
[    0.325798] ACPI: PCI Interrupt Link [LNKB] (IRQs 5 9 *10 11)
[    0.325907] ACPI: PCI Interrupt Link [LNKC] (IRQs 5 *9 10 11)
[    0.326010] ACPI: PCI Interrupt Link [LNKD] (IRQs 5 9 10 *11)
[    0.326275] iommu: Default domain type: Translated 
[    0.326335] pci 0000:00:02.0: vgaarb: setting as boot VGA device
[    0.326337] pci 0000:00:02.0: vgaarb: VGA device added: decodes=io+mem,owns=io+mem,locks=none
[    0.326339] pci 0000:00:02.0: vgaarb: bridge control possible
[    0.326340] vgaarb: loaded
[    0.326549] SCSI subsystem initialized
[    0.326580] libata version 3.00 loaded.
[    0.326604] ACPI: bus type USB registered
[    0.326619] usbcore: registered new interface driver usbfs
[    0.326625] usbcore: registered new interface driver hub
[    0.326632] usbcore: registered new device driver usb
[    0.326660] pps_core: LinuxPPS API ver. 1 registered
[    0.326661] pps_core: Software ver. 5.3.6 - Copyright 2005-2007 Rodolfo Giometti <giometti@linux.it>
[    0.326663] PTP clock support registered
[    0.326697] EDAC MC: Ver: 3.0.0
[    0.328586] PCI: Using ACPI for IRQ routing
[    0.328588] PCI: pci_cache_line_size set to 64 bytes
[    0.328757] e820: reserve RAM buffer [mem 0x0009fc00-0x0009ffff]
[    0.328761] e820: reserve RAM buffer [mem 0x7fff0000-0x7fffffff]
[    0.329576] NetLabel: Initializing
[    0.329576] NetLabel:  domain hash size = 128
[    0.329577] NetLabel:  protocols = UNLABELED CIPSOv4 CALIPSO
[    0.329596] NetLabel:  unlabeled traffic allowed by default
[    0.330505] clocksource: Switched to clocksource kvm-clock
[    0.342959] *** VALIDATE bpf ***
[    0.343019] VFS: Disk quotas dquot_6.6.0
[    0.343032] VFS: Dquot-cache hash table entries: 512 (order 0, 4096 bytes)
[    0.343055] *** VALIDATE ramfs ***
[    0.343058] *** VALIDATE hugetlbfs ***
[    0.343140] AppArmor: AppArmor Filesystem Enabled
[    0.343168] pnp: PnP ACPI init
[    0.343241] pnp 00:00: Plug and Play ACPI device, IDs PNP0303 (active)
[    0.343329] pnp 00:01: Plug and Play ACPI device, IDs PNP0f03 (active)
[    0.344091] pnp: PnP ACPI: found 2 devices
[    0.345048] thermal_sys: Registered thermal governor 'fair_share'
[    0.345049] thermal_sys: Registered thermal governor 'bang_bang'
[    0.345050] thermal_sys: Registered thermal governor 'step_wise'
[    0.345050] thermal_sys: Registered thermal governor 'user_space'
[    0.345051] thermal_sys: Registered thermal governor 'power_allocator'
[    0.349581] clocksource: acpi_pm: mask: 0xffffff max_cycles: 0xffffff, max_idle_ns: 2085701024 ns
[    0.349622] pci_bus 0000:00: resource 4 [io  0x0000-0x0cf7 window]
[    0.349623] pci_bus 0000:00: resource 5 [io  0x0d00-0xffff window]
[    0.349625] pci_bus 0000:00: resource 6 [mem 0x000a0000-0x000bffff window]
[    0.349626] pci_bus 0000:00: resource 7 [mem 0x80000000-0xfdffffff window]
[    0.349684] NET: Registered protocol family 2
[    0.349760] IP idents hash table entries: 32768 (order: 6, 262144 bytes, linear)
[    0.350172] MPTCP tokens hash table entries: 8192 (order: 4, 65536 bytes, linear)
[    0.350193] MPTCP request tokens hash table entries: 8192 (order: 4, 65536 bytes, linear)
[    0.350219] default registered
[    0.350219] default registered
[    0.350220] MPTCP: Stable release v0.96
[    0.350225] tcp_listen_portaddr_hash hash table entries: 1024 (order: 2, 16384 bytes, linear)
[    0.350308] TCP established hash table entries: 16384 (order: 5, 131072 bytes, linear)
[    0.350373] TCP bind hash table entries: 16384 (order: 6, 262144 bytes, linear)
[    0.350398] TCP: Hash tables configured (established 16384 bind 16384)
[    0.351153] UDP hash table entries: 1024 (order: 3, 32768 bytes, linear)
[    0.351165] UDP-Lite hash table entries: 1024 (order: 3, 32768 bytes, linear)
[    0.351202] NET: Registered protocol family 1
[    0.351212] NET: Registered protocol family 44
[    0.351234] pci 0000:00:00.0: Limiting direct PCI/PCI transfers
[    0.351247] pci 0000:00:01.0: Activating ISA DMA hang workarounds
[    0.351302] pci 0000:00:02.0: Video device with shadowed ROM at [mem 0x000c0000-0x000dffff]
[    0.351367] PCI: CLS 0 bytes, default 64
[    0.351416] Trying to unpack rootfs image as initramfs...
[    0.523177] Freeing initrd memory: 47868K
[    0.523177] clocksource: tsc: mask: 0xffffffffffffffff max_cycles: 0x1e4530a99b6, max_idle_ns: 440795257976 ns
[    0.523177] clocksource: Switched to clocksource tsc
[    0.523177] platform rtc_cmos: registered platform RTC device (no PNP device found)
[    0.523177] check: Scanning for low memory corruption every 60 seconds
[    0.523177] Initialise system trusted keyrings
[    0.523177] Key type blacklist registered
[    0.523177] workingset: timestamp_bits=36 max_order=19 bucket_order=0
[    0.523177] zbud: loaded
[    0.523177] squashfs: version 4.0 (2009/01/31) Phillip Lougher
[    0.523177] fuse: init (API version 7.31)
[    0.523177] *** VALIDATE fuse ***
[    0.523177] *** VALIDATE fuse ***
[    0.523177] Platform Keyring initialized
[    0.523177] Key type asymmetric registered
[    0.523177] Asymmetric key parser 'x509' registered
[    0.523177] Block layer SCSI generic (bsg) driver version 0.4 loaded (major 244)
[    0.523177] io scheduler mq-deadline registered
[    0.523177] shpchp: Standard Hot Plug PCI Controller Driver version: 0.4
[    0.534897] ACPI: AC Adapter [AC] (on-line)
[    0.534944] input: Power Button as /devices/LNXSYSTM:00/LNXPWRBN:00/input/input0
[    0.534973] ACPI: Power Button [PWRF]
[    0.535093] input: Sleep Button as /devices/LNXSYSTM:00/LNXSLPBN:00/input/input1
[    0.535107] ACPI: Sleep Button [SLPF]
[    0.535330] Serial: 8250/16550 driver, 32 ports, IRQ sharing enabled
[    0.536496] Linux agpgart interface v0.103
[    0.631039] loop: module loaded
[    0.631188] ata_piix 0000:00:01.1: version 2.13
[    0.631596] scsi host0: ata_piix
[    0.631687] scsi host1: ata_piix
[    0.631714] ata1: PATA max UDMA/33 cmd 0x1f0 ctl 0x3f6 bmdma 0xd000 irq 14
[    0.631714] ata2: PATA max UDMA/33 cmd 0x170 ctl 0x376 bmdma 0xd008 irq 15
[    0.631795] tun: Universal TUN/TAP device driver, 1.6
[    0.632096] PPP generic driver version 2.4.2
[    0.632139] VFIO - User Level meta-driver version: 0.3
[    0.632379] ehci_hcd: USB 2.0 'Enhanced' Host Controller (EHCI) Driver
[    0.632383] ehci-pci: EHCI PCI platform driver
[    0.632398] ehci-platform: EHCI generic platform driver
[    0.632403] ohci_hcd: USB 1.1 'Open' Host Controller (OHCI) Driver
[    0.632405] ohci-pci: OHCI PCI platform driver
[    0.632412] ohci-platform: OHCI generic platform driver
[    0.632417] uhci_hcd: USB Universal Host Controller Interface driver
[    0.632483] i8042: PNP: PS/2 Controller [PNP0303:PS2K,PNP0f03:PS2M] at 0x60,0x64 irq 1,12
[    0.632916] serio: i8042 KBD port at 0x60,0x64 irq 1
[    0.632920] serio: i8042 AUX port at 0x60,0x64 irq 12
[    0.633006] mousedev: PS/2 mouse device common for all mice
[    0.633260] input: AT Translated Set 2 keyboard as /devices/platform/i8042/serio0/input/input2
[    0.633658] rtc_cmos rtc_cmos: registered as rtc0
[    0.633671] rtc_cmos rtc_cmos: alarms up to one day, 114 bytes nvram
[    0.633676] i2c /dev entries driver
[    0.633718] device-mapper: uevent: version 1.0.3
[    0.633761] device-mapper: ioctl: 4.41.0-ioctl (2019-09-16) initialised: dm-devel@redhat.com
[    0.633777] platform eisa.0: Probing EISA bus 0
[    0.633778] platform eisa.0: EISA: Cannot allocate resource for mainboard
[    0.633779] platform eisa.0: Cannot allocate resource for EISA slot 1
[    0.633780] platform eisa.0: Cannot allocate resource for EISA slot 2
[    0.633781] platform eisa.0: Cannot allocate resource for EISA slot 3
[    0.633782] platform eisa.0: Cannot allocate resource for EISA slot 4
[    0.633783] platform eisa.0: Cannot allocate resource for EISA slot 5
[    0.633784] platform eisa.0: Cannot allocate resource for EISA slot 6
[    0.633785] platform eisa.0: Cannot allocate resource for EISA slot 7
[    0.633786] platform eisa.0: Cannot allocate resource for EISA slot 8
[    0.633787] platform eisa.0: EISA: Detected 0 cards
[    0.633790] intel_pstate: CPU model not supported
[    0.633799] ledtrig-cpu: registered to indicate activity on CPUs
[    0.633852] drop_monitor: Initializing network drop monitor service
[    0.634018] NET: Registered protocol family 10
[    0.639140] Segment Routing with IPv6
[    0.639140] fullmesh registered
[    0.639140] ndiffports registered
[    0.639140] binder registered
[    0.639140] roundrobin registered
[    0.639140] redundant registered
[    0.639140] blest registered
[    0.639140] ecf registered
[    0.639140] NET: Registered protocol family 17
[    0.639140] Key type dns_resolver registered
[    0.639140] RAS: Correctable Errors collector initialized.
[    0.639140] IPI shorthand broadcast: enabled
[    0.639140] sched_clock: Marking stable (624144697, 10995309)->(636147246, -1007240)
[    0.639481] registered taskstats version 1
[    0.639489] Loading compiled-in X.509 certificates
[    0.640079] Loaded X.509 cert 'Build time autogenerated kernel key: 6909f3744cebb3d0de528d5887b96a727de79b1e'
[    0.640099] zswap: loaded using pool lzo/zbud
[    0.640153] Key type ._fscrypt registered
[    0.640154] Key type .fscrypt registered
[    0.644623] Key type big_key registered
[    0.646843] Key type encrypted registered
[    0.646845] AppArmor: AppArmor sha1 policy hashing enabled
[    0.646853] ima: No TPM chip found, activating TPM-bypass!
[    0.646857] ima: Allocated hash algorithm: sha1
[    0.646862] ima: No architecture policies found
[    0.646872] evm: Initialising EVM extended attributes:
[    0.646873] evm: security.selinux
[    0.646873] evm: security.SMACK64
[    0.646874] evm: security.SMACK64EXEC
[    0.646874] evm: security.SMACK64TRANSMUTE
[    0.646875] evm: security.SMACK64MMAP
[    0.646875] evm: security.apparmor
[    0.646875] evm: security.ima
[    0.646876] evm: security.capability
[    0.646877] evm: HMAC attrs: 0x1
[    0.647173] PM:   Magic number: 10:724:291
[    0.647196] tty tty24: hash matches
[    0.647281] rtc_cmos rtc_cmos: setting system clock to 2026-01-15T18:16:31 UTC (1768500991)
[    0.802811] ata1.00: ATA-6: VBOX HARDDISK, 1.0, max UDMA/133
[    0.802813] ata1.00: 209715200 sectors, multi 128: LBA 
[    0.803278] scsi 0:0:0:0: Direct-Access     ATA      VBOX HARDDISK    1.0  PQ: 0 ANSI: 5
[    0.803468] sd 0:0:0:0: [sda] 209715200 512-byte logical blocks: (107 GB/100 GiB)
[    0.803475] sd 0:0:0:0: [sda] Write Protect is off
[    0.803477] sd 0:0:0:0: [sda] Mode Sense: 00 3a 00 00
[    0.803488] sd 0:0:0:0: [sda] Write cache: enabled, read cache: enabled, doesn't support DPO or FUA
[    0.803705] sd 0:0:0:0: Attached scsi generic sg0 type 0
[    0.804427]  sda: sda1 sda2
[    0.815128] sd 0:0:0:0: [sda] Attached SCSI disk
[    0.817096] Freeing unused decrypted memory: 2040K
[    0.817809] Freeing unused kernel image memory: 2728K
[    0.817811] Write protecting the kernel read-only data: 22528k
[    0.818513] Freeing unused kernel image memory: 2036K
[    0.818929] Freeing unused kernel image memory: 1432K
[    0.834073] x86/mm: Checked W+X mappings: passed, no W+X pages found.
[    0.834077] Run /init as init process
[    0.935389] ACPI: Video Device [GFX0] (multi-head: yes  rom: no  post: no)
[    0.935463] input: Video Bus as /devices/LNXSYSTM:00/LNXSYBUS:00/PNP0A03:00/LNXVIDEO:00/input/input4
[    0.946546] pcnet32: pcnet32.c:v1.35 21.Apr.2008 tsbogend@alpha.franken.de
[    0.948217] piix4_smbus 0000:00:07.0: SMBus Host Controller at 0x4100, revision 0
[    0.951039] e1000: Intel(R) PRO/1000 Network Driver - version 7.3.21-k8-NAPI
[    0.951040] e1000: Copyright (c) 1999-2006 Intel Corporation.
[    0.956481] pcnet32: PCnet/FAST III 79C973 at 0xd020, 08:00:27:dc:9c:ac assigned IRQ 19
[    0.956527] pcnet32: Found PHY 0022:561b at address 0
[    0.956864] pcnet32: eth0: registered as PCnet/FAST III 79C973
[    0.968017] pcnet32: 1 cards_found
[    1.030731] pcnet32 0000:00:03.0 enp0s3: renamed from eth0
[    1.164585] input: ImExPS/2 Generic Explorer Mouse as /devices/platform/i8042/serio1/input/input5
[    1.364019] e1000 0000:00:08.0 eth0: (PCI:33MHz:32-bit) 08:00:27:3f:14:1d
[    1.364023] e1000 0000:00:08.0 eth0: Intel(R) PRO/1000 Network Connection
[    1.739325] e1000 0000:00:09.0 eth1: (PCI:33MHz:32-bit) 08:00:27:12:65:d6
[    1.739327] e1000 0000:00:09.0 eth1: Intel(R) PRO/1000 Network Connection
[    1.740498] e1000 0000:00:09.0 enp0s9: renamed from eth1
[    1.742280] e1000 0000:00:08.0 enp0s8: renamed from eth0
[    1.893779] EXT4-fs (sda2): mounted filesystem with ordered data mode. Opts: (null)
[    1.984850] systemd[1]: Inserted module 'autofs4'
[    1.996589] systemd[1]: systemd 245.4-4ubuntu3 running in system mode. (+PAM +AUDIT +SELINUX +IMA +APPARMOR +SMACK +SYSVINIT +UTMP +LIBCRYPTSETUP +GCRYPT +GNUTLS +ACL +XZ +LZ4 +SECCOMP +BLKID +ELFUTILS +KMOD +IDN2 -IDN +PCRE2 default-hierarchy=hybrid)
[    1.996618] systemd[1]: Detected virtualization oracle.
[    1.996621] systemd[1]: Detected architecture x86-64.
[    1.997899] systemd[1]: Set hostname to <ztg>.
[    2.123052] systemd[1]: /lib/systemd/system/dbus.socket:5: ListenStream= references a path below legacy directory /var/run/, updating /var/run/dbus/system_bus_socket â†’ /run/dbus/system_bus_socket; please update the unit file accordingly.
[    2.175114] systemd[1]: Created slice system-modprobe.slice.
[    2.175309] systemd[1]: Created slice User and Session Slice.
[    2.175353] systemd[1]: Started Forward Password Requests to Wall Directory Watch.
[    2.175512] systemd[1]: Set up automount Arbitrary Executable File Formats File System Automount Point.
[    2.175546] systemd[1]: Reached target User and Group Name Lookups.
[    2.175555] systemd[1]: Reached target Remote File Systems.
[    2.175563] systemd[1]: Reached target Slices.
[    2.176125] systemd[1]: Listening on Syslog Socket.
[    2.176192] systemd[1]: Listening on fsck to fsckd communication Socket.
[    2.176229] systemd[1]: Listening on initctl Compatibility Named Pipe.
[    2.176362] systemd[1]: Listening on Journal Audit Socket.
[    2.176415] systemd[1]: Listening on Journal Socket (/dev/log).
[    2.176480] systemd[1]: Listening on Journal Socket.
[    2.176543] systemd[1]: Listening on udev Control Socket.
[    2.176584] systemd[1]: Listening on udev Kernel Socket.
[    2.177309] systemd[1]: Mounting Huge Pages File System...
[    2.178176] systemd[1]: Mounting POSIX Message Queue File System...
[    2.179106] systemd[1]: Mounting Kernel Debug File System...
[    2.179915] systemd[1]: Mounting Kernel Trace File System...
[    2.181839] systemd[1]: Starting Journal Service...
[    2.206124] systemd[1]: Starting Set the console keyboard layout...
[    2.213966] systemd[1]: Starting Create list of static device nodes for the current kernel...
[    2.215836] systemd[1]: Starting Load Kernel Module drm...
[    2.216844] systemd[1]: Condition check resulted in Set Up Additional Binary Formats being skipped.
[    2.216897] systemd[1]: Condition check resulted in File System Check on Root Device being skipped.
[    2.234854] systemd[1]: Starting Load Kernel Modules...
[    2.239959] systemd[1]: Starting Remount Root and Kernel File Systems...
[    2.245791] systemd[1]: Starting udev Coldplug all Devices...
[    2.256823] systemd[1]: Starting Uncomplicated firewall...
[    2.257996] systemd[1]: Mounted Huge Pages File System.
[    2.258083] systemd[1]: Mounted POSIX Message Queue File System.
[    2.258160] systemd[1]: Mounted Kernel Debug File System.
[    2.258233] systemd[1]: Mounted Kernel Trace File System.
[    2.263338] EXT4-fs (sda2): re-mounted. Opts: errors=remount-ro
[    2.280842] systemd[1]: Finished Create list of static device nodes for the current kernel.
[    2.281871] systemd[1]: modprobe@drm.service: Succeeded.
[    2.298359] systemd[1]: Finished Load Kernel Module drm.
[    2.304633] systemd[1]: Finished Remount Root and Kernel File Systems.
[    2.305464] systemd[1]: Finished Uncomplicated firewall.
[    2.307129] lp: driver loaded but no devices found
[    2.324100] systemd[1]: Condition check resulted in Rebuild Hardware Database being skipped.
[    2.324138] systemd[1]: Condition check resulted in Platform Persistent Storage Archival being skipped.
[    2.324788] systemd[1]: Starting Load/Save Random Seed...
[    2.330588] systemd[1]: Starting Create System Users...
[    2.335879] ppdev: user-space parallel port driver
[    2.344967] systemd[1]: Finished Load/Save Random Seed.
[    2.353451] systemd[1]: Finished Create System Users.
[    2.354192] systemd[1]: Starting Create Static Device Nodes in /dev...
[    2.378974] systemd[1]: Finished udev Coldplug all Devices.
[    2.385619] systemd[1]: Finished Create Static Device Nodes in /dev.
[    2.386343] systemd[1]: Starting udev Kernel Device Manager...
[    2.409407] [drm] DMA map mode: Caching DMA mappings.
[    2.409470] [drm] Capabilities:
[    2.409470] [drm]   Rect copy.
[    2.409471] [drm]   Cursor.
[    2.409471] [drm]   Cursor bypass.
[    2.409471] [drm]   Cursor bypass 2.
[    2.409472] [drm]   Alpha cursor.
[    2.409472] [drm]   Extended Fifo.
[    2.409472] [drm]   Pitchlock.
[    2.409473] [drm]   Irq mask.
[    2.409473] [drm]   GMR.
[    2.409473] [drm]   Traces.
[    2.409474] [drm]   GMR2.
[    2.409474] [drm]   Screen Object 2.
[    2.409474] [drm]   Command Buffers.
[    2.409475] [drm]   Command Buffers 2.
[    2.409475] [drm]   Guest Backed Resources.
[    2.409476] [drm] Max GMR ids is 8192
[    2.409477] [drm] Max number of GMR pages is 1048576
[    2.409477] [drm] Max dedicated hypervisor surface memory is 393216 kiB
[    2.409478] [drm] Maximum display memory size is 131072 kiB
[    2.409479] [drm] VRAM at 0xe0000000 size is 131072 kiB
[    2.409479] [drm] MMIO at 0xf0000000 size is 2048 kiB
[    2.426119] [TTM] Zone  kernel: Available graphics memory: 1011738 KiB
[    2.426119] [TTM] Initializing pool allocator
[    2.426122] [TTM] Initializing DMA pool allocator
[    2.426149] [drm] Supports vblank timestamp caching Rev 2 (21.10.2013).
[    2.426150] [drm] No driver support for vblank timestamp query.
[    2.426400] [drm] Screen Target Display device initialized
[    2.426573] [drm] width 720
[    2.426590] [drm] height 400
[    2.426593] [drm] bpp 32
[    2.427146] [drm] Fifo max 0x00200000 min 0x00001000 cap 0x00000355
[    2.428225] [drm] Using command buffers with DMA pool.
[    2.428229] [drm] DX: no.
[    2.428229] [drm] Atomic: yes.
[    2.428230] [drm] SM4_1: no.
[    2.428248] [drm:vmw_host_log [vmwgfx]] *ERROR* Failed to send host log message.
[    2.429136] [drm:vmw_host_log [vmwgfx]] *ERROR* Failed to send host log message.
[    2.434994] fbcon: svgadrmfb (fb0) is primary device
[    2.442734] Console: switching to colour frame buffer device 100x37
[    2.449985] [drm] Initialized vmwgfx 2.15.0 20180704 for 0000:00:02.0 on minor 0
[    2.450963] systemd[1]: Finished Load Kernel Modules.
[    2.451884] systemd[1]: Mounting FUSE Control File System...
[    2.453022] systemd[1]: Mounting Kernel Configuration File System...
[    2.474684] systemd[1]: Starting Apply Kernel Variables...
[    2.475784] systemd[1]: Mounted FUSE Control File System.
[    2.475868] systemd[1]: Condition check resulted in VMware vmblock fuse mount being skipped.
[    2.492890] systemd[1]: Mounted Kernel Configuration File System.
[    2.497418] systemd[1]: Finished Set the console keyboard layout.
[    2.497508] systemd[1]: Reached target Local File Systems (Pre).
[    2.500113] systemd[1]: Mounting Mount unit for bare, revision 5...
[    2.503684] systemd[1]: Mounting Mount unit for core18, revision 1705...
[    2.513351] systemd[1]: Mounting Mount unit for gnome-3-34-1804, revision 24...
[    2.520664] systemd[1]: Mounting Mount unit for gtk-common-themes, revision 1506...
[    2.544290] systemd[1]: Mounting Mount unit for gtk-common-themes, revision 1535...
[    2.552599] systemd[1]: Mounting Mount unit for snap-store, revision 433...
[    2.560111] systemd[1]: Mounting Mount unit for snapd, revision 25935...
[    2.573658] systemd[1]: Finished Apply Kernel Variables.
[    2.574658] systemd[1]: Mounted Mount unit for bare, revision 5.
[    2.574745] systemd[1]: Mounted Mount unit for core18, revision 1705.
[    2.574832] systemd[1]: Mounted Mount unit for gnome-3-34-1804, revision 24.
[    2.589134] systemd[1]: Mounted Mount unit for gtk-common-themes, revision 1506.
[    2.599462] systemd[1]: Mounted Mount unit for snap-store, revision 433.
[    2.607485] systemd[1]: Started udev Kernel Device Manager.
[    2.608202] systemd[1]: Starting Show Plymouth Boot Screen...
[    2.613425] systemd[1]: Mounted Mount unit for gtk-common-themes, revision 1535.
[    2.613512] systemd[1]: Mounted Mount unit for snapd, revision 25935.
[    2.613563] systemd[1]: Reached target Local File Systems.
[    2.617952] systemd[1]: Starting Load AppArmor profiles...
[    2.624108] systemd[1]: Starting Set console font and keymap...
[    2.632475] systemd[1]: Starting Tell Plymouth To Write Out Runtime Data...
[    2.632526] systemd[1]: Condition check resulted in Store a System Token in an EFI Variable being skipped.
[    2.632569] systemd[1]: Condition check resulted in Commit a transient machine-id on disk being skipped.
[    2.633170] systemd[1]: Received SIGRTMIN+20 from PID 278 (plymouthd).
[    2.656673] systemd[1]: Finished Set console font and keymap.
[    2.657008] systemd[1]: plymouth-read-write.service: Succeeded.
[    2.657245] systemd[1]: Finished Tell Plymouth To Write Out Runtime Data.
[    2.657401] systemd[1]: Received SIGRTMIN+20 from PID 278 (plymouthd).
[    2.666441] systemd[1]: Started Show Plymouth Boot Screen.
[    2.666592] systemd[1]: Condition check resulted in Dispatch Password Requests to Console Directory Watch being skipped.
[    2.666668] systemd[1]: Started Forward Password Requests to Plymouth Directory Watch.
[    2.666699] systemd[1]: Reached target Local Encrypted Volumes.
[    2.680938] audit: type=1400 audit(1768500993.528:2): apparmor="STATUS" operation="profile_load" profile="unconfined" name="nvidia_modprobe" pid=296 comm="apparmor_parser"
[    2.680940] audit: type=1400 audit(1768500993.528:3): apparmor="STATUS" operation="profile_load" profile="unconfined" name="nvidia_modprobe//kmod" pid=296 comm="apparmor_parser"
[    2.687715] audit: type=1400 audit(1768500993.536:4): apparmor="STATUS" operation="profile_load" profile="unconfined" name="/usr/sbin/tcpdump" pid=300 comm="apparmor_parser"
[    2.743709] audit: type=1400 audit(1768500993.588:5): apparmor="STATUS" operation="profile_load" profile="unconfined" name="/usr/bin/evince" pid=302 comm="apparmor_parser"
[    2.743711] audit: type=1400 audit(1768500993.588:6): apparmor="STATUS" operation="profile_load" profile="unconfined" name="/usr/bin/evince//sanitized_helper" pid=302 comm="apparmor_parser"
[    2.743713] audit: type=1400 audit(1768500993.588:7): apparmor="STATUS" operation="profile_load" profile="unconfined" name="/usr/bin/evince-previewer" pid=302 comm="apparmor_parser"
[    2.743714] audit: type=1400 audit(1768500993.588:8): apparmor="STATUS" operation="profile_load" profile="unconfined" name="/usr/bin/evince-previewer//sanitized_helper" pid=302 comm="apparmor_parser"
[    2.743716] audit: type=1400 audit(1768500993.588:9): apparmor="STATUS" operation="profile_load" profile="unconfined" name="/usr/bin/evince-thumbnailer" pid=302 comm="apparmor_parser"
[    2.758990] audit: type=1400 audit(1768500993.604:10): apparmor="STATUS" operation="profile_load" profile="unconfined" name="/usr/lib/cups/backend/cups-pdf" pid=306 comm="apparmor_parser"
[    2.830082] systemd[1]: Finished Load AppArmor profiles.
[    2.831070] systemd[1]: Starting Load AppArmor profiles managed internally by snapd...
[    2.955916] systemd[1]: Finished Load AppArmor profiles managed internally by snapd.
[    3.160687] systemd[1]: Started Journal Service.
[    3.170254] systemd-journald[229]: Received client request to flush runtime journal.
[    3.173253] systemd-journald[229]: File /var/log/journal/c455b248004a419c87ce85eea238d727/system.journal corrupted or uncleanly shut down, renaming and replacing.
[    4.469210] RAPL PMU: API unit is 2^-32 Joules, 0 fixed counters, 10737418240 ms ovfl timer
[    4.533635] cryptd: max_cpu_qlen set to 1000
[    4.584714] AVX2 version of gcm_enc/dec engaged.
[    4.584716] AES CTR mode by8 optimization enabled
[    6.483394] Adding 1998844k swap on /dev/sda1.  Priority:-2 extents:1 across:1998844k FS
[    7.822785] kauditd_printk_skb: 30 callbacks suppressed
[    7.822787] audit: type=1400 audit(1768500998.664:41): apparmor="DENIED" operation="capable" profile="/usr/sbin/cups-browsed" pid=509 comm="cups-browsed" capability=23  capname="sys_nice"
[    9.022896] pcnet32 0000:00:03.0 enp0s3: link up, 100Mbps, full-duplex
[    9.067104] e1000: enp0s8 NIC Link is Up 1000 Mbps Full Duplex, Flow Control: RX
[    9.067434] IPv6: ADDRCONF(NETDEV_CHANGE): enp0s8: link becomes ready
[    9.089786] e1000: enp0s9 NIC Link is Up 1000 Mbps Full Duplex, Flow Control: RX
[    9.090064] IPv6: ADDRCONF(NETDEV_CHANGE): enp0s9: link becomes ready
[    9.736137] device enp0s3 entered promiscuous mode
[    9.775340] audit: type=1400 audit(1768501000.624:42): apparmor="DENIED" operation="open" profile="/usr/sbin/tcpdump" name="/proc/sys/kernel/random/boot_id" pid=665 comm="tcpdump" requested_mask="r" denied_mask="r" fsuid=0 ouid=0
[    9.775605] audit: type=1400 audit(1768501000.624:43): apparmor="DENIED" operation="open" profile="/usr/sbin/tcpdump" name="/proc/sys/kernel/random/boot_id" pid=665 comm="tcpdump" requested_mask="r" denied_mask="r" fsuid=0 ouid=0
[    9.775664] audit: type=1400 audit(1768501000.624:44): apparmor="DENIED" operation="open" profile="/usr/sbin/tcpdump" name="/proc/sys/kernel/random/boot_id" pid=665 comm="tcpdump" requested_mask="r" denied_mask="r" fsuid=0 ouid=0
[    9.775781] audit: type=1400 audit(1768501000.624:45): apparmor="DENIED" operation="open" profile="/usr/sbin/tcpdump" name="/proc/sys/kernel/random/boot_id" pid=665 comm="tcpdump" requested_mask="r" denied_mask="r" fsuid=0 ouid=0
[    9.780665] audit: type=1400 audit(1768501000.628:46): apparmor="DENIED" operation="open" profile="/usr/sbin/tcpdump" name="/proc/sys/kernel/random/boot_id" pid=666 comm="tcpdump" requested_mask="r" denied_mask="r" fsuid=0 ouid=0
[    9.783008] audit: type=1400 audit(1768501000.628:47): apparmor="DENIED" operation="open" profile="/usr/sbin/tcpdump" name="/proc/sys/kernel/random/boot_id" pid=666 comm="tcpdump" requested_mask="r" denied_mask="r" fsuid=0 ouid=0
[    9.783053] audit: type=1400 audit(1768501000.628:48): apparmor="DENIED" operation="open" profile="/usr/sbin/tcpdump" name="/proc/sys/kernel/random/boot_id" pid=666 comm="tcpdump" requested_mask="r" denied_mask="r" fsuid=0 ouid=0
[    9.784591] audit: type=1400 audit(1768501000.628:49): apparmor="DENIED" operation="open" profile="/usr/sbin/tcpdump" name="/proc/sys/kernel/random/boot_id" pid=666 comm="tcpdump" requested_mask="r" denied_mask="r" fsuid=0 ouid=0
[   15.849594] rfkill: input handler disabled
[   74.837755] rfkill: input handler enabled
[   83.532615] rfkill: input handler disabled
[  184.091273] AAAAA-TCP_SEND: name:enp0s3: saddr:100932208: daddr:16783984: srtt_us:0: RTT:0: ssthresh:2147483647: cwnd:10: delivered:0: lost:0: retrans:0
[  184.514405] AAAAA-TCP_RECV: name:enp0s3: saddr:16783984: daddr:100932208: srtt_us:0: RTT:0: ssthresh:2147483647: cwnd:10: delivered:0: lost:0: retrans:0
[  184.525646] AAAAA-TCP_SEND: name:enp0s3: saddr:100932208: daddr:16783984: srtt_us:3720560: RTT:465070: ssthresh:2147483647: cwnd:10: delivered:1: lost:0: retrans:0
[  184.525661] AAAAA-TCP_SEND: name:enp0s3: saddr:100932208: daddr:16783984: srtt_us:3720560: RTT:465070: ssthresh:2147483647: cwnd:10: delivered:1: lost:0: retrans:0
[  185.429839] AAAAA-TCP_RECV: name:enp0s3: saddr:16783984: daddr:100932208: srtt_us:3720560: RTT:465070: ssthresh:2147483647: cwnd:10: delivered:1: lost:0: retrans:0
[  185.429873] AAAAA-TCP_SEND: name:enp0s3: saddr:100932208: daddr:16783984: srtt_us:3720560: RTT:465070: ssthresh:2147483647: cwnd:10: delivered:1: lost:0: retrans:0
[  185.647039] AAAAA-TCP_SEND: name:enp0s3: saddr:100932208: daddr:16783984: srtt_us:3720560: RTT:465070: ssthresh:2147483647: cwnd:10: delivered:1: lost:0: retrans:1
[  186.112390] AAAAA-TCP_RECV: name:enp0s3: saddr:16783984: daddr:100932208: srtt_us:3720560: RTT:465070: ssthresh:2147483647: cwnd:10: delivered:1: lost:0: retrans:1
[  186.308287] AAAAA-TCP_RECV: name:enp0s3: saddr:16783984: daddr:100932208: srtt_us:3720560: RTT:465070: ssthresh:2147483647: cwnd:10: delivered:1: lost:0: retrans:1
[  186.308388] AAAAA-TCP_SEND: name:enp0s3: saddr:100932208: daddr:33561200: srtt_us:0: RTT:0: ssthresh:2147483647: cwnd:10: delivered:0: lost:0: retrans:0
[  186.605102] AAAAA-TCP_RECV: name:enp0s3: saddr:16783984: daddr:100932208: srtt_us:5048490: RTT:631061: ssthresh:2147483647: cwnd:10: delivered:2: lost:0: retrans:1
[  186.605149] AAAAA-TCP_SEND: name:enp0s3: saddr:100932208: daddr:16783984: srtt_us:5048490: RTT:631061: ssthresh:2147483647: cwnd:10: delivered:2: lost:0: retrans:1
[  186.605530] AAAAA-TCP_SEND: name:enp0s3: saddr:100932208: daddr:16783984: srtt_us:5048490: RTT:631061: ssthresh:2147483647: cwnd:10: delivered:2: lost:0: retrans:1
[  187.080357] AAAAA-TCP_RECV: name:enp0s3: saddr:16783984: daddr:100932208: srtt_us:5048490: RTT:631061: ssthresh:2147483647: cwnd:10: delivered:2: lost:0: retrans:1
[  187.080401] AAAAA-TCP_SEND: name:enp0s3: saddr:100932208: daddr:16783984: srtt_us:5048490: RTT:631061: ssthresh:2147483647: cwnd:10: delivered:2: lost:0: retrans:1
[  187.311046] AAAAA-TCP_SEND: name:enp0s3: saddr:100932208: daddr:33561200: srtt_us:0: RTT:0: ssthresh:7: cwnd:1: delivered:0: lost:1: retrans:1
[  187.311112] AAAAA-TCP_SEND: name:enp0s3: saddr:100932208: daddr:16783984: srtt_us:5048490: RTT:631061: ssthresh:2147483647: cwnd:10: delivered:3: lost:0: retrans:1
[  187.311130] AAAAA-TCP_SEND: name:enp0s3: saddr:100932208: daddr:16783984: srtt_us:5048490: RTT:631061: ssthresh:2147483647: cwnd:10: delivered:3: lost:0: retrans:1
[  187.311247] AAAAA-TCP_SEND: name:enp0s3: saddr:100932208: daddr:16783984: srtt_us:5048490: RTT:631061: ssthresh:2147483647: cwnd:10: delivered:3: lost:0: retrans:1
[  187.311261] AAAAA-TCP_SEND: name:enp0s3: saddr:100932208: daddr:16783984: srtt_us:5048490: RTT:631061: ssthresh:2147483647: cwnd:10: delivered:3: lost:0: retrans:1
[  187.311342] AAAAA-TCP_SEND: name:enp0s3: saddr:100932208: daddr:16783984: srtt_us:5048490: RTT:631061: ssthresh:2147483647: cwnd:10: delivered:3: lost:0: retrans:1
[  187.311355] AAAAA-TCP_SEND: name:enp0s3: saddr:100932208: daddr:16783984: srtt_us:5048490: RTT:631061: ssthresh:2147483647: cwnd:10: delivered:3: lost:0: retrans:1
[  187.317240] AAAAA-TCP_RECV: name:enp0s3: saddr:33561200: daddr:100932208: srtt_us:0: RTT:0: ssthresh:7: cwnd:1: delivered:0: lost:1: retrans:1
[  187.317269] AAAAA-TCP_SEND: name:enp0s3: saddr:100932208: daddr:33561200: srtt_us:8072000: RTT:1009000: ssthresh:2147483647: cwnd:10: delivered:1: lost:1: retrans:1
[  187.317291] AAAAA-TCP_SEND: name:enp0s3: saddr:100932208: daddr:16783984: srtt_us:5048490: RTT:631061: ssthresh:2147483647: cwnd:10: delivered:3: lost:0: retrans:1
[  187.787744] AAAAA-TCP_RECV: name:enp0s3: saddr:16783984: daddr:100932208: srtt_us:5048490: RTT:631061: ssthresh:2147483647: cwnd:10: delivered:3: lost:0: retrans:1
[  187.787793] AAAAA-TCP_SEND: name:enp0s3: saddr:100932208: daddr:16783984: srtt_us:5599668: RTT:699958: ssthresh:2147483647: cwnd:11: delivered:4: lost:0: retrans:1
[  188.379095] AAAAA-TCP_RECV: name:enp0s3: saddr:16783984: daddr:100932208: srtt_us:5599668: RTT:699958: ssthresh:2147483647: cwnd:11: delivered:4: lost:0: retrans:1
[  188.379133] AAAAA-TCP_SEND: name:enp0s3: saddr:100932208: daddr:16783984: srtt_us:5599668: RTT:699958: ssthresh:2147483647: cwnd:11: delivered:4: lost:0: retrans:1
[  188.646034] AAAAA-TCP_RECV: name:enp0s3: saddr:33561200: daddr:100932208: srtt_us:8072000: RTT:1009000: ssthresh:2147483647: cwnd:10: delivered:1: lost:1: retrans:1
[  188.646065] AAAAA-TCP_SEND: name:enp0s3: saddr:100932208: daddr:33561200: srtt_us:8072000: RTT:1009000: ssthresh:2147483647: cwnd:10: delivered:1: lost:1: retrans:1
[  188.816658] AAAAA-TCP_RECV: name:enp0s3: saddr:16783984: daddr:100932208: srtt_us:6198442: RTT:774805: ssthresh:2147483647: cwnd:12: delivered:5: lost:0: retrans:1
[  188.816709] AAAAA-TCP_SEND: name:enp0s3: saddr:100932208: daddr:16783984: srtt_us:6198442: RTT:774805: ssthresh:2147483647: cwnd:12: delivered:5: lost:0: retrans:1
[  188.816778] AAAAA-TCP_SEND: name:enp0s3: saddr:100932208: daddr:16783984: srtt_us:6929233: RTT:866154: ssthresh:2147483647: cwnd:13: delivered:6: lost:0: retrans:1
[  189.223054] AAAAA-TCP_RECV: name:enp0s3: saddr:16783984: daddr:100932208: srtt_us:6929233: RTT:866154: ssthresh:2147483647: cwnd:13: delivered:6: lost:0: retrans:1
[  189.223091] AAAAA-TCP_SEND: name:enp0s3: saddr:100932208: daddr:16783984: srtt_us:6929233: RTT:866154: ssthresh:2147483647: cwnd:13: delivered:6: lost:0: retrans:1
[  189.223128] AAAAA-TCP_SEND: name:enp0s3: saddr:100932208: daddr:16783984: srtt_us:7975056: RTT:996882: ssthresh:2147483647: cwnd:14: delivered:7: lost:0: retrans:1
[  189.303613] AAAAA-TCP_RECV: name:enp0s3: saddr:16783984: daddr:100932208: srtt_us:7975056: RTT:996882: ssthresh:2147483647: cwnd:14: delivered:7: lost:0: retrans:1
[  189.303643] AAAAA-TCP_SEND: name:enp0s3: saddr:100932208: daddr:16783984: srtt_us:7975056: RTT:996882: ssthresh:2147483647: cwnd:14: delivered:7: lost:0: retrans:1
[  189.303673] AAAAA-TCP_SEND: name:enp0s3: saddr:100932208: daddr:16783984: srtt_us:8970706: RTT:1121338: ssthresh:2147483647: cwnd:15: delivered:8: lost:0: retrans:1
[  189.562835] AAAAA-TCP_RECV: name:enp0s3: saddr:33561200: daddr:100932208: srtt_us:8072000: RTT:1009000: ssthresh:2147483647: cwnd:10: delivered:1: lost:1: retrans:1
[  189.562859] AAAAA-TCP_SEND: name:enp0s3: saddr:100932208: daddr:33561200: srtt_us:8072000: RTT:1009000: ssthresh:2147483647: cwnd:10: delivered:1: lost:1: retrans:1
[  189.612836] AAAAA-TCP_RECV: name:enp0s3: saddr:16783984: daddr:100932208: srtt_us:8970706: RTT:1121338: ssthresh:2147483647: cwnd:15: delivered:8: lost:0: retrans:1
[  189.612862] AAAAA-TCP_SEND: name:enp0s3: saddr:100932208: daddr:16783984: srtt_us:8970706: RTT:1121338: ssthresh:2147483647: cwnd:15: delivered:8: lost:0: retrans:1
[  189.612893] AAAAA-TCP_SEND: name:enp0s3: saddr:100932208: daddr:16783984: srtt_us:10150981: RTT:1268872: ssthresh:2147483647: cwnd:16: delivered:9: lost:0: retrans:1
[  189.841247] AAAAA-TCP_RECV: name:enp0s3: saddr:16783984: daddr:100932208: srtt_us:10150981: RTT:1268872: ssthresh:2147483647: cwnd:16: delivered:9: lost:0: retrans:1
[  189.841286] AAAAA-TCP_SEND: name:enp0s3: saddr:100932208: daddr:16783984: srtt_us:10150981: RTT:1268872: ssthresh:2147483647: cwnd:16: delivered:9: lost:0: retrans:1
[  189.938409] AAAAA-TCP_RECV: name:enp0s3: saddr:16783984: daddr:100932208: srtt_us:11412141: RTT:1426517: ssthresh:2147483647: cwnd:17: delivered:10: lost:0: retrans:1
[  190.075739] AAAAA-TCP_RECV: name:enp0s3: saddr:16783984: daddr:100932208: srtt_us:12612709: RTT:1576588: ssthresh:2147483647: cwnd:18: delivered:11: lost:0: retrans:1
[  190.205094] AAAAA-TCP_RECV: name:enp0s3: saddr:33561200: daddr:100932208: srtt_us:8072000: RTT:1009000: ssthresh:2147483647: cwnd:10: delivered:1: lost:1: retrans:1
[  190.205129] AAAAA-TCP_SEND: name:enp0s3: saddr:100932208: daddr:33561200: srtt_us:8072000: RTT:1009000: ssthresh:2147483647: cwnd:10: delivered:1: lost:1: retrans:1
[  190.303089] AAAAA-TCP_RECV: name:enp0s3: saddr:16783984: daddr:100932208: srtt_us:13800523: RTT:1725065: ssthresh:2147483647: cwnd:19: delivered:12: lost:0: retrans:1
[  190.351664] AAAAA-TCP_RECV: name:enp0s3: saddr:16783984: daddr:100932208: srtt_us:15061274: RTT:1882659: ssthresh:2147483647: cwnd:20: delivered:13: lost:0: retrans:1
[  190.443407] AAAAA-TCP_RECV: name:enp0s3: saddr:16783984: daddr:100932208: srtt_us:15742507: RTT:1967813: ssthresh:2147483647: cwnd:21: delivered:14: lost:0: retrans:1
[  190.529033] AAAAA-TCP_RECV: name:enp0s3: saddr:33561200: daddr:100932208: srtt_us:8072000: RTT:1009000: ssthresh:2147483647: cwnd:10: delivered:1: lost:1: retrans:1
[  190.558371] AAAAA-TCP_RECV: name:enp0s3: saddr:16783984: daddr:100932208: srtt_us:15838979: RTT:1979872: ssthresh:2147483647: cwnd:22: delivered:15: lost:0: retrans:1
[  190.616620] AAAAA-TCP_RECV: name:enp0s3: saddr:16783984: daddr:100932208: srtt_us:15600789: RTT:1950098: ssthresh:2147483647: cwnd:23: delivered:16: lost:0: retrans:1
[  190.682109] AAAAA-TCP_RECV: name:enp0s3: saddr:16783984: daddr:100932208: srtt_us:15450549: RTT:1931318: ssthresh:2147483647: cwnd:24: delivered:17: lost:0: retrans:1
[  190.682143] AAAAA-TCP_SEND: name:enp0s3: saddr:100932208: daddr:16783984: srtt_us:14360065: RTT:1795008: ssthresh:16: cwnd:3: delivered:18: lost:4: retrans:2
[  190.699052] AAAAA-TCP_SEND: name:enp0s3: saddr:100932208: daddr:16783984: srtt_us:14360065: RTT:1795008: ssthresh:16: cwnd:3: delivered:18: lost:6: retrans:3
[  190.699087] AAAAA-TCP_SEND: name:enp0s3: saddr:100932208: daddr:16783984: srtt_us:14360065: RTT:1795008: ssthresh:16: cwnd:3: delivered:18: lost:6: retrans:4
[  191.034721] AAAAA-TCP_RECV: name:enp0s3: saddr:33561200: daddr:100932208: srtt_us:8072000: RTT:1009000: ssthresh:2147483647: cwnd:10: delivered:1: lost:1: retrans:1
[  191.071074] AAAAA-TCP_RECV: name:enp0s3: saddr:16783984: daddr:100932208: srtt_us:14360065: RTT:1795008: ssthresh:16: cwnd:3: delivered:18: lost:6: retrans:4
[  191.071223] AAAAA-TCP_SEND: name:enp0s3: saddr:100932208: daddr:16783984: srtt_us:0: RTT:0: ssthresh:2147483647: cwnd:10: delivered:0: lost:0: retrans:0
[  191.115027] AAAAA-TCP_SEND: name:enp0s3: saddr:100932208: daddr:16783984: srtt_us:14360065: RTT:1795008: ssthresh:16: cwnd:3: delivered:18: lost:6: retrans:4
[  191.206356] AAAAA-TCP_RECV: name:enp0s3: saddr:16783984: daddr:100932208: srtt_us:14360065: RTT:1795008: ssthresh:16: cwnd:3: delivered:18: lost:6: retrans:4
[  191.268993] AAAAA-TCP_RECV: name:enp0s3: saddr:16783984: daddr:100932208: srtt_us:14548057: RTT:1818507: ssthresh:16: cwnd:4: delivered:19: lost:6: retrans:4
[  191.331176] AAAAA-TCP_RECV: name:enp0s3: saddr:16783984: daddr:100932208: srtt_us:14775550: RTT:1846943: ssthresh:16: cwnd:3: delivered:20: lost:6: retrans:4
[  191.374593] AAAAA-TCP_RECV: name:enp0s3: saddr:16783984: daddr:100932208: srtt_us:14956607: RTT:1869575: ssthresh:2147483647: cwnd:25: delivered:21: lost:6: retrans:4
[  191.405989] AAAAA-TCP_RECV: name:enp0s3: saddr:16783984: daddr:100932208: srtt_us:15157969: RTT:1894746: ssthresh:2147483647: cwnd:26: delivered:22: lost:6: retrans:4
[  191.521341] AAAAA-TCP_RECV: name:enp0s3: saddr:33561200: daddr:100932208: srtt_us:7892618: RTT:986577: ssthresh:2147483647: cwnd:10: delivered:2: lost:1: retrans:1
[  191.563270] AAAAA-TCP_RECV: name:enp0s3: saddr:16783984: daddr:100932208: srtt_us:15157969: RTT:1894746: ssthresh:2147483647: cwnd:26: delivered:23: lost:6: retrans:4
[  191.591256] AAAAA-TCP_RECV: name:enp0s3: saddr:16783984: daddr:100932208: srtt_us:15157969: RTT:1894746: ssthresh:2147483647: cwnd:26: delivered:24: lost:6: retrans:4
[  191.651058] AAAAA-TCP_RECV: name:enp0s3: saddr:16783984: daddr:100932208: srtt_us:15157969: RTT:1894746: ssthresh:2147483647: cwnd:26: delivered:25: lost:6: retrans:4
[  191.691144] AAAAA-TCP_RECV: name:enp0s3: saddr:16783984: daddr:100932208: srtt_us:15301438: RTT:1912679: ssthresh:2147483647: cwnd:27: delivered:26: lost:6: retrans:4
[  191.714124] AAAAA-TCP_RECV: name:enp0s3: saddr:16783984: daddr:100932208: srtt_us:0: RTT:0: ssthresh:2147483647: cwnd:10: delivered:0: lost:0: retrans:0
[  191.714180] AAAAA-TCP_SEND: name:enp0s3: saddr:100932208: daddr:16783984: srtt_us:5143376: RTT:642922: ssthresh:2147483647: cwnd:10: delivered:1: lost:0: retrans:0
[  191.714320] AAAAA-TCP_SEND: name:enp0s3: saddr:100932208: daddr:16783984: srtt_us:5143376: RTT:642922: ssthresh:2147483647: cwnd:10: delivered:1: lost:0: retrans:0
[  191.955601] AAAAA-TCP_RECV: name:enp0s3: saddr:16783984: daddr:100932208: srtt_us:5143376: RTT:642922: ssthresh:2147483647: cwnd:10: delivered:1: lost:0: retrans:0
[  191.985057] AAAAA-TCP_RECV: name:enp0s3: saddr:16783984: daddr:100932208: srtt_us:5143376: RTT:642922: ssthresh:2147483647: cwnd:10: delivered:1: lost:0: retrans:0
[  191.985129] AAAAA-TCP_SEND: name:enp0s3: saddr:100932208: daddr:33561200: srtt_us:0: RTT:0: ssthresh:2147483647: cwnd:10: delivered:0: lost:0: retrans:0
[  192.070395] AAAAA-TCP_RECV: name:enp0s3: saddr:16783984: daddr:100932208: srtt_us:15467028: RTT:1933378: ssthresh:2147483647: cwnd:28: delivered:27: lost:6: retrans:4
[  192.137063] AAAAA-TCP_RECV: name:enp0s3: saddr:33561200: daddr:100932208: srtt_us:0: RTT:0: ssthresh:2147483647: cwnd:10: delivered:0: lost:0: retrans:0
[  192.137087] AAAAA-TCP_SEND: name:enp0s3: saddr:100932208: daddr:33561200: srtt_us:1215568: RTT:151946: ssthresh:2147483647: cwnd:10: delivered:1: lost:0: retrans:0
[  192.152882] AAAAA-TCP_SEND: name:enp0s3: saddr:100932208: daddr:16783984: srtt_us:15467028: RTT:1933378: ssthresh:2147483647: cwnd:28: delivered:27: lost:6: retrans:4
[  192.371804] AAAAA-TCP_RECV: name:enp0s3: saddr:33561200: daddr:100932208: srtt_us:1215568: RTT:151946: ssthresh:2147483647: cwnd:10: delivered:1: lost:0: retrans:0
[  192.433151] AAAAA-TCP_RECV: name:enp0s3: saddr:16783984: daddr:100932208: srtt_us:15467028: RTT:1933378: ssthresh:2147483647: cwnd:28: delivered:27: lost:6: retrans:4
[  192.433214] AAAAA-TCP_SEND: name:enp0s3: saddr:100932208: daddr:33561200: srtt_us:1215568: RTT:151946: ssthresh:2147483647: cwnd:10: delivered:1: lost:0: retrans:0
[  192.433239] AAAAA-TCP_SEND: name:enp0s3: saddr:100932208: daddr:16783984: srtt_us:4771196: RTT:596399: ssthresh:2147483647: cwnd:10: delivered:2: lost:0: retrans:0
[  192.433441] AAAAA-TCP_SEND: name:enp0s3: saddr:100932208: daddr:33561200: srtt_us:1215568: RTT:151946: ssthresh:2147483647: cwnd:10: delivered:1: lost:0: retrans:0
[  192.433456] AAAAA-TCP_SEND: name:enp0s3: saddr:100932208: daddr:33561200: srtt_us:1215568: RTT:151946: ssthresh:2147483647: cwnd:10: delivered:1: lost:0: retrans:0
[  192.433549] AAAAA-TCP_SEND: name:enp0s3: saddr:100932208: daddr:33561200: srtt_us:1215568: RTT:151946: ssthresh:2147483647: cwnd:10: delivered:1: lost:0: retrans:0
[  192.433564] AAAAA-TCP_SEND: name:enp0s3: saddr:100932208: daddr:33561200: srtt_us:1215568: RTT:151946: ssthresh:2147483647: cwnd:10: delivered:1: lost:0: retrans:0
[  192.433643] AAAAA-TCP_SEND: name:enp0s3: saddr:100932208: daddr:33561200: srtt_us:1215568: RTT:151946: ssthresh:2147483647: cwnd:10: delivered:1: lost:0: retrans:0
[  192.433658] AAAAA-TCP_SEND: name:enp0s3: saddr:100932208: daddr:16783984: srtt_us:4771196: RTT:596399: ssthresh:2147483647: cwnd:10: delivered:2: lost:0: retrans:0
[  192.433746] AAAAA-TCP_SEND: name:enp0s3: saddr:100932208: daddr:16783984: srtt_us:4771196: RTT:596399: ssthresh:2147483647: cwnd:10: delivered:2: lost:0: retrans:0
[  192.433762] AAAAA-TCP_SEND: name:enp0s3: saddr:100932208: daddr:16783984: srtt_us:4771196: RTT:596399: ssthresh:2147483647: cwnd:10: delivered:2: lost:0: retrans:0
[  192.433840] AAAAA-TCP_SEND: name:enp0s3: saddr:100932208: daddr:16783984: srtt_us:4771196: RTT:596399: ssthresh:2147483647: cwnd:10: delivered:2: lost:0: retrans:0
[  192.433854] AAAAA-TCP_SEND: name:enp0s3: saddr:100932208: daddr:16783984: srtt_us:4771196: RTT:596399: ssthresh:2147483647: cwnd:10: delivered:2: lost:0: retrans:0
[  192.434016] AAAAA-TCP_SEND: name:enp0s3: saddr:100932208: daddr:33561200: srtt_us:1215568: RTT:151946: ssthresh:2147483647: cwnd:10: delivered:1: lost:0: retrans:0
[  192.434030] AAAAA-TCP_SEND: name:enp0s3: saddr:100932208: daddr:33561200: srtt_us:1215568: RTT:151946: ssthresh:2147483647: cwnd:10: delivered:1: lost:0: retrans:0
[  192.434107] AAAAA-TCP_SEND: name:enp0s3: saddr:100932208: daddr:16783984: srtt_us:4771196: RTT:596399: ssthresh:2147483647: cwnd:10: delivered:2: lost:0: retrans:0
[  192.434121] AAAAA-TCP_SEND: name:enp0s3: saddr:100932208: daddr:16783984: srtt_us:4771196: RTT:596399: ssthresh:2147483647: cwnd:10: delivered:2: lost:0: retrans:0
[  192.434189] AAAAA-TCP_SEND: name:enp0s3: saddr:100932208: daddr:33561200: srtt_us:1215568: RTT:151946: ssthresh:2147483647: cwnd:10: delivered:1: lost:0: retrans:0
[  192.434203] AAAAA-TCP_SEND: name:enp0s3: saddr:100932208: daddr:33561200: srtt_us:1215568: RTT:151946: ssthresh:2147483647: cwnd:10: delivered:1: lost:0: retrans:0
[  192.434280] AAAAA-TCP_SEND: name:enp0s3: saddr:100932208: daddr:16783984: srtt_us:4771196: RTT:596399: ssthresh:2147483647: cwnd:10: delivered:2: lost:0: retrans:0
[  192.434294] AAAAA-TCP_SEND: name:enp0s3: saddr:100932208: daddr:16783984: srtt_us:4771196: RTT:596399: ssthresh:2147483647: cwnd:10: delivered:2: lost:0: retrans:0
[  192.595029] AAAAA-TCP_SEND: name:enp0s3: saddr:100932208: daddr:16783984: srtt_us:15467028: RTT:1933378: ssthresh:2147483647: cwnd:28: delivered:27: lost:6: retrans:4
[  192.747193] AAAAA-TCP_RECV: name:enp0s3: saddr:33561200: daddr:100932208: srtt_us:1215568: RTT:151946: ssthresh:2147483647: cwnd:10: delivered:1: lost:0: retrans:0
[  192.747220] AAAAA-TCP_SEND: name:enp0s3: saddr:100932208: daddr:33561200: srtt_us:1377609: RTT:172201: ssthresh:2147483647: cwnd:11: delivered:2: lost:0: retrans:0
[  192.747240] AAAAA-TCP_SEND: name:enp0s3: saddr:100932208: daddr:33561200: srtt_us:1377609: RTT:172201: ssthresh:2147483647: cwnd:11: delivered:2: lost:0: retrans:0
[  192.808037] AAAAA-TCP_RECV: name:enp0s3: saddr:16783984: daddr:100932208: srtt_us:4771196: RTT:596399: ssthresh:2147483647: cwnd:10: delivered:2: lost:0: retrans:0
[  192.808079] AAAAA-TCP_SEND: name:enp0s3: saddr:100932208: daddr:16783984: srtt_us:4549612: RTT:568701: ssthresh:2147483647: cwnd:11: delivered:3: lost:0: retrans:0
[  192.808104] AAAAA-TCP_SEND: name:enp0s3: saddr:100932208: daddr:16783984: srtt_us:4549612: RTT:568701: ssthresh:2147483647: cwnd:11: delivered:3: lost:0: retrans:0
[  193.003034] AAAAA-TCP_SEND: name:enp0s3: saddr:100932208: daddr:33561200: srtt_us:1377609: RTT:172201: ssthresh:2147483647: cwnd:11: delivered:2: lost:0: retrans:1
[  193.059497] AAAAA-TCP_RECV: name:enp0s3: saddr:33561200: daddr:100932208: srtt_us:1377609: RTT:172201: ssthresh:2147483647: cwnd:11: delivered:2: lost:0: retrans:1
[  193.059555] AAAAA-TCP_SEND: name:enp0s3: saddr:100932208: daddr:33561200: srtt_us:1831480: RTT:228935: ssthresh:2147483647: cwnd:12: delivered:3: lost:0: retrans:1
[  193.059578] AAAAA-TCP_SEND: name:enp0s3: saddr:100932208: daddr:33561200: srtt_us:1831480: RTT:228935: ssthresh:2147483647: cwnd:12: delivered:3: lost:0: retrans:1
[  193.298008] AAAAA-TCP_RECV: name:enp0s3: saddr:33561200: daddr:100932208: srtt_us:1831480: RTT:228935: ssthresh:2147483647: cwnd:12: delivered:3: lost:0: retrans:1
[  193.298055] AAAAA-TCP_SEND: name:enp0s3: saddr:100932208: daddr:33561200: srtt_us:2467132: RTT:308391: ssthresh:2147483647: cwnd:13: delivered:4: lost:0: retrans:1
[  193.298081] AAAAA-TCP_SEND: name:enp0s3: saddr:100932208: daddr:33561200: srtt_us:2467132: RTT:308391: ssthresh:2147483647: cwnd:13: delivered:4: lost:0: retrans:1
[  193.513384] AAAAA-TCP_RECV: name:enp0s3: saddr:33561200: daddr:100932208: srtt_us:2467132: RTT:308391: ssthresh:2147483647: cwnd:13: delivered:4: lost:0: retrans:1
[  193.513422] AAAAA-TCP_SEND: name:enp0s3: saddr:100932208: daddr:33561200: srtt_us:3238701: RTT:404837: ssthresh:2147483647: cwnd:14: delivered:5: lost:0: retrans:1
[  193.513445] AAAAA-TCP_SEND: name:enp0s3: saddr:100932208: daddr:33561200: srtt_us:3238701: RTT:404837: ssthresh:2147483647: cwnd:14: delivered:5: lost:0: retrans:1
[  193.701083] AAAAA-TCP_RECV: name:enp0s3: saddr:33561200: daddr:100932208: srtt_us:3238701: RTT:404837: ssthresh:2147483647: cwnd:14: delivered:5: lost:0: retrans:1
[  193.701124] AAAAA-TCP_SEND: name:enp0s3: saddr:100932208: daddr:33561200: srtt_us:4101524: RTT:512690: ssthresh:2147483647: cwnd:15: delivered:6: lost:0: retrans:1
[  193.701150] AAAAA-TCP_SEND: name:enp0s3: saddr:100932208: daddr:33561200: srtt_us:4101524: RTT:512690: ssthresh:2147483647: cwnd:15: delivered:6: lost:0: retrans:1
[  193.867472] AAAAA-TCP_RECV: name:enp0s3: saddr:33561200: daddr:100932208: srtt_us:4101524: RTT:512690: ssthresh:2147483647: cwnd:15: delivered:6: lost:0: retrans:1
[  193.867532] AAAAA-TCP_SEND: name:enp0s3: saddr:100932208: daddr:33561200: srtt_us:5022883: RTT:627860: ssthresh:2147483647: cwnd:16: delivered:7: lost:0: retrans:1
[  193.867559] AAAAA-TCP_SEND: name:enp0s3: saddr:100932208: daddr:33561200: srtt_us:5022883: RTT:627860: ssthresh:2147483647: cwnd:16: delivered:7: lost:0: retrans:1
[  193.967030] AAAAA-TCP_SEND: name:enp0s3: saddr:100932208: daddr:16783984: srtt_us:4549612: RTT:568701: ssthresh:2147483647: cwnd:11: delivered:3: lost:0: retrans:1
[  194.071936] AAAAA-TCP_RECV: name:enp0s3: saddr:16783984: daddr:100932208: srtt_us:4549612: RTT:568701: ssthresh:2147483647: cwnd:11: delivered:3: lost:0: retrans:1
[  194.071967] AAAAA-TCP_SEND: name:enp0s3: saddr:100932208: daddr:16783984: srtt_us:5619204: RTT:702400: ssthresh:2147483647: cwnd:12: delivered:4: lost:0: retrans:1
[  194.071989] AAAAA-TCP_SEND: name:enp0s3: saddr:100932208: daddr:16783984: srtt_us:5619204: RTT:702400: ssthresh:2147483647: cwnd:12: delivered:4: lost:0: retrans:1
[  194.168389] AAAAA-TCP_RECV: name:enp0s3: saddr:16783984: daddr:100932208: srtt_us:5619204: RTT:702400: ssthresh:2147483647: cwnd:12: delivered:4: lost:0: retrans:1
[  194.168424] AAAAA-TCP_SEND: name:enp0s3: saddr:100932208: daddr:16783984: srtt_us:6651551: RTT:831443: ssthresh:2147483647: cwnd:13: delivered:5: lost:0: retrans:1
[  194.168449] AAAAA-TCP_SEND: name:enp0s3: saddr:100932208: daddr:16783984: srtt_us:6651551: RTT:831443: ssthresh:2147483647: cwnd:13: delivered:5: lost:0: retrans:1
[  194.278275] AAAAA-TCP_RECV: name:enp0s3: saddr:16783984: daddr:100932208: srtt_us:6651551: RTT:831443: ssthresh:2147483647: cwnd:13: delivered:5: lost:0: retrans:1
[  194.278305] AAAAA-TCP_SEND: name:enp0s3: saddr:100932208: daddr:16783984: srtt_us:7664739: RTT:958092: ssthresh:2147483647: cwnd:14: delivered:6: lost:0: retrans:1
[  194.278328] AAAAA-TCP_SEND: name:enp0s3: saddr:100932208: daddr:16783984: srtt_us:7664739: RTT:958092: ssthresh:2147483647: cwnd:14: delivered:6: lost:0: retrans:1
[  194.421493] AAAAA-TCP_RECV: name:enp0s3: saddr:16783984: daddr:100932208: srtt_us:7664739: RTT:958092: ssthresh:2147483647: cwnd:14: delivered:6: lost:0: retrans:1
[  194.421525] AAAAA-TCP_SEND: name:enp0s3: saddr:100932208: daddr:16783984: srtt_us:8694496: RTT:1086812: ssthresh:2147483647: cwnd:15: delivered:7: lost:0: retrans:1
[  194.421550] AAAAA-TCP_SEND: name:enp0s3: saddr:100932208: daddr:16783984: srtt_us:8694496: RTT:1086812: ssthresh:2147483647: cwnd:15: delivered:7: lost:0: retrans:1
[  194.532879] AAAAA-TCP_RECV: name:enp0s3: saddr:16783984: daddr:100932208: srtt_us:8694496: RTT:1086812: ssthresh:2147483647: cwnd:15: delivered:7: lost:0: retrans:1
[  194.532910] AAAAA-TCP_SEND: name:enp0s3: saddr:100932208: daddr:16783984: srtt_us:9706920: RTT:1213365: ssthresh:2147483647: cwnd:16: delivered:8: lost:0: retrans:1
[  194.532933] AAAAA-TCP_SEND: name:enp0s3: saddr:100932208: daddr:16783984: srtt_us:9706920: RTT:1213365: ssthresh:2147483647: cwnd:16: delivered:8: lost:0: retrans:1
[  194.892827] AAAAA-TCP_RECV: name:enp0s3: saddr:33561200: daddr:100932208: srtt_us:5022883: RTT:627860: ssthresh:2147483647: cwnd:16: delivered:7: lost:0: retrans:1
[  194.892873] AAAAA-TCP_SEND: name:enp0s3: saddr:100932208: daddr:33561200: srtt_us:6853840: RTT:856730: ssthresh:2147483647: cwnd:17: delivered:8: lost:0: retrans:1
[  194.892899] AAAAA-TCP_SEND: name:enp0s3: saddr:100932208: daddr:33561200: srtt_us:6853840: RTT:856730: ssthresh:2147483647: cwnd:17: delivered:8: lost:0: retrans:1
[  194.999584] AAAAA-TCP_RECV: name:enp0s3: saddr:33561200: daddr:100932208: srtt_us:6853840: RTT:856730: ssthresh:2147483647: cwnd:17: delivered:8: lost:0: retrans:1
[  194.999627] AAAAA-TCP_SEND: name:enp0s3: saddr:100932208: daddr:33561200: srtt_us:8562698: RTT:1070337: ssthresh:2147483647: cwnd:18: delivered:9: lost:0: retrans:1
[  194.999653] AAAAA-TCP_SEND: name:enp0s3: saddr:100932208: daddr:33561200: srtt_us:8562698: RTT:1070337: ssthresh:2147483647: cwnd:18: delivered:9: lost:0: retrans:1
[  195.077632] AAAAA-TCP_RECV: name:enp0s3: saddr:16783984: daddr:100932208: srtt_us:9706920: RTT:1213365: ssthresh:2147483647: cwnd:16: delivered:8: lost:0: retrans:1
[  195.077664] AAAAA-TCP_SEND: name:enp0s3: saddr:100932208: daddr:16783984: srtt_us:11137096: RTT:1392137: ssthresh:2147483647: cwnd:17: delivered:9: lost:0: retrans:1
[  195.077701] AAAAA-TCP_SEND: name:enp0s3: saddr:100932208: daddr:16783984: srtt_us:11137096: RTT:1392137: ssthresh:2147483647: cwnd:17: delivered:9: lost:0: retrans:1
[  195.116937] AAAAA-TCP_RECV: name:enp0s3: saddr:16783984: daddr:100932208: srtt_us:11137096: RTT:1392137: ssthresh:2147483647: cwnd:17: delivered:9: lost:0: retrans:1
[  195.116958] AAAAA-TCP_SEND: name:enp0s3: saddr:100932208: daddr:16783984: srtt_us:12427793: RTT:1553474: ssthresh:2147483647: cwnd:18: delivered:10: lost:0: retrans:1
[  195.116976] AAAAA-TCP_SEND: name:enp0s3: saddr:100932208: daddr:16783984: srtt_us:12427793: RTT:1553474: ssthresh:2147483647: cwnd:18: delivered:10: lost:0: retrans:1
[  195.172793] AAAAA-TCP_RECV: name:enp0s3: saddr:33561200: daddr:100932208: srtt_us:8562698: RTT:1070337: ssthresh:2147483647: cwnd:18: delivered:9: lost:0: retrans:1
[  195.172825] AAAAA-TCP_SEND: name:enp0s3: saddr:100932208: daddr:33561200: srtt_us:10230979: RTT:1278872: ssthresh:2147483647: cwnd:19: delivered:10: lost:0: retrans:1
[  195.172848] AAAAA-TCP_SEND: name:enp0s3: saddr:100932208: daddr:33561200: srtt_us:10230979: RTT:1278872: ssthresh:2147483647: cwnd:19: delivered:10: lost:0: retrans:1
[  195.309331] AAAAA-TCP_RECV: name:enp0s3: saddr:33561200: daddr:100932208: srtt_us:10230979: RTT:1278872: ssthresh:2147483647: cwnd:19: delivered:10: lost:0: retrans:1
[  195.309352] AAAAA-TCP_SEND: name:enp0s3: saddr:100932208: daddr:33561200: srtt_us:11827252: RTT:1478406: ssthresh:2147483647: cwnd:20: delivered:11: lost:0: retrans:1
[  195.309371] AAAAA-TCP_SEND: name:enp0s3: saddr:100932208: daddr:33561200: srtt_us:11827252: RTT:1478406: ssthresh:2147483647: cwnd:20: delivered:11: lost:0: retrans:1
[  195.374602] AAAAA-TCP_RECV: name:enp0s3: saddr:16783984: daddr:100932208: srtt_us:12427793: RTT:1553474: ssthresh:2147483647: cwnd:18: delivered:10: lost:0: retrans:1
[  195.374620] AAAAA-TCP_SEND: name:enp0s3: saddr:100932208: daddr:16783984: srtt_us:13814645: RTT:1726830: ssthresh:2147483647: cwnd:19: delivered:11: lost:0: retrans:1
[  195.374638] AAAAA-TCP_SEND: name:enp0s3: saddr:100932208: daddr:16783984: srtt_us:13814645: RTT:1726830: ssthresh:2147483647: cwnd:19: delivered:11: lost:0: retrans:1
[  195.462780] AAAAA-TCP_RECV: name:enp0s3: saddr:16783984: daddr:100932208: srtt_us:13814645: RTT:1726830: ssthresh:2147483647: cwnd:19: delivered:11: lost:0: retrans:1
[  195.462810] AAAAA-TCP_SEND: name:enp0s3: saddr:100932208: daddr:16783984: srtt_us:15116330: RTT:1889541: ssthresh:2147483647: cwnd:20: delivered:12: lost:0: retrans:1
[  195.462834] AAAAA-TCP_SEND: name:enp0s3: saddr:100932208: daddr:16783984: srtt_us:15116330: RTT:1889541: ssthresh:2147483647: cwnd:20: delivered:12: lost:0: retrans:1
[  195.538147] AAAAA-TCP_RECV: name:enp0s3: saddr:33561200: daddr:100932208: srtt_us:11827252: RTT:1478406: ssthresh:2147483647: cwnd:20: delivered:11: lost:0: retrans:1
[  195.538179] AAAAA-TCP_SEND: name:enp0s3: saddr:100932208: daddr:33561200: srtt_us:13139792: RTT:1642474: ssthresh:2147483647: cwnd:21: delivered:12: lost:0: retrans:1
[  195.538202] AAAAA-TCP_SEND: name:enp0s3: saddr:100932208: daddr:33561200: srtt_us:13139792: RTT:1642474: ssthresh:2147483647: cwnd:21: delivered:12: lost:0: retrans:1
[  195.647077] AAAAA-TCP_RECV: name:enp0s3: saddr:33561200: daddr:100932208: srtt_us:13139792: RTT:1642474: ssthresh:2147483647: cwnd:21: delivered:12: lost:0: retrans:1
[  195.647109] AAAAA-TCP_SEND: name:enp0s3: saddr:100932208: daddr:33561200: srtt_us:14397318: RTT:1799664: ssthresh:2147483647: cwnd:22: delivered:13: lost:0: retrans:1
[  195.647133] AAAAA-TCP_SEND: name:enp0s3: saddr:100932208: daddr:33561200: srtt_us:14397318: RTT:1799664: ssthresh:2147483647: cwnd:22: delivered:13: lost:0: retrans:1
[  195.727849] AAAAA-TCP_RECV: name:enp0s3: saddr:16783984: daddr:100932208: srtt_us:15116330: RTT:1889541: ssthresh:2147483647: cwnd:20: delivered:12: lost:0: retrans:1
[  195.727880] AAAAA-TCP_SEND: name:enp0s3: saddr:100932208: daddr:16783984: srtt_us:16146577: RTT:2018322: ssthresh:2147483647: cwnd:21: delivered:13: lost:0: retrans:1
[  195.727905] AAAAA-TCP_SEND: name:enp0s3: saddr:100932208: daddr:16783984: srtt_us:16146577: RTT:2018322: ssthresh:2147483647: cwnd:21: delivered:13: lost:0: retrans:1
[  195.806517] AAAAA-TCP_RECV: name:enp0s3: saddr:16783984: daddr:100932208: srtt_us:16146577: RTT:2018322: ssthresh:2147483647: cwnd:21: delivered:13: lost:0: retrans:1
[  195.806548] AAAAA-TCP_SEND: name:enp0s3: saddr:100932208: daddr:16783984: srtt_us:17126255: RTT:2140781: ssthresh:2147483647: cwnd:22: delivered:14: lost:0: retrans:1
[  195.806570] AAAAA-TCP_SEND: name:enp0s3: saddr:100932208: daddr:16783984: srtt_us:17126255: RTT:2140781: ssthresh:2147483647: cwnd:22: delivered:14: lost:0: retrans:1
[  195.895643] AAAAA-TCP_RECV: name:enp0s3: saddr:33561200: daddr:100932208: srtt_us:14397318: RTT:1799664: ssthresh:2147483647: cwnd:22: delivered:13: lost:0: retrans:1
[  196.035657] AAAAA-TCP_RECV: name:enp0s3: saddr:33561200: daddr:100932208: srtt_us:14397318: RTT:1799664: ssthresh:2147483647: cwnd:22: delivered:14: lost:0: retrans:1
[  196.035689] AAAAA-TCP_SEND: name:enp0s3: saddr:100932208: daddr:33561200: srtt_us:15573773: RTT:1946721: ssthresh:2147483647: cwnd:23: delivered:15: lost:0: retrans:1
[  196.035714] AAAAA-TCP_SEND: name:enp0s3: saddr:100932208: daddr:33561200: srtt_us:15573773: RTT:1946721: ssthresh:2147483647: cwnd:23: delivered:15: lost:0: retrans:1
[  196.309954] AAAAA-TCP_RECV: name:enp0s3: saddr:33561200: daddr:100932208: srtt_us:15573773: RTT:1946721: ssthresh:2147483647: cwnd:23: delivered:15: lost:0: retrans:1
[  196.310002] AAAAA-TCP_SEND: name:enp0s3: saddr:100932208: daddr:33561200: srtt_us:16877472: RTT:2109684: ssthresh:2147483647: cwnd:24: delivered:16: lost:0: retrans:1
[  196.310027] AAAAA-TCP_SEND: name:enp0s3: saddr:100932208: daddr:33561200: srtt_us:16877472: RTT:2109684: ssthresh:2147483647: cwnd:24: delivered:16: lost:0: retrans:1
[  196.387354] AAAAA-TCP_RECV: name:enp0s3: saddr:33561200: daddr:100932208: srtt_us:16877472: RTT:2109684: ssthresh:2147483647: cwnd:24: delivered:16: lost:0: retrans:1
[  196.387399] AAAAA-TCP_SEND: name:enp0s3: saddr:100932208: daddr:33561200: srtt_us:17857111: RTT:2232138: ssthresh:24: cwnd:24: delivered:17: lost:0: retrans:1
[  196.452451] AAAAA-TCP_RECV: name:enp0s3: saddr:33561200: daddr:100932208: srtt_us:17857111: RTT:2232138: ssthresh:24: cwnd:24: delivered:17: lost:0: retrans:1
[  196.452485] AAAAA-TCP_SEND: name:enp0s3: saddr:100932208: daddr:33561200: srtt_us:18779391: RTT:2347423: ssthresh:24: cwnd:24: delivered:18: lost:0: retrans:1
[  196.739899] AAAAA-TCP_RECV: name:enp0s3: saddr:33561200: daddr:100932208: srtt_us:18779391: RTT:2347423: ssthresh:24: cwnd:24: delivered:18: lost:0: retrans:1
[  196.739922] AAAAA-TCP_SEND: name:enp0s3: saddr:100932208: daddr:33561200: srtt_us:19658453: RTT:2457306: ssthresh:24: cwnd:24: delivered:19: lost:0: retrans:1
[  196.835794] AAAAA-TCP_RECV: name:enp0s3: saddr:33561200: daddr:100932208: srtt_us:19658453: RTT:2457306: ssthresh:24: cwnd:24: delivered:19: lost:0: retrans:1
[  196.835828] AAAAA-TCP_SEND: name:enp0s3: saddr:100932208: daddr:33561200: srtt_us:20523540: RTT:2565442: ssthresh:24: cwnd:24: delivered:20: lost:0: retrans:1
[  196.910624] AAAAA-TCP_RECV: name:enp0s3: saddr:33561200: daddr:100932208: srtt_us:20523540: RTT:2565442: ssthresh:24: cwnd:24: delivered:20: lost:0: retrans:1
[  196.910647] AAAAA-TCP_SEND: name:enp0s3: saddr:100932208: daddr:33561200: srtt_us:21167606: RTT:2645950: ssthresh:24: cwnd:24: delivered:21: lost:0: retrans:1
[  197.107255] AAAAA-TCP_RECV: name:enp0s3: saddr:33561200: daddr:100932208: srtt_us:21167606: RTT:2645950: ssthresh:24: cwnd:24: delivered:21: lost:0: retrans:1
[  197.107291] AAAAA-TCP_SEND: name:enp0s3: saddr:100932208: daddr:33561200: srtt_us:21927809: RTT:2740976: ssthresh:24: cwnd:24: delivered:22: lost:0: retrans:1
[  197.180958] AAAAA-TCP_RECV: name:enp0s3: saddr:33561200: daddr:100932208: srtt_us:21927809: RTT:2740976: ssthresh:24: cwnd:24: delivered:22: lost:0: retrans:1
[  197.180994] AAAAA-TCP_SEND: name:enp0s3: saddr:100932208: daddr:33561200: srtt_us:22500303: RTT:2812537: ssthresh:24: cwnd:24: delivered:23: lost:0: retrans:1
[  197.255872] AAAAA-TCP_RECV: name:enp0s3: saddr:33561200: daddr:100932208: srtt_us:22500303: RTT:2812537: ssthresh:24: cwnd:24: delivered:23: lost:0: retrans:1
[  197.255909] AAAAA-TCP_SEND: name:enp0s3: saddr:100932208: daddr:33561200: srtt_us:23076150: RTT:2884518: ssthresh:24: cwnd:24: delivered:24: lost:0: retrans:1
[  197.436444] AAAAA-TCP_RECV: name:enp0s3: saddr:16783984: daddr:100932208: srtt_us:17126255: RTT:2140781: ssthresh:2147483647: cwnd:22: delivered:14: lost:0: retrans:1
[  197.630362] AAAAA-TCP_RECV: name:enp0s3: saddr:16783984: daddr:100932208: srtt_us:17126255: RTT:2140781: ssthresh:2147483647: cwnd:22: delivered:15: lost:0: retrans:1
[  197.630406] AAAAA-TCP_SEND: name:enp0s3: saddr:100932208: daddr:16783984: srtt_us:18543889: RTT:2317986: ssthresh:2147483647: cwnd:23: delivered:16: lost:0: retrans:1
[  197.630435] AAAAA-TCP_SEND: name:enp0s3: saddr:100932208: daddr:16783984: srtt_us:18543889: RTT:2317986: ssthresh:2147483647: cwnd:23: delivered:16: lost:0: retrans:1
[  197.686044] AAAAA-TCP_RECV: name:enp0s3: saddr:16783984: daddr:100932208: srtt_us:18543889: RTT:2317986: ssthresh:2147483647: cwnd:23: delivered:16: lost:0: retrans:1
[  197.686079] AAAAA-TCP_SEND: name:enp0s3: saddr:100932208: daddr:16783984: srtt_us:19839999: RTT:2479999: ssthresh:2147483647: cwnd:24: delivered:17: lost:0: retrans:1
[  197.686103] AAAAA-TCP_SEND: name:enp0s3: saddr:100932208: daddr:16783984: srtt_us:19839999: RTT:2479999: ssthresh:2147483647: cwnd:24: delivered:17: lost:0: retrans:1
[  197.747926] AAAAA-TCP_RECV: name:enp0s3: saddr:16783984: daddr:100932208: srtt_us:19839999: RTT:2479999: ssthresh:2147483647: cwnd:24: delivered:17: lost:0: retrans:1
[  197.747944] AAAAA-TCP_SEND: name:enp0s3: saddr:100932208: daddr:16783984: srtt_us:20939508: RTT:2617438: ssthresh:24: cwnd:24: delivered:18: lost:0: retrans:1
[  197.869591] AAAAA-TCP_RECV: name:enp0s3: saddr:16783984: daddr:100932208: srtt_us:20939508: RTT:2617438: ssthresh:24: cwnd:24: delivered:18: lost:0: retrans:1
[  197.869620] AAAAA-TCP_SEND: name:enp0s3: saddr:100932208: daddr:16783984: srtt_us:22023255: RTT:2752906: ssthresh:24: cwnd:24: delivered:19: lost:0: retrans:1
[  197.973752] AAAAA-TCP_RECV: name:enp0s3: saddr:16783984: daddr:100932208: srtt_us:22023255: RTT:2752906: ssthresh:24: cwnd:24: delivered:19: lost:0: retrans:1
[  197.973780] AAAAA-TCP_SEND: name:enp0s3: saddr:100932208: daddr:16783984: srtt_us:22965812: RTT:2870726: ssthresh:24: cwnd:24: delivered:20: lost:0: retrans:1
[  198.036645] AAAAA-TCP_RECV: name:enp0s3: saddr:16783984: daddr:100932208: srtt_us:22965812: RTT:2870726: ssthresh:24: cwnd:24: delivered:20: lost:0: retrans:1
[  198.036674] AAAAA-TCP_SEND: name:enp0s3: saddr:100932208: daddr:16783984: srtt_us:23853443: RTT:2981680: ssthresh:24: cwnd:24: delivered:21: lost:0: retrans:1
[  198.123369] AAAAA-TCP_RECV: name:enp0s3: saddr:16783984: daddr:100932208: srtt_us:23853443: RTT:2981680: ssthresh:24: cwnd:24: delivered:21: lost:0: retrans:1
[  198.123389] AAAAA-TCP_SEND: name:enp0s3: saddr:100932208: daddr:16783984: srtt_us:24573614: RTT:3071701: ssthresh:24: cwnd:24: delivered:22: lost:0: retrans:1
[  198.179038] AAAAA-TCP_RECV: name:enp0s3: saddr:16783984: daddr:100932208: srtt_us:24573614: RTT:3071701: ssthresh:24: cwnd:24: delivered:22: lost:0: retrans:1
[  198.179066] AAAAA-TCP_SEND: name:enp0s3: saddr:100932208: daddr:16783984: srtt_us:25259445: RTT:3157430: ssthresh:24: cwnd:24: delivered:23: lost:0: retrans:1
[  198.302037] AAAAA-TCP_RECV: name:enp0s3: saddr:16783984: daddr:100932208: srtt_us:25259445: RTT:3157430: ssthresh:24: cwnd:24: delivered:23: lost:0: retrans:1
[  198.302054] AAAAA-TCP_SEND: name:enp0s3: saddr:100932208: daddr:16783984: srtt_us:25871149: RTT:3233893: ssthresh:24: cwnd:24: delivered:24: lost:0: retrans:1
[  198.361447] AAAAA-TCP_RECV: name:enp0s3: saddr:16783984: daddr:100932208: srtt_us:25871149: RTT:3233893: ssthresh:24: cwnd:24: delivered:24: lost:0: retrans:1
[  198.361477] AAAAA-TCP_SEND: name:enp0s3: saddr:100932208: daddr:16783984: srtt_us:26465811: RTT:3308226: ssthresh:24: cwnd:24: delivered:25: lost:0: retrans:1
[  198.407721] AAAAA-TCP_RECV: name:enp0s3: saddr:33561200: daddr:100932208: srtt_us:23076150: RTT:2884518: ssthresh:24: cwnd:24: delivered:24: lost:0: retrans:1
[  198.407754] AAAAA-TCP_SEND: name:enp0s3: saddr:100932208: daddr:33561200: srtt_us:23706502: RTT:2963312: ssthresh:24: cwnd:25: delivered:25: lost:0: retrans:1
[  198.407777] AAAAA-TCP_SEND: name:enp0s3: saddr:100932208: daddr:33561200: srtt_us:23706502: RTT:2963312: ssthresh:24: cwnd:25: delivered:25: lost:0: retrans:1
[  198.481544] AAAAA-TCP_RECV: name:enp0s3: saddr:33561200: daddr:100932208: srtt_us:23706502: RTT:2963312: ssthresh:24: cwnd:25: delivered:25: lost:0: retrans:1
[  198.481572] AAAAA-TCP_SEND: name:enp0s3: saddr:100932208: daddr:33561200: srtt_us:24331883: RTT:3041485: ssthresh:24: cwnd:25: delivered:26: lost:0: retrans:1
[  198.534541] AAAAA-TCP_RECV: name:enp0s3: saddr:33561200: daddr:100932208: srtt_us:24331883: RTT:3041485: ssthresh:24: cwnd:25: delivered:26: lost:0: retrans:1
[  198.534570] AAAAA-TCP_SEND: name:enp0s3: saddr:100932208: daddr:33561200: srtt_us:24825331: RTT:3103166: ssthresh:24: cwnd:25: delivered:27: lost:0: retrans:1
[  198.646139] AAAAA-TCP_RECV: name:enp0s3: saddr:33561200: daddr:100932208: srtt_us:24825331: RTT:3103166: ssthresh:24: cwnd:25: delivered:27: lost:0: retrans:1
[  198.646168] AAAAA-TCP_SEND: name:enp0s3: saddr:100932208: daddr:33561200: srtt_us:25368696: RTT:3171087: ssthresh:24: cwnd:25: delivered:28: lost:0: retrans:1
[  198.755602] AAAAA-TCP_RECV: name:enp0s3: saddr:16783984: daddr:100932208: srtt_us:26465811: RTT:3308226: ssthresh:24: cwnd:24: delivered:25: lost:0: retrans:1
[  198.755644] AAAAA-TCP_SEND: name:enp0s3: saddr:100932208: daddr:16783984: srtt_us:26835543: RTT:3354442: ssthresh:24: cwnd:24: delivered:26: lost:0: retrans:1
[  198.852304] AAAAA-TCP_RECV: name:enp0s3: saddr:16783984: daddr:100932208: srtt_us:26835543: RTT:3354442: ssthresh:24: cwnd:24: delivered:26: lost:0: retrans:1
[  198.852335] AAAAA-TCP_SEND: name:enp0s3: saddr:100932208: daddr:16783984: srtt_us:27255760: RTT:3406970: ssthresh:24: cwnd:24: delivered:27: lost:0: retrans:1
[  198.913356] AAAAA-TCP_RECV: name:enp0s3: saddr:16783984: daddr:100932208: srtt_us:27255760: RTT:3406970: ssthresh:24: cwnd:24: delivered:27: lost:0: retrans:1
[  198.913386] AAAAA-TCP_SEND: name:enp0s3: saddr:100932208: daddr:16783984: srtt_us:27645207: RTT:3455650: ssthresh:24: cwnd:24: delivered:28: lost:0: retrans:1
[  198.950542] AAAAA-TCP_RECV: name:enp0s3: saddr:16783984: daddr:100932208: srtt_us:27645207: RTT:3455650: ssthresh:24: cwnd:24: delivered:28: lost:0: retrans:1
[  198.950558] AAAAA-TCP_SEND: name:enp0s3: saddr:100932208: daddr:16783984: srtt_us:28023147: RTT:3502893: ssthresh:24: cwnd:24: delivered:29: lost:0: retrans:1
[  199.132030] AAAAA-TCP_RECV: name:enp0s3: saddr:33561200: daddr:100932208: srtt_us:25368696: RTT:3171087: ssthresh:24: cwnd:25: delivered:28: lost:0: retrans:1
[  199.132078] AAAAA-TCP_SEND: name:enp0s3: saddr:100932208: daddr:33561200: srtt_us:26156835: RTT:3269604: ssthresh:24: cwnd:26: delivered:29: lost:0: retrans:1
[  199.132104] AAAAA-TCP_SEND: name:enp0s3: saddr:100932208: daddr:33561200: srtt_us:26156835: RTT:3269604: ssthresh:24: cwnd:26: delivered:29: lost:0: retrans:1
[  199.170563] AAAAA-TCP_RECV: name:enp0s3: saddr:33561200: daddr:100932208: srtt_us:26156835: RTT:3269604: ssthresh:24: cwnd:26: delivered:29: lost:0: retrans:1
[  199.170585] AAAAA-TCP_SEND: name:enp0s3: saddr:100932208: daddr:33561200: srtt_us:26884975: RTT:3360621: ssthresh:24: cwnd:27: delivered:30: lost:0: retrans:1
[  199.170603] AAAAA-TCP_SEND: name:enp0s3: saddr:100932208: daddr:33561200: srtt_us:26884975: RTT:3360621: ssthresh:24: cwnd:27: delivered:30: lost:0: retrans:1
[  199.240987] AAAAA-TCP_RECV: name:enp0s3: saddr:33561200: daddr:100932208: srtt_us:26884975: RTT:3360621: ssthresh:24: cwnd:27: delivered:30: lost:0: retrans:1
[  199.241018] AAAAA-TCP_SEND: name:enp0s3: saddr:100932208: daddr:33561200: srtt_us:27456006: RTT:3432000: ssthresh:24: cwnd:27: delivered:31: lost:0: retrans:1
[  199.285757] AAAAA-TCP_RECV: name:enp0s3: saddr:33561200: daddr:100932208: srtt_us:27456006: RTT:3432000: ssthresh:24: cwnd:27: delivered:31: lost:0: retrans:1
[  199.285788] AAAAA-TCP_SEND: name:enp0s3: saddr:100932208: daddr:33561200: srtt_us:28000427: RTT:3500053: ssthresh:24: cwnd:28: delivered:32: lost:0: retrans:1
[  199.285811] AAAAA-TCP_SEND: name:enp0s3: saddr:100932208: daddr:33561200: srtt_us:28000427: RTT:3500053: ssthresh:24: cwnd:28: delivered:32: lost:0: retrans:1
[  199.342399] AAAAA-TCP_RECV: name:enp0s3: saddr:16783984: daddr:100932208: srtt_us:28023147: RTT:3502893: ssthresh:24: cwnd:24: delivered:29: lost:0: retrans:1
[  199.342431] AAAAA-TCP_SEND: name:enp0s3: saddr:100932208: daddr:16783984: srtt_us:28488051: RTT:3561006: ssthresh:24: cwnd:25: delivered:30: lost:0: retrans:1
[  199.342455] AAAAA-TCP_SEND: name:enp0s3: saddr:100932208: daddr:16783984: srtt_us:28488051: RTT:3561006: ssthresh:24: cwnd:25: delivered:30: lost:0: retrans:1
[  199.381656] AAAAA-TCP_RECV: name:enp0s3: saddr:16783984: daddr:100932208: srtt_us:28488051: RTT:3561006: ssthresh:24: cwnd:25: delivered:30: lost:0: retrans:1
[  199.381683] AAAAA-TCP_SEND: name:enp0s3: saddr:100932208: daddr:16783984: srtt_us:28934097: RTT:3616762: ssthresh:24: cwnd:25: delivered:31: lost:0: retrans:1
[  199.433050] AAAAA-TCP_RECV: name:enp0s3: saddr:16783984: daddr:100932208: srtt_us:28934097: RTT:3616762: ssthresh:24: cwnd:25: delivered:31: lost:0: retrans:1
[  199.433081] AAAAA-TCP_SEND: name:enp0s3: saddr:100932208: daddr:16783984: srtt_us:29287593: RTT:3660949: ssthresh:24: cwnd:25: delivered:33: lost:0: retrans:1
[  199.433104] AAAAA-TCP_SEND: name:enp0s3: saddr:100932208: daddr:16783984: srtt_us:29287593: RTT:3660949: ssthresh:24: cwnd:25: delivered:33: lost:0: retrans:1
[  199.515184] AAAAA-TCP_RECV: name:enp0s3: saddr:33561200: daddr:100932208: srtt_us:28000427: RTT:3500053: ssthresh:24: cwnd:28: delivered:32: lost:0: retrans:1
[  199.515214] AAAAA-TCP_SEND: name:enp0s3: saddr:100932208: daddr:33561200: srtt_us:28477396: RTT:3559674: ssthresh:24: cwnd:28: delivered:33: lost:0: retrans:1
[  199.621939] AAAAA-TCP_RECV: name:enp0s3: saddr:33561200: daddr:100932208: srtt_us:28477396: RTT:3559674: ssthresh:24: cwnd:28: delivered:33: lost:0: retrans:1
[  199.621969] AAAAA-TCP_SEND: name:enp0s3: saddr:100932208: daddr:33561200: srtt_us:29001498: RTT:3625187: ssthresh:24: cwnd:29: delivered:34: lost:0: retrans:1
[  199.621992] AAAAA-TCP_SEND: name:enp0s3: saddr:100932208: daddr:33561200: srtt_us:29001498: RTT:3625187: ssthresh:24: cwnd:29: delivered:34: lost:0: retrans:1
[  199.708975] AAAAA-TCP_RECV: name:enp0s3: saddr:33561200: daddr:100932208: srtt_us:29001498: RTT:3625187: ssthresh:24: cwnd:29: delivered:34: lost:0: retrans:1
[  199.709005] AAAAA-TCP_SEND: name:enp0s3: saddr:100932208: daddr:33561200: srtt_us:29438194: RTT:3679774: ssthresh:24: cwnd:29: delivered:35: lost:0: retrans:1
[  200.043916] AAAAA-TCP_RECV: name:enp0s3: saddr:33561200: daddr:100932208: srtt_us:29438194: RTT:3679774: ssthresh:24: cwnd:29: delivered:35: lost:0: retrans:1
[  200.043965] AAAAA-TCP_SEND: name:enp0s3: saddr:100932208: daddr:33561200: srtt_us:30155247: RTT:3769405: ssthresh:24: cwnd:30: delivered:36: lost:0: retrans:1
[  200.043993] AAAAA-TCP_SEND: name:enp0s3: saddr:100932208: daddr:33561200: srtt_us:30155247: RTT:3769405: ssthresh:24: cwnd:30: delivered:36: lost:0: retrans:1
[  200.187941] AAAAA-TCP_RECV: name:enp0s3: saddr:16783984: daddr:100932208: srtt_us:29287593: RTT:3660949: ssthresh:24: cwnd:25: delivered:33: lost:0: retrans:1
[  200.187994] AAAAA-TCP_SEND: name:enp0s3: saddr:100932208: daddr:16783984: srtt_us:30086728: RTT:3760841: ssthresh:24: cwnd:26: delivered:35: lost:0: retrans:1
[  200.188026] AAAAA-TCP_SEND: name:enp0s3: saddr:100932208: daddr:16783984: srtt_us:30086728: RTT:3760841: ssthresh:24: cwnd:26: delivered:35: lost:0: retrans:1
[  200.228993] AAAAA-TCP_RECV: name:enp0s3: saddr:16783984: daddr:100932208: srtt_us:30086728: RTT:3760841: ssthresh:24: cwnd:26: delivered:35: lost:0: retrans:1
[  200.229021] AAAAA-TCP_SEND: name:enp0s3: saddr:100932208: daddr:16783984: srtt_us:30086728: RTT:3760841: ssthresh:24: cwnd:26: delivered:35: lost:0: retrans:1
[  200.229058] AAAAA-TCP_SEND: name:enp0s3: saddr:100932208: daddr:16783984: srtt_us:30748360: RTT:3843545: ssthresh:24: cwnd:27: delivered:37: lost:0: retrans:1
[  200.229134] AAAAA-TCP_SEND: name:enp0s3: saddr:100932208: daddr:16783984: srtt_us:30748360: RTT:3843545: ssthresh:24: cwnd:27: delivered:37: lost:0: retrans:1
[  200.229151] AAAAA-TCP_SEND: name:enp0s3: saddr:100932208: daddr:16783984: srtt_us:30748360: RTT:3843545: ssthresh:24: cwnd:27: delivered:37: lost:0: retrans:1
[  200.418794] AAAAA-TCP_RECV: name:enp0s3: saddr:33561200: daddr:100932208: srtt_us:30155247: RTT:3769405: ssthresh:24: cwnd:30: delivered:36: lost:0: retrans:1
[  200.480181] AAAAA-TCP_RECV: name:enp0s3: saddr:33561200: daddr:100932208: srtt_us:30768954: RTT:3846119: ssthresh:24: cwnd:30: delivered:37: lost:0: retrans:1
[  200.480205] AAAAA-TCP_SEND: name:enp0s3: saddr:100932208: daddr:33561200: srtt_us:30768954: RTT:3846119: ssthresh:24: cwnd:30: delivered:37: lost:0: retrans:1
[  200.480236] AAAAA-TCP_SEND: name:enp0s3: saddr:100932208: daddr:33561200: srtt_us:31093041: RTT:3886630: ssthresh:21: cwnd:29: delivered:38: lost:1: retrans:2
[  200.559281] AAAAA-TCP_RECV: name:enp0s3: saddr:33561200: daddr:100932208: srtt_us:31093041: RTT:3886630: ssthresh:21: cwnd:29: delivered:38: lost:1: retrans:2
[  200.658757] AAAAA-TCP_RECV: name:enp0s3: saddr:33561200: daddr:100932208: srtt_us:31455711: RTT:3931963: ssthresh:21: cwnd:29: delivered:39: lost:1: retrans:2
[  200.658783] AAAAA-TCP_SEND: name:enp0s3: saddr:100932208: daddr:33561200: srtt_us:31455711: RTT:3931963: ssthresh:21: cwnd:29: delivered:39: lost:1: retrans:2
[  200.778145] AAAAA-TCP_RECV: name:enp0s3: saddr:33561200: daddr:100932208: srtt_us:31795134: RTT:3974391: ssthresh:21: cwnd:29: delivered:40: lost:1: retrans:2
[  200.778168] AAAAA-TCP_SEND: name:enp0s3: saddr:100932208: daddr:33561200: srtt_us:31795134: RTT:3974391: ssthresh:21: cwnd:29: delivered:40: lost:1: retrans:2
[  200.882692] AAAAA-TCP_RECV: name:enp0s3: saddr:33561200: daddr:100932208: srtt_us:32146427: RTT:4018303: ssthresh:21: cwnd:28: delivered:41: lost:1: retrans:2
[  200.882718] AAAAA-TCP_SEND: name:enp0s3: saddr:100932208: daddr:33561200: srtt_us:32175006: RTT:4021875: ssthresh:21: cwnd:27: delivered:42: lost:2: retrans:3
[  200.959859] AAAAA-TCP_RECV: name:enp0s3: saddr:33561200: daddr:100932208: srtt_us:32175006: RTT:4021875: ssthresh:21: cwnd:27: delivered:42: lost:2: retrans:3
[  201.027038] AAAAA-TCP_RECV: name:enp0s3: saddr:33561200: daddr:100932208: srtt_us:32202360: RTT:4025295: ssthresh:21: cwnd:27: delivered:43: lost:2: retrans:3
[  201.027062] AAAAA-TCP_SEND: name:enp0s3: saddr:100932208: daddr:33561200: srtt_us:32202360: RTT:4025295: ssthresh:21: cwnd:27: delivered:43: lost:2: retrans:3
[  201.160006] AAAAA-TCP_RECV: name:enp0s3: saddr:33561200: daddr:100932208: srtt_us:32096837: RTT:4012104: ssthresh:21: cwnd:26: delivered:44: lost:2: retrans:3
[  201.242256] AAAAA-TCP_RECV: name:enp0s3: saddr:16783984: daddr:100932208: srtt_us:30748360: RTT:3843545: ssthresh:24: cwnd:27: delivered:37: lost:0: retrans:1
[  201.242289] AAAAA-TCP_SEND: name:enp0s3: saddr:100932208: daddr:33561200: srtt_us:32063766: RTT:4007970: ssthresh:21: cwnd:26: delivered:45: lost:2: retrans:3
[  201.242330] AAAAA-TCP_SEND: name:enp0s3: saddr:100932208: daddr:16783984: srtt_us:30516687: RTT:3814585: ssthresh:24: cwnd:28: delivered:39: lost:0: retrans:1
[  201.242378] AAAAA-TCP_SEND: name:enp0s3: saddr:100932208: daddr:16783984: srtt_us:30516687: RTT:3814585: ssthresh:24: cwnd:28: delivered:39: lost:0: retrans:1
[  201.341856] AAAAA-TCP_RECV: name:enp0s3: saddr:16783984: daddr:100932208: srtt_us:30516687: RTT:3814585: ssthresh:24: cwnd:28: delivered:39: lost:0: retrans:1
[  201.341881] AAAAA-TCP_SEND: name:enp0s3: saddr:100932208: daddr:16783984: srtt_us:30516687: RTT:3814585: ssthresh:24: cwnd:28: delivered:39: lost:0: retrans:1
[  201.341914] AAAAA-TCP_SEND: name:enp0s3: saddr:100932208: daddr:16783984: srtt_us:30357904: RTT:3794738: ssthresh:24: cwnd:29: delivered:41: lost:0: retrans:1
[  201.342549] AAAAA-TCP_SEND: name:enp0s3: saddr:100932208: daddr:16783984: srtt_us:30357904: RTT:3794738: ssthresh:24: cwnd:29: delivered:41: lost:0: retrans:1
[  201.342572] AAAAA-TCP_SEND: name:enp0s3: saddr:100932208: daddr:16783984: srtt_us:30357904: RTT:3794738: ssthresh:24: cwnd:29: delivered:41: lost:0: retrans:1
[  201.461540] AAAAA-TCP_RECV: name:enp0s3: saddr:16783984: daddr:100932208: srtt_us:30357904: RTT:3794738: ssthresh:24: cwnd:29: delivered:41: lost:0: retrans:1
[  201.461573] AAAAA-TCP_SEND: name:enp0s3: saddr:100932208: daddr:16783984: srtt_us:30276778: RTT:3784597: ssthresh:24: cwnd:30: delivered:43: lost:0: retrans:1
[  201.461594] AAAAA-TCP_SEND: name:enp0s3: saddr:100932208: daddr:16783984: srtt_us:30276778: RTT:3784597: ssthresh:24: cwnd:30: delivered:43: lost:0: retrans:1
[  201.612444] AAAAA-TCP_RECV: name:enp0s3: saddr:16783984: daddr:100932208: srtt_us:30276778: RTT:3784597: ssthresh:24: cwnd:30: delivered:43: lost:0: retrans:1
[  201.612470] AAAAA-TCP_SEND: name:enp0s3: saddr:100932208: daddr:16783984: srtt_us:30276778: RTT:3784597: ssthresh:24: cwnd:30: delivered:43: lost:0: retrans:1
[  201.612527] AAAAA-TCP_SEND: name:enp0s3: saddr:100932208: daddr:16783984: srtt_us:30130872: RTT:3766359: ssthresh:24: cwnd:31: delivered:45: lost:0: retrans:1
[  201.613133] AAAAA-TCP_SEND: name:enp0s3: saddr:100932208: daddr:16783984: srtt_us:30130872: RTT:3766359: ssthresh:24: cwnd:31: delivered:45: lost:0: retrans:1
[  201.613156] AAAAA-TCP_SEND: name:enp0s3: saddr:100932208: daddr:16783984: srtt_us:30130872: RTT:3766359: ssthresh:24: cwnd:31: delivered:45: lost:0: retrans:1
[  201.659973] AAAAA-TCP_RECV: name:enp0s3: saddr:16783984: daddr:100932208: srtt_us:30130872: RTT:3766359: ssthresh:24: cwnd:31: delivered:45: lost:0: retrans:1
[  201.660007] AAAAA-TCP_SEND: name:enp0s3: saddr:100932208: daddr:16783984: srtt_us:29901116: RTT:3737639: ssthresh:24: cwnd:32: delivered:47: lost:0: retrans:1
[  201.660042] AAAAA-TCP_SEND: name:enp0s3: saddr:100932208: daddr:16783984: srtt_us:29901116: RTT:3737639: ssthresh:24: cwnd:32: delivered:47: lost:0: retrans:1
[  201.804310] AAAAA-TCP_RECV: name:enp0s3: saddr:16783984: daddr:100932208: srtt_us:29901116: RTT:3737639: ssthresh:24: cwnd:32: delivered:47: lost:0: retrans:1
[  201.804332] AAAAA-TCP_SEND: name:enp0s3: saddr:100932208: daddr:16783984: srtt_us:29901116: RTT:3737639: ssthresh:24: cwnd:32: delivered:47: lost:0: retrans:1
[  201.804362] AAAAA-TCP_SEND: name:enp0s3: saddr:100932208: daddr:16783984: srtt_us:29665755: RTT:3708219: ssthresh:24: cwnd:33: delivered:49: lost:0: retrans:1
[  201.804430] AAAAA-TCP_SEND: name:enp0s3: saddr:100932208: daddr:16783984: srtt_us:29665755: RTT:3708219: ssthresh:24: cwnd:33: delivered:49: lost:0: retrans:1
[  201.804446] AAAAA-TCP_SEND: name:enp0s3: saddr:100932208: daddr:16783984: srtt_us:29665755: RTT:3708219: ssthresh:24: cwnd:33: delivered:49: lost:0: retrans:1
[  201.899237] AAAAA-TCP_RECV: name:enp0s3: saddr:33561200: daddr:100932208: srtt_us:32063766: RTT:4007970: ssthresh:21: cwnd:26: delivered:45: lost:2: retrans:3
[  201.899267] AAAAA-TCP_SEND: name:enp0s3: saddr:100932208: daddr:33561200: srtt_us:31547298: RTT:3943412: ssthresh:21: cwnd:25: delivered:46: lost:3: retrans:4
[  201.965922] AAAAA-TCP_RECV: name:enp0s3: saddr:33561200: daddr:100932208: srtt_us:31547298: RTT:3943412: ssthresh:21: cwnd:25: delivered:46: lost:3: retrans:4
[  202.076356] AAAAA-TCP_RECV: name:enp0s3: saddr:33561200: daddr:100932208: srtt_us:31162072: RTT:3895259: ssthresh:21: cwnd:24: delivered:47: lost:3: retrans:4
[  202.076386] AAAAA-TCP_SEND: name:enp0s3: saddr:100932208: daddr:33561200: srtt_us:30808617: RTT:3851077: ssthresh:21: cwnd:23: delivered:48: lost:4: retrans:5
[  202.154837] AAAAA-TCP_RECV: name:enp0s3: saddr:33561200: daddr:100932208: srtt_us:30808617: RTT:3851077: ssthresh:21: cwnd:23: delivered:48: lost:4: retrans:5
[  202.296918] AAAAA-TCP_RECV: name:enp0s3: saddr:16783984: daddr:100932208: srtt_us:29665755: RTT:3708219: ssthresh:24: cwnd:33: delivered:49: lost:0: retrans:1
[  202.296940] AAAAA-TCP_SEND: name:enp0s3: saddr:100932208: daddr:33561200: srtt_us:30466228: RTT:3808278: ssthresh:21: cwnd:23: delivered:49: lost:4: retrans:5
[  202.296976] AAAAA-TCP_SEND: name:enp0s3: saddr:100932208: daddr:16783984: srtt_us:29498819: RTT:3687352: ssthresh:24: cwnd:34: delivered:51: lost:0: retrans:1
[  202.296995] AAAAA-TCP_SEND: name:enp0s3: saddr:100932208: daddr:16783984: srtt_us:29498819: RTT:3687352: ssthresh:24: cwnd:34: delivered:51: lost:0: retrans:1
[  202.401643] AAAAA-TCP_RECV: name:enp0s3: saddr:16783984: daddr:100932208: srtt_us:29498819: RTT:3687352: ssthresh:24: cwnd:34: delivered:51: lost:0: retrans:1
[  202.401691] AAAAA-TCP_SEND: name:enp0s3: saddr:100932208: daddr:16783984: srtt_us:29498819: RTT:3687352: ssthresh:24: cwnd:34: delivered:51: lost:0: retrans:1
[  202.401758] AAAAA-TCP_SEND: name:enp0s3: saddr:100932208: daddr:16783984: srtt_us:29299770: RTT:3662471: ssthresh:24: cwnd:35: delivered:53: lost:0: retrans:1
[  202.402718] AAAAA-TCP_SEND: name:enp0s3: saddr:100932208: daddr:16783984: srtt_us:29299770: RTT:3662471: ssthresh:24: cwnd:35: delivered:53: lost:0: retrans:1
[  202.402769] AAAAA-TCP_SEND: name:enp0s3: saddr:100932208: daddr:16783984: srtt_us:29299770: RTT:3662471: ssthresh:24: cwnd:35: delivered:53: lost:0: retrans:1
[  202.502248] AAAAA-TCP_RECV: name:enp0s3: saddr:33561200: daddr:100932208: srtt_us:30466228: RTT:3808278: ssthresh:21: cwnd:23: delivered:49: lost:4: retrans:5
[  202.612370] AAAAA-TCP_RECV: name:enp0s3: saddr:33561200: daddr:100932208: srtt_us:30028140: RTT:3753517: ssthresh:21: cwnd:23: delivered:50: lost:4: retrans:5
[  202.612396] AAAAA-TCP_SEND: name:enp0s3: saddr:100932208: daddr:33561200: srtt_us:30028140: RTT:3753517: ssthresh:21: cwnd:23: delivered:50: lost:4: retrans:5
[  202.727461] AAAAA-TCP_RECV: name:enp0s3: saddr:33561200: daddr:100932208: srtt_us:29754942: RTT:3719367: ssthresh:21: cwnd:22: delivered:51: lost:4: retrans:5
[  202.786719] AAAAA-TCP_RECV: name:enp0s3: saddr:33561200: daddr:100932208: srtt_us:29592469: RTT:3699058: ssthresh:21: cwnd:21: delivered:52: lost:4: retrans:5
[  202.892377] AAAAA-TCP_RECV: name:enp0s3: saddr:33561200: daddr:100932208: srtt_us:29509551: RTT:3688693: ssthresh:21: cwnd:21: delivered:53: lost:4: retrans:5
[  202.892402] AAAAA-TCP_SEND: name:enp0s3: saddr:100932208: daddr:33561200: srtt_us:29509551: RTT:3688693: ssthresh:21: cwnd:21: delivered:53: lost:4: retrans:5
[  202.955848] AAAAA-TCP_RECV: name:enp0s3: saddr:33561200: daddr:100932208: srtt_us:29472242: RTT:3684030: ssthresh:21: cwnd:21: delivered:54: lost:4: retrans:5
[  202.955861] AAAAA-TCP_SEND: name:enp0s3: saddr:100932208: daddr:33561200: srtt_us:29472242: RTT:3684030: ssthresh:21: cwnd:21: delivered:54: lost:4: retrans:5
[  202.955886] AAAAA-TCP_SEND: name:enp0s3: saddr:100932208: daddr:33561200: srtt_us:29458285: RTT:3682285: ssthresh:21: cwnd:20: delivered:55: lost:5: retrans:6
