[    0.000000] Linux version 5.4.243-mptcp (root@ztg) (gcc version 12.2.0 (Debian 12.2.0-14+deb12u1)) #53 SMP Wed Dec 24 23:28:15 CST 2025
[    0.000000] Command line: BOOT_IMAGE=/boot/vmlinuz-5.4.243-mptcp root=UUID=98415a12-53b7-4144-8265-0f7ece09e445 ro quiet splash
[    0.000000] KERNEL supported cpus:
[    0.000000]   Intel GenuineIntel
[    0.000000]   AMD AuthenticAMD
[    0.000000]   Hygon HygonGenuine
[    0.000000]   Centaur CentaurHauls
[    0.000000]   zhaoxin   Shanghai  
[    0.000000] x86/fpu: Supporting XSAVE feature 0x001: 'x87 floating point registers'
[    0.000000] x86/fpu: Supporting XSAVE feature 0x002: 'SSE registers'
[    0.000000] x86/fpu: Supporting XSAVE feature 0x004: 'AVX registers'
[    0.000000] x86/fpu: xstate_offset[2]:  576, xstate_sizes[2]:  256
[    0.000000] x86/fpu: Enabled xstate features 0x7, context size is 832 bytes, using 'standard' format.
[    0.000000] BIOS-provided physical RAM map:
[    0.000000] BIOS-e820: [mem 0x0000000000000000-0x000000000009fbff] usable
[    0.000000] BIOS-e820: [mem 0x000000000009fc00-0x000000000009ffff] reserved
[    0.000000] BIOS-e820: [mem 0x00000000000f0000-0x00000000000fffff] reserved
[    0.000000] BIOS-e820: [mem 0x0000000000100000-0x000000007ffeffff] usable
[    0.000000] BIOS-e820: [mem 0x000000007fff0000-0x000000007fffffff] ACPI data
[    0.000000] BIOS-e820: [mem 0x00000000fec00000-0x00000000fec00fff] reserved
[    0.000000] BIOS-e820: [mem 0x00000000fee00000-0x00000000fee00fff] reserved
[    0.000000] BIOS-e820: [mem 0x00000000fffc0000-0x00000000ffffffff] reserved
[    0.000000] NX (Execute Disable) protection: active
[    0.000000] SMBIOS 2.5 present.
[    0.000000] DMI: innotek GmbH VirtualBox/VirtualBox, BIOS VirtualBox 12/01/2006
[    0.000000] Hypervisor detected: KVM
[    0.000000] kvm-clock: Using msrs 4b564d01 and 4b564d00
[    0.000000] kvm-clock: cpu 0, msr 3a401001, primary cpu clock
[    0.000000] kvm-clock: using sched offset of 4422592152 cycles
[    0.000003] clocksource: kvm-clock: mask: 0xffffffffffffffff max_cycles: 0x1cd42e4dffb, max_idle_ns: 881590591483 ns
[    0.000005] tsc: Detected 2100.000 MHz processor
[    0.001878] e820: update [mem 0x00000000-0x00000fff] usable ==> reserved
[    0.001880] e820: remove [mem 0x000a0000-0x000fffff] usable
[    0.001884] last_pfn = 0x7fff0 max_arch_pfn = 0x400000000
[    0.001952] MTRR default type: uncachable
[    0.001953] MTRR fixed ranges enabled:
[    0.001954]   00000-9FFFF write-back
[    0.001955]   A0000-BFFFF uncachable
[    0.001956]   C0000-FFFFF write-protect
[    0.001956] MTRR variable ranges enabled:
[    0.001958]   0 base 000000000000 mask 3FFF80000000 write-back
[    0.001958]   1 disabled
[    0.001959]   2 disabled
[    0.001959]   3 disabled
[    0.001960]   4 disabled
[    0.001960]   5 disabled
[    0.001960]   6 disabled
[    0.001961]   7 disabled
[    0.001961]   8 disabled
[    0.001962]   9 disabled
[    0.001962]   10 disabled
[    0.001963]   11 disabled
[    0.001963]   12 disabled
[    0.001963]   13 disabled
[    0.001964]   14 disabled
[    0.001964]   15 disabled
[    0.001981] x86/PAT: Configuration [0-7]: WB  WC  UC- UC  WB  WP  UC- WT  
[    0.002115] found SMP MP-table at [mem 0x0009fff0-0x0009ffff]
[    0.090090] check: Scanning 1 areas for low memory corruption
[    0.090270] RAMDISK: [mem 0x32271000-0x3512ffff]
[    0.090278] ACPI: Early table checksum verification disabled
[    0.090283] ACPI: RSDP 0x00000000000E0000 000024 (v02 VBOX  )
[    0.090287] ACPI: XSDT 0x000000007FFF0030 00003C (v01 VBOX   VBOXXSDT 00000001 ASL  00000061)
[    0.090293] ACPI: FACP 0x000000007FFF00F0 0000F4 (v04 VBOX   VBOXFACP 00000001 ASL  00000061)
[    0.090300] ACPI: DSDT 0x000000007FFF02E0 002353 (v02 VBOX   VBOXBIOS 00000002 VBOX 00029BF3)
[    0.090304] ACPI: FACS 0x000000007FFF0200 000040
[    0.090307] ACPI: FACS 0x000000007FFF0200 000040
[    0.090310] ACPI: APIC 0x000000007FFF0240 000054 (v02 VBOX   VBOXAPIC 00000001 ASL  00000061)
[    0.090314] ACPI: SSDT 0x000000007FFF02A0 000038 (v01 VBOX   VBOXCPUT 00000002 VBOX 00029BF3)
[    0.090317] ACPI: Reserving FACP table memory at [mem 0x7fff00f0-0x7fff01e3]
[    0.090318] ACPI: Reserving DSDT table memory at [mem 0x7fff02e0-0x7fff2632]
[    0.090319] ACPI: Reserving FACS table memory at [mem 0x7fff0200-0x7fff023f]
[    0.090319] ACPI: Reserving FACS table memory at [mem 0x7fff0200-0x7fff023f]
[    0.090320] ACPI: Reserving APIC table memory at [mem 0x7fff0240-0x7fff0293]
[    0.090321] ACPI: Reserving SSDT table memory at [mem 0x7fff02a0-0x7fff02d7]
[    0.090335] ACPI: Local APIC address 0xfee00000
[    0.090523] No NUMA configuration found
[    0.090524] Faking a node at [mem 0x0000000000000000-0x000000007ffeffff]
[    0.090534] NODE_DATA(0) allocated [mem 0x7ffc5000-0x7ffeffff]
[    0.090794] Zone ranges:
[    0.090795]   DMA      [mem 0x0000000000001000-0x0000000000ffffff]
[    0.090796]   DMA32    [mem 0x0000000001000000-0x000000007ffeffff]
[    0.090797]   Normal   empty
[    0.090797]   Device   empty
[    0.090798] Movable zone start for each node
[    0.090800] Early memory node ranges
[    0.090801]   node   0: [mem 0x0000000000001000-0x000000000009efff]
[    0.090802]   node   0: [mem 0x0000000000100000-0x000000007ffeffff]
[    0.090805] Zeroed struct page in unavailable ranges: 114 pages
[    0.090806] Initmem setup node 0 [mem 0x0000000000001000-0x000000007ffeffff]
[    0.090807] On node 0 totalpages: 524174
[    0.090808]   DMA zone: 64 pages used for memmap
[    0.090809]   DMA zone: 21 pages reserved
[    0.090810]   DMA zone: 3998 pages, LIFO batch:0
[    0.090882]   DMA32 zone: 8128 pages used for memmap
[    0.090883]   DMA32 zone: 520176 pages, LIFO batch:63
[    0.100054] ACPI: PM-Timer IO Port: 0x4008
[    0.100057] ACPI: Local APIC address 0xfee00000
[    0.100121] IOAPIC[0]: apic_id 1, version 32, address 0xfec00000, GSI 0-23
[    0.100125] ACPI: INT_SRC_OVR (bus 0 bus_irq 0 global_irq 2 dfl dfl)
[    0.100126] ACPI: INT_SRC_OVR (bus 0 bus_irq 9 global_irq 9 low level)
[    0.100128] ACPI: IRQ0 used by override.
[    0.100129] ACPI: IRQ9 used by override.
[    0.100132] Using ACPI (MADT) for SMP configuration information
[    0.100138] smpboot: Allowing 1 CPUs, 0 hotplug CPUs
[    0.100158] PM: Registered nosave memory: [mem 0x00000000-0x00000fff]
[    0.100160] PM: Registered nosave memory: [mem 0x0009f000-0x0009ffff]
[    0.100160] PM: Registered nosave memory: [mem 0x000a0000-0x000effff]
[    0.100161] PM: Registered nosave memory: [mem 0x000f0000-0x000fffff]
[    0.100163] [mem 0x80000000-0xfebfffff] available for PCI devices
[    0.100163] Booting paravirtualized kernel on KVM
[    0.100166] clocksource: refined-jiffies: mask: 0xffffffff max_cycles: 0xffffffff, max_idle_ns: 7645519600211568 ns
[    0.100170] setup_percpu: NR_CPUS:8192 nr_cpumask_bits:1 nr_cpu_ids:1 nr_node_ids:1
[    0.101181] percpu: Embedded 60 pages/cpu s208896 r8192 d28672 u2097152
[    0.101186] pcpu-alloc: s208896 r8192 d28672 u2097152 alloc=1*2097152
[    0.101187] pcpu-alloc: [0] 0 
[    0.101213] Built 1 zonelists, mobility grouping on.  Total pages: 515961
[    0.101214] Policy zone: DMA32
[    0.101215] Kernel command line: BOOT_IMAGE=/boot/vmlinuz-5.4.243-mptcp root=UUID=98415a12-53b7-4144-8265-0f7ece09e445 ro quiet splash
[    0.102059] Dentry cache hash table entries: 262144 (order: 9, 2097152 bytes, linear)
[    0.102206] Inode-cache hash table entries: 131072 (order: 8, 1048576 bytes, linear)
[    0.102256] mem auto-init: stack:off, heap alloc:on, heap free:off
[    0.102258] Calgary: detecting Calgary via BIOS EBDA area
[    0.102259] Calgary: Unable to locate Rio Grande table in EBDA - bailing!
[    0.106874] Memory: 1967332K/2096696K available (14339K kernel code, 2398K rwdata, 4712K rodata, 2728K init, 17260K bss, 129364K reserved, 0K cma-reserved)
[    0.107787] SLUB: HWalign=64, Order=0-3, MinObjects=0, CPUs=1, Nodes=1
[    0.107802] ftrace: allocating 43186 entries in 169 pages
[    0.126000] rcu: Hierarchical RCU implementation.
[    0.126002] rcu: 	RCU restricting CPUs from NR_CPUS=8192 to nr_cpu_ids=1.
[    0.126003] 	Tasks RCU enabled.
[    0.126004] rcu: RCU calculated value of scheduler-enlistment delay is 25 jiffies.
[    0.126005] rcu: Adjusting geometry for rcu_fanout_leaf=16, nr_cpu_ids=1
[    0.128973] NR_IRQS: 524544, nr_irqs: 256, preallocated irqs: 16
[    0.129182] random: crng init done
[    0.138558] Console: colour VGA+ 80x25
[    0.138561] printk: console [tty0] enabled
[    0.138580] ACPI: Core revision 20190816
[    0.138690] APIC: Switch to symmetric I/O mode setup
[    0.138937] x2apic enabled
[    0.139175] Switched APIC routing to physical x2apic.
[    0.140293] ..TIMER: vector=0x30 apic1=0 pin1=2 apic2=-1 pin2=-1
[    0.140318] clocksource: tsc-early: mask: 0xffffffffffffffff max_cycles: 0x1e4530a99b6, max_idle_ns: 440795257976 ns
[    0.140323] Calibrating delay loop (skipped) preset value.. 4200.00 BogoMIPS (lpj=8400000)
[    0.140330] pid_max: default: 32768 minimum: 301
[    0.140358] LSM: Security Framework initializing
[    0.140367] Yama: becoming mindful.
[    0.140393] AppArmor: AppArmor initialized
[    0.140426] Mount-cache hash table entries: 4096 (order: 3, 32768 bytes, linear)
[    0.140431] Mountpoint-cache hash table entries: 4096 (order: 3, 32768 bytes, linear)
[    0.140442] *** VALIDATE tmpfs ***
[    0.140571] *** VALIDATE proc ***
[    0.140612] *** VALIDATE cgroup1 ***
[    0.140613] *** VALIDATE cgroup2 ***
[    0.140751] process: using mwait in idle threads
[    0.140756] Last level iTLB entries: 4KB 64, 2MB 8, 4MB 8
[    0.140757] Last level dTLB entries: 4KB 64, 2MB 0, 4MB 0, 1GB 4
[    0.140777] Spectre V1 : Mitigation: usercopy/swapgs barriers and __user pointer sanitization
[    0.140783] Spectre V2 : Mitigation: Retpolines
[    0.140783] Spectre V2 : Spectre v2 / SpectreRSB mitigation: Filling RSB on context switch
[    0.140784] Spectre V2 : Spectre v2 / SpectreRSB : Filling RSB on VMEXIT
[    0.140785] RETBleed: WARNING: Spectre v2 mitigation leaves CPU vulnerable to RETBleed attacks, data leaks possible!
[    0.141145] RETBleed: Vulnerable
[    0.141146] Speculative Store Bypass: Vulnerable
[    0.141151] TAA: Mitigation: TSX disabled
[    0.141151] MMIO Stale Data: Mitigation: Clear CPU buffers
[    0.145366] Freeing SMP alternatives memory: 40K
[    0.257192] smpboot: CPU0: Intel(R) Xeon(R) Silver 4216 CPU @ 2.10GHz (family: 0x6, model: 0x55, stepping: 0x7)
[    0.257348] Performance Events: unsupported p6 CPU model 85 no PMU driver, software events only.
[    0.257393] rcu: Hierarchical SRCU implementation.
[    0.257966] NMI watchdog: Perf NMI watchdog permanently disabled
[    0.258010] smp: Bringing up secondary CPUs ...
[    0.258011] smp: Brought up 1 node, 1 CPU
[    0.258013] smpboot: Max logical packages: 1
[    0.258014] smpboot: Total of 1 processors activated (4200.00 BogoMIPS)
[    0.259092] devtmpfs: initialized
[    0.259142] x86/mm: Memory block size: 128MB
[    0.259495] clocksource: jiffies: mask: 0xffffffff max_cycles: 0xffffffff, max_idle_ns: 7645041785100000 ns
[    0.259501] futex hash table entries: 256 (order: 2, 16384 bytes, linear)
[    0.259546] pinctrl core: initialized pinctrl subsystem
[    0.259649] PM: RTC time: 19:05:08, date: 2026-01-16
[    0.259757] NET: Registered protocol family 16
[    0.259831] audit: initializing netlink subsys (disabled)
[    0.259955] EISA bus registered
[    0.259957] cpuidle: using governor ladder
[    0.259957] cpuidle: using governor menu
[    0.259994] ACPI: bus type PCI registered
[    0.259996] acpiphp: ACPI Hot Plug PCI Controller Driver version: 0.5
[    0.260101] PCI: Using configuration type 1 for base access
[    0.260879] audit: type=2000 audit(1768561514.497:1): state=initialized audit_enabled=0 res=1
[    0.260959] HugeTLB registered 2.00 MiB page size, pre-allocated 0 pages
[    0.261831] ACPI: Added _OSI(Module Device)
[    0.261832] ACPI: Added _OSI(Processor Device)
[    0.261833] ACPI: Added _OSI(3.0 _SCP Extensions)
[    0.261833] ACPI: Added _OSI(Processor Aggregator Device)
[    0.261834] ACPI: Added _OSI(Linux-Dell-Video)
[    0.261835] ACPI: Added _OSI(Linux-Lenovo-NV-HDMI-Audio)
[    0.261836] ACPI: Added _OSI(Linux-HPI-Hybrid-Graphics)
[    0.263827] ACPI: 2 ACPI AML tables successfully acquired and loaded
[    0.265363] ACPI: Interpreter enabled
[    0.265372] ACPI: (supports S0 S5)
[    0.265373] ACPI: Using IOAPIC for interrupt routing
[    0.265580] PCI: Using host bridge windows from ACPI; if necessary, use "pci=nocrs" and report a bug
[    0.265684] ACPI: Enabled 2 GPEs in block 00 to 07
[    0.270506] ACPI: PCI Root Bridge [PCI0] (domain 0000 [bus 00-ff])
[    0.270511] acpi PNP0A03:00: _OSC: OS supports [ASPM ClockPM Segments MSI HPX-Type3]
[    0.270954] acpi PNP0A03:00: _OSC: not requesting OS control; OS requires [ExtendedConfig ASPM ClockPM MSI]
[    0.270962] acpi PNP0A03:00: fail to add MMCONFIG information, can't access extended PCI configuration space under this bridge.
[    0.271326] PCI host bridge to bus 0000:00
[    0.271328] pci_bus 0000:00: root bus resource [io  0x0000-0x0cf7 window]
[    0.271329] pci_bus 0000:00: root bus resource [io  0x0d00-0xffff window]
[    0.271330] pci_bus 0000:00: root bus resource [mem 0x000a0000-0x000bffff window]
[    0.271331] pci_bus 0000:00: root bus resource [mem 0x80000000-0xfdffffff window]
[    0.271332] pci_bus 0000:00: root bus resource [bus 00-ff]
[    0.271377] pci 0000:00:00.0: [8086:1237] type 00 class 0x060000
[    0.272409] pci 0000:00:01.0: [8086:7000] type 00 class 0x060100
[    0.273168] pci 0000:00:01.1: [8086:7111] type 00 class 0x01018a
[    0.273532] pci 0000:00:01.1: reg 0x20: [io  0xd000-0xd00f]
[    0.273681] pci 0000:00:01.1: legacy IDE quirk: reg 0x10: [io  0x01f0-0x01f7]
[    0.273682] pci 0000:00:01.1: legacy IDE quirk: reg 0x14: [io  0x03f6]
[    0.273683] pci 0000:00:01.1: legacy IDE quirk: reg 0x18: [io  0x0170-0x0177]
[    0.273684] pci 0000:00:01.1: legacy IDE quirk: reg 0x1c: [io  0x0376]
[    0.274218] pci 0000:00:02.0: [15ad:0405] type 00 class 0x030000
[    0.276396] pci 0000:00:02.0: reg 0x10: [io  0xd010-0xd01f]
[    0.280364] pci 0000:00:02.0: reg 0x14: [mem 0xe0000000-0xe7ffffff pref]
[    0.282991] pci 0000:00:02.0: reg 0x18: [mem 0xf0000000-0xf01fffff]
[    0.293100] pci 0000:00:03.0: [1022:2000] type 00 class 0x020000
[    0.293836] pci 0000:00:03.0: reg 0x10: [io  0xd020-0xd03f]
[    0.294477] pci 0000:00:03.0: reg 0x14: [mem 0xf0200000-0xf0200fff]
[    0.298864] pci 0000:00:04.0: [80ee:cafe] type 00 class 0x088000
[    0.299535] pci 0000:00:04.0: reg 0x10: [io  0xd040-0xd05f]
[    0.300142] pci 0000:00:04.0: reg 0x14: [mem 0xf0400000-0xf07fffff]
[    0.300445] pci 0000:00:04.0: reg 0x18: [mem 0xf0800000-0xf0803fff pref]
[    0.303963] pci 0000:00:07.0: [8086:7113] type 00 class 0x068000
[    0.304709] pci 0000:00:07.0: quirk: [io  0x4000-0x403f] claimed by PIIX4 ACPI
[    0.304719] pci 0000:00:07.0: quirk: [io  0x4100-0x410f] claimed by PIIX4 SMB
[    0.305323] pci 0000:00:08.0: [8086:100e] type 00 class 0x020000
[    0.306027] pci 0000:00:08.0: reg 0x10: [mem 0xf0820000-0xf083ffff]
[    0.307176] pci 0000:00:08.0: reg 0x18: [io  0xd060-0xd067]
[    0.309945] pci 0000:00:09.0: [8086:100e] type 00 class 0x020000
[    0.310688] pci 0000:00:09.0: reg 0x10: [mem 0xf0840000-0xf085ffff]
[    0.312435] pci 0000:00:09.0: reg 0x18: [io  0xd068-0xd06f]
[    0.321353] ACPI: PCI Interrupt Link [LNKA] (IRQs 5 9 10 *11)
[    0.321635] ACPI: PCI Interrupt Link [LNKB] (IRQs 5 9 *10 11)
[    0.321740] ACPI: PCI Interrupt Link [LNKC] (IRQs 5 *9 10 11)
[    0.321842] ACPI: PCI Interrupt Link [LNKD] (IRQs 5 9 10 *11)
[    0.324536] iommu: Default domain type: Translated 
[    0.324602] pci 0000:00:02.0: vgaarb: setting as boot VGA device
[    0.324604] pci 0000:00:02.0: vgaarb: VGA device added: decodes=io+mem,owns=io+mem,locks=none
[    0.324606] pci 0000:00:02.0: vgaarb: bridge control possible
[    0.324607] vgaarb: loaded
[    0.324819] SCSI subsystem initialized
[    0.324850] libata version 3.00 loaded.
[    0.324871] ACPI: bus type USB registered
[    0.324887] usbcore: registered new interface driver usbfs
[    0.324893] usbcore: registered new interface driver hub
[    0.324898] usbcore: registered new device driver usb
[    0.324926] pps_core: LinuxPPS API ver. 1 registered
[    0.324927] pps_core: Software ver. 5.3.6 - Copyright 2005-2007 Rodolfo Giometti <giometti@linux.it>
[    0.324929] PTP clock support registered
[    0.324963] EDAC MC: Ver: 3.0.0
[    0.325257] PCI: Using ACPI for IRQ routing
[    0.325259] PCI: pci_cache_line_size set to 64 bytes
[    0.325441] e820: reserve RAM buffer [mem 0x0009fc00-0x0009ffff]
[    0.325445] e820: reserve RAM buffer [mem 0x7fff0000-0x7fffffff]
[    0.326234] NetLabel: Initializing
[    0.326235] NetLabel:  domain hash size = 128
[    0.326235] NetLabel:  protocols = UNLABELED CIPSOv4 CALIPSO
[    0.326255] NetLabel:  unlabeled traffic allowed by default
[    0.327161] clocksource: Switched to clocksource kvm-clock
[    0.338718] *** VALIDATE bpf ***
[    0.338778] VFS: Disk quotas dquot_6.6.0
[    0.338791] VFS: Dquot-cache hash table entries: 512 (order 0, 4096 bytes)
[    0.338813] *** VALIDATE ramfs ***
[    0.338816] *** VALIDATE hugetlbfs ***
[    0.338895] AppArmor: AppArmor Filesystem Enabled
[    0.338919] pnp: PnP ACPI init
[    0.338982] pnp 00:00: Plug and Play ACPI device, IDs PNP0303 (active)
[    0.339051] pnp 00:01: Plug and Play ACPI device, IDs PNP0f03 (active)
[    0.339797] pnp: PnP ACPI: found 2 devices
[    0.340757] thermal_sys: Registered thermal governor 'fair_share'
[    0.340758] thermal_sys: Registered thermal governor 'bang_bang'
[    0.340759] thermal_sys: Registered thermal governor 'step_wise'
[    0.340759] thermal_sys: Registered thermal governor 'user_space'
[    0.340760] thermal_sys: Registered thermal governor 'power_allocator'
[    0.345272] clocksource: acpi_pm: mask: 0xffffff max_cycles: 0xffffff, max_idle_ns: 2085701024 ns
[    0.345313] pci_bus 0000:00: resource 4 [io  0x0000-0x0cf7 window]
[    0.345315] pci_bus 0000:00: resource 5 [io  0x0d00-0xffff window]
[    0.345316] pci_bus 0000:00: resource 6 [mem 0x000a0000-0x000bffff window]
[    0.345317] pci_bus 0000:00: resource 7 [mem 0x80000000-0xfdffffff window]
[    0.345374] NET: Registered protocol family 2
[    0.345451] IP idents hash table entries: 32768 (order: 6, 262144 bytes, linear)
[    0.345851] MPTCP tokens hash table entries: 8192 (order: 4, 65536 bytes, linear)
[    0.345872] MPTCP request tokens hash table entries: 8192 (order: 4, 65536 bytes, linear)
[    0.345897] default registered
[    0.345897] default registered
[    0.345898] MPTCP: Stable release v0.96
[    0.345903] tcp_listen_portaddr_hash hash table entries: 1024 (order: 2, 16384 bytes, linear)
[    0.345985] TCP established hash table entries: 16384 (order: 5, 131072 bytes, linear)
[    0.346050] TCP bind hash table entries: 16384 (order: 6, 262144 bytes, linear)
[    0.346076] TCP: Hash tables configured (established 16384 bind 16384)
[    0.346783] UDP hash table entries: 1024 (order: 3, 32768 bytes, linear)
[    0.346795] UDP-Lite hash table entries: 1024 (order: 3, 32768 bytes, linear)
[    0.346828] NET: Registered protocol family 1
[    0.346837] NET: Registered protocol family 44
[    0.346858] pci 0000:00:00.0: Limiting direct PCI/PCI transfers
[    0.346873] pci 0000:00:01.0: Activating ISA DMA hang workarounds
[    0.346923] pci 0000:00:02.0: Video device with shadowed ROM at [mem 0x000c0000-0x000dffff]
[    0.346986] PCI: CLS 0 bytes, default 64
[    0.347035] Trying to unpack rootfs image as initramfs...
[    0.519484] Freeing initrd memory: 47868K
[    0.519484] clocksource: tsc: mask: 0xffffffffffffffff max_cycles: 0x1e4530a99b6, max_idle_ns: 440795257976 ns
[    0.519484] clocksource: Switched to clocksource tsc
[    0.519484] platform rtc_cmos: registered platform RTC device (no PNP device found)
[    0.519484] check: Scanning for low memory corruption every 60 seconds
[    0.519484] Initialise system trusted keyrings
[    0.519484] Key type blacklist registered
[    0.519484] workingset: timestamp_bits=36 max_order=19 bucket_order=0
[    0.519484] zbud: loaded
[    0.519484] squashfs: version 4.0 (2009/01/31) Phillip Lougher
[    0.519484] fuse: init (API version 7.31)
[    0.519484] *** VALIDATE fuse ***
[    0.519484] *** VALIDATE fuse ***
[    0.519484] Platform Keyring initialized
[    0.534649] Key type asymmetric registered
[    0.534650] Asymmetric key parser 'x509' registered
[    0.534659] Block layer SCSI generic (bsg) driver version 0.4 loaded (major 244)
[    0.534701] io scheduler mq-deadline registered
[    0.534827] shpchp: Standard Hot Plug PCI Controller Driver version: 0.4
[    0.535037] ACPI: AC Adapter [AC] (on-line)
[    0.535081] input: Power Button as /devices/LNXSYSTM:00/LNXPWRBN:00/input/input0
[    0.535110] ACPI: Power Button [PWRF]
[    0.535198] input: Sleep Button as /devices/LNXSYSTM:00/LNXSLPBN:00/input/input1
[    0.535213] ACPI: Sleep Button [SLPF]
[    0.535432] Serial: 8250/16550 driver, 32 ports, IRQ sharing enabled
[    0.536580] Linux agpgart interface v0.103
[    0.627198] loop: module loaded
[    0.627351] ata_piix 0000:00:01.1: version 2.13
[    0.627755] scsi host0: ata_piix
[    0.627846] scsi host1: ata_piix
[    0.627872] ata1: PATA max UDMA/33 cmd 0x1f0 ctl 0x3f6 bmdma 0xd000 irq 14
[    0.627873] ata2: PATA max UDMA/33 cmd 0x170 ctl 0x376 bmdma 0xd008 irq 15
[    0.627953] tun: Universal TUN/TAP device driver, 1.6
[    0.628254] PPP generic driver version 2.4.2
[    0.628297] VFIO - User Level meta-driver version: 0.3
[    0.628534] ehci_hcd: USB 2.0 'Enhanced' Host Controller (EHCI) Driver
[    0.628539] ehci-pci: EHCI PCI platform driver
[    0.628554] ehci-platform: EHCI generic platform driver
[    0.628560] ohci_hcd: USB 1.1 'Open' Host Controller (OHCI) Driver
[    0.628561] ohci-pci: OHCI PCI platform driver
[    0.628568] ohci-platform: OHCI generic platform driver
[    0.628573] uhci_hcd: USB Universal Host Controller Interface driver
[    0.628637] i8042: PNP: PS/2 Controller [PNP0303:PS2K,PNP0f03:PS2M] at 0x60,0x64 irq 1,12
[    0.629085] serio: i8042 KBD port at 0x60,0x64 irq 1
[    0.629090] serio: i8042 AUX port at 0x60,0x64 irq 12
[    0.629201] mousedev: PS/2 mouse device common for all mice
[    0.629477] input: AT Translated Set 2 keyboard as /devices/platform/i8042/serio0/input/input2
[    0.629880] rtc_cmos rtc_cmos: registered as rtc0
[    0.629893] rtc_cmos rtc_cmos: alarms up to one day, 114 bytes nvram
[    0.629898] i2c /dev entries driver
[    0.629942] device-mapper: uevent: version 1.0.3
[    0.629986] device-mapper: ioctl: 4.41.0-ioctl (2019-09-16) initialised: dm-devel@redhat.com
[    0.630001] platform eisa.0: Probing EISA bus 0
[    0.630003] platform eisa.0: EISA: Cannot allocate resource for mainboard
[    0.630004] platform eisa.0: Cannot allocate resource for EISA slot 1
[    0.630005] platform eisa.0: Cannot allocate resource for EISA slot 2
[    0.630006] platform eisa.0: Cannot allocate resource for EISA slot 3
[    0.630007] platform eisa.0: Cannot allocate resource for EISA slot 4
[    0.630008] platform eisa.0: Cannot allocate resource for EISA slot 5
[    0.630009] platform eisa.0: Cannot allocate resource for EISA slot 6
[    0.630010] platform eisa.0: Cannot allocate resource for EISA slot 7
[    0.630011] platform eisa.0: Cannot allocate resource for EISA slot 8
[    0.630012] platform eisa.0: EISA: Detected 0 cards
[    0.630014] intel_pstate: CPU model not supported
[    0.630023] ledtrig-cpu: registered to indicate activity on CPUs
[    0.630079] drop_monitor: Initializing network drop monitor service
[    0.630238] NET: Registered protocol family 10
[    0.635343] Segment Routing with IPv6
[    0.635373] fullmesh registered
[    0.635374] ndiffports registered
[    0.635376] binder registered
[    0.635377] roundrobin registered
[    0.635377] redundant registered
[    0.635378] blest registered
[    0.635378] ecf registered
[    0.635380] NET: Registered protocol family 17
[    0.635382] Key type dns_resolver registered
[    0.635382] RAS: Correctable Errors collector initialized.
[    0.635382] IPI shorthand broadcast: enabled
[    0.635382] sched_clock: Marking stable (620234927, 11147573)->(633256746, -1874246)
[    0.635584] registered taskstats version 1
[    0.635594] Loading compiled-in X.509 certificates
[    0.636181] Loaded X.509 cert 'Build time autogenerated kernel key: 6909f3744cebb3d0de528d5887b96a727de79b1e'
[    0.636198] zswap: loaded using pool lzo/zbud
[    0.636251] Key type ._fscrypt registered
[    0.636252] Key type .fscrypt registered
[    0.640681] Key type big_key registered
[    0.642907] Key type encrypted registered
[    0.642910] AppArmor: AppArmor sha1 policy hashing enabled
[    0.642917] ima: No TPM chip found, activating TPM-bypass!
[    0.642921] ima: Allocated hash algorithm: sha1
[    0.642926] ima: No architecture policies found
[    0.642935] evm: Initialising EVM extended attributes:
[    0.642936] evm: security.selinux
[    0.642936] evm: security.SMACK64
[    0.642937] evm: security.SMACK64EXEC
[    0.642937] evm: security.SMACK64TRANSMUTE
[    0.642938] evm: security.SMACK64MMAP
[    0.642938] evm: security.apparmor
[    0.642939] evm: security.ima
[    0.642939] evm: security.capability
[    0.642940] evm: HMAC attrs: 0x1
[    0.643232] PM:   Magic number: 10:699:91
[    0.643346] rtc_cmos rtc_cmos: setting system clock to 2026-01-16T19:05:09 UTC (1768590309)
[    0.801117] ata1.00: ATA-6: VBOX HARDDISK, 1.0, max UDMA/133
[    0.801121] ata1.00: 209715200 sectors, multi 128: LBA 
[    0.801891] scsi 0:0:0:0: Direct-Access     ATA      VBOX HARDDISK    1.0  PQ: 0 ANSI: 5
[    0.802237] sd 0:0:0:0: [sda] 209715200 512-byte logical blocks: (107 GB/100 GiB)
[    0.802252] sd 0:0:0:0: [sda] Write Protect is off
[    0.802256] sd 0:0:0:0: [sda] Mode Sense: 00 3a 00 00
[    0.802280] sd 0:0:0:0: [sda] Write cache: enabled, read cache: enabled, doesn't support DPO or FUA
[    0.802682] sd 0:0:0:0: Attached scsi generic sg0 type 0
[    0.803817]  sda: sda1 sda2
[    0.815389] sd 0:0:0:0: [sda] Attached SCSI disk
[    0.819295] Freeing unused decrypted memory: 2040K
[    0.820376] Freeing unused kernel image memory: 2728K
[    0.820379] Write protecting the kernel read-only data: 22528k
[    0.821540] Freeing unused kernel image memory: 2036K
[    0.822167] Freeing unused kernel image memory: 1432K
[    0.841699] x86/mm: Checked W+X mappings: passed, no W+X pages found.
[    0.841706] Run /init as init process
[    0.940940] ACPI: Video Device [GFX0] (multi-head: yes  rom: no  post: no)
[    0.941026] input: Video Bus as /devices/LNXSYSTM:00/LNXSYBUS:00/PNP0A03:00/LNXVIDEO:00/input/input4
[    0.954055] pcnet32: pcnet32.c:v1.35 21.Apr.2008 tsbogend@alpha.franken.de
[    0.957948] piix4_smbus 0000:00:07.0: SMBus Host Controller at 0x4100, revision 0
[    0.961362] e1000: Intel(R) PRO/1000 Network Driver - version 7.3.21-k8-NAPI
[    0.961362] e1000: Copyright (c) 1999-2006 Intel Corporation.
[    0.974887] pcnet32: PCnet/FAST III 79C973 at 0xd020, 08:00:27:53:d7:b0 assigned IRQ 19
[    0.974934] pcnet32: Found PHY 0022:561b at address 0
[    0.975287] pcnet32: eth0: registered as PCnet/FAST III 79C973
[    0.978776] pcnet32: 1 cards_found
[    1.034748] pcnet32 0000:00:03.0 enp0s3: renamed from eth0
[    1.178906] input: ImExPS/2 Generic Explorer Mouse as /devices/platform/i8042/serio1/input/input5
[    1.376446] e1000 0000:00:08.0 eth0: (PCI:33MHz:32-bit) 08:00:27:2b:73:18
[    1.376451] e1000 0000:00:08.0 eth0: Intel(R) PRO/1000 Network Connection
[    1.747562] e1000 0000:00:09.0 eth1: (PCI:33MHz:32-bit) 08:00:27:de:1d:50
[    1.747565] e1000 0000:00:09.0 eth1: Intel(R) PRO/1000 Network Connection
[    1.748858] e1000 0000:00:09.0 enp0s9: renamed from eth1
[    1.750766] e1000 0000:00:08.0 enp0s8: renamed from eth0
[    1.899958] EXT4-fs (sda2): mounted filesystem with ordered data mode. Opts: (null)
[    1.992165] systemd[1]: Inserted module 'autofs4'
[    2.002603] systemd[1]: systemd 245.4-4ubuntu3 running in system mode. (+PAM +AUDIT +SELINUX +IMA +APPARMOR +SMACK +SYSVINIT +UTMP +LIBCRYPTSETUP +GCRYPT +GNUTLS +ACL +XZ +LZ4 +SECCOMP +BLKID +ELFUTILS +KMOD +IDN2 -IDN +PCRE2 default-hierarchy=hybrid)
[    2.002637] systemd[1]: Detected virtualization oracle.
[    2.002641] systemd[1]: Detected architecture x86-64.
[    2.004033] systemd[1]: Set hostname to <ztg>.
[    2.135656] systemd[1]: /lib/systemd/system/dbus.socket:5: ListenStream= references a path below legacy directory /var/run/, updating /var/run/dbus/system_bus_socket â†’ /run/dbus/system_bus_socket; please update the unit file accordingly.
[    2.188747] systemd[1]: Created slice system-modprobe.slice.
[    2.188957] systemd[1]: Created slice User and Session Slice.
[    2.189006] systemd[1]: Started Forward Password Requests to Wall Directory Watch.
[    2.189189] systemd[1]: Set up automount Arbitrary Executable File Formats File System Automount Point.
[    2.189225] systemd[1]: Reached target User and Group Name Lookups.
[    2.189235] systemd[1]: Reached target Remote File Systems.
[    2.189244] systemd[1]: Reached target Slices.
[    2.190204] systemd[1]: Listening on Syslog Socket.
[    2.190278] systemd[1]: Listening on fsck to fsckd communication Socket.
[    2.190320] systemd[1]: Listening on initctl Compatibility Named Pipe.
[    2.190550] systemd[1]: Listening on Journal Audit Socket.
[    2.190607] systemd[1]: Listening on Journal Socket (/dev/log).
[    2.190679] systemd[1]: Listening on Journal Socket.
[    2.190745] systemd[1]: Listening on udev Control Socket.
[    2.190788] systemd[1]: Listening on udev Kernel Socket.
[    2.191641] systemd[1]: Mounting Huge Pages File System...
[    2.192644] systemd[1]: Mounting POSIX Message Queue File System...
[    2.193603] systemd[1]: Mounting Kernel Debug File System...
[    2.194511] systemd[1]: Mounting Kernel Trace File System...
[    2.197113] systemd[1]: Starting Journal Service...
[    2.221696] systemd[1]: Starting Set the console keyboard layout...
[    2.227208] systemd[1]: Starting Create list of static device nodes for the current kernel...
[    2.232269] systemd[1]: Starting Load Kernel Module drm...
[    2.233395] systemd[1]: Condition check resulted in Set Up Additional Binary Formats being skipped.
[    2.233448] systemd[1]: Condition check resulted in File System Check on Root Device being skipped.
[    2.245188] systemd[1]: Starting Load Kernel Modules...
[    2.250834] systemd[1]: Starting Remount Root and Kernel File Systems...
[    2.260644] systemd[1]: Starting udev Coldplug all Devices...
[    2.289438] systemd[1]: Starting Uncomplicated firewall...
[    2.293397] systemd[1]: Mounted Huge Pages File System.
[    2.293499] systemd[1]: Mounted POSIX Message Queue File System.
[    2.293584] systemd[1]: Mounted Kernel Debug File System.
[    2.293666] systemd[1]: Mounted Kernel Trace File System.
[    2.294707] EXT4-fs (sda2): re-mounted. Opts: errors=remount-ro
[    2.313023] systemd[1]: Finished Create list of static device nodes for the current kernel.
[    2.314283] systemd[1]: modprobe@drm.service: Succeeded.
[    2.314759] systemd[1]: Finished Load Kernel Module drm.
[    2.321834] systemd[1]: Finished Remount Root and Kernel File Systems.
[    2.324097] lp: driver loaded but no devices found
[    2.325621] systemd[1]: Finished Uncomplicated firewall.
[    2.337215] systemd[1]: Condition check resulted in Rebuild Hardware Database being skipped.
[    2.337258] systemd[1]: Condition check resulted in Platform Persistent Storage Archival being skipped.
[    2.339424] systemd[1]: Starting Load/Save Random Seed...
[    2.341620] ppdev: user-space parallel port driver
[    2.349538] systemd[1]: Starting Create System Users...
[    2.361879] systemd[1]: Finished Load/Save Random Seed.
[    2.368762] systemd[1]: Finished Create System Users.
[    2.369596] systemd[1]: Starting Create Static Device Nodes in /dev...
[    2.406417] systemd[1]: Finished Create Static Device Nodes in /dev.
[    2.407644] systemd[1]: Starting udev Kernel Device Manager...
[    2.441867] systemd[1]: Finished udev Coldplug all Devices.
[    2.444728] [drm] DMA map mode: Caching DMA mappings.
[    2.444791] [drm] Capabilities:
[    2.444792] [drm]   Rect copy.
[    2.444792] [drm]   Cursor.
[    2.444792] [drm]   Cursor bypass.
[    2.444793] [drm]   Cursor bypass 2.
[    2.444793] [drm]   Alpha cursor.
[    2.444793] [drm]   Extended Fifo.
[    2.444794] [drm]   Pitchlock.
[    2.444794] [drm]   Irq mask.
[    2.444794] [drm]   GMR.
[    2.444795] [drm]   Traces.
[    2.444795] [drm]   GMR2.
[    2.444795] [drm]   Screen Object 2.
[    2.444796] [drm]   Command Buffers.
[    2.444796] [drm]   Command Buffers 2.
[    2.444796] [drm]   Guest Backed Resources.
[    2.444798] [drm] Max GMR ids is 8192
[    2.444798] [drm] Max number of GMR pages is 1048576
[    2.444799] [drm] Max dedicated hypervisor surface memory is 393216 kiB
[    2.444799] [drm] Maximum display memory size is 131072 kiB
[    2.444800] [drm] VRAM at 0xe0000000 size is 131072 kiB
[    2.444801] [drm] MMIO at 0xf0000000 size is 2048 kiB
[    2.446181] [TTM] Zone  kernel: Available graphics memory: 1011738 KiB
[    2.446182] [TTM] Initializing pool allocator
[    2.446186] [TTM] Initializing DMA pool allocator
[    2.446243] [drm] Supports vblank timestamp caching Rev 2 (21.10.2013).
[    2.446243] [drm] No driver support for vblank timestamp query.
[    2.446503] [drm] Screen Target Display device initialized
[    2.446854] [drm] width 720
[    2.446863] [drm] height 400
[    2.446866] [drm] bpp 32
[    2.447426] [drm] Fifo max 0x00200000 min 0x00001000 cap 0x00000355
[    2.449721] [drm] Using command buffers with DMA pool.
[    2.449726] [drm] DX: no.
[    2.449727] [drm] Atomic: yes.
[    2.449727] [drm] SM4_1: no.
[    2.449750] [drm:vmw_host_log [vmwgfx]] *ERROR* Failed to send host log message.
[    2.450654] [drm:vmw_host_log [vmwgfx]] *ERROR* Failed to send host log message.
[    2.504639] fbcon: svgadrmfb (fb0) is primary device
[    2.507184] Console: switching to colour frame buffer device 100x37
[    2.513718] systemd[1]: Finished Set the console keyboard layout.
[    2.513916] systemd[1]: Reached target Local File Systems (Pre).
[    2.515346] [drm] Initialized vmwgfx 2.15.0 20180704 for 0000:00:02.0 on minor 0
[    2.517929] systemd[1]: Mounting Mount unit for bare, revision 5...
[    2.523818] systemd[1]: Mounting Mount unit for core18, revision 1705...
[    2.529150] systemd[1]: Mounting Mount unit for gnome-3-34-1804, revision 24...
[    2.564175] systemd[1]: Mounting Mount unit for gtk-common-themes, revision 1506...
[    2.568873] systemd[1]: Mounting Mount unit for gtk-common-themes, revision 1535...
[    2.576477] systemd[1]: Mounting Mount unit for snap-store, revision 433...
[    2.580685] systemd[1]: Mounting Mount unit for snapd, revision 25935...
[    2.590515] systemd[1]: Finished Load Kernel Modules.
[    2.617746] systemd[1]: Mounting FUSE Control File System...
[    2.622966] systemd[1]: Mounting Kernel Configuration File System...
[    2.629886] systemd[1]: Starting Apply Kernel Variables...
[    2.648927] systemd[1]: Started udev Kernel Device Manager.
[    2.649054] systemd[1]: Mounted Mount unit for bare, revision 5.
[    2.649155] systemd[1]: Mounted Mount unit for core18, revision 1705.
[    2.649241] systemd[1]: Mounted Mount unit for gnome-3-34-1804, revision 24.
[    2.649325] systemd[1]: Mounted Mount unit for gtk-common-themes, revision 1506.
[    2.649407] systemd[1]: Mounted FUSE Control File System.
[    2.649480] systemd[1]: Mounted Kernel Configuration File System.
[    2.649545] systemd[1]: Condition check resulted in VMware vmblock fuse mount being skipped.
[    2.656388] systemd[1]: Starting Show Plymouth Boot Screen...
[    2.661535] systemd[1]: Received SIGRTMIN+20 from PID 282 (plymouthd).
[    2.688730] systemd[1]: Mounted Mount unit for gtk-common-themes, revision 1535.
[    2.688989] systemd[1]: Mounted Mount unit for snap-store, revision 433.
[    2.689176] systemd[1]: Mounted Mount unit for snapd, revision 25935.
[    2.689642] systemd[1]: Finished Apply Kernel Variables.
[    2.690365] systemd[1]: Reached target Local File Systems.
[    2.694041] systemd[1]: Starting Load AppArmor profiles...
[    2.701684] systemd[1]: Starting Set console font and keymap...
[    2.711125] systemd[1]: Starting Tell Plymouth To Write Out Runtime Data...
[    2.712751] systemd[1]: Condition check resulted in Store a System Token in an EFI Variable being skipped.
[    2.712815] systemd[1]: Condition check resulted in Commit a transient machine-id on disk being skipped.
[    2.713038] systemd[1]: Started Show Plymouth Boot Screen.
[    2.715513] systemd[1]: Finished Set console font and keymap.
[    2.717322] systemd[1]: Condition check resulted in Dispatch Password Requests to Console Directory Watch being skipped.
[    2.717411] systemd[1]: Started Forward Password Requests to Plymouth Directory Watch.
[    2.717480] systemd[1]: Reached target Local Encrypted Volumes.
[    2.737114] systemd[1]: Received SIGRTMIN+20 from PID 282 (plymouthd).
[    2.739401] systemd[1]: plymouth-read-write.service: Succeeded.
[    2.739655] systemd[1]: Finished Tell Plymouth To Write Out Runtime Data.
[    2.772108] audit: type=1400 audit(1768590311.624:2): apparmor="STATUS" operation="profile_load" profile="unconfined" name="nvidia_modprobe" pid=300 comm="apparmor_parser"
[    2.772112] audit: type=1400 audit(1768590311.624:3): apparmor="STATUS" operation="profile_load" profile="unconfined" name="nvidia_modprobe//kmod" pid=300 comm="apparmor_parser"
[    2.780392] audit: type=1400 audit(1768590311.632:4): apparmor="STATUS" operation="profile_load" profile="unconfined" name="/usr/sbin/tcpdump" pid=301 comm="apparmor_parser"
[    2.829898] audit: type=1400 audit(1768590311.672:5): apparmor="STATUS" operation="profile_load" profile="unconfined" name="/usr/bin/evince" pid=303 comm="apparmor_parser"
[    2.829901] audit: type=1400 audit(1768590311.672:6): apparmor="STATUS" operation="profile_load" profile="unconfined" name="/usr/bin/evince//sanitized_helper" pid=303 comm="apparmor_parser"
[    2.829903] audit: type=1400 audit(1768590311.672:7): apparmor="STATUS" operation="profile_load" profile="unconfined" name="/usr/bin/evince-previewer" pid=303 comm="apparmor_parser"
[    2.829905] audit: type=1400 audit(1768590311.672:8): apparmor="STATUS" operation="profile_load" profile="unconfined" name="/usr/bin/evince-previewer//sanitized_helper" pid=303 comm="apparmor_parser"
[    2.829906] audit: type=1400 audit(1768590311.672:9): apparmor="STATUS" operation="profile_load" profile="unconfined" name="/usr/bin/evince-thumbnailer" pid=303 comm="apparmor_parser"
[    2.841688] audit: type=1400 audit(1768590311.696:10): apparmor="STATUS" operation="profile_load" profile="unconfined" name="/usr/lib/cups/backend/cups-pdf" pid=304 comm="apparmor_parser"
[    2.923578] systemd[1]: Finished Load AppArmor profiles.
[    2.924711] systemd[1]: Starting Load AppArmor profiles managed internally by snapd...
[    3.047202] systemd[1]: Finished Load AppArmor profiles managed internally by snapd.
[    3.206415] systemd[1]: Started Journal Service.
[    3.215069] systemd-journald[229]: Received client request to flush runtime journal.
[    3.219408] systemd-journald[229]: File /var/log/journal/c455b248004a419c87ce85eea238d727/system.journal corrupted or uncleanly shut down, renaming and replacing.
[    4.638389] RAPL PMU: API unit is 2^-32 Joules, 0 fixed counters, 10737418240 ms ovfl timer
[    4.686116] cryptd: max_cpu_qlen set to 1000
[    4.774923] AVX2 version of gcm_enc/dec engaged.
[    4.774924] AES CTR mode by8 optimization enabled
[    6.717209] Adding 1998844k swap on /dev/sda1.  Priority:-2 extents:1 across:1998844k FS
[    8.574534] kauditd_printk_skb: 30 callbacks suppressed
[    8.574535] audit: type=1400 audit(1768590317.424:41): apparmor="DENIED" operation="capable" profile="/usr/sbin/cups-browsed" pid=511 comm="cups-browsed" capability=23  capname="sys_nice"
[    9.300590] pcnet32 0000:00:03.0 enp0s3: link up, 100Mbps, full-duplex
[    9.329382] e1000: enp0s8 NIC Link is Up 1000 Mbps Full Duplex, Flow Control: RX
[    9.329680] IPv6: ADDRCONF(NETDEV_CHANGE): enp0s8: link becomes ready
[    9.367716] e1000: enp0s9 NIC Link is Up 1000 Mbps Full Duplex, Flow Control: RX
[    9.368044] IPv6: ADDRCONF(NETDEV_CHANGE): enp0s9: link becomes ready
[   10.042349] device enp0s3 entered promiscuous mode
[   10.081291] audit: type=1400 audit(1768590318.928:42): apparmor="DENIED" operation="open" profile="/usr/sbin/tcpdump" name="/proc/sys/kernel/random/boot_id" pid=660 comm="tcpdump" requested_mask="r" denied_mask="r" fsuid=0 ouid=0
[   10.082494] audit: type=1400 audit(1768590318.928:43): apparmor="DENIED" operation="open" profile="/usr/sbin/tcpdump" name="/proc/sys/kernel/random/boot_id" pid=660 comm="tcpdump" requested_mask="r" denied_mask="r" fsuid=0 ouid=0
[   10.082745] audit: type=1400 audit(1768590318.928:44): apparmor="DENIED" operation="open" profile="/usr/sbin/tcpdump" name="/proc/sys/kernel/random/boot_id" pid=660 comm="tcpdump" requested_mask="r" denied_mask="r" fsuid=0 ouid=0
[   10.082766] audit: type=1400 audit(1768590318.928:45): apparmor="DENIED" operation="open" profile="/usr/sbin/tcpdump" name="/proc/sys/kernel/random/boot_id" pid=660 comm="tcpdump" requested_mask="r" denied_mask="r" fsuid=0 ouid=0
[   10.095807] audit: type=1400 audit(1768590318.944:46): apparmor="DENIED" operation="open" profile="/usr/sbin/tcpdump" name="/proc/sys/kernel/random/boot_id" pid=661 comm="tcpdump" requested_mask="r" denied_mask="r" fsuid=0 ouid=0
[   10.096164] audit: type=1400 audit(1768590318.944:47): apparmor="DENIED" operation="open" profile="/usr/sbin/tcpdump" name="/proc/sys/kernel/random/boot_id" pid=661 comm="tcpdump" requested_mask="r" denied_mask="r" fsuid=0 ouid=0
[   10.096208] audit: type=1400 audit(1768590318.944:48): apparmor="DENIED" operation="open" profile="/usr/sbin/tcpdump" name="/proc/sys/kernel/random/boot_id" pid=661 comm="tcpdump" requested_mask="r" denied_mask="r" fsuid=0 ouid=0
[   10.096357] audit: type=1400 audit(1768590318.944:49): apparmor="DENIED" operation="open" profile="/usr/sbin/tcpdump" name="/proc/sys/kernel/random/boot_id" pid=661 comm="tcpdump" requested_mask="r" denied_mask="r" fsuid=0 ouid=0
[   16.551327] rfkill: input handler disabled
[  243.920480] AAAAA-TCP_FORW: name:enp0s3: saddr:33561200: daddr:100932208
[  244.199945] AAAAA-TCP_FORW: name:enp0s3: saddr:16783984: daddr:100932208
[  244.489639] AAAAA-TCP_FORW: name:enp0s3: saddr:33561200: daddr:100932208
[  244.615851] AAAAA-TCP_FORW: name:enp0s3: saddr:16783984: daddr:100932208
[  244.745954] AAAAA-TCP_FORW: name:enp0s3: saddr:33561200: daddr:100932208
[  244.935749] AAAAA-TCP_FORW: name:enp0s3: saddr:33561200: daddr:100932208
[  245.059971] AAAAA-TCP_FORW: name:enp0s3: saddr:16783984: daddr:100932208
[  245.218436] AAAAA-TCP_FORW: name:enp0s3: saddr:16783984: daddr:100932208
[  245.316233] AAAAA-TCP_FORW: name:enp0s3: saddr:33561200: daddr:100932208
[  245.364786] AAAAA-TCP_FORW: name:enp0s3: saddr:16783984: daddr:100932208
[  245.518178] AAAAA-TCP_FORW: name:enp0s3: saddr:33561200: daddr:100932208
[  245.733300] AAAAA-TCP_FORW: name:enp0s3: saddr:16783984: daddr:100932208
[  245.893319] AAAAA-TCP_FORW: name:enp0s3: saddr:33561200: daddr:100932208
[  245.974569] AAAAA-TCP_FORW: name:enp0s3: saddr:16783984: daddr:100932208
[  246.068619] AAAAA-TCP_FORW: name:enp0s3: saddr:16783984: daddr:100932208
[  246.156191] AAAAA-TCP_FORW: name:enp0s3: saddr:33561200: daddr:100932208
[  246.246588] AAAAA-TCP_FORW: name:enp0s3: saddr:16783984: daddr:100932208
[  246.331712] AAAAA-TCP_FORW: name:enp0s3: saddr:33561200: daddr:100932208
[  246.513562] AAAAA-TCP_FORW: name:enp0s3: saddr:33561200: daddr:100932208
[  246.640711] AAAAA-TCP_FORW: name:enp0s3: saddr:16783984: daddr:100932208
[  246.762558] AAAAA-TCP_FORW: name:enp0s3: saddr:16783984: daddr:100932208
[  246.851303] AAAAA-TCP_FORW: name:enp0s3: saddr:16783984: daddr:100932208
[  246.920021] AAAAA-TCP_FORW: name:enp0s3: saddr:16783984: daddr:100932208
[  246.997172] AAAAA-TCP_FORW: name:enp0s3: saddr:33561200: daddr:100932208
[  247.231300] AAAAA-TCP_FORW: name:enp0s3: saddr:16783984: daddr:100932208
[  247.428363] AAAAA-TCP_FORW: name:enp0s3: saddr:16783984: daddr:100932208
[  247.592343] AAAAA-TCP_FORW: name:enp0s3: saddr:16783984: daddr:100932208
[  247.709228] AAAAA-TCP_FORW: name:enp0s3: saddr:16783984: daddr:100932208
[  247.752997] AAAAA-TCP_FORW: name:enp0s3: saddr:16783984: daddr:100932208
[  247.896107] AAAAA-TCP_FORW: name:enp0s3: saddr:16783984: daddr:100932208
[  247.986853] AAAAA-TCP_FORW: name:enp0s3: saddr:16783984: daddr:100932208
[  248.154011] AAAAA-TCP_FORW: name:enp0s3: saddr:16783984: daddr:100932208
[  248.289158] AAAAA-TCP_FORW: name:enp0s3: saddr:16783984: daddr:100932208
[  248.449166] AAAAA-TCP_FORW: name:enp0s3: saddr:33561200: daddr:100932208
[  248.517563] AAAAA-TCP_FORW: name:enp0s3: saddr:16783984: daddr:100932208
[  248.650051] AAAAA-TCP_FORW: name:enp0s3: saddr:33561200: daddr:100932208
[  248.764122] AAAAA-TCP_FORW: name:enp0s3: saddr:16783984: daddr:100932208
[  248.859206] AAAAA-TCP_FORW: name:enp0s3: saddr:33561200: daddr:100932208
[  248.987396] AAAAA-TCP_FORW: name:enp0s3: saddr:16783984: daddr:100932208
[  249.120287] AAAAA-TCP_FORW: name:enp0s3: saddr:33561200: daddr:100932208
[  249.468107] AAAAA-TCP_FORW: name:enp0s3: saddr:33561200: daddr:100932208
[  250.003272] AAAAA-TCP_FORW: name:enp0s3: saddr:16783984: daddr:100932208
[  250.175789] AAAAA-TCP_FORW: name:enp0s3: saddr:16783984: daddr:100932208
[  250.319059] AAAAA-TCP_FORW: name:enp0s3: saddr:16783984: daddr:100932208
[  250.482948] AAAAA-TCP_FORW: name:enp0s3: saddr:33561200: daddr:100932208
[  250.596245] AAAAA-TCP_FORW: name:enp0s3: saddr:33561200: daddr:100932208
[  250.875668] AAAAA-TCP_FORW: name:enp0s3: saddr:33561200: daddr:100932208
[  251.151365] AAAAA-TCP_FORW: name:enp0s3: saddr:33561200: daddr:100932208
[  251.305342] AAAAA-TCP_FORW: name:enp0s3: saddr:16783984: daddr:100932208
[  251.490726] AAAAA-TCP_FORW: name:enp0s3: saddr:33561200: daddr:100932208
[  251.562217] AAAAA-TCP_FORW: name:enp0s3: saddr:16783984: daddr:100932208
[  251.768829] AAAAA-TCP_FORW: name:enp0s3: saddr:33561200: daddr:100932208
[  251.926781] AAAAA-TCP_FORW: name:enp0s3: saddr:16783984: daddr:100932208
[  252.020276] AAAAA-TCP_FORW: name:enp0s3: saddr:16783984: daddr:100932208
[  252.259138] AAAAA-TCP_FORW: name:enp0s3: saddr:16783984: daddr:100932208
[  252.477715] AAAAA-TCP_FORW: name:enp0s3: saddr:16783984: daddr:100932208
[  252.665809] AAAAA-TCP_FORW: name:enp0s3: saddr:33561200: daddr:100932208
[  252.740513] AAAAA-TCP_FORW: name:enp0s3: saddr:33561200: daddr:100932208
[  253.255882] AAAAA-TCP_FORW: name:enp0s3: saddr:33561200: daddr:100932208
[  253.395944] AAAAA-TCP_FORW: name:enp0s3: saddr:16783984: daddr:100932208
[  253.615229] AAAAA-TCP_FORW: name:enp0s3: saddr:16783984: daddr:100932208
[  253.706425] AAAAA-TCP_FORW: name:enp0s3: saddr:16783984: daddr:100932208
[  310.236578] AAAAA-TCP_FORW: name:enp0s3: saddr:100932208: daddr:16783984
[  310.361973] AAAAA-TCP_FORW: name:enp0s3: saddr:100932208: daddr:33561200
[  310.414364] AAAAA-TCP_FORW: name:enp0s3: saddr:100932208: daddr:33561200
[  310.543878] AAAAA-TCP_FORW: name:enp0s3: saddr:100932208: daddr:16783984
[  310.673254] AAAAA-TCP_FORW: name:enp0s3: saddr:100932208: daddr:16783984
[  310.784180] AAAAA-TCP_FORW: name:enp0s3: saddr:100932208: daddr:33561200
[  311.622641] AAAAA-TCP_FORW: name:enp0s3: saddr:100932208: daddr:33561200
[  485.073272] rfkill: input handler enabled
[  493.830203] rfkill: input handler disabled
[  720.458432] device enp0s3 left promiscuous mode
