[    0.000000] Linux version 5.4.243-mptcp (root@ztg) (gcc version 12.2.0 (Debian 12.2.0-14+deb12u1)) #53 SMP Wed Dec 24 23:28:15 CST 2025
[    0.000000] Command line: BOOT_IMAGE=/boot/vmlinuz-5.4.243-mptcp root=UUID=98415a12-53b7-4144-8265-0f7ece09e445 ro quiet splash
[    0.000000] KERNEL supported cpus:
[    0.000000]   Intel GenuineIntel
[    0.000000]   AMD AuthenticAMD
[    0.000000]   Hygon HygonGenuine
[    0.000000]   Centaur CentaurHauls
[    0.000000]   zhaoxin   Shanghai  
[    0.000000] x86/fpu: Supporting XSAVE feature 0x001: 'x87 floating point registers'
[    0.000000] x86/fpu: Supporting XSAVE feature 0x002: 'SSE registers'
[    0.000000] x86/fpu: Supporting XSAVE feature 0x004: 'AVX registers'
[    0.000000] x86/fpu: xstate_offset[2]:  576, xstate_sizes[2]:  256
[    0.000000] x86/fpu: Enabled xstate features 0x7, context size is 832 bytes, using 'standard' format.
[    0.000000] BIOS-provided physical RAM map:
[    0.000000] BIOS-e820: [mem 0x0000000000000000-0x000000000009fbff] usable
[    0.000000] BIOS-e820: [mem 0x000000000009fc00-0x000000000009ffff] reserved
[    0.000000] BIOS-e820: [mem 0x00000000000f0000-0x00000000000fffff] reserved
[    0.000000] BIOS-e820: [mem 0x0000000000100000-0x000000007ffeffff] usable
[    0.000000] BIOS-e820: [mem 0x000000007fff0000-0x000000007fffffff] ACPI data
[    0.000000] BIOS-e820: [mem 0x00000000fec00000-0x00000000fec00fff] reserved
[    0.000000] BIOS-e820: [mem 0x00000000fee00000-0x00000000fee00fff] reserved
[    0.000000] BIOS-e820: [mem 0x00000000fffc0000-0x00000000ffffffff] reserved
[    0.000000] NX (Execute Disable) protection: active
[    0.000000] SMBIOS 2.5 present.
[    0.000000] DMI: innotek GmbH VirtualBox/VirtualBox, BIOS VirtualBox 12/01/2006
[    0.000000] Hypervisor detected: KVM
[    0.000000] kvm-clock: Using msrs 4b564d01 and 4b564d00
[    0.000000] kvm-clock: cpu 0, msr 20801001, primary cpu clock
[    0.000000] kvm-clock: using sched offset of 4447826128 cycles
[    0.000003] clocksource: kvm-clock: mask: 0xffffffffffffffff max_cycles: 0x1cd42e4dffb, max_idle_ns: 881590591483 ns
[    0.000006] tsc: Detected 2100.000 MHz processor
[    0.001870] e820: update [mem 0x00000000-0x00000fff] usable ==> reserved
[    0.001872] e820: remove [mem 0x000a0000-0x000fffff] usable
[    0.001876] last_pfn = 0x7fff0 max_arch_pfn = 0x400000000
[    0.001945] MTRR default type: uncachable
[    0.001945] MTRR fixed ranges enabled:
[    0.001947]   00000-9FFFF write-back
[    0.001947]   A0000-BFFFF uncachable
[    0.001948]   C0000-FFFFF write-protect
[    0.001949] MTRR variable ranges enabled:
[    0.001950]   0 base 000000000000 mask 3FFF80000000 write-back
[    0.001951]   1 disabled
[    0.001952]   2 disabled
[    0.001952]   3 disabled
[    0.001952]   4 disabled
[    0.001953]   5 disabled
[    0.001953]   6 disabled
[    0.001954]   7 disabled
[    0.001954]   8 disabled
[    0.001954]   9 disabled
[    0.001955]   10 disabled
[    0.001955]   11 disabled
[    0.001956]   12 disabled
[    0.001956]   13 disabled
[    0.001957]   14 disabled
[    0.001957]   15 disabled
[    0.001973] x86/PAT: Configuration [0-7]: WB  WC  UC- UC  WB  WP  UC- WT  
[    0.002107] found SMP MP-table at [mem 0x0009fff0-0x0009ffff]
[    0.093950] check: Scanning 1 areas for low memory corruption
[    0.094136] RAMDISK: [mem 0x32271000-0x3512ffff]
[    0.094144] ACPI: Early table checksum verification disabled
[    0.094149] ACPI: RSDP 0x00000000000E0000 000024 (v02 VBOX  )
[    0.094154] ACPI: XSDT 0x000000007FFF0030 00003C (v01 VBOX   VBOXXSDT 00000001 ASL  00000061)
[    0.094160] ACPI: FACP 0x000000007FFF00F0 0000F4 (v04 VBOX   VBOXFACP 00000001 ASL  00000061)
[    0.094167] ACPI: DSDT 0x000000007FFF02E0 002353 (v02 VBOX   VBOXBIOS 00000002 VBOX 00029BF3)
[    0.094171] ACPI: FACS 0x000000007FFF0200 000040
[    0.094174] ACPI: FACS 0x000000007FFF0200 000040
[    0.094177] ACPI: APIC 0x000000007FFF0240 000054 (v02 VBOX   VBOXAPIC 00000001 ASL  00000061)
[    0.094181] ACPI: SSDT 0x000000007FFF02A0 000038 (v01 VBOX   VBOXCPUT 00000002 VBOX 00029BF3)
[    0.094184] ACPI: Reserving FACP table memory at [mem 0x7fff00f0-0x7fff01e3]
[    0.094185] ACPI: Reserving DSDT table memory at [mem 0x7fff02e0-0x7fff2632]
[    0.094186] ACPI: Reserving FACS table memory at [mem 0x7fff0200-0x7fff023f]
[    0.094186] ACPI: Reserving FACS table memory at [mem 0x7fff0200-0x7fff023f]
[    0.094187] ACPI: Reserving APIC table memory at [mem 0x7fff0240-0x7fff0293]
[    0.094188] ACPI: Reserving SSDT table memory at [mem 0x7fff02a0-0x7fff02d7]
[    0.094202] ACPI: Local APIC address 0xfee00000
[    0.094390] No NUMA configuration found
[    0.094391] Faking a node at [mem 0x0000000000000000-0x000000007ffeffff]
[    0.094401] NODE_DATA(0) allocated [mem 0x7ffc5000-0x7ffeffff]
[    0.094662] Zone ranges:
[    0.094663]   DMA      [mem 0x0000000000001000-0x0000000000ffffff]
[    0.094664]   DMA32    [mem 0x0000000001000000-0x000000007ffeffff]
[    0.094665]   Normal   empty
[    0.094666]   Device   empty
[    0.094667] Movable zone start for each node
[    0.094669] Early memory node ranges
[    0.094669]   node   0: [mem 0x0000000000001000-0x000000000009efff]
[    0.094670]   node   0: [mem 0x0000000000100000-0x000000007ffeffff]
[    0.094673] Zeroed struct page in unavailable ranges: 114 pages
[    0.094674] Initmem setup node 0 [mem 0x0000000000001000-0x000000007ffeffff]
[    0.094675] On node 0 totalpages: 524174
[    0.094676]   DMA zone: 64 pages used for memmap
[    0.094677]   DMA zone: 21 pages reserved
[    0.094678]   DMA zone: 3998 pages, LIFO batch:0
[    0.094748]   DMA32 zone: 8128 pages used for memmap
[    0.094749]   DMA32 zone: 520176 pages, LIFO batch:63
[    0.103898] ACPI: PM-Timer IO Port: 0x4008
[    0.103902] ACPI: Local APIC address 0xfee00000
[    0.103970] IOAPIC[0]: apic_id 1, version 32, address 0xfec00000, GSI 0-23
[    0.103974] ACPI: INT_SRC_OVR (bus 0 bus_irq 0 global_irq 2 dfl dfl)
[    0.103975] ACPI: INT_SRC_OVR (bus 0 bus_irq 9 global_irq 9 low level)
[    0.103977] ACPI: IRQ0 used by override.
[    0.103978] ACPI: IRQ9 used by override.
[    0.103981] Using ACPI (MADT) for SMP configuration information
[    0.103987] smpboot: Allowing 1 CPUs, 0 hotplug CPUs
[    0.104011] PM: Registered nosave memory: [mem 0x00000000-0x00000fff]
[    0.104012] PM: Registered nosave memory: [mem 0x0009f000-0x0009ffff]
[    0.104012] PM: Registered nosave memory: [mem 0x000a0000-0x000effff]
[    0.104013] PM: Registered nosave memory: [mem 0x000f0000-0x000fffff]
[    0.104015] [mem 0x80000000-0xfebfffff] available for PCI devices
[    0.104015] Booting paravirtualized kernel on KVM
[    0.104019] clocksource: refined-jiffies: mask: 0xffffffff max_cycles: 0xffffffff, max_idle_ns: 7645519600211568 ns
[    0.104023] setup_percpu: NR_CPUS:8192 nr_cpumask_bits:1 nr_cpu_ids:1 nr_node_ids:1
[    0.105045] percpu: Embedded 60 pages/cpu s208896 r8192 d28672 u2097152
[    0.105050] pcpu-alloc: s208896 r8192 d28672 u2097152 alloc=1*2097152
[    0.105051] pcpu-alloc: [0] 0 
[    0.105078] Built 1 zonelists, mobility grouping on.  Total pages: 515961
[    0.105079] Policy zone: DMA32
[    0.105081] Kernel command line: BOOT_IMAGE=/boot/vmlinuz-5.4.243-mptcp root=UUID=98415a12-53b7-4144-8265-0f7ece09e445 ro quiet splash
[    0.105939] Dentry cache hash table entries: 262144 (order: 9, 2097152 bytes, linear)
[    0.106087] Inode-cache hash table entries: 131072 (order: 8, 1048576 bytes, linear)
[    0.106137] mem auto-init: stack:off, heap alloc:on, heap free:off
[    0.106139] Calgary: detecting Calgary via BIOS EBDA area
[    0.106140] Calgary: Unable to locate Rio Grande table in EBDA - bailing!
[    0.110436] Memory: 1967332K/2096696K available (14339K kernel code, 2398K rwdata, 4712K rodata, 2728K init, 17260K bss, 129364K reserved, 0K cma-reserved)
[    0.111387] SLUB: HWalign=64, Order=0-3, MinObjects=0, CPUs=1, Nodes=1
[    0.111404] ftrace: allocating 43186 entries in 169 pages
[    0.129838] rcu: Hierarchical RCU implementation.
[    0.129840] rcu: 	RCU restricting CPUs from NR_CPUS=8192 to nr_cpu_ids=1.
[    0.129841] 	Tasks RCU enabled.
[    0.129842] rcu: RCU calculated value of scheduler-enlistment delay is 25 jiffies.
[    0.129843] rcu: Adjusting geometry for rcu_fanout_leaf=16, nr_cpu_ids=1
[    0.132834] NR_IRQS: 524544, nr_irqs: 256, preallocated irqs: 16
[    0.133047] random: crng init done
[    0.142382] Console: colour VGA+ 80x25
[    0.142387] printk: console [tty0] enabled
[    0.142407] ACPI: Core revision 20190816
[    0.142502] APIC: Switch to symmetric I/O mode setup
[    0.142751] x2apic enabled
[    0.142990] Switched APIC routing to physical x2apic.
[    0.144163] ..TIMER: vector=0x30 apic1=0 pin1=2 apic2=-1 pin2=-1
[    0.144189] clocksource: tsc-early: mask: 0xffffffffffffffff max_cycles: 0x1e4530a99b6, max_idle_ns: 440795257976 ns
[    0.144194] Calibrating delay loop (skipped) preset value.. 4200.00 BogoMIPS (lpj=8400000)
[    0.144197] pid_max: default: 32768 minimum: 301
[    0.144225] LSM: Security Framework initializing
[    0.144235] Yama: becoming mindful.
[    0.144261] AppArmor: AppArmor initialized
[    0.144294] Mount-cache hash table entries: 4096 (order: 3, 32768 bytes, linear)
[    0.144300] Mountpoint-cache hash table entries: 4096 (order: 3, 32768 bytes, linear)
[    0.144310] *** VALIDATE tmpfs ***
[    0.144438] *** VALIDATE proc ***
[    0.144478] *** VALIDATE cgroup1 ***
[    0.144479] *** VALIDATE cgroup2 ***
[    0.144620] process: using mwait in idle threads
[    0.144625] Last level iTLB entries: 4KB 64, 2MB 8, 4MB 8
[    0.144626] Last level dTLB entries: 4KB 64, 2MB 0, 4MB 0, 1GB 4
[    0.144646] Spectre V1 : Mitigation: usercopy/swapgs barriers and __user pointer sanitization
[    0.144651] Spectre V2 : Mitigation: Retpolines
[    0.144652] Spectre V2 : Spectre v2 / SpectreRSB mitigation: Filling RSB on context switch
[    0.144652] Spectre V2 : Spectre v2 / SpectreRSB : Filling RSB on VMEXIT
[    0.144653] RETBleed: WARNING: Spectre v2 mitigation leaves CPU vulnerable to RETBleed attacks, data leaks possible!
[    0.145004] RETBleed: Vulnerable
[    0.145004] Speculative Store Bypass: Vulnerable
[    0.145009] TAA: Mitigation: TSX disabled
[    0.145009] MMIO Stale Data: Mitigation: Clear CPU buffers
[    0.151201] Freeing SMP alternatives memory: 40K
[    0.262040] smpboot: CPU0: Intel(R) Xeon(R) Silver 4216 CPU @ 2.10GHz (family: 0x6, model: 0x55, stepping: 0x7)
[    0.262229] Performance Events: unsupported p6 CPU model 85 no PMU driver, software events only.
[    0.262281] rcu: Hierarchical SRCU implementation.
[    0.262967] NMI watchdog: Perf NMI watchdog permanently disabled
[    0.263023] smp: Bringing up secondary CPUs ...
[    0.263024] smp: Brought up 1 node, 1 CPU
[    0.263025] smpboot: Max logical packages: 1
[    0.263027] smpboot: Total of 1 processors activated (4200.00 BogoMIPS)
[    0.264191] devtmpfs: initialized
[    0.264191] x86/mm: Memory block size: 128MB
[    0.264191] clocksource: jiffies: mask: 0xffffffff max_cycles: 0xffffffff, max_idle_ns: 7645041785100000 ns
[    0.264191] futex hash table entries: 256 (order: 2, 16384 bytes, linear)
[    0.264191] pinctrl core: initialized pinctrl subsystem
[    0.264191] PM: RTC time: 20:46:13, date: 2026-01-14
[    0.264191] NET: Registered protocol family 16
[    0.264191] audit: initializing netlink subsys (disabled)
[    0.264191] EISA bus registered
[    0.264191] cpuidle: using governor ladder
[    0.264191] cpuidle: using governor menu
[    0.264191] ACPI: bus type PCI registered
[    0.264191] acpiphp: ACPI Hot Plug PCI Controller Driver version: 0.5
[    0.264191] PCI: Using configuration type 1 for base access
[    0.265540] audit: type=2000 audit(1768394779.574:1): state=initialized audit_enabled=0 res=1
[    0.265621] HugeTLB registered 2.00 MiB page size, pre-allocated 0 pages
[    0.266437] ACPI: Added _OSI(Module Device)
[    0.266438] ACPI: Added _OSI(Processor Device)
[    0.266439] ACPI: Added _OSI(3.0 _SCP Extensions)
[    0.266439] ACPI: Added _OSI(Processor Aggregator Device)
[    0.266440] ACPI: Added _OSI(Linux-Dell-Video)
[    0.266441] ACPI: Added _OSI(Linux-Lenovo-NV-HDMI-Audio)
[    0.266442] ACPI: Added _OSI(Linux-HPI-Hybrid-Graphics)
[    0.268516] ACPI: 2 ACPI AML tables successfully acquired and loaded
[    0.270028] ACPI: Interpreter enabled
[    0.270039] ACPI: (supports S0 S5)
[    0.270040] ACPI: Using IOAPIC for interrupt routing
[    0.270245] PCI: Using host bridge windows from ACPI; if necessary, use "pci=nocrs" and report a bug
[    0.270351] ACPI: Enabled 2 GPEs in block 00 to 07
[    0.275297] ACPI: PCI Root Bridge [PCI0] (domain 0000 [bus 00-ff])
[    0.275301] acpi PNP0A03:00: _OSC: OS supports [ASPM ClockPM Segments MSI HPX-Type3]
[    0.275747] acpi PNP0A03:00: _OSC: not requesting OS control; OS requires [ExtendedConfig ASPM ClockPM MSI]
[    0.275755] acpi PNP0A03:00: fail to add MMCONFIG information, can't access extended PCI configuration space under this bridge.
[    0.276124] PCI host bridge to bus 0000:00
[    0.276126] pci_bus 0000:00: root bus resource [io  0x0000-0x0cf7 window]
[    0.276127] pci_bus 0000:00: root bus resource [io  0x0d00-0xffff window]
[    0.276129] pci_bus 0000:00: root bus resource [mem 0x000a0000-0x000bffff window]
[    0.276130] pci_bus 0000:00: root bus resource [mem 0x80000000-0xfdffffff window]
[    0.276131] pci_bus 0000:00: root bus resource [bus 00-ff]
[    0.276172] pci 0000:00:00.0: [8086:1237] type 00 class 0x060000
[    0.277147] pci 0000:00:01.0: [8086:7000] type 00 class 0x060100
[    0.277900] pci 0000:00:01.1: [8086:7111] type 00 class 0x01018a
[    0.278278] pci 0000:00:01.1: reg 0x20: [io  0xd000-0xd00f]
[    0.278432] pci 0000:00:01.1: legacy IDE quirk: reg 0x10: [io  0x01f0-0x01f7]
[    0.278433] pci 0000:00:01.1: legacy IDE quirk: reg 0x14: [io  0x03f6]
[    0.278434] pci 0000:00:01.1: legacy IDE quirk: reg 0x18: [io  0x0170-0x0177]
[    0.278435] pci 0000:00:01.1: legacy IDE quirk: reg 0x1c: [io  0x0376]
[    0.278968] pci 0000:00:02.0: [15ad:0405] type 00 class 0x030000
[    0.280267] pci 0000:00:02.0: reg 0x10: [io  0xd010-0xd01f]
[    0.284235] pci 0000:00:02.0: reg 0x14: [mem 0xe0000000-0xe7ffffff pref]
[    0.286849] pci 0000:00:02.0: reg 0x18: [mem 0xf0000000-0xf01fffff]
[    0.298985] pci 0000:00:03.0: [1022:2000] type 00 class 0x020000
[    0.300847] pci 0000:00:03.0: reg 0x10: [io  0xd020-0xd03f]
[    0.301462] pci 0000:00:03.0: reg 0x14: [mem 0xf0200000-0xf0200fff]
[    0.304939] pci 0000:00:04.0: [80ee:cafe] type 00 class 0x088000
[    0.305607] pci 0000:00:04.0: reg 0x10: [io  0xd040-0xd05f]
[    0.306216] pci 0000:00:04.0: reg 0x14: [mem 0xf0400000-0xf07fffff]
[    0.306824] pci 0000:00:04.0: reg 0x18: [mem 0xf0800000-0xf0803fff pref]
[    0.310141] pci 0000:00:07.0: [8086:7113] type 00 class 0x068000
[    0.310697] pci 0000:00:07.0: quirk: [io  0x4000-0x403f] claimed by PIIX4 ACPI
[    0.310708] pci 0000:00:07.0: quirk: [io  0x4100-0x410f] claimed by PIIX4 SMB
[    0.311331] pci 0000:00:08.0: [8086:100e] type 00 class 0x020000
[    0.312030] pci 0000:00:08.0: reg 0x10: [mem 0xf0820000-0xf083ffff]
[    0.312868] pci 0000:00:08.0: reg 0x18: [io  0xd060-0xd067]
[    0.317063] pci 0000:00:09.0: [8086:100e] type 00 class 0x020000
[    0.317762] pci 0000:00:09.0: reg 0x10: [mem 0xf0840000-0xf085ffff]
[    0.318914] pci 0000:00:09.0: reg 0x18: [io  0xd068-0xd06f]
[    0.329097] ACPI: PCI Interrupt Link [LNKA] (IRQs 5 9 10 *11)
[    0.329377] ACPI: PCI Interrupt Link [LNKB] (IRQs 5 9 *10 11)
[    0.329481] ACPI: PCI Interrupt Link [LNKC] (IRQs 5 *9 10 11)
[    0.329579] ACPI: PCI Interrupt Link [LNKD] (IRQs 5 9 10 *11)
[    0.329841] iommu: Default domain type: Translated 
[    0.329900] pci 0000:00:02.0: vgaarb: setting as boot VGA device
[    0.329902] pci 0000:00:02.0: vgaarb: VGA device added: decodes=io+mem,owns=io+mem,locks=none
[    0.329903] pci 0000:00:02.0: vgaarb: bridge control possible
[    0.329904] vgaarb: loaded
[    0.330115] SCSI subsystem initialized
[    0.330149] libata version 3.00 loaded.
[    0.330170] ACPI: bus type USB registered
[    0.330186] usbcore: registered new interface driver usbfs
[    0.330192] usbcore: registered new interface driver hub
[    0.330197] usbcore: registered new device driver usb
[    0.330227] pps_core: LinuxPPS API ver. 1 registered
[    0.330228] pps_core: Software ver. 5.3.6 - Copyright 2005-2007 Rodolfo Giometti <giometti@linux.it>
[    0.330230] PTP clock support registered
[    0.330265] EDAC MC: Ver: 3.0.0
[    0.330552] PCI: Using ACPI for IRQ routing
[    0.330553] PCI: pci_cache_line_size set to 64 bytes
[    0.330727] e820: reserve RAM buffer [mem 0x0009fc00-0x0009ffff]
[    0.330731] e820: reserve RAM buffer [mem 0x7fff0000-0x7fffffff]
[    0.332208] NetLabel: Initializing
[    0.332208] NetLabel:  domain hash size = 128
[    0.332209] NetLabel:  protocols = UNLABELED CIPSOv4 CALIPSO
[    0.332230] NetLabel:  unlabeled traffic allowed by default
[    0.333137] clocksource: Switched to clocksource kvm-clock
[    0.346647] *** VALIDATE bpf ***
[    0.346706] VFS: Disk quotas dquot_6.6.0
[    0.346718] VFS: Dquot-cache hash table entries: 512 (order 0, 4096 bytes)
[    0.346740] *** VALIDATE ramfs ***
[    0.346743] *** VALIDATE hugetlbfs ***
[    0.346842] AppArmor: AppArmor Filesystem Enabled
[    0.346868] pnp: PnP ACPI init
[    0.346930] pnp 00:00: Plug and Play ACPI device, IDs PNP0303 (active)
[    0.346998] pnp 00:01: Plug and Play ACPI device, IDs PNP0f03 (active)
[    0.347756] pnp: PnP ACPI: found 2 devices
[    0.348718] thermal_sys: Registered thermal governor 'fair_share'
[    0.348718] thermal_sys: Registered thermal governor 'bang_bang'
[    0.348719] thermal_sys: Registered thermal governor 'step_wise'
[    0.348719] thermal_sys: Registered thermal governor 'user_space'
[    0.348720] thermal_sys: Registered thermal governor 'power_allocator'
[    0.353230] clocksource: acpi_pm: mask: 0xffffff max_cycles: 0xffffff, max_idle_ns: 2085701024 ns
[    0.353270] pci_bus 0000:00: resource 4 [io  0x0000-0x0cf7 window]
[    0.353272] pci_bus 0000:00: resource 5 [io  0x0d00-0xffff window]
[    0.353273] pci_bus 0000:00: resource 6 [mem 0x000a0000-0x000bffff window]
[    0.353274] pci_bus 0000:00: resource 7 [mem 0x80000000-0xfdffffff window]
[    0.353330] NET: Registered protocol family 2
[    0.353403] IP idents hash table entries: 32768 (order: 6, 262144 bytes, linear)
[    0.353803] MPTCP tokens hash table entries: 8192 (order: 4, 65536 bytes, linear)
[    0.353823] MPTCP request tokens hash table entries: 8192 (order: 4, 65536 bytes, linear)
[    0.353849] default registered
[    0.353850] default registered
[    0.353850] MPTCP: Stable release v0.96
[    0.353855] tcp_listen_portaddr_hash hash table entries: 1024 (order: 2, 16384 bytes, linear)
[    0.353934] TCP established hash table entries: 16384 (order: 5, 131072 bytes, linear)
[    0.353998] TCP bind hash table entries: 16384 (order: 6, 262144 bytes, linear)
[    0.354023] TCP: Hash tables configured (established 16384 bind 16384)
[    0.354740] UDP hash table entries: 1024 (order: 3, 32768 bytes, linear)
[    0.354762] UDP-Lite hash table entries: 1024 (order: 3, 32768 bytes, linear)
[    0.354798] NET: Registered protocol family 1
[    0.354807] NET: Registered protocol family 44
[    0.354828] pci 0000:00:00.0: Limiting direct PCI/PCI transfers
[    0.354841] pci 0000:00:01.0: Activating ISA DMA hang workarounds
[    0.354899] pci 0000:00:02.0: Video device with shadowed ROM at [mem 0x000c0000-0x000dffff]
[    0.354961] PCI: CLS 0 bytes, default 64
[    0.355007] Trying to unpack rootfs image as initramfs...
[    0.551627] Freeing initrd memory: 47868K
[    0.551627] clocksource: tsc: mask: 0xffffffffffffffff max_cycles: 0x1e4530a99b6, max_idle_ns: 440795257976 ns
[    0.551627] clocksource: Switched to clocksource tsc
[    0.551627] platform rtc_cmos: registered platform RTC device (no PNP device found)
[    0.551627] check: Scanning for low memory corruption every 60 seconds
[    0.551627] Initialise system trusted keyrings
[    0.551627] Key type blacklist registered
[    0.551627] workingset: timestamp_bits=36 max_order=19 bucket_order=0
[    0.551627] zbud: loaded
[    0.551627] squashfs: version 4.0 (2009/01/31) Phillip Lougher
[    0.551627] fuse: init (API version 7.31)
[    0.551627] *** VALIDATE fuse ***
[    0.551627] *** VALIDATE fuse ***
[    0.551627] Platform Keyring initialized
[    0.551627] Key type asymmetric registered
[    0.551627] Asymmetric key parser 'x509' registered
[    0.551627] Block layer SCSI generic (bsg) driver version 0.4 loaded (major 244)
[    0.551627] io scheduler mq-deadline registered
[    0.551627] shpchp: Standard Hot Plug PCI Controller Driver version: 0.4
[    0.558767] ACPI: AC Adapter [AC] (on-line)
[    0.558822] input: Power Button as /devices/LNXSYSTM:00/LNXPWRBN:00/input/input0
[    0.558852] ACPI: Power Button [PWRF]
[    0.558950] input: Sleep Button as /devices/LNXSYSTM:00/LNXSLPBN:00/input/input1
[    0.558968] ACPI: Sleep Button [SLPF]
[    0.559258] Serial: 8250/16550 driver, 32 ports, IRQ sharing enabled
[    0.560466] Linux agpgart interface v0.103
[    0.655213] loop: module loaded
[    0.655405] ata_piix 0000:00:01.1: version 2.13
[    0.655871] scsi host0: ata_piix
[    0.655978] scsi host1: ata_piix
[    0.656007] ata1: PATA max UDMA/33 cmd 0x1f0 ctl 0x3f6 bmdma 0xd000 irq 14
[    0.656008] ata2: PATA max UDMA/33 cmd 0x170 ctl 0x376 bmdma 0xd008 irq 15
[    0.656110] tun: Universal TUN/TAP device driver, 1.6
[    0.656436] PPP generic driver version 2.4.2
[    0.656484] VFIO - User Level meta-driver version: 0.3
[    0.656734] ehci_hcd: USB 2.0 'Enhanced' Host Controller (EHCI) Driver
[    0.656740] ehci-pci: EHCI PCI platform driver
[    0.656760] ehci-platform: EHCI generic platform driver
[    0.656767] ohci_hcd: USB 1.1 'Open' Host Controller (OHCI) Driver
[    0.656769] ohci-pci: OHCI PCI platform driver
[    0.656776] ohci-platform: OHCI generic platform driver
[    0.656781] uhci_hcd: USB Universal Host Controller Interface driver
[    0.656861] i8042: PNP: PS/2 Controller [PNP0303:PS2K,PNP0f03:PS2M] at 0x60,0x64 irq 1,12
[    0.657306] serio: i8042 KBD port at 0x60,0x64 irq 1
[    0.657311] serio: i8042 AUX port at 0x60,0x64 irq 12
[    0.657410] mousedev: PS/2 mouse device common for all mice
[    0.657685] input: AT Translated Set 2 keyboard as /devices/platform/i8042/serio0/input/input2
[    0.658099] rtc_cmos rtc_cmos: registered as rtc0
[    0.658115] rtc_cmos rtc_cmos: alarms up to one day, 114 bytes nvram
[    0.658120] i2c /dev entries driver
[    0.658172] device-mapper: uevent: version 1.0.3
[    0.658219] device-mapper: ioctl: 4.41.0-ioctl (2019-09-16) initialised: dm-devel@redhat.com
[    0.658237] platform eisa.0: Probing EISA bus 0
[    0.658239] platform eisa.0: EISA: Cannot allocate resource for mainboard
[    0.658240] platform eisa.0: Cannot allocate resource for EISA slot 1
[    0.658242] platform eisa.0: Cannot allocate resource for EISA slot 2
[    0.658243] platform eisa.0: Cannot allocate resource for EISA slot 3
[    0.658244] platform eisa.0: Cannot allocate resource for EISA slot 4
[    0.658245] platform eisa.0: Cannot allocate resource for EISA slot 5
[    0.658245] platform eisa.0: Cannot allocate resource for EISA slot 6
[    0.658246] platform eisa.0: Cannot allocate resource for EISA slot 7
[    0.658247] platform eisa.0: Cannot allocate resource for EISA slot 8
[    0.658248] platform eisa.0: EISA: Detected 0 cards
[    0.658253] intel_pstate: CPU model not supported
[    0.658265] ledtrig-cpu: registered to indicate activity on CPUs
[    0.658332] drop_monitor: Initializing network drop monitor service
[    0.658508] NET: Registered protocol family 10
[    0.663375] Segment Routing with IPv6
[    0.663375] fullmesh registered
[    0.663375] ndiffports registered
[    0.663375] binder registered
[    0.663375] roundrobin registered
[    0.663375] redundant registered
[    0.663375] blest registered
[    0.663375] ecf registered
[    0.663375] NET: Registered protocol family 17
[    0.663375] Key type dns_resolver registered
[    0.663375] RAS: Correctable Errors collector initialized.
[    0.663375] IPI shorthand broadcast: enabled
[    0.663375] sched_clock: Marking stable (648221832, 11153892)->(659673737, -298013)
[    0.664165] registered taskstats version 1
[    0.664177] Loading compiled-in X.509 certificates
[    0.664776] Loaded X.509 cert 'Build time autogenerated kernel key: 6909f3744cebb3d0de528d5887b96a727de79b1e'
[    0.664800] zswap: loaded using pool lzo/zbud
[    0.664862] Key type ._fscrypt registered
[    0.664863] Key type .fscrypt registered
[    0.669376] Key type big_key registered
[    0.671609] Key type encrypted registered
[    0.671612] AppArmor: AppArmor sha1 policy hashing enabled
[    0.671621] ima: No TPM chip found, activating TPM-bypass!
[    0.671626] ima: Allocated hash algorithm: sha1
[    0.671633] ima: No architecture policies found
[    0.671643] evm: Initialising EVM extended attributes:
[    0.671644] evm: security.selinux
[    0.671644] evm: security.SMACK64
[    0.671645] evm: security.SMACK64EXEC
[    0.671645] evm: security.SMACK64TRANSMUTE
[    0.671646] evm: security.SMACK64MMAP
[    0.671646] evm: security.apparmor
[    0.671647] evm: security.ima
[    0.671647] evm: security.capability
[    0.671648] evm: HMAC attrs: 0x1
[    0.671986] PM:   Magic number: 10:379:801
[    0.672034] acpi PNP0F03:00: hash matches
[    0.672118] rtc_cmos rtc_cmos: setting system clock to 2026-01-14T20:46:14 UTC (1768423574)
[    0.827298] ata1.00: ATA-6: VBOX HARDDISK, 1.0, max UDMA/133
[    0.827301] ata1.00: 209715200 sectors, multi 128: LBA 
[    0.827844] scsi 0:0:0:0: Direct-Access     ATA      VBOX HARDDISK    1.0  PQ: 0 ANSI: 5
[    0.828095] sd 0:0:0:0: [sda] 209715200 512-byte logical blocks: (107 GB/100 GiB)
[    0.828105] sd 0:0:0:0: [sda] Write Protect is off
[    0.828107] sd 0:0:0:0: [sda] Mode Sense: 00 3a 00 00
[    0.828121] sd 0:0:0:0: [sda] Write cache: enabled, read cache: enabled, doesn't support DPO or FUA
[    0.828390] sd 0:0:0:0: Attached scsi generic sg0 type 0
[    0.829085]  sda: sda1 sda2
[    0.839322] sd 0:0:0:0: [sda] Attached SCSI disk
[    0.841901] Freeing unused decrypted memory: 2040K
[    0.843056] Freeing unused kernel image memory: 2728K
[    0.843059] Write protecting the kernel read-only data: 22528k
[    0.844108] Freeing unused kernel image memory: 2036K
[    0.844738] Freeing unused kernel image memory: 1432K
[    0.862202] x86/mm: Checked W+X mappings: passed, no W+X pages found.
[    0.862207] Run /init as init process
[    0.962933] ACPI: Video Device [GFX0] (multi-head: yes  rom: no  post: no)
[    0.963012] input: Video Bus as /devices/LNXSYSTM:00/LNXSYBUS:00/PNP0A03:00/LNXVIDEO:00/input/input4
[    0.975907] pcnet32: pcnet32.c:v1.35 21.Apr.2008 tsbogend@alpha.franken.de
[    0.976655] pcnet32: PCnet/FAST III 79C973 at 0xd020, 08:00:27:69:cd:19 assigned IRQ 19
[    0.976697] pcnet32: Found PHY 0022:561b at address 0
[    0.977003] pcnet32: eth0: registered as PCnet/FAST III 79C973
[    0.977559] pcnet32: 1 cards_found
[    0.978978] piix4_smbus 0000:00:07.0: SMBus Host Controller at 0x4100, revision 0
[    0.981738] e1000: Intel(R) PRO/1000 Network Driver - version 7.3.21-k8-NAPI
[    0.981739] e1000: Copyright (c) 1999-2006 Intel Corporation.
[    1.046390] pcnet32 0000:00:03.0 enp0s3: renamed from eth0
[    1.194951] input: ImExPS/2 Generic Explorer Mouse as /devices/platform/i8042/serio1/input/input5
[    1.387426] e1000 0000:00:08.0 eth0: (PCI:33MHz:32-bit) 08:00:27:3d:c0:a4
[    1.387430] e1000 0000:00:08.0 eth0: Intel(R) PRO/1000 Network Connection
[    1.759447] e1000 0000:00:09.0 eth1: (PCI:33MHz:32-bit) 08:00:27:fb:ec:43
[    1.759450] e1000 0000:00:09.0 eth1: Intel(R) PRO/1000 Network Connection
[    1.760618] e1000 0000:00:08.0 enp0s8: renamed from eth0
[    1.762402] e1000 0000:00:09.0 enp0s9: renamed from eth1
[    1.918018] EXT4-fs (sda2): mounted filesystem with ordered data mode. Opts: (null)
[    2.011342] systemd[1]: Inserted module 'autofs4'
[    2.025139] systemd[1]: systemd 245.4-4ubuntu3 running in system mode. (+PAM +AUDIT +SELINUX +IMA +APPARMOR +SMACK +SYSVINIT +UTMP +LIBCRYPTSETUP +GCRYPT +GNUTLS +ACL +XZ +LZ4 +SECCOMP +BLKID +ELFUTILS +KMOD +IDN2 -IDN +PCRE2 default-hierarchy=hybrid)
[    2.025169] systemd[1]: Detected virtualization oracle.
[    2.025172] systemd[1]: Detected architecture x86-64.
[    2.026474] systemd[1]: Set hostname to <ztg>.
[    2.155809] systemd[1]: /lib/systemd/system/dbus.socket:5: ListenStream= references a path below legacy directory /var/run/, updating /var/run/dbus/system_bus_socket â†’ /run/dbus/system_bus_socket; please update the unit file accordingly.
[    2.208486] systemd[1]: Created slice system-modprobe.slice.
[    2.208672] systemd[1]: Created slice User and Session Slice.
[    2.208714] systemd[1]: Started Forward Password Requests to Wall Directory Watch.
[    2.208873] systemd[1]: Set up automount Arbitrary Executable File Formats File System Automount Point.
[    2.208908] systemd[1]: Reached target User and Group Name Lookups.
[    2.208917] systemd[1]: Reached target Remote File Systems.
[    2.208925] systemd[1]: Reached target Slices.
[    2.209484] systemd[1]: Listening on Syslog Socket.
[    2.209552] systemd[1]: Listening on fsck to fsckd communication Socket.
[    2.209589] systemd[1]: Listening on initctl Compatibility Named Pipe.
[    2.209719] systemd[1]: Listening on Journal Audit Socket.
[    2.209773] systemd[1]: Listening on Journal Socket (/dev/log).
[    2.209841] systemd[1]: Listening on Journal Socket.
[    2.209903] systemd[1]: Listening on udev Control Socket.
[    2.209942] systemd[1]: Listening on udev Kernel Socket.
[    2.210665] systemd[1]: Mounting Huge Pages File System...
[    2.211655] systemd[1]: Mounting POSIX Message Queue File System...
[    2.212530] systemd[1]: Mounting Kernel Debug File System...
[    2.213352] systemd[1]: Mounting Kernel Trace File System...
[    2.215231] systemd[1]: Starting Journal Service...
[    2.237645] systemd[1]: Starting Set the console keyboard layout...
[    2.245592] systemd[1]: Starting Create list of static device nodes for the current kernel...
[    2.247667] systemd[1]: Starting Load Kernel Module drm...
[    2.248795] systemd[1]: Condition check resulted in Set Up Additional Binary Formats being skipped.
[    2.248839] systemd[1]: Condition check resulted in File System Check on Root Device being skipped.
[    2.259882] systemd[1]: Starting Load Kernel Modules...
[    2.266851] systemd[1]: Starting Remount Root and Kernel File Systems...
[    2.275831] systemd[1]: Starting udev Coldplug all Devices...
[    2.287836] systemd[1]: Starting Uncomplicated firewall...
[    2.289045] systemd[1]: Mounted Huge Pages File System.
[    2.289136] systemd[1]: Mounted POSIX Message Queue File System.
[    2.289208] systemd[1]: Mounted Kernel Debug File System.
[    2.289278] systemd[1]: Mounted Kernel Trace File System.
[    2.296114] EXT4-fs (sda2): re-mounted. Opts: errors=remount-ro
[    2.316402] systemd[1]: Finished Create list of static device nodes for the current kernel.
[    2.317430] systemd[1]: modprobe@drm.service: Succeeded.
[    2.317809] systemd[1]: Finished Load Kernel Module drm.
[    2.324366] systemd[1]: Finished Remount Root and Kernel File Systems.
[    2.334179] systemd[1]: Finished Uncomplicated firewall.
[    2.350644] lp: driver loaded but no devices found
[    2.352764] systemd[1]: Condition check resulted in Rebuild Hardware Database being skipped.
[    2.352802] systemd[1]: Condition check resulted in Platform Persistent Storage Archival being skipped.
[    2.353438] systemd[1]: Starting Load/Save Random Seed...
[    2.359095] systemd[1]: Starting Create System Users...
[    2.364709] ppdev: user-space parallel port driver
[    2.374098] systemd[1]: Finished Load/Save Random Seed.
[    2.378494] systemd[1]: Finished Create System Users.
[    2.379337] systemd[1]: Starting Create Static Device Nodes in /dev...
[    2.429229] systemd[1]: Finished Create Static Device Nodes in /dev.
[    2.430057] systemd[1]: Starting udev Kernel Device Manager...
[    2.442152] systemd[1]: Finished udev Coldplug all Devices.
[    2.452953] [drm] DMA map mode: Caching DMA mappings.
[    2.453014] [drm] Capabilities:
[    2.453015] [drm]   Rect copy.
[    2.453015] [drm]   Cursor.
[    2.453016] [drm]   Cursor bypass.
[    2.453016] [drm]   Cursor bypass 2.
[    2.453016] [drm]   Alpha cursor.
[    2.453017] [drm]   Extended Fifo.
[    2.453017] [drm]   Pitchlock.
[    2.453017] [drm]   Irq mask.
[    2.453018] [drm]   GMR.
[    2.453018] [drm]   Traces.
[    2.453018] [drm]   GMR2.
[    2.453019] [drm]   Screen Object 2.
[    2.453019] [drm]   Command Buffers.
[    2.453019] [drm]   Command Buffers 2.
[    2.453020] [drm]   Guest Backed Resources.
[    2.453020] [drm] Max GMR ids is 8192
[    2.453021] [drm] Max number of GMR pages is 1048576
[    2.453022] [drm] Max dedicated hypervisor surface memory is 393216 kiB
[    2.453022] [drm] Maximum display memory size is 131072 kiB
[    2.453023] [drm] VRAM at 0xe0000000 size is 131072 kiB
[    2.453023] [drm] MMIO at 0xf0000000 size is 2048 kiB
[    2.453770] [TTM] Zone  kernel: Available graphics memory: 1011738 KiB
[    2.453771] [TTM] Initializing pool allocator
[    2.453871] [TTM] Initializing DMA pool allocator
[    2.453922] [drm] Supports vblank timestamp caching Rev 2 (21.10.2013).
[    2.453922] [drm] No driver support for vblank timestamp query.
[    2.454148] [drm] Screen Target Display device initialized
[    2.454486] [drm] width 720
[    2.454495] [drm] height 400
[    2.454498] [drm] bpp 32
[    2.455045] [drm] Fifo max 0x00200000 min 0x00001000 cap 0x00000355
[    2.460142] [drm] Using command buffers with DMA pool.
[    2.460146] [drm] DX: no.
[    2.460147] [drm] Atomic: yes.
[    2.460147] [drm] SM4_1: no.
[    2.460166] [drm:vmw_host_log [vmwgfx]] *ERROR* Failed to send host log message.
[    2.461067] [drm:vmw_host_log [vmwgfx]] *ERROR* Failed to send host log message.
[    2.487459] fbcon: svgadrmfb (fb0) is primary device
[    2.490467] Console: switching to colour frame buffer device 100x37
[    2.508424] [drm] Initialized vmwgfx 2.15.0 20180704 for 0000:00:02.0 on minor 0
[    2.509782] systemd[1]: Finished Load Kernel Modules.
[    2.510729] systemd[1]: Mounting FUSE Control File System...
[    2.511647] systemd[1]: Mounting Kernel Configuration File System...
[    2.512476] systemd[1]: Starting Apply Kernel Variables...
[    2.552049] systemd[1]: Finished Set the console keyboard layout.
[    2.552764] systemd[1]: Mounted FUSE Control File System.
[    2.552841] systemd[1]: Reached target Local File Systems (Pre).
[    2.552860] systemd[1]: Condition check resulted in VMware vmblock fuse mount being skipped.
[    2.555726] systemd[1]: Mounting Mount unit for bare, revision 5...
[    2.560111] systemd[1]: Mounting Mount unit for core18, revision 1705...
[    2.566685] systemd[1]: Mounting Mount unit for gnome-3-34-1804, revision 24...
[    2.571833] systemd[1]: Mounting Mount unit for gtk-common-themes, revision 1506...
[    2.585669] systemd[1]: Mounting Mount unit for gtk-common-themes, revision 1535...
[    2.612560] systemd[1]: Mounting Mount unit for snap-store, revision 433...
[    2.620465] systemd[1]: Mounting Mount unit for snapd, revision 25935...
[    2.622872] systemd[1]: Mounted Kernel Configuration File System.
[    2.631195] systemd[1]: Finished Apply Kernel Variables.
[    2.631324] systemd[1]: Started udev Kernel Device Manager.
[    2.631404] systemd[1]: Mounted Mount unit for bare, revision 5.
[    2.633706] systemd[1]: Starting Show Plymouth Boot Screen...
[    2.638552] systemd[1]: Received SIGRTMIN+20 from PID 278 (plymouthd).
[    2.666605] systemd[1]: Mounted Mount unit for gnome-3-34-1804, revision 24.
[    2.668434] systemd[1]: Started Show Plymouth Boot Screen.
[    2.668614] systemd[1]: Condition check resulted in Dispatch Password Requests to Console Directory Watch being skipped.
[    2.668704] systemd[1]: Started Forward Password Requests to Plymouth Directory Watch.
[    2.668772] systemd[1]: Reached target Local Encrypted Volumes.
[    2.702583] systemd[1]: Mounted Mount unit for core18, revision 1705.
[    2.751593] systemd[1]: Mounted Mount unit for gtk-common-themes, revision 1506.
[    2.751887] systemd[1]: Mounted Mount unit for snap-store, revision 433.
[    2.784645] systemd[1]: Mounted Mount unit for gtk-common-themes, revision 1535.
[    2.784890] systemd[1]: Mounted Mount unit for snapd, revision 25935.
[    2.785045] systemd[1]: Reached target Local File Systems.
[    2.799100] systemd[1]: Starting Load AppArmor profiles...
[    2.805954] systemd[1]: Starting Set console font and keymap...
[    2.814890] systemd[1]: Starting Tell Plymouth To Write Out Runtime Data...
[    2.818004] systemd[1]: Condition check resulted in Store a System Token in an EFI Variable being skipped.
[    2.818034] systemd[1]: Condition check resulted in Commit a transient machine-id on disk being skipped.
[    2.818947] systemd[1]: Finished Set console font and keymap.
[    2.827825] systemd[1]: Received SIGRTMIN+20 from PID 278 (plymouthd).
[    2.829218] systemd[1]: plymouth-read-write.service: Succeeded.
[    2.829457] systemd[1]: Finished Tell Plymouth To Write Out Runtime Data.
[    2.852660] audit: type=1400 audit(1768423576.676:2): apparmor="STATUS" operation="profile_load" profile="unconfined" name="nvidia_modprobe" pid=299 comm="apparmor_parser"
[    2.852662] audit: type=1400 audit(1768423576.676:3): apparmor="STATUS" operation="profile_load" profile="unconfined" name="nvidia_modprobe//kmod" pid=299 comm="apparmor_parser"
[    2.859422] audit: type=1400 audit(1768423576.680:4): apparmor="STATUS" operation="profile_load" profile="unconfined" name="/usr/sbin/tcpdump" pid=300 comm="apparmor_parser"
[    2.907155] audit: type=1400 audit(1768423576.724:5): apparmor="STATUS" operation="profile_load" profile="unconfined" name="/usr/bin/evince" pid=302 comm="apparmor_parser"
[    2.907159] audit: type=1400 audit(1768423576.724:6): apparmor="STATUS" operation="profile_load" profile="unconfined" name="/usr/bin/evince//sanitized_helper" pid=302 comm="apparmor_parser"
[    2.907161] audit: type=1400 audit(1768423576.724:7): apparmor="STATUS" operation="profile_load" profile="unconfined" name="/usr/bin/evince-previewer" pid=302 comm="apparmor_parser"
[    2.907162] audit: type=1400 audit(1768423576.724:8): apparmor="STATUS" operation="profile_load" profile="unconfined" name="/usr/bin/evince-previewer//sanitized_helper" pid=302 comm="apparmor_parser"
[    2.907164] audit: type=1400 audit(1768423576.724:9): apparmor="STATUS" operation="profile_load" profile="unconfined" name="/usr/bin/evince-thumbnailer" pid=302 comm="apparmor_parser"
[    2.921724] audit: type=1400 audit(1768423576.744:10): apparmor="STATUS" operation="profile_load" profile="unconfined" name="/usr/lib/cups/backend/cups-pdf" pid=303 comm="apparmor_parser"
[    3.006565] systemd[1]: Finished Load AppArmor profiles.
[    3.007540] systemd[1]: Starting Load AppArmor profiles managed internally by snapd...
[    3.116636] systemd[1]: Finished Load AppArmor profiles managed internally by snapd.
[    3.219226] systemd[1]: Started Journal Service.
[    3.229127] systemd-journald[229]: Received client request to flush runtime journal.
[    3.232108] systemd-journald[229]: File /var/log/journal/c455b248004a419c87ce85eea238d727/system.journal corrupted or uncleanly shut down, renaming and replacing.
[    4.560403] RAPL PMU: API unit is 2^-32 Joules, 0 fixed counters, 10737418240 ms ovfl timer
[    4.633731] cryptd: max_cpu_qlen set to 1000
[    4.682577] AVX2 version of gcm_enc/dec engaged.
[    4.682578] AES CTR mode by8 optimization enabled
[    6.507875] Adding 1998844k swap on /dev/sda1.  Priority:-2 extents:1 across:1998844k FS
[    7.895237] kauditd_printk_skb: 30 callbacks suppressed
[    7.895238] audit: type=1400 audit(1768423581.716:41): apparmor="DENIED" operation="capable" profile="/usr/sbin/cups-browsed" pid=509 comm="cups-browsed" capability=23  capname="sys_nice"
[    9.056601] pcnet32 0000:00:03.0 enp0s3: link up, 100Mbps, full-duplex
[    9.094448] e1000: enp0s8 NIC Link is Up 1000 Mbps Full Duplex, Flow Control: RX
[    9.097279] IPv6: ADDRCONF(NETDEV_CHANGE): enp0s8: link becomes ready
[    9.132862] e1000: enp0s9 NIC Link is Up 1000 Mbps Full Duplex, Flow Control: RX
[    9.133165] IPv6: ADDRCONF(NETDEV_CHANGE): enp0s9: link becomes ready
[    9.804992] device enp0s3 entered promiscuous mode
[    9.841934] audit: type=1400 audit(1768423583.656:42): apparmor="DENIED" operation="open" profile="/usr/sbin/tcpdump" name="/proc/sys/kernel/random/boot_id" pid=641 comm="tcpdump" requested_mask="r" denied_mask="r" fsuid=0 ouid=0
[    9.843317] audit: type=1400 audit(1768423583.656:43): apparmor="DENIED" operation="open" profile="/usr/sbin/tcpdump" name="/proc/sys/kernel/random/boot_id" pid=641 comm="tcpdump" requested_mask="r" denied_mask="r" fsuid=0 ouid=0
[    9.843976] audit: type=1400 audit(1768423583.656:44): apparmor="DENIED" operation="open" profile="/usr/sbin/tcpdump" name="/proc/sys/kernel/random/boot_id" pid=641 comm="tcpdump" requested_mask="r" denied_mask="r" fsuid=0 ouid=0
[    9.845745] audit: type=1400 audit(1768423583.656:45): apparmor="DENIED" operation="open" profile="/usr/sbin/tcpdump" name="/proc/sys/kernel/random/boot_id" pid=641 comm="tcpdump" requested_mask="r" denied_mask="r" fsuid=0 ouid=0
[    9.857444] audit: type=1400 audit(1768423583.676:46): apparmor="DENIED" operation="open" profile="/usr/sbin/tcpdump" name="/proc/sys/kernel/random/boot_id" pid=642 comm="tcpdump" requested_mask="r" denied_mask="r" fsuid=0 ouid=0
[    9.860331] audit: type=1400 audit(1768423583.684:47): apparmor="DENIED" operation="open" profile="/usr/sbin/tcpdump" name="/proc/sys/kernel/random/boot_id" pid=642 comm="tcpdump" requested_mask="r" denied_mask="r" fsuid=0 ouid=0
[    9.860426] audit: type=1400 audit(1768423583.684:48): apparmor="DENIED" operation="open" profile="/usr/sbin/tcpdump" name="/proc/sys/kernel/random/boot_id" pid=642 comm="tcpdump" requested_mask="r" denied_mask="r" fsuid=0 ouid=0
[    9.860479] audit: type=1400 audit(1768423583.684:49): apparmor="DENIED" operation="open" profile="/usr/sbin/tcpdump" name="/proc/sys/kernel/random/boot_id" pid=642 comm="tcpdump" requested_mask="r" denied_mask="r" fsuid=0 ouid=0
[   15.814300] rfkill: input handler disabled
[   93.089750] rfkill: input handler enabled
[  101.512870] rfkill: input handler disabled
[  197.864139] AAAAA-TCP_SEND: name:enp0s3: saddr:100932208: daddr:16783984: srtt_us:0: RTT:0: ssthresh:2147483647: cwnd:10: delivered:0: lost:1: retrans:0
[  199.065059] AAAAA-TCP_SEND: name:enp0s3: saddr:100932208: daddr:16783984: srtt_us:0: RTT:0: ssthresh:2147483647: cwnd:10: delivered:0: lost:0: retrans:0
[  200.083210] AAAAA-TCP_SEND: name:enp0s3: saddr:100932208: daddr:16783984: srtt_us:0: RTT:0: ssthresh:5: cwnd:1: delivered:0: lost:1: retrans:1
[  200.334924] AAAAA-TCP_RECV: name:enp0s3: saddr:16783984: daddr:100932208: srtt_us:0: RTT:0: ssthresh:5: cwnd:1: delivered:0: lost:1: retrans:1
[  200.335004] AAAAA-TCP_SEND: name:enp0s3: saddr:100932208: daddr:16783984: srtt_us:10160000: RTT:1270000: ssthresh:2147483647: cwnd:10: delivered:1: lost:1: retrans:1
[  200.335469] AAAAA-TCP_SEND: name:enp0s3: saddr:100932208: daddr:16783984: srtt_us:10160000: RTT:1270000: ssthresh:2147483647: cwnd:10: delivered:1: lost:1: retrans:1
[  200.476559] AAAAA-TCP_SEND: name:enp0s3: saddr:100932208: daddr:16783984: srtt_us:0: RTT:0: ssthresh:-1: cwnd:-2058408912: delivered:0: lost:0: retrans:2252215808
[  200.640277] AAAAA-TCP_RECV: name:enp0s3: saddr:16783984: daddr:100932208: srtt_us:10160000: RTT:1270000: ssthresh:2147483647: cwnd:10: delivered:1: lost:1: retrans:1
[  200.640308] AAAAA-TCP_SEND: name:enp0s3: saddr:100932208: daddr:16783984: srtt_us:10160000: RTT:1270000: ssthresh:2147483647: cwnd:10: delivered:1: lost:1: retrans:1
[  200.978986] AAAAA-TCP_RECV: name:enp0s3: saddr:16783984: daddr:100932208: srtt_us:10160000: RTT:1270000: ssthresh:2147483647: cwnd:10: delivered:1: lost:1: retrans:1
[  201.011927] AAAAA-TCP_RECV: name:enp0s3: saddr:16783984: daddr:100932208: srtt_us:10160000: RTT:1270000: ssthresh:2147483647: cwnd:10: delivered:1: lost:1: retrans:1
[  201.012009] AAAAA-TCP_SEND: name:enp0s3: saddr:100932208: daddr:33561200: srtt_us:0: RTT:0: ssthresh:2147483647: cwnd:10: delivered:0: lost:0: retrans:0
[  201.049889] AAAAA-TCP_RECV: name:enp0s3: saddr:16783984: daddr:100932208: srtt_us:9566479: RTT:1195809: ssthresh:2147483647: cwnd:10: delivered:2: lost:1: retrans:1
[  201.049919] AAAAA-TCP_SEND: name:enp0s3: saddr:100932208: daddr:16783984: srtt_us:9566479: RTT:1195809: ssthresh:2147483647: cwnd:10: delivered:2: lost:1: retrans:1
[  201.050075] AAAAA-TCP_SEND: name:enp0s3: saddr:100932208: daddr:16783984: srtt_us:9566479: RTT:1195809: ssthresh:2147483647: cwnd:10: delivered:2: lost:1: retrans:1
[  201.317528] AAAAA-TCP_RECV: name:enp0s3: saddr:33561200: daddr:100932208: srtt_us:0: RTT:0: ssthresh:2147483647: cwnd:10: delivered:0: lost:0: retrans:0
[  201.317578] AAAAA-TCP_SEND: name:enp0s3: saddr:100932208: daddr:33561200: srtt_us:2444368: RTT:305546: ssthresh:2147483647: cwnd:10: delivered:1: lost:0: retrans:0
[  201.453909] AAAAA-TCP_RECV: name:enp0s3: saddr:16783984: daddr:100932208: srtt_us:9566479: RTT:1195809: ssthresh:2147483647: cwnd:10: delivered:2: lost:1: retrans:1
[  201.453943] AAAAA-TCP_SEND: name:enp0s3: saddr:100932208: daddr:16783984: srtt_us:9566479: RTT:1195809: ssthresh:2147483647: cwnd:10: delivered:2: lost:1: retrans:1
[  201.600893] AAAAA-TCP_RECV: name:enp0s3: saddr:33561200: daddr:100932208: srtt_us:2444368: RTT:305546: ssthresh:2147483647: cwnd:10: delivered:1: lost:0: retrans:0
[  201.683115] AAAAA-TCP_RECV: name:enp0s3: saddr:16783984: daddr:100932208: srtt_us:8774536: RTT:1096817: ssthresh:2147483647: cwnd:10: delivered:3: lost:1: retrans:1
[  201.759108] AAAAA-TCP_RECV: name:enp0s3: saddr:33561200: daddr:100932208: srtt_us:2444368: RTT:305546: ssthresh:2147483647: cwnd:10: delivered:1: lost:0: retrans:0
[  201.759139] AAAAA-TCP_SEND: name:enp0s3: saddr:100932208: daddr:33561200: srtt_us:2444368: RTT:305546: ssthresh:2147483647: cwnd:10: delivered:1: lost:0: retrans:0
[  201.759303] AAAAA-TCP_SEND: name:enp0s3: saddr:100932208: daddr:16783984: srtt_us:0: RTT:0: ssthresh:2147483647: cwnd:10: delivered:0: lost:0: retrans:0
[  201.951515] AAAAA-TCP_RECV: name:enp0s3: saddr:16783984: daddr:100932208: srtt_us:0: RTT:0: ssthresh:2147483647: cwnd:10: delivered:0: lost:0: retrans:0
[  201.951575] AAAAA-TCP_SEND: name:enp0s3: saddr:100932208: daddr:16783984: srtt_us:1537864: RTT:192233: ssthresh:2147483647: cwnd:10: delivered:1: lost:0: retrans:0
[  201.951721] AAAAA-TCP_SEND: name:enp0s3: saddr:100932208: daddr:16783984: srtt_us:1537864: RTT:192233: ssthresh:2147483647: cwnd:10: delivered:1: lost:0: retrans:0
[  202.368952] AAAAA-TCP_RECV: name:enp0s3: saddr:16783984: daddr:100932208: srtt_us:1537864: RTT:192233: ssthresh:2147483647: cwnd:10: delivered:1: lost:0: retrans:0
[  202.441244] AAAAA-TCP_RECV: name:enp0s3: saddr:16783984: daddr:100932208: srtt_us:1537864: RTT:192233: ssthresh:2147483647: cwnd:10: delivered:1: lost:0: retrans:0
[  202.441300] AAAAA-TCP_SEND: name:enp0s3: saddr:100932208: daddr:33561200: srtt_us:0: RTT:0: ssthresh:2147483647: cwnd:10: delivered:0: lost:0: retrans:0
[  202.550559] AAAAA-TCP_RECV: name:enp0s3: saddr:33561200: daddr:100932208: srtt_us:2444368: RTT:305546: ssthresh:2147483647: cwnd:10: delivered:1: lost:0: retrans:0
[  202.550571] AAAAA-TCP_SEND: name:enp0s3: saddr:100932208: daddr:33561200: srtt_us:2444368: RTT:305546: ssthresh:2147483647: cwnd:10: delivered:1: lost:0: retrans:0
[  202.653870] AAAAA-TCP_RECV: name:enp0s3: saddr:33561200: daddr:100932208: srtt_us:0: RTT:0: ssthresh:2147483647: cwnd:10: delivered:0: lost:0: retrans:0
[  202.653890] AAAAA-TCP_SEND: name:enp0s3: saddr:100932208: daddr:33561200: srtt_us:1700616: RTT:212577: ssthresh:2147483647: cwnd:10: delivered:1: lost:0: retrans:0
[  202.782285] AAAAA-TCP_RECV: name:enp0s3: saddr:33561200: daddr:100932208: srtt_us:2444368: RTT:305546: ssthresh:2147483647: cwnd:10: delivered:1: lost:0: retrans:0
[  202.782300] AAAAA-TCP_SEND: name:enp0s3: saddr:100932208: daddr:33561200: srtt_us:2444368: RTT:305546: ssthresh:2147483647: cwnd:10: delivered:1: lost:0: retrans:0
[  202.782392] AAAAA-TCP_SEND: name:enp0s3: saddr:100932208: daddr:16783984: srtt_us:1835161: RTT:229395: ssthresh:2147483647: cwnd:10: delivered:2: lost:0: retrans:0
[  202.782410] AAAAA-TCP_SEND: name:enp0s3: saddr:100932208: daddr:16783984: srtt_us:1835161: RTT:229395: ssthresh:2147483647: cwnd:10: delivered:2: lost:0: retrans:0
[  202.782498] AAAAA-TCP_SEND: name:enp0s3: saddr:100932208: daddr:16783984: srtt_us:1835161: RTT:229395: ssthresh:2147483647: cwnd:10: delivered:2: lost:0: retrans:0
[  202.782516] AAAAA-TCP_SEND: name:enp0s3: saddr:100932208: daddr:16783984: srtt_us:1835161: RTT:229395: ssthresh:2147483647: cwnd:10: delivered:2: lost:0: retrans:0
[  202.782598] AAAAA-TCP_SEND: name:enp0s3: saddr:100932208: daddr:16783984: srtt_us:1835161: RTT:229395: ssthresh:2147483647: cwnd:10: delivered:2: lost:0: retrans:0
[  202.782615] AAAAA-TCP_SEND: name:enp0s3: saddr:100932208: daddr:16783984: srtt_us:1835161: RTT:229395: ssthresh:2147483647: cwnd:10: delivered:2: lost:0: retrans:0
[  202.782700] AAAAA-TCP_SEND: name:enp0s3: saddr:100932208: daddr:16783984: srtt_us:1835161: RTT:229395: ssthresh:2147483647: cwnd:10: delivered:2: lost:0: retrans:0
[  202.782722] AAAAA-TCP_SEND: name:enp0s3: saddr:100932208: daddr:16783984: srtt_us:1835161: RTT:229395: ssthresh:2147483647: cwnd:10: delivered:2: lost:0: retrans:0
[  202.782834] AAAAA-TCP_SEND: name:enp0s3: saddr:100932208: daddr:16783984: srtt_us:1835161: RTT:229395: ssthresh:2147483647: cwnd:10: delivered:2: lost:0: retrans:0
[  202.782851] AAAAA-TCP_SEND: name:enp0s3: saddr:100932208: daddr:16783984: srtt_us:1835161: RTT:229395: ssthresh:2147483647: cwnd:10: delivered:2: lost:0: retrans:0
[  203.053840] AAAAA-TCP_RECV: name:enp0s3: saddr:33561200: daddr:100932208: srtt_us:1700616: RTT:212577: ssthresh:2147483647: cwnd:10: delivered:1: lost:0: retrans:0
[  203.053890] AAAAA-TCP_SEND: name:enp0s3: saddr:100932208: daddr:33561200: srtt_us:1700616: RTT:212577: ssthresh:2147483647: cwnd:10: delivered:1: lost:0: retrans:0
[  203.053923] AAAAA-TCP_SEND: name:enp0s3: saddr:100932208: daddr:33561200: srtt_us:1700616: RTT:212577: ssthresh:2147483647: cwnd:10: delivered:1: lost:0: retrans:0
[  203.054777] AAAAA-TCP_SEND: name:enp0s3: saddr:100932208: daddr:33561200: srtt_us:1700616: RTT:212577: ssthresh:2147483647: cwnd:10: delivered:1: lost:0: retrans:0
[  203.054800] AAAAA-TCP_SEND: name:enp0s3: saddr:100932208: daddr:33561200: srtt_us:1700616: RTT:212577: ssthresh:2147483647: cwnd:10: delivered:1: lost:0: retrans:0
[  203.054903] AAAAA-TCP_SEND: name:enp0s3: saddr:100932208: daddr:33561200: srtt_us:1700616: RTT:212577: ssthresh:2147483647: cwnd:10: delivered:1: lost:0: retrans:0
[  203.054921] AAAAA-TCP_SEND: name:enp0s3: saddr:100932208: daddr:33561200: srtt_us:1700616: RTT:212577: ssthresh:2147483647: cwnd:10: delivered:1: lost:0: retrans:0
[  203.055012] AAAAA-TCP_SEND: name:enp0s3: saddr:100932208: daddr:33561200: srtt_us:1700616: RTT:212577: ssthresh:2147483647: cwnd:10: delivered:1: lost:0: retrans:0
[  203.055028] AAAAA-TCP_SEND: name:enp0s3: saddr:100932208: daddr:33561200: srtt_us:1700616: RTT:212577: ssthresh:2147483647: cwnd:10: delivered:1: lost:0: retrans:0
[  203.055125] AAAAA-TCP_SEND: name:enp0s3: saddr:100932208: daddr:33561200: srtt_us:1700616: RTT:212577: ssthresh:2147483647: cwnd:10: delivered:1: lost:0: retrans:0
[  203.055143] AAAAA-TCP_SEND: name:enp0s3: saddr:100932208: daddr:33561200: srtt_us:1700616: RTT:212577: ssthresh:2147483647: cwnd:10: delivered:1: lost:0: retrans:0
[  203.251194] AAAAA-TCP_SEND: name:enp0s3: saddr:100932208: daddr:16783984: srtt_us:1835161: RTT:229395: ssthresh:2147483647: cwnd:10: delivered:2: lost:0: retrans:1
[  203.507251] AAAAA-TCP_SEND: name:enp0s3: saddr:100932208: daddr:33561200: srtt_us:1700616: RTT:212577: ssthresh:2147483647: cwnd:10: delivered:1: lost:0: retrans:1
[  203.550541] AAAAA-TCP_RECV: name:enp0s3: saddr:16783984: daddr:100932208: srtt_us:1835161: RTT:229395: ssthresh:2147483647: cwnd:10: delivered:2: lost:0: retrans:1
[  203.550638] AAAAA-TCP_SEND: name:enp0s3: saddr:100932208: daddr:16783984: srtt_us:2373954: RTT:296744: ssthresh:2147483647: cwnd:11: delivered:3: lost:0: retrans:1
[  203.550770] AAAAA-TCP_SEND: name:enp0s3: saddr:100932208: daddr:16783984: srtt_us:2373954: RTT:296744: ssthresh:2147483647: cwnd:11: delivered:3: lost:0: retrans:1
[  203.848301] AAAAA-TCP_RECV: name:enp0s3: saddr:16783984: daddr:100932208: srtt_us:2373954: RTT:296744: ssthresh:2147483647: cwnd:11: delivered:3: lost:0: retrans:1
[  203.848353] AAAAA-TCP_SEND: name:enp0s3: saddr:100932208: daddr:16783984: srtt_us:3143121: RTT:392890: ssthresh:2147483647: cwnd:12: delivered:4: lost:0: retrans:1
[  203.848382] AAAAA-TCP_SEND: name:enp0s3: saddr:100932208: daddr:16783984: srtt_us:3143121: RTT:392890: ssthresh:2147483647: cwnd:12: delivered:4: lost:0: retrans:1
[  204.135094] AAAAA-TCP_RECV: name:enp0s3: saddr:16783984: daddr:100932208: srtt_us:3143121: RTT:392890: ssthresh:2147483647: cwnd:12: delivered:4: lost:0: retrans:1
[  204.135148] AAAAA-TCP_SEND: name:enp0s3: saddr:100932208: daddr:16783984: srtt_us:4102848: RTT:512856: ssthresh:2147483647: cwnd:13: delivered:5: lost:0: retrans:1
[  204.135177] AAAAA-TCP_SEND: name:enp0s3: saddr:100932208: daddr:16783984: srtt_us:4102848: RTT:512856: ssthresh:2147483647: cwnd:13: delivered:5: lost:0: retrans:1
[  204.179196] AAAAA-TCP_SEND: name:enp0s3: saddr:100932208: daddr:33561200: srtt_us:1700616: RTT:212577: ssthresh:10: cwnd:1: delivered:1: lost:10: retrans:2
[  204.501062] AAAAA-TCP_RECV: name:enp0s3: saddr:16783984: daddr:100932208: srtt_us:4102848: RTT:512856: ssthresh:2147483647: cwnd:13: delivered:5: lost:0: retrans:1
[  204.501099] AAAAA-TCP_SEND: name:enp0s3: saddr:100932208: daddr:16783984: srtt_us:5308542: RTT:663567: ssthresh:2147483647: cwnd:14: delivered:6: lost:0: retrans:1
[  204.501124] AAAAA-TCP_SEND: name:enp0s3: saddr:100932208: daddr:16783984: srtt_us:5308542: RTT:663567: ssthresh:2147483647: cwnd:14: delivered:6: lost:0: retrans:1
[  204.704634] AAAAA-TCP_RECV: name:enp0s3: saddr:16783984: daddr:100932208: srtt_us:5308542: RTT:663567: ssthresh:2147483647: cwnd:14: delivered:6: lost:0: retrans:1
[  204.704687] AAAAA-TCP_SEND: name:enp0s3: saddr:100932208: daddr:16783984: srtt_us:6567033: RTT:820879: ssthresh:2147483647: cwnd:15: delivered:7: lost:0: retrans:1
[  204.704737] AAAAA-TCP_SEND: name:enp0s3: saddr:100932208: daddr:16783984: srtt_us:6567033: RTT:820879: ssthresh:2147483647: cwnd:15: delivered:7: lost:0: retrans:1
[  204.864134] AAAAA-TCP_RECV: name:enp0s3: saddr:16783984: daddr:100932208: srtt_us:6567033: RTT:820879: ssthresh:2147483647: cwnd:15: delivered:7: lost:0: retrans:1
[  204.864186] AAAAA-TCP_SEND: name:enp0s3: saddr:100932208: daddr:16783984: srtt_us:7827694: RTT:978461: ssthresh:2147483647: cwnd:16: delivered:8: lost:0: retrans:1
[  204.864215] AAAAA-TCP_SEND: name:enp0s3: saddr:100932208: daddr:16783984: srtt_us:7827694: RTT:978461: ssthresh:2147483647: cwnd:16: delivered:8: lost:0: retrans:1
[  204.964089] AAAAA-TCP_RECV: name:enp0s3: saddr:16783984: daddr:100932208: srtt_us:7827694: RTT:978461: ssthresh:2147483647: cwnd:16: delivered:8: lost:0: retrans:1
[  204.964134] AAAAA-TCP_SEND: name:enp0s3: saddr:100932208: daddr:16783984: srtt_us:9030640: RTT:1128830: ssthresh:2147483647: cwnd:17: delivered:9: lost:0: retrans:1
[  204.964163] AAAAA-TCP_SEND: name:enp0s3: saddr:100932208: daddr:16783984: srtt_us:9030640: RTT:1128830: ssthresh:2147483647: cwnd:17: delivered:9: lost:0: retrans:1
[  205.264759] AAAAA-TCP_RECV: name:enp0s3: saddr:16783984: daddr:100932208: srtt_us:9030640: RTT:1128830: ssthresh:2147483647: cwnd:17: delivered:9: lost:0: retrans:1
[  205.264807] AAAAA-TCP_SEND: name:enp0s3: saddr:100932208: daddr:16783984: srtt_us:10383865: RTT:1297983: ssthresh:2147483647: cwnd:18: delivered:10: lost:0: retrans:1
[  205.264836] AAAAA-TCP_SEND: name:enp0s3: saddr:100932208: daddr:16783984: srtt_us:10383865: RTT:1297983: ssthresh:2147483647: cwnd:18: delivered:10: lost:0: retrans:1
[  205.449560] AAAAA-TCP_RECV: name:enp0s3: saddr:16783984: daddr:100932208: srtt_us:10383865: RTT:1297983: ssthresh:2147483647: cwnd:18: delivered:10: lost:0: retrans:1
[  205.449620] AAAAA-TCP_SEND: name:enp0s3: saddr:100932208: daddr:16783984: srtt_us:11752640: RTT:1469080: ssthresh:2147483647: cwnd:19: delivered:11: lost:0: retrans:1
[  205.449680] AAAAA-TCP_SEND: name:enp0s3: saddr:100932208: daddr:16783984: srtt_us:11752640: RTT:1469080: ssthresh:2147483647: cwnd:19: delivered:11: lost:0: retrans:1
[  205.491194] AAAAA-TCP_SEND: name:enp0s3: saddr:100932208: daddr:33561200: srtt_us:1700616: RTT:212577: ssthresh:10: cwnd:1: delivered:1: lost:11: retrans:3
[  205.539230] AAAAA-TCP_RECV: name:enp0s3: saddr:16783984: daddr:100932208: srtt_us:11752640: RTT:1469080: ssthresh:2147483647: cwnd:19: delivered:11: lost:0: retrans:1
[  205.539268] AAAAA-TCP_SEND: name:enp0s3: saddr:100932208: daddr:16783984: srtt_us:13040560: RTT:1630070: ssthresh:2147483647: cwnd:20: delivered:12: lost:0: retrans:1
[  205.539294] AAAAA-TCP_SEND: name:enp0s3: saddr:100932208: daddr:16783984: srtt_us:13040560: RTT:1630070: ssthresh:2147483647: cwnd:20: delivered:12: lost:0: retrans:1
[  205.716165] AAAAA-TCP_RECV: name:enp0s3: saddr:33561200: daddr:100932208: srtt_us:1700616: RTT:212577: ssthresh:10: cwnd:1: delivered:1: lost:11: retrans:3
[  205.716216] AAAAA-TCP_SEND: name:enp0s3: saddr:100932208: daddr:33561200: srtt_us:4151039: RTT:518879: ssthresh:2147483647: cwnd:11: delivered:2: lost:11: retrans:3
[  205.716244] AAAAA-TCP_SEND: name:enp0s3: saddr:100932208: daddr:33561200: srtt_us:4151039: RTT:518879: ssthresh:2147483647: cwnd:11: delivered:2: lost:11: retrans:3
[  205.859499] AAAAA-TCP_RECV: name:enp0s3: saddr:33561200: daddr:100932208: srtt_us:4151039: RTT:518879: ssthresh:2147483647: cwnd:11: delivered:2: lost:11: retrans:3
[  205.859588] AAAAA-TCP_SEND: name:enp0s3: saddr:100932208: daddr:33561200: srtt_us:6437813: RTT:804726: ssthresh:2147483647: cwnd:12: delivered:3: lost:11: retrans:3
[  205.859752] AAAAA-TCP_SEND: name:enp0s3: saddr:100932208: daddr:33561200: srtt_us:6437813: RTT:804726: ssthresh:2147483647: cwnd:12: delivered:3: lost:11: retrans:3
[  206.001450] AAAAA-TCP_RECV: name:enp0s3: saddr:33561200: daddr:100932208: srtt_us:6437813: RTT:804726: ssthresh:2147483647: cwnd:12: delivered:3: lost:11: retrans:3
[  206.001493] AAAAA-TCP_SEND: name:enp0s3: saddr:100932208: daddr:33561200: srtt_us:8579782: RTT:1072472: ssthresh:2147483647: cwnd:13: delivered:4: lost:11: retrans:3
[  206.001520] AAAAA-TCP_SEND: name:enp0s3: saddr:100932208: daddr:33561200: srtt_us:8579782: RTT:1072472: ssthresh:2147483647: cwnd:13: delivered:4: lost:11: retrans:3
[  206.180172] AAAAA-TCP_RECV: name:enp0s3: saddr:33561200: daddr:100932208: srtt_us:8579782: RTT:1072472: ssthresh:2147483647: cwnd:13: delivered:4: lost:11: retrans:3
[  206.180217] AAAAA-TCP_SEND: name:enp0s3: saddr:100932208: daddr:33561200: srtt_us:10632728: RTT:1329091: ssthresh:2147483647: cwnd:14: delivered:5: lost:11: retrans:3
[  206.180246] AAAAA-TCP_SEND: name:enp0s3: saddr:100932208: daddr:33561200: srtt_us:10632728: RTT:1329091: ssthresh:2147483647: cwnd:14: delivered:5: lost:11: retrans:3
[  206.315805] AAAAA-TCP_RECV: name:enp0s3: saddr:33561200: daddr:100932208: srtt_us:10632728: RTT:1329091: ssthresh:2147483647: cwnd:14: delivered:5: lost:11: retrans:3
[  206.315854] AAAAA-TCP_SEND: name:enp0s3: saddr:100932208: daddr:33561200: srtt_us:12564561: RTT:1570570: ssthresh:2147483647: cwnd:15: delivered:6: lost:11: retrans:3
[  206.315883] AAAAA-TCP_SEND: name:enp0s3: saddr:100932208: daddr:33561200: srtt_us:12564561: RTT:1570570: ssthresh:2147483647: cwnd:15: delivered:6: lost:11: retrans:3
[  206.569993] AAAAA-TCP_RECV: name:enp0s3: saddr:33561200: daddr:100932208: srtt_us:12564561: RTT:1570570: ssthresh:2147483647: cwnd:15: delivered:6: lost:11: retrans:3
[  206.570043] AAAAA-TCP_SEND: name:enp0s3: saddr:100932208: daddr:33561200: srtt_us:14509103: RTT:1813637: ssthresh:2147483647: cwnd:16: delivered:7: lost:11: retrans:3
[  206.570071] AAAAA-TCP_SEND: name:enp0s3: saddr:100932208: daddr:33561200: srtt_us:14509103: RTT:1813637: ssthresh:2147483647: cwnd:16: delivered:7: lost:11: retrans:3
[  206.680545] AAAAA-TCP_RECV: name:enp0s3: saddr:33561200: daddr:100932208: srtt_us:14509103: RTT:1813637: ssthresh:2147483647: cwnd:16: delivered:7: lost:11: retrans:3
[  206.680592] AAAAA-TCP_SEND: name:enp0s3: saddr:100932208: daddr:33561200: srtt_us:16321018: RTT:2040127: ssthresh:2147483647: cwnd:17: delivered:8: lost:11: retrans:3
[  206.680624] AAAAA-TCP_SEND: name:enp0s3: saddr:100932208: daddr:33561200: srtt_us:16321018: RTT:2040127: ssthresh:2147483647: cwnd:17: delivered:8: lost:11: retrans:3
[  206.774769] AAAAA-TCP_RECV: name:enp0s3: saddr:33561200: daddr:100932208: srtt_us:16321018: RTT:2040127: ssthresh:2147483647: cwnd:17: delivered:8: lost:11: retrans:3
[  206.774813] AAAAA-TCP_SEND: name:enp0s3: saddr:100932208: daddr:33561200: srtt_us:18000666: RTT:2250083: ssthresh:2147483647: cwnd:18: delivered:9: lost:11: retrans:3
[  206.774842] AAAAA-TCP_SEND: name:enp0s3: saddr:100932208: daddr:33561200: srtt_us:18000666: RTT:2250083: ssthresh:2147483647: cwnd:18: delivered:9: lost:11: retrans:3
[  206.905417] AAAAA-TCP_RECV: name:enp0s3: saddr:33561200: daddr:100932208: srtt_us:18000666: RTT:2250083: ssthresh:2147483647: cwnd:18: delivered:9: lost:11: retrans:3
[  206.905448] AAAAA-TCP_SEND: name:enp0s3: saddr:100932208: daddr:33561200: srtt_us:19600880: RTT:2450110: ssthresh:2147483647: cwnd:19: delivered:10: lost:11: retrans:3
[  206.905471] AAAAA-TCP_SEND: name:enp0s3: saddr:100932208: daddr:33561200: srtt_us:19600880: RTT:2450110: ssthresh:2147483647: cwnd:19: delivered:10: lost:11: retrans:3
[  206.956456] AAAAA-TCP_RECV: name:enp0s3: saddr:33561200: daddr:100932208: srtt_us:19600880: RTT:2450110: ssthresh:2147483647: cwnd:19: delivered:10: lost:11: retrans:3
[  206.956492] AAAAA-TCP_SEND: name:enp0s3: saddr:100932208: daddr:33561200: srtt_us:21052770: RTT:2631596: ssthresh:2147483647: cwnd:20: delivered:11: lost:11: retrans:3
[  206.956518] AAAAA-TCP_SEND: name:enp0s3: saddr:100932208: daddr:33561200: srtt_us:21052770: RTT:2631596: ssthresh:2147483647: cwnd:20: delivered:11: lost:11: retrans:3
[  207.038337] AAAAA-TCP_RECV: name:enp0s3: saddr:16783984: daddr:100932208: srtt_us:13040560: RTT:1630070: ssthresh:2147483647: cwnd:20: delivered:12: lost:0: retrans:1
[  207.269672] AAAAA-TCP_RECV: name:enp0s3: saddr:33561200: daddr:100932208: srtt_us:21052770: RTT:2631596: ssthresh:2147483647: cwnd:20: delivered:11: lost:11: retrans:3
[  207.466637] AAAAA-TCP_RECV: name:enp0s3: saddr:16783984: daddr:100932208: srtt_us:13040560: RTT:1630070: ssthresh:2147483647: cwnd:20: delivered:13: lost:0: retrans:1
[  207.466697] AAAAA-TCP_SEND: name:enp0s3: saddr:100932208: daddr:16783984: srtt_us:15326521: RTT:1915815: ssthresh:2147483647: cwnd:21: delivered:14: lost:0: retrans:1
[  207.466741] AAAAA-TCP_SEND: name:enp0s3: saddr:100932208: daddr:16783984: srtt_us:15326521: RTT:1915815: ssthresh:2147483647: cwnd:21: delivered:14: lost:0: retrans:1
[  207.623942] AAAAA-TCP_RECV: name:enp0s3: saddr:16783984: daddr:100932208: srtt_us:15326521: RTT:1915815: ssthresh:2147483647: cwnd:21: delivered:14: lost:0: retrans:1
[  207.623991] AAAAA-TCP_SEND: name:enp0s3: saddr:100932208: daddr:16783984: srtt_us:17484044: RTT:2185505: ssthresh:2147483647: cwnd:22: delivered:15: lost:0: retrans:1
[  207.624021] AAAAA-TCP_SEND: name:enp0s3: saddr:100932208: daddr:16783984: srtt_us:17484044: RTT:2185505: ssthresh:2147483647: cwnd:22: delivered:15: lost:0: retrans:1
[  207.824632] AAAAA-TCP_RECV: name:enp0s3: saddr:16783984: daddr:100932208: srtt_us:17484044: RTT:2185505: ssthresh:2147483647: cwnd:22: delivered:15: lost:0: retrans:1
[  207.824667] AAAAA-TCP_SEND: name:enp0s3: saddr:100932208: daddr:16783984: srtt_us:19274827: RTT:2409353: ssthresh:2147483647: cwnd:23: delivered:16: lost:0: retrans:1
[  207.824710] AAAAA-TCP_SEND: name:enp0s3: saddr:100932208: daddr:16783984: srtt_us:19274827: RTT:2409353: ssthresh:2147483647: cwnd:23: delivered:16: lost:0: retrans:1
[  207.895484] AAAAA-TCP_RECV: name:enp0s3: saddr:16783984: daddr:100932208: srtt_us:19274827: RTT:2409353: ssthresh:2147483647: cwnd:23: delivered:16: lost:0: retrans:1
[  207.895527] AAAAA-TCP_SEND: name:enp0s3: saddr:100932208: daddr:16783984: srtt_us:20912628: RTT:2614078: ssthresh:2147483647: cwnd:24: delivered:17: lost:0: retrans:1
[  207.895554] AAAAA-TCP_SEND: name:enp0s3: saddr:100932208: daddr:16783984: srtt_us:20912628: RTT:2614078: ssthresh:2147483647: cwnd:24: delivered:17: lost:0: retrans:1
[  208.010723] AAAAA-TCP_RECV: name:enp0s3: saddr:16783984: daddr:100932208: srtt_us:20912628: RTT:2614078: ssthresh:2147483647: cwnd:24: delivered:17: lost:0: retrans:1
[  208.010768] AAAAA-TCP_SEND: name:enp0s3: saddr:100932208: daddr:16783984: srtt_us:22174149: RTT:2771768: ssthresh:2147483647: cwnd:25: delivered:18: lost:0: retrans:1
[  208.010794] AAAAA-TCP_SEND: name:enp0s3: saddr:100932208: daddr:16783984: srtt_us:22174149: RTT:2771768: ssthresh:2147483647: cwnd:25: delivered:18: lost:0: retrans:1
[  208.016070] AAAAA-TCP_RECV: name:enp0s3: saddr:16783984: daddr:100932208: srtt_us:22174149: RTT:2771768: ssthresh:2147483647: cwnd:25: delivered:18: lost:0: retrans:1
[  208.016093] AAAAA-TCP_SEND: name:enp0s3: saddr:100932208: daddr:16783984: srtt_us:23283313: RTT:2910414: ssthresh:2147483647: cwnd:26: delivered:19: lost:0: retrans:1
[  208.016118] AAAAA-TCP_SEND: name:enp0s3: saddr:100932208: daddr:16783984: srtt_us:23283313: RTT:2910414: ssthresh:2147483647: cwnd:26: delivered:19: lost:0: retrans:1
[  208.246580] AAAAA-TCP_RECV: name:enp0s3: saddr:33561200: daddr:100932208: srtt_us:21052770: RTT:2631596: ssthresh:2147483647: cwnd:20: delivered:12: lost:11: retrans:3
[  208.380719] AAAAA-TCP_RECV: name:enp0s3: saddr:16783984: daddr:100932208: srtt_us:23283313: RTT:2910414: ssthresh:2147483647: cwnd:26: delivered:19: lost:0: retrans:1
[  208.380766] AAAAA-TCP_SEND: name:enp0s3: saddr:100932208: daddr:16783984: srtt_us:24252544: RTT:3031568: ssthresh:2147483647: cwnd:27: delivered:20: lost:0: retrans:1
[  208.380794] AAAAA-TCP_SEND: name:enp0s3: saddr:100932208: daddr:16783984: srtt_us:24252544: RTT:3031568: ssthresh:2147483647: cwnd:27: delivered:20: lost:0: retrans:1
[  208.421237] AAAAA-TCP_RECV: name:enp0s3: saddr:16783984: daddr:100932208: srtt_us:24252544: RTT:3031568: ssthresh:2147483647: cwnd:27: delivered:20: lost:0: retrans:1
[  208.421269] AAAAA-TCP_SEND: name:enp0s3: saddr:100932208: daddr:16783984: srtt_us:25141135: RTT:3142641: ssthresh:2147483647: cwnd:28: delivered:21: lost:0: retrans:1
[  208.551884] AAAAA-TCP_RECV: name:enp0s3: saddr:16783984: daddr:100932208: srtt_us:25141135: RTT:3142641: ssthresh:2147483647: cwnd:28: delivered:21: lost:0: retrans:1
[  208.810515] AAAAA-TCP_RECV: name:enp0s3: saddr:16783984: daddr:100932208: srtt_us:25845714: RTT:3230714: ssthresh:2147483647: cwnd:29: delivered:22: lost:0: retrans:1
[  208.881209] AAAAA-TCP_RECV: name:enp0s3: saddr:16783984: daddr:100932208: srtt_us:26720854: RTT:3340106: ssthresh:2147483647: cwnd:30: delivered:23: lost:0: retrans:1
[  208.943756] AAAAA-TCP_RECV: name:enp0s3: saddr:16783984: daddr:100932208: srtt_us:27397795: RTT:3424724: ssthresh:2147483647: cwnd:31: delivered:24: lost:0: retrans:1
[  209.053065] AAAAA-TCP_RECV: name:enp0s3: saddr:16783984: daddr:100932208: srtt_us:28052651: RTT:3506581: ssthresh:2147483647: cwnd:32: delivered:25: lost:0: retrans:1
[  209.103189] AAAAA-TCP_RECV: name:enp0s3: saddr:16783984: daddr:100932208: srtt_us:28635021: RTT:3579377: ssthresh:2147483647: cwnd:33: delivered:26: lost:0: retrans:1
[  209.176422] AAAAA-TCP_RECV: name:enp0s3: saddr:16783984: daddr:100932208: srtt_us:29194721: RTT:3649340: ssthresh:2147483647: cwnd:34: delivered:27: lost:0: retrans:1
[  209.218878] AAAAA-TCP_RECV: name:enp0s3: saddr:16783984: daddr:100932208: srtt_us:29457033: RTT:3682129: ssthresh:2147483647: cwnd:36: delivered:29: lost:0: retrans:1
[  209.249643] AAAAA-TCP_RECV: name:enp0s3: saddr:33561200: daddr:100932208: srtt_us:21052770: RTT:2631596: ssthresh:2147483647: cwnd:20: delivered:13: lost:11: retrans:3
[  209.288930] AAAAA-TCP_RECV: name:enp0s3: saddr:16783984: daddr:100932208: srtt_us:29544183: RTT:3693022: ssthresh:2147483647: cwnd:37: delivered:30: lost:0: retrans:1
[  209.439564] AAAAA-TCP_RECV: name:enp0s3: saddr:16783984: daddr:100932208: srtt_us:29690493: RTT:3711311: ssthresh:2147483647: cwnd:38: delivered:31: lost:0: retrans:1
[  209.564477] AAAAA-TCP_RECV: name:enp0s3: saddr:33561200: daddr:100932208: srtt_us:21052770: RTT:2631596: ssthresh:2147483647: cwnd:20: delivered:14: lost:11: retrans:3
[  209.592320] AAAAA-TCP_RECV: name:enp0s3: saddr:33561200: daddr:100932208: srtt_us:22269459: RTT:2783682: ssthresh:2147483647: cwnd:21: delivered:15: lost:11: retrans:3
[  209.662535] AAAAA-TCP_RECV: name:enp0s3: saddr:33561200: daddr:100932208: srtt_us:23361890: RTT:2920236: ssthresh:2147483647: cwnd:22: delivered:16: lost:11: retrans:3
[  209.900858] AAAAA-TCP_RECV: name:enp0s3: saddr:33561200: daddr:100932208: srtt_us:24244630: RTT:3030578: ssthresh:2147483647: cwnd:23: delivered:17: lost:11: retrans:3
[  209.900880] AAAAA-TCP_SEND: name:enp0s3: saddr:100932208: daddr:33561200: srtt_us:25113424: RTT:3139178: ssthresh:12: cwnd:16: delivered:18: lost:12: retrans:4
[  210.044547] AAAAA-TCP_RECV: name:enp0s3: saddr:33561200: daddr:100932208: srtt_us:25113424: RTT:3139178: ssthresh:12: cwnd:16: delivered:18: lost:12: retrans:4
[  210.211719] AAAAA-TCP_RECV: name:enp0s3: saddr:33561200: daddr:100932208: srtt_us:26017324: RTT:3252165: ssthresh:12: cwnd:16: delivered:19: lost:12: retrans:4
[  210.373742] AAAAA-TCP_RECV: name:enp0s3: saddr:33561200: daddr:100932208: srtt_us:26796684: RTT:3349585: ssthresh:12: cwnd:15: delivered:20: lost:12: retrans:4
[  210.445637] AAAAA-TCP_RECV: name:enp0s3: saddr:33561200: daddr:100932208: srtt_us:27640646: RTT:3455080: ssthresh:12: cwnd:15: delivered:21: lost:12: retrans:4
[  210.445669] AAAAA-TCP_SEND: name:enp0s3: saddr:100932208: daddr:33561200: srtt_us:28315370: RTT:3539421: ssthresh:12: cwnd:12: delivered:22: lost:13: retrans:5
[  210.545524] AAAAA-TCP_RECV: name:enp0s3: saddr:33561200: daddr:100932208: srtt_us:28315370: RTT:3539421: ssthresh:12: cwnd:12: delivered:22: lost:13: retrans:5
[  210.587846] AAAAA-TCP_RECV: name:enp0s3: saddr:33561200: daddr:100932208: srtt_us:28751450: RTT:3593931: ssthresh:12: cwnd:12: delivered:23: lost:13: retrans:5
[  210.718338] AAAAA-TCP_RECV: name:enp0s3: saddr:33561200: daddr:100932208: srtt_us:29175331: RTT:3646916: ssthresh:12: cwnd:11: delivered:24: lost:13: retrans:5
[  210.754720] AAAAA-TCP_RECV: name:enp0s3: saddr:33561200: daddr:100932208: srtt_us:29566182: RTT:3695772: ssthresh:12: cwnd:10: delivered:25: lost:13: retrans:5
[  210.827331] AAAAA-TCP_RECV: name:enp0s3: saddr:33561200: daddr:100932208: srtt_us:29944558: RTT:3743069: ssthresh:12: cwnd:9: delivered:26: lost:13: retrans:5
[  210.852525] AAAAA-TCP_RECV: name:enp0s3: saddr:33561200: daddr:100932208: srtt_us:30254026: RTT:3781753: ssthresh:12: cwnd:8: delivered:27: lost:13: retrans:5
[  210.884171] AAAAA-TCP_RECV: name:enp0s3: saddr:33561200: daddr:100932208: srtt_us:30550003: RTT:3818750: ssthresh:12: cwnd:7: delivered:28: lost:13: retrans:5
[  210.912958] AAAAA-TCP_RECV: name:enp0s3: saddr:33561200: daddr:100932208: srtt_us:30709994: RTT:3838749: ssthresh:12: cwnd:6: delivered:29: lost:13: retrans:5
[  210.961085] AAAAA-TCP_RECV: name:enp0s3: saddr:33561200: daddr:100932208: srtt_us:30878774: RTT:3859846: ssthresh:12: cwnd:5: delivered:30: lost:13: retrans:5
[  210.994552] AAAAA-TCP_RECV: name:enp0s3: saddr:33561200: daddr:100932208: srtt_us:31023528: RTT:3877941: ssthresh:12: cwnd:4: delivered:31: lost:13: retrans:5
[  211.153702] AAAAA-TCP_RECV: name:enp0s3: saddr:16783984: daddr:100932208: srtt_us:29879502: RTT:3734937: ssthresh:2147483647: cwnd:40: delivered:33: lost:0: retrans:1
[  211.188108] AAAAA-TCP_RECV: name:enp0s3: saddr:16783984: daddr:100932208: srtt_us:29831592: RTT:3728949: ssthresh:2147483647: cwnd:41: delivered:34: lost:0: retrans:1
[  211.229507] AAAAA-TCP_RECV: name:enp0s3: saddr:16783984: daddr:100932208: srtt_us:29824086: RTT:3728010: ssthresh:2147483647: cwnd:42: delivered:35: lost:0: retrans:1
[  211.298481] AAAAA-TCP_RECV: name:enp0s3: saddr:16783984: daddr:100932208: srtt_us:29701613: RTT:3712701: ssthresh:2147483647: cwnd:43: delivered:36: lost:0: retrans:1
[  211.324397] AAAAA-TCP_RECV: name:enp0s3: saddr:16783984: daddr:100932208: srtt_us:29663423: RTT:3707927: ssthresh:2147483647: cwnd:44: delivered:37: lost:0: retrans:1
[  211.349574] AAAAA-TCP_RECV: name:enp0s3: saddr:16783984: daddr:100932208: srtt_us:29455245: RTT:3681905: ssthresh:2147483647: cwnd:45: delivered:38: lost:0: retrans:1
[  211.386617] AAAAA-TCP_RECV: name:enp0s3: saddr:16783984: daddr:100932208: srtt_us:29298266: RTT:3662283: ssthresh:2147483647: cwnd:46: delivered:39: lost:0: retrans:1
[  211.406287] AAAAA-TCP_RECV: name:enp0s3: saddr:16783984: daddr:100932208: srtt_us:29127091: RTT:3640886: ssthresh:2147483647: cwnd:47: delivered:40: lost:0: retrans:1
[  211.421967] AAAAA-TCP_RECV: name:enp0s3: saddr:16783984: daddr:100932208: srtt_us:28996983: RTT:3624622: ssthresh:2147483647: cwnd:48: delivered:41: lost:0: retrans:1
[  211.437681] AAAAA-TCP_RECV: name:enp0s3: saddr:16783984: daddr:100932208: srtt_us:28783579: RTT:3597947: ssthresh:2147483647: cwnd:49: delivered:42: lost:0: retrans:1
[  211.478147] AAAAA-TCP_RECV: name:enp0s3: saddr:16783984: daddr:100932208: srtt_us:28612564: RTT:3576570: ssthresh:2147483647: cwnd:50: delivered:43: lost:0: retrans:1
[  211.496776] AAAAA-TCP_RECV: name:enp0s3: saddr:16783984: daddr:100932208: srtt_us:28498066: RTT:3562258: ssthresh:2147483647: cwnd:51: delivered:44: lost:0: retrans:1
[  211.496806] AAAAA-TCP_SEND: name:enp0s3: saddr:100932208: daddr:16783984: srtt_us:28051836: RTT:3506479: ssthresh:26: cwnd:3: delivered:45: lost:1: retrans:2
[  211.522466] AAAAA-TCP_RECV: name:enp0s3: saddr:16783984: daddr:100932208: srtt_us:28051836: RTT:3506479: ssthresh:26: cwnd:3: delivered:45: lost:1: retrans:2
[  211.539897] AAAAA-TCP_RECV: name:enp0s3: saddr:16783984: daddr:100932208: srtt_us:27687076: RTT:3460884: ssthresh:26: cwnd:3: delivered:46: lost:1: retrans:2
[  211.555685] AAAAA-TCP_RECV: name:enp0s3: saddr:33561200: daddr:100932208: srtt_us:31183654: RTT:3897956: ssthresh:12: cwnd:3: delivered:32: lost:13: retrans:5
[  211.571609] AAAAA-TCP_RECV: name:enp0s3: saddr:33561200: daddr:100932208: srtt_us:28940698: RTT:3617587: ssthresh:12: cwnd:12: delivered:33: lost:13: retrans:5
[  211.768738] AAAAA-TCP_RECV: name:enp0s3: saddr:16783984: daddr:100932208: srtt_us:27344837: RTT:3418104: ssthresh:26: cwnd:2: delivered:47: lost:1: retrans:2
[  225.755728] AAAAA-TCP_SEND: name:enp0s3: saddr:100932208: daddr:16783984: srtt_us:24198733: RTT:3024841: ssthresh:26: cwnd:26: delivered:48: lost:1: retrans:2
[  225.755758] AAAAA-TCP_SEND: name:enp0s3: saddr:100932208: daddr:16783984: srtt_us:24198733: RTT:3024841: ssthresh:26: cwnd:18: delivered:48: lost:1: retrans:2
[  225.755852] AAAAA-TCP_SEND: name:enp0s3: saddr:100932208: daddr:16783984: srtt_us:24198733: RTT:3024841: ssthresh:26: cwnd:18: delivered:48: lost:1: retrans:2
[  225.755870] AAAAA-TCP_SEND: name:enp0s3: saddr:100932208: daddr:16783984: srtt_us:24198733: RTT:3024841: ssthresh:26: cwnd:18: delivered:48: lost:1: retrans:2
[  225.755954] AAAAA-TCP_SEND: name:enp0s3: saddr:100932208: daddr:16783984: srtt_us:24198733: RTT:3024841: ssthresh:26: cwnd:18: delivered:48: lost:1: retrans:2
[  225.755972] AAAAA-TCP_SEND: name:enp0s3: saddr:100932208: daddr:16783984: srtt_us:24198733: RTT:3024841: ssthresh:26: cwnd:18: delivered:48: lost:1: retrans:2
[  225.756027] AAAAA-TCP_SEND: name:enp0s3: saddr:100932208: daddr:16783984: srtt_us:24198733: RTT:3024841: ssthresh:26: cwnd:18: delivered:48: lost:1: retrans:2
[  225.756044] AAAAA-TCP_SEND: name:enp0s3: saddr:100932208: daddr:16783984: srtt_us:24198733: RTT:3024841: ssthresh:26: cwnd:18: delivered:48: lost:1: retrans:2
[  225.756100] AAAAA-TCP_SEND: name:enp0s3: saddr:100932208: daddr:16783984: srtt_us:24198733: RTT:3024841: ssthresh:26: cwnd:18: delivered:48: lost:1: retrans:2
[  225.756117] AAAAA-TCP_SEND: name:enp0s3: saddr:100932208: daddr:16783984: srtt_us:24198733: RTT:3024841: ssthresh:26: cwnd:18: delivered:48: lost:1: retrans:2
[  225.756170] AAAAA-TCP_SEND: name:enp0s3: saddr:100932208: daddr:16783984: srtt_us:24198733: RTT:3024841: ssthresh:26: cwnd:18: delivered:48: lost:1: retrans:2
[  225.756187] AAAAA-TCP_SEND: name:enp0s3: saddr:100932208: daddr:16783984: srtt_us:24198733: RTT:3024841: ssthresh:26: cwnd:18: delivered:48: lost:1: retrans:2
[  225.756242] AAAAA-TCP_SEND: name:enp0s3: saddr:100932208: daddr:16783984: srtt_us:24198733: RTT:3024841: ssthresh:26: cwnd:18: delivered:48: lost:1: retrans:2
[  225.756258] AAAAA-TCP_SEND: name:enp0s3: saddr:100932208: daddr:16783984: srtt_us:24198733: RTT:3024841: ssthresh:26: cwnd:18: delivered:48: lost:1: retrans:2
[  225.756315] AAAAA-TCP_SEND: name:enp0s3: saddr:100932208: daddr:16783984: srtt_us:24198733: RTT:3024841: ssthresh:26: cwnd:18: delivered:48: lost:1: retrans:2
[  225.756333] AAAAA-TCP_SEND: name:enp0s3: saddr:100932208: daddr:16783984: srtt_us:24198733: RTT:3024841: ssthresh:26: cwnd:18: delivered:48: lost:1: retrans:2
[  225.756388] AAAAA-TCP_SEND: name:enp0s3: saddr:100932208: daddr:16783984: srtt_us:24198733: RTT:3024841: ssthresh:26: cwnd:18: delivered:48: lost:1: retrans:2
[  225.756405] AAAAA-TCP_SEND: name:enp0s3: saddr:100932208: daddr:16783984: srtt_us:24198733: RTT:3024841: ssthresh:26: cwnd:18: delivered:48: lost:1: retrans:2
[  225.756464] AAAAA-TCP_SEND: name:enp0s3: saddr:100932208: daddr:33561200: srtt_us:26449111: RTT:3306138: ssthresh:12: cwnd:12: delivered:34: lost:13: retrans:5
[  225.756481] AAAAA-TCP_SEND: name:enp0s3: saddr:100932208: daddr:33561200: srtt_us:26449111: RTT:3306138: ssthresh:12: cwnd:11: delivered:34: lost:13: retrans:5
[  225.756537] AAAAA-TCP_SEND: name:enp0s3: saddr:100932208: daddr:33561200: srtt_us:26449111: RTT:3306138: ssthresh:12: cwnd:11: delivered:34: lost:13: retrans:5
[  225.756554] AAAAA-TCP_SEND: name:enp0s3: saddr:100932208: daddr:33561200: srtt_us:26449111: RTT:3306138: ssthresh:12: cwnd:11: delivered:34: lost:13: retrans:5
[  225.756625] AAAAA-TCP_SEND: name:enp0s3: saddr:100932208: daddr:33561200: srtt_us:26449111: RTT:3306138: ssthresh:12: cwnd:11: delivered:34: lost:13: retrans:5
[  225.756644] AAAAA-TCP_SEND: name:enp0s3: saddr:100932208: daddr:33561200: srtt_us:26449111: RTT:3306138: ssthresh:12: cwnd:11: delivered:34: lost:13: retrans:5
[  225.756702] AAAAA-TCP_SEND: name:enp0s3: saddr:100932208: daddr:33561200: srtt_us:26449111: RTT:3306138: ssthresh:12: cwnd:11: delivered:34: lost:13: retrans:5
[  225.756718] AAAAA-TCP_SEND: name:enp0s3: saddr:100932208: daddr:33561200: srtt_us:26449111: RTT:3306138: ssthresh:12: cwnd:11: delivered:34: lost:13: retrans:5
[  225.756774] AAAAA-TCP_SEND: name:enp0s3: saddr:100932208: daddr:33561200: srtt_us:26449111: RTT:3306138: ssthresh:12: cwnd:11: delivered:34: lost:13: retrans:5
[  225.756790] AAAAA-TCP_SEND: name:enp0s3: saddr:100932208: daddr:33561200: srtt_us:26449111: RTT:3306138: ssthresh:12: cwnd:11: delivered:34: lost:13: retrans:5
[  225.756848] AAAAA-TCP_SEND: name:enp0s3: saddr:100932208: daddr:33561200: srtt_us:26449111: RTT:3306138: ssthresh:12: cwnd:11: delivered:34: lost:13: retrans:5
[  226.131624] AAAAA-TCP_RECV: name:enp0s3: saddr:16783984: daddr:100932208: srtt_us:24198733: RTT:3024841: ssthresh:26: cwnd:18: delivered:48: lost:1: retrans:2
[  226.131676] AAAAA-TCP_SEND: name:enp0s3: saddr:100932208: daddr:16783984: srtt_us:21549821: RTT:2693727: ssthresh:26: cwnd:19: delivered:49: lost:1: retrans:2
[  226.131722] AAAAA-TCP_SEND: name:enp0s3: saddr:100932208: daddr:16783984: srtt_us:21549821: RTT:2693727: ssthresh:26: cwnd:19: delivered:49: lost:1: retrans:2
[  226.261440] AAAAA-TCP_RECV: name:enp0s3: saddr:16783984: daddr:100932208: srtt_us:21549821: RTT:2693727: ssthresh:26: cwnd:19: delivered:49: lost:1: retrans:2
[  226.261494] AAAAA-TCP_SEND: name:enp0s3: saddr:100932208: daddr:16783984: srtt_us:19361798: RTT:2420224: ssthresh:26: cwnd:20: delivered:50: lost:1: retrans:2
[  226.261527] AAAAA-TCP_SEND: name:enp0s3: saddr:100932208: daddr:16783984: srtt_us:19361798: RTT:2420224: ssthresh:26: cwnd:20: delivered:50: lost:1: retrans:2
[  226.642573] AAAAA-TCP_RECV: name:enp0s3: saddr:16783984: daddr:100932208: srtt_us:19361798: RTT:2420224: ssthresh:26: cwnd:20: delivered:50: lost:1: retrans:2
[  226.642612] AAAAA-TCP_SEND: name:enp0s3: saddr:100932208: daddr:16783984: srtt_us:17828301: RTT:2228537: ssthresh:26: cwnd:21: delivered:51: lost:1: retrans:2
[  226.642637] AAAAA-TCP_SEND: name:enp0s3: saddr:100932208: daddr:16783984: srtt_us:17828301: RTT:2228537: ssthresh:26: cwnd:21: delivered:51: lost:1: retrans:2
[  226.879714] AAAAA-TCP_RECV: name:enp0s3: saddr:16783984: daddr:100932208: srtt_us:17828301: RTT:2228537: ssthresh:26: cwnd:21: delivered:51: lost:1: retrans:2
[  226.879764] AAAAA-TCP_SEND: name:enp0s3: saddr:100932208: daddr:16783984: srtt_us:16723627: RTT:2090453: ssthresh:26: cwnd:22: delivered:52: lost:1: retrans:2
[  226.879790] AAAAA-TCP_SEND: name:enp0s3: saddr:100932208: daddr:16783984: srtt_us:16723627: RTT:2090453: ssthresh:26: cwnd:22: delivered:52: lost:1: retrans:2
[  227.196058] AAAAA-TCP_RECV: name:enp0s3: saddr:16783984: daddr:100932208: srtt_us:16723627: RTT:2090453: ssthresh:26: cwnd:22: delivered:52: lost:1: retrans:2
[  227.196111] AAAAA-TCP_SEND: name:enp0s3: saddr:100932208: daddr:16783984: srtt_us:16073301: RTT:2009162: ssthresh:26: cwnd:23: delivered:53: lost:1: retrans:2
[  227.196143] AAAAA-TCP_SEND: name:enp0s3: saddr:100932208: daddr:16783984: srtt_us:16073301: RTT:2009162: ssthresh:26: cwnd:23: delivered:53: lost:1: retrans:2
[  227.638135] AAAAA-TCP_RECV: name:enp0s3: saddr:16783984: daddr:100932208: srtt_us:16073301: RTT:2009162: ssthresh:26: cwnd:23: delivered:53: lost:1: retrans:2
[  227.638192] AAAAA-TCP_SEND: name:enp0s3: saddr:100932208: daddr:16783984: srtt_us:15946325: RTT:1993290: ssthresh:26: cwnd:24: delivered:54: lost:1: retrans:2
[  227.638224] AAAAA-TCP_SEND: name:enp0s3: saddr:100932208: daddr:16783984: srtt_us:15946325: RTT:1993290: ssthresh:26: cwnd:24: delivered:54: lost:1: retrans:2
[  227.770776] AAAAA-TCP_RECV: name:enp0s3: saddr:16783984: daddr:100932208: srtt_us:15946325: RTT:1993290: ssthresh:26: cwnd:24: delivered:54: lost:1: retrans:2
[  227.770822] AAAAA-TCP_SEND: name:enp0s3: saddr:100932208: daddr:16783984: srtt_us:15967801: RTT:1995975: ssthresh:26: cwnd:25: delivered:55: lost:1: retrans:2
[  227.770850] AAAAA-TCP_SEND: name:enp0s3: saddr:100932208: daddr:16783984: srtt_us:15967801: RTT:1995975: ssthresh:26: cwnd:25: delivered:55: lost:1: retrans:2
[  228.019742] AAAAA-TCP_RECV: name:enp0s3: saddr:16783984: daddr:100932208: srtt_us:15967801: RTT:1995975: ssthresh:26: cwnd:25: delivered:55: lost:1: retrans:2
[  228.019791] AAAAA-TCP_SEND: name:enp0s3: saddr:100932208: daddr:16783984: srtt_us:16235543: RTT:2029442: ssthresh:26: cwnd:26: delivered:56: lost:1: retrans:2
[  228.019820] AAAAA-TCP_SEND: name:enp0s3: saddr:100932208: daddr:16783984: srtt_us:16235543: RTT:2029442: ssthresh:26: cwnd:26: delivered:56: lost:1: retrans:2
[  228.270964] AAAAA-TCP_RECV: name:enp0s3: saddr:16783984: daddr:100932208: srtt_us:16235543: RTT:2029442: ssthresh:26: cwnd:26: delivered:56: lost:1: retrans:2
[  228.271013] AAAAA-TCP_SEND: name:enp0s3: saddr:100932208: daddr:16783984: srtt_us:16720985: RTT:2090123: ssthresh:26: cwnd:26: delivered:57: lost:1: retrans:2
[  228.575009] AAAAA-TCP_RECV: name:enp0s3: saddr:16783984: daddr:100932208: srtt_us:16720985: RTT:2090123: ssthresh:26: cwnd:26: delivered:57: lost:1: retrans:2
[  228.575041] AAAAA-TCP_SEND: name:enp0s3: saddr:100932208: daddr:16783984: srtt_us:17449758: RTT:2181219: ssthresh:26: cwnd:26: delivered:58: lost:1: retrans:2
[  228.715850] AAAAA-TCP_RECV: name:enp0s3: saddr:16783984: daddr:100932208: srtt_us:17449758: RTT:2181219: ssthresh:26: cwnd:26: delivered:58: lost:1: retrans:2
[  228.715899] AAAAA-TCP_SEND: name:enp0s3: saddr:100932208: daddr:16783984: srtt_us:18228239: RTT:2278529: ssthresh:26: cwnd:26: delivered:59: lost:1: retrans:2
[  229.012447] AAAAA-TCP_RECV: name:enp0s3: saddr:16783984: daddr:100932208: srtt_us:18228239: RTT:2278529: ssthresh:26: cwnd:26: delivered:59: lost:1: retrans:2
[  229.012521] AAAAA-TCP_SEND: name:enp0s3: saddr:100932208: daddr:16783984: srtt_us:19206003: RTT:2400750: ssthresh:26: cwnd:26: delivered:60: lost:1: retrans:2
[  229.309993] AAAAA-TCP_RECV: name:enp0s3: saddr:16783984: daddr:100932208: srtt_us:19206003: RTT:2400750: ssthresh:26: cwnd:26: delivered:60: lost:1: retrans:2
[  229.310027] AAAAA-TCP_SEND: name:enp0s3: saddr:100932208: daddr:16783984: srtt_us:20359007: RTT:2544875: ssthresh:26: cwnd:26: delivered:61: lost:1: retrans:2
[  229.469993] AAAAA-TCP_RECV: name:enp0s3: saddr:16783984: daddr:100932208: srtt_us:20359007: RTT:2544875: ssthresh:26: cwnd:26: delivered:61: lost:1: retrans:2
[  229.470037] AAAAA-TCP_SEND: name:enp0s3: saddr:100932208: daddr:16783984: srtt_us:21527886: RTT:2690985: ssthresh:26: cwnd:26: delivered:62: lost:1: retrans:2
[  229.711000] AAAAA-TCP_RECV: name:enp0s3: saddr:16783984: daddr:100932208: srtt_us:21527886: RTT:2690985: ssthresh:26: cwnd:26: delivered:62: lost:1: retrans:2
[  229.711052] AAAAA-TCP_SEND: name:enp0s3: saddr:100932208: daddr:16783984: srtt_us:22791610: RTT:2848951: ssthresh:26: cwnd:26: delivered:63: lost:1: retrans:2
[  230.050143] AAAAA-TCP_RECV: name:enp0s3: saddr:16783984: daddr:100932208: srtt_us:22791610: RTT:2848951: ssthresh:26: cwnd:26: delivered:63: lost:1: retrans:2
[  230.050189] AAAAA-TCP_SEND: name:enp0s3: saddr:100932208: daddr:16783984: srtt_us:24236487: RTT:3029560: ssthresh:26: cwnd:26: delivered:64: lost:1: retrans:2
[  230.451920] AAAAA-TCP_RECV: name:enp0s3: saddr:16783984: daddr:100932208: srtt_us:24236487: RTT:3029560: ssthresh:26: cwnd:26: delivered:64: lost:1: retrans:2
[  230.451997] AAAAA-TCP_SEND: name:enp0s3: saddr:100932208: daddr:16783984: srtt_us:25902495: RTT:3237811: ssthresh:26: cwnd:26: delivered:65: lost:1: retrans:2
[  230.946789] AAAAA-TCP_RECV: name:enp0s3: saddr:33561200: daddr:100932208: srtt_us:26449111: RTT:3306138: ssthresh:12: cwnd:11: delivered:34: lost:13: retrans:5
[  230.946843] AAAAA-TCP_SEND: name:enp0s3: saddr:100932208: daddr:33561200: srtt_us:28333323: RTT:3541665: ssthresh:12: cwnd:12: delivered:35: lost:13: retrans:5
[  230.946874] AAAAA-TCP_SEND: name:enp0s3: saddr:100932208: daddr:33561200: srtt_us:28333323: RTT:3541665: ssthresh:12: cwnd:12: delivered:35: lost:13: retrans:5
[  231.197033] AAAAA-TCP_RECV: name:enp0s3: saddr:33561200: daddr:100932208: srtt_us:28333323: RTT:3541665: ssthresh:12: cwnd:12: delivered:35: lost:13: retrans:5
[  231.197084] AAAAA-TCP_SEND: name:enp0s3: saddr:100932208: daddr:33561200: srtt_us:30232230: RTT:3779028: ssthresh:12: cwnd:12: delivered:36: lost:13: retrans:5
[  231.323324] AAAAA-TCP_RECV: name:enp0s3: saddr:16783984: daddr:100932208: srtt_us:25902495: RTT:3237811: ssthresh:26: cwnd:26: delivered:65: lost:1: retrans:2
[  231.323369] AAAAA-TCP_SEND: name:enp0s3: saddr:100932208: daddr:16783984: srtt_us:28231621: RTT:3528952: ssthresh:26: cwnd:26: delivered:66: lost:1: retrans:2
[  231.909839] AAAAA-TCP_RECV: name:enp0s3: saddr:33561200: daddr:100932208: srtt_us:30232230: RTT:3779028: ssthresh:12: cwnd:12: delivered:36: lost:13: retrans:5
[  231.909892] AAAAA-TCP_SEND: name:enp0s3: saddr:100932208: daddr:33561200: srtt_us:32606527: RTT:4075815: ssthresh:12: cwnd:12: delivered:37: lost:13: retrans:5
[  232.004457] AAAAA-TCP_RECV: name:enp0s3: saddr:33561200: daddr:100932208: srtt_us:32606527: RTT:4075815: ssthresh:12: cwnd:12: delivered:37: lost:13: retrans:5
[  232.004504] AAAAA-TCP_SEND: name:enp0s3: saddr:100932208: daddr:33561200: srtt_us:34778634: RTT:4347329: ssthresh:12: cwnd:12: delivered:38: lost:13: retrans:5
[  232.105947] AAAAA-TCP_RECV: name:enp0s3: saddr:33561200: daddr:100932208: srtt_us:34778634: RTT:4347329: ssthresh:12: cwnd:12: delivered:38: lost:13: retrans:5
[  232.105994] AAAAA-TCP_SEND: name:enp0s3: saddr:100932208: daddr:33561200: srtt_us:36780646: RTT:4597580: ssthresh:12: cwnd:12: delivered:39: lost:13: retrans:5
[  232.161736] AAAAA-TCP_RECV: name:enp0s3: saddr:33561200: daddr:100932208: srtt_us:36780646: RTT:4597580: ssthresh:12: cwnd:12: delivered:39: lost:13: retrans:5
[  232.161777] AAAAA-TCP_SEND: name:enp0s3: saddr:100932208: daddr:33561200: srtt_us:38588175: RTT:4823521: ssthresh:12: cwnd:12: delivered:40: lost:13: retrans:5
[  232.205126] AAAAA-TCP_RECV: name:enp0s3: saddr:33561200: daddr:100932208: srtt_us:38588175: RTT:4823521: ssthresh:12: cwnd:12: delivered:40: lost:13: retrans:5
[  232.205160] AAAAA-TCP_SEND: name:enp0s3: saddr:100932208: daddr:33561200: srtt_us:40213093: RTT:5026636: ssthresh:12: cwnd:12: delivered:41: lost:13: retrans:5
[  232.298903] AAAAA-TCP_RECV: name:enp0s3: saddr:33561200: daddr:100932208: srtt_us:40213093: RTT:5026636: ssthresh:12: cwnd:12: delivered:41: lost:13: retrans:5
[  232.298938] AAAAA-TCP_SEND: name:enp0s3: saddr:100932208: daddr:33561200: srtt_us:41728658: RTT:5216082: ssthresh:12: cwnd:12: delivered:42: lost:13: retrans:5
[  232.390063] AAAAA-TCP_RECV: name:enp0s3: saddr:33561200: daddr:100932208: srtt_us:41728658: RTT:5216082: ssthresh:12: cwnd:12: delivered:42: lost:13: retrans:5
[  232.390101] AAAAA-TCP_SEND: name:enp0s3: saddr:100932208: daddr:33561200: srtt_us:43145880: RTT:5393235: ssthresh:12: cwnd:12: delivered:43: lost:13: retrans:5
[  232.441721] AAAAA-TCP_RECV: name:enp0s3: saddr:33561200: daddr:100932208: srtt_us:43145880: RTT:5393235: ssthresh:12: cwnd:12: delivered:43: lost:13: retrans:5
[  232.441756] AAAAA-TCP_SEND: name:enp0s3: saddr:100932208: daddr:33561200: srtt_us:44437593: RTT:5554699: ssthresh:12: cwnd:12: delivered:44: lost:13: retrans:5
[  232.553777] AAAAA-TCP_RECV: name:enp0s3: saddr:33561200: daddr:100932208: srtt_us:44437593: RTT:5554699: ssthresh:12: cwnd:12: delivered:44: lost:13: retrans:5
[  232.553853] AAAAA-TCP_SEND: name:enp0s3: saddr:100932208: daddr:33561200: srtt_us:45679858: RTT:5709982: ssthresh:12: cwnd:12: delivered:45: lost:13: retrans:5
[  232.730614] AAAAA-TCP_RECV: name:enp0s3: saddr:16783984: daddr:100932208: srtt_us:28231621: RTT:3528952: ssthresh:26: cwnd:26: delivered:66: lost:1: retrans:2
[  232.730664] AAAAA-TCP_SEND: name:enp0s3: saddr:100932208: daddr:16783984: srtt_us:31301631: RTT:3912703: ssthresh:26: cwnd:26: delivered:67: lost:1: retrans:2
[  232.787727] AAAAA-TCP_RECV: name:enp0s3: saddr:16783984: daddr:100932208: srtt_us:31301631: RTT:3912703: ssthresh:26: cwnd:26: delivered:67: lost:1: retrans:2
[  232.787772] AAAAA-TCP_SEND: name:enp0s3: saddr:100932208: daddr:16783984: srtt_us:34045003: RTT:4255625: ssthresh:26: cwnd:26: delivered:68: lost:1: retrans:2
[  232.881557] AAAAA-TCP_RECV: name:enp0s3: saddr:16783984: daddr:100932208: srtt_us:34045003: RTT:4255625: ssthresh:26: cwnd:26: delivered:68: lost:1: retrans:2
[  232.881597] AAAAA-TCP_SEND: name:enp0s3: saddr:100932208: daddr:16783984: srtt_us:36409463: RTT:4551182: ssthresh:26: cwnd:26: delivered:69: lost:1: retrans:2
[  232.940668] AAAAA-TCP_RECV: name:enp0s3: saddr:16783984: daddr:100932208: srtt_us:36409463: RTT:4551182: ssthresh:26: cwnd:26: delivered:69: lost:1: retrans:2
[  232.940724] AAAAA-TCP_SEND: name:enp0s3: saddr:100932208: daddr:16783984: srtt_us:38537475: RTT:4817184: ssthresh:26: cwnd:26: delivered:70: lost:1: retrans:2
[  233.013276] AAAAA-TCP_RECV: name:enp0s3: saddr:16783984: daddr:100932208: srtt_us:38537475: RTT:4817184: ssthresh:26: cwnd:26: delivered:70: lost:1: retrans:2
[  233.013307] AAAAA-TCP_SEND: name:enp0s3: saddr:100932208: daddr:16783984: srtt_us:40090974: RTT:5011371: ssthresh:26: cwnd:26: delivered:71: lost:1: retrans:2
[  233.109079] AAAAA-TCP_RECV: name:enp0s3: saddr:16783984: daddr:100932208: srtt_us:40090974: RTT:5011371: ssthresh:26: cwnd:26: delivered:71: lost:1: retrans:2
[  233.109110] AAAAA-TCP_SEND: name:enp0s3: saddr:100932208: daddr:16783984: srtt_us:41546089: RTT:5193261: ssthresh:26: cwnd:26: delivered:72: lost:1: retrans:2
[  233.298287] AAAAA-TCP_RECV: name:enp0s3: saddr:16783984: daddr:100932208: srtt_us:41546089: RTT:5193261: ssthresh:26: cwnd:26: delivered:72: lost:1: retrans:2
[  233.298320] AAAAA-TCP_SEND: name:enp0s3: saddr:100932208: daddr:16783984: srtt_us:42771361: RTT:5346420: ssthresh:26: cwnd:26: delivered:73: lost:1: retrans:2
[  233.412408] AAAAA-TCP_RECV: name:enp0s3: saddr:16783984: daddr:100932208: srtt_us:42771361: RTT:5346420: ssthresh:26: cwnd:26: delivered:73: lost:1: retrans:2
[  233.412457] AAAAA-TCP_SEND: name:enp0s3: saddr:100932208: daddr:16783984: srtt_us:43957607: RTT:5494700: ssthresh:26: cwnd:26: delivered:74: lost:1: retrans:2
[  233.528779] AAAAA-TCP_RECV: name:enp0s3: saddr:16783984: daddr:100932208: srtt_us:43957607: RTT:5494700: ssthresh:26: cwnd:26: delivered:74: lost:1: retrans:2
[  233.528837] AAAAA-TCP_SEND: name:enp0s3: saddr:100932208: daddr:16783984: srtt_us:44795612: RTT:5599451: ssthresh:26: cwnd:26: delivered:75: lost:1: retrans:2
[  233.593344] AAAAA-TCP_RECV: name:enp0s3: saddr:16783984: daddr:100932208: srtt_us:44795612: RTT:5599451: ssthresh:26: cwnd:26: delivered:75: lost:1: retrans:2
[  233.593375] AAAAA-TCP_SEND: name:enp0s3: saddr:100932208: daddr:16783984: srtt_us:45593403: RTT:5699175: ssthresh:26: cwnd:26: delivered:76: lost:1: retrans:2
[  233.627962] AAAAA-TCP_RECV: name:enp0s3: saddr:16783984: daddr:100932208: srtt_us:45593403: RTT:5699175: ssthresh:26: cwnd:26: delivered:76: lost:1: retrans:2
[  233.628012] AAAAA-TCP_SEND: name:enp0s3: saddr:100932208: daddr:16783984: srtt_us:45884025: RTT:5735503: ssthresh:26: cwnd:26: delivered:77: lost:1: retrans:2
[  233.684475] AAAAA-TCP_RECV: name:enp0s3: saddr:16783984: daddr:100932208: srtt_us:45884025: RTT:5735503: ssthresh:26: cwnd:26: delivered:77: lost:1: retrans:2
[  233.684517] AAAAA-TCP_SEND: name:enp0s3: saddr:100932208: daddr:16783984: srtt_us:46194829: RTT:5774353: ssthresh:26: cwnd:26: delivered:78: lost:1: retrans:2
[  233.870647] AAAAA-TCP_RECV: name:enp0s3: saddr:16783984: daddr:100932208: srtt_us:46194829: RTT:5774353: ssthresh:26: cwnd:26: delivered:78: lost:1: retrans:2
[  233.979193] AAAAA-TCP_SEND: name:enp0s3: saddr:100932208: daddr:16783984: srtt_us:46520327: RTT:5815040: ssthresh:13: cwnd:25: delivered:79: lost:2: retrans:3
[  234.053405] AAAAA-TCP_RECV: name:enp0s3: saddr:16783984: daddr:100932208: srtt_us:46520327: RTT:5815040: ssthresh:13: cwnd:25: delivered:79: lost:2: retrans:3
[  234.138667] AAAAA-TCP_RECV: name:enp0s3: saddr:16783984: daddr:100932208: srtt_us:46738920: RTT:5842365: ssthresh:13: cwnd:24: delivered:80: lost:2: retrans:3
[  234.196507] AAAAA-TCP_RECV: name:enp0s3: saddr:16783984: daddr:100932208: srtt_us:47015450: RTT:5876931: ssthresh:13: cwnd:24: delivered:81: lost:2: retrans:3
[  234.196540] AAAAA-TCP_SEND: name:enp0s3: saddr:100932208: daddr:16783984: srtt_us:47015450: RTT:5876931: ssthresh:13: cwnd:24: delivered:81: lost:2: retrans:3
[  234.223105] AAAAA-TCP_RECV: name:enp0s3: saddr:16783984: daddr:100932208: srtt_us:47064046: RTT:5883005: ssthresh:13: cwnd:23: delivered:82: lost:2: retrans:3
[  234.266694] AAAAA-TCP_RECV: name:enp0s3: saddr:16783984: daddr:100932208: srtt_us:46829124: RTT:5853640: ssthresh:13: cwnd:23: delivered:83: lost:2: retrans:3
[  234.266720] AAAAA-TCP_SEND: name:enp0s3: saddr:100932208: daddr:16783984: srtt_us:46829124: RTT:5853640: ssthresh:13: cwnd:23: delivered:83: lost:2: retrans:3
[  234.360812] AAAAA-TCP_RECV: name:enp0s3: saddr:16783984: daddr:100932208: srtt_us:46526306: RTT:5815788: ssthresh:13: cwnd:22: delivered:84: lost:2: retrans:3
[  234.459870] AAAAA-TCP_RECV: name:enp0s3: saddr:16783984: daddr:100932208: srtt_us:46058848: RTT:5757356: ssthresh:13: cwnd:22: delivered:85: lost:2: retrans:3
[  234.459910] AAAAA-TCP_SEND: name:enp0s3: saddr:100932208: daddr:16783984: srtt_us:46058848: RTT:5757356: ssthresh:13: cwnd:22: delivered:85: lost:2: retrans:3
[  234.571149] AAAAA-TCP_RECV: name:enp0s3: saddr:16783984: daddr:100932208: srtt_us:45451374: RTT:5681421: ssthresh:13: cwnd:21: delivered:86: lost:2: retrans:3
[  234.860912] AAAAA-TCP_RECV: name:enp0s3: saddr:16783984: daddr:100932208: srtt_us:44871073: RTT:5608884: ssthresh:13: cwnd:21: delivered:87: lost:2: retrans:3
[  234.860954] AAAAA-TCP_SEND: name:enp0s3: saddr:100932208: daddr:16783984: srtt_us:44871073: RTT:5608884: ssthresh:13: cwnd:21: delivered:87: lost:2: retrans:3
[  235.317620] AAAAA-TCP_RECV: name:enp0s3: saddr:16783984: daddr:100932208: srtt_us:44412090: RTT:5551511: ssthresh:13: cwnd:20: delivered:88: lost:2: retrans:3
[  235.382524] AAAAA-TCP_RECV: name:enp0s3: saddr:16783984: daddr:100932208: srtt_us:44128035: RTT:5516004: ssthresh:13: cwnd:20: delivered:89: lost:2: retrans:3
[  235.382558] AAAAA-TCP_SEND: name:enp0s3: saddr:100932208: daddr:16783984: srtt_us:44128035: RTT:5516004: ssthresh:13: cwnd:20: delivered:89: lost:2: retrans:3
[  235.544404] AAAAA-TCP_RECV: name:enp0s3: saddr:33561200: daddr:100932208: srtt_us:45679858: RTT:5709982: ssthresh:12: cwnd:12: delivered:45: lost:13: retrans:5
[  235.544449] AAAAA-TCP_SEND: name:enp0s3: saddr:100932208: daddr:33561200: srtt_us:44567461: RTT:5570932: ssthresh:12: cwnd:12: delivered:46: lost:13: retrans:5
[  235.652699] AAAAA-TCP_RECV: name:enp0s3: saddr:33561200: daddr:100932208: srtt_us:44567461: RTT:5570932: ssthresh:12: cwnd:12: delivered:46: lost:13: retrans:5
[  235.652749] AAAAA-TCP_SEND: name:enp0s3: saddr:100932208: daddr:33561200: srtt_us:43702412: RTT:5462801: ssthresh:12: cwnd:12: delivered:47: lost:13: retrans:5
[  235.726524] AAAAA-TCP_RECV: name:enp0s3: saddr:33561200: daddr:100932208: srtt_us:43702412: RTT:5462801: ssthresh:12: cwnd:12: delivered:47: lost:13: retrans:5
[  235.726564] AAAAA-TCP_SEND: name:enp0s3: saddr:100932208: daddr:33561200: srtt_us:42769074: RTT:5346134: ssthresh:12: cwnd:12: delivered:48: lost:13: retrans:5
[  235.823200] AAAAA-TCP_RECV: name:enp0s3: saddr:16783984: daddr:100932208: srtt_us:43542596: RTT:5442824: ssthresh:13: cwnd:19: delivered:90: lost:2: retrans:3
[  236.032790] AAAAA-TCP_RECV: name:enp0s3: saddr:33561200: daddr:100932208: srtt_us:42769074: RTT:5346134: ssthresh:12: cwnd:12: delivered:48: lost:13: retrans:5
[  236.087939] AAAAA-TCP_RECV: name:enp0s3: saddr:33561200: daddr:100932208: srtt_us:41545863: RTT:5193232: ssthresh:12: cwnd:12: delivered:49: lost:13: retrans:5
[  236.223496] AAAAA-TCP_RECV: name:enp0s3: saddr:33561200: daddr:100932208: srtt_us:40436093: RTT:5054511: ssthresh:12: cwnd:12: delivered:50: lost:13: retrans:5
[  236.308731] AAAAA-TCP_RECV: name:enp0s3: saddr:33561200: daddr:100932208: srtt_us:39499110: RTT:4937388: ssthresh:12: cwnd:12: delivered:51: lost:13: retrans:5
[  236.376218] AAAAA-TCP_RECV: name:enp0s3: saddr:33561200: daddr:100932208: srtt_us:38708702: RTT:4838587: ssthresh:12: cwnd:12: delivered:52: lost:13: retrans:5
