[    0.000000] Linux version 5.4.243-mptcp (root@ztg) (gcc version 12.2.0 (Debian 12.2.0-14+deb12u1)) #53 SMP Wed Dec 24 23:28:15 CST 2025
[    0.000000] Command line: BOOT_IMAGE=/boot/vmlinuz-5.4.243-mptcp root=UUID=98415a12-53b7-4144-8265-0f7ece09e445 ro quiet splash
[    0.000000] KERNEL supported cpus:
[    0.000000]   Intel GenuineIntel
[    0.000000]   AMD AuthenticAMD
[    0.000000]   Hygon HygonGenuine
[    0.000000]   Centaur CentaurHauls
[    0.000000]   zhaoxin   Shanghai  
[    0.000000] x86/fpu: Supporting XSAVE feature 0x001: 'x87 floating point registers'
[    0.000000] x86/fpu: Supporting XSAVE feature 0x002: 'SSE registers'
[    0.000000] x86/fpu: Supporting XSAVE feature 0x004: 'AVX registers'
[    0.000000] x86/fpu: xstate_offset[2]:  576, xstate_sizes[2]:  256
[    0.000000] x86/fpu: Enabled xstate features 0x7, context size is 832 bytes, using 'standard' format.
[    0.000000] BIOS-provided physical RAM map:
[    0.000000] BIOS-e820: [mem 0x0000000000000000-0x000000000009fbff] usable
[    0.000000] BIOS-e820: [mem 0x000000000009fc00-0x000000000009ffff] reserved
[    0.000000] BIOS-e820: [mem 0x00000000000f0000-0x00000000000fffff] reserved
[    0.000000] BIOS-e820: [mem 0x0000000000100000-0x000000007ffeffff] usable
[    0.000000] BIOS-e820: [mem 0x000000007fff0000-0x000000007fffffff] ACPI data
[    0.000000] BIOS-e820: [mem 0x00000000fec00000-0x00000000fec00fff] reserved
[    0.000000] BIOS-e820: [mem 0x00000000fee00000-0x00000000fee00fff] reserved
[    0.000000] BIOS-e820: [mem 0x00000000fffc0000-0x00000000ffffffff] reserved
[    0.000000] NX (Execute Disable) protection: active
[    0.000000] SMBIOS 2.5 present.
[    0.000000] DMI: innotek GmbH VirtualBox/VirtualBox, BIOS VirtualBox 12/01/2006
[    0.000000] Hypervisor detected: KVM
[    0.000000] kvm-clock: Using msrs 4b564d01 and 4b564d00
[    0.000000] kvm-clock: cpu 0, msr 65801001, primary cpu clock
[    0.000000] kvm-clock: using sched offset of 4423115165 cycles
[    0.000003] clocksource: kvm-clock: mask: 0xffffffffffffffff max_cycles: 0x1cd42e4dffb, max_idle_ns: 881590591483 ns
[    0.000005] tsc: Detected 2100.000 MHz processor
[    0.001892] e820: update [mem 0x00000000-0x00000fff] usable ==> reserved
[    0.001894] e820: remove [mem 0x000a0000-0x000fffff] usable
[    0.001898] last_pfn = 0x7fff0 max_arch_pfn = 0x400000000
[    0.001965] MTRR default type: uncachable
[    0.001965] MTRR fixed ranges enabled:
[    0.001967]   00000-9FFFF write-back
[    0.001967]   A0000-BFFFF uncachable
[    0.001968]   C0000-FFFFF write-protect
[    0.001969] MTRR variable ranges enabled:
[    0.001970]   0 base 000000000000 mask 3FFF80000000 write-back
[    0.001971]   1 disabled
[    0.001971]   2 disabled
[    0.001972]   3 disabled
[    0.001972]   4 disabled
[    0.001973]   5 disabled
[    0.001973]   6 disabled
[    0.001973]   7 disabled
[    0.001974]   8 disabled
[    0.001974]   9 disabled
[    0.001975]   10 disabled
[    0.001975]   11 disabled
[    0.001976]   12 disabled
[    0.001976]   13 disabled
[    0.001976]   14 disabled
[    0.001977]   15 disabled
[    0.001993] x86/PAT: Configuration [0-7]: WB  WC  UC- UC  WB  WP  UC- WT  
[    0.002128] found SMP MP-table at [mem 0x0009fff0-0x0009ffff]
[    0.091268] check: Scanning 1 areas for low memory corruption
[    0.091523] RAMDISK: [mem 0x32271000-0x3512ffff]
[    0.091530] ACPI: Early table checksum verification disabled
[    0.091535] ACPI: RSDP 0x00000000000E0000 000024 (v02 VBOX  )
[    0.091539] ACPI: XSDT 0x000000007FFF0030 00003C (v01 VBOX   VBOXXSDT 00000001 ASL  00000061)
[    0.091545] ACPI: FACP 0x000000007FFF00F0 0000F4 (v04 VBOX   VBOXFACP 00000001 ASL  00000061)
[    0.091552] ACPI: DSDT 0x000000007FFF02E0 002353 (v02 VBOX   VBOXBIOS 00000002 VBOX 00029BF3)
[    0.091556] ACPI: FACS 0x000000007FFF0200 000040
[    0.091559] ACPI: FACS 0x000000007FFF0200 000040
[    0.091562] ACPI: APIC 0x000000007FFF0240 000054 (v02 VBOX   VBOXAPIC 00000001 ASL  00000061)
[    0.091566] ACPI: SSDT 0x000000007FFF02A0 000038 (v01 VBOX   VBOXCPUT 00000002 VBOX 00029BF3)
[    0.091569] ACPI: Reserving FACP table memory at [mem 0x7fff00f0-0x7fff01e3]
[    0.091570] ACPI: Reserving DSDT table memory at [mem 0x7fff02e0-0x7fff2632]
[    0.091570] ACPI: Reserving FACS table memory at [mem 0x7fff0200-0x7fff023f]
[    0.091571] ACPI: Reserving FACS table memory at [mem 0x7fff0200-0x7fff023f]
[    0.091572] ACPI: Reserving APIC table memory at [mem 0x7fff0240-0x7fff0293]
[    0.091572] ACPI: Reserving SSDT table memory at [mem 0x7fff02a0-0x7fff02d7]
[    0.091586] ACPI: Local APIC address 0xfee00000
[    0.091768] No NUMA configuration found
[    0.091769] Faking a node at [mem 0x0000000000000000-0x000000007ffeffff]
[    0.091779] NODE_DATA(0) allocated [mem 0x7ffc5000-0x7ffeffff]
[    0.092040] Zone ranges:
[    0.092041]   DMA      [mem 0x0000000000001000-0x0000000000ffffff]
[    0.092042]   DMA32    [mem 0x0000000001000000-0x000000007ffeffff]
[    0.092042]   Normal   empty
[    0.092043]   Device   empty
[    0.092044] Movable zone start for each node
[    0.092046] Early memory node ranges
[    0.092047]   node   0: [mem 0x0000000000001000-0x000000000009efff]
[    0.092047]   node   0: [mem 0x0000000000100000-0x000000007ffeffff]
[    0.092051] Zeroed struct page in unavailable ranges: 114 pages
[    0.092052] Initmem setup node 0 [mem 0x0000000000001000-0x000000007ffeffff]
[    0.092053] On node 0 totalpages: 524174
[    0.092054]   DMA zone: 64 pages used for memmap
[    0.092054]   DMA zone: 21 pages reserved
[    0.092055]   DMA zone: 3998 pages, LIFO batch:0
[    0.092126]   DMA32 zone: 8128 pages used for memmap
[    0.092127]   DMA32 zone: 520176 pages, LIFO batch:63
[    0.100986] ACPI: PM-Timer IO Port: 0x4008
[    0.100988] ACPI: Local APIC address 0xfee00000
[    0.101053] IOAPIC[0]: apic_id 1, version 32, address 0xfec00000, GSI 0-23
[    0.101056] ACPI: INT_SRC_OVR (bus 0 bus_irq 0 global_irq 2 dfl dfl)
[    0.101057] ACPI: INT_SRC_OVR (bus 0 bus_irq 9 global_irq 9 low level)
[    0.101059] ACPI: IRQ0 used by override.
[    0.101060] ACPI: IRQ9 used by override.
[    0.101063] Using ACPI (MADT) for SMP configuration information
[    0.101069] smpboot: Allowing 1 CPUs, 0 hotplug CPUs
[    0.101088] PM: Registered nosave memory: [mem 0x00000000-0x00000fff]
[    0.101090] PM: Registered nosave memory: [mem 0x0009f000-0x0009ffff]
[    0.101090] PM: Registered nosave memory: [mem 0x000a0000-0x000effff]
[    0.101091] PM: Registered nosave memory: [mem 0x000f0000-0x000fffff]
[    0.101092] [mem 0x80000000-0xfebfffff] available for PCI devices
[    0.101093] Booting paravirtualized kernel on KVM
[    0.101096] clocksource: refined-jiffies: mask: 0xffffffff max_cycles: 0xffffffff, max_idle_ns: 7645519600211568 ns
[    0.101100] setup_percpu: NR_CPUS:8192 nr_cpumask_bits:1 nr_cpu_ids:1 nr_node_ids:1
[    0.102109] percpu: Embedded 60 pages/cpu s208896 r8192 d28672 u2097152
[    0.102113] pcpu-alloc: s208896 r8192 d28672 u2097152 alloc=1*2097152
[    0.102114] pcpu-alloc: [0] 0 
[    0.102139] Built 1 zonelists, mobility grouping on.  Total pages: 515961
[    0.102140] Policy zone: DMA32
[    0.102141] Kernel command line: BOOT_IMAGE=/boot/vmlinuz-5.4.243-mptcp root=UUID=98415a12-53b7-4144-8265-0f7ece09e445 ro quiet splash
[    0.102995] Dentry cache hash table entries: 262144 (order: 9, 2097152 bytes, linear)
[    0.103141] Inode-cache hash table entries: 131072 (order: 8, 1048576 bytes, linear)
[    0.103190] mem auto-init: stack:off, heap alloc:on, heap free:off
[    0.103193] Calgary: detecting Calgary via BIOS EBDA area
[    0.103193] Calgary: Unable to locate Rio Grande table in EBDA - bailing!
[    0.107220] Memory: 1967332K/2096696K available (14339K kernel code, 2398K rwdata, 4712K rodata, 2728K init, 17260K bss, 129364K reserved, 0K cma-reserved)
[    0.108136] SLUB: HWalign=64, Order=0-3, MinObjects=0, CPUs=1, Nodes=1
[    0.108151] ftrace: allocating 43186 entries in 169 pages
[    0.126196] rcu: Hierarchical RCU implementation.
[    0.126198] rcu: 	RCU restricting CPUs from NR_CPUS=8192 to nr_cpu_ids=1.
[    0.126199] 	Tasks RCU enabled.
[    0.126200] rcu: RCU calculated value of scheduler-enlistment delay is 25 jiffies.
[    0.126201] rcu: Adjusting geometry for rcu_fanout_leaf=16, nr_cpu_ids=1
[    0.129155] NR_IRQS: 524544, nr_irqs: 256, preallocated irqs: 16
[    0.129360] random: crng init done
[    0.138599] Console: colour VGA+ 80x25
[    0.138603] printk: console [tty0] enabled
[    0.138621] ACPI: Core revision 20190816
[    0.138730] APIC: Switch to symmetric I/O mode setup
[    0.138976] x2apic enabled
[    0.139212] Switched APIC routing to physical x2apic.
[    0.140327] ..TIMER: vector=0x30 apic1=0 pin1=2 apic2=-1 pin2=-1
[    0.140358] clocksource: tsc-early: mask: 0xffffffffffffffff max_cycles: 0x1e4530a99b6, max_idle_ns: 440795257976 ns
[    0.140363] Calibrating delay loop (skipped) preset value.. 4200.00 BogoMIPS (lpj=8400000)
[    0.140365] pid_max: default: 32768 minimum: 301
[    0.140394] LSM: Security Framework initializing
[    0.140404] Yama: becoming mindful.
[    0.140428] AppArmor: AppArmor initialized
[    0.140462] Mount-cache hash table entries: 4096 (order: 3, 32768 bytes, linear)
[    0.140466] Mountpoint-cache hash table entries: 4096 (order: 3, 32768 bytes, linear)
[    0.140475] *** VALIDATE tmpfs ***
[    0.140607] *** VALIDATE proc ***
[    0.140647] *** VALIDATE cgroup1 ***
[    0.140648] *** VALIDATE cgroup2 ***
[    0.140787] process: using mwait in idle threads
[    0.140792] Last level iTLB entries: 4KB 64, 2MB 8, 4MB 8
[    0.140792] Last level dTLB entries: 4KB 64, 2MB 0, 4MB 0, 1GB 4
[    0.140812] Spectre V1 : Mitigation: usercopy/swapgs barriers and __user pointer sanitization
[    0.140817] Spectre V2 : Mitigation: Retpolines
[    0.140818] Spectre V2 : Spectre v2 / SpectreRSB mitigation: Filling RSB on context switch
[    0.140818] Spectre V2 : Spectre v2 / SpectreRSB : Filling RSB on VMEXIT
[    0.140819] RETBleed: WARNING: Spectre v2 mitigation leaves CPU vulnerable to RETBleed attacks, data leaks possible!
[    0.141172] RETBleed: Vulnerable
[    0.141172] Speculative Store Bypass: Vulnerable
[    0.141177] TAA: Mitigation: TSX disabled
[    0.141177] MMIO Stale Data: Mitigation: Clear CPU buffers
[    0.145334] Freeing SMP alternatives memory: 40K
[    0.257119] smpboot: CPU0: Intel(R) Xeon(R) Silver 4216 CPU @ 2.10GHz (family: 0x6, model: 0x55, stepping: 0x7)
[    0.257216] Performance Events: unsupported p6 CPU model 85 no PMU driver, software events only.
[    0.257249] rcu: Hierarchical SRCU implementation.
[    0.257724] NMI watchdog: Perf NMI watchdog permanently disabled
[    0.257759] smp: Bringing up secondary CPUs ...
[    0.257760] smp: Brought up 1 node, 1 CPU
[    0.257760] smpboot: Max logical packages: 1
[    0.257761] smpboot: Total of 1 processors activated (4200.00 BogoMIPS)
[    0.258694] devtmpfs: initialized
[    0.258736] x86/mm: Memory block size: 128MB
[    0.259064] clocksource: jiffies: mask: 0xffffffff max_cycles: 0xffffffff, max_idle_ns: 7645041785100000 ns
[    0.259068] futex hash table entries: 256 (order: 2, 16384 bytes, linear)
[    0.259106] pinctrl core: initialized pinctrl subsystem
[    0.259202] PM: RTC time: 18:47:17, date: 2026-01-14
[    0.259301] NET: Registered protocol family 16
[    0.259374] audit: initializing netlink subsys (disabled)
[    0.259494] EISA bus registered
[    0.259495] cpuidle: using governor ladder
[    0.259496] cpuidle: using governor menu
[    0.259530] ACPI: bus type PCI registered
[    0.259532] acpiphp: ACPI Hot Plug PCI Controller Driver version: 0.5
[    0.259630] PCI: Using configuration type 1 for base access
[    0.260469] audit: type=2000 audit(1768387643.241:1): state=initialized audit_enabled=0 res=1
[    0.260543] HugeTLB registered 2.00 MiB page size, pre-allocated 0 pages
[    0.261347] ACPI: Added _OSI(Module Device)
[    0.261347] ACPI: Added _OSI(Processor Device)
[    0.261348] ACPI: Added _OSI(3.0 _SCP Extensions)
[    0.261349] ACPI: Added _OSI(Processor Aggregator Device)
[    0.261350] ACPI: Added _OSI(Linux-Dell-Video)
[    0.261350] ACPI: Added _OSI(Linux-Lenovo-NV-HDMI-Audio)
[    0.261351] ACPI: Added _OSI(Linux-HPI-Hybrid-Graphics)
[    0.263279] ACPI: 2 ACPI AML tables successfully acquired and loaded
[    0.264790] ACPI: Interpreter enabled
[    0.264800] ACPI: (supports S0 S5)
[    0.264801] ACPI: Using IOAPIC for interrupt routing
[    0.265006] PCI: Using host bridge windows from ACPI; if necessary, use "pci=nocrs" and report a bug
[    0.265111] ACPI: Enabled 2 GPEs in block 00 to 07
[    0.270049] ACPI: PCI Root Bridge [PCI0] (domain 0000 [bus 00-ff])
[    0.270054] acpi PNP0A03:00: _OSC: OS supports [ASPM ClockPM Segments MSI HPX-Type3]
[    0.270496] acpi PNP0A03:00: _OSC: not requesting OS control; OS requires [ExtendedConfig ASPM ClockPM MSI]
[    0.270504] acpi PNP0A03:00: fail to add MMCONFIG information, can't access extended PCI configuration space under this bridge.
[    0.270868] PCI host bridge to bus 0000:00
[    0.270870] pci_bus 0000:00: root bus resource [io  0x0000-0x0cf7 window]
[    0.270872] pci_bus 0000:00: root bus resource [io  0x0d00-0xffff window]
[    0.270873] pci_bus 0000:00: root bus resource [mem 0x000a0000-0x000bffff window]
[    0.270874] pci_bus 0000:00: root bus resource [mem 0x80000000-0xfdffffff window]
[    0.270875] pci_bus 0000:00: root bus resource [bus 00-ff]
[    0.270920] pci 0000:00:00.0: [8086:1237] type 00 class 0x060000
[    0.271860] pci 0000:00:01.0: [8086:7000] type 00 class 0x060100
[    0.272592] pci 0000:00:01.1: [8086:7111] type 00 class 0x01018a
[    0.272974] pci 0000:00:01.1: reg 0x20: [io  0xd000-0xd00f]
[    0.273137] pci 0000:00:01.1: legacy IDE quirk: reg 0x10: [io  0x01f0-0x01f7]
[    0.273139] pci 0000:00:01.1: legacy IDE quirk: reg 0x14: [io  0x03f6]
[    0.273139] pci 0000:00:01.1: legacy IDE quirk: reg 0x18: [io  0x0170-0x0177]
[    0.273140] pci 0000:00:01.1: legacy IDE quirk: reg 0x1c: [io  0x0376]
[    0.273674] pci 0000:00:02.0: [15ad:0405] type 00 class 0x030000
[    0.276438] pci 0000:00:02.0: reg 0x10: [io  0xd010-0xd01f]
[    0.279276] pci 0000:00:02.0: reg 0x14: [mem 0xe0000000-0xe7ffffff pref]
[    0.282236] pci 0000:00:02.0: reg 0x18: [mem 0xf0000000-0xf01fffff]
[    0.293044] pci 0000:00:03.0: [1022:2000] type 00 class 0x020000
[    0.293721] pci 0000:00:03.0: reg 0x10: [io  0xd020-0xd03f]
[    0.294325] pci 0000:00:03.0: reg 0x14: [mem 0xf0200000-0xf0200fff]
[    0.298279] pci 0000:00:04.0: [80ee:cafe] type 00 class 0x088000
[    0.298946] pci 0000:00:04.0: reg 0x10: [io  0xd040-0xd05f]
[    0.299549] pci 0000:00:04.0: reg 0x14: [mem 0xf0400000-0xf07fffff]
[    0.300154] pci 0000:00:04.0: reg 0x18: [mem 0xf0800000-0xf0803fff pref]
[    0.303391] pci 0000:00:07.0: [8086:7113] type 00 class 0x068000
[    0.304410] pci 0000:00:07.0: quirk: [io  0x4000-0x403f] claimed by PIIX4 ACPI
[    0.304419] pci 0000:00:07.0: quirk: [io  0x4100-0x410f] claimed by PIIX4 SMB
[    0.305006] pci 0000:00:08.0: [1022:2000] type 00 class 0x020000
[    0.305670] pci 0000:00:08.0: reg 0x10: [io  0xd060-0xd07f]
[    0.306275] pci 0000:00:08.0: reg 0x14: [mem 0xf0804000-0xf0804fff]
[    0.309755] pci 0000:00:09.0: [8086:100e] type 00 class 0x020000
[    0.310459] pci 0000:00:09.0: reg 0x10: [mem 0xf0820000-0xf083ffff]
[    0.311653] pci 0000:00:09.0: reg 0x18: [io  0xd080-0xd087]
[    0.321391] ACPI: PCI Interrupt Link [LNKA] (IRQs 5 9 10 *11)
[    0.321673] ACPI: PCI Interrupt Link [LNKB] (IRQs 5 9 *10 11)
[    0.321771] ACPI: PCI Interrupt Link [LNKC] (IRQs 5 *9 10 11)
[    0.321876] ACPI: PCI Interrupt Link [LNKD] (IRQs 5 9 10 *11)
[    0.322121] iommu: Default domain type: Translated 
[    0.322177] pci 0000:00:02.0: vgaarb: setting as boot VGA device
[    0.322179] pci 0000:00:02.0: vgaarb: VGA device added: decodes=io+mem,owns=io+mem,locks=none
[    0.322180] pci 0000:00:02.0: vgaarb: bridge control possible
[    0.322181] vgaarb: loaded
[    0.322383] SCSI subsystem initialized
[    0.322413] libata version 3.00 loaded.
[    0.322438] ACPI: bus type USB registered
[    0.322454] usbcore: registered new interface driver usbfs
[    0.322459] usbcore: registered new interface driver hub
[    0.322465] usbcore: registered new device driver usb
[    0.322489] pps_core: LinuxPPS API ver. 1 registered
[    0.322490] pps_core: Software ver. 5.3.6 - Copyright 2005-2007 Rodolfo Giometti <giometti@linux.it>
[    0.322492] PTP clock support registered
[    0.322528] EDAC MC: Ver: 3.0.0
[    0.322806] PCI: Using ACPI for IRQ routing
[    0.322807] PCI: pci_cache_line_size set to 64 bytes
[    0.322978] e820: reserve RAM buffer [mem 0x0009fc00-0x0009ffff]
[    0.322982] e820: reserve RAM buffer [mem 0x7fff0000-0x7fffffff]
[    0.325140] NetLabel: Initializing
[    0.325141] NetLabel:  domain hash size = 128
[    0.325141] NetLabel:  protocols = UNLABELED CIPSOv4 CALIPSO
[    0.325161] NetLabel:  unlabeled traffic allowed by default
[    0.326071] clocksource: Switched to clocksource kvm-clock
[    0.338666] *** VALIDATE bpf ***
[    0.338724] VFS: Disk quotas dquot_6.6.0
[    0.338736] VFS: Dquot-cache hash table entries: 512 (order 0, 4096 bytes)
[    0.338757] *** VALIDATE ramfs ***
[    0.338760] *** VALIDATE hugetlbfs ***
[    0.338842] AppArmor: AppArmor Filesystem Enabled
[    0.338865] pnp: PnP ACPI init
[    0.338927] pnp 00:00: Plug and Play ACPI device, IDs PNP0303 (active)
[    0.339007] pnp 00:01: Plug and Play ACPI device, IDs PNP0f03 (active)
[    0.339755] pnp: PnP ACPI: found 2 devices
[    0.340709] thermal_sys: Registered thermal governor 'fair_share'
[    0.340709] thermal_sys: Registered thermal governor 'bang_bang'
[    0.340710] thermal_sys: Registered thermal governor 'step_wise'
[    0.340710] thermal_sys: Registered thermal governor 'user_space'
[    0.340711] thermal_sys: Registered thermal governor 'power_allocator'
[    0.345222] clocksource: acpi_pm: mask: 0xffffff max_cycles: 0xffffff, max_idle_ns: 2085701024 ns
[    0.345261] pci_bus 0000:00: resource 4 [io  0x0000-0x0cf7 window]
[    0.345262] pci_bus 0000:00: resource 5 [io  0x0d00-0xffff window]
[    0.345263] pci_bus 0000:00: resource 6 [mem 0x000a0000-0x000bffff window]
[    0.345265] pci_bus 0000:00: resource 7 [mem 0x80000000-0xfdffffff window]
[    0.345320] NET: Registered protocol family 2
[    0.345393] IP idents hash table entries: 32768 (order: 6, 262144 bytes, linear)
[    0.345793] MPTCP tokens hash table entries: 8192 (order: 4, 65536 bytes, linear)
[    0.345812] MPTCP request tokens hash table entries: 8192 (order: 4, 65536 bytes, linear)
[    0.345837] default registered
[    0.345838] default registered
[    0.345838] MPTCP: Stable release v0.96
[    0.345843] tcp_listen_portaddr_hash hash table entries: 1024 (order: 2, 16384 bytes, linear)
[    0.345922] TCP established hash table entries: 16384 (order: 5, 131072 bytes, linear)
[    0.345988] TCP bind hash table entries: 16384 (order: 6, 262144 bytes, linear)
[    0.346013] TCP: Hash tables configured (established 16384 bind 16384)
[    0.346730] UDP hash table entries: 1024 (order: 3, 32768 bytes, linear)
[    0.346742] UDP-Lite hash table entries: 1024 (order: 3, 32768 bytes, linear)
[    0.346774] NET: Registered protocol family 1
[    0.346783] NET: Registered protocol family 44
[    0.346803] pci 0000:00:00.0: Limiting direct PCI/PCI transfers
[    0.346818] pci 0000:00:01.0: Activating ISA DMA hang workarounds
[    0.346869] pci 0000:00:02.0: Video device with shadowed ROM at [mem 0x000c0000-0x000dffff]
[    0.346958] PCI: CLS 0 bytes, default 64
[    0.347006] Trying to unpack rootfs image as initramfs...
[    0.516191] Freeing initrd memory: 47868K
[    0.516191] clocksource: tsc: mask: 0xffffffffffffffff max_cycles: 0x1e4530a99b6, max_idle_ns: 440795257976 ns
[    0.516191] clocksource: Switched to clocksource tsc
[    0.516191] platform rtc_cmos: registered platform RTC device (no PNP device found)
[    0.516191] check: Scanning for low memory corruption every 60 seconds
[    0.516191] Initialise system trusted keyrings
[    0.516191] Key type blacklist registered
[    0.516191] workingset: timestamp_bits=36 max_order=19 bucket_order=0
[    0.516191] zbud: loaded
[    0.516191] squashfs: version 4.0 (2009/01/31) Phillip Lougher
[    0.516191] fuse: init (API version 7.31)
[    0.516191] *** VALIDATE fuse ***
[    0.516191] *** VALIDATE fuse ***
[    0.516191] Platform Keyring initialized
[    0.516191] Key type asymmetric registered
[    0.516191] Asymmetric key parser 'x509' registered
[    0.516191] Block layer SCSI generic (bsg) driver version 0.4 loaded (major 244)
[    0.516191] io scheduler mq-deadline registered
[    0.516191] shpchp: Standard Hot Plug PCI Controller Driver version: 0.4
[    0.529879] ACPI: AC Adapter [AC] (on-line)
[    0.529925] input: Power Button as /devices/LNXSYSTM:00/LNXPWRBN:00/input/input0
[    0.529951] ACPI: Power Button [PWRF]
[    0.530033] input: Sleep Button as /devices/LNXSYSTM:00/LNXSLPBN:00/input/input1
[    0.530048] ACPI: Sleep Button [SLPF]
[    0.530267] Serial: 8250/16550 driver, 32 ports, IRQ sharing enabled
[    0.531428] Linux agpgart interface v0.103
[    0.627133] loop: module loaded
[    0.627502] ata_piix 0000:00:01.1: version 2.13
[    0.627924] scsi host0: ata_piix
[    0.628011] scsi host1: ata_piix
[    0.628037] ata1: PATA max UDMA/33 cmd 0x1f0 ctl 0x3f6 bmdma 0xd000 irq 14
[    0.628038] ata2: PATA max UDMA/33 cmd 0x170 ctl 0x376 bmdma 0xd008 irq 15
[    0.628113] tun: Universal TUN/TAP device driver, 1.6
[    0.628411] PPP generic driver version 2.4.2
[    0.628453] VFIO - User Level meta-driver version: 0.3
[    0.628683] ehci_hcd: USB 2.0 'Enhanced' Host Controller (EHCI) Driver
[    0.628688] ehci-pci: EHCI PCI platform driver
[    0.628703] ehci-platform: EHCI generic platform driver
[    0.628708] ohci_hcd: USB 1.1 'Open' Host Controller (OHCI) Driver
[    0.628710] ohci-pci: OHCI PCI platform driver
[    0.628717] ohci-platform: OHCI generic platform driver
[    0.628722] uhci_hcd: USB Universal Host Controller Interface driver
[    0.628784] i8042: PNP: PS/2 Controller [PNP0303:PS2K,PNP0f03:PS2M] at 0x60,0x64 irq 1,12
[    0.629224] serio: i8042 KBD port at 0x60,0x64 irq 1
[    0.629227] serio: i8042 AUX port at 0x60,0x64 irq 12
[    0.629311] mousedev: PS/2 mouse device common for all mice
[    0.629557] input: AT Translated Set 2 keyboard as /devices/platform/i8042/serio0/input/input2
[    0.629949] rtc_cmos rtc_cmos: registered as rtc0
[    0.629961] rtc_cmos rtc_cmos: alarms up to one day, 114 bytes nvram
[    0.629966] i2c /dev entries driver
[    0.630007] device-mapper: uevent: version 1.0.3
[    0.630049] device-mapper: ioctl: 4.41.0-ioctl (2019-09-16) initialised: dm-devel@redhat.com
[    0.630065] platform eisa.0: Probing EISA bus 0
[    0.630067] platform eisa.0: EISA: Cannot allocate resource for mainboard
[    0.630068] platform eisa.0: Cannot allocate resource for EISA slot 1
[    0.630069] platform eisa.0: Cannot allocate resource for EISA slot 2
[    0.630070] platform eisa.0: Cannot allocate resource for EISA slot 3
[    0.630071] platform eisa.0: Cannot allocate resource for EISA slot 4
[    0.630072] platform eisa.0: Cannot allocate resource for EISA slot 5
[    0.630073] platform eisa.0: Cannot allocate resource for EISA slot 6
[    0.630074] platform eisa.0: Cannot allocate resource for EISA slot 7
[    0.630075] platform eisa.0: Cannot allocate resource for EISA slot 8
[    0.630076] platform eisa.0: EISA: Detected 0 cards
[    0.630078] intel_pstate: CPU model not supported
[    0.630087] ledtrig-cpu: registered to indicate activity on CPUs
[    0.630142] drop_monitor: Initializing network drop monitor service
[    0.630301] NET: Registered protocol family 10
[    0.635146] Segment Routing with IPv6
[    0.635146] fullmesh registered
[    0.635146] ndiffports registered
[    0.635146] binder registered
[    0.635146] roundrobin registered
[    0.635146] redundant registered
[    0.635146] blest registered
[    0.635146] ecf registered
[    0.635146] NET: Registered protocol family 17
[    0.635146] Key type dns_resolver registered
[    0.635146] RAS: Correctable Errors collector initialized.
[    0.635146] IPI shorthand broadcast: enabled
[    0.635146] sched_clock: Marking stable (620137223, 11009375)->(631993687, -847089)
[    0.635621] registered taskstats version 1
[    0.635630] Loading compiled-in X.509 certificates
[    0.636221] Loaded X.509 cert 'Build time autogenerated kernel key: 6909f3744cebb3d0de528d5887b96a727de79b1e'
[    0.636239] zswap: loaded using pool lzo/zbud
[    0.636292] Key type ._fscrypt registered
[    0.636293] Key type .fscrypt registered
[    0.640743] Key type big_key registered
[    0.642907] Key type encrypted registered
[    0.642910] AppArmor: AppArmor sha1 policy hashing enabled
[    0.642917] ima: No TPM chip found, activating TPM-bypass!
[    0.642921] ima: Allocated hash algorithm: sha1
[    0.642926] ima: No architecture policies found
[    0.642935] evm: Initialising EVM extended attributes:
[    0.642936] evm: security.selinux
[    0.642936] evm: security.SMACK64
[    0.642937] evm: security.SMACK64EXEC
[    0.642937] evm: security.SMACK64TRANSMUTE
[    0.642938] evm: security.SMACK64MMAP
[    0.642938] evm: security.apparmor
[    0.642938] evm: security.ima
[    0.642939] evm: security.capability
[    0.642940] evm: HMAC attrs: 0x1
[    0.643227] PM:   Magic number: 10:167:797
[    0.643336] rtc_cmos rtc_cmos: setting system clock to 2026-01-14T18:47:18 UTC (1768416438)
[    0.800161] ata1.00: ATA-6: VBOX HARDDISK, 1.0, max UDMA/133
[    0.800165] ata1.00: 209715200 sectors, multi 128: LBA 
[    0.800828] scsi 0:0:0:0: Direct-Access     ATA      VBOX HARDDISK    1.0  PQ: 0 ANSI: 5
[    0.801118] sd 0:0:0:0: [sda] 209715200 512-byte logical blocks: (107 GB/100 GiB)
[    0.801131] sd 0:0:0:0: [sda] Write Protect is off
[    0.801135] sd 0:0:0:0: [sda] Mode Sense: 00 3a 00 00
[    0.801156] sd 0:0:0:0: [sda] Write cache: enabled, read cache: enabled, doesn't support DPO or FUA
[    0.801394] sd 0:0:0:0: Attached scsi generic sg0 type 0
[    0.802870]  sda: sda1 sda2
[    0.815295] sd 0:0:0:0: [sda] Attached SCSI disk
[    0.820001] Freeing unused decrypted memory: 2040K
[    0.821248] Freeing unused kernel image memory: 2728K
[    0.821252] Write protecting the kernel read-only data: 22528k
[    0.822607] Freeing unused kernel image memory: 2036K
[    0.823331] Freeing unused kernel image memory: 1432K
[    0.858474] x86/mm: Checked W+X mappings: passed, no W+X pages found.
[    0.858478] Run /init as init process
[    0.961441] ACPI: Video Device [GFX0] (multi-head: yes  rom: no  post: no)
[    0.961510] input: Video Bus as /devices/LNXSYSTM:00/LNXSYBUS:00/PNP0A03:00/LNXVIDEO:00/input/input4
[    0.974218] pcnet32: pcnet32.c:v1.35 21.Apr.2008 tsbogend@alpha.franken.de
[    0.975888] piix4_smbus 0000:00:07.0: SMBus Host Controller at 0x4100, revision 0
[    0.979505] e1000: Intel(R) PRO/1000 Network Driver - version 7.3.21-k8-NAPI
[    0.979506] e1000: Copyright (c) 1999-2006 Intel Corporation.
[    0.988396] pcnet32: PCnet/FAST III 79C973 at 0xd020, 08:00:27:95:bf:5d assigned IRQ 19
[    0.988440] pcnet32: Found PHY 0022:561b at address 0
[    0.988734] pcnet32: eth0: registered as PCnet/FAST III 79C973
[    0.989318] pcnet32: PCnet/FAST III 79C973 at 0xd060, 08:00:27:61:30:bd assigned IRQ 16
[    0.989360] pcnet32: Found PHY 0022:561b at address 0
[    0.989627] pcnet32: eth1: registered as PCnet/FAST III 79C973
[    0.989645] pcnet32: 2 cards_found
[    1.055057] pcnet32 0000:00:08.0 enp0s8: renamed from eth1
[    1.055817] pcnet32 0000:00:03.0 enp0s3: renamed from eth0
[    1.192501] input: ImExPS/2 Generic Explorer Mouse as /devices/platform/i8042/serio1/input/input5
[    1.383443] e1000 0000:00:09.0 eth0: (PCI:33MHz:32-bit) 08:00:27:de:f3:5a
[    1.383448] e1000 0000:00:09.0 eth0: Intel(R) PRO/1000 Network Connection
[    1.384462] e1000 0000:00:09.0 enp0s9: renamed from eth0
[    1.531841] EXT4-fs (sda2): mounted filesystem with ordered data mode. Opts: (null)
[    1.622007] systemd[1]: Inserted module 'autofs4'
[    1.634594] systemd[1]: systemd 245.4-4ubuntu3 running in system mode. (+PAM +AUDIT +SELINUX +IMA +APPARMOR +SMACK +SYSVINIT +UTMP +LIBCRYPTSETUP +GCRYPT +GNUTLS +ACL +XZ +LZ4 +SECCOMP +BLKID +ELFUTILS +KMOD +IDN2 -IDN +PCRE2 default-hierarchy=hybrid)
[    1.634623] systemd[1]: Detected virtualization oracle.
[    1.634626] systemd[1]: Detected architecture x86-64.
[    1.635966] systemd[1]: Set hostname to <ztg>.
[    1.761669] systemd[1]: /lib/systemd/system/dbus.socket:5: ListenStream= references a path below legacy directory /var/run/, updating /var/run/dbus/system_bus_socket â†’ /run/dbus/system_bus_socket; please update the unit file accordingly.
[    1.813737] systemd[1]: Created slice system-modprobe.slice.
[    1.813914] systemd[1]: Created slice User and Session Slice.
[    1.813957] systemd[1]: Started Forward Password Requests to Wall Directory Watch.
[    1.814105] systemd[1]: Set up automount Arbitrary Executable File Formats File System Automount Point.
[    1.814138] systemd[1]: Reached target User and Group Name Lookups.
[    1.814146] systemd[1]: Reached target Remote File Systems.
[    1.814154] systemd[1]: Reached target Slices.
[    1.814699] systemd[1]: Listening on Syslog Socket.
[    1.814765] systemd[1]: Listening on fsck to fsckd communication Socket.
[    1.814801] systemd[1]: Listening on initctl Compatibility Named Pipe.
[    1.814934] systemd[1]: Listening on Journal Audit Socket.
[    1.814986] systemd[1]: Listening on Journal Socket (/dev/log).
[    1.815101] systemd[1]: Listening on Journal Socket.
[    1.815178] systemd[1]: Listening on udev Control Socket.
[    1.815218] systemd[1]: Listening on udev Kernel Socket.
[    1.815988] systemd[1]: Mounting Huge Pages File System...
[    1.816869] systemd[1]: Mounting POSIX Message Queue File System...
[    1.817697] systemd[1]: Mounting Kernel Debug File System...
[    1.818521] systemd[1]: Mounting Kernel Trace File System...
[    1.820704] systemd[1]: Starting Journal Service...
[    1.845638] systemd[1]: Starting Set the console keyboard layout...
[    1.853246] systemd[1]: Starting Create list of static device nodes for the current kernel...
[    1.855003] systemd[1]: Starting Load Kernel Module drm...
[    1.857712] systemd[1]: Condition check resulted in Set Up Additional Binary Formats being skipped.
[    1.857749] systemd[1]: Condition check resulted in File System Check on Root Device being skipped.
[    1.861081] systemd[1]: Starting Load Kernel Modules...
[    1.861789] systemd[1]: Starting Remount Root and Kernel File Systems...
[    1.862507] systemd[1]: Starting udev Coldplug all Devices...
[    1.905885] systemd[1]: Starting Uncomplicated firewall...
[    1.906985] systemd[1]: Mounted Huge Pages File System.
[    1.907070] systemd[1]: Mounted POSIX Message Queue File System.
[    1.907141] systemd[1]: Mounted Kernel Debug File System.
[    1.907205] systemd[1]: Mounted Kernel Trace File System.
[    1.912671] EXT4-fs (sda2): re-mounted. Opts: errors=remount-ro
[    1.930680] systemd[1]: Finished Create list of static device nodes for the current kernel.
[    1.932298] systemd[1]: Finished Remount Root and Kernel File Systems.
[    1.939268] systemd[1]: Finished Uncomplicated firewall.
[    1.956359] systemd[1]: Condition check resulted in Rebuild Hardware Database being skipped.
[    1.956394] systemd[1]: Condition check resulted in Platform Persistent Storage Archival being skipped.
[    1.957209] systemd[1]: Starting Load/Save Random Seed...
[    1.963937] systemd[1]: Starting Create System Users...
[    1.964239] systemd[1]: modprobe@drm.service: Succeeded.
[    1.968335] systemd[1]: Finished Load Kernel Module drm.
[    1.969600] lp: driver loaded but no devices found
[    1.974488] systemd[1]: Finished Load/Save Random Seed.
[    1.977745] ppdev: user-space parallel port driver
[    1.981430] systemd[1]: Finished Create System Users.
[    1.982105] systemd[1]: Starting Create Static Device Nodes in /dev...
[    2.009161] systemd[1]: Finished Create Static Device Nodes in /dev.
[    2.009884] systemd[1]: Starting udev Kernel Device Manager...
[    2.051313] systemd[1]: Finished udev Coldplug all Devices.
[    2.079301] [drm] DMA map mode: Caching DMA mappings.
[    2.079363] [drm] Capabilities:
[    2.079363] [drm]   Rect copy.
[    2.079364] [drm]   Cursor.
[    2.079364] [drm]   Cursor bypass.
[    2.079364] [drm]   Cursor bypass 2.
[    2.079365] [drm]   Alpha cursor.
[    2.079365] [drm]   Extended Fifo.
[    2.079365] [drm]   Pitchlock.
[    2.079366] [drm]   Irq mask.
[    2.079366] [drm]   GMR.
[    2.079366] [drm]   Traces.
[    2.079367] [drm]   GMR2.
[    2.079367] [drm]   Screen Object 2.
[    2.079367] [drm]   Command Buffers.
[    2.079368] [drm]   Command Buffers 2.
[    2.079368] [drm]   Guest Backed Resources.
[    2.079369] [drm] Max GMR ids is 8192
[    2.079370] [drm] Max number of GMR pages is 1048576
[    2.079370] [drm] Max dedicated hypervisor surface memory is 393216 kiB
[    2.079371] [drm] Maximum display memory size is 131072 kiB
[    2.079371] [drm] VRAM at 0xe0000000 size is 131072 kiB
[    2.079372] [drm] MMIO at 0xf0000000 size is 2048 kiB
[    2.083508] [TTM] Zone  kernel: Available graphics memory: 1011738 KiB
[    2.083509] [TTM] Initializing pool allocator
[    2.083513] [TTM] Initializing DMA pool allocator
[    2.083540] [drm] Supports vblank timestamp caching Rev 2 (21.10.2013).
[    2.083540] [drm] No driver support for vblank timestamp query.
[    2.083751] [drm] Screen Target Display device initialized
[    2.083938] [drm] width 720
[    2.083947] [drm] height 400
[    2.083950] [drm] bpp 32
[    2.084483] [drm] Fifo max 0x00200000 min 0x00001000 cap 0x00000355
[    2.085520] [drm] Using command buffers with DMA pool.
[    2.085525] [drm] DX: no.
[    2.085526] [drm] Atomic: yes.
[    2.085526] [drm] SM4_1: no.
[    2.085544] [drm:vmw_host_log [vmwgfx]] *ERROR* Failed to send host log message.
[    2.086463] [drm:vmw_host_log [vmwgfx]] *ERROR* Failed to send host log message.
[    2.113163] fbcon: svgadrmfb (fb0) is primary device
[    2.115334] Console: switching to colour frame buffer device 100x37
[    2.118500] systemd[1]: Finished Set the console keyboard layout.
[    2.118636] systemd[1]: Reached target Local File Systems (Pre).
[    2.121429] systemd[1]: Mounting Mount unit for bare, revision 5...
[    2.124710] [drm] Initialized vmwgfx 2.15.0 20180704 for 0000:00:02.0 on minor 0
[    2.125020] systemd[1]: Mounting Mount unit for core18, revision 1705...
[    2.135592] systemd[1]: Mounting Mount unit for gnome-3-34-1804, revision 24...
[    2.141905] systemd[1]: Mounting Mount unit for gtk-common-themes, revision 1506...
[    2.153900] systemd[1]: Mounting Mount unit for gtk-common-themes, revision 1535...
[    2.172476] systemd[1]: Mounting Mount unit for snap-store, revision 433...
[    2.178881] systemd[1]: Mounting Mount unit for snapd, revision 25935...
[    2.184266] systemd[1]: Finished Load Kernel Modules.
[    2.187109] systemd[1]: Mounting FUSE Control File System...
[    2.194845] systemd[1]: Mounting Kernel Configuration File System...
[    2.205475] systemd[1]: Starting Apply Kernel Variables...
[    2.206077] systemd[1]: Mounted FUSE Control File System.
[    2.206142] systemd[1]: Condition check resulted in VMware vmblock fuse mount being skipped.
[    2.217494] systemd[1]: Mounted Kernel Configuration File System.
[    2.226183] systemd[1]: Mounted Mount unit for bare, revision 5.
[    2.226269] systemd[1]: Mounted Mount unit for gnome-3-34-1804, revision 24.
[    2.231891] systemd[1]: Finished Apply Kernel Variables.
[    2.246296] systemd[1]: Started udev Kernel Device Manager.
[    2.246391] systemd[1]: Mounted Mount unit for core18, revision 1705.
[    2.247177] systemd[1]: Starting Show Plymouth Boot Screen...
[    2.258795] systemd[1]: Mounted Mount unit for gtk-common-themes, revision 1506.
[    2.263782] systemd[1]: Mounted Mount unit for gtk-common-themes, revision 1535.
[    2.265939] systemd[1]: Received SIGRTMIN+20 from PID 288 (plymouthd).
[    2.283130] systemd[1]: Started Show Plymouth Boot Screen.
[    2.283261] systemd[1]: Condition check resulted in Dispatch Password Requests to Console Directory Watch being skipped.
[    2.283349] systemd[1]: Started Forward Password Requests to Plymouth Directory Watch.
[    2.283388] systemd[1]: Reached target Local Encrypted Volumes.
[    2.301277] systemd[1]: Mounted Mount unit for snap-store, revision 433.
[    2.301492] systemd[1]: Mounted Mount unit for snapd, revision 25935.
[    2.301641] systemd[1]: Reached target Local File Systems.
[    2.302357] systemd[1]: Starting Load AppArmor profiles...
[    2.304788] systemd[1]: Starting Set console font and keymap...
[    2.317214] systemd[1]: Starting Tell Plymouth To Write Out Runtime Data...
[    2.320365] systemd[1]: Condition check resulted in Store a System Token in an EFI Variable being skipped.
[    2.320396] systemd[1]: Condition check resulted in Commit a transient machine-id on disk being skipped.
[    2.321244] systemd[1]: Finished Set console font and keymap.
[    2.341618] systemd[1]: Received SIGRTMIN+20 from PID 288 (plymouthd).
[    2.342931] systemd[1]: plymouth-read-write.service: Succeeded.
[    2.343170] systemd[1]: Finished Tell Plymouth To Write Out Runtime Data.
[    2.363124] audit: type=1400 audit(1768416440.212:2): apparmor="STATUS" operation="profile_load" profile="unconfined" name="nvidia_modprobe" pid=301 comm="apparmor_parser"
[    2.363126] audit: type=1400 audit(1768416440.212:3): apparmor="STATUS" operation="profile_load" profile="unconfined" name="nvidia_modprobe//kmod" pid=301 comm="apparmor_parser"
[    2.369465] audit: type=1400 audit(1768416440.220:4): apparmor="STATUS" operation="profile_load" profile="unconfined" name="/usr/sbin/tcpdump" pid=302 comm="apparmor_parser"
[    2.426131] audit: type=1400 audit(1768416440.272:5): apparmor="STATUS" operation="profile_load" profile="unconfined" name="/usr/bin/evince" pid=304 comm="apparmor_parser"
[    2.426134] audit: type=1400 audit(1768416440.272:6): apparmor="STATUS" operation="profile_load" profile="unconfined" name="/usr/bin/evince//sanitized_helper" pid=304 comm="apparmor_parser"
[    2.426136] audit: type=1400 audit(1768416440.272:7): apparmor="STATUS" operation="profile_load" profile="unconfined" name="/usr/bin/evince-previewer" pid=304 comm="apparmor_parser"
[    2.426137] audit: type=1400 audit(1768416440.272:8): apparmor="STATUS" operation="profile_load" profile="unconfined" name="/usr/bin/evince-previewer//sanitized_helper" pid=304 comm="apparmor_parser"
[    2.426139] audit: type=1400 audit(1768416440.272:9): apparmor="STATUS" operation="profile_load" profile="unconfined" name="/usr/bin/evince-thumbnailer" pid=304 comm="apparmor_parser"
[    2.446489] audit: type=1400 audit(1768416440.300:10): apparmor="STATUS" operation="profile_load" profile="unconfined" name="/usr/lib/cups/backend/cups-pdf" pid=305 comm="apparmor_parser"
[    2.506871] systemd[1]: Finished Load AppArmor profiles.
[    2.507860] systemd[1]: Starting Load AppArmor profiles managed internally by snapd...
[    2.624585] systemd[1]: Finished Load AppArmor profiles managed internally by snapd.
[    2.800057] systemd[1]: Started Journal Service.
[    2.809706] systemd-journald[229]: Received client request to flush runtime journal.
[    2.813440] systemd-journald[229]: File /var/log/journal/c455b248004a419c87ce85eea238d727/system.journal corrupted or uncleanly shut down, renaming and replacing.
[    4.065695] RAPL PMU: API unit is 2^-32 Joules, 0 fixed counters, 10737418240 ms ovfl timer
[    4.121772] cryptd: max_cpu_qlen set to 1000
[    4.166724] AVX2 version of gcm_enc/dec engaged.
[    4.166725] AES CTR mode by8 optimization enabled
[    5.950145] Adding 1998844k swap on /dev/sda1.  Priority:-2 extents:1 across:1998844k FS
[    7.023158] kauditd_printk_skb: 30 callbacks suppressed
[    7.023159] audit: type=1400 audit(1768416444.876:41): apparmor="DENIED" operation="capable" profile="/usr/sbin/cups-browsed" pid=509 comm="cups-browsed" capability=23  capname="sys_nice"
[    8.305041] pcnet32 0000:00:03.0 enp0s3: link up, 100Mbps, full-duplex
[    8.323799] pcnet32 0000:00:08.0 enp0s8: link up, 100Mbps, full-duplex
[    8.369066] e1000: enp0s9 NIC Link is Up 1000 Mbps Full Duplex, Flow Control: RX
[    8.369341] IPv6: ADDRCONF(NETDEV_CHANGE): enp0s9: link becomes ready
[    8.873080] device enp0s8 entered promiscuous mode
[    8.888461] device enp0s3 entered promiscuous mode
[    8.932192] audit: type=1400 audit(1768416446.784:42): apparmor="DENIED" operation="open" profile="/usr/sbin/tcpdump" name="/proc/sys/kernel/random/boot_id" pid=628 comm="tcpdump" requested_mask="r" denied_mask="r" fsuid=0 ouid=0
[    8.932831] audit: type=1400 audit(1768416446.784:43): apparmor="DENIED" operation="open" profile="/usr/sbin/tcpdump" name="/proc/sys/kernel/random/boot_id" pid=628 comm="tcpdump" requested_mask="r" denied_mask="r" fsuid=0 ouid=0
[    8.933204] audit: type=1400 audit(1768416446.784:44): apparmor="DENIED" operation="open" profile="/usr/sbin/tcpdump" name="/proc/sys/kernel/random/boot_id" pid=628 comm="tcpdump" requested_mask="r" denied_mask="r" fsuid=0 ouid=0
[    8.933464] audit: type=1400 audit(1768416446.784:45): apparmor="DENIED" operation="open" profile="/usr/sbin/tcpdump" name="/proc/sys/kernel/random/boot_id" pid=628 comm="tcpdump" requested_mask="r" denied_mask="r" fsuid=0 ouid=0
[    8.959787] audit: type=1400 audit(1768416446.812:46): apparmor="DENIED" operation="open" profile="/usr/sbin/tcpdump" name="/proc/sys/kernel/random/boot_id" pid=630 comm="tcpdump" requested_mask="r" denied_mask="r" fsuid=0 ouid=0
[    8.960468] audit: type=1400 audit(1768416446.812:47): apparmor="DENIED" operation="open" profile="/usr/sbin/tcpdump" name="/proc/sys/kernel/random/boot_id" pid=630 comm="tcpdump" requested_mask="r" denied_mask="r" fsuid=0 ouid=0
[    8.962590] audit: type=1400 audit(1768416446.812:48): apparmor="DENIED" operation="open" profile="/usr/sbin/tcpdump" name="/proc/sys/kernel/random/boot_id" pid=630 comm="tcpdump" requested_mask="r" denied_mask="r" fsuid=0 ouid=0
[    8.962747] audit: type=1400 audit(1768416446.812:49): apparmor="DENIED" operation="open" profile="/usr/sbin/tcpdump" name="/proc/sys/kernel/random/boot_id" pid=630 comm="tcpdump" requested_mask="r" denied_mask="r" fsuid=0 ouid=0
[    8.964352] audit: type=1400 audit(1768416446.812:50): apparmor="DENIED" operation="open" profile="/usr/sbin/tcpdump" name="/proc/sys/kernel/random/boot_id" pid=631 comm="tcpdump" requested_mask="r" denied_mask="r" fsuid=0 ouid=0
[   14.824327] rfkill: input handler disabled
[  261.153305] AAAAA-TCP_FORW: name:enp0s3: saddr:16783984: daddr:100932208
[  262.745877] AAAAA-TCP_FORW: name:enp0s8: saddr:100932208: daddr:16783984
[  262.989967] AAAAA-TCP_FORW: name:enp0s8: saddr:100932208: daddr:16783984
[  263.311328] AAAAA-TCP_FORW: name:enp0s8: saddr:100932208: daddr:16783984
[  264.326166] AAAAA-TCP_FORW: name:enp0s8: saddr:100932208: daddr:33561200
[  264.326807] AAAAA-TCP_FORW: name:enp0s3: saddr:33561200: daddr:100932208
[  264.353767] AAAAA-TCP_FORW: name:enp0s3: saddr:16783984: daddr:100932208
[  264.863836] AAAAA-TCP_FORW: name:enp0s8: saddr:100932208: daddr:16783984
[  264.971408] AAAAA-TCP_FORW: name:enp0s8: saddr:100932208: daddr:16783984
[  264.972332] AAAAA-TCP_FORW: name:enp0s3: saddr:16783984: daddr:100932208
[  265.150539] AAAAA-TCP_FORW: name:enp0s8: saddr:100932208: daddr:33561200
[  265.151523] AAAAA-TCP_FORW: name:enp0s3: saddr:33561200: daddr:100932208
[  265.258758] AAAAA-TCP_FORW: name:enp0s8: saddr:100932208: daddr:16783984
[  265.871975] AAAAA-TCP_FORW: name:enp0s8: saddr:100932208: daddr:16783984
[  265.873699] AAAAA-TCP_FORW: name:enp0s3: saddr:16783984: daddr:100932208
[  265.873881] AAAAA-TCP_FORW: name:enp0s3: saddr:16783984: daddr:100932208
[  266.417847] AAAAA-TCP_FORW: name:enp0s3: saddr:16783984: daddr:100932208
[  266.584635] AAAAA-TCP_FORW: name:enp0s3: saddr:16783984: daddr:100932208
[  266.647830] AAAAA-TCP_FORW: name:enp0s3: saddr:16783984: daddr:100932208
[  266.648849] AAAAA-TCP_FORW: name:enp0s3: saddr:16783984: daddr:100932208
[  266.845360] AAAAA-TCP_FORW: name:enp0s8: saddr:100932208: daddr:33561200
[  266.846190] AAAAA-TCP_FORW: name:enp0s3: saddr:33561200: daddr:100932208
[  266.995790] AAAAA-TCP_FORW: name:enp0s8: saddr:100932208: daddr:16783984
[  266.996612] AAAAA-TCP_FORW: name:enp0s3: saddr:16783984: daddr:100932208
[  267.130587] AAAAA-TCP_FORW: name:enp0s8: saddr:100932208: daddr:33561200
[  267.131386] AAAAA-TCP_FORW: name:enp0s3: saddr:33561200: daddr:100932208
[  267.233052] AAAAA-TCP_FORW: name:enp0s8: saddr:100932208: daddr:16783984
[  267.417461] AAAAA-TCP_FORW: name:enp0s8: saddr:100932208: daddr:16783984
[  267.418467] AAAAA-TCP_FORW: name:enp0s3: saddr:16783984: daddr:100932208
[  267.699899] AAAAA-TCP_FORW: name:enp0s8: saddr:100932208: daddr:16783984
[  267.701050] AAAAA-TCP_FORW: name:enp0s3: saddr:16783984: daddr:100932208
[  267.778741] AAAAA-TCP_FORW: name:enp0s8: saddr:100932208: daddr:16783984
[  267.779909] AAAAA-TCP_FORW: name:enp0s3: saddr:16783984: daddr:100932208
[  267.960408] AAAAA-TCP_FORW: name:enp0s8: saddr:100932208: daddr:16783984
[  267.961629] AAAAA-TCP_FORW: name:enp0s3: saddr:16783984: daddr:100932208
[  268.086543] AAAAA-TCP_FORW: name:enp0s8: saddr:100932208: daddr:16783984
[  268.087463] AAAAA-TCP_FORW: name:enp0s3: saddr:16783984: daddr:100932208
[  268.273554] AAAAA-TCP_FORW: name:enp0s8: saddr:100932208: daddr:16783984
[  268.274767] AAAAA-TCP_FORW: name:enp0s3: saddr:16783984: daddr:100932208
[  268.340125] AAAAA-TCP_FORW: name:enp0s8: saddr:100932208: daddr:16783984
[  268.341548] AAAAA-TCP_FORW: name:enp0s3: saddr:16783984: daddr:100932208
[  268.405586] AAAAA-TCP_FORW: name:enp0s8: saddr:100932208: daddr:16783984
[  268.406787] AAAAA-TCP_FORW: name:enp0s3: saddr:16783984: daddr:100932208
[  268.476335] AAAAA-TCP_FORW: name:enp0s8: saddr:100932208: daddr:16783984
[  268.477593] AAAAA-TCP_FORW: name:enp0s3: saddr:16783984: daddr:100932208
[  268.591680] AAAAA-TCP_FORW: name:enp0s8: saddr:100932208: daddr:16783984
[  268.592960] AAAAA-TCP_FORW: name:enp0s3: saddr:16783984: daddr:100932208
[  268.734527] AAAAA-TCP_FORW: name:enp0s8: saddr:100932208: daddr:33561200
[  268.735464] AAAAA-TCP_FORW: name:enp0s3: saddr:33561200: daddr:100932208
[  269.001300] AAAAA-TCP_FORW: name:enp0s8: saddr:100932208: daddr:33561200
[  269.002195] AAAAA-TCP_FORW: name:enp0s3: saddr:33561200: daddr:100932208
[  269.059066] AAAAA-TCP_FORW: name:enp0s8: saddr:100932208: daddr:33561200
[  269.059802] AAAAA-TCP_FORW: name:enp0s3: saddr:33561200: daddr:100932208
[  269.216314] AAAAA-TCP_FORW: name:enp0s8: saddr:100932208: daddr:33561200
[  269.217265] AAAAA-TCP_FORW: name:enp0s3: saddr:33561200: daddr:100932208
[  269.335344] AAAAA-TCP_FORW: name:enp0s8: saddr:100932208: daddr:33561200
[  269.336113] AAAAA-TCP_FORW: name:enp0s3: saddr:33561200: daddr:100932208
[  269.408980] AAAAA-TCP_FORW: name:enp0s8: saddr:100932208: daddr:33561200
[  269.410156] AAAAA-TCP_FORW: name:enp0s3: saddr:33561200: daddr:100932208
[  269.503839] AAAAA-TCP_FORW: name:enp0s8: saddr:100932208: daddr:33561200
[  269.505072] AAAAA-TCP_FORW: name:enp0s3: saddr:33561200: daddr:100932208
[  269.562552] AAAAA-TCP_FORW: name:enp0s8: saddr:100932208: daddr:33561200
[  269.563463] AAAAA-TCP_FORW: name:enp0s3: saddr:33561200: daddr:100932208
[  269.725219] AAAAA-TCP_FORW: name:enp0s8: saddr:100932208: daddr:33561200
[  269.726439] AAAAA-TCP_FORW: name:enp0s3: saddr:33561200: daddr:100932208
[  269.818908] AAAAA-TCP_FORW: name:enp0s8: saddr:100932208: daddr:33561200
[  269.820080] AAAAA-TCP_FORW: name:enp0s3: saddr:33561200: daddr:100932208
[  269.894688] AAAAA-TCP_FORW: name:enp0s8: saddr:100932208: daddr:16783984
[  269.896159] AAAAA-TCP_FORW: name:enp0s3: saddr:16783984: daddr:100932208
[  269.952533] AAAAA-TCP_FORW: name:enp0s8: saddr:100932208: daddr:16783984
[  269.953905] AAAAA-TCP_FORW: name:enp0s3: saddr:16783984: daddr:100932208
[  270.217114] AAAAA-TCP_FORW: name:enp0s8: saddr:100932208: daddr:16783984
[  270.217913] AAAAA-TCP_FORW: name:enp0s3: saddr:16783984: daddr:100932208
[  270.352224] AAAAA-TCP_FORW: name:enp0s8: saddr:100932208: daddr:16783984
[  270.353585] AAAAA-TCP_FORW: name:enp0s3: saddr:16783984: daddr:100932208
[  270.436041] AAAAA-TCP_FORW: name:enp0s8: saddr:100932208: daddr:16783984
[  270.437234] AAAAA-TCP_FORW: name:enp0s3: saddr:16783984: daddr:100932208
[  270.547902] AAAAA-TCP_FORW: name:enp0s8: saddr:100932208: daddr:16783984
[  270.548618] AAAAA-TCP_FORW: name:enp0s3: saddr:16783984: daddr:100932208
[  270.628247] AAAAA-TCP_FORW: name:enp0s8: saddr:100932208: daddr:16783984
[  270.629267] AAAAA-TCP_FORW: name:enp0s3: saddr:16783984: daddr:100932208
[  270.776261] AAAAA-TCP_FORW: name:enp0s8: saddr:100932208: daddr:16783984
[  270.777568] AAAAA-TCP_FORW: name:enp0s3: saddr:16783984: daddr:100932208
[  270.907782] AAAAA-TCP_FORW: name:enp0s8: saddr:100932208: daddr:16783984
[  270.908580] AAAAA-TCP_FORW: name:enp0s3: saddr:16783984: daddr:100932208
[  270.980730] AAAAA-TCP_FORW: name:enp0s8: saddr:100932208: daddr:16783984
[  270.981709] AAAAA-TCP_FORW: name:enp0s3: saddr:16783984: daddr:100932208
[  271.129952] AAAAA-TCP_FORW: name:enp0s8: saddr:100932208: daddr:33561200
[  271.130689] AAAAA-TCP_FORW: name:enp0s3: saddr:33561200: daddr:100932208
[  271.269743] AAAAA-TCP_FORW: name:enp0s8: saddr:100932208: daddr:16783984
[  271.270467] AAAAA-TCP_FORW: name:enp0s3: saddr:16783984: daddr:100932208
[  271.416705] AAAAA-TCP_FORW: name:enp0s8: saddr:100932208: daddr:16783984
[  271.417458] AAAAA-TCP_FORW: name:enp0s3: saddr:16783984: daddr:100932208
[  271.564047] AAAAA-TCP_FORW: name:enp0s8: saddr:100932208: daddr:16783984
[  271.564909] AAAAA-TCP_FORW: name:enp0s3: saddr:16783984: daddr:100932208
[  271.677755] AAAAA-TCP_FORW: name:enp0s8: saddr:100932208: daddr:16783984
[  271.678500] AAAAA-TCP_FORW: name:enp0s3: saddr:16783984: daddr:100932208
[  271.781836] AAAAA-TCP_FORW: name:enp0s8: saddr:100932208: daddr:16783984
[  271.782581] AAAAA-TCP_FORW: name:enp0s3: saddr:16783984: daddr:100932208
[  271.892753] AAAAA-TCP_FORW: name:enp0s8: saddr:100932208: daddr:16783984
[  271.893944] AAAAA-TCP_FORW: name:enp0s3: saddr:16783984: daddr:100932208
[  271.979240] AAAAA-TCP_FORW: name:enp0s8: saddr:100932208: daddr:16783984
[  272.021865] AAAAA-TCP_FORW: name:enp0s3: saddr:16783984: daddr:100932208
[  272.065618] AAAAA-TCP_FORW: name:enp0s8: saddr:100932208: daddr:16783984
[  272.135047] AAAAA-TCP_FORW: name:enp0s8: saddr:100932208: daddr:16783984
[  272.136206] AAAAA-TCP_FORW: name:enp0s3: saddr:16783984: daddr:100932208
[  272.260068] AAAAA-TCP_FORW: name:enp0s8: saddr:100932208: daddr:16783984
[  272.308595] AAAAA-TCP_FORW: name:enp0s8: saddr:100932208: daddr:33561200
[  272.309317] AAAAA-TCP_FORW: name:enp0s3: saddr:33561200: daddr:100932208
[  272.369637] AAAAA-TCP_FORW: name:enp0s3: saddr:16783984: daddr:100932208
[  272.436613] AAAAA-TCP_FORW: name:enp0s8: saddr:100932208: daddr:33561200
[  272.437348] AAAAA-TCP_FORW: name:enp0s3: saddr:33561200: daddr:100932208
[  272.587138] AAAAA-TCP_FORW: name:enp0s8: saddr:100932208: daddr:33561200
[  272.587873] AAAAA-TCP_FORW: name:enp0s3: saddr:33561200: daddr:100932208
[  272.637003] AAAAA-TCP_FORW: name:enp0s8: saddr:100932208: daddr:33561200
[  272.638805] AAAAA-TCP_FORW: name:enp0s3: saddr:33561200: daddr:100932208
[  272.698621] AAAAA-TCP_FORW: name:enp0s8: saddr:100932208: daddr:33561200
[  272.699389] AAAAA-TCP_FORW: name:enp0s3: saddr:33561200: daddr:100932208
[  272.800241] AAAAA-TCP_FORW: name:enp0s8: saddr:100932208: daddr:33561200
[  272.801246] AAAAA-TCP_FORW: name:enp0s3: saddr:33561200: daddr:100932208
[  273.038483] AAAAA-TCP_FORW: name:enp0s8: saddr:100932208: daddr:33561200
[  273.039665] AAAAA-TCP_FORW: name:enp0s3: saddr:33561200: daddr:100932208
[  273.130539] AAAAA-TCP_FORW: name:enp0s8: saddr:100932208: daddr:33561200
[  273.131508] AAAAA-TCP_FORW: name:enp0s3: saddr:33561200: daddr:100932208
[  273.223627] AAAAA-TCP_FORW: name:enp0s8: saddr:100932208: daddr:33561200
[  273.224856] AAAAA-TCP_FORW: name:enp0s3: saddr:33561200: daddr:100932208
[  273.299323] AAAAA-TCP_FORW: name:enp0s8: saddr:100932208: daddr:33561200
[  273.300287] AAAAA-TCP_FORW: name:enp0s3: saddr:33561200: daddr:100932208
[  273.413327] AAAAA-TCP_FORW: name:enp0s8: saddr:100932208: daddr:33561200
[  273.414433] AAAAA-TCP_FORW: name:enp0s3: saddr:33561200: daddr:100932208
[  273.537208] AAAAA-TCP_FORW: name:enp0s8: saddr:100932208: daddr:33561200
[  273.538604] AAAAA-TCP_FORW: name:enp0s3: saddr:33561200: daddr:100932208
[  273.760484] AAAAA-TCP_FORW: name:enp0s8: saddr:100932208: daddr:33561200
[  273.761708] AAAAA-TCP_FORW: name:enp0s3: saddr:33561200: daddr:100932208
[  273.867933] AAAAA-TCP_FORW: name:enp0s8: saddr:100932208: daddr:33561200
[  273.868662] AAAAA-TCP_FORW: name:enp0s3: saddr:33561200: daddr:100932208
[  273.958370] AAAAA-TCP_FORW: name:enp0s8: saddr:100932208: daddr:33561200
[  273.959523] AAAAA-TCP_FORW: name:enp0s3: saddr:33561200: daddr:100932208
[  274.020225] AAAAA-TCP_FORW: name:enp0s8: saddr:100932208: daddr:33561200
[  274.020934] AAAAA-TCP_FORW: name:enp0s3: saddr:33561200: daddr:100932208
[  274.107455] AAAAA-TCP_FORW: name:enp0s8: saddr:100932208: daddr:33561200
[  274.108714] AAAAA-TCP_FORW: name:enp0s3: saddr:33561200: daddr:100932208
[  274.193152] AAAAA-TCP_FORW: name:enp0s8: saddr:100932208: daddr:33561200
[  274.194021] AAAAA-TCP_FORW: name:enp0s3: saddr:33561200: daddr:100932208
[  274.272344] AAAAA-TCP_FORW: name:enp0s8: saddr:100932208: daddr:33561200
[  274.273272] AAAAA-TCP_FORW: name:enp0s3: saddr:33561200: daddr:100932208
[  274.333562] AAAAA-TCP_FORW: name:enp0s8: saddr:100932208: daddr:16783984
[  274.334694] AAAAA-TCP_FORW: name:enp0s3: saddr:16783984: daddr:100932208
[  274.392545] AAAAA-TCP_FORW: name:enp0s8: saddr:100932208: daddr:16783984
[  274.393300] AAAAA-TCP_FORW: name:enp0s3: saddr:16783984: daddr:100932208
[  274.630385] AAAAA-TCP_FORW: name:enp0s8: saddr:100932208: daddr:16783984
[  274.631541] AAAAA-TCP_FORW: name:enp0s3: saddr:16783984: daddr:100932208
[  274.684888] AAAAA-TCP_FORW: name:enp0s8: saddr:100932208: daddr:16783984
[  274.685978] AAAAA-TCP_FORW: name:enp0s3: saddr:16783984: daddr:100932208
[  274.809030] AAAAA-TCP_FORW: name:enp0s8: saddr:100932208: daddr:16783984
[  274.810008] AAAAA-TCP_FORW: name:enp0s3: saddr:16783984: daddr:100932208
[  274.891865] AAAAA-TCP_FORW: name:enp0s8: saddr:100932208: daddr:16783984
[  274.892976] AAAAA-TCP_FORW: name:enp0s3: saddr:16783984: daddr:100932208
[  274.960529] AAAAA-TCP_FORW: name:enp0s8: saddr:100932208: daddr:16783984
[  274.961621] AAAAA-TCP_FORW: name:enp0s3: saddr:16783984: daddr:100932208
[  275.006193] AAAAA-TCP_FORW: name:enp0s8: saddr:100932208: daddr:16783984
[  275.007059] AAAAA-TCP_FORW: name:enp0s3: saddr:16783984: daddr:100932208
[  275.117026] AAAAA-TCP_FORW: name:enp0s8: saddr:100932208: daddr:16783984
[  275.118129] AAAAA-TCP_FORW: name:enp0s3: saddr:16783984: daddr:100932208
[  275.160199] AAAAA-TCP_FORW: name:enp0s8: saddr:100932208: daddr:16783984
[  275.161279] AAAAA-TCP_FORW: name:enp0s3: saddr:16783984: daddr:100932208
[  275.256431] AAAAA-TCP_FORW: name:enp0s8: saddr:100932208: daddr:16783984
[  275.257539] AAAAA-TCP_FORW: name:enp0s3: saddr:16783984: daddr:100932208
[  275.302218] AAAAA-TCP_FORW: name:enp0s8: saddr:100932208: daddr:16783984
[  275.303288] AAAAA-TCP_FORW: name:enp0s3: saddr:16783984: daddr:100932208
[  275.411577] AAAAA-TCP_FORW: name:enp0s8: saddr:100932208: daddr:16783984
[  275.412382] AAAAA-TCP_FORW: name:enp0s3: saddr:16783984: daddr:100932208
[  284.755370] AAAAA-TCP_FORW: name:enp0s8: saddr:100932208: daddr:33561200
[  284.839255] AAAAA-TCP_FORW: name:enp0s8: saddr:100932208: daddr:16783984
[  285.058025] AAAAA-TCP_FORW: name:enp0s8: saddr:100932208: daddr:16783984
[  285.251618] AAAAA-TCP_FORW: name:enp0s8: saddr:100932208: daddr:16783984
[  285.385968] AAAAA-TCP_FORW: name:enp0s8: saddr:100932208: daddr:16783984
[  285.478245] AAAAA-TCP_FORW: name:enp0s8: saddr:100932208: daddr:16783984
[  285.643539] AAAAA-TCP_FORW: name:enp0s8: saddr:100932208: daddr:16783984
[  285.744885] AAAAA-TCP_FORW: name:enp0s8: saddr:100932208: daddr:16783984
[  285.854309] AAAAA-TCP_FORW: name:enp0s8: saddr:100932208: daddr:16783984
[  286.013537] AAAAA-TCP_FORW: name:enp0s8: saddr:100932208: daddr:16783984
[  286.147524] AAAAA-TCP_FORW: name:enp0s8: saddr:100932208: daddr:16783984
[  290.801784] AAAAA-TCP_FORW: name:enp0s8: saddr:100932208: daddr:16783984
[  290.802815] AAAAA-TCP_FORW: name:enp0s3: saddr:16783984: daddr:100932208
[  290.957175] AAAAA-TCP_FORW: name:enp0s8: saddr:100932208: daddr:16783984
[  290.958348] AAAAA-TCP_FORW: name:enp0s3: saddr:16783984: daddr:100932208
[  290.998871] AAAAA-TCP_FORW: name:enp0s8: saddr:100932208: daddr:16783984
[  290.999967] AAAAA-TCP_FORW: name:enp0s3: saddr:16783984: daddr:100932208
[  291.240894] AAAAA-TCP_FORW: name:enp0s8: saddr:100932208: daddr:16783984
[  291.242165] AAAAA-TCP_FORW: name:enp0s3: saddr:16783984: daddr:100932208
[  291.311357] AAAAA-TCP_FORW: name:enp0s8: saddr:100932208: daddr:16783984
[  291.312562] AAAAA-TCP_FORW: name:enp0s3: saddr:16783984: daddr:100932208
[  291.468722] AAAAA-TCP_FORW: name:enp0s8: saddr:100932208: daddr:16783984
[  291.469895] AAAAA-TCP_FORW: name:enp0s3: saddr:16783984: daddr:100932208
[  291.551093] AAAAA-TCP_FORW: name:enp0s8: saddr:100932208: daddr:16783984
[  291.552583] AAAAA-TCP_FORW: name:enp0s3: saddr:16783984: daddr:100932208
[  291.631056] AAAAA-TCP_FORW: name:enp0s8: saddr:100932208: daddr:16783984
[  291.632261] AAAAA-TCP_FORW: name:enp0s3: saddr:16783984: daddr:100932208
[  291.844313] AAAAA-TCP_FORW: name:enp0s8: saddr:100932208: daddr:16783984
[  291.845462] AAAAA-TCP_FORW: name:enp0s3: saddr:16783984: daddr:100932208
[  291.954153] AAAAA-TCP_FORW: name:enp0s8: saddr:100932208: daddr:16783984
[  291.955151] AAAAA-TCP_FORW: name:enp0s3: saddr:16783984: daddr:100932208
[  292.128066] AAAAA-TCP_FORW: name:enp0s8: saddr:100932208: daddr:16783984
[  292.129506] AAAAA-TCP_FORW: name:enp0s3: saddr:16783984: daddr:100932208
[  292.206473] AAAAA-TCP_FORW: name:enp0s8: saddr:100932208: daddr:16783984
[  292.207568] AAAAA-TCP_FORW: name:enp0s3: saddr:16783984: daddr:100932208
[  292.357452] AAAAA-TCP_FORW: name:enp0s8: saddr:100932208: daddr:16783984
[  292.358460] AAAAA-TCP_FORW: name:enp0s3: saddr:16783984: daddr:100932208
[  292.714239] AAAAA-TCP_FORW: name:enp0s8: saddr:100932208: daddr:16783984
[  292.715395] AAAAA-TCP_FORW: name:enp0s3: saddr:16783984: daddr:100932208
[  292.900841] AAAAA-TCP_FORW: name:enp0s8: saddr:100932208: daddr:16783984
[  292.901977] AAAAA-TCP_FORW: name:enp0s3: saddr:16783984: daddr:100932208
[  292.992942] AAAAA-TCP_FORW: name:enp0s8: saddr:100932208: daddr:16783984
[  292.994412] AAAAA-TCP_FORW: name:enp0s3: saddr:16783984: daddr:100932208
[  293.078764] AAAAA-TCP_FORW: name:enp0s8: saddr:100932208: daddr:16783984
[  293.121656] AAAAA-TCP_FORW: name:enp0s3: saddr:16783984: daddr:100932208
[  293.134806] AAAAA-TCP_FORW: name:enp0s8: saddr:100932208: daddr:16783984
[  293.233840] AAAAA-TCP_FORW: name:enp0s3: saddr:16783984: daddr:100932208
[  293.297397] AAAAA-TCP_FORW: name:enp0s8: saddr:100932208: daddr:16783984
[  293.421973] AAAAA-TCP_FORW: name:enp0s8: saddr:100932208: daddr:16783984
[  293.423178] AAAAA-TCP_FORW: name:enp0s3: saddr:16783984: daddr:100932208
[  293.464135] AAAAA-TCP_FORW: name:enp0s8: saddr:100932208: daddr:16783984
[  293.465231] AAAAA-TCP_FORW: name:enp0s3: saddr:16783984: daddr:100932208
[  293.708962] AAAAA-TCP_FORW: name:enp0s8: saddr:100932208: daddr:16783984
[  293.710081] AAAAA-TCP_FORW: name:enp0s3: saddr:16783984: daddr:100932208
[  293.818949] AAAAA-TCP_FORW: name:enp0s8: saddr:100932208: daddr:16783984
[  293.820025] AAAAA-TCP_FORW: name:enp0s3: saddr:16783984: daddr:100932208
[  293.917696] AAAAA-TCP_FORW: name:enp0s8: saddr:100932208: daddr:16783984
[  293.920039] AAAAA-TCP_FORW: name:enp0s3: saddr:16783984: daddr:100932208
[  294.025966] AAAAA-TCP_FORW: name:enp0s8: saddr:100932208: daddr:16783984
[  294.028579] AAAAA-TCP_FORW: name:enp0s3: saddr:16783984: daddr:100932208
[  294.129121] AAAAA-TCP_FORW: name:enp0s8: saddr:100932208: daddr:16783984
[  294.131694] AAAAA-TCP_FORW: name:enp0s3: saddr:16783984: daddr:100932208
[  294.215954] AAAAA-TCP_FORW: name:enp0s8: saddr:100932208: daddr:16783984
[  294.218528] AAAAA-TCP_FORW: name:enp0s3: saddr:16783984: daddr:100932208
[  294.438774] AAAAA-TCP_FORW: name:enp0s8: saddr:100932208: daddr:16783984
[  294.441404] AAAAA-TCP_FORW: name:enp0s3: saddr:16783984: daddr:100932208
[  294.473856] AAAAA-TCP_FORW: name:enp0s8: saddr:100932208: daddr:16783984
[  294.476538] AAAAA-TCP_FORW: name:enp0s3: saddr:16783984: daddr:100932208
[  294.621509] AAAAA-TCP_FORW: name:enp0s8: saddr:100932208: daddr:16783984
[  294.624014] AAAAA-TCP_FORW: name:enp0s3: saddr:16783984: daddr:100932208
[  294.796242] AAAAA-TCP_FORW: name:enp0s8: saddr:100932208: daddr:16783984
[  294.799578] AAAAA-TCP_FORW: name:enp0s3: saddr:16783984: daddr:100932208
[  294.836674] AAAAA-TCP_FORW: name:enp0s8: saddr:100932208: daddr:16783984
[  294.839001] AAAAA-TCP_FORW: name:enp0s3: saddr:16783984: daddr:100932208
[  294.884879] AAAAA-TCP_FORW: name:enp0s8: saddr:100932208: daddr:16783984
[  294.887181] AAAAA-TCP_FORW: name:enp0s3: saddr:16783984: daddr:100932208
[  294.973191] AAAAA-TCP_FORW: name:enp0s8: saddr:100932208: daddr:16783984
[  294.975528] AAAAA-TCP_FORW: name:enp0s3: saddr:16783984: daddr:100932208
[  295.037487] AAAAA-TCP_FORW: name:enp0s8: saddr:100932208: daddr:16783984
[  295.039828] AAAAA-TCP_FORW: name:enp0s3: saddr:16783984: daddr:100932208
[  295.219816] AAAAA-TCP_FORW: name:enp0s8: saddr:100932208: daddr:16783984
[  295.222194] AAAAA-TCP_FORW: name:enp0s3: saddr:16783984: daddr:100932208
[  295.266233] AAAAA-TCP_FORW: name:enp0s8: saddr:100932208: daddr:16783984
[  295.268592] AAAAA-TCP_FORW: name:enp0s3: saddr:16783984: daddr:100932208
[  295.328113] AAAAA-TCP_FORW: name:enp0s8: saddr:100932208: daddr:16783984
[  295.332737] AAAAA-TCP_FORW: name:enp0s3: saddr:16783984: daddr:100932208
[  295.403619] AAAAA-TCP_FORW: name:enp0s8: saddr:100932208: daddr:16783984
[  295.405954] AAAAA-TCP_FORW: name:enp0s3: saddr:16783984: daddr:100932208
[  295.472756] AAAAA-TCP_FORW: name:enp0s8: saddr:100932208: daddr:16783984
[  295.475118] AAAAA-TCP_FORW: name:enp0s3: saddr:16783984: daddr:100932208
[  295.497134] AAAAA-TCP_FORW: name:enp0s8: saddr:100932208: daddr:16783984
[  295.499458] AAAAA-TCP_FORW: name:enp0s3: saddr:16783984: daddr:100932208
[  295.578305] AAAAA-TCP_FORW: name:enp0s8: saddr:100932208: daddr:16783984
[  295.580634] AAAAA-TCP_FORW: name:enp0s3: saddr:16783984: daddr:100932208
[  295.661709] AAAAA-TCP_FORW: name:enp0s8: saddr:100932208: daddr:16783984
[  295.664047] AAAAA-TCP_FORW: name:enp0s3: saddr:16783984: daddr:100932208
[  295.744977] AAAAA-TCP_FORW: name:enp0s8: saddr:100932208: daddr:16783984
[  295.747301] AAAAA-TCP_FORW: name:enp0s3: saddr:16783984: daddr:100932208
[  295.829522] AAAAA-TCP_FORW: name:enp0s8: saddr:100932208: daddr:16783984
[  295.831854] AAAAA-TCP_FORW: name:enp0s3: saddr:16783984: daddr:100932208
[  295.894246] AAAAA-TCP_FORW: name:enp0s8: saddr:100932208: daddr:16783984
[  295.896756] AAAAA-TCP_FORW: name:enp0s3: saddr:16783984: daddr:100932208
[  296.167021] AAAAA-TCP_FORW: name:enp0s8: saddr:100932208: daddr:16783984
[  296.169554] AAAAA-TCP_FORW: name:enp0s3: saddr:16783984: daddr:100932208
[  296.262880] AAAAA-TCP_FORW: name:enp0s8: saddr:100932208: daddr:16783984
[  296.265346] AAAAA-TCP_FORW: name:enp0s3: saddr:16783984: daddr:100932208
[  296.331458] AAAAA-TCP_FORW: name:enp0s8: saddr:100932208: daddr:16783984
[  296.333927] AAAAA-TCP_FORW: name:enp0s3: saddr:16783984: daddr:100932208
[  296.428906] AAAAA-TCP_FORW: name:enp0s8: saddr:100932208: daddr:16783984
[  296.431224] AAAAA-TCP_FORW: name:enp0s3: saddr:16783984: daddr:100932208
[  296.491937] AAAAA-TCP_FORW: name:enp0s8: saddr:100932208: daddr:16783984
[  296.494174] AAAAA-TCP_FORW: name:enp0s3: saddr:16783984: daddr:100932208
[  296.586370] AAAAA-TCP_FORW: name:enp0s8: saddr:100932208: daddr:16783984
[  296.588698] AAAAA-TCP_FORW: name:enp0s3: saddr:16783984: daddr:100932208
[  296.679411] AAAAA-TCP_FORW: name:enp0s8: saddr:100932208: daddr:16783984
[  296.681649] AAAAA-TCP_FORW: name:enp0s3: saddr:16783984: daddr:100932208
[  296.821478] AAAAA-TCP_FORW: name:enp0s8: saddr:100932208: daddr:16783984
[  296.823702] AAAAA-TCP_FORW: name:enp0s3: saddr:16783984: daddr:100932208
[  296.896821] AAAAA-TCP_FORW: name:enp0s8: saddr:100932208: daddr:16783984
[  296.900843] AAAAA-TCP_FORW: name:enp0s3: saddr:16783984: daddr:100932208
[  297.033578] AAAAA-TCP_FORW: name:enp0s8: saddr:100932208: daddr:16783984
[  297.035957] AAAAA-TCP_FORW: name:enp0s3: saddr:16783984: daddr:100932208
[  297.211579] AAAAA-TCP_FORW: name:enp0s8: saddr:100932208: daddr:16783984
[  297.212691] AAAAA-TCP_FORW: name:enp0s3: saddr:16783984: daddr:100932208
[  297.372573] AAAAA-TCP_FORW: name:enp0s8: saddr:100932208: daddr:16783984
[  297.373524] AAAAA-TCP_FORW: name:enp0s3: saddr:16783984: daddr:100932208
[  297.485624] AAAAA-TCP_FORW: name:enp0s8: saddr:100932208: daddr:16783984
[  297.486613] AAAAA-TCP_FORW: name:enp0s3: saddr:16783984: daddr:100932208
[  297.544906] AAAAA-TCP_FORW: name:enp0s8: saddr:100932208: daddr:16783984
[  297.546000] AAAAA-TCP_FORW: name:enp0s3: saddr:16783984: daddr:100932208
[  297.618296] AAAAA-TCP_FORW: name:enp0s8: saddr:100932208: daddr:16783984
[  297.619402] AAAAA-TCP_FORW: name:enp0s3: saddr:16783984: daddr:100932208
[  297.738020] AAAAA-TCP_FORW: name:enp0s8: saddr:100932208: daddr:16783984
[  297.739323] AAAAA-TCP_FORW: name:enp0s3: saddr:16783984: daddr:100932208
[  297.831839] AAAAA-TCP_FORW: name:enp0s8: saddr:100932208: daddr:16783984
[  297.832956] AAAAA-TCP_FORW: name:enp0s3: saddr:16783984: daddr:100932208
[  297.911968] AAAAA-TCP_FORW: name:enp0s8: saddr:100932208: daddr:16783984
[  297.913279] AAAAA-TCP_FORW: name:enp0s3: saddr:16783984: daddr:100932208
[  298.009884] AAAAA-TCP_FORW: name:enp0s8: saddr:100932208: daddr:16783984
[  298.010914] AAAAA-TCP_FORW: name:enp0s3: saddr:16783984: daddr:100932208
[  298.106342] AAAAA-TCP_FORW: name:enp0s8: saddr:100932208: daddr:16783984
[  298.107383] AAAAA-TCP_FORW: name:enp0s3: saddr:16783984: daddr:100932208
[  298.208367] AAAAA-TCP_FORW: name:enp0s8: saddr:100932208: daddr:16783984
[  298.209851] AAAAA-TCP_FORW: name:enp0s3: saddr:16783984: daddr:100932208
[  298.277814] AAAAA-TCP_FORW: name:enp0s8: saddr:100932208: daddr:16783984
[  298.278934] AAAAA-TCP_FORW: name:enp0s3: saddr:16783984: daddr:100932208
[  298.323411] AAAAA-TCP_FORW: name:enp0s8: saddr:100932208: daddr:16783984
[  298.324473] AAAAA-TCP_FORW: name:enp0s3: saddr:16783984: daddr:100932208
[  298.387449] AAAAA-TCP_FORW: name:enp0s8: saddr:100932208: daddr:16783984
[  298.388530] AAAAA-TCP_FORW: name:enp0s3: saddr:16783984: daddr:100932208
[  298.449223] AAAAA-TCP_FORW: name:enp0s8: saddr:100932208: daddr:16783984
[  298.450266] AAAAA-TCP_FORW: name:enp0s3: saddr:16783984: daddr:100932208
[  298.595452] AAAAA-TCP_FORW: name:enp0s8: saddr:100932208: daddr:16783984
[  298.596524] AAAAA-TCP_FORW: name:enp0s3: saddr:16783984: daddr:100932208
[  298.700055] AAAAA-TCP_FORW: name:enp0s8: saddr:100932208: daddr:16783984
[  298.701411] AAAAA-TCP_FORW: name:enp0s3: saddr:16783984: daddr:100932208
[  298.744500] AAAAA-TCP_FORW: name:enp0s8: saddr:100932208: daddr:16783984
[  298.745531] AAAAA-TCP_FORW: name:enp0s3: saddr:16783984: daddr:100932208
[  298.865125] AAAAA-TCP_FORW: name:enp0s8: saddr:100932208: daddr:16783984
[  298.866468] AAAAA-TCP_FORW: name:enp0s3: saddr:16783984: daddr:100932208
[  298.993278] AAAAA-TCP_FORW: name:enp0s8: saddr:100932208: daddr:33561200
[  298.994523] AAAAA-TCP_FORW: name:enp0s3: saddr:33561200: daddr:100932208
[  299.034345] AAAAA-TCP_FORW: name:enp0s8: saddr:100932208: daddr:16783984
[  299.035661] AAAAA-TCP_FORW: name:enp0s3: saddr:16783984: daddr:100932208
[  299.073203] AAAAA-TCP_FORW: name:enp0s8: saddr:100932208: daddr:16783984
[  299.074381] AAAAA-TCP_FORW: name:enp0s3: saddr:16783984: daddr:100932208
[  299.176991] AAAAA-TCP_FORW: name:enp0s8: saddr:100932208: daddr:16783984
[  299.178199] AAAAA-TCP_FORW: name:enp0s3: saddr:16783984: daddr:100932208
[  299.196895] AAAAA-TCP_FORW: name:enp0s8: saddr:100932208: daddr:16783984
[  299.198094] AAAAA-TCP_FORW: name:enp0s3: saddr:16783984: daddr:100932208
[  299.360531] AAAAA-TCP_FORW: name:enp0s8: saddr:100932208: daddr:16783984
[  299.361542] AAAAA-TCP_FORW: name:enp0s3: saddr:16783984: daddr:100932208
[  299.445644] AAAAA-TCP_FORW: name:enp0s8: saddr:100932208: daddr:16783984
[  299.446680] AAAAA-TCP_FORW: name:enp0s3: saddr:16783984: daddr:100932208
[  299.496460] AAAAA-TCP_FORW: name:enp0s8: saddr:100932208: daddr:16783984
[  299.497450] AAAAA-TCP_FORW: name:enp0s3: saddr:16783984: daddr:100932208
[  299.620681] AAAAA-TCP_FORW: name:enp0s8: saddr:100932208: daddr:16783984
[  299.622001] AAAAA-TCP_FORW: name:enp0s3: saddr:16783984: daddr:100932208
[  299.673041] AAAAA-TCP_FORW: name:enp0s8: saddr:100932208: daddr:16783984
[  299.674377] AAAAA-TCP_FORW: name:enp0s3: saddr:16783984: daddr:100932208
[  299.738575] AAAAA-TCP_FORW: name:enp0s8: saddr:100932208: daddr:16783984
[  299.739872] AAAAA-TCP_FORW: name:enp0s3: saddr:16783984: daddr:100932208
[  299.798515] AAAAA-TCP_FORW: name:enp0s8: saddr:100932208: daddr:16783984
[  299.799751] AAAAA-TCP_FORW: name:enp0s3: saddr:16783984: daddr:100932208
[  299.904201] AAAAA-TCP_FORW: name:enp0s8: saddr:100932208: daddr:16783984
[  299.905356] AAAAA-TCP_FORW: name:enp0s3: saddr:16783984: daddr:100932208
[  299.976704] AAAAA-TCP_FORW: name:enp0s8: saddr:100932208: daddr:16783984
[  299.977950] AAAAA-TCP_FORW: name:enp0s3: saddr:16783984: daddr:100932208
[  300.326870] AAAAA-TCP_FORW: name:enp0s8: saddr:100932208: daddr:33561200
[  300.328169] AAAAA-TCP_FORW: name:enp0s3: saddr:33561200: daddr:100932208
[  323.873272] AAAAA-TCP_FORW: name:enp0s8: saddr:100932208: daddr:16783984
[  323.874047] AAAAA-TCP_FORW: name:enp0s3: saddr:16783984: daddr:100932208
[  323.995796] AAAAA-TCP_FORW: name:enp0s8: saddr:100932208: daddr:16783984
[  323.996655] AAAAA-TCP_FORW: name:enp0s3: saddr:16783984: daddr:100932208
[  324.055851] AAAAA-TCP_FORW: name:enp0s8: saddr:100932208: daddr:16783984
[  324.056662] AAAAA-TCP_FORW: name:enp0s3: saddr:16783984: daddr:100932208
[  324.211819] AAAAA-TCP_FORW: name:enp0s8: saddr:100932208: daddr:16783984
[  324.212789] AAAAA-TCP_FORW: name:enp0s3: saddr:16783984: daddr:100932208
[  324.295497] AAAAA-TCP_FORW: name:enp0s8: saddr:100932208: daddr:16783984
[  324.296351] AAAAA-TCP_FORW: name:enp0s3: saddr:16783984: daddr:100932208
[  324.368329] AAAAA-TCP_FORW: name:enp0s8: saddr:100932208: daddr:16783984
[  324.369159] AAAAA-TCP_FORW: name:enp0s3: saddr:16783984: daddr:100932208
[  324.506246] AAAAA-TCP_FORW: name:enp0s8: saddr:100932208: daddr:16783984
[  324.507089] AAAAA-TCP_FORW: name:enp0s3: saddr:16783984: daddr:100932208
[  324.595688] AAAAA-TCP_FORW: name:enp0s8: saddr:100932208: daddr:16783984
[  324.596401] AAAAA-TCP_FORW: name:enp0s3: saddr:16783984: daddr:100932208
[  324.694716] AAAAA-TCP_FORW: name:enp0s8: saddr:100932208: daddr:16783984
[  324.695698] AAAAA-TCP_FORW: name:enp0s3: saddr:16783984: daddr:100932208
[  324.768428] AAAAA-TCP_FORW: name:enp0s8: saddr:100932208: daddr:16783984
[  324.769382] AAAAA-TCP_FORW: name:enp0s3: saddr:16783984: daddr:100932208
[  324.841401] AAAAA-TCP_FORW: name:enp0s8: saddr:100932208: daddr:16783984
[  324.842231] AAAAA-TCP_FORW: name:enp0s3: saddr:16783984: daddr:100932208
[  325.054204] AAAAA-TCP_FORW: name:enp0s8: saddr:100932208: daddr:16783984
[  325.055314] AAAAA-TCP_FORW: name:enp0s3: saddr:16783984: daddr:100932208
[  325.091583] AAAAA-TCP_FORW: name:enp0s8: saddr:100932208: daddr:16783984
[  325.092343] AAAAA-TCP_FORW: name:enp0s3: saddr:16783984: daddr:100932208
[  325.196735] AAAAA-TCP_FORW: name:enp0s8: saddr:100932208: daddr:16783984
[  325.197689] AAAAA-TCP_FORW: name:enp0s3: saddr:16783984: daddr:100932208
[  325.254118] AAAAA-TCP_FORW: name:enp0s8: saddr:100932208: daddr:16783984
[  325.254883] AAAAA-TCP_FORW: name:enp0s3: saddr:16783984: daddr:100932208
[  325.363075] AAAAA-TCP_FORW: name:enp0s8: saddr:100932208: daddr:16783984
[  325.363930] AAAAA-TCP_FORW: name:enp0s3: saddr:16783984: daddr:100932208
[  325.660062] AAAAA-TCP_FORW: name:enp0s8: saddr:100932208: daddr:16783984
[  325.661227] AAAAA-TCP_FORW: name:enp0s3: saddr:16783984: daddr:100932208
[  325.794946] AAAAA-TCP_FORW: name:enp0s8: saddr:100932208: daddr:16783984
[  325.795882] AAAAA-TCP_FORW: name:enp0s3: saddr:16783984: daddr:100932208
[  325.920358] AAAAA-TCP_FORW: name:enp0s8: saddr:100932208: daddr:16783984
[  325.921638] AAAAA-TCP_FORW: name:enp0s3: saddr:16783984: daddr:100932208
[  326.002676] AAAAA-TCP_FORW: name:enp0s8: saddr:100932208: daddr:16783984
[  326.003717] AAAAA-TCP_FORW: name:enp0s3: saddr:16783984: daddr:100932208
[  326.115543] AAAAA-TCP_FORW: name:enp0s8: saddr:100932208: daddr:16783984
[  326.117046] AAAAA-TCP_FORW: name:enp0s3: saddr:16783984: daddr:100932208
[  326.198041] AAAAA-TCP_FORW: name:enp0s8: saddr:100932208: daddr:16783984
[  326.199071] AAAAA-TCP_FORW: name:enp0s3: saddr:16783984: daddr:100932208
[  326.311083] AAAAA-TCP_FORW: name:enp0s8: saddr:100932208: daddr:16783984
[  326.312077] AAAAA-TCP_FORW: name:enp0s3: saddr:16783984: daddr:100932208
[  326.409653] AAAAA-TCP_FORW: name:enp0s8: saddr:100932208: daddr:33561200
[  326.410623] AAAAA-TCP_FORW: name:enp0s3: saddr:33561200: daddr:100932208
[  326.696845] AAAAA-TCP_FORW: name:enp0s8: saddr:100932208: daddr:33561200
[  326.697763] AAAAA-TCP_FORW: name:enp0s3: saddr:33561200: daddr:100932208
[  329.490396] AAAAA-TCP_FORW: name:enp0s8: saddr:100932208: daddr:16783984
[  329.491339] AAAAA-TCP_FORW: name:enp0s3: saddr:16783984: daddr:100932208
[  329.677728] AAAAA-TCP_FORW: name:enp0s8: saddr:100932208: daddr:16783984
[  329.678750] AAAAA-TCP_FORW: name:enp0s3: saddr:16783984: daddr:100932208
[  329.921532] AAAAA-TCP_FORW: name:enp0s8: saddr:100932208: daddr:16783984
[  329.922571] AAAAA-TCP_FORW: name:enp0s3: saddr:16783984: daddr:100932208
[  330.000002] AAAAA-TCP_FORW: name:enp0s8: saddr:100932208: daddr:16783984
[  330.001193] AAAAA-TCP_FORW: name:enp0s3: saddr:16783984: daddr:100932208
[  330.110285] AAAAA-TCP_FORW: name:enp0s8: saddr:100932208: daddr:16783984
[  330.111151] AAAAA-TCP_FORW: name:enp0s3: saddr:16783984: daddr:100932208
[  330.325654] AAAAA-TCP_FORW: name:enp0s8: saddr:100932208: daddr:16783984
[  330.326678] AAAAA-TCP_FORW: name:enp0s3: saddr:16783984: daddr:100932208
[  330.536821] AAAAA-TCP_FORW: name:enp0s8: saddr:100932208: daddr:16783984
[  330.537849] AAAAA-TCP_FORW: name:enp0s3: saddr:16783984: daddr:100932208
[  330.742651] AAAAA-TCP_FORW: name:enp0s8: saddr:100932208: daddr:16783984
[  330.743637] AAAAA-TCP_FORW: name:enp0s3: saddr:16783984: daddr:100932208
[  330.865999] AAAAA-TCP_FORW: name:enp0s8: saddr:100932208: daddr:16783984
[  330.867222] AAAAA-TCP_FORW: name:enp0s3: saddr:16783984: daddr:100932208
[  330.950191] AAAAA-TCP_FORW: name:enp0s8: saddr:100932208: daddr:16783984
[  330.951122] AAAAA-TCP_FORW: name:enp0s3: saddr:16783984: daddr:100932208
[  331.054103] AAAAA-TCP_FORW: name:enp0s8: saddr:100932208: daddr:16783984
[  331.054958] AAAAA-TCP_FORW: name:enp0s3: saddr:16783984: daddr:100932208
[  331.142069] AAAAA-TCP_FORW: name:enp0s8: saddr:100932208: daddr:16783984
[  331.143085] AAAAA-TCP_FORW: name:enp0s3: saddr:16783984: daddr:100932208
[  331.276294] AAAAA-TCP_FORW: name:enp0s8: saddr:100932208: daddr:16783984
[  331.277264] AAAAA-TCP_FORW: name:enp0s3: saddr:16783984: daddr:100932208
[  331.364203] AAAAA-TCP_FORW: name:enp0s8: saddr:100932208: daddr:16783984
[  331.365565] AAAAA-TCP_FORW: name:enp0s3: saddr:16783984: daddr:100932208
[  331.466155] AAAAA-TCP_FORW: name:enp0s8: saddr:100932208: daddr:16783984
[  331.467064] AAAAA-TCP_FORW: name:enp0s3: saddr:16783984: daddr:100932208
[  331.558261] AAAAA-TCP_FORW: name:enp0s8: saddr:100932208: daddr:16783984
[  331.559203] AAAAA-TCP_FORW: name:enp0s3: saddr:16783984: daddr:100932208
[  331.672285] AAAAA-TCP_FORW: name:enp0s8: saddr:100932208: daddr:16783984
[  331.673176] AAAAA-TCP_FORW: name:enp0s3: saddr:16783984: daddr:100932208
[  331.749758] AAAAA-TCP_FORW: name:enp0s8: saddr:100932208: daddr:16783984
[  331.750556] AAAAA-TCP_FORW: name:enp0s3: saddr:16783984: daddr:100932208
[  331.865386] AAAAA-TCP_FORW: name:enp0s8: saddr:100932208: daddr:16783984
[  331.866343] AAAAA-TCP_FORW: name:enp0s3: saddr:16783984: daddr:100932208
[  331.933241] AAAAA-TCP_FORW: name:enp0s8: saddr:100932208: daddr:16783984
[  331.934660] AAAAA-TCP_FORW: name:enp0s3: saddr:16783984: daddr:100932208
[  332.059116] AAAAA-TCP_FORW: name:enp0s8: saddr:100932208: daddr:16783984
[  332.060083] AAAAA-TCP_FORW: name:enp0s3: saddr:16783984: daddr:100932208
[  332.093503] AAAAA-TCP_FORW: name:enp0s8: saddr:100932208: daddr:16783984
[  332.094649] AAAAA-TCP_FORW: name:enp0s3: saddr:16783984: daddr:100932208
[  332.243296] AAAAA-TCP_FORW: name:enp0s8: saddr:100932208: daddr:16783984
[  332.244422] AAAAA-TCP_FORW: name:enp0s3: saddr:16783984: daddr:100932208
[  332.377349] AAAAA-TCP_FORW: name:enp0s8: saddr:100932208: daddr:16783984
[  332.378387] AAAAA-TCP_FORW: name:enp0s3: saddr:16783984: daddr:100932208
[  332.507007] AAAAA-TCP_FORW: name:enp0s8: saddr:100932208: daddr:16783984
[  332.508017] AAAAA-TCP_FORW: name:enp0s3: saddr:16783984: daddr:100932208
[  332.735900] AAAAA-TCP_FORW: name:enp0s8: saddr:100932208: daddr:16783984
[  332.736812] AAAAA-TCP_FORW: name:enp0s3: saddr:16783984: daddr:100932208
[  333.080875] AAAAA-TCP_FORW: name:enp0s8: saddr:100932208: daddr:16783984
[  333.082272] AAAAA-TCP_FORW: name:enp0s3: saddr:16783984: daddr:100932208
[  333.281237] AAAAA-TCP_FORW: name:enp0s8: saddr:100932208: daddr:16783984
[  333.282991] AAAAA-TCP_FORW: name:enp0s3: saddr:16783984: daddr:100932208
[  333.314384] AAAAA-TCP_FORW: name:enp0s8: saddr:100932208: daddr:16783984
[  333.315435] AAAAA-TCP_FORW: name:enp0s3: saddr:16783984: daddr:100932208
[  333.533859] AAAAA-TCP_FORW: name:enp0s8: saddr:100932208: daddr:33561200
[  333.534905] AAAAA-TCP_FORW: name:enp0s3: saddr:33561200: daddr:100932208
[  333.551278] AAAAA-TCP_FORW: name:enp0s8: saddr:100932208: daddr:16783984
[  333.552131] AAAAA-TCP_FORW: name:enp0s3: saddr:16783984: daddr:100932208
[  333.680691] AAAAA-TCP_FORW: name:enp0s8: saddr:100932208: daddr:16783984
[  333.681593] AAAAA-TCP_FORW: name:enp0s3: saddr:16783984: daddr:100932208
[  333.712095] AAAAA-TCP_FORW: name:enp0s8: saddr:100932208: daddr:16783984
[  333.713031] AAAAA-TCP_FORW: name:enp0s3: saddr:16783984: daddr:100932208
[  333.782675] AAAAA-TCP_FORW: name:enp0s8: saddr:100932208: daddr:16783984
[  333.783771] AAAAA-TCP_FORW: name:enp0s3: saddr:16783984: daddr:100932208
[  334.003291] AAAAA-TCP_FORW: name:enp0s8: saddr:100932208: daddr:16783984
[  334.004402] AAAAA-TCP_FORW: name:enp0s3: saddr:16783984: daddr:100932208
[  334.045653] AAAAA-TCP_FORW: name:enp0s8: saddr:100932208: daddr:16783984
[  334.046489] AAAAA-TCP_FORW: name:enp0s3: saddr:16783984: daddr:100932208
[  334.209390] AAAAA-TCP_FORW: name:enp0s8: saddr:100932208: daddr:16783984
[  334.210509] AAAAA-TCP_FORW: name:enp0s3: saddr:16783984: daddr:100932208
[  334.468044] AAAAA-TCP_FORW: name:enp0s8: saddr:100932208: daddr:16783984
[  334.469160] AAAAA-TCP_FORW: name:enp0s3: saddr:16783984: daddr:100932208
[  334.615893] AAAAA-TCP_FORW: name:enp0s8: saddr:100932208: daddr:16783984
[  334.616975] AAAAA-TCP_FORW: name:enp0s3: saddr:16783984: daddr:100932208
[  334.664308] AAAAA-TCP_FORW: name:enp0s8: saddr:100932208: daddr:16783984
[  334.665389] AAAAA-TCP_FORW: name:enp0s3: saddr:16783984: daddr:100932208
[  334.727444] AAAAA-TCP_FORW: name:enp0s8: saddr:100932208: daddr:16783984
[  334.728275] AAAAA-TCP_FORW: name:enp0s3: saddr:16783984: daddr:100932208
[  334.874202] AAAAA-TCP_FORW: name:enp0s8: saddr:100932208: daddr:16783984
[  334.875135] AAAAA-TCP_FORW: name:enp0s3: saddr:16783984: daddr:100932208
[  334.895331] AAAAA-TCP_FORW: name:enp0s8: saddr:100932208: daddr:16783984
[  334.896197] AAAAA-TCP_FORW: name:enp0s3: saddr:16783984: daddr:100932208
[  334.960944] AAAAA-TCP_FORW: name:enp0s8: saddr:100932208: daddr:16783984
[  334.961973] AAAAA-TCP_FORW: name:enp0s3: saddr:16783984: daddr:100932208
[  334.984421] AAAAA-TCP_FORW: name:enp0s8: saddr:100932208: daddr:16783984
[  334.985422] AAAAA-TCP_FORW: name:enp0s3: saddr:16783984: daddr:100932208
[  335.185377] AAAAA-TCP_FORW: name:enp0s8: saddr:100932208: daddr:16783984
[  335.186619] AAAAA-TCP_FORW: name:enp0s3: saddr:16783984: daddr:100932208
[  335.368938] AAAAA-TCP_FORW: name:enp0s8: saddr:100932208: daddr:16783984
[  335.370047] AAAAA-TCP_FORW: name:enp0s3: saddr:16783984: daddr:100932208
[  335.463278] AAAAA-TCP_FORW: name:enp0s8: saddr:100932208: daddr:33561200
[  335.464187] AAAAA-TCP_FORW: name:enp0s3: saddr:33561200: daddr:100932208
[  335.474073] AAAAA-TCP_FORW: name:enp0s8: saddr:100932208: daddr:16783984
[  335.474946] AAAAA-TCP_FORW: name:enp0s3: saddr:16783984: daddr:100932208
[  335.826478] AAAAA-TCP_FORW: name:enp0s8: saddr:100932208: daddr:16783984
[  335.827380] AAAAA-TCP_FORW: name:enp0s3: saddr:16783984: daddr:100932208
[  336.050624] AAAAA-TCP_FORW: name:enp0s8: saddr:100932208: daddr:16783984
[  336.051652] AAAAA-TCP_FORW: name:enp0s3: saddr:16783984: daddr:100932208
[  336.111701] AAAAA-TCP_FORW: name:enp0s8: saddr:100932208: daddr:33561200
[  336.112650] AAAAA-TCP_FORW: name:enp0s3: saddr:33561200: daddr:100932208
[  336.225802] AAAAA-TCP_FORW: name:enp0s8: saddr:100932208: daddr:16783984
[  336.226692] AAAAA-TCP_FORW: name:enp0s3: saddr:16783984: daddr:100932208
[  336.302559] AAAAA-TCP_FORW: name:enp0s8: saddr:100932208: daddr:16783984
[  336.303501] AAAAA-TCP_FORW: name:enp0s3: saddr:16783984: daddr:100932208
[  336.364416] AAAAA-TCP_FORW: name:enp0s8: saddr:100932208: daddr:16783984
[  336.365341] AAAAA-TCP_FORW: name:enp0s3: saddr:16783984: daddr:100932208
[  336.570897] AAAAA-TCP_FORW: name:enp0s8: saddr:100932208: daddr:16783984
[  336.571919] AAAAA-TCP_FORW: name:enp0s3: saddr:16783984: daddr:100932208
[  336.843938] AAAAA-TCP_FORW: name:enp0s8: saddr:100932208: daddr:16783984
[  336.844752] AAAAA-TCP_FORW: name:enp0s3: saddr:16783984: daddr:100932208
[  336.959248] AAAAA-TCP_FORW: name:enp0s8: saddr:100932208: daddr:16783984
[  336.960216] AAAAA-TCP_FORW: name:enp0s3: saddr:16783984: daddr:100932208
[  337.202886] AAAAA-TCP_FORW: name:enp0s8: saddr:100932208: daddr:16783984
[  337.203897] AAAAA-TCP_FORW: name:enp0s3: saddr:16783984: daddr:100932208
[  337.390352] AAAAA-TCP_FORW: name:enp0s8: saddr:100932208: daddr:16783984
[  337.391397] AAAAA-TCP_FORW: name:enp0s3: saddr:16783984: daddr:100932208
[  337.522072] AAAAA-TCP_FORW: name:enp0s8: saddr:100932208: daddr:16783984
[  337.523110] AAAAA-TCP_FORW: name:enp0s3: saddr:16783984: daddr:100932208
[  337.703045] AAAAA-TCP_FORW: name:enp0s8: saddr:100932208: daddr:16783984
[  337.703996] AAAAA-TCP_FORW: name:enp0s3: saddr:16783984: daddr:100932208
[  337.807742] AAAAA-TCP_FORW: name:enp0s8: saddr:100932208: daddr:16783984
[  337.808739] AAAAA-TCP_FORW: name:enp0s3: saddr:16783984: daddr:100932208
[  337.933217] AAAAA-TCP_FORW: name:enp0s8: saddr:100932208: daddr:16783984
[  337.934222] AAAAA-TCP_FORW: name:enp0s3: saddr:16783984: daddr:100932208
[  338.122309] AAAAA-TCP_FORW: name:enp0s8: saddr:100932208: daddr:16783984
[  338.123427] AAAAA-TCP_FORW: name:enp0s3: saddr:16783984: daddr:100932208
[  338.321906] AAAAA-TCP_FORW: name:enp0s8: saddr:100932208: daddr:16783984
[  338.322769] AAAAA-TCP_FORW: name:enp0s3: saddr:16783984: daddr:100932208
[  338.536153] AAAAA-TCP_FORW: name:enp0s8: saddr:100932208: daddr:16783984
[  338.537322] AAAAA-TCP_FORW: name:enp0s3: saddr:16783984: daddr:100932208
[  338.727791] AAAAA-TCP_FORW: name:enp0s8: saddr:100932208: daddr:16783984
[  338.728731] AAAAA-TCP_FORW: name:enp0s3: saddr:16783984: daddr:100932208
[  338.837266] AAAAA-TCP_FORW: name:enp0s8: saddr:100932208: daddr:16783984
[  338.838216] AAAAA-TCP_FORW: name:enp0s3: saddr:16783984: daddr:100932208
[  339.118647] AAAAA-TCP_FORW: name:enp0s8: saddr:100932208: daddr:16783984
[  339.119795] AAAAA-TCP_FORW: name:enp0s3: saddr:16783984: daddr:100932208
[  339.271132] AAAAA-TCP_FORW: name:enp0s8: saddr:100932208: daddr:16783984
[  339.272023] AAAAA-TCP_FORW: name:enp0s3: saddr:16783984: daddr:100932208
[  339.357362] AAAAA-TCP_FORW: name:enp0s8: saddr:100932208: daddr:16783984
[  339.358288] AAAAA-TCP_FORW: name:enp0s3: saddr:16783984: daddr:100932208
[  339.448610] AAAAA-TCP_FORW: name:enp0s8: saddr:100932208: daddr:16783984
[  339.449738] AAAAA-TCP_FORW: name:enp0s3: saddr:16783984: daddr:100932208
[  339.529220] AAAAA-TCP_FORW: name:enp0s8: saddr:100932208: daddr:16783984
[  339.530034] AAAAA-TCP_FORW: name:enp0s3: saddr:16783984: daddr:100932208
[  339.634614] AAAAA-TCP_FORW: name:enp0s8: saddr:100932208: daddr:16783984
[  339.635463] AAAAA-TCP_FORW: name:enp0s3: saddr:16783984: daddr:100932208
[  339.785617] AAAAA-TCP_FORW: name:enp0s8: saddr:100932208: daddr:16783984
[  339.786638] AAAAA-TCP_FORW: name:enp0s3: saddr:16783984: daddr:100932208
[  339.869900] AAAAA-TCP_FORW: name:enp0s8: saddr:100932208: daddr:16783984
[  339.870775] AAAAA-TCP_FORW: name:enp0s3: saddr:16783984: daddr:100932208
[  339.943883] AAAAA-TCP_FORW: name:enp0s8: saddr:100932208: daddr:16783984
[  339.944771] AAAAA-TCP_FORW: name:enp0s3: saddr:16783984: daddr:100932208
[  340.049986] AAAAA-TCP_FORW: name:enp0s8: saddr:100932208: daddr:16783984
[  340.051001] AAAAA-TCP_FORW: name:enp0s3: saddr:16783984: daddr:100932208
[  340.237753] AAAAA-TCP_FORW: name:enp0s8: saddr:100932208: daddr:16783984
[  340.238605] AAAAA-TCP_FORW: name:enp0s3: saddr:16783984: daddr:100932208
[  340.369992] AAAAA-TCP_FORW: name:enp0s8: saddr:100932208: daddr:16783984
[  340.370913] AAAAA-TCP_FORW: name:enp0s3: saddr:16783984: daddr:100932208
[  340.723527] AAAAA-TCP_FORW: name:enp0s8: saddr:100932208: daddr:16783984
[  340.724508] AAAAA-TCP_FORW: name:enp0s3: saddr:16783984: daddr:100932208
[  340.847299] AAAAA-TCP_FORW: name:enp0s8: saddr:100932208: daddr:16783984
[  340.848470] AAAAA-TCP_FORW: name:enp0s3: saddr:16783984: daddr:100932208
[  340.995507] AAAAA-TCP_FORW: name:enp0s8: saddr:100932208: daddr:16783984
[  340.996440] AAAAA-TCP_FORW: name:enp0s3: saddr:16783984: daddr:100932208
[  341.103114] AAAAA-TCP_FORW: name:enp0s8: saddr:100932208: daddr:16783984
[  341.104241] AAAAA-TCP_FORW: name:enp0s3: saddr:16783984: daddr:100932208
[  341.226040] AAAAA-TCP_FORW: name:enp0s8: saddr:100932208: daddr:16783984
[  341.227037] AAAAA-TCP_FORW: name:enp0s3: saddr:16783984: daddr:100932208
[  341.342855] AAAAA-TCP_FORW: name:enp0s8: saddr:100932208: daddr:33561200
[  341.343824] AAAAA-TCP_FORW: name:enp0s3: saddr:33561200: daddr:100932208
[  341.447028] AAAAA-TCP_FORW: name:enp0s8: saddr:100932208: daddr:16783984
[  341.448051] AAAAA-TCP_FORW: name:enp0s3: saddr:16783984: daddr:100932208
[  341.566263] AAAAA-TCP_FORW: name:enp0s8: saddr:100932208: daddr:33561200
[  341.567192] AAAAA-TCP_FORW: name:enp0s3: saddr:33561200: daddr:100932208
[  341.692350] AAAAA-TCP_FORW: name:enp0s8: saddr:100932208: daddr:16783984
[  341.733867] AAAAA-TCP_FORW: name:enp0s3: saddr:16783984: daddr:100932208
[  341.825528] AAAAA-TCP_FORW: name:enp0s8: saddr:100932208: daddr:16783984
[  341.900229] AAAAA-TCP_FORW: name:enp0s8: saddr:100932208: daddr:16783984
[  341.901206] AAAAA-TCP_FORW: name:enp0s3: saddr:16783984: daddr:100932208
[  341.999506] AAAAA-TCP_FORW: name:enp0s8: saddr:100932208: daddr:33561200
[  342.000512] AAAAA-TCP_FORW: name:enp0s3: saddr:33561200: daddr:100932208
[  342.108983] AAAAA-TCP_FORW: name:enp0s8: saddr:100932208: daddr:33561200
[  342.109938] AAAAA-TCP_FORW: name:enp0s3: saddr:33561200: daddr:100932208
[  342.227028] AAAAA-TCP_FORW: name:enp0s8: saddr:100932208: daddr:16783984
[  342.291431] AAAAA-TCP_FORW: name:enp0s8: saddr:100932208: daddr:16783984
[  342.341811] AAAAA-TCP_FORW: name:enp0s3: saddr:16783984: daddr:100932208
[  342.366727] AAAAA-TCP_FORW: name:enp0s8: saddr:100932208: daddr:16783984
[  342.367634] AAAAA-TCP_FORW: name:enp0s3: saddr:16783984: daddr:100932208
[  342.450528] AAAAA-TCP_FORW: name:enp0s8: saddr:100932208: daddr:16783984
[  342.451339] AAAAA-TCP_FORW: name:enp0s3: saddr:16783984: daddr:100932208
[  342.635950] AAAAA-TCP_FORW: name:enp0s8: saddr:100932208: daddr:16783984
[  342.636908] AAAAA-TCP_FORW: name:enp0s3: saddr:16783984: daddr:100932208
[  342.743046] AAAAA-TCP_FORW: name:enp0s8: saddr:100932208: daddr:16783984
[  342.745100] AAAAA-TCP_FORW: name:enp0s3: saddr:16783984: daddr:100932208
[  342.877414] AAAAA-TCP_FORW: name:enp0s8: saddr:100932208: daddr:16783984
[  342.883720] AAAAA-TCP_FORW: name:enp0s3: saddr:16783984: daddr:100932208
[  343.040550] AAAAA-TCP_FORW: name:enp0s8: saddr:100932208: daddr:16783984
[  343.043089] AAAAA-TCP_FORW: name:enp0s3: saddr:16783984: daddr:100932208
[  343.127659] AAAAA-TCP_FORW: name:enp0s8: saddr:100932208: daddr:16783984
[  343.130351] AAAAA-TCP_FORW: name:enp0s3: saddr:16783984: daddr:100932208
[  343.297480] AAAAA-TCP_FORW: name:enp0s8: saddr:100932208: daddr:16783984
[  343.300268] AAAAA-TCP_FORW: name:enp0s3: saddr:16783984: daddr:100932208
[  343.437546] AAAAA-TCP_FORW: name:enp0s8: saddr:100932208: daddr:16783984
[  343.439632] AAAAA-TCP_FORW: name:enp0s3: saddr:16783984: daddr:100932208
[  343.501094] AAAAA-TCP_FORW: name:enp0s8: saddr:100932208: daddr:16783984
[  343.503445] AAAAA-TCP_FORW: name:enp0s3: saddr:16783984: daddr:100932208
[  343.630334] AAAAA-TCP_FORW: name:enp0s8: saddr:100932208: daddr:16783984
[  343.632429] AAAAA-TCP_FORW: name:enp0s3: saddr:16783984: daddr:100932208
[  343.784074] AAAAA-TCP_FORW: name:enp0s8: saddr:100932208: daddr:16783984
[  343.786269] AAAAA-TCP_FORW: name:enp0s3: saddr:16783984: daddr:100932208
[  344.021654] AAAAA-TCP_FORW: name:enp0s8: saddr:100932208: daddr:16783984
[  344.024084] AAAAA-TCP_FORW: name:enp0s3: saddr:16783984: daddr:100932208
[  344.150014] AAAAA-TCP_FORW: name:enp0s8: saddr:100932208: daddr:16783984
[  344.152231] AAAAA-TCP_FORW: name:enp0s3: saddr:16783984: daddr:100932208
[  344.267890] AAAAA-TCP_FORW: name:enp0s8: saddr:100932208: daddr:16783984
[  344.279456] AAAAA-TCP_FORW: name:enp0s3: saddr:16783984: daddr:100932208
[  344.378064] AAAAA-TCP_FORW: name:enp0s8: saddr:100932208: daddr:16783984
[  344.379989] AAAAA-TCP_FORW: name:enp0s3: saddr:16783984: daddr:100932208
[  344.501501] AAAAA-TCP_FORW: name:enp0s8: saddr:100932208: daddr:16783984
[  344.503748] AAAAA-TCP_FORW: name:enp0s3: saddr:16783984: daddr:100932208
[  344.607780] AAAAA-TCP_FORW: name:enp0s8: saddr:100932208: daddr:16783984
[  344.609765] AAAAA-TCP_FORW: name:enp0s3: saddr:16783984: daddr:100932208
[  344.727901] AAAAA-TCP_FORW: name:enp0s8: saddr:100932208: daddr:16783984
[  344.730066] AAAAA-TCP_FORW: name:enp0s3: saddr:16783984: daddr:100932208
[  344.866139] AAAAA-TCP_FORW: name:enp0s8: saddr:100932208: daddr:16783984
[  344.868111] AAAAA-TCP_FORW: name:enp0s3: saddr:16783984: daddr:100932208
[  344.962994] AAAAA-TCP_FORW: name:enp0s8: saddr:100932208: daddr:16783984
[  344.965283] AAAAA-TCP_FORW: name:enp0s3: saddr:16783984: daddr:100932208
[  345.091913] AAAAA-TCP_FORW: name:enp0s8: saddr:100932208: daddr:16783984
[  345.094533] AAAAA-TCP_FORW: name:enp0s3: saddr:16783984: daddr:100932208
[  345.230753] AAAAA-TCP_FORW: name:enp0s8: saddr:100932208: daddr:16783984
[  345.232864] AAAAA-TCP_FORW: name:enp0s3: saddr:16783984: daddr:100932208
[  345.322228] AAAAA-TCP_FORW: name:enp0s8: saddr:100932208: daddr:16783984
[  345.324164] AAAAA-TCP_FORW: name:enp0s3: saddr:16783984: daddr:100932208
[  345.408856] AAAAA-TCP_FORW: name:enp0s8: saddr:100932208: daddr:16783984
[  345.411301] AAAAA-TCP_FORW: name:enp0s3: saddr:16783984: daddr:100932208
[  345.486097] AAAAA-TCP_FORW: name:enp0s8: saddr:100932208: daddr:16783984
[  345.491736] AAAAA-TCP_FORW: name:enp0s3: saddr:16783984: daddr:100932208
[  345.583592] AAAAA-TCP_FORW: name:enp0s8: saddr:100932208: daddr:16783984
[  345.610577] AAAAA-TCP_FORW: name:enp0s3: saddr:16783984: daddr:100932208
[  345.698732] AAAAA-TCP_FORW: name:enp0s8: saddr:100932208: daddr:16783984
[  345.701006] AAAAA-TCP_FORW: name:enp0s3: saddr:16783984: daddr:100932208
[  345.875396] AAAAA-TCP_FORW: name:enp0s8: saddr:100932208: daddr:16783984
[  345.877656] AAAAA-TCP_FORW: name:enp0s3: saddr:16783984: daddr:100932208
[  346.009585] AAAAA-TCP_FORW: name:enp0s8: saddr:100932208: daddr:16783984
[  346.011665] AAAAA-TCP_FORW: name:enp0s3: saddr:16783984: daddr:100932208
[  346.114306] AAAAA-TCP_FORW: name:enp0s8: saddr:100932208: daddr:16783984
[  346.116624] AAAAA-TCP_FORW: name:enp0s3: saddr:16783984: daddr:100932208
[  346.214803] AAAAA-TCP_FORW: name:enp0s8: saddr:100932208: daddr:16783984
[  346.216995] AAAAA-TCP_FORW: name:enp0s3: saddr:16783984: daddr:100932208
[  346.337361] AAAAA-TCP_FORW: name:enp0s8: saddr:100932208: daddr:33561200
[  346.338281] AAAAA-TCP_FORW: name:enp0s3: saddr:33561200: daddr:100932208
[  346.395777] AAAAA-TCP_FORW: name:enp0s8: saddr:100932208: daddr:16783984
[  346.397801] AAAAA-TCP_FORW: name:enp0s3: saddr:16783984: daddr:100932208
[  346.482157] AAAAA-TCP_FORW: name:enp0s8: saddr:100932208: daddr:16783984
[  346.484616] AAAAA-TCP_FORW: name:enp0s3: saddr:16783984: daddr:100932208
[  346.567287] AAAAA-TCP_FORW: name:enp0s8: saddr:100932208: daddr:16783984
[  346.568477] AAAAA-TCP_FORW: name:enp0s3: saddr:16783984: daddr:100932208
[  346.854310] AAAAA-TCP_FORW: name:enp0s8: saddr:100932208: daddr:16783984
[  346.855481] AAAAA-TCP_FORW: name:enp0s3: saddr:16783984: daddr:100932208
[  347.031755] AAAAA-TCP_FORW: name:enp0s8: saddr:100932208: daddr:16783984
[  347.032850] AAAAA-TCP_FORW: name:enp0s3: saddr:16783984: daddr:100932208
[  347.210173] AAAAA-TCP_FORW: name:enp0s8: saddr:100932208: daddr:16783984
[  347.211079] AAAAA-TCP_FORW: name:enp0s3: saddr:16783984: daddr:100932208
[  347.403417] AAAAA-TCP_FORW: name:enp0s8: saddr:100932208: daddr:16783984
[  347.404551] AAAAA-TCP_FORW: name:enp0s3: saddr:16783984: daddr:100932208
[  347.627249] AAAAA-TCP_FORW: name:enp0s8: saddr:100932208: daddr:16783984
[  347.628189] AAAAA-TCP_FORW: name:enp0s3: saddr:16783984: daddr:100932208
[  347.978697] AAAAA-TCP_FORW: name:enp0s8: saddr:100932208: daddr:16783984
[  347.979653] AAAAA-TCP_FORW: name:enp0s3: saddr:16783984: daddr:100932208
[  348.107401] AAAAA-TCP_FORW: name:enp0s8: saddr:100932208: daddr:16783984
[  348.108435] AAAAA-TCP_FORW: name:enp0s3: saddr:16783984: daddr:100932208
[  348.240732] AAAAA-TCP_FORW: name:enp0s8: saddr:100932208: daddr:16783984
[  348.241698] AAAAA-TCP_FORW: name:enp0s3: saddr:16783984: daddr:100932208
[  348.354098] AAAAA-TCP_FORW: name:enp0s8: saddr:100932208: daddr:16783984
[  348.355699] AAAAA-TCP_FORW: name:enp0s3: saddr:16783984: daddr:100932208
[  348.527023] AAAAA-TCP_FORW: name:enp0s8: saddr:100932208: daddr:16783984
[  348.528207] AAAAA-TCP_FORW: name:enp0s3: saddr:16783984: daddr:100932208
[  348.618474] AAAAA-TCP_FORW: name:enp0s8: saddr:100932208: daddr:16783984
[  348.619617] AAAAA-TCP_FORW: name:enp0s3: saddr:16783984: daddr:100932208
[  348.757229] AAAAA-TCP_FORW: name:enp0s8: saddr:100932208: daddr:16783984
[  348.758262] AAAAA-TCP_FORW: name:enp0s3: saddr:16783984: daddr:100932208
[  348.907829] AAAAA-TCP_FORW: name:enp0s8: saddr:100932208: daddr:16783984
[  348.908701] AAAAA-TCP_FORW: name:enp0s3: saddr:16783984: daddr:100932208
[  349.003641] AAAAA-TCP_FORW: name:enp0s8: saddr:100932208: daddr:33561200
[  349.004856] AAAAA-TCP_FORW: name:enp0s3: saddr:33561200: daddr:100932208
[  349.098204] AAAAA-TCP_FORW: name:enp0s8: saddr:100932208: daddr:33561200
[  349.099264] AAAAA-TCP_FORW: name:enp0s3: saddr:33561200: daddr:100932208
[  349.354341] AAAAA-TCP_FORW: name:enp0s8: saddr:100932208: daddr:16783984
[  349.355599] AAAAA-TCP_FORW: name:enp0s3: saddr:16783984: daddr:100932208
[  349.518224] AAAAA-TCP_FORW: name:enp0s8: saddr:100932208: daddr:16783984
[  349.519233] AAAAA-TCP_FORW: name:enp0s3: saddr:16783984: daddr:100932208
[  349.636891] AAAAA-TCP_FORW: name:enp0s8: saddr:100932208: daddr:16783984
[  349.637785] AAAAA-TCP_FORW: name:enp0s3: saddr:16783984: daddr:100932208
[  349.802151] AAAAA-TCP_FORW: name:enp0s8: saddr:100932208: daddr:16783984
[  349.803294] AAAAA-TCP_FORW: name:enp0s3: saddr:16783984: daddr:100932208
[  350.001406] AAAAA-TCP_FORW: name:enp0s8: saddr:100932208: daddr:16783984
[  350.002464] AAAAA-TCP_FORW: name:enp0s3: saddr:16783984: daddr:100932208
[  350.277881] AAAAA-TCP_FORW: name:enp0s8: saddr:100932208: daddr:16783984
[  350.280525] AAAAA-TCP_FORW: name:enp0s3: saddr:16783984: daddr:100932208
[  350.481791] AAAAA-TCP_FORW: name:enp0s8: saddr:100932208: daddr:16783984
[  350.484540] AAAAA-TCP_FORW: name:enp0s3: saddr:16783984: daddr:100932208
[  350.988152] AAAAA-TCP_FORW: name:enp0s8: saddr:100932208: daddr:16783984
[  350.990246] AAAAA-TCP_FORW: name:enp0s3: saddr:16783984: daddr:100932208
[  351.326476] AAAAA-TCP_FORW: name:enp0s8: saddr:100932208: daddr:16783984
[  351.342558] AAAAA-TCP_FORW: name:enp0s3: saddr:16783984: daddr:100932208
[  351.553301] AAAAA-TCP_FORW: name:enp0s8: saddr:100932208: daddr:16783984
[  351.555362] AAAAA-TCP_FORW: name:enp0s3: saddr:16783984: daddr:100932208
[  351.652236] AAAAA-TCP_FORW: name:enp0s8: saddr:100932208: daddr:16783984
[  351.654336] AAAAA-TCP_FORW: name:enp0s3: saddr:16783984: daddr:100932208
[  351.789612] AAAAA-TCP_FORW: name:enp0s8: saddr:100932208: daddr:16783984
[  351.792062] AAAAA-TCP_FORW: name:enp0s3: saddr:16783984: daddr:100932208
[  351.948405] AAAAA-TCP_FORW: name:enp0s8: saddr:100932208: daddr:16783984
[  351.951466] AAAAA-TCP_FORW: name:enp0s3: saddr:16783984: daddr:100932208
[  352.153000] AAAAA-TCP_FORW: name:enp0s8: saddr:100932208: daddr:16783984
[  352.155311] AAAAA-TCP_FORW: name:enp0s3: saddr:16783984: daddr:100932208
[  352.320913] AAAAA-TCP_FORW: name:enp0s8: saddr:100932208: daddr:33561200
[  352.322758] AAAAA-TCP_FORW: name:enp0s3: saddr:33561200: daddr:100932208
[  352.448226] AAAAA-TCP_FORW: name:enp0s8: saddr:100932208: daddr:33561200
[  352.449398] AAAAA-TCP_FORW: name:enp0s3: saddr:33561200: daddr:100932208
[  352.619650] AAAAA-TCP_FORW: name:enp0s8: saddr:100932208: daddr:16783984
[  352.621741] AAAAA-TCP_FORW: name:enp0s3: saddr:16783984: daddr:100932208
[  352.831007] AAAAA-TCP_FORW: name:enp0s8: saddr:100932208: daddr:16783984
[  352.832910] AAAAA-TCP_FORW: name:enp0s3: saddr:16783984: daddr:100932208
[  352.955220] AAAAA-TCP_FORW: name:enp0s8: saddr:100932208: daddr:16783984
[  352.957416] AAAAA-TCP_FORW: name:enp0s3: saddr:16783984: daddr:100932208
[  353.127924] AAAAA-TCP_FORW: name:enp0s8: saddr:100932208: daddr:16783984
[  353.130076] AAAAA-TCP_FORW: name:enp0s3: saddr:16783984: daddr:100932208
[  353.325009] AAAAA-TCP_FORW: name:enp0s8: saddr:100932208: daddr:16783984
[  353.327397] AAAAA-TCP_FORW: name:enp0s3: saddr:16783984: daddr:100932208
[  353.495383] AAAAA-TCP_FORW: name:enp0s8: saddr:100932208: daddr:16783984
[  353.497475] AAAAA-TCP_FORW: name:enp0s3: saddr:16783984: daddr:100932208
[  353.811125] AAAAA-TCP_FORW: name:enp0s8: saddr:100932208: daddr:16783984
[  353.813032] AAAAA-TCP_FORW: name:enp0s3: saddr:16783984: daddr:100932208
[  353.946587] AAAAA-TCP_FORW: name:enp0s8: saddr:100932208: daddr:16783984
