[    0.000000] Linux version 5.4.243-mptcp (root@ztg) (gcc version 12.2.0 (Debian 12.2.0-14+deb12u1)) #53 SMP Wed Dec 24 23:28:15 CST 2025
[    0.000000] Command line: BOOT_IMAGE=/boot/vmlinuz-5.4.243-mptcp root=UUID=98415a12-53b7-4144-8265-0f7ece09e445 ro quiet splash
[    0.000000] KERNEL supported cpus:
[    0.000000]   Intel GenuineIntel
[    0.000000]   AMD AuthenticAMD
[    0.000000]   Hygon HygonGenuine
[    0.000000]   Centaur CentaurHauls
[    0.000000]   zhaoxin   Shanghai  
[    0.000000] x86/fpu: Supporting XSAVE feature 0x001: 'x87 floating point registers'
[    0.000000] x86/fpu: Supporting XSAVE feature 0x002: 'SSE registers'
[    0.000000] x86/fpu: Supporting XSAVE feature 0x004: 'AVX registers'
[    0.000000] x86/fpu: xstate_offset[2]:  576, xstate_sizes[2]:  256
[    0.000000] x86/fpu: Enabled xstate features 0x7, context size is 832 bytes, using 'standard' format.
[    0.000000] BIOS-provided physical RAM map:
[    0.000000] BIOS-e820: [mem 0x0000000000000000-0x000000000009fbff] usable
[    0.000000] BIOS-e820: [mem 0x000000000009fc00-0x000000000009ffff] reserved
[    0.000000] BIOS-e820: [mem 0x00000000000f0000-0x00000000000fffff] reserved
[    0.000000] BIOS-e820: [mem 0x0000000000100000-0x000000007ffeffff] usable
[    0.000000] BIOS-e820: [mem 0x000000007fff0000-0x000000007fffffff] ACPI data
[    0.000000] BIOS-e820: [mem 0x00000000fec00000-0x00000000fec00fff] reserved
[    0.000000] BIOS-e820: [mem 0x00000000fee00000-0x00000000fee00fff] reserved
[    0.000000] BIOS-e820: [mem 0x00000000fffc0000-0x00000000ffffffff] reserved
[    0.000000] NX (Execute Disable) protection: active
[    0.000000] SMBIOS 2.5 present.
[    0.000000] DMI: innotek GmbH VirtualBox/VirtualBox, BIOS VirtualBox 12/01/2006
[    0.000000] Hypervisor detected: KVM
[    0.000000] kvm-clock: Using msrs 4b564d01 and 4b564d00
[    0.000000] kvm-clock: cpu 0, msr 67e01001, primary cpu clock
[    0.000000] kvm-clock: using sched offset of 4437437752 cycles
[    0.000003] clocksource: kvm-clock: mask: 0xffffffffffffffff max_cycles: 0x1cd42e4dffb, max_idle_ns: 881590591483 ns
[    0.000005] tsc: Detected 2100.000 MHz processor
[    0.001866] e820: update [mem 0x00000000-0x00000fff] usable ==> reserved
[    0.001868] e820: remove [mem 0x000a0000-0x000fffff] usable
[    0.001872] last_pfn = 0x7fff0 max_arch_pfn = 0x400000000
[    0.001940] MTRR default type: uncachable
[    0.001941] MTRR fixed ranges enabled:
[    0.001942]   00000-9FFFF write-back
[    0.001943]   A0000-BFFFF uncachable
[    0.001944]   C0000-FFFFF write-protect
[    0.001944] MTRR variable ranges enabled:
[    0.001946]   0 base 000000000000 mask 3FFF80000000 write-back
[    0.001946]   1 disabled
[    0.001947]   2 disabled
[    0.001947]   3 disabled
[    0.001948]   4 disabled
[    0.001948]   5 disabled
[    0.001949]   6 disabled
[    0.001949]   7 disabled
[    0.001949]   8 disabled
[    0.001950]   9 disabled
[    0.001950]   10 disabled
[    0.001951]   11 disabled
[    0.001951]   12 disabled
[    0.001952]   13 disabled
[    0.001952]   14 disabled
[    0.001952]   15 disabled
[    0.001970] x86/PAT: Configuration [0-7]: WB  WC  UC- UC  WB  WP  UC- WT  
[    0.002103] found SMP MP-table at [mem 0x0009fff0-0x0009ffff]
[    0.091682] check: Scanning 1 areas for low memory corruption
[    0.091865] RAMDISK: [mem 0x32271000-0x3512ffff]
[    0.091872] ACPI: Early table checksum verification disabled
[    0.091877] ACPI: RSDP 0x00000000000E0000 000024 (v02 VBOX  )
[    0.091882] ACPI: XSDT 0x000000007FFF0030 00003C (v01 VBOX   VBOXXSDT 00000001 ASL  00000061)
[    0.091888] ACPI: FACP 0x000000007FFF00F0 0000F4 (v04 VBOX   VBOXFACP 00000001 ASL  00000061)
[    0.091895] ACPI: DSDT 0x000000007FFF02E0 002353 (v02 VBOX   VBOXBIOS 00000002 VBOX 00029BF3)
[    0.091899] ACPI: FACS 0x000000007FFF0200 000040
[    0.091902] ACPI: FACS 0x000000007FFF0200 000040
[    0.091906] ACPI: APIC 0x000000007FFF0240 000054 (v02 VBOX   VBOXAPIC 00000001 ASL  00000061)
[    0.091909] ACPI: SSDT 0x000000007FFF02A0 000038 (v01 VBOX   VBOXCPUT 00000002 VBOX 00029BF3)
[    0.091913] ACPI: Reserving FACP table memory at [mem 0x7fff00f0-0x7fff01e3]
[    0.091913] ACPI: Reserving DSDT table memory at [mem 0x7fff02e0-0x7fff2632]
[    0.091914] ACPI: Reserving FACS table memory at [mem 0x7fff0200-0x7fff023f]
[    0.091915] ACPI: Reserving FACS table memory at [mem 0x7fff0200-0x7fff023f]
[    0.091915] ACPI: Reserving APIC table memory at [mem 0x7fff0240-0x7fff0293]
[    0.091916] ACPI: Reserving SSDT table memory at [mem 0x7fff02a0-0x7fff02d7]
[    0.091930] ACPI: Local APIC address 0xfee00000
[    0.092119] No NUMA configuration found
[    0.092120] Faking a node at [mem 0x0000000000000000-0x000000007ffeffff]
[    0.092130] NODE_DATA(0) allocated [mem 0x7ffc5000-0x7ffeffff]
[    0.092391] Zone ranges:
[    0.092391]   DMA      [mem 0x0000000000001000-0x0000000000ffffff]
[    0.092393]   DMA32    [mem 0x0000000001000000-0x000000007ffeffff]
[    0.092393]   Normal   empty
[    0.092394]   Device   empty
[    0.092395] Movable zone start for each node
[    0.092397] Early memory node ranges
[    0.092397]   node   0: [mem 0x0000000000001000-0x000000000009efff]
[    0.092398]   node   0: [mem 0x0000000000100000-0x000000007ffeffff]
[    0.092402] Zeroed struct page in unavailable ranges: 114 pages
[    0.092403] Initmem setup node 0 [mem 0x0000000000001000-0x000000007ffeffff]
[    0.092404] On node 0 totalpages: 524174
[    0.092405]   DMA zone: 64 pages used for memmap
[    0.092406]   DMA zone: 21 pages reserved
[    0.092407]   DMA zone: 3998 pages, LIFO batch:0
[    0.092479]   DMA32 zone: 8128 pages used for memmap
[    0.092479]   DMA32 zone: 520176 pages, LIFO batch:63
[    0.101441] ACPI: PM-Timer IO Port: 0x4008
[    0.101445] ACPI: Local APIC address 0xfee00000
[    0.101517] IOAPIC[0]: apic_id 1, version 32, address 0xfec00000, GSI 0-23
[    0.101521] ACPI: INT_SRC_OVR (bus 0 bus_irq 0 global_irq 2 dfl dfl)
[    0.101523] ACPI: INT_SRC_OVR (bus 0 bus_irq 9 global_irq 9 low level)
[    0.101525] ACPI: IRQ0 used by override.
[    0.101526] ACPI: IRQ9 used by override.
[    0.101528] Using ACPI (MADT) for SMP configuration information
[    0.101535] smpboot: Allowing 1 CPUs, 0 hotplug CPUs
[    0.101557] PM: Registered nosave memory: [mem 0x00000000-0x00000fff]
[    0.101559] PM: Registered nosave memory: [mem 0x0009f000-0x0009ffff]
[    0.101559] PM: Registered nosave memory: [mem 0x000a0000-0x000effff]
[    0.101560] PM: Registered nosave memory: [mem 0x000f0000-0x000fffff]
[    0.101561] [mem 0x80000000-0xfebfffff] available for PCI devices
[    0.101562] Booting paravirtualized kernel on KVM
[    0.101565] clocksource: refined-jiffies: mask: 0xffffffff max_cycles: 0xffffffff, max_idle_ns: 7645519600211568 ns
[    0.101570] setup_percpu: NR_CPUS:8192 nr_cpumask_bits:1 nr_cpu_ids:1 nr_node_ids:1
[    0.102594] percpu: Embedded 60 pages/cpu s208896 r8192 d28672 u2097152
[    0.102599] pcpu-alloc: s208896 r8192 d28672 u2097152 alloc=1*2097152
[    0.102600] pcpu-alloc: [0] 0 
[    0.102627] Built 1 zonelists, mobility grouping on.  Total pages: 515961
[    0.102627] Policy zone: DMA32
[    0.102629] Kernel command line: BOOT_IMAGE=/boot/vmlinuz-5.4.243-mptcp root=UUID=98415a12-53b7-4144-8265-0f7ece09e445 ro quiet splash
[    0.103506] Dentry cache hash table entries: 262144 (order: 9, 2097152 bytes, linear)
[    0.103653] Inode-cache hash table entries: 131072 (order: 8, 1048576 bytes, linear)
[    0.103704] mem auto-init: stack:off, heap alloc:on, heap free:off
[    0.103707] Calgary: detecting Calgary via BIOS EBDA area
[    0.103708] Calgary: Unable to locate Rio Grande table in EBDA - bailing!
[    0.107829] Memory: 1967332K/2096696K available (14339K kernel code, 2398K rwdata, 4712K rodata, 2728K init, 17260K bss, 129364K reserved, 0K cma-reserved)
[    0.108736] SLUB: HWalign=64, Order=0-3, MinObjects=0, CPUs=1, Nodes=1
[    0.108753] ftrace: allocating 43186 entries in 169 pages
[    0.126939] rcu: Hierarchical RCU implementation.
[    0.126940] rcu: 	RCU restricting CPUs from NR_CPUS=8192 to nr_cpu_ids=1.
[    0.126941] 	Tasks RCU enabled.
[    0.126942] rcu: RCU calculated value of scheduler-enlistment delay is 25 jiffies.
[    0.126943] rcu: Adjusting geometry for rcu_fanout_leaf=16, nr_cpu_ids=1
[    0.129913] NR_IRQS: 524544, nr_irqs: 256, preallocated irqs: 16
[    0.130121] random: crng init done
[    0.139427] Console: colour VGA+ 80x25
[    0.139431] printk: console [tty0] enabled
[    0.139451] ACPI: Core revision 20190816
[    0.139547] APIC: Switch to symmetric I/O mode setup
[    0.139796] x2apic enabled
[    0.140034] Switched APIC routing to physical x2apic.
[    0.141159] ..TIMER: vector=0x30 apic1=0 pin1=2 apic2=-1 pin2=-1
[    0.141183] clocksource: tsc-early: mask: 0xffffffffffffffff max_cycles: 0x1e4530a99b6, max_idle_ns: 440795257976 ns
[    0.141187] Calibrating delay loop (skipped) preset value.. 4200.00 BogoMIPS (lpj=8400000)
[    0.141190] pid_max: default: 32768 minimum: 301
[    0.141217] LSM: Security Framework initializing
[    0.141227] Yama: becoming mindful.
[    0.141253] AppArmor: AppArmor initialized
[    0.141288] Mount-cache hash table entries: 4096 (order: 3, 32768 bytes, linear)
[    0.141292] Mountpoint-cache hash table entries: 4096 (order: 3, 32768 bytes, linear)
[    0.141302] *** VALIDATE tmpfs ***
[    0.141433] *** VALIDATE proc ***
[    0.141474] *** VALIDATE cgroup1 ***
[    0.141476] *** VALIDATE cgroup2 ***
[    0.141619] process: using mwait in idle threads
[    0.141624] Last level iTLB entries: 4KB 64, 2MB 8, 4MB 8
[    0.141625] Last level dTLB entries: 4KB 64, 2MB 0, 4MB 0, 1GB 4
[    0.141645] Spectre V1 : Mitigation: usercopy/swapgs barriers and __user pointer sanitization
[    0.141650] Spectre V2 : Mitigation: Retpolines
[    0.141650] Spectre V2 : Spectre v2 / SpectreRSB mitigation: Filling RSB on context switch
[    0.141651] Spectre V2 : Spectre v2 / SpectreRSB : Filling RSB on VMEXIT
[    0.141652] RETBleed: WARNING: Spectre v2 mitigation leaves CPU vulnerable to RETBleed attacks, data leaks possible!
[    0.142005] RETBleed: Vulnerable
[    0.142005] Speculative Store Bypass: Vulnerable
[    0.142010] TAA: Mitigation: TSX disabled
[    0.142011] MMIO Stale Data: Mitigation: Clear CPU buffers
[    0.146250] Freeing SMP alternatives memory: 40K
[    0.258406] smpboot: CPU0: Intel(R) Xeon(R) Silver 4216 CPU @ 2.10GHz (family: 0x6, model: 0x55, stepping: 0x7)
[    0.258551] Performance Events: unsupported p6 CPU model 85 no PMU driver, software events only.
[    0.258588] rcu: Hierarchical SRCU implementation.
[    0.259068] NMI watchdog: Perf NMI watchdog permanently disabled
[    0.259108] smp: Bringing up secondary CPUs ...
[    0.259109] smp: Brought up 1 node, 1 CPU
[    0.259110] smpboot: Max logical packages: 1
[    0.259111] smpboot: Total of 1 processors activated (4200.00 BogoMIPS)
[    0.260072] devtmpfs: initialized
[    0.260119] x86/mm: Memory block size: 128MB
[    0.260469] clocksource: jiffies: mask: 0xffffffff max_cycles: 0xffffffff, max_idle_ns: 7645041785100000 ns
[    0.260488] futex hash table entries: 256 (order: 2, 16384 bytes, linear)
[    0.260535] pinctrl core: initialized pinctrl subsystem
[    0.260638] PM: RTC time: 22:00:55, date: 2026-01-13
[    0.260746] NET: Registered protocol family 16
[    0.260819] audit: initializing netlink subsys (disabled)
[    0.260946] EISA bus registered
[    0.260947] cpuidle: using governor ladder
[    0.260948] cpuidle: using governor menu
[    0.260984] ACPI: bus type PCI registered
[    0.260986] acpiphp: ACPI Hot Plug PCI Controller Driver version: 0.5
[    0.261087] PCI: Using configuration type 1 for base access
[    0.261494] audit: type=2000 audit(1768312861.429:1): state=initialized audit_enabled=0 res=1
[    0.261572] HugeTLB registered 2.00 MiB page size, pre-allocated 0 pages
[    0.262388] ACPI: Added _OSI(Module Device)
[    0.262388] ACPI: Added _OSI(Processor Device)
[    0.262389] ACPI: Added _OSI(3.0 _SCP Extensions)
[    0.262390] ACPI: Added _OSI(Processor Aggregator Device)
[    0.262391] ACPI: Added _OSI(Linux-Dell-Video)
[    0.262391] ACPI: Added _OSI(Linux-Lenovo-NV-HDMI-Audio)
[    0.262392] ACPI: Added _OSI(Linux-HPI-Hybrid-Graphics)
[    0.264351] ACPI: 2 ACPI AML tables successfully acquired and loaded
[    0.265875] ACPI: Interpreter enabled
[    0.265884] ACPI: (supports S0 S5)
[    0.265885] ACPI: Using IOAPIC for interrupt routing
[    0.266090] PCI: Using host bridge windows from ACPI; if necessary, use "pci=nocrs" and report a bug
[    0.266195] ACPI: Enabled 2 GPEs in block 00 to 07
[    0.271145] ACPI: PCI Root Bridge [PCI0] (domain 0000 [bus 00-ff])
[    0.271151] acpi PNP0A03:00: _OSC: OS supports [ASPM ClockPM Segments MSI HPX-Type3]
[    0.271602] acpi PNP0A03:00: _OSC: not requesting OS control; OS requires [ExtendedConfig ASPM ClockPM MSI]
[    0.271610] acpi PNP0A03:00: fail to add MMCONFIG information, can't access extended PCI configuration space under this bridge.
[    0.271984] PCI host bridge to bus 0000:00
[    0.271986] pci_bus 0000:00: root bus resource [io  0x0000-0x0cf7 window]
[    0.271987] pci_bus 0000:00: root bus resource [io  0x0d00-0xffff window]
[    0.271988] pci_bus 0000:00: root bus resource [mem 0x000a0000-0x000bffff window]
[    0.271989] pci_bus 0000:00: root bus resource [mem 0x80000000-0xfdffffff window]
[    0.271991] pci_bus 0000:00: root bus resource [bus 00-ff]
[    0.272033] pci 0000:00:00.0: [8086:1237] type 00 class 0x060000
[    0.272972] pci 0000:00:01.0: [8086:7000] type 00 class 0x060100
[    0.273786] pci 0000:00:01.1: [8086:7111] type 00 class 0x01018a
[    0.274155] pci 0000:00:01.1: reg 0x20: [io  0xd000-0xd00f]
[    0.274308] pci 0000:00:01.1: legacy IDE quirk: reg 0x10: [io  0x01f0-0x01f7]
[    0.274309] pci 0000:00:01.1: legacy IDE quirk: reg 0x14: [io  0x03f6]
[    0.274310] pci 0000:00:01.1: legacy IDE quirk: reg 0x18: [io  0x0170-0x0177]
[    0.274311] pci 0000:00:01.1: legacy IDE quirk: reg 0x1c: [io  0x0376]
[    0.274849] pci 0000:00:02.0: [15ad:0405] type 00 class 0x030000
[    0.277264] pci 0000:00:02.0: reg 0x10: [io  0xd010-0xd01f]
[    0.280079] pci 0000:00:02.0: reg 0x14: [mem 0xe0000000-0xe7ffffff pref]
[    0.283895] pci 0000:00:02.0: reg 0x18: [mem 0xf0000000-0xf01fffff]
[    0.294004] pci 0000:00:03.0: [1022:2000] type 00 class 0x020000
[    0.294775] pci 0000:00:03.0: reg 0x10: [io  0xd020-0xd03f]
[    0.295448] pci 0000:00:03.0: reg 0x14: [mem 0xf0200000-0xf0200fff]
[    0.299768] pci 0000:00:04.0: [80ee:cafe] type 00 class 0x088000
[    0.300443] pci 0000:00:04.0: reg 0x10: [io  0xd040-0xd05f]
[    0.301229] pci 0000:00:04.0: reg 0x14: [mem 0xf0400000-0xf07fffff]
[    0.301834] pci 0000:00:04.0: reg 0x18: [mem 0xf0800000-0xf0803fff pref]
[    0.305227] pci 0000:00:07.0: [8086:7113] type 00 class 0x068000
[    0.305766] pci 0000:00:07.0: quirk: [io  0x4000-0x403f] claimed by PIIX4 ACPI
[    0.305778] pci 0000:00:07.0: quirk: [io  0x4100-0x410f] claimed by PIIX4 SMB
[    0.306385] pci 0000:00:08.0: [8086:100e] type 00 class 0x020000
[    0.307106] pci 0000:00:08.0: reg 0x10: [mem 0xf0820000-0xf083ffff]
[    0.308282] pci 0000:00:08.0: reg 0x18: [io  0xd060-0xd067]
[    0.311388] pci 0000:00:09.0: [8086:100e] type 00 class 0x020000
[    0.312100] pci 0000:00:09.0: reg 0x10: [mem 0xf0840000-0xf085ffff]
[    0.313305] pci 0000:00:09.0: reg 0x18: [io  0xd068-0xd06f]
[    0.322293] ACPI: PCI Interrupt Link [LNKA] (IRQs 5 9 10 *11)
[    0.322577] ACPI: PCI Interrupt Link [LNKB] (IRQs 5 9 *10 11)
[    0.325254] ACPI: PCI Interrupt Link [LNKC] (IRQs 5 *9 10 11)
[    0.325360] ACPI: PCI Interrupt Link [LNKD] (IRQs 5 9 10 *11)
[    0.325628] iommu: Default domain type: Translated 
[    0.325689] pci 0000:00:02.0: vgaarb: setting as boot VGA device
[    0.325691] pci 0000:00:02.0: vgaarb: VGA device added: decodes=io+mem,owns=io+mem,locks=none
[    0.325693] pci 0000:00:02.0: vgaarb: bridge control possible
[    0.325694] vgaarb: loaded
[    0.325912] SCSI subsystem initialized
[    0.325943] libata version 3.00 loaded.
[    0.325968] ACPI: bus type USB registered
[    0.325984] usbcore: registered new interface driver usbfs
[    0.325990] usbcore: registered new interface driver hub
[    0.325995] usbcore: registered new device driver usb
[    0.326023] pps_core: LinuxPPS API ver. 1 registered
[    0.326024] pps_core: Software ver. 5.3.6 - Copyright 2005-2007 Rodolfo Giometti <giometti@linux.it>
[    0.326026] PTP clock support registered
[    0.326060] EDAC MC: Ver: 3.0.0
[    0.326349] PCI: Using ACPI for IRQ routing
[    0.326350] PCI: pci_cache_line_size set to 64 bytes
[    0.326522] e820: reserve RAM buffer [mem 0x0009fc00-0x0009ffff]
[    0.326526] e820: reserve RAM buffer [mem 0x7fff0000-0x7fffffff]
[    0.327329] NetLabel: Initializing
[    0.327330] NetLabel:  domain hash size = 128
[    0.327330] NetLabel:  protocols = UNLABELED CIPSOv4 CALIPSO
[    0.327350] NetLabel:  unlabeled traffic allowed by default
[    0.328279] clocksource: Switched to clocksource kvm-clock
[    0.339759] *** VALIDATE bpf ***
[    0.339822] VFS: Disk quotas dquot_6.6.0
[    0.339835] VFS: Dquot-cache hash table entries: 512 (order 0, 4096 bytes)
[    0.339857] *** VALIDATE ramfs ***
[    0.339860] *** VALIDATE hugetlbfs ***
[    0.339942] AppArmor: AppArmor Filesystem Enabled
[    0.339971] pnp: PnP ACPI init
[    0.340043] pnp 00:00: Plug and Play ACPI device, IDs PNP0303 (active)
[    0.340130] pnp 00:01: Plug and Play ACPI device, IDs PNP0f03 (active)
[    0.340911] pnp: PnP ACPI: found 2 devices
[    0.341870] thermal_sys: Registered thermal governor 'fair_share'
[    0.341871] thermal_sys: Registered thermal governor 'bang_bang'
[    0.341871] thermal_sys: Registered thermal governor 'step_wise'
[    0.341872] thermal_sys: Registered thermal governor 'user_space'
[    0.341873] thermal_sys: Registered thermal governor 'power_allocator'
[    0.346384] clocksource: acpi_pm: mask: 0xffffff max_cycles: 0xffffff, max_idle_ns: 2085701024 ns
[    0.346425] pci_bus 0000:00: resource 4 [io  0x0000-0x0cf7 window]
[    0.346426] pci_bus 0000:00: resource 5 [io  0x0d00-0xffff window]
[    0.346428] pci_bus 0000:00: resource 6 [mem 0x000a0000-0x000bffff window]
[    0.346429] pci_bus 0000:00: resource 7 [mem 0x80000000-0xfdffffff window]
[    0.346488] NET: Registered protocol family 2
[    0.346563] IP idents hash table entries: 32768 (order: 6, 262144 bytes, linear)
[    0.346971] MPTCP tokens hash table entries: 8192 (order: 4, 65536 bytes, linear)
[    0.346992] MPTCP request tokens hash table entries: 8192 (order: 4, 65536 bytes, linear)
[    0.347017] default registered
[    0.347017] default registered
[    0.347018] MPTCP: Stable release v0.96
[    0.347023] tcp_listen_portaddr_hash hash table entries: 1024 (order: 2, 16384 bytes, linear)
[    0.347108] TCP established hash table entries: 16384 (order: 5, 131072 bytes, linear)
[    0.347111] TCP bind hash table entries: 16384 (order: 6, 262144 bytes, linear)
[    0.347111] TCP: Hash tables configured (established 16384 bind 16384)
[    0.347921] UDP hash table entries: 1024 (order: 3, 32768 bytes, linear)
[    0.347933] UDP-Lite hash table entries: 1024 (order: 3, 32768 bytes, linear)
[    0.347968] NET: Registered protocol family 1
[    0.347976] NET: Registered protocol family 44
[    0.348000] pci 0000:00:00.0: Limiting direct PCI/PCI transfers
[    0.348012] pci 0000:00:01.0: Activating ISA DMA hang workarounds
[    0.348067] pci 0000:00:02.0: Video device with shadowed ROM at [mem 0x000c0000-0x000dffff]
[    0.348128] PCI: CLS 0 bytes, default 64
[    0.348176] Trying to unpack rootfs image as initramfs...
[    0.523624] Freeing initrd memory: 47868K
[    0.523624] clocksource: tsc: mask: 0xffffffffffffffff max_cycles: 0x1e4530a99b6, max_idle_ns: 440795257976 ns
[    0.523624] clocksource: Switched to clocksource tsc
[    0.523624] platform rtc_cmos: registered platform RTC device (no PNP device found)
[    0.523624] check: Scanning for low memory corruption every 60 seconds
[    0.523624] Initialise system trusted keyrings
[    0.523624] Key type blacklist registered
[    0.523624] workingset: timestamp_bits=36 max_order=19 bucket_order=0
[    0.523624] zbud: loaded
[    0.523624] squashfs: version 4.0 (2009/01/31) Phillip Lougher
[    0.523624] fuse: init (API version 7.31)
[    0.523624] *** VALIDATE fuse ***
[    0.523624] *** VALIDATE fuse ***
[    0.523624] Platform Keyring initialized
[    0.523624] Key type asymmetric registered
[    0.523624] Asymmetric key parser 'x509' registered
[    0.523624] Block layer SCSI generic (bsg) driver version 0.4 loaded (major 244)
[    0.523624] io scheduler mq-deadline registered
[    0.523624] shpchp: Standard Hot Plug PCI Controller Driver version: 0.4
[    0.537609] ACPI: AC Adapter [AC] (on-line)
[    0.537655] input: Power Button as /devices/LNXSYSTM:00/LNXPWRBN:00/input/input0
[    0.537681] ACPI: Power Button [PWRF]
[    0.537757] input: Sleep Button as /devices/LNXSYSTM:00/LNXSLPBN:00/input/input1
[    0.537773] ACPI: Sleep Button [SLPF]
[    0.537999] Serial: 8250/16550 driver, 32 ports, IRQ sharing enabled
[    0.539139] Linux agpgart interface v0.103
[    0.635108] loop: module loaded
[    0.635257] ata_piix 0000:00:01.1: version 2.13
[    0.635663] scsi host0: ata_piix
[    0.635755] scsi host1: ata_piix
[    0.635781] ata1: PATA max UDMA/33 cmd 0x1f0 ctl 0x3f6 bmdma 0xd000 irq 14
[    0.635782] ata2: PATA max UDMA/33 cmd 0x170 ctl 0x376 bmdma 0xd008 irq 15
[    0.635866] tun: Universal TUN/TAP device driver, 1.6
[    0.636228] PPP generic driver version 2.4.2
[    0.636279] VFIO - User Level meta-driver version: 0.3
[    0.636539] ehci_hcd: USB 2.0 'Enhanced' Host Controller (EHCI) Driver
[    0.636545] ehci-pci: EHCI PCI platform driver
[    0.636563] ehci-platform: EHCI generic platform driver
[    0.636569] ohci_hcd: USB 1.1 'Open' Host Controller (OHCI) Driver
[    0.636570] ohci-pci: OHCI PCI platform driver
[    0.636578] ohci-platform: OHCI generic platform driver
[    0.636582] uhci_hcd: USB Universal Host Controller Interface driver
[    0.636654] i8042: PNP: PS/2 Controller [PNP0303:PS2K,PNP0f03:PS2M] at 0x60,0x64 irq 1,12
[    0.637130] serio: i8042 KBD port at 0x60,0x64 irq 1
[    0.637135] serio: i8042 AUX port at 0x60,0x64 irq 12
[    0.637233] mousedev: PS/2 mouse device common for all mice
[    0.637507] input: AT Translated Set 2 keyboard as /devices/platform/i8042/serio0/input/input2
[    0.637930] rtc_cmos rtc_cmos: registered as rtc0
[    0.637947] rtc_cmos rtc_cmos: alarms up to one day, 114 bytes nvram
[    0.637953] i2c /dev entries driver
[    0.637999] device-mapper: uevent: version 1.0.3
[    0.638048] device-mapper: ioctl: 4.41.0-ioctl (2019-09-16) initialised: dm-devel@redhat.com
[    0.638065] platform eisa.0: Probing EISA bus 0
[    0.638066] platform eisa.0: EISA: Cannot allocate resource for mainboard
[    0.638068] platform eisa.0: Cannot allocate resource for EISA slot 1
[    0.638069] platform eisa.0: Cannot allocate resource for EISA slot 2
[    0.638070] platform eisa.0: Cannot allocate resource for EISA slot 3
[    0.638071] platform eisa.0: Cannot allocate resource for EISA slot 4
[    0.638072] platform eisa.0: Cannot allocate resource for EISA slot 5
[    0.638073] platform eisa.0: Cannot allocate resource for EISA slot 6
[    0.638074] platform eisa.0: Cannot allocate resource for EISA slot 7
[    0.638075] platform eisa.0: Cannot allocate resource for EISA slot 8
[    0.638076] platform eisa.0: EISA: Detected 0 cards
[    0.638078] intel_pstate: CPU model not supported
[    0.638088] ledtrig-cpu: registered to indicate activity on CPUs
[    0.638150] drop_monitor: Initializing network drop monitor service
[    0.638324] NET: Registered protocol family 10
[    0.643307] Segment Routing with IPv6
[    0.643307] fullmesh registered
[    0.643307] ndiffports registered
[    0.643307] binder registered
[    0.643307] roundrobin registered
[    0.643307] redundant registered
[    0.643307] blest registered
[    0.643307] ecf registered
[    0.643307] NET: Registered protocol family 17
[    0.643307] Key type dns_resolver registered
[    0.643307] RAS: Correctable Errors collector initialized.
[    0.643307] IPI shorthand broadcast: enabled
[    0.643307] sched_clock: Marking stable (628232758, 11074447)->(641833806, -2526601)
[    0.644020] registered taskstats version 1
[    0.644028] Loading compiled-in X.509 certificates
[    0.644643] Loaded X.509 cert 'Build time autogenerated kernel key: 6909f3744cebb3d0de528d5887b96a727de79b1e'
[    0.644662] zswap: loaded using pool lzo/zbud
[    0.644731] Key type ._fscrypt registered
[    0.644732] Key type .fscrypt registered
[    0.649241] Key type big_key registered
[    0.651453] Key type encrypted registered
[    0.651456] AppArmor: AppArmor sha1 policy hashing enabled
[    0.651463] ima: No TPM chip found, activating TPM-bypass!
[    0.651467] ima: Allocated hash algorithm: sha1
[    0.651472] ima: No architecture policies found
[    0.651481] evm: Initialising EVM extended attributes:
[    0.651481] evm: security.selinux
[    0.651482] evm: security.SMACK64
[    0.651482] evm: security.SMACK64EXEC
[    0.651483] evm: security.SMACK64TRANSMUTE
[    0.651483] evm: security.SMACK64MMAP
[    0.651484] evm: security.apparmor
[    0.651484] evm: security.ima
[    0.651485] evm: security.capability
[    0.651485] evm: HMAC attrs: 0x1
[    0.651781] PM:   Magic number: 10:242:47
[    0.651889] rtc_cmos rtc_cmos: setting system clock to 2026-01-13T22:00:56 UTC (1768341656)
[    0.808186] ata1.00: ATA-6: VBOX HARDDISK, 1.0, max UDMA/133
[    0.808190] ata1.00: 209715200 sectors, multi 128: LBA 
[    0.808862] scsi 0:0:0:0: Direct-Access     ATA      VBOX HARDDISK    1.0  PQ: 0 ANSI: 5
[    0.809160] sd 0:0:0:0: [sda] 209715200 512-byte logical blocks: (107 GB/100 GiB)
[    0.809173] sd 0:0:0:0: [sda] Write Protect is off
[    0.809176] sd 0:0:0:0: [sda] Mode Sense: 00 3a 00 00
[    0.809197] sd 0:0:0:0: [sda] Write cache: enabled, read cache: enabled, doesn't support DPO or FUA
[    0.809525] sd 0:0:0:0: Attached scsi generic sg0 type 0
[    0.810369]  sda: sda1 sda2
[    0.819314] sd 0:0:0:0: [sda] Attached SCSI disk
[    0.822681] Freeing unused decrypted memory: 2040K
[    0.823658] Freeing unused kernel image memory: 2728K
[    0.823661] Write protecting the kernel read-only data: 22528k
[    0.824701] Freeing unused kernel image memory: 2036K
[    0.825263] Freeing unused kernel image memory: 1432K
[    0.852125] x86/mm: Checked W+X mappings: passed, no W+X pages found.
[    0.852131] Run /init as init process
[    0.958725] ACPI: Video Device [GFX0] (multi-head: yes  rom: no  post: no)
[    0.958800] input: Video Bus as /devices/LNXSYSTM:00/LNXSYBUS:00/PNP0A03:00/LNXVIDEO:00/input/input4
[    0.972296] pcnet32: pcnet32.c:v1.35 21.Apr.2008 tsbogend@alpha.franken.de
[    0.973605] piix4_smbus 0000:00:07.0: SMBus Host Controller at 0x4100, revision 0
[    0.976084] e1000: Intel(R) PRO/1000 Network Driver - version 7.3.21-k8-NAPI
[    0.976085] e1000: Copyright (c) 1999-2006 Intel Corporation.
[    0.987891] pcnet32: PCnet/FAST III 79C973 at 0xd020, 08:00:27:2a:77:0c assigned IRQ 19
[    0.987936] pcnet32: Found PHY 0022:561b at address 0
[    0.988238] pcnet32: eth0: registered as PCnet/FAST III 79C973
[    0.994309] pcnet32: 1 cards_found
[    1.070796] pcnet32 0000:00:03.0 enp0s3: renamed from eth0
[    1.195875] input: ImExPS/2 Generic Explorer Mouse as /devices/platform/i8042/serio1/input/input5
[    1.407529] e1000 0000:00:08.0 eth0: (PCI:33MHz:32-bit) 08:00:27:2f:4b:d6
[    1.407533] e1000 0000:00:08.0 eth0: Intel(R) PRO/1000 Network Connection
[    1.779479] e1000 0000:00:09.0 eth1: (PCI:33MHz:32-bit) 08:00:27:f6:f5:f1
[    1.779482] e1000 0000:00:09.0 eth1: Intel(R) PRO/1000 Network Connection
[    1.780624] e1000 0000:00:09.0 enp0s9: renamed from eth1
[    1.782448] e1000 0000:00:08.0 enp0s8: renamed from eth0
[    1.925412] EXT4-fs (sda2): mounted filesystem with ordered data mode. Opts: (null)
[    2.012592] systemd[1]: Inserted module 'autofs4'
[    2.022206] systemd[1]: systemd 245.4-4ubuntu3 running in system mode. (+PAM +AUDIT +SELINUX +IMA +APPARMOR +SMACK +SYSVINIT +UTMP +LIBCRYPTSETUP +GCRYPT +GNUTLS +ACL +XZ +LZ4 +SECCOMP +BLKID +ELFUTILS +KMOD +IDN2 -IDN +PCRE2 default-hierarchy=hybrid)
[    2.022236] systemd[1]: Detected virtualization oracle.
[    2.022239] systemd[1]: Detected architecture x86-64.
[    2.023566] systemd[1]: Set hostname to <ztg>.
[    2.149000] systemd[1]: /lib/systemd/system/dbus.socket:5: ListenStream= references a path below legacy directory /var/run/, updating /var/run/dbus/system_bus_socket â†’ /run/dbus/system_bus_socket; please update the unit file accordingly.
[    2.201888] systemd[1]: Created slice system-modprobe.slice.
[    2.202073] systemd[1]: Created slice User and Session Slice.
[    2.202119] systemd[1]: Started Forward Password Requests to Wall Directory Watch.
[    2.202286] systemd[1]: Set up automount Arbitrary Executable File Formats File System Automount Point.
[    2.202325] systemd[1]: Reached target User and Group Name Lookups.
[    2.202334] systemd[1]: Reached target Remote File Systems.
[    2.202344] systemd[1]: Reached target Slices.
[    2.202893] systemd[1]: Listening on Syslog Socket.
[    2.202963] systemd[1]: Listening on fsck to fsckd communication Socket.
[    2.203030] systemd[1]: Listening on initctl Compatibility Named Pipe.
[    2.203173] systemd[1]: Listening on Journal Audit Socket.
[    2.203226] systemd[1]: Listening on Journal Socket (/dev/log).
[    2.203296] systemd[1]: Listening on Journal Socket.
[    2.203368] systemd[1]: Listening on udev Control Socket.
[    2.203418] systemd[1]: Listening on udev Kernel Socket.
[    2.204174] systemd[1]: Mounting Huge Pages File System...
[    2.205111] systemd[1]: Mounting POSIX Message Queue File System...
[    2.206018] systemd[1]: Mounting Kernel Debug File System...
[    2.206889] systemd[1]: Mounting Kernel Trace File System...
[    2.208847] systemd[1]: Starting Journal Service...
[    2.234103] systemd[1]: Starting Set the console keyboard layout...
[    2.242098] systemd[1]: Starting Create list of static device nodes for the current kernel...
[    2.244187] systemd[1]: Starting Load Kernel Module drm...
[    2.245331] systemd[1]: Condition check resulted in Set Up Additional Binary Formats being skipped.
[    2.245379] systemd[1]: Condition check resulted in File System Check on Root Device being skipped.
[    2.256728] systemd[1]: Starting Load Kernel Modules...
[    2.263307] systemd[1]: Starting Remount Root and Kernel File Systems...
[    2.275288] systemd[1]: Starting udev Coldplug all Devices...
[    2.286474] systemd[1]: Starting Uncomplicated firewall...
[    2.291282] EXT4-fs (sda2): re-mounted. Opts: errors=remount-ro
[    2.292970] systemd[1]: Mounted Huge Pages File System.
[    2.293058] systemd[1]: Mounted POSIX Message Queue File System.
[    2.293130] systemd[1]: Mounted Kernel Debug File System.
[    2.293201] systemd[1]: Mounted Kernel Trace File System.
[    2.311452] systemd[1]: Finished Create list of static device nodes for the current kernel.
[    2.311797] systemd[1]: modprobe@drm.service: Succeeded.
[    2.329501] systemd[1]: Finished Load Kernel Module drm.
[    2.335768] systemd[1]: Finished Remount Root and Kernel File Systems.
[    2.337957] lp: driver loaded but no devices found
[    2.339361] systemd[1]: Finished Uncomplicated firewall.
[    2.356298] systemd[1]: Condition check resulted in Rebuild Hardware Database being skipped.
[    2.356337] systemd[1]: Condition check resulted in Platform Persistent Storage Archival being skipped.
[    2.358306] systemd[1]: Starting Load/Save Random Seed...
[    2.362970] systemd[1]: Starting Create System Users...
[    2.368028] ppdev: user-space parallel port driver
[    2.380098] systemd[1]: Finished Load/Save Random Seed.
[    2.384330] systemd[1]: Finished Create System Users.
[    2.385103] systemd[1]: Starting Create Static Device Nodes in /dev...
[    2.413595] systemd[1]: Finished udev Coldplug all Devices.
[    2.416209] systemd[1]: Finished Create Static Device Nodes in /dev.
[    2.417144] systemd[1]: Starting udev Kernel Device Manager...
[    2.460736] [drm] DMA map mode: Caching DMA mappings.
[    2.460831] [drm] Capabilities:
[    2.460832] [drm]   Rect copy.
[    2.460832] [drm]   Cursor.
[    2.460833] [drm]   Cursor bypass.
[    2.460833] [drm]   Cursor bypass 2.
[    2.460833] [drm]   Alpha cursor.
[    2.460834] [drm]   Extended Fifo.
[    2.460834] [drm]   Pitchlock.
[    2.460834] [drm]   Irq mask.
[    2.460835] [drm]   GMR.
[    2.460835] [drm]   Traces.
[    2.460835] [drm]   GMR2.
[    2.460836] [drm]   Screen Object 2.
[    2.460836] [drm]   Command Buffers.
[    2.460836] [drm]   Command Buffers 2.
[    2.460837] [drm]   Guest Backed Resources.
[    2.460838] [drm] Max GMR ids is 8192
[    2.460839] [drm] Max number of GMR pages is 1048576
[    2.460839] [drm] Max dedicated hypervisor surface memory is 393216 kiB
[    2.460840] [drm] Maximum display memory size is 131072 kiB
[    2.460840] [drm] VRAM at 0xe0000000 size is 131072 kiB
[    2.460841] [drm] MMIO at 0xf0000000 size is 2048 kiB
[    2.461925] [TTM] Zone  kernel: Available graphics memory: 1011738 KiB
[    2.461926] [TTM] Initializing pool allocator
[    2.461930] [TTM] Initializing DMA pool allocator
[    2.461969] [drm] Supports vblank timestamp caching Rev 2 (21.10.2013).
[    2.461969] [drm] No driver support for vblank timestamp query.
[    2.462221] [drm] Screen Target Display device initialized
[    2.462409] [drm] width 720
[    2.462417] [drm] height 400
[    2.462420] [drm] bpp 32
[    2.462920] [drm] Fifo max 0x00200000 min 0x00001000 cap 0x00000355
[    2.464221] [drm] Using command buffers with DMA pool.
[    2.464228] [drm] DX: no.
[    2.464228] [drm] Atomic: yes.
[    2.464229] [drm] SM4_1: no.
[    2.464250] [drm:vmw_host_log [vmwgfx]] *ERROR* Failed to send host log message.
[    2.465163] [drm:vmw_host_log [vmwgfx]] *ERROR* Failed to send host log message.
[    2.476708] fbcon: svgadrmfb (fb0) is primary device
[    2.478836] Console: switching to colour frame buffer device 100x37
[    2.484513] [drm] Initialized vmwgfx 2.15.0 20180704 for 0000:00:02.0 on minor 0
[    2.486663] systemd[1]: Finished Load Kernel Modules.
[    2.487590] systemd[1]: Mounting FUSE Control File System...
[    2.488786] systemd[1]: Mounting Kernel Configuration File System...
[    2.528117] systemd[1]: Starting Apply Kernel Variables...
[    2.528850] systemd[1]: Mounted FUSE Control File System.
[    2.528948] systemd[1]: Mounted Kernel Configuration File System.
[    2.529002] systemd[1]: Condition check resulted in VMware vmblock fuse mount being skipped.
[    2.539749] systemd[1]: Finished Set the console keyboard layout.
[    2.539846] systemd[1]: Reached target Local File Systems (Pre).
[    2.543268] systemd[1]: Mounting Mount unit for bare, revision 5...
[    2.545268] systemd[1]: Mounting Mount unit for core18, revision 1705...
[    2.551363] systemd[1]: Mounting Mount unit for gnome-3-34-1804, revision 24...
[    2.553680] systemd[1]: Mounting Mount unit for gtk-common-themes, revision 1506...
[    2.579264] systemd[1]: Mounting Mount unit for gtk-common-themes, revision 1535...
[    2.587574] systemd[1]: Mounting Mount unit for snap-store, revision 433...
[    2.593625] systemd[1]: Mounting Mount unit for snapd, revision 7264...
[    2.600937] systemd[1]: Finished Apply Kernel Variables.
[    2.602023] systemd[1]: Mounted Mount unit for bare, revision 5.
[    2.634330] systemd[1]: Mounted Mount unit for gnome-3-34-1804, revision 24.
[    2.635436] systemd[1]: Mounted Mount unit for core18, revision 1705.
[    2.640760] systemd[1]: Started udev Kernel Device Manager.
[    2.641518] systemd[1]: Starting Show Plymouth Boot Screen...
[    2.667871] systemd[1]: Received SIGRTMIN+20 from PID 283 (plymouthd).
[    2.686388] systemd[1]: Started Show Plymouth Boot Screen.
[    2.686554] systemd[1]: Condition check resulted in Dispatch Password Requests to Console Directory Watch being skipped.
[    2.686659] systemd[1]: Started Forward Password Requests to Plymouth Directory Watch.
[    2.686691] systemd[1]: Reached target Local Encrypted Volumes.
[    2.719529] systemd[1]: Mounted Mount unit for gtk-common-themes, revision 1506.
[    2.771278] systemd[1]: Mounted Mount unit for gtk-common-themes, revision 1535.
[    2.771445] systemd[1]: Mounted Mount unit for snapd, revision 7264.
[    2.800794] systemd[1]: Mounted Mount unit for snap-store, revision 433.
[    2.801069] systemd[1]: Reached target Local File Systems.
[    2.801962] systemd[1]: Starting Load AppArmor profiles...
[    2.804963] systemd[1]: Starting Set console font and keymap...
[    2.813899] systemd[1]: Starting Tell Plymouth To Write Out Runtime Data...
[    2.818318] systemd[1]: Condition check resulted in Store a System Token in an EFI Variable being skipped.
[    2.818374] systemd[1]: Condition check resulted in Commit a transient machine-id on disk being skipped.
[    2.821043] systemd[1]: Finished Set console font and keymap.
[    2.829880] systemd[1]: Received SIGRTMIN+20 from PID 283 (plymouthd).
[    2.831313] systemd[1]: plymouth-read-write.service: Succeeded.
[    2.831545] systemd[1]: Finished Tell Plymouth To Write Out Runtime Data.
[    2.868753] audit: type=1400 audit(1768341658.712:2): apparmor="STATUS" operation="profile_load" profile="unconfined" name="nvidia_modprobe" pid=300 comm="apparmor_parser"
[    2.868756] audit: type=1400 audit(1768341658.712:3): apparmor="STATUS" operation="profile_load" profile="unconfined" name="nvidia_modprobe//kmod" pid=300 comm="apparmor_parser"
[    2.875070] audit: type=1400 audit(1768341658.716:4): apparmor="STATUS" operation="profile_load" profile="unconfined" name="/usr/sbin/tcpdump" pid=301 comm="apparmor_parser"
[    2.901839] audit: type=1400 audit(1768341658.740:5): apparmor="STATUS" operation="profile_load" profile="unconfined" name="/usr/bin/evince" pid=303 comm="apparmor_parser"
[    2.901840] audit: type=1400 audit(1768341658.740:6): apparmor="STATUS" operation="profile_load" profile="unconfined" name="/usr/bin/evince//sanitized_helper" pid=303 comm="apparmor_parser"
[    2.901842] audit: type=1400 audit(1768341658.740:7): apparmor="STATUS" operation="profile_load" profile="unconfined" name="/usr/bin/evince-previewer" pid=303 comm="apparmor_parser"
[    2.901845] audit: type=1400 audit(1768341658.740:8): apparmor="STATUS" operation="profile_load" profile="unconfined" name="/usr/bin/evince-previewer//sanitized_helper" pid=303 comm="apparmor_parser"
[    2.901846] audit: type=1400 audit(1768341658.740:9): apparmor="STATUS" operation="profile_load" profile="unconfined" name="/usr/bin/evince-thumbnailer" pid=303 comm="apparmor_parser"
[    2.938898] audit: type=1400 audit(1768341658.784:10): apparmor="STATUS" operation="profile_load" profile="unconfined" name="/usr/lib/cups/backend/cups-pdf" pid=304 comm="apparmor_parser"
[    3.002372] systemd[1]: Finished Load AppArmor profiles.
[    3.003496] systemd[1]: Starting Load AppArmor profiles managed internally by snapd...
[    3.067274] systemd[1]: Finished Load AppArmor profiles managed internally by snapd.
[    3.173338] systemd[1]: Started Journal Service.
[    3.180539] systemd-journald[229]: Received client request to flush runtime journal.
[    3.185546] systemd-journald[229]: File /var/log/journal/c455b248004a419c87ce85eea238d727/system.journal corrupted or uncleanly shut down, renaming and replacing.
[    4.424652] RAPL PMU: API unit is 2^-32 Joules, 0 fixed counters, 10737418240 ms ovfl timer
[    4.463921] cryptd: max_cpu_qlen set to 1000
[    4.503834] AVX2 version of gcm_enc/dec engaged.
[    4.503835] AES CTR mode by8 optimization enabled
[    5.470511] Adding 1998844k swap on /dev/sda1.  Priority:-2 extents:1 across:1998844k FS
[    6.864999] kauditd_printk_skb: 30 callbacks suppressed
[    6.865001] audit: type=1400 audit(1768341662.704:41): apparmor="DENIED" operation="capable" profile="/usr/sbin/cups-browsed" pid=497 comm="cups-browsed" capability=23  capname="sys_nice"
[    7.641660] pcnet32 0000:00:03.0 enp0s3: link up, 100Mbps, full-duplex
[    7.677008] e1000: enp0s8 NIC Link is Up 1000 Mbps Full Duplex, Flow Control: RX
[    7.677297] IPv6: ADDRCONF(NETDEV_CHANGE): enp0s8: link becomes ready
[    7.688183] e1000: enp0s9 NIC Link is Up 1000 Mbps Full Duplex, Flow Control: RX
[    7.688472] IPv6: ADDRCONF(NETDEV_CHANGE): enp0s9: link becomes ready
[    8.270909] device enp0s3 entered promiscuous mode
[    8.299677] audit: type=1400 audit(1768341664.132:42): apparmor="DENIED" operation="open" profile="/usr/sbin/tcpdump" name="/proc/sys/kernel/random/boot_id" pid=688 comm="tcpdump" requested_mask="r" denied_mask="r" fsuid=0 ouid=0
[    8.302045] audit: type=1400 audit(1768341664.148:43): apparmor="DENIED" operation="open" profile="/usr/sbin/tcpdump" name="/proc/sys/kernel/random/boot_id" pid=688 comm="tcpdump" requested_mask="r" denied_mask="r" fsuid=0 ouid=0
[    8.302150] audit: type=1400 audit(1768341664.148:44): apparmor="DENIED" operation="open" profile="/usr/sbin/tcpdump" name="/proc/sys/kernel/random/boot_id" pid=688 comm="tcpdump" requested_mask="r" denied_mask="r" fsuid=0 ouid=0
[    8.302251] audit: type=1400 audit(1768341664.148:45): apparmor="DENIED" operation="open" profile="/usr/sbin/tcpdump" name="/proc/sys/kernel/random/boot_id" pid=688 comm="tcpdump" requested_mask="r" denied_mask="r" fsuid=0 ouid=0
[    8.306045] audit: type=1400 audit(1768341664.148:46): apparmor="DENIED" operation="open" profile="/usr/sbin/tcpdump" name="/proc/sys/kernel/random/boot_id" pid=689 comm="tcpdump" requested_mask="r" denied_mask="r" fsuid=0 ouid=0
[    8.306121] audit: type=1400 audit(1768341664.148:47): apparmor="DENIED" operation="open" profile="/usr/sbin/tcpdump" name="/proc/sys/kernel/random/boot_id" pid=689 comm="tcpdump" requested_mask="r" denied_mask="r" fsuid=0 ouid=0
[    8.306159] audit: type=1400 audit(1768341664.148:48): apparmor="DENIED" operation="open" profile="/usr/sbin/tcpdump" name="/proc/sys/kernel/random/boot_id" pid=689 comm="tcpdump" requested_mask="r" denied_mask="r" fsuid=0 ouid=0
[    8.306554] audit: type=1400 audit(1768341664.148:49): apparmor="DENIED" operation="open" profile="/usr/sbin/tcpdump" name="/proc/sys/kernel/random/boot_id" pid=689 comm="tcpdump" requested_mask="r" denied_mask="r" fsuid=0 ouid=0
[   12.869802] rfkill: input handler disabled
[  194.516683] AAAAA-TCP_FORW: name:enp0s3: saddr:100932208: daddr:16783984
[  194.674944] AAAAA-TCP_FORW: name:enp0s3: saddr:16783984: daddr:100932208
[  194.708324] AAAAA-TCP_FORW: name:enp0s3: saddr:100932208: daddr:16783984
[  194.757062] AAAAA-TCP_FORW: name:enp0s3: saddr:100932208: daddr:16783984
[  194.909948] AAAAA-TCP_FORW: name:enp0s3: saddr:16783984: daddr:100932208
[  194.939371] AAAAA-TCP_FORW: name:enp0s3: saddr:16783984: daddr:100932208
[  194.969211] AAAAA-TCP_FORW: name:enp0s3: saddr:16783984: daddr:100932208
[  194.994626] AAAAA-TCP_FORW: name:enp0s3: saddr:100932208: daddr:33561200
[  195.052420] AAAAA-TCP_FORW: name:enp0s3: saddr:100932208: daddr:16783984
[  195.077539] AAAAA-TCP_FORW: name:enp0s3: saddr:100932208: daddr:16783984
[  195.226314] AAAAA-TCP_FORW: name:enp0s3: saddr:33561200: daddr:100932208
[  195.382260] AAAAA-TCP_FORW: name:enp0s3: saddr:16783984: daddr:100932208
[  195.410708] AAAAA-TCP_FORW: name:enp0s3: saddr:100932208: daddr:33561200
[  195.495553] AAAAA-TCP_FORW: name:enp0s3: saddr:100932208: daddr:16783984
[  195.706876] AAAAA-TCP_FORW: name:enp0s3: saddr:33561200: daddr:100932208
[  195.800107] AAAAA-TCP_FORW: name:enp0s3: saddr:16783984: daddr:100932208
[  195.845511] AAAAA-TCP_FORW: name:enp0s3: saddr:16783984: daddr:100932208
[  195.865074] AAAAA-TCP_FORW: name:enp0s3: saddr:100932208: daddr:16783984
[  195.904039] AAAAA-TCP_FORW: name:enp0s3: saddr:100932208: daddr:16783984
[  196.100491] AAAAA-TCP_FORW: name:enp0s3: saddr:16783984: daddr:100932208
[  196.115525] AAAAA-TCP_FORW: name:enp0s3: saddr:100932208: daddr:16783984
[  196.170453] AAAAA-TCP_FORW: name:enp0s3: saddr:100932208: daddr:16783984
[  196.188817] AAAAA-TCP_FORW: name:enp0s3: saddr:16783984: daddr:100932208
[  196.380420] AAAAA-TCP_FORW: name:enp0s3: saddr:16783984: daddr:100932208
[  196.391001] AAAAA-TCP_FORW: name:enp0s3: saddr:100932208: daddr:33561200
[  196.438024] AAAAA-TCP_FORW: name:enp0s3: saddr:16783984: daddr:100932208
[  196.467509] AAAAA-TCP_FORW: name:enp0s3: saddr:100932208: daddr:16783984
[  196.536424] AAAAA-TCP_FORW: name:enp0s3: saddr:33561200: daddr:100932208
[  196.574098] AAAAA-TCP_FORW: name:enp0s3: saddr:100932208: daddr:33561200
[  196.689504] AAAAA-TCP_FORW: name:enp0s3: saddr:16783984: daddr:100932208
[  196.705448] AAAAA-TCP_FORW: name:enp0s3: saddr:100932208: daddr:16783984
[  196.766463] AAAAA-TCP_FORW: name:enp0s3: saddr:100932208: daddr:16783984
[  196.813977] AAAAA-TCP_FORW: name:enp0s3: saddr:100932208: daddr:16783984
[  196.855650] AAAAA-TCP_FORW: name:enp0s3: saddr:100932208: daddr:16783984
[  196.884372] AAAAA-TCP_FORW: name:enp0s3: saddr:33561200: daddr:100932208
[  196.894422] AAAAA-TCP_FORW: name:enp0s3: saddr:100932208: daddr:16783984
[  196.928849] AAAAA-TCP_FORW: name:enp0s3: saddr:100932208: daddr:16783984
[  196.974175] AAAAA-TCP_FORW: name:enp0s3: saddr:100932208: daddr:16783984
[  197.001911] AAAAA-TCP_FORW: name:enp0s3: saddr:16783984: daddr:100932208
[  197.022457] AAAAA-TCP_FORW: name:enp0s3: saddr:100932208: daddr:16783984
[  197.042193] AAAAA-TCP_FORW: name:enp0s3: saddr:100932208: daddr:16783984
[  197.098275] AAAAA-TCP_FORW: name:enp0s3: saddr:100932208: daddr:16783984
[  197.131726] AAAAA-TCP_FORW: name:enp0s3: saddr:100932208: daddr:16783984
[  197.209281] AAAAA-TCP_FORW: name:enp0s3: saddr:100932208: daddr:16783984
[  197.236904] AAAAA-TCP_FORW: name:enp0s3: saddr:16783984: daddr:100932208
[  197.266191] AAAAA-TCP_FORW: name:enp0s3: saddr:100932208: daddr:33561200
[  197.291042] AAAAA-TCP_FORW: name:enp0s3: saddr:16783984: daddr:100932208
[  197.329920] AAAAA-TCP_FORW: name:enp0s3: saddr:100932208: daddr:33561200
[  197.359586] AAAAA-TCP_FORW: name:enp0s3: saddr:100932208: daddr:33561200
[  197.420717] AAAAA-TCP_FORW: name:enp0s3: saddr:100932208: daddr:33561200
[  197.490274] AAAAA-TCP_FORW: name:enp0s3: saddr:100932208: daddr:33561200
[  197.522166] AAAAA-TCP_FORW: name:enp0s3: saddr:100932208: daddr:33561200
[  197.550607] AAAAA-TCP_FORW: name:enp0s3: saddr:100932208: daddr:33561200
[  197.590659] AAAAA-TCP_FORW: name:enp0s3: saddr:16783984: daddr:100932208
[  197.623264] AAAAA-TCP_FORW: name:enp0s3: saddr:100932208: daddr:33561200
[  197.637821] AAAAA-TCP_FORW: name:enp0s3: saddr:16783984: daddr:100932208
[  197.687343] AAAAA-TCP_FORW: name:enp0s3: saddr:100932208: daddr:33561200
[  197.709215] AAAAA-TCP_FORW: name:enp0s3: saddr:16783984: daddr:100932208
[  197.736157] AAAAA-TCP_FORW: name:enp0s3: saddr:100932208: daddr:33561200
[  197.769004] AAAAA-TCP_FORW: name:enp0s3: saddr:100932208: daddr:16783984
[  197.829456] AAAAA-TCP_FORW: name:enp0s3: saddr:100932208: daddr:16783984
[  197.875928] AAAAA-TCP_FORW: name:enp0s3: saddr:100932208: daddr:16783984
[  197.908697] AAAAA-TCP_FORW: name:enp0s3: saddr:100932208: daddr:33561200
[  197.936143] AAAAA-TCP_FORW: name:enp0s3: saddr:16783984: daddr:100932208
[  197.947429] AAAAA-TCP_FORW: name:enp0s3: saddr:100932208: daddr:16783984
[  197.978955] AAAAA-TCP_FORW: name:enp0s3: saddr:16783984: daddr:100932208
[  198.023215] AAAAA-TCP_FORW: name:enp0s3: saddr:100932208: daddr:16783984
[  198.036308] AAAAA-TCP_FORW: name:enp0s3: saddr:100932208: daddr:16783984
[  198.073839] AAAAA-TCP_FORW: name:enp0s3: saddr:16783984: daddr:100932208
[  198.094641] AAAAA-TCP_FORW: name:enp0s3: saddr:100932208: daddr:16783984
[  198.127939] AAAAA-TCP_FORW: name:enp0s3: saddr:16783984: daddr:100932208
[  198.185708] AAAAA-TCP_FORW: name:enp0s3: saddr:16783984: daddr:100932208
[  198.211500] AAAAA-TCP_FORW: name:enp0s3: saddr:100932208: daddr:33561200
[  198.316630] AAAAA-TCP_FORW: name:enp0s3: saddr:100932208: daddr:16783984
[  198.364373] AAAAA-TCP_FORW: name:enp0s3: saddr:100932208: daddr:16783984
[  198.379749] AAAAA-TCP_FORW: name:enp0s3: saddr:33561200: daddr:100932208
[  198.472366] AAAAA-TCP_FORW: name:enp0s3: saddr:100932208: daddr:16783984
[  198.540205] AAAAA-TCP_FORW: name:enp0s3: saddr:100932208: daddr:16783984
[  198.694826] AAAAA-TCP_FORW: name:enp0s3: saddr:100932208: daddr:16783984
[  198.771275] AAAAA-TCP_FORW: name:enp0s3: saddr:33561200: daddr:100932208
[  198.794652] AAAAA-TCP_FORW: name:enp0s3: saddr:100932208: daddr:16783984
[  198.935888] AAAAA-TCP_FORW: name:enp0s3: saddr:33561200: daddr:100932208
[  199.005788] AAAAA-TCP_FORW: name:enp0s3: saddr:33561200: daddr:100932208
[  199.141583] AAAAA-TCP_FORW: name:enp0s3: saddr:100932208: daddr:16783984
[  199.223266] AAAAA-TCP_FORW: name:enp0s3: saddr:100932208: daddr:16783984
[  199.246677] AAAAA-TCP_FORW: name:enp0s3: saddr:33561200: daddr:100932208
[  199.312762] AAAAA-TCP_FORW: name:enp0s3: saddr:100932208: daddr:16783984
[  199.347677] AAAAA-TCP_FORW: name:enp0s3: saddr:100932208: daddr:33561200
[  199.420976] AAAAA-TCP_FORW: name:enp0s3: saddr:33561200: daddr:100932208
[  199.431615] AAAAA-TCP_FORW: name:enp0s3: saddr:100932208: daddr:16783984
[  199.467743] AAAAA-TCP_FORW: name:enp0s3: saddr:33561200: daddr:100932208
[  199.558413] AAAAA-TCP_FORW: name:enp0s3: saddr:100932208: daddr:16783984
[  199.622185] AAAAA-TCP_FORW: name:enp0s3: saddr:100932208: daddr:16783984
[  199.680750] AAAAA-TCP_FORW: name:enp0s3: saddr:33561200: daddr:100932208
[  199.844647] AAAAA-TCP_FORW: name:enp0s3: saddr:33561200: daddr:100932208
[  199.865524] AAAAA-TCP_FORW: name:enp0s3: saddr:100932208: daddr:33561200
[  199.905337] AAAAA-TCP_FORW: name:enp0s3: saddr:100932208: daddr:33561200
[  200.056777] AAAAA-TCP_FORW: name:enp0s3: saddr:100932208: daddr:33561200
[  200.077050] AAAAA-TCP_FORW: name:enp0s3: saddr:33561200: daddr:100932208
[  200.089740] AAAAA-TCP_FORW: name:enp0s3: saddr:100932208: daddr:33561200
[  200.141195] AAAAA-TCP_FORW: name:enp0s3: saddr:100932208: daddr:33561200
[  200.168397] AAAAA-TCP_FORW: name:enp0s3: saddr:100932208: daddr:33561200
[  200.180688] AAAAA-TCP_FORW: name:enp0s3: saddr:16783984: daddr:100932208
[  200.243098] AAAAA-TCP_FORW: name:enp0s3: saddr:100932208: daddr:33561200
[  200.252007] AAAAA-TCP_FORW: name:enp0s3: saddr:16783984: daddr:100932208
[  200.351575] AAAAA-TCP_FORW: name:enp0s3: saddr:100932208: daddr:33561200
[  200.362171] AAAAA-TCP_FORW: name:enp0s3: saddr:16783984: daddr:100932208
[  200.522436] AAAAA-TCP_FORW: name:enp0s3: saddr:100932208: daddr:33561200
[  200.548238] AAAAA-TCP_FORW: name:enp0s3: saddr:33561200: daddr:100932208
[  200.568623] AAAAA-TCP_FORW: name:enp0s3: saddr:100932208: daddr:33561200
[  200.575772] AAAAA-TCP_FORW: name:enp0s3: saddr:16783984: daddr:100932208
[  200.682283] AAAAA-TCP_FORW: name:enp0s3: saddr:100932208: daddr:33561200
[  200.707308] AAAAA-TCP_FORW: name:enp0s3: saddr:16783984: daddr:100932208
[  200.746708] AAAAA-TCP_FORW: name:enp0s3: saddr:100932208: daddr:33561200
[  200.795890] AAAAA-TCP_FORW: name:enp0s3: saddr:100932208: daddr:33561200
[  200.803097] AAAAA-TCP_FORW: name:enp0s3: saddr:16783984: daddr:100932208
[  200.858836] AAAAA-TCP_FORW: name:enp0s3: saddr:100932208: daddr:33561200
[  200.873977] AAAAA-TCP_FORW: name:enp0s3: saddr:16783984: daddr:100932208
[  200.982943] AAAAA-TCP_FORW: name:enp0s3: saddr:33561200: daddr:100932208
[  201.007463] AAAAA-TCP_FORW: name:enp0s3: saddr:100932208: daddr:33561200
[  201.111576] AAAAA-TCP_FORW: name:enp0s3: saddr:100932208: daddr:33561200
[  201.124237] AAAAA-TCP_FORW: name:enp0s3: saddr:16783984: daddr:100932208
[  201.187139] AAAAA-TCP_FORW: name:enp0s3: saddr:100932208: daddr:33561200
[  201.224036] AAAAA-TCP_FORW: name:enp0s3: saddr:16783984: daddr:100932208
[  201.350743] AAAAA-TCP_FORW: name:enp0s3: saddr:100932208: daddr:33561200
[  201.444960] AAAAA-TCP_FORW: name:enp0s3: saddr:16783984: daddr:100932208
[  201.616634] AAAAA-TCP_FORW: name:enp0s3: saddr:16783984: daddr:100932208
[  201.642104] AAAAA-TCP_FORW: name:enp0s3: saddr:16783984: daddr:100932208
[  201.675101] AAAAA-TCP_FORW: name:enp0s3: saddr:16783984: daddr:100932208
[  201.710266] AAAAA-TCP_FORW: name:enp0s3: saddr:100932208: daddr:16783984
[  201.858034] AAAAA-TCP_FORW: name:enp0s3: saddr:16783984: daddr:100932208
[  201.906164] AAAAA-TCP_FORW: name:enp0s3: saddr:16783984: daddr:100932208
[  201.988532] AAAAA-TCP_FORW: name:enp0s3: saddr:100932208: daddr:16783984
[  202.143000] AAAAA-TCP_FORW: name:enp0s3: saddr:16783984: daddr:100932208
[  202.361027] AAAAA-TCP_FORW: name:enp0s3: saddr:100932208: daddr:16783984
[  202.398513] AAAAA-TCP_FORW: name:enp0s3: saddr:33561200: daddr:100932208
[  202.463164] AAAAA-TCP_FORW: name:enp0s3: saddr:16783984: daddr:100932208
[  202.499812] AAAAA-TCP_FORW: name:enp0s3: saddr:100932208: daddr:16783984
[  202.531962] AAAAA-TCP_FORW: name:enp0s3: saddr:16783984: daddr:100932208
[  202.574136] AAAAA-TCP_FORW: name:enp0s3: saddr:16783984: daddr:100932208
[  202.644113] AAAAA-TCP_FORW: name:enp0s3: saddr:33561200: daddr:100932208
[  202.659439] AAAAA-TCP_FORW: name:enp0s3: saddr:100932208: daddr:16783984
[  202.683361] AAAAA-TCP_FORW: name:enp0s3: saddr:33561200: daddr:100932208
[  202.719843] AAAAA-TCP_FORW: name:enp0s3: saddr:33561200: daddr:100932208
[  202.739815] AAAAA-TCP_FORW: name:enp0s3: saddr:100932208: daddr:16783984
[  202.939178] AAAAA-TCP_FORW: name:enp0s3: saddr:33561200: daddr:100932208
[  202.985124] AAAAA-TCP_FORW: name:enp0s3: saddr:33561200: daddr:100932208
[  203.034945] AAAAA-TCP_FORW: name:enp0s3: saddr:100932208: daddr:16783984
[  203.092368] AAAAA-TCP_FORW: name:enp0s3: saddr:100932208: daddr:16783984
[  203.116282] AAAAA-TCP_FORW: name:enp0s3: saddr:33561200: daddr:100932208
[  203.178453] AAAAA-TCP_FORW: name:enp0s3: saddr:33561200: daddr:100932208
[  203.347043] AAAAA-TCP_FORW: name:enp0s3: saddr:100932208: daddr:16783984
[  203.373453] AAAAA-TCP_FORW: name:enp0s3: saddr:33561200: daddr:100932208
[  203.405257] AAAAA-TCP_FORW: name:enp0s3: saddr:100932208: daddr:16783984
[  203.478109] AAAAA-TCP_FORW: name:enp0s3: saddr:33561200: daddr:100932208
[  203.488016] AAAAA-TCP_FORW: name:enp0s3: saddr:100932208: daddr:16783984
[  203.541053] AAAAA-TCP_FORW: name:enp0s3: saddr:100932208: daddr:16783984
[  203.608538] AAAAA-TCP_FORW: name:enp0s3: saddr:100932208: daddr:16783984
[  203.656597] AAAAA-TCP_FORW: name:enp0s3: saddr:100932208: daddr:16783984
[  203.666658] AAAAA-TCP_FORW: name:enp0s3: saddr:33561200: daddr:100932208
[  203.735001] AAAAA-TCP_FORW: name:enp0s3: saddr:33561200: daddr:100932208
[  203.786794] AAAAA-TCP_FORW: name:enp0s3: saddr:100932208: daddr:16783984
[  203.796219] AAAAA-TCP_FORW: name:enp0s3: saddr:33561200: daddr:100932208
[  203.853877] AAAAA-TCP_FORW: name:enp0s3: saddr:33561200: daddr:100932208
[  203.991790] AAAAA-TCP_FORW: name:enp0s3: saddr:100932208: daddr:16783984
[  204.017604] AAAAA-TCP_FORW: name:enp0s3: saddr:33561200: daddr:100932208
[  204.130713] AAAAA-TCP_FORW: name:enp0s3: saddr:33561200: daddr:100932208
[  204.164005] AAAAA-TCP_FORW: name:enp0s3: saddr:100932208: daddr:16783984
[  204.192159] AAAAA-TCP_FORW: name:enp0s3: saddr:33561200: daddr:100932208
[  204.205371] AAAAA-TCP_FORW: name:enp0s3: saddr:100932208: daddr:16783984
[  204.334208] AAAAA-TCP_FORW: name:enp0s3: saddr:100932208: daddr:33561200
[  204.422722] AAAAA-TCP_FORW: name:enp0s3: saddr:33561200: daddr:100932208
[  204.437792] AAAAA-TCP_FORW: name:enp0s3: saddr:100932208: daddr:33561200
[  204.554973] AAAAA-TCP_FORW: name:enp0s3: saddr:33561200: daddr:100932208
[  204.563950] AAAAA-TCP_FORW: name:enp0s3: saddr:100932208: daddr:33561200
[  204.737161] AAAAA-TCP_FORW: name:enp0s3: saddr:100932208: daddr:33561200
[  204.871817] AAAAA-TCP_FORW: name:enp0s3: saddr:100932208: daddr:33561200
[  205.166866] AAAAA-TCP_FORW: name:enp0s3: saddr:100932208: daddr:33561200
[  205.237282] AAAAA-TCP_FORW: name:enp0s3: saddr:100932208: daddr:33561200
[  205.455375] AAAAA-TCP_FORW: name:enp0s3: saddr:100932208: daddr:33561200
[  205.582276] AAAAA-TCP_FORW: name:enp0s3: saddr:100932208: daddr:33561200
[  205.874830] AAAAA-TCP_FORW: name:enp0s3: saddr:100932208: daddr:16783984
[  205.998051] AAAAA-TCP_FORW: name:enp0s3: saddr:100932208: daddr:33561200
[  206.031959] AAAAA-TCP_FORW: name:enp0s3: saddr:100932208: daddr:16783984
[  206.094007] AAAAA-TCP_FORW: name:enp0s3: saddr:100932208: daddr:33561200
[  206.142996] AAAAA-TCP_FORW: name:enp0s3: saddr:100932208: daddr:33561200
[  206.277473] AAAAA-TCP_FORW: name:enp0s3: saddr:100932208: daddr:33561200
[  206.340877] AAAAA-TCP_FORW: name:enp0s3: saddr:100932208: daddr:33561200
[  206.385122] AAAAA-TCP_FORW: name:enp0s3: saddr:100932208: daddr:33561200
[  206.500330] AAAAA-TCP_FORW: name:enp0s3: saddr:100932208: daddr:33561200
[  206.558978] AAAAA-TCP_FORW: name:enp0s3: saddr:100932208: daddr:16783984
[  206.787734] AAAAA-TCP_FORW: name:enp0s3: saddr:100932208: daddr:33561200
[  206.876099] AAAAA-TCP_FORW: name:enp0s3: saddr:100932208: daddr:16783984
[  208.135017] AAAAA-TCP_FORW: name:enp0s3: saddr:100932208: daddr:16783984
[  208.308206] AAAAA-TCP_FORW: name:enp0s3: saddr:100932208: daddr:16783984
[  208.808994] AAAAA-TCP_FORW: name:enp0s3: saddr:100932208: daddr:33561200
[  209.140038] AAAAA-TCP_FORW: name:enp0s3: saddr:100932208: daddr:33561200
[  209.180649] AAAAA-TCP_FORW: name:enp0s3: saddr:100932208: daddr:33561200
[  209.493546] AAAAA-TCP_FORW: name:enp0s3: saddr:100932208: daddr:33561200
[  209.596796] AAAAA-TCP_FORW: name:enp0s3: saddr:100932208: daddr:16783984
[  209.698908] AAAAA-TCP_FORW: name:enp0s3: saddr:100932208: daddr:16783984
[  229.264841] AAAAA-TCP_FORW: name:enp0s3: saddr:100932208: daddr:16783984
[  229.349234] AAAAA-TCP_FORW: name:enp0s3: saddr:100932208: daddr:33561200
[  229.435990] AAAAA-TCP_FORW: name:enp0s3: saddr:100932208: daddr:33561200
[  229.509510] AAAAA-TCP_FORW: name:enp0s3: saddr:100932208: daddr:33561200
[  229.616545] AAAAA-TCP_FORW: name:enp0s3: saddr:100932208: daddr:33561200
[  229.666523] AAAAA-TCP_FORW: name:enp0s3: saddr:100932208: daddr:33561200
[  229.803098] AAAAA-TCP_FORW: name:enp0s3: saddr:100932208: daddr:33561200
[  229.854555] AAAAA-TCP_FORW: name:enp0s3: saddr:100932208: daddr:33561200
[  229.899764] AAAAA-TCP_FORW: name:enp0s3: saddr:100932208: daddr:33561200
[  229.998781] AAAAA-TCP_FORW: name:enp0s3: saddr:100932208: daddr:33561200
[  230.065489] AAAAA-TCP_FORW: name:enp0s3: saddr:100932208: daddr:33561200
[  230.120292] AAAAA-TCP_FORW: name:enp0s3: saddr:100932208: daddr:33561200
[  230.182201] AAAAA-TCP_FORW: name:enp0s3: saddr:100932208: daddr:33561200
[  230.301319] AAAAA-TCP_FORW: name:enp0s3: saddr:100932208: daddr:33561200
[  230.506207] AAAAA-TCP_FORW: name:enp0s3: saddr:100932208: daddr:33561200
[  230.682019] AAAAA-TCP_FORW: name:enp0s3: saddr:100932208: daddr:33561200
[  230.737965] AAAAA-TCP_FORW: name:enp0s3: saddr:100932208: daddr:33561200
[  230.859029] AAAAA-TCP_FORW: name:enp0s3: saddr:100932208: daddr:33561200
[  230.973652] AAAAA-TCP_FORW: name:enp0s3: saddr:100932208: daddr:33561200
[  231.048773] AAAAA-TCP_FORW: name:enp0s3: saddr:100932208: daddr:33561200
[  231.195614] AAAAA-TCP_FORW: name:enp0s3: saddr:100932208: daddr:16783984
[  231.307794] AAAAA-TCP_FORW: name:enp0s3: saddr:100932208: daddr:16783984
[  231.411890] AAAAA-TCP_FORW: name:enp0s3: saddr:100932208: daddr:16783984
[  231.481464] AAAAA-TCP_FORW: name:enp0s3: saddr:100932208: daddr:33561200
[  231.580483] AAAAA-TCP_FORW: name:enp0s3: saddr:100932208: daddr:33561200
[  231.690163] AAAAA-TCP_FORW: name:enp0s3: saddr:100932208: daddr:16783984
[  231.812987] AAAAA-TCP_FORW: name:enp0s3: saddr:100932208: daddr:33561200
[  231.965922] AAAAA-TCP_FORW: name:enp0s3: saddr:100932208: daddr:33561200
[  232.064789] AAAAA-TCP_FORW: name:enp0s3: saddr:100932208: daddr:33561200
[  232.156093] AAAAA-TCP_FORW: name:enp0s3: saddr:100932208: daddr:33561200
[  232.321488] AAAAA-TCP_FORW: name:enp0s3: saddr:100932208: daddr:33561200
[  232.412011] AAAAA-TCP_FORW: name:enp0s3: saddr:100932208: daddr:33561200
[  232.536528] AAAAA-TCP_FORW: name:enp0s3: saddr:100932208: daddr:33561200
[  232.569791] AAAAA-TCP_FORW: name:enp0s3: saddr:100932208: daddr:33561200
[  232.786579] AAAAA-TCP_FORW: name:enp0s3: saddr:100932208: daddr:33561200
[  232.837925] AAAAA-TCP_FORW: name:enp0s3: saddr:100932208: daddr:33561200
[  232.945794] AAAAA-TCP_FORW: name:enp0s3: saddr:100932208: daddr:33561200
[  233.102065] AAAAA-TCP_FORW: name:enp0s3: saddr:100932208: daddr:33561200
[  233.313351] AAAAA-TCP_FORW: name:enp0s3: saddr:100932208: daddr:33561200
[  233.328682] AAAAA-TCP_FORW: name:enp0s3: saddr:100932208: daddr:33561200
[  233.507883] AAAAA-TCP_FORW: name:enp0s3: saddr:100932208: daddr:33561200
[  233.761965] AAAAA-TCP_FORW: name:enp0s3: saddr:100932208: daddr:33561200
[  233.909014] AAAAA-TCP_FORW: name:enp0s3: saddr:100932208: daddr:33561200
[  234.043290] AAAAA-TCP_FORW: name:enp0s3: saddr:100932208: daddr:16783984
[  234.215445] AAAAA-TCP_FORW: name:enp0s3: saddr:100932208: daddr:16783984
[  234.360889] AAAAA-TCP_FORW: name:enp0s3: saddr:100932208: daddr:16783984
[  234.434195] AAAAA-TCP_FORW: name:enp0s3: saddr:100932208: daddr:33561200
[  234.544911] AAAAA-TCP_FORW: name:enp0s3: saddr:100932208: daddr:33561200
[  234.677753] AAAAA-TCP_FORW: name:enp0s3: saddr:100932208: daddr:33561200
[  234.861983] AAAAA-TCP_FORW: name:enp0s3: saddr:100932208: daddr:16783984
[  234.941112] AAAAA-TCP_FORW: name:enp0s3: saddr:100932208: daddr:16783984
[  235.074693] AAAAA-TCP_FORW: name:enp0s3: saddr:100932208: daddr:16783984
[  235.179965] AAAAA-TCP_FORW: name:enp0s3: saddr:100932208: daddr:16783984
[  235.376077] AAAAA-TCP_FORW: name:enp0s3: saddr:100932208: daddr:33561200
[  235.492451] AAAAA-TCP_FORW: name:enp0s3: saddr:100932208: daddr:33561200
[  235.543439] AAAAA-TCP_FORW: name:enp0s3: saddr:100932208: daddr:33561200
[  235.664361] AAAAA-TCP_FORW: name:enp0s3: saddr:100932208: daddr:33561200
[  235.766473] AAAAA-TCP_FORW: name:enp0s3: saddr:100932208: daddr:33561200
[  235.848488] AAAAA-TCP_FORW: name:enp0s3: saddr:100932208: daddr:33561200
[  235.930148] AAAAA-TCP_FORW: name:enp0s3: saddr:100932208: daddr:33561200
[  236.027043] AAAAA-TCP_FORW: name:enp0s3: saddr:100932208: daddr:33561200
[  236.104310] AAAAA-TCP_FORW: name:enp0s3: saddr:100932208: daddr:33561200
[  236.152892] AAAAA-TCP_FORW: name:enp0s3: saddr:100932208: daddr:33561200
[  236.177903] AAAAA-TCP_FORW: name:enp0s3: saddr:100932208: daddr:33561200
[  236.245400] AAAAA-TCP_FORW: name:enp0s3: saddr:100932208: daddr:33561200
[  236.323330] AAAAA-TCP_FORW: name:enp0s3: saddr:100932208: daddr:33561200
[  236.354213] AAAAA-TCP_FORW: name:enp0s3: saddr:100932208: daddr:33561200
[  236.391397] AAAAA-TCP_FORW: name:enp0s3: saddr:100932208: daddr:33561200
[  236.456792] AAAAA-TCP_FORW: name:enp0s3: saddr:100932208: daddr:33561200
[  236.481467] AAAAA-TCP_FORW: name:enp0s3: saddr:100932208: daddr:33561200
[  236.537631] AAAAA-TCP_FORW: name:enp0s3: saddr:100932208: daddr:33561200
[  236.607552] AAAAA-TCP_FORW: name:enp0s3: saddr:100932208: daddr:33561200
[  236.668040] AAAAA-TCP_FORW: name:enp0s3: saddr:100932208: daddr:16783984
[  236.757843] AAAAA-TCP_FORW: name:enp0s3: saddr:100932208: daddr:16783984
[  236.877373] AAAAA-TCP_FORW: name:enp0s3: saddr:100932208: daddr:33561200
[  236.932370] AAAAA-TCP_FORW: name:enp0s3: saddr:100932208: daddr:33561200
[  237.041006] AAAAA-TCP_FORW: name:enp0s3: saddr:100932208: daddr:16783984
[  237.106261] AAAAA-TCP_FORW: name:enp0s3: saddr:100932208: daddr:16783984
[  237.188475] AAAAA-TCP_FORW: name:enp0s3: saddr:100932208: daddr:16783984
[  237.279241] AAAAA-TCP_FORW: name:enp0s3: saddr:100932208: daddr:33561200
[  237.365761] AAAAA-TCP_FORW: name:enp0s3: saddr:100932208: daddr:33561200
[  237.431522] AAAAA-TCP_FORW: name:enp0s3: saddr:100932208: daddr:16783984
[  237.514360] AAAAA-TCP_FORW: name:enp0s3: saddr:100932208: daddr:33561200
[  237.552458] AAAAA-TCP_FORW: name:enp0s3: saddr:100932208: daddr:33561200
[  237.647517] AAAAA-TCP_FORW: name:enp0s3: saddr:100932208: daddr:33561200
[  237.742025] AAAAA-TCP_FORW: name:enp0s3: saddr:100932208: daddr:33561200
[  237.792671] AAAAA-TCP_FORW: name:enp0s3: saddr:100932208: daddr:33561200
[  237.884424] AAAAA-TCP_FORW: name:enp0s3: saddr:100932208: daddr:33561200
[  237.942472] AAAAA-TCP_FORW: name:enp0s3: saddr:100932208: daddr:33561200
[  238.015162] AAAAA-TCP_FORW: name:enp0s3: saddr:100932208: daddr:33561200
[  238.034946] AAAAA-TCP_FORW: name:enp0s3: saddr:100932208: daddr:33561200
[  238.101022] AAAAA-TCP_FORW: name:enp0s3: saddr:100932208: daddr:33561200
[  238.173905] AAAAA-TCP_FORW: name:enp0s3: saddr:100932208: daddr:33561200
[  238.217687] AAAAA-TCP_FORW: name:enp0s3: saddr:100932208: daddr:33561200
[  238.276528] AAAAA-TCP_FORW: name:enp0s3: saddr:100932208: daddr:33561200
[  262.046560] AAAAA-TCP_FORW: name:enp0s3: saddr:100932208: daddr:33561200
[  262.124386] AAAAA-TCP_FORW: name:enp0s3: saddr:100932208: daddr:16783984
[  262.184283] AAAAA-TCP_FORW: name:enp0s3: saddr:100932208: daddr:33561200
[  262.208080] AAAAA-TCP_FORW: name:enp0s3: saddr:100932208: daddr:33561200
[  262.274141] AAAAA-TCP_FORW: name:enp0s3: saddr:100932208: daddr:33561200
[  262.346961] AAAAA-TCP_FORW: name:enp0s3: saddr:100932208: daddr:33561200
[  262.426156] AAAAA-TCP_FORW: name:enp0s3: saddr:100932208: daddr:33561200
[  262.439188] AAAAA-TCP_FORW: name:enp0s3: saddr:100932208: daddr:33561200
[  262.480419] AAAAA-TCP_FORW: name:enp0s3: saddr:100932208: daddr:33561200
[  262.563727] AAAAA-TCP_FORW: name:enp0s3: saddr:100932208: daddr:33561200
[  262.600074] AAAAA-TCP_FORW: name:enp0s3: saddr:100932208: daddr:33561200
[  262.653154] AAAAA-TCP_FORW: name:enp0s3: saddr:100932208: daddr:33561200
[  262.690235] AAAAA-TCP_FORW: name:enp0s3: saddr:100932208: daddr:33561200
[  262.775682] AAAAA-TCP_FORW: name:enp0s3: saddr:100932208: daddr:33561200
[  262.861544] AAAAA-TCP_FORW: name:enp0s3: saddr:100932208: daddr:33561200
[  263.123634] AAAAA-TCP_FORW: name:enp0s3: saddr:100932208: daddr:33561200
[  263.294673] AAAAA-TCP_FORW: name:enp0s3: saddr:100932208: daddr:33561200
[  263.496180] AAAAA-TCP_FORW: name:enp0s3: saddr:100932208: daddr:33561200
[  263.629434] AAAAA-TCP_FORW: name:enp0s3: saddr:100932208: daddr:33561200
[  263.763413] AAAAA-TCP_FORW: name:enp0s3: saddr:100932208: daddr:33561200
[  263.933107] AAAAA-TCP_FORW: name:enp0s3: saddr:100932208: daddr:33561200
[  264.033000] AAAAA-TCP_FORW: name:enp0s3: saddr:100932208: daddr:16783984
[  264.205496] AAAAA-TCP_FORW: name:enp0s3: saddr:100932208: daddr:16783984
[  271.730446] AAAAA-TCP_FORW: name:enp0s3: saddr:100932208: daddr:33561200
[  271.914890] AAAAA-TCP_FORW: name:enp0s3: saddr:100932208: daddr:16783984
[  272.270457] AAAAA-TCP_FORW: name:enp0s3: saddr:100932208: daddr:16783984
[  272.856032] AAAAA-TCP_FORW: name:enp0s3: saddr:100932208: daddr:16783984
[  272.903710] AAAAA-TCP_FORW: name:enp0s3: saddr:100932208: daddr:33561200
[  273.466342] AAAAA-TCP_FORW: name:enp0s3: saddr:100932208: daddr:33561200
[  274.357332] AAAAA-TCP_FORW: name:enp0s3: saddr:100932208: daddr:33561200
[  275.031167] AAAAA-TCP_FORW: name:enp0s3: saddr:100932208: daddr:16783984
[  275.216022] AAAAA-TCP_FORW: name:enp0s3: saddr:100932208: daddr:16783984
[  275.397812] AAAAA-TCP_FORW: name:enp0s3: saddr:100932208: daddr:16783984
[  275.636434] AAAAA-TCP_FORW: name:enp0s3: saddr:100932208: daddr:16783984
[  275.900625] AAAAA-TCP_FORW: name:enp0s3: saddr:100932208: daddr:33561200
[  276.060719] AAAAA-TCP_FORW: name:enp0s3: saddr:100932208: daddr:16783984
[  276.255993] AAAAA-TCP_FORW: name:enp0s3: saddr:100932208: daddr:16783984
[  276.420356] AAAAA-TCP_FORW: name:enp0s3: saddr:100932208: daddr:16783984
[  276.632867] AAAAA-TCP_FORW: name:enp0s3: saddr:100932208: daddr:16783984
[  276.862743] AAAAA-TCP_FORW: name:enp0s3: saddr:100932208: daddr:16783984
[  277.091269] AAAAA-TCP_FORW: name:enp0s3: saddr:100932208: daddr:16783984
[  277.402117] AAAAA-TCP_FORW: name:enp0s3: saddr:100932208: daddr:16783984
[  277.619968] AAAAA-TCP_FORW: name:enp0s3: saddr:100932208: daddr:16783984
[  277.815252] AAAAA-TCP_FORW: name:enp0s3: saddr:100932208: daddr:16783984
[  278.291267] AAAAA-TCP_FORW: name:enp0s3: saddr:100932208: daddr:16783984
[  278.413711] AAAAA-TCP_FORW: name:enp0s3: saddr:100932208: daddr:16783984
[  281.748790] AAAAA-TCP_FORW: name:enp0s3: saddr:16783984: daddr:100932208
[  281.834971] AAAAA-TCP_FORW: name:enp0s3: saddr:100932208: daddr:16783984
[  281.868398] AAAAA-TCP_FORW: name:enp0s3: saddr:16783984: daddr:100932208
[  281.925037] AAAAA-TCP_FORW: name:enp0s3: saddr:16783984: daddr:100932208
[  281.956367] AAAAA-TCP_FORW: name:enp0s3: saddr:100932208: daddr:16783984
[  281.994160] AAAAA-TCP_FORW: name:enp0s3: saddr:16783984: daddr:100932208
[  282.125499] AAAAA-TCP_FORW: name:enp0s3: saddr:16783984: daddr:100932208
[  282.221402] AAAAA-TCP_FORW: name:enp0s3: saddr:100932208: daddr:16783984
[  282.299296] AAAAA-TCP_FORW: name:enp0s3: saddr:16783984: daddr:100932208
[  282.440216] AAAAA-TCP_FORW: name:enp0s3: saddr:16783984: daddr:100932208
[  282.457952] AAAAA-TCP_FORW: name:enp0s3: saddr:100932208: daddr:16783984
[  282.508897] AAAAA-TCP_FORW: name:enp0s3: saddr:16783984: daddr:100932208
[  282.697299] AAAAA-TCP_FORW: name:enp0s3: saddr:16783984: daddr:100932208
[  282.726135] AAAAA-TCP_FORW: name:enp0s3: saddr:100932208: daddr:16783984
[  282.778841] AAAAA-TCP_FORW: name:enp0s3: saddr:16783984: daddr:100932208
[  282.870942] AAAAA-TCP_FORW: name:enp0s3: saddr:16783984: daddr:100932208
[  282.931828] AAAAA-TCP_FORW: name:enp0s3: saddr:100932208: daddr:16783984
[  282.977503] AAAAA-TCP_FORW: name:enp0s3: saddr:16783984: daddr:100932208
[  283.035459] AAAAA-TCP_FORW: name:enp0s3: saddr:16783984: daddr:100932208
[  283.118167] AAAAA-TCP_FORW: name:enp0s3: saddr:16783984: daddr:100932208
[  283.166513] AAAAA-TCP_FORW: name:enp0s3: saddr:100932208: daddr:16783984
[  283.316077] AAAAA-TCP_FORW: name:enp0s3: saddr:16783984: daddr:100932208
[  283.408380] AAAAA-TCP_FORW: name:enp0s3: saddr:100932208: daddr:16783984
[  283.420730] AAAAA-TCP_FORW: name:enp0s3: saddr:16783984: daddr:100932208
[  283.523504] AAAAA-TCP_FORW: name:enp0s3: saddr:16783984: daddr:100932208
[  283.569063] AAAAA-TCP_FORW: name:enp0s3: saddr:16783984: daddr:100932208
[  283.650232] AAAAA-TCP_FORW: name:enp0s3: saddr:100932208: daddr:16783984
[  283.717194] AAAAA-TCP_FORW: name:enp0s3: saddr:16783984: daddr:100932208
[  283.947996] AAAAA-TCP_FORW: name:enp0s3: saddr:100932208: daddr:16783984
[  283.996957] AAAAA-TCP_FORW: name:enp0s3: saddr:16783984: daddr:100932208
[  284.244246] AAAAA-TCP_FORW: name:enp0s3: saddr:100932208: daddr:16783984
[  284.312109] AAAAA-TCP_FORW: name:enp0s3: saddr:16783984: daddr:100932208
[  284.462680] AAAAA-TCP_FORW: name:enp0s3: saddr:16783984: daddr:100932208
[  284.583967] AAAAA-TCP_FORW: name:enp0s3: saddr:100932208: daddr:16783984
[  284.972331] AAAAA-TCP_FORW: name:enp0s3: saddr:100932208: daddr:16783984
[  285.144177] AAAAA-TCP_FORW: name:enp0s3: saddr:16783984: daddr:100932208
[  285.288074] AAAAA-TCP_FORW: name:enp0s3: saddr:100932208: daddr:16783984
[  285.351904] AAAAA-TCP_FORW: name:enp0s3: saddr:16783984: daddr:100932208
[  285.463606] AAAAA-TCP_FORW: name:enp0s3: saddr:16783984: daddr:100932208
[  285.628752] AAAAA-TCP_FORW: name:enp0s3: saddr:100932208: daddr:16783984
[  285.670482] AAAAA-TCP_FORW: name:enp0s3: saddr:16783984: daddr:100932208
[  285.872210] AAAAA-TCP_FORW: name:enp0s3: saddr:16783984: daddr:100932208
[  285.967600] AAAAA-TCP_FORW: name:enp0s3: saddr:100932208: daddr:16783984
[  286.314667] AAAAA-TCP_FORW: name:enp0s3: saddr:100932208: daddr:16783984
[  286.625963] AAAAA-TCP_FORW: name:enp0s3: saddr:100932208: daddr:16783984
[  286.823226] AAAAA-TCP_FORW: name:enp0s3: saddr:100932208: daddr:16783984
[  287.045758] AAAAA-TCP_FORW: name:enp0s3: saddr:100932208: daddr:16783984
[  287.271849] AAAAA-TCP_FORW: name:enp0s3: saddr:100932208: daddr:16783984
[  287.850793] AAAAA-TCP_FORW: name:enp0s3: saddr:16783984: daddr:100932208
[  287.981760] AAAAA-TCP_FORW: name:enp0s3: saddr:16783984: daddr:100932208
[  288.205173] AAAAA-TCP_FORW: name:enp0s3: saddr:16783984: daddr:100932208
[  288.378193] AAAAA-TCP_FORW: name:enp0s3: saddr:16783984: daddr:100932208
[  288.475070] AAAAA-TCP_FORW: name:enp0s3: saddr:16783984: daddr:100932208
[  288.616552] AAAAA-TCP_FORW: name:enp0s3: saddr:16783984: daddr:100932208
[  288.889351] AAAAA-TCP_FORW: name:enp0s3: saddr:16783984: daddr:100932208
[  289.110408] AAAAA-TCP_FORW: name:enp0s3: saddr:16783984: daddr:100932208
[  294.807145] AAAAA-TCP_FORW: name:enp0s3: saddr:100932208: daddr:16783984
[  294.886111] AAAAA-TCP_FORW: name:enp0s3: saddr:100932208: daddr:16783984
[  295.116351] AAAAA-TCP_FORW: name:enp0s3: saddr:100932208: daddr:16783984
[  295.337093] AAAAA-TCP_FORW: name:enp0s3: saddr:100932208: daddr:16783984
[  295.567782] AAAAA-TCP_FORW: name:enp0s3: saddr:100932208: daddr:16783984
[  295.792432] AAAAA-TCP_FORW: name:enp0s3: saddr:100932208: daddr:16783984
[  296.114501] AAAAA-TCP_FORW: name:enp0s3: saddr:100932208: daddr:16783984
[  296.244866] AAAAA-TCP_FORW: name:enp0s3: saddr:100932208: daddr:16783984
[  296.473880] AAAAA-TCP_FORW: name:enp0s3: saddr:100932208: daddr:16783984
[  296.695349] AAAAA-TCP_FORW: name:enp0s3: saddr:100932208: daddr:16783984
[  296.919525] AAAAA-TCP_FORW: name:enp0s3: saddr:100932208: daddr:16783984
[  297.157667] AAAAA-TCP_FORW: name:enp0s3: saddr:100932208: daddr:16783984
[  297.373138] AAAAA-TCP_FORW: name:enp0s3: saddr:100932208: daddr:16783984
[  297.596925] AAAAA-TCP_FORW: name:enp0s3: saddr:100932208: daddr:16783984
[  297.874763] AAAAA-TCP_FORW: name:enp0s3: saddr:100932208: daddr:16783984
[  297.966956] AAAAA-TCP_FORW: name:enp0s3: saddr:16783984: daddr:100932208
[  298.217793] AAAAA-TCP_FORW: name:enp0s3: saddr:16783984: daddr:100932208
[  298.494817] AAAAA-TCP_FORW: name:enp0s3: saddr:16783984: daddr:100932208
[  298.590244] AAAAA-TCP_FORW: name:enp0s3: saddr:16783984: daddr:100932208
[  298.777515] AAAAA-TCP_FORW: name:enp0s3: saddr:16783984: daddr:100932208
[  298.847287] AAAAA-TCP_FORW: name:enp0s3: saddr:16783984: daddr:100932208
[  298.850511] AAAAA-TCP_FORW: name:enp0s3: saddr:16783984: daddr:100932208
[  298.910373] AAAAA-TCP_FORW: name:enp0s3: saddr:16783984: daddr:100932208
[  299.019734] AAAAA-TCP_FORW: name:enp0s3: saddr:16783984: daddr:100932208
[  299.124690] AAAAA-TCP_FORW: name:enp0s3: saddr:16783984: daddr:100932208
[  299.239373] AAAAA-TCP_FORW: name:enp0s3: saddr:16783984: daddr:100932208
[  299.280324] AAAAA-TCP_FORW: name:enp0s3: saddr:16783984: daddr:100932208
[  299.377450] AAAAA-TCP_FORW: name:enp0s3: saddr:16783984: daddr:100932208
[  299.398419] AAAAA-TCP_FORW: name:enp0s3: saddr:100932208: daddr:16783984
[  299.663696] AAAAA-TCP_FORW: name:enp0s3: saddr:16783984: daddr:100932208
[  299.707050] AAAAA-TCP_FORW: name:enp0s3: saddr:100932208: daddr:16783984
[  299.809917] AAAAA-TCP_FORW: name:enp0s3: saddr:16783984: daddr:100932208
[  299.821795] AAAAA-TCP_FORW: name:enp0s3: saddr:100932208: daddr:33561200
[  299.958354] AAAAA-TCP_FORW: name:enp0s3: saddr:100932208: daddr:16783984
[  300.033280] AAAAA-TCP_FORW: name:enp0s3: saddr:16783984: daddr:100932208
[  300.156857] AAAAA-TCP_FORW: name:enp0s3: saddr:100932208: daddr:16783984
[  300.195983] AAAAA-TCP_FORW: name:enp0s3: saddr:33561200: daddr:100932208
[  300.379968] AAAAA-TCP_FORW: name:enp0s3: saddr:100932208: daddr:16783984
[  300.436882] AAAAA-TCP_FORW: name:enp0s3: saddr:100932208: daddr:33561200
[  300.569174] AAAAA-TCP_FORW: name:enp0s3: saddr:16783984: daddr:100932208
[  300.667995] AAAAA-TCP_FORW: name:enp0s3: saddr:100932208: daddr:16783984
[  300.699699] AAAAA-TCP_FORW: name:enp0s3: saddr:16783984: daddr:100932208
[  300.925452] AAAAA-TCP_FORW: name:enp0s3: saddr:16783984: daddr:100932208
[  300.949300] AAAAA-TCP_FORW: name:enp0s3: saddr:100932208: daddr:16783984
[  301.060124] AAAAA-TCP_FORW: name:enp0s3: saddr:33561200: daddr:100932208
[  301.095690] AAAAA-TCP_FORW: name:enp0s3: saddr:16783984: daddr:100932208
[  301.116997] AAAAA-TCP_FORW: name:enp0s3: saddr:100932208: daddr:33561200
[  301.190975] AAAAA-TCP_FORW: name:enp0s3: saddr:100932208: daddr:33561200
[  301.231274] AAAAA-TCP_FORW: name:enp0s3: saddr:100932208: daddr:33561200
[  301.312614] AAAAA-TCP_FORW: name:enp0s3: saddr:16783984: daddr:100932208
[  301.322766] AAAAA-TCP_FORW: name:enp0s3: saddr:100932208: daddr:33561200
[  301.387283] AAAAA-TCP_FORW: name:enp0s3: saddr:100932208: daddr:33561200
[  301.423993] AAAAA-TCP_FORW: name:enp0s3: saddr:100932208: daddr:33561200
[  301.497889] AAAAA-TCP_FORW: name:enp0s3: saddr:100932208: daddr:33561200
[  301.549248] AAAAA-TCP_FORW: name:enp0s3: saddr:100932208: daddr:33561200
[  301.559259] AAAAA-TCP_FORW: name:enp0s3: saddr:33561200: daddr:100932208
[  301.596572] AAAAA-TCP_FORW: name:enp0s3: saddr:100932208: daddr:33561200
[  301.621988] AAAAA-TCP_FORW: name:enp0s3: saddr:33561200: daddr:100932208
[  301.641986] AAAAA-TCP_FORW: name:enp0s3: saddr:100932208: daddr:33561200
[  301.656187] AAAAA-TCP_FORW: name:enp0s3: saddr:33561200: daddr:100932208
[  301.733048] AAAAA-TCP_FORW: name:enp0s3: saddr:100932208: daddr:33561200
[  301.797000] AAAAA-TCP_FORW: name:enp0s3: saddr:100932208: daddr:33561200
[  301.877688] AAAAA-TCP_FORW: name:enp0s3: saddr:100932208: daddr:33561200
[  301.944592] AAAAA-TCP_FORW: name:enp0s3: saddr:100932208: daddr:33561200
[  301.975207] AAAAA-TCP_FORW: name:enp0s3: saddr:33561200: daddr:100932208
[  302.007393] AAAAA-TCP_FORW: name:enp0s3: saddr:100932208: daddr:33561200
[  302.105533] AAAAA-TCP_FORW: name:enp0s3: saddr:33561200: daddr:100932208
[  302.116776] AAAAA-TCP_FORW: name:enp0s3: saddr:100932208: daddr:33561200
[  302.139902] AAAAA-TCP_FORW: name:enp0s3: saddr:33561200: daddr:100932208
[  302.169811] AAAAA-TCP_FORW: name:enp0s3: saddr:100932208: daddr:16783984
[  302.251337] AAAAA-TCP_FORW: name:enp0s3: saddr:100932208: daddr:33561200
[  302.288768] AAAAA-TCP_FORW: name:enp0s3: saddr:100932208: daddr:33561200
[  302.314728] AAAAA-TCP_FORW: name:enp0s3: saddr:100932208: daddr:33561200
[  302.326311] AAAAA-TCP_FORW: name:enp0s3: saddr:33561200: daddr:100932208
[  302.374475] AAAAA-TCP_FORW: name:enp0s3: saddr:100932208: daddr:33561200
[  302.429855] AAAAA-TCP_FORW: name:enp0s3: saddr:100932208: daddr:33561200
[  302.479521] AAAAA-TCP_FORW: name:enp0s3: saddr:100932208: daddr:33561200
[  302.496645] AAAAA-TCP_FORW: name:enp0s3: saddr:33561200: daddr:100932208
[  302.546621] AAAAA-TCP_FORW: name:enp0s3: saddr:100932208: daddr:33561200
[  302.565183] AAAAA-TCP_FORW: name:enp0s3: saddr:100932208: daddr:33561200
[  302.620353] AAAAA-TCP_FORW: name:enp0s3: saddr:100932208: daddr:33561200
[  302.632541] AAAAA-TCP_FORW: name:enp0s3: saddr:33561200: daddr:100932208
[  302.652887] AAAAA-TCP_FORW: name:enp0s3: saddr:100932208: daddr:33561200
[  302.708640] AAAAA-TCP_FORW: name:enp0s3: saddr:100932208: daddr:33561200
[  302.767855] AAAAA-TCP_FORW: name:enp0s3: saddr:100932208: daddr:33561200
[  302.809614] AAAAA-TCP_FORW: name:enp0s3: saddr:100932208: daddr:33561200
[  302.847868] AAAAA-TCP_FORW: name:enp0s3: saddr:33561200: daddr:100932208
[  302.860611] AAAAA-TCP_FORW: name:enp0s3: saddr:100932208: daddr:33561200
[  302.908861] AAAAA-TCP_FORW: name:enp0s3: saddr:100932208: daddr:33561200
[  302.927496] AAAAA-TCP_FORW: name:enp0s3: saddr:33561200: daddr:100932208
[  302.974079] AAAAA-TCP_FORW: name:enp0s3: saddr:100932208: daddr:33561200
[  302.989122] AAAAA-TCP_FORW: name:enp0s3: saddr:33561200: daddr:100932208
[  303.025162] AAAAA-TCP_FORW: name:enp0s3: saddr:100932208: daddr:33561200
[  303.104836] AAAAA-TCP_FORW: name:enp0s3: saddr:100932208: daddr:33561200
[  303.178618] AAAAA-TCP_FORW: name:enp0s3: saddr:33561200: daddr:100932208
[  303.188613] AAAAA-TCP_FORW: name:enp0s3: saddr:100932208: daddr:33561200
[  303.227527] AAAAA-TCP_FORW: name:enp0s3: saddr:33561200: daddr:100932208
[  303.306976] AAAAA-TCP_FORW: name:enp0s3: saddr:100932208: daddr:16783984
[  303.376940] AAAAA-TCP_FORW: name:enp0s3: saddr:100932208: daddr:16783984
[  303.440416] AAAAA-TCP_FORW: name:enp0s3: saddr:100932208: daddr:16783984
[  303.496979] AAAAA-TCP_FORW: name:enp0s3: saddr:33561200: daddr:100932208
[  303.561099] AAAAA-TCP_FORW: name:enp0s3: saddr:100932208: daddr:33561200
[  303.678275] AAAAA-TCP_FORW: name:enp0s3: saddr:100932208: daddr:16783984
[  303.721819] AAAAA-TCP_FORW: name:enp0s3: saddr:100932208: daddr:33561200
[  303.762703] AAAAA-TCP_FORW: name:enp0s3: saddr:100932208: daddr:33561200
[  303.807211] AAAAA-TCP_FORW: name:enp0s3: saddr:33561200: daddr:100932208
[  303.888641] AAAAA-TCP_FORW: name:enp0s3: saddr:100932208: daddr:16783984
[  303.907175] AAAAA-TCP_FORW: name:enp0s3: saddr:100932208: daddr:16783984
[  303.958215] AAAAA-TCP_FORW: name:enp0s3: saddr:100932208: daddr:33561200
[  304.014927] AAAAA-TCP_FORW: name:enp0s3: saddr:100932208: daddr:16783984
[  304.032000] AAAAA-TCP_FORW: name:enp0s3: saddr:100932208: daddr:33561200
[  304.052325] AAAAA-TCP_FORW: name:enp0s3: saddr:16783984: daddr:100932208
[  304.113264] AAAAA-TCP_FORW: name:enp0s3: saddr:100932208: daddr:33561200
[  304.137625] AAAAA-TCP_FORW: name:enp0s3: saddr:33561200: daddr:100932208
[  304.160221] AAAAA-TCP_FORW: name:enp0s3: saddr:100932208: daddr:33561200
[  304.217126] AAAAA-TCP_FORW: name:enp0s3: saddr:100932208: daddr:33561200
[  304.287044] AAAAA-TCP_FORW: name:enp0s3: saddr:33561200: daddr:100932208
[  304.310100] AAAAA-TCP_FORW: name:enp0s3: saddr:100932208: daddr:33561200
[  304.410224] AAAAA-TCP_FORW: name:enp0s3: saddr:33561200: daddr:100932208
[  304.504001] AAAAA-TCP_FORW: name:enp0s3: saddr:100932208: daddr:33561200
[  304.658726] AAAAA-TCP_FORW: name:enp0s3: saddr:33561200: daddr:100932208
[  304.973215] AAAAA-TCP_FORW: name:enp0s3: saddr:33561200: daddr:100932208
[  305.110433] AAAAA-TCP_FORW: name:enp0s3: saddr:33561200: daddr:100932208
[  305.265868] AAAAA-TCP_FORW: name:enp0s3: saddr:33561200: daddr:100932208
[  305.424772] AAAAA-TCP_FORW: name:enp0s3: saddr:33561200: daddr:100932208
[  305.582277] AAAAA-TCP_FORW: name:enp0s3: saddr:33561200: daddr:100932208
[  305.818708] AAAAA-TCP_FORW: name:enp0s3: saddr:33561200: daddr:100932208
[  306.029348] AAAAA-TCP_FORW: name:enp0s3: saddr:33561200: daddr:100932208
[  306.190129] AAAAA-TCP_FORW: name:enp0s3: saddr:16783984: daddr:100932208
[  306.231116] AAAAA-TCP_FORW: name:enp0s3: saddr:16783984: daddr:100932208
[  306.350873] AAAAA-TCP_FORW: name:enp0s3: saddr:16783984: daddr:100932208
[  306.570404] AAAAA-TCP_FORW: name:enp0s3: saddr:16783984: daddr:100932208
[  306.655709] AAAAA-TCP_FORW: name:enp0s3: saddr:33561200: daddr:100932208
[  306.841807] AAAAA-TCP_FORW: name:enp0s3: saddr:16783984: daddr:100932208
[  306.885259] AAAAA-TCP_FORW: name:enp0s3: saddr:33561200: daddr:100932208
[  307.052659] AAAAA-TCP_FORW: name:enp0s3: saddr:16783984: daddr:100932208
[  307.096210] AAAAA-TCP_FORW: name:enp0s3: saddr:16783984: daddr:100932208
[  307.144438] AAAAA-TCP_FORW: name:enp0s3: saddr:33561200: daddr:100932208
[  307.237331] AAAAA-TCP_FORW: name:enp0s3: saddr:33561200: daddr:100932208
[  307.315668] AAAAA-TCP_FORW: name:enp0s3: saddr:33561200: daddr:100932208
[  307.557647] AAAAA-TCP_FORW: name:enp0s3: saddr:33561200: daddr:100932208
[  318.044624] AAAAA-TCP_FORW: name:enp0s3: saddr:100932208: daddr:33561200
[  318.153247] AAAAA-TCP_FORW: name:enp0s3: saddr:100932208: daddr:33561200
[  318.329194] AAAAA-TCP_FORW: name:enp0s3: saddr:100932208: daddr:33561200
[  318.459883] AAAAA-TCP_FORW: name:enp0s3: saddr:100932208: daddr:33561200
[  319.220992] AAAAA-TCP_FORW: name:enp0s3: saddr:100932208: daddr:33561200
[  319.358516] AAAAA-TCP_FORW: name:enp0s3: saddr:100932208: daddr:33561200
[  319.465714] AAAAA-TCP_FORW: name:enp0s3: saddr:100932208: daddr:33561200
[  319.609068] AAAAA-TCP_FORW: name:enp0s3: saddr:100932208: daddr:33561200
[  319.719545] AAAAA-TCP_FORW: name:enp0s3: saddr:100932208: daddr:33561200
[  319.798736] AAAAA-TCP_FORW: name:enp0s3: saddr:100932208: daddr:33561200
[  319.935150] AAAAA-TCP_FORW: name:enp0s3: saddr:100932208: daddr:33561200
[  320.039565] AAAAA-TCP_FORW: name:enp0s3: saddr:100932208: daddr:33561200
[  320.115171] AAAAA-TCP_FORW: name:enp0s3: saddr:100932208: daddr:33561200
[  320.163998] AAAAA-TCP_FORW: name:enp0s3: saddr:100932208: daddr:33561200
[  320.215558] AAAAA-TCP_FORW: name:enp0s3: saddr:100932208: daddr:33561200
[  320.339597] AAAAA-TCP_FORW: name:enp0s3: saddr:100932208: daddr:33561200
[  320.466977] AAAAA-TCP_FORW: name:enp0s3: saddr:100932208: daddr:33561200
[  320.557804] AAAAA-TCP_FORW: name:enp0s3: saddr:100932208: daddr:33561200
[  320.635454] AAAAA-TCP_FORW: name:enp0s3: saddr:100932208: daddr:33561200
[  320.736057] AAAAA-TCP_FORW: name:enp0s3: saddr:100932208: daddr:33561200
[  320.826397] AAAAA-TCP_FORW: name:enp0s3: saddr:100932208: daddr:33561200
[  320.884356] AAAAA-TCP_FORW: name:enp0s3: saddr:100932208: daddr:33561200
[  320.957464] AAAAA-TCP_FORW: name:enp0s3: saddr:100932208: daddr:33561200
[  321.144019] AAAAA-TCP_FORW: name:enp0s3: saddr:100932208: daddr:33561200
[  321.222180] AAAAA-TCP_FORW: name:enp0s3: saddr:100932208: daddr:33561200
[  321.299043] AAAAA-TCP_FORW: name:enp0s3: saddr:100932208: daddr:33561200
[  321.369115] AAAAA-TCP_FORW: name:enp0s3: saddr:100932208: daddr:33561200
[  321.476934] AAAAA-TCP_FORW: name:enp0s3: saddr:100932208: daddr:33561200
[  321.623143] AAAAA-TCP_FORW: name:enp0s3: saddr:100932208: daddr:33561200
[  321.748357] AAAAA-TCP_FORW: name:enp0s3: saddr:100932208: daddr:33561200
[  321.847461] AAAAA-TCP_FORW: name:enp0s3: saddr:100932208: daddr:33561200
[  321.988405] AAAAA-TCP_FORW: name:enp0s3: saddr:100932208: daddr:33561200
[  322.100684] AAAAA-TCP_FORW: name:enp0s3: saddr:100932208: daddr:33561200
[  322.198985] AAAAA-TCP_FORW: name:enp0s3: saddr:100932208: daddr:33561200
[  322.280706] AAAAA-TCP_FORW: name:enp0s3: saddr:100932208: daddr:33561200
[  322.474937] AAAAA-TCP_FORW: name:enp0s3: saddr:100932208: daddr:16783984
[  322.535040] AAAAA-TCP_FORW: name:enp0s3: saddr:100932208: daddr:33561200
[  322.684626] AAAAA-TCP_FORW: name:enp0s3: saddr:100932208: daddr:33561200
[  322.865697] AAAAA-TCP_FORW: name:enp0s3: saddr:100932208: daddr:33561200
[  323.160752] AAAAA-TCP_FORW: name:enp0s3: saddr:100932208: daddr:33561200
[  323.297567] AAAAA-TCP_FORW: name:enp0s3: saddr:100932208: daddr:33561200
[  323.302831] AAAAA-TCP_FORW: name:enp0s3: saddr:100932208: daddr:33561200
[  323.529257] AAAAA-TCP_FORW: name:enp0s3: saddr:100932208: daddr:16783984
[  323.623211] AAAAA-TCP_FORW: name:enp0s3: saddr:100932208: daddr:33561200
[  323.666867] AAAAA-TCP_FORW: name:enp0s3: saddr:100932208: daddr:33561200
[  324.408108] AAAAA-TCP_FORW: name:enp0s3: saddr:100932208: daddr:16783984
[  324.562925] AAAAA-TCP_FORW: name:enp0s3: saddr:100932208: daddr:33561200
[  324.618135] AAAAA-TCP_FORW: name:enp0s3: saddr:100932208: daddr:33561200
[  324.726569] AAAAA-TCP_FORW: name:enp0s3: saddr:100932208: daddr:33561200
[  324.771143] AAAAA-TCP_FORW: name:enp0s3: saddr:33561200: daddr:100932208
[  324.956700] AAAAA-TCP_FORW: name:enp0s3: saddr:100932208: daddr:33561200
[  325.042828] AAAAA-TCP_FORW: name:enp0s3: saddr:100932208: daddr:33561200
[  325.099928] AAAAA-TCP_FORW: name:enp0s3: saddr:100932208: daddr:33561200
[  325.129544] AAAAA-TCP_FORW: name:enp0s3: saddr:100932208: daddr:33561200
[  325.340972] AAAAA-TCP_FORW: name:enp0s3: saddr:100932208: daddr:33561200
[  325.435952] AAAAA-TCP_FORW: name:enp0s3: saddr:100932208: daddr:33561200
[  325.543298] AAAAA-TCP_FORW: name:enp0s3: saddr:100932208: daddr:33561200
[  325.712777] AAAAA-TCP_FORW: name:enp0s3: saddr:33561200: daddr:100932208
[  325.815230] AAAAA-TCP_FORW: name:enp0s3: saddr:33561200: daddr:100932208
[  325.972030] AAAAA-TCP_FORW: name:enp0s3: saddr:100932208: daddr:33561200
[  325.999940] AAAAA-TCP_FORW: name:enp0s3: saddr:33561200: daddr:100932208
[  326.124836] AAAAA-TCP_FORW: name:enp0s3: saddr:100932208: daddr:16783984
[  326.294548] AAAAA-TCP_FORW: name:enp0s3: saddr:100932208: daddr:33561200
[  326.368000] AAAAA-TCP_FORW: name:enp0s3: saddr:33561200: daddr:100932208
[  326.388661] AAAAA-TCP_FORW: name:enp0s3: saddr:100932208: daddr:33561200
[  326.472759] AAAAA-TCP_FORW: name:enp0s3: saddr:100932208: daddr:33561200
[  326.500994] AAAAA-TCP_FORW: name:enp0s3: saddr:100932208: daddr:33561200
[  326.587217] AAAAA-TCP_FORW: name:enp0s3: saddr:100932208: daddr:33561200
[  326.708958] AAAAA-TCP_FORW: name:enp0s3: saddr:16783984: daddr:100932208
[  326.858097] AAAAA-TCP_FORW: name:enp0s3: saddr:100932208: daddr:33561200
[  326.926382] AAAAA-TCP_FORW: name:enp0s3: saddr:100932208: daddr:33561200
[  326.950126] AAAAA-TCP_FORW: name:enp0s3: saddr:16783984: daddr:100932208
[  327.018822] AAAAA-TCP_FORW: name:enp0s3: saddr:100932208: daddr:33561200
[  327.115284] AAAAA-TCP_FORW: name:enp0s3: saddr:100932208: daddr:33561200
[  327.170114] AAAAA-TCP_FORW: name:enp0s3: saddr:100932208: daddr:33561200
[  327.175158] AAAAA-TCP_FORW: name:enp0s3: saddr:16783984: daddr:100932208
[  327.219506] AAAAA-TCP_FORW: name:enp0s3: saddr:100932208: daddr:33561200
[  327.260917] AAAAA-TCP_FORW: name:enp0s3: saddr:16783984: daddr:100932208
[  327.450515] AAAAA-TCP_FORW: name:enp0s3: saddr:33561200: daddr:100932208
[  327.605117] AAAAA-TCP_FORW: name:enp0s3: saddr:100932208: daddr:33561200
[  327.808474] AAAAA-TCP_FORW: name:enp0s3: saddr:100932208: daddr:33561200
[  327.996387] AAAAA-TCP_FORW: name:enp0s3: saddr:100932208: daddr:33561200
[  328.113683] AAAAA-TCP_FORW: name:enp0s3: saddr:100932208: daddr:16783984
[  328.323208] AAAAA-TCP_FORW: name:enp0s3: saddr:100932208: daddr:33561200
[  328.488688] AAAAA-TCP_FORW: name:enp0s3: saddr:16783984: daddr:100932208
[  328.676586] AAAAA-TCP_FORW: name:enp0s3: saddr:33561200: daddr:100932208
[  328.846428] AAAAA-TCP_FORW: name:enp0s3: saddr:16783984: daddr:100932208
[  329.047017] AAAAA-TCP_FORW: name:enp0s3: saddr:100932208: daddr:33561200
[  329.107763] AAAAA-TCP_FORW: name:enp0s3: saddr:16783984: daddr:100932208
[  329.135259] AAAAA-TCP_FORW: name:enp0s3: saddr:100932208: daddr:33561200
[  329.162544] AAAAA-TCP_FORW: name:enp0s3: saddr:33561200: daddr:100932208
[  329.192090] AAAAA-TCP_FORW: name:enp0s3: saddr:100932208: daddr:33561200
[  329.288095] AAAAA-TCP_FORW: name:enp0s3: saddr:100932208: daddr:33561200
[  329.367235] AAAAA-TCP_FORW: name:enp0s3: saddr:100932208: daddr:33561200
[  329.460755] AAAAA-TCP_FORW: name:enp0s3: saddr:100932208: daddr:33561200
[  329.543000] AAAAA-TCP_FORW: name:enp0s3: saddr:16783984: daddr:100932208
[  329.605583] AAAAA-TCP_FORW: name:enp0s3: saddr:100932208: daddr:33561200
[  329.682602] AAAAA-TCP_FORW: name:enp0s3: saddr:100932208: daddr:33561200
[  329.778418] AAAAA-TCP_FORW: name:enp0s3: saddr:33561200: daddr:100932208
[  330.045046] AAAAA-TCP_FORW: name:enp0s3: saddr:33561200: daddr:100932208
[  330.260805] AAAAA-TCP_FORW: name:enp0s3: saddr:100932208: daddr:16783984
[  330.363911] AAAAA-TCP_FORW: name:enp0s3: saddr:16783984: daddr:100932208
[  330.421217] AAAAA-TCP_FORW: name:enp0s3: saddr:33561200: daddr:100932208
[  330.471350] AAAAA-TCP_FORW: name:enp0s3: saddr:33561200: daddr:100932208
[  330.609353] AAAAA-TCP_FORW: name:enp0s3: saddr:100932208: daddr:33561200
[  330.777750] AAAAA-TCP_FORW: name:enp0s3: saddr:16783984: daddr:100932208
[  330.829444] AAAAA-TCP_FORW: name:enp0s3: saddr:33561200: daddr:100932208
[  330.906365] AAAAA-TCP_FORW: name:enp0s3: saddr:33561200: daddr:100932208
[  331.054927] AAAAA-TCP_FORW: name:enp0s3: saddr:100932208: daddr:33561200
[  331.108436] AAAAA-TCP_FORW: name:enp0s3: saddr:100932208: daddr:16783984
[  331.174952] AAAAA-TCP_FORW: name:enp0s3: saddr:16783984: daddr:100932208
[  331.187281] AAAAA-TCP_FORW: name:enp0s3: saddr:100932208: daddr:16783984
[  331.220635] AAAAA-TCP_FORW: name:enp0s3: saddr:33561200: daddr:100932208
[  331.259664] AAAAA-TCP_FORW: name:enp0s3: saddr:100932208: daddr:33561200
[  331.368878] AAAAA-TCP_FORW: name:enp0s3: saddr:100932208: daddr:16783984
[  331.430939] AAAAA-TCP_FORW: name:enp0s3: saddr:100932208: daddr:33561200
[  331.864309] AAAAA-TCP_FORW: name:enp0s3: saddr:16783984: daddr:100932208
[  331.926599] AAAAA-TCP_FORW: name:enp0s3: saddr:100932208: daddr:33561200
[  331.972030] AAAAA-TCP_FORW: name:enp0s3: saddr:16783984: daddr:100932208
[  332.014931] AAAAA-TCP_FORW: name:enp0s3: saddr:100932208: daddr:16783984
[  332.079114] AAAAA-TCP_FORW: name:enp0s3: saddr:100932208: daddr:33561200
[  332.199109] AAAAA-TCP_FORW: name:enp0s3: saddr:33561200: daddr:100932208
[  332.281549] AAAAA-TCP_FORW: name:enp0s3: saddr:100932208: daddr:33561200
[  332.415193] AAAAA-TCP_FORW: name:enp0s3: saddr:33561200: daddr:100932208
[  332.562793] AAAAA-TCP_FORW: name:enp0s3: saddr:16783984: daddr:100932208
[  332.818631] AAAAA-TCP_FORW: name:enp0s3: saddr:100932208: daddr:16783984
[  332.975447] AAAAA-TCP_FORW: name:enp0s3: saddr:100932208: daddr:33561200
[  333.097161] AAAAA-TCP_FORW: name:enp0s3: saddr:100932208: daddr:16783984
[  333.209435] AAAAA-TCP_FORW: name:enp0s3: saddr:16783984: daddr:100932208
[  333.306852] AAAAA-TCP_FORW: name:enp0s3: saddr:16783984: daddr:100932208
[  333.313488] AAAAA-TCP_FORW: name:enp0s3: saddr:100932208: daddr:16783984
[  333.386414] AAAAA-TCP_FORW: name:enp0s3: saddr:16783984: daddr:100932208
[  333.411757] AAAAA-TCP_FORW: name:enp0s3: saddr:100932208: daddr:16783984
[  333.485044] AAAAA-TCP_FORW: name:enp0s3: saddr:100932208: daddr:16783984
[  333.522159] AAAAA-TCP_FORW: name:enp0s3: saddr:16783984: daddr:100932208
[  333.577677] AAAAA-TCP_FORW: name:enp0s3: saddr:100932208: daddr:16783984
[  333.642638] AAAAA-TCP_FORW: name:enp0s3: saddr:16783984: daddr:100932208
[  333.662960] AAAAA-TCP_FORW: name:enp0s3: saddr:100932208: daddr:16783984
[  333.738558] AAAAA-TCP_FORW: name:enp0s3: saddr:16783984: daddr:100932208
[  333.746257] AAAAA-TCP_FORW: name:enp0s3: saddr:100932208: daddr:33561200
[  333.790740] AAAAA-TCP_FORW: name:enp0s3: saddr:33561200: daddr:100932208
[  333.801996] AAAAA-TCP_FORW: name:enp0s3: saddr:100932208: daddr:16783984
[  333.851385] AAAAA-TCP_FORW: name:enp0s3: saddr:33561200: daddr:100932208
[  333.882700] AAAAA-TCP_FORW: name:enp0s3: saddr:100932208: daddr:33561200
[  333.922755] AAAAA-TCP_FORW: name:enp0s3: saddr:16783984: daddr:100932208
[  485.045732] rfkill: input handler enabled
[  494.253236] rfkill: input handler disabled
[  716.159578] device enp0s3 left promiscuous mode
