[    0.000000] Linux version 5.4.243-mptcp (root@ztg) (gcc version 12.2.0 (Debian 12.2.0-14+deb12u1)) #53 SMP Wed Dec 24 23:28:15 CST 2025
[    0.000000] Command line: BOOT_IMAGE=/boot/vmlinuz-5.4.243-mptcp root=UUID=98415a12-53b7-4144-8265-0f7ece09e445 ro quiet splash
[    0.000000] KERNEL supported cpus:
[    0.000000]   Intel GenuineIntel
[    0.000000]   AMD AuthenticAMD
[    0.000000]   Hygon HygonGenuine
[    0.000000]   Centaur CentaurHauls
[    0.000000]   zhaoxin   Shanghai  
[    0.000000] x86/fpu: Supporting XSAVE feature 0x001: 'x87 floating point registers'
[    0.000000] x86/fpu: Supporting XSAVE feature 0x002: 'SSE registers'
[    0.000000] x86/fpu: Supporting XSAVE feature 0x004: 'AVX registers'
[    0.000000] x86/fpu: xstate_offset[2]:  576, xstate_sizes[2]:  256
[    0.000000] x86/fpu: Enabled xstate features 0x7, context size is 832 bytes, using 'standard' format.
[    0.000000] BIOS-provided physical RAM map:
[    0.000000] BIOS-e820: [mem 0x0000000000000000-0x000000000009fbff] usable
[    0.000000] BIOS-e820: [mem 0x000000000009fc00-0x000000000009ffff] reserved
[    0.000000] BIOS-e820: [mem 0x00000000000f0000-0x00000000000fffff] reserved
[    0.000000] BIOS-e820: [mem 0x0000000000100000-0x000000007ffeffff] usable
[    0.000000] BIOS-e820: [mem 0x000000007fff0000-0x000000007fffffff] ACPI data
[    0.000000] BIOS-e820: [mem 0x00000000fec00000-0x00000000fec00fff] reserved
[    0.000000] BIOS-e820: [mem 0x00000000fee00000-0x00000000fee00fff] reserved
[    0.000000] BIOS-e820: [mem 0x00000000fffc0000-0x00000000ffffffff] reserved
[    0.000000] NX (Execute Disable) protection: active
[    0.000000] SMBIOS 2.5 present.
[    0.000000] DMI: innotek GmbH VirtualBox/VirtualBox, BIOS VirtualBox 12/01/2006
[    0.000000] Hypervisor detected: KVM
[    0.000000] kvm-clock: Using msrs 4b564d01 and 4b564d00
[    0.000000] kvm-clock: cpu 0, msr 7a001001, primary cpu clock
[    0.000000] kvm-clock: using sched offset of 4492265638 cycles
[    0.000003] clocksource: kvm-clock: mask: 0xffffffffffffffff max_cycles: 0x1cd42e4dffb, max_idle_ns: 881590591483 ns
[    0.000006] tsc: Detected 2100.000 MHz processor
[    0.001952] e820: update [mem 0x00000000-0x00000fff] usable ==> reserved
[    0.001954] e820: remove [mem 0x000a0000-0x000fffff] usable
[    0.001959] last_pfn = 0x7fff0 max_arch_pfn = 0x400000000
[    0.002028] MTRR default type: uncachable
[    0.002029] MTRR fixed ranges enabled:
[    0.002030]   00000-9FFFF write-back
[    0.002031]   A0000-BFFFF uncachable
[    0.002032]   C0000-FFFFF write-protect
[    0.002032] MTRR variable ranges enabled:
[    0.002034]   0 base 000000000000 mask 3FFF80000000 write-back
[    0.002034]   1 disabled
[    0.002035]   2 disabled
[    0.002035]   3 disabled
[    0.002036]   4 disabled
[    0.002036]   5 disabled
[    0.002037]   6 disabled
[    0.002037]   7 disabled
[    0.002037]   8 disabled
[    0.002038]   9 disabled
[    0.002038]   10 disabled
[    0.002039]   11 disabled
[    0.002039]   12 disabled
[    0.002040]   13 disabled
[    0.002040]   14 disabled
[    0.002040]   15 disabled
[    0.002056] x86/PAT: Configuration [0-7]: WB  WC  UC- UC  WB  WP  UC- WT  
[    0.002193] found SMP MP-table at [mem 0x0009fff0-0x0009ffff]
[    0.095425] check: Scanning 1 areas for low memory corruption
[    0.095654] RAMDISK: [mem 0x32271000-0x3512ffff]
[    0.095662] ACPI: Early table checksum verification disabled
[    0.095668] ACPI: RSDP 0x00000000000E0000 000024 (v02 VBOX  )
[    0.095673] ACPI: XSDT 0x000000007FFF0030 00003C (v01 VBOX   VBOXXSDT 00000001 ASL  00000061)
[    0.095679] ACPI: FACP 0x000000007FFF00F0 0000F4 (v04 VBOX   VBOXFACP 00000001 ASL  00000061)
[    0.095685] ACPI: DSDT 0x000000007FFF02E0 002353 (v02 VBOX   VBOXBIOS 00000002 VBOX 00029BF3)
[    0.095689] ACPI: FACS 0x000000007FFF0200 000040
[    0.095693] ACPI: FACS 0x000000007FFF0200 000040
[    0.095696] ACPI: APIC 0x000000007FFF0240 000054 (v02 VBOX   VBOXAPIC 00000001 ASL  00000061)
[    0.095700] ACPI: SSDT 0x000000007FFF02A0 000038 (v01 VBOX   VBOXCPUT 00000002 VBOX 00029BF3)
[    0.095703] ACPI: Reserving FACP table memory at [mem 0x7fff00f0-0x7fff01e3]
[    0.095704] ACPI: Reserving DSDT table memory at [mem 0x7fff02e0-0x7fff2632]
[    0.095704] ACPI: Reserving FACS table memory at [mem 0x7fff0200-0x7fff023f]
[    0.095705] ACPI: Reserving FACS table memory at [mem 0x7fff0200-0x7fff023f]
[    0.095706] ACPI: Reserving APIC table memory at [mem 0x7fff0240-0x7fff0293]
[    0.095707] ACPI: Reserving SSDT table memory at [mem 0x7fff02a0-0x7fff02d7]
[    0.095721] ACPI: Local APIC address 0xfee00000
[    0.095911] No NUMA configuration found
[    0.095912] Faking a node at [mem 0x0000000000000000-0x000000007ffeffff]
[    0.095922] NODE_DATA(0) allocated [mem 0x7ffc5000-0x7ffeffff]
[    0.096227] Zone ranges:
[    0.096228]   DMA      [mem 0x0000000000001000-0x0000000000ffffff]
[    0.096229]   DMA32    [mem 0x0000000001000000-0x000000007ffeffff]
[    0.096230]   Normal   empty
[    0.096230]   Device   empty
[    0.096231] Movable zone start for each node
[    0.096233] Early memory node ranges
[    0.096234]   node   0: [mem 0x0000000000001000-0x000000000009efff]
[    0.096235]   node   0: [mem 0x0000000000100000-0x000000007ffeffff]
[    0.096238] Zeroed struct page in unavailable ranges: 114 pages
[    0.096239] Initmem setup node 0 [mem 0x0000000000001000-0x000000007ffeffff]
[    0.096240] On node 0 totalpages: 524174
[    0.096241]   DMA zone: 64 pages used for memmap
[    0.096242]   DMA zone: 21 pages reserved
[    0.096243]   DMA zone: 3998 pages, LIFO batch:0
[    0.096315]   DMA32 zone: 8128 pages used for memmap
[    0.096315]   DMA32 zone: 520176 pages, LIFO batch:63
[    0.105233] ACPI: PM-Timer IO Port: 0x4008
[    0.105236] ACPI: Local APIC address 0xfee00000
[    0.105342] IOAPIC[0]: apic_id 1, version 32, address 0xfec00000, GSI 0-23
[    0.105346] ACPI: INT_SRC_OVR (bus 0 bus_irq 0 global_irq 2 dfl dfl)
[    0.105348] ACPI: INT_SRC_OVR (bus 0 bus_irq 9 global_irq 9 low level)
[    0.105350] ACPI: IRQ0 used by override.
[    0.105351] ACPI: IRQ9 used by override.
[    0.105353] Using ACPI (MADT) for SMP configuration information
[    0.105360] smpboot: Allowing 1 CPUs, 0 hotplug CPUs
[    0.105383] PM: Registered nosave memory: [mem 0x00000000-0x00000fff]
[    0.105385] PM: Registered nosave memory: [mem 0x0009f000-0x0009ffff]
[    0.105385] PM: Registered nosave memory: [mem 0x000a0000-0x000effff]
[    0.105386] PM: Registered nosave memory: [mem 0x000f0000-0x000fffff]
[    0.105387] [mem 0x80000000-0xfebfffff] available for PCI devices
[    0.105388] Booting paravirtualized kernel on KVM
[    0.105391] clocksource: refined-jiffies: mask: 0xffffffff max_cycles: 0xffffffff, max_idle_ns: 7645519600211568 ns
[    0.105396] setup_percpu: NR_CPUS:8192 nr_cpumask_bits:1 nr_cpu_ids:1 nr_node_ids:1
[    0.106443] percpu: Embedded 60 pages/cpu s208896 r8192 d28672 u2097152
[    0.106448] pcpu-alloc: s208896 r8192 d28672 u2097152 alloc=1*2097152
[    0.106449] pcpu-alloc: [0] 0 
[    0.106476] Built 1 zonelists, mobility grouping on.  Total pages: 515961
[    0.106477] Policy zone: DMA32
[    0.106478] Kernel command line: BOOT_IMAGE=/boot/vmlinuz-5.4.243-mptcp root=UUID=98415a12-53b7-4144-8265-0f7ece09e445 ro quiet splash
[    0.107352] Dentry cache hash table entries: 262144 (order: 9, 2097152 bytes, linear)
[    0.107499] Inode-cache hash table entries: 131072 (order: 8, 1048576 bytes, linear)
[    0.107550] mem auto-init: stack:off, heap alloc:on, heap free:off
[    0.107553] Calgary: detecting Calgary via BIOS EBDA area
[    0.107554] Calgary: Unable to locate Rio Grande table in EBDA - bailing!
[    0.111746] Memory: 1967332K/2096696K available (14339K kernel code, 2398K rwdata, 4712K rodata, 2728K init, 17260K bss, 129364K reserved, 0K cma-reserved)
[    0.112727] SLUB: HWalign=64, Order=0-3, MinObjects=0, CPUs=1, Nodes=1
[    0.112743] ftrace: allocating 43186 entries in 169 pages
[    0.131196] rcu: Hierarchical RCU implementation.
[    0.131197] rcu: 	RCU restricting CPUs from NR_CPUS=8192 to nr_cpu_ids=1.
[    0.131199] 	Tasks RCU enabled.
[    0.131200] rcu: RCU calculated value of scheduler-enlistment delay is 25 jiffies.
[    0.131200] rcu: Adjusting geometry for rcu_fanout_leaf=16, nr_cpu_ids=1
[    0.134179] NR_IRQS: 524544, nr_irqs: 256, preallocated irqs: 16
[    0.134394] random: crng init done
[    0.143867] Console: colour VGA+ 80x25
[    0.143871] printk: console [tty0] enabled
[    0.143892] ACPI: Core revision 20190816
[    0.143991] APIC: Switch to symmetric I/O mode setup
[    0.144279] x2apic enabled
[    0.144517] Switched APIC routing to physical x2apic.
[    0.145652] ..TIMER: vector=0x30 apic1=0 pin1=2 apic2=-1 pin2=-1
[    0.145678] clocksource: tsc-early: mask: 0xffffffffffffffff max_cycles: 0x1e4530a99b6, max_idle_ns: 440795257976 ns
[    0.145683] Calibrating delay loop (skipped) preset value.. 4200.00 BogoMIPS (lpj=8400000)
[    0.145685] pid_max: default: 32768 minimum: 301
[    0.145714] LSM: Security Framework initializing
[    0.145724] Yama: becoming mindful.
[    0.145749] AppArmor: AppArmor initialized
[    0.145784] Mount-cache hash table entries: 4096 (order: 3, 32768 bytes, linear)
[    0.145789] Mountpoint-cache hash table entries: 4096 (order: 3, 32768 bytes, linear)
[    0.145799] *** VALIDATE tmpfs ***
[    0.145929] *** VALIDATE proc ***
[    0.145970] *** VALIDATE cgroup1 ***
[    0.145971] *** VALIDATE cgroup2 ***
[    0.146113] process: using mwait in idle threads
[    0.146117] Last level iTLB entries: 4KB 64, 2MB 8, 4MB 8
[    0.146118] Last level dTLB entries: 4KB 64, 2MB 0, 4MB 0, 1GB 4
[    0.146138] Spectre V1 : Mitigation: usercopy/swapgs barriers and __user pointer sanitization
[    0.146143] Spectre V2 : Mitigation: Retpolines
[    0.146144] Spectre V2 : Spectre v2 / SpectreRSB mitigation: Filling RSB on context switch
[    0.146144] Spectre V2 : Spectre v2 / SpectreRSB : Filling RSB on VMEXIT
[    0.146145] RETBleed: WARNING: Spectre v2 mitigation leaves CPU vulnerable to RETBleed attacks, data leaks possible!
[    0.146501] RETBleed: Vulnerable
[    0.146502] Speculative Store Bypass: Vulnerable
[    0.146506] TAA: Mitigation: TSX disabled
[    0.146507] MMIO Stale Data: Mitigation: Clear CPU buffers
[    0.150734] Freeing SMP alternatives memory: 40K
[    0.263437] smpboot: CPU0: Intel(R) Xeon(R) Silver 4216 CPU @ 2.10GHz (family: 0x6, model: 0x55, stepping: 0x7)
[    0.263584] Performance Events: unsupported p6 CPU model 85 no PMU driver, software events only.
[    0.263623] rcu: Hierarchical SRCU implementation.
[    0.264101] NMI watchdog: Perf NMI watchdog permanently disabled
[    0.264140] smp: Bringing up secondary CPUs ...
[    0.264141] smp: Brought up 1 node, 1 CPU
[    0.264142] smpboot: Max logical packages: 1
[    0.264143] smpboot: Total of 1 processors activated (4200.00 BogoMIPS)
[    0.265116] devtmpfs: initialized
[    0.265163] x86/mm: Memory block size: 128MB
[    0.265513] clocksource: jiffies: mask: 0xffffffff max_cycles: 0xffffffff, max_idle_ns: 7645041785100000 ns
[    0.265520] futex hash table entries: 256 (order: 2, 16384 bytes, linear)
[    0.265563] pinctrl core: initialized pinctrl subsystem
[    0.265666] PM: RTC time: 18:16:01, date: 2026-01-15
[    0.265680] NET: Registered protocol family 16
[    0.265680] audit: initializing netlink subsys (disabled)
[    0.265680] EISA bus registered
[    0.265680] cpuidle: using governor ladder
[    0.265680] cpuidle: using governor menu
[    0.265680] ACPI: bus type PCI registered
[    0.265680] acpiphp: ACPI Hot Plug PCI Controller Driver version: 0.5
[    0.265680] PCI: Using configuration type 1 for base access
[    0.266033] audit: type=2000 audit(1768472167.691:1): state=initialized audit_enabled=0 res=1
[    0.266111] HugeTLB registered 2.00 MiB page size, pre-allocated 0 pages
[    0.266926] ACPI: Added _OSI(Module Device)
[    0.266927] ACPI: Added _OSI(Processor Device)
[    0.266927] ACPI: Added _OSI(3.0 _SCP Extensions)
[    0.266928] ACPI: Added _OSI(Processor Aggregator Device)
[    0.266929] ACPI: Added _OSI(Linux-Dell-Video)
[    0.266930] ACPI: Added _OSI(Linux-Lenovo-NV-HDMI-Audio)
[    0.266931] ACPI: Added _OSI(Linux-HPI-Hybrid-Graphics)
[    0.268886] ACPI: 2 ACPI AML tables successfully acquired and loaded
[    0.270540] ACPI: Interpreter enabled
[    0.270549] ACPI: (supports S0 S5)
[    0.270550] ACPI: Using IOAPIC for interrupt routing
[    0.270754] PCI: Using host bridge windows from ACPI; if necessary, use "pci=nocrs" and report a bug
[    0.270859] ACPI: Enabled 2 GPEs in block 00 to 07
[    0.275711] ACPI: PCI Root Bridge [PCI0] (domain 0000 [bus 00-ff])
[    0.275716] acpi PNP0A03:00: _OSC: OS supports [ASPM ClockPM Segments MSI HPX-Type3]
[    0.276159] acpi PNP0A03:00: _OSC: not requesting OS control; OS requires [ExtendedConfig ASPM ClockPM MSI]
[    0.276167] acpi PNP0A03:00: fail to add MMCONFIG information, can't access extended PCI configuration space under this bridge.
[    0.276548] PCI host bridge to bus 0000:00
[    0.276550] pci_bus 0000:00: root bus resource [io  0x0000-0x0cf7 window]
[    0.276551] pci_bus 0000:00: root bus resource [io  0x0d00-0xffff window]
[    0.276553] pci_bus 0000:00: root bus resource [mem 0x000a0000-0x000bffff window]
[    0.276554] pci_bus 0000:00: root bus resource [mem 0x80000000-0xfdffffff window]
[    0.276555] pci_bus 0000:00: root bus resource [bus 00-ff]
[    0.276598] pci 0000:00:00.0: [8086:1237] type 00 class 0x060000
[    0.277540] pci 0000:00:01.0: [8086:7000] type 00 class 0x060100
[    0.278356] pci 0000:00:01.1: [8086:7111] type 00 class 0x01018a
[    0.278740] pci 0000:00:01.1: reg 0x20: [io  0xd000-0xd00f]
[    0.278897] pci 0000:00:01.1: legacy IDE quirk: reg 0x10: [io  0x01f0-0x01f7]
[    0.278898] pci 0000:00:01.1: legacy IDE quirk: reg 0x14: [io  0x03f6]
[    0.278898] pci 0000:00:01.1: legacy IDE quirk: reg 0x18: [io  0x0170-0x0177]
[    0.278899] pci 0000:00:01.1: legacy IDE quirk: reg 0x1c: [io  0x0376]
[    0.279432] pci 0000:00:02.0: [15ad:0405] type 00 class 0x030000
[    0.281762] pci 0000:00:02.0: reg 0x10: [io  0xd010-0xd01f]
[    0.285726] pci 0000:00:02.0: reg 0x14: [mem 0xe0000000-0xe7ffffff pref]
[    0.288561] pci 0000:00:02.0: reg 0x18: [mem 0xf0000000-0xf01fffff]
[    0.302070] pci 0000:00:03.0: [1022:2000] type 00 class 0x020000
[    0.302893] pci 0000:00:03.0: reg 0x10: [io  0xd020-0xd03f]
[    0.303598] pci 0000:00:03.0: reg 0x14: [mem 0xf0200000-0xf0200fff]
[    0.307127] pci 0000:00:04.0: [80ee:cafe] type 00 class 0x088000
[    0.307823] pci 0000:00:04.0: reg 0x10: [io  0xd040-0xd05f]
[    0.308446] pci 0000:00:04.0: reg 0x14: [mem 0xf0400000-0xf07fffff]
[    0.309076] pci 0000:00:04.0: reg 0x18: [mem 0xf0800000-0xf0803fff pref]
[    0.312714] pci 0000:00:07.0: [8086:7113] type 00 class 0x068000
[    0.313269] pci 0000:00:07.0: quirk: [io  0x4000-0x403f] claimed by PIIX4 ACPI
[    0.313279] pci 0000:00:07.0: quirk: [io  0x4100-0x410f] claimed by PIIX4 SMB
[    0.313746] pci 0000:00:08.0: [8086:100e] type 00 class 0x020000
[    0.314455] pci 0000:00:08.0: reg 0x10: [mem 0xf0820000-0xf083ffff]
[    0.315624] pci 0000:00:08.0: reg 0x18: [io  0xd060-0xd067]
[    0.318730] pci 0000:00:09.0: [8086:100e] type 00 class 0x020000
[    0.319446] pci 0000:00:09.0: reg 0x10: [mem 0xf0840000-0xf085ffff]
[    0.320622] pci 0000:00:09.0: reg 0x18: [io  0xd068-0xd06f]
[    0.330729] ACPI: PCI Interrupt Link [LNKA] (IRQs 5 9 10 *11)
[    0.331008] ACPI: PCI Interrupt Link [LNKB] (IRQs 5 9 *10 11)
[    0.331114] ACPI: PCI Interrupt Link [LNKC] (IRQs 5 *9 10 11)
[    0.331243] ACPI: PCI Interrupt Link [LNKD] (IRQs 5 9 10 *11)
[    0.331624] iommu: Default domain type: Translated 
[    0.331721] pci 0000:00:02.0: vgaarb: setting as boot VGA device
[    0.331724] pci 0000:00:02.0: vgaarb: VGA device added: decodes=io+mem,owns=io+mem,locks=none
[    0.331727] pci 0000:00:02.0: vgaarb: bridge control possible
[    0.331728] vgaarb: loaded
[    0.332054] SCSI subsystem initialized
[    0.332101] libata version 3.00 loaded.
[    0.332132] ACPI: bus type USB registered
[    0.332157] usbcore: registered new interface driver usbfs
[    0.332168] usbcore: registered new interface driver hub
[    0.332177] usbcore: registered new device driver usb
[    0.332224] pps_core: LinuxPPS API ver. 1 registered
[    0.332225] pps_core: Software ver. 5.3.6 - Copyright 2005-2007 Rodolfo Giometti <giometti@linux.it>
[    0.332227] PTP clock support registered
[    0.332278] EDAC MC: Ver: 3.0.0
[    0.334111] PCI: Using ACPI for IRQ routing
[    0.334113] PCI: pci_cache_line_size set to 64 bytes
[    0.334381] e820: reserve RAM buffer [mem 0x0009fc00-0x0009ffff]
[    0.334386] e820: reserve RAM buffer [mem 0x7fff0000-0x7fffffff]
[    0.335446] NetLabel: Initializing
[    0.335447] NetLabel:  domain hash size = 128
[    0.335447] NetLabel:  protocols = UNLABELED CIPSOv4 CALIPSO
[    0.335477] NetLabel:  unlabeled traffic allowed by default
[    0.336691] clocksource: Switched to clocksource kvm-clock
[    0.348938] *** VALIDATE bpf ***
[    0.348999] VFS: Disk quotas dquot_6.6.0
[    0.349012] VFS: Dquot-cache hash table entries: 512 (order 0, 4096 bytes)
[    0.349033] *** VALIDATE ramfs ***
[    0.349036] *** VALIDATE hugetlbfs ***
[    0.349118] AppArmor: AppArmor Filesystem Enabled
[    0.349144] pnp: PnP ACPI init
[    0.349212] pnp 00:00: Plug and Play ACPI device, IDs PNP0303 (active)
[    0.349279] pnp 00:01: Plug and Play ACPI device, IDs PNP0f03 (active)
[    0.350029] pnp: PnP ACPI: found 2 devices
[    0.350984] thermal_sys: Registered thermal governor 'fair_share'
[    0.350984] thermal_sys: Registered thermal governor 'bang_bang'
[    0.350985] thermal_sys: Registered thermal governor 'step_wise'
[    0.350986] thermal_sys: Registered thermal governor 'user_space'
[    0.350986] thermal_sys: Registered thermal governor 'power_allocator'
[    0.355532] clocksource: acpi_pm: mask: 0xffffff max_cycles: 0xffffff, max_idle_ns: 2085701024 ns
[    0.355572] pci_bus 0000:00: resource 4 [io  0x0000-0x0cf7 window]
[    0.355574] pci_bus 0000:00: resource 5 [io  0x0d00-0xffff window]
[    0.355575] pci_bus 0000:00: resource 6 [mem 0x000a0000-0x000bffff window]
[    0.355576] pci_bus 0000:00: resource 7 [mem 0x80000000-0xfdffffff window]
[    0.355636] NET: Registered protocol family 2
[    0.355712] IP idents hash table entries: 32768 (order: 6, 262144 bytes, linear)
[    0.356115] MPTCP tokens hash table entries: 8192 (order: 4, 65536 bytes, linear)
[    0.356135] MPTCP request tokens hash table entries: 8192 (order: 4, 65536 bytes, linear)
[    0.356160] default registered
[    0.356161] default registered
[    0.356161] MPTCP: Stable release v0.96
[    0.356166] tcp_listen_portaddr_hash hash table entries: 1024 (order: 2, 16384 bytes, linear)
[    0.356245] TCP established hash table entries: 16384 (order: 5, 131072 bytes, linear)
[    0.356310] TCP bind hash table entries: 16384 (order: 6, 262144 bytes, linear)
[    0.356335] TCP: Hash tables configured (established 16384 bind 16384)
[    0.357038] UDP hash table entries: 1024 (order: 3, 32768 bytes, linear)
[    0.357049] UDP-Lite hash table entries: 1024 (order: 3, 32768 bytes, linear)
[    0.357082] NET: Registered protocol family 1
[    0.357090] NET: Registered protocol family 44
[    0.357110] pci 0000:00:00.0: Limiting direct PCI/PCI transfers
[    0.357122] pci 0000:00:01.0: Activating ISA DMA hang workarounds
[    0.357180] pci 0000:00:02.0: Video device with shadowed ROM at [mem 0x000c0000-0x000dffff]
[    0.357245] PCI: CLS 0 bytes, default 64
[    0.357293] Trying to unpack rootfs image as initramfs...
[    0.532050] Freeing initrd memory: 47868K
[    0.532050] clocksource: tsc: mask: 0xffffffffffffffff max_cycles: 0x1e4530a99b6, max_idle_ns: 440795257976 ns
[    0.532050] clocksource: Switched to clocksource tsc
[    0.532050] platform rtc_cmos: registered platform RTC device (no PNP device found)
[    0.532050] check: Scanning for low memory corruption every 60 seconds
[    0.532050] Initialise system trusted keyrings
[    0.532050] Key type blacklist registered
[    0.532050] workingset: timestamp_bits=36 max_order=19 bucket_order=0
[    0.532050] zbud: loaded
[    0.532050] squashfs: version 4.0 (2009/01/31) Phillip Lougher
[    0.532050] fuse: init (API version 7.31)
[    0.532050] *** VALIDATE fuse ***
[    0.532050] *** VALIDATE fuse ***
[    0.532050] Platform Keyring initialized
[    0.544379] Key type asymmetric registered
[    0.544381] Asymmetric key parser 'x509' registered
[    0.544389] Block layer SCSI generic (bsg) driver version 0.4 loaded (major 244)
[    0.544427] io scheduler mq-deadline registered
[    0.544546] shpchp: Standard Hot Plug PCI Controller Driver version: 0.4
[    0.544750] ACPI: AC Adapter [AC] (on-line)
[    0.544793] input: Power Button as /devices/LNXSYSTM:00/LNXPWRBN:00/input/input0
[    0.544822] ACPI: Power Button [PWRF]
[    0.544895] input: Sleep Button as /devices/LNXSYSTM:00/LNXSLPBN:00/input/input1
[    0.544910] ACPI: Sleep Button [SLPF]
[    0.545139] Serial: 8250/16550 driver, 32 ports, IRQ sharing enabled
[    0.546298] Linux agpgart interface v0.103
[    0.635331] loop: module loaded
[    0.635481] ata_piix 0000:00:01.1: version 2.13
[    0.635893] scsi host0: ata_piix
[    0.635986] scsi host1: ata_piix
[    0.636012] ata1: PATA max UDMA/33 cmd 0x1f0 ctl 0x3f6 bmdma 0xd000 irq 14
[    0.636013] ata2: PATA max UDMA/33 cmd 0x170 ctl 0x376 bmdma 0xd008 irq 15
[    0.636093] tun: Universal TUN/TAP device driver, 1.6
[    0.636420] PPP generic driver version 2.4.2
[    0.636470] VFIO - User Level meta-driver version: 0.3
[    0.636710] ehci_hcd: USB 2.0 'Enhanced' Host Controller (EHCI) Driver
[    0.636715] ehci-pci: EHCI PCI platform driver
[    0.636729] ehci-platform: EHCI generic platform driver
[    0.636735] ohci_hcd: USB 1.1 'Open' Host Controller (OHCI) Driver
[    0.636737] ohci-pci: OHCI PCI platform driver
[    0.636744] ohci-platform: OHCI generic platform driver
[    0.636749] uhci_hcd: USB Universal Host Controller Interface driver
[    0.636814] i8042: PNP: PS/2 Controller [PNP0303:PS2K,PNP0f03:PS2M] at 0x60,0x64 irq 1,12
[    0.637260] serio: i8042 KBD port at 0x60,0x64 irq 1
[    0.637263] serio: i8042 AUX port at 0x60,0x64 irq 12
[    0.637350] mousedev: PS/2 mouse device common for all mice
[    0.637605] input: AT Translated Set 2 keyboard as /devices/platform/i8042/serio0/input/input2
[    0.638014] rtc_cmos rtc_cmos: registered as rtc0
[    0.638027] rtc_cmos rtc_cmos: alarms up to one day, 114 bytes nvram
[    0.638032] i2c /dev entries driver
[    0.638077] device-mapper: uevent: version 1.0.3
[    0.638120] device-mapper: ioctl: 4.41.0-ioctl (2019-09-16) initialised: dm-devel@redhat.com
[    0.638136] platform eisa.0: Probing EISA bus 0
[    0.638137] platform eisa.0: EISA: Cannot allocate resource for mainboard
[    0.638139] platform eisa.0: Cannot allocate resource for EISA slot 1
[    0.638140] platform eisa.0: Cannot allocate resource for EISA slot 2
[    0.638141] platform eisa.0: Cannot allocate resource for EISA slot 3
[    0.638142] platform eisa.0: Cannot allocate resource for EISA slot 4
[    0.638143] platform eisa.0: Cannot allocate resource for EISA slot 5
[    0.638144] platform eisa.0: Cannot allocate resource for EISA slot 6
[    0.638145] platform eisa.0: Cannot allocate resource for EISA slot 7
[    0.638146] platform eisa.0: Cannot allocate resource for EISA slot 8
[    0.638147] platform eisa.0: EISA: Detected 0 cards
[    0.638149] intel_pstate: CPU model not supported
[    0.638158] ledtrig-cpu: registered to indicate activity on CPUs
[    0.638214] drop_monitor: Initializing network drop monitor service
[    0.638373] NET: Registered protocol family 10
[    0.643463] Segment Routing with IPv6
[    0.643485] fullmesh registered
[    0.643485] ndiffports registered
[    0.643485] binder registered
[    0.643485] roundrobin registered
[    0.643485] redundant registered
[    0.643485] blest registered
[    0.643485] ecf registered
[    0.643485] NET: Registered protocol family 17
[    0.643485] Key type dns_resolver registered
[    0.643485] RAS: Correctable Errors collector initialized.
[    0.643485] IPI shorthand broadcast: enabled
[    0.643485] sched_clock: Marking stable (628190014, 11295359)->(641647891, -2162518)
[    0.643708] registered taskstats version 1
[    0.643716] Loading compiled-in X.509 certificates
[    0.644306] Loaded X.509 cert 'Build time autogenerated kernel key: 6909f3744cebb3d0de528d5887b96a727de79b1e'
[    0.644324] zswap: loaded using pool lzo/zbud
[    0.644377] Key type ._fscrypt registered
[    0.644378] Key type .fscrypt registered
[    0.648834] Key type big_key registered
[    0.651035] Key type encrypted registered
[    0.651038] AppArmor: AppArmor sha1 policy hashing enabled
[    0.651044] ima: No TPM chip found, activating TPM-bypass!
[    0.651048] ima: Allocated hash algorithm: sha1
[    0.651053] ima: No architecture policies found
[    0.651062] evm: Initialising EVM extended attributes:
[    0.651063] evm: security.selinux
[    0.651063] evm: security.SMACK64
[    0.651064] evm: security.SMACK64EXEC
[    0.651064] evm: security.SMACK64TRANSMUTE
[    0.651065] evm: security.SMACK64MMAP
[    0.651065] evm: security.apparmor
[    0.651066] evm: security.ima
[    0.651066] evm: security.capability
[    0.651067] evm: HMAC attrs: 0x1
[    0.651365] PM:   Magic number: 10:724:291
[    0.651386] tty tty24: hash matches
[    0.651488] rtc_cmos rtc_cmos: setting system clock to 2026-01-15T18:16:02 UTC (1768500962)
[    0.807057] ata1.00: ATA-6: VBOX HARDDISK, 1.0, max UDMA/133
[    0.807059] ata1.00: 209715200 sectors, multi 128: LBA 
[    0.807519] scsi 0:0:0:0: Direct-Access     ATA      VBOX HARDDISK    1.0  PQ: 0 ANSI: 5
[    0.807703] sd 0:0:0:0: [sda] 209715200 512-byte logical blocks: (107 GB/100 GiB)
[    0.807710] sd 0:0:0:0: [sda] Write Protect is off
[    0.807712] sd 0:0:0:0: [sda] Mode Sense: 00 3a 00 00
[    0.807723] sd 0:0:0:0: [sda] Write cache: enabled, read cache: enabled, doesn't support DPO or FUA
[    0.807928] sd 0:0:0:0: Attached scsi generic sg0 type 0
[    0.808524]  sda: sda1 sda2
[    0.819406] sd 0:0:0:0: [sda] Attached SCSI disk
[    0.821417] Freeing unused decrypted memory: 2040K
[    0.822237] Freeing unused kernel image memory: 2728K
[    0.822241] Write protecting the kernel read-only data: 22528k
[    0.823088] Freeing unused kernel image memory: 2036K
[    0.823533] Freeing unused kernel image memory: 1432K
[    0.838185] x86/mm: Checked W+X mappings: passed, no W+X pages found.
[    0.838189] Run /init as init process
[    0.941670] ACPI: Video Device [GFX0] (multi-head: yes  rom: no  post: no)
[    0.941742] input: Video Bus as /devices/LNXSYSTM:00/LNXSYBUS:00/PNP0A03:00/LNXVIDEO:00/input/input4
[    0.956507] pcnet32: pcnet32.c:v1.35 21.Apr.2008 tsbogend@alpha.franken.de
[    0.958102] piix4_smbus 0000:00:07.0: SMBus Host Controller at 0x4100, revision 0
[    0.960767] e1000: Intel(R) PRO/1000 Network Driver - version 7.3.21-k8-NAPI
[    0.960767] e1000: Copyright (c) 1999-2006 Intel Corporation.
[    0.968789] pcnet32: PCnet/FAST III 79C973 at 0xd020, 08:00:27:d6:a8:b1 assigned IRQ 19
[    0.968832] pcnet32: Found PHY 0022:561b at address 0
[    0.969129] pcnet32: eth0: registered as PCnet/FAST III 79C973
[    0.975329] pcnet32: 1 cards_found
[    1.028120] pcnet32 0000:00:03.0 enp0s3: renamed from eth0
[    1.172770] input: ImExPS/2 Generic Explorer Mouse as /devices/platform/i8042/serio1/input/input5
[    1.367570] e1000 0000:00:08.0 eth0: (PCI:33MHz:32-bit) 08:00:27:67:02:79
[    1.367573] e1000 0000:00:08.0 eth0: Intel(R) PRO/1000 Network Connection
[    1.739722] e1000 0000:00:09.0 eth1: (PCI:33MHz:32-bit) 08:00:27:54:99:7c
[    1.739725] e1000 0000:00:09.0 eth1: Intel(R) PRO/1000 Network Connection
[    1.740846] e1000 0000:00:08.0 enp0s8: renamed from eth0
[    1.742632] e1000 0000:00:09.0 enp0s9: renamed from eth1
[    1.895952] EXT4-fs (sda2): mounted filesystem with ordered data mode. Opts: (null)
[    1.986270] systemd[1]: Inserted module 'autofs4'
[    1.998549] systemd[1]: systemd 245.4-4ubuntu3 running in system mode. (+PAM +AUDIT +SELINUX +IMA +APPARMOR +SMACK +SYSVINIT +UTMP +LIBCRYPTSETUP +GCRYPT +GNUTLS +ACL +XZ +LZ4 +SECCOMP +BLKID +ELFUTILS +KMOD +IDN2 -IDN +PCRE2 default-hierarchy=hybrid)
[    1.998580] systemd[1]: Detected virtualization oracle.
[    1.998583] systemd[1]: Detected architecture x86-64.
[    1.999925] systemd[1]: Set hostname to <ztg>.
[    2.125346] systemd[1]: /lib/systemd/system/dbus.socket:5: ListenStream= references a path below legacy directory /var/run/, updating /var/run/dbus/system_bus_socket â†’ /run/dbus/system_bus_socket; please update the unit file accordingly.
[    2.177480] systemd[1]: Created slice system-modprobe.slice.
[    2.177660] systemd[1]: Created slice User and Session Slice.
[    2.177703] systemd[1]: Started Forward Password Requests to Wall Directory Watch.
[    2.177853] systemd[1]: Set up automount Arbitrary Executable File Formats File System Automount Point.
[    2.177887] systemd[1]: Reached target User and Group Name Lookups.
[    2.177908] systemd[1]: Reached target Remote File Systems.
[    2.177916] systemd[1]: Reached target Slices.
[    2.178468] systemd[1]: Listening on Syslog Socket.
[    2.178535] systemd[1]: Listening on fsck to fsckd communication Socket.
[    2.178573] systemd[1]: Listening on initctl Compatibility Named Pipe.
[    2.178710] systemd[1]: Listening on Journal Audit Socket.
[    2.178760] systemd[1]: Listening on Journal Socket (/dev/log).
[    2.178826] systemd[1]: Listening on Journal Socket.
[    2.178889] systemd[1]: Listening on udev Control Socket.
[    2.178927] systemd[1]: Listening on udev Kernel Socket.
[    2.179699] systemd[1]: Mounting Huge Pages File System...
[    2.180589] systemd[1]: Mounting POSIX Message Queue File System...
[    2.181451] systemd[1]: Mounting Kernel Debug File System...
[    2.182317] systemd[1]: Mounting Kernel Trace File System...
[    2.184188] systemd[1]: Starting Journal Service...
[    2.205666] systemd[1]: Starting Set the console keyboard layout...
[    2.213404] systemd[1]: Starting Create list of static device nodes for the current kernel...
[    2.215179] systemd[1]: Starting Load Kernel Module drm...
[    2.216621] systemd[1]: Condition check resulted in Set Up Additional Binary Formats being skipped.
[    2.216668] systemd[1]: Condition check resulted in File System Check on Root Device being skipped.
[    2.228090] systemd[1]: Starting Load Kernel Modules...
[    2.234996] systemd[1]: Starting Remount Root and Kernel File Systems...
[    2.241293] systemd[1]: Starting udev Coldplug all Devices...
[    2.268060] systemd[1]: Starting Uncomplicated firewall...
[    2.270731] systemd[1]: Mounted Huge Pages File System.
[    2.270815] systemd[1]: Mounted POSIX Message Queue File System.
[    2.270885] systemd[1]: Mounted Kernel Debug File System.
[    2.270953] systemd[1]: Mounted Kernel Trace File System.
[    2.279519] EXT4-fs (sda2): re-mounted. Opts: errors=remount-ro
[    2.281281] systemd[1]: Finished Create list of static device nodes for the current kernel.
[    2.282357] systemd[1]: modprobe@drm.service: Succeeded.
[    2.283788] systemd[1]: Finished Load Kernel Module drm.
[    2.285412] systemd[1]: Finished Remount Root and Kernel File Systems.
[    2.287553] systemd[1]: Finished Uncomplicated firewall.
[    2.292952] lp: driver loaded but no devices found
[    2.294183] systemd[1]: Condition check resulted in Rebuild Hardware Database being skipped.
[    2.294220] systemd[1]: Condition check resulted in Platform Persistent Storage Archival being skipped.
[    2.294883] systemd[1]: Starting Load/Save Random Seed...
[    2.316007] systemd[1]: Starting Create System Users...
[    2.324410] systemd[1]: Finished Load/Save Random Seed.
[    2.325308] ppdev: user-space parallel port driver
[    2.350894] systemd[1]: Finished Create System Users.
[    2.352309] systemd[1]: Starting Create Static Device Nodes in /dev...
[    2.385380] systemd[1]: Finished Create Static Device Nodes in /dev.
[    2.386158] systemd[1]: Starting udev Kernel Device Manager...
[    2.412703] systemd[1]: Finished udev Coldplug all Devices.
[    2.415352] [drm] DMA map mode: Caching DMA mappings.
[    2.415441] [drm] Capabilities:
[    2.415442] [drm]   Rect copy.
[    2.415442] [drm]   Cursor.
[    2.415443] [drm]   Cursor bypass.
[    2.415443] [drm]   Cursor bypass 2.
[    2.415443] [drm]   Alpha cursor.
[    2.415444] [drm]   Extended Fifo.
[    2.415444] [drm]   Pitchlock.
[    2.415444] [drm]   Irq mask.
[    2.415445] [drm]   GMR.
[    2.415445] [drm]   Traces.
[    2.415445] [drm]   GMR2.
[    2.415446] [drm]   Screen Object 2.
[    2.415446] [drm]   Command Buffers.
[    2.415446] [drm]   Command Buffers 2.
[    2.415447] [drm]   Guest Backed Resources.
[    2.415448] [drm] Max GMR ids is 8192
[    2.415448] [drm] Max number of GMR pages is 1048576
[    2.415449] [drm] Max dedicated hypervisor surface memory is 393216 kiB
[    2.415449] [drm] Maximum display memory size is 131072 kiB
[    2.415450] [drm] VRAM at 0xe0000000 size is 131072 kiB
[    2.415451] [drm] MMIO at 0xf0000000 size is 2048 kiB
[    2.415940] [TTM] Zone  kernel: Available graphics memory: 1011738 KiB
[    2.415941] [TTM] Initializing pool allocator
[    2.415944] [TTM] Initializing DMA pool allocator
[    2.415974] [drm] Supports vblank timestamp caching Rev 2 (21.10.2013).
[    2.415974] [drm] No driver support for vblank timestamp query.
[    2.416200] [drm] Screen Target Display device initialized
[    2.416422] [drm] width 720
[    2.416432] [drm] height 400
[    2.416436] [drm] bpp 32
[    2.417010] [drm] Fifo max 0x00200000 min 0x00001000 cap 0x00000355
[    2.418075] [drm] Using command buffers with DMA pool.
[    2.418081] [drm] DX: no.
[    2.418081] [drm] Atomic: yes.
[    2.418082] [drm] SM4_1: no.
[    2.418101] [drm:vmw_host_log [vmwgfx]] *ERROR* Failed to send host log message.
[    2.419007] [drm:vmw_host_log [vmwgfx]] *ERROR* Failed to send host log message.
[    2.439525] fbcon: svgadrmfb (fb0) is primary device
[    2.441641] Console: switching to colour frame buffer device 100x37
[    2.450851] [drm] Initialized vmwgfx 2.15.0 20180704 for 0000:00:02.0 on minor 0
[    2.456287] systemd[1]: Finished Load Kernel Modules.
[    2.457216] systemd[1]: Mounting FUSE Control File System...
[    2.458420] systemd[1]: Mounting Kernel Configuration File System...
[    2.470556] systemd[1]: Starting Apply Kernel Variables...
[    2.480069] systemd[1]: Mounted FUSE Control File System.
[    2.480145] systemd[1]: Condition check resulted in VMware vmblock fuse mount being skipped.
[    2.488722] systemd[1]: Mounted Kernel Configuration File System.
[    2.500135] systemd[1]: Finished Set the console keyboard layout.
[    2.500225] systemd[1]: Reached target Local File Systems (Pre).
[    2.502289] systemd[1]: Mounting Mount unit for bare, revision 5...
[    2.504222] systemd[1]: Mounting Mount unit for core18, revision 1705...
[    2.523751] systemd[1]: Mounting Mount unit for gnome-3-34-1804, revision 24...
[    2.538084] systemd[1]: Mounting Mount unit for gtk-common-themes, revision 1506...
[    2.542056] systemd[1]: Mounting Mount unit for gtk-common-themes, revision 1535...
[    2.549632] systemd[1]: Mounting Mount unit for snap-store, revision 433...
[    2.555711] systemd[1]: Mounting Mount unit for snapd, revision 7264...
[    2.578985] systemd[1]: Finished Apply Kernel Variables.
[    2.580980] systemd[1]: Mounted Mount unit for bare, revision 5.
[    2.588844] systemd[1]: Mounted Mount unit for core18, revision 1705.
[    2.588935] systemd[1]: Mounted Mount unit for gnome-3-34-1804, revision 24.
[    2.597459] systemd[1]: Mounted Mount unit for gtk-common-themes, revision 1506.
[    2.607426] systemd[1]: Started udev Kernel Device Manager.
[    2.608144] systemd[1]: Starting Show Plymouth Boot Screen...
[    2.612644] systemd[1]: Received SIGRTMIN+20 from PID 286 (plymouthd).
[    2.633607] systemd[1]: Started Show Plymouth Boot Screen.
[    2.633766] systemd[1]: Condition check resulted in Dispatch Password Requests to Console Directory Watch being skipped.
[    2.633859] systemd[1]: Started Forward Password Requests to Plymouth Directory Watch.
[    2.633978] systemd[1]: Reached target Local Encrypted Volumes.
[    2.716129] systemd[1]: Mounted Mount unit for gtk-common-themes, revision 1535.
[    2.716369] systemd[1]: Mounted Mount unit for snap-store, revision 433.
[    2.716549] systemd[1]: Mounted Mount unit for snapd, revision 7264.
[    2.716695] systemd[1]: Reached target Local File Systems.
[    2.730525] systemd[1]: Starting Load AppArmor profiles...
[    2.732702] systemd[1]: Starting Set console font and keymap...
[    2.745756] systemd[1]: Starting Tell Plymouth To Write Out Runtime Data...
[    2.747188] systemd[1]: Condition check resulted in Store a System Token in an EFI Variable being skipped.
[    2.747239] systemd[1]: Condition check resulted in Commit a transient machine-id on disk being skipped.
[    2.751099] systemd[1]: Finished Set console font and keymap.
[    2.758596] systemd[1]: Received SIGRTMIN+20 from PID 286 (plymouthd).
[    2.760056] systemd[1]: plymouth-read-write.service: Succeeded.
[    2.760288] systemd[1]: Finished Tell Plymouth To Write Out Runtime Data.
[    2.780408] audit: type=1400 audit(1768500964.628:2): apparmor="STATUS" operation="profile_load" profile="unconfined" name="nvidia_modprobe" pid=300 comm="apparmor_parser"
[    2.780410] audit: type=1400 audit(1768500964.628:3): apparmor="STATUS" operation="profile_load" profile="unconfined" name="nvidia_modprobe//kmod" pid=300 comm="apparmor_parser"
[    2.804881] audit: type=1400 audit(1768500964.648:4): apparmor="STATUS" operation="profile_load" profile="unconfined" name="/usr/sbin/tcpdump" pid=301 comm="apparmor_parser"
[    2.832169] audit: type=1400 audit(1768500964.668:5): apparmor="STATUS" operation="profile_load" profile="unconfined" name="/usr/bin/evince" pid=303 comm="apparmor_parser"
[    2.832171] audit: type=1400 audit(1768500964.668:6): apparmor="STATUS" operation="profile_load" profile="unconfined" name="/usr/bin/evince//sanitized_helper" pid=303 comm="apparmor_parser"
[    2.832173] audit: type=1400 audit(1768500964.668:7): apparmor="STATUS" operation="profile_load" profile="unconfined" name="/usr/bin/evince-previewer" pid=303 comm="apparmor_parser"
[    2.832175] audit: type=1400 audit(1768500964.668:8): apparmor="STATUS" operation="profile_load" profile="unconfined" name="/usr/bin/evince-previewer//sanitized_helper" pid=303 comm="apparmor_parser"
[    2.832176] audit: type=1400 audit(1768500964.668:9): apparmor="STATUS" operation="profile_load" profile="unconfined" name="/usr/bin/evince-thumbnailer" pid=303 comm="apparmor_parser"
[    2.862901] audit: type=1400 audit(1768500964.704:10): apparmor="STATUS" operation="profile_load" profile="unconfined" name="/usr/lib/cups/backend/cups-pdf" pid=304 comm="apparmor_parser"
[    2.920745] systemd[1]: Finished Load AppArmor profiles.
[    2.921657] systemd[1]: Starting Load AppArmor profiles managed internally by snapd...
[    2.997218] systemd[1]: Finished Load AppArmor profiles managed internally by snapd.
[    3.155606] systemd[1]: Started Journal Service.
[    3.163913] systemd-journald[229]: Received client request to flush runtime journal.
[    3.168395] systemd-journald[229]: File /var/log/journal/c455b248004a419c87ce85eea238d727/system.journal corrupted or uncleanly shut down, renaming and replacing.
[    4.455752] RAPL PMU: API unit is 2^-32 Joules, 0 fixed counters, 10737418240 ms ovfl timer
[    4.497175] cryptd: max_cpu_qlen set to 1000
[    4.613004] AVX2 version of gcm_enc/dec engaged.
[    4.613006] AES CTR mode by8 optimization enabled
[    5.453305] Adding 1998844k swap on /dev/sda1.  Priority:-2 extents:1 across:1998844k FS
[    6.748318] kauditd_printk_skb: 30 callbacks suppressed
[    6.748320] audit: type=1400 audit(1768500968.592:41): apparmor="DENIED" operation="capable" profile="/usr/sbin/cups-browsed" pid=497 comm="cups-browsed" capability=23  capname="sys_nice"
[    7.602103] pcnet32 0000:00:03.0 enp0s3: link up, 100Mbps, full-duplex
[    7.636999] e1000: enp0s8 NIC Link is Up 1000 Mbps Full Duplex, Flow Control: RX
[    7.637273] IPv6: ADDRCONF(NETDEV_CHANGE): enp0s8: link becomes ready
[    7.648788] e1000: enp0s9 NIC Link is Up 1000 Mbps Full Duplex, Flow Control: RX
[    7.649077] IPv6: ADDRCONF(NETDEV_CHANGE): enp0s9: link becomes ready
[    8.168196] device enp0s3 entered promiscuous mode
[    8.199240] audit: type=1400 audit(1768500970.044:42): apparmor="DENIED" operation="open" profile="/usr/sbin/tcpdump" name="/proc/sys/kernel/random/boot_id" pid=680 comm="tcpdump" requested_mask="r" denied_mask="r" fsuid=0 ouid=0
[    8.199507] audit: type=1400 audit(1768500970.044:43): apparmor="DENIED" operation="open" profile="/usr/sbin/tcpdump" name="/proc/sys/kernel/random/boot_id" pid=680 comm="tcpdump" requested_mask="r" denied_mask="r" fsuid=0 ouid=0
[    8.199764] audit: type=1400 audit(1768500970.044:44): apparmor="DENIED" operation="open" profile="/usr/sbin/tcpdump" name="/proc/sys/kernel/random/boot_id" pid=680 comm="tcpdump" requested_mask="r" denied_mask="r" fsuid=0 ouid=0
[    8.199830] audit: type=1400 audit(1768500970.044:45): apparmor="DENIED" operation="open" profile="/usr/sbin/tcpdump" name="/proc/sys/kernel/random/boot_id" pid=680 comm="tcpdump" requested_mask="r" denied_mask="r" fsuid=0 ouid=0
[    8.205558] audit: type=1400 audit(1768500970.048:46): apparmor="DENIED" operation="open" profile="/usr/sbin/tcpdump" name="/proc/sys/kernel/random/boot_id" pid=681 comm="tcpdump" requested_mask="r" denied_mask="r" fsuid=0 ouid=0
[    8.206839] audit: type=1400 audit(1768500970.048:47): apparmor="DENIED" operation="open" profile="/usr/sbin/tcpdump" name="/proc/sys/kernel/random/boot_id" pid=681 comm="tcpdump" requested_mask="r" denied_mask="r" fsuid=0 ouid=0
[    8.206880] audit: type=1400 audit(1768500970.048:48): apparmor="DENIED" operation="open" profile="/usr/sbin/tcpdump" name="/proc/sys/kernel/random/boot_id" pid=681 comm="tcpdump" requested_mask="r" denied_mask="r" fsuid=0 ouid=0
[    8.206994] audit: type=1400 audit(1768500970.048:49): apparmor="DENIED" operation="open" profile="/usr/sbin/tcpdump" name="/proc/sys/kernel/random/boot_id" pid=681 comm="tcpdump" requested_mask="r" denied_mask="r" fsuid=0 ouid=0
[   12.807140] rfkill: input handler disabled
[   88.748213] rfkill: input handler enabled
[   97.710997] rfkill: input handler disabled
[  212.990508] AAAAA-TCP_FORW: name:enp0s3: saddr:16783984: daddr:100932208
[  255.452750] AAAAA-TCP_FORW: name:enp0s3: saddr:33561200: daddr:100932208
[  255.622764] AAAAA-TCP_FORW: name:enp0s3: saddr:33561200: daddr:100932208
[  255.673805] AAAAA-TCP_FORW: name:enp0s3: saddr:16783984: daddr:100932208
[  255.897850] AAAAA-TCP_FORW: name:enp0s3: saddr:33561200: daddr:100932208
[  259.388630] AAAAA-TCP_FORW: name:enp0s3: saddr:100932208: daddr:33561200
[  259.663569] AAAAA-TCP_FORW: name:enp0s3: saddr:100932208: daddr:33561200
[  259.761474] AAAAA-TCP_FORW: name:enp0s3: saddr:100932208: daddr:16783984
[  259.920905] AAAAA-TCP_FORW: name:enp0s3: saddr:100932208: daddr:16783984
[  260.042898] AAAAA-TCP_FORW: name:enp0s3: saddr:100932208: daddr:16783984
[  260.143546] AAAAA-TCP_FORW: name:enp0s3: saddr:100932208: daddr:16783984
[  260.307123] AAAAA-TCP_FORW: name:enp0s3: saddr:100932208: daddr:16783984
[  260.377304] AAAAA-TCP_FORW: name:enp0s3: saddr:100932208: daddr:16783984
[  260.429450] AAAAA-TCP_FORW: name:enp0s3: saddr:100932208: daddr:16783984
[  260.537838] AAAAA-TCP_FORW: name:enp0s3: saddr:100932208: daddr:16783984
[  260.687413] AAAAA-TCP_FORW: name:enp0s3: saddr:100932208: daddr:16783984
[  260.837010] AAAAA-TCP_FORW: name:enp0s3: saddr:100932208: daddr:33561200
[  260.901600] AAAAA-TCP_FORW: name:enp0s3: saddr:100932208: daddr:33561200
[  260.998918] AAAAA-TCP_FORW: name:enp0s3: saddr:100932208: daddr:16783984
[  261.030403] AAAAA-TCP_FORW: name:enp0s3: saddr:100932208: daddr:16783984
[  427.975189] device enp0s3 left promiscuous mode
