[    0.000000] Linux version 5.4.243-mptcp (root@ztg) (gcc version 12.2.0 (Debian 12.2.0-14+deb12u1)) #53 SMP Wed Dec 24 23:28:15 CST 2025
[    0.000000] Command line: BOOT_IMAGE=/boot/vmlinuz-5.4.243-mptcp root=UUID=98415a12-53b7-4144-8265-0f7ece09e445 ro quiet splash
[    0.000000] KERNEL supported cpus:
[    0.000000]   Intel GenuineIntel
[    0.000000]   AMD AuthenticAMD
[    0.000000]   Hygon HygonGenuine
[    0.000000]   Centaur CentaurHauls
[    0.000000]   zhaoxin   Shanghai  
[    0.000000] x86/fpu: Supporting XSAVE feature 0x001: 'x87 floating point registers'
[    0.000000] x86/fpu: Supporting XSAVE feature 0x002: 'SSE registers'
[    0.000000] x86/fpu: Supporting XSAVE feature 0x004: 'AVX registers'
[    0.000000] x86/fpu: xstate_offset[2]:  576, xstate_sizes[2]:  256
[    0.000000] x86/fpu: Enabled xstate features 0x7, context size is 832 bytes, using 'standard' format.
[    0.000000] BIOS-provided physical RAM map:
[    0.000000] BIOS-e820: [mem 0x0000000000000000-0x000000000009fbff] usable
[    0.000000] BIOS-e820: [mem 0x000000000009fc00-0x000000000009ffff] reserved
[    0.000000] BIOS-e820: [mem 0x00000000000f0000-0x00000000000fffff] reserved
[    0.000000] BIOS-e820: [mem 0x0000000000100000-0x000000007ffeffff] usable
[    0.000000] BIOS-e820: [mem 0x000000007fff0000-0x000000007fffffff] ACPI data
[    0.000000] BIOS-e820: [mem 0x00000000fec00000-0x00000000fec00fff] reserved
[    0.000000] BIOS-e820: [mem 0x00000000fee00000-0x00000000fee00fff] reserved
[    0.000000] BIOS-e820: [mem 0x00000000fffc0000-0x00000000ffffffff] reserved
[    0.000000] NX (Execute Disable) protection: active
[    0.000000] SMBIOS 2.5 present.
[    0.000000] DMI: innotek GmbH VirtualBox/VirtualBox, BIOS VirtualBox 12/01/2006
[    0.000000] Hypervisor detected: KVM
[    0.000000] kvm-clock: Using msrs 4b564d01 and 4b564d00
[    0.000000] kvm-clock: cpu 0, msr 9201001, primary cpu clock
[    0.000000] kvm-clock: using sched offset of 4430534954 cycles
[    0.000002] clocksource: kvm-clock: mask: 0xffffffffffffffff max_cycles: 0x1cd42e4dffb, max_idle_ns: 881590591483 ns
[    0.000005] tsc: Detected 2100.000 MHz processor
[    0.001870] e820: update [mem 0x00000000-0x00000fff] usable ==> reserved
[    0.001872] e820: remove [mem 0x000a0000-0x000fffff] usable
[    0.001875] last_pfn = 0x7fff0 max_arch_pfn = 0x400000000
[    0.001943] MTRR default type: uncachable
[    0.001944] MTRR fixed ranges enabled:
[    0.001945]   00000-9FFFF write-back
[    0.001946]   A0000-BFFFF uncachable
[    0.001947]   C0000-FFFFF write-protect
[    0.001947] MTRR variable ranges enabled:
[    0.001949]   0 base 000000000000 mask 3FFF80000000 write-back
[    0.001950]   1 disabled
[    0.001950]   2 disabled
[    0.001951]   3 disabled
[    0.001951]   4 disabled
[    0.001951]   5 disabled
[    0.001952]   6 disabled
[    0.001952]   7 disabled
[    0.001953]   8 disabled
[    0.001953]   9 disabled
[    0.001954]   10 disabled
[    0.001954]   11 disabled
[    0.001955]   12 disabled
[    0.001955]   13 disabled
[    0.001955]   14 disabled
[    0.001956]   15 disabled
[    0.001972] x86/PAT: Configuration [0-7]: WB  WC  UC- UC  WB  WP  UC- WT  
[    0.002106] found SMP MP-table at [mem 0x0009fff0-0x0009ffff]
[    0.094725] check: Scanning 1 areas for low memory corruption
[    0.094926] RAMDISK: [mem 0x32271000-0x3512ffff]
[    0.094935] ACPI: Early table checksum verification disabled
[    0.094941] ACPI: RSDP 0x00000000000E0000 000024 (v02 VBOX  )
[    0.094946] ACPI: XSDT 0x000000007FFF0030 00003C (v01 VBOX   VBOXXSDT 00000001 ASL  00000061)
[    0.094952] ACPI: FACP 0x000000007FFF00F0 0000F4 (v04 VBOX   VBOXFACP 00000001 ASL  00000061)
[    0.094959] ACPI: DSDT 0x000000007FFF02E0 002353 (v02 VBOX   VBOXBIOS 00000002 VBOX 00029BF3)
[    0.094963] ACPI: FACS 0x000000007FFF0200 000040
[    0.094966] ACPI: FACS 0x000000007FFF0200 000040
[    0.094969] ACPI: APIC 0x000000007FFF0240 000054 (v02 VBOX   VBOXAPIC 00000001 ASL  00000061)
[    0.094973] ACPI: SSDT 0x000000007FFF02A0 000038 (v01 VBOX   VBOXCPUT 00000002 VBOX 00029BF3)
[    0.094976] ACPI: Reserving FACP table memory at [mem 0x7fff00f0-0x7fff01e3]
[    0.094977] ACPI: Reserving DSDT table memory at [mem 0x7fff02e0-0x7fff2632]
[    0.094978] ACPI: Reserving FACS table memory at [mem 0x7fff0200-0x7fff023f]
[    0.094978] ACPI: Reserving FACS table memory at [mem 0x7fff0200-0x7fff023f]
[    0.094979] ACPI: Reserving APIC table memory at [mem 0x7fff0240-0x7fff0293]
[    0.094980] ACPI: Reserving SSDT table memory at [mem 0x7fff02a0-0x7fff02d7]
[    0.094995] ACPI: Local APIC address 0xfee00000
[    0.095190] No NUMA configuration found
[    0.095191] Faking a node at [mem 0x0000000000000000-0x000000007ffeffff]
[    0.095201] NODE_DATA(0) allocated [mem 0x7ffc5000-0x7ffeffff]
[    0.095462] Zone ranges:
[    0.095464]   DMA      [mem 0x0000000000001000-0x0000000000ffffff]
[    0.095465]   DMA32    [mem 0x0000000001000000-0x000000007ffeffff]
[    0.095466]   Normal   empty
[    0.095466]   Device   empty
[    0.095467] Movable zone start for each node
[    0.095469] Early memory node ranges
[    0.095470]   node   0: [mem 0x0000000000001000-0x000000000009efff]
[    0.095471]   node   0: [mem 0x0000000000100000-0x000000007ffeffff]
[    0.095474] Zeroed struct page in unavailable ranges: 114 pages
[    0.095475] Initmem setup node 0 [mem 0x0000000000001000-0x000000007ffeffff]
[    0.095476] On node 0 totalpages: 524174
[    0.095477]   DMA zone: 64 pages used for memmap
[    0.095478]   DMA zone: 21 pages reserved
[    0.095478]   DMA zone: 3998 pages, LIFO batch:0
[    0.095551]   DMA32 zone: 8128 pages used for memmap
[    0.095552]   DMA32 zone: 520176 pages, LIFO batch:63
[    0.105315] ACPI: PM-Timer IO Port: 0x4008
[    0.105319] ACPI: Local APIC address 0xfee00000
[    0.105390] IOAPIC[0]: apic_id 1, version 32, address 0xfec00000, GSI 0-23
[    0.105393] ACPI: INT_SRC_OVR (bus 0 bus_irq 0 global_irq 2 dfl dfl)
[    0.105395] ACPI: INT_SRC_OVR (bus 0 bus_irq 9 global_irq 9 low level)
[    0.105397] ACPI: IRQ0 used by override.
[    0.105398] ACPI: IRQ9 used by override.
[    0.105401] Using ACPI (MADT) for SMP configuration information
[    0.105408] smpboot: Allowing 1 CPUs, 0 hotplug CPUs
[    0.105432] PM: Registered nosave memory: [mem 0x00000000-0x00000fff]
[    0.105433] PM: Registered nosave memory: [mem 0x0009f000-0x0009ffff]
[    0.105434] PM: Registered nosave memory: [mem 0x000a0000-0x000effff]
[    0.105435] PM: Registered nosave memory: [mem 0x000f0000-0x000fffff]
[    0.105436] [mem 0x80000000-0xfebfffff] available for PCI devices
[    0.105437] Booting paravirtualized kernel on KVM
[    0.105441] clocksource: refined-jiffies: mask: 0xffffffff max_cycles: 0xffffffff, max_idle_ns: 7645519600211568 ns
[    0.105446] setup_percpu: NR_CPUS:8192 nr_cpumask_bits:1 nr_cpu_ids:1 nr_node_ids:1
[    0.106458] percpu: Embedded 60 pages/cpu s208896 r8192 d28672 u2097152
[    0.106464] pcpu-alloc: s208896 r8192 d28672 u2097152 alloc=1*2097152
[    0.106465] pcpu-alloc: [0] 0 
[    0.106493] Built 1 zonelists, mobility grouping on.  Total pages: 515961
[    0.106494] Policy zone: DMA32
[    0.106495] Kernel command line: BOOT_IMAGE=/boot/vmlinuz-5.4.243-mptcp root=UUID=98415a12-53b7-4144-8265-0f7ece09e445 ro quiet splash
[    0.107313] Dentry cache hash table entries: 262144 (order: 9, 2097152 bytes, linear)
[    0.107460] Inode-cache hash table entries: 131072 (order: 8, 1048576 bytes, linear)
[    0.107511] mem auto-init: stack:off, heap alloc:on, heap free:off
[    0.107515] Calgary: detecting Calgary via BIOS EBDA area
[    0.107516] Calgary: Unable to locate Rio Grande table in EBDA - bailing!
[    0.111556] Memory: 1967332K/2096696K available (14339K kernel code, 2398K rwdata, 4712K rodata, 2728K init, 17260K bss, 129364K reserved, 0K cma-reserved)
[    0.112466] SLUB: HWalign=64, Order=0-3, MinObjects=0, CPUs=1, Nodes=1
[    0.112483] ftrace: allocating 43186 entries in 169 pages
[    0.131243] rcu: Hierarchical RCU implementation.
[    0.131245] rcu: 	RCU restricting CPUs from NR_CPUS=8192 to nr_cpu_ids=1.
[    0.131246] 	Tasks RCU enabled.
[    0.131247] rcu: RCU calculated value of scheduler-enlistment delay is 25 jiffies.
[    0.131248] rcu: Adjusting geometry for rcu_fanout_leaf=16, nr_cpu_ids=1
[    0.134661] NR_IRQS: 524544, nr_irqs: 256, preallocated irqs: 16
[    0.134875] random: crng init done
[    0.144575] Console: colour VGA+ 80x25
[    0.144579] printk: console [tty0] enabled
[    0.144602] ACPI: Core revision 20190816
[    0.144710] APIC: Switch to symmetric I/O mode setup
[    0.144959] x2apic enabled
[    0.145199] Switched APIC routing to physical x2apic.
[    0.146336] ..TIMER: vector=0x30 apic1=0 pin1=2 apic2=-1 pin2=-1
[    0.146360] clocksource: tsc-early: mask: 0xffffffffffffffff max_cycles: 0x1e4530a99b6, max_idle_ns: 440795257976 ns
[    0.146366] Calibrating delay loop (skipped) preset value.. 4200.00 BogoMIPS (lpj=8400000)
[    0.146368] pid_max: default: 32768 minimum: 301
[    0.146397] LSM: Security Framework initializing
[    0.146407] Yama: becoming mindful.
[    0.146442] AppArmor: AppArmor initialized
[    0.146477] Mount-cache hash table entries: 4096 (order: 3, 32768 bytes, linear)
[    0.146482] Mountpoint-cache hash table entries: 4096 (order: 3, 32768 bytes, linear)
[    0.146493] *** VALIDATE tmpfs ***
[    0.146621] *** VALIDATE proc ***
[    0.146662] *** VALIDATE cgroup1 ***
[    0.146663] *** VALIDATE cgroup2 ***
[    0.146805] process: using mwait in idle threads
[    0.146811] Last level iTLB entries: 4KB 64, 2MB 8, 4MB 8
[    0.146812] Last level dTLB entries: 4KB 64, 2MB 0, 4MB 0, 1GB 4
[    0.146832] Spectre V1 : Mitigation: usercopy/swapgs barriers and __user pointer sanitization
[    0.146838] Spectre V2 : Mitigation: Retpolines
[    0.146839] Spectre V2 : Spectre v2 / SpectreRSB mitigation: Filling RSB on context switch
[    0.146839] Spectre V2 : Spectre v2 / SpectreRSB : Filling RSB on VMEXIT
[    0.146840] RETBleed: WARNING: Spectre v2 mitigation leaves CPU vulnerable to RETBleed attacks, data leaks possible!
[    0.147226] RETBleed: Vulnerable
[    0.147227] Speculative Store Bypass: Vulnerable
[    0.147233] TAA: Mitigation: TSX disabled
[    0.147233] MMIO Stale Data: Mitigation: Clear CPU buffers
[    0.151469] Freeing SMP alternatives memory: 40K
[    0.263574] smpboot: CPU0: Intel(R) Xeon(R) Silver 4216 CPU @ 2.10GHz (family: 0x6, model: 0x55, stepping: 0x7)
[    0.263756] Performance Events: unsupported p6 CPU model 85 no PMU driver, software events only.
[    0.263793] rcu: Hierarchical SRCU implementation.
[    0.264387] NMI watchdog: Perf NMI watchdog permanently disabled
[    0.264429] smp: Bringing up secondary CPUs ...
[    0.264430] smp: Brought up 1 node, 1 CPU
[    0.264431] smpboot: Max logical packages: 1
[    0.264433] smpboot: Total of 1 processors activated (4200.00 BogoMIPS)
[    0.265611] devtmpfs: initialized
[    0.265677] x86/mm: Memory block size: 128MB
[    0.266176] clocksource: jiffies: mask: 0xffffffff max_cycles: 0xffffffff, max_idle_ns: 7645041785100000 ns
[    0.266182] futex hash table entries: 256 (order: 2, 16384 bytes, linear)
[    0.266228] pinctrl core: initialized pinctrl subsystem
[    0.266362] PM: RTC time: 20:46:48, date: 2026-01-14
[    0.266362] NET: Registered protocol family 16
[    0.266362] audit: initializing netlink subsys (disabled)
[    0.266362] EISA bus registered
[    0.266362] cpuidle: using governor ladder
[    0.266362] cpuidle: using governor menu
[    0.266362] ACPI: bus type PCI registered
[    0.266362] acpiphp: ACPI Hot Plug PCI Controller Driver version: 0.5
[    0.266362] PCI: Using configuration type 1 for base access
[    0.267649] audit: type=2000 audit(1768394814.386:1): state=initialized audit_enabled=0 res=1
[    0.267740] HugeTLB registered 2.00 MiB page size, pre-allocated 0 pages
[    0.268701] ACPI: Added _OSI(Module Device)
[    0.268702] ACPI: Added _OSI(Processor Device)
[    0.268703] ACPI: Added _OSI(3.0 _SCP Extensions)
[    0.268704] ACPI: Added _OSI(Processor Aggregator Device)
[    0.268705] ACPI: Added _OSI(Linux-Dell-Video)
[    0.268706] ACPI: Added _OSI(Linux-Lenovo-NV-HDMI-Audio)
[    0.268707] ACPI: Added _OSI(Linux-HPI-Hybrid-Graphics)
[    0.270859] ACPI: 2 ACPI AML tables successfully acquired and loaded
[    0.272608] ACPI: Interpreter enabled
[    0.272620] ACPI: (supports S0 S5)
[    0.272621] ACPI: Using IOAPIC for interrupt routing
[    0.272835] PCI: Using host bridge windows from ACPI; if necessary, use "pci=nocrs" and report a bug
[    0.272950] ACPI: Enabled 2 GPEs in block 00 to 07
[    0.279363] ACPI: PCI Root Bridge [PCI0] (domain 0000 [bus 00-ff])
[    0.279368] acpi PNP0A03:00: _OSC: OS supports [ASPM ClockPM Segments MSI HPX-Type3]
[    0.279884] acpi PNP0A03:00: _OSC: not requesting OS control; OS requires [ExtendedConfig ASPM ClockPM MSI]
[    0.279893] acpi PNP0A03:00: fail to add MMCONFIG information, can't access extended PCI configuration space under this bridge.
[    0.280327] PCI host bridge to bus 0000:00
[    0.280329] pci_bus 0000:00: root bus resource [io  0x0000-0x0cf7 window]
[    0.280330] pci_bus 0000:00: root bus resource [io  0x0d00-0xffff window]
[    0.280332] pci_bus 0000:00: root bus resource [mem 0x000a0000-0x000bffff window]
[    0.280333] pci_bus 0000:00: root bus resource [mem 0x80000000-0xfdffffff window]
[    0.280334] pci_bus 0000:00: root bus resource [bus 00-ff]
[    0.280378] pci 0000:00:00.0: [8086:1237] type 00 class 0x060000
[    0.281439] pci 0000:00:01.0: [8086:7000] type 00 class 0x060100
[    0.282268] pci 0000:00:01.1: [8086:7111] type 00 class 0x01018a
[    0.282692] pci 0000:00:01.1: reg 0x20: [io  0xd000-0xd00f]
[    0.282848] pci 0000:00:01.1: legacy IDE quirk: reg 0x10: [io  0x01f0-0x01f7]
[    0.282849] pci 0000:00:01.1: legacy IDE quirk: reg 0x14: [io  0x03f6]
[    0.282850] pci 0000:00:01.1: legacy IDE quirk: reg 0x18: [io  0x0170-0x0177]
[    0.282851] pci 0000:00:01.1: legacy IDE quirk: reg 0x1c: [io  0x0376]
[    0.283444] pci 0000:00:02.0: [15ad:0405] type 00 class 0x030000
[    0.286440] pci 0000:00:02.0: reg 0x10: [io  0xd010-0xd01f]
[    0.289360] pci 0000:00:02.0: reg 0x14: [mem 0xe0000000-0xe7ffffff pref]
[    0.292327] pci 0000:00:02.0: reg 0x18: [mem 0xf0000000-0xf01fffff]
[    0.303202] pci 0000:00:03.0: [1022:2000] type 00 class 0x020000
[    0.303991] pci 0000:00:03.0: reg 0x10: [io  0xd020-0xd03f]
[    0.304683] pci 0000:00:03.0: reg 0x14: [mem 0xf0200000-0xf0200fff]
[    0.309921] pci 0000:00:04.0: [80ee:cafe] type 00 class 0x088000
[    0.310477] pci 0000:00:04.0: reg 0x10: [io  0xd040-0xd05f]
[    0.311094] pci 0000:00:04.0: reg 0x14: [mem 0xf0400000-0xf07fffff]
[    0.311701] pci 0000:00:04.0: reg 0x18: [mem 0xf0800000-0xf0803fff pref]
[    0.315028] pci 0000:00:07.0: [8086:7113] type 00 class 0x068000
[    0.315574] pci 0000:00:07.0: quirk: [io  0x4000-0x403f] claimed by PIIX4 ACPI
[    0.315584] pci 0000:00:07.0: quirk: [io  0x4100-0x410f] claimed by PIIX4 SMB
[    0.316201] pci 0000:00:08.0: [8086:100e] type 00 class 0x020000
[    0.316904] pci 0000:00:08.0: reg 0x10: [mem 0xf0820000-0xf083ffff]
[    0.318130] pci 0000:00:08.0: reg 0x18: [io  0xd060-0xd067]
[    0.321090] pci 0000:00:09.0: [8086:100e] type 00 class 0x020000
[    0.321799] pci 0000:00:09.0: reg 0x10: [mem 0xf0840000-0xf085ffff]
[    0.323015] pci 0000:00:09.0: reg 0x18: [io  0xd068-0xd06f]
[    0.334619] ACPI: PCI Interrupt Link [LNKA] (IRQs 5 9 10 *11)
[    0.334901] ACPI: PCI Interrupt Link [LNKB] (IRQs 5 9 *10 11)
[    0.335006] ACPI: PCI Interrupt Link [LNKC] (IRQs 5 *9 10 11)
[    0.335108] ACPI: PCI Interrupt Link [LNKD] (IRQs 5 9 10 *11)
[    0.335397] iommu: Default domain type: Translated 
[    0.335473] pci 0000:00:02.0: vgaarb: setting as boot VGA device
[    0.335476] pci 0000:00:02.0: vgaarb: VGA device added: decodes=io+mem,owns=io+mem,locks=none
[    0.335477] pci 0000:00:02.0: vgaarb: bridge control possible
[    0.335478] vgaarb: loaded
[    0.335732] SCSI subsystem initialized
[    0.335773] libata version 3.00 loaded.
[    0.335794] ACPI: bus type USB registered
[    0.335812] usbcore: registered new interface driver usbfs
[    0.335819] usbcore: registered new interface driver hub
[    0.335826] usbcore: registered new device driver usb
[    0.335858] pps_core: LinuxPPS API ver. 1 registered
[    0.335859] pps_core: Software ver. 5.3.6 - Copyright 2005-2007 Rodolfo Giometti <giometti@linux.it>
[    0.335861] PTP clock support registered
[    0.335900] EDAC MC: Ver: 3.0.0
[    0.336196] PCI: Using ACPI for IRQ routing
[    0.336198] PCI: pci_cache_line_size set to 64 bytes
[    0.336375] e820: reserve RAM buffer [mem 0x0009fc00-0x0009ffff]
[    0.336379] e820: reserve RAM buffer [mem 0x7fff0000-0x7fffffff]
[    0.337164] NetLabel: Initializing
[    0.337164] NetLabel:  domain hash size = 128
[    0.337165] NetLabel:  protocols = UNLABELED CIPSOv4 CALIPSO
[    0.337185] NetLabel:  unlabeled traffic allowed by default
[    0.338087] clocksource: Switched to clocksource kvm-clock
[    0.348711] *** VALIDATE bpf ***
[    0.348770] VFS: Disk quotas dquot_6.6.0
[    0.348783] VFS: Dquot-cache hash table entries: 512 (order 0, 4096 bytes)
[    0.348805] *** VALIDATE ramfs ***
[    0.348808] *** VALIDATE hugetlbfs ***
[    0.348887] AppArmor: AppArmor Filesystem Enabled
[    0.348912] pnp: PnP ACPI init
[    0.348979] pnp 00:00: Plug and Play ACPI device, IDs PNP0303 (active)
[    0.349044] pnp 00:01: Plug and Play ACPI device, IDs PNP0f03 (active)
[    0.349773] pnp: PnP ACPI: found 2 devices
[    0.350724] thermal_sys: Registered thermal governor 'fair_share'
[    0.350724] thermal_sys: Registered thermal governor 'bang_bang'
[    0.350725] thermal_sys: Registered thermal governor 'step_wise'
[    0.350726] thermal_sys: Registered thermal governor 'user_space'
[    0.350726] thermal_sys: Registered thermal governor 'power_allocator'
[    0.357173] clocksource: acpi_pm: mask: 0xffffff max_cycles: 0xffffff, max_idle_ns: 2085701024 ns
[    0.357215] pci_bus 0000:00: resource 4 [io  0x0000-0x0cf7 window]
[    0.357216] pci_bus 0000:00: resource 5 [io  0x0d00-0xffff window]
[    0.357217] pci_bus 0000:00: resource 6 [mem 0x000a0000-0x000bffff window]
[    0.357219] pci_bus 0000:00: resource 7 [mem 0x80000000-0xfdffffff window]
[    0.357278] NET: Registered protocol family 2
[    0.357352] IP idents hash table entries: 32768 (order: 6, 262144 bytes, linear)
[    0.357757] MPTCP tokens hash table entries: 8192 (order: 4, 65536 bytes, linear)
[    0.357777] MPTCP request tokens hash table entries: 8192 (order: 4, 65536 bytes, linear)
[    0.357802] default registered
[    0.357803] default registered
[    0.357803] MPTCP: Stable release v0.96
[    0.357809] tcp_listen_portaddr_hash hash table entries: 1024 (order: 2, 16384 bytes, linear)
[    0.357888] TCP established hash table entries: 16384 (order: 5, 131072 bytes, linear)
[    0.357953] TCP bind hash table entries: 16384 (order: 6, 262144 bytes, linear)
[    0.357978] TCP: Hash tables configured (established 16384 bind 16384)
[    0.358676] UDP hash table entries: 1024 (order: 3, 32768 bytes, linear)
[    0.358687] UDP-Lite hash table entries: 1024 (order: 3, 32768 bytes, linear)
[    0.358722] NET: Registered protocol family 1
[    0.358730] NET: Registered protocol family 44
[    0.358751] pci 0000:00:00.0: Limiting direct PCI/PCI transfers
[    0.358763] pci 0000:00:01.0: Activating ISA DMA hang workarounds
[    0.358823] pci 0000:00:02.0: Video device with shadowed ROM at [mem 0x000c0000-0x000dffff]
[    0.358889] PCI: CLS 0 bytes, default 64
[    0.358936] Trying to unpack rootfs image as initramfs...
[    0.528694] Freeing initrd memory: 47868K
[    0.528694] clocksource: tsc: mask: 0xffffffffffffffff max_cycles: 0x1e4530a99b6, max_idle_ns: 440795257976 ns
[    0.528694] clocksource: Switched to clocksource tsc
[    0.528694] platform rtc_cmos: registered platform RTC device (no PNP device found)
[    0.528694] check: Scanning for low memory corruption every 60 seconds
[    0.528694] Initialise system trusted keyrings
[    0.528694] Key type blacklist registered
[    0.528694] workingset: timestamp_bits=36 max_order=19 bucket_order=0
[    0.528694] zbud: loaded
[    0.528694] squashfs: version 4.0 (2009/01/31) Phillip Lougher
[    0.528694] fuse: init (API version 7.31)
[    0.528694] *** VALIDATE fuse ***
[    0.528694] *** VALIDATE fuse ***
[    0.528694] Platform Keyring initialized
[    0.543550] Key type asymmetric registered
[    0.543551] Asymmetric key parser 'x509' registered
[    0.543560] Block layer SCSI generic (bsg) driver version 0.4 loaded (major 244)
[    0.543599] io scheduler mq-deadline registered
[    0.543725] shpchp: Standard Hot Plug PCI Controller Driver version: 0.4
[    0.543934] ACPI: AC Adapter [AC] (on-line)
[    0.543980] input: Power Button as /devices/LNXSYSTM:00/LNXPWRBN:00/input/input0
[    0.544010] ACPI: Power Button [PWRF]
[    0.544088] input: Sleep Button as /devices/LNXSYSTM:00/LNXSLPBN:00/input/input1
[    0.544103] ACPI: Sleep Button [SLPF]
[    0.544337] Serial: 8250/16550 driver, 32 ports, IRQ sharing enabled
[    0.545494] Linux agpgart interface v0.103
[    0.635526] loop: module loaded
[    0.635674] ata_piix 0000:00:01.1: version 2.13
[    0.636079] scsi host0: ata_piix
[    0.636170] scsi host1: ata_piix
[    0.636196] ata1: PATA max UDMA/33 cmd 0x1f0 ctl 0x3f6 bmdma 0xd000 irq 14
[    0.636197] ata2: PATA max UDMA/33 cmd 0x170 ctl 0x376 bmdma 0xd008 irq 15
[    0.636277] tun: Universal TUN/TAP device driver, 1.6
[    0.636595] PPP generic driver version 2.4.2
[    0.636638] VFIO - User Level meta-driver version: 0.3
[    0.636879] ehci_hcd: USB 2.0 'Enhanced' Host Controller (EHCI) Driver
[    0.636883] ehci-pci: EHCI PCI platform driver
[    0.636898] ehci-platform: EHCI generic platform driver
[    0.636904] ohci_hcd: USB 1.1 'Open' Host Controller (OHCI) Driver
[    0.636905] ohci-pci: OHCI PCI platform driver
[    0.636913] ohci-platform: OHCI generic platform driver
[    0.636918] uhci_hcd: USB Universal Host Controller Interface driver
[    0.636983] i8042: PNP: PS/2 Controller [PNP0303:PS2K,PNP0f03:PS2M] at 0x60,0x64 irq 1,12
[    0.637421] serio: i8042 KBD port at 0x60,0x64 irq 1
[    0.637424] serio: i8042 AUX port at 0x60,0x64 irq 12
[    0.637511] mousedev: PS/2 mouse device common for all mice
[    0.637774] input: AT Translated Set 2 keyboard as /devices/platform/i8042/serio0/input/input2
[    0.638173] rtc_cmos rtc_cmos: registered as rtc0
[    0.638186] rtc_cmos rtc_cmos: alarms up to one day, 114 bytes nvram
[    0.638191] i2c /dev entries driver
[    0.638234] device-mapper: uevent: version 1.0.3
[    0.638276] device-mapper: ioctl: 4.41.0-ioctl (2019-09-16) initialised: dm-devel@redhat.com
[    0.638292] platform eisa.0: Probing EISA bus 0
[    0.638294] platform eisa.0: EISA: Cannot allocate resource for mainboard
[    0.638295] platform eisa.0: Cannot allocate resource for EISA slot 1
[    0.638296] platform eisa.0: Cannot allocate resource for EISA slot 2
[    0.638297] platform eisa.0: Cannot allocate resource for EISA slot 3
[    0.638298] platform eisa.0: Cannot allocate resource for EISA slot 4
[    0.638299] platform eisa.0: Cannot allocate resource for EISA slot 5
[    0.638300] platform eisa.0: Cannot allocate resource for EISA slot 6
[    0.638301] platform eisa.0: Cannot allocate resource for EISA slot 7
[    0.638302] platform eisa.0: Cannot allocate resource for EISA slot 8
[    0.638303] platform eisa.0: EISA: Detected 0 cards
[    0.638306] intel_pstate: CPU model not supported
[    0.638315] ledtrig-cpu: registered to indicate activity on CPUs
[    0.638370] drop_monitor: Initializing network drop monitor service
[    0.638532] NET: Registered protocol family 10
[    0.643667] Segment Routing with IPv6
[    0.643667] fullmesh registered
[    0.643667] ndiffports registered
[    0.643667] binder registered
[    0.643667] roundrobin registered
[    0.643667] redundant registered
[    0.643667] blest registered
[    0.643667] ecf registered
[    0.643667] NET: Registered protocol family 17
[    0.643667] Key type dns_resolver registered
[    0.643667] RAS: Correctable Errors collector initialized.
[    0.643667] IPI shorthand broadcast: enabled
[    0.643667] sched_clock: Marking stable (628170616, 11496897)->(642656464, -2988951)
[    0.644060] registered taskstats version 1
[    0.644069] Loading compiled-in X.509 certificates
[    0.644658] Loaded X.509 cert 'Build time autogenerated kernel key: 6909f3744cebb3d0de528d5887b96a727de79b1e'
[    0.644676] zswap: loaded using pool lzo/zbud
[    0.644729] Key type ._fscrypt registered
[    0.644730] Key type .fscrypt registered
[    0.649134] Key type big_key registered
[    0.651323] Key type encrypted registered
[    0.651325] AppArmor: AppArmor sha1 policy hashing enabled
[    0.651332] ima: No TPM chip found, activating TPM-bypass!
[    0.651337] ima: Allocated hash algorithm: sha1
[    0.651342] ima: No architecture policies found
[    0.651351] evm: Initialising EVM extended attributes:
[    0.651352] evm: security.selinux
[    0.651352] evm: security.SMACK64
[    0.651353] evm: security.SMACK64EXEC
[    0.651353] evm: security.SMACK64TRANSMUTE
[    0.651354] evm: security.SMACK64MMAP
[    0.651354] evm: security.apparmor
[    0.651355] evm: security.ima
[    0.651355] evm: security.capability
[    0.651356] evm: HMAC attrs: 0x1
[    0.651662] PM:   Magic number: 10:379:801
[    0.651694] acpi PNP0F03:00: hash matches
[    0.651782] rtc_cmos rtc_cmos: setting system clock to 2026-01-14T20:46:49 UTC (1768423609)
[    0.807121] ata1.00: ATA-6: VBOX HARDDISK, 1.0, max UDMA/133
[    0.807123] ata1.00: 209715200 sectors, multi 128: LBA 
[    0.807587] scsi 0:0:0:0: Direct-Access     ATA      VBOX HARDDISK    1.0  PQ: 0 ANSI: 5
[    0.807767] sd 0:0:0:0: [sda] 209715200 512-byte logical blocks: (107 GB/100 GiB)
[    0.807774] sd 0:0:0:0: [sda] Write Protect is off
[    0.807775] sd 0:0:0:0: [sda] Mode Sense: 00 3a 00 00
[    0.807785] sd 0:0:0:0: [sda] Write cache: enabled, read cache: enabled, doesn't support DPO or FUA
[    0.807978] sd 0:0:0:0: Attached scsi generic sg0 type 0
[    0.808580]  sda: sda1 sda2
[    0.819626] sd 0:0:0:0: [sda] Attached SCSI disk
[    0.821411] Freeing unused decrypted memory: 2040K
[    0.822080] Freeing unused kernel image memory: 2728K
[    0.822081] Write protecting the kernel read-only data: 22528k
[    0.822725] Freeing unused kernel image memory: 2036K
[    0.823102] Freeing unused kernel image memory: 1432K
[    0.836049] x86/mm: Checked W+X mappings: passed, no W+X pages found.
[    0.836052] Run /init as init process
[    0.928463] ACPI: Video Device [GFX0] (multi-head: yes  rom: no  post: no)
[    0.928536] input: Video Bus as /devices/LNXSYSTM:00/LNXSYBUS:00/PNP0A03:00/LNXVIDEO:00/input/input4
[    0.939939] pcnet32: pcnet32.c:v1.35 21.Apr.2008 tsbogend@alpha.franken.de
[    0.941867] piix4_smbus 0000:00:07.0: SMBus Host Controller at 0x4100, revision 0
[    0.944392] e1000: Intel(R) PRO/1000 Network Driver - version 7.3.21-k8-NAPI
[    0.944393] e1000: Copyright (c) 1999-2006 Intel Corporation.
[    0.949789] pcnet32: PCnet/FAST III 79C973 at 0xd020, 08:00:27:e4:61:be assigned IRQ 19
[    0.949833] pcnet32: Found PHY 0022:561b at address 0
[    0.950135] pcnet32: eth0: registered as PCnet/FAST III 79C973
[    0.960780] pcnet32: 1 cards_found
[    1.026099] pcnet32 0000:00:03.0 enp0s3: renamed from eth0
[    1.162331] input: ImExPS/2 Generic Explorer Mouse as /devices/platform/i8042/serio1/input/input5
[    1.363951] e1000 0000:00:08.0 eth0: (PCI:33MHz:32-bit) 08:00:27:b7:84:fc
[    1.363956] e1000 0000:00:08.0 eth0: Intel(R) PRO/1000 Network Connection
[    1.740115] e1000 0000:00:09.0 eth1: (PCI:33MHz:32-bit) 08:00:27:a3:a3:e8
[    1.740117] e1000 0000:00:09.0 eth1: Intel(R) PRO/1000 Network Connection
[    1.741253] e1000 0000:00:09.0 enp0s9: renamed from eth1
[    1.743041] e1000 0000:00:08.0 enp0s8: renamed from eth0
[    1.889446] EXT4-fs (sda2): mounted filesystem with ordered data mode. Opts: (null)
[    1.973687] systemd[1]: Inserted module 'autofs4'
[    1.984609] systemd[1]: systemd 245.4-4ubuntu3 running in system mode. (+PAM +AUDIT +SELINUX +IMA +APPARMOR +SMACK +SYSVINIT +UTMP +LIBCRYPTSETUP +GCRYPT +GNUTLS +ACL +XZ +LZ4 +SECCOMP +BLKID +ELFUTILS +KMOD +IDN2 -IDN +PCRE2 default-hierarchy=hybrid)
[    1.984641] systemd[1]: Detected virtualization oracle.
[    1.984645] systemd[1]: Detected architecture x86-64.
[    1.986185] systemd[1]: Set hostname to <ztg>.
[    2.109879] systemd[1]: /lib/systemd/system/dbus.socket:5: ListenStream= references a path below legacy directory /var/run/, updating /var/run/dbus/system_bus_socket â†’ /run/dbus/system_bus_socket; please update the unit file accordingly.
[    2.161558] systemd[1]: Created slice system-modprobe.slice.
[    2.161745] systemd[1]: Created slice User and Session Slice.
[    2.161791] systemd[1]: Started Forward Password Requests to Wall Directory Watch.
[    2.161959] systemd[1]: Set up automount Arbitrary Executable File Formats File System Automount Point.
[    2.161991] systemd[1]: Reached target User and Group Name Lookups.
[    2.162001] systemd[1]: Reached target Remote File Systems.
[    2.162009] systemd[1]: Reached target Slices.
[    2.162510] systemd[1]: Listening on Syslog Socket.
[    2.162577] systemd[1]: Listening on fsck to fsckd communication Socket.
[    2.162614] systemd[1]: Listening on initctl Compatibility Named Pipe.
[    2.162754] systemd[1]: Listening on Journal Audit Socket.
[    2.162805] systemd[1]: Listening on Journal Socket (/dev/log).
[    2.162875] systemd[1]: Listening on Journal Socket.
[    2.162942] systemd[1]: Listening on udev Control Socket.
[    2.162981] systemd[1]: Listening on udev Kernel Socket.
[    2.163841] systemd[1]: Mounting Huge Pages File System...
[    2.164758] systemd[1]: Mounting POSIX Message Queue File System...
[    2.165644] systemd[1]: Mounting Kernel Debug File System...
[    2.166470] systemd[1]: Mounting Kernel Trace File System...
[    2.168406] systemd[1]: Starting Journal Service...
[    2.190470] systemd[1]: Starting Set the console keyboard layout...
[    2.198480] systemd[1]: Starting Create list of static device nodes for the current kernel...
[    2.200585] systemd[1]: Starting Load Kernel Module drm...
[    2.205831] systemd[1]: Condition check resulted in Set Up Additional Binary Formats being skipped.
[    2.209176] systemd[1]: Condition check resulted in File System Check on Root Device being skipped.
[    2.214766] systemd[1]: Starting Load Kernel Modules...
[    2.220091] systemd[1]: Starting Remount Root and Kernel File Systems...
[    2.229416] systemd[1]: Starting udev Coldplug all Devices...
[    2.240476] systemd[1]: Starting Uncomplicated firewall...
[    2.241701] systemd[1]: Mounted Huge Pages File System.
[    2.241784] systemd[1]: Mounted POSIX Message Queue File System.
[    2.241853] systemd[1]: Mounted Kernel Debug File System.
[    2.241928] systemd[1]: Mounted Kernel Trace File System.
[    2.260397] EXT4-fs (sda2): re-mounted. Opts: errors=remount-ro
[    2.281349] systemd[1]: Finished Create list of static device nodes for the current kernel.
[    2.282487] systemd[1]: modprobe@drm.service: Succeeded.
[    2.282888] systemd[1]: Finished Load Kernel Module drm.
[    2.289356] systemd[1]: Finished Remount Root and Kernel File Systems.
[    2.290271] systemd[1]: Finished Uncomplicated firewall.
[    2.291948] lp: driver loaded but no devices found
[    2.304502] systemd[1]: Condition check resulted in Rebuild Hardware Database being skipped.
[    2.304542] systemd[1]: Condition check resulted in Platform Persistent Storage Archival being skipped.
[    2.305225] systemd[1]: Starting Load/Save Random Seed...
[    2.311041] systemd[1]: Starting Create System Users...
[    2.316775] ppdev: user-space parallel port driver
[    2.324635] systemd[1]: Finished Load/Save Random Seed.
[    2.331036] systemd[1]: Finished Create System Users.
[    2.331927] systemd[1]: Starting Create Static Device Nodes in /dev...
[    2.350386] systemd[1]: Finished Create Static Device Nodes in /dev.
[    2.351161] systemd[1]: Starting udev Kernel Device Manager...
[    2.397474] systemd[1]: Finished udev Coldplug all Devices.
[    2.398285] [drm] DMA map mode: Caching DMA mappings.
[    2.398348] [drm] Capabilities:
[    2.398348] [drm]   Rect copy.
[    2.398349] [drm]   Cursor.
[    2.398349] [drm]   Cursor bypass.
[    2.398349] [drm]   Cursor bypass 2.
[    2.398350] [drm]   Alpha cursor.
[    2.398350] [drm]   Extended Fifo.
[    2.398350] [drm]   Pitchlock.
[    2.398351] [drm]   Irq mask.
[    2.398351] [drm]   GMR.
[    2.398351] [drm]   Traces.
[    2.398352] [drm]   GMR2.
[    2.398352] [drm]   Screen Object 2.
[    2.398352] [drm]   Command Buffers.
[    2.398353] [drm]   Command Buffers 2.
[    2.398353] [drm]   Guest Backed Resources.
[    2.398354] [drm] Max GMR ids is 8192
[    2.398355] [drm] Max number of GMR pages is 1048576
[    2.398356] [drm] Max dedicated hypervisor surface memory is 393216 kiB
[    2.398356] [drm] Maximum display memory size is 131072 kiB
[    2.398357] [drm] VRAM at 0xe0000000 size is 131072 kiB
[    2.398357] [drm] MMIO at 0xf0000000 size is 2048 kiB
[    2.398981] [TTM] Zone  kernel: Available graphics memory: 1011738 KiB
[    2.398982] [TTM] Initializing pool allocator
[    2.398985] [TTM] Initializing DMA pool allocator
[    2.399014] [drm] Supports vblank timestamp caching Rev 2 (21.10.2013).
[    2.399014] [drm] No driver support for vblank timestamp query.
[    2.399241] [drm] Screen Target Display device initialized
[    2.399468] [drm] width 720
[    2.399477] [drm] height 400
[    2.399480] [drm] bpp 32
[    2.400066] [drm] Fifo max 0x00200000 min 0x00001000 cap 0x00000355
[    2.402173] [drm] Using command buffers with DMA pool.
[    2.402176] [drm] DX: no.
[    2.402177] [drm] Atomic: yes.
[    2.402177] [drm] SM4_1: no.
[    2.402207] [drm:vmw_host_log [vmwgfx]] *ERROR* Failed to send host log message.
[    2.403268] [drm:vmw_host_log [vmwgfx]] *ERROR* Failed to send host log message.
[    2.419272] fbcon: svgadrmfb (fb0) is primary device
[    2.421998] Console: switching to colour frame buffer device 100x37
[    2.429909] [drm] Initialized vmwgfx 2.15.0 20180704 for 0000:00:02.0 on minor 0
[    2.436728] systemd[1]: Finished Load Kernel Modules.
[    2.437655] systemd[1]: Mounting FUSE Control File System...
[    2.438800] systemd[1]: Mounting Kernel Configuration File System...
[    2.463615] systemd[1]: Starting Apply Kernel Variables...
[    2.483649] systemd[1]: Mounted FUSE Control File System.
[    2.483723] systemd[1]: Condition check resulted in VMware vmblock fuse mount being skipped.
[    2.488180] systemd[1]: Mounted Kernel Configuration File System.
[    2.502318] systemd[1]: Finished Set the console keyboard layout.
[    2.502410] systemd[1]: Reached target Local File Systems (Pre).
[    2.511856] systemd[1]: Mounting Mount unit for bare, revision 5...
[    2.515848] systemd[1]: Mounting Mount unit for core18, revision 1705...
[    2.521157] systemd[1]: Mounting Mount unit for gnome-3-34-1804, revision 24...
[    2.526512] systemd[1]: Mounting Mount unit for gtk-common-themes, revision 1506...
[    2.545613] systemd[1]: Mounting Mount unit for gtk-common-themes, revision 1535...
[    2.560405] systemd[1]: Mounting Mount unit for snap-store, revision 433...
[    2.569891] systemd[1]: Mounting Mount unit for snapd, revision 25935...
[    2.588713] systemd[1]: Started udev Kernel Device Manager.
[    2.594044] systemd[1]: Finished Apply Kernel Variables.
[    2.594177] systemd[1]: Mounted Mount unit for bare, revision 5.
[    2.603429] systemd[1]: Starting Show Plymouth Boot Screen...
[    2.604895] systemd[1]: Received SIGRTMIN+20 from PID 277 (plymouthd).
[    2.627635] systemd[1]: Mounted Mount unit for core18, revision 1705.
[    2.627912] systemd[1]: Started Show Plymouth Boot Screen.
[    2.628089] systemd[1]: Condition check resulted in Dispatch Password Requests to Console Directory Watch being skipped.
[    2.628181] systemd[1]: Started Forward Password Requests to Plymouth Directory Watch.
[    2.628247] systemd[1]: Reached target Local Encrypted Volumes.
[    2.680460] systemd[1]: Mounted Mount unit for gnome-3-34-1804, revision 24.
[    2.712837] systemd[1]: Mounted Mount unit for gtk-common-themes, revision 1506.
[    2.713111] systemd[1]: Mounted Mount unit for snap-store, revision 433.
[    2.745531] systemd[1]: Mounted Mount unit for gtk-common-themes, revision 1535.
[    2.745770] systemd[1]: Mounted Mount unit for snapd, revision 25935.
[    2.745927] systemd[1]: Reached target Local File Systems.
[    2.746845] systemd[1]: Starting Load AppArmor profiles...
[    2.753765] systemd[1]: Starting Set console font and keymap...
[    2.764262] systemd[1]: Starting Tell Plymouth To Write Out Runtime Data...
[    2.764392] systemd[1]: Condition check resulted in Store a System Token in an EFI Variable being skipped.
[    2.764439] systemd[1]: Condition check resulted in Commit a transient machine-id on disk being skipped.
[    2.768418] systemd[1]: Finished Set console font and keymap.
[    2.779190] systemd[1]: Received SIGRTMIN+20 from PID 277 (plymouthd).
[    2.780703] systemd[1]: plymouth-read-write.service: Succeeded.
[    2.780959] systemd[1]: Finished Tell Plymouth To Write Out Runtime Data.
[    2.811854] audit: type=1400 audit(1768423611.656:2): apparmor="STATUS" operation="profile_load" profile="unconfined" name="nvidia_modprobe" pid=299 comm="apparmor_parser"
[    2.811857] audit: type=1400 audit(1768423611.656:3): apparmor="STATUS" operation="profile_load" profile="unconfined" name="nvidia_modprobe//kmod" pid=299 comm="apparmor_parser"
[    2.822134] audit: type=1400 audit(1768423611.664:4): apparmor="STATUS" operation="profile_load" profile="unconfined" name="/usr/sbin/tcpdump" pid=300 comm="apparmor_parser"
[    2.865785] audit: type=1400 audit(1768423611.704:5): apparmor="STATUS" operation="profile_load" profile="unconfined" name="/usr/bin/evince" pid=302 comm="apparmor_parser"
[    2.865787] audit: type=1400 audit(1768423611.704:6): apparmor="STATUS" operation="profile_load" profile="unconfined" name="/usr/bin/evince//sanitized_helper" pid=302 comm="apparmor_parser"
[    2.865789] audit: type=1400 audit(1768423611.704:7): apparmor="STATUS" operation="profile_load" profile="unconfined" name="/usr/bin/evince-previewer" pid=302 comm="apparmor_parser"
[    2.865790] audit: type=1400 audit(1768423611.704:8): apparmor="STATUS" operation="profile_load" profile="unconfined" name="/usr/bin/evince-previewer//sanitized_helper" pid=302 comm="apparmor_parser"
[    2.865792] audit: type=1400 audit(1768423611.704:9): apparmor="STATUS" operation="profile_load" profile="unconfined" name="/usr/bin/evince-thumbnailer" pid=302 comm="apparmor_parser"
[    2.882106] audit: type=1400 audit(1768423611.724:10): apparmor="STATUS" operation="profile_load" profile="unconfined" name="/usr/lib/cups/backend/cups-pdf" pid=303 comm="apparmor_parser"
[    2.961017] systemd[1]: Finished Load AppArmor profiles.
[    2.961960] systemd[1]: Starting Load AppArmor profiles managed internally by snapd...
[    3.065710] systemd[1]: Finished Load AppArmor profiles managed internally by snapd.
[    3.180871] systemd[1]: Started Journal Service.
[    3.189205] systemd-journald[229]: Received client request to flush runtime journal.
[    3.192996] systemd-journald[229]: File /var/log/journal/c455b248004a419c87ce85eea238d727/system.journal corrupted or uncleanly shut down, renaming and replacing.
[    4.507721] RAPL PMU: API unit is 2^-32 Joules, 0 fixed counters, 10737418240 ms ovfl timer
[    4.549818] cryptd: max_cpu_qlen set to 1000
[    4.638277] AVX2 version of gcm_enc/dec engaged.
[    4.638278] AES CTR mode by8 optimization enabled
[    6.404936] Adding 1998844k swap on /dev/sda1.  Priority:-2 extents:1 across:1998844k FS
[    7.661120] kauditd_printk_skb: 30 callbacks suppressed
[    7.661122] audit: type=1400 audit(1768423616.504:41): apparmor="DENIED" operation="capable" profile="/usr/sbin/cups-browsed" pid=508 comm="cups-browsed" capability=23  capname="sys_nice"
[    8.798021] pcnet32 0000:00:03.0 enp0s3: link up, 100Mbps, full-duplex
[    8.846599] e1000: enp0s8 NIC Link is Up 1000 Mbps Full Duplex, Flow Control: RX
[    8.846898] IPv6: ADDRCONF(NETDEV_CHANGE): enp0s8: link becomes ready
[    8.869936] e1000: enp0s9 NIC Link is Up 1000 Mbps Full Duplex, Flow Control: RX
[    8.870231] IPv6: ADDRCONF(NETDEV_CHANGE): enp0s9: link becomes ready
[    9.509073] device enp0s3 entered promiscuous mode
[    9.544113] audit: type=1400 audit(1768423618.388:42): apparmor="DENIED" operation="open" profile="/usr/sbin/tcpdump" name="/proc/sys/kernel/random/boot_id" pid=637 comm="tcpdump" requested_mask="r" denied_mask="r" fsuid=0 ouid=0
[    9.545081] audit: type=1400 audit(1768423618.392:43): apparmor="DENIED" operation="open" profile="/usr/sbin/tcpdump" name="/proc/sys/kernel/random/boot_id" pid=637 comm="tcpdump" requested_mask="r" denied_mask="r" fsuid=0 ouid=0
[    9.545142] audit: type=1400 audit(1768423618.392:44): apparmor="DENIED" operation="open" profile="/usr/sbin/tcpdump" name="/proc/sys/kernel/random/boot_id" pid=637 comm="tcpdump" requested_mask="r" denied_mask="r" fsuid=0 ouid=0
[    9.545221] audit: type=1400 audit(1768423618.392:45): apparmor="DENIED" operation="open" profile="/usr/sbin/tcpdump" name="/proc/sys/kernel/random/boot_id" pid=637 comm="tcpdump" requested_mask="r" denied_mask="r" fsuid=0 ouid=0
[    9.553343] audit: type=1400 audit(1768423618.392:46): apparmor="DENIED" operation="open" profile="/usr/sbin/tcpdump" name="/proc/sys/kernel/random/boot_id" pid=638 comm="tcpdump" requested_mask="r" denied_mask="r" fsuid=0 ouid=0
[    9.553593] audit: type=1400 audit(1768423618.392:47): apparmor="DENIED" operation="open" profile="/usr/sbin/tcpdump" name="/proc/sys/kernel/random/boot_id" pid=638 comm="tcpdump" requested_mask="r" denied_mask="r" fsuid=0 ouid=0
[    9.553638] audit: type=1400 audit(1768423618.392:48): apparmor="DENIED" operation="open" profile="/usr/sbin/tcpdump" name="/proc/sys/kernel/random/boot_id" pid=638 comm="tcpdump" requested_mask="r" denied_mask="r" fsuid=0 ouid=0
[    9.553736] audit: type=1400 audit(1768423618.392:49): apparmor="DENIED" operation="open" profile="/usr/sbin/tcpdump" name="/proc/sys/kernel/random/boot_id" pid=638 comm="tcpdump" requested_mask="r" denied_mask="r" fsuid=0 ouid=0
[   15.572289] rfkill: input handler disabled
[  578.976874] rfkill: input handler enabled
[  587.926030] rfkill: input handler disabled
[  812.023039] device enp0s3 left promiscuous mode
