[    0.000000] Linux version 5.4.243-mptcp (root@ztg) (gcc version 12.2.0 (Debian 12.2.0-14+deb12u1)) #53 SMP Wed Dec 24 23:28:15 CST 2025
[    0.000000] Command line: BOOT_IMAGE=/boot/vmlinuz-5.4.243-mptcp root=UUID=98415a12-53b7-4144-8265-0f7ece09e445 ro quiet splash
[    0.000000] KERNEL supported cpus:
[    0.000000]   Intel GenuineIntel
[    0.000000]   AMD AuthenticAMD
[    0.000000]   Hygon HygonGenuine
[    0.000000]   Centaur CentaurHauls
[    0.000000]   zhaoxin   Shanghai  
[    0.000000] x86/fpu: Supporting XSAVE feature 0x001: 'x87 floating point registers'
[    0.000000] x86/fpu: Supporting XSAVE feature 0x002: 'SSE registers'
[    0.000000] x86/fpu: Supporting XSAVE feature 0x004: 'AVX registers'
[    0.000000] x86/fpu: xstate_offset[2]:  576, xstate_sizes[2]:  256
[    0.000000] x86/fpu: Enabled xstate features 0x7, context size is 832 bytes, using 'standard' format.
[    0.000000] BIOS-provided physical RAM map:
[    0.000000] BIOS-e820: [mem 0x0000000000000000-0x000000000009fbff] usable
[    0.000000] BIOS-e820: [mem 0x000000000009fc00-0x000000000009ffff] reserved
[    0.000000] BIOS-e820: [mem 0x00000000000f0000-0x00000000000fffff] reserved
[    0.000000] BIOS-e820: [mem 0x0000000000100000-0x000000007ffeffff] usable
[    0.000000] BIOS-e820: [mem 0x000000007fff0000-0x000000007fffffff] ACPI data
[    0.000000] BIOS-e820: [mem 0x00000000fec00000-0x00000000fec00fff] reserved
[    0.000000] BIOS-e820: [mem 0x00000000fee00000-0x00000000fee00fff] reserved
[    0.000000] BIOS-e820: [mem 0x00000000fffc0000-0x00000000ffffffff] reserved
[    0.000000] NX (Execute Disable) protection: active
[    0.000000] SMBIOS 2.5 present.
[    0.000000] DMI: innotek GmbH VirtualBox/VirtualBox, BIOS VirtualBox 12/01/2006
[    0.000000] Hypervisor detected: KVM
[    0.000000] kvm-clock: Using msrs 4b564d01 and 4b564d00
[    0.000000] kvm-clock: cpu 0, msr 1fc01001, primary cpu clock
[    0.000000] kvm-clock: using sched offset of 4458265718 cycles
[    0.000002] clocksource: kvm-clock: mask: 0xffffffffffffffff max_cycles: 0x1cd42e4dffb, max_idle_ns: 881590591483 ns
[    0.000005] tsc: Detected 2100.000 MHz processor
[    0.001883] e820: update [mem 0x00000000-0x00000fff] usable ==> reserved
[    0.001885] e820: remove [mem 0x000a0000-0x000fffff] usable
[    0.001889] last_pfn = 0x7fff0 max_arch_pfn = 0x400000000
[    0.001956] MTRR default type: uncachable
[    0.001957] MTRR fixed ranges enabled:
[    0.001958]   00000-9FFFF write-back
[    0.001959]   A0000-BFFFF uncachable
[    0.001960]   C0000-FFFFF write-protect
[    0.001961] MTRR variable ranges enabled:
[    0.001962]   0 base 000000000000 mask 3FFF80000000 write-back
[    0.001963]   1 disabled
[    0.001963]   2 disabled
[    0.001964]   3 disabled
[    0.001964]   4 disabled
[    0.001965]   5 disabled
[    0.001965]   6 disabled
[    0.001965]   7 disabled
[    0.001966]   8 disabled
[    0.001966]   9 disabled
[    0.001967]   10 disabled
[    0.001967]   11 disabled
[    0.001968]   12 disabled
[    0.001968]   13 disabled
[    0.001968]   14 disabled
[    0.001969]   15 disabled
[    0.001986] x86/PAT: Configuration [0-7]: WB  WC  UC- UC  WB  WP  UC- WT  
[    0.002122] found SMP MP-table at [mem 0x0009fff0-0x0009ffff]
[    0.093654] check: Scanning 1 areas for low memory corruption
[    0.093775] RAMDISK: [mem 0x32271000-0x3512ffff]
[    0.093783] ACPI: Early table checksum verification disabled
[    0.093788] ACPI: RSDP 0x00000000000E0000 000024 (v02 VBOX  )
[    0.093793] ACPI: XSDT 0x000000007FFF0030 00003C (v01 VBOX   VBOXXSDT 00000001 ASL  00000061)
[    0.093799] ACPI: FACP 0x000000007FFF00F0 0000F4 (v04 VBOX   VBOXFACP 00000001 ASL  00000061)
[    0.093806] ACPI: DSDT 0x000000007FFF02E0 002353 (v02 VBOX   VBOXBIOS 00000002 VBOX 00029BF3)
[    0.093810] ACPI: FACS 0x000000007FFF0200 000040
[    0.093813] ACPI: FACS 0x000000007FFF0200 000040
[    0.093817] ACPI: APIC 0x000000007FFF0240 000054 (v02 VBOX   VBOXAPIC 00000001 ASL  00000061)
[    0.093820] ACPI: SSDT 0x000000007FFF02A0 000038 (v01 VBOX   VBOXCPUT 00000002 VBOX 00029BF3)
[    0.093824] ACPI: Reserving FACP table memory at [mem 0x7fff00f0-0x7fff01e3]
[    0.093824] ACPI: Reserving DSDT table memory at [mem 0x7fff02e0-0x7fff2632]
[    0.093825] ACPI: Reserving FACS table memory at [mem 0x7fff0200-0x7fff023f]
[    0.093826] ACPI: Reserving FACS table memory at [mem 0x7fff0200-0x7fff023f]
[    0.093826] ACPI: Reserving APIC table memory at [mem 0x7fff0240-0x7fff0293]
[    0.093827] ACPI: Reserving SSDT table memory at [mem 0x7fff02a0-0x7fff02d7]
[    0.093841] ACPI: Local APIC address 0xfee00000
[    0.094031] No NUMA configuration found
[    0.094033] Faking a node at [mem 0x0000000000000000-0x000000007ffeffff]
[    0.094043] NODE_DATA(0) allocated [mem 0x7ffc5000-0x7ffeffff]
[    0.094304] Zone ranges:
[    0.094305]   DMA      [mem 0x0000000000001000-0x0000000000ffffff]
[    0.094306]   DMA32    [mem 0x0000000001000000-0x000000007ffeffff]
[    0.094307]   Normal   empty
[    0.094308]   Device   empty
[    0.094308] Movable zone start for each node
[    0.094310] Early memory node ranges
[    0.094311]   node   0: [mem 0x0000000000001000-0x000000000009efff]
[    0.094312]   node   0: [mem 0x0000000000100000-0x000000007ffeffff]
[    0.094315] Zeroed struct page in unavailable ranges: 114 pages
[    0.094316] Initmem setup node 0 [mem 0x0000000000001000-0x000000007ffeffff]
[    0.094317] On node 0 totalpages: 524174
[    0.094318]   DMA zone: 64 pages used for memmap
[    0.094319]   DMA zone: 21 pages reserved
[    0.094320]   DMA zone: 3998 pages, LIFO batch:0
[    0.094392]   DMA32 zone: 8128 pages used for memmap
[    0.094392]   DMA32 zone: 520176 pages, LIFO batch:63
[    0.103505] ACPI: PM-Timer IO Port: 0x4008
[    0.103508] ACPI: Local APIC address 0xfee00000
[    0.103580] IOAPIC[0]: apic_id 1, version 32, address 0xfec00000, GSI 0-23
[    0.103583] ACPI: INT_SRC_OVR (bus 0 bus_irq 0 global_irq 2 dfl dfl)
[    0.103585] ACPI: INT_SRC_OVR (bus 0 bus_irq 9 global_irq 9 low level)
[    0.103587] ACPI: IRQ0 used by override.
[    0.103588] ACPI: IRQ9 used by override.
[    0.103590] Using ACPI (MADT) for SMP configuration information
[    0.103597] smpboot: Allowing 1 CPUs, 0 hotplug CPUs
[    0.103620] PM: Registered nosave memory: [mem 0x00000000-0x00000fff]
[    0.103622] PM: Registered nosave memory: [mem 0x0009f000-0x0009ffff]
[    0.103622] PM: Registered nosave memory: [mem 0x000a0000-0x000effff]
[    0.103623] PM: Registered nosave memory: [mem 0x000f0000-0x000fffff]
[    0.103624] [mem 0x80000000-0xfebfffff] available for PCI devices
[    0.103625] Booting paravirtualized kernel on KVM
[    0.103628] clocksource: refined-jiffies: mask: 0xffffffff max_cycles: 0xffffffff, max_idle_ns: 7645519600211568 ns
[    0.103633] setup_percpu: NR_CPUS:8192 nr_cpumask_bits:1 nr_cpu_ids:1 nr_node_ids:1
[    0.104648] percpu: Embedded 60 pages/cpu s208896 r8192 d28672 u2097152
[    0.104653] pcpu-alloc: s208896 r8192 d28672 u2097152 alloc=1*2097152
[    0.104654] pcpu-alloc: [0] 0 
[    0.104682] Built 1 zonelists, mobility grouping on.  Total pages: 515961
[    0.104683] Policy zone: DMA32
[    0.104684] Kernel command line: BOOT_IMAGE=/boot/vmlinuz-5.4.243-mptcp root=UUID=98415a12-53b7-4144-8265-0f7ece09e445 ro quiet splash
[    0.105559] Dentry cache hash table entries: 262144 (order: 9, 2097152 bytes, linear)
[    0.105707] Inode-cache hash table entries: 131072 (order: 8, 1048576 bytes, linear)
[    0.105759] mem auto-init: stack:off, heap alloc:on, heap free:off
[    0.105761] Calgary: detecting Calgary via BIOS EBDA area
[    0.105763] Calgary: Unable to locate Rio Grande table in EBDA - bailing!
[    0.109934] Memory: 1967332K/2096696K available (14339K kernel code, 2398K rwdata, 4712K rodata, 2728K init, 17260K bss, 129364K reserved, 0K cma-reserved)
[    0.110852] SLUB: HWalign=64, Order=0-3, MinObjects=0, CPUs=1, Nodes=1
[    0.110869] ftrace: allocating 43186 entries in 169 pages
[    0.129026] rcu: Hierarchical RCU implementation.
[    0.129028] rcu: 	RCU restricting CPUs from NR_CPUS=8192 to nr_cpu_ids=1.
[    0.129029] 	Tasks RCU enabled.
[    0.129030] rcu: RCU calculated value of scheduler-enlistment delay is 25 jiffies.
[    0.129031] rcu: Adjusting geometry for rcu_fanout_leaf=16, nr_cpu_ids=1
[    0.131994] NR_IRQS: 524544, nr_irqs: 256, preallocated irqs: 16
[    0.132210] random: crng init done
[    0.141556] Console: colour VGA+ 80x25
[    0.141560] printk: console [tty0] enabled
[    0.141579] ACPI: Core revision 20190816
[    0.141674] APIC: Switch to symmetric I/O mode setup
[    0.141925] x2apic enabled
[    0.142164] Switched APIC routing to physical x2apic.
[    0.143300] ..TIMER: vector=0x30 apic1=0 pin1=2 apic2=-1 pin2=-1
[    0.143324] clocksource: tsc-early: mask: 0xffffffffffffffff max_cycles: 0x1e4530a99b6, max_idle_ns: 440795257976 ns
[    0.143330] Calibrating delay loop (skipped) preset value.. 4200.00 BogoMIPS (lpj=8400000)
[    0.143332] pid_max: default: 32768 minimum: 301
[    0.143360] LSM: Security Framework initializing
[    0.143370] Yama: becoming mindful.
[    0.143397] AppArmor: AppArmor initialized
[    0.143433] Mount-cache hash table entries: 4096 (order: 3, 32768 bytes, linear)
[    0.143441] Mountpoint-cache hash table entries: 4096 (order: 3, 32768 bytes, linear)
[    0.143452] *** VALIDATE tmpfs ***
[    0.143586] *** VALIDATE proc ***
[    0.143629] *** VALIDATE cgroup1 ***
[    0.143630] *** VALIDATE cgroup2 ***
[    0.143771] process: using mwait in idle threads
[    0.143776] Last level iTLB entries: 4KB 64, 2MB 8, 4MB 8
[    0.143777] Last level dTLB entries: 4KB 64, 2MB 0, 4MB 0, 1GB 4
[    0.143798] Spectre V1 : Mitigation: usercopy/swapgs barriers and __user pointer sanitization
[    0.143803] Spectre V2 : Mitigation: Retpolines
[    0.143804] Spectre V2 : Spectre v2 / SpectreRSB mitigation: Filling RSB on context switch
[    0.143805] Spectre V2 : Spectre v2 / SpectreRSB : Filling RSB on VMEXIT
[    0.143805] RETBleed: WARNING: Spectre v2 mitigation leaves CPU vulnerable to RETBleed attacks, data leaks possible!
[    0.144156] RETBleed: Vulnerable
[    0.144157] Speculative Store Bypass: Vulnerable
[    0.144161] TAA: Mitigation: TSX disabled
[    0.144162] MMIO Stale Data: Mitigation: Clear CPU buffers
[    0.148421] Freeing SMP alternatives memory: 40K
[    0.260473] smpboot: CPU0: Intel(R) Xeon(R) Silver 4216 CPU @ 2.10GHz (family: 0x6, model: 0x55, stepping: 0x7)
[    0.260614] Performance Events: unsupported p6 CPU model 85 no PMU driver, software events only.
[    0.260651] rcu: Hierarchical SRCU implementation.
[    0.261135] NMI watchdog: Perf NMI watchdog permanently disabled
[    0.261175] smp: Bringing up secondary CPUs ...
[    0.261176] smp: Brought up 1 node, 1 CPU
[    0.261176] smpboot: Max logical packages: 1
[    0.261178] smpboot: Total of 1 processors activated (4200.00 BogoMIPS)
[    0.262140] devtmpfs: initialized
[    0.262190] x86/mm: Memory block size: 128MB
[    0.262539] clocksource: jiffies: mask: 0xffffffff max_cycles: 0xffffffff, max_idle_ns: 7645041785100000 ns
[    0.262545] futex hash table entries: 256 (order: 2, 16384 bytes, linear)
[    0.262589] pinctrl core: initialized pinctrl subsystem
[    0.262692] PM: RTC time: 22:01:06, date: 2026-01-13
[    0.262801] NET: Registered protocol family 16
[    0.262876] audit: initializing netlink subsys (disabled)
[    0.263005] EISA bus registered
[    0.263006] cpuidle: using governor ladder
[    0.263007] cpuidle: using governor menu
[    0.263043] ACPI: bus type PCI registered
[    0.263044] acpiphp: ACPI Hot Plug PCI Controller Driver version: 0.5
[    0.263149] PCI: Using configuration type 1 for base access
[    0.263632] audit: type=2000 audit(1768312873.010:1): state=initialized audit_enabled=0 res=1
[    0.263714] HugeTLB registered 2.00 MiB page size, pre-allocated 0 pages
[    0.264562] ACPI: Added _OSI(Module Device)
[    0.264563] ACPI: Added _OSI(Processor Device)
[    0.264564] ACPI: Added _OSI(3.0 _SCP Extensions)
[    0.264565] ACPI: Added _OSI(Processor Aggregator Device)
[    0.264566] ACPI: Added _OSI(Linux-Dell-Video)
[    0.264567] ACPI: Added _OSI(Linux-Lenovo-NV-HDMI-Audio)
[    0.264568] ACPI: Added _OSI(Linux-HPI-Hybrid-Graphics)
[    0.266597] ACPI: 2 ACPI AML tables successfully acquired and loaded
[    0.268200] ACPI: Interpreter enabled
[    0.268211] ACPI: (supports S0 S5)
[    0.268212] ACPI: Using IOAPIC for interrupt routing
[    0.268439] PCI: Using host bridge windows from ACPI; if necessary, use "pci=nocrs" and report a bug
[    0.268549] ACPI: Enabled 2 GPEs in block 00 to 07
[    0.273692] ACPI: PCI Root Bridge [PCI0] (domain 0000 [bus 00-ff])
[    0.273697] acpi PNP0A03:00: _OSC: OS supports [ASPM ClockPM Segments MSI HPX-Type3]
[    0.274153] acpi PNP0A03:00: _OSC: not requesting OS control; OS requires [ExtendedConfig ASPM ClockPM MSI]
[    0.274161] acpi PNP0A03:00: fail to add MMCONFIG information, can't access extended PCI configuration space under this bridge.
[    0.274537] PCI host bridge to bus 0000:00
[    0.274540] pci_bus 0000:00: root bus resource [io  0x0000-0x0cf7 window]
[    0.274541] pci_bus 0000:00: root bus resource [io  0x0d00-0xffff window]
[    0.274542] pci_bus 0000:00: root bus resource [mem 0x000a0000-0x000bffff window]
[    0.274543] pci_bus 0000:00: root bus resource [mem 0x80000000-0xfdffffff window]
[    0.274544] pci_bus 0000:00: root bus resource [bus 00-ff]
[    0.274588] pci 0000:00:00.0: [8086:1237] type 00 class 0x060000
[    0.275415] pci 0000:00:01.0: [8086:7000] type 00 class 0x060100
[    0.276251] pci 0000:00:01.1: [8086:7111] type 00 class 0x01018a
[    0.276637] pci 0000:00:01.1: reg 0x20: [io  0xd000-0xd00f]
[    0.276803] pci 0000:00:01.1: legacy IDE quirk: reg 0x10: [io  0x01f0-0x01f7]
[    0.276804] pci 0000:00:01.1: legacy IDE quirk: reg 0x14: [io  0x03f6]
[    0.276805] pci 0000:00:01.1: legacy IDE quirk: reg 0x18: [io  0x0170-0x0177]
[    0.276806] pci 0000:00:01.1: legacy IDE quirk: reg 0x1c: [io  0x0376]
[    0.277390] pci 0000:00:02.0: [15ad:0405] type 00 class 0x030000
[    0.281217] pci 0000:00:02.0: reg 0x10: [io  0xd010-0xd01f]
[    0.283372] pci 0000:00:02.0: reg 0x14: [mem 0xe0000000-0xe7ffffff pref]
[    0.285945] pci 0000:00:02.0: reg 0x18: [mem 0xf0000000-0xf01fffff]
[    0.296124] pci 0000:00:03.0: [1022:2000] type 00 class 0x020000
[    0.296819] pci 0000:00:03.0: reg 0x10: [io  0xd020-0xd03f]
[    0.297439] pci 0000:00:03.0: reg 0x14: [mem 0xf0200000-0xf0200fff]
[    0.302448] pci 0000:00:04.0: [80ee:cafe] type 00 class 0x088000
[    0.303120] pci 0000:00:04.0: reg 0x10: [io  0xd040-0xd05f]
[    0.303445] pci 0000:00:04.0: reg 0x14: [mem 0xf0400000-0xf07fffff]
[    0.304053] pci 0000:00:04.0: reg 0x18: [mem 0xf0800000-0xf0803fff pref]
[    0.307374] pci 0000:00:07.0: [8086:7113] type 00 class 0x068000
[    0.307931] pci 0000:00:07.0: quirk: [io  0x4000-0x403f] claimed by PIIX4 ACPI
[    0.307943] pci 0000:00:07.0: quirk: [io  0x4100-0x410f] claimed by PIIX4 SMB
[    0.308558] pci 0000:00:08.0: [8086:100e] type 00 class 0x020000
[    0.309266] pci 0000:00:08.0: reg 0x10: [mem 0xf0820000-0xf083ffff]
[    0.310422] pci 0000:00:08.0: reg 0x18: [io  0xd060-0xd067]
[    0.314561] pci 0000:00:09.0: [8086:100e] type 00 class 0x020000
[    0.315271] pci 0000:00:09.0: reg 0x10: [mem 0xf0840000-0xf085ffff]
[    0.316007] pci 0000:00:09.0: reg 0x18: [io  0xd068-0xd06f]
[    0.324475] ACPI: PCI Interrupt Link [LNKA] (IRQs 5 9 10 *11)
[    0.327576] ACPI: PCI Interrupt Link [LNKB] (IRQs 5 9 *10 11)
[    0.327681] ACPI: PCI Interrupt Link [LNKC] (IRQs 5 *9 10 11)
[    0.327786] ACPI: PCI Interrupt Link [LNKD] (IRQs 5 9 10 *11)
[    0.328065] iommu: Default domain type: Translated 
[    0.328132] pci 0000:00:02.0: vgaarb: setting as boot VGA device
[    0.328134] pci 0000:00:02.0: vgaarb: VGA device added: decodes=io+mem,owns=io+mem,locks=none
[    0.328136] pci 0000:00:02.0: vgaarb: bridge control possible
[    0.328137] vgaarb: loaded
[    0.328351] SCSI subsystem initialized
[    0.328383] libata version 3.00 loaded.
[    0.328405] ACPI: bus type USB registered
[    0.328421] usbcore: registered new interface driver usbfs
[    0.328426] usbcore: registered new interface driver hub
[    0.328432] usbcore: registered new device driver usb
[    0.328460] pps_core: LinuxPPS API ver. 1 registered
[    0.328461] pps_core: Software ver. 5.3.6 - Copyright 2005-2007 Rodolfo Giometti <giometti@linux.it>
[    0.328463] PTP clock support registered
[    0.328498] EDAC MC: Ver: 3.0.0
[    0.328790] PCI: Using ACPI for IRQ routing
[    0.328792] PCI: pci_cache_line_size set to 64 bytes
[    0.328959] e820: reserve RAM buffer [mem 0x0009fc00-0x0009ffff]
[    0.328964] e820: reserve RAM buffer [mem 0x7fff0000-0x7fffffff]
[    0.329787] NetLabel: Initializing
[    0.329788] NetLabel:  domain hash size = 128
[    0.329788] NetLabel:  protocols = UNLABELED CIPSOv4 CALIPSO
[    0.329808] NetLabel:  unlabeled traffic allowed by default
[    0.330735] clocksource: Switched to clocksource kvm-clock
[    0.342042] *** VALIDATE bpf ***
[    0.342106] VFS: Disk quotas dquot_6.6.0
[    0.342118] VFS: Dquot-cache hash table entries: 512 (order 0, 4096 bytes)
[    0.342140] *** VALIDATE ramfs ***
[    0.342143] *** VALIDATE hugetlbfs ***
[    0.342229] AppArmor: AppArmor Filesystem Enabled
[    0.342256] pnp: PnP ACPI init
[    0.342327] pnp 00:00: Plug and Play ACPI device, IDs PNP0303 (active)
[    0.342396] pnp 00:01: Plug and Play ACPI device, IDs PNP0f03 (active)
[    0.343181] pnp: PnP ACPI: found 2 devices
[    0.344145] thermal_sys: Registered thermal governor 'fair_share'
[    0.344146] thermal_sys: Registered thermal governor 'bang_bang'
[    0.344147] thermal_sys: Registered thermal governor 'step_wise'
[    0.344147] thermal_sys: Registered thermal governor 'user_space'
[    0.344148] thermal_sys: Registered thermal governor 'power_allocator'
[    0.348684] clocksource: acpi_pm: mask: 0xffffff max_cycles: 0xffffff, max_idle_ns: 2085701024 ns
[    0.348724] pci_bus 0000:00: resource 4 [io  0x0000-0x0cf7 window]
[    0.348725] pci_bus 0000:00: resource 5 [io  0x0d00-0xffff window]
[    0.348727] pci_bus 0000:00: resource 6 [mem 0x000a0000-0x000bffff window]
[    0.348728] pci_bus 0000:00: resource 7 [mem 0x80000000-0xfdffffff window]
[    0.348790] NET: Registered protocol family 2
[    0.348867] IP idents hash table entries: 32768 (order: 6, 262144 bytes, linear)
[    0.349282] MPTCP tokens hash table entries: 8192 (order: 4, 65536 bytes, linear)
[    0.349303] MPTCP request tokens hash table entries: 8192 (order: 4, 65536 bytes, linear)
[    0.349327] default registered
[    0.349328] default registered
[    0.349328] MPTCP: Stable release v0.96
[    0.349334] tcp_listen_portaddr_hash hash table entries: 1024 (order: 2, 16384 bytes, linear)
[    0.349415] TCP established hash table entries: 16384 (order: 5, 131072 bytes, linear)
[    0.349483] TCP bind hash table entries: 16384 (order: 6, 262144 bytes, linear)
[    0.349508] TCP: Hash tables configured (established 16384 bind 16384)
[    0.350218] UDP hash table entries: 1024 (order: 3, 32768 bytes, linear)
[    0.350230] UDP-Lite hash table entries: 1024 (order: 3, 32768 bytes, linear)
[    0.350263] NET: Registered protocol family 1
[    0.350271] NET: Registered protocol family 44
[    0.350292] pci 0000:00:00.0: Limiting direct PCI/PCI transfers
[    0.350307] pci 0000:00:01.0: Activating ISA DMA hang workarounds
[    0.350360] pci 0000:00:02.0: Video device with shadowed ROM at [mem 0x000c0000-0x000dffff]
[    0.350425] PCI: CLS 0 bytes, default 64
[    0.350471] Trying to unpack rootfs image as initramfs...
[    0.531844] Freeing initrd memory: 47868K
[    0.531941] clocksource: tsc: mask: 0xffffffffffffffff max_cycles: 0x1e4530a99b6, max_idle_ns: 440795257976 ns
[    0.531951] clocksource: Switched to clocksource tsc
[    0.531990] platform rtc_cmos: registered platform RTC device (no PNP device found)
[    0.532019] check: Scanning for low memory corruption every 60 seconds
[    0.532070] Initialise system trusted keyrings
[    0.532070] Key type blacklist registered
[    0.532070] workingset: timestamp_bits=36 max_order=19 bucket_order=0
[    0.533767] zbud: loaded
[    0.534128] squashfs: version 4.0 (2009/01/31) Phillip Lougher
[    0.534263] fuse: init (API version 7.31)
[    0.534279] *** VALIDATE fuse ***
[    0.534280] *** VALIDATE fuse ***
[    0.534386] Platform Keyring initialized
[    0.537458] Key type asymmetric registered
[    0.537459] Asymmetric key parser 'x509' registered
[    0.537469] Block layer SCSI generic (bsg) driver version 0.4 loaded (major 244)
[    0.537507] io scheduler mq-deadline registered
[    0.537634] shpchp: Standard Hot Plug PCI Controller Driver version: 0.4
[    0.537836] ACPI: AC Adapter [AC] (on-line)
[    0.537883] input: Power Button as /devices/LNXSYSTM:00/LNXPWRBN:00/input/input0
[    0.537912] ACPI: Power Button [PWRF]
[    0.537989] input: Sleep Button as /devices/LNXSYSTM:00/LNXSLPBN:00/input/input1
[    0.538004] ACPI: Sleep Button [SLPF]
[    0.538233] Serial: 8250/16550 driver, 32 ports, IRQ sharing enabled
[    0.539425] Linux agpgart interface v0.103
[    0.635181] loop: module loaded
[    0.635342] ata_piix 0000:00:01.1: version 2.13
[    0.635760] scsi host0: ata_piix
[    0.635849] scsi host1: ata_piix
[    0.635876] ata1: PATA max UDMA/33 cmd 0x1f0 ctl 0x3f6 bmdma 0xd000 irq 14
[    0.635876] ata2: PATA max UDMA/33 cmd 0x170 ctl 0x376 bmdma 0xd008 irq 15
[    0.635957] tun: Universal TUN/TAP device driver, 1.6
[    0.636278] PPP generic driver version 2.4.2
[    0.636323] VFIO - User Level meta-driver version: 0.3
[    0.636579] ehci_hcd: USB 2.0 'Enhanced' Host Controller (EHCI) Driver
[    0.636584] ehci-pci: EHCI PCI platform driver
[    0.636601] ehci-platform: EHCI generic platform driver
[    0.636607] ohci_hcd: USB 1.1 'Open' Host Controller (OHCI) Driver
[    0.636609] ohci-pci: OHCI PCI platform driver
[    0.636616] ohci-platform: OHCI generic platform driver
[    0.636620] uhci_hcd: USB Universal Host Controller Interface driver
[    0.636689] i8042: PNP: PS/2 Controller [PNP0303:PS2K,PNP0f03:PS2M] at 0x60,0x64 irq 1,12
[    0.637140] serio: i8042 KBD port at 0x60,0x64 irq 1
[    0.637144] serio: i8042 AUX port at 0x60,0x64 irq 12
[    0.637240] mousedev: PS/2 mouse device common for all mice
[    0.637496] input: AT Translated Set 2 keyboard as /devices/platform/i8042/serio0/input/input2
[    0.637901] rtc_cmos rtc_cmos: registered as rtc0
[    0.637915] rtc_cmos rtc_cmos: alarms up to one day, 114 bytes nvram
[    0.637920] i2c /dev entries driver
[    0.637967] device-mapper: uevent: version 1.0.3
[    0.638010] device-mapper: ioctl: 4.41.0-ioctl (2019-09-16) initialised: dm-devel@redhat.com
[    0.638026] platform eisa.0: Probing EISA bus 0
[    0.638028] platform eisa.0: EISA: Cannot allocate resource for mainboard
[    0.638029] platform eisa.0: Cannot allocate resource for EISA slot 1
[    0.638030] platform eisa.0: Cannot allocate resource for EISA slot 2
[    0.638031] platform eisa.0: Cannot allocate resource for EISA slot 3
[    0.638032] platform eisa.0: Cannot allocate resource for EISA slot 4
[    0.638033] platform eisa.0: Cannot allocate resource for EISA slot 5
[    0.638034] platform eisa.0: Cannot allocate resource for EISA slot 6
[    0.638035] platform eisa.0: Cannot allocate resource for EISA slot 7
[    0.638036] platform eisa.0: Cannot allocate resource for EISA slot 8
[    0.638037] platform eisa.0: EISA: Detected 0 cards
[    0.638040] intel_pstate: CPU model not supported
[    0.638049] ledtrig-cpu: registered to indicate activity on CPUs
[    0.638107] drop_monitor: Initializing network drop monitor service
[    0.638266] NET: Registered protocol family 10
[    0.643286] Segment Routing with IPv6
[    0.643286] fullmesh registered
[    0.643286] ndiffports registered
[    0.643286] binder registered
[    0.643286] roundrobin registered
[    0.643286] redundant registered
[    0.643286] blest registered
[    0.643286] ecf registered
[    0.643286] NET: Registered protocol family 17
[    0.643286] Key type dns_resolver registered
[    0.643286] RAS: Correctable Errors collector initialized.
[    0.643286] IPI shorthand broadcast: enabled
[    0.643286] sched_clock: Marking stable (628160152, 11126086)->(642038472, -2752234)
[    0.645143] registered taskstats version 1
[    0.645156] Loading compiled-in X.509 certificates
[    0.646120] Loaded X.509 cert 'Build time autogenerated kernel key: 6909f3744cebb3d0de528d5887b96a727de79b1e'
[    0.646151] zswap: loaded using pool lzo/zbud
[    0.646241] Key type ._fscrypt registered
[    0.646242] Key type .fscrypt registered
[    0.652730] Key type big_key registered
[    0.656217] Key type encrypted registered
[    0.656221] AppArmor: AppArmor sha1 policy hashing enabled
[    0.656231] ima: No TPM chip found, activating TPM-bypass!
[    0.656236] ima: Allocated hash algorithm: sha1
[    0.656243] ima: No architecture policies found
[    0.656256] evm: Initialising EVM extended attributes:
[    0.656257] evm: security.selinux
[    0.656258] evm: security.SMACK64
[    0.656258] evm: security.SMACK64EXEC
[    0.656259] evm: security.SMACK64TRANSMUTE
[    0.656259] evm: security.SMACK64MMAP
[    0.656260] evm: security.apparmor
[    0.656261] evm: security.ima
[    0.656261] evm: security.capability
[    0.656262] evm: HMAC attrs: 0x1
[    0.656638] PM:   Magic number: 10:242:47
[    0.656737] rtc_cmos rtc_cmos: setting system clock to 2026-01-13T22:01:07 UTC (1768341667)
[    0.806797] ata1.00: ATA-6: VBOX HARDDISK, 1.0, max UDMA/133
[    0.806799] ata1.00: 209715200 sectors, multi 128: LBA 
[    0.807245] scsi 0:0:0:0: Direct-Access     ATA      VBOX HARDDISK    1.0  PQ: 0 ANSI: 5
[    0.807421] sd 0:0:0:0: [sda] 209715200 512-byte logical blocks: (107 GB/100 GiB)
[    0.807428] sd 0:0:0:0: [sda] Write Protect is off
[    0.807430] sd 0:0:0:0: [sda] Mode Sense: 00 3a 00 00
[    0.807440] sd 0:0:0:0: [sda] Write cache: enabled, read cache: enabled, doesn't support DPO or FUA
[    0.807628] sd 0:0:0:0: Attached scsi generic sg0 type 0
[    0.808084]  sda: sda1 sda2
[    0.819290] sd 0:0:0:0: [sda] Attached SCSI disk
[    0.821105] Freeing unused decrypted memory: 2040K
[    0.821794] Freeing unused kernel image memory: 2728K
[    0.821795] Write protecting the kernel read-only data: 22528k
[    0.822455] Freeing unused kernel image memory: 2036K
[    0.822870] Freeing unused kernel image memory: 1432K
[    0.836332] x86/mm: Checked W+X mappings: passed, no W+X pages found.
[    0.836336] Run /init as init process
[    0.946176] ACPI: Video Device [GFX0] (multi-head: yes  rom: no  post: no)
[    0.946271] input: Video Bus as /devices/LNXSYSTM:00/LNXSYBUS:00/PNP0A03:00/LNXVIDEO:00/input/input4
[    0.959602] pcnet32: pcnet32.c:v1.35 21.Apr.2008 tsbogend@alpha.franken.de
[    0.960563] pcnet32: PCnet/FAST III 79C973 at 0xd020, 08:00:27:14:b9:54 assigned IRQ 19
[    0.960606] pcnet32: Found PHY 0022:561b at address 0
[    0.960909] pcnet32: eth0: registered as PCnet/FAST III 79C973
[    0.961692] pcnet32: 1 cards_found
[    0.962955] piix4_smbus 0000:00:07.0: SMBus Host Controller at 0x4100, revision 0
[    0.967375] e1000: Intel(R) PRO/1000 Network Driver - version 7.3.21-k8-NAPI
[    0.967376] e1000: Copyright (c) 1999-2006 Intel Corporation.
[    1.037033] pcnet32 0000:00:03.0 enp0s3: renamed from eth0
[    1.189045] input: ImExPS/2 Generic Explorer Mouse as /devices/platform/i8042/serio1/input/input5
[    1.383422] e1000 0000:00:08.0 eth0: (PCI:33MHz:32-bit) 08:00:27:6f:69:da
[    1.383426] e1000 0000:00:08.0 eth0: Intel(R) PRO/1000 Network Connection
[    1.755784] e1000 0000:00:09.0 eth1: (PCI:33MHz:32-bit) 08:00:27:e2:64:46
[    1.755787] e1000 0000:00:09.0 eth1: Intel(R) PRO/1000 Network Connection
[    1.756947] e1000 0000:00:09.0 enp0s9: renamed from eth1
[    1.758737] e1000 0000:00:08.0 enp0s8: renamed from eth0
[    1.908004] EXT4-fs (sda2): mounted filesystem with ordered data mode. Opts: (null)
[    2.003730] systemd[1]: Inserted module 'autofs4'
[    2.016169] systemd[1]: systemd 245.4-4ubuntu3 running in system mode. (+PAM +AUDIT +SELINUX +IMA +APPARMOR +SMACK +SYSVINIT +UTMP +LIBCRYPTSETUP +GCRYPT +GNUTLS +ACL +XZ +LZ4 +SECCOMP +BLKID +ELFUTILS +KMOD +IDN2 -IDN +PCRE2 default-hierarchy=hybrid)
[    2.016199] systemd[1]: Detected virtualization oracle.
[    2.016203] systemd[1]: Detected architecture x86-64.
[    2.017512] systemd[1]: Set hostname to <ztg>.
[    2.147946] systemd[1]: /lib/systemd/system/dbus.socket:5: ListenStream= references a path below legacy directory /var/run/, updating /var/run/dbus/system_bus_socket â†’ /run/dbus/system_bus_socket; please update the unit file accordingly.
[    2.202271] systemd[1]: Created slice system-modprobe.slice.
[    2.202586] systemd[1]: Created slice User and Session Slice.
[    2.202662] systemd[1]: Started Forward Password Requests to Wall Directory Watch.
[    2.202947] systemd[1]: Set up automount Arbitrary Executable File Formats File System Automount Point.
[    2.203017] systemd[1]: Reached target User and Group Name Lookups.
[    2.203029] systemd[1]: Reached target Remote File Systems.
[    2.203043] systemd[1]: Reached target Slices.
[    2.203756] systemd[1]: Listening on Syslog Socket.
[    2.203826] systemd[1]: Listening on fsck to fsckd communication Socket.
[    2.203864] systemd[1]: Listening on initctl Compatibility Named Pipe.
[    2.203998] systemd[1]: Listening on Journal Audit Socket.
[    2.204051] systemd[1]: Listening on Journal Socket (/dev/log).
[    2.204121] systemd[1]: Listening on Journal Socket.
[    2.204185] systemd[1]: Listening on udev Control Socket.
[    2.204224] systemd[1]: Listening on udev Kernel Socket.
[    2.204966] systemd[1]: Mounting Huge Pages File System...
[    2.205870] systemd[1]: Mounting POSIX Message Queue File System...
[    2.206735] systemd[1]: Mounting Kernel Debug File System...
[    2.207624] systemd[1]: Mounting Kernel Trace File System...
[    2.209556] systemd[1]: Starting Journal Service...
[    2.234413] systemd[1]: Starting Set the console keyboard layout...
[    2.242602] systemd[1]: Starting Create list of static device nodes for the current kernel...
[    2.244906] systemd[1]: Starting Load Kernel Module drm...
[    2.245915] systemd[1]: Condition check resulted in Set Up Additional Binary Formats being skipped.
[    2.245966] systemd[1]: Condition check resulted in File System Check on Root Device being skipped.
[    2.256982] systemd[1]: Starting Load Kernel Modules...
[    2.262355] systemd[1]: Starting Remount Root and Kernel File Systems...
[    2.277494] systemd[1]: Starting udev Coldplug all Devices...
[    2.287145] systemd[1]: Starting Uncomplicated firewall...
[    2.288498] EXT4-fs (sda2): re-mounted. Opts: errors=remount-ro
[    2.290741] systemd[1]: Mounted Huge Pages File System.
[    2.290827] systemd[1]: Mounted POSIX Message Queue File System.
[    2.290899] systemd[1]: Mounted Kernel Debug File System.
[    2.290967] systemd[1]: Mounted Kernel Trace File System.
[    2.324457] systemd[1]: Finished Create list of static device nodes for the current kernel.
[    2.324747] systemd[1]: modprobe@drm.service: Succeeded.
[    2.325205] systemd[1]: Finished Load Kernel Module drm.
[    2.325571] systemd[1]: Finished Remount Root and Kernel File Systems.
[    2.333591] lp: driver loaded but no devices found
[    2.334853] systemd[1]: Finished Uncomplicated firewall.
[    2.352226] systemd[1]: Condition check resulted in Rebuild Hardware Database being skipped.
[    2.352261] systemd[1]: Condition check resulted in Platform Persistent Storage Archival being skipped.
[    2.352943] systemd[1]: Starting Load/Save Random Seed...
[    2.355300] ppdev: user-space parallel port driver
[    2.364825] systemd[1]: Starting Create System Users...
[    2.378864] systemd[1]: Finished Load/Save Random Seed.
[    2.383612] systemd[1]: Finished Create System Users.
[    2.384348] systemd[1]: Starting Create Static Device Nodes in /dev...
[    2.436058] systemd[1]: Finished Create Static Device Nodes in /dev.
[    2.436888] systemd[1]: Starting udev Kernel Device Manager...
[    2.447045] systemd[1]: Finished udev Coldplug all Devices.
[    2.447944] [drm] DMA map mode: Caching DMA mappings.
[    2.448008] [drm] Capabilities:
[    2.448008] [drm]   Rect copy.
[    2.448008] [drm]   Cursor.
[    2.448009] [drm]   Cursor bypass.
[    2.448009] [drm]   Cursor bypass 2.
[    2.448009] [drm]   Alpha cursor.
[    2.448010] [drm]   Extended Fifo.
[    2.448010] [drm]   Pitchlock.
[    2.448010] [drm]   Irq mask.
[    2.448011] [drm]   GMR.
[    2.448011] [drm]   Traces.
[    2.448011] [drm]   GMR2.
[    2.448012] [drm]   Screen Object 2.
[    2.448012] [drm]   Command Buffers.
[    2.448012] [drm]   Command Buffers 2.
[    2.448013] [drm]   Guest Backed Resources.
[    2.448014] [drm] Max GMR ids is 8192
[    2.448014] [drm] Max number of GMR pages is 1048576
[    2.448015] [drm] Max dedicated hypervisor surface memory is 393216 kiB
[    2.448015] [drm] Maximum display memory size is 131072 kiB
[    2.448016] [drm] VRAM at 0xe0000000 size is 131072 kiB
[    2.448017] [drm] MMIO at 0xf0000000 size is 2048 kiB
[    2.448577] [TTM] Zone  kernel: Available graphics memory: 1011738 KiB
[    2.448578] [TTM] Initializing pool allocator
[    2.448581] [TTM] Initializing DMA pool allocator
[    2.448611] [drm] Supports vblank timestamp caching Rev 2 (21.10.2013).
[    2.448612] [drm] No driver support for vblank timestamp query.
[    2.448867] [drm] Screen Target Display device initialized
[    2.449098] [drm] width 720
[    2.449108] [drm] height 400
[    2.449112] [drm] bpp 32
[    2.449629] [drm] Fifo max 0x00200000 min 0x00001000 cap 0x00000355
[    2.450681] [drm] Using command buffers with DMA pool.
[    2.450687] [drm] DX: no.
[    2.450687] [drm] Atomic: yes.
[    2.450688] [drm] SM4_1: no.
[    2.450707] [drm:vmw_host_log [vmwgfx]] *ERROR* Failed to send host log message.
[    2.453181] [drm:vmw_host_log [vmwgfx]] *ERROR* Failed to send host log message.
[    2.470026] fbcon: svgadrmfb (fb0) is primary device
[    2.472126] Console: switching to colour frame buffer device 100x37
[    2.477493] [drm] Initialized vmwgfx 2.15.0 20180704 for 0000:00:02.0 on minor 0
[    2.478438] systemd[1]: Finished Load Kernel Modules.
[    2.479440] systemd[1]: Mounting FUSE Control File System...
[    2.480581] systemd[1]: Mounting Kernel Configuration File System...
[    2.494569] systemd[1]: Starting Apply Kernel Variables...
[    2.511579] systemd[1]: Mounted FUSE Control File System.
[    2.511654] systemd[1]: Condition check resulted in VMware vmblock fuse mount being skipped.
[    2.515064] systemd[1]: Mounted Kernel Configuration File System.
[    2.534866] systemd[1]: Finished Set the console keyboard layout.
[    2.534967] systemd[1]: Reached target Local File Systems (Pre).
[    2.540810] systemd[1]: Mounting Mount unit for bare, revision 5...
[    2.543323] systemd[1]: Mounting Mount unit for core18, revision 1705...
[    2.552811] systemd[1]: Mounting Mount unit for gnome-3-34-1804, revision 24...
[    2.571353] systemd[1]: Mounting Mount unit for gtk-common-themes, revision 1506...
[    2.585906] systemd[1]: Mounting Mount unit for gtk-common-themes, revision 1535...
[    2.590961] systemd[1]: Mounting Mount unit for snap-store, revision 433...
[    2.598142] systemd[1]: Mounting Mount unit for snapd, revision 25935...
[    2.605366] systemd[1]: Finished Apply Kernel Variables.
[    2.640669] systemd[1]: Mounted Mount unit for bare, revision 5.
[    2.684559] systemd[1]: Mounted Mount unit for gnome-3-34-1804, revision 24.
[    2.684659] systemd[1]: Mounted Mount unit for gtk-common-themes, revision 1506.
[    2.686332] systemd[1]: Started udev Kernel Device Manager.
[    2.687129] systemd[1]: Starting Show Plymouth Boot Screen...
[    2.692571] systemd[1]: Received SIGRTMIN+20 from PID 275 (plymouthd).
[    2.737723] systemd[1]: Mounted Mount unit for core18, revision 1705.
[    2.738018] systemd[1]: Mounted Mount unit for gtk-common-themes, revision 1535.
[    2.738200] systemd[1]: Started Show Plymouth Boot Screen.
[    2.738377] systemd[1]: Condition check resulted in Dispatch Password Requests to Console Directory Watch being skipped.
[    2.738462] systemd[1]: Started Forward Password Requests to Plymouth Directory Watch.
[    2.738526] systemd[1]: Reached target Local Encrypted Volumes.
[    2.787416] systemd[1]: Mounted Mount unit for snap-store, revision 433.
[    2.787674] systemd[1]: Mounted Mount unit for snapd, revision 25935.
[    2.787825] systemd[1]: Reached target Local File Systems.
[    2.790328] systemd[1]: Starting Load AppArmor profiles...
[    2.791256] systemd[1]: Starting Set console font and keymap...
[    2.805710] systemd[1]: Starting Tell Plymouth To Write Out Runtime Data...
[    2.805824] systemd[1]: Condition check resulted in Store a System Token in an EFI Variable being skipped.
[    2.805873] systemd[1]: Condition check resulted in Commit a transient machine-id on disk being skipped.
[    2.809787] systemd[1]: Finished Set console font and keymap.
[    2.818766] systemd[1]: Received SIGRTMIN+20 from PID 275 (plymouthd).
[    2.820218] systemd[1]: plymouth-read-write.service: Succeeded.
[    2.820484] systemd[1]: Finished Tell Plymouth To Write Out Runtime Data.
[    2.857977] audit: type=1400 audit(1768341669.696:2): apparmor="STATUS" operation="profile_load" profile="unconfined" name="nvidia_modprobe" pid=300 comm="apparmor_parser"
[    2.857980] audit: type=1400 audit(1768341669.696:3): apparmor="STATUS" operation="profile_load" profile="unconfined" name="nvidia_modprobe//kmod" pid=300 comm="apparmor_parser"
[    2.863791] audit: type=1400 audit(1768341669.704:4): apparmor="STATUS" operation="profile_load" profile="unconfined" name="/usr/sbin/tcpdump" pid=301 comm="apparmor_parser"
[    2.894767] audit: type=1400 audit(1768341669.728:5): apparmor="STATUS" operation="profile_load" profile="unconfined" name="/usr/bin/evince" pid=303 comm="apparmor_parser"
[    2.894770] audit: type=1400 audit(1768341669.728:6): apparmor="STATUS" operation="profile_load" profile="unconfined" name="/usr/bin/evince//sanitized_helper" pid=303 comm="apparmor_parser"
[    2.894771] audit: type=1400 audit(1768341669.728:7): apparmor="STATUS" operation="profile_load" profile="unconfined" name="/usr/bin/evince-previewer" pid=303 comm="apparmor_parser"
[    2.894774] audit: type=1400 audit(1768341669.728:8): apparmor="STATUS" operation="profile_load" profile="unconfined" name="/usr/bin/evince-previewer//sanitized_helper" pid=303 comm="apparmor_parser"
[    2.894775] audit: type=1400 audit(1768341669.728:9): apparmor="STATUS" operation="profile_load" profile="unconfined" name="/usr/bin/evince-thumbnailer" pid=303 comm="apparmor_parser"
[    2.933547] audit: type=1400 audit(1768341669.772:10): apparmor="STATUS" operation="profile_load" profile="unconfined" name="/usr/lib/cups/backend/cups-pdf" pid=304 comm="apparmor_parser"
[    2.993714] systemd[1]: Finished Load AppArmor profiles.
[    2.994638] systemd[1]: Starting Load AppArmor profiles managed internally by snapd...
[    3.111562] systemd[1]: Finished Load AppArmor profiles managed internally by snapd.
[    3.177445] systemd[1]: Started Journal Service.
[    3.188156] systemd-journald[229]: Received client request to flush runtime journal.
[    3.191027] systemd-journald[229]: File /var/log/journal/c455b248004a419c87ce85eea238d727/system.journal corrupted or uncleanly shut down, renaming and replacing.
[    4.549528] RAPL PMU: API unit is 2^-32 Joules, 0 fixed counters, 10737418240 ms ovfl timer
[    4.631258] cryptd: max_cpu_qlen set to 1000
[    4.678200] AVX2 version of gcm_enc/dec engaged.
[    4.678201] AES CTR mode by8 optimization enabled
[    6.527450] Adding 1998844k swap on /dev/sda1.  Priority:-2 extents:1 across:1998844k FS
[    7.935681] kauditd_printk_skb: 30 callbacks suppressed
[    7.935682] audit: type=1400 audit(1768341674.772:41): apparmor="DENIED" operation="capable" profile="/usr/sbin/cups-browsed" pid=508 comm="cups-browsed" capability=23  capname="sys_nice"
[    9.068304] pcnet32 0000:00:03.0 enp0s3: link up, 100Mbps, full-duplex
[    9.106723] e1000: enp0s8 NIC Link is Up 1000 Mbps Full Duplex, Flow Control: RX
[    9.107021] IPv6: ADDRCONF(NETDEV_CHANGE): enp0s8: link becomes ready
[    9.128904] e1000: enp0s9 NIC Link is Up 1000 Mbps Full Duplex, Flow Control: RX
[    9.129195] IPv6: ADDRCONF(NETDEV_CHANGE): enp0s9: link becomes ready
[    9.781280] device enp0s3 entered promiscuous mode
[    9.808947] audit: type=1400 audit(1768341676.648:42): apparmor="DENIED" operation="open" profile="/usr/sbin/tcpdump" name="/proc/sys/kernel/random/boot_id" pid=641 comm="tcpdump" requested_mask="r" denied_mask="r" fsuid=0 ouid=0
[    9.809155] audit: type=1400 audit(1768341676.648:43): apparmor="DENIED" operation="open" profile="/usr/sbin/tcpdump" name="/proc/sys/kernel/random/boot_id" pid=641 comm="tcpdump" requested_mask="r" denied_mask="r" fsuid=0 ouid=0
[    9.809271] audit: type=1400 audit(1768341676.648:44): apparmor="DENIED" operation="open" profile="/usr/sbin/tcpdump" name="/proc/sys/kernel/random/boot_id" pid=641 comm="tcpdump" requested_mask="r" denied_mask="r" fsuid=0 ouid=0
[    9.809328] audit: type=1400 audit(1768341676.648:45): apparmor="DENIED" operation="open" profile="/usr/sbin/tcpdump" name="/proc/sys/kernel/random/boot_id" pid=641 comm="tcpdump" requested_mask="r" denied_mask="r" fsuid=0 ouid=0
[    9.816812] audit: type=1400 audit(1768341676.648:46): apparmor="DENIED" operation="open" profile="/usr/sbin/tcpdump" name="/proc/sys/kernel/random/boot_id" pid=642 comm="tcpdump" requested_mask="r" denied_mask="r" fsuid=0 ouid=0
[    9.817287] audit: type=1400 audit(1768341676.648:47): apparmor="DENIED" operation="open" profile="/usr/sbin/tcpdump" name="/proc/sys/kernel/random/boot_id" pid=642 comm="tcpdump" requested_mask="r" denied_mask="r" fsuid=0 ouid=0
[    9.817564] audit: type=1400 audit(1768341676.648:48): apparmor="DENIED" operation="open" profile="/usr/sbin/tcpdump" name="/proc/sys/kernel/random/boot_id" pid=642 comm="tcpdump" requested_mask="r" denied_mask="r" fsuid=0 ouid=0
[    9.817622] audit: type=1400 audit(1768341676.648:49): apparmor="DENIED" operation="open" profile="/usr/sbin/tcpdump" name="/proc/sys/kernel/random/boot_id" pid=642 comm="tcpdump" requested_mask="r" denied_mask="r" fsuid=0 ouid=0
[   15.923046] rfkill: input handler disabled
[  255.678878] AAAAA-TCP_FORW: name:enp0s3: saddr:100932208: daddr:33561200
[  255.795935] AAAAA-TCP_FORW: name:enp0s3: saddr:100932208: daddr:33561200
[  256.076109] AAAAA-TCP_FORW: name:enp0s3: saddr:100932208: daddr:33561200
[  256.268140] AAAAA-TCP_FORW: name:enp0s3: saddr:100932208: daddr:33561200
[  256.479390] AAAAA-TCP_FORW: name:enp0s3: saddr:100932208: daddr:16783984
[  256.516488] AAAAA-TCP_FORW: name:enp0s3: saddr:100932208: daddr:16783984
[  262.763914] AAAAA-TCP_FORW: name:enp0s3: saddr:100932208: daddr:16783984
[  263.589181] AAAAA-TCP_FORW: name:enp0s3: saddr:100932208: daddr:16783984
[  263.857861] AAAAA-TCP_FORW: name:enp0s3: saddr:100932208: daddr:33561200
[  264.250680] AAAAA-TCP_FORW: name:enp0s3: saddr:100932208: daddr:33561200
[  270.498787] AAAAA-TCP_FORW: name:enp0s3: saddr:100932208: daddr:16783984
[  270.850513] AAAAA-TCP_FORW: name:enp0s3: saddr:100932208: daddr:16783984
[  271.385130] AAAAA-TCP_FORW: name:enp0s3: saddr:100932208: daddr:16783984
[  271.803707] AAAAA-TCP_FORW: name:enp0s3: saddr:100932208: daddr:16783984
[  272.142813] AAAAA-TCP_FORW: name:enp0s3: saddr:100932208: daddr:16783984
[  272.423748] AAAAA-TCP_FORW: name:enp0s3: saddr:100932208: daddr:16783984
[  272.738877] AAAAA-TCP_FORW: name:enp0s3: saddr:100932208: daddr:16783984
[  272.886195] AAAAA-TCP_FORW: name:enp0s3: saddr:100932208: daddr:16783984
[  273.395086] AAAAA-TCP_FORW: name:enp0s3: saddr:100932208: daddr:16783984
[  273.761570] AAAAA-TCP_FORW: name:enp0s3: saddr:100932208: daddr:16783984
[  273.892846] AAAAA-TCP_FORW: name:enp0s3: saddr:100932208: daddr:16783984
[  274.085342] AAAAA-TCP_FORW: name:enp0s3: saddr:100932208: daddr:16783984
[  274.302421] AAAAA-TCP_FORW: name:enp0s3: saddr:100932208: daddr:16783984
[  306.493325] AAAAA-TCP_FORW: name:enp0s3: saddr:100932208: daddr:33561200
[  306.677625] AAAAA-TCP_FORW: name:enp0s3: saddr:100932208: daddr:33561200
[  306.825622] AAAAA-TCP_FORW: name:enp0s3: saddr:100932208: daddr:33561200
[  306.992412] AAAAA-TCP_FORW: name:enp0s3: saddr:100932208: daddr:33561200
[  307.669974] AAAAA-TCP_FORW: name:enp0s3: saddr:100932208: daddr:33561200
[  308.192320] AAAAA-TCP_FORW: name:enp0s3: saddr:100932208: daddr:33561200
[  308.258429] AAAAA-TCP_FORW: name:enp0s3: saddr:100932208: daddr:33561200
[  308.475541] AAAAA-TCP_FORW: name:enp0s3: saddr:100932208: daddr:33561200
[  308.736742] AAAAA-TCP_FORW: name:enp0s3: saddr:100932208: daddr:33561200
[  308.835658] AAAAA-TCP_FORW: name:enp0s3: saddr:100932208: daddr:33561200
[  308.983709] AAAAA-TCP_FORW: name:enp0s3: saddr:100932208: daddr:33561200
[  309.107311] AAAAA-TCP_FORW: name:enp0s3: saddr:100932208: daddr:33561200
[  309.458269] AAAAA-TCP_FORW: name:enp0s3: saddr:100932208: daddr:33561200
[  309.618845] AAAAA-TCP_FORW: name:enp0s3: saddr:100932208: daddr:33561200
[  309.948510] AAAAA-TCP_FORW: name:enp0s3: saddr:100932208: daddr:33561200
[  310.119645] AAAAA-TCP_FORW: name:enp0s3: saddr:100932208: daddr:33561200
[  310.419836] AAAAA-TCP_FORW: name:enp0s3: saddr:100932208: daddr:33561200
[  310.671668] AAAAA-TCP_FORW: name:enp0s3: saddr:100932208: daddr:33561200
[  310.768882] AAAAA-TCP_FORW: name:enp0s3: saddr:100932208: daddr:33561200
[  310.889417] AAAAA-TCP_FORW: name:enp0s3: saddr:100932208: daddr:33561200
[  311.050807] AAAAA-TCP_FORW: name:enp0s3: saddr:100932208: daddr:33561200
[  311.180103] AAAAA-TCP_FORW: name:enp0s3: saddr:100932208: daddr:33561200
[  311.401326] AAAAA-TCP_FORW: name:enp0s3: saddr:100932208: daddr:33561200
[  311.648936] AAAAA-TCP_FORW: name:enp0s3: saddr:100932208: daddr:33561200
[  311.801868] AAAAA-TCP_FORW: name:enp0s3: saddr:100932208: daddr:33561200
[  312.080000] AAAAA-TCP_FORW: name:enp0s3: saddr:100932208: daddr:33561200
[  312.264938] AAAAA-TCP_FORW: name:enp0s3: saddr:100932208: daddr:33561200
[  312.606378] AAAAA-TCP_FORW: name:enp0s3: saddr:100932208: daddr:33561200
[  312.790472] AAAAA-TCP_FORW: name:enp0s3: saddr:100932208: daddr:33561200
[  313.195277] AAAAA-TCP_FORW: name:enp0s3: saddr:100932208: daddr:33561200
[  313.584393] AAAAA-TCP_FORW: name:enp0s3: saddr:100932208: daddr:33561200
[  313.649489] AAAAA-TCP_FORW: name:enp0s3: saddr:100932208: daddr:33561200
[  313.893754] AAAAA-TCP_FORW: name:enp0s3: saddr:100932208: daddr:33561200
[  313.970287] AAAAA-TCP_FORW: name:enp0s3: saddr:100932208: daddr:33561200
[  314.199942] AAAAA-TCP_FORW: name:enp0s3: saddr:100932208: daddr:33561200
[  314.285783] AAAAA-TCP_FORW: name:enp0s3: saddr:100932208: daddr:16783984
[  314.387820] AAAAA-TCP_FORW: name:enp0s3: saddr:100932208: daddr:33561200
[  314.644746] AAAAA-TCP_FORW: name:enp0s3: saddr:100932208: daddr:33561200
[  314.863119] AAAAA-TCP_FORW: name:enp0s3: saddr:100932208: daddr:33561200
[  314.961531] AAAAA-TCP_FORW: name:enp0s3: saddr:100932208: daddr:33561200
[  315.140154] AAAAA-TCP_FORW: name:enp0s3: saddr:100932208: daddr:33561200
[  315.289675] AAAAA-TCP_FORW: name:enp0s3: saddr:100932208: daddr:33561200
[  315.493334] AAAAA-TCP_FORW: name:enp0s3: saddr:100932208: daddr:16783984
[  315.537729] AAAAA-TCP_FORW: name:enp0s3: saddr:100932208: daddr:33561200
[  315.639501] AAAAA-TCP_FORW: name:enp0s3: saddr:100932208: daddr:33561200
[  316.272493] AAAAA-TCP_FORW: name:enp0s3: saddr:100932208: daddr:16783984
[  316.338427] AAAAA-TCP_FORW: name:enp0s3: saddr:100932208: daddr:33561200
[  316.500735] AAAAA-TCP_FORW: name:enp0s3: saddr:100932208: daddr:33561200
[  316.770298] AAAAA-TCP_FORW: name:enp0s3: saddr:100932208: daddr:33561200
[  316.872780] AAAAA-TCP_FORW: name:enp0s3: saddr:100932208: daddr:33561200
[  317.024530] AAAAA-TCP_FORW: name:enp0s3: saddr:100932208: daddr:33561200
[  317.027555] AAAAA-TCP_FORW: name:enp0s3: saddr:100932208: daddr:33561200
[  317.179196] AAAAA-TCP_FORW: name:enp0s3: saddr:100932208: daddr:33561200
[  317.239041] AAAAA-TCP_FORW: name:enp0s3: saddr:100932208: daddr:33561200
[  317.373264] AAAAA-TCP_FORW: name:enp0s3: saddr:100932208: daddr:33561200
[  317.698389] AAAAA-TCP_FORW: name:enp0s3: saddr:100932208: daddr:33561200
[  317.784932] AAAAA-TCP_FORW: name:enp0s3: saddr:100932208: daddr:16783984
[  317.886021] AAAAA-TCP_FORW: name:enp0s3: saddr:100932208: daddr:33561200
[  318.000930] AAAAA-TCP_FORW: name:enp0s3: saddr:100932208: daddr:33561200
[  318.262502] AAAAA-TCP_FORW: name:enp0s3: saddr:100932208: daddr:33561200
[  318.353129] AAAAA-TCP_FORW: name:enp0s3: saddr:100932208: daddr:33561200
[  318.451441] AAAAA-TCP_FORW: name:enp0s3: saddr:100932208: daddr:33561200
[  318.609152] AAAAA-TCP_FORW: name:enp0s3: saddr:100932208: daddr:33561200
[  318.612962] AAAAA-TCP_FORW: name:enp0s3: saddr:100932208: daddr:33561200
[  318.787057] AAAAA-TCP_FORW: name:enp0s3: saddr:100932208: daddr:33561200
[  318.789970] AAAAA-TCP_FORW: name:enp0s3: saddr:100932208: daddr:33561200
[  318.840930] AAAAA-TCP_FORW: name:enp0s3: saddr:100932208: daddr:33561200
[  318.935391] AAAAA-TCP_FORW: name:enp0s3: saddr:100932208: daddr:33561200
[  319.119561] AAAAA-TCP_FORW: name:enp0s3: saddr:100932208: daddr:33561200
[  319.232510] AAAAA-TCP_FORW: name:enp0s3: saddr:100932208: daddr:33561200
[  319.288851] AAAAA-TCP_FORW: name:enp0s3: saddr:100932208: daddr:33561200
[  319.372828] AAAAA-TCP_FORW: name:enp0s3: saddr:100932208: daddr:16783984
[  319.480322] AAAAA-TCP_FORW: name:enp0s3: saddr:100932208: daddr:33561200
[  319.750165] AAAAA-TCP_FORW: name:enp0s3: saddr:100932208: daddr:33561200
[  319.844968] AAAAA-TCP_FORW: name:enp0s3: saddr:100932208: daddr:33561200
[  319.959409] AAAAA-TCP_FORW: name:enp0s3: saddr:100932208: daddr:33561200
[  319.993831] AAAAA-TCP_FORW: name:enp0s3: saddr:100932208: daddr:33561200
[  320.025663] AAAAA-TCP_FORW: name:enp0s3: saddr:100932208: daddr:33561200
[  320.092125] AAAAA-TCP_FORW: name:enp0s3: saddr:100932208: daddr:33561200
[  320.194823] AAAAA-TCP_FORW: name:enp0s3: saddr:100932208: daddr:33561200
[  320.253714] AAAAA-TCP_FORW: name:enp0s3: saddr:100932208: daddr:33561200
[  320.399587] AAAAA-TCP_FORW: name:enp0s3: saddr:100932208: daddr:16783984
[  320.627273] AAAAA-TCP_FORW: name:enp0s3: saddr:100932208: daddr:33561200
[  320.843493] AAAAA-TCP_FORW: name:enp0s3: saddr:100932208: daddr:33561200
[  320.899556] AAAAA-TCP_FORW: name:enp0s3: saddr:100932208: daddr:16783984
[  320.987092] AAAAA-TCP_FORW: name:enp0s3: saddr:100932208: daddr:16783984
[  321.064811] AAAAA-TCP_FORW: name:enp0s3: saddr:100932208: daddr:33561200
[  321.090631] AAAAA-TCP_FORW: name:enp0s3: saddr:100932208: daddr:16783984
[  321.121381] AAAAA-TCP_FORW: name:enp0s3: saddr:100932208: daddr:33561200
[  321.283289] AAAAA-TCP_FORW: name:enp0s3: saddr:100932208: daddr:33561200
[  321.336155] AAAAA-TCP_FORW: name:enp0s3: saddr:100932208: daddr:16783984
[  321.375287] AAAAA-TCP_FORW: name:enp0s3: saddr:100932208: daddr:33561200
[  321.454202] AAAAA-TCP_FORW: name:enp0s3: saddr:100932208: daddr:33561200
[  321.565081] AAAAA-TCP_FORW: name:enp0s3: saddr:100932208: daddr:16783984
[  321.595625] AAAAA-TCP_FORW: name:enp0s3: saddr:100932208: daddr:33561200
[  321.626689] AAAAA-TCP_FORW: name:enp0s3: saddr:100932208: daddr:16783984
[  321.794794] AAAAA-TCP_FORW: name:enp0s3: saddr:100932208: daddr:16783984
[  321.903960] AAAAA-TCP_FORW: name:enp0s3: saddr:100932208: daddr:16783984
[  321.941000] AAAAA-TCP_FORW: name:enp0s3: saddr:100932208: daddr:16783984
[  322.026150] AAAAA-TCP_FORW: name:enp0s3: saddr:100932208: daddr:16783984
[  322.138163] AAAAA-TCP_FORW: name:enp0s3: saddr:100932208: daddr:16783984
[  322.263303] AAAAA-TCP_FORW: name:enp0s3: saddr:100932208: daddr:33561200
[  322.352155] AAAAA-TCP_FORW: name:enp0s3: saddr:100932208: daddr:16783984
[  322.434379] AAAAA-TCP_FORW: name:enp0s3: saddr:100932208: daddr:33561200
[  487.120472] rfkill: input handler enabled
[  495.869332] rfkill: input handler disabled
[  759.955452] device enp0s3 left promiscuous mode
