[    0.000000] Linux version 5.4.243-mptcp (root@ztg) (gcc version 12.2.0 (Debian 12.2.0-14+deb12u1)) #53 SMP Wed Dec 24 23:28:15 CST 2025
[    0.000000] Command line: BOOT_IMAGE=/boot/vmlinuz-5.4.243-mptcp root=UUID=98415a12-53b7-4144-8265-0f7ece09e445 ro quiet splash
[    0.000000] KERNEL supported cpus:
[    0.000000]   Intel GenuineIntel
[    0.000000]   AMD AuthenticAMD
[    0.000000]   Hygon HygonGenuine
[    0.000000]   Centaur CentaurHauls
[    0.000000]   zhaoxin   Shanghai  
[    0.000000] x86/fpu: Supporting XSAVE feature 0x001: 'x87 floating point registers'
[    0.000000] x86/fpu: Supporting XSAVE feature 0x002: 'SSE registers'
[    0.000000] x86/fpu: Supporting XSAVE feature 0x004: 'AVX registers'
[    0.000000] x86/fpu: xstate_offset[2]:  576, xstate_sizes[2]:  256
[    0.000000] x86/fpu: Enabled xstate features 0x7, context size is 832 bytes, using 'standard' format.
[    0.000000] BIOS-provided physical RAM map:
[    0.000000] BIOS-e820: [mem 0x0000000000000000-0x000000000009fbff] usable
[    0.000000] BIOS-e820: [mem 0x000000000009fc00-0x000000000009ffff] reserved
[    0.000000] BIOS-e820: [mem 0x00000000000f0000-0x00000000000fffff] reserved
[    0.000000] BIOS-e820: [mem 0x0000000000100000-0x000000007ffeffff] usable
[    0.000000] BIOS-e820: [mem 0x000000007fff0000-0x000000007fffffff] ACPI data
[    0.000000] BIOS-e820: [mem 0x00000000fec00000-0x00000000fec00fff] reserved
[    0.000000] BIOS-e820: [mem 0x00000000fee00000-0x00000000fee00fff] reserved
[    0.000000] BIOS-e820: [mem 0x00000000fffc0000-0x00000000ffffffff] reserved
[    0.000000] NX (Execute Disable) protection: active
[    0.000000] SMBIOS 2.5 present.
[    0.000000] DMI: innotek GmbH VirtualBox/VirtualBox, BIOS VirtualBox 12/01/2006
[    0.000000] Hypervisor detected: KVM
[    0.000000] kvm-clock: Using msrs 4b564d01 and 4b564d00
[    0.000000] kvm-clock: cpu 0, msr 55001001, primary cpu clock
[    0.000000] kvm-clock: using sched offset of 4432816072 cycles
[    0.000003] clocksource: kvm-clock: mask: 0xffffffffffffffff max_cycles: 0x1cd42e4dffb, max_idle_ns: 881590591483 ns
[    0.000005] tsc: Detected 2100.000 MHz processor
[    0.001861] e820: update [mem 0x00000000-0x00000fff] usable ==> reserved
[    0.001863] e820: remove [mem 0x000a0000-0x000fffff] usable
[    0.001867] last_pfn = 0x7fff0 max_arch_pfn = 0x400000000
[    0.001935] MTRR default type: uncachable
[    0.001936] MTRR fixed ranges enabled:
[    0.001937]   00000-9FFFF write-back
[    0.001938]   A0000-BFFFF uncachable
[    0.001938]   C0000-FFFFF write-protect
[    0.001939] MTRR variable ranges enabled:
[    0.001940]   0 base 000000000000 mask 3FFF80000000 write-back
[    0.001941]   1 disabled
[    0.001942]   2 disabled
[    0.001942]   3 disabled
[    0.001942]   4 disabled
[    0.001943]   5 disabled
[    0.001943]   6 disabled
[    0.001944]   7 disabled
[    0.001944]   8 disabled
[    0.001945]   9 disabled
[    0.001945]   10 disabled
[    0.001946]   11 disabled
[    0.001946]   12 disabled
[    0.001946]   13 disabled
[    0.001947]   14 disabled
[    0.001947]   15 disabled
[    0.001963] x86/PAT: Configuration [0-7]: WB  WC  UC- UC  WB  WP  UC- WT  
[    0.002097] found SMP MP-table at [mem 0x0009fff0-0x0009ffff]
[    0.089539] check: Scanning 1 areas for low memory corruption
[    0.089736] RAMDISK: [mem 0x32271000-0x3512ffff]
[    0.089744] ACPI: Early table checksum verification disabled
[    0.089749] ACPI: RSDP 0x00000000000E0000 000024 (v02 VBOX  )
[    0.089754] ACPI: XSDT 0x000000007FFF0030 00003C (v01 VBOX   VBOXXSDT 00000001 ASL  00000061)
[    0.089760] ACPI: FACP 0x000000007FFF00F0 0000F4 (v04 VBOX   VBOXFACP 00000001 ASL  00000061)
[    0.089767] ACPI: DSDT 0x000000007FFF02E0 002353 (v02 VBOX   VBOXBIOS 00000002 VBOX 00029BF3)
[    0.089771] ACPI: FACS 0x000000007FFF0200 000040
[    0.089774] ACPI: FACS 0x000000007FFF0200 000040
[    0.089777] ACPI: APIC 0x000000007FFF0240 000054 (v02 VBOX   VBOXAPIC 00000001 ASL  00000061)
[    0.089781] ACPI: SSDT 0x000000007FFF02A0 000038 (v01 VBOX   VBOXCPUT 00000002 VBOX 00029BF3)
[    0.089784] ACPI: Reserving FACP table memory at [mem 0x7fff00f0-0x7fff01e3]
[    0.089785] ACPI: Reserving DSDT table memory at [mem 0x7fff02e0-0x7fff2632]
[    0.089786] ACPI: Reserving FACS table memory at [mem 0x7fff0200-0x7fff023f]
[    0.089787] ACPI: Reserving FACS table memory at [mem 0x7fff0200-0x7fff023f]
[    0.089787] ACPI: Reserving APIC table memory at [mem 0x7fff0240-0x7fff0293]
[    0.089788] ACPI: Reserving SSDT table memory at [mem 0x7fff02a0-0x7fff02d7]
[    0.089802] ACPI: Local APIC address 0xfee00000
[    0.089989] No NUMA configuration found
[    0.089990] Faking a node at [mem 0x0000000000000000-0x000000007ffeffff]
[    0.090000] NODE_DATA(0) allocated [mem 0x7ffc5000-0x7ffeffff]
[    0.090267] Zone ranges:
[    0.090268]   DMA      [mem 0x0000000000001000-0x0000000000ffffff]
[    0.090269]   DMA32    [mem 0x0000000001000000-0x000000007ffeffff]
[    0.090270]   Normal   empty
[    0.090271]   Device   empty
[    0.090271] Movable zone start for each node
[    0.090273] Early memory node ranges
[    0.090274]   node   0: [mem 0x0000000000001000-0x000000000009efff]
[    0.090275]   node   0: [mem 0x0000000000100000-0x000000007ffeffff]
[    0.090278] Zeroed struct page in unavailable ranges: 114 pages
[    0.090279] Initmem setup node 0 [mem 0x0000000000001000-0x000000007ffeffff]
[    0.090281] On node 0 totalpages: 524174
[    0.090282]   DMA zone: 64 pages used for memmap
[    0.090282]   DMA zone: 21 pages reserved
[    0.090283]   DMA zone: 3998 pages, LIFO batch:0
[    0.090355]   DMA32 zone: 8128 pages used for memmap
[    0.090355]   DMA32 zone: 520176 pages, LIFO batch:63
[    0.099298] ACPI: PM-Timer IO Port: 0x4008
[    0.099301] ACPI: Local APIC address 0xfee00000
[    0.099370] IOAPIC[0]: apic_id 1, version 32, address 0xfec00000, GSI 0-23
[    0.099374] ACPI: INT_SRC_OVR (bus 0 bus_irq 0 global_irq 2 dfl dfl)
[    0.099375] ACPI: INT_SRC_OVR (bus 0 bus_irq 9 global_irq 9 low level)
[    0.099377] ACPI: IRQ0 used by override.
[    0.099378] ACPI: IRQ9 used by override.
[    0.099381] Using ACPI (MADT) for SMP configuration information
[    0.099387] smpboot: Allowing 1 CPUs, 0 hotplug CPUs
[    0.099409] PM: Registered nosave memory: [mem 0x00000000-0x00000fff]
[    0.099410] PM: Registered nosave memory: [mem 0x0009f000-0x0009ffff]
[    0.099411] PM: Registered nosave memory: [mem 0x000a0000-0x000effff]
[    0.099412] PM: Registered nosave memory: [mem 0x000f0000-0x000fffff]
[    0.099413] [mem 0x80000000-0xfebfffff] available for PCI devices
[    0.099414] Booting paravirtualized kernel on KVM
[    0.099417] clocksource: refined-jiffies: mask: 0xffffffff max_cycles: 0xffffffff, max_idle_ns: 7645519600211568 ns
[    0.099421] setup_percpu: NR_CPUS:8192 nr_cpumask_bits:1 nr_cpu_ids:1 nr_node_ids:1
[    0.100437] percpu: Embedded 60 pages/cpu s208896 r8192 d28672 u2097152
[    0.100442] pcpu-alloc: s208896 r8192 d28672 u2097152 alloc=1*2097152
[    0.100443] pcpu-alloc: [0] 0 
[    0.100469] Built 1 zonelists, mobility grouping on.  Total pages: 515961
[    0.100470] Policy zone: DMA32
[    0.100471] Kernel command line: BOOT_IMAGE=/boot/vmlinuz-5.4.243-mptcp root=UUID=98415a12-53b7-4144-8265-0f7ece09e445 ro quiet splash
[    0.101324] Dentry cache hash table entries: 262144 (order: 9, 2097152 bytes, linear)
[    0.101472] Inode-cache hash table entries: 131072 (order: 8, 1048576 bytes, linear)
[    0.101522] mem auto-init: stack:off, heap alloc:on, heap free:off
[    0.101525] Calgary: detecting Calgary via BIOS EBDA area
[    0.101526] Calgary: Unable to locate Rio Grande table in EBDA - bailing!
[    0.105607] Memory: 1967332K/2096696K available (14339K kernel code, 2398K rwdata, 4712K rodata, 2728K init, 17260K bss, 129364K reserved, 0K cma-reserved)
[    0.106555] SLUB: HWalign=64, Order=0-3, MinObjects=0, CPUs=1, Nodes=1
[    0.106571] ftrace: allocating 43186 entries in 169 pages
[    0.124673] rcu: Hierarchical RCU implementation.
[    0.124675] rcu: 	RCU restricting CPUs from NR_CPUS=8192 to nr_cpu_ids=1.
[    0.124676] 	Tasks RCU enabled.
[    0.124677] rcu: RCU calculated value of scheduler-enlistment delay is 25 jiffies.
[    0.124678] rcu: Adjusting geometry for rcu_fanout_leaf=16, nr_cpu_ids=1
[    0.127682] NR_IRQS: 524544, nr_irqs: 256, preallocated irqs: 16
[    0.127890] random: crng init done
[    0.137157] Console: colour VGA+ 80x25
[    0.137162] printk: console [tty0] enabled
[    0.137181] ACPI: Core revision 20190816
[    0.137278] APIC: Switch to symmetric I/O mode setup
[    0.137529] x2apic enabled
[    0.137766] Switched APIC routing to physical x2apic.
[    0.138905] ..TIMER: vector=0x30 apic1=0 pin1=2 apic2=-1 pin2=-1
[    0.138929] clocksource: tsc-early: mask: 0xffffffffffffffff max_cycles: 0x1e4530a99b6, max_idle_ns: 440795257976 ns
[    0.138935] Calibrating delay loop (skipped) preset value.. 4200.00 BogoMIPS (lpj=8400000)
[    0.138938] pid_max: default: 32768 minimum: 301
[    0.138965] LSM: Security Framework initializing
[    0.138975] Yama: becoming mindful.
[    0.139000] AppArmor: AppArmor initialized
[    0.139033] Mount-cache hash table entries: 4096 (order: 3, 32768 bytes, linear)
[    0.139039] Mountpoint-cache hash table entries: 4096 (order: 3, 32768 bytes, linear)
[    0.139048] *** VALIDATE tmpfs ***
[    0.139176] *** VALIDATE proc ***
[    0.139217] *** VALIDATE cgroup1 ***
[    0.139218] *** VALIDATE cgroup2 ***
[    0.139358] process: using mwait in idle threads
[    0.139363] Last level iTLB entries: 4KB 64, 2MB 8, 4MB 8
[    0.139363] Last level dTLB entries: 4KB 64, 2MB 0, 4MB 0, 1GB 4
[    0.139384] Spectre V1 : Mitigation: usercopy/swapgs barriers and __user pointer sanitization
[    0.139389] Spectre V2 : Mitigation: Retpolines
[    0.139390] Spectre V2 : Spectre v2 / SpectreRSB mitigation: Filling RSB on context switch
[    0.139390] Spectre V2 : Spectre v2 / SpectreRSB : Filling RSB on VMEXIT
[    0.139391] RETBleed: WARNING: Spectre v2 mitigation leaves CPU vulnerable to RETBleed attacks, data leaks possible!
[    0.139741] RETBleed: Vulnerable
[    0.139742] Speculative Store Bypass: Vulnerable
[    0.139746] TAA: Mitigation: TSX disabled
[    0.139747] MMIO Stale Data: Mitigation: Clear CPU buffers
[    0.143965] Freeing SMP alternatives memory: 40K
[    0.256604] smpboot: CPU0: Intel(R) Xeon(R) Silver 4216 CPU @ 2.10GHz (family: 0x6, model: 0x55, stepping: 0x7)
[    0.256751] Performance Events: unsupported p6 CPU model 85 no PMU driver, software events only.
[    0.256789] rcu: Hierarchical SRCU implementation.
[    0.257267] NMI watchdog: Perf NMI watchdog permanently disabled
[    0.257306] smp: Bringing up secondary CPUs ...
[    0.257307] smp: Brought up 1 node, 1 CPU
[    0.257308] smpboot: Max logical packages: 1
[    0.257310] smpboot: Total of 1 processors activated (4200.00 BogoMIPS)
[    0.258287] devtmpfs: initialized
[    0.258336] x86/mm: Memory block size: 128MB
[    0.258686] clocksource: jiffies: mask: 0xffffffff max_cycles: 0xffffffff, max_idle_ns: 7645041785100000 ns
[    0.258692] futex hash table entries: 256 (order: 2, 16384 bytes, linear)
[    0.258736] pinctrl core: initialized pinctrl subsystem
[    0.258838] PM: RTC time: 18:48:08, date: 2026-01-14
[    0.258931] NET: Registered protocol family 16
[    0.258931] audit: initializing netlink subsys (disabled)
[    0.258931] EISA bus registered
[    0.258931] cpuidle: using governor ladder
[    0.258931] cpuidle: using governor menu
[    0.258931] ACPI: bus type PCI registered
[    0.258931] acpiphp: ACPI Hot Plug PCI Controller Driver version: 0.5
[    0.258931] PCI: Using configuration type 1 for base access
[    0.259460] audit: type=2000 audit(1768387694.765:1): state=initialized audit_enabled=0 res=1
[    0.259568] HugeTLB registered 2.00 MiB page size, pre-allocated 0 pages
[    0.260611] ACPI: Added _OSI(Module Device)
[    0.260612] ACPI: Added _OSI(Processor Device)
[    0.260613] ACPI: Added _OSI(3.0 _SCP Extensions)
[    0.260614] ACPI: Added _OSI(Processor Aggregator Device)
[    0.260615] ACPI: Added _OSI(Linux-Dell-Video)
[    0.260616] ACPI: Added _OSI(Linux-Lenovo-NV-HDMI-Audio)
[    0.260617] ACPI: Added _OSI(Linux-HPI-Hybrid-Graphics)
[    0.262875] ACPI: 2 ACPI AML tables successfully acquired and loaded
[    0.264588] ACPI: Interpreter enabled
[    0.264597] ACPI: (supports S0 S5)
[    0.264599] ACPI: Using IOAPIC for interrupt routing
[    0.264806] PCI: Using host bridge windows from ACPI; if necessary, use "pci=nocrs" and report a bug
[    0.264911] ACPI: Enabled 2 GPEs in block 00 to 07
[    0.270505] ACPI: PCI Root Bridge [PCI0] (domain 0000 [bus 00-ff])
[    0.270510] acpi PNP0A03:00: _OSC: OS supports [ASPM ClockPM Segments MSI HPX-Type3]
[    0.271231] acpi PNP0A03:00: _OSC: not requesting OS control; OS requires [ExtendedConfig ASPM ClockPM MSI]
[    0.271243] acpi PNP0A03:00: fail to add MMCONFIG information, can't access extended PCI configuration space under this bridge.
[    0.271678] PCI host bridge to bus 0000:00
[    0.271681] pci_bus 0000:00: root bus resource [io  0x0000-0x0cf7 window]
[    0.271682] pci_bus 0000:00: root bus resource [io  0x0d00-0xffff window]
[    0.271683] pci_bus 0000:00: root bus resource [mem 0x000a0000-0x000bffff window]
[    0.271684] pci_bus 0000:00: root bus resource [mem 0x80000000-0xfdffffff window]
[    0.271685] pci_bus 0000:00: root bus resource [bus 00-ff]
[    0.271734] pci 0000:00:00.0: [8086:1237] type 00 class 0x060000
[    0.272780] pci 0000:00:01.0: [8086:7000] type 00 class 0x060100
[    0.273603] pci 0000:00:01.1: [8086:7111] type 00 class 0x01018a
[    0.273965] pci 0000:00:01.1: reg 0x20: [io  0xd000-0xd00f]
[    0.274114] pci 0000:00:01.1: legacy IDE quirk: reg 0x10: [io  0x01f0-0x01f7]
[    0.274115] pci 0000:00:01.1: legacy IDE quirk: reg 0x14: [io  0x03f6]
[    0.274116] pci 0000:00:01.1: legacy IDE quirk: reg 0x18: [io  0x0170-0x0177]
[    0.274117] pci 0000:00:01.1: legacy IDE quirk: reg 0x1c: [io  0x0376]
[    0.274663] pci 0000:00:02.0: [15ad:0405] type 00 class 0x030000
[    0.276827] pci 0000:00:02.0: reg 0x10: [io  0xd010-0xd01f]
[    0.280796] pci 0000:00:02.0: reg 0x14: [mem 0xe0000000-0xe7ffffff pref]
[    0.282977] pci 0000:00:02.0: reg 0x18: [mem 0xf0000000-0xf01fffff]
[    0.294156] pci 0000:00:03.0: [1022:2000] type 00 class 0x020000
[    0.294843] pci 0000:00:03.0: reg 0x10: [io  0xd020-0xd03f]
[    0.295076] pci 0000:00:03.0: reg 0x14: [mem 0xf0200000-0xf0200fff]
[    0.298603] pci 0000:00:04.0: [80ee:cafe] type 00 class 0x088000
[    0.299045] pci 0000:00:04.0: reg 0x10: [io  0xd040-0xd05f]
[    0.299651] pci 0000:00:04.0: reg 0x14: [mem 0xf0400000-0xf07fffff]
[    0.300261] pci 0000:00:04.0: reg 0x18: [mem 0xf0800000-0xf0803fff pref]
[    0.304865] pci 0000:00:07.0: [8086:7113] type 00 class 0x068000
[    0.305401] pci 0000:00:07.0: quirk: [io  0x4000-0x403f] claimed by PIIX4 ACPI
[    0.305414] pci 0000:00:07.0: quirk: [io  0x4100-0x410f] claimed by PIIX4 SMB
[    0.306019] pci 0000:00:08.0: [8086:100e] type 00 class 0x020000
[    0.306721] pci 0000:00:08.0: reg 0x10: [mem 0xf0820000-0xf083ffff]
[    0.307663] pci 0000:00:08.0: reg 0x18: [io  0xd060-0xd067]
[    0.311003] pci 0000:00:09.0: [8086:100e] type 00 class 0x020000
[    0.311712] pci 0000:00:09.0: reg 0x10: [mem 0xf0840000-0xf085ffff]
[    0.312882] pci 0000:00:09.0: reg 0x18: [io  0xd068-0xd06f]
[    0.323782] ACPI: PCI Interrupt Link [LNKA] (IRQs 5 9 10 *11)
[    0.324065] ACPI: PCI Interrupt Link [LNKB] (IRQs 5 9 *10 11)
[    0.324165] ACPI: PCI Interrupt Link [LNKC] (IRQs 5 *9 10 11)
[    0.324269] ACPI: PCI Interrupt Link [LNKD] (IRQs 5 9 10 *11)
[    0.324536] iommu: Default domain type: Translated 
[    0.324592] pci 0000:00:02.0: vgaarb: setting as boot VGA device
[    0.324593] pci 0000:00:02.0: vgaarb: VGA device added: decodes=io+mem,owns=io+mem,locks=none
[    0.324595] pci 0000:00:02.0: vgaarb: bridge control possible
[    0.324596] vgaarb: loaded
[    0.324806] SCSI subsystem initialized
[    0.324836] libata version 3.00 loaded.
[    0.324862] ACPI: bus type USB registered
[    0.324878] usbcore: registered new interface driver usbfs
[    0.324884] usbcore: registered new interface driver hub
[    0.324892] usbcore: registered new device driver usb
[    0.324920] pps_core: LinuxPPS API ver. 1 registered
[    0.324921] pps_core: Software ver. 5.3.6 - Copyright 2005-2007 Rodolfo Giometti <giometti@linux.it>
[    0.324923] PTP clock support registered
[    0.324956] EDAC MC: Ver: 3.0.0
[    0.325239] PCI: Using ACPI for IRQ routing
[    0.325240] PCI: pci_cache_line_size set to 64 bytes
[    0.325407] e820: reserve RAM buffer [mem 0x0009fc00-0x0009ffff]
[    0.325411] e820: reserve RAM buffer [mem 0x7fff0000-0x7fffffff]
[    0.326208] NetLabel: Initializing
[    0.326209] NetLabel:  domain hash size = 128
[    0.326209] NetLabel:  protocols = UNLABELED CIPSOv4 CALIPSO
[    0.326229] NetLabel:  unlabeled traffic allowed by default
[    0.327038] clocksource: Switched to clocksource kvm-clock
[    0.341269] *** VALIDATE bpf ***
[    0.341331] VFS: Disk quotas dquot_6.6.0
[    0.341343] VFS: Dquot-cache hash table entries: 512 (order 0, 4096 bytes)
[    0.341366] *** VALIDATE ramfs ***
[    0.341369] *** VALIDATE hugetlbfs ***
[    0.341450] AppArmor: AppArmor Filesystem Enabled
[    0.341476] pnp: PnP ACPI init
[    0.341542] pnp 00:00: Plug and Play ACPI device, IDs PNP0303 (active)
[    0.341628] pnp 00:01: Plug and Play ACPI device, IDs PNP0f03 (active)
[    0.342381] pnp: PnP ACPI: found 2 devices
[    0.343379] thermal_sys: Registered thermal governor 'fair_share'
[    0.343380] thermal_sys: Registered thermal governor 'bang_bang'
[    0.343381] thermal_sys: Registered thermal governor 'step_wise'
[    0.343381] thermal_sys: Registered thermal governor 'user_space'
[    0.343382] thermal_sys: Registered thermal governor 'power_allocator'
[    0.347924] clocksource: acpi_pm: mask: 0xffffff max_cycles: 0xffffff, max_idle_ns: 2085701024 ns
[    0.347978] pci_bus 0000:00: resource 4 [io  0x0000-0x0cf7 window]
[    0.347980] pci_bus 0000:00: resource 5 [io  0x0d00-0xffff window]
[    0.347981] pci_bus 0000:00: resource 6 [mem 0x000a0000-0x000bffff window]
[    0.347982] pci_bus 0000:00: resource 7 [mem 0x80000000-0xfdffffff window]
[    0.348046] NET: Registered protocol family 2
[    0.348120] IP idents hash table entries: 32768 (order: 6, 262144 bytes, linear)
[    0.348529] MPTCP tokens hash table entries: 8192 (order: 4, 65536 bytes, linear)
[    0.348549] MPTCP request tokens hash table entries: 8192 (order: 4, 65536 bytes, linear)
[    0.348574] default registered
[    0.348575] default registered
[    0.348575] MPTCP: Stable release v0.96
[    0.348580] tcp_listen_portaddr_hash hash table entries: 1024 (order: 2, 16384 bytes, linear)
[    0.348660] TCP established hash table entries: 16384 (order: 5, 131072 bytes, linear)
[    0.348726] TCP bind hash table entries: 16384 (order: 6, 262144 bytes, linear)
[    0.348751] TCP: Hash tables configured (established 16384 bind 16384)
[    0.349457] UDP hash table entries: 1024 (order: 3, 32768 bytes, linear)
[    0.349469] UDP-Lite hash table entries: 1024 (order: 3, 32768 bytes, linear)
[    0.349502] NET: Registered protocol family 1
[    0.349511] NET: Registered protocol family 44
[    0.349534] pci 0000:00:00.0: Limiting direct PCI/PCI transfers
[    0.349547] pci 0000:00:01.0: Activating ISA DMA hang workarounds
[    0.349598] pci 0000:00:02.0: Video device with shadowed ROM at [mem 0x000c0000-0x000dffff]
[    0.349663] PCI: CLS 0 bytes, default 64
[    0.349711] Trying to unpack rootfs image as initramfs...
[    0.523449] Freeing initrd memory: 47868K
[    0.523449] clocksource: tsc: mask: 0xffffffffffffffff max_cycles: 0x1e4530a99b6, max_idle_ns: 440795257976 ns
[    0.523449] clocksource: Switched to clocksource tsc
[    0.523449] platform rtc_cmos: registered platform RTC device (no PNP device found)
[    0.523449] check: Scanning for low memory corruption every 60 seconds
[    0.523449] Initialise system trusted keyrings
[    0.523449] Key type blacklist registered
[    0.523449] workingset: timestamp_bits=36 max_order=19 bucket_order=0
[    0.523449] zbud: loaded
[    0.523449] squashfs: version 4.0 (2009/01/31) Phillip Lougher
[    0.523449] fuse: init (API version 7.31)
[    0.523449] *** VALIDATE fuse ***
[    0.523449] *** VALIDATE fuse ***
[    0.523449] Platform Keyring initialized
[    0.538567] Key type asymmetric registered
[    0.538568] Asymmetric key parser 'x509' registered
[    0.538577] Block layer SCSI generic (bsg) driver version 0.4 loaded (major 244)
[    0.538613] io scheduler mq-deadline registered
[    0.538738] shpchp: Standard Hot Plug PCI Controller Driver version: 0.4
[    0.539035] ACPI: AC Adapter [AC] (on-line)
[    0.539090] input: Power Button as /devices/LNXSYSTM:00/LNXPWRBN:00/input/input0
[    0.539120] ACPI: Power Button [PWRF]
[    0.539185] input: Sleep Button as /devices/LNXSYSTM:00/LNXSLPBN:00/input/input1
[    0.539200] ACPI: Sleep Button [SLPF]
[    0.539444] Serial: 8250/16550 driver, 32 ports, IRQ sharing enabled
[    0.540900] Linux agpgart interface v0.103
[    0.631107] loop: module loaded
[    0.631304] ata_piix 0000:00:01.1: version 2.13
[    0.631823] scsi host0: ata_piix
[    0.631942] scsi host1: ata_piix
[    0.631978] ata1: PATA max UDMA/33 cmd 0x1f0 ctl 0x3f6 bmdma 0xd000 irq 14
[    0.631979] ata2: PATA max UDMA/33 cmd 0x170 ctl 0x376 bmdma 0xd008 irq 15
[    0.632084] tun: Universal TUN/TAP device driver, 1.6
[    0.632441] PPP generic driver version 2.4.2
[    0.632496] VFIO - User Level meta-driver version: 0.3
[    0.632775] ehci_hcd: USB 2.0 'Enhanced' Host Controller (EHCI) Driver
[    0.632781] ehci-pci: EHCI PCI platform driver
[    0.632800] ehci-platform: EHCI generic platform driver
[    0.632808] ohci_hcd: USB 1.1 'Open' Host Controller (OHCI) Driver
[    0.632810] ohci-pci: OHCI PCI platform driver
[    0.632819] ohci-platform: OHCI generic platform driver
[    0.632825] uhci_hcd: USB Universal Host Controller Interface driver
[    0.632906] i8042: PNP: PS/2 Controller [PNP0303:PS2K,PNP0f03:PS2M] at 0x60,0x64 irq 1,12
[    0.633439] serio: i8042 KBD port at 0x60,0x64 irq 1
[    0.633444] serio: i8042 AUX port at 0x60,0x64 irq 12
[    0.633561] mousedev: PS/2 mouse device common for all mice
[    0.633888] input: AT Translated Set 2 keyboard as /devices/platform/i8042/serio0/input/input2
[    0.634369] rtc_cmos rtc_cmos: registered as rtc0
[    0.634386] rtc_cmos rtc_cmos: alarms up to one day, 114 bytes nvram
[    0.634393] i2c /dev entries driver
[    0.634446] device-mapper: uevent: version 1.0.3
[    0.634518] device-mapper: ioctl: 4.41.0-ioctl (2019-09-16) initialised: dm-devel@redhat.com
[    0.634539] platform eisa.0: Probing EISA bus 0
[    0.634541] platform eisa.0: EISA: Cannot allocate resource for mainboard
[    0.634543] platform eisa.0: Cannot allocate resource for EISA slot 1
[    0.634544] platform eisa.0: Cannot allocate resource for EISA slot 2
[    0.634546] platform eisa.0: Cannot allocate resource for EISA slot 3
[    0.634547] platform eisa.0: Cannot allocate resource for EISA slot 4
[    0.634548] platform eisa.0: Cannot allocate resource for EISA slot 5
[    0.634550] platform eisa.0: Cannot allocate resource for EISA slot 6
[    0.634551] platform eisa.0: Cannot allocate resource for EISA slot 7
[    0.634552] platform eisa.0: Cannot allocate resource for EISA slot 8
[    0.634554] platform eisa.0: EISA: Detected 0 cards
[    0.634557] intel_pstate: CPU model not supported
[    0.634569] ledtrig-cpu: registered to indicate activity on CPUs
[    0.634636] drop_monitor: Initializing network drop monitor service
[    0.634847] NET: Registered protocol family 10
[    0.639458] Segment Routing with IPv6
[    0.639458] fullmesh registered
[    0.639458] ndiffports registered
[    0.639458] binder registered
[    0.639458] roundrobin registered
[    0.639458] redundant registered
[    0.639458] blest registered
[    0.639458] ecf registered
[    0.639458] NET: Registered protocol family 17
[    0.639458] Key type dns_resolver registered
[    0.639458] RAS: Correctable Errors collector initialized.
[    0.639458] IPI shorthand broadcast: enabled
[    0.639458] sched_clock: Marking stable (624407246, 11051315)->(635233579, 224982)
[    0.642015] registered taskstats version 1
[    0.642027] Loading compiled-in X.509 certificates
[    0.642964] Loaded X.509 cert 'Build time autogenerated kernel key: 6909f3744cebb3d0de528d5887b96a727de79b1e'
[    0.642986] zswap: loaded using pool lzo/zbud
[    0.643054] Key type ._fscrypt registered
[    0.643055] Key type .fscrypt registered
[    0.649018] Key type big_key registered
[    0.652020] Key type encrypted registered
[    0.652024] AppArmor: AppArmor sha1 policy hashing enabled
[    0.652034] ima: No TPM chip found, activating TPM-bypass!
[    0.652038] ima: Allocated hash algorithm: sha1
[    0.652046] ima: No architecture policies found
[    0.652057] evm: Initialising EVM extended attributes:
[    0.652058] evm: security.selinux
[    0.652058] evm: security.SMACK64
[    0.652059] evm: security.SMACK64EXEC
[    0.652059] evm: security.SMACK64TRANSMUTE
[    0.652060] evm: security.SMACK64MMAP
[    0.652061] evm: security.apparmor
[    0.652061] evm: security.ima
[    0.652062] evm: security.capability
[    0.652063] evm: HMAC attrs: 0x1
[    0.652449] PM:   Magic number: 10:717:847
[    0.652687] rtc_cmos rtc_cmos: setting system clock to 2026-01-14T18:48:09 UTC (1768416489)
[    0.803021] ata1.00: ATA-6: VBOX HARDDISK, 1.0, max UDMA/133
[    0.803023] ata1.00: 209715200 sectors, multi 128: LBA 
[    0.803554] scsi 0:0:0:0: Direct-Access     ATA      VBOX HARDDISK    1.0  PQ: 0 ANSI: 5
[    0.803766] sd 0:0:0:0: [sda] 209715200 512-byte logical blocks: (107 GB/100 GiB)
[    0.803774] sd 0:0:0:0: [sda] Write Protect is off
[    0.803775] sd 0:0:0:0: [sda] Mode Sense: 00 3a 00 00
[    0.803787] sd 0:0:0:0: [sda] Write cache: enabled, read cache: enabled, doesn't support DPO or FUA
[    0.804011] sd 0:0:0:0: Attached scsi generic sg0 type 0
[    0.804725]  sda: sda1 sda2
[    0.815204] sd 0:0:0:0: [sda] Attached SCSI disk
[    0.817612] Freeing unused decrypted memory: 2040K
[    0.818378] Freeing unused kernel image memory: 2728K
[    0.818380] Write protecting the kernel read-only data: 22528k
[    0.819174] Freeing unused kernel image memory: 2036K
[    0.819608] Freeing unused kernel image memory: 1432K
[    0.838221] x86/mm: Checked W+X mappings: passed, no W+X pages found.
[    0.838225] Run /init as init process
[    0.952818] ACPI: Video Device [GFX0] (multi-head: yes  rom: no  post: no)
[    0.952892] input: Video Bus as /devices/LNXSYSTM:00/LNXSYBUS:00/PNP0A03:00/LNXVIDEO:00/input/input4
[    0.965014] pcnet32: pcnet32.c:v1.35 21.Apr.2008 tsbogend@alpha.franken.de
[    0.968953] piix4_smbus 0000:00:07.0: SMBus Host Controller at 0x4100, revision 0
[    0.971501] e1000: Intel(R) PRO/1000 Network Driver - version 7.3.21-k8-NAPI
[    0.971502] e1000: Copyright (c) 1999-2006 Intel Corporation.
[    0.973577] pcnet32: PCnet/FAST III 79C973 at 0xd020, 08:00:27:b9:73:66 assigned IRQ 19
[    0.973623] pcnet32: Found PHY 0022:561b at address 0
[    0.973926] pcnet32: eth0: registered as PCnet/FAST III 79C973
[    0.984425] pcnet32: 1 cards_found
[    1.050326] pcnet32 0000:00:03.0 enp0s3: renamed from eth0
[    1.192703] input: ImExPS/2 Generic Explorer Mouse as /devices/platform/i8042/serio1/input/input5
[    1.383367] e1000 0000:00:08.0 eth0: (PCI:33MHz:32-bit) 08:00:27:c9:e4:08
[    1.383372] e1000 0000:00:08.0 eth0: Intel(R) PRO/1000 Network Connection
[    1.755388] e1000 0000:00:09.0 eth1: (PCI:33MHz:32-bit) 08:00:27:4c:28:4a
[    1.755391] e1000 0000:00:09.0 eth1: Intel(R) PRO/1000 Network Connection
[    1.756521] e1000 0000:00:09.0 enp0s9: renamed from eth1
[    1.758327] e1000 0000:00:08.0 enp0s8: renamed from eth0
[    1.903933] EXT4-fs (sda2): mounted filesystem with ordered data mode. Opts: (null)
[    1.994726] systemd[1]: Inserted module 'autofs4'
[    2.006575] systemd[1]: systemd 245.4-4ubuntu3 running in system mode. (+PAM +AUDIT +SELINUX +IMA +APPARMOR +SMACK +SYSVINIT +UTMP +LIBCRYPTSETUP +GCRYPT +GNUTLS +ACL +XZ +LZ4 +SECCOMP +BLKID +ELFUTILS +KMOD +IDN2 -IDN +PCRE2 default-hierarchy=hybrid)
[    2.006606] systemd[1]: Detected virtualization oracle.
[    2.006609] systemd[1]: Detected architecture x86-64.
[    2.007943] systemd[1]: Set hostname to <ztg>.
[    2.130154] systemd[1]: /lib/systemd/system/dbus.socket:5: ListenStream= references a path below legacy directory /var/run/, updating /var/run/dbus/system_bus_socket â†’ /run/dbus/system_bus_socket; please update the unit file accordingly.
[    2.181247] systemd[1]: Created slice system-modprobe.slice.
[    2.181431] systemd[1]: Created slice User and Session Slice.
[    2.181476] systemd[1]: Started Forward Password Requests to Wall Directory Watch.
[    2.181636] systemd[1]: Set up automount Arbitrary Executable File Formats File System Automount Point.
[    2.181669] systemd[1]: Reached target User and Group Name Lookups.
[    2.181678] systemd[1]: Reached target Remote File Systems.
[    2.181686] systemd[1]: Reached target Slices.
[    2.182166] systemd[1]: Listening on Syslog Socket.
[    2.182232] systemd[1]: Listening on fsck to fsckd communication Socket.
[    2.182271] systemd[1]: Listening on initctl Compatibility Named Pipe.
[    2.182409] systemd[1]: Listening on Journal Audit Socket.
[    2.182490] systemd[1]: Listening on Journal Socket (/dev/log).
[    2.182562] systemd[1]: Listening on Journal Socket.
[    2.182629] systemd[1]: Listening on udev Control Socket.
[    2.182669] systemd[1]: Listening on udev Kernel Socket.
[    2.183465] systemd[1]: Mounting Huge Pages File System...
[    2.184362] systemd[1]: Mounting POSIX Message Queue File System...
[    2.185229] systemd[1]: Mounting Kernel Debug File System...
[    2.186095] systemd[1]: Mounting Kernel Trace File System...
[    2.188243] systemd[1]: Starting Journal Service...
[    2.209808] systemd[1]: Starting Set the console keyboard layout...
[    2.215232] systemd[1]: Starting Create list of static device nodes for the current kernel...
[    2.220306] systemd[1]: Starting Load Kernel Module drm...
[    2.222092] systemd[1]: Condition check resulted in Set Up Additional Binary Formats being skipped.
[    2.222148] systemd[1]: Condition check resulted in File System Check on Root Device being skipped.
[    2.235361] systemd[1]: Starting Load Kernel Modules...
[    2.244977] systemd[1]: Starting Remount Root and Kernel File Systems...
[    2.251336] systemd[1]: Starting udev Coldplug all Devices...
[    2.276557] systemd[1]: Starting Uncomplicated firewall...
[    2.277787] systemd[1]: Mounted Huge Pages File System.
[    2.277878] systemd[1]: Mounted POSIX Message Queue File System.
[    2.277952] systemd[1]: Mounted Kernel Debug File System.
[    2.278021] systemd[1]: Mounted Kernel Trace File System.
[    2.284536] EXT4-fs (sda2): re-mounted. Opts: errors=remount-ro
[    2.288824] systemd[1]: Finished Create list of static device nodes for the current kernel.
[    2.289928] systemd[1]: modprobe@drm.service: Succeeded.
[    2.290303] systemd[1]: Finished Load Kernel Module drm.
[    2.297689] systemd[1]: Finished Remount Root and Kernel File Systems.
[    2.308283] lp: driver loaded but no devices found
[    2.310084] systemd[1]: Finished Uncomplicated firewall.
[    2.325473] systemd[1]: Condition check resulted in Rebuild Hardware Database being skipped.
[    2.325512] systemd[1]: Condition check resulted in Platform Persistent Storage Archival being skipped.
[    2.327493] systemd[1]: Starting Load/Save Random Seed...
[    2.332769] systemd[1]: Starting Create System Users...
[    2.337884] ppdev: user-space parallel port driver
[    2.348162] systemd[1]: Finished Load/Save Random Seed.
[    2.352124] systemd[1]: Finished Create System Users.
[    2.352839] systemd[1]: Starting Create Static Device Nodes in /dev...
[    2.402549] systemd[1]: Finished Create Static Device Nodes in /dev.
[    2.403428] systemd[1]: Starting udev Kernel Device Manager...
[    2.414111] systemd[1]: Finished udev Coldplug all Devices.
[    2.421760] [drm] DMA map mode: Caching DMA mappings.
[    2.421822] [drm] Capabilities:
[    2.421823] [drm]   Rect copy.
[    2.421823] [drm]   Cursor.
[    2.421823] [drm]   Cursor bypass.
[    2.421824] [drm]   Cursor bypass 2.
[    2.421824] [drm]   Alpha cursor.
[    2.421824] [drm]   Extended Fifo.
[    2.421825] [drm]   Pitchlock.
[    2.421825] [drm]   Irq mask.
[    2.421825] [drm]   GMR.
[    2.421826] [drm]   Traces.
[    2.421826] [drm]   GMR2.
[    2.421826] [drm]   Screen Object 2.
[    2.421827] [drm]   Command Buffers.
[    2.421827] [drm]   Command Buffers 2.
[    2.421828] [drm]   Guest Backed Resources.
[    2.421828] [drm] Max GMR ids is 8192
[    2.421829] [drm] Max number of GMR pages is 1048576
[    2.421829] [drm] Max dedicated hypervisor surface memory is 393216 kiB
[    2.421830] [drm] Maximum display memory size is 131072 kiB
[    2.421831] [drm] VRAM at 0xe0000000 size is 131072 kiB
[    2.421831] [drm] MMIO at 0xf0000000 size is 2048 kiB
[    2.422832] [TTM] Zone  kernel: Available graphics memory: 1011738 KiB
[    2.422833] [TTM] Initializing pool allocator
[    2.422836] [TTM] Initializing DMA pool allocator
[    2.422891] [drm] Supports vblank timestamp caching Rev 2 (21.10.2013).
[    2.422891] [drm] No driver support for vblank timestamp query.
[    2.423136] [drm] Screen Target Display device initialized
[    2.423506] [drm] width 720
[    2.423516] [drm] height 400
[    2.423520] [drm] bpp 32
[    2.424034] [drm] Fifo max 0x00200000 min 0x00001000 cap 0x00000355
[    2.425101] [drm] Using command buffers with DMA pool.
[    2.425104] [drm] DX: no.
[    2.425105] [drm] Atomic: yes.
[    2.425105] [drm] SM4_1: no.
[    2.425123] [drm:vmw_host_log [vmwgfx]] *ERROR* Failed to send host log message.
[    2.426006] [drm:vmw_host_log [vmwgfx]] *ERROR* Failed to send host log message.
[    2.470513] fbcon: svgadrmfb (fb0) is primary device
[    2.474246] Console: switching to colour frame buffer device 100x37
[    2.477050] [drm] Initialized vmwgfx 2.15.0 20180704 for 0000:00:02.0 on minor 0
[    2.480136] systemd[1]: Finished Load Kernel Modules.
[    2.481141] systemd[1]: Mounting FUSE Control File System...
[    2.482871] systemd[1]: Mounting Kernel Configuration File System...
[    2.504355] systemd[1]: Starting Apply Kernel Variables...
[    2.505779] systemd[1]: Finished Set the console keyboard layout.
[    2.505925] systemd[1]: Mounted FUSE Control File System.
[    2.506006] systemd[1]: Mounted Kernel Configuration File System.
[    2.506057] systemd[1]: Reached target Local File Systems (Pre).
[    2.506082] systemd[1]: Condition check resulted in VMware vmblock fuse mount being skipped.
[    2.510566] systemd[1]: Mounting Mount unit for bare, revision 5...
[    2.517525] systemd[1]: Mounting Mount unit for core18, revision 1705...
[    2.525364] systemd[1]: Mounting Mount unit for gnome-3-34-1804, revision 24...
[    2.554190] systemd[1]: Mounting Mount unit for gtk-common-themes, revision 1506...
[    2.557968] systemd[1]: Mounting Mount unit for gtk-common-themes, revision 1535...
[    2.565109] systemd[1]: Mounting Mount unit for snap-store, revision 433...
[    2.573131] systemd[1]: Mounting Mount unit for snapd, revision 7264...
[    2.588864] systemd[1]: Finished Apply Kernel Variables.
[    2.589008] systemd[1]: Mounted Mount unit for bare, revision 5.
[    2.594922] systemd[1]: Mounted Mount unit for core18, revision 1705.
[    2.600562] systemd[1]: Mounted Mount unit for gnome-3-34-1804, revision 24.
[    2.609253] systemd[1]: Mounted Mount unit for gtk-common-themes, revision 1506.
[    2.613260] systemd[1]: Started udev Kernel Device Manager.
[    2.613985] systemd[1]: Starting Show Plymouth Boot Screen...
[    2.621405] systemd[1]: Received SIGRTMIN+20 from PID 287 (plymouthd).
[    2.625640] systemd[1]: Mounted Mount unit for gtk-common-themes, revision 1535.
[    2.647317] systemd[1]: Mounted Mount unit for snap-store, revision 433.
[    2.647574] systemd[1]: Started Show Plymouth Boot Screen.
[    2.649948] systemd[1]: Mounted Mount unit for snapd, revision 7264.
[    2.651783] systemd[1]: Condition check resulted in Dispatch Password Requests to Console Directory Watch being skipped.
[    2.651861] systemd[1]: Started Forward Password Requests to Plymouth Directory Watch.
[    2.651930] systemd[1]: Reached target Local Encrypted Volumes.
[    2.651986] systemd[1]: Reached target Local File Systems.
[    2.652724] systemd[1]: Starting Load AppArmor profiles...
[    2.655152] systemd[1]: Starting Set console font and keymap...
[    2.668529] systemd[1]: Starting Tell Plymouth To Write Out Runtime Data...
[    2.668659] systemd[1]: Condition check resulted in Store a System Token in an EFI Variable being skipped.
[    2.668709] systemd[1]: Condition check resulted in Commit a transient machine-id on disk being skipped.
[    2.672586] systemd[1]: Finished Set console font and keymap.
[    2.681646] systemd[1]: Received SIGRTMIN+20 from PID 287 (plymouthd).
[    2.682787] systemd[1]: plymouth-read-write.service: Succeeded.
[    2.683025] systemd[1]: Finished Tell Plymouth To Write Out Runtime Data.
[    2.699715] audit: type=1400 audit(1768416491.544:2): apparmor="STATUS" operation="profile_load" profile="unconfined" name="nvidia_modprobe" pid=300 comm="apparmor_parser"
[    2.699717] audit: type=1400 audit(1768416491.544:3): apparmor="STATUS" operation="profile_load" profile="unconfined" name="nvidia_modprobe//kmod" pid=300 comm="apparmor_parser"
[    2.710235] audit: type=1400 audit(1768416491.552:4): apparmor="STATUS" operation="profile_load" profile="unconfined" name="/usr/sbin/tcpdump" pid=301 comm="apparmor_parser"
[    2.771458] audit: type=1400 audit(1768416491.612:5): apparmor="STATUS" operation="profile_load" profile="unconfined" name="/usr/bin/evince" pid=303 comm="apparmor_parser"
[    2.771460] audit: type=1400 audit(1768416491.612:6): apparmor="STATUS" operation="profile_load" profile="unconfined" name="/usr/bin/evince//sanitized_helper" pid=303 comm="apparmor_parser"
[    2.771462] audit: type=1400 audit(1768416491.612:7): apparmor="STATUS" operation="profile_load" profile="unconfined" name="/usr/bin/evince-previewer" pid=303 comm="apparmor_parser"
[    2.771464] audit: type=1400 audit(1768416491.612:8): apparmor="STATUS" operation="profile_load" profile="unconfined" name="/usr/bin/evince-previewer//sanitized_helper" pid=303 comm="apparmor_parser"
[    2.771465] audit: type=1400 audit(1768416491.612:9): apparmor="STATUS" operation="profile_load" profile="unconfined" name="/usr/bin/evince-thumbnailer" pid=303 comm="apparmor_parser"
[    2.775894] audit: type=1400 audit(1768416491.616:10): apparmor="STATUS" operation="profile_load" profile="unconfined" name="/usr/lib/cups/backend/cups-pdf" pid=304 comm="apparmor_parser"
[    2.854280] systemd[1]: Finished Load AppArmor profiles.
[    2.855417] systemd[1]: Starting Load AppArmor profiles managed internally by snapd...
[    2.931726] systemd[1]: Finished Load AppArmor profiles managed internally by snapd.
[    3.164444] systemd[1]: Started Journal Service.
[    3.171710] systemd-journald[229]: Received client request to flush runtime journal.
[    3.176348] systemd-journald[229]: File /var/log/journal/c455b248004a419c87ce85eea238d727/system.journal corrupted or uncleanly shut down, renaming and replacing.
[    4.506816] RAPL PMU: API unit is 2^-32 Joules, 0 fixed counters, 10737418240 ms ovfl timer
[    4.575280] cryptd: max_cpu_qlen set to 1000
[    4.612087] AVX2 version of gcm_enc/dec engaged.
[    4.612088] AES CTR mode by8 optimization enabled
[    5.408360] Adding 1998844k swap on /dev/sda1.  Priority:-2 extents:1 across:1998844k FS
[    6.560166] kauditd_printk_skb: 30 callbacks suppressed
[    6.560167] audit: type=1400 audit(1768416495.400:41): apparmor="DENIED" operation="capable" profile="/usr/sbin/cups-browsed" pid=496 comm="cups-browsed" capability=23  capname="sys_nice"
[    7.539082] pcnet32 0000:00:03.0 enp0s3: link up, 100Mbps, full-duplex
[    7.559696] e1000: enp0s8 NIC Link is Up 1000 Mbps Full Duplex, Flow Control: RX
[    7.559969] IPv6: ADDRCONF(NETDEV_CHANGE): enp0s8: link becomes ready
[    7.581526] e1000: enp0s9 NIC Link is Up 1000 Mbps Full Duplex, Flow Control: RX
[    7.581818] IPv6: ADDRCONF(NETDEV_CHANGE): enp0s9: link becomes ready
[    8.124792] device enp0s3 entered promiscuous mode
[    8.161757] audit: type=1400 audit(1768416496.992:42): apparmor="DENIED" operation="open" profile="/usr/sbin/tcpdump" name="/proc/sys/kernel/random/boot_id" pid=678 comm="tcpdump" requested_mask="r" denied_mask="r" fsuid=0 ouid=0
[    8.162469] audit: type=1400 audit(1768416496.992:43): apparmor="DENIED" operation="open" profile="/usr/sbin/tcpdump" name="/proc/sys/kernel/random/boot_id" pid=678 comm="tcpdump" requested_mask="r" denied_mask="r" fsuid=0 ouid=0
[    8.162563] audit: type=1400 audit(1768416496.992:44): apparmor="DENIED" operation="open" profile="/usr/sbin/tcpdump" name="/proc/sys/kernel/random/boot_id" pid=678 comm="tcpdump" requested_mask="r" denied_mask="r" fsuid=0 ouid=0
[    8.163033] audit: type=1400 audit(1768416496.992:45): apparmor="DENIED" operation="open" profile="/usr/sbin/tcpdump" name="/proc/sys/kernel/random/boot_id" pid=678 comm="tcpdump" requested_mask="r" denied_mask="r" fsuid=0 ouid=0
[    8.174189] audit: type=1400 audit(1768416497.008:46): apparmor="DENIED" operation="open" profile="/usr/sbin/tcpdump" name="/proc/sys/kernel/random/boot_id" pid=679 comm="tcpdump" requested_mask="r" denied_mask="r" fsuid=0 ouid=0
[    8.174623] audit: type=1400 audit(1768416497.008:47): apparmor="DENIED" operation="open" profile="/usr/sbin/tcpdump" name="/proc/sys/kernel/random/boot_id" pid=679 comm="tcpdump" requested_mask="r" denied_mask="r" fsuid=0 ouid=0
[    8.174665] audit: type=1400 audit(1768416497.008:48): apparmor="DENIED" operation="open" profile="/usr/sbin/tcpdump" name="/proc/sys/kernel/random/boot_id" pid=679 comm="tcpdump" requested_mask="r" denied_mask="r" fsuid=0 ouid=0
[    8.174777] audit: type=1400 audit(1768416497.008:49): apparmor="DENIED" operation="open" profile="/usr/sbin/tcpdump" name="/proc/sys/kernel/random/boot_id" pid=679 comm="tcpdump" requested_mask="r" denied_mask="r" fsuid=0 ouid=0
[   12.680894] rfkill: input handler disabled
[  214.748970] AAAAA-TCP_FORW: name:enp0s3: saddr:100932208: daddr:16783984
[  214.785587] AAAAA-TCP_FORW: name:enp0s3: saddr:100932208: daddr:16783984
[  214.983874] AAAAA-TCP_FORW: name:enp0s3: saddr:100932208: daddr:16783984
[  215.020851] AAAAA-TCP_FORW: name:enp0s3: saddr:100932208: daddr:16783984
[  523.762217] rfkill: input handler enabled
[  532.525636] rfkill: input handler disabled
[  735.123985] device enp0s3 left promiscuous mode
