[    0.000000] Linux version 5.4.243-mptcp (root@ztg) (gcc version 12.2.0 (Debian 12.2.0-14+deb12u1)) #53 SMP Wed Dec 24 23:28:15 CST 2025
[    0.000000] Command line: BOOT_IMAGE=/boot/vmlinuz-5.4.243-mptcp root=UUID=98415a12-53b7-4144-8265-0f7ece09e445 ro quiet splash
[    0.000000] KERNEL supported cpus:
[    0.000000]   Intel GenuineIntel
[    0.000000]   AMD AuthenticAMD
[    0.000000]   Hygon HygonGenuine
[    0.000000]   Centaur CentaurHauls
[    0.000000]   zhaoxin   Shanghai  
[    0.000000] x86/fpu: Supporting XSAVE feature 0x001: 'x87 floating point registers'
[    0.000000] x86/fpu: Supporting XSAVE feature 0x002: 'SSE registers'
[    0.000000] x86/fpu: Supporting XSAVE feature 0x004: 'AVX registers'
[    0.000000] x86/fpu: xstate_offset[2]:  576, xstate_sizes[2]:  256
[    0.000000] x86/fpu: Enabled xstate features 0x7, context size is 832 bytes, using 'standard' format.
[    0.000000] BIOS-provided physical RAM map:
[    0.000000] BIOS-e820: [mem 0x0000000000000000-0x000000000009fbff] usable
[    0.000000] BIOS-e820: [mem 0x000000000009fc00-0x000000000009ffff] reserved
[    0.000000] BIOS-e820: [mem 0x00000000000f0000-0x00000000000fffff] reserved
[    0.000000] BIOS-e820: [mem 0x0000000000100000-0x000000007ffeffff] usable
[    0.000000] BIOS-e820: [mem 0x000000007fff0000-0x000000007fffffff] ACPI data
[    0.000000] BIOS-e820: [mem 0x00000000fec00000-0x00000000fec00fff] reserved
[    0.000000] BIOS-e820: [mem 0x00000000fee00000-0x00000000fee00fff] reserved
[    0.000000] BIOS-e820: [mem 0x00000000fffc0000-0x00000000ffffffff] reserved
[    0.000000] NX (Execute Disable) protection: active
[    0.000000] SMBIOS 2.5 present.
[    0.000000] DMI: innotek GmbH VirtualBox/VirtualBox, BIOS VirtualBox 12/01/2006
[    0.000000] Hypervisor detected: KVM
[    0.000000] kvm-clock: Using msrs 4b564d01 and 4b564d00
[    0.000000] kvm-clock: cpu 0, msr 67801001, primary cpu clock
[    0.000000] kvm-clock: using sched offset of 4438041034 cycles
[    0.000003] clocksource: kvm-clock: mask: 0xffffffffffffffff max_cycles: 0x1cd42e4dffb, max_idle_ns: 881590591483 ns
[    0.000005] tsc: Detected 2100.000 MHz processor
[    0.001874] e820: update [mem 0x00000000-0x00000fff] usable ==> reserved
[    0.001876] e820: remove [mem 0x000a0000-0x000fffff] usable
[    0.001880] last_pfn = 0x7fff0 max_arch_pfn = 0x400000000
[    0.001947] MTRR default type: uncachable
[    0.001948] MTRR fixed ranges enabled:
[    0.001949]   00000-9FFFF write-back
[    0.001950]   A0000-BFFFF uncachable
[    0.001951]   C0000-FFFFF write-protect
[    0.001951] MTRR variable ranges enabled:
[    0.001953]   0 base 000000000000 mask 3FFF80000000 write-back
[    0.001953]   1 disabled
[    0.001954]   2 disabled
[    0.001954]   3 disabled
[    0.001955]   4 disabled
[    0.001955]   5 disabled
[    0.001956]   6 disabled
[    0.001956]   7 disabled
[    0.001956]   8 disabled
[    0.001957]   9 disabled
[    0.001957]   10 disabled
[    0.001958]   11 disabled
[    0.001958]   12 disabled
[    0.001959]   13 disabled
[    0.001959]   14 disabled
[    0.001959]   15 disabled
[    0.001975] x86/PAT: Configuration [0-7]: WB  WC  UC- UC  WB  WP  UC- WT  
[    0.002108] found SMP MP-table at [mem 0x0009fff0-0x0009ffff]
[    0.094513] check: Scanning 1 areas for low memory corruption
[    0.094757] RAMDISK: [mem 0x32271000-0x3512ffff]
[    0.094765] ACPI: Early table checksum verification disabled
[    0.094770] ACPI: RSDP 0x00000000000E0000 000024 (v02 VBOX  )
[    0.094775] ACPI: XSDT 0x000000007FFF0030 00003C (v01 VBOX   VBOXXSDT 00000001 ASL  00000061)
[    0.094781] ACPI: FACP 0x000000007FFF00F0 0000F4 (v04 VBOX   VBOXFACP 00000001 ASL  00000061)
[    0.094787] ACPI: DSDT 0x000000007FFF02E0 002353 (v02 VBOX   VBOXBIOS 00000002 VBOX 00029BF3)
[    0.094791] ACPI: FACS 0x000000007FFF0200 000040
[    0.094795] ACPI: FACS 0x000000007FFF0200 000040
[    0.094798] ACPI: APIC 0x000000007FFF0240 000054 (v02 VBOX   VBOXAPIC 00000001 ASL  00000061)
[    0.094801] ACPI: SSDT 0x000000007FFF02A0 000038 (v01 VBOX   VBOXCPUT 00000002 VBOX 00029BF3)
[    0.094805] ACPI: Reserving FACP table memory at [mem 0x7fff00f0-0x7fff01e3]
[    0.094806] ACPI: Reserving DSDT table memory at [mem 0x7fff02e0-0x7fff2632]
[    0.094806] ACPI: Reserving FACS table memory at [mem 0x7fff0200-0x7fff023f]
[    0.094807] ACPI: Reserving FACS table memory at [mem 0x7fff0200-0x7fff023f]
[    0.094808] ACPI: Reserving APIC table memory at [mem 0x7fff0240-0x7fff0293]
[    0.094808] ACPI: Reserving SSDT table memory at [mem 0x7fff02a0-0x7fff02d7]
[    0.094823] ACPI: Local APIC address 0xfee00000
[    0.095011] No NUMA configuration found
[    0.095012] Faking a node at [mem 0x0000000000000000-0x000000007ffeffff]
[    0.095033] NODE_DATA(0) allocated [mem 0x7ffc5000-0x7ffeffff]
[    0.095294] Zone ranges:
[    0.095295]   DMA      [mem 0x0000000000001000-0x0000000000ffffff]
[    0.095296]   DMA32    [mem 0x0000000001000000-0x000000007ffeffff]
[    0.095297]   Normal   empty
[    0.095297]   Device   empty
[    0.095298] Movable zone start for each node
[    0.095300] Early memory node ranges
[    0.095301]   node   0: [mem 0x0000000000001000-0x000000000009efff]
[    0.095301]   node   0: [mem 0x0000000000100000-0x000000007ffeffff]
[    0.095305] Zeroed struct page in unavailable ranges: 114 pages
[    0.095306] Initmem setup node 0 [mem 0x0000000000001000-0x000000007ffeffff]
[    0.095307] On node 0 totalpages: 524174
[    0.095308]   DMA zone: 64 pages used for memmap
[    0.095309]   DMA zone: 21 pages reserved
[    0.095309]   DMA zone: 3998 pages, LIFO batch:0
[    0.095379]   DMA32 zone: 8128 pages used for memmap
[    0.095380]   DMA32 zone: 520176 pages, LIFO batch:63
[    0.104373] ACPI: PM-Timer IO Port: 0x4008
[    0.104376] ACPI: Local APIC address 0xfee00000
[    0.104444] IOAPIC[0]: apic_id 1, version 32, address 0xfec00000, GSI 0-23
[    0.104448] ACPI: INT_SRC_OVR (bus 0 bus_irq 0 global_irq 2 dfl dfl)
[    0.104449] ACPI: INT_SRC_OVR (bus 0 bus_irq 9 global_irq 9 low level)
[    0.104451] ACPI: IRQ0 used by override.
[    0.104452] ACPI: IRQ9 used by override.
[    0.104455] Using ACPI (MADT) for SMP configuration information
[    0.104461] smpboot: Allowing 1 CPUs, 0 hotplug CPUs
[    0.104483] PM: Registered nosave memory: [mem 0x00000000-0x00000fff]
[    0.104484] PM: Registered nosave memory: [mem 0x0009f000-0x0009ffff]
[    0.104485] PM: Registered nosave memory: [mem 0x000a0000-0x000effff]
[    0.104485] PM: Registered nosave memory: [mem 0x000f0000-0x000fffff]
[    0.104487] [mem 0x80000000-0xfebfffff] available for PCI devices
[    0.104488] Booting paravirtualized kernel on KVM
[    0.104490] clocksource: refined-jiffies: mask: 0xffffffff max_cycles: 0xffffffff, max_idle_ns: 7645519600211568 ns
[    0.104495] setup_percpu: NR_CPUS:8192 nr_cpumask_bits:1 nr_cpu_ids:1 nr_node_ids:1
[    0.105495] percpu: Embedded 60 pages/cpu s208896 r8192 d28672 u2097152
[    0.105500] pcpu-alloc: s208896 r8192 d28672 u2097152 alloc=1*2097152
[    0.105501] pcpu-alloc: [0] 0 
[    0.105527] Built 1 zonelists, mobility grouping on.  Total pages: 515961
[    0.105528] Policy zone: DMA32
[    0.105529] Kernel command line: BOOT_IMAGE=/boot/vmlinuz-5.4.243-mptcp root=UUID=98415a12-53b7-4144-8265-0f7ece09e445 ro quiet splash
[    0.106358] Dentry cache hash table entries: 262144 (order: 9, 2097152 bytes, linear)
[    0.106504] Inode-cache hash table entries: 131072 (order: 8, 1048576 bytes, linear)
[    0.106554] mem auto-init: stack:off, heap alloc:on, heap free:off
[    0.106557] Calgary: detecting Calgary via BIOS EBDA area
[    0.106558] Calgary: Unable to locate Rio Grande table in EBDA - bailing!
[    0.110660] Memory: 1967332K/2096696K available (14339K kernel code, 2398K rwdata, 4712K rodata, 2728K init, 17260K bss, 129364K reserved, 0K cma-reserved)
[    0.111591] SLUB: HWalign=64, Order=0-3, MinObjects=0, CPUs=1, Nodes=1
[    0.111607] ftrace: allocating 43186 entries in 169 pages
[    0.129693] rcu: Hierarchical RCU implementation.
[    0.129695] rcu: 	RCU restricting CPUs from NR_CPUS=8192 to nr_cpu_ids=1.
[    0.129696] 	Tasks RCU enabled.
[    0.129697] rcu: RCU calculated value of scheduler-enlistment delay is 25 jiffies.
[    0.129698] rcu: Adjusting geometry for rcu_fanout_leaf=16, nr_cpu_ids=1
[    0.132747] NR_IRQS: 524544, nr_irqs: 256, preallocated irqs: 16
[    0.132959] random: crng init done
[    0.142274] Console: colour VGA+ 80x25
[    0.142278] printk: console [tty0] enabled
[    0.142297] ACPI: Core revision 20190816
[    0.142389] APIC: Switch to symmetric I/O mode setup
[    0.142642] x2apic enabled
[    0.142882] Switched APIC routing to physical x2apic.
[    0.144030] ..TIMER: vector=0x30 apic1=0 pin1=2 apic2=-1 pin2=-1
[    0.144056] clocksource: tsc-early: mask: 0xffffffffffffffff max_cycles: 0x1e4530a99b6, max_idle_ns: 440795257976 ns
[    0.144062] Calibrating delay loop (skipped) preset value.. 4200.00 BogoMIPS (lpj=8400000)
[    0.144065] pid_max: default: 32768 minimum: 301
[    0.144092] LSM: Security Framework initializing
[    0.144102] Yama: becoming mindful.
[    0.144126] AppArmor: AppArmor initialized
[    0.144160] Mount-cache hash table entries: 4096 (order: 3, 32768 bytes, linear)
[    0.144165] Mountpoint-cache hash table entries: 4096 (order: 3, 32768 bytes, linear)
[    0.144175] *** VALIDATE tmpfs ***
[    0.144302] *** VALIDATE proc ***
[    0.144342] *** VALIDATE cgroup1 ***
[    0.144343] *** VALIDATE cgroup2 ***
[    0.144484] process: using mwait in idle threads
[    0.144489] Last level iTLB entries: 4KB 64, 2MB 8, 4MB 8
[    0.144490] Last level dTLB entries: 4KB 64, 2MB 0, 4MB 0, 1GB 4
[    0.144510] Spectre V1 : Mitigation: usercopy/swapgs barriers and __user pointer sanitization
[    0.144516] Spectre V2 : Mitigation: Retpolines
[    0.144516] Spectre V2 : Spectre v2 / SpectreRSB mitigation: Filling RSB on context switch
[    0.144517] Spectre V2 : Spectre v2 / SpectreRSB : Filling RSB on VMEXIT
[    0.144517] RETBleed: WARNING: Spectre v2 mitigation leaves CPU vulnerable to RETBleed attacks, data leaks possible!
[    0.144875] RETBleed: Vulnerable
[    0.144875] Speculative Store Bypass: Vulnerable
[    0.144880] TAA: Mitigation: TSX disabled
[    0.144880] MMIO Stale Data: Mitigation: Clear CPU buffers
[    0.149065] Freeing SMP alternatives memory: 40K
[    0.261245] smpboot: CPU0: Intel(R) Xeon(R) Silver 4216 CPU @ 2.10GHz (family: 0x6, model: 0x55, stepping: 0x7)
[    0.261381] Performance Events: unsupported p6 CPU model 85 no PMU driver, software events only.
[    0.261422] rcu: Hierarchical SRCU implementation.
[    0.261909] NMI watchdog: Perf NMI watchdog permanently disabled
[    0.261947] smp: Bringing up secondary CPUs ...
[    0.261948] smp: Brought up 1 node, 1 CPU
[    0.261949] smpboot: Max logical packages: 1
[    0.261950] smpboot: Total of 1 processors activated (4200.00 BogoMIPS)
[    0.262909] devtmpfs: initialized
[    0.262956] x86/mm: Memory block size: 128MB
[    0.263302] clocksource: jiffies: mask: 0xffffffff max_cycles: 0xffffffff, max_idle_ns: 7645041785100000 ns
[    0.263308] futex hash table entries: 256 (order: 2, 16384 bytes, linear)
[    0.263348] pinctrl core: initialized pinctrl subsystem
[    0.263451] PM: RTC time: 20:46:01, date: 2026-01-14
[    0.263558] NET: Registered protocol family 16
[    0.263632] audit: initializing netlink subsys (disabled)
[    0.263757] EISA bus registered
[    0.263759] cpuidle: using governor ladder
[    0.263759] cpuidle: using governor menu
[    0.263795] ACPI: bus type PCI registered
[    0.263796] acpiphp: ACPI Hot Plug PCI Controller Driver version: 0.5
[    0.263901] PCI: Using configuration type 1 for base access
[    0.264379] audit: type=2000 audit(1768394767.920:1): state=initialized audit_enabled=0 res=1
[    0.264458] HugeTLB registered 2.00 MiB page size, pre-allocated 0 pages
[    0.265268] ACPI: Added _OSI(Module Device)
[    0.265268] ACPI: Added _OSI(Processor Device)
[    0.265269] ACPI: Added _OSI(3.0 _SCP Extensions)
[    0.265270] ACPI: Added _OSI(Processor Aggregator Device)
[    0.265271] ACPI: Added _OSI(Linux-Dell-Video)
[    0.265272] ACPI: Added _OSI(Linux-Lenovo-NV-HDMI-Audio)
[    0.265272] ACPI: Added _OSI(Linux-HPI-Hybrid-Graphics)
[    0.267212] ACPI: 2 ACPI AML tables successfully acquired and loaded
[    0.268744] ACPI: Interpreter enabled
[    0.268753] ACPI: (supports S0 S5)
[    0.268755] ACPI: Using IOAPIC for interrupt routing
[    0.268959] PCI: Using host bridge windows from ACPI; if necessary, use "pci=nocrs" and report a bug
[    0.269065] ACPI: Enabled 2 GPEs in block 00 to 07
[    0.274199] ACPI: PCI Root Bridge [PCI0] (domain 0000 [bus 00-ff])
[    0.274204] acpi PNP0A03:00: _OSC: OS supports [ASPM ClockPM Segments MSI HPX-Type3]
[    0.274651] acpi PNP0A03:00: _OSC: not requesting OS control; OS requires [ExtendedConfig ASPM ClockPM MSI]
[    0.274659] acpi PNP0A03:00: fail to add MMCONFIG information, can't access extended PCI configuration space under this bridge.
[    0.275036] PCI host bridge to bus 0000:00
[    0.275038] pci_bus 0000:00: root bus resource [io  0x0000-0x0cf7 window]
[    0.275039] pci_bus 0000:00: root bus resource [io  0x0d00-0xffff window]
[    0.275041] pci_bus 0000:00: root bus resource [mem 0x000a0000-0x000bffff window]
[    0.275042] pci_bus 0000:00: root bus resource [mem 0x80000000-0xfdffffff window]
[    0.275043] pci_bus 0000:00: root bus resource [bus 00-ff]
[    0.275082] pci 0000:00:00.0: [8086:1237] type 00 class 0x060000
[    0.276043] pci 0000:00:01.0: [8086:7000] type 00 class 0x060100
[    0.276878] pci 0000:00:01.1: [8086:7111] type 00 class 0x01018a
[    0.277334] pci 0000:00:01.1: reg 0x20: [io  0xd000-0xd00f]
[    0.277517] pci 0000:00:01.1: legacy IDE quirk: reg 0x10: [io  0x01f0-0x01f7]
[    0.277518] pci 0000:00:01.1: legacy IDE quirk: reg 0x14: [io  0x03f6]
[    0.277520] pci 0000:00:01.1: legacy IDE quirk: reg 0x18: [io  0x0170-0x0177]
[    0.277522] pci 0000:00:01.1: legacy IDE quirk: reg 0x1c: [io  0x0376]
[    0.278135] pci 0000:00:02.0: [15ad:0405] type 00 class 0x030000
[    0.280058] pci 0000:00:02.0: reg 0x10: [io  0xd010-0xd01f]
[    0.280131] pci 0000:00:02.0: reg 0x14: [mem 0xe0000000-0xe7ffffff pref]
[    0.282679] pci 0000:00:02.0: reg 0x18: [mem 0xf0000000-0xf01fffff]
[    0.292827] pci 0000:00:03.0: [1022:2000] type 00 class 0x020000
[    0.293500] pci 0000:00:03.0: reg 0x10: [io  0xd020-0xd03f]
[    0.294107] pci 0000:00:03.0: reg 0x14: [mem 0xf0200000-0xf0200fff]
[    0.298564] pci 0000:00:04.0: [80ee:cafe] type 00 class 0x088000
[    0.299233] pci 0000:00:04.0: reg 0x10: [io  0xd040-0xd05f]
[    0.299848] pci 0000:00:04.0: reg 0x14: [mem 0xf0400000-0xf07fffff]
[    0.300176] pci 0000:00:04.0: reg 0x18: [mem 0xf0800000-0xf0803fff pref]
[    0.303905] pci 0000:00:07.0: [8086:7113] type 00 class 0x068000
[    0.304526] pci 0000:00:07.0: quirk: [io  0x4000-0x403f] claimed by PIIX4 ACPI
[    0.304540] pci 0000:00:07.0: quirk: [io  0x4100-0x410f] claimed by PIIX4 SMB
[    0.305162] pci 0000:00:08.0: [8086:100e] type 00 class 0x020000
[    0.305878] pci 0000:00:08.0: reg 0x10: [mem 0xf0820000-0xf083ffff]
[    0.307205] pci 0000:00:08.0: reg 0x18: [io  0xd060-0xd067]
[    0.311268] pci 0000:00:09.0: [8086:100e] type 00 class 0x020000
[    0.311991] pci 0000:00:09.0: reg 0x10: [mem 0xf0840000-0xf085ffff]
[    0.312732] pci 0000:00:09.0: reg 0x18: [io  0xd068-0xd06f]
[    0.324083] ACPI: PCI Interrupt Link [LNKA] (IRQs 5 9 10 *11)
[    0.324365] ACPI: PCI Interrupt Link [LNKB] (IRQs 5 9 *10 11)
[    0.324471] ACPI: PCI Interrupt Link [LNKC] (IRQs 5 *9 10 11)
[    0.324573] ACPI: PCI Interrupt Link [LNKD] (IRQs 5 9 10 *11)
[    0.324835] iommu: Default domain type: Translated 
[    0.324898] pci 0000:00:02.0: vgaarb: setting as boot VGA device
[    0.324899] pci 0000:00:02.0: vgaarb: VGA device added: decodes=io+mem,owns=io+mem,locks=none
[    0.324901] pci 0000:00:02.0: vgaarb: bridge control possible
[    0.324902] vgaarb: loaded
[    0.325114] SCSI subsystem initialized
[    0.325148] libata version 3.00 loaded.
[    0.325173] ACPI: bus type USB registered
[    0.325189] usbcore: registered new interface driver usbfs
[    0.325195] usbcore: registered new interface driver hub
[    0.325200] usbcore: registered new device driver usb
[    0.325228] pps_core: LinuxPPS API ver. 1 registered
[    0.325229] pps_core: Software ver. 5.3.6 - Copyright 2005-2007 Rodolfo Giometti <giometti@linux.it>
[    0.325231] PTP clock support registered
[    0.325265] EDAC MC: Ver: 3.0.0
[    0.325554] PCI: Using ACPI for IRQ routing
[    0.325555] PCI: pci_cache_line_size set to 64 bytes
[    0.325726] e820: reserve RAM buffer [mem 0x0009fc00-0x0009ffff]
[    0.325730] e820: reserve RAM buffer [mem 0x7fff0000-0x7fffffff]
[    0.326498] NetLabel: Initializing
[    0.326499] NetLabel:  domain hash size = 128
[    0.326499] NetLabel:  protocols = UNLABELED CIPSOv4 CALIPSO
[    0.326519] NetLabel:  unlabeled traffic allowed by default
[    0.327408] clocksource: Switched to clocksource kvm-clock
[    0.338835] *** VALIDATE bpf ***
[    0.338902] VFS: Disk quotas dquot_6.6.0
[    0.338914] VFS: Dquot-cache hash table entries: 512 (order 0, 4096 bytes)
[    0.338936] *** VALIDATE ramfs ***
[    0.338940] *** VALIDATE hugetlbfs ***
[    0.339022] AppArmor: AppArmor Filesystem Enabled
[    0.339047] pnp: PnP ACPI init
[    0.339110] pnp 00:00: Plug and Play ACPI device, IDs PNP0303 (active)
[    0.339196] pnp 00:01: Plug and Play ACPI device, IDs PNP0f03 (active)
[    0.339934] pnp: PnP ACPI: found 2 devices
[    0.340911] thermal_sys: Registered thermal governor 'fair_share'
[    0.340911] thermal_sys: Registered thermal governor 'bang_bang'
[    0.340912] thermal_sys: Registered thermal governor 'step_wise'
[    0.340912] thermal_sys: Registered thermal governor 'user_space'
[    0.340913] thermal_sys: Registered thermal governor 'power_allocator'
[    0.345426] clocksource: acpi_pm: mask: 0xffffff max_cycles: 0xffffff, max_idle_ns: 2085701024 ns
[    0.345467] pci_bus 0000:00: resource 4 [io  0x0000-0x0cf7 window]
[    0.345468] pci_bus 0000:00: resource 5 [io  0x0d00-0xffff window]
[    0.345470] pci_bus 0000:00: resource 6 [mem 0x000a0000-0x000bffff window]
[    0.345471] pci_bus 0000:00: resource 7 [mem 0x80000000-0xfdffffff window]
[    0.345528] NET: Registered protocol family 2
[    0.345601] IP idents hash table entries: 32768 (order: 6, 262144 bytes, linear)
[    0.346003] MPTCP tokens hash table entries: 8192 (order: 4, 65536 bytes, linear)
[    0.346023] MPTCP request tokens hash table entries: 8192 (order: 4, 65536 bytes, linear)
[    0.346048] default registered
[    0.346048] default registered
[    0.346048] MPTCP: Stable release v0.96
[    0.346054] tcp_listen_portaddr_hash hash table entries: 1024 (order: 2, 16384 bytes, linear)
[    0.346133] TCP established hash table entries: 16384 (order: 5, 131072 bytes, linear)
[    0.346197] TCP bind hash table entries: 16384 (order: 6, 262144 bytes, linear)
[    0.346222] TCP: Hash tables configured (established 16384 bind 16384)
[    0.346922] UDP hash table entries: 1024 (order: 3, 32768 bytes, linear)
[    0.346933] UDP-Lite hash table entries: 1024 (order: 3, 32768 bytes, linear)
[    0.346967] NET: Registered protocol family 1
[    0.346976] NET: Registered protocol family 44
[    0.346996] pci 0000:00:00.0: Limiting direct PCI/PCI transfers
[    0.347012] pci 0000:00:01.0: Activating ISA DMA hang workarounds
[    0.347068] pci 0000:00:02.0: Video device with shadowed ROM at [mem 0x000c0000-0x000dffff]
[    0.347133] PCI: CLS 0 bytes, default 64
[    0.347227] Trying to unpack rootfs image as initramfs...
[    0.519864] Freeing initrd memory: 47868K
[    0.519864] clocksource: tsc: mask: 0xffffffffffffffff max_cycles: 0x1e4530a99b6, max_idle_ns: 440795257976 ns
[    0.519864] clocksource: Switched to clocksource tsc
[    0.519864] platform rtc_cmos: registered platform RTC device (no PNP device found)
[    0.519864] check: Scanning for low memory corruption every 60 seconds
[    0.519864] Initialise system trusted keyrings
[    0.519864] Key type blacklist registered
[    0.519864] workingset: timestamp_bits=36 max_order=19 bucket_order=0
[    0.519864] zbud: loaded
[    0.519864] squashfs: version 4.0 (2009/01/31) Phillip Lougher
[    0.519864] fuse: init (API version 7.31)
[    0.519864] *** VALIDATE fuse ***
[    0.519864] *** VALIDATE fuse ***
[    0.519864] Platform Keyring initialized
[    0.519864] Key type asymmetric registered
[    0.519864] Asymmetric key parser 'x509' registered
[    0.519864] Block layer SCSI generic (bsg) driver version 0.4 loaded (major 244)
[    0.519864] io scheduler mq-deadline registered
[    0.519864] shpchp: Standard Hot Plug PCI Controller Driver version: 0.4
[    0.533766] ACPI: AC Adapter [AC] (on-line)
[    0.533812] input: Power Button as /devices/LNXSYSTM:00/LNXPWRBN:00/input/input0
[    0.533839] ACPI: Power Button [PWRF]
[    0.533921] input: Sleep Button as /devices/LNXSYSTM:00/LNXSLPBN:00/input/input1
[    0.533935] ACPI: Sleep Button [SLPF]
[    0.534160] Serial: 8250/16550 driver, 32 ports, IRQ sharing enabled
[    0.535321] Linux agpgart interface v0.103
[    0.631148] loop: module loaded
[    0.631288] ata_piix 0000:00:01.1: version 2.13
[    0.631682] scsi host0: ata_piix
[    0.631770] scsi host1: ata_piix
[    0.631796] ata1: PATA max UDMA/33 cmd 0x1f0 ctl 0x3f6 bmdma 0xd000 irq 14
[    0.631797] ata2: PATA max UDMA/33 cmd 0x170 ctl 0x376 bmdma 0xd008 irq 15
[    0.631874] tun: Universal TUN/TAP device driver, 1.6
[    0.632174] PPP generic driver version 2.4.2
[    0.632214] VFIO - User Level meta-driver version: 0.3
[    0.632449] ehci_hcd: USB 2.0 'Enhanced' Host Controller (EHCI) Driver
[    0.632454] ehci-pci: EHCI PCI platform driver
[    0.632467] ehci-platform: EHCI generic platform driver
[    0.632473] ohci_hcd: USB 1.1 'Open' Host Controller (OHCI) Driver
[    0.632474] ohci-pci: OHCI PCI platform driver
[    0.632481] ohci-platform: OHCI generic platform driver
[    0.632486] uhci_hcd: USB Universal Host Controller Interface driver
[    0.632551] i8042: PNP: PS/2 Controller [PNP0303:PS2K,PNP0f03:PS2M] at 0x60,0x64 irq 1,12
[    0.632992] serio: i8042 KBD port at 0x60,0x64 irq 1
[    0.632996] serio: i8042 AUX port at 0x60,0x64 irq 12
[    0.633080] mousedev: PS/2 mouse device common for all mice
[    0.633328] input: AT Translated Set 2 keyboard as /devices/platform/i8042/serio0/input/input2
[    0.633725] rtc_cmos rtc_cmos: registered as rtc0
[    0.633738] rtc_cmos rtc_cmos: alarms up to one day, 114 bytes nvram
[    0.633743] i2c /dev entries driver
[    0.633785] device-mapper: uevent: version 1.0.3
[    0.633826] device-mapper: ioctl: 4.41.0-ioctl (2019-09-16) initialised: dm-devel@redhat.com
[    0.633842] platform eisa.0: Probing EISA bus 0
[    0.633844] platform eisa.0: EISA: Cannot allocate resource for mainboard
[    0.633845] platform eisa.0: Cannot allocate resource for EISA slot 1
[    0.633846] platform eisa.0: Cannot allocate resource for EISA slot 2
[    0.633847] platform eisa.0: Cannot allocate resource for EISA slot 3
[    0.633848] platform eisa.0: Cannot allocate resource for EISA slot 4
[    0.633849] platform eisa.0: Cannot allocate resource for EISA slot 5
[    0.633850] platform eisa.0: Cannot allocate resource for EISA slot 6
[    0.633851] platform eisa.0: Cannot allocate resource for EISA slot 7
[    0.633851] platform eisa.0: Cannot allocate resource for EISA slot 8
[    0.633852] platform eisa.0: EISA: Detected 0 cards
[    0.633855] intel_pstate: CPU model not supported
[    0.633863] ledtrig-cpu: registered to indicate activity on CPUs
[    0.633916] drop_monitor: Initializing network drop monitor service
[    0.634073] NET: Registered protocol family 10
[    0.639106] Segment Routing with IPv6
[    0.639136] fullmesh registered
[    0.639137] ndiffports registered
[    0.639139] binder registered
[    0.639140] roundrobin registered
[    0.639140] redundant registered
[    0.639141] blest registered
[    0.639142] ecf registered
[    0.639143] NET: Registered protocol family 17
[    0.639173] Key type dns_resolver registered
[    0.639265] RAS: Correctable Errors collector initialized.
[    0.639265] IPI shorthand broadcast: enabled
[    0.639265] sched_clock: Marking stable (624156919, 11108540)->(641642690, -6377231)
[    0.639342] registered taskstats version 1
[    0.639351] Loading compiled-in X.509 certificates
[    0.639939] Loaded X.509 cert 'Build time autogenerated kernel key: 6909f3744cebb3d0de528d5887b96a727de79b1e'
[    0.639956] zswap: loaded using pool lzo/zbud
[    0.640008] Key type ._fscrypt registered
[    0.640009] Key type .fscrypt registered
[    0.644442] Key type big_key registered
[    0.646610] Key type encrypted registered
[    0.646613] AppArmor: AppArmor sha1 policy hashing enabled
[    0.646620] ima: No TPM chip found, activating TPM-bypass!
[    0.646623] ima: Allocated hash algorithm: sha1
[    0.646629] ima: No architecture policies found
[    0.646638] evm: Initialising EVM extended attributes:
[    0.646638] evm: security.selinux
[    0.646639] evm: security.SMACK64
[    0.646639] evm: security.SMACK64EXEC
[    0.646639] evm: security.SMACK64TRANSMUTE
[    0.646640] evm: security.SMACK64MMAP
[    0.646640] evm: security.apparmor
[    0.646641] evm: security.ima
[    0.646641] evm: security.capability
[    0.646642] evm: HMAC attrs: 0x1
[    0.646931] PM:   Magic number: 10:379:801
[    0.646958] acpi PNP0F03:00: hash matches
[    0.647029] rtc_cmos rtc_cmos: setting system clock to 2026-01-14T20:46:02 UTC (1768423562)
[    0.804059] ata1.00: ATA-6: VBOX HARDDISK, 1.0, max UDMA/133
[    0.804063] ata1.00: 209715200 sectors, multi 128: LBA 
[    0.804715] scsi 0:0:0:0: Direct-Access     ATA      VBOX HARDDISK    1.0  PQ: 0 ANSI: 5
[    0.804996] sd 0:0:0:0: [sda] 209715200 512-byte logical blocks: (107 GB/100 GiB)
[    0.805007] sd 0:0:0:0: [sda] Write Protect is off
[    0.805010] sd 0:0:0:0: [sda] Mode Sense: 00 3a 00 00
[    0.805029] sd 0:0:0:0: [sda] Write cache: enabled, read cache: enabled, doesn't support DPO or FUA
[    0.805340] sd 0:0:0:0: Attached scsi generic sg0 type 0
[    0.806556]  sda: sda1 sda2
[    0.815454] sd 0:0:0:0: [sda] Attached SCSI disk
[    0.820711] Freeing unused decrypted memory: 2040K
[    0.822058] Freeing unused kernel image memory: 2728K
[    0.822063] Write protecting the kernel read-only data: 22528k
[    0.823547] Freeing unused kernel image memory: 2036K
[    0.824331] Freeing unused kernel image memory: 1432K
[    0.860110] x86/mm: Checked W+X mappings: passed, no W+X pages found.
[    0.860116] Run /init as init process
[    0.967442] ACPI: Video Device [GFX0] (multi-head: yes  rom: no  post: no)
[    0.967514] input: Video Bus as /devices/LNXSYSTM:00/LNXSYBUS:00/PNP0A03:00/LNXVIDEO:00/input/input4
[    0.978825] pcnet32: pcnet32.c:v1.35 21.Apr.2008 tsbogend@alpha.franken.de
[    0.980484] piix4_smbus 0000:00:07.0: SMBus Host Controller at 0x4100, revision 0
[    0.982965] e1000: Intel(R) PRO/1000 Network Driver - version 7.3.21-k8-NAPI
[    0.982966] e1000: Copyright (c) 1999-2006 Intel Corporation.
[    0.995989] pcnet32: PCnet/FAST III 79C973 at 0xd020, 08:00:27:a4:eb:d1 assigned IRQ 19
[    0.996032] pcnet32: Found PHY 0022:561b at address 0
[    0.996330] pcnet32: eth0: registered as PCnet/FAST III 79C973
[    0.996648] pcnet32: 1 cards_found
[    1.060093] pcnet32 0000:00:03.0 enp0s3: renamed from eth0
[    1.204761] input: ImExPS/2 Generic Explorer Mouse as /devices/platform/i8042/serio1/input/input5
[    1.395444] e1000 0000:00:08.0 eth0: (PCI:33MHz:32-bit) 08:00:27:db:bb:35
[    1.395448] e1000 0000:00:08.0 eth0: Intel(R) PRO/1000 Network Connection
[    1.767438] e1000 0000:00:09.0 eth1: (PCI:33MHz:32-bit) 08:00:27:e5:16:7c
[    1.767441] e1000 0000:00:09.0 eth1: Intel(R) PRO/1000 Network Connection
[    1.768584] e1000 0000:00:09.0 enp0s9: renamed from eth1
[    1.770363] e1000 0000:00:08.0 enp0s8: renamed from eth0
[    1.919122] EXT4-fs (sda2): mounted filesystem with ordered data mode. Opts: (null)
[    2.009097] systemd[1]: Inserted module 'autofs4'
[    2.020288] systemd[1]: systemd 245.4-4ubuntu3 running in system mode. (+PAM +AUDIT +SELINUX +IMA +APPARMOR +SMACK +SYSVINIT +UTMP +LIBCRYPTSETUP +GCRYPT +GNUTLS +ACL +XZ +LZ4 +SECCOMP +BLKID +ELFUTILS +KMOD +IDN2 -IDN +PCRE2 default-hierarchy=hybrid)
[    2.020318] systemd[1]: Detected virtualization oracle.
[    2.020321] systemd[1]: Detected architecture x86-64.
[    2.021601] systemd[1]: Set hostname to <ztg>.
[    2.146565] systemd[1]: /lib/systemd/system/dbus.socket:5: ListenStream= references a path below legacy directory /var/run/, updating /var/run/dbus/system_bus_socket â†’ /run/dbus/system_bus_socket; please update the unit file accordingly.
[    2.198715] systemd[1]: Created slice system-modprobe.slice.
[    2.198897] systemd[1]: Created slice User and Session Slice.
[    2.198942] systemd[1]: Started Forward Password Requests to Wall Directory Watch.
[    2.199102] systemd[1]: Set up automount Arbitrary Executable File Formats File System Automount Point.
[    2.199192] systemd[1]: Reached target User and Group Name Lookups.
[    2.199202] systemd[1]: Reached target Remote File Systems.
[    2.199210] systemd[1]: Reached target Slices.
[    2.199748] systemd[1]: Listening on Syslog Socket.
[    2.199812] systemd[1]: Listening on fsck to fsckd communication Socket.
[    2.199850] systemd[1]: Listening on initctl Compatibility Named Pipe.
[    2.199984] systemd[1]: Listening on Journal Audit Socket.
[    2.200036] systemd[1]: Listening on Journal Socket (/dev/log).
[    2.200103] systemd[1]: Listening on Journal Socket.
[    2.200166] systemd[1]: Listening on udev Control Socket.
[    2.200204] systemd[1]: Listening on udev Kernel Socket.
[    2.200953] systemd[1]: Mounting Huge Pages File System...
[    2.201840] systemd[1]: Mounting POSIX Message Queue File System...
[    2.202724] systemd[1]: Mounting Kernel Debug File System...
[    2.203606] systemd[1]: Mounting Kernel Trace File System...
[    2.205538] systemd[1]: Starting Journal Service...
[    2.230135] systemd[1]: Starting Set the console keyboard layout...
[    2.235434] systemd[1]: Starting Create list of static device nodes for the current kernel...
[    2.240363] systemd[1]: Starting Load Kernel Module drm...
[    2.244849] systemd[1]: Condition check resulted in Set Up Additional Binary Formats being skipped.
[    2.244881] systemd[1]: Condition check resulted in File System Check on Root Device being skipped.
[    2.249333] systemd[1]: Starting Load Kernel Modules...
[    2.250049] systemd[1]: Starting Remount Root and Kernel File Systems...
[    2.250779] systemd[1]: Starting udev Coldplug all Devices...
[    2.289730] systemd[1]: Starting Uncomplicated firewall...
[    2.291246] systemd[1]: Mounted Huge Pages File System.
[    2.291337] systemd[1]: Mounted POSIX Message Queue File System.
[    2.291412] systemd[1]: Mounted Kernel Debug File System.
[    2.291481] systemd[1]: Mounted Kernel Trace File System.
[    2.307515] EXT4-fs (sda2): re-mounted. Opts: errors=remount-ro
[    2.313481] systemd[1]: Finished Create list of static device nodes for the current kernel.
[    2.314560] systemd[1]: modprobe@drm.service: Succeeded.
[    2.322897] systemd[1]: Finished Load Kernel Module drm.
[    2.323289] systemd[1]: Finished Remount Root and Kernel File Systems.
[    2.324596] systemd[1]: Finished Uncomplicated firewall.
[    2.340022] systemd[1]: Condition check resulted in Rebuild Hardware Database being skipped.
[    2.340062] systemd[1]: Condition check resulted in Platform Persistent Storage Archival being skipped.
[    2.340766] systemd[1]: Starting Load/Save Random Seed...
[    2.342636] lp: driver loaded but no devices found
[    2.348155] systemd[1]: Starting Create System Users...
[    2.357950] systemd[1]: Finished Load/Save Random Seed.
[    2.359909] ppdev: user-space parallel port driver
[    2.365577] systemd[1]: Finished Create System Users.
[    2.366383] systemd[1]: Starting Create Static Device Nodes in /dev...
[    2.416458] systemd[1]: Finished Create Static Device Nodes in /dev.
[    2.417360] systemd[1]: Starting udev Kernel Device Manager...
[    2.440740] systemd[1]: Finished udev Coldplug all Devices.
[    2.444269] [drm] DMA map mode: Caching DMA mappings.
[    2.444332] [drm] Capabilities:
[    2.444333] [drm]   Rect copy.
[    2.444333] [drm]   Cursor.
[    2.444334] [drm]   Cursor bypass.
[    2.444334] [drm]   Cursor bypass 2.
[    2.444334] [drm]   Alpha cursor.
[    2.444335] [drm]   Extended Fifo.
[    2.444335] [drm]   Pitchlock.
[    2.444335] [drm]   Irq mask.
[    2.444336] [drm]   GMR.
[    2.444336] [drm]   Traces.
[    2.444336] [drm]   GMR2.
[    2.444337] [drm]   Screen Object 2.
[    2.444337] [drm]   Command Buffers.
[    2.444337] [drm]   Command Buffers 2.
[    2.444338] [drm]   Guest Backed Resources.
[    2.444339] [drm] Max GMR ids is 8192
[    2.444339] [drm] Max number of GMR pages is 1048576
[    2.444340] [drm] Max dedicated hypervisor surface memory is 393216 kiB
[    2.444340] [drm] Maximum display memory size is 131072 kiB
[    2.444341] [drm] VRAM at 0xe0000000 size is 131072 kiB
[    2.444342] [drm] MMIO at 0xf0000000 size is 2048 kiB
[    2.444851] [TTM] Zone  kernel: Available graphics memory: 1011738 KiB
[    2.444852] [TTM] Initializing pool allocator
[    2.444855] [TTM] Initializing DMA pool allocator
[    2.444886] [drm] Supports vblank timestamp caching Rev 2 (21.10.2013).
[    2.444886] [drm] No driver support for vblank timestamp query.
[    2.445351] [drm] Screen Target Display device initialized
[    2.445540] [drm] width 720
[    2.445549] [drm] height 400
[    2.445552] [drm] bpp 32
[    2.446072] [drm] Fifo max 0x00200000 min 0x00001000 cap 0x00000355
[    2.447153] [drm] Using command buffers with DMA pool.
[    2.447156] [drm] DX: no.
[    2.447157] [drm] Atomic: yes.
[    2.447157] [drm] SM4_1: no.
[    2.447177] [drm:vmw_host_log [vmwgfx]] *ERROR* Failed to send host log message.
[    2.467498] [drm:vmw_host_log [vmwgfx]] *ERROR* Failed to send host log message.
[    2.498840] fbcon: svgadrmfb (fb0) is primary device
[    2.502146] Console: switching to colour frame buffer device 100x37
[    2.507591] [drm] Initialized vmwgfx 2.15.0 20180704 for 0000:00:02.0 on minor 0
[    2.509702] systemd[1]: Finished Load Kernel Modules.
[    2.510598] systemd[1]: Mounting FUSE Control File System...
[    2.512517] systemd[1]: Mounting Kernel Configuration File System...
[    2.523088] systemd[1]: Starting Apply Kernel Variables...
[    2.528378] systemd[1]: Mounted FUSE Control File System.
[    2.528461] systemd[1]: Condition check resulted in VMware vmblock fuse mount being skipped.
[    2.532161] systemd[1]: Finished Set the console keyboard layout.
[    2.532732] systemd[1]: Mounted Kernel Configuration File System.
[    2.532797] systemd[1]: Reached target Local File Systems (Pre).
[    2.544905] systemd[1]: Mounting Mount unit for bare, revision 5...
[    2.548562] systemd[1]: Mounting Mount unit for core18, revision 1705...
[    2.551932] systemd[1]: Mounting Mount unit for gnome-3-34-1804, revision 24...
[    2.578762] systemd[1]: Mounting Mount unit for gtk-common-themes, revision 1506...
[    2.581065] systemd[1]: Mounting Mount unit for gtk-common-themes, revision 1535...
[    2.586580] systemd[1]: Mounting Mount unit for snap-store, revision 433...
[    2.596460] systemd[1]: Mounting Mount unit for snapd, revision 7264...
[    2.601841] systemd[1]: Finished Apply Kernel Variables.
[    2.611743] systemd[1]: Mounted Mount unit for bare, revision 5.
[    2.611835] systemd[1]: Mounted Mount unit for core18, revision 1705.
[    2.611910] systemd[1]: Mounted Mount unit for gnome-3-34-1804, revision 24.
[    2.621334] systemd[1]: Mounted Mount unit for gtk-common-themes, revision 1506.
[    2.622557] systemd[1]: Started udev Kernel Device Manager.
[    2.624132] systemd[1]: Starting Show Plymouth Boot Screen...
[    2.628446] systemd[1]: Received SIGRTMIN+20 from PID 275 (plymouthd).
[    2.651151] systemd[1]: Started Show Plymouth Boot Screen.
[    2.651300] systemd[1]: Condition check resulted in Dispatch Password Requests to Console Directory Watch being skipped.
[    2.651394] systemd[1]: Started Forward Password Requests to Plymouth Directory Watch.
[    2.651427] systemd[1]: Reached target Local Encrypted Volumes.
[    2.711188] systemd[1]: Mounted Mount unit for gtk-common-themes, revision 1535.
[    2.711446] systemd[1]: Mounted Mount unit for snap-store, revision 433.
[    2.711624] systemd[1]: Mounted Mount unit for snapd, revision 7264.
[    2.711772] systemd[1]: Reached target Local File Systems.
[    2.714323] systemd[1]: Starting Load AppArmor profiles...
[    2.715234] systemd[1]: Starting Set console font and keymap...
[    2.729591] systemd[1]: Starting Tell Plymouth To Write Out Runtime Data...
[    2.729720] systemd[1]: Condition check resulted in Store a System Token in an EFI Variable being skipped.
[    2.729760] systemd[1]: Condition check resulted in Commit a transient machine-id on disk being skipped.
[    2.733545] systemd[1]: Finished Set console font and keymap.
[    2.742525] systemd[1]: Received SIGRTMIN+20 from PID 275 (plymouthd).
[    2.743907] systemd[1]: plymouth-read-write.service: Succeeded.
[    2.744143] systemd[1]: Finished Tell Plymouth To Write Out Runtime Data.
[    2.773310] audit: type=1400 audit(1768423564.624:2): apparmor="STATUS" operation="profile_load" profile="unconfined" name="nvidia_modprobe" pid=300 comm="apparmor_parser"
[    2.773312] audit: type=1400 audit(1768423564.624:3): apparmor="STATUS" operation="profile_load" profile="unconfined" name="nvidia_modprobe//kmod" pid=300 comm="apparmor_parser"
[    2.779815] audit: type=1400 audit(1768423564.632:4): apparmor="STATUS" operation="profile_load" profile="unconfined" name="/usr/sbin/tcpdump" pid=301 comm="apparmor_parser"
[    2.822292] audit: type=1400 audit(1768423564.664:5): apparmor="STATUS" operation="profile_load" profile="unconfined" name="/usr/bin/evince" pid=303 comm="apparmor_parser"
[    2.822294] audit: type=1400 audit(1768423564.664:6): apparmor="STATUS" operation="profile_load" profile="unconfined" name="/usr/bin/evince//sanitized_helper" pid=303 comm="apparmor_parser"
[    2.822295] audit: type=1400 audit(1768423564.664:7): apparmor="STATUS" operation="profile_load" profile="unconfined" name="/usr/bin/evince-previewer" pid=303 comm="apparmor_parser"
[    2.822297] audit: type=1400 audit(1768423564.664:8): apparmor="STATUS" operation="profile_load" profile="unconfined" name="/usr/bin/evince-previewer//sanitized_helper" pid=303 comm="apparmor_parser"
[    2.822299] audit: type=1400 audit(1768423564.664:9): apparmor="STATUS" operation="profile_load" profile="unconfined" name="/usr/bin/evince-thumbnailer" pid=303 comm="apparmor_parser"
[    2.852341] audit: type=1400 audit(1768423564.704:10): apparmor="STATUS" operation="profile_load" profile="unconfined" name="/usr/lib/cups/backend/cups-pdf" pid=304 comm="apparmor_parser"
[    2.915380] systemd[1]: Finished Load AppArmor profiles.
[    2.916315] systemd[1]: Starting Load AppArmor profiles managed internally by snapd...
[    2.989285] systemd[1]: Finished Load AppArmor profiles managed internally by snapd.
[    3.175010] systemd[1]: Started Journal Service.
[    3.184643] systemd-journald[229]: Received client request to flush runtime journal.
[    3.187747] systemd-journald[229]: File /var/log/journal/c455b248004a419c87ce85eea238d727/system.journal corrupted or uncleanly shut down, renaming and replacing.
[    4.451426] RAPL PMU: API unit is 2^-32 Joules, 0 fixed counters, 10737418240 ms ovfl timer
[    4.519281] cryptd: max_cpu_qlen set to 1000
[    4.567313] AVX2 version of gcm_enc/dec engaged.
[    4.567314] AES CTR mode by8 optimization enabled
[    5.324789] Adding 1998844k swap on /dev/sda1.  Priority:-2 extents:1 across:1998844k FS
[    6.629634] kauditd_printk_skb: 30 callbacks suppressed
[    6.629635] audit: type=1400 audit(1768423568.476:41): apparmor="DENIED" operation="capable" profile="/usr/sbin/cups-browsed" pid=496 comm="cups-browsed" capability=23  capname="sys_nice"
[    7.428618] pcnet32 0000:00:03.0 enp0s3: link up, 100Mbps, full-duplex
[    7.463602] e1000: enp0s8 NIC Link is Up 1000 Mbps Full Duplex, Flow Control: RX
[    7.463904] IPv6: ADDRCONF(NETDEV_CHANGE): enp0s8: link becomes ready
[    7.474535] e1000: enp0s9 NIC Link is Up 1000 Mbps Full Duplex, Flow Control: RX
[    7.474828] IPv6: ADDRCONF(NETDEV_CHANGE): enp0s9: link becomes ready
[    7.984619] device enp0s3 entered promiscuous mode
[    8.007887] audit: type=1400 audit(1768423569.856:42): apparmor="DENIED" operation="open" profile="/usr/sbin/tcpdump" name="/proc/sys/kernel/random/boot_id" pid=682 comm="tcpdump" requested_mask="r" denied_mask="r" fsuid=0 ouid=0
[    8.008120] audit: type=1400 audit(1768423569.856:43): apparmor="DENIED" operation="open" profile="/usr/sbin/tcpdump" name="/proc/sys/kernel/random/boot_id" pid=682 comm="tcpdump" requested_mask="r" denied_mask="r" fsuid=0 ouid=0
[    8.008170] audit: type=1400 audit(1768423569.856:44): apparmor="DENIED" operation="open" profile="/usr/sbin/tcpdump" name="/proc/sys/kernel/random/boot_id" pid=682 comm="tcpdump" requested_mask="r" denied_mask="r" fsuid=0 ouid=0
[    8.008314] audit: type=1400 audit(1768423569.856:45): apparmor="DENIED" operation="open" profile="/usr/sbin/tcpdump" name="/proc/sys/kernel/random/boot_id" pid=682 comm="tcpdump" requested_mask="r" denied_mask="r" fsuid=0 ouid=0
[    8.015178] audit: type=1400 audit(1768423569.860:46): apparmor="DENIED" operation="open" profile="/usr/sbin/tcpdump" name="/proc/sys/kernel/random/boot_id" pid=683 comm="tcpdump" requested_mask="r" denied_mask="r" fsuid=0 ouid=0
[    8.019310] audit: type=1400 audit(1768423569.860:47): apparmor="DENIED" operation="open" profile="/usr/sbin/tcpdump" name="/proc/sys/kernel/random/boot_id" pid=683 comm="tcpdump" requested_mask="r" denied_mask="r" fsuid=0 ouid=0
[    8.019452] audit: type=1400 audit(1768423569.860:48): apparmor="DENIED" operation="open" profile="/usr/sbin/tcpdump" name="/proc/sys/kernel/random/boot_id" pid=683 comm="tcpdump" requested_mask="r" denied_mask="r" fsuid=0 ouid=0
[    8.019647] audit: type=1400 audit(1768423569.860:49): apparmor="DENIED" operation="open" profile="/usr/sbin/tcpdump" name="/proc/sys/kernel/random/boot_id" pid=683 comm="tcpdump" requested_mask="r" denied_mask="r" fsuid=0 ouid=0
[   12.500893] rfkill: input handler disabled
[  210.840803] AAAAA-TCP_FORW: name:enp0s3: saddr:100932208: daddr:16783984
[  211.672554] AAAAA-TCP_FORW: name:enp0s3: saddr:16783984: daddr:100932208
[  211.717610] AAAAA-TCP_FORW: name:enp0s3: saddr:16783984: daddr:100932208
[  211.923299] AAAAA-TCP_FORW: name:enp0s3: saddr:16783984: daddr:100932208
[  212.247036] AAAAA-TCP_FORW: name:enp0s3: saddr:16783984: daddr:100932208
[  212.371631] AAAAA-TCP_FORW: name:enp0s3: saddr:16783984: daddr:100932208
[  212.424183] AAAAA-TCP_FORW: name:enp0s3: saddr:16783984: daddr:100932208
[  212.519517] AAAAA-TCP_FORW: name:enp0s3: saddr:100932208: daddr:16783984
[  212.763853] AAAAA-TCP_FORW: name:enp0s3: saddr:100932208: daddr:33561200
[  212.791787] AAAAA-TCP_FORW: name:enp0s3: saddr:100932208: daddr:16783984
[  212.804485] AAAAA-TCP_FORW: name:enp0s3: saddr:33561200: daddr:100932208
[  212.843391] AAAAA-TCP_FORW: name:enp0s3: saddr:100932208: daddr:16783984
[  212.938830] AAAAA-TCP_FORW: name:enp0s3: saddr:16783984: daddr:100932208
[  213.009752] AAAAA-TCP_FORW: name:enp0s3: saddr:100932208: daddr:33561200
[  213.127986] AAAAA-TCP_FORW: name:enp0s3: saddr:33561200: daddr:100932208
[  213.160878] AAAAA-TCP_FORW: name:enp0s3: saddr:100932208: daddr:16783984
[  213.277245] AAAAA-TCP_FORW: name:enp0s3: saddr:16783984: daddr:100932208
[  213.292741] AAAAA-TCP_FORW: name:enp0s3: saddr:33561200: daddr:100932208
[  213.468428] AAAAA-TCP_FORW: name:enp0s3: saddr:100932208: daddr:33561200
[  213.498405] AAAAA-TCP_FORW: name:enp0s3: saddr:100932208: daddr:16783984
[  213.562791] AAAAA-TCP_FORW: name:enp0s3: saddr:16783984: daddr:100932208
[  213.686090] AAAAA-TCP_FORW: name:enp0s3: saddr:100932208: daddr:16783984
[  213.694132] AAAAA-TCP_FORW: name:enp0s3: saddr:16783984: daddr:100932208
[  213.852923] AAAAA-TCP_FORW: name:enp0s3: saddr:100932208: daddr:16783984
[  213.928125] AAAAA-TCP_FORW: name:enp0s3: saddr:16783984: daddr:100932208
[  213.993933] AAAAA-TCP_FORW: name:enp0s3: saddr:33561200: daddr:100932208
[  214.117712] AAAAA-TCP_FORW: name:enp0s3: saddr:100932208: daddr:33561200
[  214.168839] AAAAA-TCP_FORW: name:enp0s3: saddr:33561200: daddr:100932208
[  214.272741] AAAAA-TCP_FORW: name:enp0s3: saddr:100932208: daddr:33561200
[  214.315580] AAAAA-TCP_FORW: name:enp0s3: saddr:100932208: daddr:33561200
[  214.347364] AAAAA-TCP_FORW: name:enp0s3: saddr:33561200: daddr:100932208
[  214.385938] AAAAA-TCP_FORW: name:enp0s3: saddr:33561200: daddr:100932208
[  214.476526] AAAAA-TCP_FORW: name:enp0s3: saddr:100932208: daddr:33561200
[  214.520883] AAAAA-TCP_FORW: name:enp0s3: saddr:100932208: daddr:16783984
[  214.570540] AAAAA-TCP_FORW: name:enp0s3: saddr:16783984: daddr:100932208
[  214.737054] AAAAA-TCP_FORW: name:enp0s3: saddr:100932208: daddr:16783984
[  214.744289] AAAAA-TCP_FORW: name:enp0s3: saddr:16783984: daddr:100932208
[  214.925086] AAAAA-TCP_FORW: name:enp0s3: saddr:100932208: daddr:16783984
[  214.940410] AAAAA-TCP_FORW: name:enp0s3: saddr:16783984: daddr:100932208
[  215.102980] AAAAA-TCP_FORW: name:enp0s3: saddr:100932208: daddr:16783984
[  215.111737] AAAAA-TCP_FORW: name:enp0s3: saddr:16783984: daddr:100932208
[  215.246767] AAAAA-TCP_FORW: name:enp0s3: saddr:100932208: daddr:16783984
[  215.254659] AAAAA-TCP_FORW: name:enp0s3: saddr:16783984: daddr:100932208
[  215.326264] AAAAA-TCP_FORW: name:enp0s3: saddr:100932208: daddr:16783984
[  215.346371] AAAAA-TCP_FORW: name:enp0s3: saddr:16783984: daddr:100932208
[  215.381404] AAAAA-TCP_FORW: name:enp0s3: saddr:100932208: daddr:16783984
[  215.431669] AAAAA-TCP_FORW: name:enp0s3: saddr:16783984: daddr:100932208
[  215.454374] AAAAA-TCP_FORW: name:enp0s3: saddr:100932208: daddr:16783984
[  215.616035] AAAAA-TCP_FORW: name:enp0s3: saddr:16783984: daddr:100932208
[  215.639445] AAAAA-TCP_FORW: name:enp0s3: saddr:100932208: daddr:16783984
[  215.662463] AAAAA-TCP_FORW: name:enp0s3: saddr:100932208: daddr:16783984
[  215.733054] AAAAA-TCP_FORW: name:enp0s3: saddr:100932208: daddr:33561200
[  215.753114] AAAAA-TCP_FORW: name:enp0s3: saddr:16783984: daddr:100932208
[  215.813299] AAAAA-TCP_FORW: name:enp0s3: saddr:16783984: daddr:100932208
[  215.824235] AAAAA-TCP_FORW: name:enp0s3: saddr:100932208: daddr:33561200
[  215.865209] AAAAA-TCP_FORW: name:enp0s3: saddr:100932208: daddr:33561200
[  215.882831] AAAAA-TCP_FORW: name:enp0s3: saddr:33561200: daddr:100932208
[  215.964747] AAAAA-TCP_FORW: name:enp0s3: saddr:100932208: daddr:33561200
[  215.985784] AAAAA-TCP_FORW: name:enp0s3: saddr:33561200: daddr:100932208
[  216.016111] AAAAA-TCP_FORW: name:enp0s3: saddr:100932208: daddr:33561200
[  216.023771] AAAAA-TCP_FORW: name:enp0s3: saddr:33561200: daddr:100932208
[  216.048103] AAAAA-TCP_FORW: name:enp0s3: saddr:100932208: daddr:33561200
[  216.121498] AAAAA-TCP_FORW: name:enp0s3: saddr:33561200: daddr:100932208
[  216.209348] AAAAA-TCP_FORW: name:enp0s3: saddr:33561200: daddr:100932208
[  216.226086] AAAAA-TCP_FORW: name:enp0s3: saddr:100932208: daddr:33561200
[  216.260907] AAAAA-TCP_FORW: name:enp0s3: saddr:100932208: daddr:33561200
[  216.293011] AAAAA-TCP_FORW: name:enp0s3: saddr:33561200: daddr:100932208
[  216.433212] AAAAA-TCP_FORW: name:enp0s3: saddr:100932208: daddr:33561200
[  216.475696] AAAAA-TCP_FORW: name:enp0s3: saddr:100932208: daddr:33561200
[  216.531038] AAAAA-TCP_FORW: name:enp0s3: saddr:33561200: daddr:100932208
[  216.546573] AAAAA-TCP_FORW: name:enp0s3: saddr:100932208: daddr:16783984
[  216.576667] AAAAA-TCP_FORW: name:enp0s3: saddr:33561200: daddr:100932208
[  216.645865] AAAAA-TCP_FORW: name:enp0s3: saddr:100932208: daddr:33561200
[  216.672585] AAAAA-TCP_FORW: name:enp0s3: saddr:33561200: daddr:100932208
[  216.722343] AAAAA-TCP_FORW: name:enp0s3: saddr:33561200: daddr:100932208
[  216.781705] AAAAA-TCP_FORW: name:enp0s3: saddr:100932208: daddr:16783984
[  216.802464] AAAAA-TCP_FORW: name:enp0s3: saddr:16783984: daddr:100932208
[  216.828915] AAAAA-TCP_FORW: name:enp0s3: saddr:100932208: daddr:16783984
[  216.867181] AAAAA-TCP_FORW: name:enp0s3: saddr:100932208: daddr:16783984
[  216.886542] AAAAA-TCP_FORW: name:enp0s3: saddr:33561200: daddr:100932208
[  216.962442] AAAAA-TCP_FORW: name:enp0s3: saddr:100932208: daddr:16783984
[  217.025456] AAAAA-TCP_FORW: name:enp0s3: saddr:100932208: daddr:16783984
[  217.047985] AAAAA-TCP_FORW: name:enp0s3: saddr:16783984: daddr:100932208
[  217.067528] AAAAA-TCP_FORW: name:enp0s3: saddr:100932208: daddr:16783984
[  217.130951] AAAAA-TCP_FORW: name:enp0s3: saddr:16783984: daddr:100932208
[  217.152556] AAAAA-TCP_FORW: name:enp0s3: saddr:100932208: daddr:33561200
[  217.190096] AAAAA-TCP_FORW: name:enp0s3: saddr:16783984: daddr:100932208
[  217.301907] AAAAA-TCP_FORW: name:enp0s3: saddr:16783984: daddr:100932208
[  217.386557] AAAAA-TCP_FORW: name:enp0s3: saddr:16783984: daddr:100932208
[  217.418598] AAAAA-TCP_FORW: name:enp0s3: saddr:100932208: daddr:16783984
[  217.443671] AAAAA-TCP_FORW: name:enp0s3: saddr:16783984: daddr:100932208
[  217.527049] AAAAA-TCP_FORW: name:enp0s3: saddr:100932208: daddr:16783984
[  217.537862] AAAAA-TCP_FORW: name:enp0s3: saddr:33561200: daddr:100932208
[  217.746714] AAAAA-TCP_FORW: name:enp0s3: saddr:16783984: daddr:100932208
[  217.773214] AAAAA-TCP_FORW: name:enp0s3: saddr:100932208: daddr:16783984
[  217.829592] AAAAA-TCP_FORW: name:enp0s3: saddr:16783984: daddr:100932208
[  217.870135] AAAAA-TCP_FORW: name:enp0s3: saddr:100932208: daddr:16783984
[  218.031115] AAAAA-TCP_FORW: name:enp0s3: saddr:100932208: daddr:16783984
[  218.056254] AAAAA-TCP_FORW: name:enp0s3: saddr:16783984: daddr:100932208
[  218.076444] AAAAA-TCP_FORW: name:enp0s3: saddr:100932208: daddr:16783984
[  218.114795] AAAAA-TCP_FORW: name:enp0s3: saddr:100932208: daddr:16783984
[  218.132085] AAAAA-TCP_FORW: name:enp0s3: saddr:16783984: daddr:100932208
[  218.214856] AAAAA-TCP_FORW: name:enp0s3: saddr:16783984: daddr:100932208
[  218.257663] AAAAA-TCP_FORW: name:enp0s3: saddr:100932208: daddr:16783984
[  218.308811] AAAAA-TCP_FORW: name:enp0s3: saddr:16783984: daddr:100932208
[  218.406689] AAAAA-TCP_FORW: name:enp0s3: saddr:16783984: daddr:100932208
[  218.471872] AAAAA-TCP_FORW: name:enp0s3: saddr:100932208: daddr:16783984
[  218.495223] AAAAA-TCP_FORW: name:enp0s3: saddr:100932208: daddr:16783984
[  218.507824] AAAAA-TCP_FORW: name:enp0s3: saddr:16783984: daddr:100932208
[  218.670515] AAAAA-TCP_FORW: name:enp0s3: saddr:16783984: daddr:100932208
[  218.740600] AAAAA-TCP_FORW: name:enp0s3: saddr:100932208: daddr:16783984
[  218.748038] AAAAA-TCP_FORW: name:enp0s3: saddr:16783984: daddr:100932208
[  218.830830] AAAAA-TCP_FORW: name:enp0s3: saddr:100932208: daddr:16783984
[  218.854164] AAAAA-TCP_FORW: name:enp0s3: saddr:16783984: daddr:100932208
[  218.873041] AAAAA-TCP_FORW: name:enp0s3: saddr:100932208: daddr:33561200
[  218.943510] AAAAA-TCP_FORW: name:enp0s3: saddr:33561200: daddr:100932208
[  218.986695] AAAAA-TCP_FORW: name:enp0s3: saddr:16783984: daddr:100932208
[  219.007062] AAAAA-TCP_FORW: name:enp0s3: saddr:100932208: daddr:16783984
[  219.073475] AAAAA-TCP_FORW: name:enp0s3: saddr:100932208: daddr:16783984
[  219.123246] AAAAA-TCP_FORW: name:enp0s3: saddr:16783984: daddr:100932208
[  219.155783] AAAAA-TCP_FORW: name:enp0s3: saddr:100932208: daddr:33561200
[  219.200993] AAAAA-TCP_FORW: name:enp0s3: saddr:100932208: daddr:33561200
[  219.216533] AAAAA-TCP_FORW: name:enp0s3: saddr:33561200: daddr:100932208
[  219.286852] AAAAA-TCP_FORW: name:enp0s3: saddr:33561200: daddr:100932208
[  219.358802] AAAAA-TCP_FORW: name:enp0s3: saddr:100932208: daddr:33561200
[  219.440707] AAAAA-TCP_FORW: name:enp0s3: saddr:33561200: daddr:100932208
[  219.501621] AAAAA-TCP_FORW: name:enp0s3: saddr:100932208: daddr:33561200
[  219.592940] AAAAA-TCP_FORW: name:enp0s3: saddr:100932208: daddr:33561200
[  219.614213] AAAAA-TCP_FORW: name:enp0s3: saddr:33561200: daddr:100932208
[  219.665325] AAAAA-TCP_FORW: name:enp0s3: saddr:33561200: daddr:100932208
[  219.752416] AAAAA-TCP_FORW: name:enp0s3: saddr:100932208: daddr:33561200
[  219.831386] AAAAA-TCP_FORW: name:enp0s3: saddr:100932208: daddr:33561200
[  219.959830] AAAAA-TCP_FORW: name:enp0s3: saddr:33561200: daddr:100932208
[  219.978327] AAAAA-TCP_FORW: name:enp0s3: saddr:100932208: daddr:33561200
[  220.077663] AAAAA-TCP_FORW: name:enp0s3: saddr:33561200: daddr:100932208
[  220.141198] AAAAA-TCP_FORW: name:enp0s3: saddr:100932208: daddr:33561200
[  220.245312] AAAAA-TCP_FORW: name:enp0s3: saddr:100932208: daddr:33561200
[  220.322638] AAAAA-TCP_FORW: name:enp0s3: saddr:33561200: daddr:100932208
[  220.395305] AAAAA-TCP_FORW: name:enp0s3: saddr:100932208: daddr:33561200
[  220.442973] AAAAA-TCP_FORW: name:enp0s3: saddr:100932208: daddr:33561200
[  220.521249] AAAAA-TCP_FORW: name:enp0s3: saddr:100932208: daddr:33561200
[  220.557654] AAAAA-TCP_FORW: name:enp0s3: saddr:100932208: daddr:33561200
[  220.565728] AAAAA-TCP_FORW: name:enp0s3: saddr:33561200: daddr:100932208
[  220.616211] AAAAA-TCP_FORW: name:enp0s3: saddr:100932208: daddr:33561200
[  220.639294] AAAAA-TCP_FORW: name:enp0s3: saddr:33561200: daddr:100932208
[  220.720663] AAAAA-TCP_FORW: name:enp0s3: saddr:100932208: daddr:33561200
[  220.773384] AAAAA-TCP_FORW: name:enp0s3: saddr:100932208: daddr:33561200
[  220.788555] AAAAA-TCP_FORW: name:enp0s3: saddr:33561200: daddr:100932208
[  220.811159] AAAAA-TCP_FORW: name:enp0s3: saddr:100932208: daddr:33561200
[  220.841954] AAAAA-TCP_FORW: name:enp0s3: saddr:33561200: daddr:100932208
[  220.905381] AAAAA-TCP_FORW: name:enp0s3: saddr:33561200: daddr:100932208
[  220.939755] AAAAA-TCP_FORW: name:enp0s3: saddr:33561200: daddr:100932208
[  220.976498] AAAAA-TCP_FORW: name:enp0s3: saddr:100932208: daddr:16783984
[  221.009564] AAAAA-TCP_FORW: name:enp0s3: saddr:33561200: daddr:100932208
[  221.030351] AAAAA-TCP_FORW: name:enp0s3: saddr:100932208: daddr:16783984
[  221.096759] AAAAA-TCP_FORW: name:enp0s3: saddr:33561200: daddr:100932208
[  221.111099] AAAAA-TCP_FORW: name:enp0s3: saddr:100932208: daddr:16783984
[  221.135743] AAAAA-TCP_FORW: name:enp0s3: saddr:33561200: daddr:100932208
[  221.152436] AAAAA-TCP_FORW: name:enp0s3: saddr:100932208: daddr:16783984
[  221.221009] AAAAA-TCP_FORW: name:enp0s3: saddr:33561200: daddr:100932208
[  221.280264] AAAAA-TCP_FORW: name:enp0s3: saddr:100932208: daddr:16783984
[  221.379599] AAAAA-TCP_FORW: name:enp0s3: saddr:100932208: daddr:16783984
[  221.406946] AAAAA-TCP_FORW: name:enp0s3: saddr:16783984: daddr:100932208
[  221.427672] AAAAA-TCP_FORW: name:enp0s3: saddr:100932208: daddr:16783984
[  221.509218] AAAAA-TCP_FORW: name:enp0s3: saddr:16783984: daddr:100932208
[  221.576365] AAAAA-TCP_FORW: name:enp0s3: saddr:16783984: daddr:100932208
[  221.595225] AAAAA-TCP_FORW: name:enp0s3: saddr:100932208: daddr:16783984
[  221.636908] AAAAA-TCP_FORW: name:enp0s3: saddr:16783984: daddr:100932208
[  221.679492] AAAAA-TCP_FORW: name:enp0s3: saddr:100932208: daddr:16783984
[  221.712054] AAAAA-TCP_FORW: name:enp0s3: saddr:100932208: daddr:16783984
[  221.714625] AAAAA-TCP_FORW: name:enp0s3: saddr:100932208: daddr:16783984
[  221.740175] AAAAA-TCP_FORW: name:enp0s3: saddr:16783984: daddr:100932208
[  221.816761] AAAAA-TCP_FORW: name:enp0s3: saddr:16783984: daddr:100932208
[  221.829508] AAAAA-TCP_FORW: name:enp0s3: saddr:100932208: daddr:16783984
[  221.907522] AAAAA-TCP_FORW: name:enp0s3: saddr:100932208: daddr:16783984
[  221.926622] AAAAA-TCP_FORW: name:enp0s3: saddr:16783984: daddr:100932208
[  221.986026] AAAAA-TCP_FORW: name:enp0s3: saddr:100932208: daddr:16783984
[  222.067910] AAAAA-TCP_FORW: name:enp0s3: saddr:16783984: daddr:100932208
[  222.147232] AAAAA-TCP_FORW: name:enp0s3: saddr:16783984: daddr:100932208
[  222.187641] AAAAA-TCP_FORW: name:enp0s3: saddr:16783984: daddr:100932208
[  222.249586] AAAAA-TCP_FORW: name:enp0s3: saddr:16783984: daddr:100932208
[  222.321482] AAAAA-TCP_FORW: name:enp0s3: saddr:16783984: daddr:100932208
[  222.403403] AAAAA-TCP_FORW: name:enp0s3: saddr:16783984: daddr:100932208
[  222.456150] AAAAA-TCP_FORW: name:enp0s3: saddr:16783984: daddr:100932208
[  222.568322] AAAAA-TCP_FORW: name:enp0s3: saddr:100932208: daddr:33561200
[  222.883968] AAAAA-TCP_FORW: name:enp0s3: saddr:33561200: daddr:100932208
[  222.901523] AAAAA-TCP_FORW: name:enp0s3: saddr:100932208: daddr:33561200
[  222.955332] AAAAA-TCP_FORW: name:enp0s3: saddr:33561200: daddr:100932208
[  223.241432] AAAAA-TCP_FORW: name:enp0s3: saddr:100932208: daddr:16783984
[  223.296986] AAAAA-TCP_FORW: name:enp0s3: saddr:16783984: daddr:100932208
[  237.642762] AAAAA-TCP_FORW: name:enp0s3: saddr:100932208: daddr:16783984
[  237.650025] AAAAA-TCP_FORW: name:enp0s3: saddr:16783984: daddr:100932208
[  237.720729] AAAAA-TCP_FORW: name:enp0s3: saddr:100932208: daddr:16783984
[  237.807254] AAAAA-TCP_FORW: name:enp0s3: saddr:16783984: daddr:100932208
[  237.856704] AAAAA-TCP_FORW: name:enp0s3: saddr:100932208: daddr:16783984
[  237.922273] AAAAA-TCP_FORW: name:enp0s3: saddr:16783984: daddr:100932208
[  237.978451] AAAAA-TCP_FORW: name:enp0s3: saddr:100932208: daddr:16783984
[  238.068533] AAAAA-TCP_FORW: name:enp0s3: saddr:16783984: daddr:100932208
[  238.092152] AAAAA-TCP_FORW: name:enp0s3: saddr:100932208: daddr:16783984
[  238.240101] AAAAA-TCP_FORW: name:enp0s3: saddr:16783984: daddr:100932208
[  238.331115] AAAAA-TCP_FORW: name:enp0s3: saddr:100932208: daddr:16783984
[  238.369330] AAAAA-TCP_FORW: name:enp0s3: saddr:16783984: daddr:100932208
[  238.434109] AAAAA-TCP_FORW: name:enp0s3: saddr:100932208: daddr:16783984
[  238.463086] AAAAA-TCP_FORW: name:enp0s3: saddr:16783984: daddr:100932208
[  238.588947] AAAAA-TCP_FORW: name:enp0s3: saddr:100932208: daddr:16783984
[  238.598722] AAAAA-TCP_FORW: name:enp0s3: saddr:16783984: daddr:100932208
[  238.743520] AAAAA-TCP_FORW: name:enp0s3: saddr:100932208: daddr:16783984
[  238.758173] AAAAA-TCP_FORW: name:enp0s3: saddr:16783984: daddr:100932208
[  238.873773] AAAAA-TCP_FORW: name:enp0s3: saddr:100932208: daddr:16783984
[  238.881144] AAAAA-TCP_FORW: name:enp0s3: saddr:16783984: daddr:100932208
[  238.957789] AAAAA-TCP_FORW: name:enp0s3: saddr:100932208: daddr:16783984
[  238.996941] AAAAA-TCP_FORW: name:enp0s3: saddr:16783984: daddr:100932208
[  239.336329] AAAAA-TCP_FORW: name:enp0s3: saddr:100932208: daddr:16783984
[  239.348283] AAAAA-TCP_FORW: name:enp0s3: saddr:16783984: daddr:100932208
[  239.472529] AAAAA-TCP_FORW: name:enp0s3: saddr:100932208: daddr:16783984
[  239.508811] AAAAA-TCP_FORW: name:enp0s3: saddr:16783984: daddr:100932208
[  239.582069] AAAAA-TCP_FORW: name:enp0s3: saddr:100932208: daddr:16783984
[  239.614710] AAAAA-TCP_FORW: name:enp0s3: saddr:16783984: daddr:100932208
[  239.699592] AAAAA-TCP_FORW: name:enp0s3: saddr:100932208: daddr:16783984
[  239.708385] AAAAA-TCP_FORW: name:enp0s3: saddr:16783984: daddr:100932208
[  239.797250] AAAAA-TCP_FORW: name:enp0s3: saddr:100932208: daddr:16783984
[  239.866783] AAAAA-TCP_FORW: name:enp0s3: saddr:16783984: daddr:100932208
[  239.986432] AAAAA-TCP_FORW: name:enp0s3: saddr:100932208: daddr:16783984
[  240.098944] AAAAA-TCP_FORW: name:enp0s3: saddr:16783984: daddr:100932208
[  240.106944] AAAAA-TCP_FORW: name:enp0s3: saddr:100932208: daddr:16783984
[  240.253680] AAAAA-TCP_FORW: name:enp0s3: saddr:100932208: daddr:33561200
[  240.306420] AAAAA-TCP_FORW: name:enp0s3: saddr:100932208: daddr:33561200
[  240.322167] AAAAA-TCP_FORW: name:enp0s3: saddr:33561200: daddr:100932208
[  240.374076] AAAAA-TCP_FORW: name:enp0s3: saddr:33561200: daddr:100932208
[  240.420716] AAAAA-TCP_FORW: name:enp0s3: saddr:100932208: daddr:33561200
[  240.441654] AAAAA-TCP_FORW: name:enp0s3: saddr:16783984: daddr:100932208
[  240.488544] AAAAA-TCP_FORW: name:enp0s3: saddr:100932208: daddr:33561200
[  240.534831] AAAAA-TCP_FORW: name:enp0s3: saddr:100932208: daddr:33561200
[  240.608568] AAAAA-TCP_FORW: name:enp0s3: saddr:100932208: daddr:33561200
[  240.680654] AAAAA-TCP_FORW: name:enp0s3: saddr:100932208: daddr:33561200
[  240.757289] AAAAA-TCP_FORW: name:enp0s3: saddr:100932208: daddr:33561200
[  240.828439] AAAAA-TCP_FORW: name:enp0s3: saddr:100932208: daddr:33561200
[  241.043561] AAAAA-TCP_FORW: name:enp0s3: saddr:100932208: daddr:33561200
[  241.275987] AAAAA-TCP_FORW: name:enp0s3: saddr:100932208: daddr:33561200
[  241.908301] AAAAA-TCP_FORW: name:enp0s3: saddr:100932208: daddr:16783984
[  242.182310] AAAAA-TCP_FORW: name:enp0s3: saddr:100932208: daddr:16783984
[  242.286250] AAAAA-TCP_FORW: name:enp0s3: saddr:100932208: daddr:16783984
[  242.393547] AAAAA-TCP_FORW: name:enp0s3: saddr:100932208: daddr:16783984
[  242.713793] AAAAA-TCP_FORW: name:enp0s3: saddr:100932208: daddr:16783984
[  242.893547] AAAAA-TCP_FORW: name:enp0s3: saddr:100932208: daddr:16783984
[  243.020848] AAAAA-TCP_FORW: name:enp0s3: saddr:100932208: daddr:16783984
[  243.061538] AAAAA-TCP_FORW: name:enp0s3: saddr:100932208: daddr:16783984
[  243.293251] AAAAA-TCP_FORW: name:enp0s3: saddr:100932208: daddr:16783984
[  243.560306] AAAAA-TCP_FORW: name:enp0s3: saddr:100932208: daddr:16783984
[  243.684060] AAAAA-TCP_FORW: name:enp0s3: saddr:100932208: daddr:16783984
[  243.780339] AAAAA-TCP_FORW: name:enp0s3: saddr:100932208: daddr:16783984
[  243.976690] AAAAA-TCP_FORW: name:enp0s3: saddr:100932208: daddr:16783984
[  244.141917] AAAAA-TCP_FORW: name:enp0s3: saddr:100932208: daddr:16783984
[  244.304598] AAAAA-TCP_FORW: name:enp0s3: saddr:100932208: daddr:16783984
[  244.452088] AAAAA-TCP_FORW: name:enp0s3: saddr:100932208: daddr:16783984
[  244.530441] AAAAA-TCP_FORW: name:enp0s3: saddr:100932208: daddr:16783984
[  244.626910] AAAAA-TCP_FORW: name:enp0s3: saddr:100932208: daddr:16783984
[  244.774890] AAAAA-TCP_FORW: name:enp0s3: saddr:100932208: daddr:16783984
[  244.884746] AAAAA-TCP_FORW: name:enp0s3: saddr:100932208: daddr:16783984
[  244.996916] AAAAA-TCP_FORW: name:enp0s3: saddr:100932208: daddr:16783984
[  245.113907] AAAAA-TCP_FORW: name:enp0s3: saddr:100932208: daddr:16783984
[  245.393276] AAAAA-TCP_FORW: name:enp0s3: saddr:100932208: daddr:16783984
[  245.543098] AAAAA-TCP_FORW: name:enp0s3: saddr:100932208: daddr:16783984
[  245.624128] AAAAA-TCP_FORW: name:enp0s3: saddr:100932208: daddr:33561200
[  245.659250] AAAAA-TCP_FORW: name:enp0s3: saddr:100932208: daddr:33561200
[  245.757748] AAAAA-TCP_FORW: name:enp0s3: saddr:100932208: daddr:33561200
[  245.850597] AAAAA-TCP_FORW: name:enp0s3: saddr:100932208: daddr:16783984
[  246.001146] AAAAA-TCP_FORW: name:enp0s3: saddr:100932208: daddr:33561200
[  246.094021] AAAAA-TCP_FORW: name:enp0s3: saddr:100932208: daddr:33561200
[  246.190745] AAAAA-TCP_FORW: name:enp0s3: saddr:100932208: daddr:33561200
[  246.290738] AAAAA-TCP_FORW: name:enp0s3: saddr:100932208: daddr:33561200
[  246.372363] AAAAA-TCP_FORW: name:enp0s3: saddr:100932208: daddr:33561200
[  246.556175] AAAAA-TCP_FORW: name:enp0s3: saddr:100932208: daddr:33561200
[  246.653953] AAAAA-TCP_FORW: name:enp0s3: saddr:100932208: daddr:33561200
[  246.728474] AAAAA-TCP_FORW: name:enp0s3: saddr:100932208: daddr:33561200
[  246.846546] AAAAA-TCP_FORW: name:enp0s3: saddr:100932208: daddr:33561200
[  247.121506] AAAAA-TCP_FORW: name:enp0s3: saddr:100932208: daddr:16783984
[  247.230091] AAAAA-TCP_FORW: name:enp0s3: saddr:100932208: daddr:16783984
[  247.316035] AAAAA-TCP_FORW: name:enp0s3: saddr:100932208: daddr:16783984
[  247.434701] AAAAA-TCP_FORW: name:enp0s3: saddr:100932208: daddr:16783984
[  247.538149] AAAAA-TCP_FORW: name:enp0s3: saddr:100932208: daddr:16783984
[  247.614583] AAAAA-TCP_FORW: name:enp0s3: saddr:100932208: daddr:16783984
[  247.748135] AAAAA-TCP_FORW: name:enp0s3: saddr:100932208: daddr:16783984
[  247.842175] AAAAA-TCP_FORW: name:enp0s3: saddr:100932208: daddr:16783984
[  247.944399] AAAAA-TCP_FORW: name:enp0s3: saddr:100932208: daddr:16783984
[  248.202628] AAAAA-TCP_FORW: name:enp0s3: saddr:100932208: daddr:16783984
[  248.366175] AAAAA-TCP_FORW: name:enp0s3: saddr:100932208: daddr:16783984
[  248.468893] AAAAA-TCP_FORW: name:enp0s3: saddr:100932208: daddr:16783984
[  248.553690] AAAAA-TCP_FORW: name:enp0s3: saddr:100932208: daddr:16783984
[  248.620473] AAAAA-TCP_FORW: name:enp0s3: saddr:100932208: daddr:16783984
[  248.699714] AAAAA-TCP_FORW: name:enp0s3: saddr:100932208: daddr:16783984
[  248.771002] AAAAA-TCP_FORW: name:enp0s3: saddr:100932208: daddr:16783984
[  248.820869] AAAAA-TCP_FORW: name:enp0s3: saddr:100932208: daddr:16783984
[  248.969877] AAAAA-TCP_FORW: name:enp0s3: saddr:100932208: daddr:16783984
[  249.101180] AAAAA-TCP_FORW: name:enp0s3: saddr:100932208: daddr:33561200
[  249.170105] AAAAA-TCP_FORW: name:enp0s3: saddr:100932208: daddr:33561200
[  249.252053] AAAAA-TCP_FORW: name:enp0s3: saddr:100932208: daddr:33561200
[  249.572327] AAAAA-TCP_FORW: name:enp0s3: saddr:100932208: daddr:33561200
[  269.658016] AAAAA-TCP_FORW: name:enp0s3: saddr:100932208: daddr:16783984
[  269.727736] AAAAA-TCP_FORW: name:enp0s3: saddr:100932208: daddr:16783984
[  269.946819] AAAAA-TCP_FORW: name:enp0s3: saddr:100932208: daddr:16783984
[  270.143590] AAAAA-TCP_FORW: name:enp0s3: saddr:100932208: daddr:16783984
[  270.209187] AAAAA-TCP_FORW: name:enp0s3: saddr:100932208: daddr:16783984
[  270.381425] AAAAA-TCP_FORW: name:enp0s3: saddr:100932208: daddr:16783984
[  270.476112] AAAAA-TCP_FORW: name:enp0s3: saddr:100932208: daddr:16783984
[  270.542203] AAAAA-TCP_FORW: name:enp0s3: saddr:100932208: daddr:16783984
[  270.613197] AAAAA-TCP_FORW: name:enp0s3: saddr:100932208: daddr:16783984
[  270.685282] AAAAA-TCP_FORW: name:enp0s3: saddr:100932208: daddr:16783984
[  270.898312] AAAAA-TCP_FORW: name:enp0s3: saddr:100932208: daddr:16783984
[  271.023709] AAAAA-TCP_FORW: name:enp0s3: saddr:100932208: daddr:33561200
[  271.124261] AAAAA-TCP_FORW: name:enp0s3: saddr:100932208: daddr:33561200
[  271.308956] AAAAA-TCP_FORW: name:enp0s3: saddr:100932208: daddr:33561200
[  272.105857] AAAAA-TCP_FORW: name:enp0s3: saddr:100932208: daddr:16783984
[  272.215877] AAAAA-TCP_FORW: name:enp0s3: saddr:100932208: daddr:16783984
[  272.274523] AAAAA-TCP_FORW: name:enp0s3: saddr:100932208: daddr:16783984
[  272.324274] AAAAA-TCP_FORW: name:enp0s3: saddr:100932208: daddr:16783984
[  272.418218] AAAAA-TCP_FORW: name:enp0s3: saddr:100932208: daddr:16783984
[  272.529327] AAAAA-TCP_FORW: name:enp0s3: saddr:100932208: daddr:16783984
[  272.594078] AAAAA-TCP_FORW: name:enp0s3: saddr:100932208: daddr:16783984
[  272.701962] AAAAA-TCP_FORW: name:enp0s3: saddr:100932208: daddr:16783984
[  272.773820] AAAAA-TCP_FORW: name:enp0s3: saddr:100932208: daddr:16783984
[  272.906205] AAAAA-TCP_FORW: name:enp0s3: saddr:100932208: daddr:16783984
[  273.019171] AAAAA-TCP_FORW: name:enp0s3: saddr:100932208: daddr:16783984
[  273.107169] AAAAA-TCP_FORW: name:enp0s3: saddr:100932208: daddr:16783984
[  273.205737] AAAAA-TCP_FORW: name:enp0s3: saddr:100932208: daddr:16783984
[  273.282443] AAAAA-TCP_FORW: name:enp0s3: saddr:100932208: daddr:33561200
[  273.399108] AAAAA-TCP_FORW: name:enp0s3: saddr:100932208: daddr:33561200
[  273.480012] AAAAA-TCP_FORW: name:enp0s3: saddr:100932208: daddr:33561200
[  273.564534] AAAAA-TCP_FORW: name:enp0s3: saddr:100932208: daddr:33561200
[  273.641085] AAAAA-TCP_FORW: name:enp0s3: saddr:100932208: daddr:16783984
[  273.798944] AAAAA-TCP_FORW: name:enp0s3: saddr:100932208: daddr:16783984
[  273.885045] AAAAA-TCP_FORW: name:enp0s3: saddr:100932208: daddr:16783984
[  274.011140] AAAAA-TCP_FORW: name:enp0s3: saddr:100932208: daddr:16783984
[  274.098859] AAAAA-TCP_FORW: name:enp0s3: saddr:100932208: daddr:16783984
[  274.248045] AAAAA-TCP_FORW: name:enp0s3: saddr:100932208: daddr:16783984
[  274.342339] AAAAA-TCP_FORW: name:enp0s3: saddr:100932208: daddr:16783984
[  274.428348] AAAAA-TCP_FORW: name:enp0s3: saddr:100932208: daddr:16783984
[  274.479230] AAAAA-TCP_FORW: name:enp0s3: saddr:100932208: daddr:16783984
[  274.616635] AAAAA-TCP_FORW: name:enp0s3: saddr:100932208: daddr:16783984
[  274.714656] AAAAA-TCP_FORW: name:enp0s3: saddr:100932208: daddr:16783984
[  274.796195] AAAAA-TCP_FORW: name:enp0s3: saddr:100932208: daddr:16783984
[  274.884731] AAAAA-TCP_FORW: name:enp0s3: saddr:100932208: daddr:16783984
[  274.969482] AAAAA-TCP_FORW: name:enp0s3: saddr:100932208: daddr:33561200
[  275.029893] AAAAA-TCP_FORW: name:enp0s3: saddr:100932208: daddr:33561200
[  275.127419] AAAAA-TCP_FORW: name:enp0s3: saddr:100932208: daddr:33561200
[  275.206587] AAAAA-TCP_FORW: name:enp0s3: saddr:100932208: daddr:33561200
[  275.352936] AAAAA-TCP_FORW: name:enp0s3: saddr:100932208: daddr:16783984
[  275.440217] AAAAA-TCP_FORW: name:enp0s3: saddr:100932208: daddr:16783984
[  275.517423] AAAAA-TCP_FORW: name:enp0s3: saddr:100932208: daddr:16783984
[  275.600878] AAAAA-TCP_FORW: name:enp0s3: saddr:100932208: daddr:16783984
[  275.687953] AAAAA-TCP_FORW: name:enp0s3: saddr:100932208: daddr:16783984
[  275.840339] AAAAA-TCP_FORW: name:enp0s3: saddr:100932208: daddr:16783984
[  275.938030] AAAAA-TCP_FORW: name:enp0s3: saddr:100932208: daddr:16783984
[  276.034570] AAAAA-TCP_FORW: name:enp0s3: saddr:100932208: daddr:16783984
[  276.166683] AAAAA-TCP_FORW: name:enp0s3: saddr:100932208: daddr:16783984
[  276.218515] AAAAA-TCP_FORW: name:enp0s3: saddr:100932208: daddr:16783984
[  276.378950] AAAAA-TCP_FORW: name:enp0s3: saddr:100932208: daddr:16783984
[  276.447545] AAAAA-TCP_FORW: name:enp0s3: saddr:100932208: daddr:16783984
[  276.594129] AAAAA-TCP_FORW: name:enp0s3: saddr:100932208: daddr:16783984
[  276.689822] AAAAA-TCP_FORW: name:enp0s3: saddr:100932208: daddr:16783984
[  276.776381] AAAAA-TCP_FORW: name:enp0s3: saddr:100932208: daddr:33561200
[  276.841867] AAAAA-TCP_FORW: name:enp0s3: saddr:100932208: daddr:33561200
[  276.935015] AAAAA-TCP_FORW: name:enp0s3: saddr:100932208: daddr:33561200
[  276.991781] AAAAA-TCP_FORW: name:enp0s3: saddr:100932208: daddr:33561200
[  277.078804] AAAAA-TCP_FORW: name:enp0s3: saddr:100932208: daddr:33561200
[  277.124099] AAAAA-TCP_FORW: name:enp0s3: saddr:100932208: daddr:33561200
[  277.236800] AAAAA-TCP_FORW: name:enp0s3: saddr:100932208: daddr:16783984
[  277.353370] AAAAA-TCP_FORW: name:enp0s3: saddr:100932208: daddr:16783984
[  277.465517] AAAAA-TCP_FORW: name:enp0s3: saddr:100932208: daddr:16783984
[  277.603454] AAAAA-TCP_FORW: name:enp0s3: saddr:100932208: daddr:16783984
[  277.716431] AAAAA-TCP_FORW: name:enp0s3: saddr:100932208: daddr:16783984
[  277.859688] AAAAA-TCP_FORW: name:enp0s3: saddr:100932208: daddr:16783984
[  278.044109] AAAAA-TCP_FORW: name:enp0s3: saddr:100932208: daddr:16783984
[  278.207905] AAAAA-TCP_FORW: name:enp0s3: saddr:100932208: daddr:16783984
[  278.299404] AAAAA-TCP_FORW: name:enp0s3: saddr:100932208: daddr:16783984
[  278.408167] AAAAA-TCP_FORW: name:enp0s3: saddr:100932208: daddr:16783984
[  278.481324] AAAAA-TCP_FORW: name:enp0s3: saddr:100932208: daddr:16783984
[  278.563526] AAAAA-TCP_FORW: name:enp0s3: saddr:100932208: daddr:16783984
[  278.630131] AAAAA-TCP_FORW: name:enp0s3: saddr:100932208: daddr:16783984
[  278.714750] AAAAA-TCP_FORW: name:enp0s3: saddr:100932208: daddr:16783984
[  278.789192] AAAAA-TCP_FORW: name:enp0s3: saddr:100932208: daddr:16783984
[  278.844422] AAAAA-TCP_FORW: name:enp0s3: saddr:100932208: daddr:33561200
[  278.941664] AAAAA-TCP_FORW: name:enp0s3: saddr:100932208: daddr:33561200
[  278.992176] AAAAA-TCP_FORW: name:enp0s3: saddr:100932208: daddr:33561200
[  279.025250] AAAAA-TCP_FORW: name:enp0s3: saddr:100932208: daddr:33561200
[  279.134943] AAAAA-TCP_FORW: name:enp0s3: saddr:100932208: daddr:33561200
[  279.190220] AAAAA-TCP_FORW: name:enp0s3: saddr:100932208: daddr:33561200
[  279.313019] AAAAA-TCP_FORW: name:enp0s3: saddr:100932208: daddr:16783984
[  279.408008] AAAAA-TCP_FORW: name:enp0s3: saddr:100932208: daddr:16783984
[  279.505927] AAAAA-TCP_FORW: name:enp0s3: saddr:100932208: daddr:16783984
[  301.322209] AAAAA-TCP_FORW: name:enp0s3: saddr:100932208: daddr:16783984
[  301.540818] AAAAA-TCP_FORW: name:enp0s3: saddr:100932208: daddr:16783984
[  301.738726] AAAAA-TCP_FORW: name:enp0s3: saddr:100932208: daddr:16783984
[  301.847034] AAAAA-TCP_FORW: name:enp0s3: saddr:100932208: daddr:16783984
[  302.001588] AAAAA-TCP_FORW: name:enp0s3: saddr:100932208: daddr:16783984
[  302.076744] AAAAA-TCP_FORW: name:enp0s3: saddr:100932208: daddr:16783984
[  302.174537] AAAAA-TCP_FORW: name:enp0s3: saddr:100932208: daddr:16783984
[  302.240512] AAAAA-TCP_FORW: name:enp0s3: saddr:100932208: daddr:16783984
[  302.402697] AAAAA-TCP_FORW: name:enp0s3: saddr:100932208: daddr:16783984
[  302.488047] AAAAA-TCP_FORW: name:enp0s3: saddr:100932208: daddr:16783984
[  302.560040] AAAAA-TCP_FORW: name:enp0s3: saddr:100932208: daddr:16783984
[  302.643392] AAAAA-TCP_FORW: name:enp0s3: saddr:100932208: daddr:16783984
[  302.700945] AAAAA-TCP_FORW: name:enp0s3: saddr:100932208: daddr:33561200
[  302.747016] AAAAA-TCP_FORW: name:enp0s3: saddr:100932208: daddr:33561200
[  302.786326] AAAAA-TCP_FORW: name:enp0s3: saddr:100932208: daddr:33561200
[  302.837254] AAAAA-TCP_FORW: name:enp0s3: saddr:100932208: daddr:33561200
[  302.921953] AAAAA-TCP_FORW: name:enp0s3: saddr:100932208: daddr:33561200
[  302.941770] AAAAA-TCP_FORW: name:enp0s3: saddr:100932208: daddr:33561200
[  303.489863] AAAAA-TCP_FORW: name:enp0s3: saddr:16783984: daddr:100932208
[  303.624253] AAAAA-TCP_FORW: name:enp0s3: saddr:16783984: daddr:100932208
[  303.740098] AAAAA-TCP_FORW: name:enp0s3: saddr:16783984: daddr:100932208
[  303.811430] AAAAA-TCP_FORW: name:enp0s3: saddr:16783984: daddr:100932208
[  303.899437] AAAAA-TCP_FORW: name:enp0s3: saddr:16783984: daddr:100932208
[  303.953351] AAAAA-TCP_FORW: name:enp0s3: saddr:16783984: daddr:100932208
[  303.989667] AAAAA-TCP_FORW: name:enp0s3: saddr:16783984: daddr:100932208
[  304.064300] AAAAA-TCP_FORW: name:enp0s3: saddr:16783984: daddr:100932208
[  304.136663] AAAAA-TCP_FORW: name:enp0s3: saddr:16783984: daddr:100932208
[  304.204801] AAAAA-TCP_FORW: name:enp0s3: saddr:16783984: daddr:100932208
[  304.305778] AAAAA-TCP_FORW: name:enp0s3: saddr:16783984: daddr:100932208
[  304.389131] AAAAA-TCP_FORW: name:enp0s3: saddr:16783984: daddr:100932208
[  304.463766] AAAAA-TCP_FORW: name:enp0s3: saddr:33561200: daddr:100932208
[  304.558942] AAAAA-TCP_FORW: name:enp0s3: saddr:33561200: daddr:100932208
[  304.588094] AAAAA-TCP_FORW: name:enp0s3: saddr:33561200: daddr:100932208
[  304.621585] AAAAA-TCP_FORW: name:enp0s3: saddr:33561200: daddr:100932208
[  304.730058] AAAAA-TCP_FORW: name:enp0s3: saddr:33561200: daddr:100932208
[  304.791936] AAAAA-TCP_FORW: name:enp0s3: saddr:33561200: daddr:100932208
[  304.914845] AAAAA-TCP_FORW: name:enp0s3: saddr:100932208: daddr:16783984
[  305.271326] AAAAA-TCP_FORW: name:enp0s3: saddr:100932208: daddr:16783984
[  305.357511] AAAAA-TCP_FORW: name:enp0s3: saddr:100932208: daddr:16783984
[  305.397166] AAAAA-TCP_FORW: name:enp0s3: saddr:100932208: daddr:33561200
[  305.483962] AAAAA-TCP_FORW: name:enp0s3: saddr:100932208: daddr:16783984
[  305.625428] AAAAA-TCP_FORW: name:enp0s3: saddr:100932208: daddr:16783984
[  305.746641] AAAAA-TCP_FORW: name:enp0s3: saddr:100932208: daddr:16783984
[  305.793293] AAAAA-TCP_FORW: name:enp0s3: saddr:100932208: daddr:16783984
[  305.906211] AAAAA-TCP_FORW: name:enp0s3: saddr:100932208: daddr:16783984
[  305.985306] AAAAA-TCP_FORW: name:enp0s3: saddr:100932208: daddr:16783984
[  306.121118] AAAAA-TCP_FORW: name:enp0s3: saddr:100932208: daddr:16783984
[  306.176316] AAAAA-TCP_FORW: name:enp0s3: saddr:100932208: daddr:16783984
[  306.303152] AAAAA-TCP_FORW: name:enp0s3: saddr:100932208: daddr:16783984
[  306.352356] AAAAA-TCP_FORW: name:enp0s3: saddr:100932208: daddr:16783984
[  306.392771] AAAAA-TCP_FORW: name:enp0s3: saddr:100932208: daddr:16783984
[  306.481926] AAAAA-TCP_FORW: name:enp0s3: saddr:100932208: daddr:16783984
[  306.577854] AAAAA-TCP_FORW: name:enp0s3: saddr:100932208: daddr:33561200
[  306.654899] AAAAA-TCP_FORW: name:enp0s3: saddr:100932208: daddr:33561200
[  306.732548] AAAAA-TCP_FORW: name:enp0s3: saddr:100932208: daddr:33561200
[  306.824279] AAAAA-TCP_FORW: name:enp0s3: saddr:16783984: daddr:100932208
[  306.858095] AAAAA-TCP_FORW: name:enp0s3: saddr:100932208: daddr:33561200
[  306.951377] AAAAA-TCP_FORW: name:enp0s3: saddr:100932208: daddr:33561200
[  307.046343] AAAAA-TCP_FORW: name:enp0s3: saddr:16783984: daddr:100932208
[  307.076259] AAAAA-TCP_FORW: name:enp0s3: saddr:100932208: daddr:33561200
[  307.134484] AAAAA-TCP_FORW: name:enp0s3: saddr:16783984: daddr:100932208
[  307.213726] AAAAA-TCP_FORW: name:enp0s3: saddr:33561200: daddr:100932208
[  307.250418] AAAAA-TCP_FORW: name:enp0s3: saddr:16783984: daddr:100932208
[  307.314654] AAAAA-TCP_FORW: name:enp0s3: saddr:16783984: daddr:100932208
[  307.352527] AAAAA-TCP_FORW: name:enp0s3: saddr:16783984: daddr:100932208
[  307.406222] AAAAA-TCP_FORW: name:enp0s3: saddr:16783984: daddr:100932208
[  307.446634] AAAAA-TCP_FORW: name:enp0s3: saddr:16783984: daddr:100932208
[  307.525471] AAAAA-TCP_FORW: name:enp0s3: saddr:16783984: daddr:100932208
[  307.575081] AAAAA-TCP_FORW: name:enp0s3: saddr:16783984: daddr:100932208
[  307.606365] AAAAA-TCP_FORW: name:enp0s3: saddr:16783984: daddr:100932208
[  307.664475] AAAAA-TCP_FORW: name:enp0s3: saddr:16783984: daddr:100932208
[  307.720494] AAAAA-TCP_FORW: name:enp0s3: saddr:16783984: daddr:100932208
[  307.768500] AAAAA-TCP_FORW: name:enp0s3: saddr:16783984: daddr:100932208
[  307.819290] AAAAA-TCP_FORW: name:enp0s3: saddr:16783984: daddr:100932208
[  307.888748] AAAAA-TCP_FORW: name:enp0s3: saddr:33561200: daddr:100932208
[  307.914921] AAAAA-TCP_FORW: name:enp0s3: saddr:33561200: daddr:100932208
[  307.948770] AAAAA-TCP_FORW: name:enp0s3: saddr:33561200: daddr:100932208
[  308.048702] AAAAA-TCP_FORW: name:enp0s3: saddr:33561200: daddr:100932208
[  308.093410] AAAAA-TCP_FORW: name:enp0s3: saddr:33561200: daddr:100932208
[  308.162183] AAAAA-TCP_FORW: name:enp0s3: saddr:100932208: daddr:16783984
[  308.246935] AAAAA-TCP_FORW: name:enp0s3: saddr:33561200: daddr:100932208
[  308.292399] AAAAA-TCP_FORW: name:enp0s3: saddr:100932208: daddr:16783984
[  308.379057] AAAAA-TCP_FORW: name:enp0s3: saddr:100932208: daddr:16783984
[  308.481025] AAAAA-TCP_FORW: name:enp0s3: saddr:100932208: daddr:16783984
[  308.575643] AAAAA-TCP_FORW: name:enp0s3: saddr:100932208: daddr:16783984
[  308.636637] AAAAA-TCP_FORW: name:enp0s3: saddr:100932208: daddr:16783984
[  308.694359] AAAAA-TCP_FORW: name:enp0s3: saddr:100932208: daddr:16783984
[  308.739280] AAAAA-TCP_FORW: name:enp0s3: saddr:100932208: daddr:16783984
[  308.827615] AAAAA-TCP_FORW: name:enp0s3: saddr:100932208: daddr:16783984
[  308.927748] AAAAA-TCP_FORW: name:enp0s3: saddr:100932208: daddr:16783984
[  309.110962] AAAAA-TCP_FORW: name:enp0s3: saddr:100932208: daddr:16783984
[  309.161547] AAAAA-TCP_FORW: name:enp0s3: saddr:100932208: daddr:16783984
[  309.239875] AAAAA-TCP_FORW: name:enp0s3: saddr:100932208: daddr:16783984
[  309.290552] AAAAA-TCP_FORW: name:enp0s3: saddr:100932208: daddr:16783984
[  309.388006] AAAAA-TCP_FORW: name:enp0s3: saddr:100932208: daddr:16783984
[  309.491064] AAAAA-TCP_FORW: name:enp0s3: saddr:100932208: daddr:16783984
[  309.555971] AAAAA-TCP_FORW: name:enp0s3: saddr:100932208: daddr:16783984
[  309.599782] AAAAA-TCP_FORW: name:enp0s3: saddr:100932208: daddr:16783984
[  309.673635] AAAAA-TCP_FORW: name:enp0s3: saddr:100932208: daddr:16783984
[  309.698756] AAAAA-TCP_FORW: name:enp0s3: saddr:100932208: daddr:16783984
[  309.768291] AAAAA-TCP_FORW: name:enp0s3: saddr:100932208: daddr:16783984
[  309.813886] AAAAA-TCP_FORW: name:enp0s3: saddr:100932208: daddr:16783984
[  309.838006] AAAAA-TCP_FORW: name:enp0s3: saddr:16783984: daddr:100932208
[  309.880188] AAAAA-TCP_FORW: name:enp0s3: saddr:100932208: daddr:16783984
[  309.921573] AAAAA-TCP_FORW: name:enp0s3: saddr:100932208: daddr:16783984
[  309.946922] AAAAA-TCP_FORW: name:enp0s3: saddr:100932208: daddr:16783984
[  309.995167] AAAAA-TCP_FORW: name:enp0s3: saddr:16783984: daddr:100932208
[  310.060884] AAAAA-TCP_FORW: name:enp0s3: saddr:100932208: daddr:16783984
[  310.081544] AAAAA-TCP_FORW: name:enp0s3: saddr:16783984: daddr:100932208
[  310.151313] AAAAA-TCP_FORW: name:enp0s3: saddr:100932208: daddr:33561200
[  310.209725] AAAAA-TCP_FORW: name:enp0s3: saddr:16783984: daddr:100932208
[  310.212406] AAAAA-TCP_FORW: name:enp0s3: saddr:100932208: daddr:33561200
[  310.287031] AAAAA-TCP_FORW: name:enp0s3: saddr:16783984: daddr:100932208
[  310.348607] AAAAA-TCP_FORW: name:enp0s3: saddr:16783984: daddr:100932208
[  310.369310] AAAAA-TCP_FORW: name:enp0s3: saddr:100932208: daddr:33561200
[  310.427230] AAAAA-TCP_FORW: name:enp0s3: saddr:16783984: daddr:100932208
[  310.470487] AAAAA-TCP_FORW: name:enp0s3: saddr:16783984: daddr:100932208
[  310.478891] AAAAA-TCP_FORW: name:enp0s3: saddr:100932208: daddr:33561200
[  310.518763] AAAAA-TCP_FORW: name:enp0s3: saddr:16783984: daddr:100932208
[  310.521417] AAAAA-TCP_FORW: name:enp0s3: saddr:100932208: daddr:33561200
[  310.578830] AAAAA-TCP_FORW: name:enp0s3: saddr:100932208: daddr:33561200
[  310.610239] AAAAA-TCP_FORW: name:enp0s3: saddr:16783984: daddr:100932208
[  310.659149] AAAAA-TCP_FORW: name:enp0s3: saddr:16783984: daddr:100932208
[  310.688436] AAAAA-TCP_FORW: name:enp0s3: saddr:16783984: daddr:100932208
[  310.714507] AAAAA-TCP_FORW: name:enp0s3: saddr:16783984: daddr:100932208
[  310.740606] AAAAA-TCP_FORW: name:enp0s3: saddr:16783984: daddr:100932208
[  310.756769] AAAAA-TCP_FORW: name:enp0s3: saddr:16783984: daddr:100932208
[  310.823812] AAAAA-TCP_FORW: name:enp0s3: saddr:16783984: daddr:100932208
[  310.858162] AAAAA-TCP_FORW: name:enp0s3: saddr:16783984: daddr:100932208
[  310.890608] AAAAA-TCP_FORW: name:enp0s3: saddr:16783984: daddr:100932208
[  311.009309] AAAAA-TCP_FORW: name:enp0s3: saddr:16783984: daddr:100932208
[  311.060865] AAAAA-TCP_FORW: name:enp0s3: saddr:16783984: daddr:100932208
[  311.093005] AAAAA-TCP_FORW: name:enp0s3: saddr:16783984: daddr:100932208
[  311.119235] AAAAA-TCP_FORW: name:enp0s3: saddr:16783984: daddr:100932208
[  311.161754] AAAAA-TCP_FORW: name:enp0s3: saddr:100932208: daddr:16783984
[  311.216153] AAAAA-TCP_FORW: name:enp0s3: saddr:16783984: daddr:100932208
[  311.271427] AAAAA-TCP_FORW: name:enp0s3: saddr:16783984: daddr:100932208
[  311.297616] AAAAA-TCP_FORW: name:enp0s3: saddr:16783984: daddr:100932208
[  311.354820] AAAAA-TCP_FORW: name:enp0s3: saddr:100932208: daddr:16783984
[  311.392476] AAAAA-TCP_FORW: name:enp0s3: saddr:16783984: daddr:100932208
[  311.439618] AAAAA-TCP_FORW: name:enp0s3: saddr:100932208: daddr:16783984
[  311.493007] AAAAA-TCP_FORW: name:enp0s3: saddr:33561200: daddr:100932208
[  311.554195] AAAAA-TCP_FORW: name:enp0s3: saddr:100932208: daddr:16783984
[  311.595943] AAAAA-TCP_FORW: name:enp0s3: saddr:33561200: daddr:100932208
[  311.675351] AAAAA-TCP_FORW: name:enp0s3: saddr:100932208: daddr:16783984
[  311.752201] AAAAA-TCP_FORW: name:enp0s3: saddr:100932208: daddr:16783984
[  311.797147] AAAAA-TCP_FORW: name:enp0s3: saddr:33561200: daddr:100932208
[  311.843530] AAAAA-TCP_FORW: name:enp0s3: saddr:100932208: daddr:16783984
[  311.930597] AAAAA-TCP_FORW: name:enp0s3: saddr:33561200: daddr:100932208
[  311.953765] AAAAA-TCP_FORW: name:enp0s3: saddr:100932208: daddr:16783984
[  312.024753] AAAAA-TCP_FORW: name:enp0s3: saddr:100932208: daddr:16783984
[  312.057979] AAAAA-TCP_FORW: name:enp0s3: saddr:33561200: daddr:100932208
[  312.125116] AAAAA-TCP_FORW: name:enp0s3: saddr:33561200: daddr:100932208
[  312.146350] AAAAA-TCP_FORW: name:enp0s3: saddr:100932208: daddr:16783984
[  312.236147] AAAAA-TCP_FORW: name:enp0s3: saddr:100932208: daddr:16783984
[  312.307788] AAAAA-TCP_FORW: name:enp0s3: saddr:100932208: daddr:16783984
[  312.385127] AAAAA-TCP_FORW: name:enp0s3: saddr:100932208: daddr:16783984
[  312.476108] AAAAA-TCP_FORW: name:enp0s3: saddr:100932208: daddr:16783984
[  312.525554] AAAAA-TCP_FORW: name:enp0s3: saddr:100932208: daddr:16783984
[  312.610148] AAAAA-TCP_FORW: name:enp0s3: saddr:100932208: daddr:16783984
[  312.666599] AAAAA-TCP_FORW: name:enp0s3: saddr:100932208: daddr:16783984
[  312.748510] AAAAA-TCP_FORW: name:enp0s3: saddr:100932208: daddr:16783984
[  312.820835] AAAAA-TCP_FORW: name:enp0s3: saddr:100932208: daddr:16783984
[  312.885200] AAAAA-TCP_FORW: name:enp0s3: saddr:100932208: daddr:16783984
[  312.936887] AAAAA-TCP_FORW: name:enp0s3: saddr:100932208: daddr:16783984
[  312.961099] AAAAA-TCP_FORW: name:enp0s3: saddr:100932208: daddr:16783984
[  312.996374] AAAAA-TCP_FORW: name:enp0s3: saddr:16783984: daddr:100932208
[  313.037492] AAAAA-TCP_FORW: name:enp0s3: saddr:100932208: daddr:16783984
[  313.130264] AAAAA-TCP_FORW: name:enp0s3: saddr:100932208: daddr:16783984
[  313.182472] AAAAA-TCP_FORW: name:enp0s3: saddr:100932208: daddr:16783984
[  313.222930] AAAAA-TCP_FORW: name:enp0s3: saddr:16783984: daddr:100932208
[  313.272999] AAAAA-TCP_FORW: name:enp0s3: saddr:100932208: daddr:16783984
[  313.329048] AAAAA-TCP_FORW: name:enp0s3: saddr:16783984: daddr:100932208
[  313.422825] AAAAA-TCP_FORW: name:enp0s3: saddr:16783984: daddr:100932208
[  313.468183] AAAAA-TCP_FORW: name:enp0s3: saddr:100932208: daddr:33561200
[  313.552002] AAAAA-TCP_FORW: name:enp0s3: saddr:100932208: daddr:33561200
[  313.576144] AAAAA-TCP_FORW: name:enp0s3: saddr:16783984: daddr:100932208
[  313.615215] AAAAA-TCP_FORW: name:enp0s3: saddr:16783984: daddr:100932208
[  313.651070] AAAAA-TCP_FORW: name:enp0s3: saddr:100932208: daddr:33561200
[  313.694873] AAAAA-TCP_FORW: name:enp0s3: saddr:16783984: daddr:100932208
[  313.759222] AAAAA-TCP_FORW: name:enp0s3: saddr:100932208: daddr:33561200
[  313.809683] AAAAA-TCP_FORW: name:enp0s3: saddr:16783984: daddr:100932208
[  313.836501] AAAAA-TCP_FORW: name:enp0s3: saddr:16783984: daddr:100932208
[  313.872862] AAAAA-TCP_FORW: name:enp0s3: saddr:100932208: daddr:33561200
[  314.001372] AAAAA-TCP_FORW: name:enp0s3: saddr:16783984: daddr:100932208
[  314.010207] AAAAA-TCP_FORW: name:enp0s3: saddr:100932208: daddr:33561200
[  314.051251] AAAAA-TCP_FORW: name:enp0s3: saddr:16783984: daddr:100932208
[  314.083190] AAAAA-TCP_FORW: name:enp0s3: saddr:16783984: daddr:100932208
[  314.109561] AAAAA-TCP_FORW: name:enp0s3: saddr:16783984: daddr:100932208
[  314.144644] AAAAA-TCP_FORW: name:enp0s3: saddr:16783984: daddr:100932208
[  314.170743] AAAAA-TCP_FORW: name:enp0s3: saddr:16783984: daddr:100932208
[  314.224376] AAAAA-TCP_FORW: name:enp0s3: saddr:16783984: daddr:100932208
[  314.254061] AAAAA-TCP_FORW: name:enp0s3: saddr:16783984: daddr:100932208
[  314.280221] AAAAA-TCP_FORW: name:enp0s3: saddr:16783984: daddr:100932208
[  314.303955] AAAAA-TCP_FORW: name:enp0s3: saddr:16783984: daddr:100932208
[  314.332532] AAAAA-TCP_FORW: name:enp0s3: saddr:16783984: daddr:100932208
[  314.358964] AAAAA-TCP_FORW: name:enp0s3: saddr:16783984: daddr:100932208
[  314.386282] AAAAA-TCP_FORW: name:enp0s3: saddr:16783984: daddr:100932208
[  314.418143] AAAAA-TCP_FORW: name:enp0s3: saddr:100932208: daddr:16783984
[  314.464356] AAAAA-TCP_FORW: name:enp0s3: saddr:16783984: daddr:100932208
[  314.496403] AAAAA-TCP_FORW: name:enp0s3: saddr:16783984: daddr:100932208
[  314.544276] AAAAA-TCP_FORW: name:enp0s3: saddr:16783984: daddr:100932208
[  314.581267] AAAAA-TCP_FORW: name:enp0s3: saddr:100932208: daddr:16783984
[  314.621264] AAAAA-TCP_FORW: name:enp0s3: saddr:16783984: daddr:100932208
[  314.660105] AAAAA-TCP_FORW: name:enp0s3: saddr:100932208: daddr:16783984
[  314.747178] AAAAA-TCP_FORW: name:enp0s3: saddr:100932208: daddr:16783984
[  314.791365] AAAAA-TCP_FORW: name:enp0s3: saddr:33561200: daddr:100932208
[  314.821763] AAAAA-TCP_FORW: name:enp0s3: saddr:33561200: daddr:100932208
[  314.855282] AAAAA-TCP_FORW: name:enp0s3: saddr:100932208: daddr:16783984
[  314.929900] AAAAA-TCP_FORW: name:enp0s3: saddr:100932208: daddr:16783984
[  314.968497] AAAAA-TCP_FORW: name:enp0s3: saddr:33561200: daddr:100932208
[  315.060631] AAAAA-TCP_FORW: name:enp0s3: saddr:100932208: daddr:16783984
[  315.103459] AAAAA-TCP_FORW: name:enp0s3: saddr:33561200: daddr:100932208
[  315.150830] AAAAA-TCP_FORW: name:enp0s3: saddr:100932208: daddr:16783984
[  315.251509] AAAAA-TCP_FORW: name:enp0s3: saddr:100932208: daddr:16783984
[  315.276353] AAAAA-TCP_FORW: name:enp0s3: saddr:33561200: daddr:100932208
[  315.324282] AAAAA-TCP_FORW: name:enp0s3: saddr:100932208: daddr:16783984
[  315.374883] AAAAA-TCP_FORW: name:enp0s3: saddr:33561200: daddr:100932208
[  315.426069] AAAAA-TCP_FORW: name:enp0s3: saddr:100932208: daddr:16783984
[  315.520065] AAAAA-TCP_FORW: name:enp0s3: saddr:100932208: daddr:16783984
[  315.728158] AAAAA-TCP_FORW: name:enp0s3: saddr:100932208: daddr:16783984
[  315.832326] AAAAA-TCP_FORW: name:enp0s3: saddr:100932208: daddr:16783984
[  315.879728] AAAAA-TCP_FORW: name:enp0s3: saddr:100932208: daddr:16783984
[  316.019435] AAAAA-TCP_FORW: name:enp0s3: saddr:100932208: daddr:16783984
[  316.074103] AAAAA-TCP_FORW: name:enp0s3: saddr:100932208: daddr:16783984
[  316.166609] AAAAA-TCP_FORW: name:enp0s3: saddr:100932208: daddr:16783984
[  316.295543] AAAAA-TCP_FORW: name:enp0s3: saddr:100932208: daddr:16783984
[  316.368313] AAAAA-TCP_FORW: name:enp0s3: saddr:100932208: daddr:16783984
[  316.461041] AAAAA-TCP_FORW: name:enp0s3: saddr:100932208: daddr:16783984
[  316.550085] AAAAA-TCP_FORW: name:enp0s3: saddr:100932208: daddr:16783984
[  316.594441] AAAAA-TCP_FORW: name:enp0s3: saddr:16783984: daddr:100932208
[  316.634846] AAAAA-TCP_FORW: name:enp0s3: saddr:100932208: daddr:16783984
[  316.698646] AAAAA-TCP_FORW: name:enp0s3: saddr:100932208: daddr:16783984
[  316.757466] AAAAA-TCP_FORW: name:enp0s3: saddr:100932208: daddr:16783984
[  316.826963] AAAAA-TCP_FORW: name:enp0s3: saddr:16783984: daddr:100932208
[  316.854216] AAAAA-TCP_FORW: name:enp0s3: saddr:100932208: daddr:16783984
[  316.943924] AAAAA-TCP_FORW: name:enp0s3: saddr:100932208: daddr:16783984
[  316.973632] AAAAA-TCP_FORW: name:enp0s3: saddr:16783984: daddr:100932208
[  317.006459] AAAAA-TCP_FORW: name:enp0s3: saddr:16783984: daddr:100932208
[  317.104863] AAAAA-TCP_FORW: name:enp0s3: saddr:100932208: daddr:33561200
[  317.150470] AAAAA-TCP_FORW: name:enp0s3: saddr:16783984: daddr:100932208
[  317.177147] AAAAA-TCP_FORW: name:enp0s3: saddr:100932208: daddr:33561200
[  317.243094] AAAAA-TCP_FORW: name:enp0s3: saddr:16783984: daddr:100932208
[  317.296077] AAAAA-TCP_FORW: name:enp0s3: saddr:100932208: daddr:33561200
[  317.356539] AAAAA-TCP_FORW: name:enp0s3: saddr:16783984: daddr:100932208
[  317.404383] AAAAA-TCP_FORW: name:enp0s3: saddr:100932208: daddr:33561200
[  317.463840] AAAAA-TCP_FORW: name:enp0s3: saddr:16783984: daddr:100932208
[  317.492382] AAAAA-TCP_FORW: name:enp0s3: saddr:16783984: daddr:100932208
[  317.537463] AAAAA-TCP_FORW: name:enp0s3: saddr:100932208: daddr:33561200
[  317.585267] AAAAA-TCP_FORW: name:enp0s3: saddr:16783984: daddr:100932208
[  317.627036] AAAAA-TCP_FORW: name:enp0s3: saddr:100932208: daddr:33561200
[  317.677063] AAAAA-TCP_FORW: name:enp0s3: saddr:16783984: daddr:100932208
[  317.727840] AAAAA-TCP_FORW: name:enp0s3: saddr:16783984: daddr:100932208
[  317.751575] AAAAA-TCP_FORW: name:enp0s3: saddr:16783984: daddr:100932208
[  317.784469] AAAAA-TCP_FORW: name:enp0s3: saddr:16783984: daddr:100932208
[  317.819559] AAAAA-TCP_FORW: name:enp0s3: saddr:16783984: daddr:100932208
[  317.839056] AAAAA-TCP_FORW: name:enp0s3: saddr:16783984: daddr:100932208
[  317.874085] AAAAA-TCP_FORW: name:enp0s3: saddr:16783984: daddr:100932208
[  317.902690] AAAAA-TCP_FORW: name:enp0s3: saddr:16783984: daddr:100932208
[  317.926527] AAAAA-TCP_FORW: name:enp0s3: saddr:16783984: daddr:100932208
[  317.967097] AAAAA-TCP_FORW: name:enp0s3: saddr:16783984: daddr:100932208
[  317.989120] AAAAA-TCP_FORW: name:enp0s3: saddr:16783984: daddr:100932208
[  318.025672] AAAAA-TCP_FORW: name:enp0s3: saddr:16783984: daddr:100932208
[  318.073263] AAAAA-TCP_FORW: name:enp0s3: saddr:16783984: daddr:100932208
[  318.091738] AAAAA-TCP_FORW: name:enp0s3: saddr:100932208: daddr:16783984
[  318.147148] AAAAA-TCP_FORW: name:enp0s3: saddr:16783984: daddr:100932208
[  318.177914] AAAAA-TCP_FORW: name:enp0s3: saddr:16783984: daddr:100932208
[  318.207132] AAAAA-TCP_FORW: name:enp0s3: saddr:100932208: daddr:16783984
[  318.273371] AAAAA-TCP_FORW: name:enp0s3: saddr:16783984: daddr:100932208
[  318.326312] AAAAA-TCP_FORW: name:enp0s3: saddr:16783984: daddr:100932208
[  318.362150] AAAAA-TCP_FORW: name:enp0s3: saddr:100932208: daddr:16783984
[  318.420633] AAAAA-TCP_FORW: name:enp0s3: saddr:100932208: daddr:16783984
[  318.500036] AAAAA-TCP_FORW: name:enp0s3: saddr:33561200: daddr:100932208
[  318.533373] AAAAA-TCP_FORW: name:enp0s3: saddr:100932208: daddr:16783984
[  318.580718] AAAAA-TCP_FORW: name:enp0s3: saddr:33561200: daddr:100932208
[  318.620626] AAAAA-TCP_FORW: name:enp0s3: saddr:100932208: daddr:16783984
[  318.675620] AAAAA-TCP_FORW: name:enp0s3: saddr:33561200: daddr:100932208
[  318.729665] AAAAA-TCP_FORW: name:enp0s3: saddr:100932208: daddr:16783984
[  318.786381] AAAAA-TCP_FORW: name:enp0s3: saddr:33561200: daddr:100932208
[  318.821450] AAAAA-TCP_FORW: name:enp0s3: saddr:100932208: daddr:16783984
[  318.897168] AAAAA-TCP_FORW: name:enp0s3: saddr:100932208: daddr:16783984
[  318.936938] AAAAA-TCP_FORW: name:enp0s3: saddr:33561200: daddr:100932208
[  318.977423] AAAAA-TCP_FORW: name:enp0s3: saddr:100932208: daddr:16783984
[  319.031945] AAAAA-TCP_FORW: name:enp0s3: saddr:33561200: daddr:100932208
[  319.070509] AAAAA-TCP_FORW: name:enp0s3: saddr:100932208: daddr:16783984
[  319.188039] AAAAA-TCP_FORW: name:enp0s3: saddr:100932208: daddr:16783984
[  319.267478] AAAAA-TCP_FORW: name:enp0s3: saddr:100932208: daddr:16783984
[  319.327408] AAAAA-TCP_FORW: name:enp0s3: saddr:100932208: daddr:16783984
[  319.387733] AAAAA-TCP_FORW: name:enp0s3: saddr:100932208: daddr:16783984
[  319.475951] AAAAA-TCP_FORW: name:enp0s3: saddr:100932208: daddr:16783984
[  319.545706] AAAAA-TCP_FORW: name:enp0s3: saddr:100932208: daddr:16783984
[  319.642297] AAAAA-TCP_FORW: name:enp0s3: saddr:100932208: daddr:16783984
[  319.727238] AAAAA-TCP_FORW: name:enp0s3: saddr:100932208: daddr:16783984
[  319.807109] AAAAA-TCP_FORW: name:enp0s3: saddr:100932208: daddr:16783984
[  320.039573] AAAAA-TCP_FORW: name:enp0s3: saddr:100932208: daddr:16783984
[  320.069098] AAAAA-TCP_FORW: name:enp0s3: saddr:16783984: daddr:100932208
[  320.136082] AAAAA-TCP_FORW: name:enp0s3: saddr:100932208: daddr:16783984
[  320.183074] AAAAA-TCP_FORW: name:enp0s3: saddr:100932208: daddr:16783984
[  320.258819] AAAAA-TCP_FORW: name:enp0s3: saddr:100932208: daddr:16783984
[  320.312812] AAAAA-TCP_FORW: name:enp0s3: saddr:16783984: daddr:100932208
[  320.350819] AAAAA-TCP_FORW: name:enp0s3: saddr:100932208: daddr:16783984
[  320.460525] AAAAA-TCP_FORW: name:enp0s3: saddr:100932208: daddr:16783984
[  320.507941] AAAAA-TCP_FORW: name:enp0s3: saddr:100932208: daddr:16783984
[  320.615397] AAAAA-TCP_FORW: name:enp0s3: saddr:16783984: daddr:100932208
[  320.667516] AAAAA-TCP_FORW: name:enp0s3: saddr:100932208: daddr:16783984
[  320.718177] AAAAA-TCP_FORW: name:enp0s3: saddr:16783984: daddr:100932208
[  320.808568] AAAAA-TCP_FORW: name:enp0s3: saddr:100932208: daddr:33561200
[  320.853273] AAAAA-TCP_FORW: name:enp0s3: saddr:16783984: daddr:100932208
[  320.893922] AAAAA-TCP_FORW: name:enp0s3: saddr:100932208: daddr:33561200
[  320.953771] AAAAA-TCP_FORW: name:enp0s3: saddr:16783984: daddr:100932208
[  320.969293] AAAAA-TCP_FORW: name:enp0s3: saddr:100932208: daddr:33561200
[  321.087437] AAAAA-TCP_FORW: name:enp0s3: saddr:16783984: daddr:100932208
[  321.111425] AAAAA-TCP_FORW: name:enp0s3: saddr:100932208: daddr:33561200
[  321.181181] AAAAA-TCP_FORW: name:enp0s3: saddr:16783984: daddr:100932208
[  321.204682] AAAAA-TCP_FORW: name:enp0s3: saddr:100932208: daddr:33561200
[  321.292169] AAAAA-TCP_FORW: name:enp0s3: saddr:16783984: daddr:100932208
[  321.337892] AAAAA-TCP_FORW: name:enp0s3: saddr:100932208: daddr:33561200
[  321.386465] AAAAA-TCP_FORW: name:enp0s3: saddr:16783984: daddr:100932208
[  321.432554] AAAAA-TCP_FORW: name:enp0s3: saddr:100932208: daddr:33561200
[  321.490262] AAAAA-TCP_FORW: name:enp0s3: saddr:16783984: daddr:100932208
[  321.546995] AAAAA-TCP_FORW: name:enp0s3: saddr:16783984: daddr:100932208
[  321.572911] AAAAA-TCP_FORW: name:enp0s3: saddr:16783984: daddr:100932208
[  321.598791] AAAAA-TCP_FORW: name:enp0s3: saddr:16783984: daddr:100932208
[  321.624835] AAAAA-TCP_FORW: name:enp0s3: saddr:16783984: daddr:100932208
[  321.658576] AAAAA-TCP_FORW: name:enp0s3: saddr:16783984: daddr:100932208
[  321.679573] AAAAA-TCP_FORW: name:enp0s3: saddr:16783984: daddr:100932208
[  321.713001] AAAAA-TCP_FORW: name:enp0s3: saddr:16783984: daddr:100932208
[  321.742038] AAAAA-TCP_FORW: name:enp0s3: saddr:16783984: daddr:100932208
[  321.765669] AAAAA-TCP_FORW: name:enp0s3: saddr:16783984: daddr:100932208
[  321.832934] AAAAA-TCP_FORW: name:enp0s3: saddr:16783984: daddr:100932208
[  321.852009] AAAAA-TCP_FORW: name:enp0s3: saddr:100932208: daddr:16783984
[  321.908965] AAAAA-TCP_FORW: name:enp0s3: saddr:16783984: daddr:100932208
[  321.938485] AAAAA-TCP_FORW: name:enp0s3: saddr:16783984: daddr:100932208
[  321.966502] AAAAA-TCP_FORW: name:enp0s3: saddr:16783984: daddr:100932208
[  321.998665] AAAAA-TCP_FORW: name:enp0s3: saddr:100932208: daddr:16783984
[  322.053509] AAAAA-TCP_FORW: name:enp0s3: saddr:16783984: daddr:100932208
[  322.079436] AAAAA-TCP_FORW: name:enp0s3: saddr:16783984: daddr:100932208
[  322.123161] AAAAA-TCP_FORW: name:enp0s3: saddr:16783984: daddr:100932208
[  322.149645] AAAAA-TCP_FORW: name:enp0s3: saddr:100932208: daddr:16783984
[  322.199329] AAAAA-TCP_FORW: name:enp0s3: saddr:16783984: daddr:100932208
[  322.247904] AAAAA-TCP_FORW: name:enp0s3: saddr:100932208: daddr:16783984
[  322.293196] AAAAA-TCP_FORW: name:enp0s3: saddr:33561200: daddr:100932208
[  322.336271] AAAAA-TCP_FORW: name:enp0s3: saddr:100932208: daddr:16783984
[  322.381993] AAAAA-TCP_FORW: name:enp0s3: saddr:33561200: daddr:100932208
[  322.418528] AAAAA-TCP_FORW: name:enp0s3: saddr:100932208: daddr:16783984
[  322.498622] AAAAA-TCP_FORW: name:enp0s3: saddr:33561200: daddr:100932208
[  322.550781] AAAAA-TCP_FORW: name:enp0s3: saddr:100932208: daddr:16783984
[  322.598501] AAAAA-TCP_FORW: name:enp0s3: saddr:33561200: daddr:100932208
[  322.647911] AAAAA-TCP_FORW: name:enp0s3: saddr:100932208: daddr:16783984
[  322.698953] AAAAA-TCP_FORW: name:enp0s3: saddr:33561200: daddr:100932208
[  322.742153] AAAAA-TCP_FORW: name:enp0s3: saddr:100932208: daddr:16783984
[  322.786926] AAAAA-TCP_FORW: name:enp0s3: saddr:33561200: daddr:100932208
[  322.829181] AAAAA-TCP_FORW: name:enp0s3: saddr:100932208: daddr:16783984
[  322.882218] AAAAA-TCP_FORW: name:enp0s3: saddr:33561200: daddr:100932208
[  322.948129] AAAAA-TCP_FORW: name:enp0s3: saddr:100932208: daddr:16783984
[  323.026487] AAAAA-TCP_FORW: name:enp0s3: saddr:100932208: daddr:16783984
[  323.073019] AAAAA-TCP_FORW: name:enp0s3: saddr:100932208: daddr:16783984
[  323.136540] AAAAA-TCP_FORW: name:enp0s3: saddr:100932208: daddr:16783984
[  323.217112] AAAAA-TCP_FORW: name:enp0s3: saddr:100932208: daddr:16783984
[  323.308390] AAAAA-TCP_FORW: name:enp0s3: saddr:100932208: daddr:16783984
[  323.365096] AAAAA-TCP_FORW: name:enp0s3: saddr:100932208: daddr:16783984
[  323.453064] AAAAA-TCP_FORW: name:enp0s3: saddr:100932208: daddr:16783984
[  323.527377] AAAAA-TCP_FORW: name:enp0s3: saddr:100932208: daddr:16783984
[  323.603008] AAAAA-TCP_FORW: name:enp0s3: saddr:100932208: daddr:16783984
