[    0.000000] Linux version 5.4.243-mptcp (root@ztg) (gcc version 12.2.0 (Debian 12.2.0-14+deb12u1)) #53 SMP Wed Dec 24 23:28:15 CST 2025
[    0.000000] Command line: BOOT_IMAGE=/boot/vmlinuz-5.4.243-mptcp root=UUID=98415a12-53b7-4144-8265-0f7ece09e445 ro quiet splash
[    0.000000] KERNEL supported cpus:
[    0.000000]   Intel GenuineIntel
[    0.000000]   AMD AuthenticAMD
[    0.000000]   Hygon HygonGenuine
[    0.000000]   Centaur CentaurHauls
[    0.000000]   zhaoxin   Shanghai  
[    0.000000] x86/fpu: Supporting XSAVE feature 0x001: 'x87 floating point registers'
[    0.000000] x86/fpu: Supporting XSAVE feature 0x002: 'SSE registers'
[    0.000000] x86/fpu: Supporting XSAVE feature 0x004: 'AVX registers'
[    0.000000] x86/fpu: xstate_offset[2]:  576, xstate_sizes[2]:  256
[    0.000000] x86/fpu: Enabled xstate features 0x7, context size is 832 bytes, using 'standard' format.
[    0.000000] BIOS-provided physical RAM map:
[    0.000000] BIOS-e820: [mem 0x0000000000000000-0x000000000009fbff] usable
[    0.000000] BIOS-e820: [mem 0x000000000009fc00-0x000000000009ffff] reserved
[    0.000000] BIOS-e820: [mem 0x00000000000f0000-0x00000000000fffff] reserved
[    0.000000] BIOS-e820: [mem 0x0000000000100000-0x000000007ffeffff] usable
[    0.000000] BIOS-e820: [mem 0x000000007fff0000-0x000000007fffffff] ACPI data
[    0.000000] BIOS-e820: [mem 0x00000000fec00000-0x00000000fec00fff] reserved
[    0.000000] BIOS-e820: [mem 0x00000000fee00000-0x00000000fee00fff] reserved
[    0.000000] BIOS-e820: [mem 0x00000000fffc0000-0x00000000ffffffff] reserved
[    0.000000] NX (Execute Disable) protection: active
[    0.000000] SMBIOS 2.5 present.
[    0.000000] DMI: innotek GmbH VirtualBox/VirtualBox, BIOS VirtualBox 12/01/2006
[    0.000000] Hypervisor detected: KVM
[    0.000000] kvm-clock: Using msrs 4b564d01 and 4b564d00
[    0.000000] kvm-clock: cpu 0, msr 11c01001, primary cpu clock
[    0.000000] kvm-clock: using sched offset of 4443317620 cycles
[    0.000003] clocksource: kvm-clock: mask: 0xffffffffffffffff max_cycles: 0x1cd42e4dffb, max_idle_ns: 881590591483 ns
[    0.000005] tsc: Detected 2100.000 MHz processor
[    0.001874] e820: update [mem 0x00000000-0x00000fff] usable ==> reserved
[    0.001876] e820: remove [mem 0x000a0000-0x000fffff] usable
[    0.001880] last_pfn = 0x7fff0 max_arch_pfn = 0x400000000
[    0.001948] MTRR default type: uncachable
[    0.001949] MTRR fixed ranges enabled:
[    0.001950]   00000-9FFFF write-back
[    0.001951]   A0000-BFFFF uncachable
[    0.001952]   C0000-FFFFF write-protect
[    0.001952] MTRR variable ranges enabled:
[    0.001954]   0 base 000000000000 mask 3FFF80000000 write-back
[    0.001955]   1 disabled
[    0.001955]   2 disabled
[    0.001955]   3 disabled
[    0.001956]   4 disabled
[    0.001956]   5 disabled
[    0.001957]   6 disabled
[    0.001957]   7 disabled
[    0.001958]   8 disabled
[    0.001958]   9 disabled
[    0.001958]   10 disabled
[    0.001959]   11 disabled
[    0.001959]   12 disabled
[    0.001960]   13 disabled
[    0.001960]   14 disabled
[    0.001961]   15 disabled
[    0.001978] x86/PAT: Configuration [0-7]: WB  WC  UC- UC  WB  WP  UC- WT  
[    0.002112] found SMP MP-table at [mem 0x0009fff0-0x0009ffff]
[    0.089619] check: Scanning 1 areas for low memory corruption
[    0.089887] RAMDISK: [mem 0x32271000-0x3512ffff]
[    0.089895] ACPI: Early table checksum verification disabled
[    0.089900] ACPI: RSDP 0x00000000000E0000 000024 (v02 VBOX  )
[    0.089905] ACPI: XSDT 0x000000007FFF0030 00003C (v01 VBOX   VBOXXSDT 00000001 ASL  00000061)
[    0.089911] ACPI: FACP 0x000000007FFF00F0 0000F4 (v04 VBOX   VBOXFACP 00000001 ASL  00000061)
[    0.089918] ACPI: DSDT 0x000000007FFF02E0 002353 (v02 VBOX   VBOXBIOS 00000002 VBOX 00029BF3)
[    0.089922] ACPI: FACS 0x000000007FFF0200 000040
[    0.089925] ACPI: FACS 0x000000007FFF0200 000040
[    0.089929] ACPI: APIC 0x000000007FFF0240 000054 (v02 VBOX   VBOXAPIC 00000001 ASL  00000061)
[    0.089932] ACPI: SSDT 0x000000007FFF02A0 000038 (v01 VBOX   VBOXCPUT 00000002 VBOX 00029BF3)
[    0.089935] ACPI: Reserving FACP table memory at [mem 0x7fff00f0-0x7fff01e3]
[    0.089936] ACPI: Reserving DSDT table memory at [mem 0x7fff02e0-0x7fff2632]
[    0.089937] ACPI: Reserving FACS table memory at [mem 0x7fff0200-0x7fff023f]
[    0.089938] ACPI: Reserving FACS table memory at [mem 0x7fff0200-0x7fff023f]
[    0.089938] ACPI: Reserving APIC table memory at [mem 0x7fff0240-0x7fff0293]
[    0.089939] ACPI: Reserving SSDT table memory at [mem 0x7fff02a0-0x7fff02d7]
[    0.089954] ACPI: Local APIC address 0xfee00000
[    0.090140] No NUMA configuration found
[    0.090141] Faking a node at [mem 0x0000000000000000-0x000000007ffeffff]
[    0.090151] NODE_DATA(0) allocated [mem 0x7ffc5000-0x7ffeffff]
[    0.090411] Zone ranges:
[    0.090412]   DMA      [mem 0x0000000000001000-0x0000000000ffffff]
[    0.090414]   DMA32    [mem 0x0000000001000000-0x000000007ffeffff]
[    0.090414]   Normal   empty
[    0.090415]   Device   empty
[    0.090416] Movable zone start for each node
[    0.090418] Early memory node ranges
[    0.090418]   node   0: [mem 0x0000000000001000-0x000000000009efff]
[    0.090419]   node   0: [mem 0x0000000000100000-0x000000007ffeffff]
[    0.090422] Zeroed struct page in unavailable ranges: 114 pages
[    0.090423] Initmem setup node 0 [mem 0x0000000000001000-0x000000007ffeffff]
[    0.090425] On node 0 totalpages: 524174
[    0.090426]   DMA zone: 64 pages used for memmap
[    0.090426]   DMA zone: 21 pages reserved
[    0.090427]   DMA zone: 3998 pages, LIFO batch:0
[    0.090500]   DMA32 zone: 8128 pages used for memmap
[    0.090501]   DMA32 zone: 520176 pages, LIFO batch:63
[    0.099412] ACPI: PM-Timer IO Port: 0x4008
[    0.099416] ACPI: Local APIC address 0xfee00000
[    0.099483] IOAPIC[0]: apic_id 1, version 32, address 0xfec00000, GSI 0-23
[    0.099486] ACPI: INT_SRC_OVR (bus 0 bus_irq 0 global_irq 2 dfl dfl)
[    0.099488] ACPI: INT_SRC_OVR (bus 0 bus_irq 9 global_irq 9 low level)
[    0.099490] ACPI: IRQ0 used by override.
[    0.099491] ACPI: IRQ9 used by override.
[    0.099493] Using ACPI (MADT) for SMP configuration information
[    0.099500] smpboot: Allowing 1 CPUs, 0 hotplug CPUs
[    0.099521] PM: Registered nosave memory: [mem 0x00000000-0x00000fff]
[    0.099523] PM: Registered nosave memory: [mem 0x0009f000-0x0009ffff]
[    0.099523] PM: Registered nosave memory: [mem 0x000a0000-0x000effff]
[    0.099524] PM: Registered nosave memory: [mem 0x000f0000-0x000fffff]
[    0.099525] [mem 0x80000000-0xfebfffff] available for PCI devices
[    0.099526] Booting paravirtualized kernel on KVM
[    0.099529] clocksource: refined-jiffies: mask: 0xffffffff max_cycles: 0xffffffff, max_idle_ns: 7645519600211568 ns
[    0.099533] setup_percpu: NR_CPUS:8192 nr_cpumask_bits:1 nr_cpu_ids:1 nr_node_ids:1
[    0.100544] percpu: Embedded 60 pages/cpu s208896 r8192 d28672 u2097152
[    0.100549] pcpu-alloc: s208896 r8192 d28672 u2097152 alloc=1*2097152
[    0.100550] pcpu-alloc: [0] 0 
[    0.100576] Built 1 zonelists, mobility grouping on.  Total pages: 515961
[    0.100577] Policy zone: DMA32
[    0.100578] Kernel command line: BOOT_IMAGE=/boot/vmlinuz-5.4.243-mptcp root=UUID=98415a12-53b7-4144-8265-0f7ece09e445 ro quiet splash
[    0.101460] Dentry cache hash table entries: 262144 (order: 9, 2097152 bytes, linear)
[    0.101607] Inode-cache hash table entries: 131072 (order: 8, 1048576 bytes, linear)
[    0.101657] mem auto-init: stack:off, heap alloc:on, heap free:off
[    0.101660] Calgary: detecting Calgary via BIOS EBDA area
[    0.101661] Calgary: Unable to locate Rio Grande table in EBDA - bailing!
[    0.105722] Memory: 1967332K/2096696K available (14339K kernel code, 2398K rwdata, 4712K rodata, 2728K init, 17260K bss, 129364K reserved, 0K cma-reserved)
[    0.106653] SLUB: HWalign=64, Order=0-3, MinObjects=0, CPUs=1, Nodes=1
[    0.106670] ftrace: allocating 43186 entries in 169 pages
[    0.124746] rcu: Hierarchical RCU implementation.
[    0.124748] rcu: 	RCU restricting CPUs from NR_CPUS=8192 to nr_cpu_ids=1.
[    0.124749] 	Tasks RCU enabled.
[    0.124750] rcu: RCU calculated value of scheduler-enlistment delay is 25 jiffies.
[    0.124751] rcu: Adjusting geometry for rcu_fanout_leaf=16, nr_cpu_ids=1
[    0.127714] NR_IRQS: 524544, nr_irqs: 256, preallocated irqs: 16
[    0.127925] random: crng init done
[    0.137278] Console: colour VGA+ 80x25
[    0.137282] printk: console [tty0] enabled
[    0.137302] ACPI: Core revision 20190816
[    0.137393] APIC: Switch to symmetric I/O mode setup
[    0.137645] x2apic enabled
[    0.137882] Switched APIC routing to physical x2apic.
[    0.139011] ..TIMER: vector=0x30 apic1=0 pin1=2 apic2=-1 pin2=-1
[    0.139036] clocksource: tsc-early: mask: 0xffffffffffffffff max_cycles: 0x1e4530a99b6, max_idle_ns: 440795257976 ns
[    0.139042] Calibrating delay loop (skipped) preset value.. 4200.00 BogoMIPS (lpj=8400000)
[    0.139044] pid_max: default: 32768 minimum: 301
[    0.139071] LSM: Security Framework initializing
[    0.139081] Yama: becoming mindful.
[    0.139107] AppArmor: AppArmor initialized
[    0.139142] Mount-cache hash table entries: 4096 (order: 3, 32768 bytes, linear)
[    0.139147] Mountpoint-cache hash table entries: 4096 (order: 3, 32768 bytes, linear)
[    0.139157] *** VALIDATE tmpfs ***
[    0.139285] *** VALIDATE proc ***
[    0.139325] *** VALIDATE cgroup1 ***
[    0.139326] *** VALIDATE cgroup2 ***
[    0.139466] process: using mwait in idle threads
[    0.139472] Last level iTLB entries: 4KB 64, 2MB 8, 4MB 8
[    0.139472] Last level dTLB entries: 4KB 64, 2MB 0, 4MB 0, 1GB 4
[    0.139492] Spectre V1 : Mitigation: usercopy/swapgs barriers and __user pointer sanitization
[    0.139497] Spectre V2 : Mitigation: Retpolines
[    0.139498] Spectre V2 : Spectre v2 / SpectreRSB mitigation: Filling RSB on context switch
[    0.139498] Spectre V2 : Spectre v2 / SpectreRSB : Filling RSB on VMEXIT
[    0.139499] RETBleed: WARNING: Spectre v2 mitigation leaves CPU vulnerable to RETBleed attacks, data leaks possible!
[    0.139852] RETBleed: Vulnerable
[    0.139852] Speculative Store Bypass: Vulnerable
[    0.139857] TAA: Mitigation: TSX disabled
[    0.139857] MMIO Stale Data: Mitigation: Clear CPU buffers
[    0.144046] Freeing SMP alternatives memory: 40K
[    0.256099] smpboot: CPU0: Intel(R) Xeon(R) Silver 4216 CPU @ 2.10GHz (family: 0x6, model: 0x55, stepping: 0x7)
[    0.256238] Performance Events: unsupported p6 CPU model 85 no PMU driver, software events only.
[    0.256275] rcu: Hierarchical SRCU implementation.
[    0.256754] NMI watchdog: Perf NMI watchdog permanently disabled
[    0.256793] smp: Bringing up secondary CPUs ...
[    0.256794] smp: Brought up 1 node, 1 CPU
[    0.256795] smpboot: Max logical packages: 1
[    0.256796] smpboot: Total of 1 processors activated (4200.00 BogoMIPS)
[    0.257769] devtmpfs: initialized
[    0.257816] x86/mm: Memory block size: 128MB
[    0.258165] clocksource: jiffies: mask: 0xffffffff max_cycles: 0xffffffff, max_idle_ns: 7645041785100000 ns
[    0.258172] futex hash table entries: 256 (order: 2, 16384 bytes, linear)
[    0.258230] pinctrl core: initialized pinctrl subsystem
[    0.258332] PM: RTC time: 20:45:44, date: 2026-01-14
[    0.258440] NET: Registered protocol family 16
[    0.258515] audit: initializing netlink subsys (disabled)
[    0.258646] EISA bus registered
[    0.258647] cpuidle: using governor ladder
[    0.258648] cpuidle: using governor menu
[    0.258684] ACPI: bus type PCI registered
[    0.258686] acpiphp: ACPI Hot Plug PCI Controller Driver version: 0.5
[    0.258790] PCI: Using configuration type 1 for base access
[    0.259357] audit: type=2000 audit(1768394750.626:1): state=initialized audit_enabled=0 res=1
[    0.259437] HugeTLB registered 2.00 MiB page size, pre-allocated 0 pages
[    0.260259] ACPI: Added _OSI(Module Device)
[    0.260260] ACPI: Added _OSI(Processor Device)
[    0.260260] ACPI: Added _OSI(3.0 _SCP Extensions)
[    0.260261] ACPI: Added _OSI(Processor Aggregator Device)
[    0.260262] ACPI: Added _OSI(Linux-Dell-Video)
[    0.260263] ACPI: Added _OSI(Linux-Lenovo-NV-HDMI-Audio)
[    0.260264] ACPI: Added _OSI(Linux-HPI-Hybrid-Graphics)
[    0.262227] ACPI: 2 ACPI AML tables successfully acquired and loaded
[    0.263863] ACPI: Interpreter enabled
[    0.263872] ACPI: (supports S0 S5)
[    0.263874] ACPI: Using IOAPIC for interrupt routing
[    0.264079] PCI: Using host bridge windows from ACPI; if necessary, use "pci=nocrs" and report a bug
[    0.264186] ACPI: Enabled 2 GPEs in block 00 to 07
[    0.268984] ACPI: PCI Root Bridge [PCI0] (domain 0000 [bus 00-ff])
[    0.268989] acpi PNP0A03:00: _OSC: OS supports [ASPM ClockPM Segments MSI HPX-Type3]
[    0.269445] acpi PNP0A03:00: _OSC: not requesting OS control; OS requires [ExtendedConfig ASPM ClockPM MSI]
[    0.269453] acpi PNP0A03:00: fail to add MMCONFIG information, can't access extended PCI configuration space under this bridge.
[    0.269818] PCI host bridge to bus 0000:00
[    0.269820] pci_bus 0000:00: root bus resource [io  0x0000-0x0cf7 window]
[    0.269821] pci_bus 0000:00: root bus resource [io  0x0d00-0xffff window]
[    0.269822] pci_bus 0000:00: root bus resource [mem 0x000a0000-0x000bffff window]
[    0.269824] pci_bus 0000:00: root bus resource [mem 0x80000000-0xfdffffff window]
[    0.269825] pci_bus 0000:00: root bus resource [bus 00-ff]
[    0.269866] pci 0000:00:00.0: [8086:1237] type 00 class 0x060000
[    0.270785] pci 0000:00:01.0: [8086:7000] type 00 class 0x060100
[    0.271552] pci 0000:00:01.1: [8086:7111] type 00 class 0x01018a
[    0.271926] pci 0000:00:01.1: reg 0x20: [io  0xd000-0xd00f]
[    0.272080] pci 0000:00:01.1: legacy IDE quirk: reg 0x10: [io  0x01f0-0x01f7]
[    0.272081] pci 0000:00:01.1: legacy IDE quirk: reg 0x14: [io  0x03f6]
[    0.272082] pci 0000:00:01.1: legacy IDE quirk: reg 0x18: [io  0x0170-0x0177]
[    0.272082] pci 0000:00:01.1: legacy IDE quirk: reg 0x1c: [io  0x0376]
[    0.272614] pci 0000:00:02.0: [15ad:0405] type 00 class 0x030000
[    0.275116] pci 0000:00:02.0: reg 0x10: [io  0xd010-0xd01f]
[    0.279083] pci 0000:00:02.0: reg 0x14: [mem 0xe0000000-0xe7ffffff pref]
[    0.281748] pci 0000:00:02.0: reg 0x18: [mem 0xf0000000-0xf01fffff]
[    0.291826] pci 0000:00:03.0: [1022:2000] type 00 class 0x020000
[    0.292536] pci 0000:00:03.0: reg 0x10: [io  0xd020-0xd03f]
[    0.293174] pci 0000:00:03.0: reg 0x14: [mem 0xf0200000-0xf0200fff]
[    0.297613] pci 0000:00:04.0: [80ee:cafe] type 00 class 0x088000
[    0.298293] pci 0000:00:04.0: reg 0x10: [io  0xd040-0xd05f]
[    0.298914] pci 0000:00:04.0: reg 0x14: [mem 0xf0400000-0xf07fffff]
[    0.299153] pci 0000:00:04.0: reg 0x18: [mem 0xf0800000-0xf0803fff pref]
[    0.302702] pci 0000:00:07.0: [8086:7113] type 00 class 0x068000
[    0.303293] pci 0000:00:07.0: quirk: [io  0x4000-0x403f] claimed by PIIX4 ACPI
[    0.303302] pci 0000:00:07.0: quirk: [io  0x4100-0x410f] claimed by PIIX4 SMB
[    0.303907] pci 0000:00:08.0: [8086:100e] type 00 class 0x020000
[    0.304620] pci 0000:00:08.0: reg 0x10: [mem 0xf0820000-0xf083ffff]
[    0.305800] pci 0000:00:08.0: reg 0x18: [io  0xd060-0xd067]
[    0.308684] pci 0000:00:09.0: [8086:100e] type 00 class 0x020000
[    0.309448] pci 0000:00:09.0: reg 0x10: [mem 0xf0840000-0xf085ffff]
[    0.311151] pci 0000:00:09.0: reg 0x18: [io  0xd068-0xd06f]
[    0.320056] ACPI: PCI Interrupt Link [LNKA] (IRQs 5 9 10 *11)
[    0.320338] ACPI: PCI Interrupt Link [LNKB] (IRQs 5 9 *10 11)
[    0.320443] ACPI: PCI Interrupt Link [LNKC] (IRQs 5 *9 10 11)
[    0.320545] ACPI: PCI Interrupt Link [LNKD] (IRQs 5 9 10 *11)
[    0.323151] iommu: Default domain type: Translated 
[    0.323212] pci 0000:00:02.0: vgaarb: setting as boot VGA device
[    0.323214] pci 0000:00:02.0: vgaarb: VGA device added: decodes=io+mem,owns=io+mem,locks=none
[    0.323216] pci 0000:00:02.0: vgaarb: bridge control possible
[    0.323217] vgaarb: loaded
[    0.323431] SCSI subsystem initialized
[    0.323461] libata version 3.00 loaded.
[    0.323484] ACPI: bus type USB registered
[    0.323501] usbcore: registered new interface driver usbfs
[    0.323507] usbcore: registered new interface driver hub
[    0.323512] usbcore: registered new device driver usb
[    0.323541] pps_core: LinuxPPS API ver. 1 registered
[    0.323542] pps_core: Software ver. 5.3.6 - Copyright 2005-2007 Rodolfo Giometti <giometti@linux.it>
[    0.323544] PTP clock support registered
[    0.323578] EDAC MC: Ver: 3.0.0
[    0.323866] PCI: Using ACPI for IRQ routing
[    0.323867] PCI: pci_cache_line_size set to 64 bytes
[    0.324040] e820: reserve RAM buffer [mem 0x0009fc00-0x0009ffff]
[    0.324043] e820: reserve RAM buffer [mem 0x7fff0000-0x7fffffff]
[    0.324862] NetLabel: Initializing
[    0.324863] NetLabel:  domain hash size = 128
[    0.324863] NetLabel:  protocols = UNLABELED CIPSOv4 CALIPSO
[    0.324883] NetLabel:  unlabeled traffic allowed by default
[    0.325801] clocksource: Switched to clocksource kvm-clock
[    0.337401] *** VALIDATE bpf ***
[    0.337459] VFS: Disk quotas dquot_6.6.0
[    0.337471] VFS: Dquot-cache hash table entries: 512 (order 0, 4096 bytes)
[    0.337495] *** VALIDATE ramfs ***
[    0.337498] *** VALIDATE hugetlbfs ***
[    0.337578] AppArmor: AppArmor Filesystem Enabled
[    0.337602] pnp: PnP ACPI init
[    0.337664] pnp 00:00: Plug and Play ACPI device, IDs PNP0303 (active)
[    0.337732] pnp 00:01: Plug and Play ACPI device, IDs PNP0f03 (active)
[    0.338458] pnp: PnP ACPI: found 2 devices
[    0.339474] thermal_sys: Registered thermal governor 'fair_share'
[    0.339475] thermal_sys: Registered thermal governor 'bang_bang'
[    0.339475] thermal_sys: Registered thermal governor 'step_wise'
[    0.339476] thermal_sys: Registered thermal governor 'user_space'
[    0.339477] thermal_sys: Registered thermal governor 'power_allocator'
[    0.344007] clocksource: acpi_pm: mask: 0xffffff max_cycles: 0xffffff, max_idle_ns: 2085701024 ns
[    0.344046] pci_bus 0000:00: resource 4 [io  0x0000-0x0cf7 window]
[    0.344048] pci_bus 0000:00: resource 5 [io  0x0d00-0xffff window]
[    0.344049] pci_bus 0000:00: resource 6 [mem 0x000a0000-0x000bffff window]
[    0.344050] pci_bus 0000:00: resource 7 [mem 0x80000000-0xfdffffff window]
[    0.344108] NET: Registered protocol family 2
[    0.344183] IP idents hash table entries: 32768 (order: 6, 262144 bytes, linear)
[    0.344587] MPTCP tokens hash table entries: 8192 (order: 4, 65536 bytes, linear)
[    0.344607] MPTCP request tokens hash table entries: 8192 (order: 4, 65536 bytes, linear)
[    0.344632] default registered
[    0.344633] default registered
[    0.344633] MPTCP: Stable release v0.96
[    0.344639] tcp_listen_portaddr_hash hash table entries: 1024 (order: 2, 16384 bytes, linear)
[    0.344717] TCP established hash table entries: 16384 (order: 5, 131072 bytes, linear)
[    0.344783] TCP bind hash table entries: 16384 (order: 6, 262144 bytes, linear)
[    0.344809] TCP: Hash tables configured (established 16384 bind 16384)
[    0.345515] UDP hash table entries: 1024 (order: 3, 32768 bytes, linear)
[    0.345526] UDP-Lite hash table entries: 1024 (order: 3, 32768 bytes, linear)
[    0.345563] NET: Registered protocol family 1
[    0.345571] NET: Registered protocol family 44
[    0.345592] pci 0000:00:00.0: Limiting direct PCI/PCI transfers
[    0.345605] pci 0000:00:01.0: Activating ISA DMA hang workarounds
[    0.345662] pci 0000:00:02.0: Video device with shadowed ROM at [mem 0x000c0000-0x000dffff]
[    0.345726] PCI: CLS 0 bytes, default 64
[    0.345774] Trying to unpack rootfs image as initramfs...
[    0.515197] Freeing initrd memory: 47868K
[    0.515197] clocksource: tsc: mask: 0xffffffffffffffff max_cycles: 0x1e4530a99b6, max_idle_ns: 440795257976 ns
[    0.515197] clocksource: Switched to clocksource tsc
[    0.515197] platform rtc_cmos: registered platform RTC device (no PNP device found)
[    0.515197] check: Scanning for low memory corruption every 60 seconds
[    0.515197] Initialise system trusted keyrings
[    0.515197] Key type blacklist registered
[    0.515197] workingset: timestamp_bits=36 max_order=19 bucket_order=0
[    0.515197] zbud: loaded
[    0.515197] squashfs: version 4.0 (2009/01/31) Phillip Lougher
[    0.515197] fuse: init (API version 7.31)
[    0.515197] *** VALIDATE fuse ***
[    0.515197] *** VALIDATE fuse ***
[    0.515197] Platform Keyring initialized
[    0.531212] Key type asymmetric registered
[    0.531213] Asymmetric key parser 'x509' registered
[    0.531223] Block layer SCSI generic (bsg) driver version 0.4 loaded (major 244)
[    0.531262] io scheduler mq-deadline registered
[    0.531385] shpchp: Standard Hot Plug PCI Controller Driver version: 0.4
[    0.531632] ACPI: AC Adapter [AC] (on-line)
[    0.531677] input: Power Button as /devices/LNXSYSTM:00/LNXPWRBN:00/input/input0
[    0.531706] ACPI: Power Button [PWRF]
[    0.531791] input: Sleep Button as /devices/LNXSYSTM:00/LNXSLPBN:00/input/input1
[    0.531807] ACPI: Sleep Button [SLPF]
[    0.532026] Serial: 8250/16550 driver, 32 ports, IRQ sharing enabled
[    0.533178] Linux agpgart interface v0.103
[    0.627152] loop: module loaded
[    0.627289] ata_piix 0000:00:01.1: version 2.13
[    0.627683] scsi host0: ata_piix
[    0.627771] scsi host1: ata_piix
[    0.627797] ata1: PATA max UDMA/33 cmd 0x1f0 ctl 0x3f6 bmdma 0xd000 irq 14
[    0.627798] ata2: PATA max UDMA/33 cmd 0x170 ctl 0x376 bmdma 0xd008 irq 15
[    0.627874] tun: Universal TUN/TAP device driver, 1.6
[    0.628178] PPP generic driver version 2.4.2
[    0.628221] VFIO - User Level meta-driver version: 0.3
[    0.628450] ehci_hcd: USB 2.0 'Enhanced' Host Controller (EHCI) Driver
[    0.628454] ehci-pci: EHCI PCI platform driver
[    0.628468] ehci-platform: EHCI generic platform driver
[    0.628474] ohci_hcd: USB 1.1 'Open' Host Controller (OHCI) Driver
[    0.628475] ohci-pci: OHCI PCI platform driver
[    0.628482] ohci-platform: OHCI generic platform driver
[    0.628487] uhci_hcd: USB Universal Host Controller Interface driver
[    0.628549] i8042: PNP: PS/2 Controller [PNP0303:PS2K,PNP0f03:PS2M] at 0x60,0x64 irq 1,12
[    0.628981] serio: i8042 KBD port at 0x60,0x64 irq 1
[    0.628984] serio: i8042 AUX port at 0x60,0x64 irq 12
[    0.629068] mousedev: PS/2 mouse device common for all mice
[    0.629314] input: AT Translated Set 2 keyboard as /devices/platform/i8042/serio0/input/input2
[    0.629708] rtc_cmos rtc_cmos: registered as rtc0
[    0.629721] rtc_cmos rtc_cmos: alarms up to one day, 114 bytes nvram
[    0.629726] i2c /dev entries driver
[    0.629768] device-mapper: uevent: version 1.0.3
[    0.629811] device-mapper: ioctl: 4.41.0-ioctl (2019-09-16) initialised: dm-devel@redhat.com
[    0.629826] platform eisa.0: Probing EISA bus 0
[    0.629827] platform eisa.0: EISA: Cannot allocate resource for mainboard
[    0.629828] platform eisa.0: Cannot allocate resource for EISA slot 1
[    0.629829] platform eisa.0: Cannot allocate resource for EISA slot 2
[    0.629830] platform eisa.0: Cannot allocate resource for EISA slot 3
[    0.629831] platform eisa.0: Cannot allocate resource for EISA slot 4
[    0.629832] platform eisa.0: Cannot allocate resource for EISA slot 5
[    0.629833] platform eisa.0: Cannot allocate resource for EISA slot 6
[    0.629834] platform eisa.0: Cannot allocate resource for EISA slot 7
[    0.629835] platform eisa.0: Cannot allocate resource for EISA slot 8
[    0.629836] platform eisa.0: EISA: Detected 0 cards
[    0.629838] intel_pstate: CPU model not supported
[    0.629847] ledtrig-cpu: registered to indicate activity on CPUs
[    0.629899] drop_monitor: Initializing network drop monitor service
[    0.630058] NET: Registered protocol family 10
[    0.635205] Segment Routing with IPv6
[    0.635234] fullmesh registered
[    0.635235] ndiffports registered
[    0.635237] binder registered
[    0.635237] roundrobin registered
[    0.635238] redundant registered
[    0.635239] blest registered
[    0.635239] ecf registered
[    0.635240] NET: Registered protocol family 17
[    0.635271] Key type dns_resolver registered
[    0.635299] RAS: Correctable Errors collector initialized.
[    0.635299] IPI shorthand broadcast: enabled
[    0.635299] sched_clock: Marking stable (620176813, 11122927)->(633300795, -2001055)
[    0.635443] registered taskstats version 1
[    0.635452] Loading compiled-in X.509 certificates
[    0.636044] Loaded X.509 cert 'Build time autogenerated kernel key: 6909f3744cebb3d0de528d5887b96a727de79b1e'
[    0.636062] zswap: loaded using pool lzo/zbud
[    0.636115] Key type ._fscrypt registered
[    0.636115] Key type .fscrypt registered
[    0.640565] Key type big_key registered
[    0.642764] Key type encrypted registered
[    0.642766] AppArmor: AppArmor sha1 policy hashing enabled
[    0.642773] ima: No TPM chip found, activating TPM-bypass!
[    0.642777] ima: Allocated hash algorithm: sha1
[    0.642783] ima: No architecture policies found
[    0.642791] evm: Initialising EVM extended attributes:
[    0.642792] evm: security.selinux
[    0.642792] evm: security.SMACK64
[    0.642793] evm: security.SMACK64EXEC
[    0.642793] evm: security.SMACK64TRANSMUTE
[    0.642794] evm: security.SMACK64MMAP
[    0.642794] evm: security.apparmor
[    0.642795] evm: security.ima
[    0.642795] evm: security.capability
[    0.642796] evm: HMAC attrs: 0x1
[    0.643094] PM:   Magic number: 10:379:801
[    0.643121] acpi PNP0F03:00: hash matches
[    0.643194] rtc_cmos rtc_cmos: setting system clock to 2026-01-14T20:45:45 UTC (1768423545)
[    0.800305] ata1.00: ATA-6: VBOX HARDDISK, 1.0, max UDMA/133
[    0.800309] ata1.00: 209715200 sectors, multi 128: LBA 
[    0.800973] scsi 0:0:0:0: Direct-Access     ATA      VBOX HARDDISK    1.0  PQ: 0 ANSI: 5
[    0.801270] sd 0:0:0:0: [sda] 209715200 512-byte logical blocks: (107 GB/100 GiB)
[    0.801283] sd 0:0:0:0: [sda] Write Protect is off
[    0.801286] sd 0:0:0:0: [sda] Mode Sense: 00 3a 00 00
[    0.801307] sd 0:0:0:0: [sda] Write cache: enabled, read cache: enabled, doesn't support DPO or FUA
[    0.801627] sd 0:0:0:0: Attached scsi generic sg0 type 0
[    0.802934]  sda: sda1 sda2
[    0.811331] sd 0:0:0:0: [sda] Attached SCSI disk
[    0.814672] Freeing unused decrypted memory: 2040K
[    0.815742] Freeing unused kernel image memory: 2728K
[    0.815745] Write protecting the kernel read-only data: 22528k
[    0.816770] Freeing unused kernel image memory: 2036K
[    0.817331] Freeing unused kernel image memory: 1432K
[    0.844214] x86/mm: Checked W+X mappings: passed, no W+X pages found.
[    0.844219] Run /init as init process
[    0.955673] ACPI: Video Device [GFX0] (multi-head: yes  rom: no  post: no)
[    0.955746] input: Video Bus as /devices/LNXSYSTM:00/LNXSYBUS:00/PNP0A03:00/LNXVIDEO:00/input/input4
[    0.970547] pcnet32: pcnet32.c:v1.35 21.Apr.2008 tsbogend@alpha.franken.de
[    0.972295] piix4_smbus 0000:00:07.0: SMBus Host Controller at 0x4100, revision 0
[    0.974927] e1000: Intel(R) PRO/1000 Network Driver - version 7.3.21-k8-NAPI
[    0.974928] e1000: Copyright (c) 1999-2006 Intel Corporation.
[    0.985458] pcnet32: PCnet/FAST III 79C973 at 0xd020, 08:00:27:99:99:40 assigned IRQ 19
[    0.985503] pcnet32: Found PHY 0022:561b at address 0
[    0.985822] pcnet32: eth0: registered as PCnet/FAST III 79C973
[    0.989094] pcnet32: 1 cards_found
[    1.042849] pcnet32 0000:00:03.0 enp0s3: renamed from eth0
[    1.186129] input: ImExPS/2 Generic Explorer Mouse as /devices/platform/i8042/serio1/input/input5
[    1.379405] e1000 0000:00:08.0 eth0: (PCI:33MHz:32-bit) 08:00:27:14:72:69
[    1.379409] e1000 0000:00:08.0 eth0: Intel(R) PRO/1000 Network Connection
[    1.751377] e1000 0000:00:09.0 eth1: (PCI:33MHz:32-bit) 08:00:27:d5:be:ed
[    1.751380] e1000 0000:00:09.0 eth1: Intel(R) PRO/1000 Network Connection
[    1.752499] e1000 0000:00:08.0 enp0s8: renamed from eth0
[    1.754222] e1000 0000:00:09.0 enp0s9: renamed from eth1
[    1.911880] EXT4-fs (sda2): mounted filesystem with ordered data mode. Opts: (null)
[    2.001186] systemd[1]: Inserted module 'autofs4'
[    2.013660] systemd[1]: systemd 245.4-4ubuntu3 running in system mode. (+PAM +AUDIT +SELINUX +IMA +APPARMOR +SMACK +SYSVINIT +UTMP +LIBCRYPTSETUP +GCRYPT +GNUTLS +ACL +XZ +LZ4 +SECCOMP +BLKID +ELFUTILS +KMOD +IDN2 -IDN +PCRE2 default-hierarchy=hybrid)
[    2.013688] systemd[1]: Detected virtualization oracle.
[    2.013691] systemd[1]: Detected architecture x86-64.
[    2.014971] systemd[1]: Set hostname to <ztg>.
[    2.141219] systemd[1]: /lib/systemd/system/dbus.socket:5: ListenStream= references a path below legacy directory /var/run/, updating /var/run/dbus/system_bus_socket â†’ /run/dbus/system_bus_socket; please update the unit file accordingly.
[    2.194331] systemd[1]: Created slice system-modprobe.slice.
[    2.194512] systemd[1]: Created slice User and Session Slice.
[    2.194555] systemd[1]: Started Forward Password Requests to Wall Directory Watch.
[    2.194711] systemd[1]: Set up automount Arbitrary Executable File Formats File System Automount Point.
[    2.194745] systemd[1]: Reached target User and Group Name Lookups.
[    2.194753] systemd[1]: Reached target Remote File Systems.
[    2.194760] systemd[1]: Reached target Slices.
[    2.195339] systemd[1]: Listening on Syslog Socket.
[    2.195407] systemd[1]: Listening on fsck to fsckd communication Socket.
[    2.195443] systemd[1]: Listening on initctl Compatibility Named Pipe.
[    2.195572] systemd[1]: Listening on Journal Audit Socket.
[    2.195624] systemd[1]: Listening on Journal Socket (/dev/log).
[    2.195692] systemd[1]: Listening on Journal Socket.
[    2.195755] systemd[1]: Listening on udev Control Socket.
[    2.195792] systemd[1]: Listening on udev Kernel Socket.
[    2.196474] systemd[1]: Mounting Huge Pages File System...
[    2.197345] systemd[1]: Mounting POSIX Message Queue File System...
[    2.198188] systemd[1]: Mounting Kernel Debug File System...
[    2.199049] systemd[1]: Mounting Kernel Trace File System...
[    2.200930] systemd[1]: Starting Journal Service...
[    2.225634] systemd[1]: Starting Set the console keyboard layout...
[    2.233307] systemd[1]: Starting Create list of static device nodes for the current kernel...
[    2.235109] systemd[1]: Starting Load Kernel Module drm...
[    2.236120] systemd[1]: Condition check resulted in Set Up Additional Binary Formats being skipped.
[    2.236166] systemd[1]: Condition check resulted in File System Check on Root Device being skipped.
[    2.247901] systemd[1]: Starting Load Kernel Modules...
[    2.254780] systemd[1]: Starting Remount Root and Kernel File Systems...
[    2.263506] systemd[1]: Starting udev Coldplug all Devices...
[    2.275488] systemd[1]: Starting Uncomplicated firewall...
[    2.276993] systemd[1]: Mounted Huge Pages File System.
[    2.277077] systemd[1]: Mounted POSIX Message Queue File System.
[    2.277146] systemd[1]: Mounted Kernel Debug File System.
[    2.277214] systemd[1]: Mounted Kernel Trace File System.
[    2.277706] EXT4-fs (sda2): re-mounted. Opts: errors=remount-ro
[    2.296492] systemd[1]: Finished Create list of static device nodes for the current kernel.
[    2.297286] systemd[1]: modprobe@drm.service: Succeeded.
[    2.297643] systemd[1]: Finished Load Kernel Module drm.
[    2.314418] systemd[1]: Finished Remount Root and Kernel File Systems.
[    2.315253] systemd[1]: Finished Uncomplicated firewall.
[    2.317080] lp: driver loaded but no devices found
[    2.333042] systemd[1]: Condition check resulted in Rebuild Hardware Database being skipped.
[    2.333083] systemd[1]: Condition check resulted in Platform Persistent Storage Archival being skipped.
[    2.333719] systemd[1]: Starting Load/Save Random Seed...
[    2.340016] systemd[1]: Starting Create System Users...
[    2.345792] ppdev: user-space parallel port driver
[    2.352411] systemd[1]: Finished Load/Save Random Seed.
[    2.357273] systemd[1]: Finished Create System Users.
[    2.357965] systemd[1]: Starting Create Static Device Nodes in /dev...
[    2.401137] systemd[1]: Finished udev Coldplug all Devices.
[    2.403362] systemd[1]: Finished Create Static Device Nodes in /dev.
[    2.404090] systemd[1]: Starting udev Kernel Device Manager...
[    2.449476] [drm] DMA map mode: Caching DMA mappings.
[    2.449568] [drm] Capabilities:
[    2.449569] [drm]   Rect copy.
[    2.449569] [drm]   Cursor.
[    2.449569] [drm]   Cursor bypass.
[    2.449570] [drm]   Cursor bypass 2.
[    2.449570] [drm]   Alpha cursor.
[    2.449570] [drm]   Extended Fifo.
[    2.449571] [drm]   Pitchlock.
[    2.449571] [drm]   Irq mask.
[    2.449571] [drm]   GMR.
[    2.449572] [drm]   Traces.
[    2.449572] [drm]   GMR2.
[    2.449572] [drm]   Screen Object 2.
[    2.449573] [drm]   Command Buffers.
[    2.449573] [drm]   Command Buffers 2.
[    2.449574] [drm]   Guest Backed Resources.
[    2.449574] [drm] Max GMR ids is 8192
[    2.449575] [drm] Max number of GMR pages is 1048576
[    2.449575] [drm] Max dedicated hypervisor surface memory is 393216 kiB
[    2.449576] [drm] Maximum display memory size is 131072 kiB
[    2.449577] [drm] VRAM at 0xe0000000 size is 131072 kiB
[    2.449577] [drm] MMIO at 0xf0000000 size is 2048 kiB
[    2.450569] [TTM] Zone  kernel: Available graphics memory: 1011738 KiB
[    2.450569] [TTM] Initializing pool allocator
[    2.450573] [TTM] Initializing DMA pool allocator
[    2.450599] [drm] Supports vblank timestamp caching Rev 2 (21.10.2013).
[    2.450600] [drm] No driver support for vblank timestamp query.
[    2.450848] [drm] Screen Target Display device initialized
[    2.451023] [drm] width 720
[    2.451035] [drm] height 400
[    2.451039] [drm] bpp 32
[    2.451591] [drm] Fifo max 0x00200000 min 0x00001000 cap 0x00000355
[    2.452911] [drm] Using command buffers with DMA pool.
[    2.452915] [drm] DX: no.
[    2.452915] [drm] Atomic: yes.
[    2.452916] [drm] SM4_1: no.
[    2.452934] [drm:vmw_host_log [vmwgfx]] *ERROR* Failed to send host log message.
[    2.453816] [drm:vmw_host_log [vmwgfx]] *ERROR* Failed to send host log message.
[    2.466023] fbcon: svgadrmfb (fb0) is primary device
[    2.469576] Console: switching to colour frame buffer device 100x37
[    2.477205] [drm] Initialized vmwgfx 2.15.0 20180704 for 0000:00:02.0 on minor 0
[    2.478576] systemd[1]: Finished Load Kernel Modules.
[    2.479491] systemd[1]: Mounting FUSE Control File System...
[    2.480642] systemd[1]: Mounting Kernel Configuration File System...
[    2.506058] systemd[1]: Starting Apply Kernel Variables...
[    2.517504] systemd[1]: Mounted FUSE Control File System.
[    2.517580] systemd[1]: Condition check resulted in VMware vmblock fuse mount being skipped.
[    2.520066] systemd[1]: Finished Set the console keyboard layout.
[    2.520653] systemd[1]: Mounted Kernel Configuration File System.
[    2.520722] systemd[1]: Reached target Local File Systems (Pre).
[    2.523750] systemd[1]: Mounting Mount unit for bare, revision 5...
[    2.545044] systemd[1]: Mounting Mount unit for core18, revision 1705...
[    2.548222] systemd[1]: Mounting Mount unit for gnome-3-34-1804, revision 24...
[    2.549727] systemd[1]: Mounting Mount unit for gtk-common-themes, revision 1506...
[    2.561809] systemd[1]: Mounting Mount unit for gtk-common-themes, revision 1535...
[    2.590398] systemd[1]: Mounting Mount unit for snap-store, revision 433...
[    2.599593] systemd[1]: Mounting Mount unit for snapd, revision 7264...
[    2.609344] systemd[1]: Finished Apply Kernel Variables.
[    2.609482] systemd[1]: Mounted Mount unit for bare, revision 5.
[    2.611998] systemd[1]: Mounted Mount unit for core18, revision 1705.
[    2.621337] systemd[1]: Mounted Mount unit for gtk-common-themes, revision 1506.
[    2.631771] systemd[1]: Started udev Kernel Device Manager.
[    2.631868] systemd[1]: Mounted Mount unit for gnome-3-34-1804, revision 24.
[    2.632521] systemd[1]: Starting Show Plymouth Boot Screen...
[    2.638209] systemd[1]: Received SIGRTMIN+20 from PID 285 (plymouthd).
[    2.659333] systemd[1]: Mounted Mount unit for gtk-common-themes, revision 1535.
[    2.659520] systemd[1]: Started Show Plymouth Boot Screen.
[    2.661218] systemd[1]: Condition check resulted in Dispatch Password Requests to Console Directory Watch being skipped.
[    2.661299] systemd[1]: Started Forward Password Requests to Plymouth Directory Watch.
[    2.661392] systemd[1]: Reached target Local Encrypted Volumes.
[    2.694216] systemd[1]: Mounted Mount unit for snap-store, revision 433.
[    2.694432] systemd[1]: Mounted Mount unit for snapd, revision 7264.
[    2.694579] systemd[1]: Reached target Local File Systems.
[    2.696888] systemd[1]: Starting Load AppArmor profiles...
[    2.697667] systemd[1]: Starting Set console font and keymap...
[    2.717625] systemd[1]: Starting Tell Plymouth To Write Out Runtime Data...
[    2.719058] systemd[1]: Condition check resulted in Store a System Token in an EFI Variable being skipped.
[    2.719087] systemd[1]: Condition check resulted in Commit a transient machine-id on disk being skipped.
[    2.721774] systemd[1]: Received SIGRTMIN+20 from PID 285 (plymouthd).
[    2.722581] systemd[1]: plymouth-read-write.service: Succeeded.
[    2.722877] systemd[1]: Finished Tell Plymouth To Write Out Runtime Data.
[    2.725664] systemd[1]: Finished Set console font and keymap.
[    2.763564] audit: type=1400 audit(1768423547.616:2): apparmor="STATUS" operation="profile_load" profile="unconfined" name="nvidia_modprobe" pid=300 comm="apparmor_parser"
[    2.763566] audit: type=1400 audit(1768423547.616:3): apparmor="STATUS" operation="profile_load" profile="unconfined" name="nvidia_modprobe//kmod" pid=300 comm="apparmor_parser"
[    2.770318] audit: type=1400 audit(1768423547.624:4): apparmor="STATUS" operation="profile_load" profile="unconfined" name="/usr/sbin/tcpdump" pid=301 comm="apparmor_parser"
[    2.811872] audit: type=1400 audit(1768423547.660:5): apparmor="STATUS" operation="profile_load" profile="unconfined" name="/usr/bin/evince" pid=303 comm="apparmor_parser"
[    2.811875] audit: type=1400 audit(1768423547.660:6): apparmor="STATUS" operation="profile_load" profile="unconfined" name="/usr/bin/evince//sanitized_helper" pid=303 comm="apparmor_parser"
[    2.811876] audit: type=1400 audit(1768423547.660:7): apparmor="STATUS" operation="profile_load" profile="unconfined" name="/usr/bin/evince-previewer" pid=303 comm="apparmor_parser"
[    2.811878] audit: type=1400 audit(1768423547.660:8): apparmor="STATUS" operation="profile_load" profile="unconfined" name="/usr/bin/evince-previewer//sanitized_helper" pid=303 comm="apparmor_parser"
[    2.811879] audit: type=1400 audit(1768423547.660:9): apparmor="STATUS" operation="profile_load" profile="unconfined" name="/usr/bin/evince-thumbnailer" pid=303 comm="apparmor_parser"
[    2.824117] audit: type=1400 audit(1768423547.676:10): apparmor="STATUS" operation="profile_load" profile="unconfined" name="/usr/lib/cups/backend/cups-pdf" pid=304 comm="apparmor_parser"
[    2.902899] systemd[1]: Finished Load AppArmor profiles.
[    2.903807] systemd[1]: Starting Load AppArmor profiles managed internally by snapd...
[    2.967837] systemd[1]: Finished Load AppArmor profiles managed internally by snapd.
[    3.164749] systemd[1]: Started Journal Service.
[    3.171645] systemd-journald[229]: Received client request to flush runtime journal.
[    3.176372] systemd-journald[229]: File /var/log/journal/c455b248004a419c87ce85eea238d727/system.journal corrupted or uncleanly shut down, renaming and replacing.
[    4.417183] RAPL PMU: API unit is 2^-32 Joules, 0 fixed counters, 10737418240 ms ovfl timer
[    4.446243] cryptd: max_cpu_qlen set to 1000
[    4.598863] AVX2 version of gcm_enc/dec engaged.
[    4.598864] AES CTR mode by8 optimization enabled
[    5.336315] Adding 1998844k swap on /dev/sda1.  Priority:-2 extents:1 across:1998844k FS
[    6.593116] kauditd_printk_skb: 30 callbacks suppressed
[    6.593117] audit: type=1400 audit(1768423551.440:41): apparmor="DENIED" operation="capable" profile="/usr/sbin/cups-browsed" pid=498 comm="cups-browsed" capability=23  capname="sys_nice"
[    7.425414] pcnet32 0000:00:03.0 enp0s3: link up, 100Mbps, full-duplex
[    7.460762] e1000: enp0s8 NIC Link is Up 1000 Mbps Full Duplex, Flow Control: RX
[    7.461034] IPv6: ADDRCONF(NETDEV_CHANGE): enp0s8: link becomes ready
[    7.473167] e1000: enp0s9 NIC Link is Up 1000 Mbps Full Duplex, Flow Control: RX
[    7.473454] IPv6: ADDRCONF(NETDEV_CHANGE): enp0s9: link becomes ready
[    7.994561] device enp0s3 entered promiscuous mode
[    8.023418] audit: type=1400 audit(1768423552.872:42): apparmor="DENIED" operation="open" profile="/usr/sbin/tcpdump" name="/proc/sys/kernel/random/boot_id" pid=689 comm="tcpdump" requested_mask="r" denied_mask="r" fsuid=0 ouid=0
[    8.023645] audit: type=1400 audit(1768423552.872:43): apparmor="DENIED" operation="open" profile="/usr/sbin/tcpdump" name="/proc/sys/kernel/random/boot_id" pid=689 comm="tcpdump" requested_mask="r" denied_mask="r" fsuid=0 ouid=0
[    8.023696] audit: type=1400 audit(1768423552.872:44): apparmor="DENIED" operation="open" profile="/usr/sbin/tcpdump" name="/proc/sys/kernel/random/boot_id" pid=689 comm="tcpdump" requested_mask="r" denied_mask="r" fsuid=0 ouid=0
[    8.023796] audit: type=1400 audit(1768423552.872:45): apparmor="DENIED" operation="open" profile="/usr/sbin/tcpdump" name="/proc/sys/kernel/random/boot_id" pid=689 comm="tcpdump" requested_mask="r" denied_mask="r" fsuid=0 ouid=0
[    8.028342] audit: type=1400 audit(1768423552.880:46): apparmor="DENIED" operation="open" profile="/usr/sbin/tcpdump" name="/proc/sys/kernel/random/boot_id" pid=690 comm="tcpdump" requested_mask="r" denied_mask="r" fsuid=0 ouid=0
[    8.028530] audit: type=1400 audit(1768423552.880:47): apparmor="DENIED" operation="open" profile="/usr/sbin/tcpdump" name="/proc/sys/kernel/random/boot_id" pid=690 comm="tcpdump" requested_mask="r" denied_mask="r" fsuid=0 ouid=0
[    8.028567] audit: type=1400 audit(1768423552.880:48): apparmor="DENIED" operation="open" profile="/usr/sbin/tcpdump" name="/proc/sys/kernel/random/boot_id" pid=690 comm="tcpdump" requested_mask="r" denied_mask="r" fsuid=0 ouid=0
[    8.028653] audit: type=1400 audit(1768423552.880:49): apparmor="DENIED" operation="open" profile="/usr/sbin/tcpdump" name="/proc/sys/kernel/random/boot_id" pid=690 comm="tcpdump" requested_mask="r" denied_mask="r" fsuid=0 ouid=0
[   12.402724] rfkill: input handler disabled
[  108.625487] rfkill: input handler enabled
[  117.121367] rfkill: input handler disabled
[  456.831511] device enp0s3 left promiscuous mode
