[    0.000000] Linux version 5.4.243-mptcp (root@ztg) (gcc version 12.2.0 (Debian 12.2.0-14+deb12u1)) #53 SMP Wed Dec 24 23:28:15 CST 2025
[    0.000000] Command line: BOOT_IMAGE=/boot/vmlinuz-5.4.243-mptcp root=UUID=98415a12-53b7-4144-8265-0f7ece09e445 ro quiet splash
[    0.000000] KERNEL supported cpus:
[    0.000000]   Intel GenuineIntel
[    0.000000]   AMD AuthenticAMD
[    0.000000]   Hygon HygonGenuine
[    0.000000]   Centaur CentaurHauls
[    0.000000]   zhaoxin   Shanghai  
[    0.000000] x86/fpu: Supporting XSAVE feature 0x001: 'x87 floating point registers'
[    0.000000] x86/fpu: Supporting XSAVE feature 0x002: 'SSE registers'
[    0.000000] x86/fpu: Supporting XSAVE feature 0x004: 'AVX registers'
[    0.000000] x86/fpu: xstate_offset[2]:  576, xstate_sizes[2]:  256
[    0.000000] x86/fpu: Enabled xstate features 0x7, context size is 832 bytes, using 'standard' format.
[    0.000000] BIOS-provided physical RAM map:
[    0.000000] BIOS-e820: [mem 0x0000000000000000-0x000000000009fbff] usable
[    0.000000] BIOS-e820: [mem 0x000000000009fc00-0x000000000009ffff] reserved
[    0.000000] BIOS-e820: [mem 0x00000000000f0000-0x00000000000fffff] reserved
[    0.000000] BIOS-e820: [mem 0x0000000000100000-0x000000007ffeffff] usable
[    0.000000] BIOS-e820: [mem 0x000000007fff0000-0x000000007fffffff] ACPI data
[    0.000000] BIOS-e820: [mem 0x00000000fec00000-0x00000000fec00fff] reserved
[    0.000000] BIOS-e820: [mem 0x00000000fee00000-0x00000000fee00fff] reserved
[    0.000000] BIOS-e820: [mem 0x00000000fffc0000-0x00000000ffffffff] reserved
[    0.000000] NX (Execute Disable) protection: active
[    0.000000] SMBIOS 2.5 present.
[    0.000000] DMI: innotek GmbH VirtualBox/VirtualBox, BIOS VirtualBox 12/01/2006
[    0.000000] Hypervisor detected: KVM
[    0.000000] kvm-clock: Using msrs 4b564d01 and 4b564d00
[    0.000000] kvm-clock: cpu 0, msr 5de01001, primary cpu clock
[    0.000000] kvm-clock: using sched offset of 4489840370 cycles
[    0.000003] clocksource: kvm-clock: mask: 0xffffffffffffffff max_cycles: 0x1cd42e4dffb, max_idle_ns: 881590591483 ns
[    0.000006] tsc: Detected 2100.000 MHz processor
[    0.001879] e820: update [mem 0x00000000-0x00000fff] usable ==> reserved
[    0.001881] e820: remove [mem 0x000a0000-0x000fffff] usable
[    0.001885] last_pfn = 0x7fff0 max_arch_pfn = 0x400000000
[    0.001953] MTRR default type: uncachable
[    0.001953] MTRR fixed ranges enabled:
[    0.001955]   00000-9FFFF write-back
[    0.001955]   A0000-BFFFF uncachable
[    0.001956]   C0000-FFFFF write-protect
[    0.001957] MTRR variable ranges enabled:
[    0.001958]   0 base 000000000000 mask 3FFF80000000 write-back
[    0.001959]   1 disabled
[    0.001960]   2 disabled
[    0.001960]   3 disabled
[    0.001960]   4 disabled
[    0.001961]   5 disabled
[    0.001961]   6 disabled
[    0.001962]   7 disabled
[    0.001962]   8 disabled
[    0.001962]   9 disabled
[    0.001963]   10 disabled
[    0.001963]   11 disabled
[    0.001964]   12 disabled
[    0.001964]   13 disabled
[    0.001965]   14 disabled
[    0.001965]   15 disabled
[    0.001980] x86/PAT: Configuration [0-7]: WB  WC  UC- UC  WB  WP  UC- WT  
[    0.002114] found SMP MP-table at [mem 0x0009fff0-0x0009ffff]
[    0.091504] check: Scanning 1 areas for low memory corruption
[    0.091719] RAMDISK: [mem 0x32271000-0x3512ffff]
[    0.091728] ACPI: Early table checksum verification disabled
[    0.091733] ACPI: RSDP 0x00000000000E0000 000024 (v02 VBOX  )
[    0.091738] ACPI: XSDT 0x000000007FFF0030 00003C (v01 VBOX   VBOXXSDT 00000001 ASL  00000061)
[    0.091745] ACPI: FACP 0x000000007FFF00F0 0000F4 (v04 VBOX   VBOXFACP 00000001 ASL  00000061)
[    0.091751] ACPI: DSDT 0x000000007FFF02E0 002353 (v02 VBOX   VBOXBIOS 00000002 VBOX 00029BF3)
[    0.091756] ACPI: FACS 0x000000007FFF0200 000040
[    0.091759] ACPI: FACS 0x000000007FFF0200 000040
[    0.091762] ACPI: APIC 0x000000007FFF0240 000054 (v02 VBOX   VBOXAPIC 00000001 ASL  00000061)
[    0.091766] ACPI: SSDT 0x000000007FFF02A0 000038 (v01 VBOX   VBOXCPUT 00000002 VBOX 00029BF3)
[    0.091769] ACPI: Reserving FACP table memory at [mem 0x7fff00f0-0x7fff01e3]
[    0.091770] ACPI: Reserving DSDT table memory at [mem 0x7fff02e0-0x7fff2632]
[    0.091771] ACPI: Reserving FACS table memory at [mem 0x7fff0200-0x7fff023f]
[    0.091771] ACPI: Reserving FACS table memory at [mem 0x7fff0200-0x7fff023f]
[    0.091772] ACPI: Reserving APIC table memory at [mem 0x7fff0240-0x7fff0293]
[    0.091773] ACPI: Reserving SSDT table memory at [mem 0x7fff02a0-0x7fff02d7]
[    0.091796] ACPI: Local APIC address 0xfee00000
[    0.091987] No NUMA configuration found
[    0.091988] Faking a node at [mem 0x0000000000000000-0x000000007ffeffff]
[    0.091998] NODE_DATA(0) allocated [mem 0x7ffc5000-0x7ffeffff]
[    0.092260] Zone ranges:
[    0.092261]   DMA      [mem 0x0000000000001000-0x0000000000ffffff]
[    0.092262]   DMA32    [mem 0x0000000001000000-0x000000007ffeffff]
[    0.092263]   Normal   empty
[    0.092264]   Device   empty
[    0.092265] Movable zone start for each node
[    0.092266] Early memory node ranges
[    0.092267]   node   0: [mem 0x0000000000001000-0x000000000009efff]
[    0.092268]   node   0: [mem 0x0000000000100000-0x000000007ffeffff]
[    0.092271] Zeroed struct page in unavailable ranges: 114 pages
[    0.092272] Initmem setup node 0 [mem 0x0000000000001000-0x000000007ffeffff]
[    0.092273] On node 0 totalpages: 524174
[    0.092274]   DMA zone: 64 pages used for memmap
[    0.092275]   DMA zone: 21 pages reserved
[    0.092276]   DMA zone: 3998 pages, LIFO batch:0
[    0.092347]   DMA32 zone: 8128 pages used for memmap
[    0.092347]   DMA32 zone: 520176 pages, LIFO batch:63
[    0.101319] ACPI: PM-Timer IO Port: 0x4008
[    0.101323] ACPI: Local APIC address 0xfee00000
[    0.101392] IOAPIC[0]: apic_id 1, version 32, address 0xfec00000, GSI 0-23
[    0.101395] ACPI: INT_SRC_OVR (bus 0 bus_irq 0 global_irq 2 dfl dfl)
[    0.101397] ACPI: INT_SRC_OVR (bus 0 bus_irq 9 global_irq 9 low level)
[    0.101399] ACPI: IRQ0 used by override.
[    0.101400] ACPI: IRQ9 used by override.
[    0.101403] Using ACPI (MADT) for SMP configuration information
[    0.101410] smpboot: Allowing 1 CPUs, 0 hotplug CPUs
[    0.101433] PM: Registered nosave memory: [mem 0x00000000-0x00000fff]
[    0.101435] PM: Registered nosave memory: [mem 0x0009f000-0x0009ffff]
[    0.101435] PM: Registered nosave memory: [mem 0x000a0000-0x000effff]
[    0.101436] PM: Registered nosave memory: [mem 0x000f0000-0x000fffff]
[    0.101437] [mem 0x80000000-0xfebfffff] available for PCI devices
[    0.101438] Booting paravirtualized kernel on KVM
[    0.101442] clocksource: refined-jiffies: mask: 0xffffffff max_cycles: 0xffffffff, max_idle_ns: 7645519600211568 ns
[    0.101447] setup_percpu: NR_CPUS:8192 nr_cpumask_bits:1 nr_cpu_ids:1 nr_node_ids:1
[    0.102441] percpu: Embedded 60 pages/cpu s208896 r8192 d28672 u2097152
[    0.102447] pcpu-alloc: s208896 r8192 d28672 u2097152 alloc=1*2097152
[    0.102448] pcpu-alloc: [0] 0 
[    0.102474] Built 1 zonelists, mobility grouping on.  Total pages: 515961
[    0.102475] Policy zone: DMA32
[    0.102476] Kernel command line: BOOT_IMAGE=/boot/vmlinuz-5.4.243-mptcp root=UUID=98415a12-53b7-4144-8265-0f7ece09e445 ro quiet splash
[    0.103304] Dentry cache hash table entries: 262144 (order: 9, 2097152 bytes, linear)
[    0.103450] Inode-cache hash table entries: 131072 (order: 8, 1048576 bytes, linear)
[    0.103500] mem auto-init: stack:off, heap alloc:on, heap free:off
[    0.103503] Calgary: detecting Calgary via BIOS EBDA area
[    0.103504] Calgary: Unable to locate Rio Grande table in EBDA - bailing!
[    0.107619] Memory: 1967332K/2096696K available (14339K kernel code, 2398K rwdata, 4712K rodata, 2728K init, 17260K bss, 129364K reserved, 0K cma-reserved)
[    0.108550] SLUB: HWalign=64, Order=0-3, MinObjects=0, CPUs=1, Nodes=1
[    0.108568] ftrace: allocating 43186 entries in 169 pages
[    0.126832] rcu: Hierarchical RCU implementation.
[    0.126834] rcu: 	RCU restricting CPUs from NR_CPUS=8192 to nr_cpu_ids=1.
[    0.126836] 	Tasks RCU enabled.
[    0.126837] rcu: RCU calculated value of scheduler-enlistment delay is 25 jiffies.
[    0.126838] rcu: Adjusting geometry for rcu_fanout_leaf=16, nr_cpu_ids=1
[    0.129814] NR_IRQS: 524544, nr_irqs: 256, preallocated irqs: 16
[    0.130031] random: crng init done
[    0.139288] Console: colour VGA+ 80x25
[    0.139293] printk: console [tty0] enabled
[    0.139315] ACPI: Core revision 20190816
[    0.139420] APIC: Switch to symmetric I/O mode setup
[    0.139670] x2apic enabled
[    0.139921] Switched APIC routing to physical x2apic.
[    0.141062] ..TIMER: vector=0x30 apic1=0 pin1=2 apic2=-1 pin2=-1
[    0.141086] clocksource: tsc-early: mask: 0xffffffffffffffff max_cycles: 0x1e4530a99b6, max_idle_ns: 440795257976 ns
[    0.141092] Calibrating delay loop (skipped) preset value.. 4200.00 BogoMIPS (lpj=8400000)
[    0.141095] pid_max: default: 32768 minimum: 301
[    0.141125] LSM: Security Framework initializing
[    0.141135] Yama: becoming mindful.
[    0.141162] AppArmor: AppArmor initialized
[    0.141196] Mount-cache hash table entries: 4096 (order: 3, 32768 bytes, linear)
[    0.141200] Mountpoint-cache hash table entries: 4096 (order: 3, 32768 bytes, linear)
[    0.141210] *** VALIDATE tmpfs ***
[    0.141342] *** VALIDATE proc ***
[    0.141383] *** VALIDATE cgroup1 ***
[    0.141385] *** VALIDATE cgroup2 ***
[    0.141526] process: using mwait in idle threads
[    0.141531] Last level iTLB entries: 4KB 64, 2MB 8, 4MB 8
[    0.141532] Last level dTLB entries: 4KB 64, 2MB 0, 4MB 0, 1GB 4
[    0.141552] Spectre V1 : Mitigation: usercopy/swapgs barriers and __user pointer sanitization
[    0.141558] Spectre V2 : Mitigation: Retpolines
[    0.141559] Spectre V2 : Spectre v2 / SpectreRSB mitigation: Filling RSB on context switch
[    0.141559] Spectre V2 : Spectre v2 / SpectreRSB : Filling RSB on VMEXIT
[    0.141560] RETBleed: WARNING: Spectre v2 mitigation leaves CPU vulnerable to RETBleed attacks, data leaks possible!
[    0.141922] RETBleed: Vulnerable
[    0.141922] Speculative Store Bypass: Vulnerable
[    0.141928] TAA: Mitigation: TSX disabled
[    0.141928] MMIO Stale Data: Mitigation: Clear CPU buffers
[    0.146194] Freeing SMP alternatives memory: 40K
[    0.258634] smpboot: CPU0: Intel(R) Xeon(R) Silver 4216 CPU @ 2.10GHz (family: 0x6, model: 0x55, stepping: 0x7)
[    0.258802] Performance Events: unsupported p6 CPU model 85 no PMU driver, software events only.
[    0.258849] rcu: Hierarchical SRCU implementation.
[    0.259407] NMI watchdog: Perf NMI watchdog permanently disabled
[    0.259457] smp: Bringing up secondary CPUs ...
[    0.259458] smp: Brought up 1 node, 1 CPU
[    0.259459] smpboot: Max logical packages: 1
[    0.259460] smpboot: Total of 1 processors activated (4200.00 BogoMIPS)
[    0.260539] devtmpfs: initialized
[    0.260593] x86/mm: Memory block size: 128MB
[    0.260971] clocksource: jiffies: mask: 0xffffffff max_cycles: 0xffffffff, max_idle_ns: 7645041785100000 ns
[    0.260978] futex hash table entries: 256 (order: 2, 16384 bytes, linear)
[    0.261035] pinctrl core: initialized pinctrl subsystem
[    0.261088] PM: RTC time: 18:16:53, date: 2026-01-15
[    0.261088] NET: Registered protocol family 16
[    0.261088] audit: initializing netlink subsys (disabled)
[    0.261088] EISA bus registered
[    0.261088] cpuidle: using governor ladder
[    0.261088] cpuidle: using governor menu
[    0.261088] ACPI: bus type PCI registered
[    0.261088] acpiphp: ACPI Hot Plug PCI Controller Driver version: 0.5
[    0.261088] PCI: Using configuration type 1 for base access
[    0.262026] audit: type=2000 audit(1768472219.396:1): state=initialized audit_enabled=0 res=1
[    0.262112] HugeTLB registered 2.00 MiB page size, pre-allocated 0 pages
[    0.263097] ACPI: Added _OSI(Module Device)
[    0.263098] ACPI: Added _OSI(Processor Device)
[    0.263099] ACPI: Added _OSI(3.0 _SCP Extensions)
[    0.263100] ACPI: Added _OSI(Processor Aggregator Device)
[    0.263101] ACPI: Added _OSI(Linux-Dell-Video)
[    0.263101] ACPI: Added _OSI(Linux-Lenovo-NV-HDMI-Audio)
[    0.263102] ACPI: Added _OSI(Linux-HPI-Hybrid-Graphics)
[    0.265271] ACPI: 2 ACPI AML tables successfully acquired and loaded
[    0.266802] ACPI: Interpreter enabled
[    0.266812] ACPI: (supports S0 S5)
[    0.266813] ACPI: Using IOAPIC for interrupt routing
[    0.267019] PCI: Using host bridge windows from ACPI; if necessary, use "pci=nocrs" and report a bug
[    0.267128] ACPI: Enabled 2 GPEs in block 00 to 07
[    0.272035] ACPI: PCI Root Bridge [PCI0] (domain 0000 [bus 00-ff])
[    0.272040] acpi PNP0A03:00: _OSC: OS supports [ASPM ClockPM Segments MSI HPX-Type3]
[    0.272483] acpi PNP0A03:00: _OSC: not requesting OS control; OS requires [ExtendedConfig ASPM ClockPM MSI]
[    0.272491] acpi PNP0A03:00: fail to add MMCONFIG information, can't access extended PCI configuration space under this bridge.
[    0.272862] PCI host bridge to bus 0000:00
[    0.272864] pci_bus 0000:00: root bus resource [io  0x0000-0x0cf7 window]
[    0.272865] pci_bus 0000:00: root bus resource [io  0x0d00-0xffff window]
[    0.272866] pci_bus 0000:00: root bus resource [mem 0x000a0000-0x000bffff window]
[    0.272867] pci_bus 0000:00: root bus resource [mem 0x80000000-0xfdffffff window]
[    0.272869] pci_bus 0000:00: root bus resource [bus 00-ff]
[    0.272909] pci 0000:00:00.0: [8086:1237] type 00 class 0x060000
[    0.273908] pci 0000:00:01.0: [8086:7000] type 00 class 0x060100
[    0.274645] pci 0000:00:01.1: [8086:7111] type 00 class 0x01018a
[    0.275017] pci 0000:00:01.1: reg 0x20: [io  0xd000-0xd00f]
[    0.275170] pci 0000:00:01.1: legacy IDE quirk: reg 0x10: [io  0x01f0-0x01f7]
[    0.275171] pci 0000:00:01.1: legacy IDE quirk: reg 0x14: [io  0x03f6]
[    0.275172] pci 0000:00:01.1: legacy IDE quirk: reg 0x18: [io  0x0170-0x0177]
[    0.275173] pci 0000:00:01.1: legacy IDE quirk: reg 0x1c: [io  0x0376]
[    0.275715] pci 0000:00:02.0: [15ad:0405] type 00 class 0x030000
[    0.277167] pci 0000:00:02.0: reg 0x10: [io  0xd010-0xd01f]
[    0.281135] pci 0000:00:02.0: reg 0x14: [mem 0xe0000000-0xe7ffffff pref]
[    0.283872] pci 0000:00:02.0: reg 0x18: [mem 0xf0000000-0xf01fffff]
[    0.293911] pci 0000:00:03.0: [1022:2000] type 00 class 0x020000
[    0.294722] pci 0000:00:03.0: reg 0x10: [io  0xd020-0xd03f]
[    0.297240] pci 0000:00:03.0: reg 0x14: [mem 0xf0200000-0xf0200fff]
[    0.300815] pci 0000:00:04.0: [80ee:cafe] type 00 class 0x088000
[    0.301209] pci 0000:00:04.0: reg 0x10: [io  0xd040-0xd05f]
[    0.301828] pci 0000:00:04.0: reg 0x14: [mem 0xf0400000-0xf07fffff]
[    0.302433] pci 0000:00:04.0: reg 0x18: [mem 0xf0800000-0xf0803fff pref]
[    0.306489] pci 0000:00:07.0: [8086:7113] type 00 class 0x068000
[    0.307043] pci 0000:00:07.0: quirk: [io  0x4000-0x403f] claimed by PIIX4 ACPI
[    0.307053] pci 0000:00:07.0: quirk: [io  0x4100-0x410f] claimed by PIIX4 SMB
[    0.307669] pci 0000:00:08.0: [8086:100e] type 00 class 0x020000
[    0.308441] pci 0000:00:08.0: reg 0x10: [mem 0xf0820000-0xf083ffff]
[    0.309703] pci 0000:00:08.0: reg 0x18: [io  0xd060-0xd067]
[    0.313021] pci 0000:00:09.0: [8086:100e] type 00 class 0x020000
[    0.313838] pci 0000:00:09.0: reg 0x10: [mem 0xf0840000-0xf085ffff]
[    0.315029] pci 0000:00:09.0: reg 0x18: [io  0xd068-0xd06f]
[    0.325946] ACPI: PCI Interrupt Link [LNKA] (IRQs 5 9 10 *11)
[    0.326230] ACPI: PCI Interrupt Link [LNKB] (IRQs 5 9 *10 11)
[    0.326332] ACPI: PCI Interrupt Link [LNKC] (IRQs 5 *9 10 11)
[    0.326449] ACPI: PCI Interrupt Link [LNKD] (IRQs 5 9 10 *11)
[    0.326728] iommu: Default domain type: Translated 
[    0.326789] pci 0000:00:02.0: vgaarb: setting as boot VGA device
[    0.326790] pci 0000:00:02.0: vgaarb: VGA device added: decodes=io+mem,owns=io+mem,locks=none
[    0.326792] pci 0000:00:02.0: vgaarb: bridge control possible
[    0.326793] vgaarb: loaded
[    0.327008] SCSI subsystem initialized
[    0.327039] libata version 3.00 loaded.
[    0.327065] ACPI: bus type USB registered
[    0.327081] usbcore: registered new interface driver usbfs
[    0.327088] usbcore: registered new interface driver hub
[    0.327093] usbcore: registered new device driver usb
[    0.327122] pps_core: LinuxPPS API ver. 1 registered
[    0.327122] pps_core: Software ver. 5.3.6 - Copyright 2005-2007 Rodolfo Giometti <giometti@linux.it>
[    0.327125] PTP clock support registered
[    0.327161] EDAC MC: Ver: 3.0.0
[    0.327442] PCI: Using ACPI for IRQ routing
[    0.327443] PCI: pci_cache_line_size set to 64 bytes
[    0.327615] e820: reserve RAM buffer [mem 0x0009fc00-0x0009ffff]
[    0.327618] e820: reserve RAM buffer [mem 0x7fff0000-0x7fffffff]
[    0.328431] NetLabel: Initializing
[    0.328432] NetLabel:  domain hash size = 128
[    0.328433] NetLabel:  protocols = UNLABELED CIPSOv4 CALIPSO
[    0.328456] NetLabel:  unlabeled traffic allowed by default
[    0.329442] clocksource: Switched to clocksource kvm-clock
[    0.343929] *** VALIDATE bpf ***
[    0.343996] VFS: Disk quotas dquot_6.6.0
[    0.344009] VFS: Dquot-cache hash table entries: 512 (order 0, 4096 bytes)
[    0.344034] *** VALIDATE ramfs ***
[    0.344037] *** VALIDATE hugetlbfs ***
[    0.344123] AppArmor: AppArmor Filesystem Enabled
[    0.344152] pnp: PnP ACPI init
[    0.344226] pnp 00:00: Plug and Play ACPI device, IDs PNP0303 (active)
[    0.344301] pnp 00:01: Plug and Play ACPI device, IDs PNP0f03 (active)
[    0.345044] pnp: PnP ACPI: found 2 devices
[    0.346008] thermal_sys: Registered thermal governor 'fair_share'
[    0.346009] thermal_sys: Registered thermal governor 'bang_bang'
[    0.346009] thermal_sys: Registered thermal governor 'step_wise'
[    0.346010] thermal_sys: Registered thermal governor 'user_space'
[    0.346011] thermal_sys: Registered thermal governor 'power_allocator'
[    0.350548] clocksource: acpi_pm: mask: 0xffffff max_cycles: 0xffffff, max_idle_ns: 2085701024 ns
[    0.350593] pci_bus 0000:00: resource 4 [io  0x0000-0x0cf7 window]
[    0.350595] pci_bus 0000:00: resource 5 [io  0x0d00-0xffff window]
[    0.350596] pci_bus 0000:00: resource 6 [mem 0x000a0000-0x000bffff window]
[    0.350597] pci_bus 0000:00: resource 7 [mem 0x80000000-0xfdffffff window]
[    0.350666] NET: Registered protocol family 2
[    0.350743] IP idents hash table entries: 32768 (order: 6, 262144 bytes, linear)
[    0.351162] MPTCP tokens hash table entries: 8192 (order: 4, 65536 bytes, linear)
[    0.351183] MPTCP request tokens hash table entries: 8192 (order: 4, 65536 bytes, linear)
[    0.351208] default registered
[    0.351208] default registered
[    0.351209] MPTCP: Stable release v0.96
[    0.351214] tcp_listen_portaddr_hash hash table entries: 1024 (order: 2, 16384 bytes, linear)
[    0.351298] TCP established hash table entries: 16384 (order: 5, 131072 bytes, linear)
[    0.351364] TCP bind hash table entries: 16384 (order: 6, 262144 bytes, linear)
[    0.351390] TCP: Hash tables configured (established 16384 bind 16384)
[    0.352157] UDP hash table entries: 1024 (order: 3, 32768 bytes, linear)
[    0.352169] UDP-Lite hash table entries: 1024 (order: 3, 32768 bytes, linear)
[    0.352210] NET: Registered protocol family 1
[    0.352220] NET: Registered protocol family 44
[    0.352245] pci 0000:00:00.0: Limiting direct PCI/PCI transfers
[    0.352257] pci 0000:00:01.0: Activating ISA DMA hang workarounds
[    0.352310] pci 0000:00:02.0: Video device with shadowed ROM at [mem 0x000c0000-0x000dffff]
[    0.352383] PCI: CLS 0 bytes, default 64
[    0.352436] Trying to unpack rootfs image as initramfs...
[    0.532188] Freeing initrd memory: 47868K
[    0.532188] clocksource: tsc: mask: 0xffffffffffffffff max_cycles: 0x1e4530a99b6, max_idle_ns: 440795257976 ns
[    0.532188] clocksource: Switched to clocksource tsc
[    0.532188] platform rtc_cmos: registered platform RTC device (no PNP device found)
[    0.532188] check: Scanning for low memory corruption every 60 seconds
[    0.532188] Initialise system trusted keyrings
[    0.532188] Key type blacklist registered
[    0.532188] workingset: timestamp_bits=36 max_order=19 bucket_order=0
[    0.532188] zbud: loaded
[    0.532188] squashfs: version 4.0 (2009/01/31) Phillip Lougher
[    0.532188] fuse: init (API version 7.31)
[    0.532188] *** VALIDATE fuse ***
[    0.532188] *** VALIDATE fuse ***
[    0.532188] Platform Keyring initialized
[    0.544895] Key type asymmetric registered
[    0.544896] Asymmetric key parser 'x509' registered
[    0.544907] Block layer SCSI generic (bsg) driver version 0.4 loaded (major 244)
[    0.544944] io scheduler mq-deadline registered
[    0.545070] shpchp: Standard Hot Plug PCI Controller Driver version: 0.4
[    0.545293] ACPI: AC Adapter [AC] (on-line)
[    0.545340] input: Power Button as /devices/LNXSYSTM:00/LNXPWRBN:00/input/input0
[    0.545368] ACPI: Power Button [PWRF]
[    0.545444] input: Sleep Button as /devices/LNXSYSTM:00/LNXSLPBN:00/input/input1
[    0.545459] ACPI: Sleep Button [SLPF]
[    0.545680] Serial: 8250/16550 driver, 32 ports, IRQ sharing enabled
[    0.546886] Linux agpgart interface v0.103
[    0.643136] loop: module loaded
[    0.643341] ata_piix 0000:00:01.1: version 2.13
[    0.643884] scsi host0: ata_piix
[    0.644005] scsi host1: ata_piix
[    0.644039] ata1: PATA max UDMA/33 cmd 0x1f0 ctl 0x3f6 bmdma 0xd000 irq 14
[    0.644040] ata2: PATA max UDMA/33 cmd 0x170 ctl 0x376 bmdma 0xd008 irq 15
[    0.644144] tun: Universal TUN/TAP device driver, 1.6
[    0.644535] PPP generic driver version 2.4.2
[    0.644594] VFIO - User Level meta-driver version: 0.3
[    0.644890] ehci_hcd: USB 2.0 'Enhanced' Host Controller (EHCI) Driver
[    0.644896] ehci-pci: EHCI PCI platform driver
[    0.644916] ehci-platform: EHCI generic platform driver
[    0.644924] ohci_hcd: USB 1.1 'Open' Host Controller (OHCI) Driver
[    0.644927] ohci-pci: OHCI PCI platform driver
[    0.644936] ohci-platform: OHCI generic platform driver
[    0.644942] uhci_hcd: USB Universal Host Controller Interface driver
[    0.645026] i8042: PNP: PS/2 Controller [PNP0303:PS2K,PNP0f03:PS2M] at 0x60,0x64 irq 1,12
[    0.645574] serio: i8042 KBD port at 0x60,0x64 irq 1
[    0.645580] serio: i8042 AUX port at 0x60,0x64 irq 12
[    0.645695] mousedev: PS/2 mouse device common for all mice
[    0.646020] input: AT Translated Set 2 keyboard as /devices/platform/i8042/serio0/input/input2
[    0.646513] rtc_cmos rtc_cmos: registered as rtc0
[    0.646531] rtc_cmos rtc_cmos: alarms up to one day, 114 bytes nvram
[    0.646538] i2c /dev entries driver
[    0.646594] device-mapper: uevent: version 1.0.3
[    0.646648] device-mapper: ioctl: 4.41.0-ioctl (2019-09-16) initialised: dm-devel@redhat.com
[    0.646667] platform eisa.0: Probing EISA bus 0
[    0.646669] platform eisa.0: EISA: Cannot allocate resource for mainboard
[    0.646671] platform eisa.0: Cannot allocate resource for EISA slot 1
[    0.646672] platform eisa.0: Cannot allocate resource for EISA slot 2
[    0.646673] platform eisa.0: Cannot allocate resource for EISA slot 3
[    0.646674] platform eisa.0: Cannot allocate resource for EISA slot 4
[    0.646676] platform eisa.0: Cannot allocate resource for EISA slot 5
[    0.646677] platform eisa.0: Cannot allocate resource for EISA slot 6
[    0.646678] platform eisa.0: Cannot allocate resource for EISA slot 7
[    0.646679] platform eisa.0: Cannot allocate resource for EISA slot 8
[    0.646680] platform eisa.0: EISA: Detected 0 cards
[    0.646683] intel_pstate: CPU model not supported
[    0.646695] ledtrig-cpu: registered to indicate activity on CPUs
[    0.646762] drop_monitor: Initializing network drop monitor service
[    0.646955] NET: Registered protocol family 10
[    0.651333] Segment Routing with IPv6
[    0.651333] fullmesh registered
[    0.651333] ndiffports registered
[    0.651333] binder registered
[    0.651333] roundrobin registered
[    0.651333] redundant registered
[    0.651333] blest registered
[    0.651333] ecf registered
[    0.651333] NET: Registered protocol family 17
[    0.651333] Key type dns_resolver registered
[    0.651333] RAS: Correctable Errors collector initialized.
[    0.651333] IPI shorthand broadcast: enabled
[    0.651333] sched_clock: Marking stable (636264412, 11068704)->(647314564, 18552)
[    0.654439] registered taskstats version 1
[    0.654451] Loading compiled-in X.509 certificates
[    0.655227] Loaded X.509 cert 'Build time autogenerated kernel key: 6909f3744cebb3d0de528d5887b96a727de79b1e'
[    0.655253] zswap: loaded using pool lzo/zbud
[    0.655324] Key type ._fscrypt registered
[    0.655325] Key type .fscrypt registered
[    0.661452] Key type big_key registered
[    0.664458] Key type encrypted registered
[    0.664462] AppArmor: AppArmor sha1 policy hashing enabled
[    0.664475] ima: No TPM chip found, activating TPM-bypass!
[    0.664480] ima: Allocated hash algorithm: sha1
[    0.664487] ima: No architecture policies found
[    0.664500] evm: Initialising EVM extended attributes:
[    0.664501] evm: security.selinux
[    0.664501] evm: security.SMACK64
[    0.664502] evm: security.SMACK64EXEC
[    0.664502] evm: security.SMACK64TRANSMUTE
[    0.664503] evm: security.SMACK64MMAP
[    0.664503] evm: security.apparmor
[    0.664504] evm: security.ima
[    0.664505] evm: security.capability
[    0.664506] evm: HMAC attrs: 0x1
[    0.664863] PM:   Magic number: 10:724:291
[    0.664891] tty tty24: hash matches
[    0.665018] rtc_cmos rtc_cmos: setting system clock to 2026-01-15T18:16:54 UTC (1768501014)
[    0.814998] ata1.00: ATA-6: VBOX HARDDISK, 1.0, max UDMA/133
[    0.815000] ata1.00: 209715200 sectors, multi 128: LBA 
[    0.815530] scsi 0:0:0:0: Direct-Access     ATA      VBOX HARDDISK    1.0  PQ: 0 ANSI: 5
[    0.815766] sd 0:0:0:0: [sda] 209715200 512-byte logical blocks: (107 GB/100 GiB)
[    0.815777] sd 0:0:0:0: [sda] Write Protect is off
[    0.815779] sd 0:0:0:0: [sda] Mode Sense: 00 3a 00 00
[    0.815807] sd 0:0:0:0: [sda] Write cache: enabled, read cache: enabled, doesn't support DPO or FUA
[    0.815996] sd 0:0:0:0: Attached scsi generic sg0 type 0
[    0.816611]  sda: sda1 sda2
[    0.827236] sd 0:0:0:0: [sda] Attached SCSI disk
[    0.829383] Freeing unused decrypted memory: 2040K
[    0.830135] Freeing unused kernel image memory: 2728K
[    0.830137] Write protecting the kernel read-only data: 22528k
[    0.830882] Freeing unused kernel image memory: 2036K
[    0.831321] Freeing unused kernel image memory: 1432K
[    0.846558] x86/mm: Checked W+X mappings: passed, no W+X pages found.
[    0.846563] Run /init as init process
[    0.980243] ACPI: Video Device [GFX0] (multi-head: yes  rom: no  post: no)
[    0.980333] input: Video Bus as /devices/LNXSYSTM:00/LNXSYBUS:00/PNP0A03:00/LNXVIDEO:00/input/input4
[    0.999694] piix4_smbus 0000:00:07.0: SMBus Host Controller at 0x4100, revision 0
[    1.005127] e1000: Intel(R) PRO/1000 Network Driver - version 7.3.21-k8-NAPI
[    1.005128] e1000: Copyright (c) 1999-2006 Intel Corporation.
[    1.025154] pcnet32: pcnet32.c:v1.35 21.Apr.2008 tsbogend@alpha.franken.de
[    1.033140] pcnet32: PCnet/FAST III 79C973 at 0xd020, 08:00:27:f4:4c:54 assigned IRQ 19
[    1.033184] pcnet32: Found PHY 0022:561b at address 0
[    1.033494] pcnet32: eth0: registered as PCnet/FAST III 79C973
[    1.038220] pcnet32: 1 cards_found
[    1.080060] pcnet32 0000:00:03.0 enp0s3: renamed from eth0
[    1.216996] input: ImExPS/2 Generic Explorer Mouse as /devices/platform/i8042/serio1/input/input5
[    1.431774] e1000 0000:00:08.0 eth0: (PCI:33MHz:32-bit) 08:00:27:88:ca:c6
[    1.431778] e1000 0000:00:08.0 eth0: Intel(R) PRO/1000 Network Connection
[    1.811763] e1000 0000:00:09.0 eth1: (PCI:33MHz:32-bit) 08:00:27:05:29:6c
[    1.811767] e1000 0000:00:09.0 eth1: Intel(R) PRO/1000 Network Connection
[    1.813023] e1000 0000:00:08.0 enp0s8: renamed from eth0
[    1.814951] e1000 0000:00:09.0 enp0s9: renamed from eth1
[    1.958640] EXT4-fs (sda2): mounted filesystem with ordered data mode. Opts: (null)
[    2.044628] systemd[1]: Inserted module 'autofs4'
[    2.053282] systemd[1]: systemd 245.4-4ubuntu3 running in system mode. (+PAM +AUDIT +SELINUX +IMA +APPARMOR +SMACK +SYSVINIT +UTMP +LIBCRYPTSETUP +GCRYPT +GNUTLS +ACL +XZ +LZ4 +SECCOMP +BLKID +ELFUTILS +KMOD +IDN2 -IDN +PCRE2 default-hierarchy=hybrid)
[    2.053317] systemd[1]: Detected virtualization oracle.
[    2.053320] systemd[1]: Detected architecture x86-64.
[    2.054642] systemd[1]: Set hostname to <ztg>.
[    2.186143] systemd[1]: /lib/systemd/system/dbus.socket:5: ListenStream= references a path below legacy directory /var/run/, updating /var/run/dbus/system_bus_socket â†’ /run/dbus/system_bus_socket; please update the unit file accordingly.
[    2.239676] systemd[1]: Created slice system-modprobe.slice.
[    2.239894] systemd[1]: Created slice User and Session Slice.
[    2.239947] systemd[1]: Started Forward Password Requests to Wall Directory Watch.
[    2.240125] systemd[1]: Set up automount Arbitrary Executable File Formats File System Automount Point.
[    2.240163] systemd[1]: Reached target User and Group Name Lookups.
[    2.240174] systemd[1]: Reached target Remote File Systems.
[    2.240184] systemd[1]: Reached target Slices.
[    2.240766] systemd[1]: Listening on Syslog Socket.
[    2.240845] systemd[1]: Listening on fsck to fsckd communication Socket.
[    2.240889] systemd[1]: Listening on initctl Compatibility Named Pipe.
[    2.241039] systemd[1]: Listening on Journal Audit Socket.
[    2.241099] systemd[1]: Listening on Journal Socket (/dev/log).
[    2.241176] systemd[1]: Listening on Journal Socket.
[    2.241250] systemd[1]: Listening on udev Control Socket.
[    2.241295] systemd[1]: Listening on udev Kernel Socket.
[    2.242125] systemd[1]: Mounting Huge Pages File System...
[    2.243210] systemd[1]: Mounting POSIX Message Queue File System...
[    2.244221] systemd[1]: Mounting Kernel Debug File System...
[    2.245730] systemd[1]: Mounting Kernel Trace File System...
[    2.253040] systemd[1]: Starting Journal Service...
[    2.278366] systemd[1]: Starting Set the console keyboard layout...
[    2.280245] systemd[1]: Starting Create list of static device nodes for the current kernel...
[    2.286575] systemd[1]: Starting Load Kernel Module drm...
[    2.293651] systemd[1]: Condition check resulted in Set Up Additional Binary Formats being skipped.
[    2.293830] systemd[1]: Condition check resulted in File System Check on Root Device being skipped.
[    2.296634] systemd[1]: Starting Load Kernel Modules...
[    2.297500] systemd[1]: Starting Remount Root and Kernel File Systems...
[    2.298363] systemd[1]: Starting udev Coldplug all Devices...
[    2.333629] systemd[1]: Starting Uncomplicated firewall...
[    2.335423] systemd[1]: Mounted Huge Pages File System.
[    2.335555] systemd[1]: Mounted POSIX Message Queue File System.
[    2.335667] systemd[1]: Mounted Kernel Debug File System.
[    2.335774] systemd[1]: Mounted Kernel Trace File System.
[    2.347040] systemd[1]: Finished Create list of static device nodes for the current kernel.
[    2.347487] systemd[1]: modprobe@drm.service: Succeeded.
[    2.352829] EXT4-fs (sda2): re-mounted. Opts: errors=remount-ro
[    2.353025] systemd[1]: Finished Load Kernel Module drm.
[    2.361007] systemd[1]: Finished Uncomplicated firewall.
[    2.363163] systemd[1]: Finished Remount Root and Kernel File Systems.
[    2.367409] systemd[1]: Condition check resulted in Rebuild Hardware Database being skipped.
[    2.367467] systemd[1]: Condition check resulted in Platform Persistent Storage Archival being skipped.
[    2.383555] systemd[1]: Starting Load/Save Random Seed...
[    2.410080] systemd[1]: Starting Create System Users...
[    2.421779] lp: driver loaded but no devices found
[    2.445119] systemd[1]: Finished Load/Save Random Seed.
[    2.446602] ppdev: user-space parallel port driver
[    2.453355] systemd[1]: Finished Create System Users.
[    2.454264] systemd[1]: Starting Create Static Device Nodes in /dev...
[    2.473652] systemd[1]: Finished Create Static Device Nodes in /dev.
[    2.474649] systemd[1]: Starting udev Kernel Device Manager...
[    2.528746] systemd[1]: Finished udev Coldplug all Devices.
[    2.529560] [drm] DMA map mode: Caching DMA mappings.
[    2.529626] [drm] Capabilities:
[    2.529626] [drm]   Rect copy.
[    2.529626] [drm]   Cursor.
[    2.529627] [drm]   Cursor bypass.
[    2.529627] [drm]   Cursor bypass 2.
[    2.529628] [drm]   Alpha cursor.
[    2.529628] [drm]   Extended Fifo.
[    2.529629] [drm]   Pitchlock.
[    2.529629] [drm]   Irq mask.
[    2.529629] [drm]   GMR.
[    2.529630] [drm]   Traces.
[    2.529630] [drm]   GMR2.
[    2.529630] [drm]   Screen Object 2.
[    2.529631] [drm]   Command Buffers.
[    2.529631] [drm]   Command Buffers 2.
[    2.529631] [drm]   Guest Backed Resources.
[    2.529633] [drm] Max GMR ids is 8192
[    2.529633] [drm] Max number of GMR pages is 1048576
[    2.529634] [drm] Max dedicated hypervisor surface memory is 393216 kiB
[    2.529634] [drm] Maximum display memory size is 131072 kiB
[    2.529635] [drm] VRAM at 0xe0000000 size is 131072 kiB
[    2.529636] [drm] MMIO at 0xf0000000 size is 2048 kiB
[    2.530931] [TTM] Zone  kernel: Available graphics memory: 1011738 KiB
[    2.530932] [TTM] Initializing pool allocator
[    2.530936] [TTM] Initializing DMA pool allocator
[    2.530996] [drm] Supports vblank timestamp caching Rev 2 (21.10.2013).
[    2.530997] [drm] No driver support for vblank timestamp query.
[    2.531277] [drm] Screen Target Display device initialized
[    2.531542] [drm] width 720
[    2.531553] [drm] height 400
[    2.531557] [drm] bpp 32
[    2.532112] [drm] Fifo max 0x00200000 min 0x00001000 cap 0x00000355
[    2.533248] [drm] Using command buffers with DMA pool.
[    2.533253] [drm] DX: no.
[    2.533253] [drm] Atomic: yes.
[    2.533254] [drm] SM4_1: no.
[    2.533277] [drm:vmw_host_log [vmwgfx]] *ERROR* Failed to send host log message.
[    2.534337] [drm:vmw_host_log [vmwgfx]] *ERROR* Failed to send host log message.
[    2.542727] fbcon: svgadrmfb (fb0) is primary device
[    2.549489] Console: switching to colour frame buffer device 100x37
[    2.554436] [drm] Initialized vmwgfx 2.15.0 20180704 for 0000:00:02.0 on minor 0
[    2.556630] systemd[1]: Finished Load Kernel Modules.
[    2.557654] systemd[1]: Mounting FUSE Control File System...
[    2.559269] systemd[1]: Mounting Kernel Configuration File System...
[    2.599607] systemd[1]: Starting Apply Kernel Variables...
[    2.600343] systemd[1]: Mounted FUSE Control File System.
[    2.600419] systemd[1]: Condition check resulted in VMware vmblock fuse mount being skipped.
[    2.604418] systemd[1]: Mounted Kernel Configuration File System.
[    2.614503] systemd[1]: Finished Set the console keyboard layout.
[    2.614618] systemd[1]: Reached target Local File Systems (Pre).
[    2.618575] systemd[1]: Mounting Mount unit for bare, revision 5...
[    2.625153] systemd[1]: Mounting Mount unit for core18, revision 1705...
[    2.648088] systemd[1]: Mounting Mount unit for gnome-3-34-1804, revision 24...
[    2.660695] systemd[1]: Mounting Mount unit for gtk-common-themes, revision 1506...
[    2.667473] systemd[1]: Mounting Mount unit for gtk-common-themes, revision 1535...
[    2.672084] systemd[1]: Mounting Mount unit for snap-store, revision 433...
[    2.702106] systemd[1]: Mounting Mount unit for snapd, revision 25935...
[    2.707765] systemd[1]: Finished Apply Kernel Variables.
[    2.728949] systemd[1]: Mounted Mount unit for bare, revision 5.
[    2.729056] systemd[1]: Mounted Mount unit for core18, revision 1705.
[    2.729144] systemd[1]: Mounted Mount unit for gnome-3-34-1804, revision 24.
[    2.729226] systemd[1]: Mounted Mount unit for gtk-common-themes, revision 1506.
[    2.746869] systemd[1]: Started udev Kernel Device Manager.
[    2.749242] systemd[1]: Starting Show Plymouth Boot Screen...
[    2.755369] systemd[1]: Received SIGRTMIN+20 from PID 282 (plymouthd).
[    2.775286] systemd[1]: Started Show Plymouth Boot Screen.
[    2.775479] systemd[1]: Condition check resulted in Dispatch Password Requests to Console Directory Watch being skipped.
[    2.775598] systemd[1]: Started Forward Password Requests to Plymouth Directory Watch.
[    2.775636] systemd[1]: Reached target Local Encrypted Volumes.
[    2.842995] systemd[1]: Mounted Mount unit for gtk-common-themes, revision 1535.
[    2.843297] systemd[1]: Mounted Mount unit for snap-store, revision 433.
[    2.843505] systemd[1]: Mounted Mount unit for snapd, revision 25935.
[    2.843674] systemd[1]: Reached target Local File Systems.
[    2.860442] systemd[1]: Starting Load AppArmor profiles...
[    2.867751] systemd[1]: Starting Set console font and keymap...
[    2.875499] systemd[1]: Starting Tell Plymouth To Write Out Runtime Data...
[    2.878916] systemd[1]: Condition check resulted in Store a System Token in an EFI Variable being skipped.
[    2.878950] systemd[1]: Condition check resulted in Commit a transient machine-id on disk being skipped.
[    2.881379] systemd[1]: Finished Set console font and keymap.
[    2.886960] systemd[1]: Received SIGRTMIN+20 from PID 282 (plymouthd).
[    2.888331] systemd[1]: plymouth-read-write.service: Succeeded.
[    2.888597] systemd[1]: Finished Tell Plymouth To Write Out Runtime Data.
[    2.926920] audit: type=1400 audit(1768501016.756:2): apparmor="STATUS" operation="profile_load" profile="unconfined" name="nvidia_modprobe" pid=301 comm="apparmor_parser"
[    2.926922] audit: type=1400 audit(1768501016.756:3): apparmor="STATUS" operation="profile_load" profile="unconfined" name="nvidia_modprobe//kmod" pid=301 comm="apparmor_parser"
[    2.934540] audit: type=1400 audit(1768501016.764:4): apparmor="STATUS" operation="profile_load" profile="unconfined" name="/usr/sbin/tcpdump" pid=302 comm="apparmor_parser"
[    2.980630] audit: type=1400 audit(1768501016.804:5): apparmor="STATUS" operation="profile_load" profile="unconfined" name="/usr/bin/evince" pid=304 comm="apparmor_parser"
[    2.980633] audit: type=1400 audit(1768501016.804:6): apparmor="STATUS" operation="profile_load" profile="unconfined" name="/usr/bin/evince//sanitized_helper" pid=304 comm="apparmor_parser"
[    2.980634] audit: type=1400 audit(1768501016.804:7): apparmor="STATUS" operation="profile_load" profile="unconfined" name="/usr/bin/evince-previewer" pid=304 comm="apparmor_parser"
[    2.980636] audit: type=1400 audit(1768501016.804:8): apparmor="STATUS" operation="profile_load" profile="unconfined" name="/usr/bin/evince-previewer//sanitized_helper" pid=304 comm="apparmor_parser"
[    2.980637] audit: type=1400 audit(1768501016.804:9): apparmor="STATUS" operation="profile_load" profile="unconfined" name="/usr/bin/evince-thumbnailer" pid=304 comm="apparmor_parser"
[    2.996739] audit: type=1400 audit(1768501016.828:10): apparmor="STATUS" operation="profile_load" profile="unconfined" name="/usr/lib/cups/backend/cups-pdf" pid=305 comm="apparmor_parser"
[    3.078675] systemd[1]: Finished Load AppArmor profiles.
[    3.079724] systemd[1]: Starting Load AppArmor profiles managed internally by snapd...
[    3.190017] systemd[1]: Finished Load AppArmor profiles managed internally by snapd.
[    3.308645] systemd[1]: Started Journal Service.
[    3.319776] systemd-journald[229]: Received client request to flush runtime journal.
[    3.324238] systemd-journald[229]: File /var/log/journal/c455b248004a419c87ce85eea238d727/system.journal corrupted or uncleanly shut down, renaming and replacing.
[    4.697410] RAPL PMU: API unit is 2^-32 Joules, 0 fixed counters, 10737418240 ms ovfl timer
[    4.763356] cryptd: max_cpu_qlen set to 1000
[    4.828361] AVX2 version of gcm_enc/dec engaged.
[    4.828362] AES CTR mode by8 optimization enabled
[    6.700382] Adding 1998844k swap on /dev/sda1.  Priority:-2 extents:1 across:1998844k FS
[    7.978681] kauditd_printk_skb: 30 callbacks suppressed
[    7.978683] audit: type=1400 audit(1768501021.808:41): apparmor="DENIED" operation="capable" profile="/usr/sbin/cups-browsed" pid=511 comm="cups-browsed" capability=23  capname="sys_nice"
[    9.241476] pcnet32 0000:00:03.0 enp0s3: link up, 100Mbps, full-duplex
[    9.304154] e1000: enp0s8 NIC Link is Up 1000 Mbps Full Duplex, Flow Control: RX
[    9.304456] IPv6: ADDRCONF(NETDEV_CHANGE): enp0s8: link becomes ready
[    9.319843] e1000: enp0s9 NIC Link is Up 1000 Mbps Full Duplex, Flow Control: RX
[    9.320139] IPv6: ADDRCONF(NETDEV_CHANGE): enp0s9: link becomes ready
[   10.006228] device enp0s3 entered promiscuous mode
[   10.034067] audit: type=1400 audit(1768501023.864:42): apparmor="DENIED" operation="open" profile="/usr/sbin/tcpdump" name="/proc/sys/kernel/random/boot_id" pid=638 comm="tcpdump" requested_mask="r" denied_mask="r" fsuid=0 ouid=0
[   10.037798] audit: type=1400 audit(1768501023.872:43): apparmor="DENIED" operation="open" profile="/usr/sbin/tcpdump" name="/proc/sys/kernel/random/boot_id" pid=638 comm="tcpdump" requested_mask="r" denied_mask="r" fsuid=0 ouid=0
[   10.037856] audit: type=1400 audit(1768501023.872:44): apparmor="DENIED" operation="open" profile="/usr/sbin/tcpdump" name="/proc/sys/kernel/random/boot_id" pid=638 comm="tcpdump" requested_mask="r" denied_mask="r" fsuid=0 ouid=0
[   10.037919] audit: type=1400 audit(1768501023.872:45): apparmor="DENIED" operation="open" profile="/usr/sbin/tcpdump" name="/proc/sys/kernel/random/boot_id" pid=638 comm="tcpdump" requested_mask="r" denied_mask="r" fsuid=0 ouid=0
[   10.041930] audit: type=1400 audit(1768501023.872:46): apparmor="DENIED" operation="open" profile="/usr/sbin/tcpdump" name="/proc/sys/kernel/random/boot_id" pid=639 comm="tcpdump" requested_mask="r" denied_mask="r" fsuid=0 ouid=0
[   10.043169] audit: type=1400 audit(1768501023.872:47): apparmor="DENIED" operation="open" profile="/usr/sbin/tcpdump" name="/proc/sys/kernel/random/boot_id" pid=639 comm="tcpdump" requested_mask="r" denied_mask="r" fsuid=0 ouid=0
[   10.043212] audit: type=1400 audit(1768501023.872:48): apparmor="DENIED" operation="open" profile="/usr/sbin/tcpdump" name="/proc/sys/kernel/random/boot_id" pid=639 comm="tcpdump" requested_mask="r" denied_mask="r" fsuid=0 ouid=0
[   10.043273] audit: type=1400 audit(1768501023.872:49): apparmor="DENIED" operation="open" profile="/usr/sbin/tcpdump" name="/proc/sys/kernel/random/boot_id" pid=639 comm="tcpdump" requested_mask="r" denied_mask="r" fsuid=0 ouid=0
[   16.126287] rfkill: input handler disabled
[  161.146565] AAAAA-TCP_FORW: name:enp0s3: saddr:100932208: daddr:16783984
[  162.272999] AAAAA-TCP_FORW: name:enp0s3: saddr:16783984: daddr:100932208
[  162.858112] AAAAA-TCP_FORW: name:enp0s3: saddr:16783984: daddr:100932208
[  162.929093] AAAAA-TCP_FORW: name:enp0s3: saddr:16783984: daddr:100932208
[  163.001315] AAAAA-TCP_FORW: name:enp0s3: saddr:16783984: daddr:100932208
[  163.167496] AAAAA-TCP_FORW: name:enp0s3: saddr:16783984: daddr:100932208
[  168.712949] AAAAA-TCP_FORW: name:enp0s3: saddr:16783984: daddr:100932208
[  168.853080] AAAAA-TCP_FORW: name:enp0s3: saddr:16783984: daddr:100932208
[  168.892225] AAAAA-TCP_FORW: name:enp0s3: saddr:16783984: daddr:100932208
[  168.992696] AAAAA-TCP_FORW: name:enp0s3: saddr:33561200: daddr:100932208
[  169.138886] AAAAA-TCP_FORW: name:enp0s3: saddr:33561200: daddr:100932208
[  169.281891] AAAAA-TCP_FORW: name:enp0s3: saddr:16783984: daddr:100932208
[  169.513268] AAAAA-TCP_FORW: name:enp0s3: saddr:33561200: daddr:100932208
[  169.667419] AAAAA-TCP_FORW: name:enp0s3: saddr:16783984: daddr:100932208
[  169.769197] AAAAA-TCP_FORW: name:enp0s3: saddr:33561200: daddr:100932208
[  169.876826] AAAAA-TCP_FORW: name:enp0s3: saddr:33561200: daddr:100932208
[  170.082333] AAAAA-TCP_FORW: name:enp0s3: saddr:33561200: daddr:100932208
[  170.225258] AAAAA-TCP_FORW: name:enp0s3: saddr:33561200: daddr:100932208
[  170.306441] AAAAA-TCP_FORW: name:enp0s3: saddr:33561200: daddr:100932208
[  170.421786] AAAAA-TCP_FORW: name:enp0s3: saddr:16783984: daddr:100932208
[  170.517746] AAAAA-TCP_FORW: name:enp0s3: saddr:16783984: daddr:100932208
[  170.637974] AAAAA-TCP_FORW: name:enp0s3: saddr:16783984: daddr:100932208
[  170.767224] AAAAA-TCP_FORW: name:enp0s3: saddr:16783984: daddr:100932208
[  170.952634] AAAAA-TCP_FORW: name:enp0s3: saddr:16783984: daddr:100932208
[  171.077773] AAAAA-TCP_FORW: name:enp0s3: saddr:33561200: daddr:100932208
[  171.223273] AAAAA-TCP_FORW: name:enp0s3: saddr:33561200: daddr:100932208
[  171.355542] AAAAA-TCP_FORW: name:enp0s3: saddr:16783984: daddr:100932208
[  171.488670] AAAAA-TCP_FORW: name:enp0s3: saddr:16783984: daddr:100932208
[  171.670325] AAAAA-TCP_FORW: name:enp0s3: saddr:33561200: daddr:100932208
[  171.710503] AAAAA-TCP_FORW: name:enp0s3: saddr:33561200: daddr:100932208
[  171.858095] AAAAA-TCP_FORW: name:enp0s3: saddr:16783984: daddr:100932208
[  171.950856] AAAAA-TCP_FORW: name:enp0s3: saddr:16783984: daddr:100932208
[  172.023072] AAAAA-TCP_FORW: name:enp0s3: saddr:33561200: daddr:100932208
[  172.113037] AAAAA-TCP_FORW: name:enp0s3: saddr:33561200: daddr:100932208
[  172.191108] AAAAA-TCP_FORW: name:enp0s3: saddr:16783984: daddr:100932208
[  172.378473] AAAAA-TCP_FORW: name:enp0s3: saddr:16783984: daddr:100932208
[  172.490363] AAAAA-TCP_FORW: name:enp0s3: saddr:33561200: daddr:100932208
[  172.606458] AAAAA-TCP_FORW: name:enp0s3: saddr:33561200: daddr:100932208
[  172.698425] AAAAA-TCP_FORW: name:enp0s3: saddr:33561200: daddr:100932208
[  172.786750] AAAAA-TCP_FORW: name:enp0s3: saddr:33561200: daddr:100932208
[  172.944393] AAAAA-TCP_FORW: name:enp0s3: saddr:33561200: daddr:100932208
[  173.048542] AAAAA-TCP_FORW: name:enp0s3: saddr:33561200: daddr:100932208
[  173.224262] AAAAA-TCP_FORW: name:enp0s3: saddr:33561200: daddr:100932208
[  173.457234] AAAAA-TCP_FORW: name:enp0s3: saddr:33561200: daddr:100932208
[  173.577945] AAAAA-TCP_FORW: name:enp0s3: saddr:33561200: daddr:100932208
[  173.691713] AAAAA-TCP_FORW: name:enp0s3: saddr:33561200: daddr:100932208
[  173.765352] AAAAA-TCP_FORW: name:enp0s3: saddr:33561200: daddr:100932208
[  173.861827] AAAAA-TCP_FORW: name:enp0s3: saddr:16783984: daddr:100932208
[  173.967494] AAAAA-TCP_FORW: name:enp0s3: saddr:16783984: daddr:100932208
[  174.051045] AAAAA-TCP_FORW: name:enp0s3: saddr:16783984: daddr:100932208
[  174.124219] AAAAA-TCP_FORW: name:enp0s3: saddr:16783984: daddr:100932208
[  174.222270] AAAAA-TCP_FORW: name:enp0s3: saddr:16783984: daddr:100932208
[  174.289434] AAAAA-TCP_FORW: name:enp0s3: saddr:16783984: daddr:100932208
[  174.402385] AAAAA-TCP_FORW: name:enp0s3: saddr:16783984: daddr:100932208
[  174.469663] AAAAA-TCP_FORW: name:enp0s3: saddr:16783984: daddr:100932208
[  174.573243] AAAAA-TCP_FORW: name:enp0s3: saddr:16783984: daddr:100932208
[  174.700285] AAAAA-TCP_FORW: name:enp0s3: saddr:16783984: daddr:100932208
[  174.817307] AAAAA-TCP_FORW: name:enp0s3: saddr:16783984: daddr:100932208
[  174.925105] AAAAA-TCP_FORW: name:enp0s3: saddr:33561200: daddr:100932208
[  175.015401] AAAAA-TCP_FORW: name:enp0s3: saddr:33561200: daddr:100932208
[  175.079314] AAAAA-TCP_FORW: name:enp0s3: saddr:33561200: daddr:100932208
[  175.203736] AAAAA-TCP_FORW: name:enp0s3: saddr:33561200: daddr:100932208
[  175.362922] AAAAA-TCP_FORW: name:enp0s3: saddr:16783984: daddr:100932208
[  175.566440] AAAAA-TCP_FORW: name:enp0s3: saddr:16783984: daddr:100932208
[  175.652375] AAAAA-TCP_FORW: name:enp0s3: saddr:16783984: daddr:100932208
[  175.730301] AAAAA-TCP_FORW: name:enp0s3: saddr:16783984: daddr:100932208
[  175.803761] AAAAA-TCP_FORW: name:enp0s3: saddr:33561200: daddr:100932208
[  175.918116] AAAAA-TCP_FORW: name:enp0s3: saddr:33561200: daddr:100932208
[  175.979656] AAAAA-TCP_FORW: name:enp0s3: saddr:33561200: daddr:100932208
[  176.095754] AAAAA-TCP_FORW: name:enp0s3: saddr:33561200: daddr:100932208
[  176.175938] AAAAA-TCP_FORW: name:enp0s3: saddr:16783984: daddr:100932208
[  176.293999] AAAAA-TCP_FORW: name:enp0s3: saddr:16783984: daddr:100932208
[  176.398926] AAAAA-TCP_FORW: name:enp0s3: saddr:16783984: daddr:100932208
[  176.494404] AAAAA-TCP_FORW: name:enp0s3: saddr:33561200: daddr:100932208
[  176.574889] AAAAA-TCP_FORW: name:enp0s3: saddr:33561200: daddr:100932208
[  176.641982] AAAAA-TCP_FORW: name:enp0s3: saddr:33561200: daddr:100932208
[  176.767195] AAAAA-TCP_FORW: name:enp0s3: saddr:33561200: daddr:100932208
[  176.994522] AAAAA-TCP_FORW: name:enp0s3: saddr:16783984: daddr:100932208
[  177.192061] AAAAA-TCP_FORW: name:enp0s3: saddr:16783984: daddr:100932208
[  177.274998] AAAAA-TCP_FORW: name:enp0s3: saddr:33561200: daddr:100932208
[  177.357634] AAAAA-TCP_FORW: name:enp0s3: saddr:33561200: daddr:100932208
[  177.446387] AAAAA-TCP_FORW: name:enp0s3: saddr:33561200: daddr:100932208
[  177.522129] AAAAA-TCP_FORW: name:enp0s3: saddr:33561200: daddr:100932208
[  177.610964] AAAAA-TCP_FORW: name:enp0s3: saddr:33561200: daddr:100932208
[  177.682203] AAAAA-TCP_FORW: name:enp0s3: saddr:33561200: daddr:100932208
[  177.796533] AAAAA-TCP_FORW: name:enp0s3: saddr:33561200: daddr:100932208
[  177.987512] AAAAA-TCP_FORW: name:enp0s3: saddr:33561200: daddr:100932208
[  178.033786] AAAAA-TCP_FORW: name:enp0s3: saddr:33561200: daddr:100932208
[  178.122807] AAAAA-TCP_FORW: name:enp0s3: saddr:16783984: daddr:100932208
[  178.253002] AAAAA-TCP_FORW: name:enp0s3: saddr:16783984: daddr:100932208
[  178.353801] AAAAA-TCP_FORW: name:enp0s3: saddr:16783984: daddr:100932208
[  178.535322] AAAAA-TCP_FORW: name:enp0s3: saddr:16783984: daddr:100932208
[  178.639959] AAAAA-TCP_FORW: name:enp0s3: saddr:16783984: daddr:100932208
[  178.771744] AAAAA-TCP_FORW: name:enp0s3: saddr:16783984: daddr:100932208
[  178.861949] AAAAA-TCP_FORW: name:enp0s3: saddr:33561200: daddr:100932208
[  178.942361] AAAAA-TCP_FORW: name:enp0s3: saddr:33561200: daddr:100932208
[  179.052175] AAAAA-TCP_FORW: name:enp0s3: saddr:33561200: daddr:100932208
[  179.116059] AAAAA-TCP_FORW: name:enp0s3: saddr:33561200: daddr:100932208
[  179.244729] AAAAA-TCP_FORW: name:enp0s3: saddr:16783984: daddr:100932208
[  179.380142] AAAAA-TCP_FORW: name:enp0s3: saddr:16783984: daddr:100932208
[  179.454000] AAAAA-TCP_FORW: name:enp0s3: saddr:33561200: daddr:100932208
[  179.515229] AAAAA-TCP_FORW: name:enp0s3: saddr:33561200: daddr:100932208
[  179.567035] AAAAA-TCP_FORW: name:enp0s3: saddr:33561200: daddr:100932208
[  179.628758] AAAAA-TCP_FORW: name:enp0s3: saddr:33561200: daddr:100932208
[  179.741999] AAAAA-TCP_FORW: name:enp0s3: saddr:33561200: daddr:100932208
[  179.842826] AAAAA-TCP_FORW: name:enp0s3: saddr:33561200: daddr:100932208
[  179.980397] AAAAA-TCP_FORW: name:enp0s3: saddr:16783984: daddr:100932208
[  180.134836] AAAAA-TCP_FORW: name:enp0s3: saddr:16783984: daddr:100932208
[  180.240096] AAAAA-TCP_FORW: name:enp0s3: saddr:33561200: daddr:100932208
[  180.303676] AAAAA-TCP_FORW: name:enp0s3: saddr:33561200: daddr:100932208
[  180.372519] AAAAA-TCP_FORW: name:enp0s3: saddr:33561200: daddr:100932208
[  180.423292] AAAAA-TCP_FORW: name:enp0s3: saddr:16783984: daddr:100932208
[  180.495493] AAAAA-TCP_FORW: name:enp0s3: saddr:33561200: daddr:100932208
[  180.533532] AAAAA-TCP_FORW: name:enp0s3: saddr:33561200: daddr:100932208
[  180.596371] AAAAA-TCP_FORW: name:enp0s3: saddr:33561200: daddr:100932208
[  180.703754] AAAAA-TCP_FORW: name:enp0s3: saddr:16783984: daddr:100932208
[  180.927445] AAAAA-TCP_FORW: name:enp0s3: saddr:16783984: daddr:100932208
[  181.197536] AAAAA-TCP_FORW: name:enp0s3: saddr:16783984: daddr:100932208
[  181.333014] AAAAA-TCP_FORW: name:enp0s3: saddr:33561200: daddr:100932208
[  181.446113] AAAAA-TCP_FORW: name:enp0s3: saddr:33561200: daddr:100932208
[  181.592383] AAAAA-TCP_FORW: name:enp0s3: saddr:33561200: daddr:100932208
[  181.631144] AAAAA-TCP_FORW: name:enp0s3: saddr:33561200: daddr:100932208
[  181.711256] AAAAA-TCP_FORW: name:enp0s3: saddr:33561200: daddr:100932208
[  181.846595] AAAAA-TCP_FORW: name:enp0s3: saddr:33561200: daddr:100932208
[  182.037910] AAAAA-TCP_FORW: name:enp0s3: saddr:16783984: daddr:100932208
[  182.170131] AAAAA-TCP_FORW: name:enp0s3: saddr:16783984: daddr:100932208
[  182.366463] AAAAA-TCP_FORW: name:enp0s3: saddr:33561200: daddr:100932208
[  182.556338] AAAAA-TCP_FORW: name:enp0s3: saddr:33561200: daddr:100932208
[  182.662689] AAAAA-TCP_FORW: name:enp0s3: saddr:100932208: daddr:16783984
[  182.781410] AAAAA-TCP_FORW: name:enp0s3: saddr:100932208: daddr:16783984
[  182.844736] AAAAA-TCP_FORW: name:enp0s3: saddr:16783984: daddr:100932208
[  182.865728] AAAAA-TCP_FORW: name:enp0s3: saddr:100932208: daddr:16783984
[  182.993319] AAAAA-TCP_FORW: name:enp0s3: saddr:100932208: daddr:16783984
[  183.048106] AAAAA-TCP_FORW: name:enp0s3: saddr:16783984: daddr:100932208
[  183.084786] AAAAA-TCP_FORW: name:enp0s3: saddr:100932208: daddr:16783984
[  183.142753] AAAAA-TCP_FORW: name:enp0s3: saddr:100932208: daddr:16783984
[  183.189320] AAAAA-TCP_FORW: name:enp0s3: saddr:100932208: daddr:16783984
[  183.295283] AAAAA-TCP_FORW: name:enp0s3: saddr:16783984: daddr:100932208
[  183.307776] AAAAA-TCP_FORW: name:enp0s3: saddr:100932208: daddr:16783984
[  183.346739] AAAAA-TCP_FORW: name:enp0s3: saddr:16783984: daddr:100932208
[  183.372580] AAAAA-TCP_FORW: name:enp0s3: saddr:100932208: daddr:16783984
[  183.426201] AAAAA-TCP_FORW: name:enp0s3: saddr:100932208: daddr:16783984
[  183.482090] AAAAA-TCP_FORW: name:enp0s3: saddr:100932208: daddr:16783984
[  183.510537] AAAAA-TCP_FORW: name:enp0s3: saddr:16783984: daddr:100932208
[  183.543184] AAAAA-TCP_FORW: name:enp0s3: saddr:100932208: daddr:16783984
[  183.562741] AAAAA-TCP_FORW: name:enp0s3: saddr:16783984: daddr:100932208
[  183.650405] AAAAA-TCP_FORW: name:enp0s3: saddr:100932208: daddr:16783984
[  183.668079] AAAAA-TCP_FORW: name:enp0s3: saddr:16783984: daddr:100932208
[  183.709359] AAAAA-TCP_FORW: name:enp0s3: saddr:100932208: daddr:16783984
[  183.750060] AAAAA-TCP_FORW: name:enp0s3: saddr:16783984: daddr:100932208
[  183.811621] AAAAA-TCP_FORW: name:enp0s3: saddr:100932208: daddr:16783984
[  183.867205] AAAAA-TCP_FORW: name:enp0s3: saddr:16783984: daddr:100932208
[  183.963237] AAAAA-TCP_FORW: name:enp0s3: saddr:100932208: daddr:16783984
[  184.023822] AAAAA-TCP_FORW: name:enp0s3: saddr:16783984: daddr:100932208
[  184.065112] AAAAA-TCP_FORW: name:enp0s3: saddr:100932208: daddr:16783984
[  184.083703] AAAAA-TCP_FORW: name:enp0s3: saddr:16783984: daddr:100932208
[  184.124965] AAAAA-TCP_FORW: name:enp0s3: saddr:100932208: daddr:33561200
[  184.225467] AAAAA-TCP_FORW: name:enp0s3: saddr:16783984: daddr:100932208
[  184.249628] AAAAA-TCP_FORW: name:enp0s3: saddr:100932208: daddr:16783984
[  184.290693] AAAAA-TCP_FORW: name:enp0s3: saddr:100932208: daddr:33561200
[  184.356832] AAAAA-TCP_FORW: name:enp0s3: saddr:100932208: daddr:16783984
[  184.397455] AAAAA-TCP_FORW: name:enp0s3: saddr:100932208: daddr:33561200
[  184.429269] AAAAA-TCP_FORW: name:enp0s3: saddr:16783984: daddr:100932208
[  184.466123] AAAAA-TCP_FORW: name:enp0s3: saddr:100932208: daddr:16783984
[  184.533549] AAAAA-TCP_FORW: name:enp0s3: saddr:100932208: daddr:33561200
[  184.555783] AAAAA-TCP_FORW: name:enp0s3: saddr:33561200: daddr:100932208
[  184.616930] AAAAA-TCP_FORW: name:enp0s3: saddr:16783984: daddr:100932208
[  184.755593] AAAAA-TCP_FORW: name:enp0s3: saddr:16783984: daddr:100932208
[  184.897444] AAAAA-TCP_FORW: name:enp0s3: saddr:33561200: daddr:100932208
[  184.934538] AAAAA-TCP_FORW: name:enp0s3: saddr:16783984: daddr:100932208
[  185.043591] AAAAA-TCP_FORW: name:enp0s3: saddr:33561200: daddr:100932208
[  185.116004] AAAAA-TCP_FORW: name:enp0s3: saddr:33561200: daddr:100932208
[  185.159623] AAAAA-TCP_FORW: name:enp0s3: saddr:16783984: daddr:100932208
[  185.201707] AAAAA-TCP_FORW: name:enp0s3: saddr:33561200: daddr:100932208
[  185.272448] AAAAA-TCP_FORW: name:enp0s3: saddr:16783984: daddr:100932208
[  185.298615] AAAAA-TCP_FORW: name:enp0s3: saddr:33561200: daddr:100932208
[  185.406001] AAAAA-TCP_FORW: name:enp0s3: saddr:33561200: daddr:100932208
[  185.484302] AAAAA-TCP_FORW: name:enp0s3: saddr:33561200: daddr:100932208
[  185.637528] AAAAA-TCP_FORW: name:enp0s3: saddr:33561200: daddr:100932208
[  185.709500] AAAAA-TCP_FORW: name:enp0s3: saddr:33561200: daddr:100932208
[  185.766731] AAAAA-TCP_FORW: name:enp0s3: saddr:33561200: daddr:100932208
[  185.851823] AAAAA-TCP_FORW: name:enp0s3: saddr:16783984: daddr:100932208
[  185.950834] AAAAA-TCP_FORW: name:enp0s3: saddr:33561200: daddr:100932208
[  186.025892] AAAAA-TCP_FORW: name:enp0s3: saddr:33561200: daddr:100932208
[  186.077355] AAAAA-TCP_FORW: name:enp0s3: saddr:33561200: daddr:100932208
[  186.146853] AAAAA-TCP_FORW: name:enp0s3: saddr:16783984: daddr:100932208
[  186.228167] AAAAA-TCP_FORW: name:enp0s3: saddr:16783984: daddr:100932208
[  186.260156] AAAAA-TCP_FORW: name:enp0s3: saddr:33561200: daddr:100932208
[  186.311401] AAAAA-TCP_FORW: name:enp0s3: saddr:33561200: daddr:100932208
[  186.421116] AAAAA-TCP_FORW: name:enp0s3: saddr:16783984: daddr:100932208
[  186.473693] AAAAA-TCP_FORW: name:enp0s3: saddr:16783984: daddr:100932208
[  186.597943] AAAAA-TCP_FORW: name:enp0s3: saddr:16783984: daddr:100932208
[  186.657178] AAAAA-TCP_FORW: name:enp0s3: saddr:16783984: daddr:100932208
[  186.724560] AAAAA-TCP_FORW: name:enp0s3: saddr:33561200: daddr:100932208
[  186.746494] AAAAA-TCP_FORW: name:enp0s3: saddr:16783984: daddr:100932208
[  186.817512] AAAAA-TCP_FORW: name:enp0s3: saddr:33561200: daddr:100932208
[  186.893061] AAAAA-TCP_FORW: name:enp0s3: saddr:33561200: daddr:100932208
[  186.987706] AAAAA-TCP_FORW: name:enp0s3: saddr:33561200: daddr:100932208
[  187.223440] AAAAA-TCP_FORW: name:enp0s3: saddr:33561200: daddr:100932208
[  187.449689] AAAAA-TCP_FORW: name:enp0s3: saddr:33561200: daddr:100932208
[  187.618455] AAAAA-TCP_FORW: name:enp0s3: saddr:33561200: daddr:100932208
[  187.894264] AAAAA-TCP_FORW: name:enp0s3: saddr:33561200: daddr:100932208
[  188.024231] AAAAA-TCP_FORW: name:enp0s3: saddr:33561200: daddr:100932208
[  188.096030] AAAAA-TCP_FORW: name:enp0s3: saddr:33561200: daddr:100932208
[  188.216388] AAAAA-TCP_FORW: name:enp0s3: saddr:33561200: daddr:100932208
[  188.350238] AAAAA-TCP_FORW: name:enp0s3: saddr:33561200: daddr:100932208
[  188.453575] AAAAA-TCP_FORW: name:enp0s3: saddr:33561200: daddr:100932208
[  188.577309] AAAAA-TCP_FORW: name:enp0s3: saddr:33561200: daddr:100932208
[  188.715825] AAAAA-TCP_FORW: name:enp0s3: saddr:33561200: daddr:100932208
[  202.029342] AAAAA-TCP_FORW: name:enp0s3: saddr:100932208: daddr:16783984
[  202.118663] AAAAA-TCP_FORW: name:enp0s3: saddr:16783984: daddr:100932208
[  202.281947] AAAAA-TCP_FORW: name:enp0s3: saddr:100932208: daddr:33561200
[  202.482141] AAAAA-TCP_FORW: name:enp0s3: saddr:33561200: daddr:100932208
[  202.683166] AAAAA-TCP_FORW: name:enp0s3: saddr:100932208: daddr:33561200
[  202.928184] AAAAA-TCP_FORW: name:enp0s3: saddr:100932208: daddr:33561200
[  202.957252] AAAAA-TCP_FORW: name:enp0s3: saddr:33561200: daddr:100932208
[  203.015114] AAAAA-TCP_FORW: name:enp0s3: saddr:100932208: daddr:33561200
[  203.063514] AAAAA-TCP_FORW: name:enp0s3: saddr:33561200: daddr:100932208
[  203.147553] AAAAA-TCP_FORW: name:enp0s3: saddr:100932208: daddr:33561200
[  203.211078] AAAAA-TCP_FORW: name:enp0s3: saddr:33561200: daddr:100932208
[  203.357901] AAAAA-TCP_FORW: name:enp0s3: saddr:100932208: daddr:33561200
[  203.388286] AAAAA-TCP_FORW: name:enp0s3: saddr:33561200: daddr:100932208
[  203.447793] AAAAA-TCP_FORW: name:enp0s3: saddr:100932208: daddr:33561200
[  203.594536] AAAAA-TCP_FORW: name:enp0s3: saddr:33561200: daddr:100932208
[  203.723409] AAAAA-TCP_FORW: name:enp0s3: saddr:100932208: daddr:16783984
[  203.886535] AAAAA-TCP_FORW: name:enp0s3: saddr:100932208: daddr:16783984
[  204.123297] AAAAA-TCP_FORW: name:enp0s3: saddr:100932208: daddr:16783984
[  204.268260] AAAAA-TCP_FORW: name:enp0s3: saddr:16783984: daddr:100932208
[  204.343135] AAAAA-TCP_FORW: name:enp0s3: saddr:100932208: daddr:16783984
[  204.462632] AAAAA-TCP_FORW: name:enp0s3: saddr:100932208: daddr:16783984
[  204.568077] AAAAA-TCP_FORW: name:enp0s3: saddr:100932208: daddr:16783984
[  204.582078] AAAAA-TCP_FORW: name:enp0s3: saddr:33561200: daddr:100932208
[  204.872954] AAAAA-TCP_FORW: name:enp0s3: saddr:100932208: daddr:16783984
[  204.979337] AAAAA-TCP_FORW: name:enp0s3: saddr:100932208: daddr:16783984
[  205.129447] AAAAA-TCP_FORW: name:enp0s3: saddr:100932208: daddr:16783984
[  205.238669] AAAAA-TCP_FORW: name:enp0s3: saddr:100932208: daddr:16783984
[  205.376098] AAAAA-TCP_FORW: name:enp0s3: saddr:100932208: daddr:16783984
[  205.596649] AAAAA-TCP_FORW: name:enp0s3: saddr:100932208: daddr:16783984
[  205.690297] AAAAA-TCP_FORW: name:enp0s3: saddr:100932208: daddr:16783984
[  206.043403] AAAAA-TCP_FORW: name:enp0s3: saddr:100932208: daddr:16783984
[  206.162738] AAAAA-TCP_FORW: name:enp0s3: saddr:100932208: daddr:16783984
[  206.251879] AAAAA-TCP_FORW: name:enp0s3: saddr:100932208: daddr:16783984
[  206.609544] AAAAA-TCP_FORW: name:enp0s3: saddr:100932208: daddr:16783984
[  206.699814] AAAAA-TCP_FORW: name:enp0s3: saddr:16783984: daddr:100932208
[  206.846109] AAAAA-TCP_FORW: name:enp0s3: saddr:16783984: daddr:100932208
[  206.944946] AAAAA-TCP_FORW: name:enp0s3: saddr:100932208: daddr:16783984
[  207.103251] AAAAA-TCP_FORW: name:enp0s3: saddr:16783984: daddr:100932208
[  207.260496] AAAAA-TCP_FORW: name:enp0s3: saddr:16783984: daddr:100932208
[  207.317412] AAAAA-TCP_FORW: name:enp0s3: saddr:100932208: daddr:16783984
[  207.402569] AAAAA-TCP_FORW: name:enp0s3: saddr:100932208: daddr:33561200
[  207.612348] AAAAA-TCP_FORW: name:enp0s3: saddr:16783984: daddr:100932208
[  207.752455] AAAAA-TCP_FORW: name:enp0s3: saddr:33561200: daddr:100932208
[  207.812036] AAAAA-TCP_FORW: name:enp0s3: saddr:16783984: daddr:100932208
[  208.019209] AAAAA-TCP_FORW: name:enp0s3: saddr:33561200: daddr:100932208
[  208.144687] AAAAA-TCP_FORW: name:enp0s3: saddr:16783984: daddr:100932208
[  208.227151] AAAAA-TCP_FORW: name:enp0s3: saddr:16783984: daddr:100932208
[  208.309827] AAAAA-TCP_FORW: name:enp0s3: saddr:16783984: daddr:100932208
[  208.362340] AAAAA-TCP_FORW: name:enp0s3: saddr:16783984: daddr:100932208
[  208.487838] AAAAA-TCP_FORW: name:enp0s3: saddr:16783984: daddr:100932208
[  208.539877] AAAAA-TCP_FORW: name:enp0s3: saddr:16783984: daddr:100932208
[  208.609163] AAAAA-TCP_FORW: name:enp0s3: saddr:16783984: daddr:100932208
[  208.870839] AAAAA-TCP_FORW: name:enp0s3: saddr:33561200: daddr:100932208
[  209.000772] AAAAA-TCP_FORW: name:enp0s3: saddr:16783984: daddr:100932208
[  209.066834] AAAAA-TCP_FORW: name:enp0s3: saddr:16783984: daddr:100932208
[  209.181042] AAAAA-TCP_FORW: name:enp0s3: saddr:16783984: daddr:100932208
[  209.235018] AAAAA-TCP_FORW: name:enp0s3: saddr:16783984: daddr:100932208
[  209.342457] AAAAA-TCP_FORW: name:enp0s3: saddr:16783984: daddr:100932208
[  209.411044] AAAAA-TCP_FORW: name:enp0s3: saddr:16783984: daddr:100932208
[  209.711653] AAAAA-TCP_FORW: name:enp0s3: saddr:16783984: daddr:100932208
[  209.768545] AAAAA-TCP_FORW: name:enp0s3: saddr:33561200: daddr:100932208
[  209.867418] AAAAA-TCP_FORW: name:enp0s3: saddr:33561200: daddr:100932208
[  209.950271] AAAAA-TCP_FORW: name:enp0s3: saddr:16783984: daddr:100932208
[  210.087736] AAAAA-TCP_FORW: name:enp0s3: saddr:16783984: daddr:100932208
[  210.177183] AAAAA-TCP_FORW: name:enp0s3: saddr:33561200: daddr:100932208
[  210.310034] AAAAA-TCP_FORW: name:enp0s3: saddr:16783984: daddr:100932208
[  210.539630] AAAAA-TCP_FORW: name:enp0s3: saddr:33561200: daddr:100932208
[  210.644038] AAAAA-TCP_FORW: name:enp0s3: saddr:33561200: daddr:100932208
[  210.756403] AAAAA-TCP_FORW: name:enp0s3: saddr:33561200: daddr:100932208
[  211.040566] AAAAA-TCP_FORW: name:enp0s3: saddr:33561200: daddr:100932208
[  211.176053] AAAAA-TCP_FORW: name:enp0s3: saddr:33561200: daddr:100932208
[  211.217921] AAAAA-TCP_FORW: name:enp0s3: saddr:33561200: daddr:100932208
[  211.302767] AAAAA-TCP_FORW: name:enp0s3: saddr:33561200: daddr:100932208
[  211.459424] AAAAA-TCP_FORW: name:enp0s3: saddr:33561200: daddr:100932208
[  211.546097] AAAAA-TCP_FORW: name:enp0s3: saddr:33561200: daddr:100932208
[  211.695440] AAAAA-TCP_FORW: name:enp0s3: saddr:33561200: daddr:100932208
[  211.837950] AAAAA-TCP_FORW: name:enp0s3: saddr:33561200: daddr:100932208
[  211.934212] AAAAA-TCP_FORW: name:enp0s3: saddr:33561200: daddr:100932208
[  212.041908] AAAAA-TCP_FORW: name:enp0s3: saddr:16783984: daddr:100932208
[  212.164734] AAAAA-TCP_FORW: name:enp0s3: saddr:16783984: daddr:100932208
[  212.206309] AAAAA-TCP_FORW: name:enp0s3: saddr:16783984: daddr:100932208
[  212.293926] AAAAA-TCP_FORW: name:enp0s3: saddr:16783984: daddr:100932208
[  240.784941] AAAAA-TCP_FORW: name:enp0s3: saddr:33561200: daddr:100932208
[  240.931266] AAAAA-TCP_FORW: name:enp0s3: saddr:33561200: daddr:100932208
[  241.081486] AAAAA-TCP_FORW: name:enp0s3: saddr:33561200: daddr:100932208
[  241.147281] AAAAA-TCP_FORW: name:enp0s3: saddr:33561200: daddr:100932208
[  241.271594] AAAAA-TCP_FORW: name:enp0s3: saddr:33561200: daddr:100932208
[  241.417497] AAAAA-TCP_FORW: name:enp0s3: saddr:33561200: daddr:100932208
[  241.537237] AAAAA-TCP_FORW: name:enp0s3: saddr:33561200: daddr:100932208
[  241.780737] AAAAA-TCP_FORW: name:enp0s3: saddr:33561200: daddr:100932208
[  241.833368] AAAAA-TCP_FORW: name:enp0s3: saddr:16783984: daddr:100932208
[  241.956351] AAAAA-TCP_FORW: name:enp0s3: saddr:16783984: daddr:100932208
[  242.072107] AAAAA-TCP_FORW: name:enp0s3: saddr:16783984: daddr:100932208
[  242.193877] AAAAA-TCP_FORW: name:enp0s3: saddr:16783984: daddr:100932208
[  242.329316] AAAAA-TCP_FORW: name:enp0s3: saddr:16783984: daddr:100932208
[  242.641471] AAAAA-TCP_FORW: name:enp0s3: saddr:16783984: daddr:100932208
[  242.813019] AAAAA-TCP_FORW: name:enp0s3: saddr:16783984: daddr:100932208
[  243.066758] AAAAA-TCP_FORW: name:enp0s3: saddr:16783984: daddr:100932208
[  243.225368] AAAAA-TCP_FORW: name:enp0s3: saddr:16783984: daddr:100932208
[  243.302326] AAAAA-TCP_FORW: name:enp0s3: saddr:16783984: daddr:100932208
[  243.418108] AAAAA-TCP_FORW: name:enp0s3: saddr:16783984: daddr:100932208
[  243.818262] AAAAA-TCP_FORW: name:enp0s3: saddr:33561200: daddr:100932208
[  243.947749] AAAAA-TCP_FORW: name:enp0s3: saddr:33561200: daddr:100932208
[  244.149892] AAAAA-TCP_FORW: name:enp0s3: saddr:33561200: daddr:100932208
[  244.481334] AAAAA-TCP_FORW: name:enp0s3: saddr:33561200: daddr:100932208
[  244.560716] AAAAA-TCP_FORW: name:enp0s3: saddr:33561200: daddr:100932208
[  244.710267] AAAAA-TCP_FORW: name:enp0s3: saddr:33561200: daddr:100932208
[  244.916295] AAAAA-TCP_FORW: name:enp0s3: saddr:33561200: daddr:100932208
[  245.034249] AAAAA-TCP_FORW: name:enp0s3: saddr:33561200: daddr:100932208
[  245.203002] AAAAA-TCP_FORW: name:enp0s3: saddr:33561200: daddr:100932208
[  245.364424] AAAAA-TCP_FORW: name:enp0s3: saddr:33561200: daddr:100932208
[  245.540141] AAAAA-TCP_FORW: name:enp0s3: saddr:33561200: daddr:100932208
[  245.696412] AAAAA-TCP_FORW: name:enp0s3: saddr:33561200: daddr:100932208
[  245.844831] AAAAA-TCP_FORW: name:enp0s3: saddr:33561200: daddr:100932208
[  245.989741] AAAAA-TCP_FORW: name:enp0s3: saddr:33561200: daddr:100932208
[  246.083739] AAAAA-TCP_FORW: name:enp0s3: saddr:33561200: daddr:100932208
[  246.290859] AAAAA-TCP_FORW: name:enp0s3: saddr:33561200: daddr:100932208
[  246.496697] AAAAA-TCP_FORW: name:enp0s3: saddr:33561200: daddr:100932208
[  246.613413] AAAAA-TCP_FORW: name:enp0s3: saddr:33561200: daddr:100932208
[  246.811102] AAAAA-TCP_FORW: name:enp0s3: saddr:33561200: daddr:100932208
[  247.026534] AAAAA-TCP_FORW: name:enp0s3: saddr:33561200: daddr:100932208
[  247.130043] AAAAA-TCP_FORW: name:enp0s3: saddr:33561200: daddr:100932208
[  247.352119] AAAAA-TCP_FORW: name:enp0s3: saddr:33561200: daddr:100932208
[  247.620681] AAAAA-TCP_FORW: name:enp0s3: saddr:33561200: daddr:100932208
[  247.729022] AAAAA-TCP_FORW: name:enp0s3: saddr:33561200: daddr:100932208
[  248.137742] AAAAA-TCP_FORW: name:enp0s3: saddr:16783984: daddr:100932208
[  248.250576] AAAAA-TCP_FORW: name:enp0s3: saddr:16783984: daddr:100932208
[  248.446319] AAAAA-TCP_FORW: name:enp0s3: saddr:16783984: daddr:100932208
[  248.641687] AAAAA-TCP_FORW: name:enp0s3: saddr:16783984: daddr:100932208
[  248.744279] AAAAA-TCP_FORW: name:enp0s3: saddr:16783984: daddr:100932208
[  248.858786] AAAAA-TCP_FORW: name:enp0s3: saddr:16783984: daddr:100932208
[  248.988907] AAAAA-TCP_FORW: name:enp0s3: saddr:16783984: daddr:100932208
[  249.375366] AAAAA-TCP_FORW: name:enp0s3: saddr:16783984: daddr:100932208
[  249.486071] AAAAA-TCP_FORW: name:enp0s3: saddr:16783984: daddr:100932208
[  249.626914] AAAAA-TCP_FORW: name:enp0s3: saddr:16783984: daddr:100932208
[  249.999620] AAAAA-TCP_FORW: name:enp0s3: saddr:16783984: daddr:100932208
[  250.110385] AAAAA-TCP_FORW: name:enp0s3: saddr:16783984: daddr:100932208
[  250.251004] AAAAA-TCP_FORW: name:enp0s3: saddr:16783984: daddr:100932208
[  250.346383] AAAAA-TCP_FORW: name:enp0s3: saddr:16783984: daddr:100932208
[  250.535196] AAAAA-TCP_FORW: name:enp0s3: saddr:33561200: daddr:100932208
[  250.631619] AAAAA-TCP_FORW: name:enp0s3: saddr:33561200: daddr:100932208
[  250.939191] AAAAA-TCP_FORW: name:enp0s3: saddr:33561200: daddr:100932208
[  251.208922] AAAAA-TCP_FORW: name:enp0s3: saddr:33561200: daddr:100932208
[  251.353236] AAAAA-TCP_FORW: name:enp0s3: saddr:33561200: daddr:100932208
[  251.447431] AAAAA-TCP_FORW: name:enp0s3: saddr:33561200: daddr:100932208
[  251.539709] AAAAA-TCP_FORW: name:enp0s3: saddr:33561200: daddr:100932208
[  251.675632] AAAAA-TCP_FORW: name:enp0s3: saddr:33561200: daddr:100932208
[  251.848518] AAAAA-TCP_FORW: name:enp0s3: saddr:33561200: daddr:100932208
[  252.039013] AAAAA-TCP_FORW: name:enp0s3: saddr:33561200: daddr:100932208
[  252.121515] AAAAA-TCP_FORW: name:enp0s3: saddr:33561200: daddr:100932208
[  252.266076] AAAAA-TCP_FORW: name:enp0s3: saddr:33561200: daddr:100932208
[  252.648982] AAAAA-TCP_FORW: name:enp0s3: saddr:33561200: daddr:100932208
[  253.120343] AAAAA-TCP_FORW: name:enp0s3: saddr:33561200: daddr:100932208
[  253.207477] AAAAA-TCP_FORW: name:enp0s3: saddr:33561200: daddr:100932208
[  253.325630] AAAAA-TCP_FORW: name:enp0s3: saddr:33561200: daddr:100932208
[  253.515047] AAAAA-TCP_FORW: name:enp0s3: saddr:33561200: daddr:100932208
[  253.691017] AAAAA-TCP_FORW: name:enp0s3: saddr:33561200: daddr:100932208
[  253.768097] AAAAA-TCP_FORW: name:enp0s3: saddr:33561200: daddr:100932208
[  253.976498] AAAAA-TCP_FORW: name:enp0s3: saddr:33561200: daddr:100932208
[  254.088757] AAAAA-TCP_FORW: name:enp0s3: saddr:33561200: daddr:100932208
[  254.305197] AAAAA-TCP_FORW: name:enp0s3: saddr:33561200: daddr:100932208
[  254.619764] AAAAA-TCP_FORW: name:enp0s3: saddr:33561200: daddr:100932208
[  254.785604] AAAAA-TCP_FORW: name:enp0s3: saddr:33561200: daddr:100932208
[  255.020579] AAAAA-TCP_FORW: name:enp0s3: saddr:33561200: daddr:100932208
[  255.323705] AAAAA-TCP_FORW: name:enp0s3: saddr:33561200: daddr:100932208
[  255.568881] AAAAA-TCP_FORW: name:enp0s3: saddr:33561200: daddr:100932208
[  255.722657] AAAAA-TCP_FORW: name:enp0s3: saddr:16783984: daddr:100932208
[  255.956578] AAAAA-TCP_FORW: name:enp0s3: saddr:16783984: daddr:100932208
[  256.079808] AAAAA-TCP_FORW: name:enp0s3: saddr:16783984: daddr:100932208
[  256.285654] AAAAA-TCP_FORW: name:enp0s3: saddr:16783984: daddr:100932208
[  256.409835] AAAAA-TCP_FORW: name:enp0s3: saddr:16783984: daddr:100932208
[  256.504599] AAAAA-TCP_FORW: name:enp0s3: saddr:16783984: daddr:100932208
[  256.680337] AAAAA-TCP_FORW: name:enp0s3: saddr:16783984: daddr:100932208
[  256.846057] AAAAA-TCP_FORW: name:enp0s3: saddr:16783984: daddr:100932208
[  256.993126] AAAAA-TCP_FORW: name:enp0s3: saddr:16783984: daddr:100932208
[  257.086957] AAAAA-TCP_FORW: name:enp0s3: saddr:16783984: daddr:100932208
[  257.180958] AAAAA-TCP_FORW: name:enp0s3: saddr:16783984: daddr:100932208
[  257.324472] AAAAA-TCP_FORW: name:enp0s3: saddr:16783984: daddr:100932208
[  257.460320] AAAAA-TCP_FORW: name:enp0s3: saddr:16783984: daddr:100932208
[  257.566186] AAAAA-TCP_FORW: name:enp0s3: saddr:16783984: daddr:100932208
[  257.696557] AAAAA-TCP_FORW: name:enp0s3: saddr:16783984: daddr:100932208
[  257.772569] AAAAA-TCP_FORW: name:enp0s3: saddr:33561200: daddr:100932208
[  258.109379] AAAAA-TCP_FORW: name:enp0s3: saddr:33561200: daddr:100932208
[  258.214156] AAAAA-TCP_FORW: name:enp0s3: saddr:33561200: daddr:100932208
[  258.282369] AAAAA-TCP_FORW: name:enp0s3: saddr:33561200: daddr:100932208
[  258.541401] AAAAA-TCP_FORW: name:enp0s3: saddr:33561200: daddr:100932208
[  258.639183] AAAAA-TCP_FORW: name:enp0s3: saddr:33561200: daddr:100932208
[  258.720047] AAAAA-TCP_FORW: name:enp0s3: saddr:33561200: daddr:100932208
[  258.790449] AAAAA-TCP_FORW: name:enp0s3: saddr:33561200: daddr:100932208
[  258.892325] AAAAA-TCP_FORW: name:enp0s3: saddr:33561200: daddr:100932208
[  259.018477] AAAAA-TCP_FORW: name:enp0s3: saddr:33561200: daddr:100932208
[  259.096447] AAAAA-TCP_FORW: name:enp0s3: saddr:33561200: daddr:100932208
[  259.185574] AAAAA-TCP_FORW: name:enp0s3: saddr:33561200: daddr:100932208
[  259.263575] AAAAA-TCP_FORW: name:enp0s3: saddr:33561200: daddr:100932208
[  259.346645] AAAAA-TCP_FORW: name:enp0s3: saddr:33561200: daddr:100932208
[  259.412271] AAAAA-TCP_FORW: name:enp0s3: saddr:33561200: daddr:100932208
[  259.543071] AAAAA-TCP_FORW: name:enp0s3: saddr:33561200: daddr:100932208
[  259.614156] AAAAA-TCP_FORW: name:enp0s3: saddr:33561200: daddr:100932208
[  259.699260] AAAAA-TCP_FORW: name:enp0s3: saddr:33561200: daddr:100932208
[  259.748003] AAAAA-TCP_FORW: name:enp0s3: saddr:33561200: daddr:100932208
[  259.813464] AAAAA-TCP_FORW: name:enp0s3: saddr:33561200: daddr:100932208
[  259.885222] AAAAA-TCP_FORW: name:enp0s3: saddr:33561200: daddr:100932208
[  259.954475] AAAAA-TCP_FORW: name:enp0s3: saddr:33561200: daddr:100932208
[  260.023206] AAAAA-TCP_FORW: name:enp0s3: saddr:33561200: daddr:100932208
[  260.103805] AAAAA-TCP_FORW: name:enp0s3: saddr:33561200: daddr:100932208
[  260.200091] AAAAA-TCP_FORW: name:enp0s3: saddr:33561200: daddr:100932208
[  260.269614] AAAAA-TCP_FORW: name:enp0s3: saddr:16783984: daddr:100932208
[  260.332802] AAAAA-TCP_FORW: name:enp0s3: saddr:16783984: daddr:100932208
[  260.395803] AAAAA-TCP_FORW: name:enp0s3: saddr:16783984: daddr:100932208
[  260.450450] AAAAA-TCP_FORW: name:enp0s3: saddr:16783984: daddr:100932208
[  260.517288] AAAAA-TCP_FORW: name:enp0s3: saddr:16783984: daddr:100932208
[  260.576041] AAAAA-TCP_FORW: name:enp0s3: saddr:16783984: daddr:100932208
[  260.687156] AAAAA-TCP_FORW: name:enp0s3: saddr:16783984: daddr:100932208
[  260.793965] AAAAA-TCP_FORW: name:enp0s3: saddr:16783984: daddr:100932208
[  260.866808] AAAAA-TCP_FORW: name:enp0s3: saddr:16783984: daddr:100932208
[  260.965999] AAAAA-TCP_FORW: name:enp0s3: saddr:16783984: daddr:100932208
[  261.059636] AAAAA-TCP_FORW: name:enp0s3: saddr:16783984: daddr:100932208
[  261.118291] AAAAA-TCP_FORW: name:enp0s3: saddr:16783984: daddr:100932208
[  261.197595] AAAAA-TCP_FORW: name:enp0s3: saddr:16783984: daddr:100932208
[  261.273337] AAAAA-TCP_FORW: name:enp0s3: saddr:16783984: daddr:100932208
[  261.348188] AAAAA-TCP_FORW: name:enp0s3: saddr:16783984: daddr:100932208
[  261.464619] AAAAA-TCP_FORW: name:enp0s3: saddr:16783984: daddr:100932208
[  261.616114] AAAAA-TCP_FORW: name:enp0s3: saddr:33561200: daddr:100932208
[  261.951329] AAAAA-TCP_FORW: name:enp0s3: saddr:33561200: daddr:100932208
[  262.049473] AAAAA-TCP_FORW: name:enp0s3: saddr:33561200: daddr:100932208
[  262.131451] AAAAA-TCP_FORW: name:enp0s3: saddr:33561200: daddr:100932208
[  262.369831] AAAAA-TCP_FORW: name:enp0s3: saddr:33561200: daddr:100932208
[  262.448496] AAAAA-TCP_FORW: name:enp0s3: saddr:33561200: daddr:100932208
[  262.557337] AAAAA-TCP_FORW: name:enp0s3: saddr:33561200: daddr:100932208
[  262.676524] AAAAA-TCP_FORW: name:enp0s3: saddr:33561200: daddr:100932208
[  262.834857] AAAAA-TCP_FORW: name:enp0s3: saddr:33561200: daddr:100932208
[  262.938283] AAAAA-TCP_FORW: name:enp0s3: saddr:33561200: daddr:100932208
[  263.073147] AAAAA-TCP_FORW: name:enp0s3: saddr:33561200: daddr:100932208
[  263.161818] AAAAA-TCP_FORW: name:enp0s3: saddr:33561200: daddr:100932208
[  263.225598] AAAAA-TCP_FORW: name:enp0s3: saddr:33561200: daddr:100932208
[  263.280010] AAAAA-TCP_FORW: name:enp0s3: saddr:33561200: daddr:100932208
[  263.381173] AAAAA-TCP_FORW: name:enp0s3: saddr:33561200: daddr:100932208
[  263.464849] AAAAA-TCP_FORW: name:enp0s3: saddr:33561200: daddr:100932208
[  263.549885] AAAAA-TCP_FORW: name:enp0s3: saddr:33561200: daddr:100932208
[  263.604369] AAAAA-TCP_FORW: name:enp0s3: saddr:33561200: daddr:100932208
[  263.664724] AAAAA-TCP_FORW: name:enp0s3: saddr:33561200: daddr:100932208
[  263.724617] AAAAA-TCP_FORW: name:enp0s3: saddr:33561200: daddr:100932208
[  263.794502] AAAAA-TCP_FORW: name:enp0s3: saddr:33561200: daddr:100932208
[  263.839562] AAAAA-TCP_FORW: name:enp0s3: saddr:33561200: daddr:100932208
[  263.892868] AAAAA-TCP_FORW: name:enp0s3: saddr:33561200: daddr:100932208
[  264.002696] AAAAA-TCP_FORW: name:enp0s3: saddr:33561200: daddr:100932208
[  264.090847] AAAAA-TCP_FORW: name:enp0s3: saddr:33561200: daddr:100932208
[  264.158754] AAAAA-TCP_FORW: name:enp0s3: saddr:33561200: daddr:100932208
[  264.214711] AAAAA-TCP_FORW: name:enp0s3: saddr:16783984: daddr:100932208
[  264.284054] AAAAA-TCP_FORW: name:enp0s3: saddr:16783984: daddr:100932208
[  264.343707] AAAAA-TCP_FORW: name:enp0s3: saddr:16783984: daddr:100932208
[  264.382089] AAAAA-TCP_FORW: name:enp0s3: saddr:16783984: daddr:100932208
[  264.457192] AAAAA-TCP_FORW: name:enp0s3: saddr:16783984: daddr:100932208
[  264.521917] AAAAA-TCP_FORW: name:enp0s3: saddr:16783984: daddr:100932208
[  264.598174] AAAAA-TCP_FORW: name:enp0s3: saddr:16783984: daddr:100932208
[  264.642414] AAAAA-TCP_FORW: name:enp0s3: saddr:16783984: daddr:100932208
[  264.702513] AAAAA-TCP_FORW: name:enp0s3: saddr:16783984: daddr:100932208
[  264.788069] AAAAA-TCP_FORW: name:enp0s3: saddr:16783984: daddr:100932208
[  264.837698] AAAAA-TCP_FORW: name:enp0s3: saddr:16783984: daddr:100932208
[  264.943929] AAAAA-TCP_FORW: name:enp0s3: saddr:16783984: daddr:100932208
[  264.996990] AAAAA-TCP_FORW: name:enp0s3: saddr:16783984: daddr:100932208
[  265.045864] AAAAA-TCP_FORW: name:enp0s3: saddr:16783984: daddr:100932208
[  265.115226] AAAAA-TCP_FORW: name:enp0s3: saddr:16783984: daddr:100932208
[  265.189766] AAAAA-TCP_FORW: name:enp0s3: saddr:16783984: daddr:100932208
[  265.265102] AAAAA-TCP_FORW: name:enp0s3: saddr:16783984: daddr:100932208
[  265.365314] AAAAA-TCP_FORW: name:enp0s3: saddr:16783984: daddr:100932208
[  265.504087] AAAAA-TCP_FORW: name:enp0s3: saddr:33561200: daddr:100932208
[  265.548773] AAAAA-TCP_FORW: name:enp0s3: saddr:16783984: daddr:100932208
[  265.621708] AAAAA-TCP_FORW: name:enp0s3: saddr:33561200: daddr:100932208
[  265.854376] AAAAA-TCP_FORW: name:enp0s3: saddr:33561200: daddr:100932208
[  265.988248] AAAAA-TCP_FORW: name:enp0s3: saddr:33561200: daddr:100932208
[  266.113766] AAAAA-TCP_FORW: name:enp0s3: saddr:33561200: daddr:100932208
[  266.193292] AAAAA-TCP_FORW: name:enp0s3: saddr:33561200: daddr:100932208
[  266.429349] AAAAA-TCP_FORW: name:enp0s3: saddr:33561200: daddr:100932208
[  266.549042] AAAAA-TCP_FORW: name:enp0s3: saddr:33561200: daddr:100932208
[  266.633806] AAAAA-TCP_FORW: name:enp0s3: saddr:33561200: daddr:100932208
[  266.721868] AAAAA-TCP_FORW: name:enp0s3: saddr:33561200: daddr:100932208
[  266.848896] AAAAA-TCP_FORW: name:enp0s3: saddr:33561200: daddr:100932208
[  267.023156] AAAAA-TCP_FORW: name:enp0s3: saddr:33561200: daddr:100932208
[  267.162648] AAAAA-TCP_FORW: name:enp0s3: saddr:33561200: daddr:100932208
[  267.316019] AAAAA-TCP_FORW: name:enp0s3: saddr:33561200: daddr:100932208
[  267.424745] AAAAA-TCP_FORW: name:enp0s3: saddr:33561200: daddr:100932208
[  267.506672] AAAAA-TCP_FORW: name:enp0s3: saddr:33561200: daddr:100932208
[  267.598393] AAAAA-TCP_FORW: name:enp0s3: saddr:33561200: daddr:100932208
[  267.663053] AAAAA-TCP_FORW: name:enp0s3: saddr:33561200: daddr:100932208
[  267.759869] AAAAA-TCP_FORW: name:enp0s3: saddr:33561200: daddr:100932208
[  267.858177] AAAAA-TCP_FORW: name:enp0s3: saddr:33561200: daddr:100932208
[  267.922219] AAAAA-TCP_FORW: name:enp0s3: saddr:33561200: daddr:100932208
[  268.013787] AAAAA-TCP_FORW: name:enp0s3: saddr:33561200: daddr:100932208
[  268.084757] AAAAA-TCP_FORW: name:enp0s3: saddr:33561200: daddr:100932208
[  268.110108] AAAAA-TCP_FORW: name:enp0s3: saddr:33561200: daddr:100932208
[  268.156892] AAAAA-TCP_FORW: name:enp0s3: saddr:33561200: daddr:100932208
[  268.239659] AAAAA-TCP_FORW: name:enp0s3: saddr:33561200: daddr:100932208
[  268.301644] AAAAA-TCP_FORW: name:enp0s3: saddr:33561200: daddr:100932208
[  268.383131] AAAAA-TCP_FORW: name:enp0s3: saddr:33561200: daddr:100932208
[  268.472972] AAAAA-TCP_FORW: name:enp0s3: saddr:33561200: daddr:100932208
[  268.519221] AAAAA-TCP_FORW: name:enp0s3: saddr:33561200: daddr:100932208
[  268.595853] AAAAA-TCP_FORW: name:enp0s3: saddr:33561200: daddr:100932208
[  268.646319] AAAAA-TCP_FORW: name:enp0s3: saddr:33561200: daddr:100932208
[  268.710723] AAAAA-TCP_FORW: name:enp0s3: saddr:33561200: daddr:100932208
[  268.759885] AAAAA-TCP_FORW: name:enp0s3: saddr:16783984: daddr:100932208
[  268.798369] AAAAA-TCP_FORW: name:enp0s3: saddr:16783984: daddr:100932208
[  268.843984] AAAAA-TCP_FORW: name:enp0s3: saddr:16783984: daddr:100932208
[  268.958229] AAAAA-TCP_FORW: name:enp0s3: saddr:16783984: daddr:100932208
[  269.028425] AAAAA-TCP_FORW: name:enp0s3: saddr:16783984: daddr:100932208
[  269.124021] AAAAA-TCP_FORW: name:enp0s3: saddr:16783984: daddr:100932208
[  269.188401] AAAAA-TCP_FORW: name:enp0s3: saddr:16783984: daddr:100932208
[  269.260174] AAAAA-TCP_FORW: name:enp0s3: saddr:16783984: daddr:100932208
[  269.334565] AAAAA-TCP_FORW: name:enp0s3: saddr:16783984: daddr:100932208
[  269.398063] AAAAA-TCP_FORW: name:enp0s3: saddr:16783984: daddr:100932208
[  269.428571] AAAAA-TCP_FORW: name:enp0s3: saddr:16783984: daddr:100932208
[  269.532727] AAAAA-TCP_FORW: name:enp0s3: saddr:16783984: daddr:100932208
[  269.583922] AAAAA-TCP_FORW: name:enp0s3: saddr:16783984: daddr:100932208
[  269.652448] AAAAA-TCP_FORW: name:enp0s3: saddr:16783984: daddr:100932208
[  269.726428] AAAAA-TCP_FORW: name:enp0s3: saddr:16783984: daddr:100932208
[  269.795093] AAAAA-TCP_FORW: name:enp0s3: saddr:16783984: daddr:100932208
[  269.897126] AAAAA-TCP_FORW: name:enp0s3: saddr:16783984: daddr:100932208
[  269.994197] AAAAA-TCP_FORW: name:enp0s3: saddr:16783984: daddr:100932208
[  270.250923] AAAAA-TCP_FORW: name:enp0s3: saddr:16783984: daddr:100932208
[  270.436752] AAAAA-TCP_FORW: name:enp0s3: saddr:16783984: daddr:100932208
[  270.584393] AAAAA-TCP_FORW: name:enp0s3: saddr:16783984: daddr:100932208
[  270.642295] AAAAA-TCP_FORW: name:enp0s3: saddr:33561200: daddr:100932208
[  270.702772] AAAAA-TCP_FORW: name:enp0s3: saddr:33561200: daddr:100932208
[  270.878778] AAAAA-TCP_FORW: name:enp0s3: saddr:33561200: daddr:100932208
[  270.953766] AAAAA-TCP_FORW: name:enp0s3: saddr:16783984: daddr:100932208
[  271.055754] AAAAA-TCP_FORW: name:enp0s3: saddr:33561200: daddr:100932208
[  271.094675] AAAAA-TCP_FORW: name:enp0s3: saddr:33561200: daddr:100932208
[  271.168544] AAAAA-TCP_FORW: name:enp0s3: saddr:33561200: daddr:100932208
[  271.248282] AAAAA-TCP_FORW: name:enp0s3: saddr:33561200: daddr:100932208
[  271.274500] AAAAA-TCP_FORW: name:enp0s3: saddr:33561200: daddr:100932208
[  271.354489] AAAAA-TCP_FORW: name:enp0s3: saddr:33561200: daddr:100932208
[  271.431015] AAAAA-TCP_FORW: name:enp0s3: saddr:33561200: daddr:100932208
[  271.503529] AAAAA-TCP_FORW: name:enp0s3: saddr:33561200: daddr:100932208
[  271.571490] AAAAA-TCP_FORW: name:enp0s3: saddr:33561200: daddr:100932208
[  271.663202] AAAAA-TCP_FORW: name:enp0s3: saddr:33561200: daddr:100932208
[  271.727754] AAAAA-TCP_FORW: name:enp0s3: saddr:33561200: daddr:100932208
[  271.806921] AAAAA-TCP_FORW: name:enp0s3: saddr:33561200: daddr:100932208
[  271.853963] AAAAA-TCP_FORW: name:enp0s3: saddr:33561200: daddr:100932208
[  272.014867] AAAAA-TCP_FORW: name:enp0s3: saddr:33561200: daddr:100932208
[  272.143850] AAAAA-TCP_FORW: name:enp0s3: saddr:33561200: daddr:100932208
[  272.237619] AAAAA-TCP_FORW: name:enp0s3: saddr:33561200: daddr:100932208
[  272.342272] AAAAA-TCP_FORW: name:enp0s3: saddr:33561200: daddr:100932208
[  272.443645] AAAAA-TCP_FORW: name:enp0s3: saddr:33561200: daddr:100932208
[  272.616906] AAAAA-TCP_FORW: name:enp0s3: saddr:33561200: daddr:100932208
[  272.730769] AAAAA-TCP_FORW: name:enp0s3: saddr:33561200: daddr:100932208
[  272.818561] AAAAA-TCP_FORW: name:enp0s3: saddr:33561200: daddr:100932208
[  272.920750] AAAAA-TCP_FORW: name:enp0s3: saddr:33561200: daddr:100932208
[  273.030445] AAAAA-TCP_FORW: name:enp0s3: saddr:33561200: daddr:100932208
[  273.125748] AAAAA-TCP_FORW: name:enp0s3: saddr:33561200: daddr:100932208
[  273.213434] AAAAA-TCP_FORW: name:enp0s3: saddr:33561200: daddr:100932208
[  273.337784] AAAAA-TCP_FORW: name:enp0s3: saddr:33561200: daddr:100932208
[  273.408692] AAAAA-TCP_FORW: name:enp0s3: saddr:33561200: daddr:100932208
[  273.538138] AAAAA-TCP_FORW: name:enp0s3: saddr:33561200: daddr:100932208
[  273.628528] AAAAA-TCP_FORW: name:enp0s3: saddr:33561200: daddr:100932208
[  273.722714] AAAAA-TCP_FORW: name:enp0s3: saddr:33561200: daddr:100932208
[  273.823937] AAAAA-TCP_FORW: name:enp0s3: saddr:33561200: daddr:100932208
[  273.954142] AAAAA-TCP_FORW: name:enp0s3: saddr:33561200: daddr:100932208
[  274.038218] AAAAA-TCP_FORW: name:enp0s3: saddr:33561200: daddr:100932208
[  274.190694] AAAAA-TCP_FORW: name:enp0s3: saddr:33561200: daddr:100932208
[  274.303211] AAAAA-TCP_FORW: name:enp0s3: saddr:33561200: daddr:100932208
[  274.419895] AAAAA-TCP_FORW: name:enp0s3: saddr:33561200: daddr:100932208
[  274.544943] AAAAA-TCP_FORW: name:enp0s3: saddr:33561200: daddr:100932208
[  274.737520] AAAAA-TCP_FORW: name:enp0s3: saddr:33561200: daddr:100932208
[  274.870749] AAAAA-TCP_FORW: name:enp0s3: saddr:33561200: daddr:100932208
[  274.944840] AAAAA-TCP_FORW: name:enp0s3: saddr:33561200: daddr:100932208
[  275.057741] AAAAA-TCP_FORW: name:enp0s3: saddr:33561200: daddr:100932208
[  275.126448] AAAAA-TCP_FORW: name:enp0s3: saddr:33561200: daddr:100932208
[  275.236907] AAAAA-TCP_FORW: name:enp0s3: saddr:33561200: daddr:100932208
[  275.318158] AAAAA-TCP_FORW: name:enp0s3: saddr:16783984: daddr:100932208
[  275.432914] AAAAA-TCP_FORW: name:enp0s3: saddr:16783984: daddr:100932208
[  275.549182] AAAAA-TCP_FORW: name:enp0s3: saddr:16783984: daddr:100932208
[  275.657699] AAAAA-TCP_FORW: name:enp0s3: saddr:16783984: daddr:100932208
[  275.744526] AAAAA-TCP_FORW: name:enp0s3: saddr:16783984: daddr:100932208
[  275.833317] AAAAA-TCP_FORW: name:enp0s3: saddr:16783984: daddr:100932208
[  275.948607] AAAAA-TCP_FORW: name:enp0s3: saddr:16783984: daddr:100932208
[  276.083135] AAAAA-TCP_FORW: name:enp0s3: saddr:16783984: daddr:100932208
[  276.189077] AAAAA-TCP_FORW: name:enp0s3: saddr:16783984: daddr:100932208
[  276.363749] AAAAA-TCP_FORW: name:enp0s3: saddr:16783984: daddr:100932208
[  276.429124] AAAAA-TCP_FORW: name:enp0s3: saddr:16783984: daddr:100932208
[  276.540166] AAAAA-TCP_FORW: name:enp0s3: saddr:16783984: daddr:100932208
[  276.629989] AAAAA-TCP_FORW: name:enp0s3: saddr:16783984: daddr:100932208
[  276.755722] AAAAA-TCP_FORW: name:enp0s3: saddr:16783984: daddr:100932208
[  276.855462] AAAAA-TCP_FORW: name:enp0s3: saddr:16783984: daddr:100932208
[  276.981868] AAAAA-TCP_FORW: name:enp0s3: saddr:16783984: daddr:100932208
[  277.114299] AAAAA-TCP_FORW: name:enp0s3: saddr:16783984: daddr:100932208
[  277.351314] AAAAA-TCP_FORW: name:enp0s3: saddr:16783984: daddr:100932208
[  277.527557] AAAAA-TCP_FORW: name:enp0s3: saddr:16783984: daddr:100932208
[  277.736446] AAAAA-TCP_FORW: name:enp0s3: saddr:16783984: daddr:100932208
[  277.827778] AAAAA-TCP_FORW: name:enp0s3: saddr:16783984: daddr:100932208
[  278.309856] AAAAA-TCP_FORW: name:enp0s3: saddr:16783984: daddr:100932208
[  278.576591] AAAAA-TCP_FORW: name:enp0s3: saddr:16783984: daddr:100932208
[  278.794946] AAAAA-TCP_FORW: name:enp0s3: saddr:16783984: daddr:100932208
[  278.913553] AAAAA-TCP_FORW: name:enp0s3: saddr:16783984: daddr:100932208
[  279.156934] AAAAA-TCP_FORW: name:enp0s3: saddr:16783984: daddr:100932208
[  279.330090] AAAAA-TCP_FORW: name:enp0s3: saddr:16783984: daddr:100932208
[  279.462334] AAAAA-TCP_FORW: name:enp0s3: saddr:16783984: daddr:100932208
[  279.542989] AAAAA-TCP_FORW: name:enp0s3: saddr:16783984: daddr:100932208
[  279.640279] AAAAA-TCP_FORW: name:enp0s3: saddr:16783984: daddr:100932208
[  279.758609] AAAAA-TCP_FORW: name:enp0s3: saddr:16783984: daddr:100932208
[  280.079767] AAAAA-TCP_FORW: name:enp0s3: saddr:16783984: daddr:100932208
[  280.363439] AAAAA-TCP_FORW: name:enp0s3: saddr:16783984: daddr:100932208
[  280.471214] AAAAA-TCP_FORW: name:enp0s3: saddr:16783984: daddr:100932208
[  280.589028] AAAAA-TCP_FORW: name:enp0s3: saddr:16783984: daddr:100932208
[  280.710903] AAAAA-TCP_FORW: name:enp0s3: saddr:16783984: daddr:100932208
[  280.849977] AAAAA-TCP_FORW: name:enp0s3: saddr:16783984: daddr:100932208
[  280.976204] AAAAA-TCP_FORW: name:enp0s3: saddr:16783984: daddr:100932208
[  281.113009] AAAAA-TCP_FORW: name:enp0s3: saddr:33561200: daddr:100932208
[  281.203086] AAAAA-TCP_FORW: name:enp0s3: saddr:33561200: daddr:100932208
[  281.306428] AAAAA-TCP_FORW: name:enp0s3: saddr:33561200: daddr:100932208
[  281.350849] AAAAA-TCP_FORW: name:enp0s3: saddr:16783984: daddr:100932208
[  281.447521] AAAAA-TCP_FORW: name:enp0s3: saddr:16783984: daddr:100932208
[  281.512097] AAAAA-TCP_FORW: name:enp0s3: saddr:33561200: daddr:100932208
[  281.601784] AAAAA-TCP_FORW: name:enp0s3: saddr:33561200: daddr:100932208
[  281.741756] AAAAA-TCP_FORW: name:enp0s3: saddr:33561200: daddr:100932208
[  281.867484] AAAAA-TCP_FORW: name:enp0s3: saddr:33561200: daddr:100932208
[  281.929813] AAAAA-TCP_FORW: name:enp0s3: saddr:33561200: daddr:100932208
[  282.004912] AAAAA-TCP_FORW: name:enp0s3: saddr:33561200: daddr:100932208
[  282.084032] AAAAA-TCP_FORW: name:enp0s3: saddr:33561200: daddr:100932208
[  282.159052] AAAAA-TCP_FORW: name:enp0s3: saddr:33561200: daddr:100932208
[  282.275400] AAAAA-TCP_FORW: name:enp0s3: saddr:33561200: daddr:100932208
[  282.378610] AAAAA-TCP_FORW: name:enp0s3: saddr:33561200: daddr:100932208
[  282.503258] AAAAA-TCP_FORW: name:enp0s3: saddr:33561200: daddr:100932208
[  282.607596] AAAAA-TCP_FORW: name:enp0s3: saddr:33561200: daddr:100932208
[  282.705423] AAAAA-TCP_FORW: name:enp0s3: saddr:33561200: daddr:100932208
[  282.788833] AAAAA-TCP_FORW: name:enp0s3: saddr:33561200: daddr:100932208
[  282.884637] AAAAA-TCP_FORW: name:enp0s3: saddr:33561200: daddr:100932208
[  282.944187] AAAAA-TCP_FORW: name:enp0s3: saddr:33561200: daddr:100932208
[  283.107407] AAAAA-TCP_FORW: name:enp0s3: saddr:33561200: daddr:100932208
[  283.148664] AAAAA-TCP_FORW: name:enp0s3: saddr:33561200: daddr:100932208
[  283.246435] AAAAA-TCP_FORW: name:enp0s3: saddr:33561200: daddr:100932208
[  283.336684] AAAAA-TCP_FORW: name:enp0s3: saddr:33561200: daddr:100932208
[  283.588581] AAAAA-TCP_FORW: name:enp0s3: saddr:33561200: daddr:100932208
[  283.776014] AAAAA-TCP_FORW: name:enp0s3: saddr:33561200: daddr:100932208
[  283.920620] AAAAA-TCP_FORW: name:enp0s3: saddr:33561200: daddr:100932208
[  284.085295] AAAAA-TCP_FORW: name:enp0s3: saddr:33561200: daddr:100932208
[  284.249938] AAAAA-TCP_FORW: name:enp0s3: saddr:33561200: daddr:100932208
[  284.394519] AAAAA-TCP_FORW: name:enp0s3: saddr:33561200: daddr:100932208
[  284.880417] AAAAA-TCP_FORW: name:enp0s3: saddr:33561200: daddr:100932208
[  285.331547] AAAAA-TCP_FORW: name:enp0s3: saddr:33561200: daddr:100932208
[  285.430456] AAAAA-TCP_FORW: name:enp0s3: saddr:33561200: daddr:100932208
[  285.573513] AAAAA-TCP_FORW: name:enp0s3: saddr:33561200: daddr:100932208
[  285.681838] AAAAA-TCP_FORW: name:enp0s3: saddr:33561200: daddr:100932208
[  285.926979] AAAAA-TCP_FORW: name:enp0s3: saddr:33561200: daddr:100932208
[  286.047790] AAAAA-TCP_FORW: name:enp0s3: saddr:33561200: daddr:100932208
[  286.154851] AAAAA-TCP_FORW: name:enp0s3: saddr:16783984: daddr:100932208
[  286.310041] AAAAA-TCP_FORW: name:enp0s3: saddr:16783984: daddr:100932208
[  286.450405] AAAAA-TCP_FORW: name:enp0s3: saddr:16783984: daddr:100932208
[  286.578575] AAAAA-TCP_FORW: name:enp0s3: saddr:16783984: daddr:100932208
[  286.685031] AAAAA-TCP_FORW: name:enp0s3: saddr:16783984: daddr:100932208
[  286.757925] AAAAA-TCP_FORW: name:enp0s3: saddr:16783984: daddr:100932208
[  286.870010] AAAAA-TCP_FORW: name:enp0s3: saddr:16783984: daddr:100932208
[  287.016545] AAAAA-TCP_FORW: name:enp0s3: saddr:16783984: daddr:100932208
[  287.178808] AAAAA-TCP_FORW: name:enp0s3: saddr:16783984: daddr:100932208
[  287.295338] AAAAA-TCP_FORW: name:enp0s3: saddr:16783984: daddr:100932208
[  287.384262] AAAAA-TCP_FORW: name:enp0s3: saddr:16783984: daddr:100932208
[  287.469298] AAAAA-TCP_FORW: name:enp0s3: saddr:16783984: daddr:100932208
[  287.552286] AAAAA-TCP_FORW: name:enp0s3: saddr:16783984: daddr:100932208
[  287.640125] AAAAA-TCP_FORW: name:enp0s3: saddr:16783984: daddr:100932208
[  287.762991] AAAAA-TCP_FORW: name:enp0s3: saddr:16783984: daddr:100932208
[  287.876294] AAAAA-TCP_FORW: name:enp0s3: saddr:16783984: daddr:100932208
[  287.974200] AAAAA-TCP_FORW: name:enp0s3: saddr:16783984: daddr:100932208
[  288.038249] AAAAA-TCP_FORW: name:enp0s3: saddr:16783984: daddr:100932208
[  288.118036] AAAAA-TCP_FORW: name:enp0s3: saddr:16783984: daddr:100932208
[  288.233798] AAAAA-TCP_FORW: name:enp0s3: saddr:16783984: daddr:100932208
[  288.316173] AAAAA-TCP_FORW: name:enp0s3: saddr:16783984: daddr:100932208
[  288.407548] AAAAA-TCP_FORW: name:enp0s3: saddr:16783984: daddr:100932208
[  288.481850] AAAAA-TCP_FORW: name:enp0s3: saddr:16783984: daddr:100932208
[  288.567573] AAAAA-TCP_FORW: name:enp0s3: saddr:16783984: daddr:100932208
[  288.653551] AAAAA-TCP_FORW: name:enp0s3: saddr:16783984: daddr:100932208
[  288.751948] AAAAA-TCP_FORW: name:enp0s3: saddr:16783984: daddr:100932208
[  288.881332] AAAAA-TCP_FORW: name:enp0s3: saddr:16783984: daddr:100932208
[  288.925715] AAAAA-TCP_FORW: name:enp0s3: saddr:16783984: daddr:100932208
[  289.047330] AAAAA-TCP_FORW: name:enp0s3: saddr:16783984: daddr:100932208
[  289.139757] AAAAA-TCP_FORW: name:enp0s3: saddr:33561200: daddr:100932208
[  289.262362] AAAAA-TCP_FORW: name:enp0s3: saddr:16783984: daddr:100932208
[  289.292145] AAAAA-TCP_FORW: name:enp0s3: saddr:33561200: daddr:100932208
[  289.378448] AAAAA-TCP_FORW: name:enp0s3: saddr:33561200: daddr:100932208
[  289.478585] AAAAA-TCP_FORW: name:enp0s3: saddr:33561200: daddr:100932208
[  289.534781] AAAAA-TCP_FORW: name:enp0s3: saddr:33561200: daddr:100932208
[  289.619153] AAAAA-TCP_FORW: name:enp0s3: saddr:33561200: daddr:100932208
[  289.906229] AAAAA-TCP_FORW: name:enp0s3: saddr:33561200: daddr:100932208
[  289.982005] AAAAA-TCP_FORW: name:enp0s3: saddr:33561200: daddr:100932208
[  290.086730] AAAAA-TCP_FORW: name:enp0s3: saddr:33561200: daddr:100932208
[  290.171202] AAAAA-TCP_FORW: name:enp0s3: saddr:33561200: daddr:100932208
[  290.249982] AAAAA-TCP_FORW: name:enp0s3: saddr:33561200: daddr:100932208
[  290.442949] AAAAA-TCP_FORW: name:enp0s3: saddr:33561200: daddr:100932208
[  290.606674] AAAAA-TCP_FORW: name:enp0s3: saddr:33561200: daddr:100932208
[  291.156499] AAAAA-TCP_FORW: name:enp0s3: saddr:33561200: daddr:100932208
[  291.315549] AAAAA-TCP_FORW: name:enp0s3: saddr:33561200: daddr:100932208
[  291.456247] AAAAA-TCP_FORW: name:enp0s3: saddr:33561200: daddr:100932208
[  291.622171] AAAAA-TCP_FORW: name:enp0s3: saddr:33561200: daddr:100932208
[  292.307333] AAAAA-TCP_FORW: name:enp0s3: saddr:33561200: daddr:100932208
[  292.403371] AAAAA-TCP_FORW: name:enp0s3: saddr:33561200: daddr:100932208
[  292.486801] AAAAA-TCP_FORW: name:enp0s3: saddr:33561200: daddr:100932208
[  292.583030] AAAAA-TCP_FORW: name:enp0s3: saddr:33561200: daddr:100932208
[  292.687625] AAAAA-TCP_FORW: name:enp0s3: saddr:33561200: daddr:100932208
[  292.903850] AAAAA-TCP_FORW: name:enp0s3: saddr:33561200: daddr:100932208
[  292.992320] AAAAA-TCP_FORW: name:enp0s3: saddr:33561200: daddr:100932208
[  293.211907] AAAAA-TCP_FORW: name:enp0s3: saddr:33561200: daddr:100932208
[  293.280731] AAAAA-TCP_FORW: name:enp0s3: saddr:33561200: daddr:100932208
[  293.395816] AAAAA-TCP_FORW: name:enp0s3: saddr:33561200: daddr:100932208
[  293.438888] AAAAA-TCP_FORW: name:enp0s3: saddr:33561200: daddr:100932208
[  293.533049] AAAAA-TCP_FORW: name:enp0s3: saddr:33561200: daddr:100932208
[  293.619086] AAAAA-TCP_FORW: name:enp0s3: saddr:33561200: daddr:100932208
[  293.759017] AAAAA-TCP_FORW: name:enp0s3: saddr:33561200: daddr:100932208
[  294.120312] AAAAA-TCP_FORW: name:enp0s3: saddr:33561200: daddr:100932208
[  294.357481] AAAAA-TCP_FORW: name:enp0s3: saddr:33561200: daddr:100932208
[  294.481475] AAAAA-TCP_FORW: name:enp0s3: saddr:33561200: daddr:100932208
[  294.746311] AAAAA-TCP_FORW: name:enp0s3: saddr:33561200: daddr:100932208
[  294.925852] AAAAA-TCP_FORW: name:enp0s3: saddr:16783984: daddr:100932208
[  295.013403] AAAAA-TCP_FORW: name:enp0s3: saddr:16783984: daddr:100932208
[  295.132903] AAAAA-TCP_FORW: name:enp0s3: saddr:16783984: daddr:100932208
[  295.497878] AAAAA-TCP_FORW: name:enp0s3: saddr:16783984: daddr:100932208
[  295.592042] AAAAA-TCP_FORW: name:enp0s3: saddr:16783984: daddr:100932208
[  295.732468] AAAAA-TCP_FORW: name:enp0s3: saddr:16783984: daddr:100932208
[  295.856915] AAAAA-TCP_FORW: name:enp0s3: saddr:16783984: daddr:100932208
[  296.051030] AAAAA-TCP_FORW: name:enp0s3: saddr:16783984: daddr:100932208
[  296.896574] AAAAA-TCP_FORW: name:enp0s3: saddr:16783984: daddr:100932208
[  297.364951] AAAAA-TCP_FORW: name:enp0s3: saddr:16783984: daddr:100932208
[  297.466221] AAAAA-TCP_FORW: name:enp0s3: saddr:16783984: daddr:100932208
[  297.681749] AAAAA-TCP_FORW: name:enp0s3: saddr:16783984: daddr:100932208
[  297.769253] AAAAA-TCP_FORW: name:enp0s3: saddr:16783984: daddr:100932208
[  297.846976] AAAAA-TCP_FORW: name:enp0s3: saddr:16783984: daddr:100932208
[  298.098946] AAAAA-TCP_FORW: name:enp0s3: saddr:16783984: daddr:100932208
[  298.158520] AAAAA-TCP_FORW: name:enp0s3: saddr:16783984: daddr:100932208
[  298.263558] AAAAA-TCP_FORW: name:enp0s3: saddr:16783984: daddr:100932208
[  298.353787] AAAAA-TCP_FORW: name:enp0s3: saddr:16783984: daddr:100932208
[  298.571496] AAAAA-TCP_FORW: name:enp0s3: saddr:16783984: daddr:100932208
[  298.660351] AAAAA-TCP_FORW: name:enp0s3: saddr:16783984: daddr:100932208
[  298.744117] AAAAA-TCP_FORW: name:enp0s3: saddr:16783984: daddr:100932208
[  298.870621] AAAAA-TCP_FORW: name:enp0s3: saddr:16783984: daddr:100932208
[  298.929080] AAAAA-TCP_FORW: name:enp0s3: saddr:16783984: daddr:100932208
[  299.029500] AAAAA-TCP_FORW: name:enp0s3: saddr:16783984: daddr:100932208
[  299.123568] AAAAA-TCP_FORW: name:enp0s3: saddr:16783984: daddr:100932208
[  299.198589] AAAAA-TCP_FORW: name:enp0s3: saddr:16783984: daddr:100932208
[  299.475364] AAAAA-TCP_FORW: name:enp0s3: saddr:16783984: daddr:100932208
[  299.592071] AAAAA-TCP_FORW: name:enp0s3: saddr:16783984: daddr:100932208
[  299.710962] AAAAA-TCP_FORW: name:enp0s3: saddr:16783984: daddr:100932208
[  299.934675] AAAAA-TCP_FORW: name:enp0s3: saddr:16783984: daddr:100932208
[  300.089782] AAAAA-TCP_FORW: name:enp0s3: saddr:16783984: daddr:100932208
[  300.215261] AAAAA-TCP_FORW: name:enp0s3: saddr:33561200: daddr:100932208
[  300.297140] AAAAA-TCP_FORW: name:enp0s3: saddr:16783984: daddr:100932208
[  300.405903] AAAAA-TCP_FORW: name:enp0s3: saddr:16783984: daddr:100932208
[  300.585940] AAAAA-TCP_FORW: name:enp0s3: saddr:33561200: daddr:100932208
[  300.680628] AAAAA-TCP_FORW: name:enp0s3: saddr:33561200: daddr:100932208
