[    0.000000] Linux version 5.4.243-mptcp (root@ztg) (gcc version 12.2.0 (Debian 12.2.0-14+deb12u1)) #53 SMP Wed Dec 24 23:28:15 CST 2025
[    0.000000] Command line: BOOT_IMAGE=/boot/vmlinuz-5.4.243-mptcp root=UUID=98415a12-53b7-4144-8265-0f7ece09e445 ro quiet splash
[    0.000000] KERNEL supported cpus:
[    0.000000]   Intel GenuineIntel
[    0.000000]   AMD AuthenticAMD
[    0.000000]   Hygon HygonGenuine
[    0.000000]   Centaur CentaurHauls
[    0.000000]   zhaoxin   Shanghai  
[    0.000000] x86/fpu: Supporting XSAVE feature 0x001: 'x87 floating point registers'
[    0.000000] x86/fpu: Supporting XSAVE feature 0x002: 'SSE registers'
[    0.000000] x86/fpu: Supporting XSAVE feature 0x004: 'AVX registers'
[    0.000000] x86/fpu: xstate_offset[2]:  576, xstate_sizes[2]:  256
[    0.000000] x86/fpu: Enabled xstate features 0x7, context size is 832 bytes, using 'standard' format.
[    0.000000] BIOS-provided physical RAM map:
[    0.000000] BIOS-e820: [mem 0x0000000000000000-0x000000000009fbff] usable
[    0.000000] BIOS-e820: [mem 0x000000000009fc00-0x000000000009ffff] reserved
[    0.000000] BIOS-e820: [mem 0x00000000000f0000-0x00000000000fffff] reserved
[    0.000000] BIOS-e820: [mem 0x0000000000100000-0x000000007ffeffff] usable
[    0.000000] BIOS-e820: [mem 0x000000007fff0000-0x000000007fffffff] ACPI data
[    0.000000] BIOS-e820: [mem 0x00000000fec00000-0x00000000fec00fff] reserved
[    0.000000] BIOS-e820: [mem 0x00000000fee00000-0x00000000fee00fff] reserved
[    0.000000] BIOS-e820: [mem 0x00000000fffc0000-0x00000000ffffffff] reserved
[    0.000000] NX (Execute Disable) protection: active
[    0.000000] SMBIOS 2.5 present.
[    0.000000] DMI: innotek GmbH VirtualBox/VirtualBox, BIOS VirtualBox 12/01/2006
[    0.000000] Hypervisor detected: KVM
[    0.000000] kvm-clock: Using msrs 4b564d01 and 4b564d00
[    0.000000] kvm-clock: cpu 0, msr 4fa01001, primary cpu clock
[    0.000000] kvm-clock: using sched offset of 4439994769 cycles
[    0.000003] clocksource: kvm-clock: mask: 0xffffffffffffffff max_cycles: 0x1cd42e4dffb, max_idle_ns: 881590591483 ns
[    0.000005] tsc: Detected 2100.000 MHz processor
[    0.001913] e820: update [mem 0x00000000-0x00000fff] usable ==> reserved
[    0.001915] e820: remove [mem 0x000a0000-0x000fffff] usable
[    0.001919] last_pfn = 0x7fff0 max_arch_pfn = 0x400000000
[    0.001986] MTRR default type: uncachable
[    0.001987] MTRR fixed ranges enabled:
[    0.001988]   00000-9FFFF write-back
[    0.001989]   A0000-BFFFF uncachable
[    0.001990]   C0000-FFFFF write-protect
[    0.001991] MTRR variable ranges enabled:
[    0.001992]   0 base 000000000000 mask 3FFF80000000 write-back
[    0.001993]   1 disabled
[    0.001993]   2 disabled
[    0.001993]   3 disabled
[    0.001994]   4 disabled
[    0.001994]   5 disabled
[    0.001995]   6 disabled
[    0.001995]   7 disabled
[    0.001996]   8 disabled
[    0.001996]   9 disabled
[    0.001996]   10 disabled
[    0.001997]   11 disabled
[    0.001997]   12 disabled
[    0.001998]   13 disabled
[    0.001998]   14 disabled
[    0.001999]   15 disabled
[    0.002016] x86/PAT: Configuration [0-7]: WB  WC  UC- UC  WB  WP  UC- WT  
[    0.002149] found SMP MP-table at [mem 0x0009fff0-0x0009ffff]
[    0.093788] check: Scanning 1 areas for low memory corruption
[    0.093939] RAMDISK: [mem 0x32271000-0x3512ffff]
[    0.093946] ACPI: Early table checksum verification disabled
[    0.093951] ACPI: RSDP 0x00000000000E0000 000024 (v02 VBOX  )
[    0.093955] ACPI: XSDT 0x000000007FFF0030 00003C (v01 VBOX   VBOXXSDT 00000001 ASL  00000061)
[    0.093962] ACPI: FACP 0x000000007FFF00F0 0000F4 (v04 VBOX   VBOXFACP 00000001 ASL  00000061)
[    0.093968] ACPI: DSDT 0x000000007FFF02E0 002353 (v02 VBOX   VBOXBIOS 00000002 VBOX 00029BF3)
[    0.093972] ACPI: FACS 0x000000007FFF0200 000040
[    0.093976] ACPI: FACS 0x000000007FFF0200 000040
[    0.093979] ACPI: APIC 0x000000007FFF0240 000054 (v02 VBOX   VBOXAPIC 00000001 ASL  00000061)
[    0.093983] ACPI: SSDT 0x000000007FFF02A0 000038 (v01 VBOX   VBOXCPUT 00000002 VBOX 00029BF3)
[    0.093986] ACPI: Reserving FACP table memory at [mem 0x7fff00f0-0x7fff01e3]
[    0.093987] ACPI: Reserving DSDT table memory at [mem 0x7fff02e0-0x7fff2632]
[    0.093988] ACPI: Reserving FACS table memory at [mem 0x7fff0200-0x7fff023f]
[    0.093988] ACPI: Reserving FACS table memory at [mem 0x7fff0200-0x7fff023f]
[    0.093989] ACPI: Reserving APIC table memory at [mem 0x7fff0240-0x7fff0293]
[    0.093990] ACPI: Reserving SSDT table memory at [mem 0x7fff02a0-0x7fff02d7]
[    0.094004] ACPI: Local APIC address 0xfee00000
[    0.094193] No NUMA configuration found
[    0.094194] Faking a node at [mem 0x0000000000000000-0x000000007ffeffff]
[    0.094204] NODE_DATA(0) allocated [mem 0x7ffc5000-0x7ffeffff]
[    0.094465] Zone ranges:
[    0.094466]   DMA      [mem 0x0000000000001000-0x0000000000ffffff]
[    0.094467]   DMA32    [mem 0x0000000001000000-0x000000007ffeffff]
[    0.094468]   Normal   empty
[    0.094468]   Device   empty
[    0.094469] Movable zone start for each node
[    0.094471] Early memory node ranges
[    0.094472]   node   0: [mem 0x0000000000001000-0x000000000009efff]
[    0.094472]   node   0: [mem 0x0000000000100000-0x000000007ffeffff]
[    0.094476] Zeroed struct page in unavailable ranges: 114 pages
[    0.094477] Initmem setup node 0 [mem 0x0000000000001000-0x000000007ffeffff]
[    0.094478] On node 0 totalpages: 524174
[    0.094479]   DMA zone: 64 pages used for memmap
[    0.094480]   DMA zone: 21 pages reserved
[    0.094481]   DMA zone: 3998 pages, LIFO batch:0
[    0.094552]   DMA32 zone: 8128 pages used for memmap
[    0.094553]   DMA32 zone: 520176 pages, LIFO batch:63
[    0.103446] ACPI: PM-Timer IO Port: 0x4008
[    0.103449] ACPI: Local APIC address 0xfee00000
[    0.103516] IOAPIC[0]: apic_id 1, version 32, address 0xfec00000, GSI 0-23
[    0.103519] ACPI: INT_SRC_OVR (bus 0 bus_irq 0 global_irq 2 dfl dfl)
[    0.103521] ACPI: INT_SRC_OVR (bus 0 bus_irq 9 global_irq 9 low level)
[    0.103523] ACPI: IRQ0 used by override.
[    0.103524] ACPI: IRQ9 used by override.
[    0.103527] Using ACPI (MADT) for SMP configuration information
[    0.103533] smpboot: Allowing 1 CPUs, 0 hotplug CPUs
[    0.103555] PM: Registered nosave memory: [mem 0x00000000-0x00000fff]
[    0.103557] PM: Registered nosave memory: [mem 0x0009f000-0x0009ffff]
[    0.103557] PM: Registered nosave memory: [mem 0x000a0000-0x000effff]
[    0.103558] PM: Registered nosave memory: [mem 0x000f0000-0x000fffff]
[    0.103559] [mem 0x80000000-0xfebfffff] available for PCI devices
[    0.103560] Booting paravirtualized kernel on KVM
[    0.103563] clocksource: refined-jiffies: mask: 0xffffffff max_cycles: 0xffffffff, max_idle_ns: 7645519600211568 ns
[    0.103568] setup_percpu: NR_CPUS:8192 nr_cpumask_bits:1 nr_cpu_ids:1 nr_node_ids:1
[    0.104573] percpu: Embedded 60 pages/cpu s208896 r8192 d28672 u2097152
[    0.104578] pcpu-alloc: s208896 r8192 d28672 u2097152 alloc=1*2097152
[    0.104579] pcpu-alloc: [0] 0 
[    0.104604] Built 1 zonelists, mobility grouping on.  Total pages: 515961
[    0.104605] Policy zone: DMA32
[    0.104606] Kernel command line: BOOT_IMAGE=/boot/vmlinuz-5.4.243-mptcp root=UUID=98415a12-53b7-4144-8265-0f7ece09e445 ro quiet splash
[    0.105454] Dentry cache hash table entries: 262144 (order: 9, 2097152 bytes, linear)
[    0.105609] Inode-cache hash table entries: 131072 (order: 8, 1048576 bytes, linear)
[    0.105660] mem auto-init: stack:off, heap alloc:on, heap free:off
[    0.105662] Calgary: detecting Calgary via BIOS EBDA area
[    0.105663] Calgary: Unable to locate Rio Grande table in EBDA - bailing!
[    0.109726] Memory: 1967332K/2096696K available (14339K kernel code, 2398K rwdata, 4712K rodata, 2728K init, 17260K bss, 129364K reserved, 0K cma-reserved)
[    0.110638] SLUB: HWalign=64, Order=0-3, MinObjects=0, CPUs=1, Nodes=1
[    0.110655] ftrace: allocating 43186 entries in 169 pages
[    0.128765] rcu: Hierarchical RCU implementation.
[    0.128767] rcu: 	RCU restricting CPUs from NR_CPUS=8192 to nr_cpu_ids=1.
[    0.128768] 	Tasks RCU enabled.
[    0.128768] rcu: RCU calculated value of scheduler-enlistment delay is 25 jiffies.
[    0.128769] rcu: Adjusting geometry for rcu_fanout_leaf=16, nr_cpu_ids=1
[    0.131737] NR_IRQS: 524544, nr_irqs: 256, preallocated irqs: 16
[    0.131951] random: crng init done
[    0.141308] Console: colour VGA+ 80x25
[    0.141312] printk: console [tty0] enabled
[    0.141332] ACPI: Core revision 20190816
[    0.141430] APIC: Switch to symmetric I/O mode setup
[    0.141685] x2apic enabled
[    0.141926] Switched APIC routing to physical x2apic.
[    0.143061] ..TIMER: vector=0x30 apic1=0 pin1=2 apic2=-1 pin2=-1
[    0.143086] clocksource: tsc-early: mask: 0xffffffffffffffff max_cycles: 0x1e4530a99b6, max_idle_ns: 440795257976 ns
[    0.143091] Calibrating delay loop (skipped) preset value.. 4200.00 BogoMIPS (lpj=8400000)
[    0.143093] pid_max: default: 32768 minimum: 301
[    0.143122] LSM: Security Framework initializing
[    0.143131] Yama: becoming mindful.
[    0.143157] AppArmor: AppArmor initialized
[    0.143190] Mount-cache hash table entries: 4096 (order: 3, 32768 bytes, linear)
[    0.143195] Mountpoint-cache hash table entries: 4096 (order: 3, 32768 bytes, linear)
[    0.143204] *** VALIDATE tmpfs ***
[    0.143336] *** VALIDATE proc ***
[    0.143376] *** VALIDATE cgroup1 ***
[    0.143377] *** VALIDATE cgroup2 ***
[    0.143517] process: using mwait in idle threads
[    0.143522] Last level iTLB entries: 4KB 64, 2MB 8, 4MB 8
[    0.143523] Last level dTLB entries: 4KB 64, 2MB 0, 4MB 0, 1GB 4
[    0.143542] Spectre V1 : Mitigation: usercopy/swapgs barriers and __user pointer sanitization
[    0.143547] Spectre V2 : Mitigation: Retpolines
[    0.143547] Spectre V2 : Spectre v2 / SpectreRSB mitigation: Filling RSB on context switch
[    0.143548] Spectre V2 : Spectre v2 / SpectreRSB : Filling RSB on VMEXIT
[    0.143548] RETBleed: WARNING: Spectre v2 mitigation leaves CPU vulnerable to RETBleed attacks, data leaks possible!
[    0.143904] RETBleed: Vulnerable
[    0.143904] Speculative Store Bypass: Vulnerable
[    0.143909] TAA: Mitigation: TSX disabled
[    0.143910] MMIO Stale Data: Mitigation: Clear CPU buffers
[    0.148149] Freeing SMP alternatives memory: 40K
[    0.260200] smpboot: CPU0: Intel(R) Xeon(R) Silver 4216 CPU @ 2.10GHz (family: 0x6, model: 0x55, stepping: 0x7)
[    0.260331] Performance Events: unsupported p6 CPU model 85 no PMU driver, software events only.
[    0.260369] rcu: Hierarchical SRCU implementation.
[    0.260843] NMI watchdog: Perf NMI watchdog permanently disabled
[    0.260881] smp: Bringing up secondary CPUs ...
[    0.260882] smp: Brought up 1 node, 1 CPU
[    0.260883] smpboot: Max logical packages: 1
[    0.260884] smpboot: Total of 1 processors activated (4200.00 BogoMIPS)
[    0.261849] devtmpfs: initialized
[    0.261898] x86/mm: Memory block size: 128MB
[    0.262248] clocksource: jiffies: mask: 0xffffffff max_cycles: 0xffffffff, max_idle_ns: 7645041785100000 ns
[    0.262254] futex hash table entries: 256 (order: 2, 16384 bytes, linear)
[    0.262296] pinctrl core: initialized pinctrl subsystem
[    0.262397] PM: RTC time: 22:00:26, date: 2026-01-13
[    0.262504] NET: Registered protocol family 16
[    0.262578] audit: initializing netlink subsys (disabled)
[    0.262702] EISA bus registered
[    0.262703] cpuidle: using governor ladder
[    0.262704] cpuidle: using governor menu
[    0.262740] ACPI: bus type PCI registered
[    0.262741] acpiphp: ACPI Hot Plug PCI Controller Driver version: 0.5
[    0.262848] PCI: Using configuration type 1 for base access
[    0.263393] audit: type=2000 audit(1768312833.249:1): state=initialized audit_enabled=0 res=1
[    0.263472] HugeTLB registered 2.00 MiB page size, pre-allocated 0 pages
[    0.264281] ACPI: Added _OSI(Module Device)
[    0.264281] ACPI: Added _OSI(Processor Device)
[    0.264282] ACPI: Added _OSI(3.0 _SCP Extensions)
[    0.264283] ACPI: Added _OSI(Processor Aggregator Device)
[    0.264284] ACPI: Added _OSI(Linux-Dell-Video)
[    0.264285] ACPI: Added _OSI(Linux-Lenovo-NV-HDMI-Audio)
[    0.264286] ACPI: Added _OSI(Linux-HPI-Hybrid-Graphics)
[    0.266238] ACPI: 2 ACPI AML tables successfully acquired and loaded
[    0.267752] ACPI: Interpreter enabled
[    0.267762] ACPI: (supports S0 S5)
[    0.267763] ACPI: Using IOAPIC for interrupt routing
[    0.267967] PCI: Using host bridge windows from ACPI; if necessary, use "pci=nocrs" and report a bug
[    0.268073] ACPI: Enabled 2 GPEs in block 00 to 07
[    0.272877] ACPI: PCI Root Bridge [PCI0] (domain 0000 [bus 00-ff])
[    0.272882] acpi PNP0A03:00: _OSC: OS supports [ASPM ClockPM Segments MSI HPX-Type3]
[    0.273325] acpi PNP0A03:00: _OSC: not requesting OS control; OS requires [ExtendedConfig ASPM ClockPM MSI]
[    0.273333] acpi PNP0A03:00: fail to add MMCONFIG information, can't access extended PCI configuration space under this bridge.
[    0.273713] PCI host bridge to bus 0000:00
[    0.273715] pci_bus 0000:00: root bus resource [io  0x0000-0x0cf7 window]
[    0.273716] pci_bus 0000:00: root bus resource [io  0x0d00-0xffff window]
[    0.273718] pci_bus 0000:00: root bus resource [mem 0x000a0000-0x000bffff window]
[    0.273719] pci_bus 0000:00: root bus resource [mem 0x80000000-0xfdffffff window]
[    0.273720] pci_bus 0000:00: root bus resource [bus 00-ff]
[    0.273764] pci 0000:00:00.0: [8086:1237] type 00 class 0x060000
[    0.274706] pci 0000:00:01.0: [8086:7000] type 00 class 0x060100
[    0.275501] pci 0000:00:01.1: [8086:7111] type 00 class 0x01018a
[    0.275878] pci 0000:00:01.1: reg 0x20: [io  0xd000-0xd00f]
[    0.276033] pci 0000:00:01.1: legacy IDE quirk: reg 0x10: [io  0x01f0-0x01f7]
[    0.276034] pci 0000:00:01.1: legacy IDE quirk: reg 0x14: [io  0x03f6]
[    0.276035] pci 0000:00:01.1: legacy IDE quirk: reg 0x18: [io  0x0170-0x0177]
[    0.276036] pci 0000:00:01.1: legacy IDE quirk: reg 0x1c: [io  0x0376]
[    0.276573] pci 0000:00:02.0: [15ad:0405] type 00 class 0x030000
[    0.279165] pci 0000:00:02.0: reg 0x10: [io  0xd010-0xd01f]
[    0.281977] pci 0000:00:02.0: reg 0x14: [mem 0xe0000000-0xe7ffffff pref]
[    0.285639] pci 0000:00:02.0: reg 0x18: [mem 0xf0000000-0xf01fffff]
[    0.295774] pci 0000:00:03.0: [1022:2000] type 00 class 0x020000
[    0.296456] pci 0000:00:03.0: reg 0x10: [io  0xd020-0xd03f]
[    0.297066] pci 0000:00:03.0: reg 0x14: [mem 0xf0200000-0xf0200fff]
[    0.300990] pci 0000:00:04.0: [80ee:cafe] type 00 class 0x088000
[    0.301655] pci 0000:00:04.0: reg 0x10: [io  0xd040-0xd05f]
[    0.302270] pci 0000:00:04.0: reg 0x14: [mem 0xf0400000-0xf07fffff]
[    0.302874] pci 0000:00:04.0: reg 0x18: [mem 0xf0800000-0xf0803fff pref]
[    0.306133] pci 0000:00:07.0: [8086:7113] type 00 class 0x068000
[    0.306681] pci 0000:00:07.0: quirk: [io  0x4000-0x403f] claimed by PIIX4 ACPI
[    0.306691] pci 0000:00:07.0: quirk: [io  0x4100-0x410f] claimed by PIIX4 SMB
[    0.307125] pci 0000:00:08.0: [1022:2000] type 00 class 0x020000
[    0.307788] pci 0000:00:08.0: reg 0x10: [io  0xd060-0xd07f]
[    0.308399] pci 0000:00:08.0: reg 0x14: [mem 0xf0804000-0xf0804fff]
[    0.311899] pci 0000:00:09.0: [8086:100e] type 00 class 0x020000
[    0.312602] pci 0000:00:09.0: reg 0x10: [mem 0xf0820000-0xf083ffff]
[    0.313810] pci 0000:00:09.0: reg 0x18: [io  0xd080-0xd087]
[    0.324064] ACPI: PCI Interrupt Link [LNKA] (IRQs 5 9 10 *11)
[    0.324347] ACPI: PCI Interrupt Link [LNKB] (IRQs 5 9 *10 11)
[    0.324446] ACPI: PCI Interrupt Link [LNKC] (IRQs 5 *9 10 11)
[    0.324551] ACPI: PCI Interrupt Link [LNKD] (IRQs 5 9 10 *11)
[    0.324792] iommu: Default domain type: Translated 
[    0.324852] pci 0000:00:02.0: vgaarb: setting as boot VGA device
[    0.324853] pci 0000:00:02.0: vgaarb: VGA device added: decodes=io+mem,owns=io+mem,locks=none
[    0.324855] pci 0000:00:02.0: vgaarb: bridge control possible
[    0.324856] vgaarb: loaded
[    0.325067] SCSI subsystem initialized
[    0.325101] libata version 3.00 loaded.
[    0.325123] ACPI: bus type USB registered
[    0.325139] usbcore: registered new interface driver usbfs
[    0.325144] usbcore: registered new interface driver hub
[    0.325150] usbcore: registered new device driver usb
[    0.325176] pps_core: LinuxPPS API ver. 1 registered
[    0.325177] pps_core: Software ver. 5.3.6 - Copyright 2005-2007 Rodolfo Giometti <giometti@linux.it>
[    0.325179] PTP clock support registered
[    0.325212] EDAC MC: Ver: 3.0.0
[    0.325500] PCI: Using ACPI for IRQ routing
[    0.325501] PCI: pci_cache_line_size set to 64 bytes
[    0.325673] e820: reserve RAM buffer [mem 0x0009fc00-0x0009ffff]
[    0.325677] e820: reserve RAM buffer [mem 0x7fff0000-0x7fffffff]
[    0.327864] NetLabel: Initializing
[    0.327865] NetLabel:  domain hash size = 128
[    0.327866] NetLabel:  protocols = UNLABELED CIPSOv4 CALIPSO
[    0.327885] NetLabel:  unlabeled traffic allowed by default
[    0.328783] clocksource: Switched to clocksource kvm-clock
[    0.339184] *** VALIDATE bpf ***
[    0.339184] VFS: Disk quotas dquot_6.6.0
[    0.339184] VFS: Dquot-cache hash table entries: 512 (order 0, 4096 bytes)
[    0.339184] *** VALIDATE ramfs ***
[    0.339184] *** VALIDATE hugetlbfs ***
[    0.339184] AppArmor: AppArmor Filesystem Enabled
[    0.339184] pnp: PnP ACPI init
[    0.339184] pnp 00:00: Plug and Play ACPI device, IDs PNP0303 (active)
[    0.341832] pnp 00:01: Plug and Play ACPI device, IDs PNP0f03 (active)
[    0.342597] pnp: PnP ACPI: found 2 devices
[    0.343584] thermal_sys: Registered thermal governor 'fair_share'
[    0.343585] thermal_sys: Registered thermal governor 'bang_bang'
[    0.343586] thermal_sys: Registered thermal governor 'step_wise'
[    0.343586] thermal_sys: Registered thermal governor 'user_space'
[    0.343587] thermal_sys: Registered thermal governor 'power_allocator'
[    0.348114] clocksource: acpi_pm: mask: 0xffffff max_cycles: 0xffffff, max_idle_ns: 2085701024 ns
[    0.348153] pci_bus 0000:00: resource 4 [io  0x0000-0x0cf7 window]
[    0.348154] pci_bus 0000:00: resource 5 [io  0x0d00-0xffff window]
[    0.348156] pci_bus 0000:00: resource 6 [mem 0x000a0000-0x000bffff window]
[    0.348157] pci_bus 0000:00: resource 7 [mem 0x80000000-0xfdffffff window]
[    0.348211] NET: Registered protocol family 2
[    0.348283] IP idents hash table entries: 32768 (order: 6, 262144 bytes, linear)
[    0.348680] MPTCP tokens hash table entries: 8192 (order: 4, 65536 bytes, linear)
[    0.348708] MPTCP request tokens hash table entries: 8192 (order: 4, 65536 bytes, linear)
[    0.348735] default registered
[    0.348735] default registered
[    0.348735] MPTCP: Stable release v0.96
[    0.348740] tcp_listen_portaddr_hash hash table entries: 1024 (order: 2, 16384 bytes, linear)
[    0.348819] TCP established hash table entries: 16384 (order: 5, 131072 bytes, linear)
[    0.348884] TCP bind hash table entries: 16384 (order: 6, 262144 bytes, linear)
[    0.348910] TCP: Hash tables configured (established 16384 bind 16384)
[    0.349607] UDP hash table entries: 1024 (order: 3, 32768 bytes, linear)
[    0.349619] UDP-Lite hash table entries: 1024 (order: 3, 32768 bytes, linear)
[    0.349651] NET: Registered protocol family 1
[    0.349659] NET: Registered protocol family 44
[    0.349679] pci 0000:00:00.0: Limiting direct PCI/PCI transfers
[    0.349692] pci 0000:00:01.0: Activating ISA DMA hang workarounds
[    0.349747] pci 0000:00:02.0: Video device with shadowed ROM at [mem 0x000c0000-0x000dffff]
[    0.349809] PCI: CLS 0 bytes, default 64
[    0.349853] Trying to unpack rootfs image as initramfs...
[    0.523574] Freeing initrd memory: 47868K
[    0.523574] clocksource: tsc: mask: 0xffffffffffffffff max_cycles: 0x1e4530a99b6, max_idle_ns: 440795257976 ns
[    0.523574] clocksource: Switched to clocksource tsc
[    0.523574] platform rtc_cmos: registered platform RTC device (no PNP device found)
[    0.523574] check: Scanning for low memory corruption every 60 seconds
[    0.523574] Initialise system trusted keyrings
[    0.523574] Key type blacklist registered
[    0.523574] workingset: timestamp_bits=36 max_order=19 bucket_order=0
[    0.523574] zbud: loaded
[    0.523574] squashfs: version 4.0 (2009/01/31) Phillip Lougher
[    0.523574] fuse: init (API version 7.31)
[    0.523574] *** VALIDATE fuse ***
[    0.523574] *** VALIDATE fuse ***
[    0.523574] Platform Keyring initialized
[    0.538469] Key type asymmetric registered
[    0.538470] Asymmetric key parser 'x509' registered
[    0.538483] Block layer SCSI generic (bsg) driver version 0.4 loaded (major 244)
[    0.538533] io scheduler mq-deadline registered
[    0.538678] shpchp: Standard Hot Plug PCI Controller Driver version: 0.4
[    0.538890] ACPI: AC Adapter [AC] (on-line)
[    0.538935] input: Power Button as /devices/LNXSYSTM:00/LNXPWRBN:00/input/input0
[    0.538964] ACPI: Power Button [PWRF]
[    0.539053] input: Sleep Button as /devices/LNXSYSTM:00/LNXSLPBN:00/input/input1
[    0.539069] ACPI: Sleep Button [SLPF]
[    0.539313] Serial: 8250/16550 driver, 32 ports, IRQ sharing enabled
[    0.540463] Linux agpgart interface v0.103
[    0.635198] loop: module loaded
[    0.635373] ata_piix 0000:00:01.1: version 2.13
[    0.635841] scsi host0: ata_piix
[    0.635945] scsi host1: ata_piix
[    0.635976] ata1: PATA max UDMA/33 cmd 0x1f0 ctl 0x3f6 bmdma 0xd000 irq 14
[    0.635977] ata2: PATA max UDMA/33 cmd 0x170 ctl 0x376 bmdma 0xd008 irq 15
[    0.636068] tun: Universal TUN/TAP device driver, 1.6
[    0.636442] PPP generic driver version 2.4.2
[    0.636494] VFIO - User Level meta-driver version: 0.3
[    0.636814] ehci_hcd: USB 2.0 'Enhanced' Host Controller (EHCI) Driver
[    0.636821] ehci-pci: EHCI PCI platform driver
[    0.636839] ehci-platform: EHCI generic platform driver
[    0.636845] ohci_hcd: USB 1.1 'Open' Host Controller (OHCI) Driver
[    0.636847] ohci-pci: OHCI PCI platform driver
[    0.636855] ohci-platform: OHCI generic platform driver
[    0.636860] uhci_hcd: USB Universal Host Controller Interface driver
[    0.636934] i8042: PNP: PS/2 Controller [PNP0303:PS2K,PNP0f03:PS2M] at 0x60,0x64 irq 1,12
[    0.637415] serio: i8042 KBD port at 0x60,0x64 irq 1
[    0.637419] serio: i8042 AUX port at 0x60,0x64 irq 12
[    0.637521] mousedev: PS/2 mouse device common for all mice
[    0.637813] input: AT Translated Set 2 keyboard as /devices/platform/i8042/serio0/input/input2
[    0.638260] rtc_cmos rtc_cmos: registered as rtc0
[    0.638275] rtc_cmos rtc_cmos: alarms up to one day, 114 bytes nvram
[    0.638281] i2c /dev entries driver
[    0.638329] device-mapper: uevent: version 1.0.3
[    0.638378] device-mapper: ioctl: 4.41.0-ioctl (2019-09-16) initialised: dm-devel@redhat.com
[    0.638395] platform eisa.0: Probing EISA bus 0
[    0.638397] platform eisa.0: EISA: Cannot allocate resource for mainboard
[    0.638398] platform eisa.0: Cannot allocate resource for EISA slot 1
[    0.638399] platform eisa.0: Cannot allocate resource for EISA slot 2
[    0.638400] platform eisa.0: Cannot allocate resource for EISA slot 3
[    0.638401] platform eisa.0: Cannot allocate resource for EISA slot 4
[    0.638403] platform eisa.0: Cannot allocate resource for EISA slot 5
[    0.638404] platform eisa.0: Cannot allocate resource for EISA slot 6
[    0.638405] platform eisa.0: Cannot allocate resource for EISA slot 7
[    0.638406] platform eisa.0: Cannot allocate resource for EISA slot 8
[    0.638407] platform eisa.0: EISA: Detected 0 cards
[    0.638410] intel_pstate: CPU model not supported
[    0.638420] ledtrig-cpu: registered to indicate activity on CPUs
[    0.638480] drop_monitor: Initializing network drop monitor service
[    0.638663] NET: Registered protocol family 10
[    0.643390] Segment Routing with IPv6
[    0.643390] fullmesh registered
[    0.643390] ndiffports registered
[    0.643390] binder registered
[    0.643390] roundrobin registered
[    0.643390] redundant registered
[    0.643390] blest registered
[    0.643390] ecf registered
[    0.643390] NET: Registered protocol family 17
[    0.643390] Key type dns_resolver registered
[    0.643390] RAS: Correctable Errors collector initialized.
[    0.643390] IPI shorthand broadcast: enabled
[    0.643390] sched_clock: Marking stable (628242940, 11147192)->(640252038, -861906)
[    0.644877] registered taskstats version 1
[    0.644887] Loading compiled-in X.509 certificates
[    0.645576] Loaded X.509 cert 'Build time autogenerated kernel key: 6909f3744cebb3d0de528d5887b96a727de79b1e'
[    0.645597] zswap: loaded using pool lzo/zbud
[    0.645658] Key type ._fscrypt registered
[    0.645659] Key type .fscrypt registered
[    0.650801] Key type big_key registered
[    0.653370] Key type encrypted registered
[    0.653373] AppArmor: AppArmor sha1 policy hashing enabled
[    0.653382] ima: No TPM chip found, activating TPM-bypass!
[    0.653387] ima: Allocated hash algorithm: sha1
[    0.653392] ima: No architecture policies found
[    0.653403] evm: Initialising EVM extended attributes:
[    0.653403] evm: security.selinux
[    0.653404] evm: security.SMACK64
[    0.653404] evm: security.SMACK64EXEC
[    0.653405] evm: security.SMACK64TRANSMUTE
[    0.653405] evm: security.SMACK64MMAP
[    0.653406] evm: security.apparmor
[    0.653406] evm: security.ima
[    0.653407] evm: security.capability
[    0.653408] evm: HMAC attrs: 0x1
[    0.653745] PM:   Magic number: 10:242:47
[    0.653866] rtc_cmos rtc_cmos: setting system clock to 2026-01-13T22:00:27 UTC (1768341627)
[    0.808457] ata1.00: ATA-6: VBOX HARDDISK, 1.0, max UDMA/133
[    0.808461] ata1.00: 209715200 sectors, multi 128: LBA 
[    0.809138] scsi 0:0:0:0: Direct-Access     ATA      VBOX HARDDISK    1.0  PQ: 0 ANSI: 5
[    0.809431] sd 0:0:0:0: [sda] 209715200 512-byte logical blocks: (107 GB/100 GiB)
[    0.809445] sd 0:0:0:0: [sda] Write Protect is off
[    0.809448] sd 0:0:0:0: [sda] Mode Sense: 00 3a 00 00
[    0.809468] sd 0:0:0:0: [sda] Write cache: enabled, read cache: enabled, doesn't support DPO or FUA
[    0.809794] sd 0:0:0:0: Attached scsi generic sg0 type 0
[    0.811093]  sda: sda1 sda2
[    0.823366] sd 0:0:0:0: [sda] Attached SCSI disk
[    0.826788] Freeing unused decrypted memory: 2040K
[    0.827756] Freeing unused kernel image memory: 2728K
[    0.827759] Write protecting the kernel read-only data: 22528k
[    0.828816] Freeing unused kernel image memory: 2036K
[    0.829383] Freeing unused kernel image memory: 1432K
[    0.856978] x86/mm: Checked W+X mappings: passed, no W+X pages found.
[    0.856984] Run /init as init process
[    0.990058] ACPI: Video Device [GFX0] (multi-head: yes  rom: no  post: no)
[    0.990132] input: Video Bus as /devices/LNXSYSTM:00/LNXSYBUS:00/PNP0A03:00/LNXVIDEO:00/input/input4
[    1.003974] pcnet32: pcnet32.c:v1.35 21.Apr.2008 tsbogend@alpha.franken.de
[    1.004976] pcnet32: PCnet/FAST III 79C973 at 0xd020, 08:00:27:00:63:09 assigned IRQ 19
[    1.005020] pcnet32: Found PHY 0022:561b at address 0
[    1.005320] pcnet32: eth0: registered as PCnet/FAST III 79C973
[    1.006562] piix4_smbus 0000:00:07.0: SMBus Host Controller at 0x4100, revision 0
[    1.009259] e1000: Intel(R) PRO/1000 Network Driver - version 7.3.21-k8-NAPI
[    1.009260] e1000: Copyright (c) 1999-2006 Intel Corporation.
[    1.018604] pcnet32: PCnet/FAST III 79C973 at 0xd060, 08:00:27:72:ef:87 assigned IRQ 16
[    1.018648] pcnet32: Found PHY 0022:561b at address 0
[    1.018989] pcnet32: eth1: registered as PCnet/FAST III 79C973
[    1.021308] pcnet32: 2 cards_found
[    1.085743] pcnet32 0000:00:03.0 enp0s3: renamed from eth0
[    1.091999] pcnet32 0000:00:08.0 enp0s8: renamed from eth1
[    1.228793] input: ImExPS/2 Generic Explorer Mouse as /devices/platform/i8042/serio1/input/input5
[    1.419531] e1000 0000:00:09.0 eth0: (PCI:33MHz:32-bit) 08:00:27:b1:f5:71
[    1.419536] e1000 0000:00:09.0 eth0: Intel(R) PRO/1000 Network Connection
[    1.420570] e1000 0000:00:09.0 enp0s9: renamed from eth0
[    1.560186] EXT4-fs (sda2): mounted filesystem with ordered data mode. Opts: (null)
[    1.650842] systemd[1]: Inserted module 'autofs4'
[    1.663978] systemd[1]: systemd 245.4-4ubuntu3 running in system mode. (+PAM +AUDIT +SELINUX +IMA +APPARMOR +SMACK +SYSVINIT +UTMP +LIBCRYPTSETUP +GCRYPT +GNUTLS +ACL +XZ +LZ4 +SECCOMP +BLKID +ELFUTILS +KMOD +IDN2 -IDN +PCRE2 default-hierarchy=hybrid)
[    1.664009] systemd[1]: Detected virtualization oracle.
[    1.664013] systemd[1]: Detected architecture x86-64.
[    1.665302] systemd[1]: Set hostname to <ztg>.
[    1.789161] systemd[1]: /lib/systemd/system/dbus.socket:5: ListenStream= references a path below legacy directory /var/run/, updating /var/run/dbus/system_bus_socket â†’ /run/dbus/system_bus_socket; please update the unit file accordingly.
[    1.841375] systemd[1]: Created slice system-modprobe.slice.
[    1.841556] systemd[1]: Created slice User and Session Slice.
[    1.841601] systemd[1]: Started Forward Password Requests to Wall Directory Watch.
[    1.841762] systemd[1]: Set up automount Arbitrary Executable File Formats File System Automount Point.
[    1.841795] systemd[1]: Reached target User and Group Name Lookups.
[    1.841804] systemd[1]: Reached target Remote File Systems.
[    1.841813] systemd[1]: Reached target Slices.
[    1.842444] systemd[1]: Listening on Syslog Socket.
[    1.842512] systemd[1]: Listening on fsck to fsckd communication Socket.
[    1.842552] systemd[1]: Listening on initctl Compatibility Named Pipe.
[    1.842688] systemd[1]: Listening on Journal Audit Socket.
[    1.842741] systemd[1]: Listening on Journal Socket (/dev/log).
[    1.842808] systemd[1]: Listening on Journal Socket.
[    1.842872] systemd[1]: Listening on udev Control Socket.
[    1.842910] systemd[1]: Listening on udev Kernel Socket.
[    1.843709] systemd[1]: Mounting Huge Pages File System...
[    1.844646] systemd[1]: Mounting POSIX Message Queue File System...
[    1.845536] systemd[1]: Mounting Kernel Debug File System...
[    1.846369] systemd[1]: Mounting Kernel Trace File System...
[    1.848268] systemd[1]: Starting Journal Service...
[    1.869820] systemd[1]: Starting Set the console keyboard layout...
[    1.877572] systemd[1]: Starting Create list of static device nodes for the current kernel...
[    1.879610] systemd[1]: Starting Load Kernel Module drm...
[    1.880753] systemd[1]: Condition check resulted in Set Up Additional Binary Formats being skipped.
[    1.880798] systemd[1]: Condition check resulted in File System Check on Root Device being skipped.
[    1.893834] systemd[1]: Starting Load Kernel Modules...
[    1.899395] systemd[1]: Starting Remount Root and Kernel File Systems...
[    1.907973] systemd[1]: Starting udev Coldplug all Devices...
[    1.917497] systemd[1]: Starting Uncomplicated firewall...
[    1.920480] systemd[1]: Mounted Huge Pages File System.
[    1.920567] systemd[1]: Mounted POSIX Message Queue File System.
[    1.920639] systemd[1]: Mounted Kernel Debug File System.
[    1.920725] systemd[1]: Mounted Kernel Trace File System.
[    1.950970] EXT4-fs (sda2): re-mounted. Opts: errors=remount-ro
[    1.952828] systemd[1]: Finished Create list of static device nodes for the current kernel.
[    1.953890] systemd[1]: modprobe@drm.service: Succeeded.
[    1.954277] systemd[1]: Finished Load Kernel Module drm.
[    1.960571] systemd[1]: Finished Remount Root and Kernel File Systems.
[    1.961438] systemd[1]: Finished Uncomplicated firewall.
[    1.978321] lp: driver loaded but no devices found
[    1.980342] systemd[1]: Condition check resulted in Rebuild Hardware Database being skipped.
[    1.980382] systemd[1]: Condition check resulted in Platform Persistent Storage Archival being skipped.
[    1.981101] systemd[1]: Starting Load/Save Random Seed...
[    1.987217] systemd[1]: Starting Create System Users...
[    1.992941] ppdev: user-space parallel port driver
[    2.001391] systemd[1]: Finished Load/Save Random Seed.
[    2.011105] systemd[1]: Finished Create System Users.
[    2.011809] systemd[1]: Starting Create Static Device Nodes in /dev...
[    2.045747] systemd[1]: Finished Create Static Device Nodes in /dev.
[    2.046617] systemd[1]: Starting udev Kernel Device Manager...
[    2.080884] systemd[1]: Finished udev Coldplug all Devices.
[    2.083610] [drm] DMA map mode: Caching DMA mappings.
[    2.083672] [drm] Capabilities:
[    2.083672] [drm]   Rect copy.
[    2.083672] [drm]   Cursor.
[    2.083673] [drm]   Cursor bypass.
[    2.083673] [drm]   Cursor bypass 2.
[    2.083673] [drm]   Alpha cursor.
[    2.083674] [drm]   Extended Fifo.
[    2.083674] [drm]   Pitchlock.
[    2.083674] [drm]   Irq mask.
[    2.083675] [drm]   GMR.
[    2.083675] [drm]   Traces.
[    2.083675] [drm]   GMR2.
[    2.083676] [drm]   Screen Object 2.
[    2.083676] [drm]   Command Buffers.
[    2.083676] [drm]   Command Buffers 2.
[    2.083677] [drm]   Guest Backed Resources.
[    2.083678] [drm] Max GMR ids is 8192
[    2.083678] [drm] Max number of GMR pages is 1048576
[    2.083679] [drm] Max dedicated hypervisor surface memory is 393216 kiB
[    2.083679] [drm] Maximum display memory size is 131072 kiB
[    2.083680] [drm] VRAM at 0xe0000000 size is 131072 kiB
[    2.083681] [drm] MMIO at 0xf0000000 size is 2048 kiB
[    2.084728] [TTM] Zone  kernel: Available graphics memory: 1011738 KiB
[    2.084729] [TTM] Initializing pool allocator
[    2.084732] [TTM] Initializing DMA pool allocator
[    2.084763] [drm] Supports vblank timestamp caching Rev 2 (21.10.2013).
[    2.084763] [drm] No driver support for vblank timestamp query.
[    2.085009] [drm] Screen Target Display device initialized
[    2.085230] [drm] width 720
[    2.085239] [drm] height 400
[    2.085242] [drm] bpp 32
[    2.085760] [drm] Fifo max 0x00200000 min 0x00001000 cap 0x00000355
[    2.086815] [drm] Using command buffers with DMA pool.
[    2.086818] [drm] DX: no.
[    2.086819] [drm] Atomic: yes.
[    2.086819] [drm] SM4_1: no.
[    2.086838] [drm:vmw_host_log [vmwgfx]] *ERROR* Failed to send host log message.
[    2.087926] [drm:vmw_host_log [vmwgfx]] *ERROR* Failed to send host log message.
[    2.099907] fbcon: svgadrmfb (fb0) is primary device
[    2.102430] Console: switching to colour frame buffer device 100x37
[    2.110848] [drm] Initialized vmwgfx 2.15.0 20180704 for 0000:00:02.0 on minor 0
[    2.111865] systemd[1]: Finished Load Kernel Modules.
[    2.112800] systemd[1]: Mounting FUSE Control File System...
[    2.113948] systemd[1]: Mounting Kernel Configuration File System...
[    2.155741] systemd[1]: Starting Apply Kernel Variables...
[    2.156423] systemd[1]: Mounted FUSE Control File System.
[    2.156518] systemd[1]: Mounted Kernel Configuration File System.
[    2.156580] systemd[1]: Condition check resulted in VMware vmblock fuse mount being skipped.
[    2.175805] systemd[1]: Finished Set the console keyboard layout.
[    2.175907] systemd[1]: Reached target Local File Systems (Pre).
[    2.179402] systemd[1]: Mounting Mount unit for bare, revision 5...
[    2.181349] systemd[1]: Mounting Mount unit for core18, revision 1705...
[    2.199852] systemd[1]: Mounting Mount unit for gnome-3-34-1804, revision 24...
[    2.201877] systemd[1]: Mounting Mount unit for gtk-common-themes, revision 1506...
[    2.214321] systemd[1]: Mounting Mount unit for gtk-common-themes, revision 1535...
[    2.225617] systemd[1]: Mounting Mount unit for snap-store, revision 433...
[    2.230837] systemd[1]: Mounting Mount unit for snapd, revision 7264...
[    2.248204] systemd[1]: Finished Apply Kernel Variables.
[    2.248345] systemd[1]: Mounted Mount unit for bare, revision 5.
[    2.256339] systemd[1]: Started udev Kernel Device Manager.
[    2.274099] systemd[1]: Starting Show Plymouth Boot Screen...
[    2.275796] systemd[1]: Mounted Mount unit for core18, revision 1705.
[    2.275906] systemd[1]: Mounted Mount unit for gnome-3-34-1804, revision 24.
[    2.275984] systemd[1]: Mounted Mount unit for gtk-common-themes, revision 1506.
[    2.283304] systemd[1]: Received SIGRTMIN+20 from PID 282 (plymouthd).
[    2.294969] systemd[1]: Mounted Mount unit for snap-store, revision 433.
[    2.311111] systemd[1]: Started Show Plymouth Boot Screen.
[    2.311249] systemd[1]: Condition check resulted in Dispatch Password Requests to Console Directory Watch being skipped.
[    2.311326] systemd[1]: Started Forward Password Requests to Plymouth Directory Watch.
[    2.311355] systemd[1]: Reached target Local Encrypted Volumes.
[    2.327191] systemd[1]: Mounted Mount unit for gtk-common-themes, revision 1535.
[    2.329365] systemd[1]: Mounted Mount unit for snapd, revision 7264.
[    2.329477] systemd[1]: Reached target Local File Systems.
[    2.330182] systemd[1]: Starting Load AppArmor profiles...
[    2.330944] systemd[1]: Starting Set console font and keymap...
[    2.331712] systemd[1]: Starting Tell Plymouth To Write Out Runtime Data...
[    2.331796] systemd[1]: Condition check resulted in Store a System Token in an EFI Variable being skipped.
[    2.331836] systemd[1]: Condition check resulted in Commit a transient machine-id on disk being skipped.
[    2.358527] systemd[1]: Finished Set console font and keymap.
[    2.362974] systemd[1]: Received SIGRTMIN+20 from PID 282 (plymouthd).
[    2.364218] systemd[1]: plymouth-read-write.service: Succeeded.
[    2.364458] systemd[1]: Finished Tell Plymouth To Write Out Runtime Data.
[    2.389392] audit: type=1400 audit(1768341629.232:2): apparmor="STATUS" operation="profile_load" profile="unconfined" name="nvidia_modprobe" pid=302 comm="apparmor_parser"
[    2.389394] audit: type=1400 audit(1768341629.232:3): apparmor="STATUS" operation="profile_load" profile="unconfined" name="nvidia_modprobe//kmod" pid=302 comm="apparmor_parser"
[    2.395321] audit: type=1400 audit(1768341629.240:4): apparmor="STATUS" operation="profile_load" profile="unconfined" name="/usr/sbin/tcpdump" pid=303 comm="apparmor_parser"
[    2.442344] audit: type=1400 audit(1768341629.276:5): apparmor="STATUS" operation="profile_load" profile="unconfined" name="/usr/bin/evince" pid=305 comm="apparmor_parser"
[    2.442346] audit: type=1400 audit(1768341629.276:6): apparmor="STATUS" operation="profile_load" profile="unconfined" name="/usr/bin/evince//sanitized_helper" pid=305 comm="apparmor_parser"
[    2.442347] audit: type=1400 audit(1768341629.276:7): apparmor="STATUS" operation="profile_load" profile="unconfined" name="/usr/bin/evince-previewer" pid=305 comm="apparmor_parser"
[    2.442349] audit: type=1400 audit(1768341629.276:8): apparmor="STATUS" operation="profile_load" profile="unconfined" name="/usr/bin/evince-previewer//sanitized_helper" pid=305 comm="apparmor_parser"
[    2.442350] audit: type=1400 audit(1768341629.276:9): apparmor="STATUS" operation="profile_load" profile="unconfined" name="/usr/bin/evince-thumbnailer" pid=305 comm="apparmor_parser"
[    2.456824] audit: type=1400 audit(1768341629.300:10): apparmor="STATUS" operation="profile_load" profile="unconfined" name="/usr/lib/cups/backend/cups-pdf" pid=306 comm="apparmor_parser"
[    2.535702] systemd[1]: Finished Load AppArmor profiles.
[    2.536613] systemd[1]: Starting Load AppArmor profiles managed internally by snapd...
[    2.601496] systemd[1]: Finished Load AppArmor profiles managed internally by snapd.
[    2.836156] systemd[1]: Started Journal Service.
[    2.843318] systemd-journald[229]: Received client request to flush runtime journal.
[    2.848439] systemd-journald[229]: File /var/log/journal/c455b248004a419c87ce85eea238d727/system.journal corrupted or uncleanly shut down, renaming and replacing.
[    4.148299] RAPL PMU: API unit is 2^-32 Joules, 0 fixed counters, 10737418240 ms ovfl timer
[    4.212831] cryptd: max_cpu_qlen set to 1000
[    4.223919] AVX2 version of gcm_enc/dec engaged.
[    4.223920] AES CTR mode by8 optimization enabled
[    5.053511] Adding 1998844k swap on /dev/sda1.  Priority:-2 extents:1 across:1998844k FS
[    6.395274] kauditd_printk_skb: 30 callbacks suppressed
[    6.395276] audit: type=1400 audit(1768341633.232:41): apparmor="DENIED" operation="capable" profile="/usr/sbin/cups-browsed" pid=497 comm="cups-browsed" capability=23  capname="sys_nice"
[    7.194637] pcnet32 0000:00:03.0 enp0s3: link up, 100Mbps, full-duplex
[    7.209378] pcnet32 0000:00:08.0 enp0s8: link up, 100Mbps, full-duplex
[    7.237035] e1000: enp0s9 NIC Link is Up 1000 Mbps Full Duplex, Flow Control: RX
[    7.237322] IPv6: ADDRCONF(NETDEV_CHANGE): enp0s9: link becomes ready
[    7.682610] device enp0s3 entered promiscuous mode
[    7.706565] device enp0s8 entered promiscuous mode
[    7.728881] audit: type=1400 audit(1768341634.572:42): apparmor="DENIED" operation="open" profile="/usr/sbin/tcpdump" name="/proc/sys/kernel/random/boot_id" pid=650 comm="tcpdump" requested_mask="r" denied_mask="r" fsuid=0 ouid=0
[    7.729447] audit: type=1400 audit(1768341634.572:43): apparmor="DENIED" operation="open" profile="/usr/sbin/tcpdump" name="/proc/sys/kernel/random/boot_id" pid=650 comm="tcpdump" requested_mask="r" denied_mask="r" fsuid=0 ouid=0
[    7.729496] audit: type=1400 audit(1768341634.572:44): apparmor="DENIED" operation="open" profile="/usr/sbin/tcpdump" name="/proc/sys/kernel/random/boot_id" pid=650 comm="tcpdump" requested_mask="r" denied_mask="r" fsuid=0 ouid=0
[    7.731974] audit: type=1400 audit(1768341634.576:45): apparmor="DENIED" operation="open" profile="/usr/sbin/tcpdump" name="/proc/sys/kernel/random/boot_id" pid=650 comm="tcpdump" requested_mask="r" denied_mask="r" fsuid=0 ouid=0
[    7.732299] audit: type=1400 audit(1768341634.576:46): apparmor="DENIED" operation="open" profile="/usr/sbin/tcpdump" name="/proc/sys/kernel/random/boot_id" pid=651 comm="tcpdump" requested_mask="r" denied_mask="r" fsuid=0 ouid=0
[    7.732533] audit: type=1400 audit(1768341634.576:47): apparmor="DENIED" operation="open" profile="/usr/sbin/tcpdump" name="/proc/sys/kernel/random/boot_id" pid=651 comm="tcpdump" requested_mask="r" denied_mask="r" fsuid=0 ouid=0
[    7.732572] audit: type=1400 audit(1768341634.576:48): apparmor="DENIED" operation="open" profile="/usr/sbin/tcpdump" name="/proc/sys/kernel/random/boot_id" pid=651 comm="tcpdump" requested_mask="r" denied_mask="r" fsuid=0 ouid=0
[    7.732759] audit: type=1400 audit(1768341634.576:49): apparmor="DENIED" operation="open" profile="/usr/sbin/tcpdump" name="/proc/sys/kernel/random/boot_id" pid=651 comm="tcpdump" requested_mask="r" denied_mask="r" fsuid=0 ouid=0
[    7.734880] audit: type=1400 audit(1768341634.576:50): apparmor="DENIED" operation="open" profile="/usr/sbin/tcpdump" name="/proc/sys/kernel/random/boot_id" pid=652 comm="tcpdump" requested_mask="r" denied_mask="r" fsuid=0 ouid=0
[   12.215961] rfkill: input handler disabled
[  260.669824] AAAAA-TCP_FORW: name:enp0s3: saddr:16783984: daddr:100932208
[  260.824684] AAAAA-TCP_FORW: name:enp0s3: saddr:33561200: daddr:100932208
[  260.953639] AAAAA-TCP_FORW: name:enp0s3: saddr:33561200: daddr:100932208
[  261.225775] AAAAA-TCP_FORW: name:enp0s3: saddr:33561200: daddr:100932208
[  261.391347] AAAAA-TCP_FORW: name:enp0s3: saddr:33561200: daddr:100932208
[  261.608488] AAAAA-TCP_FORW: name:enp0s3: saddr:33561200: daddr:100932208
[  261.966439] AAAAA-TCP_FORW: name:enp0s3: saddr:33561200: daddr:100932208
[  262.189225] AAAAA-TCP_FORW: name:enp0s3: saddr:33561200: daddr:100932208
[  262.377467] AAAAA-TCP_FORW: name:enp0s3: saddr:33561200: daddr:100932208
[  262.536302] AAAAA-TCP_FORW: name:enp0s3: saddr:33561200: daddr:100932208
[  294.581467] AAAAA-TCP_FORW: name:enp0s8: saddr:100932208: daddr:33561200
[  295.015577] AAAAA-TCP_FORW: name:enp0s3: saddr:33561200: daddr:100932208
[  295.123665] AAAAA-TCP_FORW: name:enp0s3: saddr:33561200: daddr:100932208
[  295.243057] AAAAA-TCP_FORW: name:enp0s3: saddr:33561200: daddr:100932208
[  295.372267] AAAAA-TCP_FORW: name:enp0s3: saddr:33561200: daddr:100932208
[  295.498894] AAAAA-TCP_FORW: name:enp0s3: saddr:16783984: daddr:100932208
[  295.586218] AAAAA-TCP_FORW: name:enp0s3: saddr:16783984: daddr:100932208
[  295.691006] AAAAA-TCP_FORW: name:enp0s8: saddr:100932208: daddr:33561200
[  295.692773] AAAAA-TCP_FORW: name:enp0s3: saddr:33561200: daddr:100932208
[  295.705756] AAAAA-TCP_FORW: name:enp0s3: saddr:16783984: daddr:100932208
[  295.751993] AAAAA-TCP_FORW: name:enp0s8: saddr:100932208: daddr:33561200
[  295.753090] AAAAA-TCP_FORW: name:enp0s3: saddr:33561200: daddr:100932208
[  295.899369] AAAAA-TCP_FORW: name:enp0s3: saddr:33561200: daddr:100932208
[  295.967781] AAAAA-TCP_FORW: name:enp0s3: saddr:33561200: daddr:100932208
[  295.987720] AAAAA-TCP_FORW: name:enp0s8: saddr:100932208: daddr:33561200
[  295.988828] AAAAA-TCP_FORW: name:enp0s3: saddr:33561200: daddr:100932208
[  296.067916] AAAAA-TCP_FORW: name:enp0s3: saddr:33561200: daddr:100932208
[  296.332290] AAAAA-TCP_FORW: name:enp0s8: saddr:100932208: daddr:33561200
[  296.333345] AAAAA-TCP_FORW: name:enp0s3: saddr:33561200: daddr:100932208
[  296.443220] AAAAA-TCP_FORW: name:enp0s8: saddr:100932208: daddr:33561200
[  296.444158] AAAAA-TCP_FORW: name:enp0s3: saddr:33561200: daddr:100932208
[  296.580610] AAAAA-TCP_FORW: name:enp0s8: saddr:100932208: daddr:16783984
[  296.581541] AAAAA-TCP_FORW: name:enp0s3: saddr:16783984: daddr:100932208
[  296.811313] AAAAA-TCP_FORW: name:enp0s8: saddr:100932208: daddr:16783984
[  296.812449] AAAAA-TCP_FORW: name:enp0s3: saddr:16783984: daddr:100932208
[  297.734495] AAAAA-TCP_FORW: name:enp0s8: saddr:100932208: daddr:33561200
[  297.735650] AAAAA-TCP_FORW: name:enp0s3: saddr:33561200: daddr:100932208
[  298.211532] AAAAA-TCP_FORW: name:enp0s8: saddr:100932208: daddr:33561200
[  299.554132] AAAAA-TCP_FORW: name:enp0s8: saddr:100932208: daddr:33561200
[  300.300801] AAAAA-TCP_FORW: name:enp0s8: saddr:100932208: daddr:33561200
[  300.717962] AAAAA-TCP_FORW: name:enp0s8: saddr:100932208: daddr:33561200
[  301.133844] AAAAA-TCP_FORW: name:enp0s8: saddr:100932208: daddr:33561200
[  301.553159] AAAAA-TCP_FORW: name:enp0s8: saddr:100932208: daddr:33561200
[  301.700392] AAAAA-TCP_FORW: name:enp0s8: saddr:100932208: daddr:33561200
[  301.703770] AAAAA-TCP_FORW: name:enp0s8: saddr:100932208: daddr:33561200
[  301.798165] AAAAA-TCP_FORW: name:enp0s8: saddr:100932208: daddr:33561200
[  301.918094] AAAAA-TCP_FORW: name:enp0s8: saddr:100932208: daddr:33561200
[  302.149115] AAAAA-TCP_FORW: name:enp0s8: saddr:100932208: daddr:33561200
[  302.252904] AAAAA-TCP_FORW: name:enp0s8: saddr:100932208: daddr:33561200
[  302.675911] AAAAA-TCP_FORW: name:enp0s8: saddr:100932208: daddr:16783984
[  302.721741] AAAAA-TCP_FORW: name:enp0s8: saddr:100932208: daddr:33561200
[  302.845797] AAAAA-TCP_FORW: name:enp0s8: saddr:100932208: daddr:33561200
[  303.037166] AAAAA-TCP_FORW: name:enp0s8: saddr:100932208: daddr:33561200
[  303.336354] AAAAA-TCP_FORW: name:enp0s8: saddr:100932208: daddr:33561200
[  303.536405] AAAAA-TCP_FORW: name:enp0s8: saddr:100932208: daddr:16783984
[  303.700608] AAAAA-TCP_FORW: name:enp0s8: saddr:100932208: daddr:33561200
[  303.748419] AAAAA-TCP_FORW: name:enp0s8: saddr:100932208: daddr:33561200
[  303.998604] AAAAA-TCP_FORW: name:enp0s8: saddr:100932208: daddr:33561200
[  304.294447] AAAAA-TCP_FORW: name:enp0s8: saddr:100932208: daddr:33561200
[  304.461619] AAAAA-TCP_FORW: name:enp0s8: saddr:100932208: daddr:33561200
[  304.591277] AAAAA-TCP_FORW: name:enp0s8: saddr:100932208: daddr:33561200
[  310.337403] AAAAA-TCP_FORW: name:enp0s8: saddr:100932208: daddr:16783984
[  310.600337] AAAAA-TCP_FORW: name:enp0s8: saddr:100932208: daddr:16783984
[  311.133583] AAAAA-TCP_FORW: name:enp0s8: saddr:100932208: daddr:16783984
[  311.563949] AAAAA-TCP_FORW: name:enp0s8: saddr:100932208: daddr:16783984
[  311.891264] AAAAA-TCP_FORW: name:enp0s8: saddr:100932208: daddr:16783984
[  312.172120] AAAAA-TCP_FORW: name:enp0s8: saddr:100932208: daddr:16783984
[  312.487670] AAAAA-TCP_FORW: name:enp0s8: saddr:100932208: daddr:16783984
[  312.635086] AAAAA-TCP_FORW: name:enp0s8: saddr:100932208: daddr:16783984
[  313.196135] AAAAA-TCP_FORW: name:enp0s8: saddr:100932208: daddr:16783984
[  313.508814] AAAAA-TCP_FORW: name:enp0s8: saddr:100932208: daddr:16783984
[  313.641113] AAAAA-TCP_FORW: name:enp0s8: saddr:100932208: daddr:16783984
[  313.832231] AAAAA-TCP_FORW: name:enp0s8: saddr:100932208: daddr:16783984
[  314.050551] AAAAA-TCP_FORW: name:enp0s8: saddr:100932208: daddr:16783984
[  346.246939] AAAAA-TCP_FORW: name:enp0s8: saddr:100932208: daddr:33561200
[  346.427647] AAAAA-TCP_FORW: name:enp0s8: saddr:100932208: daddr:33561200
[  346.573970] AAAAA-TCP_FORW: name:enp0s8: saddr:100932208: daddr:33561200
[  346.740764] AAAAA-TCP_FORW: name:enp0s8: saddr:100932208: daddr:33561200
[  347.417471] AAAAA-TCP_FORW: name:enp0s8: saddr:100932208: daddr:33561200
[  347.941924] AAAAA-TCP_FORW: name:enp0s8: saddr:100932208: daddr:33561200
[  348.111975] AAAAA-TCP_FORW: name:enp0s8: saddr:100932208: daddr:33561200
[  348.257969] AAAAA-TCP_FORW: name:enp0s8: saddr:100932208: daddr:33561200
[  349.035134] AAAAA-TCP_FORW: name:enp0s8: saddr:100932208: daddr:33561200
[  349.161279] AAAAA-TCP_FORW: name:enp0s8: saddr:100932208: daddr:33561200
[  349.246485] AAAAA-TCP_FORW: name:enp0s8: saddr:100932208: daddr:33561200
[  349.465519] AAAAA-TCP_FORW: name:enp0s8: saddr:100932208: daddr:33561200
[  349.732321] AAAAA-TCP_FORW: name:enp0s8: saddr:100932208: daddr:33561200
[  349.920025] AAAAA-TCP_FORW: name:enp0s8: saddr:100932208: daddr:33561200
[  350.096426] AAAAA-TCP_FORW: name:enp0s8: saddr:100932208: daddr:33561200
[  350.204535] AAAAA-TCP_FORW: name:enp0s8: saddr:100932208: daddr:33561200
[  350.333106] AAAAA-TCP_FORW: name:enp0s8: saddr:100932208: daddr:33561200
[  350.517291] AAAAA-TCP_FORW: name:enp0s8: saddr:100932208: daddr:33561200
[  350.622091] AAAAA-TCP_FORW: name:enp0s8: saddr:100932208: daddr:33561200
[  350.691813] AAAAA-TCP_FORW: name:enp0s8: saddr:100932208: daddr:33561200
[  350.849512] AAAAA-TCP_FORW: name:enp0s8: saddr:100932208: daddr:33561200
[  350.928604] AAAAA-TCP_FORW: name:enp0s8: saddr:100932208: daddr:33561200
[  351.148801] AAAAA-TCP_FORW: name:enp0s8: saddr:100932208: daddr:33561200
[  351.397688] AAAAA-TCP_FORW: name:enp0s8: saddr:100932208: daddr:33561200
[  351.806788] AAAAA-TCP_FORW: name:enp0s8: saddr:100932208: daddr:33561200
[  352.049798] AAAAA-TCP_FORW: name:enp0s8: saddr:100932208: daddr:33561200
[  352.169549] AAAAA-TCP_FORW: name:enp0s8: saddr:100932208: daddr:33561200
[  352.436132] AAAAA-TCP_FORW: name:enp0s8: saddr:100932208: daddr:33561200
[  352.538996] AAAAA-TCP_FORW: name:enp0s8: saddr:100932208: daddr:33561200
[  352.943366] AAAAA-TCP_FORW: name:enp0s8: saddr:100932208: daddr:33561200
[  353.333047] AAAAA-TCP_FORW: name:enp0s8: saddr:100932208: daddr:33561200
[  353.420778] AAAAA-TCP_FORW: name:enp0s8: saddr:100932208: daddr:33561200
[  353.643947] AAAAA-TCP_FORW: name:enp0s8: saddr:100932208: daddr:33561200
[  353.717746] AAAAA-TCP_FORW: name:enp0s8: saddr:100932208: daddr:33561200
[  353.948305] AAAAA-TCP_FORW: name:enp0s8: saddr:100932208: daddr:33561200
[  354.055997] AAAAA-TCP_FORW: name:enp0s8: saddr:100932208: daddr:16783984
[  354.231154] AAAAA-TCP_FORW: name:enp0s8: saddr:100932208: daddr:33561200
[  354.444375] AAAAA-TCP_FORW: name:enp0s8: saddr:100932208: daddr:33561200
[  354.617539] AAAAA-TCP_FORW: name:enp0s8: saddr:100932208: daddr:33561200
[  354.752638] AAAAA-TCP_FORW: name:enp0s8: saddr:100932208: daddr:33561200
[  355.002660] AAAAA-TCP_FORW: name:enp0s8: saddr:100932208: daddr:33561200
[  355.152751] AAAAA-TCP_FORW: name:enp0s8: saddr:100932208: daddr:33561200
[  355.241656] AAAAA-TCP_FORW: name:enp0s8: saddr:100932208: daddr:16783984
[  355.331181] AAAAA-TCP_FORW: name:enp0s8: saddr:100932208: daddr:33561200
[  355.387803] AAAAA-TCP_FORW: name:enp0s8: saddr:100932208: daddr:33561200
[  356.019711] AAAAA-TCP_FORW: name:enp0s8: saddr:100932208: daddr:16783984
[  356.125085] AAAAA-TCP_FORW: name:enp0s8: saddr:100932208: daddr:33561200
[  356.341180] AAAAA-TCP_FORW: name:enp0s8: saddr:100932208: daddr:33561200
[  356.521768] AAAAA-TCP_FORW: name:enp0s8: saddr:100932208: daddr:33561200
[  356.637551] AAAAA-TCP_FORW: name:enp0s8: saddr:100932208: daddr:33561200
[  356.774537] AAAAA-TCP_FORW: name:enp0s8: saddr:100932208: daddr:33561200
[  356.835760] AAAAA-TCP_FORW: name:enp0s8: saddr:100932208: daddr:33561200
[  356.991419] AAAAA-TCP_FORW: name:enp0s8: saddr:100932208: daddr:33561200
[  357.079252] AAAAA-TCP_FORW: name:enp0s8: saddr:100932208: daddr:33561200
[  357.125185] AAAAA-TCP_FORW: name:enp0s8: saddr:100932208: daddr:33561200
[  357.445245] AAAAA-TCP_FORW: name:enp0s8: saddr:100932208: daddr:33561200
[  357.703114] AAAAA-TCP_FORW: name:enp0s8: saddr:100932208: daddr:16783984
[  357.959053] AAAAA-TCP_FORW: name:enp0s8: saddr:100932208: daddr:33561200
[  358.073990] AAAAA-TCP_FORW: name:enp0s8: saddr:100932208: daddr:33561200
[  358.299012] AAAAA-TCP_FORW: name:enp0s8: saddr:100932208: daddr:33561200
[  358.343168] AAAAA-TCP_FORW: name:enp0s8: saddr:100932208: daddr:33561200
[  358.459326] AAAAA-TCP_FORW: name:enp0s8: saddr:100932208: daddr:33561200
[  358.542648] AAAAA-TCP_FORW: name:enp0s8: saddr:100932208: daddr:33561200
[  358.635017] AAAAA-TCP_FORW: name:enp0s8: saddr:100932208: daddr:33561200
[  358.697832] AAAAA-TCP_FORW: name:enp0s8: saddr:100932208: daddr:33561200
[  358.810837] AAAAA-TCP_FORW: name:enp0s8: saddr:100932208: daddr:33561200
[  358.882411] AAAAA-TCP_FORW: name:enp0s8: saddr:100932208: daddr:33561200
[  358.915564] AAAAA-TCP_FORW: name:enp0s8: saddr:100932208: daddr:33561200
[  358.948413] AAAAA-TCP_FORW: name:enp0s8: saddr:100932208: daddr:33561200
[  358.999287] AAAAA-TCP_FORW: name:enp0s8: saddr:100932208: daddr:33561200
[  359.048027] AAAAA-TCP_FORW: name:enp0s8: saddr:100932208: daddr:33561200
[  359.121938] AAAAA-TCP_FORW: name:enp0s8: saddr:100932208: daddr:16783984
[  359.228698] AAAAA-TCP_FORW: name:enp0s8: saddr:100932208: daddr:33561200
[  359.498553] AAAAA-TCP_FORW: name:enp0s8: saddr:100932208: daddr:33561200
[  359.593397] AAAAA-TCP_FORW: name:enp0s8: saddr:100932208: daddr:33561200
[  359.708404] AAAAA-TCP_FORW: name:enp0s8: saddr:100932208: daddr:33561200
[  359.742577] AAAAA-TCP_FORW: name:enp0s8: saddr:100932208: daddr:33561200
[  359.774378] AAAAA-TCP_FORW: name:enp0s8: saddr:100932208: daddr:33561200
[  359.840455] AAAAA-TCP_FORW: name:enp0s8: saddr:100932208: daddr:33561200
[  359.942304] AAAAA-TCP_FORW: name:enp0s8: saddr:100932208: daddr:33561200
[  360.002016] AAAAA-TCP_FORW: name:enp0s8: saddr:100932208: daddr:33561200
[  360.147889] AAAAA-TCP_FORW: name:enp0s8: saddr:100932208: daddr:16783984
[  360.375607] AAAAA-TCP_FORW: name:enp0s8: saddr:100932208: daddr:33561200
[  360.591827] AAAAA-TCP_FORW: name:enp0s8: saddr:100932208: daddr:33561200
[  360.661965] AAAAA-TCP_FORW: name:enp0s8: saddr:100932208: daddr:16783984
[  360.735822] AAAAA-TCP_FORW: name:enp0s8: saddr:100932208: daddr:16783984
[  360.811686] AAAAA-TCP_FORW: name:enp0s8: saddr:100932208: daddr:33561200
[  360.855997] AAAAA-TCP_FORW: name:enp0s8: saddr:100932208: daddr:16783984
[  360.907328] AAAAA-TCP_FORW: name:enp0s8: saddr:100932208: daddr:33561200
[  361.031569] AAAAA-TCP_FORW: name:enp0s8: saddr:100932208: daddr:33561200
[  361.084596] AAAAA-TCP_FORW: name:enp0s8: saddr:100932208: daddr:16783984
[  361.135174] AAAAA-TCP_FORW: name:enp0s8: saddr:100932208: daddr:33561200
[  361.202476] AAAAA-TCP_FORW: name:enp0s8: saddr:100932208: daddr:33561200
[  361.313467] AAAAA-TCP_FORW: name:enp0s8: saddr:100932208: daddr:16783984
[  361.355632] AAAAA-TCP_FORW: name:enp0s8: saddr:100932208: daddr:33561200
[  361.384490] AAAAA-TCP_FORW: name:enp0s8: saddr:100932208: daddr:16783984
[  361.543072] AAAAA-TCP_FORW: name:enp0s8: saddr:100932208: daddr:16783984
[  361.652166] AAAAA-TCP_FORW: name:enp0s8: saddr:100932208: daddr:16783984
[  361.698723] AAAAA-TCP_FORW: name:enp0s8: saddr:100932208: daddr:16783984
[  361.795352] AAAAA-TCP_FORW: name:enp0s8: saddr:100932208: daddr:16783984
[  361.884843] AAAAA-TCP_FORW: name:enp0s8: saddr:100932208: daddr:16783984
[  362.011546] AAAAA-TCP_FORW: name:enp0s8: saddr:100932208: daddr:33561200
[  362.100373] AAAAA-TCP_FORW: name:enp0s8: saddr:100932208: daddr:16783984
[  362.182672] AAAAA-TCP_FORW: name:enp0s8: saddr:100932208: daddr:33561200
[  468.756315] rfkill: input handler enabled
[  477.269602] rfkill: input handler disabled
[  636.776377] device enp0s3 left promiscuous mode
[  636.778019] device enp0s8 left promiscuous mode
