[    0.000000] Linux version 5.4.243-mptcp (root@ztg) (gcc version 12.2.0 (Debian 12.2.0-14+deb12u1)) #53 SMP Wed Dec 24 23:28:15 CST 2025
[    0.000000] Command line: BOOT_IMAGE=/boot/vmlinuz-5.4.243-mptcp root=UUID=98415a12-53b7-4144-8265-0f7ece09e445 ro quiet splash
[    0.000000] KERNEL supported cpus:
[    0.000000]   Intel GenuineIntel
[    0.000000]   AMD AuthenticAMD
[    0.000000]   Hygon HygonGenuine
[    0.000000]   Centaur CentaurHauls
[    0.000000]   zhaoxin   Shanghai  
[    0.000000] x86/fpu: Supporting XSAVE feature 0x001: 'x87 floating point registers'
[    0.000000] x86/fpu: Supporting XSAVE feature 0x002: 'SSE registers'
[    0.000000] x86/fpu: Supporting XSAVE feature 0x004: 'AVX registers'
[    0.000000] x86/fpu: xstate_offset[2]:  576, xstate_sizes[2]:  256
[    0.000000] x86/fpu: Enabled xstate features 0x7, context size is 832 bytes, using 'standard' format.
[    0.000000] BIOS-provided physical RAM map:
[    0.000000] BIOS-e820: [mem 0x0000000000000000-0x000000000009fbff] usable
[    0.000000] BIOS-e820: [mem 0x000000000009fc00-0x000000000009ffff] reserved
[    0.000000] BIOS-e820: [mem 0x00000000000f0000-0x00000000000fffff] reserved
[    0.000000] BIOS-e820: [mem 0x0000000000100000-0x000000007ffeffff] usable
[    0.000000] BIOS-e820: [mem 0x000000007fff0000-0x000000007fffffff] ACPI data
[    0.000000] BIOS-e820: [mem 0x00000000fec00000-0x00000000fec00fff] reserved
[    0.000000] BIOS-e820: [mem 0x00000000fee00000-0x00000000fee00fff] reserved
[    0.000000] BIOS-e820: [mem 0x00000000fffc0000-0x00000000ffffffff] reserved
[    0.000000] NX (Execute Disable) protection: active
[    0.000000] SMBIOS 2.5 present.
[    0.000000] DMI: innotek GmbH VirtualBox/VirtualBox, BIOS VirtualBox 12/01/2006
[    0.000000] Hypervisor detected: KVM
[    0.000000] kvm-clock: Using msrs 4b564d01 and 4b564d00
[    0.000000] kvm-clock: cpu 0, msr 6b401001, primary cpu clock
[    0.000000] kvm-clock: using sched offset of 4460909316 cycles
[    0.000003] clocksource: kvm-clock: mask: 0xffffffffffffffff max_cycles: 0x1cd42e4dffb, max_idle_ns: 881590591483 ns
[    0.000006] tsc: Detected 2100.000 MHz processor
[    0.001903] e820: update [mem 0x00000000-0x00000fff] usable ==> reserved
[    0.001905] e820: remove [mem 0x000a0000-0x000fffff] usable
[    0.001909] last_pfn = 0x7fff0 max_arch_pfn = 0x400000000
[    0.001977] MTRR default type: uncachable
[    0.001978] MTRR fixed ranges enabled:
[    0.001979]   00000-9FFFF write-back
[    0.001980]   A0000-BFFFF uncachable
[    0.001980]   C0000-FFFFF write-protect
[    0.001981] MTRR variable ranges enabled:
[    0.001982]   0 base 000000000000 mask 3FFF80000000 write-back
[    0.001983]   1 disabled
[    0.001983]   2 disabled
[    0.001984]   3 disabled
[    0.001984]   4 disabled
[    0.001985]   5 disabled
[    0.001985]   6 disabled
[    0.001986]   7 disabled
[    0.001986]   8 disabled
[    0.001986]   9 disabled
[    0.001987]   10 disabled
[    0.001987]   11 disabled
[    0.001988]   12 disabled
[    0.001988]   13 disabled
[    0.001989]   14 disabled
[    0.001989]   15 disabled
[    0.002005] x86/PAT: Configuration [0-7]: WB  WC  UC- UC  WB  WP  UC- WT  
[    0.002141] found SMP MP-table at [mem 0x0009fff0-0x0009ffff]
[    0.093344] check: Scanning 1 areas for low memory corruption
[    0.093551] RAMDISK: [mem 0x32271000-0x3512ffff]
[    0.093559] ACPI: Early table checksum verification disabled
[    0.093565] ACPI: RSDP 0x00000000000E0000 000024 (v02 VBOX  )
[    0.093569] ACPI: XSDT 0x000000007FFF0030 00003C (v01 VBOX   VBOXXSDT 00000001 ASL  00000061)
[    0.093575] ACPI: FACP 0x000000007FFF00F0 0000F4 (v04 VBOX   VBOXFACP 00000001 ASL  00000061)
[    0.093582] ACPI: DSDT 0x000000007FFF02E0 002353 (v02 VBOX   VBOXBIOS 00000002 VBOX 00029BF3)
[    0.093586] ACPI: FACS 0x000000007FFF0200 000040
[    0.093589] ACPI: FACS 0x000000007FFF0200 000040
[    0.093593] ACPI: APIC 0x000000007FFF0240 000054 (v02 VBOX   VBOXAPIC 00000001 ASL  00000061)
[    0.093596] ACPI: SSDT 0x000000007FFF02A0 000038 (v01 VBOX   VBOXCPUT 00000002 VBOX 00029BF3)
[    0.093600] ACPI: Reserving FACP table memory at [mem 0x7fff00f0-0x7fff01e3]
[    0.093600] ACPI: Reserving DSDT table memory at [mem 0x7fff02e0-0x7fff2632]
[    0.093601] ACPI: Reserving FACS table memory at [mem 0x7fff0200-0x7fff023f]
[    0.093602] ACPI: Reserving FACS table memory at [mem 0x7fff0200-0x7fff023f]
[    0.093602] ACPI: Reserving APIC table memory at [mem 0x7fff0240-0x7fff0293]
[    0.093603] ACPI: Reserving SSDT table memory at [mem 0x7fff02a0-0x7fff02d7]
[    0.093617] ACPI: Local APIC address 0xfee00000
[    0.093802] No NUMA configuration found
[    0.093803] Faking a node at [mem 0x0000000000000000-0x000000007ffeffff]
[    0.093814] NODE_DATA(0) allocated [mem 0x7ffc5000-0x7ffeffff]
[    0.094108] Zone ranges:
[    0.094109]   DMA      [mem 0x0000000000001000-0x0000000000ffffff]
[    0.094111]   DMA32    [mem 0x0000000001000000-0x000000007ffeffff]
[    0.094112]   Normal   empty
[    0.094112]   Device   empty
[    0.094113] Movable zone start for each node
[    0.094115] Early memory node ranges
[    0.094116]   node   0: [mem 0x0000000000001000-0x000000000009efff]
[    0.094117]   node   0: [mem 0x0000000000100000-0x000000007ffeffff]
[    0.094120] Zeroed struct page in unavailable ranges: 114 pages
[    0.094121] Initmem setup node 0 [mem 0x0000000000001000-0x000000007ffeffff]
[    0.094122] On node 0 totalpages: 524174
[    0.094123]   DMA zone: 64 pages used for memmap
[    0.094123]   DMA zone: 21 pages reserved
[    0.094124]   DMA zone: 3998 pages, LIFO batch:0
[    0.094197]   DMA32 zone: 8128 pages used for memmap
[    0.094198]   DMA32 zone: 520176 pages, LIFO batch:63
[    0.103145] ACPI: PM-Timer IO Port: 0x4008
[    0.103149] ACPI: Local APIC address 0xfee00000
[    0.103218] IOAPIC[0]: apic_id 1, version 32, address 0xfec00000, GSI 0-23
[    0.103221] ACPI: INT_SRC_OVR (bus 0 bus_irq 0 global_irq 2 dfl dfl)
[    0.103223] ACPI: INT_SRC_OVR (bus 0 bus_irq 9 global_irq 9 low level)
[    0.103225] ACPI: IRQ0 used by override.
[    0.103226] ACPI: IRQ9 used by override.
[    0.103228] Using ACPI (MADT) for SMP configuration information
[    0.103235] smpboot: Allowing 1 CPUs, 0 hotplug CPUs
[    0.103257] PM: Registered nosave memory: [mem 0x00000000-0x00000fff]
[    0.103259] PM: Registered nosave memory: [mem 0x0009f000-0x0009ffff]
[    0.103259] PM: Registered nosave memory: [mem 0x000a0000-0x000effff]
[    0.103260] PM: Registered nosave memory: [mem 0x000f0000-0x000fffff]
[    0.103261] [mem 0x80000000-0xfebfffff] available for PCI devices
[    0.103262] Booting paravirtualized kernel on KVM
[    0.103265] clocksource: refined-jiffies: mask: 0xffffffff max_cycles: 0xffffffff, max_idle_ns: 7645519600211568 ns
[    0.103270] setup_percpu: NR_CPUS:8192 nr_cpumask_bits:1 nr_cpu_ids:1 nr_node_ids:1
[    0.104298] percpu: Embedded 60 pages/cpu s208896 r8192 d28672 u2097152
[    0.104304] pcpu-alloc: s208896 r8192 d28672 u2097152 alloc=1*2097152
[    0.104304] pcpu-alloc: [0] 0 
[    0.104331] Built 1 zonelists, mobility grouping on.  Total pages: 515961
[    0.104332] Policy zone: DMA32
[    0.104333] Kernel command line: BOOT_IMAGE=/boot/vmlinuz-5.4.243-mptcp root=UUID=98415a12-53b7-4144-8265-0f7ece09e445 ro quiet splash
[    0.105187] Dentry cache hash table entries: 262144 (order: 9, 2097152 bytes, linear)
[    0.105334] Inode-cache hash table entries: 131072 (order: 8, 1048576 bytes, linear)
[    0.105383] mem auto-init: stack:off, heap alloc:on, heap free:off
[    0.105385] Calgary: detecting Calgary via BIOS EBDA area
[    0.105387] Calgary: Unable to locate Rio Grande table in EBDA - bailing!
[    0.109458] Memory: 1967332K/2096696K available (14339K kernel code, 2398K rwdata, 4712K rodata, 2728K init, 17260K bss, 129364K reserved, 0K cma-reserved)
[    0.110382] SLUB: HWalign=64, Order=0-3, MinObjects=0, CPUs=1, Nodes=1
[    0.110399] ftrace: allocating 43186 entries in 169 pages
[    0.128459] rcu: Hierarchical RCU implementation.
[    0.128461] rcu: 	RCU restricting CPUs from NR_CPUS=8192 to nr_cpu_ids=1.
[    0.128462] 	Tasks RCU enabled.
[    0.128463] rcu: RCU calculated value of scheduler-enlistment delay is 25 jiffies.
[    0.128464] rcu: Adjusting geometry for rcu_fanout_leaf=16, nr_cpu_ids=1
[    0.131417] NR_IRQS: 524544, nr_irqs: 256, preallocated irqs: 16
[    0.131635] random: crng init done
[    0.140971] Console: colour VGA+ 80x25
[    0.140975] printk: console [tty0] enabled
[    0.140996] ACPI: Core revision 20190816
[    0.141098] APIC: Switch to symmetric I/O mode setup
[    0.141346] x2apic enabled
[    0.141584] Switched APIC routing to physical x2apic.
[    0.142702] ..TIMER: vector=0x30 apic1=0 pin1=2 apic2=-1 pin2=-1
[    0.142727] clocksource: tsc-early: mask: 0xffffffffffffffff max_cycles: 0x1e4530a99b6, max_idle_ns: 440795257976 ns
[    0.142732] Calibrating delay loop (skipped) preset value.. 4200.00 BogoMIPS (lpj=8400000)
[    0.142735] pid_max: default: 32768 minimum: 301
[    0.142763] LSM: Security Framework initializing
[    0.142774] Yama: becoming mindful.
[    0.142800] AppArmor: AppArmor initialized
[    0.142835] Mount-cache hash table entries: 4096 (order: 3, 32768 bytes, linear)
[    0.142840] Mountpoint-cache hash table entries: 4096 (order: 3, 32768 bytes, linear)
[    0.142851] *** VALIDATE tmpfs ***
[    0.142984] *** VALIDATE proc ***
[    0.143027] *** VALIDATE cgroup1 ***
[    0.143029] *** VALIDATE cgroup2 ***
[    0.143171] process: using mwait in idle threads
[    0.143176] Last level iTLB entries: 4KB 64, 2MB 8, 4MB 8
[    0.143176] Last level dTLB entries: 4KB 64, 2MB 0, 4MB 0, 1GB 4
[    0.143197] Spectre V1 : Mitigation: usercopy/swapgs barriers and __user pointer sanitization
[    0.143203] Spectre V2 : Mitigation: Retpolines
[    0.143203] Spectre V2 : Spectre v2 / SpectreRSB mitigation: Filling RSB on context switch
[    0.143204] Spectre V2 : Spectre v2 / SpectreRSB : Filling RSB on VMEXIT
[    0.143204] RETBleed: WARNING: Spectre v2 mitigation leaves CPU vulnerable to RETBleed attacks, data leaks possible!
[    0.143556] RETBleed: Vulnerable
[    0.143557] Speculative Store Bypass: Vulnerable
[    0.143562] TAA: Mitigation: TSX disabled
[    0.143563] MMIO Stale Data: Mitigation: Clear CPU buffers
[    0.147814] Freeing SMP alternatives memory: 40K
[    0.260384] smpboot: CPU0: Intel(R) Xeon(R) Silver 4216 CPU @ 2.10GHz (family: 0x6, model: 0x55, stepping: 0x7)
[    0.260511] Performance Events: unsupported p6 CPU model 85 no PMU driver, software events only.
[    0.260549] rcu: Hierarchical SRCU implementation.
[    0.261027] NMI watchdog: Perf NMI watchdog permanently disabled
[    0.261064] smp: Bringing up secondary CPUs ...
[    0.261065] smp: Brought up 1 node, 1 CPU
[    0.261066] smpboot: Max logical packages: 1
[    0.261067] smpboot: Total of 1 processors activated (4200.00 BogoMIPS)
[    0.262022] devtmpfs: initialized
[    0.262068] x86/mm: Memory block size: 128MB
[    0.262418] clocksource: jiffies: mask: 0xffffffff max_cycles: 0xffffffff, max_idle_ns: 7645041785100000 ns
[    0.262423] futex hash table entries: 256 (order: 2, 16384 bytes, linear)
[    0.262467] pinctrl core: initialized pinctrl subsystem
[    0.262570] PM: RTC time: 17:17:40, date: 2026-01-16
[    0.262676] NET: Registered protocol family 16
[    0.262729] audit: initializing netlink subsys (disabled)
[    0.262729] EISA bus registered
[    0.262729] cpuidle: using governor ladder
[    0.262729] cpuidle: using governor menu
[    0.262729] ACPI: bus type PCI registered
[    0.262729] acpiphp: ACPI Hot Plug PCI Controller Driver version: 0.5
[    0.262729] PCI: Using configuration type 1 for base access
[    0.262991] audit: type=2000 audit(1768555066.328:1): state=initialized audit_enabled=0 res=1
[    0.263071] HugeTLB registered 2.00 MiB page size, pre-allocated 0 pages
[    0.263885] ACPI: Added _OSI(Module Device)
[    0.263886] ACPI: Added _OSI(Processor Device)
[    0.263886] ACPI: Added _OSI(3.0 _SCP Extensions)
[    0.263887] ACPI: Added _OSI(Processor Aggregator Device)
[    0.263888] ACPI: Added _OSI(Linux-Dell-Video)
[    0.263889] ACPI: Added _OSI(Linux-Lenovo-NV-HDMI-Audio)
[    0.263890] ACPI: Added _OSI(Linux-HPI-Hybrid-Graphics)
[    0.265846] ACPI: 2 ACPI AML tables successfully acquired and loaded
[    0.267488] ACPI: Interpreter enabled
[    0.267498] ACPI: (supports S0 S5)
[    0.267499] ACPI: Using IOAPIC for interrupt routing
[    0.267704] PCI: Using host bridge windows from ACPI; if necessary, use "pci=nocrs" and report a bug
[    0.267809] ACPI: Enabled 2 GPEs in block 00 to 07
[    0.272743] ACPI: PCI Root Bridge [PCI0] (domain 0000 [bus 00-ff])
[    0.272749] acpi PNP0A03:00: _OSC: OS supports [ASPM ClockPM Segments MSI HPX-Type3]
[    0.273199] acpi PNP0A03:00: _OSC: not requesting OS control; OS requires [ExtendedConfig ASPM ClockPM MSI]
[    0.273207] acpi PNP0A03:00: fail to add MMCONFIG information, can't access extended PCI configuration space under this bridge.
[    0.273590] PCI host bridge to bus 0000:00
[    0.273593] pci_bus 0000:00: root bus resource [io  0x0000-0x0cf7 window]
[    0.273594] pci_bus 0000:00: root bus resource [io  0x0d00-0xffff window]
[    0.273595] pci_bus 0000:00: root bus resource [mem 0x000a0000-0x000bffff window]
[    0.273596] pci_bus 0000:00: root bus resource [mem 0x80000000-0xfdffffff window]
[    0.273597] pci_bus 0000:00: root bus resource [bus 00-ff]
[    0.273642] pci 0000:00:00.0: [8086:1237] type 00 class 0x060000
[    0.274594] pci 0000:00:01.0: [8086:7000] type 00 class 0x060100
[    0.275443] pci 0000:00:01.1: [8086:7111] type 00 class 0x01018a
[    0.275820] pci 0000:00:01.1: reg 0x20: [io  0xd000-0xd00f]
[    0.275976] pci 0000:00:01.1: legacy IDE quirk: reg 0x10: [io  0x01f0-0x01f7]
[    0.275977] pci 0000:00:01.1: legacy IDE quirk: reg 0x14: [io  0x03f6]
[    0.275978] pci 0000:00:01.1: legacy IDE quirk: reg 0x18: [io  0x0170-0x0177]
[    0.275979] pci 0000:00:01.1: legacy IDE quirk: reg 0x1c: [io  0x0376]
[    0.276538] pci 0000:00:02.0: [15ad:0405] type 00 class 0x030000
[    0.278808] pci 0000:00:02.0: reg 0x10: [io  0xd010-0xd01f]
[    0.282776] pci 0000:00:02.0: reg 0x14: [mem 0xe0000000-0xe7ffffff pref]
[    0.285521] pci 0000:00:02.0: reg 0x18: [mem 0xf0000000-0xf01fffff]
[    0.295579] pci 0000:00:03.0: [1022:2000] type 00 class 0x020000
[    0.296403] pci 0000:00:03.0: reg 0x10: [io  0xd020-0xd03f]
[    0.298878] pci 0000:00:03.0: reg 0x14: [mem 0xf0200000-0xf0200fff]
[    0.302537] pci 0000:00:04.0: [80ee:cafe] type 00 class 0x088000
[    0.302846] pci 0000:00:04.0: reg 0x10: [io  0xd040-0xd05f]
[    0.303459] pci 0000:00:04.0: reg 0x14: [mem 0xf0400000-0xf07fffff]
[    0.304069] pci 0000:00:04.0: reg 0x18: [mem 0xf0800000-0xf0803fff pref]
[    0.307596] pci 0000:00:07.0: [8086:7113] type 00 class 0x068000
[    0.308160] pci 0000:00:07.0: quirk: [io  0x4000-0x403f] claimed by PIIX4 ACPI
[    0.308171] pci 0000:00:07.0: quirk: [io  0x4100-0x410f] claimed by PIIX4 SMB
[    0.308784] pci 0000:00:08.0: [8086:100e] type 00 class 0x020000
[    0.309517] pci 0000:00:08.0: reg 0x10: [mem 0xf0820000-0xf083ffff]
[    0.310671] pci 0000:00:08.0: reg 0x18: [io  0xd060-0xd067]
[    0.313503] pci 0000:00:09.0: [8086:100e] type 00 class 0x020000
[    0.315379] pci 0000:00:09.0: reg 0x10: [mem 0xf0840000-0xf085ffff]
[    0.316530] pci 0000:00:09.0: reg 0x18: [io  0xd068-0xd06f]
[    0.327227] ACPI: PCI Interrupt Link [LNKA] (IRQs 5 9 10 *11)
[    0.327507] ACPI: PCI Interrupt Link [LNKB] (IRQs 5 9 *10 11)
[    0.327609] ACPI: PCI Interrupt Link [LNKC] (IRQs 5 *9 10 11)
[    0.327712] ACPI: PCI Interrupt Link [LNKD] (IRQs 5 9 10 *11)
[    0.327981] iommu: Default domain type: Translated 
[    0.328043] pci 0000:00:02.0: vgaarb: setting as boot VGA device
[    0.328044] pci 0000:00:02.0: vgaarb: VGA device added: decodes=io+mem,owns=io+mem,locks=none
[    0.328046] pci 0000:00:02.0: vgaarb: bridge control possible
[    0.328047] vgaarb: loaded
[    0.328258] SCSI subsystem initialized
[    0.328290] libata version 3.00 loaded.
[    0.328313] ACPI: bus type USB registered
[    0.328328] usbcore: registered new interface driver usbfs
[    0.328334] usbcore: registered new interface driver hub
[    0.328340] usbcore: registered new device driver usb
[    0.328368] pps_core: LinuxPPS API ver. 1 registered
[    0.328368] pps_core: Software ver. 5.3.6 - Copyright 2005-2007 Rodolfo Giometti <giometti@linux.it>
[    0.328370] PTP clock support registered
[    0.328403] EDAC MC: Ver: 3.0.0
[    0.328694] PCI: Using ACPI for IRQ routing
[    0.328695] PCI: pci_cache_line_size set to 64 bytes
[    0.328873] e820: reserve RAM buffer [mem 0x0009fc00-0x0009ffff]
[    0.328876] e820: reserve RAM buffer [mem 0x7fff0000-0x7fffffff]
[    0.329652] NetLabel: Initializing
[    0.329652] NetLabel:  domain hash size = 128
[    0.329653] NetLabel:  protocols = UNLABELED CIPSOv4 CALIPSO
[    0.329672] NetLabel:  unlabeled traffic allowed by default
[    0.330572] clocksource: Switched to clocksource kvm-clock
[    0.340939] *** VALIDATE bpf ***
[    0.340998] VFS: Disk quotas dquot_6.6.0
[    0.341010] VFS: Dquot-cache hash table entries: 512 (order 0, 4096 bytes)
[    0.341032] *** VALIDATE ramfs ***
[    0.341035] *** VALIDATE hugetlbfs ***
[    0.341114] AppArmor: AppArmor Filesystem Enabled
[    0.341138] pnp: PnP ACPI init
[    0.341200] pnp 00:00: Plug and Play ACPI device, IDs PNP0303 (active)
[    0.341265] pnp 00:01: Plug and Play ACPI device, IDs PNP0f03 (active)
[    0.341994] pnp: PnP ACPI: found 2 devices
[    0.342936] thermal_sys: Registered thermal governor 'fair_share'
[    0.342937] thermal_sys: Registered thermal governor 'bang_bang'
[    0.342937] thermal_sys: Registered thermal governor 'step_wise'
[    0.342938] thermal_sys: Registered thermal governor 'user_space'
[    0.342938] thermal_sys: Registered thermal governor 'power_allocator'
[    0.347479] clocksource: acpi_pm: mask: 0xffffff max_cycles: 0xffffff, max_idle_ns: 2085701024 ns
[    0.347518] pci_bus 0000:00: resource 4 [io  0x0000-0x0cf7 window]
[    0.347520] pci_bus 0000:00: resource 5 [io  0x0d00-0xffff window]
[    0.347521] pci_bus 0000:00: resource 6 [mem 0x000a0000-0x000bffff window]
[    0.347522] pci_bus 0000:00: resource 7 [mem 0x80000000-0xfdffffff window]
[    0.347577] NET: Registered protocol family 2
[    0.347651] IP idents hash table entries: 32768 (order: 6, 262144 bytes, linear)
[    0.348053] MPTCP tokens hash table entries: 8192 (order: 4, 65536 bytes, linear)
[    0.348073] MPTCP request tokens hash table entries: 8192 (order: 4, 65536 bytes, linear)
[    0.348098] default registered
[    0.348099] default registered
[    0.348099] MPTCP: Stable release v0.96
[    0.348104] tcp_listen_portaddr_hash hash table entries: 1024 (order: 2, 16384 bytes, linear)
[    0.348181] TCP established hash table entries: 16384 (order: 5, 131072 bytes, linear)
[    0.348243] TCP bind hash table entries: 16384 (order: 6, 262144 bytes, linear)
[    0.348269] TCP: Hash tables configured (established 16384 bind 16384)
[    0.348977] UDP hash table entries: 1024 (order: 3, 32768 bytes, linear)
[    0.348988] UDP-Lite hash table entries: 1024 (order: 3, 32768 bytes, linear)
[    0.349023] NET: Registered protocol family 1
[    0.349032] NET: Registered protocol family 44
[    0.349052] pci 0000:00:00.0: Limiting direct PCI/PCI transfers
[    0.349064] pci 0000:00:01.0: Activating ISA DMA hang workarounds
[    0.349119] pci 0000:00:02.0: Video device with shadowed ROM at [mem 0x000c0000-0x000dffff]
[    0.349179] PCI: CLS 0 bytes, default 64
[    0.349227] Trying to unpack rootfs image as initramfs...
[    0.530815] Freeing initrd memory: 47868K
[    0.530912] clocksource: tsc: mask: 0xffffffffffffffff max_cycles: 0x1e4530a99b6, max_idle_ns: 440795257976 ns
[    0.530921] clocksource: Switched to clocksource tsc
[    0.530976] platform rtc_cmos: registered platform RTC device (no PNP device found)
[    0.531006] check: Scanning for low memory corruption every 60 seconds
[    0.531339] Initialise system trusted keyrings
[    0.531349] Key type blacklist registered
[    0.531396] workingset: timestamp_bits=36 max_order=19 bucket_order=0
[    0.532735] zbud: loaded
[    0.533107] squashfs: version 4.0 (2009/01/31) Phillip Lougher
[    0.533243] fuse: init (API version 7.31)
[    0.533259] *** VALIDATE fuse ***
[    0.533260] *** VALIDATE fuse ***
[    0.533362] Platform Keyring initialized
[    0.536010] Key type asymmetric registered
[    0.536010] Asymmetric key parser 'x509' registered
[    0.536010] Block layer SCSI generic (bsg) driver version 0.4 loaded (major 244)
[    0.536010] io scheduler mq-deadline registered
[    0.536010] shpchp: Standard Hot Plug PCI Controller Driver version: 0.4
[    0.536806] ACPI: AC Adapter [AC] (on-line)
[    0.536853] input: Power Button as /devices/LNXSYSTM:00/LNXPWRBN:00/input/input0
[    0.536881] ACPI: Power Button [PWRF]
[    0.536962] input: Sleep Button as /devices/LNXSYSTM:00/LNXSLPBN:00/input/input1
[    0.536977] ACPI: Sleep Button [SLPF]
[    0.537203] Serial: 8250/16550 driver, 32 ports, IRQ sharing enabled
[    0.538387] Linux agpgart interface v0.103
[    0.627139] loop: module loaded
[    0.627290] ata_piix 0000:00:01.1: version 2.13
[    0.627690] scsi host0: ata_piix
[    0.627779] scsi host1: ata_piix
[    0.627805] ata1: PATA max UDMA/33 cmd 0x1f0 ctl 0x3f6 bmdma 0xd000 irq 14
[    0.627807] ata2: PATA max UDMA/33 cmd 0x170 ctl 0x376 bmdma 0xd008 irq 15
[    0.627889] tun: Universal TUN/TAP device driver, 1.6
[    0.628194] PPP generic driver version 2.4.2
[    0.628238] VFIO - User Level meta-driver version: 0.3
[    0.628474] ehci_hcd: USB 2.0 'Enhanced' Host Controller (EHCI) Driver
[    0.628478] ehci-pci: EHCI PCI platform driver
[    0.628494] ehci-platform: EHCI generic platform driver
[    0.628499] ohci_hcd: USB 1.1 'Open' Host Controller (OHCI) Driver
[    0.628501] ohci-pci: OHCI PCI platform driver
[    0.628508] ohci-platform: OHCI generic platform driver
[    0.628512] uhci_hcd: USB Universal Host Controller Interface driver
[    0.628577] i8042: PNP: PS/2 Controller [PNP0303:PS2K,PNP0f03:PS2M] at 0x60,0x64 irq 1,12
[    0.629026] serio: i8042 KBD port at 0x60,0x64 irq 1
[    0.629030] serio: i8042 AUX port at 0x60,0x64 irq 12
[    0.629117] mousedev: PS/2 mouse device common for all mice
[    0.629373] input: AT Translated Set 2 keyboard as /devices/platform/i8042/serio0/input/input2
[    0.629766] rtc_cmos rtc_cmos: registered as rtc0
[    0.629779] rtc_cmos rtc_cmos: alarms up to one day, 114 bytes nvram
[    0.629784] i2c /dev entries driver
[    0.629829] device-mapper: uevent: version 1.0.3
[    0.629872] device-mapper: ioctl: 4.41.0-ioctl (2019-09-16) initialised: dm-devel@redhat.com
[    0.629888] platform eisa.0: Probing EISA bus 0
[    0.629889] platform eisa.0: EISA: Cannot allocate resource for mainboard
[    0.629891] platform eisa.0: Cannot allocate resource for EISA slot 1
[    0.629892] platform eisa.0: Cannot allocate resource for EISA slot 2
[    0.629893] platform eisa.0: Cannot allocate resource for EISA slot 3
[    0.629894] platform eisa.0: Cannot allocate resource for EISA slot 4
[    0.629895] platform eisa.0: Cannot allocate resource for EISA slot 5
[    0.629896] platform eisa.0: Cannot allocate resource for EISA slot 6
[    0.629897] platform eisa.0: Cannot allocate resource for EISA slot 7
[    0.629898] platform eisa.0: Cannot allocate resource for EISA slot 8
[    0.629899] platform eisa.0: EISA: Detected 0 cards
[    0.629901] intel_pstate: CPU model not supported
[    0.629911] ledtrig-cpu: registered to indicate activity on CPUs
[    0.629964] drop_monitor: Initializing network drop monitor service
[    0.630123] NET: Registered protocol family 10
[    0.635388] Segment Routing with IPv6
[    0.635421] fullmesh registered
[    0.635422] ndiffports registered
[    0.635424] binder registered
[    0.635425] roundrobin registered
[    0.635426] redundant registered
[    0.635426] blest registered
[    0.635427] ecf registered
[    0.635428] NET: Registered protocol family 17
[    0.635460] Key type dns_resolver registered
[    0.635565] RAS: Correctable Errors collector initialized.
[    0.635579] IPI shorthand broadcast: enabled
[    0.635593] sched_clock: Marking stable (624191751, 11104148)->(638512723, -3216824)
[    0.635641] registered taskstats version 1
[    0.635650] Loading compiled-in X.509 certificates
[    0.636240] Loaded X.509 cert 'Build time autogenerated kernel key: 6909f3744cebb3d0de528d5887b96a727de79b1e'
[    0.636259] zswap: loaded using pool lzo/zbud
[    0.636313] Key type ._fscrypt registered
[    0.636314] Key type .fscrypt registered
[    0.640808] Key type big_key registered
[    0.643022] Key type encrypted registered
[    0.643025] AppArmor: AppArmor sha1 policy hashing enabled
[    0.643032] ima: No TPM chip found, activating TPM-bypass!
[    0.643036] ima: Allocated hash algorithm: sha1
[    0.643042] ima: No architecture policies found
[    0.643052] evm: Initialising EVM extended attributes:
[    0.643052] evm: security.selinux
[    0.643053] evm: security.SMACK64
[    0.643053] evm: security.SMACK64EXEC
[    0.643054] evm: security.SMACK64TRANSMUTE
[    0.643054] evm: security.SMACK64MMAP
[    0.643054] evm: security.apparmor
[    0.643055] evm: security.ima
[    0.643055] evm: security.capability
[    0.643056] evm: HMAC attrs: 0x1
[    0.643351] PM:   Magic number: 10:693:289
[    0.643373] tty tty22: hash matches
[    0.643478] rtc_cmos rtc_cmos: setting system clock to 2026-01-16T17:17:41 UTC (1768583861)
[    0.799868] ata1.00: ATA-6: VBOX HARDDISK, 1.0, max UDMA/133
[    0.799871] ata1.00: 209715200 sectors, multi 128: LBA 
[    0.800475] scsi 0:0:0:0: Direct-Access     ATA      VBOX HARDDISK    1.0  PQ: 0 ANSI: 5
[    0.800735] sd 0:0:0:0: [sda] 209715200 512-byte logical blocks: (107 GB/100 GiB)
[    0.800746] sd 0:0:0:0: [sda] Write Protect is off
[    0.800749] sd 0:0:0:0: [sda] Mode Sense: 00 3a 00 00
[    0.800766] sd 0:0:0:0: [sda] Write cache: enabled, read cache: enabled, doesn't support DPO or FUA
[    0.800986] sd 0:0:0:0: Attached scsi generic sg0 type 0
[    0.801802]  sda: sda1 sda2
[    0.811282] sd 0:0:0:0: [sda] Attached SCSI disk
[    0.814223] Freeing unused decrypted memory: 2040K
[    0.815119] Freeing unused kernel image memory: 2728K
[    0.815121] Write protecting the kernel read-only data: 22528k
[    0.816045] Freeing unused kernel image memory: 2036K
[    0.816558] Freeing unused kernel image memory: 1432K
[    0.839788] x86/mm: Checked W+X mappings: passed, no W+X pages found.
[    0.839793] Run /init as init process
[    0.941522] ACPI: Video Device [GFX0] (multi-head: yes  rom: no  post: no)
[    0.941593] input: Video Bus as /devices/LNXSYSTM:00/LNXSYBUS:00/PNP0A03:00/LNXVIDEO:00/input/input4
[    0.952879] pcnet32: pcnet32.c:v1.35 21.Apr.2008 tsbogend@alpha.franken.de
[    0.954486] piix4_smbus 0000:00:07.0: SMBus Host Controller at 0x4100, revision 0
[    0.957108] e1000: Intel(R) PRO/1000 Network Driver - version 7.3.21-k8-NAPI
[    0.957109] e1000: Copyright (c) 1999-2006 Intel Corporation.
[    0.961691] pcnet32: PCnet/FAST III 79C973 at 0xd020, 08:00:27:e0:6b:62 assigned IRQ 19
[    0.961737] pcnet32: Found PHY 0022:561b at address 0
[    0.962045] pcnet32: eth0: registered as PCnet/FAST III 79C973
[    0.972655] pcnet32: 1 cards_found
[    1.039283] pcnet32 0000:00:03.0 enp0s3: renamed from eth0
[    1.172625] input: ImExPS/2 Generic Explorer Mouse as /devices/platform/i8042/serio1/input/input5
[    1.371399] e1000 0000:00:08.0 eth0: (PCI:33MHz:32-bit) 08:00:27:51:2e:35
[    1.371404] e1000 0000:00:08.0 eth0: Intel(R) PRO/1000 Network Connection
[    1.743429] e1000 0000:00:09.0 eth1: (PCI:33MHz:32-bit) 08:00:27:9f:5e:73
[    1.743432] e1000 0000:00:09.0 eth1: Intel(R) PRO/1000 Network Connection
[    1.744563] e1000 0000:00:09.0 enp0s9: renamed from eth1
[    1.746349] e1000 0000:00:08.0 enp0s8: renamed from eth0
[    1.910472] EXT4-fs (sda2): mounted filesystem with ordered data mode. Opts: (null)
[    2.002138] systemd[1]: Inserted module 'autofs4'
[    2.013775] systemd[1]: systemd 245.4-4ubuntu3 running in system mode. (+PAM +AUDIT +SELINUX +IMA +APPARMOR +SMACK +SYSVINIT +UTMP +LIBCRYPTSETUP +GCRYPT +GNUTLS +ACL +XZ +LZ4 +SECCOMP +BLKID +ELFUTILS +KMOD +IDN2 -IDN +PCRE2 default-hierarchy=hybrid)
[    2.013806] systemd[1]: Detected virtualization oracle.
[    2.013809] systemd[1]: Detected architecture x86-64.
[    2.015091] systemd[1]: Set hostname to <ztg>.
[    2.140637] systemd[1]: /lib/systemd/system/dbus.socket:5: ListenStream= references a path below legacy directory /var/run/, updating /var/run/dbus/system_bus_socket â†’ /run/dbus/system_bus_socket; please update the unit file accordingly.
[    2.193826] systemd[1]: Created slice system-modprobe.slice.
[    2.194011] systemd[1]: Created slice User and Session Slice.
[    2.194055] systemd[1]: Started Forward Password Requests to Wall Directory Watch.
[    2.194219] systemd[1]: Set up automount Arbitrary Executable File Formats File System Automount Point.
[    2.194250] systemd[1]: Reached target User and Group Name Lookups.
[    2.194258] systemd[1]: Reached target Remote File Systems.
[    2.194266] systemd[1]: Reached target Slices.
[    2.194830] systemd[1]: Listening on Syslog Socket.
[    2.194899] systemd[1]: Listening on fsck to fsckd communication Socket.
[    2.194936] systemd[1]: Listening on initctl Compatibility Named Pipe.
[    2.195074] systemd[1]: Listening on Journal Audit Socket.
[    2.195125] systemd[1]: Listening on Journal Socket (/dev/log).
[    2.195257] systemd[1]: Listening on Journal Socket.
[    2.195326] systemd[1]: Listening on udev Control Socket.
[    2.195365] systemd[1]: Listening on udev Kernel Socket.
[    2.196120] systemd[1]: Mounting Huge Pages File System...
[    2.197049] systemd[1]: Mounting POSIX Message Queue File System...
[    2.197891] systemd[1]: Mounting Kernel Debug File System...
[    2.198734] systemd[1]: Mounting Kernel Trace File System...
[    2.200622] systemd[1]: Starting Journal Service...
[    2.226020] systemd[1]: Starting Set the console keyboard layout...
[    2.234046] systemd[1]: Starting Create list of static device nodes for the current kernel...
[    2.236100] systemd[1]: Starting Load Kernel Module drm...
[    2.237218] systemd[1]: Condition check resulted in Set Up Additional Binary Formats being skipped.
[    2.237260] systemd[1]: Condition check resulted in File System Check on Root Device being skipped.
[    2.248496] systemd[1]: Starting Load Kernel Modules...
[    2.257369] systemd[1]: Starting Remount Root and Kernel File Systems...
[    2.266766] systemd[1]: Starting udev Coldplug all Devices...
[    2.277095] systemd[1]: Starting Uncomplicated firewall...
[    2.278729] systemd[1]: Mounted Huge Pages File System.
[    2.278816] systemd[1]: Mounted POSIX Message Queue File System.
[    2.278886] systemd[1]: Mounted Kernel Debug File System.
[    2.278956] systemd[1]: Mounted Kernel Trace File System.
[    2.279636] EXT4-fs (sda2): re-mounted. Opts: errors=remount-ro
[    2.288669] systemd[1]: Finished Create list of static device nodes for the current kernel.
[    2.289563] systemd[1]: modprobe@drm.service: Succeeded.
[    2.307090] systemd[1]: Finished Load Kernel Module drm.
[    2.307483] systemd[1]: Finished Remount Root and Kernel File Systems.
[    2.324188] lp: driver loaded but no devices found
[    2.325779] systemd[1]: Finished Uncomplicated firewall.
[    2.335800] systemd[1]: Condition check resulted in Rebuild Hardware Database being skipped.
[    2.335836] systemd[1]: Condition check resulted in Platform Persistent Storage Archival being skipped.
[    2.337757] systemd[1]: Starting Load/Save Random Seed...
[    2.342838] systemd[1]: Starting Create System Users...
[    2.347929] ppdev: user-space parallel port driver
[    2.358629] systemd[1]: Finished Load/Save Random Seed.
[    2.360488] systemd[1]: Finished Create System Users.
[    2.361380] systemd[1]: Starting Create Static Device Nodes in /dev...
[    2.389891] systemd[1]: Finished Create Static Device Nodes in /dev.
[    2.390760] systemd[1]: Starting udev Kernel Device Manager...
[    2.436285] [drm] DMA map mode: Caching DMA mappings.
[    2.436348] [drm] Capabilities:
[    2.436348] [drm]   Rect copy.
[    2.436348] [drm]   Cursor.
[    2.436349] [drm]   Cursor bypass.
[    2.436349] [drm]   Cursor bypass 2.
[    2.436349] [drm]   Alpha cursor.
[    2.436350] [drm]   Extended Fifo.
[    2.436350] [drm]   Pitchlock.
[    2.436351] [drm]   Irq mask.
[    2.436351] [drm]   GMR.
[    2.436351] [drm]   Traces.
[    2.436352] [drm]   GMR2.
[    2.436352] [drm]   Screen Object 2.
[    2.436353] [drm]   Command Buffers.
[    2.436353] [drm]   Command Buffers 2.
[    2.436353] [drm]   Guest Backed Resources.
[    2.436354] [drm] Max GMR ids is 8192
[    2.436355] [drm] Max number of GMR pages is 1048576
[    2.436355] [drm] Max dedicated hypervisor surface memory is 393216 kiB
[    2.436356] [drm] Maximum display memory size is 131072 kiB
[    2.436357] [drm] VRAM at 0xe0000000 size is 131072 kiB
[    2.436357] [drm] MMIO at 0xf0000000 size is 2048 kiB
[    2.439840] systemd[1]: Finished udev Coldplug all Devices.
[    2.440264] [TTM] Zone  kernel: Available graphics memory: 1011738 KiB
[    2.440265] [TTM] Initializing pool allocator
[    2.440269] [TTM] Initializing DMA pool allocator
[    2.440301] [drm] Supports vblank timestamp caching Rev 2 (21.10.2013).
[    2.440302] [drm] No driver support for vblank timestamp query.
[    2.440668] [drm] Screen Target Display device initialized
[    2.440881] [drm] width 720
[    2.440893] [drm] height 400
[    2.440897] [drm] bpp 32
[    2.441434] [drm] Fifo max 0x00200000 min 0x00001000 cap 0x00000355
[    2.442495] [drm] Using command buffers with DMA pool.
[    2.442500] [drm] DX: no.
[    2.442500] [drm] Atomic: yes.
[    2.442500] [drm] SM4_1: no.
[    2.442520] [drm:vmw_host_log [vmwgfx]] *ERROR* Failed to send host log message.
[    2.444033] [drm:vmw_host_log [vmwgfx]] *ERROR* Failed to send host log message.
[    2.455879] fbcon: svgadrmfb (fb0) is primary device
[    2.457985] Console: switching to colour frame buffer device 100x37
[    2.463359] [drm] Initialized vmwgfx 2.15.0 20180704 for 0000:00:02.0 on minor 0
[    2.464301] systemd[1]: Finished Load Kernel Modules.
[    2.465282] systemd[1]: Mounting FUSE Control File System...
[    2.466636] systemd[1]: Mounting Kernel Configuration File System...
[    2.480213] systemd[1]: Starting Apply Kernel Variables...
[    2.492800] systemd[1]: Mounted FUSE Control File System.
[    2.492882] systemd[1]: Condition check resulted in VMware vmblock fuse mount being skipped.
[    2.499940] systemd[1]: Mounted Kernel Configuration File System.
[    2.530693] systemd[1]: Finished Apply Kernel Variables.
[    2.536897] systemd[1]: Finished Set the console keyboard layout.
[    2.536978] systemd[1]: Reached target Local File Systems (Pre).
[    2.539067] systemd[1]: Mounting Mount unit for bare, revision 5...
[    2.541031] systemd[1]: Mounting Mount unit for core18, revision 1705...
[    2.560085] systemd[1]: Mounting Mount unit for gnome-3-34-1804, revision 24...
[    2.563899] systemd[1]: Mounting Mount unit for gtk-common-themes, revision 1506...
[    2.576541] systemd[1]: Mounting Mount unit for gtk-common-themes, revision 1535...
[    2.585041] systemd[1]: Mounting Mount unit for snap-store, revision 433...
[    2.591930] systemd[1]: Mounting Mount unit for snapd, revision 7264...
[    2.625904] systemd[1]: Started udev Kernel Device Manager.
[    2.626018] systemd[1]: Mounted Mount unit for bare, revision 5.
[    2.626104] systemd[1]: Mounted Mount unit for core18, revision 1705.
[    2.631142] systemd[1]: Starting Show Plymouth Boot Screen...
[    2.635033] systemd[1]: Received SIGRTMIN+20 from PID 280 (plymouthd).
[    2.643320] systemd[1]: Mounted Mount unit for gnome-3-34-1804, revision 24.
[    2.643520] systemd[1]: Mounted Mount unit for gtk-common-themes, revision 1506.
[    2.659174] systemd[1]: Started Show Plymouth Boot Screen.
[    2.659319] systemd[1]: Condition check resulted in Dispatch Password Requests to Console Directory Watch being skipped.
[    2.659422] systemd[1]: Started Forward Password Requests to Plymouth Directory Watch.
[    2.659453] systemd[1]: Reached target Local Encrypted Volumes.
[    2.727844] systemd[1]: Mounted Mount unit for gtk-common-themes, revision 1535.
[    2.728106] systemd[1]: Mounted Mount unit for snap-store, revision 433.
[    2.728288] systemd[1]: Mounted Mount unit for snapd, revision 7264.
[    2.728433] systemd[1]: Reached target Local File Systems.
[    2.731076] systemd[1]: Starting Load AppArmor profiles...
[    2.731966] systemd[1]: Starting Set console font and keymap...
[    2.745178] systemd[1]: Starting Tell Plymouth To Write Out Runtime Data...
[    2.746595] systemd[1]: Condition check resulted in Store a System Token in an EFI Variable being skipped.
[    2.746654] systemd[1]: Condition check resulted in Commit a transient machine-id on disk being skipped.
[    2.750456] systemd[1]: Finished Set console font and keymap.
[    2.757995] systemd[1]: Received SIGRTMIN+20 from PID 280 (plymouthd).
[    2.759420] systemd[1]: plymouth-read-write.service: Succeeded.
[    2.759661] systemd[1]: Finished Tell Plymouth To Write Out Runtime Data.
[    2.801594] audit: type=1400 audit(1768583863.652:2): apparmor="STATUS" operation="profile_load" profile="unconfined" name="nvidia_modprobe" pid=301 comm="apparmor_parser"
[    2.801596] audit: type=1400 audit(1768583863.652:3): apparmor="STATUS" operation="profile_load" profile="unconfined" name="nvidia_modprobe//kmod" pid=301 comm="apparmor_parser"
[    2.807911] audit: type=1400 audit(1768583863.660:4): apparmor="STATUS" operation="profile_load" profile="unconfined" name="/usr/sbin/tcpdump" pid=302 comm="apparmor_parser"
[    2.835553] audit: type=1400 audit(1768583863.680:5): apparmor="STATUS" operation="profile_load" profile="unconfined" name="/usr/bin/evince" pid=304 comm="apparmor_parser"
[    2.835555] audit: type=1400 audit(1768583863.680:6): apparmor="STATUS" operation="profile_load" profile="unconfined" name="/usr/bin/evince//sanitized_helper" pid=304 comm="apparmor_parser"
[    2.835558] audit: type=1400 audit(1768583863.680:7): apparmor="STATUS" operation="profile_load" profile="unconfined" name="/usr/bin/evince-previewer" pid=304 comm="apparmor_parser"
[    2.835560] audit: type=1400 audit(1768583863.680:8): apparmor="STATUS" operation="profile_load" profile="unconfined" name="/usr/bin/evince-previewer//sanitized_helper" pid=304 comm="apparmor_parser"
[    2.835561] audit: type=1400 audit(1768583863.680:9): apparmor="STATUS" operation="profile_load" profile="unconfined" name="/usr/bin/evince-thumbnailer" pid=304 comm="apparmor_parser"
[    2.865340] audit: type=1400 audit(1768583863.720:10): apparmor="STATUS" operation="profile_load" profile="unconfined" name="/usr/lib/cups/backend/cups-pdf" pid=305 comm="apparmor_parser"
[    2.944655] systemd[1]: Finished Load AppArmor profiles.
[    2.945602] systemd[1]: Starting Load AppArmor profiles managed internally by snapd...
[    3.007675] systemd[1]: Finished Load AppArmor profiles managed internally by snapd.
[    3.184131] systemd[1]: Started Journal Service.
[    3.194597] systemd-journald[229]: Received client request to flush runtime journal.
[    3.197903] systemd-journald[229]: File /var/log/journal/c455b248004a419c87ce85eea238d727/system.journal corrupted or uncleanly shut down, renaming and replacing.
[    4.561944] RAPL PMU: API unit is 2^-32 Joules, 0 fixed counters, 10737418240 ms ovfl timer
[    4.606778] cryptd: max_cpu_qlen set to 1000
[    4.672340] AVX2 version of gcm_enc/dec engaged.
[    4.672341] AES CTR mode by8 optimization enabled
[    5.446410] Adding 1998844k swap on /dev/sda1.  Priority:-2 extents:1 across:1998844k FS
[    7.048157] kauditd_printk_skb: 30 callbacks suppressed
[    7.048159] audit: type=1400 audit(1768583867.900:41): apparmor="DENIED" operation="capable" profile="/usr/sbin/cups-browsed" pid=496 comm="cups-browsed" capability=23  capname="sys_nice"
[    7.637410] pcnet32 0000:00:03.0 enp0s3: link up, 100Mbps, full-duplex
[    7.673997] e1000: enp0s8 NIC Link is Up 1000 Mbps Full Duplex, Flow Control: RX
[    7.674273] IPv6: ADDRCONF(NETDEV_CHANGE): enp0s8: link becomes ready
[    7.686745] e1000: enp0s9 NIC Link is Up 1000 Mbps Full Duplex, Flow Control: RX
[    7.687040] IPv6: ADDRCONF(NETDEV_CHANGE): enp0s9: link becomes ready
[    8.205773] device enp0s3 entered promiscuous mode
[    8.233061] audit: type=1400 audit(1768583869.080:42): apparmor="DENIED" operation="open" profile="/usr/sbin/tcpdump" name="/proc/sys/kernel/random/boot_id" pid=687 comm="tcpdump" requested_mask="r" denied_mask="r" fsuid=0 ouid=0
[    8.233617] audit: type=1400 audit(1768583869.080:43): apparmor="DENIED" operation="open" profile="/usr/sbin/tcpdump" name="/proc/sys/kernel/random/boot_id" pid=687 comm="tcpdump" requested_mask="r" denied_mask="r" fsuid=0 ouid=0
[    8.233784] audit: type=1400 audit(1768583869.080:44): apparmor="DENIED" operation="open" profile="/usr/sbin/tcpdump" name="/proc/sys/kernel/random/boot_id" pid=687 comm="tcpdump" requested_mask="r" denied_mask="r" fsuid=0 ouid=0
[    8.233967] audit: type=1400 audit(1768583869.080:45): apparmor="DENIED" operation="open" profile="/usr/sbin/tcpdump" name="/proc/sys/kernel/random/boot_id" pid=687 comm="tcpdump" requested_mask="r" denied_mask="r" fsuid=0 ouid=0
[    8.249768] audit: type=1400 audit(1768583869.104:46): apparmor="DENIED" operation="open" profile="/usr/sbin/tcpdump" name="/proc/sys/kernel/random/boot_id" pid=688 comm="tcpdump" requested_mask="r" denied_mask="r" fsuid=0 ouid=0
[    8.249967] audit: type=1400 audit(1768583869.104:47): apparmor="DENIED" operation="open" profile="/usr/sbin/tcpdump" name="/proc/sys/kernel/random/boot_id" pid=688 comm="tcpdump" requested_mask="r" denied_mask="r" fsuid=0 ouid=0
[    8.250011] audit: type=1400 audit(1768583869.104:48): apparmor="DENIED" operation="open" profile="/usr/sbin/tcpdump" name="/proc/sys/kernel/random/boot_id" pid=688 comm="tcpdump" requested_mask="r" denied_mask="r" fsuid=0 ouid=0
[    8.250028] audit: type=1400 audit(1768583869.104:49): apparmor="DENIED" operation="open" profile="/usr/sbin/tcpdump" name="/proc/sys/kernel/random/boot_id" pid=688 comm="tcpdump" requested_mask="r" denied_mask="r" fsuid=0 ouid=0
[   12.796325] rfkill: input handler disabled
[  114.446211] rfkill: input handler enabled
[  123.710357] rfkill: input handler disabled
[  267.888268] AAAAA-TCP_FORW: name:enp0s3: saddr:16783984: daddr:100932208
[  268.306707] AAAAA-TCP_FORW: name:enp0s3: saddr:16783984: daddr:100932208
[  268.554748] AAAAA-TCP_FORW: name:enp0s3: saddr:16783984: daddr:100932208
[  268.767732] AAAAA-TCP_FORW: name:enp0s3: saddr:16783984: daddr:100932208
[  268.912534] AAAAA-TCP_FORW: name:enp0s3: saddr:33561200: daddr:100932208
[  269.064493] AAAAA-TCP_FORW: name:enp0s3: saddr:33561200: daddr:100932208
[  269.193764] AAAAA-TCP_FORW: name:enp0s3: saddr:33561200: daddr:100932208
[  269.306731] AAAAA-TCP_FORW: name:enp0s3: saddr:33561200: daddr:100932208
[  269.400191] AAAAA-TCP_FORW: name:enp0s3: saddr:33561200: daddr:100932208
[  269.477637] AAAAA-TCP_FORW: name:enp0s3: saddr:33561200: daddr:100932208
[  269.591390] AAAAA-TCP_FORW: name:enp0s3: saddr:33561200: daddr:100932208
[  269.693360] AAAAA-TCP_FORW: name:enp0s3: saddr:33561200: daddr:100932208
[  269.873078] AAAAA-TCP_FORW: name:enp0s3: saddr:33561200: daddr:100932208
[  269.974570] AAAAA-TCP_FORW: name:enp0s3: saddr:33561200: daddr:100932208
[  270.045940] AAAAA-TCP_FORW: name:enp0s3: saddr:33561200: daddr:100932208
[  270.190759] AAAAA-TCP_FORW: name:enp0s3: saddr:33561200: daddr:100932208
[  270.250739] AAAAA-TCP_FORW: name:enp0s3: saddr:33561200: daddr:100932208
[  270.393456] AAAAA-TCP_FORW: name:enp0s3: saddr:33561200: daddr:100932208
[  270.463341] AAAAA-TCP_FORW: name:enp0s3: saddr:33561200: daddr:100932208
[  270.531057] AAAAA-TCP_FORW: name:enp0s3: saddr:33561200: daddr:100932208
[  270.636992] AAAAA-TCP_FORW: name:enp0s3: saddr:33561200: daddr:100932208
[  270.734325] AAAAA-TCP_FORW: name:enp0s3: saddr:33561200: daddr:100932208
[  270.783466] AAAAA-TCP_FORW: name:enp0s3: saddr:33561200: daddr:100932208
[  270.898102] AAAAA-TCP_FORW: name:enp0s3: saddr:33561200: daddr:100932208
[  271.124660] AAAAA-TCP_FORW: name:enp0s3: saddr:33561200: daddr:100932208
[  271.199232] AAAAA-TCP_FORW: name:enp0s3: saddr:33561200: daddr:100932208
[  271.278804] AAAAA-TCP_FORW: name:enp0s3: saddr:33561200: daddr:100932208
[  271.378347] AAAAA-TCP_FORW: name:enp0s3: saddr:33561200: daddr:100932208
[  271.444005] AAAAA-TCP_FORW: name:enp0s3: saddr:33561200: daddr:100932208
[  271.503728] AAAAA-TCP_FORW: name:enp0s3: saddr:33561200: daddr:100932208
[  271.660340] AAAAA-TCP_FORW: name:enp0s3: saddr:16783984: daddr:100932208
[  271.976784] AAAAA-TCP_FORW: name:enp0s3: saddr:16783984: daddr:100932208
[  431.888475] device enp0s3 left promiscuous mode
