[    0.000000] Linux version 5.4.243-mptcp (root@ztg) (gcc version 12.2.0 (Debian 12.2.0-14+deb12u1)) #53 SMP Wed Dec 24 23:28:15 CST 2025
[    0.000000] Command line: BOOT_IMAGE=/boot/vmlinuz-5.4.243-mptcp root=UUID=98415a12-53b7-4144-8265-0f7ece09e445 ro quiet splash
[    0.000000] KERNEL supported cpus:
[    0.000000]   Intel GenuineIntel
[    0.000000]   AMD AuthenticAMD
[    0.000000]   Hygon HygonGenuine
[    0.000000]   Centaur CentaurHauls
[    0.000000]   zhaoxin   Shanghai  
[    0.000000] x86/fpu: Supporting XSAVE feature 0x001: 'x87 floating point registers'
[    0.000000] x86/fpu: Supporting XSAVE feature 0x002: 'SSE registers'
[    0.000000] x86/fpu: Supporting XSAVE feature 0x004: 'AVX registers'
[    0.000000] x86/fpu: xstate_offset[2]:  576, xstate_sizes[2]:  256
[    0.000000] x86/fpu: Enabled xstate features 0x7, context size is 832 bytes, using 'standard' format.
[    0.000000] BIOS-provided physical RAM map:
[    0.000000] BIOS-e820: [mem 0x0000000000000000-0x000000000009fbff] usable
[    0.000000] BIOS-e820: [mem 0x000000000009fc00-0x000000000009ffff] reserved
[    0.000000] BIOS-e820: [mem 0x00000000000f0000-0x00000000000fffff] reserved
[    0.000000] BIOS-e820: [mem 0x0000000000100000-0x000000007ffeffff] usable
[    0.000000] BIOS-e820: [mem 0x000000007fff0000-0x000000007fffffff] ACPI data
[    0.000000] BIOS-e820: [mem 0x00000000fec00000-0x00000000fec00fff] reserved
[    0.000000] BIOS-e820: [mem 0x00000000fee00000-0x00000000fee00fff] reserved
[    0.000000] BIOS-e820: [mem 0x00000000fffc0000-0x00000000ffffffff] reserved
[    0.000000] NX (Execute Disable) protection: active
[    0.000000] SMBIOS 2.5 present.
[    0.000000] DMI: innotek GmbH VirtualBox/VirtualBox, BIOS VirtualBox 12/01/2006
[    0.000000] Hypervisor detected: KVM
[    0.000000] kvm-clock: Using msrs 4b564d01 and 4b564d00
[    0.000000] kvm-clock: cpu 0, msr 5f201001, primary cpu clock
[    0.000000] kvm-clock: using sched offset of 4451534201 cycles
[    0.000003] clocksource: kvm-clock: mask: 0xffffffffffffffff max_cycles: 0x1cd42e4dffb, max_idle_ns: 881590591483 ns
[    0.000005] tsc: Detected 2100.000 MHz processor
[    0.001883] e820: update [mem 0x00000000-0x00000fff] usable ==> reserved
[    0.001885] e820: remove [mem 0x000a0000-0x000fffff] usable
[    0.001889] last_pfn = 0x7fff0 max_arch_pfn = 0x400000000
[    0.001956] MTRR default type: uncachable
[    0.001957] MTRR fixed ranges enabled:
[    0.001958]   00000-9FFFF write-back
[    0.001959]   A0000-BFFFF uncachable
[    0.001959]   C0000-FFFFF write-protect
[    0.001960] MTRR variable ranges enabled:
[    0.001962]   0 base 000000000000 mask 3FFF80000000 write-back
[    0.001962]   1 disabled
[    0.001963]   2 disabled
[    0.001963]   3 disabled
[    0.001963]   4 disabled
[    0.001964]   5 disabled
[    0.001964]   6 disabled
[    0.001965]   7 disabled
[    0.001965]   8 disabled
[    0.001966]   9 disabled
[    0.001966]   10 disabled
[    0.001966]   11 disabled
[    0.001967]   12 disabled
[    0.001967]   13 disabled
[    0.001968]   14 disabled
[    0.001968]   15 disabled
[    0.001984] x86/PAT: Configuration [0-7]: WB  WC  UC- UC  WB  WP  UC- WT  
[    0.002127] found SMP MP-table at [mem 0x0009fff0-0x0009ffff]
[    0.094427] check: Scanning 1 areas for low memory corruption
[    0.094684] RAMDISK: [mem 0x32271000-0x3512ffff]
[    0.094692] ACPI: Early table checksum verification disabled
[    0.094696] ACPI: RSDP 0x00000000000E0000 000024 (v02 VBOX  )
[    0.094701] ACPI: XSDT 0x000000007FFF0030 00003C (v01 VBOX   VBOXXSDT 00000001 ASL  00000061)
[    0.094707] ACPI: FACP 0x000000007FFF00F0 0000F4 (v04 VBOX   VBOXFACP 00000001 ASL  00000061)
[    0.094713] ACPI: DSDT 0x000000007FFF02E0 002353 (v02 VBOX   VBOXBIOS 00000002 VBOX 00029BF3)
[    0.094717] ACPI: FACS 0x000000007FFF0200 000040
[    0.094720] ACPI: FACS 0x000000007FFF0200 000040
[    0.094724] ACPI: APIC 0x000000007FFF0240 000054 (v02 VBOX   VBOXAPIC 00000001 ASL  00000061)
[    0.094727] ACPI: SSDT 0x000000007FFF02A0 000038 (v01 VBOX   VBOXCPUT 00000002 VBOX 00029BF3)
[    0.094731] ACPI: Reserving FACP table memory at [mem 0x7fff00f0-0x7fff01e3]
[    0.094732] ACPI: Reserving DSDT table memory at [mem 0x7fff02e0-0x7fff2632]
[    0.094732] ACPI: Reserving FACS table memory at [mem 0x7fff0200-0x7fff023f]
[    0.094733] ACPI: Reserving FACS table memory at [mem 0x7fff0200-0x7fff023f]
[    0.094734] ACPI: Reserving APIC table memory at [mem 0x7fff0240-0x7fff0293]
[    0.094734] ACPI: Reserving SSDT table memory at [mem 0x7fff02a0-0x7fff02d7]
[    0.094749] ACPI: Local APIC address 0xfee00000
[    0.094936] No NUMA configuration found
[    0.094937] Faking a node at [mem 0x0000000000000000-0x000000007ffeffff]
[    0.094948] NODE_DATA(0) allocated [mem 0x7ffc5000-0x7ffeffff]
[    0.095207] Zone ranges:
[    0.095208]   DMA      [mem 0x0000000000001000-0x0000000000ffffff]
[    0.095209]   DMA32    [mem 0x0000000001000000-0x000000007ffeffff]
[    0.095210]   Normal   empty
[    0.095210]   Device   empty
[    0.095211] Movable zone start for each node
[    0.095213] Early memory node ranges
[    0.095214]   node   0: [mem 0x0000000000001000-0x000000000009efff]
[    0.095215]   node   0: [mem 0x0000000000100000-0x000000007ffeffff]
[    0.095217] Zeroed struct page in unavailable ranges: 114 pages
[    0.095218] Initmem setup node 0 [mem 0x0000000000001000-0x000000007ffeffff]
[    0.095219] On node 0 totalpages: 524174
[    0.095221]   DMA zone: 64 pages used for memmap
[    0.095221]   DMA zone: 21 pages reserved
[    0.095222]   DMA zone: 3998 pages, LIFO batch:0
[    0.095293]   DMA32 zone: 8128 pages used for memmap
[    0.095293]   DMA32 zone: 520176 pages, LIFO batch:63
[    0.104138] ACPI: PM-Timer IO Port: 0x4008
[    0.104141] ACPI: Local APIC address 0xfee00000
[    0.104207] IOAPIC[0]: apic_id 1, version 32, address 0xfec00000, GSI 0-23
[    0.104210] ACPI: INT_SRC_OVR (bus 0 bus_irq 0 global_irq 2 dfl dfl)
[    0.104212] ACPI: INT_SRC_OVR (bus 0 bus_irq 9 global_irq 9 low level)
[    0.104213] ACPI: IRQ0 used by override.
[    0.104214] ACPI: IRQ9 used by override.
[    0.104217] Using ACPI (MADT) for SMP configuration information
[    0.104223] smpboot: Allowing 1 CPUs, 0 hotplug CPUs
[    0.104245] PM: Registered nosave memory: [mem 0x00000000-0x00000fff]
[    0.104246] PM: Registered nosave memory: [mem 0x0009f000-0x0009ffff]
[    0.104247] PM: Registered nosave memory: [mem 0x000a0000-0x000effff]
[    0.104247] PM: Registered nosave memory: [mem 0x000f0000-0x000fffff]
[    0.104249] [mem 0x80000000-0xfebfffff] available for PCI devices
[    0.104250] Booting paravirtualized kernel on KVM
[    0.104253] clocksource: refined-jiffies: mask: 0xffffffff max_cycles: 0xffffffff, max_idle_ns: 7645519600211568 ns
[    0.104257] setup_percpu: NR_CPUS:8192 nr_cpumask_bits:1 nr_cpu_ids:1 nr_node_ids:1
[    0.105277] percpu: Embedded 60 pages/cpu s208896 r8192 d28672 u2097152
[    0.105282] pcpu-alloc: s208896 r8192 d28672 u2097152 alloc=1*2097152
[    0.105282] pcpu-alloc: [0] 0 
[    0.105308] Built 1 zonelists, mobility grouping on.  Total pages: 515961
[    0.105309] Policy zone: DMA32
[    0.105310] Kernel command line: BOOT_IMAGE=/boot/vmlinuz-5.4.243-mptcp root=UUID=98415a12-53b7-4144-8265-0f7ece09e445 ro quiet splash
[    0.106179] Dentry cache hash table entries: 262144 (order: 9, 2097152 bytes, linear)
[    0.106353] Inode-cache hash table entries: 131072 (order: 8, 1048576 bytes, linear)
[    0.106404] mem auto-init: stack:off, heap alloc:on, heap free:off
[    0.106407] Calgary: detecting Calgary via BIOS EBDA area
[    0.106408] Calgary: Unable to locate Rio Grande table in EBDA - bailing!
[    0.110430] Memory: 1967332K/2096696K available (14339K kernel code, 2398K rwdata, 4712K rodata, 2728K init, 17260K bss, 129364K reserved, 0K cma-reserved)
[    0.111367] SLUB: HWalign=64, Order=0-3, MinObjects=0, CPUs=1, Nodes=1
[    0.111383] ftrace: allocating 43186 entries in 169 pages
[    0.129367] rcu: Hierarchical RCU implementation.
[    0.129369] rcu: 	RCU restricting CPUs from NR_CPUS=8192 to nr_cpu_ids=1.
[    0.129370] 	Tasks RCU enabled.
[    0.129371] rcu: RCU calculated value of scheduler-enlistment delay is 25 jiffies.
[    0.129372] rcu: Adjusting geometry for rcu_fanout_leaf=16, nr_cpu_ids=1
[    0.132331] NR_IRQS: 524544, nr_irqs: 256, preallocated irqs: 16
[    0.132538] random: crng init done
[    0.141769] Console: colour VGA+ 80x25
[    0.141773] printk: console [tty0] enabled
[    0.141791] ACPI: Core revision 20190816
[    0.141883] APIC: Switch to symmetric I/O mode setup
[    0.142135] x2apic enabled
[    0.142368] Switched APIC routing to physical x2apic.
[    0.143485] ..TIMER: vector=0x30 apic1=0 pin1=2 apic2=-1 pin2=-1
[    0.143512] clocksource: tsc-early: mask: 0xffffffffffffffff max_cycles: 0x1e4530a99b6, max_idle_ns: 440795257976 ns
[    0.143517] Calibrating delay loop (skipped) preset value.. 4200.00 BogoMIPS (lpj=8400000)
[    0.143520] pid_max: default: 32768 minimum: 301
[    0.143547] LSM: Security Framework initializing
[    0.143557] Yama: becoming mindful.
[    0.143582] AppArmor: AppArmor initialized
[    0.143615] Mount-cache hash table entries: 4096 (order: 3, 32768 bytes, linear)
[    0.143621] Mountpoint-cache hash table entries: 4096 (order: 3, 32768 bytes, linear)
[    0.143632] *** VALIDATE tmpfs ***
[    0.143764] *** VALIDATE proc ***
[    0.143807] *** VALIDATE cgroup1 ***
[    0.143809] *** VALIDATE cgroup2 ***
[    0.143948] process: using mwait in idle threads
[    0.143953] Last level iTLB entries: 4KB 64, 2MB 8, 4MB 8
[    0.143954] Last level dTLB entries: 4KB 64, 2MB 0, 4MB 0, 1GB 4
[    0.143973] Spectre V1 : Mitigation: usercopy/swapgs barriers and __user pointer sanitization
[    0.143979] Spectre V2 : Mitigation: Retpolines
[    0.143979] Spectre V2 : Spectre v2 / SpectreRSB mitigation: Filling RSB on context switch
[    0.143980] Spectre V2 : Spectre v2 / SpectreRSB : Filling RSB on VMEXIT
[    0.143980] RETBleed: WARNING: Spectre v2 mitigation leaves CPU vulnerable to RETBleed attacks, data leaks possible!
[    0.144333] RETBleed: Vulnerable
[    0.144333] Speculative Store Bypass: Vulnerable
[    0.144338] TAA: Mitigation: TSX disabled
[    0.144339] MMIO Stale Data: Mitigation: Clear CPU buffers
[    0.148488] Freeing SMP alternatives memory: 40K
[    0.260942] smpboot: CPU0: Intel(R) Xeon(R) Silver 4216 CPU @ 2.10GHz (family: 0x6, model: 0x55, stepping: 0x7)
[    0.261046] Performance Events: unsupported p6 CPU model 85 no PMU driver, software events only.
[    0.261079] rcu: Hierarchical SRCU implementation.
[    0.261546] NMI watchdog: Perf NMI watchdog permanently disabled
[    0.261583] smp: Bringing up secondary CPUs ...
[    0.261584] smp: Brought up 1 node, 1 CPU
[    0.261585] smpboot: Max logical packages: 1
[    0.261586] smpboot: Total of 1 processors activated (4200.00 BogoMIPS)
[    0.262521] devtmpfs: initialized
[    0.262563] x86/mm: Memory block size: 128MB
[    0.262895] clocksource: jiffies: mask: 0xffffffff max_cycles: 0xffffffff, max_idle_ns: 7645041785100000 ns
[    0.262900] futex hash table entries: 256 (order: 2, 16384 bytes, linear)
[    0.262940] pinctrl core: initialized pinctrl subsystem
[    0.263037] PM: RTC time: 20:45:27, date: 2026-01-14
[    0.263139] NET: Registered protocol family 16
[    0.263212] audit: initializing netlink subsys (disabled)
[    0.263332] EISA bus registered
[    0.263334] cpuidle: using governor ladder
[    0.263334] cpuidle: using governor menu
[    0.263369] ACPI: bus type PCI registered
[    0.263370] acpiphp: ACPI Hot Plug PCI Controller Driver version: 0.5
[    0.263467] PCI: Using configuration type 1 for base access
[    0.263651] audit: type=2000 audit(1768394733.706:1): state=initialized audit_enabled=0 res=1
[    0.263726] HugeTLB registered 2.00 MiB page size, pre-allocated 0 pages
[    0.264520] ACPI: Added _OSI(Module Device)
[    0.264520] ACPI: Added _OSI(Processor Device)
[    0.264521] ACPI: Added _OSI(3.0 _SCP Extensions)
[    0.264522] ACPI: Added _OSI(Processor Aggregator Device)
[    0.264523] ACPI: Added _OSI(Linux-Dell-Video)
[    0.264524] ACPI: Added _OSI(Linux-Lenovo-NV-HDMI-Audio)
[    0.264524] ACPI: Added _OSI(Linux-HPI-Hybrid-Graphics)
[    0.266469] ACPI: 2 ACPI AML tables successfully acquired and loaded
[    0.268116] ACPI: Interpreter enabled
[    0.268125] ACPI: (supports S0 S5)
[    0.268126] ACPI: Using IOAPIC for interrupt routing
[    0.268330] PCI: Using host bridge windows from ACPI; if necessary, use "pci=nocrs" and report a bug
[    0.268440] ACPI: Enabled 2 GPEs in block 00 to 07
[    0.273261] ACPI: PCI Root Bridge [PCI0] (domain 0000 [bus 00-ff])
[    0.273265] acpi PNP0A03:00: _OSC: OS supports [ASPM ClockPM Segments MSI HPX-Type3]
[    0.273707] acpi PNP0A03:00: _OSC: not requesting OS control; OS requires [ExtendedConfig ASPM ClockPM MSI]
[    0.273716] acpi PNP0A03:00: fail to add MMCONFIG information, can't access extended PCI configuration space under this bridge.
[    0.274088] PCI host bridge to bus 0000:00
[    0.274090] pci_bus 0000:00: root bus resource [io  0x0000-0x0cf7 window]
[    0.274092] pci_bus 0000:00: root bus resource [io  0x0d00-0xffff window]
[    0.274093] pci_bus 0000:00: root bus resource [mem 0x000a0000-0x000bffff window]
[    0.274094] pci_bus 0000:00: root bus resource [mem 0x80000000-0xfdffffff window]
[    0.274095] pci_bus 0000:00: root bus resource [bus 00-ff]
[    0.274137] pci 0000:00:00.0: [8086:1237] type 00 class 0x060000
[    0.275084] pci 0000:00:01.0: [8086:7000] type 00 class 0x060100
[    0.275844] pci 0000:00:01.1: [8086:7111] type 00 class 0x01018a
[    0.276220] pci 0000:00:01.1: reg 0x20: [io  0xd000-0xd00f]
[    0.276373] pci 0000:00:01.1: legacy IDE quirk: reg 0x10: [io  0x01f0-0x01f7]
[    0.276374] pci 0000:00:01.1: legacy IDE quirk: reg 0x14: [io  0x03f6]
[    0.276375] pci 0000:00:01.1: legacy IDE quirk: reg 0x18: [io  0x0170-0x0177]
[    0.276376] pci 0000:00:01.1: legacy IDE quirk: reg 0x1c: [io  0x0376]
[    0.276934] pci 0000:00:02.0: [15ad:0405] type 00 class 0x030000
[    0.279595] pci 0000:00:02.0: reg 0x10: [io  0xd010-0xd01f]
[    0.282416] pci 0000:00:02.0: reg 0x14: [mem 0xe0000000-0xe7ffffff pref]
[    0.285373] pci 0000:00:02.0: reg 0x18: [mem 0xf0000000-0xf01fffff]
[    0.296148] pci 0000:00:03.0: [1022:2000] type 00 class 0x020000
[    0.296817] pci 0000:00:03.0: reg 0x10: [io  0xd020-0xd03f]
[    0.297424] pci 0000:00:03.0: reg 0x14: [mem 0xf0200000-0xf0200fff]
[    0.300872] pci 0000:00:04.0: [80ee:cafe] type 00 class 0x088000
[    0.301545] pci 0000:00:04.0: reg 0x10: [io  0xd040-0xd05f]
[    0.302155] pci 0000:00:04.0: reg 0x14: [mem 0xf0400000-0xf07fffff]
[    0.302769] pci 0000:00:04.0: reg 0x18: [mem 0xf0800000-0xf0803fff pref]
[    0.306027] pci 0000:00:07.0: [8086:7113] type 00 class 0x068000
[    0.307523] pci 0000:00:07.0: quirk: [io  0x4000-0x403f] claimed by PIIX4 ACPI
[    0.307536] pci 0000:00:07.0: quirk: [io  0x4100-0x410f] claimed by PIIX4 SMB
[    0.308117] pci 0000:00:08.0: [1022:2000] type 00 class 0x020000
[    0.308779] pci 0000:00:08.0: reg 0x10: [io  0xd060-0xd07f]
[    0.309384] pci 0000:00:08.0: reg 0x14: [mem 0xf0804000-0xf0804fff]
[    0.312874] pci 0000:00:09.0: [8086:100e] type 00 class 0x020000
[    0.313579] pci 0000:00:09.0: reg 0x10: [mem 0xf0820000-0xf083ffff]
[    0.314784] pci 0000:00:09.0: reg 0x18: [io  0xd080-0xd087]
[    0.324496] ACPI: PCI Interrupt Link [LNKA] (IRQs 5 9 10 *11)
[    0.324778] ACPI: PCI Interrupt Link [LNKB] (IRQs 5 9 *10 11)
[    0.324882] ACPI: PCI Interrupt Link [LNKC] (IRQs 5 *9 10 11)
[    0.324983] ACPI: PCI Interrupt Link [LNKD] (IRQs 5 9 10 *11)
[    0.325204] iommu: Default domain type: Translated 
[    0.325257] pci 0000:00:02.0: vgaarb: setting as boot VGA device
[    0.325259] pci 0000:00:02.0: vgaarb: VGA device added: decodes=io+mem,owns=io+mem,locks=none
[    0.325260] pci 0000:00:02.0: vgaarb: bridge control possible
[    0.325261] vgaarb: loaded
[    0.325451] SCSI subsystem initialized
[    0.325481] libata version 3.00 loaded.
[    0.325504] ACPI: bus type USB registered
[    0.325519] usbcore: registered new interface driver usbfs
[    0.325525] usbcore: registered new interface driver hub
[    0.325531] usbcore: registered new device driver usb
[    0.325554] pps_core: LinuxPPS API ver. 1 registered
[    0.325554] pps_core: Software ver. 5.3.6 - Copyright 2005-2007 Rodolfo Giometti <giometti@linux.it>
[    0.325556] PTP clock support registered
[    0.325591] EDAC MC: Ver: 3.0.0
[    0.325876] PCI: Using ACPI for IRQ routing
[    0.325877] PCI: pci_cache_line_size set to 64 bytes
[    0.326045] e820: reserve RAM buffer [mem 0x0009fc00-0x0009ffff]
[    0.326049] e820: reserve RAM buffer [mem 0x7fff0000-0x7fffffff]
[    0.327529] NetLabel: Initializing
[    0.327530] NetLabel:  domain hash size = 128
[    0.327530] NetLabel:  protocols = UNLABELED CIPSOv4 CALIPSO
[    0.327549] NetLabel:  unlabeled traffic allowed by default
[    0.328434] clocksource: Switched to clocksource kvm-clock
[    0.339535] *** VALIDATE bpf ***
[    0.339535] VFS: Disk quotas dquot_6.6.0
[    0.339535] VFS: Dquot-cache hash table entries: 512 (order 0, 4096 bytes)
[    0.339535] *** VALIDATE ramfs ***
[    0.339535] *** VALIDATE hugetlbfs ***
[    0.339535] AppArmor: AppArmor Filesystem Enabled
[    0.339535] pnp: PnP ACPI init
[    0.339535] pnp 00:00: Plug and Play ACPI device, IDs PNP0303 (active)
[    0.342132] pnp 00:01: Plug and Play ACPI device, IDs PNP0f03 (active)
[    0.342894] pnp: PnP ACPI: found 2 devices
[    0.343862] thermal_sys: Registered thermal governor 'fair_share'
[    0.343863] thermal_sys: Registered thermal governor 'bang_bang'
[    0.343863] thermal_sys: Registered thermal governor 'step_wise'
[    0.343864] thermal_sys: Registered thermal governor 'user_space'
[    0.343865] thermal_sys: Registered thermal governor 'power_allocator'
[    0.348394] clocksource: acpi_pm: mask: 0xffffff max_cycles: 0xffffff, max_idle_ns: 2085701024 ns
[    0.348431] pci_bus 0000:00: resource 4 [io  0x0000-0x0cf7 window]
[    0.348433] pci_bus 0000:00: resource 5 [io  0x0d00-0xffff window]
[    0.348434] pci_bus 0000:00: resource 6 [mem 0x000a0000-0x000bffff window]
[    0.348435] pci_bus 0000:00: resource 7 [mem 0x80000000-0xfdffffff window]
[    0.348489] NET: Registered protocol family 2
[    0.348562] IP idents hash table entries: 32768 (order: 6, 262144 bytes, linear)
[    0.348954] MPTCP tokens hash table entries: 8192 (order: 4, 65536 bytes, linear)
[    0.348973] MPTCP request tokens hash table entries: 8192 (order: 4, 65536 bytes, linear)
[    0.348998] default registered
[    0.348999] default registered
[    0.348999] MPTCP: Stable release v0.96
[    0.349004] tcp_listen_portaddr_hash hash table entries: 1024 (order: 2, 16384 bytes, linear)
[    0.349081] TCP established hash table entries: 16384 (order: 5, 131072 bytes, linear)
[    0.349141] TCP bind hash table entries: 16384 (order: 6, 262144 bytes, linear)
[    0.349167] TCP: Hash tables configured (established 16384 bind 16384)
[    0.349892] UDP hash table entries: 1024 (order: 3, 32768 bytes, linear)
[    0.349904] UDP-Lite hash table entries: 1024 (order: 3, 32768 bytes, linear)
[    0.349936] NET: Registered protocol family 1
[    0.349945] NET: Registered protocol family 44
[    0.349965] pci 0000:00:00.0: Limiting direct PCI/PCI transfers
[    0.349977] pci 0000:00:01.0: Activating ISA DMA hang workarounds
[    0.350035] pci 0000:00:02.0: Video device with shadowed ROM at [mem 0x000c0000-0x000dffff]
[    0.350100] PCI: CLS 0 bytes, default 64
[    0.350143] Trying to unpack rootfs image as initramfs...
[    0.519027] Freeing initrd memory: 47868K
[    0.519027] clocksource: tsc: mask: 0xffffffffffffffff max_cycles: 0x1e4530a99b6, max_idle_ns: 440795257976 ns
[    0.519027] clocksource: Switched to clocksource tsc
[    0.519027] platform rtc_cmos: registered platform RTC device (no PNP device found)
[    0.519027] check: Scanning for low memory corruption every 60 seconds
[    0.519027] Initialise system trusted keyrings
[    0.519027] Key type blacklist registered
[    0.519027] workingset: timestamp_bits=36 max_order=19 bucket_order=0
[    0.519027] zbud: loaded
[    0.519027] squashfs: version 4.0 (2009/01/31) Phillip Lougher
[    0.519027] fuse: init (API version 7.31)
[    0.519027] *** VALIDATE fuse ***
[    0.519027] *** VALIDATE fuse ***
[    0.519027] Platform Keyring initialized
[    0.531260] Key type asymmetric registered
[    0.531261] Asymmetric key parser 'x509' registered
[    0.531271] Block layer SCSI generic (bsg) driver version 0.4 loaded (major 244)
[    0.531307] io scheduler mq-deadline registered
[    0.531427] shpchp: Standard Hot Plug PCI Controller Driver version: 0.4
[    0.531638] ACPI: AC Adapter [AC] (on-line)
[    0.531682] input: Power Button as /devices/LNXSYSTM:00/LNXPWRBN:00/input/input0
[    0.531713] ACPI: Power Button [PWRF]
[    0.531788] input: Sleep Button as /devices/LNXSYSTM:00/LNXSLPBN:00/input/input1
[    0.531803] ACPI: Sleep Button [SLPF]
[    0.532033] Serial: 8250/16550 driver, 32 ports, IRQ sharing enabled
[    0.533203] Linux agpgart interface v0.103
[    0.623023] loop: module loaded
[    0.623157] ata_piix 0000:00:01.1: version 2.13
[    0.623543] scsi host0: ata_piix
[    0.623630] scsi host1: ata_piix
[    0.623656] ata1: PATA max UDMA/33 cmd 0x1f0 ctl 0x3f6 bmdma 0xd000 irq 14
[    0.623657] ata2: PATA max UDMA/33 cmd 0x170 ctl 0x376 bmdma 0xd008 irq 15
[    0.623733] tun: Universal TUN/TAP device driver, 1.6
[    0.624035] PPP generic driver version 2.4.2
[    0.624075] VFIO - User Level meta-driver version: 0.3
[    0.624311] ehci_hcd: USB 2.0 'Enhanced' Host Controller (EHCI) Driver
[    0.624315] ehci-pci: EHCI PCI platform driver
[    0.624327] ehci-platform: EHCI generic platform driver
[    0.624333] ohci_hcd: USB 1.1 'Open' Host Controller (OHCI) Driver
[    0.624334] ohci-pci: OHCI PCI platform driver
[    0.624341] ohci-platform: OHCI generic platform driver
[    0.624345] uhci_hcd: USB Universal Host Controller Interface driver
[    0.624405] i8042: PNP: PS/2 Controller [PNP0303:PS2K,PNP0f03:PS2M] at 0x60,0x64 irq 1,12
[    0.624840] serio: i8042 KBD port at 0x60,0x64 irq 1
[    0.624844] serio: i8042 AUX port at 0x60,0x64 irq 12
[    0.624926] mousedev: PS/2 mouse device common for all mice
[    0.625170] input: AT Translated Set 2 keyboard as /devices/platform/i8042/serio0/input/input2
[    0.625565] rtc_cmos rtc_cmos: registered as rtc0
[    0.625592] rtc_cmos rtc_cmos: alarms up to one day, 114 bytes nvram
[    0.625597] i2c /dev entries driver
[    0.625636] device-mapper: uevent: version 1.0.3
[    0.625678] device-mapper: ioctl: 4.41.0-ioctl (2019-09-16) initialised: dm-devel@redhat.com
[    0.625694] platform eisa.0: Probing EISA bus 0
[    0.625695] platform eisa.0: EISA: Cannot allocate resource for mainboard
[    0.625696] platform eisa.0: Cannot allocate resource for EISA slot 1
[    0.625697] platform eisa.0: Cannot allocate resource for EISA slot 2
[    0.625699] platform eisa.0: Cannot allocate resource for EISA slot 3
[    0.625699] platform eisa.0: Cannot allocate resource for EISA slot 4
[    0.625700] platform eisa.0: Cannot allocate resource for EISA slot 5
[    0.625701] platform eisa.0: Cannot allocate resource for EISA slot 6
[    0.625702] platform eisa.0: Cannot allocate resource for EISA slot 7
[    0.625703] platform eisa.0: Cannot allocate resource for EISA slot 8
[    0.625704] platform eisa.0: EISA: Detected 0 cards
[    0.625707] intel_pstate: CPU model not supported
[    0.625715] ledtrig-cpu: registered to indicate activity on CPUs
[    0.625765] drop_monitor: Initializing network drop monitor service
[    0.625921] NET: Registered protocol family 10
[    0.630960] Segment Routing with IPv6
[    0.630990] fullmesh registered
[    0.630991] ndiffports registered
[    0.630993] binder registered
[    0.630993] roundrobin registered
[    0.630994] redundant registered
[    0.630995] blest registered
[    0.630995] ecf registered
[    0.630996] NET: Registered protocol family 17
[    0.631025] Key type dns_resolver registered
[    0.631122] RAS: Correctable Errors collector initialized.
[    0.631135] IPI shorthand broadcast: enabled
[    0.631148] sched_clock: Marking stable (616165364, 10985182)->(627645776, -495230)
[    0.631194] registered taskstats version 1
[    0.631203] Loading compiled-in X.509 certificates
[    0.631790] Loaded X.509 cert 'Build time autogenerated kernel key: 6909f3744cebb3d0de528d5887b96a727de79b1e'
[    0.631808] zswap: loaded using pool lzo/zbud
[    0.631858] Key type ._fscrypt registered
[    0.631859] Key type .fscrypt registered
[    0.636454] Key type big_key registered
[    0.638628] Key type encrypted registered
[    0.638630] AppArmor: AppArmor sha1 policy hashing enabled
[    0.638637] ima: No TPM chip found, activating TPM-bypass!
[    0.638641] ima: Allocated hash algorithm: sha1
[    0.638646] ima: No architecture policies found
[    0.638654] evm: Initialising EVM extended attributes:
[    0.638655] evm: security.selinux
[    0.638655] evm: security.SMACK64
[    0.638656] evm: security.SMACK64EXEC
[    0.638656] evm: security.SMACK64TRANSMUTE
[    0.638657] evm: security.SMACK64MMAP
[    0.638657] evm: security.apparmor
[    0.638657] evm: security.ima
[    0.638658] evm: security.capability
[    0.638659] evm: HMAC attrs: 0x1
[    0.638946] PM:   Magic number: 10:379:801
[    0.638973] acpi PNP0F03:00: hash matches
[    0.639046] rtc_cmos rtc_cmos: setting system clock to 2026-01-14T20:45:28 UTC (1768423528)
[    0.795775] ata1.00: ATA-6: VBOX HARDDISK, 1.0, max UDMA/133
[    0.795778] ata1.00: 209715200 sectors, multi 128: LBA 
[    0.796378] scsi 0:0:0:0: Direct-Access     ATA      VBOX HARDDISK    1.0  PQ: 0 ANSI: 5
[    0.796631] sd 0:0:0:0: [sda] 209715200 512-byte logical blocks: (107 GB/100 GiB)
[    0.796642] sd 0:0:0:0: [sda] Write Protect is off
[    0.796645] sd 0:0:0:0: [sda] Mode Sense: 00 3a 00 00
[    0.796663] sd 0:0:0:0: [sda] Write cache: enabled, read cache: enabled, doesn't support DPO or FUA
[    0.796871] sd 0:0:0:0: Attached scsi generic sg0 type 0
[    0.797966]  sda: sda1 sda2
[    0.807337] sd 0:0:0:0: [sda] Attached SCSI disk
[    0.810296] Freeing unused decrypted memory: 2040K
[    0.811192] Freeing unused kernel image memory: 2728K
[    0.811194] Write protecting the kernel read-only data: 22528k
[    0.812119] Freeing unused kernel image memory: 2036K
[    0.812633] Freeing unused kernel image memory: 1432K
[    0.835854] x86/mm: Checked W+X mappings: passed, no W+X pages found.
[    0.835858] Run /init as init process
[    0.936133] ACPI: Video Device [GFX0] (multi-head: yes  rom: no  post: no)
[    0.936203] input: Video Bus as /devices/LNXSYSTM:00/LNXSYBUS:00/PNP0A03:00/LNXVIDEO:00/input/input4
[    0.948422] pcnet32: pcnet32.c:v1.35 21.Apr.2008 tsbogend@alpha.franken.de
[    0.949944] piix4_smbus 0000:00:07.0: SMBus Host Controller at 0x4100, revision 0
[    0.955644] e1000: Intel(R) PRO/1000 Network Driver - version 7.3.21-k8-NAPI
[    0.955644] e1000: Copyright (c) 1999-2006 Intel Corporation.
[    0.957874] pcnet32: PCnet/FAST III 79C973 at 0xd020, 08:00:27:b9:39:e9 assigned IRQ 19
[    0.957919] pcnet32: Found PHY 0022:561b at address 0
[    0.958215] pcnet32: eth0: registered as PCnet/FAST III 79C973
[    0.968374] pcnet32: PCnet/FAST III 79C973 at 0xd060, 08:00:27:df:c0:5a assigned IRQ 16
[    0.968417] pcnet32: Found PHY 0022:561b at address 0
[    0.968711] pcnet32: eth1: registered as PCnet/FAST III 79C973
[    0.971052] pcnet32: 2 cards_found
[    1.032784] pcnet32 0000:00:03.0 enp0s3: renamed from eth0
[    1.033601] pcnet32 0000:00:08.0 enp0s8: renamed from eth1
[    1.176428] input: ImExPS/2 Generic Explorer Mouse as /devices/platform/i8042/serio1/input/input5
[    1.367273] e1000 0000:00:09.0 eth0: (PCI:33MHz:32-bit) 08:00:27:18:1a:f8
[    1.367277] e1000 0000:00:09.0 eth0: Intel(R) PRO/1000 Network Connection
[    1.368295] e1000 0000:00:09.0 enp0s9: renamed from eth0
[    1.511401] EXT4-fs (sda2): mounted filesystem with ordered data mode. Opts: (null)
[    1.600510] systemd[1]: Inserted module 'autofs4'
[    1.611682] systemd[1]: systemd 245.4-4ubuntu3 running in system mode. (+PAM +AUDIT +SELINUX +IMA +APPARMOR +SMACK +SYSVINIT +UTMP +LIBCRYPTSETUP +GCRYPT +GNUTLS +ACL +XZ +LZ4 +SECCOMP +BLKID +ELFUTILS +KMOD +IDN2 -IDN +PCRE2 default-hierarchy=hybrid)
[    1.611710] systemd[1]: Detected virtualization oracle.
[    1.611713] systemd[1]: Detected architecture x86-64.
[    1.612978] systemd[1]: Set hostname to <ztg>.
[    1.733352] systemd[1]: /lib/systemd/system/dbus.socket:5: ListenStream= references a path below legacy directory /var/run/, updating /var/run/dbus/system_bus_socket â†’ /run/dbus/system_bus_socket; please update the unit file accordingly.
[    1.786145] systemd[1]: Created slice system-modprobe.slice.
[    1.786323] systemd[1]: Created slice User and Session Slice.
[    1.786365] systemd[1]: Started Forward Password Requests to Wall Directory Watch.
[    1.786516] systemd[1]: Set up automount Arbitrary Executable File Formats File System Automount Point.
[    1.786548] systemd[1]: Reached target User and Group Name Lookups.
[    1.786556] systemd[1]: Reached target Remote File Systems.
[    1.786564] systemd[1]: Reached target Slices.
[    1.787132] systemd[1]: Listening on Syslog Socket.
[    1.787197] systemd[1]: Listening on fsck to fsckd communication Socket.
[    1.787232] systemd[1]: Listening on initctl Compatibility Named Pipe.
[    1.787358] systemd[1]: Listening on Journal Audit Socket.
[    1.787412] systemd[1]: Listening on Journal Socket (/dev/log).
[    1.787478] systemd[1]: Listening on Journal Socket.
[    1.787539] systemd[1]: Listening on udev Control Socket.
[    1.787575] systemd[1]: Listening on udev Kernel Socket.
[    1.788238] systemd[1]: Mounting Huge Pages File System...
[    1.789092] systemd[1]: Mounting POSIX Message Queue File System...
[    1.789927] systemd[1]: Mounting Kernel Debug File System...
[    1.790735] systemd[1]: Mounting Kernel Trace File System...
[    1.792567] systemd[1]: Starting Journal Service...
[    1.813695] systemd[1]: Starting Set the console keyboard layout...
[    1.821619] systemd[1]: Starting Create list of static device nodes for the current kernel...
[    1.823396] systemd[1]: Starting Load Kernel Module drm...
[    1.824391] systemd[1]: Condition check resulted in Set Up Additional Binary Formats being skipped.
[    1.824438] systemd[1]: Condition check resulted in File System Check on Root Device being skipped.
[    1.835778] systemd[1]: Starting Load Kernel Modules...
[    1.843247] systemd[1]: Starting Remount Root and Kernel File Systems...
[    1.851763] systemd[1]: Starting udev Coldplug all Devices...
[    1.879332] systemd[1]: Starting Uncomplicated firewall...
[    1.880463] systemd[1]: Mounted Huge Pages File System.
[    1.880550] systemd[1]: Mounted POSIX Message Queue File System.
[    1.880617] systemd[1]: Mounted Kernel Debug File System.
[    1.880685] systemd[1]: Mounted Kernel Trace File System.
[    1.887022] EXT4-fs (sda2): re-mounted. Opts: errors=remount-ro
[    1.902989] systemd[1]: Finished Create list of static device nodes for the current kernel.
[    1.903954] systemd[1]: modprobe@drm.service: Succeeded.
[    1.911526] systemd[1]: Finished Load Kernel Module drm.
[    1.911870] systemd[1]: Finished Remount Root and Kernel File Systems.
[    1.912610] systemd[1]: Finished Uncomplicated firewall.
[    1.914108] lp: driver loaded but no devices found
[    1.930247] systemd[1]: Condition check resulted in Rebuild Hardware Database being skipped.
[    1.930286] systemd[1]: Condition check resulted in Platform Persistent Storage Archival being skipped.
[    1.930924] systemd[1]: Starting Load/Save Random Seed...
[    1.937057] systemd[1]: Starting Create System Users...
[    1.943064] ppdev: user-space parallel port driver
[    1.948718] systemd[1]: Finished Load/Save Random Seed.
[    1.952636] systemd[1]: Finished Create System Users.
[    1.953296] systemd[1]: Starting Create Static Device Nodes in /dev...
[    2.001645] systemd[1]: Finished udev Coldplug all Devices.
[    2.003671] systemd[1]: Finished Create Static Device Nodes in /dev.
[    2.004391] systemd[1]: Starting udev Kernel Device Manager...
[    2.028394] [drm] DMA map mode: Caching DMA mappings.
[    2.028484] [drm] Capabilities:
[    2.028485] [drm]   Rect copy.
[    2.028485] [drm]   Cursor.
[    2.028485] [drm]   Cursor bypass.
[    2.028486] [drm]   Cursor bypass 2.
[    2.028486] [drm]   Alpha cursor.
[    2.028486] [drm]   Extended Fifo.
[    2.028487] [drm]   Pitchlock.
[    2.028487] [drm]   Irq mask.
[    2.028487] [drm]   GMR.
[    2.028488] [drm]   Traces.
[    2.028488] [drm]   GMR2.
[    2.028488] [drm]   Screen Object 2.
[    2.028489] [drm]   Command Buffers.
[    2.028489] [drm]   Command Buffers 2.
[    2.028490] [drm]   Guest Backed Resources.
[    2.028490] [drm] Max GMR ids is 8192
[    2.028491] [drm] Max number of GMR pages is 1048576
[    2.028491] [drm] Max dedicated hypervisor surface memory is 393216 kiB
[    2.028492] [drm] Maximum display memory size is 131072 kiB
[    2.028493] [drm] VRAM at 0xe0000000 size is 131072 kiB
[    2.028493] [drm] MMIO at 0xf0000000 size is 2048 kiB
[    2.035074] [TTM] Zone  kernel: Available graphics memory: 1011738 KiB
[    2.035075] [TTM] Initializing pool allocator
[    2.035078] [TTM] Initializing DMA pool allocator
[    2.035106] [drm] Supports vblank timestamp caching Rev 2 (21.10.2013).
[    2.035106] [drm] No driver support for vblank timestamp query.
[    2.035316] [drm] Screen Target Display device initialized
[    2.035507] [drm] width 720
[    2.035519] [drm] height 400
[    2.035522] [drm] bpp 32
[    2.036028] [drm] Fifo max 0x00200000 min 0x00001000 cap 0x00000355
[    2.037068] [drm] Using command buffers with DMA pool.
[    2.037072] [drm] DX: no.
[    2.037072] [drm] Atomic: yes.
[    2.037072] [drm] SM4_1: no.
[    2.037091] [drm:vmw_host_log [vmwgfx]] *ERROR* Failed to send host log message.
[    2.038017] [drm:vmw_host_log [vmwgfx]] *ERROR* Failed to send host log message.
[    2.077057] fbcon: svgadrmfb (fb0) is primary device
[    2.079170] Console: switching to colour frame buffer device 100x37
[    2.083402] systemd[1]: Finished Set the console keyboard layout.
[    2.083537] systemd[1]: Reached target Local File Systems (Pre).
[    2.087397] systemd[1]: Mounting Mount unit for bare, revision 5...
[    2.089081] [drm] Initialized vmwgfx 2.15.0 20180704 for 0000:00:02.0 on minor 0
[    2.108450] systemd[1]: Mounting Mount unit for core18, revision 1705...
[    2.110156] systemd[1]: Mounting Mount unit for gnome-3-34-1804, revision 24...
[    2.122141] systemd[1]: Mounting Mount unit for gtk-common-themes, revision 1506...
[    2.130766] systemd[1]: Mounting Mount unit for gtk-common-themes, revision 1535...
[    2.134918] systemd[1]: Mounting Mount unit for snap-store, revision 433...
[    2.158316] systemd[1]: Mounting Mount unit for snapd, revision 25935...
[    2.163331] systemd[1]: Finished Load Kernel Modules.
[    2.169979] systemd[1]: Mounting FUSE Control File System...
[    2.174160] systemd[1]: Mounting Kernel Configuration File System...
[    2.178414] systemd[1]: Starting Apply Kernel Variables...
[    2.194653] systemd[1]: Mounted Mount unit for bare, revision 5.
[    2.194744] systemd[1]: Mounted FUSE Control File System.
[    2.194817] systemd[1]: Mounted Kernel Configuration File System.
[    2.194863] systemd[1]: Condition check resulted in VMware vmblock fuse mount being skipped.
[    2.205269] systemd[1]: Started udev Kernel Device Manager.
[    2.207893] systemd[1]: Starting Show Plymouth Boot Screen...
[    2.216469] systemd[1]: Mounted Mount unit for core18, revision 1705.
[    2.216580] systemd[1]: Mounted Mount unit for gnome-3-34-1804, revision 24.
[    2.224951] systemd[1]: Finished Apply Kernel Variables.
[    2.225483] systemd[1]: Received SIGRTMIN+20 from PID 276 (plymouthd).
[    2.244920] systemd[1]: Started Show Plymouth Boot Screen.
[    2.245165] systemd[1]: Condition check resulted in Dispatch Password Requests to Console Directory Watch being skipped.
[    2.245256] systemd[1]: Started Forward Password Requests to Plymouth Directory Watch.
[    2.245322] systemd[1]: Reached target Local Encrypted Volumes.
[    2.248988] systemd[1]: Mounted Mount unit for gtk-common-themes, revision 1506.
[    2.249203] systemd[1]: Mounted Mount unit for gtk-common-themes, revision 1535.
[    2.283054] systemd[1]: Mounted Mount unit for snapd, revision 25935.
[    2.283313] systemd[1]: Mounted Mount unit for snap-store, revision 433.
[    2.283476] systemd[1]: Reached target Local File Systems.
[    2.284181] systemd[1]: Starting Load AppArmor profiles...
[    2.286570] systemd[1]: Starting Set console font and keymap...
[    2.298136] systemd[1]: Starting Tell Plymouth To Write Out Runtime Data...
[    2.299468] systemd[1]: Condition check resulted in Store a System Token in an EFI Variable being skipped.
[    2.299497] systemd[1]: Condition check resulted in Commit a transient machine-id on disk being skipped.
[    2.301089] systemd[1]: Finished Set console font and keymap.
[    2.306929] systemd[1]: Received SIGRTMIN+20 from PID 276 (plymouthd).
[    2.308638] systemd[1]: plymouth-read-write.service: Succeeded.
[    2.308870] systemd[1]: Finished Tell Plymouth To Write Out Runtime Data.
[    2.346963] audit: type=1400 audit(1768423530.204:2): apparmor="STATUS" operation="profile_load" profile="unconfined" name="nvidia_modprobe" pid=299 comm="apparmor_parser"
[    2.346965] audit: type=1400 audit(1768423530.204:3): apparmor="STATUS" operation="profile_load" profile="unconfined" name="nvidia_modprobe//kmod" pid=299 comm="apparmor_parser"
[    2.353257] audit: type=1400 audit(1768423530.212:4): apparmor="STATUS" operation="profile_load" profile="unconfined" name="/usr/sbin/tcpdump" pid=300 comm="apparmor_parser"
[    2.382613] audit: type=1400 audit(1768423530.232:5): apparmor="STATUS" operation="profile_load" profile="unconfined" name="/usr/bin/evince" pid=302 comm="apparmor_parser"
[    2.382615] audit: type=1400 audit(1768423530.232:6): apparmor="STATUS" operation="profile_load" profile="unconfined" name="/usr/bin/evince//sanitized_helper" pid=302 comm="apparmor_parser"
[    2.382616] audit: type=1400 audit(1768423530.232:7): apparmor="STATUS" operation="profile_load" profile="unconfined" name="/usr/bin/evince-previewer" pid=302 comm="apparmor_parser"
[    2.382618] audit: type=1400 audit(1768423530.232:8): apparmor="STATUS" operation="profile_load" profile="unconfined" name="/usr/bin/evince-previewer//sanitized_helper" pid=302 comm="apparmor_parser"
[    2.382619] audit: type=1400 audit(1768423530.232:9): apparmor="STATUS" operation="profile_load" profile="unconfined" name="/usr/bin/evince-thumbnailer" pid=302 comm="apparmor_parser"
[    2.413038] audit: type=1400 audit(1768423530.272:10): apparmor="STATUS" operation="profile_load" profile="unconfined" name="/usr/lib/cups/backend/cups-pdf" pid=303 comm="apparmor_parser"
[    2.476766] systemd[1]: Finished Load AppArmor profiles.
[    2.477642] systemd[1]: Starting Load AppArmor profiles managed internally by snapd...
[    2.589020] systemd[1]: Finished Load AppArmor profiles managed internally by snapd.
[    2.751717] systemd[1]: Started Journal Service.
[    2.759122] systemd-journald[229]: Received client request to flush runtime journal.
[    2.762797] systemd-journald[229]: File /var/log/journal/c455b248004a419c87ce85eea238d727/system.journal corrupted or uncleanly shut down, renaming and replacing.
[    3.985223] RAPL PMU: API unit is 2^-32 Joules, 0 fixed counters, 10737418240 ms ovfl timer
[    4.026096] cryptd: max_cpu_qlen set to 1000
[    4.085586] AVX2 version of gcm_enc/dec engaged.
[    4.085587] AES CTR mode by8 optimization enabled
[    5.893868] Adding 1998844k swap on /dev/sda1.  Priority:-2 extents:1 across:1998844k FS
[    7.242376] kauditd_printk_skb: 30 callbacks suppressed
[    7.242377] audit: type=1400 audit(1768423535.100:41): apparmor="DENIED" operation="capable" profile="/usr/sbin/cups-browsed" pid=509 comm="cups-browsed" capability=23  capname="sys_nice"
[    8.396333] pcnet32 0000:00:03.0 enp0s3: link up, 100Mbps, full-duplex
[    8.415136] pcnet32 0000:00:08.0 enp0s8: link up, 100Mbps, full-duplex
[    8.456772] e1000: enp0s9 NIC Link is Up 1000 Mbps Full Duplex, Flow Control: RX
[    8.457067] IPv6: ADDRCONF(NETDEV_CHANGE): enp0s9: link becomes ready
[    8.993775] device enp0s3 entered promiscuous mode
[    9.004046] device enp0s8 entered promiscuous mode
[    9.057387] audit: type=1400 audit(1768423536.916:42): apparmor="DENIED" operation="open" profile="/usr/sbin/tcpdump" name="/proc/sys/kernel/random/boot_id" pid=637 comm="tcpdump" requested_mask="r" denied_mask="r" fsuid=0 ouid=0
[    9.063034] audit: type=1400 audit(1768423536.920:43): apparmor="DENIED" operation="open" profile="/usr/sbin/tcpdump" name="/proc/sys/kernel/random/boot_id" pid=636 comm="tcpdump" requested_mask="r" denied_mask="r" fsuid=0 ouid=0
[    9.063558] audit: type=1400 audit(1768423536.920:44): apparmor="DENIED" operation="open" profile="/usr/sbin/tcpdump" name="/proc/sys/kernel/random/boot_id" pid=636 comm="tcpdump" requested_mask="r" denied_mask="r" fsuid=0 ouid=0
[    9.063572] audit: type=1400 audit(1768423536.920:45): apparmor="DENIED" operation="open" profile="/usr/sbin/tcpdump" name="/proc/sys/kernel/random/boot_id" pid=637 comm="tcpdump" requested_mask="r" denied_mask="r" fsuid=0 ouid=0
[    9.063614] audit: type=1400 audit(1768423536.920:46): apparmor="DENIED" operation="open" profile="/usr/sbin/tcpdump" name="/proc/sys/kernel/random/boot_id" pid=636 comm="tcpdump" requested_mask="r" denied_mask="r" fsuid=0 ouid=0
[    9.063645] audit: type=1400 audit(1768423536.920:47): apparmor="DENIED" operation="open" profile="/usr/sbin/tcpdump" name="/proc/sys/kernel/random/boot_id" pid=637 comm="tcpdump" requested_mask="r" denied_mask="r" fsuid=0 ouid=0
[    9.063664] audit: type=1400 audit(1768423536.920:48): apparmor="DENIED" operation="open" profile="/usr/sbin/tcpdump" name="/proc/sys/kernel/random/boot_id" pid=637 comm="tcpdump" requested_mask="r" denied_mask="r" fsuid=0 ouid=0
[    9.063681] audit: type=1400 audit(1768423536.920:49): apparmor="DENIED" operation="open" profile="/usr/sbin/tcpdump" name="/proc/sys/kernel/random/boot_id" pid=636 comm="tcpdump" requested_mask="r" denied_mask="r" fsuid=0 ouid=0
[    9.069643] audit: type=1400 audit(1768423536.928:50): apparmor="DENIED" operation="open" profile="/usr/sbin/tcpdump" name="/proc/sys/kernel/random/boot_id" pid=639 comm="tcpdump" requested_mask="r" denied_mask="r" fsuid=0 ouid=0
[   14.953483] rfkill: input handler disabled
[  245.830773] AAAAA-TCP_RECV: name:enp0s3: saddr:100932208: daddr:16783984: srtt_us:0: RTT:0: ssthresh:2147483647: cwnd:10: delivered:0: lost:0: retrans:0
[  245.830797] AAAAA-TCP_SEND: name:enp0s3: saddr:16783984: daddr:100932208: srtt_us:0: RTT:0: ssthresh:0: cwnd:0: delivered:0: lost:0: retrans:0
[  245.836442] AAAAA-TCP_RECV: name:enp0s3: saddr:100932208: daddr:16783984: srtt_us:0: RTT:0: ssthresh:2147483647: cwnd:10: delivered:0: lost:0: retrans:0
[  245.836454] AAAAA-TCP_SEND: name:enp0s3: saddr:16783984: daddr:100932208: srtt_us:0: RTT:0: ssthresh:0: cwnd:0: delivered:0: lost:0: retrans:0
[  246.145384] AAAAA-TCP_SEND: name:enp0s3: saddr:16783984: daddr:100932208: srtt_us:0: RTT:0: ssthresh:0: cwnd:0: delivered:0: lost:0: retrans:0
[  246.476039] AAAAA-TCP_SEND: name:enp0s3: saddr:16783984: daddr:100932208: srtt_us:5168000: RTT:646000: ssthresh:2147483647: cwnd:10: delivered:1: lost:0: retrans:1
[  246.600269] AAAAA-TCP_RECV: name:enp0s3: saddr:100932208: daddr:16783984: srtt_us:5168000: RTT:646000: ssthresh:2147483647: cwnd:10: delivered:1: lost:0: retrans:1
[  246.600302] AAAAA-TCP_SEND: name:enp0s3: saddr:16783984: daddr:100932208: srtt_us:5168000: RTT:646000: ssthresh:2147483647: cwnd:10: delivered:1: lost:0: retrans:1
[  246.600619] AAAAA-TCP_SEND: name:enp0s3: saddr:16783984: daddr:100932208: srtt_us:5168000: RTT:646000: ssthresh:2147483647: cwnd:10: delivered:1: lost:0: retrans:1
[  246.782537] AAAAA-TCP_RECV: name:enp0s3: saddr:100932208: daddr:16783984: srtt_us:5168000: RTT:646000: ssthresh:2147483647: cwnd:10: delivered:1: lost:0: retrans:1
[  247.033425] AAAAA-TCP_RECV: name:enp0s3: saddr:100932208: daddr:33561200: srtt_us:0: RTT:0: ssthresh:2147483647: cwnd:10: delivered:0: lost:0: retrans:0
[  247.033465] AAAAA-TCP_SEND: name:enp0s3: saddr:33561200: daddr:100932208: srtt_us:0: RTT:0: ssthresh:0: cwnd:0: delivered:0: lost:0: retrans:0
[  247.061627] AAAAA-TCP_RECV: name:enp0s3: saddr:100932208: daddr:16783984: srtt_us:5168000: RTT:646000: ssthresh:2147483647: cwnd:10: delivered:1: lost:0: retrans:1
[  247.167822] AAAAA-TCP_RECV: name:enp0s3: saddr:100932208: daddr:16783984: srtt_us:4983028: RTT:622878: ssthresh:2147483647: cwnd:10: delivered:2: lost:0: retrans:1
[  247.167857] AAAAA-TCP_SEND: name:enp0s3: saddr:16783984: daddr:100932208: srtt_us:4983028: RTT:622878: ssthresh:2147483647: cwnd:10: delivered:2: lost:0: retrans:1
[  247.356675] AAAAA-TCP_SEND: name:enp0s3: saddr:33561200: daddr:100932208: srtt_us:2585544: RTT:323193: ssthresh:2147483647: cwnd:10: delivered:1: lost:0: retrans:0
[  247.484808] AAAAA-TCP_RECV: name:enp0s3: saddr:100932208: daddr:16783984: srtt_us:4983028: RTT:622878: ssthresh:2147483647: cwnd:10: delivered:2: lost:0: retrans:1
[  247.484838] AAAAA-TCP_SEND: name:enp0s3: saddr:16783984: daddr:100932208: srtt_us:4983028: RTT:622878: ssthresh:2147483647: cwnd:10: delivered:2: lost:0: retrans:1
[  247.484963] AAAAA-TCP_SEND: name:enp0s3: saddr:33561200: daddr:100932208: srtt_us:2585544: RTT:323193: ssthresh:2147483647: cwnd:10: delivered:1: lost:0: retrans:0
[  247.744328] AAAAA-TCP_RECV: name:enp0s3: saddr:100932208: daddr:33561200: srtt_us:2585544: RTT:323193: ssthresh:2147483647: cwnd:10: delivered:1: lost:0: retrans:0
[  247.791534] AAAAA-TCP_RECV: name:enp0s3: saddr:100932208: daddr:16783984: srtt_us:0: RTT:0: ssthresh:2147483647: cwnd:10: delivered:0: lost:0: retrans:0
[  247.791565] AAAAA-TCP_SEND: name:enp0s3: saddr:16783984: daddr:100932208: srtt_us:0: RTT:0: ssthresh:0: cwnd:0: delivered:0: lost:0: retrans:0
[  247.922098] AAAAA-TCP_SEND: name:enp0s3: saddr:16783984: daddr:100932208: srtt_us:1044112: RTT:130514: ssthresh:2147483647: cwnd:10: delivered:1: lost:0: retrans:0
[  248.156658] AAAAA-TCP_RECV: name:enp0s3: saddr:100932208: daddr:16783984: srtt_us:1044112: RTT:130514: ssthresh:2147483647: cwnd:10: delivered:1: lost:0: retrans:0
[  248.156714] AAAAA-TCP_SEND: name:enp0s3: saddr:16783984: daddr:100932208: srtt_us:1044112: RTT:130514: ssthresh:2147483647: cwnd:10: delivered:1: lost:0: retrans:0
[  248.158583] AAAAA-TCP_SEND: name:enp0s3: saddr:33561200: daddr:100932208: srtt_us:2521737: RTT:315217: ssthresh:2147483647: cwnd:10: delivered:2: lost:0: retrans:0
[  248.397588] AAAAA-TCP_RECV: name:enp0s3: saddr:100932208: daddr:33561200: srtt_us:0: RTT:0: ssthresh:2147483647: cwnd:10: delivered:0: lost:0: retrans:0
[  248.397629] AAAAA-TCP_SEND: name:enp0s3: saddr:33561200: daddr:100932208: srtt_us:0: RTT:0: ssthresh:0: cwnd:0: delivered:0: lost:0: retrans:0
[  248.576416] AAAAA-TCP_RECV: name:enp0s3: saddr:100932208: daddr:33561200: srtt_us:2521737: RTT:315217: ssthresh:2147483647: cwnd:10: delivered:2: lost:0: retrans:0
[  248.576456] AAAAA-TCP_SEND: name:enp0s3: saddr:33561200: daddr:100932208: srtt_us:2521737: RTT:315217: ssthresh:2147483647: cwnd:10: delivered:2: lost:0: retrans:0
[  248.604095] AAAAA-TCP_SEND: name:enp0s3: saddr:33561200: daddr:100932208: srtt_us:1651648: RTT:206456: ssthresh:2147483647: cwnd:10: delivered:1: lost:0: retrans:0
[  248.746145] AAAAA-TCP_RECV: name:enp0s3: saddr:100932208: daddr:33561200: srtt_us:2624406: RTT:328050: ssthresh:2147483647: cwnd:10: delivered:3: lost:0: retrans:0
[  248.800101] AAAAA-TCP_RECV: name:enp0s3: saddr:100932208: daddr:16783984: srtt_us:1044112: RTT:130514: ssthresh:2147483647: cwnd:10: delivered:1: lost:0: retrans:0
[  248.800130] AAAAA-TCP_SEND: name:enp0s3: saddr:16783984: daddr:100932208: srtt_us:1044112: RTT:130514: ssthresh:2147483647: cwnd:10: delivered:1: lost:0: retrans:0
[  248.971940] AAAAA-TCP_RECV: name:enp0s3: saddr:100932208: daddr:16783984: srtt_us:1044112: RTT:130514: ssthresh:2147483647: cwnd:10: delivered:1: lost:0: retrans:0
[  248.971989] AAAAA-TCP_SEND: name:enp0s3: saddr:16783984: daddr:100932208: srtt_us:1044112: RTT:130514: ssthresh:2147483647: cwnd:10: delivered:1: lost:0: retrans:0
[  249.160493] AAAAA-TCP_RECV: name:enp0s3: saddr:100932208: daddr:16783984: srtt_us:1044112: RTT:130514: ssthresh:2147483647: cwnd:10: delivered:1: lost:0: retrans:0
[  249.160533] AAAAA-TCP_SEND: name:enp0s3: saddr:16783984: daddr:100932208: srtt_us:1044112: RTT:130514: ssthresh:2147483647: cwnd:10: delivered:1: lost:0: retrans:0
[  249.338988] AAAAA-TCP_RECV: name:enp0s3: saddr:100932208: daddr:16783984: srtt_us:1044112: RTT:130514: ssthresh:2147483647: cwnd:10: delivered:1: lost:0: retrans:0
[  249.339024] AAAAA-TCP_SEND: name:enp0s3: saddr:16783984: daddr:100932208: srtt_us:1044112: RTT:130514: ssthresh:2147483647: cwnd:10: delivered:1: lost:0: retrans:0
[  249.481789] AAAAA-TCP_RECV: name:enp0s3: saddr:100932208: daddr:16783984: srtt_us:1044112: RTT:130514: ssthresh:2147483647: cwnd:10: delivered:1: lost:0: retrans:0
[  249.481826] AAAAA-TCP_SEND: name:enp0s3: saddr:16783984: daddr:100932208: srtt_us:1044112: RTT:130514: ssthresh:2147483647: cwnd:10: delivered:1: lost:0: retrans:0
[  249.575871] AAAAA-TCP_RECV: name:enp0s3: saddr:100932208: daddr:16783984: srtt_us:1044112: RTT:130514: ssthresh:2147483647: cwnd:10: delivered:1: lost:0: retrans:0
[  249.575907] AAAAA-TCP_SEND: name:enp0s3: saddr:16783984: daddr:100932208: srtt_us:1044112: RTT:130514: ssthresh:2147483647: cwnd:10: delivered:1: lost:0: retrans:0
[  249.661953] AAAAA-TCP_RECV: name:enp0s3: saddr:100932208: daddr:16783984: srtt_us:1044112: RTT:130514: ssthresh:2147483647: cwnd:10: delivered:1: lost:0: retrans:0
[  249.661981] AAAAA-TCP_SEND: name:enp0s3: saddr:16783984: daddr:100932208: srtt_us:1044112: RTT:130514: ssthresh:2147483647: cwnd:10: delivered:1: lost:0: retrans:0
[  249.841698] AAAAA-TCP_RECV: name:enp0s3: saddr:100932208: daddr:16783984: srtt_us:1044112: RTT:130514: ssthresh:2147483647: cwnd:10: delivered:1: lost:0: retrans:0
[  249.841733] AAAAA-TCP_SEND: name:enp0s3: saddr:16783984: daddr:100932208: srtt_us:1044112: RTT:130514: ssthresh:2147483647: cwnd:10: delivered:1: lost:0: retrans:0
[  249.981911] AAAAA-TCP_RECV: name:enp0s3: saddr:100932208: daddr:16783984: srtt_us:1044112: RTT:130514: ssthresh:2147483647: cwnd:10: delivered:1: lost:0: retrans:0
[  249.981947] AAAAA-TCP_SEND: name:enp0s3: saddr:16783984: daddr:100932208: srtt_us:1044112: RTT:130514: ssthresh:2147483647: cwnd:10: delivered:1: lost:0: retrans:0
[  250.039216] AAAAA-TCP_RECV: name:enp0s3: saddr:100932208: daddr:16783984: srtt_us:1044112: RTT:130514: ssthresh:2147483647: cwnd:10: delivered:1: lost:0: retrans:0
[  250.039245] AAAAA-TCP_SEND: name:enp0s3: saddr:16783984: daddr:100932208: srtt_us:1044112: RTT:130514: ssthresh:2147483647: cwnd:10: delivered:1: lost:0: retrans:0
[  250.107857] AAAAA-TCP_RECV: name:enp0s3: saddr:100932208: daddr:33561200: srtt_us:1651648: RTT:206456: ssthresh:2147483647: cwnd:10: delivered:1: lost:0: retrans:0
[  250.107891] AAAAA-TCP_SEND: name:enp0s3: saddr:33561200: daddr:100932208: srtt_us:1651648: RTT:206456: ssthresh:2147483647: cwnd:10: delivered:1: lost:0: retrans:0
[  250.214505] AAAAA-TCP_RECV: name:enp0s3: saddr:100932208: daddr:33561200: srtt_us:1651648: RTT:206456: ssthresh:2147483647: cwnd:10: delivered:1: lost:0: retrans:0
[  250.214534] AAAAA-TCP_SEND: name:enp0s3: saddr:33561200: daddr:100932208: srtt_us:1651648: RTT:206456: ssthresh:2147483647: cwnd:10: delivered:1: lost:0: retrans:0
[  250.241316] AAAAA-TCP_RECV: name:enp0s3: saddr:100932208: daddr:33561200: srtt_us:1651648: RTT:206456: ssthresh:2147483647: cwnd:10: delivered:1: lost:0: retrans:0
[  250.241341] AAAAA-TCP_SEND: name:enp0s3: saddr:33561200: daddr:100932208: srtt_us:1651648: RTT:206456: ssthresh:2147483647: cwnd:10: delivered:1: lost:0: retrans:0
[  250.350721] AAAAA-TCP_RECV: name:enp0s3: saddr:100932208: daddr:33561200: srtt_us:1651648: RTT:206456: ssthresh:2147483647: cwnd:10: delivered:1: lost:0: retrans:0
[  250.350747] AAAAA-TCP_SEND: name:enp0s3: saddr:33561200: daddr:100932208: srtt_us:1651648: RTT:206456: ssthresh:2147483647: cwnd:10: delivered:1: lost:0: retrans:0
[  250.438598] AAAAA-TCP_RECV: name:enp0s3: saddr:100932208: daddr:33561200: srtt_us:1651648: RTT:206456: ssthresh:2147483647: cwnd:10: delivered:1: lost:0: retrans:0
[  250.438626] AAAAA-TCP_SEND: name:enp0s3: saddr:33561200: daddr:100932208: srtt_us:1651648: RTT:206456: ssthresh:2147483647: cwnd:10: delivered:1: lost:0: retrans:0
[  250.520808] AAAAA-TCP_RECV: name:enp0s3: saddr:100932208: daddr:33561200: srtt_us:1651648: RTT:206456: ssthresh:2147483647: cwnd:10: delivered:1: lost:0: retrans:0
[  250.520826] AAAAA-TCP_SEND: name:enp0s3: saddr:33561200: daddr:100932208: srtt_us:1651648: RTT:206456: ssthresh:2147483647: cwnd:10: delivered:1: lost:0: retrans:0
[  250.758309] AAAAA-TCP_RECV: name:enp0s3: saddr:100932208: daddr:33561200: srtt_us:1651648: RTT:206456: ssthresh:2147483647: cwnd:10: delivered:1: lost:0: retrans:0
[  250.758351] AAAAA-TCP_SEND: name:enp0s3: saddr:33561200: daddr:100932208: srtt_us:1651648: RTT:206456: ssthresh:2147483647: cwnd:10: delivered:1: lost:0: retrans:0
[  250.804785] AAAAA-TCP_RECV: name:enp0s3: saddr:100932208: daddr:33561200: srtt_us:1651648: RTT:206456: ssthresh:2147483647: cwnd:10: delivered:1: lost:0: retrans:0
[  250.804812] AAAAA-TCP_SEND: name:enp0s3: saddr:33561200: daddr:100932208: srtt_us:1651648: RTT:206456: ssthresh:2147483647: cwnd:10: delivered:1: lost:0: retrans:0
[  250.900385] AAAAA-TCP_RECV: name:enp0s3: saddr:100932208: daddr:33561200: srtt_us:1651648: RTT:206456: ssthresh:2147483647: cwnd:10: delivered:1: lost:0: retrans:0
[  250.900418] AAAAA-TCP_SEND: name:enp0s3: saddr:33561200: daddr:100932208: srtt_us:1651648: RTT:206456: ssthresh:2147483647: cwnd:10: delivered:1: lost:0: retrans:0
[  250.950538] AAAAA-TCP_RECV: name:enp0s3: saddr:100932208: daddr:33561200: srtt_us:1651648: RTT:206456: ssthresh:2147483647: cwnd:10: delivered:1: lost:0: retrans:0
[  250.950567] AAAAA-TCP_SEND: name:enp0s3: saddr:33561200: daddr:100932208: srtt_us:1651648: RTT:206456: ssthresh:2147483647: cwnd:10: delivered:1: lost:0: retrans:0
[  251.029760] AAAAA-TCP_RECV: name:enp0s3: saddr:100932208: daddr:16783984: srtt_us:1044112: RTT:130514: ssthresh:2147483647: cwnd:10: delivered:1: lost:0: retrans:0
[  251.029783] AAAAA-TCP_SEND: name:enp0s3: saddr:16783984: daddr:100932208: srtt_us:1044112: RTT:130514: ssthresh:2147483647: cwnd:10: delivered:1: lost:0: retrans:0
[  251.115803] AAAAA-TCP_RECV: name:enp0s3: saddr:100932208: daddr:33561200: srtt_us:1651648: RTT:206456: ssthresh:2147483647: cwnd:10: delivered:1: lost:0: retrans:0
[  251.115832] AAAAA-TCP_SEND: name:enp0s3: saddr:33561200: daddr:100932208: srtt_us:1651648: RTT:206456: ssthresh:2147483647: cwnd:10: delivered:1: lost:0: retrans:0
[  251.277216] AAAAA-TCP_RECV: name:enp0s3: saddr:100932208: daddr:16783984: srtt_us:1044112: RTT:130514: ssthresh:2147483647: cwnd:10: delivered:1: lost:0: retrans:0
[  251.277249] AAAAA-TCP_SEND: name:enp0s3: saddr:16783984: daddr:100932208: srtt_us:1044112: RTT:130514: ssthresh:2147483647: cwnd:10: delivered:1: lost:0: retrans:0
[  251.359988] AAAAA-TCP_RECV: name:enp0s3: saddr:100932208: daddr:16783984: srtt_us:1044112: RTT:130514: ssthresh:2147483647: cwnd:10: delivered:1: lost:0: retrans:0
[  251.360018] AAAAA-TCP_SEND: name:enp0s3: saddr:16783984: daddr:100932208: srtt_us:1044112: RTT:130514: ssthresh:2147483647: cwnd:10: delivered:1: lost:0: retrans:0
[  251.415897] AAAAA-TCP_RECV: name:enp0s3: saddr:100932208: daddr:16783984: srtt_us:1044112: RTT:130514: ssthresh:2147483647: cwnd:10: delivered:1: lost:0: retrans:0
[  251.415926] AAAAA-TCP_SEND: name:enp0s3: saddr:16783984: daddr:100932208: srtt_us:1044112: RTT:130514: ssthresh:2147483647: cwnd:10: delivered:1: lost:0: retrans:0
[  251.528055] AAAAA-TCP_RECV: name:enp0s3: saddr:100932208: daddr:16783984: srtt_us:1044112: RTT:130514: ssthresh:2147483647: cwnd:10: delivered:1: lost:0: retrans:0
[  251.528121] AAAAA-TCP_SEND: name:enp0s3: saddr:16783984: daddr:100932208: srtt_us:1044112: RTT:130514: ssthresh:2147483647: cwnd:10: delivered:1: lost:0: retrans:0
[  251.552467] AAAAA-TCP_RECV: name:enp0s3: saddr:100932208: daddr:16783984: srtt_us:1044112: RTT:130514: ssthresh:2147483647: cwnd:10: delivered:1: lost:0: retrans:0
[  251.552530] AAAAA-TCP_SEND: name:enp0s3: saddr:16783984: daddr:100932208: srtt_us:1044112: RTT:130514: ssthresh:2147483647: cwnd:10: delivered:1: lost:0: retrans:0
[  251.671200] AAAAA-TCP_RECV: name:enp0s3: saddr:100932208: daddr:16783984: srtt_us:1044112: RTT:130514: ssthresh:2147483647: cwnd:10: delivered:1: lost:0: retrans:0
[  251.671269] AAAAA-TCP_SEND: name:enp0s3: saddr:16783984: daddr:100932208: srtt_us:1044112: RTT:130514: ssthresh:2147483647: cwnd:10: delivered:1: lost:0: retrans:0
[  251.766571] AAAAA-TCP_RECV: name:enp0s3: saddr:100932208: daddr:33561200: srtt_us:1651648: RTT:206456: ssthresh:2147483647: cwnd:10: delivered:1: lost:0: retrans:0
[  251.766598] AAAAA-TCP_SEND: name:enp0s3: saddr:33561200: daddr:100932208: srtt_us:1651648: RTT:206456: ssthresh:2147483647: cwnd:10: delivered:1: lost:0: retrans:0
[  251.975765] AAAAA-TCP_RECV: name:enp0s3: saddr:100932208: daddr:16783984: srtt_us:1044112: RTT:130514: ssthresh:2147483647: cwnd:10: delivered:1: lost:0: retrans:0
[  251.975799] AAAAA-TCP_SEND: name:enp0s3: saddr:16783984: daddr:100932208: srtt_us:1044112: RTT:130514: ssthresh:2147483647: cwnd:10: delivered:1: lost:0: retrans:0
[  252.059670] AAAAA-TCP_RECV: name:enp0s3: saddr:100932208: daddr:16783984: srtt_us:1044112: RTT:130514: ssthresh:2147483647: cwnd:10: delivered:1: lost:0: retrans:0
[  252.059703] AAAAA-TCP_SEND: name:enp0s3: saddr:16783984: daddr:100932208: srtt_us:1044112: RTT:130514: ssthresh:2147483647: cwnd:10: delivered:1: lost:0: retrans:0
[  252.285016] AAAAA-TCP_RECV: name:enp0s3: saddr:100932208: daddr:16783984: srtt_us:1044112: RTT:130514: ssthresh:2147483647: cwnd:10: delivered:1: lost:0: retrans:0
[  252.285052] AAAAA-TCP_SEND: name:enp0s3: saddr:16783984: daddr:100932208: srtt_us:1044112: RTT:130514: ssthresh:2147483647: cwnd:10: delivered:1: lost:0: retrans:0
[  252.360772] AAAAA-TCP_RECV: name:enp0s3: saddr:100932208: daddr:16783984: srtt_us:1044112: RTT:130514: ssthresh:2147483647: cwnd:10: delivered:1: lost:0: retrans:0
[  252.360804] AAAAA-TCP_SEND: name:enp0s3: saddr:16783984: daddr:100932208: srtt_us:1044112: RTT:130514: ssthresh:2147483647: cwnd:10: delivered:1: lost:0: retrans:0
[  252.436313] AAAAA-TCP_RECV: name:enp0s3: saddr:100932208: daddr:16783984: srtt_us:1044112: RTT:130514: ssthresh:2147483647: cwnd:10: delivered:1: lost:0: retrans:0
[  252.436343] AAAAA-TCP_SEND: name:enp0s3: saddr:16783984: daddr:100932208: srtt_us:1044112: RTT:130514: ssthresh:2147483647: cwnd:10: delivered:1: lost:0: retrans:0
[  252.537080] AAAAA-TCP_RECV: name:enp0s3: saddr:100932208: daddr:16783984: srtt_us:1044112: RTT:130514: ssthresh:2147483647: cwnd:10: delivered:1: lost:0: retrans:0
[  252.537113] AAAAA-TCP_SEND: name:enp0s3: saddr:16783984: daddr:100932208: srtt_us:1044112: RTT:130514: ssthresh:2147483647: cwnd:10: delivered:1: lost:0: retrans:0
[  252.592790] AAAAA-TCP_RECV: name:enp0s3: saddr:100932208: daddr:16783984: srtt_us:1044112: RTT:130514: ssthresh:2147483647: cwnd:10: delivered:1: lost:0: retrans:0
[  252.592820] AAAAA-TCP_SEND: name:enp0s3: saddr:16783984: daddr:100932208: srtt_us:1044112: RTT:130514: ssthresh:2147483647: cwnd:10: delivered:1: lost:0: retrans:0
[  252.737118] AAAAA-TCP_RECV: name:enp0s3: saddr:100932208: daddr:16783984: srtt_us:1044112: RTT:130514: ssthresh:2147483647: cwnd:10: delivered:1: lost:0: retrans:0
[  252.737146] AAAAA-TCP_SEND: name:enp0s3: saddr:16783984: daddr:100932208: srtt_us:1044112: RTT:130514: ssthresh:2147483647: cwnd:10: delivered:1: lost:0: retrans:0
[  252.899726] AAAAA-TCP_RECV: name:enp0s3: saddr:100932208: daddr:16783984: srtt_us:1044112: RTT:130514: ssthresh:2147483647: cwnd:10: delivered:1: lost:0: retrans:0
[  252.899759] AAAAA-TCP_SEND: name:enp0s3: saddr:16783984: daddr:100932208: srtt_us:1044112: RTT:130514: ssthresh:2147483647: cwnd:10: delivered:1: lost:0: retrans:0
[  252.950681] AAAAA-TCP_RECV: name:enp0s3: saddr:100932208: daddr:16783984: srtt_us:1044112: RTT:130514: ssthresh:2147483647: cwnd:10: delivered:1: lost:0: retrans:0
[  252.950708] AAAAA-TCP_SEND: name:enp0s3: saddr:16783984: daddr:100932208: srtt_us:1044112: RTT:130514: ssthresh:2147483647: cwnd:10: delivered:1: lost:0: retrans:0
[  253.042503] AAAAA-TCP_RECV: name:enp0s3: saddr:100932208: daddr:16783984: srtt_us:1044112: RTT:130514: ssthresh:2147483647: cwnd:10: delivered:1: lost:0: retrans:0
[  253.083024] AAAAA-TCP_SEND: name:enp0s3: saddr:16783984: daddr:100932208: srtt_us:1044112: RTT:130514: ssthresh:2147483647: cwnd:10: delivered:1: lost:0: retrans:0
[  253.126435] AAAAA-TCP_RECV: name:enp0s3: saddr:100932208: daddr:16783984: srtt_us:1044112: RTT:130514: ssthresh:2147483647: cwnd:10: delivered:1: lost:0: retrans:0
[  253.172297] AAAAA-TCP_RECV: name:enp0s3: saddr:100932208: daddr:33561200: srtt_us:1651648: RTT:206456: ssthresh:2147483647: cwnd:10: delivered:1: lost:0: retrans:0
[  253.172321] AAAAA-TCP_SEND: name:enp0s3: saddr:33561200: daddr:100932208: srtt_us:1651648: RTT:206456: ssthresh:2147483647: cwnd:10: delivered:1: lost:0: retrans:0
[  253.207021] AAAAA-TCP_SEND: name:enp0s3: saddr:16783984: daddr:100932208: srtt_us:1044112: RTT:130514: ssthresh:2147483647: cwnd:10: delivered:1: lost:0: retrans:0
[  253.288773] AAAAA-TCP_RECV: name:enp0s3: saddr:100932208: daddr:16783984: srtt_us:1044112: RTT:130514: ssthresh:2147483647: cwnd:10: delivered:1: lost:0: retrans:0
[  253.351889] AAAAA-TCP_RECV: name:enp0s3: saddr:100932208: daddr:16783984: srtt_us:1044112: RTT:130514: ssthresh:2147483647: cwnd:10: delivered:1: lost:0: retrans:0
[  253.351917] AAAAA-TCP_SEND: name:enp0s3: saddr:16783984: daddr:100932208: srtt_us:1044112: RTT:130514: ssthresh:2147483647: cwnd:10: delivered:1: lost:0: retrans:0
[  253.442951] AAAAA-TCP_RECV: name:enp0s3: saddr:100932208: daddr:33561200: srtt_us:1651648: RTT:206456: ssthresh:2147483647: cwnd:10: delivered:1: lost:0: retrans:0
[  253.443027] AAAAA-TCP_SEND: name:enp0s3: saddr:33561200: daddr:100932208: srtt_us:1651648: RTT:206456: ssthresh:2147483647: cwnd:10: delivered:1: lost:0: retrans:0
[  253.515578] AAAAA-TCP_RECV: name:enp0s3: saddr:100932208: daddr:33561200: srtt_us:1651648: RTT:206456: ssthresh:2147483647: cwnd:10: delivered:1: lost:0: retrans:0
[  253.515617] AAAAA-TCP_SEND: name:enp0s3: saddr:33561200: daddr:100932208: srtt_us:1651648: RTT:206456: ssthresh:2147483647: cwnd:10: delivered:1: lost:0: retrans:0
[  253.669568] AAAAA-TCP_RECV: name:enp0s3: saddr:100932208: daddr:33561200: srtt_us:1651648: RTT:206456: ssthresh:2147483647: cwnd:10: delivered:1: lost:0: retrans:0
[  253.669639] AAAAA-TCP_SEND: name:enp0s3: saddr:33561200: daddr:100932208: srtt_us:1651648: RTT:206456: ssthresh:2147483647: cwnd:10: delivered:1: lost:0: retrans:0
[  253.843765] AAAAA-TCP_RECV: name:enp0s3: saddr:100932208: daddr:33561200: srtt_us:1651648: RTT:206456: ssthresh:2147483647: cwnd:10: delivered:1: lost:0: retrans:0
[  253.843856] AAAAA-TCP_SEND: name:enp0s3: saddr:33561200: daddr:100932208: srtt_us:1651648: RTT:206456: ssthresh:2147483647: cwnd:10: delivered:1: lost:0: retrans:0
[  253.894914] AAAAA-TCP_RECV: name:enp0s3: saddr:100932208: daddr:33561200: srtt_us:1651648: RTT:206456: ssthresh:2147483647: cwnd:10: delivered:1: lost:0: retrans:0
[  253.894973] AAAAA-TCP_SEND: name:enp0s3: saddr:33561200: daddr:100932208: srtt_us:1651648: RTT:206456: ssthresh:2147483647: cwnd:10: delivered:1: lost:0: retrans:0
[  254.187279] AAAAA-TCP_RECV: name:enp0s3: saddr:100932208: daddr:33561200: srtt_us:1651648: RTT:206456: ssthresh:2147483647: cwnd:10: delivered:1: lost:0: retrans:0
[  254.187314] AAAAA-TCP_SEND: name:enp0s3: saddr:33561200: daddr:100932208: srtt_us:1651648: RTT:206456: ssthresh:2147483647: cwnd:10: delivered:1: lost:0: retrans:0
[  254.307310] AAAAA-TCP_RECV: name:enp0s3: saddr:100932208: daddr:33561200: srtt_us:1651648: RTT:206456: ssthresh:2147483647: cwnd:10: delivered:1: lost:0: retrans:0
[  254.307371] AAAAA-TCP_SEND: name:enp0s3: saddr:33561200: daddr:100932208: srtt_us:1651648: RTT:206456: ssthresh:2147483647: cwnd:10: delivered:1: lost:0: retrans:0
[  254.551735] AAAAA-TCP_RECV: name:enp0s3: saddr:100932208: daddr:33561200: srtt_us:1651648: RTT:206456: ssthresh:2147483647: cwnd:10: delivered:1: lost:0: retrans:0
[  254.551770] AAAAA-TCP_SEND: name:enp0s3: saddr:33561200: daddr:100932208: srtt_us:1651648: RTT:206456: ssthresh:2147483647: cwnd:10: delivered:1: lost:0: retrans:0
[  254.795012] AAAAA-TCP_RECV: name:enp0s3: saddr:100932208: daddr:33561200: srtt_us:1651648: RTT:206456: ssthresh:2147483647: cwnd:10: delivered:1: lost:0: retrans:0
[  254.795044] AAAAA-TCP_SEND: name:enp0s3: saddr:33561200: daddr:100932208: srtt_us:1651648: RTT:206456: ssthresh:2147483647: cwnd:10: delivered:1: lost:0: retrans:0
[  254.868593] AAAAA-TCP_RECV: name:enp0s3: saddr:100932208: daddr:33561200: srtt_us:1651648: RTT:206456: ssthresh:2147483647: cwnd:10: delivered:1: lost:0: retrans:0
[  254.868619] AAAAA-TCP_SEND: name:enp0s3: saddr:33561200: daddr:100932208: srtt_us:1651648: RTT:206456: ssthresh:2147483647: cwnd:10: delivered:1: lost:0: retrans:0
[  255.016942] AAAAA-TCP_RECV: name:enp0s3: saddr:100932208: daddr:33561200: srtt_us:1651648: RTT:206456: ssthresh:2147483647: cwnd:10: delivered:1: lost:0: retrans:0
[  255.016958] AAAAA-TCP_SEND: name:enp0s3: saddr:33561200: daddr:100932208: srtt_us:1651648: RTT:206456: ssthresh:2147483647: cwnd:10: delivered:1: lost:0: retrans:0
[  255.059923] AAAAA-TCP_RECV: name:enp0s3: saddr:100932208: daddr:33561200: srtt_us:1651648: RTT:206456: ssthresh:2147483647: cwnd:10: delivered:1: lost:0: retrans:0
[  255.059951] AAAAA-TCP_SEND: name:enp0s3: saddr:33561200: daddr:100932208: srtt_us:1651648: RTT:206456: ssthresh:2147483647: cwnd:10: delivered:1: lost:0: retrans:0
[  255.132582] AAAAA-TCP_RECV: name:enp0s3: saddr:100932208: daddr:33561200: srtt_us:1651648: RTT:206456: ssthresh:2147483647: cwnd:10: delivered:1: lost:0: retrans:0
[  255.132610] AAAAA-TCP_SEND: name:enp0s3: saddr:33561200: daddr:100932208: srtt_us:1651648: RTT:206456: ssthresh:2147483647: cwnd:10: delivered:1: lost:0: retrans:0
[  255.168191] AAAAA-TCP_RECV: name:enp0s3: saddr:100932208: daddr:33561200: srtt_us:1651648: RTT:206456: ssthresh:2147483647: cwnd:10: delivered:1: lost:0: retrans:0
[  255.168219] AAAAA-TCP_SEND: name:enp0s3: saddr:33561200: daddr:100932208: srtt_us:1651648: RTT:206456: ssthresh:2147483647: cwnd:10: delivered:1: lost:0: retrans:0
[  255.238523] AAAAA-TCP_RECV: name:enp0s3: saddr:100932208: daddr:33561200: srtt_us:1651648: RTT:206456: ssthresh:2147483647: cwnd:10: delivered:1: lost:0: retrans:0
[  255.238552] AAAAA-TCP_SEND: name:enp0s3: saddr:33561200: daddr:100932208: srtt_us:1651648: RTT:206456: ssthresh:2147483647: cwnd:10: delivered:1: lost:0: retrans:0
[  255.325074] AAAAA-TCP_RECV: name:enp0s3: saddr:100932208: daddr:33561200: srtt_us:1651648: RTT:206456: ssthresh:2147483647: cwnd:10: delivered:1: lost:0: retrans:0
[  255.325104] AAAAA-TCP_SEND: name:enp0s3: saddr:33561200: daddr:100932208: srtt_us:1651648: RTT:206456: ssthresh:2147483647: cwnd:10: delivered:1: lost:0: retrans:0
[  255.359274] AAAAA-TCP_RECV: name:enp0s3: saddr:100932208: daddr:33561200: srtt_us:1651648: RTT:206456: ssthresh:2147483647: cwnd:10: delivered:1: lost:0: retrans:0
[  255.359301] AAAAA-TCP_SEND: name:enp0s3: saddr:33561200: daddr:100932208: srtt_us:1651648: RTT:206456: ssthresh:2147483647: cwnd:10: delivered:1: lost:0: retrans:0
[  255.449644] AAAAA-TCP_RECV: name:enp0s3: saddr:100932208: daddr:33561200: srtt_us:1651648: RTT:206456: ssthresh:2147483647: cwnd:10: delivered:1: lost:0: retrans:0
[  255.449671] AAAAA-TCP_SEND: name:enp0s3: saddr:33561200: daddr:100932208: srtt_us:1651648: RTT:206456: ssthresh:2147483647: cwnd:10: delivered:1: lost:0: retrans:0
[  255.635664] AAAAA-TCP_RECV: name:enp0s3: saddr:100932208: daddr:16783984: srtt_us:1044112: RTT:130514: ssthresh:2147483647: cwnd:10: delivered:1: lost:0: retrans:0
[  255.635724] AAAAA-TCP_SEND: name:enp0s3: saddr:16783984: daddr:100932208: srtt_us:1044112: RTT:130514: ssthresh:2147483647: cwnd:10: delivered:1: lost:0: retrans:0
[  255.716592] AAAAA-TCP_RECV: name:enp0s3: saddr:100932208: daddr:16783984: srtt_us:1044112: RTT:130514: ssthresh:2147483647: cwnd:10: delivered:1: lost:0: retrans:0
[  255.716658] AAAAA-TCP_SEND: name:enp0s3: saddr:16783984: daddr:100932208: srtt_us:1044112: RTT:130514: ssthresh:2147483647: cwnd:10: delivered:1: lost:0: retrans:0
[  255.803428] AAAAA-TCP_RECV: name:enp0s3: saddr:100932208: daddr:16783984: srtt_us:1044112: RTT:130514: ssthresh:2147483647: cwnd:10: delivered:1: lost:0: retrans:0
[  255.803456] AAAAA-TCP_SEND: name:enp0s3: saddr:16783984: daddr:100932208: srtt_us:1044112: RTT:130514: ssthresh:2147483647: cwnd:10: delivered:1: lost:0: retrans:0
[  255.862966] AAAAA-TCP_RECV: name:enp0s3: saddr:100932208: daddr:16783984: srtt_us:1044112: RTT:130514: ssthresh:2147483647: cwnd:10: delivered:1: lost:0: retrans:0
[  255.863033] AAAAA-TCP_SEND: name:enp0s3: saddr:16783984: daddr:100932208: srtt_us:1044112: RTT:130514: ssthresh:2147483647: cwnd:10: delivered:1: lost:0: retrans:0
[  255.968907] AAAAA-TCP_RECV: name:enp0s3: saddr:100932208: daddr:16783984: srtt_us:1044112: RTT:130514: ssthresh:2147483647: cwnd:10: delivered:1: lost:0: retrans:0
[  255.968980] AAAAA-TCP_SEND: name:enp0s3: saddr:16783984: daddr:100932208: srtt_us:1044112: RTT:130514: ssthresh:2147483647: cwnd:10: delivered:1: lost:0: retrans:0
[  256.045588] AAAAA-TCP_RECV: name:enp0s3: saddr:100932208: daddr:16783984: srtt_us:1044112: RTT:130514: ssthresh:2147483647: cwnd:10: delivered:1: lost:0: retrans:0
[  256.045654] AAAAA-TCP_SEND: name:enp0s3: saddr:16783984: daddr:100932208: srtt_us:1044112: RTT:130514: ssthresh:2147483647: cwnd:10: delivered:1: lost:0: retrans:0
[  256.155462] AAAAA-TCP_RECV: name:enp0s3: saddr:100932208: daddr:16783984: srtt_us:1044112: RTT:130514: ssthresh:2147483647: cwnd:10: delivered:1: lost:0: retrans:0
[  256.155533] AAAAA-TCP_SEND: name:enp0s3: saddr:16783984: daddr:100932208: srtt_us:1044112: RTT:130514: ssthresh:2147483647: cwnd:10: delivered:1: lost:0: retrans:0
[  256.296785] AAAAA-TCP_RECV: name:enp0s3: saddr:100932208: daddr:16783984: srtt_us:1044112: RTT:130514: ssthresh:2147483647: cwnd:10: delivered:1: lost:0: retrans:0
[  256.296871] AAAAA-TCP_SEND: name:enp0s3: saddr:16783984: daddr:100932208: srtt_us:1044112: RTT:130514: ssthresh:2147483647: cwnd:10: delivered:1: lost:0: retrans:0
[  256.376098] AAAAA-TCP_RECV: name:enp0s3: saddr:100932208: daddr:16783984: srtt_us:1044112: RTT:130514: ssthresh:2147483647: cwnd:10: delivered:1: lost:0: retrans:0
[  256.376162] AAAAA-TCP_SEND: name:enp0s3: saddr:16783984: daddr:100932208: srtt_us:1044112: RTT:130514: ssthresh:2147483647: cwnd:10: delivered:1: lost:0: retrans:0
[  256.399175] AAAAA-TCP_RECV: name:enp0s3: saddr:100932208: daddr:16783984: srtt_us:1044112: RTT:130514: ssthresh:2147483647: cwnd:10: delivered:1: lost:0: retrans:0
[  256.399234] AAAAA-TCP_SEND: name:enp0s3: saddr:16783984: daddr:100932208: srtt_us:1044112: RTT:130514: ssthresh:2147483647: cwnd:10: delivered:1: lost:0: retrans:0
[  256.434153] AAAAA-TCP_RECV: name:enp0s3: saddr:100932208: daddr:16783984: srtt_us:1044112: RTT:130514: ssthresh:2147483647: cwnd:10: delivered:1: lost:0: retrans:0
[  256.434213] AAAAA-TCP_SEND: name:enp0s3: saddr:16783984: daddr:100932208: srtt_us:1044112: RTT:130514: ssthresh:2147483647: cwnd:10: delivered:1: lost:0: retrans:0
[  256.550238] AAAAA-TCP_RECV: name:enp0s3: saddr:100932208: daddr:16783984: srtt_us:1044112: RTT:130514: ssthresh:2147483647: cwnd:10: delivered:1: lost:0: retrans:0
[  256.550264] AAAAA-TCP_SEND: name:enp0s3: saddr:16783984: daddr:100932208: srtt_us:1044112: RTT:130514: ssthresh:2147483647: cwnd:10: delivered:1: lost:0: retrans:0
[  256.608705] AAAAA-TCP_RECV: name:enp0s3: saddr:100932208: daddr:16783984: srtt_us:1044112: RTT:130514: ssthresh:2147483647: cwnd:10: delivered:1: lost:0: retrans:0
[  256.608730] AAAAA-TCP_SEND: name:enp0s3: saddr:16783984: daddr:100932208: srtt_us:1044112: RTT:130514: ssthresh:2147483647: cwnd:10: delivered:1: lost:0: retrans:0
[  256.685421] AAAAA-TCP_RECV: name:enp0s3: saddr:100932208: daddr:16783984: srtt_us:1044112: RTT:130514: ssthresh:2147483647: cwnd:10: delivered:1: lost:0: retrans:0
[  256.685446] AAAAA-TCP_SEND: name:enp0s3: saddr:16783984: daddr:100932208: srtt_us:1044112: RTT:130514: ssthresh:2147483647: cwnd:10: delivered:1: lost:0: retrans:0
[  257.113300] AAAAA-TCP_RECV: name:enp0s3: saddr:100932208: daddr:33561200: srtt_us:1651648: RTT:206456: ssthresh:2147483647: cwnd:10: delivered:1: lost:0: retrans:0
[  257.113403] AAAAA-TCP_SEND: name:enp0s3: saddr:33561200: daddr:100932208: srtt_us:1651648: RTT:206456: ssthresh:2147483647: cwnd:10: delivered:1: lost:0: retrans:0
[  257.184109] AAAAA-TCP_RECV: name:enp0s3: saddr:100932208: daddr:33561200: srtt_us:1651648: RTT:206456: ssthresh:2147483647: cwnd:10: delivered:1: lost:0: retrans:0
[  257.184159] AAAAA-TCP_SEND: name:enp0s3: saddr:33561200: daddr:100932208: srtt_us:1651648: RTT:206456: ssthresh:2147483647: cwnd:10: delivered:1: lost:0: retrans:0
[  257.524131] AAAAA-TCP_RECV: name:enp0s3: saddr:100932208: daddr:16783984: srtt_us:1044112: RTT:130514: ssthresh:2147483647: cwnd:10: delivered:1: lost:0: retrans:0
[  257.524171] AAAAA-TCP_SEND: name:enp0s3: saddr:16783984: daddr:100932208: srtt_us:1044112: RTT:130514: ssthresh:2147483647: cwnd:10: delivered:1: lost:0: retrans:0
[  271.879755] AAAAA-TCP_RECV: name:enp0s3: saddr:100932208: daddr:16783984: srtt_us:1044112: RTT:130514: ssthresh:2147483647: cwnd:10: delivered:1: lost:0: retrans:0
[  271.879824] AAAAA-TCP_SEND: name:enp0s3: saddr:16783984: daddr:100932208: srtt_us:1044112: RTT:130514: ssthresh:2147483647: cwnd:10: delivered:1: lost:0: retrans:0
[  272.034133] AAAAA-TCP_RECV: name:enp0s3: saddr:100932208: daddr:16783984: srtt_us:1044112: RTT:130514: ssthresh:2147483647: cwnd:10: delivered:1: lost:0: retrans:0
[  272.034177] AAAAA-TCP_SEND: name:enp0s3: saddr:16783984: daddr:100932208: srtt_us:1044112: RTT:130514: ssthresh:2147483647: cwnd:10: delivered:1: lost:0: retrans:0
[  272.149936] AAAAA-TCP_RECV: name:enp0s3: saddr:100932208: daddr:16783984: srtt_us:1044112: RTT:130514: ssthresh:2147483647: cwnd:10: delivered:1: lost:0: retrans:0
[  272.149964] AAAAA-TCP_SEND: name:enp0s3: saddr:16783984: daddr:100932208: srtt_us:1044112: RTT:130514: ssthresh:2147483647: cwnd:10: delivered:1: lost:0: retrans:0
[  272.295692] AAAAA-TCP_RECV: name:enp0s3: saddr:100932208: daddr:16783984: srtt_us:1044112: RTT:130514: ssthresh:2147483647: cwnd:10: delivered:1: lost:0: retrans:0
[  272.295735] AAAAA-TCP_SEND: name:enp0s3: saddr:16783984: daddr:100932208: srtt_us:1044112: RTT:130514: ssthresh:2147483647: cwnd:10: delivered:1: lost:0: retrans:0
[  272.466274] AAAAA-TCP_RECV: name:enp0s3: saddr:100932208: daddr:16783984: srtt_us:1044112: RTT:130514: ssthresh:2147483647: cwnd:10: delivered:1: lost:0: retrans:0
[  272.466336] AAAAA-TCP_SEND: name:enp0s3: saddr:16783984: daddr:100932208: srtt_us:1044112: RTT:130514: ssthresh:2147483647: cwnd:10: delivered:1: lost:0: retrans:0
[  272.599274] AAAAA-TCP_RECV: name:enp0s3: saddr:100932208: daddr:16783984: srtt_us:1044112: RTT:130514: ssthresh:2147483647: cwnd:10: delivered:1: lost:0: retrans:0
[  272.599324] AAAAA-TCP_SEND: name:enp0s3: saddr:16783984: daddr:100932208: srtt_us:1044112: RTT:130514: ssthresh:2147483647: cwnd:10: delivered:1: lost:0: retrans:0
[  272.691008] AAAAA-TCP_RECV: name:enp0s3: saddr:100932208: daddr:16783984: srtt_us:1044112: RTT:130514: ssthresh:2147483647: cwnd:10: delivered:1: lost:0: retrans:0
[  272.691069] AAAAA-TCP_SEND: name:enp0s3: saddr:16783984: daddr:100932208: srtt_us:1044112: RTT:130514: ssthresh:2147483647: cwnd:10: delivered:1: lost:0: retrans:0
[  272.826835] AAAAA-TCP_RECV: name:enp0s3: saddr:100932208: daddr:16783984: srtt_us:1044112: RTT:130514: ssthresh:2147483647: cwnd:10: delivered:1: lost:0: retrans:0
[  272.826883] AAAAA-TCP_SEND: name:enp0s3: saddr:16783984: daddr:100932208: srtt_us:1044112: RTT:130514: ssthresh:2147483647: cwnd:10: delivered:1: lost:0: retrans:0
[  272.978891] AAAAA-TCP_RECV: name:enp0s3: saddr:100932208: daddr:16783984: srtt_us:1044112: RTT:130514: ssthresh:2147483647: cwnd:10: delivered:1: lost:0: retrans:0
[  272.978931] AAAAA-TCP_SEND: name:enp0s3: saddr:16783984: daddr:100932208: srtt_us:1044112: RTT:130514: ssthresh:2147483647: cwnd:10: delivered:1: lost:0: retrans:0
[  273.109268] AAAAA-TCP_RECV: name:enp0s3: saddr:100932208: daddr:16783984: srtt_us:1044112: RTT:130514: ssthresh:2147483647: cwnd:10: delivered:1: lost:0: retrans:0
[  273.109296] AAAAA-TCP_SEND: name:enp0s3: saddr:16783984: daddr:100932208: srtt_us:1044112: RTT:130514: ssthresh:2147483647: cwnd:10: delivered:1: lost:0: retrans:0
[  273.223944] AAAAA-TCP_RECV: name:enp0s3: saddr:100932208: daddr:16783984: srtt_us:1044112: RTT:130514: ssthresh:2147483647: cwnd:10: delivered:1: lost:0: retrans:0
[  273.223972] AAAAA-TCP_SEND: name:enp0s3: saddr:16783984: daddr:100932208: srtt_us:1044112: RTT:130514: ssthresh:2147483647: cwnd:10: delivered:1: lost:0: retrans:0
[  273.571863] AAAAA-TCP_RECV: name:enp0s3: saddr:100932208: daddr:16783984: srtt_us:1044112: RTT:130514: ssthresh:2147483647: cwnd:10: delivered:1: lost:0: retrans:0
[  273.571901] AAAAA-TCP_SEND: name:enp0s3: saddr:16783984: daddr:100932208: srtt_us:1044112: RTT:130514: ssthresh:2147483647: cwnd:10: delivered:1: lost:0: retrans:0
[  273.736967] AAAAA-TCP_RECV: name:enp0s3: saddr:100932208: daddr:16783984: srtt_us:1044112: RTT:130514: ssthresh:2147483647: cwnd:10: delivered:1: lost:0: retrans:0
[  273.737008] AAAAA-TCP_SEND: name:enp0s3: saddr:16783984: daddr:100932208: srtt_us:1044112: RTT:130514: ssthresh:2147483647: cwnd:10: delivered:1: lost:0: retrans:0
[  273.843262] AAAAA-TCP_RECV: name:enp0s3: saddr:100932208: daddr:16783984: srtt_us:1044112: RTT:130514: ssthresh:2147483647: cwnd:10: delivered:1: lost:0: retrans:0
[  273.843299] AAAAA-TCP_SEND: name:enp0s3: saddr:16783984: daddr:100932208: srtt_us:1044112: RTT:130514: ssthresh:2147483647: cwnd:10: delivered:1: lost:0: retrans:0
[  273.937415] AAAAA-TCP_RECV: name:enp0s3: saddr:100932208: daddr:16783984: srtt_us:1044112: RTT:130514: ssthresh:2147483647: cwnd:10: delivered:1: lost:0: retrans:0
[  273.937443] AAAAA-TCP_SEND: name:enp0s3: saddr:16783984: daddr:100932208: srtt_us:1044112: RTT:130514: ssthresh:2147483647: cwnd:10: delivered:1: lost:0: retrans:0
[  274.094519] AAAAA-TCP_RECV: name:enp0s3: saddr:100932208: daddr:16783984: srtt_us:1044112: RTT:130514: ssthresh:2147483647: cwnd:10: delivered:1: lost:0: retrans:0
[  274.094548] AAAAA-TCP_SEND: name:enp0s3: saddr:16783984: daddr:100932208: srtt_us:1044112: RTT:130514: ssthresh:2147483647: cwnd:10: delivered:1: lost:0: retrans:0
[  274.284687] AAAAA-TCP_RECV: name:enp0s3: saddr:100932208: daddr:16783984: srtt_us:1044112: RTT:130514: ssthresh:2147483647: cwnd:10: delivered:1: lost:0: retrans:0
[  274.327021] AAAAA-TCP_SEND: name:enp0s3: saddr:16783984: daddr:100932208: srtt_us:1044112: RTT:130514: ssthresh:2147483647: cwnd:10: delivered:1: lost:0: retrans:0
[  274.522554] AAAAA-TCP_RECV: name:enp0s3: saddr:100932208: daddr:16783984: srtt_us:1044112: RTT:130514: ssthresh:2147483647: cwnd:10: delivered:1: lost:0: retrans:0
[  274.552407] AAAAA-TCP_RECV: name:enp0s3: saddr:100932208: daddr:33561200: srtt_us:1651648: RTT:206456: ssthresh:2147483647: cwnd:10: delivered:1: lost:0: retrans:0
[  274.552447] AAAAA-TCP_SEND: name:enp0s3: saddr:33561200: daddr:100932208: srtt_us:1651648: RTT:206456: ssthresh:2147483647: cwnd:10: delivered:1: lost:0: retrans:0
[  274.601749] AAAAA-TCP_RECV: name:enp0s3: saddr:100932208: daddr:33561200: srtt_us:1651648: RTT:206456: ssthresh:2147483647: cwnd:10: delivered:1: lost:0: retrans:0
[  274.601793] AAAAA-TCP_SEND: name:enp0s3: saddr:33561200: daddr:100932208: srtt_us:1651648: RTT:206456: ssthresh:2147483647: cwnd:10: delivered:1: lost:0: retrans:0
[  274.603037] AAAAA-TCP_SEND: name:enp0s3: saddr:16783984: daddr:100932208: srtt_us:1044112: RTT:130514: ssthresh:2147483647: cwnd:10: delivered:1: lost:0: retrans:0
[  274.922481] AAAAA-TCP_RECV: name:enp0s3: saddr:100932208: daddr:33561200: srtt_us:1651648: RTT:206456: ssthresh:2147483647: cwnd:10: delivered:1: lost:0: retrans:0
[  274.922529] AAAAA-TCP_SEND: name:enp0s3: saddr:33561200: daddr:100932208: srtt_us:1651648: RTT:206456: ssthresh:2147483647: cwnd:10: delivered:1: lost:0: retrans:0
[  275.111184] AAAAA-TCP_RECV: name:enp0s3: saddr:100932208: daddr:33561200: srtt_us:1651648: RTT:206456: ssthresh:2147483647: cwnd:10: delivered:1: lost:0: retrans:0
[  275.111216] AAAAA-TCP_SEND: name:enp0s3: saddr:33561200: daddr:100932208: srtt_us:1651648: RTT:206456: ssthresh:2147483647: cwnd:10: delivered:1: lost:0: retrans:0
[  275.163469] AAAAA-TCP_RECV: name:enp0s3: saddr:100932208: daddr:33561200: srtt_us:1651648: RTT:206456: ssthresh:2147483647: cwnd:10: delivered:1: lost:0: retrans:0
[  275.163496] AAAAA-TCP_SEND: name:enp0s3: saddr:33561200: daddr:100932208: srtt_us:1651648: RTT:206456: ssthresh:2147483647: cwnd:10: delivered:1: lost:0: retrans:0
[  275.302142] AAAAA-TCP_RECV: name:enp0s3: saddr:100932208: daddr:33561200: srtt_us:1651648: RTT:206456: ssthresh:2147483647: cwnd:10: delivered:1: lost:0: retrans:0
[  275.302168] AAAAA-TCP_SEND: name:enp0s3: saddr:33561200: daddr:100932208: srtt_us:1651648: RTT:206456: ssthresh:2147483647: cwnd:10: delivered:1: lost:0: retrans:0
[  275.401302] AAAAA-TCP_RECV: name:enp0s3: saddr:100932208: daddr:33561200: srtt_us:1651648: RTT:206456: ssthresh:2147483647: cwnd:10: delivered:1: lost:0: retrans:0
[  275.401332] AAAAA-TCP_SEND: name:enp0s3: saddr:33561200: daddr:100932208: srtt_us:1651648: RTT:206456: ssthresh:2147483647: cwnd:10: delivered:1: lost:0: retrans:0
[  275.478494] AAAAA-TCP_RECV: name:enp0s3: saddr:100932208: daddr:33561200: srtt_us:1651648: RTT:206456: ssthresh:2147483647: cwnd:10: delivered:1: lost:0: retrans:0
[  275.478522] AAAAA-TCP_SEND: name:enp0s3: saddr:33561200: daddr:100932208: srtt_us:1651648: RTT:206456: ssthresh:2147483647: cwnd:10: delivered:1: lost:0: retrans:0
[  275.634350] AAAAA-TCP_RECV: name:enp0s3: saddr:100932208: daddr:33561200: srtt_us:1651648: RTT:206456: ssthresh:2147483647: cwnd:10: delivered:1: lost:0: retrans:0
[  275.634396] AAAAA-TCP_SEND: name:enp0s3: saddr:33561200: daddr:100932208: srtt_us:1651648: RTT:206456: ssthresh:2147483647: cwnd:10: delivered:1: lost:0: retrans:0
[  275.806975] AAAAA-TCP_RECV: name:enp0s3: saddr:100932208: daddr:33561200: srtt_us:1651648: RTT:206456: ssthresh:2147483647: cwnd:10: delivered:1: lost:0: retrans:0
[  275.807051] AAAAA-TCP_SEND: name:enp0s3: saddr:33561200: daddr:100932208: srtt_us:1651648: RTT:206456: ssthresh:2147483647: cwnd:10: delivered:1: lost:0: retrans:0
[  275.962988] AAAAA-TCP_RECV: name:enp0s3: saddr:100932208: daddr:33561200: srtt_us:1651648: RTT:206456: ssthresh:2147483647: cwnd:10: delivered:1: lost:0: retrans:0
[  275.963028] AAAAA-TCP_SEND: name:enp0s3: saddr:33561200: daddr:100932208: srtt_us:1651648: RTT:206456: ssthresh:2147483647: cwnd:10: delivered:1: lost:0: retrans:0
[  276.147634] AAAAA-TCP_RECV: name:enp0s3: saddr:100932208: daddr:16783984: srtt_us:1044112: RTT:130514: ssthresh:2147483647: cwnd:10: delivered:1: lost:0: retrans:0
[  276.147674] AAAAA-TCP_SEND: name:enp0s3: saddr:16783984: daddr:100932208: srtt_us:1044112: RTT:130514: ssthresh:2147483647: cwnd:10: delivered:1: lost:0: retrans:0
[  276.418974] AAAAA-TCP_RECV: name:enp0s3: saddr:100932208: daddr:16783984: srtt_us:1044112: RTT:130514: ssthresh:2147483647: cwnd:10: delivered:1: lost:0: retrans:0
[  276.419015] AAAAA-TCP_SEND: name:enp0s3: saddr:16783984: daddr:100932208: srtt_us:1044112: RTT:130514: ssthresh:2147483647: cwnd:10: delivered:1: lost:0: retrans:0
[  276.559016] AAAAA-TCP_RECV: name:enp0s3: saddr:100932208: daddr:16783984: srtt_us:1044112: RTT:130514: ssthresh:2147483647: cwnd:10: delivered:1: lost:0: retrans:0
[  276.559055] AAAAA-TCP_SEND: name:enp0s3: saddr:16783984: daddr:100932208: srtt_us:1044112: RTT:130514: ssthresh:2147483647: cwnd:10: delivered:1: lost:0: retrans:0
[  276.677340] AAAAA-TCP_RECV: name:enp0s3: saddr:100932208: daddr:16783984: srtt_us:1044112: RTT:130514: ssthresh:2147483647: cwnd:10: delivered:1: lost:0: retrans:0
[  276.677389] AAAAA-TCP_SEND: name:enp0s3: saddr:16783984: daddr:100932208: srtt_us:1044112: RTT:130514: ssthresh:2147483647: cwnd:10: delivered:1: lost:0: retrans:0
[  276.951510] AAAAA-TCP_RECV: name:enp0s3: saddr:100932208: daddr:16783984: srtt_us:1044112: RTT:130514: ssthresh:2147483647: cwnd:10: delivered:1: lost:0: retrans:0
[  276.951547] AAAAA-TCP_SEND: name:enp0s3: saddr:16783984: daddr:100932208: srtt_us:1044112: RTT:130514: ssthresh:2147483647: cwnd:10: delivered:1: lost:0: retrans:0
[  277.132469] AAAAA-TCP_RECV: name:enp0s3: saddr:100932208: daddr:16783984: srtt_us:1044112: RTT:130514: ssthresh:2147483647: cwnd:10: delivered:1: lost:0: retrans:0
[  277.132538] AAAAA-TCP_SEND: name:enp0s3: saddr:16783984: daddr:100932208: srtt_us:1044112: RTT:130514: ssthresh:2147483647: cwnd:10: delivered:1: lost:0: retrans:0
[  277.257185] AAAAA-TCP_RECV: name:enp0s3: saddr:100932208: daddr:16783984: srtt_us:1044112: RTT:130514: ssthresh:2147483647: cwnd:10: delivered:1: lost:0: retrans:0
[  277.257254] AAAAA-TCP_SEND: name:enp0s3: saddr:16783984: daddr:100932208: srtt_us:1044112: RTT:130514: ssthresh:2147483647: cwnd:10: delivered:1: lost:0: retrans:0
[  277.359115] AAAAA-TCP_RECV: name:enp0s3: saddr:100932208: daddr:16783984: srtt_us:1044112: RTT:130514: ssthresh:2147483647: cwnd:10: delivered:1: lost:0: retrans:0
[  277.359176] AAAAA-TCP_SEND: name:enp0s3: saddr:16783984: daddr:100932208: srtt_us:1044112: RTT:130514: ssthresh:2147483647: cwnd:10: delivered:1: lost:0: retrans:0
[  277.531692] AAAAA-TCP_RECV: name:enp0s3: saddr:100932208: daddr:16783984: srtt_us:1044112: RTT:130514: ssthresh:2147483647: cwnd:10: delivered:1: lost:0: retrans:0
[  277.531719] AAAAA-TCP_SEND: name:enp0s3: saddr:16783984: daddr:100932208: srtt_us:1044112: RTT:130514: ssthresh:2147483647: cwnd:10: delivered:1: lost:0: retrans:0
[  277.798308] AAAAA-TCP_RECV: name:enp0s3: saddr:100932208: daddr:16783984: srtt_us:1044112: RTT:130514: ssthresh:2147483647: cwnd:10: delivered:1: lost:0: retrans:0
[  277.798355] AAAAA-TCP_SEND: name:enp0s3: saddr:16783984: daddr:100932208: srtt_us:1044112: RTT:130514: ssthresh:2147483647: cwnd:10: delivered:1: lost:0: retrans:0
[  277.923412] AAAAA-TCP_RECV: name:enp0s3: saddr:100932208: daddr:16783984: srtt_us:1044112: RTT:130514: ssthresh:2147483647: cwnd:10: delivered:1: lost:0: retrans:0
[  277.923448] AAAAA-TCP_SEND: name:enp0s3: saddr:16783984: daddr:100932208: srtt_us:1044112: RTT:130514: ssthresh:2147483647: cwnd:10: delivered:1: lost:0: retrans:0
[  278.015984] AAAAA-TCP_RECV: name:enp0s3: saddr:100932208: daddr:16783984: srtt_us:1044112: RTT:130514: ssthresh:2147483647: cwnd:10: delivered:1: lost:0: retrans:0
[  278.016012] AAAAA-TCP_SEND: name:enp0s3: saddr:16783984: daddr:100932208: srtt_us:1044112: RTT:130514: ssthresh:2147483647: cwnd:10: delivered:1: lost:0: retrans:0
[  278.211896] AAAAA-TCP_RECV: name:enp0s3: saddr:100932208: daddr:16783984: srtt_us:1044112: RTT:130514: ssthresh:2147483647: cwnd:10: delivered:1: lost:0: retrans:0
[  278.211922] AAAAA-TCP_SEND: name:enp0s3: saddr:16783984: daddr:100932208: srtt_us:1044112: RTT:130514: ssthresh:2147483647: cwnd:10: delivered:1: lost:0: retrans:0
[  278.379495] AAAAA-TCP_RECV: name:enp0s3: saddr:100932208: daddr:16783984: srtt_us:1044112: RTT:130514: ssthresh:2147483647: cwnd:10: delivered:1: lost:0: retrans:0
[  278.379527] AAAAA-TCP_SEND: name:enp0s3: saddr:16783984: daddr:100932208: srtt_us:1044112: RTT:130514: ssthresh:2147483647: cwnd:10: delivered:1: lost:0: retrans:0
[  278.541470] AAAAA-TCP_RECV: name:enp0s3: saddr:100932208: daddr:16783984: srtt_us:1044112: RTT:130514: ssthresh:2147483647: cwnd:10: delivered:1: lost:0: retrans:0
[  278.541500] AAAAA-TCP_SEND: name:enp0s3: saddr:16783984: daddr:100932208: srtt_us:1044112: RTT:130514: ssthresh:2147483647: cwnd:10: delivered:1: lost:0: retrans:0
[  278.771850] AAAAA-TCP_RECV: name:enp0s3: saddr:100932208: daddr:16783984: srtt_us:1044112: RTT:130514: ssthresh:2147483647: cwnd:10: delivered:1: lost:0: retrans:0
[  278.771875] AAAAA-TCP_SEND: name:enp0s3: saddr:16783984: daddr:100932208: srtt_us:1044112: RTT:130514: ssthresh:2147483647: cwnd:10: delivered:1: lost:0: retrans:0
[  278.895948] AAAAA-TCP_RECV: name:enp0s3: saddr:100932208: daddr:16783984: srtt_us:1044112: RTT:130514: ssthresh:2147483647: cwnd:10: delivered:1: lost:0: retrans:0
[  278.895978] AAAAA-TCP_SEND: name:enp0s3: saddr:16783984: daddr:100932208: srtt_us:1044112: RTT:130514: ssthresh:2147483647: cwnd:10: delivered:1: lost:0: retrans:0
[  278.965337] AAAAA-TCP_RECV: name:enp0s3: saddr:100932208: daddr:16783984: srtt_us:1044112: RTT:130514: ssthresh:2147483647: cwnd:10: delivered:1: lost:0: retrans:0
[  278.965364] AAAAA-TCP_SEND: name:enp0s3: saddr:16783984: daddr:100932208: srtt_us:1044112: RTT:130514: ssthresh:2147483647: cwnd:10: delivered:1: lost:0: retrans:0
[  279.024142] AAAAA-TCP_RECV: name:enp0s3: saddr:100932208: daddr:16783984: srtt_us:1044112: RTT:130514: ssthresh:2147483647: cwnd:10: delivered:1: lost:0: retrans:0
[  279.024168] AAAAA-TCP_SEND: name:enp0s3: saddr:16783984: daddr:100932208: srtt_us:1044112: RTT:130514: ssthresh:2147483647: cwnd:10: delivered:1: lost:0: retrans:0
[  279.145949] AAAAA-TCP_RECV: name:enp0s3: saddr:100932208: daddr:16783984: srtt_us:1044112: RTT:130514: ssthresh:2147483647: cwnd:10: delivered:1: lost:0: retrans:0
[  279.147016] AAAAA-TCP_SEND: name:enp0s3: saddr:16783984: daddr:100932208: srtt_us:1044112: RTT:130514: ssthresh:2147483647: cwnd:10: delivered:1: lost:0: retrans:0
[  279.252426] AAAAA-TCP_RECV: name:enp0s3: saddr:100932208: daddr:16783984: srtt_us:1044112: RTT:130514: ssthresh:2147483647: cwnd:10: delivered:1: lost:0: retrans:0
[  279.253489] AAAAA-TCP_SEND: name:enp0s3: saddr:16783984: daddr:100932208: srtt_us:1044112: RTT:130514: ssthresh:2147483647: cwnd:10: delivered:1: lost:0: retrans:0
[  279.351428] AAAAA-TCP_RECV: name:enp0s3: saddr:100932208: daddr:16783984: srtt_us:1044112: RTT:130514: ssthresh:2147483647: cwnd:10: delivered:1: lost:0: retrans:0
[  279.352489] AAAAA-TCP_SEND: name:enp0s3: saddr:16783984: daddr:100932208: srtt_us:1044112: RTT:130514: ssthresh:2147483647: cwnd:10: delivered:1: lost:0: retrans:0
[  279.633015] AAAAA-TCP_RECV: name:enp0s3: saddr:100932208: daddr:16783984: srtt_us:1044112: RTT:130514: ssthresh:2147483647: cwnd:10: delivered:1: lost:0: retrans:0
[  279.634104] AAAAA-TCP_SEND: name:enp0s3: saddr:16783984: daddr:100932208: srtt_us:1044112: RTT:130514: ssthresh:2147483647: cwnd:10: delivered:1: lost:0: retrans:0
[  279.781967] AAAAA-TCP_RECV: name:enp0s3: saddr:100932208: daddr:16783984: srtt_us:1044112: RTT:130514: ssthresh:2147483647: cwnd:10: delivered:1: lost:0: retrans:0
[  279.783036] AAAAA-TCP_SEND: name:enp0s3: saddr:16783984: daddr:100932208: srtt_us:1044112: RTT:130514: ssthresh:2147483647: cwnd:10: delivered:1: lost:0: retrans:0
[  279.880858] AAAAA-TCP_RECV: name:enp0s3: saddr:100932208: daddr:33561200: srtt_us:1651648: RTT:206456: ssthresh:2147483647: cwnd:10: delivered:1: lost:0: retrans:0
[  279.880888] AAAAA-TCP_SEND: name:enp0s3: saddr:33561200: daddr:100932208: srtt_us:1651648: RTT:206456: ssthresh:2147483647: cwnd:10: delivered:1: lost:0: retrans:0
[  279.971903] AAAAA-TCP_RECV: name:enp0s3: saddr:100932208: daddr:33561200: srtt_us:1651648: RTT:206456: ssthresh:2147483647: cwnd:10: delivered:1: lost:0: retrans:0
[  279.971945] AAAAA-TCP_SEND: name:enp0s3: saddr:33561200: daddr:100932208: srtt_us:1651648: RTT:206456: ssthresh:2147483647: cwnd:10: delivered:1: lost:0: retrans:0
[  280.019693] AAAAA-TCP_RECV: name:enp0s3: saddr:100932208: daddr:33561200: srtt_us:1651648: RTT:206456: ssthresh:2147483647: cwnd:10: delivered:1: lost:0: retrans:0
[  280.019735] AAAAA-TCP_SEND: name:enp0s3: saddr:33561200: daddr:100932208: srtt_us:1651648: RTT:206456: ssthresh:2147483647: cwnd:10: delivered:1: lost:0: retrans:0
[  280.131980] AAAAA-TCP_RECV: name:enp0s3: saddr:100932208: daddr:16783984: srtt_us:1044112: RTT:130514: ssthresh:2147483647: cwnd:10: delivered:1: lost:0: retrans:0
[  280.133044] AAAAA-TCP_SEND: name:enp0s3: saddr:16783984: daddr:100932208: srtt_us:1044112: RTT:130514: ssthresh:2147483647: cwnd:10: delivered:1: lost:0: retrans:0
[  280.238006] AAAAA-TCP_RECV: name:enp0s3: saddr:100932208: daddr:33561200: srtt_us:1651648: RTT:206456: ssthresh:2147483647: cwnd:10: delivered:1: lost:0: retrans:0
[  280.238035] AAAAA-TCP_SEND: name:enp0s3: saddr:33561200: daddr:100932208: srtt_us:1651648: RTT:206456: ssthresh:2147483647: cwnd:10: delivered:1: lost:0: retrans:0
[  280.386563] AAAAA-TCP_RECV: name:enp0s3: saddr:100932208: daddr:33561200: srtt_us:1651648: RTT:206456: ssthresh:2147483647: cwnd:10: delivered:1: lost:0: retrans:0
[  280.386592] AAAAA-TCP_SEND: name:enp0s3: saddr:33561200: daddr:100932208: srtt_us:1651648: RTT:206456: ssthresh:2147483647: cwnd:10: delivered:1: lost:0: retrans:0
[  280.484542] AAAAA-TCP_RECV: name:enp0s3: saddr:100932208: daddr:33561200: srtt_us:1651648: RTT:206456: ssthresh:2147483647: cwnd:10: delivered:1: lost:0: retrans:0
[  280.484567] AAAAA-TCP_SEND: name:enp0s3: saddr:33561200: daddr:100932208: srtt_us:1651648: RTT:206456: ssthresh:2147483647: cwnd:10: delivered:1: lost:0: retrans:0
[  280.593955] AAAAA-TCP_RECV: name:enp0s3: saddr:100932208: daddr:33561200: srtt_us:1651648: RTT:206456: ssthresh:2147483647: cwnd:10: delivered:1: lost:0: retrans:0
[  280.594015] AAAAA-TCP_SEND: name:enp0s3: saddr:33561200: daddr:100932208: srtt_us:1651648: RTT:206456: ssthresh:2147483647: cwnd:10: delivered:1: lost:0: retrans:0
[  280.668179] AAAAA-TCP_RECV: name:enp0s3: saddr:100932208: daddr:33561200: srtt_us:1651648: RTT:206456: ssthresh:2147483647: cwnd:10: delivered:1: lost:0: retrans:0
[  280.668212] AAAAA-TCP_SEND: name:enp0s3: saddr:33561200: daddr:100932208: srtt_us:1651648: RTT:206456: ssthresh:2147483647: cwnd:10: delivered:1: lost:0: retrans:0
[  280.802671] AAAAA-TCP_RECV: name:enp0s3: saddr:100932208: daddr:33561200: srtt_us:1651648: RTT:206456: ssthresh:2147483647: cwnd:10: delivered:1: lost:0: retrans:0
[  280.802706] AAAAA-TCP_SEND: name:enp0s3: saddr:33561200: daddr:100932208: srtt_us:1651648: RTT:206456: ssthresh:2147483647: cwnd:10: delivered:1: lost:0: retrans:0
[  280.891721] AAAAA-TCP_RECV: name:enp0s3: saddr:100932208: daddr:33561200: srtt_us:1651648: RTT:206456: ssthresh:2147483647: cwnd:10: delivered:1: lost:0: retrans:0
[  280.891763] AAAAA-TCP_SEND: name:enp0s3: saddr:33561200: daddr:100932208: srtt_us:1651648: RTT:206456: ssthresh:2147483647: cwnd:10: delivered:1: lost:0: retrans:0
[  280.967311] AAAAA-TCP_RECV: name:enp0s3: saddr:100932208: daddr:33561200: srtt_us:1651648: RTT:206456: ssthresh:2147483647: cwnd:10: delivered:1: lost:0: retrans:0
[  280.967345] AAAAA-TCP_SEND: name:enp0s3: saddr:33561200: daddr:100932208: srtt_us:1651648: RTT:206456: ssthresh:2147483647: cwnd:10: delivered:1: lost:0: retrans:0
[  281.081898] AAAAA-TCP_RECV: name:enp0s3: saddr:100932208: daddr:33561200: srtt_us:1651648: RTT:206456: ssthresh:2147483647: cwnd:10: delivered:1: lost:0: retrans:0
[  281.081914] AAAAA-TCP_SEND: name:enp0s3: saddr:33561200: daddr:100932208: srtt_us:1651648: RTT:206456: ssthresh:2147483647: cwnd:10: delivered:1: lost:0: retrans:0
[  281.360712] AAAAA-TCP_RECV: name:enp0s3: saddr:100932208: daddr:16783984: srtt_us:1044112: RTT:130514: ssthresh:2147483647: cwnd:10: delivered:1: lost:0: retrans:0
[  281.361780] AAAAA-TCP_SEND: name:enp0s3: saddr:16783984: daddr:100932208: srtt_us:1044112: RTT:130514: ssthresh:2147483647: cwnd:10: delivered:1: lost:0: retrans:0
[  281.482495] AAAAA-TCP_RECV: name:enp0s3: saddr:100932208: daddr:16783984: srtt_us:1044112: RTT:130514: ssthresh:2147483647: cwnd:10: delivered:1: lost:0: retrans:0
[  281.483562] AAAAA-TCP_SEND: name:enp0s3: saddr:16783984: daddr:100932208: srtt_us:1044112: RTT:130514: ssthresh:2147483647: cwnd:10: delivered:1: lost:0: retrans:0
[  281.581480] AAAAA-TCP_RECV: name:enp0s3: saddr:100932208: daddr:16783984: srtt_us:1044112: RTT:130514: ssthresh:2147483647: cwnd:10: delivered:1: lost:0: retrans:0
[  281.582542] AAAAA-TCP_SEND: name:enp0s3: saddr:16783984: daddr:100932208: srtt_us:1044112: RTT:130514: ssthresh:2147483647: cwnd:10: delivered:1: lost:0: retrans:0
[  281.671442] AAAAA-TCP_RECV: name:enp0s3: saddr:100932208: daddr:16783984: srtt_us:1044112: RTT:130514: ssthresh:2147483647: cwnd:10: delivered:1: lost:0: retrans:0
[  281.672503] AAAAA-TCP_SEND: name:enp0s3: saddr:16783984: daddr:100932208: srtt_us:1044112: RTT:130514: ssthresh:2147483647: cwnd:10: delivered:1: lost:0: retrans:0
[  281.773565] AAAAA-TCP_RECV: name:enp0s3: saddr:100932208: daddr:16783984: srtt_us:1044112: RTT:130514: ssthresh:2147483647: cwnd:10: delivered:1: lost:0: retrans:0
[  281.774629] AAAAA-TCP_SEND: name:enp0s3: saddr:16783984: daddr:100932208: srtt_us:1044112: RTT:130514: ssthresh:2147483647: cwnd:10: delivered:1: lost:0: retrans:0
[  281.864220] AAAAA-TCP_RECV: name:enp0s3: saddr:100932208: daddr:16783984: srtt_us:1044112: RTT:130514: ssthresh:2147483647: cwnd:10: delivered:1: lost:0: retrans:0
[  281.865285] AAAAA-TCP_SEND: name:enp0s3: saddr:16783984: daddr:100932208: srtt_us:1044112: RTT:130514: ssthresh:2147483647: cwnd:10: delivered:1: lost:0: retrans:0
[  281.987443] AAAAA-TCP_RECV: name:enp0s3: saddr:100932208: daddr:16783984: srtt_us:1044112: RTT:130514: ssthresh:2147483647: cwnd:10: delivered:1: lost:0: retrans:0
[  281.988532] AAAAA-TCP_SEND: name:enp0s3: saddr:16783984: daddr:100932208: srtt_us:1044112: RTT:130514: ssthresh:2147483647: cwnd:10: delivered:1: lost:0: retrans:0
[  282.079747] AAAAA-TCP_RECV: name:enp0s3: saddr:100932208: daddr:16783984: srtt_us:1044112: RTT:130514: ssthresh:2147483647: cwnd:10: delivered:1: lost:0: retrans:0
[  282.080828] AAAAA-TCP_SEND: name:enp0s3: saddr:16783984: daddr:100932208: srtt_us:1044112: RTT:130514: ssthresh:2147483647: cwnd:10: delivered:1: lost:0: retrans:0
[  282.181772] AAAAA-TCP_RECV: name:enp0s3: saddr:100932208: daddr:16783984: srtt_us:1044112: RTT:130514: ssthresh:2147483647: cwnd:10: delivered:1: lost:0: retrans:0
[  282.182859] AAAAA-TCP_SEND: name:enp0s3: saddr:16783984: daddr:100932208: srtt_us:1044112: RTT:130514: ssthresh:2147483647: cwnd:10: delivered:1: lost:0: retrans:0
[  282.440495] AAAAA-TCP_RECV: name:enp0s3: saddr:100932208: daddr:16783984: srtt_us:1044112: RTT:130514: ssthresh:2147483647: cwnd:10: delivered:1: lost:0: retrans:0
[  282.441589] AAAAA-TCP_SEND: name:enp0s3: saddr:16783984: daddr:100932208: srtt_us:1044112: RTT:130514: ssthresh:2147483647: cwnd:10: delivered:1: lost:0: retrans:0
[  282.604028] AAAAA-TCP_RECV: name:enp0s3: saddr:100932208: daddr:16783984: srtt_us:1044112: RTT:130514: ssthresh:2147483647: cwnd:10: delivered:1: lost:0: retrans:0
