[    0.000000] Linux version 5.4.243-mptcp (root@ztg) (gcc version 12.2.0 (Debian 12.2.0-14+deb12u1)) #53 SMP Wed Dec 24 23:28:15 CST 2025
[    0.000000] Command line: BOOT_IMAGE=/boot/vmlinuz-5.4.243-mptcp root=UUID=98415a12-53b7-4144-8265-0f7ece09e445 ro quiet splash
[    0.000000] KERNEL supported cpus:
[    0.000000]   Intel GenuineIntel
[    0.000000]   AMD AuthenticAMD
[    0.000000]   Hygon HygonGenuine
[    0.000000]   Centaur CentaurHauls
[    0.000000]   zhaoxin   Shanghai  
[    0.000000] x86/fpu: Supporting XSAVE feature 0x001: 'x87 floating point registers'
[    0.000000] x86/fpu: Supporting XSAVE feature 0x002: 'SSE registers'
[    0.000000] x86/fpu: Supporting XSAVE feature 0x004: 'AVX registers'
[    0.000000] x86/fpu: xstate_offset[2]:  576, xstate_sizes[2]:  256
[    0.000000] x86/fpu: Enabled xstate features 0x7, context size is 832 bytes, using 'standard' format.
[    0.000000] BIOS-provided physical RAM map:
[    0.000000] BIOS-e820: [mem 0x0000000000000000-0x000000000009fbff] usable
[    0.000000] BIOS-e820: [mem 0x000000000009fc00-0x000000000009ffff] reserved
[    0.000000] BIOS-e820: [mem 0x00000000000f0000-0x00000000000fffff] reserved
[    0.000000] BIOS-e820: [mem 0x0000000000100000-0x000000007ffeffff] usable
[    0.000000] BIOS-e820: [mem 0x000000007fff0000-0x000000007fffffff] ACPI data
[    0.000000] BIOS-e820: [mem 0x00000000fec00000-0x00000000fec00fff] reserved
[    0.000000] BIOS-e820: [mem 0x00000000fee00000-0x00000000fee00fff] reserved
[    0.000000] BIOS-e820: [mem 0x00000000fffc0000-0x00000000ffffffff] reserved
[    0.000000] NX (Execute Disable) protection: active
[    0.000000] SMBIOS 2.5 present.
[    0.000000] DMI: innotek GmbH VirtualBox/VirtualBox, BIOS VirtualBox 12/01/2006
[    0.000000] Hypervisor detected: KVM
[    0.000000] kvm-clock: Using msrs 4b564d01 and 4b564d00
[    0.000000] kvm-clock: cpu 0, msr 60a01001, primary cpu clock
[    0.000000] kvm-clock: using sched offset of 4449282477 cycles
[    0.000003] clocksource: kvm-clock: mask: 0xffffffffffffffff max_cycles: 0x1cd42e4dffb, max_idle_ns: 881590591483 ns
[    0.000006] tsc: Detected 2100.000 MHz processor
[    0.001881] e820: update [mem 0x00000000-0x00000fff] usable ==> reserved
[    0.001883] e820: remove [mem 0x000a0000-0x000fffff] usable
[    0.001887] last_pfn = 0x7fff0 max_arch_pfn = 0x400000000
[    0.001955] MTRR default type: uncachable
[    0.001956] MTRR fixed ranges enabled:
[    0.001957]   00000-9FFFF write-back
[    0.001958]   A0000-BFFFF uncachable
[    0.001959]   C0000-FFFFF write-protect
[    0.001959] MTRR variable ranges enabled:
[    0.001961]   0 base 000000000000 mask 3FFF80000000 write-back
[    0.001961]   1 disabled
[    0.001962]   2 disabled
[    0.001962]   3 disabled
[    0.001963]   4 disabled
[    0.001963]   5 disabled
[    0.001964]   6 disabled
[    0.001964]   7 disabled
[    0.001964]   8 disabled
[    0.001965]   9 disabled
[    0.001965]   10 disabled
[    0.001966]   11 disabled
[    0.001966]   12 disabled
[    0.001967]   13 disabled
[    0.001967]   14 disabled
[    0.001967]   15 disabled
[    0.001984] x86/PAT: Configuration [0-7]: WB  WC  UC- UC  WB  WP  UC- WT  
[    0.002117] found SMP MP-table at [mem 0x0009fff0-0x0009ffff]
[    0.093363] check: Scanning 1 areas for low memory corruption
[    0.093513] RAMDISK: [mem 0x32271000-0x3512ffff]
[    0.093522] ACPI: Early table checksum verification disabled
[    0.093528] ACPI: RSDP 0x00000000000E0000 000024 (v02 VBOX  )
[    0.093532] ACPI: XSDT 0x000000007FFF0030 00003C (v01 VBOX   VBOXXSDT 00000001 ASL  00000061)
[    0.093539] ACPI: FACP 0x000000007FFF00F0 0000F4 (v04 VBOX   VBOXFACP 00000001 ASL  00000061)
[    0.093545] ACPI: DSDT 0x000000007FFF02E0 002353 (v02 VBOX   VBOXBIOS 00000002 VBOX 00029BF3)
[    0.093549] ACPI: FACS 0x000000007FFF0200 000040
[    0.093552] ACPI: FACS 0x000000007FFF0200 000040
[    0.093556] ACPI: APIC 0x000000007FFF0240 000054 (v02 VBOX   VBOXAPIC 00000001 ASL  00000061)
[    0.093559] ACPI: SSDT 0x000000007FFF02A0 000038 (v01 VBOX   VBOXCPUT 00000002 VBOX 00029BF3)
[    0.093563] ACPI: Reserving FACP table memory at [mem 0x7fff00f0-0x7fff01e3]
[    0.093564] ACPI: Reserving DSDT table memory at [mem 0x7fff02e0-0x7fff2632]
[    0.093564] ACPI: Reserving FACS table memory at [mem 0x7fff0200-0x7fff023f]
[    0.093565] ACPI: Reserving FACS table memory at [mem 0x7fff0200-0x7fff023f]
[    0.093566] ACPI: Reserving APIC table memory at [mem 0x7fff0240-0x7fff0293]
[    0.093566] ACPI: Reserving SSDT table memory at [mem 0x7fff02a0-0x7fff02d7]
[    0.093580] ACPI: Local APIC address 0xfee00000
[    0.093763] No NUMA configuration found
[    0.093764] Faking a node at [mem 0x0000000000000000-0x000000007ffeffff]
[    0.093775] NODE_DATA(0) allocated [mem 0x7ffc5000-0x7ffeffff]
[    0.094035] Zone ranges:
[    0.094036]   DMA      [mem 0x0000000000001000-0x0000000000ffffff]
[    0.094038]   DMA32    [mem 0x0000000001000000-0x000000007ffeffff]
[    0.094038]   Normal   empty
[    0.094039]   Device   empty
[    0.094040] Movable zone start for each node
[    0.094042] Early memory node ranges
[    0.094042]   node   0: [mem 0x0000000000001000-0x000000000009efff]
[    0.094043]   node   0: [mem 0x0000000000100000-0x000000007ffeffff]
[    0.094046] Zeroed struct page in unavailable ranges: 114 pages
[    0.094047] Initmem setup node 0 [mem 0x0000000000001000-0x000000007ffeffff]
[    0.094048] On node 0 totalpages: 524174
[    0.094049]   DMA zone: 64 pages used for memmap
[    0.094050]   DMA zone: 21 pages reserved
[    0.094051]   DMA zone: 3998 pages, LIFO batch:0
[    0.094123]   DMA32 zone: 8128 pages used for memmap
[    0.094124]   DMA32 zone: 520176 pages, LIFO batch:63
[    0.103045] ACPI: PM-Timer IO Port: 0x4008
[    0.103049] ACPI: Local APIC address 0xfee00000
[    0.103116] IOAPIC[0]: apic_id 1, version 32, address 0xfec00000, GSI 0-23
[    0.103119] ACPI: INT_SRC_OVR (bus 0 bus_irq 0 global_irq 2 dfl dfl)
[    0.103121] ACPI: INT_SRC_OVR (bus 0 bus_irq 9 global_irq 9 low level)
[    0.103123] ACPI: IRQ0 used by override.
[    0.103124] ACPI: IRQ9 used by override.
[    0.103127] Using ACPI (MADT) for SMP configuration information
[    0.103134] smpboot: Allowing 1 CPUs, 0 hotplug CPUs
[    0.103155] PM: Registered nosave memory: [mem 0x00000000-0x00000fff]
[    0.103157] PM: Registered nosave memory: [mem 0x0009f000-0x0009ffff]
[    0.103157] PM: Registered nosave memory: [mem 0x000a0000-0x000effff]
[    0.103158] PM: Registered nosave memory: [mem 0x000f0000-0x000fffff]
[    0.103159] [mem 0x80000000-0xfebfffff] available for PCI devices
[    0.103160] Booting paravirtualized kernel on KVM
[    0.103163] clocksource: refined-jiffies: mask: 0xffffffff max_cycles: 0xffffffff, max_idle_ns: 7645519600211568 ns
[    0.103168] setup_percpu: NR_CPUS:8192 nr_cpumask_bits:1 nr_cpu_ids:1 nr_node_ids:1
[    0.104162] percpu: Embedded 60 pages/cpu s208896 r8192 d28672 u2097152
[    0.104167] pcpu-alloc: s208896 r8192 d28672 u2097152 alloc=1*2097152
[    0.104168] pcpu-alloc: [0] 0 
[    0.104194] Built 1 zonelists, mobility grouping on.  Total pages: 515961
[    0.104195] Policy zone: DMA32
[    0.104196] Kernel command line: BOOT_IMAGE=/boot/vmlinuz-5.4.243-mptcp root=UUID=98415a12-53b7-4144-8265-0f7ece09e445 ro quiet splash
[    0.105035] Dentry cache hash table entries: 262144 (order: 9, 2097152 bytes, linear)
[    0.105182] Inode-cache hash table entries: 131072 (order: 8, 1048576 bytes, linear)
[    0.105232] mem auto-init: stack:off, heap alloc:on, heap free:off
[    0.105235] Calgary: detecting Calgary via BIOS EBDA area
[    0.105236] Calgary: Unable to locate Rio Grande table in EBDA - bailing!
[    0.109400] Memory: 1967332K/2096696K available (14339K kernel code, 2398K rwdata, 4712K rodata, 2728K init, 17260K bss, 129364K reserved, 0K cma-reserved)
[    0.110309] SLUB: HWalign=64, Order=0-3, MinObjects=0, CPUs=1, Nodes=1
[    0.110327] ftrace: allocating 43186 entries in 169 pages
[    0.128460] rcu: Hierarchical RCU implementation.
[    0.128462] rcu: 	RCU restricting CPUs from NR_CPUS=8192 to nr_cpu_ids=1.
[    0.128463] 	Tasks RCU enabled.
[    0.128464] rcu: RCU calculated value of scheduler-enlistment delay is 25 jiffies.
[    0.128465] rcu: Adjusting geometry for rcu_fanout_leaf=16, nr_cpu_ids=1
[    0.131440] NR_IRQS: 524544, nr_irqs: 256, preallocated irqs: 16
[    0.131657] random: crng init done
[    0.140966] Console: colour VGA+ 80x25
[    0.140970] printk: console [tty0] enabled
[    0.140991] ACPI: Core revision 20190816
[    0.141087] APIC: Switch to symmetric I/O mode setup
[    0.141340] x2apic enabled
[    0.141578] Switched APIC routing to physical x2apic.
[    0.142701] ..TIMER: vector=0x30 apic1=0 pin1=2 apic2=-1 pin2=-1
[    0.142726] clocksource: tsc-early: mask: 0xffffffffffffffff max_cycles: 0x1e4530a99b6, max_idle_ns: 440795257976 ns
[    0.142732] Calibrating delay loop (skipped) preset value.. 4200.00 BogoMIPS (lpj=8400000)
[    0.142734] pid_max: default: 32768 minimum: 301
[    0.142763] LSM: Security Framework initializing
[    0.142773] Yama: becoming mindful.
[    0.142800] AppArmor: AppArmor initialized
[    0.142834] Mount-cache hash table entries: 4096 (order: 3, 32768 bytes, linear)
[    0.142839] Mountpoint-cache hash table entries: 4096 (order: 3, 32768 bytes, linear)
[    0.142849] *** VALIDATE tmpfs ***
[    0.142981] *** VALIDATE proc ***
[    0.143025] *** VALIDATE cgroup1 ***
[    0.143026] *** VALIDATE cgroup2 ***
[    0.143166] process: using mwait in idle threads
[    0.143171] Last level iTLB entries: 4KB 64, 2MB 8, 4MB 8
[    0.143172] Last level dTLB entries: 4KB 64, 2MB 0, 4MB 0, 1GB 4
[    0.143193] Spectre V1 : Mitigation: usercopy/swapgs barriers and __user pointer sanitization
[    0.143198] Spectre V2 : Mitigation: Retpolines
[    0.143199] Spectre V2 : Spectre v2 / SpectreRSB mitigation: Filling RSB on context switch
[    0.143199] Spectre V2 : Spectre v2 / SpectreRSB : Filling RSB on VMEXIT
[    0.143200] RETBleed: WARNING: Spectre v2 mitigation leaves CPU vulnerable to RETBleed attacks, data leaks possible!
[    0.143552] RETBleed: Vulnerable
[    0.143552] Speculative Store Bypass: Vulnerable
[    0.143557] TAA: Mitigation: TSX disabled
[    0.143557] MMIO Stale Data: Mitigation: Clear CPU buffers
[    0.147800] Freeing SMP alternatives memory: 40K
[    0.260409] smpboot: CPU0: Intel(R) Xeon(R) Silver 4216 CPU @ 2.10GHz (family: 0x6, model: 0x55, stepping: 0x7)
[    0.260551] Performance Events: unsupported p6 CPU model 85 no PMU driver, software events only.
[    0.260588] rcu: Hierarchical SRCU implementation.
[    0.261070] NMI watchdog: Perf NMI watchdog permanently disabled
[    0.261108] smp: Bringing up secondary CPUs ...
[    0.261109] smp: Brought up 1 node, 1 CPU
[    0.261110] smpboot: Max logical packages: 1
[    0.261111] smpboot: Total of 1 processors activated (4200.00 BogoMIPS)
[    0.262077] devtmpfs: initialized
[    0.262124] x86/mm: Memory block size: 128MB
[    0.262476] clocksource: jiffies: mask: 0xffffffff max_cycles: 0xffffffff, max_idle_ns: 7645041785100000 ns
[    0.262483] futex hash table entries: 256 (order: 2, 16384 bytes, linear)
[    0.262528] pinctrl core: initialized pinctrl subsystem
[    0.262632] PM: RTC time: 17:17:34, date: 2026-01-16
[    0.262728] NET: Registered protocol family 16
[    0.262728] audit: initializing netlink subsys (disabled)
[    0.262728] EISA bus registered
[    0.262728] cpuidle: using governor ladder
[    0.262728] cpuidle: using governor menu
[    0.262728] ACPI: bus type PCI registered
[    0.262728] acpiphp: ACPI Hot Plug PCI Controller Driver version: 0.5
[    0.262728] PCI: Using configuration type 1 for base access
[    0.263075] audit: type=2000 audit(1768555060.575:1): state=initialized audit_enabled=0 res=1
[    0.263155] HugeTLB registered 2.00 MiB page size, pre-allocated 0 pages
[    0.263964] ACPI: Added _OSI(Module Device)
[    0.263965] ACPI: Added _OSI(Processor Device)
[    0.263966] ACPI: Added _OSI(3.0 _SCP Extensions)
[    0.263967] ACPI: Added _OSI(Processor Aggregator Device)
[    0.263967] ACPI: Added _OSI(Linux-Dell-Video)
[    0.263968] ACPI: Added _OSI(Linux-Lenovo-NV-HDMI-Audio)
[    0.263969] ACPI: Added _OSI(Linux-HPI-Hybrid-Graphics)
[    0.265929] ACPI: 2 ACPI AML tables successfully acquired and loaded
[    0.267454] ACPI: Interpreter enabled
[    0.267463] ACPI: (supports S0 S5)
[    0.267464] ACPI: Using IOAPIC for interrupt routing
[    0.267670] PCI: Using host bridge windows from ACPI; if necessary, use "pci=nocrs" and report a bug
[    0.267775] ACPI: Enabled 2 GPEs in block 00 to 07
[    0.272601] ACPI: PCI Root Bridge [PCI0] (domain 0000 [bus 00-ff])
[    0.272606] acpi PNP0A03:00: _OSC: OS supports [ASPM ClockPM Segments MSI HPX-Type3]
[    0.273049] acpi PNP0A03:00: _OSC: not requesting OS control; OS requires [ExtendedConfig ASPM ClockPM MSI]
[    0.273057] acpi PNP0A03:00: fail to add MMCONFIG information, can't access extended PCI configuration space under this bridge.
[    0.273441] PCI host bridge to bus 0000:00
[    0.273443] pci_bus 0000:00: root bus resource [io  0x0000-0x0cf7 window]
[    0.273444] pci_bus 0000:00: root bus resource [io  0x0d00-0xffff window]
[    0.273445] pci_bus 0000:00: root bus resource [mem 0x000a0000-0x000bffff window]
[    0.273446] pci_bus 0000:00: root bus resource [mem 0x80000000-0xfdffffff window]
[    0.273447] pci_bus 0000:00: root bus resource [bus 00-ff]
[    0.273494] pci 0000:00:00.0: [8086:1237] type 00 class 0x060000
[    0.274434] pci 0000:00:01.0: [8086:7000] type 00 class 0x060100
[    0.275246] pci 0000:00:01.1: [8086:7111] type 00 class 0x01018a
[    0.275619] pci 0000:00:01.1: reg 0x20: [io  0xd000-0xd00f]
[    0.275773] pci 0000:00:01.1: legacy IDE quirk: reg 0x10: [io  0x01f0-0x01f7]
[    0.275774] pci 0000:00:01.1: legacy IDE quirk: reg 0x14: [io  0x03f6]
[    0.275775] pci 0000:00:01.1: legacy IDE quirk: reg 0x18: [io  0x0170-0x0177]
[    0.275776] pci 0000:00:01.1: legacy IDE quirk: reg 0x1c: [io  0x0376]
[    0.276312] pci 0000:00:02.0: [15ad:0405] type 00 class 0x030000
[    0.278808] pci 0000:00:02.0: reg 0x10: [io  0xd010-0xd01f]
[    0.282776] pci 0000:00:02.0: reg 0x14: [mem 0xe0000000-0xe7ffffff pref]
[    0.285362] pci 0000:00:02.0: reg 0x18: [mem 0xf0000000-0xf01fffff]
[    0.295528] pci 0000:00:03.0: [1022:2000] type 00 class 0x020000
[    0.296268] pci 0000:00:03.0: reg 0x10: [io  0xd020-0xd03f]
[    0.296921] pci 0000:00:03.0: reg 0x14: [mem 0xf0200000-0xf0200fff]
[    0.301351] pci 0000:00:04.0: [80ee:cafe] type 00 class 0x088000
[    0.302054] pci 0000:00:04.0: reg 0x10: [io  0xd040-0xd05f]
[    0.302674] pci 0000:00:04.0: reg 0x14: [mem 0xf0400000-0xf07fffff]
[    0.303340] pci 0000:00:04.0: reg 0x18: [mem 0xf0800000-0xf0803fff pref]
[    0.306775] pci 0000:00:07.0: [8086:7113] type 00 class 0x068000
[    0.307327] pci 0000:00:07.0: quirk: [io  0x4000-0x403f] claimed by PIIX4 ACPI
[    0.307338] pci 0000:00:07.0: quirk: [io  0x4100-0x410f] claimed by PIIX4 SMB
[    0.307925] pci 0000:00:08.0: [1022:2000] type 00 class 0x020000
[    0.308681] pci 0000:00:08.0: reg 0x10: [io  0xd060-0xd07f]
[    0.309346] pci 0000:00:08.0: reg 0x14: [mem 0xf0804000-0xf0804fff]
[    0.312739] pci 0000:00:09.0: [8086:100e] type 00 class 0x020000
[    0.313537] pci 0000:00:09.0: reg 0x10: [mem 0xf0820000-0xf083ffff]
[    0.314849] pci 0000:00:09.0: reg 0x18: [io  0xd080-0xd087]
[    0.323773] ACPI: PCI Interrupt Link [LNKA] (IRQs 5 9 10 *11)
[    0.324056] ACPI: PCI Interrupt Link [LNKB] (IRQs 5 9 *10 11)
[    0.326817] ACPI: PCI Interrupt Link [LNKC] (IRQs 5 *9 10 11)
[    0.326921] ACPI: PCI Interrupt Link [LNKD] (IRQs 5 9 10 *11)
[    0.327187] iommu: Default domain type: Translated 
[    0.327246] pci 0000:00:02.0: vgaarb: setting as boot VGA device
[    0.327248] pci 0000:00:02.0: vgaarb: VGA device added: decodes=io+mem,owns=io+mem,locks=none
[    0.327250] pci 0000:00:02.0: vgaarb: bridge control possible
[    0.327251] vgaarb: loaded
[    0.327464] SCSI subsystem initialized
[    0.327495] libata version 3.00 loaded.
[    0.327520] ACPI: bus type USB registered
[    0.327536] usbcore: registered new interface driver usbfs
[    0.327542] usbcore: registered new interface driver hub
[    0.327547] usbcore: registered new device driver usb
[    0.327573] pps_core: LinuxPPS API ver. 1 registered
[    0.327573] pps_core: Software ver. 5.3.6 - Copyright 2005-2007 Rodolfo Giometti <giometti@linux.it>
[    0.327575] PTP clock support registered
[    0.327609] EDAC MC: Ver: 3.0.0
[    0.327897] PCI: Using ACPI for IRQ routing
[    0.327899] PCI: pci_cache_line_size set to 64 bytes
[    0.328070] e820: reserve RAM buffer [mem 0x0009fc00-0x0009ffff]
[    0.328074] e820: reserve RAM buffer [mem 0x7fff0000-0x7fffffff]
[    0.328871] NetLabel: Initializing
[    0.328872] NetLabel:  domain hash size = 128
[    0.328872] NetLabel:  protocols = UNLABELED CIPSOv4 CALIPSO
[    0.328892] NetLabel:  unlabeled traffic allowed by default
[    0.329787] clocksource: Switched to clocksource kvm-clock
[    0.341403] *** VALIDATE bpf ***
[    0.341466] VFS: Disk quotas dquot_6.6.0
[    0.341479] VFS: Dquot-cache hash table entries: 512 (order 0, 4096 bytes)
[    0.341501] *** VALIDATE ramfs ***
[    0.341504] *** VALIDATE hugetlbfs ***
[    0.341587] AppArmor: AppArmor Filesystem Enabled
[    0.341614] pnp: PnP ACPI init
[    0.341685] pnp 00:00: Plug and Play ACPI device, IDs PNP0303 (active)
[    0.341751] pnp 00:01: Plug and Play ACPI device, IDs PNP0f03 (active)
[    0.342488] pnp: PnP ACPI: found 2 devices
[    0.343495] thermal_sys: Registered thermal governor 'fair_share'
[    0.343496] thermal_sys: Registered thermal governor 'bang_bang'
[    0.343496] thermal_sys: Registered thermal governor 'step_wise'
[    0.343497] thermal_sys: Registered thermal governor 'user_space'
[    0.343497] thermal_sys: Registered thermal governor 'power_allocator'
[    0.348028] clocksource: acpi_pm: mask: 0xffffff max_cycles: 0xffffff, max_idle_ns: 2085701024 ns
[    0.348068] pci_bus 0000:00: resource 4 [io  0x0000-0x0cf7 window]
[    0.348070] pci_bus 0000:00: resource 5 [io  0x0d00-0xffff window]
[    0.348071] pci_bus 0000:00: resource 6 [mem 0x000a0000-0x000bffff window]
[    0.348072] pci_bus 0000:00: resource 7 [mem 0x80000000-0xfdffffff window]
[    0.348129] NET: Registered protocol family 2
[    0.348205] IP idents hash table entries: 32768 (order: 6, 262144 bytes, linear)
[    0.348610] MPTCP tokens hash table entries: 8192 (order: 4, 65536 bytes, linear)
[    0.348630] MPTCP request tokens hash table entries: 8192 (order: 4, 65536 bytes, linear)
[    0.348655] default registered
[    0.348655] default registered
[    0.348656] MPTCP: Stable release v0.96
[    0.348661] tcp_listen_portaddr_hash hash table entries: 1024 (order: 2, 16384 bytes, linear)
[    0.348740] TCP established hash table entries: 16384 (order: 5, 131072 bytes, linear)
[    0.348805] TCP bind hash table entries: 16384 (order: 6, 262144 bytes, linear)
[    0.348830] TCP: Hash tables configured (established 16384 bind 16384)
[    0.349529] UDP hash table entries: 1024 (order: 3, 32768 bytes, linear)
[    0.349541] UDP-Lite hash table entries: 1024 (order: 3, 32768 bytes, linear)
[    0.349576] NET: Registered protocol family 1
[    0.349585] NET: Registered protocol family 44
[    0.349609] pci 0000:00:00.0: Limiting direct PCI/PCI transfers
[    0.349621] pci 0000:00:01.0: Activating ISA DMA hang workarounds
[    0.349673] pci 0000:00:02.0: Video device with shadowed ROM at [mem 0x000c0000-0x000dffff]
[    0.349738] PCI: CLS 0 bytes, default 64
[    0.349783] Trying to unpack rootfs image as initramfs...
[    0.524226] Freeing initrd memory: 47868K
[    0.524226] clocksource: tsc: mask: 0xffffffffffffffff max_cycles: 0x1e4530a99b6, max_idle_ns: 440795257976 ns
[    0.524226] clocksource: Switched to clocksource tsc
[    0.524226] platform rtc_cmos: registered platform RTC device (no PNP device found)
[    0.524226] check: Scanning for low memory corruption every 60 seconds
[    0.524226] Initialise system trusted keyrings
[    0.524226] Key type blacklist registered
[    0.524226] workingset: timestamp_bits=36 max_order=19 bucket_order=0
[    0.524226] zbud: loaded
[    0.524226] squashfs: version 4.0 (2009/01/31) Phillip Lougher
[    0.524226] fuse: init (API version 7.31)
[    0.524226] *** VALIDATE fuse ***
[    0.524226] *** VALIDATE fuse ***
[    0.524226] Platform Keyring initialized
[    0.539518] Key type asymmetric registered
[    0.539519] Asymmetric key parser 'x509' registered
[    0.539529] Block layer SCSI generic (bsg) driver version 0.4 loaded (major 244)
[    0.539568] io scheduler mq-deadline registered
[    0.539693] shpchp: Standard Hot Plug PCI Controller Driver version: 0.4
[    0.539923] ACPI: AC Adapter [AC] (on-line)
[    0.539969] input: Power Button as /devices/LNXSYSTM:00/LNXPWRBN:00/input/input0
[    0.540001] ACPI: Power Button [PWRF]
[    0.540079] input: Sleep Button as /devices/LNXSYSTM:00/LNXSLPBN:00/input/input1
[    0.540095] ACPI: Sleep Button [SLPF]
[    0.540334] Serial: 8250/16550 driver, 32 ports, IRQ sharing enabled
[    0.541485] Linux agpgart interface v0.103
[    0.631112] loop: module loaded
[    0.631263] ata_piix 0000:00:01.1: version 2.13
[    0.631671] scsi host0: ata_piix
[    0.631762] scsi host1: ata_piix
[    0.631788] ata1: PATA max UDMA/33 cmd 0x1f0 ctl 0x3f6 bmdma 0xd000 irq 14
[    0.631789] ata2: PATA max UDMA/33 cmd 0x170 ctl 0x376 bmdma 0xd008 irq 15
[    0.631871] tun: Universal TUN/TAP device driver, 1.6
[    0.632186] PPP generic driver version 2.4.2
[    0.632229] VFIO - User Level meta-driver version: 0.3
[    0.632466] ehci_hcd: USB 2.0 'Enhanced' Host Controller (EHCI) Driver
[    0.632470] ehci-pci: EHCI PCI platform driver
[    0.632486] ehci-platform: EHCI generic platform driver
[    0.632492] ohci_hcd: USB 1.1 'Open' Host Controller (OHCI) Driver
[    0.632493] ohci-pci: OHCI PCI platform driver
[    0.632501] ohci-platform: OHCI generic platform driver
[    0.632505] uhci_hcd: USB Universal Host Controller Interface driver
[    0.632570] i8042: PNP: PS/2 Controller [PNP0303:PS2K,PNP0f03:PS2M] at 0x60,0x64 irq 1,12
[    0.633011] serio: i8042 KBD port at 0x60,0x64 irq 1
[    0.633015] serio: i8042 AUX port at 0x60,0x64 irq 12
[    0.633101] mousedev: PS/2 mouse device common for all mice
[    0.633354] input: AT Translated Set 2 keyboard as /devices/platform/i8042/serio0/input/input2
[    0.633751] rtc_cmos rtc_cmos: registered as rtc0
[    0.633764] rtc_cmos rtc_cmos: alarms up to one day, 114 bytes nvram
[    0.633769] i2c /dev entries driver
[    0.633813] device-mapper: uevent: version 1.0.3
[    0.633855] device-mapper: ioctl: 4.41.0-ioctl (2019-09-16) initialised: dm-devel@redhat.com
[    0.633871] platform eisa.0: Probing EISA bus 0
[    0.633872] platform eisa.0: EISA: Cannot allocate resource for mainboard
[    0.633873] platform eisa.0: Cannot allocate resource for EISA slot 1
[    0.633874] platform eisa.0: Cannot allocate resource for EISA slot 2
[    0.633875] platform eisa.0: Cannot allocate resource for EISA slot 3
[    0.633876] platform eisa.0: Cannot allocate resource for EISA slot 4
[    0.633877] platform eisa.0: Cannot allocate resource for EISA slot 5
[    0.633878] platform eisa.0: Cannot allocate resource for EISA slot 6
[    0.633879] platform eisa.0: Cannot allocate resource for EISA slot 7
[    0.633880] platform eisa.0: Cannot allocate resource for EISA slot 8
[    0.633881] platform eisa.0: EISA: Detected 0 cards
[    0.633884] intel_pstate: CPU model not supported
[    0.633894] ledtrig-cpu: registered to indicate activity on CPUs
[    0.633947] drop_monitor: Initializing network drop monitor service
[    0.634105] NET: Registered protocol family 10
[    0.639479] Segment Routing with IPv6
[    0.639511] fullmesh registered
[    0.639512] ndiffports registered
[    0.639514] binder registered
[    0.639515] roundrobin registered
[    0.639515] redundant registered
[    0.639516] blest registered
[    0.639516] ecf registered
[    0.639518] NET: Registered protocol family 17
[    0.639549] Key type dns_resolver registered
[    0.639657] RAS: Correctable Errors collector initialized.
[    0.639671] IPI shorthand broadcast: enabled
[    0.639685] sched_clock: Marking stable (628097105, 11081632)->(641385470, -2206733)
[    0.639733] registered taskstats version 1
[    0.639742] Loading compiled-in X.509 certificates
[    0.640327] Loaded X.509 cert 'Build time autogenerated kernel key: 6909f3744cebb3d0de528d5887b96a727de79b1e'
[    0.640346] zswap: loaded using pool lzo/zbud
[    0.640399] Key type ._fscrypt registered
[    0.640400] Key type .fscrypt registered
[    0.644896] Key type big_key registered
[    0.647095] Key type encrypted registered
[    0.647097] AppArmor: AppArmor sha1 policy hashing enabled
[    0.647105] ima: No TPM chip found, activating TPM-bypass!
[    0.647109] ima: Allocated hash algorithm: sha1
[    0.647115] ima: No architecture policies found
[    0.647124] evm: Initialising EVM extended attributes:
[    0.647124] evm: security.selinux
[    0.647125] evm: security.SMACK64
[    0.647125] evm: security.SMACK64EXEC
[    0.647125] evm: security.SMACK64TRANSMUTE
[    0.647126] evm: security.SMACK64MMAP
[    0.647126] evm: security.apparmor
[    0.647127] evm: security.ima
[    0.647127] evm: security.capability
[    0.647128] evm: HMAC attrs: 0x1
[    0.647422] PM:   Magic number: 10:693:289
[    0.647443] tty tty22: hash matches
[    0.647552] rtc_cmos rtc_cmos: setting system clock to 2026-01-16T17:17:35 UTC (1768583855)
[    0.803845] ata1.00: ATA-6: VBOX HARDDISK, 1.0, max UDMA/133
[    0.803848] ata1.00: 209715200 sectors, multi 128: LBA 
[    0.804454] scsi 0:0:0:0: Direct-Access     ATA      VBOX HARDDISK    1.0  PQ: 0 ANSI: 5
[    0.804716] sd 0:0:0:0: [sda] 209715200 512-byte logical blocks: (107 GB/100 GiB)
[    0.804728] sd 0:0:0:0: [sda] Write Protect is off
[    0.804730] sd 0:0:0:0: [sda] Mode Sense: 00 3a 00 00
[    0.804748] sd 0:0:0:0: [sda] Write cache: enabled, read cache: enabled, doesn't support DPO or FUA
[    0.805037] sd 0:0:0:0: Attached scsi generic sg0 type 0
[    0.805776]  sda: sda1 sda2
[    0.815473] sd 0:0:0:0: [sda] Attached SCSI disk
[    0.820736] Freeing unused decrypted memory: 2040K
[    0.822088] Freeing unused kernel image memory: 2728K
[    0.822092] Write protecting the kernel read-only data: 22528k
[    0.823598] Freeing unused kernel image memory: 2036K
[    0.824389] Freeing unused kernel image memory: 1432K
[    0.859541] x86/mm: Checked W+X mappings: passed, no W+X pages found.
[    0.859546] Run /init as init process
[    0.968258] ACPI: Video Device [GFX0] (multi-head: yes  rom: no  post: no)
[    0.968331] input: Video Bus as /devices/LNXSYSTM:00/LNXSYBUS:00/PNP0A03:00/LNXVIDEO:00/input/input4
[    0.983540] pcnet32: pcnet32.c:v1.35 21.Apr.2008 tsbogend@alpha.franken.de
[    0.985058] piix4_smbus 0000:00:07.0: SMBus Host Controller at 0x4100, revision 0
[    0.987766] e1000: Intel(R) PRO/1000 Network Driver - version 7.3.21-k8-NAPI
[    0.987767] e1000: Copyright (c) 1999-2006 Intel Corporation.
[    0.999292] pcnet32: PCnet/FAST III 79C973 at 0xd020, 08:00:27:2d:4b:df assigned IRQ 19
[    0.999336] pcnet32: Found PHY 0022:561b at address 0
[    0.999639] pcnet32: eth0: registered as PCnet/FAST III 79C973
[    1.000242] pcnet32: PCnet/FAST III 79C973 at 0xd060, 08:00:27:f0:16:a4 assigned IRQ 16
[    1.000284] pcnet32: Found PHY 0022:561b at address 0
[    1.000555] pcnet32: eth1: registered as PCnet/FAST III 79C973
[    1.000575] pcnet32: 2 cards_found
[    1.059567] pcnet32 0000:00:08.0 enp0s8: renamed from eth1
[    1.060303] pcnet32 0000:00:03.0 enp0s3: renamed from eth0
[    1.203908] input: ImExPS/2 Generic Explorer Mouse as /devices/platform/i8042/serio1/input/input5
[    1.395374] e1000 0000:00:09.0 eth0: (PCI:33MHz:32-bit) 08:00:27:74:2d:3a
[    1.395378] e1000 0000:00:09.0 eth0: Intel(R) PRO/1000 Network Connection
[    1.396486] e1000 0000:00:09.0 enp0s9: renamed from eth0
[    1.544873] EXT4-fs (sda2): mounted filesystem with ordered data mode. Opts: (null)
[    1.635835] systemd[1]: Inserted module 'autofs4'
[    1.647841] systemd[1]: systemd 245.4-4ubuntu3 running in system mode. (+PAM +AUDIT +SELINUX +IMA +APPARMOR +SMACK +SYSVINIT +UTMP +LIBCRYPTSETUP +GCRYPT +GNUTLS +ACL +XZ +LZ4 +SECCOMP +BLKID +ELFUTILS +KMOD +IDN2 -IDN +PCRE2 default-hierarchy=hybrid)
[    1.647874] systemd[1]: Detected virtualization oracle.
[    1.647881] systemd[1]: Detected architecture x86-64.
[    1.649178] systemd[1]: Set hostname to <ztg>.
[    1.775254] systemd[1]: /lib/systemd/system/dbus.socket:5: ListenStream= references a path below legacy directory /var/run/, updating /var/run/dbus/system_bus_socket â†’ /run/dbus/system_bus_socket; please update the unit file accordingly.
[    1.827895] systemd[1]: Created slice system-modprobe.slice.
[    1.828078] systemd[1]: Created slice User and Session Slice.
[    1.828122] systemd[1]: Started Forward Password Requests to Wall Directory Watch.
[    1.828285] systemd[1]: Set up automount Arbitrary Executable File Formats File System Automount Point.
[    1.828316] systemd[1]: Reached target User and Group Name Lookups.
[    1.828325] systemd[1]: Reached target Remote File Systems.
[    1.828333] systemd[1]: Reached target Slices.
[    1.828888] systemd[1]: Listening on Syslog Socket.
[    1.828958] systemd[1]: Listening on fsck to fsckd communication Socket.
[    1.828997] systemd[1]: Listening on initctl Compatibility Named Pipe.
[    1.829135] systemd[1]: Listening on Journal Audit Socket.
[    1.829191] systemd[1]: Listening on Journal Socket (/dev/log).
[    1.829259] systemd[1]: Listening on Journal Socket.
[    1.829322] systemd[1]: Listening on udev Control Socket.
[    1.829363] systemd[1]: Listening on udev Kernel Socket.
[    1.830113] systemd[1]: Mounting Huge Pages File System...
[    1.831053] systemd[1]: Mounting POSIX Message Queue File System...
[    1.831983] systemd[1]: Mounting Kernel Debug File System...
[    1.832820] systemd[1]: Mounting Kernel Trace File System...
[    1.834731] systemd[1]: Starting Journal Service...
[    1.856844] systemd[1]: Starting Set the console keyboard layout...
[    1.867732] systemd[1]: Starting Create list of static device nodes for the current kernel...
[    1.870094] systemd[1]: Starting Load Kernel Module drm...
[    1.874498] systemd[1]: Condition check resulted in Set Up Additional Binary Formats being skipped.
[    1.874640] systemd[1]: Condition check resulted in File System Check on Root Device being skipped.
[    1.884881] systemd[1]: Starting Load Kernel Modules...
[    1.891931] systemd[1]: Starting Remount Root and Kernel File Systems...
[    1.914004] systemd[1]: Starting udev Coldplug all Devices...
[    1.917822] systemd[1]: Starting Uncomplicated firewall...
[    1.919454] systemd[1]: Mounted Huge Pages File System.
[    1.919543] systemd[1]: Mounted POSIX Message Queue File System.
[    1.919619] systemd[1]: Mounted Kernel Debug File System.
[    1.919688] systemd[1]: Mounted Kernel Trace File System.
[    1.943728] EXT4-fs (sda2): re-mounted. Opts: errors=remount-ro
[    1.950504] systemd[1]: Finished Create list of static device nodes for the current kernel.
[    1.957369] systemd[1]: modprobe@drm.service: Succeeded.
[    1.959127] systemd[1]: Finished Load Kernel Module drm.
[    1.959501] systemd[1]: Finished Remount Root and Kernel File Systems.
[    1.960947] systemd[1]: Finished Uncomplicated firewall.
[    1.976647] systemd[1]: Condition check resulted in Rebuild Hardware Database being skipped.
[    1.976688] systemd[1]: Condition check resulted in Platform Persistent Storage Archival being skipped.
[    1.977477] systemd[1]: Starting Load/Save Random Seed...
[    1.978975] lp: driver loaded but no devices found
[    1.987907] systemd[1]: Starting Create System Users...
[    1.993738] ppdev: user-space parallel port driver
[    2.001748] systemd[1]: Finished Load/Save Random Seed.
[    2.002833] systemd[1]: Finished Create System Users.
[    2.004024] systemd[1]: Starting Create Static Device Nodes in /dev...
[    2.032870] systemd[1]: Finished Create Static Device Nodes in /dev.
[    2.033758] systemd[1]: Starting udev Kernel Device Manager...
[    2.056337] systemd[1]: Finished udev Coldplug all Devices.
[    2.088939] [drm] DMA map mode: Caching DMA mappings.
[    2.089002] [drm] Capabilities:
[    2.089002] [drm]   Rect copy.
[    2.089002] [drm]   Cursor.
[    2.089003] [drm]   Cursor bypass.
[    2.089003] [drm]   Cursor bypass 2.
[    2.089003] [drm]   Alpha cursor.
[    2.089004] [drm]   Extended Fifo.
[    2.089004] [drm]   Pitchlock.
[    2.089004] [drm]   Irq mask.
[    2.089005] [drm]   GMR.
[    2.089005] [drm]   Traces.
[    2.089005] [drm]   GMR2.
[    2.089006] [drm]   Screen Object 2.
[    2.089006] [drm]   Command Buffers.
[    2.089006] [drm]   Command Buffers 2.
[    2.089007] [drm]   Guest Backed Resources.
[    2.089008] [drm] Max GMR ids is 8192
[    2.089008] [drm] Max number of GMR pages is 1048576
[    2.089009] [drm] Max dedicated hypervisor surface memory is 393216 kiB
[    2.089009] [drm] Maximum display memory size is 131072 kiB
[    2.089010] [drm] VRAM at 0xe0000000 size is 131072 kiB
[    2.089011] [drm] MMIO at 0xf0000000 size is 2048 kiB
[    2.089699] [TTM] Zone  kernel: Available graphics memory: 1011738 KiB
[    2.089699] [TTM] Initializing pool allocator
[    2.089703] [TTM] Initializing DMA pool allocator
[    2.089826] [drm] Supports vblank timestamp caching Rev 2 (21.10.2013).
[    2.089826] [drm] No driver support for vblank timestamp query.
[    2.090079] [drm] Screen Target Display device initialized
[    2.090292] [drm] width 720
[    2.090301] [drm] height 400
[    2.090304] [drm] bpp 32
[    2.090840] [drm] Fifo max 0x00200000 min 0x00001000 cap 0x00000355
[    2.095726] [drm] Using command buffers with DMA pool.
[    2.095730] [drm] DX: no.
[    2.095731] [drm] Atomic: yes.
[    2.095731] [drm] SM4_1: no.
[    2.095753] [drm:vmw_host_log [vmwgfx]] *ERROR* Failed to send host log message.
[    2.096642] [drm:vmw_host_log [vmwgfx]] *ERROR* Failed to send host log message.
[    2.132491] fbcon: svgadrmfb (fb0) is primary device
[    2.134619] Console: switching to colour frame buffer device 100x37
[    2.140594] systemd[1]: Finished Set the console keyboard layout.
[    2.140737] systemd[1]: Reached target Local File Systems (Pre).
[    2.144097] [drm] Initialized vmwgfx 2.15.0 20180704 for 0000:00:02.0 on minor 0
[    2.146019] systemd[1]: Mounting Mount unit for bare, revision 5...
[    2.150236] systemd[1]: Mounting Mount unit for core18, revision 1705...
[    2.171726] systemd[1]: Mounting Mount unit for gnome-3-34-1804, revision 24...
[    2.183660] systemd[1]: Mounting Mount unit for gtk-common-themes, revision 1506...
[    2.189383] systemd[1]: Mounting Mount unit for gtk-common-themes, revision 1535...
[    2.194711] systemd[1]: Mounting Mount unit for snap-store, revision 433...
[    2.220272] systemd[1]: Mounting Mount unit for snapd, revision 7264...
[    2.226850] systemd[1]: Finished Load Kernel Modules.
[    2.229071] systemd[1]: Mounted Mount unit for bare, revision 5.
[    2.236167] systemd[1]: Mounting FUSE Control File System...
[    2.240798] systemd[1]: Mounting Kernel Configuration File System...
[    2.245048] systemd[1]: Starting Apply Kernel Variables...
[    2.246669] systemd[1]: Mounted Mount unit for core18, revision 1705.
[    2.246770] systemd[1]: Mounted Mount unit for gnome-3-34-1804, revision 24.
[    2.246847] systemd[1]: Mounted FUSE Control File System.
[    2.246900] systemd[1]: Condition check resulted in VMware vmblock fuse mount being skipped.
[    2.266938] systemd[1]: Started udev Kernel Device Manager.
[    2.267065] systemd[1]: Mounted Mount unit for gtk-common-themes, revision 1506.
[    2.267616] systemd[1]: Mounted Kernel Configuration File System.
[    2.270078] systemd[1]: Starting Show Plymouth Boot Screen...
[    2.274205] systemd[1]: Received SIGRTMIN+20 from PID 282 (plymouthd).
[    2.305520] systemd[1]: Mounted Mount unit for gtk-common-themes, revision 1535.
[    2.310389] systemd[1]: Mounted Mount unit for snap-store, revision 433.
[    2.310628] systemd[1]: Mounted Mount unit for snapd, revision 7264.
[    2.311090] systemd[1]: Finished Apply Kernel Variables.
[    2.311297] systemd[1]: Reached target Local File Systems.
[    2.313654] systemd[1]: Starting Load AppArmor profiles...
[    2.314477] systemd[1]: Starting Set console font and keymap...
[    2.328764] systemd[1]: Starting Tell Plymouth To Write Out Runtime Data...
[    2.331627] systemd[1]: Condition check resulted in Store a System Token in an EFI Variable being skipped.
[    2.331657] systemd[1]: Condition check resulted in Commit a transient machine-id on disk being skipped.
[    2.331786] systemd[1]: Started Show Plymouth Boot Screen.
[    2.334905] systemd[1]: Condition check resulted in Dispatch Password Requests to Console Directory Watch being skipped.
[    2.334989] systemd[1]: Started Forward Password Requests to Plymouth Directory Watch.
[    2.335322] systemd[1]: Reached target Local Encrypted Volumes.
[    2.335715] systemd[1]: Finished Set console font and keymap.
[    2.343873] systemd[1]: Received SIGRTMIN+20 from PID 282 (plymouthd).
[    2.344714] systemd[1]: plymouth-read-write.service: Succeeded.
[    2.344957] systemd[1]: Finished Tell Plymouth To Write Out Runtime Data.
[    2.378269] audit: type=1400 audit(1768583857.224:2): apparmor="STATUS" operation="profile_load" profile="unconfined" name="nvidia_modprobe" pid=301 comm="apparmor_parser"
[    2.378272] audit: type=1400 audit(1768583857.224:3): apparmor="STATUS" operation="profile_load" profile="unconfined" name="nvidia_modprobe//kmod" pid=301 comm="apparmor_parser"
[    2.385193] audit: type=1400 audit(1768583857.232:4): apparmor="STATUS" operation="profile_load" profile="unconfined" name="/usr/sbin/tcpdump" pid=302 comm="apparmor_parser"
[    2.430815] audit: type=1400 audit(1768583857.272:5): apparmor="STATUS" operation="profile_load" profile="unconfined" name="/usr/bin/evince" pid=304 comm="apparmor_parser"
[    2.430818] audit: type=1400 audit(1768583857.272:6): apparmor="STATUS" operation="profile_load" profile="unconfined" name="/usr/bin/evince//sanitized_helper" pid=304 comm="apparmor_parser"
[    2.430820] audit: type=1400 audit(1768583857.272:7): apparmor="STATUS" operation="profile_load" profile="unconfined" name="/usr/bin/evince-previewer" pid=304 comm="apparmor_parser"
[    2.430821] audit: type=1400 audit(1768583857.272:8): apparmor="STATUS" operation="profile_load" profile="unconfined" name="/usr/bin/evince-previewer//sanitized_helper" pid=304 comm="apparmor_parser"
[    2.430823] audit: type=1400 audit(1768583857.272:9): apparmor="STATUS" operation="profile_load" profile="unconfined" name="/usr/bin/evince-thumbnailer" pid=304 comm="apparmor_parser"
[    2.458912] audit: type=1400 audit(1768583857.308:10): apparmor="STATUS" operation="profile_load" profile="unconfined" name="/usr/lib/cups/backend/cups-pdf" pid=305 comm="apparmor_parser"
[    2.521675] systemd[1]: Finished Load AppArmor profiles.
[    2.522609] systemd[1]: Starting Load AppArmor profiles managed internally by snapd...
[    2.591039] systemd[1]: Finished Load AppArmor profiles managed internally by snapd.
[    2.811486] systemd[1]: Started Journal Service.
[    2.819695] systemd-journald[229]: Received client request to flush runtime journal.
[    2.822019] systemd-journald[229]: File /var/log/journal/c455b248004a419c87ce85eea238d727/system.journal corrupted or uncleanly shut down, renaming and replacing.
[    4.167323] RAPL PMU: API unit is 2^-32 Joules, 0 fixed counters, 10737418240 ms ovfl timer
[    4.220168] cryptd: max_cpu_qlen set to 1000
[    4.299631] AVX2 version of gcm_enc/dec engaged.
[    4.299632] AES CTR mode by8 optimization enabled
[    5.061208] Adding 1998844k swap on /dev/sda1.  Priority:-2 extents:1 across:1998844k FS
[    6.668344] kauditd_printk_skb: 30 callbacks suppressed
[    6.668345] audit: type=1400 audit(1768583861.516:41): apparmor="DENIED" operation="capable" profile="/usr/sbin/cups-browsed" pid=497 comm="cups-browsed" capability=23  capname="sys_nice"
[    7.253436] pcnet32 0000:00:03.0 enp0s3: link up, 100Mbps, full-duplex
[    7.267294] pcnet32 0000:00:08.0 enp0s8: link up, 100Mbps, full-duplex
[    7.296470] e1000: enp0s9 NIC Link is Up 1000 Mbps Full Duplex, Flow Control: RX
[    7.296758] IPv6: ADDRCONF(NETDEV_CHANGE): enp0s9: link becomes ready
[    7.759398] device enp0s8 entered promiscuous mode
[    7.762323] device enp0s3 entered promiscuous mode
[    7.792360] audit: type=1400 audit(1768583862.640:42): apparmor="DENIED" operation="open" profile="/usr/sbin/tcpdump" name="/proc/sys/kernel/random/boot_id" pid=665 comm="tcpdump" requested_mask="r" denied_mask="r" fsuid=0 ouid=0
[    7.795278] audit: type=1400 audit(1768583862.640:43): apparmor="DENIED" operation="open" profile="/usr/sbin/tcpdump" name="/proc/sys/kernel/random/boot_id" pid=664 comm="tcpdump" requested_mask="r" denied_mask="r" fsuid=0 ouid=0
[    7.795901] audit: type=1400 audit(1768583862.644:44): apparmor="DENIED" operation="open" profile="/usr/sbin/tcpdump" name="/proc/sys/kernel/random/boot_id" pid=664 comm="tcpdump" requested_mask="r" denied_mask="r" fsuid=0 ouid=0
[    7.795944] audit: type=1400 audit(1768583862.644:45): apparmor="DENIED" operation="open" profile="/usr/sbin/tcpdump" name="/proc/sys/kernel/random/boot_id" pid=664 comm="tcpdump" requested_mask="r" denied_mask="r" fsuid=0 ouid=0
[    7.796000] audit: type=1400 audit(1768583862.644:46): apparmor="DENIED" operation="open" profile="/usr/sbin/tcpdump" name="/proc/sys/kernel/random/boot_id" pid=664 comm="tcpdump" requested_mask="r" denied_mask="r" fsuid=0 ouid=0
[    7.799991] audit: type=1400 audit(1768583862.648:47): apparmor="DENIED" operation="open" profile="/usr/sbin/tcpdump" name="/proc/sys/kernel/random/boot_id" pid=665 comm="tcpdump" requested_mask="r" denied_mask="r" fsuid=0 ouid=0
[    7.800029] audit: type=1400 audit(1768583862.648:48): apparmor="DENIED" operation="open" profile="/usr/sbin/tcpdump" name="/proc/sys/kernel/random/boot_id" pid=665 comm="tcpdump" requested_mask="r" denied_mask="r" fsuid=0 ouid=0
[    7.800093] audit: type=1400 audit(1768583862.648:49): apparmor="DENIED" operation="open" profile="/usr/sbin/tcpdump" name="/proc/sys/kernel/random/boot_id" pid=665 comm="tcpdump" requested_mask="r" denied_mask="r" fsuid=0 ouid=0
[    7.803888] audit: type=1400 audit(1768583862.652:50): apparmor="DENIED" operation="open" profile="/usr/sbin/tcpdump" name="/proc/sys/kernel/random/boot_id" pid=667 comm="tcpdump" requested_mask="r" denied_mask="r" fsuid=0 ouid=0
[   12.295610] rfkill: input handler disabled
[  242.850584] AAAAA-TCP_FORW: name:enp0s8: saddr:100932208: daddr:16783984
[  242.852135] AAAAA-TCP_FORW: name:enp0s3: saddr:16783984: daddr:100932208
[  243.854937] AAAAA-TCP_FORW: name:enp0s3: saddr:16783984: daddr:100932208
[  243.881990] AAAAA-TCP_FORW: name:enp0s8: saddr:100932208: daddr:16783984
[  243.882846] AAAAA-TCP_FORW: name:enp0s3: saddr:16783984: daddr:100932208
[  243.904635] AAAAA-TCP_FORW: name:enp0s8: saddr:100932208: daddr:16783984
[  244.207342] AAAAA-TCP_FORW: name:enp0s8: saddr:100932208: daddr:16783984
[  244.225654] AAAAA-TCP_FORW: name:enp0s8: saddr:100932208: daddr:16783984
[  244.226653] AAAAA-TCP_FORW: name:enp0s3: saddr:16783984: daddr:100932208
[  244.252803] AAAAA-TCP_FORW: name:enp0s8: saddr:100932208: daddr:16783984
[  244.253629] AAAAA-TCP_FORW: name:enp0s3: saddr:16783984: daddr:100932208
[  244.253720] AAAAA-TCP_FORW: name:enp0s3: saddr:16783984: daddr:100932208
[  244.599723] AAAAA-TCP_FORW: name:enp0s3: saddr:33561200: daddr:100932208
[  244.757165] AAAAA-TCP_FORW: name:enp0s3: saddr:16783984: daddr:100932208
[  244.934563] AAAAA-TCP_FORW: name:enp0s3: saddr:33561200: daddr:100932208
[  245.067682] AAAAA-TCP_FORW: name:enp0s3: saddr:16783984: daddr:100932208
[  245.067714] AAAAA-TCP_FORW: name:enp0s3: saddr:33561200: daddr:100932208
[  245.480505] AAAAA-TCP_FORW: name:enp0s3: saddr:16783984: daddr:100932208
[  245.682613] AAAAA-TCP_FORW: name:enp0s3: saddr:16783984: daddr:100932208
[  245.752940] AAAAA-TCP_FORW: name:enp0s3: saddr:16783984: daddr:100932208
[  245.754087] AAAAA-TCP_FORW: name:enp0s3: saddr:33561200: daddr:100932208
[  245.906882] AAAAA-TCP_FORW: name:enp0s3: saddr:33561200: daddr:100932208
[  246.092411] AAAAA-TCP_FORW: name:enp0s3: saddr:33561200: daddr:100932208
[  246.265474] AAAAA-TCP_FORW: name:enp0s3: saddr:33561200: daddr:100932208
[  246.450161] AAAAA-TCP_FORW: name:enp0s3: saddr:16783984: daddr:100932208
[  246.537970] AAAAA-TCP_FORW: name:enp0s3: saddr:16783984: daddr:100932208
[  246.625592] AAAAA-TCP_FORW: name:enp0s3: saddr:16783984: daddr:100932208
[  246.739895] AAAAA-TCP_FORW: name:enp0s3: saddr:16783984: daddr:100932208
[  270.452383] AAAAA-TCP_FORW: name:enp0s3: saddr:33561200: daddr:100932208
[  270.586809] AAAAA-TCP_FORW: name:enp0s3: saddr:33561200: daddr:100932208
[  270.666630] AAAAA-TCP_FORW: name:enp0s3: saddr:33561200: daddr:100932208
[  270.869445] AAAAA-TCP_FORW: name:enp0s3: saddr:33561200: daddr:100932208
[  271.146818] AAAAA-TCP_FORW: name:enp0s3: saddr:33561200: daddr:100932208
[  271.236247] AAAAA-TCP_FORW: name:enp0s3: saddr:33561200: daddr:100932208
[  271.398422] AAAAA-TCP_FORW: name:enp0s3: saddr:33561200: daddr:100932208
[  271.462619] AAAAA-TCP_FORW: name:enp0s3: saddr:33561200: daddr:100932208
[  271.535828] AAAAA-TCP_FORW: name:enp0s3: saddr:33561200: daddr:100932208
[  271.589011] AAAAA-TCP_FORW: name:enp0s3: saddr:33561200: daddr:100932208
[  271.767915] AAAAA-TCP_FORW: name:enp0s3: saddr:33561200: daddr:100932208
[  271.856231] AAAAA-TCP_FORW: name:enp0s3: saddr:33561200: daddr:100932208
[  271.941898] AAAAA-TCP_FORW: name:enp0s3: saddr:33561200: daddr:100932208
[  272.073308] AAAAA-TCP_FORW: name:enp0s3: saddr:33561200: daddr:100932208
[  272.192889] AAAAA-TCP_FORW: name:enp0s3: saddr:33561200: daddr:100932208
[  272.272173] AAAAA-TCP_FORW: name:enp0s3: saddr:33561200: daddr:100932208
[  272.307190] AAAAA-TCP_FORW: name:enp0s3: saddr:16783984: daddr:100932208
[  272.449705] AAAAA-TCP_FORW: name:enp0s3: saddr:16783984: daddr:100932208
[  272.591591] AAAAA-TCP_FORW: name:enp0s3: saddr:16783984: daddr:100932208
[  272.746410] AAAAA-TCP_FORW: name:enp0s3: saddr:16783984: daddr:100932208
[  272.809043] AAAAA-TCP_FORW: name:enp0s3: saddr:16783984: daddr:100932208
[  272.983352] AAAAA-TCP_FORW: name:enp0s3: saddr:16783984: daddr:100932208
[  273.050716] AAAAA-TCP_FORW: name:enp0s3: saddr:16783984: daddr:100932208
[  273.228570] AAAAA-TCP_FORW: name:enp0s3: saddr:16783984: daddr:100932208
[  273.326431] AAAAA-TCP_FORW: name:enp0s3: saddr:16783984: daddr:100932208
[  273.549380] AAAAA-TCP_FORW: name:enp0s3: saddr:16783984: daddr:100932208
[  395.873582] AAAAA-TCP_FORW: name:enp0s8: saddr:100932208: daddr:33561200
[  396.323216] AAAAA-TCP_FORW: name:enp0s8: saddr:100932208: daddr:16783984
[  396.443709] AAAAA-TCP_FORW: name:enp0s8: saddr:100932208: daddr:16783984
[  396.463978] AAAAA-TCP_FORW: name:enp0s8: saddr:100932208: daddr:16783984
[  396.651716] AAAAA-TCP_FORW: name:enp0s8: saddr:100932208: daddr:16783984
[  396.699946] AAAAA-TCP_FORW: name:enp0s8: saddr:100932208: daddr:16783984
[  396.803018] AAAAA-TCP_FORW: name:enp0s8: saddr:100932208: daddr:16783984
[  397.102489] AAAAA-TCP_FORW: name:enp0s8: saddr:100932208: daddr:16783984
[  397.215549] AAAAA-TCP_FORW: name:enp0s8: saddr:100932208: daddr:33561200
[  397.289922] AAAAA-TCP_FORW: name:enp0s8: saddr:100932208: daddr:16783984
[  397.380709] AAAAA-TCP_FORW: name:enp0s8: saddr:100932208: daddr:16783984
[  397.460058] AAAAA-TCP_FORW: name:enp0s8: saddr:100932208: daddr:16783984
[  397.594034] AAAAA-TCP_FORW: name:enp0s8: saddr:100932208: daddr:33561200
[  397.700836] AAAAA-TCP_FORW: name:enp0s8: saddr:100932208: daddr:16783984
[  397.820091] AAAAA-TCP_FORW: name:enp0s8: saddr:100932208: daddr:16783984
[  397.921262] AAAAA-TCP_FORW: name:enp0s8: saddr:100932208: daddr:16783984
[  397.932371] AAAAA-TCP_FORW: name:enp0s8: saddr:100932208: daddr:16783984
[  398.044797] AAAAA-TCP_FORW: name:enp0s8: saddr:100932208: daddr:16783984
[  398.141202] AAAAA-TCP_FORW: name:enp0s8: saddr:100932208: daddr:16783984
[  398.174451] AAAAA-TCP_FORW: name:enp0s8: saddr:100932208: daddr:16783984
[  398.190968] AAAAA-TCP_FORW: name:enp0s8: saddr:100932208: daddr:16783984
[  398.237687] AAAAA-TCP_FORW: name:enp0s8: saddr:100932208: daddr:16783984
[  398.390705] AAAAA-TCP_FORW: name:enp0s8: saddr:100932208: daddr:33561200
[  398.461130] AAAAA-TCP_FORW: name:enp0s8: saddr:100932208: daddr:16783984
[  398.520140] AAAAA-TCP_FORW: name:enp0s8: saddr:100932208: daddr:16783984
[  398.644166] AAAAA-TCP_FORW: name:enp0s8: saddr:100932208: daddr:33561200
[  398.713195] AAAAA-TCP_FORW: name:enp0s8: saddr:100932208: daddr:33561200
[  398.785581] AAAAA-TCP_FORW: name:enp0s8: saddr:100932208: daddr:16783984
[  398.937724] AAAAA-TCP_FORW: name:enp0s8: saddr:100932208: daddr:16783984
[  399.185436] AAAAA-TCP_FORW: name:enp0s8: saddr:100932208: daddr:16783984
[  399.278221] AAAAA-TCP_FORW: name:enp0s8: saddr:100932208: daddr:16783984
[  399.375442] AAAAA-TCP_FORW: name:enp0s8: saddr:100932208: daddr:16783984
[  399.448762] AAAAA-TCP_FORW: name:enp0s8: saddr:100932208: daddr:16783984
[  399.521541] AAAAA-TCP_FORW: name:enp0s8: saddr:100932208: daddr:16783984
[  399.612526] AAAAA-TCP_FORW: name:enp0s8: saddr:100932208: daddr:16783984
[  399.695325] AAAAA-TCP_FORW: name:enp0s8: saddr:100932208: daddr:16783984
[  399.769285] AAAAA-TCP_FORW: name:enp0s8: saddr:100932208: daddr:16783984
[  399.877797] AAAAA-TCP_FORW: name:enp0s8: saddr:100932208: daddr:33561200
[  400.015756] AAAAA-TCP_FORW: name:enp0s8: saddr:100932208: daddr:16783984
[  578.993289] rfkill: input handler enabled
[  587.948715] rfkill: input handler disabled
[  753.864612] device enp0s3 left promiscuous mode
[  753.866571] device enp0s8 left promiscuous mode
