[    0.000000] Linux version 5.4.243-mptcp (root@ztg) (gcc version 12.2.0 (Debian 12.2.0-14+deb12u1)) #53 SMP Wed Dec 24 23:28:15 CST 2025
[    0.000000] Command line: BOOT_IMAGE=/boot/vmlinuz-5.4.243-mptcp root=UUID=98415a12-53b7-4144-8265-0f7ece09e445 ro quiet splash
[    0.000000] KERNEL supported cpus:
[    0.000000]   Intel GenuineIntel
[    0.000000]   AMD AuthenticAMD
[    0.000000]   Hygon HygonGenuine
[    0.000000]   Centaur CentaurHauls
[    0.000000]   zhaoxin   Shanghai  
[    0.000000] x86/fpu: Supporting XSAVE feature 0x001: 'x87 floating point registers'
[    0.000000] x86/fpu: Supporting XSAVE feature 0x002: 'SSE registers'
[    0.000000] x86/fpu: Supporting XSAVE feature 0x004: 'AVX registers'
[    0.000000] x86/fpu: xstate_offset[2]:  576, xstate_sizes[2]:  256
[    0.000000] x86/fpu: Enabled xstate features 0x7, context size is 832 bytes, using 'standard' format.
[    0.000000] BIOS-provided physical RAM map:
[    0.000000] BIOS-e820: [mem 0x0000000000000000-0x000000000009fbff] usable
[    0.000000] BIOS-e820: [mem 0x000000000009fc00-0x000000000009ffff] reserved
[    0.000000] BIOS-e820: [mem 0x00000000000f0000-0x00000000000fffff] reserved
[    0.000000] BIOS-e820: [mem 0x0000000000100000-0x000000007ffeffff] usable
[    0.000000] BIOS-e820: [mem 0x000000007fff0000-0x000000007fffffff] ACPI data
[    0.000000] BIOS-e820: [mem 0x00000000fec00000-0x00000000fec00fff] reserved
[    0.000000] BIOS-e820: [mem 0x00000000fee00000-0x00000000fee00fff] reserved
[    0.000000] BIOS-e820: [mem 0x00000000fffc0000-0x00000000ffffffff] reserved
[    0.000000] NX (Execute Disable) protection: active
[    0.000000] SMBIOS 2.5 present.
[    0.000000] DMI: innotek GmbH VirtualBox/VirtualBox, BIOS VirtualBox 12/01/2006
[    0.000000] Hypervisor detected: KVM
[    0.000000] kvm-clock: Using msrs 4b564d01 and 4b564d00
[    0.000000] kvm-clock: cpu 0, msr 3e201001, primary cpu clock
[    0.000000] kvm-clock: using sched offset of 4443492484 cycles
[    0.000003] clocksource: kvm-clock: mask: 0xffffffffffffffff max_cycles: 0x1cd42e4dffb, max_idle_ns: 881590591483 ns
[    0.000005] tsc: Detected 2100.000 MHz processor
[    0.001879] e820: update [mem 0x00000000-0x00000fff] usable ==> reserved
[    0.001881] e820: remove [mem 0x000a0000-0x000fffff] usable
[    0.001884] last_pfn = 0x7fff0 max_arch_pfn = 0x400000000
[    0.001951] MTRR default type: uncachable
[    0.001952] MTRR fixed ranges enabled:
[    0.001953]   00000-9FFFF write-back
[    0.001954]   A0000-BFFFF uncachable
[    0.001955]   C0000-FFFFF write-protect
[    0.001955] MTRR variable ranges enabled:
[    0.001957]   0 base 000000000000 mask 3FFF80000000 write-back
[    0.001958]   1 disabled
[    0.001958]   2 disabled
[    0.001958]   3 disabled
[    0.001959]   4 disabled
[    0.001959]   5 disabled
[    0.001960]   6 disabled
[    0.001960]   7 disabled
[    0.001960]   8 disabled
[    0.001961]   9 disabled
[    0.001961]   10 disabled
[    0.001962]   11 disabled
[    0.001962]   12 disabled
[    0.001963]   13 disabled
[    0.001963]   14 disabled
[    0.001963]   15 disabled
[    0.001980] x86/PAT: Configuration [0-7]: WB  WC  UC- UC  WB  WP  UC- WT  
[    0.002115] found SMP MP-table at [mem 0x0009fff0-0x0009ffff]
[    0.092054] check: Scanning 1 areas for low memory corruption
[    0.092261] RAMDISK: [mem 0x32271000-0x3512ffff]
[    0.092269] ACPI: Early table checksum verification disabled
[    0.092274] ACPI: RSDP 0x00000000000E0000 000024 (v02 VBOX  )
[    0.092278] ACPI: XSDT 0x000000007FFF0030 00003C (v01 VBOX   VBOXXSDT 00000001 ASL  00000061)
[    0.092284] ACPI: FACP 0x000000007FFF00F0 0000F4 (v04 VBOX   VBOXFACP 00000001 ASL  00000061)
[    0.092291] ACPI: DSDT 0x000000007FFF02E0 002353 (v02 VBOX   VBOXBIOS 00000002 VBOX 00029BF3)
[    0.092295] ACPI: FACS 0x000000007FFF0200 000040
[    0.092298] ACPI: FACS 0x000000007FFF0200 000040
[    0.092302] ACPI: APIC 0x000000007FFF0240 000054 (v02 VBOX   VBOXAPIC 00000001 ASL  00000061)
[    0.092305] ACPI: SSDT 0x000000007FFF02A0 000038 (v01 VBOX   VBOXCPUT 00000002 VBOX 00029BF3)
[    0.092309] ACPI: Reserving FACP table memory at [mem 0x7fff00f0-0x7fff01e3]
[    0.092309] ACPI: Reserving DSDT table memory at [mem 0x7fff02e0-0x7fff2632]
[    0.092310] ACPI: Reserving FACS table memory at [mem 0x7fff0200-0x7fff023f]
[    0.092311] ACPI: Reserving FACS table memory at [mem 0x7fff0200-0x7fff023f]
[    0.092311] ACPI: Reserving APIC table memory at [mem 0x7fff0240-0x7fff0293]
[    0.092312] ACPI: Reserving SSDT table memory at [mem 0x7fff02a0-0x7fff02d7]
[    0.092326] ACPI: Local APIC address 0xfee00000
[    0.092538] No NUMA configuration found
[    0.092540] Faking a node at [mem 0x0000000000000000-0x000000007ffeffff]
[    0.092550] NODE_DATA(0) allocated [mem 0x7ffc5000-0x7ffeffff]
[    0.092810] Zone ranges:
[    0.092811]   DMA      [mem 0x0000000000001000-0x0000000000ffffff]
[    0.092812]   DMA32    [mem 0x0000000001000000-0x000000007ffeffff]
[    0.092813]   Normal   empty
[    0.092814]   Device   empty
[    0.092814] Movable zone start for each node
[    0.092816] Early memory node ranges
[    0.092817]   node   0: [mem 0x0000000000001000-0x000000000009efff]
[    0.092818]   node   0: [mem 0x0000000000100000-0x000000007ffeffff]
[    0.092821] Zeroed struct page in unavailable ranges: 114 pages
[    0.092822] Initmem setup node 0 [mem 0x0000000000001000-0x000000007ffeffff]
[    0.092823] On node 0 totalpages: 524174
[    0.092824]   DMA zone: 64 pages used for memmap
[    0.092825]   DMA zone: 21 pages reserved
[    0.092825]   DMA zone: 3998 pages, LIFO batch:0
[    0.092897]   DMA32 zone: 8128 pages used for memmap
[    0.092897]   DMA32 zone: 520176 pages, LIFO batch:63
[    0.101804] ACPI: PM-Timer IO Port: 0x4008
[    0.101807] ACPI: Local APIC address 0xfee00000
[    0.101872] IOAPIC[0]: apic_id 1, version 32, address 0xfec00000, GSI 0-23
[    0.101876] ACPI: INT_SRC_OVR (bus 0 bus_irq 0 global_irq 2 dfl dfl)
[    0.101877] ACPI: INT_SRC_OVR (bus 0 bus_irq 9 global_irq 9 low level)
[    0.101879] ACPI: IRQ0 used by override.
[    0.101880] ACPI: IRQ9 used by override.
[    0.101883] Using ACPI (MADT) for SMP configuration information
[    0.101889] smpboot: Allowing 1 CPUs, 0 hotplug CPUs
[    0.101912] PM: Registered nosave memory: [mem 0x00000000-0x00000fff]
[    0.101913] PM: Registered nosave memory: [mem 0x0009f000-0x0009ffff]
[    0.101914] PM: Registered nosave memory: [mem 0x000a0000-0x000effff]
[    0.101915] PM: Registered nosave memory: [mem 0x000f0000-0x000fffff]
[    0.101916] [mem 0x80000000-0xfebfffff] available for PCI devices
[    0.101917] Booting paravirtualized kernel on KVM
[    0.101920] clocksource: refined-jiffies: mask: 0xffffffff max_cycles: 0xffffffff, max_idle_ns: 7645519600211568 ns
[    0.101925] setup_percpu: NR_CPUS:8192 nr_cpumask_bits:1 nr_cpu_ids:1 nr_node_ids:1
[    0.102936] percpu: Embedded 60 pages/cpu s208896 r8192 d28672 u2097152
[    0.102940] pcpu-alloc: s208896 r8192 d28672 u2097152 alloc=1*2097152
[    0.102941] pcpu-alloc: [0] 0 
[    0.102967] Built 1 zonelists, mobility grouping on.  Total pages: 515961
[    0.102967] Policy zone: DMA32
[    0.102969] Kernel command line: BOOT_IMAGE=/boot/vmlinuz-5.4.243-mptcp root=UUID=98415a12-53b7-4144-8265-0f7ece09e445 ro quiet splash
[    0.103818] Dentry cache hash table entries: 262144 (order: 9, 2097152 bytes, linear)
[    0.103966] Inode-cache hash table entries: 131072 (order: 8, 1048576 bytes, linear)
[    0.104015] mem auto-init: stack:off, heap alloc:on, heap free:off
[    0.104018] Calgary: detecting Calgary via BIOS EBDA area
[    0.104019] Calgary: Unable to locate Rio Grande table in EBDA - bailing!
[    0.108095] Memory: 1967332K/2096696K available (14339K kernel code, 2398K rwdata, 4712K rodata, 2728K init, 17260K bss, 129364K reserved, 0K cma-reserved)
[    0.109037] SLUB: HWalign=64, Order=0-3, MinObjects=0, CPUs=1, Nodes=1
[    0.109054] ftrace: allocating 43186 entries in 169 pages
[    0.127211] rcu: Hierarchical RCU implementation.
[    0.127213] rcu: 	RCU restricting CPUs from NR_CPUS=8192 to nr_cpu_ids=1.
[    0.127214] 	Tasks RCU enabled.
[    0.127215] rcu: RCU calculated value of scheduler-enlistment delay is 25 jiffies.
[    0.127216] rcu: Adjusting geometry for rcu_fanout_leaf=16, nr_cpu_ids=1
[    0.130197] NR_IRQS: 524544, nr_irqs: 256, preallocated irqs: 16
[    0.130410] random: crng init done
[    0.139722] Console: colour VGA+ 80x25
[    0.139726] printk: console [tty0] enabled
[    0.139745] ACPI: Core revision 20190816
[    0.139842] APIC: Switch to symmetric I/O mode setup
[    0.140090] x2apic enabled
[    0.140329] Switched APIC routing to physical x2apic.
[    0.141472] ..TIMER: vector=0x30 apic1=0 pin1=2 apic2=-1 pin2=-1
[    0.141496] clocksource: tsc-early: mask: 0xffffffffffffffff max_cycles: 0x1e4530a99b6, max_idle_ns: 440795257976 ns
[    0.141502] Calibrating delay loop (skipped) preset value.. 4200.00 BogoMIPS (lpj=8400000)
[    0.141504] pid_max: default: 32768 minimum: 301
[    0.141531] LSM: Security Framework initializing
[    0.141541] Yama: becoming mindful.
[    0.141565] AppArmor: AppArmor initialized
[    0.141599] Mount-cache hash table entries: 4096 (order: 3, 32768 bytes, linear)
[    0.141603] Mountpoint-cache hash table entries: 4096 (order: 3, 32768 bytes, linear)
[    0.141612] *** VALIDATE tmpfs ***
[    0.141740] *** VALIDATE proc ***
[    0.141780] *** VALIDATE cgroup1 ***
[    0.141781] *** VALIDATE cgroup2 ***
[    0.141920] process: using mwait in idle threads
[    0.141925] Last level iTLB entries: 4KB 64, 2MB 8, 4MB 8
[    0.141926] Last level dTLB entries: 4KB 64, 2MB 0, 4MB 0, 1GB 4
[    0.141945] Spectre V1 : Mitigation: usercopy/swapgs barriers and __user pointer sanitization
[    0.141951] Spectre V2 : Mitigation: Retpolines
[    0.141951] Spectre V2 : Spectre v2 / SpectreRSB mitigation: Filling RSB on context switch
[    0.141952] Spectre V2 : Spectre v2 / SpectreRSB : Filling RSB on VMEXIT
[    0.141953] RETBleed: WARNING: Spectre v2 mitigation leaves CPU vulnerable to RETBleed attacks, data leaks possible!
[    0.142310] RETBleed: Vulnerable
[    0.142311] Speculative Store Bypass: Vulnerable
[    0.142316] TAA: Mitigation: TSX disabled
[    0.142316] MMIO Stale Data: Mitigation: Clear CPU buffers
[    0.146527] Freeing SMP alternatives memory: 40K
[    0.258813] smpboot: CPU0: Intel(R) Xeon(R) Silver 4216 CPU @ 2.10GHz (family: 0x6, model: 0x55, stepping: 0x7)
[    0.258949] Performance Events: unsupported p6 CPU model 85 no PMU driver, software events only.
[    0.258986] rcu: Hierarchical SRCU implementation.
[    0.259460] NMI watchdog: Perf NMI watchdog permanently disabled
[    0.259497] smp: Bringing up secondary CPUs ...
[    0.259498] smp: Brought up 1 node, 1 CPU
[    0.259499] smpboot: Max logical packages: 1
[    0.259500] smpboot: Total of 1 processors activated (4200.00 BogoMIPS)
[    0.260457] devtmpfs: initialized
[    0.260503] x86/mm: Memory block size: 128MB
[    0.260851] clocksource: jiffies: mask: 0xffffffff max_cycles: 0xffffffff, max_idle_ns: 7645041785100000 ns
[    0.260857] futex hash table entries: 256 (order: 2, 16384 bytes, linear)
[    0.260899] pinctrl core: initialized pinctrl subsystem
[    0.261000] PM: RTC time: 19:04:33, date: 2026-01-16
[    0.261107] NET: Registered protocol family 16
[    0.261181] audit: initializing netlink subsys (disabled)
[    0.261307] EISA bus registered
[    0.261308] cpuidle: using governor ladder
[    0.261309] cpuidle: using governor menu
[    0.261345] ACPI: bus type PCI registered
[    0.261346] acpiphp: ACPI Hot Plug PCI Controller Driver version: 0.5
[    0.261448] PCI: Using configuration type 1 for base access
[    0.261766] audit: type=2000 audit(1768561480.008:1): state=initialized audit_enabled=0 res=1
[    0.261846] HugeTLB registered 2.00 MiB page size, pre-allocated 0 pages
[    0.262661] ACPI: Added _OSI(Module Device)
[    0.262661] ACPI: Added _OSI(Processor Device)
[    0.262662] ACPI: Added _OSI(3.0 _SCP Extensions)
[    0.262663] ACPI: Added _OSI(Processor Aggregator Device)
[    0.262663] ACPI: Added _OSI(Linux-Dell-Video)
[    0.262664] ACPI: Added _OSI(Linux-Lenovo-NV-HDMI-Audio)
[    0.262665] ACPI: Added _OSI(Linux-HPI-Hybrid-Graphics)
[    0.264623] ACPI: 2 ACPI AML tables successfully acquired and loaded
[    0.266131] ACPI: Interpreter enabled
[    0.266140] ACPI: (supports S0 S5)
[    0.266141] ACPI: Using IOAPIC for interrupt routing
[    0.266346] PCI: Using host bridge windows from ACPI; if necessary, use "pci=nocrs" and report a bug
[    0.266454] ACPI: Enabled 2 GPEs in block 00 to 07
[    0.271253] ACPI: PCI Root Bridge [PCI0] (domain 0000 [bus 00-ff])
[    0.271258] acpi PNP0A03:00: _OSC: OS supports [ASPM ClockPM Segments MSI HPX-Type3]
[    0.271702] acpi PNP0A03:00: _OSC: not requesting OS control; OS requires [ExtendedConfig ASPM ClockPM MSI]
[    0.271710] acpi PNP0A03:00: fail to add MMCONFIG information, can't access extended PCI configuration space under this bridge.
[    0.272082] PCI host bridge to bus 0000:00
[    0.272084] pci_bus 0000:00: root bus resource [io  0x0000-0x0cf7 window]
[    0.272085] pci_bus 0000:00: root bus resource [io  0x0d00-0xffff window]
[    0.272086] pci_bus 0000:00: root bus resource [mem 0x000a0000-0x000bffff window]
[    0.272087] pci_bus 0000:00: root bus resource [mem 0x80000000-0xfdffffff window]
[    0.272088] pci_bus 0000:00: root bus resource [bus 00-ff]
[    0.272130] pci 0000:00:00.0: [8086:1237] type 00 class 0x060000
[    0.273073] pci 0000:00:01.0: [8086:7000] type 00 class 0x060100
[    0.273879] pci 0000:00:01.1: [8086:7111] type 00 class 0x01018a
[    0.274258] pci 0000:00:01.1: reg 0x20: [io  0xd000-0xd00f]
[    0.274414] pci 0000:00:01.1: legacy IDE quirk: reg 0x10: [io  0x01f0-0x01f7]
[    0.274415] pci 0000:00:01.1: legacy IDE quirk: reg 0x14: [io  0x03f6]
[    0.274416] pci 0000:00:01.1: legacy IDE quirk: reg 0x18: [io  0x0170-0x0177]
[    0.274417] pci 0000:00:01.1: legacy IDE quirk: reg 0x1c: [io  0x0376]
[    0.274957] pci 0000:00:02.0: [15ad:0405] type 00 class 0x030000
[    0.277576] pci 0000:00:02.0: reg 0x10: [io  0xd010-0xd01f]
[    0.280407] pci 0000:00:02.0: reg 0x14: [mem 0xe0000000-0xe7ffffff pref]
[    0.283366] pci 0000:00:02.0: reg 0x18: [mem 0xf0000000-0xf01fffff]
[    0.294299] pci 0000:00:03.0: [1022:2000] type 00 class 0x020000
[    0.294977] pci 0000:00:03.0: reg 0x10: [io  0xd020-0xd03f]
[    0.295585] pci 0000:00:03.0: reg 0x14: [mem 0xf0200000-0xf0200fff]
[    0.300031] pci 0000:00:04.0: [80ee:cafe] type 00 class 0x088000
[    0.300697] pci 0000:00:04.0: reg 0x10: [io  0xd040-0xd05f]
[    0.301314] pci 0000:00:04.0: reg 0x14: [mem 0xf0400000-0xf07fffff]
[    0.302101] pci 0000:00:04.0: reg 0x18: [mem 0xf0800000-0xf0803fff pref]
[    0.305541] pci 0000:00:07.0: [8086:7113] type 00 class 0x068000
[    0.306074] pci 0000:00:07.0: quirk: [io  0x4000-0x403f] claimed by PIIX4 ACPI
[    0.306088] pci 0000:00:07.0: quirk: [io  0x4100-0x410f] claimed by PIIX4 SMB
[    0.306699] pci 0000:00:08.0: [8086:100e] type 00 class 0x020000
[    0.307403] pci 0000:00:08.0: reg 0x10: [mem 0xf0820000-0xf083ffff]
[    0.308553] pci 0000:00:08.0: reg 0x18: [io  0xd060-0xd067]
[    0.311660] pci 0000:00:09.0: [8086:100e] type 00 class 0x020000
[    0.312367] pci 0000:00:09.0: reg 0x10: [mem 0xf0840000-0xf085ffff]
[    0.313498] pci 0000:00:09.0: reg 0x18: [io  0xd068-0xd06f]
[    0.322560] ACPI: PCI Interrupt Link [LNKA] (IRQs 5 9 10 *11)
[    0.322842] ACPI: PCI Interrupt Link [LNKB] (IRQs 5 9 *10 11)
[    0.322950] ACPI: PCI Interrupt Link [LNKC] (IRQs 5 *9 10 11)
[    0.323058] ACPI: PCI Interrupt Link [LNKD] (IRQs 5 9 10 *11)
[    0.323325] iommu: Default domain type: Translated 
[    0.323389] pci 0000:00:02.0: vgaarb: setting as boot VGA device
[    0.323390] pci 0000:00:02.0: vgaarb: VGA device added: decodes=io+mem,owns=io+mem,locks=none
[    0.325501] pci 0000:00:02.0: vgaarb: bridge control possible
[    0.325502] vgaarb: loaded
[    0.325713] SCSI subsystem initialized
[    0.325747] libata version 3.00 loaded.
[    0.325773] ACPI: bus type USB registered
[    0.325789] usbcore: registered new interface driver usbfs
[    0.325795] usbcore: registered new interface driver hub
[    0.325800] usbcore: registered new device driver usb
[    0.325828] pps_core: LinuxPPS API ver. 1 registered
[    0.325828] pps_core: Software ver. 5.3.6 - Copyright 2005-2007 Rodolfo Giometti <giometti@linux.it>
[    0.325830] PTP clock support registered
[    0.325864] EDAC MC: Ver: 3.0.0
[    0.326152] PCI: Using ACPI for IRQ routing
[    0.326155] PCI: pci_cache_line_size set to 64 bytes
[    0.326329] e820: reserve RAM buffer [mem 0x0009fc00-0x0009ffff]
[    0.326332] e820: reserve RAM buffer [mem 0x7fff0000-0x7fffffff]
[    0.327147] NetLabel: Initializing
[    0.327148] NetLabel:  domain hash size = 128
[    0.327148] NetLabel:  protocols = UNLABELED CIPSOv4 CALIPSO
[    0.327168] NetLabel:  unlabeled traffic allowed by default
[    0.328063] clocksource: Switched to clocksource kvm-clock
[    0.339805] *** VALIDATE bpf ***
[    0.339866] VFS: Disk quotas dquot_6.6.0
[    0.339879] VFS: Dquot-cache hash table entries: 512 (order 0, 4096 bytes)
[    0.339900] *** VALIDATE ramfs ***
[    0.339903] *** VALIDATE hugetlbfs ***
[    0.339982] AppArmor: AppArmor Filesystem Enabled
[    0.340006] pnp: PnP ACPI init
[    0.340068] pnp 00:00: Plug and Play ACPI device, IDs PNP0303 (active)
[    0.340155] pnp 00:01: Plug and Play ACPI device, IDs PNP0f03 (active)
[    0.340908] pnp: PnP ACPI: found 2 devices
[    0.341861] thermal_sys: Registered thermal governor 'fair_share'
[    0.341862] thermal_sys: Registered thermal governor 'bang_bang'
[    0.341863] thermal_sys: Registered thermal governor 'step_wise'
[    0.341863] thermal_sys: Registered thermal governor 'user_space'
[    0.341864] thermal_sys: Registered thermal governor 'power_allocator'
[    0.346373] clocksource: acpi_pm: mask: 0xffffff max_cycles: 0xffffff, max_idle_ns: 2085701024 ns
[    0.346412] pci_bus 0000:00: resource 4 [io  0x0000-0x0cf7 window]
[    0.346413] pci_bus 0000:00: resource 5 [io  0x0d00-0xffff window]
[    0.346414] pci_bus 0000:00: resource 6 [mem 0x000a0000-0x000bffff window]
[    0.346416] pci_bus 0000:00: resource 7 [mem 0x80000000-0xfdffffff window]
[    0.346472] NET: Registered protocol family 2
[    0.346554] IP idents hash table entries: 32768 (order: 6, 262144 bytes, linear)
[    0.346957] MPTCP tokens hash table entries: 8192 (order: 4, 65536 bytes, linear)
[    0.346977] MPTCP request tokens hash table entries: 8192 (order: 4, 65536 bytes, linear)
[    0.347003] default registered
[    0.347004] default registered
[    0.347004] MPTCP: Stable release v0.96
[    0.347009] tcp_listen_portaddr_hash hash table entries: 1024 (order: 2, 16384 bytes, linear)
[    0.347090] TCP established hash table entries: 16384 (order: 5, 131072 bytes, linear)
[    0.347141] TCP bind hash table entries: 16384 (order: 6, 262144 bytes, linear)
[    0.347141] TCP: Hash tables configured (established 16384 bind 16384)
[    0.347907] UDP hash table entries: 1024 (order: 3, 32768 bytes, linear)
[    0.347919] UDP-Lite hash table entries: 1024 (order: 3, 32768 bytes, linear)
[    0.347955] NET: Registered protocol family 1
[    0.347964] NET: Registered protocol family 44
[    0.347984] pci 0000:00:00.0: Limiting direct PCI/PCI transfers
[    0.347997] pci 0000:00:01.0: Activating ISA DMA hang workarounds
[    0.348055] pci 0000:00:02.0: Video device with shadowed ROM at [mem 0x000c0000-0x000dffff]
[    0.348121] PCI: CLS 0 bytes, default 64
[    0.348167] Trying to unpack rootfs image as initramfs...
[    0.519438] Freeing initrd memory: 47868K
[    0.519438] clocksource: tsc: mask: 0xffffffffffffffff max_cycles: 0x1e4530a99b6, max_idle_ns: 440795257976 ns
[    0.519438] clocksource: Switched to clocksource tsc
[    0.519438] platform rtc_cmos: registered platform RTC device (no PNP device found)
[    0.519438] check: Scanning for low memory corruption every 60 seconds
[    0.519438] Initialise system trusted keyrings
[    0.519438] Key type blacklist registered
[    0.519438] workingset: timestamp_bits=36 max_order=19 bucket_order=0
[    0.519438] zbud: loaded
[    0.519438] squashfs: version 4.0 (2009/01/31) Phillip Lougher
[    0.519438] fuse: init (API version 7.31)
[    0.519438] *** VALIDATE fuse ***
[    0.519438] *** VALIDATE fuse ***
[    0.519438] Platform Keyring initialized
[    0.531855] Key type asymmetric registered
[    0.531856] Asymmetric key parser 'x509' registered
[    0.531865] Block layer SCSI generic (bsg) driver version 0.4 loaded (major 244)
[    0.531903] io scheduler mq-deadline registered
[    0.532024] shpchp: Standard Hot Plug PCI Controller Driver version: 0.4
[    0.532223] ACPI: AC Adapter [AC] (on-line)
[    0.532266] input: Power Button as /devices/LNXSYSTM:00/LNXPWRBN:00/input/input0
[    0.532295] ACPI: Power Button [PWRF]
[    0.532371] input: Sleep Button as /devices/LNXSYSTM:00/LNXSLPBN:00/input/input1
[    0.532386] ACPI: Sleep Button [SLPF]
[    0.532607] Serial: 8250/16550 driver, 32 ports, IRQ sharing enabled
[    0.533788] Linux agpgart interface v0.103
[    0.623129] loop: module loaded
[    0.623272] ata_piix 0000:00:01.1: version 2.13
[    0.623713] scsi host0: ata_piix
[    0.623805] scsi host1: ata_piix
[    0.623832] ata1: PATA max UDMA/33 cmd 0x1f0 ctl 0x3f6 bmdma 0xd000 irq 14
[    0.623833] ata2: PATA max UDMA/33 cmd 0x170 ctl 0x376 bmdma 0xd008 irq 15
[    0.623913] tun: Universal TUN/TAP device driver, 1.6
[    0.624215] PPP generic driver version 2.4.2
[    0.624255] VFIO - User Level meta-driver version: 0.3
[    0.624490] ehci_hcd: USB 2.0 'Enhanced' Host Controller (EHCI) Driver
[    0.624495] ehci-pci: EHCI PCI platform driver
[    0.624510] ehci-platform: EHCI generic platform driver
[    0.624515] ohci_hcd: USB 1.1 'Open' Host Controller (OHCI) Driver
[    0.624517] ohci-pci: OHCI PCI platform driver
[    0.624524] ohci-platform: OHCI generic platform driver
[    0.624529] uhci_hcd: USB Universal Host Controller Interface driver
[    0.624592] i8042: PNP: PS/2 Controller [PNP0303:PS2K,PNP0f03:PS2M] at 0x60,0x64 irq 1,12
[    0.625028] serio: i8042 KBD port at 0x60,0x64 irq 1
[    0.625032] serio: i8042 AUX port at 0x60,0x64 irq 12
[    0.625119] mousedev: PS/2 mouse device common for all mice
[    0.625372] input: AT Translated Set 2 keyboard as /devices/platform/i8042/serio0/input/input2
[    0.625769] rtc_cmos rtc_cmos: registered as rtc0
[    0.625782] rtc_cmos rtc_cmos: alarms up to one day, 114 bytes nvram
[    0.625787] i2c /dev entries driver
[    0.625830] device-mapper: uevent: version 1.0.3
[    0.625872] device-mapper: ioctl: 4.41.0-ioctl (2019-09-16) initialised: dm-devel@redhat.com
[    0.625888] platform eisa.0: Probing EISA bus 0
[    0.625889] platform eisa.0: EISA: Cannot allocate resource for mainboard
[    0.625890] platform eisa.0: Cannot allocate resource for EISA slot 1
[    0.625891] platform eisa.0: Cannot allocate resource for EISA slot 2
[    0.625892] platform eisa.0: Cannot allocate resource for EISA slot 3
[    0.625893] platform eisa.0: Cannot allocate resource for EISA slot 4
[    0.625894] platform eisa.0: Cannot allocate resource for EISA slot 5
[    0.625895] platform eisa.0: Cannot allocate resource for EISA slot 6
[    0.625896] platform eisa.0: Cannot allocate resource for EISA slot 7
[    0.625897] platform eisa.0: Cannot allocate resource for EISA slot 8
[    0.625898] platform eisa.0: EISA: Detected 0 cards
[    0.625901] intel_pstate: CPU model not supported
[    0.625911] ledtrig-cpu: registered to indicate activity on CPUs
[    0.625964] drop_monitor: Initializing network drop monitor service
[    0.626121] NET: Registered protocol family 10
[    0.631178] Segment Routing with IPv6
[    0.631209] fullmesh registered
[    0.631210] ndiffports registered
[    0.631212] binder registered
[    0.631213] roundrobin registered
[    0.631213] redundant registered
[    0.631214] blest registered
[    0.631215] ecf registered
[    0.631216] NET: Registered protocol family 17
[    0.631246] Key type dns_resolver registered
[    0.631282] RAS: Correctable Errors collector initialized.
[    0.631282] IPI shorthand broadcast: enabled
[    0.631282] sched_clock: Marking stable (616185213, 11097542)->(629200340, -1917585)
[    0.631417] registered taskstats version 1
[    0.631426] Loading compiled-in X.509 certificates
[    0.632013] Loaded X.509 cert 'Build time autogenerated kernel key: 6909f3744cebb3d0de528d5887b96a727de79b1e'
[    0.632029] zswap: loaded using pool lzo/zbud
[    0.632082] Key type ._fscrypt registered
[    0.632083] Key type .fscrypt registered
[    0.636567] Key type big_key registered
[    0.638769] Key type encrypted registered
[    0.638771] AppArmor: AppArmor sha1 policy hashing enabled
[    0.638778] ima: No TPM chip found, activating TPM-bypass!
[    0.638782] ima: Allocated hash algorithm: sha1
[    0.638788] ima: No architecture policies found
[    0.638797] evm: Initialising EVM extended attributes:
[    0.638798] evm: security.selinux
[    0.638798] evm: security.SMACK64
[    0.638799] evm: security.SMACK64EXEC
[    0.638799] evm: security.SMACK64TRANSMUTE
[    0.638799] evm: security.SMACK64MMAP
[    0.638800] evm: security.apparmor
[    0.638801] evm: security.ima
[    0.638801] evm: security.capability
[    0.638802] evm: HMAC attrs: 0x1
[    0.639092] PM:   Magic number: 10:699:91
[    0.639209] rtc_cmos rtc_cmos: setting system clock to 2026-01-16T19:04:34 UTC (1768590274)
[    0.797360] ata1.00: ATA-6: VBOX HARDDISK, 1.0, max UDMA/133
[    0.797364] ata1.00: 209715200 sectors, multi 128: LBA 
[    0.798190] scsi 0:0:0:0: Direct-Access     ATA      VBOX HARDDISK    1.0  PQ: 0 ANSI: 5
[    0.798584] sd 0:0:0:0: [sda] 209715200 512-byte logical blocks: (107 GB/100 GiB)
[    0.798600] sd 0:0:0:0: [sda] Write Protect is off
[    0.798604] sd 0:0:0:0: [sda] Mode Sense: 00 3a 00 00
[    0.798630] sd 0:0:0:0: [sda] Write cache: enabled, read cache: enabled, doesn't support DPO or FUA
[    0.798905] sd 0:0:0:0: Attached scsi generic sg0 type 0
[    0.800248]  sda: sda1 sda2
[    0.811435] sd 0:0:0:0: [sda] Attached SCSI disk
[    0.816683] Freeing unused decrypted memory: 2040K
[    0.818030] Freeing unused kernel image memory: 2728K
[    0.818034] Write protecting the kernel read-only data: 22528k
[    0.819536] Freeing unused kernel image memory: 2036K
[    0.820318] Freeing unused kernel image memory: 1432K
[    0.857516] x86/mm: Checked W+X mappings: passed, no W+X pages found.
[    0.857521] Run /init as init process
[    0.964360] ACPI: Video Device [GFX0] (multi-head: yes  rom: no  post: no)
[    0.964432] input: Video Bus as /devices/LNXSYSTM:00/LNXSYBUS:00/PNP0A03:00/LNXVIDEO:00/input/input4
[    0.975586] pcnet32: pcnet32.c:v1.35 21.Apr.2008 tsbogend@alpha.franken.de
[    0.977143] piix4_smbus 0000:00:07.0: SMBus Host Controller at 0x4100, revision 0
[    0.979653] e1000: Intel(R) PRO/1000 Network Driver - version 7.3.21-k8-NAPI
[    0.979653] e1000: Copyright (c) 1999-2006 Intel Corporation.
[    0.985005] pcnet32: PCnet/FAST III 79C973 at 0xd020, 08:00:27:b4:dc:3e assigned IRQ 19
[    0.985051] pcnet32: Found PHY 0022:561b at address 0
[    0.985352] pcnet32: eth0: registered as PCnet/FAST III 79C973
[    0.995131] pcnet32: 1 cards_found
[    1.058545] pcnet32 0000:00:03.0 enp0s3: renamed from eth0
[    1.196863] input: ImExPS/2 Generic Explorer Mouse as /devices/platform/i8042/serio1/input/input5
[    1.391380] e1000 0000:00:08.0 eth0: (PCI:33MHz:32-bit) 08:00:27:16:69:12
[    1.391384] e1000 0000:00:08.0 eth0: Intel(R) PRO/1000 Network Connection
[    1.763437] e1000 0000:00:09.0 eth1: (PCI:33MHz:32-bit) 08:00:27:e1:38:df
[    1.763463] e1000 0000:00:09.0 eth1: Intel(R) PRO/1000 Network Connection
[    1.764566] e1000 0000:00:09.0 enp0s9: renamed from eth1
[    1.766323] e1000 0000:00:08.0 enp0s8: renamed from eth0
[    1.924763] EXT4-fs (sda2): mounted filesystem with ordered data mode. Opts: (null)
[    2.014526] systemd[1]: Inserted module 'autofs4'
[    2.025258] systemd[1]: systemd 245.4-4ubuntu3 running in system mode. (+PAM +AUDIT +SELINUX +IMA +APPARMOR +SMACK +SYSVINIT +UTMP +LIBCRYPTSETUP +GCRYPT +GNUTLS +ACL +XZ +LZ4 +SECCOMP +BLKID +ELFUTILS +KMOD +IDN2 -IDN +PCRE2 default-hierarchy=hybrid)
[    2.025288] systemd[1]: Detected virtualization oracle.
[    2.025291] systemd[1]: Detected architecture x86-64.
[    2.026573] systemd[1]: Set hostname to <ztg>.
[    2.151849] systemd[1]: /lib/systemd/system/dbus.socket:5: ListenStream= references a path below legacy directory /var/run/, updating /var/run/dbus/system_bus_socket â†’ /run/dbus/system_bus_socket; please update the unit file accordingly.
[    2.203919] systemd[1]: Created slice system-modprobe.slice.
[    2.204102] systemd[1]: Created slice User and Session Slice.
[    2.204146] systemd[1]: Started Forward Password Requests to Wall Directory Watch.
[    2.204297] systemd[1]: Set up automount Arbitrary Executable File Formats File System Automount Point.
[    2.204331] systemd[1]: Reached target User and Group Name Lookups.
[    2.204340] systemd[1]: Reached target Remote File Systems.
[    2.204347] systemd[1]: Reached target Slices.
[    2.204897] systemd[1]: Listening on Syslog Socket.
[    2.204964] systemd[1]: Listening on fsck to fsckd communication Socket.
[    2.205003] systemd[1]: Listening on initctl Compatibility Named Pipe.
[    2.205136] systemd[1]: Listening on Journal Audit Socket.
[    2.205189] systemd[1]: Listening on Journal Socket (/dev/log).
[    2.205256] systemd[1]: Listening on Journal Socket.
[    2.205319] systemd[1]: Listening on udev Control Socket.
[    2.205359] systemd[1]: Listening on udev Kernel Socket.
[    2.206106] systemd[1]: Mounting Huge Pages File System...
[    2.207044] systemd[1]: Mounting POSIX Message Queue File System...
[    2.207910] systemd[1]: Mounting Kernel Debug File System...
[    2.208717] systemd[1]: Mounting Kernel Trace File System...
[    2.210603] systemd[1]: Starting Journal Service...
[    2.232844] systemd[1]: Starting Set the console keyboard layout...
[    2.240655] systemd[1]: Starting Create list of static device nodes for the current kernel...
[    2.242420] systemd[1]: Starting Load Kernel Module drm...
[    2.243460] systemd[1]: Condition check resulted in Set Up Additional Binary Formats being skipped.
[    2.243507] systemd[1]: Condition check resulted in File System Check on Root Device being skipped.
[    2.257220] systemd[1]: Starting Load Kernel Modules...
[    2.258456] systemd[1]: Starting Remount Root and Kernel File Systems...
[    2.271168] systemd[1]: Starting udev Coldplug all Devices...
[    2.286610] systemd[1]: Starting Uncomplicated firewall...
[    2.288142] systemd[1]: Mounted Huge Pages File System.
[    2.288231] systemd[1]: Mounted POSIX Message Queue File System.
[    2.288301] systemd[1]: Mounted Kernel Debug File System.
[    2.288369] systemd[1]: Mounted Kernel Trace File System.
[    2.288700] EXT4-fs (sda2): re-mounted. Opts: errors=remount-ro
[    2.323614] systemd[1]: Finished Create list of static device nodes for the current kernel.
[    2.324490] systemd[1]: modprobe@drm.service: Succeeded.
[    2.331833] systemd[1]: Finished Load Kernel Module drm.
[    2.332219] systemd[1]: Finished Remount Root and Kernel File Systems.
[    2.333469] systemd[1]: Finished Uncomplicated firewall.
[    2.350425] lp: driver loaded but no devices found
[    2.351682] systemd[1]: Condition check resulted in Rebuild Hardware Database being skipped.
[    2.351719] systemd[1]: Condition check resulted in Platform Persistent Storage Archival being skipped.
[    2.352366] systemd[1]: Starting Load/Save Random Seed...
[    2.357604] systemd[1]: Starting Create System Users...
[    2.367020] ppdev: user-space parallel port driver
[    2.371960] systemd[1]: Finished Load/Save Random Seed.
[    2.374167] systemd[1]: Finished Create System Users.
[    2.374892] systemd[1]: Starting Create Static Device Nodes in /dev...
[    2.416884] systemd[1]: Finished udev Coldplug all Devices.
[    2.423595] systemd[1]: Finished Create Static Device Nodes in /dev.
[    2.424367] systemd[1]: Starting udev Kernel Device Manager...
[    2.464369] [drm] DMA map mode: Caching DMA mappings.
[    2.464432] [drm] Capabilities:
[    2.464432] [drm]   Rect copy.
[    2.464433] [drm]   Cursor.
[    2.464433] [drm]   Cursor bypass.
[    2.464433] [drm]   Cursor bypass 2.
[    2.464434] [drm]   Alpha cursor.
[    2.464434] [drm]   Extended Fifo.
[    2.464434] [drm]   Pitchlock.
[    2.464435] [drm]   Irq mask.
[    2.464435] [drm]   GMR.
[    2.464435] [drm]   Traces.
[    2.464436] [drm]   GMR2.
[    2.464436] [drm]   Screen Object 2.
[    2.464436] [drm]   Command Buffers.
[    2.464437] [drm]   Command Buffers 2.
[    2.464437] [drm]   Guest Backed Resources.
[    2.464438] [drm] Max GMR ids is 8192
[    2.464439] [drm] Max number of GMR pages is 1048576
[    2.464439] [drm] Max dedicated hypervisor surface memory is 393216 kiB
[    2.464440] [drm] Maximum display memory size is 131072 kiB
[    2.464441] [drm] VRAM at 0xe0000000 size is 131072 kiB
[    2.464441] [drm] MMIO at 0xf0000000 size is 2048 kiB
[    2.465721] [TTM] Zone  kernel: Available graphics memory: 1011738 KiB
[    2.465722] [TTM] Initializing pool allocator
[    2.465725] [TTM] Initializing DMA pool allocator
[    2.465752] [drm] Supports vblank timestamp caching Rev 2 (21.10.2013).
[    2.465753] [drm] No driver support for vblank timestamp query.
[    2.465967] [drm] Screen Target Display device initialized
[    2.466186] [drm] width 720
[    2.466194] [drm] height 400
[    2.466198] [drm] bpp 32
[    2.466741] [drm] Fifo max 0x00200000 min 0x00001000 cap 0x00000355
[    2.471113] [drm] Using command buffers with DMA pool.
[    2.471116] [drm] DX: no.
[    2.471117] [drm] Atomic: yes.
[    2.471117] [drm] SM4_1: no.
[    2.471155] [drm:vmw_host_log [vmwgfx]] *ERROR* Failed to send host log message.
[    2.475170] [drm:vmw_host_log [vmwgfx]] *ERROR* Failed to send host log message.
[    2.491555] systemd[1]: Finished Set the console keyboard layout.
[    2.491664] systemd[1]: Reached target Local File Systems (Pre).
[    2.491915] fbcon: svgadrmfb (fb0) is primary device
[    2.494544] systemd[1]: Mounting Mount unit for bare, revision 5...
[    2.496840] systemd[1]: Mounting Mount unit for core18, revision 1705...
[    2.500005] Console: switching to colour frame buffer device 100x37
[    2.508638] systemd[1]: Mounting Mount unit for gnome-3-34-1804, revision 24...
[    2.509659] [drm] Initialized vmwgfx 2.15.0 20180704 for 0000:00:02.0 on minor 0
[    2.522445] systemd[1]: Mounting Mount unit for gtk-common-themes, revision 1506...
[    2.550838] systemd[1]: Mounting Mount unit for gtk-common-themes, revision 1535...
[    2.554586] systemd[1]: Mounting Mount unit for snap-store, revision 433...
[    2.560942] systemd[1]: Mounting Mount unit for snapd, revision 7264...
[    2.568049] systemd[1]: Finished Load Kernel Modules.
[    2.587270] systemd[1]: Mounting FUSE Control File System...
[    2.592642] systemd[1]: Mounting Kernel Configuration File System...
[    2.597139] systemd[1]: Starting Apply Kernel Variables...
[    2.599021] systemd[1]: Mounted Mount unit for bare, revision 5.
[    2.599119] systemd[1]: Mounted Mount unit for core18, revision 1705.
[    2.616611] systemd[1]: Mounted Mount unit for gnome-3-34-1804, revision 24.
[    2.616702] systemd[1]: Mounted Mount unit for gtk-common-themes, revision 1506.
[    2.616777] systemd[1]: Mounted FUSE Control File System.
[    2.616845] systemd[1]: Mounted Kernel Configuration File System.
[    2.616911] systemd[1]: Condition check resulted in VMware vmblock fuse mount being skipped.
[    2.629193] systemd[1]: Mounted Mount unit for snap-store, revision 433.
[    2.631029] systemd[1]: Finished Apply Kernel Variables.
[    2.638969] systemd[1]: Started udev Kernel Device Manager.
[    2.639056] systemd[1]: Mounted Mount unit for gtk-common-themes, revision 1535.
[    2.641178] systemd[1]: Mounted Mount unit for snapd, revision 7264.
[    2.641247] systemd[1]: Reached target Local File Systems.
[    2.641949] systemd[1]: Starting Load AppArmor profiles...
[    2.644250] systemd[1]: Starting Set console font and keymap...
[    2.665394] systemd[1]: Starting Tell Plymouth To Write Out Runtime Data...
[    2.670897] systemd[1]: Starting Show Plymouth Boot Screen...
[    2.670960] systemd[1]: Condition check resulted in Store a System Token in an EFI Variable being skipped.
[    2.671000] systemd[1]: Condition check resulted in Commit a transient machine-id on disk being skipped.
[    2.675868] systemd[1]: Finished Set console font and keymap.
[    2.679373] systemd[1]: plymouth-read-write.service: Succeeded.
[    2.679608] systemd[1]: Finished Tell Plymouth To Write Out Runtime Data.
[    2.680121] systemd[1]: Received SIGRTMIN+20 from PID 290 (plymouthd).
[    2.691375] systemd[1]: Started Show Plymouth Boot Screen.
[    2.691514] systemd[1]: Condition check resulted in Dispatch Password Requests to Console Directory Watch being skipped.
[    2.691596] systemd[1]: Started Forward Password Requests to Plymouth Directory Watch.
[    2.691628] systemd[1]: Reached target Local Encrypted Volumes.
[    2.725487] audit: type=1400 audit(1768590276.580:2): apparmor="STATUS" operation="profile_load" profile="unconfined" name="nvidia_modprobe" pid=295 comm="apparmor_parser"
[    2.725489] audit: type=1400 audit(1768590276.580:3): apparmor="STATUS" operation="profile_load" profile="unconfined" name="nvidia_modprobe//kmod" pid=295 comm="apparmor_parser"
[    2.730931] audit: type=1400 audit(1768590276.584:4): apparmor="STATUS" operation="profile_load" profile="unconfined" name="/usr/sbin/tcpdump" pid=302 comm="apparmor_parser"
[    2.760956] audit: type=1400 audit(1768590276.608:5): apparmor="STATUS" operation="profile_load" profile="unconfined" name="/usr/bin/evince" pid=304 comm="apparmor_parser"
[    2.760958] audit: type=1400 audit(1768590276.608:6): apparmor="STATUS" operation="profile_load" profile="unconfined" name="/usr/bin/evince//sanitized_helper" pid=304 comm="apparmor_parser"
[    2.760960] audit: type=1400 audit(1768590276.608:7): apparmor="STATUS" operation="profile_load" profile="unconfined" name="/usr/bin/evince-previewer" pid=304 comm="apparmor_parser"
[    2.760961] audit: type=1400 audit(1768590276.608:8): apparmor="STATUS" operation="profile_load" profile="unconfined" name="/usr/bin/evince-previewer//sanitized_helper" pid=304 comm="apparmor_parser"
[    2.760963] audit: type=1400 audit(1768590276.608:9): apparmor="STATUS" operation="profile_load" profile="unconfined" name="/usr/bin/evince-thumbnailer" pid=304 comm="apparmor_parser"
[    2.777386] audit: type=1400 audit(1768590276.632:10): apparmor="STATUS" operation="profile_load" profile="unconfined" name="/usr/lib/cups/backend/cups-pdf" pid=305 comm="apparmor_parser"
[    2.869115] systemd[1]: Finished Load AppArmor profiles.
[    2.870012] systemd[1]: Starting Load AppArmor profiles managed internally by snapd...
[    2.944101] systemd[1]: Finished Load AppArmor profiles managed internally by snapd.
[    3.171993] systemd[1]: Started Journal Service.
[    3.178789] systemd-journald[229]: Received client request to flush runtime journal.
[    3.184370] systemd-journald[229]: File /var/log/journal/c455b248004a419c87ce85eea238d727/system.journal corrupted or uncleanly shut down, renaming and replacing.
[    4.531396] RAPL PMU: API unit is 2^-32 Joules, 0 fixed counters, 10737418240 ms ovfl timer
[    4.588215] cryptd: max_cpu_qlen set to 1000
[    4.628358] AVX2 version of gcm_enc/dec engaged.
[    4.628359] AES CTR mode by8 optimization enabled
[    5.390928] Adding 1998844k swap on /dev/sda1.  Priority:-2 extents:1 across:1998844k FS
[    7.025553] kauditd_printk_skb: 30 callbacks suppressed
[    7.025555] audit: type=1400 audit(1768590280.880:41): apparmor="DENIED" operation="capable" profile="/usr/sbin/cups-browsed" pid=499 comm="cups-browsed" capability=23  capname="sys_nice"
[    7.593684] pcnet32 0000:00:03.0 enp0s3: link up, 100Mbps, full-duplex
[    7.630035] e1000: enp0s8 NIC Link is Up 1000 Mbps Full Duplex, Flow Control: RX
[    7.630309] IPv6: ADDRCONF(NETDEV_CHANGE): enp0s8: link becomes ready
[    7.642928] e1000: enp0s9 NIC Link is Up 1000 Mbps Full Duplex, Flow Control: RX
[    7.643245] IPv6: ADDRCONF(NETDEV_CHANGE): enp0s9: link becomes ready
[    8.164118] device enp0s3 entered promiscuous mode
[    8.189002] audit: type=1400 audit(1768590282.044:42): apparmor="DENIED" operation="open" profile="/usr/sbin/tcpdump" name="/proc/sys/kernel/random/boot_id" pid=703 comm="tcpdump" requested_mask="r" denied_mask="r" fsuid=0 ouid=0
[    8.189402] audit: type=1400 audit(1768590282.044:43): apparmor="DENIED" operation="open" profile="/usr/sbin/tcpdump" name="/proc/sys/kernel/random/boot_id" pid=703 comm="tcpdump" requested_mask="r" denied_mask="r" fsuid=0 ouid=0
[    8.189458] audit: type=1400 audit(1768590282.044:44): apparmor="DENIED" operation="open" profile="/usr/sbin/tcpdump" name="/proc/sys/kernel/random/boot_id" pid=703 comm="tcpdump" requested_mask="r" denied_mask="r" fsuid=0 ouid=0
[    8.189478] audit: type=1400 audit(1768590282.044:45): apparmor="DENIED" operation="open" profile="/usr/sbin/tcpdump" name="/proc/sys/kernel/random/boot_id" pid=703 comm="tcpdump" requested_mask="r" denied_mask="r" fsuid=0 ouid=0
[    8.197076] audit: type=1400 audit(1768590282.052:46): apparmor="DENIED" operation="open" profile="/usr/sbin/tcpdump" name="/proc/sys/kernel/random/boot_id" pid=704 comm="tcpdump" requested_mask="r" denied_mask="r" fsuid=0 ouid=0
[    8.197270] audit: type=1400 audit(1768590282.052:47): apparmor="DENIED" operation="open" profile="/usr/sbin/tcpdump" name="/proc/sys/kernel/random/boot_id" pid=704 comm="tcpdump" requested_mask="r" denied_mask="r" fsuid=0 ouid=0
[    8.197374] audit: type=1400 audit(1768590282.052:48): apparmor="DENIED" operation="open" profile="/usr/sbin/tcpdump" name="/proc/sys/kernel/random/boot_id" pid=704 comm="tcpdump" requested_mask="r" denied_mask="r" fsuid=0 ouid=0
[    8.197427] audit: type=1400 audit(1768590282.052:49): apparmor="DENIED" operation="open" profile="/usr/sbin/tcpdump" name="/proc/sys/kernel/random/boot_id" pid=704 comm="tcpdump" requested_mask="r" denied_mask="r" fsuid=0 ouid=0
[   12.726583] rfkill: input handler disabled
[   91.360129] rfkill: input handler enabled
[  100.740324] rfkill: input handler disabled
[  276.385174] AAAAA-TCP_FORW: name:enp0s3: saddr:16783984: daddr:100932208
[  276.490729] AAAAA-TCP_FORW: name:enp0s3: saddr:16783984: daddr:100932208
[  276.814826] AAAAA-TCP_FORW: name:enp0s3: saddr:33561200: daddr:100932208
[  277.064817] AAAAA-TCP_FORW: name:enp0s3: saddr:33561200: daddr:100932208
[  277.578104] AAAAA-TCP_FORW: name:enp0s3: saddr:100932208: daddr:16783984
[  277.660026] AAAAA-TCP_FORW: name:enp0s3: saddr:16783984: daddr:100932208
[  277.834257] AAAAA-TCP_FORW: name:enp0s3: saddr:100932208: daddr:16783984
[  277.911342] AAAAA-TCP_FORW: name:enp0s3: saddr:33561200: daddr:100932208
[  278.125746] AAAAA-TCP_FORW: name:enp0s3: saddr:16783984: daddr:100932208
[  278.253476] AAAAA-TCP_FORW: name:enp0s3: saddr:16783984: daddr:100932208
[  278.316863] AAAAA-TCP_FORW: name:enp0s3: saddr:100932208: daddr:33561200
[  278.355502] AAAAA-TCP_FORW: name:enp0s3: saddr:33561200: daddr:100932208
[  280.085961] AAAAA-TCP_FORW: name:enp0s3: saddr:100932208: daddr:16783984
[  402.841136] device enp0s3 left promiscuous mode
