[    0.000000] Linux version 5.4.243-mptcp (root@ztg) (gcc version 12.2.0 (Debian 12.2.0-14+deb12u1)) #53 SMP Wed Dec 24 23:28:15 CST 2025
[    0.000000] Command line: BOOT_IMAGE=/boot/vmlinuz-5.4.243-mptcp root=UUID=98415a12-53b7-4144-8265-0f7ece09e445 ro quiet splash
[    0.000000] KERNEL supported cpus:
[    0.000000]   Intel GenuineIntel
[    0.000000]   AMD AuthenticAMD
[    0.000000]   Hygon HygonGenuine
[    0.000000]   Centaur CentaurHauls
[    0.000000]   zhaoxin   Shanghai  
[    0.000000] x86/fpu: Supporting XSAVE feature 0x001: 'x87 floating point registers'
[    0.000000] x86/fpu: Supporting XSAVE feature 0x002: 'SSE registers'
[    0.000000] x86/fpu: Supporting XSAVE feature 0x004: 'AVX registers'
[    0.000000] x86/fpu: xstate_offset[2]:  576, xstate_sizes[2]:  256
[    0.000000] x86/fpu: Enabled xstate features 0x7, context size is 832 bytes, using 'standard' format.
[    0.000000] BIOS-provided physical RAM map:
[    0.000000] BIOS-e820: [mem 0x0000000000000000-0x000000000009fbff] usable
[    0.000000] BIOS-e820: [mem 0x000000000009fc00-0x000000000009ffff] reserved
[    0.000000] BIOS-e820: [mem 0x00000000000f0000-0x00000000000fffff] reserved
[    0.000000] BIOS-e820: [mem 0x0000000000100000-0x000000007ffeffff] usable
[    0.000000] BIOS-e820: [mem 0x000000007fff0000-0x000000007fffffff] ACPI data
[    0.000000] BIOS-e820: [mem 0x00000000fec00000-0x00000000fec00fff] reserved
[    0.000000] BIOS-e820: [mem 0x00000000fee00000-0x00000000fee00fff] reserved
[    0.000000] BIOS-e820: [mem 0x00000000fffc0000-0x00000000ffffffff] reserved
[    0.000000] NX (Execute Disable) protection: active
[    0.000000] SMBIOS 2.5 present.
[    0.000000] DMI: innotek GmbH VirtualBox/VirtualBox, BIOS VirtualBox 12/01/2006
[    0.000000] Hypervisor detected: KVM
[    0.000000] kvm-clock: Using msrs 4b564d01 and 4b564d00
[    0.000000] kvm-clock: cpu 0, msr 4b601001, primary cpu clock
[    0.000000] kvm-clock: using sched offset of 4470780982 cycles
[    0.000003] clocksource: kvm-clock: mask: 0xffffffffffffffff max_cycles: 0x1cd42e4dffb, max_idle_ns: 881590591483 ns
[    0.000005] tsc: Detected 2100.000 MHz processor
[    0.001887] e820: update [mem 0x00000000-0x00000fff] usable ==> reserved
[    0.001889] e820: remove [mem 0x000a0000-0x000fffff] usable
[    0.001893] last_pfn = 0x7fff0 max_arch_pfn = 0x400000000
[    0.001962] MTRR default type: uncachable
[    0.001963] MTRR fixed ranges enabled:
[    0.001964]   00000-9FFFF write-back
[    0.001965]   A0000-BFFFF uncachable
[    0.001966]   C0000-FFFFF write-protect
[    0.001967] MTRR variable ranges enabled:
[    0.001968]   0 base 000000000000 mask 3FFF80000000 write-back
[    0.001968]   1 disabled
[    0.001969]   2 disabled
[    0.001969]   3 disabled
[    0.001970]   4 disabled
[    0.001970]   5 disabled
[    0.001971]   6 disabled
[    0.001971]   7 disabled
[    0.001971]   8 disabled
[    0.001972]   9 disabled
[    0.001972]   10 disabled
[    0.001973]   11 disabled
[    0.001973]   12 disabled
[    0.001974]   13 disabled
[    0.001974]   14 disabled
[    0.001974]   15 disabled
[    0.001991] x86/PAT: Configuration [0-7]: WB  WC  UC- UC  WB  WP  UC- WT  
[    0.002125] found SMP MP-table at [mem 0x0009fff0-0x0009ffff]
[    0.090623] check: Scanning 1 areas for low memory corruption
[    0.090824] RAMDISK: [mem 0x32271000-0x3512ffff]
[    0.090833] ACPI: Early table checksum verification disabled
[    0.090838] ACPI: RSDP 0x00000000000E0000 000024 (v02 VBOX  )
[    0.090843] ACPI: XSDT 0x000000007FFF0030 00003C (v01 VBOX   VBOXXSDT 00000001 ASL  00000061)
[    0.090850] ACPI: FACP 0x000000007FFF00F0 0000F4 (v04 VBOX   VBOXFACP 00000001 ASL  00000061)
[    0.090857] ACPI: DSDT 0x000000007FFF02E0 002353 (v02 VBOX   VBOXBIOS 00000002 VBOX 00029BF3)
[    0.090861] ACPI: FACS 0x000000007FFF0200 000040
[    0.090864] ACPI: FACS 0x000000007FFF0200 000040
[    0.090867] ACPI: APIC 0x000000007FFF0240 000054 (v02 VBOX   VBOXAPIC 00000001 ASL  00000061)
[    0.090871] ACPI: SSDT 0x000000007FFF02A0 000038 (v01 VBOX   VBOXCPUT 00000002 VBOX 00029BF3)
[    0.090874] ACPI: Reserving FACP table memory at [mem 0x7fff00f0-0x7fff01e3]
[    0.090875] ACPI: Reserving DSDT table memory at [mem 0x7fff02e0-0x7fff2632]
[    0.090876] ACPI: Reserving FACS table memory at [mem 0x7fff0200-0x7fff023f]
[    0.090876] ACPI: Reserving FACS table memory at [mem 0x7fff0200-0x7fff023f]
[    0.090877] ACPI: Reserving APIC table memory at [mem 0x7fff0240-0x7fff0293]
[    0.090878] ACPI: Reserving SSDT table memory at [mem 0x7fff02a0-0x7fff02d7]
[    0.090892] ACPI: Local APIC address 0xfee00000
[    0.091081] No NUMA configuration found
[    0.091082] Faking a node at [mem 0x0000000000000000-0x000000007ffeffff]
[    0.091092] NODE_DATA(0) allocated [mem 0x7ffc5000-0x7ffeffff]
[    0.091353] Zone ranges:
[    0.091353]   DMA      [mem 0x0000000000001000-0x0000000000ffffff]
[    0.091355]   DMA32    [mem 0x0000000001000000-0x000000007ffeffff]
[    0.091356]   Normal   empty
[    0.091356]   Device   empty
[    0.091357] Movable zone start for each node
[    0.091359] Early memory node ranges
[    0.091360]   node   0: [mem 0x0000000000001000-0x000000000009efff]
[    0.091361]   node   0: [mem 0x0000000000100000-0x000000007ffeffff]
[    0.091365] Zeroed struct page in unavailable ranges: 114 pages
[    0.091366] Initmem setup node 0 [mem 0x0000000000001000-0x000000007ffeffff]
[    0.091367] On node 0 totalpages: 524174
[    0.091368]   DMA zone: 64 pages used for memmap
[    0.091368]   DMA zone: 21 pages reserved
[    0.091369]   DMA zone: 3998 pages, LIFO batch:0
[    0.091443]   DMA32 zone: 8128 pages used for memmap
[    0.091443]   DMA32 zone: 520176 pages, LIFO batch:63
[    0.100516] ACPI: PM-Timer IO Port: 0x4008
[    0.100520] ACPI: Local APIC address 0xfee00000
[    0.100591] IOAPIC[0]: apic_id 1, version 32, address 0xfec00000, GSI 0-23
[    0.100595] ACPI: INT_SRC_OVR (bus 0 bus_irq 0 global_irq 2 dfl dfl)
[    0.100596] ACPI: INT_SRC_OVR (bus 0 bus_irq 9 global_irq 9 low level)
[    0.100598] ACPI: IRQ0 used by override.
[    0.100599] ACPI: IRQ9 used by override.
[    0.100602] Using ACPI (MADT) for SMP configuration information
[    0.100609] smpboot: Allowing 1 CPUs, 0 hotplug CPUs
[    0.100632] PM: Registered nosave memory: [mem 0x00000000-0x00000fff]
[    0.100633] PM: Registered nosave memory: [mem 0x0009f000-0x0009ffff]
[    0.100634] PM: Registered nosave memory: [mem 0x000a0000-0x000effff]
[    0.100635] PM: Registered nosave memory: [mem 0x000f0000-0x000fffff]
[    0.100636] [mem 0x80000000-0xfebfffff] available for PCI devices
[    0.100637] Booting paravirtualized kernel on KVM
[    0.100641] clocksource: refined-jiffies: mask: 0xffffffff max_cycles: 0xffffffff, max_idle_ns: 7645519600211568 ns
[    0.100645] setup_percpu: NR_CPUS:8192 nr_cpumask_bits:1 nr_cpu_ids:1 nr_node_ids:1
[    0.101654] percpu: Embedded 60 pages/cpu s208896 r8192 d28672 u2097152
[    0.101658] pcpu-alloc: s208896 r8192 d28672 u2097152 alloc=1*2097152
[    0.101659] pcpu-alloc: [0] 0 
[    0.101685] Built 1 zonelists, mobility grouping on.  Total pages: 515961
[    0.101686] Policy zone: DMA32
[    0.101687] Kernel command line: BOOT_IMAGE=/boot/vmlinuz-5.4.243-mptcp root=UUID=98415a12-53b7-4144-8265-0f7ece09e445 ro quiet splash
[    0.102538] Dentry cache hash table entries: 262144 (order: 9, 2097152 bytes, linear)
[    0.102685] Inode-cache hash table entries: 131072 (order: 8, 1048576 bytes, linear)
[    0.102736] mem auto-init: stack:off, heap alloc:on, heap free:off
[    0.102739] Calgary: detecting Calgary via BIOS EBDA area
[    0.102741] Calgary: Unable to locate Rio Grande table in EBDA - bailing!
[    0.106927] Memory: 1967332K/2096696K available (14339K kernel code, 2398K rwdata, 4712K rodata, 2728K init, 17260K bss, 129364K reserved, 0K cma-reserved)
[    0.107863] SLUB: HWalign=64, Order=0-3, MinObjects=0, CPUs=1, Nodes=1
[    0.107880] ftrace: allocating 43186 entries in 169 pages
[    0.126167] rcu: Hierarchical RCU implementation.
[    0.126169] rcu: 	RCU restricting CPUs from NR_CPUS=8192 to nr_cpu_ids=1.
[    0.126170] 	Tasks RCU enabled.
[    0.126171] rcu: RCU calculated value of scheduler-enlistment delay is 25 jiffies.
[    0.126172] rcu: Adjusting geometry for rcu_fanout_leaf=16, nr_cpu_ids=1
[    0.129135] NR_IRQS: 524544, nr_irqs: 256, preallocated irqs: 16
[    0.129351] random: crng init done
[    0.138679] Console: colour VGA+ 80x25
[    0.138683] printk: console [tty0] enabled
[    0.138706] ACPI: Core revision 20190816
[    0.138811] APIC: Switch to symmetric I/O mode setup
[    0.139066] x2apic enabled
[    0.139307] Switched APIC routing to physical x2apic.
[    0.140461] ..TIMER: vector=0x30 apic1=0 pin1=2 apic2=-1 pin2=-1
[    0.140488] clocksource: tsc-early: mask: 0xffffffffffffffff max_cycles: 0x1e4530a99b6, max_idle_ns: 440795257976 ns
[    0.140493] Calibrating delay loop (skipped) preset value.. 4200.00 BogoMIPS (lpj=8400000)
[    0.140496] pid_max: default: 32768 minimum: 301
[    0.140524] LSM: Security Framework initializing
[    0.140534] Yama: becoming mindful.
[    0.140560] AppArmor: AppArmor initialized
[    0.140593] Mount-cache hash table entries: 4096 (order: 3, 32768 bytes, linear)
[    0.140598] Mountpoint-cache hash table entries: 4096 (order: 3, 32768 bytes, linear)
[    0.140608] *** VALIDATE tmpfs ***
[    0.140740] *** VALIDATE proc ***
[    0.140781] *** VALIDATE cgroup1 ***
[    0.140782] *** VALIDATE cgroup2 ***
[    0.140927] process: using mwait in idle threads
[    0.140932] Last level iTLB entries: 4KB 64, 2MB 8, 4MB 8
[    0.140932] Last level dTLB entries: 4KB 64, 2MB 0, 4MB 0, 1GB 4
[    0.140952] Spectre V1 : Mitigation: usercopy/swapgs barriers and __user pointer sanitization
[    0.140958] Spectre V2 : Mitigation: Retpolines
[    0.140958] Spectre V2 : Spectre v2 / SpectreRSB mitigation: Filling RSB on context switch
[    0.140959] Spectre V2 : Spectre v2 / SpectreRSB : Filling RSB on VMEXIT
[    0.140960] RETBleed: WARNING: Spectre v2 mitigation leaves CPU vulnerable to RETBleed attacks, data leaks possible!
[    0.141318] RETBleed: Vulnerable
[    0.141318] Speculative Store Bypass: Vulnerable
[    0.141323] TAA: Mitigation: TSX disabled
[    0.141323] MMIO Stale Data: Mitigation: Clear CPU buffers
[    0.145580] Freeing SMP alternatives memory: 40K
[    0.257875] smpboot: CPU0: Intel(R) Xeon(R) Silver 4216 CPU @ 2.10GHz (family: 0x6, model: 0x55, stepping: 0x7)
[    0.258024] Performance Events: unsupported p6 CPU model 85 no PMU driver, software events only.
[    0.258061] rcu: Hierarchical SRCU implementation.
[    0.258571] NMI watchdog: Perf NMI watchdog permanently disabled
[    0.258612] smp: Bringing up secondary CPUs ...
[    0.258613] smp: Brought up 1 node, 1 CPU
[    0.258615] smpboot: Max logical packages: 1
[    0.258616] smpboot: Total of 1 processors activated (4200.00 BogoMIPS)
[    0.259587] devtmpfs: initialized
[    0.259641] x86/mm: Memory block size: 128MB
[    0.259996] clocksource: jiffies: mask: 0xffffffff max_cycles: 0xffffffff, max_idle_ns: 7645041785100000 ns
[    0.260002] futex hash table entries: 256 (order: 2, 16384 bytes, linear)
[    0.260048] pinctrl core: initialized pinctrl subsystem
[    0.260153] PM: RTC time: 20:46:30, date: 2026-01-14
[    0.260261] NET: Registered protocol family 16
[    0.260349] audit: initializing netlink subsys (disabled)
[    0.260484] EISA bus registered
[    0.260486] cpuidle: using governor ladder
[    0.260487] cpuidle: using governor menu
[    0.260490] ACPI: bus type PCI registered
[    0.260490] acpiphp: ACPI Hot Plug PCI Controller Driver version: 0.5
[    0.260490] PCI: Using configuration type 1 for base access
[    0.260934] audit: type=2000 audit(1768394796.913:1): state=initialized audit_enabled=0 res=1
[    0.261016] HugeTLB registered 2.00 MiB page size, pre-allocated 0 pages
[    0.261846] ACPI: Added _OSI(Module Device)
[    0.261847] ACPI: Added _OSI(Processor Device)
[    0.261848] ACPI: Added _OSI(3.0 _SCP Extensions)
[    0.261849] ACPI: Added _OSI(Processor Aggregator Device)
[    0.261850] ACPI: Added _OSI(Linux-Dell-Video)
[    0.261850] ACPI: Added _OSI(Linux-Lenovo-NV-HDMI-Audio)
[    0.261851] ACPI: Added _OSI(Linux-HPI-Hybrid-Graphics)
[    0.263847] ACPI: 2 ACPI AML tables successfully acquired and loaded
[    0.265406] ACPI: Interpreter enabled
[    0.265416] ACPI: (supports S0 S5)
[    0.265417] ACPI: Using IOAPIC for interrupt routing
[    0.265626] PCI: Using host bridge windows from ACPI; if necessary, use "pci=nocrs" and report a bug
[    0.265732] ACPI: Enabled 2 GPEs in block 00 to 07
[    0.270819] ACPI: PCI Root Bridge [PCI0] (domain 0000 [bus 00-ff])
[    0.270824] acpi PNP0A03:00: _OSC: OS supports [ASPM ClockPM Segments MSI HPX-Type3]
[    0.271285] acpi PNP0A03:00: _OSC: not requesting OS control; OS requires [ExtendedConfig ASPM ClockPM MSI]
[    0.271293] acpi PNP0A03:00: fail to add MMCONFIG information, can't access extended PCI configuration space under this bridge.
[    0.271671] PCI host bridge to bus 0000:00
[    0.271673] pci_bus 0000:00: root bus resource [io  0x0000-0x0cf7 window]
[    0.271675] pci_bus 0000:00: root bus resource [io  0x0d00-0xffff window]
[    0.271676] pci_bus 0000:00: root bus resource [mem 0x000a0000-0x000bffff window]
[    0.271677] pci_bus 0000:00: root bus resource [mem 0x80000000-0xfdffffff window]
[    0.271678] pci_bus 0000:00: root bus resource [bus 00-ff]
[    0.271717] pci 0000:00:00.0: [8086:1237] type 00 class 0x060000
[    0.272619] pci 0000:00:01.0: [8086:7000] type 00 class 0x060100
[    0.273384] pci 0000:00:01.1: [8086:7111] type 00 class 0x01018a
[    0.273748] pci 0000:00:01.1: reg 0x20: [io  0xd000-0xd00f]
[    0.273913] pci 0000:00:01.1: legacy IDE quirk: reg 0x10: [io  0x01f0-0x01f7]
[    0.273914] pci 0000:00:01.1: legacy IDE quirk: reg 0x14: [io  0x03f6]
[    0.273915] pci 0000:00:01.1: legacy IDE quirk: reg 0x18: [io  0x0170-0x0177]
[    0.273916] pci 0000:00:01.1: legacy IDE quirk: reg 0x1c: [io  0x0376]
[    0.274476] pci 0000:00:02.0: [15ad:0405] type 00 class 0x030000
[    0.276570] pci 0000:00:02.0: reg 0x10: [io  0xd010-0xd01f]
[    0.280538] pci 0000:00:02.0: reg 0x14: [mem 0xe0000000-0xe7ffffff pref]
[    0.283428] pci 0000:00:02.0: reg 0x18: [mem 0xf0000000-0xf01fffff]
[    0.295219] pci 0000:00:03.0: [1022:2000] type 00 class 0x020000
[    0.296654] pci 0000:00:03.0: reg 0x10: [io  0xd020-0xd03f]
[    0.297546] pci 0000:00:03.0: reg 0x14: [mem 0xf0200000-0xf0200fff]
[    0.301381] pci 0000:00:04.0: [80ee:cafe] type 00 class 0x088000
[    0.302162] pci 0000:00:04.0: reg 0x10: [io  0xd040-0xd05f]
[    0.302883] pci 0000:00:04.0: reg 0x14: [mem 0xf0400000-0xf07fffff]
[    0.303660] pci 0000:00:04.0: reg 0x18: [mem 0xf0800000-0xf0803fff pref]
[    0.308457] pci 0000:00:07.0: [8086:7113] type 00 class 0x068000
[    0.309039] pci 0000:00:07.0: quirk: [io  0x4000-0x403f] claimed by PIIX4 ACPI
[    0.309049] pci 0000:00:07.0: quirk: [io  0x4100-0x410f] claimed by PIIX4 SMB
[    0.309691] pci 0000:00:08.0: [8086:100e] type 00 class 0x020000
[    0.310559] pci 0000:00:08.0: reg 0x10: [mem 0xf0820000-0xf083ffff]
[    0.311991] pci 0000:00:08.0: reg 0x18: [io  0xd060-0xd067]
[    0.314834] pci 0000:00:09.0: [8086:100e] type 00 class 0x020000
[    0.316581] pci 0000:00:09.0: reg 0x10: [mem 0xf0840000-0xf085ffff]
[    0.317854] pci 0000:00:09.0: reg 0x18: [io  0xd068-0xd06f]
[    0.329179] ACPI: PCI Interrupt Link [LNKA] (IRQs 5 9 10 *11)
[    0.329464] ACPI: PCI Interrupt Link [LNKB] (IRQs 5 9 *10 11)
[    0.329568] ACPI: PCI Interrupt Link [LNKC] (IRQs 5 *9 10 11)
[    0.329673] ACPI: PCI Interrupt Link [LNKD] (IRQs 5 9 10 *11)
[    0.329946] iommu: Default domain type: Translated 
[    0.330008] pci 0000:00:02.0: vgaarb: setting as boot VGA device
[    0.330010] pci 0000:00:02.0: vgaarb: VGA device added: decodes=io+mem,owns=io+mem,locks=none
[    0.330013] pci 0000:00:02.0: vgaarb: bridge control possible
[    0.330014] vgaarb: loaded
[    0.330227] SCSI subsystem initialized
[    0.330261] libata version 3.00 loaded.
[    0.330286] ACPI: bus type USB registered
[    0.330302] usbcore: registered new interface driver usbfs
[    0.330308] usbcore: registered new interface driver hub
[    0.330313] usbcore: registered new device driver usb
[    0.330341] pps_core: LinuxPPS API ver. 1 registered
[    0.330341] pps_core: Software ver. 5.3.6 - Copyright 2005-2007 Rodolfo Giometti <giometti@linux.it>
[    0.330344] PTP clock support registered
[    0.330378] EDAC MC: Ver: 3.0.0
[    0.330661] PCI: Using ACPI for IRQ routing
[    0.330662] PCI: pci_cache_line_size set to 64 bytes
[    0.330833] e820: reserve RAM buffer [mem 0x0009fc00-0x0009ffff]
[    0.330836] e820: reserve RAM buffer [mem 0x7fff0000-0x7fffffff]
[    0.331617] NetLabel: Initializing
[    0.331618] NetLabel:  domain hash size = 128
[    0.331618] NetLabel:  protocols = UNLABELED CIPSOv4 CALIPSO
[    0.331638] NetLabel:  unlabeled traffic allowed by default
[    0.332490] clocksource: Switched to clocksource kvm-clock
[    0.342891] *** VALIDATE bpf ***
[    0.342949] VFS: Disk quotas dquot_6.6.0
[    0.342962] VFS: Dquot-cache hash table entries: 512 (order 0, 4096 bytes)
[    0.342984] *** VALIDATE ramfs ***
[    0.342987] *** VALIDATE hugetlbfs ***
[    0.343069] AppArmor: AppArmor Filesystem Enabled
[    0.343095] pnp: PnP ACPI init
[    0.343162] pnp 00:00: Plug and Play ACPI device, IDs PNP0303 (active)
[    0.343249] pnp 00:01: Plug and Play ACPI device, IDs PNP0f03 (active)
[    0.343994] pnp: PnP ACPI: found 2 devices
[    0.344987] thermal_sys: Registered thermal governor 'fair_share'
[    0.344988] thermal_sys: Registered thermal governor 'bang_bang'
[    0.344989] thermal_sys: Registered thermal governor 'step_wise'
[    0.344989] thermal_sys: Registered thermal governor 'user_space'
[    0.344990] thermal_sys: Registered thermal governor 'power_allocator'
[    0.349505] clocksource: acpi_pm: mask: 0xffffff max_cycles: 0xffffff, max_idle_ns: 2085701024 ns
[    0.349548] pci_bus 0000:00: resource 4 [io  0x0000-0x0cf7 window]
[    0.349549] pci_bus 0000:00: resource 5 [io  0x0d00-0xffff window]
[    0.349550] pci_bus 0000:00: resource 6 [mem 0x000a0000-0x000bffff window]
[    0.349551] pci_bus 0000:00: resource 7 [mem 0x80000000-0xfdffffff window]
[    0.349614] NET: Registered protocol family 2
[    0.349687] IP idents hash table entries: 32768 (order: 6, 262144 bytes, linear)
[    0.350102] MPTCP tokens hash table entries: 8192 (order: 4, 65536 bytes, linear)
[    0.350123] MPTCP request tokens hash table entries: 8192 (order: 4, 65536 bytes, linear)
[    0.350148] default registered
[    0.350148] default registered
[    0.350148] MPTCP: Stable release v0.96
[    0.350154] tcp_listen_portaddr_hash hash table entries: 1024 (order: 2, 16384 bytes, linear)
[    0.350233] TCP established hash table entries: 16384 (order: 5, 131072 bytes, linear)
[    0.350300] TCP bind hash table entries: 16384 (order: 6, 262144 bytes, linear)
[    0.350325] TCP: Hash tables configured (established 16384 bind 16384)
[    0.351037] UDP hash table entries: 1024 (order: 3, 32768 bytes, linear)
[    0.351049] UDP-Lite hash table entries: 1024 (order: 3, 32768 bytes, linear)
[    0.351124] NET: Registered protocol family 1
[    0.351133] NET: Registered protocol family 44
[    0.351154] pci 0000:00:00.0: Limiting direct PCI/PCI transfers
[    0.351181] pci 0000:00:01.0: Activating ISA DMA hang workarounds
[    0.351237] pci 0000:00:02.0: Video device with shadowed ROM at [mem 0x000c0000-0x000dffff]
[    0.351299] PCI: CLS 0 bytes, default 64
[    0.351352] Trying to unpack rootfs image as initramfs...
[    0.535225] Freeing initrd memory: 47868K
[    0.535225] clocksource: tsc: mask: 0xffffffffffffffff max_cycles: 0x1e4530a99b6, max_idle_ns: 440795257976 ns
[    0.535225] clocksource: Switched to clocksource tsc
[    0.535225] platform rtc_cmos: registered platform RTC device (no PNP device found)
[    0.535225] check: Scanning for low memory corruption every 60 seconds
[    0.535225] Initialise system trusted keyrings
[    0.535225] Key type blacklist registered
[    0.535225] workingset: timestamp_bits=36 max_order=19 bucket_order=0
[    0.535225] zbud: loaded
[    0.535225] squashfs: version 4.0 (2009/01/31) Phillip Lougher
[    0.535225] fuse: init (API version 7.31)
[    0.535225] *** VALIDATE fuse ***
[    0.535225] *** VALIDATE fuse ***
[    0.535225] Platform Keyring initialized
[    0.547606] Key type asymmetric registered
[    0.547607] Asymmetric key parser 'x509' registered
[    0.547617] Block layer SCSI generic (bsg) driver version 0.4 loaded (major 244)
[    0.547652] io scheduler mq-deadline registered
[    0.547781] shpchp: Standard Hot Plug PCI Controller Driver version: 0.4
[    0.548001] ACPI: AC Adapter [AC] (on-line)
[    0.548046] input: Power Button as /devices/LNXSYSTM:00/LNXPWRBN:00/input/input0
[    0.548076] ACPI: Power Button [PWRF]
[    0.548152] input: Sleep Button as /devices/LNXSYSTM:00/LNXSLPBN:00/input/input1
[    0.548168] ACPI: Sleep Button [SLPF]
[    0.548413] Serial: 8250/16550 driver, 32 ports, IRQ sharing enabled
[    0.549608] Linux agpgart interface v0.103
[    0.639241] loop: module loaded
[    0.639439] ata_piix 0000:00:01.1: version 2.13
[    0.639857] scsi host0: ata_piix
[    0.639950] scsi host1: ata_piix
[    0.639976] ata1: PATA max UDMA/33 cmd 0x1f0 ctl 0x3f6 bmdma 0xd000 irq 14
[    0.639977] ata2: PATA max UDMA/33 cmd 0x170 ctl 0x376 bmdma 0xd008 irq 15
[    0.640066] tun: Universal TUN/TAP device driver, 1.6
[    0.640447] PPP generic driver version 2.4.2
[    0.640502] VFIO - User Level meta-driver version: 0.3
[    0.640768] ehci_hcd: USB 2.0 'Enhanced' Host Controller (EHCI) Driver
[    0.640776] ehci-pci: EHCI PCI platform driver
[    0.640793] ehci-platform: EHCI generic platform driver
[    0.640799] ohci_hcd: USB 1.1 'Open' Host Controller (OHCI) Driver
[    0.640801] ohci-pci: OHCI PCI platform driver
[    0.640808] ohci-platform: OHCI generic platform driver
[    0.640812] uhci_hcd: USB Universal Host Controller Interface driver
[    0.640878] i8042: PNP: PS/2 Controller [PNP0303:PS2K,PNP0f03:PS2M] at 0x60,0x64 irq 1,12
[    0.641347] serio: i8042 KBD port at 0x60,0x64 irq 1
[    0.641352] serio: i8042 AUX port at 0x60,0x64 irq 12
[    0.641462] mousedev: PS/2 mouse device common for all mice
[    0.641762] input: AT Translated Set 2 keyboard as /devices/platform/i8042/serio0/input/input2
[    0.642163] rtc_cmos rtc_cmos: registered as rtc0
[    0.642176] rtc_cmos rtc_cmos: alarms up to one day, 114 bytes nvram
[    0.642181] i2c /dev entries driver
[    0.642226] device-mapper: uevent: version 1.0.3
[    0.642271] device-mapper: ioctl: 4.41.0-ioctl (2019-09-16) initialised: dm-devel@redhat.com
[    0.642287] platform eisa.0: Probing EISA bus 0
[    0.642288] platform eisa.0: EISA: Cannot allocate resource for mainboard
[    0.642289] platform eisa.0: Cannot allocate resource for EISA slot 1
[    0.642290] platform eisa.0: Cannot allocate resource for EISA slot 2
[    0.642291] platform eisa.0: Cannot allocate resource for EISA slot 3
[    0.642292] platform eisa.0: Cannot allocate resource for EISA slot 4
[    0.642293] platform eisa.0: Cannot allocate resource for EISA slot 5
[    0.642294] platform eisa.0: Cannot allocate resource for EISA slot 6
[    0.642295] platform eisa.0: Cannot allocate resource for EISA slot 7
[    0.642296] platform eisa.0: Cannot allocate resource for EISA slot 8
[    0.642297] platform eisa.0: EISA: Detected 0 cards
[    0.642300] intel_pstate: CPU model not supported
[    0.642309] ledtrig-cpu: registered to indicate activity on CPUs
[    0.642371] drop_monitor: Initializing network drop monitor service
[    0.642548] NET: Registered protocol family 10
[    0.647363] Segment Routing with IPv6
[    0.647363] fullmesh registered
[    0.647363] ndiffports registered
[    0.647363] binder registered
[    0.647363] roundrobin registered
[    0.647363] redundant registered
[    0.647363] blest registered
[    0.647363] ecf registered
[    0.647363] NET: Registered protocol family 17
[    0.647363] Key type dns_resolver registered
[    0.647363] RAS: Correctable Errors collector initialized.
[    0.647363] IPI shorthand broadcast: enabled
[    0.647363] sched_clock: Marking stable (632214363, 11149583)->(647274060, -3910114)
[    0.648365] registered taskstats version 1
[    0.648375] Loading compiled-in X.509 certificates
[    0.648981] Loaded X.509 cert 'Build time autogenerated kernel key: 6909f3744cebb3d0de528d5887b96a727de79b1e'
[    0.649001] zswap: loaded using pool lzo/zbud
[    0.649054] Key type ._fscrypt registered
[    0.649055] Key type .fscrypt registered
[    0.653539] Key type big_key registered
[    0.655735] Key type encrypted registered
[    0.655738] AppArmor: AppArmor sha1 policy hashing enabled
[    0.655746] ima: No TPM chip found, activating TPM-bypass!
[    0.655750] ima: Allocated hash algorithm: sha1
[    0.655756] ima: No architecture policies found
[    0.655765] evm: Initialising EVM extended attributes:
[    0.655765] evm: security.selinux
[    0.655766] evm: security.SMACK64
[    0.655766] evm: security.SMACK64EXEC
[    0.655767] evm: security.SMACK64TRANSMUTE
[    0.655767] evm: security.SMACK64MMAP
[    0.655768] evm: security.apparmor
[    0.655768] evm: security.ima
[    0.655769] evm: security.capability
[    0.655769] evm: HMAC attrs: 0x1
[    0.656069] PM:   Magic number: 10:379:801
[    0.656105] acpi PNP0F03:00: hash matches
[    0.656209] rtc_cmos rtc_cmos: setting system clock to 2026-01-14T20:46:31 UTC (1768423591)
[    0.812259] ata1.00: ATA-6: VBOX HARDDISK, 1.0, max UDMA/133
[    0.812262] ata1.00: 209715200 sectors, multi 128: LBA 
[    0.812902] scsi 0:0:0:0: Direct-Access     ATA      VBOX HARDDISK    1.0  PQ: 0 ANSI: 5
[    0.813186] sd 0:0:0:0: [sda] 209715200 512-byte logical blocks: (107 GB/100 GiB)
[    0.813198] sd 0:0:0:0: [sda] Write Protect is off
[    0.813201] sd 0:0:0:0: [sda] Mode Sense: 00 3a 00 00
[    0.813220] sd 0:0:0:0: [sda] Write cache: enabled, read cache: enabled, doesn't support DPO or FUA
[    0.813530] sd 0:0:0:0: Attached scsi generic sg0 type 0
[    0.814786]  sda: sda1 sda2
[    0.823382] sd 0:0:0:0: [sda] Attached SCSI disk
[    0.826522] Freeing unused decrypted memory: 2040K
[    0.827449] Freeing unused kernel image memory: 2728K
[    0.827452] Write protecting the kernel read-only data: 22528k
[    0.828436] Freeing unused kernel image memory: 2036K
[    0.828973] Freeing unused kernel image memory: 1432K
[    0.853962] x86/mm: Checked W+X mappings: passed, no W+X pages found.
[    0.853968] Run /init as init process
[    0.961909] ACPI: Video Device [GFX0] (multi-head: yes  rom: no  post: no)
[    0.961981] input: Video Bus as /devices/LNXSYSTM:00/LNXSYBUS:00/PNP0A03:00/LNXVIDEO:00/input/input4
[    0.973539] pcnet32: pcnet32.c:v1.35 21.Apr.2008 tsbogend@alpha.franken.de
[    0.975148] piix4_smbus 0000:00:07.0: SMBus Host Controller at 0x4100, revision 0
[    0.977650] e1000: Intel(R) PRO/1000 Network Driver - version 7.3.21-k8-NAPI
[    0.977651] e1000: Copyright (c) 1999-2006 Intel Corporation.
[    0.980558] pcnet32: PCnet/FAST III 79C973 at 0xd020, 08:00:27:ae:ab:b0 assigned IRQ 19
[    0.980604] pcnet32: Found PHY 0022:561b at address 0
[    0.980908] pcnet32: eth0: registered as PCnet/FAST III 79C973
[    0.992687] pcnet32: 1 cards_found
[    1.048361] pcnet32 0000:00:03.0 enp0s3: renamed from eth0
[    1.194652] input: ImExPS/2 Generic Explorer Mouse as /devices/platform/i8042/serio1/input/input5
[    1.387551] e1000 0000:00:08.0 eth0: (PCI:33MHz:32-bit) 08:00:27:9c:98:37
[    1.387555] e1000 0000:00:08.0 eth0: Intel(R) PRO/1000 Network Connection
[    1.759543] e1000 0000:00:09.0 eth1: (PCI:33MHz:32-bit) 08:00:27:e2:2c:cb
[    1.759547] e1000 0000:00:09.0 eth1: Intel(R) PRO/1000 Network Connection
[    1.760689] e1000 0000:00:09.0 enp0s9: renamed from eth1
[    1.762480] e1000 0000:00:08.0 enp0s8: renamed from eth0
[    1.913052] EXT4-fs (sda2): mounted filesystem with ordered data mode. Opts: (null)
[    2.005036] systemd[1]: Inserted module 'autofs4'
[    2.016892] systemd[1]: systemd 245.4-4ubuntu3 running in system mode. (+PAM +AUDIT +SELINUX +IMA +APPARMOR +SMACK +SYSVINIT +UTMP +LIBCRYPTSETUP +GCRYPT +GNUTLS +ACL +XZ +LZ4 +SECCOMP +BLKID +ELFUTILS +KMOD +IDN2 -IDN +PCRE2 default-hierarchy=hybrid)
[    2.016924] systemd[1]: Detected virtualization oracle.
[    2.016927] systemd[1]: Detected architecture x86-64.
[    2.018237] systemd[1]: Set hostname to <ztg>.
[    2.145441] systemd[1]: /lib/systemd/system/dbus.socket:5: ListenStream= references a path below legacy directory /var/run/, updating /var/run/dbus/system_bus_socket â†’ /run/dbus/system_bus_socket; please update the unit file accordingly.
[    2.199284] systemd[1]: Created slice system-modprobe.slice.
[    2.199475] systemd[1]: Created slice User and Session Slice.
[    2.199521] systemd[1]: Started Forward Password Requests to Wall Directory Watch.
[    2.199695] systemd[1]: Set up automount Arbitrary Executable File Formats File System Automount Point.
[    2.199730] systemd[1]: Reached target User and Group Name Lookups.
[    2.199740] systemd[1]: Reached target Remote File Systems.
[    2.199748] systemd[1]: Reached target Slices.
[    2.200309] systemd[1]: Listening on Syslog Socket.
[    2.200393] systemd[1]: Listening on fsck to fsckd communication Socket.
[    2.200432] systemd[1]: Listening on initctl Compatibility Named Pipe.
[    2.200568] systemd[1]: Listening on Journal Audit Socket.
[    2.200622] systemd[1]: Listening on Journal Socket (/dev/log).
[    2.200691] systemd[1]: Listening on Journal Socket.
[    2.200754] systemd[1]: Listening on udev Control Socket.
[    2.200793] systemd[1]: Listening on udev Kernel Socket.
[    2.201544] systemd[1]: Mounting Huge Pages File System...
[    2.202490] systemd[1]: Mounting POSIX Message Queue File System...
[    2.203419] systemd[1]: Mounting Kernel Debug File System...
[    2.204277] systemd[1]: Mounting Kernel Trace File System...
[    2.206222] systemd[1]: Starting Journal Service...
[    2.234526] systemd[1]: Starting Set the console keyboard layout...
[    2.240496] systemd[1]: Starting Create list of static device nodes for the current kernel...
[    2.242632] systemd[1]: Starting Load Kernel Module drm...
[    2.247464] systemd[1]: Condition check resulted in Set Up Additional Binary Formats being skipped.
[    2.247499] systemd[1]: Condition check resulted in File System Check on Root Device being skipped.
[    2.252833] systemd[1]: Starting Load Kernel Modules...
[    2.263512] systemd[1]: Starting Remount Root and Kernel File Systems...
[    2.282978] systemd[1]: Starting udev Coldplug all Devices...
[    2.306438] systemd[1]: Starting Uncomplicated firewall...
[    2.315692] systemd[1]: Mounted Huge Pages File System.
[    2.315779] systemd[1]: Mounted POSIX Message Queue File System.
[    2.315852] systemd[1]: Mounted Kernel Debug File System.
[    2.315921] systemd[1]: Mounted Kernel Trace File System.
[    2.316269] EXT4-fs (sda2): re-mounted. Opts: errors=remount-ro
[    2.317363] systemd[1]: Finished Create list of static device nodes for the current kernel.
[    2.319191] systemd[1]: modprobe@drm.service: Succeeded.
[    2.328123] systemd[1]: Finished Load Kernel Module drm.
[    2.328541] systemd[1]: Finished Remount Root and Kernel File Systems.
[    2.329840] systemd[1]: Finished Uncomplicated firewall.
[    2.346484] systemd[1]: Condition check resulted in Rebuild Hardware Database being skipped.
[    2.346537] systemd[1]: Condition check resulted in Platform Persistent Storage Archival being skipped.
[    2.347371] systemd[1]: Starting Load/Save Random Seed...
[    2.348871] lp: driver loaded but no devices found
[    2.362051] systemd[1]: Starting Create System Users...
[    2.363895] ppdev: user-space parallel port driver
[    2.369508] systemd[1]: Finished Load/Save Random Seed.
[    2.373575] systemd[1]: Finished Create System Users.
[    2.374314] systemd[1]: Starting Create Static Device Nodes in /dev...
[    2.427869] systemd[1]: Finished Create Static Device Nodes in /dev.
[    2.428810] systemd[1]: Starting udev Kernel Device Manager...
[    2.441745] systemd[1]: Finished udev Coldplug all Devices.
[    2.453574] [drm] DMA map mode: Caching DMA mappings.
[    2.453666] [drm] Capabilities:
[    2.453666] [drm]   Rect copy.
[    2.453667] [drm]   Cursor.
[    2.453667] [drm]   Cursor bypass.
[    2.453667] [drm]   Cursor bypass 2.
[    2.453668] [drm]   Alpha cursor.
[    2.453668] [drm]   Extended Fifo.
[    2.453668] [drm]   Pitchlock.
[    2.453669] [drm]   Irq mask.
[    2.453669] [drm]   GMR.
[    2.453669] [drm]   Traces.
[    2.453670] [drm]   GMR2.
[    2.453670] [drm]   Screen Object 2.
[    2.453671] [drm]   Command Buffers.
[    2.453671] [drm]   Command Buffers 2.
[    2.453671] [drm]   Guest Backed Resources.
[    2.453672] [drm] Max GMR ids is 8192
[    2.453673] [drm] Max number of GMR pages is 1048576
[    2.453674] [drm] Max dedicated hypervisor surface memory is 393216 kiB
[    2.453674] [drm] Maximum display memory size is 131072 kiB
[    2.453675] [drm] VRAM at 0xe0000000 size is 131072 kiB
[    2.453675] [drm] MMIO at 0xf0000000 size is 2048 kiB
[    2.486043] [TTM] Zone  kernel: Available graphics memory: 1011738 KiB
[    2.486044] [TTM] Initializing pool allocator
[    2.486050] [TTM] Initializing DMA pool allocator
[    2.486083] [drm] Supports vblank timestamp caching Rev 2 (21.10.2013).
[    2.486084] [drm] No driver support for vblank timestamp query.
[    2.486465] [drm] Screen Target Display device initialized
[    2.486703] [drm] width 720
[    2.486718] [drm] height 400
[    2.486721] [drm] bpp 32
[    2.487281] [drm] Fifo max 0x00200000 min 0x00001000 cap 0x00000355
[    2.488527] [drm] Using command buffers with DMA pool.
[    2.488531] [drm] DX: no.
[    2.488532] [drm] Atomic: yes.
[    2.488532] [drm] SM4_1: no.
[    2.488552] [drm:vmw_host_log [vmwgfx]] *ERROR* Failed to send host log message.
[    2.489434] [drm:vmw_host_log [vmwgfx]] *ERROR* Failed to send host log message.
[    2.494594] fbcon: svgadrmfb (fb0) is primary device
[    2.500086] Console: switching to colour frame buffer device 100x37
[    2.504919] [drm] Initialized vmwgfx 2.15.0 20180704 for 0000:00:02.0 on minor 0
[    2.505902] systemd[1]: Finished Load Kernel Modules.
[    2.506882] systemd[1]: Mounting FUSE Control File System...
[    2.508071] systemd[1]: Mounting Kernel Configuration File System...
[    2.514709] systemd[1]: Starting Apply Kernel Variables...
[    2.524179] systemd[1]: Finished Set the console keyboard layout.
[    2.524899] systemd[1]: Mounted FUSE Control File System.
[    2.524968] systemd[1]: Reached target Local File Systems (Pre).
[    2.524995] systemd[1]: Condition check resulted in VMware vmblock fuse mount being skipped.
[    2.533355] systemd[1]: Mounting Mount unit for bare, revision 5...
[    2.540533] systemd[1]: Mounting Mount unit for core18, revision 1705...
[    2.565840] systemd[1]: Mounting Mount unit for gnome-3-34-1804, revision 24...
[    2.573595] systemd[1]: Mounting Mount unit for gtk-common-themes, revision 1506...
[    2.583544] systemd[1]: Mounting Mount unit for gtk-common-themes, revision 1535...
[    2.588051] systemd[1]: Mounting Mount unit for snap-store, revision 433...
[    2.595080] systemd[1]: Mounting Mount unit for snapd, revision 7264...
[    2.596231] systemd[1]: Mounted Kernel Configuration File System.
[    2.624336] systemd[1]: Finished Apply Kernel Variables.
[    2.625830] systemd[1]: Mounted Mount unit for bare, revision 5.
[    2.629450] systemd[1]: Mounted Mount unit for core18, revision 1705.
[    2.635766] systemd[1]: Mounted Mount unit for gnome-3-34-1804, revision 24.
[    2.663958] systemd[1]: Mounted Mount unit for gtk-common-themes, revision 1506.
[    2.667396] systemd[1]: Started udev Kernel Device Manager.
[    2.668187] systemd[1]: Starting Show Plymouth Boot Screen...
[    2.674085] systemd[1]: Mounted Mount unit for snap-store, revision 433.
[    2.684784] systemd[1]: Mounted Mount unit for gtk-common-themes, revision 1535.
[    2.686534] systemd[1]: Mounted Mount unit for snapd, revision 7264.
[    2.687099] systemd[1]: Received SIGRTMIN+20 from PID 282 (plymouthd).
[    2.687173] systemd[1]: Reached target Local File Systems.
[    2.691140] systemd[1]: Starting Load AppArmor profiles...
[    2.711864] systemd[1]: Starting Set console font and keymap...
[    2.720864] systemd[1]: Starting Tell Plymouth To Write Out Runtime Data...
[    2.723744] systemd[1]: Condition check resulted in Store a System Token in an EFI Variable being skipped.
[    2.723776] systemd[1]: Condition check resulted in Commit a transient machine-id on disk being skipped.
[    2.723902] systemd[1]: Started Show Plymouth Boot Screen.
[    2.726464] systemd[1]: Finished Set console font and keymap.
[    2.726678] systemd[1]: Condition check resulted in Dispatch Password Requests to Console Directory Watch being skipped.
[    2.726760] systemd[1]: Started Forward Password Requests to Plymouth Directory Watch.
[    2.726829] systemd[1]: Reached target Local Encrypted Volumes.
[    2.735263] systemd[1]: Received SIGRTMIN+20 from PID 282 (plymouthd).
[    2.737305] systemd[1]: plymouth-read-write.service: Succeeded.
[    2.737570] systemd[1]: Finished Tell Plymouth To Write Out Runtime Data.
[    2.752681] audit: type=1400 audit(1768423593.592:2): apparmor="STATUS" operation="profile_load" profile="unconfined" name="nvidia_modprobe" pid=296 comm="apparmor_parser"
[    2.752683] audit: type=1400 audit(1768423593.592:3): apparmor="STATUS" operation="profile_load" profile="unconfined" name="nvidia_modprobe//kmod" pid=296 comm="apparmor_parser"
[    2.775874] audit: type=1400 audit(1768423593.616:4): apparmor="STATUS" operation="profile_load" profile="unconfined" name="/usr/sbin/tcpdump" pid=297 comm="apparmor_parser"
[    2.803937] audit: type=1400 audit(1768423593.636:5): apparmor="STATUS" operation="profile_load" profile="unconfined" name="/usr/bin/evince" pid=299 comm="apparmor_parser"
[    2.803940] audit: type=1400 audit(1768423593.636:6): apparmor="STATUS" operation="profile_load" profile="unconfined" name="/usr/bin/evince//sanitized_helper" pid=299 comm="apparmor_parser"
[    2.803941] audit: type=1400 audit(1768423593.636:7): apparmor="STATUS" operation="profile_load" profile="unconfined" name="/usr/bin/evince-previewer" pid=299 comm="apparmor_parser"
[    2.803943] audit: type=1400 audit(1768423593.636:8): apparmor="STATUS" operation="profile_load" profile="unconfined" name="/usr/bin/evince-previewer//sanitized_helper" pid=299 comm="apparmor_parser"
[    2.803945] audit: type=1400 audit(1768423593.636:9): apparmor="STATUS" operation="profile_load" profile="unconfined" name="/usr/bin/evince-thumbnailer" pid=299 comm="apparmor_parser"
[    2.835192] audit: type=1400 audit(1768423593.672:10): apparmor="STATUS" operation="profile_load" profile="unconfined" name="/usr/lib/cups/backend/cups-pdf" pid=304 comm="apparmor_parser"
[    2.896474] systemd[1]: Finished Load AppArmor profiles.
[    2.897412] systemd[1]: Starting Load AppArmor profiles managed internally by snapd...
[    2.969250] systemd[1]: Finished Load AppArmor profiles managed internally by snapd.
[    3.174035] systemd[1]: Started Journal Service.
[    3.183783] systemd-journald[229]: Received client request to flush runtime journal.
[    3.186477] systemd-journald[229]: File /var/log/journal/c455b248004a419c87ce85eea238d727/system.journal corrupted or uncleanly shut down, renaming and replacing.
[    4.495406] RAPL PMU: API unit is 2^-32 Joules, 0 fixed counters, 10737418240 ms ovfl timer
[    4.517594] cryptd: max_cpu_qlen set to 1000
[    4.628633] AVX2 version of gcm_enc/dec engaged.
[    4.628634] AES CTR mode by8 optimization enabled
[    5.463055] Adding 1998844k swap on /dev/sda1.  Priority:-2 extents:1 across:1998844k FS
[    6.784163] kauditd_printk_skb: 30 callbacks suppressed
[    6.784164] audit: type=1400 audit(1768423597.620:41): apparmor="DENIED" operation="capable" profile="/usr/sbin/cups-browsed" pid=496 comm="cups-browsed" capability=23  capname="sys_nice"
[    7.625330] pcnet32 0000:00:03.0 enp0s3: link up, 100Mbps, full-duplex
[    7.660645] e1000: enp0s8 NIC Link is Up 1000 Mbps Full Duplex, Flow Control: RX
[    7.660919] IPv6: ADDRCONF(NETDEV_CHANGE): enp0s8: link becomes ready
[    7.671809] e1000: enp0s9 NIC Link is Up 1000 Mbps Full Duplex, Flow Control: RX
[    7.672100] IPv6: ADDRCONF(NETDEV_CHANGE): enp0s9: link becomes ready
[    8.204483] device enp0s3 entered promiscuous mode
[    8.228073] audit: type=1400 audit(1768423599.060:42): apparmor="DENIED" operation="open" profile="/usr/sbin/tcpdump" name="/proc/sys/kernel/random/boot_id" pid=683 comm="tcpdump" requested_mask="r" denied_mask="r" fsuid=0 ouid=0
[    8.228281] audit: type=1400 audit(1768423599.060:43): apparmor="DENIED" operation="open" profile="/usr/sbin/tcpdump" name="/proc/sys/kernel/random/boot_id" pid=683 comm="tcpdump" requested_mask="r" denied_mask="r" fsuid=0 ouid=0
[    8.228399] audit: type=1400 audit(1768423599.060:44): apparmor="DENIED" operation="open" profile="/usr/sbin/tcpdump" name="/proc/sys/kernel/random/boot_id" pid=683 comm="tcpdump" requested_mask="r" denied_mask="r" fsuid=0 ouid=0
[    8.228457] audit: type=1400 audit(1768423599.060:45): apparmor="DENIED" operation="open" profile="/usr/sbin/tcpdump" name="/proc/sys/kernel/random/boot_id" pid=683 comm="tcpdump" requested_mask="r" denied_mask="r" fsuid=0 ouid=0
[    8.236918] audit: type=1400 audit(1768423599.076:46): apparmor="DENIED" operation="open" profile="/usr/sbin/tcpdump" name="/proc/sys/kernel/random/boot_id" pid=684 comm="tcpdump" requested_mask="r" denied_mask="r" fsuid=0 ouid=0
[    8.237119] audit: type=1400 audit(1768423599.076:47): apparmor="DENIED" operation="open" profile="/usr/sbin/tcpdump" name="/proc/sys/kernel/random/boot_id" pid=684 comm="tcpdump" requested_mask="r" denied_mask="r" fsuid=0 ouid=0
[    8.237160] audit: type=1400 audit(1768423599.076:48): apparmor="DENIED" operation="open" profile="/usr/sbin/tcpdump" name="/proc/sys/kernel/random/boot_id" pid=684 comm="tcpdump" requested_mask="r" denied_mask="r" fsuid=0 ouid=0
[    8.237252] audit: type=1400 audit(1768423599.076:49): apparmor="DENIED" operation="open" profile="/usr/sbin/tcpdump" name="/proc/sys/kernel/random/boot_id" pid=684 comm="tcpdump" requested_mask="r" denied_mask="r" fsuid=0 ouid=0
[   12.745714] rfkill: input handler disabled
[  564.259172] rfkill: input handler enabled
[  573.461852] rfkill: input handler disabled
[  786.777319] device enp0s3 left promiscuous mode
