[    0.000000] Linux version 5.4.243-mptcp (root@ztg) (gcc version 12.2.0 (Debian 12.2.0-14+deb12u1)) #53 SMP Wed Dec 24 23:28:15 CST 2025
[    0.000000] Command line: BOOT_IMAGE=/boot/vmlinuz-5.4.243-mptcp root=UUID=98415a12-53b7-4144-8265-0f7ece09e445 ro quiet splash
[    0.000000] KERNEL supported cpus:
[    0.000000]   Intel GenuineIntel
[    0.000000]   AMD AuthenticAMD
[    0.000000]   Hygon HygonGenuine
[    0.000000]   Centaur CentaurHauls
[    0.000000]   zhaoxin   Shanghai  
[    0.000000] x86/fpu: Supporting XSAVE feature 0x001: 'x87 floating point registers'
[    0.000000] x86/fpu: Supporting XSAVE feature 0x002: 'SSE registers'
[    0.000000] x86/fpu: Supporting XSAVE feature 0x004: 'AVX registers'
[    0.000000] x86/fpu: xstate_offset[2]:  576, xstate_sizes[2]:  256
[    0.000000] x86/fpu: Enabled xstate features 0x7, context size is 832 bytes, using 'standard' format.
[    0.000000] BIOS-provided physical RAM map:
[    0.000000] BIOS-e820: [mem 0x0000000000000000-0x000000000009fbff] usable
[    0.000000] BIOS-e820: [mem 0x000000000009fc00-0x000000000009ffff] reserved
[    0.000000] BIOS-e820: [mem 0x00000000000f0000-0x00000000000fffff] reserved
[    0.000000] BIOS-e820: [mem 0x0000000000100000-0x000000007ffeffff] usable
[    0.000000] BIOS-e820: [mem 0x000000007fff0000-0x000000007fffffff] ACPI data
[    0.000000] BIOS-e820: [mem 0x00000000fec00000-0x00000000fec00fff] reserved
[    0.000000] BIOS-e820: [mem 0x00000000fee00000-0x00000000fee00fff] reserved
[    0.000000] BIOS-e820: [mem 0x00000000fffc0000-0x00000000ffffffff] reserved
[    0.000000] NX (Execute Disable) protection: active
[    0.000000] SMBIOS 2.5 present.
[    0.000000] DMI: innotek GmbH VirtualBox/VirtualBox, BIOS VirtualBox 12/01/2006
[    0.000000] Hypervisor detected: KVM
[    0.000000] kvm-clock: Using msrs 4b564d01 and 4b564d00
[    0.000000] kvm-clock: cpu 0, msr 6e801001, primary cpu clock
[    0.000000] kvm-clock: using sched offset of 4431130048 cycles
[    0.000003] clocksource: kvm-clock: mask: 0xffffffffffffffff max_cycles: 0x1cd42e4dffb, max_idle_ns: 881590591483 ns
[    0.000005] tsc: Detected 2100.000 MHz processor
[    0.001882] e820: update [mem 0x00000000-0x00000fff] usable ==> reserved
[    0.001884] e820: remove [mem 0x000a0000-0x000fffff] usable
[    0.001888] last_pfn = 0x7fff0 max_arch_pfn = 0x400000000
[    0.001955] MTRR default type: uncachable
[    0.001955] MTRR fixed ranges enabled:
[    0.001957]   00000-9FFFF write-back
[    0.001958]   A0000-BFFFF uncachable
[    0.001958]   C0000-FFFFF write-protect
[    0.001959] MTRR variable ranges enabled:
[    0.001960]   0 base 000000000000 mask 3FFF80000000 write-back
[    0.001961]   1 disabled
[    0.001961]   2 disabled
[    0.001962]   3 disabled
[    0.001962]   4 disabled
[    0.001963]   5 disabled
[    0.001963]   6 disabled
[    0.001964]   7 disabled
[    0.001964]   8 disabled
[    0.001964]   9 disabled
[    0.001965]   10 disabled
[    0.001965]   11 disabled
[    0.001966]   12 disabled
[    0.001966]   13 disabled
[    0.001966]   14 disabled
[    0.001967]   15 disabled
[    0.001983] x86/PAT: Configuration [0-7]: WB  WC  UC- UC  WB  WP  UC- WT  
[    0.002117] found SMP MP-table at [mem 0x0009fff0-0x0009ffff]
[    0.091749] check: Scanning 1 areas for low memory corruption
[    0.091987] RAMDISK: [mem 0x32271000-0x3512ffff]
[    0.091996] ACPI: Early table checksum verification disabled
[    0.092001] ACPI: RSDP 0x00000000000E0000 000024 (v02 VBOX  )
[    0.092006] ACPI: XSDT 0x000000007FFF0030 00003C (v01 VBOX   VBOXXSDT 00000001 ASL  00000061)
[    0.092012] ACPI: FACP 0x000000007FFF00F0 0000F4 (v04 VBOX   VBOXFACP 00000001 ASL  00000061)
[    0.092019] ACPI: DSDT 0x000000007FFF02E0 002353 (v02 VBOX   VBOXBIOS 00000002 VBOX 00029BF3)
[    0.092023] ACPI: FACS 0x000000007FFF0200 000040
[    0.092026] ACPI: FACS 0x000000007FFF0200 000040
[    0.092029] ACPI: APIC 0x000000007FFF0240 000054 (v02 VBOX   VBOXAPIC 00000001 ASL  00000061)
[    0.092033] ACPI: SSDT 0x000000007FFF02A0 000038 (v01 VBOX   VBOXCPUT 00000002 VBOX 00029BF3)
[    0.092036] ACPI: Reserving FACP table memory at [mem 0x7fff00f0-0x7fff01e3]
[    0.092037] ACPI: Reserving DSDT table memory at [mem 0x7fff02e0-0x7fff2632]
[    0.092038] ACPI: Reserving FACS table memory at [mem 0x7fff0200-0x7fff023f]
[    0.092038] ACPI: Reserving FACS table memory at [mem 0x7fff0200-0x7fff023f]
[    0.092039] ACPI: Reserving APIC table memory at [mem 0x7fff0240-0x7fff0293]
[    0.092040] ACPI: Reserving SSDT table memory at [mem 0x7fff02a0-0x7fff02d7]
[    0.092053] ACPI: Local APIC address 0xfee00000
[    0.092243] No NUMA configuration found
[    0.092244] Faking a node at [mem 0x0000000000000000-0x000000007ffeffff]
[    0.092254] NODE_DATA(0) allocated [mem 0x7ffc5000-0x7ffeffff]
[    0.092522] Zone ranges:
[    0.092523]   DMA      [mem 0x0000000000001000-0x0000000000ffffff]
[    0.092524]   DMA32    [mem 0x0000000001000000-0x000000007ffeffff]
[    0.092525]   Normal   empty
[    0.092526]   Device   empty
[    0.092526] Movable zone start for each node
[    0.092528] Early memory node ranges
[    0.092529]   node   0: [mem 0x0000000000001000-0x000000000009efff]
[    0.092530]   node   0: [mem 0x0000000000100000-0x000000007ffeffff]
[    0.092533] Zeroed struct page in unavailable ranges: 114 pages
[    0.092534] Initmem setup node 0 [mem 0x0000000000001000-0x000000007ffeffff]
[    0.092535] On node 0 totalpages: 524174
[    0.092536]   DMA zone: 64 pages used for memmap
[    0.092537]   DMA zone: 21 pages reserved
[    0.092538]   DMA zone: 3998 pages, LIFO batch:0
[    0.092610]   DMA32 zone: 8128 pages used for memmap
[    0.092611]   DMA32 zone: 520176 pages, LIFO batch:63
[    0.101580] ACPI: PM-Timer IO Port: 0x4008
[    0.101584] ACPI: Local APIC address 0xfee00000
[    0.101651] IOAPIC[0]: apic_id 1, version 32, address 0xfec00000, GSI 0-23
[    0.101655] ACPI: INT_SRC_OVR (bus 0 bus_irq 0 global_irq 2 dfl dfl)
[    0.101656] ACPI: INT_SRC_OVR (bus 0 bus_irq 9 global_irq 9 low level)
[    0.101658] ACPI: IRQ0 used by override.
[    0.101659] ACPI: IRQ9 used by override.
[    0.101662] Using ACPI (MADT) for SMP configuration information
[    0.101669] smpboot: Allowing 1 CPUs, 0 hotplug CPUs
[    0.101692] PM: Registered nosave memory: [mem 0x00000000-0x00000fff]
[    0.101693] PM: Registered nosave memory: [mem 0x0009f000-0x0009ffff]
[    0.101694] PM: Registered nosave memory: [mem 0x000a0000-0x000effff]
[    0.101695] PM: Registered nosave memory: [mem 0x000f0000-0x000fffff]
[    0.101697] [mem 0x80000000-0xfebfffff] available for PCI devices
[    0.101698] Booting paravirtualized kernel on KVM
[    0.101700] clocksource: refined-jiffies: mask: 0xffffffff max_cycles: 0xffffffff, max_idle_ns: 7645519600211568 ns
[    0.101706] setup_percpu: NR_CPUS:8192 nr_cpumask_bits:1 nr_cpu_ids:1 nr_node_ids:1
[    0.102704] percpu: Embedded 60 pages/cpu s208896 r8192 d28672 u2097152
[    0.102709] pcpu-alloc: s208896 r8192 d28672 u2097152 alloc=1*2097152
[    0.102710] pcpu-alloc: [0] 0 
[    0.102736] Built 1 zonelists, mobility grouping on.  Total pages: 515961
[    0.102736] Policy zone: DMA32
[    0.102737] Kernel command line: BOOT_IMAGE=/boot/vmlinuz-5.4.243-mptcp root=UUID=98415a12-53b7-4144-8265-0f7ece09e445 ro quiet splash
[    0.103587] Dentry cache hash table entries: 262144 (order: 9, 2097152 bytes, linear)
[    0.103735] Inode-cache hash table entries: 131072 (order: 8, 1048576 bytes, linear)
[    0.103785] mem auto-init: stack:off, heap alloc:on, heap free:off
[    0.103788] Calgary: detecting Calgary via BIOS EBDA area
[    0.103789] Calgary: Unable to locate Rio Grande table in EBDA - bailing!
[    0.108008] Memory: 1967332K/2096696K available (14339K kernel code, 2398K rwdata, 4712K rodata, 2728K init, 17260K bss, 129364K reserved, 0K cma-reserved)
[    0.108940] SLUB: HWalign=64, Order=0-3, MinObjects=0, CPUs=1, Nodes=1
[    0.108957] ftrace: allocating 43186 entries in 169 pages
[    0.127069] rcu: Hierarchical RCU implementation.
[    0.127070] rcu: 	RCU restricting CPUs from NR_CPUS=8192 to nr_cpu_ids=1.
[    0.127071] 	Tasks RCU enabled.
[    0.127072] rcu: RCU calculated value of scheduler-enlistment delay is 25 jiffies.
[    0.127073] rcu: Adjusting geometry for rcu_fanout_leaf=16, nr_cpu_ids=1
[    0.130052] NR_IRQS: 524544, nr_irqs: 256, preallocated irqs: 16
[    0.130263] random: crng init done
[    0.139565] Console: colour VGA+ 80x25
[    0.139569] printk: console [tty0] enabled
[    0.139590] ACPI: Core revision 20190816
[    0.139684] APIC: Switch to symmetric I/O mode setup
[    0.139932] x2apic enabled
[    0.140168] Switched APIC routing to physical x2apic.
[    0.141292] ..TIMER: vector=0x30 apic1=0 pin1=2 apic2=-1 pin2=-1
[    0.141316] clocksource: tsc-early: mask: 0xffffffffffffffff max_cycles: 0x1e4530a99b6, max_idle_ns: 440795257976 ns
[    0.141322] Calibrating delay loop (skipped) preset value.. 4200.00 BogoMIPS (lpj=8400000)
[    0.141324] pid_max: default: 32768 minimum: 301
[    0.141354] LSM: Security Framework initializing
[    0.141363] Yama: becoming mindful.
[    0.141388] AppArmor: AppArmor initialized
[    0.141423] Mount-cache hash table entries: 4096 (order: 3, 32768 bytes, linear)
[    0.141427] Mountpoint-cache hash table entries: 4096 (order: 3, 32768 bytes, linear)
[    0.141437] *** VALIDATE tmpfs ***
[    0.141570] *** VALIDATE proc ***
[    0.141611] *** VALIDATE cgroup1 ***
[    0.141613] *** VALIDATE cgroup2 ***
[    0.141754] process: using mwait in idle threads
[    0.141759] Last level iTLB entries: 4KB 64, 2MB 8, 4MB 8
[    0.141759] Last level dTLB entries: 4KB 64, 2MB 0, 4MB 0, 1GB 4
[    0.141779] Spectre V1 : Mitigation: usercopy/swapgs barriers and __user pointer sanitization
[    0.141784] Spectre V2 : Mitigation: Retpolines
[    0.141785] Spectre V2 : Spectre v2 / SpectreRSB mitigation: Filling RSB on context switch
[    0.141786] Spectre V2 : Spectre v2 / SpectreRSB : Filling RSB on VMEXIT
[    0.141787] RETBleed: WARNING: Spectre v2 mitigation leaves CPU vulnerable to RETBleed attacks, data leaks possible!
[    0.142140] RETBleed: Vulnerable
[    0.142140] Speculative Store Bypass: Vulnerable
[    0.142145] TAA: Mitigation: TSX disabled
[    0.142146] MMIO Stale Data: Mitigation: Clear CPU buffers
[    0.146375] Freeing SMP alternatives memory: 40K
[    0.258845] smpboot: CPU0: Intel(R) Xeon(R) Silver 4216 CPU @ 2.10GHz (family: 0x6, model: 0x55, stepping: 0x7)
[    0.259003] Performance Events: unsupported p6 CPU model 85 no PMU driver, software events only.
[    0.259056] rcu: Hierarchical SRCU implementation.
[    0.259673] NMI watchdog: Perf NMI watchdog permanently disabled
[    0.259728] smp: Bringing up secondary CPUs ...
[    0.259729] smp: Brought up 1 node, 1 CPU
[    0.259731] smpboot: Max logical packages: 1
[    0.259732] smpboot: Total of 1 processors activated (4200.00 BogoMIPS)
[    0.260803] devtmpfs: initialized
[    0.260861] x86/mm: Memory block size: 128MB
[    0.261318] clocksource: jiffies: mask: 0xffffffff max_cycles: 0xffffffff, max_idle_ns: 7645041785100000 ns
[    0.261318] futex hash table entries: 256 (order: 2, 16384 bytes, linear)
[    0.261318] pinctrl core: initialized pinctrl subsystem
[    0.261318] PM: RTC time: 19:05:31, date: 2026-01-16
[    0.261318] NET: Registered protocol family 16
[    0.261318] audit: initializing netlink subsys (disabled)
[    0.261318] EISA bus registered
[    0.261318] cpuidle: using governor ladder
[    0.261318] cpuidle: using governor menu
[    0.261318] ACPI: bus type PCI registered
[    0.261318] acpiphp: ACPI Hot Plug PCI Controller Driver version: 0.5
[    0.261318] PCI: Using configuration type 1 for base access
[    0.262644] audit: type=2000 audit(1768561537.547:1): state=initialized audit_enabled=0 res=1
[    0.262753] HugeTLB registered 2.00 MiB page size, pre-allocated 0 pages
[    0.263822] ACPI: Added _OSI(Module Device)
[    0.263823] ACPI: Added _OSI(Processor Device)
[    0.263824] ACPI: Added _OSI(3.0 _SCP Extensions)
[    0.263825] ACPI: Added _OSI(Processor Aggregator Device)
[    0.263826] ACPI: Added _OSI(Linux-Dell-Video)
[    0.263827] ACPI: Added _OSI(Linux-Lenovo-NV-HDMI-Audio)
[    0.263828] ACPI: Added _OSI(Linux-HPI-Hybrid-Graphics)
[    0.266505] ACPI: 2 ACPI AML tables successfully acquired and loaded
[    0.268427] ACPI: Interpreter enabled
[    0.268437] ACPI: (supports S0 S5)
[    0.268438] ACPI: Using IOAPIC for interrupt routing
[    0.268646] PCI: Using host bridge windows from ACPI; if necessary, use "pci=nocrs" and report a bug
[    0.268756] ACPI: Enabled 2 GPEs in block 00 to 07
[    0.273772] ACPI: PCI Root Bridge [PCI0] (domain 0000 [bus 00-ff])
[    0.273778] acpi PNP0A03:00: _OSC: OS supports [ASPM ClockPM Segments MSI HPX-Type3]
[    0.274219] acpi PNP0A03:00: _OSC: not requesting OS control; OS requires [ExtendedConfig ASPM ClockPM MSI]
[    0.274227] acpi PNP0A03:00: fail to add MMCONFIG information, can't access extended PCI configuration space under this bridge.
[    0.274603] PCI host bridge to bus 0000:00
[    0.274605] pci_bus 0000:00: root bus resource [io  0x0000-0x0cf7 window]
[    0.274606] pci_bus 0000:00: root bus resource [io  0x0d00-0xffff window]
[    0.274607] pci_bus 0000:00: root bus resource [mem 0x000a0000-0x000bffff window]
[    0.274608] pci_bus 0000:00: root bus resource [mem 0x80000000-0xfdffffff window]
[    0.274609] pci_bus 0000:00: root bus resource [bus 00-ff]
[    0.274653] pci 0000:00:00.0: [8086:1237] type 00 class 0x060000
[    0.275693] pci 0000:00:01.0: [8086:7000] type 00 class 0x060100
[    0.276523] pci 0000:00:01.1: [8086:7111] type 00 class 0x01018a
[    0.276895] pci 0000:00:01.1: reg 0x20: [io  0xd000-0xd00f]
[    0.277048] pci 0000:00:01.1: legacy IDE quirk: reg 0x10: [io  0x01f0-0x01f7]
[    0.277049] pci 0000:00:01.1: legacy IDE quirk: reg 0x14: [io  0x03f6]
[    0.277050] pci 0000:00:01.1: legacy IDE quirk: reg 0x18: [io  0x0170-0x0177]
[    0.277051] pci 0000:00:01.1: legacy IDE quirk: reg 0x1c: [io  0x0376]
[    0.277361] pci 0000:00:02.0: [15ad:0405] type 00 class 0x030000
[    0.280388] pci 0000:00:02.0: reg 0x10: [io  0xd010-0xd01f]
[    0.283229] pci 0000:00:02.0: reg 0x14: [mem 0xe0000000-0xe7ffffff pref]
[    0.285366] pci 0000:00:02.0: reg 0x18: [mem 0xf0000000-0xf01fffff]
[    0.297644] pci 0000:00:03.0: [1022:2000] type 00 class 0x020000
[    0.298337] pci 0000:00:03.0: reg 0x10: [io  0xd020-0xd03f]
[    0.298957] pci 0000:00:03.0: reg 0x14: [mem 0xf0200000-0xf0200fff]
[    0.302114] pci 0000:00:04.0: [80ee:cafe] type 00 class 0x088000
[    0.302790] pci 0000:00:04.0: reg 0x10: [io  0xd040-0xd05f]
[    0.303403] pci 0000:00:04.0: reg 0x14: [mem 0xf0400000-0xf07fffff]
[    0.304009] pci 0000:00:04.0: reg 0x18: [mem 0xf0800000-0xf0803fff pref]
[    0.307829] pci 0000:00:07.0: [8086:7113] type 00 class 0x068000
[    0.308380] pci 0000:00:07.0: quirk: [io  0x4000-0x403f] claimed by PIIX4 ACPI
[    0.308390] pci 0000:00:07.0: quirk: [io  0x4100-0x410f] claimed by PIIX4 SMB
[    0.309013] pci 0000:00:08.0: [8086:100e] type 00 class 0x020000
[    0.309435] pci 0000:00:08.0: reg 0x10: [mem 0xf0820000-0xf083ffff]
[    0.310653] pci 0000:00:08.0: reg 0x18: [io  0xd060-0xd067]
[    0.313998] pci 0000:00:09.0: [8086:100e] type 00 class 0x020000
[    0.314714] pci 0000:00:09.0: reg 0x10: [mem 0xf0840000-0xf085ffff]
[    0.315864] pci 0000:00:09.0: reg 0x18: [io  0xd068-0xd06f]
[    0.326285] ACPI: PCI Interrupt Link [LNKA] (IRQs 5 9 10 *11)
[    0.326581] ACPI: PCI Interrupt Link [LNKB] (IRQs 5 9 *10 11)
[    0.326683] ACPI: PCI Interrupt Link [LNKC] (IRQs 5 *9 10 11)
[    0.326790] ACPI: PCI Interrupt Link [LNKD] (IRQs 5 9 10 *11)
[    0.327054] iommu: Default domain type: Translated 
[    0.327115] pci 0000:00:02.0: vgaarb: setting as boot VGA device
[    0.327117] pci 0000:00:02.0: vgaarb: VGA device added: decodes=io+mem,owns=io+mem,locks=none
[    0.327119] pci 0000:00:02.0: vgaarb: bridge control possible
[    0.327120] vgaarb: loaded
[    0.327333] SCSI subsystem initialized
[    0.327365] libata version 3.00 loaded.
[    0.327390] ACPI: bus type USB registered
[    0.327406] usbcore: registered new interface driver usbfs
[    0.327411] usbcore: registered new interface driver hub
[    0.327417] usbcore: registered new device driver usb
[    0.327444] pps_core: LinuxPPS API ver. 1 registered
[    0.327445] pps_core: Software ver. 5.3.6 - Copyright 2005-2007 Rodolfo Giometti <giometti@linux.it>
[    0.327447] PTP clock support registered
[    0.327482] EDAC MC: Ver: 3.0.0
[    0.327770] PCI: Using ACPI for IRQ routing
[    0.327772] PCI: pci_cache_line_size set to 64 bytes
[    0.327955] e820: reserve RAM buffer [mem 0x0009fc00-0x0009ffff]
[    0.327958] e820: reserve RAM buffer [mem 0x7fff0000-0x7fffffff]
[    0.329336] NetLabel: Initializing
[    0.329336] NetLabel:  domain hash size = 128
[    0.329337] NetLabel:  protocols = UNLABELED CIPSOv4 CALIPSO
[    0.329358] NetLabel:  unlabeled traffic allowed by default
[    0.330276] clocksource: Switched to clocksource kvm-clock
[    0.343142] *** VALIDATE bpf ***
[    0.343142] VFS: Disk quotas dquot_6.6.0
[    0.343142] VFS: Dquot-cache hash table entries: 512 (order 0, 4096 bytes)
[    0.343142] *** VALIDATE ramfs ***
[    0.343142] *** VALIDATE hugetlbfs ***
[    0.343142] AppArmor: AppArmor Filesystem Enabled
[    0.343142] pnp: PnP ACPI init
[    0.343142] pnp 00:00: Plug and Play ACPI device, IDs PNP0303 (active)
[    0.344257] pnp 00:01: Plug and Play ACPI device, IDs PNP0f03 (active)
[    0.345007] pnp: PnP ACPI: found 2 devices
[    0.345964] thermal_sys: Registered thermal governor 'fair_share'
[    0.345965] thermal_sys: Registered thermal governor 'bang_bang'
[    0.345965] thermal_sys: Registered thermal governor 'step_wise'
[    0.345966] thermal_sys: Registered thermal governor 'user_space'
[    0.345967] thermal_sys: Registered thermal governor 'power_allocator'
[    0.350495] clocksource: acpi_pm: mask: 0xffffff max_cycles: 0xffffff, max_idle_ns: 2085701024 ns
[    0.350536] pci_bus 0000:00: resource 4 [io  0x0000-0x0cf7 window]
[    0.350538] pci_bus 0000:00: resource 5 [io  0x0d00-0xffff window]
[    0.350539] pci_bus 0000:00: resource 6 [mem 0x000a0000-0x000bffff window]
[    0.350540] pci_bus 0000:00: resource 7 [mem 0x80000000-0xfdffffff window]
[    0.350598] NET: Registered protocol family 2
[    0.350673] IP idents hash table entries: 32768 (order: 6, 262144 bytes, linear)
[    0.351083] MPTCP tokens hash table entries: 8192 (order: 4, 65536 bytes, linear)
[    0.351103] MPTCP request tokens hash table entries: 8192 (order: 4, 65536 bytes, linear)
[    0.351127] default registered
[    0.351128] default registered
[    0.351128] MPTCP: Stable release v0.96
[    0.351133] tcp_listen_portaddr_hash hash table entries: 1024 (order: 2, 16384 bytes, linear)
[    0.351214] TCP established hash table entries: 16384 (order: 5, 131072 bytes, linear)
[    0.351280] TCP bind hash table entries: 16384 (order: 6, 262144 bytes, linear)
[    0.351305] TCP: Hash tables configured (established 16384 bind 16384)
[    0.352035] UDP hash table entries: 1024 (order: 3, 32768 bytes, linear)
[    0.352046] UDP-Lite hash table entries: 1024 (order: 3, 32768 bytes, linear)
[    0.352082] NET: Registered protocol family 1
[    0.352091] NET: Registered protocol family 44
[    0.352113] pci 0000:00:00.0: Limiting direct PCI/PCI transfers
[    0.352125] pci 0000:00:01.0: Activating ISA DMA hang workarounds
[    0.352185] pci 0000:00:02.0: Video device with shadowed ROM at [mem 0x000c0000-0x000dffff]
[    0.352255] PCI: CLS 0 bytes, default 64
[    0.352304] Trying to unpack rootfs image as initramfs...
[    0.528373] Freeing initrd memory: 47868K
[    0.528373] clocksource: tsc: mask: 0xffffffffffffffff max_cycles: 0x1e4530a99b6, max_idle_ns: 440795257976 ns
[    0.528373] clocksource: Switched to clocksource tsc
[    0.528373] platform rtc_cmos: registered platform RTC device (no PNP device found)
[    0.528373] check: Scanning for low memory corruption every 60 seconds
[    0.528373] Initialise system trusted keyrings
[    0.528373] Key type blacklist registered
[    0.528373] workingset: timestamp_bits=36 max_order=19 bucket_order=0
[    0.528373] zbud: loaded
[    0.528373] squashfs: version 4.0 (2009/01/31) Phillip Lougher
[    0.528373] fuse: init (API version 7.31)
[    0.528373] *** VALIDATE fuse ***
[    0.528373] *** VALIDATE fuse ***
[    0.528373] Platform Keyring initialized
[    0.540917] Key type asymmetric registered
[    0.540919] Asymmetric key parser 'x509' registered
[    0.540930] Block layer SCSI generic (bsg) driver version 0.4 loaded (major 244)
[    0.540970] io scheduler mq-deadline registered
[    0.541099] shpchp: Standard Hot Plug PCI Controller Driver version: 0.4
[    0.541318] ACPI: AC Adapter [AC] (on-line)
[    0.541363] input: Power Button as /devices/LNXSYSTM:00/LNXPWRBN:00/input/input0
[    0.541392] ACPI: Power Button [PWRF]
[    0.541468] input: Sleep Button as /devices/LNXSYSTM:00/LNXSLPBN:00/input/input1
[    0.541483] ACPI: Sleep Button [SLPF]
[    0.541707] Serial: 8250/16550 driver, 32 ports, IRQ sharing enabled
[    0.542943] Linux agpgart interface v0.103
[    0.639113] loop: module loaded
[    0.639286] ata_piix 0000:00:01.1: version 2.13
[    0.639711] scsi host0: ata_piix
[    0.639805] scsi host1: ata_piix
[    0.639831] ata1: PATA max UDMA/33 cmd 0x1f0 ctl 0x3f6 bmdma 0xd000 irq 14
[    0.639832] ata2: PATA max UDMA/33 cmd 0x170 ctl 0x376 bmdma 0xd008 irq 15
[    0.639913] tun: Universal TUN/TAP device driver, 1.6
[    0.640219] PPP generic driver version 2.4.2
[    0.640261] VFIO - User Level meta-driver version: 0.3
[    0.640498] ehci_hcd: USB 2.0 'Enhanced' Host Controller (EHCI) Driver
[    0.640504] ehci-pci: EHCI PCI platform driver
[    0.640519] ehci-platform: EHCI generic platform driver
[    0.640524] ohci_hcd: USB 1.1 'Open' Host Controller (OHCI) Driver
[    0.640526] ohci-pci: OHCI PCI platform driver
[    0.640533] ohci-platform: OHCI generic platform driver
[    0.640538] uhci_hcd: USB Universal Host Controller Interface driver
[    0.640603] i8042: PNP: PS/2 Controller [PNP0303:PS2K,PNP0f03:PS2M] at 0x60,0x64 irq 1,12
[    0.641038] serio: i8042 KBD port at 0x60,0x64 irq 1
[    0.641041] serio: i8042 AUX port at 0x60,0x64 irq 12
[    0.641128] mousedev: PS/2 mouse device common for all mice
[    0.641382] input: AT Translated Set 2 keyboard as /devices/platform/i8042/serio0/input/input2
[    0.641778] rtc_cmos rtc_cmos: registered as rtc0
[    0.641791] rtc_cmos rtc_cmos: alarms up to one day, 114 bytes nvram
[    0.641796] i2c /dev entries driver
[    0.641838] device-mapper: uevent: version 1.0.3
[    0.641882] device-mapper: ioctl: 4.41.0-ioctl (2019-09-16) initialised: dm-devel@redhat.com
[    0.641897] platform eisa.0: Probing EISA bus 0
[    0.641898] platform eisa.0: EISA: Cannot allocate resource for mainboard
[    0.641900] platform eisa.0: Cannot allocate resource for EISA slot 1
[    0.641901] platform eisa.0: Cannot allocate resource for EISA slot 2
[    0.641902] platform eisa.0: Cannot allocate resource for EISA slot 3
[    0.641903] platform eisa.0: Cannot allocate resource for EISA slot 4
[    0.641904] platform eisa.0: Cannot allocate resource for EISA slot 5
[    0.641904] platform eisa.0: Cannot allocate resource for EISA slot 6
[    0.641905] platform eisa.0: Cannot allocate resource for EISA slot 7
[    0.641906] platform eisa.0: Cannot allocate resource for EISA slot 8
[    0.641907] platform eisa.0: EISA: Detected 0 cards
[    0.641910] intel_pstate: CPU model not supported
[    0.641920] ledtrig-cpu: registered to indicate activity on CPUs
[    0.641975] drop_monitor: Initializing network drop monitor service
[    0.642134] NET: Registered protocol family 10
[    0.647207] Segment Routing with IPv6
[    0.647207] fullmesh registered
[    0.647207] ndiffports registered
[    0.647207] binder registered
[    0.647207] roundrobin registered
[    0.647207] redundant registered
[    0.647207] blest registered
[    0.647207] ecf registered
[    0.647207] NET: Registered protocol family 17
[    0.647207] Key type dns_resolver registered
[    0.647207] RAS: Correctable Errors collector initialized.
[    0.647207] IPI shorthand broadcast: enabled
[    0.647207] sched_clock: Marking stable (632142658, 11064566)->(644247513, -1040289)
[    0.647587] registered taskstats version 1
[    0.647596] Loading compiled-in X.509 certificates
[    0.648189] Loaded X.509 cert 'Build time autogenerated kernel key: 6909f3744cebb3d0de528d5887b96a727de79b1e'
[    0.648207] zswap: loaded using pool lzo/zbud
[    0.648263] Key type ._fscrypt registered
[    0.648263] Key type .fscrypt registered
[    0.653283] Key type big_key registered
[    0.655743] Key type encrypted registered
[    0.655746] AppArmor: AppArmor sha1 policy hashing enabled
[    0.655755] ima: No TPM chip found, activating TPM-bypass!
[    0.655760] ima: Allocated hash algorithm: sha1
[    0.655765] ima: No architecture policies found
[    0.655776] evm: Initialising EVM extended attributes:
[    0.655777] evm: security.selinux
[    0.655777] evm: security.SMACK64
[    0.655778] evm: security.SMACK64EXEC
[    0.655778] evm: security.SMACK64TRANSMUTE
[    0.655779] evm: security.SMACK64MMAP
[    0.655779] evm: security.apparmor
[    0.655780] evm: security.ima
[    0.655780] evm: security.capability
[    0.655781] evm: HMAC attrs: 0x1
[    0.656154] PM:   Magic number: 10:699:91
[    0.656284] rtc_cmos rtc_cmos: setting system clock to 2026-01-16T19:05:32 UTC (1768590332)
[    0.810601] ata1.00: ATA-6: VBOX HARDDISK, 1.0, max UDMA/133
[    0.810603] ata1.00: 209715200 sectors, multi 128: LBA 
[    0.811022] scsi 0:0:0:0: Direct-Access     ATA      VBOX HARDDISK    1.0  PQ: 0 ANSI: 5
[    0.811223] sd 0:0:0:0: [sda] 209715200 512-byte logical blocks: (107 GB/100 GiB)
[    0.811230] sd 0:0:0:0: [sda] Write Protect is off
[    0.811231] sd 0:0:0:0: [sda] Mode Sense: 00 3a 00 00
[    0.811241] sd 0:0:0:0: [sda] Write cache: enabled, read cache: enabled, doesn't support DPO or FUA
[    0.811448] sd 0:0:0:0: Attached scsi generic sg0 type 0
[    0.812025]  sda: sda1 sda2
[    0.823253] sd 0:0:0:0: [sda] Attached SCSI disk
[    0.825080] Freeing unused decrypted memory: 2040K
[    0.825770] Freeing unused kernel image memory: 2728K
[    0.825772] Write protecting the kernel read-only data: 22528k
[    0.826440] Freeing unused kernel image memory: 2036K
[    0.826826] Freeing unused kernel image memory: 1432K
[    0.839869] x86/mm: Checked W+X mappings: passed, no W+X pages found.
[    0.839873] Run /init as init process
[    0.934163] ACPI: Video Device [GFX0] (multi-head: yes  rom: no  post: no)
[    0.934236] input: Video Bus as /devices/LNXSYSTM:00/LNXSYBUS:00/PNP0A03:00/LNXVIDEO:00/input/input4
[    0.946256] pcnet32: pcnet32.c:v1.35 21.Apr.2008 tsbogend@alpha.franken.de
[    0.948237] piix4_smbus 0000:00:07.0: SMBus Host Controller at 0x4100, revision 0
[    0.950787] e1000: Intel(R) PRO/1000 Network Driver - version 7.3.21-k8-NAPI
[    0.950787] e1000: Copyright (c) 1999-2006 Intel Corporation.
[    0.965322] pcnet32: PCnet/FAST III 79C973 at 0xd020, 08:00:27:38:d7:df assigned IRQ 19
[    0.965368] pcnet32: Found PHY 0022:561b at address 0
[    0.965670] pcnet32: eth0: registered as PCnet/FAST III 79C973
[    0.965992] pcnet32: 1 cards_found
[    1.020138] pcnet32 0000:00:03.0 enp0s3: renamed from eth0
[    1.165535] input: ImExPS/2 Generic Explorer Mouse as /devices/platform/i8042/serio1/input/input5
[    1.363407] e1000 0000:00:08.0 eth0: (PCI:33MHz:32-bit) 08:00:27:c8:bd:4b
[    1.363441] e1000 0000:00:08.0 eth0: Intel(R) PRO/1000 Network Connection
[    1.735429] e1000 0000:00:09.0 eth1: (PCI:33MHz:32-bit) 08:00:27:fc:c7:b7
[    1.735447] e1000 0000:00:09.0 eth1: Intel(R) PRO/1000 Network Connection
[    1.736595] e1000 0000:00:09.0 enp0s9: renamed from eth1
[    1.738408] e1000 0000:00:08.0 enp0s8: renamed from eth0
[    1.886247] EXT4-fs (sda2): mounted filesystem with ordered data mode. Opts: (null)
[    1.970856] systemd[1]: Inserted module 'autofs4'
[    1.983976] systemd[1]: systemd 245.4-4ubuntu3 running in system mode. (+PAM +AUDIT +SELINUX +IMA +APPARMOR +SMACK +SYSVINIT +UTMP +LIBCRYPTSETUP +GCRYPT +GNUTLS +ACL +XZ +LZ4 +SECCOMP +BLKID +ELFUTILS +KMOD +IDN2 -IDN +PCRE2 default-hierarchy=hybrid)
[    1.984012] systemd[1]: Detected virtualization oracle.
[    1.984016] systemd[1]: Detected architecture x86-64.
[    1.985316] systemd[1]: Set hostname to <ztg>.
[    2.113112] systemd[1]: /lib/systemd/system/dbus.socket:5: ListenStream= references a path below legacy directory /var/run/, updating /var/run/dbus/system_bus_socket â†’ /run/dbus/system_bus_socket; please update the unit file accordingly.
[    2.167601] systemd[1]: Created slice system-modprobe.slice.
[    2.167790] systemd[1]: Created slice User and Session Slice.
[    2.167836] systemd[1]: Started Forward Password Requests to Wall Directory Watch.
[    2.168001] systemd[1]: Set up automount Arbitrary Executable File Formats File System Automount Point.
[    2.168035] systemd[1]: Reached target User and Group Name Lookups.
[    2.168044] systemd[1]: Reached target Remote File Systems.
[    2.168053] systemd[1]: Reached target Slices.
[    2.168933] systemd[1]: Listening on Syslog Socket.
[    2.169004] systemd[1]: Listening on fsck to fsckd communication Socket.
[    2.169042] systemd[1]: Listening on initctl Compatibility Named Pipe.
[    2.169180] systemd[1]: Listening on Journal Audit Socket.
[    2.169233] systemd[1]: Listening on Journal Socket (/dev/log).
[    2.169302] systemd[1]: Listening on Journal Socket.
[    2.169368] systemd[1]: Listening on udev Control Socket.
[    2.169409] systemd[1]: Listening on udev Kernel Socket.
[    2.170179] systemd[1]: Mounting Huge Pages File System...
[    2.171080] systemd[1]: Mounting POSIX Message Queue File System...
[    2.172052] systemd[1]: Mounting Kernel Debug File System...
[    2.172854] systemd[1]: Mounting Kernel Trace File System...
[    2.174735] systemd[1]: Starting Journal Service...
[    2.198184] systemd[1]: Starting Set the console keyboard layout...
[    2.206224] systemd[1]: Starting Create list of static device nodes for the current kernel...
[    2.208315] systemd[1]: Starting Load Kernel Module drm...
[    2.209440] systemd[1]: Condition check resulted in Set Up Additional Binary Formats being skipped.
[    2.209482] systemd[1]: Condition check resulted in File System Check on Root Device being skipped.
[    2.220757] systemd[1]: Starting Load Kernel Modules...
[    2.227292] systemd[1]: Starting Remount Root and Kernel File Systems...
[    2.240042] systemd[1]: Starting udev Coldplug all Devices...
[    2.249761] systemd[1]: Starting Uncomplicated firewall...
[    2.256962] systemd[1]: Mounted Huge Pages File System.
[    2.257050] systemd[1]: Mounted POSIX Message Queue File System.
[    2.257123] systemd[1]: Mounted Kernel Debug File System.
[    2.257194] systemd[1]: Mounted Kernel Trace File System.
[    2.257540] EXT4-fs (sda2): re-mounted. Opts: errors=remount-ro
[    2.288494] systemd[1]: Finished Create list of static device nodes for the current kernel.
[    2.289513] systemd[1]: modprobe@drm.service: Succeeded.
[    2.290226] systemd[1]: Finished Load Kernel Module drm.
[    2.296768] systemd[1]: Finished Remount Root and Kernel File Systems.
[    2.299015] lp: driver loaded but no devices found
[    2.299471] systemd[1]: Finished Uncomplicated firewall.
[    2.311954] systemd[1]: Condition check resulted in Rebuild Hardware Database being skipped.
[    2.311998] systemd[1]: Condition check resulted in Platform Persistent Storage Archival being skipped.
[    2.314073] systemd[1]: Starting Load/Save Random Seed...
[    2.316230] ppdev: user-space parallel port driver
[    2.323722] systemd[1]: Starting Create System Users...
[    2.337001] systemd[1]: Finished Load/Save Random Seed.
[    2.344048] systemd[1]: Finished Create System Users.
[    2.344850] systemd[1]: Starting Create Static Device Nodes in /dev...
[    2.383963] systemd[1]: Finished Create Static Device Nodes in /dev.
[    2.384889] systemd[1]: Starting udev Kernel Device Manager...
[    2.417800] systemd[1]: Finished udev Coldplug all Devices.
[    2.420905] [drm] DMA map mode: Caching DMA mappings.
[    2.420997] [drm] Capabilities:
[    2.420997] [drm]   Rect copy.
[    2.420997] [drm]   Cursor.
[    2.420998] [drm]   Cursor bypass.
[    2.420998] [drm]   Cursor bypass 2.
[    2.420998] [drm]   Alpha cursor.
[    2.420999] [drm]   Extended Fifo.
[    2.420999] [drm]   Pitchlock.
[    2.421000] [drm]   Irq mask.
[    2.421000] [drm]   GMR.
[    2.421000] [drm]   Traces.
[    2.421001] [drm]   GMR2.
[    2.421001] [drm]   Screen Object 2.
[    2.421001] [drm]   Command Buffers.
[    2.421002] [drm]   Command Buffers 2.
[    2.421002] [drm]   Guest Backed Resources.
[    2.421003] [drm] Max GMR ids is 8192
[    2.421004] [drm] Max number of GMR pages is 1048576
[    2.421004] [drm] Max dedicated hypervisor surface memory is 393216 kiB
[    2.421004] [drm] Maximum display memory size is 131072 kiB
[    2.421005] [drm] VRAM at 0xe0000000 size is 131072 kiB
[    2.421006] [drm] MMIO at 0xf0000000 size is 2048 kiB
[    2.422072] [TTM] Zone  kernel: Available graphics memory: 1011738 KiB
[    2.422073] [TTM] Initializing pool allocator
[    2.422077] [TTM] Initializing DMA pool allocator
[    2.422109] [drm] Supports vblank timestamp caching Rev 2 (21.10.2013).
[    2.422109] [drm] No driver support for vblank timestamp query.
[    2.422374] [drm] Screen Target Display device initialized
[    2.422620] [drm] width 720
[    2.422629] [drm] height 400
[    2.422634] [drm] bpp 32
[    2.423166] [drm] Fifo max 0x00200000 min 0x00001000 cap 0x00000355
[    2.424230] [drm] Using command buffers with DMA pool.
[    2.424234] [drm] DX: no.
[    2.424234] [drm] Atomic: yes.
[    2.424235] [drm] SM4_1: no.
[    2.424256] [drm:vmw_host_log [vmwgfx]] *ERROR* Failed to send host log message.
[    2.425153] [drm:vmw_host_log [vmwgfx]] *ERROR* Failed to send host log message.
[    2.452421] fbcon: svgadrmfb (fb0) is primary device
[    2.454588] Console: switching to colour frame buffer device 100x37
[    2.458854] [drm] Initialized vmwgfx 2.15.0 20180704 for 0000:00:02.0 on minor 0
[    2.460683] systemd[1]: Finished Load Kernel Modules.
[    2.461592] systemd[1]: Mounting FUSE Control File System...
[    2.462446] systemd[1]: Mounting Kernel Configuration File System...
[    2.463360] systemd[1]: Starting Apply Kernel Variables...
[    2.487559] systemd[1]: Mounted FUSE Control File System.
[    2.487637] systemd[1]: Condition check resulted in VMware vmblock fuse mount being skipped.
[    2.492406] systemd[1]: Mounted Kernel Configuration File System.
[    2.499527] systemd[1]: Finished Set the console keyboard layout.
[    2.499628] systemd[1]: Reached target Local File Systems (Pre).
[    2.502396] systemd[1]: Mounting Mount unit for bare, revision 5...
[    2.527504] systemd[1]: Mounting Mount unit for core18, revision 1705...
[    2.532246] systemd[1]: Mounting Mount unit for gnome-3-34-1804, revision 24...
[    2.533945] systemd[1]: Mounting Mount unit for gtk-common-themes, revision 1506...
[    2.542965] systemd[1]: Mounting Mount unit for gtk-common-themes, revision 1535...
[    2.555221] systemd[1]: Mounting Mount unit for snap-store, revision 433...
[    2.560884] systemd[1]: Mounting Mount unit for snapd, revision 25935...
[    2.577443] systemd[1]: Finished Apply Kernel Variables.
[    2.577849] systemd[1]: Mounted Mount unit for bare, revision 5.
[    2.621894] systemd[1]: Mounted Mount unit for gnome-3-34-1804, revision 24.
[    2.629520] systemd[1]: Started udev Kernel Device Manager.
[    2.630322] systemd[1]: Starting Show Plymouth Boot Screen...
[    2.637574] systemd[1]: Mounted Mount unit for gtk-common-themes, revision 1506.
[    2.637661] systemd[1]: Received SIGRTMIN+20 from PID 275 (plymouthd).
[    2.663112] systemd[1]: Started Show Plymouth Boot Screen.
[    2.663278] systemd[1]: Condition check resulted in Dispatch Password Requests to Console Directory Watch being skipped.
[    2.663369] systemd[1]: Started Forward Password Requests to Plymouth Directory Watch.
[    2.663421] systemd[1]: Reached target Local Encrypted Volumes.
[    2.681471] systemd[1]: Mounted Mount unit for core18, revision 1705.
[    2.681742] systemd[1]: Mounted Mount unit for gtk-common-themes, revision 1535.
[    2.730098] systemd[1]: Mounted Mount unit for snap-store, revision 433.
[    2.730366] systemd[1]: Mounted Mount unit for snapd, revision 25935.
[    2.730522] systemd[1]: Reached target Local File Systems.
[    2.733080] systemd[1]: Starting Load AppArmor profiles...
[    2.733998] systemd[1]: Starting Set console font and keymap...
[    2.744942] systemd[1]: Starting Tell Plymouth To Write Out Runtime Data...
[    2.748932] systemd[1]: Condition check resulted in Store a System Token in an EFI Variable being skipped.
[    2.748989] systemd[1]: Condition check resulted in Commit a transient machine-id on disk being skipped.
[    2.752821] systemd[1]: Finished Set console font and keymap.
[    2.760762] systemd[1]: Received SIGRTMIN+20 from PID 275 (plymouthd).
[    2.761808] systemd[1]: plymouth-read-write.service: Succeeded.
[    2.762052] systemd[1]: Finished Tell Plymouth To Write Out Runtime Data.
[    2.802244] audit: type=1400 audit(1768590334.640:2): apparmor="STATUS" operation="profile_load" profile="unconfined" name="nvidia_modprobe" pid=300 comm="apparmor_parser"
[    2.802247] audit: type=1400 audit(1768590334.640:3): apparmor="STATUS" operation="profile_load" profile="unconfined" name="nvidia_modprobe//kmod" pid=300 comm="apparmor_parser"
[    2.808512] audit: type=1400 audit(1768590334.648:4): apparmor="STATUS" operation="profile_load" profile="unconfined" name="/usr/sbin/tcpdump" pid=301 comm="apparmor_parser"
[    2.837468] audit: type=1400 audit(1768590334.668:5): apparmor="STATUS" operation="profile_load" profile="unconfined" name="/usr/bin/evince" pid=303 comm="apparmor_parser"
[    2.837470] audit: type=1400 audit(1768590334.668:6): apparmor="STATUS" operation="profile_load" profile="unconfined" name="/usr/bin/evince//sanitized_helper" pid=303 comm="apparmor_parser"
[    2.837472] audit: type=1400 audit(1768590334.668:7): apparmor="STATUS" operation="profile_load" profile="unconfined" name="/usr/bin/evince-previewer" pid=303 comm="apparmor_parser"
[    2.837474] audit: type=1400 audit(1768590334.668:8): apparmor="STATUS" operation="profile_load" profile="unconfined" name="/usr/bin/evince-previewer//sanitized_helper" pid=303 comm="apparmor_parser"
[    2.837476] audit: type=1400 audit(1768590334.668:9): apparmor="STATUS" operation="profile_load" profile="unconfined" name="/usr/bin/evince-thumbnailer" pid=303 comm="apparmor_parser"
[    2.873957] audit: type=1400 audit(1768590334.716:10): apparmor="STATUS" operation="profile_load" profile="unconfined" name="/usr/lib/cups/backend/cups-pdf" pid=304 comm="apparmor_parser"
[    2.934254] systemd[1]: Finished Load AppArmor profiles.
[    2.935356] systemd[1]: Starting Load AppArmor profiles managed internally by snapd...
[    3.055554] systemd[1]: Finished Load AppArmor profiles managed internally by snapd.
[    3.164125] systemd[1]: Started Journal Service.
[    3.174067] systemd-journald[229]: Received client request to flush runtime journal.
[    3.177171] systemd-journald[229]: File /var/log/journal/c455b248004a419c87ce85eea238d727/system.journal corrupted or uncleanly shut down, renaming and replacing.
[    4.444729] RAPL PMU: API unit is 2^-32 Joules, 0 fixed counters, 10737418240 ms ovfl timer
[    4.485717] cryptd: max_cpu_qlen set to 1000
[    4.515585] AVX2 version of gcm_enc/dec engaged.
[    4.515586] AES CTR mode by8 optimization enabled
[    6.499688] Adding 1998844k swap on /dev/sda1.  Priority:-2 extents:1 across:1998844k FS
[    8.293703] kauditd_printk_skb: 30 callbacks suppressed
[    8.293705] audit: type=1400 audit(1768590340.128:41): apparmor="DENIED" operation="capable" profile="/usr/sbin/cups-browsed" pid=510 comm="cups-browsed" capability=23  capname="sys_nice"
[    9.187714] pcnet32 0000:00:03.0 enp0s3: link up, 100Mbps, full-duplex
[    9.224013] e1000: enp0s8 NIC Link is Up 1000 Mbps Full Duplex, Flow Control: RX
[    9.224306] IPv6: ADDRCONF(NETDEV_CHANGE): enp0s8: link becomes ready
[    9.252753] e1000: enp0s9 NIC Link is Up 1000 Mbps Full Duplex, Flow Control: RX
[    9.253042] IPv6: ADDRCONF(NETDEV_CHANGE): enp0s9: link becomes ready
[    9.933496] device enp0s3 entered promiscuous mode
[    9.962045] audit: type=1400 audit(1768590341.796:42): apparmor="DENIED" operation="open" profile="/usr/sbin/tcpdump" name="/proc/sys/kernel/random/boot_id" pid=662 comm="tcpdump" requested_mask="r" denied_mask="r" fsuid=0 ouid=0
[    9.962351] audit: type=1400 audit(1768590341.796:43): apparmor="DENIED" operation="open" profile="/usr/sbin/tcpdump" name="/proc/sys/kernel/random/boot_id" pid=662 comm="tcpdump" requested_mask="r" denied_mask="r" fsuid=0 ouid=0
[    9.962406] audit: type=1400 audit(1768590341.796:44): apparmor="DENIED" operation="open" profile="/usr/sbin/tcpdump" name="/proc/sys/kernel/random/boot_id" pid=662 comm="tcpdump" requested_mask="r" denied_mask="r" fsuid=0 ouid=0
[    9.962465] audit: type=1400 audit(1768590341.796:45): apparmor="DENIED" operation="open" profile="/usr/sbin/tcpdump" name="/proc/sys/kernel/random/boot_id" pid=662 comm="tcpdump" requested_mask="r" denied_mask="r" fsuid=0 ouid=0
[    9.967766] audit: type=1400 audit(1768590341.804:46): apparmor="DENIED" operation="open" profile="/usr/sbin/tcpdump" name="/proc/sys/kernel/random/boot_id" pid=663 comm="tcpdump" requested_mask="r" denied_mask="r" fsuid=0 ouid=0
[    9.967982] audit: type=1400 audit(1768590341.804:47): apparmor="DENIED" operation="open" profile="/usr/sbin/tcpdump" name="/proc/sys/kernel/random/boot_id" pid=663 comm="tcpdump" requested_mask="r" denied_mask="r" fsuid=0 ouid=0
[    9.968022] audit: type=1400 audit(1768590341.804:48): apparmor="DENIED" operation="open" profile="/usr/sbin/tcpdump" name="/proc/sys/kernel/random/boot_id" pid=663 comm="tcpdump" requested_mask="r" denied_mask="r" fsuid=0 ouid=0
[    9.968078] audit: type=1400 audit(1768590341.804:49): apparmor="DENIED" operation="open" profile="/usr/sbin/tcpdump" name="/proc/sys/kernel/random/boot_id" pid=663 comm="tcpdump" requested_mask="r" denied_mask="r" fsuid=0 ouid=0
[   15.768039] rfkill: input handler disabled
[  158.922098] AAAAA-TCP_FORW: name:enp0s3: saddr:16783984: daddr:100932208
[  158.949411] AAAAA-TCP_FORW: name:enp0s3: saddr:16783984: daddr:100932208
[  159.172297] AAAAA-TCP_FORW: name:enp0s3: saddr:16783984: daddr:100932208
[  159.313148] AAAAA-TCP_FORW: name:enp0s3: saddr:16783984: daddr:100932208
[  159.492940] AAAAA-TCP_FORW: name:enp0s3: saddr:16783984: daddr:100932208
[  159.757858] AAAAA-TCP_FORW: name:enp0s3: saddr:33561200: daddr:100932208
[  159.982708] AAAAA-TCP_FORW: name:enp0s3: saddr:16783984: daddr:100932208
[  160.097006] AAAAA-TCP_FORW: name:enp0s3: saddr:33561200: daddr:100932208
[  185.243923] AAAAA-TCP_FORW: name:enp0s3: saddr:16783984: daddr:100932208
[  185.481526] AAAAA-TCP_FORW: name:enp0s3: saddr:16783984: daddr:100932208
[  185.715806] AAAAA-TCP_FORW: name:enp0s3: saddr:16783984: daddr:100932208
[  185.737560] AAAAA-TCP_FORW: name:enp0s3: saddr:16783984: daddr:100932208
[  185.967023] AAAAA-TCP_FORW: name:enp0s3: saddr:16783984: daddr:100932208
[  185.989366] AAAAA-TCP_FORW: name:enp0s3: saddr:16783984: daddr:100932208
[  186.221487] AAAAA-TCP_FORW: name:enp0s3: saddr:16783984: daddr:100932208
[  186.384462] AAAAA-TCP_FORW: name:enp0s3: saddr:16783984: daddr:100932208
[  186.519304] AAAAA-TCP_FORW: name:enp0s3: saddr:16783984: daddr:100932208
[  186.639266] AAAAA-TCP_FORW: name:enp0s3: saddr:16783984: daddr:100932208
[  186.699917] AAAAA-TCP_FORW: name:enp0s3: saddr:16783984: daddr:100932208
[  186.828667] AAAAA-TCP_FORW: name:enp0s3: saddr:16783984: daddr:100932208
[  186.897145] AAAAA-TCP_FORW: name:enp0s3: saddr:16783984: daddr:100932208
[  186.939455] AAAAA-TCP_FORW: name:enp0s3: saddr:16783984: daddr:100932208
[  187.081783] AAAAA-TCP_FORW: name:enp0s3: saddr:16783984: daddr:100932208
[  187.158232] AAAAA-TCP_FORW: name:enp0s3: saddr:16783984: daddr:100932208
[  187.236157] AAAAA-TCP_FORW: name:enp0s3: saddr:16783984: daddr:100932208
[  187.468433] AAAAA-TCP_FORW: name:enp0s3: saddr:16783984: daddr:100932208
[  187.562138] AAAAA-TCP_FORW: name:enp0s3: saddr:16783984: daddr:100932208
[  187.645469] AAAAA-TCP_FORW: name:enp0s3: saddr:16783984: daddr:100932208
[  188.629379] AAAAA-TCP_FORW: name:enp0s3: saddr:16783984: daddr:100932208
[  188.734854] AAAAA-TCP_FORW: name:enp0s3: saddr:16783984: daddr:100932208
[  188.870616] AAAAA-TCP_FORW: name:enp0s3: saddr:16783984: daddr:100932208
[  189.083261] AAAAA-TCP_FORW: name:enp0s3: saddr:16783984: daddr:100932208
[  189.196613] AAAAA-TCP_FORW: name:enp0s3: saddr:16783984: daddr:100932208
[  189.292524] AAAAA-TCP_FORW: name:enp0s3: saddr:16783984: daddr:100932208
[  189.352174] AAAAA-TCP_FORW: name:enp0s3: saddr:16783984: daddr:100932208
[  189.421749] AAAAA-TCP_FORW: name:enp0s3: saddr:16783984: daddr:100932208
[  189.517872] AAAAA-TCP_FORW: name:enp0s3: saddr:16783984: daddr:100932208
[  189.637840] AAAAA-TCP_FORW: name:enp0s3: saddr:16783984: daddr:100932208
[  189.740856] AAAAA-TCP_FORW: name:enp0s3: saddr:16783984: daddr:100932208
[  189.818341] AAAAA-TCP_FORW: name:enp0s3: saddr:16783984: daddr:100932208
[  189.868344] AAAAA-TCP_FORW: name:enp0s3: saddr:16783984: daddr:100932208
[  190.223571] AAAAA-TCP_FORW: name:enp0s3: saddr:16783984: daddr:100932208
[  190.335511] AAAAA-TCP_FORW: name:enp0s3: saddr:16783984: daddr:100932208
[  190.409481] AAAAA-TCP_FORW: name:enp0s3: saddr:16783984: daddr:100932208
[  190.512114] AAAAA-TCP_FORW: name:enp0s3: saddr:16783984: daddr:100932208
[  190.789417] AAAAA-TCP_FORW: name:enp0s3: saddr:16783984: daddr:100932208
[  215.388313] AAAAA-TCP_FORW: name:enp0s3: saddr:33561200: daddr:100932208
[  215.673373] AAAAA-TCP_FORW: name:enp0s3: saddr:33561200: daddr:100932208
[  215.930671] AAAAA-TCP_FORW: name:enp0s3: saddr:16783984: daddr:100932208
[  216.158304] AAAAA-TCP_FORW: name:enp0s3: saddr:16783984: daddr:100932208
[  216.351334] AAAAA-TCP_FORW: name:enp0s3: saddr:16783984: daddr:100932208
[  216.514207] AAAAA-TCP_FORW: name:enp0s3: saddr:16783984: daddr:100932208
[  216.613355] AAAAA-TCP_FORW: name:enp0s3: saddr:16783984: daddr:100932208
[  216.715248] AAAAA-TCP_FORW: name:enp0s3: saddr:16783984: daddr:100932208
[  217.145857] AAAAA-TCP_FORW: name:enp0s3: saddr:16783984: daddr:100932208
[  218.025482] AAAAA-TCP_FORW: name:enp0s3: saddr:100932208: daddr:16783984
[  218.115226] AAAAA-TCP_FORW: name:enp0s3: saddr:100932208: daddr:16783984
[  218.211638] AAAAA-TCP_FORW: name:enp0s3: saddr:100932208: daddr:16783984
[  218.223774] AAAAA-TCP_FORW: name:enp0s3: saddr:16783984: daddr:100932208
[  218.303010] AAAAA-TCP_FORW: name:enp0s3: saddr:100932208: daddr:16783984
[  218.377849] AAAAA-TCP_FORW: name:enp0s3: saddr:100932208: daddr:16783984
[  218.558844] AAAAA-TCP_FORW: name:enp0s3: saddr:100932208: daddr:16783984
[  218.623190] AAAAA-TCP_FORW: name:enp0s3: saddr:100932208: daddr:16783984
[  218.693285] AAAAA-TCP_FORW: name:enp0s3: saddr:16783984: daddr:100932208
[  218.753140] AAAAA-TCP_FORW: name:enp0s3: saddr:100932208: daddr:16783984
[  218.846999] AAAAA-TCP_FORW: name:enp0s3: saddr:100932208: daddr:16783984
[  218.934703] AAAAA-TCP_FORW: name:enp0s3: saddr:100932208: daddr:16783984
[  219.048033] AAAAA-TCP_FORW: name:enp0s3: saddr:100932208: daddr:16783984
[  219.135774] AAAAA-TCP_FORW: name:enp0s3: saddr:16783984: daddr:100932208
[  219.164742] AAAAA-TCP_FORW: name:enp0s3: saddr:100932208: daddr:16783984
[  219.293083] AAAAA-TCP_FORW: name:enp0s3: saddr:16783984: daddr:100932208
[  219.626605] AAAAA-TCP_FORW: name:enp0s3: saddr:16783984: daddr:100932208
[  219.850616] AAAAA-TCP_FORW: name:enp0s3: saddr:16783984: daddr:100932208
[  219.933489] AAAAA-TCP_FORW: name:enp0s3: saddr:16783984: daddr:100932208
[  220.004700] AAAAA-TCP_FORW: name:enp0s3: saddr:16783984: daddr:100932208
[  220.146889] AAAAA-TCP_FORW: name:enp0s3: saddr:16783984: daddr:100932208
[  220.158975] AAAAA-TCP_FORW: name:enp0s3: saddr:16783984: daddr:100932208
[  220.522779] AAAAA-TCP_FORW: name:enp0s3: saddr:33561200: daddr:100932208
[  220.647377] AAAAA-TCP_FORW: name:enp0s3: saddr:16783984: daddr:100932208
[  220.972852] AAAAA-TCP_FORW: name:enp0s3: saddr:16783984: daddr:100932208
[  221.383275] AAAAA-TCP_FORW: name:enp0s3: saddr:16783984: daddr:100932208
[  222.098022] AAAAA-TCP_FORW: name:enp0s3: saddr:33561200: daddr:100932208
[  222.225214] AAAAA-TCP_FORW: name:enp0s3: saddr:16783984: daddr:100932208
[  222.963318] AAAAA-TCP_FORW: name:enp0s3: saddr:16783984: daddr:100932208
[  223.082306] AAAAA-TCP_FORW: name:enp0s3: saddr:16783984: daddr:100932208
[  223.775265] AAAAA-TCP_FORW: name:enp0s3: saddr:33561200: daddr:100932208
[  270.639862] AAAAA-TCP_FORW: name:enp0s3: saddr:33561200: daddr:100932208
[  270.887781] AAAAA-TCP_FORW: name:enp0s3: saddr:33561200: daddr:100932208
[  286.284640] AAAAA-TCP_FORW: name:enp0s3: saddr:100932208: daddr:16783984
[  286.436035] AAAAA-TCP_FORW: name:enp0s3: saddr:100932208: daddr:16783984
[  286.650547] AAAAA-TCP_FORW: name:enp0s3: saddr:100932208: daddr:33561200
[  286.784031] AAAAA-TCP_FORW: name:enp0s3: saddr:100932208: daddr:33561200
[  290.395562] AAAAA-TCP_FORW: name:enp0s3: saddr:16783984: daddr:100932208
[  290.646689] AAAAA-TCP_FORW: name:enp0s3: saddr:33561200: daddr:100932208
[  290.797095] AAAAA-TCP_FORW: name:enp0s3: saddr:33561200: daddr:100932208
[  290.879452] AAAAA-TCP_FORW: name:enp0s3: saddr:33561200: daddr:100932208
[  290.978628] AAAAA-TCP_FORW: name:enp0s3: saddr:33561200: daddr:100932208
[  291.071490] AAAAA-TCP_FORW: name:enp0s3: saddr:33561200: daddr:100932208
[  291.276443] AAAAA-TCP_FORW: name:enp0s3: saddr:33561200: daddr:100932208
[  291.977372] AAAAA-TCP_FORW: name:enp0s3: saddr:33561200: daddr:100932208
[  291.981547] AAAAA-TCP_FORW: name:enp0s3: saddr:33561200: daddr:100932208
[  292.134557] AAAAA-TCP_FORW: name:enp0s3: saddr:33561200: daddr:100932208
[  293.344818] AAAAA-TCP_FORW: name:enp0s3: saddr:16783984: daddr:100932208
[  295.113398] AAAAA-TCP_FORW: name:enp0s3: saddr:33561200: daddr:100932208
[  295.383620] AAAAA-TCP_FORW: name:enp0s3: saddr:16783984: daddr:100932208
[  296.387967] AAAAA-TCP_FORW: name:enp0s3: saddr:33561200: daddr:100932208
[  296.400593] AAAAA-TCP_FORW: name:enp0s3: saddr:16783984: daddr:100932208
[  297.043884] AAAAA-TCP_FORW: name:enp0s3: saddr:33561200: daddr:100932208
[  297.598127] AAAAA-TCP_FORW: name:enp0s3: saddr:33561200: daddr:100932208
[  505.349881] rfkill: input handler enabled
[  514.274984] rfkill: input handler disabled
[  747.279624] device enp0s3 left promiscuous mode
