[    0.000000] Linux version 5.4.243-mptcp (root@ztg) (gcc version 12.2.0 (Debian 12.2.0-14+deb12u1)) #53 SMP Wed Dec 24 23:28:15 CST 2025
[    0.000000] Command line: BOOT_IMAGE=/boot/vmlinuz-5.4.243-mptcp root=UUID=98415a12-53b7-4144-8265-0f7ece09e445 ro quiet splash
[    0.000000] KERNEL supported cpus:
[    0.000000]   Intel GenuineIntel
[    0.000000]   AMD AuthenticAMD
[    0.000000]   Hygon HygonGenuine
[    0.000000]   Centaur CentaurHauls
[    0.000000]   zhaoxin   Shanghai  
[    0.000000] x86/fpu: Supporting XSAVE feature 0x001: 'x87 floating point registers'
[    0.000000] x86/fpu: Supporting XSAVE feature 0x002: 'SSE registers'
[    0.000000] x86/fpu: Supporting XSAVE feature 0x004: 'AVX registers'
[    0.000000] x86/fpu: xstate_offset[2]:  576, xstate_sizes[2]:  256
[    0.000000] x86/fpu: Enabled xstate features 0x7, context size is 832 bytes, using 'standard' format.
[    0.000000] BIOS-provided physical RAM map:
[    0.000000] BIOS-e820: [mem 0x0000000000000000-0x000000000009fbff] usable
[    0.000000] BIOS-e820: [mem 0x000000000009fc00-0x000000000009ffff] reserved
[    0.000000] BIOS-e820: [mem 0x00000000000f0000-0x00000000000fffff] reserved
[    0.000000] BIOS-e820: [mem 0x0000000000100000-0x000000007ffeffff] usable
[    0.000000] BIOS-e820: [mem 0x000000007fff0000-0x000000007fffffff] ACPI data
[    0.000000] BIOS-e820: [mem 0x00000000fec00000-0x00000000fec00fff] reserved
[    0.000000] BIOS-e820: [mem 0x00000000fee00000-0x00000000fee00fff] reserved
[    0.000000] BIOS-e820: [mem 0x00000000fffc0000-0x00000000ffffffff] reserved
[    0.000000] NX (Execute Disable) protection: active
[    0.000000] SMBIOS 2.5 present.
[    0.000000] DMI: innotek GmbH VirtualBox/VirtualBox, BIOS VirtualBox 12/01/2006
[    0.000000] Hypervisor detected: KVM
[    0.000000] kvm-clock: Using msrs 4b564d01 and 4b564d00
[    0.000000] kvm-clock: cpu 0, msr 63201001, primary cpu clock
[    0.000000] kvm-clock: using sched offset of 4461785050 cycles
[    0.000010] clocksource: kvm-clock: mask: 0xffffffffffffffff max_cycles: 0x1cd42e4dffb, max_idle_ns: 881590591483 ns
[    0.000013] tsc: Detected 2100.000 MHz processor
[    0.001908] e820: update [mem 0x00000000-0x00000fff] usable ==> reserved
[    0.001910] e820: remove [mem 0x000a0000-0x000fffff] usable
[    0.001914] last_pfn = 0x7fff0 max_arch_pfn = 0x400000000
[    0.001982] MTRR default type: uncachable
[    0.001982] MTRR fixed ranges enabled:
[    0.001984]   00000-9FFFF write-back
[    0.001984]   A0000-BFFFF uncachable
[    0.001985]   C0000-FFFFF write-protect
[    0.001986] MTRR variable ranges enabled:
[    0.001987]   0 base 000000000000 mask 3FFF80000000 write-back
[    0.001988]   1 disabled
[    0.001988]   2 disabled
[    0.001989]   3 disabled
[    0.001989]   4 disabled
[    0.001990]   5 disabled
[    0.001990]   6 disabled
[    0.001991]   7 disabled
[    0.001991]   8 disabled
[    0.001991]   9 disabled
[    0.001992]   10 disabled
[    0.001992]   11 disabled
[    0.001993]   12 disabled
[    0.001993]   13 disabled
[    0.001994]   14 disabled
[    0.001994]   15 disabled
[    0.002012] x86/PAT: Configuration [0-7]: WB  WC  UC- UC  WB  WP  UC- WT  
[    0.002160] found SMP MP-table at [mem 0x0009fff0-0x0009ffff]
[    0.092586] check: Scanning 1 areas for low memory corruption
[    0.092807] RAMDISK: [mem 0x32271000-0x3512ffff]
[    0.092815] ACPI: Early table checksum verification disabled
[    0.092819] ACPI: RSDP 0x00000000000E0000 000024 (v02 VBOX  )
[    0.092824] ACPI: XSDT 0x000000007FFF0030 00003C (v01 VBOX   VBOXXSDT 00000001 ASL  00000061)
[    0.092831] ACPI: FACP 0x000000007FFF00F0 0000F4 (v04 VBOX   VBOXFACP 00000001 ASL  00000061)
[    0.092837] ACPI: DSDT 0x000000007FFF02E0 002353 (v02 VBOX   VBOXBIOS 00000002 VBOX 00029BF3)
[    0.092841] ACPI: FACS 0x000000007FFF0200 000040
[    0.092844] ACPI: FACS 0x000000007FFF0200 000040
[    0.092848] ACPI: APIC 0x000000007FFF0240 000054 (v02 VBOX   VBOXAPIC 00000001 ASL  00000061)
[    0.092851] ACPI: SSDT 0x000000007FFF02A0 000038 (v01 VBOX   VBOXCPUT 00000002 VBOX 00029BF3)
[    0.092855] ACPI: Reserving FACP table memory at [mem 0x7fff00f0-0x7fff01e3]
[    0.092856] ACPI: Reserving DSDT table memory at [mem 0x7fff02e0-0x7fff2632]
[    0.092856] ACPI: Reserving FACS table memory at [mem 0x7fff0200-0x7fff023f]
[    0.092857] ACPI: Reserving FACS table memory at [mem 0x7fff0200-0x7fff023f]
[    0.092858] ACPI: Reserving APIC table memory at [mem 0x7fff0240-0x7fff0293]
[    0.092858] ACPI: Reserving SSDT table memory at [mem 0x7fff02a0-0x7fff02d7]
[    0.092872] ACPI: Local APIC address 0xfee00000
[    0.093063] No NUMA configuration found
[    0.093064] Faking a node at [mem 0x0000000000000000-0x000000007ffeffff]
[    0.093074] NODE_DATA(0) allocated [mem 0x7ffc5000-0x7ffeffff]
[    0.093357] Zone ranges:
[    0.093358]   DMA      [mem 0x0000000000001000-0x0000000000ffffff]
[    0.093359]   DMA32    [mem 0x0000000001000000-0x000000007ffeffff]
[    0.093360]   Normal   empty
[    0.093360]   Device   empty
[    0.093361] Movable zone start for each node
[    0.093363] Early memory node ranges
[    0.093364]   node   0: [mem 0x0000000000001000-0x000000000009efff]
[    0.093364]   node   0: [mem 0x0000000000100000-0x000000007ffeffff]
[    0.093367] Zeroed struct page in unavailable ranges: 114 pages
[    0.093368] Initmem setup node 0 [mem 0x0000000000001000-0x000000007ffeffff]
[    0.093369] On node 0 totalpages: 524174
[    0.093371]   DMA zone: 64 pages used for memmap
[    0.093371]   DMA zone: 21 pages reserved
[    0.093372]   DMA zone: 3998 pages, LIFO batch:0
[    0.093443]   DMA32 zone: 8128 pages used for memmap
[    0.093444]   DMA32 zone: 520176 pages, LIFO batch:63
[    0.102434] ACPI: PM-Timer IO Port: 0x4008
[    0.102437] ACPI: Local APIC address 0xfee00000
[    0.102503] IOAPIC[0]: apic_id 1, version 32, address 0xfec00000, GSI 0-23
[    0.102506] ACPI: INT_SRC_OVR (bus 0 bus_irq 0 global_irq 2 dfl dfl)
[    0.102507] ACPI: INT_SRC_OVR (bus 0 bus_irq 9 global_irq 9 low level)
[    0.102509] ACPI: IRQ0 used by override.
[    0.102510] ACPI: IRQ9 used by override.
[    0.102513] Using ACPI (MADT) for SMP configuration information
[    0.102520] smpboot: Allowing 1 CPUs, 0 hotplug CPUs
[    0.102541] PM: Registered nosave memory: [mem 0x00000000-0x00000fff]
[    0.102543] PM: Registered nosave memory: [mem 0x0009f000-0x0009ffff]
[    0.102543] PM: Registered nosave memory: [mem 0x000a0000-0x000effff]
[    0.102544] PM: Registered nosave memory: [mem 0x000f0000-0x000fffff]
[    0.102546] [mem 0x80000000-0xfebfffff] available for PCI devices
[    0.102546] Booting paravirtualized kernel on KVM
[    0.102549] clocksource: refined-jiffies: mask: 0xffffffff max_cycles: 0xffffffff, max_idle_ns: 7645519600211568 ns
[    0.102554] setup_percpu: NR_CPUS:8192 nr_cpumask_bits:1 nr_cpu_ids:1 nr_node_ids:1
[    0.103582] percpu: Embedded 60 pages/cpu s208896 r8192 d28672 u2097152
[    0.103587] pcpu-alloc: s208896 r8192 d28672 u2097152 alloc=1*2097152
[    0.103588] pcpu-alloc: [0] 0 
[    0.103614] Built 1 zonelists, mobility grouping on.  Total pages: 515961
[    0.103615] Policy zone: DMA32
[    0.103616] Kernel command line: BOOT_IMAGE=/boot/vmlinuz-5.4.243-mptcp root=UUID=98415a12-53b7-4144-8265-0f7ece09e445 ro quiet splash
[    0.104522] Dentry cache hash table entries: 262144 (order: 9, 2097152 bytes, linear)
[    0.104787] Inode-cache hash table entries: 131072 (order: 8, 1048576 bytes, linear)
[    0.104839] mem auto-init: stack:off, heap alloc:on, heap free:off
[    0.104842] Calgary: detecting Calgary via BIOS EBDA area
[    0.104843] Calgary: Unable to locate Rio Grande table in EBDA - bailing!
[    0.108964] Memory: 1967332K/2096696K available (14339K kernel code, 2398K rwdata, 4712K rodata, 2728K init, 17260K bss, 129364K reserved, 0K cma-reserved)
[    0.109892] SLUB: HWalign=64, Order=0-3, MinObjects=0, CPUs=1, Nodes=1
[    0.109908] ftrace: allocating 43186 entries in 169 pages
[    0.127984] rcu: Hierarchical RCU implementation.
[    0.127985] rcu: 	RCU restricting CPUs from NR_CPUS=8192 to nr_cpu_ids=1.
[    0.127986] 	Tasks RCU enabled.
[    0.127987] rcu: RCU calculated value of scheduler-enlistment delay is 25 jiffies.
[    0.127988] rcu: Adjusting geometry for rcu_fanout_leaf=16, nr_cpu_ids=1
[    0.130948] NR_IRQS: 524544, nr_irqs: 256, preallocated irqs: 16
[    0.131162] random: crng init done
[    0.140591] Console: colour VGA+ 80x25
[    0.140595] printk: console [tty0] enabled
[    0.140616] ACPI: Core revision 20190816
[    0.140721] APIC: Switch to symmetric I/O mode setup
[    0.140973] x2apic enabled
[    0.141212] Switched APIC routing to physical x2apic.
[    0.142346] ..TIMER: vector=0x30 apic1=0 pin1=2 apic2=-1 pin2=-1
[    0.142371] clocksource: tsc-early: mask: 0xffffffffffffffff max_cycles: 0x1e4530a99b6, max_idle_ns: 440795257976 ns
[    0.142376] Calibrating delay loop (skipped) preset value.. 4200.00 BogoMIPS (lpj=8400000)
[    0.142378] pid_max: default: 32768 minimum: 301
[    0.142407] LSM: Security Framework initializing
[    0.142417] Yama: becoming mindful.
[    0.142442] AppArmor: AppArmor initialized
[    0.142476] Mount-cache hash table entries: 4096 (order: 3, 32768 bytes, linear)
[    0.142481] Mountpoint-cache hash table entries: 4096 (order: 3, 32768 bytes, linear)
[    0.142491] *** VALIDATE tmpfs ***
[    0.142618] *** VALIDATE proc ***
[    0.142657] *** VALIDATE cgroup1 ***
[    0.142659] *** VALIDATE cgroup2 ***
[    0.142799] process: using mwait in idle threads
[    0.142804] Last level iTLB entries: 4KB 64, 2MB 8, 4MB 8
[    0.142805] Last level dTLB entries: 4KB 64, 2MB 0, 4MB 0, 1GB 4
[    0.142824] Spectre V1 : Mitigation: usercopy/swapgs barriers and __user pointer sanitization
[    0.142829] Spectre V2 : Mitigation: Retpolines
[    0.142830] Spectre V2 : Spectre v2 / SpectreRSB mitigation: Filling RSB on context switch
[    0.142830] Spectre V2 : Spectre v2 / SpectreRSB : Filling RSB on VMEXIT
[    0.142831] RETBleed: WARNING: Spectre v2 mitigation leaves CPU vulnerable to RETBleed attacks, data leaks possible!
[    0.143184] RETBleed: Vulnerable
[    0.143184] Speculative Store Bypass: Vulnerable
[    0.143189] TAA: Mitigation: TSX disabled
[    0.143189] MMIO Stale Data: Mitigation: Clear CPU buffers
[    0.147388] Freeing SMP alternatives memory: 40K
[    0.259833] smpboot: CPU0: Intel(R) Xeon(R) Silver 4216 CPU @ 2.10GHz (family: 0x6, model: 0x55, stepping: 0x7)
[    0.259973] Performance Events: unsupported p6 CPU model 85 no PMU driver, software events only.
[    0.260012] rcu: Hierarchical SRCU implementation.
[    0.260487] NMI watchdog: Perf NMI watchdog permanently disabled
[    0.260525] smp: Bringing up secondary CPUs ...
[    0.260526] smp: Brought up 1 node, 1 CPU
[    0.260527] smpboot: Max logical packages: 1
[    0.260528] smpboot: Total of 1 processors activated (4200.00 BogoMIPS)
[    0.261512] devtmpfs: initialized
[    0.261559] x86/mm: Memory block size: 128MB
[    0.261972] clocksource: jiffies: mask: 0xffffffff max_cycles: 0xffffffff, max_idle_ns: 7645041785100000 ns
[    0.261978] futex hash table entries: 256 (order: 2, 16384 bytes, linear)
[    0.262021] pinctrl core: initialized pinctrl subsystem
[    0.262138] PM: RTC time: 18:16:47, date: 2026-01-15
[    0.262252] NET: Registered protocol family 16
[    0.262339] audit: initializing netlink subsys (disabled)
[    0.262373] EISA bus registered
[    0.262373] cpuidle: using governor ladder
[    0.262373] cpuidle: using governor menu
[    0.262373] ACPI: bus type PCI registered
[    0.262373] acpiphp: ACPI Hot Plug PCI Controller Driver version: 0.5
[    0.262373] PCI: Using configuration type 1 for base access
[    0.262373] audit: type=2000 audit(1768472213.582:1): state=initialized audit_enabled=0 res=1
[    0.262373] HugeTLB registered 2.00 MiB page size, pre-allocated 0 pages
[    0.262373] ACPI: Added _OSI(Module Device)
[    0.262373] ACPI: Added _OSI(Processor Device)
[    0.262373] ACPI: Added _OSI(3.0 _SCP Extensions)
[    0.262373] ACPI: Added _OSI(Processor Aggregator Device)
[    0.262373] ACPI: Added _OSI(Linux-Dell-Video)
[    0.262373] ACPI: Added _OSI(Linux-Lenovo-NV-HDMI-Audio)
[    0.262373] ACPI: Added _OSI(Linux-HPI-Hybrid-Graphics)
[    0.266846] ACPI: 2 ACPI AML tables successfully acquired and loaded
[    0.268458] ACPI: Interpreter enabled
[    0.268472] ACPI: (supports S0 S5)
[    0.268473] ACPI: Using IOAPIC for interrupt routing
[    0.268710] PCI: Using host bridge windows from ACPI; if necessary, use "pci=nocrs" and report a bug
[    0.268818] ACPI: Enabled 2 GPEs in block 00 to 07
[    0.274112] ACPI: PCI Root Bridge [PCI0] (domain 0000 [bus 00-ff])
[    0.274117] acpi PNP0A03:00: _OSC: OS supports [ASPM ClockPM Segments MSI HPX-Type3]
[    0.274637] acpi PNP0A03:00: _OSC: not requesting OS control; OS requires [ExtendedConfig ASPM ClockPM MSI]
[    0.274646] acpi PNP0A03:00: fail to add MMCONFIG information, can't access extended PCI configuration space under this bridge.
[    0.275021] PCI host bridge to bus 0000:00
[    0.275023] pci_bus 0000:00: root bus resource [io  0x0000-0x0cf7 window]
[    0.275025] pci_bus 0000:00: root bus resource [io  0x0d00-0xffff window]
[    0.275026] pci_bus 0000:00: root bus resource [mem 0x000a0000-0x000bffff window]
[    0.275027] pci_bus 0000:00: root bus resource [mem 0x80000000-0xfdffffff window]
[    0.275028] pci_bus 0000:00: root bus resource [bus 00-ff]
[    0.275076] pci 0000:00:00.0: [8086:1237] type 00 class 0x060000
[    0.276095] pci 0000:00:01.0: [8086:7000] type 00 class 0x060100
[    0.276876] pci 0000:00:01.1: [8086:7111] type 00 class 0x01018a
[    0.277258] pci 0000:00:01.1: reg 0x20: [io  0xd000-0xd00f]
[    0.277409] pci 0000:00:01.1: legacy IDE quirk: reg 0x10: [io  0x01f0-0x01f7]
[    0.277410] pci 0000:00:01.1: legacy IDE quirk: reg 0x14: [io  0x03f6]
[    0.277411] pci 0000:00:01.1: legacy IDE quirk: reg 0x18: [io  0x0170-0x0177]
[    0.277412] pci 0000:00:01.1: legacy IDE quirk: reg 0x1c: [io  0x0376]
[    0.277980] pci 0000:00:02.0: [15ad:0405] type 00 class 0x030000
[    0.280287] pci 0000:00:02.0: reg 0x10: [io  0xd010-0xd01f]
[    0.284309] pci 0000:00:02.0: reg 0x14: [mem 0xe0000000-0xe7ffffff pref]
[    0.286423] pci 0000:00:02.0: reg 0x18: [mem 0xf0000000-0xf01fffff]
[    0.297588] pci 0000:00:03.0: [1022:2000] type 00 class 0x020000
[    0.299046] pci 0000:00:03.0: reg 0x10: [io  0xd020-0xd03f]
[    0.299657] pci 0000:00:03.0: reg 0x14: [mem 0xf0200000-0xf0200fff]
[    0.303142] pci 0000:00:04.0: [80ee:cafe] type 00 class 0x088000
[    0.303810] pci 0000:00:04.0: reg 0x10: [io  0xd040-0xd05f]
[    0.304418] pci 0000:00:04.0: reg 0x14: [mem 0xf0400000-0xf07fffff]
[    0.305037] pci 0000:00:04.0: reg 0x18: [mem 0xf0800000-0xf0803fff pref]
[    0.308382] pci 0000:00:07.0: [8086:7113] type 00 class 0x068000
[    0.308925] pci 0000:00:07.0: quirk: [io  0x4000-0x403f] claimed by PIIX4 ACPI
[    0.308935] pci 0000:00:07.0: quirk: [io  0x4100-0x410f] claimed by PIIX4 SMB
[    0.309554] pci 0000:00:08.0: [8086:100e] type 00 class 0x020000
[    0.310455] pci 0000:00:08.0: reg 0x10: [mem 0xf0820000-0xf083ffff]
[    0.311668] pci 0000:00:08.0: reg 0x18: [io  0xd060-0xd067]
[    0.315334] pci 0000:00:09.0: [8086:100e] type 00 class 0x020000
[    0.316032] pci 0000:00:09.0: reg 0x10: [mem 0xf0840000-0xf085ffff]
[    0.317196] pci 0000:00:09.0: reg 0x18: [io  0xd068-0xd06f]
[    0.327297] ACPI: PCI Interrupt Link [LNKA] (IRQs 5 9 10 *11)
[    0.327581] ACPI: PCI Interrupt Link [LNKB] (IRQs 5 9 *10 11)
[    0.327685] ACPI: PCI Interrupt Link [LNKC] (IRQs 5 *9 10 11)
[    0.327787] ACPI: PCI Interrupt Link [LNKD] (IRQs 5 9 10 *11)
[    0.328043] iommu: Default domain type: Translated 
[    0.328105] pci 0000:00:02.0: vgaarb: setting as boot VGA device
[    0.328107] pci 0000:00:02.0: vgaarb: VGA device added: decodes=io+mem,owns=io+mem,locks=none
[    0.328109] pci 0000:00:02.0: vgaarb: bridge control possible
[    0.328110] vgaarb: loaded
[    0.328334] SCSI subsystem initialized
[    0.328368] libata version 3.00 loaded.
[    0.328392] ACPI: bus type USB registered
[    0.328407] usbcore: registered new interface driver usbfs
[    0.328413] usbcore: registered new interface driver hub
[    0.328418] usbcore: registered new device driver usb
[    0.328449] pps_core: LinuxPPS API ver. 1 registered
[    0.328449] pps_core: Software ver. 5.3.6 - Copyright 2005-2007 Rodolfo Giometti <giometti@linux.it>
[    0.328451] PTP clock support registered
[    0.328485] EDAC MC: Ver: 3.0.0
[    0.328770] PCI: Using ACPI for IRQ routing
[    0.328771] PCI: pci_cache_line_size set to 64 bytes
[    0.328938] e820: reserve RAM buffer [mem 0x0009fc00-0x0009ffff]
[    0.328942] e820: reserve RAM buffer [mem 0x7fff0000-0x7fffffff]
[    0.330389] NetLabel: Initializing
[    0.330389] NetLabel:  domain hash size = 128
[    0.330390] NetLabel:  protocols = UNLABELED CIPSOv4 CALIPSO
[    0.330410] NetLabel:  unlabeled traffic allowed by default
[    0.331305] clocksource: Switched to clocksource kvm-clock
[    0.343285] *** VALIDATE bpf ***
[    0.343285] VFS: Disk quotas dquot_6.6.0
[    0.343285] VFS: Dquot-cache hash table entries: 512 (order 0, 4096 bytes)
[    0.343285] *** VALIDATE ramfs ***
[    0.343285] *** VALIDATE hugetlbfs ***
[    0.343285] AppArmor: AppArmor Filesystem Enabled
[    0.343285] pnp: PnP ACPI init
[    0.343285] pnp 00:00: Plug and Play ACPI device, IDs PNP0303 (active)
[    0.345079] pnp 00:01: Plug and Play ACPI device, IDs PNP0f03 (active)
[    0.345821] pnp: PnP ACPI: found 2 devices
[    0.346803] thermal_sys: Registered thermal governor 'fair_share'
[    0.346804] thermal_sys: Registered thermal governor 'bang_bang'
[    0.346805] thermal_sys: Registered thermal governor 'step_wise'
[    0.346805] thermal_sys: Registered thermal governor 'user_space'
[    0.346806] thermal_sys: Registered thermal governor 'power_allocator'
[    0.351350] clocksource: acpi_pm: mask: 0xffffff max_cycles: 0xffffff, max_idle_ns: 2085701024 ns
[    0.351389] pci_bus 0000:00: resource 4 [io  0x0000-0x0cf7 window]
[    0.351390] pci_bus 0000:00: resource 5 [io  0x0d00-0xffff window]
[    0.351391] pci_bus 0000:00: resource 6 [mem 0x000a0000-0x000bffff window]
[    0.351392] pci_bus 0000:00: resource 7 [mem 0x80000000-0xfdffffff window]
[    0.351450] NET: Registered protocol family 2
[    0.351524] IP idents hash table entries: 32768 (order: 6, 262144 bytes, linear)
[    0.351932] MPTCP tokens hash table entries: 8192 (order: 4, 65536 bytes, linear)
[    0.351952] MPTCP request tokens hash table entries: 8192 (order: 4, 65536 bytes, linear)
[    0.351977] default registered
[    0.351977] default registered
[    0.351978] MPTCP: Stable release v0.96
[    0.351983] tcp_listen_portaddr_hash hash table entries: 1024 (order: 2, 16384 bytes, linear)
[    0.352063] TCP established hash table entries: 16384 (order: 5, 131072 bytes, linear)
[    0.352125] TCP bind hash table entries: 16384 (order: 6, 262144 bytes, linear)
[    0.352151] TCP: Hash tables configured (established 16384 bind 16384)
[    0.352854] UDP hash table entries: 1024 (order: 3, 32768 bytes, linear)
[    0.352865] UDP-Lite hash table entries: 1024 (order: 3, 32768 bytes, linear)
[    0.352898] NET: Registered protocol family 1
[    0.352907] NET: Registered protocol family 44
[    0.352925] pci 0000:00:00.0: Limiting direct PCI/PCI transfers
[    0.352937] pci 0000:00:01.0: Activating ISA DMA hang workarounds
[    0.352993] pci 0000:00:02.0: Video device with shadowed ROM at [mem 0x000c0000-0x000dffff]
[    0.353057] PCI: CLS 0 bytes, default 64
[    0.353101] Trying to unpack rootfs image as initramfs...
[    0.530521] Freeing initrd memory: 47868K
[    0.530617] clocksource: tsc: mask: 0xffffffffffffffff max_cycles: 0x1e4530a99b6, max_idle_ns: 440795257976 ns
[    0.530626] clocksource: Switched to clocksource tsc
[    0.530661] platform rtc_cmos: registered platform RTC device (no PNP device found)
[    0.530689] check: Scanning for low memory corruption every 60 seconds
[    0.530995] Initialise system trusted keyrings
[    0.531005] Key type blacklist registered
[    0.531049] workingset: timestamp_bits=36 max_order=19 bucket_order=0
[    0.532428] zbud: loaded
[    0.532790] squashfs: version 4.0 (2009/01/31) Phillip Lougher
[    0.532924] fuse: init (API version 7.31)
[    0.532941] *** VALIDATE fuse ***
[    0.532942] *** VALIDATE fuse ***
[    0.533044] Platform Keyring initialized
[    0.535800] Key type asymmetric registered
[    0.535800] Asymmetric key parser 'x509' registered
[    0.535800] Block layer SCSI generic (bsg) driver version 0.4 loaded (major 244)
[    0.535800] io scheduler mq-deadline registered
[    0.535800] shpchp: Standard Hot Plug PCI Controller Driver version: 0.4
[    0.536448] ACPI: AC Adapter [AC] (on-line)
[    0.536492] input: Power Button as /devices/LNXSYSTM:00/LNXPWRBN:00/input/input0
[    0.536522] ACPI: Power Button [PWRF]
[    0.536587] input: Sleep Button as /devices/LNXSYSTM:00/LNXSLPBN:00/input/input1
[    0.536603] ACPI: Sleep Button [SLPF]
[    0.536841] Serial: 8250/16550 driver, 32 ports, IRQ sharing enabled
[    0.537974] Linux agpgart interface v0.103
[    0.627260] loop: module loaded
[    0.627401] ata_piix 0000:00:01.1: version 2.13
[    0.627797] scsi host0: ata_piix
[    0.627883] scsi host1: ata_piix
[    0.627923] ata1: PATA max UDMA/33 cmd 0x1f0 ctl 0x3f6 bmdma 0xd000 irq 14
[    0.627924] ata2: PATA max UDMA/33 cmd 0x170 ctl 0x376 bmdma 0xd008 irq 15
[    0.628001] tun: Universal TUN/TAP device driver, 1.6
[    0.628308] PPP generic driver version 2.4.2
[    0.628348] VFIO - User Level meta-driver version: 0.3
[    0.628584] ehci_hcd: USB 2.0 'Enhanced' Host Controller (EHCI) Driver
[    0.628589] ehci-pci: EHCI PCI platform driver
[    0.628602] ehci-platform: EHCI generic platform driver
[    0.628608] ohci_hcd: USB 1.1 'Open' Host Controller (OHCI) Driver
[    0.628609] ohci-pci: OHCI PCI platform driver
[    0.628616] ohci-platform: OHCI generic platform driver
[    0.628621] uhci_hcd: USB Universal Host Controller Interface driver
[    0.628684] i8042: PNP: PS/2 Controller [PNP0303:PS2K,PNP0f03:PS2M] at 0x60,0x64 irq 1,12
[    0.629123] serio: i8042 KBD port at 0x60,0x64 irq 1
[    0.629126] serio: i8042 AUX port at 0x60,0x64 irq 12
[    0.629211] mousedev: PS/2 mouse device common for all mice
[    0.629462] input: AT Translated Set 2 keyboard as /devices/platform/i8042/serio0/input/input2
[    0.629862] rtc_cmos rtc_cmos: registered as rtc0
[    0.629875] rtc_cmos rtc_cmos: alarms up to one day, 114 bytes nvram
[    0.629880] i2c /dev entries driver
[    0.629920] device-mapper: uevent: version 1.0.3
[    0.629962] device-mapper: ioctl: 4.41.0-ioctl (2019-09-16) initialised: dm-devel@redhat.com
[    0.629978] platform eisa.0: Probing EISA bus 0
[    0.629979] platform eisa.0: EISA: Cannot allocate resource for mainboard
[    0.629981] platform eisa.0: Cannot allocate resource for EISA slot 1
[    0.629982] platform eisa.0: Cannot allocate resource for EISA slot 2
[    0.629983] platform eisa.0: Cannot allocate resource for EISA slot 3
[    0.629984] platform eisa.0: Cannot allocate resource for EISA slot 4
[    0.629984] platform eisa.0: Cannot allocate resource for EISA slot 5
[    0.629985] platform eisa.0: Cannot allocate resource for EISA slot 6
[    0.629986] platform eisa.0: Cannot allocate resource for EISA slot 7
[    0.629987] platform eisa.0: Cannot allocate resource for EISA slot 8
[    0.629988] platform eisa.0: EISA: Detected 0 cards
[    0.629990] intel_pstate: CPU model not supported
[    0.629999] ledtrig-cpu: registered to indicate activity on CPUs
[    0.630052] drop_monitor: Initializing network drop monitor service
[    0.630209] NET: Registered protocol family 10
[    0.635223] Segment Routing with IPv6
[    0.635223] fullmesh registered
[    0.635223] ndiffports registered
[    0.635223] binder registered
[    0.635223] roundrobin registered
[    0.635223] redundant registered
[    0.635223] blest registered
[    0.635223] ecf registered
[    0.635223] NET: Registered protocol family 17
[    0.635223] Key type dns_resolver registered
[    0.635223] RAS: Correctable Errors collector initialized.
[    0.635223] IPI shorthand broadcast: enabled
[    0.635223] sched_clock: Marking stable (620002144, 11220942)->(631321968, -98882)
[    0.635480] registered taskstats version 1
[    0.635488] Loading compiled-in X.509 certificates
[    0.636092] Loaded X.509 cert 'Build time autogenerated kernel key: 6909f3744cebb3d0de528d5887b96a727de79b1e'
[    0.636110] zswap: loaded using pool lzo/zbud
[    0.636162] Key type ._fscrypt registered
[    0.636163] Key type .fscrypt registered
[    0.640624] Key type big_key registered
[    0.642816] Key type encrypted registered
[    0.642819] AppArmor: AppArmor sha1 policy hashing enabled
[    0.642826] ima: No TPM chip found, activating TPM-bypass!
[    0.642829] ima: Allocated hash algorithm: sha1
[    0.642835] ima: No architecture policies found
[    0.642843] evm: Initialising EVM extended attributes:
[    0.642844] evm: security.selinux
[    0.642844] evm: security.SMACK64
[    0.642845] evm: security.SMACK64EXEC
[    0.642845] evm: security.SMACK64TRANSMUTE
[    0.642846] evm: security.SMACK64MMAP
[    0.642846] evm: security.apparmor
[    0.642846] evm: security.ima
[    0.642847] evm: security.capability
[    0.642847] evm: HMAC attrs: 0x1
[    0.643135] PM:   Magic number: 10:724:291
[    0.643151] tty tty24: hash matches
[    0.643264] rtc_cmos rtc_cmos: setting system clock to 2026-01-15T18:16:48 UTC (1768501008)
[    0.799274] ata1.00: ATA-6: VBOX HARDDISK, 1.0, max UDMA/133
[    0.799276] ata1.00: 209715200 sectors, multi 128: LBA 
[    0.799809] scsi 0:0:0:0: Direct-Access     ATA      VBOX HARDDISK    1.0  PQ: 0 ANSI: 5
[    0.800015] sd 0:0:0:0: [sda] 209715200 512-byte logical blocks: (107 GB/100 GiB)
[    0.800023] sd 0:0:0:0: [sda] Write Protect is off
[    0.800025] sd 0:0:0:0: [sda] Mode Sense: 00 3a 00 00
[    0.800038] sd 0:0:0:0: [sda] Write cache: enabled, read cache: enabled, doesn't support DPO or FUA
[    0.800251] sd 0:0:0:0: Attached scsi generic sg0 type 0
[    0.800927]  sda: sda1 sda2
[    0.811451] sd 0:0:0:0: [sda] Attached SCSI disk
[    0.813953] Freeing unused decrypted memory: 2040K
[    0.814713] Freeing unused kernel image memory: 2728K
[    0.814715] Write protecting the kernel read-only data: 22528k
[    0.815467] Freeing unused kernel image memory: 2036K
[    0.815935] Freeing unused kernel image memory: 1432K
[    0.832667] x86/mm: Checked W+X mappings: passed, no W+X pages found.
[    0.832671] Run /init as init process
[    0.931369] ACPI: Video Device [GFX0] (multi-head: yes  rom: no  post: no)
[    0.931439] input: Video Bus as /devices/LNXSYSTM:00/LNXSYBUS:00/PNP0A03:00/LNXVIDEO:00/input/input4
[    0.944008] pcnet32: pcnet32.c:v1.35 21.Apr.2008 tsbogend@alpha.franken.de
[    0.944719] pcnet32: PCnet/FAST III 79C973 at 0xd020, 08:00:27:04:9b:16 assigned IRQ 19
[    0.944762] pcnet32: Found PHY 0022:561b at address 0
[    0.945059] pcnet32: eth0: registered as PCnet/FAST III 79C973
[    0.945449] pcnet32: 1 cards_found
[    0.946984] piix4_smbus 0000:00:07.0: SMBus Host Controller at 0x4100, revision 0
[    0.949738] e1000: Intel(R) PRO/1000 Network Driver - version 7.3.21-k8-NAPI
[    0.949739] e1000: Copyright (c) 1999-2006 Intel Corporation.
[    1.017459] pcnet32 0000:00:03.0 enp0s3: renamed from eth0
[    1.163085] input: ImExPS/2 Generic Explorer Mouse as /devices/platform/i8042/serio1/input/input5
[    1.360853] e1000 0000:00:08.0 eth0: (PCI:33MHz:32-bit) 08:00:27:4b:43:e4
[    1.360858] e1000 0000:00:08.0 eth0: Intel(R) PRO/1000 Network Connection
[    1.731604] e1000 0000:00:09.0 eth1: (PCI:33MHz:32-bit) 08:00:27:96:a0:56
[    1.731607] e1000 0000:00:09.0 eth1: Intel(R) PRO/1000 Network Connection
[    1.732739] e1000 0000:00:08.0 enp0s8: renamed from eth0
[    1.734476] e1000 0000:00:09.0 enp0s9: renamed from eth1
[    1.871687] EXT4-fs (sda2): mounted filesystem with ordered data mode. Opts: (null)
[    1.953033] systemd[1]: Inserted module 'autofs4'
[    1.962499] systemd[1]: systemd 245.4-4ubuntu3 running in system mode. (+PAM +AUDIT +SELINUX +IMA +APPARMOR +SMACK +SYSVINIT +UTMP +LIBCRYPTSETUP +GCRYPT +GNUTLS +ACL +XZ +LZ4 +SECCOMP +BLKID +ELFUTILS +KMOD +IDN2 -IDN +PCRE2 default-hierarchy=hybrid)
[    1.962527] systemd[1]: Detected virtualization oracle.
[    1.962530] systemd[1]: Detected architecture x86-64.
[    1.963839] systemd[1]: Set hostname to <ztg>.
[    2.083738] systemd[1]: /lib/systemd/system/dbus.socket:5: ListenStream= references a path below legacy directory /var/run/, updating /var/run/dbus/system_bus_socket â†’ /run/dbus/system_bus_socket; please update the unit file accordingly.
[    2.134176] systemd[1]: Created slice system-modprobe.slice.
[    2.134355] systemd[1]: Created slice User and Session Slice.
[    2.134398] systemd[1]: Started Forward Password Requests to Wall Directory Watch.
[    2.134559] systemd[1]: Set up automount Arbitrary Executable File Formats File System Automount Point.
[    2.134593] systemd[1]: Reached target User and Group Name Lookups.
[    2.134601] systemd[1]: Reached target Remote File Systems.
[    2.134609] systemd[1]: Reached target Slices.
[    2.135092] systemd[1]: Listening on Syslog Socket.
[    2.135186] systemd[1]: Listening on fsck to fsckd communication Socket.
[    2.135227] systemd[1]: Listening on initctl Compatibility Named Pipe.
[    2.135359] systemd[1]: Listening on Journal Audit Socket.
[    2.135410] systemd[1]: Listening on Journal Socket (/dev/log).
[    2.135478] systemd[1]: Listening on Journal Socket.
[    2.135538] systemd[1]: Listening on udev Control Socket.
[    2.135576] systemd[1]: Listening on udev Kernel Socket.
[    2.136287] systemd[1]: Mounting Huge Pages File System...
[    2.137148] systemd[1]: Mounting POSIX Message Queue File System...
[    2.138011] systemd[1]: Mounting Kernel Debug File System...
[    2.138838] systemd[1]: Mounting Kernel Trace File System...
[    2.140754] systemd[1]: Starting Journal Service...
[    2.165242] systemd[1]: Starting Set the console keyboard layout...
[    2.173065] systemd[1]: Starting Create list of static device nodes for the current kernel...
[    2.174865] systemd[1]: Starting Load Kernel Module drm...
[    2.175887] systemd[1]: Condition check resulted in Set Up Additional Binary Formats being skipped.
[    2.175938] systemd[1]: Condition check resulted in File System Check on Root Device being skipped.
[    2.182524] systemd[1]: Starting Load Kernel Modules...
[    2.194976] systemd[1]: Starting Remount Root and Kernel File Systems...
[    2.204873] systemd[1]: Starting udev Coldplug all Devices...
[    2.216441] systemd[1]: Starting Uncomplicated firewall...
[    2.217981] systemd[1]: Mounted Huge Pages File System.
[    2.218065] systemd[1]: Mounted POSIX Message Queue File System.
[    2.218134] systemd[1]: Mounted Kernel Debug File System.
[    2.218202] systemd[1]: Mounted Kernel Trace File System.
[    2.219434] EXT4-fs (sda2): re-mounted. Opts: errors=remount-ro
[    2.239625] systemd[1]: Finished Create list of static device nodes for the current kernel.
[    2.240454] systemd[1]: modprobe@drm.service: Succeeded.
[    2.263350] systemd[1]: Finished Load Kernel Module drm.
[    2.263894] systemd[1]: Finished Remount Root and Kernel File Systems.
[    2.264899] systemd[1]: Finished Uncomplicated firewall.
[    2.280436] systemd[1]: Condition check resulted in Rebuild Hardware Database being skipped.
[    2.280472] systemd[1]: Condition check resulted in Platform Persistent Storage Archival being skipped.
[    2.281148] systemd[1]: Starting Load/Save Random Seed...
[    2.282999] lp: driver loaded but no devices found
[    2.289191] systemd[1]: Starting Create System Users...
[    2.300469] systemd[1]: Finished Load/Save Random Seed.
[    2.301020] ppdev: user-space parallel port driver
[    2.307474] systemd[1]: Finished Create System Users.
[    2.308248] systemd[1]: Starting Create Static Device Nodes in /dev...
[    2.324804] systemd[1]: Finished Create Static Device Nodes in /dev.
[    2.325543] systemd[1]: Starting udev Kernel Device Manager...
[    2.362003] systemd[1]: Finished udev Coldplug all Devices.
[    2.365070] [drm] DMA map mode: Caching DMA mappings.
[    2.365160] [drm] Capabilities:
[    2.365160] [drm]   Rect copy.
[    2.365160] [drm]   Cursor.
[    2.365161] [drm]   Cursor bypass.
[    2.365161] [drm]   Cursor bypass 2.
[    2.365162] [drm]   Alpha cursor.
[    2.365162] [drm]   Extended Fifo.
[    2.365162] [drm]   Pitchlock.
[    2.365163] [drm]   Irq mask.
[    2.365163] [drm]   GMR.
[    2.365163] [drm]   Traces.
[    2.365164] [drm]   GMR2.
[    2.365164] [drm]   Screen Object 2.
[    2.365164] [drm]   Command Buffers.
[    2.365165] [drm]   Command Buffers 2.
[    2.365165] [drm]   Guest Backed Resources.
[    2.365166] [drm] Max GMR ids is 8192
[    2.365167] [drm] Max number of GMR pages is 1048576
[    2.365167] [drm] Max dedicated hypervisor surface memory is 393216 kiB
[    2.365168] [drm] Maximum display memory size is 131072 kiB
[    2.365169] [drm] VRAM at 0xe0000000 size is 131072 kiB
[    2.365169] [drm] MMIO at 0xf0000000 size is 2048 kiB
[    2.368297] [TTM] Zone  kernel: Available graphics memory: 1011738 KiB
[    2.368298] [TTM] Initializing pool allocator
[    2.368301] [TTM] Initializing DMA pool allocator
[    2.368449] [drm] Supports vblank timestamp caching Rev 2 (21.10.2013).
[    2.368449] [drm] No driver support for vblank timestamp query.
[    2.368666] [drm] Screen Target Display device initialized
[    2.368888] [drm] width 720
[    2.368897] [drm] height 400
[    2.368900] [drm] bpp 32
[    2.369465] [drm] Fifo max 0x00200000 min 0x00001000 cap 0x00000355
[    2.370657] [drm] Using command buffers with DMA pool.
[    2.370662] [drm] DX: no.
[    2.370662] [drm] Atomic: yes.
[    2.370663] [drm] SM4_1: no.
[    2.370681] [drm:vmw_host_log [vmwgfx]] *ERROR* Failed to send host log message.
[    2.407037] [drm:vmw_host_log [vmwgfx]] *ERROR* Failed to send host log message.
[    2.414847] fbcon: svgadrmfb (fb0) is primary device
[    2.419135] Console: switching to colour frame buffer device 100x37
[    2.424078] [drm] Initialized vmwgfx 2.15.0 20180704 for 0000:00:02.0 on minor 0
[    2.424925] systemd[1]: Finished Load Kernel Modules.
[    2.425825] systemd[1]: Mounting FUSE Control File System...
[    2.426924] systemd[1]: Mounting Kernel Configuration File System...
[    2.445052] systemd[1]: Starting Apply Kernel Variables...
[    2.454388] systemd[1]: Finished Set the console keyboard layout.
[    2.454934] systemd[1]: Mounted FUSE Control File System.
[    2.455015] systemd[1]: Mounted Kernel Configuration File System.
[    2.455072] systemd[1]: Reached target Local File Systems (Pre).
[    2.455088] systemd[1]: Condition check resulted in VMware vmblock fuse mount being skipped.
[    2.465857] systemd[1]: Mounting Mount unit for bare, revision 5...
[    2.468340] systemd[1]: Mounting Mount unit for core18, revision 1705...
[    2.493253] systemd[1]: Mounting Mount unit for gnome-3-34-1804, revision 24...
[    2.497152] systemd[1]: Mounting Mount unit for gtk-common-themes, revision 1506...
[    2.506710] systemd[1]: Mounting Mount unit for gtk-common-themes, revision 1535...
[    2.510968] systemd[1]: Mounting Mount unit for snap-store, revision 433...
[    2.525097] systemd[1]: Mounting Mount unit for snapd, revision 7264...
[    2.557190] systemd[1]: Finished Apply Kernel Variables.
[    2.557320] systemd[1]: Mounted Mount unit for bare, revision 5.
[    2.557393] systemd[1]: Mounted Mount unit for core18, revision 1705.
[    2.557464] systemd[1]: Mounted Mount unit for gnome-3-34-1804, revision 24.
[    2.582923] systemd[1]: Started udev Kernel Device Manager.
[    2.583628] systemd[1]: Starting Show Plymouth Boot Screen...
[    2.587425] systemd[1]: Received SIGRTMIN+20 from PID 288 (plymouthd).
[    2.588147] systemd[1]: Mounted Mount unit for gtk-common-themes, revision 1506.
[    2.626602] systemd[1]: Started Show Plymouth Boot Screen.
[    2.626735] systemd[1]: Condition check resulted in Dispatch Password Requests to Console Directory Watch being skipped.
[    2.626821] systemd[1]: Started Forward Password Requests to Plymouth Directory Watch.
[    2.626850] systemd[1]: Reached target Local Encrypted Volumes.
[    2.644215] systemd[1]: Mounted Mount unit for snap-store, revision 433.
[    2.677038] systemd[1]: Mounted Mount unit for gtk-common-themes, revision 1535.
[    2.677254] systemd[1]: Mounted Mount unit for snapd, revision 7264.
[    2.677404] systemd[1]: Reached target Local File Systems.
[    2.678168] systemd[1]: Starting Load AppArmor profiles...
[    2.681063] systemd[1]: Starting Set console font and keymap...
[    2.691679] systemd[1]: Starting Tell Plymouth To Write Out Runtime Data...
[    2.693085] systemd[1]: Condition check resulted in Store a System Token in an EFI Variable being skipped.
[    2.693136] systemd[1]: Condition check resulted in Commit a transient machine-id on disk being skipped.
[    2.697643] systemd[1]: Finished Set console font and keymap.
[    2.704570] systemd[1]: Received SIGRTMIN+20 from PID 288 (plymouthd).
[    2.705571] systemd[1]: plymouth-read-write.service: Succeeded.
[    2.705796] systemd[1]: Finished Tell Plymouth To Write Out Runtime Data.
[    2.741346] audit: type=1400 audit(1768501010.596:2): apparmor="STATUS" operation="profile_load" profile="unconfined" name="nvidia_modprobe" pid=302 comm="apparmor_parser"
[    2.741349] audit: type=1400 audit(1768501010.596:3): apparmor="STATUS" operation="profile_load" profile="unconfined" name="nvidia_modprobe//kmod" pid=302 comm="apparmor_parser"
[    2.747947] audit: type=1400 audit(1768501010.604:4): apparmor="STATUS" operation="profile_load" profile="unconfined" name="/usr/sbin/tcpdump" pid=303 comm="apparmor_parser"
[    2.789247] audit: type=1400 audit(1768501010.636:5): apparmor="STATUS" operation="profile_load" profile="unconfined" name="/usr/bin/evince" pid=305 comm="apparmor_parser"
[    2.789249] audit: type=1400 audit(1768501010.636:6): apparmor="STATUS" operation="profile_load" profile="unconfined" name="/usr/bin/evince//sanitized_helper" pid=305 comm="apparmor_parser"
[    2.789251] audit: type=1400 audit(1768501010.636:7): apparmor="STATUS" operation="profile_load" profile="unconfined" name="/usr/bin/evince-previewer" pid=305 comm="apparmor_parser"
[    2.789252] audit: type=1400 audit(1768501010.636:8): apparmor="STATUS" operation="profile_load" profile="unconfined" name="/usr/bin/evince-previewer//sanitized_helper" pid=305 comm="apparmor_parser"
[    2.789254] audit: type=1400 audit(1768501010.636:9): apparmor="STATUS" operation="profile_load" profile="unconfined" name="/usr/bin/evince-thumbnailer" pid=305 comm="apparmor_parser"
[    2.804684] audit: type=1400 audit(1768501010.660:10): apparmor="STATUS" operation="profile_load" profile="unconfined" name="/usr/lib/cups/backend/cups-pdf" pid=306 comm="apparmor_parser"
[    2.873249] systemd[1]: Finished Load AppArmor profiles.
[    2.874156] systemd[1]: Starting Load AppArmor profiles managed internally by snapd...
[    2.949617] systemd[1]: Finished Load AppArmor profiles managed internally by snapd.
[    3.112200] systemd[1]: Started Journal Service.
[    3.118750] systemd-journald[229]: Received client request to flush runtime journal.
[    3.123558] systemd-journald[229]: File /var/log/journal/c455b248004a419c87ce85eea238d727/system.journal corrupted or uncleanly shut down, renaming and replacing.
[    4.388116] RAPL PMU: API unit is 2^-32 Joules, 0 fixed counters, 10737418240 ms ovfl timer
[    4.438351] cryptd: max_cpu_qlen set to 1000
[    4.510212] AVX2 version of gcm_enc/dec engaged.
[    4.510213] AES CTR mode by8 optimization enabled
[    5.432364] Adding 1998844k swap on /dev/sda1.  Priority:-2 extents:1 across:1998844k FS
[    6.778303] kauditd_printk_skb: 30 callbacks suppressed
[    6.778305] audit: type=1400 audit(1768501014.628:41): apparmor="DENIED" operation="capable" profile="/usr/sbin/cups-browsed" pid=498 comm="cups-browsed" capability=23  capname="sys_nice"
[    7.697733] pcnet32 0000:00:03.0 enp0s3: link up, 100Mbps, full-duplex
[    7.734372] e1000: enp0s8 NIC Link is Up 1000 Mbps Full Duplex, Flow Control: RX
[    7.734668] IPv6: ADDRCONF(NETDEV_CHANGE): enp0s8: link becomes ready
[    7.746282] e1000: enp0s9 NIC Link is Up 1000 Mbps Full Duplex, Flow Control: RX
[    7.746575] IPv6: ADDRCONF(NETDEV_CHANGE): enp0s9: link becomes ready
[    8.332393] device enp0s3 entered promiscuous mode
[    8.367761] audit: type=1400 audit(1768501016.216:42): apparmor="DENIED" operation="open" profile="/usr/sbin/tcpdump" name="/proc/sys/kernel/random/boot_id" pid=688 comm="tcpdump" requested_mask="r" denied_mask="r" fsuid=0 ouid=0
[    8.368785] audit: type=1400 audit(1768501016.224:43): apparmor="DENIED" operation="open" profile="/usr/sbin/tcpdump" name="/proc/sys/kernel/random/boot_id" pid=688 comm="tcpdump" requested_mask="r" denied_mask="r" fsuid=0 ouid=0
[    8.369443] audit: type=1400 audit(1768501016.224:44): apparmor="DENIED" operation="open" profile="/usr/sbin/tcpdump" name="/proc/sys/kernel/random/boot_id" pid=688 comm="tcpdump" requested_mask="r" denied_mask="r" fsuid=0 ouid=0
[    8.369464] audit: type=1400 audit(1768501016.224:45): apparmor="DENIED" operation="open" profile="/usr/sbin/tcpdump" name="/proc/sys/kernel/random/boot_id" pid=688 comm="tcpdump" requested_mask="r" denied_mask="r" fsuid=0 ouid=0
[    8.370419] audit: type=1400 audit(1768501016.224:46): apparmor="DENIED" operation="open" profile="/usr/sbin/tcpdump" name="/proc/sys/kernel/random/boot_id" pid=689 comm="tcpdump" requested_mask="r" denied_mask="r" fsuid=0 ouid=0
[    8.370642] audit: type=1400 audit(1768501016.224:47): apparmor="DENIED" operation="open" profile="/usr/sbin/tcpdump" name="/proc/sys/kernel/random/boot_id" pid=689 comm="tcpdump" requested_mask="r" denied_mask="r" fsuid=0 ouid=0
[    8.370683] audit: type=1400 audit(1768501016.224:48): apparmor="DENIED" operation="open" profile="/usr/sbin/tcpdump" name="/proc/sys/kernel/random/boot_id" pid=689 comm="tcpdump" requested_mask="r" denied_mask="r" fsuid=0 ouid=0
[    8.370740] audit: type=1400 audit(1768501016.224:49): apparmor="DENIED" operation="open" profile="/usr/sbin/tcpdump" name="/proc/sys/kernel/random/boot_id" pid=689 comm="tcpdump" requested_mask="r" denied_mask="r" fsuid=0 ouid=0
[   13.546608] rfkill: input handler disabled
[  212.237829] AAAAA-TCP_FORW: name:enp0s3: saddr:16783984: daddr:100932208
[  508.755575] rfkill: input handler enabled
[  517.543434] rfkill: input handler disabled
[  723.191276] device enp0s3 left promiscuous mode
