[    0.000000] Linux version 5.4.243-mptcp (root@ztg) (gcc version 12.2.0 (Debian 12.2.0-14+deb12u1)) #53 SMP Wed Dec 24 23:28:15 CST 2025
[    0.000000] Command line: BOOT_IMAGE=/boot/vmlinuz-5.4.243-mptcp root=UUID=98415a12-53b7-4144-8265-0f7ece09e445 ro quiet splash
[    0.000000] KERNEL supported cpus:
[    0.000000]   Intel GenuineIntel
[    0.000000]   AMD AuthenticAMD
[    0.000000]   Hygon HygonGenuine
[    0.000000]   Centaur CentaurHauls
[    0.000000]   zhaoxin   Shanghai  
[    0.000000] x86/fpu: Supporting XSAVE feature 0x001: 'x87 floating point registers'
[    0.000000] x86/fpu: Supporting XSAVE feature 0x002: 'SSE registers'
[    0.000000] x86/fpu: Supporting XSAVE feature 0x004: 'AVX registers'
[    0.000000] x86/fpu: xstate_offset[2]:  576, xstate_sizes[2]:  256
[    0.000000] x86/fpu: Enabled xstate features 0x7, context size is 832 bytes, using 'standard' format.
[    0.000000] BIOS-provided physical RAM map:
[    0.000000] BIOS-e820: [mem 0x0000000000000000-0x000000000009fbff] usable
[    0.000000] BIOS-e820: [mem 0x000000000009fc00-0x000000000009ffff] reserved
[    0.000000] BIOS-e820: [mem 0x00000000000f0000-0x00000000000fffff] reserved
[    0.000000] BIOS-e820: [mem 0x0000000000100000-0x000000007ffeffff] usable
[    0.000000] BIOS-e820: [mem 0x000000007fff0000-0x000000007fffffff] ACPI data
[    0.000000] BIOS-e820: [mem 0x00000000fec00000-0x00000000fec00fff] reserved
[    0.000000] BIOS-e820: [mem 0x00000000fee00000-0x00000000fee00fff] reserved
[    0.000000] BIOS-e820: [mem 0x00000000fffc0000-0x00000000ffffffff] reserved
[    0.000000] NX (Execute Disable) protection: active
[    0.000000] SMBIOS 2.5 present.
[    0.000000] DMI: innotek GmbH VirtualBox/VirtualBox, BIOS VirtualBox 12/01/2006
[    0.000000] Hypervisor detected: KVM
[    0.000000] kvm-clock: Using msrs 4b564d01 and 4b564d00
[    0.000000] kvm-clock: cpu 0, msr 4de01001, primary cpu clock
[    0.000000] kvm-clock: using sched offset of 4444247360 cycles
[    0.000003] clocksource: kvm-clock: mask: 0xffffffffffffffff max_cycles: 0x1cd42e4dffb, max_idle_ns: 881590591483 ns
[    0.000006] tsc: Detected 2100.000 MHz processor
[    0.001868] e820: update [mem 0x00000000-0x00000fff] usable ==> reserved
[    0.001870] e820: remove [mem 0x000a0000-0x000fffff] usable
[    0.001874] last_pfn = 0x7fff0 max_arch_pfn = 0x400000000
[    0.001941] MTRR default type: uncachable
[    0.001942] MTRR fixed ranges enabled:
[    0.001943]   00000-9FFFF write-back
[    0.001944]   A0000-BFFFF uncachable
[    0.001945]   C0000-FFFFF write-protect
[    0.001945] MTRR variable ranges enabled:
[    0.001947]   0 base 000000000000 mask 3FFF80000000 write-back
[    0.001947]   1 disabled
[    0.001948]   2 disabled
[    0.001948]   3 disabled
[    0.001948]   4 disabled
[    0.001949]   5 disabled
[    0.001949]   6 disabled
[    0.001950]   7 disabled
[    0.001950]   8 disabled
[    0.001950]   9 disabled
[    0.001951]   10 disabled
[    0.001951]   11 disabled
[    0.001952]   12 disabled
[    0.001952]   13 disabled
[    0.001953]   14 disabled
[    0.001953]   15 disabled
[    0.001971] x86/PAT: Configuration [0-7]: WB  WC  UC- UC  WB  WP  UC- WT  
[    0.002104] found SMP MP-table at [mem 0x0009fff0-0x0009ffff]
[    0.091889] check: Scanning 1 areas for low memory corruption
[    0.092043] RAMDISK: [mem 0x32271000-0x3512ffff]
[    0.092051] ACPI: Early table checksum verification disabled
[    0.092056] ACPI: RSDP 0x00000000000E0000 000024 (v02 VBOX  )
[    0.092060] ACPI: XSDT 0x000000007FFF0030 00003C (v01 VBOX   VBOXXSDT 00000001 ASL  00000061)
[    0.092067] ACPI: FACP 0x000000007FFF00F0 0000F4 (v04 VBOX   VBOXFACP 00000001 ASL  00000061)
[    0.092074] ACPI: DSDT 0x000000007FFF02E0 002353 (v02 VBOX   VBOXBIOS 00000002 VBOX 00029BF3)
[    0.092078] ACPI: FACS 0x000000007FFF0200 000040
[    0.092081] ACPI: FACS 0x000000007FFF0200 000040
[    0.092084] ACPI: APIC 0x000000007FFF0240 000054 (v02 VBOX   VBOXAPIC 00000001 ASL  00000061)
[    0.092088] ACPI: SSDT 0x000000007FFF02A0 000038 (v01 VBOX   VBOXCPUT 00000002 VBOX 00029BF3)
[    0.092091] ACPI: Reserving FACP table memory at [mem 0x7fff00f0-0x7fff01e3]
[    0.092092] ACPI: Reserving DSDT table memory at [mem 0x7fff02e0-0x7fff2632]
[    0.092093] ACPI: Reserving FACS table memory at [mem 0x7fff0200-0x7fff023f]
[    0.092093] ACPI: Reserving FACS table memory at [mem 0x7fff0200-0x7fff023f]
[    0.092094] ACPI: Reserving APIC table memory at [mem 0x7fff0240-0x7fff0293]
[    0.092095] ACPI: Reserving SSDT table memory at [mem 0x7fff02a0-0x7fff02d7]
[    0.092109] ACPI: Local APIC address 0xfee00000
[    0.092292] No NUMA configuration found
[    0.092293] Faking a node at [mem 0x0000000000000000-0x000000007ffeffff]
[    0.092303] NODE_DATA(0) allocated [mem 0x7ffc5000-0x7ffeffff]
[    0.092563] Zone ranges:
[    0.092564]   DMA      [mem 0x0000000000001000-0x0000000000ffffff]
[    0.092566]   DMA32    [mem 0x0000000001000000-0x000000007ffeffff]
[    0.092566]   Normal   empty
[    0.092567]   Device   empty
[    0.092568] Movable zone start for each node
[    0.092570] Early memory node ranges
[    0.092571]   node   0: [mem 0x0000000000001000-0x000000000009efff]
[    0.092571]   node   0: [mem 0x0000000000100000-0x000000007ffeffff]
[    0.092574] Zeroed struct page in unavailable ranges: 114 pages
[    0.092575] Initmem setup node 0 [mem 0x0000000000001000-0x000000007ffeffff]
[    0.092576] On node 0 totalpages: 524174
[    0.092577]   DMA zone: 64 pages used for memmap
[    0.092578]   DMA zone: 21 pages reserved
[    0.092579]   DMA zone: 3998 pages, LIFO batch:0
[    0.092650]   DMA32 zone: 8128 pages used for memmap
[    0.092651]   DMA32 zone: 520176 pages, LIFO batch:63
[    0.101549] ACPI: PM-Timer IO Port: 0x4008
[    0.101552] ACPI: Local APIC address 0xfee00000
[    0.101621] IOAPIC[0]: apic_id 1, version 32, address 0xfec00000, GSI 0-23
[    0.101624] ACPI: INT_SRC_OVR (bus 0 bus_irq 0 global_irq 2 dfl dfl)
[    0.101626] ACPI: INT_SRC_OVR (bus 0 bus_irq 9 global_irq 9 low level)
[    0.101628] ACPI: IRQ0 used by override.
[    0.101629] ACPI: IRQ9 used by override.
[    0.101632] Using ACPI (MADT) for SMP configuration information
[    0.101638] smpboot: Allowing 1 CPUs, 0 hotplug CPUs
[    0.101660] PM: Registered nosave memory: [mem 0x00000000-0x00000fff]
[    0.101661] PM: Registered nosave memory: [mem 0x0009f000-0x0009ffff]
[    0.101662] PM: Registered nosave memory: [mem 0x000a0000-0x000effff]
[    0.101662] PM: Registered nosave memory: [mem 0x000f0000-0x000fffff]
[    0.101664] [mem 0x80000000-0xfebfffff] available for PCI devices
[    0.101665] Booting paravirtualized kernel on KVM
[    0.101668] clocksource: refined-jiffies: mask: 0xffffffff max_cycles: 0xffffffff, max_idle_ns: 7645519600211568 ns
[    0.101673] setup_percpu: NR_CPUS:8192 nr_cpumask_bits:1 nr_cpu_ids:1 nr_node_ids:1
[    0.102696] percpu: Embedded 60 pages/cpu s208896 r8192 d28672 u2097152
[    0.102701] pcpu-alloc: s208896 r8192 d28672 u2097152 alloc=1*2097152
[    0.102702] pcpu-alloc: [0] 0 
[    0.102728] Built 1 zonelists, mobility grouping on.  Total pages: 515961
[    0.102729] Policy zone: DMA32
[    0.102730] Kernel command line: BOOT_IMAGE=/boot/vmlinuz-5.4.243-mptcp root=UUID=98415a12-53b7-4144-8265-0f7ece09e445 ro quiet splash
[    0.103607] Dentry cache hash table entries: 262144 (order: 9, 2097152 bytes, linear)
[    0.103754] Inode-cache hash table entries: 131072 (order: 8, 1048576 bytes, linear)
[    0.103804] mem auto-init: stack:off, heap alloc:on, heap free:off
[    0.103807] Calgary: detecting Calgary via BIOS EBDA area
[    0.103808] Calgary: Unable to locate Rio Grande table in EBDA - bailing!
[    0.107916] Memory: 1967332K/2096696K available (14339K kernel code, 2398K rwdata, 4712K rodata, 2728K init, 17260K bss, 129364K reserved, 0K cma-reserved)
[    0.108854] SLUB: HWalign=64, Order=0-3, MinObjects=0, CPUs=1, Nodes=1
[    0.108870] ftrace: allocating 43186 entries in 169 pages
[    0.126951] rcu: Hierarchical RCU implementation.
[    0.126953] rcu: 	RCU restricting CPUs from NR_CPUS=8192 to nr_cpu_ids=1.
[    0.126954] 	Tasks RCU enabled.
[    0.126955] rcu: RCU calculated value of scheduler-enlistment delay is 25 jiffies.
[    0.126956] rcu: Adjusting geometry for rcu_fanout_leaf=16, nr_cpu_ids=1
[    0.129919] NR_IRQS: 524544, nr_irqs: 256, preallocated irqs: 16
[    0.130131] random: crng init done
[    0.139484] Console: colour VGA+ 80x25
[    0.139488] printk: console [tty0] enabled
[    0.139506] ACPI: Core revision 20190816
[    0.139600] APIC: Switch to symmetric I/O mode setup
[    0.139845] x2apic enabled
[    0.140082] Switched APIC routing to physical x2apic.
[    0.141194] ..TIMER: vector=0x30 apic1=0 pin1=2 apic2=-1 pin2=-1
[    0.141218] clocksource: tsc-early: mask: 0xffffffffffffffff max_cycles: 0x1e4530a99b6, max_idle_ns: 440795257976 ns
[    0.141223] Calibrating delay loop (skipped) preset value.. 4200.00 BogoMIPS (lpj=8400000)
[    0.141225] pid_max: default: 32768 minimum: 301
[    0.141253] LSM: Security Framework initializing
[    0.141262] Yama: becoming mindful.
[    0.141288] AppArmor: AppArmor initialized
[    0.141323] Mount-cache hash table entries: 4096 (order: 3, 32768 bytes, linear)
[    0.141327] Mountpoint-cache hash table entries: 4096 (order: 3, 32768 bytes, linear)
[    0.141338] *** VALIDATE tmpfs ***
[    0.141473] *** VALIDATE proc ***
[    0.141513] *** VALIDATE cgroup1 ***
[    0.141515] *** VALIDATE cgroup2 ***
[    0.141655] process: using mwait in idle threads
[    0.141659] Last level iTLB entries: 4KB 64, 2MB 8, 4MB 8
[    0.141660] Last level dTLB entries: 4KB 64, 2MB 0, 4MB 0, 1GB 4
[    0.141681] Spectre V1 : Mitigation: usercopy/swapgs barriers and __user pointer sanitization
[    0.141686] Spectre V2 : Mitigation: Retpolines
[    0.141687] Spectre V2 : Spectre v2 / SpectreRSB mitigation: Filling RSB on context switch
[    0.141688] Spectre V2 : Spectre v2 / SpectreRSB : Filling RSB on VMEXIT
[    0.141688] RETBleed: WARNING: Spectre v2 mitigation leaves CPU vulnerable to RETBleed attacks, data leaks possible!
[    0.142043] RETBleed: Vulnerable
[    0.142043] Speculative Store Bypass: Vulnerable
[    0.142048] TAA: Mitigation: TSX disabled
[    0.142048] MMIO Stale Data: Mitigation: Clear CPU buffers
[    0.146236] Freeing SMP alternatives memory: 40K
[    0.258266] smpboot: CPU0: Intel(R) Xeon(R) Silver 4216 CPU @ 2.10GHz (family: 0x6, model: 0x55, stepping: 0x7)
[    0.258385] Performance Events: unsupported p6 CPU model 85 no PMU driver, software events only.
[    0.258421] rcu: Hierarchical SRCU implementation.
[    0.258894] NMI watchdog: Perf NMI watchdog permanently disabled
[    0.258932] smp: Bringing up secondary CPUs ...
[    0.258933] smp: Brought up 1 node, 1 CPU
[    0.258934] smpboot: Max logical packages: 1
[    0.258935] smpboot: Total of 1 processors activated (4200.00 BogoMIPS)
[    0.259917] devtmpfs: initialized
[    0.259964] x86/mm: Memory block size: 128MB
[    0.260346] clocksource: jiffies: mask: 0xffffffff max_cycles: 0xffffffff, max_idle_ns: 7645041785100000 ns
[    0.260352] futex hash table entries: 256 (order: 2, 16384 bytes, linear)
[    0.260396] pinctrl core: initialized pinctrl subsystem
[    0.260497] PM: RTC time: 17:44:48, date: 2026-01-13
[    0.260605] NET: Registered protocol family 16
[    0.260678] audit: initializing netlink subsys (disabled)
[    0.260804] EISA bus registered
[    0.260806] cpuidle: using governor ladder
[    0.260806] cpuidle: using governor menu
[    0.260842] ACPI: bus type PCI registered
[    0.260844] acpiphp: ACPI Hot Plug PCI Controller Driver version: 0.5
[    0.260946] PCI: Using configuration type 1 for base access
[    0.261655] audit: type=2000 audit(1768297494.784:1): state=initialized audit_enabled=0 res=1
[    0.261732] HugeTLB registered 2.00 MiB page size, pre-allocated 0 pages
[    0.262542] ACPI: Added _OSI(Module Device)
[    0.262543] ACPI: Added _OSI(Processor Device)
[    0.262544] ACPI: Added _OSI(3.0 _SCP Extensions)
[    0.262544] ACPI: Added _OSI(Processor Aggregator Device)
[    0.262545] ACPI: Added _OSI(Linux-Dell-Video)
[    0.262546] ACPI: Added _OSI(Linux-Lenovo-NV-HDMI-Audio)
[    0.262547] ACPI: Added _OSI(Linux-HPI-Hybrid-Graphics)
[    0.264509] ACPI: 2 ACPI AML tables successfully acquired and loaded
[    0.266001] ACPI: Interpreter enabled
[    0.266010] ACPI: (supports S0 S5)
[    0.266011] ACPI: Using IOAPIC for interrupt routing
[    0.266217] PCI: Using host bridge windows from ACPI; if necessary, use "pci=nocrs" and report a bug
[    0.266322] ACPI: Enabled 2 GPEs in block 00 to 07
[    0.271127] ACPI: PCI Root Bridge [PCI0] (domain 0000 [bus 00-ff])
[    0.271132] acpi PNP0A03:00: _OSC: OS supports [ASPM ClockPM Segments MSI HPX-Type3]
[    0.271589] acpi PNP0A03:00: _OSC: not requesting OS control; OS requires [ExtendedConfig ASPM ClockPM MSI]
[    0.271597] acpi PNP0A03:00: fail to add MMCONFIG information, can't access extended PCI configuration space under this bridge.
[    0.271966] PCI host bridge to bus 0000:00
[    0.271968] pci_bus 0000:00: root bus resource [io  0x0000-0x0cf7 window]
[    0.271969] pci_bus 0000:00: root bus resource [io  0x0d00-0xffff window]
[    0.271970] pci_bus 0000:00: root bus resource [mem 0x000a0000-0x000bffff window]
[    0.271971] pci_bus 0000:00: root bus resource [mem 0x80000000-0xfdffffff window]
[    0.271973] pci_bus 0000:00: root bus resource [bus 00-ff]
[    0.272012] pci 0000:00:00.0: [8086:1237] type 00 class 0x060000
[    0.272939] pci 0000:00:01.0: [8086:7000] type 00 class 0x060100
[    0.273724] pci 0000:00:01.1: [8086:7111] type 00 class 0x01018a
[    0.274095] pci 0000:00:01.1: reg 0x20: [io  0xd000-0xd00f]
[    0.274244] pci 0000:00:01.1: legacy IDE quirk: reg 0x10: [io  0x01f0-0x01f7]
[    0.274245] pci 0000:00:01.1: legacy IDE quirk: reg 0x14: [io  0x03f6]
[    0.274246] pci 0000:00:01.1: legacy IDE quirk: reg 0x18: [io  0x0170-0x0177]
[    0.274247] pci 0000:00:01.1: legacy IDE quirk: reg 0x1c: [io  0x0376]
[    0.274779] pci 0000:00:02.0: [15ad:0405] type 00 class 0x030000
[    0.277298] pci 0000:00:02.0: reg 0x10: [io  0xd010-0xd01f]
[    0.281266] pci 0000:00:02.0: reg 0x14: [mem 0xe0000000-0xe7ffffff pref]
[    0.283854] pci 0000:00:02.0: reg 0x18: [mem 0xf0000000-0xf01fffff]
[    0.293967] pci 0000:00:03.0: [1022:2000] type 00 class 0x020000
[    0.294641] pci 0000:00:03.0: reg 0x10: [io  0xd020-0xd03f]
[    0.295263] pci 0000:00:03.0: reg 0x14: [mem 0xf0200000-0xf0200fff]
[    0.299192] pci 0000:00:04.0: [80ee:cafe] type 00 class 0x088000
[    0.299869] pci 0000:00:04.0: reg 0x10: [io  0xd040-0xd05f]
[    0.300478] pci 0000:00:04.0: reg 0x14: [mem 0xf0400000-0xf07fffff]
[    0.301087] pci 0000:00:04.0: reg 0x18: [mem 0xf0800000-0xf0803fff pref]
[    0.304242] pci 0000:00:07.0: [8086:7113] type 00 class 0x068000
[    0.304779] pci 0000:00:07.0: quirk: [io  0x4000-0x403f] claimed by PIIX4 ACPI
[    0.304789] pci 0000:00:07.0: quirk: [io  0x4100-0x410f] claimed by PIIX4 SMB
[    0.305258] pci 0000:00:08.0: [1022:2000] type 00 class 0x020000
[    0.305919] pci 0000:00:08.0: reg 0x10: [io  0xd060-0xd07f]
[    0.306526] pci 0000:00:08.0: reg 0x14: [mem 0xf0804000-0xf0804fff]
[    0.310602] pci 0000:00:09.0: [8086:100e] type 00 class 0x020000
[    0.311301] pci 0000:00:09.0: reg 0x10: [mem 0xf0820000-0xf083ffff]
[    0.312518] pci 0000:00:09.0: reg 0x18: [io  0xd080-0xd087]
[    0.322202] ACPI: PCI Interrupt Link [LNKA] (IRQs 5 9 10 *11)
[    0.322494] ACPI: PCI Interrupt Link [LNKB] (IRQs 5 9 *10 11)
[    0.322593] ACPI: PCI Interrupt Link [LNKC] (IRQs 5 *9 10 11)
[    0.322696] ACPI: PCI Interrupt Link [LNKD] (IRQs 5 9 10 *11)
[    0.322941] iommu: Default domain type: Translated 
[    0.323001] pci 0000:00:02.0: vgaarb: setting as boot VGA device
[    0.323003] pci 0000:00:02.0: vgaarb: VGA device added: decodes=io+mem,owns=io+mem,locks=none
[    0.323005] pci 0000:00:02.0: vgaarb: bridge control possible
[    0.323005] vgaarb: loaded
[    0.323215] SCSI subsystem initialized
[    0.323245] libata version 3.00 loaded.
[    0.323270] ACPI: bus type USB registered
[    0.323286] usbcore: registered new interface driver usbfs
[    0.323291] usbcore: registered new interface driver hub
[    0.323297] usbcore: registered new device driver usb
[    0.323323] pps_core: LinuxPPS API ver. 1 registered
[    0.323324] pps_core: Software ver. 5.3.6 - Copyright 2005-2007 Rodolfo Giometti <giometti@linux.it>
[    0.323326] PTP clock support registered
[    0.323359] EDAC MC: Ver: 3.0.0
[    0.323641] PCI: Using ACPI for IRQ routing
[    0.323643] PCI: pci_cache_line_size set to 64 bytes
[    0.325380] e820: reserve RAM buffer [mem 0x0009fc00-0x0009ffff]
[    0.325383] e820: reserve RAM buffer [mem 0x7fff0000-0x7fffffff]
[    0.326183] NetLabel: Initializing
[    0.326183] NetLabel:  domain hash size = 128
[    0.326184] NetLabel:  protocols = UNLABELED CIPSOv4 CALIPSO
[    0.326203] NetLabel:  unlabeled traffic allowed by default
[    0.327097] clocksource: Switched to clocksource kvm-clock
[    0.339520] *** VALIDATE bpf ***
[    0.339579] VFS: Disk quotas dquot_6.6.0
[    0.339591] VFS: Dquot-cache hash table entries: 512 (order 0, 4096 bytes)
[    0.339613] *** VALIDATE ramfs ***
[    0.339616] *** VALIDATE hugetlbfs ***
[    0.339695] AppArmor: AppArmor Filesystem Enabled
[    0.339718] pnp: PnP ACPI init
[    0.339778] pnp 00:00: Plug and Play ACPI device, IDs PNP0303 (active)
[    0.339840] pnp 00:01: Plug and Play ACPI device, IDs PNP0f03 (active)
[    0.340565] pnp: PnP ACPI: found 2 devices
[    0.341518] thermal_sys: Registered thermal governor 'fair_share'
[    0.341519] thermal_sys: Registered thermal governor 'bang_bang'
[    0.341520] thermal_sys: Registered thermal governor 'step_wise'
[    0.341520] thermal_sys: Registered thermal governor 'user_space'
[    0.341521] thermal_sys: Registered thermal governor 'power_allocator'
[    0.346032] clocksource: acpi_pm: mask: 0xffffff max_cycles: 0xffffff, max_idle_ns: 2085701024 ns
[    0.346071] pci_bus 0000:00: resource 4 [io  0x0000-0x0cf7 window]
[    0.346072] pci_bus 0000:00: resource 5 [io  0x0d00-0xffff window]
[    0.346073] pci_bus 0000:00: resource 6 [mem 0x000a0000-0x000bffff window]
[    0.346074] pci_bus 0000:00: resource 7 [mem 0x80000000-0xfdffffff window]
[    0.346131] NET: Registered protocol family 2
[    0.346204] IP idents hash table entries: 32768 (order: 6, 262144 bytes, linear)
[    0.346599] MPTCP tokens hash table entries: 8192 (order: 4, 65536 bytes, linear)
[    0.346619] MPTCP request tokens hash table entries: 8192 (order: 4, 65536 bytes, linear)
[    0.346644] default registered
[    0.346644] default registered
[    0.346645] MPTCP: Stable release v0.96
[    0.346650] tcp_listen_portaddr_hash hash table entries: 1024 (order: 2, 16384 bytes, linear)
[    0.346730] TCP established hash table entries: 16384 (order: 5, 131072 bytes, linear)
[    0.346790] TCP bind hash table entries: 16384 (order: 6, 262144 bytes, linear)
[    0.346816] TCP: Hash tables configured (established 16384 bind 16384)
[    0.347539] UDP hash table entries: 1024 (order: 3, 32768 bytes, linear)
[    0.347550] UDP-Lite hash table entries: 1024 (order: 3, 32768 bytes, linear)
[    0.347585] NET: Registered protocol family 1
[    0.347593] NET: Registered protocol family 44
[    0.347612] pci 0000:00:00.0: Limiting direct PCI/PCI transfers
[    0.347627] pci 0000:00:01.0: Activating ISA DMA hang workarounds
[    0.347680] pci 0000:00:02.0: Video device with shadowed ROM at [mem 0x000c0000-0x000dffff]
[    0.347743] PCI: CLS 0 bytes, default 64
[    0.347790] Trying to unpack rootfs image as initramfs...
[    0.519274] Freeing initrd memory: 47868K
[    0.519274] clocksource: tsc: mask: 0xffffffffffffffff max_cycles: 0x1e4530a99b6, max_idle_ns: 440795257976 ns
[    0.519274] clocksource: Switched to clocksource tsc
[    0.519274] platform rtc_cmos: registered platform RTC device (no PNP device found)
[    0.519274] check: Scanning for low memory corruption every 60 seconds
[    0.519274] Initialise system trusted keyrings
[    0.519274] Key type blacklist registered
[    0.519274] workingset: timestamp_bits=36 max_order=19 bucket_order=0
[    0.519274] zbud: loaded
[    0.519274] squashfs: version 4.0 (2009/01/31) Phillip Lougher
[    0.519274] fuse: init (API version 7.31)
[    0.519274] *** VALIDATE fuse ***
[    0.519274] *** VALIDATE fuse ***
[    0.519274] Platform Keyring initialized
[    0.531553] Key type asymmetric registered
[    0.531554] Asymmetric key parser 'x509' registered
[    0.531565] Block layer SCSI generic (bsg) driver version 0.4 loaded (major 244)
[    0.531604] io scheduler mq-deadline registered
[    0.531729] shpchp: Standard Hot Plug PCI Controller Driver version: 0.4
[    0.531947] ACPI: AC Adapter [AC] (on-line)
[    0.531992] input: Power Button as /devices/LNXSYSTM:00/LNXPWRBN:00/input/input0
[    0.532022] ACPI: Power Button [PWRF]
[    0.532100] input: Sleep Button as /devices/LNXSYSTM:00/LNXSLPBN:00/input/input1
[    0.532115] ACPI: Sleep Button [SLPF]
[    0.532345] Serial: 8250/16550 driver, 32 ports, IRQ sharing enabled
[    0.533490] Linux agpgart interface v0.103
[    0.627131] loop: module loaded
[    0.627283] ata_piix 0000:00:01.1: version 2.13
[    0.627692] scsi host0: ata_piix
[    0.627783] scsi host1: ata_piix
[    0.627810] ata1: PATA max UDMA/33 cmd 0x1f0 ctl 0x3f6 bmdma 0xd000 irq 14
[    0.627810] ata2: PATA max UDMA/33 cmd 0x170 ctl 0x376 bmdma 0xd008 irq 15
[    0.627895] tun: Universal TUN/TAP device driver, 1.6
[    0.628204] PPP generic driver version 2.4.2
[    0.628246] VFIO - User Level meta-driver version: 0.3
[    0.628481] ehci_hcd: USB 2.0 'Enhanced' Host Controller (EHCI) Driver
[    0.628486] ehci-pci: EHCI PCI platform driver
[    0.628503] ehci-platform: EHCI generic platform driver
[    0.628509] ohci_hcd: USB 1.1 'Open' Host Controller (OHCI) Driver
[    0.628510] ohci-pci: OHCI PCI platform driver
[    0.628517] ohci-platform: OHCI generic platform driver
[    0.628522] uhci_hcd: USB Universal Host Controller Interface driver
[    0.628589] i8042: PNP: PS/2 Controller [PNP0303:PS2K,PNP0f03:PS2M] at 0x60,0x64 irq 1,12
[    0.629027] serio: i8042 KBD port at 0x60,0x64 irq 1
[    0.629031] serio: i8042 AUX port at 0x60,0x64 irq 12
[    0.629116] mousedev: PS/2 mouse device common for all mice
[    0.629369] input: AT Translated Set 2 keyboard as /devices/platform/i8042/serio0/input/input2
[    0.629767] rtc_cmos rtc_cmos: registered as rtc0
[    0.629781] rtc_cmos rtc_cmos: alarms up to one day, 114 bytes nvram
[    0.629786] i2c /dev entries driver
[    0.629830] device-mapper: uevent: version 1.0.3
[    0.629873] device-mapper: ioctl: 4.41.0-ioctl (2019-09-16) initialised: dm-devel@redhat.com
[    0.629888] platform eisa.0: Probing EISA bus 0
[    0.629890] platform eisa.0: EISA: Cannot allocate resource for mainboard
[    0.629891] platform eisa.0: Cannot allocate resource for EISA slot 1
[    0.629893] platform eisa.0: Cannot allocate resource for EISA slot 2
[    0.629894] platform eisa.0: Cannot allocate resource for EISA slot 3
[    0.629895] platform eisa.0: Cannot allocate resource for EISA slot 4
[    0.629896] platform eisa.0: Cannot allocate resource for EISA slot 5
[    0.629897] platform eisa.0: Cannot allocate resource for EISA slot 6
[    0.629897] platform eisa.0: Cannot allocate resource for EISA slot 7
[    0.629898] platform eisa.0: Cannot allocate resource for EISA slot 8
[    0.629899] platform eisa.0: EISA: Detected 0 cards
[    0.629902] intel_pstate: CPU model not supported
[    0.629911] ledtrig-cpu: registered to indicate activity on CPUs
[    0.629964] drop_monitor: Initializing network drop monitor service
[    0.630142] NET: Registered protocol family 10
[    0.635263] Segment Routing with IPv6
[    0.635263] fullmesh registered
[    0.635263] ndiffports registered
[    0.635263] binder registered
[    0.635263] roundrobin registered
[    0.635263] redundant registered
[    0.635263] blest registered
[    0.635263] ecf registered
[    0.635263] NET: Registered protocol family 17
[    0.635263] Key type dns_resolver registered
[    0.635263] RAS: Correctable Errors collector initialized.
[    0.635263] IPI shorthand broadcast: enabled
[    0.635263] sched_clock: Marking stable (620164749, 11098887)->(632278969, -1015333)
[    0.635536] registered taskstats version 1
[    0.635545] Loading compiled-in X.509 certificates
[    0.636132] Loaded X.509 cert 'Build time autogenerated kernel key: 6909f3744cebb3d0de528d5887b96a727de79b1e'
[    0.636149] zswap: loaded using pool lzo/zbud
[    0.636202] Key type ._fscrypt registered
[    0.636203] Key type .fscrypt registered
[    0.640676] Key type big_key registered
[    0.642878] Key type encrypted registered
[    0.642880] AppArmor: AppArmor sha1 policy hashing enabled
[    0.642888] ima: No TPM chip found, activating TPM-bypass!
[    0.642892] ima: Allocated hash algorithm: sha1
[    0.642897] ima: No architecture policies found
[    0.642907] evm: Initialising EVM extended attributes:
[    0.642907] evm: security.selinux
[    0.642908] evm: security.SMACK64
[    0.642908] evm: security.SMACK64EXEC
[    0.642908] evm: security.SMACK64TRANSMUTE
[    0.642909] evm: security.SMACK64MMAP
[    0.642909] evm: security.apparmor
[    0.642910] evm: security.ima
[    0.642910] evm: security.capability
[    0.642911] evm: HMAC attrs: 0x1
[    0.643205] PM:   Magic number: 10:433:744
[    0.643324] rtc_cmos rtc_cmos: setting system clock to 2026-01-13T17:44:49 UTC (1768326289)
[    0.800228] ata1.00: ATA-6: VBOX HARDDISK, 1.0, max UDMA/133
[    0.800232] ata1.00: 209715200 sectors, multi 128: LBA 
[    0.800890] scsi 0:0:0:0: Direct-Access     ATA      VBOX HARDDISK    1.0  PQ: 0 ANSI: 5
[    0.801178] sd 0:0:0:0: [sda] 209715200 512-byte logical blocks: (107 GB/100 GiB)
[    0.801191] sd 0:0:0:0: [sda] Write Protect is off
[    0.801194] sd 0:0:0:0: [sda] Mode Sense: 00 3a 00 00
[    0.801214] sd 0:0:0:0: [sda] Write cache: enabled, read cache: enabled, doesn't support DPO or FUA
[    0.801453] sd 0:0:0:0: Attached scsi generic sg0 type 0
[    0.802516]  sda: sda1 sda2
[    0.811419] sd 0:0:0:0: [sda] Attached SCSI disk
[    0.816629] Freeing unused decrypted memory: 2040K
[    0.817939] Freeing unused kernel image memory: 2728K
[    0.817943] Write protecting the kernel read-only data: 22528k
[    0.819431] Freeing unused kernel image memory: 2036K
[    0.820214] Freeing unused kernel image memory: 1432K
[    0.856221] x86/mm: Checked W+X mappings: passed, no W+X pages found.
[    0.856225] Run /init as init process
[    0.963722] ACPI: Video Device [GFX0] (multi-head: yes  rom: no  post: no)
[    0.963793] input: Video Bus as /devices/LNXSYSTM:00/LNXSYBUS:00/PNP0A03:00/LNXVIDEO:00/input/input4
[    0.974810] pcnet32: pcnet32.c:v1.35 21.Apr.2008 tsbogend@alpha.franken.de
[    0.976416] piix4_smbus 0000:00:07.0: SMBus Host Controller at 0x4100, revision 0
[    0.980307] pcnet32: PCnet/FAST III 79C973 at 0xd020, 08:00:27:bd:1e:a6 assigned IRQ 19
[    0.980350] pcnet32: Found PHY 0022:561b at address 0
[    0.980646] pcnet32: eth0: registered as PCnet/FAST III 79C973
[    0.983157] e1000: Intel(R) PRO/1000 Network Driver - version 7.3.21-k8-NAPI
[    0.983158] e1000: Copyright (c) 1999-2006 Intel Corporation.
[    0.993615] pcnet32: PCnet/FAST III 79C973 at 0xd060, 08:00:27:a1:9a:fa assigned IRQ 16
[    0.993659] pcnet32: Found PHY 0022:561b at address 0
[    0.993963] pcnet32: eth1: registered as PCnet/FAST III 79C973
[    0.993983] pcnet32: 2 cards_found
[    1.050137] pcnet32 0000:00:03.0 enp0s3: renamed from eth0
[    1.051727] pcnet32 0000:00:08.0 enp0s8: renamed from eth1
[    1.199745] input: ImExPS/2 Generic Explorer Mouse as /devices/platform/i8042/serio1/input/input5
[    1.391351] e1000 0000:00:09.0 eth0: (PCI:33MHz:32-bit) 08:00:27:2f:97:b1
[    1.391355] e1000 0000:00:09.0 eth0: Intel(R) PRO/1000 Network Connection
[    1.392437] e1000 0000:00:09.0 enp0s9: renamed from eth0
[    1.541740] EXT4-fs (sda2): mounted filesystem with ordered data mode. Opts: (null)
[    1.634130] systemd[1]: Inserted module 'autofs4'
[    1.647046] systemd[1]: systemd 245.4-4ubuntu3 running in system mode. (+PAM +AUDIT +SELINUX +IMA +APPARMOR +SMACK +SYSVINIT +UTMP +LIBCRYPTSETUP +GCRYPT +GNUTLS +ACL +XZ +LZ4 +SECCOMP +BLKID +ELFUTILS +KMOD +IDN2 -IDN +PCRE2 default-hierarchy=hybrid)
[    1.647077] systemd[1]: Detected virtualization oracle.
[    1.647080] systemd[1]: Detected architecture x86-64.
[    1.648420] systemd[1]: Set hostname to <ztg>.
[    1.773184] systemd[1]: /lib/systemd/system/dbus.socket:5: ListenStream= references a path below legacy directory /var/run/, updating /var/run/dbus/system_bus_socket â†’ /run/dbus/system_bus_socket; please update the unit file accordingly.
[    1.827935] systemd[1]: Created slice system-modprobe.slice.
[    1.828116] systemd[1]: Created slice User and Session Slice.
[    1.828157] systemd[1]: Started Forward Password Requests to Wall Directory Watch.
[    1.828305] systemd[1]: Set up automount Arbitrary Executable File Formats File System Automount Point.
[    1.828337] systemd[1]: Reached target User and Group Name Lookups.
[    1.828345] systemd[1]: Reached target Remote File Systems.
[    1.828353] systemd[1]: Reached target Slices.
[    1.828911] systemd[1]: Listening on Syslog Socket.
[    1.828978] systemd[1]: Listening on fsck to fsckd communication Socket.
[    1.829014] systemd[1]: Listening on initctl Compatibility Named Pipe.
[    1.829143] systemd[1]: Listening on Journal Audit Socket.
[    1.829196] systemd[1]: Listening on Journal Socket (/dev/log).
[    1.829261] systemd[1]: Listening on Journal Socket.
[    1.829322] systemd[1]: Listening on udev Control Socket.
[    1.829360] systemd[1]: Listening on udev Kernel Socket.
[    1.830063] systemd[1]: Mounting Huge Pages File System...
[    1.830956] systemd[1]: Mounting POSIX Message Queue File System...
[    1.831799] systemd[1]: Mounting Kernel Debug File System...
[    1.832593] systemd[1]: Mounting Kernel Trace File System...
[    1.834482] systemd[1]: Starting Journal Service...
[    1.856666] systemd[1]: Starting Set the console keyboard layout...
[    1.864981] systemd[1]: Starting Create list of static device nodes for the current kernel...
[    1.866296] systemd[1]: Starting Load Kernel Module drm...
[    1.867387] systemd[1]: Condition check resulted in Set Up Additional Binary Formats being skipped.
[    1.867436] systemd[1]: Condition check resulted in File System Check on Root Device being skipped.
[    1.881079] systemd[1]: Starting Load Kernel Modules...
[    1.882306] systemd[1]: Starting Remount Root and Kernel File Systems...
[    1.894901] systemd[1]: Starting udev Coldplug all Devices...
[    1.904176] systemd[1]: Starting Uncomplicated firewall...
[    1.907037] systemd[1]: Mounted Huge Pages File System.
[    1.907118] systemd[1]: Mounted POSIX Message Queue File System.
[    1.911227] EXT4-fs (sda2): re-mounted. Opts: errors=remount-ro
[    1.931686] systemd[1]: Mounted Kernel Debug File System.
[    1.931765] systemd[1]: Mounted Kernel Trace File System.
[    1.933279] systemd[1]: Finished Create list of static device nodes for the current kernel.
[    1.933547] systemd[1]: modprobe@drm.service: Succeeded.
[    1.934384] systemd[1]: Finished Load Kernel Module drm.
[    1.940684] systemd[1]: Finished Remount Root and Kernel File Systems.
[    1.972539] systemd[1]: Finished Uncomplicated firewall.
[    1.973998] lp: driver loaded but no devices found
[    1.976071] systemd[1]: Condition check resulted in Rebuild Hardware Database being skipped.
[    1.976106] systemd[1]: Condition check resulted in Platform Persistent Storage Archival being skipped.
[    1.976722] systemd[1]: Starting Load/Save Random Seed...
[    1.983121] systemd[1]: Starting Create System Users...
[    1.989216] ppdev: user-space parallel port driver
[    1.993757] systemd[1]: Finished Load/Save Random Seed.
[    1.998620] systemd[1]: Finished Create System Users.
[    1.999339] systemd[1]: Starting Create Static Device Nodes in /dev...
[    2.038109] systemd[1]: Finished udev Coldplug all Devices.
[    2.043048] systemd[1]: Finished Create Static Device Nodes in /dev.
[    2.043831] systemd[1]: Starting udev Kernel Device Manager...
[    2.079738] [drm] DMA map mode: Caching DMA mappings.
[    2.079800] [drm] Capabilities:
[    2.079800] [drm]   Rect copy.
[    2.079800] [drm]   Cursor.
[    2.079801] [drm]   Cursor bypass.
[    2.079801] [drm]   Cursor bypass 2.
[    2.079801] [drm]   Alpha cursor.
[    2.079802] [drm]   Extended Fifo.
[    2.079802] [drm]   Pitchlock.
[    2.079802] [drm]   Irq mask.
[    2.079803] [drm]   GMR.
[    2.079803] [drm]   Traces.
[    2.079803] [drm]   GMR2.
[    2.079804] [drm]   Screen Object 2.
[    2.079804] [drm]   Command Buffers.
[    2.079804] [drm]   Command Buffers 2.
[    2.079805] [drm]   Guest Backed Resources.
[    2.079806] [drm] Max GMR ids is 8192
[    2.079806] [drm] Max number of GMR pages is 1048576
[    2.079807] [drm] Max dedicated hypervisor surface memory is 393216 kiB
[    2.079807] [drm] Maximum display memory size is 131072 kiB
[    2.079808] [drm] VRAM at 0xe0000000 size is 131072 kiB
[    2.079808] [drm] MMIO at 0xf0000000 size is 2048 kiB
[    2.084642] [TTM] Zone  kernel: Available graphics memory: 1011738 KiB
[    2.084643] [TTM] Initializing pool allocator
[    2.084646] [TTM] Initializing DMA pool allocator
[    2.084675] [drm] Supports vblank timestamp caching Rev 2 (21.10.2013).
[    2.084675] [drm] No driver support for vblank timestamp query.
[    2.084885] [drm] Screen Target Display device initialized
[    2.085095] [drm] width 720
[    2.085104] [drm] height 400
[    2.085107] [drm] bpp 32
[    2.085597] [drm] Fifo max 0x00200000 min 0x00001000 cap 0x00000355
[    2.086721] [drm] Using command buffers with DMA pool.
[    2.086726] [drm] DX: no.
[    2.086726] [drm] Atomic: yes.
[    2.086727] [drm] SM4_1: no.
[    2.086745] [drm:vmw_host_log [vmwgfx]] *ERROR* Failed to send host log message.
[    2.103511] [drm:vmw_host_log [vmwgfx]] *ERROR* Failed to send host log message.
[    2.116647] fbcon: svgadrmfb (fb0) is primary device
[    2.118760] Console: switching to colour frame buffer device 100x37
[    2.123806] systemd[1]: Finished Set the console keyboard layout.
[    2.123944] systemd[1]: Reached target Local File Systems (Pre).
[    2.126848] systemd[1]: Mounting Mount unit for bare, revision 5...
[    2.129791] systemd[1]: Mounting Mount unit for core18, revision 1705...
[    2.131704] [drm] Initialized vmwgfx 2.15.0 20180704 for 0000:00:02.0 on minor 0
[    2.138188] systemd[1]: Mounting Mount unit for gnome-3-34-1804, revision 24...
[    2.148422] systemd[1]: Mounting Mount unit for gtk-common-themes, revision 1506...
[    2.155826] systemd[1]: Mounting Mount unit for gtk-common-themes, revision 1535...
[    2.182974] systemd[1]: Mounting Mount unit for snap-store, revision 433...
[    2.185923] systemd[1]: Mounting Mount unit for snapd, revision 25935...
[    2.193668] systemd[1]: Finished Load Kernel Modules.
[    2.197029] systemd[1]: Mounting FUSE Control File System...
[    2.202203] systemd[1]: Mounting Kernel Configuration File System...
[    2.206555] systemd[1]: Starting Apply Kernel Variables...
[    2.225104] systemd[1]: Mounted Mount unit for bare, revision 5.
[    2.225194] systemd[1]: Mounted FUSE Control File System.
[    2.225245] systemd[1]: Condition check resulted in VMware vmblock fuse mount being skipped.
[    2.241557] systemd[1]: Mounted Mount unit for core18, revision 1705.
[    2.241644] systemd[1]: Mounted Mount unit for gnome-3-34-1804, revision 24.
[    2.241718] systemd[1]: Mounted Mount unit for gtk-common-themes, revision 1506.
[    2.241789] systemd[1]: Mounted Kernel Configuration File System.
[    2.260002] systemd[1]: Finished Apply Kernel Variables.
[    2.276713] systemd[1]: Started udev Kernel Device Manager.
[    2.277420] systemd[1]: Starting Show Plymouth Boot Screen...
[    2.281348] systemd[1]: Received SIGRTMIN+20 from PID 288 (plymouthd).
[    2.300861] systemd[1]: Mounted Mount unit for gtk-common-themes, revision 1535.
[    2.322954] systemd[1]: Mounted Mount unit for snap-store, revision 433.
[    2.323101] systemd[1]: Started Show Plymouth Boot Screen.
[    2.323205] systemd[1]: Condition check resulted in Dispatch Password Requests to Console Directory Watch being skipped.
[    2.323285] systemd[1]: Started Forward Password Requests to Plymouth Directory Watch.
[    2.323313] systemd[1]: Reached target Local Encrypted Volumes.
[    2.325122] systemd[1]: Mounted Mount unit for snapd, revision 25935.
[    2.325303] systemd[1]: Reached target Local File Systems.
[    2.326014] systemd[1]: Starting Load AppArmor profiles...
[    2.328411] systemd[1]: Starting Set console font and keymap...
[    2.341228] systemd[1]: Starting Tell Plymouth To Write Out Runtime Data...
[    2.342661] systemd[1]: Condition check resulted in Store a System Token in an EFI Variable being skipped.
[    2.342725] systemd[1]: Condition check resulted in Commit a transient machine-id on disk being skipped.
[    2.345023] systemd[1]: Finished Set console font and keymap.
[    2.354224] systemd[1]: Received SIGRTMIN+20 from PID 288 (plymouthd).
[    2.355840] systemd[1]: plymouth-read-write.service: Succeeded.
[    2.356115] systemd[1]: Finished Tell Plymouth To Write Out Runtime Data.
[    2.381253] audit: type=1400 audit(1768326291.232:2): apparmor="STATUS" operation="profile_load" profile="unconfined" name="nvidia_modprobe" pid=301 comm="apparmor_parser"
[    2.381255] audit: type=1400 audit(1768326291.232:3): apparmor="STATUS" operation="profile_load" profile="unconfined" name="nvidia_modprobe//kmod" pid=301 comm="apparmor_parser"
[    2.387827] audit: type=1400 audit(1768326291.240:4): apparmor="STATUS" operation="profile_load" profile="unconfined" name="/usr/sbin/tcpdump" pid=302 comm="apparmor_parser"
[    2.432701] audit: type=1400 audit(1768326291.280:5): apparmor="STATUS" operation="profile_load" profile="unconfined" name="/usr/bin/evince" pid=304 comm="apparmor_parser"
[    2.432703] audit: type=1400 audit(1768326291.280:6): apparmor="STATUS" operation="profile_load" profile="unconfined" name="/usr/bin/evince//sanitized_helper" pid=304 comm="apparmor_parser"
[    2.432705] audit: type=1400 audit(1768326291.280:7): apparmor="STATUS" operation="profile_load" profile="unconfined" name="/usr/bin/evince-previewer" pid=304 comm="apparmor_parser"
[    2.432706] audit: type=1400 audit(1768326291.280:8): apparmor="STATUS" operation="profile_load" profile="unconfined" name="/usr/bin/evince-previewer//sanitized_helper" pid=304 comm="apparmor_parser"
[    2.432708] audit: type=1400 audit(1768326291.280:9): apparmor="STATUS" operation="profile_load" profile="unconfined" name="/usr/bin/evince-thumbnailer" pid=304 comm="apparmor_parser"
[    2.461734] audit: type=1400 audit(1768326291.316:10): apparmor="STATUS" operation="profile_load" profile="unconfined" name="/usr/lib/cups/backend/cups-pdf" pid=305 comm="apparmor_parser"
[    2.514011] systemd[1]: Finished Load AppArmor profiles.
[    2.514930] systemd[1]: Starting Load AppArmor profiles managed internally by snapd...
[    2.636898] systemd[1]: Finished Load AppArmor profiles managed internally by snapd.
[    2.799247] systemd[1]: Started Journal Service.
[    2.808119] systemd-journald[229]: Received client request to flush runtime journal.
[    2.811386] systemd-journald[229]: File /var/log/journal/c455b248004a419c87ce85eea238d727/system.journal corrupted or uncleanly shut down, renaming and replacing.
[    4.106448] RAPL PMU: API unit is 2^-32 Joules, 0 fixed counters, 10737418240 ms ovfl timer
[    4.132451] cryptd: max_cpu_qlen set to 1000
[    4.141751] AVX2 version of gcm_enc/dec engaged.
[    4.141752] AES CTR mode by8 optimization enabled
[    5.966427] Adding 1998844k swap on /dev/sda1.  Priority:-2 extents:1 across:1998844k FS
[    7.184504] kauditd_printk_skb: 30 callbacks suppressed
[    7.184506] audit: type=1400 audit(1768326296.036:41): apparmor="DENIED" operation="capable" profile="/usr/sbin/cups-browsed" pid=508 comm="cups-browsed" capability=23  capname="sys_nice"
[    8.402451] pcnet32 0000:00:03.0 enp0s3: link up, 100Mbps, full-duplex
[    8.432579] pcnet32 0000:00:08.0 enp0s8: link up, 100Mbps, full-duplex
[    8.473644] e1000: enp0s9 NIC Link is Up 1000 Mbps Full Duplex, Flow Control: RX
[    8.473938] IPv6: ADDRCONF(NETDEV_CHANGE): enp0s9: link becomes ready
[    9.068801] device enp0s8 entered promiscuous mode
[    9.074001] device enp0s3 entered promiscuous mode
[    9.124218] audit: type=1400 audit(1768326297.980:42): apparmor="DENIED" operation="open" profile="/usr/sbin/tcpdump" name="/proc/sys/kernel/random/boot_id" pid=641 comm="tcpdump" requested_mask="r" denied_mask="r" fsuid=0 ouid=0
[    9.124685] audit: type=1400 audit(1768326297.980:43): apparmor="DENIED" operation="open" profile="/usr/sbin/tcpdump" name="/proc/sys/kernel/random/boot_id" pid=640 comm="tcpdump" requested_mask="r" denied_mask="r" fsuid=0 ouid=0
[    9.124874] audit: type=1400 audit(1768326297.980:44): apparmor="DENIED" operation="open" profile="/usr/sbin/tcpdump" name="/proc/sys/kernel/random/boot_id" pid=641 comm="tcpdump" requested_mask="r" denied_mask="r" fsuid=0 ouid=0
[    9.124952] audit: type=1400 audit(1768326297.980:45): apparmor="DENIED" operation="open" profile="/usr/sbin/tcpdump" name="/proc/sys/kernel/random/boot_id" pid=641 comm="tcpdump" requested_mask="r" denied_mask="r" fsuid=0 ouid=0
[    9.125097] audit: type=1400 audit(1768326297.980:46): apparmor="DENIED" operation="open" profile="/usr/sbin/tcpdump" name="/proc/sys/kernel/random/boot_id" pid=640 comm="tcpdump" requested_mask="r" denied_mask="r" fsuid=0 ouid=0
[    9.125117] audit: type=1400 audit(1768326297.980:47): apparmor="DENIED" operation="open" profile="/usr/sbin/tcpdump" name="/proc/sys/kernel/random/boot_id" pid=641 comm="tcpdump" requested_mask="r" denied_mask="r" fsuid=0 ouid=0
[    9.125189] audit: type=1400 audit(1768326297.980:48): apparmor="DENIED" operation="open" profile="/usr/sbin/tcpdump" name="/proc/sys/kernel/random/boot_id" pid=640 comm="tcpdump" requested_mask="r" denied_mask="r" fsuid=0 ouid=0
[    9.125372] audit: type=1400 audit(1768326297.980:49): apparmor="DENIED" operation="open" profile="/usr/sbin/tcpdump" name="/proc/sys/kernel/random/boot_id" pid=640 comm="tcpdump" requested_mask="r" denied_mask="r" fsuid=0 ouid=0
[    9.128353] audit: type=1400 audit(1768326297.980:50): apparmor="DENIED" operation="open" profile="/usr/sbin/tcpdump" name="/proc/sys/kernel/random/boot_id" pid=643 comm="tcpdump" requested_mask="r" denied_mask="r" fsuid=0 ouid=0
[   14.902004] rfkill: input handler disabled
[  291.130893] AAAAA-TCP_RECV: name:enp0s3: saddr:100932208: daddr:16783984: srtt_us:0: RTT:0: ssthresh:2147483647: cwnd:10: delivered:0: lost:0: retrans:0
[  291.131825] AAAAA-TCP_SEND: name:enp0s8: saddr:16783984: daddr:100932208: srtt_us:0: RTT:0: ssthresh:0: cwnd:0: delivered:0: lost:0: retrans:0
[  292.143151] AAAAA-TCP_SEND: name:enp0s8: saddr:16783984: daddr:100932208: srtt_us:0: RTT:0: ssthresh:0: cwnd:0: delivered:0: lost:0: retrans:0
[  292.993059] AAAAA-TCP_SEND: name:enp0s8: saddr:16783984: daddr:100932208: srtt_us:0: RTT:0: ssthresh:0: cwnd:0: delivered:0: lost:0: retrans:0
[  293.594165] AAAAA-TCP_SEND: name:enp0s3: saddr:16783984: daddr:100932208: srtt_us:0: RTT:0: ssthresh:0: cwnd:0: delivered:0: lost:0: retrans:0
[  293.785610] AAAAA-TCP_SEND: name:enp0s3: saddr:16783984: daddr:100932208: srtt_us:21240000: RTT:2655000: ssthresh:2147483647: cwnd:10: delivered:1: lost:0: retrans:3
[  293.885689] AAAAA-TCP_RECV: name:enp0s3: saddr:100932208: daddr:16783984: srtt_us:21240000: RTT:2655000: ssthresh:2147483647: cwnd:10: delivered:1: lost:0: retrans:3
[  293.885715] AAAAA-TCP_SEND: name:enp0s3: saddr:16783984: daddr:100932208: srtt_us:21240000: RTT:2655000: ssthresh:2147483647: cwnd:10: delivered:1: lost:0: retrans:3
[  293.885922] AAAAA-TCP_SEND: name:enp0s3: saddr:16783984: daddr:100932208: srtt_us:21240000: RTT:2655000: ssthresh:2147483647: cwnd:10: delivered:1: lost:0: retrans:3
[  294.032188] AAAAA-TCP_RECV: name:enp0s3: saddr:100932208: daddr:16783984: srtt_us:21240000: RTT:2655000: ssthresh:2147483647: cwnd:10: delivered:1: lost:0: retrans:3
[  294.324984] AAAAA-TCP_RECV: name:enp0s3: saddr:100932208: daddr:33561200: srtt_us:0: RTT:0: ssthresh:2147483647: cwnd:10: delivered:0: lost:0: retrans:0
[  294.325024] AAAAA-TCP_SEND: name:enp0s3: saddr:33561200: daddr:100932208: srtt_us:0: RTT:0: ssthresh:0: cwnd:0: delivered:0: lost:0: retrans:0
[  294.374232] AAAAA-TCP_RECV: name:enp0s3: saddr:100932208: daddr:16783984: srtt_us:21240000: RTT:2655000: ssthresh:2147483647: cwnd:10: delivered:1: lost:0: retrans:3
[  294.448972] AAAAA-TCP_RECV: name:enp0s3: saddr:100932208: daddr:16783984: srtt_us:19073331: RTT:2384166: ssthresh:2147483647: cwnd:10: delivered:2: lost:0: retrans:3
[  294.448997] AAAAA-TCP_SEND: name:enp0s3: saddr:16783984: daddr:100932208: srtt_us:19073331: RTT:2384166: ssthresh:2147483647: cwnd:10: delivered:2: lost:0: retrans:3
[  294.619910] AAAAA-TCP_SEND: name:enp0s3: saddr:33561200: daddr:100932208: srtt_us:2358928: RTT:294866: ssthresh:2147483647: cwnd:10: delivered:1: lost:0: retrans:0
[  294.717538] AAAAA-TCP_RECV: name:enp0s3: saddr:100932208: daddr:16783984: srtt_us:19073331: RTT:2384166: ssthresh:2147483647: cwnd:10: delivered:2: lost:0: retrans:3
[  294.717606] AAAAA-TCP_SEND: name:enp0s3: saddr:16783984: daddr:100932208: srtt_us:19073331: RTT:2384166: ssthresh:2147483647: cwnd:10: delivered:2: lost:0: retrans:3
[  294.717939] AAAAA-TCP_SEND: name:enp0s3: saddr:33561200: daddr:100932208: srtt_us:2358928: RTT:294866: ssthresh:2147483647: cwnd:10: delivered:1: lost:0: retrans:0
[  295.216196] AAAAA-TCP_RECV: name:enp0s3: saddr:100932208: daddr:33561200: srtt_us:2358928: RTT:294866: ssthresh:2147483647: cwnd:10: delivered:1: lost:0: retrans:0
[  295.364001] AAAAA-TCP_RECV: name:enp0s3: saddr:100932208: daddr:16783984: srtt_us:0: RTT:0: ssthresh:2147483647: cwnd:10: delivered:0: lost:0: retrans:0
[  295.364033] AAAAA-TCP_SEND: name:enp0s3: saddr:16783984: daddr:100932208: srtt_us:0: RTT:0: ssthresh:0: cwnd:0: delivered:0: lost:0: retrans:0
[  295.552006] AAAAA-TCP_SEND: name:enp0s3: saddr:16783984: daddr:100932208: srtt_us:1503688: RTT:187961: ssthresh:2147483647: cwnd:10: delivered:1: lost:0: retrans:0
[  295.643783] AAAAA-TCP_RECV: name:enp0s3: saddr:100932208: daddr:16783984: srtt_us:1503688: RTT:187961: ssthresh:2147483647: cwnd:10: delivered:1: lost:0: retrans:0
[  295.643813] AAAAA-TCP_SEND: name:enp0s3: saddr:16783984: daddr:100932208: srtt_us:1503688: RTT:187961: ssthresh:2147483647: cwnd:10: delivered:1: lost:0: retrans:0
[  295.644847] AAAAA-TCP_SEND: name:enp0s3: saddr:33561200: daddr:100932208: srtt_us:2562345: RTT:320293: ssthresh:2147483647: cwnd:10: delivered:2: lost:0: retrans:0
[  295.838974] AAAAA-TCP_RECV: name:enp0s3: saddr:100932208: daddr:33561200: srtt_us:0: RTT:0: ssthresh:2147483647: cwnd:10: delivered:0: lost:0: retrans:0
[  295.839024] AAAAA-TCP_SEND: name:enp0s3: saddr:33561200: daddr:100932208: srtt_us:0: RTT:0: ssthresh:0: cwnd:0: delivered:0: lost:0: retrans:0
[  295.938961] AAAAA-TCP_RECV: name:enp0s3: saddr:100932208: daddr:33561200: srtt_us:2562345: RTT:320293: ssthresh:2147483647: cwnd:10: delivered:2: lost:0: retrans:0
[  295.938990] AAAAA-TCP_SEND: name:enp0s3: saddr:33561200: daddr:100932208: srtt_us:2562345: RTT:320293: ssthresh:2147483647: cwnd:10: delivered:2: lost:0: retrans:0
[  296.054537] AAAAA-TCP_SEND: name:enp0s3: saddr:33561200: daddr:100932208: srtt_us:1724024: RTT:215503: ssthresh:2147483647: cwnd:10: delivered:1: lost:0: retrans:0
[  296.202450] AAAAA-TCP_RECV: name:enp0s3: saddr:100932208: daddr:33561200: srtt_us:2536195: RTT:317024: ssthresh:2147483647: cwnd:10: delivered:3: lost:0: retrans:0
[  296.268118] AAAAA-TCP_RECV: name:enp0s3: saddr:100932208: daddr:16783984: srtt_us:1503688: RTT:187961: ssthresh:2147483647: cwnd:10: delivered:1: lost:0: retrans:0
[  296.268133] AAAAA-TCP_SEND: name:enp0s3: saddr:16783984: daddr:100932208: srtt_us:1503688: RTT:187961: ssthresh:2147483647: cwnd:10: delivered:1: lost:0: retrans:0
[  296.463005] AAAAA-TCP_RECV: name:enp0s3: saddr:100932208: daddr:16783984: srtt_us:1503688: RTT:187961: ssthresh:2147483647: cwnd:10: delivered:1: lost:0: retrans:0
[  296.463018] AAAAA-TCP_SEND: name:enp0s3: saddr:16783984: daddr:100932208: srtt_us:1503688: RTT:187961: ssthresh:2147483647: cwnd:10: delivered:1: lost:0: retrans:0
[  296.518586] AAAAA-TCP_RECV: name:enp0s3: saddr:100932208: daddr:16783984: srtt_us:1503688: RTT:187961: ssthresh:2147483647: cwnd:10: delivered:1: lost:0: retrans:0
[  296.518613] AAAAA-TCP_SEND: name:enp0s3: saddr:16783984: daddr:100932208: srtt_us:1503688: RTT:187961: ssthresh:2147483647: cwnd:10: delivered:1: lost:0: retrans:0
[  296.667159] AAAAA-TCP_RECV: name:enp0s3: saddr:100932208: daddr:16783984: srtt_us:1503688: RTT:187961: ssthresh:2147483647: cwnd:10: delivered:1: lost:0: retrans:0
[  296.667182] AAAAA-TCP_SEND: name:enp0s3: saddr:16783984: daddr:100932208: srtt_us:1503688: RTT:187961: ssthresh:2147483647: cwnd:10: delivered:1: lost:0: retrans:0
[  296.762745] AAAAA-TCP_RECV: name:enp0s3: saddr:100932208: daddr:16783984: srtt_us:1503688: RTT:187961: ssthresh:2147483647: cwnd:10: delivered:1: lost:0: retrans:0
[  296.762769] AAAAA-TCP_SEND: name:enp0s3: saddr:16783984: daddr:100932208: srtt_us:1503688: RTT:187961: ssthresh:2147483647: cwnd:10: delivered:1: lost:0: retrans:0
[  296.845055] AAAAA-TCP_RECV: name:enp0s3: saddr:100932208: daddr:16783984: srtt_us:1503688: RTT:187961: ssthresh:2147483647: cwnd:10: delivered:1: lost:0: retrans:0
[  296.845079] AAAAA-TCP_SEND: name:enp0s3: saddr:16783984: daddr:100932208: srtt_us:1503688: RTT:187961: ssthresh:2147483647: cwnd:10: delivered:1: lost:0: retrans:0
[  296.927020] AAAAA-TCP_RECV: name:enp0s3: saddr:100932208: daddr:16783984: srtt_us:1503688: RTT:187961: ssthresh:2147483647: cwnd:10: delivered:1: lost:0: retrans:0
[  296.927057] AAAAA-TCP_SEND: name:enp0s3: saddr:16783984: daddr:100932208: srtt_us:1503688: RTT:187961: ssthresh:2147483647: cwnd:10: delivered:1: lost:0: retrans:0
[  297.159457] AAAAA-TCP_RECV: name:enp0s3: saddr:100932208: daddr:16783984: srtt_us:1503688: RTT:187961: ssthresh:2147483647: cwnd:10: delivered:1: lost:0: retrans:0
[  297.159483] AAAAA-TCP_SEND: name:enp0s3: saddr:16783984: daddr:100932208: srtt_us:1503688: RTT:187961: ssthresh:2147483647: cwnd:10: delivered:1: lost:0: retrans:0
[  297.200854] AAAAA-TCP_RECV: name:enp0s3: saddr:100932208: daddr:16783984: srtt_us:1503688: RTT:187961: ssthresh:2147483647: cwnd:10: delivered:1: lost:0: retrans:0
[  297.200877] AAAAA-TCP_SEND: name:enp0s3: saddr:16783984: daddr:100932208: srtt_us:1503688: RTT:187961: ssthresh:2147483647: cwnd:10: delivered:1: lost:0: retrans:0
[  297.275151] AAAAA-TCP_RECV: name:enp0s3: saddr:100932208: daddr:16783984: srtt_us:1503688: RTT:187961: ssthresh:2147483647: cwnd:10: delivered:1: lost:0: retrans:0
[  297.275173] AAAAA-TCP_SEND: name:enp0s3: saddr:16783984: daddr:100932208: srtt_us:1503688: RTT:187961: ssthresh:2147483647: cwnd:10: delivered:1: lost:0: retrans:0
[  297.494764] AAAAA-TCP_RECV: name:enp0s3: saddr:100932208: daddr:33561200: srtt_us:1724024: RTT:215503: ssthresh:2147483647: cwnd:10: delivered:1: lost:0: retrans:0
[  297.494790] AAAAA-TCP_SEND: name:enp0s3: saddr:33561200: daddr:100932208: srtt_us:1724024: RTT:215503: ssthresh:2147483647: cwnd:10: delivered:1: lost:0: retrans:0
[  297.581877] AAAAA-TCP_RECV: name:enp0s3: saddr:100932208: daddr:33561200: srtt_us:1724024: RTT:215503: ssthresh:2147483647: cwnd:10: delivered:1: lost:0: retrans:0
[  297.581902] AAAAA-TCP_SEND: name:enp0s3: saddr:33561200: daddr:100932208: srtt_us:1724024: RTT:215503: ssthresh:2147483647: cwnd:10: delivered:1: lost:0: retrans:0
[  297.624365] AAAAA-TCP_RECV: name:enp0s3: saddr:100932208: daddr:33561200: srtt_us:1724024: RTT:215503: ssthresh:2147483647: cwnd:10: delivered:1: lost:0: retrans:0
[  297.624386] AAAAA-TCP_SEND: name:enp0s3: saddr:33561200: daddr:100932208: srtt_us:1724024: RTT:215503: ssthresh:2147483647: cwnd:10: delivered:1: lost:0: retrans:0
[  297.936859] AAAAA-TCP_RECV: name:enp0s3: saddr:100932208: daddr:33561200: srtt_us:1724024: RTT:215503: ssthresh:2147483647: cwnd:10: delivered:1: lost:0: retrans:0
[  297.936888] AAAAA-TCP_SEND: name:enp0s3: saddr:33561200: daddr:100932208: srtt_us:1724024: RTT:215503: ssthresh:2147483647: cwnd:10: delivered:1: lost:0: retrans:0
[  298.061545] AAAAA-TCP_RECV: name:enp0s3: saddr:100932208: daddr:33561200: srtt_us:1724024: RTT:215503: ssthresh:2147483647: cwnd:10: delivered:1: lost:0: retrans:0
[  298.061571] AAAAA-TCP_SEND: name:enp0s3: saddr:33561200: daddr:100932208: srtt_us:1724024: RTT:215503: ssthresh:2147483647: cwnd:10: delivered:1: lost:0: retrans:0
[  298.122198] AAAAA-TCP_RECV: name:enp0s3: saddr:100932208: daddr:33561200: srtt_us:1724024: RTT:215503: ssthresh:2147483647: cwnd:10: delivered:1: lost:0: retrans:0
[  298.122220] AAAAA-TCP_SEND: name:enp0s3: saddr:33561200: daddr:100932208: srtt_us:1724024: RTT:215503: ssthresh:2147483647: cwnd:10: delivered:1: lost:0: retrans:0
[  298.244677] AAAAA-TCP_RECV: name:enp0s3: saddr:100932208: daddr:33561200: srtt_us:1724024: RTT:215503: ssthresh:2147483647: cwnd:10: delivered:1: lost:0: retrans:0
[  298.244700] AAAAA-TCP_SEND: name:enp0s3: saddr:33561200: daddr:100932208: srtt_us:1724024: RTT:215503: ssthresh:2147483647: cwnd:10: delivered:1: lost:0: retrans:0
[  298.565333] AAAAA-TCP_RECV: name:enp0s3: saddr:100932208: daddr:33561200: srtt_us:1724024: RTT:215503: ssthresh:2147483647: cwnd:10: delivered:1: lost:0: retrans:0
[  298.565359] AAAAA-TCP_SEND: name:enp0s3: saddr:33561200: daddr:100932208: srtt_us:1724024: RTT:215503: ssthresh:2147483647: cwnd:10: delivered:1: lost:0: retrans:0
[  298.601376] AAAAA-TCP_RECV: name:enp0s3: saddr:100932208: daddr:33561200: srtt_us:1724024: RTT:215503: ssthresh:2147483647: cwnd:10: delivered:1: lost:0: retrans:0
[  298.601401] AAAAA-TCP_SEND: name:enp0s3: saddr:33561200: daddr:100932208: srtt_us:1724024: RTT:215503: ssthresh:2147483647: cwnd:10: delivered:1: lost:0: retrans:0
[  298.626308] AAAAA-TCP_RECV: name:enp0s3: saddr:100932208: daddr:33561200: srtt_us:1724024: RTT:215503: ssthresh:2147483647: cwnd:10: delivered:1: lost:0: retrans:0
[  298.626329] AAAAA-TCP_SEND: name:enp0s3: saddr:33561200: daddr:100932208: srtt_us:1724024: RTT:215503: ssthresh:2147483647: cwnd:10: delivered:1: lost:0: retrans:0
[  298.720462] AAAAA-TCP_RECV: name:enp0s3: saddr:100932208: daddr:16783984: srtt_us:1503688: RTT:187961: ssthresh:2147483647: cwnd:10: delivered:1: lost:0: retrans:0
[  298.720485] AAAAA-TCP_SEND: name:enp0s3: saddr:16783984: daddr:100932208: srtt_us:1503688: RTT:187961: ssthresh:2147483647: cwnd:10: delivered:1: lost:0: retrans:0
[  298.859087] AAAAA-TCP_RECV: name:enp0s3: saddr:100932208: daddr:16783984: srtt_us:1503688: RTT:187961: ssthresh:2147483647: cwnd:10: delivered:1: lost:0: retrans:0
[  298.859116] AAAAA-TCP_SEND: name:enp0s3: saddr:16783984: daddr:100932208: srtt_us:1503688: RTT:187961: ssthresh:2147483647: cwnd:10: delivered:1: lost:0: retrans:0
[  298.950157] AAAAA-TCP_RECV: name:enp0s3: saddr:100932208: daddr:33561200: srtt_us:1724024: RTT:215503: ssthresh:2147483647: cwnd:10: delivered:1: lost:0: retrans:0
[  298.950182] AAAAA-TCP_SEND: name:enp0s3: saddr:33561200: daddr:100932208: srtt_us:1724024: RTT:215503: ssthresh:2147483647: cwnd:10: delivered:1: lost:0: retrans:0
[  299.210403] AAAAA-TCP_RECV: name:enp0s3: saddr:100932208: daddr:16783984: srtt_us:1503688: RTT:187961: ssthresh:2147483647: cwnd:10: delivered:1: lost:0: retrans:0
[  299.210429] AAAAA-TCP_SEND: name:enp0s3: saddr:16783984: daddr:100932208: srtt_us:1503688: RTT:187961: ssthresh:2147483647: cwnd:10: delivered:1: lost:0: retrans:0
[  299.413411] AAAAA-TCP_RECV: name:enp0s3: saddr:100932208: daddr:16783984: srtt_us:1503688: RTT:187961: ssthresh:2147483647: cwnd:10: delivered:1: lost:0: retrans:0
[  299.413434] AAAAA-TCP_SEND: name:enp0s3: saddr:16783984: daddr:100932208: srtt_us:1503688: RTT:187961: ssthresh:2147483647: cwnd:10: delivered:1: lost:0: retrans:0
[  299.467478] AAAAA-TCP_RECV: name:enp0s3: saddr:100932208: daddr:16783984: srtt_us:1503688: RTT:187961: ssthresh:2147483647: cwnd:10: delivered:1: lost:0: retrans:0
[  299.467502] AAAAA-TCP_SEND: name:enp0s3: saddr:16783984: daddr:100932208: srtt_us:1503688: RTT:187961: ssthresh:2147483647: cwnd:10: delivered:1: lost:0: retrans:0
[  299.668409] AAAAA-TCP_RECV: name:enp0s3: saddr:100932208: daddr:16783984: srtt_us:1503688: RTT:187961: ssthresh:2147483647: cwnd:10: delivered:1: lost:0: retrans:0
[  299.668433] AAAAA-TCP_SEND: name:enp0s3: saddr:16783984: daddr:100932208: srtt_us:1503688: RTT:187961: ssthresh:2147483647: cwnd:10: delivered:1: lost:0: retrans:0
[  299.720648] AAAAA-TCP_RECV: name:enp0s3: saddr:100932208: daddr:33561200: srtt_us:1724024: RTT:215503: ssthresh:2147483647: cwnd:10: delivered:1: lost:0: retrans:0
[  299.720666] AAAAA-TCP_SEND: name:enp0s3: saddr:33561200: daddr:100932208: srtt_us:1724024: RTT:215503: ssthresh:2147483647: cwnd:10: delivered:1: lost:0: retrans:0
[  299.799980] AAAAA-TCP_RECV: name:enp0s3: saddr:100932208: daddr:16783984: srtt_us:1503688: RTT:187961: ssthresh:2147483647: cwnd:10: delivered:1: lost:0: retrans:0
[  299.800003] AAAAA-TCP_SEND: name:enp0s3: saddr:16783984: daddr:100932208: srtt_us:1503688: RTT:187961: ssthresh:2147483647: cwnd:10: delivered:1: lost:0: retrans:0
[  299.936564] AAAAA-TCP_RECV: name:enp0s3: saddr:100932208: daddr:16783984: srtt_us:1503688: RTT:187961: ssthresh:2147483647: cwnd:10: delivered:1: lost:0: retrans:0
[  299.936587] AAAAA-TCP_SEND: name:enp0s3: saddr:16783984: daddr:100932208: srtt_us:1503688: RTT:187961: ssthresh:2147483647: cwnd:10: delivered:1: lost:0: retrans:0
[  300.012073] AAAAA-TCP_RECV: name:enp0s3: saddr:100932208: daddr:16783984: srtt_us:1503688: RTT:187961: ssthresh:2147483647: cwnd:10: delivered:1: lost:0: retrans:0
[  300.012094] AAAAA-TCP_SEND: name:enp0s3: saddr:16783984: daddr:100932208: srtt_us:1503688: RTT:187961: ssthresh:2147483647: cwnd:10: delivered:1: lost:0: retrans:0
[  300.081381] AAAAA-TCP_RECV: name:enp0s3: saddr:100932208: daddr:16783984: srtt_us:1503688: RTT:187961: ssthresh:2147483647: cwnd:10: delivered:1: lost:0: retrans:0
[  300.081406] AAAAA-TCP_SEND: name:enp0s3: saddr:16783984: daddr:100932208: srtt_us:1503688: RTT:187961: ssthresh:2147483647: cwnd:10: delivered:1: lost:0: retrans:0
[  300.189427] AAAAA-TCP_RECV: name:enp0s3: saddr:100932208: daddr:16783984: srtt_us:1503688: RTT:187961: ssthresh:2147483647: cwnd:10: delivered:1: lost:0: retrans:0
[  300.189449] AAAAA-TCP_SEND: name:enp0s3: saddr:16783984: daddr:100932208: srtt_us:1503688: RTT:187961: ssthresh:2147483647: cwnd:10: delivered:1: lost:0: retrans:0
[  300.274039] AAAAA-TCP_RECV: name:enp0s3: saddr:100932208: daddr:16783984: srtt_us:1503688: RTT:187961: ssthresh:2147483647: cwnd:10: delivered:1: lost:0: retrans:0
[  300.274060] AAAAA-TCP_SEND: name:enp0s3: saddr:16783984: daddr:100932208: srtt_us:1503688: RTT:187961: ssthresh:2147483647: cwnd:10: delivered:1: lost:0: retrans:0
[  300.361767] AAAAA-TCP_RECV: name:enp0s3: saddr:100932208: daddr:16783984: srtt_us:1503688: RTT:187961: ssthresh:2147483647: cwnd:10: delivered:1: lost:0: retrans:0
[  300.361788] AAAAA-TCP_SEND: name:enp0s3: saddr:16783984: daddr:100932208: srtt_us:1503688: RTT:187961: ssthresh:2147483647: cwnd:10: delivered:1: lost:0: retrans:0
[  300.427874] AAAAA-TCP_RECV: name:enp0s3: saddr:100932208: daddr:16783984: srtt_us:1503688: RTT:187961: ssthresh:2147483647: cwnd:10: delivered:1: lost:0: retrans:0
[  300.427896] AAAAA-TCP_SEND: name:enp0s3: saddr:16783984: daddr:100932208: srtt_us:1503688: RTT:187961: ssthresh:2147483647: cwnd:10: delivered:1: lost:0: retrans:0
[  300.564770] AAAAA-TCP_RECV: name:enp0s3: saddr:100932208: daddr:16783984: srtt_us:1503688: RTT:187961: ssthresh:2147483647: cwnd:10: delivered:1: lost:0: retrans:0
[  300.564791] AAAAA-TCP_SEND: name:enp0s3: saddr:16783984: daddr:100932208: srtt_us:1503688: RTT:187961: ssthresh:2147483647: cwnd:10: delivered:1: lost:0: retrans:0
[  300.674445] AAAAA-TCP_RECV: name:enp0s3: saddr:100932208: daddr:16783984: srtt_us:1503688: RTT:187961: ssthresh:2147483647: cwnd:10: delivered:1: lost:0: retrans:0
[  300.674467] AAAAA-TCP_SEND: name:enp0s3: saddr:16783984: daddr:100932208: srtt_us:1503688: RTT:187961: ssthresh:2147483647: cwnd:10: delivered:1: lost:0: retrans:0
[  300.717581] AAAAA-TCP_RECV: name:enp0s3: saddr:100932208: daddr:16783984: srtt_us:1503688: RTT:187961: ssthresh:2147483647: cwnd:10: delivered:1: lost:0: retrans:0
[  300.759163] AAAAA-TCP_SEND: name:enp0s3: saddr:16783984: daddr:100932208: srtt_us:1503688: RTT:187961: ssthresh:2147483647: cwnd:10: delivered:1: lost:0: retrans:0
[  300.885297] AAAAA-TCP_RECV: name:enp0s3: saddr:100932208: daddr:16783984: srtt_us:1503688: RTT:187961: ssthresh:2147483647: cwnd:10: delivered:1: lost:0: retrans:0
[  300.967133] AAAAA-TCP_SEND: name:enp0s3: saddr:16783984: daddr:100932208: srtt_us:1503688: RTT:187961: ssthresh:2147483647: cwnd:10: delivered:1: lost:0: retrans:0
[  301.010607] AAAAA-TCP_RECV: name:enp0s3: saddr:100932208: daddr:16783984: srtt_us:1503688: RTT:187961: ssthresh:2147483647: cwnd:10: delivered:1: lost:0: retrans:0
[  301.189492] AAAAA-TCP_RECV: name:enp0s3: saddr:100932208: daddr:16783984: srtt_us:1503688: RTT:187961: ssthresh:2147483647: cwnd:10: delivered:1: lost:0: retrans:0
[  301.189516] AAAAA-TCP_SEND: name:enp0s3: saddr:16783984: daddr:100932208: srtt_us:1503688: RTT:187961: ssthresh:2147483647: cwnd:10: delivered:1: lost:0: retrans:0
[  301.245496] AAAAA-TCP_RECV: name:enp0s3: saddr:100932208: daddr:33561200: srtt_us:1724024: RTT:215503: ssthresh:2147483647: cwnd:10: delivered:1: lost:0: retrans:0
[  301.245518] AAAAA-TCP_SEND: name:enp0s3: saddr:33561200: daddr:100932208: srtt_us:1724024: RTT:215503: ssthresh:2147483647: cwnd:10: delivered:1: lost:0: retrans:0
[  301.414185] AAAAA-TCP_RECV: name:enp0s3: saddr:100932208: daddr:33561200: srtt_us:1724024: RTT:215503: ssthresh:2147483647: cwnd:10: delivered:1: lost:0: retrans:0
[  301.414208] AAAAA-TCP_SEND: name:enp0s3: saddr:33561200: daddr:100932208: srtt_us:1724024: RTT:215503: ssthresh:2147483647: cwnd:10: delivered:1: lost:0: retrans:0
[  301.549921] AAAAA-TCP_RECV: name:enp0s3: saddr:100932208: daddr:33561200: srtt_us:1724024: RTT:215503: ssthresh:2147483647: cwnd:10: delivered:1: lost:0: retrans:0
[  301.549946] AAAAA-TCP_SEND: name:enp0s3: saddr:33561200: daddr:100932208: srtt_us:1724024: RTT:215503: ssthresh:2147483647: cwnd:10: delivered:1: lost:0: retrans:0
[  301.630336] AAAAA-TCP_RECV: name:enp0s3: saddr:100932208: daddr:33561200: srtt_us:1724024: RTT:215503: ssthresh:2147483647: cwnd:10: delivered:1: lost:0: retrans:0
[  301.630358] AAAAA-TCP_SEND: name:enp0s3: saddr:33561200: daddr:100932208: srtt_us:1724024: RTT:215503: ssthresh:2147483647: cwnd:10: delivered:1: lost:0: retrans:0
[  301.784580] AAAAA-TCP_RECV: name:enp0s3: saddr:100932208: daddr:33561200: srtt_us:1724024: RTT:215503: ssthresh:2147483647: cwnd:10: delivered:1: lost:0: retrans:0
[  301.784605] AAAAA-TCP_SEND: name:enp0s3: saddr:33561200: daddr:100932208: srtt_us:1724024: RTT:215503: ssthresh:2147483647: cwnd:10: delivered:1: lost:0: retrans:0
[  301.839587] AAAAA-TCP_RECV: name:enp0s3: saddr:100932208: daddr:33561200: srtt_us:1724024: RTT:215503: ssthresh:2147483647: cwnd:10: delivered:1: lost:0: retrans:0
[  301.839611] AAAAA-TCP_SEND: name:enp0s3: saddr:33561200: daddr:100932208: srtt_us:1724024: RTT:215503: ssthresh:2147483647: cwnd:10: delivered:1: lost:0: retrans:0
[  302.095763] AAAAA-TCP_RECV: name:enp0s3: saddr:100932208: daddr:33561200: srtt_us:1724024: RTT:215503: ssthresh:2147483647: cwnd:10: delivered:1: lost:0: retrans:0
[  302.095791] AAAAA-TCP_SEND: name:enp0s3: saddr:33561200: daddr:100932208: srtt_us:1724024: RTT:215503: ssthresh:2147483647: cwnd:10: delivered:1: lost:0: retrans:0
[  302.174495] AAAAA-TCP_RECV: name:enp0s3: saddr:100932208: daddr:33561200: srtt_us:1724024: RTT:215503: ssthresh:2147483647: cwnd:10: delivered:1: lost:0: retrans:0
[  302.174520] AAAAA-TCP_SEND: name:enp0s3: saddr:33561200: daddr:100932208: srtt_us:1724024: RTT:215503: ssthresh:2147483647: cwnd:10: delivered:1: lost:0: retrans:0
[  302.210407] AAAAA-TCP_RECV: name:enp0s3: saddr:100932208: daddr:33561200: srtt_us:1724024: RTT:215503: ssthresh:2147483647: cwnd:10: delivered:1: lost:0: retrans:0
[  302.210430] AAAAA-TCP_SEND: name:enp0s3: saddr:33561200: daddr:100932208: srtt_us:1724024: RTT:215503: ssthresh:2147483647: cwnd:10: delivered:1: lost:0: retrans:0
[  302.393488] AAAAA-TCP_RECV: name:enp0s3: saddr:100932208: daddr:33561200: srtt_us:1724024: RTT:215503: ssthresh:2147483647: cwnd:10: delivered:1: lost:0: retrans:0
[  302.393513] AAAAA-TCP_SEND: name:enp0s3: saddr:33561200: daddr:100932208: srtt_us:1724024: RTT:215503: ssthresh:2147483647: cwnd:10: delivered:1: lost:0: retrans:0
[  302.513325] AAAAA-TCP_RECV: name:enp0s3: saddr:100932208: daddr:33561200: srtt_us:1724024: RTT:215503: ssthresh:2147483647: cwnd:10: delivered:1: lost:0: retrans:0
[  302.513347] AAAAA-TCP_SEND: name:enp0s3: saddr:33561200: daddr:100932208: srtt_us:1724024: RTT:215503: ssthresh:2147483647: cwnd:10: delivered:1: lost:0: retrans:0
[  302.658342] AAAAA-TCP_RECV: name:enp0s3: saddr:100932208: daddr:33561200: srtt_us:1724024: RTT:215503: ssthresh:2147483647: cwnd:10: delivered:1: lost:0: retrans:0
[  302.658372] AAAAA-TCP_SEND: name:enp0s3: saddr:33561200: daddr:100932208: srtt_us:1724024: RTT:215503: ssthresh:2147483647: cwnd:10: delivered:1: lost:0: retrans:0
[  302.809138] AAAAA-TCP_RECV: name:enp0s3: saddr:100932208: daddr:33561200: srtt_us:1724024: RTT:215503: ssthresh:2147483647: cwnd:10: delivered:1: lost:0: retrans:0
[  302.809164] AAAAA-TCP_SEND: name:enp0s3: saddr:33561200: daddr:100932208: srtt_us:1724024: RTT:215503: ssthresh:2147483647: cwnd:10: delivered:1: lost:0: retrans:0
[  302.860261] AAAAA-TCP_RECV: name:enp0s3: saddr:100932208: daddr:33561200: srtt_us:1724024: RTT:215503: ssthresh:2147483647: cwnd:10: delivered:1: lost:0: retrans:0
[  302.860294] AAAAA-TCP_SEND: name:enp0s3: saddr:33561200: daddr:100932208: srtt_us:1724024: RTT:215503: ssthresh:2147483647: cwnd:10: delivered:1: lost:0: retrans:0
[  302.960667] AAAAA-TCP_RECV: name:enp0s3: saddr:100932208: daddr:33561200: srtt_us:1724024: RTT:215503: ssthresh:2147483647: cwnd:10: delivered:1: lost:0: retrans:0
[  302.960681] AAAAA-TCP_SEND: name:enp0s3: saddr:33561200: daddr:100932208: srtt_us:1724024: RTT:215503: ssthresh:2147483647: cwnd:10: delivered:1: lost:0: retrans:0
[  303.018861] AAAAA-TCP_RECV: name:enp0s3: saddr:100932208: daddr:33561200: srtt_us:1724024: RTT:215503: ssthresh:2147483647: cwnd:10: delivered:1: lost:0: retrans:0
[  303.018874] AAAAA-TCP_SEND: name:enp0s3: saddr:33561200: daddr:100932208: srtt_us:1724024: RTT:215503: ssthresh:2147483647: cwnd:10: delivered:1: lost:0: retrans:0
[  303.187241] AAAAA-TCP_RECV: name:enp0s3: saddr:100932208: daddr:33561200: srtt_us:1724024: RTT:215503: ssthresh:2147483647: cwnd:10: delivered:1: lost:0: retrans:0
[  303.231191] AAAAA-TCP_SEND: name:enp0s3: saddr:33561200: daddr:100932208: srtt_us:1724024: RTT:215503: ssthresh:2147483647: cwnd:10: delivered:1: lost:0: retrans:0
[  303.291723] AAAAA-TCP_RECV: name:enp0s3: saddr:100932208: daddr:33561200: srtt_us:1724024: RTT:215503: ssthresh:2147483647: cwnd:10: delivered:1: lost:0: retrans:0
[  303.321848] AAAAA-TCP_RECV: name:enp0s3: saddr:100932208: daddr:33561200: srtt_us:1724024: RTT:215503: ssthresh:2147483647: cwnd:10: delivered:1: lost:0: retrans:0
[  303.321870] AAAAA-TCP_SEND: name:enp0s3: saddr:33561200: daddr:100932208: srtt_us:1724024: RTT:215503: ssthresh:2147483647: cwnd:10: delivered:1: lost:0: retrans:0
[  303.436014] AAAAA-TCP_RECV: name:enp0s3: saddr:100932208: daddr:33561200: srtt_us:1724024: RTT:215503: ssthresh:2147483647: cwnd:10: delivered:1: lost:0: retrans:0
[  303.499539] AAAAA-TCP_RECV: name:enp0s3: saddr:100932208: daddr:16783984: srtt_us:1503688: RTT:187961: ssthresh:2147483647: cwnd:10: delivered:1: lost:0: retrans:0
[  303.499562] AAAAA-TCP_SEND: name:enp0s3: saddr:16783984: daddr:100932208: srtt_us:1503688: RTT:187961: ssthresh:2147483647: cwnd:10: delivered:1: lost:0: retrans:0
[  303.507138] AAAAA-TCP_SEND: name:enp0s3: saddr:33561200: daddr:100932208: srtt_us:1724024: RTT:215503: ssthresh:2147483647: cwnd:10: delivered:1: lost:0: retrans:0
[  303.527589] AAAAA-TCP_RECV: name:enp0s3: saddr:100932208: daddr:16783984: srtt_us:1503688: RTT:187961: ssthresh:2147483647: cwnd:10: delivered:1: lost:0: retrans:0
[  303.527611] AAAAA-TCP_SEND: name:enp0s3: saddr:16783984: daddr:100932208: srtt_us:1503688: RTT:187961: ssthresh:2147483647: cwnd:10: delivered:1: lost:0: retrans:0
[  303.563824] AAAAA-TCP_RECV: name:enp0s3: saddr:100932208: daddr:16783984: srtt_us:1503688: RTT:187961: ssthresh:2147483647: cwnd:10: delivered:1: lost:0: retrans:0
[  303.563850] AAAAA-TCP_SEND: name:enp0s3: saddr:16783984: daddr:100932208: srtt_us:1503688: RTT:187961: ssthresh:2147483647: cwnd:10: delivered:1: lost:0: retrans:0
[  303.721585] AAAAA-TCP_RECV: name:enp0s3: saddr:100932208: daddr:16783984: srtt_us:1503688: RTT:187961: ssthresh:2147483647: cwnd:10: delivered:1: lost:0: retrans:0
[  303.721610] AAAAA-TCP_SEND: name:enp0s3: saddr:16783984: daddr:100932208: srtt_us:1503688: RTT:187961: ssthresh:2147483647: cwnd:10: delivered:1: lost:0: retrans:0
[  303.950366] AAAAA-TCP_RECV: name:enp0s3: saddr:100932208: daddr:16783984: srtt_us:1503688: RTT:187961: ssthresh:2147483647: cwnd:10: delivered:1: lost:0: retrans:0
[  303.950395] AAAAA-TCP_SEND: name:enp0s3: saddr:16783984: daddr:100932208: srtt_us:1503688: RTT:187961: ssthresh:2147483647: cwnd:10: delivered:1: lost:0: retrans:0
[  303.984556] AAAAA-TCP_RECV: name:enp0s3: saddr:100932208: daddr:16783984: srtt_us:1503688: RTT:187961: ssthresh:2147483647: cwnd:10: delivered:1: lost:0: retrans:0
[  303.984579] AAAAA-TCP_SEND: name:enp0s3: saddr:16783984: daddr:100932208: srtt_us:1503688: RTT:187961: ssthresh:2147483647: cwnd:10: delivered:1: lost:0: retrans:0
[  304.126055] AAAAA-TCP_RECV: name:enp0s3: saddr:100932208: daddr:16783984: srtt_us:1503688: RTT:187961: ssthresh:2147483647: cwnd:10: delivered:1: lost:0: retrans:0
[  304.126081] AAAAA-TCP_SEND: name:enp0s3: saddr:16783984: daddr:100932208: srtt_us:1503688: RTT:187961: ssthresh:2147483647: cwnd:10: delivered:1: lost:0: retrans:0
[  304.181702] AAAAA-TCP_RECV: name:enp0s3: saddr:100932208: daddr:16783984: srtt_us:1503688: RTT:187961: ssthresh:2147483647: cwnd:10: delivered:1: lost:0: retrans:0
[  304.181723] AAAAA-TCP_SEND: name:enp0s3: saddr:16783984: daddr:100932208: srtt_us:1503688: RTT:187961: ssthresh:2147483647: cwnd:10: delivered:1: lost:0: retrans:0
[  304.359265] AAAAA-TCP_RECV: name:enp0s3: saddr:100932208: daddr:16783984: srtt_us:1503688: RTT:187961: ssthresh:2147483647: cwnd:10: delivered:1: lost:0: retrans:0
[  304.359288] AAAAA-TCP_SEND: name:enp0s3: saddr:16783984: daddr:100932208: srtt_us:1503688: RTT:187961: ssthresh:2147483647: cwnd:10: delivered:1: lost:0: retrans:0
[  304.493430] AAAAA-TCP_RECV: name:enp0s3: saddr:100932208: daddr:16783984: srtt_us:1503688: RTT:187961: ssthresh:2147483647: cwnd:10: delivered:1: lost:0: retrans:0
[  304.493455] AAAAA-TCP_SEND: name:enp0s3: saddr:16783984: daddr:100932208: srtt_us:1503688: RTT:187961: ssthresh:2147483647: cwnd:10: delivered:1: lost:0: retrans:0
[  304.695966] AAAAA-TCP_RECV: name:enp0s3: saddr:100932208: daddr:16783984: srtt_us:1503688: RTT:187961: ssthresh:2147483647: cwnd:10: delivered:1: lost:0: retrans:0
[  304.695992] AAAAA-TCP_SEND: name:enp0s3: saddr:16783984: daddr:100932208: srtt_us:1503688: RTT:187961: ssthresh:2147483647: cwnd:10: delivered:1: lost:0: retrans:0
[  304.825436] AAAAA-TCP_RECV: name:enp0s3: saddr:100932208: daddr:16783984: srtt_us:1503688: RTT:187961: ssthresh:2147483647: cwnd:10: delivered:1: lost:0: retrans:0
[  304.825466] AAAAA-TCP_SEND: name:enp0s3: saddr:16783984: daddr:100932208: srtt_us:1503688: RTT:187961: ssthresh:2147483647: cwnd:10: delivered:1: lost:0: retrans:0
[  304.994130] AAAAA-TCP_RECV: name:enp0s3: saddr:100932208: daddr:16783984: srtt_us:1503688: RTT:187961: ssthresh:2147483647: cwnd:10: delivered:1: lost:0: retrans:0
[  304.994156] AAAAA-TCP_SEND: name:enp0s3: saddr:16783984: daddr:100932208: srtt_us:1503688: RTT:187961: ssthresh:2147483647: cwnd:10: delivered:1: lost:0: retrans:0
[  305.017809] AAAAA-TCP_RECV: name:enp0s3: saddr:100932208: daddr:16783984: srtt_us:1503688: RTT:187961: ssthresh:2147483647: cwnd:10: delivered:1: lost:0: retrans:0
[  305.017832] AAAAA-TCP_SEND: name:enp0s3: saddr:16783984: daddr:100932208: srtt_us:1503688: RTT:187961: ssthresh:2147483647: cwnd:10: delivered:1: lost:0: retrans:0
[  305.088148] AAAAA-TCP_RECV: name:enp0s3: saddr:100932208: daddr:16783984: srtt_us:1503688: RTT:187961: ssthresh:2147483647: cwnd:10: delivered:1: lost:0: retrans:0
[  305.088187] AAAAA-TCP_SEND: name:enp0s3: saddr:16783984: daddr:100932208: srtt_us:1503688: RTT:187961: ssthresh:2147483647: cwnd:10: delivered:1: lost:0: retrans:0
[  305.183797] AAAAA-TCP_RECV: name:enp0s3: saddr:100932208: daddr:16783984: srtt_us:1503688: RTT:187961: ssthresh:2147483647: cwnd:10: delivered:1: lost:0: retrans:0
[  305.183820] AAAAA-TCP_SEND: name:enp0s3: saddr:16783984: daddr:100932208: srtt_us:1503688: RTT:187961: ssthresh:2147483647: cwnd:10: delivered:1: lost:0: retrans:0
[  305.217669] AAAAA-TCP_RECV: name:enp0s3: saddr:100932208: daddr:16783984: srtt_us:1503688: RTT:187961: ssthresh:2147483647: cwnd:10: delivered:1: lost:0: retrans:0
[  305.271133] AAAAA-TCP_SEND: name:enp0s3: saddr:16783984: daddr:100932208: srtt_us:1503688: RTT:187961: ssthresh:2147483647: cwnd:10: delivered:1: lost:0: retrans:0
[  305.302029] AAAAA-TCP_RECV: name:enp0s3: saddr:100932208: daddr:16783984: srtt_us:1503688: RTT:187961: ssthresh:2147483647: cwnd:10: delivered:1: lost:0: retrans:0
[  305.365574] AAAAA-TCP_RECV: name:enp0s3: saddr:100932208: daddr:16783984: srtt_us:1503688: RTT:187961: ssthresh:2147483647: cwnd:10: delivered:1: lost:0: retrans:0
[  305.365599] AAAAA-TCP_SEND: name:enp0s3: saddr:16783984: daddr:100932208: srtt_us:1503688: RTT:187961: ssthresh:2147483647: cwnd:10: delivered:1: lost:0: retrans:0
[  305.411268] AAAAA-TCP_RECV: name:enp0s3: saddr:100932208: daddr:16783984: srtt_us:1503688: RTT:187961: ssthresh:2147483647: cwnd:10: delivered:1: lost:0: retrans:0
[  305.503700] AAAAA-TCP_RECV: name:enp0s3: saddr:100932208: daddr:16783984: srtt_us:1503688: RTT:187961: ssthresh:2147483647: cwnd:10: delivered:1: lost:0: retrans:0
[  305.503726] AAAAA-TCP_SEND: name:enp0s3: saddr:16783984: daddr:100932208: srtt_us:1503688: RTT:187961: ssthresh:2147483647: cwnd:10: delivered:1: lost:0: retrans:0
[  305.544466] AAAAA-TCP_RECV: name:enp0s3: saddr:100932208: daddr:16783984: srtt_us:1503688: RTT:187961: ssthresh:2147483647: cwnd:10: delivered:1: lost:0: retrans:0
[  305.618292] AAAAA-TCP_RECV: name:enp0s3: saddr:100932208: daddr:16783984: srtt_us:1503688: RTT:187961: ssthresh:2147483647: cwnd:10: delivered:1: lost:0: retrans:0
[  305.618316] AAAAA-TCP_SEND: name:enp0s3: saddr:16783984: daddr:100932208: srtt_us:1503688: RTT:187961: ssthresh:2147483647: cwnd:10: delivered:1: lost:0: retrans:0
[  305.689555] AAAAA-TCP_RECV: name:enp0s3: saddr:100932208: daddr:16783984: srtt_us:1503688: RTT:187961: ssthresh:2147483647: cwnd:10: delivered:1: lost:0: retrans:0
[  305.757776] AAAAA-TCP_RECV: name:enp0s3: saddr:100932208: daddr:16783984: srtt_us:1503688: RTT:187961: ssthresh:2147483647: cwnd:10: delivered:1: lost:0: retrans:0
[  305.757805] AAAAA-TCP_SEND: name:enp0s3: saddr:16783984: daddr:100932208: srtt_us:1503688: RTT:187961: ssthresh:2147483647: cwnd:10: delivered:1: lost:0: retrans:0
[  305.853100] AAAAA-TCP_RECV: name:enp0s3: saddr:100932208: daddr:33561200: srtt_us:1724024: RTT:215503: ssthresh:2147483647: cwnd:10: delivered:1: lost:0: retrans:0
[  305.853132] AAAAA-TCP_SEND: name:enp0s3: saddr:33561200: daddr:100932208: srtt_us:1724024: RTT:215503: ssthresh:2147483647: cwnd:10: delivered:1: lost:0: retrans:0
[  305.944014] AAAAA-TCP_RECV: name:enp0s3: saddr:100932208: daddr:33561200: srtt_us:1724024: RTT:215503: ssthresh:2147483647: cwnd:10: delivered:1: lost:0: retrans:0
[  305.944040] AAAAA-TCP_SEND: name:enp0s3: saddr:33561200: daddr:100932208: srtt_us:1724024: RTT:215503: ssthresh:2147483647: cwnd:10: delivered:1: lost:0: retrans:0
[  306.016150] AAAAA-TCP_RECV: name:enp0s3: saddr:100932208: daddr:33561200: srtt_us:1724024: RTT:215503: ssthresh:2147483647: cwnd:10: delivered:1: lost:0: retrans:0
[  306.016174] AAAAA-TCP_SEND: name:enp0s3: saddr:33561200: daddr:100932208: srtt_us:1724024: RTT:215503: ssthresh:2147483647: cwnd:10: delivered:1: lost:0: retrans:0
[  306.053465] AAAAA-TCP_RECV: name:enp0s3: saddr:100932208: daddr:33561200: srtt_us:1724024: RTT:215503: ssthresh:2147483647: cwnd:10: delivered:1: lost:0: retrans:0
[  306.053491] AAAAA-TCP_SEND: name:enp0s3: saddr:33561200: daddr:100932208: srtt_us:1724024: RTT:215503: ssthresh:2147483647: cwnd:10: delivered:1: lost:0: retrans:0
[  306.157679] AAAAA-TCP_RECV: name:enp0s3: saddr:100932208: daddr:33561200: srtt_us:1724024: RTT:215503: ssthresh:2147483647: cwnd:10: delivered:1: lost:0: retrans:0
[  306.157704] AAAAA-TCP_SEND: name:enp0s3: saddr:33561200: daddr:100932208: srtt_us:1724024: RTT:215503: ssthresh:2147483647: cwnd:10: delivered:1: lost:0: retrans:0
[  306.196013] AAAAA-TCP_RECV: name:enp0s3: saddr:100932208: daddr:33561200: srtt_us:1724024: RTT:215503: ssthresh:2147483647: cwnd:10: delivered:1: lost:0: retrans:0
[  306.196036] AAAAA-TCP_SEND: name:enp0s3: saddr:33561200: daddr:100932208: srtt_us:1724024: RTT:215503: ssthresh:2147483647: cwnd:10: delivered:1: lost:0: retrans:0
[  306.279480] AAAAA-TCP_RECV: name:enp0s3: saddr:100932208: daddr:33561200: srtt_us:1724024: RTT:215503: ssthresh:2147483647: cwnd:10: delivered:1: lost:0: retrans:0
[  306.279508] AAAAA-TCP_SEND: name:enp0s3: saddr:33561200: daddr:100932208: srtt_us:1724024: RTT:215503: ssthresh:2147483647: cwnd:10: delivered:1: lost:0: retrans:0
[  306.307301] AAAAA-TCP_RECV: name:enp0s3: saddr:100932208: daddr:33561200: srtt_us:1724024: RTT:215503: ssthresh:2147483647: cwnd:10: delivered:1: lost:0: retrans:0
[  306.307314] AAAAA-TCP_SEND: name:enp0s3: saddr:33561200: daddr:100932208: srtt_us:1724024: RTT:215503: ssthresh:2147483647: cwnd:10: delivered:1: lost:0: retrans:0
[  306.399306] AAAAA-TCP_RECV: name:enp0s3: saddr:100932208: daddr:33561200: srtt_us:1724024: RTT:215503: ssthresh:2147483647: cwnd:10: delivered:1: lost:0: retrans:0
[  306.399330] AAAAA-TCP_SEND: name:enp0s3: saddr:33561200: daddr:100932208: srtt_us:1724024: RTT:215503: ssthresh:2147483647: cwnd:10: delivered:1: lost:0: retrans:0
[  306.480610] AAAAA-TCP_RECV: name:enp0s3: saddr:100932208: daddr:33561200: srtt_us:1724024: RTT:215503: ssthresh:2147483647: cwnd:10: delivered:1: lost:0: retrans:0
[  306.480634] AAAAA-TCP_SEND: name:enp0s3: saddr:33561200: daddr:100932208: srtt_us:1724024: RTT:215503: ssthresh:2147483647: cwnd:10: delivered:1: lost:0: retrans:0
[  306.517059] AAAAA-TCP_RECV: name:enp0s3: saddr:100932208: daddr:33561200: srtt_us:1724024: RTT:215503: ssthresh:2147483647: cwnd:10: delivered:1: lost:0: retrans:0
[  306.517083] AAAAA-TCP_SEND: name:enp0s3: saddr:33561200: daddr:100932208: srtt_us:1724024: RTT:215503: ssthresh:2147483647: cwnd:10: delivered:1: lost:0: retrans:0
[  306.629912] AAAAA-TCP_RECV: name:enp0s3: saddr:100932208: daddr:33561200: srtt_us:1724024: RTT:215503: ssthresh:2147483647: cwnd:10: delivered:1: lost:0: retrans:0
[  306.629936] AAAAA-TCP_SEND: name:enp0s3: saddr:33561200: daddr:100932208: srtt_us:1724024: RTT:215503: ssthresh:2147483647: cwnd:10: delivered:1: lost:0: retrans:0
[  327.125258] AAAAA-TCP_RECV: name:enp0s3: saddr:100932208: daddr:33561200: srtt_us:1724024: RTT:215503: ssthresh:2147483647: cwnd:10: delivered:1: lost:0: retrans:0
[  327.125349] AAAAA-TCP_SEND: name:enp0s3: saddr:33561200: daddr:100932208: srtt_us:1724024: RTT:215503: ssthresh:2147483647: cwnd:10: delivered:1: lost:0: retrans:0
[  327.266608] AAAAA-TCP_RECV: name:enp0s3: saddr:100932208: daddr:33561200: srtt_us:1724024: RTT:215503: ssthresh:2147483647: cwnd:10: delivered:1: lost:0: retrans:0
[  327.266665] AAAAA-TCP_SEND: name:enp0s3: saddr:33561200: daddr:100932208: srtt_us:1724024: RTT:215503: ssthresh:2147483647: cwnd:10: delivered:1: lost:0: retrans:0
[  327.409584] AAAAA-TCP_RECV: name:enp0s3: saddr:100932208: daddr:16783984: srtt_us:1503688: RTT:187961: ssthresh:2147483647: cwnd:10: delivered:1: lost:0: retrans:0
[  327.409622] AAAAA-TCP_SEND: name:enp0s3: saddr:16783984: daddr:100932208: srtt_us:1503688: RTT:187961: ssthresh:2147483647: cwnd:10: delivered:1: lost:0: retrans:0
[  327.512101] AAAAA-TCP_RECV: name:enp0s3: saddr:100932208: daddr:16783984: srtt_us:1503688: RTT:187961: ssthresh:2147483647: cwnd:10: delivered:1: lost:0: retrans:0
[  327.512146] AAAAA-TCP_SEND: name:enp0s3: saddr:16783984: daddr:100932208: srtt_us:1503688: RTT:187961: ssthresh:2147483647: cwnd:10: delivered:1: lost:0: retrans:0
[  327.662186] AAAAA-TCP_RECV: name:enp0s3: saddr:100932208: daddr:16783984: srtt_us:1503688: RTT:187961: ssthresh:2147483647: cwnd:10: delivered:1: lost:0: retrans:0
[  327.662250] AAAAA-TCP_SEND: name:enp0s3: saddr:16783984: daddr:100932208: srtt_us:1503688: RTT:187961: ssthresh:2147483647: cwnd:10: delivered:1: lost:0: retrans:0
[  327.867304] AAAAA-TCP_RECV: name:enp0s3: saddr:100932208: daddr:16783984: srtt_us:1503688: RTT:187961: ssthresh:2147483647: cwnd:10: delivered:1: lost:0: retrans:0
[  327.867343] AAAAA-TCP_SEND: name:enp0s3: saddr:16783984: daddr:100932208: srtt_us:1503688: RTT:187961: ssthresh:2147483647: cwnd:10: delivered:1: lost:0: retrans:0
[  327.922876] AAAAA-TCP_RECV: name:enp0s3: saddr:100932208: daddr:16783984: srtt_us:1503688: RTT:187961: ssthresh:2147483647: cwnd:10: delivered:1: lost:0: retrans:0
[  327.922922] AAAAA-TCP_SEND: name:enp0s3: saddr:16783984: daddr:100932208: srtt_us:1503688: RTT:187961: ssthresh:2147483647: cwnd:10: delivered:1: lost:0: retrans:0
[  328.058242] AAAAA-TCP_RECV: name:enp0s3: saddr:100932208: daddr:16783984: srtt_us:1503688: RTT:187961: ssthresh:2147483647: cwnd:10: delivered:1: lost:0: retrans:0
[  328.058290] AAAAA-TCP_SEND: name:enp0s3: saddr:16783984: daddr:100932208: srtt_us:1503688: RTT:187961: ssthresh:2147483647: cwnd:10: delivered:1: lost:0: retrans:0
[  328.267700] AAAAA-TCP_RECV: name:enp0s3: saddr:100932208: daddr:16783984: srtt_us:1503688: RTT:187961: ssthresh:2147483647: cwnd:10: delivered:1: lost:0: retrans:0
[  328.267751] AAAAA-TCP_SEND: name:enp0s3: saddr:16783984: daddr:100932208: srtt_us:1503688: RTT:187961: ssthresh:2147483647: cwnd:10: delivered:1: lost:0: retrans:0
[  328.398233] AAAAA-TCP_RECV: name:enp0s3: saddr:100932208: daddr:16783984: srtt_us:1503688: RTT:187961: ssthresh:2147483647: cwnd:10: delivered:1: lost:0: retrans:0
[  328.398283] AAAAA-TCP_SEND: name:enp0s3: saddr:16783984: daddr:100932208: srtt_us:1503688: RTT:187961: ssthresh:2147483647: cwnd:10: delivered:1: lost:0: retrans:0
[  328.453614] AAAAA-TCP_RECV: name:enp0s3: saddr:100932208: daddr:16783984: srtt_us:1503688: RTT:187961: ssthresh:2147483647: cwnd:10: delivered:1: lost:0: retrans:0
[  328.453657] AAAAA-TCP_SEND: name:enp0s3: saddr:16783984: daddr:100932208: srtt_us:1503688: RTT:187961: ssthresh:2147483647: cwnd:10: delivered:1: lost:0: retrans:0
[  328.563789] AAAAA-TCP_RECV: name:enp0s3: saddr:100932208: daddr:16783984: srtt_us:1503688: RTT:187961: ssthresh:2147483647: cwnd:10: delivered:1: lost:0: retrans:0
[  328.563830] AAAAA-TCP_SEND: name:enp0s3: saddr:16783984: daddr:100932208: srtt_us:1503688: RTT:187961: ssthresh:2147483647: cwnd:10: delivered:1: lost:0: retrans:0
[  328.705387] AAAAA-TCP_RECV: name:enp0s3: saddr:100932208: daddr:16783984: srtt_us:1503688: RTT:187961: ssthresh:2147483647: cwnd:10: delivered:1: lost:0: retrans:0
[  328.705441] AAAAA-TCP_SEND: name:enp0s3: saddr:16783984: daddr:100932208: srtt_us:1503688: RTT:187961: ssthresh:2147483647: cwnd:10: delivered:1: lost:0: retrans:0
[  328.879683] AAAAA-TCP_RECV: name:enp0s3: saddr:100932208: daddr:16783984: srtt_us:1503688: RTT:187961: ssthresh:2147483647: cwnd:10: delivered:1: lost:0: retrans:0
[  328.879756] AAAAA-TCP_SEND: name:enp0s3: saddr:16783984: daddr:100932208: srtt_us:1503688: RTT:187961: ssthresh:2147483647: cwnd:10: delivered:1: lost:0: retrans:0
[  328.944424] AAAAA-TCP_RECV: name:enp0s3: saddr:100932208: daddr:16783984: srtt_us:1503688: RTT:187961: ssthresh:2147483647: cwnd:10: delivered:1: lost:0: retrans:0
[  328.944463] AAAAA-TCP_SEND: name:enp0s3: saddr:16783984: daddr:100932208: srtt_us:1503688: RTT:187961: ssthresh:2147483647: cwnd:10: delivered:1: lost:0: retrans:0
[  329.025688] AAAAA-TCP_RECV: name:enp0s3: saddr:100932208: daddr:16783984: srtt_us:1503688: RTT:187961: ssthresh:2147483647: cwnd:10: delivered:1: lost:0: retrans:0
[  329.025724] AAAAA-TCP_SEND: name:enp0s3: saddr:16783984: daddr:100932208: srtt_us:1503688: RTT:187961: ssthresh:2147483647: cwnd:10: delivered:1: lost:0: retrans:0
[  329.299777] AAAAA-TCP_RECV: name:enp0s3: saddr:100932208: daddr:16783984: srtt_us:1503688: RTT:187961: ssthresh:2147483647: cwnd:10: delivered:1: lost:0: retrans:0
[  329.299817] AAAAA-TCP_SEND: name:enp0s3: saddr:16783984: daddr:100932208: srtt_us:1503688: RTT:187961: ssthresh:2147483647: cwnd:10: delivered:1: lost:0: retrans:0
[  329.358929] AAAAA-TCP_RECV: name:enp0s3: saddr:100932208: daddr:16783984: srtt_us:1503688: RTT:187961: ssthresh:2147483647: cwnd:10: delivered:1: lost:0: retrans:0
[  329.358948] AAAAA-TCP_SEND: name:enp0s3: saddr:16783984: daddr:100932208: srtt_us:1503688: RTT:187961: ssthresh:2147483647: cwnd:10: delivered:1: lost:0: retrans:0
[  329.412476] AAAAA-TCP_RECV: name:enp0s3: saddr:100932208: daddr:16783984: srtt_us:1503688: RTT:187961: ssthresh:2147483647: cwnd:10: delivered:1: lost:0: retrans:0
[  329.455164] AAAAA-TCP_SEND: name:enp0s3: saddr:16783984: daddr:100932208: srtt_us:1503688: RTT:187961: ssthresh:2147483647: cwnd:10: delivered:1: lost:0: retrans:0
[  329.526314] AAAAA-TCP_RECV: name:enp0s3: saddr:100932208: daddr:16783984: srtt_us:1503688: RTT:187961: ssthresh:2147483647: cwnd:10: delivered:1: lost:0: retrans:0
[  329.607144] AAAAA-TCP_SEND: name:enp0s3: saddr:16783984: daddr:100932208: srtt_us:1503688: RTT:187961: ssthresh:2147483647: cwnd:10: delivered:1: lost:0: retrans:0
[  329.753974] AAAAA-TCP_RECV: name:enp0s3: saddr:100932208: daddr:16783984: srtt_us:1503688: RTT:187961: ssthresh:2147483647: cwnd:10: delivered:1: lost:0: retrans:0
[  329.798496] AAAAA-TCP_RECV: name:enp0s3: saddr:100932208: daddr:16783984: srtt_us:1503688: RTT:187961: ssthresh:2147483647: cwnd:10: delivered:1: lost:0: retrans:0
[  329.798533] AAAAA-TCP_SEND: name:enp0s3: saddr:16783984: daddr:100932208: srtt_us:1503688: RTT:187961: ssthresh:2147483647: cwnd:10: delivered:1: lost:0: retrans:0
[  329.834494] AAAAA-TCP_RECV: name:enp0s3: saddr:100932208: daddr:16783984: srtt_us:1503688: RTT:187961: ssthresh:2147483647: cwnd:10: delivered:1: lost:0: retrans:0
[  329.931245] AAAAA-TCP_SEND: name:enp0s3: saddr:16783984: daddr:100932208: srtt_us:1503688: RTT:187961: ssthresh:2147483647: cwnd:10: delivered:1: lost:0: retrans:0
[  329.931502] AAAAA-TCP_RECV: name:enp0s3: saddr:100932208: daddr:16783984: srtt_us:1503688: RTT:187961: ssthresh:2147483647: cwnd:10: delivered:1: lost:0: retrans:0
[  330.012219] AAAAA-TCP_RECV: name:enp0s3: saddr:100932208: daddr:16783984: srtt_us:1503688: RTT:187961: ssthresh:2147483647: cwnd:10: delivered:1: lost:0: retrans:0
[  330.012268] AAAAA-TCP_SEND: name:enp0s3: saddr:16783984: daddr:100932208: srtt_us:1503688: RTT:187961: ssthresh:2147483647: cwnd:10: delivered:1: lost:0: retrans:0
[  330.123621] AAAAA-TCP_RECV: name:enp0s3: saddr:100932208: daddr:16783984: srtt_us:1503688: RTT:187961: ssthresh:2147483647: cwnd:10: delivered:1: lost:0: retrans:0
[  330.249322] AAAAA-TCP_RECV: name:enp0s3: saddr:100932208: daddr:33561200: srtt_us:1724024: RTT:215503: ssthresh:2147483647: cwnd:10: delivered:1: lost:0: retrans:0
[  330.249376] AAAAA-TCP_SEND: name:enp0s3: saddr:33561200: daddr:100932208: srtt_us:1724024: RTT:215503: ssthresh:2147483647: cwnd:10: delivered:1: lost:0: retrans:0
[  330.314582] AAAAA-TCP_RECV: name:enp0s3: saddr:100932208: daddr:33561200: srtt_us:1724024: RTT:215503: ssthresh:2147483647: cwnd:10: delivered:1: lost:0: retrans:0
[  330.314629] AAAAA-TCP_SEND: name:enp0s3: saddr:33561200: daddr:100932208: srtt_us:1724024: RTT:215503: ssthresh:2147483647: cwnd:10: delivered:1: lost:0: retrans:0
[  330.315299] AAAAA-TCP_SEND: name:enp0s3: saddr:16783984: daddr:100932208: srtt_us:1503688: RTT:187961: ssthresh:2147483647: cwnd:10: delivered:1: lost:0: retrans:0
[  330.473192] AAAAA-TCP_RECV: name:enp0s3: saddr:100932208: daddr:33561200: srtt_us:1724024: RTT:215503: ssthresh:2147483647: cwnd:10: delivered:1: lost:0: retrans:0
[  330.473236] AAAAA-TCP_SEND: name:enp0s3: saddr:33561200: daddr:100932208: srtt_us:1724024: RTT:215503: ssthresh:2147483647: cwnd:10: delivered:1: lost:0: retrans:0
[  330.622301] AAAAA-TCP_RECV: name:enp0s3: saddr:100932208: daddr:33561200: srtt_us:1724024: RTT:215503: ssthresh:2147483647: cwnd:10: delivered:1: lost:0: retrans:0
[  330.622348] AAAAA-TCP_SEND: name:enp0s3: saddr:33561200: daddr:100932208: srtt_us:1724024: RTT:215503: ssthresh:2147483647: cwnd:10: delivered:1: lost:0: retrans:0
[  330.799210] AAAAA-TCP_RECV: name:enp0s3: saddr:100932208: daddr:33561200: srtt_us:1724024: RTT:215503: ssthresh:2147483647: cwnd:10: delivered:1: lost:0: retrans:0
[  330.799257] AAAAA-TCP_SEND: name:enp0s3: saddr:33561200: daddr:100932208: srtt_us:1724024: RTT:215503: ssthresh:2147483647: cwnd:10: delivered:1: lost:0: retrans:0
[  330.856924] AAAAA-TCP_RECV: name:enp0s3: saddr:100932208: daddr:33561200: srtt_us:1724024: RTT:215503: ssthresh:2147483647: cwnd:10: delivered:1: lost:0: retrans:0
[  330.856971] AAAAA-TCP_SEND: name:enp0s3: saddr:33561200: daddr:100932208: srtt_us:1724024: RTT:215503: ssthresh:2147483647: cwnd:10: delivered:1: lost:0: retrans:0
[  331.016616] AAAAA-TCP_RECV: name:enp0s3: saddr:100932208: daddr:33561200: srtt_us:1724024: RTT:215503: ssthresh:2147483647: cwnd:10: delivered:1: lost:0: retrans:0
[  331.016643] AAAAA-TCP_SEND: name:enp0s3: saddr:33561200: daddr:100932208: srtt_us:1724024: RTT:215503: ssthresh:2147483647: cwnd:10: delivered:1: lost:0: retrans:0
[  331.153055] AAAAA-TCP_RECV: name:enp0s3: saddr:100932208: daddr:33561200: srtt_us:1724024: RTT:215503: ssthresh:2147483647: cwnd:10: delivered:1: lost:0: retrans:0
[  331.153100] AAAAA-TCP_SEND: name:enp0s3: saddr:33561200: daddr:100932208: srtt_us:1724024: RTT:215503: ssthresh:2147483647: cwnd:10: delivered:1: lost:0: retrans:0
[  331.251987] AAAAA-TCP_RECV: name:enp0s3: saddr:100932208: daddr:33561200: srtt_us:1724024: RTT:215503: ssthresh:2147483647: cwnd:10: delivered:1: lost:0: retrans:0
[  331.252026] AAAAA-TCP_SEND: name:enp0s3: saddr:33561200: daddr:100932208: srtt_us:1724024: RTT:215503: ssthresh:2147483647: cwnd:10: delivered:1: lost:0: retrans:0
[  331.334035] AAAAA-TCP_RECV: name:enp0s3: saddr:100932208: daddr:33561200: srtt_us:1724024: RTT:215503: ssthresh:2147483647: cwnd:10: delivered:1: lost:0: retrans:0
[  331.334111] AAAAA-TCP_SEND: name:enp0s3: saddr:33561200: daddr:100932208: srtt_us:1724024: RTT:215503: ssthresh:2147483647: cwnd:10: delivered:1: lost:0: retrans:0
[  331.398440] AAAAA-TCP_RECV: name:enp0s3: saddr:100932208: daddr:33561200: srtt_us:1724024: RTT:215503: ssthresh:2147483647: cwnd:10: delivered:1: lost:0: retrans:0
[  331.398517] AAAAA-TCP_SEND: name:enp0s3: saddr:33561200: daddr:100932208: srtt_us:1724024: RTT:215503: ssthresh:2147483647: cwnd:10: delivered:1: lost:0: retrans:0
[  331.523956] AAAAA-TCP_RECV: name:enp0s3: saddr:100932208: daddr:33561200: srtt_us:1724024: RTT:215503: ssthresh:2147483647: cwnd:10: delivered:1: lost:0: retrans:0
[  331.524003] AAAAA-TCP_SEND: name:enp0s3: saddr:33561200: daddr:100932208: srtt_us:1724024: RTT:215503: ssthresh:2147483647: cwnd:10: delivered:1: lost:0: retrans:0
[  331.590445] AAAAA-TCP_RECV: name:enp0s3: saddr:100932208: daddr:33561200: srtt_us:1724024: RTT:215503: ssthresh:2147483647: cwnd:10: delivered:1: lost:0: retrans:0
[  331.590498] AAAAA-TCP_SEND: name:enp0s3: saddr:33561200: daddr:100932208: srtt_us:1724024: RTT:215503: ssthresh:2147483647: cwnd:10: delivered:1: lost:0: retrans:0
[  331.714267] AAAAA-TCP_RECV: name:enp0s3: saddr:100932208: daddr:33561200: srtt_us:1724024: RTT:215503: ssthresh:2147483647: cwnd:10: delivered:1: lost:0: retrans:0
[  331.714341] AAAAA-TCP_SEND: name:enp0s3: saddr:33561200: daddr:100932208: srtt_us:1724024: RTT:215503: ssthresh:2147483647: cwnd:10: delivered:1: lost:0: retrans:0
[  331.846591] AAAAA-TCP_RECV: name:enp0s3: saddr:100932208: daddr:33561200: srtt_us:1724024: RTT:215503: ssthresh:2147483647: cwnd:10: delivered:1: lost:0: retrans:0
[  331.846669] AAAAA-TCP_SEND: name:enp0s3: saddr:33561200: daddr:100932208: srtt_us:1724024: RTT:215503: ssthresh:2147483647: cwnd:10: delivered:1: lost:0: retrans:0
[  331.942720] AAAAA-TCP_RECV: name:enp0s3: saddr:100932208: daddr:16783984: srtt_us:1503688: RTT:187961: ssthresh:2147483647: cwnd:10: delivered:1: lost:0: retrans:0
[  331.942804] AAAAA-TCP_SEND: name:enp0s3: saddr:16783984: daddr:100932208: srtt_us:1503688: RTT:187961: ssthresh:2147483647: cwnd:10: delivered:1: lost:0: retrans:0
[  332.004549] AAAAA-TCP_RECV: name:enp0s3: saddr:100932208: daddr:16783984: srtt_us:1503688: RTT:187961: ssthresh:2147483647: cwnd:10: delivered:1: lost:0: retrans:0
[  332.004590] AAAAA-TCP_SEND: name:enp0s3: saddr:16783984: daddr:100932208: srtt_us:1503688: RTT:187961: ssthresh:2147483647: cwnd:10: delivered:1: lost:0: retrans:0
[  332.051204] AAAAA-TCP_RECV: name:enp0s3: saddr:100932208: daddr:16783984: srtt_us:1503688: RTT:187961: ssthresh:2147483647: cwnd:10: delivered:1: lost:0: retrans:0
[  332.051243] AAAAA-TCP_SEND: name:enp0s3: saddr:16783984: daddr:100932208: srtt_us:1503688: RTT:187961: ssthresh:2147483647: cwnd:10: delivered:1: lost:0: retrans:0
[  332.140517] AAAAA-TCP_RECV: name:enp0s3: saddr:100932208: daddr:16783984: srtt_us:1503688: RTT:187961: ssthresh:2147483647: cwnd:10: delivered:1: lost:0: retrans:0
[  332.140553] AAAAA-TCP_SEND: name:enp0s3: saddr:16783984: daddr:100932208: srtt_us:1503688: RTT:187961: ssthresh:2147483647: cwnd:10: delivered:1: lost:0: retrans:0
[  332.194185] AAAAA-TCP_RECV: name:enp0s3: saddr:100932208: daddr:16783984: srtt_us:1503688: RTT:187961: ssthresh:2147483647: cwnd:10: delivered:1: lost:0: retrans:0
[  332.194214] AAAAA-TCP_SEND: name:enp0s3: saddr:16783984: daddr:100932208: srtt_us:1503688: RTT:187961: ssthresh:2147483647: cwnd:10: delivered:1: lost:0: retrans:0
[  332.287204] AAAAA-TCP_RECV: name:enp0s3: saddr:100932208: daddr:16783984: srtt_us:1503688: RTT:187961: ssthresh:2147483647: cwnd:10: delivered:1: lost:0: retrans:0
[  332.287237] AAAAA-TCP_SEND: name:enp0s3: saddr:16783984: daddr:100932208: srtt_us:1503688: RTT:187961: ssthresh:2147483647: cwnd:10: delivered:1: lost:0: retrans:0
[  332.388994] AAAAA-TCP_RECV: name:enp0s3: saddr:100932208: daddr:16783984: srtt_us:1503688: RTT:187961: ssthresh:2147483647: cwnd:10: delivered:1: lost:0: retrans:0
[  332.389034] AAAAA-TCP_SEND: name:enp0s3: saddr:16783984: daddr:100932208: srtt_us:1503688: RTT:187961: ssthresh:2147483647: cwnd:10: delivered:1: lost:0: retrans:0
[  332.494458] AAAAA-TCP_RECV: name:enp0s3: saddr:100932208: daddr:16783984: srtt_us:1503688: RTT:187961: ssthresh:2147483647: cwnd:10: delivered:1: lost:0: retrans:0
[  332.494501] AAAAA-TCP_SEND: name:enp0s3: saddr:16783984: daddr:100932208: srtt_us:1503688: RTT:187961: ssthresh:2147483647: cwnd:10: delivered:1: lost:0: retrans:0
[  332.789553] AAAAA-TCP_RECV: name:enp0s3: saddr:100932208: daddr:16783984: srtt_us:1503688: RTT:187961: ssthresh:2147483647: cwnd:10: delivered:1: lost:0: retrans:0
[  332.789603] AAAAA-TCP_SEND: name:enp0s3: saddr:16783984: daddr:100932208: srtt_us:1503688: RTT:187961: ssthresh:2147483647: cwnd:10: delivered:1: lost:0: retrans:0
[  332.818642] AAAAA-TCP_RECV: name:enp0s3: saddr:100932208: daddr:16783984: srtt_us:1503688: RTT:187961: ssthresh:2147483647: cwnd:10: delivered:1: lost:0: retrans:0
[  332.818689] AAAAA-TCP_SEND: name:enp0s3: saddr:16783984: daddr:100932208: srtt_us:1503688: RTT:187961: ssthresh:2147483647: cwnd:10: delivered:1: lost:0: retrans:0
[  332.993167] AAAAA-TCP_RECV: name:enp0s3: saddr:100932208: daddr:16783984: srtt_us:1503688: RTT:187961: ssthresh:2147483647: cwnd:10: delivered:1: lost:0: retrans:0
[  332.993214] AAAAA-TCP_SEND: name:enp0s3: saddr:16783984: daddr:100932208: srtt_us:1503688: RTT:187961: ssthresh:2147483647: cwnd:10: delivered:1: lost:0: retrans:0
[  333.290165] AAAAA-TCP_RECV: name:enp0s3: saddr:100932208: daddr:16783984: srtt_us:1503688: RTT:187961: ssthresh:2147483647: cwnd:10: delivered:1: lost:0: retrans:0
[  333.290212] AAAAA-TCP_SEND: name:enp0s3: saddr:16783984: daddr:100932208: srtt_us:1503688: RTT:187961: ssthresh:2147483647: cwnd:10: delivered:1: lost:0: retrans:0
[  333.390344] AAAAA-TCP_RECV: name:enp0s3: saddr:100932208: daddr:16783984: srtt_us:1503688: RTT:187961: ssthresh:2147483647: cwnd:10: delivered:1: lost:0: retrans:0
[  333.390372] AAAAA-TCP_SEND: name:enp0s3: saddr:16783984: daddr:100932208: srtt_us:1503688: RTT:187961: ssthresh:2147483647: cwnd:10: delivered:1: lost:0: retrans:0
[  333.592957] AAAAA-TCP_RECV: name:enp0s3: saddr:100932208: daddr:16783984: srtt_us:1503688: RTT:187961: ssthresh:2147483647: cwnd:10: delivered:1: lost:0: retrans:0
[  333.593004] AAAAA-TCP_SEND: name:enp0s3: saddr:16783984: daddr:100932208: srtt_us:1503688: RTT:187961: ssthresh:2147483647: cwnd:10: delivered:1: lost:0: retrans:0
[  333.813563] AAAAA-TCP_RECV: name:enp0s3: saddr:100932208: daddr:16783984: srtt_us:1503688: RTT:187961: ssthresh:2147483647: cwnd:10: delivered:1: lost:0: retrans:0
[  333.813614] AAAAA-TCP_SEND: name:enp0s3: saddr:16783984: daddr:100932208: srtt_us:1503688: RTT:187961: ssthresh:2147483647: cwnd:10: delivered:1: lost:0: retrans:0
[  333.848023] AAAAA-TCP_RECV: name:enp0s3: saddr:100932208: daddr:16783984: srtt_us:1503688: RTT:187961: ssthresh:2147483647: cwnd:10: delivered:1: lost:0: retrans:0
[  333.848093] AAAAA-TCP_SEND: name:enp0s3: saddr:16783984: daddr:100932208: srtt_us:1503688: RTT:187961: ssthresh:2147483647: cwnd:10: delivered:1: lost:0: retrans:0
[  333.892294] AAAAA-TCP_RECV: name:enp0s3: saddr:100932208: daddr:16783984: srtt_us:1503688: RTT:187961: ssthresh:2147483647: cwnd:10: delivered:1: lost:0: retrans:0
[  333.935144] AAAAA-TCP_SEND: name:enp0s3: saddr:16783984: daddr:100932208: srtt_us:1503688: RTT:187961: ssthresh:2147483647: cwnd:10: delivered:1: lost:0: retrans:0
[  333.941537] AAAAA-TCP_RECV: name:enp0s3: saddr:100932208: daddr:16783984: srtt_us:1503688: RTT:187961: ssthresh:2147483647: cwnd:10: delivered:1: lost:0: retrans:0
[  333.979442] AAAAA-TCP_RECV: name:enp0s3: saddr:100932208: daddr:16783984: srtt_us:1503688: RTT:187961: ssthresh:2147483647: cwnd:10: delivered:1: lost:0: retrans:0
[  333.979485] AAAAA-TCP_SEND: name:enp0s3: saddr:16783984: daddr:100932208: srtt_us:1503688: RTT:187961: ssthresh:2147483647: cwnd:10: delivered:1: lost:0: retrans:0
[  334.022655] AAAAA-TCP_RECV: name:enp0s3: saddr:100932208: daddr:16783984: srtt_us:1503688: RTT:187961: ssthresh:2147483647: cwnd:10: delivered:1: lost:0: retrans:0
[  334.103139] AAAAA-TCP_SEND: name:enp0s3: saddr:16783984: daddr:100932208: srtt_us:1503688: RTT:187961: ssthresh:2147483647: cwnd:10: delivered:1: lost:0: retrans:0
