[    0.000000] Linux version 5.4.243-mptcp (root@ztg) (gcc version 12.2.0 (Debian 12.2.0-14+deb12u1)) #53 SMP Wed Dec 24 23:28:15 CST 2025
[    0.000000] Command line: BOOT_IMAGE=/boot/vmlinuz-5.4.243-mptcp root=UUID=98415a12-53b7-4144-8265-0f7ece09e445 ro quiet splash
[    0.000000] KERNEL supported cpus:
[    0.000000]   Intel GenuineIntel
[    0.000000]   AMD AuthenticAMD
[    0.000000]   Hygon HygonGenuine
[    0.000000]   Centaur CentaurHauls
[    0.000000]   zhaoxin   Shanghai  
[    0.000000] x86/fpu: Supporting XSAVE feature 0x001: 'x87 floating point registers'
[    0.000000] x86/fpu: Supporting XSAVE feature 0x002: 'SSE registers'
[    0.000000] x86/fpu: Supporting XSAVE feature 0x004: 'AVX registers'
[    0.000000] x86/fpu: xstate_offset[2]:  576, xstate_sizes[2]:  256
[    0.000000] x86/fpu: Enabled xstate features 0x7, context size is 832 bytes, using 'standard' format.
[    0.000000] BIOS-provided physical RAM map:
[    0.000000] BIOS-e820: [mem 0x0000000000000000-0x000000000009fbff] usable
[    0.000000] BIOS-e820: [mem 0x000000000009fc00-0x000000000009ffff] reserved
[    0.000000] BIOS-e820: [mem 0x00000000000f0000-0x00000000000fffff] reserved
[    0.000000] BIOS-e820: [mem 0x0000000000100000-0x000000007ffeffff] usable
[    0.000000] BIOS-e820: [mem 0x000000007fff0000-0x000000007fffffff] ACPI data
[    0.000000] BIOS-e820: [mem 0x00000000fec00000-0x00000000fec00fff] reserved
[    0.000000] BIOS-e820: [mem 0x00000000fee00000-0x00000000fee00fff] reserved
[    0.000000] BIOS-e820: [mem 0x00000000fffc0000-0x00000000ffffffff] reserved
[    0.000000] NX (Execute Disable) protection: active
[    0.000000] SMBIOS 2.5 present.
[    0.000000] DMI: innotek GmbH VirtualBox/VirtualBox, BIOS VirtualBox 12/01/2006
[    0.000000] Hypervisor detected: KVM
[    0.000000] kvm-clock: Using msrs 4b564d01 and 4b564d00
[    0.000000] kvm-clock: cpu 0, msr 4a801001, primary cpu clock
[    0.000000] kvm-clock: using sched offset of 4468637797 cycles
[    0.000003] clocksource: kvm-clock: mask: 0xffffffffffffffff max_cycles: 0x1cd42e4dffb, max_idle_ns: 881590591483 ns
[    0.000005] tsc: Detected 2100.000 MHz processor
[    0.001919] e820: update [mem 0x00000000-0x00000fff] usable ==> reserved
[    0.001921] e820: remove [mem 0x000a0000-0x000fffff] usable
[    0.001925] last_pfn = 0x7fff0 max_arch_pfn = 0x400000000
[    0.001996] MTRR default type: uncachable
[    0.001997] MTRR fixed ranges enabled:
[    0.001998]   00000-9FFFF write-back
[    0.001999]   A0000-BFFFF uncachable
[    0.002000]   C0000-FFFFF write-protect
[    0.002001] MTRR variable ranges enabled:
[    0.002003]   0 base 000000000000 mask 3FFF80000000 write-back
[    0.002004]   1 disabled
[    0.002005]   2 disabled
[    0.002005]   3 disabled
[    0.002006]   4 disabled
[    0.002007]   5 disabled
[    0.002007]   6 disabled
[    0.002008]   7 disabled
[    0.002008]   8 disabled
[    0.002009]   9 disabled
[    0.002010]   10 disabled
[    0.002010]   11 disabled
[    0.002011]   12 disabled
[    0.002011]   13 disabled
[    0.002012]   14 disabled
[    0.002012]   15 disabled
[    0.002033] x86/PAT: Configuration [0-7]: WB  WC  UC- UC  WB  WP  UC- WT  
[    0.002178] found SMP MP-table at [mem 0x0009fff0-0x0009ffff]
[    0.092829] check: Scanning 1 areas for low memory corruption
[    0.093074] RAMDISK: [mem 0x32271000-0x3512ffff]
[    0.093082] ACPI: Early table checksum verification disabled
[    0.093087] ACPI: RSDP 0x00000000000E0000 000024 (v02 VBOX  )
[    0.093091] ACPI: XSDT 0x000000007FFF0030 00003C (v01 VBOX   VBOXXSDT 00000001 ASL  00000061)
[    0.093097] ACPI: FACP 0x000000007FFF00F0 0000F4 (v04 VBOX   VBOXFACP 00000001 ASL  00000061)
[    0.093104] ACPI: DSDT 0x000000007FFF02E0 002353 (v02 VBOX   VBOXBIOS 00000002 VBOX 00029BF3)
[    0.093108] ACPI: FACS 0x000000007FFF0200 000040
[    0.093112] ACPI: FACS 0x000000007FFF0200 000040
[    0.093115] ACPI: APIC 0x000000007FFF0240 000054 (v02 VBOX   VBOXAPIC 00000001 ASL  00000061)
[    0.093118] ACPI: SSDT 0x000000007FFF02A0 000038 (v01 VBOX   VBOXCPUT 00000002 VBOX 00029BF3)
[    0.093122] ACPI: Reserving FACP table memory at [mem 0x7fff00f0-0x7fff01e3]
[    0.093123] ACPI: Reserving DSDT table memory at [mem 0x7fff02e0-0x7fff2632]
[    0.093123] ACPI: Reserving FACS table memory at [mem 0x7fff0200-0x7fff023f]
[    0.093124] ACPI: Reserving FACS table memory at [mem 0x7fff0200-0x7fff023f]
[    0.093125] ACPI: Reserving APIC table memory at [mem 0x7fff0240-0x7fff0293]
[    0.093125] ACPI: Reserving SSDT table memory at [mem 0x7fff02a0-0x7fff02d7]
[    0.093140] ACPI: Local APIC address 0xfee00000
[    0.093333] No NUMA configuration found
[    0.093334] Faking a node at [mem 0x0000000000000000-0x000000007ffeffff]
[    0.093344] NODE_DATA(0) allocated [mem 0x7ffc5000-0x7ffeffff]
[    0.093604] Zone ranges:
[    0.093605]   DMA      [mem 0x0000000000001000-0x0000000000ffffff]
[    0.093606]   DMA32    [mem 0x0000000001000000-0x000000007ffeffff]
[    0.093607]   Normal   empty
[    0.093608]   Device   empty
[    0.093608] Movable zone start for each node
[    0.093610] Early memory node ranges
[    0.093611]   node   0: [mem 0x0000000000001000-0x000000000009efff]
[    0.093612]   node   0: [mem 0x0000000000100000-0x000000007ffeffff]
[    0.093615] Zeroed struct page in unavailable ranges: 114 pages
[    0.093616] Initmem setup node 0 [mem 0x0000000000001000-0x000000007ffeffff]
[    0.093617] On node 0 totalpages: 524174
[    0.093618]   DMA zone: 64 pages used for memmap
[    0.093618]   DMA zone: 21 pages reserved
[    0.093619]   DMA zone: 3998 pages, LIFO batch:0
[    0.093690]   DMA32 zone: 8128 pages used for memmap
[    0.093691]   DMA32 zone: 520176 pages, LIFO batch:63
[    0.102650] ACPI: PM-Timer IO Port: 0x4008
[    0.102654] ACPI: Local APIC address 0xfee00000
[    0.102736] IOAPIC[0]: apic_id 1, version 32, address 0xfec00000, GSI 0-23
[    0.102740] ACPI: INT_SRC_OVR (bus 0 bus_irq 0 global_irq 2 dfl dfl)
[    0.102741] ACPI: INT_SRC_OVR (bus 0 bus_irq 9 global_irq 9 low level)
[    0.102744] ACPI: IRQ0 used by override.
[    0.102745] ACPI: IRQ9 used by override.
[    0.102747] Using ACPI (MADT) for SMP configuration information
[    0.102754] smpboot: Allowing 1 CPUs, 0 hotplug CPUs
[    0.102777] PM: Registered nosave memory: [mem 0x00000000-0x00000fff]
[    0.102778] PM: Registered nosave memory: [mem 0x0009f000-0x0009ffff]
[    0.102779] PM: Registered nosave memory: [mem 0x000a0000-0x000effff]
[    0.102779] PM: Registered nosave memory: [mem 0x000f0000-0x000fffff]
[    0.102781] [mem 0x80000000-0xfebfffff] available for PCI devices
[    0.102782] Booting paravirtualized kernel on KVM
[    0.102785] clocksource: refined-jiffies: mask: 0xffffffff max_cycles: 0xffffffff, max_idle_ns: 7645519600211568 ns
[    0.102790] setup_percpu: NR_CPUS:8192 nr_cpumask_bits:1 nr_cpu_ids:1 nr_node_ids:1
[    0.103790] percpu: Embedded 60 pages/cpu s208896 r8192 d28672 u2097152
[    0.103795] pcpu-alloc: s208896 r8192 d28672 u2097152 alloc=1*2097152
[    0.103796] pcpu-alloc: [0] 0 
[    0.103824] Built 1 zonelists, mobility grouping on.  Total pages: 515961
[    0.103824] Policy zone: DMA32
[    0.103826] Kernel command line: BOOT_IMAGE=/boot/vmlinuz-5.4.243-mptcp root=UUID=98415a12-53b7-4144-8265-0f7ece09e445 ro quiet splash
[    0.104684] Dentry cache hash table entries: 262144 (order: 9, 2097152 bytes, linear)
[    0.104831] Inode-cache hash table entries: 131072 (order: 8, 1048576 bytes, linear)
[    0.104883] mem auto-init: stack:off, heap alloc:on, heap free:off
[    0.104886] Calgary: detecting Calgary via BIOS EBDA area
[    0.104887] Calgary: Unable to locate Rio Grande table in EBDA - bailing!
[    0.109088] Memory: 1967332K/2096696K available (14339K kernel code, 2398K rwdata, 4712K rodata, 2728K init, 17260K bss, 129364K reserved, 0K cma-reserved)
[    0.110005] SLUB: HWalign=64, Order=0-3, MinObjects=0, CPUs=1, Nodes=1
[    0.110022] ftrace: allocating 43186 entries in 169 pages
[    0.128174] rcu: Hierarchical RCU implementation.
[    0.128175] rcu: 	RCU restricting CPUs from NR_CPUS=8192 to nr_cpu_ids=1.
[    0.128176] 	Tasks RCU enabled.
[    0.128178] rcu: RCU calculated value of scheduler-enlistment delay is 25 jiffies.
[    0.128178] rcu: Adjusting geometry for rcu_fanout_leaf=16, nr_cpu_ids=1
[    0.131140] NR_IRQS: 524544, nr_irqs: 256, preallocated irqs: 16
[    0.131366] random: crng init done
[    0.140765] Console: colour VGA+ 80x25
[    0.140769] printk: console [tty0] enabled
[    0.140792] ACPI: Core revision 20190816
[    0.140907] APIC: Switch to symmetric I/O mode setup
[    0.141156] x2apic enabled
[    0.141392] Switched APIC routing to physical x2apic.
[    0.142515] ..TIMER: vector=0x30 apic1=0 pin1=2 apic2=-1 pin2=-1
[    0.142540] clocksource: tsc-early: mask: 0xffffffffffffffff max_cycles: 0x1e4530a99b6, max_idle_ns: 440795257976 ns
[    0.142546] Calibrating delay loop (skipped) preset value.. 4200.00 BogoMIPS (lpj=8400000)
[    0.142548] pid_max: default: 32768 minimum: 301
[    0.142577] LSM: Security Framework initializing
[    0.142587] Yama: becoming mindful.
[    0.142613] AppArmor: AppArmor initialized
[    0.142647] Mount-cache hash table entries: 4096 (order: 3, 32768 bytes, linear)
[    0.142652] Mountpoint-cache hash table entries: 4096 (order: 3, 32768 bytes, linear)
[    0.142662] *** VALIDATE tmpfs ***
[    0.142801] *** VALIDATE proc ***
[    0.142842] *** VALIDATE cgroup1 ***
[    0.142844] *** VALIDATE cgroup2 ***
[    0.142989] process: using mwait in idle threads
[    0.142994] Last level iTLB entries: 4KB 64, 2MB 8, 4MB 8
[    0.142994] Last level dTLB entries: 4KB 64, 2MB 0, 4MB 0, 1GB 4
[    0.143016] Spectre V1 : Mitigation: usercopy/swapgs barriers and __user pointer sanitization
[    0.143021] Spectre V2 : Mitigation: Retpolines
[    0.143022] Spectre V2 : Spectre v2 / SpectreRSB mitigation: Filling RSB on context switch
[    0.143023] Spectre V2 : Spectre v2 / SpectreRSB : Filling RSB on VMEXIT
[    0.143023] RETBleed: WARNING: Spectre v2 mitigation leaves CPU vulnerable to RETBleed attacks, data leaks possible!
[    0.143385] RETBleed: Vulnerable
[    0.143386] Speculative Store Bypass: Vulnerable
[    0.143390] TAA: Mitigation: TSX disabled
[    0.143391] MMIO Stale Data: Mitigation: Clear CPU buffers
[    0.147627] Freeing SMP alternatives memory: 40K
[    0.260017] smpboot: CPU0: Intel(R) Xeon(R) Silver 4216 CPU @ 2.10GHz (family: 0x6, model: 0x55, stepping: 0x7)
[    0.260138] Performance Events: unsupported p6 CPU model 85 no PMU driver, software events only.
[    0.260177] rcu: Hierarchical SRCU implementation.
[    0.260666] NMI watchdog: Perf NMI watchdog permanently disabled
[    0.260703] smp: Bringing up secondary CPUs ...
[    0.260704] smp: Brought up 1 node, 1 CPU
[    0.260705] smpboot: Max logical packages: 1
[    0.260706] smpboot: Total of 1 processors activated (4200.00 BogoMIPS)
[    0.261657] devtmpfs: initialized
[    0.261704] x86/mm: Memory block size: 128MB
[    0.262053] clocksource: jiffies: mask: 0xffffffff max_cycles: 0xffffffff, max_idle_ns: 7645041785100000 ns
[    0.262059] futex hash table entries: 256 (order: 2, 16384 bytes, linear)
[    0.262102] pinctrl core: initialized pinctrl subsystem
[    0.262204] PM: RTC time: 18:16:24, date: 2026-01-15
[    0.262311] NET: Registered protocol family 16
[    0.262385] audit: initializing netlink subsys (disabled)
[    0.262512] EISA bus registered
[    0.262514] cpuidle: using governor ladder
[    0.262514] cpuidle: using governor menu
[    0.262542] ACPI: bus type PCI registered
[    0.262542] acpiphp: ACPI Hot Plug PCI Controller Driver version: 0.5
[    0.262542] PCI: Using configuration type 1 for base access
[    0.262833] audit: type=2000 audit(1768472190.627:1): state=initialized audit_enabled=0 res=1
[    0.262913] HugeTLB registered 2.00 MiB page size, pre-allocated 0 pages
[    0.263726] ACPI: Added _OSI(Module Device)
[    0.263727] ACPI: Added _OSI(Processor Device)
[    0.263728] ACPI: Added _OSI(3.0 _SCP Extensions)
[    0.263728] ACPI: Added _OSI(Processor Aggregator Device)
[    0.263729] ACPI: Added _OSI(Linux-Dell-Video)
[    0.263730] ACPI: Added _OSI(Linux-Lenovo-NV-HDMI-Audio)
[    0.263731] ACPI: Added _OSI(Linux-HPI-Hybrid-Graphics)
[    0.265674] ACPI: 2 ACPI AML tables successfully acquired and loaded
[    0.267335] ACPI: Interpreter enabled
[    0.267345] ACPI: (supports S0 S5)
[    0.267346] ACPI: Using IOAPIC for interrupt routing
[    0.267551] PCI: Using host bridge windows from ACPI; if necessary, use "pci=nocrs" and report a bug
[    0.267657] ACPI: Enabled 2 GPEs in block 00 to 07
[    0.272487] ACPI: PCI Root Bridge [PCI0] (domain 0000 [bus 00-ff])
[    0.272492] acpi PNP0A03:00: _OSC: OS supports [ASPM ClockPM Segments MSI HPX-Type3]
[    0.272934] acpi PNP0A03:00: _OSC: not requesting OS control; OS requires [ExtendedConfig ASPM ClockPM MSI]
[    0.272941] acpi PNP0A03:00: fail to add MMCONFIG information, can't access extended PCI configuration space under this bridge.
[    0.273317] PCI host bridge to bus 0000:00
[    0.273319] pci_bus 0000:00: root bus resource [io  0x0000-0x0cf7 window]
[    0.273320] pci_bus 0000:00: root bus resource [io  0x0d00-0xffff window]
[    0.273321] pci_bus 0000:00: root bus resource [mem 0x000a0000-0x000bffff window]
[    0.273322] pci_bus 0000:00: root bus resource [mem 0x80000000-0xfdffffff window]
[    0.273323] pci_bus 0000:00: root bus resource [bus 00-ff]
[    0.273363] pci 0000:00:00.0: [8086:1237] type 00 class 0x060000
[    0.274303] pci 0000:00:01.0: [8086:7000] type 00 class 0x060100
[    0.275127] pci 0000:00:01.1: [8086:7111] type 00 class 0x01018a
[    0.275528] pci 0000:00:01.1: reg 0x20: [io  0xd000-0xd00f]
[    0.275684] pci 0000:00:01.1: legacy IDE quirk: reg 0x10: [io  0x01f0-0x01f7]
[    0.275685] pci 0000:00:01.1: legacy IDE quirk: reg 0x14: [io  0x03f6]
[    0.275686] pci 0000:00:01.1: legacy IDE quirk: reg 0x18: [io  0x0170-0x0177]
[    0.275687] pci 0000:00:01.1: legacy IDE quirk: reg 0x1c: [io  0x0376]
[    0.276272] pci 0000:00:02.0: [15ad:0405] type 00 class 0x030000
[    0.278628] pci 0000:00:02.0: reg 0x10: [io  0xd010-0xd01f]
[    0.282590] pci 0000:00:02.0: reg 0x14: [mem 0xe0000000-0xe7ffffff pref]
[    0.285567] pci 0000:00:02.0: reg 0x18: [mem 0xf0000000-0xf01fffff]
[    0.295357] pci 0000:00:03.0: [1022:2000] type 00 class 0x020000
[    0.298621] pci 0000:00:03.0: reg 0x10: [io  0xd020-0xd03f]
[    0.299275] pci 0000:00:03.0: reg 0x14: [mem 0xf0200000-0xf0200fff]
[    0.302704] pci 0000:00:04.0: [80ee:cafe] type 00 class 0x088000
[    0.303395] pci 0000:00:04.0: reg 0x10: [io  0xd040-0xd05f]
[    0.304007] pci 0000:00:04.0: reg 0x14: [mem 0xf0400000-0xf07fffff]
[    0.304622] pci 0000:00:04.0: reg 0x18: [mem 0xf0800000-0xf0803fff pref]
[    0.307941] pci 0000:00:07.0: [8086:7113] type 00 class 0x068000
[    0.308482] pci 0000:00:07.0: quirk: [io  0x4000-0x403f] claimed by PIIX4 ACPI
[    0.308492] pci 0000:00:07.0: quirk: [io  0x4100-0x410f] claimed by PIIX4 SMB
[    0.309103] pci 0000:00:08.0: [8086:100e] type 00 class 0x020000
[    0.309850] pci 0000:00:08.0: reg 0x10: [mem 0xf0820000-0xf083ffff]
[    0.310775] pci 0000:00:08.0: reg 0x18: [io  0xd060-0xd067]
[    0.315010] pci 0000:00:09.0: [8086:100e] type 00 class 0x020000
[    0.315795] pci 0000:00:09.0: reg 0x10: [mem 0xf0840000-0xf085ffff]
[    0.317031] pci 0000:00:09.0: reg 0x18: [io  0xd068-0xd06f]
[    0.327526] ACPI: PCI Interrupt Link [LNKA] (IRQs 5 9 10 *11)
[    0.327807] ACPI: PCI Interrupt Link [LNKB] (IRQs 5 9 *10 11)
[    0.327910] ACPI: PCI Interrupt Link [LNKC] (IRQs 5 *9 10 11)
[    0.328012] ACPI: PCI Interrupt Link [LNKD] (IRQs 5 9 10 *11)
[    0.328278] iommu: Default domain type: Translated 
[    0.328338] pci 0000:00:02.0: vgaarb: setting as boot VGA device
[    0.328340] pci 0000:00:02.0: vgaarb: VGA device added: decodes=io+mem,owns=io+mem,locks=none
[    0.328342] pci 0000:00:02.0: vgaarb: bridge control possible
[    0.328343] vgaarb: loaded
[    0.328558] SCSI subsystem initialized
[    0.328591] libata version 3.00 loaded.
[    0.328615] ACPI: bus type USB registered
[    0.328631] usbcore: registered new interface driver usbfs
[    0.328637] usbcore: registered new interface driver hub
[    0.328642] usbcore: registered new device driver usb
[    0.328670] pps_core: LinuxPPS API ver. 1 registered
[    0.328671] pps_core: Software ver. 5.3.6 - Copyright 2005-2007 Rodolfo Giometti <giometti@linux.it>
[    0.328673] PTP clock support registered
[    0.328707] EDAC MC: Ver: 3.0.0
[    0.328994] PCI: Using ACPI for IRQ routing
[    0.328996] PCI: pci_cache_line_size set to 64 bytes
[    0.330548] e820: reserve RAM buffer [mem 0x0009fc00-0x0009ffff]
[    0.330552] e820: reserve RAM buffer [mem 0x7fff0000-0x7fffffff]
[    0.331358] NetLabel: Initializing
[    0.331359] NetLabel:  domain hash size = 128
[    0.331359] NetLabel:  protocols = UNLABELED CIPSOv4 CALIPSO
[    0.331379] NetLabel:  unlabeled traffic allowed by default
[    0.332300] clocksource: Switched to clocksource kvm-clock
[    0.345157] *** VALIDATE bpf ***
[    0.345225] VFS: Disk quotas dquot_6.6.0
[    0.345237] VFS: Dquot-cache hash table entries: 512 (order 0, 4096 bytes)
[    0.345262] *** VALIDATE ramfs ***
[    0.345265] *** VALIDATE hugetlbfs ***
[    0.345349] AppArmor: AppArmor Filesystem Enabled
[    0.345378] pnp: PnP ACPI init
[    0.345452] pnp 00:00: Plug and Play ACPI device, IDs PNP0303 (active)
[    0.345519] pnp 00:01: Plug and Play ACPI device, IDs PNP0f03 (active)
[    0.346276] pnp: PnP ACPI: found 2 devices
[    0.347265] thermal_sys: Registered thermal governor 'fair_share'
[    0.347266] thermal_sys: Registered thermal governor 'bang_bang'
[    0.347267] thermal_sys: Registered thermal governor 'step_wise'
[    0.347267] thermal_sys: Registered thermal governor 'user_space'
[    0.347268] thermal_sys: Registered thermal governor 'power_allocator'
[    0.351799] clocksource: acpi_pm: mask: 0xffffff max_cycles: 0xffffff, max_idle_ns: 2085701024 ns
[    0.351840] pci_bus 0000:00: resource 4 [io  0x0000-0x0cf7 window]
[    0.351841] pci_bus 0000:00: resource 5 [io  0x0d00-0xffff window]
[    0.351843] pci_bus 0000:00: resource 6 [mem 0x000a0000-0x000bffff window]
[    0.351844] pci_bus 0000:00: resource 7 [mem 0x80000000-0xfdffffff window]
[    0.351906] NET: Registered protocol family 2
[    0.351981] IP idents hash table entries: 32768 (order: 6, 262144 bytes, linear)
[    0.352392] MPTCP tokens hash table entries: 8192 (order: 4, 65536 bytes, linear)
[    0.352412] MPTCP request tokens hash table entries: 8192 (order: 4, 65536 bytes, linear)
[    0.352436] default registered
[    0.352437] default registered
[    0.352437] MPTCP: Stable release v0.96
[    0.352443] tcp_listen_portaddr_hash hash table entries: 1024 (order: 2, 16384 bytes, linear)
[    0.352525] TCP established hash table entries: 16384 (order: 5, 131072 bytes, linear)
[    0.352592] TCP bind hash table entries: 16384 (order: 6, 262144 bytes, linear)
[    0.352617] TCP: Hash tables configured (established 16384 bind 16384)
[    0.353316] UDP hash table entries: 1024 (order: 3, 32768 bytes, linear)
[    0.353327] UDP-Lite hash table entries: 1024 (order: 3, 32768 bytes, linear)
[    0.353361] NET: Registered protocol family 1
[    0.353370] NET: Registered protocol family 44
[    0.353395] pci 0000:00:00.0: Limiting direct PCI/PCI transfers
[    0.353408] pci 0000:00:01.0: Activating ISA DMA hang workarounds
[    0.353464] pci 0000:00:02.0: Video device with shadowed ROM at [mem 0x000c0000-0x000dffff]
[    0.353532] PCI: CLS 0 bytes, default 64
[    0.353581] Trying to unpack rootfs image as initramfs...
[    0.531409] Freeing initrd memory: 47868K
[    0.531409] clocksource: tsc: mask: 0xffffffffffffffff max_cycles: 0x1e4530a99b6, max_idle_ns: 440795257976 ns
[    0.531409] clocksource: Switched to clocksource tsc
[    0.531409] platform rtc_cmos: registered platform RTC device (no PNP device found)
[    0.531409] check: Scanning for low memory corruption every 60 seconds
[    0.531409] Initialise system trusted keyrings
[    0.531409] Key type blacklist registered
[    0.531409] workingset: timestamp_bits=36 max_order=19 bucket_order=0
[    0.531409] zbud: loaded
[    0.531409] squashfs: version 4.0 (2009/01/31) Phillip Lougher
[    0.531409] fuse: init (API version 7.31)
[    0.531409] *** VALIDATE fuse ***
[    0.531409] *** VALIDATE fuse ***
[    0.531409] Platform Keyring initialized
[    0.546420] Key type asymmetric registered
[    0.546421] Asymmetric key parser 'x509' registered
[    0.546431] Block layer SCSI generic (bsg) driver version 0.4 loaded (major 244)
[    0.546470] io scheduler mq-deadline registered
[    0.546594] shpchp: Standard Hot Plug PCI Controller Driver version: 0.4
[    0.546803] ACPI: AC Adapter [AC] (on-line)
[    0.546847] input: Power Button as /devices/LNXSYSTM:00/LNXPWRBN:00/input/input0
[    0.546875] ACPI: Power Button [PWRF]
[    0.546966] input: Sleep Button as /devices/LNXSYSTM:00/LNXSLPBN:00/input/input1
[    0.546981] ACPI: Sleep Button [SLPF]
[    0.547235] Serial: 8250/16550 driver, 32 ports, IRQ sharing enabled
[    0.548394] Linux agpgart interface v0.103
[    0.643233] loop: module loaded
[    0.643401] ata_piix 0000:00:01.1: version 2.13
[    0.643824] scsi host0: ata_piix
[    0.643916] scsi host1: ata_piix
[    0.643943] ata1: PATA max UDMA/33 cmd 0x1f0 ctl 0x3f6 bmdma 0xd000 irq 14
[    0.643944] ata2: PATA max UDMA/33 cmd 0x170 ctl 0x376 bmdma 0xd008 irq 15
[    0.644025] tun: Universal TUN/TAP device driver, 1.6
[    0.644358] PPP generic driver version 2.4.2
[    0.644404] VFIO - User Level meta-driver version: 0.3
[    0.644656] ehci_hcd: USB 2.0 'Enhanced' Host Controller (EHCI) Driver
[    0.644661] ehci-pci: EHCI PCI platform driver
[    0.644677] ehci-platform: EHCI generic platform driver
[    0.644682] ohci_hcd: USB 1.1 'Open' Host Controller (OHCI) Driver
[    0.644684] ohci-pci: OHCI PCI platform driver
[    0.644691] ohci-platform: OHCI generic platform driver
[    0.644696] uhci_hcd: USB Universal Host Controller Interface driver
[    0.644764] i8042: PNP: PS/2 Controller [PNP0303:PS2K,PNP0f03:PS2M] at 0x60,0x64 irq 1,12
[    0.645209] serio: i8042 KBD port at 0x60,0x64 irq 1
[    0.645212] serio: i8042 AUX port at 0x60,0x64 irq 12
[    0.645303] mousedev: PS/2 mouse device common for all mice
[    0.645585] input: AT Translated Set 2 keyboard as /devices/platform/i8042/serio0/input/input2
[    0.645996] rtc_cmos rtc_cmos: registered as rtc0
[    0.646009] rtc_cmos rtc_cmos: alarms up to one day, 114 bytes nvram
[    0.646014] i2c /dev entries driver
[    0.646060] device-mapper: uevent: version 1.0.3
[    0.646103] device-mapper: ioctl: 4.41.0-ioctl (2019-09-16) initialised: dm-devel@redhat.com
[    0.646120] platform eisa.0: Probing EISA bus 0
[    0.646121] platform eisa.0: EISA: Cannot allocate resource for mainboard
[    0.646123] platform eisa.0: Cannot allocate resource for EISA slot 1
[    0.646124] platform eisa.0: Cannot allocate resource for EISA slot 2
[    0.646125] platform eisa.0: Cannot allocate resource for EISA slot 3
[    0.646126] platform eisa.0: Cannot allocate resource for EISA slot 4
[    0.646127] platform eisa.0: Cannot allocate resource for EISA slot 5
[    0.646127] platform eisa.0: Cannot allocate resource for EISA slot 6
[    0.646128] platform eisa.0: Cannot allocate resource for EISA slot 7
[    0.646129] platform eisa.0: Cannot allocate resource for EISA slot 8
[    0.646130] platform eisa.0: EISA: Detected 0 cards
[    0.646134] intel_pstate: CPU model not supported
[    0.646143] ledtrig-cpu: registered to indicate activity on CPUs
[    0.646201] drop_monitor: Initializing network drop monitor service
[    0.646370] NET: Registered protocol family 10
[    0.651291] Segment Routing with IPv6
[    0.651291] fullmesh registered
[    0.651291] ndiffports registered
[    0.651291] binder registered
[    0.651291] roundrobin registered
[    0.651291] redundant registered
[    0.651291] blest registered
[    0.651291] ecf registered
[    0.651291] NET: Registered protocol family 17
[    0.651291] Key type dns_resolver registered
[    0.651291] RAS: Correctable Errors collector initialized.
[    0.651291] IPI shorthand broadcast: enabled
[    0.651291] sched_clock: Marking stable (636105902, 11185454)->(648301198, -1009842)
[    0.651802] registered taskstats version 1
[    0.651811] Loading compiled-in X.509 certificates
[    0.652401] Loaded X.509 cert 'Build time autogenerated kernel key: 6909f3744cebb3d0de528d5887b96a727de79b1e'
[    0.652418] zswap: loaded using pool lzo/zbud
[    0.652475] Key type ._fscrypt registered
[    0.652476] Key type .fscrypt registered
[    0.656929] Key type big_key registered
[    0.659108] Key type encrypted registered
[    0.659110] AppArmor: AppArmor sha1 policy hashing enabled
[    0.659117] ima: No TPM chip found, activating TPM-bypass!
[    0.659121] ima: Allocated hash algorithm: sha1
[    0.659126] ima: No architecture policies found
[    0.659135] evm: Initialising EVM extended attributes:
[    0.659136] evm: security.selinux
[    0.659137] evm: security.SMACK64
[    0.659137] evm: security.SMACK64EXEC
[    0.659137] evm: security.SMACK64TRANSMUTE
[    0.659138] evm: security.SMACK64MMAP
[    0.659138] evm: security.apparmor
[    0.659139] evm: security.ima
[    0.659139] evm: security.capability
[    0.659140] evm: HMAC attrs: 0x1
[    0.659436] PM:   Magic number: 10:724:291
[    0.659457] tty tty24: hash matches
[    0.659554] rtc_cmos rtc_cmos: setting system clock to 2026-01-15T18:16:25 UTC (1768500985)
[    0.816441] ata1.00: ATA-6: VBOX HARDDISK, 1.0, max UDMA/133
[    0.816445] ata1.00: 209715200 sectors, multi 128: LBA 
[    0.817113] scsi 0:0:0:0: Direct-Access     ATA      VBOX HARDDISK    1.0  PQ: 0 ANSI: 5
[    0.817410] sd 0:0:0:0: [sda] 209715200 512-byte logical blocks: (107 GB/100 GiB)
[    0.817423] sd 0:0:0:0: [sda] Write Protect is off
[    0.817426] sd 0:0:0:0: [sda] Mode Sense: 00 3a 00 00
[    0.817446] sd 0:0:0:0: [sda] Write cache: enabled, read cache: enabled, doesn't support DPO or FUA
[    0.817698] sd 0:0:0:0: Attached scsi generic sg0 type 0
[    0.818621]  sda: sda1 sda2
[    0.827386] sd 0:0:0:0: [sda] Attached SCSI disk
[    0.830715] Freeing unused decrypted memory: 2040K
[    0.831677] Freeing unused kernel image memory: 2728K
[    0.831679] Write protecting the kernel read-only data: 22528k
[    0.832701] Freeing unused kernel image memory: 2036K
[    0.833259] Freeing unused kernel image memory: 1432K
[    0.860289] x86/mm: Checked W+X mappings: passed, no W+X pages found.
[    0.860295] Run /init as init process
[    0.966625] ACPI: Video Device [GFX0] (multi-head: yes  rom: no  post: no)
[    0.966698] input: Video Bus as /devices/LNXSYSTM:00/LNXSYBUS:00/PNP0A03:00/LNXVIDEO:00/input/input4
[    0.979859] pcnet32: pcnet32.c:v1.35 21.Apr.2008 tsbogend@alpha.franken.de
[    0.981359] piix4_smbus 0000:00:07.0: SMBus Host Controller at 0x4100, revision 0
[    0.983855] e1000: Intel(R) PRO/1000 Network Driver - version 7.3.21-k8-NAPI
[    0.983856] e1000: Copyright (c) 1999-2006 Intel Corporation.
[    0.994356] pcnet32: PCnet/FAST III 79C973 at 0xd020, 08:00:27:06:ae:30 assigned IRQ 19
[    0.994402] pcnet32: Found PHY 0022:561b at address 0
[    0.994724] pcnet32: eth0: registered as PCnet/FAST III 79C973
[    0.999999] pcnet32: 1 cards_found
[    1.058821] pcnet32 0000:00:03.0 enp0s3: renamed from eth0
[    1.194171] input: ImExPS/2 Generic Explorer Mouse as /devices/platform/i8042/serio1/input/input5
[    1.391633] e1000 0000:00:08.0 eth0: (PCI:33MHz:32-bit) 08:00:27:eb:7b:66
[    1.391637] e1000 0000:00:08.0 eth0: Intel(R) PRO/1000 Network Connection
[    1.763508] e1000 0000:00:09.0 eth1: (PCI:33MHz:32-bit) 08:00:27:36:a2:b5
[    1.763511] e1000 0000:00:09.0 eth1: Intel(R) PRO/1000 Network Connection
[    1.764654] e1000 0000:00:09.0 enp0s9: renamed from eth1
[    1.766445] e1000 0000:00:08.0 enp0s8: renamed from eth0
[    1.917935] EXT4-fs (sda2): mounted filesystem with ordered data mode. Opts: (null)
[    2.007393] systemd[1]: Inserted module 'autofs4'
[    2.016796] systemd[1]: systemd 245.4-4ubuntu3 running in system mode. (+PAM +AUDIT +SELINUX +IMA +APPARMOR +SMACK +SYSVINIT +UTMP +LIBCRYPTSETUP +GCRYPT +GNUTLS +ACL +XZ +LZ4 +SECCOMP +BLKID +ELFUTILS +KMOD +IDN2 -IDN +PCRE2 default-hierarchy=hybrid)
[    2.016826] systemd[1]: Detected virtualization oracle.
[    2.016829] systemd[1]: Detected architecture x86-64.
[    2.018118] systemd[1]: Set hostname to <ztg>.
[    2.144976] systemd[1]: /lib/systemd/system/dbus.socket:5: ListenStream= references a path below legacy directory /var/run/, updating /var/run/dbus/system_bus_socket â†’ /run/dbus/system_bus_socket; please update the unit file accordingly.
[    2.198067] systemd[1]: Created slice system-modprobe.slice.
[    2.198252] systemd[1]: Created slice User and Session Slice.
[    2.198299] systemd[1]: Started Forward Password Requests to Wall Directory Watch.
[    2.198466] systemd[1]: Set up automount Arbitrary Executable File Formats File System Automount Point.
[    2.198499] systemd[1]: Reached target User and Group Name Lookups.
[    2.198509] systemd[1]: Reached target Remote File Systems.
[    2.198518] systemd[1]: Reached target Slices.
[    2.199067] systemd[1]: Listening on Syslog Socket.
[    2.199187] systemd[1]: Listening on fsck to fsckd communication Socket.
[    2.199228] systemd[1]: Listening on initctl Compatibility Named Pipe.
[    2.199369] systemd[1]: Listening on Journal Audit Socket.
[    2.199421] systemd[1]: Listening on Journal Socket (/dev/log).
[    2.199489] systemd[1]: Listening on Journal Socket.
[    2.199553] systemd[1]: Listening on udev Control Socket.
[    2.199593] systemd[1]: Listening on udev Kernel Socket.
[    2.200346] systemd[1]: Mounting Huge Pages File System...
[    2.201278] systemd[1]: Mounting POSIX Message Queue File System...
[    2.202171] systemd[1]: Mounting Kernel Debug File System...
[    2.203009] systemd[1]: Mounting Kernel Trace File System...
[    2.204945] systemd[1]: Starting Journal Service...
[    2.230134] systemd[1]: Starting Set the console keyboard layout...
[    2.238098] systemd[1]: Starting Create list of static device nodes for the current kernel...
[    2.240164] systemd[1]: Starting Load Kernel Module drm...
[    2.242619] systemd[1]: Condition check resulted in Set Up Additional Binary Formats being skipped.
[    2.242667] systemd[1]: Condition check resulted in File System Check on Root Device being skipped.
[    2.246521] systemd[1]: Starting Load Kernel Modules...
[    2.247353] systemd[1]: Starting Remount Root and Kernel File Systems...
[    2.248176] systemd[1]: Starting udev Coldplug all Devices...
[    2.248928] systemd[1]: Starting Uncomplicated firewall...
[    2.250454] systemd[1]: Mounted Huge Pages File System.
[    2.250547] systemd[1]: Mounted POSIX Message Queue File System.
[    2.250616] systemd[1]: Mounted Kernel Debug File System.
[    2.250683] systemd[1]: Mounted Kernel Trace File System.
[    2.306092] systemd[1]: Finished Create list of static device nodes for the current kernel.
[    2.311760] systemd[1]: Finished Uncomplicated firewall.
[    2.313868] systemd[1]: modprobe@drm.service: Succeeded.
[    2.314250] systemd[1]: Finished Load Kernel Module drm.
[    2.314519] EXT4-fs (sda2): re-mounted. Opts: errors=remount-ro
[    2.317522] systemd[1]: Finished Remount Root and Kernel File Systems.
[    2.318503] systemd[1]: Condition check resulted in Rebuild Hardware Database being skipped.
[    2.318558] systemd[1]: Condition check resulted in Platform Persistent Storage Archival being skipped.
[    2.326401] systemd[1]: Starting Load/Save Random Seed...
[    2.329200] systemd[1]: Starting Create System Users...
[    2.357140] systemd[1]: Finished Load/Save Random Seed.
[    2.360686] systemd[1]: Finished Create System Users.
[    2.361447] systemd[1]: Starting Create Static Device Nodes in /dev...
[    2.376446] lp: driver loaded but no devices found
[    2.382150] ppdev: user-space parallel port driver
[    2.392258] systemd[1]: Finished Create Static Device Nodes in /dev.
[    2.393148] systemd[1]: Starting udev Kernel Device Manager...
[    2.426406] systemd[1]: Finished udev Coldplug all Devices.
[    2.465417] [drm] DMA map mode: Caching DMA mappings.
[    2.465480] [drm] Capabilities:
[    2.465480] [drm]   Rect copy.
[    2.465480] [drm]   Cursor.
[    2.465481] [drm]   Cursor bypass.
[    2.465481] [drm]   Cursor bypass 2.
[    2.465481] [drm]   Alpha cursor.
[    2.465482] [drm]   Extended Fifo.
[    2.465482] [drm]   Pitchlock.
[    2.465482] [drm]   Irq mask.
[    2.465483] [drm]   GMR.
[    2.465483] [drm]   Traces.
[    2.465483] [drm]   GMR2.
[    2.465484] [drm]   Screen Object 2.
[    2.465484] [drm]   Command Buffers.
[    2.465484] [drm]   Command Buffers 2.
[    2.465485] [drm]   Guest Backed Resources.
[    2.465486] [drm] Max GMR ids is 8192
[    2.465486] [drm] Max number of GMR pages is 1048576
[    2.465487] [drm] Max dedicated hypervisor surface memory is 393216 kiB
[    2.465487] [drm] Maximum display memory size is 131072 kiB
[    2.465488] [drm] VRAM at 0xe0000000 size is 131072 kiB
[    2.465489] [drm] MMIO at 0xf0000000 size is 2048 kiB
[    2.491631] [TTM] Zone  kernel: Available graphics memory: 1011738 KiB
[    2.491632] [TTM] Initializing pool allocator
[    2.491636] [TTM] Initializing DMA pool allocator
[    2.491672] [drm] Supports vblank timestamp caching Rev 2 (21.10.2013).
[    2.491672] [drm] No driver support for vblank timestamp query.
[    2.491918] [drm] Screen Target Display device initialized
[    2.492160] [drm] width 720
[    2.492170] [drm] height 400
[    2.492174] [drm] bpp 32
[    2.492726] [drm] Fifo max 0x00200000 min 0x00001000 cap 0x00000355
[    2.493837] [drm] Using command buffers with DMA pool.
[    2.493843] [drm] DX: no.
[    2.493844] [drm] Atomic: yes.
[    2.493845] [drm] SM4_1: no.
[    2.493866] [drm:vmw_host_log [vmwgfx]] *ERROR* Failed to send host log message.
[    2.494806] [drm:vmw_host_log [vmwgfx]] *ERROR* Failed to send host log message.
[    2.505803] fbcon: svgadrmfb (fb0) is primary device
[    2.507953] Console: switching to colour frame buffer device 100x37
[    2.509691] systemd[1]: Finished Set the console keyboard layout.
[    2.509802] systemd[1]: Reached target Local File Systems (Pre).
[    2.514900] systemd[1]: Mounting Mount unit for bare, revision 5...
[    2.515600] [drm] Initialized vmwgfx 2.15.0 20180704 for 0000:00:02.0 on minor 0
[    2.521386] systemd[1]: Mounting Mount unit for core18, revision 1705...
[    2.553887] systemd[1]: Mounting Mount unit for gnome-3-34-1804, revision 24...
[    2.559018] systemd[1]: Mounting Mount unit for gtk-common-themes, revision 1506...
[    2.563570] systemd[1]: Mounting Mount unit for gtk-common-themes, revision 1535...
[    2.565464] systemd[1]: Mounting Mount unit for snap-store, revision 433...
[    2.574735] systemd[1]: Mounting Mount unit for snapd, revision 7264...
[    2.584803] systemd[1]: Finished Load Kernel Modules.
[    2.586768] systemd[1]: Mounting FUSE Control File System...
[    2.590778] systemd[1]: Mounting Kernel Configuration File System...
[    2.603922] systemd[1]: Starting Apply Kernel Variables...
[    2.617828] systemd[1]: Mounted Mount unit for bare, revision 5.
[    2.617929] systemd[1]: Mounted Mount unit for core18, revision 1705.
[    2.618011] systemd[1]: Mounted Mount unit for gnome-3-34-1804, revision 24.
[    2.618084] systemd[1]: Mounted Mount unit for gtk-common-themes, revision 1506.
[    2.648096] systemd[1]: Started udev Kernel Device Manager.
[    2.648210] systemd[1]: Mounted FUSE Control File System.
[    2.648287] systemd[1]: Mounted Kernel Configuration File System.
[    2.648345] systemd[1]: Condition check resulted in VMware vmblock fuse mount being skipped.
[    2.654828] systemd[1]: Starting Show Plymouth Boot Screen...
[    2.668241] systemd[1]: Finished Apply Kernel Variables.
[    2.669478] systemd[1]: Mounted Mount unit for snap-store, revision 433.
[    2.670053] systemd[1]: Received SIGRTMIN+20 from PID 281 (plymouthd).
[    2.693936] systemd[1]: Mounted Mount unit for gtk-common-themes, revision 1535.
[    2.694189] systemd[1]: Mounted Mount unit for snapd, revision 7264.
[    2.694372] systemd[1]: Started Show Plymouth Boot Screen.
[    2.694553] systemd[1]: Condition check resulted in Dispatch Password Requests to Console Directory Watch being skipped.
[    2.694636] systemd[1]: Started Forward Password Requests to Plymouth Directory Watch.
[    2.694699] systemd[1]: Reached target Local Encrypted Volumes.
[    2.694755] systemd[1]: Reached target Local File Systems.
[    2.707973] systemd[1]: Starting Load AppArmor profiles...
[    2.708902] systemd[1]: Starting Set console font and keymap...
[    2.720792] systemd[1]: Starting Tell Plymouth To Write Out Runtime Data...
[    2.723705] systemd[1]: Condition check resulted in Store a System Token in an EFI Variable being skipped.
[    2.723736] systemd[1]: Condition check resulted in Commit a transient machine-id on disk being skipped.
[    2.724600] systemd[1]: Finished Set console font and keymap.
[    2.746942] systemd[1]: Received SIGRTMIN+20 from PID 281 (plymouthd).
[    2.749294] systemd[1]: plymouth-read-write.service: Succeeded.
[    2.749543] systemd[1]: Finished Tell Plymouth To Write Out Runtime Data.
[    2.762343] audit: type=1400 audit(1768500987.600:2): apparmor="STATUS" operation="profile_load" profile="unconfined" name="nvidia_modprobe" pid=300 comm="apparmor_parser"
[    2.762346] audit: type=1400 audit(1768500987.600:3): apparmor="STATUS" operation="profile_load" profile="unconfined" name="nvidia_modprobe//kmod" pid=300 comm="apparmor_parser"
[    2.768616] audit: type=1400 audit(1768500987.604:4): apparmor="STATUS" operation="profile_load" profile="unconfined" name="/usr/sbin/tcpdump" pid=301 comm="apparmor_parser"
[    2.813198] audit: type=1400 audit(1768500987.644:5): apparmor="STATUS" operation="profile_load" profile="unconfined" name="/usr/bin/evince" pid=303 comm="apparmor_parser"
[    2.813200] audit: type=1400 audit(1768500987.644:6): apparmor="STATUS" operation="profile_load" profile="unconfined" name="/usr/bin/evince//sanitized_helper" pid=303 comm="apparmor_parser"
[    2.813202] audit: type=1400 audit(1768500987.644:7): apparmor="STATUS" operation="profile_load" profile="unconfined" name="/usr/bin/evince-previewer" pid=303 comm="apparmor_parser"
[    2.813204] audit: type=1400 audit(1768500987.644:8): apparmor="STATUS" operation="profile_load" profile="unconfined" name="/usr/bin/evince-previewer//sanitized_helper" pid=303 comm="apparmor_parser"
[    2.813205] audit: type=1400 audit(1768500987.644:9): apparmor="STATUS" operation="profile_load" profile="unconfined" name="/usr/bin/evince-thumbnailer" pid=303 comm="apparmor_parser"
[    2.827423] audit: type=1400 audit(1768500987.664:10): apparmor="STATUS" operation="profile_load" profile="unconfined" name="/usr/lib/cups/backend/cups-pdf" pid=304 comm="apparmor_parser"
[    2.908026] systemd[1]: Finished Load AppArmor profiles.
[    2.908965] systemd[1]: Starting Load AppArmor profiles managed internally by snapd...
[    2.973618] systemd[1]: Finished Load AppArmor profiles managed internally by snapd.
[    3.188854] systemd[1]: Started Journal Service.
[    3.196226] systemd-journald[229]: Received client request to flush runtime journal.
[    3.200828] systemd-journald[229]: File /var/log/journal/c455b248004a419c87ce85eea238d727/system.journal corrupted or uncleanly shut down, renaming and replacing.
[    4.488199] RAPL PMU: API unit is 2^-32 Joules, 0 fixed counters, 10737418240 ms ovfl timer
[    4.554239] cryptd: max_cpu_qlen set to 1000
[    4.607648] AVX2 version of gcm_enc/dec engaged.
[    4.607650] AES CTR mode by8 optimization enabled
[    5.361283] Adding 1998844k swap on /dev/sda1.  Priority:-2 extents:1 across:1998844k FS
[    6.539568] kauditd_printk_skb: 30 callbacks suppressed
[    6.539569] audit: type=1400 audit(1768500991.376:41): apparmor="DENIED" operation="capable" profile="/usr/sbin/cups-browsed" pid=497 comm="cups-browsed" capability=23  capname="sys_nice"
[    7.481829] pcnet32 0000:00:03.0 enp0s3: link up, 100Mbps, full-duplex
[    7.518149] e1000: enp0s8 NIC Link is Up 1000 Mbps Full Duplex, Flow Control: RX
[    7.518441] IPv6: ADDRCONF(NETDEV_CHANGE): enp0s8: link becomes ready
[    7.529035] e1000: enp0s9 NIC Link is Up 1000 Mbps Full Duplex, Flow Control: RX
[    7.529334] IPv6: ADDRCONF(NETDEV_CHANGE): enp0s9: link becomes ready
[    8.076865] device enp0s3 entered promiscuous mode
[    8.093819] audit: type=1400 audit(1768500992.924:42): apparmor="DENIED" operation="open" profile="/usr/sbin/tcpdump" name="/proc/sys/kernel/random/boot_id" pid=680 comm="tcpdump" requested_mask="r" denied_mask="r" fsuid=0 ouid=0
[    8.094496] audit: type=1400 audit(1768500992.932:43): apparmor="DENIED" operation="open" profile="/usr/sbin/tcpdump" name="/proc/sys/kernel/random/boot_id" pid=680 comm="tcpdump" requested_mask="r" denied_mask="r" fsuid=0 ouid=0
[    8.094612] audit: type=1400 audit(1768500992.932:44): apparmor="DENIED" operation="open" profile="/usr/sbin/tcpdump" name="/proc/sys/kernel/random/boot_id" pid=680 comm="tcpdump" requested_mask="r" denied_mask="r" fsuid=0 ouid=0
[    8.094667] audit: type=1400 audit(1768500992.932:45): apparmor="DENIED" operation="open" profile="/usr/sbin/tcpdump" name="/proc/sys/kernel/random/boot_id" pid=680 comm="tcpdump" requested_mask="r" denied_mask="r" fsuid=0 ouid=0
[    8.096523] audit: type=1400 audit(1768500992.932:46): apparmor="DENIED" operation="open" profile="/usr/sbin/tcpdump" name="/proc/sys/kernel/random/boot_id" pid=681 comm="tcpdump" requested_mask="r" denied_mask="r" fsuid=0 ouid=0
[    8.096687] audit: type=1400 audit(1768500992.932:47): apparmor="DENIED" operation="open" profile="/usr/sbin/tcpdump" name="/proc/sys/kernel/random/boot_id" pid=681 comm="tcpdump" requested_mask="r" denied_mask="r" fsuid=0 ouid=0
[    8.096759] audit: type=1400 audit(1768500992.932:48): apparmor="DENIED" operation="open" profile="/usr/sbin/tcpdump" name="/proc/sys/kernel/random/boot_id" pid=681 comm="tcpdump" requested_mask="r" denied_mask="r" fsuid=0 ouid=0
[    8.097024] audit: type=1400 audit(1768500992.932:49): apparmor="DENIED" operation="open" profile="/usr/sbin/tcpdump" name="/proc/sys/kernel/random/boot_id" pid=681 comm="tcpdump" requested_mask="r" denied_mask="r" fsuid=0 ouid=0
[   12.388398] rfkill: input handler disabled
[  190.264114] AAAAA-TCP_FORW: name:enp0s3: saddr:100932208: daddr:16783984
[  190.326536] AAAAA-TCP_FORW: name:enp0s3: saddr:100932208: daddr:16783984
[  191.214182] AAAAA-TCP_FORW: name:enp0s3: saddr:100932208: daddr:16783984
[  191.395643] AAAAA-TCP_FORW: name:enp0s3: saddr:100932208: daddr:16783984
[  192.052072] AAAAA-TCP_FORW: name:enp0s3: saddr:100932208: daddr:33561200
[  192.355618] AAAAA-TCP_FORW: name:enp0s3: saddr:100932208: daddr:16783984
[  192.467579] AAAAA-TCP_FORW: name:enp0s3: saddr:100932208: daddr:16783984
[  192.818963] AAAAA-TCP_FORW: name:enp0s3: saddr:100932208: daddr:16783984
[  195.578341] AAAAA-TCP_FORW: name:enp0s3: saddr:100932208: daddr:16783984
[  195.942147] AAAAA-TCP_FORW: name:enp0s3: saddr:100932208: daddr:33561200
[  196.424446] AAAAA-TCP_FORW: name:enp0s3: saddr:100932208: daddr:16783984
[  196.497555] AAAAA-TCP_FORW: name:enp0s3: saddr:100932208: daddr:16783984
[  196.544512] AAAAA-TCP_FORW: name:enp0s3: saddr:100932208: daddr:16783984
[  196.808060] AAAAA-TCP_FORW: name:enp0s3: saddr:100932208: daddr:16783984
[  196.883597] AAAAA-TCP_FORW: name:enp0s3: saddr:100932208: daddr:16783984
[  197.451208] AAAAA-TCP_FORW: name:enp0s3: saddr:100932208: daddr:16783984
[  197.527979] AAAAA-TCP_FORW: name:enp0s3: saddr:100932208: daddr:16783984
[  197.721822] AAAAA-TCP_FORW: name:enp0s3: saddr:100932208: daddr:33561200
[  197.874334] AAAAA-TCP_FORW: name:enp0s3: saddr:100932208: daddr:33561200
[  197.981382] AAAAA-TCP_FORW: name:enp0s3: saddr:100932208: daddr:16783984
[  198.173365] AAAAA-TCP_FORW: name:enp0s3: saddr:100932208: daddr:33561200
[  198.227306] AAAAA-TCP_FORW: name:enp0s3: saddr:100932208: daddr:16783984
[  198.305531] AAAAA-TCP_FORW: name:enp0s3: saddr:100932208: daddr:33561200
[  198.337216] AAAAA-TCP_FORW: name:enp0s3: saddr:100932208: daddr:33561200
[  198.449441] AAAAA-TCP_FORW: name:enp0s3: saddr:100932208: daddr:33561200
[  198.499888] AAAAA-TCP_FORW: name:enp0s3: saddr:100932208: daddr:33561200
[  198.562472] AAAAA-TCP_FORW: name:enp0s3: saddr:100932208: daddr:33561200
[  198.586706] AAAAA-TCP_FORW: name:enp0s3: saddr:100932208: daddr:16783984
[  198.687523] AAAAA-TCP_FORW: name:enp0s3: saddr:100932208: daddr:16783984
[  198.765732] AAAAA-TCP_FORW: name:enp0s3: saddr:100932208: daddr:16783984
[  198.879590] AAAAA-TCP_FORW: name:enp0s3: saddr:100932208: daddr:16783984
[  198.921746] AAAAA-TCP_FORW: name:enp0s3: saddr:100932208: daddr:16783984
[  198.997781] AAAAA-TCP_FORW: name:enp0s3: saddr:100932208: daddr:33561200
[  199.062223] AAAAA-TCP_FORW: name:enp0s3: saddr:100932208: daddr:33561200
[  199.182308] AAAAA-TCP_FORW: name:enp0s3: saddr:100932208: daddr:16783984
[  199.307150] AAAAA-TCP_FORW: name:enp0s3: saddr:100932208: daddr:16783984
[  199.417412] AAAAA-TCP_FORW: name:enp0s3: saddr:100932208: daddr:33561200
[  199.450828] AAAAA-TCP_FORW: name:enp0s3: saddr:100932208: daddr:33561200
[  199.536374] AAAAA-TCP_FORW: name:enp0s3: saddr:100932208: daddr:16783984
[  199.570572] AAAAA-TCP_FORW: name:enp0s3: saddr:100932208: daddr:16783984
[  199.663492] AAAAA-TCP_FORW: name:enp0s3: saddr:100932208: daddr:16783984
[  199.781127] AAAAA-TCP_FORW: name:enp0s3: saddr:100932208: daddr:33561200
[  199.848448] AAAAA-TCP_FORW: name:enp0s3: saddr:100932208: daddr:33561200
[  199.922505] AAAAA-TCP_FORW: name:enp0s3: saddr:100932208: daddr:16783984
[  200.114292] AAAAA-TCP_FORW: name:enp0s3: saddr:100932208: daddr:16783984
[  200.128850] AAAAA-TCP_FORW: name:enp0s3: saddr:100932208: daddr:33561200
[  200.314981] AAAAA-TCP_FORW: name:enp0s3: saddr:100932208: daddr:33561200
[  200.370917] AAAAA-TCP_FORW: name:enp0s3: saddr:100932208: daddr:33561200
[  200.505330] AAAAA-TCP_FORW: name:enp0s3: saddr:100932208: daddr:33561200
[  200.582222] AAAAA-TCP_FORW: name:enp0s3: saddr:100932208: daddr:33561200
[  200.633093] AAAAA-TCP_FORW: name:enp0s3: saddr:100932208: daddr:33561200
[  200.707245] AAAAA-TCP_FORW: name:enp0s3: saddr:100932208: daddr:33561200
[  200.792639] AAAAA-TCP_FORW: name:enp0s3: saddr:100932208: daddr:33561200
[  200.883328] AAAAA-TCP_FORW: name:enp0s3: saddr:100932208: daddr:33561200
[  200.995077] AAAAA-TCP_FORW: name:enp0s3: saddr:100932208: daddr:33561200
[  201.082348] AAAAA-TCP_FORW: name:enp0s3: saddr:100932208: daddr:33561200
[  201.165438] AAAAA-TCP_FORW: name:enp0s3: saddr:100932208: daddr:16783984
[  201.247848] AAAAA-TCP_FORW: name:enp0s3: saddr:100932208: daddr:16783984
[  201.304240] AAAAA-TCP_FORW: name:enp0s3: saddr:100932208: daddr:16783984
[  201.340687] AAAAA-TCP_FORW: name:enp0s3: saddr:100932208: daddr:16783984
[  201.399414] AAAAA-TCP_FORW: name:enp0s3: saddr:100932208: daddr:16783984
[  201.482504] AAAAA-TCP_FORW: name:enp0s3: saddr:100932208: daddr:16783984
[  201.596705] AAAAA-TCP_FORW: name:enp0s3: saddr:100932208: daddr:16783984
[  201.670387] AAAAA-TCP_FORW: name:enp0s3: saddr:100932208: daddr:16783984
[  201.788172] AAAAA-TCP_FORW: name:enp0s3: saddr:100932208: daddr:16783984
[  201.873982] AAAAA-TCP_FORW: name:enp0s3: saddr:100932208: daddr:16783984
[  201.940956] AAAAA-TCP_FORW: name:enp0s3: saddr:100932208: daddr:16783984
[  202.002779] AAAAA-TCP_FORW: name:enp0s3: saddr:100932208: daddr:33561200
[  202.096093] AAAAA-TCP_FORW: name:enp0s3: saddr:100932208: daddr:33561200
[  202.167521] AAAAA-TCP_FORW: name:enp0s3: saddr:100932208: daddr:33561200
[  202.298598] AAAAA-TCP_FORW: name:enp0s3: saddr:100932208: daddr:33561200
[  202.344416] AAAAA-TCP_FORW: name:enp0s3: saddr:100932208: daddr:16783984
[  202.401377] AAAAA-TCP_FORW: name:enp0s3: saddr:100932208: daddr:16783984
[  202.481686] AAAAA-TCP_FORW: name:enp0s3: saddr:100932208: daddr:16783984
[  202.552180] AAAAA-TCP_FORW: name:enp0s3: saddr:100932208: daddr:16783984
[  202.622501] AAAAA-TCP_FORW: name:enp0s3: saddr:100932208: daddr:33561200
[  202.721072] AAAAA-TCP_FORW: name:enp0s3: saddr:100932208: daddr:33561200
[  202.773267] AAAAA-TCP_FORW: name:enp0s3: saddr:100932208: daddr:33561200
[  202.834767] AAAAA-TCP_FORW: name:enp0s3: saddr:100932208: daddr:33561200
[  202.889397] AAAAA-TCP_FORW: name:enp0s3: saddr:100932208: daddr:16783984
[  202.976096] AAAAA-TCP_FORW: name:enp0s3: saddr:100932208: daddr:16783984
[  203.001376] AAAAA-TCP_FORW: name:enp0s3: saddr:100932208: daddr:16783984
[  203.071224] AAAAA-TCP_FORW: name:enp0s3: saddr:100932208: daddr:16783984
[  203.124681] AAAAA-TCP_FORW: name:enp0s3: saddr:100932208: daddr:33561200
[  203.190340] AAAAA-TCP_FORW: name:enp0s3: saddr:100932208: daddr:33561200
[  203.247914] AAAAA-TCP_FORW: name:enp0s3: saddr:100932208: daddr:33561200
[  203.279066] AAAAA-TCP_FORW: name:enp0s3: saddr:100932208: daddr:33561200
[  203.400912] AAAAA-TCP_FORW: name:enp0s3: saddr:100932208: daddr:16783984
[  203.433607] AAAAA-TCP_FORW: name:enp0s3: saddr:100932208: daddr:16783984
[  203.526622] AAAAA-TCP_FORW: name:enp0s3: saddr:100932208: daddr:16783984
[  203.567680] AAAAA-TCP_FORW: name:enp0s3: saddr:100932208: daddr:16783984
[  203.639276] AAAAA-TCP_FORW: name:enp0s3: saddr:100932208: daddr:33561200
[  203.684749] AAAAA-TCP_FORW: name:enp0s3: saddr:100932208: daddr:33561200
[  203.737576] AAAAA-TCP_FORW: name:enp0s3: saddr:100932208: daddr:33561200
[  203.811010] AAAAA-TCP_FORW: name:enp0s3: saddr:100932208: daddr:33561200
[  203.907438] AAAAA-TCP_FORW: name:enp0s3: saddr:100932208: daddr:33561200
[  203.967895] AAAAA-TCP_FORW: name:enp0s3: saddr:100932208: daddr:33561200
[  204.010301] AAAAA-TCP_FORW: name:enp0s3: saddr:100932208: daddr:33561200
[  204.078032] AAAAA-TCP_FORW: name:enp0s3: saddr:100932208: daddr:33561200
[  204.182046] AAAAA-TCP_FORW: name:enp0s3: saddr:100932208: daddr:33561200
[  204.230758] AAAAA-TCP_FORW: name:enp0s3: saddr:100932208: daddr:33561200
[  204.302913] AAAAA-TCP_FORW: name:enp0s3: saddr:100932208: daddr:33561200
[  204.346028] AAAAA-TCP_FORW: name:enp0s3: saddr:100932208: daddr:33561200
[  204.366160] AAAAA-TCP_FORW: name:enp0s3: saddr:100932208: daddr:16783984
[  204.451807] AAAAA-TCP_FORW: name:enp0s3: saddr:100932208: daddr:16783984
[  204.521803] AAAAA-TCP_FORW: name:enp0s3: saddr:100932208: daddr:16783984
[  204.606273] AAAAA-TCP_FORW: name:enp0s3: saddr:100932208: daddr:16783984
[  204.625857] AAAAA-TCP_FORW: name:enp0s3: saddr:100932208: daddr:16783984
[  204.706417] AAAAA-TCP_FORW: name:enp0s3: saddr:100932208: daddr:16783984
[  204.808499] AAAAA-TCP_FORW: name:enp0s3: saddr:100932208: daddr:16783984
[  204.896043] AAAAA-TCP_FORW: name:enp0s3: saddr:100932208: daddr:16783984
[  204.961247] AAAAA-TCP_FORW: name:enp0s3: saddr:100932208: daddr:16783984
[  205.030927] AAAAA-TCP_FORW: name:enp0s3: saddr:100932208: daddr:16783984
[  205.108234] AAAAA-TCP_FORW: name:enp0s3: saddr:100932208: daddr:16783984
[  205.192258] AAAAA-TCP_FORW: name:enp0s3: saddr:100932208: daddr:16783984
[  205.277771] AAAAA-TCP_FORW: name:enp0s3: saddr:100932208: daddr:33561200
[  205.358664] AAAAA-TCP_FORW: name:enp0s3: saddr:100932208: daddr:33561200
[  205.430001] AAAAA-TCP_FORW: name:enp0s3: saddr:100932208: daddr:33561200
[  205.549765] AAAAA-TCP_FORW: name:enp0s3: saddr:100932208: daddr:33561200
[  205.617503] AAAAA-TCP_FORW: name:enp0s3: saddr:100932208: daddr:33561200
[  205.649910] AAAAA-TCP_FORW: name:enp0s3: saddr:100932208: daddr:16783984
[  205.701058] AAAAA-TCP_FORW: name:enp0s3: saddr:100932208: daddr:16783984
[  205.754278] AAAAA-TCP_FORW: name:enp0s3: saddr:100932208: daddr:16783984
[  205.804906] AAAAA-TCP_FORW: name:enp0s3: saddr:100932208: daddr:16783984
[  205.854043] AAAAA-TCP_FORW: name:enp0s3: saddr:100932208: daddr:33561200
[  205.871744] AAAAA-TCP_FORW: name:enp0s3: saddr:100932208: daddr:33561200
[  205.904831] AAAAA-TCP_FORW: name:enp0s3: saddr:100932208: daddr:33561200
[  205.974481] AAAAA-TCP_FORW: name:enp0s3: saddr:100932208: daddr:33561200
[  206.010355] AAAAA-TCP_FORW: name:enp0s3: saddr:100932208: daddr:33561200
[  206.108346] AAAAA-TCP_FORW: name:enp0s3: saddr:100932208: daddr:33561200
[  206.170344] AAAAA-TCP_FORW: name:enp0s3: saddr:100932208: daddr:33561200
[  206.220415] AAAAA-TCP_FORW: name:enp0s3: saddr:100932208: daddr:16783984
[  206.266200] AAAAA-TCP_FORW: name:enp0s3: saddr:100932208: daddr:16783984
[  206.352662] AAAAA-TCP_FORW: name:enp0s3: saddr:100932208: daddr:16783984
[  206.408243] AAAAA-TCP_FORW: name:enp0s3: saddr:100932208: daddr:16783984
[  206.463286] AAAAA-TCP_FORW: name:enp0s3: saddr:100932208: daddr:16783984
[  206.543794] AAAAA-TCP_FORW: name:enp0s3: saddr:100932208: daddr:33561200
[  206.596175] AAAAA-TCP_FORW: name:enp0s3: saddr:100932208: daddr:33561200
[  206.707852] AAAAA-TCP_FORW: name:enp0s3: saddr:100932208: daddr:33561200
[  206.786707] AAAAA-TCP_FORW: name:enp0s3: saddr:100932208: daddr:33561200
[  206.846008] AAAAA-TCP_FORW: name:enp0s3: saddr:100932208: daddr:33561200
[  206.941696] AAAAA-TCP_FORW: name:enp0s3: saddr:100932208: daddr:33561200
[  206.963594] AAAAA-TCP_FORW: name:enp0s3: saddr:100932208: daddr:16783984
[  207.053692] AAAAA-TCP_FORW: name:enp0s3: saddr:100932208: daddr:16783984
[  207.078800] AAAAA-TCP_FORW: name:enp0s3: saddr:100932208: daddr:16783984
[  207.161313] AAAAA-TCP_FORW: name:enp0s3: saddr:100932208: daddr:16783984
[  207.248767] AAAAA-TCP_FORW: name:enp0s3: saddr:100932208: daddr:16783984
[  207.330405] AAAAA-TCP_FORW: name:enp0s3: saddr:100932208: daddr:16783984
[  207.379452] AAAAA-TCP_FORW: name:enp0s3: saddr:100932208: daddr:33561200
[  207.455047] AAAAA-TCP_FORW: name:enp0s3: saddr:100932208: daddr:33561200
[  207.483762] AAAAA-TCP_FORW: name:enp0s3: saddr:100932208: daddr:33561200
[  207.535784] AAAAA-TCP_FORW: name:enp0s3: saddr:100932208: daddr:33561200
[  207.654576] AAAAA-TCP_FORW: name:enp0s3: saddr:100932208: daddr:33561200
[  207.723224] AAAAA-TCP_FORW: name:enp0s3: saddr:100932208: daddr:33561200
[  207.770023] AAAAA-TCP_FORW: name:enp0s3: saddr:100932208: daddr:33561200
[  207.784131] AAAAA-TCP_FORW: name:enp0s3: saddr:100932208: daddr:16783984
[  207.882539] AAAAA-TCP_FORW: name:enp0s3: saddr:100932208: daddr:16783984
[  207.920951] AAAAA-TCP_FORW: name:enp0s3: saddr:100932208: daddr:16783984
[  207.957197] AAAAA-TCP_FORW: name:enp0s3: saddr:100932208: daddr:16783984
[  207.995355] AAAAA-TCP_FORW: name:enp0s3: saddr:100932208: daddr:16783984
[  208.055892] AAAAA-TCP_FORW: name:enp0s3: saddr:100932208: daddr:16783984
[  208.075732] AAAAA-TCP_FORW: name:enp0s3: saddr:100932208: daddr:16783984
[  208.113335] AAAAA-TCP_FORW: name:enp0s3: saddr:100932208: daddr:16783984
[  208.178374] AAAAA-TCP_FORW: name:enp0s3: saddr:100932208: daddr:16783984
[  208.215605] AAAAA-TCP_FORW: name:enp0s3: saddr:100932208: daddr:16783984
[  208.293685] AAAAA-TCP_FORW: name:enp0s3: saddr:100932208: daddr:16783984
[  208.329944] AAAAA-TCP_FORW: name:enp0s3: saddr:100932208: daddr:16783984
[  208.393059] AAAAA-TCP_FORW: name:enp0s3: saddr:100932208: daddr:16783984
[  208.477310] AAAAA-TCP_FORW: name:enp0s3: saddr:100932208: daddr:16783984
[  208.654236] AAAAA-TCP_FORW: name:enp0s3: saddr:100932208: daddr:16783984
[  208.677504] AAAAA-TCP_FORW: name:enp0s3: saddr:100932208: daddr:16783984
[  208.699455] AAAAA-TCP_FORW: name:enp0s3: saddr:100932208: daddr:16783984
[  208.763831] AAAAA-TCP_FORW: name:enp0s3: saddr:100932208: daddr:16783984
[  208.828941] AAAAA-TCP_FORW: name:enp0s3: saddr:100932208: daddr:33561200
[  208.845101] AAAAA-TCP_FORW: name:enp0s3: saddr:100932208: daddr:33561200
[  208.937049] AAAAA-TCP_FORW: name:enp0s3: saddr:100932208: daddr:33561200
[  209.025045] AAAAA-TCP_FORW: name:enp0s3: saddr:100932208: daddr:16783984
[  209.071464] AAAAA-TCP_FORW: name:enp0s3: saddr:100932208: daddr:16783984
[  209.137282] AAAAA-TCP_FORW: name:enp0s3: saddr:100932208: daddr:16783984
[  209.208638] AAAAA-TCP_FORW: name:enp0s3: saddr:100932208: daddr:16783984
[  209.288710] AAAAA-TCP_FORW: name:enp0s3: saddr:100932208: daddr:16783984
[  209.366642] AAAAA-TCP_FORW: name:enp0s3: saddr:100932208: daddr:16783984
[  209.477509] AAAAA-TCP_FORW: name:enp0s3: saddr:100932208: daddr:33561200
[  209.652204] AAAAA-TCP_FORW: name:enp0s3: saddr:100932208: daddr:33561200
[  209.804443] AAAAA-TCP_FORW: name:enp0s3: saddr:100932208: daddr:33561200
[  210.007543] AAAAA-TCP_FORW: name:enp0s3: saddr:100932208: daddr:33561200
[  210.064150] AAAAA-TCP_FORW: name:enp0s3: saddr:100932208: daddr:16783984
[  210.150763] AAAAA-TCP_FORW: name:enp0s3: saddr:100932208: daddr:16783984
[  210.196626] AAAAA-TCP_FORW: name:enp0s3: saddr:100932208: daddr:16783984
[  210.286599] AAAAA-TCP_FORW: name:enp0s3: saddr:100932208: daddr:16783984
[  210.389133] AAAAA-TCP_FORW: name:enp0s3: saddr:100932208: daddr:16783984
[  210.419780] AAAAA-TCP_FORW: name:enp0s3: saddr:100932208: daddr:16783984
[  210.498306] AAAAA-TCP_FORW: name:enp0s3: saddr:100932208: daddr:33561200
[  210.628672] AAAAA-TCP_FORW: name:enp0s3: saddr:100932208: daddr:33561200
[  210.750786] AAAAA-TCP_FORW: name:enp0s3: saddr:100932208: daddr:33561200
[  210.827160] AAAAA-TCP_FORW: name:enp0s3: saddr:100932208: daddr:16783984
[  210.989140] AAAAA-TCP_FORW: name:enp0s3: saddr:100932208: daddr:33561200
[  211.045803] AAAAA-TCP_FORW: name:enp0s3: saddr:100932208: daddr:33561200
[  211.165634] AAAAA-TCP_FORW: name:enp0s3: saddr:100932208: daddr:33561200
[  211.289816] AAAAA-TCP_FORW: name:enp0s3: saddr:100932208: daddr:33561200
[  211.399426] AAAAA-TCP_FORW: name:enp0s3: saddr:100932208: daddr:33561200
[  211.478315] AAAAA-TCP_FORW: name:enp0s3: saddr:100932208: daddr:33561200
[  211.516430] AAAAA-TCP_FORW: name:enp0s3: saddr:100932208: daddr:33561200
[  211.576141] AAAAA-TCP_FORW: name:enp0s3: saddr:100932208: daddr:33561200
[  211.702962] AAAAA-TCP_FORW: name:enp0s3: saddr:100932208: daddr:33561200
[  211.812365] AAAAA-TCP_FORW: name:enp0s3: saddr:100932208: daddr:33561200
[  211.878138] AAAAA-TCP_FORW: name:enp0s3: saddr:100932208: daddr:33561200
[  212.078778] AAAAA-TCP_FORW: name:enp0s3: saddr:100932208: daddr:16783984
[  212.106188] AAAAA-TCP_FORW: name:enp0s3: saddr:100932208: daddr:33561200
[  212.133447] AAAAA-TCP_FORW: name:enp0s3: saddr:100932208: daddr:16783984
[  212.190846] AAAAA-TCP_FORW: name:enp0s3: saddr:100932208: daddr:16783984
[  212.247697] AAAAA-TCP_FORW: name:enp0s3: saddr:100932208: daddr:16783984
[  212.281105] AAAAA-TCP_FORW: name:enp0s3: saddr:100932208: daddr:16783984
[  212.368455] AAAAA-TCP_FORW: name:enp0s3: saddr:100932208: daddr:33561200
[  215.263749] AAAAA-TCP_FORW: name:enp0s3: saddr:100932208: daddr:33561200
[  215.723342] AAAAA-TCP_FORW: name:enp0s3: saddr:100932208: daddr:33561200
[  215.941963] AAAAA-TCP_FORW: name:enp0s3: saddr:100932208: daddr:33561200
[  216.170773] AAAAA-TCP_FORW: name:enp0s3: saddr:100932208: daddr:33561200
[  216.356734] AAAAA-TCP_FORW: name:enp0s3: saddr:100932208: daddr:33561200
[  216.621588] AAAAA-TCP_FORW: name:enp0s3: saddr:100932208: daddr:33561200
[  216.688631] AAAAA-TCP_FORW: name:enp0s3: saddr:100932208: daddr:33561200
[  216.832899] AAAAA-TCP_FORW: name:enp0s3: saddr:100932208: daddr:33561200
[  216.952522] AAAAA-TCP_FORW: name:enp0s3: saddr:100932208: daddr:33561200
[  217.006842] AAAAA-TCP_FORW: name:enp0s3: saddr:100932208: daddr:33561200
[  217.079918] AAAAA-TCP_FORW: name:enp0s3: saddr:100932208: daddr:33561200
[  217.117414] AAAAA-TCP_FORW: name:enp0s3: saddr:100932208: daddr:33561200
[  217.351803] AAAAA-TCP_FORW: name:enp0s3: saddr:100932208: daddr:33561200
[  236.928617] AAAAA-TCP_FORW: name:enp0s3: saddr:100932208: daddr:33561200
[  237.209992] AAAAA-TCP_FORW: name:enp0s3: saddr:16783984: daddr:100932208
[  238.228596] AAAAA-TCP_FORW: name:enp0s3: saddr:100932208: daddr:33561200
[  238.399276] AAAAA-TCP_FORW: name:enp0s3: saddr:100932208: daddr:33561200
[  238.502171] AAAAA-TCP_FORW: name:enp0s3: saddr:100932208: daddr:33561200
[  238.632827] AAAAA-TCP_FORW: name:enp0s3: saddr:100932208: daddr:33561200
[  238.750664] AAAAA-TCP_FORW: name:enp0s3: saddr:100932208: daddr:33561200
[  238.791723] AAAAA-TCP_FORW: name:enp0s3: saddr:100932208: daddr:33561200
[  238.958254] AAAAA-TCP_FORW: name:enp0s3: saddr:100932208: daddr:33561200
[  239.115893] AAAAA-TCP_FORW: name:enp0s3: saddr:100932208: daddr:33561200
[  239.341866] AAAAA-TCP_FORW: name:enp0s3: saddr:100932208: daddr:33561200
[  239.466457] AAAAA-TCP_FORW: name:enp0s3: saddr:100932208: daddr:33561200
[  239.589869] AAAAA-TCP_FORW: name:enp0s3: saddr:100932208: daddr:33561200
[  239.682474] AAAAA-TCP_FORW: name:enp0s3: saddr:100932208: daddr:33561200
[  239.996516] AAAAA-TCP_FORW: name:enp0s3: saddr:100932208: daddr:33561200
[  240.265672] AAAAA-TCP_FORW: name:enp0s3: saddr:100932208: daddr:16783984
[  240.338982] AAAAA-TCP_FORW: name:enp0s3: saddr:100932208: daddr:16783984
[  240.448192] AAAAA-TCP_FORW: name:enp0s3: saddr:100932208: daddr:16783984
[  240.591110] AAAAA-TCP_FORW: name:enp0s3: saddr:100932208: daddr:16783984
[  240.673062] AAAAA-TCP_FORW: name:enp0s3: saddr:100932208: daddr:16783984
[  240.759123] AAAAA-TCP_FORW: name:enp0s3: saddr:100932208: daddr:16783984
[  240.801104] AAAAA-TCP_FORW: name:enp0s3: saddr:100932208: daddr:16783984
[  240.877583] AAAAA-TCP_FORW: name:enp0s3: saddr:100932208: daddr:33561200
[  241.563518] AAAAA-TCP_FORW: name:enp0s3: saddr:100932208: daddr:33561200
[  241.876287] AAAAA-TCP_FORW: name:enp0s3: saddr:100932208: daddr:16783984
[  242.269735] AAAAA-TCP_FORW: name:enp0s3: saddr:100932208: daddr:16783984
[  242.358684] AAAAA-TCP_FORW: name:enp0s3: saddr:100932208: daddr:16783984
[  242.564819] AAAAA-TCP_FORW: name:enp0s3: saddr:100932208: daddr:16783984
[  242.688391] AAAAA-TCP_FORW: name:enp0s3: saddr:100932208: daddr:16783984
[  242.854939] AAAAA-TCP_FORW: name:enp0s3: saddr:100932208: daddr:33561200
[  242.936995] AAAAA-TCP_FORW: name:enp0s3: saddr:100932208: daddr:16783984
[  243.207218] AAAAA-TCP_FORW: name:enp0s3: saddr:100932208: daddr:16783984
[  243.218612] AAAAA-TCP_FORW: name:enp0s3: saddr:100932208: daddr:16783984
[  243.319695] AAAAA-TCP_FORW: name:enp0s3: saddr:100932208: daddr:16783984
[  243.381669] AAAAA-TCP_FORW: name:enp0s3: saddr:100932208: daddr:16783984
[  243.471691] AAAAA-TCP_FORW: name:enp0s3: saddr:100932208: daddr:16783984
[  243.584606] AAAAA-TCP_FORW: name:enp0s3: saddr:100932208: daddr:16783984
[  243.673919] AAAAA-TCP_FORW: name:enp0s3: saddr:100932208: daddr:16783984
[  243.726689] AAAAA-TCP_FORW: name:enp0s3: saddr:100932208: daddr:16783984
[  243.813776] AAAAA-TCP_FORW: name:enp0s3: saddr:100932208: daddr:16783984
[  243.943228] AAAAA-TCP_FORW: name:enp0s3: saddr:100932208: daddr:16783984
[  244.025001] AAAAA-TCP_FORW: name:enp0s3: saddr:100932208: daddr:16783984
[  244.101940] AAAAA-TCP_FORW: name:enp0s3: saddr:100932208: daddr:16783984
[  244.176048] AAAAA-TCP_FORW: name:enp0s3: saddr:100932208: daddr:16783984
[  244.250774] AAAAA-TCP_FORW: name:enp0s3: saddr:100932208: daddr:16783984
[  244.365875] AAAAA-TCP_FORW: name:enp0s3: saddr:100932208: daddr:16783984
[  244.447362] AAAAA-TCP_FORW: name:enp0s3: saddr:100932208: daddr:16783984
[  244.538995] AAAAA-TCP_FORW: name:enp0s3: saddr:100932208: daddr:16783984
[  244.624365] AAAAA-TCP_FORW: name:enp0s3: saddr:100932208: daddr:16783984
[  244.749232] AAAAA-TCP_FORW: name:enp0s3: saddr:100932208: daddr:16783984
[  244.860455] AAAAA-TCP_FORW: name:enp0s3: saddr:100932208: daddr:33561200
[  244.995377] AAAAA-TCP_FORW: name:enp0s3: saddr:100932208: daddr:33561200
[  245.141316] AAAAA-TCP_FORW: name:enp0s3: saddr:100932208: daddr:16783984
[  245.201971] AAAAA-TCP_FORW: name:enp0s3: saddr:100932208: daddr:16783984
[  245.316766] AAAAA-TCP_FORW: name:enp0s3: saddr:100932208: daddr:16783984
[  245.387712] AAAAA-TCP_FORW: name:enp0s3: saddr:100932208: daddr:16783984
[  245.555745] AAAAA-TCP_FORW: name:enp0s3: saddr:100932208: daddr:16783984
[  245.649341] AAAAA-TCP_FORW: name:enp0s3: saddr:100932208: daddr:33561200
[  245.717362] AAAAA-TCP_FORW: name:enp0s3: saddr:100932208: daddr:33561200
[  245.789822] AAAAA-TCP_FORW: name:enp0s3: saddr:100932208: daddr:33561200
[  245.860153] AAAAA-TCP_FORW: name:enp0s3: saddr:100932208: daddr:33561200
[  246.009338] AAAAA-TCP_FORW: name:enp0s3: saddr:100932208: daddr:33561200
[  246.074082] AAAAA-TCP_FORW: name:enp0s3: saddr:100932208: daddr:33561200
[  246.141181] AAAAA-TCP_FORW: name:enp0s3: saddr:16783984: daddr:100932208
[  246.177660] AAAAA-TCP_FORW: name:enp0s3: saddr:100932208: daddr:33561200
[  246.224856] AAAAA-TCP_FORW: name:enp0s3: saddr:16783984: daddr:100932208
[  246.257537] AAAAA-TCP_FORW: name:enp0s3: saddr:100932208: daddr:33561200
[  246.315712] AAAAA-TCP_FORW: name:enp0s3: saddr:100932208: daddr:33561200
[  246.407237] AAAAA-TCP_FORW: name:enp0s3: saddr:100932208: daddr:33561200
[  246.448584] AAAAA-TCP_FORW: name:enp0s3: saddr:16783984: daddr:100932208
[  246.503313] AAAAA-TCP_FORW: name:enp0s3: saddr:100932208: daddr:33561200
[  246.570989] AAAAA-TCP_FORW: name:enp0s3: saddr:100932208: daddr:33561200
[  246.627845] AAAAA-TCP_FORW: name:enp0s3: saddr:100932208: daddr:33561200
[  246.633679] AAAAA-TCP_FORW: name:enp0s3: saddr:16783984: daddr:100932208
[  246.699065] AAAAA-TCP_FORW: name:enp0s3: saddr:100932208: daddr:33561200
[  246.821888] AAAAA-TCP_FORW: name:enp0s3: saddr:100932208: daddr:33561200
[  246.873593] AAAAA-TCP_FORW: name:enp0s3: saddr:100932208: daddr:33561200
[  246.937340] AAAAA-TCP_FORW: name:enp0s3: saddr:16783984: daddr:100932208
[  247.054907] AAAAA-TCP_FORW: name:enp0s3: saddr:100932208: daddr:16783984
[  247.060856] AAAAA-TCP_FORW: name:enp0s3: saddr:16783984: daddr:100932208
[  247.107661] AAAAA-TCP_FORW: name:enp0s3: saddr:100932208: daddr:16783984
[  247.172303] AAAAA-TCP_FORW: name:enp0s3: saddr:100932208: daddr:16783984
[  247.259949] AAAAA-TCP_FORW: name:enp0s3: saddr:100932208: daddr:16783984
[  247.309726] AAAAA-TCP_FORW: name:enp0s3: saddr:16783984: daddr:100932208
[  247.404478] AAAAA-TCP_FORW: name:enp0s3: saddr:100932208: daddr:16783984
[  247.579546] AAAAA-TCP_FORW: name:enp0s3: saddr:16783984: daddr:100932208
[  247.613696] AAAAA-TCP_FORW: name:enp0s3: saddr:16783984: daddr:100932208
[  247.735180] AAAAA-TCP_FORW: name:enp0s3: saddr:16783984: daddr:100932208
[  247.764396] AAAAA-TCP_FORW: name:enp0s3: saddr:100932208: daddr:16783984
[  247.897843] AAAAA-TCP_FORW: name:enp0s3: saddr:16783984: daddr:100932208
[  248.056617] AAAAA-TCP_FORW: name:enp0s3: saddr:100932208: daddr:16783984
[  248.064792] AAAAA-TCP_FORW: name:enp0s3: saddr:16783984: daddr:100932208
[  248.119291] AAAAA-TCP_FORW: name:enp0s3: saddr:16783984: daddr:100932208
[  248.438992] AAAAA-TCP_FORW: name:enp0s3: saddr:100932208: daddr:16783984
[  248.487981] AAAAA-TCP_FORW: name:enp0s3: saddr:33561200: daddr:100932208
[  248.864345] AAAAA-TCP_FORW: name:enp0s3: saddr:33561200: daddr:100932208
[  249.124088] AAAAA-TCP_FORW: name:enp0s3: saddr:16783984: daddr:100932208
[  249.330294] AAAAA-TCP_FORW: name:enp0s3: saddr:16783984: daddr:100932208
[  250.371352] AAAAA-TCP_FORW: name:enp0s3: saddr:16783984: daddr:100932208
[  250.583138] AAAAA-TCP_FORW: name:enp0s3: saddr:16783984: daddr:100932208
[  250.886297] AAAAA-TCP_FORW: name:enp0s3: saddr:100932208: daddr:16783984
[  250.933585] AAAAA-TCP_FORW: name:enp0s3: saddr:16783984: daddr:100932208
[  251.119681] AAAAA-TCP_FORW: name:enp0s3: saddr:100932208: daddr:16783984
[  251.131746] AAAAA-TCP_FORW: name:enp0s3: saddr:33561200: daddr:100932208
[  251.418865] AAAAA-TCP_FORW: name:enp0s3: saddr:100932208: daddr:16783984
[  251.520074] AAAAA-TCP_FORW: name:enp0s3: saddr:33561200: daddr:100932208
[  251.676841] AAAAA-TCP_FORW: name:enp0s3: saddr:33561200: daddr:100932208
[  251.876876] AAAAA-TCP_FORW: name:enp0s3: saddr:33561200: daddr:100932208
[  251.915779] AAAAA-TCP_FORW: name:enp0s3: saddr:100932208: daddr:16783984
[  251.993105] AAAAA-TCP_FORW: name:enp0s3: saddr:100932208: daddr:16783984
[  252.093464] AAAAA-TCP_FORW: name:enp0s3: saddr:33561200: daddr:100932208
[  252.171092] AAAAA-TCP_FORW: name:enp0s3: saddr:100932208: daddr:16783984
[  252.241578] AAAAA-TCP_FORW: name:enp0s3: saddr:100932208: daddr:16783984
[  252.308608] AAAAA-TCP_FORW: name:enp0s3: saddr:33561200: daddr:100932208
[  252.441240] AAAAA-TCP_FORW: name:enp0s3: saddr:100932208: daddr:16783984
[  252.499260] AAAAA-TCP_FORW: name:enp0s3: saddr:33561200: daddr:100932208
[  252.560484] AAAAA-TCP_FORW: name:enp0s3: saddr:100932208: daddr:16783984
[  252.629603] AAAAA-TCP_FORW: name:enp0s3: saddr:100932208: daddr:16783984
[  252.703094] AAAAA-TCP_FORW: name:enp0s3: saddr:33561200: daddr:100932208
[  252.900893] AAAAA-TCP_FORW: name:enp0s3: saddr:100932208: daddr:16783984
[  252.998812] AAAAA-TCP_FORW: name:enp0s3: saddr:33561200: daddr:100932208
[  253.144732] AAAAA-TCP_FORW: name:enp0s3: saddr:33561200: daddr:100932208
[  253.428968] AAAAA-TCP_FORW: name:enp0s3: saddr:33561200: daddr:100932208
[  253.470661] AAAAA-TCP_FORW: name:enp0s3: saddr:100932208: daddr:16783984
[  253.544588] AAAAA-TCP_FORW: name:enp0s3: saddr:33561200: daddr:100932208
[  253.831890] AAAAA-TCP_FORW: name:enp0s3: saddr:33561200: daddr:100932208
[  253.873087] AAAAA-TCP_FORW: name:enp0s3: saddr:100932208: daddr:16783984
[  253.925818] AAAAA-TCP_FORW: name:enp0s3: saddr:100932208: daddr:16783984
[  254.153323] AAAAA-TCP_FORW: name:enp0s3: saddr:16783984: daddr:100932208
[  254.202510] AAAAA-TCP_FORW: name:enp0s3: saddr:100932208: daddr:33561200
[  254.290878] AAAAA-TCP_FORW: name:enp0s3: saddr:100932208: daddr:33561200
[  254.332729] AAAAA-TCP_FORW: name:enp0s3: saddr:16783984: daddr:100932208
[  254.413764] AAAAA-TCP_FORW: name:enp0s3: saddr:16783984: daddr:100932208
[  254.531138] AAAAA-TCP_FORW: name:enp0s3: saddr:100932208: daddr:16783984
[  254.574102] AAAAA-TCP_FORW: name:enp0s3: saddr:16783984: daddr:100932208
[  254.633255] AAAAA-TCP_FORW: name:enp0s3: saddr:16783984: daddr:100932208
[  254.763452] AAAAA-TCP_FORW: name:enp0s3: saddr:16783984: daddr:100932208
[  254.775272] AAAAA-TCP_FORW: name:enp0s3: saddr:100932208: daddr:16783984
[  254.838473] AAAAA-TCP_FORW: name:enp0s3: saddr:100932208: daddr:16783984
[  254.983033] AAAAA-TCP_FORW: name:enp0s3: saddr:16783984: daddr:100932208
[  255.342942] AAAAA-TCP_FORW: name:enp0s3: saddr:100932208: daddr:16783984
[  255.694671] AAAAA-TCP_FORW: name:enp0s3: saddr:100932208: daddr:16783984
[  256.135435] AAAAA-TCP_FORW: name:enp0s3: saddr:100932208: daddr:33561200
[  256.259144] AAAAA-TCP_FORW: name:enp0s3: saddr:100932208: daddr:33561200
[  256.584140] AAAAA-TCP_FORW: name:enp0s3: saddr:16783984: daddr:100932208
[  256.611796] AAAAA-TCP_FORW: name:enp0s3: saddr:100932208: daddr:33561200
[  256.735171] AAAAA-TCP_FORW: name:enp0s3: saddr:16783984: daddr:100932208
[  256.800377] AAAAA-TCP_FORW: name:enp0s3: saddr:16783984: daddr:100932208
[  256.815913] AAAAA-TCP_FORW: name:enp0s3: saddr:100932208: daddr:33561200
[  256.842450] AAAAA-TCP_FORW: name:enp0s3: saddr:16783984: daddr:100932208
[  256.903345] AAAAA-TCP_FORW: name:enp0s3: saddr:16783984: daddr:100932208
[  256.966961] AAAAA-TCP_FORW: name:enp0s3: saddr:16783984: daddr:100932208
[  257.017030] AAAAA-TCP_FORW: name:enp0s3: saddr:16783984: daddr:100932208
[  257.104108] AAAAA-TCP_FORW: name:enp0s3: saddr:16783984: daddr:100932208
[  257.119893] AAAAA-TCP_FORW: name:enp0s3: saddr:100932208: daddr:33561200
[  257.153142] AAAAA-TCP_FORW: name:enp0s3: saddr:16783984: daddr:100932208
[  257.198608] AAAAA-TCP_FORW: name:enp0s3: saddr:16783984: daddr:100932208
[  257.254411] AAAAA-TCP_FORW: name:enp0s3: saddr:100932208: daddr:33561200
[  257.296914] AAAAA-TCP_FORW: name:enp0s3: saddr:16783984: daddr:100932208
[  257.527952] AAAAA-TCP_FORW: name:enp0s3: saddr:16783984: daddr:100932208
[  257.676249] AAAAA-TCP_FORW: name:enp0s3: saddr:100932208: daddr:33561200
[  257.745795] AAAAA-TCP_FORW: name:enp0s3: saddr:16783984: daddr:100932208
[  257.948460] AAAAA-TCP_FORW: name:enp0s3: saddr:16783984: daddr:100932208
[  257.981052] AAAAA-TCP_FORW: name:enp0s3: saddr:100932208: daddr:33561200
[  258.165701] AAAAA-TCP_FORW: name:enp0s3: saddr:33561200: daddr:100932208
[  258.419295] AAAAA-TCP_FORW: name:enp0s3: saddr:33561200: daddr:100932208
[  258.544051] AAAAA-TCP_FORW: name:enp0s3: saddr:16783984: daddr:100932208
[  258.617190] AAAAA-TCP_FORW: name:enp0s3: saddr:100932208: daddr:33561200
[  258.661673] AAAAA-TCP_FORW: name:enp0s3: saddr:100932208: daddr:33561200
[  258.678097] AAAAA-TCP_FORW: name:enp0s3: saddr:16783984: daddr:100932208
[  258.723478] AAAAA-TCP_FORW: name:enp0s3: saddr:16783984: daddr:100932208
[  258.878925] AAAAA-TCP_FORW: name:enp0s3: saddr:16783984: daddr:100932208
[  259.151172] AAAAA-TCP_FORW: name:enp0s3: saddr:33561200: daddr:100932208
[  259.315462] AAAAA-TCP_FORW: name:enp0s3: saddr:33561200: daddr:100932208
[  259.437539] AAAAA-TCP_FORW: name:enp0s3: saddr:33561200: daddr:100932208
[  259.680271] AAAAA-TCP_FORW: name:enp0s3: saddr:33561200: daddr:100932208
[  259.759431] AAAAA-TCP_FORW: name:enp0s3: saddr:100932208: daddr:16783984
[  259.825788] AAAAA-TCP_FORW: name:enp0s3: saddr:100932208: daddr:16783984
[  259.930219] AAAAA-TCP_FORW: name:enp0s3: saddr:100932208: daddr:16783984
[  260.007642] AAAAA-TCP_FORW: name:enp0s3: saddr:33561200: daddr:100932208
[  260.075656] AAAAA-TCP_FORW: name:enp0s3: saddr:100932208: daddr:16783984
[  260.190665] AAAAA-TCP_FORW: name:enp0s3: saddr:100932208: daddr:16783984
[  260.211563] AAAAA-TCP_FORW: name:enp0s3: saddr:33561200: daddr:100932208
[  260.392100] AAAAA-TCP_FORW: name:enp0s3: saddr:33561200: daddr:100932208
[  260.464307] AAAAA-TCP_FORW: name:enp0s3: saddr:100932208: daddr:16783984
[  260.638054] AAAAA-TCP_FORW: name:enp0s3: saddr:33561200: daddr:100932208
[  260.726945] AAAAA-TCP_FORW: name:enp0s3: saddr:100932208: daddr:16783984
[  260.836213] AAAAA-TCP_FORW: name:enp0s3: saddr:100932208: daddr:16783984
[  260.925837] AAAAA-TCP_FORW: name:enp0s3: saddr:33561200: daddr:100932208
[  261.088057] AAAAA-TCP_FORW: name:enp0s3: saddr:100932208: daddr:16783984
[  261.097893] AAAAA-TCP_FORW: name:enp0s3: saddr:33561200: daddr:100932208
[  261.216770] AAAAA-TCP_FORW: name:enp0s3: saddr:100932208: daddr:16783984
[  261.257453] AAAAA-TCP_FORW: name:enp0s3: saddr:100932208: daddr:16783984
[  261.382975] AAAAA-TCP_FORW: name:enp0s3: saddr:100932208: daddr:16783984
[  261.412338] AAAAA-TCP_FORW: name:enp0s3: saddr:100932208: daddr:16783984
[  261.496840] AAAAA-TCP_FORW: name:enp0s3: saddr:16783984: daddr:100932208
[  261.626967] AAAAA-TCP_FORW: name:enp0s3: saddr:16783984: daddr:100932208
[  261.673575] AAAAA-TCP_FORW: name:enp0s3: saddr:100932208: daddr:16783984
[  261.752589] AAAAA-TCP_FORW: name:enp0s3: saddr:16783984: daddr:100932208
[  261.782621] AAAAA-TCP_FORW: name:enp0s3: saddr:100932208: daddr:16783984
[  261.830957] AAAAA-TCP_FORW: name:enp0s3: saddr:100932208: daddr:16783984
[  261.861188] AAAAA-TCP_FORW: name:enp0s3: saddr:100932208: daddr:16783984
[  261.922708] AAAAA-TCP_FORW: name:enp0s3: saddr:16783984: daddr:100932208
[  261.994674] AAAAA-TCP_FORW: name:enp0s3: saddr:16783984: daddr:100932208
[  262.071298] AAAAA-TCP_FORW: name:enp0s3: saddr:100932208: daddr:16783984
[  262.139890] AAAAA-TCP_FORW: name:enp0s3: saddr:100932208: daddr:16783984
[  262.167840] AAAAA-TCP_FORW: name:enp0s3: saddr:16783984: daddr:100932208
[  262.258828] AAAAA-TCP_FORW: name:enp0s3: saddr:100932208: daddr:16783984
[  262.275707] AAAAA-TCP_FORW: name:enp0s3: saddr:16783984: daddr:100932208
[  262.362830] AAAAA-TCP_FORW: name:enp0s3: saddr:100932208: daddr:33561200
[  262.372910] AAAAA-TCP_FORW: name:enp0s3: saddr:16783984: daddr:100932208
[  262.425867] AAAAA-TCP_FORW: name:enp0s3: saddr:100932208: daddr:33561200
[  262.476626] AAAAA-TCP_FORW: name:enp0s3: saddr:16783984: daddr:100932208
[  262.653685] AAAAA-TCP_FORW: name:enp0s3: saddr:100932208: daddr:16783984
[  262.771961] AAAAA-TCP_FORW: name:enp0s3: saddr:16783984: daddr:100932208
[  262.788922] AAAAA-TCP_FORW: name:enp0s3: saddr:100932208: daddr:16783984
[  262.858394] AAAAA-TCP_FORW: name:enp0s3: saddr:100932208: daddr:16783984
[  262.897056] AAAAA-TCP_FORW: name:enp0s3: saddr:16783984: daddr:100932208
[  262.906651] AAAAA-TCP_FORW: name:enp0s3: saddr:100932208: daddr:16783984
[  262.941338] AAAAA-TCP_FORW: name:enp0s3: saddr:16783984: daddr:100932208
[  262.988670] AAAAA-TCP_FORW: name:enp0s3: saddr:100932208: daddr:33561200
[  263.025271] AAAAA-TCP_FORW: name:enp0s3: saddr:16783984: daddr:100932208
[  263.193414] AAAAA-TCP_FORW: name:enp0s3: saddr:100932208: daddr:33561200
[  263.298820] AAAAA-TCP_FORW: name:enp0s3: saddr:100932208: daddr:33561200
[  263.316063] AAAAA-TCP_FORW: name:enp0s3: saddr:16783984: daddr:100932208
[  263.402433] AAAAA-TCP_FORW: name:enp0s3: saddr:16783984: daddr:100932208
[  263.480140] AAAAA-TCP_FORW: name:enp0s3: saddr:16783984: daddr:100932208
[  263.512101] AAAAA-TCP_FORW: name:enp0s3: saddr:100932208: daddr:33561200
[  263.540968] AAAAA-TCP_FORW: name:enp0s3: saddr:16783984: daddr:100932208
[  263.724670] AAAAA-TCP_FORW: name:enp0s3: saddr:100932208: daddr:33561200
[  263.851192] AAAAA-TCP_FORW: name:enp0s3: saddr:100932208: daddr:33561200
[  263.916607] AAAAA-TCP_FORW: name:enp0s3: saddr:100932208: daddr:33561200
[  263.937681] AAAAA-TCP_FORW: name:enp0s3: saddr:16783984: daddr:100932208
[  264.007229] AAAAA-TCP_FORW: name:enp0s3: saddr:16783984: daddr:100932208
[  264.153000] AAAAA-TCP_FORW: name:enp0s3: saddr:16783984: daddr:100932208
[  264.191830] AAAAA-TCP_FORW: name:enp0s3: saddr:100932208: daddr:33561200
[  264.256252] AAAAA-TCP_FORW: name:enp0s3: saddr:100932208: daddr:33561200
[  264.314094] AAAAA-TCP_FORW: name:enp0s3: saddr:33561200: daddr:100932208
[  264.379822] AAAAA-TCP_FORW: name:enp0s3: saddr:100932208: daddr:33561200
[  264.412153] AAAAA-TCP_FORW: name:enp0s3: saddr:33561200: daddr:100932208
[  264.502729] AAAAA-TCP_FORW: name:enp0s3: saddr:16783984: daddr:100932208
[  264.641340] AAAAA-TCP_FORW: name:enp0s3: saddr:100932208: daddr:16783984
[  264.750490] AAAAA-TCP_FORW: name:enp0s3: saddr:16783984: daddr:100932208
[  264.847900] AAAAA-TCP_FORW: name:enp0s3: saddr:16783984: daddr:100932208
[  264.859116] AAAAA-TCP_FORW: name:enp0s3: saddr:100932208: daddr:16783984
[  264.937811] AAAAA-TCP_FORW: name:enp0s3: saddr:100932208: daddr:16783984
[  264.951076] AAAAA-TCP_FORW: name:enp0s3: saddr:16783984: daddr:100932208
[  265.110355] AAAAA-TCP_FORW: name:enp0s3: saddr:100932208: daddr:16783984
[  265.152861] AAAAA-TCP_FORW: name:enp0s3: saddr:33561200: daddr:100932208
[  265.225575] AAAAA-TCP_FORW: name:enp0s3: saddr:100932208: daddr:16783984
[  265.233435] AAAAA-TCP_FORW: name:enp0s3: saddr:33561200: daddr:100932208
[  265.278778] AAAAA-TCP_FORW: name:enp0s3: saddr:33561200: daddr:100932208
[  265.387081] AAAAA-TCP_FORW: name:enp0s3: saddr:33561200: daddr:100932208
[  265.456101] AAAAA-TCP_FORW: name:enp0s3: saddr:33561200: daddr:100932208
[  265.520889] AAAAA-TCP_FORW: name:enp0s3: saddr:100932208: daddr:16783984
[  265.675028] AAAAA-TCP_FORW: name:enp0s3: saddr:33561200: daddr:100932208
[  265.768187] AAAAA-TCP_FORW: name:enp0s3: saddr:33561200: daddr:100932208
[  265.916256] AAAAA-TCP_FORW: name:enp0s3: saddr:33561200: daddr:100932208
[  266.057619] AAAAA-TCP_FORW: name:enp0s3: saddr:33561200: daddr:100932208
[  266.273203] AAAAA-TCP_FORW: name:enp0s3: saddr:33561200: daddr:100932208
[  266.417053] AAAAA-TCP_FORW: name:enp0s3: saddr:16783984: daddr:100932208
[  266.739816] AAAAA-TCP_FORW: name:enp0s3: saddr:16783984: daddr:100932208
[  266.859085] AAAAA-TCP_FORW: name:enp0s3: saddr:16783984: daddr:100932208
[  267.090267] AAAAA-TCP_FORW: name:enp0s3: saddr:16783984: daddr:100932208
[  267.228956] AAAAA-TCP_FORW: name:enp0s3: saddr:16783984: daddr:100932208
[  267.348907] AAAAA-TCP_FORW: name:enp0s3: saddr:16783984: daddr:100932208
[  267.418853] AAAAA-TCP_FORW: name:enp0s3: saddr:100932208: daddr:33561200
[  267.466389] AAAAA-TCP_FORW: name:enp0s3: saddr:100932208: daddr:33561200
[  267.553524] AAAAA-TCP_FORW: name:enp0s3: saddr:100932208: daddr:33561200
[  268.086150] AAAAA-TCP_FORW: name:enp0s3: saddr:100932208: daddr:33561200
[  268.110612] AAAAA-TCP_FORW: name:enp0s3: saddr:100932208: daddr:33561200
[  268.198643] AAAAA-TCP_FORW: name:enp0s3: saddr:33561200: daddr:100932208
[  268.314875] AAAAA-TCP_FORW: name:enp0s3: saddr:100932208: daddr:33561200
[  268.414275] AAAAA-TCP_FORW: name:enp0s3: saddr:33561200: daddr:100932208
[  268.457960] AAAAA-TCP_FORW: name:enp0s3: saddr:100932208: daddr:33561200
[  268.484044] AAAAA-TCP_FORW: name:enp0s3: saddr:33561200: daddr:100932208
[  268.527637] AAAAA-TCP_FORW: name:enp0s3: saddr:100932208: daddr:33561200
[  268.595289] AAAAA-TCP_FORW: name:enp0s3: saddr:33561200: daddr:100932208
[  268.615934] AAAAA-TCP_FORW: name:enp0s3: saddr:100932208: daddr:33561200
[  268.726482] AAAAA-TCP_FORW: name:enp0s3: saddr:100932208: daddr:33561200
[  268.819857] AAAAA-TCP_FORW: name:enp0s3: saddr:100932208: daddr:33561200
[  268.885474] AAAAA-TCP_FORW: name:enp0s3: saddr:33561200: daddr:100932208
[  269.084525] AAAAA-TCP_FORW: name:enp0s3: saddr:33561200: daddr:100932208
[  269.128052] AAAAA-TCP_FORW: name:enp0s3: saddr:100932208: daddr:33561200
[  269.190926] AAAAA-TCP_FORW: name:enp0s3: saddr:33561200: daddr:100932208
[  269.251876] AAAAA-TCP_FORW: name:enp0s3: saddr:100932208: daddr:33561200
[  269.329120] AAAAA-TCP_FORW: name:enp0s3: saddr:100932208: daddr:33561200
[  269.488749] AAAAA-TCP_FORW: name:enp0s3: saddr:33561200: daddr:100932208
[  269.573943] AAAAA-TCP_FORW: name:enp0s3: saddr:100932208: daddr:33561200
[  269.621450] AAAAA-TCP_FORW: name:enp0s3: saddr:33561200: daddr:100932208
[  269.656016] AAAAA-TCP_FORW: name:enp0s3: saddr:100932208: daddr:33561200
[  269.688714] AAAAA-TCP_FORW: name:enp0s3: saddr:100932208: daddr:33561200
[  269.696554] AAAAA-TCP_FORW: name:enp0s3: saddr:33561200: daddr:100932208
[  269.752404] AAAAA-TCP_FORW: name:enp0s3: saddr:33561200: daddr:100932208
[  269.765182] AAAAA-TCP_FORW: name:enp0s3: saddr:100932208: daddr:33561200
[  269.936394] AAAAA-TCP_FORW: name:enp0s3: saddr:33561200: daddr:100932208
[  270.056354] AAAAA-TCP_FORW: name:enp0s3: saddr:100932208: daddr:16783984
[  270.118698] AAAAA-TCP_FORW: name:enp0s3: saddr:100932208: daddr:16783984
[  270.193692] AAAAA-TCP_FORW: name:enp0s3: saddr:33561200: daddr:100932208
[  270.195845] AAAAA-TCP_FORW: name:enp0s3: saddr:100932208: daddr:16783984
[  270.263800] AAAAA-TCP_FORW: name:enp0s3: saddr:33561200: daddr:100932208
[  270.281172] AAAAA-TCP_FORW: name:enp0s3: saddr:100932208: daddr:16783984
[  270.342885] AAAAA-TCP_FORW: name:enp0s3: saddr:100932208: daddr:16783984
[  270.408514] AAAAA-TCP_FORW: name:enp0s3: saddr:33561200: daddr:100932208
[  270.430362] AAAAA-TCP_FORW: name:enp0s3: saddr:100932208: daddr:16783984
[  270.487450] AAAAA-TCP_FORW: name:enp0s3: saddr:33561200: daddr:100932208
[  270.500555] AAAAA-TCP_FORW: name:enp0s3: saddr:100932208: daddr:16783984
[  270.528692] AAAAA-TCP_FORW: name:enp0s3: saddr:33561200: daddr:100932208
[  270.613482] AAAAA-TCP_FORW: name:enp0s3: saddr:100932208: daddr:16783984
[  270.656262] AAAAA-TCP_FORW: name:enp0s3: saddr:33561200: daddr:100932208
[  270.697905] AAAAA-TCP_FORW: name:enp0s3: saddr:100932208: daddr:16783984
[  270.777843] AAAAA-TCP_FORW: name:enp0s3: saddr:100932208: daddr:16783984
[  270.825906] AAAAA-TCP_FORW: name:enp0s3: saddr:100932208: daddr:16783984
[  270.840443] AAAAA-TCP_FORW: name:enp0s3: saddr:16783984: daddr:100932208
[  271.068514] AAAAA-TCP_FORW: name:enp0s3: saddr:16783984: daddr:100932208
[  271.362171] AAAAA-TCP_FORW: name:enp0s3: saddr:100932208: daddr:33561200
[  271.373163] AAAAA-TCP_FORW: name:enp0s3: saddr:16783984: daddr:100932208
[  271.435231] AAAAA-TCP_FORW: name:enp0s3: saddr:100932208: daddr:33561200
[  271.464154] AAAAA-TCP_FORW: name:enp0s3: saddr:16783984: daddr:100932208
[  271.695042] AAAAA-TCP_FORW: name:enp0s3: saddr:100932208: daddr:33561200
[  271.732149] AAAAA-TCP_FORW: name:enp0s3: saddr:16783984: daddr:100932208
[  271.782723] AAAAA-TCP_FORW: name:enp0s3: saddr:16783984: daddr:100932208
[  271.931909] AAAAA-TCP_FORW: name:enp0s3: saddr:100932208: daddr:33561200
[  272.005160] AAAAA-TCP_FORW: name:enp0s3: saddr:100932208: daddr:33561200
[  272.070681] AAAAA-TCP_FORW: name:enp0s3: saddr:16783984: daddr:100932208
[  272.130503] AAAAA-TCP_FORW: name:enp0s3: saddr:100932208: daddr:33561200
[  272.197855] AAAAA-TCP_FORW: name:enp0s3: saddr:16783984: daddr:100932208
[  272.347056] AAAAA-TCP_FORW: name:enp0s3: saddr:100932208: daddr:33561200
[  272.355391] AAAAA-TCP_FORW: name:enp0s3: saddr:16783984: daddr:100932208
[  272.401775] AAAAA-TCP_FORW: name:enp0s3: saddr:100932208: daddr:33561200
[  272.415822] AAAAA-TCP_FORW: name:enp0s3: saddr:16783984: daddr:100932208
[  272.470904] AAAAA-TCP_FORW: name:enp0s3: saddr:100932208: daddr:33561200
[  272.536869] AAAAA-TCP_FORW: name:enp0s3: saddr:100932208: daddr:33561200
[  272.585952] AAAAA-TCP_FORW: name:enp0s3: saddr:16783984: daddr:100932208
[  272.635882] AAAAA-TCP_FORW: name:enp0s3: saddr:100932208: daddr:33561200
[  272.768370] AAAAA-TCP_FORW: name:enp0s3: saddr:33561200: daddr:100932208
[  272.845737] AAAAA-TCP_FORW: name:enp0s3: saddr:100932208: daddr:33561200
[  272.911957] AAAAA-TCP_FORW: name:enp0s3: saddr:33561200: daddr:100932208
[  273.078269] AAAAA-TCP_FORW: name:enp0s3: saddr:100932208: daddr:33561200
[  273.149164] AAAAA-TCP_FORW: name:enp0s3: saddr:100932208: daddr:33561200
[  273.177365] AAAAA-TCP_FORW: name:enp0s3: saddr:33561200: daddr:100932208
[  273.274039] AAAAA-TCP_FORW: name:enp0s3: saddr:100932208: daddr:33561200
[  273.351398] AAAAA-TCP_FORW: name:enp0s3: saddr:33561200: daddr:100932208
[  273.379500] AAAAA-TCP_FORW: name:enp0s3: saddr:100932208: daddr:33561200
[  273.461932] AAAAA-TCP_FORW: name:enp0s3: saddr:100932208: daddr:33561200
[  273.464962] AAAAA-TCP_FORW: name:enp0s3: saddr:33561200: daddr:100932208
[  273.535159] AAAAA-TCP_FORW: name:enp0s3: saddr:100932208: daddr:33561200
[  273.561914] AAAAA-TCP_FORW: name:enp0s3: saddr:33561200: daddr:100932208
[  273.575989] AAAAA-TCP_FORW: name:enp0s3: saddr:100932208: daddr:33561200
[  273.677998] AAAAA-TCP_FORW: name:enp0s3: saddr:33561200: daddr:100932208
[  273.790000] AAAAA-TCP_FORW: name:enp0s3: saddr:33561200: daddr:100932208
[  273.812348] AAAAA-TCP_FORW: name:enp0s3: saddr:100932208: daddr:33561200
[  274.023239] AAAAA-TCP_FORW: name:enp0s3: saddr:33561200: daddr:100932208
[  274.031353] AAAAA-TCP_FORW: name:enp0s3: saddr:100932208: daddr:33561200
[  274.087969] AAAAA-TCP_FORW: name:enp0s3: saddr:100932208: daddr:33561200
[  274.117309] AAAAA-TCP_FORW: name:enp0s3: saddr:33561200: daddr:100932208
[  274.211186] AAAAA-TCP_FORW: name:enp0s3: saddr:100932208: daddr:33561200
[  274.294017] AAAAA-TCP_FORW: name:enp0s3: saddr:33561200: daddr:100932208
[  274.356997] AAAAA-TCP_FORW: name:enp0s3: saddr:100932208: daddr:33561200
[  274.406587] AAAAA-TCP_FORW: name:enp0s3: saddr:100932208: daddr:33561200
[  274.451425] AAAAA-TCP_FORW: name:enp0s3: saddr:33561200: daddr:100932208
[  274.693633] AAAAA-TCP_FORW: name:enp0s3: saddr:33561200: daddr:100932208
[  274.803892] AAAAA-TCP_FORW: name:enp0s3: saddr:33561200: daddr:100932208
[  274.937600] AAAAA-TCP_FORW: name:enp0s3: saddr:33561200: daddr:100932208
[  275.044179] AAAAA-TCP_FORW: name:enp0s3: saddr:33561200: daddr:100932208
[  275.069648] AAAAA-TCP_FORW: name:enp0s3: saddr:100932208: daddr:16783984
[  275.147225] AAAAA-TCP_FORW: name:enp0s3: saddr:100932208: daddr:16783984
[  275.252849] AAAAA-TCP_FORW: name:enp0s3: saddr:33561200: daddr:100932208
[  275.305271] AAAAA-TCP_FORW: name:enp0s3: saddr:100932208: daddr:16783984
[  275.375839] AAAAA-TCP_FORW: name:enp0s3: saddr:33561200: daddr:100932208
[  275.393965] AAAAA-TCP_FORW: name:enp0s3: saddr:100932208: daddr:16783984
[  275.533268] AAAAA-TCP_FORW: name:enp0s3: saddr:100932208: daddr:16783984
[  275.566341] AAAAA-TCP_FORW: name:enp0s3: saddr:33561200: daddr:100932208
[  275.739761] AAAAA-TCP_FORW: name:enp0s3: saddr:100932208: daddr:16783984
[  275.813181] AAAAA-TCP_FORW: name:enp0s3: saddr:33561200: daddr:100932208
[  275.840542] AAAAA-TCP_FORW: name:enp0s3: saddr:100932208: daddr:16783984
[  276.060210] AAAAA-TCP_FORW: name:enp0s3: saddr:33561200: daddr:100932208
[  276.066422] AAAAA-TCP_FORW: name:enp0s3: saddr:100932208: daddr:16783984
[  276.068238] AAAAA-TCP_FORW: name:enp0s3: saddr:100932208: daddr:16783984
[  276.167892] AAAAA-TCP_FORW: name:enp0s3: saddr:100932208: daddr:16783984
[  276.204047] AAAAA-TCP_FORW: name:enp0s3: saddr:33561200: daddr:100932208
[  276.375538] AAAAA-TCP_FORW: name:enp0s3: saddr:33561200: daddr:100932208
[  276.482769] AAAAA-TCP_FORW: name:enp0s3: saddr:33561200: daddr:100932208
[  276.573189] AAAAA-TCP_FORW: name:enp0s3: saddr:100932208: daddr:16783984
[  276.771949] AAAAA-TCP_FORW: name:enp0s3: saddr:100932208: daddr:16783984
[  276.995483] AAAAA-TCP_FORW: name:enp0s3: saddr:16783984: daddr:100932208
[  277.012022] AAAAA-TCP_FORW: name:enp0s3: saddr:100932208: daddr:16783984
[  277.081685] AAAAA-TCP_FORW: name:enp0s3: saddr:100932208: daddr:16783984
[  277.102114] AAAAA-TCP_FORW: name:enp0s3: saddr:16783984: daddr:100932208
[  277.198902] AAAAA-TCP_FORW: name:enp0s3: saddr:16783984: daddr:100932208
[  277.229683] AAAAA-TCP_FORW: name:enp0s3: saddr:100932208: daddr:33561200
[  277.348894] AAAAA-TCP_FORW: name:enp0s3: saddr:100932208: daddr:33561200
[  277.393801] AAAAA-TCP_FORW: name:enp0s3: saddr:16783984: daddr:100932208
[  277.478830] AAAAA-TCP_FORW: name:enp0s3: saddr:100932208: daddr:33561200
[  277.497097] AAAAA-TCP_FORW: name:enp0s3: saddr:16783984: daddr:100932208
[  277.612644] AAAAA-TCP_FORW: name:enp0s3: saddr:16783984: daddr:100932208
[  277.713456] AAAAA-TCP_FORW: name:enp0s3: saddr:100932208: daddr:33561200
[  277.742825] AAAAA-TCP_FORW: name:enp0s3: saddr:16783984: daddr:100932208
[  277.927979] AAAAA-TCP_FORW: name:enp0s3: saddr:100932208: daddr:33561200
[  278.073363] AAAAA-TCP_FORW: name:enp0s3: saddr:100932208: daddr:33561200
[  278.104246] AAAAA-TCP_FORW: name:enp0s3: saddr:100932208: daddr:33561200
[  278.129131] AAAAA-TCP_FORW: name:enp0s3: saddr:16783984: daddr:100932208
[  278.312207] AAAAA-TCP_FORW: name:enp0s3: saddr:100932208: daddr:33561200
[  278.343428] AAAAA-TCP_FORW: name:enp0s3: saddr:16783984: daddr:100932208
[  278.352075] AAAAA-TCP_FORW: name:enp0s3: saddr:100932208: daddr:33561200
[  278.406545] AAAAA-TCP_FORW: name:enp0s3: saddr:16783984: daddr:100932208
[  278.438595] AAAAA-TCP_FORW: name:enp0s3: saddr:100932208: daddr:33561200
[  278.580132] AAAAA-TCP_FORW: name:enp0s3: saddr:100932208: daddr:33561200
[  278.581924] AAAAA-TCP_FORW: name:enp0s3: saddr:100932208: daddr:33561200
[  278.752413] AAAAA-TCP_FORW: name:enp0s3: saddr:16783984: daddr:100932208
[  278.794567] AAAAA-TCP_FORW: name:enp0s3: saddr:100932208: daddr:33561200
[  278.883290] AAAAA-TCP_FORW: name:enp0s3: saddr:16783984: daddr:100932208
[  279.004942] AAAAA-TCP_FORW: name:enp0s3: saddr:16783984: daddr:100932208
[  279.108196] AAAAA-TCP_FORW: name:enp0s3: saddr:16783984: daddr:100932208
[  279.146304] AAAAA-TCP_FORW: name:enp0s3: saddr:100932208: daddr:33561200
[  279.148129] AAAAA-TCP_FORW: name:enp0s3: saddr:100932208: daddr:33561200
[  279.367423] AAAAA-TCP_FORW: name:enp0s3: saddr:100932208: daddr:33561200
[  279.391904] AAAAA-TCP_FORW: name:enp0s3: saddr:33561200: daddr:100932208
[  279.491975] AAAAA-TCP_FORW: name:enp0s3: saddr:100932208: daddr:33561200
[  279.505887] AAAAA-TCP_FORW: name:enp0s3: saddr:33561200: daddr:100932208
[  279.516623] AAAAA-TCP_FORW: name:enp0s3: saddr:100932208: daddr:33561200
[  279.597423] AAAAA-TCP_FORW: name:enp0s3: saddr:100932208: daddr:33561200
[  279.694871] AAAAA-TCP_FORW: name:enp0s3: saddr:33561200: daddr:100932208
[  279.910218] AAAAA-TCP_FORW: name:enp0s3: saddr:100932208: daddr:33561200
[  279.966503] AAAAA-TCP_FORW: name:enp0s3: saddr:100932208: daddr:33561200
[  280.030974] AAAAA-TCP_FORW: name:enp0s3: saddr:33561200: daddr:100932208
[  280.114585] AAAAA-TCP_FORW: name:enp0s3: saddr:33561200: daddr:100932208
[  280.150793] AAAAA-TCP_FORW: name:enp0s3: saddr:100932208: daddr:33561200
[  280.200247] AAAAA-TCP_FORW: name:enp0s3: saddr:33561200: daddr:100932208
[  280.304498] AAAAA-TCP_FORW: name:enp0s3: saddr:33561200: daddr:100932208
[  280.408470] AAAAA-TCP_FORW: name:enp0s3: saddr:100932208: daddr:33561200
[  280.431037] AAAAA-TCP_FORW: name:enp0s3: saddr:33561200: daddr:100932208
[  280.487155] AAAAA-TCP_FORW: name:enp0s3: saddr:100932208: daddr:33561200
[  280.603538] AAAAA-TCP_FORW: name:enp0s3: saddr:33561200: daddr:100932208
[  280.795273] AAAAA-TCP_FORW: name:enp0s3: saddr:33561200: daddr:100932208
[  280.876955] AAAAA-TCP_FORW: name:enp0s3: saddr:33561200: daddr:100932208
[  280.908155] AAAAA-TCP_FORW: name:enp0s3: saddr:100932208: daddr:33561200
[  281.183591] AAAAA-TCP_FORW: name:enp0s3: saddr:33561200: daddr:100932208
[  281.513090] AAAAA-TCP_FORW: name:enp0s3: saddr:100932208: daddr:33561200
[  281.541059] AAAAA-TCP_FORW: name:enp0s3: saddr:33561200: daddr:100932208
[  281.877699] AAAAA-TCP_FORW: name:enp0s3: saddr:33561200: daddr:100932208
[  281.982423] AAAAA-TCP_FORW: name:enp0s3: saddr:33561200: daddr:100932208
[  282.084182] AAAAA-TCP_FORW: name:enp0s3: saddr:100932208: daddr:33561200
[  282.119832] AAAAA-TCP_FORW: name:enp0s3: saddr:33561200: daddr:100932208
[  282.141262] AAAAA-TCP_FORW: name:enp0s3: saddr:100932208: daddr:16783984
[  282.269207] AAAAA-TCP_FORW: name:enp0s3: saddr:33561200: daddr:100932208
[  282.356593] AAAAA-TCP_FORW: name:enp0s3: saddr:100932208: daddr:16783984
[  282.446423] AAAAA-TCP_FORW: name:enp0s3: saddr:33561200: daddr:100932208
[  282.487399] AAAAA-TCP_FORW: name:enp0s3: saddr:100932208: daddr:16783984
[  282.560037] AAAAA-TCP_FORW: name:enp0s3: saddr:33561200: daddr:100932208
[  282.756278] AAAAA-TCP_FORW: name:enp0s3: saddr:33561200: daddr:100932208
[  282.809753] AAAAA-TCP_FORW: name:enp0s3: saddr:100932208: daddr:16783984
[  282.851167] AAAAA-TCP_FORW: name:enp0s3: saddr:33561200: daddr:100932208
[  282.954714] AAAAA-TCP_FORW: name:enp0s3: saddr:100932208: daddr:16783984
[  283.034743] AAAAA-TCP_FORW: name:enp0s3: saddr:100932208: daddr:16783984
[  283.072429] AAAAA-TCP_FORW: name:enp0s3: saddr:33561200: daddr:100932208
[  283.242009] AAAAA-TCP_FORW: name:enp0s3: saddr:100932208: daddr:16783984
[  283.386506] AAAAA-TCP_FORW: name:enp0s3: saddr:33561200: daddr:100932208
[  283.451612] AAAAA-TCP_FORW: name:enp0s3: saddr:100932208: daddr:16783984
[  283.541592] AAAAA-TCP_FORW: name:enp0s3: saddr:33561200: daddr:100932208
[  283.565882] AAAAA-TCP_FORW: name:enp0s3: saddr:100932208: daddr:16783984
[  283.649896] AAAAA-TCP_FORW: name:enp0s3: saddr:100932208: daddr:16783984
[  283.774541] AAAAA-TCP_FORW: name:enp0s3: saddr:33561200: daddr:100932208
[  283.844857] AAAAA-TCP_FORW: name:enp0s3: saddr:100932208: daddr:16783984
[  284.078371] AAAAA-TCP_FORW: name:enp0s3: saddr:33561200: daddr:100932208
[  284.181441] AAAAA-TCP_FORW: name:enp0s3: saddr:100932208: daddr:16783984
[  284.293091] AAAAA-TCP_FORW: name:enp0s3: saddr:100932208: daddr:16783984
[  284.327574] AAAAA-TCP_FORW: name:enp0s3: saddr:33561200: daddr:100932208
[  284.424337] AAAAA-TCP_FORW: name:enp0s3: saddr:100932208: daddr:16783984
[  284.510557] AAAAA-TCP_FORW: name:enp0s3: saddr:16783984: daddr:100932208
[  284.518842] AAAAA-TCP_FORW: name:enp0s3: saddr:100932208: daddr:16783984
[  284.680677] AAAAA-TCP_FORW: name:enp0s3: saddr:100932208: daddr:33561200
[  284.710429] AAAAA-TCP_FORW: name:enp0s3: saddr:16783984: daddr:100932208
[  284.834169] AAAAA-TCP_FORW: name:enp0s3: saddr:16783984: daddr:100932208
[  285.039633] AAAAA-TCP_FORW: name:enp0s3: saddr:16783984: daddr:100932208
[  285.165146] AAAAA-TCP_FORW: name:enp0s3: saddr:16783984: daddr:100932208
[  285.227604] AAAAA-TCP_FORW: name:enp0s3: saddr:100932208: daddr:33561200
[  285.264184] AAAAA-TCP_FORW: name:enp0s3: saddr:16783984: daddr:100932208
[  285.280029] AAAAA-TCP_FORW: name:enp0s3: saddr:100932208: daddr:33561200
[  285.350546] AAAAA-TCP_FORW: name:enp0s3: saddr:100932208: daddr:33561200
[  285.456175] AAAAA-TCP_FORW: name:enp0s3: saddr:16783984: daddr:100932208
[  285.600822] AAAAA-TCP_FORW: name:enp0s3: saddr:16783984: daddr:100932208
[  285.746361] AAAAA-TCP_FORW: name:enp0s3: saddr:16783984: daddr:100932208
[  285.805665] AAAAA-TCP_FORW: name:enp0s3: saddr:100932208: daddr:33561200
[  285.864950] AAAAA-TCP_FORW: name:enp0s3: saddr:16783984: daddr:100932208
[  285.881158] AAAAA-TCP_FORW: name:enp0s3: saddr:100932208: daddr:33561200
[  285.953702] AAAAA-TCP_FORW: name:enp0s3: saddr:16783984: daddr:100932208
[  285.961411] AAAAA-TCP_FORW: name:enp0s3: saddr:100932208: daddr:33561200
[  286.013491] AAAAA-TCP_FORW: name:enp0s3: saddr:100932208: daddr:33561200
[  286.085154] AAAAA-TCP_FORW: name:enp0s3: saddr:16783984: daddr:100932208
[  286.186606] AAAAA-TCP_FORW: name:enp0s3: saddr:100932208: daddr:33561200
[  286.214139] AAAAA-TCP_FORW: name:enp0s3: saddr:16783984: daddr:100932208
[  286.238343] AAAAA-TCP_FORW: name:enp0s3: saddr:100932208: daddr:33561200
[  286.305630] AAAAA-TCP_FORW: name:enp0s3: saddr:100932208: daddr:33561200
[  286.323257] AAAAA-TCP_FORW: name:enp0s3: saddr:16783984: daddr:100932208
[  286.361592] AAAAA-TCP_FORW: name:enp0s3: saddr:100932208: daddr:33561200
[  286.420011] AAAAA-TCP_FORW: name:enp0s3: saddr:100932208: daddr:33561200
[  286.448707] AAAAA-TCP_FORW: name:enp0s3: saddr:16783984: daddr:100932208
[  286.472579] AAAAA-TCP_FORW: name:enp0s3: saddr:100932208: daddr:33561200
[  286.526529] AAAAA-TCP_FORW: name:enp0s3: saddr:100932208: daddr:33561200
[  286.581954] AAAAA-TCP_FORW: name:enp0s3: saddr:33561200: daddr:100932208
[  286.629584] AAAAA-TCP_FORW: name:enp0s3: saddr:100932208: daddr:33561200
[  286.672819] AAAAA-TCP_FORW: name:enp0s3: saddr:100932208: daddr:33561200
[  286.688769] AAAAA-TCP_FORW: name:enp0s3: saddr:100932208: daddr:33561200
[  286.774083] AAAAA-TCP_FORW: name:enp0s3: saddr:100932208: daddr:33561200
[  286.787568] AAAAA-TCP_FORW: name:enp0s3: saddr:100932208: daddr:33561200
[  286.798734] AAAAA-TCP_FORW: name:enp0s3: saddr:100932208: daddr:33561200
[  286.834791] AAAAA-TCP_FORW: name:enp0s3: saddr:100932208: daddr:33561200
[  286.864395] AAAAA-TCP_FORW: name:enp0s3: saddr:33561200: daddr:100932208
[  286.943914] AAAAA-TCP_FORW: name:enp0s3: saddr:100932208: daddr:33561200
[  286.969406] AAAAA-TCP_FORW: name:enp0s3: saddr:33561200: daddr:100932208
[  287.001334] AAAAA-TCP_FORW: name:enp0s3: saddr:100932208: daddr:33561200
[  287.036326] AAAAA-TCP_FORW: name:enp0s3: saddr:33561200: daddr:100932208
[  287.067026] AAAAA-TCP_FORW: name:enp0s3: saddr:100932208: daddr:33561200
[  287.095713] AAAAA-TCP_FORW: name:enp0s3: saddr:100932208: daddr:16783984
[  287.139459] AAAAA-TCP_FORW: name:enp0s3: saddr:100932208: daddr:16783984
[  287.256496] AAAAA-TCP_FORW: name:enp0s3: saddr:100932208: daddr:16783984
[  287.274672] AAAAA-TCP_FORW: name:enp0s3: saddr:100932208: daddr:16783984
[  287.294242] AAAAA-TCP_FORW: name:enp0s3: saddr:33561200: daddr:100932208
[  287.324459] AAAAA-TCP_FORW: name:enp0s3: saddr:100932208: daddr:16783984
[  287.365786] AAAAA-TCP_FORW: name:enp0s3: saddr:100932208: daddr:16783984
[  287.393686] AAAAA-TCP_FORW: name:enp0s3: saddr:33561200: daddr:100932208
[  287.438114] AAAAA-TCP_FORW: name:enp0s3: saddr:100932208: daddr:16783984
[  287.473787] AAAAA-TCP_FORW: name:enp0s3: saddr:33561200: daddr:100932208
[  287.498404] AAAAA-TCP_FORW: name:enp0s3: saddr:100932208: daddr:16783984
[  287.545584] AAAAA-TCP_FORW: name:enp0s3: saddr:33561200: daddr:100932208
[  287.585594] AAAAA-TCP_FORW: name:enp0s3: saddr:100932208: daddr:16783984
