[    0.000000] Linux version 5.4.243-mptcp (root@ztg) (gcc version 12.2.0 (Debian 12.2.0-14+deb12u1)) #53 SMP Wed Dec 24 23:28:15 CST 2025
[    0.000000] Command line: BOOT_IMAGE=/boot/vmlinuz-5.4.243-mptcp root=UUID=98415a12-53b7-4144-8265-0f7ece09e445 ro quiet splash
[    0.000000] KERNEL supported cpus:
[    0.000000]   Intel GenuineIntel
[    0.000000]   AMD AuthenticAMD
[    0.000000]   Hygon HygonGenuine
[    0.000000]   Centaur CentaurHauls
[    0.000000]   zhaoxin   Shanghai  
[    0.000000] x86/fpu: Supporting XSAVE feature 0x001: 'x87 floating point registers'
[    0.000000] x86/fpu: Supporting XSAVE feature 0x002: 'SSE registers'
[    0.000000] x86/fpu: Supporting XSAVE feature 0x004: 'AVX registers'
[    0.000000] x86/fpu: xstate_offset[2]:  576, xstate_sizes[2]:  256
[    0.000000] x86/fpu: Enabled xstate features 0x7, context size is 832 bytes, using 'standard' format.
[    0.000000] BIOS-provided physical RAM map:
[    0.000000] BIOS-e820: [mem 0x0000000000000000-0x000000000009fbff] usable
[    0.000000] BIOS-e820: [mem 0x000000000009fc00-0x000000000009ffff] reserved
[    0.000000] BIOS-e820: [mem 0x00000000000f0000-0x00000000000fffff] reserved
[    0.000000] BIOS-e820: [mem 0x0000000000100000-0x000000007ffeffff] usable
[    0.000000] BIOS-e820: [mem 0x000000007fff0000-0x000000007fffffff] ACPI data
[    0.000000] BIOS-e820: [mem 0x00000000fec00000-0x00000000fec00fff] reserved
[    0.000000] BIOS-e820: [mem 0x00000000fee00000-0x00000000fee00fff] reserved
[    0.000000] BIOS-e820: [mem 0x00000000fffc0000-0x00000000ffffffff] reserved
[    0.000000] NX (Execute Disable) protection: active
[    0.000000] SMBIOS 2.5 present.
[    0.000000] DMI: innotek GmbH VirtualBox/VirtualBox, BIOS VirtualBox 12/01/2006
[    0.000000] Hypervisor detected: KVM
[    0.000000] kvm-clock: Using msrs 4b564d01 and 4b564d00
[    0.000001] kvm-clock: cpu 0, msr 49201001, primary cpu clock
[    0.000001] kvm-clock: using sched offset of 4431832077 cycles
[    0.000003] clocksource: kvm-clock: mask: 0xffffffffffffffff max_cycles: 0x1cd42e4dffb, max_idle_ns: 881590591483 ns
[    0.000005] tsc: Detected 2100.000 MHz processor
[    0.001887] e820: update [mem 0x00000000-0x00000fff] usable ==> reserved
[    0.001889] e820: remove [mem 0x000a0000-0x000fffff] usable
[    0.001893] last_pfn = 0x7fff0 max_arch_pfn = 0x400000000
[    0.001961] MTRR default type: uncachable
[    0.001962] MTRR fixed ranges enabled:
[    0.001963]   00000-9FFFF write-back
[    0.001964]   A0000-BFFFF uncachable
[    0.001965]   C0000-FFFFF write-protect
[    0.001965] MTRR variable ranges enabled:
[    0.001967]   0 base 000000000000 mask 3FFF80000000 write-back
[    0.001968]   1 disabled
[    0.001968]   2 disabled
[    0.001968]   3 disabled
[    0.001969]   4 disabled
[    0.001969]   5 disabled
[    0.001970]   6 disabled
[    0.001970]   7 disabled
[    0.001970]   8 disabled
[    0.001971]   9 disabled
[    0.001971]   10 disabled
[    0.001972]   11 disabled
[    0.001972]   12 disabled
[    0.001973]   13 disabled
[    0.001973]   14 disabled
[    0.001974]   15 disabled
[    0.001990] x86/PAT: Configuration [0-7]: WB  WC  UC- UC  WB  WP  UC- WT  
[    0.002125] found SMP MP-table at [mem 0x0009fff0-0x0009ffff]
[    0.093587] check: Scanning 1 areas for low memory corruption
[    0.093739] RAMDISK: [mem 0x32271000-0x3512ffff]
[    0.093747] ACPI: Early table checksum verification disabled
[    0.093753] ACPI: RSDP 0x00000000000E0000 000024 (v02 VBOX  )
[    0.093758] ACPI: XSDT 0x000000007FFF0030 00003C (v01 VBOX   VBOXXSDT 00000001 ASL  00000061)
[    0.093764] ACPI: FACP 0x000000007FFF00F0 0000F4 (v04 VBOX   VBOXFACP 00000001 ASL  00000061)
[    0.093771] ACPI: DSDT 0x000000007FFF02E0 002353 (v02 VBOX   VBOXBIOS 00000002 VBOX 00029BF3)
[    0.093775] ACPI: FACS 0x000000007FFF0200 000040
[    0.093778] ACPI: FACS 0x000000007FFF0200 000040
[    0.093781] ACPI: APIC 0x000000007FFF0240 000054 (v02 VBOX   VBOXAPIC 00000001 ASL  00000061)
[    0.093785] ACPI: SSDT 0x000000007FFF02A0 000038 (v01 VBOX   VBOXCPUT 00000002 VBOX 00029BF3)
[    0.093788] ACPI: Reserving FACP table memory at [mem 0x7fff00f0-0x7fff01e3]
[    0.093789] ACPI: Reserving DSDT table memory at [mem 0x7fff02e0-0x7fff2632]
[    0.093790] ACPI: Reserving FACS table memory at [mem 0x7fff0200-0x7fff023f]
[    0.093791] ACPI: Reserving FACS table memory at [mem 0x7fff0200-0x7fff023f]
[    0.093791] ACPI: Reserving APIC table memory at [mem 0x7fff0240-0x7fff0293]
[    0.093792] ACPI: Reserving SSDT table memory at [mem 0x7fff02a0-0x7fff02d7]
[    0.093806] ACPI: Local APIC address 0xfee00000
[    0.093995] No NUMA configuration found
[    0.093996] Faking a node at [mem 0x0000000000000000-0x000000007ffeffff]
[    0.094006] NODE_DATA(0) allocated [mem 0x7ffc5000-0x7ffeffff]
[    0.094267] Zone ranges:
[    0.094268]   DMA      [mem 0x0000000000001000-0x0000000000ffffff]
[    0.094269]   DMA32    [mem 0x0000000001000000-0x000000007ffeffff]
[    0.094270]   Normal   empty
[    0.094271]   Device   empty
[    0.094271] Movable zone start for each node
[    0.094273] Early memory node ranges
[    0.094274]   node   0: [mem 0x0000000000001000-0x000000000009efff]
[    0.094275]   node   0: [mem 0x0000000000100000-0x000000007ffeffff]
[    0.094278] Zeroed struct page in unavailable ranges: 114 pages
[    0.094279] Initmem setup node 0 [mem 0x0000000000001000-0x000000007ffeffff]
[    0.094280] On node 0 totalpages: 524174
[    0.094281]   DMA zone: 64 pages used for memmap
[    0.094282]   DMA zone: 21 pages reserved
[    0.094283]   DMA zone: 3998 pages, LIFO batch:0
[    0.094354]   DMA32 zone: 8128 pages used for memmap
[    0.094355]   DMA32 zone: 520176 pages, LIFO batch:63
[    0.103414] ACPI: PM-Timer IO Port: 0x4008
[    0.103418] ACPI: Local APIC address 0xfee00000
[    0.103489] IOAPIC[0]: apic_id 1, version 32, address 0xfec00000, GSI 0-23
[    0.103493] ACPI: INT_SRC_OVR (bus 0 bus_irq 0 global_irq 2 dfl dfl)
[    0.103495] ACPI: INT_SRC_OVR (bus 0 bus_irq 9 global_irq 9 low level)
[    0.103497] ACPI: IRQ0 used by override.
[    0.103498] ACPI: IRQ9 used by override.
[    0.103500] Using ACPI (MADT) for SMP configuration information
[    0.103507] smpboot: Allowing 1 CPUs, 0 hotplug CPUs
[    0.103530] PM: Registered nosave memory: [mem 0x00000000-0x00000fff]
[    0.103531] PM: Registered nosave memory: [mem 0x0009f000-0x0009ffff]
[    0.103532] PM: Registered nosave memory: [mem 0x000a0000-0x000effff]
[    0.103532] PM: Registered nosave memory: [mem 0x000f0000-0x000fffff]
[    0.103534] [mem 0x80000000-0xfebfffff] available for PCI devices
[    0.103535] Booting paravirtualized kernel on KVM
[    0.103539] clocksource: refined-jiffies: mask: 0xffffffff max_cycles: 0xffffffff, max_idle_ns: 7645519600211568 ns
[    0.103544] setup_percpu: NR_CPUS:8192 nr_cpumask_bits:1 nr_cpu_ids:1 nr_node_ids:1
[    0.104571] percpu: Embedded 60 pages/cpu s208896 r8192 d28672 u2097152
[    0.104576] pcpu-alloc: s208896 r8192 d28672 u2097152 alloc=1*2097152
[    0.104577] pcpu-alloc: [0] 0 
[    0.104604] Built 1 zonelists, mobility grouping on.  Total pages: 515961
[    0.104605] Policy zone: DMA32
[    0.104606] Kernel command line: BOOT_IMAGE=/boot/vmlinuz-5.4.243-mptcp root=UUID=98415a12-53b7-4144-8265-0f7ece09e445 ro quiet splash
[    0.105509] Dentry cache hash table entries: 262144 (order: 9, 2097152 bytes, linear)
[    0.105657] Inode-cache hash table entries: 131072 (order: 8, 1048576 bytes, linear)
[    0.105710] mem auto-init: stack:off, heap alloc:on, heap free:off
[    0.105712] Calgary: detecting Calgary via BIOS EBDA area
[    0.105714] Calgary: Unable to locate Rio Grande table in EBDA - bailing!
[    0.110023] Memory: 1967332K/2096696K available (14339K kernel code, 2398K rwdata, 4712K rodata, 2728K init, 17260K bss, 129364K reserved, 0K cma-reserved)
[    0.110962] SLUB: HWalign=64, Order=0-3, MinObjects=0, CPUs=1, Nodes=1
[    0.110980] ftrace: allocating 43186 entries in 169 pages
[    0.129336] rcu: Hierarchical RCU implementation.
[    0.129337] rcu: 	RCU restricting CPUs from NR_CPUS=8192 to nr_cpu_ids=1.
[    0.129339] 	Tasks RCU enabled.
[    0.129340] rcu: RCU calculated value of scheduler-enlistment delay is 25 jiffies.
[    0.129341] rcu: Adjusting geometry for rcu_fanout_leaf=16, nr_cpu_ids=1
[    0.132339] NR_IRQS: 524544, nr_irqs: 256, preallocated irqs: 16
[    0.132561] random: crng init done
[    0.142355] Console: colour VGA+ 80x25
[    0.142360] printk: console [tty0] enabled
[    0.142382] ACPI: Core revision 20190816
[    0.142487] APIC: Switch to symmetric I/O mode setup
[    0.142740] x2apic enabled
[    0.142984] Switched APIC routing to physical x2apic.
[    0.144134] ..TIMER: vector=0x30 apic1=0 pin1=2 apic2=-1 pin2=-1
[    0.144161] clocksource: tsc-early: mask: 0xffffffffffffffff max_cycles: 0x1e4530a99b6, max_idle_ns: 440795257976 ns
[    0.144167] Calibrating delay loop (skipped) preset value.. 4200.00 BogoMIPS (lpj=8400000)
[    0.144170] pid_max: default: 32768 minimum: 301
[    0.144199] LSM: Security Framework initializing
[    0.144208] Yama: becoming mindful.
[    0.144235] AppArmor: AppArmor initialized
[    0.144268] Mount-cache hash table entries: 4096 (order: 3, 32768 bytes, linear)
[    0.144273] Mountpoint-cache hash table entries: 4096 (order: 3, 32768 bytes, linear)
[    0.144283] *** VALIDATE tmpfs ***
[    0.144414] *** VALIDATE proc ***
[    0.144455] *** VALIDATE cgroup1 ***
[    0.144456] *** VALIDATE cgroup2 ***
[    0.144599] process: using mwait in idle threads
[    0.144603] Last level iTLB entries: 4KB 64, 2MB 8, 4MB 8
[    0.144604] Last level dTLB entries: 4KB 64, 2MB 0, 4MB 0, 1GB 4
[    0.144624] Spectre V1 : Mitigation: usercopy/swapgs barriers and __user pointer sanitization
[    0.144629] Spectre V2 : Mitigation: Retpolines
[    0.144630] Spectre V2 : Spectre v2 / SpectreRSB mitigation: Filling RSB on context switch
[    0.144631] Spectre V2 : Spectre v2 / SpectreRSB : Filling RSB on VMEXIT
[    0.144631] RETBleed: WARNING: Spectre v2 mitigation leaves CPU vulnerable to RETBleed attacks, data leaks possible!
[    0.144989] RETBleed: Vulnerable
[    0.144989] Speculative Store Bypass: Vulnerable
[    0.144994] TAA: Mitigation: TSX disabled
[    0.144995] MMIO Stale Data: Mitigation: Clear CPU buffers
[    0.149275] Freeing SMP alternatives memory: 40K
[    0.262141] smpboot: CPU0: Intel(R) Xeon(R) Silver 4216 CPU @ 2.10GHz (family: 0x6, model: 0x55, stepping: 0x7)
[    0.262288] Performance Events: unsupported p6 CPU model 85 no PMU driver, software events only.
[    0.262325] rcu: Hierarchical SRCU implementation.
[    0.262865] NMI watchdog: Perf NMI watchdog permanently disabled
[    0.262905] smp: Bringing up secondary CPUs ...
[    0.262907] smp: Brought up 1 node, 1 CPU
[    0.262908] smpboot: Max logical packages: 1
[    0.262909] smpboot: Total of 1 processors activated (4200.00 BogoMIPS)
[    0.263877] devtmpfs: initialized
[    0.263927] x86/mm: Memory block size: 128MB
[    0.264163] clocksource: jiffies: mask: 0xffffffff max_cycles: 0xffffffff, max_idle_ns: 7645041785100000 ns
[    0.264163] futex hash table entries: 256 (order: 2, 16384 bytes, linear)
[    0.264163] pinctrl core: initialized pinctrl subsystem
[    0.264163] PM: RTC time: 22:01:18, date: 2026-01-13
[    0.264163] NET: Registered protocol family 16
[    0.264163] audit: initializing netlink subsys (disabled)
[    0.264163] EISA bus registered
[    0.264163] cpuidle: using governor ladder
[    0.264163] cpuidle: using governor menu
[    0.264163] ACPI: bus type PCI registered
[    0.264163] acpiphp: ACPI Hot Plug PCI Controller Driver version: 0.5
[    0.264163] PCI: Using configuration type 1 for base access
[    0.264583] audit: type=2000 audit(1768312884.459:1): state=initialized audit_enabled=0 res=1
[    0.264665] HugeTLB registered 2.00 MiB page size, pre-allocated 0 pages
[    0.265552] ACPI: Added _OSI(Module Device)
[    0.265553] ACPI: Added _OSI(Processor Device)
[    0.265553] ACPI: Added _OSI(3.0 _SCP Extensions)
[    0.265554] ACPI: Added _OSI(Processor Aggregator Device)
[    0.265555] ACPI: Added _OSI(Linux-Dell-Video)
[    0.265556] ACPI: Added _OSI(Linux-Lenovo-NV-HDMI-Audio)
[    0.265557] ACPI: Added _OSI(Linux-HPI-Hybrid-Graphics)
[    0.267796] ACPI: 2 ACPI AML tables successfully acquired and loaded
[    0.269374] ACPI: Interpreter enabled
[    0.269386] ACPI: (supports S0 S5)
[    0.269387] ACPI: Using IOAPIC for interrupt routing
[    0.269608] PCI: Using host bridge windows from ACPI; if necessary, use "pci=nocrs" and report a bug
[    0.269717] ACPI: Enabled 2 GPEs in block 00 to 07
[    0.275096] ACPI: PCI Root Bridge [PCI0] (domain 0000 [bus 00-ff])
[    0.275104] acpi PNP0A03:00: _OSC: OS supports [ASPM ClockPM Segments MSI HPX-Type3]
[    0.275609] acpi PNP0A03:00: _OSC: not requesting OS control; OS requires [ExtendedConfig ASPM ClockPM MSI]
[    0.275619] acpi PNP0A03:00: fail to add MMCONFIG information, can't access extended PCI configuration space under this bridge.
[    0.276303] PCI host bridge to bus 0000:00
[    0.276306] pci_bus 0000:00: root bus resource [io  0x0000-0x0cf7 window]
[    0.276307] pci_bus 0000:00: root bus resource [io  0x0d00-0xffff window]
[    0.276308] pci_bus 0000:00: root bus resource [mem 0x000a0000-0x000bffff window]
[    0.276309] pci_bus 0000:00: root bus resource [mem 0x80000000-0xfdffffff window]
[    0.276311] pci_bus 0000:00: root bus resource [bus 00-ff]
[    0.276351] pci 0000:00:00.0: [8086:1237] type 00 class 0x060000
[    0.277293] pci 0000:00:01.0: [8086:7000] type 00 class 0x060100
[    0.278050] pci 0000:00:01.1: [8086:7111] type 00 class 0x01018a
[    0.278423] pci 0000:00:01.1: reg 0x20: [io  0xd000-0xd00f]
[    0.278580] pci 0000:00:01.1: legacy IDE quirk: reg 0x10: [io  0x01f0-0x01f7]
[    0.278581] pci 0000:00:01.1: legacy IDE quirk: reg 0x14: [io  0x03f6]
[    0.278582] pci 0000:00:01.1: legacy IDE quirk: reg 0x18: [io  0x0170-0x0177]
[    0.278583] pci 0000:00:01.1: legacy IDE quirk: reg 0x1c: [io  0x0376]
[    0.279134] pci 0000:00:02.0: [15ad:0405] type 00 class 0x030000
[    0.282089] pci 0000:00:02.0: reg 0x10: [io  0xd010-0xd01f]
[    0.284208] pci 0000:00:02.0: reg 0x14: [mem 0xe0000000-0xe7ffffff pref]
[    0.286853] pci 0000:00:02.0: reg 0x18: [mem 0xf0000000-0xf01fffff]
[    0.296977] pci 0000:00:03.0: [1022:2000] type 00 class 0x020000
[    0.297708] pci 0000:00:03.0: reg 0x10: [io  0xd020-0xd03f]
[    0.300297] pci 0000:00:03.0: reg 0x14: [mem 0xf0200000-0xf0200fff]
[    0.303929] pci 0000:00:04.0: [80ee:cafe] type 00 class 0x088000
[    0.304278] pci 0000:00:04.0: reg 0x10: [io  0xd040-0xd05f]
[    0.304886] pci 0000:00:04.0: reg 0x14: [mem 0xf0400000-0xf07fffff]
[    0.305498] pci 0000:00:04.0: reg 0x18: [mem 0xf0800000-0xf0803fff pref]
[    0.309196] pci 0000:00:07.0: [8086:7113] type 00 class 0x068000
[    0.309737] pci 0000:00:07.0: quirk: [io  0x4000-0x403f] claimed by PIIX4 ACPI
[    0.309747] pci 0000:00:07.0: quirk: [io  0x4100-0x410f] claimed by PIIX4 SMB
[    0.310359] pci 0000:00:08.0: [8086:100e] type 00 class 0x020000
[    0.311067] pci 0000:00:08.0: reg 0x10: [mem 0xf0820000-0xf083ffff]
[    0.312241] pci 0000:00:08.0: reg 0x18: [io  0xd060-0xd067]
[    0.315477] pci 0000:00:09.0: [8086:100e] type 00 class 0x020000
[    0.316163] pci 0000:00:09.0: reg 0x10: [mem 0xf0840000-0xf085ffff]
[    0.317313] pci 0000:00:09.0: reg 0x18: [io  0xd068-0xd06f]
[    0.328507] ACPI: PCI Interrupt Link [LNKA] (IRQs 5 9 10 *11)
[    0.328788] ACPI: PCI Interrupt Link [LNKB] (IRQs 5 9 *10 11)
[    0.328891] ACPI: PCI Interrupt Link [LNKC] (IRQs 5 *9 10 11)
[    0.328994] ACPI: PCI Interrupt Link [LNKD] (IRQs 5 9 10 *11)
[    0.329255] iommu: Default domain type: Translated 
[    0.329317] pci 0000:00:02.0: vgaarb: setting as boot VGA device
[    0.329319] pci 0000:00:02.0: vgaarb: VGA device added: decodes=io+mem,owns=io+mem,locks=none
[    0.329321] pci 0000:00:02.0: vgaarb: bridge control possible
[    0.329321] vgaarb: loaded
[    0.329534] SCSI subsystem initialized
[    0.329565] libata version 3.00 loaded.
[    0.329586] ACPI: bus type USB registered
[    0.329602] usbcore: registered new interface driver usbfs
[    0.329608] usbcore: registered new interface driver hub
[    0.329614] usbcore: registered new device driver usb
[    0.329645] pps_core: LinuxPPS API ver. 1 registered
[    0.329645] pps_core: Software ver. 5.3.6 - Copyright 2005-2007 Rodolfo Giometti <giometti@linux.it>
[    0.329648] PTP clock support registered
[    0.329681] EDAC MC: Ver: 3.0.0
[    0.329974] PCI: Using ACPI for IRQ routing
[    0.329976] PCI: pci_cache_line_size set to 64 bytes
[    0.330147] e820: reserve RAM buffer [mem 0x0009fc00-0x0009ffff]
[    0.330151] e820: reserve RAM buffer [mem 0x7fff0000-0x7fffffff]
[    0.330946] NetLabel: Initializing
[    0.330946] NetLabel:  domain hash size = 128
[    0.330947] NetLabel:  protocols = UNLABELED CIPSOv4 CALIPSO
[    0.330967] NetLabel:  unlabeled traffic allowed by default
[    0.331901] clocksource: Switched to clocksource kvm-clock
[    0.339716] *** VALIDATE bpf ***
[    0.339716] VFS: Disk quotas dquot_6.6.0
[    0.339716] VFS: Dquot-cache hash table entries: 512 (order 0, 4096 bytes)
[    0.339716] *** VALIDATE ramfs ***
[    0.339716] *** VALIDATE hugetlbfs ***
[    0.339716] AppArmor: AppArmor Filesystem Enabled
[    0.339716] pnp: PnP ACPI init
[    0.339716] pnp 00:00: Plug and Play ACPI device, IDs PNP0303 (active)
[    0.343284] pnp 00:01: Plug and Play ACPI device, IDs PNP0f03 (active)
[    0.344085] pnp: PnP ACPI: found 2 devices
[    0.345051] thermal_sys: Registered thermal governor 'fair_share'
[    0.345052] thermal_sys: Registered thermal governor 'bang_bang'
[    0.345053] thermal_sys: Registered thermal governor 'step_wise'
[    0.345053] thermal_sys: Registered thermal governor 'user_space'
[    0.345054] thermal_sys: Registered thermal governor 'power_allocator'
[    0.349565] clocksource: acpi_pm: mask: 0xffffff max_cycles: 0xffffff, max_idle_ns: 2085701024 ns
[    0.349607] pci_bus 0000:00: resource 4 [io  0x0000-0x0cf7 window]
[    0.349608] pci_bus 0000:00: resource 5 [io  0x0d00-0xffff window]
[    0.349610] pci_bus 0000:00: resource 6 [mem 0x000a0000-0x000bffff window]
[    0.349611] pci_bus 0000:00: resource 7 [mem 0x80000000-0xfdffffff window]
[    0.349671] NET: Registered protocol family 2
[    0.349747] IP idents hash table entries: 32768 (order: 6, 262144 bytes, linear)
[    0.350159] MPTCP tokens hash table entries: 8192 (order: 4, 65536 bytes, linear)
[    0.350179] MPTCP request tokens hash table entries: 8192 (order: 4, 65536 bytes, linear)
[    0.350204] default registered
[    0.350205] default registered
[    0.350205] MPTCP: Stable release v0.96
[    0.350210] tcp_listen_portaddr_hash hash table entries: 1024 (order: 2, 16384 bytes, linear)
[    0.350291] TCP established hash table entries: 16384 (order: 5, 131072 bytes, linear)
[    0.350357] TCP bind hash table entries: 16384 (order: 6, 262144 bytes, linear)
[    0.350382] TCP: Hash tables configured (established 16384 bind 16384)
[    0.351113] UDP hash table entries: 1024 (order: 3, 32768 bytes, linear)
[    0.351124] UDP-Lite hash table entries: 1024 (order: 3, 32768 bytes, linear)
[    0.351160] NET: Registered protocol family 1
[    0.351168] NET: Registered protocol family 44
[    0.351191] pci 0000:00:00.0: Limiting direct PCI/PCI transfers
[    0.351204] pci 0000:00:01.0: Activating ISA DMA hang workarounds
[    0.351261] pci 0000:00:02.0: Video device with shadowed ROM at [mem 0x000c0000-0x000dffff]
[    0.351327] PCI: CLS 0 bytes, default 64
[    0.351377] Trying to unpack rootfs image as initramfs...
[    0.531666] Freeing initrd memory: 47868K
[    0.531666] clocksource: tsc: mask: 0xffffffffffffffff max_cycles: 0x1e4530a99b6, max_idle_ns: 440795257976 ns
[    0.531666] clocksource: Switched to clocksource tsc
[    0.531666] platform rtc_cmos: registered platform RTC device (no PNP device found)
[    0.531666] check: Scanning for low memory corruption every 60 seconds
[    0.531666] Initialise system trusted keyrings
[    0.531666] Key type blacklist registered
[    0.531666] workingset: timestamp_bits=36 max_order=19 bucket_order=0
[    0.531666] zbud: loaded
[    0.531666] squashfs: version 4.0 (2009/01/31) Phillip Lougher
[    0.531666] fuse: init (API version 7.31)
[    0.531666] *** VALIDATE fuse ***
[    0.531666] *** VALIDATE fuse ***
[    0.531666] Platform Keyring initialized
[    0.531666] Key type asymmetric registered
[    0.531666] Asymmetric key parser 'x509' registered
[    0.531666] Block layer SCSI generic (bsg) driver version 0.4 loaded (major 244)
[    0.531666] io scheduler mq-deadline registered
[    0.543548] shpchp: Standard Hot Plug PCI Controller Driver version: 0.4
[    0.543782] ACPI: AC Adapter [AC] (on-line)
[    0.543828] input: Power Button as /devices/LNXSYSTM:00/LNXPWRBN:00/input/input0
[    0.543856] ACPI: Power Button [PWRF]
[    0.543924] input: Sleep Button as /devices/LNXSYSTM:00/LNXSLPBN:00/input/input1
[    0.543937] ACPI: Sleep Button [SLPF]
[    0.544180] Serial: 8250/16550 driver, 32 ports, IRQ sharing enabled
[    0.545318] Linux agpgart interface v0.103
[    0.639659] loop: module loaded
[    0.639812] ata_piix 0000:00:01.1: version 2.13
[    0.640229] scsi host0: ata_piix
[    0.640322] scsi host1: ata_piix
[    0.640348] ata1: PATA max UDMA/33 cmd 0x1f0 ctl 0x3f6 bmdma 0xd000 irq 14
[    0.640349] ata2: PATA max UDMA/33 cmd 0x170 ctl 0x376 bmdma 0xd008 irq 15
[    0.640432] tun: Universal TUN/TAP device driver, 1.6
[    0.640737] PPP generic driver version 2.4.2
[    0.640780] VFIO - User Level meta-driver version: 0.3
[    0.641019] ehci_hcd: USB 2.0 'Enhanced' Host Controller (EHCI) Driver
[    0.641024] ehci-pci: EHCI PCI platform driver
[    0.641040] ehci-platform: EHCI generic platform driver
[    0.641046] ohci_hcd: USB 1.1 'Open' Host Controller (OHCI) Driver
[    0.641047] ohci-pci: OHCI PCI platform driver
[    0.641054] ohci-platform: OHCI generic platform driver
[    0.641058] uhci_hcd: USB Universal Host Controller Interface driver
[    0.641123] i8042: PNP: PS/2 Controller [PNP0303:PS2K,PNP0f03:PS2M] at 0x60,0x64 irq 1,12
[    0.641561] serio: i8042 KBD port at 0x60,0x64 irq 1
[    0.641564] serio: i8042 AUX port at 0x60,0x64 irq 12
[    0.641651] mousedev: PS/2 mouse device common for all mice
[    0.641907] input: AT Translated Set 2 keyboard as /devices/platform/i8042/serio0/input/input2
[    0.642310] rtc_cmos rtc_cmos: registered as rtc0
[    0.642323] rtc_cmos rtc_cmos: alarms up to one day, 114 bytes nvram
[    0.642328] i2c /dev entries driver
[    0.642372] device-mapper: uevent: version 1.0.3
[    0.642416] device-mapper: ioctl: 4.41.0-ioctl (2019-09-16) initialised: dm-devel@redhat.com
[    0.642433] platform eisa.0: Probing EISA bus 0
[    0.642435] platform eisa.0: EISA: Cannot allocate resource for mainboard
[    0.642436] platform eisa.0: Cannot allocate resource for EISA slot 1
[    0.642437] platform eisa.0: Cannot allocate resource for EISA slot 2
[    0.642438] platform eisa.0: Cannot allocate resource for EISA slot 3
[    0.642439] platform eisa.0: Cannot allocate resource for EISA slot 4
[    0.642440] platform eisa.0: Cannot allocate resource for EISA slot 5
[    0.642441] platform eisa.0: Cannot allocate resource for EISA slot 6
[    0.642442] platform eisa.0: Cannot allocate resource for EISA slot 7
[    0.642443] platform eisa.0: Cannot allocate resource for EISA slot 8
[    0.642444] platform eisa.0: EISA: Detected 0 cards
[    0.642447] intel_pstate: CPU model not supported
[    0.642456] ledtrig-cpu: registered to indicate activity on CPUs
[    0.642513] drop_monitor: Initializing network drop monitor service
[    0.642671] NET: Registered protocol family 10
[    0.647664] Segment Routing with IPv6
[    0.647664] fullmesh registered
[    0.647664] ndiffports registered
[    0.647664] binder registered
[    0.647664] roundrobin registered
[    0.647664] redundant registered
[    0.647664] blest registered
[    0.647664] ecf registered
[    0.647664] NET: Registered protocol family 17
[    0.647664] Key type dns_resolver registered
[    0.647664] RAS: Correctable Errors collector initialized.
[    0.647664] IPI shorthand broadcast: enabled
[    0.647664] sched_clock: Marking stable (632051892, 11613034)->(647246778, -3581852)
[    0.648101] registered taskstats version 1
[    0.648109] Loading compiled-in X.509 certificates
[    0.648699] Loaded X.509 cert 'Build time autogenerated kernel key: 6909f3744cebb3d0de528d5887b96a727de79b1e'
[    0.648717] zswap: loaded using pool lzo/zbud
[    0.648772] Key type ._fscrypt registered
[    0.648772] Key type .fscrypt registered
[    0.653318] Key type big_key registered
[    0.655516] Key type encrypted registered
[    0.655519] AppArmor: AppArmor sha1 policy hashing enabled
[    0.655527] ima: No TPM chip found, activating TPM-bypass!
[    0.655531] ima: Allocated hash algorithm: sha1
[    0.655537] ima: No architecture policies found
[    0.655546] evm: Initialising EVM extended attributes:
[    0.655547] evm: security.selinux
[    0.655547] evm: security.SMACK64
[    0.655548] evm: security.SMACK64EXEC
[    0.655548] evm: security.SMACK64TRANSMUTE
[    0.655548] evm: security.SMACK64MMAP
[    0.655549] evm: security.apparmor
[    0.655549] evm: security.ima
[    0.655550] evm: security.capability
[    0.655551] evm: HMAC attrs: 0x1
[    0.655849] PM:   Magic number: 10:242:47
[    0.655951] rtc_cmos rtc_cmos: setting system clock to 2026-01-13T22:01:19 UTC (1768341679)
[    0.811543] ata1.00: ATA-6: VBOX HARDDISK, 1.0, max UDMA/133
[    0.811546] ata1.00: 209715200 sectors, multi 128: LBA 
[    0.812020] scsi 0:0:0:0: Direct-Access     ATA      VBOX HARDDISK    1.0  PQ: 0 ANSI: 5
[    0.812211] sd 0:0:0:0: [sda] 209715200 512-byte logical blocks: (107 GB/100 GiB)
[    0.812218] sd 0:0:0:0: [sda] Write Protect is off
[    0.812220] sd 0:0:0:0: [sda] Mode Sense: 00 3a 00 00
[    0.812231] sd 0:0:0:0: [sda] Write cache: enabled, read cache: enabled, doesn't support DPO or FUA
[    0.812440] sd 0:0:0:0: Attached scsi generic sg0 type 0
[    0.813273]  sda: sda1 sda2
[    0.823743] sd 0:0:0:0: [sda] Attached SCSI disk
[    0.825729] Freeing unused decrypted memory: 2040K
[    0.826449] Freeing unused kernel image memory: 2728K
[    0.826451] Write protecting the kernel read-only data: 22528k
[    0.827153] Freeing unused kernel image memory: 2036K
[    0.827561] Freeing unused kernel image memory: 1432K
[    0.842158] x86/mm: Checked W+X mappings: passed, no W+X pages found.
[    0.842161] Run /init as init process
[    0.950664] ACPI: Video Device [GFX0] (multi-head: yes  rom: no  post: no)
[    0.950758] input: Video Bus as /devices/LNXSYSTM:00/LNXSYBUS:00/PNP0A03:00/LNXVIDEO:00/input/input4
[    0.962971] pcnet32: pcnet32.c:v1.35 21.Apr.2008 tsbogend@alpha.franken.de
[    0.964679] piix4_smbus 0000:00:07.0: SMBus Host Controller at 0x4100, revision 0
[    0.967280] e1000: Intel(R) PRO/1000 Network Driver - version 7.3.21-k8-NAPI
[    0.967281] e1000: Copyright (c) 1999-2006 Intel Corporation.
[    0.984296] pcnet32: PCnet/FAST III 79C973 at 0xd020, 08:00:27:6f:f0:f0 assigned IRQ 19
[    0.984342] pcnet32: Found PHY 0022:561b at address 0
[    0.984674] pcnet32: eth0: registered as PCnet/FAST III 79C973
[    0.987478] pcnet32: 1 cards_found
[    1.038840] pcnet32 0000:00:03.0 enp0s3: renamed from eth0
[    1.185696] input: ImExPS/2 Generic Explorer Mouse as /devices/platform/i8042/serio1/input/input5
[    1.384071] e1000 0000:00:08.0 eth0: (PCI:33MHz:32-bit) 08:00:27:28:03:f3
[    1.384076] e1000 0000:00:08.0 eth0: Intel(R) PRO/1000 Network Connection
[    1.756136] e1000 0000:00:09.0 eth1: (PCI:33MHz:32-bit) 08:00:27:97:90:c3
[    1.756140] e1000 0000:00:09.0 eth1: Intel(R) PRO/1000 Network Connection
[    1.757457] e1000 0000:00:09.0 enp0s9: renamed from eth1
[    1.759370] e1000 0000:00:08.0 enp0s8: renamed from eth0
[    1.901611] EXT4-fs (sda2): mounted filesystem with ordered data mode. Opts: (null)
[    1.998756] systemd[1]: Inserted module 'autofs4'
[    2.012218] systemd[1]: systemd 245.4-4ubuntu3 running in system mode. (+PAM +AUDIT +SELINUX +IMA +APPARMOR +SMACK +SYSVINIT +UTMP +LIBCRYPTSETUP +GCRYPT +GNUTLS +ACL +XZ +LZ4 +SECCOMP +BLKID +ELFUTILS +KMOD +IDN2 -IDN +PCRE2 default-hierarchy=hybrid)
[    2.012254] systemd[1]: Detected virtualization oracle.
[    2.012258] systemd[1]: Detected architecture x86-64.
[    2.013615] systemd[1]: Set hostname to <ztg>.
[    2.146135] systemd[1]: /lib/systemd/system/dbus.socket:5: ListenStream= references a path below legacy directory /var/run/, updating /var/run/dbus/system_bus_socket â†’ /run/dbus/system_bus_socket; please update the unit file accordingly.
[    2.200405] systemd[1]: Created slice system-modprobe.slice.
[    2.200609] systemd[1]: Created slice User and Session Slice.
[    2.200659] systemd[1]: Started Forward Password Requests to Wall Directory Watch.
[    2.200847] systemd[1]: Set up automount Arbitrary Executable File Formats File System Automount Point.
[    2.200882] systemd[1]: Reached target User and Group Name Lookups.
[    2.200892] systemd[1]: Reached target Remote File Systems.
[    2.200901] systemd[1]: Reached target Slices.
[    2.201496] systemd[1]: Listening on Syslog Socket.
[    2.201569] systemd[1]: Listening on fsck to fsckd communication Socket.
[    2.201611] systemd[1]: Listening on initctl Compatibility Named Pipe.
[    2.201762] systemd[1]: Listening on Journal Audit Socket.
[    2.201816] systemd[1]: Listening on Journal Socket (/dev/log).
[    2.201886] systemd[1]: Listening on Journal Socket.
[    2.201953] systemd[1]: Listening on udev Control Socket.
[    2.201994] systemd[1]: Listening on udev Kernel Socket.
[    2.202880] systemd[1]: Mounting Huge Pages File System...
[    2.204019] systemd[1]: Mounting POSIX Message Queue File System...
[    2.204986] systemd[1]: Mounting Kernel Debug File System...
[    2.206283] systemd[1]: Mounting Kernel Trace File System...
[    2.231510] systemd[1]: Starting Journal Service...
[    2.240718] systemd[1]: Starting Set the console keyboard layout...
[    2.243944] systemd[1]: Starting Create list of static device nodes for the current kernel...
[    2.248609] systemd[1]: Starting Load Kernel Module drm...
[    2.252880] systemd[1]: Condition check resulted in Set Up Additional Binary Formats being skipped.
[    2.252934] systemd[1]: Condition check resulted in File System Check on Root Device being skipped.
[    2.258004] systemd[1]: Starting Load Kernel Modules...
[    2.258877] systemd[1]: Starting Remount Root and Kernel File Systems...
[    2.259734] systemd[1]: Starting udev Coldplug all Devices...
[    2.260591] systemd[1]: Starting Uncomplicated firewall...
[    2.262304] systemd[1]: Mounted Huge Pages File System.
[    2.262427] systemd[1]: Mounted POSIX Message Queue File System.
[    2.262515] systemd[1]: Mounted Kernel Debug File System.
[    2.262595] systemd[1]: Mounted Kernel Trace File System.
[    2.314548] systemd[1]: Finished Create list of static device nodes for the current kernel.
[    2.319886] systemd[1]: Finished Uncomplicated firewall.
[    2.320170] systemd[1]: modprobe@drm.service: Succeeded.
[    2.321891] systemd[1]: Finished Load Kernel Module drm.
[    2.324185] EXT4-fs (sda2): re-mounted. Opts: errors=remount-ro
[    2.327358] systemd[1]: Finished Remount Root and Kernel File Systems.
[    2.329216] systemd[1]: Condition check resulted in Rebuild Hardware Database being skipped.
[    2.329249] systemd[1]: Condition check resulted in Platform Persistent Storage Archival being skipped.
[    2.330193] systemd[1]: Starting Load/Save Random Seed...
[    2.340302] systemd[1]: Starting Create System Users...
[    2.352614] systemd[1]: Finished Load/Save Random Seed.
[    2.355183] systemd[1]: Finished Create System Users.
[    2.356022] systemd[1]: Starting Create Static Device Nodes in /dev...
[    2.393488] lp: driver loaded but no devices found
[    2.399098] ppdev: user-space parallel port driver
[    2.425545] systemd[1]: Finished Create Static Device Nodes in /dev.
[    2.426554] systemd[1]: Starting udev Kernel Device Manager...
[    2.462737] systemd[1]: Finished udev Coldplug all Devices.
[    2.486917] [drm] DMA map mode: Caching DMA mappings.
[    2.486980] [drm] Capabilities:
[    2.486981] [drm]   Rect copy.
[    2.486981] [drm]   Cursor.
[    2.486981] [drm]   Cursor bypass.
[    2.486982] [drm]   Cursor bypass 2.
[    2.486982] [drm]   Alpha cursor.
[    2.486983] [drm]   Extended Fifo.
[    2.486983] [drm]   Pitchlock.
[    2.486983] [drm]   Irq mask.
[    2.486984] [drm]   GMR.
[    2.486984] [drm]   Traces.
[    2.486984] [drm]   GMR2.
[    2.486985] [drm]   Screen Object 2.
[    2.486985] [drm]   Command Buffers.
[    2.486985] [drm]   Command Buffers 2.
[    2.486986] [drm]   Guest Backed Resources.
[    2.486987] [drm] Max GMR ids is 8192
[    2.486987] [drm] Max number of GMR pages is 1048576
[    2.486988] [drm] Max dedicated hypervisor surface memory is 393216 kiB
[    2.486988] [drm] Maximum display memory size is 131072 kiB
[    2.486989] [drm] VRAM at 0xe0000000 size is 131072 kiB
[    2.486990] [drm] MMIO at 0xf0000000 size is 2048 kiB
[    2.487637] [TTM] Zone  kernel: Available graphics memory: 1011738 KiB
[    2.487663] [TTM] Initializing pool allocator
[    2.487832] [TTM] Initializing DMA pool allocator
[    2.487862] [drm] Supports vblank timestamp caching Rev 2 (21.10.2013).
[    2.487863] [drm] No driver support for vblank timestamp query.
[    2.488118] [drm] Screen Target Display device initialized
[    2.488493] [drm] width 720
[    2.488505] [drm] height 400
[    2.488508] [drm] bpp 32
[    2.489063] [drm] Fifo max 0x00200000 min 0x00001000 cap 0x00000355
[    2.490793] [drm] Using command buffers with DMA pool.
[    2.490799] [drm] DX: no.
[    2.490799] [drm] Atomic: yes.
[    2.490800] [drm] SM4_1: no.
[    2.490824] [drm:vmw_host_log [vmwgfx]] *ERROR* Failed to send host log message.
[    2.496286] [drm:vmw_host_log [vmwgfx]] *ERROR* Failed to send host log message.
[    2.524559] fbcon: svgadrmfb (fb0) is primary device
[    2.529813] Console: switching to colour frame buffer device 100x37
[    2.536367] systemd[1]: Finished Set the console keyboard layout.
[    2.536503] systemd[1]: Reached target Local File Systems (Pre).
[    2.536817] [drm] Initialized vmwgfx 2.15.0 20180704 for 0000:00:02.0 on minor 0
[    2.539268] systemd[1]: Mounting Mount unit for bare, revision 5...
[    2.542323] systemd[1]: Mounting Mount unit for core18, revision 1705...
[    2.556746] systemd[1]: Mounting Mount unit for gnome-3-34-1804, revision 24...
[    2.577348] systemd[1]: Mounting Mount unit for gtk-common-themes, revision 1506...
[    2.581082] systemd[1]: Mounting Mount unit for gtk-common-themes, revision 1535...
[    2.591039] systemd[1]: Mounting Mount unit for snap-store, revision 433...
[    2.597936] systemd[1]: Mounting Mount unit for snapd, revision 7264...
[    2.613388] systemd[1]: Finished Load Kernel Modules.
[    2.634027] systemd[1]: Mounted Mount unit for bare, revision 5.
[    2.634139] systemd[1]: Mounted Mount unit for core18, revision 1705.
[    2.634226] systemd[1]: Mounted Mount unit for gnome-3-34-1804, revision 24.
[    2.637255] systemd[1]: Mounting FUSE Control File System...
[    2.639524] systemd[1]: Mounting Kernel Configuration File System...
[    2.653237] systemd[1]: Starting Apply Kernel Variables...
[    2.653389] systemd[1]: Started udev Kernel Device Manager.
[    2.670012] systemd[1]: Starting Show Plymouth Boot Screen...
[    2.675223] systemd[1]: Mounted FUSE Control File System.
[    2.675841] systemd[1]: Received SIGRTMIN+20 from PID 281 (plymouthd).
[    2.675919] systemd[1]: Condition check resulted in VMware vmblock fuse mount being skipped.
[    2.689554] systemd[1]: Mounted Mount unit for gtk-common-themes, revision 1535.
[    2.709377] systemd[1]: Mounted Mount unit for gtk-common-themes, revision 1506.
[    2.709606] systemd[1]: Mounted Mount unit for snap-store, revision 433.
[    2.711559] systemd[1]: Mounted Mount unit for snapd, revision 7264.
[    2.711754] systemd[1]: Mounted Kernel Configuration File System.
[    2.712240] systemd[1]: Finished Apply Kernel Variables.
[    2.712474] systemd[1]: Started Show Plymouth Boot Screen.
[    2.712656] systemd[1]: Condition check resulted in Dispatch Password Requests to Console Directory Watch being skipped.
[    2.712735] systemd[1]: Started Forward Password Requests to Plymouth Directory Watch.
[    2.712802] systemd[1]: Reached target Local Encrypted Volumes.
[    2.712858] systemd[1]: Reached target Local File Systems.
[    2.715407] systemd[1]: Starting Load AppArmor profiles...
[    2.716325] systemd[1]: Starting Set console font and keymap...
[    2.732919] systemd[1]: Starting Tell Plymouth To Write Out Runtime Data...
[    2.733258] systemd[1]: Condition check resulted in Store a System Token in an EFI Variable being skipped.
[    2.733289] systemd[1]: Condition check resulted in Commit a transient machine-id on disk being skipped.
[    2.750755] systemd[1]: Received SIGRTMIN+20 from PID 281 (plymouthd).
[    2.751647] systemd[1]: plymouth-read-write.service: Succeeded.
[    2.752090] systemd[1]: Finished Tell Plymouth To Write Out Runtime Data.
[    2.752858] systemd[1]: Finished Set console font and keymap.
[    2.787403] audit: type=1400 audit(1768341681.624:2): apparmor="STATUS" operation="profile_load" profile="unconfined" name="nvidia_modprobe" pid=301 comm="apparmor_parser"
[    2.787406] audit: type=1400 audit(1768341681.624:3): apparmor="STATUS" operation="profile_load" profile="unconfined" name="nvidia_modprobe//kmod" pid=301 comm="apparmor_parser"
[    2.812480] audit: type=1400 audit(1768341681.652:4): apparmor="STATUS" operation="profile_load" profile="unconfined" name="/usr/sbin/tcpdump" pid=302 comm="apparmor_parser"
[    2.842324] audit: type=1400 audit(1768341681.672:5): apparmor="STATUS" operation="profile_load" profile="unconfined" name="/usr/bin/evince" pid=304 comm="apparmor_parser"
[    2.842327] audit: type=1400 audit(1768341681.672:6): apparmor="STATUS" operation="profile_load" profile="unconfined" name="/usr/bin/evince//sanitized_helper" pid=304 comm="apparmor_parser"
[    2.842329] audit: type=1400 audit(1768341681.672:7): apparmor="STATUS" operation="profile_load" profile="unconfined" name="/usr/bin/evince-previewer" pid=304 comm="apparmor_parser"
[    2.842331] audit: type=1400 audit(1768341681.672:8): apparmor="STATUS" operation="profile_load" profile="unconfined" name="/usr/bin/evince-previewer//sanitized_helper" pid=304 comm="apparmor_parser"
[    2.842333] audit: type=1400 audit(1768341681.672:9): apparmor="STATUS" operation="profile_load" profile="unconfined" name="/usr/bin/evince-thumbnailer" pid=304 comm="apparmor_parser"
[    2.869425] audit: type=1400 audit(1768341681.712:10): apparmor="STATUS" operation="profile_load" profile="unconfined" name="/usr/lib/cups/backend/cups-pdf" pid=305 comm="apparmor_parser"
[    2.936702] systemd[1]: Finished Load AppArmor profiles.
[    2.937848] systemd[1]: Starting Load AppArmor profiles managed internally by snapd...
[    3.017903] systemd[1]: Finished Load AppArmor profiles managed internally by snapd.
[    3.225427] systemd[1]: Started Journal Service.
[    3.235097] systemd-journald[229]: Received client request to flush runtime journal.
[    3.239236] systemd-journald[229]: File /var/log/journal/c455b248004a419c87ce85eea238d727/system.journal corrupted or uncleanly shut down, renaming and replacing.
[    4.692700] RAPL PMU: API unit is 2^-32 Joules, 0 fixed counters, 10737418240 ms ovfl timer
[    4.762557] cryptd: max_cpu_qlen set to 1000
[    4.849846] AVX2 version of gcm_enc/dec engaged.
[    4.849847] AES CTR mode by8 optimization enabled
[    5.673153] Adding 1998844k swap on /dev/sda1.  Priority:-2 extents:1 across:1998844k FS
[    7.069726] kauditd_printk_skb: 30 callbacks suppressed
[    7.069727] audit: type=1400 audit(1768341685.904:41): apparmor="DENIED" operation="capable" profile="/usr/sbin/cups-browsed" pid=498 comm="cups-browsed" capability=23  capname="sys_nice"
[    7.864943] pcnet32 0000:00:03.0 enp0s3: link up, 100Mbps, full-duplex
[    7.901755] e1000: enp0s8 NIC Link is Up 1000 Mbps Full Duplex, Flow Control: RX
[    7.902032] IPv6: ADDRCONF(NETDEV_CHANGE): enp0s8: link becomes ready
[    7.914624] e1000: enp0s9 NIC Link is Up 1000 Mbps Full Duplex, Flow Control: RX
[    7.914917] IPv6: ADDRCONF(NETDEV_CHANGE): enp0s9: link becomes ready
[    8.441704] device enp0s3 entered promiscuous mode
[    8.477373] audit: type=1400 audit(1768341687.316:42): apparmor="DENIED" operation="open" profile="/usr/sbin/tcpdump" name="/proc/sys/kernel/random/boot_id" pid=675 comm="tcpdump" requested_mask="r" denied_mask="r" fsuid=0 ouid=0
[    8.477580] audit: type=1400 audit(1768341687.316:43): apparmor="DENIED" operation="open" profile="/usr/sbin/tcpdump" name="/proc/sys/kernel/random/boot_id" pid=675 comm="tcpdump" requested_mask="r" denied_mask="r" fsuid=0 ouid=0
[    8.477667] audit: type=1400 audit(1768341687.316:44): apparmor="DENIED" operation="open" profile="/usr/sbin/tcpdump" name="/proc/sys/kernel/random/boot_id" pid=675 comm="tcpdump" requested_mask="r" denied_mask="r" fsuid=0 ouid=0
[    8.477835] audit: type=1400 audit(1768341687.316:45): apparmor="DENIED" operation="open" profile="/usr/sbin/tcpdump" name="/proc/sys/kernel/random/boot_id" pid=675 comm="tcpdump" requested_mask="r" denied_mask="r" fsuid=0 ouid=0
[    8.482164] audit: type=1400 audit(1768341687.324:46): apparmor="DENIED" operation="open" profile="/usr/sbin/tcpdump" name="/proc/sys/kernel/random/boot_id" pid=676 comm="tcpdump" requested_mask="r" denied_mask="r" fsuid=0 ouid=0
[    8.482241] audit: type=1400 audit(1768341687.324:47): apparmor="DENIED" operation="open" profile="/usr/sbin/tcpdump" name="/proc/sys/kernel/random/boot_id" pid=676 comm="tcpdump" requested_mask="r" denied_mask="r" fsuid=0 ouid=0
[    8.482280] audit: type=1400 audit(1768341687.324:48): apparmor="DENIED" operation="open" profile="/usr/sbin/tcpdump" name="/proc/sys/kernel/random/boot_id" pid=676 comm="tcpdump" requested_mask="r" denied_mask="r" fsuid=0 ouid=0
[    8.482297] audit: type=1400 audit(1768341687.324:49): apparmor="DENIED" operation="open" profile="/usr/sbin/tcpdump" name="/proc/sys/kernel/random/boot_id" pid=676 comm="tcpdump" requested_mask="r" denied_mask="r" fsuid=0 ouid=0
[   13.094626] rfkill: input handler disabled
[  497.113425] rfkill: input handler enabled
[  506.251576] rfkill: input handler disabled
[  777.735694] device enp0s3 left promiscuous mode
