[    0.000000] Linux version 5.4.243-mptcp (root@ztg) (gcc version 12.2.0 (Debian 12.2.0-14+deb12u1)) #53 SMP Wed Dec 24 23:28:15 CST 2025
[    0.000000] Command line: BOOT_IMAGE=/boot/vmlinuz-5.4.243-mptcp root=UUID=98415a12-53b7-4144-8265-0f7ece09e445 ro quiet splash
[    0.000000] KERNEL supported cpus:
[    0.000000]   Intel GenuineIntel
[    0.000000]   AMD AuthenticAMD
[    0.000000]   Hygon HygonGenuine
[    0.000000]   Centaur CentaurHauls
[    0.000000]   zhaoxin   Shanghai  
[    0.000000] x86/fpu: Supporting XSAVE feature 0x001: 'x87 floating point registers'
[    0.000000] x86/fpu: Supporting XSAVE feature 0x002: 'SSE registers'
[    0.000000] x86/fpu: Supporting XSAVE feature 0x004: 'AVX registers'
[    0.000000] x86/fpu: xstate_offset[2]:  576, xstate_sizes[2]:  256
[    0.000000] x86/fpu: Enabled xstate features 0x7, context size is 832 bytes, using 'standard' format.
[    0.000000] BIOS-provided physical RAM map:
[    0.000000] BIOS-e820: [mem 0x0000000000000000-0x000000000009fbff] usable
[    0.000000] BIOS-e820: [mem 0x000000000009fc00-0x000000000009ffff] reserved
[    0.000000] BIOS-e820: [mem 0x00000000000f0000-0x00000000000fffff] reserved
[    0.000000] BIOS-e820: [mem 0x0000000000100000-0x000000007ffeffff] usable
[    0.000000] BIOS-e820: [mem 0x000000007fff0000-0x000000007fffffff] ACPI data
[    0.000000] BIOS-e820: [mem 0x00000000fec00000-0x00000000fec00fff] reserved
[    0.000000] BIOS-e820: [mem 0x00000000fee00000-0x00000000fee00fff] reserved
[    0.000000] BIOS-e820: [mem 0x00000000fffc0000-0x00000000ffffffff] reserved
[    0.000000] NX (Execute Disable) protection: active
[    0.000000] SMBIOS 2.5 present.
[    0.000000] DMI: innotek GmbH VirtualBox/VirtualBox, BIOS VirtualBox 12/01/2006
[    0.000000] Hypervisor detected: KVM
[    0.000000] kvm-clock: Using msrs 4b564d01 and 4b564d00
[    0.000000] kvm-clock: cpu 0, msr 5e201001, primary cpu clock
[    0.000000] kvm-clock: using sched offset of 4459799622 cycles
[    0.000003] clocksource: kvm-clock: mask: 0xffffffffffffffff max_cycles: 0x1cd42e4dffb, max_idle_ns: 881590591483 ns
[    0.000005] tsc: Detected 2100.000 MHz processor
[    0.001888] e820: update [mem 0x00000000-0x00000fff] usable ==> reserved
[    0.001890] e820: remove [mem 0x000a0000-0x000fffff] usable
[    0.001894] last_pfn = 0x7fff0 max_arch_pfn = 0x400000000
[    0.001961] MTRR default type: uncachable
[    0.001962] MTRR fixed ranges enabled:
[    0.001963]   00000-9FFFF write-back
[    0.001964]   A0000-BFFFF uncachable
[    0.001964]   C0000-FFFFF write-protect
[    0.001965] MTRR variable ranges enabled:
[    0.001966]   0 base 000000000000 mask 3FFF80000000 write-back
[    0.001967]   1 disabled
[    0.001968]   2 disabled
[    0.001968]   3 disabled
[    0.001968]   4 disabled
[    0.001969]   5 disabled
[    0.001969]   6 disabled
[    0.001970]   7 disabled
[    0.001970]   8 disabled
[    0.001970]   9 disabled
[    0.001971]   10 disabled
[    0.001971]   11 disabled
[    0.001972]   12 disabled
[    0.001972]   13 disabled
[    0.001973]   14 disabled
[    0.001973]   15 disabled
[    0.001989] x86/PAT: Configuration [0-7]: WB  WC  UC- UC  WB  WP  UC- WT  
[    0.002122] found SMP MP-table at [mem 0x0009fff0-0x0009ffff]
[    0.092877] check: Scanning 1 areas for low memory corruption
[    0.093100] RAMDISK: [mem 0x32271000-0x3512ffff]
[    0.093108] ACPI: Early table checksum verification disabled
[    0.093113] ACPI: RSDP 0x00000000000E0000 000024 (v02 VBOX  )
[    0.093117] ACPI: XSDT 0x000000007FFF0030 00003C (v01 VBOX   VBOXXSDT 00000001 ASL  00000061)
[    0.093123] ACPI: FACP 0x000000007FFF00F0 0000F4 (v04 VBOX   VBOXFACP 00000001 ASL  00000061)
[    0.093130] ACPI: DSDT 0x000000007FFF02E0 002353 (v02 VBOX   VBOXBIOS 00000002 VBOX 00029BF3)
[    0.093134] ACPI: FACS 0x000000007FFF0200 000040
[    0.093137] ACPI: FACS 0x000000007FFF0200 000040
[    0.093140] ACPI: APIC 0x000000007FFF0240 000054 (v02 VBOX   VBOXAPIC 00000001 ASL  00000061)
[    0.093144] ACPI: SSDT 0x000000007FFF02A0 000038 (v01 VBOX   VBOXCPUT 00000002 VBOX 00029BF3)
[    0.093147] ACPI: Reserving FACP table memory at [mem 0x7fff00f0-0x7fff01e3]
[    0.093148] ACPI: Reserving DSDT table memory at [mem 0x7fff02e0-0x7fff2632]
[    0.093149] ACPI: Reserving FACS table memory at [mem 0x7fff0200-0x7fff023f]
[    0.093149] ACPI: Reserving FACS table memory at [mem 0x7fff0200-0x7fff023f]
[    0.093150] ACPI: Reserving APIC table memory at [mem 0x7fff0240-0x7fff0293]
[    0.093151] ACPI: Reserving SSDT table memory at [mem 0x7fff02a0-0x7fff02d7]
[    0.093165] ACPI: Local APIC address 0xfee00000
[    0.093352] No NUMA configuration found
[    0.093353] Faking a node at [mem 0x0000000000000000-0x000000007ffeffff]
[    0.093363] NODE_DATA(0) allocated [mem 0x7ffc5000-0x7ffeffff]
[    0.093625] Zone ranges:
[    0.093625]   DMA      [mem 0x0000000000001000-0x0000000000ffffff]
[    0.093627]   DMA32    [mem 0x0000000001000000-0x000000007ffeffff]
[    0.093627]   Normal   empty
[    0.093628]   Device   empty
[    0.093629] Movable zone start for each node
[    0.093631] Early memory node ranges
[    0.093631]   node   0: [mem 0x0000000000001000-0x000000000009efff]
[    0.093632]   node   0: [mem 0x0000000000100000-0x000000007ffeffff]
[    0.093635] Zeroed struct page in unavailable ranges: 114 pages
[    0.093636] Initmem setup node 0 [mem 0x0000000000001000-0x000000007ffeffff]
[    0.093637] On node 0 totalpages: 524174
[    0.093638]   DMA zone: 64 pages used for memmap
[    0.093639]   DMA zone: 21 pages reserved
[    0.093640]   DMA zone: 3998 pages, LIFO batch:0
[    0.093744]   DMA32 zone: 8128 pages used for memmap
[    0.093745]   DMA32 zone: 520176 pages, LIFO batch:63
[    0.102793] ACPI: PM-Timer IO Port: 0x4008
[    0.102797] ACPI: Local APIC address 0xfee00000
[    0.102864] IOAPIC[0]: apic_id 1, version 32, address 0xfec00000, GSI 0-23
[    0.102867] ACPI: INT_SRC_OVR (bus 0 bus_irq 0 global_irq 2 dfl dfl)
[    0.102869] ACPI: INT_SRC_OVR (bus 0 bus_irq 9 global_irq 9 low level)
[    0.102871] ACPI: IRQ0 used by override.
[    0.102872] ACPI: IRQ9 used by override.
[    0.102874] Using ACPI (MADT) for SMP configuration information
[    0.102881] smpboot: Allowing 1 CPUs, 0 hotplug CPUs
[    0.102904] PM: Registered nosave memory: [mem 0x00000000-0x00000fff]
[    0.102905] PM: Registered nosave memory: [mem 0x0009f000-0x0009ffff]
[    0.102906] PM: Registered nosave memory: [mem 0x000a0000-0x000effff]
[    0.102907] PM: Registered nosave memory: [mem 0x000f0000-0x000fffff]
[    0.102908] [mem 0x80000000-0xfebfffff] available for PCI devices
[    0.102909] Booting paravirtualized kernel on KVM
[    0.102912] clocksource: refined-jiffies: mask: 0xffffffff max_cycles: 0xffffffff, max_idle_ns: 7645519600211568 ns
[    0.102916] setup_percpu: NR_CPUS:8192 nr_cpumask_bits:1 nr_cpu_ids:1 nr_node_ids:1
[    0.103954] percpu: Embedded 60 pages/cpu s208896 r8192 d28672 u2097152
[    0.103958] pcpu-alloc: s208896 r8192 d28672 u2097152 alloc=1*2097152
[    0.103959] pcpu-alloc: [0] 0 
[    0.103986] Built 1 zonelists, mobility grouping on.  Total pages: 515961
[    0.103986] Policy zone: DMA32
[    0.103988] Kernel command line: BOOT_IMAGE=/boot/vmlinuz-5.4.243-mptcp root=UUID=98415a12-53b7-4144-8265-0f7ece09e445 ro quiet splash
[    0.104879] Dentry cache hash table entries: 262144 (order: 9, 2097152 bytes, linear)
[    0.105035] Inode-cache hash table entries: 131072 (order: 8, 1048576 bytes, linear)
[    0.105086] mem auto-init: stack:off, heap alloc:on, heap free:off
[    0.105089] Calgary: detecting Calgary via BIOS EBDA area
[    0.105090] Calgary: Unable to locate Rio Grande table in EBDA - bailing!
[    0.109163] Memory: 1967332K/2096696K available (14339K kernel code, 2398K rwdata, 4712K rodata, 2728K init, 17260K bss, 129364K reserved, 0K cma-reserved)
[    0.110116] SLUB: HWalign=64, Order=0-3, MinObjects=0, CPUs=1, Nodes=1
[    0.110133] ftrace: allocating 43186 entries in 169 pages
[    0.128200] rcu: Hierarchical RCU implementation.
[    0.128202] rcu: 	RCU restricting CPUs from NR_CPUS=8192 to nr_cpu_ids=1.
[    0.128203] 	Tasks RCU enabled.
[    0.128204] rcu: RCU calculated value of scheduler-enlistment delay is 25 jiffies.
[    0.128205] rcu: Adjusting geometry for rcu_fanout_leaf=16, nr_cpu_ids=1
[    0.131176] NR_IRQS: 524544, nr_irqs: 256, preallocated irqs: 16
[    0.131395] random: crng init done
[    0.140788] Console: colour VGA+ 80x25
[    0.140793] printk: console [tty0] enabled
[    0.140816] ACPI: Core revision 20190816
[    0.140934] APIC: Switch to symmetric I/O mode setup
[    0.141187] x2apic enabled
[    0.141423] Switched APIC routing to physical x2apic.
[    0.142555] ..TIMER: vector=0x30 apic1=0 pin1=2 apic2=-1 pin2=-1
[    0.142579] clocksource: tsc-early: mask: 0xffffffffffffffff max_cycles: 0x1e4530a99b6, max_idle_ns: 440795257976 ns
[    0.142584] Calibrating delay loop (skipped) preset value.. 4200.00 BogoMIPS (lpj=8400000)
[    0.142587] pid_max: default: 32768 minimum: 301
[    0.142616] LSM: Security Framework initializing
[    0.142625] Yama: becoming mindful.
[    0.142652] AppArmor: AppArmor initialized
[    0.142685] Mount-cache hash table entries: 4096 (order: 3, 32768 bytes, linear)
[    0.142689] Mountpoint-cache hash table entries: 4096 (order: 3, 32768 bytes, linear)
[    0.142699] *** VALIDATE tmpfs ***
[    0.142827] *** VALIDATE proc ***
[    0.142867] *** VALIDATE cgroup1 ***
[    0.142869] *** VALIDATE cgroup2 ***
[    0.143008] process: using mwait in idle threads
[    0.143013] Last level iTLB entries: 4KB 64, 2MB 8, 4MB 8
[    0.143014] Last level dTLB entries: 4KB 64, 2MB 0, 4MB 0, 1GB 4
[    0.143033] Spectre V1 : Mitigation: usercopy/swapgs barriers and __user pointer sanitization
[    0.143039] Spectre V2 : Mitigation: Retpolines
[    0.143039] Spectre V2 : Spectre v2 / SpectreRSB mitigation: Filling RSB on context switch
[    0.143040] Spectre V2 : Spectre v2 / SpectreRSB : Filling RSB on VMEXIT
[    0.143040] RETBleed: WARNING: Spectre v2 mitigation leaves CPU vulnerable to RETBleed attacks, data leaks possible!
[    0.143398] RETBleed: Vulnerable
[    0.143398] Speculative Store Bypass: Vulnerable
[    0.143403] TAA: Mitigation: TSX disabled
[    0.143404] MMIO Stale Data: Mitigation: Clear CPU buffers
[    0.147607] Freeing SMP alternatives memory: 40K
[    0.259667] smpboot: CPU0: Intel(R) Xeon(R) Silver 4216 CPU @ 2.10GHz (family: 0x6, model: 0x55, stepping: 0x7)
[    0.259810] Performance Events: unsupported p6 CPU model 85 no PMU driver, software events only.
[    0.259847] rcu: Hierarchical SRCU implementation.
[    0.260319] NMI watchdog: Perf NMI watchdog permanently disabled
[    0.260358] smp: Bringing up secondary CPUs ...
[    0.260359] smp: Brought up 1 node, 1 CPU
[    0.260360] smpboot: Max logical packages: 1
[    0.260361] smpboot: Total of 1 processors activated (4200.00 BogoMIPS)
[    0.261344] devtmpfs: initialized
[    0.261391] x86/mm: Memory block size: 128MB
[    0.261738] clocksource: jiffies: mask: 0xffffffff max_cycles: 0xffffffff, max_idle_ns: 7645041785100000 ns
[    0.261744] futex hash table entries: 256 (order: 2, 16384 bytes, linear)
[    0.261788] pinctrl core: initialized pinctrl subsystem
[    0.261889] PM: RTC time: 19:04:22, date: 2026-01-16
[    0.261994] NET: Registered protocol family 16
[    0.262068] audit: initializing netlink subsys (disabled)
[    0.262195] EISA bus registered
[    0.262196] cpuidle: using governor ladder
[    0.262197] cpuidle: using governor menu
[    0.262233] ACPI: bus type PCI registered
[    0.262235] acpiphp: ACPI Hot Plug PCI Controller Driver version: 0.5
[    0.262349] PCI: Using configuration type 1 for base access
[    0.262895] audit: type=2000 audit(1768561468.686:1): state=initialized audit_enabled=0 res=1
[    0.262975] HugeTLB registered 2.00 MiB page size, pre-allocated 0 pages
[    0.263847] ACPI: Added _OSI(Module Device)
[    0.263847] ACPI: Added _OSI(Processor Device)
[    0.263848] ACPI: Added _OSI(3.0 _SCP Extensions)
[    0.263849] ACPI: Added _OSI(Processor Aggregator Device)
[    0.263850] ACPI: Added _OSI(Linux-Dell-Video)
[    0.263851] ACPI: Added _OSI(Linux-Lenovo-NV-HDMI-Audio)
[    0.263851] ACPI: Added _OSI(Linux-HPI-Hybrid-Graphics)
[    0.265978] ACPI: 2 ACPI AML tables successfully acquired and loaded
[    0.267701] ACPI: Interpreter enabled
[    0.267713] ACPI: (supports S0 S5)
[    0.267714] ACPI: Using IOAPIC for interrupt routing
[    0.267932] PCI: Using host bridge windows from ACPI; if necessary, use "pci=nocrs" and report a bug
[    0.268048] ACPI: Enabled 2 GPEs in block 00 to 07
[    0.272938] ACPI: PCI Root Bridge [PCI0] (domain 0000 [bus 00-ff])
[    0.272943] acpi PNP0A03:00: _OSC: OS supports [ASPM ClockPM Segments MSI HPX-Type3]
[    0.273398] acpi PNP0A03:00: _OSC: not requesting OS control; OS requires [ExtendedConfig ASPM ClockPM MSI]
[    0.273406] acpi PNP0A03:00: fail to add MMCONFIG information, can't access extended PCI configuration space under this bridge.
[    0.273779] PCI host bridge to bus 0000:00
[    0.273781] pci_bus 0000:00: root bus resource [io  0x0000-0x0cf7 window]
[    0.273782] pci_bus 0000:00: root bus resource [io  0x0d00-0xffff window]
[    0.273783] pci_bus 0000:00: root bus resource [mem 0x000a0000-0x000bffff window]
[    0.273784] pci_bus 0000:00: root bus resource [mem 0x80000000-0xfdffffff window]
[    0.273785] pci_bus 0000:00: root bus resource [bus 00-ff]
[    0.273826] pci 0000:00:00.0: [8086:1237] type 00 class 0x060000
[    0.274658] pci 0000:00:01.0: [8086:7000] type 00 class 0x060100
[    0.275418] pci 0000:00:01.1: [8086:7111] type 00 class 0x01018a
[    0.275785] pci 0000:00:01.1: reg 0x20: [io  0xd000-0xd00f]
[    0.275938] pci 0000:00:01.1: legacy IDE quirk: reg 0x10: [io  0x01f0-0x01f7]
[    0.275939] pci 0000:00:01.1: legacy IDE quirk: reg 0x14: [io  0x03f6]
[    0.275939] pci 0000:00:01.1: legacy IDE quirk: reg 0x18: [io  0x0170-0x0177]
[    0.275940] pci 0000:00:01.1: legacy IDE quirk: reg 0x1c: [io  0x0376]
[    0.276473] pci 0000:00:02.0: [15ad:0405] type 00 class 0x030000
[    0.278658] pci 0000:00:02.0: reg 0x10: [io  0xd010-0xd01f]
[    0.282626] pci 0000:00:02.0: reg 0x14: [mem 0xe0000000-0xe7ffffff pref]
[    0.285357] pci 0000:00:02.0: reg 0x18: [mem 0xf0000000-0xf01fffff]
[    0.295371] pci 0000:00:03.0: [1022:2000] type 00 class 0x020000
[    0.296067] pci 0000:00:03.0: reg 0x10: [io  0xd020-0xd03f]
[    0.296704] pci 0000:00:03.0: reg 0x14: [mem 0xf0200000-0xf0200fff]
[    0.301691] pci 0000:00:04.0: [80ee:cafe] type 00 class 0x088000
[    0.302374] pci 0000:00:04.0: reg 0x10: [io  0xd040-0xd05f]
[    0.302692] pci 0000:00:04.0: reg 0x14: [mem 0xf0400000-0xf07fffff]
[    0.303310] pci 0000:00:04.0: reg 0x18: [mem 0xf0800000-0xf0803fff pref]
[    0.306622] pci 0000:00:07.0: [8086:7113] type 00 class 0x068000
[    0.307163] pci 0000:00:07.0: quirk: [io  0x4000-0x403f] claimed by PIIX4 ACPI
[    0.307174] pci 0000:00:07.0: quirk: [io  0x4100-0x410f] claimed by PIIX4 SMB
[    0.307757] pci 0000:00:08.0: [1022:2000] type 00 class 0x020000
[    0.308437] pci 0000:00:08.0: reg 0x10: [io  0xd060-0xd07f]
[    0.309064] pci 0000:00:08.0: reg 0x14: [mem 0xf0804000-0xf0804fff]
[    0.312528] pci 0000:00:09.0: [8086:100e] type 00 class 0x020000
[    0.313287] pci 0000:00:09.0: reg 0x10: [mem 0xf0820000-0xf083ffff]
[    0.314693] pci 0000:00:09.0: reg 0x18: [io  0xd080-0xd087]
[    0.323734] ACPI: PCI Interrupt Link [LNKA] (IRQs 5 9 10 *11)
[    0.324014] ACPI: PCI Interrupt Link [LNKB] (IRQs 5 9 *10 11)
[    0.326672] ACPI: PCI Interrupt Link [LNKC] (IRQs 5 *9 10 11)
[    0.326773] ACPI: PCI Interrupt Link [LNKD] (IRQs 5 9 10 *11)
[    0.327036] iommu: Default domain type: Translated 
[    0.327096] pci 0000:00:02.0: vgaarb: setting as boot VGA device
[    0.327099] pci 0000:00:02.0: vgaarb: VGA device added: decodes=io+mem,owns=io+mem,locks=none
[    0.327101] pci 0000:00:02.0: vgaarb: bridge control possible
[    0.327102] vgaarb: loaded
[    0.327314] SCSI subsystem initialized
[    0.327345] libata version 3.00 loaded.
[    0.327370] ACPI: bus type USB registered
[    0.327387] usbcore: registered new interface driver usbfs
[    0.327392] usbcore: registered new interface driver hub
[    0.327397] usbcore: registered new device driver usb
[    0.327424] pps_core: LinuxPPS API ver. 1 registered
[    0.327424] pps_core: Software ver. 5.3.6 - Copyright 2005-2007 Rodolfo Giometti <giometti@linux.it>
[    0.327426] PTP clock support registered
[    0.327463] EDAC MC: Ver: 3.0.0
[    0.327751] PCI: Using ACPI for IRQ routing
[    0.327752] PCI: pci_cache_line_size set to 64 bytes
[    0.327922] e820: reserve RAM buffer [mem 0x0009fc00-0x0009ffff]
[    0.327925] e820: reserve RAM buffer [mem 0x7fff0000-0x7fffffff]
[    0.328748] NetLabel: Initializing
[    0.328749] NetLabel:  domain hash size = 128
[    0.328749] NetLabel:  protocols = UNLABELED CIPSOv4 CALIPSO
[    0.328769] NetLabel:  unlabeled traffic allowed by default
[    0.329679] clocksource: Switched to clocksource kvm-clock
[    0.341047] *** VALIDATE bpf ***
[    0.341107] VFS: Disk quotas dquot_6.6.0
[    0.341120] VFS: Dquot-cache hash table entries: 512 (order 0, 4096 bytes)
[    0.341141] *** VALIDATE ramfs ***
[    0.341144] *** VALIDATE hugetlbfs ***
[    0.341226] AppArmor: AppArmor Filesystem Enabled
[    0.341251] pnp: PnP ACPI init
[    0.341313] pnp 00:00: Plug and Play ACPI device, IDs PNP0303 (active)
[    0.341377] pnp 00:01: Plug and Play ACPI device, IDs PNP0f03 (active)
[    0.342105] pnp: PnP ACPI: found 2 devices
[    0.343071] thermal_sys: Registered thermal governor 'fair_share'
[    0.343071] thermal_sys: Registered thermal governor 'bang_bang'
[    0.343072] thermal_sys: Registered thermal governor 'step_wise'
[    0.343073] thermal_sys: Registered thermal governor 'user_space'
[    0.343073] thermal_sys: Registered thermal governor 'power_allocator'
[    0.347629] clocksource: acpi_pm: mask: 0xffffff max_cycles: 0xffffff, max_idle_ns: 2085701024 ns
[    0.347671] pci_bus 0000:00: resource 4 [io  0x0000-0x0cf7 window]
[    0.347672] pci_bus 0000:00: resource 5 [io  0x0d00-0xffff window]
[    0.347674] pci_bus 0000:00: resource 6 [mem 0x000a0000-0x000bffff window]
[    0.347675] pci_bus 0000:00: resource 7 [mem 0x80000000-0xfdffffff window]
[    0.347735] NET: Registered protocol family 2
[    0.347811] IP idents hash table entries: 32768 (order: 6, 262144 bytes, linear)
[    0.348221] MPTCP tokens hash table entries: 8192 (order: 4, 65536 bytes, linear)
[    0.348241] MPTCP request tokens hash table entries: 8192 (order: 4, 65536 bytes, linear)
[    0.348266] default registered
[    0.348266] default registered
[    0.348267] MPTCP: Stable release v0.96
[    0.348272] tcp_listen_portaddr_hash hash table entries: 1024 (order: 2, 16384 bytes, linear)
[    0.348351] TCP established hash table entries: 16384 (order: 5, 131072 bytes, linear)
[    0.348414] TCP bind hash table entries: 16384 (order: 6, 262144 bytes, linear)
[    0.348440] TCP: Hash tables configured (established 16384 bind 16384)
[    0.349212] UDP hash table entries: 1024 (order: 3, 32768 bytes, linear)
[    0.349224] UDP-Lite hash table entries: 1024 (order: 3, 32768 bytes, linear)
[    0.349263] NET: Registered protocol family 1
[    0.349273] NET: Registered protocol family 44
[    0.349293] pci 0000:00:00.0: Limiting direct PCI/PCI transfers
[    0.349305] pci 0000:00:01.0: Activating ISA DMA hang workarounds
[    0.349362] pci 0000:00:02.0: Video device with shadowed ROM at [mem 0x000c0000-0x000dffff]
[    0.349435] PCI: CLS 0 bytes, default 64
[    0.349483] Trying to unpack rootfs image as initramfs...
[    0.530273] Freeing initrd memory: 47868K
[    0.530367] clocksource: tsc: mask: 0xffffffffffffffff max_cycles: 0x1e4530a99b6, max_idle_ns: 440795257976 ns
[    0.530376] clocksource: Switched to clocksource tsc
[    0.530414] platform rtc_cmos: registered platform RTC device (no PNP device found)
[    0.530443] check: Scanning for low memory corruption every 60 seconds
[    0.530759] Initialise system trusted keyrings
[    0.530768] Key type blacklist registered
[    0.530813] workingset: timestamp_bits=36 max_order=19 bucket_order=0
[    0.531801] zbud: loaded
[    0.531801] squashfs: version 4.0 (2009/01/31) Phillip Lougher
[    0.531801] fuse: init (API version 7.31)
[    0.531801] *** VALIDATE fuse ***
[    0.531801] *** VALIDATE fuse ***
[    0.532767] Platform Keyring initialized
[    0.535702] Key type asymmetric registered
[    0.535703] Asymmetric key parser 'x509' registered
[    0.535711] Block layer SCSI generic (bsg) driver version 0.4 loaded (major 244)
[    0.535740] io scheduler mq-deadline registered
[    0.535858] shpchp: Standard Hot Plug PCI Controller Driver version: 0.4
[    0.536060] ACPI: AC Adapter [AC] (on-line)
[    0.536104] input: Power Button as /devices/LNXSYSTM:00/LNXPWRBN:00/input/input0
[    0.536133] ACPI: Power Button [PWRF]
[    0.536198] input: Sleep Button as /devices/LNXSYSTM:00/LNXSLPBN:00/input/input1
[    0.536213] ACPI: Sleep Button [SLPF]
[    0.536459] Serial: 8250/16550 driver, 32 ports, IRQ sharing enabled
[    0.537604] Linux agpgart interface v0.103
[    0.627230] loop: module loaded
[    0.627368] ata_piix 0000:00:01.1: version 2.13
[    0.627767] scsi host0: ata_piix
[    0.627852] scsi host1: ata_piix
[    0.627879] ata1: PATA max UDMA/33 cmd 0x1f0 ctl 0x3f6 bmdma 0xd000 irq 14
[    0.627879] ata2: PATA max UDMA/33 cmd 0x170 ctl 0x376 bmdma 0xd008 irq 15
[    0.627958] tun: Universal TUN/TAP device driver, 1.6
[    0.628285] PPP generic driver version 2.4.2
[    0.628327] VFIO - User Level meta-driver version: 0.3
[    0.628558] ehci_hcd: USB 2.0 'Enhanced' Host Controller (EHCI) Driver
[    0.628563] ehci-pci: EHCI PCI platform driver
[    0.628577] ehci-platform: EHCI generic platform driver
[    0.628583] ohci_hcd: USB 1.1 'Open' Host Controller (OHCI) Driver
[    0.628584] ohci-pci: OHCI PCI platform driver
[    0.628592] ohci-platform: OHCI generic platform driver
[    0.628597] uhci_hcd: USB Universal Host Controller Interface driver
[    0.628658] i8042: PNP: PS/2 Controller [PNP0303:PS2K,PNP0f03:PS2M] at 0x60,0x64 irq 1,12
[    0.629091] serio: i8042 KBD port at 0x60,0x64 irq 1
[    0.629094] serio: i8042 AUX port at 0x60,0x64 irq 12
[    0.629179] mousedev: PS/2 mouse device common for all mice
[    0.629437] input: AT Translated Set 2 keyboard as /devices/platform/i8042/serio0/input/input2
[    0.629838] rtc_cmos rtc_cmos: registered as rtc0
[    0.629851] rtc_cmos rtc_cmos: alarms up to one day, 114 bytes nvram
[    0.629856] i2c /dev entries driver
[    0.629899] device-mapper: uevent: version 1.0.3
[    0.629941] device-mapper: ioctl: 4.41.0-ioctl (2019-09-16) initialised: dm-devel@redhat.com
[    0.629957] platform eisa.0: Probing EISA bus 0
[    0.629959] platform eisa.0: EISA: Cannot allocate resource for mainboard
[    0.629960] platform eisa.0: Cannot allocate resource for EISA slot 1
[    0.629961] platform eisa.0: Cannot allocate resource for EISA slot 2
[    0.629963] platform eisa.0: Cannot allocate resource for EISA slot 3
[    0.629963] platform eisa.0: Cannot allocate resource for EISA slot 4
[    0.629964] platform eisa.0: Cannot allocate resource for EISA slot 5
[    0.629965] platform eisa.0: Cannot allocate resource for EISA slot 6
[    0.629966] platform eisa.0: Cannot allocate resource for EISA slot 7
[    0.629967] platform eisa.0: Cannot allocate resource for EISA slot 8
[    0.629968] platform eisa.0: EISA: Detected 0 cards
[    0.629971] intel_pstate: CPU model not supported
[    0.629980] ledtrig-cpu: registered to indicate activity on CPUs
[    0.630036] drop_monitor: Initializing network drop monitor service
[    0.630194] NET: Registered protocol family 10
[    0.635313] Segment Routing with IPv6
[    0.635342] fullmesh registered
[    0.635342] ndiffports registered
[    0.635345] binder registered
[    0.635345] roundrobin registered
[    0.635346] redundant registered
[    0.635347] blest registered
[    0.635347] ecf registered
[    0.635348] NET: Registered protocol family 17
[    0.635379] Key type dns_resolver registered
[    0.635399] RAS: Correctable Errors collector initialized.
[    0.635399] IPI shorthand broadcast: enabled
[    0.635399] sched_clock: Marking stable (620200939, 11198072)->(633737394, -2338383)
[    0.635549] registered taskstats version 1
[    0.635558] Loading compiled-in X.509 certificates
[    0.636147] Loaded X.509 cert 'Build time autogenerated kernel key: 6909f3744cebb3d0de528d5887b96a727de79b1e'
[    0.636165] zswap: loaded using pool lzo/zbud
[    0.636215] Key type ._fscrypt registered
[    0.636216] Key type .fscrypt registered
[    0.640693] Key type big_key registered
[    0.642977] Key type encrypted registered
[    0.642979] AppArmor: AppArmor sha1 policy hashing enabled
[    0.642986] ima: No TPM chip found, activating TPM-bypass!
[    0.642990] ima: Allocated hash algorithm: sha1
[    0.642995] ima: No architecture policies found
[    0.643004] evm: Initialising EVM extended attributes:
[    0.643005] evm: security.selinux
[    0.643005] evm: security.SMACK64
[    0.643006] evm: security.SMACK64EXEC
[    0.643006] evm: security.SMACK64TRANSMUTE
[    0.643007] evm: security.SMACK64MMAP
[    0.643007] evm: security.apparmor
[    0.643007] evm: security.ima
[    0.643008] evm: security.capability
[    0.643008] evm: HMAC attrs: 0x1
[    0.643299] PM:   Magic number: 10:699:91
[    0.643399] rtc_cmos rtc_cmos: setting system clock to 2026-01-16T19:04:23 UTC (1768590263)
[    0.800942] ata1.00: ATA-6: VBOX HARDDISK, 1.0, max UDMA/133
[    0.800946] ata1.00: 209715200 sectors, multi 128: LBA 
[    0.801698] scsi 0:0:0:0: Direct-Access     ATA      VBOX HARDDISK    1.0  PQ: 0 ANSI: 5
[    0.802035] sd 0:0:0:0: [sda] 209715200 512-byte logical blocks: (107 GB/100 GiB)
[    0.802050] sd 0:0:0:0: [sda] Write Protect is off
[    0.802053] sd 0:0:0:0: [sda] Mode Sense: 00 3a 00 00
[    0.802078] sd 0:0:0:0: [sda] Write cache: enabled, read cache: enabled, doesn't support DPO or FUA
[    0.802350] sd 0:0:0:0: Attached scsi generic sg0 type 0
[    0.803622]  sda: sda1 sda2
[    0.815455] sd 0:0:0:0: [sda] Attached SCSI disk
[    0.819357] Freeing unused decrypted memory: 2040K
[    0.820445] Freeing unused kernel image memory: 2728K
[    0.820448] Write protecting the kernel read-only data: 22528k
[    0.821607] Freeing unused kernel image memory: 2036K
[    0.822232] Freeing unused kernel image memory: 1432K
[    0.853411] x86/mm: Checked W+X mappings: passed, no W+X pages found.
[    0.853417] Run /init as init process
[    0.955375] ACPI: Video Device [GFX0] (multi-head: yes  rom: no  post: no)
[    0.955446] input: Video Bus as /devices/LNXSYSTM:00/LNXSYBUS:00/PNP0A03:00/LNXVIDEO:00/input/input4
[    0.968671] pcnet32: pcnet32.c:v1.35 21.Apr.2008 tsbogend@alpha.franken.de
[    0.970263] piix4_smbus 0000:00:07.0: SMBus Host Controller at 0x4100, revision 0
[    0.973932] e1000: Intel(R) PRO/1000 Network Driver - version 7.3.21-k8-NAPI
[    0.973932] e1000: Copyright (c) 1999-2006 Intel Corporation.
[    0.983135] pcnet32: PCnet/FAST III 79C973 at 0xd020, 08:00:27:a3:ad:bb assigned IRQ 19
[    0.983180] pcnet32: Found PHY 0022:561b at address 0
[    0.989478] pcnet32: eth0: registered as PCnet/FAST III 79C973
[    0.990714] pcnet32: PCnet/FAST III 79C973 at 0xd060, 08:00:27:75:39:b1 assigned IRQ 16
[    0.990756] pcnet32: Found PHY 0022:561b at address 0
[    0.991044] pcnet32: eth1: registered as PCnet/FAST III 79C973
[    0.999526] pcnet32: 2 cards_found
[    1.040783] pcnet32 0000:00:03.0 enp0s3: renamed from eth0
[    1.042844] pcnet32 0000:00:08.0 enp0s8: renamed from eth1
[    1.191904] input: ImExPS/2 Generic Explorer Mouse as /devices/platform/i8042/serio1/input/input5
[    1.379499] e1000 0000:00:09.0 eth0: (PCI:33MHz:32-bit) 08:00:27:46:ab:5e
[    1.379504] e1000 0000:00:09.0 eth0: Intel(R) PRO/1000 Network Connection
[    1.380602] e1000 0000:00:09.0 enp0s9: renamed from eth0
[    1.523795] EXT4-fs (sda2): mounted filesystem with ordered data mode. Opts: (null)
[    1.614161] systemd[1]: Inserted module 'autofs4'
[    1.627432] systemd[1]: systemd 245.4-4ubuntu3 running in system mode. (+PAM +AUDIT +SELINUX +IMA +APPARMOR +SMACK +SYSVINIT +UTMP +LIBCRYPTSETUP +GCRYPT +GNUTLS +ACL +XZ +LZ4 +SECCOMP +BLKID +ELFUTILS +KMOD +IDN2 -IDN +PCRE2 default-hierarchy=hybrid)
[    1.627461] systemd[1]: Detected virtualization oracle.
[    1.627464] systemd[1]: Detected architecture x86-64.
[    1.628742] systemd[1]: Set hostname to <ztg>.
[    1.751909] systemd[1]: /lib/systemd/system/dbus.socket:5: ListenStream= references a path below legacy directory /var/run/, updating /var/run/dbus/system_bus_socket â†’ /run/dbus/system_bus_socket; please update the unit file accordingly.
[    1.804139] systemd[1]: Created slice system-modprobe.slice.
[    1.804319] systemd[1]: Created slice User and Session Slice.
[    1.804363] systemd[1]: Started Forward Password Requests to Wall Directory Watch.
[    1.804517] systemd[1]: Set up automount Arbitrary Executable File Formats File System Automount Point.
[    1.804548] systemd[1]: Reached target User and Group Name Lookups.
[    1.804556] systemd[1]: Reached target Remote File Systems.
[    1.804565] systemd[1]: Reached target Slices.
[    1.805375] systemd[1]: Listening on Syslog Socket.
[    1.805442] systemd[1]: Listening on fsck to fsckd communication Socket.
[    1.805479] systemd[1]: Listening on initctl Compatibility Named Pipe.
[    1.805610] systemd[1]: Listening on Journal Audit Socket.
[    1.805665] systemd[1]: Listening on Journal Socket (/dev/log).
[    1.805731] systemd[1]: Listening on Journal Socket.
[    1.805792] systemd[1]: Listening on udev Control Socket.
[    1.805832] systemd[1]: Listening on udev Kernel Socket.
[    1.806535] systemd[1]: Mounting Huge Pages File System...
[    1.807479] systemd[1]: Mounting POSIX Message Queue File System...
[    1.808309] systemd[1]: Mounting Kernel Debug File System...
[    1.809104] systemd[1]: Mounting Kernel Trace File System...
[    1.810984] systemd[1]: Starting Journal Service...
[    1.833690] systemd[1]: Starting Set the console keyboard layout...
[    1.841368] systemd[1]: Starting Create list of static device nodes for the current kernel...
[    1.843116] systemd[1]: Starting Load Kernel Module drm...
[    1.844471] systemd[1]: Condition check resulted in Set Up Additional Binary Formats being skipped.
[    1.844513] systemd[1]: Condition check resulted in File System Check on Root Device being skipped.
[    1.855909] systemd[1]: Starting Load Kernel Modules...
[    1.862901] systemd[1]: Starting Remount Root and Kernel File Systems...
[    1.868726] systemd[1]: Starting udev Coldplug all Devices...
[    1.882503] systemd[1]: Starting Uncomplicated firewall...
[    1.888533] systemd[1]: Mounted Huge Pages File System.
[    1.888617] systemd[1]: Mounted POSIX Message Queue File System.
[    1.888687] systemd[1]: Mounted Kernel Debug File System.
[    1.888752] systemd[1]: Mounted Kernel Trace File System.
[    1.889190] EXT4-fs (sda2): re-mounted. Opts: errors=remount-ro
[    1.909671] systemd[1]: Finished Create list of static device nodes for the current kernel.
[    1.910635] systemd[1]: modprobe@drm.service: Succeeded.
[    1.911935] systemd[1]: Finished Load Kernel Module drm.
[    1.919294] systemd[1]: Finished Remount Root and Kernel File Systems.
[    1.934243] systemd[1]: Finished Uncomplicated firewall.
[    1.935803] lp: driver loaded but no devices found
[    1.953574] systemd[1]: Condition check resulted in Rebuild Hardware Database being skipped.
[    1.953607] systemd[1]: Condition check resulted in Platform Persistent Storage Archival being skipped.
[    1.954222] systemd[1]: Starting Load/Save Random Seed...
[    1.959212] systemd[1]: Starting Create System Users...
[    1.964443] ppdev: user-space parallel port driver
[    1.975462] systemd[1]: Finished Load/Save Random Seed.
[    1.981409] systemd[1]: Finished Create System Users.
[    1.982077] systemd[1]: Starting Create Static Device Nodes in /dev...
[    2.025838] systemd[1]: Finished udev Coldplug all Devices.
[    2.033391] systemd[1]: Finished Create Static Device Nodes in /dev.
[    2.034181] systemd[1]: Starting udev Kernel Device Manager...
[    2.074722] [drm] DMA map mode: Caching DMA mappings.
[    2.074815] [drm] Capabilities:
[    2.074815] [drm]   Rect copy.
[    2.074815] [drm]   Cursor.
[    2.074816] [drm]   Cursor bypass.
[    2.074816] [drm]   Cursor bypass 2.
[    2.074816] [drm]   Alpha cursor.
[    2.074817] [drm]   Extended Fifo.
[    2.074817] [drm]   Pitchlock.
[    2.074818] [drm]   Irq mask.
[    2.074818] [drm]   GMR.
[    2.074818] [drm]   Traces.
[    2.074818] [drm]   GMR2.
[    2.074819] [drm]   Screen Object 2.
[    2.074819] [drm]   Command Buffers.
[    2.074820] [drm]   Command Buffers 2.
[    2.074820] [drm]   Guest Backed Resources.
[    2.074821] [drm] Max GMR ids is 8192
[    2.074821] [drm] Max number of GMR pages is 1048576
[    2.074822] [drm] Max dedicated hypervisor surface memory is 393216 kiB
[    2.074822] [drm] Maximum display memory size is 131072 kiB
[    2.074823] [drm] VRAM at 0xe0000000 size is 131072 kiB
[    2.074824] [drm] MMIO at 0xf0000000 size is 2048 kiB
[    2.075863] [TTM] Zone  kernel: Available graphics memory: 1011738 KiB
[    2.075863] [TTM] Initializing pool allocator
[    2.075867] [TTM] Initializing DMA pool allocator
[    2.075897] [drm] Supports vblank timestamp caching Rev 2 (21.10.2013).
[    2.075897] [drm] No driver support for vblank timestamp query.
[    2.076140] [drm] Screen Target Display device initialized
[    2.076346] [drm] width 720
[    2.076355] [drm] height 400
[    2.076358] [drm] bpp 32
[    2.076860] [drm] Fifo max 0x00200000 min 0x00001000 cap 0x00000355
[    2.077925] [drm] Using command buffers with DMA pool.
[    2.077929] [drm] DX: no.
[    2.077929] [drm] Atomic: yes.
[    2.077930] [drm] SM4_1: no.
[    2.077948] [drm:vmw_host_log [vmwgfx]] *ERROR* Failed to send host log message.
[    2.078880] [drm:vmw_host_log [vmwgfx]] *ERROR* Failed to send host log message.
[    2.091025] systemd[1]: Finished Set the console keyboard layout.
[    2.091123] systemd[1]: Reached target Local File Systems (Pre).
[    2.093253] systemd[1]: Mounting Mount unit for bare, revision 5...
[    2.097921] fbcon: svgadrmfb (fb0) is primary device
[    2.100084] Console: switching to colour frame buffer device 100x37
[    2.101022] systemd[1]: Mounting Mount unit for core18, revision 1705...
[    2.105126] systemd[1]: Mounting Mount unit for gnome-3-34-1804, revision 24...
[    2.106893] [drm] Initialized vmwgfx 2.15.0 20180704 for 0000:00:02.0 on minor 0
[    2.111107] systemd[1]: Mounting Mount unit for gtk-common-themes, revision 1506...
[    2.119505] systemd[1]: Mounting Mount unit for gtk-common-themes, revision 1535...
[    2.163137] systemd[1]: Mounting Mount unit for snap-store, revision 433...
[    2.167074] systemd[1]: Mounting Mount unit for snapd, revision 25935...
[    2.171623] systemd[1]: Finished Load Kernel Modules.
[    2.171943] systemd[1]: Mounted Mount unit for bare, revision 5.
[    2.173270] systemd[1]: Mounting FUSE Control File System...
[    2.180161] systemd[1]: Mounting Kernel Configuration File System...
[    2.181773] systemd[1]: Starting Apply Kernel Variables...
[    2.182835] systemd[1]: Mounted FUSE Control File System.
[    2.182905] systemd[1]: Condition check resulted in VMware vmblock fuse mount being skipped.
[    2.213585] systemd[1]: Mounted Kernel Configuration File System.
[    2.225688] systemd[1]: Finished Apply Kernel Variables.
[    2.234928] systemd[1]: Mounted Mount unit for gnome-3-34-1804, revision 24.
[    2.235018] systemd[1]: Mounted Mount unit for gtk-common-themes, revision 1506.
[    2.245299] systemd[1]: Mounted Mount unit for core18, revision 1705.
[    2.247991] systemd[1]: Mounted Mount unit for gtk-common-themes, revision 1535.
[    2.250277] systemd[1]: Started udev Kernel Device Manager.
[    2.251011] systemd[1]: Starting Show Plymouth Boot Screen...
[    2.274689] systemd[1]: Mounted Mount unit for snap-store, revision 433.
[    2.276495] systemd[1]: Mounted Mount unit for snapd, revision 25935.
[    2.276593] systemd[1]: Received SIGRTMIN+20 from PID 282 (plymouthd).
[    2.276621] systemd[1]: Reached target Local File Systems.
[    2.279466] systemd[1]: Starting Load AppArmor profiles...
[    2.287756] systemd[1]: Starting Set console font and keymap...
[    2.294824] systemd[1]: Starting Tell Plymouth To Write Out Runtime Data...
[    2.296420] systemd[1]: Condition check resulted in Store a System Token in an EFI Variable being skipped.
[    2.296476] systemd[1]: Condition check resulted in Commit a transient machine-id on disk being skipped.
[    2.302253] systemd[1]: Finished Set console font and keymap.
[    2.309491] systemd[1]: Received SIGRTMIN+20 from PID 282 (plymouthd).
[    2.311962] systemd[1]: plymouth-read-write.service: Succeeded.
[    2.312185] systemd[1]: Finished Tell Plymouth To Write Out Runtime Data.
[    2.312454] systemd[1]: Started Show Plymouth Boot Screen.
[    2.312567] systemd[1]: Condition check resulted in Dispatch Password Requests to Console Directory Watch being skipped.
[    2.312640] systemd[1]: Started Forward Password Requests to Plymouth Directory Watch.
[    2.312670] systemd[1]: Reached target Local Encrypted Volumes.
[    2.362210] audit: type=1400 audit(1768590265.216:2): apparmor="STATUS" operation="profile_load" profile="unconfined" name="nvidia_modprobe" pid=295 comm="apparmor_parser"
[    2.362213] audit: type=1400 audit(1768590265.216:3): apparmor="STATUS" operation="profile_load" profile="unconfined" name="nvidia_modprobe//kmod" pid=295 comm="apparmor_parser"
[    2.385326] audit: type=1400 audit(1768590265.236:4): apparmor="STATUS" operation="profile_load" profile="unconfined" name="/usr/sbin/tcpdump" pid=301 comm="apparmor_parser"
[    2.410978] audit: type=1400 audit(1768590265.256:5): apparmor="STATUS" operation="profile_load" profile="unconfined" name="/usr/bin/evince" pid=303 comm="apparmor_parser"
[    2.410981] audit: type=1400 audit(1768590265.256:6): apparmor="STATUS" operation="profile_load" profile="unconfined" name="/usr/bin/evince//sanitized_helper" pid=303 comm="apparmor_parser"
[    2.410983] audit: type=1400 audit(1768590265.256:7): apparmor="STATUS" operation="profile_load" profile="unconfined" name="/usr/bin/evince-previewer" pid=303 comm="apparmor_parser"
[    2.410984] audit: type=1400 audit(1768590265.256:8): apparmor="STATUS" operation="profile_load" profile="unconfined" name="/usr/bin/evince-previewer//sanitized_helper" pid=303 comm="apparmor_parser"
[    2.410986] audit: type=1400 audit(1768590265.256:9): apparmor="STATUS" operation="profile_load" profile="unconfined" name="/usr/bin/evince-thumbnailer" pid=303 comm="apparmor_parser"
[    2.441405] audit: type=1400 audit(1768590265.296:10): apparmor="STATUS" operation="profile_load" profile="unconfined" name="/usr/lib/cups/backend/cups-pdf" pid=304 comm="apparmor_parser"
[    2.498703] systemd[1]: Finished Load AppArmor profiles.
[    2.499778] systemd[1]: Starting Load AppArmor profiles managed internally by snapd...
[    2.620167] systemd[1]: Finished Load AppArmor profiles managed internally by snapd.
[    2.786737] systemd[1]: Started Journal Service.
[    2.794477] systemd-journald[229]: Received client request to flush runtime journal.
[    2.799377] systemd-journald[229]: File /var/log/journal/c455b248004a419c87ce85eea238d727/system.journal corrupted or uncleanly shut down, renaming and replacing.
[    4.013720] RAPL PMU: API unit is 2^-32 Joules, 0 fixed counters, 10737418240 ms ovfl timer
[    4.046025] cryptd: max_cpu_qlen set to 1000
[    4.078537] AVX2 version of gcm_enc/dec engaged.
[    4.078538] AES CTR mode by8 optimization enabled
[    6.038888] Adding 1998844k swap on /dev/sda1.  Priority:-2 extents:1 across:1998844k FS
[    7.888279] kauditd_printk_skb: 30 callbacks suppressed
[    7.888280] audit: type=1400 audit(1768590270.740:41): apparmor="DENIED" operation="capable" profile="/usr/sbin/cups-browsed" pid=504 comm="cups-browsed" capability=23  capname="sys_nice"
[    8.642796] pcnet32 0000:00:03.0 enp0s3: link up, 100Mbps, full-duplex
[    8.666740] pcnet32 0000:00:08.0 enp0s8: link up, 100Mbps, full-duplex
[    8.699914] e1000: enp0s9 NIC Link is Up 1000 Mbps Full Duplex, Flow Control: RX
[    8.700249] IPv6: ADDRCONF(NETDEV_CHANGE): enp0s9: link becomes ready
[    9.273065] device enp0s3 entered promiscuous mode
[    9.294182] device enp0s8 entered promiscuous mode
[    9.337307] audit: type=1400 audit(1768590272.184:42): apparmor="DENIED" operation="open" profile="/usr/sbin/tcpdump" name="/proc/sys/kernel/random/boot_id" pid=650 comm="tcpdump" requested_mask="r" denied_mask="r" fsuid=0 ouid=0
[    9.337728] audit: type=1400 audit(1768590272.184:43): apparmor="DENIED" operation="open" profile="/usr/sbin/tcpdump" name="/proc/sys/kernel/random/boot_id" pid=650 comm="tcpdump" requested_mask="r" denied_mask="r" fsuid=0 ouid=0
[    9.337864] audit: type=1400 audit(1768590272.184:44): apparmor="DENIED" operation="open" profile="/usr/sbin/tcpdump" name="/proc/sys/kernel/random/boot_id" pid=650 comm="tcpdump" requested_mask="r" denied_mask="r" fsuid=0 ouid=0
[    9.337922] audit: type=1400 audit(1768590272.184:45): apparmor="DENIED" operation="open" profile="/usr/sbin/tcpdump" name="/proc/sys/kernel/random/boot_id" pid=650 comm="tcpdump" requested_mask="r" denied_mask="r" fsuid=0 ouid=0
[    9.343685] audit: type=1400 audit(1768590272.192:46): apparmor="DENIED" operation="open" profile="/usr/sbin/tcpdump" name="/proc/sys/kernel/random/boot_id" pid=651 comm="tcpdump" requested_mask="r" denied_mask="r" fsuid=0 ouid=0
[    9.344578] audit: type=1400 audit(1768590272.200:47): apparmor="DENIED" operation="open" profile="/usr/sbin/tcpdump" name="/proc/sys/kernel/random/boot_id" pid=651 comm="tcpdump" requested_mask="r" denied_mask="r" fsuid=0 ouid=0
[    9.344625] audit: type=1400 audit(1768590272.200:48): apparmor="DENIED" operation="open" profile="/usr/sbin/tcpdump" name="/proc/sys/kernel/random/boot_id" pid=651 comm="tcpdump" requested_mask="r" denied_mask="r" fsuid=0 ouid=0
[    9.344795] audit: type=1400 audit(1768590272.200:49): apparmor="DENIED" operation="open" profile="/usr/sbin/tcpdump" name="/proc/sys/kernel/random/boot_id" pid=652 comm="tcpdump" requested_mask="r" denied_mask="r" fsuid=0 ouid=0
[    9.345214] audit: type=1400 audit(1768590272.200:50): apparmor="DENIED" operation="open" profile="/usr/sbin/tcpdump" name="/proc/sys/kernel/random/boot_id" pid=651 comm="tcpdump" requested_mask="r" denied_mask="r" fsuid=0 ouid=0
[   15.477973] rfkill: input handler disabled
[  227.561884] AAAAA-TCP_FORW: name:enp0s8: saddr:100932208: daddr:16783984
[  227.563382] AAAAA-TCP_FORW: name:enp0s3: saddr:16783984: daddr:100932208
[  227.735722] AAAAA-TCP_FORW: name:enp0s8: saddr:100932208: daddr:16783984
[  227.736486] AAAAA-TCP_FORW: name:enp0s3: saddr:16783984: daddr:100932208
[  228.011296] AAAAA-TCP_FORW: name:enp0s8: saddr:100932208: daddr:16783984
[  228.012049] AAAAA-TCP_FORW: name:enp0s3: saddr:16783984: daddr:100932208
[  228.121088] AAAAA-TCP_FORW: name:enp0s8: saddr:100932208: daddr:16783984
[  228.121813] AAAAA-TCP_FORW: name:enp0s3: saddr:16783984: daddr:100932208
[  228.122043] AAAAA-TCP_FORW: name:enp0s3: saddr:16783984: daddr:100932208
[  228.218498] AAAAA-TCP_FORW: name:enp0s8: saddr:100932208: daddr:16783984
[  228.409807] AAAAA-TCP_FORW: name:enp0s8: saddr:100932208: daddr:33561200
[  228.410663] AAAAA-TCP_FORW: name:enp0s3: saddr:33561200: daddr:100932208
[  228.587745] AAAAA-TCP_FORW: name:enp0s8: saddr:100932208: daddr:16783984
[  228.678254] AAAAA-TCP_FORW: name:enp0s8: saddr:100932208: daddr:16783984
[  228.678999] AAAAA-TCP_FORW: name:enp0s3: saddr:16783984: daddr:100932208
[  228.852965] AAAAA-TCP_FORW: name:enp0s8: saddr:100932208: daddr:33561200
[  228.853704] AAAAA-TCP_FORW: name:enp0s3: saddr:33561200: daddr:100932208
[  228.960813] AAAAA-TCP_FORW: name:enp0s8: saddr:100932208: daddr:16783984
[  228.961563] AAAAA-TCP_FORW: name:enp0s3: saddr:16783984: daddr:100932208
[  228.961662] AAAAA-TCP_FORW: name:enp0s3: saddr:33561200: daddr:100932208
[  229.452682] AAAAA-TCP_FORW: name:enp0s8: saddr:100932208: daddr:33561200
[  229.478596] AAAAA-TCP_FORW: name:enp0s8: saddr:100932208: daddr:16783984
[  229.479463] AAAAA-TCP_FORW: name:enp0s3: saddr:16783984: daddr:100932208
[  229.651127] AAAAA-TCP_FORW: name:enp0s8: saddr:100932208: daddr:16783984
[  229.652150] AAAAA-TCP_FORW: name:enp0s3: saddr:16783984: daddr:100932208
[  229.767005] AAAAA-TCP_FORW: name:enp0s8: saddr:100932208: daddr:16783984
[  229.767750] AAAAA-TCP_FORW: name:enp0s3: saddr:16783984: daddr:100932208
[  229.769148] AAAAA-TCP_FORW: name:enp0s3: saddr:33561200: daddr:100932208
[  229.967503] AAAAA-TCP_FORW: name:enp0s8: saddr:100932208: daddr:33561200
[  229.968308] AAAAA-TCP_FORW: name:enp0s3: saddr:33561200: daddr:100932208
[  230.130965] AAAAA-TCP_FORW: name:enp0s8: saddr:100932208: daddr:33561200
[  230.131977] AAAAA-TCP_FORW: name:enp0s3: saddr:33561200: daddr:100932208
[  230.261936] AAAAA-TCP_FORW: name:enp0s8: saddr:100932208: daddr:33561200
[  230.262845] AAAAA-TCP_FORW: name:enp0s3: saddr:33561200: daddr:100932208
[  230.361031] AAAAA-TCP_FORW: name:enp0s8: saddr:100932208: daddr:33561200
[  230.458471] AAAAA-TCP_FORW: name:enp0s8: saddr:100932208: daddr:16783984
[  230.459767] AAAAA-TCP_FORW: name:enp0s3: saddr:16783984: daddr:100932208
[  230.628258] AAAAA-TCP_FORW: name:enp0s8: saddr:100932208: daddr:16783984
[  230.629637] AAAAA-TCP_FORW: name:enp0s3: saddr:16783984: daddr:100932208
[  230.700315] AAAAA-TCP_FORW: name:enp0s8: saddr:100932208: daddr:16783984
[  230.701044] AAAAA-TCP_FORW: name:enp0s3: saddr:16783984: daddr:100932208
[  230.795296] AAAAA-TCP_FORW: name:enp0s8: saddr:100932208: daddr:16783984
[  230.796702] AAAAA-TCP_FORW: name:enp0s3: saddr:16783984: daddr:100932208
[  230.878392] AAAAA-TCP_FORW: name:enp0s8: saddr:100932208: daddr:16783984
[  230.879720] AAAAA-TCP_FORW: name:enp0s3: saddr:16783984: daddr:100932208
[  230.951520] AAAAA-TCP_FORW: name:enp0s8: saddr:100932208: daddr:16783984
[  230.952800] AAAAA-TCP_FORW: name:enp0s3: saddr:16783984: daddr:100932208
[  231.097309] AAAAA-TCP_FORW: name:enp0s8: saddr:100932208: daddr:16783984
[  231.098473] AAAAA-TCP_FORW: name:enp0s3: saddr:16783984: daddr:100932208
[  231.169661] AAAAA-TCP_FORW: name:enp0s8: saddr:100932208: daddr:16783984
[  231.171384] AAAAA-TCP_FORW: name:enp0s3: saddr:16783984: daddr:100932208
[  231.409613] AAAAA-TCP_FORW: name:enp0s8: saddr:100932208: daddr:16783984
[  231.411095] AAAAA-TCP_FORW: name:enp0s3: saddr:16783984: daddr:100932208
[  231.501131] AAAAA-TCP_FORW: name:enp0s8: saddr:100932208: daddr:16783984
[  231.502696] AAAAA-TCP_FORW: name:enp0s3: saddr:16783984: daddr:100932208
[  231.603496] AAAAA-TCP_FORW: name:enp0s8: saddr:100932208: daddr:33561200
[  231.604908] AAAAA-TCP_FORW: name:enp0s3: saddr:33561200: daddr:100932208
[  231.643106] AAAAA-TCP_FORW: name:enp0s8: saddr:100932208: daddr:33561200
[  231.643988] AAAAA-TCP_FORW: name:enp0s3: saddr:33561200: daddr:100932208
[  231.794951] AAAAA-TCP_FORW: name:enp0s8: saddr:100932208: daddr:33561200
[  231.795752] AAAAA-TCP_FORW: name:enp0s3: saddr:33561200: daddr:100932208
[  231.829712] AAAAA-TCP_FORW: name:enp0s8: saddr:100932208: daddr:33561200
[  231.830619] AAAAA-TCP_FORW: name:enp0s3: saddr:33561200: daddr:100932208
[  231.951021] AAAAA-TCP_FORW: name:enp0s8: saddr:100932208: daddr:33561200
[  231.951920] AAAAA-TCP_FORW: name:enp0s3: saddr:33561200: daddr:100932208
[  232.086126] AAAAA-TCP_FORW: name:enp0s8: saddr:100932208: daddr:33561200
[  232.087679] AAAAA-TCP_FORW: name:enp0s3: saddr:33561200: daddr:100932208
[  232.149573] AAAAA-TCP_FORW: name:enp0s8: saddr:100932208: daddr:33561200
[  232.150706] AAAAA-TCP_FORW: name:enp0s3: saddr:33561200: daddr:100932208
[  232.338075] AAAAA-TCP_FORW: name:enp0s8: saddr:100932208: daddr:33561200
[  232.338805] AAAAA-TCP_FORW: name:enp0s3: saddr:33561200: daddr:100932208
[  232.401422] AAAAA-TCP_FORW: name:enp0s8: saddr:100932208: daddr:33561200
[  232.402173] AAAAA-TCP_FORW: name:enp0s3: saddr:33561200: daddr:100932208
[  232.559090] AAAAA-TCP_FORW: name:enp0s8: saddr:100932208: daddr:33561200
[  232.559861] AAAAA-TCP_FORW: name:enp0s3: saddr:33561200: daddr:100932208
[  232.608447] AAAAA-TCP_FORW: name:enp0s8: saddr:100932208: daddr:16783984
[  232.609174] AAAAA-TCP_FORW: name:enp0s3: saddr:16783984: daddr:100932208
[  232.683357] AAAAA-TCP_FORW: name:enp0s8: saddr:100932208: daddr:33561200
[  232.684080] AAAAA-TCP_FORW: name:enp0s3: saddr:33561200: daddr:100932208
[  232.753589] AAAAA-TCP_FORW: name:enp0s8: saddr:100932208: daddr:16783984
[  232.754861] AAAAA-TCP_FORW: name:enp0s3: saddr:16783984: daddr:100932208
[  232.834234] AAAAA-TCP_FORW: name:enp0s8: saddr:100932208: daddr:16783984
[  232.834999] AAAAA-TCP_FORW: name:enp0s3: saddr:16783984: daddr:100932208
[  233.006880] AAAAA-TCP_FORW: name:enp0s8: saddr:100932208: daddr:16783984
[  233.007647] AAAAA-TCP_FORW: name:enp0s3: saddr:16783984: daddr:100932208
[  233.087501] AAAAA-TCP_FORW: name:enp0s8: saddr:100932208: daddr:16783984
[  233.088735] AAAAA-TCP_FORW: name:enp0s3: saddr:16783984: daddr:100932208
[  233.285067] AAAAA-TCP_FORW: name:enp0s8: saddr:100932208: daddr:16783984
[  233.286898] AAAAA-TCP_FORW: name:enp0s3: saddr:16783984: daddr:100932208
[  233.343976] AAAAA-TCP_FORW: name:enp0s8: saddr:100932208: daddr:33561200
[  233.344746] AAAAA-TCP_FORW: name:enp0s3: saddr:33561200: daddr:100932208
[  233.670846] AAAAA-TCP_FORW: name:enp0s8: saddr:100932208: daddr:16783984
[  233.671568] AAAAA-TCP_FORW: name:enp0s3: saddr:16783984: daddr:100932208
[  233.817058] AAAAA-TCP_FORW: name:enp0s8: saddr:100932208: daddr:16783984
[  233.817920] AAAAA-TCP_FORW: name:enp0s3: saddr:16783984: daddr:100932208
[  233.949257] AAAAA-TCP_FORW: name:enp0s8: saddr:100932208: daddr:16783984
[  233.950239] AAAAA-TCP_FORW: name:enp0s3: saddr:16783984: daddr:100932208
[  234.016402] AAAAA-TCP_FORW: name:enp0s8: saddr:100932208: daddr:16783984
[  234.017182] AAAAA-TCP_FORW: name:enp0s3: saddr:16783984: daddr:100932208
[  234.087769] AAAAA-TCP_FORW: name:enp0s8: saddr:100932208: daddr:16783984
[  234.089209] AAAAA-TCP_FORW: name:enp0s3: saddr:16783984: daddr:100932208
[  234.172408] AAAAA-TCP_FORW: name:enp0s8: saddr:100932208: daddr:16783984
[  234.173208] AAAAA-TCP_FORW: name:enp0s3: saddr:16783984: daddr:100932208
[  234.204498] AAAAA-TCP_FORW: name:enp0s8: saddr:100932208: daddr:16783984
[  234.205289] AAAAA-TCP_FORW: name:enp0s3: saddr:16783984: daddr:100932208
[  234.369041] AAAAA-TCP_FORW: name:enp0s8: saddr:100932208: daddr:16783984
[  234.369845] AAAAA-TCP_FORW: name:enp0s3: saddr:16783984: daddr:100932208
[  234.433005] AAAAA-TCP_FORW: name:enp0s8: saddr:100932208: daddr:16783984
[  234.433636] AAAAA-TCP_FORW: name:enp0s3: saddr:16783984: daddr:100932208
[  234.593391] AAAAA-TCP_FORW: name:enp0s8: saddr:100932208: daddr:16783984
[  234.594162] AAAAA-TCP_FORW: name:enp0s3: saddr:16783984: daddr:100932208
[  234.724136] AAAAA-TCP_FORW: name:enp0s8: saddr:100932208: daddr:16783984
[  234.724897] AAAAA-TCP_FORW: name:enp0s3: saddr:16783984: daddr:100932208
[  234.819187] AAAAA-TCP_FORW: name:enp0s8: saddr:100932208: daddr:16783984
[  234.849753] AAAAA-TCP_FORW: name:enp0s8: saddr:100932208: daddr:16783984
[  234.850502] AAAAA-TCP_FORW: name:enp0s3: saddr:16783984: daddr:100932208
[  234.948326] AAAAA-TCP_FORW: name:enp0s8: saddr:100932208: daddr:16783984
[  234.985094] AAAAA-TCP_FORW: name:enp0s8: saddr:100932208: daddr:16783984
[  234.985836] AAAAA-TCP_FORW: name:enp0s3: saddr:16783984: daddr:100932208
[  235.295769] AAAAA-TCP_FORW: name:enp0s8: saddr:100932208: daddr:33561200
[  235.296587] AAAAA-TCP_FORW: name:enp0s3: saddr:33561200: daddr:100932208
[  235.334278] AAAAA-TCP_FORW: name:enp0s8: saddr:100932208: daddr:33561200
[  235.335025] AAAAA-TCP_FORW: name:enp0s3: saddr:33561200: daddr:100932208
[  235.393701] AAAAA-TCP_FORW: name:enp0s8: saddr:100932208: daddr:33561200
[  235.394464] AAAAA-TCP_FORW: name:enp0s3: saddr:33561200: daddr:100932208
[  235.450627] AAAAA-TCP_FORW: name:enp0s8: saddr:100932208: daddr:33561200
[  235.451411] AAAAA-TCP_FORW: name:enp0s3: saddr:33561200: daddr:100932208
[  235.537082] AAAAA-TCP_FORW: name:enp0s8: saddr:100932208: daddr:33561200
[  235.537816] AAAAA-TCP_FORW: name:enp0s3: saddr:33561200: daddr:100932208
[  235.589550] AAAAA-TCP_FORW: name:enp0s8: saddr:100932208: daddr:33561200
[  235.590269] AAAAA-TCP_FORW: name:enp0s3: saddr:33561200: daddr:100932208
[  235.647960] AAAAA-TCP_FORW: name:enp0s8: saddr:100932208: daddr:33561200
[  235.648710] AAAAA-TCP_FORW: name:enp0s3: saddr:33561200: daddr:100932208
[  235.688471] AAAAA-TCP_FORW: name:enp0s8: saddr:100932208: daddr:33561200
[  235.689211] AAAAA-TCP_FORW: name:enp0s3: saddr:33561200: daddr:100932208
[  235.722274] AAAAA-TCP_FORW: name:enp0s8: saddr:100932208: daddr:33561200
[  235.723061] AAAAA-TCP_FORW: name:enp0s3: saddr:33561200: daddr:100932208
[  235.901970] AAAAA-TCP_FORW: name:enp0s8: saddr:100932208: daddr:33561200
[  235.903121] AAAAA-TCP_FORW: name:enp0s3: saddr:33561200: daddr:100932208
[  236.148338] AAAAA-TCP_FORW: name:enp0s8: saddr:100932208: daddr:33561200
[  236.150027] AAAAA-TCP_FORW: name:enp0s3: saddr:33561200: daddr:100932208
[  236.227861] AAAAA-TCP_FORW: name:enp0s8: saddr:100932208: daddr:33561200
[  236.228997] AAAAA-TCP_FORW: name:enp0s3: saddr:33561200: daddr:100932208
[  236.389353] AAAAA-TCP_FORW: name:enp0s8: saddr:100932208: daddr:33561200
[  236.390103] AAAAA-TCP_FORW: name:enp0s3: saddr:33561200: daddr:100932208
[  236.481544] AAAAA-TCP_FORW: name:enp0s8: saddr:100932208: daddr:33561200
[  236.482846] AAAAA-TCP_FORW: name:enp0s3: saddr:33561200: daddr:100932208
[  236.589464] AAAAA-TCP_FORW: name:enp0s8: saddr:100932208: daddr:33561200
[  236.590516] AAAAA-TCP_FORW: name:enp0s3: saddr:33561200: daddr:100932208
[  236.753173] AAAAA-TCP_FORW: name:enp0s8: saddr:100932208: daddr:33561200
[  236.753887] AAAAA-TCP_FORW: name:enp0s3: saddr:33561200: daddr:100932208
[  236.794684] AAAAA-TCP_FORW: name:enp0s8: saddr:100932208: daddr:33561200
[  236.826172] AAAAA-TCP_FORW: name:enp0s8: saddr:100932208: daddr:33561200
[  236.826893] AAAAA-TCP_FORW: name:enp0s3: saddr:33561200: daddr:100932208
[  236.966130] AAAAA-TCP_FORW: name:enp0s8: saddr:100932208: daddr:33561200
[  237.008370] AAAAA-TCP_FORW: name:enp0s8: saddr:100932208: daddr:33561200
[  237.009381] AAAAA-TCP_FORW: name:enp0s3: saddr:33561200: daddr:100932208
[  237.187267] AAAAA-TCP_FORW: name:enp0s8: saddr:100932208: daddr:16783984
[  237.188522] AAAAA-TCP_FORW: name:enp0s3: saddr:16783984: daddr:100932208
[  237.516256] AAAAA-TCP_FORW: name:enp0s8: saddr:100932208: daddr:16783984
[  237.517036] AAAAA-TCP_FORW: name:enp0s3: saddr:16783984: daddr:100932208
[  237.586733] AAAAA-TCP_FORW: name:enp0s8: saddr:100932208: daddr:16783984
[  237.587476] AAAAA-TCP_FORW: name:enp0s3: saddr:16783984: daddr:100932208
[  237.650738] AAAAA-TCP_FORW: name:enp0s8: saddr:100932208: daddr:16783984
[  237.651579] AAAAA-TCP_FORW: name:enp0s3: saddr:16783984: daddr:100932208
[  237.793714] AAAAA-TCP_FORW: name:enp0s8: saddr:100932208: daddr:16783984
[  237.794453] AAAAA-TCP_FORW: name:enp0s3: saddr:16783984: daddr:100932208
[  237.842269] AAAAA-TCP_FORW: name:enp0s8: saddr:100932208: daddr:16783984
[  237.842989] AAAAA-TCP_FORW: name:enp0s3: saddr:16783984: daddr:100932208
[  237.873065] AAAAA-TCP_FORW: name:enp0s8: saddr:100932208: daddr:16783984
[  237.874200] AAAAA-TCP_FORW: name:enp0s3: saddr:16783984: daddr:100932208
[  237.907434] AAAAA-TCP_FORW: name:enp0s8: saddr:100932208: daddr:16783984
[  237.908134] AAAAA-TCP_FORW: name:enp0s3: saddr:16783984: daddr:100932208
[  238.053337] AAAAA-TCP_FORW: name:enp0s8: saddr:100932208: daddr:16783984
[  238.054124] AAAAA-TCP_FORW: name:enp0s3: saddr:16783984: daddr:100932208
[  238.078380] AAAAA-TCP_FORW: name:enp0s8: saddr:100932208: daddr:16783984
[  238.079258] AAAAA-TCP_FORW: name:enp0s3: saddr:16783984: daddr:100932208
[  238.265681] AAAAA-TCP_FORW: name:enp0s8: saddr:100932208: daddr:16783984
[  238.266461] AAAAA-TCP_FORW: name:enp0s3: saddr:16783984: daddr:100932208
[  238.376269] AAAAA-TCP_FORW: name:enp0s8: saddr:100932208: daddr:16783984
[  238.377060] AAAAA-TCP_FORW: name:enp0s3: saddr:16783984: daddr:100932208
[  238.449025] AAAAA-TCP_FORW: name:enp0s8: saddr:100932208: daddr:16783984
[  238.449755] AAAAA-TCP_FORW: name:enp0s3: saddr:16783984: daddr:100932208
[  238.517346] AAAAA-TCP_FORW: name:enp0s8: saddr:100932208: daddr:16783984
[  238.518086] AAAAA-TCP_FORW: name:enp0s3: saddr:16783984: daddr:100932208
[  238.556877] AAAAA-TCP_FORW: name:enp0s8: saddr:100932208: daddr:16783984
[  238.557622] AAAAA-TCP_FORW: name:enp0s3: saddr:16783984: daddr:100932208
[  254.026949] AAAAA-TCP_FORW: name:enp0s8: saddr:100932208: daddr:16783984
[  254.028237] AAAAA-TCP_FORW: name:enp0s3: saddr:16783984: daddr:100932208
[  254.092156] AAAAA-TCP_FORW: name:enp0s8: saddr:100932208: daddr:16783984
[  254.093295] AAAAA-TCP_FORW: name:enp0s3: saddr:16783984: daddr:100932208
[  254.202783] AAAAA-TCP_FORW: name:enp0s8: saddr:100932208: daddr:16783984
[  254.204022] AAAAA-TCP_FORW: name:enp0s3: saddr:16783984: daddr:100932208
[  254.323829] AAAAA-TCP_FORW: name:enp0s8: saddr:100932208: daddr:16783984
[  254.325067] AAAAA-TCP_FORW: name:enp0s3: saddr:16783984: daddr:100932208
[  254.430447] AAAAA-TCP_FORW: name:enp0s8: saddr:100932208: daddr:16783984
[  254.431468] AAAAA-TCP_FORW: name:enp0s3: saddr:16783984: daddr:100932208
[  254.567082] AAAAA-TCP_FORW: name:enp0s8: saddr:100932208: daddr:16783984
[  254.568091] AAAAA-TCP_FORW: name:enp0s3: saddr:16783984: daddr:100932208
[  254.683186] AAAAA-TCP_FORW: name:enp0s8: saddr:100932208: daddr:16783984
[  254.684487] AAAAA-TCP_FORW: name:enp0s3: saddr:16783984: daddr:100932208
[  254.807462] AAAAA-TCP_FORW: name:enp0s8: saddr:100932208: daddr:16783984
[  254.808755] AAAAA-TCP_FORW: name:enp0s3: saddr:16783984: daddr:100932208
[  254.906915] AAAAA-TCP_FORW: name:enp0s8: saddr:100932208: daddr:16783984
[  254.908147] AAAAA-TCP_FORW: name:enp0s3: saddr:16783984: daddr:100932208
[  254.962683] AAAAA-TCP_FORW: name:enp0s8: saddr:100932208: daddr:16783984
[  254.963884] AAAAA-TCP_FORW: name:enp0s3: saddr:16783984: daddr:100932208
[  255.092323] AAAAA-TCP_FORW: name:enp0s8: saddr:100932208: daddr:16783984
[  255.093617] AAAAA-TCP_FORW: name:enp0s3: saddr:16783984: daddr:100932208
[  255.226131] AAAAA-TCP_FORW: name:enp0s8: saddr:100932208: daddr:16783984
[  255.227271] AAAAA-TCP_FORW: name:enp0s3: saddr:16783984: daddr:100932208
[  255.334958] AAAAA-TCP_FORW: name:enp0s8: saddr:100932208: daddr:16783984
[  255.336113] AAAAA-TCP_FORW: name:enp0s3: saddr:16783984: daddr:100932208
[  255.438932] AAAAA-TCP_FORW: name:enp0s8: saddr:100932208: daddr:16783984
[  255.440217] AAAAA-TCP_FORW: name:enp0s3: saddr:16783984: daddr:100932208
[  255.547221] AAAAA-TCP_FORW: name:enp0s8: saddr:100932208: daddr:16783984
[  255.548311] AAAAA-TCP_FORW: name:enp0s3: saddr:16783984: daddr:100932208
[  255.628099] AAAAA-TCP_FORW: name:enp0s8: saddr:100932208: daddr:16783984
[  255.629290] AAAAA-TCP_FORW: name:enp0s3: saddr:16783984: daddr:100932208
[  255.855537] AAAAA-TCP_FORW: name:enp0s8: saddr:100932208: daddr:16783984
[  255.897582] AAAAA-TCP_FORW: name:enp0s3: saddr:16783984: daddr:100932208
[  255.990630] AAAAA-TCP_FORW: name:enp0s8: saddr:100932208: daddr:16783984
[  256.073522] AAAAA-TCP_FORW: name:enp0s3: saddr:16783984: daddr:100932208
[  256.097916] AAAAA-TCP_FORW: name:enp0s8: saddr:100932208: daddr:16783984
[  256.220980] AAAAA-TCP_FORW: name:enp0s8: saddr:100932208: daddr:16783984
[  256.222158] AAAAA-TCP_FORW: name:enp0s3: saddr:16783984: daddr:100932208
[  256.307632] AAAAA-TCP_FORW: name:enp0s8: saddr:100932208: daddr:16783984
[  256.485649] AAAAA-TCP_FORW: name:enp0s3: saddr:16783984: daddr:100932208
[  257.389536] AAAAA-TCP_FORW: name:enp0s8: saddr:100932208: daddr:16783984
[  257.391253] AAAAA-TCP_FORW: name:enp0s3: saddr:16783984: daddr:100932208
[  257.482840] AAAAA-TCP_FORW: name:enp0s8: saddr:100932208: daddr:16783984
[  257.484042] AAAAA-TCP_FORW: name:enp0s3: saddr:16783984: daddr:100932208
[  257.583053] AAAAA-TCP_FORW: name:enp0s8: saddr:100932208: daddr:16783984
[  257.584209] AAAAA-TCP_FORW: name:enp0s3: saddr:16783984: daddr:100932208
[  257.657292] AAAAA-TCP_FORW: name:enp0s8: saddr:100932208: daddr:16783984
[  257.658461] AAAAA-TCP_FORW: name:enp0s3: saddr:16783984: daddr:100932208
[  257.736943] AAAAA-TCP_FORW: name:enp0s8: saddr:100932208: daddr:16783984
[  257.738112] AAAAA-TCP_FORW: name:enp0s3: saddr:16783984: daddr:100932208
[  257.869038] AAAAA-TCP_FORW: name:enp0s8: saddr:100932208: daddr:16783984
[  257.870228] AAAAA-TCP_FORW: name:enp0s3: saddr:16783984: daddr:100932208
[  257.992025] AAAAA-TCP_FORW: name:enp0s8: saddr:100932208: daddr:16783984
[  257.993185] AAAAA-TCP_FORW: name:enp0s3: saddr:16783984: daddr:100932208
[  258.063170] AAAAA-TCP_FORW: name:enp0s8: saddr:100932208: daddr:16783984
[  258.064683] AAAAA-TCP_FORW: name:enp0s3: saddr:16783984: daddr:100932208
[  258.170486] AAAAA-TCP_FORW: name:enp0s8: saddr:100932208: daddr:16783984
[  258.171586] AAAAA-TCP_FORW: name:enp0s3: saddr:16783984: daddr:100932208
[  258.356196] AAAAA-TCP_FORW: name:enp0s8: saddr:100932208: daddr:16783984
[  258.357551] AAAAA-TCP_FORW: name:enp0s3: saddr:16783984: daddr:100932208
[  258.460708] AAAAA-TCP_FORW: name:enp0s8: saddr:100932208: daddr:16783984
[  258.471885] AAAAA-TCP_FORW: name:enp0s3: saddr:16783984: daddr:100932208
[  258.555174] AAAAA-TCP_FORW: name:enp0s8: saddr:100932208: daddr:16783984
[  258.557003] AAAAA-TCP_FORW: name:enp0s3: saddr:16783984: daddr:100932208
[  258.725218] AAAAA-TCP_FORW: name:enp0s8: saddr:100932208: daddr:16783984
[  258.726503] AAAAA-TCP_FORW: name:enp0s3: saddr:16783984: daddr:100932208
[  258.826050] AAAAA-TCP_FORW: name:enp0s8: saddr:100932208: daddr:16783984
[  258.827481] AAAAA-TCP_FORW: name:enp0s3: saddr:16783984: daddr:100932208
[  258.962068] AAAAA-TCP_FORW: name:enp0s8: saddr:100932208: daddr:16783984
[  258.963105] AAAAA-TCP_FORW: name:enp0s3: saddr:16783984: daddr:100932208
[  259.040384] AAAAA-TCP_FORW: name:enp0s8: saddr:100932208: daddr:16783984
[  259.041481] AAAAA-TCP_FORW: name:enp0s3: saddr:16783984: daddr:100932208
[  259.137935] AAAAA-TCP_FORW: name:enp0s8: saddr:100932208: daddr:16783984
[  259.181675] AAAAA-TCP_FORW: name:enp0s3: saddr:16783984: daddr:100932208
[  259.359120] AAAAA-TCP_FORW: name:enp0s8: saddr:100932208: daddr:16783984
[  259.441710] AAAAA-TCP_FORW: name:enp0s3: saddr:16783984: daddr:100932208
[  259.490168] AAAAA-TCP_FORW: name:enp0s8: saddr:100932208: daddr:16783984
[  259.575701] AAAAA-TCP_FORW: name:enp0s8: saddr:100932208: daddr:16783984
[  259.576814] AAAAA-TCP_FORW: name:enp0s3: saddr:16783984: daddr:100932208
[  259.846733] AAAAA-TCP_FORW: name:enp0s8: saddr:100932208: daddr:16783984
[  259.847804] AAAAA-TCP_FORW: name:enp0s3: saddr:16783984: daddr:100932208
[  259.926398] AAAAA-TCP_FORW: name:enp0s8: saddr:100932208: daddr:16783984
[  259.927470] AAAAA-TCP_FORW: name:enp0s3: saddr:16783984: daddr:100932208
[  260.187810] AAAAA-TCP_FORW: name:enp0s8: saddr:100932208: daddr:16783984
[  260.190031] AAAAA-TCP_FORW: name:enp0s3: saddr:16783984: daddr:100932208
[  260.323830] AAAAA-TCP_FORW: name:enp0s8: saddr:100932208: daddr:16783984
[  260.329068] AAAAA-TCP_FORW: name:enp0s3: saddr:16783984: daddr:100932208
[  260.555755] AAAAA-TCP_FORW: name:enp0s8: saddr:100932208: daddr:16783984
[  260.558172] AAAAA-TCP_FORW: name:enp0s3: saddr:16783984: daddr:100932208
[  260.663337] AAAAA-TCP_FORW: name:enp0s8: saddr:100932208: daddr:16783984
[  260.665746] AAAAA-TCP_FORW: name:enp0s3: saddr:16783984: daddr:100932208
[  260.891321] AAAAA-TCP_FORW: name:enp0s8: saddr:100932208: daddr:16783984
[  260.893597] AAAAA-TCP_FORW: name:enp0s3: saddr:16783984: daddr:100932208
[  261.071022] AAAAA-TCP_FORW: name:enp0s8: saddr:100932208: daddr:16783984
[  261.073340] AAAAA-TCP_FORW: name:enp0s3: saddr:16783984: daddr:100932208
[  261.152192] AAAAA-TCP_FORW: name:enp0s8: saddr:100932208: daddr:16783984
[  261.154589] AAAAA-TCP_FORW: name:enp0s3: saddr:16783984: daddr:100932208
[  261.337136] AAAAA-TCP_FORW: name:enp0s8: saddr:100932208: daddr:16783984
[  261.339465] AAAAA-TCP_FORW: name:enp0s3: saddr:16783984: daddr:100932208
[  261.375230] AAAAA-TCP_FORW: name:enp0s8: saddr:100932208: daddr:16783984
[  261.377551] AAAAA-TCP_FORW: name:enp0s3: saddr:16783984: daddr:100932208
[  261.498383] AAAAA-TCP_FORW: name:enp0s8: saddr:100932208: daddr:16783984
[  261.501351] AAAAA-TCP_FORW: name:enp0s3: saddr:16783984: daddr:100932208
[  261.584977] AAAAA-TCP_FORW: name:enp0s8: saddr:100932208: daddr:16783984
[  261.587474] AAAAA-TCP_FORW: name:enp0s3: saddr:16783984: daddr:100932208
[  261.898085] AAAAA-TCP_FORW: name:enp0s8: saddr:100932208: daddr:16783984
[  261.900483] AAAAA-TCP_FORW: name:enp0s3: saddr:16783984: daddr:100932208
[  261.941116] AAAAA-TCP_FORW: name:enp0s8: saddr:100932208: daddr:16783984
[  261.943580] AAAAA-TCP_FORW: name:enp0s3: saddr:16783984: daddr:100932208
[  261.963017] AAAAA-TCP_FORW: name:enp0s8: saddr:100932208: daddr:16783984
[  261.965232] AAAAA-TCP_FORW: name:enp0s3: saddr:16783984: daddr:100932208
[  261.993105] AAAAA-TCP_FORW: name:enp0s8: saddr:100932208: daddr:16783984
[  261.995281] AAAAA-TCP_FORW: name:enp0s3: saddr:16783984: daddr:100932208
[  262.041999] AAAAA-TCP_FORW: name:enp0s8: saddr:100932208: daddr:16783984
[  262.044353] AAAAA-TCP_FORW: name:enp0s3: saddr:16783984: daddr:100932208
[  262.153573] AAAAA-TCP_FORW: name:enp0s8: saddr:100932208: daddr:16783984
[  262.155937] AAAAA-TCP_FORW: name:enp0s3: saddr:16783984: daddr:100932208
[  262.286414] AAAAA-TCP_FORW: name:enp0s8: saddr:100932208: daddr:16783984
[  262.288679] AAAAA-TCP_FORW: name:enp0s3: saddr:16783984: daddr:100932208
[  262.497050] AAAAA-TCP_FORW: name:enp0s8: saddr:100932208: daddr:16783984
[  262.499441] AAAAA-TCP_FORW: name:enp0s3: saddr:16783984: daddr:100932208
[  262.880837] AAAAA-TCP_FORW: name:enp0s8: saddr:100932208: daddr:16783984
[  262.881984] AAAAA-TCP_FORW: name:enp0s3: saddr:16783984: daddr:100932208
[  263.099655] AAAAA-TCP_FORW: name:enp0s8: saddr:100932208: daddr:33561200
[  263.100912] AAAAA-TCP_FORW: name:enp0s3: saddr:33561200: daddr:100932208
[  263.336436] AAAAA-TCP_FORW: name:enp0s8: saddr:100932208: daddr:16783984
[  263.337648] AAAAA-TCP_FORW: name:enp0s3: saddr:16783984: daddr:100932208
[  263.485507] AAAAA-TCP_FORW: name:enp0s8: saddr:100932208: daddr:16783984
[  263.486564] AAAAA-TCP_FORW: name:enp0s3: saddr:16783984: daddr:100932208
[  263.610734] AAAAA-TCP_FORW: name:enp0s8: saddr:100932208: daddr:16783984
[  263.611867] AAAAA-TCP_FORW: name:enp0s3: saddr:16783984: daddr:100932208
[  263.897268] AAAAA-TCP_FORW: name:enp0s8: saddr:100932208: daddr:33561200
[  263.898335] AAAAA-TCP_FORW: name:enp0s3: saddr:33561200: daddr:100932208
[  264.067441] AAAAA-TCP_FORW: name:enp0s8: saddr:100932208: daddr:33561200
[  264.068585] AAAAA-TCP_FORW: name:enp0s3: saddr:33561200: daddr:100932208
[  264.198565] AAAAA-TCP_FORW: name:enp0s8: saddr:100932208: daddr:33561200
[  264.199648] AAAAA-TCP_FORW: name:enp0s3: saddr:33561200: daddr:100932208
[  264.329932] AAAAA-TCP_FORW: name:enp0s8: saddr:100932208: daddr:33561200
[  264.331106] AAAAA-TCP_FORW: name:enp0s3: saddr:33561200: daddr:100932208
[  264.373956] AAAAA-TCP_FORW: name:enp0s8: saddr:100932208: daddr:33561200
[  264.375004] AAAAA-TCP_FORW: name:enp0s3: saddr:33561200: daddr:100932208
[  264.530587] AAAAA-TCP_FORW: name:enp0s8: saddr:100932208: daddr:33561200
[  264.531647] AAAAA-TCP_FORW: name:enp0s3: saddr:33561200: daddr:100932208
[  264.560838] AAAAA-TCP_FORW: name:enp0s8: saddr:100932208: daddr:33561200
[  264.561963] AAAAA-TCP_FORW: name:enp0s3: saddr:33561200: daddr:100932208
[  264.778826] AAAAA-TCP_FORW: name:enp0s8: saddr:100932208: daddr:33561200
[  264.779903] AAAAA-TCP_FORW: name:enp0s3: saddr:33561200: daddr:100932208
[  264.911418] AAAAA-TCP_FORW: name:enp0s8: saddr:100932208: daddr:33561200
[  264.912611] AAAAA-TCP_FORW: name:enp0s3: saddr:33561200: daddr:100932208
[  264.982703] AAAAA-TCP_FORW: name:enp0s8: saddr:100932208: daddr:33561200
[  264.983796] AAAAA-TCP_FORW: name:enp0s3: saddr:33561200: daddr:100932208
[  265.057524] AAAAA-TCP_FORW: name:enp0s8: saddr:100932208: daddr:33561200
[  265.058590] AAAAA-TCP_FORW: name:enp0s3: saddr:33561200: daddr:100932208
[  265.079342] AAAAA-TCP_FORW: name:enp0s8: saddr:100932208: daddr:33561200
[  265.080412] AAAAA-TCP_FORW: name:enp0s3: saddr:33561200: daddr:100932208
[  265.221231] AAAAA-TCP_FORW: name:enp0s8: saddr:100932208: daddr:33561200
[  265.222238] AAAAA-TCP_FORW: name:enp0s3: saddr:33561200: daddr:100932208
[  265.303999] AAAAA-TCP_FORW: name:enp0s8: saddr:100932208: daddr:33561200
[  265.305132] AAAAA-TCP_FORW: name:enp0s3: saddr:33561200: daddr:100932208
[  265.436409] AAAAA-TCP_FORW: name:enp0s8: saddr:100932208: daddr:33561200
[  265.437491] AAAAA-TCP_FORW: name:enp0s3: saddr:33561200: daddr:100932208
[  265.563145] AAAAA-TCP_FORW: name:enp0s8: saddr:100932208: daddr:33561200
[  265.564293] AAAAA-TCP_FORW: name:enp0s3: saddr:33561200: daddr:100932208
[  265.593260] AAAAA-TCP_FORW: name:enp0s8: saddr:100932208: daddr:33561200
[  265.594350] AAAAA-TCP_FORW: name:enp0s3: saddr:33561200: daddr:100932208
[  265.692007] AAAAA-TCP_FORW: name:enp0s8: saddr:100932208: daddr:33561200
[  265.693159] AAAAA-TCP_FORW: name:enp0s3: saddr:33561200: daddr:100932208
[  265.746343] AAAAA-TCP_FORW: name:enp0s8: saddr:100932208: daddr:33561200
[  265.747409] AAAAA-TCP_FORW: name:enp0s3: saddr:33561200: daddr:100932208
[  265.816617] AAAAA-TCP_FORW: name:enp0s8: saddr:100932208: daddr:33561200
[  265.817701] AAAAA-TCP_FORW: name:enp0s3: saddr:33561200: daddr:100932208
[  284.270477] AAAAA-TCP_FORW: name:enp0s8: saddr:100932208: daddr:33561200
[  284.271469] AAAAA-TCP_FORW: name:enp0s3: saddr:33561200: daddr:100932208
[  284.406136] AAAAA-TCP_FORW: name:enp0s8: saddr:100932208: daddr:33561200
[  284.407000] AAAAA-TCP_FORW: name:enp0s3: saddr:33561200: daddr:100932208
[  284.543453] AAAAA-TCP_FORW: name:enp0s8: saddr:100932208: daddr:16783984
[  284.544297] AAAAA-TCP_FORW: name:enp0s3: saddr:16783984: daddr:100932208
[  284.697715] AAAAA-TCP_FORW: name:enp0s8: saddr:100932208: daddr:16783984
[  284.698602] AAAAA-TCP_FORW: name:enp0s3: saddr:16783984: daddr:100932208
[  284.721357] AAAAA-TCP_FORW: name:enp0s8: saddr:100932208: daddr:16783984
[  284.722199] AAAAA-TCP_FORW: name:enp0s3: saddr:16783984: daddr:100932208
[  284.873563] AAAAA-TCP_FORW: name:enp0s8: saddr:100932208: daddr:16783984
[  284.874389] AAAAA-TCP_FORW: name:enp0s3: saddr:16783984: daddr:100932208
[  284.980797] AAAAA-TCP_FORW: name:enp0s8: saddr:100932208: daddr:16783984
[  284.981676] AAAAA-TCP_FORW: name:enp0s3: saddr:16783984: daddr:100932208
[  285.088180] AAAAA-TCP_FORW: name:enp0s8: saddr:100932208: daddr:16783984
[  285.089058] AAAAA-TCP_FORW: name:enp0s3: saddr:16783984: daddr:100932208
[  285.210519] AAAAA-TCP_FORW: name:enp0s8: saddr:100932208: daddr:16783984
[  285.211362] AAAAA-TCP_FORW: name:enp0s3: saddr:16783984: daddr:100932208
[  285.796526] AAAAA-TCP_FORW: name:enp0s8: saddr:100932208: daddr:16783984
[  285.797364] AAAAA-TCP_FORW: name:enp0s3: saddr:16783984: daddr:100932208
[  285.918873] AAAAA-TCP_FORW: name:enp0s8: saddr:100932208: daddr:16783984
[  285.919674] AAAAA-TCP_FORW: name:enp0s3: saddr:16783984: daddr:100932208
[  286.129960] AAAAA-TCP_FORW: name:enp0s8: saddr:100932208: daddr:16783984
[  286.130944] AAAAA-TCP_FORW: name:enp0s3: saddr:16783984: daddr:100932208
[  286.376217] AAAAA-TCP_FORW: name:enp0s8: saddr:100932208: daddr:16783984
[  286.377476] AAAAA-TCP_FORW: name:enp0s3: saddr:16783984: daddr:100932208
[  286.466285] AAAAA-TCP_FORW: name:enp0s8: saddr:100932208: daddr:16783984
[  286.467113] AAAAA-TCP_FORW: name:enp0s3: saddr:16783984: daddr:100932208
[  286.585283] AAAAA-TCP_FORW: name:enp0s8: saddr:100932208: daddr:16783984
[  286.586148] AAAAA-TCP_FORW: name:enp0s3: saddr:16783984: daddr:100932208
[  286.705492] AAAAA-TCP_FORW: name:enp0s8: saddr:100932208: daddr:16783984
[  286.706380] AAAAA-TCP_FORW: name:enp0s3: saddr:16783984: daddr:100932208
[  286.782267] AAAAA-TCP_FORW: name:enp0s8: saddr:100932208: daddr:16783984
[  286.783206] AAAAA-TCP_FORW: name:enp0s3: saddr:16783984: daddr:100932208
[  287.038805] AAAAA-TCP_FORW: name:enp0s8: saddr:100932208: daddr:16783984
[  287.039979] AAAAA-TCP_FORW: name:enp0s3: saddr:16783984: daddr:100932208
[  287.163887] AAAAA-TCP_FORW: name:enp0s8: saddr:100932208: daddr:16783984
[  287.164824] AAAAA-TCP_FORW: name:enp0s3: saddr:16783984: daddr:100932208
[  287.287534] AAAAA-TCP_FORW: name:enp0s8: saddr:100932208: daddr:16783984
[  287.288993] AAAAA-TCP_FORW: name:enp0s3: saddr:16783984: daddr:100932208
[  287.619914] AAAAA-TCP_FORW: name:enp0s8: saddr:100932208: daddr:16783984
[  287.620923] AAAAA-TCP_FORW: name:enp0s3: saddr:16783984: daddr:100932208
[  287.798026] AAAAA-TCP_FORW: name:enp0s8: saddr:100932208: daddr:16783984
[  287.798951] AAAAA-TCP_FORW: name:enp0s3: saddr:16783984: daddr:100932208
[  288.147075] AAAAA-TCP_FORW: name:enp0s8: saddr:100932208: daddr:33561200
[  288.148032] AAAAA-TCP_FORW: name:enp0s3: saddr:33561200: daddr:100932208
[  288.399946] AAAAA-TCP_FORW: name:enp0s8: saddr:100932208: daddr:33561200
[  288.400906] AAAAA-TCP_FORW: name:enp0s3: saddr:33561200: daddr:100932208
[  288.997408] AAAAA-TCP_FORW: name:enp0s8: saddr:100932208: daddr:16783984
[  288.998416] AAAAA-TCP_FORW: name:enp0s3: saddr:16783984: daddr:100932208
[  289.244712] AAAAA-TCP_FORW: name:enp0s8: saddr:100932208: daddr:33561200
[  289.245855] AAAAA-TCP_FORW: name:enp0s3: saddr:33561200: daddr:100932208
[  289.462444] AAAAA-TCP_FORW: name:enp0s8: saddr:100932208: daddr:16783984
[  289.463439] AAAAA-TCP_FORW: name:enp0s3: saddr:16783984: daddr:100932208
[  289.491145] AAAAA-TCP_FORW: name:enp0s8: saddr:100932208: daddr:16783984
[  289.491939] AAAAA-TCP_FORW: name:enp0s3: saddr:16783984: daddr:100932208
[  289.631038] AAAAA-TCP_FORW: name:enp0s8: saddr:100932208: daddr:33561200
[  289.632066] AAAAA-TCP_FORW: name:enp0s3: saddr:33561200: daddr:100932208
[  289.762482] AAAAA-TCP_FORW: name:enp0s8: saddr:100932208: daddr:33561200
[  290.048270] AAAAA-TCP_FORW: name:enp0s8: saddr:100932208: daddr:16783984
[  290.208214] AAAAA-TCP_FORW: name:enp0s8: saddr:100932208: daddr:33561200
[  290.400692] AAAAA-TCP_FORW: name:enp0s8: saddr:100932208: daddr:33561200
[  290.497968] AAAAA-TCP_FORW: name:enp0s8: saddr:100932208: daddr:33561200
[  290.653547] AAAAA-TCP_FORW: name:enp0s8: saddr:100932208: daddr:16783984
[  290.919858] AAAAA-TCP_FORW: name:enp0s8: saddr:100932208: daddr:33561200
[  291.299076] AAAAA-TCP_FORW: name:enp0s8: saddr:100932208: daddr:33561200
[  291.439050] AAAAA-TCP_FORW: name:enp0s8: saddr:100932208: daddr:33561200
[  291.574654] AAAAA-TCP_FORW: name:enp0s8: saddr:100932208: daddr:16783984
[  291.650292] AAAAA-TCP_FORW: name:enp0s8: saddr:100932208: daddr:33561200
[  291.759104] AAAAA-TCP_FORW: name:enp0s8: saddr:100932208: daddr:33561200
[  291.877882] AAAAA-TCP_FORW: name:enp0s8: saddr:100932208: daddr:33561200
[  292.113418] AAAAA-TCP_FORW: name:enp0s8: saddr:100932208: daddr:16783984
[  292.642984] AAAAA-TCP_FORW: name:enp0s8: saddr:100932208: daddr:33561200
[  293.099035] AAAAA-TCP_FORW: name:enp0s8: saddr:100932208: daddr:16783984
[  293.102971] AAAAA-TCP_FORW: name:enp0s8: saddr:100932208: daddr:16783984
[  293.215580] AAAAA-TCP_FORW: name:enp0s8: saddr:100932208: daddr:16783984
[  293.327597] AAAAA-TCP_FORW: name:enp0s8: saddr:100932208: daddr:16783984
[  293.419974] AAAAA-TCP_FORW: name:enp0s8: saddr:100932208: daddr:16783984
[  293.803438] AAAAA-TCP_FORW: name:enp0s8: saddr:100932208: daddr:16783984
[  294.277512] AAAAA-TCP_FORW: name:enp0s8: saddr:100932208: daddr:16783984
[  296.154736] AAAAA-TCP_FORW: name:enp0s8: saddr:100932208: daddr:16783984
[  296.724345] AAAAA-TCP_FORW: name:enp0s8: saddr:100932208: daddr:33561200
[  296.999013] AAAAA-TCP_FORW: name:enp0s8: saddr:100932208: daddr:33561200
[  297.336885] AAAAA-TCP_FORW: name:enp0s8: saddr:100932208: daddr:33561200
[  297.963533] AAAAA-TCP_FORW: name:enp0s8: saddr:100932208: daddr:16783984
[  298.108265] AAAAA-TCP_FORW: name:enp0s8: saddr:100932208: daddr:16783984
[  298.413462] AAAAA-TCP_FORW: name:enp0s8: saddr:100932208: daddr:33561200
[  298.568014] AAAAA-TCP_FORW: name:enp0s8: saddr:100932208: daddr:33561200
[  299.104132] AAAAA-TCP_FORW: name:enp0s8: saddr:100932208: daddr:33561200
[  299.242977] AAAAA-TCP_FORW: name:enp0s8: saddr:100932208: daddr:16783984
[  299.379172] AAAAA-TCP_FORW: name:enp0s8: saddr:100932208: daddr:16783984
[  299.538849] AAAAA-TCP_FORW: name:enp0s8: saddr:100932208: daddr:16783984
[  299.655685] AAAAA-TCP_FORW: name:enp0s8: saddr:100932208: daddr:33561200
[  299.777215] AAAAA-TCP_FORW: name:enp0s8: saddr:100932208: daddr:16783984
[  299.920927] AAAAA-TCP_FORW: name:enp0s8: saddr:100932208: daddr:33561200
[  300.158908] AAAAA-TCP_FORW: name:enp0s3: saddr:16783984: daddr:100932208
[  300.352025] AAAAA-TCP_FORW: name:enp0s8: saddr:100932208: daddr:16783984
[  300.353383] AAAAA-TCP_FORW: name:enp0s3: saddr:16783984: daddr:100932208
[  300.702960] AAAAA-TCP_FORW: name:enp0s8: saddr:100932208: daddr:16783984
[  300.818276] AAAAA-TCP_FORW: name:enp0s8: saddr:100932208: daddr:16783984
[  300.819411] AAAAA-TCP_FORW: name:enp0s3: saddr:16783984: daddr:100932208
[  301.119412] AAAAA-TCP_FORW: name:enp0s8: saddr:100932208: daddr:33561200
[  301.120416] AAAAA-TCP_FORW: name:enp0s3: saddr:33561200: daddr:100932208
[  301.263352] AAAAA-TCP_FORW: name:enp0s8: saddr:100932208: daddr:16783984
[  301.264473] AAAAA-TCP_FORW: name:enp0s3: saddr:16783984: daddr:100932208
[  301.594368] AAAAA-TCP_FORW: name:enp0s8: saddr:100932208: daddr:33561200
[  301.595313] AAAAA-TCP_FORW: name:enp0s3: saddr:33561200: daddr:100932208
[  301.996315] AAAAA-TCP_FORW: name:enp0s8: saddr:100932208: daddr:33561200
[  301.997147] AAAAA-TCP_FORW: name:enp0s3: saddr:33561200: daddr:100932208
[  302.498354] AAAAA-TCP_FORW: name:enp0s8: saddr:100932208: daddr:33561200
[  302.499550] AAAAA-TCP_FORW: name:enp0s3: saddr:33561200: daddr:100932208
[  302.614551] AAAAA-TCP_FORW: name:enp0s8: saddr:100932208: daddr:33561200
[  302.615620] AAAAA-TCP_FORW: name:enp0s3: saddr:33561200: daddr:100932208
[  302.889540] AAAAA-TCP_FORW: name:enp0s8: saddr:100932208: daddr:33561200
[  302.890612] AAAAA-TCP_FORW: name:enp0s3: saddr:33561200: daddr:100932208
[  303.218399] AAAAA-TCP_FORW: name:enp0s8: saddr:100932208: daddr:16783984
[  303.219333] AAAAA-TCP_FORW: name:enp0s3: saddr:16783984: daddr:100932208
[  303.643106] AAAAA-TCP_FORW: name:enp0s8: saddr:100932208: daddr:16783984
[  303.643990] AAAAA-TCP_FORW: name:enp0s3: saddr:16783984: daddr:100932208
[  304.361112] AAAAA-TCP_FORW: name:enp0s8: saddr:100932208: daddr:16783984
[  304.362066] AAAAA-TCP_FORW: name:enp0s3: saddr:16783984: daddr:100932208
[  304.748174] AAAAA-TCP_FORW: name:enp0s8: saddr:100932208: daddr:16783984
[  304.749063] AAAAA-TCP_FORW: name:enp0s3: saddr:16783984: daddr:100932208
[  305.219582] AAAAA-TCP_FORW: name:enp0s8: saddr:100932208: daddr:16783984
[  305.220508] AAAAA-TCP_FORW: name:enp0s3: saddr:16783984: daddr:100932208
[  305.972684] AAAAA-TCP_FORW: name:enp0s8: saddr:100932208: daddr:16783984
[  305.973774] AAAAA-TCP_FORW: name:enp0s3: saddr:16783984: daddr:100932208
[  306.234728] AAAAA-TCP_FORW: name:enp0s8: saddr:100932208: daddr:16783984
[  306.235571] AAAAA-TCP_FORW: name:enp0s3: saddr:16783984: daddr:100932208
[  306.820949] AAAAA-TCP_FORW: name:enp0s8: saddr:100932208: daddr:16783984
[  306.821919] AAAAA-TCP_FORW: name:enp0s3: saddr:16783984: daddr:100932208
[  306.869334] AAAAA-TCP_FORW: name:enp0s8: saddr:100932208: daddr:16783984
[  306.870191] AAAAA-TCP_FORW: name:enp0s3: saddr:16783984: daddr:100932208
[  307.591401] AAAAA-TCP_FORW: name:enp0s8: saddr:100932208: daddr:16783984
[  307.592236] AAAAA-TCP_FORW: name:enp0s3: saddr:16783984: daddr:100932208
[  307.766185] AAAAA-TCP_FORW: name:enp0s8: saddr:100932208: daddr:16783984
[  307.767327] AAAAA-TCP_FORW: name:enp0s3: saddr:16783984: daddr:100932208
[  308.172608] AAAAA-TCP_FORW: name:enp0s8: saddr:100932208: daddr:16783984
[  308.173739] AAAAA-TCP_FORW: name:enp0s3: saddr:16783984: daddr:100932208
[  308.242575] AAAAA-TCP_FORW: name:enp0s8: saddr:100932208: daddr:33561200
[  308.243757] AAAAA-TCP_FORW: name:enp0s3: saddr:33561200: daddr:100932208
[  308.323736] AAAAA-TCP_FORW: name:enp0s8: saddr:100932208: daddr:16783984
[  308.324633] AAAAA-TCP_FORW: name:enp0s3: saddr:16783984: daddr:100932208
[  308.408641] AAAAA-TCP_FORW: name:enp0s8: saddr:100932208: daddr:16783984
[  308.409616] AAAAA-TCP_FORW: name:enp0s3: saddr:16783984: daddr:100932208
[  308.456432] AAAAA-TCP_FORW: name:enp0s8: saddr:100932208: daddr:16783984
[  308.457522] AAAAA-TCP_FORW: name:enp0s3: saddr:16783984: daddr:100932208
[  308.552652] AAAAA-TCP_FORW: name:enp0s8: saddr:100932208: daddr:16783984
[  308.553515] AAAAA-TCP_FORW: name:enp0s3: saddr:16783984: daddr:100932208
[  308.655879] AAAAA-TCP_FORW: name:enp0s8: saddr:100932208: daddr:16783984
[  308.656883] AAAAA-TCP_FORW: name:enp0s3: saddr:16783984: daddr:100932208
[  308.750674] AAAAA-TCP_FORW: name:enp0s8: saddr:100932208: daddr:16783984
[  308.751676] AAAAA-TCP_FORW: name:enp0s3: saddr:16783984: daddr:100932208
[  308.869477] AAAAA-TCP_FORW: name:enp0s8: saddr:100932208: daddr:33561200
[  308.870512] AAAAA-TCP_FORW: name:enp0s3: saddr:33561200: daddr:100932208
[  308.994680] AAAAA-TCP_FORW: name:enp0s8: saddr:100932208: daddr:33561200
[  308.995813] AAAAA-TCP_FORW: name:enp0s3: saddr:33561200: daddr:100932208
[  309.066576] AAAAA-TCP_FORW: name:enp0s8: saddr:100932208: daddr:16783984
[  309.146447] AAAAA-TCP_FORW: name:enp0s8: saddr:100932208: daddr:16783984
[  309.147282] AAAAA-TCP_FORW: name:enp0s3: saddr:16783984: daddr:100932208
[  309.229304] AAAAA-TCP_FORW: name:enp0s8: saddr:100932208: daddr:33561200
[  309.438822] AAAAA-TCP_FORW: name:enp0s8: saddr:100932208: daddr:33561200
[  309.439675] AAAAA-TCP_FORW: name:enp0s3: saddr:33561200: daddr:100932208
[  309.517144] AAAAA-TCP_FORW: name:enp0s8: saddr:100932208: daddr:33561200
[  309.518001] AAAAA-TCP_FORW: name:enp0s3: saddr:33561200: daddr:100932208
[  309.634454] AAAAA-TCP_FORW: name:enp0s8: saddr:100932208: daddr:33561200
[  309.635474] AAAAA-TCP_FORW: name:enp0s3: saddr:33561200: daddr:100932208
[  309.692804] AAAAA-TCP_FORW: name:enp0s8: saddr:100932208: daddr:33561200
[  309.693716] AAAAA-TCP_FORW: name:enp0s3: saddr:33561200: daddr:100932208
[  309.876892] AAAAA-TCP_FORW: name:enp0s8: saddr:100932208: daddr:33561200
[  309.877770] AAAAA-TCP_FORW: name:enp0s3: saddr:33561200: daddr:100932208
[  310.026278] AAAAA-TCP_FORW: name:enp0s8: saddr:100932208: daddr:33561200
[  310.027294] AAAAA-TCP_FORW: name:enp0s3: saddr:33561200: daddr:100932208
[  310.159669] AAAAA-TCP_FORW: name:enp0s8: saddr:100932208: daddr:33561200
[  310.160575] AAAAA-TCP_FORW: name:enp0s3: saddr:33561200: daddr:100932208
[  310.229589] AAAAA-TCP_FORW: name:enp0s8: saddr:100932208: daddr:33561200
[  310.230476] AAAAA-TCP_FORW: name:enp0s3: saddr:33561200: daddr:100932208
[  310.396746] AAAAA-TCP_FORW: name:enp0s8: saddr:100932208: daddr:16783984
[  310.746522] AAAAA-TCP_FORW: name:enp0s8: saddr:100932208: daddr:16783984
[  310.747710] AAAAA-TCP_FORW: name:enp0s3: saddr:16783984: daddr:100932208
[  311.385016] AAAAA-TCP_FORW: name:enp0s8: saddr:100932208: daddr:16783984
[  311.385912] AAAAA-TCP_FORW: name:enp0s3: saddr:16783984: daddr:100932208
[  311.517594] AAAAA-TCP_FORW: name:enp0s8: saddr:100932208: daddr:33561200
[  311.518543] AAAAA-TCP_FORW: name:enp0s3: saddr:33561200: daddr:100932208
[  311.796570] AAAAA-TCP_FORW: name:enp0s8: saddr:100932208: daddr:33561200
[  311.797236] AAAAA-TCP_FORW: name:enp0s3: saddr:33561200: daddr:100932208
[  311.971497] AAAAA-TCP_FORW: name:enp0s8: saddr:100932208: daddr:33561200
[  311.973657] AAAAA-TCP_FORW: name:enp0s3: saddr:33561200: daddr:100932208
[  312.364598] AAAAA-TCP_FORW: name:enp0s8: saddr:100932208: daddr:16783984
[  312.545100] AAAAA-TCP_FORW: name:enp0s8: saddr:100932208: daddr:33561200
[  312.547183] AAAAA-TCP_FORW: name:enp0s3: saddr:33561200: daddr:100932208
[  312.800495] AAAAA-TCP_FORW: name:enp0s8: saddr:100932208: daddr:33561200
[  312.802608] AAAAA-TCP_FORW: name:enp0s3: saddr:33561200: daddr:100932208
[  312.924037] AAAAA-TCP_FORW: name:enp0s8: saddr:100932208: daddr:33561200
[  312.926121] AAAAA-TCP_FORW: name:enp0s3: saddr:33561200: daddr:100932208
[  313.018349] AAAAA-TCP_FORW: name:enp0s8: saddr:100932208: daddr:33561200
[  313.020594] AAAAA-TCP_FORW: name:enp0s3: saddr:33561200: daddr:100932208
[  313.133493] AAAAA-TCP_FORW: name:enp0s8: saddr:100932208: daddr:33561200
[  313.135341] AAAAA-TCP_FORW: name:enp0s3: saddr:33561200: daddr:100932208
[  313.252222] AAAAA-TCP_FORW: name:enp0s8: saddr:100932208: daddr:33561200
[  313.350480] AAAAA-TCP_FORW: name:enp0s8: saddr:100932208: daddr:33561200
[  313.352591] AAAAA-TCP_FORW: name:enp0s3: saddr:33561200: daddr:100932208
[  313.490100] AAAAA-TCP_FORW: name:enp0s8: saddr:100932208: daddr:16783984
[  313.491059] AAAAA-TCP_FORW: name:enp0s3: saddr:16783984: daddr:100932208
[  313.705889] AAAAA-TCP_FORW: name:enp0s8: saddr:100932208: daddr:16783984
[  313.706796] AAAAA-TCP_FORW: name:enp0s3: saddr:16783984: daddr:100932208
[  313.824231] AAAAA-TCP_FORW: name:enp0s8: saddr:100932208: daddr:33561200
[  313.906317] AAAAA-TCP_FORW: name:enp0s8: saddr:100932208: daddr:16783984
[  313.972355] AAAAA-TCP_FORW: name:enp0s8: saddr:100932208: daddr:16783984
[  313.973258] AAAAA-TCP_FORW: name:enp0s3: saddr:16783984: daddr:100932208
[  314.514434] AAAAA-TCP_FORW: name:enp0s8: saddr:100932208: daddr:16783984
[  314.515376] AAAAA-TCP_FORW: name:enp0s3: saddr:16783984: daddr:100932208
[  314.644452] AAAAA-TCP_FORW: name:enp0s8: saddr:100932208: daddr:16783984
[  314.645415] AAAAA-TCP_FORW: name:enp0s3: saddr:16783984: daddr:100932208
[  314.786916] AAAAA-TCP_FORW: name:enp0s8: saddr:100932208: daddr:33561200
[  314.844390] AAAAA-TCP_FORW: name:enp0s8: saddr:100932208: daddr:16783984
[  314.845266] AAAAA-TCP_FORW: name:enp0s3: saddr:16783984: daddr:100932208
[  314.922269] AAAAA-TCP_FORW: name:enp0s8: saddr:100932208: daddr:16783984
[  314.923159] AAAAA-TCP_FORW: name:enp0s3: saddr:16783984: daddr:100932208
[  315.674346] AAAAA-TCP_FORW: name:enp0s8: saddr:100932208: daddr:16783984
[  315.675761] AAAAA-TCP_FORW: name:enp0s3: saddr:16783984: daddr:100932208
[  315.935180] AAAAA-TCP_FORW: name:enp0s8: saddr:100932208: daddr:16783984
[  315.936419] AAAAA-TCP_FORW: name:enp0s3: saddr:16783984: daddr:100932208
[  316.223080] AAAAA-TCP_FORW: name:enp0s8: saddr:100932208: daddr:16783984
[  316.224026] AAAAA-TCP_FORW: name:enp0s3: saddr:16783984: daddr:100932208
[  316.414083] AAAAA-TCP_FORW: name:enp0s8: saddr:100932208: daddr:16783984
[  316.415035] AAAAA-TCP_FORW: name:enp0s3: saddr:16783984: daddr:100932208
[  316.520663] AAAAA-TCP_FORW: name:enp0s8: saddr:100932208: daddr:16783984
[  316.521439] AAAAA-TCP_FORW: name:enp0s3: saddr:16783984: daddr:100932208
[  316.636848] AAAAA-TCP_FORW: name:enp0s8: saddr:100932208: daddr:33561200
[  316.638068] AAAAA-TCP_FORW: name:enp0s3: saddr:33561200: daddr:100932208
[  318.359007] AAAAA-TCP_FORW: name:enp0s8: saddr:100932208: daddr:33561200
[  318.360022] AAAAA-TCP_FORW: name:enp0s3: saddr:33561200: daddr:100932208
[  318.476839] AAAAA-TCP_FORW: name:enp0s8: saddr:100932208: daddr:33561200
[  318.477864] AAAAA-TCP_FORW: name:enp0s3: saddr:33561200: daddr:100932208
[  318.650225] AAAAA-TCP_FORW: name:enp0s8: saddr:100932208: daddr:33561200
[  318.651243] AAAAA-TCP_FORW: name:enp0s3: saddr:33561200: daddr:100932208
[  318.819268] AAAAA-TCP_FORW: name:enp0s8: saddr:100932208: daddr:33561200
[  318.820251] AAAAA-TCP_FORW: name:enp0s3: saddr:33561200: daddr:100932208
[  318.957044] AAAAA-TCP_FORW: name:enp0s8: saddr:100932208: daddr:33561200
[  318.958083] AAAAA-TCP_FORW: name:enp0s3: saddr:33561200: daddr:100932208
[  319.122459] AAAAA-TCP_FORW: name:enp0s8: saddr:100932208: daddr:33561200
[  319.123576] AAAAA-TCP_FORW: name:enp0s3: saddr:33561200: daddr:100932208
[  319.281517] AAAAA-TCP_FORW: name:enp0s8: saddr:100932208: daddr:33561200
[  319.282599] AAAAA-TCP_FORW: name:enp0s3: saddr:33561200: daddr:100932208
[  319.393374] AAAAA-TCP_FORW: name:enp0s8: saddr:100932208: daddr:33561200
[  319.394251] AAAAA-TCP_FORW: name:enp0s3: saddr:33561200: daddr:100932208
[  319.477848] AAAAA-TCP_FORW: name:enp0s8: saddr:100932208: daddr:33561200
[  319.478856] AAAAA-TCP_FORW: name:enp0s3: saddr:33561200: daddr:100932208
[  319.681125] AAAAA-TCP_FORW: name:enp0s8: saddr:100932208: daddr:33561200
[  319.682320] AAAAA-TCP_FORW: name:enp0s3: saddr:33561200: daddr:100932208
[  319.785417] AAAAA-TCP_FORW: name:enp0s8: saddr:100932208: daddr:33561200
[  319.786319] AAAAA-TCP_FORW: name:enp0s3: saddr:33561200: daddr:100932208
[  319.891279] AAAAA-TCP_FORW: name:enp0s8: saddr:100932208: daddr:16783984
[  319.892170] AAAAA-TCP_FORW: name:enp0s3: saddr:16783984: daddr:100932208
[  320.038875] AAAAA-TCP_FORW: name:enp0s8: saddr:100932208: daddr:16783984
[  320.040081] AAAAA-TCP_FORW: name:enp0s3: saddr:16783984: daddr:100932208
[  320.226765] AAAAA-TCP_FORW: name:enp0s8: saddr:100932208: daddr:16783984
[  320.227951] AAAAA-TCP_FORW: name:enp0s3: saddr:16783984: daddr:100932208
[  320.378587] AAAAA-TCP_FORW: name:enp0s8: saddr:100932208: daddr:16783984
[  320.379675] AAAAA-TCP_FORW: name:enp0s3: saddr:16783984: daddr:100932208
[  320.837149] AAAAA-TCP_FORW: name:enp0s8: saddr:100932208: daddr:16783984
[  320.838134] AAAAA-TCP_FORW: name:enp0s3: saddr:16783984: daddr:100932208
[  321.037366] AAAAA-TCP_FORW: name:enp0s8: saddr:100932208: daddr:16783984
[  321.038325] AAAAA-TCP_FORW: name:enp0s3: saddr:16783984: daddr:100932208
[  321.267835] AAAAA-TCP_FORW: name:enp0s8: saddr:100932208: daddr:16783984
[  321.268788] AAAAA-TCP_FORW: name:enp0s3: saddr:16783984: daddr:100932208
[  321.553731] AAAAA-TCP_FORW: name:enp0s8: saddr:100932208: daddr:16783984
[  321.554770] AAAAA-TCP_FORW: name:enp0s3: saddr:16783984: daddr:100932208
[  321.784071] AAAAA-TCP_FORW: name:enp0s8: saddr:100932208: daddr:33561200
[  321.784894] AAAAA-TCP_FORW: name:enp0s3: saddr:33561200: daddr:100932208
[  321.852999] AAAAA-TCP_FORW: name:enp0s8: saddr:100932208: daddr:33561200
[  321.854001] AAAAA-TCP_FORW: name:enp0s3: saddr:33561200: daddr:100932208
[  322.419578] AAAAA-TCP_FORW: name:enp0s8: saddr:100932208: daddr:33561200
[  322.420468] AAAAA-TCP_FORW: name:enp0s3: saddr:33561200: daddr:100932208
[  322.580111] AAAAA-TCP_FORW: name:enp0s8: saddr:100932208: daddr:33561200
[  322.581287] AAAAA-TCP_FORW: name:enp0s3: saddr:33561200: daddr:100932208
[  322.669546] AAAAA-TCP_FORW: name:enp0s8: saddr:100932208: daddr:33561200
[  322.671148] AAAAA-TCP_FORW: name:enp0s3: saddr:33561200: daddr:100932208
[  322.817725] AAAAA-TCP_FORW: name:enp0s8: saddr:100932208: daddr:33561200
[  322.818682] AAAAA-TCP_FORW: name:enp0s3: saddr:33561200: daddr:100932208
[  322.954355] AAAAA-TCP_FORW: name:enp0s8: saddr:100932208: daddr:33561200
[  322.955425] AAAAA-TCP_FORW: name:enp0s3: saddr:33561200: daddr:100932208
[  323.066759] AAAAA-TCP_FORW: name:enp0s8: saddr:100932208: daddr:33561200
[  323.067704] AAAAA-TCP_FORW: name:enp0s3: saddr:33561200: daddr:100932208
[  323.212666] AAAAA-TCP_FORW: name:enp0s8: saddr:100932208: daddr:33561200
[  323.213899] AAAAA-TCP_FORW: name:enp0s3: saddr:33561200: daddr:100932208
[  323.354872] AAAAA-TCP_FORW: name:enp0s8: saddr:100932208: daddr:33561200
[  323.355701] AAAAA-TCP_FORW: name:enp0s3: saddr:33561200: daddr:100932208
[  323.440384] AAAAA-TCP_FORW: name:enp0s8: saddr:100932208: daddr:33561200
[  323.441240] AAAAA-TCP_FORW: name:enp0s3: saddr:33561200: daddr:100932208
[  323.614800] AAAAA-TCP_FORW: name:enp0s8: saddr:100932208: daddr:33561200
[  323.616432] AAAAA-TCP_FORW: name:enp0s3: saddr:33561200: daddr:100932208
[  323.756886] AAAAA-TCP_FORW: name:enp0s8: saddr:100932208: daddr:33561200
[  323.757873] AAAAA-TCP_FORW: name:enp0s3: saddr:33561200: daddr:100932208
[  323.858364] AAAAA-TCP_FORW: name:enp0s8: saddr:100932208: daddr:33561200
[  323.859221] AAAAA-TCP_FORW: name:enp0s3: saddr:33561200: daddr:100932208
[  324.186708] AAAAA-TCP_FORW: name:enp0s8: saddr:100932208: daddr:33561200
[  324.187636] AAAAA-TCP_FORW: name:enp0s3: saddr:33561200: daddr:100932208
[  324.310460] AAAAA-TCP_FORW: name:enp0s8: saddr:100932208: daddr:16783984
[  324.311649] AAAAA-TCP_FORW: name:enp0s3: saddr:16783984: daddr:100932208
[  324.394800] AAAAA-TCP_FORW: name:enp0s8: saddr:100932208: daddr:33561200
[  324.395713] AAAAA-TCP_FORW: name:enp0s3: saddr:33561200: daddr:100932208
[  324.513058] AAAAA-TCP_FORW: name:enp0s8: saddr:100932208: daddr:16783984
[  324.513912] AAAAA-TCP_FORW: name:enp0s3: saddr:16783984: daddr:100932208
[  324.585817] AAAAA-TCP_FORW: name:enp0s8: saddr:100932208: daddr:16783984
[  324.586876] AAAAA-TCP_FORW: name:enp0s3: saddr:16783984: daddr:100932208
[  324.710572] AAAAA-TCP_FORW: name:enp0s8: saddr:100932208: daddr:16783984
[  324.711751] AAAAA-TCP_FORW: name:enp0s3: saddr:16783984: daddr:100932208
[  324.806146] AAAAA-TCP_FORW: name:enp0s8: saddr:100932208: daddr:16783984
[  324.807251] AAAAA-TCP_FORW: name:enp0s3: saddr:16783984: daddr:100932208
[  325.072331] AAAAA-TCP_FORW: name:enp0s8: saddr:100932208: daddr:16783984
[  325.073493] AAAAA-TCP_FORW: name:enp0s3: saddr:16783984: daddr:100932208
[  325.254330] AAAAA-TCP_FORW: name:enp0s8: saddr:100932208: daddr:16783984
[  325.255753] AAAAA-TCP_FORW: name:enp0s3: saddr:16783984: daddr:100932208
[  325.461950] AAAAA-TCP_FORW: name:enp0s8: saddr:100932208: daddr:16783984
[  325.462947] AAAAA-TCP_FORW: name:enp0s3: saddr:16783984: daddr:100932208
[  325.570230] AAAAA-TCP_FORW: name:enp0s8: saddr:100932208: daddr:16783984
[  325.571203] AAAAA-TCP_FORW: name:enp0s3: saddr:16783984: daddr:100932208
[  325.832056] AAAAA-TCP_FORW: name:enp0s8: saddr:100932208: daddr:33561200
[  325.833148] AAAAA-TCP_FORW: name:enp0s3: saddr:33561200: daddr:100932208
[  326.274362] AAAAA-TCP_FORW: name:enp0s8: saddr:100932208: daddr:33561200
[  326.275401] AAAAA-TCP_FORW: name:enp0s3: saddr:33561200: daddr:100932208
[  326.483849] AAAAA-TCP_FORW: name:enp0s8: saddr:100932208: daddr:33561200
[  326.484831] AAAAA-TCP_FORW: name:enp0s3: saddr:33561200: daddr:100932208
[  326.603140] AAAAA-TCP_FORW: name:enp0s8: saddr:100932208: daddr:33561200
[  326.604523] AAAAA-TCP_FORW: name:enp0s3: saddr:33561200: daddr:100932208
[  326.941758] AAAAA-TCP_FORW: name:enp0s8: saddr:100932208: daddr:33561200
[  326.942757] AAAAA-TCP_FORW: name:enp0s3: saddr:33561200: daddr:100932208
[  327.156360] AAAAA-TCP_FORW: name:enp0s8: saddr:100932208: daddr:33561200
[  327.157543] AAAAA-TCP_FORW: name:enp0s3: saddr:33561200: daddr:100932208
[  327.363966] AAAAA-TCP_FORW: name:enp0s8: saddr:100932208: daddr:33561200
[  327.364687] AAAAA-TCP_FORW: name:enp0s3: saddr:33561200: daddr:100932208
[  327.600560] AAAAA-TCP_FORW: name:enp0s8: saddr:100932208: daddr:33561200
[  327.629133] AAAAA-TCP_FORW: name:enp0s3: saddr:33561200: daddr:100932208
[  328.003091] AAAAA-TCP_FORW: name:enp0s8: saddr:100932208: daddr:33561200
[  328.003984] AAAAA-TCP_FORW: name:enp0s3: saddr:33561200: daddr:100932208
[  328.091871] AAAAA-TCP_FORW: name:enp0s8: saddr:100932208: daddr:33561200
[  328.092884] AAAAA-TCP_FORW: name:enp0s3: saddr:33561200: daddr:100932208
[  328.493031] AAAAA-TCP_FORW: name:enp0s8: saddr:100932208: daddr:33561200
[  328.494088] AAAAA-TCP_FORW: name:enp0s3: saddr:33561200: daddr:100932208
[  328.640807] AAAAA-TCP_FORW: name:enp0s8: saddr:100932208: daddr:33561200
[  328.641603] AAAAA-TCP_FORW: name:enp0s3: saddr:33561200: daddr:100932208
[  328.793243] AAAAA-TCP_FORW: name:enp0s8: saddr:100932208: daddr:33561200
[  328.794177] AAAAA-TCP_FORW: name:enp0s3: saddr:33561200: daddr:100932208
[  328.914062] AAAAA-TCP_FORW: name:enp0s8: saddr:100932208: daddr:33561200
[  328.915467] AAAAA-TCP_FORW: name:enp0s3: saddr:33561200: daddr:100932208
[  329.113434] AAAAA-TCP_FORW: name:enp0s8: saddr:100932208: daddr:33561200
[  329.114441] AAAAA-TCP_FORW: name:enp0s3: saddr:33561200: daddr:100932208
[  329.191686] AAAAA-TCP_FORW: name:enp0s8: saddr:100932208: daddr:33561200
[  329.192703] AAAAA-TCP_FORW: name:enp0s3: saddr:33561200: daddr:100932208
[  329.286589] AAAAA-TCP_FORW: name:enp0s8: saddr:100932208: daddr:33561200
[  329.329783] AAAAA-TCP_FORW: name:enp0s3: saddr:33561200: daddr:100932208
[  329.419012] AAAAA-TCP_FORW: name:enp0s8: saddr:100932208: daddr:33561200
[  329.501740] AAAAA-TCP_FORW: name:enp0s3: saddr:33561200: daddr:100932208
[  329.557427] AAAAA-TCP_FORW: name:enp0s8: saddr:100932208: daddr:33561200
[  329.761766] AAAAA-TCP_FORW: name:enp0s3: saddr:33561200: daddr:100932208
[  330.462442] AAAAA-TCP_FORW: name:enp0s8: saddr:100932208: daddr:33561200
[  330.463217] AAAAA-TCP_FORW: name:enp0s3: saddr:33561200: daddr:100932208
[  330.714935] AAAAA-TCP_FORW: name:enp0s8: saddr:100932208: daddr:16783984
[  330.716137] AAAAA-TCP_FORW: name:enp0s3: saddr:16783984: daddr:100932208
[  331.035747] AAAAA-TCP_FORW: name:enp0s8: saddr:100932208: daddr:33561200
[  331.036623] AAAAA-TCP_FORW: name:enp0s3: saddr:33561200: daddr:100932208
[  331.306972] AAAAA-TCP_FORW: name:enp0s8: saddr:100932208: daddr:33561200
[  331.307772] AAAAA-TCP_FORW: name:enp0s3: saddr:33561200: daddr:100932208
[  331.825245] AAAAA-TCP_FORW: name:enp0s8: saddr:100932208: daddr:16783984
[  331.826081] AAAAA-TCP_FORW: name:enp0s3: saddr:16783984: daddr:100932208
[  332.273874] AAAAA-TCP_FORW: name:enp0s8: saddr:100932208: daddr:16783984
[  332.275069] AAAAA-TCP_FORW: name:enp0s3: saddr:16783984: daddr:100932208
[  332.366007] AAAAA-TCP_FORW: name:enp0s8: saddr:100932208: daddr:16783984
[  332.366848] AAAAA-TCP_FORW: name:enp0s3: saddr:16783984: daddr:100932208
[  332.595047] AAAAA-TCP_FORW: name:enp0s8: saddr:100932208: daddr:16783984
[  332.596082] AAAAA-TCP_FORW: name:enp0s3: saddr:16783984: daddr:100932208
[  332.774747] AAAAA-TCP_FORW: name:enp0s8: saddr:100932208: daddr:16783984
[  332.775667] AAAAA-TCP_FORW: name:enp0s3: saddr:16783984: daddr:100932208
[  333.102079] AAAAA-TCP_FORW: name:enp0s8: saddr:100932208: daddr:16783984
[  333.103160] AAAAA-TCP_FORW: name:enp0s3: saddr:16783984: daddr:100932208
[  333.758163] AAAAA-TCP_FORW: name:enp0s8: saddr:100932208: daddr:16783984
[  333.759184] AAAAA-TCP_FORW: name:enp0s3: saddr:16783984: daddr:100932208
[  334.667373] AAAAA-TCP_FORW: name:enp0s8: saddr:100932208: daddr:16783984
[  334.936890] AAAAA-TCP_FORW: name:enp0s8: saddr:100932208: daddr:16783984
[  335.470078] AAAAA-TCP_FORW: name:enp0s8: saddr:100932208: daddr:16783984
[  335.942324] AAAAA-TCP_FORW: name:enp0s8: saddr:100932208: daddr:16783984
[  336.709729] AAAAA-TCP_FORW: name:enp0s8: saddr:100932208: daddr:16783984
[  336.910420] AAAAA-TCP_FORW: name:enp0s8: saddr:100932208: daddr:33561200
[  338.204901] AAAAA-TCP_FORW: name:enp0s8: saddr:100932208: daddr:33561200
[  338.473801] AAAAA-TCP_FORW: name:enp0s8: saddr:100932208: daddr:33561200
[  339.006367] AAAAA-TCP_FORW: name:enp0s8: saddr:100932208: daddr:33561200
[  339.144698] AAAAA-TCP_FORW: name:enp0s8: saddr:100932208: daddr:33561200
[  339.520359] AAAAA-TCP_FORW: name:enp0s8: saddr:100932208: daddr:33561200
[  339.521389] AAAAA-TCP_FORW: name:enp0s3: saddr:33561200: daddr:100932208
[  339.768843] AAAAA-TCP_FORW: name:enp0s8: saddr:100932208: daddr:33561200
