[    0.000000] Linux version 5.4.243-mptcp (root@ztg) (gcc version 12.2.0 (Debian 12.2.0-14+deb12u1)) #53 SMP Wed Dec 24 23:28:15 CST 2025
[    0.000000] Command line: BOOT_IMAGE=/boot/vmlinuz-5.4.243-mptcp root=UUID=98415a12-53b7-4144-8265-0f7ece09e445 ro quiet splash
[    0.000000] KERNEL supported cpus:
[    0.000000]   Intel GenuineIntel
[    0.000000]   AMD AuthenticAMD
[    0.000000]   Hygon HygonGenuine
[    0.000000]   Centaur CentaurHauls
[    0.000000]   zhaoxin   Shanghai  
[    0.000000] x86/fpu: Supporting XSAVE feature 0x001: 'x87 floating point registers'
[    0.000000] x86/fpu: Supporting XSAVE feature 0x002: 'SSE registers'
[    0.000000] x86/fpu: Supporting XSAVE feature 0x004: 'AVX registers'
[    0.000000] x86/fpu: xstate_offset[2]:  576, xstate_sizes[2]:  256
[    0.000000] x86/fpu: Enabled xstate features 0x7, context size is 832 bytes, using 'standard' format.
[    0.000000] BIOS-provided physical RAM map:
[    0.000000] BIOS-e820: [mem 0x0000000000000000-0x000000000009fbff] usable
[    0.000000] BIOS-e820: [mem 0x000000000009fc00-0x000000000009ffff] reserved
[    0.000000] BIOS-e820: [mem 0x00000000000f0000-0x00000000000fffff] reserved
[    0.000000] BIOS-e820: [mem 0x0000000000100000-0x000000007ffeffff] usable
[    0.000000] BIOS-e820: [mem 0x000000007fff0000-0x000000007fffffff] ACPI data
[    0.000000] BIOS-e820: [mem 0x00000000fec00000-0x00000000fec00fff] reserved
[    0.000000] BIOS-e820: [mem 0x00000000fee00000-0x00000000fee00fff] reserved
[    0.000000] BIOS-e820: [mem 0x00000000fffc0000-0x00000000ffffffff] reserved
[    0.000000] NX (Execute Disable) protection: active
[    0.000000] SMBIOS 2.5 present.
[    0.000000] DMI: innotek GmbH VirtualBox/VirtualBox, BIOS VirtualBox 12/01/2006
[    0.000000] Hypervisor detected: KVM
[    0.000000] kvm-clock: Using msrs 4b564d01 and 4b564d00
[    0.000000] kvm-clock: cpu 0, msr 7ac01001, primary cpu clock
[    0.000000] kvm-clock: using sched offset of 4464443947 cycles
[    0.000003] clocksource: kvm-clock: mask: 0xffffffffffffffff max_cycles: 0x1cd42e4dffb, max_idle_ns: 881590591483 ns
[    0.000005] tsc: Detected 2100.000 MHz processor
[    0.001893] e820: update [mem 0x00000000-0x00000fff] usable ==> reserved
[    0.001895] e820: remove [mem 0x000a0000-0x000fffff] usable
[    0.001899] last_pfn = 0x7fff0 max_arch_pfn = 0x400000000
[    0.001970] MTRR default type: uncachable
[    0.001971] MTRR fixed ranges enabled:
[    0.001972]   00000-9FFFF write-back
[    0.001973]   A0000-BFFFF uncachable
[    0.001973]   C0000-FFFFF write-protect
[    0.001974] MTRR variable ranges enabled:
[    0.001975]   0 base 000000000000 mask 3FFF80000000 write-back
[    0.001976]   1 disabled
[    0.001976]   2 disabled
[    0.001977]   3 disabled
[    0.001977]   4 disabled
[    0.001978]   5 disabled
[    0.001978]   6 disabled
[    0.001979]   7 disabled
[    0.001979]   8 disabled
[    0.001979]   9 disabled
[    0.001980]   10 disabled
[    0.001980]   11 disabled
[    0.001981]   12 disabled
[    0.001981]   13 disabled
[    0.001982]   14 disabled
[    0.001982]   15 disabled
[    0.001998] x86/PAT: Configuration [0-7]: WB  WC  UC- UC  WB  WP  UC- WT  
[    0.002133] found SMP MP-table at [mem 0x0009fff0-0x0009ffff]
[    0.093153] check: Scanning 1 areas for low memory corruption
[    0.093288] RAMDISK: [mem 0x32271000-0x3512ffff]
[    0.093296] ACPI: Early table checksum verification disabled
[    0.093302] ACPI: RSDP 0x00000000000E0000 000024 (v02 VBOX  )
[    0.093307] ACPI: XSDT 0x000000007FFF0030 00003C (v01 VBOX   VBOXXSDT 00000001 ASL  00000061)
[    0.093313] ACPI: FACP 0x000000007FFF00F0 0000F4 (v04 VBOX   VBOXFACP 00000001 ASL  00000061)
[    0.093320] ACPI: DSDT 0x000000007FFF02E0 002353 (v02 VBOX   VBOXBIOS 00000002 VBOX 00029BF3)
[    0.093324] ACPI: FACS 0x000000007FFF0200 000040
[    0.093327] ACPI: FACS 0x000000007FFF0200 000040
[    0.093331] ACPI: APIC 0x000000007FFF0240 000054 (v02 VBOX   VBOXAPIC 00000001 ASL  00000061)
[    0.093334] ACPI: SSDT 0x000000007FFF02A0 000038 (v01 VBOX   VBOXCPUT 00000002 VBOX 00029BF3)
[    0.093338] ACPI: Reserving FACP table memory at [mem 0x7fff00f0-0x7fff01e3]
[    0.093339] ACPI: Reserving DSDT table memory at [mem 0x7fff02e0-0x7fff2632]
[    0.093339] ACPI: Reserving FACS table memory at [mem 0x7fff0200-0x7fff023f]
[    0.093340] ACPI: Reserving FACS table memory at [mem 0x7fff0200-0x7fff023f]
[    0.093341] ACPI: Reserving APIC table memory at [mem 0x7fff0240-0x7fff0293]
[    0.093342] ACPI: Reserving SSDT table memory at [mem 0x7fff02a0-0x7fff02d7]
[    0.093356] ACPI: Local APIC address 0xfee00000
[    0.093548] No NUMA configuration found
[    0.093549] Faking a node at [mem 0x0000000000000000-0x000000007ffeffff]
[    0.093559] NODE_DATA(0) allocated [mem 0x7ffc5000-0x7ffeffff]
[    0.093876] Zone ranges:
[    0.093877]   DMA      [mem 0x0000000000001000-0x0000000000ffffff]
[    0.093878]   DMA32    [mem 0x0000000001000000-0x000000007ffeffff]
[    0.093879]   Normal   empty
[    0.093880]   Device   empty
[    0.093881] Movable zone start for each node
[    0.093883] Early memory node ranges
[    0.093883]   node   0: [mem 0x0000000000001000-0x000000000009efff]
[    0.093884]   node   0: [mem 0x0000000000100000-0x000000007ffeffff]
[    0.093887] Zeroed struct page in unavailable ranges: 114 pages
[    0.093888] Initmem setup node 0 [mem 0x0000000000001000-0x000000007ffeffff]
[    0.093889] On node 0 totalpages: 524174
[    0.093891]   DMA zone: 64 pages used for memmap
[    0.093891]   DMA zone: 21 pages reserved
[    0.093892]   DMA zone: 3998 pages, LIFO batch:0
[    0.093964]   DMA32 zone: 8128 pages used for memmap
[    0.093964]   DMA32 zone: 520176 pages, LIFO batch:63
[    0.103551] ACPI: PM-Timer IO Port: 0x4008
[    0.103556] ACPI: Local APIC address 0xfee00000
[    0.103626] IOAPIC[0]: apic_id 1, version 32, address 0xfec00000, GSI 0-23
[    0.103630] ACPI: INT_SRC_OVR (bus 0 bus_irq 0 global_irq 2 dfl dfl)
[    0.103632] ACPI: INT_SRC_OVR (bus 0 bus_irq 9 global_irq 9 low level)
[    0.103634] ACPI: IRQ0 used by override.
[    0.103635] ACPI: IRQ9 used by override.
[    0.103637] Using ACPI (MADT) for SMP configuration information
[    0.103645] smpboot: Allowing 1 CPUs, 0 hotplug CPUs
[    0.103670] PM: Registered nosave memory: [mem 0x00000000-0x00000fff]
[    0.103671] PM: Registered nosave memory: [mem 0x0009f000-0x0009ffff]
[    0.103672] PM: Registered nosave memory: [mem 0x000a0000-0x000effff]
[    0.103672] PM: Registered nosave memory: [mem 0x000f0000-0x000fffff]
[    0.103674] [mem 0x80000000-0xfebfffff] available for PCI devices
[    0.103675] Booting paravirtualized kernel on KVM
[    0.103678] clocksource: refined-jiffies: mask: 0xffffffff max_cycles: 0xffffffff, max_idle_ns: 7645519600211568 ns
[    0.103683] setup_percpu: NR_CPUS:8192 nr_cpumask_bits:1 nr_cpu_ids:1 nr_node_ids:1
[    0.104692] percpu: Embedded 60 pages/cpu s208896 r8192 d28672 u2097152
[    0.104698] pcpu-alloc: s208896 r8192 d28672 u2097152 alloc=1*2097152
[    0.104698] pcpu-alloc: [0] 0 
[    0.104726] Built 1 zonelists, mobility grouping on.  Total pages: 515961
[    0.104727] Policy zone: DMA32
[    0.104728] Kernel command line: BOOT_IMAGE=/boot/vmlinuz-5.4.243-mptcp root=UUID=98415a12-53b7-4144-8265-0f7ece09e445 ro quiet splash
[    0.105558] Dentry cache hash table entries: 262144 (order: 9, 2097152 bytes, linear)
[    0.105820] Inode-cache hash table entries: 131072 (order: 8, 1048576 bytes, linear)
[    0.105873] mem auto-init: stack:off, heap alloc:on, heap free:off
[    0.105876] Calgary: detecting Calgary via BIOS EBDA area
[    0.105877] Calgary: Unable to locate Rio Grande table in EBDA - bailing!
[    0.110933] Memory: 1967332K/2096696K available (14339K kernel code, 2398K rwdata, 4712K rodata, 2728K init, 17260K bss, 129364K reserved, 0K cma-reserved)
[    0.111849] SLUB: HWalign=64, Order=0-3, MinObjects=0, CPUs=1, Nodes=1
[    0.111866] ftrace: allocating 43186 entries in 169 pages
[    0.130080] rcu: Hierarchical RCU implementation.
[    0.130082] rcu: 	RCU restricting CPUs from NR_CPUS=8192 to nr_cpu_ids=1.
[    0.130083] 	Tasks RCU enabled.
[    0.130084] rcu: RCU calculated value of scheduler-enlistment delay is 25 jiffies.
[    0.130085] rcu: Adjusting geometry for rcu_fanout_leaf=16, nr_cpu_ids=1
[    0.133047] NR_IRQS: 524544, nr_irqs: 256, preallocated irqs: 16
[    0.133265] random: crng init done
[    0.142563] Console: colour VGA+ 80x25
[    0.142567] printk: console [tty0] enabled
[    0.142588] ACPI: Core revision 20190816
[    0.142687] APIC: Switch to symmetric I/O mode setup
[    0.142941] x2apic enabled
[    0.143180] Switched APIC routing to physical x2apic.
[    0.144324] ..TIMER: vector=0x30 apic1=0 pin1=2 apic2=-1 pin2=-1
[    0.144352] clocksource: tsc-early: mask: 0xffffffffffffffff max_cycles: 0x1e4530a99b6, max_idle_ns: 440795257976 ns
[    0.144358] Calibrating delay loop (skipped) preset value.. 4200.00 BogoMIPS (lpj=8400000)
[    0.144360] pid_max: default: 32768 minimum: 301
[    0.144389] LSM: Security Framework initializing
[    0.144399] Yama: becoming mindful.
[    0.144425] AppArmor: AppArmor initialized
[    0.144461] Mount-cache hash table entries: 4096 (order: 3, 32768 bytes, linear)
[    0.144466] Mountpoint-cache hash table entries: 4096 (order: 3, 32768 bytes, linear)
[    0.144476] *** VALIDATE tmpfs ***
[    0.144603] *** VALIDATE proc ***
[    0.144644] *** VALIDATE cgroup1 ***
[    0.144645] *** VALIDATE cgroup2 ***
[    0.144787] process: using mwait in idle threads
[    0.144792] Last level iTLB entries: 4KB 64, 2MB 8, 4MB 8
[    0.144793] Last level dTLB entries: 4KB 64, 2MB 0, 4MB 0, 1GB 4
[    0.144814] Spectre V1 : Mitigation: usercopy/swapgs barriers and __user pointer sanitization
[    0.144819] Spectre V2 : Mitigation: Retpolines
[    0.144820] Spectre V2 : Spectre v2 / SpectreRSB mitigation: Filling RSB on context switch
[    0.144820] Spectre V2 : Spectre v2 / SpectreRSB : Filling RSB on VMEXIT
[    0.144821] RETBleed: WARNING: Spectre v2 mitigation leaves CPU vulnerable to RETBleed attacks, data leaks possible!
[    0.145173] RETBleed: Vulnerable
[    0.145173] Speculative Store Bypass: Vulnerable
[    0.145178] TAA: Mitigation: TSX disabled
[    0.145179] MMIO Stale Data: Mitigation: Clear CPU buffers
[    0.149405] Freeing SMP alternatives memory: 40K
[    0.261949] smpboot: CPU0: Intel(R) Xeon(R) Silver 4216 CPU @ 2.10GHz (family: 0x6, model: 0x55, stepping: 0x7)
[    0.262072] Performance Events: unsupported p6 CPU model 85 no PMU driver, software events only.
[    0.262110] rcu: Hierarchical SRCU implementation.
[    0.262587] NMI watchdog: Perf NMI watchdog permanently disabled
[    0.262625] smp: Bringing up secondary CPUs ...
[    0.262626] smp: Brought up 1 node, 1 CPU
[    0.262627] smpboot: Max logical packages: 1
[    0.262628] smpboot: Total of 1 processors activated (4200.00 BogoMIPS)
[    0.263597] devtmpfs: initialized
[    0.263643] x86/mm: Memory block size: 128MB
[    0.263989] clocksource: jiffies: mask: 0xffffffff max_cycles: 0xffffffff, max_idle_ns: 7645041785100000 ns
[    0.263994] futex hash table entries: 256 (order: 2, 16384 bytes, linear)
[    0.264036] pinctrl core: initialized pinctrl subsystem
[    0.264137] PM: RTC time: 21:37:58, date: 2026-01-14
[    0.264242] NET: Registered protocol family 16
[    0.264315] audit: initializing netlink subsys (disabled)
[    0.264354] EISA bus registered
[    0.264354] cpuidle: using governor ladder
[    0.264354] cpuidle: using governor menu
[    0.264354] ACPI: bus type PCI registered
[    0.264354] acpiphp: ACPI Hot Plug PCI Controller Driver version: 0.5
[    0.264354] PCI: Using configuration type 1 for base access
[    0.264625] audit: type=2000 audit(1768397885.118:1): state=initialized audit_enabled=0 res=1
[    0.264706] HugeTLB registered 2.00 MiB page size, pre-allocated 0 pages
[    0.265523] ACPI: Added _OSI(Module Device)
[    0.265523] ACPI: Added _OSI(Processor Device)
[    0.265524] ACPI: Added _OSI(3.0 _SCP Extensions)
[    0.265525] ACPI: Added _OSI(Processor Aggregator Device)
[    0.265526] ACPI: Added _OSI(Linux-Dell-Video)
[    0.265526] ACPI: Added _OSI(Linux-Lenovo-NV-HDMI-Audio)
[    0.265527] ACPI: Added _OSI(Linux-HPI-Hybrid-Graphics)
[    0.267492] ACPI: 2 ACPI AML tables successfully acquired and loaded
[    0.269156] ACPI: Interpreter enabled
[    0.269166] ACPI: (supports S0 S5)
[    0.269167] ACPI: Using IOAPIC for interrupt routing
[    0.269373] PCI: Using host bridge windows from ACPI; if necessary, use "pci=nocrs" and report a bug
[    0.269480] ACPI: Enabled 2 GPEs in block 00 to 07
[    0.274314] ACPI: PCI Root Bridge [PCI0] (domain 0000 [bus 00-ff])
[    0.274320] acpi PNP0A03:00: _OSC: OS supports [ASPM ClockPM Segments MSI HPX-Type3]
[    0.274764] acpi PNP0A03:00: _OSC: not requesting OS control; OS requires [ExtendedConfig ASPM ClockPM MSI]
[    0.274772] acpi PNP0A03:00: fail to add MMCONFIG information, can't access extended PCI configuration space under this bridge.
[    0.275141] PCI host bridge to bus 0000:00
[    0.275143] pci_bus 0000:00: root bus resource [io  0x0000-0x0cf7 window]
[    0.275144] pci_bus 0000:00: root bus resource [io  0x0d00-0xffff window]
[    0.275145] pci_bus 0000:00: root bus resource [mem 0x000a0000-0x000bffff window]
[    0.275146] pci_bus 0000:00: root bus resource [mem 0x80000000-0xfdffffff window]
[    0.275148] pci_bus 0000:00: root bus resource [bus 00-ff]
[    0.275190] pci 0000:00:00.0: [8086:1237] type 00 class 0x060000
[    0.276110] pci 0000:00:01.0: [8086:7000] type 00 class 0x060100
[    0.276914] pci 0000:00:01.1: [8086:7111] type 00 class 0x01018a
[    0.277287] pci 0000:00:01.1: reg 0x20: [io  0xd000-0xd00f]
[    0.277438] pci 0000:00:01.1: legacy IDE quirk: reg 0x10: [io  0x01f0-0x01f7]
[    0.277439] pci 0000:00:01.1: legacy IDE quirk: reg 0x14: [io  0x03f6]
[    0.277440] pci 0000:00:01.1: legacy IDE quirk: reg 0x18: [io  0x0170-0x0177]
[    0.277441] pci 0000:00:01.1: legacy IDE quirk: reg 0x1c: [io  0x0376]
[    0.277977] pci 0000:00:02.0: [15ad:0405] type 00 class 0x030000
[    0.280602] pci 0000:00:02.0: reg 0x10: [io  0xd010-0xd01f]
[    0.284402] pci 0000:00:02.0: reg 0x14: [mem 0xe0000000-0xe7ffffff pref]
[    0.288397] pci 0000:00:02.0: reg 0x18: [mem 0xf0000000-0xf01fffff]
[    0.298917] pci 0000:00:03.0: [1022:2000] type 00 class 0x020000
[    0.299628] pci 0000:00:03.0: reg 0x10: [io  0xd020-0xd03f]
[    0.300431] pci 0000:00:03.0: reg 0x14: [mem 0xf0200000-0xf0200fff]
[    0.303935] pci 0000:00:04.0: [80ee:cafe] type 00 class 0x088000
[    0.304471] pci 0000:00:04.0: reg 0x10: [io  0xd040-0xd05f]
[    0.305072] pci 0000:00:04.0: reg 0x14: [mem 0xf0400000-0xf07fffff]
[    0.305677] pci 0000:00:04.0: reg 0x18: [mem 0xf0800000-0xf0803fff pref]
[    0.308861] pci 0000:00:07.0: [8086:7113] type 00 class 0x068000
[    0.309403] pci 0000:00:07.0: quirk: [io  0x4000-0x403f] claimed by PIIX4 ACPI
[    0.309417] pci 0000:00:07.0: quirk: [io  0x4100-0x410f] claimed by PIIX4 SMB
[    0.310016] pci 0000:00:08.0: [8086:100e] type 00 class 0x020000
[    0.310721] pci 0000:00:08.0: reg 0x10: [mem 0xf0820000-0xf083ffff]
[    0.312465] pci 0000:00:08.0: reg 0x18: [io  0xd060-0xd067]
[    0.315661] pci 0000:00:09.0: [8086:100e] type 00 class 0x020000
[    0.316465] pci 0000:00:09.0: reg 0x10: [mem 0xf0840000-0xf085ffff]
[    0.317614] pci 0000:00:09.0: reg 0x18: [io  0xd068-0xd06f]
[    0.328654] ACPI: PCI Interrupt Link [LNKA] (IRQs 5 9 10 *11)
[    0.328945] ACPI: PCI Interrupt Link [LNKB] (IRQs 5 9 *10 11)
[    0.329050] ACPI: PCI Interrupt Link [LNKC] (IRQs 5 *9 10 11)
[    0.329151] ACPI: PCI Interrupt Link [LNKD] (IRQs 5 9 10 *11)
[    0.329426] iommu: Default domain type: Translated 
[    0.329488] pci 0000:00:02.0: vgaarb: setting as boot VGA device
[    0.329489] pci 0000:00:02.0: vgaarb: VGA device added: decodes=io+mem,owns=io+mem,locks=none
[    0.329491] pci 0000:00:02.0: vgaarb: bridge control possible
[    0.329492] vgaarb: loaded
[    0.329703] SCSI subsystem initialized
[    0.329736] libata version 3.00 loaded.
[    0.329759] ACPI: bus type USB registered
[    0.329774] usbcore: registered new interface driver usbfs
[    0.329780] usbcore: registered new interface driver hub
[    0.329785] usbcore: registered new device driver usb
[    0.329815] pps_core: LinuxPPS API ver. 1 registered
[    0.329816] pps_core: Software ver. 5.3.6 - Copyright 2005-2007 Rodolfo Giometti <giometti@linux.it>
[    0.329818] PTP clock support registered
[    0.329852] EDAC MC: Ver: 3.0.0
[    0.330128] PCI: Using ACPI for IRQ routing
[    0.330129] PCI: pci_cache_line_size set to 64 bytes
[    0.330295] e820: reserve RAM buffer [mem 0x0009fc00-0x0009ffff]
[    0.330299] e820: reserve RAM buffer [mem 0x7fff0000-0x7fffffff]
[    0.331078] NetLabel: Initializing
[    0.331078] NetLabel:  domain hash size = 128
[    0.331079] NetLabel:  protocols = UNLABELED CIPSOv4 CALIPSO
[    0.331099] NetLabel:  unlabeled traffic allowed by default
[    0.331984] clocksource: Switched to clocksource kvm-clock
[    0.342776] *** VALIDATE bpf ***
[    0.342838] VFS: Disk quotas dquot_6.6.0
[    0.342850] VFS: Dquot-cache hash table entries: 512 (order 0, 4096 bytes)
[    0.342872] *** VALIDATE ramfs ***
[    0.342875] *** VALIDATE hugetlbfs ***
[    0.342957] AppArmor: AppArmor Filesystem Enabled
[    0.342983] pnp: PnP ACPI init
[    0.343051] pnp 00:00: Plug and Play ACPI device, IDs PNP0303 (active)
[    0.343155] pnp 00:01: Plug and Play ACPI device, IDs PNP0f03 (active)
[    0.343893] pnp: PnP ACPI: found 2 devices
[    0.344846] thermal_sys: Registered thermal governor 'fair_share'
[    0.344847] thermal_sys: Registered thermal governor 'bang_bang'
[    0.344847] thermal_sys: Registered thermal governor 'step_wise'
[    0.344848] thermal_sys: Registered thermal governor 'user_space'
[    0.344849] thermal_sys: Registered thermal governor 'power_allocator'
[    0.349359] clocksource: acpi_pm: mask: 0xffffff max_cycles: 0xffffff, max_idle_ns: 2085701024 ns
[    0.349400] pci_bus 0000:00: resource 4 [io  0x0000-0x0cf7 window]
[    0.349401] pci_bus 0000:00: resource 5 [io  0x0d00-0xffff window]
[    0.349403] pci_bus 0000:00: resource 6 [mem 0x000a0000-0x000bffff window]
[    0.349404] pci_bus 0000:00: resource 7 [mem 0x80000000-0xfdffffff window]
[    0.349463] NET: Registered protocol family 2
[    0.349537] IP idents hash table entries: 32768 (order: 6, 262144 bytes, linear)
[    0.349945] MPTCP tokens hash table entries: 8192 (order: 4, 65536 bytes, linear)
[    0.349965] MPTCP request tokens hash table entries: 8192 (order: 4, 65536 bytes, linear)
[    0.349990] default registered
[    0.349991] default registered
[    0.349991] MPTCP: Stable release v0.96
[    0.349996] tcp_listen_portaddr_hash hash table entries: 1024 (order: 2, 16384 bytes, linear)
[    0.350075] TCP established hash table entries: 16384 (order: 5, 131072 bytes, linear)
[    0.350140] TCP bind hash table entries: 16384 (order: 6, 262144 bytes, linear)
[    0.350166] TCP: Hash tables configured (established 16384 bind 16384)
[    0.350875] UDP hash table entries: 1024 (order: 3, 32768 bytes, linear)
[    0.350887] UDP-Lite hash table entries: 1024 (order: 3, 32768 bytes, linear)
[    0.350920] NET: Registered protocol family 1
[    0.350929] NET: Registered protocol family 44
[    0.350951] pci 0000:00:00.0: Limiting direct PCI/PCI transfers
[    0.350963] pci 0000:00:01.0: Activating ISA DMA hang workarounds
[    0.351019] pci 0000:00:02.0: Video device with shadowed ROM at [mem 0x000c0000-0x000dffff]
[    0.351082] PCI: CLS 0 bytes, default 64
[    0.351162] Trying to unpack rootfs image as initramfs...
[    0.527632] Freeing initrd memory: 47868K
[    0.527632] clocksource: tsc: mask: 0xffffffffffffffff max_cycles: 0x1e4530a99b6, max_idle_ns: 440795257976 ns
[    0.527632] clocksource: Switched to clocksource tsc
[    0.527632] platform rtc_cmos: registered platform RTC device (no PNP device found)
[    0.527632] check: Scanning for low memory corruption every 60 seconds
[    0.527632] Initialise system trusted keyrings
[    0.527632] Key type blacklist registered
[    0.527632] workingset: timestamp_bits=36 max_order=19 bucket_order=0
[    0.527632] zbud: loaded
[    0.527632] squashfs: version 4.0 (2009/01/31) Phillip Lougher
[    0.527632] fuse: init (API version 7.31)
[    0.527632] *** VALIDATE fuse ***
[    0.527632] *** VALIDATE fuse ***
[    0.527632] Platform Keyring initialized
[    0.527632] Key type asymmetric registered
[    0.527632] Asymmetric key parser 'x509' registered
[    0.527632] Block layer SCSI generic (bsg) driver version 0.4 loaded (major 244)
[    0.527632] io scheduler mq-deadline registered
[    0.527632] shpchp: Standard Hot Plug PCI Controller Driver version: 0.4
[    0.536087] ACPI: AC Adapter [AC] (on-line)
[    0.536132] input: Power Button as /devices/LNXSYSTM:00/LNXPWRBN:00/input/input0
[    0.536159] ACPI: Power Button [PWRF]
[    0.536232] input: Sleep Button as /devices/LNXSYSTM:00/LNXSLPBN:00/input/input1
[    0.536247] ACPI: Sleep Button [SLPF]
[    0.536477] Serial: 8250/16550 driver, 32 ports, IRQ sharing enabled
[    0.537611] Linux agpgart interface v0.103
[    0.627160] loop: module loaded
[    0.627315] ata_piix 0000:00:01.1: version 2.13
[    0.627719] scsi host0: ata_piix
[    0.627807] scsi host1: ata_piix
[    0.627833] ata1: PATA max UDMA/33 cmd 0x1f0 ctl 0x3f6 bmdma 0xd000 irq 14
[    0.627834] ata2: PATA max UDMA/33 cmd 0x170 ctl 0x376 bmdma 0xd008 irq 15
[    0.627911] tun: Universal TUN/TAP device driver, 1.6
[    0.628220] PPP generic driver version 2.4.2
[    0.628262] VFIO - User Level meta-driver version: 0.3
[    0.628497] ehci_hcd: USB 2.0 'Enhanced' Host Controller (EHCI) Driver
[    0.628502] ehci-pci: EHCI PCI platform driver
[    0.628516] ehci-platform: EHCI generic platform driver
[    0.628522] ohci_hcd: USB 1.1 'Open' Host Controller (OHCI) Driver
[    0.628524] ohci-pci: OHCI PCI platform driver
[    0.628531] ohci-platform: OHCI generic platform driver
[    0.628535] uhci_hcd: USB Universal Host Controller Interface driver
[    0.628597] i8042: PNP: PS/2 Controller [PNP0303:PS2K,PNP0f03:PS2M] at 0x60,0x64 irq 1,12
[    0.629033] serio: i8042 KBD port at 0x60,0x64 irq 1
[    0.629036] serio: i8042 AUX port at 0x60,0x64 irq 12
[    0.629121] mousedev: PS/2 mouse device common for all mice
[    0.629394] input: AT Translated Set 2 keyboard as /devices/platform/i8042/serio0/input/input2
[    0.629783] rtc_cmos rtc_cmos: registered as rtc0
[    0.629796] rtc_cmos rtc_cmos: alarms up to one day, 114 bytes nvram
[    0.629801] i2c /dev entries driver
[    0.629843] device-mapper: uevent: version 1.0.3
[    0.629886] device-mapper: ioctl: 4.41.0-ioctl (2019-09-16) initialised: dm-devel@redhat.com
[    0.629902] platform eisa.0: Probing EISA bus 0
[    0.629903] platform eisa.0: EISA: Cannot allocate resource for mainboard
[    0.629905] platform eisa.0: Cannot allocate resource for EISA slot 1
[    0.629906] platform eisa.0: Cannot allocate resource for EISA slot 2
[    0.629907] platform eisa.0: Cannot allocate resource for EISA slot 3
[    0.629908] platform eisa.0: Cannot allocate resource for EISA slot 4
[    0.629909] platform eisa.0: Cannot allocate resource for EISA slot 5
[    0.629910] platform eisa.0: Cannot allocate resource for EISA slot 6
[    0.629911] platform eisa.0: Cannot allocate resource for EISA slot 7
[    0.629912] platform eisa.0: Cannot allocate resource for EISA slot 8
[    0.629913] platform eisa.0: EISA: Detected 0 cards
[    0.629915] intel_pstate: CPU model not supported
[    0.629924] ledtrig-cpu: registered to indicate activity on CPUs
[    0.629976] drop_monitor: Initializing network drop monitor service
[    0.630132] NET: Registered protocol family 10
[    0.635171] Segment Routing with IPv6
[    0.635171] fullmesh registered
[    0.635171] ndiffports registered
[    0.635171] binder registered
[    0.635171] roundrobin registered
[    0.635171] redundant registered
[    0.635171] blest registered
[    0.635171] ecf registered
[    0.635171] NET: Registered protocol family 17
[    0.635171] Key type dns_resolver registered
[    0.635171] RAS: Correctable Errors collector initialized.
[    0.635171] IPI shorthand broadcast: enabled
[    0.635171] sched_clock: Marking stable (620072399, 11099329)->(634105375, -2933647)
[    0.635438] registered taskstats version 1
[    0.635446] Loading compiled-in X.509 certificates
[    0.636033] Loaded X.509 cert 'Build time autogenerated kernel key: 6909f3744cebb3d0de528d5887b96a727de79b1e'
[    0.636051] zswap: loaded using pool lzo/zbud
[    0.636103] Key type ._fscrypt registered
[    0.636104] Key type .fscrypt registered
[    0.640778] Key type big_key registered
[    0.643107] Key type encrypted registered
[    0.643110] AppArmor: AppArmor sha1 policy hashing enabled
[    0.643120] ima: No TPM chip found, activating TPM-bypass!
[    0.643125] ima: Allocated hash algorithm: sha1
[    0.643131] ima: No architecture policies found
[    0.643143] evm: Initialising EVM extended attributes:
[    0.643144] evm: security.selinux
[    0.643145] evm: security.SMACK64
[    0.643145] evm: security.SMACK64EXEC
[    0.643146] evm: security.SMACK64TRANSMUTE
[    0.643146] evm: security.SMACK64MMAP
[    0.643147] evm: security.apparmor
[    0.643147] evm: security.ima
[    0.643148] evm: security.capability
[    0.643149] evm: HMAC attrs: 0x1
[    0.643506] PM:   Magic number: 10:829:651
[    0.643542] acpi PNP0A03:00: hash matches
[    0.643616] rtc_cmos rtc_cmos: setting system clock to 2026-01-14T21:37:59 UTC (1768426679)
[    0.798693] ata1.00: ATA-6: VBOX HARDDISK, 1.0, max UDMA/133
[    0.798695] ata1.00: 209715200 sectors, multi 128: LBA 
[    0.799110] scsi 0:0:0:0: Direct-Access     ATA      VBOX HARDDISK    1.0  PQ: 0 ANSI: 5
[    0.799309] sd 0:0:0:0: [sda] 209715200 512-byte logical blocks: (107 GB/100 GiB)
[    0.799315] sd 0:0:0:0: [sda] Write Protect is off
[    0.799317] sd 0:0:0:0: [sda] Mode Sense: 00 3a 00 00
[    0.799327] sd 0:0:0:0: [sda] Write cache: enabled, read cache: enabled, doesn't support DPO or FUA
[    0.799513] sd 0:0:0:0: Attached scsi generic sg0 type 0
[    0.800125]  sda: sda1 sda2
[    0.811243] sd 0:0:0:0: [sda] Attached SCSI disk
[    0.813023] Freeing unused decrypted memory: 2040K
[    0.813728] Freeing unused kernel image memory: 2728K
[    0.813730] Write protecting the kernel read-only data: 22528k
[    0.814481] Freeing unused kernel image memory: 2036K
[    0.814884] Freeing unused kernel image memory: 1432K
[    0.828258] x86/mm: Checked W+X mappings: passed, no W+X pages found.
[    0.828263] Run /init as init process
[    0.924857] ACPI: Video Device [GFX0] (multi-head: yes  rom: no  post: no)
[    0.924931] input: Video Bus as /devices/LNXSYSTM:00/LNXSYBUS:00/PNP0A03:00/LNXVIDEO:00/input/input4
[    0.938480] pcnet32: pcnet32.c:v1.35 21.Apr.2008 tsbogend@alpha.franken.de
[    0.940146] piix4_smbus 0000:00:07.0: SMBus Host Controller at 0x4100, revision 0
[    0.942609] e1000: Intel(R) PRO/1000 Network Driver - version 7.3.21-k8-NAPI
[    0.942609] e1000: Copyright (c) 1999-2006 Intel Corporation.
[    0.952565] pcnet32: PCnet/FAST III 79C973 at 0xd020, 08:00:27:25:c3:77 assigned IRQ 19
[    0.952610] pcnet32: Found PHY 0022:561b at address 0
[    0.952913] pcnet32: eth0: registered as PCnet/FAST III 79C973
[    0.959607] pcnet32: 1 cards_found
[    1.020561] pcnet32 0000:00:03.0 enp0s3: renamed from eth0
[    1.153702] input: ImExPS/2 Generic Explorer Mouse as /devices/platform/i8042/serio1/input/input5
[    1.351393] e1000 0000:00:08.0 eth0: (PCI:33MHz:32-bit) 08:00:27:24:ce:1b
[    1.351398] e1000 0000:00:08.0 eth0: Intel(R) PRO/1000 Network Connection
[    1.723414] e1000 0000:00:09.0 eth1: (PCI:33MHz:32-bit) 08:00:27:bc:70:35
[    1.723417] e1000 0000:00:09.0 eth1: Intel(R) PRO/1000 Network Connection
[    1.724552] e1000 0000:00:09.0 enp0s9: renamed from eth1
[    1.726323] e1000 0000:00:08.0 enp0s8: renamed from eth0
[    1.878918] EXT4-fs (sda2): mounted filesystem with ordered data mode. Opts: (null)
[    1.964733] systemd[1]: Inserted module 'autofs4'
[    1.975056] systemd[1]: systemd 245.4-4ubuntu3 running in system mode. (+PAM +AUDIT +SELINUX +IMA +APPARMOR +SMACK +SYSVINIT +UTMP +LIBCRYPTSETUP +GCRYPT +GNUTLS +ACL +XZ +LZ4 +SECCOMP +BLKID +ELFUTILS +KMOD +IDN2 -IDN +PCRE2 default-hierarchy=hybrid)
[    1.975090] systemd[1]: Detected virtualization oracle.
[    1.975093] systemd[1]: Detected architecture x86-64.
[    1.976401] systemd[1]: Set hostname to <ztg>.
[    2.101004] systemd[1]: /lib/systemd/system/dbus.socket:5: ListenStream= references a path below legacy directory /var/run/, updating /var/run/dbus/system_bus_socket â†’ /run/dbus/system_bus_socket; please update the unit file accordingly.
[    2.153347] systemd[1]: Created slice system-modprobe.slice.
[    2.153546] systemd[1]: Created slice User and Session Slice.
[    2.153592] systemd[1]: Started Forward Password Requests to Wall Directory Watch.
[    2.153756] systemd[1]: Set up automount Arbitrary Executable File Formats File System Automount Point.
[    2.153794] systemd[1]: Reached target User and Group Name Lookups.
[    2.153803] systemd[1]: Reached target Remote File Systems.
[    2.153813] systemd[1]: Reached target Slices.
[    2.154352] systemd[1]: Listening on Syslog Socket.
[    2.154419] systemd[1]: Listening on fsck to fsckd communication Socket.
[    2.154455] systemd[1]: Listening on initctl Compatibility Named Pipe.
[    2.154616] systemd[1]: Listening on Journal Audit Socket.
[    2.154672] systemd[1]: Listening on Journal Socket (/dev/log).
[    2.154742] systemd[1]: Listening on Journal Socket.
[    2.154807] systemd[1]: Listening on udev Control Socket.
[    2.154848] systemd[1]: Listening on udev Kernel Socket.
[    2.155688] systemd[1]: Mounting Huge Pages File System...
[    2.156632] systemd[1]: Mounting POSIX Message Queue File System...
[    2.157514] systemd[1]: Mounting Kernel Debug File System...
[    2.158325] systemd[1]: Mounting Kernel Trace File System...
[    2.160337] systemd[1]: Starting Journal Service...
[    2.182162] systemd[1]: Starting Set the console keyboard layout...
[    2.190179] systemd[1]: Starting Create list of static device nodes for the current kernel...
[    2.192163] systemd[1]: Starting Load Kernel Module drm...
[    2.197056] systemd[1]: Condition check resulted in Set Up Additional Binary Formats being skipped.
[    2.197090] systemd[1]: Condition check resulted in File System Check on Root Device being skipped.
[    2.206742] systemd[1]: Starting Load Kernel Modules...
[    2.207528] systemd[1]: Starting Remount Root and Kernel File Systems...
[    2.208279] systemd[1]: Starting udev Coldplug all Devices...
[    2.208998] systemd[1]: Starting Uncomplicated firewall...
[    2.210461] systemd[1]: Mounted Huge Pages File System.
[    2.210545] systemd[1]: Mounted POSIX Message Queue File System.
[    2.210618] systemd[1]: Mounted Kernel Debug File System.
[    2.210686] systemd[1]: Mounted Kernel Trace File System.
[    2.251678] systemd[1]: Finished Create list of static device nodes for the current kernel.
[    2.252020] systemd[1]: modprobe@drm.service: Succeeded.
[    2.255473] systemd[1]: Finished Load Kernel Module drm.
[    2.259695] systemd[1]: Finished Uncomplicated firewall.
[    2.261043] EXT4-fs (sda2): re-mounted. Opts: errors=remount-ro
[    2.264298] systemd[1]: Finished Remount Root and Kernel File Systems.
[    2.265163] systemd[1]: Condition check resulted in Rebuild Hardware Database being skipped.
[    2.265195] systemd[1]: Condition check resulted in Platform Persistent Storage Archival being skipped.
[    2.289709] systemd[1]: Starting Load/Save Random Seed...
[    2.292838] systemd[1]: Starting Create System Users...
[    2.321972] systemd[1]: Finished Load/Save Random Seed.
[    2.324580] lp: driver loaded but no devices found
[    2.327736] systemd[1]: Finished Create System Users.
[    2.328533] systemd[1]: Starting Create Static Device Nodes in /dev...
[    2.336463] ppdev: user-space parallel port driver
[    2.352804] systemd[1]: Finished Create Static Device Nodes in /dev.
[    2.353715] systemd[1]: Starting udev Kernel Device Manager...
[    2.393216] [drm] DMA map mode: Caching DMA mappings.
[    2.393280] [drm] Capabilities:
[    2.393280] [drm]   Rect copy.
[    2.393281] [drm]   Cursor.
[    2.393281] [drm]   Cursor bypass.
[    2.393281] [drm]   Cursor bypass 2.
[    2.393282] [drm]   Alpha cursor.
[    2.393282] [drm]   Extended Fifo.
[    2.393282] [drm]   Pitchlock.
[    2.393283] [drm]   Irq mask.
[    2.393283] [drm]   GMR.
[    2.393283] [drm]   Traces.
[    2.393284] [drm]   GMR2.
[    2.393284] [drm]   Screen Object 2.
[    2.393284] [drm]   Command Buffers.
[    2.393285] [drm]   Command Buffers 2.
[    2.393285] [drm]   Guest Backed Resources.
[    2.393286] [drm] Max GMR ids is 8192
[    2.393287] [drm] Max number of GMR pages is 1048576
[    2.393287] [drm] Max dedicated hypervisor surface memory is 393216 kiB
[    2.393288] [drm] Maximum display memory size is 131072 kiB
[    2.393289] [drm] VRAM at 0xe0000000 size is 131072 kiB
[    2.393289] [drm] MMIO at 0xf0000000 size is 2048 kiB
[    2.395445] systemd[1]: Finished udev Coldplug all Devices.
[    2.396278] [TTM] Zone  kernel: Available graphics memory: 1011738 KiB
[    2.396279] [TTM] Initializing pool allocator
[    2.396283] [TTM] Initializing DMA pool allocator
[    2.396312] [drm] Supports vblank timestamp caching Rev 2 (21.10.2013).
[    2.396313] [drm] No driver support for vblank timestamp query.
[    2.396544] [drm] Screen Target Display device initialized
[    2.396766] [drm] width 720
[    2.396774] [drm] height 400
[    2.396778] [drm] bpp 32
[    2.397378] [drm] Fifo max 0x00200000 min 0x00001000 cap 0x00000355
[    2.398441] [drm] Using command buffers with DMA pool.
[    2.398444] [drm] DX: no.
[    2.398445] [drm] Atomic: yes.
[    2.398445] [drm] SM4_1: no.
[    2.398466] [drm:vmw_host_log [vmwgfx]] *ERROR* Failed to send host log message.
[    2.422905] [drm:vmw_host_log [vmwgfx]] *ERROR* Failed to send host log message.
[    2.444976] fbcon: svgadrmfb (fb0) is primary device
[    2.451241] Console: switching to colour frame buffer device 100x37
[    2.458047] [drm] Initialized vmwgfx 2.15.0 20180704 for 0000:00:02.0 on minor 0
[    2.459024] systemd[1]: Finished Load Kernel Modules.
[    2.460032] systemd[1]: Mounting FUSE Control File System...
[    2.461429] systemd[1]: Mounting Kernel Configuration File System...
[    2.480504] systemd[1]: Starting Apply Kernel Variables...
[    2.485766] systemd[1]: Finished Set the console keyboard layout.
[    2.485918] systemd[1]: Mounted FUSE Control File System.
[    2.485999] systemd[1]: Mounted Kernel Configuration File System.
[    2.486055] systemd[1]: Reached target Local File Systems (Pre).
[    2.486076] systemd[1]: Condition check resulted in VMware vmblock fuse mount being skipped.
[    2.495925] systemd[1]: Mounting Mount unit for bare, revision 5...
[    2.499629] systemd[1]: Mounting Mount unit for core18, revision 1705...
[    2.507876] systemd[1]: Mounting Mount unit for gnome-3-34-1804, revision 24...
[    2.524013] systemd[1]: Mounting Mount unit for gtk-common-themes, revision 1506...
[    2.547782] systemd[1]: Mounting Mount unit for gtk-common-themes, revision 1535...
[    2.551111] systemd[1]: Mounting Mount unit for snap-store, revision 433...
[    2.561266] systemd[1]: Mounting Mount unit for snapd, revision 7264...
[    2.565840] systemd[1]: Finished Apply Kernel Variables.
[    2.578425] systemd[1]: Mounted Mount unit for bare, revision 5.
[    2.578518] systemd[1]: Mounted Mount unit for core18, revision 1705.
[    2.586824] systemd[1]: Mounted Mount unit for gnome-3-34-1804, revision 24.
[    2.586955] systemd[1]: Mounted Mount unit for gtk-common-themes, revision 1506.
[    2.588785] systemd[1]: Started udev Kernel Device Manager.
[    2.590446] systemd[1]: Starting Show Plymouth Boot Screen...
[    2.596366] systemd[1]: Received SIGRTMIN+20 from PID 276 (plymouthd).
[    2.622743] systemd[1]: Started Show Plymouth Boot Screen.
[    2.623023] systemd[1]: Condition check resulted in Dispatch Password Requests to Console Directory Watch being skipped.
[    2.623125] systemd[1]: Started Forward Password Requests to Plymouth Directory Watch.
[    2.623193] systemd[1]: Reached target Local Encrypted Volumes.
[    2.655976] systemd[1]: Mounted Mount unit for gtk-common-themes, revision 1535.
[    2.656233] systemd[1]: Mounted Mount unit for snap-store, revision 433.
[    2.656410] systemd[1]: Mounted Mount unit for snapd, revision 7264.
[    2.656555] systemd[1]: Reached target Local File Systems.
[    2.658834] systemd[1]: Starting Load AppArmor profiles...
[    2.659730] systemd[1]: Starting Set console font and keymap...
[    2.675346] systemd[1]: Starting Tell Plymouth To Write Out Runtime Data...
[    2.675470] systemd[1]: Condition check resulted in Store a System Token in an EFI Variable being skipped.
[    2.675517] systemd[1]: Condition check resulted in Commit a transient machine-id on disk being skipped.
[    2.677987] systemd[1]: Finished Set console font and keymap.
[    2.688187] systemd[1]: Received SIGRTMIN+20 from PID 276 (plymouthd).
[    2.689378] systemd[1]: plymouth-read-write.service: Succeeded.
[    2.689624] systemd[1]: Finished Tell Plymouth To Write Out Runtime Data.
[    2.709491] audit: type=1400 audit(1768426681.560:2): apparmor="STATUS" operation="profile_load" profile="unconfined" name="nvidia_modprobe" pid=301 comm="apparmor_parser"
[    2.709494] audit: type=1400 audit(1768426681.560:3): apparmor="STATUS" operation="profile_load" profile="unconfined" name="nvidia_modprobe//kmod" pid=301 comm="apparmor_parser"
[    2.719420] audit: type=1400 audit(1768426681.572:4): apparmor="STATUS" operation="profile_load" profile="unconfined" name="/usr/sbin/tcpdump" pid=302 comm="apparmor_parser"
[    2.769043] audit: type=1400 audit(1768426681.612:5): apparmor="STATUS" operation="profile_load" profile="unconfined" name="/usr/bin/evince" pid=304 comm="apparmor_parser"
[    2.769045] audit: type=1400 audit(1768426681.612:6): apparmor="STATUS" operation="profile_load" profile="unconfined" name="/usr/bin/evince//sanitized_helper" pid=304 comm="apparmor_parser"
[    2.769047] audit: type=1400 audit(1768426681.612:7): apparmor="STATUS" operation="profile_load" profile="unconfined" name="/usr/bin/evince-previewer" pid=304 comm="apparmor_parser"
[    2.769048] audit: type=1400 audit(1768426681.612:8): apparmor="STATUS" operation="profile_load" profile="unconfined" name="/usr/bin/evince-previewer//sanitized_helper" pid=304 comm="apparmor_parser"
[    2.769050] audit: type=1400 audit(1768426681.612:9): apparmor="STATUS" operation="profile_load" profile="unconfined" name="/usr/bin/evince-thumbnailer" pid=304 comm="apparmor_parser"
[    2.783672] audit: type=1400 audit(1768426681.636:10): apparmor="STATUS" operation="profile_load" profile="unconfined" name="/usr/lib/cups/backend/cups-pdf" pid=305 comm="apparmor_parser"
[    2.868704] systemd[1]: Finished Load AppArmor profiles.
[    2.869706] systemd[1]: Starting Load AppArmor profiles managed internally by snapd...
[    2.942366] systemd[1]: Finished Load AppArmor profiles managed internally by snapd.
[    3.160794] systemd[1]: Started Journal Service.
[    3.172888] systemd-journald[229]: Received client request to flush runtime journal.
[    3.176375] systemd-journald[229]: File /var/log/journal/c455b248004a419c87ce85eea238d727/system.journal corrupted or uncleanly shut down, renaming and replacing.
[    4.487107] RAPL PMU: API unit is 2^-32 Joules, 0 fixed counters, 10737418240 ms ovfl timer
[    4.572154] cryptd: max_cpu_qlen set to 1000
[    4.624224] AVX2 version of gcm_enc/dec engaged.
[    4.624225] AES CTR mode by8 optimization enabled
[    5.395433] Adding 1998844k swap on /dev/sda1.  Priority:-2 extents:1 across:1998844k FS
[    6.642696] kauditd_printk_skb: 30 callbacks suppressed
[    6.642697] audit: type=1400 audit(1768426685.496:41): apparmor="DENIED" operation="capable" profile="/usr/sbin/cups-browsed" pid=496 comm="cups-browsed" capability=23  capname="sys_nice"
[    7.534651] pcnet32 0000:00:03.0 enp0s3: link up, 100Mbps, full-duplex
[    7.570578] e1000: enp0s8 NIC Link is Up 1000 Mbps Full Duplex, Flow Control: RX
[    7.570853] IPv6: ADDRCONF(NETDEV_CHANGE): enp0s8: link becomes ready
[    7.582525] e1000: enp0s9 NIC Link is Up 1000 Mbps Full Duplex, Flow Control: RX
[    7.582816] IPv6: ADDRCONF(NETDEV_CHANGE): enp0s9: link becomes ready
[    8.120772] device enp0s3 entered promiscuous mode
[    8.147865] audit: type=1400 audit(1768426686.992:42): apparmor="DENIED" operation="open" profile="/usr/sbin/tcpdump" name="/proc/sys/kernel/random/boot_id" pid=679 comm="tcpdump" requested_mask="r" denied_mask="r" fsuid=0 ouid=0
[    8.148079] audit: type=1400 audit(1768426686.992:43): apparmor="DENIED" operation="open" profile="/usr/sbin/tcpdump" name="/proc/sys/kernel/random/boot_id" pid=679 comm="tcpdump" requested_mask="r" denied_mask="r" fsuid=0 ouid=0
[    8.148192] audit: type=1400 audit(1768426686.992:44): apparmor="DENIED" operation="open" profile="/usr/sbin/tcpdump" name="/proc/sys/kernel/random/boot_id" pid=679 comm="tcpdump" requested_mask="r" denied_mask="r" fsuid=0 ouid=0
[    8.148247] audit: type=1400 audit(1768426686.992:45): apparmor="DENIED" operation="open" profile="/usr/sbin/tcpdump" name="/proc/sys/kernel/random/boot_id" pid=679 comm="tcpdump" requested_mask="r" denied_mask="r" fsuid=0 ouid=0
[    8.151216] audit: type=1400 audit(1768426687.004:46): apparmor="DENIED" operation="open" profile="/usr/sbin/tcpdump" name="/proc/sys/kernel/random/boot_id" pid=680 comm="tcpdump" requested_mask="r" denied_mask="r" fsuid=0 ouid=0
[    8.152908] audit: type=1400 audit(1768426687.004:47): apparmor="DENIED" operation="open" profile="/usr/sbin/tcpdump" name="/proc/sys/kernel/random/boot_id" pid=680 comm="tcpdump" requested_mask="r" denied_mask="r" fsuid=0 ouid=0
[    8.152949] audit: type=1400 audit(1768426687.004:48): apparmor="DENIED" operation="open" profile="/usr/sbin/tcpdump" name="/proc/sys/kernel/random/boot_id" pid=680 comm="tcpdump" requested_mask="r" denied_mask="r" fsuid=0 ouid=0
[    8.153006] audit: type=1400 audit(1768426687.004:49): apparmor="DENIED" operation="open" profile="/usr/sbin/tcpdump" name="/proc/sys/kernel/random/boot_id" pid=680 comm="tcpdump" requested_mask="r" denied_mask="r" fsuid=0 ouid=0
[   12.717935] rfkill: input handler disabled
[  224.207233] AAAAA-TCP_FORW: name:enp0s3: saddr:100932208: daddr:16783984
[  224.347133] AAAAA-TCP_FORW: name:enp0s3: saddr:100932208: daddr:16783984
[  224.383237] AAAAA-TCP_FORW: name:enp0s3: saddr:100932208: daddr:16783984
[  224.862549] AAAAA-TCP_FORW: name:enp0s3: saddr:100932208: daddr:33561200
[  224.925449] AAAAA-TCP_FORW: name:enp0s3: saddr:100932208: daddr:16783984
[  224.953245] AAAAA-TCP_FORW: name:enp0s3: saddr:100932208: daddr:16783984
[  225.271992] AAAAA-TCP_FORW: name:enp0s3: saddr:100932208: daddr:33561200
[  225.300932] AAAAA-TCP_FORW: name:enp0s3: saddr:100932208: daddr:16783984
[  225.703646] AAAAA-TCP_FORW: name:enp0s3: saddr:100932208: daddr:33561200
[  225.824786] AAAAA-TCP_FORW: name:enp0s3: saddr:100932208: daddr:16783984
[  225.915952] AAAAA-TCP_FORW: name:enp0s3: saddr:100932208: daddr:16783984
[  225.973418] AAAAA-TCP_FORW: name:enp0s3: saddr:100932208: daddr:16783984
[  226.183175] AAAAA-TCP_FORW: name:enp0s3: saddr:100932208: daddr:33561200
[  226.415176] AAAAA-TCP_FORW: name:enp0s3: saddr:100932208: daddr:33561200
[  226.511341] AAAAA-TCP_FORW: name:enp0s3: saddr:100932208: daddr:33561200
[  226.985012] AAAAA-TCP_FORW: name:enp0s3: saddr:100932208: daddr:33561200
[  227.029684] AAAAA-TCP_FORW: name:enp0s3: saddr:100932208: daddr:16783984
[  227.125973] AAAAA-TCP_FORW: name:enp0s3: saddr:100932208: daddr:16783984
[  227.223084] AAAAA-TCP_FORW: name:enp0s3: saddr:100932208: daddr:16783984
[  227.275004] AAAAA-TCP_FORW: name:enp0s3: saddr:100932208: daddr:16783984
[  227.352199] AAAAA-TCP_FORW: name:enp0s3: saddr:100932208: daddr:16783984
[  227.483964] AAAAA-TCP_FORW: name:enp0s3: saddr:100932208: daddr:16783984
[  227.578047] AAAAA-TCP_FORW: name:enp0s3: saddr:100932208: daddr:16783984
[  227.647152] AAAAA-TCP_FORW: name:enp0s3: saddr:100932208: daddr:16783984
[  227.741988] AAAAA-TCP_FORW: name:enp0s3: saddr:100932208: daddr:16783984
[  227.922402] AAAAA-TCP_FORW: name:enp0s3: saddr:100932208: daddr:16783984
[  228.037839] AAAAA-TCP_FORW: name:enp0s3: saddr:100932208: daddr:33561200
[  228.123727] AAAAA-TCP_FORW: name:enp0s3: saddr:100932208: daddr:33561200
[  228.181302] AAAAA-TCP_FORW: name:enp0s3: saddr:100932208: daddr:33561200
[  228.335849] AAAAA-TCP_FORW: name:enp0s3: saddr:100932208: daddr:33561200
[  228.443194] AAAAA-TCP_FORW: name:enp0s3: saddr:100932208: daddr:33561200
[  228.590382] AAAAA-TCP_FORW: name:enp0s3: saddr:100932208: daddr:33561200
[  228.771701] AAAAA-TCP_FORW: name:enp0s3: saddr:100932208: daddr:33561200
[  228.825684] AAAAA-TCP_FORW: name:enp0s3: saddr:100932208: daddr:33561200
[  228.917382] AAAAA-TCP_FORW: name:enp0s3: saddr:100932208: daddr:33561200
[  229.060616] AAAAA-TCP_FORW: name:enp0s3: saddr:100932208: daddr:33561200
[  229.160999] AAAAA-TCP_FORW: name:enp0s3: saddr:100932208: daddr:16783984
[  229.289481] AAAAA-TCP_FORW: name:enp0s3: saddr:100932208: daddr:16783984
[  229.360493] AAAAA-TCP_FORW: name:enp0s3: saddr:100932208: daddr:16783984
[  229.435470] AAAAA-TCP_FORW: name:enp0s3: saddr:100932208: daddr:33561200
[  229.672340] AAAAA-TCP_FORW: name:enp0s3: saddr:100932208: daddr:16783984
[  229.741206] AAAAA-TCP_FORW: name:enp0s3: saddr:100932208: daddr:16783984
[  229.812314] AAAAA-TCP_FORW: name:enp0s3: saddr:100932208: daddr:16783984
[  229.910153] AAAAA-TCP_FORW: name:enp0s3: saddr:100932208: daddr:16783984
[  230.018017] AAAAA-TCP_FORW: name:enp0s3: saddr:100932208: daddr:16783984
[  230.101846] AAAAA-TCP_FORW: name:enp0s3: saddr:100932208: daddr:16783984
[  230.154995] AAAAA-TCP_FORW: name:enp0s3: saddr:100932208: daddr:16783984
[  230.210957] AAAAA-TCP_FORW: name:enp0s3: saddr:100932208: daddr:16783984
[  230.304415] AAAAA-TCP_FORW: name:enp0s3: saddr:100932208: daddr:16783984
[  230.467227] AAAAA-TCP_FORW: name:enp0s3: saddr:100932208: daddr:16783984
[  230.622221] AAAAA-TCP_FORW: name:enp0s3: saddr:100932208: daddr:33561200
[  230.675797] AAAAA-TCP_FORW: name:enp0s3: saddr:100932208: daddr:16783984
[  230.707716] AAAAA-TCP_FORW: name:enp0s3: saddr:100932208: daddr:16783984
[  230.763455] AAAAA-TCP_FORW: name:enp0s3: saddr:100932208: daddr:16783984
[  230.766054] AAAAA-TCP_FORW: name:enp0s3: saddr:100932208: daddr:16783984
[  230.963270] AAAAA-TCP_FORW: name:enp0s3: saddr:100932208: daddr:16783984
[  231.076401] AAAAA-TCP_FORW: name:enp0s3: saddr:100932208: daddr:16783984
[  231.140141] AAAAA-TCP_FORW: name:enp0s3: saddr:100932208: daddr:16783984
[  231.270518] AAAAA-TCP_FORW: name:enp0s3: saddr:100932208: daddr:16783984
[  231.363476] AAAAA-TCP_FORW: name:enp0s3: saddr:100932208: daddr:33561200
[  231.682010] AAAAA-TCP_FORW: name:enp0s3: saddr:100932208: daddr:33561200
[  231.736780] AAAAA-TCP_FORW: name:enp0s3: saddr:100932208: daddr:33561200
[  231.971460] AAAAA-TCP_FORW: name:enp0s3: saddr:100932208: daddr:33561200
[  232.038140] AAAAA-TCP_FORW: name:enp0s3: saddr:100932208: daddr:33561200
[  232.165150] AAAAA-TCP_FORW: name:enp0s3: saddr:100932208: daddr:33561200
[  232.175308] AAAAA-TCP_FORW: name:enp0s3: saddr:100932208: daddr:33561200
[  232.203662] AAAAA-TCP_FORW: name:enp0s3: saddr:100932208: daddr:33561200
[  232.340263] AAAAA-TCP_FORW: name:enp0s3: saddr:100932208: daddr:33561200
[  232.397179] AAAAA-TCP_FORW: name:enp0s3: saddr:100932208: daddr:33561200
[  232.452393] AAAAA-TCP_FORW: name:enp0s3: saddr:100932208: daddr:33561200
[  232.604941] AAAAA-TCP_FORW: name:enp0s3: saddr:100932208: daddr:33561200
[  232.722172] AAAAA-TCP_FORW: name:enp0s3: saddr:100932208: daddr:33561200
[  232.782244] AAAAA-TCP_FORW: name:enp0s3: saddr:100932208: daddr:33561200
[  232.846917] AAAAA-TCP_FORW: name:enp0s3: saddr:100932208: daddr:33561200
[  232.893841] AAAAA-TCP_FORW: name:enp0s3: saddr:100932208: daddr:33561200
[  232.959827] AAAAA-TCP_FORW: name:enp0s3: saddr:100932208: daddr:33561200
[  233.016159] AAAAA-TCP_FORW: name:enp0s3: saddr:100932208: daddr:33561200
[  233.033777] AAAAA-TCP_FORW: name:enp0s3: saddr:100932208: daddr:33561200
[  233.264490] AAAAA-TCP_FORW: name:enp0s3: saddr:100932208: daddr:33561200
[  233.320558] AAAAA-TCP_FORW: name:enp0s3: saddr:100932208: daddr:33561200
[  233.435436] AAAAA-TCP_FORW: name:enp0s3: saddr:100932208: daddr:16783984
[  233.546188] AAAAA-TCP_FORW: name:enp0s3: saddr:100932208: daddr:16783984
[  233.598215] AAAAA-TCP_FORW: name:enp0s3: saddr:100932208: daddr:16783984
[  233.644187] AAAAA-TCP_FORW: name:enp0s3: saddr:100932208: daddr:16783984
[  233.699028] AAAAA-TCP_FORW: name:enp0s3: saddr:100932208: daddr:16783984
[  233.747987] AAAAA-TCP_FORW: name:enp0s3: saddr:100932208: daddr:16783984
[  233.839938] AAAAA-TCP_FORW: name:enp0s3: saddr:100932208: daddr:16783984
[  234.011396] AAAAA-TCP_FORW: name:enp0s3: saddr:100932208: daddr:16783984
[  234.081143] AAAAA-TCP_FORW: name:enp0s3: saddr:100932208: daddr:16783984
[  234.201215] AAAAA-TCP_FORW: name:enp0s3: saddr:100932208: daddr:16783984
[  234.268256] AAAAA-TCP_FORW: name:enp0s3: saddr:100932208: daddr:16783984
[  234.338270] AAAAA-TCP_FORW: name:enp0s3: saddr:100932208: daddr:16783984
[  234.410376] AAAAA-TCP_FORW: name:enp0s3: saddr:100932208: daddr:16783984
[  234.580500] AAAAA-TCP_FORW: name:enp0s3: saddr:100932208: daddr:33561200
[  249.711934] AAAAA-TCP_FORW: name:enp0s3: saddr:100932208: daddr:16783984
[  249.761630] AAAAA-TCP_FORW: name:enp0s3: saddr:100932208: daddr:33561200
[  249.826481] AAAAA-TCP_FORW: name:enp0s3: saddr:100932208: daddr:16783984
[  249.994531] AAAAA-TCP_FORW: name:enp0s3: saddr:100932208: daddr:33561200
[  250.067480] AAAAA-TCP_FORW: name:enp0s3: saddr:100932208: daddr:16783984
[  250.264130] AAAAA-TCP_FORW: name:enp0s3: saddr:100932208: daddr:33561200
[  250.362115] AAAAA-TCP_FORW: name:enp0s3: saddr:100932208: daddr:16783984
[  250.575459] AAAAA-TCP_FORW: name:enp0s3: saddr:100932208: daddr:33561200
[  250.720450] AAAAA-TCP_FORW: name:enp0s3: saddr:100932208: daddr:16783984
[  250.836636] AAAAA-TCP_FORW: name:enp0s3: saddr:100932208: daddr:33561200
[  250.864386] AAAAA-TCP_FORW: name:enp0s3: saddr:100932208: daddr:16783984
[  250.948915] AAAAA-TCP_FORW: name:enp0s3: saddr:100932208: daddr:33561200
[  251.291322] AAAAA-TCP_FORW: name:enp0s3: saddr:100932208: daddr:16783984
[  251.632358] AAAAA-TCP_FORW: name:enp0s3: saddr:100932208: daddr:33561200
[  251.722561] AAAAA-TCP_FORW: name:enp0s3: saddr:100932208: daddr:16783984
[  251.857141] AAAAA-TCP_FORW: name:enp0s3: saddr:100932208: daddr:33561200
[  251.970880] AAAAA-TCP_FORW: name:enp0s3: saddr:100932208: daddr:16783984
[  252.158291] AAAAA-TCP_FORW: name:enp0s3: saddr:100932208: daddr:33561200
[  252.333622] AAAAA-TCP_FORW: name:enp0s3: saddr:100932208: daddr:16783984
[  252.481555] AAAAA-TCP_FORW: name:enp0s3: saddr:100932208: daddr:33561200
[  252.588990] AAAAA-TCP_FORW: name:enp0s3: saddr:100932208: daddr:16783984
[  252.668834] AAAAA-TCP_FORW: name:enp0s3: saddr:100932208: daddr:33561200
[  252.818876] AAAAA-TCP_FORW: name:enp0s3: saddr:100932208: daddr:16783984
[  252.895559] AAAAA-TCP_FORW: name:enp0s3: saddr:100932208: daddr:33561200
[  252.949951] AAAAA-TCP_FORW: name:enp0s3: saddr:100932208: daddr:16783984
[  253.015764] AAAAA-TCP_FORW: name:enp0s3: saddr:100932208: daddr:33561200
[  253.077644] AAAAA-TCP_FORW: name:enp0s3: saddr:100932208: daddr:16783984
[  253.099542] AAAAA-TCP_FORW: name:enp0s3: saddr:100932208: daddr:33561200
[  253.201301] AAAAA-TCP_FORW: name:enp0s3: saddr:100932208: daddr:33561200
[  253.325956] AAAAA-TCP_FORW: name:enp0s3: saddr:100932208: daddr:33561200
[  253.431053] AAAAA-TCP_FORW: name:enp0s3: saddr:100932208: daddr:33561200
[  253.473105] AAAAA-TCP_FORW: name:enp0s3: saddr:100932208: daddr:33561200
[  253.564466] AAAAA-TCP_FORW: name:enp0s3: saddr:100932208: daddr:33561200
[  253.646022] AAAAA-TCP_FORW: name:enp0s3: saddr:100932208: daddr:33561200
[  253.734495] AAAAA-TCP_FORW: name:enp0s3: saddr:100932208: daddr:33561200
[  254.130732] AAAAA-TCP_FORW: name:enp0s3: saddr:100932208: daddr:16783984
[  254.263632] AAAAA-TCP_FORW: name:enp0s3: saddr:100932208: daddr:16783984
[  254.378699] AAAAA-TCP_FORW: name:enp0s3: saddr:100932208: daddr:33561200
[  254.529251] AAAAA-TCP_FORW: name:enp0s3: saddr:100932208: daddr:33561200
[  254.677004] AAAAA-TCP_FORW: name:enp0s3: saddr:100932208: daddr:16783984
[  254.811639] AAAAA-TCP_FORW: name:enp0s3: saddr:100932208: daddr:33561200
[  254.952398] AAAAA-TCP_FORW: name:enp0s3: saddr:100932208: daddr:33561200
[  255.022680] AAAAA-TCP_FORW: name:enp0s3: saddr:100932208: daddr:16783984
[  255.124162] AAAAA-TCP_FORW: name:enp0s3: saddr:100932208: daddr:16783984
[  255.219533] AAAAA-TCP_FORW: name:enp0s3: saddr:100932208: daddr:16783984
[  255.325112] AAAAA-TCP_FORW: name:enp0s3: saddr:100932208: daddr:16783984
[  255.427670] AAAAA-TCP_FORW: name:enp0s3: saddr:100932208: daddr:33561200
[  255.498849] AAAAA-TCP_FORW: name:enp0s3: saddr:100932208: daddr:33561200
[  255.606946] AAAAA-TCP_FORW: name:enp0s3: saddr:100932208: daddr:33561200
[  255.681244] AAAAA-TCP_FORW: name:enp0s3: saddr:100932208: daddr:33561200
[  255.757341] AAAAA-TCP_FORW: name:enp0s3: saddr:100932208: daddr:16783984
[  255.849194] AAAAA-TCP_FORW: name:enp0s3: saddr:100932208: daddr:33561200
[  255.930865] AAAAA-TCP_FORW: name:enp0s3: saddr:100932208: daddr:33561200
[  256.004539] AAAAA-TCP_FORW: name:enp0s3: saddr:100932208: daddr:16783984
[  256.107982] AAAAA-TCP_FORW: name:enp0s3: saddr:100932208: daddr:16783984
[  256.221953] AAAAA-TCP_FORW: name:enp0s3: saddr:100932208: daddr:33561200
[  256.347877] AAAAA-TCP_FORW: name:enp0s3: saddr:100932208: daddr:33561200
[  256.480386] AAAAA-TCP_FORW: name:enp0s3: saddr:100932208: daddr:16783984
[  256.548891] AAAAA-TCP_FORW: name:enp0s3: saddr:100932208: daddr:16783984
[  256.715604] AAAAA-TCP_FORW: name:enp0s3: saddr:100932208: daddr:33561200
[  256.769789] AAAAA-TCP_FORW: name:enp0s3: saddr:100932208: daddr:33561200
[  256.827290] AAAAA-TCP_FORW: name:enp0s3: saddr:100932208: daddr:16783984
[  256.918430] AAAAA-TCP_FORW: name:enp0s3: saddr:100932208: daddr:33561200
[  256.970467] AAAAA-TCP_FORW: name:enp0s3: saddr:100932208: daddr:16783984
[  257.020706] AAAAA-TCP_FORW: name:enp0s3: saddr:100932208: daddr:16783984
[  257.077294] AAAAA-TCP_FORW: name:enp0s3: saddr:100932208: daddr:33561200
[  257.152023] AAAAA-TCP_FORW: name:enp0s3: saddr:100932208: daddr:33561200
[  257.183706] AAAAA-TCP_FORW: name:enp0s3: saddr:100932208: daddr:16783984
[  257.252234] AAAAA-TCP_FORW: name:enp0s3: saddr:100932208: daddr:33561200
[  257.254864] AAAAA-TCP_FORW: name:enp0s3: saddr:100932208: daddr:16783984
[  257.307798] AAAAA-TCP_FORW: name:enp0s3: saddr:100932208: daddr:16783984
[  257.310482] AAAAA-TCP_FORW: name:enp0s3: saddr:100932208: daddr:33561200
[  257.413464] AAAAA-TCP_FORW: name:enp0s3: saddr:100932208: daddr:33561200
[  257.474840] AAAAA-TCP_FORW: name:enp0s3: saddr:100932208: daddr:16783984
[  257.558981] AAAAA-TCP_FORW: name:enp0s3: saddr:100932208: daddr:33561200
[  257.708743] AAAAA-TCP_FORW: name:enp0s3: saddr:100932208: daddr:16783984
[  257.741008] AAAAA-TCP_FORW: name:enp0s3: saddr:100932208: daddr:16783984
[  257.759855] AAAAA-TCP_FORW: name:enp0s3: saddr:100932208: daddr:33561200
[  257.808355] AAAAA-TCP_FORW: name:enp0s3: saddr:100932208: daddr:33561200
[  257.879710] AAAAA-TCP_FORW: name:enp0s3: saddr:100932208: daddr:16783984
[  257.899473] AAAAA-TCP_FORW: name:enp0s3: saddr:100932208: daddr:33561200
[  258.026147] AAAAA-TCP_FORW: name:enp0s3: saddr:100932208: daddr:33561200
[  258.028780] AAAAA-TCP_FORW: name:enp0s3: saddr:100932208: daddr:33561200
[  258.215344] AAAAA-TCP_FORW: name:enp0s3: saddr:100932208: daddr:33561200
[  258.252235] AAAAA-TCP_FORW: name:enp0s3: saddr:100932208: daddr:33561200
[  258.323065] AAAAA-TCP_FORW: name:enp0s3: saddr:100932208: daddr:33561200
[  258.455423] AAAAA-TCP_FORW: name:enp0s3: saddr:100932208: daddr:33561200
[  259.247354] AAAAA-TCP_FORW: name:enp0s3: saddr:100932208: daddr:33561200
[  280.882715] AAAAA-TCP_FORW: name:enp0s3: saddr:100932208: daddr:16783984
[  280.961010] AAAAA-TCP_FORW: name:enp0s3: saddr:16783984: daddr:100932208
[  281.112271] AAAAA-TCP_FORW: name:enp0s3: saddr:100932208: daddr:33561200
[  281.200486] AAAAA-TCP_FORW: name:enp0s3: saddr:33561200: daddr:100932208
[  281.389857] AAAAA-TCP_FORW: name:enp0s3: saddr:100932208: daddr:16783984
[  281.445189] AAAAA-TCP_FORW: name:enp0s3: saddr:16783984: daddr:100932208
[  281.488395] AAAAA-TCP_FORW: name:enp0s3: saddr:100932208: daddr:33561200
[  281.567252] AAAAA-TCP_FORW: name:enp0s3: saddr:33561200: daddr:100932208
[  281.697693] AAAAA-TCP_FORW: name:enp0s3: saddr:100932208: daddr:16783984
[  281.824844] AAAAA-TCP_FORW: name:enp0s3: saddr:16783984: daddr:100932208
[  281.938219] AAAAA-TCP_FORW: name:enp0s3: saddr:100932208: daddr:33561200
[  281.947021] AAAAA-TCP_FORW: name:enp0s3: saddr:33561200: daddr:100932208
[  282.121771] AAAAA-TCP_FORW: name:enp0s3: saddr:100932208: daddr:16783984
[  282.236312] AAAAA-TCP_FORW: name:enp0s3: saddr:16783984: daddr:100932208
[  282.391520] AAAAA-TCP_FORW: name:enp0s3: saddr:100932208: daddr:33561200
[  282.448992] AAAAA-TCP_FORW: name:enp0s3: saddr:100932208: daddr:16783984
[  282.474022] AAAAA-TCP_FORW: name:enp0s3: saddr:33561200: daddr:100932208
[  282.537435] AAAAA-TCP_FORW: name:enp0s3: saddr:16783984: daddr:100932208
[  282.599913] AAAAA-TCP_FORW: name:enp0s3: saddr:100932208: daddr:33561200
[  282.717153] AAAAA-TCP_FORW: name:enp0s3: saddr:33561200: daddr:100932208
[  282.802431] AAAAA-TCP_FORW: name:enp0s3: saddr:100932208: daddr:16783984
[  282.880471] AAAAA-TCP_FORW: name:enp0s3: saddr:100932208: daddr:33561200
[  282.979344] AAAAA-TCP_FORW: name:enp0s3: saddr:16783984: daddr:100932208
[  283.063281] AAAAA-TCP_FORW: name:enp0s3: saddr:100932208: daddr:16783984
[  283.082347] AAAAA-TCP_FORW: name:enp0s3: saddr:33561200: daddr:100932208
[  283.143381] AAAAA-TCP_FORW: name:enp0s3: saddr:100932208: daddr:33561200
[  283.352281] AAAAA-TCP_FORW: name:enp0s3: saddr:16783984: daddr:100932208
[  283.389839] AAAAA-TCP_FORW: name:enp0s3: saddr:100932208: daddr:16783984
[  283.473674] AAAAA-TCP_FORW: name:enp0s3: saddr:100932208: daddr:33561200
[  283.500214] AAAAA-TCP_FORW: name:enp0s3: saddr:33561200: daddr:100932208
[  283.654979] AAAAA-TCP_FORW: name:enp0s3: saddr:16783984: daddr:100932208
[  283.715664] AAAAA-TCP_FORW: name:enp0s3: saddr:33561200: daddr:100932208
[  283.736271] AAAAA-TCP_FORW: name:enp0s3: saddr:100932208: daddr:16783984
[  283.853492] AAAAA-TCP_FORW: name:enp0s3: saddr:100932208: daddr:33561200
[  283.999663] AAAAA-TCP_FORW: name:enp0s3: saddr:100932208: daddr:16783984
[  284.161441] AAAAA-TCP_FORW: name:enp0s3: saddr:16783984: daddr:100932208
[  284.246977] AAAAA-TCP_FORW: name:enp0s3: saddr:33561200: daddr:100932208
[  284.317108] AAAAA-TCP_FORW: name:enp0s3: saddr:16783984: daddr:100932208
[  284.421289] AAAAA-TCP_FORW: name:enp0s3: saddr:100932208: daddr:33561200
[  284.558020] AAAAA-TCP_FORW: name:enp0s3: saddr:100932208: daddr:16783984
[  284.666561] AAAAA-TCP_FORW: name:enp0s3: saddr:33561200: daddr:100932208
[  284.669759] AAAAA-TCP_FORW: name:enp0s3: saddr:100932208: daddr:33561200
[  284.765414] AAAAA-TCP_FORW: name:enp0s3: saddr:100932208: daddr:16783984
[  284.787313] AAAAA-TCP_FORW: name:enp0s3: saddr:16783984: daddr:100932208
[  284.839888] AAAAA-TCP_FORW: name:enp0s3: saddr:100932208: daddr:33561200
[  284.885297] AAAAA-TCP_FORW: name:enp0s3: saddr:100932208: daddr:16783984
[  284.976359] AAAAA-TCP_FORW: name:enp0s3: saddr:33561200: daddr:100932208
[  285.064512] AAAAA-TCP_FORW: name:enp0s3: saddr:16783984: daddr:100932208
[  285.185643] AAAAA-TCP_FORW: name:enp0s3: saddr:33561200: daddr:100932208
[  285.204604] AAAAA-TCP_FORW: name:enp0s3: saddr:100932208: daddr:33561200
[  285.265195] AAAAA-TCP_FORW: name:enp0s3: saddr:16783984: daddr:100932208
[  285.335647] AAAAA-TCP_FORW: name:enp0s3: saddr:100932208: daddr:16783984
[  285.429511] AAAAA-TCP_FORW: name:enp0s3: saddr:100932208: daddr:33561200
[  285.566252] AAAAA-TCP_FORW: name:enp0s3: saddr:100932208: daddr:16783984
[  285.660708] AAAAA-TCP_FORW: name:enp0s3: saddr:100932208: daddr:16783984
[  285.694183] AAAAA-TCP_FORW: name:enp0s3: saddr:33561200: daddr:100932208
[  285.780616] AAAAA-TCP_FORW: name:enp0s3: saddr:16783984: daddr:100932208
[  285.808671] AAAAA-TCP_FORW: name:enp0s3: saddr:100932208: daddr:16783984
[  285.873560] AAAAA-TCP_FORW: name:enp0s3: saddr:33561200: daddr:100932208
[  285.884110] AAAAA-TCP_FORW: name:enp0s3: saddr:100932208: daddr:33561200
[  285.912235] AAAAA-TCP_FORW: name:enp0s3: saddr:100932208: daddr:33561200
[  285.940111] AAAAA-TCP_FORW: name:enp0s3: saddr:100932208: daddr:16783984
[  285.951707] AAAAA-TCP_FORW: name:enp0s3: saddr:16783984: daddr:100932208
[  286.010952] AAAAA-TCP_FORW: name:enp0s3: saddr:16783984: daddr:100932208
[  286.063382] AAAAA-TCP_FORW: name:enp0s3: saddr:100932208: daddr:16783984
[  286.066584] AAAAA-TCP_FORW: name:enp0s3: saddr:100932208: daddr:33561200
[  286.229426] AAAAA-TCP_FORW: name:enp0s3: saddr:16783984: daddr:100932208
[  286.382331] AAAAA-TCP_FORW: name:enp0s3: saddr:33561200: daddr:100932208
[  286.419292] AAAAA-TCP_FORW: name:enp0s3: saddr:100932208: daddr:16783984
[  286.422459] AAAAA-TCP_FORW: name:enp0s3: saddr:100932208: daddr:16783984
[  286.439262] AAAAA-TCP_FORW: name:enp0s3: saddr:33561200: daddr:100932208
[  286.512432] AAAAA-TCP_FORW: name:enp0s3: saddr:16783984: daddr:100932208
[  286.604321] AAAAA-TCP_FORW: name:enp0s3: saddr:100932208: daddr:33561200
[  286.607471] AAAAA-TCP_FORW: name:enp0s3: saddr:100932208: daddr:33561200
[  286.724354] AAAAA-TCP_FORW: name:enp0s3: saddr:16783984: daddr:100932208
[  286.778463] AAAAA-TCP_FORW: name:enp0s3: saddr:33561200: daddr:100932208
[  287.061638] AAAAA-TCP_FORW: name:enp0s3: saddr:100932208: daddr:16783984
[  287.098404] AAAAA-TCP_FORW: name:enp0s3: saddr:16783984: daddr:100932208
[  287.210570] AAAAA-TCP_FORW: name:enp0s3: saddr:16783984: daddr:100932208
[  287.269114] AAAAA-TCP_FORW: name:enp0s3: saddr:100932208: daddr:33561200
[  287.390861] AAAAA-TCP_FORW: name:enp0s3: saddr:100932208: daddr:33561200
[  287.407172] AAAAA-TCP_FORW: name:enp0s3: saddr:33561200: daddr:100932208
[  287.477834] AAAAA-TCP_FORW: name:enp0s3: saddr:33561200: daddr:100932208
[  287.514511] AAAAA-TCP_FORW: name:enp0s3: saddr:100932208: daddr:16783984
[  287.560169] AAAAA-TCP_FORW: name:enp0s3: saddr:100932208: daddr:16783984
[  287.633393] AAAAA-TCP_FORW: name:enp0s3: saddr:100932208: daddr:33561200
[  287.694524] AAAAA-TCP_FORW: name:enp0s3: saddr:16783984: daddr:100932208
[  287.796803] AAAAA-TCP_FORW: name:enp0s3: saddr:100932208: daddr:33561200
[  287.894767] AAAAA-TCP_FORW: name:enp0s3: saddr:100932208: daddr:16783984
[  287.921225] AAAAA-TCP_FORW: name:enp0s3: saddr:33561200: daddr:100932208
[  287.954625] AAAAA-TCP_FORW: name:enp0s3: saddr:33561200: daddr:100932208
[  288.068930] AAAAA-TCP_FORW: name:enp0s3: saddr:16783984: daddr:100932208
[  288.089936] AAAAA-TCP_FORW: name:enp0s3: saddr:100932208: daddr:16783984
[  288.151319] AAAAA-TCP_FORW: name:enp0s3: saddr:16783984: daddr:100932208
[  288.194228] AAAAA-TCP_FORW: name:enp0s3: saddr:33561200: daddr:100932208
[  288.214925] AAAAA-TCP_FORW: name:enp0s3: saddr:100932208: daddr:16783984
[  288.279054] AAAAA-TCP_FORW: name:enp0s3: saddr:100932208: daddr:33561200
[  288.309279] AAAAA-TCP_FORW: name:enp0s3: saddr:100932208: daddr:33561200
[  288.355306] AAAAA-TCP_FORW: name:enp0s3: saddr:33561200: daddr:100932208
[  288.380947] AAAAA-TCP_FORW: name:enp0s3: saddr:100932208: daddr:33561200
[  288.401489] AAAAA-TCP_FORW: name:enp0s3: saddr:16783984: daddr:100932208
[  288.415734] AAAAA-TCP_FORW: name:enp0s3: saddr:100932208: daddr:33561200
[  288.491128] AAAAA-TCP_FORW: name:enp0s3: saddr:100932208: daddr:16783984
[  288.545981] AAAAA-TCP_FORW: name:enp0s3: saddr:100932208: daddr:16783984
[  288.611971] AAAAA-TCP_FORW: name:enp0s3: saddr:16783984: daddr:100932208
[  288.630840] AAAAA-TCP_FORW: name:enp0s3: saddr:100932208: daddr:16783984
[  288.671452] AAAAA-TCP_FORW: name:enp0s3: saddr:100932208: daddr:33561200
[  288.694121] AAAAA-TCP_FORW: name:enp0s3: saddr:100932208: daddr:33561200
[  288.727691] AAAAA-TCP_FORW: name:enp0s3: saddr:16783984: daddr:100932208
[  288.772819] AAAAA-TCP_FORW: name:enp0s3: saddr:33561200: daddr:100932208
[  288.791884] AAAAA-TCP_FORW: name:enp0s3: saddr:100932208: daddr:33561200
[  288.833384] AAAAA-TCP_FORW: name:enp0s3: saddr:33561200: daddr:100932208
[  288.910870] AAAAA-TCP_FORW: name:enp0s3: saddr:33561200: daddr:100932208
[  288.919962] AAAAA-TCP_FORW: name:enp0s3: saddr:100932208: daddr:33561200
[  288.954657] AAAAA-TCP_FORW: name:enp0s3: saddr:100932208: daddr:16783984
[  288.957220] AAAAA-TCP_FORW: name:enp0s3: saddr:100932208: daddr:33561200
[  288.980344] AAAAA-TCP_FORW: name:enp0s3: saddr:33561200: daddr:100932208
[  289.027778] AAAAA-TCP_FORW: name:enp0s3: saddr:16783984: daddr:100932208
[  289.079017] AAAAA-TCP_FORW: name:enp0s3: saddr:100932208: daddr:16783984
[  289.093862] AAAAA-TCP_FORW: name:enp0s3: saddr:16783984: daddr:100932208
[  289.134670] AAAAA-TCP_FORW: name:enp0s3: saddr:100932208: daddr:16783984
[  289.175098] AAAAA-TCP_FORW: name:enp0s3: saddr:16783984: daddr:100932208
[  289.184192] AAAAA-TCP_FORW: name:enp0s3: saddr:100932208: daddr:33561200
[  289.237853] AAAAA-TCP_FORW: name:enp0s3: saddr:33561200: daddr:100932208
[  289.254352] AAAAA-TCP_FORW: name:enp0s3: saddr:100932208: daddr:33561200
[  289.280497] AAAAA-TCP_FORW: name:enp0s3: saddr:33561200: daddr:100932208
[  289.317304] AAAAA-TCP_FORW: name:enp0s3: saddr:100932208: daddr:16783984
[  289.401434] AAAAA-TCP_FORW: name:enp0s3: saddr:33561200: daddr:100932208
[  289.456059] AAAAA-TCP_FORW: name:enp0s3: saddr:100932208: daddr:33561200
[  289.519425] AAAAA-TCP_FORW: name:enp0s3: saddr:100932208: daddr:16783984
[  289.542021] AAAAA-TCP_FORW: name:enp0s3: saddr:33561200: daddr:100932208
[  289.556907] AAAAA-TCP_FORW: name:enp0s3: saddr:100932208: daddr:16783984
[  289.592455] AAAAA-TCP_FORW: name:enp0s3: saddr:16783984: daddr:100932208
[  289.632807] AAAAA-TCP_FORW: name:enp0s3: saddr:33561200: daddr:100932208
[  289.681924] AAAAA-TCP_FORW: name:enp0s3: saddr:100932208: daddr:33561200
[  289.686869] AAAAA-TCP_FORW: name:enp0s3: saddr:100932208: daddr:33561200
[  289.689763] AAAAA-TCP_FORW: name:enp0s3: saddr:100932208: daddr:16783984
[  289.749383] AAAAA-TCP_FORW: name:enp0s3: saddr:16783984: daddr:100932208
[  289.799532] AAAAA-TCP_FORW: name:enp0s3: saddr:100932208: daddr:33561200
[  289.831173] AAAAA-TCP_FORW: name:enp0s3: saddr:16783984: daddr:100932208
[  289.898958] AAAAA-TCP_FORW: name:enp0s3: saddr:100932208: daddr:16783984
[  289.921666] AAAAA-TCP_FORW: name:enp0s3: saddr:33561200: daddr:100932208
[  289.969630] AAAAA-TCP_FORW: name:enp0s3: saddr:100932208: daddr:16783984
[  290.022516] AAAAA-TCP_FORW: name:enp0s3: saddr:33561200: daddr:100932208
[  290.042984] AAAAA-TCP_FORW: name:enp0s3: saddr:100932208: daddr:16783984
[  290.079518] AAAAA-TCP_FORW: name:enp0s3: saddr:16783984: daddr:100932208
[  290.183266] AAAAA-TCP_FORW: name:enp0s3: saddr:33561200: daddr:100932208
[  290.255989] AAAAA-TCP_FORW: name:enp0s3: saddr:16783984: daddr:100932208
[  290.288422] AAAAA-TCP_FORW: name:enp0s3: saddr:100932208: daddr:16783984
[  290.331885] AAAAA-TCP_FORW: name:enp0s3: saddr:16783984: daddr:100932208
[  290.418485] AAAAA-TCP_FORW: name:enp0s3: saddr:100932208: daddr:33561200
[  290.457580] AAAAA-TCP_FORW: name:enp0s3: saddr:33561200: daddr:100932208
[  290.482991] AAAAA-TCP_FORW: name:enp0s3: saddr:100932208: daddr:33561200
[  290.548547] AAAAA-TCP_FORW: name:enp0s3: saddr:33561200: daddr:100932208
[  290.581080] AAAAA-TCP_FORW: name:enp0s3: saddr:16783984: daddr:100932208
[  290.604473] AAAAA-TCP_FORW: name:enp0s3: saddr:100932208: daddr:16783984
[  290.657496] AAAAA-TCP_FORW: name:enp0s3: saddr:100932208: daddr:33561200
[  290.675189] AAAAA-TCP_FORW: name:enp0s3: saddr:33561200: daddr:100932208
[  290.735872] AAAAA-TCP_FORW: name:enp0s3: saddr:16783984: daddr:100932208
[  290.783386] AAAAA-TCP_FORW: name:enp0s3: saddr:100932208: daddr:16783984
[  290.833069] AAAAA-TCP_FORW: name:enp0s3: saddr:16783984: daddr:100932208
[  290.888467] AAAAA-TCP_FORW: name:enp0s3: saddr:100932208: daddr:16783984
[  290.908120] AAAAA-TCP_FORW: name:enp0s3: saddr:16783984: daddr:100932208
[  290.962908] AAAAA-TCP_FORW: name:enp0s3: saddr:100932208: daddr:33561200
[  291.095823] AAAAA-TCP_FORW: name:enp0s3: saddr:16783984: daddr:100932208
[  291.139807] AAAAA-TCP_FORW: name:enp0s3: saddr:100932208: daddr:33561200
[  291.194247] AAAAA-TCP_FORW: name:enp0s3: saddr:33561200: daddr:100932208
[  291.230822] AAAAA-TCP_FORW: name:enp0s3: saddr:100932208: daddr:16783984
[  291.281741] AAAAA-TCP_FORW: name:enp0s3: saddr:33561200: daddr:100932208
[  291.302075] AAAAA-TCP_FORW: name:enp0s3: saddr:100932208: daddr:33561200
[  291.353539] AAAAA-TCP_FORW: name:enp0s3: saddr:100932208: daddr:33561200
[  291.389397] AAAAA-TCP_FORW: name:enp0s3: saddr:16783984: daddr:100932208
[  291.436473] AAAAA-TCP_FORW: name:enp0s3: saddr:33561200: daddr:100932208
[  291.492386] AAAAA-TCP_FORW: name:enp0s3: saddr:100932208: daddr:16783984
[  291.550541] AAAAA-TCP_FORW: name:enp0s3: saddr:16783984: daddr:100932208
[  291.608719] AAAAA-TCP_FORW: name:enp0s3: saddr:16783984: daddr:100932208
[  291.644509] AAAAA-TCP_FORW: name:enp0s3: saddr:100932208: daddr:33561200
[  291.718229] AAAAA-TCP_FORW: name:enp0s3: saddr:33561200: daddr:100932208
[  291.776377] AAAAA-TCP_FORW: name:enp0s3: saddr:33561200: daddr:100932208
[  291.888807] AAAAA-TCP_FORW: name:enp0s3: saddr:16783984: daddr:100932208
[  291.944574] AAAAA-TCP_FORW: name:enp0s3: saddr:33561200: daddr:100932208
[  291.994671] AAAAA-TCP_FORW: name:enp0s3: saddr:33561200: daddr:100932208
[  292.108970] AAAAA-TCP_FORW: name:enp0s3: saddr:16783984: daddr:100932208
[  292.245524] AAAAA-TCP_FORW: name:enp0s3: saddr:33561200: daddr:100932208
[  313.389006] AAAAA-TCP_FORW: name:enp0s3: saddr:100932208: daddr:16783984
[  313.608317] AAAAA-TCP_FORW: name:enp0s3: saddr:100932208: daddr:33561200
[  313.687653] AAAAA-TCP_FORW: name:enp0s3: saddr:100932208: daddr:16783984
[  313.954105] AAAAA-TCP_FORW: name:enp0s3: saddr:100932208: daddr:33561200
[  314.065882] AAAAA-TCP_FORW: name:enp0s3: saddr:100932208: daddr:16783984
[  314.155294] AAAAA-TCP_FORW: name:enp0s3: saddr:100932208: daddr:33561200
[  314.200975] AAAAA-TCP_FORW: name:enp0s3: saddr:100932208: daddr:16783984
[  314.366203] AAAAA-TCP_FORW: name:enp0s3: saddr:100932208: daddr:33561200
[  314.425697] AAAAA-TCP_FORW: name:enp0s3: saddr:100932208: daddr:16783984
[  314.514437] AAAAA-TCP_FORW: name:enp0s3: saddr:100932208: daddr:33561200
[  314.589653] AAAAA-TCP_FORW: name:enp0s3: saddr:100932208: daddr:16783984
[  314.711998] AAAAA-TCP_FORW: name:enp0s3: saddr:100932208: daddr:33561200
[  314.829328] AAAAA-TCP_FORW: name:enp0s3: saddr:16783984: daddr:100932208
[  314.845976] AAAAA-TCP_FORW: name:enp0s3: saddr:100932208: daddr:16783984
[  314.909676] AAAAA-TCP_FORW: name:enp0s3: saddr:100932208: daddr:33561200
[  314.966975] AAAAA-TCP_FORW: name:enp0s3: saddr:100932208: daddr:16783984
[  315.131142] AAAAA-TCP_FORW: name:enp0s3: saddr:100932208: daddr:33561200
[  315.204535] AAAAA-TCP_FORW: name:enp0s3: saddr:100932208: daddr:16783984
[  315.228601] AAAAA-TCP_FORW: name:enp0s3: saddr:33561200: daddr:100932208
[  315.376972] AAAAA-TCP_FORW: name:enp0s3: saddr:100932208: daddr:33561200
[  315.391256] AAAAA-TCP_FORW: name:enp0s3: saddr:16783984: daddr:100932208
[  315.513129] AAAAA-TCP_FORW: name:enp0s3: saddr:100932208: daddr:16783984
[  315.636999] AAAAA-TCP_FORW: name:enp0s3: saddr:100932208: daddr:33561200
[  315.710105] AAAAA-TCP_FORW: name:enp0s3: saddr:100932208: daddr:16783984
[  315.833312] AAAAA-TCP_FORW: name:enp0s3: saddr:33561200: daddr:100932208
[  315.839222] AAAAA-TCP_FORW: name:enp0s3: saddr:100932208: daddr:33561200
[  315.963427] AAAAA-TCP_FORW: name:enp0s3: saddr:100932208: daddr:16783984
[  316.016420] AAAAA-TCP_FORW: name:enp0s3: saddr:16783984: daddr:100932208
[  316.023682] AAAAA-TCP_FORW: name:enp0s3: saddr:100932208: daddr:33561200
[  316.127765] AAAAA-TCP_FORW: name:enp0s3: saddr:33561200: daddr:100932208
[  316.160267] AAAAA-TCP_FORW: name:enp0s3: saddr:100932208: daddr:16783984
[  316.189989] AAAAA-TCP_FORW: name:enp0s3: saddr:100932208: daddr:33561200
[  316.207295] AAAAA-TCP_FORW: name:enp0s3: saddr:16783984: daddr:100932208
[  316.253586] AAAAA-TCP_FORW: name:enp0s3: saddr:100932208: daddr:16783984
[  316.448867] AAAAA-TCP_FORW: name:enp0s3: saddr:100932208: daddr:33561200
[  316.487888] AAAAA-TCP_FORW: name:enp0s3: saddr:33561200: daddr:100932208
[  316.532072] AAAAA-TCP_FORW: name:enp0s3: saddr:100932208: daddr:16783984
[  316.608823] AAAAA-TCP_FORW: name:enp0s3: saddr:16783984: daddr:100932208
[  316.797807] AAAAA-TCP_FORW: name:enp0s3: saddr:33561200: daddr:100932208
[  316.865841] AAAAA-TCP_FORW: name:enp0s3: saddr:16783984: daddr:100932208
[  316.956845] AAAAA-TCP_FORW: name:enp0s3: saddr:33561200: daddr:100932208
[  317.112693] AAAAA-TCP_FORW: name:enp0s3: saddr:16783984: daddr:100932208
[  317.179302] AAAAA-TCP_FORW: name:enp0s3: saddr:33561200: daddr:100932208
[  317.252421] AAAAA-TCP_FORW: name:enp0s3: saddr:100932208: daddr:16783984
[  317.300650] AAAAA-TCP_FORW: name:enp0s3: saddr:16783984: daddr:100932208
[  317.337409] AAAAA-TCP_FORW: name:enp0s3: saddr:100932208: daddr:16783984
[  317.426398] AAAAA-TCP_FORW: name:enp0s3: saddr:33561200: daddr:100932208
[  317.532302] AAAAA-TCP_FORW: name:enp0s3: saddr:16783984: daddr:100932208
[  317.581564] AAAAA-TCP_FORW: name:enp0s3: saddr:33561200: daddr:100932208
[  317.632580] AAAAA-TCP_FORW: name:enp0s3: saddr:16783984: daddr:100932208
[  317.667280] AAAAA-TCP_FORW: name:enp0s3: saddr:33561200: daddr:100932208
[  317.695376] AAAAA-TCP_FORW: name:enp0s3: saddr:16783984: daddr:100932208
[  317.841334] AAAAA-TCP_FORW: name:enp0s3: saddr:16783984: daddr:100932208
[  318.002294] AAAAA-TCP_FORW: name:enp0s3: saddr:100932208: daddr:33561200
[  318.050061] AAAAA-TCP_FORW: name:enp0s3: saddr:33561200: daddr:100932208
[  318.093098] AAAAA-TCP_FORW: name:enp0s3: saddr:100932208: daddr:33561200
[  318.170817] AAAAA-TCP_FORW: name:enp0s3: saddr:16783984: daddr:100932208
[  318.242651] AAAAA-TCP_FORW: name:enp0s3: saddr:33561200: daddr:100932208
[  318.309806] AAAAA-TCP_FORW: name:enp0s3: saddr:100932208: daddr:33561200
[  318.324133] AAAAA-TCP_FORW: name:enp0s3: saddr:16783984: daddr:100932208
[  318.383915] AAAAA-TCP_FORW: name:enp0s3: saddr:33561200: daddr:100932208
[  318.407712] AAAAA-TCP_FORW: name:enp0s3: saddr:100932208: daddr:33561200
[  318.684322] AAAAA-TCP_FORW: name:enp0s3: saddr:100932208: daddr:16783984
[  318.760474] AAAAA-TCP_FORW: name:enp0s3: saddr:100932208: daddr:16783984
[  318.803757] AAAAA-TCP_FORW: name:enp0s3: saddr:100932208: daddr:16783984
[  318.824337] AAAAA-TCP_FORW: name:enp0s3: saddr:16783984: daddr:100932208
[  318.927793] AAAAA-TCP_FORW: name:enp0s3: saddr:100932208: daddr:16783984
[  319.006713] AAAAA-TCP_FORW: name:enp0s3: saddr:16783984: daddr:100932208
[  319.136413] AAAAA-TCP_FORW: name:enp0s3: saddr:100932208: daddr:33561200
[  319.197016] AAAAA-TCP_FORW: name:enp0s3: saddr:100932208: daddr:33561200
[  319.486802] AAAAA-TCP_FORW: name:enp0s3: saddr:100932208: daddr:16783984
[  319.565985] AAAAA-TCP_FORW: name:enp0s3: saddr:33561200: daddr:100932208
[  319.646260] AAAAA-TCP_FORW: name:enp0s3: saddr:100932208: daddr:16783984
[  319.740252] AAAAA-TCP_FORW: name:enp0s3: saddr:33561200: daddr:100932208
[  320.049332] AAAAA-TCP_FORW: name:enp0s3: saddr:33561200: daddr:100932208
[  320.170791] AAAAA-TCP_FORW: name:enp0s3: saddr:100932208: daddr:33561200
[  320.235180] AAAAA-TCP_FORW: name:enp0s3: saddr:33561200: daddr:100932208
[  320.452090] AAAAA-TCP_FORW: name:enp0s3: saddr:100932208: daddr:33561200
[  320.637260] AAAAA-TCP_FORW: name:enp0s3: saddr:16783984: daddr:100932208
[  320.732156] AAAAA-TCP_FORW: name:enp0s3: saddr:16783984: daddr:100932208
[  320.746760] AAAAA-TCP_FORW: name:enp0s3: saddr:100932208: daddr:33561200
[  320.781200] AAAAA-TCP_FORW: name:enp0s3: saddr:16783984: daddr:100932208
[  320.856365] AAAAA-TCP_FORW: name:enp0s3: saddr:100932208: daddr:33561200
[  321.031833] AAAAA-TCP_FORW: name:enp0s3: saddr:16783984: daddr:100932208
[  321.139966] AAAAA-TCP_FORW: name:enp0s3: saddr:100932208: daddr:16783984
[  321.226857] AAAAA-TCP_FORW: name:enp0s3: saddr:100932208: daddr:16783984
[  321.260394] AAAAA-TCP_FORW: name:enp0s3: saddr:33561200: daddr:100932208
[  321.412087] AAAAA-TCP_FORW: name:enp0s3: saddr:100932208: daddr:16783984
[  321.458511] AAAAA-TCP_FORW: name:enp0s3: saddr:33561200: daddr:100932208
[  321.480259] AAAAA-TCP_FORW: name:enp0s3: saddr:100932208: daddr:16783984
[  321.619161] AAAAA-TCP_FORW: name:enp0s3: saddr:16783984: daddr:100932208
[  321.671238] AAAAA-TCP_FORW: name:enp0s3: saddr:100932208: daddr:33561200
[  321.732047] AAAAA-TCP_FORW: name:enp0s3: saddr:16783984: daddr:100932208
[  321.806814] AAAAA-TCP_FORW: name:enp0s3: saddr:100932208: daddr:33561200
[  321.888644] AAAAA-TCP_FORW: name:enp0s3: saddr:33561200: daddr:100932208
[  322.032615] AAAAA-TCP_FORW: name:enp0s3: saddr:33561200: daddr:100932208
[  322.057462] AAAAA-TCP_FORW: name:enp0s3: saddr:100932208: daddr:16783984
[  322.115681] AAAAA-TCP_FORW: name:enp0s3: saddr:100932208: daddr:16783984
[  322.163328] AAAAA-TCP_FORW: name:enp0s3: saddr:100932208: daddr:33561200
[  322.319898] AAAAA-TCP_FORW: name:enp0s3: saddr:100932208: daddr:33561200
[  322.341408] AAAAA-TCP_FORW: name:enp0s3: saddr:33561200: daddr:100932208
[  322.399351] AAAAA-TCP_FORW: name:enp0s3: saddr:100932208: daddr:16783984
[  322.458200] AAAAA-TCP_FORW: name:enp0s3: saddr:33561200: daddr:100932208
[  322.487582] AAAAA-TCP_FORW: name:enp0s3: saddr:100932208: daddr:16783984
[  322.530065] AAAAA-TCP_FORW: name:enp0s3: saddr:100932208: daddr:33561200
[  322.625128] AAAAA-TCP_FORW: name:enp0s3: saddr:16783984: daddr:100932208
[  322.643829] AAAAA-TCP_FORW: name:enp0s3: saddr:100932208: daddr:16783984
[  322.646826] AAAAA-TCP_FORW: name:enp0s3: saddr:100932208: daddr:33561200
[  322.672612] AAAAA-TCP_FORW: name:enp0s3: saddr:16783984: daddr:100932208
[  322.682547] AAAAA-TCP_FORW: name:enp0s3: saddr:100932208: daddr:33561200
[  322.743328] AAAAA-TCP_FORW: name:enp0s3: saddr:100932208: daddr:16783984
[  322.779783] AAAAA-TCP_FORW: name:enp0s3: saddr:100932208: daddr:16783984
[  322.804385] AAAAA-TCP_FORW: name:enp0s3: saddr:16783984: daddr:100932208
[  322.907851] AAAAA-TCP_FORW: name:enp0s3: saddr:16783984: daddr:100932208
[  322.927830] AAAAA-TCP_FORW: name:enp0s3: saddr:100932208: daddr:33561200
[  322.967486] AAAAA-TCP_FORW: name:enp0s3: saddr:100932208: daddr:16783984
[  323.031585] AAAAA-TCP_FORW: name:enp0s3: saddr:100932208: daddr:16783984
[  323.131737] AAAAA-TCP_FORW: name:enp0s3: saddr:100932208: daddr:16783984
[  323.152844] AAAAA-TCP_FORW: name:enp0s3: saddr:100932208: daddr:33561200
[  323.174363] AAAAA-TCP_FORW: name:enp0s3: saddr:33561200: daddr:100932208
[  323.285102] AAAAA-TCP_FORW: name:enp0s3: saddr:33561200: daddr:100932208
[  323.531091] AAAAA-TCP_FORW: name:enp0s3: saddr:100932208: daddr:16783984
[  323.555384] AAAAA-TCP_FORW: name:enp0s3: saddr:16783984: daddr:100932208
[  323.613943] AAAAA-TCP_FORW: name:enp0s3: saddr:16783984: daddr:100932208
[  323.687591] AAAAA-TCP_FORW: name:enp0s3: saddr:33561200: daddr:100932208
[  323.740541] AAAAA-TCP_FORW: name:enp0s3: saddr:33561200: daddr:100932208
[  323.784404] AAAAA-TCP_FORW: name:enp0s3: saddr:100932208: daddr:33561200
[  323.836686] AAAAA-TCP_FORW: name:enp0s3: saddr:100932208: daddr:16783984
[  323.911604] AAAAA-TCP_FORW: name:enp0s3: saddr:16783984: daddr:100932208
[  323.925282] AAAAA-TCP_FORW: name:enp0s3: saddr:100932208: daddr:16783984
[  324.056244] AAAAA-TCP_FORW: name:enp0s3: saddr:16783984: daddr:100932208
[  324.082957] AAAAA-TCP_FORW: name:enp0s3: saddr:100932208: daddr:33561200
[  324.093425] AAAAA-TCP_FORW: name:enp0s3: saddr:33561200: daddr:100932208
[  324.187303] AAAAA-TCP_FORW: name:enp0s3: saddr:16783984: daddr:100932208
[  324.251463] AAAAA-TCP_FORW: name:enp0s3: saddr:100932208: daddr:16783984
[  324.256208] AAAAA-TCP_FORW: name:enp0s3: saddr:33561200: daddr:100932208
[  324.419742] AAAAA-TCP_FORW: name:enp0s3: saddr:33561200: daddr:100932208
[  324.452601] AAAAA-TCP_FORW: name:enp0s3: saddr:16783984: daddr:100932208
[  324.472212] AAAAA-TCP_FORW: name:enp0s3: saddr:100932208: daddr:16783984
[  324.512754] AAAAA-TCP_FORW: name:enp0s3: saddr:16783984: daddr:100932208
[  324.682906] AAAAA-TCP_FORW: name:enp0s3: saddr:33561200: daddr:100932208
[  324.750060] AAAAA-TCP_FORW: name:enp0s3: saddr:100932208: daddr:33561200
[  324.773611] AAAAA-TCP_FORW: name:enp0s3: saddr:16783984: daddr:100932208
[  324.829716] AAAAA-TCP_FORW: name:enp0s3: saddr:16783984: daddr:100932208
[  324.876378] AAAAA-TCP_FORW: name:enp0s3: saddr:16783984: daddr:100932208
[  324.913592] AAAAA-TCP_FORW: name:enp0s3: saddr:33561200: daddr:100932208
[  324.921970] AAAAA-TCP_FORW: name:enp0s3: saddr:100932208: daddr:33561200
[  324.968468] AAAAA-TCP_FORW: name:enp0s3: saddr:100932208: daddr:16783984
[  325.077549] AAAAA-TCP_FORW: name:enp0s3: saddr:100932208: daddr:16783984
[  325.330792] AAAAA-TCP_FORW: name:enp0s3: saddr:16783984: daddr:100932208
[  325.337783] AAAAA-TCP_FORW: name:enp0s3: saddr:100932208: daddr:16783984
[  325.371238] AAAAA-TCP_FORW: name:enp0s3: saddr:100932208: daddr:33561200
[  325.504052] AAAAA-TCP_FORW: name:enp0s3: saddr:100932208: daddr:33561200
[  325.680504] AAAAA-TCP_FORW: name:enp0s3: saddr:100932208: daddr:16783984
[  325.727327] AAAAA-TCP_FORW: name:enp0s3: saddr:33561200: daddr:100932208
[  325.808468] AAAAA-TCP_FORW: name:enp0s3: saddr:16783984: daddr:100932208
[  325.899032] AAAAA-TCP_FORW: name:enp0s3: saddr:100932208: daddr:33561200
[  325.918967] AAAAA-TCP_FORW: name:enp0s3: saddr:16783984: daddr:100932208
[  326.018090] AAAAA-TCP_FORW: name:enp0s3: saddr:100932208: daddr:33561200
[  326.038095] AAAAA-TCP_FORW: name:enp0s3: saddr:33561200: daddr:100932208
[  326.209026] AAAAA-TCP_FORW: name:enp0s3: saddr:16783984: daddr:100932208
[  326.294594] AAAAA-TCP_FORW: name:enp0s3: saddr:100932208: daddr:16783984
[  326.407661] AAAAA-TCP_FORW: name:enp0s3: saddr:100932208: daddr:16783984
[  326.432319] AAAAA-TCP_FORW: name:enp0s3: saddr:16783984: daddr:100932208
[  326.623205] AAAAA-TCP_FORW: name:enp0s3: saddr:100932208: daddr:16783984
[  326.684232] AAAAA-TCP_FORW: name:enp0s3: saddr:33561200: daddr:100932208
[  326.839625] AAAAA-TCP_FORW: name:enp0s3: saddr:100932208: daddr:33561200
[  326.946747] AAAAA-TCP_FORW: name:enp0s3: saddr:33561200: daddr:100932208
[  326.960289] AAAAA-TCP_FORW: name:enp0s3: saddr:100932208: daddr:33561200
[  327.008730] AAAAA-TCP_FORW: name:enp0s3: saddr:16783984: daddr:100932208
[  327.049246] AAAAA-TCP_FORW: name:enp0s3: saddr:16783984: daddr:100932208
[  327.135318] AAAAA-TCP_FORW: name:enp0s3: saddr:16783984: daddr:100932208
[  327.154178] AAAAA-TCP_FORW: name:enp0s3: saddr:100932208: daddr:16783984
[  327.179487] AAAAA-TCP_FORW: name:enp0s3: saddr:33561200: daddr:100932208
[  327.233813] AAAAA-TCP_FORW: name:enp0s3: saddr:33561200: daddr:100932208
[  327.291841] AAAAA-TCP_FORW: name:enp0s3: saddr:16783984: daddr:100932208
[  327.411115] AAAAA-TCP_FORW: name:enp0s3: saddr:100932208: daddr:16783984
[  327.522152] AAAAA-TCP_FORW: name:enp0s3: saddr:33561200: daddr:100932208
[  327.621952] AAAAA-TCP_FORW: name:enp0s3: saddr:33561200: daddr:100932208
[  327.856283] AAAAA-TCP_FORW: name:enp0s3: saddr:16783984: daddr:100932208
[  327.911032] AAAAA-TCP_FORW: name:enp0s3: saddr:16783984: daddr:100932208
[  328.146929] AAAAA-TCP_FORW: name:enp0s3: saddr:16783984: daddr:100932208
[  328.301319] AAAAA-TCP_FORW: name:enp0s3: saddr:33561200: daddr:100932208
[  328.364847] AAAAA-TCP_FORW: name:enp0s3: saddr:33561200: daddr:100932208
[  328.624287] AAAAA-TCP_FORW: name:enp0s3: saddr:16783984: daddr:100932208
[  328.932359] AAAAA-TCP_FORW: name:enp0s3: saddr:16783984: daddr:100932208
[  346.645757] AAAAA-TCP_FORW: name:enp0s3: saddr:100932208: daddr:16783984
[  346.752950] AAAAA-TCP_FORW: name:enp0s3: saddr:100932208: daddr:33561200
[  346.975215] AAAAA-TCP_FORW: name:enp0s3: saddr:100932208: daddr:16783984
[  347.221613] AAAAA-TCP_FORW: name:enp0s3: saddr:100932208: daddr:33561200
[  347.471958] AAAAA-TCP_FORW: name:enp0s3: saddr:100932208: daddr:16783984
[  347.719511] AAAAA-TCP_FORW: name:enp0s3: saddr:100932208: daddr:33561200
[  347.797204] AAAAA-TCP_FORW: name:enp0s3: saddr:16783984: daddr:100932208
[  348.050179] AAAAA-TCP_FORW: name:enp0s3: saddr:100932208: daddr:16783984
[  348.201534] AAAAA-TCP_FORW: name:enp0s3: saddr:100932208: daddr:33561200
[  348.212712] AAAAA-TCP_FORW: name:enp0s3: saddr:33561200: daddr:100932208
[  348.506122] AAAAA-TCP_FORW: name:enp0s3: saddr:100932208: daddr:16783984
[  348.792449] AAAAA-TCP_FORW: name:enp0s3: saddr:16783984: daddr:100932208
[  349.097278] AAAAA-TCP_FORW: name:enp0s3: saddr:100932208: daddr:33561200
[  349.236599] AAAAA-TCP_FORW: name:enp0s3: saddr:100932208: daddr:16783984
[  349.264705] AAAAA-TCP_FORW: name:enp0s3: saddr:33561200: daddr:100932208
[  349.750352] AAAAA-TCP_FORW: name:enp0s3: saddr:100932208: daddr:33561200
[  349.826991] AAAAA-TCP_FORW: name:enp0s3: saddr:16783984: daddr:100932208
[  350.037577] AAAAA-TCP_FORW: name:enp0s3: saddr:100932208: daddr:16783984
[  350.356908] AAAAA-TCP_FORW: name:enp0s3: saddr:100932208: daddr:33561200
[  350.424507] AAAAA-TCP_FORW: name:enp0s3: saddr:33561200: daddr:100932208
[  350.719417] AAAAA-TCP_FORW: name:enp0s3: saddr:100932208: daddr:16783984
[  350.746567] AAAAA-TCP_FORW: name:enp0s3: saddr:16783984: daddr:100932208
[  350.832446] AAAAA-TCP_FORW: name:enp0s3: saddr:100932208: daddr:33561200
[  351.218084] AAAAA-TCP_FORW: name:enp0s3: saddr:100932208: daddr:16783984
[  351.255752] AAAAA-TCP_FORW: name:enp0s3: saddr:33561200: daddr:100932208
[  351.504943] AAAAA-TCP_FORW: name:enp0s3: saddr:100932208: daddr:33561200
[  351.552993] AAAAA-TCP_FORW: name:enp0s3: saddr:100932208: daddr:16783984
[  351.767899] AAAAA-TCP_FORW: name:enp0s3: saddr:100932208: daddr:33561200
[  351.812944] AAAAA-TCP_FORW: name:enp0s3: saddr:100932208: daddr:16783984
[  351.896113] AAAAA-TCP_FORW: name:enp0s3: saddr:16783984: daddr:100932208
[  351.947585] AAAAA-TCP_FORW: name:enp0s3: saddr:100932208: daddr:33561200
[  352.034372] AAAAA-TCP_FORW: name:enp0s3: saddr:100932208: daddr:16783984
[  352.269544] AAAAA-TCP_FORW: name:enp0s3: saddr:100932208: daddr:33561200
[  352.272976] AAAAA-TCP_FORW: name:enp0s3: saddr:100932208: daddr:16783984
[  352.379298] AAAAA-TCP_FORW: name:enp0s3: saddr:100932208: daddr:16783984
[  352.756351] AAAAA-TCP_FORW: name:enp0s3: saddr:33561200: daddr:100932208
[  352.890302] AAAAA-TCP_FORW: name:enp0s3: saddr:16783984: daddr:100932208
[  353.292900] AAAAA-TCP_FORW: name:enp0s3: saddr:33561200: daddr:100932208
[  353.420198] AAAAA-TCP_FORW: name:enp0s3: saddr:16783984: daddr:100932208
[  353.637299] AAAAA-TCP_FORW: name:enp0s3: saddr:33561200: daddr:100932208
[  353.851110] AAAAA-TCP_FORW: name:enp0s3: saddr:16783984: daddr:100932208
[  354.024466] AAAAA-TCP_FORW: name:enp0s3: saddr:33561200: daddr:100932208
[  354.254645] AAAAA-TCP_FORW: name:enp0s3: saddr:16783984: daddr:100932208
[  354.341401] AAAAA-TCP_FORW: name:enp0s3: saddr:33561200: daddr:100932208
[  354.482048] AAAAA-TCP_FORW: name:enp0s3: saddr:16783984: daddr:100932208
[  354.628241] AAAAA-TCP_FORW: name:enp0s3: saddr:33561200: daddr:100932208
[  354.832833] AAAAA-TCP_FORW: name:enp0s3: saddr:16783984: daddr:100932208
[  355.038469] AAAAA-TCP_FORW: name:enp0s3: saddr:33561200: daddr:100932208
[  355.112842] AAAAA-TCP_FORW: name:enp0s3: saddr:16783984: daddr:100932208
[  355.289394] AAAAA-TCP_FORW: name:enp0s3: saddr:33561200: daddr:100932208
[  355.442603] AAAAA-TCP_FORW: name:enp0s3: saddr:16783984: daddr:100932208
[  355.492700] AAAAA-TCP_FORW: name:enp0s3: saddr:16783984: daddr:100932208
[  356.148746] AAAAA-TCP_FORW: name:enp0s3: saddr:100932208: daddr:16783984
[  356.472245] AAAAA-TCP_FORW: name:enp0s3: saddr:100932208: daddr:16783984
[  356.611104] AAAAA-TCP_FORW: name:enp0s3: saddr:100932208: daddr:33561200
[  356.674650] AAAAA-TCP_FORW: name:enp0s3: saddr:100932208: daddr:33561200
[  357.439889] AAAAA-TCP_FORW: name:enp0s3: saddr:16783984: daddr:100932208
[  357.579562] AAAAA-TCP_FORW: name:enp0s3: saddr:16783984: daddr:100932208
[  357.729696] AAAAA-TCP_FORW: name:enp0s3: saddr:33561200: daddr:100932208
[  357.858613] AAAAA-TCP_FORW: name:enp0s3: saddr:33561200: daddr:100932208
[  357.958861] AAAAA-TCP_FORW: name:enp0s3: saddr:16783984: daddr:100932208
[  358.095490] AAAAA-TCP_FORW: name:enp0s3: saddr:16783984: daddr:100932208
[  358.220265] AAAAA-TCP_FORW: name:enp0s3: saddr:33561200: daddr:100932208
[  358.326675] AAAAA-TCP_FORW: name:enp0s3: saddr:33561200: daddr:100932208
[  358.619881] AAAAA-TCP_FORW: name:enp0s3: saddr:16783984: daddr:100932208
[  358.718289] AAAAA-TCP_FORW: name:enp0s3: saddr:100932208: daddr:16783984
[  358.788407] AAAAA-TCP_FORW: name:enp0s3: saddr:100932208: daddr:16783984
[  358.831432] AAAAA-TCP_FORW: name:enp0s3: saddr:16783984: daddr:100932208
[  358.941871] AAAAA-TCP_FORW: name:enp0s3: saddr:100932208: daddr:16783984
[  359.052661] AAAAA-TCP_FORW: name:enp0s3: saddr:100932208: daddr:16783984
[  359.192731] AAAAA-TCP_FORW: name:enp0s3: saddr:100932208: daddr:16783984
[  359.382723] AAAAA-TCP_FORW: name:enp0s3: saddr:100932208: daddr:33561200
[  359.436152] AAAAA-TCP_FORW: name:enp0s3: saddr:100932208: daddr:33561200
[  359.512937] AAAAA-TCP_FORW: name:enp0s3: saddr:100932208: daddr:33561200
[  359.628638] AAAAA-TCP_FORW: name:enp0s3: saddr:100932208: daddr:33561200
[  359.753931] AAAAA-TCP_FORW: name:enp0s3: saddr:100932208: daddr:33561200
[  359.829722] AAAAA-TCP_FORW: name:enp0s3: saddr:16783984: daddr:100932208
[  359.855633] AAAAA-TCP_FORW: name:enp0s3: saddr:100932208: daddr:33561200
[  359.913731] AAAAA-TCP_FORW: name:enp0s3: saddr:100932208: daddr:33561200
[  359.983302] AAAAA-TCP_FORW: name:enp0s3: saddr:100932208: daddr:33561200
[  360.036646] AAAAA-TCP_FORW: name:enp0s3: saddr:100932208: daddr:16783984
[  360.103690] AAAAA-TCP_FORW: name:enp0s3: saddr:100932208: daddr:16783984
[  360.141330] AAAAA-TCP_FORW: name:enp0s3: saddr:16783984: daddr:100932208
[  360.173253] AAAAA-TCP_FORW: name:enp0s3: saddr:100932208: daddr:33561200
[  360.202481] AAAAA-TCP_FORW: name:enp0s3: saddr:100932208: daddr:16783984
[  360.235432] AAAAA-TCP_FORW: name:enp0s3: saddr:100932208: daddr:33561200
[  360.260017] AAAAA-TCP_FORW: name:enp0s3: saddr:33561200: daddr:100932208
[  360.276750] AAAAA-TCP_FORW: name:enp0s3: saddr:100932208: daddr:33561200
[  360.312730] AAAAA-TCP_FORW: name:enp0s3: saddr:100932208: daddr:16783984
[  360.333607] AAAAA-TCP_FORW: name:enp0s3: saddr:33561200: daddr:100932208
[  360.439371] AAAAA-TCP_FORW: name:enp0s3: saddr:100932208: daddr:16783984
[  360.468488] AAAAA-TCP_FORW: name:enp0s3: saddr:100932208: daddr:33561200
[  360.533024] AAAAA-TCP_FORW: name:enp0s3: saddr:100932208: daddr:16783984
[  360.594050] AAAAA-TCP_FORW: name:enp0s3: saddr:100932208: daddr:33561200
[  360.679300] AAAAA-TCP_FORW: name:enp0s3: saddr:100932208: daddr:16783984
[  360.757863] AAAAA-TCP_FORW: name:enp0s3: saddr:100932208: daddr:33561200
[  360.815483] AAAAA-TCP_FORW: name:enp0s3: saddr:100932208: daddr:16783984
[  360.880956] AAAAA-TCP_FORW: name:enp0s3: saddr:100932208: daddr:16783984
[  360.900261] AAAAA-TCP_FORW: name:enp0s3: saddr:100932208: daddr:16783984
[  361.150349] AAAAA-TCP_FORW: name:enp0s3: saddr:100932208: daddr:33561200
[  361.264890] AAAAA-TCP_FORW: name:enp0s3: saddr:100932208: daddr:33561200
[  361.379132] AAAAA-TCP_FORW: name:enp0s3: saddr:100932208: daddr:16783984
[  361.434944] AAAAA-TCP_FORW: name:enp0s3: saddr:100932208: daddr:16783984
[  361.960857] AAAAA-TCP_FORW: name:enp0s3: saddr:100932208: daddr:33561200
[  362.127806] AAAAA-TCP_FORW: name:enp0s3: saddr:100932208: daddr:16783984
[  362.190576] AAAAA-TCP_FORW: name:enp0s3: saddr:100932208: daddr:16783984
[  362.325821] AAAAA-TCP_FORW: name:enp0s3: saddr:100932208: daddr:16783984
[  362.518208] AAAAA-TCP_FORW: name:enp0s3: saddr:100932208: daddr:16783984
[  362.595421] AAAAA-TCP_FORW: name:enp0s3: saddr:100932208: daddr:16783984
[  362.705841] AAAAA-TCP_FORW: name:enp0s3: saddr:100932208: daddr:16783984
[  363.022071] AAAAA-TCP_FORW: name:enp0s3: saddr:100932208: daddr:33561200
[  363.142319] AAAAA-TCP_FORW: name:enp0s3: saddr:100932208: daddr:33561200
[  363.271501] AAAAA-TCP_FORW: name:enp0s3: saddr:100932208: daddr:33561200
[  363.583621] AAAAA-TCP_FORW: name:enp0s3: saddr:100932208: daddr:33561200
[  363.811604] AAAAA-TCP_FORW: name:enp0s3: saddr:100932208: daddr:33561200
[  363.967635] AAAAA-TCP_FORW: name:enp0s3: saddr:100932208: daddr:33561200
[  364.108188] AAAAA-TCP_FORW: name:enp0s3: saddr:100932208: daddr:33561200
[  364.217382] AAAAA-TCP_FORW: name:enp0s3: saddr:100932208: daddr:33561200
[  364.370501] AAAAA-TCP_FORW: name:enp0s3: saddr:100932208: daddr:16783984
[  364.493926] AAAAA-TCP_FORW: name:enp0s3: saddr:100932208: daddr:16783984
[  364.764725] AAAAA-TCP_FORW: name:enp0s3: saddr:100932208: daddr:33561200
[  364.836200] AAAAA-TCP_FORW: name:enp0s3: saddr:100932208: daddr:33561200
[  364.885895] AAAAA-TCP_FORW: name:enp0s3: saddr:100932208: daddr:33561200
[  364.984823] AAAAA-TCP_FORW: name:enp0s3: saddr:100932208: daddr:16783984
[  365.105876] AAAAA-TCP_FORW: name:enp0s3: saddr:100932208: daddr:16783984
[  365.270691] AAAAA-TCP_FORW: name:enp0s3: saddr:100932208: daddr:16783984
[  365.418619] AAAAA-TCP_FORW: name:enp0s3: saddr:100932208: daddr:33561200
[  365.522799] AAAAA-TCP_FORW: name:enp0s3: saddr:100932208: daddr:16783984
[  365.634544] AAAAA-TCP_FORW: name:enp0s3: saddr:100932208: daddr:33561200
[  365.783065] AAAAA-TCP_FORW: name:enp0s3: saddr:100932208: daddr:33561200
[  365.907946] AAAAA-TCP_FORW: name:enp0s3: saddr:100932208: daddr:33561200
[  366.131949] AAAAA-TCP_FORW: name:enp0s3: saddr:100932208: daddr:33561200
[  366.212102] AAAAA-TCP_FORW: name:enp0s3: saddr:33561200: daddr:100932208
[  366.338948] AAAAA-TCP_FORW: name:enp0s3: saddr:33561200: daddr:100932208
[  366.364503] AAAAA-TCP_FORW: name:enp0s3: saddr:100932208: daddr:33561200
[  366.440776] AAAAA-TCP_FORW: name:enp0s3: saddr:33561200: daddr:100932208
[  366.460378] AAAAA-TCP_FORW: name:enp0s3: saddr:100932208: daddr:16783984
[  366.561207] AAAAA-TCP_FORW: name:enp0s3: saddr:100932208: daddr:16783984
[  366.666110] AAAAA-TCP_FORW: name:enp0s3: saddr:33561200: daddr:100932208
[  366.697366] AAAAA-TCP_FORW: name:enp0s3: saddr:100932208: daddr:16783984
[  366.852750] AAAAA-TCP_FORW: name:enp0s3: saddr:100932208: daddr:16783984
[  366.941394] AAAAA-TCP_FORW: name:enp0s3: saddr:100932208: daddr:16783984
[  367.033174] AAAAA-TCP_FORW: name:enp0s3: saddr:33561200: daddr:100932208
[  367.102351] AAAAA-TCP_FORW: name:enp0s3: saddr:100932208: daddr:16783984
[  367.193195] AAAAA-TCP_FORW: name:enp0s3: saddr:33561200: daddr:100932208
[  367.218079] AAAAA-TCP_FORW: name:enp0s3: saddr:100932208: daddr:16783984
[  367.303497] AAAAA-TCP_FORW: name:enp0s3: saddr:100932208: daddr:16783984
[  367.335289] AAAAA-TCP_FORW: name:enp0s3: saddr:33561200: daddr:100932208
[  367.395375] AAAAA-TCP_FORW: name:enp0s3: saddr:100932208: daddr:33561200
[  367.437911] AAAAA-TCP_FORW: name:enp0s3: saddr:33561200: daddr:100932208
[  367.510267] AAAAA-TCP_FORW: name:enp0s3: saddr:100932208: daddr:33561200
[  367.550292] AAAAA-TCP_FORW: name:enp0s3: saddr:16783984: daddr:100932208
[  367.587305] AAAAA-TCP_FORW: name:enp0s3: saddr:100932208: daddr:16783984
[  367.657149] AAAAA-TCP_FORW: name:enp0s3: saddr:16783984: daddr:100932208
[  367.722343] AAAAA-TCP_FORW: name:enp0s3: saddr:33561200: daddr:100932208
[  367.782958] AAAAA-TCP_FORW: name:enp0s3: saddr:100932208: daddr:16783984
[  367.788578] AAAAA-TCP_FORW: name:enp0s3: saddr:33561200: daddr:100932208
[  367.833380] AAAAA-TCP_FORW: name:enp0s3: saddr:33561200: daddr:100932208
[  367.855672] AAAAA-TCP_FORW: name:enp0s3: saddr:100932208: daddr:33561200
[  367.901807] AAAAA-TCP_FORW: name:enp0s3: saddr:16783984: daddr:100932208
[  367.919346] AAAAA-TCP_FORW: name:enp0s3: saddr:100932208: daddr:16783984
[  367.943519] AAAAA-TCP_FORW: name:enp0s3: saddr:100932208: daddr:16783984
[  367.961528] AAAAA-TCP_FORW: name:enp0s3: saddr:16783984: daddr:100932208
[  368.008854] AAAAA-TCP_FORW: name:enp0s3: saddr:100932208: daddr:16783984
[  368.050217] AAAAA-TCP_FORW: name:enp0s3: saddr:100932208: daddr:16783984
[  368.103055] AAAAA-TCP_FORW: name:enp0s3: saddr:100932208: daddr:16783984
[  368.129151] AAAAA-TCP_FORW: name:enp0s3: saddr:16783984: daddr:100932208
[  368.150357] AAAAA-TCP_FORW: name:enp0s3: saddr:100932208: daddr:16783984
[  368.242806] AAAAA-TCP_FORW: name:enp0s3: saddr:33561200: daddr:100932208
[  368.282245] AAAAA-TCP_FORW: name:enp0s3: saddr:16783984: daddr:100932208
[  368.316768] AAAAA-TCP_FORW: name:enp0s3: saddr:33561200: daddr:100932208
[  368.354869] AAAAA-TCP_FORW: name:enp0s3: saddr:33561200: daddr:100932208
[  368.381618] AAAAA-TCP_FORW: name:enp0s3: saddr:33561200: daddr:100932208
[  368.425089] AAAAA-TCP_FORW: name:enp0s3: saddr:33561200: daddr:100932208
[  368.575947] AAAAA-TCP_FORW: name:enp0s3: saddr:100932208: daddr:33561200
[  368.647553] AAAAA-TCP_FORW: name:enp0s3: saddr:100932208: daddr:33561200
[  368.687561] AAAAA-TCP_FORW: name:enp0s3: saddr:33561200: daddr:100932208
[  368.741274] AAAAA-TCP_FORW: name:enp0s3: saddr:100932208: daddr:33561200
[  368.791708] AAAAA-TCP_FORW: name:enp0s3: saddr:16783984: daddr:100932208
[  368.819955] AAAAA-TCP_FORW: name:enp0s3: saddr:16783984: daddr:100932208
[  368.893947] AAAAA-TCP_FORW: name:enp0s3: saddr:100932208: daddr:33561200
[  368.948515] AAAAA-TCP_FORW: name:enp0s3: saddr:16783984: daddr:100932208
[  368.976805] AAAAA-TCP_FORW: name:enp0s3: saddr:16783984: daddr:100932208
[  369.089875] AAAAA-TCP_FORW: name:enp0s3: saddr:16783984: daddr:100932208
[  369.152531] AAAAA-TCP_FORW: name:enp0s3: saddr:100932208: daddr:33561200
[  369.184613] AAAAA-TCP_FORW: name:enp0s3: saddr:16783984: daddr:100932208
[  369.232521] AAAAA-TCP_FORW: name:enp0s3: saddr:100932208: daddr:33561200
[  369.332544] AAAAA-TCP_FORW: name:enp0s3: saddr:16783984: daddr:100932208
[  369.402264] AAAAA-TCP_FORW: name:enp0s3: saddr:16783984: daddr:100932208
[  369.414977] AAAAA-TCP_FORW: name:enp0s3: saddr:100932208: daddr:33561200
[  369.506670] AAAAA-TCP_FORW: name:enp0s3: saddr:33561200: daddr:100932208
[  369.545701] AAAAA-TCP_FORW: name:enp0s3: saddr:33561200: daddr:100932208
[  369.575475] AAAAA-TCP_FORW: name:enp0s3: saddr:100932208: daddr:16783984
[  369.627262] AAAAA-TCP_FORW: name:enp0s3: saddr:16783984: daddr:100932208
[  369.635464] AAAAA-TCP_FORW: name:enp0s3: saddr:100932208: daddr:16783984
[  369.726469] AAAAA-TCP_FORW: name:enp0s3: saddr:100932208: daddr:16783984
[  369.783375] AAAAA-TCP_FORW: name:enp0s3: saddr:16783984: daddr:100932208
[  369.849681] AAAAA-TCP_FORW: name:enp0s3: saddr:33561200: daddr:100932208
[  369.852500] AAAAA-TCP_FORW: name:enp0s3: saddr:100932208: daddr:33561200
[  369.926069] AAAAA-TCP_FORW: name:enp0s3: saddr:16783984: daddr:100932208
[  369.956423] AAAAA-TCP_FORW: name:enp0s3: saddr:16783984: daddr:100932208
[  369.999667] AAAAA-TCP_FORW: name:enp0s3: saddr:16783984: daddr:100932208
