[    0.000000] Linux version 5.4.243-mptcp (root@ztg) (gcc version 12.2.0 (Debian 12.2.0-14+deb12u1)) #53 SMP Wed Dec 24 23:28:15 CST 2025
[    0.000000] Command line: BOOT_IMAGE=/boot/vmlinuz-5.4.243-mptcp root=UUID=98415a12-53b7-4144-8265-0f7ece09e445 ro quiet splash
[    0.000000] KERNEL supported cpus:
[    0.000000]   Intel GenuineIntel
[    0.000000]   AMD AuthenticAMD
[    0.000000]   Hygon HygonGenuine
[    0.000000]   Centaur CentaurHauls
[    0.000000]   zhaoxin   Shanghai  
[    0.000000] x86/fpu: Supporting XSAVE feature 0x001: 'x87 floating point registers'
[    0.000000] x86/fpu: Supporting XSAVE feature 0x002: 'SSE registers'
[    0.000000] x86/fpu: Supporting XSAVE feature 0x004: 'AVX registers'
[    0.000000] x86/fpu: xstate_offset[2]:  576, xstate_sizes[2]:  256
[    0.000000] x86/fpu: Enabled xstate features 0x7, context size is 832 bytes, using 'standard' format.
[    0.000000] BIOS-provided physical RAM map:
[    0.000000] BIOS-e820: [mem 0x0000000000000000-0x000000000009fbff] usable
[    0.000000] BIOS-e820: [mem 0x000000000009fc00-0x000000000009ffff] reserved
[    0.000000] BIOS-e820: [mem 0x00000000000f0000-0x00000000000fffff] reserved
[    0.000000] BIOS-e820: [mem 0x0000000000100000-0x000000007ffeffff] usable
[    0.000000] BIOS-e820: [mem 0x000000007fff0000-0x000000007fffffff] ACPI data
[    0.000000] BIOS-e820: [mem 0x00000000fec00000-0x00000000fec00fff] reserved
[    0.000000] BIOS-e820: [mem 0x00000000fee00000-0x00000000fee00fff] reserved
[    0.000000] BIOS-e820: [mem 0x00000000fffc0000-0x00000000ffffffff] reserved
[    0.000000] NX (Execute Disable) protection: active
[    0.000000] SMBIOS 2.5 present.
[    0.000000] DMI: innotek GmbH VirtualBox/VirtualBox, BIOS VirtualBox 12/01/2006
[    0.000000] Hypervisor detected: KVM
[    0.000000] kvm-clock: Using msrs 4b564d01 and 4b564d00
[    0.000000] kvm-clock: cpu 0, msr 60601001, primary cpu clock
[    0.000000] kvm-clock: using sched offset of 4480849282 cycles
[    0.000002] clocksource: kvm-clock: mask: 0xffffffffffffffff max_cycles: 0x1cd42e4dffb, max_idle_ns: 881590591483 ns
[    0.000005] tsc: Detected 2100.000 MHz processor
[    0.001927] e820: update [mem 0x00000000-0x00000fff] usable ==> reserved
[    0.001929] e820: remove [mem 0x000a0000-0x000fffff] usable
[    0.001934] last_pfn = 0x7fff0 max_arch_pfn = 0x400000000
[    0.002002] MTRR default type: uncachable
[    0.002004] MTRR fixed ranges enabled:
[    0.002005]   00000-9FFFF write-back
[    0.002006]   A0000-BFFFF uncachable
[    0.002007]   C0000-FFFFF write-protect
[    0.002008] MTRR variable ranges enabled:
[    0.002010]   0 base 000000000000 mask 3FFF80000000 write-back
[    0.002011]   1 disabled
[    0.002012]   2 disabled
[    0.002012]   3 disabled
[    0.002013]   4 disabled
[    0.002013]   5 disabled
[    0.002014]   6 disabled
[    0.002014]   7 disabled
[    0.002015]   8 disabled
[    0.002016]   9 disabled
[    0.002017]   10 disabled
[    0.002017]   11 disabled
[    0.002018]   12 disabled
[    0.002018]   13 disabled
[    0.002019]   14 disabled
[    0.002019]   15 disabled
[    0.002038] x86/PAT: Configuration [0-7]: WB  WC  UC- UC  WB  WP  UC- WT  
[    0.002175] found SMP MP-table at [mem 0x0009fff0-0x0009ffff]
[    0.093895] check: Scanning 1 areas for low memory corruption
[    0.094029] RAMDISK: [mem 0x32271000-0x3512ffff]
[    0.094037] ACPI: Early table checksum verification disabled
[    0.094042] ACPI: RSDP 0x00000000000E0000 000024 (v02 VBOX  )
[    0.094047] ACPI: XSDT 0x000000007FFF0030 00003C (v01 VBOX   VBOXXSDT 00000001 ASL  00000061)
[    0.094053] ACPI: FACP 0x000000007FFF00F0 0000F4 (v04 VBOX   VBOXFACP 00000001 ASL  00000061)
[    0.094060] ACPI: DSDT 0x000000007FFF02E0 002353 (v02 VBOX   VBOXBIOS 00000002 VBOX 00029BF3)
[    0.094064] ACPI: FACS 0x000000007FFF0200 000040
[    0.094067] ACPI: FACS 0x000000007FFF0200 000040
[    0.094070] ACPI: APIC 0x000000007FFF0240 000054 (v02 VBOX   VBOXAPIC 00000001 ASL  00000061)
[    0.094074] ACPI: SSDT 0x000000007FFF02A0 000038 (v01 VBOX   VBOXCPUT 00000002 VBOX 00029BF3)
[    0.094077] ACPI: Reserving FACP table memory at [mem 0x7fff00f0-0x7fff01e3]
[    0.094078] ACPI: Reserving DSDT table memory at [mem 0x7fff02e0-0x7fff2632]
[    0.094079] ACPI: Reserving FACS table memory at [mem 0x7fff0200-0x7fff023f]
[    0.094079] ACPI: Reserving FACS table memory at [mem 0x7fff0200-0x7fff023f]
[    0.094080] ACPI: Reserving APIC table memory at [mem 0x7fff0240-0x7fff0293]
[    0.094081] ACPI: Reserving SSDT table memory at [mem 0x7fff02a0-0x7fff02d7]
[    0.094095] ACPI: Local APIC address 0xfee00000
[    0.094280] No NUMA configuration found
[    0.094281] Faking a node at [mem 0x0000000000000000-0x000000007ffeffff]
[    0.094291] NODE_DATA(0) allocated [mem 0x7ffc5000-0x7ffeffff]
[    0.094553] Zone ranges:
[    0.094554]   DMA      [mem 0x0000000000001000-0x0000000000ffffff]
[    0.094555]   DMA32    [mem 0x0000000001000000-0x000000007ffeffff]
[    0.094556]   Normal   empty
[    0.094556]   Device   empty
[    0.094557] Movable zone start for each node
[    0.094559] Early memory node ranges
[    0.094560]   node   0: [mem 0x0000000000001000-0x000000000009efff]
[    0.094561]   node   0: [mem 0x0000000000100000-0x000000007ffeffff]
[    0.094564] Zeroed struct page in unavailable ranges: 114 pages
[    0.094564] Initmem setup node 0 [mem 0x0000000000001000-0x000000007ffeffff]
[    0.094566] On node 0 totalpages: 524174
[    0.094567]   DMA zone: 64 pages used for memmap
[    0.094567]   DMA zone: 21 pages reserved
[    0.094568]   DMA zone: 3998 pages, LIFO batch:0
[    0.094639]   DMA32 zone: 8128 pages used for memmap
[    0.094640]   DMA32 zone: 520176 pages, LIFO batch:63
[    0.103708] ACPI: PM-Timer IO Port: 0x4008
[    0.103712] ACPI: Local APIC address 0xfee00000
[    0.103777] IOAPIC[0]: apic_id 1, version 32, address 0xfec00000, GSI 0-23
[    0.103780] ACPI: INT_SRC_OVR (bus 0 bus_irq 0 global_irq 2 dfl dfl)
[    0.103782] ACPI: INT_SRC_OVR (bus 0 bus_irq 9 global_irq 9 low level)
[    0.103784] ACPI: IRQ0 used by override.
[    0.103785] ACPI: IRQ9 used by override.
[    0.103787] Using ACPI (MADT) for SMP configuration information
[    0.103793] smpboot: Allowing 1 CPUs, 0 hotplug CPUs
[    0.103817] PM: Registered nosave memory: [mem 0x00000000-0x00000fff]
[    0.103818] PM: Registered nosave memory: [mem 0x0009f000-0x0009ffff]
[    0.103819] PM: Registered nosave memory: [mem 0x000a0000-0x000effff]
[    0.103819] PM: Registered nosave memory: [mem 0x000f0000-0x000fffff]
[    0.103821] [mem 0x80000000-0xfebfffff] available for PCI devices
[    0.103822] Booting paravirtualized kernel on KVM
[    0.103824] clocksource: refined-jiffies: mask: 0xffffffff max_cycles: 0xffffffff, max_idle_ns: 7645519600211568 ns
[    0.103829] setup_percpu: NR_CPUS:8192 nr_cpumask_bits:1 nr_cpu_ids:1 nr_node_ids:1
[    0.104863] percpu: Embedded 60 pages/cpu s208896 r8192 d28672 u2097152
[    0.104868] pcpu-alloc: s208896 r8192 d28672 u2097152 alloc=1*2097152
[    0.104869] pcpu-alloc: [0] 0 
[    0.104896] Built 1 zonelists, mobility grouping on.  Total pages: 515961
[    0.104897] Policy zone: DMA32
[    0.104898] Kernel command line: BOOT_IMAGE=/boot/vmlinuz-5.4.243-mptcp root=UUID=98415a12-53b7-4144-8265-0f7ece09e445 ro quiet splash
[    0.105763] Dentry cache hash table entries: 262144 (order: 9, 2097152 bytes, linear)
[    0.105912] Inode-cache hash table entries: 131072 (order: 8, 1048576 bytes, linear)
[    0.105960] mem auto-init: stack:off, heap alloc:on, heap free:off
[    0.105963] Calgary: detecting Calgary via BIOS EBDA area
[    0.105964] Calgary: Unable to locate Rio Grande table in EBDA - bailing!
[    0.110126] Memory: 1967332K/2096696K available (14339K kernel code, 2398K rwdata, 4712K rodata, 2728K init, 17260K bss, 129364K reserved, 0K cma-reserved)
[    0.111052] SLUB: HWalign=64, Order=0-3, MinObjects=0, CPUs=1, Nodes=1
[    0.111068] ftrace: allocating 43186 entries in 169 pages
[    0.129374] rcu: Hierarchical RCU implementation.
[    0.129376] rcu: 	RCU restricting CPUs from NR_CPUS=8192 to nr_cpu_ids=1.
[    0.129377] 	Tasks RCU enabled.
[    0.129378] rcu: RCU calculated value of scheduler-enlistment delay is 25 jiffies.
[    0.129379] rcu: Adjusting geometry for rcu_fanout_leaf=16, nr_cpu_ids=1
[    0.132641] NR_IRQS: 524544, nr_irqs: 256, preallocated irqs: 16
[    0.132854] random: crng init done
[    0.142287] Console: colour VGA+ 80x25
[    0.142292] printk: console [tty0] enabled
[    0.142313] ACPI: Core revision 20190816
[    0.142411] APIC: Switch to symmetric I/O mode setup
[    0.142661] x2apic enabled
[    0.142898] Switched APIC routing to physical x2apic.
[    0.144028] ..TIMER: vector=0x30 apic1=0 pin1=2 apic2=-1 pin2=-1
[    0.144052] clocksource: tsc-early: mask: 0xffffffffffffffff max_cycles: 0x1e4530a99b6, max_idle_ns: 440795257976 ns
[    0.144057] Calibrating delay loop (skipped) preset value.. 4200.00 BogoMIPS (lpj=8400000)
[    0.144059] pid_max: default: 32768 minimum: 301
[    0.144087] LSM: Security Framework initializing
[    0.144097] Yama: becoming mindful.
[    0.144121] AppArmor: AppArmor initialized
[    0.144155] Mount-cache hash table entries: 4096 (order: 3, 32768 bytes, linear)
[    0.144159] Mountpoint-cache hash table entries: 4096 (order: 3, 32768 bytes, linear)
[    0.144169] *** VALIDATE tmpfs ***
[    0.144299] *** VALIDATE proc ***
[    0.144340] *** VALIDATE cgroup1 ***
[    0.144341] *** VALIDATE cgroup2 ***
[    0.144498] process: using mwait in idle threads
[    0.144504] Last level iTLB entries: 4KB 64, 2MB 8, 4MB 8
[    0.144504] Last level dTLB entries: 4KB 64, 2MB 0, 4MB 0, 1GB 4
[    0.144525] Spectre V1 : Mitigation: usercopy/swapgs barriers and __user pointer sanitization
[    0.144530] Spectre V2 : Mitigation: Retpolines
[    0.144531] Spectre V2 : Spectre v2 / SpectreRSB mitigation: Filling RSB on context switch
[    0.144531] Spectre V2 : Spectre v2 / SpectreRSB : Filling RSB on VMEXIT
[    0.144532] RETBleed: WARNING: Spectre v2 mitigation leaves CPU vulnerable to RETBleed attacks, data leaks possible!
[    0.144884] RETBleed: Vulnerable
[    0.144885] Speculative Store Bypass: Vulnerable
[    0.144889] TAA: Mitigation: TSX disabled
[    0.144889] MMIO Stale Data: Mitigation: Clear CPU buffers
[    0.149107] Freeing SMP alternatives memory: 40K
[    0.261356] smpboot: CPU0: Intel(R) Xeon(R) Silver 4216 CPU @ 2.10GHz (family: 0x6, model: 0x55, stepping: 0x7)
[    0.261512] Performance Events: unsupported p6 CPU model 85 no PMU driver, software events only.
[    0.261557] rcu: Hierarchical SRCU implementation.
[    0.262113] NMI watchdog: Perf NMI watchdog permanently disabled
[    0.262159] smp: Bringing up secondary CPUs ...
[    0.262161] smp: Brought up 1 node, 1 CPU
[    0.262162] smpboot: Max logical packages: 1
[    0.262163] smpboot: Total of 1 processors activated (4200.00 BogoMIPS)
[    0.263283] devtmpfs: initialized
[    0.263332] x86/mm: Memory block size: 128MB
[    0.263712] clocksource: jiffies: mask: 0xffffffff max_cycles: 0xffffffff, max_idle_ns: 7645041785100000 ns
[    0.263718] futex hash table entries: 256 (order: 2, 16384 bytes, linear)
[    0.263764] pinctrl core: initialized pinctrl subsystem
[    0.263869] PM: RTC time: 22:01:41, date: 2026-01-13
[    0.263978] NET: Registered protocol family 16
[    0.264053] audit: initializing netlink subsys (disabled)
[    0.264054] EISA bus registered
[    0.264054] cpuidle: using governor ladder
[    0.264054] cpuidle: using governor menu
[    0.264054] ACPI: bus type PCI registered
[    0.264054] acpiphp: ACPI Hot Plug PCI Controller Driver version: 0.5
[    0.264054] PCI: Using configuration type 1 for base access
[    0.264798] audit: type=2000 audit(1768312907.697:1): state=initialized audit_enabled=0 res=1
[    0.264889] HugeTLB registered 2.00 MiB page size, pre-allocated 0 pages
[    0.265788] ACPI: Added _OSI(Module Device)
[    0.265789] ACPI: Added _OSI(Processor Device)
[    0.265789] ACPI: Added _OSI(3.0 _SCP Extensions)
[    0.265790] ACPI: Added _OSI(Processor Aggregator Device)
[    0.265791] ACPI: Added _OSI(Linux-Dell-Video)
[    0.265792] ACPI: Added _OSI(Linux-Lenovo-NV-HDMI-Audio)
[    0.265793] ACPI: Added _OSI(Linux-HPI-Hybrid-Graphics)
[    0.267789] ACPI: 2 ACPI AML tables successfully acquired and loaded
[    0.269329] ACPI: Interpreter enabled
[    0.269339] ACPI: (supports S0 S5)
[    0.269340] ACPI: Using IOAPIC for interrupt routing
[    0.269547] PCI: Using host bridge windows from ACPI; if necessary, use "pci=nocrs" and report a bug
[    0.269656] ACPI: Enabled 2 GPEs in block 00 to 07
[    0.274799] ACPI: PCI Root Bridge [PCI0] (domain 0000 [bus 00-ff])
[    0.274804] acpi PNP0A03:00: _OSC: OS supports [ASPM ClockPM Segments MSI HPX-Type3]
[    0.275386] acpi PNP0A03:00: _OSC: not requesting OS control; OS requires [ExtendedConfig ASPM ClockPM MSI]
[    0.275394] acpi PNP0A03:00: fail to add MMCONFIG information, can't access extended PCI configuration space under this bridge.
[    0.275790] PCI host bridge to bus 0000:00
[    0.275792] pci_bus 0000:00: root bus resource [io  0x0000-0x0cf7 window]
[    0.275793] pci_bus 0000:00: root bus resource [io  0x0d00-0xffff window]
[    0.275794] pci_bus 0000:00: root bus resource [mem 0x000a0000-0x000bffff window]
[    0.275795] pci_bus 0000:00: root bus resource [mem 0x80000000-0xfdffffff window]
[    0.275797] pci_bus 0000:00: root bus resource [bus 00-ff]
[    0.275863] pci 0000:00:00.0: [8086:1237] type 00 class 0x060000
[    0.276673] pci 0000:00:01.0: [8086:7000] type 00 class 0x060100
[    0.277431] pci 0000:00:01.1: [8086:7111] type 00 class 0x01018a
[    0.277812] pci 0000:00:01.1: reg 0x20: [io  0xd000-0xd00f]
[    0.277969] pci 0000:00:01.1: legacy IDE quirk: reg 0x10: [io  0x01f0-0x01f7]
[    0.277970] pci 0000:00:01.1: legacy IDE quirk: reg 0x14: [io  0x03f6]
[    0.277971] pci 0000:00:01.1: legacy IDE quirk: reg 0x18: [io  0x0170-0x0177]
[    0.277972] pci 0000:00:01.1: legacy IDE quirk: reg 0x1c: [io  0x0376]
[    0.278510] pci 0000:00:02.0: [15ad:0405] type 00 class 0x030000
[    0.282261] pci 0000:00:02.0: reg 0x10: [io  0xd010-0xd01f]
[    0.284101] pci 0000:00:02.0: reg 0x14: [mem 0xe0000000-0xe7ffffff pref]
[    0.288111] pci 0000:00:02.0: reg 0x18: [mem 0xf0000000-0xf01fffff]
[    0.298652] pci 0000:00:03.0: [1022:2000] type 00 class 0x020000
[    0.300174] pci 0000:00:03.0: reg 0x10: [io  0xd020-0xd03f]
[    0.300792] pci 0000:00:03.0: reg 0x14: [mem 0xf0200000-0xf0200fff]
[    0.304096] pci 0000:00:04.0: [80ee:cafe] type 00 class 0x088000
[    0.304780] pci 0000:00:04.0: reg 0x10: [io  0xd040-0xd05f]
[    0.305387] pci 0000:00:04.0: reg 0x14: [mem 0xf0400000-0xf07fffff]
[    0.305997] pci 0000:00:04.0: reg 0x18: [mem 0xf0800000-0xf0803fff pref]
[    0.309436] pci 0000:00:07.0: [8086:7113] type 00 class 0x068000
[    0.309988] pci 0000:00:07.0: quirk: [io  0x4000-0x403f] claimed by PIIX4 ACPI
[    0.309998] pci 0000:00:07.0: quirk: [io  0x4100-0x410f] claimed by PIIX4 SMB
[    0.310610] pci 0000:00:08.0: [8086:100e] type 00 class 0x020000
[    0.311325] pci 0000:00:08.0: reg 0x10: [mem 0xf0820000-0xf083ffff]
[    0.312172] pci 0000:00:08.0: reg 0x18: [io  0xd060-0xd067]
[    0.316123] pci 0000:00:09.0: [8086:100e] type 00 class 0x020000
[    0.316852] pci 0000:00:09.0: reg 0x10: [mem 0xf0840000-0xf085ffff]
[    0.318003] pci 0000:00:09.0: reg 0x18: [io  0xd068-0xd06f]
[    0.328899] ACPI: PCI Interrupt Link [LNKA] (IRQs 5 9 10 *11)
[    0.329179] ACPI: PCI Interrupt Link [LNKB] (IRQs 5 9 *10 11)
[    0.329285] ACPI: PCI Interrupt Link [LNKC] (IRQs 5 *9 10 11)
[    0.329385] ACPI: PCI Interrupt Link [LNKD] (IRQs 5 9 10 *11)
[    0.329651] iommu: Default domain type: Translated 
[    0.329711] pci 0000:00:02.0: vgaarb: setting as boot VGA device
[    0.329713] pci 0000:00:02.0: vgaarb: VGA device added: decodes=io+mem,owns=io+mem,locks=none
[    0.329715] pci 0000:00:02.0: vgaarb: bridge control possible
[    0.329715] vgaarb: loaded
[    0.329942] SCSI subsystem initialized
[    0.329973] libata version 3.00 loaded.
[    0.330004] ACPI: bus type USB registered
[    0.330019] usbcore: registered new interface driver usbfs
[    0.330025] usbcore: registered new interface driver hub
[    0.330030] usbcore: registered new device driver usb
[    0.330062] pps_core: LinuxPPS API ver. 1 registered
[    0.330063] pps_core: Software ver. 5.3.6 - Copyright 2005-2007 Rodolfo Giometti <giometti@linux.it>
[    0.330065] PTP clock support registered
[    0.330098] EDAC MC: Ver: 3.0.0
[    0.330403] PCI: Using ACPI for IRQ routing
[    0.330405] PCI: pci_cache_line_size set to 64 bytes
[    0.330601] e820: reserve RAM buffer [mem 0x0009fc00-0x0009ffff]
[    0.330604] e820: reserve RAM buffer [mem 0x7fff0000-0x7fffffff]
[    0.331500] NetLabel: Initializing
[    0.331501] NetLabel:  domain hash size = 128
[    0.331501] NetLabel:  protocols = UNLABELED CIPSOv4 CALIPSO
[    0.331522] NetLabel:  unlabeled traffic allowed by default
[    0.332344] clocksource: Switched to clocksource kvm-clock
[    0.344277] *** VALIDATE bpf ***
[    0.344277] VFS: Disk quotas dquot_6.6.0
[    0.344277] VFS: Dquot-cache hash table entries: 512 (order 0, 4096 bytes)
[    0.344277] *** VALIDATE ramfs ***
[    0.344277] *** VALIDATE hugetlbfs ***
[    0.344277] AppArmor: AppArmor Filesystem Enabled
[    0.344277] pnp: PnP ACPI init
[    0.344277] pnp 00:00: Plug and Play ACPI device, IDs PNP0303 (active)
[    0.347027] pnp 00:01: Plug and Play ACPI device, IDs PNP0f03 (active)
[    0.347844] pnp: PnP ACPI: found 2 devices
[    0.348824] thermal_sys: Registered thermal governor 'fair_share'
[    0.348824] thermal_sys: Registered thermal governor 'bang_bang'
[    0.348825] thermal_sys: Registered thermal governor 'step_wise'
[    0.348826] thermal_sys: Registered thermal governor 'user_space'
[    0.348826] thermal_sys: Registered thermal governor 'power_allocator'
[    0.353357] clocksource: acpi_pm: mask: 0xffffff max_cycles: 0xffffff, max_idle_ns: 2085701024 ns
[    0.353398] pci_bus 0000:00: resource 4 [io  0x0000-0x0cf7 window]
[    0.353399] pci_bus 0000:00: resource 5 [io  0x0d00-0xffff window]
[    0.353400] pci_bus 0000:00: resource 6 [mem 0x000a0000-0x000bffff window]
[    0.353402] pci_bus 0000:00: resource 7 [mem 0x80000000-0xfdffffff window]
[    0.353460] NET: Registered protocol family 2
[    0.353533] IP idents hash table entries: 32768 (order: 6, 262144 bytes, linear)
[    0.353942] MPTCP tokens hash table entries: 8192 (order: 4, 65536 bytes, linear)
[    0.353962] MPTCP request tokens hash table entries: 8192 (order: 4, 65536 bytes, linear)
[    0.353987] default registered
[    0.353987] default registered
[    0.353988] MPTCP: Stable release v0.96
[    0.353993] tcp_listen_portaddr_hash hash table entries: 1024 (order: 2, 16384 bytes, linear)
[    0.354071] TCP established hash table entries: 16384 (order: 5, 131072 bytes, linear)
[    0.354137] TCP bind hash table entries: 16384 (order: 6, 262144 bytes, linear)
[    0.354162] TCP: Hash tables configured (established 16384 bind 16384)
[    0.354860] UDP hash table entries: 1024 (order: 3, 32768 bytes, linear)
[    0.354871] UDP-Lite hash table entries: 1024 (order: 3, 32768 bytes, linear)
[    0.354905] NET: Registered protocol family 1
[    0.354914] NET: Registered protocol family 44
[    0.354934] pci 0000:00:00.0: Limiting direct PCI/PCI transfers
[    0.354946] pci 0000:00:01.0: Activating ISA DMA hang workarounds
[    0.355003] pci 0000:00:02.0: Video device with shadowed ROM at [mem 0x000c0000-0x000dffff]
[    0.355068] PCI: CLS 0 bytes, default 64
[    0.355113] Trying to unpack rootfs image as initramfs...
[    0.527656] Freeing initrd memory: 47868K
[    0.527656] clocksource: tsc: mask: 0xffffffffffffffff max_cycles: 0x1e4530a99b6, max_idle_ns: 440795257976 ns
[    0.527656] clocksource: Switched to clocksource tsc
[    0.527656] platform rtc_cmos: registered platform RTC device (no PNP device found)
[    0.527656] check: Scanning for low memory corruption every 60 seconds
[    0.527656] Initialise system trusted keyrings
[    0.527656] Key type blacklist registered
[    0.527656] workingset: timestamp_bits=36 max_order=19 bucket_order=0
[    0.527656] zbud: loaded
[    0.527656] squashfs: version 4.0 (2009/01/31) Phillip Lougher
[    0.527656] fuse: init (API version 7.31)
[    0.527656] *** VALIDATE fuse ***
[    0.527656] *** VALIDATE fuse ***
[    0.527656] Platform Keyring initialized
[    0.527656] Key type asymmetric registered
[    0.527656] Asymmetric key parser 'x509' registered
[    0.527656] Block layer SCSI generic (bsg) driver version 0.4 loaded (major 244)
[    0.527656] io scheduler mq-deadline registered
[    0.527656] shpchp: Standard Hot Plug PCI Controller Driver version: 0.4
[    0.541905] ACPI: AC Adapter [AC] (on-line)
[    0.541951] input: Power Button as /devices/LNXSYSTM:00/LNXPWRBN:00/input/input0
[    0.541977] ACPI: Power Button [PWRF]
[    0.542061] input: Sleep Button as /devices/LNXSYSTM:00/LNXSLPBN:00/input/input1
[    0.542076] ACPI: Sleep Button [SLPF]
[    0.542294] Serial: 8250/16550 driver, 32 ports, IRQ sharing enabled
[    0.543465] Linux agpgart interface v0.103
[    0.639275] loop: module loaded
[    0.639433] ata_piix 0000:00:01.1: version 2.13
[    0.639838] scsi host0: ata_piix
[    0.639942] scsi host1: ata_piix
[    0.639977] ata1: PATA max UDMA/33 cmd 0x1f0 ctl 0x3f6 bmdma 0xd000 irq 14
[    0.639978] ata2: PATA max UDMA/33 cmd 0x170 ctl 0x376 bmdma 0xd008 irq 15
[    0.640064] tun: Universal TUN/TAP device driver, 1.6
[    0.640394] PPP generic driver version 2.4.2
[    0.640439] VFIO - User Level meta-driver version: 0.3
[    0.640677] ehci_hcd: USB 2.0 'Enhanced' Host Controller (EHCI) Driver
[    0.640682] ehci-pci: EHCI PCI platform driver
[    0.640698] ehci-platform: EHCI generic platform driver
[    0.640703] ohci_hcd: USB 1.1 'Open' Host Controller (OHCI) Driver
[    0.640705] ohci-pci: OHCI PCI platform driver
[    0.640712] ohci-platform: OHCI generic platform driver
[    0.640717] uhci_hcd: USB Universal Host Controller Interface driver
[    0.640789] i8042: PNP: PS/2 Controller [PNP0303:PS2K,PNP0f03:PS2M] at 0x60,0x64 irq 1,12
[    0.641231] serio: i8042 KBD port at 0x60,0x64 irq 1
[    0.641235] serio: i8042 AUX port at 0x60,0x64 irq 12
[    0.641322] mousedev: PS/2 mouse device common for all mice
[    0.641582] input: AT Translated Set 2 keyboard as /devices/platform/i8042/serio0/input/input2
[    0.641980] rtc_cmos rtc_cmos: registered as rtc0
[    0.641994] rtc_cmos rtc_cmos: alarms up to one day, 114 bytes nvram
[    0.641999] i2c /dev entries driver
[    0.642041] device-mapper: uevent: version 1.0.3
[    0.642085] device-mapper: ioctl: 4.41.0-ioctl (2019-09-16) initialised: dm-devel@redhat.com
[    0.642101] platform eisa.0: Probing EISA bus 0
[    0.642102] platform eisa.0: EISA: Cannot allocate resource for mainboard
[    0.642104] platform eisa.0: Cannot allocate resource for EISA slot 1
[    0.642105] platform eisa.0: Cannot allocate resource for EISA slot 2
[    0.642106] platform eisa.0: Cannot allocate resource for EISA slot 3
[    0.642107] platform eisa.0: Cannot allocate resource for EISA slot 4
[    0.642108] platform eisa.0: Cannot allocate resource for EISA slot 5
[    0.642108] platform eisa.0: Cannot allocate resource for EISA slot 6
[    0.642109] platform eisa.0: Cannot allocate resource for EISA slot 7
[    0.642110] platform eisa.0: Cannot allocate resource for EISA slot 8
[    0.642111] platform eisa.0: EISA: Detected 0 cards
[    0.642114] intel_pstate: CPU model not supported
[    0.642122] ledtrig-cpu: registered to indicate activity on CPUs
[    0.642179] drop_monitor: Initializing network drop monitor service
[    0.642337] NET: Registered protocol family 10
[    0.647290] Segment Routing with IPv6
[    0.647290] fullmesh registered
[    0.647290] ndiffports registered
[    0.647290] binder registered
[    0.647290] roundrobin registered
[    0.647290] redundant registered
[    0.647290] blest registered
[    0.647290] ecf registered
[    0.647290] NET: Registered protocol family 17
[    0.647290] Key type dns_resolver registered
[    0.647290] RAS: Correctable Errors collector initialized.
[    0.647290] IPI shorthand broadcast: enabled
[    0.647290] sched_clock: Marking stable (632080643, 11209964)->(643768692, -478085)
[    0.647741] registered taskstats version 1
[    0.647750] Loading compiled-in X.509 certificates
[    0.648376] Loaded X.509 cert 'Build time autogenerated kernel key: 6909f3744cebb3d0de528d5887b96a727de79b1e'
[    0.648395] zswap: loaded using pool lzo/zbud
[    0.648452] Key type ._fscrypt registered
[    0.648453] Key type .fscrypt registered
[    0.652992] Key type big_key registered
[    0.655209] Key type encrypted registered
[    0.655211] AppArmor: AppArmor sha1 policy hashing enabled
[    0.655219] ima: No TPM chip found, activating TPM-bypass!
[    0.655222] ima: Allocated hash algorithm: sha1
[    0.655227] ima: No architecture policies found
[    0.655237] evm: Initialising EVM extended attributes:
[    0.655237] evm: security.selinux
[    0.655238] evm: security.SMACK64
[    0.655238] evm: security.SMACK64EXEC
[    0.655239] evm: security.SMACK64TRANSMUTE
[    0.655239] evm: security.SMACK64MMAP
[    0.655239] evm: security.apparmor
[    0.655240] evm: security.ima
[    0.655240] evm: security.capability
[    0.655241] evm: HMAC attrs: 0x1
[    0.655533] PM:   Magic number: 10:242:47
[    0.655650] rtc_cmos rtc_cmos: setting system clock to 2026-01-13T22:01:42 UTC (1768341702)
[    0.812980] ata1.00: ATA-6: VBOX HARDDISK, 1.0, max UDMA/133
[    0.812983] ata1.00: 209715200 sectors, multi 128: LBA 
[    0.813666] scsi 0:0:0:0: Direct-Access     ATA      VBOX HARDDISK    1.0  PQ: 0 ANSI: 5
[    0.813962] sd 0:0:0:0: [sda] 209715200 512-byte logical blocks: (107 GB/100 GiB)
[    0.813975] sd 0:0:0:0: [sda] Write Protect is off
[    0.813978] sd 0:0:0:0: [sda] Mode Sense: 00 3a 00 00
[    0.813999] sd 0:0:0:0: [sda] Write cache: enabled, read cache: enabled, doesn't support DPO or FUA
[    0.814324] sd 0:0:0:0: Attached scsi generic sg0 type 0
[    0.815707]  sda: sda1 sda2
[    0.827508] sd 0:0:0:0: [sda] Attached SCSI disk
[    0.830998] Freeing unused decrypted memory: 2040K
[    0.832004] Freeing unused kernel image memory: 2728K
[    0.832008] Write protecting the kernel read-only data: 22528k
[    0.833086] Freeing unused kernel image memory: 2036K
[    0.833722] Freeing unused kernel image memory: 1432K
[    0.861841] x86/mm: Checked W+X mappings: passed, no W+X pages found.
[    0.861846] Run /init as init process
[    0.968057] ACPI: Video Device [GFX0] (multi-head: yes  rom: no  post: no)
[    0.968130] input: Video Bus as /devices/LNXSYSTM:00/LNXSYBUS:00/PNP0A03:00/LNXVIDEO:00/input/input4
[    0.981329] pcnet32: pcnet32.c:v1.35 21.Apr.2008 tsbogend@alpha.franken.de
[    0.982826] piix4_smbus 0000:00:07.0: SMBus Host Controller at 0x4100, revision 0
[    0.985378] e1000: Intel(R) PRO/1000 Network Driver - version 7.3.21-k8-NAPI
[    0.985379] e1000: Copyright (c) 1999-2006 Intel Corporation.
[    0.996791] pcnet32: PCnet/FAST III 79C973 at 0xd020, 08:00:27:7c:38:d0 assigned IRQ 19
[    0.996836] pcnet32: Found PHY 0022:561b at address 0
[    0.997175] pcnet32: eth0: registered as PCnet/FAST III 79C973
[    1.003131] pcnet32: 1 cards_found
[    1.070557] pcnet32 0000:00:03.0 enp0s3: renamed from eth0
[    1.199053] input: ImExPS/2 Generic Explorer Mouse as /devices/platform/i8042/serio1/input/input5
[    1.399633] e1000 0000:00:08.0 eth0: (PCI:33MHz:32-bit) 08:00:27:53:be:c1
[    1.399638] e1000 0000:00:08.0 eth0: Intel(R) PRO/1000 Network Connection
[    1.775548] e1000 0000:00:09.0 eth1: (PCI:33MHz:32-bit) 08:00:27:79:b4:36
[    1.775550] e1000 0000:00:09.0 eth1: Intel(R) PRO/1000 Network Connection
[    1.776721] e1000 0000:00:09.0 enp0s9: renamed from eth1
[    1.778514] e1000 0000:00:08.0 enp0s8: renamed from eth0
[    1.917225] EXT4-fs (sda2): mounted filesystem with ordered data mode. Opts: (null)
[    2.004777] systemd[1]: Inserted module 'autofs4'
[    2.014633] systemd[1]: systemd 245.4-4ubuntu3 running in system mode. (+PAM +AUDIT +SELINUX +IMA +APPARMOR +SMACK +SYSVINIT +UTMP +LIBCRYPTSETUP +GCRYPT +GNUTLS +ACL +XZ +LZ4 +SECCOMP +BLKID +ELFUTILS +KMOD +IDN2 -IDN +PCRE2 default-hierarchy=hybrid)
[    2.014666] systemd[1]: Detected virtualization oracle.
[    2.014671] systemd[1]: Detected architecture x86-64.
[    2.016023] systemd[1]: Set hostname to <ztg>.
[    2.139242] systemd[1]: /lib/systemd/system/dbus.socket:5: ListenStream= references a path below legacy directory /var/run/, updating /var/run/dbus/system_bus_socket â†’ /run/dbus/system_bus_socket; please update the unit file accordingly.
[    2.190383] systemd[1]: Created slice system-modprobe.slice.
[    2.190598] systemd[1]: Created slice User and Session Slice.
[    2.190648] systemd[1]: Started Forward Password Requests to Wall Directory Watch.
[    2.190820] systemd[1]: Set up automount Arbitrary Executable File Formats File System Automount Point.
[    2.190853] systemd[1]: Reached target User and Group Name Lookups.
[    2.190861] systemd[1]: Reached target Remote File Systems.
[    2.190869] systemd[1]: Reached target Slices.
[    2.191366] systemd[1]: Listening on Syslog Socket.
[    2.191432] systemd[1]: Listening on fsck to fsckd communication Socket.
[    2.191468] systemd[1]: Listening on initctl Compatibility Named Pipe.
[    2.191602] systemd[1]: Listening on Journal Audit Socket.
[    2.191653] systemd[1]: Listening on Journal Socket (/dev/log).
[    2.191721] systemd[1]: Listening on Journal Socket.
[    2.191783] systemd[1]: Listening on udev Control Socket.
[    2.191822] systemd[1]: Listening on udev Kernel Socket.
[    2.192558] systemd[1]: Mounting Huge Pages File System...
[    2.193456] systemd[1]: Mounting POSIX Message Queue File System...
[    2.194297] systemd[1]: Mounting Kernel Debug File System...
[    2.195140] systemd[1]: Mounting Kernel Trace File System...
[    2.197086] systemd[1]: Starting Journal Service...
[    2.221952] systemd[1]: Starting Set the console keyboard layout...
[    2.229829] systemd[1]: Starting Create list of static device nodes for the current kernel...
[    2.231665] systemd[1]: Starting Load Kernel Module drm...
[    2.232626] systemd[1]: Condition check resulted in Set Up Additional Binary Formats being skipped.
[    2.232706] systemd[1]: Condition check resulted in File System Check on Root Device being skipped.
[    2.246070] systemd[1]: Starting Load Kernel Modules...
[    2.251385] systemd[1]: Starting Remount Root and Kernel File Systems...
[    2.264610] systemd[1]: Starting udev Coldplug all Devices...
[    2.273093] systemd[1]: Starting Uncomplicated firewall...
[    2.274630] systemd[1]: Mounted Huge Pages File System.
[    2.274713] systemd[1]: Mounted POSIX Message Queue File System.
[    2.274788] systemd[1]: Mounted Kernel Debug File System.
[    2.274855] systemd[1]: Mounted Kernel Trace File System.
[    2.276316] EXT4-fs (sda2): re-mounted. Opts: errors=remount-ro
[    2.303531] systemd[1]: Finished Create list of static device nodes for the current kernel.
[    2.304557] systemd[1]: modprobe@drm.service: Succeeded.
[    2.304965] systemd[1]: Finished Load Kernel Module drm.
[    2.322186] systemd[1]: Finished Remount Root and Kernel File Systems.
[    2.323166] systemd[1]: Finished Uncomplicated firewall.
[    2.339758] lp: driver loaded but no devices found
[    2.343428] systemd[1]: Condition check resulted in Rebuild Hardware Database being skipped.
[    2.343461] systemd[1]: Condition check resulted in Platform Persistent Storage Archival being skipped.
[    2.344124] systemd[1]: Starting Load/Save Random Seed...
[    2.348698] systemd[1]: Starting Create System Users...
[    2.353805] ppdev: user-space parallel port driver
[    2.365992] systemd[1]: Finished Load/Save Random Seed.
[    2.371657] systemd[1]: Finished Create System Users.
[    2.372384] systemd[1]: Starting Create Static Device Nodes in /dev...
[    2.418411] systemd[1]: Finished udev Coldplug all Devices.
[    2.429375] systemd[1]: Finished Create Static Device Nodes in /dev.
[    2.430182] systemd[1]: Starting udev Kernel Device Manager...
[    2.451205] [drm] DMA map mode: Caching DMA mappings.
[    2.451286] [drm] Capabilities:
[    2.451286] [drm]   Rect copy.
[    2.451286] [drm]   Cursor.
[    2.451287] [drm]   Cursor bypass.
[    2.451287] [drm]   Cursor bypass 2.
[    2.451287] [drm]   Alpha cursor.
[    2.451288] [drm]   Extended Fifo.
[    2.451288] [drm]   Pitchlock.
[    2.451288] [drm]   Irq mask.
[    2.451289] [drm]   GMR.
[    2.451289] [drm]   Traces.
[    2.451289] [drm]   GMR2.
[    2.451290] [drm]   Screen Object 2.
[    2.451290] [drm]   Command Buffers.
[    2.451291] [drm]   Command Buffers 2.
[    2.451291] [drm]   Guest Backed Resources.
[    2.451292] [drm] Max GMR ids is 8192
[    2.451292] [drm] Max number of GMR pages is 1048576
[    2.451293] [drm] Max dedicated hypervisor surface memory is 393216 kiB
[    2.451293] [drm] Maximum display memory size is 131072 kiB
[    2.451294] [drm] VRAM at 0xe0000000 size is 131072 kiB
[    2.451295] [drm] MMIO at 0xf0000000 size is 2048 kiB
[    2.452134] [TTM] Zone  kernel: Available graphics memory: 1011738 KiB
[    2.452135] [TTM] Initializing pool allocator
[    2.452139] [TTM] Initializing DMA pool allocator
[    2.452170] [drm] Supports vblank timestamp caching Rev 2 (21.10.2013).
[    2.452171] [drm] No driver support for vblank timestamp query.
[    2.452426] [drm] Screen Target Display device initialized
[    2.452624] [drm] width 720
[    2.452633] [drm] height 400
[    2.452637] [drm] bpp 32
[    2.453156] [drm] Fifo max 0x00200000 min 0x00001000 cap 0x00000355
[    2.454215] [drm] Using command buffers with DMA pool.
[    2.454223] [drm] DX: no.
[    2.454224] [drm] Atomic: yes.
[    2.454224] [drm] SM4_1: no.
[    2.454244] [drm:vmw_host_log [vmwgfx]] *ERROR* Failed to send host log message.
[    2.455158] [drm:vmw_host_log [vmwgfx]] *ERROR* Failed to send host log message.
[    2.471330] fbcon: svgadrmfb (fb0) is primary device
[    2.473470] Console: switching to colour frame buffer device 100x37
[    2.481416] systemd[1]: Finished Set the console keyboard layout.
[    2.481565] systemd[1]: Reached target Local File Systems (Pre).
[    2.483906] systemd[1]: Mounting Mount unit for bare, revision 5...
[    2.486884] [drm] Initialized vmwgfx 2.15.0 20180704 for 0000:00:02.0 on minor 0
[    2.487612] systemd[1]: Mounting Mount unit for core18, revision 1705...
[    2.513001] systemd[1]: Mounting Mount unit for gnome-3-34-1804, revision 24...
[    2.516012] systemd[1]: Mounting Mount unit for gtk-common-themes, revision 1506...
[    2.523940] systemd[1]: Mounting Mount unit for gtk-common-themes, revision 1535...
[    2.542122] systemd[1]: Mounting Mount unit for snap-store, revision 433...
[    2.559770] systemd[1]: Mounting Mount unit for snapd, revision 25935...
[    2.564822] systemd[1]: Finished Load Kernel Modules.
[    2.565901] systemd[1]: Mounted Mount unit for bare, revision 5.
[    2.572308] systemd[1]: Mounting FUSE Control File System...
[    2.573113] systemd[1]: Mounting Kernel Configuration File System...
[    2.573909] systemd[1]: Starting Apply Kernel Variables...
[    2.585293] systemd[1]: Mounted FUSE Control File System.
[    2.585365] systemd[1]: Condition check resulted in VMware vmblock fuse mount being skipped.
[    2.588849] systemd[1]: Mounted Kernel Configuration File System.
[    2.618560] systemd[1]: Finished Apply Kernel Variables.
[    2.624841] systemd[1]: Mounted Mount unit for gnome-3-34-1804, revision 24.
[    2.654288] systemd[1]: Mounted Mount unit for core18, revision 1705.
[    2.654380] systemd[1]: Mounted Mount unit for gtk-common-themes, revision 1506.
[    2.654458] systemd[1]: Mounted Mount unit for gtk-common-themes, revision 1535.
[    2.675330] systemd[1]: Started udev Kernel Device Manager.
[    2.676124] systemd[1]: Starting Show Plymouth Boot Screen...
[    2.681531] systemd[1]: Mounted Mount unit for snap-store, revision 433.
[    2.681622] systemd[1]: Mounted Mount unit for snapd, revision 25935.
[    2.681673] systemd[1]: Reached target Local File Systems.
[    2.687437] systemd[1]: Starting Load AppArmor profiles...
[    2.694058] systemd[1]: Starting Set console font and keymap...
[    2.701341] systemd[1]: Starting Tell Plymouth To Write Out Runtime Data...
[    2.701395] systemd[1]: Condition check resulted in Store a System Token in an EFI Variable being skipped.
[    2.701448] systemd[1]: Condition check resulted in Commit a transient machine-id on disk being skipped.
[    2.702077] systemd[1]: Received SIGRTMIN+20 from PID 275 (plymouthd).
[    2.708946] systemd[1]: Finished Set console font and keymap.
[    2.717466] systemd[1]: Received SIGRTMIN+20 from PID 275 (plymouthd).
[    2.720251] systemd[1]: plymouth-read-write.service: Succeeded.
[    2.720493] systemd[1]: Finished Tell Plymouth To Write Out Runtime Data.
[    2.720798] systemd[1]: Started Show Plymouth Boot Screen.
[    2.720912] systemd[1]: Condition check resulted in Dispatch Password Requests to Console Directory Watch being skipped.
[    2.720989] systemd[1]: Started Forward Password Requests to Plymouth Directory Watch.
[    2.721028] systemd[1]: Reached target Local Encrypted Volumes.
[    2.737663] audit: type=1400 audit(1768341704.576:2): apparmor="STATUS" operation="profile_load" profile="unconfined" name="nvidia_modprobe" pid=295 comm="apparmor_parser"
[    2.737664] audit: type=1400 audit(1768341704.576:3): apparmor="STATUS" operation="profile_load" profile="unconfined" name="nvidia_modprobe//kmod" pid=295 comm="apparmor_parser"
[    2.761600] audit: type=1400 audit(1768341704.600:4): apparmor="STATUS" operation="profile_load" profile="unconfined" name="/usr/sbin/tcpdump" pid=302 comm="apparmor_parser"
[    2.787015] audit: type=1400 audit(1768341704.620:5): apparmor="STATUS" operation="profile_load" profile="unconfined" name="/usr/bin/evince" pid=304 comm="apparmor_parser"
[    2.787017] audit: type=1400 audit(1768341704.620:6): apparmor="STATUS" operation="profile_load" profile="unconfined" name="/usr/bin/evince//sanitized_helper" pid=304 comm="apparmor_parser"
[    2.787019] audit: type=1400 audit(1768341704.620:7): apparmor="STATUS" operation="profile_load" profile="unconfined" name="/usr/bin/evince-previewer" pid=304 comm="apparmor_parser"
[    2.787021] audit: type=1400 audit(1768341704.620:8): apparmor="STATUS" operation="profile_load" profile="unconfined" name="/usr/bin/evince-previewer//sanitized_helper" pid=304 comm="apparmor_parser"
[    2.787022] audit: type=1400 audit(1768341704.620:9): apparmor="STATUS" operation="profile_load" profile="unconfined" name="/usr/bin/evince-thumbnailer" pid=304 comm="apparmor_parser"
[    2.819213] audit: type=1400 audit(1768341704.656:10): apparmor="STATUS" operation="profile_load" profile="unconfined" name="/usr/lib/cups/backend/cups-pdf" pid=305 comm="apparmor_parser"
[    2.902194] systemd[1]: Finished Load AppArmor profiles.
[    2.903125] systemd[1]: Starting Load AppArmor profiles managed internally by snapd...
[    3.019727] systemd[1]: Finished Load AppArmor profiles managed internally by snapd.
[    3.159812] systemd[1]: Started Journal Service.
[    3.170329] systemd-journald[229]: Received client request to flush runtime journal.
[    3.173139] systemd-journald[229]: File /var/log/journal/c455b248004a419c87ce85eea238d727/system.journal corrupted or uncleanly shut down, renaming and replacing.
[    4.469574] RAPL PMU: API unit is 2^-32 Joules, 0 fixed counters, 10737418240 ms ovfl timer
[    4.557798] cryptd: max_cpu_qlen set to 1000
[    4.590658] AVX2 version of gcm_enc/dec engaged.
[    4.590659] AES CTR mode by8 optimization enabled
[    6.391841] Adding 1998844k swap on /dev/sda1.  Priority:-2 extents:1 across:1998844k FS
[    7.670433] kauditd_printk_skb: 30 callbacks suppressed
[    7.670434] audit: type=1400 audit(1768341709.508:41): apparmor="DENIED" operation="capable" profile="/usr/sbin/cups-browsed" pid=507 comm="cups-browsed" capability=23  capname="sys_nice"
[    8.827337] pcnet32 0000:00:03.0 enp0s3: link up, 100Mbps, full-duplex
[    8.865924] e1000: enp0s8 NIC Link is Up 1000 Mbps Full Duplex, Flow Control: RX
[    8.866217] IPv6: ADDRCONF(NETDEV_CHANGE): enp0s8: link becomes ready
[    8.897898] e1000: enp0s9 NIC Link is Up 1000 Mbps Full Duplex, Flow Control: RX
[    8.898188] IPv6: ADDRCONF(NETDEV_CHANGE): enp0s9: link becomes ready
[    9.568932] device enp0s3 entered promiscuous mode
[    9.601065] audit: type=1400 audit(1768341711.436:42): apparmor="DENIED" operation="open" profile="/usr/sbin/tcpdump" name="/proc/sys/kernel/random/boot_id" pid=639 comm="tcpdump" requested_mask="r" denied_mask="r" fsuid=0 ouid=0
[    9.601281] audit: type=1400 audit(1768341711.436:43): apparmor="DENIED" operation="open" profile="/usr/sbin/tcpdump" name="/proc/sys/kernel/random/boot_id" pid=639 comm="tcpdump" requested_mask="r" denied_mask="r" fsuid=0 ouid=0
[    9.601329] audit: type=1400 audit(1768341711.436:44): apparmor="DENIED" operation="open" profile="/usr/sbin/tcpdump" name="/proc/sys/kernel/random/boot_id" pid=639 comm="tcpdump" requested_mask="r" denied_mask="r" fsuid=0 ouid=0
[    9.603117] audit: type=1400 audit(1768341711.436:45): apparmor="DENIED" operation="open" profile="/usr/sbin/tcpdump" name="/proc/sys/kernel/random/boot_id" pid=639 comm="tcpdump" requested_mask="r" denied_mask="r" fsuid=0 ouid=0
[    9.606318] audit: type=1400 audit(1768341711.444:46): apparmor="DENIED" operation="open" profile="/usr/sbin/tcpdump" name="/proc/sys/kernel/random/boot_id" pid=640 comm="tcpdump" requested_mask="r" denied_mask="r" fsuid=0 ouid=0
[    9.606477] audit: type=1400 audit(1768341711.444:47): apparmor="DENIED" operation="open" profile="/usr/sbin/tcpdump" name="/proc/sys/kernel/random/boot_id" pid=640 comm="tcpdump" requested_mask="r" denied_mask="r" fsuid=0 ouid=0
[    9.606517] audit: type=1400 audit(1768341711.444:48): apparmor="DENIED" operation="open" profile="/usr/sbin/tcpdump" name="/proc/sys/kernel/random/boot_id" pid=640 comm="tcpdump" requested_mask="r" denied_mask="r" fsuid=0 ouid=0
[    9.607115] audit: type=1400 audit(1768341711.444:49): apparmor="DENIED" operation="open" profile="/usr/sbin/tcpdump" name="/proc/sys/kernel/random/boot_id" pid=640 comm="tcpdump" requested_mask="r" denied_mask="r" fsuid=0 ouid=0
[   15.359161] rfkill: input handler disabled
[  186.633865] AAAAA-TCP_FORW: name:enp0s3: saddr:16783984: daddr:100932208
[  186.735896] AAAAA-TCP_FORW: name:enp0s3: saddr:33561200: daddr:100932208
[  186.910741] AAAAA-TCP_FORW: name:enp0s3: saddr:33561200: daddr:100932208
[  187.229789] AAAAA-TCP_FORW: name:enp0s3: saddr:33561200: daddr:100932208
[  187.539609] AAAAA-TCP_FORW: name:enp0s3: saddr:33561200: daddr:100932208
[  187.974360] AAAAA-TCP_FORW: name:enp0s3: saddr:33561200: daddr:100932208
[  188.585350] AAAAA-TCP_FORW: name:enp0s3: saddr:33561200: daddr:100932208
[  188.719534] AAAAA-TCP_FORW: name:enp0s3: saddr:33561200: daddr:100932208
[  188.917386] AAAAA-TCP_FORW: name:enp0s3: saddr:33561200: daddr:100932208
[  189.011109] AAAAA-TCP_FORW: name:enp0s3: saddr:33561200: daddr:100932208
[  219.824947] AAAAA-TCP_FORW: name:enp0s3: saddr:100932208: daddr:33561200
[  220.767399] AAAAA-TCP_FORW: name:enp0s3: saddr:33561200: daddr:100932208
[  220.913248] AAAAA-TCP_FORW: name:enp0s3: saddr:100932208: daddr:33561200
[  220.944138] AAAAA-TCP_FORW: name:enp0s3: saddr:33561200: daddr:100932208
[  221.008315] AAAAA-TCP_FORW: name:enp0s3: saddr:100932208: daddr:33561200
[  221.103695] AAAAA-TCP_FORW: name:enp0s3: saddr:100932208: daddr:33561200
[  221.312475] AAAAA-TCP_FORW: name:enp0s3: saddr:100932208: daddr:33561200
[  221.364485] AAAAA-TCP_FORW: name:enp0s3: saddr:33561200: daddr:100932208
[  221.409620] AAAAA-TCP_FORW: name:enp0s3: saddr:100932208: daddr:33561200
[  221.524620] AAAAA-TCP_FORW: name:enp0s3: saddr:100932208: daddr:33561200
[  221.592431] AAAAA-TCP_FORW: name:enp0s3: saddr:100932208: daddr:33561200
[  221.680590] AAAAA-TCP_FORW: name:enp0s3: saddr:33561200: daddr:100932208
[  221.709768] AAAAA-TCP_FORW: name:enp0s3: saddr:100932208: daddr:33561200
[  221.781081] AAAAA-TCP_FORW: name:enp0s3: saddr:100932208: daddr:33561200
[  221.929917] AAAAA-TCP_FORW: name:enp0s3: saddr:100932208: daddr:33561200
[  222.059305] AAAAA-TCP_FORW: name:enp0s3: saddr:100932208: daddr:33561200
[  222.155711] AAAAA-TCP_FORW: name:enp0s3: saddr:100932208: daddr:33561200
[  222.307425] AAAAA-TCP_FORW: name:enp0s3: saddr:16783984: daddr:100932208
[  222.363077] AAAAA-TCP_FORW: name:enp0s3: saddr:100932208: daddr:33561200
[  222.427749] AAAAA-TCP_FORW: name:enp0s3: saddr:100932208: daddr:33561200
[  222.537817] AAAAA-TCP_FORW: name:enp0s3: saddr:100932208: daddr:33561200
[  222.765121] AAAAA-TCP_FORW: name:enp0s3: saddr:100932208: daddr:33561200
[  222.774327] AAAAA-TCP_FORW: name:enp0s3: saddr:100932208: daddr:33561200
[  222.841856] AAAAA-TCP_FORW: name:enp0s3: saddr:16783984: daddr:100932208
[  222.918707] AAAAA-TCP_FORW: name:enp0s3: saddr:100932208: daddr:33561200
[  223.082055] AAAAA-TCP_FORW: name:enp0s3: saddr:33561200: daddr:100932208
[  223.117683] AAAAA-TCP_FORW: name:enp0s3: saddr:100932208: daddr:33561200
[  223.262347] AAAAA-TCP_FORW: name:enp0s3: saddr:100932208: daddr:33561200
[  223.381992] AAAAA-TCP_FORW: name:enp0s3: saddr:100932208: daddr:33561200
[  223.417611] AAAAA-TCP_FORW: name:enp0s3: saddr:100932208: daddr:33561200
[  223.483317] AAAAA-TCP_FORW: name:enp0s3: saddr:100932208: daddr:33561200
[  223.518884] AAAAA-TCP_FORW: name:enp0s3: saddr:100932208: daddr:33561200
[  223.577800] AAAAA-TCP_FORW: name:enp0s3: saddr:16783984: daddr:100932208
[  223.637709] AAAAA-TCP_FORW: name:enp0s3: saddr:100932208: daddr:33561200
[  223.697024] AAAAA-TCP_FORW: name:enp0s3: saddr:33561200: daddr:100932208
[  223.755884] AAAAA-TCP_FORW: name:enp0s3: saddr:100932208: daddr:33561200
[  223.882772] AAAAA-TCP_FORW: name:enp0s3: saddr:100932208: daddr:33561200
[  224.150014] AAAAA-TCP_FORW: name:enp0s3: saddr:33561200: daddr:100932208
[  224.173378] AAAAA-TCP_FORW: name:enp0s3: saddr:100932208: daddr:33561200
[  224.245408] AAAAA-TCP_FORW: name:enp0s3: saddr:100932208: daddr:33561200
[  224.305563] AAAAA-TCP_FORW: name:enp0s3: saddr:33561200: daddr:100932208
[  224.359228] AAAAA-TCP_FORW: name:enp0s3: saddr:100932208: daddr:33561200
[  224.628080] AAAAA-TCP_FORW: name:enp0s3: saddr:100932208: daddr:33561200
[  224.651528] AAAAA-TCP_FORW: name:enp0s3: saddr:33561200: daddr:100932208
[  224.777984] AAAAA-TCP_FORW: name:enp0s3: saddr:33561200: daddr:100932208
[  224.851600] AAAAA-TCP_FORW: name:enp0s3: saddr:100932208: daddr:33561200
[  224.902072] AAAAA-TCP_FORW: name:enp0s3: saddr:33561200: daddr:100932208
[  225.078830] AAAAA-TCP_FORW: name:enp0s3: saddr:100932208: daddr:33561200
[  225.161084] AAAAA-TCP_FORW: name:enp0s3: saddr:100932208: daddr:33561200
[  225.293020] AAAAA-TCP_FORW: name:enp0s3: saddr:33561200: daddr:100932208
[  225.600504] AAAAA-TCP_FORW: name:enp0s3: saddr:16783984: daddr:100932208
[  225.675591] AAAAA-TCP_FORW: name:enp0s3: saddr:16783984: daddr:100932208
[  226.698903] AAAAA-TCP_FORW: name:enp0s3: saddr:33561200: daddr:100932208
[  265.898062] AAAAA-TCP_FORW: name:enp0s3: saddr:100932208: daddr:16783984
[  265.986807] AAAAA-TCP_FORW: name:enp0s3: saddr:100932208: daddr:33561200
[  266.031837] AAAAA-TCP_FORW: name:enp0s3: saddr:100932208: daddr:33561200
[  266.097030] AAAAA-TCP_FORW: name:enp0s3: saddr:100932208: daddr:33561200
[  266.162498] AAAAA-TCP_FORW: name:enp0s3: saddr:100932208: daddr:33561200
[  266.224956] AAAAA-TCP_FORW: name:enp0s3: saddr:100932208: daddr:33561200
[  266.289727] AAAAA-TCP_FORW: name:enp0s3: saddr:100932208: daddr:33561200
[  266.346007] AAAAA-TCP_FORW: name:enp0s3: saddr:100932208: daddr:33561200
[  266.413671] AAAAA-TCP_FORW: name:enp0s3: saddr:100932208: daddr:33561200
[  266.457529] AAAAA-TCP_FORW: name:enp0s3: saddr:100932208: daddr:33561200
[  266.587433] AAAAA-TCP_FORW: name:enp0s3: saddr:100932208: daddr:33561200
[  266.646203] AAAAA-TCP_FORW: name:enp0s3: saddr:100932208: daddr:33561200
[  266.712851] AAAAA-TCP_FORW: name:enp0s3: saddr:100932208: daddr:33561200
[  266.756646] AAAAA-TCP_FORW: name:enp0s3: saddr:100932208: daddr:33561200
[  266.824849] AAAAA-TCP_FORW: name:enp0s3: saddr:100932208: daddr:33561200
[  266.883071] AAAAA-TCP_FORW: name:enp0s3: saddr:100932208: daddr:33561200
[  266.926222] AAAAA-TCP_FORW: name:enp0s3: saddr:100932208: daddr:33561200
[  267.029433] AAAAA-TCP_FORW: name:enp0s3: saddr:100932208: daddr:33561200
[  267.103955] AAAAA-TCP_FORW: name:enp0s3: saddr:100932208: daddr:33561200
[  267.200616] AAAAA-TCP_FORW: name:enp0s3: saddr:100932208: daddr:33561200
[  267.236996] AAAAA-TCP_FORW: name:enp0s3: saddr:100932208: daddr:33561200
[  267.287406] AAAAA-TCP_FORW: name:enp0s3: saddr:100932208: daddr:33561200
[  267.355850] AAAAA-TCP_FORW: name:enp0s3: saddr:100932208: daddr:33561200
[  267.482466] AAAAA-TCP_FORW: name:enp0s3: saddr:100932208: daddr:33561200
[  267.575420] AAAAA-TCP_FORW: name:enp0s3: saddr:100932208: daddr:33561200
[  267.716488] AAAAA-TCP_FORW: name:enp0s3: saddr:100932208: daddr:33561200
[  267.823181] AAAAA-TCP_FORW: name:enp0s3: saddr:100932208: daddr:33561200
[  267.923863] AAAAA-TCP_FORW: name:enp0s3: saddr:100932208: daddr:33561200
[  268.063582] AAAAA-TCP_FORW: name:enp0s3: saddr:100932208: daddr:33561200
[  268.149720] AAAAA-TCP_FORW: name:enp0s3: saddr:100932208: daddr:33561200
[  268.263920] AAAAA-TCP_FORW: name:enp0s3: saddr:100932208: daddr:33561200
[  268.353939] AAAAA-TCP_FORW: name:enp0s3: saddr:100932208: daddr:33561200
[  268.445986] AAAAA-TCP_FORW: name:enp0s3: saddr:100932208: daddr:33561200
[  268.618787] AAAAA-TCP_FORW: name:enp0s3: saddr:100932208: daddr:33561200
[  268.745549] AAAAA-TCP_FORW: name:enp0s3: saddr:100932208: daddr:33561200
[  268.865314] AAAAA-TCP_FORW: name:enp0s3: saddr:100932208: daddr:33561200
[  519.560767] rfkill: input handler enabled
[  528.994046] rfkill: input handler disabled
[  820.027487] device enp0s3 left promiscuous mode
