[    0.000000] Linux version 5.4.243-mptcp (root@ztg) (gcc version 12.2.0 (Debian 12.2.0-14+deb12u1)) #53 SMP Wed Dec 24 23:28:15 CST 2025
[    0.000000] Command line: BOOT_IMAGE=/boot/vmlinuz-5.4.243-mptcp root=UUID=98415a12-53b7-4144-8265-0f7ece09e445 ro quiet splash
[    0.000000] KERNEL supported cpus:
[    0.000000]   Intel GenuineIntel
[    0.000000]   AMD AuthenticAMD
[    0.000000]   Hygon HygonGenuine
[    0.000000]   Centaur CentaurHauls
[    0.000000]   zhaoxin   Shanghai  
[    0.000000] x86/fpu: Supporting XSAVE feature 0x001: 'x87 floating point registers'
[    0.000000] x86/fpu: Supporting XSAVE feature 0x002: 'SSE registers'
[    0.000000] x86/fpu: Supporting XSAVE feature 0x004: 'AVX registers'
[    0.000000] x86/fpu: xstate_offset[2]:  576, xstate_sizes[2]:  256
[    0.000000] x86/fpu: Enabled xstate features 0x7, context size is 832 bytes, using 'standard' format.
[    0.000000] BIOS-provided physical RAM map:
[    0.000000] BIOS-e820: [mem 0x0000000000000000-0x000000000009fbff] usable
[    0.000000] BIOS-e820: [mem 0x000000000009fc00-0x000000000009ffff] reserved
[    0.000000] BIOS-e820: [mem 0x00000000000f0000-0x00000000000fffff] reserved
[    0.000000] BIOS-e820: [mem 0x0000000000100000-0x000000007ffeffff] usable
[    0.000000] BIOS-e820: [mem 0x000000007fff0000-0x000000007fffffff] ACPI data
[    0.000000] BIOS-e820: [mem 0x00000000fec00000-0x00000000fec00fff] reserved
[    0.000000] BIOS-e820: [mem 0x00000000fee00000-0x00000000fee00fff] reserved
[    0.000000] BIOS-e820: [mem 0x00000000fffc0000-0x00000000ffffffff] reserved
[    0.000000] NX (Execute Disable) protection: active
[    0.000000] SMBIOS 2.5 present.
[    0.000000] DMI: innotek GmbH VirtualBox/VirtualBox, BIOS VirtualBox 12/01/2006
[    0.000000] Hypervisor detected: KVM
[    0.000000] kvm-clock: Using msrs 4b564d01 and 4b564d00
[    0.000000] kvm-clock: cpu 0, msr 76201001, primary cpu clock
[    0.000000] kvm-clock: using sched offset of 4433686751 cycles
[    0.000002] clocksource: kvm-clock: mask: 0xffffffffffffffff max_cycles: 0x1cd42e4dffb, max_idle_ns: 881590591483 ns
[    0.000005] tsc: Detected 2100.000 MHz processor
[    0.001859] e820: update [mem 0x00000000-0x00000fff] usable ==> reserved
[    0.001861] e820: remove [mem 0x000a0000-0x000fffff] usable
[    0.001865] last_pfn = 0x7fff0 max_arch_pfn = 0x400000000
[    0.001933] MTRR default type: uncachable
[    0.001934] MTRR fixed ranges enabled:
[    0.001935]   00000-9FFFF write-back
[    0.001936]   A0000-BFFFF uncachable
[    0.001936]   C0000-FFFFF write-protect
[    0.001937] MTRR variable ranges enabled:
[    0.001939]   0 base 000000000000 mask 3FFF80000000 write-back
[    0.001939]   1 disabled
[    0.001940]   2 disabled
[    0.001940]   3 disabled
[    0.001941]   4 disabled
[    0.001941]   5 disabled
[    0.001941]   6 disabled
[    0.001942]   7 disabled
[    0.001942]   8 disabled
[    0.001943]   9 disabled
[    0.001943]   10 disabled
[    0.001944]   11 disabled
[    0.001944]   12 disabled
[    0.001944]   13 disabled
[    0.001945]   14 disabled
[    0.001945]   15 disabled
[    0.001961] x86/PAT: Configuration [0-7]: WB  WC  UC- UC  WB  WP  UC- WT  
[    0.002095] found SMP MP-table at [mem 0x0009fff0-0x0009ffff]
[    0.091229] check: Scanning 1 areas for low memory corruption
[    0.091366] RAMDISK: [mem 0x32271000-0x3512ffff]
[    0.091375] ACPI: Early table checksum verification disabled
[    0.091381] ACPI: RSDP 0x00000000000E0000 000024 (v02 VBOX  )
[    0.091385] ACPI: XSDT 0x000000007FFF0030 00003C (v01 VBOX   VBOXXSDT 00000001 ASL  00000061)
[    0.091392] ACPI: FACP 0x000000007FFF00F0 0000F4 (v04 VBOX   VBOXFACP 00000001 ASL  00000061)
[    0.091398] ACPI: DSDT 0x000000007FFF02E0 002353 (v02 VBOX   VBOXBIOS 00000002 VBOX 00029BF3)
[    0.091402] ACPI: FACS 0x000000007FFF0200 000040
[    0.091406] ACPI: FACS 0x000000007FFF0200 000040
[    0.091409] ACPI: APIC 0x000000007FFF0240 000054 (v02 VBOX   VBOXAPIC 00000001 ASL  00000061)
[    0.091412] ACPI: SSDT 0x000000007FFF02A0 000038 (v01 VBOX   VBOXCPUT 00000002 VBOX 00029BF3)
[    0.091416] ACPI: Reserving FACP table memory at [mem 0x7fff00f0-0x7fff01e3]
[    0.091417] ACPI: Reserving DSDT table memory at [mem 0x7fff02e0-0x7fff2632]
[    0.091417] ACPI: Reserving FACS table memory at [mem 0x7fff0200-0x7fff023f]
[    0.091418] ACPI: Reserving FACS table memory at [mem 0x7fff0200-0x7fff023f]
[    0.091419] ACPI: Reserving APIC table memory at [mem 0x7fff0240-0x7fff0293]
[    0.091419] ACPI: Reserving SSDT table memory at [mem 0x7fff02a0-0x7fff02d7]
[    0.091434] ACPI: Local APIC address 0xfee00000
[    0.091621] No NUMA configuration found
[    0.091622] Faking a node at [mem 0x0000000000000000-0x000000007ffeffff]
[    0.091632] NODE_DATA(0) allocated [mem 0x7ffc5000-0x7ffeffff]
[    0.091900] Zone ranges:
[    0.091901]   DMA      [mem 0x0000000000001000-0x0000000000ffffff]
[    0.091902]   DMA32    [mem 0x0000000001000000-0x000000007ffeffff]
[    0.091903]   Normal   empty
[    0.091903]   Device   empty
[    0.091904] Movable zone start for each node
[    0.091906] Early memory node ranges
[    0.091907]   node   0: [mem 0x0000000000001000-0x000000000009efff]
[    0.091908]   node   0: [mem 0x0000000000100000-0x000000007ffeffff]
[    0.091911] Zeroed struct page in unavailable ranges: 114 pages
[    0.091912] Initmem setup node 0 [mem 0x0000000000001000-0x000000007ffeffff]
[    0.091913] On node 0 totalpages: 524174
[    0.091914]   DMA zone: 64 pages used for memmap
[    0.091915]   DMA zone: 21 pages reserved
[    0.091916]   DMA zone: 3998 pages, LIFO batch:0
[    0.091988]   DMA32 zone: 8128 pages used for memmap
[    0.091988]   DMA32 zone: 520176 pages, LIFO batch:63
[    0.101045] ACPI: PM-Timer IO Port: 0x4008
[    0.101050] ACPI: Local APIC address 0xfee00000
[    0.101121] IOAPIC[0]: apic_id 1, version 32, address 0xfec00000, GSI 0-23
[    0.101124] ACPI: INT_SRC_OVR (bus 0 bus_irq 0 global_irq 2 dfl dfl)
[    0.101126] ACPI: INT_SRC_OVR (bus 0 bus_irq 9 global_irq 9 low level)
[    0.101128] ACPI: IRQ0 used by override.
[    0.101129] ACPI: IRQ9 used by override.
[    0.101132] Using ACPI (MADT) for SMP configuration information
[    0.101139] smpboot: Allowing 1 CPUs, 0 hotplug CPUs
[    0.101163] PM: Registered nosave memory: [mem 0x00000000-0x00000fff]
[    0.101164] PM: Registered nosave memory: [mem 0x0009f000-0x0009ffff]
[    0.101164] PM: Registered nosave memory: [mem 0x000a0000-0x000effff]
[    0.101165] PM: Registered nosave memory: [mem 0x000f0000-0x000fffff]
[    0.101167] [mem 0x80000000-0xfebfffff] available for PCI devices
[    0.101168] Booting paravirtualized kernel on KVM
[    0.101171] clocksource: refined-jiffies: mask: 0xffffffff max_cycles: 0xffffffff, max_idle_ns: 7645519600211568 ns
[    0.101176] setup_percpu: NR_CPUS:8192 nr_cpumask_bits:1 nr_cpu_ids:1 nr_node_ids:1
[    0.102182] percpu: Embedded 60 pages/cpu s208896 r8192 d28672 u2097152
[    0.102187] pcpu-alloc: s208896 r8192 d28672 u2097152 alloc=1*2097152
[    0.102187] pcpu-alloc: [0] 0 
[    0.102214] Built 1 zonelists, mobility grouping on.  Total pages: 515961
[    0.102215] Policy zone: DMA32
[    0.102216] Kernel command line: BOOT_IMAGE=/boot/vmlinuz-5.4.243-mptcp root=UUID=98415a12-53b7-4144-8265-0f7ece09e445 ro quiet splash
[    0.103073] Dentry cache hash table entries: 262144 (order: 9, 2097152 bytes, linear)
[    0.103221] Inode-cache hash table entries: 131072 (order: 8, 1048576 bytes, linear)
[    0.103271] mem auto-init: stack:off, heap alloc:on, heap free:off
[    0.103274] Calgary: detecting Calgary via BIOS EBDA area
[    0.103276] Calgary: Unable to locate Rio Grande table in EBDA - bailing!
[    0.107508] Memory: 1967332K/2096696K available (14339K kernel code, 2398K rwdata, 4712K rodata, 2728K init, 17260K bss, 129364K reserved, 0K cma-reserved)
[    0.108467] SLUB: HWalign=64, Order=0-3, MinObjects=0, CPUs=1, Nodes=1
[    0.108483] ftrace: allocating 43186 entries in 169 pages
[    0.126696] rcu: Hierarchical RCU implementation.
[    0.126697] rcu: 	RCU restricting CPUs from NR_CPUS=8192 to nr_cpu_ids=1.
[    0.126698] 	Tasks RCU enabled.
[    0.126699] rcu: RCU calculated value of scheduler-enlistment delay is 25 jiffies.
[    0.126700] rcu: Adjusting geometry for rcu_fanout_leaf=16, nr_cpu_ids=1
[    0.129673] NR_IRQS: 524544, nr_irqs: 256, preallocated irqs: 16
[    0.129886] random: crng init done
[    0.139228] Console: colour VGA+ 80x25
[    0.139233] printk: console [tty0] enabled
[    0.139253] ACPI: Core revision 20190816
[    0.139353] APIC: Switch to symmetric I/O mode setup
[    0.139601] x2apic enabled
[    0.139839] Switched APIC routing to physical x2apic.
[    0.140961] ..TIMER: vector=0x30 apic1=0 pin1=2 apic2=-1 pin2=-1
[    0.140987] clocksource: tsc-early: mask: 0xffffffffffffffff max_cycles: 0x1e4530a99b6, max_idle_ns: 440795257976 ns
[    0.140993] Calibrating delay loop (skipped) preset value.. 4200.00 BogoMIPS (lpj=8400000)
[    0.140995] pid_max: default: 32768 minimum: 301
[    0.141023] LSM: Security Framework initializing
[    0.141033] Yama: becoming mindful.
[    0.141060] AppArmor: AppArmor initialized
[    0.141096] Mount-cache hash table entries: 4096 (order: 3, 32768 bytes, linear)
[    0.141101] Mountpoint-cache hash table entries: 4096 (order: 3, 32768 bytes, linear)
[    0.141111] *** VALIDATE tmpfs ***
[    0.141245] *** VALIDATE proc ***
[    0.141288] *** VALIDATE cgroup1 ***
[    0.141290] *** VALIDATE cgroup2 ***
[    0.141434] process: using mwait in idle threads
[    0.141439] Last level iTLB entries: 4KB 64, 2MB 8, 4MB 8
[    0.141439] Last level dTLB entries: 4KB 64, 2MB 0, 4MB 0, 1GB 4
[    0.141459] Spectre V1 : Mitigation: usercopy/swapgs barriers and __user pointer sanitization
[    0.141465] Spectre V2 : Mitigation: Retpolines
[    0.141465] Spectre V2 : Spectre v2 / SpectreRSB mitigation: Filling RSB on context switch
[    0.141466] Spectre V2 : Spectre v2 / SpectreRSB : Filling RSB on VMEXIT
[    0.141466] RETBleed: WARNING: Spectre v2 mitigation leaves CPU vulnerable to RETBleed attacks, data leaks possible!
[    0.141825] RETBleed: Vulnerable
[    0.141826] Speculative Store Bypass: Vulnerable
[    0.141831] TAA: Mitigation: TSX disabled
[    0.141831] MMIO Stale Data: Mitigation: Clear CPU buffers
[    0.146110] Freeing SMP alternatives memory: 40K
[    0.258819] smpboot: CPU0: Intel(R) Xeon(R) Silver 4216 CPU @ 2.10GHz (family: 0x6, model: 0x55, stepping: 0x7)
[    0.258962] Performance Events: unsupported p6 CPU model 85 no PMU driver, software events only.
[    0.259000] rcu: Hierarchical SRCU implementation.
[    0.259481] NMI watchdog: Perf NMI watchdog permanently disabled
[    0.259520] smp: Bringing up secondary CPUs ...
[    0.259521] smp: Brought up 1 node, 1 CPU
[    0.259522] smpboot: Max logical packages: 1
[    0.259523] smpboot: Total of 1 processors activated (4200.00 BogoMIPS)
[    0.260504] devtmpfs: initialized
[    0.260553] x86/mm: Memory block size: 128MB
[    0.260908] clocksource: jiffies: mask: 0xffffffff max_cycles: 0xffffffff, max_idle_ns: 7645041785100000 ns
[    0.260914] futex hash table entries: 256 (order: 2, 16384 bytes, linear)
[    0.260958] pinctrl core: initialized pinctrl subsystem
[    0.260989] PM: RTC time: 22:01:12, date: 2026-01-13
[    0.260989] NET: Registered protocol family 16
[    0.260989] audit: initializing netlink subsys (disabled)
[    0.260989] EISA bus registered
[    0.260989] cpuidle: using governor ladder
[    0.260989] cpuidle: using governor menu
[    0.260989] ACPI: bus type PCI registered
[    0.260989] acpiphp: ACPI Hot Plug PCI Controller Driver version: 0.5
[    0.260989] PCI: Using configuration type 1 for base access
[    0.261339] audit: type=2000 audit(1768312878.652:1): state=initialized audit_enabled=0 res=1
[    0.261419] HugeTLB registered 2.00 MiB page size, pre-allocated 0 pages
[    0.262238] ACPI: Added _OSI(Module Device)
[    0.262239] ACPI: Added _OSI(Processor Device)
[    0.262240] ACPI: Added _OSI(3.0 _SCP Extensions)
[    0.262240] ACPI: Added _OSI(Processor Aggregator Device)
[    0.262241] ACPI: Added _OSI(Linux-Dell-Video)
[    0.262242] ACPI: Added _OSI(Linux-Lenovo-NV-HDMI-Audio)
[    0.262243] ACPI: Added _OSI(Linux-HPI-Hybrid-Graphics)
[    0.264205] ACPI: 2 ACPI AML tables successfully acquired and loaded
[    0.265699] ACPI: Interpreter enabled
[    0.265709] ACPI: (supports S0 S5)
[    0.265710] ACPI: Using IOAPIC for interrupt routing
[    0.265914] PCI: Using host bridge windows from ACPI; if necessary, use "pci=nocrs" and report a bug
[    0.266022] ACPI: Enabled 2 GPEs in block 00 to 07
[    0.270830] ACPI: PCI Root Bridge [PCI0] (domain 0000 [bus 00-ff])
[    0.270835] acpi PNP0A03:00: _OSC: OS supports [ASPM ClockPM Segments MSI HPX-Type3]
[    0.271277] acpi PNP0A03:00: _OSC: not requesting OS control; OS requires [ExtendedConfig ASPM ClockPM MSI]
[    0.271285] acpi PNP0A03:00: fail to add MMCONFIG information, can't access extended PCI configuration space under this bridge.
[    0.271662] PCI host bridge to bus 0000:00
[    0.271664] pci_bus 0000:00: root bus resource [io  0x0000-0x0cf7 window]
[    0.271666] pci_bus 0000:00: root bus resource [io  0x0d00-0xffff window]
[    0.271667] pci_bus 0000:00: root bus resource [mem 0x000a0000-0x000bffff window]
[    0.271668] pci_bus 0000:00: root bus resource [mem 0x80000000-0xfdffffff window]
[    0.271670] pci_bus 0000:00: root bus resource [bus 00-ff]
[    0.271712] pci 0000:00:00.0: [8086:1237] type 00 class 0x060000
[    0.272989] pci 0000:00:01.0: [8086:7000] type 00 class 0x060100
[    0.272989] pci 0000:00:01.1: [8086:7111] type 00 class 0x01018a
[    0.273139] pci 0000:00:01.1: reg 0x20: [io  0xd000-0xd00f]
[    0.273292] pci 0000:00:01.1: legacy IDE quirk: reg 0x10: [io  0x01f0-0x01f7]
[    0.273293] pci 0000:00:01.1: legacy IDE quirk: reg 0x14: [io  0x03f6]
[    0.273294] pci 0000:00:01.1: legacy IDE quirk: reg 0x18: [io  0x0170-0x0177]
[    0.273295] pci 0000:00:01.1: legacy IDE quirk: reg 0x1c: [io  0x0376]
[    0.273873] pci 0000:00:02.0: [15ad:0405] type 00 class 0x030000
[    0.278902] pci 0000:00:02.0: reg 0x10: [io  0xd010-0xd01f]
[    0.281037] pci 0000:00:02.0: reg 0x14: [mem 0xe0000000-0xe7ffffff pref]
[    0.283648] pci 0000:00:02.0: reg 0x18: [mem 0xf0000000-0xf01fffff]
[    0.295582] pci 0000:00:03.0: [1022:2000] type 00 class 0x020000
[    0.296279] pci 0000:00:03.0: reg 0x10: [io  0xd020-0xd03f]
[    0.296899] pci 0000:00:03.0: reg 0x14: [mem 0xf0200000-0xf0200fff]
[    0.300118] pci 0000:00:04.0: [80ee:cafe] type 00 class 0x088000
[    0.300799] pci 0000:00:04.0: reg 0x10: [io  0xd040-0xd05f]
[    0.301107] pci 0000:00:04.0: reg 0x14: [mem 0xf0400000-0xf07fffff]
[    0.301715] pci 0000:00:04.0: reg 0x18: [mem 0xf0800000-0xf0803fff pref]
[    0.306285] pci 0000:00:07.0: [8086:7113] type 00 class 0x068000
[    0.306820] pci 0000:00:07.0: quirk: [io  0x4000-0x403f] claimed by PIIX4 ACPI
[    0.306830] pci 0000:00:07.0: quirk: [io  0x4100-0x410f] claimed by PIIX4 SMB
[    0.307440] pci 0000:00:08.0: [8086:100e] type 00 class 0x020000
[    0.308140] pci 0000:00:08.0: reg 0x10: [mem 0xf0820000-0xf083ffff]
[    0.309104] pci 0000:00:08.0: reg 0x18: [io  0xd060-0xd067]
[    0.312339] pci 0000:00:09.0: [8086:100e] type 00 class 0x020000
[    0.313062] pci 0000:00:09.0: reg 0x10: [mem 0xf0840000-0xf085ffff]
[    0.314209] pci 0000:00:09.0: reg 0x18: [io  0xd068-0xd06f]
[    0.325135] ACPI: PCI Interrupt Link [LNKA] (IRQs 5 9 10 *11)
[    0.325417] ACPI: PCI Interrupt Link [LNKB] (IRQs 5 9 *10 11)
[    0.325517] ACPI: PCI Interrupt Link [LNKC] (IRQs 5 *9 10 11)
[    0.325622] ACPI: PCI Interrupt Link [LNKD] (IRQs 5 9 10 *11)
[    0.325891] iommu: Default domain type: Translated 
[    0.325952] pci 0000:00:02.0: vgaarb: setting as boot VGA device
[    0.325954] pci 0000:00:02.0: vgaarb: VGA device added: decodes=io+mem,owns=io+mem,locks=none
[    0.325956] pci 0000:00:02.0: vgaarb: bridge control possible
[    0.325956] vgaarb: loaded
[    0.326173] SCSI subsystem initialized
[    0.326205] libata version 3.00 loaded.
[    0.326228] ACPI: bus type USB registered
[    0.326244] usbcore: registered new interface driver usbfs
[    0.326250] usbcore: registered new interface driver hub
[    0.326255] usbcore: registered new device driver usb
[    0.326281] pps_core: LinuxPPS API ver. 1 registered
[    0.326281] pps_core: Software ver. 5.3.6 - Copyright 2005-2007 Rodolfo Giometti <giometti@linux.it>
[    0.326283] PTP clock support registered
[    0.326317] EDAC MC: Ver: 3.0.0
[    0.326602] PCI: Using ACPI for IRQ routing
[    0.326604] PCI: pci_cache_line_size set to 64 bytes
[    0.326774] e820: reserve RAM buffer [mem 0x0009fc00-0x0009ffff]
[    0.326777] e820: reserve RAM buffer [mem 0x7fff0000-0x7fffffff]
[    0.327564] NetLabel: Initializing
[    0.327565] NetLabel:  domain hash size = 128
[    0.327565] NetLabel:  protocols = UNLABELED CIPSOv4 CALIPSO
[    0.327585] NetLabel:  unlabeled traffic allowed by default
[    0.328501] clocksource: Switched to clocksource kvm-clock
[    0.339576] *** VALIDATE bpf ***
[    0.339640] VFS: Disk quotas dquot_6.6.0
[    0.339653] VFS: Dquot-cache hash table entries: 512 (order 0, 4096 bytes)
[    0.339676] *** VALIDATE ramfs ***
[    0.339679] *** VALIDATE hugetlbfs ***
[    0.339763] AppArmor: AppArmor Filesystem Enabled
[    0.339789] pnp: PnP ACPI init
[    0.339862] pnp 00:00: Plug and Play ACPI device, IDs PNP0303 (active)
[    0.339949] pnp 00:01: Plug and Play ACPI device, IDs PNP0f03 (active)
[    0.340708] pnp: PnP ACPI: found 2 devices
[    0.341665] thermal_sys: Registered thermal governor 'fair_share'
[    0.341666] thermal_sys: Registered thermal governor 'bang_bang'
[    0.341667] thermal_sys: Registered thermal governor 'step_wise'
[    0.341667] thermal_sys: Registered thermal governor 'user_space'
[    0.341668] thermal_sys: Registered thermal governor 'power_allocator'
[    0.346203] clocksource: acpi_pm: mask: 0xffffff max_cycles: 0xffffff, max_idle_ns: 2085701024 ns
[    0.346244] pci_bus 0000:00: resource 4 [io  0x0000-0x0cf7 window]
[    0.346246] pci_bus 0000:00: resource 5 [io  0x0d00-0xffff window]
[    0.346247] pci_bus 0000:00: resource 6 [mem 0x000a0000-0x000bffff window]
[    0.346248] pci_bus 0000:00: resource 7 [mem 0x80000000-0xfdffffff window]
[    0.346306] NET: Registered protocol family 2
[    0.346382] IP idents hash table entries: 32768 (order: 6, 262144 bytes, linear)
[    0.346796] MPTCP tokens hash table entries: 8192 (order: 4, 65536 bytes, linear)
[    0.346816] MPTCP request tokens hash table entries: 8192 (order: 4, 65536 bytes, linear)
[    0.346841] default registered
[    0.346842] default registered
[    0.346842] MPTCP: Stable release v0.96
[    0.346847] tcp_listen_portaddr_hash hash table entries: 1024 (order: 2, 16384 bytes, linear)
[    0.346928] TCP established hash table entries: 16384 (order: 5, 131072 bytes, linear)
[    0.346996] TCP bind hash table entries: 16384 (order: 6, 262144 bytes, linear)
[    0.347021] TCP: Hash tables configured (established 16384 bind 16384)
[    0.347743] UDP hash table entries: 1024 (order: 3, 32768 bytes, linear)
[    0.347754] UDP-Lite hash table entries: 1024 (order: 3, 32768 bytes, linear)
[    0.347789] NET: Registered protocol family 1
[    0.347798] NET: Registered protocol family 44
[    0.347822] pci 0000:00:00.0: Limiting direct PCI/PCI transfers
[    0.347834] pci 0000:00:01.0: Activating ISA DMA hang workarounds
[    0.347887] pci 0000:00:02.0: Video device with shadowed ROM at [mem 0x000c0000-0x000dffff]
[    0.347952] PCI: CLS 0 bytes, default 64
[    0.348001] Trying to unpack rootfs image as initramfs...
[    0.519896] Freeing initrd memory: 47868K
[    0.519896] clocksource: tsc: mask: 0xffffffffffffffff max_cycles: 0x1e4530a99b6, max_idle_ns: 440795257976 ns
[    0.519896] clocksource: Switched to clocksource tsc
[    0.519896] platform rtc_cmos: registered platform RTC device (no PNP device found)
[    0.519896] check: Scanning for low memory corruption every 60 seconds
[    0.519896] Initialise system trusted keyrings
[    0.519896] Key type blacklist registered
[    0.519896] workingset: timestamp_bits=36 max_order=19 bucket_order=0
[    0.519896] zbud: loaded
[    0.519896] squashfs: version 4.0 (2009/01/31) Phillip Lougher
[    0.519896] fuse: init (API version 7.31)
[    0.519896] *** VALIDATE fuse ***
[    0.519896] *** VALIDATE fuse ***
[    0.519896] Platform Keyring initialized
[    0.519896] Key type asymmetric registered
[    0.519896] Asymmetric key parser 'x509' registered
[    0.519896] Block layer SCSI generic (bsg) driver version 0.4 loaded (major 244)
[    0.519896] io scheduler mq-deadline registered
[    0.519896] shpchp: Standard Hot Plug PCI Controller Driver version: 0.4
[    0.534189] ACPI: AC Adapter [AC] (on-line)
[    0.534234] input: Power Button as /devices/LNXSYSTM:00/LNXPWRBN:00/input/input0
[    0.534261] ACPI: Power Button [PWRF]
[    0.534345] input: Sleep Button as /devices/LNXSYSTM:00/LNXSLPBN:00/input/input1
[    0.534360] ACPI: Sleep Button [SLPF]
[    0.534603] Serial: 8250/16550 driver, 32 ports, IRQ sharing enabled
[    0.535736] Linux agpgart interface v0.103
[    0.631177] loop: module loaded
[    0.631334] ata_piix 0000:00:01.1: version 2.13
[    0.631741] scsi host0: ata_piix
[    0.631832] scsi host1: ata_piix
[    0.631859] ata1: PATA max UDMA/33 cmd 0x1f0 ctl 0x3f6 bmdma 0xd000 irq 14
[    0.631860] ata2: PATA max UDMA/33 cmd 0x170 ctl 0x376 bmdma 0xd008 irq 15
[    0.631944] tun: Universal TUN/TAP device driver, 1.6
[    0.632262] PPP generic driver version 2.4.2
[    0.632305] VFIO - User Level meta-driver version: 0.3
[    0.632545] ehci_hcd: USB 2.0 'Enhanced' Host Controller (EHCI) Driver
[    0.632551] ehci-pci: EHCI PCI platform driver
[    0.632566] ehci-platform: EHCI generic platform driver
[    0.632572] ohci_hcd: USB 1.1 'Open' Host Controller (OHCI) Driver
[    0.632574] ohci-pci: OHCI PCI platform driver
[    0.632581] ohci-platform: OHCI generic platform driver
[    0.632585] uhci_hcd: USB Universal Host Controller Interface driver
[    0.632652] i8042: PNP: PS/2 Controller [PNP0303:PS2K,PNP0f03:PS2M] at 0x60,0x64 irq 1,12
[    0.633093] serio: i8042 KBD port at 0x60,0x64 irq 1
[    0.633096] serio: i8042 AUX port at 0x60,0x64 irq 12
[    0.633184] mousedev: PS/2 mouse device common for all mice
[    0.633437] input: AT Translated Set 2 keyboard as /devices/platform/i8042/serio0/input/input2
[    0.633844] rtc_cmos rtc_cmos: registered as rtc0
[    0.633857] rtc_cmos rtc_cmos: alarms up to one day, 114 bytes nvram
[    0.633863] i2c /dev entries driver
[    0.633908] device-mapper: uevent: version 1.0.3
[    0.633952] device-mapper: ioctl: 4.41.0-ioctl (2019-09-16) initialised: dm-devel@redhat.com
[    0.633968] platform eisa.0: Probing EISA bus 0
[    0.633970] platform eisa.0: EISA: Cannot allocate resource for mainboard
[    0.633971] platform eisa.0: Cannot allocate resource for EISA slot 1
[    0.633972] platform eisa.0: Cannot allocate resource for EISA slot 2
[    0.633973] platform eisa.0: Cannot allocate resource for EISA slot 3
[    0.633974] platform eisa.0: Cannot allocate resource for EISA slot 4
[    0.633975] platform eisa.0: Cannot allocate resource for EISA slot 5
[    0.633976] platform eisa.0: Cannot allocate resource for EISA slot 6
[    0.633977] platform eisa.0: Cannot allocate resource for EISA slot 7
[    0.633978] platform eisa.0: Cannot allocate resource for EISA slot 8
[    0.633979] platform eisa.0: EISA: Detected 0 cards
[    0.633982] intel_pstate: CPU model not supported
[    0.633991] ledtrig-cpu: registered to indicate activity on CPUs
[    0.634047] drop_monitor: Initializing network drop monitor service
[    0.634206] NET: Registered protocol family 10
[    0.639305] Segment Routing with IPv6
[    0.639305] fullmesh registered
[    0.639305] ndiffports registered
[    0.639305] binder registered
[    0.639305] roundrobin registered
[    0.639305] redundant registered
[    0.639305] blest registered
[    0.639305] ecf registered
[    0.639305] NET: Registered protocol family 17
[    0.639305] Key type dns_resolver registered
[    0.639305] RAS: Correctable Errors collector initialized.
[    0.639305] IPI shorthand broadcast: enabled
[    0.639305] sched_clock: Marking stable (624193471, 11112463)->(639056178, -3750244)
[    0.639622] registered taskstats version 1
[    0.639631] Loading compiled-in X.509 certificates
[    0.640224] Loaded X.509 cert 'Build time autogenerated kernel key: 6909f3744cebb3d0de528d5887b96a727de79b1e'
[    0.640243] zswap: loaded using pool lzo/zbud
[    0.640297] Key type ._fscrypt registered
[    0.640298] Key type .fscrypt registered
[    0.644742] Key type big_key registered
[    0.646954] Key type encrypted registered
[    0.646957] AppArmor: AppArmor sha1 policy hashing enabled
[    0.646965] ima: No TPM chip found, activating TPM-bypass!
[    0.646969] ima: Allocated hash algorithm: sha1
[    0.646974] ima: No architecture policies found
[    0.646983] evm: Initialising EVM extended attributes:
[    0.646983] evm: security.selinux
[    0.646984] evm: security.SMACK64
[    0.646984] evm: security.SMACK64EXEC
[    0.646985] evm: security.SMACK64TRANSMUTE
[    0.646985] evm: security.SMACK64MMAP
[    0.646986] evm: security.apparmor
[    0.646986] evm: security.ima
[    0.646987] evm: security.capability
[    0.646987] evm: HMAC attrs: 0x1
[    0.647308] PM:   Magic number: 10:242:47
[    0.647426] rtc_cmos rtc_cmos: setting system clock to 2026-01-13T22:01:13 UTC (1768341673)
[    0.803745] ata1.00: ATA-6: VBOX HARDDISK, 1.0, max UDMA/133
[    0.803747] ata1.00: 209715200 sectors, multi 128: LBA 
[    0.804236] scsi 0:0:0:0: Direct-Access     ATA      VBOX HARDDISK    1.0  PQ: 0 ANSI: 5
[    0.804439] sd 0:0:0:0: [sda] 209715200 512-byte logical blocks: (107 GB/100 GiB)
[    0.804447] sd 0:0:0:0: [sda] Write Protect is off
[    0.804449] sd 0:0:0:0: [sda] Mode Sense: 00 3a 00 00
[    0.804461] sd 0:0:0:0: [sda] Write cache: enabled, read cache: enabled, doesn't support DPO or FUA
[    0.804679] sd 0:0:0:0: Attached scsi generic sg0 type 0
[    0.805429]  sda: sda1 sda2
[    0.815340] sd 0:0:0:0: [sda] Attached SCSI disk
[    0.817482] Freeing unused decrypted memory: 2040K
[    0.818224] Freeing unused kernel image memory: 2728K
[    0.818226] Write protecting the kernel read-only data: 22528k
[    0.818962] Freeing unused kernel image memory: 2036K
[    0.819390] Freeing unused kernel image memory: 1432K
[    0.835311] x86/mm: Checked W+X mappings: passed, no W+X pages found.
[    0.835316] Run /init as init process
[    0.938496] ACPI: Video Device [GFX0] (multi-head: yes  rom: no  post: no)
[    0.938573] input: Video Bus as /devices/LNXSYSTM:00/LNXSYBUS:00/PNP0A03:00/LNXVIDEO:00/input/input4
[    0.952229] pcnet32: pcnet32.c:v1.35 21.Apr.2008 tsbogend@alpha.franken.de
[    0.953199] pcnet32: PCnet/FAST III 79C973 at 0xd020, 08:00:27:f8:15:67 assigned IRQ 19
[    0.953243] pcnet32: Found PHY 0022:561b at address 0
[    0.953551] pcnet32: eth0: registered as PCnet/FAST III 79C973
[    0.957172] e1000: Intel(R) PRO/1000 Network Driver - version 7.3.21-k8-NAPI
[    0.957173] e1000: Copyright (c) 1999-2006 Intel Corporation.
[    0.959656] pcnet32: 1 cards_found
[    0.969555] piix4_smbus 0000:00:07.0: SMBus Host Controller at 0x4100, revision 0
[    1.025509] pcnet32 0000:00:03.0 enp0s3: renamed from eth0
[    1.173878] input: ImExPS/2 Generic Explorer Mouse as /devices/platform/i8042/serio1/input/input5
[    1.367534] e1000 0000:00:08.0 eth0: (PCI:33MHz:32-bit) 08:00:27:5a:c3:a9
[    1.367539] e1000 0000:00:08.0 eth0: Intel(R) PRO/1000 Network Connection
[    1.739531] e1000 0000:00:09.0 eth1: (PCI:33MHz:32-bit) 08:00:27:d4:27:c8
[    1.739535] e1000 0000:00:09.0 eth1: Intel(R) PRO/1000 Network Connection
[    1.740703] e1000 0000:00:09.0 enp0s9: renamed from eth1
[    1.742477] e1000 0000:00:08.0 enp0s8: renamed from eth0
[    1.891782] EXT4-fs (sda2): mounted filesystem with ordered data mode. Opts: (null)
[    1.986888] systemd[1]: Inserted module 'autofs4'
[    1.998644] systemd[1]: systemd 245.4-4ubuntu3 running in system mode. (+PAM +AUDIT +SELINUX +IMA +APPARMOR +SMACK +SYSVINIT +UTMP +LIBCRYPTSETUP +GCRYPT +GNUTLS +ACL +XZ +LZ4 +SECCOMP +BLKID +ELFUTILS +KMOD +IDN2 -IDN +PCRE2 default-hierarchy=hybrid)
[    1.998676] systemd[1]: Detected virtualization oracle.
[    1.998679] systemd[1]: Detected architecture x86-64.
[    2.000014] systemd[1]: Set hostname to <ztg>.
[    2.129577] systemd[1]: /lib/systemd/system/dbus.socket:5: ListenStream= references a path below legacy directory /var/run/, updating /var/run/dbus/system_bus_socket â†’ /run/dbus/system_bus_socket; please update the unit file accordingly.
[    2.184500] systemd[1]: Created slice system-modprobe.slice.
[    2.184688] systemd[1]: Created slice User and Session Slice.
[    2.184735] systemd[1]: Started Forward Password Requests to Wall Directory Watch.
[    2.184907] systemd[1]: Set up automount Arbitrary Executable File Formats File System Automount Point.
[    2.184953] systemd[1]: Reached target User and Group Name Lookups.
[    2.184962] systemd[1]: Reached target Remote File Systems.
[    2.184971] systemd[1]: Reached target Slices.
[    2.185532] systemd[1]: Listening on Syslog Socket.
[    2.185604] systemd[1]: Listening on fsck to fsckd communication Socket.
[    2.185642] systemd[1]: Listening on initctl Compatibility Named Pipe.
[    2.185780] systemd[1]: Listening on Journal Audit Socket.
[    2.185834] systemd[1]: Listening on Journal Socket (/dev/log).
[    2.185902] systemd[1]: Listening on Journal Socket.
[    2.185967] systemd[1]: Listening on udev Control Socket.
[    2.186008] systemd[1]: Listening on udev Kernel Socket.
[    2.186767] systemd[1]: Mounting Huge Pages File System...
[    2.187773] systemd[1]: Mounting POSIX Message Queue File System...
[    2.188692] systemd[1]: Mounting Kernel Debug File System...
[    2.189592] systemd[1]: Mounting Kernel Trace File System...
[    2.191551] systemd[1]: Starting Journal Service...
[    2.216890] systemd[1]: Starting Set the console keyboard layout...
[    2.225025] systemd[1]: Starting Create list of static device nodes for the current kernel...
[    2.227052] systemd[1]: Starting Load Kernel Module drm...
[    2.228446] systemd[1]: Condition check resulted in Set Up Additional Binary Formats being skipped.
[    2.228497] systemd[1]: Condition check resulted in File System Check on Root Device being skipped.
[    2.241898] systemd[1]: Starting Load Kernel Modules...
[    2.247339] systemd[1]: Starting Remount Root and Kernel File Systems...
[    2.258264] systemd[1]: Starting udev Coldplug all Devices...
[    2.265513] systemd[1]: Starting Uncomplicated firewall...
[    2.266006] EXT4-fs (sda2): re-mounted. Opts: errors=remount-ro
[    2.280750] systemd[1]: Mounted Huge Pages File System.
[    2.280844] systemd[1]: Mounted POSIX Message Queue File System.
[    2.280917] systemd[1]: Mounted Kernel Debug File System.
[    2.280989] systemd[1]: Mounted Kernel Trace File System.
[    2.285465] systemd[1]: Finished Create list of static device nodes for the current kernel.
[    2.285831] systemd[1]: modprobe@drm.service: Succeeded.
[    2.286256] systemd[1]: Finished Load Kernel Module drm.
[    2.289156] systemd[1]: Finished Remount Root and Kernel File Systems.
[    2.289524] systemd[1]: Finished Uncomplicated firewall.
[    2.292948] lp: driver loaded but no devices found
[    2.294202] systemd[1]: Condition check resulted in Rebuild Hardware Database being skipped.
[    2.294247] systemd[1]: Condition check resulted in Platform Persistent Storage Archival being skipped.
[    2.311490] systemd[1]: Starting Load/Save Random Seed...
[    2.331461] systemd[1]: Starting Create System Users...
[    2.338501] ppdev: user-space parallel port driver
[    2.364356] systemd[1]: Finished Load/Save Random Seed.
[    2.366322] systemd[1]: Finished Create System Users.
[    2.367258] systemd[1]: Starting Create Static Device Nodes in /dev...
[    2.404668] systemd[1]: Finished Create Static Device Nodes in /dev.
[    2.405589] systemd[1]: Starting udev Kernel Device Manager...
[    2.417593] systemd[1]: Finished udev Coldplug all Devices.
[    2.417866] [drm] DMA map mode: Caching DMA mappings.
[    2.417940] [drm] Capabilities:
[    2.417941] [drm]   Rect copy.
[    2.417941] [drm]   Cursor.
[    2.417941] [drm]   Cursor bypass.
[    2.417942] [drm]   Cursor bypass 2.
[    2.417942] [drm]   Alpha cursor.
[    2.417942] [drm]   Extended Fifo.
[    2.417943] [drm]   Pitchlock.
[    2.417943] [drm]   Irq mask.
[    2.417943] [drm]   GMR.
[    2.417944] [drm]   Traces.
[    2.417944] [drm]   GMR2.
[    2.417944] [drm]   Screen Object 2.
[    2.417945] [drm]   Command Buffers.
[    2.417945] [drm]   Command Buffers 2.
[    2.417946] [drm]   Guest Backed Resources.
[    2.417947] [drm] Max GMR ids is 8192
[    2.417947] [drm] Max number of GMR pages is 1048576
[    2.417948] [drm] Max dedicated hypervisor surface memory is 393216 kiB
[    2.417948] [drm] Maximum display memory size is 131072 kiB
[    2.417949] [drm] VRAM at 0xe0000000 size is 131072 kiB
[    2.417949] [drm] MMIO at 0xf0000000 size is 2048 kiB
[    2.451979] [TTM] Zone  kernel: Available graphics memory: 1011738 KiB
[    2.451980] [TTM] Initializing pool allocator
[    2.451983] [TTM] Initializing DMA pool allocator
[    2.452015] [drm] Supports vblank timestamp caching Rev 2 (21.10.2013).
[    2.452016] [drm] No driver support for vblank timestamp query.
[    2.452256] [drm] Screen Target Display device initialized
[    2.452493] [drm] width 720
[    2.452512] [drm] height 400
[    2.452515] [drm] bpp 32
[    2.453042] [drm] Fifo max 0x00200000 min 0x00001000 cap 0x00000355
[    2.454160] [drm] Using command buffers with DMA pool.
[    2.454167] [drm] DX: no.
[    2.454167] [drm] Atomic: yes.
[    2.454168] [drm] SM4_1: no.
[    2.454190] [drm:vmw_host_log [vmwgfx]] *ERROR* Failed to send host log message.
[    2.455108] [drm:vmw_host_log [vmwgfx]] *ERROR* Failed to send host log message.
[    2.467743] fbcon: svgadrmfb (fb0) is primary device
[    2.469884] Console: switching to colour frame buffer device 100x37
[    2.474583] [drm] Initialized vmwgfx 2.15.0 20180704 for 0000:00:02.0 on minor 0
[    2.475676] systemd[1]: Finished Load Kernel Modules.
[    2.476627] systemd[1]: Mounting FUSE Control File System...
[    2.477785] systemd[1]: Mounting Kernel Configuration File System...
[    2.504295] systemd[1]: Starting Apply Kernel Variables...
[    2.514772] systemd[1]: Mounted FUSE Control File System.
[    2.514846] systemd[1]: Condition check resulted in VMware vmblock fuse mount being skipped.
[    2.519738] systemd[1]: Finished Set the console keyboard layout.
[    2.520366] systemd[1]: Mounted Kernel Configuration File System.
[    2.520438] systemd[1]: Reached target Local File Systems (Pre).
[    2.528218] systemd[1]: Mounting Mount unit for bare, revision 5...
[    2.530306] systemd[1]: Mounting Mount unit for core18, revision 1705...
[    2.540139] systemd[1]: Mounting Mount unit for gnome-3-34-1804, revision 24...
[    2.549120] systemd[1]: Mounting Mount unit for gtk-common-themes, revision 1506...
[    2.572374] systemd[1]: Mounting Mount unit for gtk-common-themes, revision 1535...
[    2.583284] systemd[1]: Mounting Mount unit for snap-store, revision 433...
[    2.588674] systemd[1]: Mounting Mount unit for snapd, revision 7264...
[    2.591526] systemd[1]: Finished Apply Kernel Variables.
[    2.606314] systemd[1]: Mounted Mount unit for gnome-3-34-1804, revision 24.
[    2.617634] systemd[1]: Mounted Mount unit for bare, revision 5.
[    2.617729] systemd[1]: Mounted Mount unit for gtk-common-themes, revision 1506.
[    2.642818] systemd[1]: Started udev Kernel Device Manager.
[    2.643660] systemd[1]: Starting Show Plymouth Boot Screen...
[    2.650395] systemd[1]: Received SIGRTMIN+20 from PID 287 (plymouthd).
[    2.660555] systemd[1]: Mounted Mount unit for core18, revision 1705.
[    2.675120] systemd[1]: Started Show Plymouth Boot Screen.
[    2.675265] systemd[1]: Condition check resulted in Dispatch Password Requests to Console Directory Watch being skipped.
[    2.675365] systemd[1]: Started Forward Password Requests to Plymouth Directory Watch.
[    2.675394] systemd[1]: Reached target Local Encrypted Volumes.
[    2.711864] systemd[1]: Mounted Mount unit for gtk-common-themes, revision 1535.
[    2.712157] systemd[1]: Mounted Mount unit for snap-store, revision 433.
[    2.712344] systemd[1]: Mounted Mount unit for snapd, revision 7264.
[    2.714243] systemd[1]: Reached target Local File Systems.
[    2.715208] systemd[1]: Starting Load AppArmor profiles...
[    2.716539] systemd[1]: Starting Set console font and keymap...
[    2.736644] systemd[1]: Starting Tell Plymouth To Write Out Runtime Data...
[    2.746108] systemd[1]: Condition check resulted in Store a System Token in an EFI Variable being skipped.
[    2.746160] systemd[1]: Condition check resulted in Commit a transient machine-id on disk being skipped.
[    2.748679] systemd[1]: Finished Set console font and keymap.
[    2.757579] systemd[1]: Received SIGRTMIN+20 from PID 287 (plymouthd).
[    2.758993] systemd[1]: plymouth-read-write.service: Succeeded.
[    2.759332] systemd[1]: Finished Tell Plymouth To Write Out Runtime Data.
[    2.794907] audit: type=1400 audit(1768341675.640:2): apparmor="STATUS" operation="profile_load" profile="unconfined" name="nvidia_modprobe" pid=300 comm="apparmor_parser"
[    2.794909] audit: type=1400 audit(1768341675.640:3): apparmor="STATUS" operation="profile_load" profile="unconfined" name="nvidia_modprobe//kmod" pid=300 comm="apparmor_parser"
[    2.801810] audit: type=1400 audit(1768341675.648:4): apparmor="STATUS" operation="profile_load" profile="unconfined" name="/usr/sbin/tcpdump" pid=301 comm="apparmor_parser"
[    2.844820] audit: type=1400 audit(1768341675.688:5): apparmor="STATUS" operation="profile_load" profile="unconfined" name="/usr/bin/evince" pid=303 comm="apparmor_parser"
[    2.844822] audit: type=1400 audit(1768341675.688:6): apparmor="STATUS" operation="profile_load" profile="unconfined" name="/usr/bin/evince//sanitized_helper" pid=303 comm="apparmor_parser"
[    2.844823] audit: type=1400 audit(1768341675.688:7): apparmor="STATUS" operation="profile_load" profile="unconfined" name="/usr/bin/evince-previewer" pid=303 comm="apparmor_parser"
[    2.844825] audit: type=1400 audit(1768341675.688:8): apparmor="STATUS" operation="profile_load" profile="unconfined" name="/usr/bin/evince-previewer//sanitized_helper" pid=303 comm="apparmor_parser"
[    2.844826] audit: type=1400 audit(1768341675.688:9): apparmor="STATUS" operation="profile_load" profile="unconfined" name="/usr/bin/evince-thumbnailer" pid=303 comm="apparmor_parser"
[    2.856880] audit: type=1400 audit(1768341675.708:10): apparmor="STATUS" operation="profile_load" profile="unconfined" name="/usr/lib/cups/backend/cups-pdf" pid=304 comm="apparmor_parser"
[    2.925604] systemd[1]: Finished Load AppArmor profiles.
[    2.926524] systemd[1]: Starting Load AppArmor profiles managed internally by snapd...
[    3.009377] systemd[1]: Finished Load AppArmor profiles managed internally by snapd.
[    3.203195] systemd[1]: Started Journal Service.
[    3.210229] systemd-journald[229]: Received client request to flush runtime journal.
[    3.215564] systemd-journald[229]: File /var/log/journal/c455b248004a419c87ce85eea238d727/system.journal corrupted or uncleanly shut down, renaming and replacing.
[    4.540866] RAPL PMU: API unit is 2^-32 Joules, 0 fixed counters, 10737418240 ms ovfl timer
[    4.627144] cryptd: max_cpu_qlen set to 1000
[    4.680105] AVX2 version of gcm_enc/dec engaged.
[    4.680107] AES CTR mode by8 optimization enabled
[    5.531403] Adding 1998844k swap on /dev/sda1.  Priority:-2 extents:1 across:1998844k FS
[    6.900815] kauditd_printk_skb: 30 callbacks suppressed
[    6.900817] audit: type=1400 audit(1768341679.748:41): apparmor="DENIED" operation="capable" profile="/usr/sbin/cups-browsed" pid=496 comm="cups-browsed" capability=23  capname="sys_nice"
[    7.703579] pcnet32 0000:00:03.0 enp0s3: link up, 100Mbps, full-duplex
[    7.739129] e1000: enp0s8 NIC Link is Up 1000 Mbps Full Duplex, Flow Control: RX
[    7.739450] IPv6: ADDRCONF(NETDEV_CHANGE): enp0s8: link becomes ready
[    7.750549] e1000: enp0s9 NIC Link is Up 1000 Mbps Full Duplex, Flow Control: RX
[    7.750835] IPv6: ADDRCONF(NETDEV_CHANGE): enp0s9: link becomes ready
[    8.247754] device enp0s3 entered promiscuous mode
[    8.283431] audit: type=1400 audit(1768341681.124:42): apparmor="DENIED" operation="open" profile="/usr/sbin/tcpdump" name="/proc/sys/kernel/random/boot_id" pid=675 comm="tcpdump" requested_mask="r" denied_mask="r" fsuid=0 ouid=0
[    8.284011] audit: type=1400 audit(1768341681.124:43): apparmor="DENIED" operation="open" profile="/usr/sbin/tcpdump" name="/proc/sys/kernel/random/boot_id" pid=675 comm="tcpdump" requested_mask="r" denied_mask="r" fsuid=0 ouid=0
[    8.284150] audit: type=1400 audit(1768341681.124:44): apparmor="DENIED" operation="open" profile="/usr/sbin/tcpdump" name="/proc/sys/kernel/random/boot_id" pid=675 comm="tcpdump" requested_mask="r" denied_mask="r" fsuid=0 ouid=0
[    8.284352] audit: type=1400 audit(1768341681.124:45): apparmor="DENIED" operation="open" profile="/usr/sbin/tcpdump" name="/proc/sys/kernel/random/boot_id" pid=675 comm="tcpdump" requested_mask="r" denied_mask="r" fsuid=0 ouid=0
[    8.304062] audit: type=1400 audit(1768341681.152:46): apparmor="DENIED" operation="open" profile="/usr/sbin/tcpdump" name="/proc/sys/kernel/random/boot_id" pid=676 comm="tcpdump" requested_mask="r" denied_mask="r" fsuid=0 ouid=0
[    8.307637] audit: type=1400 audit(1768341681.160:47): apparmor="DENIED" operation="open" profile="/usr/sbin/tcpdump" name="/proc/sys/kernel/random/boot_id" pid=676 comm="tcpdump" requested_mask="r" denied_mask="r" fsuid=0 ouid=0
[    8.307760] audit: type=1400 audit(1768341681.160:48): apparmor="DENIED" operation="open" profile="/usr/sbin/tcpdump" name="/proc/sys/kernel/random/boot_id" pid=676 comm="tcpdump" requested_mask="r" denied_mask="r" fsuid=0 ouid=0
[    8.308284] audit: type=1400 audit(1768341681.160:49): apparmor="DENIED" operation="open" profile="/usr/sbin/tcpdump" name="/proc/sys/kernel/random/boot_id" pid=676 comm="tcpdump" requested_mask="r" denied_mask="r" fsuid=0 ouid=0
[   12.803108] rfkill: input handler disabled
[  492.663110] rfkill: input handler enabled
[  501.037430] rfkill: input handler disabled
[  768.490610] device enp0s3 left promiscuous mode
