[    0.000000] Linux version 5.4.243-mptcp (root@ztg) (gcc version 12.2.0 (Debian 12.2.0-14+deb12u1)) #53 SMP Wed Dec 24 23:28:15 CST 2025
[    0.000000] Command line: BOOT_IMAGE=/boot/vmlinuz-5.4.243-mptcp root=UUID=98415a12-53b7-4144-8265-0f7ece09e445 ro quiet splash
[    0.000000] KERNEL supported cpus:
[    0.000000]   Intel GenuineIntel
[    0.000000]   AMD AuthenticAMD
[    0.000000]   Hygon HygonGenuine
[    0.000000]   Centaur CentaurHauls
[    0.000000]   zhaoxin   Shanghai  
[    0.000000] x86/fpu: Supporting XSAVE feature 0x001: 'x87 floating point registers'
[    0.000000] x86/fpu: Supporting XSAVE feature 0x002: 'SSE registers'
[    0.000000] x86/fpu: Supporting XSAVE feature 0x004: 'AVX registers'
[    0.000000] x86/fpu: xstate_offset[2]:  576, xstate_sizes[2]:  256
[    0.000000] x86/fpu: Enabled xstate features 0x7, context size is 832 bytes, using 'standard' format.
[    0.000000] BIOS-provided physical RAM map:
[    0.000000] BIOS-e820: [mem 0x0000000000000000-0x000000000009fbff] usable
[    0.000000] BIOS-e820: [mem 0x000000000009fc00-0x000000000009ffff] reserved
[    0.000000] BIOS-e820: [mem 0x00000000000f0000-0x00000000000fffff] reserved
[    0.000000] BIOS-e820: [mem 0x0000000000100000-0x000000007ffeffff] usable
[    0.000000] BIOS-e820: [mem 0x000000007fff0000-0x000000007fffffff] ACPI data
[    0.000000] BIOS-e820: [mem 0x00000000fec00000-0x00000000fec00fff] reserved
[    0.000000] BIOS-e820: [mem 0x00000000fee00000-0x00000000fee00fff] reserved
[    0.000000] BIOS-e820: [mem 0x00000000fffc0000-0x00000000ffffffff] reserved
[    0.000000] NX (Execute Disable) protection: active
[    0.000000] SMBIOS 2.5 present.
[    0.000000] DMI: innotek GmbH VirtualBox/VirtualBox, BIOS VirtualBox 12/01/2006
[    0.000000] Hypervisor detected: KVM
[    0.000000] kvm-clock: Using msrs 4b564d01 and 4b564d00
[    0.000000] kvm-clock: cpu 0, msr 65c01001, primary cpu clock
[    0.000000] kvm-clock: using sched offset of 4444788235 cycles
[    0.000003] clocksource: kvm-clock: mask: 0xffffffffffffffff max_cycles: 0x1cd42e4dffb, max_idle_ns: 881590591483 ns
[    0.000005] tsc: Detected 2100.000 MHz processor
[    0.001936] e820: update [mem 0x00000000-0x00000fff] usable ==> reserved
[    0.001938] e820: remove [mem 0x000a0000-0x000fffff] usable
[    0.001942] last_pfn = 0x7fff0 max_arch_pfn = 0x400000000
[    0.002010] MTRR default type: uncachable
[    0.002011] MTRR fixed ranges enabled:
[    0.002012]   00000-9FFFF write-back
[    0.002013]   A0000-BFFFF uncachable
[    0.002014]   C0000-FFFFF write-protect
[    0.002014] MTRR variable ranges enabled:
[    0.002016]   0 base 000000000000 mask 3FFF80000000 write-back
[    0.002017]   1 disabled
[    0.002017]   2 disabled
[    0.002017]   3 disabled
[    0.002018]   4 disabled
[    0.002018]   5 disabled
[    0.002019]   6 disabled
[    0.002019]   7 disabled
[    0.002019]   8 disabled
[    0.002020]   9 disabled
[    0.002020]   10 disabled
[    0.002021]   11 disabled
[    0.002021]   12 disabled
[    0.002022]   13 disabled
[    0.002022]   14 disabled
[    0.002023]   15 disabled
[    0.002039] x86/PAT: Configuration [0-7]: WB  WC  UC- UC  WB  WP  UC- WT  
[    0.002172] found SMP MP-table at [mem 0x0009fff0-0x0009ffff]
[    0.091862] check: Scanning 1 areas for low memory corruption
[    0.092034] RAMDISK: [mem 0x32271000-0x3512ffff]
[    0.092042] ACPI: Early table checksum verification disabled
[    0.092049] ACPI: RSDP 0x00000000000E0000 000024 (v02 VBOX  )
[    0.092053] ACPI: XSDT 0x000000007FFF0030 00003C (v01 VBOX   VBOXXSDT 00000001 ASL  00000061)
[    0.092059] ACPI: FACP 0x000000007FFF00F0 0000F4 (v04 VBOX   VBOXFACP 00000001 ASL  00000061)
[    0.092066] ACPI: DSDT 0x000000007FFF02E0 002353 (v02 VBOX   VBOXBIOS 00000002 VBOX 00029BF3)
[    0.092070] ACPI: FACS 0x000000007FFF0200 000040
[    0.092074] ACPI: FACS 0x000000007FFF0200 000040
[    0.092077] ACPI: APIC 0x000000007FFF0240 000054 (v02 VBOX   VBOXAPIC 00000001 ASL  00000061)
[    0.092080] ACPI: SSDT 0x000000007FFF02A0 000038 (v01 VBOX   VBOXCPUT 00000002 VBOX 00029BF3)
[    0.092084] ACPI: Reserving FACP table memory at [mem 0x7fff00f0-0x7fff01e3]
[    0.092085] ACPI: Reserving DSDT table memory at [mem 0x7fff02e0-0x7fff2632]
[    0.092085] ACPI: Reserving FACS table memory at [mem 0x7fff0200-0x7fff023f]
[    0.092086] ACPI: Reserving FACS table memory at [mem 0x7fff0200-0x7fff023f]
[    0.092087] ACPI: Reserving APIC table memory at [mem 0x7fff0240-0x7fff0293]
[    0.092087] ACPI: Reserving SSDT table memory at [mem 0x7fff02a0-0x7fff02d7]
[    0.092101] ACPI: Local APIC address 0xfee00000
[    0.092290] No NUMA configuration found
[    0.092291] Faking a node at [mem 0x0000000000000000-0x000000007ffeffff]
[    0.092301] NODE_DATA(0) allocated [mem 0x7ffc5000-0x7ffeffff]
[    0.092562] Zone ranges:
[    0.092563]   DMA      [mem 0x0000000000001000-0x0000000000ffffff]
[    0.092564]   DMA32    [mem 0x0000000001000000-0x000000007ffeffff]
[    0.092565]   Normal   empty
[    0.092566]   Device   empty
[    0.092567] Movable zone start for each node
[    0.092569] Early memory node ranges
[    0.092570]   node   0: [mem 0x0000000000001000-0x000000000009efff]
[    0.092571]   node   0: [mem 0x0000000000100000-0x000000007ffeffff]
[    0.092574] Zeroed struct page in unavailable ranges: 114 pages
[    0.092575] Initmem setup node 0 [mem 0x0000000000001000-0x000000007ffeffff]
[    0.092576] On node 0 totalpages: 524174
[    0.092577]   DMA zone: 64 pages used for memmap
[    0.092578]   DMA zone: 21 pages reserved
[    0.092578]   DMA zone: 3998 pages, LIFO batch:0
[    0.092649]   DMA32 zone: 8128 pages used for memmap
[    0.092650]   DMA32 zone: 520176 pages, LIFO batch:63
[    0.101535] ACPI: PM-Timer IO Port: 0x4008
[    0.101538] ACPI: Local APIC address 0xfee00000
[    0.101605] IOAPIC[0]: apic_id 1, version 32, address 0xfec00000, GSI 0-23
[    0.101609] ACPI: INT_SRC_OVR (bus 0 bus_irq 0 global_irq 2 dfl dfl)
[    0.101610] ACPI: INT_SRC_OVR (bus 0 bus_irq 9 global_irq 9 low level)
[    0.101612] ACPI: IRQ0 used by override.
[    0.101613] ACPI: IRQ9 used by override.
[    0.101616] Using ACPI (MADT) for SMP configuration information
[    0.101623] smpboot: Allowing 1 CPUs, 0 hotplug CPUs
[    0.101646] PM: Registered nosave memory: [mem 0x00000000-0x00000fff]
[    0.101648] PM: Registered nosave memory: [mem 0x0009f000-0x0009ffff]
[    0.101648] PM: Registered nosave memory: [mem 0x000a0000-0x000effff]
[    0.101649] PM: Registered nosave memory: [mem 0x000f0000-0x000fffff]
[    0.101651] [mem 0x80000000-0xfebfffff] available for PCI devices
[    0.101651] Booting paravirtualized kernel on KVM
[    0.101655] clocksource: refined-jiffies: mask: 0xffffffff max_cycles: 0xffffffff, max_idle_ns: 7645519600211568 ns
[    0.101660] setup_percpu: NR_CPUS:8192 nr_cpumask_bits:1 nr_cpu_ids:1 nr_node_ids:1
[    0.102661] percpu: Embedded 60 pages/cpu s208896 r8192 d28672 u2097152
[    0.102666] pcpu-alloc: s208896 r8192 d28672 u2097152 alloc=1*2097152
[    0.102666] pcpu-alloc: [0] 0 
[    0.102693] Built 1 zonelists, mobility grouping on.  Total pages: 515961
[    0.102694] Policy zone: DMA32
[    0.102695] Kernel command line: BOOT_IMAGE=/boot/vmlinuz-5.4.243-mptcp root=UUID=98415a12-53b7-4144-8265-0f7ece09e445 ro quiet splash
[    0.103534] Dentry cache hash table entries: 262144 (order: 9, 2097152 bytes, linear)
[    0.103680] Inode-cache hash table entries: 131072 (order: 8, 1048576 bytes, linear)
[    0.103730] mem auto-init: stack:off, heap alloc:on, heap free:off
[    0.103733] Calgary: detecting Calgary via BIOS EBDA area
[    0.103734] Calgary: Unable to locate Rio Grande table in EBDA - bailing!
[    0.107745] Memory: 1967332K/2096696K available (14339K kernel code, 2398K rwdata, 4712K rodata, 2728K init, 17260K bss, 129364K reserved, 0K cma-reserved)
[    0.108662] SLUB: HWalign=64, Order=0-3, MinObjects=0, CPUs=1, Nodes=1
[    0.108679] ftrace: allocating 43186 entries in 169 pages
[    0.126915] rcu: Hierarchical RCU implementation.
[    0.126917] rcu: 	RCU restricting CPUs from NR_CPUS=8192 to nr_cpu_ids=1.
[    0.126918] 	Tasks RCU enabled.
[    0.126919] rcu: RCU calculated value of scheduler-enlistment delay is 25 jiffies.
[    0.126920] rcu: Adjusting geometry for rcu_fanout_leaf=16, nr_cpu_ids=1
[    0.129890] NR_IRQS: 524544, nr_irqs: 256, preallocated irqs: 16
[    0.130107] random: crng init done
[    0.139418] Console: colour VGA+ 80x25
[    0.139422] printk: console [tty0] enabled
[    0.139442] ACPI: Core revision 20190816
[    0.139537] APIC: Switch to symmetric I/O mode setup
[    0.139786] x2apic enabled
[    0.140026] Switched APIC routing to physical x2apic.
[    0.141162] ..TIMER: vector=0x30 apic1=0 pin1=2 apic2=-1 pin2=-1
[    0.141187] clocksource: tsc-early: mask: 0xffffffffffffffff max_cycles: 0x1e4530a99b6, max_idle_ns: 440795257976 ns
[    0.141192] Calibrating delay loop (skipped) preset value.. 4200.00 BogoMIPS (lpj=8400000)
[    0.141194] pid_max: default: 32768 minimum: 301
[    0.141222] LSM: Security Framework initializing
[    0.141231] Yama: becoming mindful.
[    0.141256] AppArmor: AppArmor initialized
[    0.141290] Mount-cache hash table entries: 4096 (order: 3, 32768 bytes, linear)
[    0.141295] Mountpoint-cache hash table entries: 4096 (order: 3, 32768 bytes, linear)
[    0.141306] *** VALIDATE tmpfs ***
[    0.141446] *** VALIDATE proc ***
[    0.141487] *** VALIDATE cgroup1 ***
[    0.141488] *** VALIDATE cgroup2 ***
[    0.141630] process: using mwait in idle threads
[    0.141635] Last level iTLB entries: 4KB 64, 2MB 8, 4MB 8
[    0.141635] Last level dTLB entries: 4KB 64, 2MB 0, 4MB 0, 1GB 4
[    0.141655] Spectre V1 : Mitigation: usercopy/swapgs barriers and __user pointer sanitization
[    0.141660] Spectre V2 : Mitigation: Retpolines
[    0.141661] Spectre V2 : Spectre v2 / SpectreRSB mitigation: Filling RSB on context switch
[    0.141662] Spectre V2 : Spectre v2 / SpectreRSB : Filling RSB on VMEXIT
[    0.141662] RETBleed: WARNING: Spectre v2 mitigation leaves CPU vulnerable to RETBleed attacks, data leaks possible!
[    0.142014] RETBleed: Vulnerable
[    0.142015] Speculative Store Bypass: Vulnerable
[    0.142020] TAA: Mitigation: TSX disabled
[    0.142020] MMIO Stale Data: Mitigation: Clear CPU buffers
[    0.146248] Freeing SMP alternatives memory: 40K
[    0.258437] smpboot: CPU0: Intel(R) Xeon(R) Silver 4216 CPU @ 2.10GHz (family: 0x6, model: 0x55, stepping: 0x7)
[    0.258584] Performance Events: unsupported p6 CPU model 85 no PMU driver, software events only.
[    0.258620] rcu: Hierarchical SRCU implementation.
[    0.259109] NMI watchdog: Perf NMI watchdog permanently disabled
[    0.259147] smp: Bringing up secondary CPUs ...
[    0.259148] smp: Brought up 1 node, 1 CPU
[    0.259149] smpboot: Max logical packages: 1
[    0.259151] smpboot: Total of 1 processors activated (4200.00 BogoMIPS)
[    0.260111] devtmpfs: initialized
[    0.260160] x86/mm: Memory block size: 128MB
[    0.260508] clocksource: jiffies: mask: 0xffffffff max_cycles: 0xffffffff, max_idle_ns: 7645041785100000 ns
[    0.260513] futex hash table entries: 256 (order: 2, 16384 bytes, linear)
[    0.260556] pinctrl core: initialized pinctrl subsystem
[    0.260659] PM: RTC time: 17:17:28, date: 2026-01-16
[    0.260766] NET: Registered protocol family 16
[    0.260839] audit: initializing netlink subsys (disabled)
[    0.260965] EISA bus registered
[    0.260967] cpuidle: using governor ladder
[    0.260968] cpuidle: using governor menu
[    0.261004] ACPI: bus type PCI registered
[    0.261006] acpiphp: ACPI Hot Plug PCI Controller Driver version: 0.5
[    0.261112] PCI: Using configuration type 1 for base access
[    0.261506] audit: type=2000 audit(1768555054.840:1): state=initialized audit_enabled=0 res=1
[    0.261588] HugeTLB registered 2.00 MiB page size, pre-allocated 0 pages
[    0.262402] ACPI: Added _OSI(Module Device)
[    0.262403] ACPI: Added _OSI(Processor Device)
[    0.262404] ACPI: Added _OSI(3.0 _SCP Extensions)
[    0.262404] ACPI: Added _OSI(Processor Aggregator Device)
[    0.262405] ACPI: Added _OSI(Linux-Dell-Video)
[    0.262406] ACPI: Added _OSI(Linux-Lenovo-NV-HDMI-Audio)
[    0.262407] ACPI: Added _OSI(Linux-HPI-Hybrid-Graphics)
[    0.264349] ACPI: 2 ACPI AML tables successfully acquired and loaded
[    0.266086] ACPI: Interpreter enabled
[    0.266096] ACPI: (supports S0 S5)
[    0.266097] ACPI: Using IOAPIC for interrupt routing
[    0.266312] PCI: Using host bridge windows from ACPI; if necessary, use "pci=nocrs" and report a bug
[    0.266429] ACPI: Enabled 2 GPEs in block 00 to 07
[    0.271425] ACPI: PCI Root Bridge [PCI0] (domain 0000 [bus 00-ff])
[    0.271431] acpi PNP0A03:00: _OSC: OS supports [ASPM ClockPM Segments MSI HPX-Type3]
[    0.271889] acpi PNP0A03:00: _OSC: not requesting OS control; OS requires [ExtendedConfig ASPM ClockPM MSI]
[    0.271898] acpi PNP0A03:00: fail to add MMCONFIG information, can't access extended PCI configuration space under this bridge.
[    0.272271] PCI host bridge to bus 0000:00
[    0.272273] pci_bus 0000:00: root bus resource [io  0x0000-0x0cf7 window]
[    0.272274] pci_bus 0000:00: root bus resource [io  0x0d00-0xffff window]
[    0.272275] pci_bus 0000:00: root bus resource [mem 0x000a0000-0x000bffff window]
[    0.272276] pci_bus 0000:00: root bus resource [mem 0x80000000-0xfdffffff window]
[    0.272278] pci_bus 0000:00: root bus resource [bus 00-ff]
[    0.272323] pci 0000:00:00.0: [8086:1237] type 00 class 0x060000
[    0.273274] pci 0000:00:01.0: [8086:7000] type 00 class 0x060100
[    0.274045] pci 0000:00:01.1: [8086:7111] type 00 class 0x01018a
[    0.274414] pci 0000:00:01.1: reg 0x20: [io  0xd000-0xd00f]
[    0.274565] pci 0000:00:01.1: legacy IDE quirk: reg 0x10: [io  0x01f0-0x01f7]
[    0.274566] pci 0000:00:01.1: legacy IDE quirk: reg 0x14: [io  0x03f6]
[    0.274567] pci 0000:00:01.1: legacy IDE quirk: reg 0x18: [io  0x0170-0x0177]
[    0.274568] pci 0000:00:01.1: legacy IDE quirk: reg 0x1c: [io  0x0376]
[    0.275103] pci 0000:00:02.0: [15ad:0405] type 00 class 0x030000
[    0.277264] pci 0000:00:02.0: reg 0x10: [io  0xd010-0xd01f]
[    0.281233] pci 0000:00:02.0: reg 0x14: [mem 0xe0000000-0xe7ffffff pref]
[    0.283806] pci 0000:00:02.0: reg 0x18: [mem 0xf0000000-0xf01fffff]
[    0.293966] pci 0000:00:03.0: [1022:2000] type 00 class 0x020000
[    0.294633] pci 0000:00:03.0: reg 0x10: [io  0xd020-0xd03f]
[    0.295241] pci 0000:00:03.0: reg 0x14: [mem 0xf0200000-0xf0200fff]
[    0.299719] pci 0000:00:04.0: [80ee:cafe] type 00 class 0x088000
[    0.300384] pci 0000:00:04.0: reg 0x10: [io  0xd040-0xd05f]
[    0.300986] pci 0000:00:04.0: reg 0x14: [mem 0xf0400000-0xf07fffff]
[    0.301300] pci 0000:00:04.0: reg 0x18: [mem 0xf0800000-0xf0803fff pref]
[    0.304804] pci 0000:00:07.0: [8086:7113] type 00 class 0x068000
[    0.305403] pci 0000:00:07.0: quirk: [io  0x4000-0x403f] claimed by PIIX4 ACPI
[    0.305413] pci 0000:00:07.0: quirk: [io  0x4100-0x410f] claimed by PIIX4 SMB
[    0.306010] pci 0000:00:08.0: [1022:2000] type 00 class 0x020000
[    0.306672] pci 0000:00:08.0: reg 0x10: [io  0xd060-0xd07f]
[    0.307277] pci 0000:00:08.0: reg 0x14: [mem 0xf0804000-0xf0804fff]
[    0.310583] pci 0000:00:09.0: [8086:100e] type 00 class 0x020000
[    0.311287] pci 0000:00:09.0: reg 0x10: [mem 0xf0820000-0xf083ffff]
[    0.312480] pci 0000:00:09.0: reg 0x18: [io  0xd080-0xd087]
[    0.322173] ACPI: PCI Interrupt Link [LNKA] (IRQs 5 9 10 *11)
[    0.322453] ACPI: PCI Interrupt Link [LNKB] (IRQs 5 9 *10 11)
[    0.322559] ACPI: PCI Interrupt Link [LNKC] (IRQs 5 *9 10 11)
[    0.322661] ACPI: PCI Interrupt Link [LNKD] (IRQs 5 9 10 *11)
[    0.322919] iommu: Default domain type: Translated 
[    0.322980] pci 0000:00:02.0: vgaarb: setting as boot VGA device
[    0.322981] pci 0000:00:02.0: vgaarb: VGA device added: decodes=io+mem,owns=io+mem,locks=none
[    0.322983] pci 0000:00:02.0: vgaarb: bridge control possible
[    0.322984] vgaarb: loaded
[    0.323195] SCSI subsystem initialized
[    0.323229] libata version 3.00 loaded.
[    0.323253] ACPI: bus type USB registered
[    0.323269] usbcore: registered new interface driver usbfs
[    0.323275] usbcore: registered new interface driver hub
[    0.323280] usbcore: registered new device driver usb
[    0.323306] pps_core: LinuxPPS API ver. 1 registered
[    0.323307] pps_core: Software ver. 5.3.6 - Copyright 2005-2007 Rodolfo Giometti <giometti@linux.it>
[    0.323309] PTP clock support registered
[    0.323342] EDAC MC: Ver: 3.0.0
[    0.325388] PCI: Using ACPI for IRQ routing
[    0.325389] PCI: pci_cache_line_size set to 64 bytes
[    0.325558] e820: reserve RAM buffer [mem 0x0009fc00-0x0009ffff]
[    0.325562] e820: reserve RAM buffer [mem 0x7fff0000-0x7fffffff]
[    0.326441] NetLabel: Initializing
[    0.326442] NetLabel:  domain hash size = 128
[    0.326442] NetLabel:  protocols = UNLABELED CIPSOv4 CALIPSO
[    0.326463] NetLabel:  unlabeled traffic allowed by default
[    0.327367] clocksource: Switched to clocksource kvm-clock
[    0.339485] *** VALIDATE bpf ***
[    0.339547] VFS: Disk quotas dquot_6.6.0
[    0.339559] VFS: Dquot-cache hash table entries: 512 (order 0, 4096 bytes)
[    0.339580] *** VALIDATE ramfs ***
[    0.339583] *** VALIDATE hugetlbfs ***
[    0.339664] AppArmor: AppArmor Filesystem Enabled
[    0.339688] pnp: PnP ACPI init
[    0.339749] pnp 00:00: Plug and Play ACPI device, IDs PNP0303 (active)
[    0.339826] pnp 00:01: Plug and Play ACPI device, IDs PNP0f03 (active)
[    0.340561] pnp: PnP ACPI: found 2 devices
[    0.341520] thermal_sys: Registered thermal governor 'fair_share'
[    0.341521] thermal_sys: Registered thermal governor 'bang_bang'
[    0.341521] thermal_sys: Registered thermal governor 'step_wise'
[    0.341522] thermal_sys: Registered thermal governor 'user_space'
[    0.341523] thermal_sys: Registered thermal governor 'power_allocator'
[    0.346049] clocksource: acpi_pm: mask: 0xffffff max_cycles: 0xffffff, max_idle_ns: 2085701024 ns
[    0.346088] pci_bus 0000:00: resource 4 [io  0x0000-0x0cf7 window]
[    0.346089] pci_bus 0000:00: resource 5 [io  0x0d00-0xffff window]
[    0.346091] pci_bus 0000:00: resource 6 [mem 0x000a0000-0x000bffff window]
[    0.346092] pci_bus 0000:00: resource 7 [mem 0x80000000-0xfdffffff window]
[    0.346147] NET: Registered protocol family 2
[    0.346219] IP idents hash table entries: 32768 (order: 6, 262144 bytes, linear)
[    0.346615] MPTCP tokens hash table entries: 8192 (order: 4, 65536 bytes, linear)
[    0.346635] MPTCP request tokens hash table entries: 8192 (order: 4, 65536 bytes, linear)
[    0.346660] default registered
[    0.346661] default registered
[    0.346661] MPTCP: Stable release v0.96
[    0.346667] tcp_listen_portaddr_hash hash table entries: 1024 (order: 2, 16384 bytes, linear)
[    0.346747] TCP established hash table entries: 16384 (order: 5, 131072 bytes, linear)
[    0.346810] TCP bind hash table entries: 16384 (order: 6, 262144 bytes, linear)
[    0.346836] TCP: Hash tables configured (established 16384 bind 16384)
[    0.347572] UDP hash table entries: 1024 (order: 3, 32768 bytes, linear)
[    0.347583] UDP-Lite hash table entries: 1024 (order: 3, 32768 bytes, linear)
[    0.347617] NET: Registered protocol family 1
[    0.347625] NET: Registered protocol family 44
[    0.347645] pci 0000:00:00.0: Limiting direct PCI/PCI transfers
[    0.347657] pci 0000:00:01.0: Activating ISA DMA hang workarounds
[    0.347714] pci 0000:00:02.0: Video device with shadowed ROM at [mem 0x000c0000-0x000dffff]
[    0.347786] PCI: CLS 0 bytes, default 64
[    0.347834] Trying to unpack rootfs image as initramfs...
[    0.519214] Freeing initrd memory: 47868K
[    0.519214] clocksource: tsc: mask: 0xffffffffffffffff max_cycles: 0x1e4530a99b6, max_idle_ns: 440795257976 ns
[    0.519214] clocksource: Switched to clocksource tsc
[    0.519214] platform rtc_cmos: registered platform RTC device (no PNP device found)
[    0.519214] check: Scanning for low memory corruption every 60 seconds
[    0.519214] Initialise system trusted keyrings
[    0.519214] Key type blacklist registered
[    0.519214] workingset: timestamp_bits=36 max_order=19 bucket_order=0
[    0.519214] zbud: loaded
[    0.519214] squashfs: version 4.0 (2009/01/31) Phillip Lougher
[    0.519214] fuse: init (API version 7.31)
[    0.519214] *** VALIDATE fuse ***
[    0.519214] *** VALIDATE fuse ***
[    0.519214] Platform Keyring initialized
[    0.519214] Key type asymmetric registered
[    0.519214] Asymmetric key parser 'x509' registered
[    0.519214] Block layer SCSI generic (bsg) driver version 0.4 loaded (major 244)
[    0.519214] io scheduler mq-deadline registered
[    0.519214] shpchp: Standard Hot Plug PCI Controller Driver version: 0.4
[    0.533169] ACPI: AC Adapter [AC] (on-line)
[    0.533215] input: Power Button as /devices/LNXSYSTM:00/LNXPWRBN:00/input/input0
[    0.533240] ACPI: Power Button [PWRF]
[    0.533316] input: Sleep Button as /devices/LNXSYSTM:00/LNXSLPBN:00/input/input1
[    0.533331] ACPI: Sleep Button [SLPF]
[    0.533553] Serial: 8250/16550 driver, 32 ports, IRQ sharing enabled
[    0.534844] Linux agpgart interface v0.103
[    0.631123] loop: module loaded
[    0.631269] ata_piix 0000:00:01.1: version 2.13
[    0.631680] scsi host0: ata_piix
[    0.631770] scsi host1: ata_piix
[    0.631807] ata1: PATA max UDMA/33 cmd 0x1f0 ctl 0x3f6 bmdma 0xd000 irq 14
[    0.631808] ata2: PATA max UDMA/33 cmd 0x170 ctl 0x376 bmdma 0xd008 irq 15
[    0.631890] tun: Universal TUN/TAP device driver, 1.6
[    0.632194] PPP generic driver version 2.4.2
[    0.632237] VFIO - User Level meta-driver version: 0.3
[    0.632469] ehci_hcd: USB 2.0 'Enhanced' Host Controller (EHCI) Driver
[    0.632473] ehci-pci: EHCI PCI platform driver
[    0.632488] ehci-platform: EHCI generic platform driver
[    0.632494] ohci_hcd: USB 1.1 'Open' Host Controller (OHCI) Driver
[    0.632495] ohci-pci: OHCI PCI platform driver
[    0.632502] ohci-platform: OHCI generic platform driver
[    0.632507] uhci_hcd: USB Universal Host Controller Interface driver
[    0.632571] i8042: PNP: PS/2 Controller [PNP0303:PS2K,PNP0f03:PS2M] at 0x60,0x64 irq 1,12
[    0.633010] serio: i8042 KBD port at 0x60,0x64 irq 1
[    0.633014] serio: i8042 AUX port at 0x60,0x64 irq 12
[    0.633100] mousedev: PS/2 mouse device common for all mice
[    0.633355] input: AT Translated Set 2 keyboard as /devices/platform/i8042/serio0/input/input2
[    0.633752] rtc_cmos rtc_cmos: registered as rtc0
[    0.633766] rtc_cmos rtc_cmos: alarms up to one day, 114 bytes nvram
[    0.633771] i2c /dev entries driver
[    0.633813] device-mapper: uevent: version 1.0.3
[    0.633855] device-mapper: ioctl: 4.41.0-ioctl (2019-09-16) initialised: dm-devel@redhat.com
[    0.633870] platform eisa.0: Probing EISA bus 0
[    0.633872] platform eisa.0: EISA: Cannot allocate resource for mainboard
[    0.633873] platform eisa.0: Cannot allocate resource for EISA slot 1
[    0.633874] platform eisa.0: Cannot allocate resource for EISA slot 2
[    0.633875] platform eisa.0: Cannot allocate resource for EISA slot 3
[    0.633876] platform eisa.0: Cannot allocate resource for EISA slot 4
[    0.633877] platform eisa.0: Cannot allocate resource for EISA slot 5
[    0.633877] platform eisa.0: Cannot allocate resource for EISA slot 6
[    0.633878] platform eisa.0: Cannot allocate resource for EISA slot 7
[    0.633879] platform eisa.0: Cannot allocate resource for EISA slot 8
[    0.633880] platform eisa.0: EISA: Detected 0 cards
[    0.633883] intel_pstate: CPU model not supported
[    0.633893] ledtrig-cpu: registered to indicate activity on CPUs
[    0.633948] drop_monitor: Initializing network drop monitor service
[    0.634108] NET: Registered protocol family 10
[    0.639249] Segment Routing with IPv6
[    0.639277] fullmesh registered
[    0.639277] ndiffports registered
[    0.639277] binder registered
[    0.639277] roundrobin registered
[    0.639277] redundant registered
[    0.639277] blest registered
[    0.639277] ecf registered
[    0.639277] NET: Registered protocol family 17
[    0.639277] Key type dns_resolver registered
[    0.639277] RAS: Correctable Errors collector initialized.
[    0.639277] IPI shorthand broadcast: enabled
[    0.639277] sched_clock: Marking stable (624187257, 11090579)->(636804533, -1526697)
[    0.639488] registered taskstats version 1
[    0.639498] Loading compiled-in X.509 certificates
[    0.640095] Loaded X.509 cert 'Build time autogenerated kernel key: 6909f3744cebb3d0de528d5887b96a727de79b1e'
[    0.640113] zswap: loaded using pool lzo/zbud
[    0.640166] Key type ._fscrypt registered
[    0.640167] Key type .fscrypt registered
[    0.644585] Key type big_key registered
[    0.646786] Key type encrypted registered
[    0.646788] AppArmor: AppArmor sha1 policy hashing enabled
[    0.646795] ima: No TPM chip found, activating TPM-bypass!
[    0.646799] ima: Allocated hash algorithm: sha1
[    0.646804] ima: No architecture policies found
[    0.646813] evm: Initialising EVM extended attributes:
[    0.646813] evm: security.selinux
[    0.646814] evm: security.SMACK64
[    0.646814] evm: security.SMACK64EXEC
[    0.646815] evm: security.SMACK64TRANSMUTE
[    0.646815] evm: security.SMACK64MMAP
[    0.646816] evm: security.apparmor
[    0.646816] evm: security.ima
[    0.646817] evm: security.capability
[    0.646817] evm: HMAC attrs: 0x1
[    0.647109] PM:   Magic number: 10:693:289
[    0.647128] tty tty22: hash matches
[    0.647212] rtc_cmos rtc_cmos: setting system clock to 2026-01-16T17:17:29 UTC (1768583849)
[    0.805360] ata1.00: ATA-6: VBOX HARDDISK, 1.0, max UDMA/133
[    0.805364] ata1.00: 209715200 sectors, multi 128: LBA 
[    0.806217] scsi 0:0:0:0: Direct-Access     ATA      VBOX HARDDISK    1.0  PQ: 0 ANSI: 5
[    0.806651] sd 0:0:0:0: [sda] 209715200 512-byte logical blocks: (107 GB/100 GiB)
[    0.806667] sd 0:0:0:0: [sda] Write Protect is off
[    0.806672] sd 0:0:0:0: [sda] Mode Sense: 00 3a 00 00
[    0.806698] sd 0:0:0:0: [sda] Write cache: enabled, read cache: enabled, doesn't support DPO or FUA
[    0.807110] sd 0:0:0:0: Attached scsi generic sg0 type 0
[    0.808173]  sda: sda1 sda2
[    0.819420] sd 0:0:0:0: [sda] Attached SCSI disk
[    0.824672] Freeing unused decrypted memory: 2040K
[    0.826014] Freeing unused kernel image memory: 2728K
[    0.826018] Write protecting the kernel read-only data: 22528k
[    0.827498] Freeing unused kernel image memory: 2036K
[    0.828296] Freeing unused kernel image memory: 1432K
[    0.865727] x86/mm: Checked W+X mappings: passed, no W+X pages found.
[    0.865735] Run /init as init process
[    0.973255] ACPI: Video Device [GFX0] (multi-head: yes  rom: no  post: no)
[    0.973326] input: Video Bus as /devices/LNXSYSTM:00/LNXSYBUS:00/PNP0A03:00/LNXVIDEO:00/input/input4
[    0.984676] pcnet32: pcnet32.c:v1.35 21.Apr.2008 tsbogend@alpha.franken.de
[    0.986192] piix4_smbus 0000:00:07.0: SMBus Host Controller at 0x4100, revision 0
[    0.989886] e1000: Intel(R) PRO/1000 Network Driver - version 7.3.21-k8-NAPI
[    0.989886] e1000: Copyright (c) 1999-2006 Intel Corporation.
[    0.993680] pcnet32: PCnet/FAST III 79C973 at 0xd020, 08:00:27:77:97:24 assigned IRQ 19
[    0.993724] pcnet32: Found PHY 0022:561b at address 0
[    0.994021] pcnet32: eth0: registered as PCnet/FAST III 79C973
[    1.005850] pcnet32: PCnet/FAST III 79C973 at 0xd060, 08:00:27:c9:ef:8c assigned IRQ 16
[    1.005895] pcnet32: Found PHY 0022:561b at address 0
[    1.006196] pcnet32: eth1: registered as PCnet/FAST III 79C973
[    1.006217] pcnet32: 2 cards_found
[    1.069767] pcnet32 0000:00:03.0 enp0s3: renamed from eth0
[    1.071370] pcnet32 0000:00:08.0 enp0s8: renamed from eth1
[    1.208533] input: ImExPS/2 Generic Explorer Mouse as /devices/platform/i8042/serio1/input/input5
[    1.399483] e1000 0000:00:09.0 eth0: (PCI:33MHz:32-bit) 08:00:27:49:06:85
[    1.399487] e1000 0000:00:09.0 eth0: Intel(R) PRO/1000 Network Connection
[    1.400560] e1000 0000:00:09.0 enp0s9: renamed from eth0
[    1.544899] EXT4-fs (sda2): mounted filesystem with ordered data mode. Opts: (null)
[    1.635598] systemd[1]: Inserted module 'autofs4'
[    1.649806] systemd[1]: systemd 245.4-4ubuntu3 running in system mode. (+PAM +AUDIT +SELINUX +IMA +APPARMOR +SMACK +SYSVINIT +UTMP +LIBCRYPTSETUP +GCRYPT +GNUTLS +ACL +XZ +LZ4 +SECCOMP +BLKID +ELFUTILS +KMOD +IDN2 -IDN +PCRE2 default-hierarchy=hybrid)
[    1.649837] systemd[1]: Detected virtualization oracle.
[    1.649841] systemd[1]: Detected architecture x86-64.
[    1.651122] systemd[1]: Set hostname to <ztg>.
[    1.775657] systemd[1]: /lib/systemd/system/dbus.socket:5: ListenStream= references a path below legacy directory /var/run/, updating /var/run/dbus/system_bus_socket â†’ /run/dbus/system_bus_socket; please update the unit file accordingly.
[    1.828787] systemd[1]: Created slice system-modprobe.slice.
[    1.828972] systemd[1]: Created slice User and Session Slice.
[    1.829018] systemd[1]: Started Forward Password Requests to Wall Directory Watch.
[    1.829178] systemd[1]: Set up automount Arbitrary Executable File Formats File System Automount Point.
[    1.829212] systemd[1]: Reached target User and Group Name Lookups.
[    1.829220] systemd[1]: Reached target Remote File Systems.
[    1.829228] systemd[1]: Reached target Slices.
[    1.829798] systemd[1]: Listening on Syslog Socket.
[    1.829869] systemd[1]: Listening on fsck to fsckd communication Socket.
[    1.829906] systemd[1]: Listening on initctl Compatibility Named Pipe.
[    1.830045] systemd[1]: Listening on Journal Audit Socket.
[    1.830099] systemd[1]: Listening on Journal Socket (/dev/log).
[    1.830167] systemd[1]: Listening on Journal Socket.
[    1.830232] systemd[1]: Listening on udev Control Socket.
[    1.830270] systemd[1]: Listening on udev Kernel Socket.
[    1.831051] systemd[1]: Mounting Huge Pages File System...
[    1.832014] systemd[1]: Mounting POSIX Message Queue File System...
[    1.832897] systemd[1]: Mounting Kernel Debug File System...
[    1.833743] systemd[1]: Mounting Kernel Trace File System...
[    1.835658] systemd[1]: Starting Journal Service...
[    1.857398] systemd[1]: Starting Set the console keyboard layout...
[    1.865842] systemd[1]: Starting Create list of static device nodes for the current kernel...
[    1.867542] systemd[1]: Starting Load Kernel Module drm...
[    1.869824] systemd[1]: Condition check resulted in Set Up Additional Binary Formats being skipped.
[    1.869866] systemd[1]: Condition check resulted in File System Check on Root Device being skipped.
[    1.891093] systemd[1]: Starting Load Kernel Modules...
[    1.891835] systemd[1]: Starting Remount Root and Kernel File Systems...
[    1.896440] systemd[1]: Starting udev Coldplug all Devices...
[    1.918064] systemd[1]: Starting Uncomplicated firewall...
[    1.919334] systemd[1]: Mounted Huge Pages File System.
[    1.919420] systemd[1]: Mounted POSIX Message Queue File System.
[    1.919489] systemd[1]: Mounted Kernel Debug File System.
[    1.919556] systemd[1]: Mounted Kernel Trace File System.
[    1.944123] EXT4-fs (sda2): re-mounted. Opts: errors=remount-ro
[    1.944649] systemd[1]: Finished Create list of static device nodes for the current kernel.
[    1.946791] systemd[1]: Finished Remount Root and Kernel File Systems.
[    1.947037] systemd[1]: modprobe@drm.service: Succeeded.
[    1.953793] systemd[1]: Finished Load Kernel Module drm.
[    1.956339] systemd[1]: Finished Uncomplicated firewall.
[    1.972560] systemd[1]: Condition check resulted in Rebuild Hardware Database being skipped.
[    1.972604] systemd[1]: Condition check resulted in Platform Persistent Storage Archival being skipped.
[    1.973570] systemd[1]: Starting Load/Save Random Seed...
[    1.979451] systemd[1]: Starting Create System Users...
[    1.984682] lp: driver loaded but no devices found
[    1.990898] systemd[1]: Finished Load/Save Random Seed.
[    1.994532] systemd[1]: Finished Create System Users.
[    1.995387] systemd[1]: Starting Create Static Device Nodes in /dev...
[    2.000132] ppdev: user-space parallel port driver
[    2.032777] systemd[1]: Finished Create Static Device Nodes in /dev.
[    2.033657] systemd[1]: Starting udev Kernel Device Manager...
[    2.068649] systemd[1]: Finished udev Coldplug all Devices.
[    2.096767] [drm] DMA map mode: Caching DMA mappings.
[    2.096830] [drm] Capabilities:
[    2.096830] [drm]   Rect copy.
[    2.096831] [drm]   Cursor.
[    2.096831] [drm]   Cursor bypass.
[    2.096831] [drm]   Cursor bypass 2.
[    2.096832] [drm]   Alpha cursor.
[    2.096832] [drm]   Extended Fifo.
[    2.096833] [drm]   Pitchlock.
[    2.096833] [drm]   Irq mask.
[    2.096833] [drm]   GMR.
[    2.096834] [drm]   Traces.
[    2.096834] [drm]   GMR2.
[    2.096835] [drm]   Screen Object 2.
[    2.096835] [drm]   Command Buffers.
[    2.096835] [drm]   Command Buffers 2.
[    2.096836] [drm]   Guest Backed Resources.
[    2.096837] [drm] Max GMR ids is 8192
[    2.096837] [drm] Max number of GMR pages is 1048576
[    2.096838] [drm] Max dedicated hypervisor surface memory is 393216 kiB
[    2.096838] [drm] Maximum display memory size is 131072 kiB
[    2.096839] [drm] VRAM at 0xe0000000 size is 131072 kiB
[    2.096840] [drm] MMIO at 0xf0000000 size is 2048 kiB
[    2.097485] [TTM] Zone  kernel: Available graphics memory: 1011738 KiB
[    2.097486] [TTM] Initializing pool allocator
[    2.097491] [TTM] Initializing DMA pool allocator
[    2.097521] [drm] Supports vblank timestamp caching Rev 2 (21.10.2013).
[    2.097522] [drm] No driver support for vblank timestamp query.
[    2.097982] [drm] Screen Target Display device initialized
[    2.098208] [drm] width 720
[    2.098217] [drm] height 400
[    2.098220] [drm] bpp 32
[    2.098771] [drm] Fifo max 0x00200000 min 0x00001000 cap 0x00000355
[    2.103927] [drm] Using command buffers with DMA pool.
[    2.103932] [drm] DX: no.
[    2.103932] [drm] Atomic: yes.
[    2.103933] [drm] SM4_1: no.
[    2.103955] [drm:vmw_host_log [vmwgfx]] *ERROR* Failed to send host log message.
[    2.104848] [drm:vmw_host_log [vmwgfx]] *ERROR* Failed to send host log message.
[    2.122576] fbcon: svgadrmfb (fb0) is primary device
[    2.125264] Console: switching to colour frame buffer device 100x37
[    2.130074] [drm] Initialized vmwgfx 2.15.0 20180704 for 0000:00:02.0 on minor 0
[    2.131575] systemd[1]: Finished Load Kernel Modules.
[    2.132907] systemd[1]: Mounting FUSE Control File System...
[    2.138130] systemd[1]: Mounting Kernel Configuration File System...
[    2.174845] systemd[1]: Starting Apply Kernel Variables...
[    2.177888] systemd[1]: Finished Set the console keyboard layout.
[    2.178048] systemd[1]: Mounted FUSE Control File System.
[    2.178107] systemd[1]: Reached target Local File Systems (Pre).
[    2.178127] systemd[1]: Condition check resulted in VMware vmblock fuse mount being skipped.
[    2.183102] systemd[1]: Mounting Mount unit for bare, revision 5...
[    2.191459] systemd[1]: Mounting Mount unit for core18, revision 1705...
[    2.215975] systemd[1]: Mounting Mount unit for gnome-3-34-1804, revision 24...
[    2.224836] systemd[1]: Mounting Mount unit for gtk-common-themes, revision 1506...
[    2.228765] systemd[1]: Mounting Mount unit for gtk-common-themes, revision 1535...
[    2.237538] systemd[1]: Mounting Mount unit for snap-store, revision 433...
[    2.248298] systemd[1]: Mounting Mount unit for snapd, revision 25935...
[    2.264685] systemd[1]: Started udev Kernel Device Manager.
[    2.264832] systemd[1]: Mounted Kernel Configuration File System.
[    2.271975] systemd[1]: Finished Apply Kernel Variables.
[    2.272703] systemd[1]: Mounted Mount unit for bare, revision 5.
[    2.275063] systemd[1]: Starting Show Plymouth Boot Screen...
[    2.284911] systemd[1]: Mounted Mount unit for core18, revision 1705.
[    2.285451] systemd[1]: Received SIGRTMIN+20 from PID 278 (plymouthd).
[    2.307984] systemd[1]: Mounted Mount unit for gnome-3-34-1804, revision 24.
[    2.310031] systemd[1]: Started Show Plymouth Boot Screen.
[    2.310239] systemd[1]: Condition check resulted in Dispatch Password Requests to Console Directory Watch being skipped.
[    2.310343] systemd[1]: Started Forward Password Requests to Plymouth Directory Watch.
[    2.310410] systemd[1]: Reached target Local Encrypted Volumes.
[    2.393323] systemd[1]: Mounted Mount unit for snap-store, revision 433.
[    2.427017] systemd[1]: Mounted Mount unit for gtk-common-themes, revision 1506.
[    2.427264] systemd[1]: Mounted Mount unit for gtk-common-themes, revision 1535.
[    2.427445] systemd[1]: Mounted Mount unit for snapd, revision 25935.
[    2.427595] systemd[1]: Reached target Local File Systems.
[    2.429899] systemd[1]: Starting Load AppArmor profiles...
[    2.430799] systemd[1]: Starting Set console font and keymap...
[    2.457041] systemd[1]: Starting Tell Plymouth To Write Out Runtime Data...
[    2.458719] systemd[1]: Condition check resulted in Store a System Token in an EFI Variable being skipped.
[    2.458780] systemd[1]: Condition check resulted in Commit a transient machine-id on disk being skipped.
[    2.462905] systemd[1]: Finished Set console font and keymap.
[    2.470156] systemd[1]: Received SIGRTMIN+20 from PID 278 (plymouthd).
[    2.471609] systemd[1]: plymouth-read-write.service: Succeeded.
[    2.471867] systemd[1]: Finished Tell Plymouth To Write Out Runtime Data.
[    2.489610] audit: type=1400 audit(1768583851.336:2): apparmor="STATUS" operation="profile_load" profile="unconfined" name="nvidia_modprobe" pid=300 comm="apparmor_parser"
[    2.489612] audit: type=1400 audit(1768583851.336:3): apparmor="STATUS" operation="profile_load" profile="unconfined" name="nvidia_modprobe//kmod" pid=300 comm="apparmor_parser"
[    2.499402] audit: type=1400 audit(1768583851.348:4): apparmor="STATUS" operation="profile_load" profile="unconfined" name="/usr/sbin/tcpdump" pid=301 comm="apparmor_parser"
[    2.549192] audit: type=1400 audit(1768583851.396:5): apparmor="STATUS" operation="profile_load" profile="unconfined" name="/usr/bin/evince" pid=303 comm="apparmor_parser"
[    2.549195] audit: type=1400 audit(1768583851.396:6): apparmor="STATUS" operation="profile_load" profile="unconfined" name="/usr/bin/evince//sanitized_helper" pid=303 comm="apparmor_parser"
[    2.549197] audit: type=1400 audit(1768583851.396:7): apparmor="STATUS" operation="profile_load" profile="unconfined" name="/usr/bin/evince-previewer" pid=303 comm="apparmor_parser"
[    2.549198] audit: type=1400 audit(1768583851.396:8): apparmor="STATUS" operation="profile_load" profile="unconfined" name="/usr/bin/evince-previewer//sanitized_helper" pid=303 comm="apparmor_parser"
[    2.549200] audit: type=1400 audit(1768583851.396:9): apparmor="STATUS" operation="profile_load" profile="unconfined" name="/usr/bin/evince-thumbnailer" pid=303 comm="apparmor_parser"
[    2.571018] audit: type=1400 audit(1768583851.420:10): apparmor="STATUS" operation="profile_load" profile="unconfined" name="/usr/lib/cups/backend/cups-pdf" pid=304 comm="apparmor_parser"
[    2.632376] systemd[1]: Finished Load AppArmor profiles.
[    2.633308] systemd[1]: Starting Load AppArmor profiles managed internally by snapd...
[    2.754376] systemd[1]: Finished Load AppArmor profiles managed internally by snapd.
[    2.827575] systemd[1]: Started Journal Service.
[    2.837543] systemd-journald[229]: Received client request to flush runtime journal.
[    2.840422] systemd-journald[229]: File /var/log/journal/c455b248004a419c87ce85eea238d727/system.journal corrupted or uncleanly shut down, renaming and replacing.
[    4.148073] RAPL PMU: API unit is 2^-32 Joules, 0 fixed counters, 10737418240 ms ovfl timer
[    4.213578] cryptd: max_cpu_qlen set to 1000
[    4.276075] AVX2 version of gcm_enc/dec engaged.
[    4.276076] AES CTR mode by8 optimization enabled
[    6.051214] Adding 1998844k swap on /dev/sda1.  Priority:-2 extents:1 across:1998844k FS
[    7.702975] kauditd_printk_skb: 30 callbacks suppressed
[    7.702977] audit: type=1400 audit(1768583856.548:41): apparmor="DENIED" operation="capable" profile="/usr/sbin/cups-browsed" pid=507 comm="cups-browsed" capability=23  capname="sys_nice"
[    8.547723] pcnet32 0000:00:03.0 enp0s3: link up, 100Mbps, full-duplex
[    8.564943] pcnet32 0000:00:08.0 enp0s8: link up, 100Mbps, full-duplex
[    8.606600] e1000: enp0s9 NIC Link is Up 1000 Mbps Full Duplex, Flow Control: RX
[    8.606891] IPv6: ADDRCONF(NETDEV_CHANGE): enp0s9: link becomes ready
[    9.113352] device enp0s8 entered promiscuous mode
[    9.133474] device enp0s3 entered promiscuous mode
[    9.182839] audit: type=1400 audit(1768583858.032:42): apparmor="DENIED" operation="open" profile="/usr/sbin/tcpdump" name="/proc/sys/kernel/random/boot_id" pid=653 comm="tcpdump" requested_mask="r" denied_mask="r" fsuid=0 ouid=0
[    9.183429] audit: type=1400 audit(1768583858.032:43): apparmor="DENIED" operation="open" profile="/usr/sbin/tcpdump" name="/proc/sys/kernel/random/boot_id" pid=653 comm="tcpdump" requested_mask="r" denied_mask="r" fsuid=0 ouid=0
[    9.183481] audit: type=1400 audit(1768583858.032:44): apparmor="DENIED" operation="open" profile="/usr/sbin/tcpdump" name="/proc/sys/kernel/random/boot_id" pid=653 comm="tcpdump" requested_mask="r" denied_mask="r" fsuid=0 ouid=0
[    9.183623] audit: type=1400 audit(1768583858.032:45): apparmor="DENIED" operation="open" profile="/usr/sbin/tcpdump" name="/proc/sys/kernel/random/boot_id" pid=652 comm="tcpdump" requested_mask="r" denied_mask="r" fsuid=0 ouid=0
[    9.183752] audit: type=1400 audit(1768583858.032:46): apparmor="DENIED" operation="open" profile="/usr/sbin/tcpdump" name="/proc/sys/kernel/random/boot_id" pid=653 comm="tcpdump" requested_mask="r" denied_mask="r" fsuid=0 ouid=0
[    9.186831] audit: type=1400 audit(1768583858.036:47): apparmor="DENIED" operation="open" profile="/usr/sbin/tcpdump" name="/proc/sys/kernel/random/boot_id" pid=652 comm="tcpdump" requested_mask="r" denied_mask="r" fsuid=0 ouid=0
[    9.186965] audit: type=1400 audit(1768583858.036:48): apparmor="DENIED" operation="open" profile="/usr/sbin/tcpdump" name="/proc/sys/kernel/random/boot_id" pid=652 comm="tcpdump" requested_mask="r" denied_mask="r" fsuid=0 ouid=0
[    9.187278] audit: type=1400 audit(1768583858.036:49): apparmor="DENIED" operation="open" profile="/usr/sbin/tcpdump" name="/proc/sys/kernel/random/boot_id" pid=652 comm="tcpdump" requested_mask="r" denied_mask="r" fsuid=0 ouid=0
[    9.190208] audit: type=1400 audit(1768583858.036:50): apparmor="DENIED" operation="open" profile="/usr/sbin/tcpdump" name="/proc/sys/kernel/random/boot_id" pid=655 comm="tcpdump" requested_mask="r" denied_mask="r" fsuid=0 ouid=0
[   15.156288] rfkill: input handler disabled
[  250.326537] AAAAA-TCP_FORW: name:enp0s8: saddr:100932208: daddr:33561200
[  250.373112] AAAAA-TCP_FORW: name:enp0s8: saddr:100932208: daddr:16783984
[  250.485014] AAAAA-TCP_FORW: name:enp0s8: saddr:100932208: daddr:16783984
[  250.662441] AAAAA-TCP_FORW: name:enp0s8: saddr:100932208: daddr:33561200
[  250.795156] AAAAA-TCP_FORW: name:enp0s8: saddr:100932208: daddr:16783984
[  251.096441] AAAAA-TCP_FORW: name:enp0s8: saddr:100932208: daddr:33561200
[  251.208407] AAAAA-TCP_FORW: name:enp0s8: saddr:100932208: daddr:16783984
[  251.409989] AAAAA-TCP_FORW: name:enp0s8: saddr:100932208: daddr:16783984
[  251.480768] AAAAA-TCP_FORW: name:enp0s8: saddr:100932208: daddr:16783984
[  251.634502] AAAAA-TCP_FORW: name:enp0s8: saddr:100932208: daddr:33561200
[  251.820009] AAAAA-TCP_FORW: name:enp0s8: saddr:100932208: daddr:33561200
[  251.992668] AAAAA-TCP_FORW: name:enp0s8: saddr:100932208: daddr:33561200
[  252.087409] AAAAA-TCP_FORW: name:enp0s8: saddr:100932208: daddr:33561200
[  252.177985] AAAAA-TCP_FORW: name:enp0s8: saddr:100932208: daddr:16783984
[  252.265966] AAAAA-TCP_FORW: name:enp0s8: saddr:100932208: daddr:16783984
[  252.353112] AAAAA-TCP_FORW: name:enp0s8: saddr:100932208: daddr:16783984
[  252.467772] AAAAA-TCP_FORW: name:enp0s8: saddr:100932208: daddr:16783984
[  252.558971] AAAAA-TCP_FORW: name:enp0s8: saddr:100932208: daddr:16783984
[  252.559696] AAAAA-TCP_FORW: name:enp0s3: saddr:16783984: daddr:100932208
[  252.635098] AAAAA-TCP_FORW: name:enp0s8: saddr:100932208: daddr:16783984
[  252.635848] AAAAA-TCP_FORW: name:enp0s3: saddr:16783984: daddr:100932208
[  252.689213] AAAAA-TCP_FORW: name:enp0s8: saddr:100932208: daddr:16783984
[  252.689948] AAAAA-TCP_FORW: name:enp0s3: saddr:16783984: daddr:100932208
[  252.730848] AAAAA-TCP_FORW: name:enp0s8: saddr:100932208: daddr:16783984
[  252.731600] AAAAA-TCP_FORW: name:enp0s3: saddr:16783984: daddr:100932208
[  252.814416] AAAAA-TCP_FORW: name:enp0s8: saddr:100932208: daddr:16783984
[  252.815180] AAAAA-TCP_FORW: name:enp0s3: saddr:16783984: daddr:100932208
[  252.981318] AAAAA-TCP_FORW: name:enp0s8: saddr:100932208: daddr:16783984
[  252.982136] AAAAA-TCP_FORW: name:enp0s3: saddr:16783984: daddr:100932208
[  253.091886] AAAAA-TCP_FORW: name:enp0s8: saddr:100932208: daddr:33561200
[  253.093079] AAAAA-TCP_FORW: name:enp0s3: saddr:33561200: daddr:100932208
[  253.400003] AAAAA-TCP_FORW: name:enp0s8: saddr:100932208: daddr:33561200
[  253.401105] AAAAA-TCP_FORW: name:enp0s3: saddr:33561200: daddr:100932208
[  253.549115] AAAAA-TCP_FORW: name:enp0s8: saddr:100932208: daddr:33561200
[  253.550358] AAAAA-TCP_FORW: name:enp0s3: saddr:33561200: daddr:100932208
[  253.586430] AAAAA-TCP_FORW: name:enp0s8: saddr:100932208: daddr:33561200
[  253.587487] AAAAA-TCP_FORW: name:enp0s3: saddr:33561200: daddr:100932208
[  253.629414] AAAAA-TCP_FORW: name:enp0s8: saddr:100932208: daddr:33561200
[  253.630595] AAAAA-TCP_FORW: name:enp0s3: saddr:33561200: daddr:100932208
[  253.736437] AAAAA-TCP_FORW: name:enp0s8: saddr:100932208: daddr:33561200
[  253.737157] AAAAA-TCP_FORW: name:enp0s3: saddr:33561200: daddr:100932208
[  253.797141] AAAAA-TCP_FORW: name:enp0s8: saddr:100932208: daddr:33561200
[  253.797929] AAAAA-TCP_FORW: name:enp0s3: saddr:33561200: daddr:100932208
[  253.889978] AAAAA-TCP_FORW: name:enp0s8: saddr:100932208: daddr:33561200
[  253.891031] AAAAA-TCP_FORW: name:enp0s3: saddr:33561200: daddr:100932208
[  253.968368] AAAAA-TCP_FORW: name:enp0s8: saddr:100932208: daddr:33561200
[  253.969505] AAAAA-TCP_FORW: name:enp0s3: saddr:33561200: daddr:100932208
[  254.065725] AAAAA-TCP_FORW: name:enp0s8: saddr:100932208: daddr:33561200
[  254.066469] AAAAA-TCP_FORW: name:enp0s3: saddr:33561200: daddr:100932208
[  254.139954] AAAAA-TCP_FORW: name:enp0s8: saddr:100932208: daddr:16783984
[  254.140682] AAAAA-TCP_FORW: name:enp0s3: saddr:16783984: daddr:100932208
[  254.188205] AAAAA-TCP_FORW: name:enp0s8: saddr:100932208: daddr:16783984
[  254.188960] AAAAA-TCP_FORW: name:enp0s3: saddr:16783984: daddr:100932208
[  254.250427] AAAAA-TCP_FORW: name:enp0s8: saddr:100932208: daddr:33561200
[  254.251752] AAAAA-TCP_FORW: name:enp0s3: saddr:33561200: daddr:100932208
[  254.338354] AAAAA-TCP_FORW: name:enp0s8: saddr:100932208: daddr:16783984
[  254.339504] AAAAA-TCP_FORW: name:enp0s3: saddr:16783984: daddr:100932208
[  254.440114] AAAAA-TCP_FORW: name:enp0s8: saddr:100932208: daddr:16783984
[  254.440844] AAAAA-TCP_FORW: name:enp0s3: saddr:16783984: daddr:100932208
[  254.508021] AAAAA-TCP_FORW: name:enp0s8: saddr:100932208: daddr:16783984
[  254.508721] AAAAA-TCP_FORW: name:enp0s3: saddr:16783984: daddr:100932208
[  254.556079] AAAAA-TCP_FORW: name:enp0s8: saddr:100932208: daddr:33561200
[  254.556820] AAAAA-TCP_FORW: name:enp0s3: saddr:33561200: daddr:100932208
[  254.619276] AAAAA-TCP_FORW: name:enp0s8: saddr:100932208: daddr:16783984
[  254.620206] AAAAA-TCP_FORW: name:enp0s3: saddr:16783984: daddr:100932208
[  254.661101] AAAAA-TCP_FORW: name:enp0s8: saddr:100932208: daddr:16783984
[  254.661869] AAAAA-TCP_FORW: name:enp0s3: saddr:16783984: daddr:100932208
[  255.068969] AAAAA-TCP_FORW: name:enp0s8: saddr:100932208: daddr:16783984
[  255.070157] AAAAA-TCP_FORW: name:enp0s3: saddr:16783984: daddr:100932208
[  255.384618] AAAAA-TCP_FORW: name:enp0s8: saddr:100932208: daddr:16783984
[  255.385623] AAAAA-TCP_FORW: name:enp0s3: saddr:16783984: daddr:100932208
[  255.456164] AAAAA-TCP_FORW: name:enp0s8: saddr:100932208: daddr:16783984
[  255.456941] AAAAA-TCP_FORW: name:enp0s3: saddr:16783984: daddr:100932208
[  255.609986] AAAAA-TCP_FORW: name:enp0s8: saddr:100932208: daddr:16783984
[  255.610756] AAAAA-TCP_FORW: name:enp0s3: saddr:16783984: daddr:100932208
[  255.732041] AAAAA-TCP_FORW: name:enp0s8: saddr:100932208: daddr:16783984
[  255.732767] AAAAA-TCP_FORW: name:enp0s3: saddr:16783984: daddr:100932208
[  256.083606] AAAAA-TCP_FORW: name:enp0s8: saddr:100932208: daddr:16783984
[  256.084895] AAAAA-TCP_FORW: name:enp0s3: saddr:16783984: daddr:100932208
[  256.204778] AAAAA-TCP_FORW: name:enp0s8: saddr:100932208: daddr:16783984
[  256.205568] AAAAA-TCP_FORW: name:enp0s3: saddr:16783984: daddr:100932208
[  256.464199] AAAAA-TCP_FORW: name:enp0s8: saddr:100932208: daddr:16783984
[  256.465602] AAAAA-TCP_FORW: name:enp0s3: saddr:16783984: daddr:100932208
[  256.519760] AAAAA-TCP_FORW: name:enp0s8: saddr:100932208: daddr:33561200
[  256.520520] AAAAA-TCP_FORW: name:enp0s3: saddr:33561200: daddr:100932208
[  256.711579] AAAAA-TCP_FORW: name:enp0s8: saddr:100932208: daddr:33561200
[  256.712347] AAAAA-TCP_FORW: name:enp0s3: saddr:33561200: daddr:100932208
[  256.793057] AAAAA-TCP_FORW: name:enp0s8: saddr:100932208: daddr:33561200
[  256.794279] AAAAA-TCP_FORW: name:enp0s3: saddr:33561200: daddr:100932208
[  256.957416] AAAAA-TCP_FORW: name:enp0s8: saddr:100932208: daddr:33561200
[  256.958504] AAAAA-TCP_FORW: name:enp0s3: saddr:33561200: daddr:100932208
[  257.044933] AAAAA-TCP_FORW: name:enp0s8: saddr:100932208: daddr:33561200
[  257.045664] AAAAA-TCP_FORW: name:enp0s3: saddr:33561200: daddr:100932208
[  257.161547] AAAAA-TCP_FORW: name:enp0s8: saddr:100932208: daddr:33561200
[  257.162339] AAAAA-TCP_FORW: name:enp0s3: saddr:33561200: daddr:100932208
[  257.274125] AAAAA-TCP_FORW: name:enp0s8: saddr:100932208: daddr:33561200
[  257.275374] AAAAA-TCP_FORW: name:enp0s3: saddr:33561200: daddr:100932208
[  257.389089] AAAAA-TCP_FORW: name:enp0s8: saddr:100932208: daddr:33561200
[  257.389868] AAAAA-TCP_FORW: name:enp0s3: saddr:33561200: daddr:100932208
[  257.538976] AAAAA-TCP_FORW: name:enp0s8: saddr:100932208: daddr:33561200
[  257.539772] AAAAA-TCP_FORW: name:enp0s3: saddr:33561200: daddr:100932208
[  257.852557] AAAAA-TCP_FORW: name:enp0s8: saddr:100932208: daddr:33561200
[  257.853307] AAAAA-TCP_FORW: name:enp0s3: saddr:33561200: daddr:100932208
[  257.925739] AAAAA-TCP_FORW: name:enp0s8: saddr:100932208: daddr:33561200
[  257.926577] AAAAA-TCP_FORW: name:enp0s3: saddr:33561200: daddr:100932208
[  258.010412] AAAAA-TCP_FORW: name:enp0s8: saddr:100932208: daddr:16783984
[  258.011217] AAAAA-TCP_FORW: name:enp0s3: saddr:16783984: daddr:100932208
[  258.091389] AAAAA-TCP_FORW: name:enp0s8: saddr:100932208: daddr:16783984
[  258.092502] AAAAA-TCP_FORW: name:enp0s3: saddr:16783984: daddr:100932208
[  258.179903] AAAAA-TCP_FORW: name:enp0s8: saddr:100932208: daddr:16783984
[  258.180622] AAAAA-TCP_FORW: name:enp0s3: saddr:16783984: daddr:100932208
[  258.292291] AAAAA-TCP_FORW: name:enp0s8: saddr:100932208: daddr:16783984
[  258.293285] AAAAA-TCP_FORW: name:enp0s3: saddr:16783984: daddr:100932208
[  258.411409] AAAAA-TCP_FORW: name:enp0s8: saddr:100932208: daddr:16783984
[  258.412152] AAAAA-TCP_FORW: name:enp0s3: saddr:16783984: daddr:100932208
[  258.565790] AAAAA-TCP_FORW: name:enp0s8: saddr:100932208: daddr:33561200
[  258.566497] AAAAA-TCP_FORW: name:enp0s3: saddr:33561200: daddr:100932208
[  258.783936] AAAAA-TCP_FORW: name:enp0s8: saddr:100932208: daddr:16783984
[  258.785677] AAAAA-TCP_FORW: name:enp0s3: saddr:16783984: daddr:100932208
[  259.074801] AAAAA-TCP_FORW: name:enp0s8: saddr:100932208: daddr:16783984
[  259.075605] AAAAA-TCP_FORW: name:enp0s3: saddr:16783984: daddr:100932208
[  259.146374] AAAAA-TCP_FORW: name:enp0s8: saddr:100932208: daddr:16783984
[  259.147167] AAAAA-TCP_FORW: name:enp0s3: saddr:16783984: daddr:100932208
[  259.189806] AAAAA-TCP_FORW: name:enp0s8: saddr:100932208: daddr:16783984
[  259.190548] AAAAA-TCP_FORW: name:enp0s3: saddr:16783984: daddr:100932208
[  259.264441] AAAAA-TCP_FORW: name:enp0s8: saddr:100932208: daddr:33561200
[  259.265648] AAAAA-TCP_FORW: name:enp0s3: saddr:33561200: daddr:100932208
[  259.334850] AAAAA-TCP_FORW: name:enp0s8: saddr:100932208: daddr:16783984
[  259.336086] AAAAA-TCP_FORW: name:enp0s3: saddr:16783984: daddr:100932208
[  259.458473] AAAAA-TCP_FORW: name:enp0s8: saddr:100932208: daddr:16783984
[  259.459258] AAAAA-TCP_FORW: name:enp0s3: saddr:16783984: daddr:100932208
[  259.552620] AAAAA-TCP_FORW: name:enp0s8: saddr:100932208: daddr:16783984
[  259.553358] AAAAA-TCP_FORW: name:enp0s3: saddr:16783984: daddr:100932208
[  259.670500] AAAAA-TCP_FORW: name:enp0s8: saddr:100932208: daddr:16783984
[  259.671249] AAAAA-TCP_FORW: name:enp0s3: saddr:16783984: daddr:100932208
[  259.761080] AAAAA-TCP_FORW: name:enp0s8: saddr:100932208: daddr:33561200
[  259.761793] AAAAA-TCP_FORW: name:enp0s3: saddr:33561200: daddr:100932208
[  259.888216] AAAAA-TCP_FORW: name:enp0s8: saddr:100932208: daddr:33561200
[  259.889507] AAAAA-TCP_FORW: name:enp0s3: saddr:33561200: daddr:100932208
[  260.000326] AAAAA-TCP_FORW: name:enp0s8: saddr:100932208: daddr:16783984
[  260.001055] AAAAA-TCP_FORW: name:enp0s3: saddr:16783984: daddr:100932208
[  260.079474] AAAAA-TCP_FORW: name:enp0s8: saddr:100932208: daddr:33561200
[  260.080218] AAAAA-TCP_FORW: name:enp0s3: saddr:33561200: daddr:100932208
[  260.138149] AAAAA-TCP_FORW: name:enp0s8: saddr:100932208: daddr:33561200
[  260.138876] AAAAA-TCP_FORW: name:enp0s3: saddr:33561200: daddr:100932208
[  260.182921] AAAAA-TCP_FORW: name:enp0s8: saddr:100932208: daddr:33561200
[  260.183637] AAAAA-TCP_FORW: name:enp0s3: saddr:33561200: daddr:100932208
[  260.236552] AAAAA-TCP_FORW: name:enp0s8: saddr:100932208: daddr:33561200
[  260.237255] AAAAA-TCP_FORW: name:enp0s3: saddr:33561200: daddr:100932208
[  260.272666] AAAAA-TCP_FORW: name:enp0s8: saddr:100932208: daddr:16783984
[  260.273385] AAAAA-TCP_FORW: name:enp0s3: saddr:16783984: daddr:100932208
[  260.320485] AAAAA-TCP_FORW: name:enp0s8: saddr:100932208: daddr:16783984
[  260.321523] AAAAA-TCP_FORW: name:enp0s3: saddr:16783984: daddr:100932208
[  260.530560] AAAAA-TCP_FORW: name:enp0s8: saddr:100932208: daddr:16783984
[  260.531584] AAAAA-TCP_FORW: name:enp0s3: saddr:16783984: daddr:100932208
[  260.622595] AAAAA-TCP_FORW: name:enp0s8: saddr:100932208: daddr:16783984
[  260.623318] AAAAA-TCP_FORW: name:enp0s3: saddr:16783984: daddr:100932208
[  260.766852] AAAAA-TCP_FORW: name:enp0s8: saddr:100932208: daddr:16783984
[  260.768046] AAAAA-TCP_FORW: name:enp0s3: saddr:16783984: daddr:100932208
[  260.844240] AAAAA-TCP_FORW: name:enp0s8: saddr:100932208: daddr:16783984
[  260.845994] AAAAA-TCP_FORW: name:enp0s3: saddr:16783984: daddr:100932208
[  260.956209] AAAAA-TCP_FORW: name:enp0s8: saddr:100932208: daddr:16783984
[  260.958737] AAAAA-TCP_FORW: name:enp0s3: saddr:16783984: daddr:100932208
[  261.060467] AAAAA-TCP_FORW: name:enp0s8: saddr:100932208: daddr:16783984
[  261.062570] AAAAA-TCP_FORW: name:enp0s3: saddr:16783984: daddr:100932208
[  261.203700] AAAAA-TCP_FORW: name:enp0s8: saddr:100932208: daddr:33561200
[  261.205300] AAAAA-TCP_FORW: name:enp0s3: saddr:33561200: daddr:100932208
[  261.399579] AAAAA-TCP_FORW: name:enp0s8: saddr:100932208: daddr:16783984
[  261.400286] AAAAA-TCP_FORW: name:enp0s3: saddr:16783984: daddr:100932208
[  261.476842] AAAAA-TCP_FORW: name:enp0s8: saddr:100932208: daddr:33561200
[  261.525190] AAAAA-TCP_FORW: name:enp0s8: saddr:100932208: daddr:33561200
[  261.526444] AAAAA-TCP_FORW: name:enp0s3: saddr:33561200: daddr:100932208
[  261.618142] AAAAA-TCP_FORW: name:enp0s8: saddr:100932208: daddr:33561200
[  261.763623] AAAAA-TCP_FORW: name:enp0s8: saddr:100932208: daddr:33561200
[  261.764920] AAAAA-TCP_FORW: name:enp0s3: saddr:33561200: daddr:100932208
[  261.860488] AAAAA-TCP_FORW: name:enp0s8: saddr:100932208: daddr:16783984
[  276.179871] AAAAA-TCP_FORW: name:enp0s8: saddr:100932208: daddr:33561200
[  276.314334] AAAAA-TCP_FORW: name:enp0s8: saddr:100932208: daddr:33561200
[  276.394365] AAAAA-TCP_FORW: name:enp0s8: saddr:100932208: daddr:33561200
[  276.597069] AAAAA-TCP_FORW: name:enp0s8: saddr:100932208: daddr:33561200
[  276.874364] AAAAA-TCP_FORW: name:enp0s8: saddr:100932208: daddr:33561200
[  276.963748] AAAAA-TCP_FORW: name:enp0s8: saddr:100932208: daddr:33561200
[  277.125875] AAAAA-TCP_FORW: name:enp0s8: saddr:100932208: daddr:33561200
[  277.190199] AAAAA-TCP_FORW: name:enp0s8: saddr:100932208: daddr:33561200
[  277.263195] AAAAA-TCP_FORW: name:enp0s8: saddr:100932208: daddr:33561200
[  277.316639] AAAAA-TCP_FORW: name:enp0s8: saddr:100932208: daddr:33561200
[  277.495485] AAAAA-TCP_FORW: name:enp0s8: saddr:100932208: daddr:33561200
[  277.583813] AAAAA-TCP_FORW: name:enp0s8: saddr:100932208: daddr:33561200
[  277.669730] AAAAA-TCP_FORW: name:enp0s8: saddr:100932208: daddr:33561200
[  277.800904] AAAAA-TCP_FORW: name:enp0s8: saddr:100932208: daddr:33561200
[  277.920023] AAAAA-TCP_FORW: name:enp0s8: saddr:100932208: daddr:33561200
[  277.999929] AAAAA-TCP_FORW: name:enp0s8: saddr:100932208: daddr:33561200
[  278.034924] AAAAA-TCP_FORW: name:enp0s8: saddr:100932208: daddr:16783984
[  278.177183] AAAAA-TCP_FORW: name:enp0s8: saddr:100932208: daddr:16783984
[  278.319305] AAAAA-TCP_FORW: name:enp0s8: saddr:100932208: daddr:16783984
[  278.474016] AAAAA-TCP_FORW: name:enp0s8: saddr:100932208: daddr:16783984
[  278.536853] AAAAA-TCP_FORW: name:enp0s8: saddr:100932208: daddr:16783984
[  278.710951] AAAAA-TCP_FORW: name:enp0s8: saddr:100932208: daddr:16783984
[  278.778186] AAAAA-TCP_FORW: name:enp0s8: saddr:100932208: daddr:16783984
[  278.956175] AAAAA-TCP_FORW: name:enp0s8: saddr:100932208: daddr:16783984
[  279.053945] AAAAA-TCP_FORW: name:enp0s8: saddr:100932208: daddr:16783984
[  279.276989] AAAAA-TCP_FORW: name:enp0s8: saddr:100932208: daddr:16783984
[  279.351723] AAAAA-TCP_FORW: name:enp0s8: saddr:100932208: daddr:16783984
[  279.352657] AAAAA-TCP_FORW: name:enp0s3: saddr:16783984: daddr:100932208
[  279.770826] AAAAA-TCP_FORW: name:enp0s8: saddr:100932208: daddr:16783984
[  279.771963] AAAAA-TCP_FORW: name:enp0s3: saddr:16783984: daddr:100932208
[  280.022536] AAAAA-TCP_FORW: name:enp0s8: saddr:100932208: daddr:16783984
[  280.023442] AAAAA-TCP_FORW: name:enp0s3: saddr:16783984: daddr:100932208
[  280.235121] AAAAA-TCP_FORW: name:enp0s8: saddr:100932208: daddr:16783984
[  280.236073] AAAAA-TCP_FORW: name:enp0s3: saddr:16783984: daddr:100932208
[  280.379276] AAAAA-TCP_FORW: name:enp0s8: saddr:100932208: daddr:33561200
[  280.380591] AAAAA-TCP_FORW: name:enp0s3: saddr:33561200: daddr:100932208
[  280.529042] AAAAA-TCP_FORW: name:enp0s8: saddr:100932208: daddr:33561200
[  280.530547] AAAAA-TCP_FORW: name:enp0s3: saddr:33561200: daddr:100932208
[  280.659852] AAAAA-TCP_FORW: name:enp0s8: saddr:100932208: daddr:33561200
[  280.660686] AAAAA-TCP_FORW: name:enp0s3: saddr:33561200: daddr:100932208
[  280.761683] AAAAA-TCP_FORW: name:enp0s8: saddr:100932208: daddr:33561200
[  280.762736] AAAAA-TCP_FORW: name:enp0s3: saddr:33561200: daddr:100932208
[  280.866228] AAAAA-TCP_FORW: name:enp0s8: saddr:100932208: daddr:33561200
[  280.867248] AAAAA-TCP_FORW: name:enp0s3: saddr:33561200: daddr:100932208
[  280.938421] AAAAA-TCP_FORW: name:enp0s8: saddr:100932208: daddr:33561200
[  280.939410] AAAAA-TCP_FORW: name:enp0s3: saddr:33561200: daddr:100932208
[  281.058563] AAAAA-TCP_FORW: name:enp0s8: saddr:100932208: daddr:33561200
[  281.059529] AAAAA-TCP_FORW: name:enp0s3: saddr:33561200: daddr:100932208
[  281.160585] AAAAA-TCP_FORW: name:enp0s8: saddr:100932208: daddr:33561200
[  281.161384] AAAAA-TCP_FORW: name:enp0s3: saddr:33561200: daddr:100932208
[  281.340100] AAAAA-TCP_FORW: name:enp0s8: saddr:100932208: daddr:33561200
[  281.341086] AAAAA-TCP_FORW: name:enp0s3: saddr:33561200: daddr:100932208
[  281.419673] AAAAA-TCP_FORW: name:enp0s8: saddr:100932208: daddr:33561200
[  281.420465] AAAAA-TCP_FORW: name:enp0s3: saddr:33561200: daddr:100932208
[  281.509792] AAAAA-TCP_FORW: name:enp0s8: saddr:100932208: daddr:33561200
[  281.510629] AAAAA-TCP_FORW: name:enp0s3: saddr:33561200: daddr:100932208
[  281.577194] AAAAA-TCP_FORW: name:enp0s8: saddr:100932208: daddr:33561200
[  281.578253] AAAAA-TCP_FORW: name:enp0s3: saddr:33561200: daddr:100932208
[  281.717907] AAAAA-TCP_FORW: name:enp0s8: saddr:100932208: daddr:33561200
[  281.718929] AAAAA-TCP_FORW: name:enp0s3: saddr:33561200: daddr:100932208
[  281.858546] AAAAA-TCP_FORW: name:enp0s8: saddr:100932208: daddr:33561200
[  281.859578] AAAAA-TCP_FORW: name:enp0s3: saddr:33561200: daddr:100932208
[  281.930988] AAAAA-TCP_FORW: name:enp0s8: saddr:100932208: daddr:33561200
[  281.931871] AAAAA-TCP_FORW: name:enp0s3: saddr:33561200: daddr:100932208
[  281.998322] AAAAA-TCP_FORW: name:enp0s8: saddr:100932208: daddr:33561200
[  281.999243] AAAAA-TCP_FORW: name:enp0s3: saddr:33561200: daddr:100932208
[  282.064889] AAAAA-TCP_FORW: name:enp0s8: saddr:100932208: daddr:33561200
[  282.065691] AAAAA-TCP_FORW: name:enp0s3: saddr:33561200: daddr:100932208
[  282.201403] AAAAA-TCP_FORW: name:enp0s8: saddr:100932208: daddr:33561200
[  282.202330] AAAAA-TCP_FORW: name:enp0s3: saddr:33561200: daddr:100932208
[  282.250673] AAAAA-TCP_FORW: name:enp0s8: saddr:100932208: daddr:33561200
[  282.251811] AAAAA-TCP_FORW: name:enp0s3: saddr:33561200: daddr:100932208
[  282.365228] AAAAA-TCP_FORW: name:enp0s8: saddr:100932208: daddr:33561200
[  282.366326] AAAAA-TCP_FORW: name:enp0s3: saddr:33561200: daddr:100932208
[  282.589338] AAAAA-TCP_FORW: name:enp0s8: saddr:100932208: daddr:33561200
[  282.591121] AAAAA-TCP_FORW: name:enp0s3: saddr:33561200: daddr:100932208
[  282.666247] AAAAA-TCP_FORW: name:enp0s8: saddr:100932208: daddr:33561200
[  282.667460] AAAAA-TCP_FORW: name:enp0s3: saddr:33561200: daddr:100932208
[  282.746738] AAAAA-TCP_FORW: name:enp0s8: saddr:100932208: daddr:33561200
[  282.747842] AAAAA-TCP_FORW: name:enp0s3: saddr:33561200: daddr:100932208
[  282.834176] AAAAA-TCP_FORW: name:enp0s8: saddr:100932208: daddr:33561200
[  282.835270] AAAAA-TCP_FORW: name:enp0s3: saddr:33561200: daddr:100932208
[  282.875121] AAAAA-TCP_FORW: name:enp0s8: saddr:100932208: daddr:33561200
[  282.876128] AAAAA-TCP_FORW: name:enp0s3: saddr:33561200: daddr:100932208
[  282.970898] AAAAA-TCP_FORW: name:enp0s8: saddr:100932208: daddr:33561200
[  282.971783] AAAAA-TCP_FORW: name:enp0s3: saddr:33561200: daddr:100932208
[  283.127556] AAAAA-TCP_FORW: name:enp0s8: saddr:100932208: daddr:16783984
[  283.128441] AAAAA-TCP_FORW: name:enp0s3: saddr:16783984: daddr:100932208
[  283.442774] AAAAA-TCP_FORW: name:enp0s8: saddr:100932208: daddr:16783984
[  283.443755] AAAAA-TCP_FORW: name:enp0s3: saddr:16783984: daddr:100932208
[  283.591085] AAAAA-TCP_FORW: name:enp0s8: saddr:100932208: daddr:16783984
[  283.592264] AAAAA-TCP_FORW: name:enp0s3: saddr:16783984: daddr:100932208
[  283.824015] AAAAA-TCP_FORW: name:enp0s8: saddr:100932208: daddr:16783984
[  283.825033] AAAAA-TCP_FORW: name:enp0s3: saddr:16783984: daddr:100932208
[  283.917812] AAAAA-TCP_FORW: name:enp0s8: saddr:100932208: daddr:16783984
[  283.918974] AAAAA-TCP_FORW: name:enp0s3: saddr:16783984: daddr:100932208
[  284.053158] AAAAA-TCP_FORW: name:enp0s8: saddr:100932208: daddr:16783984
[  284.054353] AAAAA-TCP_FORW: name:enp0s3: saddr:16783984: daddr:100932208
[  284.202102] AAAAA-TCP_FORW: name:enp0s8: saddr:100932208: daddr:16783984
[  284.203317] AAAAA-TCP_FORW: name:enp0s3: saddr:16783984: daddr:100932208
[  284.468662] AAAAA-TCP_FORW: name:enp0s8: saddr:100932208: daddr:16783984
[  284.469916] AAAAA-TCP_FORW: name:enp0s3: saddr:16783984: daddr:100932208
[  284.691292] AAAAA-TCP_FORW: name:enp0s8: saddr:100932208: daddr:16783984
[  284.692328] AAAAA-TCP_FORW: name:enp0s3: saddr:16783984: daddr:100932208
[  284.938881] AAAAA-TCP_FORW: name:enp0s8: saddr:100932208: daddr:16783984
[  284.940058] AAAAA-TCP_FORW: name:enp0s3: saddr:16783984: daddr:100932208
[  285.134101] AAAAA-TCP_FORW: name:enp0s8: saddr:100932208: daddr:16783984
[  285.135164] AAAAA-TCP_FORW: name:enp0s3: saddr:16783984: daddr:100932208
[  285.242223] AAAAA-TCP_FORW: name:enp0s8: saddr:100932208: daddr:16783984
[  285.243401] AAAAA-TCP_FORW: name:enp0s3: saddr:16783984: daddr:100932208
[  285.953148] AAAAA-TCP_FORW: name:enp0s8: saddr:100932208: daddr:16783984
[  285.954258] AAAAA-TCP_FORW: name:enp0s3: saddr:16783984: daddr:100932208
[  286.095259] AAAAA-TCP_FORW: name:enp0s8: saddr:100932208: daddr:16783984
[  286.096336] AAAAA-TCP_FORW: name:enp0s3: saddr:16783984: daddr:100932208
[  286.251147] AAAAA-TCP_FORW: name:enp0s8: saddr:100932208: daddr:16783984
[  286.252346] AAAAA-TCP_FORW: name:enp0s3: saddr:16783984: daddr:100932208
[  286.596839] AAAAA-TCP_FORW: name:enp0s8: saddr:100932208: daddr:16783984
[  286.597866] AAAAA-TCP_FORW: name:enp0s3: saddr:16783984: daddr:100932208
[  286.650297] AAAAA-TCP_FORW: name:enp0s8: saddr:100932208: daddr:16783984
[  286.651352] AAAAA-TCP_FORW: name:enp0s3: saddr:16783984: daddr:100932208
[  286.729840] AAAAA-TCP_FORW: name:enp0s8: saddr:100932208: daddr:16783984
[  286.730973] AAAAA-TCP_FORW: name:enp0s3: saddr:16783984: daddr:100932208
[  286.787022] AAAAA-TCP_FORW: name:enp0s8: saddr:100932208: daddr:16783984
[  286.788062] AAAAA-TCP_FORW: name:enp0s3: saddr:16783984: daddr:100932208
[  287.004138] AAAAA-TCP_FORW: name:enp0s8: saddr:100932208: daddr:16783984
[  287.128153] AAAAA-TCP_FORW: name:enp0s8: saddr:100932208: daddr:16783984
[  287.129195] AAAAA-TCP_FORW: name:enp0s3: saddr:16783984: daddr:100932208
[  287.194084] AAAAA-TCP_FORW: name:enp0s8: saddr:100932208: daddr:16783984
[  287.249834] AAAAA-TCP_FORW: name:enp0s8: saddr:100932208: daddr:16783984
[  287.251352] AAAAA-TCP_FORW: name:enp0s3: saddr:16783984: daddr:100932208
[  287.391537] AAAAA-TCP_FORW: name:enp0s8: saddr:100932208: daddr:16783984
[  287.392647] AAAAA-TCP_FORW: name:enp0s3: saddr:16783984: daddr:100932208
[  287.490879] AAAAA-TCP_FORW: name:enp0s8: saddr:100932208: daddr:16783984
[  287.491930] AAAAA-TCP_FORW: name:enp0s3: saddr:16783984: daddr:100932208
[  287.660373] AAAAA-TCP_FORW: name:enp0s8: saddr:100932208: daddr:33561200
[  287.661452] AAAAA-TCP_FORW: name:enp0s3: saddr:33561200: daddr:100932208
[  287.752771] AAAAA-TCP_FORW: name:enp0s8: saddr:100932208: daddr:33561200
[  287.753889] AAAAA-TCP_FORW: name:enp0s3: saddr:33561200: daddr:100932208
[  287.798721] AAAAA-TCP_FORW: name:enp0s8: saddr:100932208: daddr:33561200
[  287.800194] AAAAA-TCP_FORW: name:enp0s3: saddr:33561200: daddr:100932208
[  287.851961] AAAAA-TCP_FORW: name:enp0s8: saddr:100932208: daddr:33561200
[  287.853019] AAAAA-TCP_FORW: name:enp0s3: saddr:33561200: daddr:100932208
[  288.078340] AAAAA-TCP_FORW: name:enp0s8: saddr:100932208: daddr:33561200
[  288.079446] AAAAA-TCP_FORW: name:enp0s3: saddr:33561200: daddr:100932208
[  288.213286] AAAAA-TCP_FORW: name:enp0s8: saddr:100932208: daddr:33561200
[  288.214392] AAAAA-TCP_FORW: name:enp0s3: saddr:33561200: daddr:100932208
[  288.451645] AAAAA-TCP_FORW: name:enp0s8: saddr:100932208: daddr:33561200
[  288.452779] AAAAA-TCP_FORW: name:enp0s3: saddr:33561200: daddr:100932208
[  288.499252] AAAAA-TCP_FORW: name:enp0s8: saddr:100932208: daddr:33561200
[  288.500117] AAAAA-TCP_FORW: name:enp0s3: saddr:33561200: daddr:100932208
[  288.538130] AAAAA-TCP_FORW: name:enp0s8: saddr:100932208: daddr:33561200
[  288.538969] AAAAA-TCP_FORW: name:enp0s3: saddr:33561200: daddr:100932208
[  288.594768] AAAAA-TCP_FORW: name:enp0s8: saddr:100932208: daddr:33561200
[  288.595657] AAAAA-TCP_FORW: name:enp0s3: saddr:33561200: daddr:100932208
[  288.852481] AAAAA-TCP_FORW: name:enp0s8: saddr:100932208: daddr:33561200
[  288.853771] AAAAA-TCP_FORW: name:enp0s3: saddr:33561200: daddr:100932208
[  288.967187] AAAAA-TCP_FORW: name:enp0s8: saddr:100932208: daddr:33561200
[  288.968049] AAAAA-TCP_FORW: name:enp0s3: saddr:33561200: daddr:100932208
[  289.043188] AAAAA-TCP_FORW: name:enp0s8: saddr:100932208: daddr:33561200
[  289.044069] AAAAA-TCP_FORW: name:enp0s3: saddr:33561200: daddr:100932208
[  289.127711] AAAAA-TCP_FORW: name:enp0s8: saddr:100932208: daddr:33561200
[  289.128535] AAAAA-TCP_FORW: name:enp0s3: saddr:33561200: daddr:100932208
[  289.269749] AAAAA-TCP_FORW: name:enp0s8: saddr:100932208: daddr:33561200
[  289.270731] AAAAA-TCP_FORW: name:enp0s3: saddr:33561200: daddr:100932208
[  289.365609] AAAAA-TCP_FORW: name:enp0s8: saddr:100932208: daddr:33561200
[  289.366769] AAAAA-TCP_FORW: name:enp0s3: saddr:33561200: daddr:100932208
[  289.430109] AAAAA-TCP_FORW: name:enp0s8: saddr:100932208: daddr:33561200
[  289.431195] AAAAA-TCP_FORW: name:enp0s3: saddr:33561200: daddr:100932208
[  289.433073] AAAAA-TCP_FORW: name:enp0s8: saddr:100932208: daddr:33561200
[  289.434028] AAAAA-TCP_FORW: name:enp0s3: saddr:33561200: daddr:100932208
[  289.523845] AAAAA-TCP_FORW: name:enp0s8: saddr:100932208: daddr:33561200
[  289.524788] AAAAA-TCP_FORW: name:enp0s3: saddr:33561200: daddr:100932208
[  289.578060] AAAAA-TCP_FORW: name:enp0s8: saddr:100932208: daddr:33561200
[  289.578892] AAAAA-TCP_FORW: name:enp0s3: saddr:33561200: daddr:100932208
[  289.655599] AAAAA-TCP_FORW: name:enp0s8: saddr:100932208: daddr:33561200
[  289.656699] AAAAA-TCP_FORW: name:enp0s3: saddr:33561200: daddr:100932208
[  289.738375] AAAAA-TCP_FORW: name:enp0s8: saddr:100932208: daddr:33561200
[  289.739226] AAAAA-TCP_FORW: name:enp0s3: saddr:33561200: daddr:100932208
[  289.801173] AAAAA-TCP_FORW: name:enp0s8: saddr:100932208: daddr:33561200
[  289.802140] AAAAA-TCP_FORW: name:enp0s3: saddr:33561200: daddr:100932208
[  289.937500] AAAAA-TCP_FORW: name:enp0s8: saddr:100932208: daddr:33561200
[  289.938795] AAAAA-TCP_FORW: name:enp0s3: saddr:33561200: daddr:100932208
[  289.965655] AAAAA-TCP_FORW: name:enp0s8: saddr:100932208: daddr:33561200
[  289.966699] AAAAA-TCP_FORW: name:enp0s3: saddr:33561200: daddr:100932208
[  290.074132] AAAAA-TCP_FORW: name:enp0s8: saddr:100932208: daddr:33561200
[  290.075145] AAAAA-TCP_FORW: name:enp0s3: saddr:33561200: daddr:100932208
[  290.131918] AAAAA-TCP_FORW: name:enp0s8: saddr:100932208: daddr:33561200
[  290.133082] AAAAA-TCP_FORW: name:enp0s3: saddr:33561200: daddr:100932208
[  290.196298] AAAAA-TCP_FORW: name:enp0s8: saddr:100932208: daddr:33561200
[  290.197285] AAAAA-TCP_FORW: name:enp0s3: saddr:33561200: daddr:100932208
[  290.205141] AAAAA-TCP_FORW: name:enp0s8: saddr:100932208: daddr:33561200
[  290.206259] AAAAA-TCP_FORW: name:enp0s3: saddr:33561200: daddr:100932208
[  290.246901] AAAAA-TCP_FORW: name:enp0s8: saddr:100932208: daddr:33561200
[  290.247819] AAAAA-TCP_FORW: name:enp0s3: saddr:33561200: daddr:100932208
[  290.401648] AAAAA-TCP_FORW: name:enp0s8: saddr:100932208: daddr:33561200
[  290.402894] AAAAA-TCP_FORW: name:enp0s3: saddr:33561200: daddr:100932208
[  290.486022] AAAAA-TCP_FORW: name:enp0s8: saddr:100932208: daddr:33561200
[  290.487174] AAAAA-TCP_FORW: name:enp0s3: saddr:33561200: daddr:100932208
[  290.556028] AAAAA-TCP_FORW: name:enp0s8: saddr:100932208: daddr:16783984
[  290.556988] AAAAA-TCP_FORW: name:enp0s3: saddr:16783984: daddr:100932208
[  290.632077] AAAAA-TCP_FORW: name:enp0s8: saddr:100932208: daddr:16783984
[  290.633046] AAAAA-TCP_FORW: name:enp0s3: saddr:16783984: daddr:100932208
[  290.635248] AAAAA-TCP_FORW: name:enp0s8: saddr:100932208: daddr:16783984
[  290.636027] AAAAA-TCP_FORW: name:enp0s3: saddr:16783984: daddr:100932208
[  290.722010] AAAAA-TCP_FORW: name:enp0s8: saddr:100932208: daddr:16783984
[  290.722805] AAAAA-TCP_FORW: name:enp0s3: saddr:16783984: daddr:100932208
[  290.855974] AAAAA-TCP_FORW: name:enp0s8: saddr:100932208: daddr:33561200
[  290.858668] AAAAA-TCP_FORW: name:enp0s8: saddr:100932208: daddr:33561200
[  290.903423] AAAAA-TCP_FORW: name:enp0s3: saddr:33561200: daddr:100932208
[  290.966434] AAAAA-TCP_FORW: name:enp0s8: saddr:100932208: daddr:33561200
[  291.047410] AAAAA-TCP_FORW: name:enp0s3: saddr:33561200: daddr:100932208
[  291.096456] AAAAA-TCP_FORW: name:enp0s8: saddr:100932208: daddr:33561200
[  291.101137] AAAAA-TCP_FORW: name:enp0s8: saddr:100932208: daddr:33561200
[  291.185473] AAAAA-TCP_FORW: name:enp0s8: saddr:100932208: daddr:33561200
[  291.227603] AAAAA-TCP_FORW: name:enp0s3: saddr:33561200: daddr:100932208
[  291.284771] AAAAA-TCP_FORW: name:enp0s8: saddr:100932208: daddr:16783984
[  291.285784] AAAAA-TCP_FORW: name:enp0s3: saddr:16783984: daddr:100932208
[  291.339696] AAAAA-TCP_FORW: name:enp0s8: saddr:100932208: daddr:16783984
[  291.467260] AAAAA-TCP_FORW: name:enp0s8: saddr:100932208: daddr:16783984
[  291.468273] AAAAA-TCP_FORW: name:enp0s3: saddr:16783984: daddr:100932208
[  291.470249] AAAAA-TCP_FORW: name:enp0s8: saddr:100932208: daddr:16783984
[  291.471240] AAAAA-TCP_FORW: name:enp0s3: saddr:16783984: daddr:100932208
[  291.590740] AAAAA-TCP_FORW: name:enp0s8: saddr:100932208: daddr:16783984
[  291.591731] AAAAA-TCP_FORW: name:enp0s3: saddr:16783984: daddr:100932208
[  291.698571] AAAAA-TCP_FORW: name:enp0s8: saddr:100932208: daddr:16783984
[  291.699594] AAAAA-TCP_FORW: name:enp0s3: saddr:16783984: daddr:100932208
[  291.755454] AAAAA-TCP_FORW: name:enp0s8: saddr:100932208: daddr:16783984
[  291.756525] AAAAA-TCP_FORW: name:enp0s3: saddr:16783984: daddr:100932208
[  291.852751] AAAAA-TCP_FORW: name:enp0s8: saddr:100932208: daddr:16783984
[  291.853835] AAAAA-TCP_FORW: name:enp0s3: saddr:16783984: daddr:100932208
[  291.910573] AAAAA-TCP_FORW: name:enp0s8: saddr:100932208: daddr:16783984
[  291.911697] AAAAA-TCP_FORW: name:enp0s3: saddr:16783984: daddr:100932208
[  291.987401] AAAAA-TCP_FORW: name:enp0s8: saddr:100932208: daddr:16783984
[  291.988631] AAAAA-TCP_FORW: name:enp0s3: saddr:16783984: daddr:100932208
[  292.079771] AAAAA-TCP_FORW: name:enp0s8: saddr:100932208: daddr:16783984
[  292.080794] AAAAA-TCP_FORW: name:enp0s3: saddr:16783984: daddr:100932208
[  292.156144] AAAAA-TCP_FORW: name:enp0s8: saddr:100932208: daddr:16783984
[  292.157176] AAAAA-TCP_FORW: name:enp0s3: saddr:16783984: daddr:100932208
[  292.224105] AAAAA-TCP_FORW: name:enp0s8: saddr:100932208: daddr:16783984
[  292.225066] AAAAA-TCP_FORW: name:enp0s3: saddr:16783984: daddr:100932208
[  292.300729] AAAAA-TCP_FORW: name:enp0s8: saddr:100932208: daddr:16783984
[  292.301710] AAAAA-TCP_FORW: name:enp0s3: saddr:16783984: daddr:100932208
[  292.376955] AAAAA-TCP_FORW: name:enp0s8: saddr:100932208: daddr:16783984
[  292.377878] AAAAA-TCP_FORW: name:enp0s3: saddr:16783984: daddr:100932208
[  293.447018] AAAAA-TCP_FORW: name:enp0s8: saddr:100932208: daddr:33561200
[  293.448065] AAAAA-TCP_FORW: name:enp0s3: saddr:33561200: daddr:100932208
[  293.522706] AAAAA-TCP_FORW: name:enp0s8: saddr:100932208: daddr:33561200
[  293.523619] AAAAA-TCP_FORW: name:enp0s3: saddr:33561200: daddr:100932208
[  293.664721] AAAAA-TCP_FORW: name:enp0s8: saddr:100932208: daddr:33561200
[  293.665790] AAAAA-TCP_FORW: name:enp0s3: saddr:33561200: daddr:100932208
[  293.781207] AAAAA-TCP_FORW: name:enp0s8: saddr:100932208: daddr:33561200
[  293.783449] AAAAA-TCP_FORW: name:enp0s3: saddr:33561200: daddr:100932208
[  293.867766] AAAAA-TCP_FORW: name:enp0s8: saddr:100932208: daddr:33561200
[  293.869616] AAAAA-TCP_FORW: name:enp0s3: saddr:33561200: daddr:100932208
[  294.003027] AAAAA-TCP_FORW: name:enp0s8: saddr:100932208: daddr:33561200
[  294.005312] AAAAA-TCP_FORW: name:enp0s3: saddr:33561200: daddr:100932208
[  294.383051] AAAAA-TCP_FORW: name:enp0s8: saddr:100932208: daddr:33561200
[  294.385298] AAAAA-TCP_FORW: name:enp0s3: saddr:33561200: daddr:100932208
[  294.542889] AAAAA-TCP_FORW: name:enp0s8: saddr:100932208: daddr:33561200
[  294.544883] AAAAA-TCP_FORW: name:enp0s3: saddr:33561200: daddr:100932208
[  294.608820] AAAAA-TCP_FORW: name:enp0s8: saddr:100932208: daddr:33561200
[  294.610793] AAAAA-TCP_FORW: name:enp0s3: saddr:33561200: daddr:100932208
[  294.740530] AAAAA-TCP_FORW: name:enp0s8: saddr:100932208: daddr:33561200
[  294.742436] AAAAA-TCP_FORW: name:enp0s3: saddr:33561200: daddr:100932208
[  294.966946] AAAAA-TCP_FORW: name:enp0s8: saddr:100932208: daddr:33561200
[  294.968996] AAAAA-TCP_FORW: name:enp0s3: saddr:33561200: daddr:100932208
[  295.049059] AAAAA-TCP_FORW: name:enp0s8: saddr:100932208: daddr:33561200
[  295.051193] AAAAA-TCP_FORW: name:enp0s3: saddr:33561200: daddr:100932208
[  295.053559] AAAAA-TCP_FORW: name:enp0s8: saddr:100932208: daddr:33561200
[  295.055797] AAAAA-TCP_FORW: name:enp0s3: saddr:33561200: daddr:100932208
[  295.140424] AAAAA-TCP_FORW: name:enp0s8: saddr:100932208: daddr:33561200
[  295.142641] AAAAA-TCP_FORW: name:enp0s3: saddr:33561200: daddr:100932208
[  295.203912] AAAAA-TCP_FORW: name:enp0s8: saddr:100932208: daddr:33561200
[  295.205905] AAAAA-TCP_FORW: name:enp0s3: saddr:33561200: daddr:100932208
[  295.346637] AAAAA-TCP_FORW: name:enp0s8: saddr:100932208: daddr:33561200
[  295.348835] AAAAA-TCP_FORW: name:enp0s3: saddr:33561200: daddr:100932208
[  295.439658] AAAAA-TCP_FORW: name:enp0s8: saddr:100932208: daddr:16783984
[  295.440777] AAAAA-TCP_FORW: name:enp0s3: saddr:16783984: daddr:100932208
[  295.484405] AAAAA-TCP_FORW: name:enp0s8: saddr:100932208: daddr:16783984
[  295.486523] AAAAA-TCP_FORW: name:enp0s3: saddr:16783984: daddr:100932208
[  295.521264] AAAAA-TCP_FORW: name:enp0s8: saddr:100932208: daddr:16783984
[  295.523847] AAAAA-TCP_FORW: name:enp0s3: saddr:16783984: daddr:100932208
[  295.553864] AAAAA-TCP_FORW: name:enp0s8: saddr:100932208: daddr:16783984
[  295.555738] AAAAA-TCP_FORW: name:enp0s3: saddr:16783984: daddr:100932208
[  295.592610] AAAAA-TCP_FORW: name:enp0s8: saddr:100932208: daddr:16783984
[  295.594957] AAAAA-TCP_FORW: name:enp0s3: saddr:16783984: daddr:100932208
[  295.616175] AAAAA-TCP_FORW: name:enp0s8: saddr:100932208: daddr:16783984
[  295.618317] AAAAA-TCP_FORW: name:enp0s3: saddr:16783984: daddr:100932208
[  295.771381] AAAAA-TCP_FORW: name:enp0s8: saddr:100932208: daddr:16783984
[  295.773660] AAAAA-TCP_FORW: name:enp0s3: saddr:16783984: daddr:100932208
[  295.892608] AAAAA-TCP_FORW: name:enp0s8: saddr:100932208: daddr:16783984
[  295.894750] AAAAA-TCP_FORW: name:enp0s3: saddr:16783984: daddr:100932208
[  295.991243] AAAAA-TCP_FORW: name:enp0s8: saddr:100932208: daddr:16783984
[  295.993537] AAAAA-TCP_FORW: name:enp0s3: saddr:16783984: daddr:100932208
[  296.116432] AAAAA-TCP_FORW: name:enp0s8: saddr:100932208: daddr:16783984
[  296.118450] AAAAA-TCP_FORW: name:enp0s3: saddr:16783984: daddr:100932208
[  296.258665] AAAAA-TCP_FORW: name:enp0s8: saddr:100932208: daddr:16783984
[  296.260837] AAAAA-TCP_FORW: name:enp0s3: saddr:16783984: daddr:100932208
[  296.320367] AAAAA-TCP_FORW: name:enp0s8: saddr:100932208: daddr:16783984
[  296.322580] AAAAA-TCP_FORW: name:enp0s3: saddr:16783984: daddr:100932208
[  296.418979] AAAAA-TCP_FORW: name:enp0s8: saddr:100932208: daddr:16783984
[  296.421042] AAAAA-TCP_FORW: name:enp0s3: saddr:16783984: daddr:100932208
[  296.436832] AAAAA-TCP_FORW: name:enp0s8: saddr:100932208: daddr:16783984
[  296.438966] AAAAA-TCP_FORW: name:enp0s3: saddr:16783984: daddr:100932208
[  296.523033] AAAAA-TCP_FORW: name:enp0s8: saddr:100932208: daddr:16783984
[  296.525221] AAAAA-TCP_FORW: name:enp0s3: saddr:16783984: daddr:100932208
[  296.602122] AAAAA-TCP_FORW: name:enp0s8: saddr:100932208: daddr:33561200
[  296.604789] AAAAA-TCP_FORW: name:enp0s3: saddr:33561200: daddr:100932208
[  296.848197] AAAAA-TCP_FORW: name:enp0s8: saddr:100932208: daddr:33561200
[  296.850582] AAAAA-TCP_FORW: name:enp0s3: saddr:33561200: daddr:100932208
[  296.850775] AAAAA-TCP_FORW: name:enp0s8: saddr:100932208: daddr:33561200
[  296.852540] AAAAA-TCP_FORW: name:enp0s3: saddr:33561200: daddr:100932208
[  298.155412] AAAAA-TCP_FORW: name:enp0s8: saddr:100932208: daddr:16783984
[  298.157502] AAAAA-TCP_FORW: name:enp0s3: saddr:16783984: daddr:100932208
[  298.344118] AAAAA-TCP_FORW: name:enp0s8: saddr:100932208: daddr:16783984
[  298.346139] AAAAA-TCP_FORW: name:enp0s3: saddr:16783984: daddr:100932208
[  298.482461] AAAAA-TCP_FORW: name:enp0s8: saddr:100932208: daddr:16783984
[  298.484409] AAAAA-TCP_FORW: name:enp0s3: saddr:16783984: daddr:100932208
[  298.663707] AAAAA-TCP_FORW: name:enp0s8: saddr:100932208: daddr:16783984
[  298.666004] AAAAA-TCP_FORW: name:enp0s3: saddr:16783984: daddr:100932208
[  298.715892] AAAAA-TCP_FORW: name:enp0s8: saddr:100932208: daddr:16783984
[  298.716933] AAAAA-TCP_FORW: name:enp0s3: saddr:16783984: daddr:100932208
[  299.047440] AAAAA-TCP_FORW: name:enp0s8: saddr:100932208: daddr:16783984
[  299.048460] AAAAA-TCP_FORW: name:enp0s3: saddr:16783984: daddr:100932208
[  299.412044] AAAAA-TCP_FORW: name:enp0s8: saddr:100932208: daddr:16783984
[  299.413129] AAAAA-TCP_FORW: name:enp0s3: saddr:16783984: daddr:100932208
[  299.673341] AAAAA-TCP_FORW: name:enp0s8: saddr:100932208: daddr:16783984
[  299.674342] AAAAA-TCP_FORW: name:enp0s3: saddr:16783984: daddr:100932208
[  299.759740] AAAAA-TCP_FORW: name:enp0s8: saddr:100932208: daddr:16783984
[  299.760954] AAAAA-TCP_FORW: name:enp0s3: saddr:16783984: daddr:100932208
[  299.893682] AAAAA-TCP_FORW: name:enp0s8: saddr:100932208: daddr:16783984
[  299.894479] AAAAA-TCP_FORW: name:enp0s3: saddr:16783984: daddr:100932208
[  300.029853] AAAAA-TCP_FORW: name:enp0s8: saddr:100932208: daddr:16783984
[  300.030751] AAAAA-TCP_FORW: name:enp0s3: saddr:16783984: daddr:100932208
[  300.120642] AAAAA-TCP_FORW: name:enp0s8: saddr:100932208: daddr:16783984
[  300.121537] AAAAA-TCP_FORW: name:enp0s3: saddr:16783984: daddr:100932208
[  300.258108] AAAAA-TCP_FORW: name:enp0s8: saddr:100932208: daddr:16783984
[  300.258963] AAAAA-TCP_FORW: name:enp0s3: saddr:16783984: daddr:100932208
[  300.371515] AAAAA-TCP_FORW: name:enp0s8: saddr:100932208: daddr:16783984
[  300.372343] AAAAA-TCP_FORW: name:enp0s3: saddr:16783984: daddr:100932208
[  300.679659] AAAAA-TCP_FORW: name:enp0s8: saddr:100932208: daddr:16783984
[  300.680596] AAAAA-TCP_FORW: name:enp0s3: saddr:16783984: daddr:100932208
[  300.814763] AAAAA-TCP_FORW: name:enp0s8: saddr:100932208: daddr:33561200
[  300.815738] AAAAA-TCP_FORW: name:enp0s3: saddr:33561200: daddr:100932208
[  301.013364] AAAAA-TCP_FORW: name:enp0s8: saddr:100932208: daddr:33561200
[  301.014300] AAAAA-TCP_FORW: name:enp0s3: saddr:33561200: daddr:100932208
[  301.312997] AAAAA-TCP_FORW: name:enp0s8: saddr:100932208: daddr:33561200
[  301.313983] AAAAA-TCP_FORW: name:enp0s3: saddr:33561200: daddr:100932208
[  301.685543] AAAAA-TCP_FORW: name:enp0s8: saddr:100932208: daddr:33561200
[  301.686398] AAAAA-TCP_FORW: name:enp0s3: saddr:33561200: daddr:100932208
[  302.035729] AAAAA-TCP_FORW: name:enp0s8: saddr:100932208: daddr:33561200
[  302.036724] AAAAA-TCP_FORW: name:enp0s3: saddr:33561200: daddr:100932208
[  302.521659] AAAAA-TCP_FORW: name:enp0s8: saddr:100932208: daddr:33561200
[  302.522486] AAAAA-TCP_FORW: name:enp0s3: saddr:33561200: daddr:100932208
[  302.609844] AAAAA-TCP_FORW: name:enp0s8: saddr:100932208: daddr:33561200
[  302.610579] AAAAA-TCP_FORW: name:enp0s3: saddr:33561200: daddr:100932208
[  302.649489] AAAAA-TCP_FORW: name:enp0s8: saddr:100932208: daddr:33561200
[  302.650429] AAAAA-TCP_FORW: name:enp0s3: saddr:33561200: daddr:100932208
[  302.759415] AAAAA-TCP_FORW: name:enp0s8: saddr:100932208: daddr:33561200
[  302.760441] AAAAA-TCP_FORW: name:enp0s3: saddr:33561200: daddr:100932208
[  302.930264] AAAAA-TCP_FORW: name:enp0s8: saddr:100932208: daddr:33561200
[  302.931171] AAAAA-TCP_FORW: name:enp0s3: saddr:33561200: daddr:100932208
[  303.139791] AAAAA-TCP_FORW: name:enp0s8: saddr:100932208: daddr:33561200
[  303.140903] AAAAA-TCP_FORW: name:enp0s3: saddr:33561200: daddr:100932208
[  303.221590] AAAAA-TCP_FORW: name:enp0s8: saddr:100932208: daddr:33561200
[  303.222688] AAAAA-TCP_FORW: name:enp0s3: saddr:33561200: daddr:100932208
[  303.379778] AAAAA-TCP_FORW: name:enp0s8: saddr:100932208: daddr:33561200
[  303.380775] AAAAA-TCP_FORW: name:enp0s3: saddr:33561200: daddr:100932208
[  303.513497] AAAAA-TCP_FORW: name:enp0s8: saddr:100932208: daddr:33561200
[  303.514636] AAAAA-TCP_FORW: name:enp0s3: saddr:33561200: daddr:100932208
[  303.617028] AAAAA-TCP_FORW: name:enp0s8: saddr:100932208: daddr:16783984
[  303.618139] AAAAA-TCP_FORW: name:enp0s3: saddr:16783984: daddr:100932208
[  303.807380] AAAAA-TCP_FORW: name:enp0s8: saddr:100932208: daddr:16783984
[  303.808460] AAAAA-TCP_FORW: name:enp0s3: saddr:16783984: daddr:100932208
[  303.922614] AAAAA-TCP_FORW: name:enp0s8: saddr:100932208: daddr:16783984
[  303.923554] AAAAA-TCP_FORW: name:enp0s3: saddr:16783984: daddr:100932208
[  304.209070] AAAAA-TCP_FORW: name:enp0s8: saddr:100932208: daddr:16783984
[  304.209970] AAAAA-TCP_FORW: name:enp0s3: saddr:16783984: daddr:100932208
[  304.285969] AAAAA-TCP_FORW: name:enp0s8: saddr:100932208: daddr:16783984
[  304.287053] AAAAA-TCP_FORW: name:enp0s3: saddr:16783984: daddr:100932208
[  304.465920] AAAAA-TCP_FORW: name:enp0s8: saddr:100932208: daddr:16783984
[  304.466968] AAAAA-TCP_FORW: name:enp0s3: saddr:16783984: daddr:100932208
[  304.677395] AAAAA-TCP_FORW: name:enp0s8: saddr:100932208: daddr:16783984
[  304.678500] AAAAA-TCP_FORW: name:enp0s3: saddr:16783984: daddr:100932208
[  304.756208] AAAAA-TCP_FORW: name:enp0s8: saddr:100932208: daddr:16783984
[  304.757189] AAAAA-TCP_FORW: name:enp0s3: saddr:16783984: daddr:100932208
[  304.806027] AAAAA-TCP_FORW: name:enp0s8: saddr:100932208: daddr:16783984
[  304.945825] AAAAA-TCP_FORW: name:enp0s8: saddr:100932208: daddr:33561200
[  304.946967] AAAAA-TCP_FORW: name:enp0s3: saddr:33561200: daddr:100932208
[  305.059033] AAAAA-TCP_FORW: name:enp0s8: saddr:100932208: daddr:16783984
[  305.060063] AAAAA-TCP_FORW: name:enp0s3: saddr:16783984: daddr:100932208
[  305.266930] AAAAA-TCP_FORW: name:enp0s8: saddr:100932208: daddr:33561200
[  305.268009] AAAAA-TCP_FORW: name:enp0s3: saddr:33561200: daddr:100932208
[  305.385219] AAAAA-TCP_FORW: name:enp0s8: saddr:100932208: daddr:33561200
[  305.386326] AAAAA-TCP_FORW: name:enp0s3: saddr:33561200: daddr:100932208
[  305.566276] AAAAA-TCP_FORW: name:enp0s8: saddr:100932208: daddr:16783984
[  305.567394] AAAAA-TCP_FORW: name:enp0s3: saddr:16783984: daddr:100932208
[  305.773922] AAAAA-TCP_FORW: name:enp0s8: saddr:100932208: daddr:16783984
[  305.774823] AAAAA-TCP_FORW: name:enp0s3: saddr:16783984: daddr:100932208
[  305.873516] AAAAA-TCP_FORW: name:enp0s8: saddr:100932208: daddr:16783984
[  305.874686] AAAAA-TCP_FORW: name:enp0s3: saddr:16783984: daddr:100932208
[  306.178767] AAAAA-TCP_FORW: name:enp0s8: saddr:100932208: daddr:16783984
[  306.180314] AAAAA-TCP_FORW: name:enp0s3: saddr:16783984: daddr:100932208
[  306.379604] AAAAA-TCP_FORW: name:enp0s8: saddr:100932208: daddr:16783984
[  306.380781] AAAAA-TCP_FORW: name:enp0s3: saddr:16783984: daddr:100932208
[  306.494864] AAAAA-TCP_FORW: name:enp0s8: saddr:100932208: daddr:16783984
[  306.495857] AAAAA-TCP_FORW: name:enp0s3: saddr:16783984: daddr:100932208
[  306.680750] AAAAA-TCP_FORW: name:enp0s8: saddr:100932208: daddr:16783984
[  306.718061] AAAAA-TCP_FORW: name:enp0s8: saddr:100932208: daddr:16783984
[  306.719211] AAAAA-TCP_FORW: name:enp0s3: saddr:16783984: daddr:100932208
[  306.884505] AAAAA-TCP_FORW: name:enp0s8: saddr:100932208: daddr:16783984
[  306.885286] AAAAA-TCP_FORW: name:enp0s3: saddr:16783984: daddr:100932208
[  306.985927] AAAAA-TCP_FORW: name:enp0s8: saddr:100932208: daddr:16783984
[  306.987147] AAAAA-TCP_FORW: name:enp0s3: saddr:16783984: daddr:100932208
[  307.104030] AAAAA-TCP_FORW: name:enp0s8: saddr:100932208: daddr:16783984
[  307.185242] AAAAA-TCP_FORW: name:enp0s8: saddr:100932208: daddr:33561200
[  307.186402] AAAAA-TCP_FORW: name:enp0s3: saddr:33561200: daddr:100932208
[  307.245845] AAAAA-TCP_FORW: name:enp0s8: saddr:100932208: daddr:33561200
[  307.246978] AAAAA-TCP_FORW: name:enp0s3: saddr:33561200: daddr:100932208
[  307.587119] AAAAA-TCP_FORW: name:enp0s8: saddr:100932208: daddr:16783984
[  307.637901] AAAAA-TCP_FORW: name:enp0s8: saddr:100932208: daddr:33561200
[  307.639002] AAAAA-TCP_FORW: name:enp0s3: saddr:33561200: daddr:100932208
[  307.786393] AAAAA-TCP_FORW: name:enp0s8: saddr:100932208: daddr:16783984
[  308.097140] AAAAA-TCP_FORW: name:enp0s8: saddr:100932208: daddr:33561200
[  308.097999] AAAAA-TCP_FORW: name:enp0s3: saddr:33561200: daddr:100932208
[  308.238016] AAAAA-TCP_FORW: name:enp0s8: saddr:100932208: daddr:33561200
[  308.239260] AAAAA-TCP_FORW: name:enp0s3: saddr:33561200: daddr:100932208
[  308.364568] AAAAA-TCP_FORW: name:enp0s8: saddr:100932208: daddr:33561200
[  308.366254] AAAAA-TCP_FORW: name:enp0s3: saddr:33561200: daddr:100932208
[  308.501171] AAAAA-TCP_FORW: name:enp0s8: saddr:100932208: daddr:33561200
[  308.502275] AAAAA-TCP_FORW: name:enp0s3: saddr:33561200: daddr:100932208
[  308.623169] AAAAA-TCP_FORW: name:enp0s8: saddr:100932208: daddr:33561200
[  308.624212] AAAAA-TCP_FORW: name:enp0s3: saddr:33561200: daddr:100932208
[  308.692948] AAAAA-TCP_FORW: name:enp0s8: saddr:100932208: daddr:33561200
[  308.694000] AAAAA-TCP_FORW: name:enp0s3: saddr:33561200: daddr:100932208
[  308.808707] AAAAA-TCP_FORW: name:enp0s8: saddr:100932208: daddr:33561200
[  308.809866] AAAAA-TCP_FORW: name:enp0s3: saddr:33561200: daddr:100932208
[  308.918400] AAAAA-TCP_FORW: name:enp0s8: saddr:100932208: daddr:33561200
[  308.919263] AAAAA-TCP_FORW: name:enp0s3: saddr:33561200: daddr:100932208
[  309.009189] AAAAA-TCP_FORW: name:enp0s8: saddr:100932208: daddr:33561200
[  309.010363] AAAAA-TCP_FORW: name:enp0s3: saddr:33561200: daddr:100932208
[  309.110450] AAAAA-TCP_FORW: name:enp0s8: saddr:100932208: daddr:33561200
[  309.112279] AAAAA-TCP_FORW: name:enp0s3: saddr:33561200: daddr:100932208
[  309.207077] AAAAA-TCP_FORW: name:enp0s8: saddr:100932208: daddr:33561200
[  309.208685] AAAAA-TCP_FORW: name:enp0s3: saddr:33561200: daddr:100932208
[  309.309530] AAAAA-TCP_FORW: name:enp0s8: saddr:100932208: daddr:33561200
[  309.311093] AAAAA-TCP_FORW: name:enp0s3: saddr:33561200: daddr:100932208
[  309.424087] AAAAA-TCP_FORW: name:enp0s8: saddr:100932208: daddr:33561200
[  309.425747] AAAAA-TCP_FORW: name:enp0s3: saddr:33561200: daddr:100932208
[  309.572796] AAAAA-TCP_FORW: name:enp0s8: saddr:100932208: daddr:16783984
[  309.574350] AAAAA-TCP_FORW: name:enp0s3: saddr:16783984: daddr:100932208
[  309.686055] AAAAA-TCP_FORW: name:enp0s8: saddr:100932208: daddr:16783984
[  309.688627] AAAAA-TCP_FORW: name:enp0s3: saddr:16783984: daddr:100932208
[  309.744608] AAAAA-TCP_FORW: name:enp0s8: saddr:100932208: daddr:16783984
[  309.746913] AAAAA-TCP_FORW: name:enp0s3: saddr:16783984: daddr:100932208
[  309.770533] AAAAA-TCP_FORW: name:enp0s8: saddr:100932208: daddr:16783984
[  309.771623] AAAAA-TCP_FORW: name:enp0s3: saddr:16783984: daddr:100932208
[  309.868958] AAAAA-TCP_FORW: name:enp0s8: saddr:100932208: daddr:16783984
[  309.870260] AAAAA-TCP_FORW: name:enp0s3: saddr:16783984: daddr:100932208
[  309.984641] AAAAA-TCP_FORW: name:enp0s8: saddr:100932208: daddr:16783984
[  309.986020] AAAAA-TCP_FORW: name:enp0s3: saddr:16783984: daddr:100932208
[  310.028841] AAAAA-TCP_FORW: name:enp0s8: saddr:100932208: daddr:16783984
[  310.029982] AAAAA-TCP_FORW: name:enp0s3: saddr:16783984: daddr:100932208
[  310.165682] AAAAA-TCP_FORW: name:enp0s8: saddr:100932208: daddr:16783984
[  310.166781] AAAAA-TCP_FORW: name:enp0s3: saddr:16783984: daddr:100932208
[  310.257364] AAAAA-TCP_FORW: name:enp0s8: saddr:100932208: daddr:16783984
[  310.258523] AAAAA-TCP_FORW: name:enp0s3: saddr:16783984: daddr:100932208
[  310.330552] AAAAA-TCP_FORW: name:enp0s8: saddr:100932208: daddr:33561200
[  310.331868] AAAAA-TCP_FORW: name:enp0s3: saddr:33561200: daddr:100932208
[  310.384383] AAAAA-TCP_FORW: name:enp0s8: saddr:100932208: daddr:33561200
[  310.385497] AAAAA-TCP_FORW: name:enp0s3: saddr:33561200: daddr:100932208
[  310.482997] AAAAA-TCP_FORW: name:enp0s8: saddr:100932208: daddr:33561200
[  310.484646] AAAAA-TCP_FORW: name:enp0s3: saddr:33561200: daddr:100932208
[  310.563630] AAAAA-TCP_FORW: name:enp0s8: saddr:100932208: daddr:33561200
[  310.564835] AAAAA-TCP_FORW: name:enp0s3: saddr:33561200: daddr:100932208
[  310.613424] AAAAA-TCP_FORW: name:enp0s8: saddr:100932208: daddr:16783984
[  310.614600] AAAAA-TCP_FORW: name:enp0s3: saddr:16783984: daddr:100932208
[  310.705649] AAAAA-TCP_FORW: name:enp0s8: saddr:100932208: daddr:16783984
[  310.706784] AAAAA-TCP_FORW: name:enp0s3: saddr:16783984: daddr:100932208
[  310.762802] AAAAA-TCP_FORW: name:enp0s8: saddr:100932208: daddr:16783984
[  310.764009] AAAAA-TCP_FORW: name:enp0s3: saddr:16783984: daddr:100932208
[  310.801723] AAAAA-TCP_FORW: name:enp0s8: saddr:100932208: daddr:16783984
[  310.802895] AAAAA-TCP_FORW: name:enp0s3: saddr:16783984: daddr:100932208
[  310.906298] AAAAA-TCP_FORW: name:enp0s8: saddr:100932208: daddr:16783984
[  310.907602] AAAAA-TCP_FORW: name:enp0s3: saddr:16783984: daddr:100932208
[  311.018536] AAAAA-TCP_FORW: name:enp0s8: saddr:100932208: daddr:33561200
[  311.019591] AAAAA-TCP_FORW: name:enp0s3: saddr:33561200: daddr:100932208
[  311.118777] AAAAA-TCP_FORW: name:enp0s8: saddr:100932208: daddr:16783984
[  311.119959] AAAAA-TCP_FORW: name:enp0s3: saddr:16783984: daddr:100932208
[  311.160877] AAAAA-TCP_FORW: name:enp0s8: saddr:100932208: daddr:33561200
[  311.161927] AAAAA-TCP_FORW: name:enp0s3: saddr:33561200: daddr:100932208
[  311.253171] AAAAA-TCP_FORW: name:enp0s8: saddr:100932208: daddr:33561200
[  311.254222] AAAAA-TCP_FORW: name:enp0s3: saddr:33561200: daddr:100932208
[  311.349448] AAAAA-TCP_FORW: name:enp0s8: saddr:100932208: daddr:16783984
[  311.350598] AAAAA-TCP_FORW: name:enp0s3: saddr:16783984: daddr:100932208
[  311.462409] AAAAA-TCP_FORW: name:enp0s8: saddr:100932208: daddr:16783984
[  311.463537] AAAAA-TCP_FORW: name:enp0s3: saddr:16783984: daddr:100932208
[  311.502289] AAAAA-TCP_FORW: name:enp0s8: saddr:100932208: daddr:16783984
[  311.503366] AAAAA-TCP_FORW: name:enp0s3: saddr:16783984: daddr:100932208
[  311.611125] AAAAA-TCP_FORW: name:enp0s8: saddr:100932208: daddr:33561200
[  311.612284] AAAAA-TCP_FORW: name:enp0s3: saddr:33561200: daddr:100932208
[  311.662804] AAAAA-TCP_FORW: name:enp0s8: saddr:100932208: daddr:33561200
[  311.663801] AAAAA-TCP_FORW: name:enp0s3: saddr:33561200: daddr:100932208
[  311.833260] AAAAA-TCP_FORW: name:enp0s8: saddr:100932208: daddr:33561200
[  311.834356] AAAAA-TCP_FORW: name:enp0s3: saddr:33561200: daddr:100932208
[  311.966702] AAAAA-TCP_FORW: name:enp0s8: saddr:100932208: daddr:33561200
[  311.968106] AAAAA-TCP_FORW: name:enp0s3: saddr:33561200: daddr:100932208
[  312.063596] AAAAA-TCP_FORW: name:enp0s8: saddr:100932208: daddr:33561200
[  312.064807] AAAAA-TCP_FORW: name:enp0s3: saddr:33561200: daddr:100932208
[  312.231349] AAAAA-TCP_FORW: name:enp0s8: saddr:100932208: daddr:33561200
[  312.232528] AAAAA-TCP_FORW: name:enp0s3: saddr:33561200: daddr:100932208
[  312.287626] AAAAA-TCP_FORW: name:enp0s8: saddr:100932208: daddr:33561200
[  312.289332] AAAAA-TCP_FORW: name:enp0s3: saddr:33561200: daddr:100932208
[  312.348314] AAAAA-TCP_FORW: name:enp0s8: saddr:100932208: daddr:16783984
[  312.349906] AAAAA-TCP_FORW: name:enp0s3: saddr:16783984: daddr:100932208
[  312.387210] AAAAA-TCP_FORW: name:enp0s8: saddr:100932208: daddr:16783984
[  312.388433] AAAAA-TCP_FORW: name:enp0s3: saddr:16783984: daddr:100932208
[  312.417366] AAAAA-TCP_FORW: name:enp0s8: saddr:100932208: daddr:16783984
[  312.418611] AAAAA-TCP_FORW: name:enp0s3: saddr:16783984: daddr:100932208
[  312.501599] AAAAA-TCP_FORW: name:enp0s8: saddr:100932208: daddr:16783984
[  312.502730] AAAAA-TCP_FORW: name:enp0s3: saddr:16783984: daddr:100932208
[  312.612773] AAAAA-TCP_FORW: name:enp0s8: saddr:100932208: daddr:16783984
[  312.613868] AAAAA-TCP_FORW: name:enp0s3: saddr:16783984: daddr:100932208
[  312.678145] AAAAA-TCP_FORW: name:enp0s8: saddr:100932208: daddr:16783984
[  312.679210] AAAAA-TCP_FORW: name:enp0s3: saddr:16783984: daddr:100932208
[  312.745924] AAAAA-TCP_FORW: name:enp0s8: saddr:100932208: daddr:16783984
[  312.747017] AAAAA-TCP_FORW: name:enp0s3: saddr:16783984: daddr:100932208
[  312.823815] AAAAA-TCP_FORW: name:enp0s8: saddr:100932208: daddr:16783984
[  312.825395] AAAAA-TCP_FORW: name:enp0s3: saddr:16783984: daddr:100932208
[  312.848673] AAAAA-TCP_FORW: name:enp0s8: saddr:100932208: daddr:16783984
[  312.849849] AAAAA-TCP_FORW: name:enp0s3: saddr:16783984: daddr:100932208
[  312.872162] AAAAA-TCP_FORW: name:enp0s8: saddr:100932208: daddr:16783984
[  312.873266] AAAAA-TCP_FORW: name:enp0s3: saddr:16783984: daddr:100932208
[  312.952714] AAAAA-TCP_FORW: name:enp0s8: saddr:100932208: daddr:16783984
[  312.953807] AAAAA-TCP_FORW: name:enp0s3: saddr:16783984: daddr:100932208
[  313.041825] AAAAA-TCP_FORW: name:enp0s8: saddr:100932208: daddr:16783984
[  313.043194] AAAAA-TCP_FORW: name:enp0s3: saddr:16783984: daddr:100932208
[  313.064829] AAAAA-TCP_FORW: name:enp0s8: saddr:100932208: daddr:33561200
[  313.065899] AAAAA-TCP_FORW: name:enp0s3: saddr:33561200: daddr:100932208
[  313.257237] AAAAA-TCP_FORW: name:enp0s8: saddr:100932208: daddr:33561200
[  313.258434] AAAAA-TCP_FORW: name:enp0s3: saddr:33561200: daddr:100932208
[  313.301487] AAAAA-TCP_FORW: name:enp0s8: saddr:100932208: daddr:33561200
[  313.302591] AAAAA-TCP_FORW: name:enp0s3: saddr:33561200: daddr:100932208
[  313.389686] AAAAA-TCP_FORW: name:enp0s8: saddr:100932208: daddr:33561200
[  313.390792] AAAAA-TCP_FORW: name:enp0s3: saddr:33561200: daddr:100932208
[  313.414131] AAAAA-TCP_FORW: name:enp0s8: saddr:100932208: daddr:16783984
[  313.415222] AAAAA-TCP_FORW: name:enp0s3: saddr:16783984: daddr:100932208
[  313.604122] AAAAA-TCP_FORW: name:enp0s8: saddr:100932208: daddr:16783984
[  313.605207] AAAAA-TCP_FORW: name:enp0s3: saddr:16783984: daddr:100932208
[  313.681708] AAAAA-TCP_FORW: name:enp0s8: saddr:100932208: daddr:16783984
[  313.682791] AAAAA-TCP_FORW: name:enp0s3: saddr:16783984: daddr:100932208
[  313.714340] AAAAA-TCP_FORW: name:enp0s8: saddr:100932208: daddr:16783984
[  313.715520] AAAAA-TCP_FORW: name:enp0s3: saddr:16783984: daddr:100932208
[  313.923096] AAAAA-TCP_FORW: name:enp0s8: saddr:100932208: daddr:33561200
[  313.924200] AAAAA-TCP_FORW: name:enp0s3: saddr:33561200: daddr:100932208
[  314.035007] AAAAA-TCP_FORW: name:enp0s8: saddr:100932208: daddr:16783984
[  314.036058] AAAAA-TCP_FORW: name:enp0s3: saddr:16783984: daddr:100932208
[  314.081314] AAAAA-TCP_FORW: name:enp0s8: saddr:100932208: daddr:33561200
[  314.082626] AAAAA-TCP_FORW: name:enp0s3: saddr:33561200: daddr:100932208
[  314.220959] AAAAA-TCP_FORW: name:enp0s8: saddr:100932208: daddr:33561200
[  314.222087] AAAAA-TCP_FORW: name:enp0s3: saddr:33561200: daddr:100932208
[  314.331305] AAAAA-TCP_FORW: name:enp0s8: saddr:100932208: daddr:16783984
[  314.332380] AAAAA-TCP_FORW: name:enp0s3: saddr:16783984: daddr:100932208
[  314.507009] AAAAA-TCP_FORW: name:enp0s8: saddr:100932208: daddr:16783984
[  314.508173] AAAAA-TCP_FORW: name:enp0s3: saddr:16783984: daddr:100932208
[  314.595472] AAAAA-TCP_FORW: name:enp0s8: saddr:100932208: daddr:16783984
[  314.596635] AAAAA-TCP_FORW: name:enp0s3: saddr:16783984: daddr:100932208
[  314.755296] AAAAA-TCP_FORW: name:enp0s8: saddr:100932208: daddr:33561200
[  314.756508] AAAAA-TCP_FORW: name:enp0s3: saddr:33561200: daddr:100932208
[  314.787766] AAAAA-TCP_FORW: name:enp0s8: saddr:100932208: daddr:33561200
[  314.788959] AAAAA-TCP_FORW: name:enp0s3: saddr:33561200: daddr:100932208
[  314.814452] AAAAA-TCP_FORW: name:enp0s8: saddr:100932208: daddr:33561200
[  314.815613] AAAAA-TCP_FORW: name:enp0s3: saddr:33561200: daddr:100932208
[  314.921969] AAAAA-TCP_FORW: name:enp0s8: saddr:100932208: daddr:33561200
[  314.923520] AAAAA-TCP_FORW: name:enp0s3: saddr:33561200: daddr:100932208
