[    0.000000] Linux version 5.4.243-mptcp (root@ztg) (gcc version 12.2.0 (Debian 12.2.0-14+deb12u1)) #53 SMP Wed Dec 24 23:28:15 CST 2025
[    0.000000] Command line: BOOT_IMAGE=/boot/vmlinuz-5.4.243-mptcp root=UUID=98415a12-53b7-4144-8265-0f7ece09e445 ro quiet splash
[    0.000000] KERNEL supported cpus:
[    0.000000]   Intel GenuineIntel
[    0.000000]   AMD AuthenticAMD
[    0.000000]   Hygon HygonGenuine
[    0.000000]   Centaur CentaurHauls
[    0.000000]   zhaoxin   Shanghai  
[    0.000000] x86/fpu: Supporting XSAVE feature 0x001: 'x87 floating point registers'
[    0.000000] x86/fpu: Supporting XSAVE feature 0x002: 'SSE registers'
[    0.000000] x86/fpu: Supporting XSAVE feature 0x004: 'AVX registers'
[    0.000000] x86/fpu: xstate_offset[2]:  576, xstate_sizes[2]:  256
[    0.000000] x86/fpu: Enabled xstate features 0x7, context size is 832 bytes, using 'standard' format.
[    0.000000] BIOS-provided physical RAM map:
[    0.000000] BIOS-e820: [mem 0x0000000000000000-0x000000000009fbff] usable
[    0.000000] BIOS-e820: [mem 0x000000000009fc00-0x000000000009ffff] reserved
[    0.000000] BIOS-e820: [mem 0x00000000000f0000-0x00000000000fffff] reserved
[    0.000000] BIOS-e820: [mem 0x0000000000100000-0x000000007ffeffff] usable
[    0.000000] BIOS-e820: [mem 0x000000007fff0000-0x000000007fffffff] ACPI data
[    0.000000] BIOS-e820: [mem 0x00000000fec00000-0x00000000fec00fff] reserved
[    0.000000] BIOS-e820: [mem 0x00000000fee00000-0x00000000fee00fff] reserved
[    0.000000] BIOS-e820: [mem 0x00000000fffc0000-0x00000000ffffffff] reserved
[    0.000000] NX (Execute Disable) protection: active
[    0.000000] SMBIOS 2.5 present.
[    0.000000] DMI: innotek GmbH VirtualBox/VirtualBox, BIOS VirtualBox 12/01/2006
[    0.000000] Hypervisor detected: KVM
[    0.000000] kvm-clock: Using msrs 4b564d01 and 4b564d00
[    0.000000] kvm-clock: cpu 0, msr 40e01001, primary cpu clock
[    0.000000] kvm-clock: using sched offset of 4442698840 cycles
[    0.000003] clocksource: kvm-clock: mask: 0xffffffffffffffff max_cycles: 0x1cd42e4dffb, max_idle_ns: 881590591483 ns
[    0.000005] tsc: Detected 2100.000 MHz processor
[    0.001867] e820: update [mem 0x00000000-0x00000fff] usable ==> reserved
[    0.001870] e820: remove [mem 0x000a0000-0x000fffff] usable
[    0.001874] last_pfn = 0x7fff0 max_arch_pfn = 0x400000000
[    0.001941] MTRR default type: uncachable
[    0.001942] MTRR fixed ranges enabled:
[    0.001943]   00000-9FFFF write-back
[    0.001944]   A0000-BFFFF uncachable
[    0.001945]   C0000-FFFFF write-protect
[    0.001945] MTRR variable ranges enabled:
[    0.001947]   0 base 000000000000 mask 3FFF80000000 write-back
[    0.001947]   1 disabled
[    0.001948]   2 disabled
[    0.001948]   3 disabled
[    0.001949]   4 disabled
[    0.001949]   5 disabled
[    0.001950]   6 disabled
[    0.001950]   7 disabled
[    0.001950]   8 disabled
[    0.001951]   9 disabled
[    0.001951]   10 disabled
[    0.001952]   11 disabled
[    0.001952]   12 disabled
[    0.001953]   13 disabled
[    0.001953]   14 disabled
[    0.001953]   15 disabled
[    0.001970] x86/PAT: Configuration [0-7]: WB  WC  UC- UC  WB  WP  UC- WT  
[    0.002104] found SMP MP-table at [mem 0x0009fff0-0x0009ffff]
[    0.093425] check: Scanning 1 areas for low memory corruption
[    0.093621] RAMDISK: [mem 0x32271000-0x3512ffff]
[    0.093630] ACPI: Early table checksum verification disabled
[    0.093635] ACPI: RSDP 0x00000000000E0000 000024 (v02 VBOX  )
[    0.093640] ACPI: XSDT 0x000000007FFF0030 00003C (v01 VBOX   VBOXXSDT 00000001 ASL  00000061)
[    0.093646] ACPI: FACP 0x000000007FFF00F0 0000F4 (v04 VBOX   VBOXFACP 00000001 ASL  00000061)
[    0.093653] ACPI: DSDT 0x000000007FFF02E0 002353 (v02 VBOX   VBOXBIOS 00000002 VBOX 00029BF3)
[    0.093657] ACPI: FACS 0x000000007FFF0200 000040
[    0.093661] ACPI: FACS 0x000000007FFF0200 000040
[    0.093664] ACPI: APIC 0x000000007FFF0240 000054 (v02 VBOX   VBOXAPIC 00000001 ASL  00000061)
[    0.093668] ACPI: SSDT 0x000000007FFF02A0 000038 (v01 VBOX   VBOXCPUT 00000002 VBOX 00029BF3)
[    0.093671] ACPI: Reserving FACP table memory at [mem 0x7fff00f0-0x7fff01e3]
[    0.093672] ACPI: Reserving DSDT table memory at [mem 0x7fff02e0-0x7fff2632]
[    0.093673] ACPI: Reserving FACS table memory at [mem 0x7fff0200-0x7fff023f]
[    0.093673] ACPI: Reserving FACS table memory at [mem 0x7fff0200-0x7fff023f]
[    0.093674] ACPI: Reserving APIC table memory at [mem 0x7fff0240-0x7fff0293]
[    0.093675] ACPI: Reserving SSDT table memory at [mem 0x7fff02a0-0x7fff02d7]
[    0.093690] ACPI: Local APIC address 0xfee00000
[    0.093876] No NUMA configuration found
[    0.093877] Faking a node at [mem 0x0000000000000000-0x000000007ffeffff]
[    0.093887] NODE_DATA(0) allocated [mem 0x7ffc5000-0x7ffeffff]
[    0.094158] Zone ranges:
[    0.094159]   DMA      [mem 0x0000000000001000-0x0000000000ffffff]
[    0.094160]   DMA32    [mem 0x0000000001000000-0x000000007ffeffff]
[    0.094161]   Normal   empty
[    0.094162]   Device   empty
[    0.094163] Movable zone start for each node
[    0.094165] Early memory node ranges
[    0.094166]   node   0: [mem 0x0000000000001000-0x000000000009efff]
[    0.094167]   node   0: [mem 0x0000000000100000-0x000000007ffeffff]
[    0.094170] Zeroed struct page in unavailable ranges: 114 pages
[    0.094171] Initmem setup node 0 [mem 0x0000000000001000-0x000000007ffeffff]
[    0.094172] On node 0 totalpages: 524174
[    0.094174]   DMA zone: 64 pages used for memmap
[    0.094174]   DMA zone: 21 pages reserved
[    0.094175]   DMA zone: 3998 pages, LIFO batch:0
[    0.094248]   DMA32 zone: 8128 pages used for memmap
[    0.094248]   DMA32 zone: 520176 pages, LIFO batch:63
[    0.103330] ACPI: PM-Timer IO Port: 0x4008
[    0.103334] ACPI: Local APIC address 0xfee00000
[    0.103400] IOAPIC[0]: apic_id 1, version 32, address 0xfec00000, GSI 0-23
[    0.103403] ACPI: INT_SRC_OVR (bus 0 bus_irq 0 global_irq 2 dfl dfl)
[    0.103405] ACPI: INT_SRC_OVR (bus 0 bus_irq 9 global_irq 9 low level)
[    0.103407] ACPI: IRQ0 used by override.
[    0.103408] ACPI: IRQ9 used by override.
[    0.103411] Using ACPI (MADT) for SMP configuration information
[    0.103417] smpboot: Allowing 1 CPUs, 0 hotplug CPUs
[    0.103439] PM: Registered nosave memory: [mem 0x00000000-0x00000fff]
[    0.103440] PM: Registered nosave memory: [mem 0x0009f000-0x0009ffff]
[    0.103441] PM: Registered nosave memory: [mem 0x000a0000-0x000effff]
[    0.103441] PM: Registered nosave memory: [mem 0x000f0000-0x000fffff]
[    0.103443] [mem 0x80000000-0xfebfffff] available for PCI devices
[    0.103444] Booting paravirtualized kernel on KVM
[    0.103447] clocksource: refined-jiffies: mask: 0xffffffff max_cycles: 0xffffffff, max_idle_ns: 7645519600211568 ns
[    0.103451] setup_percpu: NR_CPUS:8192 nr_cpumask_bits:1 nr_cpu_ids:1 nr_node_ids:1
[    0.104476] percpu: Embedded 60 pages/cpu s208896 r8192 d28672 u2097152
[    0.104481] pcpu-alloc: s208896 r8192 d28672 u2097152 alloc=1*2097152
[    0.104482] pcpu-alloc: [0] 0 
[    0.104508] Built 1 zonelists, mobility grouping on.  Total pages: 515961
[    0.104509] Policy zone: DMA32
[    0.104510] Kernel command line: BOOT_IMAGE=/boot/vmlinuz-5.4.243-mptcp root=UUID=98415a12-53b7-4144-8265-0f7ece09e445 ro quiet splash
[    0.105385] Dentry cache hash table entries: 262144 (order: 9, 2097152 bytes, linear)
[    0.105533] Inode-cache hash table entries: 131072 (order: 8, 1048576 bytes, linear)
[    0.105585] mem auto-init: stack:off, heap alloc:on, heap free:off
[    0.105587] Calgary: detecting Calgary via BIOS EBDA area
[    0.105589] Calgary: Unable to locate Rio Grande table in EBDA - bailing!
[    0.109800] Memory: 1967332K/2096696K available (14339K kernel code, 2398K rwdata, 4712K rodata, 2728K init, 17260K bss, 129364K reserved, 0K cma-reserved)
[    0.110737] SLUB: HWalign=64, Order=0-3, MinObjects=0, CPUs=1, Nodes=1
[    0.110754] ftrace: allocating 43186 entries in 169 pages
[    0.128921] rcu: Hierarchical RCU implementation.
[    0.128922] rcu: 	RCU restricting CPUs from NR_CPUS=8192 to nr_cpu_ids=1.
[    0.128924] 	Tasks RCU enabled.
[    0.128925] rcu: RCU calculated value of scheduler-enlistment delay is 25 jiffies.
[    0.128926] rcu: Adjusting geometry for rcu_fanout_leaf=16, nr_cpu_ids=1
[    0.131994] NR_IRQS: 524544, nr_irqs: 256, preallocated irqs: 16
[    0.132209] random: crng init done
[    0.141557] Console: colour VGA+ 80x25
[    0.141561] printk: console [tty0] enabled
[    0.141581] ACPI: Core revision 20190816
[    0.141683] APIC: Switch to symmetric I/O mode setup
[    0.141935] x2apic enabled
[    0.142184] Switched APIC routing to physical x2apic.
[    0.143311] ..TIMER: vector=0x30 apic1=0 pin1=2 apic2=-1 pin2=-1
[    0.143335] clocksource: tsc-early: mask: 0xffffffffffffffff max_cycles: 0x1e4530a99b6, max_idle_ns: 440795257976 ns
[    0.143341] Calibrating delay loop (skipped) preset value.. 4200.00 BogoMIPS (lpj=8400000)
[    0.143343] pid_max: default: 32768 minimum: 301
[    0.143371] LSM: Security Framework initializing
[    0.143381] Yama: becoming mindful.
[    0.143407] AppArmor: AppArmor initialized
[    0.143441] Mount-cache hash table entries: 4096 (order: 3, 32768 bytes, linear)
[    0.143445] Mountpoint-cache hash table entries: 4096 (order: 3, 32768 bytes, linear)
[    0.143455] *** VALIDATE tmpfs ***
[    0.143585] *** VALIDATE proc ***
[    0.143625] *** VALIDATE cgroup1 ***
[    0.143626] *** VALIDATE cgroup2 ***
[    0.143765] process: using mwait in idle threads
[    0.143770] Last level iTLB entries: 4KB 64, 2MB 8, 4MB 8
[    0.143771] Last level dTLB entries: 4KB 64, 2MB 0, 4MB 0, 1GB 4
[    0.143792] Spectre V1 : Mitigation: usercopy/swapgs barriers and __user pointer sanitization
[    0.143797] Spectre V2 : Mitigation: Retpolines
[    0.143798] Spectre V2 : Spectre v2 / SpectreRSB mitigation: Filling RSB on context switch
[    0.143798] Spectre V2 : Spectre v2 / SpectreRSB : Filling RSB on VMEXIT
[    0.143799] RETBleed: WARNING: Spectre v2 mitigation leaves CPU vulnerable to RETBleed attacks, data leaks possible!
[    0.144150] RETBleed: Vulnerable
[    0.144150] Speculative Store Bypass: Vulnerable
[    0.144155] TAA: Mitigation: TSX disabled
[    0.144156] MMIO Stale Data: Mitigation: Clear CPU buffers
[    0.148390] Freeing SMP alternatives memory: 40K
[    0.260663] smpboot: CPU0: Intel(R) Xeon(R) Silver 4216 CPU @ 2.10GHz (family: 0x6, model: 0x55, stepping: 0x7)
[    0.260825] Performance Events: unsupported p6 CPU model 85 no PMU driver, software events only.
[    0.260875] rcu: Hierarchical SRCU implementation.
[    0.261447] NMI watchdog: Perf NMI watchdog permanently disabled
[    0.261488] smp: Bringing up secondary CPUs ...
[    0.261489] smp: Brought up 1 node, 1 CPU
[    0.261490] smpboot: Max logical packages: 1
[    0.261491] smpboot: Total of 1 processors activated (4200.00 BogoMIPS)
[    0.262622] devtmpfs: initialized
[    0.262673] x86/mm: Memory block size: 128MB
[    0.263057] clocksource: jiffies: mask: 0xffffffff max_cycles: 0xffffffff, max_idle_ns: 7645041785100000 ns
[    0.263063] futex hash table entries: 256 (order: 2, 16384 bytes, linear)
[    0.263111] pinctrl core: initialized pinctrl subsystem
[    0.263240] PM: RTC time: 21:38:39, date: 2026-01-14
[    0.263337] NET: Registered protocol family 16
[    0.263337] audit: initializing netlink subsys (disabled)
[    0.263337] EISA bus registered
[    0.263337] cpuidle: using governor ladder
[    0.263337] cpuidle: using governor menu
[    0.263337] ACPI: bus type PCI registered
[    0.263337] acpiphp: ACPI Hot Plug PCI Controller Driver version: 0.5
[    0.263337] PCI: Using configuration type 1 for base access
[    0.264213] audit: type=2000 audit(1768397925.588:1): state=initialized audit_enabled=0 res=1
[    0.264315] HugeTLB registered 2.00 MiB page size, pre-allocated 0 pages
[    0.265261] ACPI: Added _OSI(Module Device)
[    0.265262] ACPI: Added _OSI(Processor Device)
[    0.265263] ACPI: Added _OSI(3.0 _SCP Extensions)
[    0.265263] ACPI: Added _OSI(Processor Aggregator Device)
[    0.265264] ACPI: Added _OSI(Linux-Dell-Video)
[    0.265265] ACPI: Added _OSI(Linux-Lenovo-NV-HDMI-Audio)
[    0.265266] ACPI: Added _OSI(Linux-HPI-Hybrid-Graphics)
[    0.267299] ACPI: 2 ACPI AML tables successfully acquired and loaded
[    0.267337] ACPI: Interpreter enabled
[    0.267337] ACPI: (supports S0 S5)
[    0.267337] ACPI: Using IOAPIC for interrupt routing
[    0.267337] PCI: Using host bridge windows from ACPI; if necessary, use "pci=nocrs" and report a bug
[    0.267337] ACPI: Enabled 2 GPEs in block 00 to 07
[    0.275778] ACPI: PCI Root Bridge [PCI0] (domain 0000 [bus 00-ff])
[    0.275783] acpi PNP0A03:00: _OSC: OS supports [ASPM ClockPM Segments MSI HPX-Type3]
[    0.276226] acpi PNP0A03:00: _OSC: not requesting OS control; OS requires [ExtendedConfig ASPM ClockPM MSI]
[    0.276234] acpi PNP0A03:00: fail to add MMCONFIG information, can't access extended PCI configuration space under this bridge.
[    0.276605] PCI host bridge to bus 0000:00
[    0.276607] pci_bus 0000:00: root bus resource [io  0x0000-0x0cf7 window]
[    0.276608] pci_bus 0000:00: root bus resource [io  0x0d00-0xffff window]
[    0.276609] pci_bus 0000:00: root bus resource [mem 0x000a0000-0x000bffff window]
[    0.276610] pci_bus 0000:00: root bus resource [mem 0x80000000-0xfdffffff window]
[    0.276612] pci_bus 0000:00: root bus resource [bus 00-ff]
[    0.276651] pci 0000:00:00.0: [8086:1237] type 00 class 0x060000
[    0.277573] pci 0000:00:01.0: [8086:7000] type 00 class 0x060100
[    0.278317] pci 0000:00:01.1: [8086:7111] type 00 class 0x01018a
[    0.278696] pci 0000:00:01.1: reg 0x20: [io  0xd000-0xd00f]
[    0.278863] pci 0000:00:01.1: legacy IDE quirk: reg 0x10: [io  0x01f0-0x01f7]
[    0.278864] pci 0000:00:01.1: legacy IDE quirk: reg 0x14: [io  0x03f6]
[    0.278865] pci 0000:00:01.1: legacy IDE quirk: reg 0x18: [io  0x0170-0x0177]
[    0.278866] pci 0000:00:01.1: legacy IDE quirk: reg 0x1c: [io  0x0376]
[    0.279374] pci 0000:00:02.0: [15ad:0405] type 00 class 0x030000
[    0.282631] pci 0000:00:02.0: reg 0x10: [io  0xd010-0xd01f]
[    0.285250] pci 0000:00:02.0: reg 0x14: [mem 0xe0000000-0xe7ffffff pref]
[    0.287382] pci 0000:00:02.0: reg 0x18: [mem 0xf0000000-0xf01fffff]
[    0.298591] pci 0000:00:03.0: [1022:2000] type 00 class 0x020000
[    0.299426] pci 0000:00:03.0: reg 0x10: [io  0xd020-0xd03f]
[    0.300027] pci 0000:00:03.0: reg 0x14: [mem 0xf0200000-0xf0200fff]
[    0.303381] pci 0000:00:04.0: [80ee:cafe] type 00 class 0x088000
[    0.304045] pci 0000:00:04.0: reg 0x10: [io  0xd040-0xd05f]
[    0.304648] pci 0000:00:04.0: reg 0x14: [mem 0xf0400000-0xf07fffff]
[    0.305255] pci 0000:00:04.0: reg 0x18: [mem 0xf0800000-0xf0803fff pref]
[    0.308685] pci 0000:00:07.0: [8086:7113] type 00 class 0x068000
[    0.309224] pci 0000:00:07.0: quirk: [io  0x4000-0x403f] claimed by PIIX4 ACPI
[    0.309233] pci 0000:00:07.0: quirk: [io  0x4100-0x410f] claimed by PIIX4 SMB
[    0.309841] pci 0000:00:08.0: [8086:100e] type 00 class 0x020000
[    0.310546] pci 0000:00:08.0: reg 0x10: [mem 0xf0820000-0xf083ffff]
[    0.311454] pci 0000:00:08.0: reg 0x18: [io  0xd060-0xd067]
[    0.315405] pci 0000:00:09.0: [8086:100e] type 00 class 0x020000
[    0.316105] pci 0000:00:09.0: reg 0x10: [mem 0xf0840000-0xf085ffff]
[    0.317345] pci 0000:00:09.0: reg 0x18: [io  0xd068-0xd06f]
[    0.328216] ACPI: PCI Interrupt Link [LNKA] (IRQs 5 9 10 *11)
[    0.328495] ACPI: PCI Interrupt Link [LNKB] (IRQs 5 9 *10 11)
[    0.328600] ACPI: PCI Interrupt Link [LNKC] (IRQs 5 *9 10 11)
[    0.328699] ACPI: PCI Interrupt Link [LNKD] (IRQs 5 9 10 *11)
[    0.328968] iommu: Default domain type: Translated 
[    0.329027] pci 0000:00:02.0: vgaarb: setting as boot VGA device
[    0.329030] pci 0000:00:02.0: vgaarb: VGA device added: decodes=io+mem,owns=io+mem,locks=none
[    0.329031] pci 0000:00:02.0: vgaarb: bridge control possible
[    0.329032] vgaarb: loaded
[    0.329241] SCSI subsystem initialized
[    0.329272] libata version 3.00 loaded.
[    0.329294] ACPI: bus type USB registered
[    0.329310] usbcore: registered new interface driver usbfs
[    0.329316] usbcore: registered new interface driver hub
[    0.329322] usbcore: registered new device driver usb
[    0.329347] pps_core: LinuxPPS API ver. 1 registered
[    0.329348] pps_core: Software ver. 5.3.6 - Copyright 2005-2007 Rodolfo Giometti <giometti@linux.it>
[    0.329350] PTP clock support registered
[    0.329388] EDAC MC: Ver: 3.0.0
[    0.329669] PCI: Using ACPI for IRQ routing
[    0.329671] PCI: pci_cache_line_size set to 64 bytes
[    0.329843] e820: reserve RAM buffer [mem 0x0009fc00-0x0009ffff]
[    0.329847] e820: reserve RAM buffer [mem 0x7fff0000-0x7fffffff]
[    0.330660] NetLabel: Initializing
[    0.330661] NetLabel:  domain hash size = 128
[    0.330661] NetLabel:  protocols = UNLABELED CIPSOv4 CALIPSO
[    0.330681] NetLabel:  unlabeled traffic allowed by default
[    0.331637] clocksource: Switched to clocksource kvm-clock
[    0.345764] *** VALIDATE bpf ***
[    0.345822] VFS: Disk quotas dquot_6.6.0
[    0.345835] VFS: Dquot-cache hash table entries: 512 (order 0, 4096 bytes)
[    0.345857] *** VALIDATE ramfs ***
[    0.345860] *** VALIDATE hugetlbfs ***
[    0.345938] AppArmor: AppArmor Filesystem Enabled
[    0.345962] pnp: PnP ACPI init
[    0.346021] pnp 00:00: Plug and Play ACPI device, IDs PNP0303 (active)
[    0.346085] pnp 00:01: Plug and Play ACPI device, IDs PNP0f03 (active)
[    0.346827] pnp: PnP ACPI: found 2 devices
[    0.347186] thermal_sys: Registered thermal governor 'fair_share'
[    0.347186] thermal_sys: Registered thermal governor 'bang_bang'
[    0.347186] thermal_sys: Registered thermal governor 'step_wise'
[    0.347186] thermal_sys: Registered thermal governor 'user_space'
[    0.347186] thermal_sys: Registered thermal governor 'power_allocator'
[    0.352379] clocksource: acpi_pm: mask: 0xffffff max_cycles: 0xffffff, max_idle_ns: 2085701024 ns
[    0.352435] pci_bus 0000:00: resource 4 [io  0x0000-0x0cf7 window]
[    0.352437] pci_bus 0000:00: resource 5 [io  0x0d00-0xffff window]
[    0.352439] pci_bus 0000:00: resource 6 [mem 0x000a0000-0x000bffff window]
[    0.352440] pci_bus 0000:00: resource 7 [mem 0x80000000-0xfdffffff window]
[    0.352518] NET: Registered protocol family 2
[    0.352608] IP idents hash table entries: 32768 (order: 6, 262144 bytes, linear)
[    0.353142] MPTCP tokens hash table entries: 8192 (order: 4, 65536 bytes, linear)
[    0.353164] MPTCP request tokens hash table entries: 8192 (order: 4, 65536 bytes, linear)
[    0.353194] default registered
[    0.353195] default registered
[    0.353195] MPTCP: Stable release v0.96
[    0.353201] tcp_listen_portaddr_hash hash table entries: 1024 (order: 2, 16384 bytes, linear)
[    0.353289] TCP established hash table entries: 16384 (order: 5, 131072 bytes, linear)
[    0.353359] TCP bind hash table entries: 16384 (order: 6, 262144 bytes, linear)
[    0.353389] TCP: Hash tables configured (established 16384 bind 16384)
[    0.354136] UDP hash table entries: 1024 (order: 3, 32768 bytes, linear)
[    0.354149] UDP-Lite hash table entries: 1024 (order: 3, 32768 bytes, linear)
[    0.354186] NET: Registered protocol family 1
[    0.354196] NET: Registered protocol family 44
[    0.354219] pci 0000:00:00.0: Limiting direct PCI/PCI transfers
[    0.354234] pci 0000:00:01.0: Activating ISA DMA hang workarounds
[    0.354300] pci 0000:00:02.0: Video device with shadowed ROM at [mem 0x000c0000-0x000dffff]
[    0.354384] PCI: CLS 0 bytes, default 64
[    0.354439] Trying to unpack rootfs image as initramfs...
[    0.527263] Freeing initrd memory: 47868K
[    0.527263] clocksource: tsc: mask: 0xffffffffffffffff max_cycles: 0x1e4530a99b6, max_idle_ns: 440795257976 ns
[    0.527263] clocksource: Switched to clocksource tsc
[    0.527263] platform rtc_cmos: registered platform RTC device (no PNP device found)
[    0.527263] check: Scanning for low memory corruption every 60 seconds
[    0.527263] Initialise system trusted keyrings
[    0.527263] Key type blacklist registered
[    0.527263] workingset: timestamp_bits=36 max_order=19 bucket_order=0
[    0.527263] zbud: loaded
[    0.527263] squashfs: version 4.0 (2009/01/31) Phillip Lougher
[    0.527263] fuse: init (API version 7.31)
[    0.527263] *** VALIDATE fuse ***
[    0.527263] *** VALIDATE fuse ***
[    0.527263] Platform Keyring initialized
[    0.540006] Key type asymmetric registered
[    0.540007] Asymmetric key parser 'x509' registered
[    0.540024] Block layer SCSI generic (bsg) driver version 0.4 loaded (major 244)
[    0.540066] io scheduler mq-deadline registered
[    0.540206] shpchp: Standard Hot Plug PCI Controller Driver version: 0.4
[    0.540442] ACPI: AC Adapter [AC] (on-line)
[    0.540487] input: Power Button as /devices/LNXSYSTM:00/LNXPWRBN:00/input/input0
[    0.540516] ACPI: Power Button [PWRF]
[    0.540596] input: Sleep Button as /devices/LNXSYSTM:00/LNXSLPBN:00/input/input1
[    0.540612] ACPI: Sleep Button [SLPF]
[    0.540830] Serial: 8250/16550 driver, 32 ports, IRQ sharing enabled
[    0.542277] Linux agpgart interface v0.103
[    0.635202] loop: module loaded
[    0.635364] ata_piix 0000:00:01.1: version 2.13
[    0.635781] scsi host0: ata_piix
[    0.635876] scsi host1: ata_piix
[    0.635902] ata1: PATA max UDMA/33 cmd 0x1f0 ctl 0x3f6 bmdma 0xd000 irq 14
[    0.635903] ata2: PATA max UDMA/33 cmd 0x170 ctl 0x376 bmdma 0xd008 irq 15
[    0.635985] tun: Universal TUN/TAP device driver, 1.6
[    0.636294] PPP generic driver version 2.4.2
[    0.636340] VFIO - User Level meta-driver version: 0.3
[    0.636610] ehci_hcd: USB 2.0 'Enhanced' Host Controller (EHCI) Driver
[    0.636616] ehci-pci: EHCI PCI platform driver
[    0.636633] ehci-platform: EHCI generic platform driver
[    0.636639] ohci_hcd: USB 1.1 'Open' Host Controller (OHCI) Driver
[    0.636640] ohci-pci: OHCI PCI platform driver
[    0.636648] ohci-platform: OHCI generic platform driver
[    0.636652] uhci_hcd: USB Universal Host Controller Interface driver
[    0.636719] i8042: PNP: PS/2 Controller [PNP0303:PS2K,PNP0f03:PS2M] at 0x60,0x64 irq 1,12
[    0.637165] serio: i8042 KBD port at 0x60,0x64 irq 1
[    0.637169] serio: i8042 AUX port at 0x60,0x64 irq 12
[    0.637278] mousedev: PS/2 mouse device common for all mice
[    0.637569] input: AT Translated Set 2 keyboard as /devices/platform/i8042/serio0/input/input2
[    0.637998] rtc_cmos rtc_cmos: registered as rtc0
[    0.638014] rtc_cmos rtc_cmos: alarms up to one day, 114 bytes nvram
[    0.638021] i2c /dev entries driver
[    0.638072] device-mapper: uevent: version 1.0.3
[    0.638119] device-mapper: ioctl: 4.41.0-ioctl (2019-09-16) initialised: dm-devel@redhat.com
[    0.638135] platform eisa.0: Probing EISA bus 0
[    0.638137] platform eisa.0: EISA: Cannot allocate resource for mainboard
[    0.638138] platform eisa.0: Cannot allocate resource for EISA slot 1
[    0.638139] platform eisa.0: Cannot allocate resource for EISA slot 2
[    0.638140] platform eisa.0: Cannot allocate resource for EISA slot 3
[    0.638141] platform eisa.0: Cannot allocate resource for EISA slot 4
[    0.638142] platform eisa.0: Cannot allocate resource for EISA slot 5
[    0.638143] platform eisa.0: Cannot allocate resource for EISA slot 6
[    0.638144] platform eisa.0: Cannot allocate resource for EISA slot 7
[    0.638145] platform eisa.0: Cannot allocate resource for EISA slot 8
[    0.638146] platform eisa.0: EISA: Detected 0 cards
[    0.638149] intel_pstate: CPU model not supported
[    0.638159] ledtrig-cpu: registered to indicate activity on CPUs
[    0.638220] drop_monitor: Initializing network drop monitor service
[    0.638395] NET: Registered protocol family 10
[    0.643367] Segment Routing with IPv6
[    0.643367] fullmesh registered
[    0.643367] ndiffports registered
[    0.643367] binder registered
[    0.643367] roundrobin registered
[    0.643367] redundant registered
[    0.643367] blest registered
[    0.643367] ecf registered
[    0.643367] NET: Registered protocol family 17
[    0.643367] Key type dns_resolver registered
[    0.643367] RAS: Correctable Errors collector initialized.
[    0.643367] IPI shorthand broadcast: enabled
[    0.643367] sched_clock: Marking stable (628230151, 11137730)->(639181431, 186450)
[    0.645101] registered taskstats version 1
[    0.645114] Loading compiled-in X.509 certificates
[    0.645825] Loaded X.509 cert 'Build time autogenerated kernel key: 6909f3744cebb3d0de528d5887b96a727de79b1e'
[    0.645843] zswap: loaded using pool lzo/zbud
[    0.645898] Key type ._fscrypt registered
[    0.645899] Key type .fscrypt registered
[    0.650409] Key type big_key registered
[    0.652658] Key type encrypted registered
[    0.652660] AppArmor: AppArmor sha1 policy hashing enabled
[    0.652669] ima: No TPM chip found, activating TPM-bypass!
[    0.652673] ima: Allocated hash algorithm: sha1
[    0.652678] ima: No architecture policies found
[    0.652687] evm: Initialising EVM extended attributes:
[    0.652688] evm: security.selinux
[    0.652689] evm: security.SMACK64
[    0.652689] evm: security.SMACK64EXEC
[    0.652689] evm: security.SMACK64TRANSMUTE
[    0.652690] evm: security.SMACK64MMAP
[    0.652690] evm: security.apparmor
[    0.652691] evm: security.ima
[    0.652692] evm: security.capability
[    0.652692] evm: HMAC attrs: 0x1
[    0.652985] PM:   Magic number: 10:829:651
[    0.653022] acpi PNP0A03:00: hash matches
[    0.653114] rtc_cmos rtc_cmos: setting system clock to 2026-01-14T21:38:40 UTC (1768426720)
[    0.806810] ata1.00: ATA-6: VBOX HARDDISK, 1.0, max UDMA/133
[    0.806812] ata1.00: 209715200 sectors, multi 128: LBA 
[    0.807275] scsi 0:0:0:0: Direct-Access     ATA      VBOX HARDDISK    1.0  PQ: 0 ANSI: 5
[    0.807472] sd 0:0:0:0: [sda] 209715200 512-byte logical blocks: (107 GB/100 GiB)
[    0.807482] sd 0:0:0:0: [sda] Write Protect is off
[    0.807484] sd 0:0:0:0: [sda] Mode Sense: 00 3a 00 00
[    0.807499] sd 0:0:0:0: [sda] Write cache: enabled, read cache: enabled, doesn't support DPO or FUA
[    0.807684] sd 0:0:0:0: Attached scsi generic sg0 type 0
[    0.808655]  sda: sda1 sda2
[    0.819302] sd 0:0:0:0: [sda] Attached SCSI disk
[    0.821395] Freeing unused decrypted memory: 2040K
[    0.822178] Freeing unused kernel image memory: 2728K
[    0.822180] Write protecting the kernel read-only data: 22528k
[    0.822945] Freeing unused kernel image memory: 2036K
[    0.823388] Freeing unused kernel image memory: 1432K
[    0.838374] x86/mm: Checked W+X mappings: passed, no W+X pages found.
[    0.838378] Run /init as init process
[    0.955387] ACPI: Video Device [GFX0] (multi-head: yes  rom: no  post: no)
[    0.955468] input: Video Bus as /devices/LNXSYSTM:00/LNXSYBUS:00/PNP0A03:00/LNXVIDEO:00/input/input4
[    0.973983] pcnet32: pcnet32.c:v1.35 21.Apr.2008 tsbogend@alpha.franken.de
[    0.976082] piix4_smbus 0000:00:07.0: SMBus Host Controller at 0x4100, revision 0
[    0.979259] e1000: Intel(R) PRO/1000 Network Driver - version 7.3.21-k8-NAPI
[    0.979260] e1000: Copyright (c) 1999-2006 Intel Corporation.
[    0.990066] pcnet32: PCnet/FAST III 79C973 at 0xd020, 08:00:27:1c:9b:42 assigned IRQ 19
[    0.990110] pcnet32: Found PHY 0022:561b at address 0
[    0.990428] pcnet32: eth0: registered as PCnet/FAST III 79C973
[    0.997087] pcnet32: 1 cards_found
[    1.050003] pcnet32 0000:00:03.0 enp0s3: renamed from eth0
[    1.193665] input: ImExPS/2 Generic Explorer Mouse as /devices/platform/i8042/serio1/input/input5
[    1.395867] e1000 0000:00:08.0 eth0: (PCI:33MHz:32-bit) 08:00:27:e9:3a:a7
[    1.395872] e1000 0000:00:08.0 eth0: Intel(R) PRO/1000 Network Connection
[    1.771552] e1000 0000:00:09.0 eth1: (PCI:33MHz:32-bit) 08:00:27:0a:d6:20
[    1.771556] e1000 0000:00:09.0 eth1: Intel(R) PRO/1000 Network Connection
[    1.772697] e1000 0000:00:08.0 enp0s8: renamed from eth0
[    1.774512] e1000 0000:00:09.0 enp0s9: renamed from eth1
[    1.935903] EXT4-fs (sda2): mounted filesystem with ordered data mode. Opts: (null)
[    2.031635] systemd[1]: Inserted module 'autofs4'
[    2.043367] systemd[1]: systemd 245.4-4ubuntu3 running in system mode. (+PAM +AUDIT +SELINUX +IMA +APPARMOR +SMACK +SYSVINIT +UTMP +LIBCRYPTSETUP +GCRYPT +GNUTLS +ACL +XZ +LZ4 +SECCOMP +BLKID +ELFUTILS +KMOD +IDN2 -IDN +PCRE2 default-hierarchy=hybrid)
[    2.043399] systemd[1]: Detected virtualization oracle.
[    2.043402] systemd[1]: Detected architecture x86-64.
[    2.044677] systemd[1]: Set hostname to <ztg>.
[    2.172121] systemd[1]: /lib/systemd/system/dbus.socket:5: ListenStream= references a path below legacy directory /var/run/, updating /var/run/dbus/system_bus_socket â†’ /run/dbus/system_bus_socket; please update the unit file accordingly.
[    2.225264] systemd[1]: Created slice system-modprobe.slice.
[    2.225447] systemd[1]: Created slice User and Session Slice.
[    2.225491] systemd[1]: Started Forward Password Requests to Wall Directory Watch.
[    2.225651] systemd[1]: Set up automount Arbitrary Executable File Formats File System Automount Point.
[    2.225685] systemd[1]: Reached target User and Group Name Lookups.
[    2.225694] systemd[1]: Reached target Remote File Systems.
[    2.225702] systemd[1]: Reached target Slices.
[    2.226246] systemd[1]: Listening on Syslog Socket.
[    2.226313] systemd[1]: Listening on fsck to fsckd communication Socket.
[    2.226353] systemd[1]: Listening on initctl Compatibility Named Pipe.
[    2.226506] systemd[1]: Listening on Journal Audit Socket.
[    2.226557] systemd[1]: Listening on Journal Socket (/dev/log).
[    2.226623] systemd[1]: Listening on Journal Socket.
[    2.226689] systemd[1]: Listening on udev Control Socket.
[    2.226727] systemd[1]: Listening on udev Kernel Socket.
[    2.227519] systemd[1]: Mounting Huge Pages File System...
[    2.228407] systemd[1]: Mounting POSIX Message Queue File System...
[    2.229269] systemd[1]: Mounting Kernel Debug File System...
[    2.230109] systemd[1]: Mounting Kernel Trace File System...
[    2.232020] systemd[1]: Starting Journal Service...
[    2.256493] systemd[1]: Starting Set the console keyboard layout...
[    2.264944] systemd[1]: Starting Create list of static device nodes for the current kernel...
[    2.266765] systemd[1]: Starting Load Kernel Module drm...
[    2.267753] systemd[1]: Condition check resulted in Set Up Additional Binary Formats being skipped.
[    2.267795] systemd[1]: Condition check resulted in File System Check on Root Device being skipped.
[    2.279866] systemd[1]: Starting Load Kernel Modules...
[    2.289002] systemd[1]: Starting Remount Root and Kernel File Systems...
[    2.296006] systemd[1]: Starting udev Coldplug all Devices...
[    2.308307] systemd[1]: Starting Uncomplicated firewall...
[    2.309888] systemd[1]: Mounted Huge Pages File System.
[    2.309979] systemd[1]: Mounted POSIX Message Queue File System.
[    2.310052] systemd[1]: Mounted Kernel Debug File System.
[    2.310123] systemd[1]: Mounted Kernel Trace File System.
[    2.311041] EXT4-fs (sda2): re-mounted. Opts: errors=remount-ro
[    2.321297] systemd[1]: Finished Create list of static device nodes for the current kernel.
[    2.322111] systemd[1]: modprobe@drm.service: Succeeded.
[    2.343149] systemd[1]: Finished Load Kernel Module drm.
[    2.343750] systemd[1]: Finished Remount Root and Kernel File Systems.
[    2.359004] systemd[1]: Finished Uncomplicated firewall.
[    2.375774] lp: driver loaded but no devices found
[    2.379159] systemd[1]: Condition check resulted in Rebuild Hardware Database being skipped.
[    2.379201] systemd[1]: Condition check resulted in Platform Persistent Storage Archival being skipped.
[    2.379888] systemd[1]: Starting Load/Save Random Seed...
[    2.384868] systemd[1]: Starting Create System Users...
[    2.389906] ppdev: user-space parallel port driver
[    2.399437] systemd[1]: Finished Load/Save Random Seed.
[    2.405456] systemd[1]: Finished Create System Users.
[    2.407502] systemd[1]: Starting Create Static Device Nodes in /dev...
[    2.464803] systemd[1]: Finished udev Coldplug all Devices.
[    2.467030] [drm] DMA map mode: Caching DMA mappings.
[    2.467091] [drm] Capabilities:
[    2.467091] [drm]   Rect copy.
[    2.467092] [drm]   Cursor.
[    2.467092] [drm]   Cursor bypass.
[    2.467092] [drm]   Cursor bypass 2.
[    2.467093] [drm]   Alpha cursor.
[    2.467093] [drm]   Extended Fifo.
[    2.467094] [drm]   Pitchlock.
[    2.467094] [drm]   Irq mask.
[    2.467094] [drm]   GMR.
[    2.467095] [drm]   Traces.
[    2.467095] [drm]   GMR2.
[    2.467095] [drm]   Screen Object 2.
[    2.467096] [drm]   Command Buffers.
[    2.467096] [drm]   Command Buffers 2.
[    2.467096] [drm]   Guest Backed Resources.
[    2.467097] [drm] Max GMR ids is 8192
[    2.467098] [drm] Max number of GMR pages is 1048576
[    2.467099] [drm] Max dedicated hypervisor surface memory is 393216 kiB
[    2.467099] [drm] Maximum display memory size is 131072 kiB
[    2.467100] [drm] VRAM at 0xe0000000 size is 131072 kiB
[    2.467101] [drm] MMIO at 0xf0000000 size is 2048 kiB
[    2.467922] [TTM] Zone  kernel: Available graphics memory: 1011738 KiB
[    2.467923] [TTM] Initializing pool allocator
[    2.467927] [TTM] Initializing DMA pool allocator
[    2.467954] [drm] Supports vblank timestamp caching Rev 2 (21.10.2013).
[    2.467954] [drm] No driver support for vblank timestamp query.
[    2.468175] [drm] Screen Target Display device initialized
[    2.468387] [drm] width 720
[    2.468396] [drm] height 400
[    2.468399] [drm] bpp 32
[    2.468919] [drm] Fifo max 0x00200000 min 0x00001000 cap 0x00000355
[    2.470111] [drm] Using command buffers with DMA pool.
[    2.470114] [drm] DX: no.
[    2.470115] [drm] Atomic: yes.
[    2.470115] [drm] SM4_1: no.
[    2.470136] [drm:vmw_host_log [vmwgfx]] *ERROR* Failed to send host log message.
[    2.471024] [drm:vmw_host_log [vmwgfx]] *ERROR* Failed to send host log message.
[    2.473539] systemd[1]: Finished Create Static Device Nodes in /dev.
[    2.474476] systemd[1]: Starting udev Kernel Device Manager...
[    2.487167] fbcon: svgadrmfb (fb0) is primary device
[    2.490481] Console: switching to colour frame buffer device 100x37
[    2.495773] [drm] Initialized vmwgfx 2.15.0 20180704 for 0000:00:02.0 on minor 0
[    2.496994] systemd[1]: Finished Load Kernel Modules.
[    2.497926] systemd[1]: Mounting FUSE Control File System...
[    2.499572] systemd[1]: Mounting Kernel Configuration File System...
[    2.540514] systemd[1]: Starting Apply Kernel Variables...
[    2.541256] systemd[1]: Mounted FUSE Control File System.
[    2.541338] systemd[1]: Condition check resulted in VMware vmblock fuse mount being skipped.
[    2.546331] systemd[1]: Mounted Kernel Configuration File System.
[    2.552974] systemd[1]: Finished Set the console keyboard layout.
[    2.553067] systemd[1]: Reached target Local File Systems (Pre).
[    2.555283] systemd[1]: Mounting Mount unit for bare, revision 5...
[    2.558122] systemd[1]: Mounting Mount unit for core18, revision 1705...
[    2.564011] systemd[1]: Mounting Mount unit for gnome-3-34-1804, revision 24...
[    2.574929] systemd[1]: Mounting Mount unit for gtk-common-themes, revision 1506...
[    2.601066] systemd[1]: Mounting Mount unit for gtk-common-themes, revision 1535...
[    2.609843] systemd[1]: Mounting Mount unit for snap-store, revision 433...
[    2.613970] systemd[1]: Mounting Mount unit for snapd, revision 25935...
[    2.626861] systemd[1]: Finished Apply Kernel Variables.
[    2.628575] systemd[1]: Mounted Mount unit for bare, revision 5.
[    2.632445] systemd[1]: Mounted Mount unit for core18, revision 1705.
[    2.632537] systemd[1]: Mounted Mount unit for gnome-3-34-1804, revision 24.
[    2.646562] systemd[1]: Mounted Mount unit for gtk-common-themes, revision 1506.
[    2.657785] systemd[1]: Mounted Mount unit for gtk-common-themes, revision 1535.
[    2.663619] systemd[1]: Mounted Mount unit for snap-store, revision 433.
[    2.666694] systemd[1]: Mounted Mount unit for snapd, revision 25935.
[    2.666757] systemd[1]: Reached target Local File Systems.
[    2.670760] systemd[1]: Starting Load AppArmor profiles...
[    2.689155] systemd[1]: Starting Set console font and keymap...
[    2.700445] systemd[1]: Starting Tell Plymouth To Write Out Runtime Data...
[    2.700483] systemd[1]: Condition check resulted in Store a System Token in an EFI Variable being skipped.
[    2.700520] systemd[1]: Condition check resulted in Commit a transient machine-id on disk being skipped.
[    2.700638] systemd[1]: Started udev Kernel Device Manager.
[    2.705877] systemd[1]: Starting Show Plymouth Boot Screen...
[    2.714994] systemd[1]: Finished Set console font and keymap.
[    2.715204] systemd[1]: plymouth-read-write.service: Succeeded.
[    2.715478] systemd[1]: Finished Tell Plymouth To Write Out Runtime Data.
[    2.716033] systemd[1]: Received SIGRTMIN+20 from PID 290 (plymouthd).
[    2.727344] systemd[1]: Started Show Plymouth Boot Screen.
[    2.727489] systemd[1]: Condition check resulted in Dispatch Password Requests to Console Directory Watch being skipped.
[    2.727572] systemd[1]: Started Forward Password Requests to Plymouth Directory Watch.
[    2.727602] systemd[1]: Reached target Local Encrypted Volumes.
[    2.744172] audit: type=1400 audit(1768426722.588:2): apparmor="STATUS" operation="profile_load" profile="unconfined" name="nvidia_modprobe" pid=297 comm="apparmor_parser"
[    2.744175] audit: type=1400 audit(1768426722.588:3): apparmor="STATUS" operation="profile_load" profile="unconfined" name="nvidia_modprobe//kmod" pid=297 comm="apparmor_parser"
[    2.753251] audit: type=1400 audit(1768426722.596:4): apparmor="STATUS" operation="profile_load" profile="unconfined" name="/usr/sbin/tcpdump" pid=298 comm="apparmor_parser"
[    2.808637] audit: type=1400 audit(1768426722.644:5): apparmor="STATUS" operation="profile_load" profile="unconfined" name="/usr/bin/evince" pid=300 comm="apparmor_parser"
[    2.808640] audit: type=1400 audit(1768426722.644:6): apparmor="STATUS" operation="profile_load" profile="unconfined" name="/usr/bin/evince//sanitized_helper" pid=300 comm="apparmor_parser"
[    2.808642] audit: type=1400 audit(1768426722.644:7): apparmor="STATUS" operation="profile_load" profile="unconfined" name="/usr/bin/evince-previewer" pid=300 comm="apparmor_parser"
[    2.808644] audit: type=1400 audit(1768426722.644:8): apparmor="STATUS" operation="profile_load" profile="unconfined" name="/usr/bin/evince-previewer//sanitized_helper" pid=300 comm="apparmor_parser"
[    2.808645] audit: type=1400 audit(1768426722.644:9): apparmor="STATUS" operation="profile_load" profile="unconfined" name="/usr/bin/evince-thumbnailer" pid=300 comm="apparmor_parser"
[    2.825466] audit: type=1400 audit(1768426722.668:10): apparmor="STATUS" operation="profile_load" profile="unconfined" name="/usr/lib/cups/backend/cups-pdf" pid=305 comm="apparmor_parser"
[    2.916483] systemd[1]: Finished Load AppArmor profiles.
[    2.917457] systemd[1]: Starting Load AppArmor profiles managed internally by snapd...
[    3.029111] systemd[1]: Finished Load AppArmor profiles managed internally by snapd.
[    3.242642] systemd[1]: Started Journal Service.
[    3.251948] systemd-journald[229]: Received client request to flush runtime journal.
[    3.255311] systemd-journald[229]: File /var/log/journal/c455b248004a419c87ce85eea238d727/system.journal corrupted or uncleanly shut down, renaming and replacing.
[    4.647032] RAPL PMU: API unit is 2^-32 Joules, 0 fixed counters, 10737418240 ms ovfl timer
[    4.726007] cryptd: max_cpu_qlen set to 1000
[    4.738159] AVX2 version of gcm_enc/dec engaged.
[    4.738160] AES CTR mode by8 optimization enabled
[    6.650508] Adding 1998844k swap on /dev/sda1.  Priority:-2 extents:1 across:1998844k FS
[    8.000731] kauditd_printk_skb: 30 callbacks suppressed
[    8.000732] audit: type=1400 audit(1768426727.840:41): apparmor="DENIED" operation="capable" profile="/usr/sbin/cups-browsed" pid=508 comm="cups-browsed" capability=23  capname="sys_nice"
[    9.155473] pcnet32 0000:00:03.0 enp0s3: link up, 100Mbps, full-duplex
[    9.201405] e1000: enp0s8 NIC Link is Up 1000 Mbps Full Duplex, Flow Control: RX
[    9.201701] IPv6: ADDRCONF(NETDEV_CHANGE): enp0s8: link becomes ready
[    9.220035] e1000: enp0s9 NIC Link is Up 1000 Mbps Full Duplex, Flow Control: RX
[    9.220338] IPv6: ADDRCONF(NETDEV_CHANGE): enp0s9: link becomes ready
[    9.929327] device enp0s3 entered promiscuous mode
[    9.958040] audit: type=1400 audit(1768426729.796:42): apparmor="DENIED" operation="open" profile="/usr/sbin/tcpdump" name="/proc/sys/kernel/random/boot_id" pid=670 comm="tcpdump" requested_mask="r" denied_mask="r" fsuid=0 ouid=0
[    9.958301] audit: type=1400 audit(1768426729.796:43): apparmor="DENIED" operation="open" profile="/usr/sbin/tcpdump" name="/proc/sys/kernel/random/boot_id" pid=670 comm="tcpdump" requested_mask="r" denied_mask="r" fsuid=0 ouid=0
[    9.958356] audit: type=1400 audit(1768426729.796:44): apparmor="DENIED" operation="open" profile="/usr/sbin/tcpdump" name="/proc/sys/kernel/random/boot_id" pid=670 comm="tcpdump" requested_mask="r" denied_mask="r" fsuid=0 ouid=0
[    9.958412] audit: type=1400 audit(1768426729.796:45): apparmor="DENIED" operation="open" profile="/usr/sbin/tcpdump" name="/proc/sys/kernel/random/boot_id" pid=670 comm="tcpdump" requested_mask="r" denied_mask="r" fsuid=0 ouid=0
[    9.966829] audit: type=1400 audit(1768426729.808:46): apparmor="DENIED" operation="open" profile="/usr/sbin/tcpdump" name="/proc/sys/kernel/random/boot_id" pid=671 comm="tcpdump" requested_mask="r" denied_mask="r" fsuid=0 ouid=0
[    9.966910] audit: type=1400 audit(1768426729.808:47): apparmor="DENIED" operation="open" profile="/usr/sbin/tcpdump" name="/proc/sys/kernel/random/boot_id" pid=671 comm="tcpdump" requested_mask="r" denied_mask="r" fsuid=0 ouid=0
[    9.966948] audit: type=1400 audit(1768426729.808:48): apparmor="DENIED" operation="open" profile="/usr/sbin/tcpdump" name="/proc/sys/kernel/random/boot_id" pid=671 comm="tcpdump" requested_mask="r" denied_mask="r" fsuid=0 ouid=0
[    9.966966] audit: type=1400 audit(1768426729.808:49): apparmor="DENIED" operation="open" profile="/usr/sbin/tcpdump" name="/proc/sys/kernel/random/boot_id" pid=671 comm="tcpdump" requested_mask="r" denied_mask="r" fsuid=0 ouid=0
[   15.841824] rfkill: input handler disabled
[  182.004133] AAAAA-TCP_FORW: name:enp0s3: saddr:100932208: daddr:16783984
[  183.007080] AAAAA-TCP_FORW: name:enp0s3: saddr:100932208: daddr:16783984
[  316.414047] AAAAA-TCP_FORW: name:enp0s3: saddr:16783984: daddr:100932208
[  316.563888] AAAAA-TCP_FORW: name:enp0s3: saddr:33561200: daddr:100932208
[  316.660512] AAAAA-TCP_FORW: name:enp0s3: saddr:16783984: daddr:100932208
[  316.772433] AAAAA-TCP_FORW: name:enp0s3: saddr:33561200: daddr:100932208
[  316.868171] AAAAA-TCP_FORW: name:enp0s3: saddr:16783984: daddr:100932208
[  317.023768] AAAAA-TCP_FORW: name:enp0s3: saddr:33561200: daddr:100932208
[  317.707554] AAAAA-TCP_FORW: name:enp0s3: saddr:16783984: daddr:100932208
[  318.167015] AAAAA-TCP_FORW: name:enp0s3: saddr:33561200: daddr:100932208
[  318.277051] AAAAA-TCP_FORW: name:enp0s3: saddr:16783984: daddr:100932208
[  318.463527] AAAAA-TCP_FORW: name:enp0s3: saddr:33561200: daddr:100932208
[  318.534419] AAAAA-TCP_FORW: name:enp0s3: saddr:16783984: daddr:100932208
[  318.807048] AAAAA-TCP_FORW: name:enp0s3: saddr:16783984: daddr:100932208
[  320.126963] AAAAA-TCP_FORW: name:enp0s3: saddr:16783984: daddr:100932208
[  320.205482] AAAAA-TCP_FORW: name:enp0s3: saddr:16783984: daddr:100932208
[  321.240028] AAAAA-TCP_FORW: name:enp0s3: saddr:16783984: daddr:100932208
[  321.439187] AAAAA-TCP_FORW: name:enp0s3: saddr:16783984: daddr:100932208
[  321.613887] AAAAA-TCP_FORW: name:enp0s3: saddr:16783984: daddr:100932208
[  321.719734] AAAAA-TCP_FORW: name:enp0s3: saddr:16783984: daddr:100932208
[  321.877889] AAAAA-TCP_FORW: name:enp0s3: saddr:16783984: daddr:100932208
[  322.150494] AAAAA-TCP_FORW: name:enp0s3: saddr:33561200: daddr:100932208
[  322.418141] AAAAA-TCP_FORW: name:enp0s3: saddr:33561200: daddr:100932208
[  322.590563] AAAAA-TCP_FORW: name:enp0s3: saddr:33561200: daddr:100932208
[  322.669064] AAAAA-TCP_FORW: name:enp0s3: saddr:16783984: daddr:100932208
[  322.721633] AAAAA-TCP_FORW: name:enp0s3: saddr:33561200: daddr:100932208
[  322.830355] AAAAA-TCP_FORW: name:enp0s3: saddr:33561200: daddr:100932208
[  322.887334] AAAAA-TCP_FORW: name:enp0s3: saddr:33561200: daddr:100932208
[  322.927088] AAAAA-TCP_FORW: name:enp0s3: saddr:33561200: daddr:100932208
[  322.958884] AAAAA-TCP_FORW: name:enp0s3: saddr:33561200: daddr:100932208
[  323.000164] AAAAA-TCP_FORW: name:enp0s3: saddr:33561200: daddr:100932208
[  323.134406] AAAAA-TCP_FORW: name:enp0s3: saddr:33561200: daddr:100932208
[  323.269142] AAAAA-TCP_FORW: name:enp0s3: saddr:16783984: daddr:100932208
[  323.312745] AAAAA-TCP_FORW: name:enp0s3: saddr:16783984: daddr:100932208
[  323.493396] AAAAA-TCP_FORW: name:enp0s3: saddr:33561200: daddr:100932208
[  323.558325] AAAAA-TCP_FORW: name:enp0s3: saddr:33561200: daddr:100932208
[  323.664417] AAAAA-TCP_FORW: name:enp0s3: saddr:33561200: daddr:100932208
[  323.916551] AAAAA-TCP_FORW: name:enp0s3: saddr:16783984: daddr:100932208
[  323.978037] AAAAA-TCP_FORW: name:enp0s3: saddr:16783984: daddr:100932208
[  324.026483] AAAAA-TCP_FORW: name:enp0s3: saddr:16783984: daddr:100932208
[  324.124194] AAAAA-TCP_FORW: name:enp0s3: saddr:33561200: daddr:100932208
[  324.359446] AAAAA-TCP_FORW: name:enp0s3: saddr:16783984: daddr:100932208
[  324.440869] AAAAA-TCP_FORW: name:enp0s3: saddr:33561200: daddr:100932208
[  324.524700] AAAAA-TCP_FORW: name:enp0s3: saddr:16783984: daddr:100932208
[  324.571551] AAAAA-TCP_FORW: name:enp0s3: saddr:16783984: daddr:100932208
[  324.695860] AAAAA-TCP_FORW: name:enp0s3: saddr:16783984: daddr:100932208
[  324.945722] AAAAA-TCP_FORW: name:enp0s3: saddr:33561200: daddr:100932208
[  325.053133] AAAAA-TCP_FORW: name:enp0s3: saddr:33561200: daddr:100932208
[  325.266508] AAAAA-TCP_FORW: name:enp0s3: saddr:16783984: daddr:100932208
[  325.331234] AAAAA-TCP_FORW: name:enp0s3: saddr:16783984: daddr:100932208
[  325.458923] AAAAA-TCP_FORW: name:enp0s3: saddr:33561200: daddr:100932208
[  325.575616] AAAAA-TCP_FORW: name:enp0s3: saddr:16783984: daddr:100932208
[  325.756890] AAAAA-TCP_FORW: name:enp0s3: saddr:16783984: daddr:100932208
[  326.053135] AAAAA-TCP_FORW: name:enp0s3: saddr:16783984: daddr:100932208
[  326.291800] AAAAA-TCP_FORW: name:enp0s3: saddr:16783984: daddr:100932208
[  326.660207] AAAAA-TCP_FORW: name:enp0s3: saddr:16783984: daddr:100932208
[  326.873986] AAAAA-TCP_FORW: name:enp0s3: saddr:16783984: daddr:100932208
[  328.047830] AAAAA-TCP_FORW: name:enp0s3: saddr:33561200: daddr:100932208
[  328.144065] AAAAA-TCP_FORW: name:enp0s3: saddr:33561200: daddr:100932208
[  328.235350] AAAAA-TCP_FORW: name:enp0s3: saddr:33561200: daddr:100932208
[  328.390413] AAAAA-TCP_FORW: name:enp0s3: saddr:33561200: daddr:100932208
[  328.630698] AAAAA-TCP_FORW: name:enp0s3: saddr:33561200: daddr:100932208
[  328.727300] AAAAA-TCP_FORW: name:enp0s3: saddr:33561200: daddr:100932208
[  328.909229] AAAAA-TCP_FORW: name:enp0s3: saddr:33561200: daddr:100932208
[  329.003041] AAAAA-TCP_FORW: name:enp0s3: saddr:33561200: daddr:100932208
[  329.068594] AAAAA-TCP_FORW: name:enp0s3: saddr:16783984: daddr:100932208
[  329.134194] AAAAA-TCP_FORW: name:enp0s3: saddr:16783984: daddr:100932208
[  329.210804] AAAAA-TCP_FORW: name:enp0s3: saddr:33561200: daddr:100932208
[  329.294611] AAAAA-TCP_FORW: name:enp0s3: saddr:33561200: daddr:100932208
[  329.324938] AAAAA-TCP_FORW: name:enp0s3: saddr:33561200: daddr:100932208
[  329.395927] AAAAA-TCP_FORW: name:enp0s3: saddr:16783984: daddr:100932208
[  329.463436] AAAAA-TCP_FORW: name:enp0s3: saddr:16783984: daddr:100932208
[  329.543231] AAAAA-TCP_FORW: name:enp0s3: saddr:16783984: daddr:100932208
[  329.632709] AAAAA-TCP_FORW: name:enp0s3: saddr:33561200: daddr:100932208
[  329.663392] AAAAA-TCP_FORW: name:enp0s3: saddr:16783984: daddr:100932208
[  329.666301] AAAAA-TCP_FORW: name:enp0s3: saddr:33561200: daddr:100932208
[  329.696517] AAAAA-TCP_FORW: name:enp0s3: saddr:33561200: daddr:100932208
[  329.726913] AAAAA-TCP_FORW: name:enp0s3: saddr:33561200: daddr:100932208
[  329.790879] AAAAA-TCP_FORW: name:enp0s3: saddr:33561200: daddr:100932208
[  330.015666] AAAAA-TCP_FORW: name:enp0s3: saddr:33561200: daddr:100932208
[  330.117770] AAAAA-TCP_FORW: name:enp0s3: saddr:16783984: daddr:100932208
[  330.167229] AAAAA-TCP_FORW: name:enp0s3: saddr:16783984: daddr:100932208
[  330.246081] AAAAA-TCP_FORW: name:enp0s3: saddr:16783984: daddr:100932208
[  330.334390] AAAAA-TCP_FORW: name:enp0s3: saddr:16783984: daddr:100932208
[  330.406296] AAAAA-TCP_FORW: name:enp0s3: saddr:16783984: daddr:100932208
[  330.584254] AAAAA-TCP_FORW: name:enp0s3: saddr:16783984: daddr:100932208
[  330.794401] AAAAA-TCP_FORW: name:enp0s3: saddr:16783984: daddr:100932208
[  330.862257] AAAAA-TCP_FORW: name:enp0s3: saddr:16783984: daddr:100932208
[  330.996402] AAAAA-TCP_FORW: name:enp0s3: saddr:33561200: daddr:100932208
[  331.098560] AAAAA-TCP_FORW: name:enp0s3: saddr:33561200: daddr:100932208
[  331.239002] AAAAA-TCP_FORW: name:enp0s3: saddr:16783984: daddr:100932208
[  331.370633] AAAAA-TCP_FORW: name:enp0s3: saddr:16783984: daddr:100932208
[  331.440837] AAAAA-TCP_FORW: name:enp0s3: saddr:33561200: daddr:100932208
[  331.574637] AAAAA-TCP_FORW: name:enp0s3: saddr:16783984: daddr:100932208
[  331.637466] AAAAA-TCP_FORW: name:enp0s3: saddr:16783984: daddr:100932208
[  331.697006] AAAAA-TCP_FORW: name:enp0s3: saddr:16783984: daddr:100932208
[  331.732575] AAAAA-TCP_FORW: name:enp0s3: saddr:16783984: daddr:100932208
[  331.780350] AAAAA-TCP_FORW: name:enp0s3: saddr:16783984: daddr:100932208
[  332.048974] AAAAA-TCP_FORW: name:enp0s3: saddr:33561200: daddr:100932208
[  332.172441] AAAAA-TCP_FORW: name:enp0s3: saddr:33561200: daddr:100932208
[  332.264526] AAAAA-TCP_FORW: name:enp0s3: saddr:33561200: daddr:100932208
[  332.323875] AAAAA-TCP_FORW: name:enp0s3: saddr:33561200: daddr:100932208
[  332.462579] AAAAA-TCP_FORW: name:enp0s3: saddr:33561200: daddr:100932208
[  332.587706] AAAAA-TCP_FORW: name:enp0s3: saddr:33561200: daddr:100932208
[  332.769392] AAAAA-TCP_FORW: name:enp0s3: saddr:33561200: daddr:100932208
[  332.919600] AAAAA-TCP_FORW: name:enp0s3: saddr:16783984: daddr:100932208
[  333.068710] AAAAA-TCP_FORW: name:enp0s3: saddr:16783984: daddr:100932208
[  333.128724] AAAAA-TCP_FORW: name:enp0s3: saddr:16783984: daddr:100932208
[  333.270554] AAAAA-TCP_FORW: name:enp0s3: saddr:33561200: daddr:100932208
[  333.494077] AAAAA-TCP_FORW: name:enp0s3: saddr:33561200: daddr:100932208
[  333.560572] AAAAA-TCP_FORW: name:enp0s3: saddr:33561200: daddr:100932208
[  333.703735] AAAAA-TCP_FORW: name:enp0s3: saddr:33561200: daddr:100932208
[  333.872827] AAAAA-TCP_FORW: name:enp0s3: saddr:33561200: daddr:100932208
[  333.993843] AAAAA-TCP_FORW: name:enp0s3: saddr:33561200: daddr:100932208
[  334.165522] AAAAA-TCP_FORW: name:enp0s3: saddr:16783984: daddr:100932208
[  334.246249] AAAAA-TCP_FORW: name:enp0s3: saddr:16783984: daddr:100932208
[  334.302937] AAAAA-TCP_FORW: name:enp0s3: saddr:16783984: daddr:100932208
[  334.449010] AAAAA-TCP_FORW: name:enp0s3: saddr:16783984: daddr:100932208
[  334.483672] AAAAA-TCP_FORW: name:enp0s3: saddr:16783984: daddr:100932208
[  334.552556] AAAAA-TCP_FORW: name:enp0s3: saddr:16783984: daddr:100932208
[  334.648847] AAAAA-TCP_FORW: name:enp0s3: saddr:33561200: daddr:100932208
[  334.712377] AAAAA-TCP_FORW: name:enp0s3: saddr:33561200: daddr:100932208
[  334.811806] AAAAA-TCP_FORW: name:enp0s3: saddr:33561200: daddr:100932208
[  334.898925] AAAAA-TCP_FORW: name:enp0s3: saddr:16783984: daddr:100932208
[  335.071770] AAAAA-TCP_FORW: name:enp0s3: saddr:16783984: daddr:100932208
[  335.180999] AAAAA-TCP_FORW: name:enp0s3: saddr:16783984: daddr:100932208
[  335.315225] AAAAA-TCP_FORW: name:enp0s3: saddr:16783984: daddr:100932208
[  335.366374] AAAAA-TCP_FORW: name:enp0s3: saddr:16783984: daddr:100932208
[  335.431603] AAAAA-TCP_FORW: name:enp0s3: saddr:16783984: daddr:100932208
[  335.500098] AAAAA-TCP_FORW: name:enp0s3: saddr:16783984: daddr:100932208
[  335.632387] AAAAA-TCP_FORW: name:enp0s3: saddr:16783984: daddr:100932208
[  335.774370] AAAAA-TCP_FORW: name:enp0s3: saddr:16783984: daddr:100932208
[  335.864608] AAAAA-TCP_FORW: name:enp0s3: saddr:33561200: daddr:100932208
[  336.089759] AAAAA-TCP_FORW: name:enp0s3: saddr:33561200: daddr:100932208
[  336.313877] AAAAA-TCP_FORW: name:enp0s3: saddr:33561200: daddr:100932208
[  336.489884] AAAAA-TCP_FORW: name:enp0s3: saddr:33561200: daddr:100932208
[  336.749783] AAAAA-TCP_FORW: name:enp0s3: saddr:33561200: daddr:100932208
[  336.863653] AAAAA-TCP_FORW: name:enp0s3: saddr:16783984: daddr:100932208
[  336.956570] AAAAA-TCP_FORW: name:enp0s3: saddr:16783984: daddr:100932208
[  337.202548] AAAAA-TCP_FORW: name:enp0s3: saddr:33561200: daddr:100932208
[  337.419016] AAAAA-TCP_FORW: name:enp0s3: saddr:33561200: daddr:100932208
[  337.593064] AAAAA-TCP_FORW: name:enp0s3: saddr:33561200: daddr:100932208
[  337.739329] AAAAA-TCP_FORW: name:enp0s3: saddr:33561200: daddr:100932208
[  337.779691] AAAAA-TCP_FORW: name:enp0s3: saddr:16783984: daddr:100932208
[  337.966003] AAAAA-TCP_FORW: name:enp0s3: saddr:16783984: daddr:100932208
[  338.111734] AAAAA-TCP_FORW: name:enp0s3: saddr:16783984: daddr:100932208
[  338.224870] AAAAA-TCP_FORW: name:enp0s3: saddr:16783984: daddr:100932208
[  338.569179] AAAAA-TCP_FORW: name:enp0s3: saddr:33561200: daddr:100932208
[  338.858851] AAAAA-TCP_FORW: name:enp0s3: saddr:16783984: daddr:100932208
[  338.910225] AAAAA-TCP_FORW: name:enp0s3: saddr:16783984: daddr:100932208
[  339.056779] AAAAA-TCP_FORW: name:enp0s3: saddr:16783984: daddr:100932208
[  339.240335] AAAAA-TCP_FORW: name:enp0s3: saddr:16783984: daddr:100932208
[  339.400576] AAAAA-TCP_FORW: name:enp0s3: saddr:16783984: daddr:100932208
[  339.555514] AAAAA-TCP_FORW: name:enp0s3: saddr:16783984: daddr:100932208
[  339.848311] AAAAA-TCP_FORW: name:enp0s3: saddr:33561200: daddr:100932208
[  340.123557] AAAAA-TCP_FORW: name:enp0s3: saddr:33561200: daddr:100932208
[  340.270435] AAAAA-TCP_FORW: name:enp0s3: saddr:33561200: daddr:100932208
[  340.602535] AAAAA-TCP_FORW: name:enp0s3: saddr:33561200: daddr:100932208
[  340.721057] AAAAA-TCP_FORW: name:enp0s3: saddr:16783984: daddr:100932208
[  340.816423] AAAAA-TCP_FORW: name:enp0s3: saddr:33561200: daddr:100932208
[  341.011457] AAAAA-TCP_FORW: name:enp0s3: saddr:33561200: daddr:100932208
[  341.102326] AAAAA-TCP_FORW: name:enp0s3: saddr:33561200: daddr:100932208
[  341.185495] AAAAA-TCP_FORW: name:enp0s3: saddr:16783984: daddr:100932208
[  341.226355] AAAAA-TCP_FORW: name:enp0s3: saddr:33561200: daddr:100932208
[  341.371753] AAAAA-TCP_FORW: name:enp0s3: saddr:16783984: daddr:100932208
[  341.766420] AAAAA-TCP_FORW: name:enp0s3: saddr:33561200: daddr:100932208
[  341.810578] AAAAA-TCP_FORW: name:enp0s3: saddr:16783984: daddr:100932208
[  341.881210] AAAAA-TCP_FORW: name:enp0s3: saddr:33561200: daddr:100932208
[  341.947461] AAAAA-TCP_FORW: name:enp0s3: saddr:33561200: daddr:100932208
[  342.003713] AAAAA-TCP_FORW: name:enp0s3: saddr:33561200: daddr:100932208
[  342.090353] AAAAA-TCP_FORW: name:enp0s3: saddr:33561200: daddr:100932208
[  342.147805] AAAAA-TCP_FORW: name:enp0s3: saddr:33561200: daddr:100932208
[  342.195236] AAAAA-TCP_FORW: name:enp0s3: saddr:33561200: daddr:100932208
[  342.236057] AAAAA-TCP_FORW: name:enp0s3: saddr:33561200: daddr:100932208
[  342.334662] AAAAA-TCP_FORW: name:enp0s3: saddr:33561200: daddr:100932208
[  342.396108] AAAAA-TCP_FORW: name:enp0s3: saddr:33561200: daddr:100932208
[  342.752493] AAAAA-TCP_FORW: name:enp0s3: saddr:33561200: daddr:100932208
[  342.879620] AAAAA-TCP_FORW: name:enp0s3: saddr:33561200: daddr:100932208
[  342.994926] AAAAA-TCP_FORW: name:enp0s3: saddr:33561200: daddr:100932208
[  343.141326] AAAAA-TCP_FORW: name:enp0s3: saddr:33561200: daddr:100932208
[  343.144558] AAAAA-TCP_FORW: name:enp0s3: saddr:33561200: daddr:100932208
[  343.230267] AAAAA-TCP_FORW: name:enp0s3: saddr:16783984: daddr:100932208
[  343.457401] AAAAA-TCP_FORW: name:enp0s3: saddr:16783984: daddr:100932208
[  343.535601] AAAAA-TCP_FORW: name:enp0s3: saddr:33561200: daddr:100932208
[  343.575807] AAAAA-TCP_FORW: name:enp0s3: saddr:33561200: daddr:100932208
[  343.631484] AAAAA-TCP_FORW: name:enp0s3: saddr:33561200: daddr:100932208
[  343.668219] AAAAA-TCP_FORW: name:enp0s3: saddr:33561200: daddr:100932208
[  343.702023] AAAAA-TCP_FORW: name:enp0s3: saddr:33561200: daddr:100932208
[  344.211429] AAAAA-TCP_FORW: name:enp0s3: saddr:33561200: daddr:100932208
[  344.405077] AAAAA-TCP_FORW: name:enp0s3: saddr:33561200: daddr:100932208
[  344.457756] AAAAA-TCP_FORW: name:enp0s3: saddr:16783984: daddr:100932208
[  344.621979] AAAAA-TCP_FORW: name:enp0s3: saddr:33561200: daddr:100932208
[  344.695249] AAAAA-TCP_FORW: name:enp0s3: saddr:33561200: daddr:100932208
[  344.739861] AAAAA-TCP_FORW: name:enp0s3: saddr:33561200: daddr:100932208
[  344.777169] AAAAA-TCP_FORW: name:enp0s3: saddr:33561200: daddr:100932208
[  344.867428] AAAAA-TCP_FORW: name:enp0s3: saddr:33561200: daddr:100932208
[  535.779047] rfkill: input handler enabled
[  545.101836] rfkill: input handler disabled
[  735.485147] device enp0s3 left promiscuous mode
