[    0.000000] Linux version 5.4.243-mptcp (root@ztg) (gcc version 12.2.0 (Debian 12.2.0-14+deb12u1)) #53 SMP Wed Dec 24 23:28:15 CST 2025
[    0.000000] Command line: BOOT_IMAGE=/boot/vmlinuz-5.4.243-mptcp root=UUID=98415a12-53b7-4144-8265-0f7ece09e445 ro quiet splash
[    0.000000] KERNEL supported cpus:
[    0.000000]   Intel GenuineIntel
[    0.000000]   AMD AuthenticAMD
[    0.000000]   Hygon HygonGenuine
[    0.000000]   Centaur CentaurHauls
[    0.000000]   zhaoxin   Shanghai  
[    0.000000] x86/fpu: Supporting XSAVE feature 0x001: 'x87 floating point registers'
[    0.000000] x86/fpu: Supporting XSAVE feature 0x002: 'SSE registers'
[    0.000000] x86/fpu: Supporting XSAVE feature 0x004: 'AVX registers'
[    0.000000] x86/fpu: xstate_offset[2]:  576, xstate_sizes[2]:  256
[    0.000000] x86/fpu: Enabled xstate features 0x7, context size is 832 bytes, using 'standard' format.
[    0.000000] BIOS-provided physical RAM map:
[    0.000000] BIOS-e820: [mem 0x0000000000000000-0x000000000009fbff] usable
[    0.000000] BIOS-e820: [mem 0x000000000009fc00-0x000000000009ffff] reserved
[    0.000000] BIOS-e820: [mem 0x00000000000f0000-0x00000000000fffff] reserved
[    0.000000] BIOS-e820: [mem 0x0000000000100000-0x000000007ffeffff] usable
[    0.000000] BIOS-e820: [mem 0x000000007fff0000-0x000000007fffffff] ACPI data
[    0.000000] BIOS-e820: [mem 0x00000000fec00000-0x00000000fec00fff] reserved
[    0.000000] BIOS-e820: [mem 0x00000000fee00000-0x00000000fee00fff] reserved
[    0.000000] BIOS-e820: [mem 0x00000000fffc0000-0x00000000ffffffff] reserved
[    0.000000] NX (Execute Disable) protection: active
[    0.000000] SMBIOS 2.5 present.
[    0.000000] DMI: innotek GmbH VirtualBox/VirtualBox, BIOS VirtualBox 12/01/2006
[    0.000000] Hypervisor detected: KVM
[    0.000000] kvm-clock: Using msrs 4b564d01 and 4b564d00
[    0.000000] kvm-clock: cpu 0, msr 2b201001, primary cpu clock
[    0.000000] kvm-clock: using sched offset of 4458637947 cycles
[    0.000003] clocksource: kvm-clock: mask: 0xffffffffffffffff max_cycles: 0x1cd42e4dffb, max_idle_ns: 881590591483 ns
[    0.000006] tsc: Detected 2100.000 MHz processor
[    0.001857] e820: update [mem 0x00000000-0x00000fff] usable ==> reserved
[    0.001859] e820: remove [mem 0x000a0000-0x000fffff] usable
[    0.001863] last_pfn = 0x7fff0 max_arch_pfn = 0x400000000
[    0.001933] MTRR default type: uncachable
[    0.001933] MTRR fixed ranges enabled:
[    0.001935]   00000-9FFFF write-back
[    0.001935]   A0000-BFFFF uncachable
[    0.001936]   C0000-FFFFF write-protect
[    0.001937] MTRR variable ranges enabled:
[    0.001938]   0 base 000000000000 mask 3FFF80000000 write-back
[    0.001939]   1 disabled
[    0.001939]   2 disabled
[    0.001940]   3 disabled
[    0.001940]   4 disabled
[    0.001941]   5 disabled
[    0.001941]   6 disabled
[    0.001941]   7 disabled
[    0.001942]   8 disabled
[    0.001942]   9 disabled
[    0.001943]   10 disabled
[    0.001943]   11 disabled
[    0.001944]   12 disabled
[    0.001944]   13 disabled
[    0.001944]   14 disabled
[    0.001945]   15 disabled
[    0.001961] x86/PAT: Configuration [0-7]: WB  WC  UC- UC  WB  WP  UC- WT  
[    0.002102] found SMP MP-table at [mem 0x0009fff0-0x0009ffff]
[    0.091790] check: Scanning 1 areas for low memory corruption
[    0.092017] RAMDISK: [mem 0x32271000-0x3512ffff]
[    0.092025] ACPI: Early table checksum verification disabled
[    0.092030] ACPI: RSDP 0x00000000000E0000 000024 (v02 VBOX  )
[    0.092034] ACPI: XSDT 0x000000007FFF0030 00003C (v01 VBOX   VBOXXSDT 00000001 ASL  00000061)
[    0.092041] ACPI: FACP 0x000000007FFF00F0 0000F4 (v04 VBOX   VBOXFACP 00000001 ASL  00000061)
[    0.092047] ACPI: DSDT 0x000000007FFF02E0 002353 (v02 VBOX   VBOXBIOS 00000002 VBOX 00029BF3)
[    0.092051] ACPI: FACS 0x000000007FFF0200 000040
[    0.092054] ACPI: FACS 0x000000007FFF0200 000040
[    0.092058] ACPI: APIC 0x000000007FFF0240 000054 (v02 VBOX   VBOXAPIC 00000001 ASL  00000061)
[    0.092061] ACPI: SSDT 0x000000007FFF02A0 000038 (v01 VBOX   VBOXCPUT 00000002 VBOX 00029BF3)
[    0.092065] ACPI: Reserving FACP table memory at [mem 0x7fff00f0-0x7fff01e3]
[    0.092065] ACPI: Reserving DSDT table memory at [mem 0x7fff02e0-0x7fff2632]
[    0.092066] ACPI: Reserving FACS table memory at [mem 0x7fff0200-0x7fff023f]
[    0.092067] ACPI: Reserving FACS table memory at [mem 0x7fff0200-0x7fff023f]
[    0.092067] ACPI: Reserving APIC table memory at [mem 0x7fff0240-0x7fff0293]
[    0.092068] ACPI: Reserving SSDT table memory at [mem 0x7fff02a0-0x7fff02d7]
[    0.092082] ACPI: Local APIC address 0xfee00000
[    0.092273] No NUMA configuration found
[    0.092274] Faking a node at [mem 0x0000000000000000-0x000000007ffeffff]
[    0.092284] NODE_DATA(0) allocated [mem 0x7ffc5000-0x7ffeffff]
[    0.092544] Zone ranges:
[    0.092545]   DMA      [mem 0x0000000000001000-0x0000000000ffffff]
[    0.092546]   DMA32    [mem 0x0000000001000000-0x000000007ffeffff]
[    0.092547]   Normal   empty
[    0.092548]   Device   empty
[    0.092549] Movable zone start for each node
[    0.092551] Early memory node ranges
[    0.092551]   node   0: [mem 0x0000000000001000-0x000000000009efff]
[    0.092552]   node   0: [mem 0x0000000000100000-0x000000007ffeffff]
[    0.092555] Zeroed struct page in unavailable ranges: 114 pages
[    0.092556] Initmem setup node 0 [mem 0x0000000000001000-0x000000007ffeffff]
[    0.092557] On node 0 totalpages: 524174
[    0.092558]   DMA zone: 64 pages used for memmap
[    0.092558]   DMA zone: 21 pages reserved
[    0.092559]   DMA zone: 3998 pages, LIFO batch:0
[    0.092631]   DMA32 zone: 8128 pages used for memmap
[    0.092632]   DMA32 zone: 520176 pages, LIFO batch:63
[    0.101554] ACPI: PM-Timer IO Port: 0x4008
[    0.101557] ACPI: Local APIC address 0xfee00000
[    0.101626] IOAPIC[0]: apic_id 1, version 32, address 0xfec00000, GSI 0-23
[    0.101629] ACPI: INT_SRC_OVR (bus 0 bus_irq 0 global_irq 2 dfl dfl)
[    0.101631] ACPI: INT_SRC_OVR (bus 0 bus_irq 9 global_irq 9 low level)
[    0.101633] ACPI: IRQ0 used by override.
[    0.101634] ACPI: IRQ9 used by override.
[    0.101637] Using ACPI (MADT) for SMP configuration information
[    0.101644] smpboot: Allowing 1 CPUs, 0 hotplug CPUs
[    0.101665] PM: Registered nosave memory: [mem 0x00000000-0x00000fff]
[    0.101666] PM: Registered nosave memory: [mem 0x0009f000-0x0009ffff]
[    0.101666] PM: Registered nosave memory: [mem 0x000a0000-0x000effff]
[    0.101667] PM: Registered nosave memory: [mem 0x000f0000-0x000fffff]
[    0.101669] [mem 0x80000000-0xfebfffff] available for PCI devices
[    0.101670] Booting paravirtualized kernel on KVM
[    0.101673] clocksource: refined-jiffies: mask: 0xffffffff max_cycles: 0xffffffff, max_idle_ns: 7645519600211568 ns
[    0.101677] setup_percpu: NR_CPUS:8192 nr_cpumask_bits:1 nr_cpu_ids:1 nr_node_ids:1
[    0.102694] percpu: Embedded 60 pages/cpu s208896 r8192 d28672 u2097152
[    0.102698] pcpu-alloc: s208896 r8192 d28672 u2097152 alloc=1*2097152
[    0.102699] pcpu-alloc: [0] 0 
[    0.102726] Built 1 zonelists, mobility grouping on.  Total pages: 515961
[    0.102726] Policy zone: DMA32
[    0.102727] Kernel command line: BOOT_IMAGE=/boot/vmlinuz-5.4.243-mptcp root=UUID=98415a12-53b7-4144-8265-0f7ece09e445 ro quiet splash
[    0.103557] Dentry cache hash table entries: 262144 (order: 9, 2097152 bytes, linear)
[    0.103703] Inode-cache hash table entries: 131072 (order: 8, 1048576 bytes, linear)
[    0.103754] mem auto-init: stack:off, heap alloc:on, heap free:off
[    0.103757] Calgary: detecting Calgary via BIOS EBDA area
[    0.103758] Calgary: Unable to locate Rio Grande table in EBDA - bailing!
[    0.107831] Memory: 1967332K/2096696K available (14339K kernel code, 2398K rwdata, 4712K rodata, 2728K init, 17260K bss, 129364K reserved, 0K cma-reserved)
[    0.108760] SLUB: HWalign=64, Order=0-3, MinObjects=0, CPUs=1, Nodes=1
[    0.108777] ftrace: allocating 43186 entries in 169 pages
[    0.126824] rcu: Hierarchical RCU implementation.
[    0.126825] rcu: 	RCU restricting CPUs from NR_CPUS=8192 to nr_cpu_ids=1.
[    0.126826] 	Tasks RCU enabled.
[    0.126827] rcu: RCU calculated value of scheduler-enlistment delay is 25 jiffies.
[    0.126828] rcu: Adjusting geometry for rcu_fanout_leaf=16, nr_cpu_ids=1
[    0.129780] NR_IRQS: 524544, nr_irqs: 256, preallocated irqs: 16
[    0.130006] random: crng init done
[    0.139266] Console: colour VGA+ 80x25
[    0.139269] printk: console [tty0] enabled
[    0.139289] ACPI: Core revision 20190816
[    0.139381] APIC: Switch to symmetric I/O mode setup
[    0.139629] x2apic enabled
[    0.139865] Switched APIC routing to physical x2apic.
[    0.140982] ..TIMER: vector=0x30 apic1=0 pin1=2 apic2=-1 pin2=-1
[    0.141006] clocksource: tsc-early: mask: 0xffffffffffffffff max_cycles: 0x1e4530a99b6, max_idle_ns: 440795257976 ns
[    0.141011] Calibrating delay loop (skipped) preset value.. 4200.00 BogoMIPS (lpj=8400000)
[    0.141013] pid_max: default: 32768 minimum: 301
[    0.141041] LSM: Security Framework initializing
[    0.141051] Yama: becoming mindful.
[    0.141076] AppArmor: AppArmor initialized
[    0.141110] Mount-cache hash table entries: 4096 (order: 3, 32768 bytes, linear)
[    0.141116] Mountpoint-cache hash table entries: 4096 (order: 3, 32768 bytes, linear)
[    0.141126] *** VALIDATE tmpfs ***
[    0.141259] *** VALIDATE proc ***
[    0.141300] *** VALIDATE cgroup1 ***
[    0.141301] *** VALIDATE cgroup2 ***
[    0.141442] process: using mwait in idle threads
[    0.141446] Last level iTLB entries: 4KB 64, 2MB 8, 4MB 8
[    0.141447] Last level dTLB entries: 4KB 64, 2MB 0, 4MB 0, 1GB 4
[    0.141468] Spectre V1 : Mitigation: usercopy/swapgs barriers and __user pointer sanitization
[    0.141473] Spectre V2 : Mitigation: Retpolines
[    0.141474] Spectre V2 : Spectre v2 / SpectreRSB mitigation: Filling RSB on context switch
[    0.141475] Spectre V2 : Spectre v2 / SpectreRSB : Filling RSB on VMEXIT
[    0.141475] RETBleed: WARNING: Spectre v2 mitigation leaves CPU vulnerable to RETBleed attacks, data leaks possible!
[    0.141824] RETBleed: Vulnerable
[    0.141824] Speculative Store Bypass: Vulnerable
[    0.141829] TAA: Mitigation: TSX disabled
[    0.141830] MMIO Stale Data: Mitigation: Clear CPU buffers
[    0.146041] Freeing SMP alternatives memory: 40K
[    0.258479] smpboot: CPU0: Intel(R) Xeon(R) Silver 4216 CPU @ 2.10GHz (family: 0x6, model: 0x55, stepping: 0x7)
[    0.258603] Performance Events: unsupported p6 CPU model 85 no PMU driver, software events only.
[    0.258638] rcu: Hierarchical SRCU implementation.
[    0.259130] NMI watchdog: Perf NMI watchdog permanently disabled
[    0.259177] smp: Bringing up secondary CPUs ...
[    0.259178] smp: Brought up 1 node, 1 CPU
[    0.259179] smpboot: Max logical packages: 1
[    0.259180] smpboot: Total of 1 processors activated (4200.00 BogoMIPS)
[    0.260169] devtmpfs: initialized
[    0.260215] x86/mm: Memory block size: 128MB
[    0.260576] clocksource: jiffies: mask: 0xffffffff max_cycles: 0xffffffff, max_idle_ns: 7645041785100000 ns
[    0.260582] futex hash table entries: 256 (order: 2, 16384 bytes, linear)
[    0.260626] pinctrl core: initialized pinctrl subsystem
[    0.260729] PM: RTC time: 17:45:16, date: 2026-01-13
[    0.260835] NET: Registered protocol family 16
[    0.260909] audit: initializing netlink subsys (disabled)
[    0.261008] EISA bus registered
[    0.261008] cpuidle: using governor ladder
[    0.261008] cpuidle: using governor menu
[    0.261008] ACPI: bus type PCI registered
[    0.261008] acpiphp: ACPI Hot Plug PCI Controller Driver version: 0.5
[    0.261008] PCI: Using configuration type 1 for base access
[    0.261349] audit: type=2000 audit(1768297523.139:1): state=initialized audit_enabled=0 res=1
[    0.261428] HugeTLB registered 2.00 MiB page size, pre-allocated 0 pages
[    0.262272] ACPI: Added _OSI(Module Device)
[    0.262273] ACPI: Added _OSI(Processor Device)
[    0.262273] ACPI: Added _OSI(3.0 _SCP Extensions)
[    0.262274] ACPI: Added _OSI(Processor Aggregator Device)
[    0.262275] ACPI: Added _OSI(Linux-Dell-Video)
[    0.262276] ACPI: Added _OSI(Linux-Lenovo-NV-HDMI-Audio)
[    0.262277] ACPI: Added _OSI(Linux-HPI-Hybrid-Graphics)
[    0.264299] ACPI: 2 ACPI AML tables successfully acquired and loaded
[    0.265844] ACPI: Interpreter enabled
[    0.265854] ACPI: (supports S0 S5)
[    0.265855] ACPI: Using IOAPIC for interrupt routing
[    0.266060] PCI: Using host bridge windows from ACPI; if necessary, use "pci=nocrs" and report a bug
[    0.266173] ACPI: Enabled 2 GPEs in block 00 to 07
[    0.270974] ACPI: PCI Root Bridge [PCI0] (domain 0000 [bus 00-ff])
[    0.270979] acpi PNP0A03:00: _OSC: OS supports [ASPM ClockPM Segments MSI HPX-Type3]
[    0.271422] acpi PNP0A03:00: _OSC: not requesting OS control; OS requires [ExtendedConfig ASPM ClockPM MSI]
[    0.271430] acpi PNP0A03:00: fail to add MMCONFIG information, can't access extended PCI configuration space under this bridge.
[    0.271795] PCI host bridge to bus 0000:00
[    0.271797] pci_bus 0000:00: root bus resource [io  0x0000-0x0cf7 window]
[    0.271798] pci_bus 0000:00: root bus resource [io  0x0d00-0xffff window]
[    0.271799] pci_bus 0000:00: root bus resource [mem 0x000a0000-0x000bffff window]
[    0.271800] pci_bus 0000:00: root bus resource [mem 0x80000000-0xfdffffff window]
[    0.271802] pci_bus 0000:00: root bus resource [bus 00-ff]
[    0.271845] pci 0000:00:00.0: [8086:1237] type 00 class 0x060000
[    0.272786] pci 0000:00:01.0: [8086:7000] type 00 class 0x060100
[    0.273692] pci 0000:00:01.1: [8086:7111] type 00 class 0x01018a
[    0.274055] pci 0000:00:01.1: reg 0x20: [io  0xd000-0xd00f]
[    0.274215] pci 0000:00:01.1: legacy IDE quirk: reg 0x10: [io  0x01f0-0x01f7]
[    0.274216] pci 0000:00:01.1: legacy IDE quirk: reg 0x14: [io  0x03f6]
[    0.274217] pci 0000:00:01.1: legacy IDE quirk: reg 0x18: [io  0x0170-0x0177]
[    0.274218] pci 0000:00:01.1: legacy IDE quirk: reg 0x1c: [io  0x0376]
[    0.274754] pci 0000:00:02.0: [15ad:0405] type 00 class 0x030000
[    0.277103] pci 0000:00:02.0: reg 0x10: [io  0xd010-0xd01f]
[    0.281054] pci 0000:00:02.0: reg 0x14: [mem 0xe0000000-0xe7ffffff pref]
[    0.283868] pci 0000:00:02.0: reg 0x18: [mem 0xf0000000-0xf01fffff]
[    0.293826] pci 0000:00:03.0: [1022:2000] type 00 class 0x020000
[    0.294498] pci 0000:00:03.0: reg 0x10: [io  0xd020-0xd03f]
[    0.295110] pci 0000:00:03.0: reg 0x14: [mem 0xf0200000-0xf0200fff]
[    0.299556] pci 0000:00:04.0: [80ee:cafe] type 00 class 0x088000
[    0.300228] pci 0000:00:04.0: reg 0x10: [io  0xd040-0xd05f]
[    0.300835] pci 0000:00:04.0: reg 0x14: [mem 0xf0400000-0xf07fffff]
[    0.301125] pci 0000:00:04.0: reg 0x18: [mem 0xf0800000-0xf0803fff pref]
[    0.304628] pci 0000:00:07.0: [8086:7113] type 00 class 0x068000
[    0.305346] pci 0000:00:07.0: quirk: [io  0x4000-0x403f] claimed by PIIX4 ACPI
[    0.305358] pci 0000:00:07.0: quirk: [io  0x4100-0x410f] claimed by PIIX4 SMB
[    0.305974] pci 0000:00:08.0: [8086:100e] type 00 class 0x020000
[    0.306678] pci 0000:00:08.0: reg 0x10: [mem 0xf0820000-0xf083ffff]
[    0.307828] pci 0000:00:08.0: reg 0x18: [io  0xd060-0xd067]
[    0.310645] pci 0000:00:09.0: [8086:100e] type 00 class 0x020000
[    0.311373] pci 0000:00:09.0: reg 0x10: [mem 0xf0840000-0xf085ffff]
[    0.313663] pci 0000:00:09.0: reg 0x18: [io  0xd068-0xd06f]
[    0.322134] ACPI: PCI Interrupt Link [LNKA] (IRQs 5 9 10 *11)
[    0.322416] ACPI: PCI Interrupt Link [LNKB] (IRQs 5 9 *10 11)
[    0.322518] ACPI: PCI Interrupt Link [LNKC] (IRQs 5 *9 10 11)
[    0.322619] ACPI: PCI Interrupt Link [LNKD] (IRQs 5 9 10 *11)
[    0.325172] iommu: Default domain type: Translated 
[    0.325233] pci 0000:00:02.0: vgaarb: setting as boot VGA device
[    0.325235] pci 0000:00:02.0: vgaarb: VGA device added: decodes=io+mem,owns=io+mem,locks=none
[    0.325237] pci 0000:00:02.0: vgaarb: bridge control possible
[    0.325237] vgaarb: loaded
[    0.325446] SCSI subsystem initialized
[    0.325477] libata version 3.00 loaded.
[    0.325503] ACPI: bus type USB registered
[    0.325519] usbcore: registered new interface driver usbfs
[    0.325524] usbcore: registered new interface driver hub
[    0.325530] usbcore: registered new device driver usb
[    0.325557] pps_core: LinuxPPS API ver. 1 registered
[    0.325557] pps_core: Software ver. 5.3.6 - Copyright 2005-2007 Rodolfo Giometti <giometti@linux.it>
[    0.325560] PTP clock support registered
[    0.325595] EDAC MC: Ver: 3.0.0
[    0.325879] PCI: Using ACPI for IRQ routing
[    0.325881] PCI: pci_cache_line_size set to 64 bytes
[    0.326052] e820: reserve RAM buffer [mem 0x0009fc00-0x0009ffff]
[    0.326056] e820: reserve RAM buffer [mem 0x7fff0000-0x7fffffff]
[    0.326855] NetLabel: Initializing
[    0.326855] NetLabel:  domain hash size = 128
[    0.326856] NetLabel:  protocols = UNLABELED CIPSOv4 CALIPSO
[    0.326875] NetLabel:  unlabeled traffic allowed by default
[    0.327776] clocksource: Switched to clocksource kvm-clock
[    0.339388] *** VALIDATE bpf ***
[    0.339444] VFS: Disk quotas dquot_6.6.0
[    0.339456] VFS: Dquot-cache hash table entries: 512 (order 0, 4096 bytes)
[    0.339478] *** VALIDATE ramfs ***
[    0.339481] *** VALIDATE hugetlbfs ***
[    0.339559] AppArmor: AppArmor Filesystem Enabled
[    0.339582] pnp: PnP ACPI init
[    0.339651] pnp 00:00: Plug and Play ACPI device, IDs PNP0303 (active)
[    0.339778] pnp 00:01: Plug and Play ACPI device, IDs PNP0f03 (active)
[    0.340512] pnp: PnP ACPI: found 2 devices
[    0.341463] thermal_sys: Registered thermal governor 'fair_share'
[    0.341464] thermal_sys: Registered thermal governor 'bang_bang'
[    0.341465] thermal_sys: Registered thermal governor 'step_wise'
[    0.341465] thermal_sys: Registered thermal governor 'user_space'
[    0.341466] thermal_sys: Registered thermal governor 'power_allocator'
[    0.345991] clocksource: acpi_pm: mask: 0xffffff max_cycles: 0xffffff, max_idle_ns: 2085701024 ns
[    0.346030] pci_bus 0000:00: resource 4 [io  0x0000-0x0cf7 window]
[    0.346031] pci_bus 0000:00: resource 5 [io  0x0d00-0xffff window]
[    0.346032] pci_bus 0000:00: resource 6 [mem 0x000a0000-0x000bffff window]
[    0.346033] pci_bus 0000:00: resource 7 [mem 0x80000000-0xfdffffff window]
[    0.346089] NET: Registered protocol family 2
[    0.346163] IP idents hash table entries: 32768 (order: 6, 262144 bytes, linear)
[    0.346562] MPTCP tokens hash table entries: 8192 (order: 4, 65536 bytes, linear)
[    0.346581] MPTCP request tokens hash table entries: 8192 (order: 4, 65536 bytes, linear)
[    0.346606] default registered
[    0.346606] default registered
[    0.346607] MPTCP: Stable release v0.96
[    0.346612] tcp_listen_portaddr_hash hash table entries: 1024 (order: 2, 16384 bytes, linear)
[    0.346690] TCP established hash table entries: 16384 (order: 5, 131072 bytes, linear)
[    0.346748] TCP bind hash table entries: 16384 (order: 6, 262144 bytes, linear)
[    0.346774] TCP: Hash tables configured (established 16384 bind 16384)
[    0.347482] UDP hash table entries: 1024 (order: 3, 32768 bytes, linear)
[    0.347493] UDP-Lite hash table entries: 1024 (order: 3, 32768 bytes, linear)
[    0.347528] NET: Registered protocol family 1
[    0.347536] NET: Registered protocol family 44
[    0.347555] pci 0000:00:00.0: Limiting direct PCI/PCI transfers
[    0.347571] pci 0000:00:01.0: Activating ISA DMA hang workarounds
[    0.347635] pci 0000:00:02.0: Video device with shadowed ROM at [mem 0x000c0000-0x000dffff]
[    0.347702] PCI: CLS 0 bytes, default 64
[    0.347745] Trying to unpack rootfs image as initramfs...
[    0.519080] Freeing initrd memory: 47868K
[    0.519080] clocksource: tsc: mask: 0xffffffffffffffff max_cycles: 0x1e4530a99b6, max_idle_ns: 440795257976 ns
[    0.519080] clocksource: Switched to clocksource tsc
[    0.519080] platform rtc_cmos: registered platform RTC device (no PNP device found)
[    0.519080] check: Scanning for low memory corruption every 60 seconds
[    0.519080] Initialise system trusted keyrings
[    0.519080] Key type blacklist registered
[    0.519080] workingset: timestamp_bits=36 max_order=19 bucket_order=0
[    0.527640] zbud: loaded
[    0.528003] squashfs: version 4.0 (2009/01/31) Phillip Lougher
[    0.528131] fuse: init (API version 7.31)
[    0.528147] *** VALIDATE fuse ***
[    0.528148] *** VALIDATE fuse ***
[    0.528250] Platform Keyring initialized
[    0.531290] Key type asymmetric registered
[    0.531291] Asymmetric key parser 'x509' registered
[    0.531299] Block layer SCSI generic (bsg) driver version 0.4 loaded (major 244)
[    0.531324] io scheduler mq-deadline registered
[    0.531437] shpchp: Standard Hot Plug PCI Controller Driver version: 0.4
[    0.531673] ACPI: AC Adapter [AC] (on-line)
[    0.531720] input: Power Button as /devices/LNXSYSTM:00/LNXPWRBN:00/input/input0
[    0.531750] ACPI: Power Button [PWRF]
[    0.531831] input: Sleep Button as /devices/LNXSYSTM:00/LNXSLPBN:00/input/input1
[    0.531846] ACPI: Sleep Button [SLPF]
[    0.532075] Serial: 8250/16550 driver, 32 ports, IRQ sharing enabled
[    0.533203] Linux agpgart interface v0.103
[    0.627070] loop: module loaded
[    0.627219] ata_piix 0000:00:01.1: version 2.13
[    0.627639] scsi host0: ata_piix
[    0.627729] scsi host1: ata_piix
[    0.627754] ata1: PATA max UDMA/33 cmd 0x1f0 ctl 0x3f6 bmdma 0xd000 irq 14
[    0.627755] ata2: PATA max UDMA/33 cmd 0x170 ctl 0x376 bmdma 0xd008 irq 15
[    0.627837] tun: Universal TUN/TAP device driver, 1.6
[    0.628149] PPP generic driver version 2.4.2
[    0.628192] VFIO - User Level meta-driver version: 0.3
[    0.628435] ehci_hcd: USB 2.0 'Enhanced' Host Controller (EHCI) Driver
[    0.628439] ehci-pci: EHCI PCI platform driver
[    0.628455] ehci-platform: EHCI generic platform driver
[    0.628460] ohci_hcd: USB 1.1 'Open' Host Controller (OHCI) Driver
[    0.628462] ohci-pci: OHCI PCI platform driver
[    0.628469] ohci-platform: OHCI generic platform driver
[    0.628473] uhci_hcd: USB Universal Host Controller Interface driver
[    0.628538] i8042: PNP: PS/2 Controller [PNP0303:PS2K,PNP0f03:PS2M] at 0x60,0x64 irq 1,12
[    0.628978] serio: i8042 KBD port at 0x60,0x64 irq 1
[    0.628981] serio: i8042 AUX port at 0x60,0x64 irq 12
[    0.629068] mousedev: PS/2 mouse device common for all mice
[    0.629331] input: AT Translated Set 2 keyboard as /devices/platform/i8042/serio0/input/input2
[    0.629732] rtc_cmos rtc_cmos: registered as rtc0
[    0.629745] rtc_cmos rtc_cmos: alarms up to one day, 114 bytes nvram
[    0.629751] i2c /dev entries driver
[    0.629792] device-mapper: uevent: version 1.0.3
[    0.629836] device-mapper: ioctl: 4.41.0-ioctl (2019-09-16) initialised: dm-devel@redhat.com
[    0.629852] platform eisa.0: Probing EISA bus 0
[    0.629854] platform eisa.0: EISA: Cannot allocate resource for mainboard
[    0.629855] platform eisa.0: Cannot allocate resource for EISA slot 1
[    0.629856] platform eisa.0: Cannot allocate resource for EISA slot 2
[    0.629857] platform eisa.0: Cannot allocate resource for EISA slot 3
[    0.629858] platform eisa.0: Cannot allocate resource for EISA slot 4
[    0.629859] platform eisa.0: Cannot allocate resource for EISA slot 5
[    0.629860] platform eisa.0: Cannot allocate resource for EISA slot 6
[    0.629861] platform eisa.0: Cannot allocate resource for EISA slot 7
[    0.629862] platform eisa.0: Cannot allocate resource for EISA slot 8
[    0.629863] platform eisa.0: EISA: Detected 0 cards
[    0.629866] intel_pstate: CPU model not supported
[    0.629875] ledtrig-cpu: registered to indicate activity on CPUs
[    0.629930] drop_monitor: Initializing network drop monitor service
[    0.630087] NET: Registered protocol family 10
[    0.635154] Segment Routing with IPv6
[    0.635184] fullmesh registered
[    0.635185] ndiffports registered
[    0.635187] binder registered
[    0.635188] roundrobin registered
[    0.635188] redundant registered
[    0.635189] blest registered
[    0.635189] ecf registered
[    0.635190] NET: Registered protocol family 17
[    0.635199] Key type dns_resolver registered
[    0.635199] RAS: Correctable Errors collector initialized.
[    0.635199] IPI shorthand broadcast: enabled
[    0.635199] sched_clock: Marking stable (620186941, 11012125)->(633559137, -2360071)
[    0.635395] registered taskstats version 1
[    0.635403] Loading compiled-in X.509 certificates
[    0.636001] Loaded X.509 cert 'Build time autogenerated kernel key: 6909f3744cebb3d0de528d5887b96a727de79b1e'
[    0.636019] zswap: loaded using pool lzo/zbud
[    0.636073] Key type ._fscrypt registered
[    0.636073] Key type .fscrypt registered
[    0.640526] Key type big_key registered
[    0.642693] Key type encrypted registered
[    0.642695] AppArmor: AppArmor sha1 policy hashing enabled
[    0.642702] ima: No TPM chip found, activating TPM-bypass!
[    0.642705] ima: Allocated hash algorithm: sha1
[    0.642710] ima: No architecture policies found
[    0.642719] evm: Initialising EVM extended attributes:
[    0.642720] evm: security.selinux
[    0.642720] evm: security.SMACK64
[    0.642721] evm: security.SMACK64EXEC
[    0.642721] evm: security.SMACK64TRANSMUTE
[    0.642722] evm: security.SMACK64MMAP
[    0.642722] evm: security.apparmor
[    0.642723] evm: security.ima
[    0.642723] evm: security.capability
[    0.642724] evm: HMAC attrs: 0x1
[    0.643015] PM:   Magic number: 10:983:794
[    0.643112] rtc_cmos rtc_cmos: setting system clock to 2026-01-13T17:45:17 UTC (1768326317)
[    0.800391] ata1.00: ATA-6: VBOX HARDDISK, 1.0, max UDMA/133
[    0.800394] ata1.00: 209715200 sectors, multi 128: LBA 
[    0.801052] scsi 0:0:0:0: Direct-Access     ATA      VBOX HARDDISK    1.0  PQ: 0 ANSI: 5
[    0.801341] sd 0:0:0:0: [sda] 209715200 512-byte logical blocks: (107 GB/100 GiB)
[    0.801354] sd 0:0:0:0: [sda] Write Protect is off
[    0.801357] sd 0:0:0:0: [sda] Mode Sense: 00 3a 00 00
[    0.801378] sd 0:0:0:0: [sda] Write cache: enabled, read cache: enabled, doesn't support DPO or FUA
[    0.801615] sd 0:0:0:0: Attached scsi generic sg0 type 0
[    0.802389]  sda: sda1 sda2
[    0.811228] sd 0:0:0:0: [sda] Attached SCSI disk
[    0.814582] Freeing unused decrypted memory: 2040K
[    0.815561] Freeing unused kernel image memory: 2728K
[    0.815563] Write protecting the kernel read-only data: 22528k
[    0.816611] Freeing unused kernel image memory: 2036K
[    0.817177] Freeing unused kernel image memory: 1432K
[    0.844124] x86/mm: Checked W+X mappings: passed, no W+X pages found.
[    0.844128] Run /init as init process
[    0.950268] ACPI: Video Device [GFX0] (multi-head: yes  rom: no  post: no)
[    0.950339] input: Video Bus as /devices/LNXSYSTM:00/LNXSYBUS:00/PNP0A03:00/LNXVIDEO:00/input/input4
[    0.963289] pcnet32: pcnet32.c:v1.35 21.Apr.2008 tsbogend@alpha.franken.de
[    0.964803] piix4_smbus 0000:00:07.0: SMBus Host Controller at 0x4100, revision 0
[    0.967286] e1000: Intel(R) PRO/1000 Network Driver - version 7.3.21-k8-NAPI
[    0.967286] e1000: Copyright (c) 1999-2006 Intel Corporation.
[    0.978172] pcnet32: PCnet/FAST III 79C973 at 0xd020, 08:00:27:3b:9a:71 assigned IRQ 19
[    0.978217] pcnet32: Found PHY 0022:561b at address 0
[    0.978515] pcnet32: eth0: registered as PCnet/FAST III 79C973
[    0.983443] pcnet32: 1 cards_found
[    1.045722] pcnet32 0000:00:03.0 enp0s3: renamed from eth0
[    1.178653] input: ImExPS/2 Generic Explorer Mouse as /devices/platform/i8042/serio1/input/input5
[    1.375356] e1000 0000:00:08.0 eth0: (PCI:33MHz:32-bit) 08:00:27:f8:e4:c6
[    1.375360] e1000 0000:00:08.0 eth0: Intel(R) PRO/1000 Network Connection
[    1.747408] e1000 0000:00:09.0 eth1: (PCI:33MHz:32-bit) 08:00:27:0b:ff:36
[    1.747411] e1000 0000:00:09.0 eth1: Intel(R) PRO/1000 Network Connection
[    1.748532] e1000 0000:00:09.0 enp0s9: renamed from eth1
[    1.750298] e1000 0000:00:08.0 enp0s8: renamed from eth0
[    1.890846] EXT4-fs (sda2): mounted filesystem with ordered data mode. Opts: (null)
[    1.981546] systemd[1]: Inserted module 'autofs4'
[    1.993370] systemd[1]: systemd 245.4-4ubuntu3 running in system mode. (+PAM +AUDIT +SELINUX +IMA +APPARMOR +SMACK +SYSVINIT +UTMP +LIBCRYPTSETUP +GCRYPT +GNUTLS +ACL +XZ +LZ4 +SECCOMP +BLKID +ELFUTILS +KMOD +IDN2 -IDN +PCRE2 default-hierarchy=hybrid)
[    1.993400] systemd[1]: Detected virtualization oracle.
[    1.993403] systemd[1]: Detected architecture x86-64.
[    1.994675] systemd[1]: Set hostname to <ztg>.
[    2.118336] systemd[1]: /lib/systemd/system/dbus.socket:5: ListenStream= references a path below legacy directory /var/run/, updating /var/run/dbus/system_bus_socket â†’ /run/dbus/system_bus_socket; please update the unit file accordingly.
[    2.168641] systemd[1]: Created slice system-modprobe.slice.
[    2.168823] systemd[1]: Created slice User and Session Slice.
[    2.168866] systemd[1]: Started Forward Password Requests to Wall Directory Watch.
[    2.169028] systemd[1]: Set up automount Arbitrary Executable File Formats File System Automount Point.
[    2.169059] systemd[1]: Reached target User and Group Name Lookups.
[    2.169069] systemd[1]: Reached target Remote File Systems.
[    2.169077] systemd[1]: Reached target Slices.
[    2.169563] systemd[1]: Listening on Syslog Socket.
[    2.169628] systemd[1]: Listening on fsck to fsckd communication Socket.
[    2.169667] systemd[1]: Listening on initctl Compatibility Named Pipe.
[    2.169803] systemd[1]: Listening on Journal Audit Socket.
[    2.169853] systemd[1]: Listening on Journal Socket (/dev/log).
[    2.169920] systemd[1]: Listening on Journal Socket.
[    2.169984] systemd[1]: Listening on udev Control Socket.
[    2.170022] systemd[1]: Listening on udev Kernel Socket.
[    2.170775] systemd[1]: Mounting Huge Pages File System...
[    2.171736] systemd[1]: Mounting POSIX Message Queue File System...
[    2.172631] systemd[1]: Mounting Kernel Debug File System...
[    2.173476] systemd[1]: Mounting Kernel Trace File System...
[    2.175410] systemd[1]: Starting Journal Service...
[    2.197507] systemd[1]: Starting Set the console keyboard layout...
[    2.205293] systemd[1]: Starting Create list of static device nodes for the current kernel...
[    2.207299] systemd[1]: Starting Load Kernel Module drm...
[    2.208434] systemd[1]: Condition check resulted in Set Up Additional Binary Formats being skipped.
[    2.208473] systemd[1]: Condition check resulted in File System Check on Root Device being skipped.
[    2.219755] systemd[1]: Starting Load Kernel Modules...
[    2.228458] systemd[1]: Starting Remount Root and Kernel File Systems...
[    2.236222] systemd[1]: Starting udev Coldplug all Devices...
[    2.245541] systemd[1]: Starting Uncomplicated firewall...
[    2.269121] systemd[1]: Mounted Huge Pages File System.
[    2.269206] systemd[1]: Mounted POSIX Message Queue File System.
[    2.269276] systemd[1]: Mounted Kernel Debug File System.
[    2.269342] systemd[1]: Mounted Kernel Trace File System.
[    2.283894] EXT4-fs (sda2): re-mounted. Opts: errors=remount-ro
[    2.285653] systemd[1]: Finished Create list of static device nodes for the current kernel.
[    2.286713] systemd[1]: modprobe@drm.service: Succeeded.
[    2.293344] systemd[1]: Finished Load Kernel Module drm.
[    2.293710] systemd[1]: Finished Remount Root and Kernel File Systems.
[    2.295635] lp: driver loaded but no devices found
[    2.297035] systemd[1]: Finished Uncomplicated firewall.
[    2.313604] systemd[1]: Condition check resulted in Rebuild Hardware Database being skipped.
[    2.313643] systemd[1]: Condition check resulted in Platform Persistent Storage Archival being skipped.
[    2.314298] systemd[1]: Starting Load/Save Random Seed...
[    2.316314] ppdev: user-space parallel port driver
[    2.323644] systemd[1]: Starting Create System Users...
[    2.333420] systemd[1]: Finished Load/Save Random Seed.
[    2.341964] systemd[1]: Finished Create System Users.
[    2.342669] systemd[1]: Starting Create Static Device Nodes in /dev...
[    2.389982] systemd[1]: Finished Create Static Device Nodes in /dev.
[    2.390780] systemd[1]: Starting udev Kernel Device Manager...
[    2.400984] systemd[1]: Finished udev Coldplug all Devices.
[    2.403541] [drm] DMA map mode: Caching DMA mappings.
[    2.403612] [drm] Capabilities:
[    2.403613] [drm]   Rect copy.
[    2.403613] [drm]   Cursor.
[    2.403613] [drm]   Cursor bypass.
[    2.403614] [drm]   Cursor bypass 2.
[    2.403614] [drm]   Alpha cursor.
[    2.403615] [drm]   Extended Fifo.
[    2.403615] [drm]   Pitchlock.
[    2.403615] [drm]   Irq mask.
[    2.403615] [drm]   GMR.
[    2.403616] [drm]   Traces.
[    2.403616] [drm]   GMR2.
[    2.403616] [drm]   Screen Object 2.
[    2.403617] [drm]   Command Buffers.
[    2.403617] [drm]   Command Buffers 2.
[    2.403618] [drm]   Guest Backed Resources.
[    2.403619] [drm] Max GMR ids is 8192
[    2.403619] [drm] Max number of GMR pages is 1048576
[    2.403620] [drm] Max dedicated hypervisor surface memory is 393216 kiB
[    2.403620] [drm] Maximum display memory size is 131072 kiB
[    2.403621] [drm] VRAM at 0xe0000000 size is 131072 kiB
[    2.403622] [drm] MMIO at 0xf0000000 size is 2048 kiB
[    2.405458] [TTM] Zone  kernel: Available graphics memory: 1011738 KiB
[    2.405459] [TTM] Initializing pool allocator
[    2.405463] [TTM] Initializing DMA pool allocator
[    2.405491] [drm] Supports vblank timestamp caching Rev 2 (21.10.2013).
[    2.405492] [drm] No driver support for vblank timestamp query.
[    2.405744] [drm] Screen Target Display device initialized
[    2.405915] [drm] width 720
[    2.405924] [drm] height 400
[    2.405927] [drm] bpp 32
[    2.406460] [drm] Fifo max 0x00200000 min 0x00001000 cap 0x00000355
[    2.407638] [drm] Using command buffers with DMA pool.
[    2.407642] [drm] DX: no.
[    2.407643] [drm] Atomic: yes.
[    2.407643] [drm] SM4_1: no.
[    2.407662] [drm:vmw_host_log [vmwgfx]] *ERROR* Failed to send host log message.
[    2.408780] [drm:vmw_host_log [vmwgfx]] *ERROR* Failed to send host log message.
[    2.449127] fbcon: svgadrmfb (fb0) is primary device
[    2.451241] Console: switching to colour frame buffer device 100x37
[    2.457630] [drm] Initialized vmwgfx 2.15.0 20180704 for 0000:00:02.0 on minor 0
[    2.458529] systemd[1]: Finished Load Kernel Modules.
[    2.459467] systemd[1]: Mounting FUSE Control File System...
[    2.460590] systemd[1]: Mounting Kernel Configuration File System...
[    2.480823] systemd[1]: Starting Apply Kernel Variables...
[    2.490696] systemd[1]: Finished Set the console keyboard layout.
[    2.492903] systemd[1]: Mounted FUSE Control File System.
[    2.492973] systemd[1]: Reached target Local File Systems (Pre).
[    2.492990] systemd[1]: Condition check resulted in VMware vmblock fuse mount being skipped.
[    2.498144] systemd[1]: Mounting Mount unit for bare, revision 5...
[    2.503389] systemd[1]: Mounting Mount unit for core18, revision 1705...
[    2.519935] systemd[1]: Mounting Mount unit for gnome-3-34-1804, revision 24...
[    2.524558] systemd[1]: Mounting Mount unit for gtk-common-themes, revision 1506...
[    2.530706] systemd[1]: Mounting Mount unit for gtk-common-themes, revision 1535...
[    2.538547] systemd[1]: Mounting Mount unit for snap-store, revision 433...
[    2.560744] systemd[1]: Mounting Mount unit for snapd, revision 7264...
[    2.566989] systemd[1]: Mounted Kernel Configuration File System.
[    2.577331] systemd[1]: Finished Apply Kernel Variables.
[    2.578359] systemd[1]: Mounted Mount unit for bare, revision 5.
[    2.578446] systemd[1]: Mounted Mount unit for core18, revision 1705.
[    2.589401] systemd[1]: Mounted Mount unit for gnome-3-34-1804, revision 24.
[    2.597419] systemd[1]: Mounted Mount unit for gtk-common-themes, revision 1506.
[    2.598853] systemd[1]: Started udev Kernel Device Manager.
[    2.599645] systemd[1]: Starting Show Plymouth Boot Screen...
[    2.605472] systemd[1]: Received SIGRTMIN+20 from PID 277 (plymouthd).
[    2.629198] systemd[1]: Mounted Mount unit for gtk-common-themes, revision 1535.
[    2.629495] systemd[1]: Started Show Plymouth Boot Screen.
[    2.629662] systemd[1]: Condition check resulted in Dispatch Password Requests to Console Directory Watch being skipped.
[    2.629761] systemd[1]: Started Forward Password Requests to Plymouth Directory Watch.
[    2.629849] systemd[1]: Reached target Local Encrypted Volumes.
[    2.660957] systemd[1]: Mounted Mount unit for snapd, revision 7264.
[    2.663115] systemd[1]: Mounted Mount unit for snap-store, revision 433.
[    2.663306] systemd[1]: Reached target Local File Systems.
[    2.664098] systemd[1]: Starting Load AppArmor profiles...
[    2.666246] systemd[1]: Starting Set console font and keymap...
[    2.679121] systemd[1]: Starting Tell Plymouth To Write Out Runtime Data...
[    2.682172] systemd[1]: Condition check resulted in Store a System Token in an EFI Variable being skipped.
[    2.682202] systemd[1]: Condition check resulted in Commit a transient machine-id on disk being skipped.
[    2.685240] systemd[1]: Finished Set console font and keymap.
[    2.692633] systemd[1]: Received SIGRTMIN+20 from PID 277 (plymouthd).
[    2.693862] systemd[1]: plymouth-read-write.service: Succeeded.
[    2.694094] systemd[1]: Finished Tell Plymouth To Write Out Runtime Data.
[    2.709013] audit: type=1400 audit(1768326319.560:2): apparmor="STATUS" operation="profile_load" profile="unconfined" name="nvidia_modprobe" pid=300 comm="apparmor_parser"
[    2.709015] audit: type=1400 audit(1768326319.560:3): apparmor="STATUS" operation="profile_load" profile="unconfined" name="nvidia_modprobe//kmod" pid=300 comm="apparmor_parser"
[    2.719756] audit: type=1400 audit(1768326319.572:4): apparmor="STATUS" operation="profile_load" profile="unconfined" name="/usr/sbin/tcpdump" pid=301 comm="apparmor_parser"
[    2.763492] audit: type=1400 audit(1768326319.612:5): apparmor="STATUS" operation="profile_load" profile="unconfined" name="/usr/bin/evince" pid=303 comm="apparmor_parser"
[    2.763493] audit: type=1400 audit(1768326319.612:6): apparmor="STATUS" operation="profile_load" profile="unconfined" name="/usr/bin/evince//sanitized_helper" pid=303 comm="apparmor_parser"
[    2.763495] audit: type=1400 audit(1768326319.612:7): apparmor="STATUS" operation="profile_load" profile="unconfined" name="/usr/bin/evince-previewer" pid=303 comm="apparmor_parser"
[    2.763497] audit: type=1400 audit(1768326319.612:8): apparmor="STATUS" operation="profile_load" profile="unconfined" name="/usr/bin/evince-previewer//sanitized_helper" pid=303 comm="apparmor_parser"
[    2.763498] audit: type=1400 audit(1768326319.612:9): apparmor="STATUS" operation="profile_load" profile="unconfined" name="/usr/bin/evince-thumbnailer" pid=303 comm="apparmor_parser"
[    2.779737] audit: type=1400 audit(1768326319.632:10): apparmor="STATUS" operation="profile_load" profile="unconfined" name="/usr/lib/cups/backend/cups-pdf" pid=304 comm="apparmor_parser"
[    2.854004] systemd[1]: Finished Load AppArmor profiles.
[    2.854928] systemd[1]: Starting Load AppArmor profiles managed internally by snapd...
[    2.919627] systemd[1]: Finished Load AppArmor profiles managed internally by snapd.
[    3.141581] systemd[1]: Started Journal Service.
[    3.148538] systemd-journald[229]: Received client request to flush runtime journal.
[    3.153339] systemd-journald[229]: File /var/log/journal/c455b248004a419c87ce85eea238d727/system.journal corrupted or uncleanly shut down, renaming and replacing.
[    4.457646] RAPL PMU: API unit is 2^-32 Joules, 0 fixed counters, 10737418240 ms ovfl timer
[    4.543477] cryptd: max_cpu_qlen set to 1000
[    4.589866] AVX2 version of gcm_enc/dec engaged.
[    4.589867] AES CTR mode by8 optimization enabled
[    5.400242] Adding 1998844k swap on /dev/sda1.  Priority:-2 extents:1 across:1998844k FS
[    6.803124] kauditd_printk_skb: 30 callbacks suppressed
[    6.803126] audit: type=1400 audit(1768326323.656:41): apparmor="DENIED" operation="capable" profile="/usr/sbin/cups-browsed" pid=498 comm="cups-browsed" capability=23  capname="sys_nice"
[    7.689729] pcnet32 0000:00:03.0 enp0s3: link up, 100Mbps, full-duplex
[    7.726009] e1000: enp0s8 NIC Link is Up 1000 Mbps Full Duplex, Flow Control: RX
[    7.726286] IPv6: ADDRCONF(NETDEV_CHANGE): enp0s8: link becomes ready
[    7.737545] e1000: enp0s9 NIC Link is Up 1000 Mbps Full Duplex, Flow Control: RX
[    7.737840] IPv6: ADDRCONF(NETDEV_CHANGE): enp0s9: link becomes ready
[    8.280522] device enp0s3 entered promiscuous mode
[    8.311216] audit: type=1400 audit(1768326325.164:42): apparmor="DENIED" operation="open" profile="/usr/sbin/tcpdump" name="/proc/sys/kernel/random/boot_id" pid=675 comm="tcpdump" requested_mask="r" denied_mask="r" fsuid=0 ouid=0
[    8.312077] audit: type=1400 audit(1768326325.168:43): apparmor="DENIED" operation="open" profile="/usr/sbin/tcpdump" name="/proc/sys/kernel/random/boot_id" pid=675 comm="tcpdump" requested_mask="r" denied_mask="r" fsuid=0 ouid=0
[    8.312163] audit: type=1400 audit(1768326325.168:44): apparmor="DENIED" operation="open" profile="/usr/sbin/tcpdump" name="/proc/sys/kernel/random/boot_id" pid=675 comm="tcpdump" requested_mask="r" denied_mask="r" fsuid=0 ouid=0
[    8.312246] audit: type=1400 audit(1768326325.168:45): apparmor="DENIED" operation="open" profile="/usr/sbin/tcpdump" name="/proc/sys/kernel/random/boot_id" pid=675 comm="tcpdump" requested_mask="r" denied_mask="r" fsuid=0 ouid=0
[    8.318147] audit: type=1400 audit(1768326325.168:46): apparmor="DENIED" operation="open" profile="/usr/sbin/tcpdump" name="/proc/sys/kernel/random/boot_id" pid=676 comm="tcpdump" requested_mask="r" denied_mask="r" fsuid=0 ouid=0
[    8.318689] audit: type=1400 audit(1768326325.168:47): apparmor="DENIED" operation="open" profile="/usr/sbin/tcpdump" name="/proc/sys/kernel/random/boot_id" pid=676 comm="tcpdump" requested_mask="r" denied_mask="r" fsuid=0 ouid=0
[    8.318729] audit: type=1400 audit(1768326325.168:48): apparmor="DENIED" operation="open" profile="/usr/sbin/tcpdump" name="/proc/sys/kernel/random/boot_id" pid=676 comm="tcpdump" requested_mask="r" denied_mask="r" fsuid=0 ouid=0
[    8.318746] audit: type=1400 audit(1768326325.168:49): apparmor="DENIED" operation="open" profile="/usr/sbin/tcpdump" name="/proc/sys/kernel/random/boot_id" pid=676 comm="tcpdump" requested_mask="r" denied_mask="r" fsuid=0 ouid=0
[   13.010914] rfkill: input handler disabled
[  397.985093] AAAAA-TCP_FORW: name:enp0s3: saddr:16783984: daddr:100932208
[  398.201036] AAAAA-TCP_FORW: name:enp0s3: saddr:16783984: daddr:100932208
[  404.418423] AAAAA-TCP_FORW: name:enp0s3: saddr:33561200: daddr:100932208
[  404.810931] AAAAA-TCP_FORW: name:enp0s3: saddr:33561200: daddr:100932208
[  405.006213] AAAAA-TCP_FORW: name:enp0s3: saddr:33561200: daddr:100932208
[  405.306080] AAAAA-TCP_FORW: name:enp0s3: saddr:33561200: daddr:100932208
[  405.617752] AAAAA-TCP_FORW: name:enp0s3: saddr:16783984: daddr:100932208
[  405.781804] AAAAA-TCP_FORW: name:enp0s3: saddr:33561200: daddr:100932208
[  406.287904] AAAAA-TCP_FORW: name:enp0s3: saddr:16783984: daddr:100932208
[  406.763572] AAAAA-TCP_FORW: name:enp0s3: saddr:33561200: daddr:100932208
[  406.908480] AAAAA-TCP_FORW: name:enp0s3: saddr:33561200: daddr:100932208
[  407.350757] AAAAA-TCP_FORW: name:enp0s3: saddr:16783984: daddr:100932208
[  407.555012] AAAAA-TCP_FORW: name:enp0s3: saddr:33561200: daddr:100932208
[  407.876288] AAAAA-TCP_FORW: name:enp0s3: saddr:16783984: daddr:100932208
[  408.092282] AAAAA-TCP_FORW: name:enp0s3: saddr:16783984: daddr:100932208
[  408.276778] AAAAA-TCP_FORW: name:enp0s3: saddr:33561200: daddr:100932208
[  408.340249] AAAAA-TCP_FORW: name:enp0s3: saddr:33561200: daddr:100932208
[  408.519293] AAAAA-TCP_FORW: name:enp0s3: saddr:16783984: daddr:100932208
[  408.718201] AAAAA-TCP_FORW: name:enp0s3: saddr:16783984: daddr:100932208
[  409.056619] AAAAA-TCP_FORW: name:enp0s3: saddr:33561200: daddr:100932208
[  409.222409] AAAAA-TCP_FORW: name:enp0s3: saddr:16783984: daddr:100932208
[  409.408093] AAAAA-TCP_FORW: name:enp0s3: saddr:33561200: daddr:100932208
[  409.572085] AAAAA-TCP_FORW: name:enp0s3: saddr:16783984: daddr:100932208
[  409.610039] AAAAA-TCP_FORW: name:enp0s3: saddr:33561200: daddr:100932208
[  409.803687] AAAAA-TCP_FORW: name:enp0s3: saddr:16783984: daddr:100932208
[  409.963864] AAAAA-TCP_FORW: name:enp0s3: saddr:16783984: daddr:100932208
[  410.050744] AAAAA-TCP_FORW: name:enp0s3: saddr:16783984: daddr:100932208
[  410.147276] AAAAA-TCP_FORW: name:enp0s3: saddr:16783984: daddr:100932208
[  410.242157] AAAAA-TCP_FORW: name:enp0s3: saddr:16783984: daddr:100932208
[  410.327106] AAAAA-TCP_FORW: name:enp0s3: saddr:16783984: daddr:100932208
[  410.576934] AAAAA-TCP_FORW: name:enp0s3: saddr:16783984: daddr:100932208
[  410.751839] AAAAA-TCP_FORW: name:enp0s3: saddr:16783984: daddr:100932208
[  410.821449] AAAAA-TCP_FORW: name:enp0s3: saddr:16783984: daddr:100932208
[  410.888518] AAAAA-TCP_FORW: name:enp0s3: saddr:16783984: daddr:100932208
[  410.956982] AAAAA-TCP_FORW: name:enp0s3: saddr:33561200: daddr:100932208
[  411.092108] AAAAA-TCP_FORW: name:enp0s3: saddr:16783984: daddr:100932208
[  411.288026] AAAAA-TCP_FORW: name:enp0s3: saddr:16783984: daddr:100932208
[  411.445262] AAAAA-TCP_FORW: name:enp0s3: saddr:16783984: daddr:100932208
[  411.574996] AAAAA-TCP_FORW: name:enp0s3: saddr:16783984: daddr:100932208
[  411.695948] AAAAA-TCP_FORW: name:enp0s3: saddr:16783984: daddr:100932208
[  411.870428] AAAAA-TCP_FORW: name:enp0s3: saddr:16783984: daddr:100932208
[  412.217834] AAAAA-TCP_FORW: name:enp0s3: saddr:16783984: daddr:100932208
[  412.295532] AAAAA-TCP_FORW: name:enp0s3: saddr:16783984: daddr:100932208
[  412.357261] AAAAA-TCP_FORW: name:enp0s3: saddr:16783984: daddr:100932208
[  412.443985] AAAAA-TCP_FORW: name:enp0s3: saddr:16783984: daddr:100932208
[  412.493015] AAAAA-TCP_FORW: name:enp0s3: saddr:16783984: daddr:100932208
[  412.827374] AAAAA-TCP_FORW: name:enp0s3: saddr:33561200: daddr:100932208
[  413.723770] AAAAA-TCP_FORW: name:enp0s3: saddr:16783984: daddr:100932208
[  413.859100] AAAAA-TCP_FORW: name:enp0s3: saddr:16783984: daddr:100932208
[  413.986542] AAAAA-TCP_FORW: name:enp0s3: saddr:33561200: daddr:100932208
[  414.112890] AAAAA-TCP_FORW: name:enp0s3: saddr:16783984: daddr:100932208
[  414.311240] AAAAA-TCP_FORW: name:enp0s3: saddr:33561200: daddr:100932208
[  414.461509] AAAAA-TCP_FORW: name:enp0s3: saddr:33561200: daddr:100932208
[  419.953469] AAAAA-TCP_FORW: name:enp0s3: saddr:33561200: daddr:100932208
[  420.035879] AAAAA-TCP_FORW: name:enp0s3: saddr:33561200: daddr:100932208
[  548.864133] rfkill: input handler enabled
[  557.562646] rfkill: input handler disabled
[  723.788640] device enp0s3 left promiscuous mode
