[    0.000000] Linux version 5.4.243-mptcp (root@ztg) (gcc version 12.2.0 (Debian 12.2.0-14+deb12u1)) #53 SMP Wed Dec 24 23:28:15 CST 2025
[    0.000000] Command line: BOOT_IMAGE=/boot/vmlinuz-5.4.243-mptcp root=UUID=98415a12-53b7-4144-8265-0f7ece09e445 ro quiet splash
[    0.000000] KERNEL supported cpus:
[    0.000000]   Intel GenuineIntel
[    0.000000]   AMD AuthenticAMD
[    0.000000]   Hygon HygonGenuine
[    0.000000]   Centaur CentaurHauls
[    0.000000]   zhaoxin   Shanghai  
[    0.000000] x86/fpu: Supporting XSAVE feature 0x001: 'x87 floating point registers'
[    0.000000] x86/fpu: Supporting XSAVE feature 0x002: 'SSE registers'
[    0.000000] x86/fpu: Supporting XSAVE feature 0x004: 'AVX registers'
[    0.000000] x86/fpu: xstate_offset[2]:  576, xstate_sizes[2]:  256
[    0.000000] x86/fpu: Enabled xstate features 0x7, context size is 832 bytes, using 'standard' format.
[    0.000000] BIOS-provided physical RAM map:
[    0.000000] BIOS-e820: [mem 0x0000000000000000-0x000000000009fbff] usable
[    0.000000] BIOS-e820: [mem 0x000000000009fc00-0x000000000009ffff] reserved
[    0.000000] BIOS-e820: [mem 0x00000000000f0000-0x00000000000fffff] reserved
[    0.000000] BIOS-e820: [mem 0x0000000000100000-0x000000007ffeffff] usable
[    0.000000] BIOS-e820: [mem 0x000000007fff0000-0x000000007fffffff] ACPI data
[    0.000000] BIOS-e820: [mem 0x00000000fec00000-0x00000000fec00fff] reserved
[    0.000000] BIOS-e820: [mem 0x00000000fee00000-0x00000000fee00fff] reserved
[    0.000000] BIOS-e820: [mem 0x00000000fffc0000-0x00000000ffffffff] reserved
[    0.000000] NX (Execute Disable) protection: active
[    0.000000] SMBIOS 2.5 present.
[    0.000000] DMI: innotek GmbH VirtualBox/VirtualBox, BIOS VirtualBox 12/01/2006
[    0.000000] Hypervisor detected: KVM
[    0.000000] kvm-clock: Using msrs 4b564d01 and 4b564d00
[    0.000000] kvm-clock: cpu 0, msr 24801001, primary cpu clock
[    0.000000] kvm-clock: using sched offset of 4469060072 cycles
[    0.000003] clocksource: kvm-clock: mask: 0xffffffffffffffff max_cycles: 0x1cd42e4dffb, max_idle_ns: 881590591483 ns
[    0.000006] tsc: Detected 2100.000 MHz processor
[    0.001853] e820: update [mem 0x00000000-0x00000fff] usable ==> reserved
[    0.001855] e820: remove [mem 0x000a0000-0x000fffff] usable
[    0.001859] last_pfn = 0x7fff0 max_arch_pfn = 0x400000000
[    0.001927] MTRR default type: uncachable
[    0.001928] MTRR fixed ranges enabled:
[    0.001929]   00000-9FFFF write-back
[    0.001930]   A0000-BFFFF uncachable
[    0.001931]   C0000-FFFFF write-protect
[    0.001931] MTRR variable ranges enabled:
[    0.001933]   0 base 000000000000 mask 3FFF80000000 write-back
[    0.001933]   1 disabled
[    0.001934]   2 disabled
[    0.001934]   3 disabled
[    0.001935]   4 disabled
[    0.001935]   5 disabled
[    0.001935]   6 disabled
[    0.001936]   7 disabled
[    0.001936]   8 disabled
[    0.001937]   9 disabled
[    0.001937]   10 disabled
[    0.001938]   11 disabled
[    0.001938]   12 disabled
[    0.001938]   13 disabled
[    0.001939]   14 disabled
[    0.001939]   15 disabled
[    0.001956] x86/PAT: Configuration [0-7]: WB  WC  UC- UC  WB  WP  UC- WT  
[    0.002101] found SMP MP-table at [mem 0x0009fff0-0x0009ffff]
[    0.092162] check: Scanning 1 areas for low memory corruption
[    0.092340] RAMDISK: [mem 0x32271000-0x3512ffff]
[    0.092348] ACPI: Early table checksum verification disabled
[    0.092353] ACPI: RSDP 0x00000000000E0000 000024 (v02 VBOX  )
[    0.092358] ACPI: XSDT 0x000000007FFF0030 00003C (v01 VBOX   VBOXXSDT 00000001 ASL  00000061)
[    0.092364] ACPI: FACP 0x000000007FFF00F0 0000F4 (v04 VBOX   VBOXFACP 00000001 ASL  00000061)
[    0.092371] ACPI: DSDT 0x000000007FFF02E0 002353 (v02 VBOX   VBOXBIOS 00000002 VBOX 00029BF3)
[    0.092375] ACPI: FACS 0x000000007FFF0200 000040
[    0.092378] ACPI: FACS 0x000000007FFF0200 000040
[    0.092381] ACPI: APIC 0x000000007FFF0240 000054 (v02 VBOX   VBOXAPIC 00000001 ASL  00000061)
[    0.092385] ACPI: SSDT 0x000000007FFF02A0 000038 (v01 VBOX   VBOXCPUT 00000002 VBOX 00029BF3)
[    0.092388] ACPI: Reserving FACP table memory at [mem 0x7fff00f0-0x7fff01e3]
[    0.092389] ACPI: Reserving DSDT table memory at [mem 0x7fff02e0-0x7fff2632]
[    0.092390] ACPI: Reserving FACS table memory at [mem 0x7fff0200-0x7fff023f]
[    0.092390] ACPI: Reserving FACS table memory at [mem 0x7fff0200-0x7fff023f]
[    0.092391] ACPI: Reserving APIC table memory at [mem 0x7fff0240-0x7fff0293]
[    0.092392] ACPI: Reserving SSDT table memory at [mem 0x7fff02a0-0x7fff02d7]
[    0.092406] ACPI: Local APIC address 0xfee00000
[    0.092591] No NUMA configuration found
[    0.092593] Faking a node at [mem 0x0000000000000000-0x000000007ffeffff]
[    0.092603] NODE_DATA(0) allocated [mem 0x7ffc5000-0x7ffeffff]
[    0.092864] Zone ranges:
[    0.092865]   DMA      [mem 0x0000000000001000-0x0000000000ffffff]
[    0.092867]   DMA32    [mem 0x0000000001000000-0x000000007ffeffff]
[    0.092867]   Normal   empty
[    0.092868]   Device   empty
[    0.092869] Movable zone start for each node
[    0.092871] Early memory node ranges
[    0.092871]   node   0: [mem 0x0000000000001000-0x000000000009efff]
[    0.092872]   node   0: [mem 0x0000000000100000-0x000000007ffeffff]
[    0.092876] Zeroed struct page in unavailable ranges: 114 pages
[    0.092877] Initmem setup node 0 [mem 0x0000000000001000-0x000000007ffeffff]
[    0.092878] On node 0 totalpages: 524174
[    0.092879]   DMA zone: 64 pages used for memmap
[    0.092880]   DMA zone: 21 pages reserved
[    0.092881]   DMA zone: 3998 pages, LIFO batch:0
[    0.092952]   DMA32 zone: 8128 pages used for memmap
[    0.092953]   DMA32 zone: 520176 pages, LIFO batch:63
[    0.101824] ACPI: PM-Timer IO Port: 0x4008
[    0.101827] ACPI: Local APIC address 0xfee00000
[    0.101893] IOAPIC[0]: apic_id 1, version 32, address 0xfec00000, GSI 0-23
[    0.101897] ACPI: INT_SRC_OVR (bus 0 bus_irq 0 global_irq 2 dfl dfl)
[    0.101899] ACPI: INT_SRC_OVR (bus 0 bus_irq 9 global_irq 9 low level)
[    0.101901] ACPI: IRQ0 used by override.
[    0.101902] ACPI: IRQ9 used by override.
[    0.101904] Using ACPI (MADT) for SMP configuration information
[    0.101912] smpboot: Allowing 1 CPUs, 0 hotplug CPUs
[    0.101933] PM: Registered nosave memory: [mem 0x00000000-0x00000fff]
[    0.101935] PM: Registered nosave memory: [mem 0x0009f000-0x0009ffff]
[    0.101935] PM: Registered nosave memory: [mem 0x000a0000-0x000effff]
[    0.101936] PM: Registered nosave memory: [mem 0x000f0000-0x000fffff]
[    0.101938] [mem 0x80000000-0xfebfffff] available for PCI devices
[    0.101939] Booting paravirtualized kernel on KVM
[    0.101942] clocksource: refined-jiffies: mask: 0xffffffff max_cycles: 0xffffffff, max_idle_ns: 7645519600211568 ns
[    0.101946] setup_percpu: NR_CPUS:8192 nr_cpumask_bits:1 nr_cpu_ids:1 nr_node_ids:1
[    0.102959] percpu: Embedded 60 pages/cpu s208896 r8192 d28672 u2097152
[    0.102964] pcpu-alloc: s208896 r8192 d28672 u2097152 alloc=1*2097152
[    0.102964] pcpu-alloc: [0] 0 
[    0.102990] Built 1 zonelists, mobility grouping on.  Total pages: 515961
[    0.102991] Policy zone: DMA32
[    0.102992] Kernel command line: BOOT_IMAGE=/boot/vmlinuz-5.4.243-mptcp root=UUID=98415a12-53b7-4144-8265-0f7ece09e445 ro quiet splash
[    0.103823] Dentry cache hash table entries: 262144 (order: 9, 2097152 bytes, linear)
[    0.103968] Inode-cache hash table entries: 131072 (order: 8, 1048576 bytes, linear)
[    0.104020] mem auto-init: stack:off, heap alloc:on, heap free:off
[    0.104023] Calgary: detecting Calgary via BIOS EBDA area
[    0.104023] Calgary: Unable to locate Rio Grande table in EBDA - bailing!
[    0.108072] Memory: 1967332K/2096696K available (14339K kernel code, 2398K rwdata, 4712K rodata, 2728K init, 17260K bss, 129364K reserved, 0K cma-reserved)
[    0.108997] SLUB: HWalign=64, Order=0-3, MinObjects=0, CPUs=1, Nodes=1
[    0.109013] ftrace: allocating 43186 entries in 169 pages
[    0.127052] rcu: Hierarchical RCU implementation.
[    0.127054] rcu: 	RCU restricting CPUs from NR_CPUS=8192 to nr_cpu_ids=1.
[    0.127055] 	Tasks RCU enabled.
[    0.127056] rcu: RCU calculated value of scheduler-enlistment delay is 25 jiffies.
[    0.127057] rcu: Adjusting geometry for rcu_fanout_leaf=16, nr_cpu_ids=1
[    0.130021] NR_IRQS: 524544, nr_irqs: 256, preallocated irqs: 16
[    0.130235] random: crng init done
[    0.139508] Console: colour VGA+ 80x25
[    0.139512] printk: console [tty0] enabled
[    0.139531] ACPI: Core revision 20190816
[    0.139624] APIC: Switch to symmetric I/O mode setup
[    0.139875] x2apic enabled
[    0.140114] Switched APIC routing to physical x2apic.
[    0.141253] ..TIMER: vector=0x30 apic1=0 pin1=2 apic2=-1 pin2=-1
[    0.141281] clocksource: tsc-early: mask: 0xffffffffffffffff max_cycles: 0x1e4530a99b6, max_idle_ns: 440795257976 ns
[    0.141286] Calibrating delay loop (skipped) preset value.. 4200.00 BogoMIPS (lpj=8400000)
[    0.141288] pid_max: default: 32768 minimum: 301
[    0.141315] LSM: Security Framework initializing
[    0.141324] Yama: becoming mindful.
[    0.141349] AppArmor: AppArmor initialized
[    0.141384] Mount-cache hash table entries: 4096 (order: 3, 32768 bytes, linear)
[    0.141388] Mountpoint-cache hash table entries: 4096 (order: 3, 32768 bytes, linear)
[    0.141398] *** VALIDATE tmpfs ***
[    0.141527] *** VALIDATE proc ***
[    0.141568] *** VALIDATE cgroup1 ***
[    0.141570] *** VALIDATE cgroup2 ***
[    0.141709] process: using mwait in idle threads
[    0.141713] Last level iTLB entries: 4KB 64, 2MB 8, 4MB 8
[    0.141714] Last level dTLB entries: 4KB 64, 2MB 0, 4MB 0, 1GB 4
[    0.141735] Spectre V1 : Mitigation: usercopy/swapgs barriers and __user pointer sanitization
[    0.141741] Spectre V2 : Mitigation: Retpolines
[    0.141742] Spectre V2 : Spectre v2 / SpectreRSB mitigation: Filling RSB on context switch
[    0.141742] Spectre V2 : Spectre v2 / SpectreRSB : Filling RSB on VMEXIT
[    0.141743] RETBleed: WARNING: Spectre v2 mitigation leaves CPU vulnerable to RETBleed attacks, data leaks possible!
[    0.142107] RETBleed: Vulnerable
[    0.142107] Speculative Store Bypass: Vulnerable
[    0.142112] TAA: Mitigation: TSX disabled
[    0.142113] MMIO Stale Data: Mitigation: Clear CPU buffers
[    0.146293] Freeing SMP alternatives memory: 40K
[    0.258641] smpboot: CPU0: Intel(R) Xeon(R) Silver 4216 CPU @ 2.10GHz (family: 0x6, model: 0x55, stepping: 0x7)
[    0.258752] Performance Events: unsupported p6 CPU model 85 no PMU driver, software events only.
[    0.258785] rcu: Hierarchical SRCU implementation.
[    0.259259] NMI watchdog: Perf NMI watchdog permanently disabled
[    0.259297] smp: Bringing up secondary CPUs ...
[    0.259298] smp: Brought up 1 node, 1 CPU
[    0.259299] smpboot: Max logical packages: 1
[    0.259300] smpboot: Total of 1 processors activated (4200.00 BogoMIPS)
[    0.260264] devtmpfs: initialized
[    0.260308] x86/mm: Memory block size: 128MB
[    0.260651] clocksource: jiffies: mask: 0xffffffff max_cycles: 0xffffffff, max_idle_ns: 7645041785100000 ns
[    0.260657] futex hash table entries: 256 (order: 2, 16384 bytes, linear)
[    0.260700] pinctrl core: initialized pinctrl subsystem
[    0.260801] PM: RTC time: 18:47:11, date: 2026-01-14
[    0.260906] NET: Registered protocol family 16
[    0.260980] audit: initializing netlink subsys (disabled)
[    0.261103] EISA bus registered
[    0.261104] cpuidle: using governor ladder
[    0.261105] cpuidle: using governor menu
[    0.261140] ACPI: bus type PCI registered
[    0.261141] acpiphp: ACPI Hot Plug PCI Controller Driver version: 0.5
[    0.261242] PCI: Using configuration type 1 for base access
[    0.261466] audit: type=2000 audit(1768387637.867:1): state=initialized audit_enabled=0 res=1
[    0.261544] HugeTLB registered 2.00 MiB page size, pre-allocated 0 pages
[    0.262367] ACPI: Added _OSI(Module Device)
[    0.262368] ACPI: Added _OSI(Processor Device)
[    0.262369] ACPI: Added _OSI(3.0 _SCP Extensions)
[    0.262370] ACPI: Added _OSI(Processor Aggregator Device)
[    0.262370] ACPI: Added _OSI(Linux-Dell-Video)
[    0.262371] ACPI: Added _OSI(Linux-Lenovo-NV-HDMI-Audio)
[    0.262372] ACPI: Added _OSI(Linux-HPI-Hybrid-Graphics)
[    0.264311] ACPI: 2 ACPI AML tables successfully acquired and loaded
[    0.265898] ACPI: Interpreter enabled
[    0.265908] ACPI: (supports S0 S5)
[    0.265909] ACPI: Using IOAPIC for interrupt routing
[    0.266113] PCI: Using host bridge windows from ACPI; if necessary, use "pci=nocrs" and report a bug
[    0.266217] ACPI: Enabled 2 GPEs in block 00 to 07
[    0.270967] ACPI: PCI Root Bridge [PCI0] (domain 0000 [bus 00-ff])
[    0.270971] acpi PNP0A03:00: _OSC: OS supports [ASPM ClockPM Segments MSI HPX-Type3]
[    0.271417] acpi PNP0A03:00: _OSC: not requesting OS control; OS requires [ExtendedConfig ASPM ClockPM MSI]
[    0.271425] acpi PNP0A03:00: fail to add MMCONFIG information, can't access extended PCI configuration space under this bridge.
[    0.271791] PCI host bridge to bus 0000:00
[    0.271793] pci_bus 0000:00: root bus resource [io  0x0000-0x0cf7 window]
[    0.271794] pci_bus 0000:00: root bus resource [io  0x0d00-0xffff window]
[    0.271796] pci_bus 0000:00: root bus resource [mem 0x000a0000-0x000bffff window]
[    0.271797] pci_bus 0000:00: root bus resource [mem 0x80000000-0xfdffffff window]
[    0.271798] pci_bus 0000:00: root bus resource [bus 00-ff]
[    0.271839] pci 0000:00:00.0: [8086:1237] type 00 class 0x060000
[    0.272763] pci 0000:00:01.0: [8086:7000] type 00 class 0x060100
[    0.273489] pci 0000:00:01.1: [8086:7111] type 00 class 0x01018a
[    0.273858] pci 0000:00:01.1: reg 0x20: [io  0xd000-0xd00f]
[    0.274010] pci 0000:00:01.1: legacy IDE quirk: reg 0x10: [io  0x01f0-0x01f7]
[    0.274011] pci 0000:00:01.1: legacy IDE quirk: reg 0x14: [io  0x03f6]
[    0.274011] pci 0000:00:01.1: legacy IDE quirk: reg 0x18: [io  0x0170-0x0177]
[    0.274012] pci 0000:00:01.1: legacy IDE quirk: reg 0x1c: [io  0x0376]
[    0.274549] pci 0000:00:02.0: [15ad:0405] type 00 class 0x030000
[    0.277361] pci 0000:00:02.0: reg 0x10: [io  0xd010-0xd01f]
[    0.280180] pci 0000:00:02.0: reg 0x14: [mem 0xe0000000-0xe7ffffff pref]
[    0.283146] pci 0000:00:02.0: reg 0x18: [mem 0xf0000000-0xf01fffff]
[    0.293828] pci 0000:00:03.0: [1022:2000] type 00 class 0x020000
[    0.294503] pci 0000:00:03.0: reg 0x10: [io  0xd020-0xd03f]
[    0.295106] pci 0000:00:03.0: reg 0x14: [mem 0xf0200000-0xf0200fff]
[    0.298636] pci 0000:00:04.0: [80ee:cafe] type 00 class 0x088000
[    0.299300] pci 0000:00:04.0: reg 0x10: [io  0xd040-0xd05f]
[    0.299905] pci 0000:00:04.0: reg 0x14: [mem 0xf0400000-0xf07fffff]
[    0.300510] pci 0000:00:04.0: reg 0x18: [mem 0xf0800000-0xf0803fff pref]
[    0.303775] pci 0000:00:07.0: [8086:7113] type 00 class 0x068000
[    0.304306] pci 0000:00:07.0: quirk: [io  0x4000-0x403f] claimed by PIIX4 ACPI
[    0.304318] pci 0000:00:07.0: quirk: [io  0x4100-0x410f] claimed by PIIX4 SMB
[    0.304891] pci 0000:00:08.0: [1022:2000] type 00 class 0x020000
[    0.305400] pci 0000:00:08.0: reg 0x10: [io  0xd060-0xd07f]
[    0.306009] pci 0000:00:08.0: reg 0x14: [mem 0xf0804000-0xf0804fff]
[    0.309352] pci 0000:00:09.0: [8086:100e] type 00 class 0x020000
[    0.310053] pci 0000:00:09.0: reg 0x10: [mem 0xf0820000-0xf083ffff]
[    0.311201] pci 0000:00:09.0: reg 0x18: [io  0xd080-0xd087]
[    0.322154] ACPI: PCI Interrupt Link [LNKA] (IRQs 5 9 10 *11)
[    0.322435] ACPI: PCI Interrupt Link [LNKB] (IRQs 5 9 *10 11)
[    0.322539] ACPI: PCI Interrupt Link [LNKC] (IRQs 5 *9 10 11)
[    0.322637] ACPI: PCI Interrupt Link [LNKD] (IRQs 5 9 10 *11)
[    0.322878] iommu: Default domain type: Translated 
[    0.322936] pci 0000:00:02.0: vgaarb: setting as boot VGA device
[    0.322938] pci 0000:00:02.0: vgaarb: VGA device added: decodes=io+mem,owns=io+mem,locks=none
[    0.322940] pci 0000:00:02.0: vgaarb: bridge control possible
[    0.322941] vgaarb: loaded
[    0.323142] SCSI subsystem initialized
[    0.323172] libata version 3.00 loaded.
[    0.323197] ACPI: bus type USB registered
[    0.323213] usbcore: registered new interface driver usbfs
[    0.323220] usbcore: registered new interface driver hub
[    0.323225] usbcore: registered new device driver usb
[    0.323249] pps_core: LinuxPPS API ver. 1 registered
[    0.323250] pps_core: Software ver. 5.3.6 - Copyright 2005-2007 Rodolfo Giometti <giometti@linux.it>
[    0.323252] PTP clock support registered
[    0.323285] EDAC MC: Ver: 3.0.0
[    0.323562] PCI: Using ACPI for IRQ routing
[    0.323563] PCI: pci_cache_line_size set to 64 bytes
[    0.323731] e820: reserve RAM buffer [mem 0x0009fc00-0x0009ffff]
[    0.323735] e820: reserve RAM buffer [mem 0x7fff0000-0x7fffffff]
[    0.324531] NetLabel: Initializing
[    0.324532] NetLabel:  domain hash size = 128
[    0.324532] NetLabel:  protocols = UNLABELED CIPSOv4 CALIPSO
[    0.324552] NetLabel:  unlabeled traffic allowed by default
[    0.325299] clocksource: Switched to clocksource kvm-clock
[    0.339666] *** VALIDATE bpf ***
[    0.339722] VFS: Disk quotas dquot_6.6.0
[    0.339734] VFS: Dquot-cache hash table entries: 512 (order 0, 4096 bytes)
[    0.339754] *** VALIDATE ramfs ***
[    0.339758] *** VALIDATE hugetlbfs ***
[    0.339836] AppArmor: AppArmor Filesystem Enabled
[    0.339859] pnp: PnP ACPI init
[    0.339919] pnp 00:00: Plug and Play ACPI device, IDs PNP0303 (active)
[    0.339982] pnp 00:01: Plug and Play ACPI device, IDs PNP0f03 (active)
[    0.340703] pnp: PnP ACPI: found 2 devices
[    0.341670] thermal_sys: Registered thermal governor 'fair_share'
[    0.341671] thermal_sys: Registered thermal governor 'bang_bang'
[    0.341672] thermal_sys: Registered thermal governor 'step_wise'
[    0.341672] thermal_sys: Registered thermal governor 'user_space'
[    0.341673] thermal_sys: Registered thermal governor 'power_allocator'
[    0.346186] clocksource: acpi_pm: mask: 0xffffff max_cycles: 0xffffff, max_idle_ns: 2085701024 ns
[    0.346225] pci_bus 0000:00: resource 4 [io  0x0000-0x0cf7 window]
[    0.346227] pci_bus 0000:00: resource 5 [io  0x0d00-0xffff window]
[    0.346228] pci_bus 0000:00: resource 6 [mem 0x000a0000-0x000bffff window]
[    0.346229] pci_bus 0000:00: resource 7 [mem 0x80000000-0xfdffffff window]
[    0.346286] NET: Registered protocol family 2
[    0.346359] IP idents hash table entries: 32768 (order: 6, 262144 bytes, linear)
[    0.346756] MPTCP tokens hash table entries: 8192 (order: 4, 65536 bytes, linear)
[    0.346776] MPTCP request tokens hash table entries: 8192 (order: 4, 65536 bytes, linear)
[    0.346801] default registered
[    0.346801] default registered
[    0.346802] MPTCP: Stable release v0.96
[    0.346806] tcp_listen_portaddr_hash hash table entries: 1024 (order: 2, 16384 bytes, linear)
[    0.346887] TCP established hash table entries: 16384 (order: 5, 131072 bytes, linear)
[    0.346948] TCP bind hash table entries: 16384 (order: 6, 262144 bytes, linear)
[    0.346973] TCP: Hash tables configured (established 16384 bind 16384)
[    0.347694] UDP hash table entries: 1024 (order: 3, 32768 bytes, linear)
[    0.347705] UDP-Lite hash table entries: 1024 (order: 3, 32768 bytes, linear)
[    0.347739] NET: Registered protocol family 1
[    0.347748] NET: Registered protocol family 44
[    0.347770] pci 0000:00:00.0: Limiting direct PCI/PCI transfers
[    0.347782] pci 0000:00:01.0: Activating ISA DMA hang workarounds
[    0.347834] pci 0000:00:02.0: Video device with shadowed ROM at [mem 0x000c0000-0x000dffff]
[    0.347895] PCI: CLS 0 bytes, default 64
[    0.347940] Trying to unpack rootfs image as initramfs...
[    0.524403] Freeing initrd memory: 47868K
[    0.524496] clocksource: tsc: mask: 0xffffffffffffffff max_cycles: 0x1e4530a99b6, max_idle_ns: 440795257976 ns
[    0.524506] clocksource: Switched to clocksource tsc
[    0.524544] platform rtc_cmos: registered platform RTC device (no PNP device found)
[    0.524575] check: Scanning for low memory corruption every 60 seconds
[    0.524885] Initialise system trusted keyrings
[    0.524895] Key type blacklist registered
[    0.524937] workingset: timestamp_bits=36 max_order=19 bucket_order=0
[    0.526259] zbud: loaded
[    0.526652] squashfs: version 4.0 (2009/01/31) Phillip Lougher
[    0.526789] fuse: init (API version 7.31)
[    0.526807] *** VALIDATE fuse ***
[    0.526808] *** VALIDATE fuse ***
[    0.526912] Platform Keyring initialized
[    0.527653] Key type asymmetric registered
[    0.527653] Asymmetric key parser 'x509' registered
[    0.527653] Block layer SCSI generic (bsg) driver version 0.4 loaded (major 244)
[    0.527653] io scheduler mq-deadline registered
[    0.527653] shpchp: Standard Hot Plug PCI Controller Driver version: 0.4
[    0.530062] ACPI: AC Adapter [AC] (on-line)
[    0.530127] input: Power Button as /devices/LNXSYSTM:00/LNXPWRBN:00/input/input0
[    0.530155] ACPI: Power Button [PWRF]
[    0.530228] input: Sleep Button as /devices/LNXSYSTM:00/LNXSLPBN:00/input/input1
[    0.530242] ACPI: Sleep Button [SLPF]
[    0.530484] Serial: 8250/16550 driver, 32 ports, IRQ sharing enabled
[    0.531628] Linux agpgart interface v0.103
[    0.627170] loop: module loaded
[    0.627346] ata_piix 0000:00:01.1: version 2.13
[    0.627877] scsi host0: ata_piix
[    0.627990] scsi host1: ata_piix
[    0.628026] ata1: PATA max UDMA/33 cmd 0x1f0 ctl 0x3f6 bmdma 0xd000 irq 14
[    0.628028] ata2: PATA max UDMA/33 cmd 0x170 ctl 0x376 bmdma 0xd008 irq 15
[    0.628125] tun: Universal TUN/TAP device driver, 1.6
[    0.630706] PPP generic driver version 2.4.2
[    0.630764] VFIO - User Level meta-driver version: 0.3
[    0.631118] ehci_hcd: USB 2.0 'Enhanced' Host Controller (EHCI) Driver
[    0.631125] ehci-pci: EHCI PCI platform driver
[    0.631141] ehci-platform: EHCI generic platform driver
[    0.631149] ohci_hcd: USB 1.1 'Open' Host Controller (OHCI) Driver
[    0.631151] ohci-pci: OHCI PCI platform driver
[    0.631161] ohci-platform: OHCI generic platform driver
[    0.631167] uhci_hcd: USB Universal Host Controller Interface driver
[    0.631250] i8042: PNP: PS/2 Controller [PNP0303:PS2K,PNP0f03:PS2M] at 0x60,0x64 irq 1,12
[    0.631804] serio: i8042 KBD port at 0x60,0x64 irq 1
[    0.631809] serio: i8042 AUX port at 0x60,0x64 irq 12
[    0.631927] mousedev: PS/2 mouse device common for all mice
[    0.632255] input: AT Translated Set 2 keyboard as /devices/platform/i8042/serio0/input/input2
[    0.632767] rtc_cmos rtc_cmos: registered as rtc0
[    0.632785] rtc_cmos rtc_cmos: alarms up to one day, 114 bytes nvram
[    0.632792] i2c /dev entries driver
[    0.632844] device-mapper: uevent: version 1.0.3
[    0.632901] device-mapper: ioctl: 4.41.0-ioctl (2019-09-16) initialised: dm-devel@redhat.com
[    0.632922] platform eisa.0: Probing EISA bus 0
[    0.632924] platform eisa.0: EISA: Cannot allocate resource for mainboard
[    0.632925] platform eisa.0: Cannot allocate resource for EISA slot 1
[    0.632927] platform eisa.0: Cannot allocate resource for EISA slot 2
[    0.632928] platform eisa.0: Cannot allocate resource for EISA slot 3
[    0.632930] platform eisa.0: Cannot allocate resource for EISA slot 4
[    0.632931] platform eisa.0: Cannot allocate resource for EISA slot 5
[    0.632932] platform eisa.0: Cannot allocate resource for EISA slot 6
[    0.632934] platform eisa.0: Cannot allocate resource for EISA slot 7
[    0.632935] platform eisa.0: Cannot allocate resource for EISA slot 8
[    0.632937] platform eisa.0: EISA: Detected 0 cards
[    0.632940] intel_pstate: CPU model not supported
[    0.632951] ledtrig-cpu: registered to indicate activity on CPUs
[    0.633013] drop_monitor: Initializing network drop monitor service
[    0.633227] NET: Registered protocol family 10
[    0.639430] Segment Routing with IPv6
[    0.639430] fullmesh registered
[    0.639430] ndiffports registered
[    0.639430] binder registered
[    0.639430] roundrobin registered
[    0.639430] redundant registered
[    0.639430] blest registered
[    0.639430] ecf registered
[    0.639430] NET: Registered protocol family 17
[    0.639430] Key type dns_resolver registered
[    0.639430] RAS: Correctable Errors collector initialized.
[    0.639430] IPI shorthand broadcast: enabled
[    0.639430] sched_clock: Marking stable (624372801, 11058168)->(635942721, -511752)
[    0.640464] registered taskstats version 1
[    0.640474] Loading compiled-in X.509 certificates
[    0.641305] Loaded X.509 cert 'Build time autogenerated kernel key: 6909f3744cebb3d0de528d5887b96a727de79b1e'
[    0.641328] zswap: loaded using pool lzo/zbud
[    0.641396] Key type ._fscrypt registered
[    0.641396] Key type .fscrypt registered
[    0.647813] Key type big_key registered
[    0.650902] Key type encrypted registered
[    0.650906] AppArmor: AppArmor sha1 policy hashing enabled
[    0.650919] ima: No TPM chip found, activating TPM-bypass!
[    0.650925] ima: Allocated hash algorithm: sha1
[    0.650932] ima: No architecture policies found
[    0.650943] evm: Initialising EVM extended attributes:
[    0.650944] evm: security.selinux
[    0.650944] evm: security.SMACK64
[    0.650945] evm: security.SMACK64EXEC
[    0.650946] evm: security.SMACK64TRANSMUTE
[    0.650946] evm: security.SMACK64MMAP
[    0.650947] evm: security.apparmor
[    0.650948] evm: security.ima
[    0.650948] evm: security.capability
[    0.650949] evm: HMAC attrs: 0x1
[    0.651331] PM:   Magic number: 10:167:797
[    0.651471] rtc_cmos rtc_cmos: setting system clock to 2026-01-14T18:47:12 UTC (1768416432)
[    0.801766] ata1.00: ATA-6: VBOX HARDDISK, 1.0, max UDMA/133
[    0.801769] ata1.00: 209715200 sectors, multi 128: LBA 
[    0.802418] scsi 0:0:0:0: Direct-Access     ATA      VBOX HARDDISK    1.0  PQ: 0 ANSI: 5
[    0.802683] sd 0:0:0:0: [sda] 209715200 512-byte logical blocks: (107 GB/100 GiB)
[    0.802696] sd 0:0:0:0: [sda] Write Protect is off
[    0.802699] sd 0:0:0:0: [sda] Mode Sense: 00 3a 00 00
[    0.802719] sd 0:0:0:0: [sda] Write cache: enabled, read cache: enabled, doesn't support DPO or FUA
[    0.802920] sd 0:0:0:0: Attached scsi generic sg0 type 0
[    0.803822]  sda: sda1 sda2
[    0.815358] sd 0:0:0:0: [sda] Attached SCSI disk
[    0.819250] Freeing unused decrypted memory: 2040K
[    0.820325] Freeing unused kernel image memory: 2728K
[    0.820328] Write protecting the kernel read-only data: 22528k
[    0.821499] Freeing unused kernel image memory: 2036K
[    0.822126] Freeing unused kernel image memory: 1432K
[    0.853169] x86/mm: Checked W+X mappings: passed, no W+X pages found.
[    0.853173] Run /init as init process
[    0.951476] ACPI: Video Device [GFX0] (multi-head: yes  rom: no  post: no)
[    0.951546] input: Video Bus as /devices/LNXSYSTM:00/LNXSYBUS:00/PNP0A03:00/LNXVIDEO:00/input/input4
[    0.962443] pcnet32: pcnet32.c:v1.35 21.Apr.2008 tsbogend@alpha.franken.de
[    0.965581] piix4_smbus 0000:00:07.0: SMBus Host Controller at 0x4100, revision 0
[    0.969662] e1000: Intel(R) PRO/1000 Network Driver - version 7.3.21-k8-NAPI
[    0.969662] e1000: Copyright (c) 1999-2006 Intel Corporation.
[    0.971710] pcnet32: PCnet/FAST III 79C973 at 0xd020, 08:00:27:5a:05:7f assigned IRQ 19
[    0.971754] pcnet32: Found PHY 0022:561b at address 0
[    0.972046] pcnet32: eth0: registered as PCnet/FAST III 79C973
[    0.981222] pcnet32: PCnet/FAST III 79C973 at 0xd060, 08:00:27:56:94:84 assigned IRQ 16
[    0.981264] pcnet32: Found PHY 0022:561b at address 0
[    0.981564] pcnet32: eth1: registered as PCnet/FAST III 79C973
[    0.987190] pcnet32: 2 cards_found
[    1.041504] pcnet32 0000:00:03.0 enp0s3: renamed from eth0
[    1.042668] pcnet32 0000:00:08.0 enp0s8: renamed from eth1
[    1.180667] input: ImExPS/2 Generic Explorer Mouse as /devices/platform/i8042/serio1/input/input5
[    1.375410] e1000 0000:00:09.0 eth0: (PCI:33MHz:32-bit) 08:00:27:fc:e0:50
[    1.375414] e1000 0000:00:09.0 eth0: Intel(R) PRO/1000 Network Connection
[    1.376405] e1000 0000:00:09.0 enp0s9: renamed from eth0
[    1.530352] EXT4-fs (sda2): mounted filesystem with ordered data mode. Opts: (null)
[    1.625416] systemd[1]: Inserted module 'autofs4'
[    1.637587] systemd[1]: systemd 245.4-4ubuntu3 running in system mode. (+PAM +AUDIT +SELINUX +IMA +APPARMOR +SMACK +SYSVINIT +UTMP +LIBCRYPTSETUP +GCRYPT +GNUTLS +ACL +XZ +LZ4 +SECCOMP +BLKID +ELFUTILS +KMOD +IDN2 -IDN +PCRE2 default-hierarchy=hybrid)
[    1.637615] systemd[1]: Detected virtualization oracle.
[    1.637618] systemd[1]: Detected architecture x86-64.
[    1.638894] systemd[1]: Set hostname to <ztg>.
[    1.765331] systemd[1]: /lib/systemd/system/dbus.socket:5: ListenStream= references a path below legacy directory /var/run/, updating /var/run/dbus/system_bus_socket â†’ /run/dbus/system_bus_socket; please update the unit file accordingly.
[    1.818983] systemd[1]: Created slice system-modprobe.slice.
[    1.819221] systemd[1]: Created slice User and Session Slice.
[    1.819269] systemd[1]: Started Forward Password Requests to Wall Directory Watch.
[    1.819417] systemd[1]: Set up automount Arbitrary Executable File Formats File System Automount Point.
[    1.819447] systemd[1]: Reached target User and Group Name Lookups.
[    1.819457] systemd[1]: Reached target Remote File Systems.
[    1.819464] systemd[1]: Reached target Slices.
[    1.820038] systemd[1]: Listening on Syslog Socket.
[    1.820104] systemd[1]: Listening on fsck to fsckd communication Socket.
[    1.820140] systemd[1]: Listening on initctl Compatibility Named Pipe.
[    1.820266] systemd[1]: Listening on Journal Audit Socket.
[    1.820321] systemd[1]: Listening on Journal Socket (/dev/log).
[    1.820388] systemd[1]: Listening on Journal Socket.
[    1.820450] systemd[1]: Listening on udev Control Socket.
[    1.820490] systemd[1]: Listening on udev Kernel Socket.
[    1.821154] systemd[1]: Mounting Huge Pages File System...
[    1.822003] systemd[1]: Mounting POSIX Message Queue File System...
[    1.822817] systemd[1]: Mounting Kernel Debug File System...
[    1.823647] systemd[1]: Mounting Kernel Trace File System...
[    1.825474] systemd[1]: Starting Journal Service...
[    1.849466] systemd[1]: Starting Set the console keyboard layout...
[    1.857345] systemd[1]: Starting Create list of static device nodes for the current kernel...
[    1.859376] systemd[1]: Starting Load Kernel Module drm...
[    1.860502] systemd[1]: Condition check resulted in Set Up Additional Binary Formats being skipped.
[    1.860541] systemd[1]: Condition check resulted in File System Check on Root Device being skipped.
[    1.868089] systemd[1]: Starting Load Kernel Modules...
[    1.879358] systemd[1]: Starting Remount Root and Kernel File Systems...
[    1.886151] systemd[1]: Starting udev Coldplug all Devices...
[    1.899400] EXT4-fs (sda2): re-mounted. Opts: errors=remount-ro
[    1.899809] systemd[1]: Starting Uncomplicated firewall...
[    1.902980] systemd[1]: Mounted Huge Pages File System.
[    1.903061] systemd[1]: Mounted POSIX Message Queue File System.
[    1.903134] systemd[1]: Mounted Kernel Debug File System.
[    1.920576] systemd[1]: Mounted Kernel Trace File System.
[    1.920906] systemd[1]: Finished Create list of static device nodes for the current kernel.
[    1.921124] systemd[1]: modprobe@drm.service: Succeeded.
[    1.921341] systemd[1]: Finished Load Kernel Module drm.
[    1.921820] systemd[1]: Finished Remount Root and Kernel File Systems.
[    1.938160] systemd[1]: Finished Uncomplicated firewall.
[    1.949037] lp: driver loaded but no devices found
[    1.950296] systemd[1]: Condition check resulted in Rebuild Hardware Database being skipped.
[    1.950334] systemd[1]: Condition check resulted in Platform Persistent Storage Archival being skipped.
[    1.950954] systemd[1]: Starting Load/Save Random Seed...
[    1.957045] systemd[1]: Starting Create System Users...
[    1.965867] systemd[1]: Finished Load/Save Random Seed.
[    1.967089] ppdev: user-space parallel port driver
[    1.974654] systemd[1]: Finished Create System Users.
[    1.975443] systemd[1]: Starting Create Static Device Nodes in /dev...
[    2.007265] systemd[1]: Finished Create Static Device Nodes in /dev.
[    2.007984] systemd[1]: Starting udev Kernel Device Manager...
[    2.053224] systemd[1]: Finished udev Coldplug all Devices.
[    2.055823] [drm] DMA map mode: Caching DMA mappings.
[    2.055887] [drm] Capabilities:
[    2.055887] [drm]   Rect copy.
[    2.055888] [drm]   Cursor.
[    2.055888] [drm]   Cursor bypass.
[    2.055888] [drm]   Cursor bypass 2.
[    2.055889] [drm]   Alpha cursor.
[    2.055889] [drm]   Extended Fifo.
[    2.055890] [drm]   Pitchlock.
[    2.055890] [drm]   Irq mask.
[    2.055890] [drm]   GMR.
[    2.055890] [drm]   Traces.
[    2.055891] [drm]   GMR2.
[    2.055891] [drm]   Screen Object 2.
[    2.055892] [drm]   Command Buffers.
[    2.055892] [drm]   Command Buffers 2.
[    2.055892] [drm]   Guest Backed Resources.
[    2.055893] [drm] Max GMR ids is 8192
[    2.055894] [drm] Max number of GMR pages is 1048576
[    2.055894] [drm] Max dedicated hypervisor surface memory is 393216 kiB
[    2.055895] [drm] Maximum display memory size is 131072 kiB
[    2.055895] [drm] VRAM at 0xe0000000 size is 131072 kiB
[    2.055896] [drm] MMIO at 0xf0000000 size is 2048 kiB
[    2.056915] [TTM] Zone  kernel: Available graphics memory: 1011738 KiB
[    2.056915] [TTM] Initializing pool allocator
[    2.056918] [TTM] Initializing DMA pool allocator
[    2.056947] [drm] Supports vblank timestamp caching Rev 2 (21.10.2013).
[    2.056948] [drm] No driver support for vblank timestamp query.
[    2.057196] [drm] Screen Target Display device initialized
[    2.057374] [drm] width 720
[    2.057383] [drm] height 400
[    2.057386] [drm] bpp 32
[    2.057883] [drm] Fifo max 0x00200000 min 0x00001000 cap 0x00000355
[    2.058956] [drm] Using command buffers with DMA pool.
[    2.058959] [drm] DX: no.
[    2.058960] [drm] Atomic: yes.
[    2.058960] [drm] SM4_1: no.
[    2.058978] [drm:vmw_host_log [vmwgfx]] *ERROR* Failed to send host log message.
[    2.060251] [drm:vmw_host_log [vmwgfx]] *ERROR* Failed to send host log message.
[    2.071692] fbcon: svgadrmfb (fb0) is primary device
[    2.077626] Console: switching to colour frame buffer device 100x37
[    2.083692] [drm] Initialized vmwgfx 2.15.0 20180704 for 0000:00:02.0 on minor 0
[    2.085521] systemd[1]: Finished Load Kernel Modules.
[    2.086375] systemd[1]: Mounting FUSE Control File System...
[    2.087475] systemd[1]: Mounting Kernel Configuration File System...
[    2.107223] systemd[1]: Starting Apply Kernel Variables...
[    2.116979] systemd[1]: Mounted FUSE Control File System.
[    2.117046] systemd[1]: Condition check resulted in VMware vmblock fuse mount being skipped.
[    2.120474] systemd[1]: Mounted Kernel Configuration File System.
[    2.151537] systemd[1]: Finished Set the console keyboard layout.
[    2.151622] systemd[1]: Reached target Local File Systems (Pre).
[    2.153723] systemd[1]: Mounting Mount unit for bare, revision 5...
[    2.157967] systemd[1]: Mounting Mount unit for core18, revision 1705...
[    2.159526] systemd[1]: Mounting Mount unit for gnome-3-34-1804, revision 24...
[    2.165869] systemd[1]: Mounting Mount unit for gtk-common-themes, revision 1506...
[    2.170322] systemd[1]: Mounting Mount unit for gtk-common-themes, revision 1535...
[    2.184950] systemd[1]: Mounting Mount unit for snap-store, revision 433...
[    2.193188] systemd[1]: Mounting Mount unit for snapd, revision 25935...
[    2.223606] systemd[1]: Finished Apply Kernel Variables.
[    2.225610] systemd[1]: Mounted Mount unit for bare, revision 5.
[    2.230194] systemd[1]: Mounted Mount unit for core18, revision 1705.
[    2.230273] systemd[1]: Mounted Mount unit for gnome-3-34-1804, revision 24.
[    2.230340] systemd[1]: Mounted Mount unit for gtk-common-themes, revision 1506.
[    2.237555] systemd[1]: Started udev Kernel Device Manager.
[    2.238191] systemd[1]: Starting Show Plymouth Boot Screen...
[    2.244465] systemd[1]: Received SIGRTMIN+20 from PID 280 (plymouthd).
[    2.267110] systemd[1]: Started Show Plymouth Boot Screen.
[    2.267255] systemd[1]: Condition check resulted in Dispatch Password Requests to Console Directory Watch being skipped.
[    2.267339] systemd[1]: Started Forward Password Requests to Plymouth Directory Watch.
[    2.267382] systemd[1]: Reached target Local Encrypted Volumes.
[    2.299315] systemd[1]: Mounted Mount unit for gtk-common-themes, revision 1535.
[    2.331288] systemd[1]: Mounted Mount unit for snapd, revision 25935.
[    2.333406] systemd[1]: Mounted Mount unit for snap-store, revision 433.
[    2.333624] systemd[1]: Reached target Local File Systems.
[    2.334369] systemd[1]: Starting Load AppArmor profiles...
[    2.336763] systemd[1]: Starting Set console font and keymap...
[    2.347481] systemd[1]: Starting Tell Plymouth To Write Out Runtime Data...
[    2.351671] systemd[1]: Condition check resulted in Store a System Token in an EFI Variable being skipped.
[    2.351729] systemd[1]: Condition check resulted in Commit a transient machine-id on disk being skipped.
[    2.354057] systemd[1]: Finished Set console font and keymap.
[    2.363187] systemd[1]: Received SIGRTMIN+20 from PID 280 (plymouthd).
[    2.364191] systemd[1]: plymouth-read-write.service: Succeeded.
[    2.364414] systemd[1]: Finished Tell Plymouth To Write Out Runtime Data.
[    2.381611] audit: type=1400 audit(1768416434.224:2): apparmor="STATUS" operation="profile_load" profile="unconfined" name="nvidia_modprobe" pid=300 comm="apparmor_parser"
[    2.381613] audit: type=1400 audit(1768416434.224:3): apparmor="STATUS" operation="profile_load" profile="unconfined" name="nvidia_modprobe//kmod" pid=300 comm="apparmor_parser"
[    2.391521] audit: type=1400 audit(1768416434.232:4): apparmor="STATUS" operation="profile_load" profile="unconfined" name="/usr/sbin/tcpdump" pid=301 comm="apparmor_parser"
[    2.439589] audit: type=1400 audit(1768416434.280:5): apparmor="STATUS" operation="profile_load" profile="unconfined" name="/usr/bin/evince" pid=303 comm="apparmor_parser"
[    2.439591] audit: type=1400 audit(1768416434.280:6): apparmor="STATUS" operation="profile_load" profile="unconfined" name="/usr/bin/evince//sanitized_helper" pid=303 comm="apparmor_parser"
[    2.439594] audit: type=1400 audit(1768416434.280:7): apparmor="STATUS" operation="profile_load" profile="unconfined" name="/usr/bin/evince-previewer" pid=303 comm="apparmor_parser"
[    2.439595] audit: type=1400 audit(1768416434.280:8): apparmor="STATUS" operation="profile_load" profile="unconfined" name="/usr/bin/evince-previewer//sanitized_helper" pid=303 comm="apparmor_parser"
[    2.439597] audit: type=1400 audit(1768416434.280:9): apparmor="STATUS" operation="profile_load" profile="unconfined" name="/usr/bin/evince-thumbnailer" pid=303 comm="apparmor_parser"
[    2.470954] audit: type=1400 audit(1768416434.316:10): apparmor="STATUS" operation="profile_load" profile="unconfined" name="/usr/lib/cups/backend/cups-pdf" pid=304 comm="apparmor_parser"
[    2.533624] systemd[1]: Finished Load AppArmor profiles.
[    2.534488] systemd[1]: Starting Load AppArmor profiles managed internally by snapd...
[    2.648582] systemd[1]: Finished Load AppArmor profiles managed internally by snapd.
[    2.801363] systemd[1]: Started Journal Service.
[    2.810367] systemd-journald[229]: Received client request to flush runtime journal.
[    2.812896] systemd-journald[229]: File /var/log/journal/c455b248004a419c87ce85eea238d727/system.journal corrupted or uncleanly shut down, renaming and replacing.
[    3.992829] RAPL PMU: API unit is 2^-32 Joules, 0 fixed counters, 10737418240 ms ovfl timer
[    4.022215] cryptd: max_cpu_qlen set to 1000
[    4.073213] AVX2 version of gcm_enc/dec engaged.
[    4.073215] AES CTR mode by8 optimization enabled
[    5.889471] Adding 1998844k swap on /dev/sda1.  Priority:-2 extents:1 across:1998844k FS
[    6.933468] kauditd_printk_skb: 30 callbacks suppressed
[    6.933469] audit: type=1400 audit(1768416438.776:41): apparmor="DENIED" operation="capable" profile="/usr/sbin/cups-browsed" pid=508 comm="cups-browsed" capability=23  capname="sys_nice"
[    8.224286] pcnet32 0000:00:03.0 enp0s3: link up, 100Mbps, full-duplex
[    8.247100] pcnet32 0000:00:08.0 enp0s8: link up, 100Mbps, full-duplex
[    8.280123] e1000: enp0s9 NIC Link is Up 1000 Mbps Full Duplex, Flow Control: RX
[    8.280406] IPv6: ADDRCONF(NETDEV_CHANGE): enp0s9: link becomes ready
[    8.801558] device enp0s8 entered promiscuous mode
[    8.806994] device enp0s3 entered promiscuous mode
[    8.839542] audit: type=1400 audit(1768416440.684:42): apparmor="DENIED" operation="open" profile="/usr/sbin/tcpdump" name="/proc/sys/kernel/random/boot_id" pid=629 comm="tcpdump" requested_mask="r" denied_mask="r" fsuid=0 ouid=0
[    8.841265] audit: type=1400 audit(1768416440.684:43): apparmor="DENIED" operation="open" profile="/usr/sbin/tcpdump" name="/proc/sys/kernel/random/boot_id" pid=629 comm="tcpdump" requested_mask="r" denied_mask="r" fsuid=0 ouid=0
[    8.841328] audit: type=1400 audit(1768416440.684:44): apparmor="DENIED" operation="open" profile="/usr/sbin/tcpdump" name="/proc/sys/kernel/random/boot_id" pid=629 comm="tcpdump" requested_mask="r" denied_mask="r" fsuid=0 ouid=0
[    8.841700] audit: type=1400 audit(1768416440.688:45): apparmor="DENIED" operation="open" profile="/usr/sbin/tcpdump" name="/proc/sys/kernel/random/boot_id" pid=629 comm="tcpdump" requested_mask="r" denied_mask="r" fsuid=0 ouid=0
[    8.841753] audit: type=1400 audit(1768416440.688:46): apparmor="DENIED" operation="open" profile="/usr/sbin/tcpdump" name="/proc/sys/kernel/random/boot_id" pid=628 comm="tcpdump" requested_mask="r" denied_mask="r" fsuid=0 ouid=0
[    8.842412] audit: type=1400 audit(1768416440.688:47): apparmor="DENIED" operation="open" profile="/usr/sbin/tcpdump" name="/proc/sys/kernel/random/boot_id" pid=628 comm="tcpdump" requested_mask="r" denied_mask="r" fsuid=0 ouid=0
[    8.842731] audit: type=1400 audit(1768416440.688:48): apparmor="DENIED" operation="open" profile="/usr/sbin/tcpdump" name="/proc/sys/kernel/random/boot_id" pid=628 comm="tcpdump" requested_mask="r" denied_mask="r" fsuid=0 ouid=0
[    8.846411] audit: type=1400 audit(1768416440.692:49): apparmor="DENIED" operation="open" profile="/usr/sbin/tcpdump" name="/proc/sys/kernel/random/boot_id" pid=628 comm="tcpdump" requested_mask="r" denied_mask="r" fsuid=0 ouid=0
[    8.846658] audit: type=1400 audit(1768416440.692:50): apparmor="DENIED" operation="open" profile="/usr/sbin/tcpdump" name="/proc/sys/kernel/random/boot_id" pid=631 comm="tcpdump" requested_mask="r" denied_mask="r" fsuid=0 ouid=0
[   14.694358] rfkill: input handler disabled
[  266.574089] AAAAA-TCP_RECV: name:enp0s8: saddr:100932208: daddr:16783984: srtt_us:0: RTT:0: ssthresh:2147483647: cwnd:10: delivered:0: lost:0: retrans:0
[  266.574863] AAAAA-TCP_SEND: name:enp0s3: saddr:16783984: daddr:100932208: srtt_us:0: RTT:0: ssthresh:0: cwnd:0: delivered:0: lost:0: retrans:0
[  267.599536] AAAAA-TCP_SEND: name:enp0s8: saddr:16783984: daddr:100932208: srtt_us:0: RTT:0: ssthresh:0: cwnd:0: delivered:0: lost:0: retrans:0
[  268.168185] AAAAA-TCP_SEND: name:enp0s8: saddr:16783984: daddr:100932208: srtt_us:4552000: RTT:569000: ssthresh:2147483647: cwnd:10: delivered:1: lost:0: retrans:1
[  268.412304] AAAAA-TCP_RECV: name:enp0s3: saddr:100932208: daddr:16783984: srtt_us:4552000: RTT:569000: ssthresh:2147483647: cwnd:10: delivered:1: lost:0: retrans:1
[  268.412335] AAAAA-TCP_SEND: name:enp0s8: saddr:16783984: daddr:100932208: srtt_us:4552000: RTT:569000: ssthresh:2147483647: cwnd:10: delivered:1: lost:0: retrans:1
[  268.412549] AAAAA-TCP_SEND: name:enp0s8: saddr:16783984: daddr:100932208: srtt_us:4552000: RTT:569000: ssthresh:2147483647: cwnd:10: delivered:1: lost:0: retrans:1
[  268.733675] AAAAA-TCP_RECV: name:enp0s3: saddr:100932208: daddr:16783984: srtt_us:4552000: RTT:569000: ssthresh:2147483647: cwnd:10: delivered:1: lost:0: retrans:1
[  269.748312] AAAAA-TCP_RECV: name:enp0s3: saddr:100932208: daddr:33561200: srtt_us:0: RTT:0: ssthresh:2147483647: cwnd:10: delivered:0: lost:0: retrans:0
[  269.748350] AAAAA-TCP_SEND: name:enp0s3: saddr:33561200: daddr:100932208: srtt_us:0: RTT:0: ssthresh:0: cwnd:0: delivered:0: lost:0: retrans:0
[  269.775263] AAAAA-TCP_SEND: name:enp0s3: saddr:16783984: daddr:100932208: srtt_us:4552000: RTT:569000: ssthresh:2147483647: cwnd:10: delivered:2: lost:0: retrans:2
[  270.286210] AAAAA-TCP_RECV: name:enp0s3: saddr:100932208: daddr:16783984: srtt_us:4552000: RTT:569000: ssthresh:2147483647: cwnd:10: delivered:2: lost:0: retrans:2
[  270.393724] AAAAA-TCP_RECV: name:enp0s3: saddr:100932208: daddr:16783984: srtt_us:5857000: RTT:732125: ssthresh:2147483647: cwnd:10: delivered:3: lost:0: retrans:2
[  270.393750] AAAAA-TCP_SEND: name:enp0s3: saddr:16783984: daddr:100932208: srtt_us:5857000: RTT:732125: ssthresh:2147483647: cwnd:10: delivered:3: lost:0: retrans:2
[  270.572921] AAAAA-TCP_SEND: name:enp0s3: saddr:33561200: daddr:100932208: srtt_us:6596464: RTT:824558: ssthresh:2147483647: cwnd:10: delivered:1: lost:0: retrans:0
[  270.681095] AAAAA-TCP_RECV: name:enp0s3: saddr:100932208: daddr:16783984: srtt_us:5857000: RTT:732125: ssthresh:2147483647: cwnd:10: delivered:3: lost:0: retrans:2
[  271.294246] AAAAA-TCP_RECV: name:enp0s3: saddr:100932208: daddr:16783984: srtt_us:5857000: RTT:732125: ssthresh:2147483647: cwnd:10: delivered:4: lost:0: retrans:2
[  271.294282] AAAAA-TCP_SEND: name:enp0s3: saddr:16783984: daddr:100932208: srtt_us:5857000: RTT:732125: ssthresh:2147483647: cwnd:10: delivered:4: lost:0: retrans:2
[  271.294444] AAAAA-TCP_SEND: name:enp0s3: saddr:16783984: daddr:100932208: srtt_us:5857000: RTT:732125: ssthresh:2147483647: cwnd:10: delivered:4: lost:0: retrans:2
[  271.819215] AAAAA-TCP_RECV: name:enp0s8: saddr:100932208: daddr:16783984: srtt_us:5857000: RTT:732125: ssthresh:2147483647: cwnd:10: delivered:4: lost:0: retrans:2
[  271.839249] AAAAA-TCP_RECV: name:enp0s8: saddr:100932208: daddr:16783984: srtt_us:0: RTT:0: ssthresh:2147483647: cwnd:10: delivered:0: lost:0: retrans:0
[  271.839293] AAAAA-TCP_SEND: name:enp0s3: saddr:16783984: daddr:100932208: srtt_us:0: RTT:0: ssthresh:0: cwnd:0: delivered:0: lost:0: retrans:0
[  272.006049] AAAAA-TCP_SEND: name:enp0s3: saddr:16783984: daddr:100932208: srtt_us:1333960: RTT:166745: ssthresh:2147483647: cwnd:10: delivered:1: lost:0: retrans:0
[  272.069128] AAAAA-TCP_RECV: name:enp0s8: saddr:100932208: daddr:16783984: srtt_us:1333960: RTT:166745: ssthresh:2147483647: cwnd:10: delivered:1: lost:0: retrans:0
[  272.069157] AAAAA-TCP_SEND: name:enp0s3: saddr:16783984: daddr:100932208: srtt_us:1333960: RTT:166745: ssthresh:2147483647: cwnd:10: delivered:1: lost:0: retrans:0
[  272.070417] AAAAA-TCP_SEND: name:enp0s3: saddr:16783984: daddr:100932208: srtt_us:5649666: RTT:706208: ssthresh:2147483647: cwnd:10: delivered:5: lost:0: retrans:2
[  272.267729] AAAAA-TCP_RECV: name:enp0s3: saddr:100932208: daddr:33561200: srtt_us:0: RTT:0: ssthresh:2147483647: cwnd:10: delivered:0: lost:0: retrans:0
[  272.267758] AAAAA-TCP_SEND: name:enp0s3: saddr:33561200: daddr:100932208: srtt_us:0: RTT:0: ssthresh:0: cwnd:0: delivered:0: lost:0: retrans:0
[  272.418146] AAAAA-TCP_RECV: name:enp0s3: saddr:100932208: daddr:16783984: srtt_us:5649666: RTT:706208: ssthresh:2147483647: cwnd:10: delivered:5: lost:0: retrans:2
[  272.418172] AAAAA-TCP_SEND: name:enp0s3: saddr:16783984: daddr:100932208: srtt_us:5649666: RTT:706208: ssthresh:2147483647: cwnd:10: delivered:5: lost:0: retrans:2
[  272.552994] AAAAA-TCP_SEND: name:enp0s3: saddr:33561200: daddr:100932208: srtt_us:2281808: RTT:285226: ssthresh:2147483647: cwnd:10: delivered:1: lost:0: retrans:0
[  272.655238] AAAAA-TCP_RECV: name:enp0s3: saddr:100932208: daddr:16783984: srtt_us:5291217: RTT:661402: ssthresh:2147483647: cwnd:10: delivered:6: lost:0: retrans:2
[  272.839851] AAAAA-TCP_RECV: name:enp0s3: saddr:100932208: daddr:16783984: srtt_us:1333960: RTT:166745: ssthresh:2147483647: cwnd:10: delivered:1: lost:0: retrans:0
[  272.839879] AAAAA-TCP_SEND: name:enp0s3: saddr:16783984: daddr:100932208: srtt_us:1333960: RTT:166745: ssthresh:2147483647: cwnd:10: delivered:1: lost:0: retrans:0
[  273.122569] AAAAA-TCP_RECV: name:enp0s3: saddr:100932208: daddr:16783984: srtt_us:1333960: RTT:166745: ssthresh:2147483647: cwnd:10: delivered:1: lost:0: retrans:0
[  273.122598] AAAAA-TCP_SEND: name:enp0s3: saddr:16783984: daddr:100932208: srtt_us:1333960: RTT:166745: ssthresh:2147483647: cwnd:10: delivered:1: lost:0: retrans:0
[  273.201449] AAAAA-TCP_RECV: name:enp0s3: saddr:100932208: daddr:16783984: srtt_us:1333960: RTT:166745: ssthresh:2147483647: cwnd:10: delivered:1: lost:0: retrans:0
[  273.201476] AAAAA-TCP_SEND: name:enp0s3: saddr:16783984: daddr:100932208: srtt_us:1333960: RTT:166745: ssthresh:2147483647: cwnd:10: delivered:1: lost:0: retrans:0
[  273.383159] AAAAA-TCP_RECV: name:enp0s3: saddr:100932208: daddr:16783984: srtt_us:1333960: RTT:166745: ssthresh:2147483647: cwnd:10: delivered:1: lost:0: retrans:0
[  273.383184] AAAAA-TCP_SEND: name:enp0s3: saddr:16783984: daddr:100932208: srtt_us:1333960: RTT:166745: ssthresh:2147483647: cwnd:10: delivered:1: lost:0: retrans:0
[  273.508817] AAAAA-TCP_RECV: name:enp0s3: saddr:100932208: daddr:16783984: srtt_us:1333960: RTT:166745: ssthresh:2147483647: cwnd:10: delivered:1: lost:0: retrans:0
[  273.508843] AAAAA-TCP_SEND: name:enp0s3: saddr:16783984: daddr:100932208: srtt_us:1333960: RTT:166745: ssthresh:2147483647: cwnd:10: delivered:1: lost:0: retrans:0
[  273.696230] AAAAA-TCP_RECV: name:enp0s3: saddr:100932208: daddr:16783984: srtt_us:1333960: RTT:166745: ssthresh:2147483647: cwnd:10: delivered:1: lost:0: retrans:0
[  273.696261] AAAAA-TCP_SEND: name:enp0s3: saddr:16783984: daddr:100932208: srtt_us:1333960: RTT:166745: ssthresh:2147483647: cwnd:10: delivered:1: lost:0: retrans:0
[  273.763019] AAAAA-TCP_RECV: name:enp0s3: saddr:100932208: daddr:16783984: srtt_us:1333960: RTT:166745: ssthresh:2147483647: cwnd:10: delivered:1: lost:0: retrans:0
[  273.763045] AAAAA-TCP_SEND: name:enp0s3: saddr:16783984: daddr:100932208: srtt_us:1333960: RTT:166745: ssthresh:2147483647: cwnd:10: delivered:1: lost:0: retrans:0
[  273.828244] AAAAA-TCP_RECV: name:enp0s3: saddr:100932208: daddr:16783984: srtt_us:1333960: RTT:166745: ssthresh:2147483647: cwnd:10: delivered:1: lost:0: retrans:0
[  273.828269] AAAAA-TCP_SEND: name:enp0s3: saddr:16783984: daddr:100932208: srtt_us:1333960: RTT:166745: ssthresh:2147483647: cwnd:10: delivered:1: lost:0: retrans:0
[  273.899086] AAAAA-TCP_RECV: name:enp0s3: saddr:100932208: daddr:16783984: srtt_us:1333960: RTT:166745: ssthresh:2147483647: cwnd:10: delivered:1: lost:0: retrans:0
[  273.899109] AAAAA-TCP_SEND: name:enp0s3: saddr:16783984: daddr:100932208: srtt_us:1333960: RTT:166745: ssthresh:2147483647: cwnd:10: delivered:1: lost:0: retrans:0
[  274.014455] AAAAA-TCP_RECV: name:enp0s3: saddr:100932208: daddr:16783984: srtt_us:1333960: RTT:166745: ssthresh:2147483647: cwnd:10: delivered:1: lost:0: retrans:0
[  274.014479] AAAAA-TCP_SEND: name:enp0s3: saddr:16783984: daddr:100932208: srtt_us:1333960: RTT:166745: ssthresh:2147483647: cwnd:10: delivered:1: lost:0: retrans:0
[  274.157036] AAAAA-TCP_RECV: name:enp0s3: saddr:100932208: daddr:33561200: srtt_us:2281808: RTT:285226: ssthresh:2147483647: cwnd:10: delivered:1: lost:0: retrans:0
[  274.157061] AAAAA-TCP_SEND: name:enp0s3: saddr:33561200: daddr:100932208: srtt_us:2281808: RTT:285226: ssthresh:2147483647: cwnd:10: delivered:1: lost:0: retrans:0
[  274.423759] AAAAA-TCP_RECV: name:enp0s3: saddr:100932208: daddr:33561200: srtt_us:2281808: RTT:285226: ssthresh:2147483647: cwnd:10: delivered:1: lost:0: retrans:0
[  274.423785] AAAAA-TCP_SEND: name:enp0s3: saddr:33561200: daddr:100932208: srtt_us:2281808: RTT:285226: ssthresh:2147483647: cwnd:10: delivered:1: lost:0: retrans:0
[  274.481212] AAAAA-TCP_RECV: name:enp0s3: saddr:100932208: daddr:33561200: srtt_us:2281808: RTT:285226: ssthresh:2147483647: cwnd:10: delivered:1: lost:0: retrans:0
[  274.481234] AAAAA-TCP_SEND: name:enp0s3: saddr:33561200: daddr:100932208: srtt_us:2281808: RTT:285226: ssthresh:2147483647: cwnd:10: delivered:1: lost:0: retrans:0
[  274.638812] AAAAA-TCP_RECV: name:enp0s3: saddr:100932208: daddr:33561200: srtt_us:2281808: RTT:285226: ssthresh:2147483647: cwnd:10: delivered:1: lost:0: retrans:0
[  274.638833] AAAAA-TCP_SEND: name:enp0s3: saddr:33561200: daddr:100932208: srtt_us:2281808: RTT:285226: ssthresh:2147483647: cwnd:10: delivered:1: lost:0: retrans:0
[  274.757538] AAAAA-TCP_RECV: name:enp0s3: saddr:100932208: daddr:33561200: srtt_us:2281808: RTT:285226: ssthresh:2147483647: cwnd:10: delivered:1: lost:0: retrans:0
[  274.757559] AAAAA-TCP_SEND: name:enp0s3: saddr:33561200: daddr:100932208: srtt_us:2281808: RTT:285226: ssthresh:2147483647: cwnd:10: delivered:1: lost:0: retrans:0
[  274.831522] AAAAA-TCP_RECV: name:enp0s3: saddr:100932208: daddr:33561200: srtt_us:2281808: RTT:285226: ssthresh:2147483647: cwnd:10: delivered:1: lost:0: retrans:0
[  274.831563] AAAAA-TCP_SEND: name:enp0s3: saddr:33561200: daddr:100932208: srtt_us:2281808: RTT:285226: ssthresh:2147483647: cwnd:10: delivered:1: lost:0: retrans:0
[  274.926466] AAAAA-TCP_RECV: name:enp0s3: saddr:100932208: daddr:33561200: srtt_us:2281808: RTT:285226: ssthresh:2147483647: cwnd:10: delivered:1: lost:0: retrans:0
[  274.926489] AAAAA-TCP_SEND: name:enp0s3: saddr:33561200: daddr:100932208: srtt_us:2281808: RTT:285226: ssthresh:2147483647: cwnd:10: delivered:1: lost:0: retrans:0
[  274.985024] AAAAA-TCP_RECV: name:enp0s3: saddr:100932208: daddr:33561200: srtt_us:2281808: RTT:285226: ssthresh:2147483647: cwnd:10: delivered:1: lost:0: retrans:0
[  274.985047] AAAAA-TCP_SEND: name:enp0s3: saddr:33561200: daddr:100932208: srtt_us:2281808: RTT:285226: ssthresh:2147483647: cwnd:10: delivered:1: lost:0: retrans:0
[  275.147793] AAAAA-TCP_RECV: name:enp0s3: saddr:100932208: daddr:33561200: srtt_us:2281808: RTT:285226: ssthresh:2147483647: cwnd:10: delivered:1: lost:0: retrans:0
[  275.147817] AAAAA-TCP_SEND: name:enp0s3: saddr:33561200: daddr:100932208: srtt_us:2281808: RTT:285226: ssthresh:2147483647: cwnd:10: delivered:1: lost:0: retrans:0
[  275.241646] AAAAA-TCP_RECV: name:enp0s3: saddr:100932208: daddr:33561200: srtt_us:2281808: RTT:285226: ssthresh:2147483647: cwnd:10: delivered:1: lost:0: retrans:0
[  275.241671] AAAAA-TCP_SEND: name:enp0s3: saddr:33561200: daddr:100932208: srtt_us:2281808: RTT:285226: ssthresh:2147483647: cwnd:10: delivered:1: lost:0: retrans:0
[  275.317518] AAAAA-TCP_RECV: name:enp0s3: saddr:100932208: daddr:16783984: srtt_us:1333960: RTT:166745: ssthresh:2147483647: cwnd:10: delivered:1: lost:0: retrans:0
[  275.317588] AAAAA-TCP_SEND: name:enp0s3: saddr:16783984: daddr:100932208: srtt_us:1333960: RTT:166745: ssthresh:2147483647: cwnd:10: delivered:1: lost:0: retrans:0
[  275.375342] AAAAA-TCP_RECV: name:enp0s3: saddr:100932208: daddr:16783984: srtt_us:1333960: RTT:166745: ssthresh:2147483647: cwnd:10: delivered:1: lost:0: retrans:0
[  275.375406] AAAAA-TCP_SEND: name:enp0s3: saddr:16783984: daddr:100932208: srtt_us:1333960: RTT:166745: ssthresh:2147483647: cwnd:10: delivered:1: lost:0: retrans:0
[  275.639343] AAAAA-TCP_RECV: name:enp0s3: saddr:100932208: daddr:16783984: srtt_us:1333960: RTT:166745: ssthresh:2147483647: cwnd:10: delivered:1: lost:0: retrans:0
[  275.639368] AAAAA-TCP_SEND: name:enp0s3: saddr:16783984: daddr:100932208: srtt_us:1333960: RTT:166745: ssthresh:2147483647: cwnd:10: delivered:1: lost:0: retrans:0
[  275.775022] AAAAA-TCP_RECV: name:enp0s3: saddr:100932208: daddr:16783984: srtt_us:1333960: RTT:166745: ssthresh:2147483647: cwnd:10: delivered:1: lost:0: retrans:0
[  275.775065] AAAAA-TCP_SEND: name:enp0s3: saddr:16783984: daddr:100932208: srtt_us:1333960: RTT:166745: ssthresh:2147483647: cwnd:10: delivered:1: lost:0: retrans:0
[  275.858733] AAAAA-TCP_RECV: name:enp0s3: saddr:100932208: daddr:16783984: srtt_us:1333960: RTT:166745: ssthresh:2147483647: cwnd:10: delivered:1: lost:0: retrans:0
[  275.858757] AAAAA-TCP_SEND: name:enp0s3: saddr:16783984: daddr:100932208: srtt_us:1333960: RTT:166745: ssthresh:2147483647: cwnd:10: delivered:1: lost:0: retrans:0
[  275.970066] AAAAA-TCP_RECV: name:enp0s3: saddr:100932208: daddr:16783984: srtt_us:1333960: RTT:166745: ssthresh:2147483647: cwnd:10: delivered:1: lost:0: retrans:0
[  275.970091] AAAAA-TCP_SEND: name:enp0s3: saddr:16783984: daddr:100932208: srtt_us:1333960: RTT:166745: ssthresh:2147483647: cwnd:10: delivered:1: lost:0: retrans:0
[  276.050492] AAAAA-TCP_RECV: name:enp0s3: saddr:100932208: daddr:16783984: srtt_us:1333960: RTT:166745: ssthresh:2147483647: cwnd:10: delivered:1: lost:0: retrans:0
[  276.050517] AAAAA-TCP_SEND: name:enp0s3: saddr:16783984: daddr:100932208: srtt_us:1333960: RTT:166745: ssthresh:2147483647: cwnd:10: delivered:1: lost:0: retrans:0
[  276.199070] AAAAA-TCP_RECV: name:enp0s3: saddr:100932208: daddr:16783984: srtt_us:1333960: RTT:166745: ssthresh:2147483647: cwnd:10: delivered:1: lost:0: retrans:0
[  276.199096] AAAAA-TCP_SEND: name:enp0s3: saddr:16783984: daddr:100932208: srtt_us:1333960: RTT:166745: ssthresh:2147483647: cwnd:10: delivered:1: lost:0: retrans:0
[  276.330000] AAAAA-TCP_RECV: name:enp0s3: saddr:100932208: daddr:16783984: srtt_us:1333960: RTT:166745: ssthresh:2147483647: cwnd:10: delivered:1: lost:0: retrans:0
[  276.330025] AAAAA-TCP_SEND: name:enp0s3: saddr:16783984: daddr:100932208: srtt_us:1333960: RTT:166745: ssthresh:2147483647: cwnd:10: delivered:1: lost:0: retrans:0
[  276.403003] AAAAA-TCP_RECV: name:enp0s3: saddr:100932208: daddr:16783984: srtt_us:1333960: RTT:166745: ssthresh:2147483647: cwnd:10: delivered:1: lost:0: retrans:0
[  276.403072] AAAAA-TCP_SEND: name:enp0s3: saddr:16783984: daddr:100932208: srtt_us:1333960: RTT:166745: ssthresh:2147483647: cwnd:10: delivered:1: lost:0: retrans:0
[  276.552182] AAAAA-TCP_RECV: name:enp0s3: saddr:100932208: daddr:33561200: srtt_us:2281808: RTT:285226: ssthresh:2147483647: cwnd:10: delivered:1: lost:0: retrans:0
[  276.552239] AAAAA-TCP_SEND: name:enp0s3: saddr:33561200: daddr:100932208: srtt_us:2281808: RTT:285226: ssthresh:2147483647: cwnd:10: delivered:1: lost:0: retrans:0
[  276.691887] AAAAA-TCP_RECV: name:enp0s3: saddr:100932208: daddr:16783984: srtt_us:1333960: RTT:166745: ssthresh:2147483647: cwnd:10: delivered:1: lost:0: retrans:0
[  276.691911] AAAAA-TCP_SEND: name:enp0s3: saddr:16783984: daddr:100932208: srtt_us:1333960: RTT:166745: ssthresh:2147483647: cwnd:10: delivered:1: lost:0: retrans:0
[  276.838886] AAAAA-TCP_RECV: name:enp0s3: saddr:100932208: daddr:16783984: srtt_us:1333960: RTT:166745: ssthresh:2147483647: cwnd:10: delivered:1: lost:0: retrans:0
[  276.838909] AAAAA-TCP_SEND: name:enp0s3: saddr:16783984: daddr:100932208: srtt_us:1333960: RTT:166745: ssthresh:2147483647: cwnd:10: delivered:1: lost:0: retrans:0
[  276.986240] AAAAA-TCP_RECV: name:enp0s3: saddr:100932208: daddr:16783984: srtt_us:1333960: RTT:166745: ssthresh:2147483647: cwnd:10: delivered:1: lost:0: retrans:0
[  276.986265] AAAAA-TCP_SEND: name:enp0s3: saddr:16783984: daddr:100932208: srtt_us:1333960: RTT:166745: ssthresh:2147483647: cwnd:10: delivered:1: lost:0: retrans:0
[  277.099892] AAAAA-TCP_RECV: name:enp0s3: saddr:100932208: daddr:16783984: srtt_us:1333960: RTT:166745: ssthresh:2147483647: cwnd:10: delivered:1: lost:0: retrans:0
[  277.099922] AAAAA-TCP_SEND: name:enp0s3: saddr:16783984: daddr:100932208: srtt_us:1333960: RTT:166745: ssthresh:2147483647: cwnd:10: delivered:1: lost:0: retrans:0
[  277.203967] AAAAA-TCP_RECV: name:enp0s3: saddr:100932208: daddr:16783984: srtt_us:1333960: RTT:166745: ssthresh:2147483647: cwnd:10: delivered:1: lost:0: retrans:0
[  277.203992] AAAAA-TCP_SEND: name:enp0s3: saddr:16783984: daddr:100932208: srtt_us:1333960: RTT:166745: ssthresh:2147483647: cwnd:10: delivered:1: lost:0: retrans:0
[  277.315478] AAAAA-TCP_RECV: name:enp0s3: saddr:100932208: daddr:16783984: srtt_us:1333960: RTT:166745: ssthresh:2147483647: cwnd:10: delivered:1: lost:0: retrans:0
[  277.315503] AAAAA-TCP_SEND: name:enp0s3: saddr:16783984: daddr:100932208: srtt_us:1333960: RTT:166745: ssthresh:2147483647: cwnd:10: delivered:1: lost:0: retrans:0
[  277.401408] AAAAA-TCP_RECV: name:enp0s3: saddr:100932208: daddr:16783984: srtt_us:1333960: RTT:166745: ssthresh:2147483647: cwnd:10: delivered:1: lost:0: retrans:0
[  277.443433] AAAAA-TCP_SEND: name:enp0s3: saddr:16783984: daddr:100932208: srtt_us:1333960: RTT:166745: ssthresh:2147483647: cwnd:10: delivered:1: lost:0: retrans:0
[  277.488077] AAAAA-TCP_RECV: name:enp0s3: saddr:100932208: daddr:16783984: srtt_us:1333960: RTT:166745: ssthresh:2147483647: cwnd:10: delivered:1: lost:0: retrans:0
[  277.557741] AAAAA-TCP_RECV: name:enp0s3: saddr:100932208: daddr:16783984: srtt_us:1333960: RTT:166745: ssthresh:2147483647: cwnd:10: delivered:1: lost:0: retrans:0
[  277.557766] AAAAA-TCP_SEND: name:enp0s3: saddr:16783984: daddr:100932208: srtt_us:1333960: RTT:166745: ssthresh:2147483647: cwnd:10: delivered:1: lost:0: retrans:0
[  277.682788] AAAAA-TCP_RECV: name:enp0s3: saddr:100932208: daddr:16783984: srtt_us:1333960: RTT:166745: ssthresh:2147483647: cwnd:10: delivered:1: lost:0: retrans:0
[  277.730752] AAAAA-TCP_RECV: name:enp0s3: saddr:100932208: daddr:33561200: srtt_us:2281808: RTT:285226: ssthresh:2147483647: cwnd:10: delivered:1: lost:0: retrans:0
[  277.730778] AAAAA-TCP_SEND: name:enp0s3: saddr:33561200: daddr:100932208: srtt_us:2281808: RTT:285226: ssthresh:2147483647: cwnd:10: delivered:1: lost:0: retrans:0
[  277.791113] AAAAA-TCP_SEND: name:enp0s3: saddr:16783984: daddr:100932208: srtt_us:1333960: RTT:166745: ssthresh:2147483647: cwnd:10: delivered:1: lost:0: retrans:0
[  277.858766] AAAAA-TCP_RECV: name:enp0s3: saddr:100932208: daddr:33561200: srtt_us:2281808: RTT:285226: ssthresh:2147483647: cwnd:10: delivered:1: lost:0: retrans:0
[  277.858789] AAAAA-TCP_SEND: name:enp0s3: saddr:33561200: daddr:100932208: srtt_us:2281808: RTT:285226: ssthresh:2147483647: cwnd:10: delivered:1: lost:0: retrans:0
[  278.009302] AAAAA-TCP_RECV: name:enp0s3: saddr:100932208: daddr:33561200: srtt_us:2281808: RTT:285226: ssthresh:2147483647: cwnd:10: delivered:1: lost:0: retrans:0
[  278.009327] AAAAA-TCP_SEND: name:enp0s3: saddr:33561200: daddr:100932208: srtt_us:2281808: RTT:285226: ssthresh:2147483647: cwnd:10: delivered:1: lost:0: retrans:0
[  278.060190] AAAAA-TCP_RECV: name:enp0s3: saddr:100932208: daddr:33561200: srtt_us:2281808: RTT:285226: ssthresh:2147483647: cwnd:10: delivered:1: lost:0: retrans:0
[  278.060214] AAAAA-TCP_SEND: name:enp0s3: saddr:33561200: daddr:100932208: srtt_us:2281808: RTT:285226: ssthresh:2147483647: cwnd:10: delivered:1: lost:0: retrans:0
[  278.120769] AAAAA-TCP_RECV: name:enp0s3: saddr:100932208: daddr:33561200: srtt_us:2281808: RTT:285226: ssthresh:2147483647: cwnd:10: delivered:1: lost:0: retrans:0
[  278.120792] AAAAA-TCP_SEND: name:enp0s3: saddr:33561200: daddr:100932208: srtt_us:2281808: RTT:285226: ssthresh:2147483647: cwnd:10: delivered:1: lost:0: retrans:0
[  278.222848] AAAAA-TCP_RECV: name:enp0s3: saddr:100932208: daddr:33561200: srtt_us:2281808: RTT:285226: ssthresh:2147483647: cwnd:10: delivered:1: lost:0: retrans:0
[  278.222872] AAAAA-TCP_SEND: name:enp0s3: saddr:33561200: daddr:100932208: srtt_us:2281808: RTT:285226: ssthresh:2147483647: cwnd:10: delivered:1: lost:0: retrans:0
[  278.461179] AAAAA-TCP_RECV: name:enp0s3: saddr:100932208: daddr:33561200: srtt_us:2281808: RTT:285226: ssthresh:2147483647: cwnd:10: delivered:1: lost:0: retrans:0
[  278.461204] AAAAA-TCP_SEND: name:enp0s3: saddr:33561200: daddr:100932208: srtt_us:2281808: RTT:285226: ssthresh:2147483647: cwnd:10: delivered:1: lost:0: retrans:0
[  278.552891] AAAAA-TCP_RECV: name:enp0s3: saddr:100932208: daddr:33561200: srtt_us:2281808: RTT:285226: ssthresh:2147483647: cwnd:10: delivered:1: lost:0: retrans:0
[  278.552916] AAAAA-TCP_SEND: name:enp0s3: saddr:33561200: daddr:100932208: srtt_us:2281808: RTT:285226: ssthresh:2147483647: cwnd:10: delivered:1: lost:0: retrans:0
[  278.645751] AAAAA-TCP_RECV: name:enp0s3: saddr:100932208: daddr:33561200: srtt_us:2281808: RTT:285226: ssthresh:2147483647: cwnd:10: delivered:1: lost:0: retrans:0
[  278.645774] AAAAA-TCP_SEND: name:enp0s3: saddr:33561200: daddr:100932208: srtt_us:2281808: RTT:285226: ssthresh:2147483647: cwnd:10: delivered:1: lost:0: retrans:0
[  278.721538] AAAAA-TCP_RECV: name:enp0s3: saddr:100932208: daddr:33561200: srtt_us:2281808: RTT:285226: ssthresh:2147483647: cwnd:10: delivered:1: lost:0: retrans:0
[  278.721562] AAAAA-TCP_SEND: name:enp0s3: saddr:33561200: daddr:100932208: srtt_us:2281808: RTT:285226: ssthresh:2147483647: cwnd:10: delivered:1: lost:0: retrans:0
[  278.835552] AAAAA-TCP_RECV: name:enp0s3: saddr:100932208: daddr:33561200: srtt_us:2281808: RTT:285226: ssthresh:2147483647: cwnd:10: delivered:1: lost:0: retrans:0
[  278.835574] AAAAA-TCP_SEND: name:enp0s3: saddr:33561200: daddr:100932208: srtt_us:2281808: RTT:285226: ssthresh:2147483647: cwnd:10: delivered:1: lost:0: retrans:0
[  278.960097] AAAAA-TCP_RECV: name:enp0s3: saddr:100932208: daddr:33561200: srtt_us:2281808: RTT:285226: ssthresh:2147483647: cwnd:10: delivered:1: lost:0: retrans:0
[  278.960119] AAAAA-TCP_SEND: name:enp0s3: saddr:33561200: daddr:100932208: srtt_us:2281808: RTT:285226: ssthresh:2147483647: cwnd:10: delivered:1: lost:0: retrans:0
[  279.183021] AAAAA-TCP_RECV: name:enp0s3: saddr:100932208: daddr:33561200: srtt_us:2281808: RTT:285226: ssthresh:2147483647: cwnd:10: delivered:1: lost:0: retrans:0
[  279.183060] AAAAA-TCP_SEND: name:enp0s3: saddr:33561200: daddr:100932208: srtt_us:2281808: RTT:285226: ssthresh:2147483647: cwnd:10: delivered:1: lost:0: retrans:0
[  279.290097] AAAAA-TCP_RECV: name:enp0s3: saddr:100932208: daddr:33561200: srtt_us:2281808: RTT:285226: ssthresh:2147483647: cwnd:10: delivered:1: lost:0: retrans:0
[  279.290120] AAAAA-TCP_SEND: name:enp0s3: saddr:33561200: daddr:100932208: srtt_us:2281808: RTT:285226: ssthresh:2147483647: cwnd:10: delivered:1: lost:0: retrans:0
[  279.381040] AAAAA-TCP_RECV: name:enp0s3: saddr:100932208: daddr:33561200: srtt_us:2281808: RTT:285226: ssthresh:2147483647: cwnd:10: delivered:1: lost:0: retrans:0
[  279.381062] AAAAA-TCP_SEND: name:enp0s3: saddr:33561200: daddr:100932208: srtt_us:2281808: RTT:285226: ssthresh:2147483647: cwnd:10: delivered:1: lost:0: retrans:0
[  279.442350] AAAAA-TCP_RECV: name:enp0s3: saddr:100932208: daddr:33561200: srtt_us:2281808: RTT:285226: ssthresh:2147483647: cwnd:10: delivered:1: lost:0: retrans:0
[  279.442371] AAAAA-TCP_SEND: name:enp0s3: saddr:33561200: daddr:100932208: srtt_us:2281808: RTT:285226: ssthresh:2147483647: cwnd:10: delivered:1: lost:0: retrans:0
[  279.530279] AAAAA-TCP_RECV: name:enp0s3: saddr:100932208: daddr:33561200: srtt_us:2281808: RTT:285226: ssthresh:2147483647: cwnd:10: delivered:1: lost:0: retrans:0
[  279.530301] AAAAA-TCP_SEND: name:enp0s3: saddr:33561200: daddr:100932208: srtt_us:2281808: RTT:285226: ssthresh:2147483647: cwnd:10: delivered:1: lost:0: retrans:0
[  279.615293] AAAAA-TCP_RECV: name:enp0s3: saddr:100932208: daddr:33561200: srtt_us:2281808: RTT:285226: ssthresh:2147483647: cwnd:10: delivered:1: lost:0: retrans:0
[  279.615314] AAAAA-TCP_SEND: name:enp0s3: saddr:33561200: daddr:100932208: srtt_us:2281808: RTT:285226: ssthresh:2147483647: cwnd:10: delivered:1: lost:0: retrans:0
[  279.694526] AAAAA-TCP_RECV: name:enp0s3: saddr:100932208: daddr:33561200: srtt_us:2281808: RTT:285226: ssthresh:2147483647: cwnd:10: delivered:1: lost:0: retrans:0
[  279.694546] AAAAA-TCP_SEND: name:enp0s3: saddr:33561200: daddr:100932208: srtt_us:2281808: RTT:285226: ssthresh:2147483647: cwnd:10: delivered:1: lost:0: retrans:0
[  279.756201] AAAAA-TCP_RECV: name:enp0s3: saddr:100932208: daddr:16783984: srtt_us:1333960: RTT:166745: ssthresh:2147483647: cwnd:10: delivered:1: lost:0: retrans:0
[  279.756224] AAAAA-TCP_SEND: name:enp0s3: saddr:16783984: daddr:100932208: srtt_us:1333960: RTT:166745: ssthresh:2147483647: cwnd:10: delivered:1: lost:0: retrans:0
[  279.814693] AAAAA-TCP_RECV: name:enp0s3: saddr:100932208: daddr:16783984: srtt_us:1333960: RTT:166745: ssthresh:2147483647: cwnd:10: delivered:1: lost:0: retrans:0
[  279.814716] AAAAA-TCP_SEND: name:enp0s3: saddr:16783984: daddr:100932208: srtt_us:1333960: RTT:166745: ssthresh:2147483647: cwnd:10: delivered:1: lost:0: retrans:0
[  280.053006] AAAAA-TCP_RECV: name:enp0s3: saddr:100932208: daddr:16783984: srtt_us:1333960: RTT:166745: ssthresh:2147483647: cwnd:10: delivered:1: lost:0: retrans:0
[  280.053030] AAAAA-TCP_SEND: name:enp0s3: saddr:16783984: daddr:100932208: srtt_us:1333960: RTT:166745: ssthresh:2147483647: cwnd:10: delivered:1: lost:0: retrans:0
[  280.107468] AAAAA-TCP_RECV: name:enp0s3: saddr:100932208: daddr:16783984: srtt_us:1333960: RTT:166745: ssthresh:2147483647: cwnd:10: delivered:1: lost:0: retrans:0
[  280.107493] AAAAA-TCP_SEND: name:enp0s3: saddr:16783984: daddr:100932208: srtt_us:1333960: RTT:166745: ssthresh:2147483647: cwnd:10: delivered:1: lost:0: retrans:0
[  280.231603] AAAAA-TCP_RECV: name:enp0s3: saddr:100932208: daddr:16783984: srtt_us:1333960: RTT:166745: ssthresh:2147483647: cwnd:10: delivered:1: lost:0: retrans:0
[  280.231627] AAAAA-TCP_SEND: name:enp0s3: saddr:16783984: daddr:100932208: srtt_us:1333960: RTT:166745: ssthresh:2147483647: cwnd:10: delivered:1: lost:0: retrans:0
[  280.314462] AAAAA-TCP_RECV: name:enp0s3: saddr:100932208: daddr:16783984: srtt_us:1333960: RTT:166745: ssthresh:2147483647: cwnd:10: delivered:1: lost:0: retrans:0
[  280.314485] AAAAA-TCP_SEND: name:enp0s3: saddr:16783984: daddr:100932208: srtt_us:1333960: RTT:166745: ssthresh:2147483647: cwnd:10: delivered:1: lost:0: retrans:0
[  280.383144] AAAAA-TCP_RECV: name:enp0s3: saddr:100932208: daddr:16783984: srtt_us:1333960: RTT:166745: ssthresh:2147483647: cwnd:10: delivered:1: lost:0: retrans:0
[  280.383166] AAAAA-TCP_SEND: name:enp0s3: saddr:16783984: daddr:100932208: srtt_us:1333960: RTT:166745: ssthresh:2147483647: cwnd:10: delivered:1: lost:0: retrans:0
[  280.428624] AAAAA-TCP_RECV: name:enp0s3: saddr:100932208: daddr:16783984: srtt_us:1333960: RTT:166745: ssthresh:2147483647: cwnd:10: delivered:1: lost:0: retrans:0
[  280.428647] AAAAA-TCP_SEND: name:enp0s3: saddr:16783984: daddr:100932208: srtt_us:1333960: RTT:166745: ssthresh:2147483647: cwnd:10: delivered:1: lost:0: retrans:0
[  280.539643] AAAAA-TCP_RECV: name:enp0s3: saddr:100932208: daddr:16783984: srtt_us:1333960: RTT:166745: ssthresh:2147483647: cwnd:10: delivered:1: lost:0: retrans:0
[  280.539669] AAAAA-TCP_SEND: name:enp0s3: saddr:16783984: daddr:100932208: srtt_us:1333960: RTT:166745: ssthresh:2147483647: cwnd:10: delivered:1: lost:0: retrans:0
[  280.582776] AAAAA-TCP_RECV: name:enp0s3: saddr:100932208: daddr:16783984: srtt_us:1333960: RTT:166745: ssthresh:2147483647: cwnd:10: delivered:1: lost:0: retrans:0
[  280.582799] AAAAA-TCP_SEND: name:enp0s3: saddr:16783984: daddr:100932208: srtt_us:1333960: RTT:166745: ssthresh:2147483647: cwnd:10: delivered:1: lost:0: retrans:0
[  280.679025] AAAAA-TCP_RECV: name:enp0s3: saddr:100932208: daddr:16783984: srtt_us:1333960: RTT:166745: ssthresh:2147483647: cwnd:10: delivered:1: lost:0: retrans:0
[  280.679050] AAAAA-TCP_SEND: name:enp0s3: saddr:16783984: daddr:100932208: srtt_us:1333960: RTT:166745: ssthresh:2147483647: cwnd:10: delivered:1: lost:0: retrans:0
[  280.724803] AAAAA-TCP_RECV: name:enp0s3: saddr:100932208: daddr:16783984: srtt_us:1333960: RTT:166745: ssthresh:2147483647: cwnd:10: delivered:1: lost:0: retrans:0
[  280.724827] AAAAA-TCP_SEND: name:enp0s3: saddr:16783984: daddr:100932208: srtt_us:1333960: RTT:166745: ssthresh:2147483647: cwnd:10: delivered:1: lost:0: retrans:0
[  280.833805] AAAAA-TCP_RECV: name:enp0s3: saddr:100932208: daddr:16783984: srtt_us:1333960: RTT:166745: ssthresh:2147483647: cwnd:10: delivered:1: lost:0: retrans:0
[  280.833830] AAAAA-TCP_SEND: name:enp0s3: saddr:16783984: daddr:100932208: srtt_us:1333960: RTT:166745: ssthresh:2147483647: cwnd:10: delivered:1: lost:0: retrans:0
[  290.177990] AAAAA-TCP_RECV: name:enp0s3: saddr:100932208: daddr:33561200: srtt_us:2281808: RTT:285226: ssthresh:2147483647: cwnd:10: delivered:1: lost:0: retrans:0
[  290.178068] AAAAA-TCP_SEND: name:enp0s8: saddr:33561200: daddr:100932208: srtt_us:2281808: RTT:285226: ssthresh:2147483647: cwnd:10: delivered:1: lost:0: retrans:0
[  290.261811] AAAAA-TCP_RECV: name:enp0s3: saddr:100932208: daddr:16783984: srtt_us:1333960: RTT:166745: ssthresh:2147483647: cwnd:10: delivered:1: lost:0: retrans:0
[  290.261864] AAAAA-TCP_SEND: name:enp0s8: saddr:16783984: daddr:100932208: srtt_us:1333960: RTT:166745: ssthresh:2147483647: cwnd:10: delivered:1: lost:0: retrans:0
[  290.480623] AAAAA-TCP_RECV: name:enp0s3: saddr:100932208: daddr:16783984: srtt_us:1333960: RTT:166745: ssthresh:2147483647: cwnd:10: delivered:1: lost:0: retrans:0
[  290.480681] AAAAA-TCP_SEND: name:enp0s8: saddr:16783984: daddr:100932208: srtt_us:1333960: RTT:166745: ssthresh:2147483647: cwnd:10: delivered:1: lost:0: retrans:0
[  290.674176] AAAAA-TCP_RECV: name:enp0s3: saddr:100932208: daddr:16783984: srtt_us:1333960: RTT:166745: ssthresh:2147483647: cwnd:10: delivered:1: lost:0: retrans:0
[  290.674223] AAAAA-TCP_SEND: name:enp0s8: saddr:16783984: daddr:100932208: srtt_us:1333960: RTT:166745: ssthresh:2147483647: cwnd:10: delivered:1: lost:0: retrans:0
[  290.808607] AAAAA-TCP_RECV: name:enp0s3: saddr:100932208: daddr:16783984: srtt_us:1333960: RTT:166745: ssthresh:2147483647: cwnd:10: delivered:1: lost:0: retrans:0
[  290.808647] AAAAA-TCP_SEND: name:enp0s8: saddr:16783984: daddr:100932208: srtt_us:1333960: RTT:166745: ssthresh:2147483647: cwnd:10: delivered:1: lost:0: retrans:0
[  290.900927] AAAAA-TCP_RECV: name:enp0s3: saddr:100932208: daddr:16783984: srtt_us:1333960: RTT:166745: ssthresh:2147483647: cwnd:10: delivered:1: lost:0: retrans:0
[  290.900957] AAAAA-TCP_SEND: name:enp0s8: saddr:16783984: daddr:100932208: srtt_us:1333960: RTT:166745: ssthresh:2147483647: cwnd:10: delivered:1: lost:0: retrans:0
[  291.066120] AAAAA-TCP_RECV: name:enp0s3: saddr:100932208: daddr:16783984: srtt_us:1333960: RTT:166745: ssthresh:2147483647: cwnd:10: delivered:1: lost:0: retrans:0
[  291.066150] AAAAA-TCP_SEND: name:enp0s8: saddr:16783984: daddr:100932208: srtt_us:1333960: RTT:166745: ssthresh:2147483647: cwnd:10: delivered:1: lost:0: retrans:0
[  291.167494] AAAAA-TCP_RECV: name:enp0s3: saddr:100932208: daddr:16783984: srtt_us:1333960: RTT:166745: ssthresh:2147483647: cwnd:10: delivered:1: lost:0: retrans:0
[  291.167519] AAAAA-TCP_SEND: name:enp0s8: saddr:16783984: daddr:100932208: srtt_us:1333960: RTT:166745: ssthresh:2147483647: cwnd:10: delivered:1: lost:0: retrans:0
[  291.276767] AAAAA-TCP_RECV: name:enp0s3: saddr:100932208: daddr:16783984: srtt_us:1333960: RTT:166745: ssthresh:2147483647: cwnd:10: delivered:1: lost:0: retrans:0
[  291.276791] AAAAA-TCP_SEND: name:enp0s8: saddr:16783984: daddr:100932208: srtt_us:1333960: RTT:166745: ssthresh:2147483647: cwnd:10: delivered:1: lost:0: retrans:0
[  291.436208] AAAAA-TCP_RECV: name:enp0s3: saddr:100932208: daddr:16783984: srtt_us:1333960: RTT:166745: ssthresh:2147483647: cwnd:10: delivered:1: lost:0: retrans:0
[  291.436236] AAAAA-TCP_SEND: name:enp0s8: saddr:16783984: daddr:100932208: srtt_us:1333960: RTT:166745: ssthresh:2147483647: cwnd:10: delivered:1: lost:0: retrans:0
[  291.570164] AAAAA-TCP_RECV: name:enp0s3: saddr:100932208: daddr:16783984: srtt_us:1333960: RTT:166745: ssthresh:2147483647: cwnd:10: delivered:1: lost:0: retrans:0
[  291.570191] AAAAA-TCP_SEND: name:enp0s8: saddr:16783984: daddr:100932208: srtt_us:1333960: RTT:166745: ssthresh:2147483647: cwnd:10: delivered:1: lost:0: retrans:0
[  296.224245] AAAAA-TCP_RECV: name:enp0s3: saddr:100932208: daddr:16783984: srtt_us:1333960: RTT:166745: ssthresh:2147483647: cwnd:10: delivered:1: lost:0: retrans:0
[  296.224293] AAAAA-TCP_SEND: name:enp0s3: saddr:16783984: daddr:100932208: srtt_us:1333960: RTT:166745: ssthresh:2147483647: cwnd:10: delivered:1: lost:0: retrans:0
[  296.379881] AAAAA-TCP_RECV: name:enp0s3: saddr:100932208: daddr:16783984: srtt_us:1333960: RTT:166745: ssthresh:2147483647: cwnd:10: delivered:1: lost:0: retrans:0
[  296.379910] AAAAA-TCP_SEND: name:enp0s3: saddr:16783984: daddr:100932208: srtt_us:1333960: RTT:166745: ssthresh:2147483647: cwnd:10: delivered:1: lost:0: retrans:0
[  296.421488] AAAAA-TCP_RECV: name:enp0s3: saddr:100932208: daddr:16783984: srtt_us:1333960: RTT:166745: ssthresh:2147483647: cwnd:10: delivered:1: lost:0: retrans:0
[  296.421512] AAAAA-TCP_SEND: name:enp0s3: saddr:16783984: daddr:100932208: srtt_us:1333960: RTT:166745: ssthresh:2147483647: cwnd:10: delivered:1: lost:0: retrans:0
[  296.663443] AAAAA-TCP_RECV: name:enp0s3: saddr:100932208: daddr:16783984: srtt_us:1333960: RTT:166745: ssthresh:2147483647: cwnd:10: delivered:1: lost:0: retrans:0
[  296.663475] AAAAA-TCP_SEND: name:enp0s3: saddr:16783984: daddr:100932208: srtt_us:1333960: RTT:166745: ssthresh:2147483647: cwnd:10: delivered:1: lost:0: retrans:0
[  296.733875] AAAAA-TCP_RECV: name:enp0s3: saddr:100932208: daddr:16783984: srtt_us:1333960: RTT:166745: ssthresh:2147483647: cwnd:10: delivered:1: lost:0: retrans:0
[  296.733900] AAAAA-TCP_SEND: name:enp0s3: saddr:16783984: daddr:100932208: srtt_us:1333960: RTT:166745: ssthresh:2147483647: cwnd:10: delivered:1: lost:0: retrans:0
[  296.891362] AAAAA-TCP_RECV: name:enp0s3: saddr:100932208: daddr:16783984: srtt_us:1333960: RTT:166745: ssthresh:2147483647: cwnd:10: delivered:1: lost:0: retrans:0
[  296.891386] AAAAA-TCP_SEND: name:enp0s3: saddr:16783984: daddr:100932208: srtt_us:1333960: RTT:166745: ssthresh:2147483647: cwnd:10: delivered:1: lost:0: retrans:0
[  296.973920] AAAAA-TCP_RECV: name:enp0s3: saddr:100932208: daddr:16783984: srtt_us:1333960: RTT:166745: ssthresh:2147483647: cwnd:10: delivered:1: lost:0: retrans:0
[  296.973943] AAAAA-TCP_SEND: name:enp0s3: saddr:16783984: daddr:100932208: srtt_us:1333960: RTT:166745: ssthresh:2147483647: cwnd:10: delivered:1: lost:0: retrans:0
[  297.053558] AAAAA-TCP_RECV: name:enp0s3: saddr:100932208: daddr:16783984: srtt_us:1333960: RTT:166745: ssthresh:2147483647: cwnd:10: delivered:1: lost:0: retrans:0
[  297.053585] AAAAA-TCP_SEND: name:enp0s3: saddr:16783984: daddr:100932208: srtt_us:1333960: RTT:166745: ssthresh:2147483647: cwnd:10: delivered:1: lost:0: retrans:0
[  297.266955] AAAAA-TCP_RECV: name:enp0s3: saddr:100932208: daddr:16783984: srtt_us:1333960: RTT:166745: ssthresh:2147483647: cwnd:10: delivered:1: lost:0: retrans:0
[  297.266983] AAAAA-TCP_SEND: name:enp0s3: saddr:16783984: daddr:100932208: srtt_us:1333960: RTT:166745: ssthresh:2147483647: cwnd:10: delivered:1: lost:0: retrans:0
[  297.376656] AAAAA-TCP_RECV: name:enp0s3: saddr:100932208: daddr:16783984: srtt_us:1333960: RTT:166745: ssthresh:2147483647: cwnd:10: delivered:1: lost:0: retrans:0
[  297.376683] AAAAA-TCP_SEND: name:enp0s3: saddr:16783984: daddr:100932208: srtt_us:1333960: RTT:166745: ssthresh:2147483647: cwnd:10: delivered:1: lost:0: retrans:0
[  297.550947] AAAAA-TCP_RECV: name:enp0s3: saddr:100932208: daddr:16783984: srtt_us:1333960: RTT:166745: ssthresh:2147483647: cwnd:10: delivered:1: lost:0: retrans:0
[  297.550981] AAAAA-TCP_SEND: name:enp0s3: saddr:16783984: daddr:100932208: srtt_us:1333960: RTT:166745: ssthresh:2147483647: cwnd:10: delivered:1: lost:0: retrans:0
[  297.629142] AAAAA-TCP_RECV: name:enp0s3: saddr:100932208: daddr:16783984: srtt_us:1333960: RTT:166745: ssthresh:2147483647: cwnd:10: delivered:1: lost:0: retrans:0
[  297.629170] AAAAA-TCP_SEND: name:enp0s3: saddr:16783984: daddr:100932208: srtt_us:1333960: RTT:166745: ssthresh:2147483647: cwnd:10: delivered:1: lost:0: retrans:0
[  297.779918] AAAAA-TCP_RECV: name:enp0s3: saddr:100932208: daddr:16783984: srtt_us:1333960: RTT:166745: ssthresh:2147483647: cwnd:10: delivered:1: lost:0: retrans:0
[  297.779949] AAAAA-TCP_SEND: name:enp0s3: saddr:16783984: daddr:100932208: srtt_us:1333960: RTT:166745: ssthresh:2147483647: cwnd:10: delivered:1: lost:0: retrans:0
[  298.136907] AAAAA-TCP_RECV: name:enp0s3: saddr:100932208: daddr:16783984: srtt_us:1333960: RTT:166745: ssthresh:2147483647: cwnd:10: delivered:1: lost:0: retrans:0
[  298.136937] AAAAA-TCP_SEND: name:enp0s3: saddr:16783984: daddr:100932208: srtt_us:1333960: RTT:166745: ssthresh:2147483647: cwnd:10: delivered:1: lost:0: retrans:0
[  298.323494] AAAAA-TCP_RECV: name:enp0s3: saddr:100932208: daddr:16783984: srtt_us:1333960: RTT:166745: ssthresh:2147483647: cwnd:10: delivered:1: lost:0: retrans:0
[  298.323544] AAAAA-TCP_SEND: name:enp0s3: saddr:16783984: daddr:100932208: srtt_us:1333960: RTT:166745: ssthresh:2147483647: cwnd:10: delivered:1: lost:0: retrans:0
[  298.415621] AAAAA-TCP_RECV: name:enp0s3: saddr:100932208: daddr:16783984: srtt_us:1333960: RTT:166745: ssthresh:2147483647: cwnd:10: delivered:1: lost:0: retrans:0
[  298.415674] AAAAA-TCP_SEND: name:enp0s3: saddr:16783984: daddr:100932208: srtt_us:1333960: RTT:166745: ssthresh:2147483647: cwnd:10: delivered:1: lost:0: retrans:0
[  298.501341] AAAAA-TCP_RECV: name:enp0s3: saddr:100932208: daddr:16783984: srtt_us:1333960: RTT:166745: ssthresh:2147483647: cwnd:10: delivered:1: lost:0: retrans:0
[  298.543184] AAAAA-TCP_SEND: name:enp0s3: saddr:16783984: daddr:100932208: srtt_us:1333960: RTT:166745: ssthresh:2147483647: cwnd:10: delivered:1: lost:0: retrans:0
[  298.557378] AAAAA-TCP_RECV: name:enp0s3: saddr:100932208: daddr:16783984: srtt_us:1333960: RTT:166745: ssthresh:2147483647: cwnd:10: delivered:1: lost:0: retrans:0
[  298.655321] AAAAA-TCP_SEND: name:enp0s3: saddr:16783984: daddr:100932208: srtt_us:1333960: RTT:166745: ssthresh:2147483647: cwnd:10: delivered:1: lost:0: retrans:0
[  298.720041] AAAAA-TCP_RECV: name:enp0s3: saddr:100932208: daddr:16783984: srtt_us:1333960: RTT:166745: ssthresh:2147483647: cwnd:10: delivered:1: lost:0: retrans:0
[  298.844584] AAAAA-TCP_RECV: name:enp0s3: saddr:100932208: daddr:16783984: srtt_us:1333960: RTT:166745: ssthresh:2147483647: cwnd:10: delivered:1: lost:0: retrans:0
[  298.844610] AAAAA-TCP_SEND: name:enp0s3: saddr:16783984: daddr:100932208: srtt_us:1333960: RTT:166745: ssthresh:2147483647: cwnd:10: delivered:1: lost:0: retrans:0
[  298.886721] AAAAA-TCP_RECV: name:enp0s3: saddr:100932208: daddr:16783984: srtt_us:1333960: RTT:166745: ssthresh:2147483647: cwnd:10: delivered:1: lost:0: retrans:0
[  298.886743] AAAAA-TCP_SEND: name:enp0s3: saddr:16783984: daddr:100932208: srtt_us:1333960: RTT:166745: ssthresh:2147483647: cwnd:10: delivered:1: lost:0: retrans:0
[  299.131605] AAAAA-TCP_RECV: name:enp0s3: saddr:100932208: daddr:16783984: srtt_us:1333960: RTT:166745: ssthresh:2147483647: cwnd:10: delivered:1: lost:0: retrans:0
[  299.131631] AAAAA-TCP_SEND: name:enp0s3: saddr:16783984: daddr:100932208: srtt_us:1333960: RTT:166745: ssthresh:2147483647: cwnd:10: delivered:1: lost:0: retrans:0
[  299.241539] AAAAA-TCP_RECV: name:enp0s3: saddr:100932208: daddr:16783984: srtt_us:1333960: RTT:166745: ssthresh:2147483647: cwnd:10: delivered:1: lost:0: retrans:0
[  299.241560] AAAAA-TCP_SEND: name:enp0s3: saddr:16783984: daddr:100932208: srtt_us:1333960: RTT:166745: ssthresh:2147483647: cwnd:10: delivered:1: lost:0: retrans:0
[  299.340291] AAAAA-TCP_RECV: name:enp0s3: saddr:100932208: daddr:16783984: srtt_us:1333960: RTT:166745: ssthresh:2147483647: cwnd:10: delivered:1: lost:0: retrans:0
[  299.341362] AAAAA-TCP_SEND: name:enp0s3: saddr:16783984: daddr:100932208: srtt_us:1333960: RTT:166745: ssthresh:2147483647: cwnd:10: delivered:1: lost:0: retrans:0
[  299.448738] AAAAA-TCP_RECV: name:enp0s3: saddr:100932208: daddr:16783984: srtt_us:1333960: RTT:166745: ssthresh:2147483647: cwnd:10: delivered:1: lost:0: retrans:0
[  299.449806] AAAAA-TCP_SEND: name:enp0s3: saddr:16783984: daddr:100932208: srtt_us:1333960: RTT:166745: ssthresh:2147483647: cwnd:10: delivered:1: lost:0: retrans:0
[  299.551742] AAAAA-TCP_RECV: name:enp0s3: saddr:100932208: daddr:16783984: srtt_us:1333960: RTT:166745: ssthresh:2147483647: cwnd:10: delivered:1: lost:0: retrans:0
[  299.552813] AAAAA-TCP_SEND: name:enp0s3: saddr:16783984: daddr:100932208: srtt_us:1333960: RTT:166745: ssthresh:2147483647: cwnd:10: delivered:1: lost:0: retrans:0
[  299.638727] AAAAA-TCP_RECV: name:enp0s3: saddr:100932208: daddr:16783984: srtt_us:1333960: RTT:166745: ssthresh:2147483647: cwnd:10: delivered:1: lost:0: retrans:0
[  299.639790] AAAAA-TCP_SEND: name:enp0s3: saddr:16783984: daddr:100932208: srtt_us:1333960: RTT:166745: ssthresh:2147483647: cwnd:10: delivered:1: lost:0: retrans:0
[  299.861599] AAAAA-TCP_RECV: name:enp0s3: saddr:100932208: daddr:16783984: srtt_us:1333960: RTT:166745: ssthresh:2147483647: cwnd:10: delivered:1: lost:0: retrans:0
[  299.862673] AAAAA-TCP_SEND: name:enp0s3: saddr:16783984: daddr:100932208: srtt_us:1333960: RTT:166745: ssthresh:2147483647: cwnd:10: delivered:1: lost:0: retrans:0
[  299.896609] AAAAA-TCP_RECV: name:enp0s3: saddr:100932208: daddr:16783984: srtt_us:1333960: RTT:166745: ssthresh:2147483647: cwnd:10: delivered:1: lost:0: retrans:0
[  299.897673] AAAAA-TCP_SEND: name:enp0s3: saddr:16783984: daddr:100932208: srtt_us:1333960: RTT:166745: ssthresh:2147483647: cwnd:10: delivered:1: lost:0: retrans:0
[  300.044138] AAAAA-TCP_RECV: name:enp0s3: saddr:100932208: daddr:16783984: srtt_us:1333960: RTT:166745: ssthresh:2147483647: cwnd:10: delivered:1: lost:0: retrans:0
[  300.045211] AAAAA-TCP_SEND: name:enp0s3: saddr:16783984: daddr:100932208: srtt_us:1333960: RTT:166745: ssthresh:2147483647: cwnd:10: delivered:1: lost:0: retrans:0
[  300.219326] AAAAA-TCP_RECV: name:enp0s3: saddr:100932208: daddr:16783984: srtt_us:1333960: RTT:166745: ssthresh:2147483647: cwnd:10: delivered:1: lost:0: retrans:0
[  300.220402] AAAAA-TCP_SEND: name:enp0s3: saddr:16783984: daddr:100932208: srtt_us:1333960: RTT:166745: ssthresh:2147483647: cwnd:10: delivered:1: lost:0: retrans:0
[  300.259264] AAAAA-TCP_RECV: name:enp0s3: saddr:100932208: daddr:16783984: srtt_us:1333960: RTT:166745: ssthresh:2147483647: cwnd:10: delivered:1: lost:0: retrans:0
[  300.260340] AAAAA-TCP_SEND: name:enp0s3: saddr:16783984: daddr:100932208: srtt_us:1333960: RTT:166745: ssthresh:2147483647: cwnd:10: delivered:1: lost:0: retrans:0
[  300.307457] AAAAA-TCP_RECV: name:enp0s3: saddr:100932208: daddr:16783984: srtt_us:1333960: RTT:166745: ssthresh:2147483647: cwnd:10: delivered:1: lost:0: retrans:0
[  300.308531] AAAAA-TCP_SEND: name:enp0s3: saddr:16783984: daddr:100932208: srtt_us:1333960: RTT:166745: ssthresh:2147483647: cwnd:10: delivered:1: lost:0: retrans:0
[  300.395785] AAAAA-TCP_RECV: name:enp0s3: saddr:100932208: daddr:16783984: srtt_us:1333960: RTT:166745: ssthresh:2147483647: cwnd:10: delivered:1: lost:0: retrans:0
[  300.396864] AAAAA-TCP_SEND: name:enp0s3: saddr:16783984: daddr:100932208: srtt_us:1333960: RTT:166745: ssthresh:2147483647: cwnd:10: delivered:1: lost:0: retrans:0
[  300.460080] AAAAA-TCP_RECV: name:enp0s3: saddr:100932208: daddr:16783984: srtt_us:1333960: RTT:166745: ssthresh:2147483647: cwnd:10: delivered:1: lost:0: retrans:0
[  300.461146] AAAAA-TCP_SEND: name:enp0s3: saddr:16783984: daddr:100932208: srtt_us:1333960: RTT:166745: ssthresh:2147483647: cwnd:10: delivered:1: lost:0: retrans:0
[  300.642463] AAAAA-TCP_RECV: name:enp0s3: saddr:100932208: daddr:16783984: srtt_us:1333960: RTT:166745: ssthresh:2147483647: cwnd:10: delivered:1: lost:0: retrans:0
[  300.643519] AAAAA-TCP_SEND: name:enp0s3: saddr:16783984: daddr:100932208: srtt_us:1333960: RTT:166745: ssthresh:2147483647: cwnd:10: delivered:1: lost:0: retrans:0
[  300.688828] AAAAA-TCP_RECV: name:enp0s3: saddr:100932208: daddr:16783984: srtt_us:1333960: RTT:166745: ssthresh:2147483647: cwnd:10: delivered:1: lost:0: retrans:0
[  300.689902] AAAAA-TCP_SEND: name:enp0s3: saddr:16783984: daddr:100932208: srtt_us:1333960: RTT:166745: ssthresh:2147483647: cwnd:10: delivered:1: lost:0: retrans:0
[  300.750812] AAAAA-TCP_RECV: name:enp0s3: saddr:100932208: daddr:16783984: srtt_us:1333960: RTT:166745: ssthresh:2147483647: cwnd:10: delivered:1: lost:0: retrans:0
[  300.754244] AAAAA-TCP_SEND: name:enp0s3: saddr:16783984: daddr:100932208: srtt_us:1333960: RTT:166745: ssthresh:2147483647: cwnd:10: delivered:1: lost:0: retrans:0
[  300.826213] AAAAA-TCP_RECV: name:enp0s3: saddr:100932208: daddr:16783984: srtt_us:1333960: RTT:166745: ssthresh:2147483647: cwnd:10: delivered:1: lost:0: retrans:0
[  300.827264] AAAAA-TCP_SEND: name:enp0s3: saddr:16783984: daddr:100932208: srtt_us:1333960: RTT:166745: ssthresh:2147483647: cwnd:10: delivered:1: lost:0: retrans:0
[  300.895363] AAAAA-TCP_RECV: name:enp0s3: saddr:100932208: daddr:16783984: srtt_us:1333960: RTT:166745: ssthresh:2147483647: cwnd:10: delivered:1: lost:0: retrans:0
[  300.896432] AAAAA-TCP_SEND: name:enp0s3: saddr:16783984: daddr:100932208: srtt_us:1333960: RTT:166745: ssthresh:2147483647: cwnd:10: delivered:1: lost:0: retrans:0
[  300.919724] AAAAA-TCP_RECV: name:enp0s3: saddr:100932208: daddr:16783984: srtt_us:1333960: RTT:166745: ssthresh:2147483647: cwnd:10: delivered:1: lost:0: retrans:0
[  300.920791] AAAAA-TCP_SEND: name:enp0s3: saddr:16783984: daddr:100932208: srtt_us:1333960: RTT:166745: ssthresh:2147483647: cwnd:10: delivered:1: lost:0: retrans:0
[  301.000895] AAAAA-TCP_RECV: name:enp0s3: saddr:100932208: daddr:16783984: srtt_us:1333960: RTT:166745: ssthresh:2147483647: cwnd:10: delivered:1: lost:0: retrans:0
[  301.001958] AAAAA-TCP_SEND: name:enp0s3: saddr:16783984: daddr:100932208: srtt_us:1333960: RTT:166745: ssthresh:2147483647: cwnd:10: delivered:1: lost:0: retrans:0
[  301.084300] AAAAA-TCP_RECV: name:enp0s3: saddr:100932208: daddr:16783984: srtt_us:1333960: RTT:166745: ssthresh:2147483647: cwnd:10: delivered:1: lost:0: retrans:0
[  301.085369] AAAAA-TCP_SEND: name:enp0s3: saddr:16783984: daddr:100932208: srtt_us:1333960: RTT:166745: ssthresh:2147483647: cwnd:10: delivered:1: lost:0: retrans:0
[  301.167579] AAAAA-TCP_RECV: name:enp0s3: saddr:100932208: daddr:16783984: srtt_us:1333960: RTT:166745: ssthresh:2147483647: cwnd:10: delivered:1: lost:0: retrans:0
[  301.168644] AAAAA-TCP_SEND: name:enp0s3: saddr:16783984: daddr:100932208: srtt_us:1333960: RTT:166745: ssthresh:2147483647: cwnd:10: delivered:1: lost:0: retrans:0
[  301.252114] AAAAA-TCP_RECV: name:enp0s3: saddr:100932208: daddr:16783984: srtt_us:1333960: RTT:166745: ssthresh:2147483647: cwnd:10: delivered:1: lost:0: retrans:0
[  301.253180] AAAAA-TCP_SEND: name:enp0s3: saddr:16783984: daddr:100932208: srtt_us:1333960: RTT:166745: ssthresh:2147483647: cwnd:10: delivered:1: lost:0: retrans:0
[  301.316887] AAAAA-TCP_RECV: name:enp0s3: saddr:100932208: daddr:16783984: srtt_us:1333960: RTT:166745: ssthresh:2147483647: cwnd:10: delivered:1: lost:0: retrans:0
[  301.317958] AAAAA-TCP_SEND: name:enp0s3: saddr:16783984: daddr:100932208: srtt_us:1333960: RTT:166745: ssthresh:2147483647: cwnd:10: delivered:1: lost:0: retrans:0
[  301.589737] AAAAA-TCP_RECV: name:enp0s3: saddr:100932208: daddr:16783984: srtt_us:1333960: RTT:166745: ssthresh:2147483647: cwnd:10: delivered:1: lost:0: retrans:0
[  301.590826] AAAAA-TCP_SEND: name:enp0s3: saddr:16783984: daddr:100932208: srtt_us:1333960: RTT:166745: ssthresh:2147483647: cwnd:10: delivered:1: lost:0: retrans:0
[  301.685505] AAAAA-TCP_RECV: name:enp0s3: saddr:100932208: daddr:16783984: srtt_us:1333960: RTT:166745: ssthresh:2147483647: cwnd:10: delivered:1: lost:0: retrans:0
[  301.686580] AAAAA-TCP_SEND: name:enp0s3: saddr:16783984: daddr:100932208: srtt_us:1333960: RTT:166745: ssthresh:2147483647: cwnd:10: delivered:1: lost:0: retrans:0
[  301.754189] AAAAA-TCP_RECV: name:enp0s3: saddr:100932208: daddr:16783984: srtt_us:1333960: RTT:166745: ssthresh:2147483647: cwnd:10: delivered:1: lost:0: retrans:0
[  301.755244] AAAAA-TCP_SEND: name:enp0s3: saddr:16783984: daddr:100932208: srtt_us:1333960: RTT:166745: ssthresh:2147483647: cwnd:10: delivered:1: lost:0: retrans:0
[  301.851495] AAAAA-TCP_RECV: name:enp0s3: saddr:100932208: daddr:16783984: srtt_us:1333960: RTT:166745: ssthresh:2147483647: cwnd:10: delivered:1: lost:0: retrans:0
[  301.852567] AAAAA-TCP_SEND: name:enp0s3: saddr:16783984: daddr:100932208: srtt_us:1333960: RTT:166745: ssthresh:2147483647: cwnd:10: delivered:1: lost:0: retrans:0
[  301.914522] AAAAA-TCP_RECV: name:enp0s3: saddr:100932208: daddr:16783984: srtt_us:1333960: RTT:166745: ssthresh:2147483647: cwnd:10: delivered:1: lost:0: retrans:0
[  301.915578] AAAAA-TCP_SEND: name:enp0s3: saddr:16783984: daddr:100932208: srtt_us:1333960: RTT:166745: ssthresh:2147483647: cwnd:10: delivered:1: lost:0: retrans:0
[  302.008959] AAAAA-TCP_RECV: name:enp0s3: saddr:100932208: daddr:16783984: srtt_us:1333960: RTT:166745: ssthresh:2147483647: cwnd:10: delivered:1: lost:0: retrans:0
[  302.010039] AAAAA-TCP_SEND: name:enp0s3: saddr:16783984: daddr:100932208: srtt_us:1333960: RTT:166745: ssthresh:2147483647: cwnd:10: delivered:1: lost:0: retrans:0
[  302.101814] AAAAA-TCP_RECV: name:enp0s3: saddr:100932208: daddr:16783984: srtt_us:1333960: RTT:166745: ssthresh:2147483647: cwnd:10: delivered:1: lost:0: retrans:0
[  302.102881] AAAAA-TCP_SEND: name:enp0s3: saddr:16783984: daddr:100932208: srtt_us:1333960: RTT:166745: ssthresh:2147483647: cwnd:10: delivered:1: lost:0: retrans:0
[  302.244003] AAAAA-TCP_RECV: name:enp0s3: saddr:100932208: daddr:16783984: srtt_us:1333960: RTT:166745: ssthresh:2147483647: cwnd:10: delivered:1: lost:0: retrans:0
[  302.245073] AAAAA-TCP_SEND: name:enp0s3: saddr:16783984: daddr:100932208: srtt_us:1333960: RTT:166745: ssthresh:2147483647: cwnd:10: delivered:1: lost:0: retrans:0
[  302.319432] AAAAA-TCP_RECV: name:enp0s3: saddr:100932208: daddr:16783984: srtt_us:1333960: RTT:166745: ssthresh:2147483647: cwnd:10: delivered:1: lost:0: retrans:0
[  302.322054] AAAAA-TCP_SEND: name:enp0s3: saddr:16783984: daddr:100932208: srtt_us:1333960: RTT:166745: ssthresh:2147483647: cwnd:10: delivered:1: lost:0: retrans:0
[  302.456238] AAAAA-TCP_RECV: name:enp0s3: saddr:100932208: daddr:16783984: srtt_us:1333960: RTT:166745: ssthresh:2147483647: cwnd:10: delivered:1: lost:0: retrans:0
[  302.457320] AAAAA-TCP_SEND: name:enp0s3: saddr:16783984: daddr:100932208: srtt_us:1333960: RTT:166745: ssthresh:2147483647: cwnd:10: delivered:1: lost:0: retrans:0
[  302.634215] AAAAA-TCP_RECV: name:enp0s3: saddr:100932208: daddr:16783984: srtt_us:1333960: RTT:166745: ssthresh:2147483647: cwnd:10: delivered:1: lost:0: retrans:0
[  302.634252] AAAAA-TCP_SEND: name:enp0s3: saddr:16783984: daddr:100932208: srtt_us:1333960: RTT:166745: ssthresh:2147483647: cwnd:10: delivered:1: lost:0: retrans:0
[  302.795091] AAAAA-TCP_RECV: name:enp0s3: saddr:100932208: daddr:16783984: srtt_us:1333960: RTT:166745: ssthresh:2147483647: cwnd:10: delivered:1: lost:0: retrans:0
[  302.795122] AAAAA-TCP_SEND: name:enp0s3: saddr:16783984: daddr:100932208: srtt_us:1333960: RTT:166745: ssthresh:2147483647: cwnd:10: delivered:1: lost:0: retrans:0
[  302.908126] AAAAA-TCP_RECV: name:enp0s3: saddr:100932208: daddr:16783984: srtt_us:1333960: RTT:166745: ssthresh:2147483647: cwnd:10: delivered:1: lost:0: retrans:0
[  302.908153] AAAAA-TCP_SEND: name:enp0s3: saddr:16783984: daddr:100932208: srtt_us:1333960: RTT:166745: ssthresh:2147483647: cwnd:10: delivered:1: lost:0: retrans:0
[  302.967514] AAAAA-TCP_RECV: name:enp0s3: saddr:100932208: daddr:16783984: srtt_us:1333960: RTT:166745: ssthresh:2147483647: cwnd:10: delivered:1: lost:0: retrans:0
[  302.967537] AAAAA-TCP_SEND: name:enp0s3: saddr:16783984: daddr:100932208: srtt_us:1333960: RTT:166745: ssthresh:2147483647: cwnd:10: delivered:1: lost:0: retrans:0
[  303.040915] AAAAA-TCP_RECV: name:enp0s3: saddr:100932208: daddr:16783984: srtt_us:1333960: RTT:166745: ssthresh:2147483647: cwnd:10: delivered:1: lost:0: retrans:0
[  303.040940] AAAAA-TCP_SEND: name:enp0s3: saddr:16783984: daddr:100932208: srtt_us:1333960: RTT:166745: ssthresh:2147483647: cwnd:10: delivered:1: lost:0: retrans:0
[  303.160806] AAAAA-TCP_RECV: name:enp0s3: saddr:100932208: daddr:16783984: srtt_us:1333960: RTT:166745: ssthresh:2147483647: cwnd:10: delivered:1: lost:0: retrans:0
[  303.160835] AAAAA-TCP_SEND: name:enp0s3: saddr:16783984: daddr:100932208: srtt_us:1333960: RTT:166745: ssthresh:2147483647: cwnd:10: delivered:1: lost:0: retrans:0
[  303.254469] AAAAA-TCP_RECV: name:enp0s3: saddr:100932208: daddr:16783984: srtt_us:1333960: RTT:166745: ssthresh:2147483647: cwnd:10: delivered:1: lost:0: retrans:0
[  303.254495] AAAAA-TCP_SEND: name:enp0s3: saddr:16783984: daddr:100932208: srtt_us:1333960: RTT:166745: ssthresh:2147483647: cwnd:10: delivered:1: lost:0: retrans:0
[  303.334788] AAAAA-TCP_RECV: name:enp0s3: saddr:100932208: daddr:16783984: srtt_us:1333960: RTT:166745: ssthresh:2147483647: cwnd:10: delivered:1: lost:0: retrans:0
[  303.334814] AAAAA-TCP_SEND: name:enp0s3: saddr:16783984: daddr:100932208: srtt_us:1333960: RTT:166745: ssthresh:2147483647: cwnd:10: delivered:1: lost:0: retrans:0
[  303.432447] AAAAA-TCP_RECV: name:enp0s3: saddr:100932208: daddr:16783984: srtt_us:1333960: RTT:166745: ssthresh:2147483647: cwnd:10: delivered:1: lost:0: retrans:0
[  303.432485] AAAAA-TCP_SEND: name:enp0s3: saddr:16783984: daddr:100932208: srtt_us:1333960: RTT:166745: ssthresh:2147483647: cwnd:10: delivered:1: lost:0: retrans:0
[  303.528953] AAAAA-TCP_RECV: name:enp0s3: saddr:100932208: daddr:16783984: srtt_us:1333960: RTT:166745: ssthresh:2147483647: cwnd:10: delivered:1: lost:0: retrans:0
[  303.528991] AAAAA-TCP_SEND: name:enp0s3: saddr:16783984: daddr:100932208: srtt_us:1333960: RTT:166745: ssthresh:2147483647: cwnd:10: delivered:1: lost:0: retrans:0
[  303.630937] AAAAA-TCP_RECV: name:enp0s3: saddr:100932208: daddr:16783984: srtt_us:1333960: RTT:166745: ssthresh:2147483647: cwnd:10: delivered:1: lost:0: retrans:0
[  303.630981] AAAAA-TCP_SEND: name:enp0s3: saddr:16783984: daddr:100932208: srtt_us:1333960: RTT:166745: ssthresh:2147483647: cwnd:10: delivered:1: lost:0: retrans:0
[  303.700421] AAAAA-TCP_RECV: name:enp0s3: saddr:100932208: daddr:16783984: srtt_us:1333960: RTT:166745: ssthresh:2147483647: cwnd:10: delivered:1: lost:0: retrans:0
[  303.700446] AAAAA-TCP_SEND: name:enp0s3: saddr:16783984: daddr:100932208: srtt_us:1333960: RTT:166745: ssthresh:2147483647: cwnd:10: delivered:1: lost:0: retrans:0
[  303.745998] AAAAA-TCP_RECV: name:enp0s3: saddr:100932208: daddr:16783984: srtt_us:1333960: RTT:166745: ssthresh:2147483647: cwnd:10: delivered:1: lost:0: retrans:0
[  303.746024] AAAAA-TCP_SEND: name:enp0s3: saddr:16783984: daddr:100932208: srtt_us:1333960: RTT:166745: ssthresh:2147483647: cwnd:10: delivered:1: lost:0: retrans:0
[  303.810034] AAAAA-TCP_RECV: name:enp0s3: saddr:100932208: daddr:16783984: srtt_us:1333960: RTT:166745: ssthresh:2147483647: cwnd:10: delivered:1: lost:0: retrans:0
[  303.810058] AAAAA-TCP_SEND: name:enp0s3: saddr:16783984: daddr:100932208: srtt_us:1333960: RTT:166745: ssthresh:2147483647: cwnd:10: delivered:1: lost:0: retrans:0
[  303.871792] AAAAA-TCP_RECV: name:enp0s3: saddr:100932208: daddr:16783984: srtt_us:1333960: RTT:166745: ssthresh:2147483647: cwnd:10: delivered:1: lost:0: retrans:0
[  303.871816] AAAAA-TCP_SEND: name:enp0s3: saddr:16783984: daddr:100932208: srtt_us:1333960: RTT:166745: ssthresh:2147483647: cwnd:10: delivered:1: lost:0: retrans:0
[  304.018019] AAAAA-TCP_RECV: name:enp0s3: saddr:100932208: daddr:16783984: srtt_us:1333960: RTT:166745: ssthresh:2147483647: cwnd:10: delivered:1: lost:0: retrans:0
[  304.018042] AAAAA-TCP_SEND: name:enp0s3: saddr:16783984: daddr:100932208: srtt_us:1333960: RTT:166745: ssthresh:2147483647: cwnd:10: delivered:1: lost:0: retrans:0
