[    0.000000] Linux version 5.4.243-mptcp (root@ztg) (gcc version 12.2.0 (Debian 12.2.0-14+deb12u1)) #53 SMP Wed Dec 24 23:28:15 CST 2025
[    0.000000] Command line: BOOT_IMAGE=/boot/vmlinuz-5.4.243-mptcp root=UUID=98415a12-53b7-4144-8265-0f7ece09e445 ro quiet splash
[    0.000000] KERNEL supported cpus:
[    0.000000]   Intel GenuineIntel
[    0.000000]   AMD AuthenticAMD
[    0.000000]   Hygon HygonGenuine
[    0.000000]   Centaur CentaurHauls
[    0.000000]   zhaoxin   Shanghai  
[    0.000000] x86/fpu: Supporting XSAVE feature 0x001: 'x87 floating point registers'
[    0.000000] x86/fpu: Supporting XSAVE feature 0x002: 'SSE registers'
[    0.000000] x86/fpu: Supporting XSAVE feature 0x004: 'AVX registers'
[    0.000000] x86/fpu: xstate_offset[2]:  576, xstate_sizes[2]:  256
[    0.000000] x86/fpu: Enabled xstate features 0x7, context size is 832 bytes, using 'standard' format.
[    0.000000] BIOS-provided physical RAM map:
[    0.000000] BIOS-e820: [mem 0x0000000000000000-0x000000000009fbff] usable
[    0.000000] BIOS-e820: [mem 0x000000000009fc00-0x000000000009ffff] reserved
[    0.000000] BIOS-e820: [mem 0x00000000000f0000-0x00000000000fffff] reserved
[    0.000000] BIOS-e820: [mem 0x0000000000100000-0x000000007ffeffff] usable
[    0.000000] BIOS-e820: [mem 0x000000007fff0000-0x000000007fffffff] ACPI data
[    0.000000] BIOS-e820: [mem 0x00000000fec00000-0x00000000fec00fff] reserved
[    0.000000] BIOS-e820: [mem 0x00000000fee00000-0x00000000fee00fff] reserved
[    0.000000] BIOS-e820: [mem 0x00000000fffc0000-0x00000000ffffffff] reserved
[    0.000000] NX (Execute Disable) protection: active
[    0.000000] SMBIOS 2.5 present.
[    0.000000] DMI: innotek GmbH VirtualBox/VirtualBox, BIOS VirtualBox 12/01/2006
[    0.000000] Hypervisor detected: KVM
[    0.000000] kvm-clock: Using msrs 4b564d01 and 4b564d00
[    0.000000] kvm-clock: cpu 0, msr 61a01001, primary cpu clock
[    0.000000] kvm-clock: using sched offset of 4485873730 cycles
[    0.000003] clocksource: kvm-clock: mask: 0xffffffffffffffff max_cycles: 0x1cd42e4dffb, max_idle_ns: 881590591483 ns
[    0.000005] tsc: Detected 2100.000 MHz processor
[    0.001898] e820: update [mem 0x00000000-0x00000fff] usable ==> reserved
[    0.001900] e820: remove [mem 0x000a0000-0x000fffff] usable
[    0.001904] last_pfn = 0x7fff0 max_arch_pfn = 0x400000000
[    0.001973] MTRR default type: uncachable
[    0.001974] MTRR fixed ranges enabled:
[    0.001975]   00000-9FFFF write-back
[    0.001976]   A0000-BFFFF uncachable
[    0.001977]   C0000-FFFFF write-protect
[    0.001977] MTRR variable ranges enabled:
[    0.001979]   0 base 000000000000 mask 3FFF80000000 write-back
[    0.001979]   1 disabled
[    0.001980]   2 disabled
[    0.001980]   3 disabled
[    0.001981]   4 disabled
[    0.001981]   5 disabled
[    0.001982]   6 disabled
[    0.001982]   7 disabled
[    0.001982]   8 disabled
[    0.001983]   9 disabled
[    0.001983]   10 disabled
[    0.001984]   11 disabled
[    0.001984]   12 disabled
[    0.001985]   13 disabled
[    0.001985]   14 disabled
[    0.001985]   15 disabled
[    0.002002] x86/PAT: Configuration [0-7]: WB  WC  UC- UC  WB  WP  UC- WT  
[    0.002138] found SMP MP-table at [mem 0x0009fff0-0x0009ffff]
[    0.091195] check: Scanning 1 areas for low memory corruption
[    0.091416] RAMDISK: [mem 0x32271000-0x3512ffff]
[    0.091424] ACPI: Early table checksum verification disabled
[    0.091429] ACPI: RSDP 0x00000000000E0000 000024 (v02 VBOX  )
[    0.091434] ACPI: XSDT 0x000000007FFF0030 00003C (v01 VBOX   VBOXXSDT 00000001 ASL  00000061)
[    0.091440] ACPI: FACP 0x000000007FFF00F0 0000F4 (v04 VBOX   VBOXFACP 00000001 ASL  00000061)
[    0.091446] ACPI: DSDT 0x000000007FFF02E0 002353 (v02 VBOX   VBOXBIOS 00000002 VBOX 00029BF3)
[    0.091450] ACPI: FACS 0x000000007FFF0200 000040
[    0.091454] ACPI: FACS 0x000000007FFF0200 000040
[    0.091457] ACPI: APIC 0x000000007FFF0240 000054 (v02 VBOX   VBOXAPIC 00000001 ASL  00000061)
[    0.091460] ACPI: SSDT 0x000000007FFF02A0 000038 (v01 VBOX   VBOXCPUT 00000002 VBOX 00029BF3)
[    0.091464] ACPI: Reserving FACP table memory at [mem 0x7fff00f0-0x7fff01e3]
[    0.091465] ACPI: Reserving DSDT table memory at [mem 0x7fff02e0-0x7fff2632]
[    0.091465] ACPI: Reserving FACS table memory at [mem 0x7fff0200-0x7fff023f]
[    0.091466] ACPI: Reserving FACS table memory at [mem 0x7fff0200-0x7fff023f]
[    0.091466] ACPI: Reserving APIC table memory at [mem 0x7fff0240-0x7fff0293]
[    0.091467] ACPI: Reserving SSDT table memory at [mem 0x7fff02a0-0x7fff02d7]
[    0.091481] ACPI: Local APIC address 0xfee00000
[    0.091664] No NUMA configuration found
[    0.091665] Faking a node at [mem 0x0000000000000000-0x000000007ffeffff]
[    0.091675] NODE_DATA(0) allocated [mem 0x7ffc5000-0x7ffeffff]
[    0.091937] Zone ranges:
[    0.091938]   DMA      [mem 0x0000000000001000-0x0000000000ffffff]
[    0.091939]   DMA32    [mem 0x0000000001000000-0x000000007ffeffff]
[    0.091940]   Normal   empty
[    0.091940]   Device   empty
[    0.091941] Movable zone start for each node
[    0.091943] Early memory node ranges
[    0.091944]   node   0: [mem 0x0000000000001000-0x000000000009efff]
[    0.091945]   node   0: [mem 0x0000000000100000-0x000000007ffeffff]
[    0.091948] Zeroed struct page in unavailable ranges: 114 pages
[    0.091949] Initmem setup node 0 [mem 0x0000000000001000-0x000000007ffeffff]
[    0.091950] On node 0 totalpages: 524174
[    0.091951]   DMA zone: 64 pages used for memmap
[    0.091952]   DMA zone: 21 pages reserved
[    0.091953]   DMA zone: 3998 pages, LIFO batch:0
[    0.092024]   DMA32 zone: 8128 pages used for memmap
[    0.092024]   DMA32 zone: 520176 pages, LIFO batch:63
[    0.100889] ACPI: PM-Timer IO Port: 0x4008
[    0.100892] ACPI: Local APIC address 0xfee00000
[    0.100973] IOAPIC[0]: apic_id 1, version 32, address 0xfec00000, GSI 0-23
[    0.100977] ACPI: INT_SRC_OVR (bus 0 bus_irq 0 global_irq 2 dfl dfl)
[    0.100978] ACPI: INT_SRC_OVR (bus 0 bus_irq 9 global_irq 9 low level)
[    0.100980] ACPI: IRQ0 used by override.
[    0.100981] ACPI: IRQ9 used by override.
[    0.100984] Using ACPI (MADT) for SMP configuration information
[    0.100991] smpboot: Allowing 1 CPUs, 0 hotplug CPUs
[    0.101012] PM: Registered nosave memory: [mem 0x00000000-0x00000fff]
[    0.101013] PM: Registered nosave memory: [mem 0x0009f000-0x0009ffff]
[    0.101013] PM: Registered nosave memory: [mem 0x000a0000-0x000effff]
[    0.101014] PM: Registered nosave memory: [mem 0x000f0000-0x000fffff]
[    0.101015] [mem 0x80000000-0xfebfffff] available for PCI devices
[    0.101016] Booting paravirtualized kernel on KVM
[    0.101019] clocksource: refined-jiffies: mask: 0xffffffff max_cycles: 0xffffffff, max_idle_ns: 7645519600211568 ns
[    0.101023] setup_percpu: NR_CPUS:8192 nr_cpumask_bits:1 nr_cpu_ids:1 nr_node_ids:1
[    0.102037] percpu: Embedded 60 pages/cpu s208896 r8192 d28672 u2097152
[    0.102041] pcpu-alloc: s208896 r8192 d28672 u2097152 alloc=1*2097152
[    0.102042] pcpu-alloc: [0] 0 
[    0.102067] Built 1 zonelists, mobility grouping on.  Total pages: 515961
[    0.102068] Policy zone: DMA32
[    0.102069] Kernel command line: BOOT_IMAGE=/boot/vmlinuz-5.4.243-mptcp root=UUID=98415a12-53b7-4144-8265-0f7ece09e445 ro quiet splash
[    0.102904] Dentry cache hash table entries: 262144 (order: 9, 2097152 bytes, linear)
[    0.103051] Inode-cache hash table entries: 131072 (order: 8, 1048576 bytes, linear)
[    0.103100] mem auto-init: stack:off, heap alloc:on, heap free:off
[    0.103102] Calgary: detecting Calgary via BIOS EBDA area
[    0.103103] Calgary: Unable to locate Rio Grande table in EBDA - bailing!
[    0.107202] Memory: 1967332K/2096696K available (14339K kernel code, 2398K rwdata, 4712K rodata, 2728K init, 17260K bss, 129364K reserved, 0K cma-reserved)
[    0.108125] SLUB: HWalign=64, Order=0-3, MinObjects=0, CPUs=1, Nodes=1
[    0.108141] ftrace: allocating 43186 entries in 169 pages
[    0.126118] rcu: Hierarchical RCU implementation.
[    0.126120] rcu: 	RCU restricting CPUs from NR_CPUS=8192 to nr_cpu_ids=1.
[    0.126121] 	Tasks RCU enabled.
[    0.126122] rcu: RCU calculated value of scheduler-enlistment delay is 25 jiffies.
[    0.126122] rcu: Adjusting geometry for rcu_fanout_leaf=16, nr_cpu_ids=1
[    0.129076] NR_IRQS: 524544, nr_irqs: 256, preallocated irqs: 16
[    0.129279] random: crng init done
[    0.138570] Console: colour VGA+ 80x25
[    0.138573] printk: console [tty0] enabled
[    0.138590] ACPI: Core revision 20190816
[    0.138733] APIC: Switch to symmetric I/O mode setup
[    0.138978] x2apic enabled
[    0.139215] Switched APIC routing to physical x2apic.
[    0.140331] ..TIMER: vector=0x30 apic1=0 pin1=2 apic2=-1 pin2=-1
[    0.140355] clocksource: tsc-early: mask: 0xffffffffffffffff max_cycles: 0x1e4530a99b6, max_idle_ns: 440795257976 ns
[    0.140361] Calibrating delay loop (skipped) preset value.. 4200.00 BogoMIPS (lpj=8400000)
[    0.140362] pid_max: default: 32768 minimum: 301
[    0.140390] LSM: Security Framework initializing
[    0.140400] Yama: becoming mindful.
[    0.140425] AppArmor: AppArmor initialized
[    0.140460] Mount-cache hash table entries: 4096 (order: 3, 32768 bytes, linear)
[    0.140463] Mountpoint-cache hash table entries: 4096 (order: 3, 32768 bytes, linear)
[    0.140473] *** VALIDATE tmpfs ***
[    0.140603] *** VALIDATE proc ***
[    0.140645] *** VALIDATE cgroup1 ***
[    0.140646] *** VALIDATE cgroup2 ***
[    0.140784] process: using mwait in idle threads
[    0.140789] Last level iTLB entries: 4KB 64, 2MB 8, 4MB 8
[    0.140789] Last level dTLB entries: 4KB 64, 2MB 0, 4MB 0, 1GB 4
[    0.140810] Spectre V1 : Mitigation: usercopy/swapgs barriers and __user pointer sanitization
[    0.140815] Spectre V2 : Mitigation: Retpolines
[    0.140816] Spectre V2 : Spectre v2 / SpectreRSB mitigation: Filling RSB on context switch
[    0.140816] Spectre V2 : Spectre v2 / SpectreRSB : Filling RSB on VMEXIT
[    0.140817] RETBleed: WARNING: Spectre v2 mitigation leaves CPU vulnerable to RETBleed attacks, data leaks possible!
[    0.141180] RETBleed: Vulnerable
[    0.141180] Speculative Store Bypass: Vulnerable
[    0.141186] TAA: Mitigation: TSX disabled
[    0.141186] MMIO Stale Data: Mitigation: Clear CPU buffers
[    0.145363] Freeing SMP alternatives memory: 40K
[    0.256992] smpboot: CPU0: Intel(R) Xeon(R) Silver 4216 CPU @ 2.10GHz (family: 0x6, model: 0x55, stepping: 0x7)
[    0.257081] Performance Events: unsupported p6 CPU model 85 no PMU driver, software events only.
[    0.257114] rcu: Hierarchical SRCU implementation.
[    0.257571] NMI watchdog: Perf NMI watchdog permanently disabled
[    0.257604] smp: Bringing up secondary CPUs ...
[    0.257605] smp: Brought up 1 node, 1 CPU
[    0.257606] smpboot: Max logical packages: 1
[    0.257607] smpboot: Total of 1 processors activated (4200.00 BogoMIPS)
[    0.258545] devtmpfs: initialized
[    0.258586] x86/mm: Memory block size: 128MB
[    0.258895] clocksource: jiffies: mask: 0xffffffff max_cycles: 0xffffffff, max_idle_ns: 7645041785100000 ns
[    0.258898] futex hash table entries: 256 (order: 2, 16384 bytes, linear)
[    0.258934] pinctrl core: initialized pinctrl subsystem
[    0.259027] PM: RTC time: 21:51:22, date: 2026-01-17
[    0.259123] NET: Registered protocol family 16
[    0.259192] audit: initializing netlink subsys (disabled)
[    0.259307] EISA bus registered
[    0.259308] cpuidle: using governor ladder
[    0.259309] cpuidle: using governor menu
[    0.259342] ACPI: bus type PCI registered
[    0.259344] acpiphp: ACPI Hot Plug PCI Controller Driver version: 0.5
[    0.259440] PCI: Using configuration type 1 for base access
[    0.260525] audit: type=2000 audit(1768657889.295:1): state=initialized audit_enabled=0 res=1
[    0.260592] HugeTLB registered 2.00 MiB page size, pre-allocated 0 pages
[    0.261329] ACPI: Added _OSI(Module Device)
[    0.261330] ACPI: Added _OSI(Processor Device)
[    0.261331] ACPI: Added _OSI(3.0 _SCP Extensions)
[    0.261331] ACPI: Added _OSI(Processor Aggregator Device)
[    0.261332] ACPI: Added _OSI(Linux-Dell-Video)
[    0.261333] ACPI: Added _OSI(Linux-Lenovo-NV-HDMI-Audio)
[    0.261334] ACPI: Added _OSI(Linux-HPI-Hybrid-Graphics)
[    0.263273] ACPI: 2 ACPI AML tables successfully acquired and loaded
[    0.264782] ACPI: Interpreter enabled
[    0.264791] ACPI: (supports S0 S5)
[    0.264792] ACPI: Using IOAPIC for interrupt routing
[    0.264997] PCI: Using host bridge windows from ACPI; if necessary, use "pci=nocrs" and report a bug
[    0.265103] ACPI: Enabled 2 GPEs in block 00 to 07
[    0.269929] ACPI: PCI Root Bridge [PCI0] (domain 0000 [bus 00-ff])
[    0.269934] acpi PNP0A03:00: _OSC: OS supports [ASPM ClockPM Segments MSI HPX-Type3]
[    0.270376] acpi PNP0A03:00: _OSC: not requesting OS control; OS requires [ExtendedConfig ASPM ClockPM MSI]
[    0.270384] acpi PNP0A03:00: fail to add MMCONFIG information, can't access extended PCI configuration space under this bridge.
[    0.270753] PCI host bridge to bus 0000:00
[    0.270755] pci_bus 0000:00: root bus resource [io  0x0000-0x0cf7 window]
[    0.270756] pci_bus 0000:00: root bus resource [io  0x0d00-0xffff window]
[    0.270757] pci_bus 0000:00: root bus resource [mem 0x000a0000-0x000bffff window]
[    0.270758] pci_bus 0000:00: root bus resource [mem 0x80000000-0xfdffffff window]
[    0.270760] pci_bus 0000:00: root bus resource [bus 00-ff]
[    0.270804] pci 0000:00:00.0: [8086:1237] type 00 class 0x060000
[    0.271738] pci 0000:00:01.0: [8086:7000] type 00 class 0x060100
[    0.272475] pci 0000:00:01.1: [8086:7111] type 00 class 0x01018a
[    0.272848] pci 0000:00:01.1: reg 0x20: [io  0xd000-0xd00f]
[    0.273003] pci 0000:00:01.1: legacy IDE quirk: reg 0x10: [io  0x01f0-0x01f7]
[    0.273004] pci 0000:00:01.1: legacy IDE quirk: reg 0x14: [io  0x03f6]
[    0.273005] pci 0000:00:01.1: legacy IDE quirk: reg 0x18: [io  0x0170-0x0177]
[    0.273006] pci 0000:00:01.1: legacy IDE quirk: reg 0x1c: [io  0x0376]
[    0.273549] pci 0000:00:02.0: [15ad:0405] type 00 class 0x030000
[    0.276440] pci 0000:00:02.0: reg 0x10: [io  0xd010-0xd01f]
[    0.280405] pci 0000:00:02.0: reg 0x14: [mem 0xe0000000-0xe7ffffff pref]
[    0.283047] pci 0000:00:02.0: reg 0x18: [mem 0xf0000000-0xf01fffff]
[    0.293148] pci 0000:00:03.0: [1022:2000] type 00 class 0x020000
[    0.293821] pci 0000:00:03.0: reg 0x10: [io  0xd020-0xd03f]
[    0.294426] pci 0000:00:03.0: reg 0x14: [mem 0xf0200000-0xf0200fff]
[    0.298825] pci 0000:00:04.0: [80ee:cafe] type 00 class 0x088000
[    0.299497] pci 0000:00:04.0: reg 0x10: [io  0xd040-0xd05f]
[    0.300102] pci 0000:00:04.0: reg 0x14: [mem 0xf0400000-0xf07fffff]
[    0.300474] pci 0000:00:04.0: reg 0x18: [mem 0xf0800000-0xf0803fff pref]
[    0.303992] pci 0000:00:07.0: [8086:7113] type 00 class 0x068000
[    0.304590] pci 0000:00:07.0: quirk: [io  0x4000-0x403f] claimed by PIIX4 ACPI
[    0.304600] pci 0000:00:07.0: quirk: [io  0x4100-0x410f] claimed by PIIX4 SMB
[    0.305182] pci 0000:00:08.0: [1022:2000] type 00 class 0x020000
[    0.305870] pci 0000:00:08.0: reg 0x10: [io  0xd060-0xd07f]
[    0.306473] pci 0000:00:08.0: reg 0x14: [mem 0xf0804000-0xf0804fff]
[    0.309757] pci 0000:00:09.0: [8086:100e] type 00 class 0x020000
[    0.310464] pci 0000:00:09.0: reg 0x10: [mem 0xf0820000-0xf083ffff]
[    0.312402] pci 0000:00:09.0: reg 0x18: [io  0xd080-0xd087]
[    0.321347] ACPI: PCI Interrupt Link [LNKA] (IRQs 5 9 10 *11)
[    0.321631] ACPI: PCI Interrupt Link [LNKB] (IRQs 5 9 *10 11)
[    0.321731] ACPI: PCI Interrupt Link [LNKC] (IRQs 5 *9 10 11)
[    0.321835] ACPI: PCI Interrupt Link [LNKD] (IRQs 5 9 10 *11)
[    0.322056] iommu: Default domain type: Translated 
[    0.322106] pci 0000:00:02.0: vgaarb: setting as boot VGA device
[    0.322108] pci 0000:00:02.0: vgaarb: VGA device added: decodes=io+mem,owns=io+mem,locks=none
[    0.322110] pci 0000:00:02.0: vgaarb: bridge control possible
[    0.322110] vgaarb: loaded
[    0.322295] SCSI subsystem initialized
[    0.322322] libata version 3.00 loaded.
[    0.322345] ACPI: bus type USB registered
[    0.322359] usbcore: registered new interface driver usbfs
[    0.322365] usbcore: registered new interface driver hub
[    0.322370] usbcore: registered new device driver usb
[    0.322394] pps_core: LinuxPPS API ver. 1 registered
[    0.322394] pps_core: Software ver. 5.3.6 - Copyright 2005-2007 Rodolfo Giometti <giometti@linux.it>
[    0.322396] PTP clock support registered
[    0.322431] EDAC MC: Ver: 3.0.0
[    0.324492] PCI: Using ACPI for IRQ routing
[    0.324493] PCI: pci_cache_line_size set to 64 bytes
[    0.324663] e820: reserve RAM buffer [mem 0x0009fc00-0x0009ffff]
[    0.324667] e820: reserve RAM buffer [mem 0x7fff0000-0x7fffffff]
[    0.325467] NetLabel: Initializing
[    0.325468] NetLabel:  domain hash size = 128
[    0.325468] NetLabel:  protocols = UNLABELED CIPSOv4 CALIPSO
[    0.325487] NetLabel:  unlabeled traffic allowed by default
[    0.326384] clocksource: Switched to clocksource kvm-clock
[    0.338517] *** VALIDATE bpf ***
[    0.338569] VFS: Disk quotas dquot_6.6.0
[    0.338580] VFS: Dquot-cache hash table entries: 512 (order 0, 4096 bytes)
[    0.338600] *** VALIDATE ramfs ***
[    0.338603] *** VALIDATE hugetlbfs ***
[    0.338678] AppArmor: AppArmor Filesystem Enabled
[    0.338700] pnp: PnP ACPI init
[    0.338760] pnp 00:00: Plug and Play ACPI device, IDs PNP0303 (active)
[    0.338827] pnp 00:01: Plug and Play ACPI device, IDs PNP0f03 (active)
[    0.339585] pnp: PnP ACPI: found 2 devices
[    0.340540] thermal_sys: Registered thermal governor 'fair_share'
[    0.340541] thermal_sys: Registered thermal governor 'bang_bang'
[    0.340541] thermal_sys: Registered thermal governor 'step_wise'
[    0.340542] thermal_sys: Registered thermal governor 'user_space'
[    0.340543] thermal_sys: Registered thermal governor 'power_allocator'
[    0.345052] clocksource: acpi_pm: mask: 0xffffff max_cycles: 0xffffff, max_idle_ns: 2085701024 ns
[    0.345092] pci_bus 0000:00: resource 4 [io  0x0000-0x0cf7 window]
[    0.345093] pci_bus 0000:00: resource 5 [io  0x0d00-0xffff window]
[    0.345094] pci_bus 0000:00: resource 6 [mem 0x000a0000-0x000bffff window]
[    0.345096] pci_bus 0000:00: resource 7 [mem 0x80000000-0xfdffffff window]
[    0.345149] NET: Registered protocol family 2
[    0.345219] IP idents hash table entries: 32768 (order: 6, 262144 bytes, linear)
[    0.345608] MPTCP tokens hash table entries: 8192 (order: 4, 65536 bytes, linear)
[    0.345628] MPTCP request tokens hash table entries: 8192 (order: 4, 65536 bytes, linear)
[    0.345653] default registered
[    0.345653] default registered
[    0.345654] MPTCP: Stable release v0.96
[    0.345659] tcp_listen_portaddr_hash hash table entries: 1024 (order: 2, 16384 bytes, linear)
[    0.345732] TCP established hash table entries: 16384 (order: 5, 131072 bytes, linear)
[    0.345794] TCP bind hash table entries: 16384 (order: 6, 262144 bytes, linear)
[    0.345820] TCP: Hash tables configured (established 16384 bind 16384)
[    0.346514] UDP hash table entries: 1024 (order: 3, 32768 bytes, linear)
[    0.346526] UDP-Lite hash table entries: 1024 (order: 3, 32768 bytes, linear)
[    0.346558] NET: Registered protocol family 1
[    0.346566] NET: Registered protocol family 44
[    0.346585] pci 0000:00:00.0: Limiting direct PCI/PCI transfers
[    0.346597] pci 0000:00:01.0: Activating ISA DMA hang workarounds
[    0.346654] pci 0000:00:02.0: Video device with shadowed ROM at [mem 0x000c0000-0x000dffff]
[    0.346718] PCI: CLS 0 bytes, default 64
[    0.346761] Trying to unpack rootfs image as initramfs...
[    0.516266] Freeing initrd memory: 47868K
[    0.516266] clocksource: tsc: mask: 0xffffffffffffffff max_cycles: 0x1e4530a99b6, max_idle_ns: 440795257976 ns
[    0.516266] clocksource: Switched to clocksource tsc
[    0.516266] platform rtc_cmos: registered platform RTC device (no PNP device found)
[    0.516266] check: Scanning for low memory corruption every 60 seconds
[    0.516266] Initialise system trusted keyrings
[    0.516266] Key type blacklist registered
[    0.516266] workingset: timestamp_bits=36 max_order=19 bucket_order=0
[    0.516266] zbud: loaded
[    0.516266] squashfs: version 4.0 (2009/01/31) Phillip Lougher
[    0.516266] fuse: init (API version 7.31)
[    0.516266] *** VALIDATE fuse ***
[    0.516266] *** VALIDATE fuse ***
[    0.516266] Platform Keyring initialized
[    0.528617] Key type asymmetric registered
[    0.528618] Asymmetric key parser 'x509' registered
[    0.528629] Block layer SCSI generic (bsg) driver version 0.4 loaded (major 244)
[    0.528667] io scheduler mq-deadline registered
[    0.528785] shpchp: Standard Hot Plug PCI Controller Driver version: 0.4
[    0.529056] ACPI: AC Adapter [AC] (on-line)
[    0.529103] input: Power Button as /devices/LNXSYSTM:00/LNXPWRBN:00/input/input0
[    0.529131] ACPI: Power Button [PWRF]
[    0.529205] input: Sleep Button as /devices/LNXSYSTM:00/LNXSLPBN:00/input/input1
[    0.529219] ACPI: Sleep Button [SLPF]
[    0.529447] Serial: 8250/16550 driver, 32 ports, IRQ sharing enabled
[    0.530617] Linux agpgart interface v0.103
[    0.619207] loop: module loaded
[    0.619446] ata_piix 0000:00:01.1: version 2.13
[    0.619833] scsi host0: ata_piix
[    0.619920] scsi host1: ata_piix
[    0.619946] ata1: PATA max UDMA/33 cmd 0x1f0 ctl 0x3f6 bmdma 0xd000 irq 14
[    0.619947] ata2: PATA max UDMA/33 cmd 0x170 ctl 0x376 bmdma 0xd008 irq 15
[    0.620024] tun: Universal TUN/TAP device driver, 1.6
[    0.620335] PPP generic driver version 2.4.2
[    0.620376] VFIO - User Level meta-driver version: 0.3
[    0.620607] ehci_hcd: USB 2.0 'Enhanced' Host Controller (EHCI) Driver
[    0.620612] ehci-pci: EHCI PCI platform driver
[    0.620625] ehci-platform: EHCI generic platform driver
[    0.620631] ohci_hcd: USB 1.1 'Open' Host Controller (OHCI) Driver
[    0.620632] ohci-pci: OHCI PCI platform driver
[    0.620639] ohci-platform: OHCI generic platform driver
[    0.620643] uhci_hcd: USB Universal Host Controller Interface driver
[    0.620704] i8042: PNP: PS/2 Controller [PNP0303:PS2K,PNP0f03:PS2M] at 0x60,0x64 irq 1,12
[    0.621144] serio: i8042 KBD port at 0x60,0x64 irq 1
[    0.621148] serio: i8042 AUX port at 0x60,0x64 irq 12
[    0.621231] mousedev: PS/2 mouse device common for all mice
[    0.621487] input: AT Translated Set 2 keyboard as /devices/platform/i8042/serio0/input/input2
[    0.621883] rtc_cmos rtc_cmos: registered as rtc0
[    0.621896] rtc_cmos rtc_cmos: alarms up to one day, 114 bytes nvram
[    0.621901] i2c /dev entries driver
[    0.621941] device-mapper: uevent: version 1.0.3
[    0.621982] device-mapper: ioctl: 4.41.0-ioctl (2019-09-16) initialised: dm-devel@redhat.com
[    0.621997] platform eisa.0: Probing EISA bus 0
[    0.621998] platform eisa.0: EISA: Cannot allocate resource for mainboard
[    0.622000] platform eisa.0: Cannot allocate resource for EISA slot 1
[    0.622001] platform eisa.0: Cannot allocate resource for EISA slot 2
[    0.622002] platform eisa.0: Cannot allocate resource for EISA slot 3
[    0.622003] platform eisa.0: Cannot allocate resource for EISA slot 4
[    0.622004] platform eisa.0: Cannot allocate resource for EISA slot 5
[    0.622005] platform eisa.0: Cannot allocate resource for EISA slot 6
[    0.622006] platform eisa.0: Cannot allocate resource for EISA slot 7
[    0.622006] platform eisa.0: Cannot allocate resource for EISA slot 8
[    0.622007] platform eisa.0: EISA: Detected 0 cards
[    0.622010] intel_pstate: CPU model not supported
[    0.622018] ledtrig-cpu: registered to indicate activity on CPUs
[    0.622066] drop_monitor: Initializing network drop monitor service
[    0.622223] NET: Registered protocol family 10
[    0.627220] Segment Routing with IPv6
[    0.627220] fullmesh registered
[    0.627220] ndiffports registered
[    0.627220] binder registered
[    0.627220] roundrobin registered
[    0.627220] redundant registered
[    0.627220] blest registered
[    0.627220] ecf registered
[    0.627220] NET: Registered protocol family 17
[    0.627220] Key type dns_resolver registered
[    0.627220] RAS: Correctable Errors collector initialized.
[    0.627220] IPI shorthand broadcast: enabled
[    0.627220] sched_clock: Marking stable (612131655, 11088693)->(624006774, -786426)
[    0.627490] registered taskstats version 1
[    0.627498] Loading compiled-in X.509 certificates
[    0.628086] Loaded X.509 cert 'Build time autogenerated kernel key: 6909f3744cebb3d0de528d5887b96a727de79b1e'
[    0.628101] zswap: loaded using pool lzo/zbud
[    0.628232] Key type ._fscrypt registered
[    0.628232] Key type .fscrypt registered
[    0.632643] Key type big_key registered
[    0.634795] Key type encrypted registered
[    0.634798] AppArmor: AppArmor sha1 policy hashing enabled
[    0.634805] ima: No TPM chip found, activating TPM-bypass!
[    0.634808] ima: Allocated hash algorithm: sha1
[    0.634813] ima: No architecture policies found
[    0.634822] evm: Initialising EVM extended attributes:
[    0.634822] evm: security.selinux
[    0.634823] evm: security.SMACK64
[    0.634823] evm: security.SMACK64EXEC
[    0.634824] evm: security.SMACK64TRANSMUTE
[    0.634824] evm: security.SMACK64MMAP
[    0.634825] evm: security.apparmor
[    0.634825] evm: security.ima
[    0.634826] evm: security.capability
[    0.634826] evm: HMAC attrs: 0x1
[    0.635111] PM:   Magic number: 10:813:904
[    0.635222] rtc_cmos rtc_cmos: setting system clock to 2026-01-17T21:51:23 UTC (1768686683)
[    0.792214] ata1.00: ATA-6: VBOX HARDDISK, 1.0, max UDMA/133
[    0.792217] ata1.00: 209715200 sectors, multi 128: LBA 
[    0.792865] scsi 0:0:0:0: Direct-Access     ATA      VBOX HARDDISK    1.0  PQ: 0 ANSI: 5
[    0.793125] sd 0:0:0:0: [sda] 209715200 512-byte logical blocks: (107 GB/100 GiB)
[    0.793137] sd 0:0:0:0: [sda] Write Protect is off
[    0.793140] sd 0:0:0:0: [sda] Mode Sense: 00 3a 00 00
[    0.793161] sd 0:0:0:0: [sda] Write cache: enabled, read cache: enabled, doesn't support DPO or FUA
[    0.793355] sd 0:0:0:0: Attached scsi generic sg0 type 0
[    0.794232]  sda: sda1 sda2
[    0.803284] sd 0:0:0:0: [sda] Attached SCSI disk
[    0.806622] Freeing unused decrypted memory: 2040K
[    0.807597] Freeing unused kernel image memory: 2728K
[    0.807599] Write protecting the kernel read-only data: 22528k
[    0.808635] Freeing unused kernel image memory: 2036K
[    0.809202] Freeing unused kernel image memory: 1432K
[    0.836028] x86/mm: Checked W+X mappings: passed, no W+X pages found.
[    0.836031] Run /init as init process
[    0.939106] ACPI: Video Device [GFX0] (multi-head: yes  rom: no  post: no)
[    0.939173] input: Video Bus as /devices/LNXSYSTM:00/LNXSYBUS:00/PNP0A03:00/LNXVIDEO:00/input/input4
[    0.950032] pcnet32: pcnet32.c:v1.35 21.Apr.2008 tsbogend@alpha.franken.de
[    0.953588] piix4_smbus 0000:00:07.0: SMBus Host Controller at 0x4100, revision 0
[    0.958286] e1000: Intel(R) PRO/1000 Network Driver - version 7.3.21-k8-NAPI
[    0.958286] e1000: Copyright (c) 1999-2006 Intel Corporation.
[    0.960204] pcnet32: PCnet/FAST III 79C973 at 0xd020, 08:00:27:19:74:94 assigned IRQ 19
[    0.960248] pcnet32: Found PHY 0022:561b at address 0
[    0.960538] pcnet32: eth0: registered as PCnet/FAST III 79C973
[    0.968868] pcnet32: PCnet/FAST III 79C973 at 0xd060, 08:00:27:2e:94:29 assigned IRQ 16
[    0.968911] pcnet32: Found PHY 0022:561b at address 0
[    0.969205] pcnet32: eth1: registered as PCnet/FAST III 79C973
[    0.969223] pcnet32: 2 cards_found
[    1.034699] pcnet32 0000:00:03.0 enp0s3: renamed from eth0
[    1.035908] pcnet32 0000:00:08.0 enp0s8: renamed from eth1
[    1.176457] input: ImExPS/2 Generic Explorer Mouse as /devices/platform/i8042/serio1/input/input5
[    1.363441] e1000 0000:00:09.0 eth0: (PCI:33MHz:32-bit) 08:00:27:8b:87:bb
[    1.363444] e1000 0000:00:09.0 eth0: Intel(R) PRO/1000 Network Connection
[    1.364348] e1000 0000:00:09.0 enp0s9: renamed from eth0
[    1.516869] EXT4-fs (sda2): mounted filesystem with ordered data mode. Opts: (null)
[    1.606620] systemd[1]: Inserted module 'autofs4'
[    1.618855] systemd[1]: systemd 245.4-4ubuntu3 running in system mode. (+PAM +AUDIT +SELINUX +IMA +APPARMOR +SMACK +SYSVINIT +UTMP +LIBCRYPTSETUP +GCRYPT +GNUTLS +ACL +XZ +LZ4 +SECCOMP +BLKID +ELFUTILS +KMOD +IDN2 -IDN +PCRE2 default-hierarchy=hybrid)
[    1.618884] systemd[1]: Detected virtualization oracle.
[    1.618888] systemd[1]: Detected architecture x86-64.
[    1.620210] systemd[1]: Set hostname to <ztg>.
[    1.741641] systemd[1]: /lib/systemd/system/dbus.socket:5: ListenStream= references a path below legacy directory /var/run/, updating /var/run/dbus/system_bus_socket â†’ /run/dbus/system_bus_socket; please update the unit file accordingly.
[    1.793354] systemd[1]: Created slice system-modprobe.slice.
[    1.793531] systemd[1]: Created slice User and Session Slice.
[    1.793572] systemd[1]: Started Forward Password Requests to Wall Directory Watch.
[    1.793722] systemd[1]: Set up automount Arbitrary Executable File Formats File System Automount Point.
[    1.793756] systemd[1]: Reached target User and Group Name Lookups.
[    1.793766] systemd[1]: Reached target Remote File Systems.
[    1.793774] systemd[1]: Reached target Slices.
[    1.794330] systemd[1]: Listening on Syslog Socket.
[    1.794396] systemd[1]: Listening on fsck to fsckd communication Socket.
[    1.794432] systemd[1]: Listening on initctl Compatibility Named Pipe.
[    1.794562] systemd[1]: Listening on Journal Audit Socket.
[    1.794614] systemd[1]: Listening on Journal Socket (/dev/log).
[    1.794678] systemd[1]: Listening on Journal Socket.
[    1.794740] systemd[1]: Listening on udev Control Socket.
[    1.794780] systemd[1]: Listening on udev Kernel Socket.
[    1.795485] systemd[1]: Mounting Huge Pages File System...
[    1.796367] systemd[1]: Mounting POSIX Message Queue File System...
[    1.797178] systemd[1]: Mounting Kernel Debug File System...
[    1.797979] systemd[1]: Mounting Kernel Trace File System...
[    1.799784] systemd[1]: Starting Journal Service...
[    1.821690] systemd[1]: Starting Set the console keyboard layout...
[    1.829718] systemd[1]: Starting Create list of static device nodes for the current kernel...
[    1.832087] systemd[1]: Starting Load Kernel Module drm...
[    1.832837] systemd[1]: Condition check resulted in Set Up Additional Binary Formats being skipped.
[    1.832877] systemd[1]: Condition check resulted in File System Check on Root Device being skipped.
[    1.836026] systemd[1]: Starting Load Kernel Modules...
[    1.842735] systemd[1]: Starting Remount Root and Kernel File Systems...
[    1.859856] systemd[1]: Starting udev Coldplug all Devices...
[    1.875458] systemd[1]: Starting Uncomplicated firewall...
[    1.876904] systemd[1]: Mounted Huge Pages File System.
[    1.876986] systemd[1]: Mounted POSIX Message Queue File System.
[    1.877053] systemd[1]: Mounted Kernel Debug File System.
[    1.877117] systemd[1]: Mounted Kernel Trace File System.
[    1.877438] EXT4-fs (sda2): re-mounted. Opts: errors=remount-ro
[    1.906728] systemd[1]: Finished Create list of static device nodes for the current kernel.
[    1.915550] systemd[1]: Finished Remount Root and Kernel File Systems.
[    1.915784] systemd[1]: modprobe@drm.service: Succeeded.
[    1.916003] systemd[1]: Finished Load Kernel Module drm.
[    1.917286] systemd[1]: Finished Uncomplicated firewall.
[    1.932602] systemd[1]: Condition check resulted in Rebuild Hardware Database being skipped.
[    1.932636] systemd[1]: Condition check resulted in Platform Persistent Storage Archival being skipped.
[    1.933293] systemd[1]: Starting Load/Save Random Seed...
[    1.935001] lp: driver loaded but no devices found
[    1.940659] systemd[1]: Starting Create System Users...
[    1.950004] systemd[1]: Finished Load/Save Random Seed.
[    1.952889] systemd[1]: Finished Create System Users.
[    1.953556] systemd[1]: Starting Create Static Device Nodes in /dev...
[    1.959191] ppdev: user-space parallel port driver
[    1.992387] systemd[1]: Finished Create Static Device Nodes in /dev.
[    1.993122] systemd[1]: Starting udev Kernel Device Manager...
[    2.026693] systemd[1]: Finished udev Coldplug all Devices.
[    2.029726] [drm] DMA map mode: Caching DMA mappings.
[    2.029789] [drm] Capabilities:
[    2.029790] [drm]   Rect copy.
[    2.029790] [drm]   Cursor.
[    2.029790] [drm]   Cursor bypass.
[    2.029791] [drm]   Cursor bypass 2.
[    2.029791] [drm]   Alpha cursor.
[    2.029791] [drm]   Extended Fifo.
[    2.029792] [drm]   Pitchlock.
[    2.029792] [drm]   Irq mask.
[    2.029792] [drm]   GMR.
[    2.029793] [drm]   Traces.
[    2.029793] [drm]   GMR2.
[    2.029793] [drm]   Screen Object 2.
[    2.029794] [drm]   Command Buffers.
[    2.029794] [drm]   Command Buffers 2.
[    2.029795] [drm]   Guest Backed Resources.
[    2.029795] [drm] Max GMR ids is 8192
[    2.029796] [drm] Max number of GMR pages is 1048576
[    2.029796] [drm] Max dedicated hypervisor surface memory is 393216 kiB
[    2.029797] [drm] Maximum display memory size is 131072 kiB
[    2.029798] [drm] VRAM at 0xe0000000 size is 131072 kiB
[    2.029798] [drm] MMIO at 0xf0000000 size is 2048 kiB
[    2.030757] [TTM] Zone  kernel: Available graphics memory: 1011738 KiB
[    2.030784] [TTM] Initializing pool allocator
[    2.030787] [TTM] Initializing DMA pool allocator
[    2.030813] [drm] Supports vblank timestamp caching Rev 2 (21.10.2013).
[    2.030814] [drm] No driver support for vblank timestamp query.
[    2.031022] [drm] Screen Target Display device initialized
[    2.032144] [drm] width 720
[    2.032154] [drm] height 400
[    2.032157] [drm] bpp 32
[    2.032726] [drm] Fifo max 0x00200000 min 0x00001000 cap 0x00000355
[    2.034635] [drm] Using command buffers with DMA pool.
[    2.034639] [drm] DX: no.
[    2.034639] [drm] Atomic: yes.
[    2.034640] [drm] SM4_1: no.
[    2.034658] [drm:vmw_host_log [vmwgfx]] *ERROR* Failed to send host log message.
[    2.035709] [drm:vmw_host_log [vmwgfx]] *ERROR* Failed to send host log message.
[    2.049665] fbcon: svgadrmfb (fb0) is primary device
[    2.053263] Console: switching to colour frame buffer device 100x37
[    2.072791] [drm] Initialized vmwgfx 2.15.0 20180704 for 0000:00:02.0 on minor 0
[    2.073598] systemd[1]: Finished Load Kernel Modules.
[    2.074462] systemd[1]: Mounting FUSE Control File System...
[    2.075279] systemd[1]: Mounting Kernel Configuration File System...
[    2.076075] systemd[1]: Starting Apply Kernel Variables...
[    2.109031] systemd[1]: Mounted FUSE Control File System.
[    2.109089] systemd[1]: Condition check resulted in VMware vmblock fuse mount being skipped.
[    2.112204] systemd[1]: Mounted Kernel Configuration File System.
[    2.121065] systemd[1]: Finished Set the console keyboard layout.
[    2.121150] systemd[1]: Reached target Local File Systems (Pre).
[    2.124633] systemd[1]: Mounting Mount unit for bare, revision 5...
[    2.126444] systemd[1]: Mounting Mount unit for core18, revision 1705...
[    2.136056] systemd[1]: Mounting Mount unit for gnome-3-34-1804, revision 24...
[    2.138490] systemd[1]: Mounting Mount unit for gtk-common-themes, revision 1506...
[    2.146063] systemd[1]: Mounting Mount unit for gtk-common-themes, revision 1535...
[    2.169034] systemd[1]: Mounting Mount unit for snap-store, revision 433...
[    2.175994] systemd[1]: Mounting Mount unit for snapd, revision 25935...
[    2.184228] systemd[1]: Finished Apply Kernel Variables.
[    2.187099] systemd[1]: Mounted Mount unit for bare, revision 5.
[    2.193252] systemd[1]: Mounted Mount unit for gnome-3-34-1804, revision 24.
[    2.195624] systemd[1]: Mounted Mount unit for core18, revision 1705.
[    2.205467] systemd[1]: Started udev Kernel Device Manager.
[    2.206118] systemd[1]: Starting Show Plymouth Boot Screen...
[    2.211245] systemd[1]: Received SIGRTMIN+20 from PID 276 (plymouthd).
[    2.217478] systemd[1]: Mounted Mount unit for gtk-common-themes, revision 1506.
[    2.235073] systemd[1]: Started Show Plymouth Boot Screen.
[    2.235208] systemd[1]: Condition check resulted in Dispatch Password Requests to Console Directory Watch being skipped.
[    2.235296] systemd[1]: Started Forward Password Requests to Plymouth Directory Watch.
[    2.235338] systemd[1]: Reached target Local Encrypted Volumes.
[    2.252915] systemd[1]: Mounted Mount unit for gtk-common-themes, revision 1535.
[    2.302986] systemd[1]: Mounted Mount unit for snap-store, revision 433.
[    2.303193] systemd[1]: Mounted Mount unit for snapd, revision 25935.
[    2.303343] systemd[1]: Reached target Local File Systems.
[    2.304138] systemd[1]: Starting Load AppArmor profiles...
[    2.306981] systemd[1]: Starting Set console font and keymap...
[    2.315949] systemd[1]: Starting Tell Plymouth To Write Out Runtime Data...
[    2.319939] systemd[1]: Condition check resulted in Store a System Token in an EFI Variable being skipped.
[    2.319985] systemd[1]: Condition check resulted in Commit a transient machine-id on disk being skipped.
[    2.323638] systemd[1]: Finished Set console font and keymap.
[    2.331339] systemd[1]: Received SIGRTMIN+20 from PID 276 (plymouthd).
[    2.333107] systemd[1]: plymouth-read-write.service: Succeeded.
[    2.333330] systemd[1]: Finished Tell Plymouth To Write Out Runtime Data.
[    2.351773] audit: type=1400 audit(1768686685.212:2): apparmor="STATUS" operation="profile_load" profile="unconfined" name="nvidia_modprobe" pid=300 comm="apparmor_parser"
[    2.351775] audit: type=1400 audit(1768686685.212:3): apparmor="STATUS" operation="profile_load" profile="unconfined" name="nvidia_modprobe//kmod" pid=300 comm="apparmor_parser"
[    2.375098] audit: type=1400 audit(1768686685.236:4): apparmor="STATUS" operation="profile_load" profile="unconfined" name="/usr/sbin/tcpdump" pid=301 comm="apparmor_parser"
[    2.402597] audit: type=1400 audit(1768686685.252:5): apparmor="STATUS" operation="profile_load" profile="unconfined" name="/usr/bin/evince" pid=303 comm="apparmor_parser"
[    2.402599] audit: type=1400 audit(1768686685.252:6): apparmor="STATUS" operation="profile_load" profile="unconfined" name="/usr/bin/evince//sanitized_helper" pid=303 comm="apparmor_parser"
[    2.402600] audit: type=1400 audit(1768686685.252:7): apparmor="STATUS" operation="profile_load" profile="unconfined" name="/usr/bin/evince-previewer" pid=303 comm="apparmor_parser"
[    2.402602] audit: type=1400 audit(1768686685.252:8): apparmor="STATUS" operation="profile_load" profile="unconfined" name="/usr/bin/evince-previewer//sanitized_helper" pid=303 comm="apparmor_parser"
[    2.402603] audit: type=1400 audit(1768686685.252:9): apparmor="STATUS" operation="profile_load" profile="unconfined" name="/usr/bin/evince-thumbnailer" pid=303 comm="apparmor_parser"
[    2.434678] audit: type=1400 audit(1768686685.292:10): apparmor="STATUS" operation="profile_load" profile="unconfined" name="/usr/lib/cups/backend/cups-pdf" pid=304 comm="apparmor_parser"
[    2.497909] systemd[1]: Finished Load AppArmor profiles.
[    2.498771] systemd[1]: Starting Load AppArmor profiles managed internally by snapd...
[    2.619839] systemd[1]: Finished Load AppArmor profiles managed internally by snapd.
[    2.794235] systemd[1]: Started Journal Service.
[    2.801686] systemd-journald[229]: Received client request to flush runtime journal.
[    2.805939] systemd-journald[229]: File /var/log/journal/c455b248004a419c87ce85eea238d727/system.journal corrupted or uncleanly shut down, renaming and replacing.
[    4.061393] RAPL PMU: API unit is 2^-32 Joules, 0 fixed counters, 10737418240 ms ovfl timer
[    4.128059] cryptd: max_cpu_qlen set to 1000
[    4.185663] AVX2 version of gcm_enc/dec engaged.
[    4.185664] AES CTR mode by8 optimization enabled
[    6.015432] Adding 1998844k swap on /dev/sda1.  Priority:-2 extents:1 across:1998844k FS
[    7.730669] kauditd_printk_skb: 30 callbacks suppressed
[    7.730670] audit: type=1400 audit(1768686690.588:41): apparmor="DENIED" operation="capable" profile="/usr/sbin/cups-browsed" pid=511 comm="cups-browsed" capability=23  capname="sys_nice"
[    8.569143] pcnet32 0000:00:03.0 enp0s3: link up, 100Mbps, full-duplex
[    8.589234] pcnet32 0000:00:08.0 enp0s8: link up, 100Mbps, full-duplex
[    8.626946] e1000: enp0s9 NIC Link is Up 1000 Mbps Full Duplex, Flow Control: RX
[    8.627265] IPv6: ADDRCONF(NETDEV_CHANGE): enp0s9: link becomes ready
[    9.146939] device enp0s3 entered promiscuous mode
[    9.178497] device enp0s8 entered promiscuous mode
[    9.192371] audit: type=1400 audit(1768686692.052:42): apparmor="DENIED" operation="open" profile="/usr/sbin/tcpdump" name="/proc/sys/kernel/random/boot_id" pid=654 comm="tcpdump" requested_mask="r" denied_mask="r" fsuid=0 ouid=0
[    9.193011] audit: type=1400 audit(1768686692.052:43): apparmor="DENIED" operation="open" profile="/usr/sbin/tcpdump" name="/proc/sys/kernel/random/boot_id" pid=654 comm="tcpdump" requested_mask="r" denied_mask="r" fsuid=0 ouid=0
[    9.193058] audit: type=1400 audit(1768686692.052:44): apparmor="DENIED" operation="open" profile="/usr/sbin/tcpdump" name="/proc/sys/kernel/random/boot_id" pid=654 comm="tcpdump" requested_mask="r" denied_mask="r" fsuid=0 ouid=0
[    9.193077] audit: type=1400 audit(1768686692.052:45): apparmor="DENIED" operation="open" profile="/usr/sbin/tcpdump" name="/proc/sys/kernel/random/boot_id" pid=654 comm="tcpdump" requested_mask="r" denied_mask="r" fsuid=0 ouid=0
[    9.193389] audit: type=1400 audit(1768686692.052:46): apparmor="DENIED" operation="open" profile="/usr/sbin/tcpdump" name="/proc/sys/kernel/random/boot_id" pid=655 comm="tcpdump" requested_mask="r" denied_mask="r" fsuid=0 ouid=0
[    9.194099] audit: type=1400 audit(1768686692.052:47): apparmor="DENIED" operation="open" profile="/usr/sbin/tcpdump" name="/proc/sys/kernel/random/boot_id" pid=655 comm="tcpdump" requested_mask="r" denied_mask="r" fsuid=0 ouid=0
[    9.194137] audit: type=1400 audit(1768686692.052:48): apparmor="DENIED" operation="open" profile="/usr/sbin/tcpdump" name="/proc/sys/kernel/random/boot_id" pid=655 comm="tcpdump" requested_mask="r" denied_mask="r" fsuid=0 ouid=0
[    9.194200] audit: type=1400 audit(1768686692.052:49): apparmor="DENIED" operation="open" profile="/usr/sbin/tcpdump" name="/proc/sys/kernel/random/boot_id" pid=655 comm="tcpdump" requested_mask="r" denied_mask="r" fsuid=0 ouid=0
[    9.204704] audit: type=1400 audit(1768686692.068:50): apparmor="DENIED" operation="open" profile="/usr/sbin/tcpdump" name="/proc/sys/kernel/random/boot_id" pid=656 comm="tcpdump" requested_mask="r" denied_mask="r" fsuid=0 ouid=0
[   15.120189] rfkill: input handler disabled
[  213.135594] AAAAA-TCP_RECV: name:enp0s8: saddr:100932208: daddr:16783984: srtt_us:0: RTT:0: ssthresh:2147483647: cwnd:10: delivered:0: lost:0: retrans:0
[  214.948728] AAAAA-TCP_SEND: name:enp0s3: saddr:16783984: daddr:100932208: srtt_us:0: RTT:0: ssthresh:0: cwnd:0: delivered:0: lost:0: retrans:0
[  215.858845] AAAAA-TCP_SEND: name:enp0s3: saddr:16783984: daddr:100932208: srtt_us:0: RTT:0: ssthresh:0: cwnd:0: delivered:0: lost:0: retrans:0
[  219.904299] AAAAA-TCP_RECV: name:enp0s3: saddr:100932208: daddr:16783984: srtt_us:0: RTT:0: ssthresh:2147483647: cwnd:10: delivered:0: lost:0: retrans:0
[  219.904355] AAAAA-TCP_SEND: name:enp0s3: saddr:16783984: daddr:100932208: srtt_us:0: RTT:0: ssthresh:0: cwnd:0: delivered:0: lost:0: retrans:0
[  220.078634] AAAAA-TCP_SEND: name:enp0s3: saddr:16783984: daddr:100932208: srtt_us:1394064: RTT:174258: ssthresh:2147483647: cwnd:10: delivered:1: lost:0: retrans:0
[  220.164373] AAAAA-TCP_RECV: name:enp0s3: saddr:100932208: daddr:16783984: srtt_us:1394064: RTT:174258: ssthresh:2147483647: cwnd:10: delivered:1: lost:0: retrans:0
[  220.164415] AAAAA-TCP_SEND: name:enp0s3: saddr:16783984: daddr:100932208: srtt_us:1394064: RTT:174258: ssthresh:2147483647: cwnd:10: delivered:1: lost:0: retrans:0
[  220.164632] AAAAA-TCP_SEND: name:enp0s3: saddr:16783984: daddr:100932208: srtt_us:1394064: RTT:174258: ssthresh:2147483647: cwnd:10: delivered:1: lost:0: retrans:0
[  220.366018] AAAAA-TCP_RECV: name:enp0s3: saddr:100932208: daddr:33561200: srtt_us:0: RTT:0: ssthresh:2147483647: cwnd:10: delivered:0: lost:0: retrans:0
[  220.366069] AAAAA-TCP_SEND: name:enp0s3: saddr:33561200: daddr:100932208: srtt_us:0: RTT:0: ssthresh:0: cwnd:0: delivered:0: lost:0: retrans:0
[  220.429475] AAAAA-TCP_RECV: name:enp0s3: saddr:100932208: daddr:16783984: srtt_us:1394064: RTT:174258: ssthresh:2147483647: cwnd:10: delivered:1: lost:0: retrans:0
[  220.542488] AAAAA-TCP_RECV: name:enp0s3: saddr:100932208: daddr:16783984: srtt_us:1484669: RTT:185583: ssthresh:2147483647: cwnd:10: delivered:2: lost:0: retrans:0
[  220.542526] AAAAA-TCP_SEND: name:enp0s3: saddr:16783984: daddr:100932208: srtt_us:1484669: RTT:185583: ssthresh:2147483647: cwnd:10: delivered:2: lost:0: retrans:0
[  220.620973] AAAAA-TCP_SEND: name:enp0s3: saddr:33561200: daddr:100932208: srtt_us:2039080: RTT:254885: ssthresh:2147483647: cwnd:10: delivered:1: lost:0: retrans:0
[  220.808035] AAAAA-TCP_RECV: name:enp0s3: saddr:100932208: daddr:16783984: srtt_us:1484669: RTT:185583: ssthresh:2147483647: cwnd:10: delivered:2: lost:0: retrans:0
[  220.808079] AAAAA-TCP_SEND: name:enp0s3: saddr:16783984: daddr:100932208: srtt_us:1484669: RTT:185583: ssthresh:2147483647: cwnd:10: delivered:2: lost:0: retrans:0
[  220.808230] AAAAA-TCP_SEND: name:enp0s3: saddr:16783984: daddr:100932208: srtt_us:1484669: RTT:185583: ssthresh:2147483647: cwnd:10: delivered:2: lost:0: retrans:0
[  220.899917] AAAAA-TCP_RECV: name:enp0s3: saddr:100932208: daddr:16783984: srtt_us:1484669: RTT:185583: ssthresh:2147483647: cwnd:10: delivered:2: lost:0: retrans:0
[  221.032853] AAAAA-TCP_RECV: name:enp0s3: saddr:100932208: daddr:16783984: srtt_us:0: RTT:0: ssthresh:2147483647: cwnd:10: delivered:0: lost:0: retrans:0
[  221.032894] AAAAA-TCP_SEND: name:enp0s3: saddr:16783984: daddr:100932208: srtt_us:0: RTT:0: ssthresh:0: cwnd:0: delivered:0: lost:0: retrans:0
[  221.138879] AAAAA-TCP_SEND: name:enp0s3: saddr:16783984: daddr:100932208: srtt_us:847712: RTT:105964: ssthresh:2147483647: cwnd:10: delivered:1: lost:0: retrans:0
[  221.313266] AAAAA-TCP_RECV: name:enp0s3: saddr:100932208: daddr:16783984: srtt_us:847712: RTT:105964: ssthresh:2147483647: cwnd:10: delivered:1: lost:0: retrans:0
[  221.313310] AAAAA-TCP_SEND: name:enp0s3: saddr:16783984: daddr:100932208: srtt_us:847712: RTT:105964: ssthresh:2147483647: cwnd:10: delivered:1: lost:0: retrans:0
[  221.314567] AAAAA-TCP_SEND: name:enp0s3: saddr:16783984: daddr:100932208: srtt_us:1390793: RTT:173849: ssthresh:2147483647: cwnd:10: delivered:3: lost:0: retrans:0
[  221.564659] AAAAA-TCP_RECV: name:enp0s3: saddr:100932208: daddr:33561200: srtt_us:0: RTT:0: ssthresh:2147483647: cwnd:10: delivered:0: lost:0: retrans:0
[  221.564716] AAAAA-TCP_SEND: name:enp0s3: saddr:33561200: daddr:100932208: srtt_us:0: RTT:0: ssthresh:0: cwnd:0: delivered:0: lost:0: retrans:0
[  221.605717] AAAAA-TCP_RECV: name:enp0s3: saddr:100932208: daddr:16783984: srtt_us:1390793: RTT:173849: ssthresh:2147483647: cwnd:10: delivered:3: lost:0: retrans:0
[  221.605759] AAAAA-TCP_SEND: name:enp0s3: saddr:16783984: daddr:100932208: srtt_us:1390793: RTT:173849: ssthresh:2147483647: cwnd:10: delivered:3: lost:0: retrans:0
[  221.698073] AAAAA-TCP_SEND: name:enp0s3: saddr:33561200: daddr:100932208: srtt_us:1066744: RTT:133343: ssthresh:2147483647: cwnd:10: delivered:1: lost:0: retrans:0
[  221.800193] AAAAA-TCP_RECV: name:enp0s3: saddr:100932208: daddr:16783984: srtt_us:1508138: RTT:188517: ssthresh:2147483647: cwnd:10: delivered:4: lost:0: retrans:0
[  221.897602] AAAAA-TCP_RECV: name:enp0s3: saddr:100932208: daddr:16783984: srtt_us:847712: RTT:105964: ssthresh:2147483647: cwnd:10: delivered:1: lost:0: retrans:0
[  221.897638] AAAAA-TCP_SEND: name:enp0s3: saddr:16783984: daddr:100932208: srtt_us:847712: RTT:105964: ssthresh:2147483647: cwnd:10: delivered:1: lost:0: retrans:0
[  222.019427] AAAAA-TCP_RECV: name:enp0s3: saddr:100932208: daddr:16783984: srtt_us:847712: RTT:105964: ssthresh:2147483647: cwnd:10: delivered:1: lost:0: retrans:0
[  222.019451] AAAAA-TCP_SEND: name:enp0s3: saddr:16783984: daddr:100932208: srtt_us:847712: RTT:105964: ssthresh:2147483647: cwnd:10: delivered:1: lost:0: retrans:0
[  222.282400] AAAAA-TCP_RECV: name:enp0s3: saddr:100932208: daddr:16783984: srtt_us:847712: RTT:105964: ssthresh:2147483647: cwnd:10: delivered:1: lost:0: retrans:0
[  222.282442] AAAAA-TCP_SEND: name:enp0s3: saddr:16783984: daddr:100932208: srtt_us:847712: RTT:105964: ssthresh:2147483647: cwnd:10: delivered:1: lost:0: retrans:0
[  222.363801] AAAAA-TCP_RECV: name:enp0s3: saddr:100932208: daddr:16783984: srtt_us:847712: RTT:105964: ssthresh:2147483647: cwnd:10: delivered:1: lost:0: retrans:0
[  222.363837] AAAAA-TCP_SEND: name:enp0s3: saddr:16783984: daddr:100932208: srtt_us:847712: RTT:105964: ssthresh:2147483647: cwnd:10: delivered:1: lost:0: retrans:0
[  222.503893] AAAAA-TCP_RECV: name:enp0s3: saddr:100932208: daddr:16783984: srtt_us:847712: RTT:105964: ssthresh:2147483647: cwnd:10: delivered:1: lost:0: retrans:0
[  222.503930] AAAAA-TCP_SEND: name:enp0s3: saddr:16783984: daddr:100932208: srtt_us:847712: RTT:105964: ssthresh:2147483647: cwnd:10: delivered:1: lost:0: retrans:0
[  222.805709] AAAAA-TCP_RECV: name:enp0s3: saddr:100932208: daddr:16783984: srtt_us:847712: RTT:105964: ssthresh:2147483647: cwnd:10: delivered:1: lost:0: retrans:0
[  222.805758] AAAAA-TCP_SEND: name:enp0s3: saddr:16783984: daddr:100932208: srtt_us:847712: RTT:105964: ssthresh:2147483647: cwnd:10: delivered:1: lost:0: retrans:0
[  222.880841] AAAAA-TCP_RECV: name:enp0s3: saddr:100932208: daddr:16783984: srtt_us:847712: RTT:105964: ssthresh:2147483647: cwnd:10: delivered:1: lost:0: retrans:0
[  222.880881] AAAAA-TCP_SEND: name:enp0s3: saddr:16783984: daddr:100932208: srtt_us:847712: RTT:105964: ssthresh:2147483647: cwnd:10: delivered:1: lost:0: retrans:0
[  222.968688] AAAAA-TCP_RECV: name:enp0s3: saddr:100932208: daddr:16783984: srtt_us:847712: RTT:105964: ssthresh:2147483647: cwnd:10: delivered:1: lost:0: retrans:0
[  222.968727] AAAAA-TCP_SEND: name:enp0s3: saddr:16783984: daddr:100932208: srtt_us:847712: RTT:105964: ssthresh:2147483647: cwnd:10: delivered:1: lost:0: retrans:0
[  223.028385] AAAAA-TCP_RECV: name:enp0s3: saddr:100932208: daddr:16783984: srtt_us:847712: RTT:105964: ssthresh:2147483647: cwnd:10: delivered:1: lost:0: retrans:0
[  223.028422] AAAAA-TCP_SEND: name:enp0s3: saddr:16783984: daddr:100932208: srtt_us:847712: RTT:105964: ssthresh:2147483647: cwnd:10: delivered:1: lost:0: retrans:0
[  223.158033] AAAAA-TCP_RECV: name:enp0s3: saddr:100932208: daddr:16783984: srtt_us:847712: RTT:105964: ssthresh:2147483647: cwnd:10: delivered:1: lost:0: retrans:0
[  223.158074] AAAAA-TCP_SEND: name:enp0s3: saddr:16783984: daddr:100932208: srtt_us:847712: RTT:105964: ssthresh:2147483647: cwnd:10: delivered:1: lost:0: retrans:0
[  223.237001] AAAAA-TCP_RECV: name:enp0s3: saddr:100932208: daddr:33561200: srtt_us:1066744: RTT:133343: ssthresh:2147483647: cwnd:10: delivered:1: lost:0: retrans:0
[  223.237046] AAAAA-TCP_SEND: name:enp0s3: saddr:33561200: daddr:100932208: srtt_us:1066744: RTT:133343: ssthresh:2147483647: cwnd:10: delivered:1: lost:0: retrans:0
[  223.302392] AAAAA-TCP_RECV: name:enp0s3: saddr:100932208: daddr:33561200: srtt_us:1066744: RTT:133343: ssthresh:2147483647: cwnd:10: delivered:1: lost:0: retrans:0
[  223.302428] AAAAA-TCP_SEND: name:enp0s3: saddr:33561200: daddr:100932208: srtt_us:1066744: RTT:133343: ssthresh:2147483647: cwnd:10: delivered:1: lost:0: retrans:0
[  223.391795] AAAAA-TCP_RECV: name:enp0s3: saddr:100932208: daddr:33561200: srtt_us:1066744: RTT:133343: ssthresh:2147483647: cwnd:10: delivered:1: lost:0: retrans:0
[  223.391829] AAAAA-TCP_SEND: name:enp0s3: saddr:33561200: daddr:100932208: srtt_us:1066744: RTT:133343: ssthresh:2147483647: cwnd:10: delivered:1: lost:0: retrans:0
[  223.501571] AAAAA-TCP_RECV: name:enp0s3: saddr:100932208: daddr:33561200: srtt_us:1066744: RTT:133343: ssthresh:2147483647: cwnd:10: delivered:1: lost:0: retrans:0
[  223.501602] AAAAA-TCP_SEND: name:enp0s3: saddr:33561200: daddr:100932208: srtt_us:1066744: RTT:133343: ssthresh:2147483647: cwnd:10: delivered:1: lost:0: retrans:0
[  223.584445] AAAAA-TCP_RECV: name:enp0s3: saddr:100932208: daddr:33561200: srtt_us:1066744: RTT:133343: ssthresh:2147483647: cwnd:10: delivered:1: lost:0: retrans:0
[  223.584480] AAAAA-TCP_SEND: name:enp0s3: saddr:33561200: daddr:100932208: srtt_us:1066744: RTT:133343: ssthresh:2147483647: cwnd:10: delivered:1: lost:0: retrans:0
[  223.740419] AAAAA-TCP_RECV: name:enp0s3: saddr:100932208: daddr:33561200: srtt_us:1066744: RTT:133343: ssthresh:2147483647: cwnd:10: delivered:1: lost:0: retrans:0
[  223.740454] AAAAA-TCP_SEND: name:enp0s3: saddr:33561200: daddr:100932208: srtt_us:1066744: RTT:133343: ssthresh:2147483647: cwnd:10: delivered:1: lost:0: retrans:0
[  223.845235] AAAAA-TCP_RECV: name:enp0s3: saddr:100932208: daddr:33561200: srtt_us:1066744: RTT:133343: ssthresh:2147483647: cwnd:10: delivered:1: lost:0: retrans:0
[  223.845271] AAAAA-TCP_SEND: name:enp0s3: saddr:33561200: daddr:100932208: srtt_us:1066744: RTT:133343: ssthresh:2147483647: cwnd:10: delivered:1: lost:0: retrans:0
[  223.914522] AAAAA-TCP_RECV: name:enp0s3: saddr:100932208: daddr:33561200: srtt_us:1066744: RTT:133343: ssthresh:2147483647: cwnd:10: delivered:1: lost:0: retrans:0
[  223.914550] AAAAA-TCP_SEND: name:enp0s3: saddr:33561200: daddr:100932208: srtt_us:1066744: RTT:133343: ssthresh:2147483647: cwnd:10: delivered:1: lost:0: retrans:0
[  223.989129] AAAAA-TCP_RECV: name:enp0s3: saddr:100932208: daddr:33561200: srtt_us:1066744: RTT:133343: ssthresh:2147483647: cwnd:10: delivered:1: lost:0: retrans:0
[  223.989158] AAAAA-TCP_SEND: name:enp0s3: saddr:33561200: daddr:100932208: srtt_us:1066744: RTT:133343: ssthresh:2147483647: cwnd:10: delivered:1: lost:0: retrans:0
[  224.198176] AAAAA-TCP_RECV: name:enp0s3: saddr:100932208: daddr:33561200: srtt_us:1066744: RTT:133343: ssthresh:2147483647: cwnd:10: delivered:1: lost:0: retrans:0
[  224.198221] AAAAA-TCP_SEND: name:enp0s3: saddr:33561200: daddr:100932208: srtt_us:1066744: RTT:133343: ssthresh:2147483647: cwnd:10: delivered:1: lost:0: retrans:0
[  224.288109] AAAAA-TCP_RECV: name:enp0s3: saddr:100932208: daddr:16783984: srtt_us:847712: RTT:105964: ssthresh:2147483647: cwnd:10: delivered:1: lost:0: retrans:0
[  224.288147] AAAAA-TCP_SEND: name:enp0s3: saddr:16783984: daddr:100932208: srtt_us:847712: RTT:105964: ssthresh:2147483647: cwnd:10: delivered:1: lost:0: retrans:0
[  224.446525] AAAAA-TCP_RECV: name:enp0s3: saddr:100932208: daddr:16783984: srtt_us:847712: RTT:105964: ssthresh:2147483647: cwnd:10: delivered:1: lost:0: retrans:0
[  224.446569] AAAAA-TCP_SEND: name:enp0s3: saddr:16783984: daddr:100932208: srtt_us:847712: RTT:105964: ssthresh:2147483647: cwnd:10: delivered:1: lost:0: retrans:0
[  224.543078] AAAAA-TCP_RECV: name:enp0s3: saddr:100932208: daddr:16783984: srtt_us:847712: RTT:105964: ssthresh:2147483647: cwnd:10: delivered:1: lost:0: retrans:0
[  224.543124] AAAAA-TCP_SEND: name:enp0s3: saddr:16783984: daddr:100932208: srtt_us:847712: RTT:105964: ssthresh:2147483647: cwnd:10: delivered:1: lost:0: retrans:0
[  224.715275] AAAAA-TCP_RECV: name:enp0s3: saddr:100932208: daddr:16783984: srtt_us:847712: RTT:105964: ssthresh:2147483647: cwnd:10: delivered:1: lost:0: retrans:0
[  224.715317] AAAAA-TCP_SEND: name:enp0s3: saddr:16783984: daddr:100932208: srtt_us:847712: RTT:105964: ssthresh:2147483647: cwnd:10: delivered:1: lost:0: retrans:0
[  224.863607] AAAAA-TCP_RECV: name:enp0s3: saddr:100932208: daddr:16783984: srtt_us:847712: RTT:105964: ssthresh:2147483647: cwnd:10: delivered:1: lost:0: retrans:0
[  224.863662] AAAAA-TCP_SEND: name:enp0s3: saddr:16783984: daddr:100932208: srtt_us:847712: RTT:105964: ssthresh:2147483647: cwnd:10: delivered:1: lost:0: retrans:0
[  225.005590] AAAAA-TCP_RECV: name:enp0s3: saddr:100932208: daddr:16783984: srtt_us:847712: RTT:105964: ssthresh:2147483647: cwnd:10: delivered:1: lost:0: retrans:0
[  225.005669] AAAAA-TCP_SEND: name:enp0s3: saddr:16783984: daddr:100932208: srtt_us:847712: RTT:105964: ssthresh:2147483647: cwnd:10: delivered:1: lost:0: retrans:0
[  225.143211] AAAAA-TCP_RECV: name:enp0s3: saddr:100932208: daddr:16783984: srtt_us:847712: RTT:105964: ssthresh:2147483647: cwnd:10: delivered:1: lost:0: retrans:0
[  225.143259] AAAAA-TCP_SEND: name:enp0s3: saddr:16783984: daddr:100932208: srtt_us:847712: RTT:105964: ssthresh:2147483647: cwnd:10: delivered:1: lost:0: retrans:0
[  225.288968] AAAAA-TCP_RECV: name:enp0s3: saddr:100932208: daddr:16783984: srtt_us:847712: RTT:105964: ssthresh:2147483647: cwnd:10: delivered:1: lost:0: retrans:0
[  225.289046] AAAAA-TCP_SEND: name:enp0s3: saddr:16783984: daddr:100932208: srtt_us:847712: RTT:105964: ssthresh:2147483647: cwnd:10: delivered:1: lost:0: retrans:0
[  225.508955] AAAAA-TCP_RECV: name:enp0s3: saddr:100932208: daddr:16783984: srtt_us:847712: RTT:105964: ssthresh:2147483647: cwnd:10: delivered:1: lost:0: retrans:0
[  225.509007] AAAAA-TCP_SEND: name:enp0s3: saddr:16783984: daddr:100932208: srtt_us:847712: RTT:105964: ssthresh:2147483647: cwnd:10: delivered:1: lost:0: retrans:0
[  225.616596] AAAAA-TCP_RECV: name:enp0s3: saddr:100932208: daddr:33561200: srtt_us:1066744: RTT:133343: ssthresh:2147483647: cwnd:10: delivered:1: lost:0: retrans:0
[  225.616640] AAAAA-TCP_SEND: name:enp0s3: saddr:33561200: daddr:100932208: srtt_us:1066744: RTT:133343: ssthresh:2147483647: cwnd:10: delivered:1: lost:0: retrans:0
[  225.712734] AAAAA-TCP_RECV: name:enp0s3: saddr:100932208: daddr:16783984: srtt_us:847712: RTT:105964: ssthresh:2147483647: cwnd:10: delivered:1: lost:0: retrans:0
[  225.712780] AAAAA-TCP_SEND: name:enp0s3: saddr:16783984: daddr:100932208: srtt_us:847712: RTT:105964: ssthresh:2147483647: cwnd:10: delivered:1: lost:0: retrans:0
[  225.810091] AAAAA-TCP_RECV: name:enp0s3: saddr:100932208: daddr:16783984: srtt_us:847712: RTT:105964: ssthresh:2147483647: cwnd:10: delivered:1: lost:0: retrans:0
[  225.810132] AAAAA-TCP_SEND: name:enp0s3: saddr:16783984: daddr:100932208: srtt_us:847712: RTT:105964: ssthresh:2147483647: cwnd:10: delivered:1: lost:0: retrans:0
[  226.009231] AAAAA-TCP_RECV: name:enp0s3: saddr:100932208: daddr:16783984: srtt_us:847712: RTT:105964: ssthresh:2147483647: cwnd:10: delivered:1: lost:0: retrans:0
[  226.009293] AAAAA-TCP_SEND: name:enp0s3: saddr:16783984: daddr:100932208: srtt_us:847712: RTT:105964: ssthresh:2147483647: cwnd:10: delivered:1: lost:0: retrans:0
[  226.114507] AAAAA-TCP_RECV: name:enp0s3: saddr:100932208: daddr:16783984: srtt_us:847712: RTT:105964: ssthresh:2147483647: cwnd:10: delivered:1: lost:0: retrans:0
[  226.114546] AAAAA-TCP_SEND: name:enp0s3: saddr:16783984: daddr:100932208: srtt_us:847712: RTT:105964: ssthresh:2147483647: cwnd:10: delivered:1: lost:0: retrans:0
[  226.192709] AAAAA-TCP_RECV: name:enp0s3: saddr:100932208: daddr:16783984: srtt_us:847712: RTT:105964: ssthresh:2147483647: cwnd:10: delivered:1: lost:0: retrans:0
[  226.192748] AAAAA-TCP_SEND: name:enp0s3: saddr:16783984: daddr:100932208: srtt_us:847712: RTT:105964: ssthresh:2147483647: cwnd:10: delivered:1: lost:0: retrans:0
[  226.317444] AAAAA-TCP_RECV: name:enp0s3: saddr:100932208: daddr:16783984: srtt_us:847712: RTT:105964: ssthresh:2147483647: cwnd:10: delivered:1: lost:0: retrans:0
[  226.317481] AAAAA-TCP_SEND: name:enp0s3: saddr:16783984: daddr:100932208: srtt_us:847712: RTT:105964: ssthresh:2147483647: cwnd:10: delivered:1: lost:0: retrans:0
[  226.474682] AAAAA-TCP_RECV: name:enp0s3: saddr:100932208: daddr:16783984: srtt_us:847712: RTT:105964: ssthresh:2147483647: cwnd:10: delivered:1: lost:0: retrans:0
[  226.474732] AAAAA-TCP_SEND: name:enp0s3: saddr:16783984: daddr:100932208: srtt_us:847712: RTT:105964: ssthresh:2147483647: cwnd:10: delivered:1: lost:0: retrans:0
[  226.579469] AAAAA-TCP_RECV: name:enp0s3: saddr:100932208: daddr:16783984: srtt_us:847712: RTT:105964: ssthresh:2147483647: cwnd:10: delivered:1: lost:0: retrans:0
[  226.579520] AAAAA-TCP_SEND: name:enp0s3: saddr:16783984: daddr:100932208: srtt_us:847712: RTT:105964: ssthresh:2147483647: cwnd:10: delivered:1: lost:0: retrans:0
[  226.706042] AAAAA-TCP_RECV: name:enp0s3: saddr:100932208: daddr:16783984: srtt_us:847712: RTT:105964: ssthresh:2147483647: cwnd:10: delivered:1: lost:0: retrans:0
[  226.747182] AAAAA-TCP_SEND: name:enp0s3: saddr:16783984: daddr:100932208: srtt_us:847712: RTT:105964: ssthresh:2147483647: cwnd:10: delivered:1: lost:0: retrans:0
[  226.767388] AAAAA-TCP_RECV: name:enp0s3: saddr:100932208: daddr:16783984: srtt_us:847712: RTT:105964: ssthresh:2147483647: cwnd:10: delivered:1: lost:0: retrans:0
[  226.875173] AAAAA-TCP_SEND: name:enp0s3: saddr:16783984: daddr:100932208: srtt_us:847712: RTT:105964: ssthresh:2147483647: cwnd:10: delivered:1: lost:0: retrans:0
[  227.058215] AAAAA-TCP_RECV: name:enp0s3: saddr:100932208: daddr:16783984: srtt_us:847712: RTT:105964: ssthresh:2147483647: cwnd:10: delivered:1: lost:0: retrans:0
[  227.170005] AAAAA-TCP_SEND: name:enp0s3: saddr:16783984: daddr:100932208: srtt_us:847712: RTT:105964: ssthresh:2147483647: cwnd:10: delivered:1: lost:0: retrans:0
[  227.182872] AAAAA-TCP_RECV: name:enp0s3: saddr:100932208: daddr:16783984: srtt_us:847712: RTT:105964: ssthresh:2147483647: cwnd:10: delivered:1: lost:0: retrans:0
[  227.291169] AAAAA-TCP_SEND: name:enp0s3: saddr:16783984: daddr:100932208: srtt_us:847712: RTT:105964: ssthresh:2147483647: cwnd:10: delivered:1: lost:0: retrans:0
[  227.349337] AAAAA-TCP_RECV: name:enp0s3: saddr:100932208: daddr:33561200: srtt_us:1066744: RTT:133343: ssthresh:2147483647: cwnd:10: delivered:1: lost:0: retrans:0
[  227.349379] AAAAA-TCP_SEND: name:enp0s3: saddr:33561200: daddr:100932208: srtt_us:1066744: RTT:133343: ssthresh:2147483647: cwnd:10: delivered:1: lost:0: retrans:0
[  227.482606] AAAAA-TCP_RECV: name:enp0s3: saddr:100932208: daddr:33561200: srtt_us:1066744: RTT:133343: ssthresh:2147483647: cwnd:10: delivered:1: lost:0: retrans:0
[  227.482666] AAAAA-TCP_SEND: name:enp0s3: saddr:33561200: daddr:100932208: srtt_us:1066744: RTT:133343: ssthresh:2147483647: cwnd:10: delivered:1: lost:0: retrans:0
[  227.542740] AAAAA-TCP_RECV: name:enp0s3: saddr:100932208: daddr:33561200: srtt_us:1066744: RTT:133343: ssthresh:2147483647: cwnd:10: delivered:1: lost:0: retrans:0
[  227.542780] AAAAA-TCP_SEND: name:enp0s3: saddr:33561200: daddr:100932208: srtt_us:1066744: RTT:133343: ssthresh:2147483647: cwnd:10: delivered:1: lost:0: retrans:0
[  227.606967] AAAAA-TCP_RECV: name:enp0s3: saddr:100932208: daddr:33561200: srtt_us:1066744: RTT:133343: ssthresh:2147483647: cwnd:10: delivered:1: lost:0: retrans:0
[  227.607001] AAAAA-TCP_SEND: name:enp0s3: saddr:33561200: daddr:100932208: srtt_us:1066744: RTT:133343: ssthresh:2147483647: cwnd:10: delivered:1: lost:0: retrans:0
[  227.665158] AAAAA-TCP_RECV: name:enp0s3: saddr:100932208: daddr:33561200: srtt_us:1066744: RTT:133343: ssthresh:2147483647: cwnd:10: delivered:1: lost:0: retrans:0
[  227.665193] AAAAA-TCP_SEND: name:enp0s3: saddr:33561200: daddr:100932208: srtt_us:1066744: RTT:133343: ssthresh:2147483647: cwnd:10: delivered:1: lost:0: retrans:0
[  227.720538] AAAAA-TCP_RECV: name:enp0s3: saddr:100932208: daddr:33561200: srtt_us:1066744: RTT:133343: ssthresh:2147483647: cwnd:10: delivered:1: lost:0: retrans:0
[  227.720566] AAAAA-TCP_SEND: name:enp0s3: saddr:33561200: daddr:100932208: srtt_us:1066744: RTT:133343: ssthresh:2147483647: cwnd:10: delivered:1: lost:0: retrans:0
[  227.797640] AAAAA-TCP_RECV: name:enp0s3: saddr:100932208: daddr:33561200: srtt_us:1066744: RTT:133343: ssthresh:2147483647: cwnd:10: delivered:1: lost:0: retrans:0
[  227.797680] AAAAA-TCP_SEND: name:enp0s3: saddr:33561200: daddr:100932208: srtt_us:1066744: RTT:133343: ssthresh:2147483647: cwnd:10: delivered:1: lost:0: retrans:0
[  227.860941] AAAAA-TCP_RECV: name:enp0s3: saddr:100932208: daddr:33561200: srtt_us:1066744: RTT:133343: ssthresh:2147483647: cwnd:10: delivered:1: lost:0: retrans:0
[  227.861014] AAAAA-TCP_SEND: name:enp0s3: saddr:33561200: daddr:100932208: srtt_us:1066744: RTT:133343: ssthresh:2147483647: cwnd:10: delivered:1: lost:0: retrans:0
[  227.943546] AAAAA-TCP_RECV: name:enp0s3: saddr:100932208: daddr:33561200: srtt_us:1066744: RTT:133343: ssthresh:2147483647: cwnd:10: delivered:1: lost:0: retrans:0
[  227.943583] AAAAA-TCP_SEND: name:enp0s3: saddr:33561200: daddr:100932208: srtt_us:1066744: RTT:133343: ssthresh:2147483647: cwnd:10: delivered:1: lost:0: retrans:0
[  228.090332] AAAAA-TCP_RECV: name:enp0s3: saddr:100932208: daddr:33561200: srtt_us:1066744: RTT:133343: ssthresh:2147483647: cwnd:10: delivered:1: lost:0: retrans:0
[  228.090373] AAAAA-TCP_SEND: name:enp0s3: saddr:33561200: daddr:100932208: srtt_us:1066744: RTT:133343: ssthresh:2147483647: cwnd:10: delivered:1: lost:0: retrans:0
[  228.176680] AAAAA-TCP_RECV: name:enp0s3: saddr:100932208: daddr:33561200: srtt_us:1066744: RTT:133343: ssthresh:2147483647: cwnd:10: delivered:1: lost:0: retrans:0
[  228.176712] AAAAA-TCP_SEND: name:enp0s3: saddr:33561200: daddr:100932208: srtt_us:1066744: RTT:133343: ssthresh:2147483647: cwnd:10: delivered:1: lost:0: retrans:0
[  228.253146] AAAAA-TCP_RECV: name:enp0s3: saddr:100932208: daddr:33561200: srtt_us:1066744: RTT:133343: ssthresh:2147483647: cwnd:10: delivered:1: lost:0: retrans:0
[  228.253177] AAAAA-TCP_SEND: name:enp0s3: saddr:33561200: daddr:100932208: srtt_us:1066744: RTT:133343: ssthresh:2147483647: cwnd:10: delivered:1: lost:0: retrans:0
[  228.528842] AAAAA-TCP_RECV: name:enp0s3: saddr:100932208: daddr:33561200: srtt_us:1066744: RTT:133343: ssthresh:2147483647: cwnd:10: delivered:1: lost:0: retrans:0
[  228.528895] AAAAA-TCP_SEND: name:enp0s3: saddr:33561200: daddr:100932208: srtt_us:1066744: RTT:133343: ssthresh:2147483647: cwnd:10: delivered:1: lost:0: retrans:0
[  228.719404] AAAAA-TCP_RECV: name:enp0s3: saddr:100932208: daddr:33561200: srtt_us:1066744: RTT:133343: ssthresh:2147483647: cwnd:10: delivered:1: lost:0: retrans:0
[  228.719450] AAAAA-TCP_SEND: name:enp0s3: saddr:33561200: daddr:100932208: srtt_us:1066744: RTT:133343: ssthresh:2147483647: cwnd:10: delivered:1: lost:0: retrans:0
[  228.869895] AAAAA-TCP_RECV: name:enp0s3: saddr:100932208: daddr:33561200: srtt_us:1066744: RTT:133343: ssthresh:2147483647: cwnd:10: delivered:1: lost:0: retrans:0
[  228.869943] AAAAA-TCP_SEND: name:enp0s3: saddr:33561200: daddr:100932208: srtt_us:1066744: RTT:133343: ssthresh:2147483647: cwnd:10: delivered:1: lost:0: retrans:0
[  228.946552] AAAAA-TCP_RECV: name:enp0s3: saddr:100932208: daddr:33561200: srtt_us:1066744: RTT:133343: ssthresh:2147483647: cwnd:10: delivered:1: lost:0: retrans:0
[  228.946609] AAAAA-TCP_SEND: name:enp0s3: saddr:33561200: daddr:100932208: srtt_us:1066744: RTT:133343: ssthresh:2147483647: cwnd:10: delivered:1: lost:0: retrans:0
[  229.079909] AAAAA-TCP_RECV: name:enp0s3: saddr:100932208: daddr:33561200: srtt_us:1066744: RTT:133343: ssthresh:2147483647: cwnd:10: delivered:1: lost:0: retrans:0
[  229.123132] AAAAA-TCP_SEND: name:enp0s3: saddr:33561200: daddr:100932208: srtt_us:1066744: RTT:133343: ssthresh:2147483647: cwnd:10: delivered:1: lost:0: retrans:0
[  229.164701] AAAAA-TCP_RECV: name:enp0s3: saddr:100932208: daddr:33561200: srtt_us:1066744: RTT:133343: ssthresh:2147483647: cwnd:10: delivered:1: lost:0: retrans:0
[  229.211067] AAAAA-TCP_RECV: name:enp0s3: saddr:100932208: daddr:33561200: srtt_us:1066744: RTT:133343: ssthresh:2147483647: cwnd:10: delivered:1: lost:0: retrans:0
[  229.211103] AAAAA-TCP_SEND: name:enp0s3: saddr:33561200: daddr:100932208: srtt_us:1066744: RTT:133343: ssthresh:2147483647: cwnd:10: delivered:1: lost:0: retrans:0
[  229.309474] AAAAA-TCP_RECV: name:enp0s3: saddr:100932208: daddr:33561200: srtt_us:1066744: RTT:133343: ssthresh:2147483647: cwnd:10: delivered:1: lost:0: retrans:0
[  229.385572] AAAAA-TCP_RECV: name:enp0s3: saddr:100932208: daddr:16783984: srtt_us:847712: RTT:105964: ssthresh:2147483647: cwnd:10: delivered:1: lost:0: retrans:0
[  229.385608] AAAAA-TCP_SEND: name:enp0s3: saddr:16783984: daddr:100932208: srtt_us:847712: RTT:105964: ssthresh:2147483647: cwnd:10: delivered:1: lost:0: retrans:0
[  229.395132] AAAAA-TCP_SEND: name:enp0s3: saddr:33561200: daddr:100932208: srtt_us:1066744: RTT:133343: ssthresh:2147483647: cwnd:10: delivered:1: lost:0: retrans:0
[  229.536446] AAAAA-TCP_RECV: name:enp0s3: saddr:100932208: daddr:16783984: srtt_us:847712: RTT:105964: ssthresh:2147483647: cwnd:10: delivered:1: lost:0: retrans:0
[  229.536493] AAAAA-TCP_SEND: name:enp0s3: saddr:16783984: daddr:100932208: srtt_us:847712: RTT:105964: ssthresh:2147483647: cwnd:10: delivered:1: lost:0: retrans:0
[  229.613808] AAAAA-TCP_RECV: name:enp0s3: saddr:100932208: daddr:16783984: srtt_us:847712: RTT:105964: ssthresh:2147483647: cwnd:10: delivered:1: lost:0: retrans:0
[  229.613846] AAAAA-TCP_SEND: name:enp0s3: saddr:16783984: daddr:100932208: srtt_us:847712: RTT:105964: ssthresh:2147483647: cwnd:10: delivered:1: lost:0: retrans:0
[  229.710947] AAAAA-TCP_RECV: name:enp0s3: saddr:100932208: daddr:16783984: srtt_us:847712: RTT:105964: ssthresh:2147483647: cwnd:10: delivered:1: lost:0: retrans:0
[  229.711003] AAAAA-TCP_SEND: name:enp0s3: saddr:16783984: daddr:100932208: srtt_us:847712: RTT:105964: ssthresh:2147483647: cwnd:10: delivered:1: lost:0: retrans:0
[  229.754047] AAAAA-TCP_RECV: name:enp0s3: saddr:100932208: daddr:16783984: srtt_us:847712: RTT:105964: ssthresh:2147483647: cwnd:10: delivered:1: lost:0: retrans:0
[  229.754084] AAAAA-TCP_SEND: name:enp0s3: saddr:16783984: daddr:100932208: srtt_us:847712: RTT:105964: ssthresh:2147483647: cwnd:10: delivered:1: lost:0: retrans:0
[  229.833121] AAAAA-TCP_RECV: name:enp0s3: saddr:100932208: daddr:16783984: srtt_us:847712: RTT:105964: ssthresh:2147483647: cwnd:10: delivered:1: lost:0: retrans:0
[  229.833162] AAAAA-TCP_SEND: name:enp0s3: saddr:16783984: daddr:100932208: srtt_us:847712: RTT:105964: ssthresh:2147483647: cwnd:10: delivered:1: lost:0: retrans:0
[  244.922837] AAAAA-TCP_RECV: name:enp0s3: saddr:100932208: daddr:16783984: srtt_us:847712: RTT:105964: ssthresh:2147483647: cwnd:10: delivered:1: lost:0: retrans:0
[  244.922890] AAAAA-TCP_SEND: name:enp0s3: saddr:16783984: daddr:100932208: srtt_us:847712: RTT:105964: ssthresh:2147483647: cwnd:10: delivered:1: lost:0: retrans:0
[  245.115954] AAAAA-TCP_RECV: name:enp0s3: saddr:100932208: daddr:16783984: srtt_us:847712: RTT:105964: ssthresh:2147483647: cwnd:10: delivered:1: lost:0: retrans:0
[  245.115994] AAAAA-TCP_SEND: name:enp0s3: saddr:16783984: daddr:100932208: srtt_us:847712: RTT:105964: ssthresh:2147483647: cwnd:10: delivered:1: lost:0: retrans:0
[  245.217663] AAAAA-TCP_RECV: name:enp0s3: saddr:100932208: daddr:16783984: srtt_us:847712: RTT:105964: ssthresh:2147483647: cwnd:10: delivered:1: lost:0: retrans:0
[  245.217696] AAAAA-TCP_SEND: name:enp0s3: saddr:16783984: daddr:100932208: srtt_us:847712: RTT:105964: ssthresh:2147483647: cwnd:10: delivered:1: lost:0: retrans:0
[  245.289521] AAAAA-TCP_RECV: name:enp0s3: saddr:100932208: daddr:16783984: srtt_us:847712: RTT:105964: ssthresh:2147483647: cwnd:10: delivered:1: lost:0: retrans:0
[  245.289549] AAAAA-TCP_SEND: name:enp0s3: saddr:16783984: daddr:100932208: srtt_us:847712: RTT:105964: ssthresh:2147483647: cwnd:10: delivered:1: lost:0: retrans:0
[  245.366923] AAAAA-TCP_RECV: name:enp0s3: saddr:100932208: daddr:16783984: srtt_us:847712: RTT:105964: ssthresh:2147483647: cwnd:10: delivered:1: lost:0: retrans:0
[  245.366948] AAAAA-TCP_SEND: name:enp0s3: saddr:16783984: daddr:100932208: srtt_us:847712: RTT:105964: ssthresh:2147483647: cwnd:10: delivered:1: lost:0: retrans:0
[  245.533153] AAAAA-TCP_RECV: name:enp0s3: saddr:100932208: daddr:16783984: srtt_us:847712: RTT:105964: ssthresh:2147483647: cwnd:10: delivered:1: lost:0: retrans:0
[  245.533184] AAAAA-TCP_SEND: name:enp0s3: saddr:16783984: daddr:100932208: srtt_us:847712: RTT:105964: ssthresh:2147483647: cwnd:10: delivered:1: lost:0: retrans:0
[  245.630235] AAAAA-TCP_RECV: name:enp0s3: saddr:100932208: daddr:16783984: srtt_us:847712: RTT:105964: ssthresh:2147483647: cwnd:10: delivered:1: lost:0: retrans:0
[  245.630264] AAAAA-TCP_SEND: name:enp0s3: saddr:16783984: daddr:100932208: srtt_us:847712: RTT:105964: ssthresh:2147483647: cwnd:10: delivered:1: lost:0: retrans:0
[  245.826467] AAAAA-TCP_RECV: name:enp0s3: saddr:100932208: daddr:16783984: srtt_us:847712: RTT:105964: ssthresh:2147483647: cwnd:10: delivered:1: lost:0: retrans:0
[  245.826484] AAAAA-TCP_SEND: name:enp0s3: saddr:16783984: daddr:100932208: srtt_us:847712: RTT:105964: ssthresh:2147483647: cwnd:10: delivered:1: lost:0: retrans:0
[  245.965089] AAAAA-TCP_RECV: name:enp0s3: saddr:100932208: daddr:16783984: srtt_us:847712: RTT:105964: ssthresh:2147483647: cwnd:10: delivered:1: lost:0: retrans:0
[  245.965118] AAAAA-TCP_SEND: name:enp0s3: saddr:16783984: daddr:100932208: srtt_us:847712: RTT:105964: ssthresh:2147483647: cwnd:10: delivered:1: lost:0: retrans:0
[  246.063805] AAAAA-TCP_RECV: name:enp0s3: saddr:100932208: daddr:16783984: srtt_us:847712: RTT:105964: ssthresh:2147483647: cwnd:10: delivered:1: lost:0: retrans:0
[  246.063848] AAAAA-TCP_SEND: name:enp0s3: saddr:16783984: daddr:100932208: srtt_us:847712: RTT:105964: ssthresh:2147483647: cwnd:10: delivered:1: lost:0: retrans:0
[  246.266219] AAAAA-TCP_RECV: name:enp0s3: saddr:100932208: daddr:16783984: srtt_us:847712: RTT:105964: ssthresh:2147483647: cwnd:10: delivered:1: lost:0: retrans:0
[  246.266246] AAAAA-TCP_SEND: name:enp0s3: saddr:16783984: daddr:100932208: srtt_us:847712: RTT:105964: ssthresh:2147483647: cwnd:10: delivered:1: lost:0: retrans:0
[  246.344588] AAAAA-TCP_RECV: name:enp0s3: saddr:100932208: daddr:16783984: srtt_us:847712: RTT:105964: ssthresh:2147483647: cwnd:10: delivered:1: lost:0: retrans:0
[  246.344611] AAAAA-TCP_SEND: name:enp0s3: saddr:16783984: daddr:100932208: srtt_us:847712: RTT:105964: ssthresh:2147483647: cwnd:10: delivered:1: lost:0: retrans:0
[  246.419623] AAAAA-TCP_RECV: name:enp0s3: saddr:100932208: daddr:16783984: srtt_us:847712: RTT:105964: ssthresh:2147483647: cwnd:10: delivered:1: lost:0: retrans:0
[  246.419651] AAAAA-TCP_SEND: name:enp0s3: saddr:16783984: daddr:100932208: srtt_us:847712: RTT:105964: ssthresh:2147483647: cwnd:10: delivered:1: lost:0: retrans:0
[  246.559811] AAAAA-TCP_RECV: name:enp0s3: saddr:100932208: daddr:16783984: srtt_us:847712: RTT:105964: ssthresh:2147483647: cwnd:10: delivered:1: lost:0: retrans:0
[  246.559839] AAAAA-TCP_SEND: name:enp0s3: saddr:16783984: daddr:100932208: srtt_us:847712: RTT:105964: ssthresh:2147483647: cwnd:10: delivered:1: lost:0: retrans:0
[  246.730437] AAAAA-TCP_RECV: name:enp0s3: saddr:100932208: daddr:16783984: srtt_us:847712: RTT:105964: ssthresh:2147483647: cwnd:10: delivered:1: lost:0: retrans:0
[  246.730463] AAAAA-TCP_SEND: name:enp0s3: saddr:16783984: daddr:100932208: srtt_us:847712: RTT:105964: ssthresh:2147483647: cwnd:10: delivered:1: lost:0: retrans:0
[  246.805218] AAAAA-TCP_RECV: name:enp0s3: saddr:100932208: daddr:16783984: srtt_us:847712: RTT:105964: ssthresh:2147483647: cwnd:10: delivered:1: lost:0: retrans:0
[  246.805246] AAAAA-TCP_SEND: name:enp0s3: saddr:16783984: daddr:100932208: srtt_us:847712: RTT:105964: ssthresh:2147483647: cwnd:10: delivered:1: lost:0: retrans:0
[  246.925125] AAAAA-TCP_RECV: name:enp0s3: saddr:100932208: daddr:16783984: srtt_us:847712: RTT:105964: ssthresh:2147483647: cwnd:10: delivered:1: lost:0: retrans:0
[  246.967120] AAAAA-TCP_SEND: name:enp0s3: saddr:16783984: daddr:100932208: srtt_us:847712: RTT:105964: ssthresh:2147483647: cwnd:10: delivered:1: lost:0: retrans:0
[  247.055236] AAAAA-TCP_RECV: name:enp0s3: saddr:100932208: daddr:16783984: srtt_us:847712: RTT:105964: ssthresh:2147483647: cwnd:10: delivered:1: lost:0: retrans:0
[  247.139119] AAAAA-TCP_SEND: name:enp0s3: saddr:16783984: daddr:100932208: srtt_us:847712: RTT:105964: ssthresh:2147483647: cwnd:10: delivered:1: lost:0: retrans:0
[  247.154146] AAAAA-TCP_RECV: name:enp0s3: saddr:100932208: daddr:33561200: srtt_us:1066744: RTT:133343: ssthresh:2147483647: cwnd:10: delivered:1: lost:0: retrans:0
[  247.154171] AAAAA-TCP_SEND: name:enp0s3: saddr:33561200: daddr:100932208: srtt_us:1066744: RTT:133343: ssthresh:2147483647: cwnd:10: delivered:1: lost:0: retrans:0
[  247.237635] AAAAA-TCP_RECV: name:enp0s3: saddr:100932208: daddr:33561200: srtt_us:1066744: RTT:133343: ssthresh:2147483647: cwnd:10: delivered:1: lost:0: retrans:0
[  247.237660] AAAAA-TCP_SEND: name:enp0s3: saddr:33561200: daddr:100932208: srtt_us:1066744: RTT:133343: ssthresh:2147483647: cwnd:10: delivered:1: lost:0: retrans:0
[  247.384770] AAAAA-TCP_RECV: name:enp0s3: saddr:100932208: daddr:33561200: srtt_us:1066744: RTT:133343: ssthresh:2147483647: cwnd:10: delivered:1: lost:0: retrans:0
[  247.384798] AAAAA-TCP_SEND: name:enp0s3: saddr:33561200: daddr:100932208: srtt_us:1066744: RTT:133343: ssthresh:2147483647: cwnd:10: delivered:1: lost:0: retrans:0
[  247.453227] AAAAA-TCP_RECV: name:enp0s3: saddr:100932208: daddr:33561200: srtt_us:1066744: RTT:133343: ssthresh:2147483647: cwnd:10: delivered:1: lost:0: retrans:0
[  247.453253] AAAAA-TCP_SEND: name:enp0s3: saddr:33561200: daddr:100932208: srtt_us:1066744: RTT:133343: ssthresh:2147483647: cwnd:10: delivered:1: lost:0: retrans:0
[  247.532708] AAAAA-TCP_RECV: name:enp0s3: saddr:100932208: daddr:33561200: srtt_us:1066744: RTT:133343: ssthresh:2147483647: cwnd:10: delivered:1: lost:0: retrans:0
[  247.532736] AAAAA-TCP_SEND: name:enp0s3: saddr:33561200: daddr:100932208: srtt_us:1066744: RTT:133343: ssthresh:2147483647: cwnd:10: delivered:1: lost:0: retrans:0
[  247.633380] AAAAA-TCP_RECV: name:enp0s3: saddr:100932208: daddr:16783984: srtt_us:847712: RTT:105964: ssthresh:2147483647: cwnd:10: delivered:1: lost:0: retrans:0
[  247.633406] AAAAA-TCP_SEND: name:enp0s3: saddr:16783984: daddr:100932208: srtt_us:847712: RTT:105964: ssthresh:2147483647: cwnd:10: delivered:1: lost:0: retrans:0
[  247.759605] AAAAA-TCP_RECV: name:enp0s3: saddr:100932208: daddr:16783984: srtt_us:847712: RTT:105964: ssthresh:2147483647: cwnd:10: delivered:1: lost:0: retrans:0
[  247.759629] AAAAA-TCP_SEND: name:enp0s3: saddr:16783984: daddr:100932208: srtt_us:847712: RTT:105964: ssthresh:2147483647: cwnd:10: delivered:1: lost:0: retrans:0
[  247.897793] AAAAA-TCP_RECV: name:enp0s3: saddr:100932208: daddr:33561200: srtt_us:1066744: RTT:133343: ssthresh:2147483647: cwnd:10: delivered:1: lost:0: retrans:0
[  247.897817] AAAAA-TCP_SEND: name:enp0s3: saddr:33561200: daddr:100932208: srtt_us:1066744: RTT:133343: ssthresh:2147483647: cwnd:10: delivered:1: lost:0: retrans:0
[  248.040072] AAAAA-TCP_RECV: name:enp0s8: saddr:100932208: daddr:16783984: srtt_us:847712: RTT:105964: ssthresh:2147483647: cwnd:10: delivered:1: lost:0: retrans:0
[  248.040097] AAAAA-TCP_SEND: name:enp0s3: saddr:16783984: daddr:100932208: srtt_us:847712: RTT:105964: ssthresh:2147483647: cwnd:10: delivered:1: lost:0: retrans:0
[  248.172975] AAAAA-TCP_RECV: name:enp0s3: saddr:100932208: daddr:33561200: srtt_us:1066744: RTT:133343: ssthresh:2147483647: cwnd:10: delivered:1: lost:0: retrans:0
[  248.173001] AAAAA-TCP_SEND: name:enp0s3: saddr:33561200: daddr:100932208: srtt_us:1066744: RTT:133343: ssthresh:2147483647: cwnd:10: delivered:1: lost:0: retrans:0
[  248.356416] AAAAA-TCP_RECV: name:enp0s3: saddr:100932208: daddr:16783984: srtt_us:847712: RTT:105964: ssthresh:2147483647: cwnd:10: delivered:1: lost:0: retrans:0
[  248.356443] AAAAA-TCP_SEND: name:enp0s3: saddr:16783984: daddr:100932208: srtt_us:847712: RTT:105964: ssthresh:2147483647: cwnd:10: delivered:1: lost:0: retrans:0
[  248.668773] AAAAA-TCP_RECV: name:enp0s3: saddr:100932208: daddr:16783984: srtt_us:847712: RTT:105964: ssthresh:2147483647: cwnd:10: delivered:1: lost:0: retrans:0
[  248.668811] AAAAA-TCP_SEND: name:enp0s3: saddr:16783984: daddr:100932208: srtt_us:847712: RTT:105964: ssthresh:2147483647: cwnd:10: delivered:1: lost:0: retrans:0
[  248.745410] AAAAA-TCP_RECV: name:enp0s8: saddr:100932208: daddr:16783984: srtt_us:847712: RTT:105964: ssthresh:2147483647: cwnd:10: delivered:1: lost:0: retrans:0
[  248.745434] AAAAA-TCP_SEND: name:enp0s3: saddr:16783984: daddr:100932208: srtt_us:847712: RTT:105964: ssthresh:2147483647: cwnd:10: delivered:1: lost:0: retrans:0
[  249.278940] AAAAA-TCP_RECV: name:enp0s3: saddr:100932208: daddr:33561200: srtt_us:1066744: RTT:133343: ssthresh:2147483647: cwnd:10: delivered:1: lost:0: retrans:0
[  249.278979] AAAAA-TCP_SEND: name:enp0s8: saddr:33561200: daddr:100932208: srtt_us:1066744: RTT:133343: ssthresh:2147483647: cwnd:10: delivered:1: lost:0: retrans:0
[  249.337666] AAAAA-TCP_RECV: name:enp0s8: saddr:100932208: daddr:16783984: srtt_us:847712: RTT:105964: ssthresh:2147483647: cwnd:10: delivered:1: lost:0: retrans:0
[  249.337688] AAAAA-TCP_SEND: name:enp0s8: saddr:16783984: daddr:100932208: srtt_us:847712: RTT:105964: ssthresh:2147483647: cwnd:10: delivered:1: lost:0: retrans:0
[  249.411651] AAAAA-TCP_RECV: name:enp0s3: saddr:100932208: daddr:33561200: srtt_us:1066744: RTT:133343: ssthresh:2147483647: cwnd:10: delivered:1: lost:0: retrans:0
[  249.411677] AAAAA-TCP_SEND: name:enp0s8: saddr:33561200: daddr:100932208: srtt_us:1066744: RTT:133343: ssthresh:2147483647: cwnd:10: delivered:1: lost:0: retrans:0
[  249.466329] AAAAA-TCP_RECV: name:enp0s8: saddr:100932208: daddr:16783984: srtt_us:847712: RTT:105964: ssthresh:2147483647: cwnd:10: delivered:1: lost:0: retrans:0
[  249.466353] AAAAA-TCP_SEND: name:enp0s8: saddr:16783984: daddr:100932208: srtt_us:847712: RTT:105964: ssthresh:2147483647: cwnd:10: delivered:1: lost:0: retrans:0
[  249.537692] AAAAA-TCP_RECV: name:enp0s3: saddr:100932208: daddr:16783984: srtt_us:847712: RTT:105964: ssthresh:2147483647: cwnd:10: delivered:1: lost:0: retrans:0
[  249.537723] AAAAA-TCP_SEND: name:enp0s8: saddr:16783984: daddr:100932208: srtt_us:847712: RTT:105964: ssthresh:2147483647: cwnd:10: delivered:1: lost:0: retrans:0
[  249.709269] AAAAA-TCP_RECV: name:enp0s8: saddr:100932208: daddr:16783984: srtt_us:847712: RTT:105964: ssthresh:2147483647: cwnd:10: delivered:1: lost:0: retrans:0
[  249.709291] AAAAA-TCP_SEND: name:enp0s8: saddr:16783984: daddr:100932208: srtt_us:847712: RTT:105964: ssthresh:2147483647: cwnd:10: delivered:1: lost:0: retrans:0
[  249.742190] AAAAA-TCP_RECV: name:enp0s3: saddr:100932208: daddr:16783984: srtt_us:847712: RTT:105964: ssthresh:2147483647: cwnd:10: delivered:1: lost:0: retrans:0
[  249.742214] AAAAA-TCP_SEND: name:enp0s8: saddr:16783984: daddr:100932208: srtt_us:847712: RTT:105964: ssthresh:2147483647: cwnd:10: delivered:1: lost:0: retrans:0
[  249.920311] AAAAA-TCP_RECV: name:enp0s8: saddr:100932208: daddr:16783984: srtt_us:847712: RTT:105964: ssthresh:2147483647: cwnd:10: delivered:1: lost:0: retrans:0
[  249.920335] AAAAA-TCP_SEND: name:enp0s8: saddr:16783984: daddr:100932208: srtt_us:847712: RTT:105964: ssthresh:2147483647: cwnd:10: delivered:1: lost:0: retrans:0
[  250.219172] AAAAA-TCP_RECV: name:enp0s3: saddr:100932208: daddr:16783984: srtt_us:847712: RTT:105964: ssthresh:2147483647: cwnd:10: delivered:1: lost:0: retrans:0
[  250.219201] AAAAA-TCP_SEND: name:enp0s3: saddr:16783984: daddr:100932208: srtt_us:847712: RTT:105964: ssthresh:2147483647: cwnd:10: delivered:1: lost:0: retrans:0
[  250.695828] AAAAA-TCP_RECV: name:enp0s3: saddr:100932208: daddr:33561200: srtt_us:1066744: RTT:133343: ssthresh:2147483647: cwnd:10: delivered:1: lost:0: retrans:0
[  250.695871] AAAAA-TCP_SEND: name:enp0s3: saddr:33561200: daddr:100932208: srtt_us:1066744: RTT:133343: ssthresh:2147483647: cwnd:10: delivered:1: lost:0: retrans:0
[  250.995630] AAAAA-TCP_RECV: name:enp0s3: saddr:100932208: daddr:33561200: srtt_us:1066744: RTT:133343: ssthresh:2147483647: cwnd:10: delivered:1: lost:0: retrans:0
[  250.995665] AAAAA-TCP_SEND: name:enp0s3: saddr:33561200: daddr:100932208: srtt_us:1066744: RTT:133343: ssthresh:2147483647: cwnd:10: delivered:1: lost:0: retrans:0
[  251.287531] AAAAA-TCP_RECV: name:enp0s3: saddr:100932208: daddr:33561200: srtt_us:1066744: RTT:133343: ssthresh:2147483647: cwnd:10: delivered:1: lost:0: retrans:0
[  251.287565] AAAAA-TCP_SEND: name:enp0s8: saddr:33561200: daddr:100932208: srtt_us:1066744: RTT:133343: ssthresh:2147483647: cwnd:10: delivered:1: lost:0: retrans:0
[  251.448608] AAAAA-TCP_RECV: name:enp0s3: saddr:100932208: daddr:16783984: srtt_us:847712: RTT:105964: ssthresh:2147483647: cwnd:10: delivered:1: lost:0: retrans:0
[  251.448637] AAAAA-TCP_SEND: name:enp0s8: saddr:16783984: daddr:100932208: srtt_us:847712: RTT:105964: ssthresh:2147483647: cwnd:10: delivered:1: lost:0: retrans:0
[  251.512097] AAAAA-TCP_RECV: name:enp0s8: saddr:100932208: daddr:16783984: srtt_us:847712: RTT:105964: ssthresh:2147483647: cwnd:10: delivered:1: lost:0: retrans:0
[  251.512126] AAAAA-TCP_SEND: name:enp0s8: saddr:16783984: daddr:100932208: srtt_us:847712: RTT:105964: ssthresh:2147483647: cwnd:10: delivered:1: lost:0: retrans:0
[  252.092016] AAAAA-TCP_RECV: name:enp0s8: saddr:100932208: daddr:16783984: srtt_us:847712: RTT:105964: ssthresh:2147483647: cwnd:10: delivered:1: lost:0: retrans:0
[  252.092048] AAAAA-TCP_SEND: name:enp0s8: saddr:16783984: daddr:100932208: srtt_us:847712: RTT:105964: ssthresh:2147483647: cwnd:10: delivered:1: lost:0: retrans:0
[  252.251506] AAAAA-TCP_RECV: name:enp0s3: saddr:100932208: daddr:16783984: srtt_us:847712: RTT:105964: ssthresh:2147483647: cwnd:10: delivered:1: lost:0: retrans:0
[  252.251535] AAAAA-TCP_SEND: name:enp0s8: saddr:16783984: daddr:100932208: srtt_us:847712: RTT:105964: ssthresh:2147483647: cwnd:10: delivered:1: lost:0: retrans:0
[  252.888440] AAAAA-TCP_RECV: name:enp0s3: saddr:100932208: daddr:16783984: srtt_us:847712: RTT:105964: ssthresh:2147483647: cwnd:10: delivered:1: lost:0: retrans:0
[  252.888476] AAAAA-TCP_SEND: name:enp0s8: saddr:16783984: daddr:100932208: srtt_us:847712: RTT:105964: ssthresh:2147483647: cwnd:10: delivered:1: lost:0: retrans:0
[  253.650959] AAAAA-TCP_RECV: name:enp0s3: saddr:100932208: daddr:16783984: srtt_us:847712: RTT:105964: ssthresh:2147483647: cwnd:10: delivered:1: lost:0: retrans:0
[  253.650996] AAAAA-TCP_SEND: name:enp0s8: saddr:16783984: daddr:100932208: srtt_us:847712: RTT:105964: ssthresh:2147483647: cwnd:10: delivered:1: lost:0: retrans:0
[  254.109568] AAAAA-TCP_RECV: name:enp0s3: saddr:100932208: daddr:16783984: srtt_us:847712: RTT:105964: ssthresh:2147483647: cwnd:10: delivered:1: lost:0: retrans:0
[  254.109604] AAAAA-TCP_SEND: name:enp0s8: saddr:16783984: daddr:100932208: srtt_us:847712: RTT:105964: ssthresh:2147483647: cwnd:10: delivered:1: lost:0: retrans:0
[  254.381159] AAAAA-TCP_RECV: name:enp0s3: saddr:100932208: daddr:16783984: srtt_us:847712: RTT:105964: ssthresh:2147483647: cwnd:10: delivered:1: lost:0: retrans:0
[  254.381193] AAAAA-TCP_SEND: name:enp0s8: saddr:16783984: daddr:100932208: srtt_us:847712: RTT:105964: ssthresh:2147483647: cwnd:10: delivered:1: lost:0: retrans:0
[  254.968020] AAAAA-TCP_RECV: name:enp0s3: saddr:100932208: daddr:16783984: srtt_us:847712: RTT:105964: ssthresh:2147483647: cwnd:10: delivered:1: lost:0: retrans:0
[  254.968054] AAAAA-TCP_SEND: name:enp0s8: saddr:16783984: daddr:100932208: srtt_us:847712: RTT:105964: ssthresh:2147483647: cwnd:10: delivered:1: lost:0: retrans:0
[  256.641812] AAAAA-TCP_RECV: name:enp0s3: saddr:100932208: daddr:33561200: srtt_us:1066744: RTT:133343: ssthresh:2147483647: cwnd:10: delivered:1: lost:0: retrans:0
[  256.729889] AAAAA-TCP_RECV: name:enp0s3: saddr:100932208: daddr:16783984: srtt_us:847712: RTT:105964: ssthresh:2147483647: cwnd:10: delivered:1: lost:0: retrans:0
[  256.729971] AAAAA-TCP_SEND: name:enp0s3: saddr:16783984: daddr:100932208: srtt_us:847712: RTT:105964: ssthresh:2147483647: cwnd:10: delivered:1: lost:0: retrans:0
[  256.790187] AAAAA-TCP_RECV: name:enp0s3: saddr:100932208: daddr:33561200: srtt_us:1066744: RTT:133343: ssthresh:2147483647: cwnd:10: delivered:1: lost:0: retrans:0
[  256.861442] AAAAA-TCP_RECV: name:enp0s3: saddr:100932208: daddr:16783984: srtt_us:847712: RTT:105964: ssthresh:2147483647: cwnd:10: delivered:1: lost:0: retrans:0
[  256.981000] AAAAA-TCP_RECV: name:enp0s3: saddr:100932208: daddr:33561200: srtt_us:1066744: RTT:133343: ssthresh:2147483647: cwnd:10: delivered:1: lost:0: retrans:0
[  257.109343] AAAAA-TCP_RECV: name:enp0s3: saddr:100932208: daddr:16783984: srtt_us:847712: RTT:105964: ssthresh:2147483647: cwnd:10: delivered:1: lost:0: retrans:0
[  257.212954] AAAAA-TCP_RECV: name:enp0s3: saddr:100932208: daddr:16783984: srtt_us:847712: RTT:105964: ssthresh:2147483647: cwnd:10: delivered:1: lost:0: retrans:0
[  257.212998] AAAAA-TCP_SEND: name:enp0s3: saddr:16783984: daddr:100932208: srtt_us:847712: RTT:105964: ssthresh:2147483647: cwnd:10: delivered:1: lost:0: retrans:0
[  257.958174] AAAAA-TCP_RECV: name:enp0s3: saddr:100932208: daddr:16783984: srtt_us:847712: RTT:105964: ssthresh:2147483647: cwnd:10: delivered:1: lost:0: retrans:0
[  257.958221] AAAAA-TCP_SEND: name:enp0s3: saddr:16783984: daddr:100932208: srtt_us:847712: RTT:105964: ssthresh:2147483647: cwnd:10: delivered:1: lost:0: retrans:0
[  258.104192] AAAAA-TCP_RECV: name:enp0s3: saddr:100932208: daddr:16783984: srtt_us:847712: RTT:105964: ssthresh:2147483647: cwnd:10: delivered:1: lost:0: retrans:0
[  258.104231] AAAAA-TCP_SEND: name:enp0s3: saddr:16783984: daddr:100932208: srtt_us:847712: RTT:105964: ssthresh:2147483647: cwnd:10: delivered:1: lost:0: retrans:0
[  258.515763] AAAAA-TCP_RECV: name:enp0s3: saddr:100932208: daddr:16783984: srtt_us:847712: RTT:105964: ssthresh:2147483647: cwnd:10: delivered:1: lost:0: retrans:0
[  258.515866] AAAAA-TCP_SEND: name:enp0s3: saddr:16783984: daddr:100932208: srtt_us:847712: RTT:105964: ssthresh:2147483647: cwnd:10: delivered:1: lost:0: retrans:0
[  258.791045] AAAAA-TCP_RECV: name:enp0s3: saddr:100932208: daddr:16783984: srtt_us:847712: RTT:105964: ssthresh:2147483647: cwnd:10: delivered:1: lost:0: retrans:0
[  259.070861] AAAAA-TCP_RECV: name:enp0s3: saddr:100932208: daddr:16783984: srtt_us:847712: RTT:105964: ssthresh:2147483647: cwnd:10: delivered:1: lost:0: retrans:0
[  259.070939] AAAAA-TCP_SEND: name:enp0s3: saddr:16783984: daddr:100932208: srtt_us:847712: RTT:105964: ssthresh:2147483647: cwnd:10: delivered:1: lost:0: retrans:0
[  259.444503] AAAAA-TCP_RECV: name:enp0s3: saddr:100932208: daddr:16783984: srtt_us:847712: RTT:105964: ssthresh:2147483647: cwnd:10: delivered:1: lost:0: retrans:0
[  259.574909] AAAAA-TCP_RECV: name:enp0s3: saddr:100932208: daddr:16783984: srtt_us:847712: RTT:105964: ssthresh:2147483647: cwnd:10: delivered:1: lost:0: retrans:0
[  259.574961] AAAAA-TCP_SEND: name:enp0s3: saddr:16783984: daddr:100932208: srtt_us:847712: RTT:105964: ssthresh:2147483647: cwnd:10: delivered:1: lost:0: retrans:0
[  259.771559] AAAAA-TCP_RECV: name:enp0s3: saddr:100932208: daddr:16783984: srtt_us:847712: RTT:105964: ssthresh:2147483647: cwnd:10: delivered:1: lost:0: retrans:0
[  259.771601] AAAAA-TCP_SEND: name:enp0s3: saddr:16783984: daddr:100932208: srtt_us:847712: RTT:105964: ssthresh:2147483647: cwnd:10: delivered:1: lost:0: retrans:0
[  259.964911] AAAAA-TCP_RECV: name:enp0s3: saddr:100932208: daddr:16783984: srtt_us:847712: RTT:105964: ssthresh:2147483647: cwnd:10: delivered:1: lost:0: retrans:0
[  259.964955] AAAAA-TCP_SEND: name:enp0s3: saddr:16783984: daddr:100932208: srtt_us:847712: RTT:105964: ssthresh:2147483647: cwnd:10: delivered:1: lost:0: retrans:0
[  260.113374] AAAAA-TCP_RECV: name:enp0s3: saddr:100932208: daddr:16783984: srtt_us:847712: RTT:105964: ssthresh:2147483647: cwnd:10: delivered:1: lost:0: retrans:0
[  260.114496] AAAAA-TCP_SEND: name:enp0s3: saddr:16783984: daddr:100932208: srtt_us:847712: RTT:105964: ssthresh:2147483647: cwnd:10: delivered:1: lost:0: retrans:0
[  264.141980] AAAAA-TCP_RECV: name:enp0s3: saddr:100932208: daddr:16783984: srtt_us:847712: RTT:105964: ssthresh:2147483647: cwnd:10: delivered:1: lost:0: retrans:0
[  264.146552] AAAAA-TCP_SEND: name:enp0s3: saddr:16783984: daddr:100932208: srtt_us:847712: RTT:105964: ssthresh:2147483647: cwnd:10: delivered:1: lost:0: retrans:0
[  264.329073] AAAAA-TCP_RECV: name:enp0s3: saddr:100932208: daddr:16783984: srtt_us:847712: RTT:105964: ssthresh:2147483647: cwnd:10: delivered:1: lost:0: retrans:0
[  264.330152] AAAAA-TCP_SEND: name:enp0s3: saddr:16783984: daddr:100932208: srtt_us:847712: RTT:105964: ssthresh:2147483647: cwnd:10: delivered:1: lost:0: retrans:0
[  264.535231] AAAAA-TCP_RECV: name:enp0s3: saddr:100932208: daddr:16783984: srtt_us:847712: RTT:105964: ssthresh:2147483647: cwnd:10: delivered:1: lost:0: retrans:0
[  264.536316] AAAAA-TCP_SEND: name:enp0s3: saddr:16783984: daddr:100932208: srtt_us:847712: RTT:105964: ssthresh:2147483647: cwnd:10: delivered:1: lost:0: retrans:0
[  264.738678] AAAAA-TCP_RECV: name:enp0s3: saddr:100932208: daddr:16783984: srtt_us:847712: RTT:105964: ssthresh:2147483647: cwnd:10: delivered:1: lost:0: retrans:0
[  264.739752] AAAAA-TCP_SEND: name:enp0s3: saddr:16783984: daddr:100932208: srtt_us:847712: RTT:105964: ssthresh:2147483647: cwnd:10: delivered:1: lost:0: retrans:0
[  264.745284] AAAAA-TCP_RECV: name:enp0s3: saddr:100932208: daddr:16783984: srtt_us:847712: RTT:105964: ssthresh:2147483647: cwnd:10: delivered:1: lost:0: retrans:0
[  264.746320] AAAAA-TCP_SEND: name:enp0s3: saddr:16783984: daddr:100932208: srtt_us:847712: RTT:105964: ssthresh:2147483647: cwnd:10: delivered:1: lost:0: retrans:0
[  265.046000] AAAAA-TCP_RECV: name:enp0s3: saddr:100932208: daddr:16783984: srtt_us:847712: RTT:105964: ssthresh:2147483647: cwnd:10: delivered:1: lost:0: retrans:0
[  265.047256] AAAAA-TCP_SEND: name:enp0s3: saddr:16783984: daddr:100932208: srtt_us:847712: RTT:105964: ssthresh:2147483647: cwnd:10: delivered:1: lost:0: retrans:0
[  265.189721] AAAAA-TCP_RECV: name:enp0s3: saddr:100932208: daddr:16783984: srtt_us:847712: RTT:105964: ssthresh:2147483647: cwnd:10: delivered:1: lost:0: retrans:0
[  265.190813] AAAAA-TCP_SEND: name:enp0s3: saddr:16783984: daddr:100932208: srtt_us:847712: RTT:105964: ssthresh:2147483647: cwnd:10: delivered:1: lost:0: retrans:0
[  265.400934] AAAAA-TCP_RECV: name:enp0s3: saddr:100932208: daddr:16783984: srtt_us:847712: RTT:105964: ssthresh:2147483647: cwnd:10: delivered:1: lost:0: retrans:0
[  265.402020] AAAAA-TCP_SEND: name:enp0s3: saddr:16783984: daddr:100932208: srtt_us:847712: RTT:105964: ssthresh:2147483647: cwnd:10: delivered:1: lost:0: retrans:0
[  265.498657] AAAAA-TCP_RECV: name:enp0s3: saddr:100932208: daddr:16783984: srtt_us:847712: RTT:105964: ssthresh:2147483647: cwnd:10: delivered:1: lost:0: retrans:0
[  265.499740] AAAAA-TCP_SEND: name:enp0s3: saddr:16783984: daddr:100932208: srtt_us:847712: RTT:105964: ssthresh:2147483647: cwnd:10: delivered:1: lost:0: retrans:0
[  265.852585] AAAAA-TCP_RECV: name:enp0s3: saddr:100932208: daddr:16783984: srtt_us:847712: RTT:105964: ssthresh:2147483647: cwnd:10: delivered:1: lost:0: retrans:0
[  265.853657] AAAAA-TCP_SEND: name:enp0s3: saddr:16783984: daddr:100932208: srtt_us:847712: RTT:105964: ssthresh:2147483647: cwnd:10: delivered:1: lost:0: retrans:0
[  266.011895] AAAAA-TCP_RECV: name:enp0s3: saddr:100932208: daddr:16783984: srtt_us:847712: RTT:105964: ssthresh:2147483647: cwnd:10: delivered:1: lost:0: retrans:0
[  266.012965] AAAAA-TCP_SEND: name:enp0s3: saddr:16783984: daddr:100932208: srtt_us:847712: RTT:105964: ssthresh:2147483647: cwnd:10: delivered:1: lost:0: retrans:0
[  266.298029] AAAAA-TCP_RECV: name:enp0s3: saddr:100932208: daddr:16783984: srtt_us:847712: RTT:105964: ssthresh:2147483647: cwnd:10: delivered:1: lost:0: retrans:0
[  266.299188] AAAAA-TCP_SEND: name:enp0s3: saddr:16783984: daddr:100932208: srtt_us:847712: RTT:105964: ssthresh:2147483647: cwnd:10: delivered:1: lost:0: retrans:0
[  266.329834] AAAAA-TCP_RECV: name:enp0s3: saddr:100932208: daddr:16783984: srtt_us:847712: RTT:105964: ssthresh:2147483647: cwnd:10: delivered:1: lost:0: retrans:0
[  266.330901] AAAAA-TCP_SEND: name:enp0s3: saddr:16783984: daddr:100932208: srtt_us:847712: RTT:105964: ssthresh:2147483647: cwnd:10: delivered:1: lost:0: retrans:0
[  266.802390] AAAAA-TCP_RECV: name:enp0s3: saddr:100932208: daddr:16783984: srtt_us:847712: RTT:105964: ssthresh:2147483647: cwnd:10: delivered:1: lost:0: retrans:0
[  266.803463] AAAAA-TCP_SEND: name:enp0s3: saddr:16783984: daddr:100932208: srtt_us:847712: RTT:105964: ssthresh:2147483647: cwnd:10: delivered:1: lost:0: retrans:0
[  267.429499] AAAAA-TCP_RECV: name:enp0s3: saddr:100932208: daddr:16783984: srtt_us:847712: RTT:105964: ssthresh:2147483647: cwnd:10: delivered:1: lost:0: retrans:0
[  267.430637] AAAAA-TCP_SEND: name:enp0s3: saddr:16783984: daddr:100932208: srtt_us:847712: RTT:105964: ssthresh:2147483647: cwnd:10: delivered:1: lost:0: retrans:0
[  267.530352] AAAAA-TCP_RECV: name:enp0s3: saddr:100932208: daddr:33561200: srtt_us:1066744: RTT:133343: ssthresh:2147483647: cwnd:10: delivered:1: lost:0: retrans:0
[  267.530406] AAAAA-TCP_SEND: name:enp0s3: saddr:33561200: daddr:100932208: srtt_us:1066744: RTT:133343: ssthresh:2147483647: cwnd:10: delivered:1: lost:0: retrans:0
[  270.947766] AAAAA-TCP_RECV: name:enp0s3: saddr:100932208: daddr:16783984: srtt_us:847712: RTT:105964: ssthresh:2147483647: cwnd:10: delivered:1: lost:0: retrans:0
[  270.948893] AAAAA-TCP_SEND: name:enp0s3: saddr:16783984: daddr:100932208: srtt_us:847712: RTT:105964: ssthresh:2147483647: cwnd:10: delivered:1: lost:0: retrans:0
[  271.113103] AAAAA-TCP_RECV: name:enp0s3: saddr:100932208: daddr:16783984: srtt_us:847712: RTT:105964: ssthresh:2147483647: cwnd:10: delivered:1: lost:0: retrans:0
[  271.114168] AAAAA-TCP_SEND: name:enp0s3: saddr:16783984: daddr:100932208: srtt_us:847712: RTT:105964: ssthresh:2147483647: cwnd:10: delivered:1: lost:0: retrans:0
[  271.349886] AAAAA-TCP_RECV: name:enp0s3: saddr:100932208: daddr:16783984: srtt_us:847712: RTT:105964: ssthresh:2147483647: cwnd:10: delivered:1: lost:0: retrans:0
[  271.350946] AAAAA-TCP_SEND: name:enp0s3: saddr:16783984: daddr:100932208: srtt_us:847712: RTT:105964: ssthresh:2147483647: cwnd:10: delivered:1: lost:0: retrans:0
[  271.443147] AAAAA-TCP_RECV: name:enp0s3: saddr:100932208: daddr:16783984: srtt_us:847712: RTT:105964: ssthresh:2147483647: cwnd:10: delivered:1: lost:0: retrans:0
[  271.444215] AAAAA-TCP_SEND: name:enp0s3: saddr:16783984: daddr:100932208: srtt_us:847712: RTT:105964: ssthresh:2147483647: cwnd:10: delivered:1: lost:0: retrans:0
[  271.561110] AAAAA-TCP_RECV: name:enp0s3: saddr:100932208: daddr:16783984: srtt_us:847712: RTT:105964: ssthresh:2147483647: cwnd:10: delivered:1: lost:0: retrans:0
[  271.562173] AAAAA-TCP_SEND: name:enp0s3: saddr:16783984: daddr:100932208: srtt_us:847712: RTT:105964: ssthresh:2147483647: cwnd:10: delivered:1: lost:0: retrans:0
[  271.671783] AAAAA-TCP_RECV: name:enp0s3: saddr:100932208: daddr:16783984: srtt_us:847712: RTT:105964: ssthresh:2147483647: cwnd:10: delivered:1: lost:0: retrans:0
[  271.672841] AAAAA-TCP_SEND: name:enp0s3: saddr:16783984: daddr:100932208: srtt_us:847712: RTT:105964: ssthresh:2147483647: cwnd:10: delivered:1: lost:0: retrans:0
[  271.844418] AAAAA-TCP_RECV: name:enp0s3: saddr:100932208: daddr:16783984: srtt_us:847712: RTT:105964: ssthresh:2147483647: cwnd:10: delivered:1: lost:0: retrans:0
[  271.844443] AAAAA-TCP_SEND: name:enp0s3: saddr:16783984: daddr:100932208: srtt_us:847712: RTT:105964: ssthresh:2147483647: cwnd:10: delivered:1: lost:0: retrans:0
[  272.223110] AAAAA-TCP_RECV: name:enp0s3: saddr:100932208: daddr:33561200: srtt_us:1066744: RTT:133343: ssthresh:2147483647: cwnd:10: delivered:1: lost:0: retrans:0
