[    0.000000] Linux version 5.4.243-mptcp (root@ztg) (gcc version 12.2.0 (Debian 12.2.0-14+deb12u1)) #53 SMP Wed Dec 24 23:28:15 CST 2025
[    0.000000] Command line: BOOT_IMAGE=/boot/vmlinuz-5.4.243-mptcp root=UUID=98415a12-53b7-4144-8265-0f7ece09e445 ro quiet splash
[    0.000000] KERNEL supported cpus:
[    0.000000]   Intel GenuineIntel
[    0.000000]   AMD AuthenticAMD
[    0.000000]   Hygon HygonGenuine
[    0.000000]   Centaur CentaurHauls
[    0.000000]   zhaoxin   Shanghai  
[    0.000000] x86/fpu: Supporting XSAVE feature 0x001: 'x87 floating point registers'
[    0.000000] x86/fpu: Supporting XSAVE feature 0x002: 'SSE registers'
[    0.000000] x86/fpu: Supporting XSAVE feature 0x004: 'AVX registers'
[    0.000000] x86/fpu: xstate_offset[2]:  576, xstate_sizes[2]:  256
[    0.000000] x86/fpu: Enabled xstate features 0x7, context size is 832 bytes, using 'standard' format.
[    0.000000] BIOS-provided physical RAM map:
[    0.000000] BIOS-e820: [mem 0x0000000000000000-0x000000000009fbff] usable
[    0.000000] BIOS-e820: [mem 0x000000000009fc00-0x000000000009ffff] reserved
[    0.000000] BIOS-e820: [mem 0x00000000000f0000-0x00000000000fffff] reserved
[    0.000000] BIOS-e820: [mem 0x0000000000100000-0x000000007ffeffff] usable
[    0.000000] BIOS-e820: [mem 0x000000007fff0000-0x000000007fffffff] ACPI data
[    0.000000] BIOS-e820: [mem 0x00000000fec00000-0x00000000fec00fff] reserved
[    0.000000] BIOS-e820: [mem 0x00000000fee00000-0x00000000fee00fff] reserved
[    0.000000] BIOS-e820: [mem 0x00000000fffc0000-0x00000000ffffffff] reserved
[    0.000000] NX (Execute Disable) protection: active
[    0.000000] SMBIOS 2.5 present.
[    0.000000] DMI: innotek GmbH VirtualBox/VirtualBox, BIOS VirtualBox 12/01/2006
[    0.000000] Hypervisor detected: KVM
[    0.000000] kvm-clock: Using msrs 4b564d01 and 4b564d00
[    0.000000] kvm-clock: cpu 0, msr 11a01001, primary cpu clock
[    0.000000] kvm-clock: using sched offset of 4405153003 cycles
[    0.000003] clocksource: kvm-clock: mask: 0xffffffffffffffff max_cycles: 0x1cd42e4dffb, max_idle_ns: 881590591483 ns
[    0.000006] tsc: Detected 2100.000 MHz processor
[    0.001968] e820: update [mem 0x00000000-0x00000fff] usable ==> reserved
[    0.001970] e820: remove [mem 0x000a0000-0x000fffff] usable
[    0.001974] last_pfn = 0x7fff0 max_arch_pfn = 0x400000000
[    0.002044] MTRR default type: uncachable
[    0.002044] MTRR fixed ranges enabled:
[    0.002046]   00000-9FFFF write-back
[    0.002046]   A0000-BFFFF uncachable
[    0.002047]   C0000-FFFFF write-protect
[    0.002048] MTRR variable ranges enabled:
[    0.002049]   0 base 000000000000 mask 3FFF80000000 write-back
[    0.002050]   1 disabled
[    0.002051]   2 disabled
[    0.002051]   3 disabled
[    0.002051]   4 disabled
[    0.002052]   5 disabled
[    0.002052]   6 disabled
[    0.002053]   7 disabled
[    0.002053]   8 disabled
[    0.002053]   9 disabled
[    0.002054]   10 disabled
[    0.002054]   11 disabled
[    0.002055]   12 disabled
[    0.002055]   13 disabled
[    0.002056]   14 disabled
[    0.002056]   15 disabled
[    0.002073] x86/PAT: Configuration [0-7]: WB  WC  UC- UC  WB  WP  UC- WT  
[    0.002208] found SMP MP-table at [mem 0x0009fff0-0x0009ffff]
[    0.093445] check: Scanning 1 areas for low memory corruption
[    0.093611] RAMDISK: [mem 0x32271000-0x3512ffff]
[    0.093620] ACPI: Early table checksum verification disabled
[    0.093625] ACPI: RSDP 0x00000000000E0000 000024 (v02 VBOX  )
[    0.093630] ACPI: XSDT 0x000000007FFF0030 00003C (v01 VBOX   VBOXXSDT 00000001 ASL  00000061)
[    0.093637] ACPI: FACP 0x000000007FFF00F0 0000F4 (v04 VBOX   VBOXFACP 00000001 ASL  00000061)
[    0.093643] ACPI: DSDT 0x000000007FFF02E0 002353 (v02 VBOX   VBOXBIOS 00000002 VBOX 00029BF3)
[    0.093647] ACPI: FACS 0x000000007FFF0200 000040
[    0.093651] ACPI: FACS 0x000000007FFF0200 000040
[    0.093654] ACPI: APIC 0x000000007FFF0240 000054 (v02 VBOX   VBOXAPIC 00000001 ASL  00000061)
[    0.093658] ACPI: SSDT 0x000000007FFF02A0 000038 (v01 VBOX   VBOXCPUT 00000002 VBOX 00029BF3)
[    0.093661] ACPI: Reserving FACP table memory at [mem 0x7fff00f0-0x7fff01e3]
[    0.093662] ACPI: Reserving DSDT table memory at [mem 0x7fff02e0-0x7fff2632]
[    0.093662] ACPI: Reserving FACS table memory at [mem 0x7fff0200-0x7fff023f]
[    0.093663] ACPI: Reserving FACS table memory at [mem 0x7fff0200-0x7fff023f]
[    0.093664] ACPI: Reserving APIC table memory at [mem 0x7fff0240-0x7fff0293]
[    0.093664] ACPI: Reserving SSDT table memory at [mem 0x7fff02a0-0x7fff02d7]
[    0.093678] ACPI: Local APIC address 0xfee00000
[    0.093863] No NUMA configuration found
[    0.093864] Faking a node at [mem 0x0000000000000000-0x000000007ffeffff]
[    0.093875] NODE_DATA(0) allocated [mem 0x7ffc5000-0x7ffeffff]
[    0.094158] Zone ranges:
[    0.094159]   DMA      [mem 0x0000000000001000-0x0000000000ffffff]
[    0.094160]   DMA32    [mem 0x0000000001000000-0x000000007ffeffff]
[    0.094161]   Normal   empty
[    0.094161]   Device   empty
[    0.094162] Movable zone start for each node
[    0.094164] Early memory node ranges
[    0.094165]   node   0: [mem 0x0000000000001000-0x000000000009efff]
[    0.094166]   node   0: [mem 0x0000000000100000-0x000000007ffeffff]
[    0.094169] Zeroed struct page in unavailable ranges: 114 pages
[    0.094170] Initmem setup node 0 [mem 0x0000000000001000-0x000000007ffeffff]
[    0.094171] On node 0 totalpages: 524174
[    0.094172]   DMA zone: 64 pages used for memmap
[    0.094173]   DMA zone: 21 pages reserved
[    0.094174]   DMA zone: 3998 pages, LIFO batch:0
[    0.094245]   DMA32 zone: 8128 pages used for memmap
[    0.094246]   DMA32 zone: 520176 pages, LIFO batch:63
[    0.103206] ACPI: PM-Timer IO Port: 0x4008
[    0.103209] ACPI: Local APIC address 0xfee00000
[    0.103274] IOAPIC[0]: apic_id 1, version 32, address 0xfec00000, GSI 0-23
[    0.103278] ACPI: INT_SRC_OVR (bus 0 bus_irq 0 global_irq 2 dfl dfl)
[    0.103279] ACPI: INT_SRC_OVR (bus 0 bus_irq 9 global_irq 9 low level)
[    0.103281] ACPI: IRQ0 used by override.
[    0.103282] ACPI: IRQ9 used by override.
[    0.103285] Using ACPI (MADT) for SMP configuration information
[    0.103291] smpboot: Allowing 1 CPUs, 0 hotplug CPUs
[    0.103314] PM: Registered nosave memory: [mem 0x00000000-0x00000fff]
[    0.103315] PM: Registered nosave memory: [mem 0x0009f000-0x0009ffff]
[    0.103316] PM: Registered nosave memory: [mem 0x000a0000-0x000effff]
[    0.103316] PM: Registered nosave memory: [mem 0x000f0000-0x000fffff]
[    0.103318] [mem 0x80000000-0xfebfffff] available for PCI devices
[    0.103319] Booting paravirtualized kernel on KVM
[    0.103321] clocksource: refined-jiffies: mask: 0xffffffff max_cycles: 0xffffffff, max_idle_ns: 7645519600211568 ns
[    0.103325] setup_percpu: NR_CPUS:8192 nr_cpumask_bits:1 nr_cpu_ids:1 nr_node_ids:1
[    0.104360] percpu: Embedded 60 pages/cpu s208896 r8192 d28672 u2097152
[    0.104364] pcpu-alloc: s208896 r8192 d28672 u2097152 alloc=1*2097152
[    0.104365] pcpu-alloc: [0] 0 
[    0.104392] Built 1 zonelists, mobility grouping on.  Total pages: 515961
[    0.104392] Policy zone: DMA32
[    0.104394] Kernel command line: BOOT_IMAGE=/boot/vmlinuz-5.4.243-mptcp root=UUID=98415a12-53b7-4144-8265-0f7ece09e445 ro quiet splash
[    0.105253] Dentry cache hash table entries: 262144 (order: 9, 2097152 bytes, linear)
[    0.105519] Inode-cache hash table entries: 131072 (order: 8, 1048576 bytes, linear)
[    0.105569] mem auto-init: stack:off, heap alloc:on, heap free:off
[    0.105572] Calgary: detecting Calgary via BIOS EBDA area
[    0.105573] Calgary: Unable to locate Rio Grande table in EBDA - bailing!
[    0.109703] Memory: 1967332K/2096696K available (14339K kernel code, 2398K rwdata, 4712K rodata, 2728K init, 17260K bss, 129364K reserved, 0K cma-reserved)
[    0.110632] SLUB: HWalign=64, Order=0-3, MinObjects=0, CPUs=1, Nodes=1
[    0.110649] ftrace: allocating 43186 entries in 169 pages
[    0.128777] rcu: Hierarchical RCU implementation.
[    0.128779] rcu: 	RCU restricting CPUs from NR_CPUS=8192 to nr_cpu_ids=1.
[    0.128780] 	Tasks RCU enabled.
[    0.128781] rcu: RCU calculated value of scheduler-enlistment delay is 25 jiffies.
[    0.128782] rcu: Adjusting geometry for rcu_fanout_leaf=16, nr_cpu_ids=1
[    0.131753] NR_IRQS: 524544, nr_irqs: 256, preallocated irqs: 16
[    0.131963] random: crng init done
[    0.141303] Console: colour VGA+ 80x25
[    0.141307] printk: console [tty0] enabled
[    0.141326] ACPI: Core revision 20190816
[    0.141416] APIC: Switch to symmetric I/O mode setup
[    0.141667] x2apic enabled
[    0.141903] Switched APIC routing to physical x2apic.
[    0.143029] ..TIMER: vector=0x30 apic1=0 pin1=2 apic2=-1 pin2=-1
[    0.143054] clocksource: tsc-early: mask: 0xffffffffffffffff max_cycles: 0x1e4530a99b6, max_idle_ns: 440795257976 ns
[    0.143060] Calibrating delay loop (skipped) preset value.. 4200.00 BogoMIPS (lpj=8400000)
[    0.143062] pid_max: default: 32768 minimum: 301
[    0.143090] LSM: Security Framework initializing
[    0.143099] Yama: becoming mindful.
[    0.143126] AppArmor: AppArmor initialized
[    0.143168] Mount-cache hash table entries: 4096 (order: 3, 32768 bytes, linear)
[    0.143172] Mountpoint-cache hash table entries: 4096 (order: 3, 32768 bytes, linear)
[    0.143182] *** VALIDATE tmpfs ***
[    0.143312] *** VALIDATE proc ***
[    0.143352] *** VALIDATE cgroup1 ***
[    0.143354] *** VALIDATE cgroup2 ***
[    0.143493] process: using mwait in idle threads
[    0.143497] Last level iTLB entries: 4KB 64, 2MB 8, 4MB 8
[    0.143498] Last level dTLB entries: 4KB 64, 2MB 0, 4MB 0, 1GB 4
[    0.143519] Spectre V1 : Mitigation: usercopy/swapgs barriers and __user pointer sanitization
[    0.143524] Spectre V2 : Mitigation: Retpolines
[    0.143525] Spectre V2 : Spectre v2 / SpectreRSB mitigation: Filling RSB on context switch
[    0.143525] Spectre V2 : Spectre v2 / SpectreRSB : Filling RSB on VMEXIT
[    0.143526] RETBleed: WARNING: Spectre v2 mitigation leaves CPU vulnerable to RETBleed attacks, data leaks possible!
[    0.143878] RETBleed: Vulnerable
[    0.143878] Speculative Store Bypass: Vulnerable
[    0.143882] TAA: Mitigation: TSX disabled
[    0.143883] MMIO Stale Data: Mitigation: Clear CPU buffers
[    0.148103] Freeing SMP alternatives memory: 40K
[    0.260008] smpboot: CPU0: Intel(R) Xeon(R) Silver 4216 CPU @ 2.10GHz (family: 0x6, model: 0x55, stepping: 0x7)
[    0.260129] Performance Events: unsupported p6 CPU model 85 no PMU driver, software events only.
[    0.260166] rcu: Hierarchical SRCU implementation.
[    0.260659] NMI watchdog: Perf NMI watchdog permanently disabled
[    0.260698] smp: Bringing up secondary CPUs ...
[    0.260699] smp: Brought up 1 node, 1 CPU
[    0.260700] smpboot: Max logical packages: 1
[    0.260701] smpboot: Total of 1 processors activated (4200.00 BogoMIPS)
[    0.261682] devtmpfs: initialized
[    0.261728] x86/mm: Memory block size: 128MB
[    0.262074] clocksource: jiffies: mask: 0xffffffff max_cycles: 0xffffffff, max_idle_ns: 7645041785100000 ns
[    0.262079] futex hash table entries: 256 (order: 2, 16384 bytes, linear)
[    0.262122] pinctrl core: initialized pinctrl subsystem
[    0.262224] PM: RTC time: 10:55:57, date: 2026-01-18
[    0.262332] NET: Registered protocol family 16
[    0.262406] audit: initializing netlink subsys (disabled)
[    0.262534] EISA bus registered
[    0.262535] cpuidle: using governor ladder
[    0.262536] cpuidle: using governor menu
[    0.262571] ACPI: bus type PCI registered
[    0.262573] acpiphp: ACPI Hot Plug PCI Controller Driver version: 0.5
[    0.262678] PCI: Using configuration type 1 for base access
[    0.263369] audit: type=2000 audit(1768704964.100:1): state=initialized audit_enabled=0 res=1
[    0.263447] HugeTLB registered 2.00 MiB page size, pre-allocated 0 pages
[    0.264250] ACPI: Added _OSI(Module Device)
[    0.264251] ACPI: Added _OSI(Processor Device)
[    0.264251] ACPI: Added _OSI(3.0 _SCP Extensions)
[    0.264252] ACPI: Added _OSI(Processor Aggregator Device)
[    0.264253] ACPI: Added _OSI(Linux-Dell-Video)
[    0.264254] ACPI: Added _OSI(Linux-Lenovo-NV-HDMI-Audio)
[    0.264255] ACPI: Added _OSI(Linux-HPI-Hybrid-Graphics)
[    0.266195] ACPI: 2 ACPI AML tables successfully acquired and loaded
[    0.267850] ACPI: Interpreter enabled
[    0.267860] ACPI: (supports S0 S5)
[    0.267861] ACPI: Using IOAPIC for interrupt routing
[    0.268066] PCI: Using host bridge windows from ACPI; if necessary, use "pci=nocrs" and report a bug
[    0.268171] ACPI: Enabled 2 GPEs in block 00 to 07
[    0.272985] ACPI: PCI Root Bridge [PCI0] (domain 0000 [bus 00-ff])
[    0.272990] acpi PNP0A03:00: _OSC: OS supports [ASPM ClockPM Segments MSI HPX-Type3]
[    0.273435] acpi PNP0A03:00: _OSC: not requesting OS control; OS requires [ExtendedConfig ASPM ClockPM MSI]
[    0.273443] acpi PNP0A03:00: fail to add MMCONFIG information, can't access extended PCI configuration space under this bridge.
[    0.273807] PCI host bridge to bus 0000:00
[    0.273809] pci_bus 0000:00: root bus resource [io  0x0000-0x0cf7 window]
[    0.273811] pci_bus 0000:00: root bus resource [io  0x0d00-0xffff window]
[    0.273812] pci_bus 0000:00: root bus resource [mem 0x000a0000-0x000bffff window]
[    0.273813] pci_bus 0000:00: root bus resource [mem 0x80000000-0xfdffffff window]
[    0.273814] pci_bus 0000:00: root bus resource [bus 00-ff]
[    0.273860] pci 0000:00:00.0: [8086:1237] type 00 class 0x060000
[    0.274790] pci 0000:00:01.0: [8086:7000] type 00 class 0x060100
[    0.275606] pci 0000:00:01.1: [8086:7111] type 00 class 0x01018a
[    0.275976] pci 0000:00:01.1: reg 0x20: [io  0xd000-0xd00f]
[    0.276128] pci 0000:00:01.1: legacy IDE quirk: reg 0x10: [io  0x01f0-0x01f7]
[    0.276129] pci 0000:00:01.1: legacy IDE quirk: reg 0x14: [io  0x03f6]
[    0.276130] pci 0000:00:01.1: legacy IDE quirk: reg 0x18: [io  0x0170-0x0177]
[    0.276131] pci 0000:00:01.1: legacy IDE quirk: reg 0x1c: [io  0x0376]
[    0.276666] pci 0000:00:02.0: [15ad:0405] type 00 class 0x030000
[    0.279131] pci 0000:00:02.0: reg 0x10: [io  0xd010-0xd01f]
[    0.283101] pci 0000:00:02.0: reg 0x14: [mem 0xe0000000-0xe7ffffff pref]
[    0.285788] pci 0000:00:02.0: reg 0x18: [mem 0xf0000000-0xf01fffff]
[    0.295843] pci 0000:00:03.0: [1022:2000] type 00 class 0x020000
[    0.296520] pci 0000:00:03.0: reg 0x10: [io  0xd020-0xd03f]
[    0.297130] pci 0000:00:03.0: reg 0x14: [mem 0xf0200000-0xf0200fff]
[    0.301602] pci 0000:00:04.0: [80ee:cafe] type 00 class 0x088000
[    0.302274] pci 0000:00:04.0: reg 0x10: [io  0xd040-0xd05f]
[    0.302880] pci 0000:00:04.0: reg 0x14: [mem 0xf0400000-0xf07fffff]
[    0.303170] pci 0000:00:04.0: reg 0x18: [mem 0xf0800000-0xf0803fff pref]
[    0.306692] pci 0000:00:07.0: [8086:7113] type 00 class 0x068000
[    0.307298] pci 0000:00:07.0: quirk: [io  0x4000-0x403f] claimed by PIIX4 ACPI
[    0.307308] pci 0000:00:07.0: quirk: [io  0x4100-0x410f] claimed by PIIX4 SMB
[    0.307928] pci 0000:00:08.0: [8086:100e] type 00 class 0x020000
[    0.308633] pci 0000:00:08.0: reg 0x10: [mem 0xf0820000-0xf083ffff]
[    0.309782] pci 0000:00:08.0: reg 0x18: [io  0xd060-0xd067]
[    0.312681] pci 0000:00:09.0: [8086:100e] type 00 class 0x020000
[    0.313426] pci 0000:00:09.0: reg 0x10: [mem 0xf0840000-0xf085ffff]
[    0.315171] pci 0000:00:09.0: reg 0x18: [io  0xd068-0xd06f]
[    0.324067] ACPI: PCI Interrupt Link [LNKA] (IRQs 5 9 10 *11)
[    0.324347] ACPI: PCI Interrupt Link [LNKB] (IRQs 5 9 *10 11)
[    0.324452] ACPI: PCI Interrupt Link [LNKC] (IRQs 5 *9 10 11)
[    0.324555] ACPI: PCI Interrupt Link [LNKD] (IRQs 5 9 10 *11)
[    0.324811] iommu: Default domain type: Translated 
[    0.324875] pci 0000:00:02.0: vgaarb: setting as boot VGA device
[    0.324877] pci 0000:00:02.0: vgaarb: VGA device added: decodes=io+mem,owns=io+mem,locks=none
[    0.324878] pci 0000:00:02.0: vgaarb: bridge control possible
[    0.324879] vgaarb: loaded
[    0.327216] SCSI subsystem initialized
[    0.327251] libata version 3.00 loaded.
[    0.327274] ACPI: bus type USB registered
[    0.327290] usbcore: registered new interface driver usbfs
[    0.327296] usbcore: registered new interface driver hub
[    0.327301] usbcore: registered new device driver usb
[    0.327326] pps_core: LinuxPPS API ver. 1 registered
[    0.327327] pps_core: Software ver. 5.3.6 - Copyright 2005-2007 Rodolfo Giometti <giometti@linux.it>
[    0.327329] PTP clock support registered
[    0.327362] EDAC MC: Ver: 3.0.0
[    0.327655] PCI: Using ACPI for IRQ routing
[    0.327656] PCI: pci_cache_line_size set to 64 bytes
[    0.327824] e820: reserve RAM buffer [mem 0x0009fc00-0x0009ffff]
[    0.327827] e820: reserve RAM buffer [mem 0x7fff0000-0x7fffffff]
[    0.328640] NetLabel: Initializing
[    0.328641] NetLabel:  domain hash size = 128
[    0.328641] NetLabel:  protocols = UNLABELED CIPSOv4 CALIPSO
[    0.328661] NetLabel:  unlabeled traffic allowed by default
[    0.329571] clocksource: Switched to clocksource kvm-clock
[    0.341529] *** VALIDATE bpf ***
[    0.341587] VFS: Disk quotas dquot_6.6.0
[    0.341599] VFS: Dquot-cache hash table entries: 512 (order 0, 4096 bytes)
[    0.341621] *** VALIDATE ramfs ***
[    0.341624] *** VALIDATE hugetlbfs ***
[    0.341704] AppArmor: AppArmor Filesystem Enabled
[    0.341728] pnp: PnP ACPI init
[    0.341790] pnp 00:00: Plug and Play ACPI device, IDs PNP0303 (active)
[    0.341856] pnp 00:01: Plug and Play ACPI device, IDs PNP0f03 (active)
[    0.342584] pnp: PnP ACPI: found 2 devices
[    0.343176] thermal_sys: Registered thermal governor 'fair_share'
[    0.343176] thermal_sys: Registered thermal governor 'bang_bang'
[    0.343176] thermal_sys: Registered thermal governor 'step_wise'
[    0.343176] thermal_sys: Registered thermal governor 'user_space'
[    0.343176] thermal_sys: Registered thermal governor 'power_allocator'
[    0.348115] clocksource: acpi_pm: mask: 0xffffff max_cycles: 0xffffff, max_idle_ns: 2085701024 ns
[    0.348154] pci_bus 0000:00: resource 4 [io  0x0000-0x0cf7 window]
[    0.348156] pci_bus 0000:00: resource 5 [io  0x0d00-0xffff window]
[    0.348157] pci_bus 0000:00: resource 6 [mem 0x000a0000-0x000bffff window]
[    0.348158] pci_bus 0000:00: resource 7 [mem 0x80000000-0xfdffffff window]
[    0.348216] NET: Registered protocol family 2
[    0.348291] IP idents hash table entries: 32768 (order: 6, 262144 bytes, linear)
[    0.348693] MPTCP tokens hash table entries: 8192 (order: 4, 65536 bytes, linear)
[    0.348713] MPTCP request tokens hash table entries: 8192 (order: 4, 65536 bytes, linear)
[    0.348738] default registered
[    0.348738] default registered
[    0.348739] MPTCP: Stable release v0.96
[    0.348744] tcp_listen_portaddr_hash hash table entries: 1024 (order: 2, 16384 bytes, linear)
[    0.348827] TCP established hash table entries: 16384 (order: 5, 131072 bytes, linear)
[    0.348893] TCP bind hash table entries: 16384 (order: 6, 262144 bytes, linear)
[    0.348919] TCP: Hash tables configured (established 16384 bind 16384)
[    0.349631] UDP hash table entries: 1024 (order: 3, 32768 bytes, linear)
[    0.349642] UDP-Lite hash table entries: 1024 (order: 3, 32768 bytes, linear)
[    0.349677] NET: Registered protocol family 1
[    0.349685] NET: Registered protocol family 44
[    0.349705] pci 0000:00:00.0: Limiting direct PCI/PCI transfers
[    0.349717] pci 0000:00:01.0: Activating ISA DMA hang workarounds
[    0.349773] pci 0000:00:02.0: Video device with shadowed ROM at [mem 0x000c0000-0x000dffff]
[    0.349834] PCI: CLS 0 bytes, default 64
[    0.349881] Trying to unpack rootfs image as initramfs...
[    0.515410] Freeing initrd memory: 47868K
[    0.515410] clocksource: tsc: mask: 0xffffffffffffffff max_cycles: 0x1e4530a99b6, max_idle_ns: 440795257976 ns
[    0.515410] clocksource: Switched to clocksource tsc
[    0.515410] platform rtc_cmos: registered platform RTC device (no PNP device found)
[    0.515410] check: Scanning for low memory corruption every 60 seconds
[    0.515410] Initialise system trusted keyrings
[    0.515410] Key type blacklist registered
[    0.515410] workingset: timestamp_bits=36 max_order=19 bucket_order=0
[    0.515410] zbud: loaded
[    0.515410] squashfs: version 4.0 (2009/01/31) Phillip Lougher
[    0.515410] fuse: init (API version 7.31)
[    0.515410] *** VALIDATE fuse ***
[    0.515410] *** VALIDATE fuse ***
[    0.515410] Platform Keyring initialized
[    0.531571] Key type asymmetric registered
[    0.531572] Asymmetric key parser 'x509' registered
[    0.531584] Block layer SCSI generic (bsg) driver version 0.4 loaded (major 244)
[    0.531620] io scheduler mq-deadline registered
[    0.531745] shpchp: Standard Hot Plug PCI Controller Driver version: 0.4
[    0.531975] ACPI: AC Adapter [AC] (on-line)
[    0.532021] input: Power Button as /devices/LNXSYSTM:00/LNXPWRBN:00/input/input0
[    0.532051] ACPI: Power Button [PWRF]
[    0.532137] input: Sleep Button as /devices/LNXSYSTM:00/LNXSLPBN:00/input/input1
[    0.532161] ACPI: Sleep Button [SLPF]
[    0.532382] Serial: 8250/16550 driver, 32 ports, IRQ sharing enabled
[    0.533543] Linux agpgart interface v0.103
[    0.627136] loop: module loaded
[    0.627273] ata_piix 0000:00:01.1: version 2.13
[    0.627662] scsi host0: ata_piix
[    0.627750] scsi host1: ata_piix
[    0.627777] ata1: PATA max UDMA/33 cmd 0x1f0 ctl 0x3f6 bmdma 0xd000 irq 14
[    0.627778] ata2: PATA max UDMA/33 cmd 0x170 ctl 0x376 bmdma 0xd008 irq 15
[    0.627855] tun: Universal TUN/TAP device driver, 1.6
[    0.628146] PPP generic driver version 2.4.2
[    0.628187] VFIO - User Level meta-driver version: 0.3
[    0.628422] ehci_hcd: USB 2.0 'Enhanced' Host Controller (EHCI) Driver
[    0.628427] ehci-pci: EHCI PCI platform driver
[    0.628440] ehci-platform: EHCI generic platform driver
[    0.628446] ohci_hcd: USB 1.1 'Open' Host Controller (OHCI) Driver
[    0.628448] ohci-pci: OHCI PCI platform driver
[    0.628455] ohci-platform: OHCI generic platform driver
[    0.628459] uhci_hcd: USB Universal Host Controller Interface driver
[    0.628521] i8042: PNP: PS/2 Controller [PNP0303:PS2K,PNP0f03:PS2M] at 0x60,0x64 irq 1,12
[    0.628954] serio: i8042 KBD port at 0x60,0x64 irq 1
[    0.628957] serio: i8042 AUX port at 0x60,0x64 irq 12
[    0.629041] mousedev: PS/2 mouse device common for all mice
[    0.629288] input: AT Translated Set 2 keyboard as /devices/platform/i8042/serio0/input/input2
[    0.629689] rtc_cmos rtc_cmos: registered as rtc0
[    0.629702] rtc_cmos rtc_cmos: alarms up to one day, 114 bytes nvram
[    0.629707] i2c /dev entries driver
[    0.629747] device-mapper: uevent: version 1.0.3
[    0.629789] device-mapper: ioctl: 4.41.0-ioctl (2019-09-16) initialised: dm-devel@redhat.com
[    0.629805] platform eisa.0: Probing EISA bus 0
[    0.629806] platform eisa.0: EISA: Cannot allocate resource for mainboard
[    0.629807] platform eisa.0: Cannot allocate resource for EISA slot 1
[    0.629808] platform eisa.0: Cannot allocate resource for EISA slot 2
[    0.629809] platform eisa.0: Cannot allocate resource for EISA slot 3
[    0.629810] platform eisa.0: Cannot allocate resource for EISA slot 4
[    0.629811] platform eisa.0: Cannot allocate resource for EISA slot 5
[    0.629812] platform eisa.0: Cannot allocate resource for EISA slot 6
[    0.629813] platform eisa.0: Cannot allocate resource for EISA slot 7
[    0.629814] platform eisa.0: Cannot allocate resource for EISA slot 8
[    0.629815] platform eisa.0: EISA: Detected 0 cards
[    0.629818] intel_pstate: CPU model not supported
[    0.629827] ledtrig-cpu: registered to indicate activity on CPUs
[    0.629879] drop_monitor: Initializing network drop monitor service
[    0.630037] NET: Registered protocol family 10
[    0.635158] Segment Routing with IPv6
[    0.635189] fullmesh registered
[    0.635190] ndiffports registered
[    0.635192] binder registered
[    0.635193] roundrobin registered
[    0.635193] redundant registered
[    0.635194] blest registered
[    0.635194] ecf registered
[    0.635196] NET: Registered protocol family 17
[    0.635200] Key type dns_resolver registered
[    0.635200] RAS: Correctable Errors collector initialized.
[    0.635200] IPI shorthand broadcast: enabled
[    0.635200] sched_clock: Marking stable (620097338, 11102748)->(632936918, -1736832)
[    0.635401] registered taskstats version 1
[    0.635411] Loading compiled-in X.509 certificates
[    0.636002] Loaded X.509 cert 'Build time autogenerated kernel key: 6909f3744cebb3d0de528d5887b96a727de79b1e'
[    0.636018] zswap: loaded using pool lzo/zbud
[    0.636069] Key type ._fscrypt registered
[    0.636070] Key type .fscrypt registered
[    0.640523] Key type big_key registered
[    0.642726] Key type encrypted registered
[    0.642728] AppArmor: AppArmor sha1 policy hashing enabled
[    0.642735] ima: No TPM chip found, activating TPM-bypass!
[    0.642740] ima: Allocated hash algorithm: sha1
[    0.642745] ima: No architecture policies found
[    0.642754] evm: Initialising EVM extended attributes:
[    0.642754] evm: security.selinux
[    0.642754] evm: security.SMACK64
[    0.642755] evm: security.SMACK64EXEC
[    0.642755] evm: security.SMACK64TRANSMUTE
[    0.642756] evm: security.SMACK64MMAP
[    0.642756] evm: security.apparmor
[    0.642757] evm: security.ima
[    0.642757] evm: security.capability
[    0.642758] evm: HMAC attrs: 0x1
[    0.643049] PM:   Magic number: 10:272:932
[    0.643148] rtc_cmos rtc_cmos: setting system clock to 2026-01-18T10:55:58 UTC (1768733758)
[    0.800131] ata1.00: ATA-6: VBOX HARDDISK, 1.0, max UDMA/133
[    0.800133] ata1.00: 209715200 sectors, multi 128: LBA 
[    0.800612] scsi 0:0:0:0: Direct-Access     ATA      VBOX HARDDISK    1.0  PQ: 0 ANSI: 5
[    0.800824] sd 0:0:0:0: [sda] 209715200 512-byte logical blocks: (107 GB/100 GiB)
[    0.800834] sd 0:0:0:0: [sda] Write Protect is off
[    0.800836] sd 0:0:0:0: [sda] Mode Sense: 00 3a 00 00
[    0.800851] sd 0:0:0:0: [sda] Write cache: enabled, read cache: enabled, doesn't support DPO or FUA
[    0.801084] sd 0:0:0:0: Attached scsi generic sg0 type 0
[    0.801895]  sda: sda1 sda2
[    0.811240] sd 0:0:0:0: [sda] Attached SCSI disk
[    0.813676] Freeing unused decrypted memory: 2040K
[    0.814456] Freeing unused kernel image memory: 2728K
[    0.814458] Write protecting the kernel read-only data: 22528k
[    0.815254] Freeing unused kernel image memory: 2036K
[    0.815695] Freeing unused kernel image memory: 1432K
[    0.834582] x86/mm: Checked W+X mappings: passed, no W+X pages found.
[    0.834585] Run /init as init process
[    0.938101] ACPI: Video Device [GFX0] (multi-head: yes  rom: no  post: no)
[    0.938174] input: Video Bus as /devices/LNXSYSTM:00/LNXSYBUS:00/PNP0A03:00/LNXVIDEO:00/input/input4
[    0.949450] pcnet32: pcnet32.c:v1.35 21.Apr.2008 tsbogend@alpha.franken.de
[    0.951045] piix4_smbus 0000:00:07.0: SMBus Host Controller at 0x4100, revision 0
[    0.953518] e1000: Intel(R) PRO/1000 Network Driver - version 7.3.21-k8-NAPI
[    0.953519] e1000: Copyright (c) 1999-2006 Intel Corporation.
[    0.958566] pcnet32: PCnet/FAST III 79C973 at 0xd020, 08:00:27:6c:b1:27 assigned IRQ 19
[    0.958613] pcnet32: Found PHY 0022:561b at address 0
[    0.958914] pcnet32: eth0: registered as PCnet/FAST III 79C973
[    0.969366] pcnet32: 1 cards_found
[    1.022365] pcnet32 0000:00:03.0 enp0s3: renamed from eth0
[    1.169978] input: ImExPS/2 Generic Explorer Mouse as /devices/platform/i8042/serio1/input/input5
[    1.363703] e1000 0000:00:08.0 eth0: (PCI:33MHz:32-bit) 08:00:27:9e:d4:54
[    1.363707] e1000 0000:00:08.0 eth0: Intel(R) PRO/1000 Network Connection
[    1.739445] e1000 0000:00:09.0 eth1: (PCI:33MHz:32-bit) 08:00:27:41:df:06
[    1.739448] e1000 0000:00:09.0 eth1: Intel(R) PRO/1000 Network Connection
[    1.740622] e1000 0000:00:09.0 enp0s9: renamed from eth1
[    1.742443] e1000 0000:00:08.0 enp0s8: renamed from eth0
[    1.889710] EXT4-fs (sda2): mounted filesystem with ordered data mode. Opts: (null)
[    1.970142] systemd[1]: Inserted module 'autofs4'
[    1.979700] systemd[1]: systemd 245.4-4ubuntu3 running in system mode. (+PAM +AUDIT +SELINUX +IMA +APPARMOR +SMACK +SYSVINIT +UTMP +LIBCRYPTSETUP +GCRYPT +GNUTLS +ACL +XZ +LZ4 +SECCOMP +BLKID +ELFUTILS +KMOD +IDN2 -IDN +PCRE2 default-hierarchy=hybrid)
[    1.979731] systemd[1]: Detected virtualization oracle.
[    1.979734] systemd[1]: Detected architecture x86-64.
[    1.981011] systemd[1]: Set hostname to <ztg>.
[    2.103370] systemd[1]: /lib/systemd/system/dbus.socket:5: ListenStream= references a path below legacy directory /var/run/, updating /var/run/dbus/system_bus_socket â†’ /run/dbus/system_bus_socket; please update the unit file accordingly.
[    2.153820] systemd[1]: Created slice system-modprobe.slice.
[    2.154006] systemd[1]: Created slice User and Session Slice.
[    2.154052] systemd[1]: Started Forward Password Requests to Wall Directory Watch.
[    2.154215] systemd[1]: Set up automount Arbitrary Executable File Formats File System Automount Point.
[    2.154249] systemd[1]: Reached target User and Group Name Lookups.
[    2.154258] systemd[1]: Reached target Remote File Systems.
[    2.154265] systemd[1]: Reached target Slices.
[    2.154744] systemd[1]: Listening on Syslog Socket.
[    2.154811] systemd[1]: Listening on fsck to fsckd communication Socket.
[    2.154849] systemd[1]: Listening on initctl Compatibility Named Pipe.
[    2.154986] systemd[1]: Listening on Journal Audit Socket.
[    2.155036] systemd[1]: Listening on Journal Socket (/dev/log).
[    2.155105] systemd[1]: Listening on Journal Socket.
[    2.155223] systemd[1]: Listening on udev Control Socket.
[    2.155269] systemd[1]: Listening on udev Kernel Socket.
[    2.156012] systemd[1]: Mounting Huge Pages File System...
[    2.156908] systemd[1]: Mounting POSIX Message Queue File System...
[    2.157785] systemd[1]: Mounting Kernel Debug File System...
[    2.158630] systemd[1]: Mounting Kernel Trace File System...
[    2.160558] systemd[1]: Starting Journal Service...
[    2.182059] systemd[1]: Starting Set the console keyboard layout...
[    2.189966] systemd[1]: Starting Create list of static device nodes for the current kernel...
[    2.191800] systemd[1]: Starting Load Kernel Module drm...
[    2.192733] systemd[1]: Condition check resulted in Set Up Additional Binary Formats being skipped.
[    2.192808] systemd[1]: Condition check resulted in File System Check on Root Device being skipped.
[    2.203730] systemd[1]: Starting Load Kernel Modules...
[    2.214631] systemd[1]: Starting Remount Root and Kernel File Systems...
[    2.217961] systemd[1]: Starting udev Coldplug all Devices...
[    2.231420] systemd[1]: Starting Uncomplicated firewall...
[    2.233012] systemd[1]: Mounted Huge Pages File System.
[    2.233098] systemd[1]: Mounted POSIX Message Queue File System.
[    2.233171] systemd[1]: Mounted Kernel Debug File System.
[    2.233241] systemd[1]: Mounted Kernel Trace File System.
[    2.236761] EXT4-fs (sda2): re-mounted. Opts: errors=remount-ro
[    2.260614] systemd[1]: Finished Create list of static device nodes for the current kernel.
[    2.261560] systemd[1]: modprobe@drm.service: Succeeded.
[    2.268959] systemd[1]: Finished Load Kernel Module drm.
[    2.269811] systemd[1]: Finished Remount Root and Kernel File Systems.
[    2.286047] systemd[1]: Finished Uncomplicated firewall.
[    2.302559] lp: driver loaded but no devices found
[    2.303814] systemd[1]: Condition check resulted in Rebuild Hardware Database being skipped.
[    2.303853] systemd[1]: Condition check resulted in Platform Persistent Storage Archival being skipped.
[    2.304532] systemd[1]: Starting Load/Save Random Seed...
[    2.311308] systemd[1]: Starting Create System Users...
[    2.316384] ppdev: user-space parallel port driver
[    2.328122] systemd[1]: Finished Load/Save Random Seed.
[    2.330618] systemd[1]: Finished Create System Users.
[    2.331407] systemd[1]: Starting Create Static Device Nodes in /dev...
[    2.357440] systemd[1]: Finished udev Coldplug all Devices.
[    2.386154] systemd[1]: Finished Create Static Device Nodes in /dev.
[    2.386902] systemd[1]: Starting udev Kernel Device Manager...
[    2.396493] [drm] DMA map mode: Caching DMA mappings.
[    2.396556] [drm] Capabilities:
[    2.396557] [drm]   Rect copy.
[    2.396557] [drm]   Cursor.
[    2.396557] [drm]   Cursor bypass.
[    2.396558] [drm]   Cursor bypass 2.
[    2.396558] [drm]   Alpha cursor.
[    2.396558] [drm]   Extended Fifo.
[    2.396559] [drm]   Pitchlock.
[    2.396559] [drm]   Irq mask.
[    2.396559] [drm]   GMR.
[    2.396560] [drm]   Traces.
[    2.396560] [drm]   GMR2.
[    2.396560] [drm]   Screen Object 2.
[    2.396561] [drm]   Command Buffers.
[    2.396561] [drm]   Command Buffers 2.
[    2.396561] [drm]   Guest Backed Resources.
[    2.396562] [drm] Max GMR ids is 8192
[    2.396563] [drm] Max number of GMR pages is 1048576
[    2.396563] [drm] Max dedicated hypervisor surface memory is 393216 kiB
[    2.396564] [drm] Maximum display memory size is 131072 kiB
[    2.396565] [drm] VRAM at 0xe0000000 size is 131072 kiB
[    2.396565] [drm] MMIO at 0xf0000000 size is 2048 kiB
[    2.398281] [TTM] Zone  kernel: Available graphics memory: 1011738 KiB
[    2.398281] [TTM] Initializing pool allocator
[    2.398284] [TTM] Initializing DMA pool allocator
[    2.398313] [drm] Supports vblank timestamp caching Rev 2 (21.10.2013).
[    2.398313] [drm] No driver support for vblank timestamp query.
[    2.398562] [drm] Screen Target Display device initialized
[    2.398735] [drm] width 720
[    2.398744] [drm] height 400
[    2.398747] [drm] bpp 32
[    2.399317] [drm] Fifo max 0x00200000 min 0x00001000 cap 0x00000355
[    2.400381] [drm] Using command buffers with DMA pool.
[    2.400387] [drm] DX: no.
[    2.400388] [drm] Atomic: yes.
[    2.400388] [drm] SM4_1: no.
[    2.400406] [drm:vmw_host_log [vmwgfx]] *ERROR* Failed to send host log message.
[    2.401285] [drm:vmw_host_log [vmwgfx]] *ERROR* Failed to send host log message.
[    2.427387] fbcon: svgadrmfb (fb0) is primary device
[    2.429927] Console: switching to colour frame buffer device 100x37
[    2.434413] [drm] Initialized vmwgfx 2.15.0 20180704 for 0000:00:02.0 on minor 0
[    2.436298] systemd[1]: Finished Load Kernel Modules.
[    2.437214] systemd[1]: Mounting FUSE Control File System...
[    2.438124] systemd[1]: Mounting Kernel Configuration File System...
[    2.438973] systemd[1]: Starting Apply Kernel Variables...
[    2.460662] systemd[1]: Mounted FUSE Control File System.
[    2.460738] systemd[1]: Condition check resulted in VMware vmblock fuse mount being skipped.
[    2.463004] systemd[1]: Mounted Kernel Configuration File System.
[    2.472672] systemd[1]: Finished Set the console keyboard layout.
[    2.472773] systemd[1]: Reached target Local File Systems (Pre).
[    2.474814] systemd[1]: Mounting Mount unit for bare, revision 5...
[    2.479285] systemd[1]: Mounting Mount unit for core18, revision 1705...
[    2.503818] systemd[1]: Mounting Mount unit for gnome-3-34-1804, revision 24...
[    2.516577] systemd[1]: Mounting Mount unit for gtk-common-themes, revision 1506...
[    2.519400] systemd[1]: Mounting Mount unit for gtk-common-themes, revision 1535...
[    2.524987] systemd[1]: Mounting Mount unit for snap-store, revision 433...
[    2.530883] systemd[1]: Mounting Mount unit for snapd, revision 25935...
[    2.557026] systemd[1]: Finished Apply Kernel Variables.
[    2.558290] systemd[1]: Mounted Mount unit for bare, revision 5.
[    2.569077] systemd[1]: Mounted Mount unit for gnome-3-34-1804, revision 24.
[    2.585137] systemd[1]: Started udev Kernel Device Manager.
[    2.585845] systemd[1]: Starting Show Plymouth Boot Screen...
[    2.590409] systemd[1]: Received SIGRTMIN+20 from PID 274 (plymouthd).
[    2.593594] systemd[1]: Mounted Mount unit for core18, revision 1705.
[    2.594314] systemd[1]: Mounted Mount unit for gtk-common-themes, revision 1506.
[    2.615428] systemd[1]: Started Show Plymouth Boot Screen.
[    2.615605] systemd[1]: Condition check resulted in Dispatch Password Requests to Console Directory Watch being skipped.
[    2.615685] systemd[1]: Started Forward Password Requests to Plymouth Directory Watch.
[    2.617343] systemd[1]: Reached target Local Encrypted Volumes.
[    2.648650] systemd[1]: Mounted Mount unit for gtk-common-themes, revision 1535.
[    2.697330] systemd[1]: Mounted Mount unit for snap-store, revision 433.
[    2.697579] systemd[1]: Mounted Mount unit for snapd, revision 25935.
[    2.697733] systemd[1]: Reached target Local File Systems.
[    2.698574] systemd[1]: Starting Load AppArmor profiles...
[    2.714895] systemd[1]: Starting Set console font and keymap...
[    2.727618] systemd[1]: Starting Tell Plymouth To Write Out Runtime Data...
[    2.727971] systemd[1]: Condition check resulted in Store a System Token in an EFI Variable being skipped.
[    2.728012] systemd[1]: Condition check resulted in Commit a transient machine-id on disk being skipped.
[    2.731666] systemd[1]: Finished Set console font and keymap.
[    2.741064] systemd[1]: Received SIGRTMIN+20 from PID 274 (plymouthd).
[    2.742983] systemd[1]: plymouth-read-write.service: Succeeded.
[    2.743279] systemd[1]: Finished Tell Plymouth To Write Out Runtime Data.
[    2.761174] audit: type=1400 audit(1768733760.616:2): apparmor="STATUS" operation="profile_load" profile="unconfined" name="nvidia_modprobe" pid=300 comm="apparmor_parser"
[    2.761176] audit: type=1400 audit(1768733760.616:3): apparmor="STATUS" operation="profile_load" profile="unconfined" name="nvidia_modprobe//kmod" pid=300 comm="apparmor_parser"
[    2.770246] audit: type=1400 audit(1768733760.624:4): apparmor="STATUS" operation="profile_load" profile="unconfined" name="/usr/sbin/tcpdump" pid=301 comm="apparmor_parser"
[    2.819441] audit: type=1400 audit(1768733760.668:5): apparmor="STATUS" operation="profile_load" profile="unconfined" name="/usr/bin/evince" pid=303 comm="apparmor_parser"
[    2.819443] audit: type=1400 audit(1768733760.668:6): apparmor="STATUS" operation="profile_load" profile="unconfined" name="/usr/bin/evince//sanitized_helper" pid=303 comm="apparmor_parser"
[    2.819445] audit: type=1400 audit(1768733760.668:7): apparmor="STATUS" operation="profile_load" profile="unconfined" name="/usr/bin/evince-previewer" pid=303 comm="apparmor_parser"
[    2.819446] audit: type=1400 audit(1768733760.668:8): apparmor="STATUS" operation="profile_load" profile="unconfined" name="/usr/bin/evince-previewer//sanitized_helper" pid=303 comm="apparmor_parser"
[    2.819448] audit: type=1400 audit(1768733760.668:9): apparmor="STATUS" operation="profile_load" profile="unconfined" name="/usr/bin/evince-thumbnailer" pid=303 comm="apparmor_parser"
[    2.833976] audit: type=1400 audit(1768733760.688:10): apparmor="STATUS" operation="profile_load" profile="unconfined" name="/usr/lib/cups/backend/cups-pdf" pid=304 comm="apparmor_parser"
[    2.911198] systemd[1]: Finished Load AppArmor profiles.
[    2.912643] systemd[1]: Starting Load AppArmor profiles managed internally by snapd...
[    3.025310] systemd[1]: Finished Load AppArmor profiles managed internally by snapd.
[    3.129241] systemd[1]: Started Journal Service.
[    3.137438] systemd-journald[229]: Received client request to flush runtime journal.
[    3.142542] systemd-journald[229]: File /var/log/journal/c455b248004a419c87ce85eea238d727/system.journal corrupted or uncleanly shut down, renaming and replacing.
[    4.404693] RAPL PMU: API unit is 2^-32 Joules, 0 fixed counters, 10737418240 ms ovfl timer
[    4.466441] cryptd: max_cpu_qlen set to 1000
[    4.548266] AVX2 version of gcm_enc/dec engaged.
[    4.548267] AES CTR mode by8 optimization enabled
[    6.330755] Adding 1998844k swap on /dev/sda1.  Priority:-2 extents:1 across:1998844k FS
[    8.069979] kauditd_printk_skb: 30 callbacks suppressed
[    8.069980] audit: type=1400 audit(1768733765.920:41): apparmor="DENIED" operation="capable" profile="/usr/sbin/cups-browsed" pid=508 comm="cups-browsed" capability=23  capname="sys_nice"
[    8.915242] pcnet32 0000:00:03.0 enp0s3: link up, 100Mbps, full-duplex
[    8.958457] e1000: enp0s8 NIC Link is Up 1000 Mbps Full Duplex, Flow Control: RX
[    8.958732] IPv6: ADDRCONF(NETDEV_CHANGE): enp0s8: link becomes ready
[    8.980067] e1000: enp0s9 NIC Link is Up 1000 Mbps Full Duplex, Flow Control: RX
[    8.980370] IPv6: ADDRCONF(NETDEV_CHANGE): enp0s9: link becomes ready
[    9.593716] device enp0s3 entered promiscuous mode
[    9.630976] audit: type=1400 audit(1768733767.484:42): apparmor="DENIED" operation="open" profile="/usr/sbin/tcpdump" name="/proc/sys/kernel/random/boot_id" pid=659 comm="tcpdump" requested_mask="r" denied_mask="r" fsuid=0 ouid=0
[    9.632814] audit: type=1400 audit(1768733767.484:43): apparmor="DENIED" operation="open" profile="/usr/sbin/tcpdump" name="/proc/sys/kernel/random/boot_id" pid=659 comm="tcpdump" requested_mask="r" denied_mask="r" fsuid=0 ouid=0
[    9.632939] audit: type=1400 audit(1768733767.484:44): apparmor="DENIED" operation="open" profile="/usr/sbin/tcpdump" name="/proc/sys/kernel/random/boot_id" pid=659 comm="tcpdump" requested_mask="r" denied_mask="r" fsuid=0 ouid=0
[    9.633159] audit: type=1400 audit(1768733767.484:45): apparmor="DENIED" operation="open" profile="/usr/sbin/tcpdump" name="/proc/sys/kernel/random/boot_id" pid=659 comm="tcpdump" requested_mask="r" denied_mask="r" fsuid=0 ouid=0
[    9.645588] audit: type=1400 audit(1768733767.500:46): apparmor="DENIED" operation="open" profile="/usr/sbin/tcpdump" name="/proc/sys/kernel/random/boot_id" pid=660 comm="tcpdump" requested_mask="r" denied_mask="r" fsuid=0 ouid=0
[    9.653972] audit: type=1400 audit(1768733767.508:47): apparmor="DENIED" operation="open" profile="/usr/sbin/tcpdump" name="/proc/sys/kernel/random/boot_id" pid=660 comm="tcpdump" requested_mask="r" denied_mask="r" fsuid=0 ouid=0
[    9.654167] audit: type=1400 audit(1768733767.508:48): apparmor="DENIED" operation="open" profile="/usr/sbin/tcpdump" name="/proc/sys/kernel/random/boot_id" pid=660 comm="tcpdump" requested_mask="r" denied_mask="r" fsuid=0 ouid=0
[    9.655098] audit: type=1400 audit(1768733767.508:49): apparmor="DENIED" operation="open" profile="/usr/sbin/tcpdump" name="/proc/sys/kernel/random/boot_id" pid=660 comm="tcpdump" requested_mask="r" denied_mask="r" fsuid=0 ouid=0
[   15.710079] rfkill: input handler disabled
[  197.938688] AAAAA-TCP_FORW: name:enp0s3: saddr:16783984: daddr:100932208
[  198.042513] AAAAA-TCP_FORW: name:enp0s3: saddr:16783984: daddr:100932208
[  198.108942] AAAAA-TCP_FORW: name:enp0s3: saddr:16783984: daddr:100932208
[  198.210665] AAAAA-TCP_FORW: name:enp0s3: saddr:33561200: daddr:100932208
[  198.314485] AAAAA-TCP_FORW: name:enp0s3: saddr:16783984: daddr:100932208
[  198.489686] AAAAA-TCP_FORW: name:enp0s3: saddr:33561200: daddr:100932208
[  198.678194] AAAAA-TCP_FORW: name:enp0s3: saddr:16783984: daddr:100932208
[  198.808625] AAAAA-TCP_FORW: name:enp0s3: saddr:16783984: daddr:100932208
[  198.944126] AAAAA-TCP_FORW: name:enp0s3: saddr:16783984: daddr:100932208
[  199.051345] AAAAA-TCP_FORW: name:enp0s3: saddr:16783984: daddr:100932208
[  199.169389] AAAAA-TCP_FORW: name:enp0s3: saddr:16783984: daddr:100932208
[  199.253931] AAAAA-TCP_FORW: name:enp0s3: saddr:16783984: daddr:100932208
[  199.334232] AAAAA-TCP_FORW: name:enp0s3: saddr:16783984: daddr:100932208
[  199.455985] AAAAA-TCP_FORW: name:enp0s3: saddr:16783984: daddr:100932208
[  199.606547] AAAAA-TCP_FORW: name:enp0s3: saddr:16783984: daddr:100932208
[  199.644569] AAAAA-TCP_FORW: name:enp0s3: saddr:16783984: daddr:100932208
[  199.719218] AAAAA-TCP_FORW: name:enp0s3: saddr:33561200: daddr:100932208
[  199.971912] AAAAA-TCP_FORW: name:enp0s3: saddr:33561200: daddr:100932208
[  200.041449] AAAAA-TCP_FORW: name:enp0s3: saddr:33561200: daddr:100932208
[  200.139744] AAAAA-TCP_FORW: name:enp0s3: saddr:33561200: daddr:100932208
[  200.277290] AAAAA-TCP_FORW: name:enp0s3: saddr:33561200: daddr:100932208
[  200.360414] AAAAA-TCP_FORW: name:enp0s3: saddr:33561200: daddr:100932208
[  200.513627] AAAAA-TCP_FORW: name:enp0s3: saddr:33561200: daddr:100932208
[  200.626988] AAAAA-TCP_FORW: name:enp0s3: saddr:33561200: daddr:100932208
[  200.802415] AAAAA-TCP_FORW: name:enp0s3: saddr:33561200: daddr:100932208
[  200.970339] AAAAA-TCP_FORW: name:enp0s3: saddr:33561200: daddr:100932208
[  201.067984] AAAAA-TCP_FORW: name:enp0s3: saddr:16783984: daddr:100932208
[  201.151660] AAAAA-TCP_FORW: name:enp0s3: saddr:16783984: daddr:100932208
[  229.956673] AAAAA-TCP_FORW: name:enp0s3: saddr:16783984: daddr:100932208
[  230.107433] AAAAA-TCP_FORW: name:enp0s3: saddr:33561200: daddr:100932208
[  230.175680] AAAAA-TCP_FORW: name:enp0s3: saddr:33561200: daddr:100932208
[  230.274376] AAAAA-TCP_FORW: name:enp0s3: saddr:16783984: daddr:100932208
[  230.574649] AAAAA-TCP_FORW: name:enp0s3: saddr:33561200: daddr:100932208
[  230.742477] AAAAA-TCP_FORW: name:enp0s3: saddr:16783984: daddr:100932208
[  231.138029] AAAAA-TCP_FORW: name:enp0s3: saddr:33561200: daddr:100932208
[  231.309114] AAAAA-TCP_FORW: name:enp0s3: saddr:16783984: daddr:100932208
[  231.464332] AAAAA-TCP_FORW: name:enp0s3: saddr:16783984: daddr:100932208
[  231.645697] AAAAA-TCP_FORW: name:enp0s3: saddr:33561200: daddr:100932208
[  231.761039] AAAAA-TCP_FORW: name:enp0s3: saddr:33561200: daddr:100932208
[  231.966734] AAAAA-TCP_FORW: name:enp0s3: saddr:33561200: daddr:100932208
[  233.716747] AAAAA-TCP_FORW: name:enp0s3: saddr:16783984: daddr:100932208
[  233.979010] AAAAA-TCP_FORW: name:enp0s3: saddr:33561200: daddr:100932208
[  234.067820] AAAAA-TCP_FORW: name:enp0s3: saddr:33561200: daddr:100932208
[  234.165977] AAAAA-TCP_FORW: name:enp0s3: saddr:33561200: daddr:100932208
[  234.284724] AAAAA-TCP_FORW: name:enp0s3: saddr:33561200: daddr:100932208
[  234.463367] AAAAA-TCP_FORW: name:enp0s3: saddr:33561200: daddr:100932208
[  234.634013] AAAAA-TCP_FORW: name:enp0s3: saddr:33561200: daddr:100932208
[  234.783877] AAAAA-TCP_FORW: name:enp0s3: saddr:33561200: daddr:100932208
[  235.019760] AAAAA-TCP_FORW: name:enp0s3: saddr:33561200: daddr:100932208
[  235.140228] AAAAA-TCP_FORW: name:enp0s3: saddr:16783984: daddr:100932208
[  235.219915] AAAAA-TCP_FORW: name:enp0s3: saddr:33561200: daddr:100932208
[  235.386330] AAAAA-TCP_FORW: name:enp0s3: saddr:16783984: daddr:100932208
[  235.461833] AAAAA-TCP_FORW: name:enp0s3: saddr:16783984: daddr:100932208
[  235.687750] AAAAA-TCP_FORW: name:enp0s3: saddr:33561200: daddr:100932208
[  235.815980] AAAAA-TCP_FORW: name:enp0s3: saddr:33561200: daddr:100932208
[  235.930733] AAAAA-TCP_FORW: name:enp0s3: saddr:33561200: daddr:100932208
[  236.251693] AAAAA-TCP_FORW: name:enp0s3: saddr:16783984: daddr:100932208
[  236.343691] AAAAA-TCP_FORW: name:enp0s3: saddr:16783984: daddr:100932208
[  236.434243] AAAAA-TCP_FORW: name:enp0s3: saddr:33561200: daddr:100932208
[  236.525211] AAAAA-TCP_FORW: name:enp0s3: saddr:33561200: daddr:100932208
[  236.853256] AAAAA-TCP_FORW: name:enp0s3: saddr:16783984: daddr:100932208
[  236.924777] AAAAA-TCP_FORW: name:enp0s3: saddr:16783984: daddr:100932208
[  236.986218] AAAAA-TCP_FORW: name:enp0s3: saddr:33561200: daddr:100932208
[  237.160744] AAAAA-TCP_FORW: name:enp0s3: saddr:16783984: daddr:100932208
[  271.498241] AAAAA-TCP_FORW: name:enp0s3: saddr:16783984: daddr:100932208
[  271.644962] AAAAA-TCP_FORW: name:enp0s3: saddr:16783984: daddr:100932208
[  271.707151] AAAAA-TCP_FORW: name:enp0s3: saddr:16783984: daddr:100932208
[  271.804686] AAAAA-TCP_FORW: name:enp0s3: saddr:16783984: daddr:100932208
[  271.867425] AAAAA-TCP_FORW: name:enp0s3: saddr:16783984: daddr:100932208
[  271.945844] AAAAA-TCP_FORW: name:enp0s3: saddr:16783984: daddr:100932208
[  272.096990] AAAAA-TCP_FORW: name:enp0s3: saddr:16783984: daddr:100932208
[  272.218553] AAAAA-TCP_FORW: name:enp0s3: saddr:16783984: daddr:100932208
[  272.350619] AAAAA-TCP_FORW: name:enp0s3: saddr:16783984: daddr:100932208
[  272.397967] AAAAA-TCP_FORW: name:enp0s3: saddr:16783984: daddr:100932208
[  272.507484] AAAAA-TCP_FORW: name:enp0s3: saddr:16783984: daddr:100932208
[  272.561161] AAAAA-TCP_FORW: name:enp0s3: saddr:16783984: daddr:100932208
[  272.745753] AAAAA-TCP_FORW: name:enp0s3: saddr:16783984: daddr:100932208
[  272.893503] AAAAA-TCP_FORW: name:enp0s3: saddr:16783984: daddr:100932208
[  272.993580] AAAAA-TCP_FORW: name:enp0s3: saddr:16783984: daddr:100932208
[  273.336745] AAAAA-TCP_FORW: name:enp0s3: saddr:16783984: daddr:100932208
[  273.513552] AAAAA-TCP_FORW: name:enp0s3: saddr:16783984: daddr:100932208
[  273.645762] AAAAA-TCP_FORW: name:enp0s3: saddr:16783984: daddr:100932208
[  273.824932] AAAAA-TCP_FORW: name:enp0s3: saddr:16783984: daddr:100932208
[  273.923721] AAAAA-TCP_FORW: name:enp0s3: saddr:16783984: daddr:100932208
[  274.011919] AAAAA-TCP_FORW: name:enp0s3: saddr:16783984: daddr:100932208
[  274.125026] AAAAA-TCP_FORW: name:enp0s3: saddr:16783984: daddr:100932208
[  274.259952] AAAAA-TCP_FORW: name:enp0s3: saddr:16783984: daddr:100932208
[  274.417899] AAAAA-TCP_FORW: name:enp0s3: saddr:16783984: daddr:100932208
[  274.497846] AAAAA-TCP_FORW: name:enp0s3: saddr:16783984: daddr:100932208
[  274.605045] AAAAA-TCP_FORW: name:enp0s3: saddr:16783984: daddr:100932208
[  274.708414] AAAAA-TCP_FORW: name:enp0s3: saddr:16783984: daddr:100932208
[  275.103051] AAAAA-TCP_FORW: name:enp0s3: saddr:16783984: daddr:100932208
[  275.431294] AAAAA-TCP_FORW: name:enp0s3: saddr:16783984: daddr:100932208
[  275.586186] AAAAA-TCP_FORW: name:enp0s3: saddr:16783984: daddr:100932208
[  275.812135] AAAAA-TCP_FORW: name:enp0s3: saddr:16783984: daddr:100932208
[  276.139683] AAAAA-TCP_FORW: name:enp0s3: saddr:16783984: daddr:100932208
[  276.393437] AAAAA-TCP_FORW: name:enp0s3: saddr:16783984: daddr:100932208
[  276.759591] AAAAA-TCP_FORW: name:enp0s3: saddr:16783984: daddr:100932208
[  277.300317] AAAAA-TCP_FORW: name:enp0s3: saddr:16783984: daddr:100932208
[  277.734579] AAAAA-TCP_FORW: name:enp0s3: saddr:16783984: daddr:100932208
[  278.120654] AAAAA-TCP_FORW: name:enp0s3: saddr:16783984: daddr:100932208
[  279.006325] AAAAA-TCP_FORW: name:enp0s3: saddr:16783984: daddr:100932208
[  279.199758] AAAAA-TCP_FORW: name:enp0s3: saddr:16783984: daddr:100932208
[  541.237264] rfkill: input handler enabled
[  549.587473] rfkill: input handler disabled
[  728.987254] device enp0s3 left promiscuous mode
