[    0.000000] Linux version 5.4.243-mptcp (root@ztg) (gcc version 12.2.0 (Debian 12.2.0-14+deb12u1)) #53 SMP Wed Dec 24 23:28:15 CST 2025
[    0.000000] Command line: BOOT_IMAGE=/boot/vmlinuz-5.4.243-mptcp root=UUID=98415a12-53b7-4144-8265-0f7ece09e445 ro quiet splash
[    0.000000] KERNEL supported cpus:
[    0.000000]   Intel GenuineIntel
[    0.000000]   AMD AuthenticAMD
[    0.000000]   Hygon HygonGenuine
[    0.000000]   Centaur CentaurHauls
[    0.000000]   zhaoxin   Shanghai  
[    0.000000] x86/fpu: Supporting XSAVE feature 0x001: 'x87 floating point registers'
[    0.000000] x86/fpu: Supporting XSAVE feature 0x002: 'SSE registers'
[    0.000000] x86/fpu: Supporting XSAVE feature 0x004: 'AVX registers'
[    0.000000] x86/fpu: xstate_offset[2]:  576, xstate_sizes[2]:  256
[    0.000000] x86/fpu: Enabled xstate features 0x7, context size is 832 bytes, using 'standard' format.
[    0.000000] BIOS-provided physical RAM map:
[    0.000000] BIOS-e820: [mem 0x0000000000000000-0x000000000009fbff] usable
[    0.000000] BIOS-e820: [mem 0x000000000009fc00-0x000000000009ffff] reserved
[    0.000000] BIOS-e820: [mem 0x00000000000f0000-0x00000000000fffff] reserved
[    0.000000] BIOS-e820: [mem 0x0000000000100000-0x000000007ffeffff] usable
[    0.000000] BIOS-e820: [mem 0x000000007fff0000-0x000000007fffffff] ACPI data
[    0.000000] BIOS-e820: [mem 0x00000000fec00000-0x00000000fec00fff] reserved
[    0.000000] BIOS-e820: [mem 0x00000000fee00000-0x00000000fee00fff] reserved
[    0.000000] BIOS-e820: [mem 0x00000000fffc0000-0x00000000ffffffff] reserved
[    0.000000] NX (Execute Disable) protection: active
[    0.000000] SMBIOS 2.5 present.
[    0.000000] DMI: innotek GmbH VirtualBox/VirtualBox, BIOS VirtualBox 12/01/2006
[    0.000000] Hypervisor detected: KVM
[    0.000000] kvm-clock: Using msrs 4b564d01 and 4b564d00
[    0.000000] kvm-clock: cpu 0, msr 43201001, primary cpu clock
[    0.000000] kvm-clock: using sched offset of 4427486444 cycles
[    0.000003] clocksource: kvm-clock: mask: 0xffffffffffffffff max_cycles: 0x1cd42e4dffb, max_idle_ns: 881590591483 ns
[    0.000006] tsc: Detected 2100.000 MHz processor
[    0.002051] e820: update [mem 0x00000000-0x00000fff] usable ==> reserved
[    0.002053] e820: remove [mem 0x000a0000-0x000fffff] usable
[    0.002057] last_pfn = 0x7fff0 max_arch_pfn = 0x400000000
[    0.002126] MTRR default type: uncachable
[    0.002127] MTRR fixed ranges enabled:
[    0.002128]   00000-9FFFF write-back
[    0.002129]   A0000-BFFFF uncachable
[    0.002129]   C0000-FFFFF write-protect
[    0.002130] MTRR variable ranges enabled:
[    0.002132]   0 base 000000000000 mask 3FFF80000000 write-back
[    0.002132]   1 disabled
[    0.002133]   2 disabled
[    0.002133]   3 disabled
[    0.002134]   4 disabled
[    0.002134]   5 disabled
[    0.002134]   6 disabled
[    0.002135]   7 disabled
[    0.002135]   8 disabled
[    0.002136]   9 disabled
[    0.002136]   10 disabled
[    0.002137]   11 disabled
[    0.002137]   12 disabled
[    0.002137]   13 disabled
[    0.002138]   14 disabled
[    0.002138]   15 disabled
[    0.002157] x86/PAT: Configuration [0-7]: WB  WC  UC- UC  WB  WP  UC- WT  
[    0.002314] found SMP MP-table at [mem 0x0009fff0-0x0009ffff]
[    0.114868] check: Scanning 1 areas for low memory corruption
[    0.115083] RAMDISK: [mem 0x32271000-0x3512ffff]
[    0.115093] ACPI: Early table checksum verification disabled
[    0.115100] ACPI: RSDP 0x00000000000E0000 000024 (v02 VBOX  )
[    0.115105] ACPI: XSDT 0x000000007FFF0030 00003C (v01 VBOX   VBOXXSDT 00000001 ASL  00000061)
[    0.115112] ACPI: FACP 0x000000007FFF00F0 0000F4 (v04 VBOX   VBOXFACP 00000001 ASL  00000061)
[    0.115120] ACPI: DSDT 0x000000007FFF02E0 002353 (v02 VBOX   VBOXBIOS 00000002 VBOX 00029BF3)
[    0.115124] ACPI: FACS 0x000000007FFF0200 000040
[    0.115128] ACPI: FACS 0x000000007FFF0200 000040
[    0.115132] ACPI: APIC 0x000000007FFF0240 000054 (v02 VBOX   VBOXAPIC 00000001 ASL  00000061)
[    0.115146] ACPI: SSDT 0x000000007FFF02A0 000038 (v01 VBOX   VBOXCPUT 00000002 VBOX 00029BF3)
[    0.115149] ACPI: Reserving FACP table memory at [mem 0x7fff00f0-0x7fff01e3]
[    0.115150] ACPI: Reserving DSDT table memory at [mem 0x7fff02e0-0x7fff2632]
[    0.115151] ACPI: Reserving FACS table memory at [mem 0x7fff0200-0x7fff023f]
[    0.115152] ACPI: Reserving FACS table memory at [mem 0x7fff0200-0x7fff023f]
[    0.115152] ACPI: Reserving APIC table memory at [mem 0x7fff0240-0x7fff0293]
[    0.115153] ACPI: Reserving SSDT table memory at [mem 0x7fff02a0-0x7fff02d7]
[    0.115170] ACPI: Local APIC address 0xfee00000
[    0.115374] No NUMA configuration found
[    0.115376] Faking a node at [mem 0x0000000000000000-0x000000007ffeffff]
[    0.115386] NODE_DATA(0) allocated [mem 0x7ffc5000-0x7ffeffff]
[    0.115649] Zone ranges:
[    0.115650]   DMA      [mem 0x0000000000001000-0x0000000000ffffff]
[    0.115652]   DMA32    [mem 0x0000000001000000-0x000000007ffeffff]
[    0.115652]   Normal   empty
[    0.115653]   Device   empty
[    0.115654] Movable zone start for each node
[    0.115656] Early memory node ranges
[    0.115657]   node   0: [mem 0x0000000000001000-0x000000000009efff]
[    0.115657]   node   0: [mem 0x0000000000100000-0x000000007ffeffff]
[    0.115661] Zeroed struct page in unavailable ranges: 114 pages
[    0.115662] Initmem setup node 0 [mem 0x0000000000001000-0x000000007ffeffff]
[    0.115664] On node 0 totalpages: 524174
[    0.115665]   DMA zone: 64 pages used for memmap
[    0.115666]   DMA zone: 21 pages reserved
[    0.115667]   DMA zone: 3998 pages, LIFO batch:0
[    0.115740]   DMA32 zone: 8128 pages used for memmap
[    0.115741]   DMA32 zone: 520176 pages, LIFO batch:63
[    0.124860] ACPI: PM-Timer IO Port: 0x4008
[    0.124865] ACPI: Local APIC address 0xfee00000
[    0.124939] IOAPIC[0]: apic_id 1, version 32, address 0xfec00000, GSI 0-23
[    0.124943] ACPI: INT_SRC_OVR (bus 0 bus_irq 0 global_irq 2 dfl dfl)
[    0.124945] ACPI: INT_SRC_OVR (bus 0 bus_irq 9 global_irq 9 low level)
[    0.124948] ACPI: IRQ0 used by override.
[    0.124949] ACPI: IRQ9 used by override.
[    0.124952] Using ACPI (MADT) for SMP configuration information
[    0.124961] smpboot: Allowing 1 CPUs, 0 hotplug CPUs
[    0.124987] PM: Registered nosave memory: [mem 0x00000000-0x00000fff]
[    0.124988] PM: Registered nosave memory: [mem 0x0009f000-0x0009ffff]
[    0.124989] PM: Registered nosave memory: [mem 0x000a0000-0x000effff]
[    0.124989] PM: Registered nosave memory: [mem 0x000f0000-0x000fffff]
[    0.124991] [mem 0x80000000-0xfebfffff] available for PCI devices
[    0.124992] Booting paravirtualized kernel on KVM
[    0.124995] clocksource: refined-jiffies: mask: 0xffffffff max_cycles: 0xffffffff, max_idle_ns: 7645519600211568 ns
[    0.125001] setup_percpu: NR_CPUS:8192 nr_cpumask_bits:1 nr_cpu_ids:1 nr_node_ids:1
[    0.126042] percpu: Embedded 60 pages/cpu s208896 r8192 d28672 u2097152
[    0.126047] pcpu-alloc: s208896 r8192 d28672 u2097152 alloc=1*2097152
[    0.126048] pcpu-alloc: [0] 0 
[    0.126075] Built 1 zonelists, mobility grouping on.  Total pages: 515961
[    0.126075] Policy zone: DMA32
[    0.126077] Kernel command line: BOOT_IMAGE=/boot/vmlinuz-5.4.243-mptcp root=UUID=98415a12-53b7-4144-8265-0f7ece09e445 ro quiet splash
[    0.126941] Dentry cache hash table entries: 262144 (order: 9, 2097152 bytes, linear)
[    0.127090] Inode-cache hash table entries: 131072 (order: 8, 1048576 bytes, linear)
[    0.127156] mem auto-init: stack:off, heap alloc:on, heap free:off
[    0.127159] Calgary: detecting Calgary via BIOS EBDA area
[    0.127160] Calgary: Unable to locate Rio Grande table in EBDA - bailing!
[    0.131507] Memory: 1967332K/2096696K available (14339K kernel code, 2398K rwdata, 4712K rodata, 2728K init, 17260K bss, 129364K reserved, 0K cma-reserved)
[    0.132449] SLUB: HWalign=64, Order=0-3, MinObjects=0, CPUs=1, Nodes=1
[    0.132467] ftrace: allocating 43186 entries in 169 pages
[    0.150718] rcu: Hierarchical RCU implementation.
[    0.150721] rcu: 	RCU restricting CPUs from NR_CPUS=8192 to nr_cpu_ids=1.
[    0.150722] 	Tasks RCU enabled.
[    0.150723] rcu: RCU calculated value of scheduler-enlistment delay is 25 jiffies.
[    0.150724] rcu: Adjusting geometry for rcu_fanout_leaf=16, nr_cpu_ids=1
[    0.153705] NR_IRQS: 524544, nr_irqs: 256, preallocated irqs: 16
[    0.153925] random: crng init done
[    0.163228] Console: colour VGA+ 80x25
[    0.163232] printk: console [tty0] enabled
[    0.163255] ACPI: Core revision 20190816
[    0.163367] APIC: Switch to symmetric I/O mode setup
[    0.163621] x2apic enabled
[    0.163859] Switched APIC routing to physical x2apic.
[    0.164993] ..TIMER: vector=0x30 apic1=0 pin1=2 apic2=-1 pin2=-1
[    0.165021] clocksource: tsc-early: mask: 0xffffffffffffffff max_cycles: 0x1e4530a99b6, max_idle_ns: 440795257976 ns
[    0.165028] Calibrating delay loop (skipped) preset value.. 4200.00 BogoMIPS (lpj=8400000)
[    0.165030] pid_max: default: 32768 minimum: 301
[    0.165060] LSM: Security Framework initializing
[    0.165070] Yama: becoming mindful.
[    0.165097] AppArmor: AppArmor initialized
[    0.165133] Mount-cache hash table entries: 4096 (order: 3, 32768 bytes, linear)
[    0.165139] Mountpoint-cache hash table entries: 4096 (order: 3, 32768 bytes, linear)
[    0.165149] *** VALIDATE tmpfs ***
[    0.165287] *** VALIDATE proc ***
[    0.165333] *** VALIDATE cgroup1 ***
[    0.165334] *** VALIDATE cgroup2 ***
[    0.165482] process: using mwait in idle threads
[    0.165487] Last level iTLB entries: 4KB 64, 2MB 8, 4MB 8
[    0.165488] Last level dTLB entries: 4KB 64, 2MB 0, 4MB 0, 1GB 4
[    0.165509] Spectre V1 : Mitigation: usercopy/swapgs barriers and __user pointer sanitization
[    0.165515] Spectre V2 : Mitigation: Retpolines
[    0.165515] Spectre V2 : Spectre v2 / SpectreRSB mitigation: Filling RSB on context switch
[    0.165516] Spectre V2 : Spectre v2 / SpectreRSB : Filling RSB on VMEXIT
[    0.165517] RETBleed: WARNING: Spectre v2 mitigation leaves CPU vulnerable to RETBleed attacks, data leaks possible!
[    0.165872] RETBleed: Vulnerable
[    0.165873] Speculative Store Bypass: Vulnerable
[    0.165878] TAA: Mitigation: TSX disabled
[    0.165878] MMIO Stale Data: Mitigation: Clear CPU buffers
[    0.170165] Freeing SMP alternatives memory: 40K
[    0.282247] smpboot: CPU0: Intel(R) Xeon(R) Silver 4216 CPU @ 2.10GHz (family: 0x6, model: 0x55, stepping: 0x7)
[    0.282453] Performance Events: unsupported p6 CPU model 85 no PMU driver, software events only.
[    0.282501] rcu: Hierarchical SRCU implementation.
[    0.283135] NMI watchdog: Perf NMI watchdog permanently disabled
[    0.283196] smp: Bringing up secondary CPUs ...
[    0.283198] smp: Brought up 1 node, 1 CPU
[    0.283199] smpboot: Max logical packages: 1
[    0.283201] smpboot: Total of 1 processors activated (4200.00 BogoMIPS)
[    0.284391] devtmpfs: initialized
[    0.284463] x86/mm: Memory block size: 128MB
[    0.284927] clocksource: jiffies: mask: 0xffffffff max_cycles: 0xffffffff, max_idle_ns: 7645041785100000 ns
[    0.284935] futex hash table entries: 256 (order: 2, 16384 bytes, linear)
[    0.284992] pinctrl core: initialized pinctrl subsystem
[    0.285023] PM: RTC time: 20:53:14, date: 2026-01-19
[    0.285023] NET: Registered protocol family 16
[    0.285023] audit: initializing netlink subsys (disabled)
[    0.285023] EISA bus registered
[    0.285023] cpuidle: using governor ladder
[    0.285023] cpuidle: using governor menu
[    0.285023] ACPI: bus type PCI registered
[    0.285023] acpiphp: ACPI Hot Plug PCI Controller Driver version: 0.5
[    0.285023] PCI: Using configuration type 1 for base access
[    0.286372] audit: type=2000 audit(1768827200.933:1): state=initialized audit_enabled=0 res=1
[    0.286459] HugeTLB registered 2.00 MiB page size, pre-allocated 0 pages
[    0.287383] ACPI: Added _OSI(Module Device)
[    0.287384] ACPI: Added _OSI(Processor Device)
[    0.287384] ACPI: Added _OSI(3.0 _SCP Extensions)
[    0.287385] ACPI: Added _OSI(Processor Aggregator Device)
[    0.287386] ACPI: Added _OSI(Linux-Dell-Video)
[    0.287387] ACPI: Added _OSI(Linux-Lenovo-NV-HDMI-Audio)
[    0.287387] ACPI: Added _OSI(Linux-HPI-Hybrid-Graphics)
[    0.289342] ACPI: 2 ACPI AML tables successfully acquired and loaded
[    0.290909] ACPI: Interpreter enabled
[    0.290920] ACPI: (supports S0 S5)
[    0.290921] ACPI: Using IOAPIC for interrupt routing
[    0.291144] PCI: Using host bridge windows from ACPI; if necessary, use "pci=nocrs" and report a bug
[    0.291255] ACPI: Enabled 2 GPEs in block 00 to 07
[    0.296302] ACPI: PCI Root Bridge [PCI0] (domain 0000 [bus 00-ff])
[    0.296307] acpi PNP0A03:00: _OSC: OS supports [ASPM ClockPM Segments MSI HPX-Type3]
[    0.296752] acpi PNP0A03:00: _OSC: not requesting OS control; OS requires [ExtendedConfig ASPM ClockPM MSI]
[    0.296761] acpi PNP0A03:00: fail to add MMCONFIG information, can't access extended PCI configuration space under this bridge.
[    0.297375] PCI host bridge to bus 0000:00
[    0.297378] pci_bus 0000:00: root bus resource [io  0x0000-0x0cf7 window]
[    0.297379] pci_bus 0000:00: root bus resource [io  0x0d00-0xffff window]
[    0.297380] pci_bus 0000:00: root bus resource [mem 0x000a0000-0x000bffff window]
[    0.297381] pci_bus 0000:00: root bus resource [mem 0x80000000-0xfdffffff window]
[    0.297382] pci_bus 0000:00: root bus resource [bus 00-ff]
[    0.297433] pci 0000:00:00.0: [8086:1237] type 00 class 0x060000
[    0.298462] pci 0000:00:01.0: [8086:7000] type 00 class 0x060100
[    0.299341] pci 0000:00:01.1: [8086:7111] type 00 class 0x01018a
[    0.299770] pci 0000:00:01.1: reg 0x20: [io  0xd000-0xd00f]
[    0.299944] pci 0000:00:01.1: legacy IDE quirk: reg 0x10: [io  0x01f0-0x01f7]
[    0.299945] pci 0000:00:01.1: legacy IDE quirk: reg 0x14: [io  0x03f6]
[    0.299946] pci 0000:00:01.1: legacy IDE quirk: reg 0x18: [io  0x0170-0x0177]
[    0.299947] pci 0000:00:01.1: legacy IDE quirk: reg 0x1c: [io  0x0376]
[    0.300514] pci 0000:00:02.0: [15ad:0405] type 00 class 0x030000
[    0.302949] pci 0000:00:02.0: reg 0x10: [io  0xd010-0xd01f]
[    0.306901] pci 0000:00:02.0: reg 0x14: [mem 0xe0000000-0xe7ffffff pref]
[    0.309067] pci 0000:00:02.0: reg 0x18: [mem 0xf0000000-0xf01fffff]
[    0.320368] pci 0000:00:03.0: [1022:2000] type 00 class 0x020000
[    0.321158] pci 0000:00:03.0: reg 0x10: [io  0xd020-0xd03f]
[    0.321816] pci 0000:00:03.0: reg 0x14: [mem 0xf0200000-0xf0200fff]
[    0.325570] pci 0000:00:04.0: [80ee:cafe] type 00 class 0x088000
[    0.326278] pci 0000:00:04.0: reg 0x10: [io  0xd040-0xd05f]
[    0.326904] pci 0000:00:04.0: reg 0x14: [mem 0xf0400000-0xf07fffff]
[    0.327539] pci 0000:00:04.0: reg 0x18: [mem 0xf0800000-0xf0803fff pref]
[    0.331089] pci 0000:00:07.0: [8086:7113] type 00 class 0x068000
[    0.331725] pci 0000:00:07.0: quirk: [io  0x4000-0x403f] claimed by PIIX4 ACPI
[    0.331737] pci 0000:00:07.0: quirk: [io  0x4100-0x410f] claimed by PIIX4 SMB
[    0.333123] pci 0000:00:08.0: [8086:100e] type 00 class 0x020000
[    0.333960] pci 0000:00:08.0: reg 0x10: [mem 0xf0820000-0xf083ffff]
[    0.335215] pci 0000:00:08.0: reg 0x18: [io  0xd060-0xd067]
[    0.338173] pci 0000:00:09.0: [8086:100e] type 00 class 0x020000
[    0.338909] pci 0000:00:09.0: reg 0x10: [mem 0xf0840000-0xf085ffff]
[    0.340093] pci 0000:00:09.0: reg 0x18: [io  0xd068-0xd06f]
[    0.350056] ACPI: PCI Interrupt Link [LNKA] (IRQs 5 9 10 *11)
[    0.350353] ACPI: PCI Interrupt Link [LNKB] (IRQs 5 9 *10 11)
[    0.350465] ACPI: PCI Interrupt Link [LNKC] (IRQs 5 *9 10 11)
[    0.350577] ACPI: PCI Interrupt Link [LNKD] (IRQs 5 9 10 *11)
[    0.350858] iommu: Default domain type: Translated 
[    0.350927] pci 0000:00:02.0: vgaarb: setting as boot VGA device
[    0.350929] pci 0000:00:02.0: vgaarb: VGA device added: decodes=io+mem,owns=io+mem,locks=none
[    0.350931] pci 0000:00:02.0: vgaarb: bridge control possible
[    0.350932] vgaarb: loaded
[    0.351149] SCSI subsystem initialized
[    0.351182] libata version 3.00 loaded.
[    0.351207] ACPI: bus type USB registered
[    0.351223] usbcore: registered new interface driver usbfs
[    0.351229] usbcore: registered new interface driver hub
[    0.351237] usbcore: registered new device driver usb
[    0.353055] pps_core: LinuxPPS API ver. 1 registered
[    0.353055] pps_core: Software ver. 5.3.6 - Copyright 2005-2007 Rodolfo Giometti <giometti@linux.it>
[    0.353057] PTP clock support registered
[    0.353099] EDAC MC: Ver: 3.0.0
[    0.353427] PCI: Using ACPI for IRQ routing
[    0.353428] PCI: pci_cache_line_size set to 64 bytes
[    0.353625] e820: reserve RAM buffer [mem 0x0009fc00-0x0009ffff]
[    0.353629] e820: reserve RAM buffer [mem 0x7fff0000-0x7fffffff]
[    0.354441] NetLabel: Initializing
[    0.354442] NetLabel:  domain hash size = 128
[    0.354442] NetLabel:  protocols = UNLABELED CIPSOv4 CALIPSO
[    0.354463] NetLabel:  unlabeled traffic allowed by default
[    0.355422] clocksource: Switched to clocksource kvm-clock
[    0.367984] *** VALIDATE bpf ***
[    0.368054] VFS: Disk quotas dquot_6.6.0
[    0.368068] VFS: Dquot-cache hash table entries: 512 (order 0, 4096 bytes)
[    0.368092] *** VALIDATE ramfs ***
[    0.368095] *** VALIDATE hugetlbfs ***
[    0.368183] AppArmor: AppArmor Filesystem Enabled
[    0.368214] pnp: PnP ACPI init
[    0.368293] pnp 00:00: Plug and Play ACPI device, IDs PNP0303 (active)
[    0.368389] pnp 00:01: Plug and Play ACPI device, IDs PNP0f03 (active)
[    0.369199] pnp: PnP ACPI: found 2 devices
[    0.370278] thermal_sys: Registered thermal governor 'fair_share'
[    0.370279] thermal_sys: Registered thermal governor 'bang_bang'
[    0.370279] thermal_sys: Registered thermal governor 'step_wise'
[    0.370280] thermal_sys: Registered thermal governor 'user_space'
[    0.370281] thermal_sys: Registered thermal governor 'power_allocator'
[    0.374814] clocksource: acpi_pm: mask: 0xffffff max_cycles: 0xffffff, max_idle_ns: 2085701024 ns
[    0.374856] pci_bus 0000:00: resource 4 [io  0x0000-0x0cf7 window]
[    0.374858] pci_bus 0000:00: resource 5 [io  0x0d00-0xffff window]
[    0.374859] pci_bus 0000:00: resource 6 [mem 0x000a0000-0x000bffff window]
[    0.374860] pci_bus 0000:00: resource 7 [mem 0x80000000-0xfdffffff window]
[    0.374922] NET: Registered protocol family 2
[    0.375001] IP idents hash table entries: 32768 (order: 6, 262144 bytes, linear)
[    0.375317] MPTCP tokens hash table entries: 8192 (order: 4, 65536 bytes, linear)
[    0.375317] MPTCP request tokens hash table entries: 8192 (order: 4, 65536 bytes, linear)
[    0.375317] default registered
[    0.375317] default registered
[    0.375317] MPTCP: Stable release v0.96
[    0.375317] tcp_listen_portaddr_hash hash table entries: 1024 (order: 2, 16384 bytes, linear)
[    0.375317] TCP established hash table entries: 16384 (order: 5, 131072 bytes, linear)
[    0.375317] TCP bind hash table entries: 16384 (order: 6, 262144 bytes, linear)
[    0.375317] TCP: Hash tables configured (established 16384 bind 16384)
[    0.376403] UDP hash table entries: 1024 (order: 3, 32768 bytes, linear)
[    0.376415] UDP-Lite hash table entries: 1024 (order: 3, 32768 bytes, linear)
[    0.376453] NET: Registered protocol family 1
[    0.376462] NET: Registered protocol family 44
[    0.376488] pci 0000:00:00.0: Limiting direct PCI/PCI transfers
[    0.376503] pci 0000:00:01.0: Activating ISA DMA hang workarounds
[    0.376569] pci 0000:00:02.0: Video device with shadowed ROM at [mem 0x000c0000-0x000dffff]
[    0.376643] PCI: CLS 0 bytes, default 64
[    0.376694] Trying to unpack rootfs image as initramfs...
[    0.564085] Freeing initrd memory: 47868K
[    0.564189] clocksource: tsc: mask: 0xffffffffffffffff max_cycles: 0x1e4530a99b6, max_idle_ns: 440795257976 ns
[    0.564200] clocksource: Switched to clocksource tsc
[    0.564242] platform rtc_cmos: registered platform RTC device (no PNP device found)
[    0.564275] check: Scanning for low memory corruption every 60 seconds
[    0.564427] Initialise system trusted keyrings
[    0.564427] Key type blacklist registered
[    0.564427] workingset: timestamp_bits=36 max_order=19 bucket_order=0
[    0.566061] zbud: loaded
[    0.566429] squashfs: version 4.0 (2009/01/31) Phillip Lougher
[    0.566567] fuse: init (API version 7.31)
[    0.566584] *** VALIDATE fuse ***
[    0.566585] *** VALIDATE fuse ***
[    0.566706] Platform Keyring initialized
[    0.569640] Key type asymmetric registered
[    0.569641] Asymmetric key parser 'x509' registered
[    0.569651] Block layer SCSI generic (bsg) driver version 0.4 loaded (major 244)
[    0.569691] io scheduler mq-deadline registered
[    0.569815] shpchp: Standard Hot Plug PCI Controller Driver version: 0.4
[    0.570045] ACPI: AC Adapter [AC] (on-line)
[    0.570091] input: Power Button as /devices/LNXSYSTM:00/LNXPWRBN:00/input/input0
[    0.570121] ACPI: Power Button [PWRF]
[    0.570203] input: Sleep Button as /devices/LNXSYSTM:00/LNXSLPBN:00/input/input1
[    0.570219] ACPI: Sleep Button [SLPF]
[    0.570473] Serial: 8250/16550 driver, 32 ports, IRQ sharing enabled
[    0.571728] Linux agpgart interface v0.103
[    0.667151] loop: module loaded
[    0.667313] ata_piix 0000:00:01.1: version 2.13
[    0.667747] scsi host0: ata_piix
[    0.667841] scsi host1: ata_piix
[    0.667869] ata1: PATA max UDMA/33 cmd 0x1f0 ctl 0x3f6 bmdma 0xd000 irq 14
[    0.667870] ata2: PATA max UDMA/33 cmd 0x170 ctl 0x376 bmdma 0xd008 irq 15
[    0.667956] tun: Universal TUN/TAP device driver, 1.6
[    0.668292] PPP generic driver version 2.4.2
[    0.668338] VFIO - User Level meta-driver version: 0.3
[    0.668595] ehci_hcd: USB 2.0 'Enhanced' Host Controller (EHCI) Driver
[    0.668602] ehci-pci: EHCI PCI platform driver
[    0.668619] ehci-platform: EHCI generic platform driver
[    0.668625] ohci_hcd: USB 1.1 'Open' Host Controller (OHCI) Driver
[    0.668627] ohci-pci: OHCI PCI platform driver
[    0.668634] ohci-platform: OHCI generic platform driver
[    0.668638] uhci_hcd: USB Universal Host Controller Interface driver
[    0.668707] i8042: PNP: PS/2 Controller [PNP0303:PS2K,PNP0f03:PS2M] at 0x60,0x64 irq 1,12
[    0.669153] serio: i8042 KBD port at 0x60,0x64 irq 1
[    0.669158] serio: i8042 AUX port at 0x60,0x64 irq 12
[    0.669249] mousedev: PS/2 mouse device common for all mice
[    0.669569] input: AT Translated Set 2 keyboard as /devices/platform/i8042/serio0/input/input2
[    0.669987] rtc_cmos rtc_cmos: registered as rtc0
[    0.670000] rtc_cmos rtc_cmos: alarms up to one day, 114 bytes nvram
[    0.670006] i2c /dev entries driver
[    0.670053] device-mapper: uevent: version 1.0.3
[    0.670099] device-mapper: ioctl: 4.41.0-ioctl (2019-09-16) initialised: dm-devel@redhat.com
[    0.670116] platform eisa.0: Probing EISA bus 0
[    0.670118] platform eisa.0: EISA: Cannot allocate resource for mainboard
[    0.670119] platform eisa.0: Cannot allocate resource for EISA slot 1
[    0.670120] platform eisa.0: Cannot allocate resource for EISA slot 2
[    0.670121] platform eisa.0: Cannot allocate resource for EISA slot 3
[    0.670122] platform eisa.0: Cannot allocate resource for EISA slot 4
[    0.670123] platform eisa.0: Cannot allocate resource for EISA slot 5
[    0.670124] platform eisa.0: Cannot allocate resource for EISA slot 6
[    0.670125] platform eisa.0: Cannot allocate resource for EISA slot 7
[    0.670126] platform eisa.0: Cannot allocate resource for EISA slot 8
[    0.670127] platform eisa.0: EISA: Detected 0 cards
[    0.670130] intel_pstate: CPU model not supported
[    0.670139] ledtrig-cpu: registered to indicate activity on CPUs
[    0.670197] drop_monitor: Initializing network drop monitor service
[    0.670358] NET: Registered protocol family 10
[    0.675326] Segment Routing with IPv6
[    0.675326] fullmesh registered
[    0.675326] ndiffports registered
[    0.675326] binder registered
[    0.675326] roundrobin registered
[    0.675326] redundant registered
[    0.675326] blest registered
[    0.675326] ecf registered
[    0.675326] NET: Registered protocol family 17
[    0.675326] Key type dns_resolver registered
[    0.675326] RAS: Correctable Errors collector initialized.
[    0.675326] IPI shorthand broadcast: enabled
[    0.675326] sched_clock: Marking stable (660216463, 11109793)->(672963396, -1637140)
[    0.676190] registered taskstats version 1
[    0.676199] Loading compiled-in X.509 certificates
[    0.676793] Loaded X.509 cert 'Build time autogenerated kernel key: 6909f3744cebb3d0de528d5887b96a727de79b1e'
[    0.676814] zswap: loaded using pool lzo/zbud
[    0.676872] Key type ._fscrypt registered
[    0.676872] Key type .fscrypt registered
[    0.681640] Key type big_key registered
[    0.684027] Key type encrypted registered
[    0.684030] AppArmor: AppArmor sha1 policy hashing enabled
[    0.684039] ima: No TPM chip found, activating TPM-bypass!
[    0.684043] ima: Allocated hash algorithm: sha1
[    0.684050] ima: No architecture policies found
[    0.684059] evm: Initialising EVM extended attributes:
[    0.684060] evm: security.selinux
[    0.684060] evm: security.SMACK64
[    0.684060] evm: security.SMACK64EXEC
[    0.684061] evm: security.SMACK64TRANSMUTE
[    0.684061] evm: security.SMACK64MMAP
[    0.684062] evm: security.apparmor
[    0.684063] evm: security.ima
[    0.684063] evm: security.capability
[    0.684064] evm: HMAC attrs: 0x1
[    0.684363] PM:   Magic number: 10:857:902
[    0.684397] acpi PNP0501:02: hash matches
[    0.684478] rtc_cmos rtc_cmos: setting system clock to 2026-01-19T20:53:15 UTC (1768855995)
[    0.838720] ata1.00: ATA-6: VBOX HARDDISK, 1.0, max UDMA/133
[    0.838722] ata1.00: 209715200 sectors, multi 128: LBA 
[    0.839194] scsi 0:0:0:0: Direct-Access     ATA      VBOX HARDDISK    1.0  PQ: 0 ANSI: 5
[    0.839388] sd 0:0:0:0: [sda] 209715200 512-byte logical blocks: (107 GB/100 GiB)
[    0.839396] sd 0:0:0:0: [sda] Write Protect is off
[    0.839398] sd 0:0:0:0: [sda] Mode Sense: 00 3a 00 00
[    0.839409] sd 0:0:0:0: [sda] Write cache: enabled, read cache: enabled, doesn't support DPO or FUA
[    0.839615] sd 0:0:0:0: Attached scsi generic sg0 type 0
[    0.840141]  sda: sda1 sda2
[    0.851285] sd 0:0:0:0: [sda] Attached SCSI disk
[    0.853088] Freeing unused decrypted memory: 2040K
[    0.853788] Freeing unused kernel image memory: 2728K
[    0.853791] Write protecting the kernel read-only data: 22528k
[    0.854453] Freeing unused kernel image memory: 2036K
[    0.854841] Freeing unused kernel image memory: 1432K
[    0.867812] x86/mm: Checked W+X mappings: passed, no W+X pages found.
[    0.867817] Run /init as init process
[    0.980424] ACPI: Video Device [GFX0] (multi-head: yes  rom: no  post: no)
[    0.980505] input: Video Bus as /devices/LNXSYSTM:00/LNXSYBUS:00/PNP0A03:00/LNXVIDEO:00/input/input4
[    0.998195] piix4_smbus 0000:00:07.0: SMBus Host Controller at 0x4100, revision 0
[    1.000894] e1000: Intel(R) PRO/1000 Network Driver - version 7.3.21-k8-NAPI
[    1.000895] e1000: Copyright (c) 1999-2006 Intel Corporation.
[    1.005220] pcnet32: pcnet32.c:v1.35 21.Apr.2008 tsbogend@alpha.franken.de
[    1.009476] pcnet32: PCnet/FAST III 79C973 at 0xd020, 08:00:27:9a:f5:2d assigned IRQ 19
[    1.009534] pcnet32: Found PHY 0022:561b at address 0
[    1.009841] pcnet32: eth0: registered as PCnet/FAST III 79C973
[    1.016820] pcnet32: 1 cards_found
[    1.074340] pcnet32 0000:00:03.0 enp0s3: renamed from eth0
[    1.216667] input: ImExPS/2 Generic Explorer Mouse as /devices/platform/i8042/serio1/input/input5
[    1.424818] e1000 0000:00:08.0 eth0: (PCI:33MHz:32-bit) 08:00:27:02:36:75
[    1.424823] e1000 0000:00:08.0 eth0: Intel(R) PRO/1000 Network Connection
[    1.807877] e1000 0000:00:09.0 eth1: (PCI:33MHz:32-bit) 08:00:27:a7:86:89
[    1.807880] e1000 0000:00:09.0 eth1: Intel(R) PRO/1000 Network Connection
[    1.809051] e1000 0000:00:08.0 enp0s8: renamed from eth0
[    1.810875] e1000 0000:00:09.0 enp0s9: renamed from eth1
[    1.955842] EXT4-fs (sda2): mounted filesystem with ordered data mode. Opts: (null)
[    2.039701] systemd[1]: Inserted module 'autofs4'
[    2.049308] systemd[1]: systemd 245.4-4ubuntu3 running in system mode. (+PAM +AUDIT +SELINUX +IMA +APPARMOR +SMACK +SYSVINIT +UTMP +LIBCRYPTSETUP +GCRYPT +GNUTLS +ACL +XZ +LZ4 +SECCOMP +BLKID +ELFUTILS +KMOD +IDN2 -IDN +PCRE2 default-hierarchy=hybrid)
[    2.049339] systemd[1]: Detected virtualization oracle.
[    2.049342] systemd[1]: Detected architecture x86-64.
[    2.050656] systemd[1]: Set hostname to <ztg>.
[    2.174753] systemd[1]: /lib/systemd/system/dbus.socket:5: ListenStream= references a path below legacy directory /var/run/, updating /var/run/dbus/system_bus_socket â†’ /run/dbus/system_bus_socket; please update the unit file accordingly.
[    2.226616] systemd[1]: Created slice system-modprobe.slice.
[    2.226805] systemd[1]: Created slice User and Session Slice.
[    2.226856] systemd[1]: Started Forward Password Requests to Wall Directory Watch.
[    2.227031] systemd[1]: Set up automount Arbitrary Executable File Formats File System Automount Point.
[    2.227063] systemd[1]: Reached target User and Group Name Lookups.
[    2.227073] systemd[1]: Reached target Remote File Systems.
[    2.227082] systemd[1]: Reached target Slices.
[    2.227626] systemd[1]: Listening on Syslog Socket.
[    2.227695] systemd[1]: Listening on fsck to fsckd communication Socket.
[    2.227733] systemd[1]: Listening on initctl Compatibility Named Pipe.
[    2.227871] systemd[1]: Listening on Journal Audit Socket.
[    2.227925] systemd[1]: Listening on Journal Socket (/dev/log).
[    2.227995] systemd[1]: Listening on Journal Socket.
[    2.228061] systemd[1]: Listening on udev Control Socket.
[    2.228100] systemd[1]: Listening on udev Kernel Socket.
[    2.228863] systemd[1]: Mounting Huge Pages File System...
[    2.229832] systemd[1]: Mounting POSIX Message Queue File System...
[    2.230750] systemd[1]: Mounting Kernel Debug File System...
[    2.231682] systemd[1]: Mounting Kernel Trace File System...
[    2.233646] systemd[1]: Starting Journal Service...
[    2.261383] systemd[1]: Starting Set the console keyboard layout...
[    2.269358] systemd[1]: Starting Create list of static device nodes for the current kernel...
[    2.271437] systemd[1]: Starting Load Kernel Module drm...
[    2.272422] systemd[1]: Condition check resulted in Set Up Additional Binary Formats being skipped.
[    2.272508] systemd[1]: Condition check resulted in File System Check on Root Device being skipped.
[    2.286218] systemd[1]: Starting Load Kernel Modules...
[    2.291726] systemd[1]: Starting Remount Root and Kernel File Systems...
[    2.303180] systemd[1]: Starting udev Coldplug all Devices...
[    2.309879] systemd[1]: Starting Uncomplicated firewall...
[    2.315080] systemd[1]: Mounted Huge Pages File System.
[    2.315170] systemd[1]: Mounted POSIX Message Queue File System.
[    2.315243] systemd[1]: Mounted Kernel Debug File System.
[    2.315337] systemd[1]: Mounted Kernel Trace File System.
[    2.316452] EXT4-fs (sda2): re-mounted. Opts: errors=remount-ro
[    2.353693] systemd[1]: Finished Create list of static device nodes for the current kernel.
[    2.354676] systemd[1]: modprobe@drm.service: Succeeded.
[    2.361601] systemd[1]: Finished Load Kernel Module drm.
[    2.362037] systemd[1]: Finished Remount Root and Kernel File Systems.
[    2.364262] lp: driver loaded but no devices found
[    2.365865] systemd[1]: Finished Uncomplicated firewall.
[    2.380196] systemd[1]: Condition check resulted in Rebuild Hardware Database being skipped.
[    2.380242] systemd[1]: Condition check resulted in Platform Persistent Storage Archival being skipped.
[    2.382333] systemd[1]: Starting Load/Save Random Seed...
[    2.387589] systemd[1]: Starting Create System Users...
[    2.393177] ppdev: user-space parallel port driver
[    2.404225] systemd[1]: Finished Load/Save Random Seed.
[    2.406692] systemd[1]: Finished Create System Users.
[    2.407834] systemd[1]: Starting Create Static Device Nodes in /dev...
[    2.462754] systemd[1]: Finished udev Coldplug all Devices.
[    2.468966] systemd[1]: Finished Create Static Device Nodes in /dev.
[    2.469861] systemd[1]: Starting udev Kernel Device Manager...
[    2.479765] [drm] DMA map mode: Caching DMA mappings.
[    2.479827] [drm] Capabilities:
[    2.479828] [drm]   Rect copy.
[    2.479828] [drm]   Cursor.
[    2.479829] [drm]   Cursor bypass.
[    2.479829] [drm]   Cursor bypass 2.
[    2.479829] [drm]   Alpha cursor.
[    2.479830] [drm]   Extended Fifo.
[    2.479830] [drm]   Pitchlock.
[    2.479830] [drm]   Irq mask.
[    2.479831] [drm]   GMR.
[    2.479831] [drm]   Traces.
[    2.479831] [drm]   GMR2.
[    2.479832] [drm]   Screen Object 2.
[    2.479832] [drm]   Command Buffers.
[    2.479832] [drm]   Command Buffers 2.
[    2.479833] [drm]   Guest Backed Resources.
[    2.479833] [drm] Max GMR ids is 8192
[    2.479834] [drm] Max number of GMR pages is 1048576
[    2.479835] [drm] Max dedicated hypervisor surface memory is 393216 kiB
[    2.479835] [drm] Maximum display memory size is 131072 kiB
[    2.479836] [drm] VRAM at 0xe0000000 size is 131072 kiB
[    2.479836] [drm] MMIO at 0xf0000000 size is 2048 kiB
[    2.480593] [TTM] Zone  kernel: Available graphics memory: 1011738 KiB
[    2.480594] [TTM] Initializing pool allocator
[    2.480598] [TTM] Initializing DMA pool allocator
[    2.480658] [drm] Supports vblank timestamp caching Rev 2 (21.10.2013).
[    2.480659] [drm] No driver support for vblank timestamp query.
[    2.480885] [drm] Screen Target Display device initialized
[    2.481061] [drm] width 720
[    2.481070] [drm] height 400
[    2.481073] [drm] bpp 32
[    2.481608] [drm] Fifo max 0x00200000 min 0x00001000 cap 0x00000355
[    2.482831] [drm] Using command buffers with DMA pool.
[    2.482836] [drm] DX: no.
[    2.482836] [drm] Atomic: yes.
[    2.482837] [drm] SM4_1: no.
[    2.482855] [drm:vmw_host_log [vmwgfx]] *ERROR* Failed to send host log message.
[    2.485133] [drm:vmw_host_log [vmwgfx]] *ERROR* Failed to send host log message.
[    2.510944] fbcon: svgadrmfb (fb0) is primary device
[    2.517017] Console: switching to colour frame buffer device 100x37
[    2.521683] [drm] Initialized vmwgfx 2.15.0 20180704 for 0000:00:02.0 on minor 0
[    2.522755] systemd[1]: Finished Load Kernel Modules.
[    2.523777] systemd[1]: Mounting FUSE Control File System...
[    2.524974] systemd[1]: Mounting Kernel Configuration File System...
[    2.533944] systemd[1]: Starting Apply Kernel Variables...
[    2.559273] systemd[1]: Mounted FUSE Control File System.
[    2.559357] systemd[1]: Condition check resulted in VMware vmblock fuse mount being skipped.
[    2.566009] systemd[1]: Finished Set the console keyboard layout.
[    2.566166] systemd[1]: Mounted Kernel Configuration File System.
[    2.566226] systemd[1]: Reached target Local File Systems (Pre).
[    2.572510] systemd[1]: Mounting Mount unit for bare, revision 5...
[    2.576042] systemd[1]: Mounting Mount unit for core18, revision 1705...
[    2.584573] systemd[1]: Mounting Mount unit for gnome-3-34-1804, revision 24...
[    2.598617] systemd[1]: Mounting Mount unit for gtk-common-themes, revision 1506...
[    2.615952] systemd[1]: Mounting Mount unit for gtk-common-themes, revision 1535...
[    2.625002] systemd[1]: Mounting Mount unit for snap-store, revision 433...
[    2.630861] systemd[1]: Mounting Mount unit for snapd, revision 7264...
[    2.635013] systemd[1]: Finished Apply Kernel Variables.
[    2.642085] systemd[1]: Mounted Mount unit for bare, revision 5.
[    2.661681] systemd[1]: Mounted Mount unit for core18, revision 1705.
[    2.661780] systemd[1]: Mounted Mount unit for gnome-3-34-1804, revision 24.
[    2.669775] systemd[1]: Started udev Kernel Device Manager.
[    2.670573] systemd[1]: Starting Show Plymouth Boot Screen...
[    2.673424] systemd[1]: Mounted Mount unit for gtk-common-themes, revision 1506.
[    2.676303] systemd[1]: Received SIGRTMIN+20 from PID 272 (plymouthd).
[    2.714923] systemd[1]: Started Show Plymouth Boot Screen.
[    2.715080] systemd[1]: Condition check resulted in Dispatch Password Requests to Console Directory Watch being skipped.
[    2.715194] systemd[1]: Started Forward Password Requests to Plymouth Directory Watch.
[    2.715228] systemd[1]: Reached target Local Encrypted Volumes.
[    2.733282] systemd[1]: Mounted Mount unit for gtk-common-themes, revision 1535.
[    2.766414] systemd[1]: Mounted Mount unit for snap-store, revision 433.
[    2.766665] systemd[1]: Mounted Mount unit for snapd, revision 7264.
[    2.766817] systemd[1]: Reached target Local File Systems.
[    2.769231] systemd[1]: Starting Load AppArmor profiles...
[    2.770169] systemd[1]: Starting Set console font and keymap...
[    2.781005] systemd[1]: Starting Tell Plymouth To Write Out Runtime Data...
[    2.785039] systemd[1]: Condition check resulted in Store a System Token in an EFI Variable being skipped.
[    2.785084] systemd[1]: Condition check resulted in Commit a transient machine-id on disk being skipped.
[    2.789081] systemd[1]: Finished Set console font and keymap.
[    2.798683] systemd[1]: Received SIGRTMIN+20 from PID 272 (plymouthd).
[    2.799783] systemd[1]: plymouth-read-write.service: Succeeded.
[    2.800023] systemd[1]: Finished Tell Plymouth To Write Out Runtime Data.
[    2.837696] audit: type=1400 audit(1768855997.648:2): apparmor="STATUS" operation="profile_load" profile="unconfined" name="nvidia_modprobe" pid=299 comm="apparmor_parser"
[    2.837698] audit: type=1400 audit(1768855997.648:3): apparmor="STATUS" operation="profile_load" profile="unconfined" name="nvidia_modprobe//kmod" pid=299 comm="apparmor_parser"
[    2.843756] audit: type=1400 audit(1768855997.656:4): apparmor="STATUS" operation="profile_load" profile="unconfined" name="/usr/sbin/tcpdump" pid=300 comm="apparmor_parser"
[    2.886182] audit: type=1400 audit(1768855997.688:5): apparmor="STATUS" operation="profile_load" profile="unconfined" name="/usr/bin/evince" pid=302 comm="apparmor_parser"
[    2.886185] audit: type=1400 audit(1768855997.688:6): apparmor="STATUS" operation="profile_load" profile="unconfined" name="/usr/bin/evince//sanitized_helper" pid=302 comm="apparmor_parser"
[    2.886187] audit: type=1400 audit(1768855997.688:7): apparmor="STATUS" operation="profile_load" profile="unconfined" name="/usr/bin/evince-previewer" pid=302 comm="apparmor_parser"
[    2.886189] audit: type=1400 audit(1768855997.688:8): apparmor="STATUS" operation="profile_load" profile="unconfined" name="/usr/bin/evince-previewer//sanitized_helper" pid=302 comm="apparmor_parser"
[    2.886190] audit: type=1400 audit(1768855997.688:9): apparmor="STATUS" operation="profile_load" profile="unconfined" name="/usr/bin/evince-thumbnailer" pid=302 comm="apparmor_parser"
[    2.900733] audit: type=1400 audit(1768855997.712:10): apparmor="STATUS" operation="profile_load" profile="unconfined" name="/usr/lib/cups/backend/cups-pdf" pid=303 comm="apparmor_parser"
[    2.967843] systemd[1]: Finished Load AppArmor profiles.
[    2.968822] systemd[1]: Starting Load AppArmor profiles managed internally by snapd...
[    3.045149] systemd[1]: Finished Load AppArmor profiles managed internally by snapd.
[    3.219406] systemd[1]: Started Journal Service.
[    3.228093] systemd-journald[229]: Received client request to flush runtime journal.
[    3.232822] systemd-journald[229]: File /var/log/journal/c455b248004a419c87ce85eea238d727/system.journal corrupted or uncleanly shut down, renaming and replacing.
[    4.551753] RAPL PMU: API unit is 2^-32 Joules, 0 fixed counters, 10737418240 ms ovfl timer
[    4.628600] cryptd: max_cpu_qlen set to 1000
[    4.680833] AVX2 version of gcm_enc/dec engaged.
[    4.680834] AES CTR mode by8 optimization enabled
[    5.513917] Adding 1998844k swap on /dev/sda1.  Priority:-2 extents:1 across:1998844k FS
[    7.337107] kauditd_printk_skb: 30 callbacks suppressed
[    7.337108] audit: type=1400 audit(1768856002.148:41): apparmor="DENIED" operation="capable" profile="/usr/sbin/cups-browsed" pid=496 comm="cups-browsed" capability=23  capname="sys_nice"
[    7.844647] pcnet32 0000:00:03.0 enp0s3: link up, 100Mbps, full-duplex
[    7.879839] e1000: enp0s8 NIC Link is Up 1000 Mbps Full Duplex, Flow Control: RX
[    7.880141] IPv6: ADDRCONF(NETDEV_CHANGE): enp0s8: link becomes ready
[    7.893002] e1000: enp0s9 NIC Link is Up 1000 Mbps Full Duplex, Flow Control: RX
[    7.893302] IPv6: ADDRCONF(NETDEV_CHANGE): enp0s9: link becomes ready
[    8.445105] device enp0s3 entered promiscuous mode
[    8.470167] audit: type=1400 audit(1768856003.280:42): apparmor="DENIED" operation="open" profile="/usr/sbin/tcpdump" name="/proc/sys/kernel/random/boot_id" pid=700 comm="tcpdump" requested_mask="r" denied_mask="r" fsuid=0 ouid=0
[    8.470410] audit: type=1400 audit(1768856003.280:43): apparmor="DENIED" operation="open" profile="/usr/sbin/tcpdump" name="/proc/sys/kernel/random/boot_id" pid=700 comm="tcpdump" requested_mask="r" denied_mask="r" fsuid=0 ouid=0
[    8.470459] audit: type=1400 audit(1768856003.280:44): apparmor="DENIED" operation="open" profile="/usr/sbin/tcpdump" name="/proc/sys/kernel/random/boot_id" pid=700 comm="tcpdump" requested_mask="r" denied_mask="r" fsuid=0 ouid=0
[    8.470552] audit: type=1400 audit(1768856003.280:45): apparmor="DENIED" operation="open" profile="/usr/sbin/tcpdump" name="/proc/sys/kernel/random/boot_id" pid=700 comm="tcpdump" requested_mask="r" denied_mask="r" fsuid=0 ouid=0
[    8.476268] audit: type=1400 audit(1768856003.288:46): apparmor="DENIED" operation="open" profile="/usr/sbin/tcpdump" name="/proc/sys/kernel/random/boot_id" pid=701 comm="tcpdump" requested_mask="r" denied_mask="r" fsuid=0 ouid=0
[    8.476386] audit: type=1400 audit(1768856003.288:47): apparmor="DENIED" operation="open" profile="/usr/sbin/tcpdump" name="/proc/sys/kernel/random/boot_id" pid=701 comm="tcpdump" requested_mask="r" denied_mask="r" fsuid=0 ouid=0
[    8.476495] audit: type=1400 audit(1768856003.288:48): apparmor="DENIED" operation="open" profile="/usr/sbin/tcpdump" name="/proc/sys/kernel/random/boot_id" pid=701 comm="tcpdump" requested_mask="r" denied_mask="r" fsuid=0 ouid=0
[    8.476551] audit: type=1400 audit(1768856003.288:49): apparmor="DENIED" operation="open" profile="/usr/sbin/tcpdump" name="/proc/sys/kernel/random/boot_id" pid=701 comm="tcpdump" requested_mask="r" denied_mask="r" fsuid=0 ouid=0
[   13.165316] rfkill: input handler disabled
[  622.591939] rfkill: input handler enabled
[  631.410988] rfkill: input handler disabled
[  812.566523] device enp0s3 left promiscuous mode
