[    0.000000] Linux version 5.4.243-mptcp (root@ztg) (gcc version 12.2.0 (Debian 12.2.0-14+deb12u1)) #53 SMP Wed Dec 24 23:28:15 CST 2025
[    0.000000] Command line: BOOT_IMAGE=/boot/vmlinuz-5.4.243-mptcp root=UUID=98415a12-53b7-4144-8265-0f7ece09e445 ro quiet splash
[    0.000000] KERNEL supported cpus:
[    0.000000]   Intel GenuineIntel
[    0.000000]   AMD AuthenticAMD
[    0.000000]   Hygon HygonGenuine
[    0.000000]   Centaur CentaurHauls
[    0.000000]   zhaoxin   Shanghai  
[    0.000000] x86/fpu: Supporting XSAVE feature 0x001: 'x87 floating point registers'
[    0.000000] x86/fpu: Supporting XSAVE feature 0x002: 'SSE registers'
[    0.000000] x86/fpu: Supporting XSAVE feature 0x004: 'AVX registers'
[    0.000000] x86/fpu: xstate_offset[2]:  576, xstate_sizes[2]:  256
[    0.000000] x86/fpu: Enabled xstate features 0x7, context size is 832 bytes, using 'standard' format.
[    0.000000] BIOS-provided physical RAM map:
[    0.000000] BIOS-e820: [mem 0x0000000000000000-0x000000000009fbff] usable
[    0.000000] BIOS-e820: [mem 0x000000000009fc00-0x000000000009ffff] reserved
[    0.000000] BIOS-e820: [mem 0x00000000000f0000-0x00000000000fffff] reserved
[    0.000000] BIOS-e820: [mem 0x0000000000100000-0x000000007ffeffff] usable
[    0.000000] BIOS-e820: [mem 0x000000007fff0000-0x000000007fffffff] ACPI data
[    0.000000] BIOS-e820: [mem 0x00000000fec00000-0x00000000fec00fff] reserved
[    0.000000] BIOS-e820: [mem 0x00000000fee00000-0x00000000fee00fff] reserved
[    0.000000] BIOS-e820: [mem 0x00000000fffc0000-0x00000000ffffffff] reserved
[    0.000000] NX (Execute Disable) protection: active
[    0.000000] SMBIOS 2.5 present.
[    0.000000] DMI: innotek GmbH VirtualBox/VirtualBox, BIOS VirtualBox 12/01/2006
[    0.000000] Hypervisor detected: KVM
[    0.000000] kvm-clock: Using msrs 4b564d01 and 4b564d00
[    0.000000] kvm-clock: cpu 0, msr 73801001, primary cpu clock
[    0.000000] kvm-clock: using sched offset of 4443214743 cycles
[    0.000003] clocksource: kvm-clock: mask: 0xffffffffffffffff max_cycles: 0x1cd42e4dffb, max_idle_ns: 881590591483 ns
[    0.000006] tsc: Detected 2100.000 MHz processor
[    0.001881] e820: update [mem 0x00000000-0x00000fff] usable ==> reserved
[    0.001883] e820: remove [mem 0x000a0000-0x000fffff] usable
[    0.001888] last_pfn = 0x7fff0 max_arch_pfn = 0x400000000
[    0.001955] MTRR default type: uncachable
[    0.001955] MTRR fixed ranges enabled:
[    0.001957]   00000-9FFFF write-back
[    0.001957]   A0000-BFFFF uncachable
[    0.001958]   C0000-FFFFF write-protect
[    0.001959] MTRR variable ranges enabled:
[    0.001960]   0 base 000000000000 mask 3FFF80000000 write-back
[    0.001961]   1 disabled
[    0.001961]   2 disabled
[    0.001962]   3 disabled
[    0.001962]   4 disabled
[    0.001962]   5 disabled
[    0.001963]   6 disabled
[    0.001963]   7 disabled
[    0.001964]   8 disabled
[    0.001964]   9 disabled
[    0.001965]   10 disabled
[    0.001965]   11 disabled
[    0.001965]   12 disabled
[    0.001966]   13 disabled
[    0.001966]   14 disabled
[    0.001967]   15 disabled
[    0.001983] x86/PAT: Configuration [0-7]: WB  WC  UC- UC  WB  WP  UC- WT  
[    0.002115] found SMP MP-table at [mem 0x0009fff0-0x0009ffff]
[    0.091772] check: Scanning 1 areas for low memory corruption
[    0.092008] RAMDISK: [mem 0x32271000-0x3512ffff]
[    0.092016] ACPI: Early table checksum verification disabled
[    0.092021] ACPI: RSDP 0x00000000000E0000 000024 (v02 VBOX  )
[    0.092025] ACPI: XSDT 0x000000007FFF0030 00003C (v01 VBOX   VBOXXSDT 00000001 ASL  00000061)
[    0.092031] ACPI: FACP 0x000000007FFF00F0 0000F4 (v04 VBOX   VBOXFACP 00000001 ASL  00000061)
[    0.092038] ACPI: DSDT 0x000000007FFF02E0 002353 (v02 VBOX   VBOXBIOS 00000002 VBOX 00029BF3)
[    0.092042] ACPI: FACS 0x000000007FFF0200 000040
[    0.092045] ACPI: FACS 0x000000007FFF0200 000040
[    0.092048] ACPI: APIC 0x000000007FFF0240 000054 (v02 VBOX   VBOXAPIC 00000001 ASL  00000061)
[    0.092052] ACPI: SSDT 0x000000007FFF02A0 000038 (v01 VBOX   VBOXCPUT 00000002 VBOX 00029BF3)
[    0.092055] ACPI: Reserving FACP table memory at [mem 0x7fff00f0-0x7fff01e3]
[    0.092056] ACPI: Reserving DSDT table memory at [mem 0x7fff02e0-0x7fff2632]
[    0.092057] ACPI: Reserving FACS table memory at [mem 0x7fff0200-0x7fff023f]
[    0.092058] ACPI: Reserving FACS table memory at [mem 0x7fff0200-0x7fff023f]
[    0.092058] ACPI: Reserving APIC table memory at [mem 0x7fff0240-0x7fff0293]
[    0.092059] ACPI: Reserving SSDT table memory at [mem 0x7fff02a0-0x7fff02d7]
[    0.092074] ACPI: Local APIC address 0xfee00000
[    0.092262] No NUMA configuration found
[    0.092264] Faking a node at [mem 0x0000000000000000-0x000000007ffeffff]
[    0.092274] NODE_DATA(0) allocated [mem 0x7ffc5000-0x7ffeffff]
[    0.092535] Zone ranges:
[    0.092536]   DMA      [mem 0x0000000000001000-0x0000000000ffffff]
[    0.092537]   DMA32    [mem 0x0000000001000000-0x000000007ffeffff]
[    0.092538]   Normal   empty
[    0.092538]   Device   empty
[    0.092539] Movable zone start for each node
[    0.092541] Early memory node ranges
[    0.092542]   node   0: [mem 0x0000000000001000-0x000000000009efff]
[    0.092543]   node   0: [mem 0x0000000000100000-0x000000007ffeffff]
[    0.092546] Zeroed struct page in unavailable ranges: 114 pages
[    0.092547] Initmem setup node 0 [mem 0x0000000000001000-0x000000007ffeffff]
[    0.092548] On node 0 totalpages: 524174
[    0.092549]   DMA zone: 64 pages used for memmap
[    0.092550]   DMA zone: 21 pages reserved
[    0.092551]   DMA zone: 3998 pages, LIFO batch:0
[    0.092622]   DMA32 zone: 8128 pages used for memmap
[    0.092623]   DMA32 zone: 520176 pages, LIFO batch:63
[    0.101530] ACPI: PM-Timer IO Port: 0x4008
[    0.101533] ACPI: Local APIC address 0xfee00000
[    0.101603] IOAPIC[0]: apic_id 1, version 32, address 0xfec00000, GSI 0-23
[    0.101607] ACPI: INT_SRC_OVR (bus 0 bus_irq 0 global_irq 2 dfl dfl)
[    0.101608] ACPI: INT_SRC_OVR (bus 0 bus_irq 9 global_irq 9 low level)
[    0.101610] ACPI: IRQ0 used by override.
[    0.101611] ACPI: IRQ9 used by override.
[    0.101614] Using ACPI (MADT) for SMP configuration information
[    0.101621] smpboot: Allowing 1 CPUs, 0 hotplug CPUs
[    0.101643] PM: Registered nosave memory: [mem 0x00000000-0x00000fff]
[    0.101644] PM: Registered nosave memory: [mem 0x0009f000-0x0009ffff]
[    0.101645] PM: Registered nosave memory: [mem 0x000a0000-0x000effff]
[    0.101645] PM: Registered nosave memory: [mem 0x000f0000-0x000fffff]
[    0.101647] [mem 0x80000000-0xfebfffff] available for PCI devices
[    0.101648] Booting paravirtualized kernel on KVM
[    0.101651] clocksource: refined-jiffies: mask: 0xffffffff max_cycles: 0xffffffff, max_idle_ns: 7645519600211568 ns
[    0.101655] setup_percpu: NR_CPUS:8192 nr_cpumask_bits:1 nr_cpu_ids:1 nr_node_ids:1
[    0.102673] percpu: Embedded 60 pages/cpu s208896 r8192 d28672 u2097152
[    0.102678] pcpu-alloc: s208896 r8192 d28672 u2097152 alloc=1*2097152
[    0.102679] pcpu-alloc: [0] 0 
[    0.102705] Built 1 zonelists, mobility grouping on.  Total pages: 515961
[    0.102706] Policy zone: DMA32
[    0.102707] Kernel command line: BOOT_IMAGE=/boot/vmlinuz-5.4.243-mptcp root=UUID=98415a12-53b7-4144-8265-0f7ece09e445 ro quiet splash
[    0.103549] Dentry cache hash table entries: 262144 (order: 9, 2097152 bytes, linear)
[    0.103696] Inode-cache hash table entries: 131072 (order: 8, 1048576 bytes, linear)
[    0.103748] mem auto-init: stack:off, heap alloc:on, heap free:off
[    0.103751] Calgary: detecting Calgary via BIOS EBDA area
[    0.103752] Calgary: Unable to locate Rio Grande table in EBDA - bailing!
[    0.107882] Memory: 1967332K/2096696K available (14339K kernel code, 2398K rwdata, 4712K rodata, 2728K init, 17260K bss, 129364K reserved, 0K cma-reserved)
[    0.108809] SLUB: HWalign=64, Order=0-3, MinObjects=0, CPUs=1, Nodes=1
[    0.108825] ftrace: allocating 43186 entries in 169 pages
[    0.126905] rcu: Hierarchical RCU implementation.
[    0.126907] rcu: 	RCU restricting CPUs from NR_CPUS=8192 to nr_cpu_ids=1.
[    0.126908] 	Tasks RCU enabled.
[    0.126909] rcu: RCU calculated value of scheduler-enlistment delay is 25 jiffies.
[    0.126910] rcu: Adjusting geometry for rcu_fanout_leaf=16, nr_cpu_ids=1
[    0.129875] NR_IRQS: 524544, nr_irqs: 256, preallocated irqs: 16
[    0.130088] random: crng init done
[    0.139374] Console: colour VGA+ 80x25
[    0.139379] printk: console [tty0] enabled
[    0.139399] ACPI: Core revision 20190816
[    0.139495] APIC: Switch to symmetric I/O mode setup
[    0.139742] x2apic enabled
[    0.139980] Switched APIC routing to physical x2apic.
[    0.141113] ..TIMER: vector=0x30 apic1=0 pin1=2 apic2=-1 pin2=-1
[    0.141137] clocksource: tsc-early: mask: 0xffffffffffffffff max_cycles: 0x1e4530a99b6, max_idle_ns: 440795257976 ns
[    0.141142] Calibrating delay loop (skipped) preset value.. 4200.00 BogoMIPS (lpj=8400000)
[    0.141144] pid_max: default: 32768 minimum: 301
[    0.141172] LSM: Security Framework initializing
[    0.141182] Yama: becoming mindful.
[    0.141208] AppArmor: AppArmor initialized
[    0.141241] Mount-cache hash table entries: 4096 (order: 3, 32768 bytes, linear)
[    0.141246] Mountpoint-cache hash table entries: 4096 (order: 3, 32768 bytes, linear)
[    0.141257] *** VALIDATE tmpfs ***
[    0.141390] *** VALIDATE proc ***
[    0.141431] *** VALIDATE cgroup1 ***
[    0.141432] *** VALIDATE cgroup2 ***
[    0.141572] process: using mwait in idle threads
[    0.141577] Last level iTLB entries: 4KB 64, 2MB 8, 4MB 8
[    0.141577] Last level dTLB entries: 4KB 64, 2MB 0, 4MB 0, 1GB 4
[    0.141599] Spectre V1 : Mitigation: usercopy/swapgs barriers and __user pointer sanitization
[    0.141604] Spectre V2 : Mitigation: Retpolines
[    0.141605] Spectre V2 : Spectre v2 / SpectreRSB mitigation: Filling RSB on context switch
[    0.141606] Spectre V2 : Spectre v2 / SpectreRSB : Filling RSB on VMEXIT
[    0.141606] RETBleed: WARNING: Spectre v2 mitigation leaves CPU vulnerable to RETBleed attacks, data leaks possible!
[    0.141956] RETBleed: Vulnerable
[    0.141956] Speculative Store Bypass: Vulnerable
[    0.141961] TAA: Mitigation: TSX disabled
[    0.141961] MMIO Stale Data: Mitigation: Clear CPU buffers
[    0.146176] Freeing SMP alternatives memory: 40K
[    0.258297] smpboot: CPU0: Intel(R) Xeon(R) Silver 4216 CPU @ 2.10GHz (family: 0x6, model: 0x55, stepping: 0x7)
[    0.258425] Performance Events: unsupported p6 CPU model 85 no PMU driver, software events only.
[    0.258461] rcu: Hierarchical SRCU implementation.
[    0.258938] NMI watchdog: Perf NMI watchdog permanently disabled
[    0.258976] smp: Bringing up secondary CPUs ...
[    0.258977] smp: Brought up 1 node, 1 CPU
[    0.258978] smpboot: Max logical packages: 1
[    0.258979] smpboot: Total of 1 processors activated (4200.00 BogoMIPS)
[    0.259942] devtmpfs: initialized
[    0.259988] x86/mm: Memory block size: 128MB
[    0.260336] clocksource: jiffies: mask: 0xffffffff max_cycles: 0xffffffff, max_idle_ns: 7645041785100000 ns
[    0.260342] futex hash table entries: 256 (order: 2, 16384 bytes, linear)
[    0.260384] pinctrl core: initialized pinctrl subsystem
[    0.260485] PM: RTC time: 20:52:17, date: 2026-01-19
[    0.260593] NET: Registered protocol family 16
[    0.260667] audit: initializing netlink subsys (disabled)
[    0.260792] EISA bus registered
[    0.260793] cpuidle: using governor ladder
[    0.260794] cpuidle: using governor menu
[    0.260830] ACPI: bus type PCI registered
[    0.260832] acpiphp: ACPI Hot Plug PCI Controller Driver version: 0.5
[    0.260934] PCI: Using configuration type 1 for base access
[    0.261441] audit: type=2000 audit(1768827143.655:1): state=initialized audit_enabled=0 res=1
[    0.261521] HugeTLB registered 2.00 MiB page size, pre-allocated 0 pages
[    0.262336] ACPI: Added _OSI(Module Device)
[    0.262336] ACPI: Added _OSI(Processor Device)
[    0.262337] ACPI: Added _OSI(3.0 _SCP Extensions)
[    0.262338] ACPI: Added _OSI(Processor Aggregator Device)
[    0.262339] ACPI: Added _OSI(Linux-Dell-Video)
[    0.262340] ACPI: Added _OSI(Linux-Lenovo-NV-HDMI-Audio)
[    0.262340] ACPI: Added _OSI(Linux-HPI-Hybrid-Graphics)
[    0.264288] ACPI: 2 ACPI AML tables successfully acquired and loaded
[    0.265833] ACPI: Interpreter enabled
[    0.265843] ACPI: (supports S0 S5)
[    0.265844] ACPI: Using IOAPIC for interrupt routing
[    0.266053] PCI: Using host bridge windows from ACPI; if necessary, use "pci=nocrs" and report a bug
[    0.266160] ACPI: Enabled 2 GPEs in block 00 to 07
[    0.271255] ACPI: PCI Root Bridge [PCI0] (domain 0000 [bus 00-ff])
[    0.271260] acpi PNP0A03:00: _OSC: OS supports [ASPM ClockPM Segments MSI HPX-Type3]
[    0.271708] acpi PNP0A03:00: _OSC: not requesting OS control; OS requires [ExtendedConfig ASPM ClockPM MSI]
[    0.271716] acpi PNP0A03:00: fail to add MMCONFIG information, can't access extended PCI configuration space under this bridge.
[    0.272094] PCI host bridge to bus 0000:00
[    0.272097] pci_bus 0000:00: root bus resource [io  0x0000-0x0cf7 window]
[    0.272098] pci_bus 0000:00: root bus resource [io  0x0d00-0xffff window]
[    0.272099] pci_bus 0000:00: root bus resource [mem 0x000a0000-0x000bffff window]
[    0.272100] pci_bus 0000:00: root bus resource [mem 0x80000000-0xfdffffff window]
[    0.272101] pci_bus 0000:00: root bus resource [bus 00-ff]
[    0.272142] pci 0000:00:00.0: [8086:1237] type 00 class 0x060000
[    0.273099] pci 0000:00:01.0: [8086:7000] type 00 class 0x060100
[    0.273904] pci 0000:00:01.1: [8086:7111] type 00 class 0x01018a
[    0.274273] pci 0000:00:01.1: reg 0x20: [io  0xd000-0xd00f]
[    0.274425] pci 0000:00:01.1: legacy IDE quirk: reg 0x10: [io  0x01f0-0x01f7]
[    0.274426] pci 0000:00:01.1: legacy IDE quirk: reg 0x14: [io  0x03f6]
[    0.274427] pci 0000:00:01.1: legacy IDE quirk: reg 0x18: [io  0x0170-0x0177]
[    0.274428] pci 0000:00:01.1: legacy IDE quirk: reg 0x1c: [io  0x0376]
[    0.274966] pci 0000:00:02.0: [15ad:0405] type 00 class 0x030000
[    0.277214] pci 0000:00:02.0: reg 0x10: [io  0xd010-0xd01f]
[    0.281183] pci 0000:00:02.0: reg 0x14: [mem 0xe0000000-0xe7ffffff pref]
[    0.283796] pci 0000:00:02.0: reg 0x18: [mem 0xf0000000-0xf01fffff]
[    0.293930] pci 0000:00:03.0: [1022:2000] type 00 class 0x020000
[    0.294660] pci 0000:00:03.0: reg 0x10: [io  0xd020-0xd03f]
[    0.295298] pci 0000:00:03.0: reg 0x14: [mem 0xf0200000-0xf0200fff]
[    0.299696] pci 0000:00:04.0: [80ee:cafe] type 00 class 0x088000
[    0.300375] pci 0000:00:04.0: reg 0x10: [io  0xd040-0xd05f]
[    0.301003] pci 0000:00:04.0: reg 0x14: [mem 0xf0400000-0xf07fffff]
[    0.301258] pci 0000:00:04.0: reg 0x18: [mem 0xf0800000-0xf0803fff pref]
[    0.305182] pci 0000:00:07.0: [8086:7113] type 00 class 0x068000
[    0.305726] pci 0000:00:07.0: quirk: [io  0x4000-0x403f] claimed by PIIX4 ACPI
[    0.305739] pci 0000:00:07.0: quirk: [io  0x4100-0x410f] claimed by PIIX4 SMB
[    0.306325] pci 0000:00:08.0: [1022:2000] type 00 class 0x020000
[    0.306998] pci 0000:00:08.0: reg 0x10: [io  0xd060-0xd07f]
[    0.307609] pci 0000:00:08.0: reg 0x14: [mem 0xf0804000-0xf0804fff]
[    0.311087] pci 0000:00:09.0: [8086:100e] type 00 class 0x020000
[    0.311794] pci 0000:00:09.0: reg 0x10: [mem 0xf0820000-0xf083ffff]
[    0.313250] pci 0000:00:09.0: reg 0x18: [io  0xd080-0xd087]
[    0.322167] ACPI: PCI Interrupt Link [LNKA] (IRQs 5 9 10 *11)
[    0.322453] ACPI: PCI Interrupt Link [LNKB] (IRQs 5 9 *10 11)
[    0.322563] ACPI: PCI Interrupt Link [LNKC] (IRQs 5 *9 10 11)
[    0.322664] ACPI: PCI Interrupt Link [LNKD] (IRQs 5 9 10 *11)
[    0.322922] iommu: Default domain type: Translated 
[    0.322986] pci 0000:00:02.0: vgaarb: setting as boot VGA device
[    0.322988] pci 0000:00:02.0: vgaarb: VGA device added: decodes=io+mem,owns=io+mem,locks=none
[    0.325142] pci 0000:00:02.0: vgaarb: bridge control possible
[    0.325142] vgaarb: loaded
[    0.325352] SCSI subsystem initialized
[    0.325395] libata version 3.00 loaded.
[    0.325420] ACPI: bus type USB registered
[    0.325437] usbcore: registered new interface driver usbfs
[    0.325442] usbcore: registered new interface driver hub
[    0.325448] usbcore: registered new device driver usb
[    0.325476] pps_core: LinuxPPS API ver. 1 registered
[    0.325476] pps_core: Software ver. 5.3.6 - Copyright 2005-2007 Rodolfo Giometti <giometti@linux.it>
[    0.325479] PTP clock support registered
[    0.325514] EDAC MC: Ver: 3.0.0
[    0.325802] PCI: Using ACPI for IRQ routing
[    0.325803] PCI: pci_cache_line_size set to 64 bytes
[    0.325978] e820: reserve RAM buffer [mem 0x0009fc00-0x0009ffff]
[    0.325982] e820: reserve RAM buffer [mem 0x7fff0000-0x7fffffff]
[    0.326791] NetLabel: Initializing
[    0.326792] NetLabel:  domain hash size = 128
[    0.326792] NetLabel:  protocols = UNLABELED CIPSOv4 CALIPSO
[    0.326811] NetLabel:  unlabeled traffic allowed by default
[    0.327715] clocksource: Switched to clocksource kvm-clock
[    0.339632] *** VALIDATE bpf ***
[    0.339696] VFS: Disk quotas dquot_6.6.0
[    0.339708] VFS: Dquot-cache hash table entries: 512 (order 0, 4096 bytes)
[    0.339731] *** VALIDATE ramfs ***
[    0.339734] *** VALIDATE hugetlbfs ***
[    0.339814] AppArmor: AppArmor Filesystem Enabled
[    0.339841] pnp: PnP ACPI init
[    0.339914] pnp 00:00: Plug and Play ACPI device, IDs PNP0303 (active)
[    0.339984] pnp 00:01: Plug and Play ACPI device, IDs PNP0f03 (active)
[    0.340733] pnp: PnP ACPI: found 2 devices
[    0.341692] thermal_sys: Registered thermal governor 'fair_share'
[    0.341693] thermal_sys: Registered thermal governor 'bang_bang'
[    0.341693] thermal_sys: Registered thermal governor 'step_wise'
[    0.341694] thermal_sys: Registered thermal governor 'user_space'
[    0.341694] thermal_sys: Registered thermal governor 'power_allocator'
[    0.346205] clocksource: acpi_pm: mask: 0xffffff max_cycles: 0xffffff, max_idle_ns: 2085701024 ns
[    0.346246] pci_bus 0000:00: resource 4 [io  0x0000-0x0cf7 window]
[    0.346247] pci_bus 0000:00: resource 5 [io  0x0d00-0xffff window]
[    0.346249] pci_bus 0000:00: resource 6 [mem 0x000a0000-0x000bffff window]
[    0.346250] pci_bus 0000:00: resource 7 [mem 0x80000000-0xfdffffff window]
[    0.346309] NET: Registered protocol family 2
[    0.346384] IP idents hash table entries: 32768 (order: 6, 262144 bytes, linear)
[    0.346787] MPTCP tokens hash table entries: 8192 (order: 4, 65536 bytes, linear)
[    0.346815] MPTCP request tokens hash table entries: 8192 (order: 4, 65536 bytes, linear)
[    0.346840] default registered
[    0.346841] default registered
[    0.346841] MPTCP: Stable release v0.96
[    0.346847] tcp_listen_portaddr_hash hash table entries: 1024 (order: 2, 16384 bytes, linear)
[    0.346926] TCP established hash table entries: 16384 (order: 5, 131072 bytes, linear)
[    0.346991] TCP bind hash table entries: 16384 (order: 6, 262144 bytes, linear)
[    0.347017] TCP: Hash tables configured (established 16384 bind 16384)
[    0.347735] UDP hash table entries: 1024 (order: 3, 32768 bytes, linear)
[    0.347746] UDP-Lite hash table entries: 1024 (order: 3, 32768 bytes, linear)
[    0.347782] NET: Registered protocol family 1
[    0.347790] NET: Registered protocol family 44
[    0.347812] pci 0000:00:00.0: Limiting direct PCI/PCI transfers
[    0.347825] pci 0000:00:01.0: Activating ISA DMA hang workarounds
[    0.347882] pci 0000:00:02.0: Video device with shadowed ROM at [mem 0x000c0000-0x000dffff]
[    0.347946] PCI: CLS 0 bytes, default 64
[    0.347994] Trying to unpack rootfs image as initramfs...
[    0.516032] Freeing initrd memory: 47868K
[    0.516032] clocksource: tsc: mask: 0xffffffffffffffff max_cycles: 0x1e4530a99b6, max_idle_ns: 440795257976 ns
[    0.516032] clocksource: Switched to clocksource tsc
[    0.516032] platform rtc_cmos: registered platform RTC device (no PNP device found)
[    0.516032] check: Scanning for low memory corruption every 60 seconds
[    0.516032] Initialise system trusted keyrings
[    0.516032] Key type blacklist registered
[    0.516032] workingset: timestamp_bits=36 max_order=19 bucket_order=0
[    0.516032] zbud: loaded
[    0.516032] squashfs: version 4.0 (2009/01/31) Phillip Lougher
[    0.516032] fuse: init (API version 7.31)
[    0.516032] *** VALIDATE fuse ***
[    0.516032] *** VALIDATE fuse ***
[    0.516032] Platform Keyring initialized
[    0.516032] Key type asymmetric registered
[    0.516032] Asymmetric key parser 'x509' registered
[    0.516032] Block layer SCSI generic (bsg) driver version 0.4 loaded (major 244)
[    0.516032] io scheduler mq-deadline registered
[    0.529698] shpchp: Standard Hot Plug PCI Controller Driver version: 0.4
[    0.529907] ACPI: AC Adapter [AC] (on-line)
[    0.529951] input: Power Button as /devices/LNXSYSTM:00/LNXPWRBN:00/input/input0
[    0.529979] ACPI: Power Button [PWRF]
[    0.530058] input: Sleep Button as /devices/LNXSYSTM:00/LNXSLPBN:00/input/input1
[    0.530072] ACPI: Sleep Button [SLPF]
[    0.530304] Serial: 8250/16550 driver, 32 ports, IRQ sharing enabled
[    0.531479] Linux agpgart interface v0.103
[    0.627090] loop: module loaded
[    0.627235] ata_piix 0000:00:01.1: version 2.13
[    0.627637] scsi host0: ata_piix
[    0.627728] scsi host1: ata_piix
[    0.627754] ata1: PATA max UDMA/33 cmd 0x1f0 ctl 0x3f6 bmdma 0xd000 irq 14
[    0.627755] ata2: PATA max UDMA/33 cmd 0x170 ctl 0x376 bmdma 0xd008 irq 15
[    0.627840] tun: Universal TUN/TAP device driver, 1.6
[    0.628148] PPP generic driver version 2.4.2
[    0.628190] VFIO - User Level meta-driver version: 0.3
[    0.628423] ehci_hcd: USB 2.0 'Enhanced' Host Controller (EHCI) Driver
[    0.628427] ehci-pci: EHCI PCI platform driver
[    0.628441] ehci-platform: EHCI generic platform driver
[    0.628447] ohci_hcd: USB 1.1 'Open' Host Controller (OHCI) Driver
[    0.628449] ohci-pci: OHCI PCI platform driver
[    0.628455] ohci-platform: OHCI generic platform driver
[    0.628460] uhci_hcd: USB Universal Host Controller Interface driver
[    0.628524] i8042: PNP: PS/2 Controller [PNP0303:PS2K,PNP0f03:PS2M] at 0x60,0x64 irq 1,12
[    0.628966] serio: i8042 KBD port at 0x60,0x64 irq 1
[    0.628969] serio: i8042 AUX port at 0x60,0x64 irq 12
[    0.629054] mousedev: PS/2 mouse device common for all mice
[    0.629309] input: AT Translated Set 2 keyboard as /devices/platform/i8042/serio0/input/input2
[    0.629707] rtc_cmos rtc_cmos: registered as rtc0
[    0.629720] rtc_cmos rtc_cmos: alarms up to one day, 114 bytes nvram
[    0.629725] i2c /dev entries driver
[    0.629769] device-mapper: uevent: version 1.0.3
[    0.629811] device-mapper: ioctl: 4.41.0-ioctl (2019-09-16) initialised: dm-devel@redhat.com
[    0.629827] platform eisa.0: Probing EISA bus 0
[    0.629829] platform eisa.0: EISA: Cannot allocate resource for mainboard
[    0.629830] platform eisa.0: Cannot allocate resource for EISA slot 1
[    0.629831] platform eisa.0: Cannot allocate resource for EISA slot 2
[    0.629832] platform eisa.0: Cannot allocate resource for EISA slot 3
[    0.629833] platform eisa.0: Cannot allocate resource for EISA slot 4
[    0.629834] platform eisa.0: Cannot allocate resource for EISA slot 5
[    0.629835] platform eisa.0: Cannot allocate resource for EISA slot 6
[    0.629836] platform eisa.0: Cannot allocate resource for EISA slot 7
[    0.629837] platform eisa.0: Cannot allocate resource for EISA slot 8
[    0.629838] platform eisa.0: EISA: Detected 0 cards
[    0.629841] intel_pstate: CPU model not supported
[    0.629850] ledtrig-cpu: registered to indicate activity on CPUs
[    0.629903] drop_monitor: Initializing network drop monitor service
[    0.630063] NET: Registered protocol family 10
[    0.635120] Segment Routing with IPv6
[    0.635151] fullmesh registered
[    0.635152] ndiffports registered
[    0.635154] binder registered
[    0.635155] roundrobin registered
[    0.635155] redundant registered
[    0.635156] blest registered
[    0.635156] ecf registered
[    0.635158] NET: Registered protocol family 17
[    0.635189] Key type dns_resolver registered
[    0.635257] RAS: Correctable Errors collector initialized.
[    0.635257] IPI shorthand broadcast: enabled
[    0.635257] sched_clock: Marking stable (620196979, 11060389)->(633106982, -1849614)
[    0.635364] registered taskstats version 1
[    0.635373] Loading compiled-in X.509 certificates
[    0.635961] Loaded X.509 cert 'Build time autogenerated kernel key: 6909f3744cebb3d0de528d5887b96a727de79b1e'
[    0.635980] zswap: loaded using pool lzo/zbud
[    0.636033] Key type ._fscrypt registered
[    0.636033] Key type .fscrypt registered
[    0.640490] Key type big_key registered
[    0.642707] Key type encrypted registered
[    0.642710] AppArmor: AppArmor sha1 policy hashing enabled
[    0.642717] ima: No TPM chip found, activating TPM-bypass!
[    0.642721] ima: Allocated hash algorithm: sha1
[    0.642726] ima: No architecture policies found
[    0.642735] evm: Initialising EVM extended attributes:
[    0.642735] evm: security.selinux
[    0.642736] evm: security.SMACK64
[    0.642736] evm: security.SMACK64EXEC
[    0.642736] evm: security.SMACK64TRANSMUTE
[    0.642737] evm: security.SMACK64MMAP
[    0.642737] evm: security.apparmor
[    0.642738] evm: security.ima
[    0.642738] evm: security.capability
[    0.642739] evm: HMAC attrs: 0x1
[    0.643044] PM:   Magic number: 10:857:902
[    0.643075] acpi PNP0501:02: hash matches
[    0.643151] rtc_cmos rtc_cmos: setting system clock to 2026-01-19T20:52:18 UTC (1768855938)
[    0.800334] ata1.00: ATA-6: VBOX HARDDISK, 1.0, max UDMA/133
[    0.800338] ata1.00: 209715200 sectors, multi 128: LBA 
[    0.801009] scsi 0:0:0:0: Direct-Access     ATA      VBOX HARDDISK    1.0  PQ: 0 ANSI: 5
[    0.801306] sd 0:0:0:0: [sda] 209715200 512-byte logical blocks: (107 GB/100 GiB)
[    0.801318] sd 0:0:0:0: [sda] Write Protect is off
[    0.801322] sd 0:0:0:0: [sda] Mode Sense: 00 3a 00 00
[    0.801342] sd 0:0:0:0: [sda] Write cache: enabled, read cache: enabled, doesn't support DPO or FUA
[    0.801667] sd 0:0:0:0: Attached scsi generic sg0 type 0
[    0.802384]  sda: sda1 sda2
[    0.811266] sd 0:0:0:0: [sda] Attached SCSI disk
[    0.814596] Freeing unused decrypted memory: 2040K
[    0.815593] Freeing unused kernel image memory: 2728K
[    0.815596] Write protecting the kernel read-only data: 22528k
[    0.816622] Freeing unused kernel image memory: 2036K
[    0.817182] Freeing unused kernel image memory: 1432K
[    0.844169] x86/mm: Checked W+X mappings: passed, no W+X pages found.
[    0.844175] Run /init as init process
[    0.949914] ACPI: Video Device [GFX0] (multi-head: yes  rom: no  post: no)
[    0.949988] input: Video Bus as /devices/LNXSYSTM:00/LNXSYBUS:00/PNP0A03:00/LNXVIDEO:00/input/input4
[    0.963201] pcnet32: pcnet32.c:v1.35 21.Apr.2008 tsbogend@alpha.franken.de
[    0.964686] piix4_smbus 0000:00:07.0: SMBus Host Controller at 0x4100, revision 0
[    0.968384] e1000: Intel(R) PRO/1000 Network Driver - version 7.3.21-k8-NAPI
[    0.968385] e1000: Copyright (c) 1999-2006 Intel Corporation.
[    0.977184] pcnet32: PCnet/FAST III 79C973 at 0xd020, 08:00:27:47:03:fa assigned IRQ 19
[    0.977229] pcnet32: Found PHY 0022:561b at address 0
[    0.977531] pcnet32: eth0: registered as PCnet/FAST III 79C973
[    0.984035] pcnet32: PCnet/FAST III 79C973 at 0xd060, 08:00:27:aa:9e:cb assigned IRQ 16
[    0.984079] pcnet32: Found PHY 0022:561b at address 0
[    0.984380] pcnet32: eth1: registered as PCnet/FAST III 79C973
[    0.991612] pcnet32: 2 cards_found
[    1.045284] pcnet32 0000:00:08.0 enp0s8: renamed from eth1
[    1.046077] pcnet32 0000:00:03.0 enp0s3: renamed from eth0
[    1.178271] input: ImExPS/2 Generic Explorer Mouse as /devices/platform/i8042/serio1/input/input5
[    1.383388] e1000 0000:00:09.0 eth0: (PCI:33MHz:32-bit) 08:00:27:06:f4:79
[    1.383393] e1000 0000:00:09.0 eth0: Intel(R) PRO/1000 Network Connection
[    1.384478] e1000 0000:00:09.0 enp0s9: renamed from eth0
[    1.524563] EXT4-fs (sda2): mounted filesystem with ordered data mode. Opts: (null)
[    1.608904] systemd[1]: Inserted module 'autofs4'
[    1.619272] systemd[1]: systemd 245.4-4ubuntu3 running in system mode. (+PAM +AUDIT +SELINUX +IMA +APPARMOR +SMACK +SYSVINIT +UTMP +LIBCRYPTSETUP +GCRYPT +GNUTLS +ACL +XZ +LZ4 +SECCOMP +BLKID +ELFUTILS +KMOD +IDN2 -IDN +PCRE2 default-hierarchy=hybrid)
[    1.619301] systemd[1]: Detected virtualization oracle.
[    1.619304] systemd[1]: Detected architecture x86-64.
[    1.620575] systemd[1]: Set hostname to <ztg>.
[    1.743468] systemd[1]: /lib/systemd/system/dbus.socket:5: ListenStream= references a path below legacy directory /var/run/, updating /var/run/dbus/system_bus_socket â†’ /run/dbus/system_bus_socket; please update the unit file accordingly.
[    1.794348] systemd[1]: Created slice system-modprobe.slice.
[    1.794529] systemd[1]: Created slice User and Session Slice.
[    1.794571] systemd[1]: Started Forward Password Requests to Wall Directory Watch.
[    1.794731] systemd[1]: Set up automount Arbitrary Executable File Formats File System Automount Point.
[    1.794765] systemd[1]: Reached target User and Group Name Lookups.
[    1.794772] systemd[1]: Reached target Remote File Systems.
[    1.794780] systemd[1]: Reached target Slices.
[    1.795299] systemd[1]: Listening on Syslog Socket.
[    1.795364] systemd[1]: Listening on fsck to fsckd communication Socket.
[    1.795402] systemd[1]: Listening on initctl Compatibility Named Pipe.
[    1.795537] systemd[1]: Listening on Journal Audit Socket.
[    1.795591] systemd[1]: Listening on Journal Socket (/dev/log).
[    1.795657] systemd[1]: Listening on Journal Socket.
[    1.795718] systemd[1]: Listening on udev Control Socket.
[    1.795756] systemd[1]: Listening on udev Kernel Socket.
[    1.796477] systemd[1]: Mounting Huge Pages File System...
[    1.797365] systemd[1]: Mounting POSIX Message Queue File System...
[    1.798219] systemd[1]: Mounting Kernel Debug File System...
[    1.799035] systemd[1]: Mounting Kernel Trace File System...
[    1.800989] systemd[1]: Starting Journal Service...
[    1.825744] systemd[1]: Starting Set the console keyboard layout...
[    1.833606] systemd[1]: Starting Create list of static device nodes for the current kernel...
[    1.835634] systemd[1]: Starting Load Kernel Module drm...
[    1.836721] systemd[1]: Condition check resulted in Set Up Additional Binary Formats being skipped.
[    1.836766] systemd[1]: Condition check resulted in File System Check on Root Device being skipped.
[    1.844718] systemd[1]: Starting Load Kernel Modules...
[    1.845417] systemd[1]: Starting Remount Root and Kernel File Systems...
[    1.846164] systemd[1]: Starting udev Coldplug all Devices...
[    1.846924] systemd[1]: Starting Uncomplicated firewall...
[    1.892835] systemd[1]: Mounted Huge Pages File System.
[    1.892929] systemd[1]: Mounted POSIX Message Queue File System.
[    1.893000] systemd[1]: Mounted Kernel Debug File System.
[    1.893068] systemd[1]: Mounted Kernel Trace File System.
[    1.905832] systemd[1]: Finished Create list of static device nodes for the current kernel.
[    1.906638] EXT4-fs (sda2): re-mounted. Opts: errors=remount-ro
[    1.908866] systemd[1]: Finished Uncomplicated firewall.
[    1.909887] systemd[1]: modprobe@drm.service: Succeeded.
[    1.911296] systemd[1]: Finished Load Kernel Module drm.
[    1.916994] systemd[1]: Finished Remount Root and Kernel File Systems.
[    1.919697] systemd[1]: Condition check resulted in Rebuild Hardware Database being skipped.
[    1.919729] systemd[1]: Condition check resulted in Platform Persistent Storage Archival being skipped.
[    1.920430] systemd[1]: Starting Load/Save Random Seed...
[    1.925635] systemd[1]: Starting Create System Users...
[    1.934101] systemd[1]: Finished Load/Save Random Seed.
[    1.952574] lp: driver loaded but no devices found
[    1.955560] systemd[1]: Finished Create System Users.
[    1.956275] systemd[1]: Starting Create Static Device Nodes in /dev...
[    1.976012] ppdev: user-space parallel port driver
[    2.000231] systemd[1]: Finished Create Static Device Nodes in /dev.
[    2.000997] systemd[1]: Starting udev Kernel Device Manager...
[    2.027273] systemd[1]: Finished udev Coldplug all Devices.
[    2.076826] [drm] DMA map mode: Caching DMA mappings.
[    2.076890] [drm] Capabilities:
[    2.076890] [drm]   Rect copy.
[    2.076891] [drm]   Cursor.
[    2.076891] [drm]   Cursor bypass.
[    2.076891] [drm]   Cursor bypass 2.
[    2.076892] [drm]   Alpha cursor.
[    2.076892] [drm]   Extended Fifo.
[    2.076892] [drm]   Pitchlock.
[    2.076893] [drm]   Irq mask.
[    2.076893] [drm]   GMR.
[    2.076893] [drm]   Traces.
[    2.076894] [drm]   GMR2.
[    2.076894] [drm]   Screen Object 2.
[    2.076895] [drm]   Command Buffers.
[    2.076895] [drm]   Command Buffers 2.
[    2.076895] [drm]   Guest Backed Resources.
[    2.076896] [drm] Max GMR ids is 8192
[    2.076897] [drm] Max number of GMR pages is 1048576
[    2.076897] [drm] Max dedicated hypervisor surface memory is 393216 kiB
[    2.076898] [drm] Maximum display memory size is 131072 kiB
[    2.076899] [drm] VRAM at 0xe0000000 size is 131072 kiB
[    2.076899] [drm] MMIO at 0xf0000000 size is 2048 kiB
[    2.077761] [TTM] Zone  kernel: Available graphics memory: 1011738 KiB
[    2.077762] [TTM] Initializing pool allocator
[    2.077766] [TTM] Initializing DMA pool allocator
[    2.077793] [drm] Supports vblank timestamp caching Rev 2 (21.10.2013).
[    2.077794] [drm] No driver support for vblank timestamp query.
[    2.078013] [drm] Screen Target Display device initialized
[    2.078216] [drm] width 720
[    2.078228] [drm] height 400
[    2.078232] [drm] bpp 32
[    2.078773] [drm] Fifo max 0x00200000 min 0x00001000 cap 0x00000355
[    2.082731] [drm] Using command buffers with DMA pool.
[    2.082735] [drm] DX: no.
[    2.082735] [drm] Atomic: yes.
[    2.082736] [drm] SM4_1: no.
[    2.082754] [drm:vmw_host_log [vmwgfx]] *ERROR* Failed to send host log message.
[    2.083873] [drm:vmw_host_log [vmwgfx]] *ERROR* Failed to send host log message.
[    2.088820] systemd[1]: Finished Set the console keyboard layout.
[    2.088913] systemd[1]: Reached target Local File Systems (Pre).
[    2.090997] systemd[1]: Mounting Mount unit for bare, revision 5...
[    2.093028] systemd[1]: Mounting Mount unit for core18, revision 1705...
[    2.098500] systemd[1]: Mounting Mount unit for gnome-3-34-1804, revision 24...
[    2.105002] fbcon: svgadrmfb (fb0) is primary device
[    2.107134] Console: switching to colour frame buffer device 100x37
[    2.115621] [drm] Initialized vmwgfx 2.15.0 20180704 for 0000:00:02.0 on minor 0
[    2.116291] systemd[1]: Mounting Mount unit for gtk-common-themes, revision 1506...
[    2.120212] systemd[1]: Mounting Mount unit for gtk-common-themes, revision 1535...
[    2.145043] systemd[1]: Mounting Mount unit for snap-store, revision 433...
[    2.159088] systemd[1]: Mounting Mount unit for snapd, revision 25935...
[    2.163610] systemd[1]: Finished Load Kernel Modules.
[    2.163898] systemd[1]: Mounted Mount unit for bare, revision 5.
[    2.165521] systemd[1]: Mounting FUSE Control File System...
[    2.171640] systemd[1]: Mounting Kernel Configuration File System...
[    2.191469] systemd[1]: Starting Apply Kernel Variables...
[    2.192974] systemd[1]: Mounted FUSE Control File System.
[    2.193076] systemd[1]: Mounted Kernel Configuration File System.
[    2.193129] systemd[1]: Condition check resulted in VMware vmblock fuse mount being skipped.
[    2.213420] systemd[1]: Mounted Mount unit for core18, revision 1705.
[    2.213509] systemd[1]: Mounted Mount unit for gnome-3-34-1804, revision 24.
[    2.217685] systemd[1]: Mounted Mount unit for gtk-common-themes, revision 1506.
[    2.229261] systemd[1]: Mounted Mount unit for snap-store, revision 433.
[    2.232365] systemd[1]: Finished Apply Kernel Variables.
[    2.238550] systemd[1]: Started udev Kernel Device Manager.
[    2.238647] systemd[1]: Mounted Mount unit for gtk-common-themes, revision 1535.
[    2.238726] systemd[1]: Mounted Mount unit for snapd, revision 25935.
[    2.238776] systemd[1]: Reached target Local File Systems.
[    2.241633] systemd[1]: Starting Load AppArmor profiles...
[    2.255169] systemd[1]: Starting Set console font and keymap...
[    2.263946] systemd[1]: Starting Tell Plymouth To Write Out Runtime Data...
[    2.274576] systemd[1]: Starting Show Plymouth Boot Screen...
[    2.275959] systemd[1]: Condition check resulted in Store a System Token in an EFI Variable being skipped.
[    2.276021] systemd[1]: Condition check resulted in Commit a transient machine-id on disk being skipped.
[    2.279529] systemd[1]: Finished Set console font and keymap.
[    2.280092] systemd[1]: Received SIGRTMIN+20 from PID 292 (plymouthd).
[    2.284698] systemd[1]: plymouth-read-write.service: Succeeded.
[    2.284938] systemd[1]: Finished Tell Plymouth To Write Out Runtime Data.
[    2.291773] systemd[1]: Started Show Plymouth Boot Screen.
[    2.291902] systemd[1]: Condition check resulted in Dispatch Password Requests to Console Directory Watch being skipped.
[    2.291979] systemd[1]: Started Forward Password Requests to Plymouth Directory Watch.
[    2.292009] systemd[1]: Reached target Local Encrypted Volumes.
[    2.312841] audit: type=1400 audit(1768855940.164:2): apparmor="STATUS" operation="profile_load" profile="unconfined" name="nvidia_modprobe" pid=297 comm="apparmor_parser"
[    2.312844] audit: type=1400 audit(1768855940.164:3): apparmor="STATUS" operation="profile_load" profile="unconfined" name="nvidia_modprobe//kmod" pid=297 comm="apparmor_parser"
[    2.320361] audit: type=1400 audit(1768855940.172:4): apparmor="STATUS" operation="profile_load" profile="unconfined" name="/usr/sbin/tcpdump" pid=304 comm="apparmor_parser"
[    2.354674] audit: type=1400 audit(1768855940.200:5): apparmor="STATUS" operation="profile_load" profile="unconfined" name="/usr/bin/evince" pid=306 comm="apparmor_parser"
[    2.354676] audit: type=1400 audit(1768855940.200:6): apparmor="STATUS" operation="profile_load" profile="unconfined" name="/usr/bin/evince//sanitized_helper" pid=306 comm="apparmor_parser"
[    2.354678] audit: type=1400 audit(1768855940.200:7): apparmor="STATUS" operation="profile_load" profile="unconfined" name="/usr/bin/evince-previewer" pid=306 comm="apparmor_parser"
[    2.354680] audit: type=1400 audit(1768855940.200:8): apparmor="STATUS" operation="profile_load" profile="unconfined" name="/usr/bin/evince-previewer//sanitized_helper" pid=306 comm="apparmor_parser"
[    2.354682] audit: type=1400 audit(1768855940.200:9): apparmor="STATUS" operation="profile_load" profile="unconfined" name="/usr/bin/evince-thumbnailer" pid=306 comm="apparmor_parser"
[    2.393738] audit: type=1400 audit(1768855940.248:10): apparmor="STATUS" operation="profile_load" profile="unconfined" name="/usr/lib/cups/backend/cups-pdf" pid=307 comm="apparmor_parser"
[    2.453547] systemd[1]: Finished Load AppArmor profiles.
[    2.454468] systemd[1]: Starting Load AppArmor profiles managed internally by snapd...
[    2.571726] systemd[1]: Finished Load AppArmor profiles managed internally by snapd.
[    2.760960] systemd[1]: Started Journal Service.
[    2.769028] systemd-journald[229]: Received client request to flush runtime journal.
[    2.772498] systemd-journald[229]: File /var/log/journal/c455b248004a419c87ce85eea238d727/system.journal corrupted or uncleanly shut down, renaming and replacing.
[    4.047740] RAPL PMU: API unit is 2^-32 Joules, 0 fixed counters, 10737418240 ms ovfl timer
[    4.116665] cryptd: max_cpu_qlen set to 1000
[    4.170836] AVX2 version of gcm_enc/dec engaged.
[    4.170836] AES CTR mode by8 optimization enabled
[    5.924494] Adding 1998844k swap on /dev/sda1.  Priority:-2 extents:1 across:1998844k FS
[    7.736188] kauditd_printk_skb: 30 callbacks suppressed
[    7.736189] audit: type=1400 audit(1768855945.588:41): apparmor="DENIED" operation="capable" profile="/usr/sbin/cups-browsed" pid=510 comm="cups-browsed" capability=23  capname="sys_nice"
[    8.584446] pcnet32 0000:00:03.0 enp0s3: link up, 100Mbps, full-duplex
[    8.606502] pcnet32 0000:00:08.0 enp0s8: link up, 100Mbps, full-duplex
[    8.642609] e1000: enp0s9 NIC Link is Up 1000 Mbps Full Duplex, Flow Control: RX
[    8.643609] IPv6: ADDRCONF(NETDEV_CHANGE): enp0s9: link becomes ready
[    9.170374] device enp0s8 entered promiscuous mode
[    9.201940] device enp0s3 entered promiscuous mode
[    9.240562] audit: type=1400 audit(1768855947.096:42): apparmor="DENIED" operation="open" profile="/usr/sbin/tcpdump" name="/proc/sys/kernel/random/boot_id" pid=656 comm="tcpdump" requested_mask="r" denied_mask="r" fsuid=0 ouid=0
[    9.240730] audit: type=1400 audit(1768855947.096:43): apparmor="DENIED" operation="open" profile="/usr/sbin/tcpdump" name="/proc/sys/kernel/random/boot_id" pid=652 comm="tcpdump" requested_mask="r" denied_mask="r" fsuid=0 ouid=0
[    9.241357] audit: type=1400 audit(1768855947.096:44): apparmor="DENIED" operation="open" profile="/usr/sbin/tcpdump" name="/proc/sys/kernel/random/boot_id" pid=656 comm="tcpdump" requested_mask="r" denied_mask="r" fsuid=0 ouid=0
[    9.241410] audit: type=1400 audit(1768855947.096:45): apparmor="DENIED" operation="open" profile="/usr/sbin/tcpdump" name="/proc/sys/kernel/random/boot_id" pid=652 comm="tcpdump" requested_mask="r" denied_mask="r" fsuid=0 ouid=0
[    9.241451] audit: type=1400 audit(1768855947.096:46): apparmor="DENIED" operation="open" profile="/usr/sbin/tcpdump" name="/proc/sys/kernel/random/boot_id" pid=652 comm="tcpdump" requested_mask="r" denied_mask="r" fsuid=0 ouid=0
[    9.241567] audit: type=1400 audit(1768855947.096:47): apparmor="DENIED" operation="open" profile="/usr/sbin/tcpdump" name="/proc/sys/kernel/random/boot_id" pid=656 comm="tcpdump" requested_mask="r" denied_mask="r" fsuid=0 ouid=0
[    9.241622] audit: type=1400 audit(1768855947.096:48): apparmor="DENIED" operation="open" profile="/usr/sbin/tcpdump" name="/proc/sys/kernel/random/boot_id" pid=652 comm="tcpdump" requested_mask="r" denied_mask="r" fsuid=0 ouid=0
[    9.241640] audit: type=1400 audit(1768855947.096:49): apparmor="DENIED" operation="open" profile="/usr/sbin/tcpdump" name="/proc/sys/kernel/random/boot_id" pid=656 comm="tcpdump" requested_mask="r" denied_mask="r" fsuid=0 ouid=0
[    9.255570] audit: type=1400 audit(1768855947.108:50): apparmor="DENIED" operation="open" profile="/usr/sbin/tcpdump" name="/proc/sys/kernel/random/boot_id" pid=658 comm="tcpdump" requested_mask="r" denied_mask="r" fsuid=0 ouid=0
[   15.181252] rfkill: input handler disabled
[  210.382348] AAAAA-TCP_FORW: name:enp0s8: saddr:100932208: daddr:16783984
[  210.385502] AAAAA-TCP_FORW: name:enp0s3: saddr:16783984: daddr:100932208
[  210.687613] AAAAA-TCP_FORW: name:enp0s8: saddr:100932208: daddr:16783984
[  210.688701] AAAAA-TCP_FORW: name:enp0s3: saddr:16783984: daddr:100932208
[  210.738006] AAAAA-TCP_FORW: name:enp0s8: saddr:100932208: daddr:16783984
[  210.739120] AAAAA-TCP_FORW: name:enp0s3: saddr:16783984: daddr:100932208
[  210.739218] AAAAA-TCP_FORW: name:enp0s3: saddr:16783984: daddr:100932208
[  211.146789] AAAAA-TCP_FORW: name:enp0s8: saddr:100932208: daddr:33561200
[  211.147837] AAAAA-TCP_FORW: name:enp0s3: saddr:33561200: daddr:100932208
[  211.236619] AAAAA-TCP_FORW: name:enp0s8: saddr:100932208: daddr:16783984
[  211.354688] AAAAA-TCP_FORW: name:enp0s8: saddr:100932208: daddr:16783984
[  211.355760] AAAAA-TCP_FORW: name:enp0s3: saddr:16783984: daddr:100932208
[  211.673178] AAAAA-TCP_FORW: name:enp0s8: saddr:100932208: daddr:33561200
[  211.674646] AAAAA-TCP_FORW: name:enp0s3: saddr:33561200: daddr:100932208
[  212.113526] AAAAA-TCP_FORW: name:enp0s8: saddr:100932208: daddr:16783984
[  212.114670] AAAAA-TCP_FORW: name:enp0s3: saddr:16783984: daddr:100932208
[  212.114690] AAAAA-TCP_FORW: name:enp0s3: saddr:16783984: daddr:100932208
[  212.688343] AAAAA-TCP_FORW: name:enp0s8: saddr:100932208: daddr:16783984
[  212.706362] AAAAA-TCP_FORW: name:enp0s8: saddr:100932208: daddr:16783984
[  212.707335] AAAAA-TCP_FORW: name:enp0s3: saddr:16783984: daddr:100932208
[  213.355451] AAAAA-TCP_FORW: name:enp0s3: saddr:16783984: daddr:100932208
[  213.609471] AAAAA-TCP_FORW: name:enp0s3: saddr:16783984: daddr:100932208
[  213.610599] AAAAA-TCP_FORW: name:enp0s3: saddr:16783984: daddr:100932208
[  214.322746] AAAAA-TCP_FORW: name:enp0s3: saddr:33561200: daddr:100932208
[  214.540952] AAAAA-TCP_FORW: name:enp0s3: saddr:16783984: daddr:100932208
[  214.633946] AAAAA-TCP_FORW: name:enp0s3: saddr:16783984: daddr:100932208
[  215.341119] AAAAA-TCP_FORW: name:enp0s3: saddr:33561200: daddr:100932208
[  215.473249] AAAAA-TCP_FORW: name:enp0s8: saddr:100932208: daddr:33561200
[  215.474466] AAAAA-TCP_FORW: name:enp0s3: saddr:33561200: daddr:100932208
[  215.723081] AAAAA-TCP_FORW: name:enp0s8: saddr:100932208: daddr:16783984
[  215.724992] AAAAA-TCP_FORW: name:enp0s3: saddr:16783984: daddr:100932208
[  215.837256] AAAAA-TCP_FORW: name:enp0s8: saddr:100932208: daddr:16783984
[  215.952630] AAAAA-TCP_FORW: name:enp0s8: saddr:100932208: daddr:16783984
[  215.953605] AAAAA-TCP_FORW: name:enp0s3: saddr:16783984: daddr:100932208
[  216.159718] AAAAA-TCP_FORW: name:enp0s8: saddr:100932208: daddr:16783984
[  216.160707] AAAAA-TCP_FORW: name:enp0s3: saddr:16783984: daddr:100932208
[  216.243060] AAAAA-TCP_FORW: name:enp0s8: saddr:100932208: daddr:16783984
[  216.244018] AAAAA-TCP_FORW: name:enp0s3: saddr:16783984: daddr:100932208
[  216.339726] AAAAA-TCP_FORW: name:enp0s8: saddr:100932208: daddr:16783984
[  216.340692] AAAAA-TCP_FORW: name:enp0s3: saddr:16783984: daddr:100932208
[  216.477999] AAAAA-TCP_FORW: name:enp0s8: saddr:100932208: daddr:16783984
[  216.478968] AAAAA-TCP_FORW: name:enp0s3: saddr:16783984: daddr:100932208
[  216.618620] AAAAA-TCP_FORW: name:enp0s8: saddr:100932208: daddr:16783984
[  216.619640] AAAAA-TCP_FORW: name:enp0s3: saddr:16783984: daddr:100932208
[  216.976149] AAAAA-TCP_FORW: name:enp0s8: saddr:100932208: daddr:16783984
[  216.977108] AAAAA-TCP_FORW: name:enp0s3: saddr:16783984: daddr:100932208
[  217.117147] AAAAA-TCP_FORW: name:enp0s8: saddr:100932208: daddr:16783984
[  217.118125] AAAAA-TCP_FORW: name:enp0s3: saddr:16783984: daddr:100932208
[  217.226137] AAAAA-TCP_FORW: name:enp0s8: saddr:100932208: daddr:16783984
[  217.227111] AAAAA-TCP_FORW: name:enp0s3: saddr:16783984: daddr:100932208
[  217.372800] AAAAA-TCP_FORW: name:enp0s8: saddr:100932208: daddr:16783984
[  217.373747] AAAAA-TCP_FORW: name:enp0s3: saddr:16783984: daddr:100932208
[  217.474598] AAAAA-TCP_FORW: name:enp0s8: saddr:100932208: daddr:33561200
[  217.475595] AAAAA-TCP_FORW: name:enp0s3: saddr:33561200: daddr:100932208
[  217.836117] AAAAA-TCP_FORW: name:enp0s8: saddr:100932208: daddr:33561200
[  217.837512] AAAAA-TCP_FORW: name:enp0s3: saddr:33561200: daddr:100932208
[  217.924469] AAAAA-TCP_FORW: name:enp0s8: saddr:100932208: daddr:33561200
[  217.925412] AAAAA-TCP_FORW: name:enp0s3: saddr:33561200: daddr:100932208
[  218.159567] AAAAA-TCP_FORW: name:enp0s8: saddr:100932208: daddr:33561200
[  218.160560] AAAAA-TCP_FORW: name:enp0s3: saddr:33561200: daddr:100932208
[  218.273814] AAAAA-TCP_FORW: name:enp0s8: saddr:100932208: daddr:33561200
[  218.274806] AAAAA-TCP_FORW: name:enp0s3: saddr:33561200: daddr:100932208
[  218.431353] AAAAA-TCP_FORW: name:enp0s8: saddr:100932208: daddr:33561200
[  218.432288] AAAAA-TCP_FORW: name:enp0s3: saddr:33561200: daddr:100932208
[  218.495534] AAAAA-TCP_FORW: name:enp0s8: saddr:100932208: daddr:33561200
[  218.496431] AAAAA-TCP_FORW: name:enp0s3: saddr:33561200: daddr:100932208
[  218.618745] AAAAA-TCP_FORW: name:enp0s8: saddr:100932208: daddr:33561200
[  218.619699] AAAAA-TCP_FORW: name:enp0s3: saddr:33561200: daddr:100932208
[  218.798939] AAAAA-TCP_FORW: name:enp0s8: saddr:100932208: daddr:33561200
[  218.799953] AAAAA-TCP_FORW: name:enp0s3: saddr:33561200: daddr:100932208
[  219.049244] AAAAA-TCP_FORW: name:enp0s8: saddr:100932208: daddr:33561200
[  219.050213] AAAAA-TCP_FORW: name:enp0s3: saddr:33561200: daddr:100932208
[  219.155053] AAAAA-TCP_FORW: name:enp0s8: saddr:100932208: daddr:33561200
[  219.155985] AAAAA-TCP_FORW: name:enp0s3: saddr:33561200: daddr:100932208
[  219.312326] AAAAA-TCP_FORW: name:enp0s8: saddr:100932208: daddr:16783984
[  219.397010] AAAAA-TCP_FORW: name:enp0s8: saddr:100932208: daddr:16783984
[  219.398079] AAAAA-TCP_FORW: name:enp0s3: saddr:16783984: daddr:100932208
[  219.514667] AAAAA-TCP_FORW: name:enp0s8: saddr:100932208: daddr:16783984
[  219.515581] AAAAA-TCP_FORW: name:enp0s3: saddr:16783984: daddr:100932208
[  219.652912] AAAAA-TCP_FORW: name:enp0s8: saddr:100932208: daddr:16783984
[  219.654220] AAAAA-TCP_FORW: name:enp0s3: saddr:16783984: daddr:100932208
[  219.778397] AAAAA-TCP_FORW: name:enp0s8: saddr:100932208: daddr:16783984
[  219.779261] AAAAA-TCP_FORW: name:enp0s3: saddr:16783984: daddr:100932208
[  219.896820] AAAAA-TCP_FORW: name:enp0s8: saddr:100932208: daddr:16783984
[  219.897776] AAAAA-TCP_FORW: name:enp0s3: saddr:16783984: daddr:100932208
[  220.030883] AAAAA-TCP_FORW: name:enp0s8: saddr:100932208: daddr:16783984
[  220.031835] AAAAA-TCP_FORW: name:enp0s3: saddr:16783984: daddr:100932208
[  220.152550] AAAAA-TCP_FORW: name:enp0s8: saddr:100932208: daddr:16783984
[  220.153513] AAAAA-TCP_FORW: name:enp0s3: saddr:16783984: daddr:100932208
[  220.268770] AAAAA-TCP_FORW: name:enp0s8: saddr:100932208: daddr:16783984
[  220.269713] AAAAA-TCP_FORW: name:enp0s3: saddr:16783984: daddr:100932208
[  220.380965] AAAAA-TCP_FORW: name:enp0s8: saddr:100932208: daddr:16783984
[  220.381992] AAAAA-TCP_FORW: name:enp0s3: saddr:16783984: daddr:100932208
[  220.542798] AAAAA-TCP_FORW: name:enp0s8: saddr:100932208: daddr:16783984
[  220.543735] AAAAA-TCP_FORW: name:enp0s3: saddr:16783984: daddr:100932208
[  220.634890] AAAAA-TCP_FORW: name:enp0s8: saddr:100932208: daddr:16783984
[  220.635752] AAAAA-TCP_FORW: name:enp0s3: saddr:16783984: daddr:100932208
[  220.728402] AAAAA-TCP_FORW: name:enp0s8: saddr:100932208: daddr:16783984
[  220.729320] AAAAA-TCP_FORW: name:enp0s3: saddr:16783984: daddr:100932208
[  220.959918] AAAAA-TCP_FORW: name:enp0s8: saddr:100932208: daddr:16783984
[  220.961117] AAAAA-TCP_FORW: name:enp0s3: saddr:16783984: daddr:100932208
[  221.135489] AAAAA-TCP_FORW: name:enp0s8: saddr:100932208: daddr:16783984
[  221.136791] AAAAA-TCP_FORW: name:enp0s3: saddr:16783984: daddr:100932208
[  221.262800] AAAAA-TCP_FORW: name:enp0s8: saddr:100932208: daddr:16783984
[  221.263986] AAAAA-TCP_FORW: name:enp0s3: saddr:16783984: daddr:100932208
[  221.353735] AAAAA-TCP_FORW: name:enp0s8: saddr:100932208: daddr:16783984
[  221.354658] AAAAA-TCP_FORW: name:enp0s3: saddr:16783984: daddr:100932208
[  221.448945] AAAAA-TCP_FORW: name:enp0s8: saddr:100932208: daddr:16783984
[  221.449863] AAAAA-TCP_FORW: name:enp0s3: saddr:16783984: daddr:100932208
[  221.561204] AAAAA-TCP_FORW: name:enp0s8: saddr:100932208: daddr:16783984
[  221.562393] AAAAA-TCP_FORW: name:enp0s3: saddr:16783984: daddr:100932208
[  221.669944] AAAAA-TCP_FORW: name:enp0s8: saddr:100932208: daddr:16783984
[  221.671186] AAAAA-TCP_FORW: name:enp0s3: saddr:16783984: daddr:100932208
[  221.796981] AAAAA-TCP_FORW: name:enp0s8: saddr:100932208: daddr:33561200
[  221.797985] AAAAA-TCP_FORW: name:enp0s3: saddr:33561200: daddr:100932208
[  221.982584] AAAAA-TCP_FORW: name:enp0s8: saddr:100932208: daddr:33561200
[  221.983655] AAAAA-TCP_FORW: name:enp0s3: saddr:33561200: daddr:100932208
[  222.097024] AAAAA-TCP_FORW: name:enp0s8: saddr:100932208: daddr:33561200
[  222.098052] AAAAA-TCP_FORW: name:enp0s3: saddr:33561200: daddr:100932208
[  222.162595] AAAAA-TCP_FORW: name:enp0s8: saddr:100932208: daddr:16783984
[  222.163766] AAAAA-TCP_FORW: name:enp0s3: saddr:16783984: daddr:100932208
[  222.257227] AAAAA-TCP_FORW: name:enp0s8: saddr:100932208: daddr:33561200
[  222.258425] AAAAA-TCP_FORW: name:enp0s3: saddr:33561200: daddr:100932208
[  222.458914] AAAAA-TCP_FORW: name:enp0s8: saddr:100932208: daddr:33561200
[  222.459668] AAAAA-TCP_FORW: name:enp0s3: saddr:33561200: daddr:100932208
[  222.539924] AAAAA-TCP_FORW: name:enp0s8: saddr:100932208: daddr:33561200
[  222.540893] AAAAA-TCP_FORW: name:enp0s3: saddr:33561200: daddr:100932208
[  222.745147] AAAAA-TCP_FORW: name:enp0s8: saddr:100932208: daddr:33561200
[  222.746172] AAAAA-TCP_FORW: name:enp0s3: saddr:33561200: daddr:100932208
[  222.908419] AAAAA-TCP_FORW: name:enp0s8: saddr:100932208: daddr:16783984
[  222.909361] AAAAA-TCP_FORW: name:enp0s3: saddr:16783984: daddr:100932208
[  222.974388] AAAAA-TCP_FORW: name:enp0s8: saddr:100932208: daddr:33561200
[  222.975459] AAAAA-TCP_FORW: name:enp0s3: saddr:33561200: daddr:100932208
[  223.138496] AAAAA-TCP_FORW: name:enp0s8: saddr:100932208: daddr:33561200
[  223.139681] AAAAA-TCP_FORW: name:enp0s3: saddr:33561200: daddr:100932208
[  223.322461] AAAAA-TCP_FORW: name:enp0s8: saddr:100932208: daddr:33561200
[  223.323356] AAAAA-TCP_FORW: name:enp0s3: saddr:33561200: daddr:100932208
[  223.434593] AAAAA-TCP_FORW: name:enp0s8: saddr:100932208: daddr:33561200
[  223.435510] AAAAA-TCP_FORW: name:enp0s3: saddr:33561200: daddr:100932208
[  223.529626] AAAAA-TCP_FORW: name:enp0s8: saddr:100932208: daddr:33561200
[  223.530541] AAAAA-TCP_FORW: name:enp0s3: saddr:33561200: daddr:100932208
[  223.713786] AAAAA-TCP_FORW: name:enp0s8: saddr:100932208: daddr:33561200
[  223.714677] AAAAA-TCP_FORW: name:enp0s3: saddr:33561200: daddr:100932208
[  223.749715] AAAAA-TCP_FORW: name:enp0s8: saddr:100932208: daddr:33561200
[  223.750591] AAAAA-TCP_FORW: name:enp0s3: saddr:33561200: daddr:100932208
[  223.807609] AAAAA-TCP_FORW: name:enp0s8: saddr:100932208: daddr:33561200
[  223.808774] AAAAA-TCP_FORW: name:enp0s3: saddr:33561200: daddr:100932208
[  223.865254] AAAAA-TCP_FORW: name:enp0s8: saddr:100932208: daddr:33561200
[  223.866203] AAAAA-TCP_FORW: name:enp0s3: saddr:33561200: daddr:100932208
[  223.972790] AAAAA-TCP_FORW: name:enp0s8: saddr:100932208: daddr:33561200
[  223.973973] AAAAA-TCP_FORW: name:enp0s3: saddr:33561200: daddr:100932208
[  224.017097] AAAAA-TCP_FORW: name:enp0s8: saddr:100932208: daddr:33561200
[  224.017977] AAAAA-TCP_FORW: name:enp0s3: saddr:33561200: daddr:100932208
[  224.115908] AAAAA-TCP_FORW: name:enp0s8: saddr:100932208: daddr:33561200
[  224.116873] AAAAA-TCP_FORW: name:enp0s3: saddr:33561200: daddr:100932208
[  224.187884] AAAAA-TCP_FORW: name:enp0s8: saddr:100932208: daddr:33561200
[  224.188922] AAAAA-TCP_FORW: name:enp0s3: saddr:33561200: daddr:100932208
[  224.248268] AAAAA-TCP_FORW: name:enp0s8: saddr:100932208: daddr:33561200
[  224.249325] AAAAA-TCP_FORW: name:enp0s3: saddr:33561200: daddr:100932208
[  224.409446] AAAAA-TCP_FORW: name:enp0s8: saddr:100932208: daddr:16783984
[  224.410388] AAAAA-TCP_FORW: name:enp0s3: saddr:16783984: daddr:100932208
[  224.561019] AAAAA-TCP_FORW: name:enp0s8: saddr:100932208: daddr:16783984
[  224.561954] AAAAA-TCP_FORW: name:enp0s3: saddr:16783984: daddr:100932208
[  224.687571] AAAAA-TCP_FORW: name:enp0s8: saddr:100932208: daddr:16783984
[  224.688514] AAAAA-TCP_FORW: name:enp0s3: saddr:16783984: daddr:100932208
[  224.781164] AAAAA-TCP_FORW: name:enp0s8: saddr:100932208: daddr:16783984
[  224.782084] AAAAA-TCP_FORW: name:enp0s3: saddr:16783984: daddr:100932208
[  224.810023] AAAAA-TCP_FORW: name:enp0s8: saddr:100932208: daddr:16783984
[  224.810950] AAAAA-TCP_FORW: name:enp0s3: saddr:16783984: daddr:100932208
[  224.900556] AAAAA-TCP_FORW: name:enp0s8: saddr:100932208: daddr:16783984
[  224.901519] AAAAA-TCP_FORW: name:enp0s3: saddr:16783984: daddr:100932208
[  225.078067] AAAAA-TCP_FORW: name:enp0s8: saddr:100932208: daddr:16783984
[  225.079000] AAAAA-TCP_FORW: name:enp0s3: saddr:16783984: daddr:100932208
[  225.371384] AAAAA-TCP_FORW: name:enp0s8: saddr:100932208: daddr:16783984
[  225.372290] AAAAA-TCP_FORW: name:enp0s3: saddr:16783984: daddr:100932208
[  225.539848] AAAAA-TCP_FORW: name:enp0s8: saddr:100932208: daddr:16783984
[  225.541037] AAAAA-TCP_FORW: name:enp0s3: saddr:16783984: daddr:100932208
[  225.605648] AAAAA-TCP_FORW: name:enp0s8: saddr:100932208: daddr:16783984
[  225.606697] AAAAA-TCP_FORW: name:enp0s3: saddr:16783984: daddr:100932208
[  225.879944] AAAAA-TCP_FORW: name:enp0s8: saddr:100932208: daddr:16783984
[  225.880856] AAAAA-TCP_FORW: name:enp0s3: saddr:16783984: daddr:100932208
[  225.992728] AAAAA-TCP_FORW: name:enp0s8: saddr:100932208: daddr:16783984
[  225.993656] AAAAA-TCP_FORW: name:enp0s3: saddr:16783984: daddr:100932208
[  226.264410] AAAAA-TCP_FORW: name:enp0s8: saddr:100932208: daddr:16783984
[  226.265682] AAAAA-TCP_FORW: name:enp0s3: saddr:16783984: daddr:100932208
[  226.375927] AAAAA-TCP_FORW: name:enp0s8: saddr:100932208: daddr:16783984
[  226.376881] AAAAA-TCP_FORW: name:enp0s3: saddr:16783984: daddr:100932208
[  226.482470] AAAAA-TCP_FORW: name:enp0s8: saddr:100932208: daddr:16783984
[  226.483416] AAAAA-TCP_FORW: name:enp0s3: saddr:16783984: daddr:100932208
[  226.599704] AAAAA-TCP_FORW: name:enp0s8: saddr:100932208: daddr:16783984
[  226.600584] AAAAA-TCP_FORW: name:enp0s3: saddr:16783984: daddr:100932208
[  226.726573] AAAAA-TCP_FORW: name:enp0s8: saddr:100932208: daddr:16783984
[  226.727475] AAAAA-TCP_FORW: name:enp0s3: saddr:16783984: daddr:100932208
[  226.841699] AAAAA-TCP_FORW: name:enp0s8: saddr:100932208: daddr:16783984
[  226.842589] AAAAA-TCP_FORW: name:enp0s3: saddr:16783984: daddr:100932208
[  226.962000] AAAAA-TCP_FORW: name:enp0s8: saddr:100932208: daddr:16783984
[  226.962913] AAAAA-TCP_FORW: name:enp0s3: saddr:16783984: daddr:100932208
[  227.254428] AAAAA-TCP_FORW: name:enp0s8: saddr:100932208: daddr:16783984
[  227.255300] AAAAA-TCP_FORW: name:enp0s3: saddr:16783984: daddr:100932208
[  227.412423] AAAAA-TCP_FORW: name:enp0s8: saddr:100932208: daddr:16783984
[  227.413337] AAAAA-TCP_FORW: name:enp0s3: saddr:16783984: daddr:100932208
[  227.488875] AAAAA-TCP_FORW: name:enp0s8: saddr:100932208: daddr:16783984
[  227.489770] AAAAA-TCP_FORW: name:enp0s3: saddr:16783984: daddr:100932208
[  227.592196] AAAAA-TCP_FORW: name:enp0s8: saddr:100932208: daddr:16783984
[  227.593090] AAAAA-TCP_FORW: name:enp0s3: saddr:16783984: daddr:100932208
[  227.741216] AAAAA-TCP_FORW: name:enp0s8: saddr:100932208: daddr:16783984
[  227.742136] AAAAA-TCP_FORW: name:enp0s3: saddr:16783984: daddr:100932208
[  227.815868] AAAAA-TCP_FORW: name:enp0s8: saddr:100932208: daddr:33561200
[  227.816804] AAAAA-TCP_FORW: name:enp0s3: saddr:33561200: daddr:100932208
[  228.014374] AAAAA-TCP_FORW: name:enp0s8: saddr:100932208: daddr:16783984
[  228.015342] AAAAA-TCP_FORW: name:enp0s3: saddr:16783984: daddr:100932208
[  228.168695] AAAAA-TCP_FORW: name:enp0s8: saddr:100932208: daddr:16783984
[  228.169672] AAAAA-TCP_FORW: name:enp0s3: saddr:16783984: daddr:100932208
[  228.317451] AAAAA-TCP_FORW: name:enp0s8: saddr:100932208: daddr:16783984
[  228.318441] AAAAA-TCP_FORW: name:enp0s3: saddr:16783984: daddr:100932208
[  228.606322] AAAAA-TCP_FORW: name:enp0s8: saddr:100932208: daddr:33561200
[  228.607318] AAAAA-TCP_FORW: name:enp0s3: saddr:33561200: daddr:100932208
[  228.718046] AAAAA-TCP_FORW: name:enp0s8: saddr:100932208: daddr:16783984
[  228.719147] AAAAA-TCP_FORW: name:enp0s3: saddr:16783984: daddr:100932208
[  228.914242] AAAAA-TCP_FORW: name:enp0s8: saddr:100932208: daddr:16783984
[  228.915719] AAAAA-TCP_FORW: name:enp0s3: saddr:16783984: daddr:100932208
[  229.010820] AAAAA-TCP_FORW: name:enp0s8: saddr:100932208: daddr:16783984
[  229.012272] AAAAA-TCP_FORW: name:enp0s3: saddr:16783984: daddr:100932208
[  229.111990] AAAAA-TCP_FORW: name:enp0s8: saddr:100932208: daddr:16783984
[  229.113060] AAAAA-TCP_FORW: name:enp0s3: saddr:16783984: daddr:100932208
[  229.218044] AAAAA-TCP_FORW: name:enp0s8: saddr:100932208: daddr:16783984
[  229.218933] AAAAA-TCP_FORW: name:enp0s3: saddr:16783984: daddr:100932208
[  229.306619] AAAAA-TCP_FORW: name:enp0s8: saddr:100932208: daddr:16783984
[  229.307481] AAAAA-TCP_FORW: name:enp0s3: saddr:16783984: daddr:100932208
[  229.437849] AAAAA-TCP_FORW: name:enp0s8: saddr:100932208: daddr:16783984
[  229.438600] AAAAA-TCP_FORW: name:enp0s3: saddr:16783984: daddr:100932208
[  229.530969] AAAAA-TCP_FORW: name:enp0s8: saddr:100932208: daddr:16783984
[  229.531979] AAAAA-TCP_FORW: name:enp0s3: saddr:16783984: daddr:100932208
[  229.611560] AAAAA-TCP_FORW: name:enp0s8: saddr:100932208: daddr:16783984
[  229.613267] AAAAA-TCP_FORW: name:enp0s3: saddr:16783984: daddr:100932208
[  229.721221] AAAAA-TCP_FORW: name:enp0s8: saddr:100932208: daddr:16783984
[  229.722134] AAAAA-TCP_FORW: name:enp0s3: saddr:16783984: daddr:100932208
[  229.792043] AAAAA-TCP_FORW: name:enp0s8: saddr:100932208: daddr:16783984
[  229.792959] AAAAA-TCP_FORW: name:enp0s3: saddr:16783984: daddr:100932208
[  229.888022] AAAAA-TCP_FORW: name:enp0s8: saddr:100932208: daddr:16783984
[  229.888963] AAAAA-TCP_FORW: name:enp0s3: saddr:16783984: daddr:100932208
[  230.004309] AAAAA-TCP_FORW: name:enp0s8: saddr:100932208: daddr:16783984
[  230.005959] AAAAA-TCP_FORW: name:enp0s3: saddr:16783984: daddr:100932208
[  230.076314] AAAAA-TCP_FORW: name:enp0s8: saddr:100932208: daddr:16783984
[  230.077227] AAAAA-TCP_FORW: name:enp0s3: saddr:16783984: daddr:100932208
[  230.185167] AAAAA-TCP_FORW: name:enp0s8: saddr:100932208: daddr:16783984
[  230.186286] AAAAA-TCP_FORW: name:enp0s3: saddr:16783984: daddr:100932208
[  230.275532] AAAAA-TCP_FORW: name:enp0s8: saddr:100932208: daddr:16783984
[  230.353789] AAAAA-TCP_FORW: name:enp0s8: saddr:100932208: daddr:16783984
[  230.354703] AAAAA-TCP_FORW: name:enp0s3: saddr:16783984: daddr:100932208
[  230.454871] AAAAA-TCP_FORW: name:enp0s8: saddr:100932208: daddr:33561200
[  230.455762] AAAAA-TCP_FORW: name:enp0s3: saddr:33561200: daddr:100932208
[  230.592813] AAAAA-TCP_FORW: name:enp0s8: saddr:100932208: daddr:33561200
[  230.593727] AAAAA-TCP_FORW: name:enp0s3: saddr:33561200: daddr:100932208
[  230.739561] AAAAA-TCP_FORW: name:enp0s8: saddr:100932208: daddr:16783984
[  230.741643] AAAAA-TCP_FORW: name:enp0s3: saddr:16783984: daddr:100932208
[  230.820450] AAAAA-TCP_FORW: name:enp0s8: saddr:100932208: daddr:16783984
[  230.821809] AAAAA-TCP_FORW: name:enp0s3: saddr:16783984: daddr:100932208
[  230.938142] AAAAA-TCP_FORW: name:enp0s8: saddr:100932208: daddr:33561200
[  230.939056] AAAAA-TCP_FORW: name:enp0s3: saddr:33561200: daddr:100932208
[  231.022110] AAAAA-TCP_FORW: name:enp0s8: saddr:100932208: daddr:16783984
[  231.023304] AAAAA-TCP_FORW: name:enp0s3: saddr:16783984: daddr:100932208
[  231.096681] AAAAA-TCP_FORW: name:enp0s8: saddr:100932208: daddr:16783984
[  231.097935] AAAAA-TCP_FORW: name:enp0s3: saddr:16783984: daddr:100932208
[  231.181113] AAAAA-TCP_FORW: name:enp0s8: saddr:100932208: daddr:16783984
[  231.182336] AAAAA-TCP_FORW: name:enp0s3: saddr:16783984: daddr:100932208
[  231.290232] AAAAA-TCP_FORW: name:enp0s8: saddr:100932208: daddr:33561200
[  231.291466] AAAAA-TCP_FORW: name:enp0s3: saddr:33561200: daddr:100932208
[  231.366418] AAAAA-TCP_FORW: name:enp0s8: saddr:100932208: daddr:16783984
[  231.367602] AAAAA-TCP_FORW: name:enp0s3: saddr:16783984: daddr:100932208
[  231.420642] AAAAA-TCP_FORW: name:enp0s8: saddr:100932208: daddr:16783984
[  231.421838] AAAAA-TCP_FORW: name:enp0s3: saddr:16783984: daddr:100932208
[  231.530064] AAAAA-TCP_FORW: name:enp0s8: saddr:100932208: daddr:16783984
[  231.531641] AAAAA-TCP_FORW: name:enp0s3: saddr:16783984: daddr:100932208
[  231.636565] AAAAA-TCP_FORW: name:enp0s8: saddr:100932208: daddr:33561200
[  231.637372] AAAAA-TCP_FORW: name:enp0s3: saddr:33561200: daddr:100932208
[  231.725923] AAAAA-TCP_FORW: name:enp0s8: saddr:100932208: daddr:33561200
[  231.726720] AAAAA-TCP_FORW: name:enp0s3: saddr:33561200: daddr:100932208
[  231.776306] AAAAA-TCP_FORW: name:enp0s8: saddr:100932208: daddr:16783984
[  231.777462] AAAAA-TCP_FORW: name:enp0s3: saddr:16783984: daddr:100932208
[  231.847081] AAAAA-TCP_FORW: name:enp0s8: saddr:100932208: daddr:33561200
[  231.848070] AAAAA-TCP_FORW: name:enp0s3: saddr:33561200: daddr:100932208
[  231.925148] AAAAA-TCP_FORW: name:enp0s8: saddr:100932208: daddr:16783984
[  231.926747] AAAAA-TCP_FORW: name:enp0s3: saddr:16783984: daddr:100932208
[  232.023886] AAAAA-TCP_FORW: name:enp0s8: saddr:100932208: daddr:16783984
[  232.024931] AAAAA-TCP_FORW: name:enp0s3: saddr:16783984: daddr:100932208
[  232.094170] AAAAA-TCP_FORW: name:enp0s8: saddr:100932208: daddr:16783984
[  232.095172] AAAAA-TCP_FORW: name:enp0s3: saddr:16783984: daddr:100932208
[  232.180782] AAAAA-TCP_FORW: name:enp0s8: saddr:100932208: daddr:16783984
[  232.182087] AAAAA-TCP_FORW: name:enp0s3: saddr:16783984: daddr:100932208
[  232.265625] AAAAA-TCP_FORW: name:enp0s8: saddr:100932208: daddr:16783984
[  232.266950] AAAAA-TCP_FORW: name:enp0s3: saddr:16783984: daddr:100932208
[  232.343223] AAAAA-TCP_FORW: name:enp0s8: saddr:100932208: daddr:33561200
[  232.344360] AAAAA-TCP_FORW: name:enp0s3: saddr:33561200: daddr:100932208
[  232.368853] AAAAA-TCP_FORW: name:enp0s8: saddr:100932208: daddr:33561200
[  232.369576] AAAAA-TCP_FORW: name:enp0s3: saddr:33561200: daddr:100932208
[  232.460461] AAAAA-TCP_FORW: name:enp0s8: saddr:100932208: daddr:16783984
[  232.461805] AAAAA-TCP_FORW: name:enp0s3: saddr:16783984: daddr:100932208
[  232.575141] AAAAA-TCP_FORW: name:enp0s8: saddr:100932208: daddr:33561200
[  232.576208] AAAAA-TCP_FORW: name:enp0s3: saddr:33561200: daddr:100932208
[  232.663763] AAAAA-TCP_FORW: name:enp0s8: saddr:100932208: daddr:33561200
[  232.664624] AAAAA-TCP_FORW: name:enp0s3: saddr:33561200: daddr:100932208
[  232.695263] AAAAA-TCP_FORW: name:enp0s8: saddr:100932208: daddr:16783984
[  232.696068] AAAAA-TCP_FORW: name:enp0s3: saddr:16783984: daddr:100932208
[  232.764706] AAAAA-TCP_FORW: name:enp0s8: saddr:100932208: daddr:16783984
[  232.765857] AAAAA-TCP_FORW: name:enp0s3: saddr:16783984: daddr:100932208
[  232.814216] AAAAA-TCP_FORW: name:enp0s8: saddr:100932208: daddr:33561200
[  232.815053] AAAAA-TCP_FORW: name:enp0s3: saddr:33561200: daddr:100932208
[  232.899519] AAAAA-TCP_FORW: name:enp0s8: saddr:100932208: daddr:16783984
[  232.901466] AAAAA-TCP_FORW: name:enp0s3: saddr:16783984: daddr:100932208
[  232.948929] AAAAA-TCP_FORW: name:enp0s8: saddr:100932208: daddr:33561200
[  232.949709] AAAAA-TCP_FORW: name:enp0s3: saddr:33561200: daddr:100932208
[  233.032320] AAAAA-TCP_FORW: name:enp0s8: saddr:100932208: daddr:33561200
[  233.033030] AAAAA-TCP_FORW: name:enp0s3: saddr:33561200: daddr:100932208
[  233.116322] AAAAA-TCP_FORW: name:enp0s8: saddr:100932208: daddr:16783984
[  233.118830] AAAAA-TCP_FORW: name:enp0s3: saddr:16783984: daddr:100932208
[  233.209223] AAAAA-TCP_FORW: name:enp0s8: saddr:100932208: daddr:16783984
[  233.211029] AAAAA-TCP_FORW: name:enp0s3: saddr:16783984: daddr:100932208
[  233.295671] AAAAA-TCP_FORW: name:enp0s8: saddr:100932208: daddr:33561200
[  233.296398] AAAAA-TCP_FORW: name:enp0s3: saddr:33561200: daddr:100932208
[  233.354478] AAAAA-TCP_FORW: name:enp0s8: saddr:100932208: daddr:33561200
[  233.355256] AAAAA-TCP_FORW: name:enp0s3: saddr:33561200: daddr:100932208
[  233.437422] AAAAA-TCP_FORW: name:enp0s8: saddr:100932208: daddr:33561200
[  233.438290] AAAAA-TCP_FORW: name:enp0s3: saddr:33561200: daddr:100932208
[  233.483752] AAAAA-TCP_FORW: name:enp0s8: saddr:100932208: daddr:33561200
[  233.496197] AAAAA-TCP_FORW: name:enp0s3: saddr:33561200: daddr:100932208
[  233.540011] AAAAA-TCP_FORW: name:enp0s8: saddr:100932208: daddr:33561200
[  233.541931] AAAAA-TCP_FORW: name:enp0s3: saddr:33561200: daddr:100932208
[  233.611345] AAAAA-TCP_FORW: name:enp0s8: saddr:100932208: daddr:33561200
[  233.613769] AAAAA-TCP_FORW: name:enp0s3: saddr:33561200: daddr:100932208
[  233.702209] AAAAA-TCP_FORW: name:enp0s8: saddr:100932208: daddr:16783984
[  233.704184] AAAAA-TCP_FORW: name:enp0s3: saddr:16783984: daddr:100932208
[  233.805828] AAAAA-TCP_FORW: name:enp0s8: saddr:100932208: daddr:33561200
[  233.902263] AAAAA-TCP_FORW: name:enp0s8: saddr:100932208: daddr:16783984
[  233.904547] AAAAA-TCP_FORW: name:enp0s3: saddr:16783984: daddr:100932208
[  234.013704] AAAAA-TCP_FORW: name:enp0s8: saddr:100932208: daddr:16783984
[  234.015544] AAAAA-TCP_FORW: name:enp0s3: saddr:16783984: daddr:100932208
[  234.117763] AAAAA-TCP_FORW: name:enp0s8: saddr:100932208: daddr:16783984
[  234.119519] AAAAA-TCP_FORW: name:enp0s3: saddr:16783984: daddr:100932208
[  234.196151] AAAAA-TCP_FORW: name:enp0s8: saddr:100932208: daddr:33561200
[  234.198122] AAAAA-TCP_FORW: name:enp0s3: saddr:33561200: daddr:100932208
[  234.288490] AAAAA-TCP_FORW: name:enp0s8: saddr:100932208: daddr:33561200
[  234.290494] AAAAA-TCP_FORW: name:enp0s3: saddr:33561200: daddr:100932208
[  234.397173] AAAAA-TCP_FORW: name:enp0s8: saddr:100932208: daddr:16783984
[  234.399764] AAAAA-TCP_FORW: name:enp0s3: saddr:16783984: daddr:100932208
[  234.475239] AAAAA-TCP_FORW: name:enp0s8: saddr:100932208: daddr:16783984
[  234.476917] AAAAA-TCP_FORW: name:enp0s3: saddr:16783984: daddr:100932208
[  234.542825] AAAAA-TCP_FORW: name:enp0s8: saddr:100932208: daddr:16783984
[  234.615334] AAAAA-TCP_FORW: name:enp0s8: saddr:100932208: daddr:16783984
[  234.616983] AAAAA-TCP_FORW: name:enp0s3: saddr:16783984: daddr:100932208
[  234.676666] AAAAA-TCP_FORW: name:enp0s8: saddr:100932208: daddr:16783984
[  234.678634] AAAAA-TCP_FORW: name:enp0s3: saddr:16783984: daddr:100932208
[  234.725083] AAAAA-TCP_FORW: name:enp0s8: saddr:100932208: daddr:16783984
[  234.727015] AAAAA-TCP_FORW: name:enp0s3: saddr:16783984: daddr:100932208
[  234.777920] AAAAA-TCP_FORW: name:enp0s8: saddr:100932208: daddr:16783984
[  234.779836] AAAAA-TCP_FORW: name:enp0s3: saddr:16783984: daddr:100932208
[  234.869992] AAAAA-TCP_FORW: name:enp0s8: saddr:100932208: daddr:16783984
[  234.872599] AAAAA-TCP_FORW: name:enp0s3: saddr:16783984: daddr:100932208
[  234.979137] AAAAA-TCP_FORW: name:enp0s8: saddr:100932208: daddr:16783984
[  234.981652] AAAAA-TCP_FORW: name:enp0s3: saddr:16783984: daddr:100932208
[  235.042715] AAAAA-TCP_FORW: name:enp0s8: saddr:100932208: daddr:16783984
[  235.113408] AAAAA-TCP_FORW: name:enp0s8: saddr:100932208: daddr:16783984
[  235.115455] AAAAA-TCP_FORW: name:enp0s3: saddr:16783984: daddr:100932208
[  235.235577] AAAAA-TCP_FORW: name:enp0s8: saddr:100932208: daddr:16783984
[  235.237582] AAAAA-TCP_FORW: name:enp0s3: saddr:16783984: daddr:100932208
[  235.358596] AAAAA-TCP_FORW: name:enp0s8: saddr:100932208: daddr:16783984
[  235.360651] AAAAA-TCP_FORW: name:enp0s3: saddr:16783984: daddr:100932208
[  235.447267] AAAAA-TCP_FORW: name:enp0s8: saddr:100932208: daddr:16783984
[  235.449214] AAAAA-TCP_FORW: name:enp0s3: saddr:16783984: daddr:100932208
[  235.583596] AAAAA-TCP_FORW: name:enp0s8: saddr:100932208: daddr:16783984
[  235.585999] AAAAA-TCP_FORW: name:enp0s3: saddr:16783984: daddr:100932208
[  235.680866] AAAAA-TCP_FORW: name:enp0s8: saddr:100932208: daddr:16783984
[  235.682663] AAAAA-TCP_FORW: name:enp0s3: saddr:16783984: daddr:100932208
[  235.814289] AAAAA-TCP_FORW: name:enp0s8: saddr:100932208: daddr:16783984
[  235.816315] AAAAA-TCP_FORW: name:enp0s3: saddr:16783984: daddr:100932208
[  235.922494] AAAAA-TCP_FORW: name:enp0s8: saddr:100932208: daddr:16783984
[  235.924981] AAAAA-TCP_FORW: name:enp0s3: saddr:16783984: daddr:100932208
[  236.045095] AAAAA-TCP_FORW: name:enp0s8: saddr:100932208: daddr:16783984
[  236.045942] AAAAA-TCP_FORW: name:enp0s3: saddr:16783984: daddr:100932208
[  236.156929] AAAAA-TCP_FORW: name:enp0s8: saddr:100932208: daddr:16783984
[  236.157771] AAAAA-TCP_FORW: name:enp0s3: saddr:16783984: daddr:100932208
[  236.232832] AAAAA-TCP_FORW: name:enp0s8: saddr:100932208: daddr:16783984
[  236.233574] AAAAA-TCP_FORW: name:enp0s3: saddr:16783984: daddr:100932208
[  236.316197] AAAAA-TCP_FORW: name:enp0s8: saddr:100932208: daddr:33561200
[  236.318219] AAAAA-TCP_FORW: name:enp0s3: saddr:33561200: daddr:100932208
[  236.413059] AAAAA-TCP_FORW: name:enp0s8: saddr:100932208: daddr:16783984
[  236.413847] AAAAA-TCP_FORW: name:enp0s3: saddr:16783984: daddr:100932208
[  236.472401] AAAAA-TCP_FORW: name:enp0s8: saddr:100932208: daddr:33561200
[  236.474648] AAAAA-TCP_FORW: name:enp0s3: saddr:33561200: daddr:100932208
[  236.569597] AAAAA-TCP_FORW: name:enp0s8: saddr:100932208: daddr:33561200
[  236.571647] AAAAA-TCP_FORW: name:enp0s3: saddr:33561200: daddr:100932208
[  236.665115] AAAAA-TCP_FORW: name:enp0s8: saddr:100932208: daddr:33561200
[  236.667120] AAAAA-TCP_FORW: name:enp0s3: saddr:33561200: daddr:100932208
[  236.732448] AAAAA-TCP_FORW: name:enp0s8: saddr:100932208: daddr:16783984
[  236.733186] AAAAA-TCP_FORW: name:enp0s3: saddr:16783984: daddr:100932208
[  236.842176] AAAAA-TCP_FORW: name:enp0s8: saddr:100932208: daddr:16783984
[  236.843245] AAAAA-TCP_FORW: name:enp0s3: saddr:16783984: daddr:100932208
[  236.950455] AAAAA-TCP_FORW: name:enp0s8: saddr:100932208: daddr:33561200
[  236.952929] AAAAA-TCP_FORW: name:enp0s3: saddr:33561200: daddr:100932208
[  237.045529] AAAAA-TCP_FORW: name:enp0s8: saddr:100932208: daddr:33561200
[  237.047555] AAAAA-TCP_FORW: name:enp0s3: saddr:33561200: daddr:100932208
[  237.157074] AAAAA-TCP_FORW: name:enp0s8: saddr:100932208: daddr:16783984
[  237.158207] AAAAA-TCP_FORW: name:enp0s3: saddr:16783984: daddr:100932208
[  237.287042] AAAAA-TCP_FORW: name:enp0s8: saddr:100932208: daddr:16783984
[  237.288240] AAAAA-TCP_FORW: name:enp0s3: saddr:16783984: daddr:100932208
[  237.376280] AAAAA-TCP_FORW: name:enp0s8: saddr:100932208: daddr:16783984
[  237.377000] AAAAA-TCP_FORW: name:enp0s3: saddr:16783984: daddr:100932208
[  237.468817] AAAAA-TCP_FORW: name:enp0s8: saddr:100932208: daddr:33561200
[  237.470535] AAAAA-TCP_FORW: name:enp0s3: saddr:33561200: daddr:100932208
[  237.588136] AAAAA-TCP_FORW: name:enp0s8: saddr:100932208: daddr:33561200
[  237.589870] AAAAA-TCP_FORW: name:enp0s3: saddr:33561200: daddr:100932208
[  237.684448] AAAAA-TCP_FORW: name:enp0s8: saddr:100932208: daddr:33561200
[  237.686832] AAAAA-TCP_FORW: name:enp0s3: saddr:33561200: daddr:100932208
[  237.839061] AAAAA-TCP_FORW: name:enp0s8: saddr:100932208: daddr:33561200
[  237.840842] AAAAA-TCP_FORW: name:enp0s3: saddr:33561200: daddr:100932208
[  237.980917] AAAAA-TCP_FORW: name:enp0s8: saddr:100932208: daddr:16783984
[  237.982115] AAAAA-TCP_FORW: name:enp0s3: saddr:16783984: daddr:100932208
[  238.050681] AAAAA-TCP_FORW: name:enp0s8: saddr:100932208: daddr:16783984
[  238.051410] AAAAA-TCP_FORW: name:enp0s3: saddr:16783984: daddr:100932208
[  238.162467] AAAAA-TCP_FORW: name:enp0s8: saddr:100932208: daddr:16783984
[  238.163622] AAAAA-TCP_FORW: name:enp0s3: saddr:16783984: daddr:100932208
[  238.304071] AAAAA-TCP_FORW: name:enp0s8: saddr:100932208: daddr:16783984
[  238.304829] AAAAA-TCP_FORW: name:enp0s3: saddr:16783984: daddr:100932208
[  238.482290] AAAAA-TCP_FORW: name:enp0s8: saddr:100932208: daddr:33561200
[  238.484225] AAAAA-TCP_FORW: name:enp0s3: saddr:33561200: daddr:100932208
[  238.612297] AAAAA-TCP_FORW: name:enp0s8: saddr:100932208: daddr:33561200
[  238.914598] AAAAA-TCP_FORW: name:enp0s8: saddr:100932208: daddr:33561200
[  239.085576] AAAAA-TCP_FORW: name:enp0s8: saddr:100932208: daddr:33561200
[  239.209542] AAAAA-TCP_FORW: name:enp0s8: saddr:100932208: daddr:33561200
[  239.306228] AAAAA-TCP_FORW: name:enp0s8: saddr:100932208: daddr:33561200
[  239.470616] AAAAA-TCP_FORW: name:enp0s8: saddr:100932208: daddr:33561200
[  239.620995] AAAAA-TCP_FORW: name:enp0s8: saddr:100932208: daddr:33561200
[  239.747929] AAAAA-TCP_FORW: name:enp0s8: saddr:100932208: daddr:16783984
[  239.828662] AAAAA-TCP_FORW: name:enp0s8: saddr:100932208: daddr:16783984
[  239.990848] AAAAA-TCP_FORW: name:enp0s8: saddr:100932208: daddr:33561200
[  240.154322] AAAAA-TCP_FORW: name:enp0s8: saddr:100932208: daddr:33561200
[  240.260531] AAAAA-TCP_FORW: name:enp0s8: saddr:100932208: daddr:33561200
[  240.399042] AAAAA-TCP_FORW: name:enp0s8: saddr:100932208: daddr:33561200
[  240.506647] AAAAA-TCP_FORW: name:enp0s8: saddr:100932208: daddr:16783984
[  240.810260] AAAAA-TCP_FORW: name:enp0s8: saddr:100932208: daddr:16783984
[  240.896092] AAAAA-TCP_FORW: name:enp0s8: saddr:100932208: daddr:16783984
[  240.974333] AAAAA-TCP_FORW: name:enp0s8: saddr:100932208: daddr:33561200
[  241.114413] AAAAA-TCP_FORW: name:enp0s8: saddr:100932208: daddr:16783984
[  241.210419] AAAAA-TCP_FORW: name:enp0s8: saddr:100932208: daddr:16783984
[  241.321302] AAAAA-TCP_FORW: name:enp0s8: saddr:100932208: daddr:16783984
[  241.402757] AAAAA-TCP_FORW: name:enp0s8: saddr:100932208: daddr:16783984
[  241.498805] AAAAA-TCP_FORW: name:enp0s8: saddr:100932208: daddr:16783984
[  242.134138] AAAAA-TCP_FORW: name:enp0s8: saddr:100932208: daddr:16783984
[  242.327004] AAAAA-TCP_FORW: name:enp0s8: saddr:100932208: daddr:16783984
[  242.536328] AAAAA-TCP_FORW: name:enp0s8: saddr:100932208: daddr:16783984
[  242.659647] AAAAA-TCP_FORW: name:enp0s8: saddr:100932208: daddr:16783984
[  242.747352] AAAAA-TCP_FORW: name:enp0s8: saddr:100932208: daddr:16783984
[  242.869338] AAAAA-TCP_FORW: name:enp0s8: saddr:100932208: daddr:16783984
[  243.057170] AAAAA-TCP_FORW: name:enp0s8: saddr:100932208: daddr:16783984
[  243.344036] AAAAA-TCP_FORW: name:enp0s8: saddr:100932208: daddr:33561200
[  243.657485] AAAAA-TCP_FORW: name:enp0s8: saddr:100932208: daddr:16783984
[  243.788086] AAAAA-TCP_FORW: name:enp0s8: saddr:100932208: daddr:16783984
[  244.017228] AAAAA-TCP_FORW: name:enp0s8: saddr:100932208: daddr:33561200
[  244.202115] AAAAA-TCP_FORW: name:enp0s8: saddr:100932208: daddr:33561200
[  244.203174] AAAAA-TCP_FORW: name:enp0s3: saddr:33561200: daddr:100932208
[  244.363572] AAAAA-TCP_FORW: name:enp0s8: saddr:100932208: daddr:16783984
[  244.364947] AAAAA-TCP_FORW: name:enp0s3: saddr:16783984: daddr:100932208
[  244.532516] AAAAA-TCP_FORW: name:enp0s8: saddr:100932208: daddr:33561200
[  244.533221] AAAAA-TCP_FORW: name:enp0s3: saddr:33561200: daddr:100932208
[  244.605842] AAAAA-TCP_FORW: name:enp0s8: saddr:100932208: daddr:33561200
[  244.606949] AAAAA-TCP_FORW: name:enp0s3: saddr:33561200: daddr:100932208
[  244.898019] AAAAA-TCP_FORW: name:enp0s8: saddr:100932208: daddr:33561200
[  244.899383] AAAAA-TCP_FORW: name:enp0s3: saddr:33561200: daddr:100932208
[  244.990392] AAAAA-TCP_FORW: name:enp0s8: saddr:100932208: daddr:33561200
[  244.991312] AAAAA-TCP_FORW: name:enp0s3: saddr:33561200: daddr:100932208
[  245.115804] AAAAA-TCP_FORW: name:enp0s8: saddr:100932208: daddr:33561200
[  245.116804] AAAAA-TCP_FORW: name:enp0s3: saddr:33561200: daddr:100932208
[  245.234546] AAAAA-TCP_FORW: name:enp0s8: saddr:100932208: daddr:33561200
[  245.235566] AAAAA-TCP_FORW: name:enp0s3: saddr:33561200: daddr:100932208
[  245.396927] AAAAA-TCP_FORW: name:enp0s8: saddr:100932208: daddr:33561200
[  245.440914] AAAAA-TCP_FORW: name:enp0s3: saddr:33561200: daddr:100932208
[  245.502769] AAAAA-TCP_FORW: name:enp0s8: saddr:100932208: daddr:33561200
[  245.584731] AAAAA-TCP_FORW: name:enp0s3: saddr:33561200: daddr:100932208
[  245.642058] AAAAA-TCP_FORW: name:enp0s8: saddr:100932208: daddr:33561200
[  245.761034] AAAAA-TCP_FORW: name:enp0s8: saddr:100932208: daddr:33561200
[  245.762035] AAAAA-TCP_FORW: name:enp0s3: saddr:33561200: daddr:100932208
[  245.876839] AAAAA-TCP_FORW: name:enp0s8: saddr:100932208: daddr:33561200
[  245.878045] AAAAA-TCP_FORW: name:enp0s3: saddr:33561200: daddr:100932208
[  246.078591] AAAAA-TCP_FORW: name:enp0s8: saddr:100932208: daddr:33561200
[  246.079551] AAAAA-TCP_FORW: name:enp0s3: saddr:33561200: daddr:100932208
[  246.163562] AAAAA-TCP_FORW: name:enp0s8: saddr:100932208: daddr:33561200
[  246.164502] AAAAA-TCP_FORW: name:enp0s3: saddr:33561200: daddr:100932208
[  246.467972] AAAAA-TCP_FORW: name:enp0s8: saddr:100932208: daddr:33561200
[  246.469151] AAAAA-TCP_FORW: name:enp0s3: saddr:33561200: daddr:100932208
[  246.986584] AAAAA-TCP_FORW: name:enp0s8: saddr:100932208: daddr:16783984
[  246.988006] AAAAA-TCP_FORW: name:enp0s3: saddr:16783984: daddr:100932208
[  247.142382] AAAAA-TCP_FORW: name:enp0s8: saddr:100932208: daddr:16783984
[  247.143761] AAAAA-TCP_FORW: name:enp0s3: saddr:16783984: daddr:100932208
[  247.233224] AAAAA-TCP_FORW: name:enp0s8: saddr:100932208: daddr:16783984
[  247.233998] AAAAA-TCP_FORW: name:enp0s3: saddr:16783984: daddr:100932208
[  247.406922] AAAAA-TCP_FORW: name:enp0s8: saddr:100932208: daddr:33561200
[  247.408092] AAAAA-TCP_FORW: name:enp0s3: saddr:33561200: daddr:100932208
[  247.541283] AAAAA-TCP_FORW: name:enp0s8: saddr:100932208: daddr:16783984
[  247.542219] AAAAA-TCP_FORW: name:enp0s3: saddr:16783984: daddr:100932208
[  247.755848] AAAAA-TCP_FORW: name:enp0s8: saddr:100932208: daddr:16783984
[  247.756925] AAAAA-TCP_FORW: name:enp0s3: saddr:16783984: daddr:100932208
[  247.843911] AAAAA-TCP_FORW: name:enp0s8: saddr:100932208: daddr:16783984
[  247.844828] AAAAA-TCP_FORW: name:enp0s3: saddr:16783984: daddr:100932208
[  247.950843] AAAAA-TCP_FORW: name:enp0s8: saddr:100932208: daddr:16783984
[  247.951962] AAAAA-TCP_FORW: name:enp0s3: saddr:16783984: daddr:100932208
[  248.041836] AAAAA-TCP_FORW: name:enp0s8: saddr:100932208: daddr:33561200
[  248.042872] AAAAA-TCP_FORW: name:enp0s3: saddr:33561200: daddr:100932208
[  248.342057] AAAAA-TCP_FORW: name:enp0s8: saddr:100932208: daddr:33561200
[  248.343738] AAAAA-TCP_FORW: name:enp0s3: saddr:33561200: daddr:100932208
[  248.564884] AAAAA-TCP_FORW: name:enp0s8: saddr:100932208: daddr:33561200
[  248.566334] AAAAA-TCP_FORW: name:enp0s3: saddr:33561200: daddr:100932208
[  248.790375] AAAAA-TCP_FORW: name:enp0s8: saddr:100932208: daddr:33561200
[  248.791912] AAAAA-TCP_FORW: name:enp0s3: saddr:33561200: daddr:100932208
[  249.350508] AAAAA-TCP_FORW: name:enp0s8: saddr:100932208: daddr:33561200
[  249.351918] AAAAA-TCP_FORW: name:enp0s3: saddr:33561200: daddr:100932208
[  249.437355] AAAAA-TCP_FORW: name:enp0s8: saddr:100932208: daddr:16783984
[  249.438686] AAAAA-TCP_FORW: name:enp0s3: saddr:16783984: daddr:100932208
[  249.439077] AAAAA-TCP_FORW: name:enp0s3: saddr:33561200: daddr:100932208
[  249.439718] AAAAA-TCP_FORW: name:enp0s3: saddr:16783984: daddr:100932208
[  249.661098] AAAAA-TCP_FORW: name:enp0s8: saddr:100932208: daddr:33561200
[  257.086737] AAAAA-TCP_FORW: name:enp0s8: saddr:100932208: daddr:33561200
[  257.087903] AAAAA-TCP_FORW: name:enp0s3: saddr:33561200: daddr:100932208
[  257.218233] AAAAA-TCP_FORW: name:enp0s8: saddr:100932208: daddr:33561200
[  257.219167] AAAAA-TCP_FORW: name:enp0s3: saddr:33561200: daddr:100932208
[  257.339292] AAAAA-TCP_FORW: name:enp0s8: saddr:100932208: daddr:33561200
[  257.340250] AAAAA-TCP_FORW: name:enp0s3: saddr:33561200: daddr:100932208
[  257.420918] AAAAA-TCP_FORW: name:enp0s8: saddr:100932208: daddr:33561200
[  257.421913] AAAAA-TCP_FORW: name:enp0s3: saddr:33561200: daddr:100932208
[  257.541954] AAAAA-TCP_FORW: name:enp0s8: saddr:100932208: daddr:33561200
[  257.542742] AAAAA-TCP_FORW: name:enp0s3: saddr:33561200: daddr:100932208
[  257.585507] AAAAA-TCP_FORW: name:enp0s8: saddr:100932208: daddr:33561200
[  257.586379] AAAAA-TCP_FORW: name:enp0s3: saddr:33561200: daddr:100932208
[  257.718768] AAAAA-TCP_FORW: name:enp0s8: saddr:100932208: daddr:33561200
[  257.719654] AAAAA-TCP_FORW: name:enp0s3: saddr:33561200: daddr:100932208
[  257.847615] AAAAA-TCP_FORW: name:enp0s8: saddr:100932208: daddr:33561200
[  257.848461] AAAAA-TCP_FORW: name:enp0s3: saddr:33561200: daddr:100932208
[  257.889210] AAAAA-TCP_FORW: name:enp0s8: saddr:100932208: daddr:33561200
[  257.890050] AAAAA-TCP_FORW: name:enp0s3: saddr:33561200: daddr:100932208
[  258.048611] AAAAA-TCP_FORW: name:enp0s8: saddr:100932208: daddr:33561200
[  258.049567] AAAAA-TCP_FORW: name:enp0s3: saddr:33561200: daddr:100932208
[  258.153197] AAAAA-TCP_FORW: name:enp0s8: saddr:100932208: daddr:33561200
[  258.154069] AAAAA-TCP_FORW: name:enp0s3: saddr:33561200: daddr:100932208
[  258.218860] AAAAA-TCP_FORW: name:enp0s8: saddr:100932208: daddr:33561200
[  258.219829] AAAAA-TCP_FORW: name:enp0s3: saddr:33561200: daddr:100932208
[  258.422961] AAAAA-TCP_FORW: name:enp0s8: saddr:100932208: daddr:33561200
[  258.423834] AAAAA-TCP_FORW: name:enp0s3: saddr:33561200: daddr:100932208
[  258.483423] AAAAA-TCP_FORW: name:enp0s8: saddr:100932208: daddr:33561200
[  258.484410] AAAAA-TCP_FORW: name:enp0s3: saddr:33561200: daddr:100932208
[  258.545269] AAAAA-TCP_FORW: name:enp0s8: saddr:100932208: daddr:33561200
[  258.546078] AAAAA-TCP_FORW: name:enp0s3: saddr:33561200: daddr:100932208
[  258.653736] AAAAA-TCP_FORW: name:enp0s8: saddr:100932208: daddr:33561200
[  258.654572] AAAAA-TCP_FORW: name:enp0s3: saddr:33561200: daddr:100932208
[  258.778435] AAAAA-TCP_FORW: name:enp0s8: saddr:100932208: daddr:33561200
[  258.817801] AAAAA-TCP_FORW: name:enp0s8: saddr:100932208: daddr:33561200
[  258.818622] AAAAA-TCP_FORW: name:enp0s3: saddr:33561200: daddr:100932208
[  258.971538] AAAAA-TCP_FORW: name:enp0s8: saddr:100932208: daddr:33561200
[  259.009752] AAAAA-TCP_FORW: name:enp0s8: saddr:100932208: daddr:33561200
[  259.010711] AAAAA-TCP_FORW: name:enp0s3: saddr:33561200: daddr:100932208
[  259.073983] AAAAA-TCP_FORW: name:enp0s8: saddr:100932208: daddr:33561200
[  259.116997] AAAAA-TCP_FORW: name:enp0s3: saddr:33561200: daddr:100932208
[  259.216215] AAAAA-TCP_FORW: name:enp0s8: saddr:100932208: daddr:33561200
[  259.293820] AAAAA-TCP_FORW: name:enp0s8: saddr:100932208: daddr:33561200
[  259.294569] AAAAA-TCP_FORW: name:enp0s3: saddr:33561200: daddr:100932208
[  259.370071] AAAAA-TCP_FORW: name:enp0s8: saddr:100932208: daddr:33561200
[  259.471150] AAAAA-TCP_FORW: name:enp0s8: saddr:100932208: daddr:33561200
[  259.472052] AAAAA-TCP_FORW: name:enp0s3: saddr:33561200: daddr:100932208
[  259.612822] AAAAA-TCP_FORW: name:enp0s8: saddr:100932208: daddr:33561200
[  259.614398] AAAAA-TCP_FORW: name:enp0s3: saddr:33561200: daddr:100932208
[  259.701675] AAAAA-TCP_FORW: name:enp0s8: saddr:100932208: daddr:33561200
[  259.702978] AAAAA-TCP_FORW: name:enp0s3: saddr:33561200: daddr:100932208
[  259.812637] AAAAA-TCP_FORW: name:enp0s8: saddr:100932208: daddr:33561200
[  259.813996] AAAAA-TCP_FORW: name:enp0s3: saddr:33561200: daddr:100932208
[  259.859049] AAAAA-TCP_FORW: name:enp0s8: saddr:100932208: daddr:33561200
[  259.860129] AAAAA-TCP_FORW: name:enp0s3: saddr:33561200: daddr:100932208
[  259.922694] AAAAA-TCP_FORW: name:enp0s8: saddr:100932208: daddr:33561200
[  259.923665] AAAAA-TCP_FORW: name:enp0s3: saddr:33561200: daddr:100932208
[  259.987468] AAAAA-TCP_FORW: name:enp0s8: saddr:100932208: daddr:33561200
[  259.988757] AAAAA-TCP_FORW: name:enp0s3: saddr:33561200: daddr:100932208
[  260.072027] AAAAA-TCP_FORW: name:enp0s8: saddr:100932208: daddr:33561200
[  260.073458] AAAAA-TCP_FORW: name:enp0s3: saddr:33561200: daddr:100932208
[  260.143463] AAAAA-TCP_FORW: name:enp0s8: saddr:100932208: daddr:33561200
[  260.144898] AAAAA-TCP_FORW: name:enp0s3: saddr:33561200: daddr:100932208
[  260.216819] AAAAA-TCP_FORW: name:enp0s8: saddr:100932208: daddr:33561200
[  260.217889] AAAAA-TCP_FORW: name:enp0s3: saddr:33561200: daddr:100932208
[  260.234812] AAAAA-TCP_FORW: name:enp0s8: saddr:100932208: daddr:33561200
[  260.235711] AAAAA-TCP_FORW: name:enp0s3: saddr:33561200: daddr:100932208
[  260.329058] AAAAA-TCP_FORW: name:enp0s8: saddr:100932208: daddr:33561200
[  260.330326] AAAAA-TCP_FORW: name:enp0s3: saddr:33561200: daddr:100932208
[  260.400532] AAAAA-TCP_FORW: name:enp0s8: saddr:100932208: daddr:16783984
[  260.401449] AAAAA-TCP_FORW: name:enp0s3: saddr:16783984: daddr:100932208
[  260.438188] AAAAA-TCP_FORW: name:enp0s8: saddr:100932208: daddr:33561200
[  260.438948] AAAAA-TCP_FORW: name:enp0s3: saddr:33561200: daddr:100932208
[  260.508933] AAAAA-TCP_FORW: name:enp0s8: saddr:100932208: daddr:33561200
[  260.509589] AAAAA-TCP_FORW: name:enp0s3: saddr:33561200: daddr:100932208
[  260.592407] AAAAA-TCP_FORW: name:enp0s8: saddr:100932208: daddr:16783984
[  260.593480] AAAAA-TCP_FORW: name:enp0s3: saddr:16783984: daddr:100932208
[  260.627562] AAAAA-TCP_FORW: name:enp0s8: saddr:100932208: daddr:33561200
[  260.628325] AAAAA-TCP_FORW: name:enp0s3: saddr:33561200: daddr:100932208
[  260.668361] AAAAA-TCP_FORW: name:enp0s8: saddr:100932208: daddr:33561200
[  260.669147] AAAAA-TCP_FORW: name:enp0s3: saddr:33561200: daddr:100932208
[  260.737896] AAAAA-TCP_FORW: name:enp0s8: saddr:100932208: daddr:33561200
[  260.738658] AAAAA-TCP_FORW: name:enp0s3: saddr:33561200: daddr:100932208
[  260.772202] AAAAA-TCP_FORW: name:enp0s8: saddr:100932208: daddr:16783984
[  260.773458] AAAAA-TCP_FORW: name:enp0s3: saddr:16783984: daddr:100932208
[  260.800055] AAAAA-TCP_FORW: name:enp0s8: saddr:100932208: daddr:33561200
[  260.800966] AAAAA-TCP_FORW: name:enp0s3: saddr:33561200: daddr:100932208
[  260.880151] AAAAA-TCP_FORW: name:enp0s8: saddr:100932208: daddr:33561200
[  260.881480] AAAAA-TCP_FORW: name:enp0s3: saddr:33561200: daddr:100932208
[  260.915454] AAAAA-TCP_FORW: name:enp0s8: saddr:100932208: daddr:16783984
[  260.916499] AAAAA-TCP_FORW: name:enp0s3: saddr:16783984: daddr:100932208
[  260.938018] AAAAA-TCP_FORW: name:enp0s8: saddr:100932208: daddr:33561200
[  260.939212] AAAAA-TCP_FORW: name:enp0s3: saddr:33561200: daddr:100932208
[  260.974143] AAAAA-TCP_FORW: name:enp0s8: saddr:100932208: daddr:16783984
[  260.975461] AAAAA-TCP_FORW: name:enp0s3: saddr:16783984: daddr:100932208
[  261.006691] AAAAA-TCP_FORW: name:enp0s8: saddr:100932208: daddr:33561200
[  261.007574] AAAAA-TCP_FORW: name:enp0s3: saddr:33561200: daddr:100932208
[  261.015895] AAAAA-TCP_FORW: name:enp0s8: saddr:100932208: daddr:16783984
[  261.017002] AAAAA-TCP_FORW: name:enp0s3: saddr:16783984: daddr:100932208
[  261.114706] AAAAA-TCP_FORW: name:enp0s8: saddr:100932208: daddr:33561200
[  261.115825] AAAAA-TCP_FORW: name:enp0s3: saddr:33561200: daddr:100932208
[  261.144840] AAAAA-TCP_FORW: name:enp0s8: saddr:100932208: daddr:16783984
[  261.145904] AAAAA-TCP_FORW: name:enp0s3: saddr:16783984: daddr:100932208
[  261.202094] AAAAA-TCP_FORW: name:enp0s8: saddr:100932208: daddr:33561200
[  261.203423] AAAAA-TCP_FORW: name:enp0s3: saddr:33561200: daddr:100932208
[  261.291663] AAAAA-TCP_FORW: name:enp0s8: saddr:100932208: daddr:16783984
[  261.292910] AAAAA-TCP_FORW: name:enp0s3: saddr:16783984: daddr:100932208
[  261.345341] AAAAA-TCP_FORW: name:enp0s8: saddr:100932208: daddr:16783984
[  261.346856] AAAAA-TCP_FORW: name:enp0s3: saddr:16783984: daddr:100932208
[  261.420289] AAAAA-TCP_FORW: name:enp0s8: saddr:100932208: daddr:16783984
[  261.421500] AAAAA-TCP_FORW: name:enp0s3: saddr:16783984: daddr:100932208
[  261.456763] AAAAA-TCP_FORW: name:enp0s8: saddr:100932208: daddr:33561200
[  261.458133] AAAAA-TCP_FORW: name:enp0s3: saddr:33561200: daddr:100932208
[  261.546688] AAAAA-TCP_FORW: name:enp0s8: saddr:100932208: daddr:33561200
[  261.547915] AAAAA-TCP_FORW: name:enp0s3: saddr:33561200: daddr:100932208
[  261.577609] AAAAA-TCP_FORW: name:enp0s8: saddr:100932208: daddr:16783984
[  261.578828] AAAAA-TCP_FORW: name:enp0s3: saddr:16783984: daddr:100932208
[  261.639506] AAAAA-TCP_FORW: name:enp0s8: saddr:100932208: daddr:16783984
[  261.640676] AAAAA-TCP_FORW: name:enp0s3: saddr:16783984: daddr:100932208
[  261.732505] AAAAA-TCP_FORW: name:enp0s8: saddr:100932208: daddr:33561200
[  261.733609] AAAAA-TCP_FORW: name:enp0s3: saddr:33561200: daddr:100932208
[  261.786206] AAAAA-TCP_FORW: name:enp0s8: saddr:100932208: daddr:16783984
[  261.787242] AAAAA-TCP_FORW: name:enp0s3: saddr:16783984: daddr:100932208
[  261.820859] AAAAA-TCP_FORW: name:enp0s8: saddr:100932208: daddr:33561200
[  261.821954] AAAAA-TCP_FORW: name:enp0s3: saddr:33561200: daddr:100932208
[  262.075744] AAAAA-TCP_FORW: name:enp0s8: saddr:100932208: daddr:33561200
[  262.077239] AAAAA-TCP_FORW: name:enp0s3: saddr:33561200: daddr:100932208
[  262.169632] AAAAA-TCP_FORW: name:enp0s8: saddr:100932208: daddr:33561200
[  262.170593] AAAAA-TCP_FORW: name:enp0s3: saddr:33561200: daddr:100932208
[  262.495213] AAAAA-TCP_FORW: name:enp0s8: saddr:100932208: daddr:33561200
[  262.496476] AAAAA-TCP_FORW: name:enp0s3: saddr:33561200: daddr:100932208
[  262.580085] AAAAA-TCP_FORW: name:enp0s8: saddr:100932208: daddr:33561200
[  262.581939] AAAAA-TCP_FORW: name:enp0s3: saddr:33561200: daddr:100932208
[  262.646222] AAAAA-TCP_FORW: name:enp0s8: saddr:100932208: daddr:33561200
[  262.703640] AAAAA-TCP_FORW: name:enp0s3: saddr:33561200: daddr:100932208
[  263.032473] AAAAA-TCP_FORW: name:enp0s8: saddr:100932208: daddr:33561200
[  263.033485] AAAAA-TCP_FORW: name:enp0s3: saddr:33561200: daddr:100932208
[  263.209448] AAAAA-TCP_FORW: name:enp0s8: saddr:100932208: daddr:33561200
[  263.210388] AAAAA-TCP_FORW: name:enp0s3: saddr:33561200: daddr:100932208
[  263.520608] AAAAA-TCP_FORW: name:enp0s8: saddr:100932208: daddr:33561200
[  263.521585] AAAAA-TCP_FORW: name:enp0s3: saddr:33561200: daddr:100932208
[  263.672243] AAAAA-TCP_FORW: name:enp0s8: saddr:100932208: daddr:33561200
[  263.673677] AAAAA-TCP_FORW: name:enp0s3: saddr:33561200: daddr:100932208
[  263.719461] AAAAA-TCP_FORW: name:enp0s8: saddr:100932208: daddr:33561200
[  263.720830] AAAAA-TCP_FORW: name:enp0s3: saddr:33561200: daddr:100932208
[  263.792594] AAAAA-TCP_FORW: name:enp0s8: saddr:100932208: daddr:33561200
[  263.794255] AAAAA-TCP_FORW: name:enp0s3: saddr:33561200: daddr:100932208
[  263.917572] AAAAA-TCP_FORW: name:enp0s8: saddr:100932208: daddr:33561200
[  263.919145] AAAAA-TCP_FORW: name:enp0s3: saddr:33561200: daddr:100932208
[  264.098855] AAAAA-TCP_FORW: name:enp0s8: saddr:100932208: daddr:33561200
[  264.100597] AAAAA-TCP_FORW: name:enp0s3: saddr:33561200: daddr:100932208
[  264.195098] AAAAA-TCP_FORW: name:enp0s8: saddr:100932208: daddr:33561200
[  264.197133] AAAAA-TCP_FORW: name:enp0s3: saddr:33561200: daddr:100932208
[  264.322632] AAAAA-TCP_FORW: name:enp0s8: saddr:100932208: daddr:33561200
[  264.324219] AAAAA-TCP_FORW: name:enp0s3: saddr:33561200: daddr:100932208
[  264.482972] AAAAA-TCP_FORW: name:enp0s8: saddr:100932208: daddr:33561200
[  264.484727] AAAAA-TCP_FORW: name:enp0s3: saddr:33561200: daddr:100932208
[  264.575883] AAAAA-TCP_FORW: name:enp0s8: saddr:100932208: daddr:33561200
[  264.577417] AAAAA-TCP_FORW: name:enp0s3: saddr:33561200: daddr:100932208
[  264.702090] AAAAA-TCP_FORW: name:enp0s8: saddr:100932208: daddr:33561200
[  264.703692] AAAAA-TCP_FORW: name:enp0s3: saddr:33561200: daddr:100932208
[  264.778856] AAAAA-TCP_FORW: name:enp0s8: saddr:100932208: daddr:16783984
[  264.780036] AAAAA-TCP_FORW: name:enp0s3: saddr:16783984: daddr:100932208
[  264.863851] AAAAA-TCP_FORW: name:enp0s8: saddr:100932208: daddr:16783984
[  264.864623] AAAAA-TCP_FORW: name:enp0s3: saddr:16783984: daddr:100932208
[  264.968104] AAAAA-TCP_FORW: name:enp0s8: saddr:100932208: daddr:33561200
[  264.969487] AAAAA-TCP_FORW: name:enp0s3: saddr:33561200: daddr:100932208
[  265.154960] AAAAA-TCP_FORW: name:enp0s8: saddr:100932208: daddr:33561200
[  265.156210] AAAAA-TCP_FORW: name:enp0s3: saddr:33561200: daddr:100932208
[  265.215369] AAAAA-TCP_FORW: name:enp0s8: saddr:100932208: daddr:33561200
[  265.216814] AAAAA-TCP_FORW: name:enp0s3: saddr:33561200: daddr:100932208
[  265.276021] AAAAA-TCP_FORW: name:enp0s8: saddr:100932208: daddr:16783984
[  265.277348] AAAAA-TCP_FORW: name:enp0s3: saddr:16783984: daddr:100932208
[  265.329553] AAAAA-TCP_FORW: name:enp0s8: saddr:100932208: daddr:33561200
[  265.330805] AAAAA-TCP_FORW: name:enp0s3: saddr:33561200: daddr:100932208
[  265.390069] AAAAA-TCP_FORW: name:enp0s8: saddr:100932208: daddr:33561200
[  265.433074] AAAAA-TCP_FORW: name:enp0s3: saddr:33561200: daddr:100932208
[  265.499933] AAAAA-TCP_FORW: name:enp0s8: saddr:100932208: daddr:33561200
[  265.580887] AAAAA-TCP_FORW: name:enp0s3: saddr:33561200: daddr:100932208
[  265.665528] AAAAA-TCP_FORW: name:enp0s8: saddr:100932208: daddr:33561200
[  265.747593] AAAAA-TCP_FORW: name:enp0s8: saddr:100932208: daddr:16783984
[  265.749242] AAAAA-TCP_FORW: name:enp0s3: saddr:16783984: daddr:100932208
[  265.802231] AAAAA-TCP_FORW: name:enp0s8: saddr:100932208: daddr:33561200
[  265.803870] AAAAA-TCP_FORW: name:enp0s3: saddr:33561200: daddr:100932208
[  265.880381] AAAAA-TCP_FORW: name:enp0s8: saddr:100932208: daddr:16783984
[  265.881848] AAAAA-TCP_FORW: name:enp0s3: saddr:16783984: daddr:100932208
[  265.936621] AAAAA-TCP_FORW: name:enp0s8: saddr:100932208: daddr:16783984
[  265.938113] AAAAA-TCP_FORW: name:enp0s3: saddr:16783984: daddr:100932208
[  266.031324] AAAAA-TCP_FORW: name:enp0s8: saddr:100932208: daddr:33561200
[  266.132555] AAAAA-TCP_FORW: name:enp0s8: saddr:100932208: daddr:33561200
[  266.134059] AAAAA-TCP_FORW: name:enp0s3: saddr:33561200: daddr:100932208
[  266.206434] AAAAA-TCP_FORW: name:enp0s8: saddr:100932208: daddr:16783984
[  266.207873] AAAAA-TCP_FORW: name:enp0s3: saddr:16783984: daddr:100932208
[  266.321347] AAAAA-TCP_FORW: name:enp0s8: saddr:100932208: daddr:16783984
[  266.322818] AAAAA-TCP_FORW: name:enp0s3: saddr:16783984: daddr:100932208
[  266.404137] AAAAA-TCP_FORW: name:enp0s8: saddr:100932208: daddr:16783984
[  266.405624] AAAAA-TCP_FORW: name:enp0s3: saddr:16783984: daddr:100932208
[  266.497453] AAAAA-TCP_FORW: name:enp0s8: saddr:100932208: daddr:33561200
[  266.560742] AAAAA-TCP_FORW: name:enp0s8: saddr:100932208: daddr:33561200
[  266.562040] AAAAA-TCP_FORW: name:enp0s3: saddr:33561200: daddr:100932208
[  266.651706] AAAAA-TCP_FORW: name:enp0s8: saddr:100932208: daddr:16783984
[  266.652465] AAAAA-TCP_FORW: name:enp0s3: saddr:16783984: daddr:100932208
[  266.717716] AAAAA-TCP_FORW: name:enp0s8: saddr:100932208: daddr:16783984
[  266.718925] AAAAA-TCP_FORW: name:enp0s3: saddr:16783984: daddr:100932208
[  266.762024] AAAAA-TCP_FORW: name:enp0s8: saddr:100932208: daddr:33561200
[  266.791713] AAAAA-TCP_FORW: name:enp0s8: saddr:100932208: daddr:16783984
[  266.792447] AAAAA-TCP_FORW: name:enp0s3: saddr:16783984: daddr:100932208
[  266.859924] AAAAA-TCP_FORW: name:enp0s8: saddr:100932208: daddr:16783984
[  266.861129] AAAAA-TCP_FORW: name:enp0s3: saddr:16783984: daddr:100932208
[  266.933024] AAAAA-TCP_FORW: name:enp0s3: saddr:33561200: daddr:100932208
[  266.941385] AAAAA-TCP_FORW: name:enp0s3: saddr:16783984: daddr:100932208
[  267.086294] AAAAA-TCP_FORW: name:enp0s3: saddr:16783984: daddr:100932208
[  267.264469] AAAAA-TCP_FORW: name:enp0s3: saddr:33561200: daddr:100932208
[  267.698184] AAAAA-TCP_FORW: name:enp0s3: saddr:16783984: daddr:100932208
[  267.839141] AAAAA-TCP_FORW: name:enp0s3: saddr:16783984: daddr:100932208
[  269.170393] AAAAA-TCP_FORW: name:enp0s3: saddr:16783984: daddr:100932208
[  270.090644] AAAAA-TCP_FORW: name:enp0s8: saddr:100932208: daddr:33561200
[  271.075106] AAAAA-TCP_FORW: name:enp0s8: saddr:100932208: daddr:16783984
[  271.076352] AAAAA-TCP_FORW: name:enp0s3: saddr:16783984: daddr:100932208
[  271.926145] AAAAA-TCP_FORW: name:enp0s8: saddr:100932208: daddr:16783984
[  271.927266] AAAAA-TCP_FORW: name:enp0s3: saddr:16783984: daddr:100932208
[  272.257954] AAAAA-TCP_FORW: name:enp0s8: saddr:100932208: daddr:16783984
[  272.259028] AAAAA-TCP_FORW: name:enp0s3: saddr:16783984: daddr:100932208
[  273.167435] AAAAA-TCP_FORW: name:enp0s8: saddr:100932208: daddr:16783984
[  273.168842] AAAAA-TCP_FORW: name:enp0s3: saddr:16783984: daddr:100932208
[  273.398989] AAAAA-TCP_FORW: name:enp0s8: saddr:100932208: daddr:16783984
[  273.400166] AAAAA-TCP_FORW: name:enp0s3: saddr:16783984: daddr:100932208
[  273.489503] AAAAA-TCP_FORW: name:enp0s8: saddr:100932208: daddr:16783984
[  273.490662] AAAAA-TCP_FORW: name:enp0s3: saddr:16783984: daddr:100932208
[  273.666980] AAAAA-TCP_FORW: name:enp0s8: saddr:100932208: daddr:16783984
[  273.668227] AAAAA-TCP_FORW: name:enp0s3: saddr:16783984: daddr:100932208
[  274.116493] AAAAA-TCP_FORW: name:enp0s8: saddr:100932208: daddr:16783984
