[    0.000000] Linux version 5.4.243-mptcp (root@ztg) (gcc version 12.2.0 (Debian 12.2.0-14+deb12u1)) #53 SMP Wed Dec 24 23:28:15 CST 2025
[    0.000000] Command line: BOOT_IMAGE=/boot/vmlinuz-5.4.243-mptcp root=UUID=98415a12-53b7-4144-8265-0f7ece09e445 ro quiet splash
[    0.000000] KERNEL supported cpus:
[    0.000000]   Intel GenuineIntel
[    0.000000]   AMD AuthenticAMD
[    0.000000]   Hygon HygonGenuine
[    0.000000]   Centaur CentaurHauls
[    0.000000]   zhaoxin   Shanghai  
[    0.000000] x86/fpu: Supporting XSAVE feature 0x001: 'x87 floating point registers'
[    0.000000] x86/fpu: Supporting XSAVE feature 0x002: 'SSE registers'
[    0.000000] x86/fpu: Supporting XSAVE feature 0x004: 'AVX registers'
[    0.000000] x86/fpu: xstate_offset[2]:  576, xstate_sizes[2]:  256
[    0.000000] x86/fpu: Enabled xstate features 0x7, context size is 832 bytes, using 'standard' format.
[    0.000000] BIOS-provided physical RAM map:
[    0.000000] BIOS-e820: [mem 0x0000000000000000-0x000000000009fbff] usable
[    0.000000] BIOS-e820: [mem 0x000000000009fc00-0x000000000009ffff] reserved
[    0.000000] BIOS-e820: [mem 0x00000000000f0000-0x00000000000fffff] reserved
[    0.000000] BIOS-e820: [mem 0x0000000000100000-0x000000007ffeffff] usable
[    0.000000] BIOS-e820: [mem 0x000000007fff0000-0x000000007fffffff] ACPI data
[    0.000000] BIOS-e820: [mem 0x00000000fec00000-0x00000000fec00fff] reserved
[    0.000000] BIOS-e820: [mem 0x00000000fee00000-0x00000000fee00fff] reserved
[    0.000000] BIOS-e820: [mem 0x00000000fffc0000-0x00000000ffffffff] reserved
[    0.000000] NX (Execute Disable) protection: active
[    0.000000] SMBIOS 2.5 present.
[    0.000000] DMI: innotek GmbH VirtualBox/VirtualBox, BIOS VirtualBox 12/01/2006
[    0.000000] Hypervisor detected: KVM
[    0.000000] kvm-clock: Using msrs 4b564d01 and 4b564d00
[    0.000000] kvm-clock: cpu 0, msr 11401001, primary cpu clock
[    0.000000] kvm-clock: using sched offset of 4448936183 cycles
[    0.000003] clocksource: kvm-clock: mask: 0xffffffffffffffff max_cycles: 0x1cd42e4dffb, max_idle_ns: 881590591483 ns
[    0.000006] tsc: Detected 2100.000 MHz processor
[    0.001892] e820: update [mem 0x00000000-0x00000fff] usable ==> reserved
[    0.001895] e820: remove [mem 0x000a0000-0x000fffff] usable
[    0.001899] last_pfn = 0x7fff0 max_arch_pfn = 0x400000000
[    0.001967] MTRR default type: uncachable
[    0.001968] MTRR fixed ranges enabled:
[    0.001969]   00000-9FFFF write-back
[    0.001970]   A0000-BFFFF uncachable
[    0.001971]   C0000-FFFFF write-protect
[    0.001971] MTRR variable ranges enabled:
[    0.001973]   0 base 000000000000 mask 3FFF80000000 write-back
[    0.001973]   1 disabled
[    0.001974]   2 disabled
[    0.001974]   3 disabled
[    0.001975]   4 disabled
[    0.001975]   5 disabled
[    0.001975]   6 disabled
[    0.001976]   7 disabled
[    0.001976]   8 disabled
[    0.001977]   9 disabled
[    0.001977]   10 disabled
[    0.001978]   11 disabled
[    0.001978]   12 disabled
[    0.001978]   13 disabled
[    0.001979]   14 disabled
[    0.001979]   15 disabled
[    0.001995] x86/PAT: Configuration [0-7]: WB  WC  UC- UC  WB  WP  UC- WT  
[    0.002131] found SMP MP-table at [mem 0x0009fff0-0x0009ffff]
[    0.093043] check: Scanning 1 areas for low memory corruption
[    0.093282] RAMDISK: [mem 0x32271000-0x3512ffff]
[    0.093290] ACPI: Early table checksum verification disabled
[    0.093295] ACPI: RSDP 0x00000000000E0000 000024 (v02 VBOX  )
[    0.093300] ACPI: XSDT 0x000000007FFF0030 00003C (v01 VBOX   VBOXXSDT 00000001 ASL  00000061)
[    0.093307] ACPI: FACP 0x000000007FFF00F0 0000F4 (v04 VBOX   VBOXFACP 00000001 ASL  00000061)
[    0.093313] ACPI: DSDT 0x000000007FFF02E0 002353 (v02 VBOX   VBOXBIOS 00000002 VBOX 00029BF3)
[    0.093317] ACPI: FACS 0x000000007FFF0200 000040
[    0.093321] ACPI: FACS 0x000000007FFF0200 000040
[    0.093324] ACPI: APIC 0x000000007FFF0240 000054 (v02 VBOX   VBOXAPIC 00000001 ASL  00000061)
[    0.093328] ACPI: SSDT 0x000000007FFF02A0 000038 (v01 VBOX   VBOXCPUT 00000002 VBOX 00029BF3)
[    0.093331] ACPI: Reserving FACP table memory at [mem 0x7fff00f0-0x7fff01e3]
[    0.093332] ACPI: Reserving DSDT table memory at [mem 0x7fff02e0-0x7fff2632]
[    0.093333] ACPI: Reserving FACS table memory at [mem 0x7fff0200-0x7fff023f]
[    0.093333] ACPI: Reserving FACS table memory at [mem 0x7fff0200-0x7fff023f]
[    0.093334] ACPI: Reserving APIC table memory at [mem 0x7fff0240-0x7fff0293]
[    0.093335] ACPI: Reserving SSDT table memory at [mem 0x7fff02a0-0x7fff02d7]
[    0.093350] ACPI: Local APIC address 0xfee00000
[    0.093542] No NUMA configuration found
[    0.093543] Faking a node at [mem 0x0000000000000000-0x000000007ffeffff]
[    0.093553] NODE_DATA(0) allocated [mem 0x7ffc5000-0x7ffeffff]
[    0.093816] Zone ranges:
[    0.093817]   DMA      [mem 0x0000000000001000-0x0000000000ffffff]
[    0.093818]   DMA32    [mem 0x0000000001000000-0x000000007ffeffff]
[    0.093819]   Normal   empty
[    0.093820]   Device   empty
[    0.093820] Movable zone start for each node
[    0.093822] Early memory node ranges
[    0.093823]   node   0: [mem 0x0000000000001000-0x000000000009efff]
[    0.093824]   node   0: [mem 0x0000000000100000-0x000000007ffeffff]
[    0.093827] Zeroed struct page in unavailable ranges: 114 pages
[    0.093828] Initmem setup node 0 [mem 0x0000000000001000-0x000000007ffeffff]
[    0.093829] On node 0 totalpages: 524174
[    0.093831]   DMA zone: 64 pages used for memmap
[    0.093831]   DMA zone: 21 pages reserved
[    0.093832]   DMA zone: 3998 pages, LIFO batch:0
[    0.093905]   DMA32 zone: 8128 pages used for memmap
[    0.093906]   DMA32 zone: 520176 pages, LIFO batch:63
[    0.103027] ACPI: PM-Timer IO Port: 0x4008
[    0.103031] ACPI: Local APIC address 0xfee00000
[    0.103106] IOAPIC[0]: apic_id 1, version 32, address 0xfec00000, GSI 0-23
[    0.103110] ACPI: INT_SRC_OVR (bus 0 bus_irq 0 global_irq 2 dfl dfl)
[    0.103112] ACPI: INT_SRC_OVR (bus 0 bus_irq 9 global_irq 9 low level)
[    0.103114] ACPI: IRQ0 used by override.
[    0.103115] ACPI: IRQ9 used by override.
[    0.103118] Using ACPI (MADT) for SMP configuration information
[    0.103124] smpboot: Allowing 1 CPUs, 0 hotplug CPUs
[    0.103150] PM: Registered nosave memory: [mem 0x00000000-0x00000fff]
[    0.103151] PM: Registered nosave memory: [mem 0x0009f000-0x0009ffff]
[    0.103152] PM: Registered nosave memory: [mem 0x000a0000-0x000effff]
[    0.103152] PM: Registered nosave memory: [mem 0x000f0000-0x000fffff]
[    0.103154] [mem 0x80000000-0xfebfffff] available for PCI devices
[    0.103155] Booting paravirtualized kernel on KVM
[    0.103158] clocksource: refined-jiffies: mask: 0xffffffff max_cycles: 0xffffffff, max_idle_ns: 7645519600211568 ns
[    0.103163] setup_percpu: NR_CPUS:8192 nr_cpumask_bits:1 nr_cpu_ids:1 nr_node_ids:1
[    0.104179] percpu: Embedded 60 pages/cpu s208896 r8192 d28672 u2097152
[    0.104184] pcpu-alloc: s208896 r8192 d28672 u2097152 alloc=1*2097152
[    0.104185] pcpu-alloc: [0] 0 
[    0.104212] Built 1 zonelists, mobility grouping on.  Total pages: 515961
[    0.104213] Policy zone: DMA32
[    0.104214] Kernel command line: BOOT_IMAGE=/boot/vmlinuz-5.4.243-mptcp root=UUID=98415a12-53b7-4144-8265-0f7ece09e445 ro quiet splash
[    0.105080] Dentry cache hash table entries: 262144 (order: 9, 2097152 bytes, linear)
[    0.105232] Inode-cache hash table entries: 131072 (order: 8, 1048576 bytes, linear)
[    0.105285] mem auto-init: stack:off, heap alloc:on, heap free:off
[    0.105287] Calgary: detecting Calgary via BIOS EBDA area
[    0.105288] Calgary: Unable to locate Rio Grande table in EBDA - bailing!
[    0.109680] Memory: 1967332K/2096696K available (14339K kernel code, 2398K rwdata, 4712K rodata, 2728K init, 17260K bss, 129364K reserved, 0K cma-reserved)
[    0.110610] SLUB: HWalign=64, Order=0-3, MinObjects=0, CPUs=1, Nodes=1
[    0.110628] ftrace: allocating 43186 entries in 169 pages
[    0.128886] rcu: Hierarchical RCU implementation.
[    0.128888] rcu: 	RCU restricting CPUs from NR_CPUS=8192 to nr_cpu_ids=1.
[    0.128889] 	Tasks RCU enabled.
[    0.128890] rcu: RCU calculated value of scheduler-enlistment delay is 25 jiffies.
[    0.128891] rcu: Adjusting geometry for rcu_fanout_leaf=16, nr_cpu_ids=1
[    0.131883] NR_IRQS: 524544, nr_irqs: 256, preallocated irqs: 16
[    0.132101] random: crng init done
[    0.141420] Console: colour VGA+ 80x25
[    0.141425] printk: console [tty0] enabled
[    0.141447] ACPI: Core revision 20190816
[    0.141550] APIC: Switch to symmetric I/O mode setup
[    0.141801] x2apic enabled
[    0.142040] Switched APIC routing to physical x2apic.
[    0.143183] ..TIMER: vector=0x30 apic1=0 pin1=2 apic2=-1 pin2=-1
[    0.143212] clocksource: tsc-early: mask: 0xffffffffffffffff max_cycles: 0x1e4530a99b6, max_idle_ns: 440795257976 ns
[    0.143218] Calibrating delay loop (skipped) preset value.. 4200.00 BogoMIPS (lpj=8400000)
[    0.143220] pid_max: default: 32768 minimum: 301
[    0.143248] LSM: Security Framework initializing
[    0.143258] Yama: becoming mindful.
[    0.143284] AppArmor: AppArmor initialized
[    0.143319] Mount-cache hash table entries: 4096 (order: 3, 32768 bytes, linear)
[    0.143323] Mountpoint-cache hash table entries: 4096 (order: 3, 32768 bytes, linear)
[    0.143333] *** VALIDATE tmpfs ***
[    0.143464] *** VALIDATE proc ***
[    0.143515] *** VALIDATE cgroup1 ***
[    0.143516] *** VALIDATE cgroup2 ***
[    0.143667] process: using mwait in idle threads
[    0.143672] Last level iTLB entries: 4KB 64, 2MB 8, 4MB 8
[    0.143672] Last level dTLB entries: 4KB 64, 2MB 0, 4MB 0, 1GB 4
[    0.143693] Spectre V1 : Mitigation: usercopy/swapgs barriers and __user pointer sanitization
[    0.143698] Spectre V2 : Mitigation: Retpolines
[    0.143699] Spectre V2 : Spectre v2 / SpectreRSB mitigation: Filling RSB on context switch
[    0.143700] Spectre V2 : Spectre v2 / SpectreRSB : Filling RSB on VMEXIT
[    0.143700] RETBleed: WARNING: Spectre v2 mitigation leaves CPU vulnerable to RETBleed attacks, data leaks possible!
[    0.144056] RETBleed: Vulnerable
[    0.144056] Speculative Store Bypass: Vulnerable
[    0.144061] TAA: Mitigation: TSX disabled
[    0.144062] MMIO Stale Data: Mitigation: Clear CPU buffers
[    0.148384] Freeing SMP alternatives memory: 40K
[    0.259976] smpboot: CPU0: Intel(R) Xeon(R) Silver 4216 CPU @ 2.10GHz (family: 0x6, model: 0x55, stepping: 0x7)
[    0.260127] Performance Events: unsupported p6 CPU model 85 no PMU driver, software events only.
[    0.260170] rcu: Hierarchical SRCU implementation.
[    0.260740] NMI watchdog: Perf NMI watchdog permanently disabled
[    0.260787] smp: Bringing up secondary CPUs ...
[    0.260788] smp: Brought up 1 node, 1 CPU
[    0.260789] smpboot: Max logical packages: 1
[    0.260791] smpboot: Total of 1 processors activated (4200.00 BogoMIPS)
[    0.261878] devtmpfs: initialized
[    0.261930] x86/mm: Memory block size: 128MB
[    0.262326] clocksource: jiffies: mask: 0xffffffff max_cycles: 0xffffffff, max_idle_ns: 7645041785100000 ns
[    0.262333] futex hash table entries: 256 (order: 2, 16384 bytes, linear)
[    0.262382] pinctrl core: initialized pinctrl subsystem
[    0.262495] PM: RTC time: 20:53:26, date: 2026-01-19
[    0.262619] NET: Registered protocol family 16
[    0.262712] audit: initializing netlink subsys (disabled)
[    0.262856] EISA bus registered
[    0.262857] cpuidle: using governor ladder
[    0.262858] cpuidle: using governor menu
[    0.262905] ACPI: bus type PCI registered
[    0.262907] acpiphp: ACPI Hot Plug PCI Controller Driver version: 0.5
[    0.263023] PCI: Using configuration type 1 for base access
[    0.264569] audit: type=2000 audit(1768827212.622:1): state=initialized audit_enabled=0 res=1
[    0.264648] HugeTLB registered 2.00 MiB page size, pre-allocated 0 pages
[    0.265469] ACPI: Added _OSI(Module Device)
[    0.265469] ACPI: Added _OSI(Processor Device)
[    0.265470] ACPI: Added _OSI(3.0 _SCP Extensions)
[    0.265471] ACPI: Added _OSI(Processor Aggregator Device)
[    0.265472] ACPI: Added _OSI(Linux-Dell-Video)
[    0.265473] ACPI: Added _OSI(Linux-Lenovo-NV-HDMI-Audio)
[    0.265474] ACPI: Added _OSI(Linux-HPI-Hybrid-Graphics)
[    0.267563] ACPI: 2 ACPI AML tables successfully acquired and loaded
[    0.269101] ACPI: Interpreter enabled
[    0.269110] ACPI: (supports S0 S5)
[    0.269112] ACPI: Using IOAPIC for interrupt routing
[    0.269327] PCI: Using host bridge windows from ACPI; if necessary, use "pci=nocrs" and report a bug
[    0.269434] ACPI: Enabled 2 GPEs in block 00 to 07
[    0.274349] ACPI: PCI Root Bridge [PCI0] (domain 0000 [bus 00-ff])
[    0.274355] acpi PNP0A03:00: _OSC: OS supports [ASPM ClockPM Segments MSI HPX-Type3]
[    0.274798] acpi PNP0A03:00: _OSC: not requesting OS control; OS requires [ExtendedConfig ASPM ClockPM MSI]
[    0.274806] acpi PNP0A03:00: fail to add MMCONFIG information, can't access extended PCI configuration space under this bridge.
[    0.275175] PCI host bridge to bus 0000:00
[    0.275177] pci_bus 0000:00: root bus resource [io  0x0000-0x0cf7 window]
[    0.275178] pci_bus 0000:00: root bus resource [io  0x0d00-0xffff window]
[    0.275180] pci_bus 0000:00: root bus resource [mem 0x000a0000-0x000bffff window]
[    0.275181] pci_bus 0000:00: root bus resource [mem 0x80000000-0xfdffffff window]
[    0.275182] pci_bus 0000:00: root bus resource [bus 00-ff]
[    0.275293] pci 0000:00:00.0: [8086:1237] type 00 class 0x060000
[    0.276237] pci 0000:00:01.0: [8086:7000] type 00 class 0x060100
[    0.276978] pci 0000:00:01.1: [8086:7111] type 00 class 0x01018a
[    0.277360] pci 0000:00:01.1: reg 0x20: [io  0xd000-0xd00f]
[    0.277515] pci 0000:00:01.1: legacy IDE quirk: reg 0x10: [io  0x01f0-0x01f7]
[    0.277516] pci 0000:00:01.1: legacy IDE quirk: reg 0x14: [io  0x03f6]
[    0.277517] pci 0000:00:01.1: legacy IDE quirk: reg 0x18: [io  0x0170-0x0177]
[    0.277518] pci 0000:00:01.1: legacy IDE quirk: reg 0x1c: [io  0x0376]
[    0.278055] pci 0000:00:02.0: [15ad:0405] type 00 class 0x030000
[    0.281133] pci 0000:00:02.0: reg 0x10: [io  0xd010-0xd01f]
[    0.283272] pci 0000:00:02.0: reg 0x14: [mem 0xe0000000-0xe7ffffff pref]
[    0.285883] pci 0000:00:02.0: reg 0x18: [mem 0xf0000000-0xf01fffff]
[    0.296004] pci 0000:00:03.0: [1022:2000] type 00 class 0x020000
[    0.296674] pci 0000:00:03.0: reg 0x10: [io  0xd020-0xd03f]
[    0.299355] pci 0000:00:03.0: reg 0x14: [mem 0xf0200000-0xf0200fff]
[    0.302887] pci 0000:00:04.0: [80ee:cafe] type 00 class 0x088000
[    0.303326] pci 0000:00:04.0: reg 0x10: [io  0xd040-0xd05f]
[    0.303938] pci 0000:00:04.0: reg 0x14: [mem 0xf0400000-0xf07fffff]
[    0.304556] pci 0000:00:04.0: reg 0x18: [mem 0xf0800000-0xf0803fff pref]
[    0.308150] pci 0000:00:07.0: [8086:7113] type 00 class 0x068000
[    0.308683] pci 0000:00:07.0: quirk: [io  0x4000-0x403f] claimed by PIIX4 ACPI
[    0.308693] pci 0000:00:07.0: quirk: [io  0x4100-0x410f] claimed by PIIX4 SMB
[    0.309305] pci 0000:00:08.0: [8086:100e] type 00 class 0x020000
[    0.310018] pci 0000:00:08.0: reg 0x10: [mem 0xf0820000-0xf083ffff]
[    0.311163] pci 0000:00:08.0: reg 0x18: [io  0xd060-0xd067]
[    0.314449] pci 0000:00:09.0: [8086:100e] type 00 class 0x020000
[    0.315299] pci 0000:00:09.0: reg 0x10: [mem 0xf0840000-0xf085ffff]
[    0.316530] pci 0000:00:09.0: reg 0x18: [io  0xd068-0xd06f]
[    0.327827] ACPI: PCI Interrupt Link [LNKA] (IRQs 5 9 10 *11)
[    0.328108] ACPI: PCI Interrupt Link [LNKB] (IRQs 5 9 *10 11)
[    0.328219] ACPI: PCI Interrupt Link [LNKC] (IRQs 5 *9 10 11)
[    0.328327] ACPI: PCI Interrupt Link [LNKD] (IRQs 5 9 10 *11)
[    0.328616] iommu: Default domain type: Translated 
[    0.328678] pci 0000:00:02.0: vgaarb: setting as boot VGA device
[    0.328680] pci 0000:00:02.0: vgaarb: VGA device added: decodes=io+mem,owns=io+mem,locks=none
[    0.328682] pci 0000:00:02.0: vgaarb: bridge control possible
[    0.328683] vgaarb: loaded
[    0.328899] SCSI subsystem initialized
[    0.328931] libata version 3.00 loaded.
[    0.328955] ACPI: bus type USB registered
[    0.328971] usbcore: registered new interface driver usbfs
[    0.328977] usbcore: registered new interface driver hub
[    0.328985] usbcore: registered new device driver usb
[    0.329012] pps_core: LinuxPPS API ver. 1 registered
[    0.329012] pps_core: Software ver. 5.3.6 - Copyright 2005-2007 Rodolfo Giometti <giometti@linux.it>
[    0.329015] PTP clock support registered
[    0.329049] EDAC MC: Ver: 3.0.0
[    0.329337] PCI: Using ACPI for IRQ routing
[    0.329339] PCI: pci_cache_line_size set to 64 bytes
[    0.329510] e820: reserve RAM buffer [mem 0x0009fc00-0x0009ffff]
[    0.329513] e820: reserve RAM buffer [mem 0x7fff0000-0x7fffffff]
[    0.330339] NetLabel: Initializing
[    0.330340] NetLabel:  domain hash size = 128
[    0.330340] NetLabel:  protocols = UNLABELED CIPSOv4 CALIPSO
[    0.330361] NetLabel:  unlabeled traffic allowed by default
[    0.331338] clocksource: Switched to clocksource kvm-clock
[    0.345718] *** VALIDATE bpf ***
[    0.345779] VFS: Disk quotas dquot_6.6.0
[    0.345791] VFS: Dquot-cache hash table entries: 512 (order 0, 4096 bytes)
[    0.345813] *** VALIDATE ramfs ***
[    0.345817] *** VALIDATE hugetlbfs ***
[    0.345897] AppArmor: AppArmor Filesystem Enabled
[    0.345922] pnp: PnP ACPI init
[    0.345989] pnp 00:00: Plug and Play ACPI device, IDs PNP0303 (active)
[    0.346056] pnp 00:01: Plug and Play ACPI device, IDs PNP0f03 (active)
[    0.346803] pnp: PnP ACPI: found 2 devices
[    0.347145] thermal_sys: Registered thermal governor 'fair_share'
[    0.347145] thermal_sys: Registered thermal governor 'bang_bang'
[    0.347145] thermal_sys: Registered thermal governor 'step_wise'
[    0.347145] thermal_sys: Registered thermal governor 'user_space'
[    0.347145] thermal_sys: Registered thermal governor 'power_allocator'
[    0.352357] clocksource: acpi_pm: mask: 0xffffff max_cycles: 0xffffff, max_idle_ns: 2085701024 ns
[    0.352412] pci_bus 0000:00: resource 4 [io  0x0000-0x0cf7 window]
[    0.352413] pci_bus 0000:00: resource 5 [io  0x0d00-0xffff window]
[    0.352415] pci_bus 0000:00: resource 6 [mem 0x000a0000-0x000bffff window]
[    0.352416] pci_bus 0000:00: resource 7 [mem 0x80000000-0xfdffffff window]
[    0.352487] NET: Registered protocol family 2
[    0.352563] IP idents hash table entries: 32768 (order: 6, 262144 bytes, linear)
[    0.352977] MPTCP tokens hash table entries: 8192 (order: 4, 65536 bytes, linear)
[    0.352998] MPTCP request tokens hash table entries: 8192 (order: 4, 65536 bytes, linear)
[    0.353024] default registered
[    0.353024] default registered
[    0.353025] MPTCP: Stable release v0.96
[    0.353030] tcp_listen_portaddr_hash hash table entries: 1024 (order: 2, 16384 bytes, linear)
[    0.353112] TCP established hash table entries: 16384 (order: 5, 131072 bytes, linear)
[    0.353177] TCP bind hash table entries: 16384 (order: 6, 262144 bytes, linear)
[    0.353203] TCP: Hash tables configured (established 16384 bind 16384)
[    0.353907] UDP hash table entries: 1024 (order: 3, 32768 bytes, linear)
[    0.353919] UDP-Lite hash table entries: 1024 (order: 3, 32768 bytes, linear)
[    0.353953] NET: Registered protocol family 1
[    0.353962] NET: Registered protocol family 44
[    0.353983] pci 0000:00:00.0: Limiting direct PCI/PCI transfers
[    0.353995] pci 0000:00:01.0: Activating ISA DMA hang workarounds
[    0.354052] pci 0000:00:02.0: Video device with shadowed ROM at [mem 0x000c0000-0x000dffff]
[    0.354114] PCI: CLS 0 bytes, default 64
[    0.354165] Trying to unpack rootfs image as initramfs...
[    0.528052] Freeing initrd memory: 47868K
[    0.528052] clocksource: tsc: mask: 0xffffffffffffffff max_cycles: 0x1e4530a99b6, max_idle_ns: 440795257976 ns
[    0.528052] clocksource: Switched to clocksource tsc
[    0.528052] platform rtc_cmos: registered platform RTC device (no PNP device found)
[    0.528052] check: Scanning for low memory corruption every 60 seconds
[    0.528052] Initialise system trusted keyrings
[    0.528052] Key type blacklist registered
[    0.528052] workingset: timestamp_bits=36 max_order=19 bucket_order=0
[    0.528052] zbud: loaded
[    0.528052] squashfs: version 4.0 (2009/01/31) Phillip Lougher
[    0.528052] fuse: init (API version 7.31)
[    0.528052] *** VALIDATE fuse ***
[    0.528052] *** VALIDATE fuse ***
[    0.528052] Platform Keyring initialized
[    0.540817] Key type asymmetric registered
[    0.540819] Asymmetric key parser 'x509' registered
[    0.540829] Block layer SCSI generic (bsg) driver version 0.4 loaded (major 244)
[    0.540871] io scheduler mq-deadline registered
[    0.540999] shpchp: Standard Hot Plug PCI Controller Driver version: 0.4
[    0.541205] ACPI: AC Adapter [AC] (on-line)
[    0.541250] input: Power Button as /devices/LNXSYSTM:00/LNXPWRBN:00/input/input0
[    0.541278] ACPI: Power Button [PWRF]
[    0.541357] input: Sleep Button as /devices/LNXSYSTM:00/LNXSLPBN:00/input/input1
[    0.541373] ACPI: Sleep Button [SLPF]
[    0.541594] Serial: 8250/16550 driver, 32 ports, IRQ sharing enabled
[    0.542825] Linux agpgart interface v0.103
[    0.639184] loop: module loaded
[    0.639356] ata_piix 0000:00:01.1: version 2.13
[    0.639766] scsi host0: ata_piix
[    0.639861] scsi host1: ata_piix
[    0.639887] ata1: PATA max UDMA/33 cmd 0x1f0 ctl 0x3f6 bmdma 0xd000 irq 14
[    0.639888] ata2: PATA max UDMA/33 cmd 0x170 ctl 0x376 bmdma 0xd008 irq 15
[    0.639971] tun: Universal TUN/TAP device driver, 1.6
[    0.640277] PPP generic driver version 2.4.2
[    0.640321] VFIO - User Level meta-driver version: 0.3
[    0.640573] ehci_hcd: USB 2.0 'Enhanced' Host Controller (EHCI) Driver
[    0.640578] ehci-pci: EHCI PCI platform driver
[    0.640594] ehci-platform: EHCI generic platform driver
[    0.640600] ohci_hcd: USB 1.1 'Open' Host Controller (OHCI) Driver
[    0.640602] ohci-pci: OHCI PCI platform driver
[    0.640609] ohci-platform: OHCI generic platform driver
[    0.640614] uhci_hcd: USB Universal Host Controller Interface driver
[    0.640681] i8042: PNP: PS/2 Controller [PNP0303:PS2K,PNP0f03:PS2M] at 0x60,0x64 irq 1,12
[    0.641134] serio: i8042 KBD port at 0x60,0x64 irq 1
[    0.641138] serio: i8042 AUX port at 0x60,0x64 irq 12
[    0.641230] mousedev: PS/2 mouse device common for all mice
[    0.641487] input: AT Translated Set 2 keyboard as /devices/platform/i8042/serio0/input/input2
[    0.641890] rtc_cmos rtc_cmos: registered as rtc0
[    0.641903] rtc_cmos rtc_cmos: alarms up to one day, 114 bytes nvram
[    0.641909] i2c /dev entries driver
[    0.641954] device-mapper: uevent: version 1.0.3
[    0.641998] device-mapper: ioctl: 4.41.0-ioctl (2019-09-16) initialised: dm-devel@redhat.com
[    0.642014] platform eisa.0: Probing EISA bus 0
[    0.642016] platform eisa.0: EISA: Cannot allocate resource for mainboard
[    0.642017] platform eisa.0: Cannot allocate resource for EISA slot 1
[    0.642018] platform eisa.0: Cannot allocate resource for EISA slot 2
[    0.642019] platform eisa.0: Cannot allocate resource for EISA slot 3
[    0.642020] platform eisa.0: Cannot allocate resource for EISA slot 4
[    0.642021] platform eisa.0: Cannot allocate resource for EISA slot 5
[    0.642022] platform eisa.0: Cannot allocate resource for EISA slot 6
[    0.642023] platform eisa.0: Cannot allocate resource for EISA slot 7
[    0.642024] platform eisa.0: Cannot allocate resource for EISA slot 8
[    0.642025] platform eisa.0: EISA: Detected 0 cards
[    0.642028] intel_pstate: CPU model not supported
[    0.642038] ledtrig-cpu: registered to indicate activity on CPUs
[    0.642094] drop_monitor: Initializing network drop monitor service
[    0.642256] NET: Registered protocol family 10
[    0.647275] Segment Routing with IPv6
[    0.647275] fullmesh registered
[    0.647275] ndiffports registered
[    0.647275] binder registered
[    0.647275] roundrobin registered
[    0.647275] redundant registered
[    0.647275] blest registered
[    0.647275] ecf registered
[    0.647275] NET: Registered protocol family 17
[    0.647275] Key type dns_resolver registered
[    0.647275] RAS: Correctable Errors collector initialized.
[    0.647275] IPI shorthand broadcast: enabled
[    0.647275] sched_clock: Marking stable (632151036, 11124102)->(642468651, 806487)
[    0.647719] registered taskstats version 1
[    0.647728] Loading compiled-in X.509 certificates
[    0.648316] Loaded X.509 cert 'Build time autogenerated kernel key: 6909f3744cebb3d0de528d5887b96a727de79b1e'
[    0.648335] zswap: loaded using pool lzo/zbud
[    0.648388] Key type ._fscrypt registered
[    0.648389] Key type .fscrypt registered
[    0.653020] Key type big_key registered
[    0.655205] Key type encrypted registered
[    0.655207] AppArmor: AppArmor sha1 policy hashing enabled
[    0.655215] ima: No TPM chip found, activating TPM-bypass!
[    0.655218] ima: Allocated hash algorithm: sha1
[    0.655223] ima: No architecture policies found
[    0.655232] evm: Initialising EVM extended attributes:
[    0.655233] evm: security.selinux
[    0.655234] evm: security.SMACK64
[    0.655234] evm: security.SMACK64EXEC
[    0.655234] evm: security.SMACK64TRANSMUTE
[    0.655235] evm: security.SMACK64MMAP
[    0.655235] evm: security.apparmor
[    0.655236] evm: security.ima
[    0.655237] evm: security.capability
[    0.655237] evm: HMAC attrs: 0x1
[    0.655528] PM:   Magic number: 10:857:902
[    0.655561] acpi PNP0501:02: hash matches
[    0.655637] rtc_cmos rtc_cmos: setting system clock to 2026-01-19T20:53:27 UTC (1768856007)
[    0.810702] ata1.00: ATA-6: VBOX HARDDISK, 1.0, max UDMA/133
[    0.810704] ata1.00: 209715200 sectors, multi 128: LBA 
[    0.811132] scsi 0:0:0:0: Direct-Access     ATA      VBOX HARDDISK    1.0  PQ: 0 ANSI: 5
[    0.811338] sd 0:0:0:0: [sda] 209715200 512-byte logical blocks: (107 GB/100 GiB)
[    0.811344] sd 0:0:0:0: [sda] Write Protect is off
[    0.811346] sd 0:0:0:0: [sda] Mode Sense: 00 3a 00 00
[    0.811356] sd 0:0:0:0: [sda] Write cache: enabled, read cache: enabled, doesn't support DPO or FUA
[    0.811549] sd 0:0:0:0: Attached scsi generic sg0 type 0
[    0.812293]  sda: sda1 sda2
[    0.823284] sd 0:0:0:0: [sda] Attached SCSI disk
[    0.825110] Freeing unused decrypted memory: 2040K
[    0.825810] Freeing unused kernel image memory: 2728K
[    0.825813] Write protecting the kernel read-only data: 22528k
[    0.826489] Freeing unused kernel image memory: 2036K
[    0.826896] Freeing unused kernel image memory: 1432K
[    0.840048] x86/mm: Checked W+X mappings: passed, no W+X pages found.
[    0.840053] Run /init as init process
[    0.935099] ACPI: Video Device [GFX0] (multi-head: yes  rom: no  post: no)
[    0.935173] input: Video Bus as /devices/LNXSYSTM:00/LNXSYBUS:00/PNP0A03:00/LNXVIDEO:00/input/input4
[    0.948913] pcnet32: pcnet32.c:v1.35 21.Apr.2008 tsbogend@alpha.franken.de
[    0.950461] piix4_smbus 0000:00:07.0: SMBus Host Controller at 0x4100, revision 0
[    0.953062] e1000: Intel(R) PRO/1000 Network Driver - version 7.3.21-k8-NAPI
[    0.953063] e1000: Copyright (c) 1999-2006 Intel Corporation.
[    0.964151] pcnet32: PCnet/FAST III 79C973 at 0xd020, 08:00:27:6b:1a:71 assigned IRQ 19
[    0.964196] pcnet32: Found PHY 0022:561b at address 0
[    0.964512] pcnet32: eth0: registered as PCnet/FAST III 79C973
[    0.970506] pcnet32: 1 cards_found
[    1.028164] pcnet32 0000:00:03.0 enp0s3: renamed from eth0
[    1.164703] input: ImExPS/2 Generic Explorer Mouse as /devices/platform/i8042/serio1/input/input5
[    1.363540] e1000 0000:00:08.0 eth0: (PCI:33MHz:32-bit) 08:00:27:c8:a2:b3
[    1.363544] e1000 0000:00:08.0 eth0: Intel(R) PRO/1000 Network Connection
[    1.739679] e1000 0000:00:09.0 eth1: (PCI:33MHz:32-bit) 08:00:27:34:ec:57
[    1.739681] e1000 0000:00:09.0 eth1: Intel(R) PRO/1000 Network Connection
[    1.740958] e1000 0000:00:09.0 enp0s9: renamed from eth1
[    1.743559] e1000 0000:00:08.0 enp0s8: renamed from eth0
[    1.893066] EXT4-fs (sda2): mounted filesystem with ordered data mode. Opts: (null)
[    1.975674] systemd[1]: Inserted module 'autofs4'
[    1.986076] systemd[1]: systemd 245.4-4ubuntu3 running in system mode. (+PAM +AUDIT +SELINUX +IMA +APPARMOR +SMACK +SYSVINIT +UTMP +LIBCRYPTSETUP +GCRYPT +GNUTLS +ACL +XZ +LZ4 +SECCOMP +BLKID +ELFUTILS +KMOD +IDN2 -IDN +PCRE2 default-hierarchy=hybrid)
[    1.986110] systemd[1]: Detected virtualization oracle.
[    1.986113] systemd[1]: Detected architecture x86-64.
[    1.987460] systemd[1]: Set hostname to <ztg>.
[    2.111557] systemd[1]: /lib/systemd/system/dbus.socket:5: ListenStream= references a path below legacy directory /var/run/, updating /var/run/dbus/system_bus_socket â†’ /run/dbus/system_bus_socket; please update the unit file accordingly.
[    2.166335] systemd[1]: Created slice system-modprobe.slice.
[    2.166527] systemd[1]: Created slice User and Session Slice.
[    2.166572] systemd[1]: Started Forward Password Requests to Wall Directory Watch.
[    2.166745] systemd[1]: Set up automount Arbitrary Executable File Formats File System Automount Point.
[    2.166790] systemd[1]: Reached target User and Group Name Lookups.
[    2.166801] systemd[1]: Reached target Remote File Systems.
[    2.166810] systemd[1]: Reached target Slices.
[    2.167330] systemd[1]: Listening on Syslog Socket.
[    2.167398] systemd[1]: Listening on fsck to fsckd communication Socket.
[    2.167438] systemd[1]: Listening on initctl Compatibility Named Pipe.
[    2.167578] systemd[1]: Listening on Journal Audit Socket.
[    2.167631] systemd[1]: Listening on Journal Socket (/dev/log).
[    2.167703] systemd[1]: Listening on Journal Socket.
[    2.167768] systemd[1]: Listening on udev Control Socket.
[    2.167808] systemd[1]: Listening on udev Kernel Socket.
[    2.168586] systemd[1]: Mounting Huge Pages File System...
[    2.169528] systemd[1]: Mounting POSIX Message Queue File System...
[    2.170405] systemd[1]: Mounting Kernel Debug File System...
[    2.171292] systemd[1]: Mounting Kernel Trace File System...
[    2.173460] systemd[1]: Starting Journal Service...
[    2.203315] systemd[1]: Starting Set the console keyboard layout...
[    2.205448] systemd[1]: Starting Create list of static device nodes for the current kernel...
[    2.211025] systemd[1]: Starting Load Kernel Module drm...
[    2.214673] systemd[1]: Condition check resulted in Set Up Additional Binary Formats being skipped.
[    2.216172] systemd[1]: Condition check resulted in File System Check on Root Device being skipped.
[    2.224057] systemd[1]: Starting Load Kernel Modules...
[    2.228718] systemd[1]: Starting Remount Root and Kernel File Systems...
[    2.241068] systemd[1]: Starting udev Coldplug all Devices...
[    2.249013] systemd[1]: Starting Uncomplicated firewall...
[    2.250740] systemd[1]: Mounted Huge Pages File System.
[    2.250832] systemd[1]: Mounted POSIX Message Queue File System.
[    2.250906] systemd[1]: Mounted Kernel Debug File System.
[    2.250975] systemd[1]: Mounted Kernel Trace File System.
[    2.271697] EXT4-fs (sda2): re-mounted. Opts: errors=remount-ro
[    2.296203] systemd[1]: Finished Create list of static device nodes for the current kernel.
[    2.297646] systemd[1]: modprobe@drm.service: Succeeded.
[    2.304719] systemd[1]: Finished Load Kernel Module drm.
[    2.305342] systemd[1]: Finished Remount Root and Kernel File Systems.
[    2.306219] systemd[1]: Finished Uncomplicated firewall.
[    2.322995] lp: driver loaded but no devices found
[    2.325230] systemd[1]: Condition check resulted in Rebuild Hardware Database being skipped.
[    2.325276] systemd[1]: Condition check resulted in Platform Persistent Storage Archival being skipped.
[    2.326020] systemd[1]: Starting Load/Save Random Seed...
[    2.330365] ppdev: user-space parallel port driver
[    2.344069] systemd[1]: Starting Create System Users...
[    2.352228] systemd[1]: Finished Load/Save Random Seed.
[    2.356271] systemd[1]: Finished Create System Users.
[    2.356997] systemd[1]: Starting Create Static Device Nodes in /dev...
[    2.388501] systemd[1]: Finished Create Static Device Nodes in /dev.
[    2.389396] systemd[1]: Starting udev Kernel Device Manager...
[    2.427228] systemd[1]: Finished udev Coldplug all Devices.
[    2.428983] [drm] DMA map mode: Caching DMA mappings.
[    2.429045] [drm] Capabilities:
[    2.429046] [drm]   Rect copy.
[    2.429046] [drm]   Cursor.
[    2.429046] [drm]   Cursor bypass.
[    2.429047] [drm]   Cursor bypass 2.
[    2.429047] [drm]   Alpha cursor.
[    2.429048] [drm]   Extended Fifo.
[    2.429048] [drm]   Pitchlock.
[    2.429048] [drm]   Irq mask.
[    2.429049] [drm]   GMR.
[    2.429049] [drm]   Traces.
[    2.429049] [drm]   GMR2.
[    2.429050] [drm]   Screen Object 2.
[    2.429050] [drm]   Command Buffers.
[    2.429051] [drm]   Command Buffers 2.
[    2.429051] [drm]   Guest Backed Resources.
[    2.429052] [drm] Max GMR ids is 8192
[    2.429053] [drm] Max number of GMR pages is 1048576
[    2.429053] [drm] Max dedicated hypervisor surface memory is 393216 kiB
[    2.429054] [drm] Maximum display memory size is 131072 kiB
[    2.429054] [drm] VRAM at 0xe0000000 size is 131072 kiB
[    2.429055] [drm] MMIO at 0xf0000000 size is 2048 kiB
[    2.430924] [TTM] Zone  kernel: Available graphics memory: 1011738 KiB
[    2.430945] [TTM] Initializing pool allocator
[    2.430949] [TTM] Initializing DMA pool allocator
[    2.430982] [drm] Supports vblank timestamp caching Rev 2 (21.10.2013).
[    2.430982] [drm] No driver support for vblank timestamp query.
[    2.431522] [drm] Screen Target Display device initialized
[    2.431743] [drm] width 720
[    2.431751] [drm] height 400
[    2.431755] [drm] bpp 32
[    2.432259] [drm] Fifo max 0x00200000 min 0x00001000 cap 0x00000355
[    2.433377] [drm] Using command buffers with DMA pool.
[    2.433382] [drm] DX: no.
[    2.433382] [drm] Atomic: yes.
[    2.433383] [drm] SM4_1: no.
[    2.433404] [drm:vmw_host_log [vmwgfx]] *ERROR* Failed to send host log message.
[    2.434311] [drm:vmw_host_log [vmwgfx]] *ERROR* Failed to send host log message.
[    2.460277] fbcon: svgadrmfb (fb0) is primary device
[    2.462439] Console: switching to colour frame buffer device 100x37
[    2.467525] [drm] Initialized vmwgfx 2.15.0 20180704 for 0000:00:02.0 on minor 0
[    2.468592] systemd[1]: Finished Load Kernel Modules.
[    2.469554] systemd[1]: Mounting FUSE Control File System...
[    2.470717] systemd[1]: Mounting Kernel Configuration File System...
[    2.485132] systemd[1]: Starting Apply Kernel Variables...
[    2.494270] systemd[1]: Mounted FUSE Control File System.
[    2.494349] systemd[1]: Condition check resulted in VMware vmblock fuse mount being skipped.
[    2.498554] systemd[1]: Mounted Kernel Configuration File System.
[    2.524718] systemd[1]: Finished Set the console keyboard layout.
[    2.524850] systemd[1]: Reached target Local File Systems (Pre).
[    2.531461] systemd[1]: Mounting Mount unit for bare, revision 5...
[    2.542225] systemd[1]: Mounting Mount unit for core18, revision 1705...
[    2.557705] systemd[1]: Mounting Mount unit for gnome-3-34-1804, revision 24...
[    2.559503] systemd[1]: Mounting Mount unit for gtk-common-themes, revision 1506...
[    2.581697] systemd[1]: Mounting Mount unit for gtk-common-themes, revision 1535...
[    2.590596] systemd[1]: Mounting Mount unit for snap-store, revision 433...
[    2.595052] systemd[1]: Mounting Mount unit for snapd, revision 25935...
[    2.601902] systemd[1]: Finished Apply Kernel Variables.
[    2.614146] systemd[1]: Mounted Mount unit for bare, revision 5.
[    2.640756] systemd[1]: Mounted Mount unit for core18, revision 1705.
[    2.640848] systemd[1]: Mounted Mount unit for gnome-3-34-1804, revision 24.
[    2.640927] systemd[1]: Mounted Mount unit for gtk-common-themes, revision 1506.
[    2.645498] systemd[1]: Started udev Kernel Device Manager.
[    2.646248] systemd[1]: Starting Show Plymouth Boot Screen...
[    2.650819] systemd[1]: Received SIGRTMIN+20 from PID 275 (plymouthd).
[    2.670932] systemd[1]: Started Show Plymouth Boot Screen.
[    2.671086] systemd[1]: Condition check resulted in Dispatch Password Requests to Console Directory Watch being skipped.
[    2.671187] systemd[1]: Started Forward Password Requests to Plymouth Directory Watch.
[    2.671233] systemd[1]: Reached target Local Encrypted Volumes.
[    2.740674] systemd[1]: Mounted Mount unit for gtk-common-themes, revision 1535.
[    2.740950] systemd[1]: Mounted Mount unit for snap-store, revision 433.
[    2.741131] systemd[1]: Mounted Mount unit for snapd, revision 25935.
[    2.741282] systemd[1]: Reached target Local File Systems.
[    2.744298] systemd[1]: Starting Load AppArmor profiles...
[    2.745226] systemd[1]: Starting Set console font and keymap...
[    2.755786] systemd[1]: Starting Tell Plymouth To Write Out Runtime Data...
[    2.759837] systemd[1]: Condition check resulted in Store a System Token in an EFI Variable being skipped.
[    2.759894] systemd[1]: Condition check resulted in Commit a transient machine-id on disk being skipped.
[    2.763802] systemd[1]: Finished Set console font and keymap.
[    2.771203] systemd[1]: Received SIGRTMIN+20 from PID 275 (plymouthd).
[    2.773150] systemd[1]: plymouth-read-write.service: Succeeded.
[    2.773390] systemd[1]: Finished Tell Plymouth To Write Out Runtime Data.
[    2.792964] audit: type=1400 audit(1768856009.632:2): apparmor="STATUS" operation="profile_load" profile="unconfined" name="nvidia_modprobe" pid=301 comm="apparmor_parser"
[    2.792966] audit: type=1400 audit(1768856009.632:3): apparmor="STATUS" operation="profile_load" profile="unconfined" name="nvidia_modprobe//kmod" pid=301 comm="apparmor_parser"
[    2.816488] audit: type=1400 audit(1768856009.656:4): apparmor="STATUS" operation="profile_load" profile="unconfined" name="/usr/sbin/tcpdump" pid=302 comm="apparmor_parser"
[    2.844336] audit: type=1400 audit(1768856009.680:5): apparmor="STATUS" operation="profile_load" profile="unconfined" name="/usr/bin/evince" pid=304 comm="apparmor_parser"
[    2.844338] audit: type=1400 audit(1768856009.680:6): apparmor="STATUS" operation="profile_load" profile="unconfined" name="/usr/bin/evince//sanitized_helper" pid=304 comm="apparmor_parser"
[    2.844340] audit: type=1400 audit(1768856009.680:7): apparmor="STATUS" operation="profile_load" profile="unconfined" name="/usr/bin/evince-previewer" pid=304 comm="apparmor_parser"
[    2.844341] audit: type=1400 audit(1768856009.680:8): apparmor="STATUS" operation="profile_load" profile="unconfined" name="/usr/bin/evince-previewer//sanitized_helper" pid=304 comm="apparmor_parser"
[    2.844343] audit: type=1400 audit(1768856009.680:9): apparmor="STATUS" operation="profile_load" profile="unconfined" name="/usr/bin/evince-thumbnailer" pid=304 comm="apparmor_parser"
[    2.882106] audit: type=1400 audit(1768856009.720:10): apparmor="STATUS" operation="profile_load" profile="unconfined" name="/usr/lib/cups/backend/cups-pdf" pid=305 comm="apparmor_parser"
[    2.946521] systemd[1]: Finished Load AppArmor profiles.
[    2.947948] systemd[1]: Starting Load AppArmor profiles managed internally by snapd...
[    3.069247] systemd[1]: Finished Load AppArmor profiles managed internally by snapd.
[    3.184426] systemd[1]: Started Journal Service.
[    3.194541] systemd-journald[229]: Received client request to flush runtime journal.
[    3.198504] systemd-journald[229]: File /var/log/journal/c455b248004a419c87ce85eea238d727/system.journal corrupted or uncleanly shut down, renaming and replacing.
[    4.556175] RAPL PMU: API unit is 2^-32 Joules, 0 fixed counters, 10737418240 ms ovfl timer
[    4.598864] cryptd: max_cpu_qlen set to 1000
[    4.659118] AVX2 version of gcm_enc/dec engaged.
[    4.659119] AES CTR mode by8 optimization enabled
[    6.610470] Adding 1998844k swap on /dev/sda1.  Priority:-2 extents:1 across:1998844k FS
[    8.385528] kauditd_printk_skb: 30 callbacks suppressed
[    8.385530] audit: type=1400 audit(1768856015.220:41): apparmor="DENIED" operation="capable" profile="/usr/sbin/cups-browsed" pid=509 comm="cups-browsed" capability=23  capname="sys_nice"
[    9.198929] pcnet32 0000:00:03.0 enp0s3: link up, 100Mbps, full-duplex
[    9.247349] e1000: enp0s8 NIC Link is Up 1000 Mbps Full Duplex, Flow Control: RX
[    9.247733] IPv6: ADDRCONF(NETDEV_CHANGE): enp0s8: link becomes ready
[    9.266289] e1000: enp0s9 NIC Link is Up 1000 Mbps Full Duplex, Flow Control: RX
[    9.266579] IPv6: ADDRCONF(NETDEV_CHANGE): enp0s9: link becomes ready
[    9.928750] device enp0s3 entered promiscuous mode
[    9.954143] audit: type=1400 audit(1768856016.796:42): apparmor="DENIED" operation="open" profile="/usr/sbin/tcpdump" name="/proc/sys/kernel/random/boot_id" pid=661 comm="tcpdump" requested_mask="r" denied_mask="r" fsuid=0 ouid=0
[    9.954458] audit: type=1400 audit(1768856016.796:43): apparmor="DENIED" operation="open" profile="/usr/sbin/tcpdump" name="/proc/sys/kernel/random/boot_id" pid=661 comm="tcpdump" requested_mask="r" denied_mask="r" fsuid=0 ouid=0
[    9.954510] audit: type=1400 audit(1768856016.796:44): apparmor="DENIED" operation="open" profile="/usr/sbin/tcpdump" name="/proc/sys/kernel/random/boot_id" pid=661 comm="tcpdump" requested_mask="r" denied_mask="r" fsuid=0 ouid=0
[    9.954531] audit: type=1400 audit(1768856016.796:45): apparmor="DENIED" operation="open" profile="/usr/sbin/tcpdump" name="/proc/sys/kernel/random/boot_id" pid=661 comm="tcpdump" requested_mask="r" denied_mask="r" fsuid=0 ouid=0
[    9.961344] audit: type=1400 audit(1768856016.800:46): apparmor="DENIED" operation="open" profile="/usr/sbin/tcpdump" name="/proc/sys/kernel/random/boot_id" pid=662 comm="tcpdump" requested_mask="r" denied_mask="r" fsuid=0 ouid=0
[    9.961553] audit: type=1400 audit(1768856016.800:47): apparmor="DENIED" operation="open" profile="/usr/sbin/tcpdump" name="/proc/sys/kernel/random/boot_id" pid=662 comm="tcpdump" requested_mask="r" denied_mask="r" fsuid=0 ouid=0
[    9.961593] audit: type=1400 audit(1768856016.800:48): apparmor="DENIED" operation="open" profile="/usr/sbin/tcpdump" name="/proc/sys/kernel/random/boot_id" pid=662 comm="tcpdump" requested_mask="r" denied_mask="r" fsuid=0 ouid=0
[    9.961682] audit: type=1400 audit(1768856016.800:49): apparmor="DENIED" operation="open" profile="/usr/sbin/tcpdump" name="/proc/sys/kernel/random/boot_id" pid=662 comm="tcpdump" requested_mask="r" denied_mask="r" fsuid=0 ouid=0
[   15.985729] rfkill: input handler disabled
[  141.298183] AAAAA-TCP_FORW: name:enp0s3: saddr:100932208: daddr:16783984
[  141.503315] AAAAA-TCP_FORW: name:enp0s3: saddr:16783984: daddr:100932208
[  141.579366] AAAAA-TCP_FORW: name:enp0s3: saddr:100932208: daddr:16783984
[  141.628076] AAAAA-TCP_FORW: name:enp0s3: saddr:100932208: daddr:16783984
[  141.839551] AAAAA-TCP_FORW: name:enp0s3: saddr:16783984: daddr:100932208
[  141.917648] AAAAA-TCP_FORW: name:enp0s3: saddr:16783984: daddr:100932208
[  141.931312] AAAAA-TCP_FORW: name:enp0s3: saddr:100932208: daddr:33561200
[  142.035302] AAAAA-TCP_FORW: name:enp0s3: saddr:16783984: daddr:100932208
[  142.072669] AAAAA-TCP_FORW: name:enp0s3: saddr:100932208: daddr:16783984
[  142.133802] AAAAA-TCP_FORW: name:enp0s3: saddr:100932208: daddr:16783984
[  142.331171] AAAAA-TCP_FORW: name:enp0s3: saddr:33561200: daddr:100932208
[  142.441668] AAAAA-TCP_FORW: name:enp0s3: saddr:100932208: daddr:33561200
[  142.568910] AAAAA-TCP_FORW: name:enp0s3: saddr:16783984: daddr:100932208
[  142.750365] AAAAA-TCP_FORW: name:enp0s3: saddr:100932208: daddr:16783984
[  143.071397] AAAAA-TCP_FORW: name:enp0s3: saddr:33561200: daddr:100932208
[  143.249183] AAAAA-TCP_FORW: name:enp0s3: saddr:16783984: daddr:100932208
[  143.283642] AAAAA-TCP_FORW: name:enp0s3: saddr:16783984: daddr:100932208
[  143.761534] AAAAA-TCP_FORW: name:enp0s3: saddr:16783984: daddr:100932208
[  144.606700] AAAAA-TCP_FORW: name:enp0s3: saddr:16783984: daddr:100932208
[  144.960180] AAAAA-TCP_FORW: name:enp0s3: saddr:16783984: daddr:100932208
[  145.163058] AAAAA-TCP_FORW: name:enp0s3: saddr:16783984: daddr:100932208
[  145.801235] AAAAA-TCP_FORW: name:enp0s3: saddr:33561200: daddr:100932208
[  145.856034] AAAAA-TCP_FORW: name:enp0s3: saddr:16783984: daddr:100932208
[  145.915672] AAAAA-TCP_FORW: name:enp0s3: saddr:16783984: daddr:100932208
[  146.529544] AAAAA-TCP_FORW: name:enp0s3: saddr:33561200: daddr:100932208
[  147.039909] AAAAA-TCP_FORW: name:enp0s3: saddr:33561200: daddr:100932208
[  147.152021] AAAAA-TCP_FORW: name:enp0s3: saddr:16783984: daddr:100932208
[  147.412577] AAAAA-TCP_FORW: name:enp0s3: saddr:16783984: daddr:100932208
[  147.639648] AAAAA-TCP_FORW: name:enp0s3: saddr:16783984: daddr:100932208
[  147.712205] AAAAA-TCP_FORW: name:enp0s3: saddr:16783984: daddr:100932208
[  147.845395] AAAAA-TCP_FORW: name:enp0s3: saddr:16783984: daddr:100932208
[  147.883065] AAAAA-TCP_FORW: name:enp0s3: saddr:16783984: daddr:100932208
[  147.985098] AAAAA-TCP_FORW: name:enp0s3: saddr:16783984: daddr:100932208
[  148.208321] AAAAA-TCP_FORW: name:enp0s3: saddr:16783984: daddr:100932208
[  148.358820] AAAAA-TCP_FORW: name:enp0s3: saddr:16783984: daddr:100932208
[  148.463940] AAAAA-TCP_FORW: name:enp0s3: saddr:16783984: daddr:100932208
[  148.557523] AAAAA-TCP_FORW: name:enp0s3: saddr:16783984: daddr:100932208
[  148.815633] AAAAA-TCP_FORW: name:enp0s3: saddr:33561200: daddr:100932208
[  149.071937] AAAAA-TCP_FORW: name:enp0s3: saddr:33561200: daddr:100932208
[  149.222464] AAAAA-TCP_FORW: name:enp0s3: saddr:33561200: daddr:100932208
[  149.424692] AAAAA-TCP_FORW: name:enp0s3: saddr:33561200: daddr:100932208
[  149.560633] AAAAA-TCP_FORW: name:enp0s3: saddr:33561200: daddr:100932208
[  149.646249] AAAAA-TCP_FORW: name:enp0s3: saddr:33561200: daddr:100932208
[  149.801246] AAAAA-TCP_FORW: name:enp0s3: saddr:33561200: daddr:100932208
[  150.038968] AAAAA-TCP_FORW: name:enp0s3: saddr:33561200: daddr:100932208
[  150.155712] AAAAA-TCP_FORW: name:enp0s3: saddr:33561200: daddr:100932208
[  150.280332] AAAAA-TCP_FORW: name:enp0s3: saddr:33561200: daddr:100932208
[  150.635314] AAAAA-TCP_FORW: name:enp0s3: saddr:33561200: daddr:100932208
[  150.758970] AAAAA-TCP_FORW: name:enp0s3: saddr:16783984: daddr:100932208
[  150.879292] AAAAA-TCP_FORW: name:enp0s3: saddr:16783984: daddr:100932208
[  151.003171] AAAAA-TCP_FORW: name:enp0s3: saddr:16783984: daddr:100932208
[  151.039272] AAAAA-TCP_FORW: name:enp0s3: saddr:16783984: daddr:100932208
[  151.155185] AAAAA-TCP_FORW: name:enp0s3: saddr:16783984: daddr:100932208
[  151.272571] AAAAA-TCP_FORW: name:enp0s3: saddr:16783984: daddr:100932208
[  151.541246] AAAAA-TCP_FORW: name:enp0s3: saddr:16783984: daddr:100932208
[  151.636950] AAAAA-TCP_FORW: name:enp0s3: saddr:16783984: daddr:100932208
[  151.759713] AAAAA-TCP_FORW: name:enp0s3: saddr:16783984: daddr:100932208
[  151.850875] AAAAA-TCP_FORW: name:enp0s3: saddr:16783984: daddr:100932208
[  151.955642] AAAAA-TCP_FORW: name:enp0s3: saddr:16783984: daddr:100932208
[  152.047674] AAAAA-TCP_FORW: name:enp0s3: saddr:16783984: daddr:100932208
[  152.126865] AAAAA-TCP_FORW: name:enp0s3: saddr:16783984: daddr:100932208
[  152.250625] AAAAA-TCP_FORW: name:enp0s3: saddr:16783984: daddr:100932208
[  152.522560] AAAAA-TCP_FORW: name:enp0s3: saddr:16783984: daddr:100932208
[  152.673560] AAAAA-TCP_FORW: name:enp0s3: saddr:16783984: daddr:100932208
[  152.802335] AAAAA-TCP_FORW: name:enp0s3: saddr:16783984: daddr:100932208
[  152.931501] AAAAA-TCP_FORW: name:enp0s3: saddr:16783984: daddr:100932208
[  153.012661] AAAAA-TCP_FORW: name:enp0s3: saddr:16783984: daddr:100932208
[  155.309149] AAAAA-TCP_FORW: name:enp0s3: saddr:33561200: daddr:100932208
[  155.983257] AAAAA-TCP_FORW: name:enp0s3: saddr:16783984: daddr:100932208
[  156.146267] AAAAA-TCP_FORW: name:enp0s3: saddr:16783984: daddr:100932208
[  156.431414] AAAAA-TCP_FORW: name:enp0s3: saddr:16783984: daddr:100932208
[  156.629721] AAAAA-TCP_FORW: name:enp0s3: saddr:16783984: daddr:100932208
[  156.762638] AAAAA-TCP_FORW: name:enp0s3: saddr:16783984: daddr:100932208
[  156.941391] AAAAA-TCP_FORW: name:enp0s3: saddr:16783984: daddr:100932208
[  157.048793] AAAAA-TCP_FORW: name:enp0s3: saddr:16783984: daddr:100932208
[  157.338637] AAAAA-TCP_FORW: name:enp0s3: saddr:16783984: daddr:100932208
[  157.455841] AAAAA-TCP_FORW: name:enp0s3: saddr:16783984: daddr:100932208
[  157.613552] AAAAA-TCP_FORW: name:enp0s3: saddr:16783984: daddr:100932208
[  157.699741] AAAAA-TCP_FORW: name:enp0s3: saddr:16783984: daddr:100932208
[  157.848317] AAAAA-TCP_FORW: name:enp0s3: saddr:16783984: daddr:100932208
[  157.966531] AAAAA-TCP_FORW: name:enp0s3: saddr:16783984: daddr:100932208
[  158.038919] AAAAA-TCP_FORW: name:enp0s3: saddr:16783984: daddr:100932208
[  158.313805] AAAAA-TCP_FORW: name:enp0s3: saddr:16783984: daddr:100932208
[  158.475493] AAAAA-TCP_FORW: name:enp0s3: saddr:16783984: daddr:100932208
[  158.593723] AAAAA-TCP_FORW: name:enp0s3: saddr:16783984: daddr:100932208
[  158.655573] AAAAA-TCP_FORW: name:enp0s3: saddr:16783984: daddr:100932208
[  158.798444] AAAAA-TCP_FORW: name:enp0s3: saddr:16783984: daddr:100932208
[  159.018424] AAAAA-TCP_FORW: name:enp0s3: saddr:33561200: daddr:100932208
[  159.118645] AAAAA-TCP_FORW: name:enp0s3: saddr:16783984: daddr:100932208
[  159.237734] AAAAA-TCP_FORW: name:enp0s3: saddr:16783984: daddr:100932208
[  159.417241] AAAAA-TCP_FORW: name:enp0s3: saddr:16783984: daddr:100932208
[  159.662106] AAAAA-TCP_FORW: name:enp0s3: saddr:33561200: daddr:100932208
[  159.775290] AAAAA-TCP_FORW: name:enp0s3: saddr:16783984: daddr:100932208
[  159.971949] AAAAA-TCP_FORW: name:enp0s3: saddr:16783984: daddr:100932208
[  160.082083] AAAAA-TCP_FORW: name:enp0s3: saddr:16783984: daddr:100932208
[  160.188351] AAAAA-TCP_FORW: name:enp0s3: saddr:16783984: daddr:100932208
[  160.304826] AAAAA-TCP_FORW: name:enp0s3: saddr:16783984: daddr:100932208
[  160.400885] AAAAA-TCP_FORW: name:enp0s3: saddr:16783984: daddr:100932208
[  160.528549] AAAAA-TCP_FORW: name:enp0s3: saddr:16783984: daddr:100932208
[  160.679533] AAAAA-TCP_FORW: name:enp0s3: saddr:16783984: daddr:100932208
[  160.858628] AAAAA-TCP_FORW: name:enp0s3: saddr:16783984: daddr:100932208
[  160.903639] AAAAA-TCP_FORW: name:enp0s3: saddr:16783984: daddr:100932208
[  160.980787] AAAAA-TCP_FORW: name:enp0s3: saddr:16783984: daddr:100932208
[  161.090917] AAAAA-TCP_FORW: name:enp0s3: saddr:16783984: daddr:100932208
[  161.277213] AAAAA-TCP_FORW: name:enp0s3: saddr:16783984: daddr:100932208
[  161.346915] AAAAA-TCP_FORW: name:enp0s3: saddr:16783984: daddr:100932208
[  161.426728] AAAAA-TCP_FORW: name:enp0s3: saddr:16783984: daddr:100932208
[  161.545032] AAAAA-TCP_FORW: name:enp0s3: saddr:16783984: daddr:100932208
[  161.612040] AAAAA-TCP_FORW: name:enp0s3: saddr:33561200: daddr:100932208
[  161.703248] AAAAA-TCP_FORW: name:enp0s3: saddr:33561200: daddr:100932208
[  161.946730] AAAAA-TCP_FORW: name:enp0s3: saddr:16783984: daddr:100932208
[  162.037809] AAAAA-TCP_FORW: name:enp0s3: saddr:16783984: daddr:100932208
[  162.125018] AAAAA-TCP_FORW: name:enp0s3: saddr:33561200: daddr:100932208
[  162.164384] AAAAA-TCP_FORW: name:enp0s3: saddr:16783984: daddr:100932208
[  162.261192] AAAAA-TCP_FORW: name:enp0s3: saddr:16783984: daddr:100932208
[  162.433751] AAAAA-TCP_FORW: name:enp0s3: saddr:16783984: daddr:100932208
[  162.541312] AAAAA-TCP_FORW: name:enp0s3: saddr:33561200: daddr:100932208
[  162.673801] AAAAA-TCP_FORW: name:enp0s3: saddr:16783984: daddr:100932208
[  162.752208] AAAAA-TCP_FORW: name:enp0s3: saddr:16783984: daddr:100932208
[  162.806275] AAAAA-TCP_FORW: name:enp0s3: saddr:16783984: daddr:100932208
[  162.874737] AAAAA-TCP_FORW: name:enp0s3: saddr:33561200: daddr:100932208
[  162.941982] AAAAA-TCP_FORW: name:enp0s3: saddr:33561200: daddr:100932208
[  163.086378] AAAAA-TCP_FORW: name:enp0s3: saddr:16783984: daddr:100932208
[  163.177173] AAAAA-TCP_FORW: name:enp0s3: saddr:33561200: daddr:100932208
[  163.283575] AAAAA-TCP_FORW: name:enp0s3: saddr:16783984: daddr:100932208
[  163.417579] AAAAA-TCP_FORW: name:enp0s3: saddr:16783984: daddr:100932208
[  163.490960] AAAAA-TCP_FORW: name:enp0s3: saddr:16783984: daddr:100932208
[  163.601157] AAAAA-TCP_FORW: name:enp0s3: saddr:16783984: daddr:100932208
[  163.675702] AAAAA-TCP_FORW: name:enp0s3: saddr:16783984: daddr:100932208
[  163.766089] AAAAA-TCP_FORW: name:enp0s3: saddr:33561200: daddr:100932208
[  163.841808] AAAAA-TCP_FORW: name:enp0s3: saddr:33561200: daddr:100932208
[  163.903170] AAAAA-TCP_FORW: name:enp0s3: saddr:16783984: daddr:100932208
[  163.956328] AAAAA-TCP_FORW: name:enp0s3: saddr:33561200: daddr:100932208
[  164.024244] AAAAA-TCP_FORW: name:enp0s3: saddr:33561200: daddr:100932208
[  164.141029] AAAAA-TCP_FORW: name:enp0s3: saddr:16783984: daddr:100932208
[  164.229821] AAAAA-TCP_FORW: name:enp0s3: saddr:16783984: daddr:100932208
[  164.391453] AAAAA-TCP_FORW: name:enp0s3: saddr:33561200: daddr:100932208
[  164.546598] AAAAA-TCP_FORW: name:enp0s3: saddr:16783984: daddr:100932208
[  164.673740] AAAAA-TCP_FORW: name:enp0s3: saddr:33561200: daddr:100932208
[  164.765385] AAAAA-TCP_FORW: name:enp0s3: saddr:33561200: daddr:100932208
[  164.822114] AAAAA-TCP_FORW: name:enp0s3: saddr:16783984: daddr:100932208
[  164.884042] AAAAA-TCP_FORW: name:enp0s3: saddr:16783984: daddr:100932208
[  164.929719] AAAAA-TCP_FORW: name:enp0s3: saddr:33561200: daddr:100932208
[  164.983149] AAAAA-TCP_FORW: name:enp0s3: saddr:33561200: daddr:100932208
[  165.044226] AAAAA-TCP_FORW: name:enp0s3: saddr:33561200: daddr:100932208
[  165.157481] AAAAA-TCP_FORW: name:enp0s3: saddr:33561200: daddr:100932208
[  165.237929] AAAAA-TCP_FORW: name:enp0s3: saddr:33561200: daddr:100932208
[  165.309329] AAAAA-TCP_FORW: name:enp0s3: saddr:33561200: daddr:100932208
[  165.376876] AAAAA-TCP_FORW: name:enp0s3: saddr:16783984: daddr:100932208
[  165.426027] AAAAA-TCP_FORW: name:enp0s3: saddr:16783984: daddr:100932208
[  165.476822] AAAAA-TCP_FORW: name:enp0s3: saddr:16783984: daddr:100932208
[  165.612884] AAAAA-TCP_FORW: name:enp0s3: saddr:16783984: daddr:100932208
[  165.695269] AAAAA-TCP_FORW: name:enp0s3: saddr:33561200: daddr:100932208
[  165.768509] AAAAA-TCP_FORW: name:enp0s3: saddr:33561200: daddr:100932208
[  165.899390] AAAAA-TCP_FORW: name:enp0s3: saddr:16783984: daddr:100932208
[  165.999243] AAAAA-TCP_FORW: name:enp0s3: saddr:16783984: daddr:100932208
[  166.078043] AAAAA-TCP_FORW: name:enp0s3: saddr:16783984: daddr:100932208
[  166.231327] AAAAA-TCP_FORW: name:enp0s3: saddr:16783984: daddr:100932208
[  166.273088] AAAAA-TCP_FORW: name:enp0s3: saddr:16783984: daddr:100932208
[  166.449754] AAAAA-TCP_FORW: name:enp0s3: saddr:16783984: daddr:100932208
[  166.611703] AAAAA-TCP_FORW: name:enp0s3: saddr:16783984: daddr:100932208
[  166.735406] AAAAA-TCP_FORW: name:enp0s3: saddr:16783984: daddr:100932208
[  166.846700] AAAAA-TCP_FORW: name:enp0s3: saddr:16783984: daddr:100932208
[  167.094058] AAAAA-TCP_FORW: name:enp0s3: saddr:16783984: daddr:100932208
[  167.209278] AAAAA-TCP_FORW: name:enp0s3: saddr:16783984: daddr:100932208
[  167.342750] AAAAA-TCP_FORW: name:enp0s3: saddr:16783984: daddr:100932208
[  167.418205] AAAAA-TCP_FORW: name:enp0s3: saddr:16783984: daddr:100932208
[  167.543746] AAAAA-TCP_FORW: name:enp0s3: saddr:16783984: daddr:100932208
[  167.737895] AAAAA-TCP_FORW: name:enp0s3: saddr:16783984: daddr:100932208
[  167.820479] AAAAA-TCP_FORW: name:enp0s3: saddr:16783984: daddr:100932208
[  167.885902] AAAAA-TCP_FORW: name:enp0s3: saddr:16783984: daddr:100932208
[  167.924853] AAAAA-TCP_FORW: name:enp0s3: saddr:16783984: daddr:100932208
[  168.034497] AAAAA-TCP_FORW: name:enp0s3: saddr:16783984: daddr:100932208
[  168.109485] AAAAA-TCP_FORW: name:enp0s3: saddr:33561200: daddr:100932208
[  168.199675] AAAAA-TCP_FORW: name:enp0s3: saddr:16783984: daddr:100932208
[  168.344413] AAAAA-TCP_FORW: name:enp0s3: saddr:33561200: daddr:100932208
[  168.392730] AAAAA-TCP_FORW: name:enp0s3: saddr:33561200: daddr:100932208
[  168.489407] AAAAA-TCP_FORW: name:enp0s3: saddr:33561200: daddr:100932208
[  168.585430] AAAAA-TCP_FORW: name:enp0s3: saddr:16783984: daddr:100932208
[  168.711823] AAAAA-TCP_FORW: name:enp0s3: saddr:16783984: daddr:100932208
[  168.775640] AAAAA-TCP_FORW: name:enp0s3: saddr:33561200: daddr:100932208
[  168.896301] AAAAA-TCP_FORW: name:enp0s3: saddr:33561200: daddr:100932208
[  168.966270] AAAAA-TCP_FORW: name:enp0s3: saddr:16783984: daddr:100932208
[  177.521303] AAAAA-TCP_FORW: name:enp0s3: saddr:33561200: daddr:100932208
[  178.057053] AAAAA-TCP_FORW: name:enp0s3: saddr:16783984: daddr:100932208
[  178.199145] AAAAA-TCP_FORW: name:enp0s3: saddr:16783984: daddr:100932208
[  178.370864] AAAAA-TCP_FORW: name:enp0s3: saddr:16783984: daddr:100932208
[  178.504268] AAAAA-TCP_FORW: name:enp0s3: saddr:33561200: daddr:100932208
[  178.640486] AAAAA-TCP_FORW: name:enp0s3: saddr:16783984: daddr:100932208
[  178.819127] AAAAA-TCP_FORW: name:enp0s3: saddr:16783984: daddr:100932208
[  178.911100] AAAAA-TCP_FORW: name:enp0s3: saddr:16783984: daddr:100932208
[  179.040840] AAAAA-TCP_FORW: name:enp0s3: saddr:16783984: daddr:100932208
[  179.261517] AAAAA-TCP_FORW: name:enp0s3: saddr:33561200: daddr:100932208
[  179.398990] AAAAA-TCP_FORW: name:enp0s3: saddr:33561200: daddr:100932208
[  179.811134] AAAAA-TCP_FORW: name:enp0s3: saddr:33561200: daddr:100932208
[  179.957103] AAAAA-TCP_FORW: name:enp0s3: saddr:33561200: daddr:100932208
[  180.414120] AAAAA-TCP_FORW: name:enp0s3: saddr:33561200: daddr:100932208
[  180.494156] AAAAA-TCP_FORW: name:enp0s3: saddr:16783984: daddr:100932208
[  180.814775] AAAAA-TCP_FORW: name:enp0s3: saddr:33561200: daddr:100932208
[  180.929088] AAAAA-TCP_FORW: name:enp0s3: saddr:16783984: daddr:100932208
[  188.316345] AAAAA-TCP_FORW: name:enp0s3: saddr:33561200: daddr:100932208
[  188.523594] AAAAA-TCP_FORW: name:enp0s3: saddr:33561200: daddr:100932208
[  188.684251] AAAAA-TCP_FORW: name:enp0s3: saddr:33561200: daddr:100932208
[  188.843354] AAAAA-TCP_FORW: name:enp0s3: saddr:33561200: daddr:100932208
[  189.029988] AAAAA-TCP_FORW: name:enp0s3: saddr:33561200: daddr:100932208
[  189.151147] AAAAA-TCP_FORW: name:enp0s3: saddr:33561200: daddr:100932208
[  189.324830] AAAAA-TCP_FORW: name:enp0s3: saddr:33561200: daddr:100932208
[  189.650924] AAAAA-TCP_FORW: name:enp0s3: saddr:33561200: daddr:100932208
[  189.775773] AAAAA-TCP_FORW: name:enp0s3: saddr:33561200: daddr:100932208
[  189.974056] AAAAA-TCP_FORW: name:enp0s3: saddr:33561200: daddr:100932208
[  190.084498] AAAAA-TCP_FORW: name:enp0s3: saddr:33561200: daddr:100932208
[  190.200160] AAAAA-TCP_FORW: name:enp0s3: saddr:33561200: daddr:100932208
[  190.710241] AAAAA-TCP_FORW: name:enp0s3: saddr:33561200: daddr:100932208
[  191.004058] AAAAA-TCP_FORW: name:enp0s3: saddr:33561200: daddr:100932208
[  191.353768] AAAAA-TCP_FORW: name:enp0s3: saddr:33561200: daddr:100932208
[  191.540697] AAAAA-TCP_FORW: name:enp0s3: saddr:33561200: daddr:100932208
[  191.885698] AAAAA-TCP_FORW: name:enp0s3: saddr:33561200: daddr:100932208
[  192.121610] AAAAA-TCP_FORW: name:enp0s3: saddr:33561200: daddr:100932208
[  192.272657] AAAAA-TCP_FORW: name:enp0s3: saddr:33561200: daddr:100932208
[  192.533730] AAAAA-TCP_FORW: name:enp0s3: saddr:33561200: daddr:100932208
[  192.737407] AAAAA-TCP_FORW: name:enp0s3: saddr:33561200: daddr:100932208
[  193.001722] AAAAA-TCP_FORW: name:enp0s3: saddr:33561200: daddr:100932208
[  193.100164] AAAAA-TCP_FORW: name:enp0s3: saddr:33561200: daddr:100932208
[  193.252970] AAAAA-TCP_FORW: name:enp0s3: saddr:33561200: daddr:100932208
[  193.266260] AAAAA-TCP_FORW: name:enp0s3: saddr:33561200: daddr:100932208
[  193.404528] AAAAA-TCP_FORW: name:enp0s3: saddr:33561200: daddr:100932208
[  193.411333] AAAAA-TCP_FORW: name:enp0s3: saddr:33561200: daddr:100932208
[  193.474555] AAAAA-TCP_FORW: name:enp0s3: saddr:33561200: daddr:100932208
[  193.561885] AAAAA-TCP_FORW: name:enp0s3: saddr:33561200: daddr:100932208
[  193.605276] AAAAA-TCP_FORW: name:enp0s3: saddr:33561200: daddr:100932208
[  193.665904] AAAAA-TCP_FORW: name:enp0s3: saddr:33561200: daddr:100932208
[  193.715731] AAAAA-TCP_FORW: name:enp0s3: saddr:16783984: daddr:100932208
[  193.826185] AAAAA-TCP_FORW: name:enp0s3: saddr:33561200: daddr:100932208
[  193.862610] AAAAA-TCP_FORW: name:enp0s3: saddr:33561200: daddr:100932208
[  193.919592] AAAAA-TCP_FORW: name:enp0s3: saddr:16783984: daddr:100932208
[  193.994610] AAAAA-TCP_FORW: name:enp0s3: saddr:33561200: daddr:100932208
[  194.129919] AAAAA-TCP_FORW: name:enp0s3: saddr:33561200: daddr:100932208
[  194.213642] AAAAA-TCP_FORW: name:enp0s3: saddr:33561200: daddr:100932208
[  194.387616] AAAAA-TCP_FORW: name:enp0s3: saddr:16783984: daddr:100932208
[  194.486229] AAAAA-TCP_FORW: name:enp0s3: saddr:33561200: daddr:100932208
[  194.538877] AAAAA-TCP_FORW: name:enp0s3: saddr:33561200: daddr:100932208
[  194.620107] AAAAA-TCP_FORW: name:enp0s3: saddr:16783984: daddr:100932208
[  194.685824] AAAAA-TCP_FORW: name:enp0s3: saddr:33561200: daddr:100932208
[  194.786345] AAAAA-TCP_FORW: name:enp0s3: saddr:16783984: daddr:100932208
[  194.884510] AAAAA-TCP_FORW: name:enp0s3: saddr:33561200: daddr:100932208
[  194.984607] AAAAA-TCP_FORW: name:enp0s3: saddr:16783984: daddr:100932208
[  195.047112] AAAAA-TCP_FORW: name:enp0s3: saddr:33561200: daddr:100932208
[  195.112356] AAAAA-TCP_FORW: name:enp0s3: saddr:16783984: daddr:100932208
[  195.182325] AAAAA-TCP_FORW: name:enp0s3: saddr:33561200: daddr:100932208
[  195.309981] AAAAA-TCP_FORW: name:enp0s3: saddr:16783984: daddr:100932208
[  195.383351] AAAAA-TCP_FORW: name:enp0s3: saddr:16783984: daddr:100932208
[  195.391900] AAAAA-TCP_FORW: name:enp0s3: saddr:16783984: daddr:100932208
[  195.494480] AAAAA-TCP_FORW: name:enp0s3: saddr:33561200: daddr:100932208
[  195.626771] AAAAA-TCP_FORW: name:enp0s3: saddr:33561200: daddr:100932208
[  195.651784] AAAAA-TCP_FORW: name:enp0s3: saddr:16783984: daddr:100932208
[  195.846262] AAAAA-TCP_FORW: name:enp0s3: saddr:33561200: daddr:100932208
[  195.848764] AAAAA-TCP_FORW: name:enp0s3: saddr:16783984: daddr:100932208
[  195.916100] AAAAA-TCP_FORW: name:enp0s3: saddr:33561200: daddr:100932208
[  196.078505] AAAAA-TCP_FORW: name:enp0s3: saddr:33561200: daddr:100932208
[  196.134180] AAAAA-TCP_FORW: name:enp0s3: saddr:33561200: daddr:100932208
[  196.224761] AAAAA-TCP_FORW: name:enp0s3: saddr:33561200: daddr:100932208
[  196.310697] AAAAA-TCP_FORW: name:enp0s3: saddr:33561200: daddr:100932208
[  196.416115] AAAAA-TCP_FORW: name:enp0s3: saddr:33561200: daddr:100932208
[  196.716330] AAAAA-TCP_FORW: name:enp0s3: saddr:33561200: daddr:100932208
[  196.860323] AAAAA-TCP_FORW: name:enp0s3: saddr:33561200: daddr:100932208
[  196.942475] AAAAA-TCP_FORW: name:enp0s3: saddr:33561200: daddr:100932208
[  197.026845] AAAAA-TCP_FORW: name:enp0s3: saddr:33561200: daddr:100932208
[  197.092050] AAAAA-TCP_FORW: name:enp0s3: saddr:33561200: daddr:100932208
[  197.155832] AAAAA-TCP_FORW: name:enp0s3: saddr:33561200: daddr:100932208
[  197.320406] AAAAA-TCP_FORW: name:enp0s3: saddr:33561200: daddr:100932208
[  197.509791] AAAAA-TCP_FORW: name:enp0s3: saddr:33561200: daddr:100932208
[  197.668731] AAAAA-TCP_FORW: name:enp0s3: saddr:33561200: daddr:100932208
[  197.741618] AAAAA-TCP_FORW: name:enp0s3: saddr:33561200: daddr:100932208
[  197.794571] AAAAA-TCP_FORW: name:enp0s3: saddr:33561200: daddr:100932208
[  198.030891] AAAAA-TCP_FORW: name:enp0s3: saddr:33561200: daddr:100932208
[  198.036855] AAAAA-TCP_FORW: name:enp0s3: saddr:16783984: daddr:100932208
[  198.142341] AAAAA-TCP_FORW: name:enp0s3: saddr:16783984: daddr:100932208
[  198.264717] AAAAA-TCP_FORW: name:enp0s3: saddr:33561200: daddr:100932208
[  198.420283] AAAAA-TCP_FORW: name:enp0s3: saddr:33561200: daddr:100932208
[  198.523303] AAAAA-TCP_FORW: name:enp0s3: saddr:33561200: daddr:100932208
[  198.665144] AAAAA-TCP_FORW: name:enp0s3: saddr:16783984: daddr:100932208
[  198.814953] AAAAA-TCP_FORW: name:enp0s3: saddr:33561200: daddr:100932208
[  220.787324] AAAAA-TCP_FORW: name:enp0s3: saddr:100932208: daddr:33561200
[  220.900078] AAAAA-TCP_FORW: name:enp0s3: saddr:100932208: daddr:33561200
[  220.946176] AAAAA-TCP_FORW: name:enp0s3: saddr:100932208: daddr:33561200
[  221.089137] AAAAA-TCP_FORW: name:enp0s3: saddr:100932208: daddr:33561200
[  221.201367] AAAAA-TCP_FORW: name:enp0s3: saddr:100932208: daddr:33561200
[  221.290387] AAAAA-TCP_FORW: name:enp0s3: saddr:100932208: daddr:33561200
[  221.433797] AAAAA-TCP_FORW: name:enp0s3: saddr:100932208: daddr:33561200
[  221.580025] AAAAA-TCP_FORW: name:enp0s3: saddr:100932208: daddr:33561200
[  221.633417] AAAAA-TCP_FORW: name:enp0s3: saddr:100932208: daddr:33561200
[  221.761285] AAAAA-TCP_FORW: name:enp0s3: saddr:100932208: daddr:33561200
[  221.931203] AAAAA-TCP_FORW: name:enp0s3: saddr:100932208: daddr:33561200
[  221.967092] AAAAA-TCP_FORW: name:enp0s3: saddr:100932208: daddr:33561200
[  222.027787] AAAAA-TCP_FORW: name:enp0s3: saddr:100932208: daddr:33561200
[  222.121743] AAAAA-TCP_FORW: name:enp0s3: saddr:100932208: daddr:33561200
[  222.187453] AAAAA-TCP_FORW: name:enp0s3: saddr:100932208: daddr:33561200
[  222.246342] AAAAA-TCP_FORW: name:enp0s3: saddr:33561200: daddr:100932208
[  222.248428] AAAAA-TCP_FORW: name:enp0s3: saddr:100932208: daddr:33561200
[  222.316178] AAAAA-TCP_FORW: name:enp0s3: saddr:100932208: daddr:33561200
[  222.322526] AAAAA-TCP_FORW: name:enp0s3: saddr:33561200: daddr:100932208
[  222.369406] AAAAA-TCP_FORW: name:enp0s3: saddr:100932208: daddr:33561200
[  222.384032] AAAAA-TCP_FORW: name:enp0s3: saddr:100932208: daddr:33561200
[  222.395227] AAAAA-TCP_FORW: name:enp0s3: saddr:33561200: daddr:100932208
[  222.454731] AAAAA-TCP_FORW: name:enp0s3: saddr:100932208: daddr:33561200
[  222.481782] AAAAA-TCP_FORW: name:enp0s3: saddr:33561200: daddr:100932208
[  222.493292] AAAAA-TCP_FORW: name:enp0s3: saddr:100932208: daddr:33561200
[  222.524931] AAAAA-TCP_FORW: name:enp0s3: saddr:33561200: daddr:100932208
[  222.561426] AAAAA-TCP_FORW: name:enp0s3: saddr:100932208: daddr:33561200
[  222.567789] AAAAA-TCP_FORW: name:enp0s3: saddr:33561200: daddr:100932208
[  222.587061] AAAAA-TCP_FORW: name:enp0s3: saddr:33561200: daddr:100932208
[  222.597043] AAAAA-TCP_FORW: name:enp0s3: saddr:100932208: daddr:33561200
[  222.647115] AAAAA-TCP_FORW: name:enp0s3: saddr:33561200: daddr:100932208
[  222.672023] AAAAA-TCP_FORW: name:enp0s3: saddr:100932208: daddr:33561200
[  222.729653] AAAAA-TCP_FORW: name:enp0s3: saddr:100932208: daddr:33561200
[  222.815190] AAAAA-TCP_FORW: name:enp0s3: saddr:100932208: daddr:33561200
[  222.816775] AAAAA-TCP_FORW: name:enp0s3: saddr:33561200: daddr:100932208
[  222.902194] AAAAA-TCP_FORW: name:enp0s3: saddr:100932208: daddr:33561200
[  222.913072] AAAAA-TCP_FORW: name:enp0s3: saddr:33561200: daddr:100932208
[  222.967954] AAAAA-TCP_FORW: name:enp0s3: saddr:100932208: daddr:33561200
[  223.009258] AAAAA-TCP_FORW: name:enp0s3: saddr:33561200: daddr:100932208
[  223.027785] AAAAA-TCP_FORW: name:enp0s3: saddr:100932208: daddr:33561200
[  223.061305] AAAAA-TCP_FORW: name:enp0s3: saddr:33561200: daddr:100932208
[  223.115303] AAAAA-TCP_FORW: name:enp0s3: saddr:100932208: daddr:33561200
[  223.133013] AAAAA-TCP_FORW: name:enp0s3: saddr:33561200: daddr:100932208
[  223.344325] AAAAA-TCP_FORW: name:enp0s3: saddr:33561200: daddr:100932208
[  223.392892] AAAAA-TCP_FORW: name:enp0s3: saddr:33561200: daddr:100932208
[  223.573576] AAAAA-TCP_FORW: name:enp0s3: saddr:33561200: daddr:100932208
[  223.606343] AAAAA-TCP_FORW: name:enp0s3: saddr:100932208: daddr:33561200
[  223.668805] AAAAA-TCP_FORW: name:enp0s3: saddr:33561200: daddr:100932208
[  223.769646] AAAAA-TCP_FORW: name:enp0s3: saddr:100932208: daddr:33561200
[  223.822281] AAAAA-TCP_FORW: name:enp0s3: saddr:33561200: daddr:100932208
[  223.948995] AAAAA-TCP_FORW: name:enp0s3: saddr:33561200: daddr:100932208
[  223.979573] AAAAA-TCP_FORW: name:enp0s3: saddr:100932208: daddr:16783984
[  224.019383] AAAAA-TCP_FORW: name:enp0s3: saddr:100932208: daddr:16783984
[  224.160753] AAAAA-TCP_FORW: name:enp0s3: saddr:100932208: daddr:16783984
[  224.301987] AAAAA-TCP_FORW: name:enp0s3: saddr:100932208: daddr:16783984
[  224.346112] AAAAA-TCP_FORW: name:enp0s3: saddr:33561200: daddr:100932208
[  224.488179] AAAAA-TCP_FORW: name:enp0s3: saddr:100932208: daddr:16783984
[  224.557781] AAAAA-TCP_FORW: name:enp0s3: saddr:100932208: daddr:16783984
[  224.758883] AAAAA-TCP_FORW: name:enp0s3: saddr:33561200: daddr:100932208
[  224.877129] AAAAA-TCP_FORW: name:enp0s3: saddr:33561200: daddr:100932208
[  224.891138] AAAAA-TCP_FORW: name:enp0s3: saddr:100932208: daddr:16783984
[  224.950385] AAAAA-TCP_FORW: name:enp0s3: saddr:100932208: daddr:16783984
[  225.002194] AAAAA-TCP_FORW: name:enp0s3: saddr:33561200: daddr:100932208
[  225.064394] AAAAA-TCP_FORW: name:enp0s3: saddr:100932208: daddr:16783984
[  225.126696] AAAAA-TCP_FORW: name:enp0s3: saddr:100932208: daddr:16783984
[  225.177655] AAAAA-TCP_FORW: name:enp0s3: saddr:33561200: daddr:100932208
[  225.248229] AAAAA-TCP_FORW: name:enp0s3: saddr:100932208: daddr:16783984
[  225.318554] AAAAA-TCP_FORW: name:enp0s3: saddr:33561200: daddr:100932208
[  225.560598] AAAAA-TCP_FORW: name:enp0s3: saddr:100932208: daddr:16783984
[  225.660499] AAAAA-TCP_FORW: name:enp0s3: saddr:33561200: daddr:100932208
[  225.689087] AAAAA-TCP_FORW: name:enp0s3: saddr:100932208: daddr:16783984
[  225.871159] AAAAA-TCP_FORW: name:enp0s3: saddr:33561200: daddr:100932208
[  225.895325] AAAAA-TCP_FORW: name:enp0s3: saddr:100932208: daddr:16783984
[  226.004495] AAAAA-TCP_FORW: name:enp0s3: saddr:33561200: daddr:100932208
[  226.018323] AAAAA-TCP_FORW: name:enp0s3: saddr:100932208: daddr:16783984
[  226.090097] AAAAA-TCP_FORW: name:enp0s3: saddr:33561200: daddr:100932208
[  226.183918] AAAAA-TCP_FORW: name:enp0s3: saddr:33561200: daddr:100932208
[  226.202786] AAAAA-TCP_FORW: name:enp0s3: saddr:100932208: daddr:16783984
[  226.313447] AAAAA-TCP_FORW: name:enp0s3: saddr:100932208: daddr:16783984
[  226.391568] AAAAA-TCP_FORW: name:enp0s3: saddr:33561200: daddr:100932208
[  226.548421] AAAAA-TCP_FORW: name:enp0s3: saddr:100932208: daddr:16783984
[  226.647905] AAAAA-TCP_FORW: name:enp0s3: saddr:33561200: daddr:100932208
[  226.726763] AAAAA-TCP_FORW: name:enp0s3: saddr:100932208: daddr:16783984
[  226.768084] AAAAA-TCP_FORW: name:enp0s3: saddr:33561200: daddr:100932208
[  226.816438] AAAAA-TCP_FORW: name:enp0s3: saddr:100932208: daddr:16783984
[  226.886023] AAAAA-TCP_FORW: name:enp0s3: saddr:33561200: daddr:100932208
[  226.943641] AAAAA-TCP_FORW: name:enp0s3: saddr:100932208: daddr:16783984
[  227.028438] AAAAA-TCP_FORW: name:enp0s3: saddr:33561200: daddr:100932208
[  227.104895] AAAAA-TCP_FORW: name:enp0s3: saddr:33561200: daddr:100932208
[  227.319979] AAAAA-TCP_FORW: name:enp0s3: saddr:33561200: daddr:100932208
[  227.434680] AAAAA-TCP_FORW: name:enp0s3: saddr:33561200: daddr:100932208
[  227.524222] AAAAA-TCP_FORW: name:enp0s3: saddr:33561200: daddr:100932208
[  227.635216] AAAAA-TCP_FORW: name:enp0s3: saddr:33561200: daddr:100932208
[  227.757781] AAAAA-TCP_FORW: name:enp0s3: saddr:33561200: daddr:100932208
[  227.895665] AAAAA-TCP_FORW: name:enp0s3: saddr:33561200: daddr:100932208
[  227.979833] AAAAA-TCP_FORW: name:enp0s3: saddr:33561200: daddr:100932208
[  228.172192] AAAAA-TCP_FORW: name:enp0s3: saddr:33561200: daddr:100932208
[  235.187595] AAAAA-TCP_FORW: name:enp0s3: saddr:33561200: daddr:100932208
[  235.288453] AAAAA-TCP_FORW: name:enp0s3: saddr:33561200: daddr:100932208
[  235.622568] AAAAA-TCP_FORW: name:enp0s3: saddr:33561200: daddr:100932208
[  235.834830] AAAAA-TCP_FORW: name:enp0s3: saddr:33561200: daddr:100932208
[  236.006025] AAAAA-TCP_FORW: name:enp0s3: saddr:33561200: daddr:100932208
[  236.148154] AAAAA-TCP_FORW: name:enp0s3: saddr:33561200: daddr:100932208
[  236.457242] AAAAA-TCP_FORW: name:enp0s3: saddr:33561200: daddr:100932208
[  236.848779] AAAAA-TCP_FORW: name:enp0s3: saddr:33561200: daddr:100932208
[  237.013409] AAAAA-TCP_FORW: name:enp0s3: saddr:33561200: daddr:100932208
[  237.197238] AAAAA-TCP_FORW: name:enp0s3: saddr:33561200: daddr:100932208
[  237.324514] AAAAA-TCP_FORW: name:enp0s3: saddr:33561200: daddr:100932208
[  237.449212] AAAAA-TCP_FORW: name:enp0s3: saddr:33561200: daddr:100932208
[  237.534877] AAAAA-TCP_FORW: name:enp0s3: saddr:33561200: daddr:100932208
[  237.733294] AAAAA-TCP_FORW: name:enp0s3: saddr:16783984: daddr:100932208
[  237.825222] AAAAA-TCP_FORW: name:enp0s3: saddr:33561200: daddr:100932208
[  238.171912] AAAAA-TCP_FORW: name:enp0s3: saddr:33561200: daddr:100932208
[  238.338311] AAAAA-TCP_FORW: name:enp0s3: saddr:16783984: daddr:100932208
[  238.576604] AAAAA-TCP_FORW: name:enp0s3: saddr:16783984: daddr:100932208
[  239.048898] AAAAA-TCP_FORW: name:enp0s3: saddr:16783984: daddr:100932208
[  239.257736] AAAAA-TCP_FORW: name:enp0s3: saddr:33561200: daddr:100932208
[  239.436421] AAAAA-TCP_FORW: name:enp0s3: saddr:33561200: daddr:100932208
[  240.187514] AAAAA-TCP_FORW: name:enp0s3: saddr:33561200: daddr:100932208
[  240.294676] AAAAA-TCP_FORW: name:enp0s3: saddr:33561200: daddr:100932208
[  240.594046] AAAAA-TCP_FORW: name:enp0s3: saddr:33561200: daddr:100932208
[  240.818948] AAAAA-TCP_FORW: name:enp0s3: saddr:33561200: daddr:100932208
[  241.001844] AAAAA-TCP_FORW: name:enp0s3: saddr:33561200: daddr:100932208
[  241.132869] AAAAA-TCP_FORW: name:enp0s3: saddr:33561200: daddr:100932208
[  241.445057] AAAAA-TCP_FORW: name:enp0s3: saddr:16783984: daddr:100932208
[  241.624674] AAAAA-TCP_FORW: name:enp0s3: saddr:16783984: daddr:100932208
[  241.744476] AAAAA-TCP_FORW: name:enp0s3: saddr:16783984: daddr:100932208
[  241.832502] AAAAA-TCP_FORW: name:enp0s3: saddr:16783984: daddr:100932208
[  241.959900] AAAAA-TCP_FORW: name:enp0s3: saddr:33561200: daddr:100932208
[  242.073634] AAAAA-TCP_FORW: name:enp0s3: saddr:33561200: daddr:100932208
[  242.196575] AAAAA-TCP_FORW: name:enp0s3: saddr:33561200: daddr:100932208
[  242.327187] AAAAA-TCP_FORW: name:enp0s3: saddr:33561200: daddr:100932208
[  242.461783] AAAAA-TCP_FORW: name:enp0s3: saddr:33561200: daddr:100932208
[  242.617178] AAAAA-TCP_FORW: name:enp0s3: saddr:33561200: daddr:100932208
[  242.739324] AAAAA-TCP_FORW: name:enp0s3: saddr:16783984: daddr:100932208
[  242.946017] AAAAA-TCP_FORW: name:enp0s3: saddr:33561200: daddr:100932208
[  243.003259] AAAAA-TCP_FORW: name:enp0s3: saddr:33561200: daddr:100932208
[  243.094434] AAAAA-TCP_FORW: name:enp0s3: saddr:33561200: daddr:100932208
[  243.198796] AAAAA-TCP_FORW: name:enp0s3: saddr:33561200: daddr:100932208
[  243.292159] AAAAA-TCP_FORW: name:enp0s3: saddr:33561200: daddr:100932208
[  258.945267] AAAAA-TCP_FORW: name:enp0s3: saddr:33561200: daddr:100932208
[  258.972552] AAAAA-TCP_FORW: name:enp0s3: saddr:16783984: daddr:100932208
[  258.986989] AAAAA-TCP_FORW: name:enp0s3: saddr:100932208: daddr:16783984
[  259.030253] AAAAA-TCP_FORW: name:enp0s3: saddr:100932208: daddr:33561200
[  259.061450] AAAAA-TCP_FORW: name:enp0s3: saddr:100932208: daddr:33561200
[  259.108856] AAAAA-TCP_FORW: name:enp0s3: saddr:16783984: daddr:100932208
[  259.127577] AAAAA-TCP_FORW: name:enp0s3: saddr:100932208: daddr:16783984
[  259.211238] AAAAA-TCP_FORW: name:enp0s3: saddr:33561200: daddr:100932208
[  259.237575] AAAAA-TCP_FORW: name:enp0s3: saddr:33561200: daddr:100932208
[  259.262074] AAAAA-TCP_FORW: name:enp0s3: saddr:100932208: daddr:16783984
[  259.391441] AAAAA-TCP_FORW: name:enp0s3: saddr:16783984: daddr:100932208
[  259.427136] AAAAA-TCP_FORW: name:enp0s3: saddr:100932208: daddr:33561200
[  259.451608] AAAAA-TCP_FORW: name:enp0s3: saddr:100932208: daddr:33561200
[  259.490193] AAAAA-TCP_FORW: name:enp0s3: saddr:16783984: daddr:100932208
[  259.512086] AAAAA-TCP_FORW: name:enp0s3: saddr:100932208: daddr:33561200
[  259.541554] AAAAA-TCP_FORW: name:enp0s3: saddr:100932208: daddr:33561200
[  259.572287] AAAAA-TCP_FORW: name:enp0s3: saddr:100932208: daddr:16783984
[  259.589778] AAAAA-TCP_FORW: name:enp0s3: saddr:33561200: daddr:100932208
[  259.607477] AAAAA-TCP_FORW: name:enp0s3: saddr:100932208: daddr:16783984
[  259.641588] AAAAA-TCP_FORW: name:enp0s3: saddr:33561200: daddr:100932208
[  259.668548] AAAAA-TCP_FORW: name:enp0s3: saddr:100932208: daddr:16783984
[  259.696916] AAAAA-TCP_FORW: name:enp0s3: saddr:33561200: daddr:100932208
[  259.711046] AAAAA-TCP_FORW: name:enp0s3: saddr:100932208: daddr:16783984
[  259.735833] AAAAA-TCP_FORW: name:enp0s3: saddr:33561200: daddr:100932208
[  259.763798] AAAAA-TCP_FORW: name:enp0s3: saddr:16783984: daddr:100932208
[  259.789997] AAAAA-TCP_FORW: name:enp0s3: saddr:100932208: daddr:33561200
[  259.808844] AAAAA-TCP_FORW: name:enp0s3: saddr:100932208: daddr:33561200
[  259.829205] AAAAA-TCP_FORW: name:enp0s3: saddr:16783984: daddr:100932208
[  259.869177] AAAAA-TCP_FORW: name:enp0s3: saddr:100932208: daddr:33561200
[  259.900929] AAAAA-TCP_FORW: name:enp0s3: saddr:100932208: daddr:33561200
[  259.918307] AAAAA-TCP_FORW: name:enp0s3: saddr:16783984: daddr:100932208
[  259.959708] AAAAA-TCP_FORW: name:enp0s3: saddr:100932208: daddr:33561200
[  259.997359] AAAAA-TCP_FORW: name:enp0s3: saddr:100932208: daddr:33561200
[  260.050430] AAAAA-TCP_FORW: name:enp0s3: saddr:16783984: daddr:100932208
[  260.105915] AAAAA-TCP_FORW: name:enp0s3: saddr:100932208: daddr:33561200
[  260.132471] AAAAA-TCP_FORW: name:enp0s3: saddr:100932208: daddr:33561200
[  260.163634] AAAAA-TCP_FORW: name:enp0s3: saddr:100932208: daddr:16783984
[  260.209558] AAAAA-TCP_FORW: name:enp0s3: saddr:33561200: daddr:100932208
[  260.252644] AAAAA-TCP_FORW: name:enp0s3: saddr:100932208: daddr:16783984
[  260.267428] AAAAA-TCP_FORW: name:enp0s3: saddr:33561200: daddr:100932208
[  260.304214] AAAAA-TCP_FORW: name:enp0s3: saddr:100932208: daddr:16783984
[  260.339810] AAAAA-TCP_FORW: name:enp0s3: saddr:33561200: daddr:100932208
[  260.375421] AAAAA-TCP_FORW: name:enp0s3: saddr:100932208: daddr:16783984
[  260.397881] AAAAA-TCP_FORW: name:enp0s3: saddr:33561200: daddr:100932208
[  260.431716] AAAAA-TCP_FORW: name:enp0s3: saddr:100932208: daddr:16783984
[  260.501821] AAAAA-TCP_FORW: name:enp0s3: saddr:33561200: daddr:100932208
[  260.520320] AAAAA-TCP_FORW: name:enp0s3: saddr:100932208: daddr:16783984
[  260.588389] AAAAA-TCP_FORW: name:enp0s3: saddr:33561200: daddr:100932208
[  260.617436] AAAAA-TCP_FORW: name:enp0s3: saddr:100932208: daddr:16783984
[  260.650859] AAAAA-TCP_FORW: name:enp0s3: saddr:100932208: daddr:16783984
[  260.681887] AAAAA-TCP_FORW: name:enp0s3: saddr:33561200: daddr:100932208
[  260.755950] AAAAA-TCP_FORW: name:enp0s3: saddr:33561200: daddr:100932208
[  260.796292] AAAAA-TCP_FORW: name:enp0s3: saddr:16783984: daddr:100932208
[  260.831888] AAAAA-TCP_FORW: name:enp0s3: saddr:100932208: daddr:33561200
[  260.868515] AAAAA-TCP_FORW: name:enp0s3: saddr:16783984: daddr:100932208
[  260.915112] AAAAA-TCP_FORW: name:enp0s3: saddr:100932208: daddr:33561200
[  260.941551] AAAAA-TCP_FORW: name:enp0s3: saddr:16783984: daddr:100932208
[  260.976156] AAAAA-TCP_FORW: name:enp0s3: saddr:100932208: daddr:33561200
[  261.013055] AAAAA-TCP_FORW: name:enp0s3: saddr:16783984: daddr:100932208
[  261.031270] AAAAA-TCP_FORW: name:enp0s3: saddr:100932208: daddr:33561200
[  261.043682] AAAAA-TCP_FORW: name:enp0s3: saddr:100932208: daddr:33561200
[  261.099056] AAAAA-TCP_FORW: name:enp0s3: saddr:100932208: daddr:33561200
[  261.161180] AAAAA-TCP_FORW: name:enp0s3: saddr:100932208: daddr:33561200
[  261.208237] AAAAA-TCP_FORW: name:enp0s3: saddr:16783984: daddr:100932208
[  261.426045] AAAAA-TCP_FORW: name:enp0s3: saddr:16783984: daddr:100932208
[  261.578194] AAAAA-TCP_FORW: name:enp0s3: saddr:16783984: daddr:100932208
[  261.637619] AAAAA-TCP_FORW: name:enp0s3: saddr:16783984: daddr:100932208
[  261.842657] AAAAA-TCP_FORW: name:enp0s3: saddr:100932208: daddr:16783984
[  261.875286] AAAAA-TCP_FORW: name:enp0s3: saddr:33561200: daddr:100932208
[  261.962387] AAAAA-TCP_FORW: name:enp0s3: saddr:33561200: daddr:100932208
[  261.992314] AAAAA-TCP_FORW: name:enp0s3: saddr:100932208: daddr:16783984
[  262.031588] AAAAA-TCP_FORW: name:enp0s3: saddr:33561200: daddr:100932208
[  262.054935] AAAAA-TCP_FORW: name:enp0s3: saddr:100932208: daddr:16783984
[  262.078214] AAAAA-TCP_FORW: name:enp0s3: saddr:100932208: daddr:16783984
[  262.109011] AAAAA-TCP_FORW: name:enp0s3: saddr:33561200: daddr:100932208
[  262.140748] AAAAA-TCP_FORW: name:enp0s3: saddr:100932208: daddr:16783984
[  262.163523] AAAAA-TCP_FORW: name:enp0s3: saddr:100932208: daddr:16783984
[  262.188723] AAAAA-TCP_FORW: name:enp0s3: saddr:100932208: daddr:16783984
[  262.204791] AAAAA-TCP_FORW: name:enp0s3: saddr:33561200: daddr:100932208
[  262.241974] AAAAA-TCP_FORW: name:enp0s3: saddr:100932208: daddr:16783984
[  262.253628] AAAAA-TCP_FORW: name:enp0s3: saddr:33561200: daddr:100932208
[  262.281017] AAAAA-TCP_FORW: name:enp0s3: saddr:100932208: daddr:16783984
[  262.317776] AAAAA-TCP_FORW: name:enp0s3: saddr:33561200: daddr:100932208
[  262.346133] AAAAA-TCP_FORW: name:enp0s3: saddr:100932208: daddr:16783984
[  262.382288] AAAAA-TCP_FORW: name:enp0s3: saddr:100932208: daddr:16783984
[  262.417725] AAAAA-TCP_FORW: name:enp0s3: saddr:100932208: daddr:16783984
[  262.482092] AAAAA-TCP_FORW: name:enp0s3: saddr:100932208: daddr:16783984
[  262.517504] AAAAA-TCP_FORW: name:enp0s3: saddr:100932208: daddr:16783984
[  262.583703] AAAAA-TCP_FORW: name:enp0s3: saddr:16783984: daddr:100932208
[  262.607317] AAAAA-TCP_FORW: name:enp0s3: saddr:100932208: daddr:16783984
[  262.661837] AAAAA-TCP_FORW: name:enp0s3: saddr:16783984: daddr:100932208
[  262.780717] AAAAA-TCP_FORW: name:enp0s3: saddr:16783984: daddr:100932208
[  262.890480] AAAAA-TCP_FORW: name:enp0s3: saddr:16783984: daddr:100932208
[  262.934570] AAAAA-TCP_FORW: name:enp0s3: saddr:16783984: daddr:100932208
[  262.978017] AAAAA-TCP_FORW: name:enp0s3: saddr:100932208: daddr:33561200
[  263.026026] AAAAA-TCP_FORW: name:enp0s3: saddr:100932208: daddr:33561200
[  263.062693] AAAAA-TCP_FORW: name:enp0s3: saddr:16783984: daddr:100932208
[  263.077647] AAAAA-TCP_FORW: name:enp0s3: saddr:100932208: daddr:33561200
[  263.119848] AAAAA-TCP_FORW: name:enp0s3: saddr:100932208: daddr:33561200
[  263.155927] AAAAA-TCP_FORW: name:enp0s3: saddr:100932208: daddr:33561200
[  263.182905] AAAAA-TCP_FORW: name:enp0s3: saddr:16783984: daddr:100932208
[  263.204498] AAAAA-TCP_FORW: name:enp0s3: saddr:100932208: daddr:33561200
[  263.224835] AAAAA-TCP_FORW: name:enp0s3: saddr:16783984: daddr:100932208
[  263.244020] AAAAA-TCP_FORW: name:enp0s3: saddr:100932208: daddr:33561200
[  263.273860] AAAAA-TCP_FORW: name:enp0s3: saddr:16783984: daddr:100932208
[  263.287088] AAAAA-TCP_FORW: name:enp0s3: saddr:100932208: daddr:33561200
[  263.321069] AAAAA-TCP_FORW: name:enp0s3: saddr:16783984: daddr:100932208
[  263.351843] AAAAA-TCP_FORW: name:enp0s3: saddr:100932208: daddr:33561200
[  263.362528] AAAAA-TCP_FORW: name:enp0s3: saddr:100932208: daddr:33561200
[  263.398726] AAAAA-TCP_FORW: name:enp0s3: saddr:100932208: daddr:33561200
[  263.415303] AAAAA-TCP_FORW: name:enp0s3: saddr:16783984: daddr:100932208
[  263.456107] AAAAA-TCP_FORW: name:enp0s3: saddr:100932208: daddr:33561200
[  263.496505] AAAAA-TCP_FORW: name:enp0s3: saddr:100932208: daddr:33561200
[  263.518282] AAAAA-TCP_FORW: name:enp0s3: saddr:100932208: daddr:33561200
[  263.561110] AAAAA-TCP_FORW: name:enp0s3: saddr:33561200: daddr:100932208
[  263.562862] AAAAA-TCP_FORW: name:enp0s3: saddr:100932208: daddr:33561200
[  263.602435] AAAAA-TCP_FORW: name:enp0s3: saddr:33561200: daddr:100932208
[  263.612928] AAAAA-TCP_FORW: name:enp0s3: saddr:100932208: daddr:33561200
[  263.632810] AAAAA-TCP_FORW: name:enp0s3: saddr:100932208: daddr:33561200
[  263.651454] AAAAA-TCP_FORW: name:enp0s3: saddr:100932208: daddr:33561200
[  263.683652] AAAAA-TCP_FORW: name:enp0s3: saddr:100932208: daddr:33561200
[  263.706424] AAAAA-TCP_FORW: name:enp0s3: saddr:33561200: daddr:100932208
[  263.746373] AAAAA-TCP_FORW: name:enp0s3: saddr:100932208: daddr:33561200
[  263.755286] AAAAA-TCP_FORW: name:enp0s3: saddr:33561200: daddr:100932208
[  263.767067] AAAAA-TCP_FORW: name:enp0s3: saddr:100932208: daddr:33561200
[  263.808625] AAAAA-TCP_FORW: name:enp0s3: saddr:33561200: daddr:100932208
[  263.835551] AAAAA-TCP_FORW: name:enp0s3: saddr:100932208: daddr:33561200
[  263.856350] AAAAA-TCP_FORW: name:enp0s3: saddr:100932208: daddr:33561200
[  263.870232] AAAAA-TCP_FORW: name:enp0s3: saddr:33561200: daddr:100932208
[  263.924397] AAAAA-TCP_FORW: name:enp0s3: saddr:33561200: daddr:100932208
[  263.933170] AAAAA-TCP_FORW: name:enp0s3: saddr:100932208: daddr:16783984
[  263.956557] AAAAA-TCP_FORW: name:enp0s3: saddr:100932208: daddr:16783984
[  263.967719] AAAAA-TCP_FORW: name:enp0s3: saddr:100932208: daddr:16783984
[  264.002636] AAAAA-TCP_FORW: name:enp0s3: saddr:33561200: daddr:100932208
[  264.019409] AAAAA-TCP_FORW: name:enp0s3: saddr:100932208: daddr:16783984
[  264.041799] AAAAA-TCP_FORW: name:enp0s3: saddr:100932208: daddr:16783984
[  264.063821] AAAAA-TCP_FORW: name:enp0s3: saddr:100932208: daddr:16783984
[  264.079587] AAAAA-TCP_FORW: name:enp0s3: saddr:33561200: daddr:100932208
[  264.109870] AAAAA-TCP_FORW: name:enp0s3: saddr:100932208: daddr:16783984
[  264.135855] AAAAA-TCP_FORW: name:enp0s3: saddr:33561200: daddr:100932208
[  264.148745] AAAAA-TCP_FORW: name:enp0s3: saddr:100932208: daddr:16783984
[  264.169445] AAAAA-TCP_FORW: name:enp0s3: saddr:33561200: daddr:100932208
[  264.179834] AAAAA-TCP_FORW: name:enp0s3: saddr:100932208: daddr:16783984
[  264.211272] AAAAA-TCP_FORW: name:enp0s3: saddr:100932208: daddr:16783984
[  264.226073] AAAAA-TCP_FORW: name:enp0s3: saddr:100932208: daddr:16783984
[  264.241694] AAAAA-TCP_FORW: name:enp0s3: saddr:33561200: daddr:100932208
[  264.258413] AAAAA-TCP_FORW: name:enp0s3: saddr:100932208: daddr:16783984
[  264.274140] AAAAA-TCP_FORW: name:enp0s3: saddr:100932208: daddr:16783984
[  264.292815] AAAAA-TCP_FORW: name:enp0s3: saddr:33561200: daddr:100932208
[  264.312725] AAAAA-TCP_FORW: name:enp0s3: saddr:100932208: daddr:16783984
[  264.336736] AAAAA-TCP_FORW: name:enp0s3: saddr:33561200: daddr:100932208
[  264.347513] AAAAA-TCP_FORW: name:enp0s3: saddr:100932208: daddr:16783984
[  264.385797] AAAAA-TCP_FORW: name:enp0s3: saddr:100932208: daddr:16783984
[  264.403827] AAAAA-TCP_FORW: name:enp0s3: saddr:33561200: daddr:100932208
[  264.464379] AAAAA-TCP_FORW: name:enp0s3: saddr:33561200: daddr:100932208
[  264.471378] AAAAA-TCP_FORW: name:enp0s3: saddr:100932208: daddr:33561200
[  264.509831] AAAAA-TCP_FORW: name:enp0s3: saddr:100932208: daddr:33561200
[  264.524744] AAAAA-TCP_FORW: name:enp0s3: saddr:33561200: daddr:100932208
[  264.561289] AAAAA-TCP_FORW: name:enp0s3: saddr:100932208: daddr:33561200
[  264.569833] AAAAA-TCP_FORW: name:enp0s3: saddr:33561200: daddr:100932208
[  264.602556] AAAAA-TCP_FORW: name:enp0s3: saddr:33561200: daddr:100932208
[  264.628754] AAAAA-TCP_FORW: name:enp0s3: saddr:100932208: daddr:33561200
[  264.659182] AAAAA-TCP_FORW: name:enp0s3: saddr:33561200: daddr:100932208
[  264.686848] AAAAA-TCP_FORW: name:enp0s3: saddr:100932208: daddr:33561200
[  264.744827] AAAAA-TCP_FORW: name:enp0s3: saddr:33561200: daddr:100932208
[  264.776963] AAAAA-TCP_FORW: name:enp0s3: saddr:100932208: daddr:33561200
[  264.812988] AAAAA-TCP_FORW: name:enp0s3: saddr:33561200: daddr:100932208
[  264.836041] AAAAA-TCP_FORW: name:enp0s3: saddr:33561200: daddr:100932208
[  264.861562] AAAAA-TCP_FORW: name:enp0s3: saddr:100932208: daddr:33561200
[  264.892756] AAAAA-TCP_FORW: name:enp0s3: saddr:100932208: daddr:33561200
[  264.924043] AAAAA-TCP_FORW: name:enp0s3: saddr:16783984: daddr:100932208
[  264.961286] AAAAA-TCP_FORW: name:enp0s3: saddr:16783984: daddr:100932208
[  264.979569] AAAAA-TCP_FORW: name:enp0s3: saddr:16783984: daddr:100932208
[  265.019193] AAAAA-TCP_FORW: name:enp0s3: saddr:100932208: daddr:33561200
[  265.048167] AAAAA-TCP_FORW: name:enp0s3: saddr:16783984: daddr:100932208
[  265.080294] AAAAA-TCP_FORW: name:enp0s3: saddr:16783984: daddr:100932208
[  265.139958] AAAAA-TCP_FORW: name:enp0s3: saddr:16783984: daddr:100932208
[  265.157471] AAAAA-TCP_FORW: name:enp0s3: saddr:100932208: daddr:33561200
[  265.218183] AAAAA-TCP_FORW: name:enp0s3: saddr:16783984: daddr:100932208
[  265.243964] AAAAA-TCP_FORW: name:enp0s3: saddr:100932208: daddr:33561200
[  265.284499] AAAAA-TCP_FORW: name:enp0s3: saddr:16783984: daddr:100932208
[  265.307786] AAAAA-TCP_FORW: name:enp0s3: saddr:100932208: daddr:33561200
[  265.343582] AAAAA-TCP_FORW: name:enp0s3: saddr:16783984: daddr:100932208
[  265.372372] AAAAA-TCP_FORW: name:enp0s3: saddr:16783984: daddr:100932208
[  265.411187] AAAAA-TCP_FORW: name:enp0s3: saddr:16783984: daddr:100932208
[  265.430211] AAAAA-TCP_FORW: name:enp0s3: saddr:100932208: daddr:33561200
[  265.483832] AAAAA-TCP_FORW: name:enp0s3: saddr:16783984: daddr:100932208
[  265.505111] AAAAA-TCP_FORW: name:enp0s3: saddr:16783984: daddr:100932208
[  265.529989] AAAAA-TCP_FORW: name:enp0s3: saddr:100932208: daddr:33561200
[  265.573950] AAAAA-TCP_FORW: name:enp0s3: saddr:16783984: daddr:100932208
[  265.651534] AAAAA-TCP_FORW: name:enp0s3: saddr:100932208: daddr:33561200
[  265.673919] AAAAA-TCP_FORW: name:enp0s3: saddr:16783984: daddr:100932208
[  265.754893] AAAAA-TCP_FORW: name:enp0s3: saddr:16783984: daddr:100932208
[  265.767999] AAAAA-TCP_FORW: name:enp0s3: saddr:100932208: daddr:33561200
[  265.788428] AAAAA-TCP_FORW: name:enp0s3: saddr:100932208: daddr:33561200
[  265.837773] AAAAA-TCP_FORW: name:enp0s3: saddr:33561200: daddr:100932208
[  265.868421] AAAAA-TCP_FORW: name:enp0s3: saddr:33561200: daddr:100932208
[  265.922136] AAAAA-TCP_FORW: name:enp0s3: saddr:100932208: daddr:33561200
[  265.964764] AAAAA-TCP_FORW: name:enp0s3: saddr:33561200: daddr:100932208
[  265.990156] AAAAA-TCP_FORW: name:enp0s3: saddr:100932208: daddr:33561200
[  266.030503] AAAAA-TCP_FORW: name:enp0s3: saddr:33561200: daddr:100932208
[  266.038426] AAAAA-TCP_FORW: name:enp0s3: saddr:100932208: daddr:33561200
[  266.092681] AAAAA-TCP_FORW: name:enp0s3: saddr:100932208: daddr:33561200
[  266.141359] AAAAA-TCP_FORW: name:enp0s3: saddr:33561200: daddr:100932208
[  266.197904] AAAAA-TCP_FORW: name:enp0s3: saddr:100932208: daddr:33561200
[  266.218360] AAAAA-TCP_FORW: name:enp0s3: saddr:33561200: daddr:100932208
[  266.233487] AAAAA-TCP_FORW: name:enp0s3: saddr:100932208: daddr:33561200
[  266.264453] AAAAA-TCP_FORW: name:enp0s3: saddr:100932208: daddr:33561200
[  266.321312] AAAAA-TCP_FORW: name:enp0s3: saddr:100932208: daddr:33561200
[  266.344417] AAAAA-TCP_FORW: name:enp0s3: saddr:33561200: daddr:100932208
[  266.358963] AAAAA-TCP_FORW: name:enp0s3: saddr:100932208: daddr:33561200
[  266.383756] AAAAA-TCP_FORW: name:enp0s3: saddr:33561200: daddr:100932208
[  266.408470] AAAAA-TCP_FORW: name:enp0s3: saddr:100932208: daddr:16783984
[  266.445451] AAAAA-TCP_FORW: name:enp0s3: saddr:100932208: daddr:16783984
[  266.498382] AAAAA-TCP_FORW: name:enp0s3: saddr:100932208: daddr:16783984
[  266.512789] AAAAA-TCP_FORW: name:enp0s3: saddr:100932208: daddr:16783984
[  266.539252] AAAAA-TCP_FORW: name:enp0s3: saddr:100932208: daddr:16783984
[  266.579577] AAAAA-TCP_FORW: name:enp0s3: saddr:33561200: daddr:100932208
[  266.612339] AAAAA-TCP_FORW: name:enp0s3: saddr:100932208: daddr:16783984
[  266.653290] AAAAA-TCP_FORW: name:enp0s3: saddr:100932208: daddr:16783984
[  266.702497] AAAAA-TCP_FORW: name:enp0s3: saddr:100932208: daddr:16783984
[  266.745929] AAAAA-TCP_FORW: name:enp0s3: saddr:100932208: daddr:16783984
[  266.773721] AAAAA-TCP_FORW: name:enp0s3: saddr:100932208: daddr:16783984
[  266.807759] AAAAA-TCP_FORW: name:enp0s3: saddr:100932208: daddr:16783984
[  266.833377] AAAAA-TCP_FORW: name:enp0s3: saddr:33561200: daddr:100932208
[  266.846993] AAAAA-TCP_FORW: name:enp0s3: saddr:33561200: daddr:100932208
[  266.862077] AAAAA-TCP_FORW: name:enp0s3: saddr:100932208: daddr:16783984
[  266.891126] AAAAA-TCP_FORW: name:enp0s3: saddr:33561200: daddr:100932208
[  266.955422] AAAAA-TCP_FORW: name:enp0s3: saddr:100932208: daddr:16783984
[  266.991963] AAAAA-TCP_FORW: name:enp0s3: saddr:100932208: daddr:16783984
[  267.061200] AAAAA-TCP_FORW: name:enp0s3: saddr:100932208: daddr:16783984
[  267.086515] AAAAA-TCP_FORW: name:enp0s3: saddr:33561200: daddr:100932208
[  267.110424] AAAAA-TCP_FORW: name:enp0s3: saddr:100932208: daddr:16783984
[  267.187500] AAAAA-TCP_FORW: name:enp0s3: saddr:100932208: daddr:16783984
[  267.241372] AAAAA-TCP_FORW: name:enp0s3: saddr:100932208: daddr:16783984
[  267.283161] AAAAA-TCP_FORW: name:enp0s3: saddr:100932208: daddr:16783984
[  267.307368] AAAAA-TCP_FORW: name:enp0s3: saddr:33561200: daddr:100932208
[  267.326523] AAAAA-TCP_FORW: name:enp0s3: saddr:100932208: daddr:16783984
[  267.360378] AAAAA-TCP_FORW: name:enp0s3: saddr:100932208: daddr:16783984
[  267.387700] AAAAA-TCP_FORW: name:enp0s3: saddr:100932208: daddr:16783984
[  267.415075] AAAAA-TCP_FORW: name:enp0s3: saddr:33561200: daddr:100932208
[  267.441762] AAAAA-TCP_FORW: name:enp0s3: saddr:100932208: daddr:16783984
[  267.475735] AAAAA-TCP_FORW: name:enp0s3: saddr:100932208: daddr:16783984
[  267.505614] AAAAA-TCP_FORW: name:enp0s3: saddr:33561200: daddr:100932208
[  267.517192] AAAAA-TCP_FORW: name:enp0s3: saddr:100932208: daddr:16783984
[  267.555033] AAAAA-TCP_FORW: name:enp0s3: saddr:33561200: daddr:100932208
[  267.582583] AAAAA-TCP_FORW: name:enp0s3: saddr:100932208: daddr:33561200
[  267.644503] AAAAA-TCP_FORW: name:enp0s3: saddr:100932208: daddr:33561200
[  267.705279] AAAAA-TCP_FORW: name:enp0s3: saddr:100932208: daddr:33561200
[  267.731868] AAAAA-TCP_FORW: name:enp0s3: saddr:33561200: daddr:100932208
[  267.782251] AAAAA-TCP_FORW: name:enp0s3: saddr:100932208: daddr:33561200
[  267.820182] AAAAA-TCP_FORW: name:enp0s3: saddr:33561200: daddr:100932208
[  267.852413] AAAAA-TCP_FORW: name:enp0s3: saddr:100932208: daddr:33561200
[  267.875919] AAAAA-TCP_FORW: name:enp0s3: saddr:100932208: daddr:33561200
[  267.892046] AAAAA-TCP_FORW: name:enp0s3: saddr:33561200: daddr:100932208
[  267.943751] AAAAA-TCP_FORW: name:enp0s3: saddr:100932208: daddr:33561200
[  267.958273] AAAAA-TCP_FORW: name:enp0s3: saddr:33561200: daddr:100932208
[  268.013499] AAAAA-TCP_FORW: name:enp0s3: saddr:33561200: daddr:100932208
[  268.023824] AAAAA-TCP_FORW: name:enp0s3: saddr:100932208: daddr:33561200
[  268.048456] AAAAA-TCP_FORW: name:enp0s3: saddr:33561200: daddr:100932208
[  268.064898] AAAAA-TCP_FORW: name:enp0s3: saddr:100932208: daddr:33561200
[  268.097784] AAAAA-TCP_FORW: name:enp0s3: saddr:33561200: daddr:100932208
[  268.111639] AAAAA-TCP_FORW: name:enp0s3: saddr:100932208: daddr:33561200
[  268.187883] AAAAA-TCP_FORW: name:enp0s3: saddr:33561200: daddr:100932208
[  268.255609] AAAAA-TCP_FORW: name:enp0s3: saddr:100932208: daddr:33561200
[  268.281745] AAAAA-TCP_FORW: name:enp0s3: saddr:100932208: daddr:33561200
[  268.301783] AAAAA-TCP_FORW: name:enp0s3: saddr:16783984: daddr:100932208
[  268.344965] AAAAA-TCP_FORW: name:enp0s3: saddr:16783984: daddr:100932208
[  268.352935] AAAAA-TCP_FORW: name:enp0s3: saddr:16783984: daddr:100932208
[  268.377045] AAAAA-TCP_FORW: name:enp0s3: saddr:16783984: daddr:100932208
[  268.408075] AAAAA-TCP_FORW: name:enp0s3: saddr:16783984: daddr:100932208
[  268.425685] AAAAA-TCP_FORW: name:enp0s3: saddr:100932208: daddr:33561200
[  268.427162] AAAAA-TCP_FORW: name:enp0s3: saddr:16783984: daddr:100932208
[  268.478024] AAAAA-TCP_FORW: name:enp0s3: saddr:16783984: daddr:100932208
[  268.514352] AAAAA-TCP_FORW: name:enp0s3: saddr:16783984: daddr:100932208
[  268.541429] AAAAA-TCP_FORW: name:enp0s3: saddr:16783984: daddr:100932208
[  268.571740] AAAAA-TCP_FORW: name:enp0s3: saddr:16783984: daddr:100932208
[  268.585071] AAAAA-TCP_FORW: name:enp0s3: saddr:100932208: daddr:33561200
[  268.607317] AAAAA-TCP_FORW: name:enp0s3: saddr:16783984: daddr:100932208
[  268.614149] AAAAA-TCP_FORW: name:enp0s3: saddr:100932208: daddr:33561200
[  268.653893] AAAAA-TCP_FORW: name:enp0s3: saddr:100932208: daddr:33561200
[  268.714062] AAAAA-TCP_FORW: name:enp0s3: saddr:16783984: daddr:100932208
[  268.728748] AAAAA-TCP_FORW: name:enp0s3: saddr:100932208: daddr:33561200
[  268.753419] AAAAA-TCP_FORW: name:enp0s3: saddr:100932208: daddr:33561200
[  268.767883] AAAAA-TCP_FORW: name:enp0s3: saddr:16783984: daddr:100932208
[  268.818772] AAAAA-TCP_FORW: name:enp0s3: saddr:16783984: daddr:100932208
[  268.838246] AAAAA-TCP_FORW: name:enp0s3: saddr:100932208: daddr:33561200
[  268.857994] AAAAA-TCP_FORW: name:enp0s3: saddr:16783984: daddr:100932208
[  268.890784] AAAAA-TCP_FORW: name:enp0s3: saddr:16783984: daddr:100932208
[  268.946342] AAAAA-TCP_FORW: name:enp0s3: saddr:16783984: daddr:100932208
[  268.963090] AAAAA-TCP_FORW: name:enp0s3: saddr:100932208: daddr:33561200
[  269.001257] AAAAA-TCP_FORW: name:enp0s3: saddr:100932208: daddr:33561200
[  269.057440] AAAAA-TCP_FORW: name:enp0s3: saddr:100932208: daddr:33561200
[  269.101148] AAAAA-TCP_FORW: name:enp0s3: saddr:16783984: daddr:100932208
[  269.131606] AAAAA-TCP_FORW: name:enp0s3: saddr:100932208: daddr:33561200
[  269.153381] AAAAA-TCP_FORW: name:enp0s3: saddr:100932208: daddr:33561200
[  269.188927] AAAAA-TCP_FORW: name:enp0s3: saddr:16783984: daddr:100932208
[  269.210761] AAAAA-TCP_FORW: name:enp0s3: saddr:100932208: daddr:33561200
[  269.243918] AAAAA-TCP_FORW: name:enp0s3: saddr:33561200: daddr:100932208
[  269.273236] AAAAA-TCP_FORW: name:enp0s3: saddr:33561200: daddr:100932208
[  269.301143] AAAAA-TCP_FORW: name:enp0s3: saddr:100932208: daddr:33561200
[  269.302541] AAAAA-TCP_FORW: name:enp0s3: saddr:33561200: daddr:100932208
[  269.331645] AAAAA-TCP_FORW: name:enp0s3: saddr:33561200: daddr:100932208
[  269.336103] AAAAA-TCP_FORW: name:enp0s3: saddr:100932208: daddr:33561200
[  269.398823] AAAAA-TCP_FORW: name:enp0s3: saddr:100932208: daddr:33561200
[  269.417781] AAAAA-TCP_FORW: name:enp0s3: saddr:33561200: daddr:100932208
[  269.502691] AAAAA-TCP_FORW: name:enp0s3: saddr:33561200: daddr:100932208
[  269.517170] AAAAA-TCP_FORW: name:enp0s3: saddr:100932208: daddr:33561200
[  269.542141] AAAAA-TCP_FORW: name:enp0s3: saddr:33561200: daddr:100932208
[  269.549825] AAAAA-TCP_FORW: name:enp0s3: saddr:100932208: daddr:33561200
[  269.578955] AAAAA-TCP_FORW: name:enp0s3: saddr:33561200: daddr:100932208
[  269.618258] AAAAA-TCP_FORW: name:enp0s3: saddr:33561200: daddr:100932208
[  269.644984] AAAAA-TCP_FORW: name:enp0s3: saddr:33561200: daddr:100932208
[  269.684222] AAAAA-TCP_FORW: name:enp0s3: saddr:100932208: daddr:33561200
[  269.696967] AAAAA-TCP_FORW: name:enp0s3: saddr:33561200: daddr:100932208
[  269.730057] AAAAA-TCP_FORW: name:enp0s3: saddr:33561200: daddr:100932208
[  269.745733] AAAAA-TCP_FORW: name:enp0s3: saddr:100932208: daddr:33561200
[  269.764952] AAAAA-TCP_FORW: name:enp0s3: saddr:100932208: daddr:33561200
[  269.795558] AAAAA-TCP_FORW: name:enp0s3: saddr:100932208: daddr:16783984
[  269.822381] AAAAA-TCP_FORW: name:enp0s3: saddr:100932208: daddr:16783984
[  269.861449] AAAAA-TCP_FORW: name:enp0s3: saddr:33561200: daddr:100932208
[  269.866979] AAAAA-TCP_FORW: name:enp0s3: saddr:100932208: daddr:16783984
[  269.894321] AAAAA-TCP_FORW: name:enp0s3: saddr:100932208: daddr:16783984
[  269.923231] AAAAA-TCP_FORW: name:enp0s3: saddr:100932208: daddr:16783984
[  269.943040] AAAAA-TCP_FORW: name:enp0s3: saddr:100932208: daddr:16783984
[  269.986901] AAAAA-TCP_FORW: name:enp0s3: saddr:100932208: daddr:16783984
[  270.018243] AAAAA-TCP_FORW: name:enp0s3: saddr:100932208: daddr:16783984
[  270.050210] AAAAA-TCP_FORW: name:enp0s3: saddr:100932208: daddr:16783984
[  270.064634] AAAAA-TCP_FORW: name:enp0s3: saddr:33561200: daddr:100932208
[  270.086867] AAAAA-TCP_FORW: name:enp0s3: saddr:100932208: daddr:16783984
[  270.104771] AAAAA-TCP_FORW: name:enp0s3: saddr:33561200: daddr:100932208
[  270.122144] AAAAA-TCP_FORW: name:enp0s3: saddr:100932208: daddr:16783984
