[    0.000000] Linux version 5.4.243-mptcp (root@ztg) (gcc version 12.2.0 (Debian 12.2.0-14+deb12u1)) #53 SMP Wed Dec 24 23:28:15 CST 2025
[    0.000000] Command line: BOOT_IMAGE=/boot/vmlinuz-5.4.243-mptcp root=UUID=98415a12-53b7-4144-8265-0f7ece09e445 ro quiet splash
[    0.000000] KERNEL supported cpus:
[    0.000000]   Intel GenuineIntel
[    0.000000]   AMD AuthenticAMD
[    0.000000]   Hygon HygonGenuine
[    0.000000]   Centaur CentaurHauls
[    0.000000]   zhaoxin   Shanghai  
[    0.000000] x86/fpu: Supporting XSAVE feature 0x001: 'x87 floating point registers'
[    0.000000] x86/fpu: Supporting XSAVE feature 0x002: 'SSE registers'
[    0.000000] x86/fpu: Supporting XSAVE feature 0x004: 'AVX registers'
[    0.000000] x86/fpu: xstate_offset[2]:  576, xstate_sizes[2]:  256
[    0.000000] x86/fpu: Enabled xstate features 0x7, context size is 832 bytes, using 'standard' format.
[    0.000000] BIOS-provided physical RAM map:
[    0.000000] BIOS-e820: [mem 0x0000000000000000-0x000000000009fbff] usable
[    0.000000] BIOS-e820: [mem 0x000000000009fc00-0x000000000009ffff] reserved
[    0.000000] BIOS-e820: [mem 0x00000000000f0000-0x00000000000fffff] reserved
[    0.000000] BIOS-e820: [mem 0x0000000000100000-0x000000007ffeffff] usable
[    0.000000] BIOS-e820: [mem 0x000000007fff0000-0x000000007fffffff] ACPI data
[    0.000000] BIOS-e820: [mem 0x00000000fec00000-0x00000000fec00fff] reserved
[    0.000000] BIOS-e820: [mem 0x00000000fee00000-0x00000000fee00fff] reserved
[    0.000000] BIOS-e820: [mem 0x00000000fffc0000-0x00000000ffffffff] reserved
[    0.000000] NX (Execute Disable) protection: active
[    0.000000] SMBIOS 2.5 present.
[    0.000000] DMI: innotek GmbH VirtualBox/VirtualBox, BIOS VirtualBox 12/01/2006
[    0.000000] Hypervisor detected: KVM
[    0.000000] kvm-clock: Using msrs 4b564d01 and 4b564d00
[    0.000000] kvm-clock: cpu 0, msr d401001, primary cpu clock
[    0.000000] kvm-clock: using sched offset of 4424081201 cycles
[    0.000003] clocksource: kvm-clock: mask: 0xffffffffffffffff max_cycles: 0x1cd42e4dffb, max_idle_ns: 881590591483 ns
[    0.000006] tsc: Detected 2100.000 MHz processor
[    0.001873] e820: update [mem 0x00000000-0x00000fff] usable ==> reserved
[    0.001875] e820: remove [mem 0x000a0000-0x000fffff] usable
[    0.001879] last_pfn = 0x7fff0 max_arch_pfn = 0x400000000
[    0.001947] MTRR default type: uncachable
[    0.001948] MTRR fixed ranges enabled:
[    0.001950]   00000-9FFFF write-back
[    0.001950]   A0000-BFFFF uncachable
[    0.001951]   C0000-FFFFF write-protect
[    0.001952] MTRR variable ranges enabled:
[    0.001953]   0 base 000000000000 mask 3FFF80000000 write-back
[    0.001954]   1 disabled
[    0.001955]   2 disabled
[    0.001955]   3 disabled
[    0.001955]   4 disabled
[    0.001956]   5 disabled
[    0.001956]   6 disabled
[    0.001957]   7 disabled
[    0.001957]   8 disabled
[    0.001957]   9 disabled
[    0.001958]   10 disabled
[    0.001958]   11 disabled
[    0.001959]   12 disabled
[    0.001959]   13 disabled
[    0.001960]   14 disabled
[    0.001960]   15 disabled
[    0.001977] x86/PAT: Configuration [0-7]: WB  WC  UC- UC  WB  WP  UC- WT  
[    0.002111] found SMP MP-table at [mem 0x0009fff0-0x0009ffff]
[    0.090478] check: Scanning 1 areas for low memory corruption
[    0.090750] RAMDISK: [mem 0x32271000-0x3512ffff]
[    0.090758] ACPI: Early table checksum verification disabled
[    0.090764] ACPI: RSDP 0x00000000000E0000 000024 (v02 VBOX  )
[    0.090769] ACPI: XSDT 0x000000007FFF0030 00003C (v01 VBOX   VBOXXSDT 00000001 ASL  00000061)
[    0.090775] ACPI: FACP 0x000000007FFF00F0 0000F4 (v04 VBOX   VBOXFACP 00000001 ASL  00000061)
[    0.090782] ACPI: DSDT 0x000000007FFF02E0 002353 (v02 VBOX   VBOXBIOS 00000002 VBOX 00029BF3)
[    0.090786] ACPI: FACS 0x000000007FFF0200 000040
[    0.090789] ACPI: FACS 0x000000007FFF0200 000040
[    0.090793] ACPI: APIC 0x000000007FFF0240 000054 (v02 VBOX   VBOXAPIC 00000001 ASL  00000061)
[    0.090796] ACPI: SSDT 0x000000007FFF02A0 000038 (v01 VBOX   VBOXCPUT 00000002 VBOX 00029BF3)
[    0.090799] ACPI: Reserving FACP table memory at [mem 0x7fff00f0-0x7fff01e3]
[    0.090800] ACPI: Reserving DSDT table memory at [mem 0x7fff02e0-0x7fff2632]
[    0.090801] ACPI: Reserving FACS table memory at [mem 0x7fff0200-0x7fff023f]
[    0.090802] ACPI: Reserving FACS table memory at [mem 0x7fff0200-0x7fff023f]
[    0.090802] ACPI: Reserving APIC table memory at [mem 0x7fff0240-0x7fff0293]
[    0.090803] ACPI: Reserving SSDT table memory at [mem 0x7fff02a0-0x7fff02d7]
[    0.090817] ACPI: Local APIC address 0xfee00000
[    0.091001] No NUMA configuration found
[    0.091002] Faking a node at [mem 0x0000000000000000-0x000000007ffeffff]
[    0.091012] NODE_DATA(0) allocated [mem 0x7ffc5000-0x7ffeffff]
[    0.091273] Zone ranges:
[    0.091274]   DMA      [mem 0x0000000000001000-0x0000000000ffffff]
[    0.091276]   DMA32    [mem 0x0000000001000000-0x000000007ffeffff]
[    0.091277]   Normal   empty
[    0.091277]   Device   empty
[    0.091278] Movable zone start for each node
[    0.091280] Early memory node ranges
[    0.091281]   node   0: [mem 0x0000000000001000-0x000000000009efff]
[    0.091282]   node   0: [mem 0x0000000000100000-0x000000007ffeffff]
[    0.091285] Zeroed struct page in unavailable ranges: 114 pages
[    0.091286] Initmem setup node 0 [mem 0x0000000000001000-0x000000007ffeffff]
[    0.091287] On node 0 totalpages: 524174
[    0.091289]   DMA zone: 64 pages used for memmap
[    0.091289]   DMA zone: 21 pages reserved
[    0.091290]   DMA zone: 3998 pages, LIFO batch:0
[    0.091360]   DMA32 zone: 8128 pages used for memmap
[    0.091361]   DMA32 zone: 520176 pages, LIFO batch:63
[    0.100310] ACPI: PM-Timer IO Port: 0x4008
[    0.100313] ACPI: Local APIC address 0xfee00000
[    0.100386] IOAPIC[0]: apic_id 1, version 32, address 0xfec00000, GSI 0-23
[    0.100389] ACPI: INT_SRC_OVR (bus 0 bus_irq 0 global_irq 2 dfl dfl)
[    0.100391] ACPI: INT_SRC_OVR (bus 0 bus_irq 9 global_irq 9 low level)
[    0.100393] ACPI: IRQ0 used by override.
[    0.100394] ACPI: IRQ9 used by override.
[    0.100397] Using ACPI (MADT) for SMP configuration information
[    0.100404] smpboot: Allowing 1 CPUs, 0 hotplug CPUs
[    0.100427] PM: Registered nosave memory: [mem 0x00000000-0x00000fff]
[    0.100428] PM: Registered nosave memory: [mem 0x0009f000-0x0009ffff]
[    0.100429] PM: Registered nosave memory: [mem 0x000a0000-0x000effff]
[    0.100429] PM: Registered nosave memory: [mem 0x000f0000-0x000fffff]
[    0.100431] [mem 0x80000000-0xfebfffff] available for PCI devices
[    0.100432] Booting paravirtualized kernel on KVM
[    0.100435] clocksource: refined-jiffies: mask: 0xffffffff max_cycles: 0xffffffff, max_idle_ns: 7645519600211568 ns
[    0.100440] setup_percpu: NR_CPUS:8192 nr_cpumask_bits:1 nr_cpu_ids:1 nr_node_ids:1
[    0.101454] percpu: Embedded 60 pages/cpu s208896 r8192 d28672 u2097152
[    0.101459] pcpu-alloc: s208896 r8192 d28672 u2097152 alloc=1*2097152
[    0.101460] pcpu-alloc: [0] 0 
[    0.101486] Built 1 zonelists, mobility grouping on.  Total pages: 515961
[    0.101487] Policy zone: DMA32
[    0.101488] Kernel command line: BOOT_IMAGE=/boot/vmlinuz-5.4.243-mptcp root=UUID=98415a12-53b7-4144-8265-0f7ece09e445 ro quiet splash
[    0.102343] Dentry cache hash table entries: 262144 (order: 9, 2097152 bytes, linear)
[    0.102491] Inode-cache hash table entries: 131072 (order: 8, 1048576 bytes, linear)
[    0.102541] mem auto-init: stack:off, heap alloc:on, heap free:off
[    0.102544] Calgary: detecting Calgary via BIOS EBDA area
[    0.102545] Calgary: Unable to locate Rio Grande table in EBDA - bailing!
[    0.106667] Memory: 1967332K/2096696K available (14339K kernel code, 2398K rwdata, 4712K rodata, 2728K init, 17260K bss, 129364K reserved, 0K cma-reserved)
[    0.107587] SLUB: HWalign=64, Order=0-3, MinObjects=0, CPUs=1, Nodes=1
[    0.107604] ftrace: allocating 43186 entries in 169 pages
[    0.125719] rcu: Hierarchical RCU implementation.
[    0.125721] rcu: 	RCU restricting CPUs from NR_CPUS=8192 to nr_cpu_ids=1.
[    0.125722] 	Tasks RCU enabled.
[    0.125723] rcu: RCU calculated value of scheduler-enlistment delay is 25 jiffies.
[    0.125724] rcu: Adjusting geometry for rcu_fanout_leaf=16, nr_cpu_ids=1
[    0.128677] NR_IRQS: 524544, nr_irqs: 256, preallocated irqs: 16
[    0.128895] random: crng init done
[    0.138178] Console: colour VGA+ 80x25
[    0.138183] printk: console [tty0] enabled
[    0.138204] ACPI: Core revision 20190816
[    0.138300] APIC: Switch to symmetric I/O mode setup
[    0.138547] x2apic enabled
[    0.138783] Switched APIC routing to physical x2apic.
[    0.139897] ..TIMER: vector=0x30 apic1=0 pin1=2 apic2=-1 pin2=-1
[    0.139924] clocksource: tsc-early: mask: 0xffffffffffffffff max_cycles: 0x1e4530a99b6, max_idle_ns: 440795257976 ns
[    0.139930] Calibrating delay loop (skipped) preset value.. 4200.00 BogoMIPS (lpj=8400000)
[    0.139932] pid_max: default: 32768 minimum: 301
[    0.139961] LSM: Security Framework initializing
[    0.139971] Yama: becoming mindful.
[    0.139997] AppArmor: AppArmor initialized
[    0.140031] Mount-cache hash table entries: 4096 (order: 3, 32768 bytes, linear)
[    0.140035] Mountpoint-cache hash table entries: 4096 (order: 3, 32768 bytes, linear)
[    0.140046] *** VALIDATE tmpfs ***
[    0.140178] *** VALIDATE proc ***
[    0.140221] *** VALIDATE cgroup1 ***
[    0.140222] *** VALIDATE cgroup2 ***
[    0.140363] process: using mwait in idle threads
[    0.140368] Last level iTLB entries: 4KB 64, 2MB 8, 4MB 8
[    0.140369] Last level dTLB entries: 4KB 64, 2MB 0, 4MB 0, 1GB 4
[    0.140389] Spectre V1 : Mitigation: usercopy/swapgs barriers and __user pointer sanitization
[    0.140395] Spectre V2 : Mitigation: Retpolines
[    0.140395] Spectre V2 : Spectre v2 / SpectreRSB mitigation: Filling RSB on context switch
[    0.140396] Spectre V2 : Spectre v2 / SpectreRSB : Filling RSB on VMEXIT
[    0.140396] RETBleed: WARNING: Spectre v2 mitigation leaves CPU vulnerable to RETBleed attacks, data leaks possible!
[    0.140756] RETBleed: Vulnerable
[    0.140756] Speculative Store Bypass: Vulnerable
[    0.140761] TAA: Mitigation: TSX disabled
[    0.140761] MMIO Stale Data: Mitigation: Clear CPU buffers
[    0.144985] Freeing SMP alternatives memory: 40K
[    0.257253] smpboot: CPU0: Intel(R) Xeon(R) Silver 4216 CPU @ 2.10GHz (family: 0x6, model: 0x55, stepping: 0x7)
[    0.257384] Performance Events: unsupported p6 CPU model 85 no PMU driver, software events only.
[    0.257423] rcu: Hierarchical SRCU implementation.
[    0.257901] NMI watchdog: Perf NMI watchdog permanently disabled
[    0.257939] smp: Bringing up secondary CPUs ...
[    0.257940] smp: Brought up 1 node, 1 CPU
[    0.257941] smpboot: Max logical packages: 1
[    0.257942] smpboot: Total of 1 processors activated (4200.00 BogoMIPS)
[    0.258910] devtmpfs: initialized
[    0.258960] x86/mm: Memory block size: 128MB
[    0.259311] clocksource: jiffies: mask: 0xffffffff max_cycles: 0xffffffff, max_idle_ns: 7645041785100000 ns
[    0.259317] futex hash table entries: 256 (order: 2, 16384 bytes, linear)
[    0.259360] pinctrl core: initialized pinctrl subsystem
[    0.259463] PM: RTC time: 17:42:12, date: 2026-01-17
[    0.259570] NET: Registered protocol family 16
[    0.259644] audit: initializing netlink subsys (disabled)
[    0.259770] EISA bus registered
[    0.259771] cpuidle: using governor ladder
[    0.259772] cpuidle: using governor menu
[    0.259808] ACPI: bus type PCI registered
[    0.259810] acpiphp: ACPI Hot Plug PCI Controller Driver version: 0.5
[    0.259916] PCI: Using configuration type 1 for base access
[    0.260213] audit: type=2000 audit(1768642939.017:1): state=initialized audit_enabled=0 res=1
[    0.260292] HugeTLB registered 2.00 MiB page size, pre-allocated 0 pages
[    0.261126] ACPI: Added _OSI(Module Device)
[    0.261127] ACPI: Added _OSI(Processor Device)
[    0.261127] ACPI: Added _OSI(3.0 _SCP Extensions)
[    0.261128] ACPI: Added _OSI(Processor Aggregator Device)
[    0.261129] ACPI: Added _OSI(Linux-Dell-Video)
[    0.261130] ACPI: Added _OSI(Linux-Lenovo-NV-HDMI-Audio)
[    0.261130] ACPI: Added _OSI(Linux-HPI-Hybrid-Graphics)
[    0.263073] ACPI: 2 ACPI AML tables successfully acquired and loaded
[    0.264561] ACPI: Interpreter enabled
[    0.264570] ACPI: (supports S0 S5)
[    0.264571] ACPI: Using IOAPIC for interrupt routing
[    0.264779] PCI: Using host bridge windows from ACPI; if necessary, use "pci=nocrs" and report a bug
[    0.264898] ACPI: Enabled 2 GPEs in block 00 to 07
[    0.269975] ACPI: PCI Root Bridge [PCI0] (domain 0000 [bus 00-ff])
[    0.269982] acpi PNP0A03:00: _OSC: OS supports [ASPM ClockPM Segments MSI HPX-Type3]
[    0.270461] acpi PNP0A03:00: _OSC: not requesting OS control; OS requires [ExtendedConfig ASPM ClockPM MSI]
[    0.270469] acpi PNP0A03:00: fail to add MMCONFIG information, can't access extended PCI configuration space under this bridge.
[    0.270888] PCI host bridge to bus 0000:00
[    0.270890] pci_bus 0000:00: root bus resource [io  0x0000-0x0cf7 window]
[    0.270891] pci_bus 0000:00: root bus resource [io  0x0d00-0xffff window]
[    0.270893] pci_bus 0000:00: root bus resource [mem 0x000a0000-0x000bffff window]
[    0.270894] pci_bus 0000:00: root bus resource [mem 0x80000000-0xfdffffff window]
[    0.270895] pci_bus 0000:00: root bus resource [bus 00-ff]
[    0.270941] pci 0000:00:00.0: [8086:1237] type 00 class 0x060000
[    0.272009] pci 0000:00:01.0: [8086:7000] type 00 class 0x060100
[    0.272804] pci 0000:00:01.1: [8086:7111] type 00 class 0x01018a
[    0.273186] pci 0000:00:01.1: reg 0x20: [io  0xd000-0xd00f]
[    0.273341] pci 0000:00:01.1: legacy IDE quirk: reg 0x10: [io  0x01f0-0x01f7]
[    0.273342] pci 0000:00:01.1: legacy IDE quirk: reg 0x14: [io  0x03f6]
[    0.273343] pci 0000:00:01.1: legacy IDE quirk: reg 0x18: [io  0x0170-0x0177]
[    0.273344] pci 0000:00:01.1: legacy IDE quirk: reg 0x1c: [io  0x0376]
[    0.273927] pci 0000:00:02.0: [15ad:0405] type 00 class 0x030000
[    0.276003] pci 0000:00:02.0: reg 0x10: [io  0xd010-0xd01f]
[    0.279974] pci 0000:00:02.0: reg 0x14: [mem 0xe0000000-0xe7ffffff pref]
[    0.282786] pci 0000:00:02.0: reg 0x18: [mem 0xf0000000-0xf01fffff]
[    0.295031] pci 0000:00:03.0: [1022:2000] type 00 class 0x020000
[    0.296115] pci 0000:00:03.0: reg 0x10: [io  0xd020-0xd03f]
[    0.296974] pci 0000:00:03.0: reg 0x14: [mem 0xf0200000-0xf0200fff]
[    0.301486] pci 0000:00:04.0: [80ee:cafe] type 00 class 0x088000
[    0.302161] pci 0000:00:04.0: reg 0x10: [io  0xd040-0xd05f]
[    0.302773] pci 0000:00:04.0: reg 0x14: [mem 0xf0400000-0xf07fffff]
[    0.303380] pci 0000:00:04.0: reg 0x18: [mem 0xf0800000-0xf0803fff pref]
[    0.306994] pci 0000:00:07.0: [8086:7113] type 00 class 0x068000
[    0.307539] pci 0000:00:07.0: quirk: [io  0x4000-0x403f] claimed by PIIX4 ACPI
[    0.307549] pci 0000:00:07.0: quirk: [io  0x4100-0x410f] claimed by PIIX4 SMB
[    0.307991] pci 0000:00:08.0: [8086:100e] type 00 class 0x020000
[    0.308736] pci 0000:00:08.0: reg 0x10: [mem 0xf0820000-0xf083ffff]
[    0.309920] pci 0000:00:08.0: reg 0x18: [io  0xd060-0xd067]
[    0.313002] pci 0000:00:09.0: [8086:100e] type 00 class 0x020000
[    0.313714] pci 0000:00:09.0: reg 0x10: [mem 0xf0840000-0xf085ffff]
[    0.314973] pci 0000:00:09.0: reg 0x18: [io  0xd068-0xd06f]
[    0.324936] ACPI: PCI Interrupt Link [LNKA] (IRQs 5 9 10 *11)
[    0.325220] ACPI: PCI Interrupt Link [LNKB] (IRQs 5 9 *10 11)
[    0.325327] ACPI: PCI Interrupt Link [LNKC] (IRQs 5 *9 10 11)
[    0.325430] ACPI: PCI Interrupt Link [LNKD] (IRQs 5 9 10 *11)
[    0.325699] iommu: Default domain type: Translated 
[    0.325760] pci 0000:00:02.0: vgaarb: setting as boot VGA device
[    0.325762] pci 0000:00:02.0: vgaarb: VGA device added: decodes=io+mem,owns=io+mem,locks=none
[    0.325764] pci 0000:00:02.0: vgaarb: bridge control possible
[    0.325765] vgaarb: loaded
[    0.325978] SCSI subsystem initialized
[    0.326012] libata version 3.00 loaded.
[    0.326037] ACPI: bus type USB registered
[    0.326053] usbcore: registered new interface driver usbfs
[    0.326058] usbcore: registered new interface driver hub
[    0.326064] usbcore: registered new device driver usb
[    0.326092] pps_core: LinuxPPS API ver. 1 registered
[    0.326093] pps_core: Software ver. 5.3.6 - Copyright 2005-2007 Rodolfo Giometti <giometti@linux.it>
[    0.326095] PTP clock support registered
[    0.327939] EDAC MC: Ver: 3.0.0
[    0.328235] PCI: Using ACPI for IRQ routing
[    0.328237] PCI: pci_cache_line_size set to 64 bytes
[    0.328408] e820: reserve RAM buffer [mem 0x0009fc00-0x0009ffff]
[    0.328412] e820: reserve RAM buffer [mem 0x7fff0000-0x7fffffff]
[    0.329200] NetLabel: Initializing
[    0.329200] NetLabel:  domain hash size = 128
[    0.329201] NetLabel:  protocols = UNLABELED CIPSOv4 CALIPSO
[    0.329220] NetLabel:  unlabeled traffic allowed by default
[    0.330130] clocksource: Switched to clocksource kvm-clock
[    0.339940] *** VALIDATE bpf ***
[    0.339940] VFS: Disk quotas dquot_6.6.0
[    0.339940] VFS: Dquot-cache hash table entries: 512 (order 0, 4096 bytes)
[    0.339940] *** VALIDATE ramfs ***
[    0.339940] *** VALIDATE hugetlbfs ***
[    0.339940] AppArmor: AppArmor Filesystem Enabled
[    0.339940] pnp: PnP ACPI init
[    0.339940] pnp 00:00: Plug and Play ACPI device, IDs PNP0303 (active)
[    0.342541] pnp 00:01: Plug and Play ACPI device, IDs PNP0f03 (active)
[    0.343356] pnp: PnP ACPI: found 2 devices
[    0.344318] thermal_sys: Registered thermal governor 'fair_share'
[    0.344319] thermal_sys: Registered thermal governor 'bang_bang'
[    0.344320] thermal_sys: Registered thermal governor 'step_wise'
[    0.344320] thermal_sys: Registered thermal governor 'user_space'
[    0.344321] thermal_sys: Registered thermal governor 'power_allocator'
[    0.348841] clocksource: acpi_pm: mask: 0xffffff max_cycles: 0xffffff, max_idle_ns: 2085701024 ns
[    0.348886] pci_bus 0000:00: resource 4 [io  0x0000-0x0cf7 window]
[    0.348888] pci_bus 0000:00: resource 5 [io  0x0d00-0xffff window]
[    0.348889] pci_bus 0000:00: resource 6 [mem 0x000a0000-0x000bffff window]
[    0.348890] pci_bus 0000:00: resource 7 [mem 0x80000000-0xfdffffff window]
[    0.348951] NET: Registered protocol family 2
[    0.349028] IP idents hash table entries: 32768 (order: 6, 262144 bytes, linear)
[    0.349434] MPTCP tokens hash table entries: 8192 (order: 4, 65536 bytes, linear)
[    0.349454] MPTCP request tokens hash table entries: 8192 (order: 4, 65536 bytes, linear)
[    0.349479] default registered
[    0.349480] default registered
[    0.349480] MPTCP: Stable release v0.96
[    0.349485] tcp_listen_portaddr_hash hash table entries: 1024 (order: 2, 16384 bytes, linear)
[    0.349565] TCP established hash table entries: 16384 (order: 5, 131072 bytes, linear)
[    0.349630] TCP bind hash table entries: 16384 (order: 6, 262144 bytes, linear)
[    0.349656] TCP: Hash tables configured (established 16384 bind 16384)
[    0.350358] UDP hash table entries: 1024 (order: 3, 32768 bytes, linear)
[    0.350369] UDP-Lite hash table entries: 1024 (order: 3, 32768 bytes, linear)
[    0.350403] NET: Registered protocol family 1
[    0.350412] NET: Registered protocol family 44
[    0.350432] pci 0000:00:00.0: Limiting direct PCI/PCI transfers
[    0.350444] pci 0000:00:01.0: Activating ISA DMA hang workarounds
[    0.350500] pci 0000:00:02.0: Video device with shadowed ROM at [mem 0x000c0000-0x000dffff]
[    0.350564] PCI: CLS 0 bytes, default 64
[    0.350611] Trying to unpack rootfs image as initramfs...
[    0.523379] Freeing initrd memory: 47868K
[    0.523379] clocksource: tsc: mask: 0xffffffffffffffff max_cycles: 0x1e4530a99b6, max_idle_ns: 440795257976 ns
[    0.523379] clocksource: Switched to clocksource tsc
[    0.523379] platform rtc_cmos: registered platform RTC device (no PNP device found)
[    0.523379] check: Scanning for low memory corruption every 60 seconds
[    0.523379] Initialise system trusted keyrings
[    0.523379] Key type blacklist registered
[    0.523379] workingset: timestamp_bits=36 max_order=19 bucket_order=0
[    0.523379] zbud: loaded
[    0.523379] squashfs: version 4.0 (2009/01/31) Phillip Lougher
[    0.523379] fuse: init (API version 7.31)
[    0.523379] *** VALIDATE fuse ***
[    0.523379] *** VALIDATE fuse ***
[    0.523379] Platform Keyring initialized
[    0.523379] Key type asymmetric registered
[    0.523379] Asymmetric key parser 'x509' registered
[    0.523379] Block layer SCSI generic (bsg) driver version 0.4 loaded (major 244)
[    0.523379] io scheduler mq-deadline registered
[    0.523379] shpchp: Standard Hot Plug PCI Controller Driver version: 0.4
[    0.537344] ACPI: AC Adapter [AC] (on-line)
[    0.537391] input: Power Button as /devices/LNXSYSTM:00/LNXPWRBN:00/input/input0
[    0.537418] ACPI: Power Button [PWRF]
[    0.537500] input: Sleep Button as /devices/LNXSYSTM:00/LNXSLPBN:00/input/input1
[    0.537516] ACPI: Sleep Button [SLPF]
[    0.537759] Serial: 8250/16550 driver, 32 ports, IRQ sharing enabled
[    0.538897] Linux agpgart interface v0.103
[    0.635097] loop: module loaded
[    0.635254] ata_piix 0000:00:01.1: version 2.13
[    0.635673] scsi host0: ata_piix
[    0.635783] scsi host1: ata_piix
[    0.635810] ata1: PATA max UDMA/33 cmd 0x1f0 ctl 0x3f6 bmdma 0xd000 irq 14
[    0.635811] ata2: PATA max UDMA/33 cmd 0x170 ctl 0x376 bmdma 0xd008 irq 15
[    0.635897] tun: Universal TUN/TAP device driver, 1.6
[    0.636227] PPP generic driver version 2.4.2
[    0.636273] VFIO - User Level meta-driver version: 0.3
[    0.636509] ehci_hcd: USB 2.0 'Enhanced' Host Controller (EHCI) Driver
[    0.636514] ehci-pci: EHCI PCI platform driver
[    0.636529] ehci-platform: EHCI generic platform driver
[    0.636535] ohci_hcd: USB 1.1 'Open' Host Controller (OHCI) Driver
[    0.636536] ohci-pci: OHCI PCI platform driver
[    0.636543] ohci-platform: OHCI generic platform driver
[    0.636548] uhci_hcd: USB Universal Host Controller Interface driver
[    0.636613] i8042: PNP: PS/2 Controller [PNP0303:PS2K,PNP0f03:PS2M] at 0x60,0x64 irq 1,12
[    0.637049] serio: i8042 KBD port at 0x60,0x64 irq 1
[    0.637052] serio: i8042 AUX port at 0x60,0x64 irq 12
[    0.637138] mousedev: PS/2 mouse device common for all mice
[    0.637387] input: AT Translated Set 2 keyboard as /devices/platform/i8042/serio0/input/input2
[    0.637788] rtc_cmos rtc_cmos: registered as rtc0
[    0.637802] rtc_cmos rtc_cmos: alarms up to one day, 114 bytes nvram
[    0.637807] i2c /dev entries driver
[    0.637851] device-mapper: uevent: version 1.0.3
[    0.637895] device-mapper: ioctl: 4.41.0-ioctl (2019-09-16) initialised: dm-devel@redhat.com
[    0.637911] platform eisa.0: Probing EISA bus 0
[    0.637912] platform eisa.0: EISA: Cannot allocate resource for mainboard
[    0.637913] platform eisa.0: Cannot allocate resource for EISA slot 1
[    0.637914] platform eisa.0: Cannot allocate resource for EISA slot 2
[    0.637915] platform eisa.0: Cannot allocate resource for EISA slot 3
[    0.637916] platform eisa.0: Cannot allocate resource for EISA slot 4
[    0.637917] platform eisa.0: Cannot allocate resource for EISA slot 5
[    0.637918] platform eisa.0: Cannot allocate resource for EISA slot 6
[    0.637919] platform eisa.0: Cannot allocate resource for EISA slot 7
[    0.637920] platform eisa.0: Cannot allocate resource for EISA slot 8
[    0.637921] platform eisa.0: EISA: Detected 0 cards
[    0.637924] intel_pstate: CPU model not supported
[    0.637933] ledtrig-cpu: registered to indicate activity on CPUs
[    0.637988] drop_monitor: Initializing network drop monitor service
[    0.638146] NET: Registered protocol family 10
[    0.643055] Segment Routing with IPv6
[    0.643055] fullmesh registered
[    0.643055] ndiffports registered
[    0.643055] binder registered
[    0.643055] roundrobin registered
[    0.643055] redundant registered
[    0.643055] blest registered
[    0.643055] ecf registered
[    0.643055] NET: Registered protocol family 17
[    0.643055] Key type dns_resolver registered
[    0.643055] RAS: Correctable Errors collector initialized.
[    0.643055] IPI shorthand broadcast: enabled
[    0.643055] sched_clock: Marking stable (628015084, 11040713)->(640693199, -1637402)
[    0.643491] registered taskstats version 1
[    0.643500] Loading compiled-in X.509 certificates
[    0.644088] Loaded X.509 cert 'Build time autogenerated kernel key: 6909f3744cebb3d0de528d5887b96a727de79b1e'
[    0.644107] zswap: loaded using pool lzo/zbud
[    0.644161] Key type ._fscrypt registered
[    0.644161] Key type .fscrypt registered
[    0.648602] Key type big_key registered
[    0.650809] Key type encrypted registered
[    0.650811] AppArmor: AppArmor sha1 policy hashing enabled
[    0.650818] ima: No TPM chip found, activating TPM-bypass!
[    0.650823] ima: Allocated hash algorithm: sha1
[    0.650828] ima: No architecture policies found
[    0.650837] evm: Initialising EVM extended attributes:
[    0.650837] evm: security.selinux
[    0.650838] evm: security.SMACK64
[    0.650838] evm: security.SMACK64EXEC
[    0.650839] evm: security.SMACK64TRANSMUTE
[    0.650839] evm: security.SMACK64MMAP
[    0.650840] evm: security.apparmor
[    0.650840] evm: security.ima
[    0.650841] evm: security.capability
[    0.650841] evm: HMAC attrs: 0x1
[    0.651148] PM:   Magic number: 10:733:744
[    0.651252] rtc_cmos rtc_cmos: setting system clock to 2026-01-17T17:42:13 UTC (1768671733)
[    0.808379] ata1.00: ATA-6: VBOX HARDDISK, 1.0, max UDMA/133
[    0.808382] ata1.00: 209715200 sectors, multi 128: LBA 
[    0.809050] scsi 0:0:0:0: Direct-Access     ATA      VBOX HARDDISK    1.0  PQ: 0 ANSI: 5
[    0.809369] sd 0:0:0:0: [sda] 209715200 512-byte logical blocks: (107 GB/100 GiB)
[    0.809382] sd 0:0:0:0: [sda] Write Protect is off
[    0.809385] sd 0:0:0:0: [sda] Mode Sense: 00 3a 00 00
[    0.809405] sd 0:0:0:0: [sda] Write cache: enabled, read cache: enabled, doesn't support DPO or FUA
[    0.809737] sd 0:0:0:0: Attached scsi generic sg0 type 0
[    0.810533]  sda: sda1 sda2
[    0.819270] sd 0:0:0:0: [sda] Attached SCSI disk
[    0.822627] Freeing unused decrypted memory: 2040K
[    0.823614] Freeing unused kernel image memory: 2728K
[    0.823618] Write protecting the kernel read-only data: 22528k
[    0.824641] Freeing unused kernel image memory: 2036K
[    0.825207] Freeing unused kernel image memory: 1432K
[    0.852487] x86/mm: Checked W+X mappings: passed, no W+X pages found.
[    0.852494] Run /init as init process
[    0.957652] ACPI: Video Device [GFX0] (multi-head: yes  rom: no  post: no)
[    0.957725] input: Video Bus as /devices/LNXSYSTM:00/LNXSYBUS:00/PNP0A03:00/LNXVIDEO:00/input/input4
[    0.969260] pcnet32: pcnet32.c:v1.35 21.Apr.2008 tsbogend@alpha.franken.de
[    0.970795] piix4_smbus 0000:00:07.0: SMBus Host Controller at 0x4100, revision 0
[    0.974882] e1000: Intel(R) PRO/1000 Network Driver - version 7.3.21-k8-NAPI
[    0.974883] e1000: Copyright (c) 1999-2006 Intel Corporation.
[    0.985968] pcnet32: PCnet/FAST III 79C973 at 0xd020, 08:00:27:62:1f:90 assigned IRQ 19
[    0.986013] pcnet32: Found PHY 0022:561b at address 0
[    0.986317] pcnet32: eth0: registered as PCnet/FAST III 79C973
[    0.986341] pcnet32: 1 cards_found
[    1.052392] pcnet32 0000:00:03.0 enp0s3: renamed from eth0
[    1.195911] input: ImExPS/2 Generic Explorer Mouse as /devices/platform/i8042/serio1/input/input5
[    1.387375] e1000 0000:00:08.0 eth0: (PCI:33MHz:32-bit) 08:00:27:9b:69:c0
[    1.387380] e1000 0000:00:08.0 eth0: Intel(R) PRO/1000 Network Connection
[    1.759468] e1000 0000:00:09.0 eth1: (PCI:33MHz:32-bit) 08:00:27:3e:6a:c9
[    1.759471] e1000 0000:00:09.0 eth1: Intel(R) PRO/1000 Network Connection
[    1.760729] e1000 0000:00:09.0 enp0s9: renamed from eth1
[    1.762498] e1000 0000:00:08.0 enp0s8: renamed from eth0
[    1.905581] EXT4-fs (sda2): mounted filesystem with ordered data mode. Opts: (null)
[    1.987241] systemd[1]: Inserted module 'autofs4'
[    1.997190] systemd[1]: systemd 245.4-4ubuntu3 running in system mode. (+PAM +AUDIT +SELINUX +IMA +APPARMOR +SMACK +SYSVINIT +UTMP +LIBCRYPTSETUP +GCRYPT +GNUTLS +ACL +XZ +LZ4 +SECCOMP +BLKID +ELFUTILS +KMOD +IDN2 -IDN +PCRE2 default-hierarchy=hybrid)
[    1.997220] systemd[1]: Detected virtualization oracle.
[    1.997224] systemd[1]: Detected architecture x86-64.
[    1.998522] systemd[1]: Set hostname to <ztg>.
[    2.122503] systemd[1]: /lib/systemd/system/dbus.socket:5: ListenStream= references a path below legacy directory /var/run/, updating /var/run/dbus/system_bus_socket â†’ /run/dbus/system_bus_socket; please update the unit file accordingly.
[    2.174175] systemd[1]: Created slice system-modprobe.slice.
[    2.174356] systemd[1]: Created slice User and Session Slice.
[    2.174397] systemd[1]: Started Forward Password Requests to Wall Directory Watch.
[    2.174559] systemd[1]: Set up automount Arbitrary Executable File Formats File System Automount Point.
[    2.174588] systemd[1]: Reached target User and Group Name Lookups.
[    2.174596] systemd[1]: Reached target Remote File Systems.
[    2.174604] systemd[1]: Reached target Slices.
[    2.175096] systemd[1]: Listening on Syslog Socket.
[    2.175214] systemd[1]: Listening on fsck to fsckd communication Socket.
[    2.175251] systemd[1]: Listening on initctl Compatibility Named Pipe.
[    2.175383] systemd[1]: Listening on Journal Audit Socket.
[    2.175434] systemd[1]: Listening on Journal Socket (/dev/log).
[    2.175502] systemd[1]: Listening on Journal Socket.
[    2.175565] systemd[1]: Listening on udev Control Socket.
[    2.175603] systemd[1]: Listening on udev Kernel Socket.
[    2.176336] systemd[1]: Mounting Huge Pages File System...
[    2.177254] systemd[1]: Mounting POSIX Message Queue File System...
[    2.178117] systemd[1]: Mounting Kernel Debug File System...
[    2.178957] systemd[1]: Mounting Kernel Trace File System...
[    2.180911] systemd[1]: Starting Journal Service...
[    2.205359] systemd[1]: Starting Set the console keyboard layout...
[    2.213364] systemd[1]: Starting Create list of static device nodes for the current kernel...
[    2.215410] systemd[1]: Starting Load Kernel Module drm...
[    2.216404] systemd[1]: Condition check resulted in Set Up Additional Binary Formats being skipped.
[    2.216479] systemd[1]: Condition check resulted in File System Check on Root Device being skipped.
[    2.230284] systemd[1]: Starting Load Kernel Modules...
[    2.235796] systemd[1]: Starting Remount Root and Kernel File Systems...
[    2.247717] systemd[1]: Starting udev Coldplug all Devices...
[    2.256178] systemd[1]: Starting Uncomplicated firewall...
[    2.257710] systemd[1]: Mounted Huge Pages File System.
[    2.257812] systemd[1]: Mounted POSIX Message Queue File System.
[    2.257892] systemd[1]: Mounted Kernel Debug File System.
[    2.257965] systemd[1]: Mounted Kernel Trace File System.
[    2.260870] EXT4-fs (sda2): re-mounted. Opts: errors=remount-ro
[    2.287009] systemd[1]: Finished Create list of static device nodes for the current kernel.
[    2.288071] systemd[1]: modprobe@drm.service: Succeeded.
[    2.305772] systemd[1]: Finished Load Kernel Module drm.
[    2.306342] systemd[1]: Finished Remount Root and Kernel File Systems.
[    2.307713] systemd[1]: Finished Uncomplicated firewall.
[    2.325291] lp: driver loaded but no devices found
[    2.326630] systemd[1]: Condition check resulted in Rebuild Hardware Database being skipped.
[    2.326673] systemd[1]: Condition check resulted in Platform Persistent Storage Archival being skipped.
[    2.327428] systemd[1]: Starting Load/Save Random Seed...
[    2.334197] systemd[1]: Starting Create System Users...
[    2.341015] ppdev: user-space parallel port driver
[    2.347228] systemd[1]: Finished Load/Save Random Seed.
[    2.351960] systemd[1]: Finished Create System Users.
[    2.352706] systemd[1]: Starting Create Static Device Nodes in /dev...
[    2.402530] systemd[1]: Finished udev Coldplug all Devices.
[    2.409934] systemd[1]: Finished Create Static Device Nodes in /dev.
[    2.410833] systemd[1]: Starting udev Kernel Device Manager...
[    2.434754] [drm] DMA map mode: Caching DMA mappings.
[    2.434845] [drm] Capabilities:
[    2.434846] [drm]   Rect copy.
[    2.434846] [drm]   Cursor.
[    2.434847] [drm]   Cursor bypass.
[    2.434847] [drm]   Cursor bypass 2.
[    2.434847] [drm]   Alpha cursor.
[    2.434848] [drm]   Extended Fifo.
[    2.434848] [drm]   Pitchlock.
[    2.434848] [drm]   Irq mask.
[    2.434849] [drm]   GMR.
[    2.434849] [drm]   Traces.
[    2.434849] [drm]   GMR2.
[    2.434850] [drm]   Screen Object 2.
[    2.434850] [drm]   Command Buffers.
[    2.434850] [drm]   Command Buffers 2.
[    2.434851] [drm]   Guest Backed Resources.
[    2.434852] [drm] Max GMR ids is 8192
[    2.434852] [drm] Max number of GMR pages is 1048576
[    2.434853] [drm] Max dedicated hypervisor surface memory is 393216 kiB
[    2.434853] [drm] Maximum display memory size is 131072 kiB
[    2.434854] [drm] VRAM at 0xe0000000 size is 131072 kiB
[    2.434855] [drm] MMIO at 0xf0000000 size is 2048 kiB
[    2.440263] [TTM] Zone  kernel: Available graphics memory: 1011738 KiB
[    2.440264] [TTM] Initializing pool allocator
[    2.440267] [TTM] Initializing DMA pool allocator
[    2.440304] [drm] Supports vblank timestamp caching Rev 2 (21.10.2013).
[    2.440304] [drm] No driver support for vblank timestamp query.
[    2.440553] [drm] Screen Target Display device initialized
[    2.440747] [drm] width 720
[    2.440755] [drm] height 400
[    2.440758] [drm] bpp 32
[    2.441265] [drm] Fifo max 0x00200000 min 0x00001000 cap 0x00000355
[    2.442339] [drm] Using command buffers with DMA pool.
[    2.442346] [drm] DX: no.
[    2.442346] [drm] Atomic: yes.
[    2.442347] [drm] SM4_1: no.
[    2.442366] [drm:vmw_host_log [vmwgfx]] *ERROR* Failed to send host log message.
[    2.444651] [drm:vmw_host_log [vmwgfx]] *ERROR* Failed to send host log message.
[    2.476664] fbcon: svgadrmfb (fb0) is primary device
[    2.481698] Console: switching to colour frame buffer device 100x37
[    2.485273] systemd[1]: Finished Set the console keyboard layout.
[    2.485447] systemd[1]: Reached target Local File Systems (Pre).
[    2.487970] [drm] Initialized vmwgfx 2.15.0 20180704 for 0000:00:02.0 on minor 0
[    2.489851] systemd[1]: Mounting Mount unit for bare, revision 5...
[    2.495725] systemd[1]: Mounting Mount unit for core18, revision 1705...
[    2.499653] systemd[1]: Mounting Mount unit for gnome-3-34-1804, revision 24...
[    2.514459] systemd[1]: Mounting Mount unit for gtk-common-themes, revision 1506...
[    2.526177] systemd[1]: Mounting Mount unit for gtk-common-themes, revision 1535...
[    2.557407] systemd[1]: Mounting Mount unit for snap-store, revision 433...
[    2.560980] systemd[1]: Mounting Mount unit for snapd, revision 7264...
[    2.563595] systemd[1]: Finished Load Kernel Modules.
[    2.566882] systemd[1]: Mounting FUSE Control File System...
[    2.571589] systemd[1]: Mounting Kernel Configuration File System...
[    2.606304] systemd[1]: Starting Apply Kernel Variables...
[    2.617687] systemd[1]: Mounted FUSE Control File System.
[    2.617814] systemd[1]: Mounted Mount unit for bare, revision 5.
[    2.617901] systemd[1]: Mounted Kernel Configuration File System.
[    2.617960] systemd[1]: Condition check resulted in VMware vmblock fuse mount being skipped.
[    2.620866] systemd[1]: Finished Apply Kernel Variables.
[    2.626476] systemd[1]: Mounted Mount unit for core18, revision 1705.
[    2.626566] systemd[1]: Mounted Mount unit for gnome-3-34-1804, revision 24.
[    2.637633] systemd[1]: Mounted Mount unit for gtk-common-themes, revision 1506.
[    2.637723] systemd[1]: Mounted Mount unit for gtk-common-themes, revision 1535.
[    2.639653] systemd[1]: Started udev Kernel Device Manager.
[    2.640389] systemd[1]: Starting Show Plymouth Boot Screen...
[    2.664108] systemd[1]: Mounted Mount unit for snap-store, revision 433.
[    2.664221] systemd[1]: Mounted Mount unit for snapd, revision 7264.
[    2.664732] systemd[1]: Received SIGRTMIN+20 from PID 274 (plymouthd).
[    2.664791] systemd[1]: Reached target Local File Systems.
[    2.670416] systemd[1]: Starting Load AppArmor profiles...
[    2.677529] systemd[1]: Starting Set console font and keymap...
[    2.686186] systemd[1]: Starting Tell Plymouth To Write Out Runtime Data...
[    2.689150] systemd[1]: Condition check resulted in Store a System Token in an EFI Variable being skipped.
[    2.689180] systemd[1]: Condition check resulted in Commit a transient machine-id on disk being skipped.
[    2.689303] systemd[1]: Started Show Plymouth Boot Screen.
[    2.689532] systemd[1]: Condition check resulted in Dispatch Password Requests to Console Directory Watch being skipped.
[    2.689613] systemd[1]: Started Forward Password Requests to Plymouth Directory Watch.
[    2.690136] systemd[1]: Reached target Local Encrypted Volumes.
[    2.690510] systemd[1]: Finished Set console font and keymap.
[    2.694003] systemd[1]: Received SIGRTMIN+20 from PID 274 (plymouthd).
[    2.694830] systemd[1]: plymouth-read-write.service: Succeeded.
[    2.695090] systemd[1]: Finished Tell Plymouth To Write Out Runtime Data.
[    2.720013] audit: type=1400 audit(1768671735.564:2): apparmor="STATUS" operation="profile_load" profile="unconfined" name="nvidia_modprobe" pid=301 comm="apparmor_parser"
[    2.720015] audit: type=1400 audit(1768671735.564:3): apparmor="STATUS" operation="profile_load" profile="unconfined" name="nvidia_modprobe//kmod" pid=301 comm="apparmor_parser"
[    2.732224] audit: type=1400 audit(1768671735.576:4): apparmor="STATUS" operation="profile_load" profile="unconfined" name="/usr/sbin/tcpdump" pid=302 comm="apparmor_parser"
[    2.778793] audit: type=1400 audit(1768671735.612:5): apparmor="STATUS" operation="profile_load" profile="unconfined" name="/usr/bin/evince" pid=304 comm="apparmor_parser"
[    2.778796] audit: type=1400 audit(1768671735.612:6): apparmor="STATUS" operation="profile_load" profile="unconfined" name="/usr/bin/evince//sanitized_helper" pid=304 comm="apparmor_parser"
[    2.778797] audit: type=1400 audit(1768671735.612:7): apparmor="STATUS" operation="profile_load" profile="unconfined" name="/usr/bin/evince-previewer" pid=304 comm="apparmor_parser"
[    2.778799] audit: type=1400 audit(1768671735.612:8): apparmor="STATUS" operation="profile_load" profile="unconfined" name="/usr/bin/evince-previewer//sanitized_helper" pid=304 comm="apparmor_parser"
[    2.778801] audit: type=1400 audit(1768671735.612:9): apparmor="STATUS" operation="profile_load" profile="unconfined" name="/usr/bin/evince-thumbnailer" pid=304 comm="apparmor_parser"
[    2.793641] audit: type=1400 audit(1768671735.640:10): apparmor="STATUS" operation="profile_load" profile="unconfined" name="/usr/lib/cups/backend/cups-pdf" pid=305 comm="apparmor_parser"
[    2.874555] systemd[1]: Finished Load AppArmor profiles.
[    2.875552] systemd[1]: Starting Load AppArmor profiles managed internally by snapd...
[    2.950814] systemd[1]: Finished Load AppArmor profiles managed internally by snapd.
[    3.151134] systemd[1]: Started Journal Service.
[    3.159383] systemd-journald[229]: Received client request to flush runtime journal.
[    3.163477] systemd-journald[229]: File /var/log/journal/c455b248004a419c87ce85eea238d727/system.journal corrupted or uncleanly shut down, renaming and replacing.
[    4.514895] RAPL PMU: API unit is 2^-32 Joules, 0 fixed counters, 10737418240 ms ovfl timer
[    4.579346] cryptd: max_cpu_qlen set to 1000
[    4.636341] AVX2 version of gcm_enc/dec engaged.
[    4.636342] AES CTR mode by8 optimization enabled
[    5.488010] Adding 1998844k swap on /dev/sda1.  Priority:-2 extents:1 across:1998844k FS
[    7.320430] kauditd_printk_skb: 30 callbacks suppressed
[    7.320431] audit: type=1400 audit(1768671740.164:41): apparmor="DENIED" operation="capable" profile="/usr/sbin/cups-browsed" pid=498 comm="cups-browsed" capability=23  capname="sys_nice"
[    7.810685] pcnet32 0000:00:03.0 enp0s3: link up, 100Mbps, full-duplex
[    7.847808] e1000: enp0s8 NIC Link is Up 1000 Mbps Full Duplex, Flow Control: RX
[    7.852643] IPv6: ADDRCONF(NETDEV_CHANGE): enp0s8: link becomes ready
[    7.860955] e1000: enp0s9 NIC Link is Up 1000 Mbps Full Duplex, Flow Control: RX
[    7.861245] IPv6: ADDRCONF(NETDEV_CHANGE): enp0s9: link becomes ready
[    8.422421] device enp0s3 entered promiscuous mode
[    8.429332] audit: type=1400 audit(1768671741.268:42): apparmor="DENIED" operation="open" profile="/usr/sbin/tcpdump" name="/proc/sys/kernel/random/boot_id" pid=717 comm="tcpdump" requested_mask="r" denied_mask="r" fsuid=0 ouid=0
[    8.434851] audit: type=1400 audit(1768671741.280:43): apparmor="DENIED" operation="open" profile="/usr/sbin/tcpdump" name="/proc/sys/kernel/random/boot_id" pid=717 comm="tcpdump" requested_mask="r" denied_mask="r" fsuid=0 ouid=0
[    8.435586] audit: type=1400 audit(1768671741.280:44): apparmor="DENIED" operation="open" profile="/usr/sbin/tcpdump" name="/proc/sys/kernel/random/boot_id" pid=717 comm="tcpdump" requested_mask="r" denied_mask="r" fsuid=0 ouid=0
[    8.438702] audit: type=1400 audit(1768671741.280:45): apparmor="DENIED" operation="open" profile="/usr/sbin/tcpdump" name="/proc/sys/kernel/random/boot_id" pid=717 comm="tcpdump" requested_mask="r" denied_mask="r" fsuid=0 ouid=0
[    8.454931] audit: type=1400 audit(1768671741.300:46): apparmor="DENIED" operation="open" profile="/usr/sbin/tcpdump" name="/proc/sys/kernel/random/boot_id" pid=718 comm="tcpdump" requested_mask="r" denied_mask="r" fsuid=0 ouid=0
[    8.455182] audit: type=1400 audit(1768671741.300:47): apparmor="DENIED" operation="open" profile="/usr/sbin/tcpdump" name="/proc/sys/kernel/random/boot_id" pid=718 comm="tcpdump" requested_mask="r" denied_mask="r" fsuid=0 ouid=0
[    8.455225] audit: type=1400 audit(1768671741.300:48): apparmor="DENIED" operation="open" profile="/usr/sbin/tcpdump" name="/proc/sys/kernel/random/boot_id" pid=718 comm="tcpdump" requested_mask="r" denied_mask="r" fsuid=0 ouid=0
[    8.455316] audit: type=1400 audit(1768671741.300:49): apparmor="DENIED" operation="open" profile="/usr/sbin/tcpdump" name="/proc/sys/kernel/random/boot_id" pid=718 comm="tcpdump" requested_mask="r" denied_mask="r" fsuid=0 ouid=0
[   13.187041] rfkill: input handler disabled
[  331.536942] AAAAA-TCP_FORW: name:enp0s3: saddr:16783984: daddr:100932208
[  528.424768] rfkill: input handler enabled
[  537.084908] rfkill: input handler disabled
[  706.114068] device enp0s3 left promiscuous mode
