[    0.000000] Linux version 5.4.243-mptcp (root@ztg) (gcc version 12.2.0 (Debian 12.2.0-14+deb12u1)) #53 SMP Wed Dec 24 23:28:15 CST 2025
[    0.000000] Command line: BOOT_IMAGE=/boot/vmlinuz-5.4.243-mptcp root=UUID=98415a12-53b7-4144-8265-0f7ece09e445 ro quiet splash
[    0.000000] KERNEL supported cpus:
[    0.000000]   Intel GenuineIntel
[    0.000000]   AMD AuthenticAMD
[    0.000000]   Hygon HygonGenuine
[    0.000000]   Centaur CentaurHauls
[    0.000000]   zhaoxin   Shanghai  
[    0.000000] x86/fpu: Supporting XSAVE feature 0x001: 'x87 floating point registers'
[    0.000000] x86/fpu: Supporting XSAVE feature 0x002: 'SSE registers'
[    0.000000] x86/fpu: Supporting XSAVE feature 0x004: 'AVX registers'
[    0.000000] x86/fpu: xstate_offset[2]:  576, xstate_sizes[2]:  256
[    0.000000] x86/fpu: Enabled xstate features 0x7, context size is 832 bytes, using 'standard' format.
[    0.000000] BIOS-provided physical RAM map:
[    0.000000] BIOS-e820: [mem 0x0000000000000000-0x000000000009fbff] usable
[    0.000000] BIOS-e820: [mem 0x000000000009fc00-0x000000000009ffff] reserved
[    0.000000] BIOS-e820: [mem 0x00000000000f0000-0x00000000000fffff] reserved
[    0.000000] BIOS-e820: [mem 0x0000000000100000-0x000000007ffeffff] usable
[    0.000000] BIOS-e820: [mem 0x000000007fff0000-0x000000007fffffff] ACPI data
[    0.000000] BIOS-e820: [mem 0x00000000fec00000-0x00000000fec00fff] reserved
[    0.000000] BIOS-e820: [mem 0x00000000fee00000-0x00000000fee00fff] reserved
[    0.000000] BIOS-e820: [mem 0x00000000fffc0000-0x00000000ffffffff] reserved
[    0.000000] NX (Execute Disable) protection: active
[    0.000000] SMBIOS 2.5 present.
[    0.000000] DMI: innotek GmbH VirtualBox/VirtualBox, BIOS VirtualBox 12/01/2006
[    0.000000] Hypervisor detected: KVM
[    0.000000] kvm-clock: Using msrs 4b564d01 and 4b564d00
[    0.000000] kvm-clock: cpu 0, msr 10a01001, primary cpu clock
[    0.000000] kvm-clock: using sched offset of 4451497102 cycles
[    0.000003] clocksource: kvm-clock: mask: 0xffffffffffffffff max_cycles: 0x1cd42e4dffb, max_idle_ns: 881590591483 ns
[    0.000005] tsc: Detected 2100.000 MHz processor
[    0.001900] e820: update [mem 0x00000000-0x00000fff] usable ==> reserved
[    0.001902] e820: remove [mem 0x000a0000-0x000fffff] usable
[    0.001906] last_pfn = 0x7fff0 max_arch_pfn = 0x400000000
[    0.001974] MTRR default type: uncachable
[    0.001975] MTRR fixed ranges enabled:
[    0.001976]   00000-9FFFF write-back
[    0.001977]   A0000-BFFFF uncachable
[    0.001977]   C0000-FFFFF write-protect
[    0.001978] MTRR variable ranges enabled:
[    0.001980]   0 base 000000000000 mask 3FFF80000000 write-back
[    0.001980]   1 disabled
[    0.001980]   2 disabled
[    0.001981]   3 disabled
[    0.001981]   4 disabled
[    0.001982]   5 disabled
[    0.001982]   6 disabled
[    0.001983]   7 disabled
[    0.001983]   8 disabled
[    0.001983]   9 disabled
[    0.001984]   10 disabled
[    0.001984]   11 disabled
[    0.001985]   12 disabled
[    0.001985]   13 disabled
[    0.001986]   14 disabled
[    0.001986]   15 disabled
[    0.002002] x86/PAT: Configuration [0-7]: WB  WC  UC- UC  WB  WP  UC- WT  
[    0.002137] found SMP MP-table at [mem 0x0009fff0-0x0009ffff]
[    0.093554] check: Scanning 1 areas for low memory corruption
[    0.093786] RAMDISK: [mem 0x32271000-0x3512ffff]
[    0.093794] ACPI: Early table checksum verification disabled
[    0.093800] ACPI: RSDP 0x00000000000E0000 000024 (v02 VBOX  )
[    0.093804] ACPI: XSDT 0x000000007FFF0030 00003C (v01 VBOX   VBOXXSDT 00000001 ASL  00000061)
[    0.093810] ACPI: FACP 0x000000007FFF00F0 0000F4 (v04 VBOX   VBOXFACP 00000001 ASL  00000061)
[    0.093817] ACPI: DSDT 0x000000007FFF02E0 002353 (v02 VBOX   VBOXBIOS 00000002 VBOX 00029BF3)
[    0.093821] ACPI: FACS 0x000000007FFF0200 000040
[    0.093824] ACPI: FACS 0x000000007FFF0200 000040
[    0.093827] ACPI: APIC 0x000000007FFF0240 000054 (v02 VBOX   VBOXAPIC 00000001 ASL  00000061)
[    0.093831] ACPI: SSDT 0x000000007FFF02A0 000038 (v01 VBOX   VBOXCPUT 00000002 VBOX 00029BF3)
[    0.093834] ACPI: Reserving FACP table memory at [mem 0x7fff00f0-0x7fff01e3]
[    0.093835] ACPI: Reserving DSDT table memory at [mem 0x7fff02e0-0x7fff2632]
[    0.093836] ACPI: Reserving FACS table memory at [mem 0x7fff0200-0x7fff023f]
[    0.093836] ACPI: Reserving FACS table memory at [mem 0x7fff0200-0x7fff023f]
[    0.093837] ACPI: Reserving APIC table memory at [mem 0x7fff0240-0x7fff0293]
[    0.093838] ACPI: Reserving SSDT table memory at [mem 0x7fff02a0-0x7fff02d7]
[    0.093853] ACPI: Local APIC address 0xfee00000
[    0.094043] No NUMA configuration found
[    0.094044] Faking a node at [mem 0x0000000000000000-0x000000007ffeffff]
[    0.094054] NODE_DATA(0) allocated [mem 0x7ffc5000-0x7ffeffff]
[    0.094336] Zone ranges:
[    0.094336]   DMA      [mem 0x0000000000001000-0x0000000000ffffff]
[    0.094338]   DMA32    [mem 0x0000000001000000-0x000000007ffeffff]
[    0.094339]   Normal   empty
[    0.094339]   Device   empty
[    0.094340] Movable zone start for each node
[    0.094342] Early memory node ranges
[    0.094343]   node   0: [mem 0x0000000000001000-0x000000000009efff]
[    0.094344]   node   0: [mem 0x0000000000100000-0x000000007ffeffff]
[    0.094347] Zeroed struct page in unavailable ranges: 114 pages
[    0.094348] Initmem setup node 0 [mem 0x0000000000001000-0x000000007ffeffff]
[    0.094349] On node 0 totalpages: 524174
[    0.094350]   DMA zone: 64 pages used for memmap
[    0.094351]   DMA zone: 21 pages reserved
[    0.094352]   DMA zone: 3998 pages, LIFO batch:0
[    0.094423]   DMA32 zone: 8128 pages used for memmap
[    0.094424]   DMA32 zone: 520176 pages, LIFO batch:63
[    0.103495] ACPI: PM-Timer IO Port: 0x4008
[    0.103499] ACPI: Local APIC address 0xfee00000
[    0.103566] IOAPIC[0]: apic_id 1, version 32, address 0xfec00000, GSI 0-23
[    0.103569] ACPI: INT_SRC_OVR (bus 0 bus_irq 0 global_irq 2 dfl dfl)
[    0.103571] ACPI: INT_SRC_OVR (bus 0 bus_irq 9 global_irq 9 low level)
[    0.103573] ACPI: IRQ0 used by override.
[    0.103574] ACPI: IRQ9 used by override.
[    0.103577] Using ACPI (MADT) for SMP configuration information
[    0.103583] smpboot: Allowing 1 CPUs, 0 hotplug CPUs
[    0.103606] PM: Registered nosave memory: [mem 0x00000000-0x00000fff]
[    0.103607] PM: Registered nosave memory: [mem 0x0009f000-0x0009ffff]
[    0.103608] PM: Registered nosave memory: [mem 0x000a0000-0x000effff]
[    0.103608] PM: Registered nosave memory: [mem 0x000f0000-0x000fffff]
[    0.103610] [mem 0x80000000-0xfebfffff] available for PCI devices
[    0.103611] Booting paravirtualized kernel on KVM
[    0.103614] clocksource: refined-jiffies: mask: 0xffffffff max_cycles: 0xffffffff, max_idle_ns: 7645519600211568 ns
[    0.103619] setup_percpu: NR_CPUS:8192 nr_cpumask_bits:1 nr_cpu_ids:1 nr_node_ids:1
[    0.104626] percpu: Embedded 60 pages/cpu s208896 r8192 d28672 u2097152
[    0.104631] pcpu-alloc: s208896 r8192 d28672 u2097152 alloc=1*2097152
[    0.104632] pcpu-alloc: [0] 0 
[    0.104659] Built 1 zonelists, mobility grouping on.  Total pages: 515961
[    0.104660] Policy zone: DMA32
[    0.104661] Kernel command line: BOOT_IMAGE=/boot/vmlinuz-5.4.243-mptcp root=UUID=98415a12-53b7-4144-8265-0f7ece09e445 ro quiet splash
[    0.105516] Dentry cache hash table entries: 262144 (order: 9, 2097152 bytes, linear)
[    0.105779] Inode-cache hash table entries: 131072 (order: 8, 1048576 bytes, linear)
[    0.105832] mem auto-init: stack:off, heap alloc:on, heap free:off
[    0.105835] Calgary: detecting Calgary via BIOS EBDA area
[    0.105836] Calgary: Unable to locate Rio Grande table in EBDA - bailing!
[    0.110110] Memory: 1967332K/2096696K available (14339K kernel code, 2398K rwdata, 4712K rodata, 2728K init, 17260K bss, 129364K reserved, 0K cma-reserved)
[    0.111011] SLUB: HWalign=64, Order=0-3, MinObjects=0, CPUs=1, Nodes=1
[    0.111028] ftrace: allocating 43186 entries in 169 pages
[    0.129081] rcu: Hierarchical RCU implementation.
[    0.129083] rcu: 	RCU restricting CPUs from NR_CPUS=8192 to nr_cpu_ids=1.
[    0.129084] 	Tasks RCU enabled.
[    0.129085] rcu: RCU calculated value of scheduler-enlistment delay is 25 jiffies.
[    0.129086] rcu: Adjusting geometry for rcu_fanout_leaf=16, nr_cpu_ids=1
[    0.132030] NR_IRQS: 524544, nr_irqs: 256, preallocated irqs: 16
[    0.132248] random: crng init done
[    0.141687] Console: colour VGA+ 80x25
[    0.141691] printk: console [tty0] enabled
[    0.141713] ACPI: Core revision 20190816
[    0.141811] APIC: Switch to symmetric I/O mode setup
[    0.142065] x2apic enabled
[    0.142304] Switched APIC routing to physical x2apic.
[    0.143440] ..TIMER: vector=0x30 apic1=0 pin1=2 apic2=-1 pin2=-1
[    0.143467] clocksource: tsc-early: mask: 0xffffffffffffffff max_cycles: 0x1e4530a99b6, max_idle_ns: 440795257976 ns
[    0.143472] Calibrating delay loop (skipped) preset value.. 4200.00 BogoMIPS (lpj=8400000)
[    0.143474] pid_max: default: 32768 minimum: 301
[    0.143502] LSM: Security Framework initializing
[    0.143511] Yama: becoming mindful.
[    0.143537] AppArmor: AppArmor initialized
[    0.143571] Mount-cache hash table entries: 4096 (order: 3, 32768 bytes, linear)
[    0.143576] Mountpoint-cache hash table entries: 4096 (order: 3, 32768 bytes, linear)
[    0.143586] *** VALIDATE tmpfs ***
[    0.143715] *** VALIDATE proc ***
[    0.143757] *** VALIDATE cgroup1 ***
[    0.143758] *** VALIDATE cgroup2 ***
[    0.143896] process: using mwait in idle threads
[    0.143901] Last level iTLB entries: 4KB 64, 2MB 8, 4MB 8
[    0.143902] Last level dTLB entries: 4KB 64, 2MB 0, 4MB 0, 1GB 4
[    0.143922] Spectre V1 : Mitigation: usercopy/swapgs barriers and __user pointer sanitization
[    0.143927] Spectre V2 : Mitigation: Retpolines
[    0.143928] Spectre V2 : Spectre v2 / SpectreRSB mitigation: Filling RSB on context switch
[    0.143928] Spectre V2 : Spectre v2 / SpectreRSB : Filling RSB on VMEXIT
[    0.143929] RETBleed: WARNING: Spectre v2 mitigation leaves CPU vulnerable to RETBleed attacks, data leaks possible!
[    0.144286] RETBleed: Vulnerable
[    0.144287] Speculative Store Bypass: Vulnerable
[    0.144291] TAA: Mitigation: TSX disabled
[    0.144292] MMIO Stale Data: Mitigation: Clear CPU buffers
[    0.148511] Freeing SMP alternatives memory: 40K
[    0.260752] smpboot: CPU0: Intel(R) Xeon(R) Silver 4216 CPU @ 2.10GHz (family: 0x6, model: 0x55, stepping: 0x7)
[    0.260903] Performance Events: unsupported p6 CPU model 85 no PMU driver, software events only.
[    0.260946] rcu: Hierarchical SRCU implementation.
[    0.261509] NMI watchdog: Perf NMI watchdog permanently disabled
[    0.261549] smp: Bringing up secondary CPUs ...
[    0.261550] smp: Brought up 1 node, 1 CPU
[    0.261551] smpboot: Max logical packages: 1
[    0.261553] smpboot: Total of 1 processors activated (4200.00 BogoMIPS)
[    0.262540] devtmpfs: initialized
[    0.262588] x86/mm: Memory block size: 128MB
[    0.262940] clocksource: jiffies: mask: 0xffffffff max_cycles: 0xffffffff, max_idle_ns: 7645041785100000 ns
[    0.262945] futex hash table entries: 256 (order: 2, 16384 bytes, linear)
[    0.262989] pinctrl core: initialized pinctrl subsystem
[    0.263089] PM: RTC time: 14:31:23, date: 2026-01-17
[    0.263196] NET: Registered protocol family 16
[    0.263270] audit: initializing netlink subsys (disabled)
[    0.263397] EISA bus registered
[    0.263399] cpuidle: using governor ladder
[    0.263399] cpuidle: using governor menu
[    0.263435] ACPI: bus type PCI registered
[    0.263436] acpiphp: ACPI Hot Plug PCI Controller Driver version: 0.5
[    0.263469] PCI: Using configuration type 1 for base access
[    0.263912] audit: type=2000 audit(1768631489.759:1): state=initialized audit_enabled=0 res=1
[    0.263993] HugeTLB registered 2.00 MiB page size, pre-allocated 0 pages
[    0.264822] ACPI: Added _OSI(Module Device)
[    0.264823] ACPI: Added _OSI(Processor Device)
[    0.264824] ACPI: Added _OSI(3.0 _SCP Extensions)
[    0.264825] ACPI: Added _OSI(Processor Aggregator Device)
[    0.264825] ACPI: Added _OSI(Linux-Dell-Video)
[    0.264826] ACPI: Added _OSI(Linux-Lenovo-NV-HDMI-Audio)
[    0.264827] ACPI: Added _OSI(Linux-HPI-Hybrid-Graphics)
[    0.266787] ACPI: 2 ACPI AML tables successfully acquired and loaded
[    0.267469] ACPI: Interpreter enabled
[    0.267469] ACPI: (supports S0 S5)
[    0.267469] ACPI: Using IOAPIC for interrupt routing
[    0.267469] PCI: Using host bridge windows from ACPI; if necessary, use "pci=nocrs" and report a bug
[    0.267469] ACPI: Enabled 2 GPEs in block 00 to 07
[    0.274671] ACPI: PCI Root Bridge [PCI0] (domain 0000 [bus 00-ff])
[    0.274677] acpi PNP0A03:00: _OSC: OS supports [ASPM ClockPM Segments MSI HPX-Type3]
[    0.275156] acpi PNP0A03:00: _OSC: not requesting OS control; OS requires [ExtendedConfig ASPM ClockPM MSI]
[    0.275164] acpi PNP0A03:00: fail to add MMCONFIG information, can't access extended PCI configuration space under this bridge.
[    0.275585] PCI host bridge to bus 0000:00
[    0.275588] pci_bus 0000:00: root bus resource [io  0x0000-0x0cf7 window]
[    0.275589] pci_bus 0000:00: root bus resource [io  0x0d00-0xffff window]
[    0.275590] pci_bus 0000:00: root bus resource [mem 0x000a0000-0x000bffff window]
[    0.275591] pci_bus 0000:00: root bus resource [mem 0x80000000-0xfdffffff window]
[    0.275593] pci_bus 0000:00: root bus resource [bus 00-ff]
[    0.275633] pci 0000:00:00.0: [8086:1237] type 00 class 0x060000
[    0.276599] pci 0000:00:01.0: [8086:7000] type 00 class 0x060100
[    0.277375] pci 0000:00:01.1: [8086:7111] type 00 class 0x01018a
[    0.277766] pci 0000:00:01.1: reg 0x20: [io  0xd000-0xd00f]
[    0.277925] pci 0000:00:01.1: legacy IDE quirk: reg 0x10: [io  0x01f0-0x01f7]
[    0.277926] pci 0000:00:01.1: legacy IDE quirk: reg 0x14: [io  0x03f6]
[    0.277927] pci 0000:00:01.1: legacy IDE quirk: reg 0x18: [io  0x0170-0x0177]
[    0.277928] pci 0000:00:01.1: legacy IDE quirk: reg 0x1c: [io  0x0376]
[    0.278464] pci 0000:00:02.0: [15ad:0405] type 00 class 0x030000
[    0.281377] pci 0000:00:02.0: reg 0x10: [io  0xd010-0xd01f]
[    0.283515] pci 0000:00:02.0: reg 0x14: [mem 0xe0000000-0xe7ffffff pref]
[    0.286283] pci 0000:00:02.0: reg 0x18: [mem 0xf0000000-0xf01fffff]
[    0.297928] pci 0000:00:03.0: [1022:2000] type 00 class 0x020000
[    0.298997] pci 0000:00:03.0: reg 0x10: [io  0xd020-0xd03f]
[    0.299623] pci 0000:00:03.0: reg 0x14: [mem 0xf0200000-0xf0200fff]
[    0.305461] pci 0000:00:04.0: [80ee:cafe] type 00 class 0x088000
[    0.306133] pci 0000:00:04.0: reg 0x10: [io  0xd040-0xd05f]
[    0.306744] pci 0000:00:04.0: reg 0x14: [mem 0xf0400000-0xf07fffff]
[    0.307351] pci 0000:00:04.0: reg 0x18: [mem 0xf0800000-0xf0803fff pref]
[    0.310547] pci 0000:00:07.0: [8086:7113] type 00 class 0x068000
[    0.311106] pci 0000:00:07.0: quirk: [io  0x4000-0x403f] claimed by PIIX4 ACPI
[    0.311116] pci 0000:00:07.0: quirk: [io  0x4100-0x410f] claimed by PIIX4 SMB
[    0.311534] pci 0000:00:08.0: [8086:100e] type 00 class 0x020000
[    0.312261] pci 0000:00:08.0: reg 0x10: [mem 0xf0820000-0xf083ffff]
[    0.313437] pci 0000:00:08.0: reg 0x18: [io  0xd060-0xd067]
[    0.317116] pci 0000:00:09.0: [8086:100e] type 00 class 0x020000
[    0.317849] pci 0000:00:09.0: reg 0x10: [mem 0xf0840000-0xf085ffff]
[    0.319021] pci 0000:00:09.0: reg 0x18: [io  0xd068-0xd06f]
[    0.328494] ACPI: PCI Interrupt Link [LNKA] (IRQs 5 9 10 *11)
[    0.328781] ACPI: PCI Interrupt Link [LNKB] (IRQs 5 9 *10 11)
[    0.328885] ACPI: PCI Interrupt Link [LNKC] (IRQs 5 *9 10 11)
[    0.328990] ACPI: PCI Interrupt Link [LNKD] (IRQs 5 9 10 *11)
[    0.329253] iommu: Default domain type: Translated 
[    0.329312] pci 0000:00:02.0: vgaarb: setting as boot VGA device
[    0.329314] pci 0000:00:02.0: vgaarb: VGA device added: decodes=io+mem,owns=io+mem,locks=none
[    0.329316] pci 0000:00:02.0: vgaarb: bridge control possible
[    0.329317] vgaarb: loaded
[    0.329526] SCSI subsystem initialized
[    0.329557] libata version 3.00 loaded.
[    0.329579] ACPI: bus type USB registered
[    0.331487] usbcore: registered new interface driver usbfs
[    0.331493] usbcore: registered new interface driver hub
[    0.331498] usbcore: registered new device driver usb
[    0.331530] pps_core: LinuxPPS API ver. 1 registered
[    0.331531] pps_core: Software ver. 5.3.6 - Copyright 2005-2007 Rodolfo Giometti <giometti@linux.it>
[    0.331533] PTP clock support registered
[    0.331570] EDAC MC: Ver: 3.0.0
[    0.331860] PCI: Using ACPI for IRQ routing
[    0.331862] PCI: pci_cache_line_size set to 64 bytes
[    0.332037] e820: reserve RAM buffer [mem 0x0009fc00-0x0009ffff]
[    0.332041] e820: reserve RAM buffer [mem 0x7fff0000-0x7fffffff]
[    0.332820] NetLabel: Initializing
[    0.332821] NetLabel:  domain hash size = 128
[    0.332821] NetLabel:  protocols = UNLABELED CIPSOv4 CALIPSO
[    0.332841] NetLabel:  unlabeled traffic allowed by default
[    0.333837] clocksource: Switched to clocksource kvm-clock
[    0.345689] *** VALIDATE bpf ***
[    0.345751] VFS: Disk quotas dquot_6.6.0
[    0.345763] VFS: Dquot-cache hash table entries: 512 (order 0, 4096 bytes)
[    0.345787] *** VALIDATE ramfs ***
[    0.345790] *** VALIDATE hugetlbfs ***
[    0.345869] AppArmor: AppArmor Filesystem Enabled
[    0.345895] pnp: PnP ACPI init
[    0.345959] pnp 00:00: Plug and Play ACPI device, IDs PNP0303 (active)
[    0.346027] pnp 00:01: Plug and Play ACPI device, IDs PNP0f03 (active)
[    0.346763] pnp: PnP ACPI: found 2 devices
[    0.347766] thermal_sys: Registered thermal governor 'fair_share'
[    0.347766] thermal_sys: Registered thermal governor 'bang_bang'
[    0.347767] thermal_sys: Registered thermal governor 'step_wise'
[    0.347768] thermal_sys: Registered thermal governor 'user_space'
[    0.347768] thermal_sys: Registered thermal governor 'power_allocator'
[    0.352298] clocksource: acpi_pm: mask: 0xffffff max_cycles: 0xffffff, max_idle_ns: 2085701024 ns
[    0.352339] pci_bus 0000:00: resource 4 [io  0x0000-0x0cf7 window]
[    0.352341] pci_bus 0000:00: resource 5 [io  0x0d00-0xffff window]
[    0.352342] pci_bus 0000:00: resource 6 [mem 0x000a0000-0x000bffff window]
[    0.352343] pci_bus 0000:00: resource 7 [mem 0x80000000-0xfdffffff window]
[    0.352402] NET: Registered protocol family 2
[    0.352475] IP idents hash table entries: 32768 (order: 6, 262144 bytes, linear)
[    0.352882] MPTCP tokens hash table entries: 8192 (order: 4, 65536 bytes, linear)
[    0.352902] MPTCP request tokens hash table entries: 8192 (order: 4, 65536 bytes, linear)
[    0.352927] default registered
[    0.352927] default registered
[    0.352928] MPTCP: Stable release v0.96
[    0.352933] tcp_listen_portaddr_hash hash table entries: 1024 (order: 2, 16384 bytes, linear)
[    0.353013] TCP established hash table entries: 16384 (order: 5, 131072 bytes, linear)
[    0.353079] TCP bind hash table entries: 16384 (order: 6, 262144 bytes, linear)
[    0.353104] TCP: Hash tables configured (established 16384 bind 16384)
[    0.353799] UDP hash table entries: 1024 (order: 3, 32768 bytes, linear)
[    0.353811] UDP-Lite hash table entries: 1024 (order: 3, 32768 bytes, linear)
[    0.353842] NET: Registered protocol family 1
[    0.353851] NET: Registered protocol family 44
[    0.353872] pci 0000:00:00.0: Limiting direct PCI/PCI transfers
[    0.353884] pci 0000:00:01.0: Activating ISA DMA hang workarounds
[    0.353943] pci 0000:00:02.0: Video device with shadowed ROM at [mem 0x000c0000-0x000dffff]
[    0.354007] PCI: CLS 0 bytes, default 64
[    0.354055] Trying to unpack rootfs image as initramfs...
[    0.528088] Freeing initrd memory: 47868K
[    0.537885] clocksource: tsc: mask: 0xffffffffffffffff max_cycles: 0x1e4530a99b6, max_idle_ns: 440795257976 ns
[    0.537894] clocksource: Switched to clocksource tsc
[    0.537931] platform rtc_cmos: registered platform RTC device (no PNP device found)
[    0.537960] check: Scanning for low memory corruption every 60 seconds
[    0.538264] Initialise system trusted keyrings
[    0.538273] Key type blacklist registered
[    0.538313] workingset: timestamp_bits=36 max_order=19 bucket_order=0
[    0.539627] zbud: loaded
[    0.539982] squashfs: version 4.0 (2009/01/31) Phillip Lougher
[    0.540109] fuse: init (API version 7.31)
[    0.540125] *** VALIDATE fuse ***
[    0.540127] *** VALIDATE fuse ***
[    0.540228] Platform Keyring initialized
[    0.541848] Key type asymmetric registered
[    0.541848] Asymmetric key parser 'x509' registered
[    0.541848] Block layer SCSI generic (bsg) driver version 0.4 loaded (major 244)
[    0.541848] io scheduler mq-deadline registered
[    0.541848] shpchp: Standard Hot Plug PCI Controller Driver version: 0.4
[    0.543544] ACPI: AC Adapter [AC] (on-line)
[    0.543589] input: Power Button as /devices/LNXSYSTM:00/LNXPWRBN:00/input/input0
[    0.543616] ACPI: Power Button [PWRF]
[    0.543700] input: Sleep Button as /devices/LNXSYSTM:00/LNXSLPBN:00/input/input1
[    0.543715] ACPI: Sleep Button [SLPF]
[    0.543945] Serial: 8250/16550 driver, 32 ports, IRQ sharing enabled
[    0.545084] Linux agpgart interface v0.103
[    0.639274] loop: module loaded
[    0.639426] ata_piix 0000:00:01.1: version 2.13
[    0.639833] scsi host0: ata_piix
[    0.639921] scsi host1: ata_piix
[    0.639947] ata1: PATA max UDMA/33 cmd 0x1f0 ctl 0x3f6 bmdma 0xd000 irq 14
[    0.639948] ata2: PATA max UDMA/33 cmd 0x170 ctl 0x376 bmdma 0xd008 irq 15
[    0.640028] tun: Universal TUN/TAP device driver, 1.6
[    0.640337] PPP generic driver version 2.4.2
[    0.640379] VFIO - User Level meta-driver version: 0.3
[    0.640618] ehci_hcd: USB 2.0 'Enhanced' Host Controller (EHCI) Driver
[    0.640623] ehci-pci: EHCI PCI platform driver
[    0.640639] ehci-platform: EHCI generic platform driver
[    0.640644] ohci_hcd: USB 1.1 'Open' Host Controller (OHCI) Driver
[    0.640646] ohci-pci: OHCI PCI platform driver
[    0.640653] ohci-platform: OHCI generic platform driver
[    0.640657] uhci_hcd: USB Universal Host Controller Interface driver
[    0.640723] i8042: PNP: PS/2 Controller [PNP0303:PS2K,PNP0f03:PS2M] at 0x60,0x64 irq 1,12
[    0.641162] serio: i8042 KBD port at 0x60,0x64 irq 1
[    0.641166] serio: i8042 AUX port at 0x60,0x64 irq 12
[    0.641250] mousedev: PS/2 mouse device common for all mice
[    0.641505] input: AT Translated Set 2 keyboard as /devices/platform/i8042/serio0/input/input2
[    0.641904] rtc_cmos rtc_cmos: registered as rtc0
[    0.641916] rtc_cmos rtc_cmos: alarms up to one day, 114 bytes nvram
[    0.641922] i2c /dev entries driver
[    0.641964] device-mapper: uevent: version 1.0.3
[    0.642006] device-mapper: ioctl: 4.41.0-ioctl (2019-09-16) initialised: dm-devel@redhat.com
[    0.642022] platform eisa.0: Probing EISA bus 0
[    0.642024] platform eisa.0: EISA: Cannot allocate resource for mainboard
[    0.642025] platform eisa.0: Cannot allocate resource for EISA slot 1
[    0.642026] platform eisa.0: Cannot allocate resource for EISA slot 2
[    0.642027] platform eisa.0: Cannot allocate resource for EISA slot 3
[    0.642028] platform eisa.0: Cannot allocate resource for EISA slot 4
[    0.642029] platform eisa.0: Cannot allocate resource for EISA slot 5
[    0.642030] platform eisa.0: Cannot allocate resource for EISA slot 6
[    0.642031] platform eisa.0: Cannot allocate resource for EISA slot 7
[    0.642032] platform eisa.0: Cannot allocate resource for EISA slot 8
[    0.642033] platform eisa.0: EISA: Detected 0 cards
[    0.642036] intel_pstate: CPU model not supported
[    0.642045] ledtrig-cpu: registered to indicate activity on CPUs
[    0.642098] drop_monitor: Initializing network drop monitor service
[    0.642255] NET: Registered protocol family 10
[    0.647417] Segment Routing with IPv6
[    0.647417] fullmesh registered
[    0.647417] ndiffports registered
[    0.647417] binder registered
[    0.647417] roundrobin registered
[    0.647417] redundant registered
[    0.647417] blest registered
[    0.647417] ecf registered
[    0.647417] NET: Registered protocol family 17
[    0.647417] Key type dns_resolver registered
[    0.647417] RAS: Correctable Errors collector initialized.
[    0.647417] IPI shorthand broadcast: enabled
[    0.647417] sched_clock: Marking stable (632187647, 11229834)->(645179837, -1762356)
[    0.647673] registered taskstats version 1
[    0.647682] Loading compiled-in X.509 certificates
[    0.648272] Loaded X.509 cert 'Build time autogenerated kernel key: 6909f3744cebb3d0de528d5887b96a727de79b1e'
[    0.648289] zswap: loaded using pool lzo/zbud
[    0.648342] Key type ._fscrypt registered
[    0.648342] Key type .fscrypt registered
[    0.652805] Key type big_key registered
[    0.654986] Key type encrypted registered
[    0.654989] AppArmor: AppArmor sha1 policy hashing enabled
[    0.654996] ima: No TPM chip found, activating TPM-bypass!
[    0.654999] ima: Allocated hash algorithm: sha1
[    0.655004] ima: No architecture policies found
[    0.655013] evm: Initialising EVM extended attributes:
[    0.655013] evm: security.selinux
[    0.655014] evm: security.SMACK64
[    0.655014] evm: security.SMACK64EXEC
[    0.655015] evm: security.SMACK64TRANSMUTE
[    0.655015] evm: security.SMACK64MMAP
[    0.655016] evm: security.apparmor
[    0.655016] evm: security.ima
[    0.655017] evm: security.capability
[    0.655017] evm: HMAC attrs: 0x1
[    0.655322] PM:   Magic number: 10:209:536
[    0.655333] tty ttyS16: hash matches
[    0.655425] rtc_cmos rtc_cmos: setting system clock to 2026-01-17T14:31:24 UTC (1768660284)
[    0.812492] ata1.00: ATA-6: VBOX HARDDISK, 1.0, max UDMA/133
[    0.812495] ata1.00: 209715200 sectors, multi 128: LBA 
[    0.813167] scsi 0:0:0:0: Direct-Access     ATA      VBOX HARDDISK    1.0  PQ: 0 ANSI: 5
[    0.813459] sd 0:0:0:0: [sda] 209715200 512-byte logical blocks: (107 GB/100 GiB)
[    0.813472] sd 0:0:0:0: [sda] Write Protect is off
[    0.813475] sd 0:0:0:0: [sda] Mode Sense: 00 3a 00 00
[    0.813496] sd 0:0:0:0: [sda] Write cache: enabled, read cache: enabled, doesn't support DPO or FUA
[    0.813815] sd 0:0:0:0: Attached scsi generic sg0 type 0
[    0.814466]  sda: sda1 sda2
[    0.823459] sd 0:0:0:0: [sda] Attached SCSI disk
[    0.826777] Freeing unused decrypted memory: 2040K
[    0.827745] Freeing unused kernel image memory: 2728K
[    0.827748] Write protecting the kernel read-only data: 22528k
[    0.828764] Freeing unused kernel image memory: 2036K
[    0.829321] Freeing unused kernel image memory: 1432K
[    0.856397] x86/mm: Checked W+X mappings: passed, no W+X pages found.
[    0.856403] Run /init as init process
[    0.961625] ACPI: Video Device [GFX0] (multi-head: yes  rom: no  post: no)
[    0.961698] input: Video Bus as /devices/LNXSYSTM:00/LNXSYBUS:00/PNP0A03:00/LNXVIDEO:00/input/input4
[    0.973438] pcnet32: pcnet32.c:v1.35 21.Apr.2008 tsbogend@alpha.franken.de
[    0.975021] piix4_smbus 0000:00:07.0: SMBus Host Controller at 0x4100, revision 0
[    0.977524] e1000: Intel(R) PRO/1000 Network Driver - version 7.3.21-k8-NAPI
[    0.977525] e1000: Copyright (c) 1999-2006 Intel Corporation.
[    0.990641] pcnet32: PCnet/FAST III 79C973 at 0xd020, 08:00:27:80:3b:ea assigned IRQ 19
[    0.990686] pcnet32: Found PHY 0022:561b at address 0
[    0.991011] pcnet32: eth0: registered as PCnet/FAST III 79C973
[    0.994484] pcnet32: 1 cards_found
[    1.047554] pcnet32 0000:00:03.0 enp0s3: renamed from eth0
[    1.200340] input: ImExPS/2 Generic Explorer Mouse as /devices/platform/i8042/serio1/input/input5
[    1.391594] e1000 0000:00:08.0 eth0: (PCI:33MHz:32-bit) 08:00:27:e5:23:71
[    1.391597] e1000 0000:00:08.0 eth0: Intel(R) PRO/1000 Network Connection
[    1.763679] e1000 0000:00:09.0 eth1: (PCI:33MHz:32-bit) 08:00:27:1f:18:40
[    1.763683] e1000 0000:00:09.0 eth1: Intel(R) PRO/1000 Network Connection
[    1.764818] e1000 0000:00:09.0 enp0s9: renamed from eth1
[    1.766621] e1000 0000:00:08.0 enp0s8: renamed from eth0
[    1.906520] EXT4-fs (sda2): mounted filesystem with ordered data mode. Opts: (null)
[    1.990429] systemd[1]: Inserted module 'autofs4'
[    2.000131] systemd[1]: systemd 245.4-4ubuntu3 running in system mode. (+PAM +AUDIT +SELINUX +IMA +APPARMOR +SMACK +SYSVINIT +UTMP +LIBCRYPTSETUP +GCRYPT +GNUTLS +ACL +XZ +LZ4 +SECCOMP +BLKID +ELFUTILS +KMOD +IDN2 -IDN +PCRE2 default-hierarchy=hybrid)
[    2.000162] systemd[1]: Detected virtualization oracle.
[    2.000165] systemd[1]: Detected architecture x86-64.
[    2.001430] systemd[1]: Set hostname to <ztg>.
[    2.122552] systemd[1]: /lib/systemd/system/dbus.socket:5: ListenStream= references a path below legacy directory /var/run/, updating /var/run/dbus/system_bus_socket â†’ /run/dbus/system_bus_socket; please update the unit file accordingly.
[    2.173354] systemd[1]: Created slice system-modprobe.slice.
[    2.173540] systemd[1]: Created slice User and Session Slice.
[    2.173583] systemd[1]: Started Forward Password Requests to Wall Directory Watch.
[    2.173747] systemd[1]: Set up automount Arbitrary Executable File Formats File System Automount Point.
[    2.173781] systemd[1]: Reached target User and Group Name Lookups.
[    2.173790] systemd[1]: Reached target Remote File Systems.
[    2.173797] systemd[1]: Reached target Slices.
[    2.174294] systemd[1]: Listening on Syslog Socket.
[    2.174359] systemd[1]: Listening on fsck to fsckd communication Socket.
[    2.174396] systemd[1]: Listening on initctl Compatibility Named Pipe.
[    2.174532] systemd[1]: Listening on Journal Audit Socket.
[    2.174583] systemd[1]: Listening on Journal Socket (/dev/log).
[    2.174649] systemd[1]: Listening on Journal Socket.
[    2.174715] systemd[1]: Listening on udev Control Socket.
[    2.174753] systemd[1]: Listening on udev Kernel Socket.
[    2.175555] systemd[1]: Mounting Huge Pages File System...
[    2.176500] systemd[1]: Mounting POSIX Message Queue File System...
[    2.177368] systemd[1]: Mounting Kernel Debug File System...
[    2.178192] systemd[1]: Mounting Kernel Trace File System...
[    2.180093] systemd[1]: Starting Journal Service...
[    2.201514] systemd[1]: Starting Set the console keyboard layout...
[    2.209489] systemd[1]: Starting Create list of static device nodes for the current kernel...
[    2.211662] systemd[1]: Starting Load Kernel Module drm...
[    2.217149] systemd[1]: Condition check resulted in Set Up Additional Binary Formats being skipped.
[    2.220347] systemd[1]: Condition check resulted in File System Check on Root Device being skipped.
[    2.223001] systemd[1]: Starting Load Kernel Modules...
[    2.234688] systemd[1]: Starting Remount Root and Kernel File Systems...
[    2.240711] systemd[1]: Starting udev Coldplug all Devices...
[    2.252431] systemd[1]: Starting Uncomplicated firewall...
[    2.254047] systemd[1]: Mounted Huge Pages File System.
[    2.254135] systemd[1]: Mounted POSIX Message Queue File System.
[    2.254211] systemd[1]: Mounted Kernel Debug File System.
[    2.254280] systemd[1]: Mounted Kernel Trace File System.
[    2.274963] EXT4-fs (sda2): re-mounted. Opts: errors=remount-ro
[    2.293351] systemd[1]: Finished Create list of static device nodes for the current kernel.
[    2.294213] systemd[1]: modprobe@drm.service: Succeeded.
[    2.296046] systemd[1]: Finished Load Kernel Module drm.
[    2.302136] systemd[1]: Finished Remount Root and Kernel File Systems.
[    2.304202] systemd[1]: Finished Uncomplicated firewall.
[    2.320610] lp: driver loaded but no devices found
[    2.321954] systemd[1]: Condition check resulted in Rebuild Hardware Database being skipped.
[    2.321989] systemd[1]: Condition check resulted in Platform Persistent Storage Archival being skipped.
[    2.322665] systemd[1]: Starting Load/Save Random Seed...
[    2.328427] systemd[1]: Starting Create System Users...
[    2.337163] systemd[1]: Finished Load/Save Random Seed.
[    2.338291] ppdev: user-space parallel port driver
[    2.347877] systemd[1]: Finished Create System Users.
[    2.348593] systemd[1]: Starting Create Static Device Nodes in /dev...
[    2.395121] systemd[1]: Finished udev Coldplug all Devices.
[    2.398337] systemd[1]: Finished Create Static Device Nodes in /dev.
[    2.399119] systemd[1]: Starting udev Kernel Device Manager...
[    2.428381] [drm] DMA map mode: Caching DMA mappings.
[    2.428453] [drm] Capabilities:
[    2.428453] [drm]   Rect copy.
[    2.428453] [drm]   Cursor.
[    2.428454] [drm]   Cursor bypass.
[    2.428454] [drm]   Cursor bypass 2.
[    2.428455] [drm]   Alpha cursor.
[    2.428455] [drm]   Extended Fifo.
[    2.428455] [drm]   Pitchlock.
[    2.428456] [drm]   Irq mask.
[    2.428456] [drm]   GMR.
[    2.428456] [drm]   Traces.
[    2.428457] [drm]   GMR2.
[    2.428457] [drm]   Screen Object 2.
[    2.428457] [drm]   Command Buffers.
[    2.428458] [drm]   Command Buffers 2.
[    2.428458] [drm]   Guest Backed Resources.
[    2.428459] [drm] Max GMR ids is 8192
[    2.428460] [drm] Max number of GMR pages is 1048576
[    2.428460] [drm] Max dedicated hypervisor surface memory is 393216 kiB
[    2.428461] [drm] Maximum display memory size is 131072 kiB
[    2.428462] [drm] VRAM at 0xe0000000 size is 131072 kiB
[    2.428462] [drm] MMIO at 0xf0000000 size is 2048 kiB
[    2.429417] [TTM] Zone  kernel: Available graphics memory: 1011738 KiB
[    2.429418] [TTM] Initializing pool allocator
[    2.429421] [TTM] Initializing DMA pool allocator
[    2.429448] [drm] Supports vblank timestamp caching Rev 2 (21.10.2013).
[    2.429448] [drm] No driver support for vblank timestamp query.
[    2.429696] [drm] Screen Target Display device initialized
[    2.429866] [drm] width 720
[    2.429875] [drm] height 400
[    2.429878] [drm] bpp 32
[    2.430440] [drm] Fifo max 0x00200000 min 0x00001000 cap 0x00000355
[    2.431530] [drm] Using command buffers with DMA pool.
[    2.431535] [drm] DX: no.
[    2.431535] [drm] Atomic: yes.
[    2.431535] [drm] SM4_1: no.
[    2.431554] [drm:vmw_host_log [vmwgfx]] *ERROR* Failed to send host log message.
[    2.432708] [drm:vmw_host_log [vmwgfx]] *ERROR* Failed to send host log message.
[    2.439714] fbcon: svgadrmfb (fb0) is primary device
[    2.455975] Console: switching to colour frame buffer device 100x37
[    2.460075] [drm] Initialized vmwgfx 2.15.0 20180704 for 0000:00:02.0 on minor 0
[    2.460980] systemd[1]: Finished Load Kernel Modules.
[    2.461841] systemd[1]: Mounting FUSE Control File System...
[    2.463004] systemd[1]: Mounting Kernel Configuration File System...
[    2.487814] systemd[1]: Starting Apply Kernel Variables...
[    2.497455] systemd[1]: Finished Set the console keyboard layout.
[    2.498122] systemd[1]: Mounted FUSE Control File System.
[    2.498187] systemd[1]: Reached target Local File Systems (Pre).
[    2.498210] systemd[1]: Condition check resulted in VMware vmblock fuse mount being skipped.
[    2.504101] systemd[1]: Mounting Mount unit for bare, revision 5...
[    2.510873] systemd[1]: Mounting Mount unit for core18, revision 1705...
[    2.516991] systemd[1]: Mounting Mount unit for gnome-3-34-1804, revision 24...
[    2.524756] systemd[1]: Mounting Mount unit for gtk-common-themes, revision 1506...
[    2.535171] systemd[1]: Mounting Mount unit for gtk-common-themes, revision 1535...
[    2.554790] systemd[1]: Mounting Mount unit for snap-store, revision 433...
[    2.564559] systemd[1]: Mounting Mount unit for snapd, revision 7264...
[    2.565696] systemd[1]: Mounted Kernel Configuration File System.
[    2.570481] systemd[1]: Finished Apply Kernel Variables.
[    2.582061] systemd[1]: Mounted Mount unit for bare, revision 5.
[    2.590792] systemd[1]: Mounted Mount unit for core18, revision 1705.
[    2.590875] systemd[1]: Mounted Mount unit for gnome-3-34-1804, revision 24.
[    2.590947] systemd[1]: Mounted Mount unit for gtk-common-themes, revision 1506.
[    2.603740] systemd[1]: Started udev Kernel Device Manager.
[    2.604527] systemd[1]: Starting Show Plymouth Boot Screen...
[    2.608410] systemd[1]: Received SIGRTMIN+20 from PID 273 (plymouthd).
[    2.631196] systemd[1]: Started Show Plymouth Boot Screen.
[    2.631332] systemd[1]: Condition check resulted in Dispatch Password Requests to Console Directory Watch being skipped.
[    2.631423] systemd[1]: Started Forward Password Requests to Plymouth Directory Watch.
[    2.631455] systemd[1]: Reached target Local Encrypted Volumes.
[    2.666132] systemd[1]: Mounted Mount unit for gtk-common-themes, revision 1535.
[    2.666355] systemd[1]: Mounted Mount unit for snap-store, revision 433.
[    2.666530] systemd[1]: Mounted Mount unit for snapd, revision 7264.
[    2.681897] systemd[1]: Reached target Local File Systems.
[    2.682714] systemd[1]: Starting Load AppArmor profiles...
[    2.683529] systemd[1]: Starting Set console font and keymap...
[    2.696193] systemd[1]: Starting Tell Plymouth To Write Out Runtime Data...
[    2.696328] systemd[1]: Condition check resulted in Store a System Token in an EFI Variable being skipped.
[    2.696379] systemd[1]: Condition check resulted in Commit a transient machine-id on disk being skipped.
[    2.698696] systemd[1]: Finished Set console font and keymap.
[    2.707735] systemd[1]: Received SIGRTMIN+20 from PID 273 (plymouthd).
[    2.709013] systemd[1]: plymouth-read-write.service: Succeeded.
[    2.709273] systemd[1]: Finished Tell Plymouth To Write Out Runtime Data.
[    2.733175] audit: type=1400 audit(1768660286.576:2): apparmor="STATUS" operation="profile_load" profile="unconfined" name="nvidia_modprobe" pid=300 comm="apparmor_parser"
[    2.733177] audit: type=1400 audit(1768660286.576:3): apparmor="STATUS" operation="profile_load" profile="unconfined" name="nvidia_modprobe//kmod" pid=300 comm="apparmor_parser"
[    2.739644] audit: type=1400 audit(1768660286.580:4): apparmor="STATUS" operation="profile_load" profile="unconfined" name="/usr/sbin/tcpdump" pid=301 comm="apparmor_parser"
[    2.778597] audit: type=1400 audit(1768660286.612:5): apparmor="STATUS" operation="profile_load" profile="unconfined" name="/usr/bin/evince" pid=303 comm="apparmor_parser"
[    2.778599] audit: type=1400 audit(1768660286.612:6): apparmor="STATUS" operation="profile_load" profile="unconfined" name="/usr/bin/evince//sanitized_helper" pid=303 comm="apparmor_parser"
[    2.778601] audit: type=1400 audit(1768660286.612:7): apparmor="STATUS" operation="profile_load" profile="unconfined" name="/usr/bin/evince-previewer" pid=303 comm="apparmor_parser"
[    2.778603] audit: type=1400 audit(1768660286.612:8): apparmor="STATUS" operation="profile_load" profile="unconfined" name="/usr/bin/evince-previewer//sanitized_helper" pid=303 comm="apparmor_parser"
[    2.778604] audit: type=1400 audit(1768660286.612:9): apparmor="STATUS" operation="profile_load" profile="unconfined" name="/usr/bin/evince-thumbnailer" pid=303 comm="apparmor_parser"
[    2.793986] audit: type=1400 audit(1768660286.636:10): apparmor="STATUS" operation="profile_load" profile="unconfined" name="/usr/lib/cups/backend/cups-pdf" pid=304 comm="apparmor_parser"
[    2.874079] systemd[1]: Finished Load AppArmor profiles.
[    2.874978] systemd[1]: Starting Load AppArmor profiles managed internally by snapd...
[    2.948430] systemd[1]: Finished Load AppArmor profiles managed internally by snapd.
[    3.140259] systemd[1]: Started Journal Service.
[    3.147254] systemd-journald[229]: Received client request to flush runtime journal.
[    3.158543] systemd-journald[229]: File /var/log/journal/c455b248004a419c87ce85eea238d727/system.journal corrupted or uncleanly shut down, renaming and replacing.
[    4.329771] RAPL PMU: API unit is 2^-32 Joules, 0 fixed counters, 10737418240 ms ovfl timer
[    4.369869] cryptd: max_cpu_qlen set to 1000
[    4.410436] AVX2 version of gcm_enc/dec engaged.
[    4.410437] AES CTR mode by8 optimization enabled
[    5.323786] Adding 1998844k swap on /dev/sda1.  Priority:-2 extents:1 across:1998844k FS
[    7.049348] kauditd_printk_skb: 30 callbacks suppressed
[    7.049349] audit: type=1400 audit(1768660290.884:41): apparmor="DENIED" operation="capable" profile="/usr/sbin/cups-browsed" pid=498 comm="cups-browsed" capability=23  capname="sys_nice"
[    7.542331] pcnet32 0000:00:03.0 enp0s3: link up, 100Mbps, full-duplex
[    7.577598] e1000: enp0s8 NIC Link is Up 1000 Mbps Full Duplex, Flow Control: RX
[    7.577876] IPv6: ADDRCONF(NETDEV_CHANGE): enp0s8: link becomes ready
[    7.589634] e1000: enp0s9 NIC Link is Up 1000 Mbps Full Duplex, Flow Control: RX
[    7.589920] IPv6: ADDRCONF(NETDEV_CHANGE): enp0s9: link becomes ready
[    8.115036] device enp0s3 entered promiscuous mode
[    8.136234] audit: type=1400 audit(1768660291.976:42): apparmor="DENIED" operation="open" profile="/usr/sbin/tcpdump" name="/proc/sys/kernel/random/boot_id" pid=705 comm="tcpdump" requested_mask="r" denied_mask="r" fsuid=0 ouid=0
[    8.136412] audit: type=1400 audit(1768660291.976:43): apparmor="DENIED" operation="open" profile="/usr/sbin/tcpdump" name="/proc/sys/kernel/random/boot_id" pid=705 comm="tcpdump" requested_mask="r" denied_mask="r" fsuid=0 ouid=0
[    8.136519] audit: type=1400 audit(1768660291.976:44): apparmor="DENIED" operation="open" profile="/usr/sbin/tcpdump" name="/proc/sys/kernel/random/boot_id" pid=705 comm="tcpdump" requested_mask="r" denied_mask="r" fsuid=0 ouid=0
[    8.138039] audit: type=1400 audit(1768660291.976:45): apparmor="DENIED" operation="open" profile="/usr/sbin/tcpdump" name="/proc/sys/kernel/random/boot_id" pid=705 comm="tcpdump" requested_mask="r" denied_mask="r" fsuid=0 ouid=0
[    8.141537] audit: type=1400 audit(1768660291.980:46): apparmor="DENIED" operation="open" profile="/usr/sbin/tcpdump" name="/proc/sys/kernel/random/boot_id" pid=706 comm="tcpdump" requested_mask="r" denied_mask="r" fsuid=0 ouid=0
[    8.141915] audit: type=1400 audit(1768660291.980:47): apparmor="DENIED" operation="open" profile="/usr/sbin/tcpdump" name="/proc/sys/kernel/random/boot_id" pid=706 comm="tcpdump" requested_mask="r" denied_mask="r" fsuid=0 ouid=0
[    8.141985] audit: type=1400 audit(1768660291.980:48): apparmor="DENIED" operation="open" profile="/usr/sbin/tcpdump" name="/proc/sys/kernel/random/boot_id" pid=706 comm="tcpdump" requested_mask="r" denied_mask="r" fsuid=0 ouid=0
[    8.142066] audit: type=1400 audit(1768660291.980:49): apparmor="DENIED" operation="open" profile="/usr/sbin/tcpdump" name="/proc/sys/kernel/random/boot_id" pid=706 comm="tcpdump" requested_mask="r" denied_mask="r" fsuid=0 ouid=0
[   12.568485] rfkill: input handler disabled
[  209.455919] AAAAA-TCP_FORW: name:enp0s3: saddr:100932208: daddr:33561200
[  209.504416] AAAAA-TCP_FORW: name:enp0s3: saddr:100932208: daddr:16783984
[  209.535814] AAAAA-TCP_FORW: name:enp0s3: saddr:100932208: daddr:16783984
[  209.845950] AAAAA-TCP_FORW: name:enp0s3: saddr:100932208: daddr:33561200
[  209.959470] AAAAA-TCP_FORW: name:enp0s3: saddr:100932208: daddr:16783984
[  210.138900] AAAAA-TCP_FORW: name:enp0s3: saddr:33561200: daddr:100932208
[  210.197766] AAAAA-TCP_FORW: name:enp0s3: saddr:16783984: daddr:100932208
[  210.224795] AAAAA-TCP_FORW: name:enp0s3: saddr:33561200: daddr:100932208
[  210.331730] AAAAA-TCP_FORW: name:enp0s3: saddr:100932208: daddr:33561200
[  210.364918] AAAAA-TCP_FORW: name:enp0s3: saddr:100932208: daddr:16783984
[  210.529867] AAAAA-TCP_FORW: name:enp0s3: saddr:16783984: daddr:100932208
[  210.624955] AAAAA-TCP_FORW: name:enp0s3: saddr:100932208: daddr:16783984
[  210.670299] AAAAA-TCP_FORW: name:enp0s3: saddr:100932208: daddr:16783984
[  210.871814] AAAAA-TCP_FORW: name:enp0s3: saddr:16783984: daddr:100932208
[  211.033268] AAAAA-TCP_FORW: name:enp0s3: saddr:16783984: daddr:100932208
[  211.045688] AAAAA-TCP_FORW: name:enp0s3: saddr:100932208: daddr:33561200
[  211.157341] AAAAA-TCP_FORW: name:enp0s3: saddr:33561200: daddr:100932208
[  211.207837] AAAAA-TCP_FORW: name:enp0s3: saddr:100932208: daddr:33561200
[  211.337588] AAAAA-TCP_FORW: name:enp0s3: saddr:33561200: daddr:100932208
[  211.374088] AAAAA-TCP_FORW: name:enp0s3: saddr:100932208: daddr:33561200
[  211.514863] AAAAA-TCP_FORW: name:enp0s3: saddr:33561200: daddr:100932208
[  211.540009] AAAAA-TCP_FORW: name:enp0s3: saddr:100932208: daddr:33561200
[  211.580625] AAAAA-TCP_FORW: name:enp0s3: saddr:100932208: daddr:16783984
[  211.600191] AAAAA-TCP_FORW: name:enp0s3: saddr:33561200: daddr:100932208
[  211.658735] AAAAA-TCP_FORW: name:enp0s3: saddr:100932208: daddr:16783984
[  211.680170] AAAAA-TCP_FORW: name:enp0s3: saddr:100932208: daddr:16783984
[  211.743493] AAAAA-TCP_FORW: name:enp0s3: saddr:100932208: daddr:16783984
[  211.764196] AAAAA-TCP_FORW: name:enp0s3: saddr:16783984: daddr:100932208
[  211.797386] AAAAA-TCP_FORW: name:enp0s3: saddr:100932208: daddr:16783984
[  211.835663] AAAAA-TCP_FORW: name:enp0s3: saddr:100932208: daddr:16783984
[  211.865101] AAAAA-TCP_FORW: name:enp0s3: saddr:100932208: daddr:16783984
[  211.872553] AAAAA-TCP_FORW: name:enp0s3: saddr:16783984: daddr:100932208
[  211.892392] AAAAA-TCP_FORW: name:enp0s3: saddr:100932208: daddr:16783984
[  211.937382] AAAAA-TCP_FORW: name:enp0s3: saddr:16783984: daddr:100932208
[  211.966220] AAAAA-TCP_FORW: name:enp0s3: saddr:100932208: daddr:16783984
[  212.006274] AAAAA-TCP_FORW: name:enp0s3: saddr:100932208: daddr:16783984
[  212.051782] AAAAA-TCP_FORW: name:enp0s3: saddr:100932208: daddr:16783984
[  212.073202] AAAAA-TCP_FORW: name:enp0s3: saddr:16783984: daddr:100932208
[  212.133627] AAAAA-TCP_FORW: name:enp0s3: saddr:100932208: daddr:33561200
[  212.189241] AAAAA-TCP_FORW: name:enp0s3: saddr:16783984: daddr:100932208
[  212.205683] AAAAA-TCP_FORW: name:enp0s3: saddr:100932208: daddr:33561200
[  212.263489] AAAAA-TCP_FORW: name:enp0s3: saddr:100932208: daddr:33561200
[  212.274106] AAAAA-TCP_FORW: name:enp0s3: saddr:16783984: daddr:100932208
[  212.309076] AAAAA-TCP_FORW: name:enp0s3: saddr:100932208: daddr:33561200
[  212.367009] AAAAA-TCP_FORW: name:enp0s3: saddr:100932208: daddr:33561200
[  212.388976] AAAAA-TCP_FORW: name:enp0s3: saddr:16783984: daddr:100932208
[  212.452178] AAAAA-TCP_FORW: name:enp0s3: saddr:100932208: daddr:33561200
[  212.502526] AAAAA-TCP_FORW: name:enp0s3: saddr:100932208: daddr:33561200
[  212.536763] AAAAA-TCP_FORW: name:enp0s3: saddr:100932208: daddr:33561200
[  212.623901] AAAAA-TCP_FORW: name:enp0s3: saddr:100932208: daddr:33561200
[  212.649983] AAAAA-TCP_FORW: name:enp0s3: saddr:16783984: daddr:100932208
[  212.659177] AAAAA-TCP_FORW: name:enp0s3: saddr:100932208: daddr:33561200
[  212.691640] AAAAA-TCP_FORW: name:enp0s3: saddr:100932208: daddr:16783984
[  212.700135] AAAAA-TCP_FORW: name:enp0s3: saddr:16783984: daddr:100932208
[  212.734170] AAAAA-TCP_FORW: name:enp0s3: saddr:100932208: daddr:16783984
[  212.769272] AAAAA-TCP_FORW: name:enp0s3: saddr:100932208: daddr:16783984
[  212.810114] AAAAA-TCP_FORW: name:enp0s3: saddr:100932208: daddr:16783984
[  212.849323] AAAAA-TCP_FORW: name:enp0s3: saddr:16783984: daddr:100932208
[  212.913195] AAAAA-TCP_FORW: name:enp0s3: saddr:100932208: daddr:16783984
[  212.997770] AAAAA-TCP_FORW: name:enp0s3: saddr:16783984: daddr:100932208
[  213.010724] AAAAA-TCP_FORW: name:enp0s3: saddr:100932208: daddr:16783984
[  213.086959] AAAAA-TCP_FORW: name:enp0s3: saddr:100932208: daddr:33561200
[  213.124512] AAAAA-TCP_FORW: name:enp0s3: saddr:100932208: daddr:16783984
[  213.151471] AAAAA-TCP_FORW: name:enp0s3: saddr:33561200: daddr:100932208
[  213.180036] AAAAA-TCP_FORW: name:enp0s3: saddr:100932208: daddr:16783984
[  213.212041] AAAAA-TCP_FORW: name:enp0s3: saddr:100932208: daddr:16783984
[  213.232473] AAAAA-TCP_FORW: name:enp0s3: saddr:33561200: daddr:100932208
[  213.264747] AAAAA-TCP_FORW: name:enp0s3: saddr:100932208: daddr:16783984
[  213.318089] AAAAA-TCP_FORW: name:enp0s3: saddr:33561200: daddr:100932208
[  213.323479] AAAAA-TCP_FORW: name:enp0s3: saddr:100932208: daddr:16783984
[  213.348085] AAAAA-TCP_FORW: name:enp0s3: saddr:100932208: daddr:16783984
[  213.441549] AAAAA-TCP_FORW: name:enp0s3: saddr:33561200: daddr:100932208
[  213.481995] AAAAA-TCP_FORW: name:enp0s3: saddr:100932208: daddr:16783984
[  213.488754] AAAAA-TCP_FORW: name:enp0s3: saddr:100932208: daddr:16783984
[  213.564248] AAAAA-TCP_FORW: name:enp0s3: saddr:100932208: daddr:33561200
[  213.566233] AAAAA-TCP_FORW: name:enp0s3: saddr:33561200: daddr:100932208
[  213.615212] AAAAA-TCP_FORW: name:enp0s3: saddr:33561200: daddr:100932208
[  213.681317] AAAAA-TCP_FORW: name:enp0s3: saddr:33561200: daddr:100932208
[  213.760146] AAAAA-TCP_FORW: name:enp0s3: saddr:100932208: daddr:16783984
[  213.934854] AAAAA-TCP_FORW: name:enp0s3: saddr:33561200: daddr:100932208
[  214.007846] AAAAA-TCP_FORW: name:enp0s3: saddr:33561200: daddr:100932208
[  214.027303] AAAAA-TCP_FORW: name:enp0s3: saddr:100932208: daddr:16783984
[  214.078783] AAAAA-TCP_FORW: name:enp0s3: saddr:33561200: daddr:100932208
[  214.174586] AAAAA-TCP_FORW: name:enp0s3: saddr:16783984: daddr:100932208
[  214.212071] AAAAA-TCP_FORW: name:enp0s3: saddr:16783984: daddr:100932208
[  214.241341] AAAAA-TCP_FORW: name:enp0s3: saddr:16783984: daddr:100932208
[  214.347449] AAAAA-TCP_FORW: name:enp0s3: saddr:16783984: daddr:100932208
[  214.437125] AAAAA-TCP_FORW: name:enp0s3: saddr:100932208: daddr:16783984
[  214.489389] AAAAA-TCP_FORW: name:enp0s3: saddr:16783984: daddr:100932208
[  214.532631] AAAAA-TCP_FORW: name:enp0s3: saddr:100932208: daddr:16783984
[  214.573563] AAAAA-TCP_FORW: name:enp0s3: saddr:16783984: daddr:100932208
[  214.815145] AAAAA-TCP_FORW: name:enp0s3: saddr:33561200: daddr:100932208
[  214.864176] AAAAA-TCP_FORW: name:enp0s3: saddr:100932208: daddr:33561200
[  214.936706] AAAAA-TCP_FORW: name:enp0s3: saddr:16783984: daddr:100932208
[  214.963231] AAAAA-TCP_FORW: name:enp0s3: saddr:100932208: daddr:33561200
[  215.071947] AAAAA-TCP_FORW: name:enp0s3: saddr:16783984: daddr:100932208
[  215.085856] AAAAA-TCP_FORW: name:enp0s3: saddr:100932208: daddr:33561200
[  215.117368] AAAAA-TCP_FORW: name:enp0s3: saddr:100932208: daddr:33561200
[  215.151961] AAAAA-TCP_FORW: name:enp0s3: saddr:16783984: daddr:100932208
[  215.211072] AAAAA-TCP_FORW: name:enp0s3: saddr:16783984: daddr:100932208
[  215.233621] AAAAA-TCP_FORW: name:enp0s3: saddr:100932208: daddr:33561200
[  215.276666] AAAAA-TCP_FORW: name:enp0s3: saddr:100932208: daddr:33561200
[  215.319300] AAAAA-TCP_FORW: name:enp0s3: saddr:16783984: daddr:100932208
[  215.361156] AAAAA-TCP_FORW: name:enp0s3: saddr:16783984: daddr:100932208
[  215.404330] AAAAA-TCP_FORW: name:enp0s3: saddr:100932208: daddr:33561200
[  215.428234] AAAAA-TCP_FORW: name:enp0s3: saddr:100932208: daddr:33561200
[  215.481060] AAAAA-TCP_FORW: name:enp0s3: saddr:16783984: daddr:100932208
[  215.540280] AAAAA-TCP_FORW: name:enp0s3: saddr:100932208: daddr:33561200
[  215.626241] AAAAA-TCP_FORW: name:enp0s3: saddr:100932208: daddr:33561200
[  215.640523] AAAAA-TCP_FORW: name:enp0s3: saddr:33561200: daddr:100932208
[  215.657606] AAAAA-TCP_FORW: name:enp0s3: saddr:100932208: daddr:33561200
[  215.686846] AAAAA-TCP_FORW: name:enp0s3: saddr:100932208: daddr:33561200
[  215.718867] AAAAA-TCP_FORW: name:enp0s3: saddr:100932208: daddr:33561200
[  215.755338] AAAAA-TCP_FORW: name:enp0s3: saddr:16783984: daddr:100932208
[  215.777452] AAAAA-TCP_FORW: name:enp0s3: saddr:100932208: daddr:33561200
[  215.802225] AAAAA-TCP_FORW: name:enp0s3: saddr:100932208: daddr:33561200
[  215.870447] AAAAA-TCP_FORW: name:enp0s3: saddr:100932208: daddr:33561200
[  215.914543] AAAAA-TCP_FORW: name:enp0s3: saddr:16783984: daddr:100932208
[  215.949414] AAAAA-TCP_FORW: name:enp0s3: saddr:100932208: daddr:33561200
[  216.004808] AAAAA-TCP_FORW: name:enp0s3: saddr:100932208: daddr:33561200
[  216.078061] AAAAA-TCP_FORW: name:enp0s3: saddr:100932208: daddr:16783984
[  216.114265] AAAAA-TCP_FORW: name:enp0s3: saddr:100932208: daddr:16783984
[  216.154579] AAAAA-TCP_FORW: name:enp0s3: saddr:100932208: daddr:16783984
[  216.235246] AAAAA-TCP_FORW: name:enp0s3: saddr:16783984: daddr:100932208
[  216.264940] AAAAA-TCP_FORW: name:enp0s3: saddr:100932208: daddr:16783984
[  216.325581] AAAAA-TCP_FORW: name:enp0s3: saddr:100932208: daddr:16783984
[  216.487745] AAAAA-TCP_FORW: name:enp0s3: saddr:100932208: daddr:16783984
[  216.691551] AAAAA-TCP_FORW: name:enp0s3: saddr:16783984: daddr:100932208
[  216.739449] AAAAA-TCP_FORW: name:enp0s3: saddr:33561200: daddr:100932208
[  216.778060] AAAAA-TCP_FORW: name:enp0s3: saddr:100932208: daddr:16783984
[  216.825673] AAAAA-TCP_FORW: name:enp0s3: saddr:33561200: daddr:100932208
[  216.867397] AAAAA-TCP_FORW: name:enp0s3: saddr:100932208: daddr:16783984
[  216.901232] AAAAA-TCP_FORW: name:enp0s3: saddr:33561200: daddr:100932208
[  216.970305] AAAAA-TCP_FORW: name:enp0s3: saddr:33561200: daddr:100932208
[  217.034840] AAAAA-TCP_FORW: name:enp0s3: saddr:100932208: daddr:16783984
[  217.112503] AAAAA-TCP_FORW: name:enp0s3: saddr:100932208: daddr:16783984
[  217.164480] AAAAA-TCP_FORW: name:enp0s3: saddr:33561200: daddr:100932208
[  217.177651] AAAAA-TCP_FORW: name:enp0s3: saddr:100932208: daddr:16783984
[  217.212750] AAAAA-TCP_FORW: name:enp0s3: saddr:100932208: daddr:16783984
[  217.235839] AAAAA-TCP_FORW: name:enp0s3: saddr:33561200: daddr:100932208
[  217.316524] AAAAA-TCP_FORW: name:enp0s3: saddr:33561200: daddr:100932208
[  217.334004] AAAAA-TCP_FORW: name:enp0s3: saddr:100932208: daddr:16783984
[  217.387803] AAAAA-TCP_FORW: name:enp0s3: saddr:33561200: daddr:100932208
[  217.464133] AAAAA-TCP_FORW: name:enp0s3: saddr:33561200: daddr:100932208
[  217.549891] AAAAA-TCP_FORW: name:enp0s3: saddr:33561200: daddr:100932208
[  217.630688] AAAAA-TCP_FORW: name:enp0s3: saddr:33561200: daddr:100932208
[  217.686107] AAAAA-TCP_FORW: name:enp0s3: saddr:100932208: daddr:16783984
[  217.699395] AAAAA-TCP_FORW: name:enp0s3: saddr:33561200: daddr:100932208
[  217.773758] AAAAA-TCP_FORW: name:enp0s3: saddr:33561200: daddr:100932208
[  217.814104] AAAAA-TCP_FORW: name:enp0s3: saddr:33561200: daddr:100932208
[  217.866990] AAAAA-TCP_FORW: name:enp0s3: saddr:33561200: daddr:100932208
[  217.939276] AAAAA-TCP_FORW: name:enp0s3: saddr:33561200: daddr:100932208
[  218.054762] AAAAA-TCP_FORW: name:enp0s3: saddr:16783984: daddr:100932208
[  218.120402] AAAAA-TCP_FORW: name:enp0s3: saddr:16783984: daddr:100932208
[  218.197611] AAAAA-TCP_FORW: name:enp0s3: saddr:16783984: daddr:100932208
[  218.250144] AAAAA-TCP_FORW: name:enp0s3: saddr:16783984: daddr:100932208
[  218.306918] AAAAA-TCP_FORW: name:enp0s3: saddr:16783984: daddr:100932208
[  218.331552] AAAAA-TCP_FORW: name:enp0s3: saddr:100932208: daddr:16783984
[  218.358435] AAAAA-TCP_FORW: name:enp0s3: saddr:16783984: daddr:100932208
[  218.363502] AAAAA-TCP_FORW: name:enp0s3: saddr:100932208: daddr:16783984
[  218.394838] AAAAA-TCP_FORW: name:enp0s3: saddr:100932208: daddr:16783984
[  218.446585] AAAAA-TCP_FORW: name:enp0s3: saddr:16783984: daddr:100932208
[  218.464032] AAAAA-TCP_FORW: name:enp0s3: saddr:100932208: daddr:33561200
[  218.507370] AAAAA-TCP_FORW: name:enp0s3: saddr:100932208: daddr:33561200
[  218.565099] AAAAA-TCP_FORW: name:enp0s3: saddr:16783984: daddr:100932208
[  218.633598] AAAAA-TCP_FORW: name:enp0s3: saddr:100932208: daddr:33561200
[  218.757377] AAAAA-TCP_FORW: name:enp0s3: saddr:100932208: daddr:33561200
[  218.822938] AAAAA-TCP_FORW: name:enp0s3: saddr:16783984: daddr:100932208
[  218.857851] AAAAA-TCP_FORW: name:enp0s3: saddr:16783984: daddr:100932208
[  218.916111] AAAAA-TCP_FORW: name:enp0s3: saddr:16783984: daddr:100932208
[  219.027783] AAAAA-TCP_FORW: name:enp0s3: saddr:16783984: daddr:100932208
[  219.039317] AAAAA-TCP_FORW: name:enp0s3: saddr:100932208: daddr:33561200
[  219.081251] AAAAA-TCP_FORW: name:enp0s3: saddr:100932208: daddr:33561200
[  219.115971] AAAAA-TCP_FORW: name:enp0s3: saddr:16783984: daddr:100932208
[  219.155715] AAAAA-TCP_FORW: name:enp0s3: saddr:100932208: daddr:33561200
[  219.193331] AAAAA-TCP_FORW: name:enp0s3: saddr:100932208: daddr:33561200
[  219.215877] AAAAA-TCP_FORW: name:enp0s3: saddr:100932208: daddr:33561200
[  219.233529] AAAAA-TCP_FORW: name:enp0s3: saddr:100932208: daddr:33561200
[  219.313244] AAAAA-TCP_FORW: name:enp0s3: saddr:16783984: daddr:100932208
[  219.374168] AAAAA-TCP_FORW: name:enp0s3: saddr:100932208: daddr:33561200
[  219.410374] AAAAA-TCP_FORW: name:enp0s3: saddr:100932208: daddr:33561200
[  219.445691] AAAAA-TCP_FORW: name:enp0s3: saddr:100932208: daddr:33561200
[  219.475806] AAAAA-TCP_FORW: name:enp0s3: saddr:100932208: daddr:33561200
[  219.533987] AAAAA-TCP_FORW: name:enp0s3: saddr:100932208: daddr:33561200
[  219.555054] AAAAA-TCP_FORW: name:enp0s3: saddr:100932208: daddr:33561200
[  219.604046] AAAAA-TCP_FORW: name:enp0s3: saddr:100932208: daddr:16783984
[  219.625312] AAAAA-TCP_FORW: name:enp0s3: saddr:100932208: daddr:16783984
[  219.660722] AAAAA-TCP_FORW: name:enp0s3: saddr:100932208: daddr:16783984
[  219.698985] AAAAA-TCP_FORW: name:enp0s3: saddr:100932208: daddr:16783984
[  219.725235] AAAAA-TCP_FORW: name:enp0s3: saddr:16783984: daddr:100932208
[  219.766627] AAAAA-TCP_FORW: name:enp0s3: saddr:100932208: daddr:16783984
[  219.808089] AAAAA-TCP_FORW: name:enp0s3: saddr:16783984: daddr:100932208
[  219.846426] AAAAA-TCP_FORW: name:enp0s3: saddr:100932208: daddr:16783984
[  219.893569] AAAAA-TCP_FORW: name:enp0s3: saddr:16783984: daddr:100932208
[  220.024816] AAAAA-TCP_FORW: name:enp0s3: saddr:33561200: daddr:100932208
[  220.058895] AAAAA-TCP_FORW: name:enp0s3: saddr:33561200: daddr:100932208
[  220.090222] AAAAA-TCP_FORW: name:enp0s3: saddr:100932208: daddr:16783984
[  220.121411] AAAAA-TCP_FORW: name:enp0s3: saddr:100932208: daddr:16783984
[  220.137358] AAAAA-TCP_FORW: name:enp0s3: saddr:33561200: daddr:100932208
[  220.201869] AAAAA-TCP_FORW: name:enp0s3: saddr:33561200: daddr:100932208
[  220.260748] AAAAA-TCP_FORW: name:enp0s3: saddr:100932208: daddr:16783984
[  220.284937] AAAAA-TCP_FORW: name:enp0s3: saddr:100932208: daddr:16783984
[  220.337820] AAAAA-TCP_FORW: name:enp0s3: saddr:100932208: daddr:16783984
[  220.374685] AAAAA-TCP_FORW: name:enp0s3: saddr:33561200: daddr:100932208
[  220.395271] AAAAA-TCP_FORW: name:enp0s3: saddr:100932208: daddr:16783984
[  220.451104] AAAAA-TCP_FORW: name:enp0s3: saddr:33561200: daddr:100932208
[  220.513201] AAAAA-TCP_FORW: name:enp0s3: saddr:33561200: daddr:100932208
[  220.613651] AAAAA-TCP_FORW: name:enp0s3: saddr:33561200: daddr:100932208
[  220.702263] AAAAA-TCP_FORW: name:enp0s3: saddr:33561200: daddr:100932208
[  220.748619] AAAAA-TCP_FORW: name:enp0s3: saddr:100932208: daddr:16783984
[  220.778957] AAAAA-TCP_FORW: name:enp0s3: saddr:33561200: daddr:100932208
[  220.826942] AAAAA-TCP_FORW: name:enp0s3: saddr:33561200: daddr:100932208
[  220.931615] AAAAA-TCP_FORW: name:enp0s3: saddr:33561200: daddr:100932208
[  221.032068] AAAAA-TCP_FORW: name:enp0s3: saddr:33561200: daddr:100932208
[  221.245871] AAAAA-TCP_FORW: name:enp0s3: saddr:33561200: daddr:100932208
[  221.298987] AAAAA-TCP_FORW: name:enp0s3: saddr:33561200: daddr:100932208
[  221.365269] AAAAA-TCP_FORW: name:enp0s3: saddr:33561200: daddr:100932208
[  221.451221] AAAAA-TCP_FORW: name:enp0s3: saddr:16783984: daddr:100932208
[  221.533991] AAAAA-TCP_FORW: name:enp0s3: saddr:16783984: daddr:100932208
[  221.578875] AAAAA-TCP_FORW: name:enp0s3: saddr:16783984: daddr:100932208
[  221.669239] AAAAA-TCP_FORW: name:enp0s3: saddr:16783984: daddr:100932208
[  221.741063] AAAAA-TCP_FORW: name:enp0s3: saddr:16783984: daddr:100932208
[  221.806561] AAAAA-TCP_FORW: name:enp0s3: saddr:16783984: daddr:100932208
[  221.863876] AAAAA-TCP_FORW: name:enp0s3: saddr:16783984: daddr:100932208
[  221.939710] AAAAA-TCP_FORW: name:enp0s3: saddr:16783984: daddr:100932208
[  222.021061] AAAAA-TCP_FORW: name:enp0s3: saddr:16783984: daddr:100932208
[  222.100938] AAAAA-TCP_FORW: name:enp0s3: saddr:16783984: daddr:100932208
[  222.166018] AAAAA-TCP_FORW: name:enp0s3: saddr:16783984: daddr:100932208
[  222.249520] AAAAA-TCP_FORW: name:enp0s3: saddr:16783984: daddr:100932208
[  222.360301] AAAAA-TCP_FORW: name:enp0s3: saddr:16783984: daddr:100932208
[  222.490308] AAAAA-TCP_FORW: name:enp0s3: saddr:100932208: daddr:33561200
[  222.510159] AAAAA-TCP_FORW: name:enp0s3: saddr:100932208: daddr:33561200
[  222.940749] AAAAA-TCP_FORW: name:enp0s3: saddr:33561200: daddr:100932208
[  223.004879] AAAAA-TCP_FORW: name:enp0s3: saddr:33561200: daddr:100932208
[  245.717277] AAAAA-TCP_FORW: name:enp0s3: saddr:100932208: daddr:16783984
[  245.790990] AAAAA-TCP_FORW: name:enp0s3: saddr:100932208: daddr:16783984
[  245.833659] AAAAA-TCP_FORW: name:enp0s3: saddr:100932208: daddr:16783984
[  245.937684] AAAAA-TCP_FORW: name:enp0s3: saddr:100932208: daddr:33561200
[  246.010914] AAAAA-TCP_FORW: name:enp0s3: saddr:100932208: daddr:33561200
[  246.323515] AAAAA-TCP_FORW: name:enp0s3: saddr:100932208: daddr:16783984
[  246.701025] AAAAA-TCP_FORW: name:enp0s3: saddr:100932208: daddr:33561200
[  247.035466] AAAAA-TCP_FORW: name:enp0s3: saddr:100932208: daddr:16783984
[  247.332351] AAAAA-TCP_FORW: name:enp0s3: saddr:100932208: daddr:33561200
[  247.465116] AAAAA-TCP_FORW: name:enp0s3: saddr:100932208: daddr:16783984
[  247.579989] AAAAA-TCP_FORW: name:enp0s3: saddr:100932208: daddr:33561200
[  247.702208] AAAAA-TCP_FORW: name:enp0s3: saddr:100932208: daddr:16783984
[  247.962388] AAAAA-TCP_FORW: name:enp0s3: saddr:100932208: daddr:33561200
[  248.093717] AAAAA-TCP_FORW: name:enp0s3: saddr:100932208: daddr:16783984
[  248.186998] AAAAA-TCP_FORW: name:enp0s3: saddr:100932208: daddr:16783984
[  248.259705] AAAAA-TCP_FORW: name:enp0s3: saddr:100932208: daddr:16783984
[  248.322604] AAAAA-TCP_FORW: name:enp0s3: saddr:100932208: daddr:33561200
[  248.450761] AAAAA-TCP_FORW: name:enp0s3: saddr:100932208: daddr:16783984
[  248.563275] AAAAA-TCP_FORW: name:enp0s3: saddr:100932208: daddr:16783984
[  248.627987] AAAAA-TCP_FORW: name:enp0s3: saddr:100932208: daddr:16783984
[  248.745782] AAAAA-TCP_FORW: name:enp0s3: saddr:100932208: daddr:33561200
[  248.828195] AAAAA-TCP_FORW: name:enp0s3: saddr:100932208: daddr:33561200
[  248.924078] AAAAA-TCP_FORW: name:enp0s3: saddr:100932208: daddr:33561200
[  248.965650] AAAAA-TCP_FORW: name:enp0s3: saddr:100932208: daddr:16783984
[  249.090641] AAAAA-TCP_FORW: name:enp0s3: saddr:100932208: daddr:16783984
[  249.137315] AAAAA-TCP_FORW: name:enp0s3: saddr:100932208: daddr:16783984
[  249.265504] AAAAA-TCP_FORW: name:enp0s3: saddr:100932208: daddr:33561200
[  249.304410] AAAAA-TCP_FORW: name:enp0s3: saddr:100932208: daddr:33561200
[  249.366751] AAAAA-TCP_FORW: name:enp0s3: saddr:100932208: daddr:33561200
[  249.459344] AAAAA-TCP_FORW: name:enp0s3: saddr:100932208: daddr:33561200
[  249.532989] AAAAA-TCP_FORW: name:enp0s3: saddr:100932208: daddr:16783984
[  249.673810] AAAAA-TCP_FORW: name:enp0s3: saddr:100932208: daddr:33561200
[  249.864359] AAAAA-TCP_FORW: name:enp0s3: saddr:100932208: daddr:16783984
[  249.966556] AAAAA-TCP_FORW: name:enp0s3: saddr:100932208: daddr:16783984
[  250.010195] AAAAA-TCP_FORW: name:enp0s3: saddr:100932208: daddr:33561200
[  250.223616] AAAAA-TCP_FORW: name:enp0s3: saddr:100932208: daddr:16783984
[  250.304153] AAAAA-TCP_FORW: name:enp0s3: saddr:100932208: daddr:16783984
[  250.491241] AAAAA-TCP_FORW: name:enp0s3: saddr:100932208: daddr:16783984
[  250.523372] AAAAA-TCP_FORW: name:enp0s3: saddr:100932208: daddr:16783984
[  250.630952] AAAAA-TCP_FORW: name:enp0s3: saddr:100932208: daddr:33561200
[  250.756463] AAAAA-TCP_FORW: name:enp0s3: saddr:100932208: daddr:33561200
[  250.901777] AAAAA-TCP_FORW: name:enp0s3: saddr:100932208: daddr:16783984
[  250.987781] AAAAA-TCP_FORW: name:enp0s3: saddr:100932208: daddr:16783984
[  251.067993] AAAAA-TCP_FORW: name:enp0s3: saddr:100932208: daddr:33561200
[  251.160532] AAAAA-TCP_FORW: name:enp0s3: saddr:100932208: daddr:33561200
[  251.259321] AAAAA-TCP_FORW: name:enp0s3: saddr:100932208: daddr:16783984
[  251.333373] AAAAA-TCP_FORW: name:enp0s3: saddr:100932208: daddr:16783984
[  251.384070] AAAAA-TCP_FORW: name:enp0s3: saddr:100932208: daddr:33561200
[  251.501261] AAAAA-TCP_FORW: name:enp0s3: saddr:100932208: daddr:16783984
[  251.579482] AAAAA-TCP_FORW: name:enp0s3: saddr:100932208: daddr:33561200
[  251.766984] AAAAA-TCP_FORW: name:enp0s3: saddr:100932208: daddr:33561200
[  251.905394] AAAAA-TCP_FORW: name:enp0s3: saddr:100932208: daddr:16783984
[  251.949195] AAAAA-TCP_FORW: name:enp0s3: saddr:100932208: daddr:16783984
[  252.047894] AAAAA-TCP_FORW: name:enp0s3: saddr:100932208: daddr:33561200
[  252.177795] AAAAA-TCP_FORW: name:enp0s3: saddr:100932208: daddr:16783984
[  252.305414] AAAAA-TCP_FORW: name:enp0s3: saddr:100932208: daddr:33561200
[  252.455929] AAAAA-TCP_FORW: name:enp0s3: saddr:100932208: daddr:16783984
[  252.551640] AAAAA-TCP_FORW: name:enp0s3: saddr:100932208: daddr:16783984
[  252.629836] AAAAA-TCP_FORW: name:enp0s3: saddr:100932208: daddr:16783984
[  252.692737] AAAAA-TCP_FORW: name:enp0s3: saddr:100932208: daddr:16783984
[  252.788934] AAAAA-TCP_FORW: name:enp0s3: saddr:100932208: daddr:33561200
[  252.900771] AAAAA-TCP_FORW: name:enp0s3: saddr:100932208: daddr:33561200
[  252.981002] AAAAA-TCP_FORW: name:enp0s3: saddr:100932208: daddr:33561200
[  253.141052] AAAAA-TCP_FORW: name:enp0s3: saddr:100932208: daddr:33561200
[  253.369464] AAAAA-TCP_FORW: name:enp0s3: saddr:100932208: daddr:33561200
[  253.531575] AAAAA-TCP_FORW: name:enp0s3: saddr:100932208: daddr:16783984
[  253.649537] AAAAA-TCP_FORW: name:enp0s3: saddr:100932208: daddr:16783984
[  253.732731] AAAAA-TCP_FORW: name:enp0s3: saddr:100932208: daddr:16783984
[  253.818800] AAAAA-TCP_FORW: name:enp0s3: saddr:100932208: daddr:33561200
[  253.958614] AAAAA-TCP_FORW: name:enp0s3: saddr:100932208: daddr:16783984
[  254.101041] AAAAA-TCP_FORW: name:enp0s3: saddr:100932208: daddr:16783984
[  254.181675] AAAAA-TCP_FORW: name:enp0s3: saddr:100932208: daddr:16783984
[  254.284929] AAAAA-TCP_FORW: name:enp0s3: saddr:100932208: daddr:16783984
[  254.458471] AAAAA-TCP_FORW: name:enp0s3: saddr:100932208: daddr:16783984
[  254.617906] AAAAA-TCP_FORW: name:enp0s3: saddr:100932208: daddr:16783984
[  488.674875] rfkill: input handler enabled
[  497.528315] rfkill: input handler disabled
[  784.838263] device enp0s3 left promiscuous mode
