[    0.000000] Linux version 5.4.243-mptcp (root@ztg) (gcc version 12.2.0 (Debian 12.2.0-14+deb12u1)) #53 SMP Wed Dec 24 23:28:15 CST 2025
[    0.000000] Command line: BOOT_IMAGE=/boot/vmlinuz-5.4.243-mptcp root=UUID=98415a12-53b7-4144-8265-0f7ece09e445 ro quiet splash
[    0.000000] KERNEL supported cpus:
[    0.000000]   Intel GenuineIntel
[    0.000000]   AMD AuthenticAMD
[    0.000000]   Hygon HygonGenuine
[    0.000000]   Centaur CentaurHauls
[    0.000000]   zhaoxin   Shanghai  
[    0.000000] x86/fpu: Supporting XSAVE feature 0x001: 'x87 floating point registers'
[    0.000000] x86/fpu: Supporting XSAVE feature 0x002: 'SSE registers'
[    0.000000] x86/fpu: Supporting XSAVE feature 0x004: 'AVX registers'
[    0.000000] x86/fpu: xstate_offset[2]:  576, xstate_sizes[2]:  256
[    0.000000] x86/fpu: Enabled xstate features 0x7, context size is 832 bytes, using 'standard' format.
[    0.000000] BIOS-provided physical RAM map:
[    0.000000] BIOS-e820: [mem 0x0000000000000000-0x000000000009fbff] usable
[    0.000000] BIOS-e820: [mem 0x000000000009fc00-0x000000000009ffff] reserved
[    0.000000] BIOS-e820: [mem 0x00000000000f0000-0x00000000000fffff] reserved
[    0.000000] BIOS-e820: [mem 0x0000000000100000-0x000000007ffeffff] usable
[    0.000000] BIOS-e820: [mem 0x000000007fff0000-0x000000007fffffff] ACPI data
[    0.000000] BIOS-e820: [mem 0x00000000fec00000-0x00000000fec00fff] reserved
[    0.000000] BIOS-e820: [mem 0x00000000fee00000-0x00000000fee00fff] reserved
[    0.000000] BIOS-e820: [mem 0x00000000fffc0000-0x00000000ffffffff] reserved
[    0.000000] NX (Execute Disable) protection: active
[    0.000000] SMBIOS 2.5 present.
[    0.000000] DMI: innotek GmbH VirtualBox/VirtualBox, BIOS VirtualBox 12/01/2006
[    0.000000] Hypervisor detected: KVM
[    0.000000] kvm-clock: Using msrs 4b564d01 and 4b564d00
[    0.000000] kvm-clock: cpu 0, msr 64a01001, primary cpu clock
[    0.000000] kvm-clock: using sched offset of 4450943834 cycles
[    0.000003] clocksource: kvm-clock: mask: 0xffffffffffffffff max_cycles: 0x1cd42e4dffb, max_idle_ns: 881590591483 ns
[    0.000006] tsc: Detected 2100.000 MHz processor
[    0.001867] e820: update [mem 0x00000000-0x00000fff] usable ==> reserved
[    0.001869] e820: remove [mem 0x000a0000-0x000fffff] usable
[    0.001872] last_pfn = 0x7fff0 max_arch_pfn = 0x400000000
[    0.001949] MTRR default type: uncachable
[    0.001950] MTRR fixed ranges enabled:
[    0.001951]   00000-9FFFF write-back
[    0.001952]   A0000-BFFFF uncachable
[    0.001953]   C0000-FFFFF write-protect
[    0.001954] MTRR variable ranges enabled:
[    0.001955]   0 base 000000000000 mask 3FFF80000000 write-back
[    0.001956]   1 disabled
[    0.001956]   2 disabled
[    0.001956]   3 disabled
[    0.001957]   4 disabled
[    0.001957]   5 disabled
[    0.001958]   6 disabled
[    0.001958]   7 disabled
[    0.001958]   8 disabled
[    0.001959]   9 disabled
[    0.001959]   10 disabled
[    0.001960]   11 disabled
[    0.001960]   12 disabled
[    0.001961]   13 disabled
[    0.001961]   14 disabled
[    0.001961]   15 disabled
[    0.001977] x86/PAT: Configuration [0-7]: WB  WC  UC- UC  WB  WP  UC- WT  
[    0.002111] found SMP MP-table at [mem 0x0009fff0-0x0009ffff]
[    0.092537] check: Scanning 1 areas for low memory corruption
[    0.092752] RAMDISK: [mem 0x32271000-0x3512ffff]
[    0.092760] ACPI: Early table checksum verification disabled
[    0.092766] ACPI: RSDP 0x00000000000E0000 000024 (v02 VBOX  )
[    0.092770] ACPI: XSDT 0x000000007FFF0030 00003C (v01 VBOX   VBOXXSDT 00000001 ASL  00000061)
[    0.092776] ACPI: FACP 0x000000007FFF00F0 0000F4 (v04 VBOX   VBOXFACP 00000001 ASL  00000061)
[    0.092782] ACPI: DSDT 0x000000007FFF02E0 002353 (v02 VBOX   VBOXBIOS 00000002 VBOX 00029BF3)
[    0.092786] ACPI: FACS 0x000000007FFF0200 000040
[    0.092790] ACPI: FACS 0x000000007FFF0200 000040
[    0.092793] ACPI: APIC 0x000000007FFF0240 000054 (v02 VBOX   VBOXAPIC 00000001 ASL  00000061)
[    0.092796] ACPI: SSDT 0x000000007FFF02A0 000038 (v01 VBOX   VBOXCPUT 00000002 VBOX 00029BF3)
[    0.092800] ACPI: Reserving FACP table memory at [mem 0x7fff00f0-0x7fff01e3]
[    0.092800] ACPI: Reserving DSDT table memory at [mem 0x7fff02e0-0x7fff2632]
[    0.092801] ACPI: Reserving FACS table memory at [mem 0x7fff0200-0x7fff023f]
[    0.092802] ACPI: Reserving FACS table memory at [mem 0x7fff0200-0x7fff023f]
[    0.092802] ACPI: Reserving APIC table memory at [mem 0x7fff0240-0x7fff0293]
[    0.092803] ACPI: Reserving SSDT table memory at [mem 0x7fff02a0-0x7fff02d7]
[    0.092818] ACPI: Local APIC address 0xfee00000
[    0.092999] No NUMA configuration found
[    0.093000] Faking a node at [mem 0x0000000000000000-0x000000007ffeffff]
[    0.093010] NODE_DATA(0) allocated [mem 0x7ffc5000-0x7ffeffff]
[    0.093270] Zone ranges:
[    0.093271]   DMA      [mem 0x0000000000001000-0x0000000000ffffff]
[    0.093272]   DMA32    [mem 0x0000000001000000-0x000000007ffeffff]
[    0.093273]   Normal   empty
[    0.093274]   Device   empty
[    0.093274] Movable zone start for each node
[    0.093276] Early memory node ranges
[    0.093277]   node   0: [mem 0x0000000000001000-0x000000000009efff]
[    0.093278]   node   0: [mem 0x0000000000100000-0x000000007ffeffff]
[    0.093281] Zeroed struct page in unavailable ranges: 114 pages
[    0.093282] Initmem setup node 0 [mem 0x0000000000001000-0x000000007ffeffff]
[    0.093283] On node 0 totalpages: 524174
[    0.093284]   DMA zone: 64 pages used for memmap
[    0.093284]   DMA zone: 21 pages reserved
[    0.093285]   DMA zone: 3998 pages, LIFO batch:0
[    0.093357]   DMA32 zone: 8128 pages used for memmap
[    0.093358]   DMA32 zone: 520176 pages, LIFO batch:63
[    0.102232] ACPI: PM-Timer IO Port: 0x4008
[    0.102235] ACPI: Local APIC address 0xfee00000
[    0.102299] IOAPIC[0]: apic_id 1, version 32, address 0xfec00000, GSI 0-23
[    0.102302] ACPI: INT_SRC_OVR (bus 0 bus_irq 0 global_irq 2 dfl dfl)
[    0.102304] ACPI: INT_SRC_OVR (bus 0 bus_irq 9 global_irq 9 low level)
[    0.102306] ACPI: IRQ0 used by override.
[    0.102307] ACPI: IRQ9 used by override.
[    0.102309] Using ACPI (MADT) for SMP configuration information
[    0.102317] smpboot: Allowing 1 CPUs, 0 hotplug CPUs
[    0.102338] PM: Registered nosave memory: [mem 0x00000000-0x00000fff]
[    0.102339] PM: Registered nosave memory: [mem 0x0009f000-0x0009ffff]
[    0.102339] PM: Registered nosave memory: [mem 0x000a0000-0x000effff]
[    0.102340] PM: Registered nosave memory: [mem 0x000f0000-0x000fffff]
[    0.102341] [mem 0x80000000-0xfebfffff] available for PCI devices
[    0.102342] Booting paravirtualized kernel on KVM
[    0.102345] clocksource: refined-jiffies: mask: 0xffffffff max_cycles: 0xffffffff, max_idle_ns: 7645519600211568 ns
[    0.102349] setup_percpu: NR_CPUS:8192 nr_cpumask_bits:1 nr_cpu_ids:1 nr_node_ids:1
[    0.103349] percpu: Embedded 60 pages/cpu s208896 r8192 d28672 u2097152
[    0.103354] pcpu-alloc: s208896 r8192 d28672 u2097152 alloc=1*2097152
[    0.103355] pcpu-alloc: [0] 0 
[    0.103380] Built 1 zonelists, mobility grouping on.  Total pages: 515961
[    0.103380] Policy zone: DMA32
[    0.103381] Kernel command line: BOOT_IMAGE=/boot/vmlinuz-5.4.243-mptcp root=UUID=98415a12-53b7-4144-8265-0f7ece09e445 ro quiet splash
[    0.104219] Dentry cache hash table entries: 262144 (order: 9, 2097152 bytes, linear)
[    0.104364] Inode-cache hash table entries: 131072 (order: 8, 1048576 bytes, linear)
[    0.104412] mem auto-init: stack:off, heap alloc:on, heap free:off
[    0.104415] Calgary: detecting Calgary via BIOS EBDA area
[    0.104417] Calgary: Unable to locate Rio Grande table in EBDA - bailing!
[    0.108545] Memory: 1967332K/2096696K available (14339K kernel code, 2398K rwdata, 4712K rodata, 2728K init, 17260K bss, 129364K reserved, 0K cma-reserved)
[    0.109464] SLUB: HWalign=64, Order=0-3, MinObjects=0, CPUs=1, Nodes=1
[    0.109479] ftrace: allocating 43186 entries in 169 pages
[    0.127464] rcu: Hierarchical RCU implementation.
[    0.127466] rcu: 	RCU restricting CPUs from NR_CPUS=8192 to nr_cpu_ids=1.
[    0.127467] 	Tasks RCU enabled.
[    0.127468] rcu: RCU calculated value of scheduler-enlistment delay is 25 jiffies.
[    0.127469] rcu: Adjusting geometry for rcu_fanout_leaf=16, nr_cpu_ids=1
[    0.130419] NR_IRQS: 524544, nr_irqs: 256, preallocated irqs: 16
[    0.130618] random: crng init done
[    0.139903] Console: colour VGA+ 80x25
[    0.139906] printk: console [tty0] enabled
[    0.139924] ACPI: Core revision 20190816
[    0.140013] APIC: Switch to symmetric I/O mode setup
[    0.140259] x2apic enabled
[    0.140495] Switched APIC routing to physical x2apic.
[    0.141619] ..TIMER: vector=0x30 apic1=0 pin1=2 apic2=-1 pin2=-1
[    0.141645] clocksource: tsc-early: mask: 0xffffffffffffffff max_cycles: 0x1e4530a99b6, max_idle_ns: 440795257976 ns
[    0.141650] Calibrating delay loop (skipped) preset value.. 4200.00 BogoMIPS (lpj=8400000)
[    0.141652] pid_max: default: 32768 minimum: 301
[    0.141679] LSM: Security Framework initializing
[    0.141688] Yama: becoming mindful.
[    0.141712] AppArmor: AppArmor initialized
[    0.141745] Mount-cache hash table entries: 4096 (order: 3, 32768 bytes, linear)
[    0.141749] Mountpoint-cache hash table entries: 4096 (order: 3, 32768 bytes, linear)
[    0.141759] *** VALIDATE tmpfs ***
[    0.141889] *** VALIDATE proc ***
[    0.141928] *** VALIDATE cgroup1 ***
[    0.141929] *** VALIDATE cgroup2 ***
[    0.142075] process: using mwait in idle threads
[    0.142080] Last level iTLB entries: 4KB 64, 2MB 8, 4MB 8
[    0.142081] Last level dTLB entries: 4KB 64, 2MB 0, 4MB 0, 1GB 4
[    0.142099] Spectre V1 : Mitigation: usercopy/swapgs barriers and __user pointer sanitization
[    0.142105] Spectre V2 : Mitigation: Retpolines
[    0.142105] Spectre V2 : Spectre v2 / SpectreRSB mitigation: Filling RSB on context switch
[    0.142106] Spectre V2 : Spectre v2 / SpectreRSB : Filling RSB on VMEXIT
[    0.142106] RETBleed: WARNING: Spectre v2 mitigation leaves CPU vulnerable to RETBleed attacks, data leaks possible!
[    0.142460] RETBleed: Vulnerable
[    0.142460] Speculative Store Bypass: Vulnerable
[    0.142465] TAA: Mitigation: TSX disabled
[    0.142466] MMIO Stale Data: Mitigation: Clear CPU buffers
[    0.146608] Freeing SMP alternatives memory: 40K
[    0.259257] smpboot: CPU0: Intel(R) Xeon(R) Silver 4216 CPU @ 2.10GHz (family: 0x6, model: 0x55, stepping: 0x7)
[    0.259350] Performance Events: unsupported p6 CPU model 85 no PMU driver, software events only.
[    0.259382] rcu: Hierarchical SRCU implementation.
[    0.259835] NMI watchdog: Perf NMI watchdog permanently disabled
[    0.259878] smp: Bringing up secondary CPUs ...
[    0.259879] smp: Brought up 1 node, 1 CPU
[    0.259880] smpboot: Max logical packages: 1
[    0.259881] smpboot: Total of 1 processors activated (4200.00 BogoMIPS)
[    0.260805] devtmpfs: initialized
[    0.260846] x86/mm: Memory block size: 128MB
[    0.261162] clocksource: jiffies: mask: 0xffffffff max_cycles: 0xffffffff, max_idle_ns: 7645041785100000 ns
[    0.261165] futex hash table entries: 256 (order: 2, 16384 bytes, linear)
[    0.261202] pinctrl core: initialized pinctrl subsystem
[    0.261296] PM: RTC time: 20:52:11, date: 2026-01-19
[    0.261393] NET: Registered protocol family 16
[    0.261464] audit: initializing netlink subsys (disabled)
[    0.261580] EISA bus registered
[    0.261581] cpuidle: using governor ladder
[    0.261582] cpuidle: using governor menu
[    0.261616] ACPI: bus type PCI registered
[    0.261617] acpiphp: ACPI Hot Plug PCI Controller Driver version: 0.5
[    0.261647] PCI: Using configuration type 1 for base access
[    0.261700] audit: type=2000 audit(1768827138.126:1): state=initialized audit_enabled=0 res=1
[    0.261771] HugeTLB registered 2.00 MiB page size, pre-allocated 0 pages
[    0.262547] ACPI: Added _OSI(Module Device)
[    0.262548] ACPI: Added _OSI(Processor Device)
[    0.262548] ACPI: Added _OSI(3.0 _SCP Extensions)
[    0.262549] ACPI: Added _OSI(Processor Aggregator Device)
[    0.262550] ACPI: Added _OSI(Linux-Dell-Video)
[    0.262551] ACPI: Added _OSI(Linux-Lenovo-NV-HDMI-Audio)
[    0.262552] ACPI: Added _OSI(Linux-HPI-Hybrid-Graphics)
[    0.264480] ACPI: 2 ACPI AML tables successfully acquired and loaded
[    0.266113] ACPI: Interpreter enabled
[    0.266122] ACPI: (supports S0 S5)
[    0.266123] ACPI: Using IOAPIC for interrupt routing
[    0.266338] PCI: Using host bridge windows from ACPI; if necessary, use "pci=nocrs" and report a bug
[    0.266443] ACPI: Enabled 2 GPEs in block 00 to 07
[    0.271219] ACPI: PCI Root Bridge [PCI0] (domain 0000 [bus 00-ff])
[    0.271223] acpi PNP0A03:00: _OSC: OS supports [ASPM ClockPM Segments MSI HPX-Type3]
[    0.271664] acpi PNP0A03:00: _OSC: not requesting OS control; OS requires [ExtendedConfig ASPM ClockPM MSI]
[    0.271672] acpi PNP0A03:00: fail to add MMCONFIG information, can't access extended PCI configuration space under this bridge.
[    0.272040] PCI host bridge to bus 0000:00
[    0.272042] pci_bus 0000:00: root bus resource [io  0x0000-0x0cf7 window]
[    0.272043] pci_bus 0000:00: root bus resource [io  0x0d00-0xffff window]
[    0.272045] pci_bus 0000:00: root bus resource [mem 0x000a0000-0x000bffff window]
[    0.272046] pci_bus 0000:00: root bus resource [mem 0x80000000-0xfdffffff window]
[    0.272047] pci_bus 0000:00: root bus resource [bus 00-ff]
[    0.272090] pci 0000:00:00.0: [8086:1237] type 00 class 0x060000
[    0.273020] pci 0000:00:01.0: [8086:7000] type 00 class 0x060100
[    0.273762] pci 0000:00:01.1: [8086:7111] type 00 class 0x01018a
[    0.274145] pci 0000:00:01.1: reg 0x20: [io  0xd000-0xd00f]
[    0.274299] pci 0000:00:01.1: legacy IDE quirk: reg 0x10: [io  0x01f0-0x01f7]
[    0.274300] pci 0000:00:01.1: legacy IDE quirk: reg 0x14: [io  0x03f6]
[    0.274301] pci 0000:00:01.1: legacy IDE quirk: reg 0x18: [io  0x0170-0x0177]
[    0.274302] pci 0000:00:01.1: legacy IDE quirk: reg 0x1c: [io  0x0376]
[    0.274837] pci 0000:00:02.0: [15ad:0405] type 00 class 0x030000
[    0.277725] pci 0000:00:02.0: reg 0x10: [io  0xd010-0xd01f]
[    0.280696] pci 0000:00:02.0: reg 0x14: [mem 0xe0000000-0xe7ffffff pref]
[    0.281694] pci 0000:00:02.0: reg 0x18: [mem 0xf0000000-0xf01fffff]
[    0.294286] pci 0000:00:03.0: [1022:2000] type 00 class 0x020000
[    0.294950] pci 0000:00:03.0: reg 0x10: [io  0xd020-0xd03f]
[    0.295553] pci 0000:00:03.0: reg 0x14: [mem 0xf0200000-0xf0200fff]
[    0.299011] pci 0000:00:04.0: [80ee:cafe] type 00 class 0x088000
[    0.299674] pci 0000:00:04.0: reg 0x10: [io  0xd040-0xd05f]
[    0.300280] pci 0000:00:04.0: reg 0x14: [mem 0xf0400000-0xf07fffff]
[    0.300886] pci 0000:00:04.0: reg 0x18: [mem 0xf0800000-0xf0803fff pref]
[    0.304141] pci 0000:00:07.0: [8086:7113] type 00 class 0x068000
[    0.304683] pci 0000:00:07.0: quirk: [io  0x4000-0x403f] claimed by PIIX4 ACPI
[    0.304693] pci 0000:00:07.0: quirk: [io  0x4100-0x410f] claimed by PIIX4 SMB
[    0.306180] pci 0000:00:08.0: [1022:2000] type 00 class 0x020000
[    0.306852] pci 0000:00:08.0: reg 0x10: [io  0xd060-0xd07f]
[    0.307458] pci 0000:00:08.0: reg 0x14: [mem 0xf0804000-0xf0804fff]
[    0.310466] pci 0000:00:09.0: [8086:100e] type 00 class 0x020000
[    0.311158] pci 0000:00:09.0: reg 0x10: [mem 0xf0820000-0xf083ffff]
[    0.312345] pci 0000:00:09.0: reg 0x18: [io  0xd080-0xd087]
[    0.322623] ACPI: PCI Interrupt Link [LNKA] (IRQs 5 9 10 *11)
[    0.322905] ACPI: PCI Interrupt Link [LNKB] (IRQs 5 9 *10 11)
[    0.323008] ACPI: PCI Interrupt Link [LNKC] (IRQs 5 *9 10 11)
[    0.323109] ACPI: PCI Interrupt Link [LNKD] (IRQs 5 9 10 *11)
[    0.323330] iommu: Default domain type: Translated 
[    0.323381] pci 0000:00:02.0: vgaarb: setting as boot VGA device
[    0.323383] pci 0000:00:02.0: vgaarb: VGA device added: decodes=io+mem,owns=io+mem,locks=none
[    0.323384] pci 0000:00:02.0: vgaarb: bridge control possible
[    0.323385] vgaarb: loaded
[    0.323572] SCSI subsystem initialized
[    0.323599] libata version 3.00 loaded.
[    0.323622] ACPI: bus type USB registered
[    0.323637] usbcore: registered new interface driver usbfs
[    0.323642] usbcore: registered new interface driver hub
[    0.323647] usbcore: registered new device driver usb
[    0.323672] pps_core: LinuxPPS API ver. 1 registered
[    0.323672] pps_core: Software ver. 5.3.6 - Copyright 2005-2007 Rodolfo Giometti <giometti@linux.it>
[    0.323674] PTP clock support registered
[    0.323708] EDAC MC: Ver: 3.0.0
[    0.323983] PCI: Using ACPI for IRQ routing
[    0.323984] PCI: pci_cache_line_size set to 64 bytes
[    0.324152] e820: reserve RAM buffer [mem 0x0009fc00-0x0009ffff]
[    0.324155] e820: reserve RAM buffer [mem 0x7fff0000-0x7fffffff]
[    0.325661] NetLabel: Initializing
[    0.325662] NetLabel:  domain hash size = 128
[    0.325662] NetLabel:  protocols = UNLABELED CIPSOv4 CALIPSO
[    0.325682] NetLabel:  unlabeled traffic allowed by default
[    0.326577] clocksource: Switched to clocksource kvm-clock
[    0.339891] *** VALIDATE bpf ***
[    0.339947] VFS: Disk quotas dquot_6.6.0
[    0.339958] VFS: Dquot-cache hash table entries: 512 (order 0, 4096 bytes)
[    0.339978] *** VALIDATE ramfs ***
[    0.339981] *** VALIDATE hugetlbfs ***
[    0.340058] AppArmor: AppArmor Filesystem Enabled
[    0.340080] pnp: PnP ACPI init
[    0.340138] pnp 00:00: Plug and Play ACPI device, IDs PNP0303 (active)
[    0.340205] pnp 00:01: Plug and Play ACPI device, IDs PNP0f03 (active)
[    0.340930] pnp: PnP ACPI: found 2 devices
[    0.341883] thermal_sys: Registered thermal governor 'fair_share'
[    0.341884] thermal_sys: Registered thermal governor 'bang_bang'
[    0.341885] thermal_sys: Registered thermal governor 'step_wise'
[    0.341885] thermal_sys: Registered thermal governor 'user_space'
[    0.341886] thermal_sys: Registered thermal governor 'power_allocator'
[    0.346395] clocksource: acpi_pm: mask: 0xffffff max_cycles: 0xffffff, max_idle_ns: 2085701024 ns
[    0.346434] pci_bus 0000:00: resource 4 [io  0x0000-0x0cf7 window]
[    0.346435] pci_bus 0000:00: resource 5 [io  0x0d00-0xffff window]
[    0.346437] pci_bus 0000:00: resource 6 [mem 0x000a0000-0x000bffff window]
[    0.346438] pci_bus 0000:00: resource 7 [mem 0x80000000-0xfdffffff window]
[    0.346491] NET: Registered protocol family 2
[    0.346561] IP idents hash table entries: 32768 (order: 6, 262144 bytes, linear)
[    0.346944] MPTCP tokens hash table entries: 8192 (order: 4, 65536 bytes, linear)
[    0.346962] MPTCP request tokens hash table entries: 8192 (order: 4, 65536 bytes, linear)
[    0.346988] default registered
[    0.346988] default registered
[    0.346989] MPTCP: Stable release v0.96
[    0.346993] tcp_listen_portaddr_hash hash table entries: 1024 (order: 2, 16384 bytes, linear)
[    0.347072] TCP established hash table entries: 16384 (order: 5, 131072 bytes, linear)
[    0.347093] TCP bind hash table entries: 16384 (order: 6, 262144 bytes, linear)
[    0.347093] TCP: Hash tables configured (established 16384 bind 16384)
[    0.347871] UDP hash table entries: 1024 (order: 3, 32768 bytes, linear)
[    0.347882] UDP-Lite hash table entries: 1024 (order: 3, 32768 bytes, linear)
[    0.347916] NET: Registered protocol family 1
[    0.347924] NET: Registered protocol family 44
[    0.347943] pci 0000:00:00.0: Limiting direct PCI/PCI transfers
[    0.347955] pci 0000:00:01.0: Activating ISA DMA hang workarounds
[    0.348010] pci 0000:00:02.0: Video device with shadowed ROM at [mem 0x000c0000-0x000dffff]
[    0.348072] PCI: CLS 0 bytes, default 64
[    0.348115] Trying to unpack rootfs image as initramfs...
[    0.516035] Freeing initrd memory: 47868K
[    0.516035] clocksource: tsc: mask: 0xffffffffffffffff max_cycles: 0x1e4530a99b6, max_idle_ns: 440795257976 ns
[    0.516035] clocksource: Switched to clocksource tsc
[    0.516035] platform rtc_cmos: registered platform RTC device (no PNP device found)
[    0.516035] check: Scanning for low memory corruption every 60 seconds
[    0.516035] Initialise system trusted keyrings
[    0.516035] Key type blacklist registered
[    0.516035] workingset: timestamp_bits=36 max_order=19 bucket_order=0
[    0.516035] zbud: loaded
[    0.516035] squashfs: version 4.0 (2009/01/31) Phillip Lougher
[    0.516035] fuse: init (API version 7.31)
[    0.516035] *** VALIDATE fuse ***
[    0.516035] *** VALIDATE fuse ***
[    0.516035] Platform Keyring initialized
[    0.528242] Key type asymmetric registered
[    0.528243] Asymmetric key parser 'x509' registered
[    0.528254] Block layer SCSI generic (bsg) driver version 0.4 loaded (major 244)
[    0.528291] io scheduler mq-deadline registered
[    0.528413] shpchp: Standard Hot Plug PCI Controller Driver version: 0.4
[    0.528613] ACPI: AC Adapter [AC] (on-line)
[    0.528658] input: Power Button as /devices/LNXSYSTM:00/LNXPWRBN:00/input/input0
[    0.528687] ACPI: Power Button [PWRF]
[    0.528760] input: Sleep Button as /devices/LNXSYSTM:00/LNXSLPBN:00/input/input1
[    0.528775] ACPI: Sleep Button [SLPF]
[    0.529004] Serial: 8250/16550 driver, 32 ports, IRQ sharing enabled
[    0.530162] Linux agpgart interface v0.103
[    0.619070] loop: module loaded
[    0.619195] ata_piix 0000:00:01.1: version 2.13
[    0.619574] scsi host0: ata_piix
[    0.619659] scsi host1: ata_piix
[    0.619685] ata1: PATA max UDMA/33 cmd 0x1f0 ctl 0x3f6 bmdma 0xd000 irq 14
[    0.619686] ata2: PATA max UDMA/33 cmd 0x170 ctl 0x376 bmdma 0xd008 irq 15
[    0.619759] tun: Universal TUN/TAP device driver, 1.6
[    0.620050] PPP generic driver version 2.4.2
[    0.620090] VFIO - User Level meta-driver version: 0.3
[    0.620323] ehci_hcd: USB 2.0 'Enhanced' Host Controller (EHCI) Driver
[    0.620327] ehci-pci: EHCI PCI platform driver
[    0.620339] ehci-platform: EHCI generic platform driver
[    0.620344] ohci_hcd: USB 1.1 'Open' Host Controller (OHCI) Driver
[    0.620346] ohci-pci: OHCI PCI platform driver
[    0.620353] ohci-platform: OHCI generic platform driver
[    0.620357] uhci_hcd: USB Universal Host Controller Interface driver
[    0.620417] i8042: PNP: PS/2 Controller [PNP0303:PS2K,PNP0f03:PS2M] at 0x60,0x64 irq 1,12
[    0.620849] serio: i8042 KBD port at 0x60,0x64 irq 1
[    0.620852] serio: i8042 AUX port at 0x60,0x64 irq 12
[    0.620935] mousedev: PS/2 mouse device common for all mice
[    0.621175] input: AT Translated Set 2 keyboard as /devices/platform/i8042/serio0/input/input2
[    0.621579] rtc_cmos rtc_cmos: registered as rtc0
[    0.621592] rtc_cmos rtc_cmos: alarms up to one day, 114 bytes nvram
[    0.621597] i2c /dev entries driver
[    0.621635] device-mapper: uevent: version 1.0.3
[    0.621676] device-mapper: ioctl: 4.41.0-ioctl (2019-09-16) initialised: dm-devel@redhat.com
[    0.621691] platform eisa.0: Probing EISA bus 0
[    0.621692] platform eisa.0: EISA: Cannot allocate resource for mainboard
[    0.621693] platform eisa.0: Cannot allocate resource for EISA slot 1
[    0.621694] platform eisa.0: Cannot allocate resource for EISA slot 2
[    0.621695] platform eisa.0: Cannot allocate resource for EISA slot 3
[    0.621696] platform eisa.0: Cannot allocate resource for EISA slot 4
[    0.621697] platform eisa.0: Cannot allocate resource for EISA slot 5
[    0.621698] platform eisa.0: Cannot allocate resource for EISA slot 6
[    0.621699] platform eisa.0: Cannot allocate resource for EISA slot 7
[    0.621700] platform eisa.0: Cannot allocate resource for EISA slot 8
[    0.621701] platform eisa.0: EISA: Detected 0 cards
[    0.621703] intel_pstate: CPU model not supported
[    0.621711] ledtrig-cpu: registered to indicate activity on CPUs
[    0.621761] drop_monitor: Initializing network drop monitor service
[    0.621918] NET: Registered protocol family 10
[    0.626965] Segment Routing with IPv6
[    0.626994] fullmesh registered
[    0.626995] ndiffports registered
[    0.626997] binder registered
[    0.626997] roundrobin registered
[    0.626998] redundant registered
[    0.626999] blest registered
[    0.626999] ecf registered
[    0.627001] NET: Registered protocol family 17
[    0.627030] Key type dns_resolver registered
[    0.627126] RAS: Correctable Errors collector initialized.
[    0.627138] IPI shorthand broadcast: enabled
[    0.627152] sched_clock: Marking stable (612162656, 11038600)->(623614318, -413062)
[    0.627195] registered taskstats version 1
[    0.627203] Loading compiled-in X.509 certificates
[    0.627787] Loaded X.509 cert 'Build time autogenerated kernel key: 6909f3744cebb3d0de528d5887b96a727de79b1e'
[    0.627803] zswap: loaded using pool lzo/zbud
[    0.627853] Key type ._fscrypt registered
[    0.627854] Key type .fscrypt registered
[    0.632218] Key type big_key registered
[    0.634412] Key type encrypted registered
[    0.634414] AppArmor: AppArmor sha1 policy hashing enabled
[    0.634421] ima: No TPM chip found, activating TPM-bypass!
[    0.634425] ima: Allocated hash algorithm: sha1
[    0.634430] ima: No architecture policies found
[    0.634439] evm: Initialising EVM extended attributes:
[    0.634440] evm: security.selinux
[    0.634440] evm: security.SMACK64
[    0.634440] evm: security.SMACK64EXEC
[    0.634441] evm: security.SMACK64TRANSMUTE
[    0.634441] evm: security.SMACK64MMAP
[    0.634442] evm: security.apparmor
[    0.634442] evm: security.ima
[    0.634443] evm: security.capability
[    0.634443] evm: HMAC attrs: 0x1
[    0.634729] PM:   Magic number: 10:857:902
[    0.634751] acpi PNP0501:02: hash matches
[    0.634834] rtc_cmos rtc_cmos: setting system clock to 2026-01-19T20:52:12 UTC (1768855932)
[    0.791952] ata1.00: ATA-6: VBOX HARDDISK, 1.0, max UDMA/133
[    0.791955] ata1.00: 209715200 sectors, multi 128: LBA 
[    0.792579] scsi 0:0:0:0: Direct-Access     ATA      VBOX HARDDISK    1.0  PQ: 0 ANSI: 5
[    0.792848] sd 0:0:0:0: [sda] 209715200 512-byte logical blocks: (107 GB/100 GiB)
[    0.792860] sd 0:0:0:0: [sda] Write Protect is off
[    0.792863] sd 0:0:0:0: [sda] Mode Sense: 00 3a 00 00
[    0.792882] sd 0:0:0:0: [sda] Write cache: enabled, read cache: enabled, doesn't support DPO or FUA
[    0.793099] sd 0:0:0:0: Attached scsi generic sg0 type 0
[    0.794477]  sda: sda1 sda2
[    0.803366] sd 0:0:0:0: [sda] Attached SCSI disk
[    0.808600] Freeing unused decrypted memory: 2040K
[    0.809965] Freeing unused kernel image memory: 2728K
[    0.809969] Write protecting the kernel read-only data: 22528k
[    0.811449] Freeing unused kernel image memory: 2036K
[    0.812234] Freeing unused kernel image memory: 1432K
[    0.848068] x86/mm: Checked W+X mappings: passed, no W+X pages found.
[    0.848072] Run /init as init process
[    0.955405] ACPI: Video Device [GFX0] (multi-head: yes  rom: no  post: no)
[    0.955474] input: Video Bus as /devices/LNXSYSTM:00/LNXSYBUS:00/PNP0A03:00/LNXVIDEO:00/input/input4
[    0.970504] pcnet32: pcnet32.c:v1.35 21.Apr.2008 tsbogend@alpha.franken.de
[    0.971442] pcnet32: PCnet/FAST III 79C973 at 0xd020, 08:00:27:e7:ac:52 assigned IRQ 19
[    0.971484] pcnet32: Found PHY 0022:561b at address 0
[    0.971781] pcnet32: eth0: registered as PCnet/FAST III 79C973
[    0.972367] pcnet32: PCnet/FAST III 79C973 at 0xd060, 08:00:27:82:c4:1e assigned IRQ 16
[    0.972408] pcnet32: Found PHY 0022:561b at address 0
[    0.972677] pcnet32: eth1: registered as PCnet/FAST III 79C973
[    0.975012] e1000: Intel(R) PRO/1000 Network Driver - version 7.3.21-k8-NAPI
[    0.975013] e1000: Copyright (c) 1999-2006 Intel Corporation.
[    0.977178] piix4_smbus 0000:00:07.0: SMBus Host Controller at 0x4100, revision 0
[    0.983096] pcnet32: 2 cards_found
[    1.055643] pcnet32 0000:00:03.0 enp0s3: renamed from eth0
[    1.056758] pcnet32 0000:00:08.0 enp0s8: renamed from eth1
[    1.196037] input: ImExPS/2 Generic Explorer Mouse as /devices/platform/i8042/serio1/input/input5
[    1.387322] e1000 0000:00:09.0 eth0: (PCI:33MHz:32-bit) 08:00:27:96:7f:27
[    1.387327] e1000 0000:00:09.0 eth0: Intel(R) PRO/1000 Network Connection
[    1.388501] e1000 0000:00:09.0 enp0s9: renamed from eth0
[    1.548754] EXT4-fs (sda2): mounted filesystem with ordered data mode. Opts: (null)
[    1.649706] systemd[1]: Inserted module 'autofs4'
[    1.662972] systemd[1]: systemd 245.4-4ubuntu3 running in system mode. (+PAM +AUDIT +SELINUX +IMA +APPARMOR +SMACK +SYSVINIT +UTMP +LIBCRYPTSETUP +GCRYPT +GNUTLS +ACL +XZ +LZ4 +SECCOMP +BLKID +ELFUTILS +KMOD +IDN2 -IDN +PCRE2 default-hierarchy=hybrid)
[    1.663004] systemd[1]: Detected virtualization oracle.
[    1.663006] systemd[1]: Detected architecture x86-64.
[    1.664376] systemd[1]: Set hostname to <ztg>.
[    1.793548] systemd[1]: /lib/systemd/system/dbus.socket:5: ListenStream= references a path below legacy directory /var/run/, updating /var/run/dbus/system_bus_socket â†’ /run/dbus/system_bus_socket; please update the unit file accordingly.
[    1.847505] systemd[1]: Created slice system-modprobe.slice.
[    1.847692] systemd[1]: Created slice User and Session Slice.
[    1.847734] systemd[1]: Started Forward Password Requests to Wall Directory Watch.
[    1.847884] systemd[1]: Set up automount Arbitrary Executable File Formats File System Automount Point.
[    1.847915] systemd[1]: Reached target User and Group Name Lookups.
[    1.847924] systemd[1]: Reached target Remote File Systems.
[    1.847931] systemd[1]: Reached target Slices.
[    1.848513] systemd[1]: Listening on Syslog Socket.
[    1.848582] systemd[1]: Listening on fsck to fsckd communication Socket.
[    1.848618] systemd[1]: Listening on initctl Compatibility Named Pipe.
[    1.848745] systemd[1]: Listening on Journal Audit Socket.
[    1.848800] systemd[1]: Listening on Journal Socket (/dev/log).
[    1.848867] systemd[1]: Listening on Journal Socket.
[    1.848928] systemd[1]: Listening on udev Control Socket.
[    1.848968] systemd[1]: Listening on udev Kernel Socket.
[    1.849690] systemd[1]: Mounting Huge Pages File System...
[    1.850574] systemd[1]: Mounting POSIX Message Queue File System...
[    1.851469] systemd[1]: Mounting Kernel Debug File System...
[    1.852280] systemd[1]: Mounting Kernel Trace File System...
[    1.854235] systemd[1]: Starting Journal Service...
[    1.876673] systemd[1]: Starting Set the console keyboard layout...
[    1.884547] systemd[1]: Starting Create list of static device nodes for the current kernel...
[    1.886365] systemd[1]: Starting Load Kernel Module drm...
[    1.887396] systemd[1]: Condition check resulted in Set Up Additional Binary Formats being skipped.
[    1.887440] systemd[1]: Condition check resulted in File System Check on Root Device being skipped.
[    1.899618] systemd[1]: Starting Load Kernel Modules...
[    1.900906] systemd[1]: Starting Remount Root and Kernel File Systems...
[    1.912441] systemd[1]: Starting udev Coldplug all Devices...
[    1.927694] systemd[1]: Starting Uncomplicated firewall...
[    1.929268] systemd[1]: Mounted Huge Pages File System.
[    1.929365] systemd[1]: Mounted POSIX Message Queue File System.
[    1.929438] systemd[1]: Mounted Kernel Debug File System.
[    1.929521] systemd[1]: Mounted Kernel Trace File System.
[    1.930877] EXT4-fs (sda2): re-mounted. Opts: errors=remount-ro
[    1.967939] systemd[1]: Finished Create list of static device nodes for the current kernel.
[    1.968788] systemd[1]: modprobe@drm.service: Succeeded.
[    1.969168] systemd[1]: Finished Load Kernel Module drm.
[    1.975717] systemd[1]: Finished Remount Root and Kernel File Systems.
[    1.976549] systemd[1]: Finished Uncomplicated firewall.
[    1.993171] lp: driver loaded but no devices found
[    1.996180] systemd[1]: Condition check resulted in Rebuild Hardware Database being skipped.
[    1.996217] systemd[1]: Condition check resulted in Platform Persistent Storage Archival being skipped.
[    1.996862] systemd[1]: Starting Load/Save Random Seed...
[    2.002623] systemd[1]: Starting Create System Users...
[    2.008296] ppdev: user-space parallel port driver
[    2.018467] systemd[1]: Finished Load/Save Random Seed.
[    2.021850] systemd[1]: Finished Create System Users.
[    2.022831] systemd[1]: Starting Create Static Device Nodes in /dev...
[    2.074262] systemd[1]: Finished udev Coldplug all Devices.
[    2.075552] systemd[1]: Finished Create Static Device Nodes in /dev.
[    2.076304] systemd[1]: Starting udev Kernel Device Manager...
[    2.095945] [drm] DMA map mode: Caching DMA mappings.
[    2.096009] [drm] Capabilities:
[    2.096010] [drm]   Rect copy.
[    2.096010] [drm]   Cursor.
[    2.096010] [drm]   Cursor bypass.
[    2.096011] [drm]   Cursor bypass 2.
[    2.096011] [drm]   Alpha cursor.
[    2.096012] [drm]   Extended Fifo.
[    2.096012] [drm]   Pitchlock.
[    2.096012] [drm]   Irq mask.
[    2.096013] [drm]   GMR.
[    2.096013] [drm]   Traces.
[    2.096013] [drm]   GMR2.
[    2.096014] [drm]   Screen Object 2.
[    2.096014] [drm]   Command Buffers.
[    2.096014] [drm]   Command Buffers 2.
[    2.096015] [drm]   Guest Backed Resources.
[    2.096015] [drm] Max GMR ids is 8192
[    2.096016] [drm] Max number of GMR pages is 1048576
[    2.096017] [drm] Max dedicated hypervisor surface memory is 393216 kiB
[    2.096017] [drm] Maximum display memory size is 131072 kiB
[    2.096018] [drm] VRAM at 0xe0000000 size is 131072 kiB
[    2.096018] [drm] MMIO at 0xf0000000 size is 2048 kiB
[    2.114233] [TTM] Zone  kernel: Available graphics memory: 1011738 KiB
[    2.114234] [TTM] Initializing pool allocator
[    2.114237] [TTM] Initializing DMA pool allocator
[    2.114270] [drm] Supports vblank timestamp caching Rev 2 (21.10.2013).
[    2.114270] [drm] No driver support for vblank timestamp query.
[    2.114495] [drm] Screen Target Display device initialized
[    2.114851] [drm] width 720
[    2.114867] [drm] height 400
[    2.114870] [drm] bpp 32
[    2.115432] [drm] Fifo max 0x00200000 min 0x00001000 cap 0x00000355
[    2.117223] [drm] Using command buffers with DMA pool.
[    2.117230] [drm] DX: no.
[    2.117231] [drm] Atomic: yes.
[    2.117231] [drm] SM4_1: no.
[    2.117251] [drm:vmw_host_log [vmwgfx]] *ERROR* Failed to send host log message.
[    2.118196] [drm:vmw_host_log [vmwgfx]] *ERROR* Failed to send host log message.
[    2.138045] fbcon: svgadrmfb (fb0) is primary device
[    2.145203] Console: switching to colour frame buffer device 100x37
[    2.167706] systemd[1]: Finished Set the console keyboard layout.
[    2.167828] systemd[1]: Reached target Local File Systems (Pre).
[    2.168172] [drm] Initialized vmwgfx 2.15.0 20180704 for 0000:00:02.0 on minor 0
[    2.170240] systemd[1]: Mounting Mount unit for bare, revision 5...
[    2.172383] systemd[1]: Mounting Mount unit for core18, revision 1705...
[    2.181390] systemd[1]: Mounting Mount unit for gnome-3-34-1804, revision 24...
[    2.184024] systemd[1]: Mounting Mount unit for gtk-common-themes, revision 1506...
[    2.197583] systemd[1]: Mounting Mount unit for gtk-common-themes, revision 1535...
[    2.201796] systemd[1]: Mounting Mount unit for snap-store, revision 433...
[    2.225432] systemd[1]: Mounting Mount unit for snapd, revision 25935...
[    2.235621] systemd[1]: Finished Load Kernel Modules.
[    2.238007] systemd[1]: Mounting FUSE Control File System...
[    2.247966] systemd[1]: Mounting Kernel Configuration File System...
[    2.250562] systemd[1]: Starting Apply Kernel Variables...
[    2.252538] systemd[1]: Mounted Mount unit for bare, revision 5.
[    2.252640] systemd[1]: Mounted FUSE Control File System.
[    2.252696] systemd[1]: Condition check resulted in VMware vmblock fuse mount being skipped.
[    2.284955] systemd[1]: Started udev Kernel Device Manager.
[    2.285063] systemd[1]: Mounted Mount unit for gnome-3-34-1804, revision 24.
[    2.285145] systemd[1]: Mounted Kernel Configuration File System.
[    2.288951] systemd[1]: Starting Show Plymouth Boot Screen...
[    2.300200] systemd[1]: Received SIGRTMIN+20 from PID 279 (plymouthd).
[    2.307841] systemd[1]: Finished Apply Kernel Variables.
[    2.322729] systemd[1]: Mounted Mount unit for core18, revision 1705.
[    2.322872] systemd[1]: Started Show Plymouth Boot Screen.
[    2.322972] systemd[1]: Condition check resulted in Dispatch Password Requests to Console Directory Watch being skipped.
[    2.323065] systemd[1]: Started Forward Password Requests to Plymouth Directory Watch.
[    2.323093] systemd[1]: Reached target Local Encrypted Volumes.
[    2.341590] systemd[1]: Mounted Mount unit for gtk-common-themes, revision 1506.
[    2.358442] systemd[1]: Mounted Mount unit for gtk-common-themes, revision 1535.
[    2.358661] systemd[1]: Mounted Mount unit for snap-store, revision 433.
[    2.358842] systemd[1]: Mounted Mount unit for snapd, revision 25935.
[    2.358989] systemd[1]: Reached target Local File Systems.
[    2.359760] systemd[1]: Starting Load AppArmor profiles...
[    2.362791] systemd[1]: Starting Set console font and keymap...
[    2.382461] systemd[1]: Starting Tell Plymouth To Write Out Runtime Data...
[    2.388381] systemd[1]: Condition check resulted in Store a System Token in an EFI Variable being skipped.
[    2.388442] systemd[1]: Condition check resulted in Commit a transient machine-id on disk being skipped.
[    2.390887] systemd[1]: Finished Set console font and keymap.
[    2.400883] systemd[1]: Received SIGRTMIN+20 from PID 279 (plymouthd).
[    2.403619] systemd[1]: plymouth-read-write.service: Succeeded.
[    2.403849] systemd[1]: Finished Tell Plymouth To Write Out Runtime Data.
[    2.422166] audit: type=1400 audit(1768855934.284:2): apparmor="STATUS" operation="profile_load" profile="unconfined" name="nvidia_modprobe" pid=299 comm="apparmor_parser"
[    2.422168] audit: type=1400 audit(1768855934.284:3): apparmor="STATUS" operation="profile_load" profile="unconfined" name="nvidia_modprobe//kmod" pid=299 comm="apparmor_parser"
[    2.435815] audit: type=1400 audit(1768855934.300:4): apparmor="STATUS" operation="profile_load" profile="unconfined" name="/usr/sbin/tcpdump" pid=300 comm="apparmor_parser"
[    2.480423] audit: type=1400 audit(1768855934.336:5): apparmor="STATUS" operation="profile_load" profile="unconfined" name="/usr/bin/evince" pid=302 comm="apparmor_parser"
[    2.480426] audit: type=1400 audit(1768855934.336:6): apparmor="STATUS" operation="profile_load" profile="unconfined" name="/usr/bin/evince//sanitized_helper" pid=302 comm="apparmor_parser"
[    2.480428] audit: type=1400 audit(1768855934.336:7): apparmor="STATUS" operation="profile_load" profile="unconfined" name="/usr/bin/evince-previewer" pid=302 comm="apparmor_parser"
[    2.480430] audit: type=1400 audit(1768855934.336:8): apparmor="STATUS" operation="profile_load" profile="unconfined" name="/usr/bin/evince-previewer//sanitized_helper" pid=302 comm="apparmor_parser"
[    2.480431] audit: type=1400 audit(1768855934.336:9): apparmor="STATUS" operation="profile_load" profile="unconfined" name="/usr/bin/evince-thumbnailer" pid=302 comm="apparmor_parser"
[    2.513271] audit: type=1400 audit(1768855934.372:10): apparmor="STATUS" operation="profile_load" profile="unconfined" name="/usr/lib/cups/backend/cups-pdf" pid=303 comm="apparmor_parser"
[    2.573868] systemd[1]: Finished Load AppArmor profiles.
[    2.574835] systemd[1]: Starting Load AppArmor profiles managed internally by snapd...
[    2.688739] systemd[1]: Finished Load AppArmor profiles managed internally by snapd.
[    2.866718] systemd[1]: Started Journal Service.
[    2.874566] systemd-journald[229]: Received client request to flush runtime journal.
[    2.878017] systemd-journald[229]: File /var/log/journal/c455b248004a419c87ce85eea238d727/system.journal corrupted or uncleanly shut down, renaming and replacing.
[    4.155296] RAPL PMU: API unit is 2^-32 Joules, 0 fixed counters, 10737418240 ms ovfl timer
[    4.243445] cryptd: max_cpu_qlen set to 1000
[    4.317180] AVX2 version of gcm_enc/dec engaged.
[    4.317182] AES CTR mode by8 optimization enabled
[    6.079755] Adding 1998844k swap on /dev/sda1.  Priority:-2 extents:1 across:1998844k FS
[    7.712992] kauditd_printk_skb: 30 callbacks suppressed
[    7.712994] audit: type=1400 audit(1768855939.572:41): apparmor="DENIED" operation="capable" profile="/usr/sbin/cups-browsed" pid=512 comm="cups-browsed" capability=23  capname="sys_nice"
[    8.576955] pcnet32 0000:00:03.0 enp0s3: link up, 100Mbps, full-duplex
[    8.596641] pcnet32 0000:00:08.0 enp0s8: link up, 100Mbps, full-duplex
[    8.636579] e1000: enp0s9 NIC Link is Up 1000 Mbps Full Duplex, Flow Control: RX
[    8.636877] IPv6: ADDRCONF(NETDEV_CHANGE): enp0s9: link becomes ready
[    9.197212] device enp0s8 entered promiscuous mode
[    9.205632] device enp0s3 entered promiscuous mode
[    9.238022] audit: type=1400 audit(1768855941.100:42): apparmor="DENIED" operation="open" profile="/usr/sbin/tcpdump" name="/proc/sys/kernel/random/boot_id" pid=656 comm="tcpdump" requested_mask="r" denied_mask="r" fsuid=0 ouid=0
[    9.243849] audit: type=1400 audit(1768855941.108:43): apparmor="DENIED" operation="open" profile="/usr/sbin/tcpdump" name="/proc/sys/kernel/random/boot_id" pid=656 comm="tcpdump" requested_mask="r" denied_mask="r" fsuid=0 ouid=0
[    9.243899] audit: type=1400 audit(1768855941.108:44): apparmor="DENIED" operation="open" profile="/usr/sbin/tcpdump" name="/proc/sys/kernel/random/boot_id" pid=656 comm="tcpdump" requested_mask="r" denied_mask="r" fsuid=0 ouid=0
[    9.243919] audit: type=1400 audit(1768855941.108:45): apparmor="DENIED" operation="open" profile="/usr/sbin/tcpdump" name="/proc/sys/kernel/random/boot_id" pid=656 comm="tcpdump" requested_mask="r" denied_mask="r" fsuid=0 ouid=0
[    9.249846] audit: type=1400 audit(1768855941.112:46): apparmor="DENIED" operation="open" profile="/usr/sbin/tcpdump" name="/proc/sys/kernel/random/boot_id" pid=658 comm="tcpdump" requested_mask="r" denied_mask="r" fsuid=0 ouid=0
[    9.250163] audit: type=1400 audit(1768855941.112:47): apparmor="DENIED" operation="open" profile="/usr/sbin/tcpdump" name="/proc/sys/kernel/random/boot_id" pid=658 comm="tcpdump" requested_mask="r" denied_mask="r" fsuid=0 ouid=0
[    9.251035] audit: type=1400 audit(1768855941.112:48): apparmor="DENIED" operation="open" profile="/usr/sbin/tcpdump" name="/proc/sys/kernel/random/boot_id" pid=658 comm="tcpdump" requested_mask="r" denied_mask="r" fsuid=0 ouid=0
[    9.251296] audit: type=1400 audit(1768855941.112:49): apparmor="DENIED" operation="open" profile="/usr/sbin/tcpdump" name="/proc/sys/kernel/random/boot_id" pid=658 comm="tcpdump" requested_mask="r" denied_mask="r" fsuid=0 ouid=0
[    9.251756] audit: type=1400 audit(1768855941.116:50): apparmor="DENIED" operation="open" profile="/usr/sbin/tcpdump" name="/proc/sys/kernel/random/boot_id" pid=657 comm="tcpdump" requested_mask="r" denied_mask="r" fsuid=0 ouid=0
[   15.325034] rfkill: input handler disabled
[  215.923507] AAAAA-TCP_RECV: name:enp0s3: saddr:100932208: daddr:16783984: srtt_us:0: RTT:0: ssthresh:2147483647: cwnd:10: delivered:0: lost:0: retrans:0
[  215.923537] AAAAA-TCP_SEND: name:enp0s3: saddr:16783984: daddr:100932208: srtt_us:0: RTT:0: ssthresh:0: cwnd:0: delivered:0: lost:0: retrans:0
[  216.226993] AAAAA-TCP_SEND: name:enp0s3: saddr:16783984: daddr:100932208: srtt_us:2427512: RTT:303439: ssthresh:2147483647: cwnd:10: delivered:1: lost:0: retrans:0
[  216.277318] AAAAA-TCP_RECV: name:enp0s3: saddr:100932208: daddr:16783984: srtt_us:2427512: RTT:303439: ssthresh:2147483647: cwnd:10: delivered:1: lost:0: retrans:0
[  216.277350] AAAAA-TCP_SEND: name:enp0s3: saddr:16783984: daddr:100932208: srtt_us:2427512: RTT:303439: ssthresh:2147483647: cwnd:10: delivered:1: lost:0: retrans:0
[  216.277569] AAAAA-TCP_SEND: name:enp0s3: saddr:16783984: daddr:100932208: srtt_us:2427512: RTT:303439: ssthresh:2147483647: cwnd:10: delivered:1: lost:0: retrans:0
[  216.686136] AAAAA-TCP_RECV: name:enp0s3: saddr:100932208: daddr:33561200: srtt_us:0: RTT:0: ssthresh:2147483647: cwnd:10: delivered:0: lost:0: retrans:0
[  216.686184] AAAAA-TCP_SEND: name:enp0s3: saddr:33561200: daddr:100932208: srtt_us:0: RTT:0: ssthresh:0: cwnd:0: delivered:0: lost:0: retrans:0
[  216.775878] AAAAA-TCP_RECV: name:enp0s3: saddr:100932208: daddr:16783984: srtt_us:2427512: RTT:303439: ssthresh:2147483647: cwnd:10: delivered:1: lost:0: retrans:0
[  216.893996] AAAAA-TCP_RECV: name:enp0s3: saddr:100932208: daddr:16783984: srtt_us:2622411: RTT:327801: ssthresh:2147483647: cwnd:10: delivered:2: lost:0: retrans:0
[  216.894032] AAAAA-TCP_SEND: name:enp0s3: saddr:16783984: daddr:100932208: srtt_us:2622411: RTT:327801: ssthresh:2147483647: cwnd:10: delivered:2: lost:0: retrans:0
[  217.212842] AAAAA-TCP_SEND: name:enp0s3: saddr:33561200: daddr:100932208: srtt_us:4213104: RTT:526638: ssthresh:2147483647: cwnd:10: delivered:1: lost:0: retrans:0
[  217.652914] AAAAA-TCP_RECV: name:enp0s3: saddr:100932208: daddr:16783984: srtt_us:2622411: RTT:327801: ssthresh:2147483647: cwnd:10: delivered:2: lost:0: retrans:0
[  217.652955] AAAAA-TCP_SEND: name:enp0s3: saddr:16783984: daddr:100932208: srtt_us:2622411: RTT:327801: ssthresh:2147483647: cwnd:10: delivered:2: lost:0: retrans:0
[  217.653086] AAAAA-TCP_SEND: name:enp0s3: saddr:16783984: daddr:100932208: srtt_us:2622411: RTT:327801: ssthresh:2147483647: cwnd:10: delivered:2: lost:0: retrans:0
[  218.227868] AAAAA-TCP_RECV: name:enp0s3: saddr:100932208: daddr:16783984: srtt_us:2622411: RTT:327801: ssthresh:2147483647: cwnd:10: delivered:2: lost:0: retrans:0
[  218.245345] AAAAA-TCP_RECV: name:enp0s3: saddr:100932208: daddr:16783984: srtt_us:0: RTT:0: ssthresh:2147483647: cwnd:10: delivered:0: lost:0: retrans:0
[  218.245377] AAAAA-TCP_SEND: name:enp0s3: saddr:16783984: daddr:100932208: srtt_us:0: RTT:0: ssthresh:0: cwnd:0: delivered:0: lost:0: retrans:0
[  218.893743] AAAAA-TCP_SEND: name:enp0s3: saddr:16783984: daddr:100932208: srtt_us:5186784: RTT:648348: ssthresh:2147483647: cwnd:10: delivered:1: lost:0: retrans:0
[  219.147620] AAAAA-TCP_RECV: name:enp0s8: saddr:100932208: daddr:16783984: srtt_us:5186784: RTT:648348: ssthresh:2147483647: cwnd:10: delivered:1: lost:0: retrans:0
[  219.147660] AAAAA-TCP_SEND: name:enp0s3: saddr:16783984: daddr:100932208: srtt_us:5186784: RTT:648348: ssthresh:2147483647: cwnd:10: delivered:1: lost:0: retrans:0
[  219.148873] AAAAA-TCP_SEND: name:enp0s3: saddr:16783984: daddr:100932208: srtt_us:2869459: RTT:358682: ssthresh:2147483647: cwnd:10: delivered:3: lost:0: retrans:0
[  219.860798] AAAAA-TCP_RECV: name:enp0s8: saddr:100932208: daddr:33561200: srtt_us:0: RTT:0: ssthresh:2147483647: cwnd:10: delivered:0: lost:0: retrans:0
[  219.860860] AAAAA-TCP_SEND: name:enp0s3: saddr:33561200: daddr:100932208: srtt_us:0: RTT:0: ssthresh:0: cwnd:0: delivered:0: lost:0: retrans:0
[  220.079077] AAAAA-TCP_SEND: name:enp0s3: saddr:16783984: daddr:100932208: srtt_us:2869459: RTT:358682: ssthresh:2147483647: cwnd:10: delivered:3: lost:0: retrans:1
[  220.172082] AAAAA-TCP_RECV: name:enp0s8: saddr:100932208: daddr:16783984: srtt_us:2869459: RTT:358682: ssthresh:2147483647: cwnd:10: delivered:3: lost:0: retrans:1
[  220.172120] AAAAA-TCP_SEND: name:enp0s3: saddr:16783984: daddr:100932208: srtt_us:2869459: RTT:358682: ssthresh:2147483647: cwnd:10: delivered:3: lost:0: retrans:1
[  220.879087] AAAAA-TCP_SEND: name:enp0s3: saddr:33561200: daddr:100932208: srtt_us:0: RTT:0: ssthresh:0: cwnd:0: delivered:0: lost:0: retrans:0
[  221.012719] AAAAA-TCP_SEND: name:enp0s3: saddr:33561200: daddr:100932208: srtt_us:9216000: RTT:1152000: ssthresh:2147483647: cwnd:10: delivered:1: lost:0: retrans:0
[  221.262153] AAAAA-TCP_RECV: name:enp0s3: saddr:100932208: daddr:16783984: srtt_us:3534777: RTT:441847: ssthresh:2147483647: cwnd:10: delivered:4: lost:0: retrans:1
[  221.263090] AAAAA-TCP_SEND: name:enp0s3: saddr:16783984: daddr:100932208: srtt_us:3534777: RTT:441847: ssthresh:2147483647: cwnd:10: delivered:5: lost:0: retrans:2
[  221.376387] AAAAA-TCP_RECV: name:enp0s3: saddr:100932208: daddr:16783984: srtt_us:3534777: RTT:441847: ssthresh:2147483647: cwnd:10: delivered:5: lost:0: retrans:2
[  221.491624] AAAAA-TCP_RECV: name:enp0s3: saddr:100932208: daddr:16783984: srtt_us:5186784: RTT:648348: ssthresh:2147483647: cwnd:10: delivered:1: lost:0: retrans:0
[  221.491660] AAAAA-TCP_SEND: name:enp0s3: saddr:16783984: daddr:100932208: srtt_us:5186784: RTT:648348: ssthresh:2147483647: cwnd:10: delivered:1: lost:0: retrans:0
[  221.698734] AAAAA-TCP_RECV: name:enp0s3: saddr:100932208: daddr:16783984: srtt_us:5186784: RTT:648348: ssthresh:2147483647: cwnd:10: delivered:1: lost:0: retrans:0
[  221.698770] AAAAA-TCP_SEND: name:enp0s3: saddr:16783984: daddr:100932208: srtt_us:5186784: RTT:648348: ssthresh:2147483647: cwnd:10: delivered:1: lost:0: retrans:0
[  221.782035] AAAAA-TCP_RECV: name:enp0s3: saddr:100932208: daddr:16783984: srtt_us:5186784: RTT:648348: ssthresh:2147483647: cwnd:10: delivered:1: lost:0: retrans:0
[  221.782071] AAAAA-TCP_SEND: name:enp0s3: saddr:16783984: daddr:100932208: srtt_us:5186784: RTT:648348: ssthresh:2147483647: cwnd:10: delivered:1: lost:0: retrans:0
[  221.878721] AAAAA-TCP_RECV: name:enp0s3: saddr:100932208: daddr:16783984: srtt_us:5186784: RTT:648348: ssthresh:2147483647: cwnd:10: delivered:1: lost:0: retrans:0
[  221.878752] AAAAA-TCP_SEND: name:enp0s3: saddr:16783984: daddr:100932208: srtt_us:5186784: RTT:648348: ssthresh:2147483647: cwnd:10: delivered:1: lost:0: retrans:0
[  222.017032] AAAAA-TCP_RECV: name:enp0s3: saddr:100932208: daddr:16783984: srtt_us:5186784: RTT:648348: ssthresh:2147483647: cwnd:10: delivered:1: lost:0: retrans:0
[  222.017077] AAAAA-TCP_SEND: name:enp0s3: saddr:16783984: daddr:100932208: srtt_us:5186784: RTT:648348: ssthresh:2147483647: cwnd:10: delivered:1: lost:0: retrans:0
[  222.157620] AAAAA-TCP_RECV: name:enp0s3: saddr:100932208: daddr:16783984: srtt_us:5186784: RTT:648348: ssthresh:2147483647: cwnd:10: delivered:1: lost:0: retrans:0
[  222.157660] AAAAA-TCP_SEND: name:enp0s3: saddr:16783984: daddr:100932208: srtt_us:5186784: RTT:648348: ssthresh:2147483647: cwnd:10: delivered:1: lost:0: retrans:0
[  222.515120] AAAAA-TCP_RECV: name:enp0s3: saddr:100932208: daddr:16783984: srtt_us:5186784: RTT:648348: ssthresh:2147483647: cwnd:10: delivered:1: lost:0: retrans:0
[  222.515160] AAAAA-TCP_SEND: name:enp0s3: saddr:16783984: daddr:100932208: srtt_us:5186784: RTT:648348: ssthresh:2147483647: cwnd:10: delivered:1: lost:0: retrans:0
[  222.656157] AAAAA-TCP_RECV: name:enp0s3: saddr:100932208: daddr:16783984: srtt_us:5186784: RTT:648348: ssthresh:2147483647: cwnd:10: delivered:1: lost:0: retrans:0
[  222.656194] AAAAA-TCP_SEND: name:enp0s3: saddr:16783984: daddr:100932208: srtt_us:5186784: RTT:648348: ssthresh:2147483647: cwnd:10: delivered:1: lost:0: retrans:0
[  222.765135] AAAAA-TCP_RECV: name:enp0s3: saddr:100932208: daddr:16783984: srtt_us:5186784: RTT:648348: ssthresh:2147483647: cwnd:10: delivered:1: lost:0: retrans:0
[  222.765171] AAAAA-TCP_SEND: name:enp0s3: saddr:16783984: daddr:100932208: srtt_us:5186784: RTT:648348: ssthresh:2147483647: cwnd:10: delivered:1: lost:0: retrans:0
[  222.911792] AAAAA-TCP_RECV: name:enp0s3: saddr:100932208: daddr:16783984: srtt_us:5186784: RTT:648348: ssthresh:2147483647: cwnd:10: delivered:1: lost:0: retrans:0
[  222.911830] AAAAA-TCP_SEND: name:enp0s3: saddr:16783984: daddr:100932208: srtt_us:5186784: RTT:648348: ssthresh:2147483647: cwnd:10: delivered:1: lost:0: retrans:0
[  223.013573] AAAAA-TCP_RECV: name:enp0s3: saddr:100932208: daddr:33561200: srtt_us:9216000: RTT:1152000: ssthresh:2147483647: cwnd:10: delivered:1: lost:0: retrans:0
[  223.013603] AAAAA-TCP_SEND: name:enp0s3: saddr:33561200: daddr:100932208: srtt_us:9216000: RTT:1152000: ssthresh:2147483647: cwnd:10: delivered:1: lost:0: retrans:0
[  223.375479] AAAAA-TCP_RECV: name:enp0s3: saddr:100932208: daddr:33561200: srtt_us:9216000: RTT:1152000: ssthresh:2147483647: cwnd:10: delivered:1: lost:0: retrans:0
[  223.375518] AAAAA-TCP_SEND: name:enp0s3: saddr:33561200: daddr:100932208: srtt_us:9216000: RTT:1152000: ssthresh:2147483647: cwnd:10: delivered:1: lost:0: retrans:0
[  223.463444] AAAAA-TCP_RECV: name:enp0s3: saddr:100932208: daddr:33561200: srtt_us:9216000: RTT:1152000: ssthresh:2147483647: cwnd:10: delivered:1: lost:0: retrans:0
[  223.463485] AAAAA-TCP_SEND: name:enp0s3: saddr:33561200: daddr:100932208: srtt_us:9216000: RTT:1152000: ssthresh:2147483647: cwnd:10: delivered:1: lost:0: retrans:0
[  223.698571] AAAAA-TCP_RECV: name:enp0s3: saddr:100932208: daddr:33561200: srtt_us:9216000: RTT:1152000: ssthresh:2147483647: cwnd:10: delivered:1: lost:0: retrans:0
[  223.698613] AAAAA-TCP_SEND: name:enp0s3: saddr:33561200: daddr:100932208: srtt_us:9216000: RTT:1152000: ssthresh:2147483647: cwnd:10: delivered:1: lost:0: retrans:0
[  223.812930] AAAAA-TCP_RECV: name:enp0s3: saddr:100932208: daddr:33561200: srtt_us:9216000: RTT:1152000: ssthresh:2147483647: cwnd:10: delivered:1: lost:0: retrans:0
[  223.813005] AAAAA-TCP_SEND: name:enp0s3: saddr:33561200: daddr:100932208: srtt_us:9216000: RTT:1152000: ssthresh:2147483647: cwnd:10: delivered:1: lost:0: retrans:0
[  223.970380] AAAAA-TCP_RECV: name:enp0s3: saddr:100932208: daddr:33561200: srtt_us:9216000: RTT:1152000: ssthresh:2147483647: cwnd:10: delivered:1: lost:0: retrans:0
[  223.970425] AAAAA-TCP_SEND: name:enp0s3: saddr:33561200: daddr:100932208: srtt_us:9216000: RTT:1152000: ssthresh:2147483647: cwnd:10: delivered:1: lost:0: retrans:0
[  224.034528] AAAAA-TCP_RECV: name:enp0s3: saddr:100932208: daddr:33561200: srtt_us:9216000: RTT:1152000: ssthresh:2147483647: cwnd:10: delivered:1: lost:0: retrans:0
[  224.034569] AAAAA-TCP_SEND: name:enp0s3: saddr:33561200: daddr:100932208: srtt_us:9216000: RTT:1152000: ssthresh:2147483647: cwnd:10: delivered:1: lost:0: retrans:0
[  224.157771] AAAAA-TCP_RECV: name:enp0s3: saddr:100932208: daddr:33561200: srtt_us:9216000: RTT:1152000: ssthresh:2147483647: cwnd:10: delivered:1: lost:0: retrans:0
[  224.157809] AAAAA-TCP_SEND: name:enp0s3: saddr:33561200: daddr:100932208: srtt_us:9216000: RTT:1152000: ssthresh:2147483647: cwnd:10: delivered:1: lost:0: retrans:0
[  224.338018] AAAAA-TCP_RECV: name:enp0s3: saddr:100932208: daddr:33561200: srtt_us:9216000: RTT:1152000: ssthresh:2147483647: cwnd:10: delivered:1: lost:0: retrans:0
[  224.338062] AAAAA-TCP_SEND: name:enp0s3: saddr:33561200: daddr:100932208: srtt_us:9216000: RTT:1152000: ssthresh:2147483647: cwnd:10: delivered:1: lost:0: retrans:0
[  224.588323] AAAAA-TCP_RECV: name:enp0s3: saddr:100932208: daddr:33561200: srtt_us:9216000: RTT:1152000: ssthresh:2147483647: cwnd:10: delivered:1: lost:0: retrans:0
[  224.588366] AAAAA-TCP_SEND: name:enp0s3: saddr:33561200: daddr:100932208: srtt_us:9216000: RTT:1152000: ssthresh:2147483647: cwnd:10: delivered:1: lost:0: retrans:0
[  224.694089] AAAAA-TCP_RECV: name:enp0s3: saddr:100932208: daddr:33561200: srtt_us:9216000: RTT:1152000: ssthresh:2147483647: cwnd:10: delivered:1: lost:0: retrans:0
[  224.694130] AAAAA-TCP_SEND: name:enp0s3: saddr:33561200: daddr:100932208: srtt_us:9216000: RTT:1152000: ssthresh:2147483647: cwnd:10: delivered:1: lost:0: retrans:0
[  224.851391] AAAAA-TCP_RECV: name:enp0s3: saddr:100932208: daddr:16783984: srtt_us:4296930: RTT:537116: ssthresh:2147483647: cwnd:10: delivered:6: lost:0: retrans:2
[  224.936410] AAAAA-TCP_RECV: name:enp0s3: saddr:100932208: daddr:16783984: srtt_us:5186784: RTT:648348: ssthresh:2147483647: cwnd:10: delivered:1: lost:0: retrans:0
[  224.936444] AAAAA-TCP_SEND: name:enp0s3: saddr:16783984: daddr:100932208: srtt_us:5186784: RTT:648348: ssthresh:2147483647: cwnd:10: delivered:1: lost:0: retrans:0
[  225.053627] AAAAA-TCP_RECV: name:enp0s3: saddr:100932208: daddr:16783984: srtt_us:5186784: RTT:648348: ssthresh:2147483647: cwnd:10: delivered:1: lost:0: retrans:0
[  225.053664] AAAAA-TCP_SEND: name:enp0s3: saddr:16783984: daddr:100932208: srtt_us:5186784: RTT:648348: ssthresh:2147483647: cwnd:10: delivered:1: lost:0: retrans:0
[  225.192021] AAAAA-TCP_RECV: name:enp0s3: saddr:100932208: daddr:16783984: srtt_us:5186784: RTT:648348: ssthresh:2147483647: cwnd:10: delivered:1: lost:0: retrans:0
[  225.192053] AAAAA-TCP_SEND: name:enp0s3: saddr:16783984: daddr:100932208: srtt_us:5186784: RTT:648348: ssthresh:2147483647: cwnd:10: delivered:1: lost:0: retrans:0
[  225.317428] AAAAA-TCP_RECV: name:enp0s3: saddr:100932208: daddr:16783984: srtt_us:5186784: RTT:648348: ssthresh:2147483647: cwnd:10: delivered:1: lost:0: retrans:0
[  225.317463] AAAAA-TCP_SEND: name:enp0s3: saddr:16783984: daddr:100932208: srtt_us:5186784: RTT:648348: ssthresh:2147483647: cwnd:10: delivered:1: lost:0: retrans:0
[  225.435829] AAAAA-TCP_RECV: name:enp0s3: saddr:100932208: daddr:16783984: srtt_us:5186784: RTT:648348: ssthresh:2147483647: cwnd:10: delivered:1: lost:0: retrans:0
[  225.435865] AAAAA-TCP_SEND: name:enp0s3: saddr:16783984: daddr:100932208: srtt_us:5186784: RTT:648348: ssthresh:2147483647: cwnd:10: delivered:1: lost:0: retrans:0
[  225.569878] AAAAA-TCP_RECV: name:enp0s3: saddr:100932208: daddr:16783984: srtt_us:5186784: RTT:648348: ssthresh:2147483647: cwnd:10: delivered:1: lost:0: retrans:0
[  225.569917] AAAAA-TCP_SEND: name:enp0s3: saddr:16783984: daddr:100932208: srtt_us:5186784: RTT:648348: ssthresh:2147483647: cwnd:10: delivered:1: lost:0: retrans:0
[  225.691548] AAAAA-TCP_RECV: name:enp0s3: saddr:100932208: daddr:16783984: srtt_us:5186784: RTT:648348: ssthresh:2147483647: cwnd:10: delivered:1: lost:0: retrans:0
[  225.691578] AAAAA-TCP_SEND: name:enp0s3: saddr:16783984: daddr:100932208: srtt_us:5186784: RTT:648348: ssthresh:2147483647: cwnd:10: delivered:1: lost:0: retrans:0
[  225.807738] AAAAA-TCP_RECV: name:enp0s3: saddr:100932208: daddr:16783984: srtt_us:5186784: RTT:648348: ssthresh:2147483647: cwnd:10: delivered:1: lost:0: retrans:0
[  225.807768] AAAAA-TCP_SEND: name:enp0s3: saddr:16783984: daddr:100932208: srtt_us:5186784: RTT:648348: ssthresh:2147483647: cwnd:10: delivered:1: lost:0: retrans:0
[  225.920007] AAAAA-TCP_RECV: name:enp0s3: saddr:100932208: daddr:16783984: srtt_us:5186784: RTT:648348: ssthresh:2147483647: cwnd:10: delivered:1: lost:0: retrans:0
[  225.920047] AAAAA-TCP_SEND: name:enp0s3: saddr:16783984: daddr:100932208: srtt_us:5186784: RTT:648348: ssthresh:2147483647: cwnd:10: delivered:1: lost:0: retrans:0
[  226.081827] AAAAA-TCP_RECV: name:enp0s3: saddr:100932208: daddr:16783984: srtt_us:5186784: RTT:648348: ssthresh:2147483647: cwnd:10: delivered:1: lost:0: retrans:0
[  226.081869] AAAAA-TCP_SEND: name:enp0s3: saddr:16783984: daddr:100932208: srtt_us:5186784: RTT:648348: ssthresh:2147483647: cwnd:10: delivered:1: lost:0: retrans:0
[  226.173859] AAAAA-TCP_RECV: name:enp0s3: saddr:100932208: daddr:16783984: srtt_us:5186784: RTT:648348: ssthresh:2147483647: cwnd:10: delivered:1: lost:0: retrans:0
[  226.173893] AAAAA-TCP_SEND: name:enp0s3: saddr:16783984: daddr:100932208: srtt_us:5186784: RTT:648348: ssthresh:2147483647: cwnd:10: delivered:1: lost:0: retrans:0
[  226.267498] AAAAA-TCP_RECV: name:enp0s3: saddr:100932208: daddr:16783984: srtt_us:5186784: RTT:648348: ssthresh:2147483647: cwnd:10: delivered:1: lost:0: retrans:0
[  226.267569] AAAAA-TCP_SEND: name:enp0s3: saddr:16783984: daddr:100932208: srtt_us:5186784: RTT:648348: ssthresh:2147483647: cwnd:10: delivered:1: lost:0: retrans:0
[  226.498936] AAAAA-TCP_RECV: name:enp0s3: saddr:100932208: daddr:16783984: srtt_us:5186784: RTT:648348: ssthresh:2147483647: cwnd:10: delivered:1: lost:0: retrans:0
[  226.498974] AAAAA-TCP_SEND: name:enp0s3: saddr:16783984: daddr:100932208: srtt_us:5186784: RTT:648348: ssthresh:2147483647: cwnd:10: delivered:1: lost:0: retrans:0
[  226.675000] AAAAA-TCP_RECV: name:enp0s3: saddr:100932208: daddr:16783984: srtt_us:5186784: RTT:648348: ssthresh:2147483647: cwnd:10: delivered:1: lost:0: retrans:0
[  226.675076] AAAAA-TCP_SEND: name:enp0s3: saddr:16783984: daddr:100932208: srtt_us:5186784: RTT:648348: ssthresh:2147483647: cwnd:10: delivered:1: lost:0: retrans:0
[  226.801811] AAAAA-TCP_RECV: name:enp0s3: saddr:100932208: daddr:16783984: srtt_us:5186784: RTT:648348: ssthresh:2147483647: cwnd:10: delivered:1: lost:0: retrans:0
[  226.801853] AAAAA-TCP_SEND: name:enp0s3: saddr:16783984: daddr:100932208: srtt_us:5186784: RTT:648348: ssthresh:2147483647: cwnd:10: delivered:1: lost:0: retrans:0
[  226.892781] AAAAA-TCP_RECV: name:enp0s3: saddr:100932208: daddr:16783984: srtt_us:5186784: RTT:648348: ssthresh:2147483647: cwnd:10: delivered:1: lost:0: retrans:0
[  226.892827] AAAAA-TCP_SEND: name:enp0s3: saddr:16783984: daddr:100932208: srtt_us:5186784: RTT:648348: ssthresh:2147483647: cwnd:10: delivered:1: lost:0: retrans:0
[  226.988051] AAAAA-TCP_RECV: name:enp0s3: saddr:100932208: daddr:16783984: srtt_us:5186784: RTT:648348: ssthresh:2147483647: cwnd:10: delivered:1: lost:0: retrans:0
[  226.988123] AAAAA-TCP_SEND: name:enp0s3: saddr:16783984: daddr:100932208: srtt_us:5186784: RTT:648348: ssthresh:2147483647: cwnd:10: delivered:1: lost:0: retrans:0
[  227.100383] AAAAA-TCP_RECV: name:enp0s3: saddr:100932208: daddr:16783984: srtt_us:5186784: RTT:648348: ssthresh:2147483647: cwnd:10: delivered:1: lost:0: retrans:0
[  227.100700] AAAAA-TCP_SEND: name:enp0s3: saddr:16783984: daddr:100932208: srtt_us:5186784: RTT:648348: ssthresh:2147483647: cwnd:10: delivered:1: lost:0: retrans:0
[  227.208977] AAAAA-TCP_RECV: name:enp0s3: saddr:100932208: daddr:16783984: srtt_us:5186784: RTT:648348: ssthresh:2147483647: cwnd:10: delivered:1: lost:0: retrans:0
[  227.209055] AAAAA-TCP_SEND: name:enp0s3: saddr:16783984: daddr:100932208: srtt_us:5186784: RTT:648348: ssthresh:2147483647: cwnd:10: delivered:1: lost:0: retrans:0
[  227.336115] AAAAA-TCP_RECV: name:enp0s3: saddr:100932208: daddr:33561200: srtt_us:9216000: RTT:1152000: ssthresh:2147483647: cwnd:10: delivered:1: lost:0: retrans:0
[  227.336181] AAAAA-TCP_SEND: name:enp0s3: saddr:33561200: daddr:100932208: srtt_us:9216000: RTT:1152000: ssthresh:2147483647: cwnd:10: delivered:1: lost:0: retrans:0
[  227.521638] AAAAA-TCP_RECV: name:enp0s3: saddr:100932208: daddr:33561200: srtt_us:9216000: RTT:1152000: ssthresh:2147483647: cwnd:10: delivered:1: lost:0: retrans:0
[  227.521671] AAAAA-TCP_SEND: name:enp0s3: saddr:33561200: daddr:100932208: srtt_us:9216000: RTT:1152000: ssthresh:2147483647: cwnd:10: delivered:1: lost:0: retrans:0
[  227.636014] AAAAA-TCP_RECV: name:enp0s3: saddr:100932208: daddr:33561200: srtt_us:9216000: RTT:1152000: ssthresh:2147483647: cwnd:10: delivered:1: lost:0: retrans:0
[  227.636047] AAAAA-TCP_SEND: name:enp0s3: saddr:33561200: daddr:100932208: srtt_us:9216000: RTT:1152000: ssthresh:2147483647: cwnd:10: delivered:1: lost:0: retrans:0
[  227.701655] AAAAA-TCP_RECV: name:enp0s3: saddr:100932208: daddr:16783984: srtt_us:5186784: RTT:648348: ssthresh:2147483647: cwnd:10: delivered:1: lost:0: retrans:0
[  227.701755] AAAAA-TCP_SEND: name:enp0s3: saddr:16783984: daddr:100932208: srtt_us:5186784: RTT:648348: ssthresh:2147483647: cwnd:10: delivered:1: lost:0: retrans:0
[  227.796347] AAAAA-TCP_RECV: name:enp0s3: saddr:100932208: daddr:33561200: srtt_us:9216000: RTT:1152000: ssthresh:2147483647: cwnd:10: delivered:1: lost:0: retrans:0
[  227.796405] AAAAA-TCP_SEND: name:enp0s3: saddr:33561200: daddr:100932208: srtt_us:9216000: RTT:1152000: ssthresh:2147483647: cwnd:10: delivered:1: lost:0: retrans:0
[  227.997984] AAAAA-TCP_RECV: name:enp0s3: saddr:100932208: daddr:33561200: srtt_us:9216000: RTT:1152000: ssthresh:2147483647: cwnd:10: delivered:1: lost:0: retrans:0
[  227.998024] AAAAA-TCP_SEND: name:enp0s3: saddr:33561200: daddr:100932208: srtt_us:9216000: RTT:1152000: ssthresh:2147483647: cwnd:10: delivered:1: lost:0: retrans:0
[  228.078980] AAAAA-TCP_RECV: name:enp0s3: saddr:100932208: daddr:33561200: srtt_us:9216000: RTT:1152000: ssthresh:2147483647: cwnd:10: delivered:1: lost:0: retrans:0
[  228.079029] AAAAA-TCP_SEND: name:enp0s3: saddr:33561200: daddr:100932208: srtt_us:9216000: RTT:1152000: ssthresh:2147483647: cwnd:10: delivered:1: lost:0: retrans:0
[  228.284174] AAAAA-TCP_RECV: name:enp0s3: saddr:100932208: daddr:33561200: srtt_us:9216000: RTT:1152000: ssthresh:2147483647: cwnd:10: delivered:1: lost:0: retrans:0
[  228.284211] AAAAA-TCP_SEND: name:enp0s3: saddr:33561200: daddr:100932208: srtt_us:9216000: RTT:1152000: ssthresh:2147483647: cwnd:10: delivered:1: lost:0: retrans:0
[  228.447451] AAAAA-TCP_RECV: name:enp0s3: saddr:100932208: daddr:16783984: srtt_us:5186784: RTT:648348: ssthresh:2147483647: cwnd:10: delivered:1: lost:0: retrans:0
[  228.447625] AAAAA-TCP_SEND: name:enp0s3: saddr:16783984: daddr:100932208: srtt_us:5186784: RTT:648348: ssthresh:2147483647: cwnd:10: delivered:1: lost:0: retrans:0
[  228.513810] AAAAA-TCP_RECV: name:enp0s3: saddr:100932208: daddr:33561200: srtt_us:9216000: RTT:1152000: ssthresh:2147483647: cwnd:10: delivered:1: lost:0: retrans:0
[  228.513838] AAAAA-TCP_SEND: name:enp0s3: saddr:33561200: daddr:100932208: srtt_us:9216000: RTT:1152000: ssthresh:2147483647: cwnd:10: delivered:1: lost:0: retrans:0
[  228.677968] AAAAA-TCP_RECV: name:enp0s3: saddr:100932208: daddr:33561200: srtt_us:9216000: RTT:1152000: ssthresh:2147483647: cwnd:10: delivered:1: lost:0: retrans:0
[  228.678027] AAAAA-TCP_SEND: name:enp0s3: saddr:33561200: daddr:100932208: srtt_us:9216000: RTT:1152000: ssthresh:2147483647: cwnd:10: delivered:1: lost:0: retrans:0
[  228.861531] AAAAA-TCP_RECV: name:enp0s3: saddr:100932208: daddr:33561200: srtt_us:9216000: RTT:1152000: ssthresh:2147483647: cwnd:10: delivered:1: lost:0: retrans:0
[  228.861626] AAAAA-TCP_SEND: name:enp0s3: saddr:33561200: daddr:100932208: srtt_us:9216000: RTT:1152000: ssthresh:2147483647: cwnd:10: delivered:1: lost:0: retrans:0
[  228.973599] AAAAA-TCP_RECV: name:enp0s3: saddr:100932208: daddr:33561200: srtt_us:9216000: RTT:1152000: ssthresh:2147483647: cwnd:10: delivered:1: lost:0: retrans:0
[  228.973635] AAAAA-TCP_SEND: name:enp0s3: saddr:33561200: daddr:100932208: srtt_us:9216000: RTT:1152000: ssthresh:2147483647: cwnd:10: delivered:1: lost:0: retrans:0
[  229.068617] AAAAA-TCP_RECV: name:enp0s3: saddr:100932208: daddr:33561200: srtt_us:9216000: RTT:1152000: ssthresh:2147483647: cwnd:10: delivered:1: lost:0: retrans:0
[  229.068654] AAAAA-TCP_SEND: name:enp0s3: saddr:33561200: daddr:100932208: srtt_us:9216000: RTT:1152000: ssthresh:2147483647: cwnd:10: delivered:1: lost:0: retrans:0
[  229.252784] AAAAA-TCP_RECV: name:enp0s3: saddr:100932208: daddr:33561200: srtt_us:9216000: RTT:1152000: ssthresh:2147483647: cwnd:10: delivered:1: lost:0: retrans:0
[  229.252820] AAAAA-TCP_SEND: name:enp0s3: saddr:33561200: daddr:100932208: srtt_us:9216000: RTT:1152000: ssthresh:2147483647: cwnd:10: delivered:1: lost:0: retrans:0
[  229.288663] AAAAA-TCP_RECV: name:enp0s3: saddr:100932208: daddr:33561200: srtt_us:9216000: RTT:1152000: ssthresh:2147483647: cwnd:10: delivered:1: lost:0: retrans:0
[  229.288689] AAAAA-TCP_SEND: name:enp0s3: saddr:33561200: daddr:100932208: srtt_us:9216000: RTT:1152000: ssthresh:2147483647: cwnd:10: delivered:1: lost:0: retrans:0
[  229.347038] AAAAA-TCP_RECV: name:enp0s3: saddr:100932208: daddr:33561200: srtt_us:9216000: RTT:1152000: ssthresh:2147483647: cwnd:10: delivered:1: lost:0: retrans:0
[  229.347065] AAAAA-TCP_SEND: name:enp0s3: saddr:33561200: daddr:100932208: srtt_us:9216000: RTT:1152000: ssthresh:2147483647: cwnd:10: delivered:1: lost:0: retrans:0
[  229.404269] AAAAA-TCP_RECV: name:enp0s3: saddr:100932208: daddr:33561200: srtt_us:9216000: RTT:1152000: ssthresh:2147483647: cwnd:10: delivered:1: lost:0: retrans:0
[  229.404297] AAAAA-TCP_SEND: name:enp0s3: saddr:33561200: daddr:100932208: srtt_us:9216000: RTT:1152000: ssthresh:2147483647: cwnd:10: delivered:1: lost:0: retrans:0
[  229.511845] AAAAA-TCP_RECV: name:enp0s3: saddr:100932208: daddr:33561200: srtt_us:9216000: RTT:1152000: ssthresh:2147483647: cwnd:10: delivered:1: lost:0: retrans:0
[  229.512144] AAAAA-TCP_SEND: name:enp0s3: saddr:33561200: daddr:100932208: srtt_us:9216000: RTT:1152000: ssthresh:2147483647: cwnd:10: delivered:1: lost:0: retrans:0
[  229.556116] AAAAA-TCP_RECV: name:enp0s3: saddr:100932208: daddr:33561200: srtt_us:9216000: RTT:1152000: ssthresh:2147483647: cwnd:10: delivered:1: lost:0: retrans:0
[  229.556333] AAAAA-TCP_SEND: name:enp0s3: saddr:33561200: daddr:100932208: srtt_us:9216000: RTT:1152000: ssthresh:2147483647: cwnd:10: delivered:1: lost:0: retrans:0
[  229.654960] AAAAA-TCP_RECV: name:enp0s3: saddr:100932208: daddr:33561200: srtt_us:9216000: RTT:1152000: ssthresh:2147483647: cwnd:10: delivered:1: lost:0: retrans:0
[  229.655047] AAAAA-TCP_SEND: name:enp0s3: saddr:33561200: daddr:100932208: srtt_us:9216000: RTT:1152000: ssthresh:2147483647: cwnd:10: delivered:1: lost:0: retrans:0
[  229.726888] AAAAA-TCP_RECV: name:enp0s3: saddr:100932208: daddr:33561200: srtt_us:9216000: RTT:1152000: ssthresh:2147483647: cwnd:10: delivered:1: lost:0: retrans:0
[  229.727040] AAAAA-TCP_SEND: name:enp0s3: saddr:33561200: daddr:100932208: srtt_us:9216000: RTT:1152000: ssthresh:2147483647: cwnd:10: delivered:1: lost:0: retrans:0
[  229.787292] AAAAA-TCP_RECV: name:enp0s3: saddr:100932208: daddr:33561200: srtt_us:9216000: RTT:1152000: ssthresh:2147483647: cwnd:10: delivered:1: lost:0: retrans:0
[  229.787572] AAAAA-TCP_SEND: name:enp0s3: saddr:33561200: daddr:100932208: srtt_us:9216000: RTT:1152000: ssthresh:2147483647: cwnd:10: delivered:1: lost:0: retrans:0
[  229.948584] AAAAA-TCP_RECV: name:enp0s3: saddr:100932208: daddr:16783984: srtt_us:5186784: RTT:648348: ssthresh:2147483647: cwnd:10: delivered:1: lost:0: retrans:0
[  229.948746] AAAAA-TCP_SEND: name:enp0s3: saddr:16783984: daddr:100932208: srtt_us:5186784: RTT:648348: ssthresh:2147483647: cwnd:10: delivered:1: lost:0: retrans:0
[  230.100022] AAAAA-TCP_RECV: name:enp0s3: saddr:100932208: daddr:16783984: srtt_us:5186784: RTT:648348: ssthresh:2147483647: cwnd:10: delivered:1: lost:0: retrans:0
[  230.100100] AAAAA-TCP_SEND: name:enp0s3: saddr:16783984: daddr:100932208: srtt_us:5186784: RTT:648348: ssthresh:2147483647: cwnd:10: delivered:1: lost:0: retrans:0
[  230.226568] AAAAA-TCP_RECV: name:enp0s3: saddr:100932208: daddr:16783984: srtt_us:5186784: RTT:648348: ssthresh:2147483647: cwnd:10: delivered:1: lost:0: retrans:0
[  230.226764] AAAAA-TCP_SEND: name:enp0s3: saddr:16783984: daddr:100932208: srtt_us:5186784: RTT:648348: ssthresh:2147483647: cwnd:10: delivered:1: lost:0: retrans:0
[  230.320112] AAAAA-TCP_RECV: name:enp0s3: saddr:100932208: daddr:16783984: srtt_us:5186784: RTT:648348: ssthresh:2147483647: cwnd:10: delivered:1: lost:0: retrans:0
[  230.320186] AAAAA-TCP_SEND: name:enp0s3: saddr:16783984: daddr:100932208: srtt_us:5186784: RTT:648348: ssthresh:2147483647: cwnd:10: delivered:1: lost:0: retrans:0
[  230.348967] AAAAA-TCP_RECV: name:enp0s3: saddr:100932208: daddr:16783984: srtt_us:5186784: RTT:648348: ssthresh:2147483647: cwnd:10: delivered:1: lost:0: retrans:0
[  230.349022] AAAAA-TCP_SEND: name:enp0s3: saddr:16783984: daddr:100932208: srtt_us:5186784: RTT:648348: ssthresh:2147483647: cwnd:10: delivered:1: lost:0: retrans:0
[  230.439601] AAAAA-TCP_RECV: name:enp0s3: saddr:100932208: daddr:16783984: srtt_us:5186784: RTT:648348: ssthresh:2147483647: cwnd:10: delivered:1: lost:0: retrans:0
[  230.439745] AAAAA-TCP_SEND: name:enp0s3: saddr:16783984: daddr:100932208: srtt_us:5186784: RTT:648348: ssthresh:2147483647: cwnd:10: delivered:1: lost:0: retrans:0
[  230.617033] AAAAA-TCP_RECV: name:enp0s3: saddr:100932208: daddr:16783984: srtt_us:5186784: RTT:648348: ssthresh:2147483647: cwnd:10: delivered:1: lost:0: retrans:0
[  230.617201] AAAAA-TCP_SEND: name:enp0s3: saddr:16783984: daddr:100932208: srtt_us:5186784: RTT:648348: ssthresh:2147483647: cwnd:10: delivered:1: lost:0: retrans:0
[  230.910324] AAAAA-TCP_RECV: name:enp0s3: saddr:100932208: daddr:16783984: srtt_us:5186784: RTT:648348: ssthresh:2147483647: cwnd:10: delivered:1: lost:0: retrans:0
[  230.910507] AAAAA-TCP_SEND: name:enp0s3: saddr:16783984: daddr:100932208: srtt_us:5186784: RTT:648348: ssthresh:2147483647: cwnd:10: delivered:1: lost:0: retrans:0
[  231.078906] AAAAA-TCP_RECV: name:enp0s3: saddr:100932208: daddr:16783984: srtt_us:5186784: RTT:648348: ssthresh:2147483647: cwnd:10: delivered:1: lost:0: retrans:0
[  231.079230] AAAAA-TCP_SEND: name:enp0s3: saddr:16783984: daddr:100932208: srtt_us:5186784: RTT:648348: ssthresh:2147483647: cwnd:10: delivered:1: lost:0: retrans:0
[  231.144724] AAAAA-TCP_RECV: name:enp0s3: saddr:100932208: daddr:16783984: srtt_us:5186784: RTT:648348: ssthresh:2147483647: cwnd:10: delivered:1: lost:0: retrans:0
[  231.145029] AAAAA-TCP_SEND: name:enp0s3: saddr:16783984: daddr:100932208: srtt_us:5186784: RTT:648348: ssthresh:2147483647: cwnd:10: delivered:1: lost:0: retrans:0
[  231.418944] AAAAA-TCP_RECV: name:enp0s3: saddr:100932208: daddr:16783984: srtt_us:5186784: RTT:648348: ssthresh:2147483647: cwnd:10: delivered:1: lost:0: retrans:0
[  231.419170] AAAAA-TCP_SEND: name:enp0s3: saddr:16783984: daddr:100932208: srtt_us:5186784: RTT:648348: ssthresh:2147483647: cwnd:10: delivered:1: lost:0: retrans:0
[  231.531718] AAAAA-TCP_RECV: name:enp0s3: saddr:100932208: daddr:16783984: srtt_us:5186784: RTT:648348: ssthresh:2147483647: cwnd:10: delivered:1: lost:0: retrans:0
[  231.531888] AAAAA-TCP_SEND: name:enp0s3: saddr:16783984: daddr:100932208: srtt_us:5186784: RTT:648348: ssthresh:2147483647: cwnd:10: delivered:1: lost:0: retrans:0
[  231.803878] AAAAA-TCP_RECV: name:enp0s3: saddr:100932208: daddr:16783984: srtt_us:5186784: RTT:648348: ssthresh:2147483647: cwnd:10: delivered:1: lost:0: retrans:0
[  231.803941] AAAAA-TCP_SEND: name:enp0s3: saddr:16783984: daddr:100932208: srtt_us:5186784: RTT:648348: ssthresh:2147483647: cwnd:10: delivered:1: lost:0: retrans:0
[  231.914938] AAAAA-TCP_RECV: name:enp0s3: saddr:100932208: daddr:16783984: srtt_us:5186784: RTT:648348: ssthresh:2147483647: cwnd:10: delivered:1: lost:0: retrans:0
[  231.915020] AAAAA-TCP_SEND: name:enp0s3: saddr:16783984: daddr:100932208: srtt_us:5186784: RTT:648348: ssthresh:2147483647: cwnd:10: delivered:1: lost:0: retrans:0
[  232.021450] AAAAA-TCP_RECV: name:enp0s3: saddr:100932208: daddr:16783984: srtt_us:5186784: RTT:648348: ssthresh:2147483647: cwnd:10: delivered:1: lost:0: retrans:0
[  232.021621] AAAAA-TCP_SEND: name:enp0s3: saddr:16783984: daddr:100932208: srtt_us:5186784: RTT:648348: ssthresh:2147483647: cwnd:10: delivered:1: lost:0: retrans:0
[  232.138702] AAAAA-TCP_RECV: name:enp0s3: saddr:100932208: daddr:16783984: srtt_us:5186784: RTT:648348: ssthresh:2147483647: cwnd:10: delivered:1: lost:0: retrans:0
[  232.138772] AAAAA-TCP_SEND: name:enp0s3: saddr:16783984: daddr:100932208: srtt_us:5186784: RTT:648348: ssthresh:2147483647: cwnd:10: delivered:1: lost:0: retrans:0
[  232.265563] AAAAA-TCP_RECV: name:enp0s3: saddr:100932208: daddr:16783984: srtt_us:5186784: RTT:648348: ssthresh:2147483647: cwnd:10: delivered:1: lost:0: retrans:0
[  232.265697] AAAAA-TCP_SEND: name:enp0s3: saddr:16783984: daddr:100932208: srtt_us:5186784: RTT:648348: ssthresh:2147483647: cwnd:10: delivered:1: lost:0: retrans:0
[  232.380687] AAAAA-TCP_RECV: name:enp0s3: saddr:100932208: daddr:16783984: srtt_us:5186784: RTT:648348: ssthresh:2147483647: cwnd:10: delivered:1: lost:0: retrans:0
[  232.380753] AAAAA-TCP_SEND: name:enp0s3: saddr:16783984: daddr:100932208: srtt_us:5186784: RTT:648348: ssthresh:2147483647: cwnd:10: delivered:1: lost:0: retrans:0
[  232.500991] AAAAA-TCP_RECV: name:enp0s3: saddr:100932208: daddr:16783984: srtt_us:5186784: RTT:648348: ssthresh:2147483647: cwnd:10: delivered:1: lost:0: retrans:0
[  232.501139] AAAAA-TCP_SEND: name:enp0s3: saddr:16783984: daddr:100932208: srtt_us:5186784: RTT:648348: ssthresh:2147483647: cwnd:10: delivered:1: lost:0: retrans:0
[  232.793400] AAAAA-TCP_RECV: name:enp0s3: saddr:100932208: daddr:16783984: srtt_us:5186784: RTT:648348: ssthresh:2147483647: cwnd:10: delivered:1: lost:0: retrans:0
[  232.793623] AAAAA-TCP_SEND: name:enp0s3: saddr:16783984: daddr:100932208: srtt_us:5186784: RTT:648348: ssthresh:2147483647: cwnd:10: delivered:1: lost:0: retrans:0
[  232.951375] AAAAA-TCP_RECV: name:enp0s3: saddr:100932208: daddr:16783984: srtt_us:5186784: RTT:648348: ssthresh:2147483647: cwnd:10: delivered:1: lost:0: retrans:0
[  232.951452] AAAAA-TCP_SEND: name:enp0s3: saddr:16783984: daddr:100932208: srtt_us:5186784: RTT:648348: ssthresh:2147483647: cwnd:10: delivered:1: lost:0: retrans:0
[  233.027859] AAAAA-TCP_RECV: name:enp0s3: saddr:100932208: daddr:16783984: srtt_us:5186784: RTT:648348: ssthresh:2147483647: cwnd:10: delivered:1: lost:0: retrans:0
[  233.027929] AAAAA-TCP_SEND: name:enp0s3: saddr:16783984: daddr:100932208: srtt_us:5186784: RTT:648348: ssthresh:2147483647: cwnd:10: delivered:1: lost:0: retrans:0
[  233.131187] AAAAA-TCP_RECV: name:enp0s3: saddr:100932208: daddr:16783984: srtt_us:5186784: RTT:648348: ssthresh:2147483647: cwnd:10: delivered:1: lost:0: retrans:0
[  233.131250] AAAAA-TCP_SEND: name:enp0s3: saddr:16783984: daddr:100932208: srtt_us:5186784: RTT:648348: ssthresh:2147483647: cwnd:10: delivered:1: lost:0: retrans:0
[  233.280204] AAAAA-TCP_RECV: name:enp0s3: saddr:100932208: daddr:16783984: srtt_us:5186784: RTT:648348: ssthresh:2147483647: cwnd:10: delivered:1: lost:0: retrans:0
[  233.280374] AAAAA-TCP_SEND: name:enp0s3: saddr:16783984: daddr:100932208: srtt_us:5186784: RTT:648348: ssthresh:2147483647: cwnd:10: delivered:1: lost:0: retrans:0
[  233.354827] AAAAA-TCP_RECV: name:enp0s3: saddr:100932208: daddr:33561200: srtt_us:9216000: RTT:1152000: ssthresh:2147483647: cwnd:10: delivered:1: lost:0: retrans:0
[  233.354856] AAAAA-TCP_SEND: name:enp0s3: saddr:33561200: daddr:100932208: srtt_us:9216000: RTT:1152000: ssthresh:2147483647: cwnd:10: delivered:1: lost:0: retrans:0
[  233.553378] AAAAA-TCP_RECV: name:enp0s3: saddr:100932208: daddr:16783984: srtt_us:5186784: RTT:648348: ssthresh:2147483647: cwnd:10: delivered:1: lost:0: retrans:0
[  233.553590] AAAAA-TCP_SEND: name:enp0s3: saddr:16783984: daddr:100932208: srtt_us:5186784: RTT:648348: ssthresh:2147483647: cwnd:10: delivered:1: lost:0: retrans:0
[  233.707698] AAAAA-TCP_RECV: name:enp0s3: saddr:100932208: daddr:16783984: srtt_us:5186784: RTT:648348: ssthresh:2147483647: cwnd:10: delivered:1: lost:0: retrans:0
[  233.707847] AAAAA-TCP_SEND: name:enp0s3: saddr:16783984: daddr:100932208: srtt_us:5186784: RTT:648348: ssthresh:2147483647: cwnd:10: delivered:1: lost:0: retrans:0
[  233.856518] AAAAA-TCP_RECV: name:enp0s3: saddr:100932208: daddr:16783984: srtt_us:5186784: RTT:648348: ssthresh:2147483647: cwnd:10: delivered:1: lost:0: retrans:0
[  233.856637] AAAAA-TCP_SEND: name:enp0s3: saddr:16783984: daddr:100932208: srtt_us:5186784: RTT:648348: ssthresh:2147483647: cwnd:10: delivered:1: lost:0: retrans:0
[  234.145383] AAAAA-TCP_RECV: name:enp0s3: saddr:100932208: daddr:33561200: srtt_us:9216000: RTT:1152000: ssthresh:2147483647: cwnd:10: delivered:1: lost:0: retrans:0
[  234.145431] AAAAA-TCP_SEND: name:enp0s3: saddr:33561200: daddr:100932208: srtt_us:9216000: RTT:1152000: ssthresh:2147483647: cwnd:10: delivered:1: lost:0: retrans:0
[  234.257132] AAAAA-TCP_RECV: name:enp0s3: saddr:100932208: daddr:16783984: srtt_us:5186784: RTT:648348: ssthresh:2147483647: cwnd:10: delivered:1: lost:0: retrans:0
[  234.257529] AAAAA-TCP_SEND: name:enp0s3: saddr:16783984: daddr:100932208: srtt_us:5186784: RTT:648348: ssthresh:2147483647: cwnd:10: delivered:1: lost:0: retrans:0
[  234.453718] AAAAA-TCP_RECV: name:enp0s3: saddr:100932208: daddr:16783984: srtt_us:5186784: RTT:648348: ssthresh:2147483647: cwnd:10: delivered:1: lost:0: retrans:0
[  234.453993] AAAAA-TCP_SEND: name:enp0s3: saddr:16783984: daddr:100932208: srtt_us:5186784: RTT:648348: ssthresh:2147483647: cwnd:10: delivered:1: lost:0: retrans:0
[  234.550276] AAAAA-TCP_RECV: name:enp0s3: saddr:100932208: daddr:16783984: srtt_us:5186784: RTT:648348: ssthresh:2147483647: cwnd:10: delivered:1: lost:0: retrans:0
[  234.550509] AAAAA-TCP_SEND: name:enp0s3: saddr:16783984: daddr:100932208: srtt_us:5186784: RTT:648348: ssthresh:2147483647: cwnd:10: delivered:1: lost:0: retrans:0
[  234.651119] AAAAA-TCP_RECV: name:enp0s3: saddr:100932208: daddr:16783984: srtt_us:5186784: RTT:648348: ssthresh:2147483647: cwnd:10: delivered:1: lost:0: retrans:0
[  234.651268] AAAAA-TCP_SEND: name:enp0s3: saddr:16783984: daddr:100932208: srtt_us:5186784: RTT:648348: ssthresh:2147483647: cwnd:10: delivered:1: lost:0: retrans:0
[  234.757031] AAAAA-TCP_RECV: name:enp0s3: saddr:100932208: daddr:16783984: srtt_us:5186784: RTT:648348: ssthresh:2147483647: cwnd:10: delivered:1: lost:0: retrans:0
[  234.757098] AAAAA-TCP_SEND: name:enp0s3: saddr:16783984: daddr:100932208: srtt_us:5186784: RTT:648348: ssthresh:2147483647: cwnd:10: delivered:1: lost:0: retrans:0
[  234.845622] AAAAA-TCP_RECV: name:enp0s3: saddr:100932208: daddr:16783984: srtt_us:5186784: RTT:648348: ssthresh:2147483647: cwnd:10: delivered:1: lost:0: retrans:0
[  234.845694] AAAAA-TCP_SEND: name:enp0s3: saddr:16783984: daddr:100932208: srtt_us:5186784: RTT:648348: ssthresh:2147483647: cwnd:10: delivered:1: lost:0: retrans:0
[  234.976856] AAAAA-TCP_RECV: name:enp0s3: saddr:100932208: daddr:16783984: srtt_us:5186784: RTT:648348: ssthresh:2147483647: cwnd:10: delivered:1: lost:0: retrans:0
[  234.976946] AAAAA-TCP_SEND: name:enp0s3: saddr:16783984: daddr:100932208: srtt_us:5186784: RTT:648348: ssthresh:2147483647: cwnd:10: delivered:1: lost:0: retrans:0
[  235.070109] AAAAA-TCP_RECV: name:enp0s3: saddr:100932208: daddr:16783984: srtt_us:5186784: RTT:648348: ssthresh:2147483647: cwnd:10: delivered:1: lost:0: retrans:0
[  235.070270] AAAAA-TCP_SEND: name:enp0s3: saddr:16783984: daddr:100932208: srtt_us:5186784: RTT:648348: ssthresh:2147483647: cwnd:10: delivered:1: lost:0: retrans:0
[  235.151091] AAAAA-TCP_RECV: name:enp0s3: saddr:100932208: daddr:16783984: srtt_us:5186784: RTT:648348: ssthresh:2147483647: cwnd:10: delivered:1: lost:0: retrans:0
[  235.151455] AAAAA-TCP_SEND: name:enp0s3: saddr:16783984: daddr:100932208: srtt_us:5186784: RTT:648348: ssthresh:2147483647: cwnd:10: delivered:1: lost:0: retrans:0
[  235.260341] AAAAA-TCP_RECV: name:enp0s3: saddr:100932208: daddr:16783984: srtt_us:5186784: RTT:648348: ssthresh:2147483647: cwnd:10: delivered:1: lost:0: retrans:0
[  235.260402] AAAAA-TCP_SEND: name:enp0s3: saddr:16783984: daddr:100932208: srtt_us:5186784: RTT:648348: ssthresh:2147483647: cwnd:10: delivered:1: lost:0: retrans:0
[  235.331125] AAAAA-TCP_RECV: name:enp0s3: saddr:100932208: daddr:16783984: srtt_us:5186784: RTT:648348: ssthresh:2147483647: cwnd:10: delivered:1: lost:0: retrans:0
[  235.331185] AAAAA-TCP_SEND: name:enp0s3: saddr:16783984: daddr:100932208: srtt_us:5186784: RTT:648348: ssthresh:2147483647: cwnd:10: delivered:1: lost:0: retrans:0
[  235.427111] AAAAA-TCP_RECV: name:enp0s3: saddr:100932208: daddr:16783984: srtt_us:5186784: RTT:648348: ssthresh:2147483647: cwnd:10: delivered:1: lost:0: retrans:0
[  235.427171] AAAAA-TCP_SEND: name:enp0s3: saddr:16783984: daddr:100932208: srtt_us:5186784: RTT:648348: ssthresh:2147483647: cwnd:10: delivered:1: lost:0: retrans:0
[  235.543804] AAAAA-TCP_RECV: name:enp0s3: saddr:100932208: daddr:16783984: srtt_us:5186784: RTT:648348: ssthresh:2147483647: cwnd:10: delivered:1: lost:0: retrans:0
[  235.544327] AAAAA-TCP_SEND: name:enp0s3: saddr:16783984: daddr:100932208: srtt_us:5186784: RTT:648348: ssthresh:2147483647: cwnd:10: delivered:1: lost:0: retrans:0
[  235.615308] AAAAA-TCP_RECV: name:enp0s3: saddr:100932208: daddr:16783984: srtt_us:5186784: RTT:648348: ssthresh:2147483647: cwnd:10: delivered:1: lost:0: retrans:0
[  235.615526] AAAAA-TCP_SEND: name:enp0s3: saddr:16783984: daddr:100932208: srtt_us:5186784: RTT:648348: ssthresh:2147483647: cwnd:10: delivered:1: lost:0: retrans:0
[  235.724216] AAAAA-TCP_RECV: name:enp0s3: saddr:100932208: daddr:16783984: srtt_us:5186784: RTT:648348: ssthresh:2147483647: cwnd:10: delivered:1: lost:0: retrans:0
[  235.724664] AAAAA-TCP_SEND: name:enp0s3: saddr:16783984: daddr:100932208: srtt_us:5186784: RTT:648348: ssthresh:2147483647: cwnd:10: delivered:1: lost:0: retrans:0
[  235.814511] AAAAA-TCP_RECV: name:enp0s3: saddr:100932208: daddr:16783984: srtt_us:5186784: RTT:648348: ssthresh:2147483647: cwnd:10: delivered:1: lost:0: retrans:0
[  235.892814] AAAAA-TCP_RECV: name:enp0s3: saddr:100932208: daddr:16783984: srtt_us:5186784: RTT:648348: ssthresh:2147483647: cwnd:10: delivered:1: lost:0: retrans:0
[  235.893030] AAAAA-TCP_SEND: name:enp0s3: saddr:16783984: daddr:100932208: srtt_us:5186784: RTT:648348: ssthresh:2147483647: cwnd:10: delivered:1: lost:0: retrans:0
[  235.993846] AAAAA-TCP_RECV: name:enp0s3: saddr:100932208: daddr:33561200: srtt_us:9216000: RTT:1152000: ssthresh:2147483647: cwnd:10: delivered:1: lost:0: retrans:0
[  235.993876] AAAAA-TCP_SEND: name:enp0s3: saddr:33561200: daddr:100932208: srtt_us:9216000: RTT:1152000: ssthresh:2147483647: cwnd:10: delivered:1: lost:0: retrans:0
[  236.131837] AAAAA-TCP_RECV: name:enp0s3: saddr:100932208: daddr:33561200: srtt_us:9216000: RTT:1152000: ssthresh:2147483647: cwnd:10: delivered:1: lost:0: retrans:0
[  236.131874] AAAAA-TCP_SEND: name:enp0s3: saddr:33561200: daddr:100932208: srtt_us:9216000: RTT:1152000: ssthresh:2147483647: cwnd:10: delivered:1: lost:0: retrans:0
[  236.278870] AAAAA-TCP_RECV: name:enp0s3: saddr:100932208: daddr:16783984: srtt_us:5186784: RTT:648348: ssthresh:2147483647: cwnd:10: delivered:1: lost:0: retrans:0
[  236.279795] AAAAA-TCP_SEND: name:enp0s3: saddr:16783984: daddr:100932208: srtt_us:5186784: RTT:648348: ssthresh:2147483647: cwnd:10: delivered:1: lost:0: retrans:0
[  236.359525] AAAAA-TCP_RECV: name:enp0s3: saddr:100932208: daddr:16783984: srtt_us:5186784: RTT:648348: ssthresh:2147483647: cwnd:10: delivered:1: lost:0: retrans:0
[  236.360026] AAAAA-TCP_SEND: name:enp0s3: saddr:16783984: daddr:100932208: srtt_us:5186784: RTT:648348: ssthresh:2147483647: cwnd:10: delivered:1: lost:0: retrans:0
[  236.477402] AAAAA-TCP_RECV: name:enp0s3: saddr:100932208: daddr:33561200: srtt_us:9216000: RTT:1152000: ssthresh:2147483647: cwnd:10: delivered:1: lost:0: retrans:0
[  236.477439] AAAAA-TCP_SEND: name:enp0s3: saddr:33561200: daddr:100932208: srtt_us:9216000: RTT:1152000: ssthresh:2147483647: cwnd:10: delivered:1: lost:0: retrans:0
[  236.561148] AAAAA-TCP_RECV: name:enp0s3: saddr:100932208: daddr:16783984: srtt_us:5186784: RTT:648348: ssthresh:2147483647: cwnd:10: delivered:1: lost:0: retrans:0
[  236.561550] AAAAA-TCP_SEND: name:enp0s3: saddr:16783984: daddr:100932208: srtt_us:5186784: RTT:648348: ssthresh:2147483647: cwnd:10: delivered:1: lost:0: retrans:0
[  236.635733] AAAAA-TCP_RECV: name:enp0s3: saddr:100932208: daddr:16783984: srtt_us:5186784: RTT:648348: ssthresh:2147483647: cwnd:10: delivered:1: lost:0: retrans:0
[  236.636205] AAAAA-TCP_SEND: name:enp0s3: saddr:16783984: daddr:100932208: srtt_us:5186784: RTT:648348: ssthresh:2147483647: cwnd:10: delivered:1: lost:0: retrans:0
[  236.720181] AAAAA-TCP_RECV: name:enp0s3: saddr:100932208: daddr:16783984: srtt_us:5186784: RTT:648348: ssthresh:2147483647: cwnd:10: delivered:1: lost:0: retrans:0
[  236.720654] AAAAA-TCP_SEND: name:enp0s3: saddr:16783984: daddr:100932208: srtt_us:5186784: RTT:648348: ssthresh:2147483647: cwnd:10: delivered:1: lost:0: retrans:0
[  236.829422] AAAAA-TCP_RECV: name:enp0s3: saddr:100932208: daddr:33561200: srtt_us:9216000: RTT:1152000: ssthresh:2147483647: cwnd:10: delivered:1: lost:0: retrans:0
[  236.829489] AAAAA-TCP_SEND: name:enp0s3: saddr:33561200: daddr:100932208: srtt_us:9216000: RTT:1152000: ssthresh:2147483647: cwnd:10: delivered:1: lost:0: retrans:0
[  236.905492] AAAAA-TCP_RECV: name:enp0s3: saddr:100932208: daddr:16783984: srtt_us:5186784: RTT:648348: ssthresh:2147483647: cwnd:10: delivered:1: lost:0: retrans:0
[  236.905963] AAAAA-TCP_SEND: name:enp0s3: saddr:16783984: daddr:100932208: srtt_us:5186784: RTT:648348: ssthresh:2147483647: cwnd:10: delivered:1: lost:0: retrans:0
[  236.959713] AAAAA-TCP_RECV: name:enp0s3: saddr:100932208: daddr:16783984: srtt_us:5186784: RTT:648348: ssthresh:2147483647: cwnd:10: delivered:1: lost:0: retrans:0
[  236.960161] AAAAA-TCP_SEND: name:enp0s3: saddr:16783984: daddr:100932208: srtt_us:5186784: RTT:648348: ssthresh:2147483647: cwnd:10: delivered:1: lost:0: retrans:0
[  237.069401] AAAAA-TCP_RECV: name:enp0s3: saddr:100932208: daddr:16783984: srtt_us:5186784: RTT:648348: ssthresh:2147483647: cwnd:10: delivered:1: lost:0: retrans:0
[  237.069804] AAAAA-TCP_SEND: name:enp0s3: saddr:16783984: daddr:100932208: srtt_us:5186784: RTT:648348: ssthresh:2147483647: cwnd:10: delivered:1: lost:0: retrans:0
[  237.175591] AAAAA-TCP_RECV: name:enp0s3: saddr:100932208: daddr:33561200: srtt_us:9216000: RTT:1152000: ssthresh:2147483647: cwnd:10: delivered:1: lost:0: retrans:0
[  237.175642] AAAAA-TCP_SEND: name:enp0s3: saddr:33561200: daddr:100932208: srtt_us:9216000: RTT:1152000: ssthresh:2147483647: cwnd:10: delivered:1: lost:0: retrans:0
[  237.264971] AAAAA-TCP_RECV: name:enp0s3: saddr:100932208: daddr:33561200: srtt_us:9216000: RTT:1152000: ssthresh:2147483647: cwnd:10: delivered:1: lost:0: retrans:0
[  237.265032] AAAAA-TCP_SEND: name:enp0s3: saddr:33561200: daddr:100932208: srtt_us:9216000: RTT:1152000: ssthresh:2147483647: cwnd:10: delivered:1: lost:0: retrans:0
[  237.315351] AAAAA-TCP_RECV: name:enp0s3: saddr:100932208: daddr:16783984: srtt_us:5186784: RTT:648348: ssthresh:2147483647: cwnd:10: delivered:1: lost:0: retrans:0
[  237.315777] AAAAA-TCP_SEND: name:enp0s3: saddr:16783984: daddr:100932208: srtt_us:5186784: RTT:648348: ssthresh:2147483647: cwnd:10: delivered:1: lost:0: retrans:0
[  237.386165] AAAAA-TCP_RECV: name:enp0s3: saddr:100932208: daddr:33561200: srtt_us:9216000: RTT:1152000: ssthresh:2147483647: cwnd:10: delivered:1: lost:0: retrans:0
[  237.386233] AAAAA-TCP_SEND: name:enp0s3: saddr:33561200: daddr:100932208: srtt_us:9216000: RTT:1152000: ssthresh:2147483647: cwnd:10: delivered:1: lost:0: retrans:0
[  237.464240] AAAAA-TCP_RECV: name:enp0s3: saddr:100932208: daddr:16783984: srtt_us:5186784: RTT:648348: ssthresh:2147483647: cwnd:10: delivered:1: lost:0: retrans:0
[  237.464844] AAAAA-TCP_SEND: name:enp0s3: saddr:16783984: daddr:100932208: srtt_us:5186784: RTT:648348: ssthresh:2147483647: cwnd:10: delivered:1: lost:0: retrans:0
[  237.562960] AAAAA-TCP_RECV: name:enp0s3: saddr:100932208: daddr:16783984: srtt_us:5186784: RTT:648348: ssthresh:2147483647: cwnd:10: delivered:1: lost:0: retrans:0
[  237.563280] AAAAA-TCP_SEND: name:enp0s3: saddr:16783984: daddr:100932208: srtt_us:5186784: RTT:648348: ssthresh:2147483647: cwnd:10: delivered:1: lost:0: retrans:0
[  237.633265] AAAAA-TCP_RECV: name:enp0s3: saddr:100932208: daddr:16783984: srtt_us:5186784: RTT:648348: ssthresh:2147483647: cwnd:10: delivered:1: lost:0: retrans:0
[  237.633458] AAAAA-TCP_SEND: name:enp0s3: saddr:16783984: daddr:100932208: srtt_us:5186784: RTT:648348: ssthresh:2147483647: cwnd:10: delivered:1: lost:0: retrans:0
[  237.720188] AAAAA-TCP_RECV: name:enp0s3: saddr:100932208: daddr:16783984: srtt_us:5186784: RTT:648348: ssthresh:2147483647: cwnd:10: delivered:1: lost:0: retrans:0
[  237.720402] AAAAA-TCP_SEND: name:enp0s3: saddr:16783984: daddr:100932208: srtt_us:5186784: RTT:648348: ssthresh:2147483647: cwnd:10: delivered:1: lost:0: retrans:0
[  237.804756] AAAAA-TCP_RECV: name:enp0s3: saddr:100932208: daddr:16783984: srtt_us:5186784: RTT:648348: ssthresh:2147483647: cwnd:10: delivered:1: lost:0: retrans:0
[  237.805146] AAAAA-TCP_SEND: name:enp0s3: saddr:16783984: daddr:100932208: srtt_us:5186784: RTT:648348: ssthresh:2147483647: cwnd:10: delivered:1: lost:0: retrans:0
[  237.882606] AAAAA-TCP_RECV: name:enp0s3: saddr:100932208: daddr:33561200: srtt_us:9216000: RTT:1152000: ssthresh:2147483647: cwnd:10: delivered:1: lost:0: retrans:0
[  237.882675] AAAAA-TCP_SEND: name:enp0s3: saddr:33561200: daddr:100932208: srtt_us:9216000: RTT:1152000: ssthresh:2147483647: cwnd:10: delivered:1: lost:0: retrans:0
[  237.907888] AAAAA-TCP_RECV: name:enp0s3: saddr:100932208: daddr:33561200: srtt_us:9216000: RTT:1152000: ssthresh:2147483647: cwnd:10: delivered:1: lost:0: retrans:0
[  237.907946] AAAAA-TCP_SEND: name:enp0s3: saddr:33561200: daddr:100932208: srtt_us:9216000: RTT:1152000: ssthresh:2147483647: cwnd:10: delivered:1: lost:0: retrans:0
[  237.999563] AAAAA-TCP_RECV: name:enp0s3: saddr:100932208: daddr:16783984: srtt_us:5186784: RTT:648348: ssthresh:2147483647: cwnd:10: delivered:1: lost:0: retrans:0
[  238.000049] AAAAA-TCP_SEND: name:enp0s3: saddr:16783984: daddr:100932208: srtt_us:5186784: RTT:648348: ssthresh:2147483647: cwnd:10: delivered:1: lost:0: retrans:0
[  238.114470] AAAAA-TCP_RECV: name:enp0s3: saddr:100932208: daddr:33561200: srtt_us:9216000: RTT:1152000: ssthresh:2147483647: cwnd:10: delivered:1: lost:0: retrans:0
[  238.114520] AAAAA-TCP_SEND: name:enp0s3: saddr:33561200: daddr:100932208: srtt_us:9216000: RTT:1152000: ssthresh:2147483647: cwnd:10: delivered:1: lost:0: retrans:0
[  238.202826] AAAAA-TCP_RECV: name:enp0s3: saddr:100932208: daddr:33561200: srtt_us:9216000: RTT:1152000: ssthresh:2147483647: cwnd:10: delivered:1: lost:0: retrans:0
[  238.202898] AAAAA-TCP_SEND: name:enp0s3: saddr:33561200: daddr:100932208: srtt_us:9216000: RTT:1152000: ssthresh:2147483647: cwnd:10: delivered:1: lost:0: retrans:0
[  238.234215] AAAAA-TCP_RECV: name:enp0s3: saddr:100932208: daddr:16783984: srtt_us:5186784: RTT:648348: ssthresh:2147483647: cwnd:10: delivered:1: lost:0: retrans:0
[  238.234291] AAAAA-TCP_SEND: name:enp0s3: saddr:16783984: daddr:100932208: srtt_us:5186784: RTT:648348: ssthresh:2147483647: cwnd:10: delivered:1: lost:0: retrans:0
[  238.303987] AAAAA-TCP_RECV: name:enp0s3: saddr:100932208: daddr:16783984: srtt_us:5186784: RTT:648348: ssthresh:2147483647: cwnd:10: delivered:1: lost:0: retrans:0
[  238.304069] AAAAA-TCP_SEND: name:enp0s3: saddr:16783984: daddr:100932208: srtt_us:5186784: RTT:648348: ssthresh:2147483647: cwnd:10: delivered:1: lost:0: retrans:0
[  238.353221] AAAAA-TCP_RECV: name:enp0s3: saddr:100932208: daddr:33561200: srtt_us:9216000: RTT:1152000: ssthresh:2147483647: cwnd:10: delivered:1: lost:0: retrans:0
[  238.353246] AAAAA-TCP_SEND: name:enp0s3: saddr:33561200: daddr:100932208: srtt_us:9216000: RTT:1152000: ssthresh:2147483647: cwnd:10: delivered:1: lost:0: retrans:0
[  238.438527] AAAAA-TCP_RECV: name:enp0s3: saddr:100932208: daddr:16783984: srtt_us:5186784: RTT:648348: ssthresh:2147483647: cwnd:10: delivered:1: lost:0: retrans:0
[  238.439593] AAAAA-TCP_SEND: name:enp0s3: saddr:16783984: daddr:100932208: srtt_us:5186784: RTT:648348: ssthresh:2147483647: cwnd:10: delivered:1: lost:0: retrans:0
[  238.487889] AAAAA-TCP_RECV: name:enp0s3: saddr:100932208: daddr:33561200: srtt_us:9216000: RTT:1152000: ssthresh:2147483647: cwnd:10: delivered:1: lost:0: retrans:0
[  238.487913] AAAAA-TCP_SEND: name:enp0s3: saddr:33561200: daddr:100932208: srtt_us:9216000: RTT:1152000: ssthresh:2147483647: cwnd:10: delivered:1: lost:0: retrans:0
[  238.571257] AAAAA-TCP_RECV: name:enp0s3: saddr:100932208: daddr:33561200: srtt_us:9216000: RTT:1152000: ssthresh:2147483647: cwnd:10: delivered:1: lost:0: retrans:0
[  238.571283] AAAAA-TCP_SEND: name:enp0s3: saddr:33561200: daddr:100932208: srtt_us:9216000: RTT:1152000: ssthresh:2147483647: cwnd:10: delivered:1: lost:0: retrans:0
[  238.655841] AAAAA-TCP_RECV: name:enp0s3: saddr:100932208: daddr:16783984: srtt_us:5186784: RTT:648348: ssthresh:2147483647: cwnd:10: delivered:1: lost:0: retrans:0
[  238.656915] AAAAA-TCP_SEND: name:enp0s3: saddr:16783984: daddr:100932208: srtt_us:5186784: RTT:648348: ssthresh:2147483647: cwnd:10: delivered:1: lost:0: retrans:0
[  238.748209] AAAAA-TCP_RECV: name:enp0s3: saddr:100932208: daddr:16783984: srtt_us:5186784: RTT:648348: ssthresh:2147483647: cwnd:10: delivered:1: lost:0: retrans:0
[  238.749271] AAAAA-TCP_SEND: name:enp0s3: saddr:16783984: daddr:100932208: srtt_us:5186784: RTT:648348: ssthresh:2147483647: cwnd:10: delivered:1: lost:0: retrans:0
[  238.834659] AAAAA-TCP_RECV: name:enp0s3: saddr:100932208: daddr:33561200: srtt_us:9216000: RTT:1152000: ssthresh:2147483647: cwnd:10: delivered:1: lost:0: retrans:0
[  238.834689] AAAAA-TCP_SEND: name:enp0s3: saddr:33561200: daddr:100932208: srtt_us:9216000: RTT:1152000: ssthresh:2147483647: cwnd:10: delivered:1: lost:0: retrans:0
[  238.893484] AAAAA-TCP_RECV: name:enp0s3: saddr:100932208: daddr:33561200: srtt_us:9216000: RTT:1152000: ssthresh:2147483647: cwnd:10: delivered:1: lost:0: retrans:0
[  238.893510] AAAAA-TCP_SEND: name:enp0s3: saddr:33561200: daddr:100932208: srtt_us:9216000: RTT:1152000: ssthresh:2147483647: cwnd:10: delivered:1: lost:0: retrans:0
[  238.976473] AAAAA-TCP_RECV: name:enp0s3: saddr:100932208: daddr:33561200: srtt_us:9216000: RTT:1152000: ssthresh:2147483647: cwnd:10: delivered:1: lost:0: retrans:0
[  238.976514] AAAAA-TCP_SEND: name:enp0s3: saddr:33561200: daddr:100932208: srtt_us:9216000: RTT:1152000: ssthresh:2147483647: cwnd:10: delivered:1: lost:0: retrans:0
[  239.022855] AAAAA-TCP_RECV: name:enp0s3: saddr:100932208: daddr:33561200: srtt_us:9216000: RTT:1152000: ssthresh:2147483647: cwnd:10: delivered:1: lost:0: retrans:0
[  239.034210] AAAAA-TCP_SEND: name:enp0s3: saddr:33561200: daddr:100932208: srtt_us:9216000: RTT:1152000: ssthresh:2147483647: cwnd:10: delivered:1: lost:0: retrans:0
[  239.079056] AAAAA-TCP_RECV: name:enp0s3: saddr:100932208: daddr:33561200: srtt_us:9216000: RTT:1152000: ssthresh:2147483647: cwnd:10: delivered:1: lost:0: retrans:0
[  239.080205] AAAAA-TCP_SEND: name:enp0s3: saddr:33561200: daddr:100932208: srtt_us:9216000: RTT:1152000: ssthresh:2147483647: cwnd:10: delivered:1: lost:0: retrans:0
[  239.150281] AAAAA-TCP_RECV: name:enp0s3: saddr:100932208: daddr:33561200: srtt_us:9216000: RTT:1152000: ssthresh:2147483647: cwnd:10: delivered:1: lost:0: retrans:0
[  239.152107] AAAAA-TCP_SEND: name:enp0s3: saddr:33561200: daddr:100932208: srtt_us:9216000: RTT:1152000: ssthresh:2147483647: cwnd:10: delivered:1: lost:0: retrans:0
[  239.241216] AAAAA-TCP_RECV: name:enp0s3: saddr:100932208: daddr:16783984: srtt_us:5186784: RTT:648348: ssthresh:2147483647: cwnd:10: delivered:1: lost:0: retrans:0
[  239.242293] AAAAA-TCP_SEND: name:enp0s3: saddr:16783984: daddr:100932208: srtt_us:5186784: RTT:648348: ssthresh:2147483647: cwnd:10: delivered:1: lost:0: retrans:0
[  239.344774] AAAAA-TCP_RECV: name:enp0s3: saddr:100932208: daddr:33561200: srtt_us:9216000: RTT:1152000: ssthresh:2147483647: cwnd:10: delivered:1: lost:0: retrans:0
[  239.441783] AAAAA-TCP_RECV: name:enp0s3: saddr:100932208: daddr:16783984: srtt_us:5186784: RTT:648348: ssthresh:2147483647: cwnd:10: delivered:1: lost:0: retrans:0
[  239.442860] AAAAA-TCP_SEND: name:enp0s3: saddr:16783984: daddr:100932208: srtt_us:5186784: RTT:648348: ssthresh:2147483647: cwnd:10: delivered:1: lost:0: retrans:0
[  239.552731] AAAAA-TCP_RECV: name:enp0s3: saddr:100932208: daddr:16783984: srtt_us:5186784: RTT:648348: ssthresh:2147483647: cwnd:10: delivered:1: lost:0: retrans:0
[  239.553893] AAAAA-TCP_SEND: name:enp0s3: saddr:16783984: daddr:100932208: srtt_us:5186784: RTT:648348: ssthresh:2147483647: cwnd:10: delivered:1: lost:0: retrans:0
[  239.656774] AAAAA-TCP_RECV: name:enp0s3: saddr:100932208: daddr:16783984: srtt_us:5186784: RTT:648348: ssthresh:2147483647: cwnd:10: delivered:1: lost:0: retrans:0
[  239.657855] AAAAA-TCP_SEND: name:enp0s3: saddr:16783984: daddr:100932208: srtt_us:5186784: RTT:648348: ssthresh:2147483647: cwnd:10: delivered:1: lost:0: retrans:0
[  239.735117] AAAAA-TCP_RECV: name:enp0s3: saddr:100932208: daddr:33561200: srtt_us:9216000: RTT:1152000: ssthresh:2147483647: cwnd:10: delivered:1: lost:0: retrans:0
[  239.736195] AAAAA-TCP_SEND: name:enp0s3: saddr:33561200: daddr:100932208: srtt_us:9216000: RTT:1152000: ssthresh:2147483647: cwnd:10: delivered:1: lost:0: retrans:0
