[    0.000000] Linux version 5.4.243-mptcp (root@ztg) (gcc version 12.2.0 (Debian 12.2.0-14+deb12u1)) #53 SMP Wed Dec 24 23:28:15 CST 2025
[    0.000000] Command line: BOOT_IMAGE=/boot/vmlinuz-5.4.243-mptcp root=UUID=98415a12-53b7-4144-8265-0f7ece09e445 ro quiet splash
[    0.000000] KERNEL supported cpus:
[    0.000000]   Intel GenuineIntel
[    0.000000]   AMD AuthenticAMD
[    0.000000]   Hygon HygonGenuine
[    0.000000]   Centaur CentaurHauls
[    0.000000]   zhaoxin   Shanghai  
[    0.000000] x86/fpu: Supporting XSAVE feature 0x001: 'x87 floating point registers'
[    0.000000] x86/fpu: Supporting XSAVE feature 0x002: 'SSE registers'
[    0.000000] x86/fpu: Supporting XSAVE feature 0x004: 'AVX registers'
[    0.000000] x86/fpu: xstate_offset[2]:  576, xstate_sizes[2]:  256
[    0.000000] x86/fpu: Enabled xstate features 0x7, context size is 832 bytes, using 'standard' format.
[    0.000000] BIOS-provided physical RAM map:
[    0.000000] BIOS-e820: [mem 0x0000000000000000-0x000000000009fbff] usable
[    0.000000] BIOS-e820: [mem 0x000000000009fc00-0x000000000009ffff] reserved
[    0.000000] BIOS-e820: [mem 0x00000000000f0000-0x00000000000fffff] reserved
[    0.000000] BIOS-e820: [mem 0x0000000000100000-0x000000007ffeffff] usable
[    0.000000] BIOS-e820: [mem 0x000000007fff0000-0x000000007fffffff] ACPI data
[    0.000000] BIOS-e820: [mem 0x00000000fec00000-0x00000000fec00fff] reserved
[    0.000000] BIOS-e820: [mem 0x00000000fee00000-0x00000000fee00fff] reserved
[    0.000000] BIOS-e820: [mem 0x00000000fffc0000-0x00000000ffffffff] reserved
[    0.000000] NX (Execute Disable) protection: active
[    0.000000] SMBIOS 2.5 present.
[    0.000000] DMI: innotek GmbH VirtualBox/VirtualBox, BIOS VirtualBox 12/01/2006
[    0.000000] Hypervisor detected: KVM
[    0.000000] kvm-clock: Using msrs 4b564d01 and 4b564d00
[    0.000000] kvm-clock: cpu 0, msr 5a001001, primary cpu clock
[    0.000000] kvm-clock: using sched offset of 4441198794 cycles
[    0.000003] clocksource: kvm-clock: mask: 0xffffffffffffffff max_cycles: 0x1cd42e4dffb, max_idle_ns: 881590591483 ns
[    0.000005] tsc: Detected 2100.000 MHz processor
[    0.001874] e820: update [mem 0x00000000-0x00000fff] usable ==> reserved
[    0.001876] e820: remove [mem 0x000a0000-0x000fffff] usable
[    0.001879] last_pfn = 0x7fff0 max_arch_pfn = 0x400000000
[    0.001947] MTRR default type: uncachable
[    0.001948] MTRR fixed ranges enabled:
[    0.001949]   00000-9FFFF write-back
[    0.001950]   A0000-BFFFF uncachable
[    0.001951]   C0000-FFFFF write-protect
[    0.001951] MTRR variable ranges enabled:
[    0.001953]   0 base 000000000000 mask 3FFF80000000 write-back
[    0.001954]   1 disabled
[    0.001954]   2 disabled
[    0.001954]   3 disabled
[    0.001955]   4 disabled
[    0.001955]   5 disabled
[    0.001956]   6 disabled
[    0.001956]   7 disabled
[    0.001957]   8 disabled
[    0.001957]   9 disabled
[    0.001957]   10 disabled
[    0.001958]   11 disabled
[    0.001958]   12 disabled
[    0.001959]   13 disabled
[    0.001959]   14 disabled
[    0.001960]   15 disabled
[    0.001976] x86/PAT: Configuration [0-7]: WB  WC  UC- UC  WB  WP  UC- WT  
[    0.002112] found SMP MP-table at [mem 0x0009fff0-0x0009ffff]
[    0.092505] check: Scanning 1 areas for low memory corruption
[    0.092737] RAMDISK: [mem 0x32271000-0x3512ffff]
[    0.092745] ACPI: Early table checksum verification disabled
[    0.092750] ACPI: RSDP 0x00000000000E0000 000024 (v02 VBOX  )
[    0.092755] ACPI: XSDT 0x000000007FFF0030 00003C (v01 VBOX   VBOXXSDT 00000001 ASL  00000061)
[    0.092761] ACPI: FACP 0x000000007FFF00F0 0000F4 (v04 VBOX   VBOXFACP 00000001 ASL  00000061)
[    0.092768] ACPI: DSDT 0x000000007FFF02E0 002353 (v02 VBOX   VBOXBIOS 00000002 VBOX 00029BF3)
[    0.092772] ACPI: FACS 0x000000007FFF0200 000040
[    0.092775] ACPI: FACS 0x000000007FFF0200 000040
[    0.092778] ACPI: APIC 0x000000007FFF0240 000054 (v02 VBOX   VBOXAPIC 00000001 ASL  00000061)
[    0.092782] ACPI: SSDT 0x000000007FFF02A0 000038 (v01 VBOX   VBOXCPUT 00000002 VBOX 00029BF3)
[    0.092785] ACPI: Reserving FACP table memory at [mem 0x7fff00f0-0x7fff01e3]
[    0.092786] ACPI: Reserving DSDT table memory at [mem 0x7fff02e0-0x7fff2632]
[    0.092787] ACPI: Reserving FACS table memory at [mem 0x7fff0200-0x7fff023f]
[    0.092787] ACPI: Reserving FACS table memory at [mem 0x7fff0200-0x7fff023f]
[    0.092788] ACPI: Reserving APIC table memory at [mem 0x7fff0240-0x7fff0293]
[    0.092789] ACPI: Reserving SSDT table memory at [mem 0x7fff02a0-0x7fff02d7]
[    0.092803] ACPI: Local APIC address 0xfee00000
[    0.092992] No NUMA configuration found
[    0.092994] Faking a node at [mem 0x0000000000000000-0x000000007ffeffff]
[    0.093004] NODE_DATA(0) allocated [mem 0x7ffc5000-0x7ffeffff]
[    0.093285] Zone ranges:
[    0.093286]   DMA      [mem 0x0000000000001000-0x0000000000ffffff]
[    0.093287]   DMA32    [mem 0x0000000001000000-0x000000007ffeffff]
[    0.093288]   Normal   empty
[    0.093289]   Device   empty
[    0.093289] Movable zone start for each node
[    0.093291] Early memory node ranges
[    0.093292]   node   0: [mem 0x0000000000001000-0x000000000009efff]
[    0.093293]   node   0: [mem 0x0000000000100000-0x000000007ffeffff]
[    0.093296] Zeroed struct page in unavailable ranges: 114 pages
[    0.093297] Initmem setup node 0 [mem 0x0000000000001000-0x000000007ffeffff]
[    0.093298] On node 0 totalpages: 524174
[    0.093299]   DMA zone: 64 pages used for memmap
[    0.093299]   DMA zone: 21 pages reserved
[    0.093300]   DMA zone: 3998 pages, LIFO batch:0
[    0.093371]   DMA32 zone: 8128 pages used for memmap
[    0.093371]   DMA32 zone: 520176 pages, LIFO batch:63
[    0.102390] ACPI: PM-Timer IO Port: 0x4008
[    0.102394] ACPI: Local APIC address 0xfee00000
[    0.102466] IOAPIC[0]: apic_id 1, version 32, address 0xfec00000, GSI 0-23
[    0.102470] ACPI: INT_SRC_OVR (bus 0 bus_irq 0 global_irq 2 dfl dfl)
[    0.102471] ACPI: INT_SRC_OVR (bus 0 bus_irq 9 global_irq 9 low level)
[    0.102473] ACPI: IRQ0 used by override.
[    0.102474] ACPI: IRQ9 used by override.
[    0.102477] Using ACPI (MADT) for SMP configuration information
[    0.102484] smpboot: Allowing 1 CPUs, 0 hotplug CPUs
[    0.102506] PM: Registered nosave memory: [mem 0x00000000-0x00000fff]
[    0.102508] PM: Registered nosave memory: [mem 0x0009f000-0x0009ffff]
[    0.102508] PM: Registered nosave memory: [mem 0x000a0000-0x000effff]
[    0.102509] PM: Registered nosave memory: [mem 0x000f0000-0x000fffff]
[    0.102511] [mem 0x80000000-0xfebfffff] available for PCI devices
[    0.102512] Booting paravirtualized kernel on KVM
[    0.102515] clocksource: refined-jiffies: mask: 0xffffffff max_cycles: 0xffffffff, max_idle_ns: 7645519600211568 ns
[    0.102519] setup_percpu: NR_CPUS:8192 nr_cpumask_bits:1 nr_cpu_ids:1 nr_node_ids:1
[    0.103514] percpu: Embedded 60 pages/cpu s208896 r8192 d28672 u2097152
[    0.103518] pcpu-alloc: s208896 r8192 d28672 u2097152 alloc=1*2097152
[    0.103519] pcpu-alloc: [0] 0 
[    0.103547] Built 1 zonelists, mobility grouping on.  Total pages: 515961
[    0.103547] Policy zone: DMA32
[    0.103549] Kernel command line: BOOT_IMAGE=/boot/vmlinuz-5.4.243-mptcp root=UUID=98415a12-53b7-4144-8265-0f7ece09e445 ro quiet splash
[    0.104377] Dentry cache hash table entries: 262144 (order: 9, 2097152 bytes, linear)
[    0.104639] Inode-cache hash table entries: 131072 (order: 8, 1048576 bytes, linear)
[    0.104691] mem auto-init: stack:off, heap alloc:on, heap free:off
[    0.104693] Calgary: detecting Calgary via BIOS EBDA area
[    0.104695] Calgary: Unable to locate Rio Grande table in EBDA - bailing!
[    0.108897] Memory: 1967332K/2096696K available (14339K kernel code, 2398K rwdata, 4712K rodata, 2728K init, 17260K bss, 129364K reserved, 0K cma-reserved)
[    0.109822] SLUB: HWalign=64, Order=0-3, MinObjects=0, CPUs=1, Nodes=1
[    0.109838] ftrace: allocating 43186 entries in 169 pages
[    0.127955] rcu: Hierarchical RCU implementation.
[    0.127957] rcu: 	RCU restricting CPUs from NR_CPUS=8192 to nr_cpu_ids=1.
[    0.127958] 	Tasks RCU enabled.
[    0.127959] rcu: RCU calculated value of scheduler-enlistment delay is 25 jiffies.
[    0.127960] rcu: Adjusting geometry for rcu_fanout_leaf=16, nr_cpu_ids=1
[    0.130922] NR_IRQS: 524544, nr_irqs: 256, preallocated irqs: 16
[    0.131138] random: crng init done
[    0.140488] Console: colour VGA+ 80x25
[    0.140492] printk: console [tty0] enabled
[    0.140511] ACPI: Core revision 20190816
[    0.140606] APIC: Switch to symmetric I/O mode setup
[    0.140855] x2apic enabled
[    0.141094] Switched APIC routing to physical x2apic.
[    0.142223] ..TIMER: vector=0x30 apic1=0 pin1=2 apic2=-1 pin2=-1
[    0.142253] clocksource: tsc-early: mask: 0xffffffffffffffff max_cycles: 0x1e4530a99b6, max_idle_ns: 440795257976 ns
[    0.142259] Calibrating delay loop (skipped) preset value.. 4200.00 BogoMIPS (lpj=8400000)
[    0.142261] pid_max: default: 32768 minimum: 301
[    0.142288] LSM: Security Framework initializing
[    0.142297] Yama: becoming mindful.
[    0.142323] AppArmor: AppArmor initialized
[    0.142357] Mount-cache hash table entries: 4096 (order: 3, 32768 bytes, linear)
[    0.142362] Mountpoint-cache hash table entries: 4096 (order: 3, 32768 bytes, linear)
[    0.142372] *** VALIDATE tmpfs ***
[    0.142501] *** VALIDATE proc ***
[    0.142541] *** VALIDATE cgroup1 ***
[    0.142542] *** VALIDATE cgroup2 ***
[    0.142683] process: using mwait in idle threads
[    0.142688] Last level iTLB entries: 4KB 64, 2MB 8, 4MB 8
[    0.142688] Last level dTLB entries: 4KB 64, 2MB 0, 4MB 0, 1GB 4
[    0.142707] Spectre V1 : Mitigation: usercopy/swapgs barriers and __user pointer sanitization
[    0.142713] Spectre V2 : Mitigation: Retpolines
[    0.142713] Spectre V2 : Spectre v2 / SpectreRSB mitigation: Filling RSB on context switch
[    0.142714] Spectre V2 : Spectre v2 / SpectreRSB : Filling RSB on VMEXIT
[    0.142714] RETBleed: WARNING: Spectre v2 mitigation leaves CPU vulnerable to RETBleed attacks, data leaks possible!
[    0.143069] RETBleed: Vulnerable
[    0.143069] Speculative Store Bypass: Vulnerable
[    0.143074] TAA: Mitigation: TSX disabled
[    0.143074] MMIO Stale Data: Mitigation: Clear CPU buffers
[    0.147293] Freeing SMP alternatives memory: 40K
[    0.259539] smpboot: CPU0: Intel(R) Xeon(R) Silver 4216 CPU @ 2.10GHz (family: 0x6, model: 0x55, stepping: 0x7)
[    0.259659] Performance Events: unsupported p6 CPU model 85 no PMU driver, software events only.
[    0.259696] rcu: Hierarchical SRCU implementation.
[    0.260186] NMI watchdog: Perf NMI watchdog permanently disabled
[    0.260226] smp: Bringing up secondary CPUs ...
[    0.260227] smp: Brought up 1 node, 1 CPU
[    0.260228] smpboot: Max logical packages: 1
[    0.260229] smpboot: Total of 1 processors activated (4200.00 BogoMIPS)
[    0.261184] devtmpfs: initialized
[    0.261231] x86/mm: Memory block size: 128MB
[    0.261576] clocksource: jiffies: mask: 0xffffffff max_cycles: 0xffffffff, max_idle_ns: 7645041785100000 ns
[    0.261582] futex hash table entries: 256 (order: 2, 16384 bytes, linear)
[    0.261624] pinctrl core: initialized pinctrl subsystem
[    0.261724] PM: RTC time: 10:55:04, date: 2026-01-18
[    0.261830] NET: Registered protocol family 16
[    0.261904] audit: initializing netlink subsys (disabled)
[    0.262030] EISA bus registered
[    0.262031] cpuidle: using governor ladder
[    0.262032] cpuidle: using governor menu
[    0.262067] ACPI: bus type PCI registered
[    0.262069] acpiphp: ACPI Hot Plug PCI Controller Driver version: 0.5
[    0.262173] PCI: Using configuration type 1 for base access
[    0.262523] audit: type=2000 audit(1768704910.479:1): state=initialized audit_enabled=0 res=1
[    0.262602] HugeTLB registered 2.00 MiB page size, pre-allocated 0 pages
[    0.263410] ACPI: Added _OSI(Module Device)
[    0.263410] ACPI: Added _OSI(Processor Device)
[    0.263411] ACPI: Added _OSI(3.0 _SCP Extensions)
[    0.263412] ACPI: Added _OSI(Processor Aggregator Device)
[    0.263413] ACPI: Added _OSI(Linux-Dell-Video)
[    0.263414] ACPI: Added _OSI(Linux-Lenovo-NV-HDMI-Audio)
[    0.263414] ACPI: Added _OSI(Linux-HPI-Hybrid-Graphics)
[    0.265355] ACPI: 2 ACPI AML tables successfully acquired and loaded
[    0.266887] ACPI: Interpreter enabled
[    0.266896] ACPI: (supports S0 S5)
[    0.266897] ACPI: Using IOAPIC for interrupt routing
[    0.267102] PCI: Using host bridge windows from ACPI; if necessary, use "pci=nocrs" and report a bug
[    0.267207] ACPI: Enabled 2 GPEs in block 00 to 07
[    0.272016] ACPI: PCI Root Bridge [PCI0] (domain 0000 [bus 00-ff])
[    0.272020] acpi PNP0A03:00: _OSC: OS supports [ASPM ClockPM Segments MSI HPX-Type3]
[    0.272465] acpi PNP0A03:00: _OSC: not requesting OS control; OS requires [ExtendedConfig ASPM ClockPM MSI]
[    0.272473] acpi PNP0A03:00: fail to add MMCONFIG information, can't access extended PCI configuration space under this bridge.
[    0.272844] PCI host bridge to bus 0000:00
[    0.272846] pci_bus 0000:00: root bus resource [io  0x0000-0x0cf7 window]
[    0.272847] pci_bus 0000:00: root bus resource [io  0x0d00-0xffff window]
[    0.272848] pci_bus 0000:00: root bus resource [mem 0x000a0000-0x000bffff window]
[    0.272849] pci_bus 0000:00: root bus resource [mem 0x80000000-0xfdffffff window]
[    0.272851] pci_bus 0000:00: root bus resource [bus 00-ff]
[    0.272896] pci 0000:00:00.0: [8086:1237] type 00 class 0x060000
[    0.273828] pci 0000:00:01.0: [8086:7000] type 00 class 0x060100
[    0.274772] pci 0000:00:01.1: [8086:7111] type 00 class 0x01018a
[    0.275146] pci 0000:00:01.1: reg 0x20: [io  0xd000-0xd00f]
[    0.275299] pci 0000:00:01.1: legacy IDE quirk: reg 0x10: [io  0x01f0-0x01f7]
[    0.275300] pci 0000:00:01.1: legacy IDE quirk: reg 0x14: [io  0x03f6]
[    0.275301] pci 0000:00:01.1: legacy IDE quirk: reg 0x18: [io  0x0170-0x0177]
[    0.275302] pci 0000:00:01.1: legacy IDE quirk: reg 0x1c: [io  0x0376]
[    0.275840] pci 0000:00:02.0: [15ad:0405] type 00 class 0x030000
[    0.278335] pci 0000:00:02.0: reg 0x10: [io  0xd010-0xd01f]
[    0.282309] pci 0000:00:02.0: reg 0x14: [mem 0xe0000000-0xe7ffffff pref]
[    0.285077] pci 0000:00:02.0: reg 0x18: [mem 0xf0000000-0xf01fffff]
[    0.295051] pci 0000:00:03.0: [1022:2000] type 00 class 0x020000
[    0.295794] pci 0000:00:03.0: reg 0x10: [io  0xd020-0xd03f]
[    0.296436] pci 0000:00:03.0: reg 0x14: [mem 0xf0200000-0xf0200fff]
[    0.301369] pci 0000:00:04.0: [80ee:cafe] type 00 class 0x088000
[    0.302055] pci 0000:00:04.0: reg 0x10: [io  0xd040-0xd05f]
[    0.302375] pci 0000:00:04.0: reg 0x14: [mem 0xf0400000-0xf07fffff]
[    0.302984] pci 0000:00:04.0: reg 0x18: [mem 0xf0800000-0xf0803fff pref]
[    0.306297] pci 0000:00:07.0: [8086:7113] type 00 class 0x068000
[    0.306862] pci 0000:00:07.0: quirk: [io  0x4000-0x403f] claimed by PIIX4 ACPI
[    0.306872] pci 0000:00:07.0: quirk: [io  0x4100-0x410f] claimed by PIIX4 SMB
[    0.307483] pci 0000:00:08.0: [8086:100e] type 00 class 0x020000
[    0.308216] pci 0000:00:08.0: reg 0x10: [mem 0xf0820000-0xf083ffff]
[    0.309386] pci 0000:00:08.0: reg 0x18: [io  0xd060-0xd067]
[    0.313491] pci 0000:00:09.0: [8086:100e] type 00 class 0x020000
[    0.314199] pci 0000:00:09.0: reg 0x10: [mem 0xf0840000-0xf085ffff]
[    0.314954] pci 0000:00:09.0: reg 0x18: [io  0xd068-0xd06f]
[    0.323390] ACPI: PCI Interrupt Link [LNKA] (IRQs 5 9 10 *11)
[    0.326488] ACPI: PCI Interrupt Link [LNKB] (IRQs 5 9 *10 11)
[    0.326588] ACPI: PCI Interrupt Link [LNKC] (IRQs 5 *9 10 11)
[    0.326691] ACPI: PCI Interrupt Link [LNKD] (IRQs 5 9 10 *11)
[    0.326961] iommu: Default domain type: Translated 
[    0.327023] pci 0000:00:02.0: vgaarb: setting as boot VGA device
[    0.327025] pci 0000:00:02.0: vgaarb: VGA device added: decodes=io+mem,owns=io+mem,locks=none
[    0.327027] pci 0000:00:02.0: vgaarb: bridge control possible
[    0.327028] vgaarb: loaded
[    0.327238] SCSI subsystem initialized
[    0.327270] libata version 3.00 loaded.
[    0.327295] ACPI: bus type USB registered
[    0.327311] usbcore: registered new interface driver usbfs
[    0.327317] usbcore: registered new interface driver hub
[    0.327323] usbcore: registered new device driver usb
[    0.327350] pps_core: LinuxPPS API ver. 1 registered
[    0.327351] pps_core: Software ver. 5.3.6 - Copyright 2005-2007 Rodolfo Giometti <giometti@linux.it>
[    0.327353] PTP clock support registered
[    0.327387] EDAC MC: Ver: 3.0.0
[    0.327674] PCI: Using ACPI for IRQ routing
[    0.327675] PCI: pci_cache_line_size set to 64 bytes
[    0.327848] e820: reserve RAM buffer [mem 0x0009fc00-0x0009ffff]
[    0.327852] e820: reserve RAM buffer [mem 0x7fff0000-0x7fffffff]
[    0.328627] NetLabel: Initializing
[    0.328627] NetLabel:  domain hash size = 128
[    0.328628] NetLabel:  protocols = UNLABELED CIPSOv4 CALIPSO
[    0.328648] NetLabel:  unlabeled traffic allowed by default
[    0.329542] clocksource: Switched to clocksource kvm-clock
[    0.340741] *** VALIDATE bpf ***
[    0.340806] VFS: Disk quotas dquot_6.6.0
[    0.340819] VFS: Dquot-cache hash table entries: 512 (order 0, 4096 bytes)
[    0.340842] *** VALIDATE ramfs ***
[    0.340845] *** VALIDATE hugetlbfs ***
[    0.340926] AppArmor: AppArmor Filesystem Enabled
[    0.340955] pnp: PnP ACPI init
[    0.341026] pnp 00:00: Plug and Play ACPI device, IDs PNP0303 (active)
[    0.341114] pnp 00:01: Plug and Play ACPI device, IDs PNP0f03 (active)
[    0.341866] pnp: PnP ACPI: found 2 devices
[    0.342848] thermal_sys: Registered thermal governor 'fair_share'
[    0.342849] thermal_sys: Registered thermal governor 'bang_bang'
[    0.342849] thermal_sys: Registered thermal governor 'step_wise'
[    0.342850] thermal_sys: Registered thermal governor 'user_space'
[    0.342850] thermal_sys: Registered thermal governor 'power_allocator'
[    0.347414] clocksource: acpi_pm: mask: 0xffffff max_cycles: 0xffffff, max_idle_ns: 2085701024 ns
[    0.347455] pci_bus 0000:00: resource 4 [io  0x0000-0x0cf7 window]
[    0.347456] pci_bus 0000:00: resource 5 [io  0x0d00-0xffff window]
[    0.347458] pci_bus 0000:00: resource 6 [mem 0x000a0000-0x000bffff window]
[    0.347459] pci_bus 0000:00: resource 7 [mem 0x80000000-0xfdffffff window]
[    0.347517] NET: Registered protocol family 2
[    0.347599] IP idents hash table entries: 32768 (order: 6, 262144 bytes, linear)
[    0.348004] MPTCP tokens hash table entries: 8192 (order: 4, 65536 bytes, linear)
[    0.348024] MPTCP request tokens hash table entries: 8192 (order: 4, 65536 bytes, linear)
[    0.348049] default registered
[    0.348049] default registered
[    0.348050] MPTCP: Stable release v0.96
[    0.348055] tcp_listen_portaddr_hash hash table entries: 1024 (order: 2, 16384 bytes, linear)
[    0.348132] TCP established hash table entries: 16384 (order: 5, 131072 bytes, linear)
[    0.348197] TCP bind hash table entries: 16384 (order: 6, 262144 bytes, linear)
[    0.348223] TCP: Hash tables configured (established 16384 bind 16384)
[    0.348964] UDP hash table entries: 1024 (order: 3, 32768 bytes, linear)
[    0.348975] UDP-Lite hash table entries: 1024 (order: 3, 32768 bytes, linear)
[    0.349011] NET: Registered protocol family 1
[    0.349020] NET: Registered protocol family 44
[    0.349043] pci 0000:00:00.0: Limiting direct PCI/PCI transfers
[    0.349059] pci 0000:00:01.0: Activating ISA DMA hang workarounds
[    0.349113] pci 0000:00:02.0: Video device with shadowed ROM at [mem 0x000c0000-0x000dffff]
[    0.349178] PCI: CLS 0 bytes, default 64
[    0.349229] Trying to unpack rootfs image as initramfs...
[    0.520470] Freeing initrd memory: 47868K
[    0.520470] clocksource: tsc: mask: 0xffffffffffffffff max_cycles: 0x1e4530a99b6, max_idle_ns: 440795257976 ns
[    0.520470] clocksource: Switched to clocksource tsc
[    0.520470] platform rtc_cmos: registered platform RTC device (no PNP device found)
[    0.520470] check: Scanning for low memory corruption every 60 seconds
[    0.520470] Initialise system trusted keyrings
[    0.520470] Key type blacklist registered
[    0.520470] workingset: timestamp_bits=36 max_order=19 bucket_order=0
[    0.520470] zbud: loaded
[    0.520470] squashfs: version 4.0 (2009/01/31) Phillip Lougher
[    0.520470] fuse: init (API version 7.31)
[    0.520470] *** VALIDATE fuse ***
[    0.520470] *** VALIDATE fuse ***
[    0.520470] Platform Keyring initialized
[    0.535192] Key type asymmetric registered
[    0.535193] Asymmetric key parser 'x509' registered
[    0.535202] Block layer SCSI generic (bsg) driver version 0.4 loaded (major 244)
[    0.535238] io scheduler mq-deadline registered
[    0.535357] shpchp: Standard Hot Plug PCI Controller Driver version: 0.4
[    0.535566] ACPI: AC Adapter [AC] (on-line)
[    0.535620] input: Power Button as /devices/LNXSYSTM:00/LNXPWRBN:00/input/input0
[    0.535650] ACPI: Power Button [PWRF]
[    0.535724] input: Sleep Button as /devices/LNXSYSTM:00/LNXSLPBN:00/input/input1
[    0.535738] ACPI: Sleep Button [SLPF]
[    0.535973] Serial: 8250/16550 driver, 32 ports, IRQ sharing enabled
[    0.537118] Linux agpgart interface v0.103
[    0.627163] loop: module loaded
[    0.627307] ata_piix 0000:00:01.1: version 2.13
[    0.627723] scsi host0: ata_piix
[    0.627813] scsi host1: ata_piix
[    0.627839] ata1: PATA max UDMA/33 cmd 0x1f0 ctl 0x3f6 bmdma 0xd000 irq 14
[    0.627839] ata2: PATA max UDMA/33 cmd 0x170 ctl 0x376 bmdma 0xd008 irq 15
[    0.627920] tun: Universal TUN/TAP device driver, 1.6
[    0.628224] PPP generic driver version 2.4.2
[    0.628266] VFIO - User Level meta-driver version: 0.3
[    0.628505] ehci_hcd: USB 2.0 'Enhanced' Host Controller (EHCI) Driver
[    0.628510] ehci-pci: EHCI PCI platform driver
[    0.628526] ehci-platform: EHCI generic platform driver
[    0.628531] ohci_hcd: USB 1.1 'Open' Host Controller (OHCI) Driver
[    0.628533] ohci-pci: OHCI PCI platform driver
[    0.628540] ohci-platform: OHCI generic platform driver
[    0.628545] uhci_hcd: USB Universal Host Controller Interface driver
[    0.628608] i8042: PNP: PS/2 Controller [PNP0303:PS2K,PNP0f03:PS2M] at 0x60,0x64 irq 1,12
[    0.629045] serio: i8042 KBD port at 0x60,0x64 irq 1
[    0.629049] serio: i8042 AUX port at 0x60,0x64 irq 12
[    0.629136] mousedev: PS/2 mouse device common for all mice
[    0.629390] input: AT Translated Set 2 keyboard as /devices/platform/i8042/serio0/input/input2
[    0.629787] rtc_cmos rtc_cmos: registered as rtc0
[    0.629800] rtc_cmos rtc_cmos: alarms up to one day, 114 bytes nvram
[    0.629805] i2c /dev entries driver
[    0.629847] device-mapper: uevent: version 1.0.3
[    0.629889] device-mapper: ioctl: 4.41.0-ioctl (2019-09-16) initialised: dm-devel@redhat.com
[    0.629905] platform eisa.0: Probing EISA bus 0
[    0.629906] platform eisa.0: EISA: Cannot allocate resource for mainboard
[    0.629907] platform eisa.0: Cannot allocate resource for EISA slot 1
[    0.629908] platform eisa.0: Cannot allocate resource for EISA slot 2
[    0.629909] platform eisa.0: Cannot allocate resource for EISA slot 3
[    0.629910] platform eisa.0: Cannot allocate resource for EISA slot 4
[    0.629911] platform eisa.0: Cannot allocate resource for EISA slot 5
[    0.629912] platform eisa.0: Cannot allocate resource for EISA slot 6
[    0.629913] platform eisa.0: Cannot allocate resource for EISA slot 7
[    0.629914] platform eisa.0: Cannot allocate resource for EISA slot 8
[    0.629915] platform eisa.0: EISA: Detected 0 cards
[    0.629918] intel_pstate: CPU model not supported
[    0.629927] ledtrig-cpu: registered to indicate activity on CPUs
[    0.629979] drop_monitor: Initializing network drop monitor service
[    0.630135] NET: Registered protocol family 10
[    0.635191] Segment Routing with IPv6
[    0.635218] fullmesh registered
[    0.635219] ndiffports registered
[    0.635221] binder registered
[    0.635222] roundrobin registered
[    0.635222] redundant registered
[    0.635223] blest registered
[    0.635224] ecf registered
[    0.635225] NET: Registered protocol family 17
[    0.635257] Key type dns_resolver registered
[    0.635305] RAS: Correctable Errors collector initialized.
[    0.635305] IPI shorthand broadcast: enabled
[    0.635305] sched_clock: Marking stable (620178003, 11127410)->(633963954, -2658541)
[    0.635431] registered taskstats version 1
[    0.635440] Loading compiled-in X.509 certificates
[    0.636039] Loaded X.509 cert 'Build time autogenerated kernel key: 6909f3744cebb3d0de528d5887b96a727de79b1e'
[    0.636058] zswap: loaded using pool lzo/zbud
[    0.636112] Key type ._fscrypt registered
[    0.636113] Key type .fscrypt registered
[    0.640550] Key type big_key registered
[    0.642748] Key type encrypted registered
[    0.642750] AppArmor: AppArmor sha1 policy hashing enabled
[    0.642758] ima: No TPM chip found, activating TPM-bypass!
[    0.642762] ima: Allocated hash algorithm: sha1
[    0.642767] ima: No architecture policies found
[    0.642776] evm: Initialising EVM extended attributes:
[    0.642776] evm: security.selinux
[    0.642777] evm: security.SMACK64
[    0.642777] evm: security.SMACK64EXEC
[    0.642777] evm: security.SMACK64TRANSMUTE
[    0.642778] evm: security.SMACK64MMAP
[    0.642778] evm: security.apparmor
[    0.642779] evm: security.ima
[    0.642779] evm: security.capability
[    0.642780] evm: HMAC attrs: 0x1
[    0.643076] PM:   Magic number: 10:272:932
[    0.643208] rtc_cmos rtc_cmos: setting system clock to 2026-01-18T10:55:05 UTC (1768733705)
[    0.799018] ata1.00: ATA-6: VBOX HARDDISK, 1.0, max UDMA/133
[    0.799020] ata1.00: 209715200 sectors, multi 128: LBA 
[    0.799511] scsi 0:0:0:0: Direct-Access     ATA      VBOX HARDDISK    1.0  PQ: 0 ANSI: 5
[    0.799718] sd 0:0:0:0: [sda] 209715200 512-byte logical blocks: (107 GB/100 GiB)
[    0.799726] sd 0:0:0:0: [sda] Write Protect is off
[    0.799728] sd 0:0:0:0: [sda] Mode Sense: 00 3a 00 00
[    0.799740] sd 0:0:0:0: [sda] Write cache: enabled, read cache: enabled, doesn't support DPO or FUA
[    0.799954] sd 0:0:0:0: Attached scsi generic sg0 type 0
[    0.801104]  sda: sda1 sda2
[    0.811279] sd 0:0:0:0: [sda] Attached SCSI disk
[    0.813407] Freeing unused decrypted memory: 2040K
[    0.814142] Freeing unused kernel image memory: 2728K
[    0.814144] Write protecting the kernel read-only data: 22528k
[    0.814867] Freeing unused kernel image memory: 2036K
[    0.815281] Freeing unused kernel image memory: 1432K
[    0.831144] x86/mm: Checked W+X mappings: passed, no W+X pages found.
[    0.831147] Run /init as init process
[    0.937303] ACPI: Video Device [GFX0] (multi-head: yes  rom: no  post: no)
[    0.937376] input: Video Bus as /devices/LNXSYSTM:00/LNXSYBUS:00/PNP0A03:00/LNXVIDEO:00/input/input4
[    0.950547] pcnet32: pcnet32.c:v1.35 21.Apr.2008 tsbogend@alpha.franken.de
[    0.951602] pcnet32: PCnet/FAST III 79C973 at 0xd020, 08:00:27:47:3b:c6 assigned IRQ 19
[    0.951645] pcnet32: Found PHY 0022:561b at address 0
[    0.951947] pcnet32: eth0: registered as PCnet/FAST III 79C973
[    0.952493] pcnet32: 1 cards_found
[    0.955083] e1000: Intel(R) PRO/1000 Network Driver - version 7.3.21-k8-NAPI
[    0.955084] e1000: Copyright (c) 1999-2006 Intel Corporation.
[    0.957587] piix4_smbus 0000:00:07.0: SMBus Host Controller at 0x4100, revision 0
[    1.032357] pcnet32 0000:00:03.0 enp0s3: renamed from eth0
[    1.180066] input: ImExPS/2 Generic Explorer Mouse as /devices/platform/i8042/serio1/input/input5
[    1.363495] e1000 0000:00:08.0 eth0: (PCI:33MHz:32-bit) 08:00:27:3a:81:4e
[    1.363500] e1000 0000:00:08.0 eth0: Intel(R) PRO/1000 Network Connection
[    1.735540] e1000 0000:00:09.0 eth1: (PCI:33MHz:32-bit) 08:00:27:c2:2f:aa
[    1.735543] e1000 0000:00:09.0 eth1: Intel(R) PRO/1000 Network Connection
[    1.736686] e1000 0000:00:09.0 enp0s9: renamed from eth1
[    1.738452] e1000 0000:00:08.0 enp0s8: renamed from eth0
[    1.898781] EXT4-fs (sda2): mounted filesystem with ordered data mode. Opts: (null)
[    1.989832] systemd[1]: Inserted module 'autofs4'
[    2.002430] systemd[1]: systemd 245.4-4ubuntu3 running in system mode. (+PAM +AUDIT +SELINUX +IMA +APPARMOR +SMACK +SYSVINIT +UTMP +LIBCRYPTSETUP +GCRYPT +GNUTLS +ACL +XZ +LZ4 +SECCOMP +BLKID +ELFUTILS +KMOD +IDN2 -IDN +PCRE2 default-hierarchy=hybrid)
[    2.002462] systemd[1]: Detected virtualization oracle.
[    2.002465] systemd[1]: Detected architecture x86-64.
[    2.003796] systemd[1]: Set hostname to <ztg>.
[    2.130192] systemd[1]: /lib/systemd/system/dbus.socket:5: ListenStream= references a path below legacy directory /var/run/, updating /var/run/dbus/system_bus_socket â†’ /run/dbus/system_bus_socket; please update the unit file accordingly.
[    2.182982] systemd[1]: Created slice system-modprobe.slice.
[    2.183220] systemd[1]: Created slice User and Session Slice.
[    2.183268] systemd[1]: Started Forward Password Requests to Wall Directory Watch.
[    2.183431] systemd[1]: Set up automount Arbitrary Executable File Formats File System Automount Point.
[    2.183464] systemd[1]: Reached target User and Group Name Lookups.
[    2.183472] systemd[1]: Reached target Remote File Systems.
[    2.183481] systemd[1]: Reached target Slices.
[    2.184046] systemd[1]: Listening on Syslog Socket.
[    2.184114] systemd[1]: Listening on fsck to fsckd communication Socket.
[    2.184151] systemd[1]: Listening on initctl Compatibility Named Pipe.
[    2.184285] systemd[1]: Listening on Journal Audit Socket.
[    2.184337] systemd[1]: Listening on Journal Socket (/dev/log).
[    2.184402] systemd[1]: Listening on Journal Socket.
[    2.184465] systemd[1]: Listening on udev Control Socket.
[    2.184505] systemd[1]: Listening on udev Kernel Socket.
[    2.185236] systemd[1]: Mounting Huge Pages File System...
[    2.186130] systemd[1]: Mounting POSIX Message Queue File System...
[    2.187012] systemd[1]: Mounting Kernel Debug File System...
[    2.187897] systemd[1]: Mounting Kernel Trace File System...
[    2.189783] systemd[1]: Starting Journal Service...
[    2.214044] systemd[1]: Starting Set the console keyboard layout...
[    2.221901] systemd[1]: Starting Create list of static device nodes for the current kernel...
[    2.223928] systemd[1]: Starting Load Kernel Module drm...
[    2.227877] systemd[1]: Condition check resulted in Set Up Additional Binary Formats being skipped.
[    2.228170] systemd[1]: Condition check resulted in File System Check on Root Device being skipped.
[    2.236080] systemd[1]: Starting Load Kernel Modules...
[    2.243530] systemd[1]: Starting Remount Root and Kernel File Systems...
[    2.251812] systemd[1]: Starting udev Coldplug all Devices...
[    2.262631] systemd[1]: Starting Uncomplicated firewall...
[    2.263929] systemd[1]: Mounted Huge Pages File System.
[    2.264016] systemd[1]: Mounted POSIX Message Queue File System.
[    2.264088] systemd[1]: Mounted Kernel Debug File System.
[    2.264156] systemd[1]: Mounted Kernel Trace File System.
[    2.272031] EXT4-fs (sda2): re-mounted. Opts: errors=remount-ro
[    2.284652] systemd[1]: Finished Create list of static device nodes for the current kernel.
[    2.285715] systemd[1]: modprobe@drm.service: Succeeded.
[    2.302066] systemd[1]: Finished Load Kernel Module drm.
[    2.308506] systemd[1]: Finished Remount Root and Kernel File Systems.
[    2.310664] lp: driver loaded but no devices found
[    2.312150] systemd[1]: Finished Uncomplicated firewall.
[    2.329309] systemd[1]: Condition check resulted in Rebuild Hardware Database being skipped.
[    2.329347] systemd[1]: Condition check resulted in Platform Persistent Storage Archival being skipped.
[    2.330042] systemd[1]: Starting Load/Save Random Seed...
[    2.332084] ppdev: user-space parallel port driver
[    2.339061] systemd[1]: Starting Create System Users...
[    2.351586] systemd[1]: Finished Load/Save Random Seed.
[    2.356263] systemd[1]: Finished Create System Users.
[    2.356977] systemd[1]: Starting Create Static Device Nodes in /dev...
[    2.395541] systemd[1]: Finished Create Static Device Nodes in /dev.
[    2.396415] systemd[1]: Starting udev Kernel Device Manager...
[    2.421256] systemd[1]: Finished udev Coldplug all Devices.
[    2.422665] [drm] DMA map mode: Caching DMA mappings.
[    2.422729] [drm] Capabilities:
[    2.422729] [drm]   Rect copy.
[    2.422729] [drm]   Cursor.
[    2.422730] [drm]   Cursor bypass.
[    2.422730] [drm]   Cursor bypass 2.
[    2.422731] [drm]   Alpha cursor.
[    2.422731] [drm]   Extended Fifo.
[    2.422731] [drm]   Pitchlock.
[    2.422732] [drm]   Irq mask.
[    2.422732] [drm]   GMR.
[    2.422732] [drm]   Traces.
[    2.422733] [drm]   GMR2.
[    2.422733] [drm]   Screen Object 2.
[    2.422733] [drm]   Command Buffers.
[    2.422734] [drm]   Command Buffers 2.
[    2.422734] [drm]   Guest Backed Resources.
[    2.422735] [drm] Max GMR ids is 8192
[    2.422735] [drm] Max number of GMR pages is 1048576
[    2.422736] [drm] Max dedicated hypervisor surface memory is 393216 kiB
[    2.422736] [drm] Maximum display memory size is 131072 kiB
[    2.422737] [drm] VRAM at 0xe0000000 size is 131072 kiB
[    2.422738] [drm] MMIO at 0xf0000000 size is 2048 kiB
[    2.424434] [TTM] Zone  kernel: Available graphics memory: 1011738 KiB
[    2.424459] [TTM] Initializing pool allocator
[    2.424463] [TTM] Initializing DMA pool allocator
[    2.424492] [drm] Supports vblank timestamp caching Rev 2 (21.10.2013).
[    2.424492] [drm] No driver support for vblank timestamp query.
[    2.424721] [drm] Screen Target Display device initialized
[    2.424940] [drm] width 720
[    2.424949] [drm] height 400
[    2.424953] [drm] bpp 32
[    2.425486] [drm] Fifo max 0x00200000 min 0x00001000 cap 0x00000355
[    2.426540] [drm] Using command buffers with DMA pool.
[    2.426544] [drm] DX: no.
[    2.426545] [drm] Atomic: yes.
[    2.426545] [drm] SM4_1: no.
[    2.426564] [drm:vmw_host_log [vmwgfx]] *ERROR* Failed to send host log message.
[    2.427832] [drm:vmw_host_log [vmwgfx]] *ERROR* Failed to send host log message.
[    2.444249] fbcon: svgadrmfb (fb0) is primary device
[    2.447007] Console: switching to colour frame buffer device 100x37
[    2.485477] [drm] Initialized vmwgfx 2.15.0 20180704 for 0000:00:02.0 on minor 0
[    2.486904] systemd[1]: Finished Load Kernel Modules.
[    2.487824] systemd[1]: Mounting FUSE Control File System...
[    2.488705] systemd[1]: Mounting Kernel Configuration File System...
[    2.489529] systemd[1]: Starting Apply Kernel Variables...
[    2.504279] systemd[1]: Mounted FUSE Control File System.
[    2.504349] systemd[1]: Condition check resulted in VMware vmblock fuse mount being skipped.
[    2.508670] systemd[1]: Mounted Kernel Configuration File System.
[    2.523837] systemd[1]: Finished Set the console keyboard layout.
[    2.523933] systemd[1]: Reached target Local File Systems (Pre).
[    2.527354] systemd[1]: Mounting Mount unit for bare, revision 5...
[    2.529319] systemd[1]: Mounting Mount unit for core18, revision 1705...
[    2.548090] systemd[1]: Mounting Mount unit for gnome-3-34-1804, revision 24...
[    2.552493] systemd[1]: Mounting Mount unit for gtk-common-themes, revision 1506...
[    2.563045] systemd[1]: Mounting Mount unit for gtk-common-themes, revision 1535...
[    2.570765] systemd[1]: Mounting Mount unit for snap-store, revision 433...
[    2.577344] systemd[1]: Mounting Mount unit for snapd, revision 7264...
[    2.611489] systemd[1]: Finished Apply Kernel Variables.
[    2.613800] systemd[1]: Mounted Mount unit for bare, revision 5.
[    2.613890] systemd[1]: Mounted Mount unit for core18, revision 1705.
[    2.617040] systemd[1]: Started udev Kernel Device Manager.
[    2.619846] systemd[1]: Starting Show Plymouth Boot Screen...
[    2.620037] systemd[1]: Mounted Mount unit for gnome-3-34-1804, revision 24.
[    2.624423] systemd[1]: Received SIGRTMIN+20 from PID 278 (plymouthd).
[    2.650486] systemd[1]: Started Show Plymouth Boot Screen.
[    2.650746] systemd[1]: Condition check resulted in Dispatch Password Requests to Console Directory Watch being skipped.
[    2.650846] systemd[1]: Started Forward Password Requests to Plymouth Directory Watch.
[    2.650913] systemd[1]: Reached target Local Encrypted Volumes.
[    2.699764] systemd[1]: Mounted Mount unit for gtk-common-themes, revision 1506.
[    2.700067] systemd[1]: Mounted Mount unit for gtk-common-themes, revision 1535.
[    2.732496] systemd[1]: Mounted Mount unit for snap-store, revision 433.
[    2.732751] systemd[1]: Mounted Mount unit for snapd, revision 7264.
[    2.732904] systemd[1]: Reached target Local File Systems.
[    2.735173] systemd[1]: Starting Load AppArmor profiles...
[    2.736086] systemd[1]: Starting Set console font and keymap...
[    2.749464] systemd[1]: Starting Tell Plymouth To Write Out Runtime Data...
[    2.750899] systemd[1]: Condition check resulted in Store a System Token in an EFI Variable being skipped.
[    2.750955] systemd[1]: Condition check resulted in Commit a transient machine-id on disk being skipped.
[    2.754795] systemd[1]: Finished Set console font and keymap.
[    2.763223] systemd[1]: Received SIGRTMIN+20 from PID 278 (plymouthd).
[    2.764365] systemd[1]: plymouth-read-write.service: Succeeded.
[    2.764604] systemd[1]: Finished Tell Plymouth To Write Out Runtime Data.
[    2.797579] audit: type=1400 audit(1768733707.648:2): apparmor="STATUS" operation="profile_load" profile="unconfined" name="nvidia_modprobe" pid=301 comm="apparmor_parser"
[    2.797582] audit: type=1400 audit(1768733707.648:3): apparmor="STATUS" operation="profile_load" profile="unconfined" name="nvidia_modprobe//kmod" pid=301 comm="apparmor_parser"
[    2.803889] audit: type=1400 audit(1768733707.656:4): apparmor="STATUS" operation="profile_load" profile="unconfined" name="/usr/sbin/tcpdump" pid=302 comm="apparmor_parser"
[    2.845737] audit: type=1400 audit(1768733707.692:5): apparmor="STATUS" operation="profile_load" profile="unconfined" name="/usr/bin/evince" pid=304 comm="apparmor_parser"
[    2.845739] audit: type=1400 audit(1768733707.692:6): apparmor="STATUS" operation="profile_load" profile="unconfined" name="/usr/bin/evince//sanitized_helper" pid=304 comm="apparmor_parser"
[    2.845740] audit: type=1400 audit(1768733707.692:7): apparmor="STATUS" operation="profile_load" profile="unconfined" name="/usr/bin/evince-previewer" pid=304 comm="apparmor_parser"
[    2.845742] audit: type=1400 audit(1768733707.692:8): apparmor="STATUS" operation="profile_load" profile="unconfined" name="/usr/bin/evince-previewer//sanitized_helper" pid=304 comm="apparmor_parser"
[    2.845744] audit: type=1400 audit(1768733707.692:9): apparmor="STATUS" operation="profile_load" profile="unconfined" name="/usr/bin/evince-thumbnailer" pid=304 comm="apparmor_parser"
[    2.860308] audit: type=1400 audit(1768733707.712:10): apparmor="STATUS" operation="profile_load" profile="unconfined" name="/usr/lib/cups/backend/cups-pdf" pid=305 comm="apparmor_parser"
[    2.931955] systemd[1]: Finished Load AppArmor profiles.
[    2.932871] systemd[1]: Starting Load AppArmor profiles managed internally by snapd...
[    3.004940] systemd[1]: Finished Load AppArmor profiles managed internally by snapd.
[    3.183953] systemd[1]: Started Journal Service.
[    3.190848] systemd-journald[229]: Received client request to flush runtime journal.
[    3.195941] systemd-journald[229]: File /var/log/journal/c455b248004a419c87ce85eea238d727/system.journal corrupted or uncleanly shut down, renaming and replacing.
[    4.504198] RAPL PMU: API unit is 2^-32 Joules, 0 fixed counters, 10737418240 ms ovfl timer
[    4.560336] cryptd: max_cpu_qlen set to 1000
[    4.639017] AVX2 version of gcm_enc/dec engaged.
[    4.639018] AES CTR mode by8 optimization enabled
[    5.379709] Adding 1998844k swap on /dev/sda1.  Priority:-2 extents:1 across:1998844k FS
[    6.833408] kauditd_printk_skb: 30 callbacks suppressed
[    6.833409] audit: type=1400 audit(1768733711.684:41): apparmor="DENIED" operation="capable" profile="/usr/sbin/cups-browsed" pid=497 comm="cups-browsed" capability=23  capname="sys_nice"
[    7.524073] pcnet32 0000:00:03.0 enp0s3: link up, 100Mbps, full-duplex
[    7.553001] e1000: enp0s8 NIC Link is Up 1000 Mbps Full Duplex, Flow Control: RX
[    7.553274] IPv6: ADDRCONF(NETDEV_CHANGE): enp0s8: link becomes ready
[    7.571687] e1000: enp0s9 NIC Link is Up 1000 Mbps Full Duplex, Flow Control: RX
[    7.571978] IPv6: ADDRCONF(NETDEV_CHANGE): enp0s9: link becomes ready
[    8.130030] device enp0s3 entered promiscuous mode
[    8.152582] audit: type=1400 audit(1768733713.008:42): apparmor="DENIED" operation="open" profile="/usr/sbin/tcpdump" name="/proc/sys/kernel/random/boot_id" pid=701 comm="tcpdump" requested_mask="r" denied_mask="r" fsuid=0 ouid=0
[    8.157945] audit: type=1400 audit(1768733713.012:43): apparmor="DENIED" operation="open" profile="/usr/sbin/tcpdump" name="/proc/sys/kernel/random/boot_id" pid=701 comm="tcpdump" requested_mask="r" denied_mask="r" fsuid=0 ouid=0
[    8.157997] audit: type=1400 audit(1768733713.012:44): apparmor="DENIED" operation="open" profile="/usr/sbin/tcpdump" name="/proc/sys/kernel/random/boot_id" pid=701 comm="tcpdump" requested_mask="r" denied_mask="r" fsuid=0 ouid=0
[    8.158017] audit: type=1400 audit(1768733713.012:45): apparmor="DENIED" operation="open" profile="/usr/sbin/tcpdump" name="/proc/sys/kernel/random/boot_id" pid=701 comm="tcpdump" requested_mask="r" denied_mask="r" fsuid=0 ouid=0
[    8.161877] audit: type=1400 audit(1768733713.016:46): apparmor="DENIED" operation="open" profile="/usr/sbin/tcpdump" name="/proc/sys/kernel/random/boot_id" pid=702 comm="tcpdump" requested_mask="r" denied_mask="r" fsuid=0 ouid=0
[    8.163072] audit: type=1400 audit(1768733713.016:47): apparmor="DENIED" operation="open" profile="/usr/sbin/tcpdump" name="/proc/sys/kernel/random/boot_id" pid=702 comm="tcpdump" requested_mask="r" denied_mask="r" fsuid=0 ouid=0
[    8.163116] audit: type=1400 audit(1768733713.016:48): apparmor="DENIED" operation="open" profile="/usr/sbin/tcpdump" name="/proc/sys/kernel/random/boot_id" pid=702 comm="tcpdump" requested_mask="r" denied_mask="r" fsuid=0 ouid=0
[    8.163684] audit: type=1400 audit(1768733713.016:49): apparmor="DENIED" operation="open" profile="/usr/sbin/tcpdump" name="/proc/sys/kernel/random/boot_id" pid=702 comm="tcpdump" requested_mask="r" denied_mask="r" fsuid=0 ouid=0
[   12.397764] rfkill: input handler disabled
[  104.402013] rfkill: input handler enabled
[  114.363726] rfkill: input handler disabled
[  249.882110] AAAAA-TCP_FORW: name:enp0s3: saddr:16783984: daddr:100932208
[  250.180633] AAAAA-TCP_FORW: name:enp0s3: saddr:16783984: daddr:100932208
[  250.257654] AAAAA-TCP_FORW: name:enp0s3: saddr:16783984: daddr:100932208
[  250.306245] AAAAA-TCP_FORW: name:enp0s3: saddr:16783984: daddr:100932208
[  250.626274] AAAAA-TCP_FORW: name:enp0s3: saddr:33561200: daddr:100932208
[  250.925377] AAAAA-TCP_FORW: name:enp0s3: saddr:16783984: daddr:100932208
[  251.015730] AAAAA-TCP_FORW: name:enp0s3: saddr:33561200: daddr:100932208
[  251.171258] AAAAA-TCP_FORW: name:enp0s3: saddr:16783984: daddr:100932208
[  251.240134] AAAAA-TCP_FORW: name:enp0s3: saddr:16783984: daddr:100932208
[  251.483567] AAAAA-TCP_FORW: name:enp0s3: saddr:16783984: daddr:100932208
[  439.106717] device enp0s3 left promiscuous mode
