[    0.000000] Linux version 5.4.243-mptcp (root@ztg) (gcc version 12.2.0 (Debian 12.2.0-14+deb12u1)) #53 SMP Wed Dec 24 23:28:15 CST 2025
[    0.000000] Command line: BOOT_IMAGE=/boot/vmlinuz-5.4.243-mptcp root=UUID=98415a12-53b7-4144-8265-0f7ece09e445 ro quiet splash
[    0.000000] KERNEL supported cpus:
[    0.000000]   Intel GenuineIntel
[    0.000000]   AMD AuthenticAMD
[    0.000000]   Hygon HygonGenuine
[    0.000000]   Centaur CentaurHauls
[    0.000000]   zhaoxin   Shanghai  
[    0.000000] x86/fpu: Supporting XSAVE feature 0x001: 'x87 floating point registers'
[    0.000000] x86/fpu: Supporting XSAVE feature 0x002: 'SSE registers'
[    0.000000] x86/fpu: Supporting XSAVE feature 0x004: 'AVX registers'
[    0.000000] x86/fpu: xstate_offset[2]:  576, xstate_sizes[2]:  256
[    0.000000] x86/fpu: Enabled xstate features 0x7, context size is 832 bytes, using 'standard' format.
[    0.000000] BIOS-provided physical RAM map:
[    0.000000] BIOS-e820: [mem 0x0000000000000000-0x000000000009fbff] usable
[    0.000000] BIOS-e820: [mem 0x000000000009fc00-0x000000000009ffff] reserved
[    0.000000] BIOS-e820: [mem 0x00000000000f0000-0x00000000000fffff] reserved
[    0.000000] BIOS-e820: [mem 0x0000000000100000-0x000000007ffeffff] usable
[    0.000000] BIOS-e820: [mem 0x000000007fff0000-0x000000007fffffff] ACPI data
[    0.000000] BIOS-e820: [mem 0x00000000fec00000-0x00000000fec00fff] reserved
[    0.000000] BIOS-e820: [mem 0x00000000fee00000-0x00000000fee00fff] reserved
[    0.000000] BIOS-e820: [mem 0x00000000fffc0000-0x00000000ffffffff] reserved
[    0.000000] NX (Execute Disable) protection: active
[    0.000000] SMBIOS 2.5 present.
[    0.000000] DMI: innotek GmbH VirtualBox/VirtualBox, BIOS VirtualBox 12/01/2006
[    0.000000] Hypervisor detected: KVM
[    0.000000] kvm-clock: Using msrs 4b564d01 and 4b564d00
[    0.000000] kvm-clock: cpu 0, msr 46601001, primary cpu clock
[    0.000000] kvm-clock: using sched offset of 4433543367 cycles
[    0.000003] clocksource: kvm-clock: mask: 0xffffffffffffffff max_cycles: 0x1cd42e4dffb, max_idle_ns: 881590591483 ns
[    0.000005] tsc: Detected 2100.000 MHz processor
[    0.001876] e820: update [mem 0x00000000-0x00000fff] usable ==> reserved
[    0.001878] e820: remove [mem 0x000a0000-0x000fffff] usable
[    0.001882] last_pfn = 0x7fff0 max_arch_pfn = 0x400000000
[    0.001949] MTRR default type: uncachable
[    0.001950] MTRR fixed ranges enabled:
[    0.001951]   00000-9FFFF write-back
[    0.001952]   A0000-BFFFF uncachable
[    0.001953]   C0000-FFFFF write-protect
[    0.001953] MTRR variable ranges enabled:
[    0.001955]   0 base 000000000000 mask 3FFF80000000 write-back
[    0.001955]   1 disabled
[    0.001956]   2 disabled
[    0.001956]   3 disabled
[    0.001957]   4 disabled
[    0.001957]   5 disabled
[    0.001958]   6 disabled
[    0.001958]   7 disabled
[    0.001958]   8 disabled
[    0.001959]   9 disabled
[    0.001959]   10 disabled
[    0.001960]   11 disabled
[    0.001960]   12 disabled
[    0.001961]   13 disabled
[    0.001961]   14 disabled
[    0.001961]   15 disabled
[    0.001978] x86/PAT: Configuration [0-7]: WB  WC  UC- UC  WB  WP  UC- WT  
[    0.002110] found SMP MP-table at [mem 0x0009fff0-0x0009ffff]
[    0.091956] check: Scanning 1 areas for low memory corruption
[    0.092151] RAMDISK: [mem 0x32271000-0x3512ffff]
[    0.092159] ACPI: Early table checksum verification disabled
[    0.092165] ACPI: RSDP 0x00000000000E0000 000024 (v02 VBOX  )
[    0.092170] ACPI: XSDT 0x000000007FFF0030 00003C (v01 VBOX   VBOXXSDT 00000001 ASL  00000061)
[    0.092176] ACPI: FACP 0x000000007FFF00F0 0000F4 (v04 VBOX   VBOXFACP 00000001 ASL  00000061)
[    0.092183] ACPI: DSDT 0x000000007FFF02E0 002353 (v02 VBOX   VBOXBIOS 00000002 VBOX 00029BF3)
[    0.092187] ACPI: FACS 0x000000007FFF0200 000040
[    0.092191] ACPI: FACS 0x000000007FFF0200 000040
[    0.092194] ACPI: APIC 0x000000007FFF0240 000054 (v02 VBOX   VBOXAPIC 00000001 ASL  00000061)
[    0.092197] ACPI: SSDT 0x000000007FFF02A0 000038 (v01 VBOX   VBOXCPUT 00000002 VBOX 00029BF3)
[    0.092201] ACPI: Reserving FACP table memory at [mem 0x7fff00f0-0x7fff01e3]
[    0.092202] ACPI: Reserving DSDT table memory at [mem 0x7fff02e0-0x7fff2632]
[    0.092202] ACPI: Reserving FACS table memory at [mem 0x7fff0200-0x7fff023f]
[    0.092203] ACPI: Reserving FACS table memory at [mem 0x7fff0200-0x7fff023f]
[    0.092204] ACPI: Reserving APIC table memory at [mem 0x7fff0240-0x7fff0293]
[    0.092205] ACPI: Reserving SSDT table memory at [mem 0x7fff02a0-0x7fff02d7]
[    0.092219] ACPI: Local APIC address 0xfee00000
[    0.092407] No NUMA configuration found
[    0.092408] Faking a node at [mem 0x0000000000000000-0x000000007ffeffff]
[    0.092418] NODE_DATA(0) allocated [mem 0x7ffc5000-0x7ffeffff]
[    0.092678] Zone ranges:
[    0.092679]   DMA      [mem 0x0000000000001000-0x0000000000ffffff]
[    0.092680]   DMA32    [mem 0x0000000001000000-0x000000007ffeffff]
[    0.092681]   Normal   empty
[    0.092681]   Device   empty
[    0.092682] Movable zone start for each node
[    0.092684] Early memory node ranges
[    0.092685]   node   0: [mem 0x0000000000001000-0x000000000009efff]
[    0.092686]   node   0: [mem 0x0000000000100000-0x000000007ffeffff]
[    0.092689] Zeroed struct page in unavailable ranges: 114 pages
[    0.092690] Initmem setup node 0 [mem 0x0000000000001000-0x000000007ffeffff]
[    0.092691] On node 0 totalpages: 524174
[    0.092692]   DMA zone: 64 pages used for memmap
[    0.092693]   DMA zone: 21 pages reserved
[    0.092693]   DMA zone: 3998 pages, LIFO batch:0
[    0.092765]   DMA32 zone: 8128 pages used for memmap
[    0.092766]   DMA32 zone: 520176 pages, LIFO batch:63
[    0.101734] ACPI: PM-Timer IO Port: 0x4008
[    0.101737] ACPI: Local APIC address 0xfee00000
[    0.101805] IOAPIC[0]: apic_id 1, version 32, address 0xfec00000, GSI 0-23
[    0.101809] ACPI: INT_SRC_OVR (bus 0 bus_irq 0 global_irq 2 dfl dfl)
[    0.101810] ACPI: INT_SRC_OVR (bus 0 bus_irq 9 global_irq 9 low level)
[    0.101812] ACPI: IRQ0 used by override.
[    0.101814] ACPI: IRQ9 used by override.
[    0.101816] Using ACPI (MADT) for SMP configuration information
[    0.101823] smpboot: Allowing 1 CPUs, 0 hotplug CPUs
[    0.101846] PM: Registered nosave memory: [mem 0x00000000-0x00000fff]
[    0.101848] PM: Registered nosave memory: [mem 0x0009f000-0x0009ffff]
[    0.101848] PM: Registered nosave memory: [mem 0x000a0000-0x000effff]
[    0.101849] PM: Registered nosave memory: [mem 0x000f0000-0x000fffff]
[    0.101851] [mem 0x80000000-0xfebfffff] available for PCI devices
[    0.101852] Booting paravirtualized kernel on KVM
[    0.101854] clocksource: refined-jiffies: mask: 0xffffffff max_cycles: 0xffffffff, max_idle_ns: 7645519600211568 ns
[    0.101859] setup_percpu: NR_CPUS:8192 nr_cpumask_bits:1 nr_cpu_ids:1 nr_node_ids:1
[    0.102869] percpu: Embedded 60 pages/cpu s208896 r8192 d28672 u2097152
[    0.102874] pcpu-alloc: s208896 r8192 d28672 u2097152 alloc=1*2097152
[    0.102875] pcpu-alloc: [0] 0 
[    0.102901] Built 1 zonelists, mobility grouping on.  Total pages: 515961
[    0.102902] Policy zone: DMA32
[    0.102903] Kernel command line: BOOT_IMAGE=/boot/vmlinuz-5.4.243-mptcp root=UUID=98415a12-53b7-4144-8265-0f7ece09e445 ro quiet splash
[    0.103752] Dentry cache hash table entries: 262144 (order: 9, 2097152 bytes, linear)
[    0.103899] Inode-cache hash table entries: 131072 (order: 8, 1048576 bytes, linear)
[    0.103950] mem auto-init: stack:off, heap alloc:on, heap free:off
[    0.103953] Calgary: detecting Calgary via BIOS EBDA area
[    0.103954] Calgary: Unable to locate Rio Grande table in EBDA - bailing!
[    0.108028] Memory: 1967332K/2096696K available (14339K kernel code, 2398K rwdata, 4712K rodata, 2728K init, 17260K bss, 129364K reserved, 0K cma-reserved)
[    0.108960] SLUB: HWalign=64, Order=0-3, MinObjects=0, CPUs=1, Nodes=1
[    0.108977] ftrace: allocating 43186 entries in 169 pages
[    0.127278] rcu: Hierarchical RCU implementation.
[    0.127280] rcu: 	RCU restricting CPUs from NR_CPUS=8192 to nr_cpu_ids=1.
[    0.127281] 	Tasks RCU enabled.
[    0.127282] rcu: RCU calculated value of scheduler-enlistment delay is 25 jiffies.
[    0.127283] rcu: Adjusting geometry for rcu_fanout_leaf=16, nr_cpu_ids=1
[    0.130236] NR_IRQS: 524544, nr_irqs: 256, preallocated irqs: 16
[    0.130453] random: crng init done
[    0.139709] Console: colour VGA+ 80x25
[    0.139714] printk: console [tty0] enabled
[    0.139734] ACPI: Core revision 20190816
[    0.139838] APIC: Switch to symmetric I/O mode setup
[    0.140090] x2apic enabled
[    0.140329] Switched APIC routing to physical x2apic.
[    0.141461] ..TIMER: vector=0x30 apic1=0 pin1=2 apic2=-1 pin2=-1
[    0.141485] clocksource: tsc-early: mask: 0xffffffffffffffff max_cycles: 0x1e4530a99b6, max_idle_ns: 440795257976 ns
[    0.141491] Calibrating delay loop (skipped) preset value.. 4200.00 BogoMIPS (lpj=8400000)
[    0.141493] pid_max: default: 32768 minimum: 301
[    0.141521] LSM: Security Framework initializing
[    0.141530] Yama: becoming mindful.
[    0.141557] AppArmor: AppArmor initialized
[    0.141591] Mount-cache hash table entries: 4096 (order: 3, 32768 bytes, linear)
[    0.141596] Mountpoint-cache hash table entries: 4096 (order: 3, 32768 bytes, linear)
[    0.141606] *** VALIDATE tmpfs ***
[    0.141734] *** VALIDATE proc ***
[    0.141773] *** VALIDATE cgroup1 ***
[    0.141775] *** VALIDATE cgroup2 ***
[    0.141917] process: using mwait in idle threads
[    0.141922] Last level iTLB entries: 4KB 64, 2MB 8, 4MB 8
[    0.141923] Last level dTLB entries: 4KB 64, 2MB 0, 4MB 0, 1GB 4
[    0.141944] Spectre V1 : Mitigation: usercopy/swapgs barriers and __user pointer sanitization
[    0.141950] Spectre V2 : Mitigation: Retpolines
[    0.141950] Spectre V2 : Spectre v2 / SpectreRSB mitigation: Filling RSB on context switch
[    0.141951] Spectre V2 : Spectre v2 / SpectreRSB : Filling RSB on VMEXIT
[    0.141951] RETBleed: WARNING: Spectre v2 mitigation leaves CPU vulnerable to RETBleed attacks, data leaks possible!
[    0.142304] RETBleed: Vulnerable
[    0.142304] Speculative Store Bypass: Vulnerable
[    0.142309] TAA: Mitigation: TSX disabled
[    0.142310] MMIO Stale Data: Mitigation: Clear CPU buffers
[    0.146556] Freeing SMP alternatives memory: 40K
[    0.258634] smpboot: CPU0: Intel(R) Xeon(R) Silver 4216 CPU @ 2.10GHz (family: 0x6, model: 0x55, stepping: 0x7)
[    0.258784] Performance Events: unsupported p6 CPU model 85 no PMU driver, software events only.
[    0.258821] rcu: Hierarchical SRCU implementation.
[    0.259352] NMI watchdog: Perf NMI watchdog permanently disabled
[    0.259399] smp: Bringing up secondary CPUs ...
[    0.259401] smp: Brought up 1 node, 1 CPU
[    0.259402] smpboot: Max logical packages: 1
[    0.259403] smpboot: Total of 1 processors activated (4200.00 BogoMIPS)
[    0.260438] devtmpfs: initialized
[    0.260486] x86/mm: Memory block size: 128MB
[    0.260867] clocksource: jiffies: mask: 0xffffffff max_cycles: 0xffffffff, max_idle_ns: 7645041785100000 ns
[    0.260873] futex hash table entries: 256 (order: 2, 16384 bytes, linear)
[    0.260918] pinctrl core: initialized pinctrl subsystem
[    0.261022] PM: RTC time: 17:41:55, date: 2026-01-17
[    0.261130] NET: Registered protocol family 16
[    0.261205] audit: initializing netlink subsys (disabled)
[    0.261332] EISA bus registered
[    0.261334] cpuidle: using governor ladder
[    0.261335] cpuidle: using governor menu
[    0.261373] ACPI: bus type PCI registered
[    0.261375] acpiphp: ACPI Hot Plug PCI Controller Driver version: 0.5
[    0.261487] PCI: Using configuration type 1 for base access
[    0.262175] audit: type=2000 audit(1768642921.547:1): state=initialized audit_enabled=0 res=1
[    0.262258] HugeTLB registered 2.00 MiB page size, pre-allocated 0 pages
[    0.263081] ACPI: Added _OSI(Module Device)
[    0.263081] ACPI: Added _OSI(Processor Device)
[    0.263082] ACPI: Added _OSI(3.0 _SCP Extensions)
[    0.263083] ACPI: Added _OSI(Processor Aggregator Device)
[    0.263084] ACPI: Added _OSI(Linux-Dell-Video)
[    0.263084] ACPI: Added _OSI(Linux-Lenovo-NV-HDMI-Audio)
[    0.263085] ACPI: Added _OSI(Linux-HPI-Hybrid-Graphics)
[    0.265108] ACPI: 2 ACPI AML tables successfully acquired and loaded
[    0.266863] ACPI: Interpreter enabled
[    0.266872] ACPI: (supports S0 S5)
[    0.266873] ACPI: Using IOAPIC for interrupt routing
[    0.267083] PCI: Using host bridge windows from ACPI; if necessary, use "pci=nocrs" and report a bug
[    0.267190] ACPI: Enabled 2 GPEs in block 00 to 07
[    0.272260] ACPI: PCI Root Bridge [PCI0] (domain 0000 [bus 00-ff])
[    0.272265] acpi PNP0A03:00: _OSC: OS supports [ASPM ClockPM Segments MSI HPX-Type3]
[    0.272718] acpi PNP0A03:00: _OSC: not requesting OS control; OS requires [ExtendedConfig ASPM ClockPM MSI]
[    0.272726] acpi PNP0A03:00: fail to add MMCONFIG information, can't access extended PCI configuration space under this bridge.
[    0.273102] PCI host bridge to bus 0000:00
[    0.273104] pci_bus 0000:00: root bus resource [io  0x0000-0x0cf7 window]
[    0.273106] pci_bus 0000:00: root bus resource [io  0x0d00-0xffff window]
[    0.273107] pci_bus 0000:00: root bus resource [mem 0x000a0000-0x000bffff window]
[    0.273108] pci_bus 0000:00: root bus resource [mem 0x80000000-0xfdffffff window]
[    0.273109] pci_bus 0000:00: root bus resource [bus 00-ff]
[    0.273152] pci 0000:00:00.0: [8086:1237] type 00 class 0x060000
[    0.274147] pci 0000:00:01.0: [8086:7000] type 00 class 0x060100
[    0.274905] pci 0000:00:01.1: [8086:7111] type 00 class 0x01018a
[    0.275289] pci 0000:00:01.1: reg 0x20: [io  0xd000-0xd00f]
[    0.275444] pci 0000:00:01.1: legacy IDE quirk: reg 0x10: [io  0x01f0-0x01f7]
[    0.275445] pci 0000:00:01.1: legacy IDE quirk: reg 0x14: [io  0x03f6]
[    0.275446] pci 0000:00:01.1: legacy IDE quirk: reg 0x18: [io  0x0170-0x0177]
[    0.275447] pci 0000:00:01.1: legacy IDE quirk: reg 0x1c: [io  0x0376]
[    0.275981] pci 0000:00:02.0: [15ad:0405] type 00 class 0x030000
[    0.277565] pci 0000:00:02.0: reg 0x10: [io  0xd010-0xd01f]
[    0.281534] pci 0000:00:02.0: reg 0x14: [mem 0xe0000000-0xe7ffffff pref]
[    0.284149] pci 0000:00:02.0: reg 0x18: [mem 0xf0000000-0xf01fffff]
[    0.294292] pci 0000:00:03.0: [1022:2000] type 00 class 0x020000
[    0.295013] pci 0000:00:03.0: reg 0x10: [io  0xd020-0xd03f]
[    0.295666] pci 0000:00:03.0: reg 0x14: [mem 0xf0200000-0xf0200fff]
[    0.300618] pci 0000:00:04.0: [80ee:cafe] type 00 class 0x088000
[    0.301356] pci 0000:00:04.0: reg 0x10: [io  0xd040-0xd05f]
[    0.301603] pci 0000:00:04.0: reg 0x14: [mem 0xf0400000-0xf07fffff]
[    0.302212] pci 0000:00:04.0: reg 0x18: [mem 0xf0800000-0xf0803fff pref]
[    0.305531] pci 0000:00:07.0: [8086:7113] type 00 class 0x068000
[    0.306083] pci 0000:00:07.0: quirk: [io  0x4000-0x403f] claimed by PIIX4 ACPI
[    0.306094] pci 0000:00:07.0: quirk: [io  0x4100-0x410f] claimed by PIIX4 SMB
[    0.306707] pci 0000:00:08.0: [8086:100e] type 00 class 0x020000
[    0.307441] pci 0000:00:08.0: reg 0x10: [mem 0xf0820000-0xf083ffff]
[    0.309532] pci 0000:00:08.0: reg 0x18: [io  0xd060-0xd067]
[    0.312781] pci 0000:00:09.0: [8086:100e] type 00 class 0x020000
[    0.313600] pci 0000:00:09.0: reg 0x10: [mem 0xf0840000-0xf085ffff]
[    0.314753] pci 0000:00:09.0: reg 0x18: [io  0xd068-0xd06f]
[    0.325492] ACPI: PCI Interrupt Link [LNKA] (IRQs 5 9 10 *11)
[    0.325785] ACPI: PCI Interrupt Link [LNKB] (IRQs 5 9 *10 11)
[    0.325886] ACPI: PCI Interrupt Link [LNKC] (IRQs 5 *9 10 11)
[    0.325994] ACPI: PCI Interrupt Link [LNKD] (IRQs 5 9 10 *11)
[    0.326261] iommu: Default domain type: Translated 
[    0.326321] pci 0000:00:02.0: vgaarb: setting as boot VGA device
[    0.326323] pci 0000:00:02.0: vgaarb: VGA device added: decodes=io+mem,owns=io+mem,locks=none
[    0.326324] pci 0000:00:02.0: vgaarb: bridge control possible
[    0.326325] vgaarb: loaded
[    0.326534] SCSI subsystem initialized
[    0.326564] libata version 3.00 loaded.
[    0.326591] ACPI: bus type USB registered
[    0.326606] usbcore: registered new interface driver usbfs
[    0.326612] usbcore: registered new interface driver hub
[    0.326620] usbcore: registered new device driver usb
[    0.326648] pps_core: LinuxPPS API ver. 1 registered
[    0.326648] pps_core: Software ver. 5.3.6 - Copyright 2005-2007 Rodolfo Giometti <giometti@linux.it>
[    0.326650] PTP clock support registered
[    0.326683] EDAC MC: Ver: 3.0.0
[    0.326964] PCI: Using ACPI for IRQ routing
[    0.326965] PCI: pci_cache_line_size set to 64 bytes
[    0.327138] e820: reserve RAM buffer [mem 0x0009fc00-0x0009ffff]
[    0.327141] e820: reserve RAM buffer [mem 0x7fff0000-0x7fffffff]
[    0.328027] NetLabel: Initializing
[    0.328028] NetLabel:  domain hash size = 128
[    0.328028] NetLabel:  protocols = UNLABELED CIPSOv4 CALIPSO
[    0.328048] NetLabel:  unlabeled traffic allowed by default
[    0.328955] clocksource: Switched to clocksource kvm-clock
[    0.340394] *** VALIDATE bpf ***
[    0.340465] VFS: Disk quotas dquot_6.6.0
[    0.340478] VFS: Dquot-cache hash table entries: 512 (order 0, 4096 bytes)
[    0.340500] *** VALIDATE ramfs ***
[    0.340503] *** VALIDATE hugetlbfs ***
[    0.340586] AppArmor: AppArmor Filesystem Enabled
[    0.340614] pnp: PnP ACPI init
[    0.340688] pnp 00:00: Plug and Play ACPI device, IDs PNP0303 (active)
[    0.340756] pnp 00:01: Plug and Play ACPI device, IDs PNP0f03 (active)
[    0.341508] pnp: PnP ACPI: found 2 devices
[    0.342458] thermal_sys: Registered thermal governor 'fair_share'
[    0.342458] thermal_sys: Registered thermal governor 'bang_bang'
[    0.342459] thermal_sys: Registered thermal governor 'step_wise'
[    0.342460] thermal_sys: Registered thermal governor 'user_space'
[    0.342460] thermal_sys: Registered thermal governor 'power_allocator'
[    0.346990] clocksource: acpi_pm: mask: 0xffffff max_cycles: 0xffffff, max_idle_ns: 2085701024 ns
[    0.347031] pci_bus 0000:00: resource 4 [io  0x0000-0x0cf7 window]
[    0.347032] pci_bus 0000:00: resource 5 [io  0x0d00-0xffff window]
[    0.347033] pci_bus 0000:00: resource 6 [mem 0x000a0000-0x000bffff window]
[    0.347035] pci_bus 0000:00: resource 7 [mem 0x80000000-0xfdffffff window]
[    0.347092] NET: Registered protocol family 2
[    0.347092] IP idents hash table entries: 32768 (order: 6, 262144 bytes, linear)
[    0.347092] MPTCP tokens hash table entries: 8192 (order: 4, 65536 bytes, linear)
[    0.347092] MPTCP request tokens hash table entries: 8192 (order: 4, 65536 bytes, linear)
[    0.347092] default registered
[    0.347092] default registered
[    0.347092] MPTCP: Stable release v0.96
[    0.347092] tcp_listen_portaddr_hash hash table entries: 1024 (order: 2, 16384 bytes, linear)
[    0.347092] TCP established hash table entries: 16384 (order: 5, 131072 bytes, linear)
[    0.347092] TCP bind hash table entries: 16384 (order: 6, 262144 bytes, linear)
[    0.347092] TCP: Hash tables configured (established 16384 bind 16384)
[    0.348551] UDP hash table entries: 1024 (order: 3, 32768 bytes, linear)
[    0.348563] UDP-Lite hash table entries: 1024 (order: 3, 32768 bytes, linear)
[    0.348599] NET: Registered protocol family 1
[    0.348608] NET: Registered protocol family 44
[    0.348630] pci 0000:00:00.0: Limiting direct PCI/PCI transfers
[    0.348646] pci 0000:00:01.0: Activating ISA DMA hang workarounds
[    0.348700] pci 0000:00:02.0: Video device with shadowed ROM at [mem 0x000c0000-0x000dffff]
[    0.348763] PCI: CLS 0 bytes, default 64
[    0.348810] Trying to unpack rootfs image as initramfs...
[    0.523086] Freeing initrd memory: 47868K
[    0.523086] clocksource: tsc: mask: 0xffffffffffffffff max_cycles: 0x1e4530a99b6, max_idle_ns: 440795257976 ns
[    0.523086] clocksource: Switched to clocksource tsc
[    0.523086] platform rtc_cmos: registered platform RTC device (no PNP device found)
[    0.523086] check: Scanning for low memory corruption every 60 seconds
[    0.523086] Initialise system trusted keyrings
[    0.523086] Key type blacklist registered
[    0.523086] workingset: timestamp_bits=36 max_order=19 bucket_order=0
[    0.523086] zbud: loaded
[    0.523086] squashfs: version 4.0 (2009/01/31) Phillip Lougher
[    0.523086] fuse: init (API version 7.31)
[    0.523086] *** VALIDATE fuse ***
[    0.523086] *** VALIDATE fuse ***
[    0.523086] Platform Keyring initialized
[    0.523086] Key type asymmetric registered
[    0.523086] Asymmetric key parser 'x509' registered
[    0.523086] Block layer SCSI generic (bsg) driver version 0.4 loaded (major 244)
[    0.523086] io scheduler mq-deadline registered
[    0.523086] shpchp: Standard Hot Plug PCI Controller Driver version: 0.4
[    0.537188] ACPI: AC Adapter [AC] (on-line)
[    0.537235] input: Power Button as /devices/LNXSYSTM:00/LNXPWRBN:00/input/input0
[    0.537263] ACPI: Power Button [PWRF]
[    0.537336] input: Sleep Button as /devices/LNXSYSTM:00/LNXSLPBN:00/input/input1
[    0.537352] ACPI: Sleep Button [SLPF]
[    0.537569] Serial: 8250/16550 driver, 32 ports, IRQ sharing enabled
[    0.538736] Linux agpgart interface v0.103
[    0.635078] loop: module loaded
[    0.635225] ata_piix 0000:00:01.1: version 2.13
[    0.635631] scsi host0: ata_piix
[    0.635722] scsi host1: ata_piix
[    0.635748] ata1: PATA max UDMA/33 cmd 0x1f0 ctl 0x3f6 bmdma 0xd000 irq 14
[    0.635749] ata2: PATA max UDMA/33 cmd 0x170 ctl 0x376 bmdma 0xd008 irq 15
[    0.635829] tun: Universal TUN/TAP device driver, 1.6
[    0.636134] PPP generic driver version 2.4.2
[    0.636178] VFIO - User Level meta-driver version: 0.3
[    0.636430] ehci_hcd: USB 2.0 'Enhanced' Host Controller (EHCI) Driver
[    0.636435] ehci-pci: EHCI PCI platform driver
[    0.636450] ehci-platform: EHCI generic platform driver
[    0.636456] ohci_hcd: USB 1.1 'Open' Host Controller (OHCI) Driver
[    0.636457] ohci-pci: OHCI PCI platform driver
[    0.636464] ohci-platform: OHCI generic platform driver
[    0.636469] uhci_hcd: USB Universal Host Controller Interface driver
[    0.636533] i8042: PNP: PS/2 Controller [PNP0303:PS2K,PNP0f03:PS2M] at 0x60,0x64 irq 1,12
[    0.636973] serio: i8042 KBD port at 0x60,0x64 irq 1
[    0.636977] serio: i8042 AUX port at 0x60,0x64 irq 12
[    0.637062] mousedev: PS/2 mouse device common for all mice
[    0.637320] input: AT Translated Set 2 keyboard as /devices/platform/i8042/serio0/input/input2
[    0.637716] rtc_cmos rtc_cmos: registered as rtc0
[    0.637729] rtc_cmos rtc_cmos: alarms up to one day, 114 bytes nvram
[    0.637735] i2c /dev entries driver
[    0.637779] device-mapper: uevent: version 1.0.3
[    0.637822] device-mapper: ioctl: 4.41.0-ioctl (2019-09-16) initialised: dm-devel@redhat.com
[    0.637837] platform eisa.0: Probing EISA bus 0
[    0.637839] platform eisa.0: EISA: Cannot allocate resource for mainboard
[    0.637840] platform eisa.0: Cannot allocate resource for EISA slot 1
[    0.637841] platform eisa.0: Cannot allocate resource for EISA slot 2
[    0.637842] platform eisa.0: Cannot allocate resource for EISA slot 3
[    0.637843] platform eisa.0: Cannot allocate resource for EISA slot 4
[    0.637844] platform eisa.0: Cannot allocate resource for EISA slot 5
[    0.637845] platform eisa.0: Cannot allocate resource for EISA slot 6
[    0.637846] platform eisa.0: Cannot allocate resource for EISA slot 7
[    0.637847] platform eisa.0: Cannot allocate resource for EISA slot 8
[    0.637848] platform eisa.0: EISA: Detected 0 cards
[    0.637850] intel_pstate: CPU model not supported
[    0.637860] ledtrig-cpu: registered to indicate activity on CPUs
[    0.637915] drop_monitor: Initializing network drop monitor service
[    0.638073] NET: Registered protocol family 10
[    0.643201] Segment Routing with IPv6
[    0.643227] fullmesh registered
[    0.643227] ndiffports registered
[    0.643227] binder registered
[    0.643227] roundrobin registered
[    0.643227] redundant registered
[    0.643227] blest registered
[    0.643227] ecf registered
[    0.643227] NET: Registered protocol family 17
[    0.643227] Key type dns_resolver registered
[    0.643227] RAS: Correctable Errors collector initialized.
[    0.643227] IPI shorthand broadcast: enabled
[    0.643227] sched_clock: Marking stable (628183900, 11044071)->(642018618, -2790647)
[    0.643441] registered taskstats version 1
[    0.643449] Loading compiled-in X.509 certificates
[    0.644036] Loaded X.509 cert 'Build time autogenerated kernel key: 6909f3744cebb3d0de528d5887b96a727de79b1e'
[    0.644054] zswap: loaded using pool lzo/zbud
[    0.644107] Key type ._fscrypt registered
[    0.644108] Key type .fscrypt registered
[    0.648673] Key type big_key registered
[    0.650863] Key type encrypted registered
[    0.650865] AppArmor: AppArmor sha1 policy hashing enabled
[    0.650873] ima: No TPM chip found, activating TPM-bypass!
[    0.650877] ima: Allocated hash algorithm: sha1
[    0.650882] ima: No architecture policies found
[    0.650891] evm: Initialising EVM extended attributes:
[    0.650892] evm: security.selinux
[    0.650892] evm: security.SMACK64
[    0.650893] evm: security.SMACK64EXEC
[    0.650893] evm: security.SMACK64TRANSMUTE
[    0.650894] evm: security.SMACK64MMAP
[    0.650894] evm: security.apparmor
[    0.650894] evm: security.ima
[    0.650895] evm: security.capability
[    0.650896] evm: HMAC attrs: 0x1
[    0.651193] PM:   Magic number: 10:183:694
[    0.651300] rtc_cmos rtc_cmos: setting system clock to 2026-01-17T17:41:56 UTC (1768671716)
[    0.808266] ata1.00: ATA-6: VBOX HARDDISK, 1.0, max UDMA/133
[    0.808270] ata1.00: 209715200 sectors, multi 128: LBA 
[    0.808941] scsi 0:0:0:0: Direct-Access     ATA      VBOX HARDDISK    1.0  PQ: 0 ANSI: 5
[    0.809238] sd 0:0:0:0: [sda] 209715200 512-byte logical blocks: (107 GB/100 GiB)
[    0.809251] sd 0:0:0:0: [sda] Write Protect is off
[    0.809254] sd 0:0:0:0: [sda] Mode Sense: 00 3a 00 00
[    0.809274] sd 0:0:0:0: [sda] Write cache: enabled, read cache: enabled, doesn't support DPO or FUA
[    0.809598] sd 0:0:0:0: Attached scsi generic sg0 type 0
[    0.810565]  sda: sda1 sda2
[    0.819247] sd 0:0:0:0: [sda] Attached SCSI disk
[    0.822598] Freeing unused decrypted memory: 2040K
[    0.823565] Freeing unused kernel image memory: 2728K
[    0.823568] Write protecting the kernel read-only data: 22528k
[    0.824604] Freeing unused kernel image memory: 2036K
[    0.825167] Freeing unused kernel image memory: 1432K
[    0.852219] x86/mm: Checked W+X mappings: passed, no W+X pages found.
[    0.852225] Run /init as init process
[    0.955107] ACPI: Video Device [GFX0] (multi-head: yes  rom: no  post: no)
[    0.955175] input: Video Bus as /devices/LNXSYSTM:00/LNXSYBUS:00/PNP0A03:00/LNXVIDEO:00/input/input4
[    0.966077] pcnet32: pcnet32.c:v1.35 21.Apr.2008 tsbogend@alpha.franken.de
[    0.967824] piix4_smbus 0000:00:07.0: SMBus Host Controller at 0x4100, revision 0
[    0.971792] e1000: Intel(R) PRO/1000 Network Driver - version 7.3.21-k8-NAPI
[    0.971792] e1000: Copyright (c) 1999-2006 Intel Corporation.
[    0.978721] pcnet32: PCnet/FAST III 79C973 at 0xd020, 08:00:27:0e:c6:9e assigned IRQ 19
[    0.978767] pcnet32: Found PHY 0022:561b at address 0
[    0.979063] pcnet32: eth0: registered as PCnet/FAST III 79C973
[    0.987473] pcnet32: 1 cards_found
[    1.042094] pcnet32 0000:00:03.0 enp0s3: renamed from eth0
[    1.185728] input: ImExPS/2 Generic Explorer Mouse as /devices/platform/i8042/serio1/input/input5
[    1.379343] e1000 0000:00:08.0 eth0: (PCI:33MHz:32-bit) 08:00:27:d5:95:9c
[    1.379347] e1000 0000:00:08.0 eth0: Intel(R) PRO/1000 Network Connection
[    1.751437] e1000 0000:00:09.0 eth1: (PCI:33MHz:32-bit) 08:00:27:c9:d8:72
[    1.751440] e1000 0000:00:09.0 eth1: Intel(R) PRO/1000 Network Connection
[    1.752587] e1000 0000:00:09.0 enp0s9: renamed from eth1
[    1.754367] e1000 0000:00:08.0 enp0s8: renamed from eth0
[    1.913426] EXT4-fs (sda2): mounted filesystem with ordered data mode. Opts: (null)
[    2.008956] systemd[1]: Inserted module 'autofs4'
[    2.020261] systemd[1]: systemd 245.4-4ubuntu3 running in system mode. (+PAM +AUDIT +SELINUX +IMA +APPARMOR +SMACK +SYSVINIT +UTMP +LIBCRYPTSETUP +GCRYPT +GNUTLS +ACL +XZ +LZ4 +SECCOMP +BLKID +ELFUTILS +KMOD +IDN2 -IDN +PCRE2 default-hierarchy=hybrid)
[    2.020292] systemd[1]: Detected virtualization oracle.
[    2.020296] systemd[1]: Detected architecture x86-64.
[    2.021585] systemd[1]: Set hostname to <ztg>.
[    2.158559] systemd[1]: /lib/systemd/system/dbus.socket:5: ListenStream= references a path below legacy directory /var/run/, updating /var/run/dbus/system_bus_socket â†’ /run/dbus/system_bus_socket; please update the unit file accordingly.
[    2.213780] systemd[1]: Created slice system-modprobe.slice.
[    2.213963] systemd[1]: Created slice User and Session Slice.
[    2.214005] systemd[1]: Started Forward Password Requests to Wall Directory Watch.
[    2.214161] systemd[1]: Set up automount Arbitrary Executable File Formats File System Automount Point.
[    2.214197] systemd[1]: Reached target User and Group Name Lookups.
[    2.214206] systemd[1]: Reached target Remote File Systems.
[    2.214214] systemd[1]: Reached target Slices.
[    2.214768] systemd[1]: Listening on Syslog Socket.
[    2.214839] systemd[1]: Listening on fsck to fsckd communication Socket.
[    2.214877] systemd[1]: Listening on initctl Compatibility Named Pipe.
[    2.215062] systemd[1]: Listening on Journal Audit Socket.
[    2.215117] systemd[1]: Listening on Journal Socket (/dev/log).
[    2.215184] systemd[1]: Listening on Journal Socket.
[    2.215251] systemd[1]: Listening on udev Control Socket.
[    2.215290] systemd[1]: Listening on udev Kernel Socket.
[    2.216030] systemd[1]: Mounting Huge Pages File System...
[    2.216971] systemd[1]: Mounting POSIX Message Queue File System...
[    2.217874] systemd[1]: Mounting Kernel Debug File System...
[    2.218831] systemd[1]: Mounting Kernel Trace File System...
[    2.221802] systemd[1]: Starting Journal Service...
[    2.246536] systemd[1]: Starting Set the console keyboard layout...
[    2.255004] systemd[1]: Starting Create list of static device nodes for the current kernel...
[    2.256961] systemd[1]: Starting Load Kernel Module drm...
[    2.261862] systemd[1]: Condition check resulted in Set Up Additional Binary Formats being skipped.
[    2.262051] systemd[1]: Condition check resulted in File System Check on Root Device being skipped.
[    2.272868] systemd[1]: Starting Load Kernel Modules...
[    2.279339] systemd[1]: Starting Remount Root and Kernel File Systems...
[    2.292952] systemd[1]: Starting udev Coldplug all Devices...
[    2.301254] systemd[1]: Starting Uncomplicated firewall...
[    2.302856] systemd[1]: Mounted Huge Pages File System.
[    2.302946] systemd[1]: Mounted POSIX Message Queue File System.
[    2.303027] systemd[1]: Mounted Kernel Debug File System.
[    2.303102] systemd[1]: Mounted Kernel Trace File System.
[    2.304587] EXT4-fs (sda2): re-mounted. Opts: errors=remount-ro
[    2.347317] systemd[1]: Finished Create list of static device nodes for the current kernel.
[    2.348404] systemd[1]: modprobe@drm.service: Succeeded.
[    2.349061] systemd[1]: Finished Load Kernel Module drm.
[    2.349675] systemd[1]: Finished Remount Root and Kernel File Systems.
[    2.350491] systemd[1]: Finished Uncomplicated firewall.
[    2.363883] lp: driver loaded but no devices found
[    2.365943] systemd[1]: Condition check resulted in Rebuild Hardware Database being skipped.
[    2.365987] systemd[1]: Condition check resulted in Platform Persistent Storage Archival being skipped.
[    2.366641] systemd[1]: Starting Load/Save Random Seed...
[    2.372636] systemd[1]: Starting Create System Users...
[    2.378341] ppdev: user-space parallel port driver
[    2.386046] systemd[1]: Finished Load/Save Random Seed.
[    2.388577] systemd[1]: Finished Create System Users.
[    2.389527] systemd[1]: Starting Create Static Device Nodes in /dev...
[    2.445154] systemd[1]: Finished Create Static Device Nodes in /dev.
[    2.446013] systemd[1]: Starting udev Kernel Device Manager...
[    2.456348] systemd[1]: Finished udev Coldplug all Devices.
[    2.497075] [drm] DMA map mode: Caching DMA mappings.
[    2.497138] [drm] Capabilities:
[    2.497139] [drm]   Rect copy.
[    2.497139] [drm]   Cursor.
[    2.497140] [drm]   Cursor bypass.
[    2.497140] [drm]   Cursor bypass 2.
[    2.497140] [drm]   Alpha cursor.
[    2.497141] [drm]   Extended Fifo.
[    2.497141] [drm]   Pitchlock.
[    2.497142] [drm]   Irq mask.
[    2.497142] [drm]   GMR.
[    2.497142] [drm]   Traces.
[    2.497143] [drm]   GMR2.
[    2.497143] [drm]   Screen Object 2.
[    2.497143] [drm]   Command Buffers.
[    2.497144] [drm]   Command Buffers 2.
[    2.497144] [drm]   Guest Backed Resources.
[    2.497145] [drm] Max GMR ids is 8192
[    2.497146] [drm] Max number of GMR pages is 1048576
[    2.497146] [drm] Max dedicated hypervisor surface memory is 393216 kiB
[    2.497147] [drm] Maximum display memory size is 131072 kiB
[    2.497147] [drm] VRAM at 0xe0000000 size is 131072 kiB
[    2.497148] [drm] MMIO at 0xf0000000 size is 2048 kiB
[    2.497809] [TTM] Zone  kernel: Available graphics memory: 1011738 KiB
[    2.497810] [TTM] Initializing pool allocator
[    2.497813] [TTM] Initializing DMA pool allocator
[    2.497847] [drm] Supports vblank timestamp caching Rev 2 (21.10.2013).
[    2.497847] [drm] No driver support for vblank timestamp query.
[    2.498305] [drm] Screen Target Display device initialized
[    2.498525] [drm] width 720
[    2.498534] [drm] height 400
[    2.498538] [drm] bpp 32
[    2.499105] [drm] Fifo max 0x00200000 min 0x00001000 cap 0x00000355
[    2.500816] [drm] Using command buffers with DMA pool.
[    2.500822] [drm] DX: no.
[    2.500823] [drm] Atomic: yes.
[    2.500823] [drm] SM4_1: no.
[    2.500844] [drm:vmw_host_log [vmwgfx]] *ERROR* Failed to send host log message.
[    2.501751] [drm:vmw_host_log [vmwgfx]] *ERROR* Failed to send host log message.
[    2.509603] fbcon: svgadrmfb (fb0) is primary device
[    2.511759] Console: switching to colour frame buffer device 100x37
[    2.516294] systemd[1]: Finished Set the console keyboard layout.
[    2.516428] systemd[1]: Reached target Local File Systems (Pre).
[    2.517112] [drm] Initialized vmwgfx 2.15.0 20180704 for 0000:00:02.0 on minor 0
[    2.520139] systemd[1]: Mounting Mount unit for bare, revision 5...
[    2.522889] systemd[1]: Mounting Mount unit for core18, revision 1705...
[    2.535677] systemd[1]: Mounting Mount unit for gnome-3-34-1804, revision 24...
[    2.541697] systemd[1]: Mounting Mount unit for gtk-common-themes, revision 1506...
[    2.561053] systemd[1]: Mounting Mount unit for gtk-common-themes, revision 1535...
[    2.586141] systemd[1]: Mounting Mount unit for snap-store, revision 433...
[    2.590453] systemd[1]: Mounting Mount unit for snapd, revision 7264...
[    2.592788] systemd[1]: Finished Load Kernel Modules.
[    2.594561] systemd[1]: Mounting FUSE Control File System...
[    2.601096] systemd[1]: Mounting Kernel Configuration File System...
[    2.602648] systemd[1]: Starting Apply Kernel Variables...
[    2.603696] systemd[1]: Mounted FUSE Control File System.
[    2.603764] systemd[1]: Condition check resulted in VMware vmblock fuse mount being skipped.
[    2.632722] systemd[1]: Mounted Mount unit for bare, revision 5.
[    2.632817] systemd[1]: Mounted Mount unit for core18, revision 1705.
[    2.632895] systemd[1]: Mounted Mount unit for gnome-3-34-1804, revision 24.
[    2.632968] systemd[1]: Mounted Mount unit for gtk-common-themes, revision 1506.
[    2.633039] systemd[1]: Mounted Kernel Configuration File System.
[    2.639432] systemd[1]: Finished Apply Kernel Variables.
[    2.657336] systemd[1]: Started udev Kernel Device Manager.
[    2.658094] systemd[1]: Starting Show Plymouth Boot Screen...
[    2.662815] systemd[1]: Received SIGRTMIN+20 from PID 277 (plymouthd).
[    2.681358] systemd[1]: Mounted Mount unit for gtk-common-themes, revision 1535.
[    2.684576] systemd[1]: Mounted Mount unit for snap-store, revision 433.
[    2.684713] systemd[1]: Mounted Mount unit for snapd, revision 7264.
[    2.685324] systemd[1]: Reached target Local File Systems.
[    2.689367] systemd[1]: Starting Load AppArmor profiles...
[    2.696029] systemd[1]: Starting Set console font and keymap...
[    2.704857] systemd[1]: Starting Tell Plymouth To Write Out Runtime Data...
[    2.707823] systemd[1]: Condition check resulted in Store a System Token in an EFI Variable being skipped.
[    2.707853] systemd[1]: Condition check resulted in Commit a transient machine-id on disk being skipped.
[    2.707981] systemd[1]: Started Show Plymouth Boot Screen.
[    2.708197] systemd[1]: Condition check resulted in Dispatch Password Requests to Console Directory Watch being skipped.
[    2.708278] systemd[1]: Started Forward Password Requests to Plymouth Directory Watch.
[    2.708609] systemd[1]: Reached target Local Encrypted Volumes.
[    2.709244] systemd[1]: Finished Set console font and keymap.
[    2.713730] systemd[1]: Received SIGRTMIN+20 from PID 277 (plymouthd).
[    2.715401] systemd[1]: plymouth-read-write.service: Succeeded.
[    2.715641] systemd[1]: Finished Tell Plymouth To Write Out Runtime Data.
[    2.741155] audit: type=1400 audit(1768671718.584:2): apparmor="STATUS" operation="profile_load" profile="unconfined" name="nvidia_modprobe" pid=296 comm="apparmor_parser"
[    2.741158] audit: type=1400 audit(1768671718.584:3): apparmor="STATUS" operation="profile_load" profile="unconfined" name="nvidia_modprobe//kmod" pid=296 comm="apparmor_parser"
[    2.762447] audit: type=1400 audit(1768671718.608:4): apparmor="STATUS" operation="profile_load" profile="unconfined" name="/usr/sbin/tcpdump" pid=302 comm="apparmor_parser"
[    2.792698] audit: type=1400 audit(1768671718.628:5): apparmor="STATUS" operation="profile_load" profile="unconfined" name="/usr/bin/evince" pid=304 comm="apparmor_parser"
[    2.792700] audit: type=1400 audit(1768671718.628:6): apparmor="STATUS" operation="profile_load" profile="unconfined" name="/usr/bin/evince//sanitized_helper" pid=304 comm="apparmor_parser"
[    2.792702] audit: type=1400 audit(1768671718.628:7): apparmor="STATUS" operation="profile_load" profile="unconfined" name="/usr/bin/evince-previewer" pid=304 comm="apparmor_parser"
[    2.792704] audit: type=1400 audit(1768671718.628:8): apparmor="STATUS" operation="profile_load" profile="unconfined" name="/usr/bin/evince-previewer//sanitized_helper" pid=304 comm="apparmor_parser"
[    2.792706] audit: type=1400 audit(1768671718.628:9): apparmor="STATUS" operation="profile_load" profile="unconfined" name="/usr/bin/evince-thumbnailer" pid=304 comm="apparmor_parser"
[    2.819494] audit: type=1400 audit(1768671718.664:10): apparmor="STATUS" operation="profile_load" profile="unconfined" name="/usr/lib/cups/backend/cups-pdf" pid=305 comm="apparmor_parser"
[    2.891047] systemd[1]: Finished Load AppArmor profiles.
[    2.891952] systemd[1]: Starting Load AppArmor profiles managed internally by snapd...
[    2.958268] systemd[1]: Finished Load AppArmor profiles managed internally by snapd.
[    3.199027] systemd[1]: Started Journal Service.
[    3.205876] systemd-journald[229]: Received client request to flush runtime journal.
[    3.210928] systemd-journald[229]: File /var/log/journal/c455b248004a419c87ce85eea238d727/system.journal corrupted or uncleanly shut down, renaming and replacing.
[    4.547723] RAPL PMU: API unit is 2^-32 Joules, 0 fixed counters, 10737418240 ms ovfl timer
[    4.642561] cryptd: max_cpu_qlen set to 1000
[    4.699953] AVX2 version of gcm_enc/dec engaged.
[    4.699954] AES CTR mode by8 optimization enabled
[    5.484310] Adding 1998844k swap on /dev/sda1.  Priority:-2 extents:1 across:1998844k FS
[    7.280305] kauditd_printk_skb: 30 callbacks suppressed
[    7.280306] audit: type=1400 audit(1768671723.124:41): apparmor="DENIED" operation="capable" profile="/usr/sbin/cups-browsed" pid=498 comm="cups-browsed" capability=23  capname="sys_nice"
[    7.824987] pcnet32 0000:00:03.0 enp0s3: link up, 100Mbps, full-duplex
[    7.861579] e1000: enp0s8 NIC Link is Up 1000 Mbps Full Duplex, Flow Control: RX
[    7.861852] IPv6: ADDRCONF(NETDEV_CHANGE): enp0s8: link becomes ready
[    7.873963] e1000: enp0s9 NIC Link is Up 1000 Mbps Full Duplex, Flow Control: RX
[    7.874250] IPv6: ADDRCONF(NETDEV_CHANGE): enp0s9: link becomes ready
[    8.406569] device enp0s3 entered promiscuous mode
[    8.419210] audit: type=1400 audit(1768671724.256:42): apparmor="DENIED" operation="open" profile="/usr/sbin/tcpdump" name="/proc/sys/kernel/random/boot_id" pid=703 comm="tcpdump" requested_mask="r" denied_mask="r" fsuid=0 ouid=0
[    8.419487] audit: type=1400 audit(1768671724.256:43): apparmor="DENIED" operation="open" profile="/usr/sbin/tcpdump" name="/proc/sys/kernel/random/boot_id" pid=703 comm="tcpdump" requested_mask="r" denied_mask="r" fsuid=0 ouid=0
[    8.419540] audit: type=1400 audit(1768671724.256:44): apparmor="DENIED" operation="open" profile="/usr/sbin/tcpdump" name="/proc/sys/kernel/random/boot_id" pid=703 comm="tcpdump" requested_mask="r" denied_mask="r" fsuid=0 ouid=0
[    8.419598] audit: type=1400 audit(1768671724.256:45): apparmor="DENIED" operation="open" profile="/usr/sbin/tcpdump" name="/proc/sys/kernel/random/boot_id" pid=703 comm="tcpdump" requested_mask="r" denied_mask="r" fsuid=0 ouid=0
[    8.428714] audit: type=1400 audit(1768671724.272:46): apparmor="DENIED" operation="open" profile="/usr/sbin/tcpdump" name="/proc/sys/kernel/random/boot_id" pid=704 comm="tcpdump" requested_mask="r" denied_mask="r" fsuid=0 ouid=0
[    8.429064] audit: type=1400 audit(1768671724.272:47): apparmor="DENIED" operation="open" profile="/usr/sbin/tcpdump" name="/proc/sys/kernel/random/boot_id" pid=704 comm="tcpdump" requested_mask="r" denied_mask="r" fsuid=0 ouid=0
[    8.429472] audit: type=1400 audit(1768671724.272:48): apparmor="DENIED" operation="open" profile="/usr/sbin/tcpdump" name="/proc/sys/kernel/random/boot_id" pid=704 comm="tcpdump" requested_mask="r" denied_mask="r" fsuid=0 ouid=0
[    8.429643] audit: type=1400 audit(1768671724.272:49): apparmor="DENIED" operation="open" profile="/usr/sbin/tcpdump" name="/proc/sys/kernel/random/boot_id" pid=704 comm="tcpdump" requested_mask="r" denied_mask="r" fsuid=0 ouid=0
[   12.973152] rfkill: input handler disabled
[  197.019759] AAAAA-TCP_FORW: name:enp0s3: saddr:100932208: daddr:16783984
[  198.474063] AAAAA-TCP_FORW: name:enp0s3: saddr:33561200: daddr:100932208
[  198.576465] AAAAA-TCP_FORW: name:enp0s3: saddr:16783984: daddr:100932208
[  198.633396] AAAAA-TCP_FORW: name:enp0s3: saddr:33561200: daddr:100932208
[  198.892025] AAAAA-TCP_FORW: name:enp0s3: saddr:16783984: daddr:100932208
[  199.039626] AAAAA-TCP_FORW: name:enp0s3: saddr:16783984: daddr:100932208
[  199.191125] AAAAA-TCP_FORW: name:enp0s3: saddr:16783984: daddr:100932208
[  199.288438] AAAAA-TCP_FORW: name:enp0s3: saddr:33561200: daddr:100932208
[  199.331228] AAAAA-TCP_FORW: name:enp0s3: saddr:100932208: daddr:33561200
[  199.402908] AAAAA-TCP_FORW: name:enp0s3: saddr:33561200: daddr:100932208
[  199.448289] AAAAA-TCP_FORW: name:enp0s3: saddr:100932208: daddr:33561200
[  199.490300] AAAAA-TCP_FORW: name:enp0s3: saddr:33561200: daddr:100932208
[  199.659021] AAAAA-TCP_FORW: name:enp0s3: saddr:100932208: daddr:33561200
[  199.677651] AAAAA-TCP_FORW: name:enp0s3: saddr:33561200: daddr:100932208
[  199.686770] AAAAA-TCP_FORW: name:enp0s3: saddr:100932208: daddr:16783984
[  199.740543] AAAAA-TCP_FORW: name:enp0s3: saddr:100932208: daddr:16783984
[  199.764714] AAAAA-TCP_FORW: name:enp0s3: saddr:100932208: daddr:16783984
[  199.780315] AAAAA-TCP_FORW: name:enp0s3: saddr:100932208: daddr:16783984
[  199.791449] AAAAA-TCP_FORW: name:enp0s3: saddr:100932208: daddr:16783984
[  199.829489] AAAAA-TCP_FORW: name:enp0s3: saddr:100932208: daddr:16783984
[  199.876544] AAAAA-TCP_FORW: name:enp0s3: saddr:100932208: daddr:16783984
[  199.939205] AAAAA-TCP_FORW: name:enp0s3: saddr:100932208: daddr:16783984
[  199.981665] AAAAA-TCP_FORW: name:enp0s3: saddr:100932208: daddr:16783984
[  200.005513] AAAAA-TCP_FORW: name:enp0s3: saddr:16783984: daddr:100932208
[  200.033807] AAAAA-TCP_FORW: name:enp0s3: saddr:100932208: daddr:16783984
[  200.078570] AAAAA-TCP_FORW: name:enp0s3: saddr:16783984: daddr:100932208
[  200.089265] AAAAA-TCP_FORW: name:enp0s3: saddr:100932208: daddr:33561200
[  200.145274] AAAAA-TCP_FORW: name:enp0s3: saddr:100932208: daddr:33561200
[  200.152451] AAAAA-TCP_FORW: name:enp0s3: saddr:16783984: daddr:100932208
[  200.188745] AAAAA-TCP_FORW: name:enp0s3: saddr:100932208: daddr:33561200
[  200.229960] AAAAA-TCP_FORW: name:enp0s3: saddr:100932208: daddr:33561200
[  200.254172] AAAAA-TCP_FORW: name:enp0s3: saddr:16783984: daddr:100932208
[  200.300093] AAAAA-TCP_FORW: name:enp0s3: saddr:100932208: daddr:33561200
[  200.329383] AAAAA-TCP_FORW: name:enp0s3: saddr:100932208: daddr:33561200
[  200.331409] AAAAA-TCP_FORW: name:enp0s3: saddr:16783984: daddr:100932208
[  200.382343] AAAAA-TCP_FORW: name:enp0s3: saddr:100932208: daddr:33561200
[  200.389870] AAAAA-TCP_FORW: name:enp0s3: saddr:16783984: daddr:100932208
[  200.430867] AAAAA-TCP_FORW: name:enp0s3: saddr:16783984: daddr:100932208
[  200.446730] AAAAA-TCP_FORW: name:enp0s3: saddr:100932208: daddr:33561200
[  200.482176] AAAAA-TCP_FORW: name:enp0s3: saddr:100932208: daddr:33561200
[  200.526270] AAAAA-TCP_FORW: name:enp0s3: saddr:100932208: daddr:33561200
[  200.530773] AAAAA-TCP_FORW: name:enp0s3: saddr:16783984: daddr:100932208
[  200.568189] AAAAA-TCP_FORW: name:enp0s3: saddr:100932208: daddr:16783984
[  200.615816] AAAAA-TCP_FORW: name:enp0s3: saddr:100932208: daddr:33561200
[  200.674536] AAAAA-TCP_FORW: name:enp0s3: saddr:16783984: daddr:100932208
[  200.741053] AAAAA-TCP_FORW: name:enp0s3: saddr:100932208: daddr:16783984
[  200.768329] AAAAA-TCP_FORW: name:enp0s3: saddr:100932208: daddr:16783984
[  200.833426] AAAAA-TCP_FORW: name:enp0s3: saddr:16783984: daddr:100932208
[  200.853777] AAAAA-TCP_FORW: name:enp0s3: saddr:100932208: daddr:16783984
[  200.875263] AAAAA-TCP_FORW: name:enp0s3: saddr:100932208: daddr:16783984
[  200.969717] AAAAA-TCP_FORW: name:enp0s3: saddr:100932208: daddr:16783984
[  201.051640] AAAAA-TCP_FORW: name:enp0s3: saddr:100932208: daddr:16783984
[  201.094343] AAAAA-TCP_FORW: name:enp0s3: saddr:33561200: daddr:100932208
[  201.157096] AAAAA-TCP_FORW: name:enp0s3: saddr:100932208: daddr:33561200
[  201.176464] AAAAA-TCP_FORW: name:enp0s3: saddr:33561200: daddr:100932208
[  201.211668] AAAAA-TCP_FORW: name:enp0s3: saddr:100932208: daddr:16783984
[  201.273443] AAAAA-TCP_FORW: name:enp0s3: saddr:100932208: daddr:16783984
[  201.398528] AAAAA-TCP_FORW: name:enp0s3: saddr:33561200: daddr:100932208
[  201.415895] AAAAA-TCP_FORW: name:enp0s3: saddr:100932208: daddr:16783984
[  201.453317] AAAAA-TCP_FORW: name:enp0s3: saddr:100932208: daddr:16783984
[  201.544346] AAAAA-TCP_FORW: name:enp0s3: saddr:100932208: daddr:16783984
[  201.564672] AAAAA-TCP_FORW: name:enp0s3: saddr:33561200: daddr:100932208
[  201.574618] AAAAA-TCP_FORW: name:enp0s3: saddr:100932208: daddr:16783984
[  201.615036] AAAAA-TCP_FORW: name:enp0s3: saddr:100932208: daddr:16783984
[  201.658287] AAAAA-TCP_FORW: name:enp0s3: saddr:100932208: daddr:16783984
[  201.729399] AAAAA-TCP_FORW: name:enp0s3: saddr:33561200: daddr:100932208
[  201.746665] AAAAA-TCP_FORW: name:enp0s3: saddr:100932208: daddr:16783984
[  201.787516] AAAAA-TCP_FORW: name:enp0s3: saddr:100932208: daddr:16783984
[  201.834185] AAAAA-TCP_FORW: name:enp0s3: saddr:33561200: daddr:100932208
[  201.944678] AAAAA-TCP_FORW: name:enp0s3: saddr:100932208: daddr:16783984
[  201.985405] AAAAA-TCP_FORW: name:enp0s3: saddr:100932208: daddr:16783984
[  202.051056] AAAAA-TCP_FORW: name:enp0s3: saddr:33561200: daddr:100932208
[  202.126278] AAAAA-TCP_FORW: name:enp0s3: saddr:100932208: daddr:16783984
[  202.176410] AAAAA-TCP_FORW: name:enp0s3: saddr:100932208: daddr:16783984
[  202.268152] AAAAA-TCP_FORW: name:enp0s3: saddr:33561200: daddr:100932208
[  202.345929] AAAAA-TCP_FORW: name:enp0s3: saddr:33561200: daddr:100932208
[  202.419438] AAAAA-TCP_FORW: name:enp0s3: saddr:100932208: daddr:33561200
[  202.482997] AAAAA-TCP_FORW: name:enp0s3: saddr:33561200: daddr:100932208
[  202.501715] AAAAA-TCP_FORW: name:enp0s3: saddr:100932208: daddr:33561200
[  202.622403] AAAAA-TCP_FORW: name:enp0s3: saddr:100932208: daddr:33561200
[  202.644493] AAAAA-TCP_FORW: name:enp0s3: saddr:100932208: daddr:33561200
[  202.665128] AAAAA-TCP_FORW: name:enp0s3: saddr:16783984: daddr:100932208
[  202.739135] AAAAA-TCP_FORW: name:enp0s3: saddr:33561200: daddr:100932208
[  202.757903] AAAAA-TCP_FORW: name:enp0s3: saddr:100932208: daddr:33561200
[  202.813662] AAAAA-TCP_FORW: name:enp0s3: saddr:100932208: daddr:33561200
[  202.929008] AAAAA-TCP_FORW: name:enp0s3: saddr:100932208: daddr:33561200
[  203.009743] AAAAA-TCP_FORW: name:enp0s3: saddr:100932208: daddr:33561200
[  203.137494] AAAAA-TCP_FORW: name:enp0s3: saddr:100932208: daddr:33561200
[  203.189228] AAAAA-TCP_FORW: name:enp0s3: saddr:100932208: daddr:33561200
[  203.239908] AAAAA-TCP_FORW: name:enp0s3: saddr:16783984: daddr:100932208
[  203.347594] AAAAA-TCP_FORW: name:enp0s3: saddr:100932208: daddr:33561200
[  203.364512] AAAAA-TCP_FORW: name:enp0s3: saddr:16783984: daddr:100932208
[  203.371504] AAAAA-TCP_FORW: name:enp0s3: saddr:100932208: daddr:33561200
[  203.468270] AAAAA-TCP_FORW: name:enp0s3: saddr:16783984: daddr:100932208
[  203.576104] AAAAA-TCP_FORW: name:enp0s3: saddr:100932208: daddr:33561200
[  203.625266] AAAAA-TCP_FORW: name:enp0s3: saddr:100932208: daddr:33561200
[  203.672780] AAAAA-TCP_FORW: name:enp0s3: saddr:16783984: daddr:100932208
[  203.774823] AAAAA-TCP_FORW: name:enp0s3: saddr:16783984: daddr:100932208
[  203.808583] AAAAA-TCP_FORW: name:enp0s3: saddr:100932208: daddr:33561200
[  203.845403] AAAAA-TCP_FORW: name:enp0s3: saddr:100932208: daddr:33561200
[  203.911813] AAAAA-TCP_FORW: name:enp0s3: saddr:16783984: daddr:100932208
[  203.930358] AAAAA-TCP_FORW: name:enp0s3: saddr:100932208: daddr:33561200
[  203.975525] AAAAA-TCP_FORW: name:enp0s3: saddr:100932208: daddr:33561200
[  204.025363] AAAAA-TCP_FORW: name:enp0s3: saddr:100932208: daddr:33561200
[  204.081202] AAAAA-TCP_FORW: name:enp0s3: saddr:100932208: daddr:33561200
[  204.184154] AAAAA-TCP_FORW: name:enp0s3: saddr:33561200: daddr:100932208
[  204.392224] AAAAA-TCP_FORW: name:enp0s3: saddr:16783984: daddr:100932208
[  204.480657] AAAAA-TCP_FORW: name:enp0s3: saddr:100932208: daddr:16783984
[  204.509563] AAAAA-TCP_FORW: name:enp0s3: saddr:100932208: daddr:16783984
[  204.523311] AAAAA-TCP_FORW: name:enp0s3: saddr:16783984: daddr:100932208
[  204.632751] AAAAA-TCP_FORW: name:enp0s3: saddr:100932208: daddr:16783984
[  204.670921] AAAAA-TCP_FORW: name:enp0s3: saddr:16783984: daddr:100932208
[  204.710543] AAAAA-TCP_FORW: name:enp0s3: saddr:100932208: daddr:16783984
[  204.782962] AAAAA-TCP_FORW: name:enp0s3: saddr:100932208: daddr:16783984
[  204.784966] AAAAA-TCP_FORW: name:enp0s3: saddr:16783984: daddr:100932208
[  204.810072] AAAAA-TCP_FORW: name:enp0s3: saddr:16783984: daddr:100932208
[  204.839390] AAAAA-TCP_FORW: name:enp0s3: saddr:100932208: daddr:16783984
[  204.926792] AAAAA-TCP_FORW: name:enp0s3: saddr:16783984: daddr:100932208
[  204.943760] AAAAA-TCP_FORW: name:enp0s3: saddr:33561200: daddr:100932208
[  204.960297] AAAAA-TCP_FORW: name:enp0s3: saddr:100932208: daddr:16783984
[  204.997441] AAAAA-TCP_FORW: name:enp0s3: saddr:100932208: daddr:16783984
[  205.004706] AAAAA-TCP_FORW: name:enp0s3: saddr:16783984: daddr:100932208
[  205.067873] AAAAA-TCP_FORW: name:enp0s3: saddr:100932208: daddr:16783984
[  205.102788] AAAAA-TCP_FORW: name:enp0s3: saddr:16783984: daddr:100932208
[  205.113260] AAAAA-TCP_FORW: name:enp0s3: saddr:16783984: daddr:100932208
[  205.126865] AAAAA-TCP_FORW: name:enp0s3: saddr:100932208: daddr:16783984
[  205.200329] AAAAA-TCP_FORW: name:enp0s3: saddr:16783984: daddr:100932208
[  205.243233] AAAAA-TCP_FORW: name:enp0s3: saddr:33561200: daddr:100932208
[  205.291679] AAAAA-TCP_FORW: name:enp0s3: saddr:100932208: daddr:16783984
[  205.322544] AAAAA-TCP_FORW: name:enp0s3: saddr:33561200: daddr:100932208
[  205.348379] AAAAA-TCP_FORW: name:enp0s3: saddr:100932208: daddr:16783984
[  205.367901] AAAAA-TCP_FORW: name:enp0s3: saddr:16783984: daddr:100932208
[  205.382148] AAAAA-TCP_FORW: name:enp0s3: saddr:33561200: daddr:100932208
[  205.479526] AAAAA-TCP_FORW: name:enp0s3: saddr:33561200: daddr:100932208
[  205.534030] AAAAA-TCP_FORW: name:enp0s3: saddr:33561200: daddr:100932208
[  205.647060] AAAAA-TCP_FORW: name:enp0s3: saddr:33561200: daddr:100932208
[  205.673132] AAAAA-TCP_FORW: name:enp0s3: saddr:33561200: daddr:100932208
[  205.734712] AAAAA-TCP_FORW: name:enp0s3: saddr:33561200: daddr:100932208
[  205.821435] AAAAA-TCP_FORW: name:enp0s3: saddr:33561200: daddr:100932208
[  205.846763] AAAAA-TCP_FORW: name:enp0s3: saddr:33561200: daddr:100932208
[  205.924349] AAAAA-TCP_FORW: name:enp0s3: saddr:100932208: daddr:16783984
[  205.945779] AAAAA-TCP_FORW: name:enp0s3: saddr:16783984: daddr:100932208
[  205.960800] AAAAA-TCP_FORW: name:enp0s3: saddr:100932208: daddr:16783984
[  205.978859] AAAAA-TCP_FORW: name:enp0s3: saddr:16783984: daddr:100932208
[  205.993553] AAAAA-TCP_FORW: name:enp0s3: saddr:33561200: daddr:100932208
[  206.080928] AAAAA-TCP_FORW: name:enp0s3: saddr:33561200: daddr:100932208
[  206.101002] AAAAA-TCP_FORW: name:enp0s3: saddr:100932208: daddr:16783984
[  206.117602] AAAAA-TCP_FORW: name:enp0s3: saddr:33561200: daddr:100932208
[  206.153147] AAAAA-TCP_FORW: name:enp0s3: saddr:100932208: daddr:16783984
[  206.158831] AAAAA-TCP_FORW: name:enp0s3: saddr:16783984: daddr:100932208
[  206.315822] AAAAA-TCP_FORW: name:enp0s3: saddr:100932208: daddr:16783984
[  206.367712] AAAAA-TCP_FORW: name:enp0s3: saddr:33561200: daddr:100932208
[  206.400020] AAAAA-TCP_FORW: name:enp0s3: saddr:100932208: daddr:16783984
[  206.528782] AAAAA-TCP_FORW: name:enp0s3: saddr:33561200: daddr:100932208
[  206.647859] AAAAA-TCP_FORW: name:enp0s3: saddr:33561200: daddr:100932208
[  206.747065] AAAAA-TCP_FORW: name:enp0s3: saddr:33561200: daddr:100932208
[  206.778502] AAAAA-TCP_FORW: name:enp0s3: saddr:100932208: daddr:16783984
[  206.832043] AAAAA-TCP_FORW: name:enp0s3: saddr:100932208: daddr:16783984
[  206.865057] AAAAA-TCP_FORW: name:enp0s3: saddr:33561200: daddr:100932208
[  206.905598] AAAAA-TCP_FORW: name:enp0s3: saddr:100932208: daddr:16783984
[  206.965050] AAAAA-TCP_FORW: name:enp0s3: saddr:33561200: daddr:100932208
[  207.035659] AAAAA-TCP_FORW: name:enp0s3: saddr:100932208: daddr:16783984
[  207.114377] AAAAA-TCP_FORW: name:enp0s3: saddr:100932208: daddr:16783984
[  207.193162] AAAAA-TCP_FORW: name:enp0s3: saddr:16783984: daddr:100932208
[  207.229192] AAAAA-TCP_FORW: name:enp0s3: saddr:100932208: daddr:16783984
[  207.298272] AAAAA-TCP_FORW: name:enp0s3: saddr:100932208: daddr:33561200
[  207.324619] AAAAA-TCP_FORW: name:enp0s3: saddr:16783984: daddr:100932208
[  207.361809] AAAAA-TCP_FORW: name:enp0s3: saddr:100932208: daddr:33561200
[  207.423584] AAAAA-TCP_FORW: name:enp0s3: saddr:16783984: daddr:100932208
[  207.485689] AAAAA-TCP_FORW: name:enp0s3: saddr:100932208: daddr:33561200
[  207.594488] AAAAA-TCP_FORW: name:enp0s3: saddr:16783984: daddr:100932208
[  207.618318] AAAAA-TCP_FORW: name:enp0s3: saddr:100932208: daddr:16783984
[  207.680842] AAAAA-TCP_FORW: name:enp0s3: saddr:100932208: daddr:16783984
[  207.691292] AAAAA-TCP_FORW: name:enp0s3: saddr:16783984: daddr:100932208
[  207.751618] AAAAA-TCP_FORW: name:enp0s3: saddr:16783984: daddr:100932208
[  207.773274] AAAAA-TCP_FORW: name:enp0s3: saddr:100932208: daddr:16783984
[  207.850766] AAAAA-TCP_FORW: name:enp0s3: saddr:100932208: daddr:16783984
[  207.897328] AAAAA-TCP_FORW: name:enp0s3: saddr:16783984: daddr:100932208
[  207.913006] AAAAA-TCP_FORW: name:enp0s3: saddr:100932208: daddr:16783984
[  207.956975] AAAAA-TCP_FORW: name:enp0s3: saddr:100932208: daddr:16783984
[  207.968846] AAAAA-TCP_FORW: name:enp0s3: saddr:16783984: daddr:100932208
[  208.003077] AAAAA-TCP_FORW: name:enp0s3: saddr:16783984: daddr:100932208
[  208.012559] AAAAA-TCP_FORW: name:enp0s3: saddr:100932208: daddr:16783984
[  208.084490] AAAAA-TCP_FORW: name:enp0s3: saddr:100932208: daddr:16783984
[  208.099446] AAAAA-TCP_FORW: name:enp0s3: saddr:16783984: daddr:100932208
[  208.112502] AAAAA-TCP_FORW: name:enp0s3: saddr:100932208: daddr:16783984
[  208.142655] AAAAA-TCP_FORW: name:enp0s3: saddr:100932208: daddr:16783984
[  208.184459] AAAAA-TCP_FORW: name:enp0s3: saddr:16783984: daddr:100932208
[  208.231326] AAAAA-TCP_FORW: name:enp0s3: saddr:100932208: daddr:16783984
[  208.266727] AAAAA-TCP_FORW: name:enp0s3: saddr:100932208: daddr:16783984
[  208.304767] AAAAA-TCP_FORW: name:enp0s3: saddr:16783984: daddr:100932208
[  208.336182] AAAAA-TCP_FORW: name:enp0s3: saddr:100932208: daddr:16783984
[  208.404899] AAAAA-TCP_FORW: name:enp0s3: saddr:100932208: daddr:16783984
[  208.497137] AAAAA-TCP_FORW: name:enp0s3: saddr:100932208: daddr:16783984
[  208.559062] AAAAA-TCP_FORW: name:enp0s3: saddr:100932208: daddr:16783984
[  208.617511] AAAAA-TCP_FORW: name:enp0s3: saddr:100932208: daddr:16783984
[  208.680713] AAAAA-TCP_FORW: name:enp0s3: saddr:100932208: daddr:33561200
[  208.735891] AAAAA-TCP_FORW: name:enp0s3: saddr:100932208: daddr:33561200
[  208.772855] AAAAA-TCP_FORW: name:enp0s3: saddr:100932208: daddr:33561200
[  208.802355] AAAAA-TCP_FORW: name:enp0s3: saddr:100932208: daddr:33561200
[  208.831390] AAAAA-TCP_FORW: name:enp0s3: saddr:16783984: daddr:100932208
[  208.865577] AAAAA-TCP_FORW: name:enp0s3: saddr:100932208: daddr:33561200
[  208.895209] AAAAA-TCP_FORW: name:enp0s3: saddr:100932208: daddr:33561200
[  208.924033] AAAAA-TCP_FORW: name:enp0s3: saddr:16783984: daddr:100932208
[  208.960175] AAAAA-TCP_FORW: name:enp0s3: saddr:100932208: daddr:33561200
[  208.982848] AAAAA-TCP_FORW: name:enp0s3: saddr:100932208: daddr:33561200
[  209.006736] AAAAA-TCP_FORW: name:enp0s3: saddr:16783984: daddr:100932208
[  209.055132] AAAAA-TCP_FORW: name:enp0s3: saddr:100932208: daddr:33561200
[  209.080841] AAAAA-TCP_FORW: name:enp0s3: saddr:100932208: daddr:33561200
[  209.102085] AAAAA-TCP_FORW: name:enp0s3: saddr:16783984: daddr:100932208
[  209.144022] AAAAA-TCP_FORW: name:enp0s3: saddr:100932208: daddr:33561200
[  209.177446] AAAAA-TCP_FORW: name:enp0s3: saddr:16783984: daddr:100932208
[  209.194192] AAAAA-TCP_FORW: name:enp0s3: saddr:100932208: daddr:33561200
[  209.263727] AAAAA-TCP_FORW: name:enp0s3: saddr:16783984: daddr:100932208
[  209.286280] AAAAA-TCP_FORW: name:enp0s3: saddr:100932208: daddr:33561200
[  209.322438] AAAAA-TCP_FORW: name:enp0s3: saddr:100932208: daddr:33561200
[  209.350989] AAAAA-TCP_FORW: name:enp0s3: saddr:100932208: daddr:33561200
[  209.377225] AAAAA-TCP_FORW: name:enp0s3: saddr:100932208: daddr:33561200
[  209.395215] AAAAA-TCP_FORW: name:enp0s3: saddr:100932208: daddr:33561200
[  209.424167] AAAAA-TCP_FORW: name:enp0s3: saddr:16783984: daddr:100932208
[  209.494299] AAAAA-TCP_FORW: name:enp0s3: saddr:100932208: daddr:33561200
[  209.577941] AAAAA-TCP_FORW: name:enp0s3: saddr:100932208: daddr:33561200
[  209.600753] AAAAA-TCP_FORW: name:enp0s3: saddr:16783984: daddr:100932208
[  209.648938] AAAAA-TCP_FORW: name:enp0s3: saddr:100932208: daddr:33561200
[  209.673075] AAAAA-TCP_FORW: name:enp0s3: saddr:16783984: daddr:100932208
[  209.709345] AAAAA-TCP_FORW: name:enp0s3: saddr:100932208: daddr:16783984
[  209.735405] AAAAA-TCP_FORW: name:enp0s3: saddr:100932208: daddr:33561200
[  209.760512] AAAAA-TCP_FORW: name:enp0s3: saddr:16783984: daddr:100932208
[  209.778382] AAAAA-TCP_FORW: name:enp0s3: saddr:100932208: daddr:33561200
[  209.800618] AAAAA-TCP_FORW: name:enp0s3: saddr:100932208: daddr:33561200
[  209.818365] AAAAA-TCP_FORW: name:enp0s3: saddr:16783984: daddr:100932208
[  209.866863] AAAAA-TCP_FORW: name:enp0s3: saddr:100932208: daddr:33561200
[  209.915665] AAAAA-TCP_FORW: name:enp0s3: saddr:100932208: daddr:33561200
[  209.943273] AAAAA-TCP_FORW: name:enp0s3: saddr:100932208: daddr:33561200
[  209.960278] AAAAA-TCP_FORW: name:enp0s3: saddr:16783984: daddr:100932208
[  210.000029] AAAAA-TCP_FORW: name:enp0s3: saddr:100932208: daddr:33561200
[  210.027487] AAAAA-TCP_FORW: name:enp0s3: saddr:100932208: daddr:33561200
[  210.085388] AAAAA-TCP_FORW: name:enp0s3: saddr:100932208: daddr:33561200
[  210.131865] AAAAA-TCP_FORW: name:enp0s3: saddr:100932208: daddr:33561200
[  210.168745] AAAAA-TCP_FORW: name:enp0s3: saddr:33561200: daddr:100932208
[  210.217987] AAAAA-TCP_FORW: name:enp0s3: saddr:33561200: daddr:100932208
[  210.227521] AAAAA-TCP_FORW: name:enp0s3: saddr:100932208: daddr:33561200
[  210.273045] AAAAA-TCP_FORW: name:enp0s3: saddr:33561200: daddr:100932208
[  210.280735] AAAAA-TCP_FORW: name:enp0s3: saddr:100932208: daddr:33561200
[  210.303245] AAAAA-TCP_FORW: name:enp0s3: saddr:16783984: daddr:100932208
[  210.349199] AAAAA-TCP_FORW: name:enp0s3: saddr:100932208: daddr:33561200
[  210.386328] AAAAA-TCP_FORW: name:enp0s3: saddr:16783984: daddr:100932208
[  210.400657] AAAAA-TCP_FORW: name:enp0s3: saddr:100932208: daddr:16783984
[  210.435966] AAAAA-TCP_FORW: name:enp0s3: saddr:16783984: daddr:100932208
[  210.441261] AAAAA-TCP_FORW: name:enp0s3: saddr:100932208: daddr:16783984
[  210.498678] AAAAA-TCP_FORW: name:enp0s3: saddr:100932208: daddr:16783984
[  210.566767] AAAAA-TCP_FORW: name:enp0s3: saddr:100932208: daddr:16783984
[  210.586717] AAAAA-TCP_FORW: name:enp0s3: saddr:16783984: daddr:100932208
[  210.641039] AAAAA-TCP_FORW: name:enp0s3: saddr:100932208: daddr:16783984
[  210.686903] AAAAA-TCP_FORW: name:enp0s3: saddr:16783984: daddr:100932208
[  210.693730] AAAAA-TCP_FORW: name:enp0s3: saddr:100932208: daddr:16783984
[  210.754261] AAAAA-TCP_FORW: name:enp0s3: saddr:100932208: daddr:16783984
[  210.800944] AAAAA-TCP_FORW: name:enp0s3: saddr:16783984: daddr:100932208
[  210.816809] AAAAA-TCP_FORW: name:enp0s3: saddr:100932208: daddr:16783984
[  210.867921] AAAAA-TCP_FORW: name:enp0s3: saddr:16783984: daddr:100932208
[  210.871490] AAAAA-TCP_FORW: name:enp0s3: saddr:100932208: daddr:16783984
[  210.936230] AAAAA-TCP_FORW: name:enp0s3: saddr:100932208: daddr:16783984
[  210.951614] AAAAA-TCP_FORW: name:enp0s3: saddr:100932208: daddr:16783984
[  210.969125] AAAAA-TCP_FORW: name:enp0s3: saddr:16783984: daddr:100932208
[  211.014342] AAAAA-TCP_FORW: name:enp0s3: saddr:16783984: daddr:100932208
[  211.024773] AAAAA-TCP_FORW: name:enp0s3: saddr:100932208: daddr:16783984
[  211.081580] AAAAA-TCP_FORW: name:enp0s3: saddr:100932208: daddr:16783984
[  211.177556] AAAAA-TCP_FORW: name:enp0s3: saddr:16783984: daddr:100932208
[  211.189820] AAAAA-TCP_FORW: name:enp0s3: saddr:100932208: daddr:16783984
[  211.236827] AAAAA-TCP_FORW: name:enp0s3: saddr:16783984: daddr:100932208
[  211.264494] AAAAA-TCP_FORW: name:enp0s3: saddr:100932208: daddr:16783984
[  211.292895] AAAAA-TCP_FORW: name:enp0s3: saddr:16783984: daddr:100932208
[  211.307625] AAAAA-TCP_FORW: name:enp0s3: saddr:100932208: daddr:16783984
[  211.347643] AAAAA-TCP_FORW: name:enp0s3: saddr:16783984: daddr:100932208
[  211.371748] AAAAA-TCP_FORW: name:enp0s3: saddr:100932208: daddr:16783984
[  211.418685] AAAAA-TCP_FORW: name:enp0s3: saddr:33561200: daddr:100932208
[  211.450623] AAAAA-TCP_FORW: name:enp0s3: saddr:100932208: daddr:16783984
[  211.488845] AAAAA-TCP_FORW: name:enp0s3: saddr:33561200: daddr:100932208
[  211.498105] AAAAA-TCP_FORW: name:enp0s3: saddr:100932208: daddr:16783984
[  211.538579] AAAAA-TCP_FORW: name:enp0s3: saddr:33561200: daddr:100932208
[  211.556485] AAAAA-TCP_FORW: name:enp0s3: saddr:100932208: daddr:16783984
[  211.597426] AAAAA-TCP_FORW: name:enp0s3: saddr:33561200: daddr:100932208
[  211.660429] AAAAA-TCP_FORW: name:enp0s3: saddr:100932208: daddr:16783984
[  211.709629] AAAAA-TCP_FORW: name:enp0s3: saddr:33561200: daddr:100932208
[  211.722905] AAAAA-TCP_FORW: name:enp0s3: saddr:100932208: daddr:16783984
[  211.757253] AAAAA-TCP_FORW: name:enp0s3: saddr:33561200: daddr:100932208
[  211.777950] AAAAA-TCP_FORW: name:enp0s3: saddr:100932208: daddr:16783984
[  211.805987] AAAAA-TCP_FORW: name:enp0s3: saddr:33561200: daddr:100932208
[  211.869762] AAAAA-TCP_FORW: name:enp0s3: saddr:33561200: daddr:100932208
[  211.882450] AAAAA-TCP_FORW: name:enp0s3: saddr:100932208: daddr:16783984
[  211.922934] AAAAA-TCP_FORW: name:enp0s3: saddr:33561200: daddr:100932208
[  211.938552] AAAAA-TCP_FORW: name:enp0s3: saddr:100932208: daddr:16783984
[  212.001097] AAAAA-TCP_FORW: name:enp0s3: saddr:100932208: daddr:16783984
[  212.008971] AAAAA-TCP_FORW: name:enp0s3: saddr:33561200: daddr:100932208
[  212.042022] AAAAA-TCP_FORW: name:enp0s3: saddr:33561200: daddr:100932208
[  212.048448] AAAAA-TCP_FORW: name:enp0s3: saddr:100932208: daddr:16783984
[  212.135644] AAAAA-TCP_FORW: name:enp0s3: saddr:33561200: daddr:100932208
[  212.140820] AAAAA-TCP_FORW: name:enp0s3: saddr:100932208: daddr:16783984
[  212.190769] AAAAA-TCP_FORW: name:enp0s3: saddr:33561200: daddr:100932208
[  212.203435] AAAAA-TCP_FORW: name:enp0s3: saddr:100932208: daddr:16783984
[  212.256113] AAAAA-TCP_FORW: name:enp0s3: saddr:33561200: daddr:100932208
[  212.284424] AAAAA-TCP_FORW: name:enp0s3: saddr:100932208: daddr:16783984
[  212.306462] AAAAA-TCP_FORW: name:enp0s3: saddr:33561200: daddr:100932208
[  212.383699] AAAAA-TCP_FORW: name:enp0s3: saddr:100932208: daddr:16783984
[  212.396794] AAAAA-TCP_FORW: name:enp0s3: saddr:33561200: daddr:100932208
[  212.466678] AAAAA-TCP_FORW: name:enp0s3: saddr:100932208: daddr:16783984
[  212.483177] AAAAA-TCP_FORW: name:enp0s3: saddr:33561200: daddr:100932208
[  212.543556] AAAAA-TCP_FORW: name:enp0s3: saddr:100932208: daddr:16783984
[  212.577590] AAAAA-TCP_FORW: name:enp0s3: saddr:100932208: daddr:16783984
[  212.598892] AAAAA-TCP_FORW: name:enp0s3: saddr:33561200: daddr:100932208
[  212.620304] AAAAA-TCP_FORW: name:enp0s3: saddr:100932208: daddr:16783984
[  212.653106] AAAAA-TCP_FORW: name:enp0s3: saddr:33561200: daddr:100932208
[  212.722568] AAAAA-TCP_FORW: name:enp0s3: saddr:100932208: daddr:16783984
[  212.738176] AAAAA-TCP_FORW: name:enp0s3: saddr:33561200: daddr:100932208
[  212.789870] AAAAA-TCP_FORW: name:enp0s3: saddr:33561200: daddr:100932208
[  212.807123] AAAAA-TCP_FORW: name:enp0s3: saddr:100932208: daddr:16783984
[  212.853497] AAAAA-TCP_FORW: name:enp0s3: saddr:33561200: daddr:100932208
[  212.871634] AAAAA-TCP_FORW: name:enp0s3: saddr:100932208: daddr:16783984
[  212.922376] AAAAA-TCP_FORW: name:enp0s3: saddr:33561200: daddr:100932208
[  212.934819] AAAAA-TCP_FORW: name:enp0s3: saddr:100932208: daddr:16783984
[  212.973636] AAAAA-TCP_FORW: name:enp0s3: saddr:33561200: daddr:100932208
[  213.000266] AAAAA-TCP_FORW: name:enp0s3: saddr:100932208: daddr:16783984
[  213.021440] AAAAA-TCP_FORW: name:enp0s3: saddr:100932208: daddr:16783984
[  213.091493] AAAAA-TCP_FORW: name:enp0s3: saddr:100932208: daddr:16783984
[  213.134700] AAAAA-TCP_FORW: name:enp0s3: saddr:100932208: daddr:16783984
[  213.176254] AAAAA-TCP_FORW: name:enp0s3: saddr:33561200: daddr:100932208
[  213.230684] AAAAA-TCP_FORW: name:enp0s3: saddr:100932208: daddr:16783984
[  213.243863] AAAAA-TCP_FORW: name:enp0s3: saddr:33561200: daddr:100932208
[  213.299735] AAAAA-TCP_FORW: name:enp0s3: saddr:100932208: daddr:33561200
[  213.329151] AAAAA-TCP_FORW: name:enp0s3: saddr:100932208: daddr:33561200
[  213.379347] AAAAA-TCP_FORW: name:enp0s3: saddr:100932208: daddr:33561200
[  213.404348] AAAAA-TCP_FORW: name:enp0s3: saddr:33561200: daddr:100932208
[  213.447312] AAAAA-TCP_FORW: name:enp0s3: saddr:100932208: daddr:16783984
[  213.504018] AAAAA-TCP_FORW: name:enp0s3: saddr:100932208: daddr:16783984
[  213.542076] AAAAA-TCP_FORW: name:enp0s3: saddr:16783984: daddr:100932208
[  213.572789] AAAAA-TCP_FORW: name:enp0s3: saddr:100932208: daddr:16783984
[  213.635963] AAAAA-TCP_FORW: name:enp0s3: saddr:16783984: daddr:100932208
[  213.638062] AAAAA-TCP_FORW: name:enp0s3: saddr:100932208: daddr:16783984
[  213.681353] AAAAA-TCP_FORW: name:enp0s3: saddr:16783984: daddr:100932208
[  213.693912] AAAAA-TCP_FORW: name:enp0s3: saddr:100932208: daddr:16783984
[  213.815856] AAAAA-TCP_FORW: name:enp0s3: saddr:16783984: daddr:100932208
[  213.834265] AAAAA-TCP_FORW: name:enp0s3: saddr:100932208: daddr:16783984
[  213.860926] AAAAA-TCP_FORW: name:enp0s3: saddr:16783984: daddr:100932208
[  213.916425] AAAAA-TCP_FORW: name:enp0s3: saddr:100932208: daddr:16783984
[  213.945663] AAAAA-TCP_FORW: name:enp0s3: saddr:16783984: daddr:100932208
[  213.976338] AAAAA-TCP_FORW: name:enp0s3: saddr:100932208: daddr:16783984
[  214.014470] AAAAA-TCP_FORW: name:enp0s3: saddr:100932208: daddr:16783984
[  214.052806] AAAAA-TCP_FORW: name:enp0s3: saddr:16783984: daddr:100932208
[  214.126308] AAAAA-TCP_FORW: name:enp0s3: saddr:100932208: daddr:16783984
[  214.155000] AAAAA-TCP_FORW: name:enp0s3: saddr:16783984: daddr:100932208
[  214.212247] AAAAA-TCP_FORW: name:enp0s3: saddr:100932208: daddr:16783984
[  214.223357] AAAAA-TCP_FORW: name:enp0s3: saddr:16783984: daddr:100932208
[  214.264853] AAAAA-TCP_FORW: name:enp0s3: saddr:100932208: daddr:16783984
[  214.318771] AAAAA-TCP_FORW: name:enp0s3: saddr:16783984: daddr:100932208
[  214.334185] AAAAA-TCP_FORW: name:enp0s3: saddr:100932208: daddr:16783984
[  214.357910] AAAAA-TCP_FORW: name:enp0s3: saddr:16783984: daddr:100932208
[  214.391267] AAAAA-TCP_FORW: name:enp0s3: saddr:100932208: daddr:16783984
[  214.417042] AAAAA-TCP_FORW: name:enp0s3: saddr:16783984: daddr:100932208
[  214.436311] AAAAA-TCP_FORW: name:enp0s3: saddr:100932208: daddr:16783984
[  214.474538] AAAAA-TCP_FORW: name:enp0s3: saddr:16783984: daddr:100932208
[  214.496449] AAAAA-TCP_FORW: name:enp0s3: saddr:100932208: daddr:16783984
[  214.540511] AAAAA-TCP_FORW: name:enp0s3: saddr:16783984: daddr:100932208
[  214.551881] AAAAA-TCP_FORW: name:enp0s3: saddr:100932208: daddr:33561200
[  214.588182] AAAAA-TCP_FORW: name:enp0s3: saddr:100932208: daddr:33561200
[  214.614563] AAAAA-TCP_FORW: name:enp0s3: saddr:100932208: daddr:33561200
[  214.626499] AAAAA-TCP_FORW: name:enp0s3: saddr:16783984: daddr:100932208
[  214.668931] AAAAA-TCP_FORW: name:enp0s3: saddr:100932208: daddr:33561200
[  214.702588] AAAAA-TCP_FORW: name:enp0s3: saddr:16783984: daddr:100932208
[  214.738818] AAAAA-TCP_FORW: name:enp0s3: saddr:100932208: daddr:33561200
[  214.783933] AAAAA-TCP_FORW: name:enp0s3: saddr:16783984: daddr:100932208
[  214.797608] AAAAA-TCP_FORW: name:enp0s3: saddr:100932208: daddr:33561200
[  214.816221] AAAAA-TCP_FORW: name:enp0s3: saddr:16783984: daddr:100932208
[  214.865561] AAAAA-TCP_FORW: name:enp0s3: saddr:100932208: daddr:33561200
[  214.903202] AAAAA-TCP_FORW: name:enp0s3: saddr:16783984: daddr:100932208
[  214.917233] AAAAA-TCP_FORW: name:enp0s3: saddr:100932208: daddr:33561200
[  214.966951] AAAAA-TCP_FORW: name:enp0s3: saddr:100932208: daddr:33561200
[  214.975687] AAAAA-TCP_FORW: name:enp0s3: saddr:16783984: daddr:100932208
[  215.015379] AAAAA-TCP_FORW: name:enp0s3: saddr:100932208: daddr:33561200
[  215.024485] AAAAA-TCP_FORW: name:enp0s3: saddr:16783984: daddr:100932208
[  215.061325] AAAAA-TCP_FORW: name:enp0s3: saddr:16783984: daddr:100932208
[  215.087402] AAAAA-TCP_FORW: name:enp0s3: saddr:16783984: daddr:100932208
[  215.094448] AAAAA-TCP_FORW: name:enp0s3: saddr:100932208: daddr:33561200
[  215.133930] AAAAA-TCP_FORW: name:enp0s3: saddr:16783984: daddr:100932208
[  215.142791] AAAAA-TCP_FORW: name:enp0s3: saddr:100932208: daddr:33561200
[  215.274135] AAAAA-TCP_FORW: name:enp0s3: saddr:100932208: daddr:33561200
[  215.288187] AAAAA-TCP_FORW: name:enp0s3: saddr:16783984: daddr:100932208
[  215.367692] AAAAA-TCP_FORW: name:enp0s3: saddr:16783984: daddr:100932208
[  215.379546] AAAAA-TCP_FORW: name:enp0s3: saddr:100932208: daddr:33561200
[  215.443478] AAAAA-TCP_FORW: name:enp0s3: saddr:100932208: daddr:33561200
[  215.473662] AAAAA-TCP_FORW: name:enp0s3: saddr:16783984: daddr:100932208
[  215.520257] AAAAA-TCP_FORW: name:enp0s3: saddr:100932208: daddr:33561200
[  215.572431] AAAAA-TCP_FORW: name:enp0s3: saddr:16783984: daddr:100932208
[  215.590888] AAAAA-TCP_FORW: name:enp0s3: saddr:100932208: daddr:33561200
[  215.649350] AAAAA-TCP_FORW: name:enp0s3: saddr:100932208: daddr:33561200
[  215.674186] AAAAA-TCP_FORW: name:enp0s3: saddr:16783984: daddr:100932208
[  215.726464] AAAAA-TCP_FORW: name:enp0s3: saddr:100932208: daddr:33561200
[  215.748468] AAAAA-TCP_FORW: name:enp0s3: saddr:16783984: daddr:100932208
[  215.756124] AAAAA-TCP_FORW: name:enp0s3: saddr:100932208: daddr:33561200
[  215.793667] AAAAA-TCP_FORW: name:enp0s3: saddr:100932208: daddr:33561200
[  215.816776] AAAAA-TCP_FORW: name:enp0s3: saddr:16783984: daddr:100932208
[  215.833210] AAAAA-TCP_FORW: name:enp0s3: saddr:100932208: daddr:33561200
[  215.882353] AAAAA-TCP_FORW: name:enp0s3: saddr:100932208: daddr:33561200
[  215.943484] AAAAA-TCP_FORW: name:enp0s3: saddr:100932208: daddr:33561200
[  215.959475] AAAAA-TCP_FORW: name:enp0s3: saddr:16783984: daddr:100932208
[  215.991576] AAAAA-TCP_FORW: name:enp0s3: saddr:100932208: daddr:33561200
[  216.061798] AAAAA-TCP_FORW: name:enp0s3: saddr:100932208: daddr:33561200
[  216.106094] AAAAA-TCP_FORW: name:enp0s3: saddr:100932208: daddr:16783984
[  216.117918] AAAAA-TCP_FORW: name:enp0s3: saddr:33561200: daddr:100932208
[  216.196081] AAAAA-TCP_FORW: name:enp0s3: saddr:100932208: daddr:16783984
[  216.203925] AAAAA-TCP_FORW: name:enp0s3: saddr:33561200: daddr:100932208
[  216.293669] AAAAA-TCP_FORW: name:enp0s3: saddr:100932208: daddr:16783984
[  216.308613] AAAAA-TCP_FORW: name:enp0s3: saddr:16783984: daddr:100932208
[  216.363531] AAAAA-TCP_FORW: name:enp0s3: saddr:100932208: daddr:16783984
[  216.422845] AAAAA-TCP_FORW: name:enp0s3: saddr:16783984: daddr:100932208
[  216.469557] AAAAA-TCP_FORW: name:enp0s3: saddr:16783984: daddr:100932208
[  216.508705] AAAAA-TCP_FORW: name:enp0s3: saddr:16783984: daddr:100932208
[  216.542809] AAAAA-TCP_FORW: name:enp0s3: saddr:100932208: daddr:16783984
[  216.578091] AAAAA-TCP_FORW: name:enp0s3: saddr:16783984: daddr:100932208
[  216.638691] AAAAA-TCP_FORW: name:enp0s3: saddr:16783984: daddr:100932208
[  216.685581] AAAAA-TCP_FORW: name:enp0s3: saddr:100932208: daddr:16783984
[  216.714282] AAAAA-TCP_FORW: name:enp0s3: saddr:16783984: daddr:100932208
[  216.784788] AAAAA-TCP_FORW: name:enp0s3: saddr:100932208: daddr:16783984
[  216.795235] AAAAA-TCP_FORW: name:enp0s3: saddr:16783984: daddr:100932208
[  216.851818] AAAAA-TCP_FORW: name:enp0s3: saddr:16783984: daddr:100932208
[  216.914519] AAAAA-TCP_FORW: name:enp0s3: saddr:16783984: daddr:100932208
[  216.960008] AAAAA-TCP_FORW: name:enp0s3: saddr:16783984: daddr:100932208
[  216.981630] AAAAA-TCP_FORW: name:enp0s3: saddr:100932208: daddr:16783984
[  217.014574] AAAAA-TCP_FORW: name:enp0s3: saddr:16783984: daddr:100932208
[  217.041652] AAAAA-TCP_FORW: name:enp0s3: saddr:33561200: daddr:100932208
[  217.064203] AAAAA-TCP_FORW: name:enp0s3: saddr:100932208: daddr:16783984
[  217.110041] AAAAA-TCP_FORW: name:enp0s3: saddr:33561200: daddr:100932208
[  217.204695] AAAAA-TCP_FORW: name:enp0s3: saddr:33561200: daddr:100932208
[  217.241194] AAAAA-TCP_FORW: name:enp0s3: saddr:33561200: daddr:100932208
[  217.313250] AAAAA-TCP_FORW: name:enp0s3: saddr:100932208: daddr:16783984
[  217.332083] AAAAA-TCP_FORW: name:enp0s3: saddr:33561200: daddr:100932208
[  217.379292] AAAAA-TCP_FORW: name:enp0s3: saddr:33561200: daddr:100932208
[  217.405420] AAAAA-TCP_FORW: name:enp0s3: saddr:100932208: daddr:16783984
[  217.500059] AAAAA-TCP_FORW: name:enp0s3: saddr:33561200: daddr:100932208
[  217.507273] AAAAA-TCP_FORW: name:enp0s3: saddr:100932208: daddr:16783984
[  217.533495] AAAAA-TCP_FORW: name:enp0s3: saddr:33561200: daddr:100932208
[  217.629843] AAAAA-TCP_FORW: name:enp0s3: saddr:33561200: daddr:100932208
[  217.687240] AAAAA-TCP_FORW: name:enp0s3: saddr:100932208: daddr:16783984
[  217.730558] AAAAA-TCP_FORW: name:enp0s3: saddr:33561200: daddr:100932208
[  217.805450] AAAAA-TCP_FORW: name:enp0s3: saddr:33561200: daddr:100932208
[  217.896482] AAAAA-TCP_FORW: name:enp0s3: saddr:100932208: daddr:16783984
[  217.940288] AAAAA-TCP_FORW: name:enp0s3: saddr:33561200: daddr:100932208
[  217.980086] AAAAA-TCP_FORW: name:enp0s3: saddr:33561200: daddr:100932208
[  218.092465] AAAAA-TCP_FORW: name:enp0s3: saddr:33561200: daddr:100932208
[  218.126916] AAAAA-TCP_FORW: name:enp0s3: saddr:100932208: daddr:16783984
[  218.185894] AAAAA-TCP_FORW: name:enp0s3: saddr:33561200: daddr:100932208
[  218.288501] AAAAA-TCP_FORW: name:enp0s3: saddr:33561200: daddr:100932208
[  218.336717] AAAAA-TCP_FORW: name:enp0s3: saddr:33561200: daddr:100932208
[  218.388220] AAAAA-TCP_FORW: name:enp0s3: saddr:33561200: daddr:100932208
[  218.485703] AAAAA-TCP_FORW: name:enp0s3: saddr:33561200: daddr:100932208
[  218.558150] AAAAA-TCP_FORW: name:enp0s3: saddr:100932208: daddr:16783984
[  218.577394] AAAAA-TCP_FORW: name:enp0s3: saddr:33561200: daddr:100932208
[  218.650809] AAAAA-TCP_FORW: name:enp0s3: saddr:16783984: daddr:100932208
[  218.755954] AAAAA-TCP_FORW: name:enp0s3: saddr:16783984: daddr:100932208
[  218.881243] AAAAA-TCP_FORW: name:enp0s3: saddr:16783984: daddr:100932208
[  218.959169] AAAAA-TCP_FORW: name:enp0s3: saddr:100932208: daddr:16783984
[  219.045635] AAAAA-TCP_FORW: name:enp0s3: saddr:16783984: daddr:100932208
[  219.135413] AAAAA-TCP_FORW: name:enp0s3: saddr:16783984: daddr:100932208
[  219.143348] AAAAA-TCP_FORW: name:enp0s3: saddr:100932208: daddr:16783984
[  219.261347] AAAAA-TCP_FORW: name:enp0s3: saddr:100932208: daddr:16783984
[  219.308730] AAAAA-TCP_FORW: name:enp0s3: saddr:100932208: daddr:16783984
[  219.340686] AAAAA-TCP_FORW: name:enp0s3: saddr:16783984: daddr:100932208
[  219.368285] AAAAA-TCP_FORW: name:enp0s3: saddr:100932208: daddr:16783984
[  219.435748] AAAAA-TCP_FORW: name:enp0s3: saddr:16783984: daddr:100932208
[  219.500828] AAAAA-TCP_FORW: name:enp0s3: saddr:100932208: daddr:16783984
[  219.535866] AAAAA-TCP_FORW: name:enp0s3: saddr:100932208: daddr:16783984
[  219.563927] AAAAA-TCP_FORW: name:enp0s3: saddr:16783984: daddr:100932208
[  219.690352] AAAAA-TCP_FORW: name:enp0s3: saddr:16783984: daddr:100932208
[  219.780044] AAAAA-TCP_FORW: name:enp0s3: saddr:100932208: daddr:16783984
[  219.804855] AAAAA-TCP_FORW: name:enp0s3: saddr:100932208: daddr:16783984
[  219.833327] AAAAA-TCP_FORW: name:enp0s3: saddr:16783984: daddr:100932208
[  219.846967] AAAAA-TCP_FORW: name:enp0s3: saddr:100932208: daddr:16783984
[  219.886955] AAAAA-TCP_FORW: name:enp0s3: saddr:100932208: daddr:16783984
[  219.898054] AAAAA-TCP_FORW: name:enp0s3: saddr:100932208: daddr:16783984
[  219.925472] AAAAA-TCP_FORW: name:enp0s3: saddr:100932208: daddr:16783984
[  219.951439] AAAAA-TCP_FORW: name:enp0s3: saddr:16783984: daddr:100932208
[  219.978232] AAAAA-TCP_FORW: name:enp0s3: saddr:100932208: daddr:16783984
[  220.014022] AAAAA-TCP_FORW: name:enp0s3: saddr:100932208: daddr:16783984
[  220.026777] AAAAA-TCP_FORW: name:enp0s3: saddr:16783984: daddr:100932208
[  220.063583] AAAAA-TCP_FORW: name:enp0s3: saddr:100932208: daddr:16783984
[  220.174243] AAAAA-TCP_FORW: name:enp0s3: saddr:100932208: daddr:33561200
[  220.179564] AAAAA-TCP_FORW: name:enp0s3: saddr:16783984: daddr:100932208
[  220.260405] AAAAA-TCP_FORW: name:enp0s3: saddr:16783984: daddr:100932208
[  220.341612] AAAAA-TCP_FORW: name:enp0s3: saddr:100932208: daddr:33561200
[  220.406482] AAAAA-TCP_FORW: name:enp0s3: saddr:100932208: daddr:33561200
[  220.432235] AAAAA-TCP_FORW: name:enp0s3: saddr:100932208: daddr:33561200
[  220.488552] AAAAA-TCP_FORW: name:enp0s3: saddr:100932208: daddr:33561200
[  220.526788] AAAAA-TCP_FORW: name:enp0s3: saddr:16783984: daddr:100932208
[  220.548362] AAAAA-TCP_FORW: name:enp0s3: saddr:100932208: daddr:33561200
[  220.604452] AAAAA-TCP_FORW: name:enp0s3: saddr:100932208: daddr:33561200
[  220.661676] AAAAA-TCP_FORW: name:enp0s3: saddr:100932208: daddr:33561200
[  220.696379] AAAAA-TCP_FORW: name:enp0s3: saddr:100932208: daddr:33561200
[  220.729117] AAAAA-TCP_FORW: name:enp0s3: saddr:100932208: daddr:33561200
[  220.753775] AAAAA-TCP_FORW: name:enp0s3: saddr:16783984: daddr:100932208
[  220.894500] AAAAA-TCP_FORW: name:enp0s3: saddr:100932208: daddr:33561200
[  220.926046] AAAAA-TCP_FORW: name:enp0s3: saddr:100932208: daddr:33561200
[  221.040395] AAAAA-TCP_FORW: name:enp0s3: saddr:16783984: daddr:100932208
[  221.174585] AAAAA-TCP_FORW: name:enp0s3: saddr:16783984: daddr:100932208
[  221.308001] AAAAA-TCP_FORW: name:enp0s3: saddr:16783984: daddr:100932208
[  221.418067] AAAAA-TCP_FORW: name:enp0s3: saddr:16783984: daddr:100932208
[  221.504318] AAAAA-TCP_FORW: name:enp0s3: saddr:16783984: daddr:100932208
[  221.682417] AAAAA-TCP_FORW: name:enp0s3: saddr:16783984: daddr:100932208
[  221.762690] AAAAA-TCP_FORW: name:enp0s3: saddr:16783984: daddr:100932208
[  221.902986] AAAAA-TCP_FORW: name:enp0s3: saddr:16783984: daddr:100932208
[  222.025776] AAAAA-TCP_FORW: name:enp0s3: saddr:16783984: daddr:100932208
[  222.113612] AAAAA-TCP_FORW: name:enp0s3: saddr:16783984: daddr:100932208
[  222.205639] AAAAA-TCP_FORW: name:enp0s3: saddr:16783984: daddr:100932208
[  222.309562] AAAAA-TCP_FORW: name:enp0s3: saddr:16783984: daddr:100932208
[  222.414749] AAAAA-TCP_FORW: name:enp0s3: saddr:16783984: daddr:100932208
[  222.538726] AAAAA-TCP_FORW: name:enp0s3: saddr:16783984: daddr:100932208
[  222.678114] AAAAA-TCP_FORW: name:enp0s3: saddr:16783984: daddr:100932208
[  222.724538] AAAAA-TCP_FORW: name:enp0s3: saddr:33561200: daddr:100932208
[  222.903747] AAAAA-TCP_FORW: name:enp0s3: saddr:33561200: daddr:100932208
[  222.970074] AAAAA-TCP_FORW: name:enp0s3: saddr:33561200: daddr:100932208
[  223.058210] AAAAA-TCP_FORW: name:enp0s3: saddr:33561200: daddr:100932208
[  223.125618] AAAAA-TCP_FORW: name:enp0s3: saddr:33561200: daddr:100932208
[  223.250598] AAAAA-TCP_FORW: name:enp0s3: saddr:33561200: daddr:100932208
[  223.329347] AAAAA-TCP_FORW: name:enp0s3: saddr:33561200: daddr:100932208
[  223.496856] AAAAA-TCP_FORW: name:enp0s3: saddr:33561200: daddr:100932208
[  223.627338] AAAAA-TCP_FORW: name:enp0s3: saddr:33561200: daddr:100932208
[  223.761501] AAAAA-TCP_FORW: name:enp0s3: saddr:33561200: daddr:100932208
[  223.845883] AAAAA-TCP_FORW: name:enp0s3: saddr:33561200: daddr:100932208
[  223.966719] AAAAA-TCP_FORW: name:enp0s3: saddr:33561200: daddr:100932208
[  224.040261] AAAAA-TCP_FORW: name:enp0s3: saddr:16783984: daddr:100932208
[  224.171895] AAAAA-TCP_FORW: name:enp0s3: saddr:33561200: daddr:100932208
[  224.254579] AAAAA-TCP_FORW: name:enp0s3: saddr:100932208: daddr:16783984
[  224.546142] AAAAA-TCP_FORW: name:enp0s3: saddr:100932208: daddr:16783984
[  225.653030] AAAAA-TCP_FORW: name:enp0s3: saddr:100932208: daddr:16783984
[  225.846539] AAAAA-TCP_FORW: name:enp0s3: saddr:100932208: daddr:16783984
[  225.945310] AAAAA-TCP_FORW: name:enp0s3: saddr:16783984: daddr:100932208
[  225.957698] AAAAA-TCP_FORW: name:enp0s3: saddr:100932208: daddr:16783984
[  226.023333] AAAAA-TCP_FORW: name:enp0s3: saddr:100932208: daddr:16783984
[  226.077185] AAAAA-TCP_FORW: name:enp0s3: saddr:16783984: daddr:100932208
[  226.160282] AAAAA-TCP_FORW: name:enp0s3: saddr:100932208: daddr:16783984
[  226.201906] AAAAA-TCP_FORW: name:enp0s3: saddr:100932208: daddr:16783984
[  226.260325] AAAAA-TCP_FORW: name:enp0s3: saddr:100932208: daddr:16783984
[  226.285261] AAAAA-TCP_FORW: name:enp0s3: saddr:16783984: daddr:100932208
[  226.326336] AAAAA-TCP_FORW: name:enp0s3: saddr:100932208: daddr:16783984
[  226.340329] AAAAA-TCP_FORW: name:enp0s3: saddr:16783984: daddr:100932208
[  226.390943] AAAAA-TCP_FORW: name:enp0s3: saddr:100932208: daddr:16783984
[  226.414976] AAAAA-TCP_FORW: name:enp0s3: saddr:16783984: daddr:100932208
[  226.467232] AAAAA-TCP_FORW: name:enp0s3: saddr:16783984: daddr:100932208
[  226.525569] AAAAA-TCP_FORW: name:enp0s3: saddr:16783984: daddr:100932208
[  226.560427] AAAAA-TCP_FORW: name:enp0s3: saddr:100932208: daddr:33561200
[  226.613200] AAAAA-TCP_FORW: name:enp0s3: saddr:16783984: daddr:100932208
[  226.627446] AAAAA-TCP_FORW: name:enp0s3: saddr:100932208: daddr:33561200
[  226.667531] AAAAA-TCP_FORW: name:enp0s3: saddr:100932208: daddr:16783984
[  226.700883] AAAAA-TCP_FORW: name:enp0s3: saddr:16783984: daddr:100932208
[  226.712903] AAAAA-TCP_FORW: name:enp0s3: saddr:100932208: daddr:16783984
[  226.785279] AAAAA-TCP_FORW: name:enp0s3: saddr:100932208: daddr:16783984
[  226.818609] AAAAA-TCP_FORW: name:enp0s3: saddr:100932208: daddr:16783984
[  226.839219] AAAAA-TCP_FORW: name:enp0s3: saddr:16783984: daddr:100932208
[  226.910724] AAAAA-TCP_FORW: name:enp0s3: saddr:100932208: daddr:16783984
[  226.944015] AAAAA-TCP_FORW: name:enp0s3: saddr:100932208: daddr:16783984
[  226.969619] AAAAA-TCP_FORW: name:enp0s3: saddr:100932208: daddr:16783984
[  227.000363] AAAAA-TCP_FORW: name:enp0s3: saddr:16783984: daddr:100932208
[  227.073513] AAAAA-TCP_FORW: name:enp0s3: saddr:100932208: daddr:16783984
[  227.107946] AAAAA-TCP_FORW: name:enp0s3: saddr:100932208: daddr:16783984
[  227.151267] AAAAA-TCP_FORW: name:enp0s3: saddr:100932208: daddr:16783984
[  227.184460] AAAAA-TCP_FORW: name:enp0s3: saddr:100932208: daddr:16783984
[  227.219625] AAAAA-TCP_FORW: name:enp0s3: saddr:100932208: daddr:16783984
[  227.259140] AAAAA-TCP_FORW: name:enp0s3: saddr:100932208: daddr:16783984
[  227.300158] AAAAA-TCP_FORW: name:enp0s3: saddr:33561200: daddr:100932208
[  227.350526] AAAAA-TCP_FORW: name:enp0s3: saddr:100932208: daddr:16783984
[  227.402550] AAAAA-TCP_FORW: name:enp0s3: saddr:33561200: daddr:100932208
[  227.425963] AAAAA-TCP_FORW: name:enp0s3: saddr:100932208: daddr:16783984
[  227.507079] AAAAA-TCP_FORW: name:enp0s3: saddr:100932208: daddr:16783984
[  227.561291] AAAAA-TCP_FORW: name:enp0s3: saddr:100932208: daddr:16783984
[  227.603738] AAAAA-TCP_FORW: name:enp0s3: saddr:16783984: daddr:100932208
[  227.623909] AAAAA-TCP_FORW: name:enp0s3: saddr:100932208: daddr:16783984
[  227.693648] AAAAA-TCP_FORW: name:enp0s3: saddr:100932208: daddr:16783984
[  227.695670] AAAAA-TCP_FORW: name:enp0s3: saddr:16783984: daddr:100932208
[  227.739171] AAAAA-TCP_FORW: name:enp0s3: saddr:16783984: daddr:100932208
[  227.752491] AAAAA-TCP_FORW: name:enp0s3: saddr:100932208: daddr:16783984
[  227.845172] AAAAA-TCP_FORW: name:enp0s3: saddr:100932208: daddr:33561200
[  227.857721] AAAAA-TCP_FORW: name:enp0s3: saddr:16783984: daddr:100932208
[  227.980189] AAAAA-TCP_FORW: name:enp0s3: saddr:16783984: daddr:100932208
[  228.113376] AAAAA-TCP_FORW: name:enp0s3: saddr:16783984: daddr:100932208
[  228.207939] AAAAA-TCP_FORW: name:enp0s3: saddr:16783984: daddr:100932208
[  228.321583] AAAAA-TCP_FORW: name:enp0s3: saddr:16783984: daddr:100932208
[  228.419319] AAAAA-TCP_FORW: name:enp0s3: saddr:16783984: daddr:100932208
[  228.507604] AAAAA-TCP_FORW: name:enp0s3: saddr:16783984: daddr:100932208
[  228.588449] AAAAA-TCP_FORW: name:enp0s3: saddr:16783984: daddr:100932208
[  228.674480] AAAAA-TCP_FORW: name:enp0s3: saddr:16783984: daddr:100932208
[  228.732243] AAAAA-TCP_FORW: name:enp0s3: saddr:100932208: daddr:16783984
[  228.743409] AAAAA-TCP_FORW: name:enp0s3: saddr:16783984: daddr:100932208
[  228.931800] AAAAA-TCP_FORW: name:enp0s3: saddr:16783984: daddr:100932208
[  228.958814] AAAAA-TCP_FORW: name:enp0s3: saddr:100932208: daddr:16783984
[  229.004670] AAAAA-TCP_FORW: name:enp0s3: saddr:16783984: daddr:100932208
[  229.077574] AAAAA-TCP_FORW: name:enp0s3: saddr:16783984: daddr:100932208
[  229.175300] AAAAA-TCP_FORW: name:enp0s3: saddr:16783984: daddr:100932208
[  229.210236] AAAAA-TCP_FORW: name:enp0s3: saddr:100932208: daddr:16783984
[  229.280141] AAAAA-TCP_FORW: name:enp0s3: saddr:16783984: daddr:100932208
[  229.336894] AAAAA-TCP_FORW: name:enp0s3: saddr:16783984: daddr:100932208
[  229.365196] AAAAA-TCP_FORW: name:enp0s3: saddr:100932208: daddr:16783984
[  229.427700] AAAAA-TCP_FORW: name:enp0s3: saddr:100932208: daddr:16783984
[  229.482338] AAAAA-TCP_FORW: name:enp0s3: saddr:16783984: daddr:100932208
[  229.555675] AAAAA-TCP_FORW: name:enp0s3: saddr:33561200: daddr:100932208
[  229.574358] AAAAA-TCP_FORW: name:enp0s3: saddr:100932208: daddr:16783984
[  229.670475] AAAAA-TCP_FORW: name:enp0s3: saddr:100932208: daddr:16783984
[  230.045164] AAAAA-TCP_FORW: name:enp0s3: saddr:100932208: daddr:16783984
[  230.164120] AAAAA-TCP_FORW: name:enp0s3: saddr:16783984: daddr:100932208
[  230.266799] AAAAA-TCP_FORW: name:enp0s3: saddr:16783984: daddr:100932208
[  230.492784] AAAAA-TCP_FORW: name:enp0s3: saddr:16783984: daddr:100932208
[  230.700354] AAAAA-TCP_FORW: name:enp0s3: saddr:16783984: daddr:100932208
[  230.827468] AAAAA-TCP_FORW: name:enp0s3: saddr:16783984: daddr:100932208
[  230.974627] AAAAA-TCP_FORW: name:enp0s3: saddr:16783984: daddr:100932208
[  231.043681] AAAAA-TCP_FORW: name:enp0s3: saddr:100932208: daddr:16783984
[  231.238410] AAAAA-TCP_FORW: name:enp0s3: saddr:16783984: daddr:100932208
[  231.351405] AAAAA-TCP_FORW: name:enp0s3: saddr:100932208: daddr:16783984
[  231.353372] AAAAA-TCP_FORW: name:enp0s3: saddr:100932208: daddr:16783984
[  231.401209] AAAAA-TCP_FORW: name:enp0s3: saddr:16783984: daddr:100932208
[  231.529155] AAAAA-TCP_FORW: name:enp0s3: saddr:100932208: daddr:16783984
[  231.551990] AAAAA-TCP_FORW: name:enp0s3: saddr:100932208: daddr:16783984
[  231.600630] AAAAA-TCP_FORW: name:enp0s3: saddr:100932208: daddr:16783984
[  231.645570] AAAAA-TCP_FORW: name:enp0s3: saddr:100932208: daddr:16783984
[  231.689953] AAAAA-TCP_FORW: name:enp0s3: saddr:100932208: daddr:16783984
[  231.730424] AAAAA-TCP_FORW: name:enp0s3: saddr:16783984: daddr:100932208
[  231.843594] AAAAA-TCP_FORW: name:enp0s3: saddr:100932208: daddr:16783984
[  231.874650] AAAAA-TCP_FORW: name:enp0s3: saddr:16783984: daddr:100932208
[  231.943945] AAAAA-TCP_FORW: name:enp0s3: saddr:100932208: daddr:16783984
[  231.959629] AAAAA-TCP_FORW: name:enp0s3: saddr:16783984: daddr:100932208
[  231.997054] AAAAA-TCP_FORW: name:enp0s3: saddr:100932208: daddr:16783984
[  232.075790] AAAAA-TCP_FORW: name:enp0s3: saddr:16783984: daddr:100932208
[  232.136715] AAAAA-TCP_FORW: name:enp0s3: saddr:100932208: daddr:16783984
[  232.177706] AAAAA-TCP_FORW: name:enp0s3: saddr:16783984: daddr:100932208
[  232.302417] AAAAA-TCP_FORW: name:enp0s3: saddr:16783984: daddr:100932208
[  232.350697] AAAAA-TCP_FORW: name:enp0s3: saddr:100932208: daddr:16783984
[  232.425823] AAAAA-TCP_FORW: name:enp0s3: saddr:100932208: daddr:16783984
[  232.453915] AAAAA-TCP_FORW: name:enp0s3: saddr:16783984: daddr:100932208
[  232.530939] AAAAA-TCP_FORW: name:enp0s3: saddr:16783984: daddr:100932208
[  232.636057] AAAAA-TCP_FORW: name:enp0s3: saddr:100932208: daddr:16783984
[  232.659434] AAAAA-TCP_FORW: name:enp0s3: saddr:16783984: daddr:100932208
[  232.741858] AAAAA-TCP_FORW: name:enp0s3: saddr:16783984: daddr:100932208
[  232.834134] AAAAA-TCP_FORW: name:enp0s3: saddr:16783984: daddr:100932208
[  232.849644] AAAAA-TCP_FORW: name:enp0s3: saddr:100932208: daddr:16783984
[  232.884236] AAAAA-TCP_FORW: name:enp0s3: saddr:100932208: daddr:16783984
[  232.925710] AAAAA-TCP_FORW: name:enp0s3: saddr:16783984: daddr:100932208
[  233.041894] AAAAA-TCP_FORW: name:enp0s3: saddr:100932208: daddr:16783984
[  233.093484] AAAAA-TCP_FORW: name:enp0s3: saddr:16783984: daddr:100932208
[  233.124581] AAAAA-TCP_FORW: name:enp0s3: saddr:100932208: daddr:16783984
[  233.203108] AAAAA-TCP_FORW: name:enp0s3: saddr:16783984: daddr:100932208
[  233.220318] AAAAA-TCP_FORW: name:enp0s3: saddr:100932208: daddr:16783984
[  233.398296] AAAAA-TCP_FORW: name:enp0s3: saddr:16783984: daddr:100932208
[  233.504175] AAAAA-TCP_FORW: name:enp0s3: saddr:100932208: daddr:16783984
[  233.569456] AAAAA-TCP_FORW: name:enp0s3: saddr:100932208: daddr:16783984
[  233.634030] AAAAA-TCP_FORW: name:enp0s3: saddr:16783984: daddr:100932208
[  233.658572] AAAAA-TCP_FORW: name:enp0s3: saddr:100932208: daddr:16783984
[  233.730390] AAAAA-TCP_FORW: name:enp0s3: saddr:16783984: daddr:100932208
[  233.814496] AAAAA-TCP_FORW: name:enp0s3: saddr:16783984: daddr:100932208
[  233.917148] AAAAA-TCP_FORW: name:enp0s3: saddr:16783984: daddr:100932208
[  234.035177] AAAAA-TCP_FORW: name:enp0s3: saddr:16783984: daddr:100932208
[  234.155252] AAAAA-TCP_FORW: name:enp0s3: saddr:16783984: daddr:100932208
[  234.256089] AAAAA-TCP_FORW: name:enp0s3: saddr:16783984: daddr:100932208
[  234.355994] AAAAA-TCP_FORW: name:enp0s3: saddr:16783984: daddr:100932208
[  240.719579] AAAAA-TCP_FORW: name:enp0s3: saddr:100932208: daddr:33561200
[  240.744162] AAAAA-TCP_FORW: name:enp0s3: saddr:33561200: daddr:100932208
[  244.859419] AAAAA-TCP_FORW: name:enp0s3: saddr:100932208: daddr:16783984
[  244.932081] AAAAA-TCP_FORW: name:enp0s3: saddr:100932208: daddr:16783984
[  245.056147] AAAAA-TCP_FORW: name:enp0s3: saddr:100932208: daddr:16783984
[  245.071267] AAAAA-TCP_FORW: name:enp0s3: saddr:100932208: daddr:16783984
[  245.133428] AAAAA-TCP_FORW: name:enp0s3: saddr:100932208: daddr:16783984
[  245.203814] AAAAA-TCP_FORW: name:enp0s3: saddr:100932208: daddr:16783984
[  245.254992] AAAAA-TCP_FORW: name:enp0s3: saddr:100932208: daddr:16783984
[  245.345430] AAAAA-TCP_FORW: name:enp0s3: saddr:100932208: daddr:16783984
[  245.384043] AAAAA-TCP_FORW: name:enp0s3: saddr:100932208: daddr:16783984
[  245.462406] AAAAA-TCP_FORW: name:enp0s3: saddr:100932208: daddr:16783984
[  245.565213] AAAAA-TCP_FORW: name:enp0s3: saddr:100932208: daddr:16783984
[  245.597176] AAAAA-TCP_FORW: name:enp0s3: saddr:100932208: daddr:16783984
[  245.696078] AAAAA-TCP_FORW: name:enp0s3: saddr:100932208: daddr:16783984
[  245.773954] AAAAA-TCP_FORW: name:enp0s3: saddr:100932208: daddr:33561200
[  245.895219] AAAAA-TCP_FORW: name:enp0s3: saddr:100932208: daddr:33561200
[  245.997211] AAAAA-TCP_FORW: name:enp0s3: saddr:100932208: daddr:33561200
[  246.078843] AAAAA-TCP_FORW: name:enp0s3: saddr:100932208: daddr:33561200
[  246.195564] AAAAA-TCP_FORW: name:enp0s3: saddr:100932208: daddr:33561200
[  246.253703] AAAAA-TCP_FORW: name:enp0s3: saddr:100932208: daddr:33561200
[  246.378937] AAAAA-TCP_FORW: name:enp0s3: saddr:100932208: daddr:33561200
[  246.479406] AAAAA-TCP_FORW: name:enp0s3: saddr:100932208: daddr:16783984
[  246.600902] AAAAA-TCP_FORW: name:enp0s3: saddr:100932208: daddr:16783984
[  246.711869] AAAAA-TCP_FORW: name:enp0s3: saddr:100932208: daddr:16783984
[  246.787024] AAAAA-TCP_FORW: name:enp0s3: saddr:100932208: daddr:16783984
[  246.929951] AAAAA-TCP_FORW: name:enp0s3: saddr:100932208: daddr:16783984
[  247.024727] AAAAA-TCP_FORW: name:enp0s3: saddr:100932208: daddr:16783984
[  247.124245] AAAAA-TCP_FORW: name:enp0s3: saddr:100932208: daddr:16783984
[  247.187928] AAAAA-TCP_FORW: name:enp0s3: saddr:100932208: daddr:16783984
[  247.296176] AAAAA-TCP_FORW: name:enp0s3: saddr:100932208: daddr:16783984
[  247.433229] AAAAA-TCP_FORW: name:enp0s3: saddr:100932208: daddr:16783984
[  247.512715] AAAAA-TCP_FORW: name:enp0s3: saddr:100932208: daddr:16783984
[  247.600988] AAAAA-TCP_FORW: name:enp0s3: saddr:100932208: daddr:16783984
[  250.453902] AAAAA-TCP_FORW: name:enp0s3: saddr:100932208: daddr:33561200
[  250.800797] AAAAA-TCP_FORW: name:enp0s3: saddr:100932208: daddr:16783984
[  250.970315] AAAAA-TCP_FORW: name:enp0s3: saddr:100932208: daddr:16783984
[  251.078601] AAAAA-TCP_FORW: name:enp0s3: saddr:100932208: daddr:16783984
[  251.265723] AAAAA-TCP_FORW: name:enp0s3: saddr:100932208: daddr:16783984
[  251.389209] AAAAA-TCP_FORW: name:enp0s3: saddr:100932208: daddr:16783984
[  251.468655] AAAAA-TCP_FORW: name:enp0s3: saddr:100932208: daddr:16783984
[  251.598651] AAAAA-TCP_FORW: name:enp0s3: saddr:100932208: daddr:16783984
[  252.666971] AAAAA-TCP_FORW: name:enp0s3: saddr:100932208: daddr:16783984
[  252.990593] AAAAA-TCP_FORW: name:enp0s3: saddr:100932208: daddr:16783984
[  253.196148] AAAAA-TCP_FORW: name:enp0s3: saddr:100932208: daddr:16783984
[  253.273888] AAAAA-TCP_FORW: name:enp0s3: saddr:100932208: daddr:33561200
[  253.859093] AAAAA-TCP_FORW: name:enp0s3: saddr:100932208: daddr:16783984
[  254.544931] AAAAA-TCP_FORW: name:enp0s3: saddr:100932208: daddr:16783984
[  254.908611] AAAAA-TCP_FORW: name:enp0s3: saddr:100932208: daddr:33561200
[  255.393298] AAAAA-TCP_FORW: name:enp0s3: saddr:100932208: daddr:16783984
[  255.465265] AAAAA-TCP_FORW: name:enp0s3: saddr:100932208: daddr:16783984
[  255.875544] AAAAA-TCP_FORW: name:enp0s3: saddr:100932208: daddr:16783984
[  256.019977] AAAAA-TCP_FORW: name:enp0s3: saddr:100932208: daddr:16783984
[  256.083026] AAAAA-TCP_FORW: name:enp0s3: saddr:100932208: daddr:16783984
[  256.464296] AAAAA-TCP_FORW: name:enp0s3: saddr:100932208: daddr:16783984
[  256.805150] AAAAA-TCP_FORW: name:enp0s3: saddr:100932208: daddr:16783984
[  256.932359] AAAAA-TCP_FORW: name:enp0s3: saddr:100932208: daddr:16783984
[  257.146014] AAAAA-TCP_FORW: name:enp0s3: saddr:100932208: daddr:16783984
[  257.273186] AAAAA-TCP_FORW: name:enp0s3: saddr:100932208: daddr:16783984
[  257.487173] AAAAA-TCP_FORW: name:enp0s3: saddr:100932208: daddr:16783984
[  257.572261] AAAAA-TCP_FORW: name:enp0s3: saddr:100932208: daddr:16783984
[  257.691133] AAAAA-TCP_FORW: name:enp0s3: saddr:100932208: daddr:33561200
[  257.800600] AAAAA-TCP_FORW: name:enp0s3: saddr:100932208: daddr:16783984
[  258.402472] AAAAA-TCP_FORW: name:enp0s3: saddr:100932208: daddr:16783984
[  258.685517] AAAAA-TCP_FORW: name:enp0s3: saddr:100932208: daddr:33561200
[  259.029477] AAAAA-TCP_FORW: name:enp0s3: saddr:100932208: daddr:33561200
[  259.335030] AAAAA-TCP_FORW: name:enp0s3: saddr:100932208: daddr:16783984
[  283.589657] AAAAA-TCP_FORW: name:enp0s3: saddr:100932208: daddr:33561200
[  287.436541] AAAAA-TCP_FORW: name:enp0s3: saddr:100932208: daddr:16783984
[  287.751434] AAAAA-TCP_FORW: name:enp0s3: saddr:100932208: daddr:33561200
[  288.255510] AAAAA-TCP_FORW: name:enp0s3: saddr:100932208: daddr:33561200
[  293.140226] AAAAA-TCP_FORW: name:enp0s3: saddr:100932208: daddr:16783984
[  293.193373] AAAAA-TCP_FORW: name:enp0s3: saddr:100932208: daddr:16783984
[  293.281799] AAAAA-TCP_FORW: name:enp0s3: saddr:100932208: daddr:16783984
[  293.341261] AAAAA-TCP_FORW: name:enp0s3: saddr:100932208: daddr:16783984
[  293.473311] AAAAA-TCP_FORW: name:enp0s3: saddr:100932208: daddr:16783984
[  293.694721] AAAAA-TCP_FORW: name:enp0s3: saddr:100932208: daddr:16783984
[  293.802318] AAAAA-TCP_FORW: name:enp0s3: saddr:100932208: daddr:16783984
[  293.940690] AAAAA-TCP_FORW: name:enp0s3: saddr:100932208: daddr:16783984
[  294.094695] AAAAA-TCP_FORW: name:enp0s3: saddr:100932208: daddr:16783984
[  294.177514] AAAAA-TCP_FORW: name:enp0s3: saddr:100932208: daddr:16783984
[  294.350569] AAAAA-TCP_FORW: name:enp0s3: saddr:100932208: daddr:16783984
[  294.437284] AAAAA-TCP_FORW: name:enp0s3: saddr:100932208: daddr:16783984
[  294.781495] AAAAA-TCP_FORW: name:enp0s3: saddr:100932208: daddr:33561200
[  295.072921] AAAAA-TCP_FORW: name:enp0s3: saddr:100932208: daddr:33561200
[  298.315712] AAAAA-TCP_FORW: name:enp0s3: saddr:100932208: daddr:16783984
[  298.527879] AAAAA-TCP_FORW: name:enp0s3: saddr:100932208: daddr:16783984
[  298.919374] AAAAA-TCP_FORW: name:enp0s3: saddr:100932208: daddr:16783984
[  299.034628] AAAAA-TCP_FORW: name:enp0s3: saddr:100932208: daddr:16783984
[  299.451939] AAAAA-TCP_FORW: name:enp0s3: saddr:100932208: daddr:16783984
[  299.649857] AAAAA-TCP_FORW: name:enp0s3: saddr:100932208: daddr:16783984
[  299.821425] AAAAA-TCP_FORW: name:enp0s3: saddr:100932208: daddr:16783984
[  300.255682] AAAAA-TCP_FORW: name:enp0s3: saddr:100932208: daddr:16783984
[  300.489706] AAAAA-TCP_FORW: name:enp0s3: saddr:100932208: daddr:16783984
[  300.602525] AAAAA-TCP_FORW: name:enp0s3: saddr:100932208: daddr:16783984
[  300.678696] AAAAA-TCP_FORW: name:enp0s3: saddr:100932208: daddr:16783984
