[    0.000000] Linux version 5.4.243-mptcp (root@ztg) (gcc version 12.2.0 (Debian 12.2.0-14+deb12u1)) #53 SMP Wed Dec 24 23:28:15 CST 2025
[    0.000000] Command line: BOOT_IMAGE=/boot/vmlinuz-5.4.243-mptcp root=UUID=98415a12-53b7-4144-8265-0f7ece09e445 ro quiet splash
[    0.000000] KERNEL supported cpus:
[    0.000000]   Intel GenuineIntel
[    0.000000]   AMD AuthenticAMD
[    0.000000]   Hygon HygonGenuine
[    0.000000]   Centaur CentaurHauls
[    0.000000]   zhaoxin   Shanghai  
[    0.000000] x86/fpu: Supporting XSAVE feature 0x001: 'x87 floating point registers'
[    0.000000] x86/fpu: Supporting XSAVE feature 0x002: 'SSE registers'
[    0.000000] x86/fpu: Supporting XSAVE feature 0x004: 'AVX registers'
[    0.000000] x86/fpu: xstate_offset[2]:  576, xstate_sizes[2]:  256
[    0.000000] x86/fpu: Enabled xstate features 0x7, context size is 832 bytes, using 'standard' format.
[    0.000000] BIOS-provided physical RAM map:
[    0.000000] BIOS-e820: [mem 0x0000000000000000-0x000000000009fbff] usable
[    0.000000] BIOS-e820: [mem 0x000000000009fc00-0x000000000009ffff] reserved
[    0.000000] BIOS-e820: [mem 0x00000000000f0000-0x00000000000fffff] reserved
[    0.000000] BIOS-e820: [mem 0x0000000000100000-0x000000007ffeffff] usable
[    0.000000] BIOS-e820: [mem 0x000000007fff0000-0x000000007fffffff] ACPI data
[    0.000000] BIOS-e820: [mem 0x00000000fec00000-0x00000000fec00fff] reserved
[    0.000000] BIOS-e820: [mem 0x00000000fee00000-0x00000000fee00fff] reserved
[    0.000000] BIOS-e820: [mem 0x00000000fffc0000-0x00000000ffffffff] reserved
[    0.000000] NX (Execute Disable) protection: active
[    0.000000] SMBIOS 2.5 present.
[    0.000000] DMI: innotek GmbH VirtualBox/VirtualBox, BIOS VirtualBox 12/01/2006
[    0.000000] Hypervisor detected: KVM
[    0.000000] kvm-clock: Using msrs 4b564d01 and 4b564d00
[    0.000000] kvm-clock: cpu 0, msr f201001, primary cpu clock
[    0.000000] kvm-clock: using sched offset of 4470181792 cycles
[    0.000003] clocksource: kvm-clock: mask: 0xffffffffffffffff max_cycles: 0x1cd42e4dffb, max_idle_ns: 881590591483 ns
[    0.000005] tsc: Detected 2100.000 MHz processor
[    0.001884] e820: update [mem 0x00000000-0x00000fff] usable ==> reserved
[    0.001886] e820: remove [mem 0x000a0000-0x000fffff] usable
[    0.001890] last_pfn = 0x7fff0 max_arch_pfn = 0x400000000
[    0.001959] MTRR default type: uncachable
[    0.001960] MTRR fixed ranges enabled:
[    0.001961]   00000-9FFFF write-back
[    0.001962]   A0000-BFFFF uncachable
[    0.001963]   C0000-FFFFF write-protect
[    0.001963] MTRR variable ranges enabled:
[    0.001965]   0 base 000000000000 mask 3FFF80000000 write-back
[    0.001965]   1 disabled
[    0.001966]   2 disabled
[    0.001966]   3 disabled
[    0.001967]   4 disabled
[    0.001967]   5 disabled
[    0.001968]   6 disabled
[    0.001968]   7 disabled
[    0.001968]   8 disabled
[    0.001969]   9 disabled
[    0.001969]   10 disabled
[    0.001970]   11 disabled
[    0.001970]   12 disabled
[    0.001971]   13 disabled
[    0.001971]   14 disabled
[    0.001971]   15 disabled
[    0.001988] x86/PAT: Configuration [0-7]: WB  WC  UC- UC  WB  WP  UC- WT  
[    0.002123] found SMP MP-table at [mem 0x0009fff0-0x0009ffff]
[    0.094228] check: Scanning 1 areas for low memory corruption
[    0.094411] RAMDISK: [mem 0x32271000-0x3512ffff]
[    0.094419] ACPI: Early table checksum verification disabled
[    0.094425] ACPI: RSDP 0x00000000000E0000 000024 (v02 VBOX  )
[    0.094430] ACPI: XSDT 0x000000007FFF0030 00003C (v01 VBOX   VBOXXSDT 00000001 ASL  00000061)
[    0.094436] ACPI: FACP 0x000000007FFF00F0 0000F4 (v04 VBOX   VBOXFACP 00000001 ASL  00000061)
[    0.094443] ACPI: DSDT 0x000000007FFF02E0 002353 (v02 VBOX   VBOXBIOS 00000002 VBOX 00029BF3)
[    0.094446] ACPI: FACS 0x000000007FFF0200 000040
[    0.094450] ACPI: FACS 0x000000007FFF0200 000040
[    0.094453] ACPI: APIC 0x000000007FFF0240 000054 (v02 VBOX   VBOXAPIC 00000001 ASL  00000061)
[    0.094457] ACPI: SSDT 0x000000007FFF02A0 000038 (v01 VBOX   VBOXCPUT 00000002 VBOX 00029BF3)
[    0.094460] ACPI: Reserving FACP table memory at [mem 0x7fff00f0-0x7fff01e3]
[    0.094461] ACPI: Reserving DSDT table memory at [mem 0x7fff02e0-0x7fff2632]
[    0.094461] ACPI: Reserving FACS table memory at [mem 0x7fff0200-0x7fff023f]
[    0.094462] ACPI: Reserving FACS table memory at [mem 0x7fff0200-0x7fff023f]
[    0.094463] ACPI: Reserving APIC table memory at [mem 0x7fff0240-0x7fff0293]
[    0.094464] ACPI: Reserving SSDT table memory at [mem 0x7fff02a0-0x7fff02d7]
[    0.094479] ACPI: Local APIC address 0xfee00000
[    0.094673] No NUMA configuration found
[    0.094674] Faking a node at [mem 0x0000000000000000-0x000000007ffeffff]
[    0.094684] NODE_DATA(0) allocated [mem 0x7ffc5000-0x7ffeffff]
[    0.094968] Zone ranges:
[    0.094969]   DMA      [mem 0x0000000000001000-0x0000000000ffffff]
[    0.094970]   DMA32    [mem 0x0000000001000000-0x000000007ffeffff]
[    0.094971]   Normal   empty
[    0.094972]   Device   empty
[    0.094972] Movable zone start for each node
[    0.094974] Early memory node ranges
[    0.094975]   node   0: [mem 0x0000000000001000-0x000000000009efff]
[    0.094976]   node   0: [mem 0x0000000000100000-0x000000007ffeffff]
[    0.094979] Zeroed struct page in unavailable ranges: 114 pages
[    0.094980] Initmem setup node 0 [mem 0x0000000000001000-0x000000007ffeffff]
[    0.094981] On node 0 totalpages: 524174
[    0.094982]   DMA zone: 64 pages used for memmap
[    0.094983]   DMA zone: 21 pages reserved
[    0.094983]   DMA zone: 3998 pages, LIFO batch:0
[    0.095055]   DMA32 zone: 8128 pages used for memmap
[    0.095056]   DMA32 zone: 520176 pages, LIFO batch:63
[    0.104706] ACPI: PM-Timer IO Port: 0x4008
[    0.104709] ACPI: Local APIC address 0xfee00000
[    0.104779] IOAPIC[0]: apic_id 1, version 32, address 0xfec00000, GSI 0-23
[    0.104782] ACPI: INT_SRC_OVR (bus 0 bus_irq 0 global_irq 2 dfl dfl)
[    0.104784] ACPI: INT_SRC_OVR (bus 0 bus_irq 9 global_irq 9 low level)
[    0.104786] ACPI: IRQ0 used by override.
[    0.104787] ACPI: IRQ9 used by override.
[    0.104790] Using ACPI (MADT) for SMP configuration information
[    0.104797] smpboot: Allowing 1 CPUs, 0 hotplug CPUs
[    0.104821] PM: Registered nosave memory: [mem 0x00000000-0x00000fff]
[    0.104822] PM: Registered nosave memory: [mem 0x0009f000-0x0009ffff]
[    0.104823] PM: Registered nosave memory: [mem 0x000a0000-0x000effff]
[    0.104823] PM: Registered nosave memory: [mem 0x000f0000-0x000fffff]
[    0.104825] [mem 0x80000000-0xfebfffff] available for PCI devices
[    0.104826] Booting paravirtualized kernel on KVM
[    0.104829] clocksource: refined-jiffies: mask: 0xffffffff max_cycles: 0xffffffff, max_idle_ns: 7645519600211568 ns
[    0.104834] setup_percpu: NR_CPUS:8192 nr_cpumask_bits:1 nr_cpu_ids:1 nr_node_ids:1
[    0.105849] percpu: Embedded 60 pages/cpu s208896 r8192 d28672 u2097152
[    0.105854] pcpu-alloc: s208896 r8192 d28672 u2097152 alloc=1*2097152
[    0.105855] pcpu-alloc: [0] 0 
[    0.105882] Built 1 zonelists, mobility grouping on.  Total pages: 515961
[    0.105883] Policy zone: DMA32
[    0.105884] Kernel command line: BOOT_IMAGE=/boot/vmlinuz-5.4.243-mptcp root=UUID=98415a12-53b7-4144-8265-0f7ece09e445 ro quiet splash
[    0.106728] Dentry cache hash table entries: 262144 (order: 9, 2097152 bytes, linear)
[    0.106992] Inode-cache hash table entries: 131072 (order: 8, 1048576 bytes, linear)
[    0.107045] mem auto-init: stack:off, heap alloc:on, heap free:off
[    0.107048] Calgary: detecting Calgary via BIOS EBDA area
[    0.107049] Calgary: Unable to locate Rio Grande table in EBDA - bailing!
[    0.112077] Memory: 1967332K/2096696K available (14339K kernel code, 2398K rwdata, 4712K rodata, 2728K init, 17260K bss, 129364K reserved, 0K cma-reserved)
[    0.112988] SLUB: HWalign=64, Order=0-3, MinObjects=0, CPUs=1, Nodes=1
[    0.113005] ftrace: allocating 43186 entries in 169 pages
[    0.131138] rcu: Hierarchical RCU implementation.
[    0.131140] rcu: 	RCU restricting CPUs from NR_CPUS=8192 to nr_cpu_ids=1.
[    0.131141] 	Tasks RCU enabled.
[    0.131142] rcu: RCU calculated value of scheduler-enlistment delay is 25 jiffies.
[    0.131143] rcu: Adjusting geometry for rcu_fanout_leaf=16, nr_cpu_ids=1
[    0.134106] NR_IRQS: 524544, nr_irqs: 256, preallocated irqs: 16
[    0.134325] random: crng init done
[    0.143598] Console: colour VGA+ 80x25
[    0.143602] printk: console [tty0] enabled
[    0.143622] ACPI: Core revision 20190816
[    0.143719] APIC: Switch to symmetric I/O mode setup
[    0.143971] x2apic enabled
[    0.144207] Switched APIC routing to physical x2apic.
[    0.145338] ..TIMER: vector=0x30 apic1=0 pin1=2 apic2=-1 pin2=-1
[    0.145364] clocksource: tsc-early: mask: 0xffffffffffffffff max_cycles: 0x1e4530a99b6, max_idle_ns: 440795257976 ns
[    0.145370] Calibrating delay loop (skipped) preset value.. 4200.00 BogoMIPS (lpj=8400000)
[    0.145372] pid_max: default: 32768 minimum: 301
[    0.145399] LSM: Security Framework initializing
[    0.145409] Yama: becoming mindful.
[    0.145434] AppArmor: AppArmor initialized
[    0.145468] Mount-cache hash table entries: 4096 (order: 3, 32768 bytes, linear)
[    0.145472] Mountpoint-cache hash table entries: 4096 (order: 3, 32768 bytes, linear)
[    0.145481] *** VALIDATE tmpfs ***
[    0.145608] *** VALIDATE proc ***
[    0.145650] *** VALIDATE cgroup1 ***
[    0.145651] *** VALIDATE cgroup2 ***
[    0.145793] process: using mwait in idle threads
[    0.145798] Last level iTLB entries: 4KB 64, 2MB 8, 4MB 8
[    0.145798] Last level dTLB entries: 4KB 64, 2MB 0, 4MB 0, 1GB 4
[    0.145819] Spectre V1 : Mitigation: usercopy/swapgs barriers and __user pointer sanitization
[    0.145824] Spectre V2 : Mitigation: Retpolines
[    0.145825] Spectre V2 : Spectre v2 / SpectreRSB mitigation: Filling RSB on context switch
[    0.145825] Spectre V2 : Spectre v2 / SpectreRSB : Filling RSB on VMEXIT
[    0.145826] RETBleed: WARNING: Spectre v2 mitigation leaves CPU vulnerable to RETBleed attacks, data leaks possible!
[    0.146180] RETBleed: Vulnerable
[    0.146181] Speculative Store Bypass: Vulnerable
[    0.146185] TAA: Mitigation: TSX disabled
[    0.146186] MMIO Stale Data: Mitigation: Clear CPU buffers
[    0.150416] Freeing SMP alternatives memory: 40K
[    0.262984] smpboot: CPU0: Intel(R) Xeon(R) Silver 4216 CPU @ 2.10GHz (family: 0x6, model: 0x55, stepping: 0x7)
[    0.263132] Performance Events: unsupported p6 CPU model 85 no PMU driver, software events only.
[    0.263172] rcu: Hierarchical SRCU implementation.
[    0.263652] NMI watchdog: Perf NMI watchdog permanently disabled
[    0.263689] smp: Bringing up secondary CPUs ...
[    0.263691] smp: Brought up 1 node, 1 CPU
[    0.263692] smpboot: Max logical packages: 1
[    0.263693] smpboot: Total of 1 processors activated (4200.00 BogoMIPS)
[    0.264678] devtmpfs: initialized
[    0.264726] x86/mm: Memory block size: 128MB
[    0.265091] clocksource: jiffies: mask: 0xffffffff max_cycles: 0xffffffff, max_idle_ns: 7645041785100000 ns
[    0.265097] futex hash table entries: 256 (order: 2, 16384 bytes, linear)
[    0.265141] pinctrl core: initialized pinctrl subsystem
[    0.265243] PM: RTC time: 21:51:34, date: 2026-01-17
[    0.265351] NET: Registered protocol family 16
[    0.265366] audit: initializing netlink subsys (disabled)
[    0.265366] EISA bus registered
[    0.265366] cpuidle: using governor ladder
[    0.265366] cpuidle: using governor menu
[    0.265366] ACPI: bus type PCI registered
[    0.265366] acpiphp: ACPI Hot Plug PCI Controller Driver version: 0.5
[    0.265366] PCI: Using configuration type 1 for base access
[    0.265713] audit: type=2000 audit(1768657900.459:1): state=initialized audit_enabled=0 res=1
[    0.265791] HugeTLB registered 2.00 MiB page size, pre-allocated 0 pages
[    0.266603] ACPI: Added _OSI(Module Device)
[    0.266604] ACPI: Added _OSI(Processor Device)
[    0.266605] ACPI: Added _OSI(3.0 _SCP Extensions)
[    0.266605] ACPI: Added _OSI(Processor Aggregator Device)
[    0.266606] ACPI: Added _OSI(Linux-Dell-Video)
[    0.266607] ACPI: Added _OSI(Linux-Lenovo-NV-HDMI-Audio)
[    0.266608] ACPI: Added _OSI(Linux-HPI-Hybrid-Graphics)
[    0.268571] ACPI: 2 ACPI AML tables successfully acquired and loaded
[    0.270117] ACPI: Interpreter enabled
[    0.270127] ACPI: (supports S0 S5)
[    0.270128] ACPI: Using IOAPIC for interrupt routing
[    0.270342] PCI: Using host bridge windows from ACPI; if necessary, use "pci=nocrs" and report a bug
[    0.270453] ACPI: Enabled 2 GPEs in block 00 to 07
[    0.275608] ACPI: PCI Root Bridge [PCI0] (domain 0000 [bus 00-ff])
[    0.275613] acpi PNP0A03:00: _OSC: OS supports [ASPM ClockPM Segments MSI HPX-Type3]
[    0.276057] acpi PNP0A03:00: _OSC: not requesting OS control; OS requires [ExtendedConfig ASPM ClockPM MSI]
[    0.276065] acpi PNP0A03:00: fail to add MMCONFIG information, can't access extended PCI configuration space under this bridge.
[    0.276437] PCI host bridge to bus 0000:00
[    0.276439] pci_bus 0000:00: root bus resource [io  0x0000-0x0cf7 window]
[    0.276440] pci_bus 0000:00: root bus resource [io  0x0d00-0xffff window]
[    0.276442] pci_bus 0000:00: root bus resource [mem 0x000a0000-0x000bffff window]
[    0.276443] pci_bus 0000:00: root bus resource [mem 0x80000000-0xfdffffff window]
[    0.276444] pci_bus 0000:00: root bus resource [bus 00-ff]
[    0.276491] pci 0000:00:00.0: [8086:1237] type 00 class 0x060000
[    0.277471] pci 0000:00:01.0: [8086:7000] type 00 class 0x060100
[    0.278295] pci 0000:00:01.1: [8086:7111] type 00 class 0x01018a
[    0.278663] pci 0000:00:01.1: reg 0x20: [io  0xd000-0xd00f]
[    0.278815] pci 0000:00:01.1: legacy IDE quirk: reg 0x10: [io  0x01f0-0x01f7]
[    0.278816] pci 0000:00:01.1: legacy IDE quirk: reg 0x14: [io  0x03f6]
[    0.278817] pci 0000:00:01.1: legacy IDE quirk: reg 0x18: [io  0x0170-0x0177]
[    0.278818] pci 0000:00:01.1: legacy IDE quirk: reg 0x1c: [io  0x0376]
[    0.279368] pci 0000:00:02.0: [15ad:0405] type 00 class 0x030000
[    0.281448] pci 0000:00:02.0: reg 0x10: [io  0xd010-0xd01f]
[    0.285415] pci 0000:00:02.0: reg 0x14: [mem 0xe0000000-0xe7ffffff pref]
[    0.288515] pci 0000:00:02.0: reg 0x18: [mem 0xf0000000-0xf01fffff]
[    0.301438] pci 0000:00:03.0: [1022:2000] type 00 class 0x020000
[    0.302184] pci 0000:00:03.0: reg 0x10: [io  0xd020-0xd03f]
[    0.302841] pci 0000:00:03.0: reg 0x14: [mem 0xf0200000-0xf0200fff]
[    0.306168] pci 0000:00:04.0: [80ee:cafe] type 00 class 0x088000
[    0.306842] pci 0000:00:04.0: reg 0x10: [io  0xd040-0xd05f]
[    0.307452] pci 0000:00:04.0: reg 0x14: [mem 0xf0400000-0xf07fffff]
[    0.308075] pci 0000:00:04.0: reg 0x18: [mem 0xf0800000-0xf0803fff pref]
[    0.311411] pci 0000:00:07.0: [8086:7113] type 00 class 0x068000
[    0.311960] pci 0000:00:07.0: quirk: [io  0x4000-0x403f] claimed by PIIX4 ACPI
[    0.311969] pci 0000:00:07.0: quirk: [io  0x4100-0x410f] claimed by PIIX4 SMB
[    0.312562] pci 0000:00:08.0: [1022:2000] type 00 class 0x020000
[    0.313230] pci 0000:00:08.0: reg 0x10: [io  0xd060-0xd07f]
[    0.313480] pci 0000:00:08.0: reg 0x14: [mem 0xf0804000-0xf0804fff]
[    0.317852] pci 0000:00:09.0: [8086:100e] type 00 class 0x020000
[    0.318560] pci 0000:00:09.0: reg 0x10: [mem 0xf0820000-0xf083ffff]
[    0.319720] pci 0000:00:09.0: reg 0x18: [io  0xd080-0xd087]
[    0.330294] ACPI: PCI Interrupt Link [LNKA] (IRQs 5 9 10 *11)
[    0.330578] ACPI: PCI Interrupt Link [LNKB] (IRQs 5 9 *10 11)
[    0.330678] ACPI: PCI Interrupt Link [LNKC] (IRQs 5 *9 10 11)
[    0.330783] ACPI: PCI Interrupt Link [LNKD] (IRQs 5 9 10 *11)
[    0.331041] iommu: Default domain type: Translated 
[    0.331102] pci 0000:00:02.0: vgaarb: setting as boot VGA device
[    0.331104] pci 0000:00:02.0: vgaarb: VGA device added: decodes=io+mem,owns=io+mem,locks=none
[    0.331106] pci 0000:00:02.0: vgaarb: bridge control possible
[    0.331107] vgaarb: loaded
[    0.331320] SCSI subsystem initialized
[    0.331350] libata version 3.00 loaded.
[    0.331372] ACPI: bus type USB registered
[    0.331402] usbcore: registered new interface driver usbfs
[    0.331408] usbcore: registered new interface driver hub
[    0.331413] usbcore: registered new device driver usb
[    0.331441] pps_core: LinuxPPS API ver. 1 registered
[    0.331441] pps_core: Software ver. 5.3.6 - Copyright 2005-2007 Rodolfo Giometti <giometti@linux.it>
[    0.331443] PTP clock support registered
[    0.331478] EDAC MC: Ver: 3.0.0
[    0.331767] PCI: Using ACPI for IRQ routing
[    0.331768] PCI: pci_cache_line_size set to 64 bytes
[    0.331941] e820: reserve RAM buffer [mem 0x0009fc00-0x0009ffff]
[    0.331944] e820: reserve RAM buffer [mem 0x7fff0000-0x7fffffff]
[    0.333382] NetLabel: Initializing
[    0.333382] NetLabel:  domain hash size = 128
[    0.333383] NetLabel:  protocols = UNLABELED CIPSOv4 CALIPSO
[    0.333403] NetLabel:  unlabeled traffic allowed by default
[    0.334390] clocksource: Switched to clocksource kvm-clock
[    0.347855] *** VALIDATE bpf ***
[    0.347919] VFS: Disk quotas dquot_6.6.0
[    0.347932] VFS: Dquot-cache hash table entries: 512 (order 0, 4096 bytes)
[    0.347956] *** VALIDATE ramfs ***
[    0.347959] *** VALIDATE hugetlbfs ***
[    0.348041] AppArmor: AppArmor Filesystem Enabled
[    0.348067] pnp: PnP ACPI init
[    0.348134] pnp 00:00: Plug and Play ACPI device, IDs PNP0303 (active)
[    0.348199] pnp 00:01: Plug and Play ACPI device, IDs PNP0f03 (active)
[    0.348940] pnp: PnP ACPI: found 2 devices
[    0.349898] thermal_sys: Registered thermal governor 'fair_share'
[    0.349898] thermal_sys: Registered thermal governor 'bang_bang'
[    0.349899] thermal_sys: Registered thermal governor 'step_wise'
[    0.349900] thermal_sys: Registered thermal governor 'user_space'
[    0.349900] thermal_sys: Registered thermal governor 'power_allocator'
[    0.354420] clocksource: acpi_pm: mask: 0xffffff max_cycles: 0xffffff, max_idle_ns: 2085701024 ns
[    0.354463] pci_bus 0000:00: resource 4 [io  0x0000-0x0cf7 window]
[    0.354465] pci_bus 0000:00: resource 5 [io  0x0d00-0xffff window]
[    0.354466] pci_bus 0000:00: resource 6 [mem 0x000a0000-0x000bffff window]
[    0.354467] pci_bus 0000:00: resource 7 [mem 0x80000000-0xfdffffff window]
[    0.354529] NET: Registered protocol family 2
[    0.354604] IP idents hash table entries: 32768 (order: 6, 262144 bytes, linear)
[    0.355021] MPTCP tokens hash table entries: 8192 (order: 4, 65536 bytes, linear)
[    0.355042] MPTCP request tokens hash table entries: 8192 (order: 4, 65536 bytes, linear)
[    0.355068] default registered
[    0.355068] default registered
[    0.355069] MPTCP: Stable release v0.96
[    0.355074] tcp_listen_portaddr_hash hash table entries: 1024 (order: 2, 16384 bytes, linear)
[    0.355110] TCP established hash table entries: 16384 (order: 5, 131072 bytes, linear)
[    0.355110] TCP bind hash table entries: 16384 (order: 6, 262144 bytes, linear)
[    0.355110] TCP: Hash tables configured (established 16384 bind 16384)
[    0.355977] UDP hash table entries: 1024 (order: 3, 32768 bytes, linear)
[    0.355989] UDP-Lite hash table entries: 1024 (order: 3, 32768 bytes, linear)
[    0.356025] NET: Registered protocol family 1
[    0.356035] NET: Registered protocol family 44
[    0.356058] pci 0000:00:00.0: Limiting direct PCI/PCI transfers
[    0.356070] pci 0000:00:01.0: Activating ISA DMA hang workarounds
[    0.356122] pci 0000:00:02.0: Video device with shadowed ROM at [mem 0x000c0000-0x000dffff]
[    0.356188] PCI: CLS 0 bytes, default 64
[    0.356237] Trying to unpack rootfs image as initramfs...
[    0.527199] Freeing initrd memory: 47868K
[    0.527199] clocksource: tsc: mask: 0xffffffffffffffff max_cycles: 0x1e4530a99b6, max_idle_ns: 440795257976 ns
[    0.527199] clocksource: Switched to clocksource tsc
[    0.527199] platform rtc_cmos: registered platform RTC device (no PNP device found)
[    0.527199] check: Scanning for low memory corruption every 60 seconds
[    0.527199] Initialise system trusted keyrings
[    0.527199] Key type blacklist registered
[    0.527199] workingset: timestamp_bits=36 max_order=19 bucket_order=0
[    0.527199] zbud: loaded
[    0.527199] squashfs: version 4.0 (2009/01/31) Phillip Lougher
[    0.527199] fuse: init (API version 7.31)
[    0.527199] *** VALIDATE fuse ***
[    0.527199] *** VALIDATE fuse ***
[    0.527199] Platform Keyring initialized
[    0.541645] Key type asymmetric registered
[    0.541646] Asymmetric key parser 'x509' registered
[    0.541658] Block layer SCSI generic (bsg) driver version 0.4 loaded (major 244)
[    0.541700] io scheduler mq-deadline registered
[    0.541824] shpchp: Standard Hot Plug PCI Controller Driver version: 0.4
[    0.542035] ACPI: AC Adapter [AC] (on-line)
[    0.542079] input: Power Button as /devices/LNXSYSTM:00/LNXPWRBN:00/input/input0
[    0.542107] ACPI: Power Button [PWRF]
[    0.542189] input: Sleep Button as /devices/LNXSYSTM:00/LNXSLPBN:00/input/input1
[    0.542204] ACPI: Sleep Button [SLPF]
[    0.542434] Serial: 8250/16550 driver, 32 ports, IRQ sharing enabled
[    0.543633] Linux agpgart interface v0.103
[    0.639093] loop: module loaded
[    0.639239] ata_piix 0000:00:01.1: version 2.13
[    0.639913] scsi host0: ata_piix
[    0.640003] scsi host1: ata_piix
[    0.640029] ata1: PATA max UDMA/33 cmd 0x1f0 ctl 0x3f6 bmdma 0xd000 irq 14
[    0.640030] ata2: PATA max UDMA/33 cmd 0x170 ctl 0x376 bmdma 0xd008 irq 15
[    0.640128] tun: Universal TUN/TAP device driver, 1.6
[    0.640700] PPP generic driver version 2.4.2
[    0.640751] VFIO - User Level meta-driver version: 0.3
[    0.641223] ehci_hcd: USB 2.0 'Enhanced' Host Controller (EHCI) Driver
[    0.641229] ehci-pci: EHCI PCI platform driver
[    0.641258] ehci-platform: EHCI generic platform driver
[    0.641264] ohci_hcd: USB 1.1 'Open' Host Controller (OHCI) Driver
[    0.641266] ohci-pci: OHCI PCI platform driver
[    0.641273] ohci-platform: OHCI generic platform driver
[    0.641278] uhci_hcd: USB Universal Host Controller Interface driver
[    0.641364] i8042: PNP: PS/2 Controller [PNP0303:PS2K,PNP0f03:PS2M] at 0x60,0x64 irq 1,12
[    0.642505] serio: i8042 KBD port at 0x60,0x64 irq 1
[    0.642510] serio: i8042 AUX port at 0x60,0x64 irq 12
[    0.642606] mousedev: PS/2 mouse device common for all mice
[    0.643114] input: AT Translated Set 2 keyboard as /devices/platform/i8042/serio0/input/input2
[    0.643523] rtc_cmos rtc_cmos: registered as rtc0
[    0.643536] rtc_cmos rtc_cmos: alarms up to one day, 114 bytes nvram
[    0.643541] i2c /dev entries driver
[    0.643585] device-mapper: uevent: version 1.0.3
[    0.643628] device-mapper: ioctl: 4.41.0-ioctl (2019-09-16) initialised: dm-devel@redhat.com
[    0.643645] platform eisa.0: Probing EISA bus 0
[    0.643646] platform eisa.0: EISA: Cannot allocate resource for mainboard
[    0.643647] platform eisa.0: Cannot allocate resource for EISA slot 1
[    0.643648] platform eisa.0: Cannot allocate resource for EISA slot 2
[    0.643649] platform eisa.0: Cannot allocate resource for EISA slot 3
[    0.643650] platform eisa.0: Cannot allocate resource for EISA slot 4
[    0.643651] platform eisa.0: Cannot allocate resource for EISA slot 5
[    0.643652] platform eisa.0: Cannot allocate resource for EISA slot 6
[    0.643653] platform eisa.0: Cannot allocate resource for EISA slot 7
[    0.643654] platform eisa.0: Cannot allocate resource for EISA slot 8
[    0.643655] platform eisa.0: EISA: Detected 0 cards
[    0.643658] intel_pstate: CPU model not supported
[    0.643667] ledtrig-cpu: registered to indicate activity on CPUs
[    0.643721] drop_monitor: Initializing network drop monitor service
[    0.643881] NET: Registered protocol family 10
[    0.649344] Segment Routing with IPv6
[    0.649374] fullmesh registered
[    0.649375] ndiffports registered
[    0.649377] binder registered
[    0.649378] roundrobin registered
[    0.649378] redundant registered
[    0.649379] blest registered
[    0.649379] ecf registered
[    0.649381] NET: Registered protocol family 17
[    0.649412] Key type dns_resolver registered
[    0.649509] RAS: Correctable Errors collector initialized.
[    0.649523] IPI shorthand broadcast: enabled
[    0.649538] sched_clock: Marking stable (636380278, 11050022)->(647689337, -259037)
[    0.649584] registered taskstats version 1
[    0.649592] Loading compiled-in X.509 certificates
[    0.650180] Loaded X.509 cert 'Build time autogenerated kernel key: 6909f3744cebb3d0de528d5887b96a727de79b1e'
[    0.650198] zswap: loaded using pool lzo/zbud
[    0.650252] Key type ._fscrypt registered
[    0.650253] Key type .fscrypt registered
[    0.654712] Key type big_key registered
[    0.656896] Key type encrypted registered
[    0.656898] AppArmor: AppArmor sha1 policy hashing enabled
[    0.656905] ima: No TPM chip found, activating TPM-bypass!
[    0.656908] ima: Allocated hash algorithm: sha1
[    0.656913] ima: No architecture policies found
[    0.656921] evm: Initialising EVM extended attributes:
[    0.656922] evm: security.selinux
[    0.656922] evm: security.SMACK64
[    0.656923] evm: security.SMACK64EXEC
[    0.656923] evm: security.SMACK64TRANSMUTE
[    0.656924] evm: security.SMACK64MMAP
[    0.656924] evm: security.apparmor
[    0.656925] evm: security.ima
[    0.656926] evm: security.capability
[    0.656926] evm: HMAC attrs: 0x1
[    0.657216] PM:   Magic number: 10:813:904
[    0.657317] rtc_cmos rtc_cmos: setting system clock to 2026-01-17T21:51:35 UTC (1768686695)
[    0.812751] ata1.00: ATA-6: VBOX HARDDISK, 1.0, max UDMA/133
[    0.812756] ata1.00: 209715200 sectors, multi 128: LBA 
[    0.813482] scsi 0:0:0:0: Direct-Access     ATA      VBOX HARDDISK    1.0  PQ: 0 ANSI: 5
[    0.813799] sd 0:0:0:0: [sda] 209715200 512-byte logical blocks: (107 GB/100 GiB)
[    0.813813] sd 0:0:0:0: [sda] Write Protect is off
[    0.813816] sd 0:0:0:0: [sda] Mode Sense: 00 3a 00 00
[    0.813839] sd 0:0:0:0: [sda] Write cache: enabled, read cache: enabled, doesn't support DPO or FUA
[    0.814189] sd 0:0:0:0: Attached scsi generic sg0 type 0
[    0.815192]  sda: sda1 sda2
[    0.827386] sd 0:0:0:0: [sda] Attached SCSI disk
[    0.832630] Freeing unused decrypted memory: 2040K
[    0.833945] Freeing unused kernel image memory: 2728K
[    0.833949] Write protecting the kernel read-only data: 22528k
[    0.835453] Freeing unused kernel image memory: 2036K
[    0.836241] Freeing unused kernel image memory: 1432K
[    0.873487] x86/mm: Checked W+X mappings: passed, no W+X pages found.
[    0.873493] Run /init as init process
[    0.980838] ACPI: Video Device [GFX0] (multi-head: yes  rom: no  post: no)
[    0.980910] input: Video Bus as /devices/LNXSYSTM:00/LNXSYBUS:00/PNP0A03:00/LNXVIDEO:00/input/input4
[    0.992355] pcnet32: pcnet32.c:v1.35 21.Apr.2008 tsbogend@alpha.franken.de
[    0.993875] piix4_smbus 0000:00:07.0: SMBus Host Controller at 0x4100, revision 0
[    0.997623] e1000: Intel(R) PRO/1000 Network Driver - version 7.3.21-k8-NAPI
[    0.997624] e1000: Copyright (c) 1999-2006 Intel Corporation.
[    1.002246] pcnet32: PCnet/FAST III 79C973 at 0xd020, 08:00:27:1f:4a:38 assigned IRQ 19
[    1.002291] pcnet32: Found PHY 0022:561b at address 0
[    1.002589] pcnet32: eth0: registered as PCnet/FAST III 79C973
[    1.012362] pcnet32: PCnet/FAST III 79C973 at 0xd060, 08:00:27:31:73:db assigned IRQ 16
[    1.012406] pcnet32: Found PHY 0022:561b at address 0
[    1.012701] pcnet32: eth1: registered as PCnet/FAST III 79C973
[    1.012721] pcnet32: 2 cards_found
[    1.076015] pcnet32 0000:00:03.0 enp0s3: renamed from eth0
[    1.077844] pcnet32 0000:00:08.0 enp0s8: renamed from eth1
[    1.213281] input: ImExPS/2 Generic Explorer Mouse as /devices/platform/i8042/serio1/input/input5
[    1.411493] e1000 0000:00:09.0 eth0: (PCI:33MHz:32-bit) 08:00:27:29:aa:1e
[    1.411498] e1000 0000:00:09.0 eth0: Intel(R) PRO/1000 Network Connection
[    1.412592] e1000 0000:00:09.0 enp0s9: renamed from eth0
[    1.570196] EXT4-fs (sda2): mounted filesystem with ordered data mode. Opts: (null)
[    1.666171] systemd[1]: Inserted module 'autofs4'
[    1.678781] systemd[1]: systemd 245.4-4ubuntu3 running in system mode. (+PAM +AUDIT +SELINUX +IMA +APPARMOR +SMACK +SYSVINIT +UTMP +LIBCRYPTSETUP +GCRYPT +GNUTLS +ACL +XZ +LZ4 +SECCOMP +BLKID +ELFUTILS +KMOD +IDN2 -IDN +PCRE2 default-hierarchy=hybrid)
[    1.678815] systemd[1]: Detected virtualization oracle.
[    1.678818] systemd[1]: Detected architecture x86-64.
[    1.680200] systemd[1]: Set hostname to <ztg>.
[    1.809442] systemd[1]: /lib/systemd/system/dbus.socket:5: ListenStream= references a path below legacy directory /var/run/, updating /var/run/dbus/system_bus_socket â†’ /run/dbus/system_bus_socket; please update the unit file accordingly.
[    1.865339] systemd[1]: Created slice system-modprobe.slice.
[    1.865523] systemd[1]: Created slice User and Session Slice.
[    1.865567] systemd[1]: Started Forward Password Requests to Wall Directory Watch.
[    1.865728] systemd[1]: Set up automount Arbitrary Executable File Formats File System Automount Point.
[    1.865761] systemd[1]: Reached target User and Group Name Lookups.
[    1.865769] systemd[1]: Reached target Remote File Systems.
[    1.865777] systemd[1]: Reached target Slices.
[    1.866382] systemd[1]: Listening on Syslog Socket.
[    1.866450] systemd[1]: Listening on fsck to fsckd communication Socket.
[    1.866489] systemd[1]: Listening on initctl Compatibility Named Pipe.
[    1.866626] systemd[1]: Listening on Journal Audit Socket.
[    1.866679] systemd[1]: Listening on Journal Socket (/dev/log).
[    1.866747] systemd[1]: Listening on Journal Socket.
[    1.866811] systemd[1]: Listening on udev Control Socket.
[    1.866850] systemd[1]: Listening on udev Kernel Socket.
[    1.867677] systemd[1]: Mounting Huge Pages File System...
[    1.868613] systemd[1]: Mounting POSIX Message Queue File System...
[    1.869483] systemd[1]: Mounting Kernel Debug File System...
[    1.870322] systemd[1]: Mounting Kernel Trace File System...
[    1.872264] systemd[1]: Starting Journal Service...
[    1.893970] systemd[1]: Starting Set the console keyboard layout...
[    1.901978] systemd[1]: Starting Create list of static device nodes for the current kernel...
[    1.904026] systemd[1]: Starting Load Kernel Module drm...
[    1.905194] systemd[1]: Condition check resulted in Set Up Additional Binary Formats being skipped.
[    1.905238] systemd[1]: Condition check resulted in File System Check on Root Device being skipped.
[    1.912071] systemd[1]: Starting Load Kernel Modules...
[    1.924208] systemd[1]: Starting Remount Root and Kernel File Systems...
[    1.933492] systemd[1]: Starting udev Coldplug all Devices...
[    1.960691] systemd[1]: Starting Uncomplicated firewall...
[    1.961901] systemd[1]: Mounted Huge Pages File System.
[    1.961989] systemd[1]: Mounted POSIX Message Queue File System.
[    1.962060] systemd[1]: Mounted Kernel Debug File System.
[    1.962134] systemd[1]: Mounted Kernel Trace File System.
[    1.971062] EXT4-fs (sda2): re-mounted. Opts: errors=remount-ro
[    1.972915] systemd[1]: Finished Create list of static device nodes for the current kernel.
[    1.973934] systemd[1]: modprobe@drm.service: Succeeded.
[    1.975419] systemd[1]: Finished Load Kernel Module drm.
[    1.979479] systemd[1]: Finished Remount Root and Kernel File Systems.
[    1.980098] systemd[1]: Finished Uncomplicated firewall.
[    1.984738] lp: driver loaded but no devices found
[    1.985007] systemd[1]: Condition check resulted in Rebuild Hardware Database being skipped.
[    1.985973] systemd[1]: Condition check resulted in Platform Persistent Storage Archival being skipped.
[    1.986629] systemd[1]: Starting Load/Save Random Seed...
[    1.991976] systemd[1]: Starting Create System Users...
[    2.002406] systemd[1]: Finished Load/Save Random Seed.
[    2.004280] ppdev: user-space parallel port driver
[    2.032715] systemd[1]: Finished Create System Users.
[    2.033452] systemd[1]: Starting Create Static Device Nodes in /dev...
[    2.056267] systemd[1]: Finished Create Static Device Nodes in /dev.
[    2.057039] systemd[1]: Starting udev Kernel Device Manager...
[    2.102267] [drm] DMA map mode: Caching DMA mappings.
[    2.102329] [drm] Capabilities:
[    2.102330] [drm]   Rect copy.
[    2.102330] [drm]   Cursor.
[    2.102330] [drm]   Cursor bypass.
[    2.102331] [drm]   Cursor bypass 2.
[    2.102331] [drm]   Alpha cursor.
[    2.102331] [drm]   Extended Fifo.
[    2.102332] [drm]   Pitchlock.
[    2.102332] [drm]   Irq mask.
[    2.102332] [drm]   GMR.
[    2.102333] [drm]   Traces.
[    2.102333] [drm]   GMR2.
[    2.102333] [drm]   Screen Object 2.
[    2.102334] [drm]   Command Buffers.
[    2.102334] [drm]   Command Buffers 2.
[    2.102334] [drm]   Guest Backed Resources.
[    2.102335] [drm] Max GMR ids is 8192
[    2.102336] [drm] Max number of GMR pages is 1048576
[    2.102336] [drm] Max dedicated hypervisor surface memory is 393216 kiB
[    2.102337] [drm] Maximum display memory size is 131072 kiB
[    2.102338] [drm] VRAM at 0xe0000000 size is 131072 kiB
[    2.102338] [drm] MMIO at 0xf0000000 size is 2048 kiB
[    2.107522] systemd[1]: Finished udev Coldplug all Devices.
[    2.108616] [TTM] Zone  kernel: Available graphics memory: 1011738 KiB
[    2.108617] [TTM] Initializing pool allocator
[    2.108620] [TTM] Initializing DMA pool allocator
[    2.108650] [drm] Supports vblank timestamp caching Rev 2 (21.10.2013).
[    2.108651] [drm] No driver support for vblank timestamp query.
[    2.108876] [drm] Screen Target Display device initialized
[    2.109143] [drm] width 720
[    2.109152] [drm] height 400
[    2.109155] [drm] bpp 32
[    2.109739] [drm] Fifo max 0x00200000 min 0x00001000 cap 0x00000355
[    2.110788] [drm] Using command buffers with DMA pool.
[    2.110791] [drm] DX: no.
[    2.110792] [drm] Atomic: yes.
[    2.110792] [drm] SM4_1: no.
[    2.110812] [drm:vmw_host_log [vmwgfx]] *ERROR* Failed to send host log message.
[    2.111915] [drm:vmw_host_log [vmwgfx]] *ERROR* Failed to send host log message.
[    2.123469] fbcon: svgadrmfb (fb0) is primary device
[    2.125569] Console: switching to colour frame buffer device 100x37
[    2.133907] [drm] Initialized vmwgfx 2.15.0 20180704 for 0000:00:02.0 on minor 0
[    2.137733] systemd[1]: Finished Load Kernel Modules.
[    2.138625] systemd[1]: Mounting FUSE Control File System...
[    2.140067] systemd[1]: Mounting Kernel Configuration File System...
[    2.171764] systemd[1]: Starting Apply Kernel Variables...
[    2.181875] systemd[1]: Mounted FUSE Control File System.
[    2.181941] systemd[1]: Condition check resulted in VMware vmblock fuse mount being skipped.
[    2.185079] systemd[1]: Mounted Kernel Configuration File System.
[    2.197004] systemd[1]: Finished Apply Kernel Variables.
[    2.199625] systemd[1]: Finished Set the console keyboard layout.
[    2.199703] systemd[1]: Reached target Local File Systems (Pre).
[    2.201861] systemd[1]: Mounting Mount unit for bare, revision 5...
[    2.204869] systemd[1]: Mounting Mount unit for core18, revision 1705...
[    2.211708] systemd[1]: Mounting Mount unit for gnome-3-34-1804, revision 24...
[    2.212923] systemd[1]: Mounting Mount unit for gtk-common-themes, revision 1506...
[    2.222152] systemd[1]: Mounting Mount unit for gtk-common-themes, revision 1535...
[    2.248360] systemd[1]: Mounting Mount unit for snap-store, revision 433...
[    2.260210] systemd[1]: Mounting Mount unit for snapd, revision 7264...
[    2.262333] systemd[1]: Mounted Mount unit for bare, revision 5.
[    2.285642] systemd[1]: Started udev Kernel Device Manager.
[    2.286365] systemd[1]: Starting Show Plymouth Boot Screen...
[    2.288560] systemd[1]: Mounted Mount unit for gnome-3-34-1804, revision 24.
[    2.291680] systemd[1]: Received SIGRTMIN+20 from PID 274 (plymouthd).
[    2.319121] systemd[1]: Started Show Plymouth Boot Screen.
[    2.319332] systemd[1]: Condition check resulted in Dispatch Password Requests to Console Directory Watch being skipped.
[    2.319417] systemd[1]: Started Forward Password Requests to Plymouth Directory Watch.
[    2.319485] systemd[1]: Reached target Local Encrypted Volumes.
[    2.337182] systemd[1]: Mounted Mount unit for core18, revision 1705.
[    2.337434] systemd[1]: Mounted Mount unit for gtk-common-themes, revision 1506.
[    2.337614] systemd[1]: Mounted Mount unit for gtk-common-themes, revision 1535.
[    2.386731] systemd[1]: Mounted Mount unit for snap-store, revision 433.
[    2.386980] systemd[1]: Mounted Mount unit for snapd, revision 7264.
[    2.387158] systemd[1]: Reached target Local File Systems.
[    2.389541] systemd[1]: Starting Load AppArmor profiles...
[    2.390452] systemd[1]: Starting Set console font and keymap...
[    2.401243] systemd[1]: Starting Tell Plymouth To Write Out Runtime Data...
[    2.405397] systemd[1]: Condition check resulted in Store a System Token in an EFI Variable being skipped.
[    2.405438] systemd[1]: Condition check resulted in Commit a transient machine-id on disk being skipped.
[    2.409308] systemd[1]: Finished Set console font and keymap.
[    2.417406] systemd[1]: Received SIGRTMIN+20 from PID 274 (plymouthd).
[    2.418536] systemd[1]: plymouth-read-write.service: Succeeded.
[    2.418821] systemd[1]: Finished Tell Plymouth To Write Out Runtime Data.
[    2.438423] audit: type=1400 audit(1768686697.276:2): apparmor="STATUS" operation="profile_load" profile="unconfined" name="nvidia_modprobe" pid=300 comm="apparmor_parser"
[    2.438425] audit: type=1400 audit(1768686697.276:3): apparmor="STATUS" operation="profile_load" profile="unconfined" name="nvidia_modprobe//kmod" pid=300 comm="apparmor_parser"
[    2.448541] audit: type=1400 audit(1768686697.288:4): apparmor="STATUS" operation="profile_load" profile="unconfined" name="/usr/sbin/tcpdump" pid=301 comm="apparmor_parser"
[    2.496339] audit: type=1400 audit(1768686697.328:5): apparmor="STATUS" operation="profile_load" profile="unconfined" name="/usr/bin/evince" pid=303 comm="apparmor_parser"
[    2.496340] audit: type=1400 audit(1768686697.328:6): apparmor="STATUS" operation="profile_load" profile="unconfined" name="/usr/bin/evince//sanitized_helper" pid=303 comm="apparmor_parser"
[    2.496342] audit: type=1400 audit(1768686697.328:7): apparmor="STATUS" operation="profile_load" profile="unconfined" name="/usr/bin/evince-previewer" pid=303 comm="apparmor_parser"
[    2.496343] audit: type=1400 audit(1768686697.328:8): apparmor="STATUS" operation="profile_load" profile="unconfined" name="/usr/bin/evince-previewer//sanitized_helper" pid=303 comm="apparmor_parser"
[    2.496346] audit: type=1400 audit(1768686697.328:9): apparmor="STATUS" operation="profile_load" profile="unconfined" name="/usr/bin/evince-thumbnailer" pid=303 comm="apparmor_parser"
[    2.511333] audit: type=1400 audit(1768686697.348:10): apparmor="STATUS" operation="profile_load" profile="unconfined" name="/usr/lib/cups/backend/cups-pdf" pid=304 comm="apparmor_parser"
[    2.595586] systemd[1]: Finished Load AppArmor profiles.
[    2.596550] systemd[1]: Starting Load AppArmor profiles managed internally by snapd...
[    2.665022] systemd[1]: Finished Load AppArmor profiles managed internally by snapd.
[    2.868210] systemd[1]: Started Journal Service.
[    2.878379] systemd-journald[229]: Received client request to flush runtime journal.
[    2.882173] systemd-journald[229]: File /var/log/journal/c455b248004a419c87ce85eea238d727/system.journal corrupted or uncleanly shut down, renaming and replacing.
[    4.237690] RAPL PMU: API unit is 2^-32 Joules, 0 fixed counters, 10737418240 ms ovfl timer
[    4.305677] cryptd: max_cpu_qlen set to 1000
[    4.356754] AVX2 version of gcm_enc/dec engaged.
[    4.356755] AES CTR mode by8 optimization enabled
[    5.094790] Adding 1998844k swap on /dev/sda1.  Priority:-2 extents:1 across:1998844k FS
[    6.761043] kauditd_printk_skb: 30 callbacks suppressed
[    6.761044] audit: type=1400 audit(1768686701.600:41): apparmor="DENIED" operation="capable" profile="/usr/sbin/cups-browsed" pid=497 comm="cups-browsed" capability=23  capname="sys_nice"
[    7.283767] pcnet32 0000:00:03.0 enp0s3: link up, 100Mbps, full-duplex
[    7.305675] pcnet32 0000:00:08.0 enp0s8: link up, 100Mbps, full-duplex
[    7.327407] e1000: enp0s9 NIC Link is Up 1000 Mbps Full Duplex, Flow Control: RX
[    7.327729] IPv6: ADDRCONF(NETDEV_CHANGE): enp0s9: link becomes ready
[    7.773218] device enp0s8 entered promiscuous mode
[    7.778995] device enp0s3 entered promiscuous mode
[    7.830347] audit: type=1400 audit(1768686702.668:42): apparmor="DENIED" operation="open" profile="/usr/sbin/tcpdump" name="/proc/sys/kernel/random/boot_id" pid=667 comm="tcpdump" requested_mask="r" denied_mask="r" fsuid=0 ouid=0
[    7.831986] audit: type=1400 audit(1768686702.672:43): apparmor="DENIED" operation="open" profile="/usr/sbin/tcpdump" name="/proc/sys/kernel/random/boot_id" pid=666 comm="tcpdump" requested_mask="r" denied_mask="r" fsuid=0 ouid=0
[    7.832172] audit: type=1400 audit(1768686702.672:44): apparmor="DENIED" operation="open" profile="/usr/sbin/tcpdump" name="/proc/sys/kernel/random/boot_id" pid=667 comm="tcpdump" requested_mask="r" denied_mask="r" fsuid=0 ouid=0
[    7.832263] audit: type=1400 audit(1768686702.672:45): apparmor="DENIED" operation="open" profile="/usr/sbin/tcpdump" name="/proc/sys/kernel/random/boot_id" pid=666 comm="tcpdump" requested_mask="r" denied_mask="r" fsuid=0 ouid=0
[    7.832306] audit: type=1400 audit(1768686702.672:46): apparmor="DENIED" operation="open" profile="/usr/sbin/tcpdump" name="/proc/sys/kernel/random/boot_id" pid=667 comm="tcpdump" requested_mask="r" denied_mask="r" fsuid=0 ouid=0
[    7.832705] audit: type=1400 audit(1768686702.672:47): apparmor="DENIED" operation="open" profile="/usr/sbin/tcpdump" name="/proc/sys/kernel/random/boot_id" pid=666 comm="tcpdump" requested_mask="r" denied_mask="r" fsuid=0 ouid=0
[    7.832997] audit: type=1400 audit(1768686702.672:48): apparmor="DENIED" operation="open" profile="/usr/sbin/tcpdump" name="/proc/sys/kernel/random/boot_id" pid=667 comm="tcpdump" requested_mask="r" denied_mask="r" fsuid=0 ouid=0
[    7.833062] audit: type=1400 audit(1768686702.672:49): apparmor="DENIED" operation="open" profile="/usr/sbin/tcpdump" name="/proc/sys/kernel/random/boot_id" pid=666 comm="tcpdump" requested_mask="r" denied_mask="r" fsuid=0 ouid=0
[    7.842754] audit: type=1400 audit(1768686702.680:50): apparmor="DENIED" operation="open" profile="/usr/sbin/tcpdump" name="/proc/sys/kernel/random/boot_id" pid=669 comm="tcpdump" requested_mask="r" denied_mask="r" fsuid=0 ouid=0
[   12.312036] rfkill: input handler disabled
[  201.964977] AAAAA-TCP_FORW: name:enp0s8: saddr:100932208: daddr:16783984
[  236.870656] AAAAA-TCP_FORW: name:enp0s8: saddr:100932208: daddr:16783984
[  237.576000] AAAAA-TCP_FORW: name:enp0s8: saddr:100932208: daddr:16783984
[  238.110478] AAAAA-TCP_FORW: name:enp0s3: saddr:33561200: daddr:100932208
[  238.168287] AAAAA-TCP_FORW: name:enp0s8: saddr:100932208: daddr:16783984
[  238.169155] AAAAA-TCP_FORW: name:enp0s3: saddr:16783984: daddr:100932208
[  238.243214] AAAAA-TCP_FORW: name:enp0s3: saddr:33561200: daddr:100932208
[  238.296410] AAAAA-TCP_FORW: name:enp0s8: saddr:100932208: daddr:16783984
[  238.297689] AAAAA-TCP_FORW: name:enp0s3: saddr:16783984: daddr:100932208
[  238.369222] AAAAA-TCP_FORW: name:enp0s3: saddr:16783984: daddr:100932208
[  238.539876] AAAAA-TCP_FORW: name:enp0s8: saddr:100932208: daddr:16783984
[  238.540729] AAAAA-TCP_FORW: name:enp0s3: saddr:16783984: daddr:100932208
[  238.573942] AAAAA-TCP_FORW: name:enp0s3: saddr:16783984: daddr:100932208
[  238.750566] AAAAA-TCP_FORW: name:enp0s8: saddr:100932208: daddr:16783984
[  238.752143] AAAAA-TCP_FORW: name:enp0s3: saddr:16783984: daddr:100932208
[  240.119043] AAAAA-TCP_FORW: name:enp0s3: saddr:33561200: daddr:100932208
[  240.280098] AAAAA-TCP_FORW: name:enp0s3: saddr:16783984: daddr:100932208
[  240.342733] AAAAA-TCP_FORW: name:enp0s8: saddr:100932208: daddr:16783984
[  240.343503] AAAAA-TCP_FORW: name:enp0s3: saddr:16783984: daddr:100932208
[  240.922597] AAAAA-TCP_FORW: name:enp0s8: saddr:100932208: daddr:16783984
[  240.923480] AAAAA-TCP_FORW: name:enp0s3: saddr:16783984: daddr:100932208
[  241.083129] AAAAA-TCP_FORW: name:enp0s3: saddr:16783984: daddr:100932208
[  241.719790] AAAAA-TCP_FORW: name:enp0s3: saddr:16783984: daddr:100932208
[  242.482550] AAAAA-TCP_FORW: name:enp0s3: saddr:16783984: daddr:100932208
[  242.940899] AAAAA-TCP_FORW: name:enp0s3: saddr:16783984: daddr:100932208
[  243.212502] AAAAA-TCP_FORW: name:enp0s3: saddr:16783984: daddr:100932208
[  243.799379] AAAAA-TCP_FORW: name:enp0s3: saddr:16783984: daddr:100932208
[  440.994937] rfkill: input handler enabled
[  450.323672] rfkill: input handler disabled
[  616.910759] device enp0s3 left promiscuous mode
[  616.913294] device enp0s8 left promiscuous mode
