[    0.000000] Linux version 5.4.243-mptcp (root@ztg) (gcc version 12.2.0 (Debian 12.2.0-14+deb12u1)) #53 SMP Wed Dec 24 23:28:15 CST 2025
[    0.000000] Command line: BOOT_IMAGE=/boot/vmlinuz-5.4.243-mptcp root=UUID=98415a12-53b7-4144-8265-0f7ece09e445 ro quiet splash
[    0.000000] KERNEL supported cpus:
[    0.000000]   Intel GenuineIntel
[    0.000000]   AMD AuthenticAMD
[    0.000000]   Hygon HygonGenuine
[    0.000000]   Centaur CentaurHauls
[    0.000000]   zhaoxin   Shanghai  
[    0.000000] x86/fpu: Supporting XSAVE feature 0x001: 'x87 floating point registers'
[    0.000000] x86/fpu: Supporting XSAVE feature 0x002: 'SSE registers'
[    0.000000] x86/fpu: Supporting XSAVE feature 0x004: 'AVX registers'
[    0.000000] x86/fpu: xstate_offset[2]:  576, xstate_sizes[2]:  256
[    0.000000] x86/fpu: Enabled xstate features 0x7, context size is 832 bytes, using 'standard' format.
[    0.000000] BIOS-provided physical RAM map:
[    0.000000] BIOS-e820: [mem 0x0000000000000000-0x000000000009fbff] usable
[    0.000000] BIOS-e820: [mem 0x000000000009fc00-0x000000000009ffff] reserved
[    0.000000] BIOS-e820: [mem 0x00000000000f0000-0x00000000000fffff] reserved
[    0.000000] BIOS-e820: [mem 0x0000000000100000-0x000000007ffeffff] usable
[    0.000000] BIOS-e820: [mem 0x000000007fff0000-0x000000007fffffff] ACPI data
[    0.000000] BIOS-e820: [mem 0x00000000fec00000-0x00000000fec00fff] reserved
[    0.000000] BIOS-e820: [mem 0x00000000fee00000-0x00000000fee00fff] reserved
[    0.000000] BIOS-e820: [mem 0x00000000fffc0000-0x00000000ffffffff] reserved
[    0.000000] NX (Execute Disable) protection: active
[    0.000000] SMBIOS 2.5 present.
[    0.000000] DMI: innotek GmbH VirtualBox/VirtualBox, BIOS VirtualBox 12/01/2006
[    0.000000] Hypervisor detected: KVM
[    0.000000] kvm-clock: Using msrs 4b564d01 and 4b564d00
[    0.000000] kvm-clock: cpu 0, msr 56c01001, primary cpu clock
[    0.000000] kvm-clock: using sched offset of 4448634941 cycles
[    0.000004] clocksource: kvm-clock: mask: 0xffffffffffffffff max_cycles: 0x1cd42e4dffb, max_idle_ns: 881590591483 ns
[    0.000006] tsc: Detected 2100.000 MHz processor
[    0.002379] e820: update [mem 0x00000000-0x00000fff] usable ==> reserved
[    0.002382] e820: remove [mem 0x000a0000-0x000fffff] usable
[    0.002386] last_pfn = 0x7fff0 max_arch_pfn = 0x400000000
[    0.002467] MTRR default type: uncachable
[    0.002468] MTRR fixed ranges enabled:
[    0.002469]   00000-9FFFF write-back
[    0.002470]   A0000-BFFFF uncachable
[    0.002471]   C0000-FFFFF write-protect
[    0.002472] MTRR variable ranges enabled:
[    0.002474]   0 base 000000000000 mask 3FFF80000000 write-back
[    0.002474]   1 disabled
[    0.002475]   2 disabled
[    0.002475]   3 disabled
[    0.002476]   4 disabled
[    0.002477]   5 disabled
[    0.002477]   6 disabled
[    0.002478]   7 disabled
[    0.002478]   8 disabled
[    0.002479]   9 disabled
[    0.002480]   10 disabled
[    0.002480]   11 disabled
[    0.002480]   12 disabled
[    0.002481]   13 disabled
[    0.002481]   14 disabled
[    0.002482]   15 disabled
[    0.002502] x86/PAT: Configuration [0-7]: WB  WC  UC- UC  WB  WP  UC- WT  
[    0.002649] found SMP MP-table at [mem 0x0009fff0-0x0009ffff]
[    0.105984] check: Scanning 1 areas for low memory corruption
[    0.106195] RAMDISK: [mem 0x32271000-0x3512ffff]
[    0.106204] ACPI: Early table checksum verification disabled
[    0.106209] ACPI: RSDP 0x00000000000E0000 000024 (v02 VBOX  )
[    0.106214] ACPI: XSDT 0x000000007FFF0030 00003C (v01 VBOX   VBOXXSDT 00000001 ASL  00000061)
[    0.106221] ACPI: FACP 0x000000007FFF00F0 0000F4 (v04 VBOX   VBOXFACP 00000001 ASL  00000061)
[    0.106227] ACPI: DSDT 0x000000007FFF02E0 002353 (v02 VBOX   VBOXBIOS 00000002 VBOX 00029BF3)
[    0.106231] ACPI: FACS 0x000000007FFF0200 000040
[    0.106235] ACPI: FACS 0x000000007FFF0200 000040
[    0.106238] ACPI: APIC 0x000000007FFF0240 000054 (v02 VBOX   VBOXAPIC 00000001 ASL  00000061)
[    0.106242] ACPI: SSDT 0x000000007FFF02A0 000038 (v01 VBOX   VBOXCPUT 00000002 VBOX 00029BF3)
[    0.106245] ACPI: Reserving FACP table memory at [mem 0x7fff00f0-0x7fff01e3]
[    0.106246] ACPI: Reserving DSDT table memory at [mem 0x7fff02e0-0x7fff2632]
[    0.106246] ACPI: Reserving FACS table memory at [mem 0x7fff0200-0x7fff023f]
[    0.106247] ACPI: Reserving FACS table memory at [mem 0x7fff0200-0x7fff023f]
[    0.106248] ACPI: Reserving APIC table memory at [mem 0x7fff0240-0x7fff0293]
[    0.106248] ACPI: Reserving SSDT table memory at [mem 0x7fff02a0-0x7fff02d7]
[    0.106262] ACPI: Local APIC address 0xfee00000
[    0.106452] No NUMA configuration found
[    0.106453] Faking a node at [mem 0x0000000000000000-0x000000007ffeffff]
[    0.106464] NODE_DATA(0) allocated [mem 0x7ffc5000-0x7ffeffff]
[    0.106734] Zone ranges:
[    0.106735]   DMA      [mem 0x0000000000001000-0x0000000000ffffff]
[    0.106736]   DMA32    [mem 0x0000000001000000-0x000000007ffeffff]
[    0.106737]   Normal   empty
[    0.106738]   Device   empty
[    0.106739] Movable zone start for each node
[    0.106740] Early memory node ranges
[    0.106741]   node   0: [mem 0x0000000000001000-0x000000000009efff]
[    0.106742]   node   0: [mem 0x0000000000100000-0x000000007ffeffff]
[    0.106745] Zeroed struct page in unavailable ranges: 114 pages
[    0.106746] Initmem setup node 0 [mem 0x0000000000001000-0x000000007ffeffff]
[    0.106747] On node 0 totalpages: 524174
[    0.106749]   DMA zone: 64 pages used for memmap
[    0.106749]   DMA zone: 21 pages reserved
[    0.106750]   DMA zone: 3998 pages, LIFO batch:0
[    0.106822]   DMA32 zone: 8128 pages used for memmap
[    0.106823]   DMA32 zone: 520176 pages, LIFO batch:63
[    0.116106] ACPI: PM-Timer IO Port: 0x4008
[    0.116110] ACPI: Local APIC address 0xfee00000
[    0.116198] IOAPIC[0]: apic_id 1, version 32, address 0xfec00000, GSI 0-23
[    0.116202] ACPI: INT_SRC_OVR (bus 0 bus_irq 0 global_irq 2 dfl dfl)
[    0.116204] ACPI: INT_SRC_OVR (bus 0 bus_irq 9 global_irq 9 low level)
[    0.116206] ACPI: IRQ0 used by override.
[    0.116207] ACPI: IRQ9 used by override.
[    0.116210] Using ACPI (MADT) for SMP configuration information
[    0.116219] smpboot: Allowing 1 CPUs, 0 hotplug CPUs
[    0.116246] PM: Registered nosave memory: [mem 0x00000000-0x00000fff]
[    0.116248] PM: Registered nosave memory: [mem 0x0009f000-0x0009ffff]
[    0.116249] PM: Registered nosave memory: [mem 0x000a0000-0x000effff]
[    0.116249] PM: Registered nosave memory: [mem 0x000f0000-0x000fffff]
[    0.116252] [mem 0x80000000-0xfebfffff] available for PCI devices
[    0.116252] Booting paravirtualized kernel on KVM
[    0.116256] clocksource: refined-jiffies: mask: 0xffffffff max_cycles: 0xffffffff, max_idle_ns: 7645519600211568 ns
[    0.116261] setup_percpu: NR_CPUS:8192 nr_cpumask_bits:1 nr_cpu_ids:1 nr_node_ids:1
[    0.117392] percpu: Embedded 60 pages/cpu s208896 r8192 d28672 u2097152
[    0.117399] pcpu-alloc: s208896 r8192 d28672 u2097152 alloc=1*2097152
[    0.117400] pcpu-alloc: [0] 0 
[    0.117432] Built 1 zonelists, mobility grouping on.  Total pages: 515961
[    0.117433] Policy zone: DMA32
[    0.117435] Kernel command line: BOOT_IMAGE=/boot/vmlinuz-5.4.243-mptcp root=UUID=98415a12-53b7-4144-8265-0f7ece09e445 ro quiet splash
[    0.118403] Dentry cache hash table entries: 262144 (order: 9, 2097152 bytes, linear)
[    0.118565] Inode-cache hash table entries: 131072 (order: 8, 1048576 bytes, linear)
[    0.118622] mem auto-init: stack:off, heap alloc:on, heap free:off
[    0.118626] Calgary: detecting Calgary via BIOS EBDA area
[    0.118627] Calgary: Unable to locate Rio Grande table in EBDA - bailing!
[    0.123403] Memory: 1967332K/2096696K available (14339K kernel code, 2398K rwdata, 4712K rodata, 2728K init, 17260K bss, 129364K reserved, 0K cma-reserved)
[    0.124513] SLUB: HWalign=64, Order=0-3, MinObjects=0, CPUs=1, Nodes=1
[    0.124534] ftrace: allocating 43186 entries in 169 pages
[    0.144001] rcu: Hierarchical RCU implementation.
[    0.144004] rcu: 	RCU restricting CPUs from NR_CPUS=8192 to nr_cpu_ids=1.
[    0.144005] 	Tasks RCU enabled.
[    0.144006] rcu: RCU calculated value of scheduler-enlistment delay is 25 jiffies.
[    0.144006] rcu: Adjusting geometry for rcu_fanout_leaf=16, nr_cpu_ids=1
[    0.146972] NR_IRQS: 524544, nr_irqs: 256, preallocated irqs: 16
[    0.147188] random: crng init done
[    0.156546] Console: colour VGA+ 80x25
[    0.156550] printk: console [tty0] enabled
[    0.156571] ACPI: Core revision 20190816
[    0.156714] APIC: Switch to symmetric I/O mode setup
[    0.156963] x2apic enabled
[    0.157198] Switched APIC routing to physical x2apic.
[    0.158318] ..TIMER: vector=0x30 apic1=0 pin1=2 apic2=-1 pin2=-1
[    0.158344] clocksource: tsc-early: mask: 0xffffffffffffffff max_cycles: 0x1e4530a99b6, max_idle_ns: 440795257976 ns
[    0.158349] Calibrating delay loop (skipped) preset value.. 4200.00 BogoMIPS (lpj=8400000)
[    0.158352] pid_max: default: 32768 minimum: 301
[    0.158381] LSM: Security Framework initializing
[    0.158391] Yama: becoming mindful.
[    0.158417] AppArmor: AppArmor initialized
[    0.158451] Mount-cache hash table entries: 4096 (order: 3, 32768 bytes, linear)
[    0.158456] Mountpoint-cache hash table entries: 4096 (order: 3, 32768 bytes, linear)
[    0.158465] *** VALIDATE tmpfs ***
[    0.158596] *** VALIDATE proc ***
[    0.158639] *** VALIDATE cgroup1 ***
[    0.158640] *** VALIDATE cgroup2 ***
[    0.158789] process: using mwait in idle threads
[    0.158794] Last level iTLB entries: 4KB 64, 2MB 8, 4MB 8
[    0.158795] Last level dTLB entries: 4KB 64, 2MB 0, 4MB 0, 1GB 4
[    0.158815] Spectre V1 : Mitigation: usercopy/swapgs barriers and __user pointer sanitization
[    0.158820] Spectre V2 : Mitigation: Retpolines
[    0.158821] Spectre V2 : Spectre v2 / SpectreRSB mitigation: Filling RSB on context switch
[    0.158822] Spectre V2 : Spectre v2 / SpectreRSB : Filling RSB on VMEXIT
[    0.158822] RETBleed: WARNING: Spectre v2 mitigation leaves CPU vulnerable to RETBleed attacks, data leaks possible!
[    0.159179] RETBleed: Vulnerable
[    0.159180] Speculative Store Bypass: Vulnerable
[    0.159184] TAA: Mitigation: TSX disabled
[    0.159185] MMIO Stale Data: Mitigation: Clear CPU buffers
[    0.163378] Freeing SMP alternatives memory: 40K
[    0.274981] smpboot: CPU0: Intel(R) Xeon(R) Silver 4216 CPU @ 2.10GHz (family: 0x6, model: 0x55, stepping: 0x7)
[    0.275148] Performance Events: unsupported p6 CPU model 85 no PMU driver, software events only.
[    0.275186] rcu: Hierarchical SRCU implementation.
[    0.275683] NMI watchdog: Perf NMI watchdog permanently disabled
[    0.275723] smp: Bringing up secondary CPUs ...
[    0.275724] smp: Brought up 1 node, 1 CPU
[    0.275725] smpboot: Max logical packages: 1
[    0.275727] smpboot: Total of 1 processors activated (4200.00 BogoMIPS)
[    0.276778] devtmpfs: initialized
[    0.276840] x86/mm: Memory block size: 128MB
[    0.277240] clocksource: jiffies: mask: 0xffffffff max_cycles: 0xffffffff, max_idle_ns: 7645041785100000 ns
[    0.277246] futex hash table entries: 256 (order: 2, 16384 bytes, linear)
[    0.277292] pinctrl core: initialized pinctrl subsystem
[    0.277396] PM: RTC time: 11:01:01, date: 2026-01-17
[    0.277504] NET: Registered protocol family 16
[    0.277578] audit: initializing netlink subsys (disabled)
[    0.277705] EISA bus registered
[    0.277707] cpuidle: using governor ladder
[    0.277707] cpuidle: using governor menu
[    0.277743] ACPI: bus type PCI registered
[    0.277745] acpiphp: ACPI Hot Plug PCI Controller Driver version: 0.5
[    0.277848] PCI: Using configuration type 1 for base access
[    0.279018] audit: type=2000 audit(1768618868.160:1): state=initialized audit_enabled=0 res=1
[    0.279099] HugeTLB registered 2.00 MiB page size, pre-allocated 0 pages
[    0.279912] ACPI: Added _OSI(Module Device)
[    0.279913] ACPI: Added _OSI(Processor Device)
[    0.279913] ACPI: Added _OSI(3.0 _SCP Extensions)
[    0.279914] ACPI: Added _OSI(Processor Aggregator Device)
[    0.279915] ACPI: Added _OSI(Linux-Dell-Video)
[    0.279916] ACPI: Added _OSI(Linux-Lenovo-NV-HDMI-Audio)
[    0.279917] ACPI: Added _OSI(Linux-HPI-Hybrid-Graphics)
[    0.282026] ACPI: 2 ACPI AML tables successfully acquired and loaded
[    0.284021] ACPI: Interpreter enabled
[    0.284031] ACPI: (supports S0 S5)
[    0.284032] ACPI: Using IOAPIC for interrupt routing
[    0.284245] PCI: Using host bridge windows from ACPI; if necessary, use "pci=nocrs" and report a bug
[    0.284355] ACPI: Enabled 2 GPEs in block 00 to 07
[    0.289139] ACPI: PCI Root Bridge [PCI0] (domain 0000 [bus 00-ff])
[    0.289144] acpi PNP0A03:00: _OSC: OS supports [ASPM ClockPM Segments MSI HPX-Type3]
[    0.289586] acpi PNP0A03:00: _OSC: not requesting OS control; OS requires [ExtendedConfig ASPM ClockPM MSI]
[    0.289594] acpi PNP0A03:00: fail to add MMCONFIG information, can't access extended PCI configuration space under this bridge.
[    0.289965] PCI host bridge to bus 0000:00
[    0.289967] pci_bus 0000:00: root bus resource [io  0x0000-0x0cf7 window]
[    0.289968] pci_bus 0000:00: root bus resource [io  0x0d00-0xffff window]
[    0.289969] pci_bus 0000:00: root bus resource [mem 0x000a0000-0x000bffff window]
[    0.289971] pci_bus 0000:00: root bus resource [mem 0x80000000-0xfdffffff window]
[    0.289972] pci_bus 0000:00: root bus resource [bus 00-ff]
[    0.290012] pci 0000:00:00.0: [8086:1237] type 00 class 0x060000
[    0.290942] pci 0000:00:01.0: [8086:7000] type 00 class 0x060100
[    0.291690] pci 0000:00:01.1: [8086:7111] type 00 class 0x01018a
[    0.292066] pci 0000:00:01.1: reg 0x20: [io  0xd000-0xd00f]
[    0.292221] pci 0000:00:01.1: legacy IDE quirk: reg 0x10: [io  0x01f0-0x01f7]
[    0.292222] pci 0000:00:01.1: legacy IDE quirk: reg 0x14: [io  0x03f6]
[    0.292223] pci 0000:00:01.1: legacy IDE quirk: reg 0x18: [io  0x0170-0x0177]
[    0.292224] pci 0000:00:01.1: legacy IDE quirk: reg 0x1c: [io  0x0376]
[    0.292759] pci 0000:00:02.0: [15ad:0405] type 00 class 0x030000
[    0.294596] pci 0000:00:02.0: reg 0x10: [io  0xd010-0xd01f]
[    0.298393] pci 0000:00:02.0: reg 0x14: [mem 0xe0000000-0xe7ffffff pref]
[    0.300994] pci 0000:00:02.0: reg 0x18: [mem 0xf0000000-0xf01fffff]
[    0.311139] pci 0000:00:03.0: [1022:2000] type 00 class 0x020000
[    0.311841] pci 0000:00:03.0: reg 0x10: [io  0xd020-0xd03f]
[    0.312475] pci 0000:00:03.0: reg 0x14: [mem 0xf0200000-0xf0200fff]
[    0.317921] pci 0000:00:04.0: [80ee:cafe] type 00 class 0x088000
[    0.318465] pci 0000:00:04.0: reg 0x10: [io  0xd040-0xd05f]
[    0.319071] pci 0000:00:04.0: reg 0x14: [mem 0xf0400000-0xf07fffff]
[    0.319690] pci 0000:00:04.0: reg 0x18: [mem 0xf0800000-0xf0803fff pref]
[    0.322848] pci 0000:00:07.0: [8086:7113] type 00 class 0x068000
[    0.323396] pci 0000:00:07.0: quirk: [io  0x4000-0x403f] claimed by PIIX4 ACPI
[    0.323406] pci 0000:00:07.0: quirk: [io  0x4100-0x410f] claimed by PIIX4 SMB
[    0.324023] pci 0000:00:08.0: [8086:100e] type 00 class 0x020000
[    0.324718] pci 0000:00:08.0: reg 0x10: [mem 0xf0820000-0xf083ffff]
[    0.325872] pci 0000:00:08.0: reg 0x18: [io  0xd060-0xd067]
[    0.330535] pci 0000:00:09.0: [8086:100e] type 00 class 0x020000
[    0.331237] pci 0000:00:09.0: reg 0x10: [mem 0xf0840000-0xf085ffff]
[    0.332392] pci 0000:00:09.0: reg 0x18: [io  0xd068-0xd06f]
[    0.343263] ACPI: PCI Interrupt Link [LNKA] (IRQs 5 9 10 *11)
[    0.343544] ACPI: PCI Interrupt Link [LNKB] (IRQs 5 9 *10 11)
[    0.343646] ACPI: PCI Interrupt Link [LNKC] (IRQs 5 *9 10 11)
[    0.343746] ACPI: PCI Interrupt Link [LNKD] (IRQs 5 9 10 *11)
[    0.344007] iommu: Default domain type: Translated 
[    0.344065] pci 0000:00:02.0: vgaarb: setting as boot VGA device
[    0.344067] pci 0000:00:02.0: vgaarb: VGA device added: decodes=io+mem,owns=io+mem,locks=none
[    0.344069] pci 0000:00:02.0: vgaarb: bridge control possible
[    0.344070] vgaarb: loaded
[    0.344277] SCSI subsystem initialized
[    0.344307] libata version 3.00 loaded.
[    0.344331] ACPI: bus type USB registered
[    0.344346] usbcore: registered new interface driver usbfs
[    0.344352] usbcore: registered new interface driver hub
[    0.344360] usbcore: registered new device driver usb
[    0.344386] pps_core: LinuxPPS API ver. 1 registered
[    0.344387] pps_core: Software ver. 5.3.6 - Copyright 2005-2007 Rodolfo Giometti <giometti@linux.it>
[    0.344389] PTP clock support registered
[    0.344423] EDAC MC: Ver: 3.0.0
[    0.344711] PCI: Using ACPI for IRQ routing
[    0.344712] PCI: pci_cache_line_size set to 64 bytes
[    0.344882] e820: reserve RAM buffer [mem 0x0009fc00-0x0009ffff]
[    0.344886] e820: reserve RAM buffer [mem 0x7fff0000-0x7fffffff]
[    0.346364] NetLabel: Initializing
[    0.346364] NetLabel:  domain hash size = 128
[    0.346365] NetLabel:  protocols = UNLABELED CIPSOv4 CALIPSO
[    0.346385] NetLabel:  unlabeled traffic allowed by default
[    0.347297] clocksource: Switched to clocksource kvm-clock
[    0.360867] *** VALIDATE bpf ***
[    0.360928] VFS: Disk quotas dquot_6.6.0
[    0.360941] VFS: Dquot-cache hash table entries: 512 (order 0, 4096 bytes)
[    0.360963] *** VALIDATE ramfs ***
[    0.360966] *** VALIDATE hugetlbfs ***
[    0.361046] AppArmor: AppArmor Filesystem Enabled
[    0.361073] pnp: PnP ACPI init
[    0.361145] pnp 00:00: Plug and Play ACPI device, IDs PNP0303 (active)
[    0.361212] pnp 00:01: Plug and Play ACPI device, IDs PNP0f03 (active)
[    0.361952] pnp: PnP ACPI: found 2 devices
[    0.362926] thermal_sys: Registered thermal governor 'fair_share'
[    0.362927] thermal_sys: Registered thermal governor 'bang_bang'
[    0.362928] thermal_sys: Registered thermal governor 'step_wise'
[    0.362928] thermal_sys: Registered thermal governor 'user_space'
[    0.362929] thermal_sys: Registered thermal governor 'power_allocator'
[    0.367522] clocksource: acpi_pm: mask: 0xffffff max_cycles: 0xffffff, max_idle_ns: 2085701024 ns
[    0.367564] pci_bus 0000:00: resource 4 [io  0x0000-0x0cf7 window]
[    0.367565] pci_bus 0000:00: resource 5 [io  0x0d00-0xffff window]
[    0.367567] pci_bus 0000:00: resource 6 [mem 0x000a0000-0x000bffff window]
[    0.367568] pci_bus 0000:00: resource 7 [mem 0x80000000-0xfdffffff window]
[    0.367630] NET: Registered protocol family 2
[    0.367707] IP idents hash table entries: 32768 (order: 6, 262144 bytes, linear)
[    0.368113] MPTCP tokens hash table entries: 8192 (order: 4, 65536 bytes, linear)
[    0.368133] MPTCP request tokens hash table entries: 8192 (order: 4, 65536 bytes, linear)
[    0.368158] default registered
[    0.368159] default registered
[    0.368159] MPTCP: Stable release v0.96
[    0.368164] tcp_listen_portaddr_hash hash table entries: 1024 (order: 2, 16384 bytes, linear)
[    0.368245] TCP established hash table entries: 16384 (order: 5, 131072 bytes, linear)
[    0.368310] TCP bind hash table entries: 16384 (order: 6, 262144 bytes, linear)
[    0.368336] TCP: Hash tables configured (established 16384 bind 16384)
[    0.369046] UDP hash table entries: 1024 (order: 3, 32768 bytes, linear)
[    0.369058] UDP-Lite hash table entries: 1024 (order: 3, 32768 bytes, linear)
[    0.369092] NET: Registered protocol family 1
[    0.369101] NET: Registered protocol family 44
[    0.369123] pci 0000:00:00.0: Limiting direct PCI/PCI transfers
[    0.369135] pci 0000:00:01.0: Activating ISA DMA hang workarounds
[    0.369192] pci 0000:00:02.0: Video device with shadowed ROM at [mem 0x000c0000-0x000dffff]
[    0.369256] PCI: CLS 0 bytes, default 64
[    0.369304] Trying to unpack rootfs image as initramfs...
[    0.547193] Freeing initrd memory: 47868K
[    0.547193] clocksource: tsc: mask: 0xffffffffffffffff max_cycles: 0x1e4530a99b6, max_idle_ns: 440795257976 ns
[    0.547193] clocksource: Switched to clocksource tsc
[    0.547193] platform rtc_cmos: registered platform RTC device (no PNP device found)
[    0.547193] check: Scanning for low memory corruption every 60 seconds
[    0.547193] Initialise system trusted keyrings
[    0.547193] Key type blacklist registered
[    0.547193] workingset: timestamp_bits=36 max_order=19 bucket_order=0
[    0.547193] zbud: loaded
[    0.547193] squashfs: version 4.0 (2009/01/31) Phillip Lougher
[    0.547193] fuse: init (API version 7.31)
[    0.547193] *** VALIDATE fuse ***
[    0.547193] *** VALIDATE fuse ***
[    0.547193] Platform Keyring initialized
[    0.547193] Key type asymmetric registered
[    0.547193] Asymmetric key parser 'x509' registered
[    0.547193] Block layer SCSI generic (bsg) driver version 0.4 loaded (major 244)
[    0.547193] io scheduler mq-deadline registered
[    0.547193] shpchp: Standard Hot Plug PCI Controller Driver version: 0.4
[    0.557525] ACPI: AC Adapter [AC] (on-line)
[    0.557577] input: Power Button as /devices/LNXSYSTM:00/LNXPWRBN:00/input/input0
[    0.557604] ACPI: Power Button [PWRF]
[    0.557683] input: Sleep Button as /devices/LNXSYSTM:00/LNXSLPBN:00/input/input1
[    0.557698] ACPI: Sleep Button [SLPF]
[    0.557935] Serial: 8250/16550 driver, 32 ports, IRQ sharing enabled
[    0.559220] Linux agpgart interface v0.103
[    0.655302] loop: module loaded
[    0.655518] ata_piix 0000:00:01.1: version 2.13
[    0.656079] scsi host0: ata_piix
[    0.656201] scsi host1: ata_piix
[    0.656244] ata1: PATA max UDMA/33 cmd 0x1f0 ctl 0x3f6 bmdma 0xd000 irq 14
[    0.656245] ata2: PATA max UDMA/33 cmd 0x170 ctl 0x376 bmdma 0xd008 irq 15
[    0.656358] tun: Universal TUN/TAP device driver, 1.6
[    0.656767] PPP generic driver version 2.4.2
[    0.656833] VFIO - User Level meta-driver version: 0.3
[    0.657136] ehci_hcd: USB 2.0 'Enhanced' Host Controller (EHCI) Driver
[    0.657143] ehci-pci: EHCI PCI platform driver
[    0.657163] ehci-platform: EHCI generic platform driver
[    0.657172] ohci_hcd: USB 1.1 'Open' Host Controller (OHCI) Driver
[    0.657174] ohci-pci: OHCI PCI platform driver
[    0.657184] ohci-platform: OHCI generic platform driver
[    0.657191] uhci_hcd: USB Universal Host Controller Interface driver
[    0.657273] i8042: PNP: PS/2 Controller [PNP0303:PS2K,PNP0f03:PS2M] at 0x60,0x64 irq 1,12
[    0.657808] serio: i8042 KBD port at 0x60,0x64 irq 1
[    0.657815] serio: i8042 AUX port at 0x60,0x64 irq 12
[    0.657945] mousedev: PS/2 mouse device common for all mice
[    0.658315] input: AT Translated Set 2 keyboard as /devices/platform/i8042/serio0/input/input2
[    0.658841] rtc_cmos rtc_cmos: registered as rtc0
[    0.658861] rtc_cmos rtc_cmos: alarms up to one day, 114 bytes nvram
[    0.658869] i2c /dev entries driver
[    0.658929] device-mapper: uevent: version 1.0.3
[    0.658993] device-mapper: ioctl: 4.41.0-ioctl (2019-09-16) initialised: dm-devel@redhat.com
[    0.659016] platform eisa.0: Probing EISA bus 0
[    0.659019] platform eisa.0: EISA: Cannot allocate resource for mainboard
[    0.659020] platform eisa.0: Cannot allocate resource for EISA slot 1
[    0.659022] platform eisa.0: Cannot allocate resource for EISA slot 2
[    0.659023] platform eisa.0: Cannot allocate resource for EISA slot 3
[    0.659025] platform eisa.0: Cannot allocate resource for EISA slot 4
[    0.659026] platform eisa.0: Cannot allocate resource for EISA slot 5
[    0.659027] platform eisa.0: Cannot allocate resource for EISA slot 6
[    0.659029] platform eisa.0: Cannot allocate resource for EISA slot 7
[    0.659030] platform eisa.0: Cannot allocate resource for EISA slot 8
[    0.659032] platform eisa.0: EISA: Detected 0 cards
[    0.659036] intel_pstate: CPU model not supported
[    0.659048] ledtrig-cpu: registered to indicate activity on CPUs
[    0.659120] drop_monitor: Initializing network drop monitor service
[    0.659245] NET: Registered protocol family 10
[    0.663472] Segment Routing with IPv6
[    0.663472] fullmesh registered
[    0.663472] ndiffports registered
[    0.663472] binder registered
[    0.663472] roundrobin registered
[    0.663472] redundant registered
[    0.663472] blest registered
[    0.663472] ecf registered
[    0.663472] NET: Registered protocol family 17
[    0.663472] Key type dns_resolver registered
[    0.663472] RAS: Correctable Errors collector initialized.
[    0.663472] IPI shorthand broadcast: enabled
[    0.663472] sched_clock: Marking stable (648303519, 11168989)->(660039567, -567059)
[    0.666796] registered taskstats version 1
[    0.666807] Loading compiled-in X.509 certificates
[    0.667681] Loaded X.509 cert 'Build time autogenerated kernel key: 6909f3744cebb3d0de528d5887b96a727de79b1e'
[    0.667710] zswap: loaded using pool lzo/zbud
[    0.667793] Key type ._fscrypt registered
[    0.667793] Key type .fscrypt registered
[    0.674142] Key type big_key registered
[    0.677492] Key type encrypted registered
[    0.677496] AppArmor: AppArmor sha1 policy hashing enabled
[    0.677507] ima: No TPM chip found, activating TPM-bypass!
[    0.677513] ima: Allocated hash algorithm: sha1
[    0.677520] ima: No architecture policies found
[    0.677532] evm: Initialising EVM extended attributes:
[    0.677533] evm: security.selinux
[    0.677534] evm: security.SMACK64
[    0.677534] evm: security.SMACK64EXEC
[    0.677535] evm: security.SMACK64TRANSMUTE
[    0.677535] evm: security.SMACK64MMAP
[    0.677536] evm: security.apparmor
[    0.677537] evm: security.ima
[    0.677537] evm: security.capability
[    0.677538] evm: HMAC attrs: 0x1
[    0.677918] PM:   Magic number: 10:373:24
[    0.677922] misc cpu_dma_latency: hash matches
[    0.678046] rtc_cmos rtc_cmos: setting system clock to 2026-01-17T11:01:02 UTC (1768647662)
[    0.826855] ata1.00: ATA-6: VBOX HARDDISK, 1.0, max UDMA/133
[    0.826857] ata1.00: 209715200 sectors, multi 128: LBA 
[    0.827313] scsi 0:0:0:0: Direct-Access     ATA      VBOX HARDDISK    1.0  PQ: 0 ANSI: 5
[    0.827484] sd 0:0:0:0: [sda] 209715200 512-byte logical blocks: (107 GB/100 GiB)
[    0.827490] sd 0:0:0:0: [sda] Write Protect is off
[    0.827492] sd 0:0:0:0: [sda] Mode Sense: 00 3a 00 00
[    0.827499] sd 0:0:0:0: Attached scsi generic sg0 type 0
[    0.827526] sd 0:0:0:0: [sda] Write cache: enabled, read cache: enabled, doesn't support DPO or FUA
[    0.828164]  sda: sda1 sda2
[    0.839343] sd 0:0:0:0: [sda] Attached SCSI disk
[    0.841145] Freeing unused decrypted memory: 2040K
[    0.841823] Freeing unused kernel image memory: 2728K
[    0.841825] Write protecting the kernel read-only data: 22528k
[    0.842492] Freeing unused kernel image memory: 2036K
[    0.842874] Freeing unused kernel image memory: 1432K
[    0.855860] x86/mm: Checked W+X mappings: passed, no W+X pages found.
[    0.855863] Run /init as init process
[    0.947023] ACPI: Video Device [GFX0] (multi-head: yes  rom: no  post: no)
[    0.947096] input: Video Bus as /devices/LNXSYSTM:00/LNXSYBUS:00/PNP0A03:00/LNXVIDEO:00/input/input4
[    0.961990] pcnet32: pcnet32.c:v1.35 21.Apr.2008 tsbogend@alpha.franken.de
[    0.962869] pcnet32: PCnet/FAST III 79C973 at 0xd020, 08:00:27:f7:31:76 assigned IRQ 19
[    0.962912] pcnet32: Found PHY 0022:561b at address 0
[    0.963214] pcnet32: eth0: registered as PCnet/FAST III 79C973
[    0.964837] piix4_smbus 0000:00:07.0: SMBus Host Controller at 0x4100, revision 0
[    0.974258] pcnet32: 1 cards_found
[    0.976762] e1000: Intel(R) PRO/1000 Network Driver - version 7.3.21-k8-NAPI
[    0.976762] e1000: Copyright (c) 1999-2006 Intel Corporation.
[    1.032551] pcnet32 0000:00:03.0 enp0s3: renamed from eth0
[    1.176846] input: ImExPS/2 Generic Explorer Mouse as /devices/platform/i8042/serio1/input/input5
[    1.377474] e1000 0000:00:08.0 eth0: (PCI:33MHz:32-bit) 08:00:27:13:5e:c4
[    1.377478] e1000 0000:00:08.0 eth0: Intel(R) PRO/1000 Network Connection
[    1.747689] e1000 0000:00:09.0 eth1: (PCI:33MHz:32-bit) 08:00:27:28:b5:01
[    1.747692] e1000 0000:00:09.0 eth1: Intel(R) PRO/1000 Network Connection
[    1.748815] e1000 0000:00:08.0 enp0s8: renamed from eth0
[    1.750635] e1000 0000:00:09.0 enp0s9: renamed from eth1
[    1.909868] EXT4-fs (sda2): mounted filesystem with ordered data mode. Opts: (null)
[    2.003641] systemd[1]: Inserted module 'autofs4'
[    2.016084] systemd[1]: systemd 245.4-4ubuntu3 running in system mode. (+PAM +AUDIT +SELINUX +IMA +APPARMOR +SMACK +SYSVINIT +UTMP +LIBCRYPTSETUP +GCRYPT +GNUTLS +ACL +XZ +LZ4 +SECCOMP +BLKID +ELFUTILS +KMOD +IDN2 -IDN +PCRE2 default-hierarchy=hybrid)
[    2.016114] systemd[1]: Detected virtualization oracle.
[    2.016117] systemd[1]: Detected architecture x86-64.
[    2.017413] systemd[1]: Set hostname to <ztg>.
[    2.144651] systemd[1]: /lib/systemd/system/dbus.socket:5: ListenStream= references a path below legacy directory /var/run/, updating /var/run/dbus/system_bus_socket â†’ /run/dbus/system_bus_socket; please update the unit file accordingly.
[    2.198569] systemd[1]: Created slice system-modprobe.slice.
[    2.198775] systemd[1]: Created slice User and Session Slice.
[    2.198823] systemd[1]: Started Forward Password Requests to Wall Directory Watch.
[    2.198985] systemd[1]: Set up automount Arbitrary Executable File Formats File System Automount Point.
[    2.199021] systemd[1]: Reached target User and Group Name Lookups.
[    2.199029] systemd[1]: Reached target Remote File Systems.
[    2.199036] systemd[1]: Reached target Slices.
[    2.199532] systemd[1]: Listening on Syslog Socket.
[    2.199597] systemd[1]: Listening on fsck to fsckd communication Socket.
[    2.199634] systemd[1]: Listening on initctl Compatibility Named Pipe.
[    2.199766] systemd[1]: Listening on Journal Audit Socket.
[    2.199818] systemd[1]: Listening on Journal Socket (/dev/log).
[    2.199885] systemd[1]: Listening on Journal Socket.
[    2.199948] systemd[1]: Listening on udev Control Socket.
[    2.199987] systemd[1]: Listening on udev Kernel Socket.
[    2.200754] systemd[1]: Mounting Huge Pages File System...
[    2.201729] systemd[1]: Mounting POSIX Message Queue File System...
[    2.202660] systemd[1]: Mounting Kernel Debug File System...
[    2.203535] systemd[1]: Mounting Kernel Trace File System...
[    2.205509] systemd[1]: Starting Journal Service...
[    2.230218] systemd[1]: Starting Set the console keyboard layout...
[    2.238303] systemd[1]: Starting Create list of static device nodes for the current kernel...
[    2.240171] systemd[1]: Starting Load Kernel Module drm...
[    2.241131] systemd[1]: Condition check resulted in Set Up Additional Binary Formats being skipped.
[    2.241209] systemd[1]: Condition check resulted in File System Check on Root Device being skipped.
[    2.253078] systemd[1]: Starting Load Kernel Modules...
[    2.259471] systemd[1]: Starting Remount Root and Kernel File Systems...
[    2.268577] systemd[1]: Starting udev Coldplug all Devices...
[    2.282216] systemd[1]: Starting Uncomplicated firewall...
[    2.284301] systemd[1]: Mounted Huge Pages File System.
[    2.284446] systemd[1]: Mounted POSIX Message Queue File System.
[    2.284578] systemd[1]: Mounted Kernel Debug File System.
[    2.284706] systemd[1]: Mounted Kernel Trace File System.
[    2.285937] EXT4-fs (sda2): re-mounted. Opts: errors=remount-ro
[    2.318450] systemd[1]: Finished Create list of static device nodes for the current kernel.
[    2.319432] systemd[1]: modprobe@drm.service: Succeeded.
[    2.325975] systemd[1]: Finished Load Kernel Module drm.
[    2.326404] systemd[1]: Finished Remount Root and Kernel File Systems.
[    2.328600] lp: driver loaded but no devices found
[    2.330212] systemd[1]: Finished Uncomplicated firewall.
[    2.347079] systemd[1]: Condition check resulted in Rebuild Hardware Database being skipped.
[    2.347117] systemd[1]: Condition check resulted in Platform Persistent Storage Archival being skipped.
[    2.347813] systemd[1]: Starting Load/Save Random Seed...
[    2.349876] ppdev: user-space parallel port driver
[    2.354035] systemd[1]: Starting Create System Users...
[    2.367924] systemd[1]: Finished Load/Save Random Seed.
[    2.376810] systemd[1]: Finished Create System Users.
[    2.377559] systemd[1]: Starting Create Static Device Nodes in /dev...
[    2.419086] systemd[1]: Finished Create Static Device Nodes in /dev.
[    2.419995] systemd[1]: Starting udev Kernel Device Manager...
[    2.445894] systemd[1]: Finished udev Coldplug all Devices.
[    2.446878] [drm] DMA map mode: Caching DMA mappings.
[    2.446949] [drm] Capabilities:
[    2.446949] [drm]   Rect copy.
[    2.446950] [drm]   Cursor.
[    2.446950] [drm]   Cursor bypass.
[    2.446950] [drm]   Cursor bypass 2.
[    2.446951] [drm]   Alpha cursor.
[    2.446951] [drm]   Extended Fifo.
[    2.446951] [drm]   Pitchlock.
[    2.446952] [drm]   Irq mask.
[    2.446952] [drm]   GMR.
[    2.446952] [drm]   Traces.
[    2.446953] [drm]   GMR2.
[    2.446953] [drm]   Screen Object 2.
[    2.446953] [drm]   Command Buffers.
[    2.446954] [drm]   Command Buffers 2.
[    2.446954] [drm]   Guest Backed Resources.
[    2.446955] [drm] Max GMR ids is 8192
[    2.446956] [drm] Max number of GMR pages is 1048576
[    2.446957] [drm] Max dedicated hypervisor surface memory is 393216 kiB
[    2.446957] [drm] Maximum display memory size is 131072 kiB
[    2.446958] [drm] VRAM at 0xe0000000 size is 131072 kiB
[    2.446959] [drm] MMIO at 0xf0000000 size is 2048 kiB
[    2.449047] [TTM] Zone  kernel: Available graphics memory: 1011738 KiB
[    2.449048] [TTM] Initializing pool allocator
[    2.449052] [TTM] Initializing DMA pool allocator
[    2.449086] [drm] Supports vblank timestamp caching Rev 2 (21.10.2013).
[    2.449086] [drm] No driver support for vblank timestamp query.
[    2.449355] [drm] Screen Target Display device initialized
[    2.449590] [drm] width 720
[    2.449599] [drm] height 400
[    2.449602] [drm] bpp 32
[    2.450154] [drm] Fifo max 0x00200000 min 0x00001000 cap 0x00000355
[    2.451201] [drm] Using command buffers with DMA pool.
[    2.451205] [drm] DX: no.
[    2.451206] [drm] Atomic: yes.
[    2.451206] [drm] SM4_1: no.
[    2.451229] [drm:vmw_host_log [vmwgfx]] *ERROR* Failed to send host log message.
[    2.452634] [drm:vmw_host_log [vmwgfx]] *ERROR* Failed to send host log message.
[    2.480465] fbcon: svgadrmfb (fb0) is primary device
[    2.482605] Console: switching to colour frame buffer device 100x37
[    2.487160] [drm] Initialized vmwgfx 2.15.0 20180704 for 0000:00:02.0 on minor 0
[    2.488166] systemd[1]: Finished Load Kernel Modules.
[    2.489070] systemd[1]: Mounting FUSE Control File System...
[    2.490440] systemd[1]: Mounting Kernel Configuration File System...
[    2.500092] systemd[1]: Starting Apply Kernel Variables...
[    2.512856] systemd[1]: Mounted FUSE Control File System.
[    2.512921] systemd[1]: Condition check resulted in VMware vmblock fuse mount being skipped.
[    2.515066] systemd[1]: Mounted Kernel Configuration File System.
[    2.527829] systemd[1]: Finished Set the console keyboard layout.
[    2.527922] systemd[1]: Reached target Local File Systems (Pre).
[    2.530146] systemd[1]: Mounting Mount unit for bare, revision 5...
[    2.532770] systemd[1]: Mounting Mount unit for core18, revision 1705...
[    2.542469] systemd[1]: Mounting Mount unit for gnome-3-34-1804, revision 24...
[    2.571103] systemd[1]: Mounting Mount unit for gtk-common-themes, revision 1506...
[    2.575769] systemd[1]: Mounting Mount unit for gtk-common-themes, revision 1535...
[    2.583722] systemd[1]: Mounting Mount unit for snap-store, revision 433...
[    2.588985] systemd[1]: Mounting Mount unit for snapd, revision 25935...
[    2.596595] systemd[1]: Finished Apply Kernel Variables.
[    2.597672] systemd[1]: Mounted Mount unit for bare, revision 5.
[    2.609605] systemd[1]: Mounted Mount unit for core18, revision 1705.
[    2.609698] systemd[1]: Mounted Mount unit for gnome-3-34-1804, revision 24.
[    2.618451] systemd[1]: Mounted Mount unit for gtk-common-themes, revision 1506.
[    2.628054] systemd[1]: Started udev Kernel Device Manager.
[    2.628815] systemd[1]: Starting Show Plymouth Boot Screen...
[    2.634664] systemd[1]: Received SIGRTMIN+20 from PID 276 (plymouthd).
[    2.659882] systemd[1]: Started Show Plymouth Boot Screen.
[    2.660037] systemd[1]: Condition check resulted in Dispatch Password Requests to Console Directory Watch being skipped.
[    2.660128] systemd[1]: Started Forward Password Requests to Plymouth Directory Watch.
[    2.660561] systemd[1]: Reached target Local Encrypted Volumes.
[    2.663702] systemd[1]: Mounted Mount unit for gtk-common-themes, revision 1535.
[    2.663878] systemd[1]: Mounted Mount unit for snap-store, revision 433.
[    2.695451] systemd[1]: Mounted Mount unit for snapd, revision 25935.
[    2.695665] systemd[1]: Reached target Local File Systems.
[    2.696506] systemd[1]: Starting Load AppArmor profiles...
[    2.699525] systemd[1]: Starting Set console font and keymap...
[    2.708521] systemd[1]: Starting Tell Plymouth To Write Out Runtime Data...
[    2.712507] systemd[1]: Condition check resulted in Store a System Token in an EFI Variable being skipped.
[    2.712563] systemd[1]: Condition check resulted in Commit a transient machine-id on disk being skipped.
[    2.716656] systemd[1]: Finished Set console font and keymap.
[    2.723950] systemd[1]: Received SIGRTMIN+20 from PID 276 (plymouthd).
[    2.725127] systemd[1]: plymouth-read-write.service: Succeeded.
[    2.725388] systemd[1]: Finished Tell Plymouth To Write Out Runtime Data.
[    2.751006] audit: type=1400 audit(1768647664.568:2): apparmor="STATUS" operation="profile_load" profile="unconfined" name="nvidia_modprobe" pid=301 comm="apparmor_parser"
[    2.751009] audit: type=1400 audit(1768647664.568:3): apparmor="STATUS" operation="profile_load" profile="unconfined" name="nvidia_modprobe//kmod" pid=301 comm="apparmor_parser"
[    2.756679] audit: type=1400 audit(1768647664.576:4): apparmor="STATUS" operation="profile_load" profile="unconfined" name="/usr/sbin/tcpdump" pid=302 comm="apparmor_parser"
[    2.802881] audit: type=1400 audit(1768647664.616:5): apparmor="STATUS" operation="profile_load" profile="unconfined" name="/usr/bin/evince" pid=304 comm="apparmor_parser"
[    2.802883] audit: type=1400 audit(1768647664.616:6): apparmor="STATUS" operation="profile_load" profile="unconfined" name="/usr/bin/evince//sanitized_helper" pid=304 comm="apparmor_parser"
[    2.802884] audit: type=1400 audit(1768647664.616:7): apparmor="STATUS" operation="profile_load" profile="unconfined" name="/usr/bin/evince-previewer" pid=304 comm="apparmor_parser"
[    2.802886] audit: type=1400 audit(1768647664.616:8): apparmor="STATUS" operation="profile_load" profile="unconfined" name="/usr/bin/evince-previewer//sanitized_helper" pid=304 comm="apparmor_parser"
[    2.802887] audit: type=1400 audit(1768647664.616:9): apparmor="STATUS" operation="profile_load" profile="unconfined" name="/usr/bin/evince-thumbnailer" pid=304 comm="apparmor_parser"
[    2.819477] audit: type=1400 audit(1768647664.636:10): apparmor="STATUS" operation="profile_load" profile="unconfined" name="/usr/lib/cups/backend/cups-pdf" pid=305 comm="apparmor_parser"
[    2.898621] systemd[1]: Finished Load AppArmor profiles.
[    2.900139] systemd[1]: Starting Load AppArmor profiles managed internally by snapd...
[    3.029865] systemd[1]: Finished Load AppArmor profiles managed internally by snapd.
[    3.230499] systemd[1]: Started Journal Service.
[    3.240105] systemd-journald[229]: Received client request to flush runtime journal.
[    3.243297] systemd-journald[229]: File /var/log/journal/c455b248004a419c87ce85eea238d727/system.journal corrupted or uncleanly shut down, renaming and replacing.
[    4.518681] RAPL PMU: API unit is 2^-32 Joules, 0 fixed counters, 10737418240 ms ovfl timer
[    4.583612] cryptd: max_cpu_qlen set to 1000
[    4.638870] AVX2 version of gcm_enc/dec engaged.
[    4.638871] AES CTR mode by8 optimization enabled
[    6.460253] Adding 1998844k swap on /dev/sda1.  Priority:-2 extents:1 across:1998844k FS
[    8.248427] kauditd_printk_skb: 30 callbacks suppressed
[    8.248428] audit: type=1400 audit(1768647670.064:41): apparmor="DENIED" operation="capable" profile="/usr/sbin/cups-browsed" pid=513 comm="cups-browsed" capability=23  capname="sys_nice"
[    9.027546] pcnet32 0000:00:03.0 enp0s3: link up, 100Mbps, full-duplex
[    9.068381] e1000: enp0s8 NIC Link is Up 1000 Mbps Full Duplex, Flow Control: RX
[    9.068656] IPv6: ADDRCONF(NETDEV_CHANGE): enp0s8: link becomes ready
[    9.093166] e1000: enp0s9 NIC Link is Up 1000 Mbps Full Duplex, Flow Control: RX
[    9.093440] IPv6: ADDRCONF(NETDEV_CHANGE): enp0s9: link becomes ready
[    9.771839] device enp0s3 entered promiscuous mode
[    9.805101] audit: type=1400 audit(1768647671.624:42): apparmor="DENIED" operation="open" profile="/usr/sbin/tcpdump" name="/proc/sys/kernel/random/boot_id" pid=670 comm="tcpdump" requested_mask="r" denied_mask="r" fsuid=0 ouid=0
[    9.805415] audit: type=1400 audit(1768647671.624:43): apparmor="DENIED" operation="open" profile="/usr/sbin/tcpdump" name="/proc/sys/kernel/random/boot_id" pid=670 comm="tcpdump" requested_mask="r" denied_mask="r" fsuid=0 ouid=0
[    9.805476] audit: type=1400 audit(1768647671.624:44): apparmor="DENIED" operation="open" profile="/usr/sbin/tcpdump" name="/proc/sys/kernel/random/boot_id" pid=670 comm="tcpdump" requested_mask="r" denied_mask="r" fsuid=0 ouid=0
[    9.805548] audit: type=1400 audit(1768647671.624:45): apparmor="DENIED" operation="open" profile="/usr/sbin/tcpdump" name="/proc/sys/kernel/random/boot_id" pid=670 comm="tcpdump" requested_mask="r" denied_mask="r" fsuid=0 ouid=0
[    9.821054] audit: type=1400 audit(1768647671.628:46): apparmor="DENIED" operation="open" profile="/usr/sbin/tcpdump" name="/proc/sys/kernel/random/boot_id" pid=671 comm="tcpdump" requested_mask="r" denied_mask="r" fsuid=0 ouid=0
[    9.823464] audit: type=1400 audit(1768647671.644:47): apparmor="DENIED" operation="open" profile="/usr/sbin/tcpdump" name="/proc/sys/kernel/random/boot_id" pid=671 comm="tcpdump" requested_mask="r" denied_mask="r" fsuid=0 ouid=0
[    9.823561] audit: type=1400 audit(1768647671.644:48): apparmor="DENIED" operation="open" profile="/usr/sbin/tcpdump" name="/proc/sys/kernel/random/boot_id" pid=671 comm="tcpdump" requested_mask="r" denied_mask="r" fsuid=0 ouid=0
[    9.824132] audit: type=1400 audit(1768647671.644:49): apparmor="DENIED" operation="open" profile="/usr/sbin/tcpdump" name="/proc/sys/kernel/random/boot_id" pid=671 comm="tcpdump" requested_mask="r" denied_mask="r" fsuid=0 ouid=0
[   15.711660] rfkill: input handler disabled
[  174.730537] AAAAA-TCP_FORW: name:enp0s3: saddr:16783984: daddr:100932208
[  174.937360] AAAAA-TCP_FORW: name:enp0s3: saddr:16783984: daddr:100932208
[  175.296249] AAAAA-TCP_FORW: name:enp0s3: saddr:16783984: daddr:100932208
[  175.381735] AAAAA-TCP_FORW: name:enp0s3: saddr:16783984: daddr:100932208
[  175.425455] AAAAA-TCP_FORW: name:enp0s3: saddr:16783984: daddr:100932208
[  176.284835] AAAAA-TCP_FORW: name:enp0s3: saddr:33561200: daddr:100932208
[  176.481729] AAAAA-TCP_FORW: name:enp0s3: saddr:16783984: daddr:100932208
[  176.629308] AAAAA-TCP_FORW: name:enp0s3: saddr:33561200: daddr:100932208
[  176.836784] AAAAA-TCP_FORW: name:enp0s3: saddr:16783984: daddr:100932208
[  176.891972] AAAAA-TCP_FORW: name:enp0s3: saddr:33561200: daddr:100932208
[  177.190394] AAAAA-TCP_FORW: name:enp0s3: saddr:16783984: daddr:100932208
[  177.341783] AAAAA-TCP_FORW: name:enp0s3: saddr:16783984: daddr:100932208
[  177.394824] AAAAA-TCP_FORW: name:enp0s3: saddr:16783984: daddr:100932208
[  177.496350] AAAAA-TCP_FORW: name:enp0s3: saddr:33561200: daddr:100932208
[  177.520039] AAAAA-TCP_FORW: name:enp0s3: saddr:33561200: daddr:100932208
[  177.619260] AAAAA-TCP_FORW: name:enp0s3: saddr:33561200: daddr:100932208
[  177.742216] AAAAA-TCP_FORW: name:enp0s3: saddr:33561200: daddr:100932208
[  177.914844] AAAAA-TCP_FORW: name:enp0s3: saddr:16783984: daddr:100932208
[  178.016124] AAAAA-TCP_FORW: name:enp0s3: saddr:16783984: daddr:100932208
[  178.162717] AAAAA-TCP_FORW: name:enp0s3: saddr:16783984: daddr:100932208
[  178.286475] AAAAA-TCP_FORW: name:enp0s3: saddr:16783984: daddr:100932208
[  178.373231] AAAAA-TCP_FORW: name:enp0s3: saddr:16783984: daddr:100932208
[  178.464176] AAAAA-TCP_FORW: name:enp0s3: saddr:16783984: daddr:100932208
[  178.591480] AAAAA-TCP_FORW: name:enp0s3: saddr:16783984: daddr:100932208
[  178.670370] AAAAA-TCP_FORW: name:enp0s3: saddr:16783984: daddr:100932208
[  178.752619] AAAAA-TCP_FORW: name:enp0s3: saddr:16783984: daddr:100932208
[  178.859491] AAAAA-TCP_FORW: name:enp0s3: saddr:16783984: daddr:100932208
[  178.906321] AAAAA-TCP_FORW: name:enp0s3: saddr:33561200: daddr:100932208
[  178.994018] AAAAA-TCP_FORW: name:enp0s3: saddr:33561200: daddr:100932208
[  179.153518] AAAAA-TCP_FORW: name:enp0s3: saddr:33561200: daddr:100932208
[  179.221485] AAAAA-TCP_FORW: name:enp0s3: saddr:33561200: daddr:100932208
[  179.323221] AAAAA-TCP_FORW: name:enp0s3: saddr:33561200: daddr:100932208
[  179.494377] AAAAA-TCP_FORW: name:enp0s3: saddr:33561200: daddr:100932208
[  179.631124] AAAAA-TCP_FORW: name:enp0s3: saddr:33561200: daddr:100932208
[  179.786212] AAAAA-TCP_FORW: name:enp0s3: saddr:33561200: daddr:100932208
[  179.878709] AAAAA-TCP_FORW: name:enp0s3: saddr:33561200: daddr:100932208
[  180.020543] AAAAA-TCP_FORW: name:enp0s3: saddr:33561200: daddr:100932208
[  180.146425] AAAAA-TCP_FORW: name:enp0s3: saddr:16783984: daddr:100932208
[  180.236575] AAAAA-TCP_FORW: name:enp0s3: saddr:16783984: daddr:100932208
[  180.360006] AAAAA-TCP_FORW: name:enp0s3: saddr:16783984: daddr:100932208
[  180.457114] AAAAA-TCP_FORW: name:enp0s3: saddr:16783984: daddr:100932208
[  180.475220] AAAAA-TCP_FORW: name:enp0s3: saddr:100932208: daddr:16783984
[  180.634975] AAAAA-TCP_FORW: name:enp0s3: saddr:16783984: daddr:100932208
[  180.696240] AAAAA-TCP_FORW: name:enp0s3: saddr:100932208: daddr:16783984
[  180.780724] AAAAA-TCP_FORW: name:enp0s3: saddr:16783984: daddr:100932208
[  180.808437] AAAAA-TCP_FORW: name:enp0s3: saddr:100932208: daddr:16783984
[  180.859215] AAAAA-TCP_FORW: name:enp0s3: saddr:16783984: daddr:100932208
[  180.935851] AAAAA-TCP_FORW: name:enp0s3: saddr:16783984: daddr:100932208
[  181.024720] AAAAA-TCP_FORW: name:enp0s3: saddr:16783984: daddr:100932208
[  181.100061] AAAAA-TCP_FORW: name:enp0s3: saddr:16783984: daddr:100932208
[  181.161137] AAAAA-TCP_FORW: name:enp0s3: saddr:16783984: daddr:100932208
[  181.254330] AAAAA-TCP_FORW: name:enp0s3: saddr:16783984: daddr:100932208
[  181.328439] AAAAA-TCP_FORW: name:enp0s3: saddr:16783984: daddr:100932208
[  181.443956] AAAAA-TCP_FORW: name:enp0s3: saddr:16783984: daddr:100932208
[  181.500676] AAAAA-TCP_FORW: name:enp0s3: saddr:33561200: daddr:100932208
[  181.619334] AAAAA-TCP_FORW: name:enp0s3: saddr:16783984: daddr:100932208
[  181.732562] AAAAA-TCP_FORW: name:enp0s3: saddr:16783984: daddr:100932208
[  181.777918] AAAAA-TCP_FORW: name:enp0s3: saddr:33561200: daddr:100932208
[  181.901396] AAAAA-TCP_FORW: name:enp0s3: saddr:33561200: daddr:100932208
[  181.982618] AAAAA-TCP_FORW: name:enp0s3: saddr:33561200: daddr:100932208
[  182.074983] AAAAA-TCP_FORW: name:enp0s3: saddr:16783984: daddr:100932208
[  182.122492] AAAAA-TCP_FORW: name:enp0s3: saddr:33561200: daddr:100932208
[  182.191162] AAAAA-TCP_FORW: name:enp0s3: saddr:33561200: daddr:100932208
[  182.514122] AAAAA-TCP_FORW: name:enp0s3: saddr:16783984: daddr:100932208
[  182.678030] AAAAA-TCP_FORW: name:enp0s3: saddr:16783984: daddr:100932208
[  182.731231] AAAAA-TCP_FORW: name:enp0s3: saddr:33561200: daddr:100932208
[  183.150255] AAAAA-TCP_FORW: name:enp0s3: saddr:16783984: daddr:100932208
[  183.343816] AAAAA-TCP_FORW: name:enp0s3: saddr:33561200: daddr:100932208
[  183.448720] AAAAA-TCP_FORW: name:enp0s3: saddr:33561200: daddr:100932208
[  183.565887] AAAAA-TCP_FORW: name:enp0s3: saddr:33561200: daddr:100932208
[  183.641260] AAAAA-TCP_FORW: name:enp0s3: saddr:33561200: daddr:100932208
[  183.962791] AAAAA-TCP_FORW: name:enp0s3: saddr:33561200: daddr:100932208
[  184.074734] AAAAA-TCP_FORW: name:enp0s3: saddr:33561200: daddr:100932208
[  184.149437] AAAAA-TCP_FORW: name:enp0s3: saddr:33561200: daddr:100932208
[  184.444624] AAAAA-TCP_FORW: name:enp0s3: saddr:33561200: daddr:100932208
[  184.538386] AAAAA-TCP_FORW: name:enp0s3: saddr:33561200: daddr:100932208
[  184.714085] AAAAA-TCP_FORW: name:enp0s3: saddr:33561200: daddr:100932208
[  184.822754] AAAAA-TCP_FORW: name:enp0s3: saddr:33561200: daddr:100932208
[  184.910438] AAAAA-TCP_FORW: name:enp0s3: saddr:16783984: daddr:100932208
[  185.378404] AAAAA-TCP_FORW: name:enp0s3: saddr:16783984: daddr:100932208
[  185.449820] AAAAA-TCP_FORW: name:enp0s3: saddr:16783984: daddr:100932208
[  185.537643] AAAAA-TCP_FORW: name:enp0s3: saddr:16783984: daddr:100932208
[  185.636968] AAAAA-TCP_FORW: name:enp0s3: saddr:16783984: daddr:100932208
[  185.725236] AAAAA-TCP_FORW: name:enp0s3: saddr:16783984: daddr:100932208
[  185.853377] AAAAA-TCP_FORW: name:enp0s3: saddr:16783984: daddr:100932208
[  185.994460] AAAAA-TCP_FORW: name:enp0s3: saddr:16783984: daddr:100932208
[  186.203225] AAAAA-TCP_FORW: name:enp0s3: saddr:16783984: daddr:100932208
[  186.290531] AAAAA-TCP_FORW: name:enp0s3: saddr:33561200: daddr:100932208
[  186.369137] AAAAA-TCP_FORW: name:enp0s3: saddr:33561200: daddr:100932208
[  186.433075] AAAAA-TCP_FORW: name:enp0s3: saddr:16783984: daddr:100932208
[  186.551958] AAAAA-TCP_FORW: name:enp0s3: saddr:16783984: daddr:100932208
[  186.624027] AAAAA-TCP_FORW: name:enp0s3: saddr:16783984: daddr:100932208
[  186.722064] AAAAA-TCP_FORW: name:enp0s3: saddr:33561200: daddr:100932208
[  186.905985] AAAAA-TCP_FORW: name:enp0s3: saddr:16783984: daddr:100932208
[  187.218201] AAAAA-TCP_FORW: name:enp0s3: saddr:33561200: daddr:100932208
[  201.218919] AAAAA-TCP_FORW: name:enp0s3: saddr:33561200: daddr:100932208
[  201.361717] AAAAA-TCP_FORW: name:enp0s3: saddr:33561200: daddr:100932208
[  201.487544] AAAAA-TCP_FORW: name:enp0s3: saddr:33561200: daddr:100932208
[  201.579610] AAAAA-TCP_FORW: name:enp0s3: saddr:33561200: daddr:100932208
[  201.744898] AAAAA-TCP_FORW: name:enp0s3: saddr:33561200: daddr:100932208
[  201.822187] AAAAA-TCP_FORW: name:enp0s3: saddr:33561200: daddr:100932208
[  202.019225] AAAAA-TCP_FORW: name:enp0s3: saddr:33561200: daddr:100932208
[  202.137912] AAAAA-TCP_FORW: name:enp0s3: saddr:33561200: daddr:100932208
[  202.353345] AAAAA-TCP_FORW: name:enp0s3: saddr:33561200: daddr:100932208
[  202.500473] AAAAA-TCP_FORW: name:enp0s3: saddr:33561200: daddr:100932208
[  202.599611] AAAAA-TCP_FORW: name:enp0s3: saddr:33561200: daddr:100932208
[  202.774571] AAAAA-TCP_FORW: name:enp0s3: saddr:16783984: daddr:100932208
[  202.931085] AAAAA-TCP_FORW: name:enp0s3: saddr:16783984: daddr:100932208
[  203.056578] AAAAA-TCP_FORW: name:enp0s3: saddr:16783984: daddr:100932208
[  203.178413] AAAAA-TCP_FORW: name:enp0s3: saddr:16783984: daddr:100932208
[  203.304752] AAAAA-TCP_FORW: name:enp0s3: saddr:16783984: daddr:100932208
[  203.473939] AAAAA-TCP_FORW: name:enp0s3: saddr:16783984: daddr:100932208
[  203.573905] AAAAA-TCP_FORW: name:enp0s3: saddr:16783984: daddr:100932208
[  203.657328] AAAAA-TCP_FORW: name:enp0s3: saddr:16783984: daddr:100932208
[  203.786101] AAAAA-TCP_FORW: name:enp0s3: saddr:16783984: daddr:100932208
[  203.877100] AAAAA-TCP_FORW: name:enp0s3: saddr:16783984: daddr:100932208
[  203.995013] AAAAA-TCP_FORW: name:enp0s3: saddr:16783984: daddr:100932208
[  204.097613] AAAAA-TCP_FORW: name:enp0s3: saddr:16783984: daddr:100932208
[  204.233423] AAAAA-TCP_FORW: name:enp0s3: saddr:16783984: daddr:100932208
[  204.399689] AAAAA-TCP_FORW: name:enp0s3: saddr:16783984: daddr:100932208
[  204.501209] AAAAA-TCP_FORW: name:enp0s3: saddr:16783984: daddr:100932208
[  204.594964] AAAAA-TCP_FORW: name:enp0s3: saddr:16783984: daddr:100932208
[  206.698435] AAAAA-TCP_FORW: name:enp0s3: saddr:33561200: daddr:100932208
[  206.823589] AAAAA-TCP_FORW: name:enp0s3: saddr:33561200: daddr:100932208
[  206.922043] AAAAA-TCP_FORW: name:enp0s3: saddr:33561200: daddr:100932208
[  207.177439] AAAAA-TCP_FORW: name:enp0s3: saddr:33561200: daddr:100932208
[  207.292362] AAAAA-TCP_FORW: name:enp0s3: saddr:33561200: daddr:100932208
[  207.423472] AAAAA-TCP_FORW: name:enp0s3: saddr:33561200: daddr:100932208
[  207.537589] AAAAA-TCP_FORW: name:enp0s3: saddr:33561200: daddr:100932208
[  207.879076] AAAAA-TCP_FORW: name:enp0s3: saddr:16783984: daddr:100932208
[  208.016519] AAAAA-TCP_FORW: name:enp0s3: saddr:16783984: daddr:100932208
[  208.118242] AAAAA-TCP_FORW: name:enp0s3: saddr:16783984: daddr:100932208
[  208.228128] AAAAA-TCP_FORW: name:enp0s3: saddr:16783984: daddr:100932208
[  208.309946] AAAAA-TCP_FORW: name:enp0s3: saddr:16783984: daddr:100932208
[  208.407152] AAAAA-TCP_FORW: name:enp0s3: saddr:16783984: daddr:100932208
[  208.558867] AAAAA-TCP_FORW: name:enp0s3: saddr:16783984: daddr:100932208
[  208.652232] AAAAA-TCP_FORW: name:enp0s3: saddr:16783984: daddr:100932208
[  208.732449] AAAAA-TCP_FORW: name:enp0s3: saddr:16783984: daddr:100932208
[  208.867737] AAAAA-TCP_FORW: name:enp0s3: saddr:16783984: daddr:100932208
[  209.001248] AAAAA-TCP_FORW: name:enp0s3: saddr:16783984: daddr:100932208
[  209.083919] AAAAA-TCP_FORW: name:enp0s3: saddr:16783984: daddr:100932208
[  209.118344] AAAAA-TCP_FORW: name:enp0s3: saddr:100932208: daddr:16783984
[  209.187109] AAAAA-TCP_FORW: name:enp0s3: saddr:100932208: daddr:16783984
[  209.233335] AAAAA-TCP_FORW: name:enp0s3: saddr:16783984: daddr:100932208
[  209.269545] AAAAA-TCP_FORW: name:enp0s3: saddr:100932208: daddr:16783984
[  209.741801] AAAAA-TCP_FORW: name:enp0s3: saddr:16783984: daddr:100932208
[  209.898001] AAAAA-TCP_FORW: name:enp0s3: saddr:16783984: daddr:100932208
[  209.960814] AAAAA-TCP_FORW: name:enp0s3: saddr:100932208: daddr:33561200
[  210.076525] AAAAA-TCP_FORW: name:enp0s3: saddr:100932208: daddr:33561200
[  210.208935] AAAAA-TCP_FORW: name:enp0s3: saddr:100932208: daddr:33561200
[  210.258076] AAAAA-TCP_FORW: name:enp0s3: saddr:16783984: daddr:100932208
[  210.344646] AAAAA-TCP_FORW: name:enp0s3: saddr:100932208: daddr:33561200
[  210.435719] AAAAA-TCP_FORW: name:enp0s3: saddr:100932208: daddr:33561200
[  210.530265] AAAAA-TCP_FORW: name:enp0s3: saddr:100932208: daddr:33561200
[  210.647644] AAAAA-TCP_FORW: name:enp0s3: saddr:100932208: daddr:33561200
[  210.691016] AAAAA-TCP_FORW: name:enp0s3: saddr:33561200: daddr:100932208
[  210.747675] AAAAA-TCP_FORW: name:enp0s3: saddr:33561200: daddr:100932208
[  210.757561] AAAAA-TCP_FORW: name:enp0s3: saddr:100932208: daddr:33561200
[  210.791271] AAAAA-TCP_FORW: name:enp0s3: saddr:100932208: daddr:33561200
[  210.805272] AAAAA-TCP_FORW: name:enp0s3: saddr:33561200: daddr:100932208
[  210.886722] AAAAA-TCP_FORW: name:enp0s3: saddr:100932208: daddr:33561200
[  210.942755] AAAAA-TCP_FORW: name:enp0s3: saddr:100932208: daddr:33561200
[  211.017810] AAAAA-TCP_FORW: name:enp0s3: saddr:100932208: daddr:33561200
[  211.033890] AAAAA-TCP_FORW: name:enp0s3: saddr:33561200: daddr:100932208
[  211.114259] AAAAA-TCP_FORW: name:enp0s3: saddr:100932208: daddr:33561200
[  211.165011] AAAAA-TCP_FORW: name:enp0s3: saddr:100932208: daddr:33561200
[  211.174418] AAAAA-TCP_FORW: name:enp0s3: saddr:33561200: daddr:100932208
[  211.224951] AAAAA-TCP_FORW: name:enp0s3: saddr:33561200: daddr:100932208
[  211.344302] AAAAA-TCP_FORW: name:enp0s3: saddr:33561200: daddr:100932208
[  211.373803] AAAAA-TCP_FORW: name:enp0s3: saddr:100932208: daddr:33561200
[  211.608806] AAAAA-TCP_FORW: name:enp0s3: saddr:100932208: daddr:16783984
[  211.628130] AAAAA-TCP_FORW: name:enp0s3: saddr:33561200: daddr:100932208
[  211.680032] AAAAA-TCP_FORW: name:enp0s3: saddr:33561200: daddr:100932208
[  211.751380] AAAAA-TCP_FORW: name:enp0s3: saddr:100932208: daddr:16783984
[  211.841125] AAAAA-TCP_FORW: name:enp0s3: saddr:33561200: daddr:100932208
[  211.889371] AAAAA-TCP_FORW: name:enp0s3: saddr:33561200: daddr:100932208
[  211.986213] AAAAA-TCP_FORW: name:enp0s3: saddr:100932208: daddr:16783984
[  212.146485] AAAAA-TCP_FORW: name:enp0s3: saddr:33561200: daddr:100932208
[  212.206590] AAAAA-TCP_FORW: name:enp0s3: saddr:33561200: daddr:100932208
[  212.348566] AAAAA-TCP_FORW: name:enp0s3: saddr:100932208: daddr:16783984
[  212.418412] AAAAA-TCP_FORW: name:enp0s3: saddr:33561200: daddr:100932208
[  212.489913] AAAAA-TCP_FORW: name:enp0s3: saddr:100932208: daddr:16783984
[  212.538288] AAAAA-TCP_FORW: name:enp0s3: saddr:16783984: daddr:100932208
[  212.582309] AAAAA-TCP_FORW: name:enp0s3: saddr:100932208: daddr:16783984
[  212.650984] AAAAA-TCP_FORW: name:enp0s3: saddr:100932208: daddr:16783984
[  212.803845] AAAAA-TCP_FORW: name:enp0s3: saddr:100932208: daddr:16783984
[  212.838024] AAAAA-TCP_FORW: name:enp0s3: saddr:16783984: daddr:100932208
[  213.013692] AAAAA-TCP_FORW: name:enp0s3: saddr:16783984: daddr:100932208
[  213.087501] AAAAA-TCP_FORW: name:enp0s3: saddr:100932208: daddr:16783984
[  213.210033] AAAAA-TCP_FORW: name:enp0s3: saddr:100932208: daddr:16783984
[  213.318767] AAAAA-TCP_FORW: name:enp0s3: saddr:100932208: daddr:16783984
[  213.421426] AAAAA-TCP_FORW: name:enp0s3: saddr:16783984: daddr:100932208
[  213.512587] AAAAA-TCP_FORW: name:enp0s3: saddr:100932208: daddr:16783984
[  213.590748] AAAAA-TCP_FORW: name:enp0s3: saddr:100932208: daddr:16783984
[  213.603476] AAAAA-TCP_FORW: name:enp0s3: saddr:16783984: daddr:100932208
[  213.722127] AAAAA-TCP_FORW: name:enp0s3: saddr:100932208: daddr:33561200
[  213.757811] AAAAA-TCP_FORW: name:enp0s3: saddr:16783984: daddr:100932208
[  213.801889] AAAAA-TCP_FORW: name:enp0s3: saddr:100932208: daddr:33561200
[  213.926584] AAAAA-TCP_FORW: name:enp0s3: saddr:16783984: daddr:100932208
[  214.003333] AAAAA-TCP_FORW: name:enp0s3: saddr:100932208: daddr:33561200
[  214.081884] AAAAA-TCP_FORW: name:enp0s3: saddr:16783984: daddr:100932208
[  214.171503] AAAAA-TCP_FORW: name:enp0s3: saddr:100932208: daddr:33561200
[  214.197678] AAAAA-TCP_FORW: name:enp0s3: saddr:100932208: daddr:33561200
[  214.302603] AAAAA-TCP_FORW: name:enp0s3: saddr:16783984: daddr:100932208
[  214.362769] AAAAA-TCP_FORW: name:enp0s3: saddr:16783984: daddr:100932208
[  214.453053] AAAAA-TCP_FORW: name:enp0s3: saddr:16783984: daddr:100932208
[  214.485410] AAAAA-TCP_FORW: name:enp0s3: saddr:100932208: daddr:33561200
[  214.628627] AAAAA-TCP_FORW: name:enp0s3: saddr:16783984: daddr:100932208
[  214.751043] AAAAA-TCP_FORW: name:enp0s3: saddr:16783984: daddr:100932208
[  214.794580] AAAAA-TCP_FORW: name:enp0s3: saddr:33561200: daddr:100932208
[  214.860846] AAAAA-TCP_FORW: name:enp0s3: saddr:33561200: daddr:100932208
[  215.007998] AAAAA-TCP_FORW: name:enp0s3: saddr:33561200: daddr:100932208
[  215.103926] AAAAA-TCP_FORW: name:enp0s3: saddr:33561200: daddr:100932208
[  215.153385] AAAAA-TCP_FORW: name:enp0s3: saddr:33561200: daddr:100932208
[  215.235602] AAAAA-TCP_FORW: name:enp0s3: saddr:33561200: daddr:100932208
[  215.320111] AAAAA-TCP_FORW: name:enp0s3: saddr:33561200: daddr:100932208
[  215.376212] AAAAA-TCP_FORW: name:enp0s3: saddr:33561200: daddr:100932208
[  215.423973] AAAAA-TCP_FORW: name:enp0s3: saddr:33561200: daddr:100932208
[  215.510730] AAAAA-TCP_FORW: name:enp0s3: saddr:33561200: daddr:100932208
[  215.572903] AAAAA-TCP_FORW: name:enp0s3: saddr:33561200: daddr:100932208
[  215.635645] AAAAA-TCP_FORW: name:enp0s3: saddr:33561200: daddr:100932208
[  215.728140] AAAAA-TCP_FORW: name:enp0s3: saddr:33561200: daddr:100932208
[  215.826185] AAAAA-TCP_FORW: name:enp0s3: saddr:33561200: daddr:100932208
[  215.905164] AAAAA-TCP_FORW: name:enp0s3: saddr:16783984: daddr:100932208
[  215.977511] AAAAA-TCP_FORW: name:enp0s3: saddr:33561200: daddr:100932208
[  216.051747] AAAAA-TCP_FORW: name:enp0s3: saddr:16783984: daddr:100932208
[  216.127796] AAAAA-TCP_FORW: name:enp0s3: saddr:16783984: daddr:100932208
[  216.195299] AAAAA-TCP_FORW: name:enp0s3: saddr:16783984: daddr:100932208
[  216.289416] AAAAA-TCP_FORW: name:enp0s3: saddr:16783984: daddr:100932208
[  216.396751] AAAAA-TCP_FORW: name:enp0s3: saddr:16783984: daddr:100932208
[  216.455810] AAAAA-TCP_FORW: name:enp0s3: saddr:16783984: daddr:100932208
[  216.518760] AAAAA-TCP_FORW: name:enp0s3: saddr:16783984: daddr:100932208
[  216.651085] AAAAA-TCP_FORW: name:enp0s3: saddr:16783984: daddr:100932208
[  216.740295] AAAAA-TCP_FORW: name:enp0s3: saddr:16783984: daddr:100932208
[  216.836582] AAAAA-TCP_FORW: name:enp0s3: saddr:16783984: daddr:100932208
[  216.941857] AAAAA-TCP_FORW: name:enp0s3: saddr:16783984: daddr:100932208
[  217.032231] AAAAA-TCP_FORW: name:enp0s3: saddr:16783984: daddr:100932208
[  217.110324] AAAAA-TCP_FORW: name:enp0s3: saddr:16783984: daddr:100932208
[  217.211294] AAAAA-TCP_FORW: name:enp0s3: saddr:16783984: daddr:100932208
[  217.342207] AAAAA-TCP_FORW: name:enp0s3: saddr:16783984: daddr:100932208
[  217.432385] AAAAA-TCP_FORW: name:enp0s3: saddr:33561200: daddr:100932208
[  217.533239] AAAAA-TCP_FORW: name:enp0s3: saddr:33561200: daddr:100932208
[  217.681408] AAAAA-TCP_FORW: name:enp0s3: saddr:33561200: daddr:100932208
[  217.765552] AAAAA-TCP_FORW: name:enp0s3: saddr:33561200: daddr:100932208
[  217.863993] AAAAA-TCP_FORW: name:enp0s3: saddr:33561200: daddr:100932208
[  217.937254] AAAAA-TCP_FORW: name:enp0s3: saddr:33561200: daddr:100932208
[  218.002538] AAAAA-TCP_FORW: name:enp0s3: saddr:33561200: daddr:100932208
[  218.096301] AAAAA-TCP_FORW: name:enp0s3: saddr:33561200: daddr:100932208
[  218.236691] AAAAA-TCP_FORW: name:enp0s3: saddr:33561200: daddr:100932208
[  218.318020] AAAAA-TCP_FORW: name:enp0s3: saddr:33561200: daddr:100932208
[  218.391711] AAAAA-TCP_FORW: name:enp0s3: saddr:33561200: daddr:100932208
[  218.487498] AAAAA-TCP_FORW: name:enp0s3: saddr:33561200: daddr:100932208
[  218.534219] AAAAA-TCP_FORW: name:enp0s3: saddr:33561200: daddr:100932208
[  218.633435] AAAAA-TCP_FORW: name:enp0s3: saddr:33561200: daddr:100932208
[  218.709656] AAAAA-TCP_FORW: name:enp0s3: saddr:33561200: daddr:100932208
[  218.788540] AAAAA-TCP_FORW: name:enp0s3: saddr:16783984: daddr:100932208
[  218.904521] AAAAA-TCP_FORW: name:enp0s3: saddr:33561200: daddr:100932208
[  218.958932] AAAAA-TCP_FORW: name:enp0s3: saddr:33561200: daddr:100932208
[  219.060020] AAAAA-TCP_FORW: name:enp0s3: saddr:16783984: daddr:100932208
[  219.141182] AAAAA-TCP_FORW: name:enp0s3: saddr:16783984: daddr:100932208
[  219.269848] AAAAA-TCP_FORW: name:enp0s3: saddr:16783984: daddr:100932208
[  219.372977] AAAAA-TCP_FORW: name:enp0s3: saddr:16783984: daddr:100932208
[  219.436264] AAAAA-TCP_FORW: name:enp0s3: saddr:16783984: daddr:100932208
[  219.551547] AAAAA-TCP_FORW: name:enp0s3: saddr:16783984: daddr:100932208
[  219.621193] AAAAA-TCP_FORW: name:enp0s3: saddr:16783984: daddr:100932208
[  219.688219] AAAAA-TCP_FORW: name:enp0s3: saddr:16783984: daddr:100932208
[  219.912555] AAAAA-TCP_FORW: name:enp0s3: saddr:16783984: daddr:100932208
[  220.006950] AAAAA-TCP_FORW: name:enp0s3: saddr:16783984: daddr:100932208
[  220.153503] AAAAA-TCP_FORW: name:enp0s3: saddr:16783984: daddr:100932208
[  220.224130] AAAAA-TCP_FORW: name:enp0s3: saddr:16783984: daddr:100932208
[  220.303466] AAAAA-TCP_FORW: name:enp0s3: saddr:16783984: daddr:100932208
[  220.381344] AAAAA-TCP_FORW: name:enp0s3: saddr:16783984: daddr:100932208
[  220.490687] AAAAA-TCP_FORW: name:enp0s3: saddr:16783984: daddr:100932208
[  220.555453] AAAAA-TCP_FORW: name:enp0s3: saddr:16783984: daddr:100932208
[  220.645653] AAAAA-TCP_FORW: name:enp0s3: saddr:16783984: daddr:100932208
[  220.738205] AAAAA-TCP_FORW: name:enp0s3: saddr:16783984: daddr:100932208
[  220.899796] AAAAA-TCP_FORW: name:enp0s3: saddr:16783984: daddr:100932208
[  221.036390] AAAAA-TCP_FORW: name:enp0s3: saddr:33561200: daddr:100932208
[  221.129536] AAAAA-TCP_FORW: name:enp0s3: saddr:33561200: daddr:100932208
[  221.303820] AAAAA-TCP_FORW: name:enp0s3: saddr:33561200: daddr:100932208
[  221.386010] AAAAA-TCP_FORW: name:enp0s3: saddr:33561200: daddr:100932208
[  221.579111] AAAAA-TCP_FORW: name:enp0s3: saddr:33561200: daddr:100932208
[  221.696665] AAAAA-TCP_FORW: name:enp0s3: saddr:33561200: daddr:100932208
[  221.741603] AAAAA-TCP_FORW: name:enp0s3: saddr:33561200: daddr:100932208
[  221.809886] AAAAA-TCP_FORW: name:enp0s3: saddr:33561200: daddr:100932208
[  221.880715] AAAAA-TCP_FORW: name:enp0s3: saddr:33561200: daddr:100932208
[  221.967161] AAAAA-TCP_FORW: name:enp0s3: saddr:33561200: daddr:100932208
[  222.039886] AAAAA-TCP_FORW: name:enp0s3: saddr:33561200: daddr:100932208
[  222.191525] AAAAA-TCP_FORW: name:enp0s3: saddr:33561200: daddr:100932208
[  222.278306] AAAAA-TCP_FORW: name:enp0s3: saddr:33561200: daddr:100932208
[  222.433881] AAAAA-TCP_FORW: name:enp0s3: saddr:33561200: daddr:100932208
[  222.509786] AAAAA-TCP_FORW: name:enp0s3: saddr:33561200: daddr:100932208
[  222.562718] AAAAA-TCP_FORW: name:enp0s3: saddr:33561200: daddr:100932208
[  222.653959] AAAAA-TCP_FORW: name:enp0s3: saddr:16783984: daddr:100932208
[  222.747052] AAAAA-TCP_FORW: name:enp0s3: saddr:33561200: daddr:100932208
[  222.861279] AAAAA-TCP_FORW: name:enp0s3: saddr:33561200: daddr:100932208
[  222.936296] AAAAA-TCP_FORW: name:enp0s3: saddr:33561200: daddr:100932208
[  223.022040] AAAAA-TCP_FORW: name:enp0s3: saddr:16783984: daddr:100932208
[  223.093152] AAAAA-TCP_FORW: name:enp0s3: saddr:16783984: daddr:100932208
[  223.161733] AAAAA-TCP_FORW: name:enp0s3: saddr:16783984: daddr:100932208
[  223.246861] AAAAA-TCP_FORW: name:enp0s3: saddr:16783984: daddr:100932208
[  223.371768] AAAAA-TCP_FORW: name:enp0s3: saddr:16783984: daddr:100932208
[  223.426255] AAAAA-TCP_FORW: name:enp0s3: saddr:16783984: daddr:100932208
[  223.571231] AAAAA-TCP_FORW: name:enp0s3: saddr:16783984: daddr:100932208
[  223.673063] AAAAA-TCP_FORW: name:enp0s3: saddr:16783984: daddr:100932208
[  223.753960] AAAAA-TCP_FORW: name:enp0s3: saddr:16783984: daddr:100932208
[  223.853266] AAAAA-TCP_FORW: name:enp0s3: saddr:16783984: daddr:100932208
[  223.968161] AAAAA-TCP_FORW: name:enp0s3: saddr:16783984: daddr:100932208
[  224.073244] AAAAA-TCP_FORW: name:enp0s3: saddr:16783984: daddr:100932208
[  224.169906] AAAAA-TCP_FORW: name:enp0s3: saddr:16783984: daddr:100932208
[  224.315734] AAAAA-TCP_FORW: name:enp0s3: saddr:16783984: daddr:100932208
[  224.378593] AAAAA-TCP_FORW: name:enp0s3: saddr:16783984: daddr:100932208
[  224.503931] AAAAA-TCP_FORW: name:enp0s3: saddr:16783984: daddr:100932208
[  224.572121] AAAAA-TCP_FORW: name:enp0s3: saddr:16783984: daddr:100932208
[  224.765025] AAAAA-TCP_FORW: name:enp0s3: saddr:16783984: daddr:100932208
[  224.874944] AAAAA-TCP_FORW: name:enp0s3: saddr:16783984: daddr:100932208
[  224.926202] AAAAA-TCP_FORW: name:enp0s3: saddr:16783984: daddr:100932208
[  225.015113] AAAAA-TCP_FORW: name:enp0s3: saddr:16783984: daddr:100932208
[  225.072075] AAAAA-TCP_FORW: name:enp0s3: saddr:16783984: daddr:100932208
[  225.173992] AAAAA-TCP_FORW: name:enp0s3: saddr:16783984: daddr:100932208
[  225.263651] AAAAA-TCP_FORW: name:enp0s3: saddr:16783984: daddr:100932208
[  225.399543] AAAAA-TCP_FORW: name:enp0s3: saddr:33561200: daddr:100932208
[  225.577788] AAAAA-TCP_FORW: name:enp0s3: saddr:33561200: daddr:100932208
[  225.741338] AAAAA-TCP_FORW: name:enp0s3: saddr:33561200: daddr:100932208
[  225.872785] AAAAA-TCP_FORW: name:enp0s3: saddr:33561200: daddr:100932208
[  225.996192] AAAAA-TCP_FORW: name:enp0s3: saddr:33561200: daddr:100932208
[  226.085899] AAAAA-TCP_FORW: name:enp0s3: saddr:33561200: daddr:100932208
[  226.287841] AAAAA-TCP_FORW: name:enp0s3: saddr:33561200: daddr:100932208
[  226.400155] AAAAA-TCP_FORW: name:enp0s3: saddr:33561200: daddr:100932208
[  226.489057] AAAAA-TCP_FORW: name:enp0s3: saddr:33561200: daddr:100932208
[  226.831999] AAAAA-TCP_FORW: name:enp0s3: saddr:33561200: daddr:100932208
[  226.955675] AAAAA-TCP_FORW: name:enp0s3: saddr:33561200: daddr:100932208
[  227.020801] AAAAA-TCP_FORW: name:enp0s3: saddr:33561200: daddr:100932208
[  227.194618] AAAAA-TCP_FORW: name:enp0s3: saddr:33561200: daddr:100932208
[  227.295756] AAAAA-TCP_FORW: name:enp0s3: saddr:33561200: daddr:100932208
[  227.395198] AAAAA-TCP_FORW: name:enp0s3: saddr:33561200: daddr:100932208
[  227.498931] AAAAA-TCP_FORW: name:enp0s3: saddr:33561200: daddr:100932208
[  227.659260] AAAAA-TCP_FORW: name:enp0s3: saddr:33561200: daddr:100932208
[  227.866965] AAAAA-TCP_FORW: name:enp0s3: saddr:33561200: daddr:100932208
[  227.987142] AAAAA-TCP_FORW: name:enp0s3: saddr:33561200: daddr:100932208
[  228.352346] AAAAA-TCP_FORW: name:enp0s3: saddr:33561200: daddr:100932208
[  228.550902] AAAAA-TCP_FORW: name:enp0s3: saddr:33561200: daddr:100932208
[  228.728545] AAAAA-TCP_FORW: name:enp0s3: saddr:16783984: daddr:100932208
[  228.895420] AAAAA-TCP_FORW: name:enp0s3: saddr:16783984: daddr:100932208
[  229.191946] AAAAA-TCP_FORW: name:enp0s3: saddr:33561200: daddr:100932208
[  229.541204] AAAAA-TCP_FORW: name:enp0s3: saddr:33561200: daddr:100932208
[  229.935080] AAAAA-TCP_FORW: name:enp0s3: saddr:16783984: daddr:100932208
[  230.076223] AAAAA-TCP_FORW: name:enp0s3: saddr:16783984: daddr:100932208
[  230.210342] AAAAA-TCP_FORW: name:enp0s3: saddr:16783984: daddr:100932208
[  230.301532] AAAAA-TCP_FORW: name:enp0s3: saddr:16783984: daddr:100932208
[  230.484327] AAAAA-TCP_FORW: name:enp0s3: saddr:16783984: daddr:100932208
[  230.581838] AAAAA-TCP_FORW: name:enp0s3: saddr:16783984: daddr:100932208
[  230.706515] AAAAA-TCP_FORW: name:enp0s3: saddr:16783984: daddr:100932208
[  230.933682] AAAAA-TCP_FORW: name:enp0s3: saddr:16783984: daddr:100932208
[  231.168841] AAAAA-TCP_FORW: name:enp0s3: saddr:16783984: daddr:100932208
[  231.209031] AAAAA-TCP_FORW: name:enp0s3: saddr:16783984: daddr:100932208
[  231.448090] AAAAA-TCP_FORW: name:enp0s3: saddr:16783984: daddr:100932208
[  231.731545] AAAAA-TCP_FORW: name:enp0s3: saddr:16783984: daddr:100932208
[  232.088351] AAAAA-TCP_FORW: name:enp0s3: saddr:16783984: daddr:100932208
[  232.192779] AAAAA-TCP_FORW: name:enp0s3: saddr:16783984: daddr:100932208
[  232.432776] AAAAA-TCP_FORW: name:enp0s3: saddr:16783984: daddr:100932208
[  232.526673] AAAAA-TCP_FORW: name:enp0s3: saddr:16783984: daddr:100932208
[  232.639800] AAAAA-TCP_FORW: name:enp0s3: saddr:16783984: daddr:100932208
[  232.843824] AAAAA-TCP_FORW: name:enp0s3: saddr:16783984: daddr:100932208
[  233.235789] AAAAA-TCP_FORW: name:enp0s3: saddr:16783984: daddr:100932208
[  233.379140] AAAAA-TCP_FORW: name:enp0s3: saddr:16783984: daddr:100932208
[  233.515642] AAAAA-TCP_FORW: name:enp0s3: saddr:16783984: daddr:100932208
[  233.665451] AAAAA-TCP_FORW: name:enp0s3: saddr:16783984: daddr:100932208
[  233.842637] AAAAA-TCP_FORW: name:enp0s3: saddr:16783984: daddr:100932208
[  234.044027] AAAAA-TCP_FORW: name:enp0s3: saddr:33561200: daddr:100932208
[  238.728108] AAAAA-TCP_FORW: name:enp0s3: saddr:33561200: daddr:100932208
[  239.143068] AAAAA-TCP_FORW: name:enp0s3: saddr:33561200: daddr:100932208
[  239.790651] AAAAA-TCP_FORW: name:enp0s3: saddr:33561200: daddr:100932208
[  240.524372] AAAAA-TCP_FORW: name:enp0s3: saddr:33561200: daddr:100932208
[  240.632144] AAAAA-TCP_FORW: name:enp0s3: saddr:33561200: daddr:100932208
[  241.162198] AAAAA-TCP_FORW: name:enp0s3: saddr:33561200: daddr:100932208
[  241.433577] AAAAA-TCP_FORW: name:enp0s3: saddr:16783984: daddr:100932208
[  242.014227] AAAAA-TCP_FORW: name:enp0s3: saddr:16783984: daddr:100932208
[  242.404221] AAAAA-TCP_FORW: name:enp0s3: saddr:16783984: daddr:100932208
[  242.789811] AAAAA-TCP_FORW: name:enp0s3: saddr:33561200: daddr:100932208
[  243.352568] AAAAA-TCP_FORW: name:enp0s3: saddr:33561200: daddr:100932208
[  244.081981] AAAAA-TCP_FORW: name:enp0s3: saddr:33561200: daddr:100932208
[  244.486365] AAAAA-TCP_FORW: name:enp0s3: saddr:16783984: daddr:100932208
[  244.609113] AAAAA-TCP_FORW: name:enp0s3: saddr:16783984: daddr:100932208
[  244.844345] AAAAA-TCP_FORW: name:enp0s3: saddr:16783984: daddr:100932208
[  245.174411] AAAAA-TCP_FORW: name:enp0s3: saddr:16783984: daddr:100932208
[  245.378067] AAAAA-TCP_FORW: name:enp0s3: saddr:16783984: daddr:100932208
[  245.453758] AAAAA-TCP_FORW: name:enp0s3: saddr:16783984: daddr:100932208
[  245.489497] AAAAA-TCP_FORW: name:enp0s3: saddr:16783984: daddr:100932208
[  245.579521] AAAAA-TCP_FORW: name:enp0s3: saddr:16783984: daddr:100932208
[  245.945490] AAAAA-TCP_FORW: name:enp0s3: saddr:33561200: daddr:100932208
[  246.042027] AAAAA-TCP_FORW: name:enp0s3: saddr:16783984: daddr:100932208
[  246.195332] AAAAA-TCP_FORW: name:enp0s3: saddr:16783984: daddr:100932208
[  246.339200] AAAAA-TCP_FORW: name:enp0s3: saddr:16783984: daddr:100932208
[  246.442052] AAAAA-TCP_FORW: name:enp0s3: saddr:16783984: daddr:100932208
[  246.737779] AAAAA-TCP_FORW: name:enp0s3: saddr:16783984: daddr:100932208
[  246.892723] AAAAA-TCP_FORW: name:enp0s3: saddr:16783984: daddr:100932208
[  247.069114] AAAAA-TCP_FORW: name:enp0s3: saddr:16783984: daddr:100932208
[  247.234426] AAAAA-TCP_FORW: name:enp0s3: saddr:33561200: daddr:100932208
[  247.316266] AAAAA-TCP_FORW: name:enp0s3: saddr:33561200: daddr:100932208
[  247.580523] AAAAA-TCP_FORW: name:enp0s3: saddr:33561200: daddr:100932208
[  247.774313] AAAAA-TCP_FORW: name:enp0s3: saddr:33561200: daddr:100932208
[  247.910614] AAAAA-TCP_FORW: name:enp0s3: saddr:33561200: daddr:100932208
[  247.992312] AAAAA-TCP_FORW: name:enp0s3: saddr:33561200: daddr:100932208
[  248.016029] AAAAA-TCP_FORW: name:enp0s3: saddr:33561200: daddr:100932208
[  248.137980] AAAAA-TCP_FORW: name:enp0s3: saddr:33561200: daddr:100932208
[  248.257729] AAAAA-TCP_FORW: name:enp0s3: saddr:16783984: daddr:100932208
[  248.355806] AAAAA-TCP_FORW: name:enp0s3: saddr:33561200: daddr:100932208
[  248.409212] AAAAA-TCP_FORW: name:enp0s3: saddr:33561200: daddr:100932208
[  248.626977] AAAAA-TCP_FORW: name:enp0s3: saddr:33561200: daddr:100932208
[  248.755443] AAAAA-TCP_FORW: name:enp0s3: saddr:33561200: daddr:100932208
[  248.859948] AAAAA-TCP_FORW: name:enp0s3: saddr:33561200: daddr:100932208
[  249.077328] AAAAA-TCP_FORW: name:enp0s3: saddr:33561200: daddr:100932208
[  249.198279] AAAAA-TCP_FORW: name:enp0s3: saddr:16783984: daddr:100932208
[  249.258289] AAAAA-TCP_FORW: name:enp0s3: saddr:16783984: daddr:100932208
[  249.358687] AAAAA-TCP_FORW: name:enp0s3: saddr:33561200: daddr:100932208
[  249.459621] AAAAA-TCP_FORW: name:enp0s3: saddr:33561200: daddr:100932208
[  249.537512] AAAAA-TCP_FORW: name:enp0s3: saddr:16783984: daddr:100932208
[  249.603015] AAAAA-TCP_FORW: name:enp0s3: saddr:33561200: daddr:100932208
[  249.680843] AAAAA-TCP_FORW: name:enp0s3: saddr:16783984: daddr:100932208
[  249.702283] AAAAA-TCP_FORW: name:enp0s3: saddr:33561200: daddr:100932208
[  249.801752] AAAAA-TCP_FORW: name:enp0s3: saddr:33561200: daddr:100932208
[  251.243752] AAAAA-TCP_FORW: name:enp0s3: saddr:33561200: daddr:100932208
[  252.413423] AAAAA-TCP_FORW: name:enp0s3: saddr:33561200: daddr:100932208
[  515.978803] rfkill: input handler enabled
[  524.487171] rfkill: input handler disabled
[  744.316919] device enp0s3 left promiscuous mode
