[    0.000000] Linux version 5.4.243-mptcp (root@ztg) (gcc version 12.2.0 (Debian 12.2.0-14+deb12u1)) #53 SMP Wed Dec 24 23:28:15 CST 2025
[    0.000000] Command line: BOOT_IMAGE=/boot/vmlinuz-5.4.243-mptcp root=UUID=98415a12-53b7-4144-8265-0f7ece09e445 ro quiet splash
[    0.000000] KERNEL supported cpus:
[    0.000000]   Intel GenuineIntel
[    0.000000]   AMD AuthenticAMD
[    0.000000]   Hygon HygonGenuine
[    0.000000]   Centaur CentaurHauls
[    0.000000]   zhaoxin   Shanghai  
[    0.000000] x86/fpu: Supporting XSAVE feature 0x001: 'x87 floating point registers'
[    0.000000] x86/fpu: Supporting XSAVE feature 0x002: 'SSE registers'
[    0.000000] x86/fpu: Supporting XSAVE feature 0x004: 'AVX registers'
[    0.000000] x86/fpu: xstate_offset[2]:  576, xstate_sizes[2]:  256
[    0.000000] x86/fpu: Enabled xstate features 0x7, context size is 832 bytes, using 'standard' format.
[    0.000000] BIOS-provided physical RAM map:
[    0.000000] BIOS-e820: [mem 0x0000000000000000-0x000000000009fbff] usable
[    0.000000] BIOS-e820: [mem 0x000000000009fc00-0x000000000009ffff] reserved
[    0.000000] BIOS-e820: [mem 0x00000000000f0000-0x00000000000fffff] reserved
[    0.000000] BIOS-e820: [mem 0x0000000000100000-0x000000007ffeffff] usable
[    0.000000] BIOS-e820: [mem 0x000000007fff0000-0x000000007fffffff] ACPI data
[    0.000000] BIOS-e820: [mem 0x00000000fec00000-0x00000000fec00fff] reserved
[    0.000000] BIOS-e820: [mem 0x00000000fee00000-0x00000000fee00fff] reserved
[    0.000000] BIOS-e820: [mem 0x00000000fffc0000-0x00000000ffffffff] reserved
[    0.000000] NX (Execute Disable) protection: active
[    0.000000] SMBIOS 2.5 present.
[    0.000000] DMI: innotek GmbH VirtualBox/VirtualBox, BIOS VirtualBox 12/01/2006
[    0.000000] Hypervisor detected: KVM
[    0.000000] kvm-clock: Using msrs 4b564d01 and 4b564d00
[    0.000000] kvm-clock: cpu 0, msr 2e201001, primary cpu clock
[    0.000000] kvm-clock: using sched offset of 4427199712 cycles
[    0.000003] clocksource: kvm-clock: mask: 0xffffffffffffffff max_cycles: 0x1cd42e4dffb, max_idle_ns: 881590591483 ns
[    0.000006] tsc: Detected 2100.000 MHz processor
[    0.001873] e820: update [mem 0x00000000-0x00000fff] usable ==> reserved
[    0.001875] e820: remove [mem 0x000a0000-0x000fffff] usable
[    0.001879] last_pfn = 0x7fff0 max_arch_pfn = 0x400000000
[    0.001947] MTRR default type: uncachable
[    0.001947] MTRR fixed ranges enabled:
[    0.001949]   00000-9FFFF write-back
[    0.001949]   A0000-BFFFF uncachable
[    0.001950]   C0000-FFFFF write-protect
[    0.001951] MTRR variable ranges enabled:
[    0.001952]   0 base 000000000000 mask 3FFF80000000 write-back
[    0.001953]   1 disabled
[    0.001953]   2 disabled
[    0.001954]   3 disabled
[    0.001954]   4 disabled
[    0.001954]   5 disabled
[    0.001955]   6 disabled
[    0.001955]   7 disabled
[    0.001956]   8 disabled
[    0.001956]   9 disabled
[    0.001957]   10 disabled
[    0.001957]   11 disabled
[    0.001957]   12 disabled
[    0.001958]   13 disabled
[    0.001958]   14 disabled
[    0.001959]   15 disabled
[    0.001975] x86/PAT: Configuration [0-7]: WB  WC  UC- UC  WB  WP  UC- WT  
[    0.002110] found SMP MP-table at [mem 0x0009fff0-0x0009ffff]
[    0.091762] check: Scanning 1 areas for low memory corruption
[    0.091896] RAMDISK: [mem 0x32271000-0x3512ffff]
[    0.091905] ACPI: Early table checksum verification disabled
[    0.091911] ACPI: RSDP 0x00000000000E0000 000024 (v02 VBOX  )
[    0.091916] ACPI: XSDT 0x000000007FFF0030 00003C (v01 VBOX   VBOXXSDT 00000001 ASL  00000061)
[    0.091922] ACPI: FACP 0x000000007FFF00F0 0000F4 (v04 VBOX   VBOXFACP 00000001 ASL  00000061)
[    0.091929] ACPI: DSDT 0x000000007FFF02E0 002353 (v02 VBOX   VBOXBIOS 00000002 VBOX 00029BF3)
[    0.091933] ACPI: FACS 0x000000007FFF0200 000040
[    0.091936] ACPI: FACS 0x000000007FFF0200 000040
[    0.091940] ACPI: APIC 0x000000007FFF0240 000054 (v02 VBOX   VBOXAPIC 00000001 ASL  00000061)
[    0.091943] ACPI: SSDT 0x000000007FFF02A0 000038 (v01 VBOX   VBOXCPUT 00000002 VBOX 00029BF3)
[    0.091947] ACPI: Reserving FACP table memory at [mem 0x7fff00f0-0x7fff01e3]
[    0.091947] ACPI: Reserving DSDT table memory at [mem 0x7fff02e0-0x7fff2632]
[    0.091948] ACPI: Reserving FACS table memory at [mem 0x7fff0200-0x7fff023f]
[    0.091949] ACPI: Reserving FACS table memory at [mem 0x7fff0200-0x7fff023f]
[    0.091950] ACPI: Reserving APIC table memory at [mem 0x7fff0240-0x7fff0293]
[    0.091950] ACPI: Reserving SSDT table memory at [mem 0x7fff02a0-0x7fff02d7]
[    0.091965] ACPI: Local APIC address 0xfee00000
[    0.092149] No NUMA configuration found
[    0.092150] Faking a node at [mem 0x0000000000000000-0x000000007ffeffff]
[    0.092160] NODE_DATA(0) allocated [mem 0x7ffc5000-0x7ffeffff]
[    0.092421] Zone ranges:
[    0.092422]   DMA      [mem 0x0000000000001000-0x0000000000ffffff]
[    0.092423]   DMA32    [mem 0x0000000001000000-0x000000007ffeffff]
[    0.092424]   Normal   empty
[    0.092424]   Device   empty
[    0.092425] Movable zone start for each node
[    0.092427] Early memory node ranges
[    0.092428]   node   0: [mem 0x0000000000001000-0x000000000009efff]
[    0.092428]   node   0: [mem 0x0000000000100000-0x000000007ffeffff]
[    0.092432] Zeroed struct page in unavailable ranges: 114 pages
[    0.092433] Initmem setup node 0 [mem 0x0000000000001000-0x000000007ffeffff]
[    0.092434] On node 0 totalpages: 524174
[    0.092435]   DMA zone: 64 pages used for memmap
[    0.092436]   DMA zone: 21 pages reserved
[    0.092437]   DMA zone: 3998 pages, LIFO batch:0
[    0.092507]   DMA32 zone: 8128 pages used for memmap
[    0.092508]   DMA32 zone: 520176 pages, LIFO batch:63
[    0.101517] ACPI: PM-Timer IO Port: 0x4008
[    0.101520] ACPI: Local APIC address 0xfee00000
[    0.101587] IOAPIC[0]: apic_id 1, version 32, address 0xfec00000, GSI 0-23
[    0.101591] ACPI: INT_SRC_OVR (bus 0 bus_irq 0 global_irq 2 dfl dfl)
[    0.101593] ACPI: INT_SRC_OVR (bus 0 bus_irq 9 global_irq 9 low level)
[    0.101595] ACPI: IRQ0 used by override.
[    0.101596] ACPI: IRQ9 used by override.
[    0.101598] Using ACPI (MADT) for SMP configuration information
[    0.101605] smpboot: Allowing 1 CPUs, 0 hotplug CPUs
[    0.101627] PM: Registered nosave memory: [mem 0x00000000-0x00000fff]
[    0.101629] PM: Registered nosave memory: [mem 0x0009f000-0x0009ffff]
[    0.101629] PM: Registered nosave memory: [mem 0x000a0000-0x000effff]
[    0.101630] PM: Registered nosave memory: [mem 0x000f0000-0x000fffff]
[    0.101632] [mem 0x80000000-0xfebfffff] available for PCI devices
[    0.101633] Booting paravirtualized kernel on KVM
[    0.101635] clocksource: refined-jiffies: mask: 0xffffffff max_cycles: 0xffffffff, max_idle_ns: 7645519600211568 ns
[    0.101640] setup_percpu: NR_CPUS:8192 nr_cpumask_bits:1 nr_cpu_ids:1 nr_node_ids:1
[    0.102643] percpu: Embedded 60 pages/cpu s208896 r8192 d28672 u2097152
[    0.102648] pcpu-alloc: s208896 r8192 d28672 u2097152 alloc=1*2097152
[    0.102649] pcpu-alloc: [0] 0 
[    0.102675] Built 1 zonelists, mobility grouping on.  Total pages: 515961
[    0.102676] Policy zone: DMA32
[    0.102677] Kernel command line: BOOT_IMAGE=/boot/vmlinuz-5.4.243-mptcp root=UUID=98415a12-53b7-4144-8265-0f7ece09e445 ro quiet splash
[    0.103524] Dentry cache hash table entries: 262144 (order: 9, 2097152 bytes, linear)
[    0.103671] Inode-cache hash table entries: 131072 (order: 8, 1048576 bytes, linear)
[    0.103721] mem auto-init: stack:off, heap alloc:on, heap free:off
[    0.103724] Calgary: detecting Calgary via BIOS EBDA area
[    0.103725] Calgary: Unable to locate Rio Grande table in EBDA - bailing!
[    0.107741] Memory: 1967332K/2096696K available (14339K kernel code, 2398K rwdata, 4712K rodata, 2728K init, 17260K bss, 129364K reserved, 0K cma-reserved)
[    0.108656] SLUB: HWalign=64, Order=0-3, MinObjects=0, CPUs=1, Nodes=1
[    0.108673] ftrace: allocating 43186 entries in 169 pages
[    0.126861] rcu: Hierarchical RCU implementation.
[    0.126863] rcu: 	RCU restricting CPUs from NR_CPUS=8192 to nr_cpu_ids=1.
[    0.126864] 	Tasks RCU enabled.
[    0.126866] rcu: RCU calculated value of scheduler-enlistment delay is 25 jiffies.
[    0.126866] rcu: Adjusting geometry for rcu_fanout_leaf=16, nr_cpu_ids=1
[    0.129835] NR_IRQS: 524544, nr_irqs: 256, preallocated irqs: 16
[    0.130053] random: crng init done
[    0.139358] Console: colour VGA+ 80x25
[    0.139363] printk: console [tty0] enabled
[    0.139383] ACPI: Core revision 20190816
[    0.139478] APIC: Switch to symmetric I/O mode setup
[    0.139724] x2apic enabled
[    0.139961] Switched APIC routing to physical x2apic.
[    0.141083] ..TIMER: vector=0x30 apic1=0 pin1=2 apic2=-1 pin2=-1
[    0.141108] clocksource: tsc-early: mask: 0xffffffffffffffff max_cycles: 0x1e4530a99b6, max_idle_ns: 440795257976 ns
[    0.141113] Calibrating delay loop (skipped) preset value.. 4200.00 BogoMIPS (lpj=8400000)
[    0.141116] pid_max: default: 32768 minimum: 301
[    0.141145] LSM: Security Framework initializing
[    0.141154] Yama: becoming mindful.
[    0.141181] AppArmor: AppArmor initialized
[    0.141216] Mount-cache hash table entries: 4096 (order: 3, 32768 bytes, linear)
[    0.141221] Mountpoint-cache hash table entries: 4096 (order: 3, 32768 bytes, linear)
[    0.141232] *** VALIDATE tmpfs ***
[    0.141364] *** VALIDATE proc ***
[    0.141407] *** VALIDATE cgroup1 ***
[    0.141408] *** VALIDATE cgroup2 ***
[    0.141552] process: using mwait in idle threads
[    0.141557] Last level iTLB entries: 4KB 64, 2MB 8, 4MB 8
[    0.141558] Last level dTLB entries: 4KB 64, 2MB 0, 4MB 0, 1GB 4
[    0.141579] Spectre V1 : Mitigation: usercopy/swapgs barriers and __user pointer sanitization
[    0.141584] Spectre V2 : Mitigation: Retpolines
[    0.141585] Spectre V2 : Spectre v2 / SpectreRSB mitigation: Filling RSB on context switch
[    0.141586] Spectre V2 : Spectre v2 / SpectreRSB : Filling RSB on VMEXIT
[    0.141586] RETBleed: WARNING: Spectre v2 mitigation leaves CPU vulnerable to RETBleed attacks, data leaks possible!
[    0.141940] RETBleed: Vulnerable
[    0.141941] Speculative Store Bypass: Vulnerable
[    0.141946] TAA: Mitigation: TSX disabled
[    0.141946] MMIO Stale Data: Mitigation: Clear CPU buffers
[    0.146210] Freeing SMP alternatives memory: 40K
[    0.258697] smpboot: CPU0: Intel(R) Xeon(R) Silver 4216 CPU @ 2.10GHz (family: 0x6, model: 0x55, stepping: 0x7)
[    0.258865] Performance Events: unsupported p6 CPU model 85 no PMU driver, software events only.
[    0.258911] rcu: Hierarchical SRCU implementation.
[    0.259473] NMI watchdog: Perf NMI watchdog permanently disabled
[    0.259515] smp: Bringing up secondary CPUs ...
[    0.259516] smp: Brought up 1 node, 1 CPU
[    0.259517] smpboot: Max logical packages: 1
[    0.259518] smpboot: Total of 1 processors activated (4200.00 BogoMIPS)
[    0.260617] devtmpfs: initialized
[    0.260667] x86/mm: Memory block size: 128MB
[    0.261103] clocksource: jiffies: mask: 0xffffffff max_cycles: 0xffffffff, max_idle_ns: 7645041785100000 ns
[    0.261110] futex hash table entries: 256 (order: 2, 16384 bytes, linear)
[    0.261110] pinctrl core: initialized pinctrl subsystem
[    0.261110] PM: RTC time: 11:01:19, date: 2026-01-17
[    0.261110] NET: Registered protocol family 16
[    0.261110] audit: initializing netlink subsys (disabled)
[    0.261110] EISA bus registered
[    0.261110] cpuidle: using governor ladder
[    0.261110] cpuidle: using governor menu
[    0.261110] ACPI: bus type PCI registered
[    0.261110] acpiphp: ACPI Hot Plug PCI Controller Driver version: 0.5
[    0.261110] PCI: Using configuration type 1 for base access
[    0.262256] audit: type=2000 audit(1768618885.489:1): state=initialized audit_enabled=0 res=1
[    0.262347] HugeTLB registered 2.00 MiB page size, pre-allocated 0 pages
[    0.263310] ACPI: Added _OSI(Module Device)
[    0.263311] ACPI: Added _OSI(Processor Device)
[    0.263312] ACPI: Added _OSI(3.0 _SCP Extensions)
[    0.263313] ACPI: Added _OSI(Processor Aggregator Device)
[    0.263314] ACPI: Added _OSI(Linux-Dell-Video)
[    0.263315] ACPI: Added _OSI(Linux-Lenovo-NV-HDMI-Audio)
[    0.263316] ACPI: Added _OSI(Linux-HPI-Hybrid-Graphics)
[    0.265485] ACPI: 2 ACPI AML tables successfully acquired and loaded
[    0.267180] ACPI: Interpreter enabled
[    0.267192] ACPI: (supports S0 S5)
[    0.267193] ACPI: Using IOAPIC for interrupt routing
[    0.267433] PCI: Using host bridge windows from ACPI; if necessary, use "pci=nocrs" and report a bug
[    0.267551] ACPI: Enabled 2 GPEs in block 00 to 07
[    0.272962] ACPI: PCI Root Bridge [PCI0] (domain 0000 [bus 00-ff])
[    0.272968] acpi PNP0A03:00: _OSC: OS supports [ASPM ClockPM Segments MSI HPX-Type3]
[    0.273527] acpi PNP0A03:00: _OSC: not requesting OS control; OS requires [ExtendedConfig ASPM ClockPM MSI]
[    0.273536] acpi PNP0A03:00: fail to add MMCONFIG information, can't access extended PCI configuration space under this bridge.
[    0.273941] PCI host bridge to bus 0000:00
[    0.273944] pci_bus 0000:00: root bus resource [io  0x0000-0x0cf7 window]
[    0.273945] pci_bus 0000:00: root bus resource [io  0x0d00-0xffff window]
[    0.273946] pci_bus 0000:00: root bus resource [mem 0x000a0000-0x000bffff window]
[    0.273947] pci_bus 0000:00: root bus resource [mem 0x80000000-0xfdffffff window]
[    0.273949] pci_bus 0000:00: root bus resource [bus 00-ff]
[    0.273992] pci 0000:00:00.0: [8086:1237] type 00 class 0x060000
[    0.275015] pci 0000:00:01.0: [8086:7000] type 00 class 0x060100
[    0.275799] pci 0000:00:01.1: [8086:7111] type 00 class 0x01018a
[    0.276186] pci 0000:00:01.1: reg 0x20: [io  0xd000-0xd00f]
[    0.276358] pci 0000:00:01.1: legacy IDE quirk: reg 0x10: [io  0x01f0-0x01f7]
[    0.276360] pci 0000:00:01.1: legacy IDE quirk: reg 0x14: [io  0x03f6]
[    0.276361] pci 0000:00:01.1: legacy IDE quirk: reg 0x18: [io  0x0170-0x0177]
[    0.276363] pci 0000:00:01.1: legacy IDE quirk: reg 0x1c: [io  0x0376]
[    0.276970] pci 0000:00:02.0: [15ad:0405] type 00 class 0x030000
[    0.280531] pci 0000:00:02.0: reg 0x10: [io  0xd010-0xd01f]
[    0.283407] pci 0000:00:02.0: reg 0x14: [mem 0xe0000000-0xe7ffffff pref]
[    0.285156] pci 0000:00:02.0: reg 0x18: [mem 0xf0000000-0xf01fffff]
[    0.297914] pci 0000:00:03.0: [1022:2000] type 00 class 0x020000
[    0.298593] pci 0000:00:03.0: reg 0x10: [io  0xd020-0xd03f]
[    0.299200] pci 0000:00:03.0: reg 0x14: [mem 0xf0200000-0xf0200fff]
[    0.305251] pci 0000:00:04.0: [80ee:cafe] type 00 class 0x088000
[    0.305922] pci 0000:00:04.0: reg 0x10: [io  0xd040-0xd05f]
[    0.306528] pci 0000:00:04.0: reg 0x14: [mem 0xf0400000-0xf07fffff]
[    0.307137] pci 0000:00:04.0: reg 0x18: [mem 0xf0800000-0xf0803fff pref]
[    0.310478] pci 0000:00:07.0: [8086:7113] type 00 class 0x068000
[    0.311005] pci 0000:00:07.0: quirk: [io  0x4000-0x403f] claimed by PIIX4 ACPI
[    0.311015] pci 0000:00:07.0: quirk: [io  0x4100-0x410f] claimed by PIIX4 SMB
[    0.311620] pci 0000:00:08.0: [8086:100e] type 00 class 0x020000
[    0.312375] pci 0000:00:08.0: reg 0x10: [mem 0xf0820000-0xf083ffff]
[    0.313228] pci 0000:00:08.0: reg 0x18: [io  0xd060-0xd067]
[    0.317173] pci 0000:00:09.0: [8086:100e] type 00 class 0x020000
[    0.317896] pci 0000:00:09.0: reg 0x10: [mem 0xf0840000-0xf085ffff]
[    0.319049] pci 0000:00:09.0: reg 0x18: [io  0xd068-0xd06f]
[    0.329797] ACPI: PCI Interrupt Link [LNKA] (IRQs 5 9 10 *11)
[    0.330080] ACPI: PCI Interrupt Link [LNKB] (IRQs 5 9 *10 11)
[    0.330185] ACPI: PCI Interrupt Link [LNKC] (IRQs 5 *9 10 11)
[    0.330288] ACPI: PCI Interrupt Link [LNKD] (IRQs 5 9 10 *11)
[    0.330559] iommu: Default domain type: Translated 
[    0.330618] pci 0000:00:02.0: vgaarb: setting as boot VGA device
[    0.330620] pci 0000:00:02.0: vgaarb: VGA device added: decodes=io+mem,owns=io+mem,locks=none
[    0.330622] pci 0000:00:02.0: vgaarb: bridge control possible
[    0.330623] vgaarb: loaded
[    0.330836] SCSI subsystem initialized
[    0.330868] libata version 3.00 loaded.
[    0.330890] ACPI: bus type USB registered
[    0.330906] usbcore: registered new interface driver usbfs
[    0.330912] usbcore: registered new interface driver hub
[    0.330917] usbcore: registered new device driver usb
[    0.330944] pps_core: LinuxPPS API ver. 1 registered
[    0.330945] pps_core: Software ver. 5.3.6 - Copyright 2005-2007 Rodolfo Giometti <giometti@linux.it>
[    0.330947] PTP clock support registered
[    0.330986] EDAC MC: Ver: 3.0.0
[    0.331266] PCI: Using ACPI for IRQ routing
[    0.331268] PCI: pci_cache_line_size set to 64 bytes
[    0.331438] e820: reserve RAM buffer [mem 0x0009fc00-0x0009ffff]
[    0.331442] e820: reserve RAM buffer [mem 0x7fff0000-0x7fffffff]
[    0.332236] NetLabel: Initializing
[    0.332236] NetLabel:  domain hash size = 128
[    0.332237] NetLabel:  protocols = UNLABELED CIPSOv4 CALIPSO
[    0.332256] NetLabel:  unlabeled traffic allowed by default
[    0.333110] clocksource: Switched to clocksource kvm-clock
[    0.343591] *** VALIDATE bpf ***
[    0.343658] VFS: Disk quotas dquot_6.6.0
[    0.343671] VFS: Dquot-cache hash table entries: 512 (order 0, 4096 bytes)
[    0.343694] *** VALIDATE ramfs ***
[    0.343698] *** VALIDATE hugetlbfs ***
[    0.343780] AppArmor: AppArmor Filesystem Enabled
[    0.343808] pnp: PnP ACPI init
[    0.343880] pnp 00:00: Plug and Play ACPI device, IDs PNP0303 (active)
[    0.343969] pnp 00:01: Plug and Play ACPI device, IDs PNP0f03 (active)
[    0.344714] pnp: PnP ACPI: found 2 devices
[    0.345710] thermal_sys: Registered thermal governor 'fair_share'
[    0.345711] thermal_sys: Registered thermal governor 'bang_bang'
[    0.345712] thermal_sys: Registered thermal governor 'step_wise'
[    0.345712] thermal_sys: Registered thermal governor 'user_space'
[    0.345713] thermal_sys: Registered thermal governor 'power_allocator'
[    0.350243] clocksource: acpi_pm: mask: 0xffffff max_cycles: 0xffffff, max_idle_ns: 2085701024 ns
[    0.350285] pci_bus 0000:00: resource 4 [io  0x0000-0x0cf7 window]
[    0.350286] pci_bus 0000:00: resource 5 [io  0x0d00-0xffff window]
[    0.350287] pci_bus 0000:00: resource 6 [mem 0x000a0000-0x000bffff window]
[    0.350289] pci_bus 0000:00: resource 7 [mem 0x80000000-0xfdffffff window]
[    0.350349] NET: Registered protocol family 2
[    0.350425] IP idents hash table entries: 32768 (order: 6, 262144 bytes, linear)
[    0.350841] MPTCP tokens hash table entries: 8192 (order: 4, 65536 bytes, linear)
[    0.350861] MPTCP request tokens hash table entries: 8192 (order: 4, 65536 bytes, linear)
[    0.350886] default registered
[    0.350887] default registered
[    0.350887] MPTCP: Stable release v0.96
[    0.350892] tcp_listen_portaddr_hash hash table entries: 1024 (order: 2, 16384 bytes, linear)
[    0.350973] TCP established hash table entries: 16384 (order: 5, 131072 bytes, linear)
[    0.351039] TCP bind hash table entries: 16384 (order: 6, 262144 bytes, linear)
[    0.351064] TCP: Hash tables configured (established 16384 bind 16384)
[    0.351800] UDP hash table entries: 1024 (order: 3, 32768 bytes, linear)
[    0.351812] UDP-Lite hash table entries: 1024 (order: 3, 32768 bytes, linear)
[    0.351849] NET: Registered protocol family 1
[    0.351858] NET: Registered protocol family 44
[    0.351880] pci 0000:00:00.0: Limiting direct PCI/PCI transfers
[    0.351892] pci 0000:00:01.0: Activating ISA DMA hang workarounds
[    0.351950] pci 0000:00:02.0: Video device with shadowed ROM at [mem 0x000c0000-0x000dffff]
[    0.352013] PCI: CLS 0 bytes, default 64
[    0.352062] Trying to unpack rootfs image as initramfs...
[    0.523883] Freeing initrd memory: 47868K
[    0.523883] clocksource: tsc: mask: 0xffffffffffffffff max_cycles: 0x1e4530a99b6, max_idle_ns: 440795257976 ns
[    0.523883] clocksource: Switched to clocksource tsc
[    0.523883] platform rtc_cmos: registered platform RTC device (no PNP device found)
[    0.523883] check: Scanning for low memory corruption every 60 seconds
[    0.523883] Initialise system trusted keyrings
[    0.523883] Key type blacklist registered
[    0.523883] workingset: timestamp_bits=36 max_order=19 bucket_order=0
[    0.523883] zbud: loaded
[    0.523883] squashfs: version 4.0 (2009/01/31) Phillip Lougher
[    0.523883] fuse: init (API version 7.31)
[    0.523883] *** VALIDATE fuse ***
[    0.523883] *** VALIDATE fuse ***
[    0.523883] Platform Keyring initialized
[    0.523883] Key type asymmetric registered
[    0.523883] Asymmetric key parser 'x509' registered
[    0.523883] Block layer SCSI generic (bsg) driver version 0.4 loaded (major 244)
[    0.523883] io scheduler mq-deadline registered
[    0.523883] shpchp: Standard Hot Plug PCI Controller Driver version: 0.4
[    0.537866] ACPI: AC Adapter [AC] (on-line)
[    0.537912] input: Power Button as /devices/LNXSYSTM:00/LNXPWRBN:00/input/input0
[    0.537939] ACPI: Power Button [PWRF]
[    0.538024] input: Sleep Button as /devices/LNXSYSTM:00/LNXSLPBN:00/input/input1
[    0.538039] ACPI: Sleep Button [SLPF]
[    0.538304] Serial: 8250/16550 driver, 32 ports, IRQ sharing enabled
[    0.539443] Linux agpgart interface v0.103
[    0.638663] loop: module loaded
[    0.638825] ata_piix 0000:00:01.1: version 2.13
[    0.639263] scsi host0: ata_piix
[    0.639357] scsi host1: ata_piix
[    0.639383] ata1: PATA max UDMA/33 cmd 0x1f0 ctl 0x3f6 bmdma 0xd000 irq 14
[    0.639384] ata2: PATA max UDMA/33 cmd 0x170 ctl 0x376 bmdma 0xd008 irq 15
[    0.639468] tun: Universal TUN/TAP device driver, 1.6
[    0.639767] PPP generic driver version 2.4.2
[    0.639811] VFIO - User Level meta-driver version: 0.3
[    0.640044] ehci_hcd: USB 2.0 'Enhanced' Host Controller (EHCI) Driver
[    0.640049] ehci-pci: EHCI PCI platform driver
[    0.640064] ehci-platform: EHCI generic platform driver
[    0.640069] ohci_hcd: USB 1.1 'Open' Host Controller (OHCI) Driver
[    0.640071] ohci-pci: OHCI PCI platform driver
[    0.640077] ohci-platform: OHCI generic platform driver
[    0.640082] uhci_hcd: USB Universal Host Controller Interface driver
[    0.640149] i8042: PNP: PS/2 Controller [PNP0303:PS2K,PNP0f03:PS2M] at 0x60,0x64 irq 1,12
[    0.640584] serio: i8042 KBD port at 0x60,0x64 irq 1
[    0.640588] serio: i8042 AUX port at 0x60,0x64 irq 12
[    0.640675] mousedev: PS/2 mouse device common for all mice
[    0.640927] input: AT Translated Set 2 keyboard as /devices/platform/i8042/serio0/input/input2
[    0.641337] rtc_cmos rtc_cmos: registered as rtc0
[    0.641349] rtc_cmos rtc_cmos: alarms up to one day, 114 bytes nvram
[    0.641355] i2c /dev entries driver
[    0.641399] device-mapper: uevent: version 1.0.3
[    0.641443] device-mapper: ioctl: 4.41.0-ioctl (2019-09-16) initialised: dm-devel@redhat.com
[    0.641459] platform eisa.0: Probing EISA bus 0
[    0.641460] platform eisa.0: EISA: Cannot allocate resource for mainboard
[    0.641462] platform eisa.0: Cannot allocate resource for EISA slot 1
[    0.641463] platform eisa.0: Cannot allocate resource for EISA slot 2
[    0.641464] platform eisa.0: Cannot allocate resource for EISA slot 3
[    0.641465] platform eisa.0: Cannot allocate resource for EISA slot 4
[    0.641466] platform eisa.0: Cannot allocate resource for EISA slot 5
[    0.641467] platform eisa.0: Cannot allocate resource for EISA slot 6
[    0.641468] platform eisa.0: Cannot allocate resource for EISA slot 7
[    0.641469] platform eisa.0: Cannot allocate resource for EISA slot 8
[    0.641470] platform eisa.0: EISA: Detected 0 cards
[    0.641472] intel_pstate: CPU model not supported
[    0.641481] ledtrig-cpu: registered to indicate activity on CPUs
[    0.641539] drop_monitor: Initializing network drop monitor service
[    0.641698] NET: Registered protocol family 10
[    0.646847] Segment Routing with IPv6
[    0.646876] fullmesh registered
[    0.646877] ndiffports registered
[    0.646879] binder registered
[    0.646880] roundrobin registered
[    0.646881] redundant registered
[    0.646881] blest registered
[    0.646882] ecf registered
[    0.646883] NET: Registered protocol family 17
[    0.646914] Key type dns_resolver registered
[    0.647016] RAS: Correctable Errors collector initialized.
[    0.647030] IPI shorthand broadcast: enabled
[    0.647045] sched_clock: Marking stable (632157716, 11067456)->(647089127, -3863955)
[    0.647090] registered taskstats version 1
[    0.647100] Loading compiled-in X.509 certificates
[    0.647691] Loaded X.509 cert 'Build time autogenerated kernel key: 6909f3744cebb3d0de528d5887b96a727de79b1e'
[    0.647709] zswap: loaded using pool lzo/zbud
[    0.647763] Key type ._fscrypt registered
[    0.647763] Key type .fscrypt registered
[    0.652186] Key type big_key registered
[    0.654387] Key type encrypted registered
[    0.654389] AppArmor: AppArmor sha1 policy hashing enabled
[    0.654396] ima: No TPM chip found, activating TPM-bypass!
[    0.654401] ima: Allocated hash algorithm: sha1
[    0.654406] ima: No architecture policies found
[    0.654415] evm: Initialising EVM extended attributes:
[    0.654416] evm: security.selinux
[    0.654416] evm: security.SMACK64
[    0.654417] evm: security.SMACK64EXEC
[    0.654417] evm: security.SMACK64TRANSMUTE
[    0.654418] evm: security.SMACK64MMAP
[    0.654418] evm: security.apparmor
[    0.654419] evm: security.ima
[    0.654419] evm: security.capability
[    0.654420] evm: HMAC attrs: 0x1
[    0.654714] PM:   Magic number: 10:373:24
[    0.654717] misc cpu_dma_latency: hash matches
[    0.654829] rtc_cmos rtc_cmos: setting system clock to 2026-01-17T11:01:20 UTC (1768647680)
[    0.812318] ata1.00: ATA-6: VBOX HARDDISK, 1.0, max UDMA/133
[    0.812322] ata1.00: 209715200 sectors, multi 128: LBA 
[    0.813458] scsi 0:0:0:0: Direct-Access     ATA      VBOX HARDDISK    1.0  PQ: 0 ANSI: 5
[    0.813743] sd 0:0:0:0: [sda] 209715200 512-byte logical blocks: (107 GB/100 GiB)
[    0.813755] sd 0:0:0:0: [sda] Write Protect is off
[    0.813758] sd 0:0:0:0: [sda] Mode Sense: 00 3a 00 00
[    0.813777] sd 0:0:0:0: [sda] Write cache: enabled, read cache: enabled, doesn't support DPO or FUA
[    0.814087] sd 0:0:0:0: Attached scsi generic sg0 type 0
[    0.815013]  sda: sda1 sda2
[    0.823265] sd 0:0:0:0: [sda] Attached SCSI disk
[    0.826403] Freeing unused decrypted memory: 2040K
[    0.827337] Freeing unused kernel image memory: 2728K
[    0.827340] Write protecting the kernel read-only data: 22528k
[    0.828314] Freeing unused kernel image memory: 2036K
[    0.828853] Freeing unused kernel image memory: 1432K
[    0.853794] x86/mm: Checked W+X mappings: passed, no W+X pages found.
[    0.853798] Run /init as init process
[    0.960952] ACPI: Video Device [GFX0] (multi-head: yes  rom: no  post: no)
[    0.961027] input: Video Bus as /devices/LNXSYSTM:00/LNXSYBUS:00/PNP0A03:00/LNXVIDEO:00/input/input4
[    0.973882] pcnet32: pcnet32.c:v1.35 21.Apr.2008 tsbogend@alpha.franken.de
[    0.974656] pcnet32: PCnet/FAST III 79C973 at 0xd020, 08:00:27:5e:ba:18 assigned IRQ 19
[    0.974698] pcnet32: Found PHY 0022:561b at address 0
[    0.975002] pcnet32: eth0: registered as PCnet/FAST III 79C973
[    0.975429] pcnet32: 1 cards_found
[    0.977167] piix4_smbus 0000:00:07.0: SMBus Host Controller at 0x4100, revision 0
[    0.980766] e1000: Intel(R) PRO/1000 Network Driver - version 7.3.21-k8-NAPI
[    0.980767] e1000: Copyright (c) 1999-2006 Intel Corporation.
[    1.051928] pcnet32 0000:00:03.0 enp0s3: renamed from eth0
[    1.193674] input: ImExPS/2 Generic Explorer Mouse as /devices/platform/i8042/serio1/input/input5
[    1.387380] e1000 0000:00:08.0 eth0: (PCI:33MHz:32-bit) 08:00:27:2a:7d:66
[    1.387385] e1000 0000:00:08.0 eth0: Intel(R) PRO/1000 Network Connection
[    1.759515] e1000 0000:00:09.0 eth1: (PCI:33MHz:32-bit) 08:00:27:a3:d2:6e
[    1.759517] e1000 0000:00:09.0 eth1: Intel(R) PRO/1000 Network Connection
[    1.760687] e1000 0000:00:09.0 enp0s9: renamed from eth1
[    1.762478] e1000 0000:00:08.0 enp0s8: renamed from eth0
[    1.916166] EXT4-fs (sda2): mounted filesystem with ordered data mode. Opts: (null)
[    2.017582] systemd[1]: Inserted module 'autofs4'
[    2.031740] systemd[1]: systemd 245.4-4ubuntu3 running in system mode. (+PAM +AUDIT +SELINUX +IMA +APPARMOR +SMACK +SYSVINIT +UTMP +LIBCRYPTSETUP +GCRYPT +GNUTLS +ACL +XZ +LZ4 +SECCOMP +BLKID +ELFUTILS +KMOD +IDN2 -IDN +PCRE2 default-hierarchy=hybrid)
[    2.031774] systemd[1]: Detected virtualization oracle.
[    2.031777] systemd[1]: Detected architecture x86-64.
[    2.033085] systemd[1]: Set hostname to <ztg>.
[    2.162246] systemd[1]: /lib/systemd/system/dbus.socket:5: ListenStream= references a path below legacy directory /var/run/, updating /var/run/dbus/system_bus_socket â†’ /run/dbus/system_bus_socket; please update the unit file accordingly.
[    2.216305] systemd[1]: Created slice system-modprobe.slice.
[    2.216492] systemd[1]: Created slice User and Session Slice.
[    2.216538] systemd[1]: Started Forward Password Requests to Wall Directory Watch.
[    2.216696] systemd[1]: Set up automount Arbitrary Executable File Formats File System Automount Point.
[    2.216732] systemd[1]: Reached target User and Group Name Lookups.
[    2.216740] systemd[1]: Reached target Remote File Systems.
[    2.216749] systemd[1]: Reached target Slices.
[    2.217334] systemd[1]: Listening on Syslog Socket.
[    2.217403] systemd[1]: Listening on fsck to fsckd communication Socket.
[    2.217441] systemd[1]: Listening on initctl Compatibility Named Pipe.
[    2.217579] systemd[1]: Listening on Journal Audit Socket.
[    2.217635] systemd[1]: Listening on Journal Socket (/dev/log).
[    2.217702] systemd[1]: Listening on Journal Socket.
[    2.217766] systemd[1]: Listening on udev Control Socket.
[    2.217806] systemd[1]: Listening on udev Kernel Socket.
[    2.218565] systemd[1]: Mounting Huge Pages File System...
[    2.219535] systemd[1]: Mounting POSIX Message Queue File System...
[    2.220426] systemd[1]: Mounting Kernel Debug File System...
[    2.221263] systemd[1]: Mounting Kernel Trace File System...
[    2.223182] systemd[1]: Starting Journal Service...
[    2.250090] systemd[1]: Starting Set the console keyboard layout...
[    2.252515] systemd[1]: Starting Create list of static device nodes for the current kernel...
[    2.257944] systemd[1]: Starting Load Kernel Module drm...
[    2.263494] systemd[1]: Condition check resulted in Set Up Additional Binary Formats being skipped.
[    2.263556] systemd[1]: Condition check resulted in File System Check on Root Device being skipped.
[    2.272045] systemd[1]: Starting Load Kernel Modules...
[    2.276896] systemd[1]: Starting Remount Root and Kernel File Systems...
[    2.284985] systemd[1]: Starting udev Coldplug all Devices...
[    2.308047] systemd[1]: Starting Uncomplicated firewall...
[    2.322403] systemd[1]: Mounted Huge Pages File System.
[    2.322494] systemd[1]: Mounted POSIX Message Queue File System.
[    2.322567] systemd[1]: Mounted Kernel Debug File System.
[    2.322677] systemd[1]: Mounted Kernel Trace File System.
[    2.323046] EXT4-fs (sda2): re-mounted. Opts: errors=remount-ro
[    2.326243] systemd[1]: Finished Create list of static device nodes for the current kernel.
[    2.327176] systemd[1]: modprobe@drm.service: Succeeded.
[    2.350124] systemd[1]: Finished Load Kernel Module drm.
[    2.350577] systemd[1]: Finished Remount Root and Kernel File Systems.
[    2.352142] systemd[1]: Finished Uncomplicated firewall.
[    2.370065] lp: driver loaded but no devices found
[    2.371428] systemd[1]: Condition check resulted in Rebuild Hardware Database being skipped.
[    2.371480] systemd[1]: Condition check resulted in Platform Persistent Storage Archival being skipped.
[    2.372242] systemd[1]: Starting Load/Save Random Seed...
[    2.378019] systemd[1]: Starting Create System Users...
[    2.389931] systemd[1]: Finished Load/Save Random Seed.
[    2.390494] ppdev: user-space parallel port driver
[    2.397022] systemd[1]: Finished Create System Users.
[    2.397811] systemd[1]: Starting Create Static Device Nodes in /dev...
[    2.434622] systemd[1]: Finished Create Static Device Nodes in /dev.
[    2.435557] systemd[1]: Starting udev Kernel Device Manager...
[    2.472579] systemd[1]: Finished udev Coldplug all Devices.
[    2.476765] [drm] DMA map mode: Caching DMA mappings.
[    2.476828] [drm] Capabilities:
[    2.476829] [drm]   Rect copy.
[    2.476829] [drm]   Cursor.
[    2.476829] [drm]   Cursor bypass.
[    2.476830] [drm]   Cursor bypass 2.
[    2.476830] [drm]   Alpha cursor.
[    2.476831] [drm]   Extended Fifo.
[    2.476831] [drm]   Pitchlock.
[    2.476831] [drm]   Irq mask.
[    2.476832] [drm]   GMR.
[    2.476832] [drm]   Traces.
[    2.476832] [drm]   GMR2.
[    2.476833] [drm]   Screen Object 2.
[    2.476833] [drm]   Command Buffers.
[    2.476833] [drm]   Command Buffers 2.
[    2.476834] [drm]   Guest Backed Resources.
[    2.476835] [drm] Max GMR ids is 8192
[    2.476835] [drm] Max number of GMR pages is 1048576
[    2.476836] [drm] Max dedicated hypervisor surface memory is 393216 kiB
[    2.476836] [drm] Maximum display memory size is 131072 kiB
[    2.476837] [drm] VRAM at 0xe0000000 size is 131072 kiB
[    2.476838] [drm] MMIO at 0xf0000000 size is 2048 kiB
[    2.478055] [TTM] Zone  kernel: Available graphics memory: 1011738 KiB
[    2.478055] [TTM] Initializing pool allocator
[    2.478059] [TTM] Initializing DMA pool allocator
[    2.478090] [drm] Supports vblank timestamp caching Rev 2 (21.10.2013).
[    2.478091] [drm] No driver support for vblank timestamp query.
[    2.478349] [drm] Screen Target Display device initialized
[    2.478581] [drm] width 720
[    2.478594] [drm] height 400
[    2.478597] [drm] bpp 32
[    2.479149] [drm] Fifo max 0x00200000 min 0x00001000 cap 0x00000355
[    2.481008] [drm] Using command buffers with DMA pool.
[    2.481011] [drm] DX: no.
[    2.481012] [drm] Atomic: yes.
[    2.481012] [drm] SM4_1: no.
[    2.481031] [drm:vmw_host_log [vmwgfx]] *ERROR* Failed to send host log message.
[    2.481957] [drm:vmw_host_log [vmwgfx]] *ERROR* Failed to send host log message.
[    2.494577] fbcon: svgadrmfb (fb0) is primary device
[    2.517047] Console: switching to colour frame buffer device 100x37
[    2.518195] [drm] Initialized vmwgfx 2.15.0 20180704 for 0000:00:02.0 on minor 0
[    2.524944] systemd[1]: Finished Load Kernel Modules.
[    2.525992] systemd[1]: Mounting FUSE Control File System...
[    2.531453] systemd[1]: Mounting Kernel Configuration File System...
[    2.538297] systemd[1]: Starting Apply Kernel Variables...
[    2.539442] systemd[1]: Mounted FUSE Control File System.
[    2.539532] systemd[1]: Condition check resulted in VMware vmblock fuse mount being skipped.
[    2.554321] systemd[1]: Mounted Kernel Configuration File System.
[    2.559368] systemd[1]: Finished Set the console keyboard layout.
[    2.559498] systemd[1]: Reached target Local File Systems (Pre).
[    2.562270] systemd[1]: Mounting Mount unit for bare, revision 5...
[    2.564371] systemd[1]: Mounting Mount unit for core18, revision 1705...
[    2.571316] systemd[1]: Mounting Mount unit for gnome-3-34-1804, revision 24...
[    2.599983] systemd[1]: Mounting Mount unit for gtk-common-themes, revision 1506...
[    2.608160] systemd[1]: Mounting Mount unit for gtk-common-themes, revision 1535...
[    2.611900] systemd[1]: Mounting Mount unit for snap-store, revision 433...
[    2.620637] systemd[1]: Mounting Mount unit for snapd, revision 25935...
[    2.628264] systemd[1]: Finished Apply Kernel Variables.
[    2.655505] systemd[1]: Mounted Mount unit for bare, revision 5.
[    2.655602] systemd[1]: Mounted Mount unit for core18, revision 1705.
[    2.655681] systemd[1]: Mounted Mount unit for gnome-3-34-1804, revision 24.
[    2.662344] systemd[1]: Started udev Kernel Device Manager.
[    2.665480] systemd[1]: Starting Show Plymouth Boot Screen...
[    2.688655] systemd[1]: Mounted Mount unit for gtk-common-themes, revision 1506.
[    2.688753] systemd[1]: Received SIGRTMIN+20 from PID 280 (plymouthd).
[    2.719667] systemd[1]: Started Show Plymouth Boot Screen.
[    2.719959] systemd[1]: Condition check resulted in Dispatch Password Requests to Console Directory Watch being skipped.
[    2.720062] systemd[1]: Started Forward Password Requests to Plymouth Directory Watch.
[    2.720133] systemd[1]: Reached target Local Encrypted Volumes.
[    2.755666] systemd[1]: Mounted Mount unit for gtk-common-themes, revision 1535.
[    2.755942] systemd[1]: Mounted Mount unit for snap-store, revision 433.
[    2.756119] systemd[1]: Mounted Mount unit for snapd, revision 25935.
[    2.756266] systemd[1]: Reached target Local File Systems.
[    2.758947] systemd[1]: Starting Load AppArmor profiles...
[    2.765014] systemd[1]: Starting Set console font and keymap...
[    2.773546] systemd[1]: Starting Tell Plymouth To Write Out Runtime Data...
[    2.776709] systemd[1]: Condition check resulted in Store a System Token in an EFI Variable being skipped.
[    2.776744] systemd[1]: Condition check resulted in Commit a transient machine-id on disk being skipped.
[    2.780120] systemd[1]: Finished Set console font and keymap.
[    2.790174] systemd[1]: Received SIGRTMIN+20 from PID 280 (plymouthd).
[    2.795253] systemd[1]: plymouth-read-write.service: Succeeded.
[    2.795495] systemd[1]: Finished Tell Plymouth To Write Out Runtime Data.
[    2.818018] audit: type=1400 audit(1768647682.660:2): apparmor="STATUS" operation="profile_load" profile="unconfined" name="nvidia_modprobe" pid=300 comm="apparmor_parser"
[    2.818020] audit: type=1400 audit(1768647682.660:3): apparmor="STATUS" operation="profile_load" profile="unconfined" name="nvidia_modprobe//kmod" pid=300 comm="apparmor_parser"
[    2.825661] audit: type=1400 audit(1768647682.668:4): apparmor="STATUS" operation="profile_load" profile="unconfined" name="/usr/sbin/tcpdump" pid=301 comm="apparmor_parser"
[    2.875356] audit: type=1400 audit(1768647682.708:5): apparmor="STATUS" operation="profile_load" profile="unconfined" name="/usr/bin/evince" pid=303 comm="apparmor_parser"
[    2.875359] audit: type=1400 audit(1768647682.708:6): apparmor="STATUS" operation="profile_load" profile="unconfined" name="/usr/bin/evince//sanitized_helper" pid=303 comm="apparmor_parser"
[    2.875362] audit: type=1400 audit(1768647682.708:7): apparmor="STATUS" operation="profile_load" profile="unconfined" name="/usr/bin/evince-previewer" pid=303 comm="apparmor_parser"
[    2.875363] audit: type=1400 audit(1768647682.708:8): apparmor="STATUS" operation="profile_load" profile="unconfined" name="/usr/bin/evince-previewer//sanitized_helper" pid=303 comm="apparmor_parser"
[    2.875365] audit: type=1400 audit(1768647682.708:9): apparmor="STATUS" operation="profile_load" profile="unconfined" name="/usr/bin/evince-thumbnailer" pid=303 comm="apparmor_parser"
[    2.895978] audit: type=1400 audit(1768647682.736:10): apparmor="STATUS" operation="profile_load" profile="unconfined" name="/usr/lib/cups/backend/cups-pdf" pid=304 comm="apparmor_parser"
[    2.969173] systemd[1]: Finished Load AppArmor profiles.
[    2.970142] systemd[1]: Starting Load AppArmor profiles managed internally by snapd...
[    3.093717] systemd[1]: Finished Load AppArmor profiles managed internally by snapd.
[    3.250569] systemd[1]: Started Journal Service.
[    3.261474] systemd-journald[229]: Received client request to flush runtime journal.
[    4.611109] RAPL PMU: API unit is 2^-32 Joules, 0 fixed counters, 10737418240 ms ovfl timer
[    4.674681] cryptd: max_cpu_qlen set to 1000
[    4.734535] AVX2 version of gcm_enc/dec engaged.
[    4.734537] AES CTR mode by8 optimization enabled
[    6.502760] Adding 1998844k swap on /dev/sda1.  Priority:-2 extents:1 across:1998844k FS
[    8.441525] kauditd_printk_skb: 30 callbacks suppressed
[    8.441527] audit: type=1400 audit(1768647688.280:41): apparmor="DENIED" operation="capable" profile="/usr/sbin/cups-browsed" pid=509 comm="cups-browsed" capability=23  capname="sys_nice"
[    9.070552] pcnet32 0000:00:03.0 enp0s3: link up, 100Mbps, full-duplex
[    9.117336] e1000: enp0s8 NIC Link is Up 1000 Mbps Full Duplex, Flow Control: RX
[    9.118279] IPv6: ADDRCONF(NETDEV_CHANGE): enp0s8: link becomes ready
[    9.145589] e1000: enp0s9 NIC Link is Up 1000 Mbps Full Duplex, Flow Control: RX
[    9.145889] IPv6: ADDRCONF(NETDEV_CHANGE): enp0s9: link becomes ready
[    9.798434] device enp0s3 entered promiscuous mode
[    9.838170] audit: type=1400 audit(1768647689.672:42): apparmor="DENIED" operation="open" profile="/usr/sbin/tcpdump" name="/proc/sys/kernel/random/boot_id" pid=671 comm="tcpdump" requested_mask="r" denied_mask="r" fsuid=0 ouid=0
[    9.838384] audit: type=1400 audit(1768647689.672:43): apparmor="DENIED" operation="open" profile="/usr/sbin/tcpdump" name="/proc/sys/kernel/random/boot_id" pid=671 comm="tcpdump" requested_mask="r" denied_mask="r" fsuid=0 ouid=0
[    9.838435] audit: type=1400 audit(1768647689.672:44): apparmor="DENIED" operation="open" profile="/usr/sbin/tcpdump" name="/proc/sys/kernel/random/boot_id" pid=671 comm="tcpdump" requested_mask="r" denied_mask="r" fsuid=0 ouid=0
[    9.839836] audit: type=1400 audit(1768647689.672:45): apparmor="DENIED" operation="open" profile="/usr/sbin/tcpdump" name="/proc/sys/kernel/random/boot_id" pid=671 comm="tcpdump" requested_mask="r" denied_mask="r" fsuid=0 ouid=0
[    9.846679] audit: type=1400 audit(1768647689.684:46): apparmor="DENIED" operation="open" profile="/usr/sbin/tcpdump" name="/proc/sys/kernel/random/boot_id" pid=672 comm="tcpdump" requested_mask="r" denied_mask="r" fsuid=0 ouid=0
[    9.846840] audit: type=1400 audit(1768647689.684:47): apparmor="DENIED" operation="open" profile="/usr/sbin/tcpdump" name="/proc/sys/kernel/random/boot_id" pid=672 comm="tcpdump" requested_mask="r" denied_mask="r" fsuid=0 ouid=0
[    9.846879] audit: type=1400 audit(1768647689.684:48): apparmor="DENIED" operation="open" profile="/usr/sbin/tcpdump" name="/proc/sys/kernel/random/boot_id" pid=672 comm="tcpdump" requested_mask="r" denied_mask="r" fsuid=0 ouid=0
[    9.846931] audit: type=1400 audit(1768647689.684:49): apparmor="DENIED" operation="open" profile="/usr/sbin/tcpdump" name="/proc/sys/kernel/random/boot_id" pid=672 comm="tcpdump" requested_mask="r" denied_mask="r" fsuid=0 ouid=0
[   15.747406] rfkill: input handler disabled
[  218.853613] AAAAA-TCP_FORW: name:enp0s3: saddr:33561200: daddr:100932208
[  218.972824] AAAAA-TCP_FORW: name:enp0s3: saddr:33561200: daddr:100932208
[  219.156618] AAAAA-TCP_FORW: name:enp0s3: saddr:33561200: daddr:100932208
[  219.297793] AAAAA-TCP_FORW: name:enp0s3: saddr:33561200: daddr:100932208
[  219.480510] AAAAA-TCP_FORW: name:enp0s3: saddr:33561200: daddr:100932208
[  219.634734] AAAAA-TCP_FORW: name:enp0s3: saddr:33561200: daddr:100932208
[  219.775522] AAAAA-TCP_FORW: name:enp0s3: saddr:33561200: daddr:100932208
[  219.883084] AAAAA-TCP_FORW: name:enp0s3: saddr:33561200: daddr:100932208
[  220.005472] AAAAA-TCP_FORW: name:enp0s3: saddr:33561200: daddr:100932208
[  220.081250] AAAAA-TCP_FORW: name:enp0s3: saddr:33561200: daddr:100932208
[  220.132868] AAAAA-TCP_FORW: name:enp0s3: saddr:33561200: daddr:100932208
[  220.228095] AAAAA-TCP_FORW: name:enp0s3: saddr:33561200: daddr:100932208
[  220.328167] AAAAA-TCP_FORW: name:enp0s3: saddr:33561200: daddr:100932208
[  220.551851] AAAAA-TCP_FORW: name:enp0s3: saddr:33561200: daddr:100932208
[  220.808997] AAAAA-TCP_FORW: name:enp0s3: saddr:33561200: daddr:100932208
[  221.074588] AAAAA-TCP_FORW: name:enp0s3: saddr:33561200: daddr:100932208
[  221.378307] AAAAA-TCP_FORW: name:enp0s3: saddr:33561200: daddr:100932208
[  221.540688] AAAAA-TCP_FORW: name:enp0s3: saddr:33561200: daddr:100932208
[  535.523456] rfkill: input handler enabled
[  544.441722] rfkill: input handler disabled
[  770.932539] device enp0s3 left promiscuous mode
