[    0.000000] Linux version 5.4.243-mptcp (root@ztg) (gcc version 12.2.0 (Debian 12.2.0-14+deb12u1)) #53 SMP Wed Dec 24 23:28:15 CST 2025
[    0.000000] Command line: BOOT_IMAGE=/boot/vmlinuz-5.4.243-mptcp root=UUID=98415a12-53b7-4144-8265-0f7ece09e445 ro quiet splash
[    0.000000] KERNEL supported cpus:
[    0.000000]   Intel GenuineIntel
[    0.000000]   AMD AuthenticAMD
[    0.000000]   Hygon HygonGenuine
[    0.000000]   Centaur CentaurHauls
[    0.000000]   zhaoxin   Shanghai  
[    0.000000] x86/fpu: Supporting XSAVE feature 0x001: 'x87 floating point registers'
[    0.000000] x86/fpu: Supporting XSAVE feature 0x002: 'SSE registers'
[    0.000000] x86/fpu: Supporting XSAVE feature 0x004: 'AVX registers'
[    0.000000] x86/fpu: xstate_offset[2]:  576, xstate_sizes[2]:  256
[    0.000000] x86/fpu: Enabled xstate features 0x7, context size is 832 bytes, using 'standard' format.
[    0.000000] BIOS-provided physical RAM map:
[    0.000000] BIOS-e820: [mem 0x0000000000000000-0x000000000009fbff] usable
[    0.000000] BIOS-e820: [mem 0x000000000009fc00-0x000000000009ffff] reserved
[    0.000000] BIOS-e820: [mem 0x00000000000f0000-0x00000000000fffff] reserved
[    0.000000] BIOS-e820: [mem 0x0000000000100000-0x000000007ffeffff] usable
[    0.000000] BIOS-e820: [mem 0x000000007fff0000-0x000000007fffffff] ACPI data
[    0.000000] BIOS-e820: [mem 0x00000000fec00000-0x00000000fec00fff] reserved
[    0.000000] BIOS-e820: [mem 0x00000000fee00000-0x00000000fee00fff] reserved
[    0.000000] BIOS-e820: [mem 0x00000000fffc0000-0x00000000ffffffff] reserved
[    0.000000] NX (Execute Disable) protection: active
[    0.000000] SMBIOS 2.5 present.
[    0.000000] DMI: innotek GmbH VirtualBox/VirtualBox, BIOS VirtualBox 12/01/2006
[    0.000000] Hypervisor detected: KVM
[    0.000000] kvm-clock: Using msrs 4b564d01 and 4b564d00
[    0.000000] kvm-clock: cpu 0, msr 58801001, primary cpu clock
[    0.000000] kvm-clock: using sched offset of 4490834083 cycles
[    0.000003] clocksource: kvm-clock: mask: 0xffffffffffffffff max_cycles: 0x1cd42e4dffb, max_idle_ns: 881590591483 ns
[    0.000005] tsc: Detected 2100.000 MHz processor
[    0.001898] e820: update [mem 0x00000000-0x00000fff] usable ==> reserved
[    0.001901] e820: remove [mem 0x000a0000-0x000fffff] usable
[    0.001905] last_pfn = 0x7fff0 max_arch_pfn = 0x400000000
[    0.001974] MTRR default type: uncachable
[    0.001975] MTRR fixed ranges enabled:
[    0.001976]   00000-9FFFF write-back
[    0.001977]   A0000-BFFFF uncachable
[    0.001977]   C0000-FFFFF write-protect
[    0.001978] MTRR variable ranges enabled:
[    0.001980]   0 base 000000000000 mask 3FFF80000000 write-back
[    0.001980]   1 disabled
[    0.001981]   2 disabled
[    0.001981]   3 disabled
[    0.001982]   4 disabled
[    0.001982]   5 disabled
[    0.001982]   6 disabled
[    0.001983]   7 disabled
[    0.001983]   8 disabled
[    0.001984]   9 disabled
[    0.001984]   10 disabled
[    0.001985]   11 disabled
[    0.001985]   12 disabled
[    0.001985]   13 disabled
[    0.001986]   14 disabled
[    0.001986]   15 disabled
[    0.002002] x86/PAT: Configuration [0-7]: WB  WC  UC- UC  WB  WP  UC- WT  
[    0.002135] found SMP MP-table at [mem 0x0009fff0-0x0009ffff]
[    0.094162] check: Scanning 1 areas for low memory corruption
[    0.094313] RAMDISK: [mem 0x32271000-0x3512ffff]
[    0.094321] ACPI: Early table checksum verification disabled
[    0.094327] ACPI: RSDP 0x00000000000E0000 000024 (v02 VBOX  )
[    0.094332] ACPI: XSDT 0x000000007FFF0030 00003C (v01 VBOX   VBOXXSDT 00000001 ASL  00000061)
[    0.094338] ACPI: FACP 0x000000007FFF00F0 0000F4 (v04 VBOX   VBOXFACP 00000001 ASL  00000061)
[    0.094345] ACPI: DSDT 0x000000007FFF02E0 002353 (v02 VBOX   VBOXBIOS 00000002 VBOX 00029BF3)
[    0.094349] ACPI: FACS 0x000000007FFF0200 000040
[    0.094352] ACPI: FACS 0x000000007FFF0200 000040
[    0.094356] ACPI: APIC 0x000000007FFF0240 000054 (v02 VBOX   VBOXAPIC 00000001 ASL  00000061)
[    0.094359] ACPI: SSDT 0x000000007FFF02A0 000038 (v01 VBOX   VBOXCPUT 00000002 VBOX 00029BF3)
[    0.094363] ACPI: Reserving FACP table memory at [mem 0x7fff00f0-0x7fff01e3]
[    0.094364] ACPI: Reserving DSDT table memory at [mem 0x7fff02e0-0x7fff2632]
[    0.094364] ACPI: Reserving FACS table memory at [mem 0x7fff0200-0x7fff023f]
[    0.094365] ACPI: Reserving FACS table memory at [mem 0x7fff0200-0x7fff023f]
[    0.094366] ACPI: Reserving APIC table memory at [mem 0x7fff0240-0x7fff0293]
[    0.094366] ACPI: Reserving SSDT table memory at [mem 0x7fff02a0-0x7fff02d7]
[    0.094381] ACPI: Local APIC address 0xfee00000
[    0.094573] No NUMA configuration found
[    0.094575] Faking a node at [mem 0x0000000000000000-0x000000007ffeffff]
[    0.094585] NODE_DATA(0) allocated [mem 0x7ffc5000-0x7ffeffff]
[    0.094845] Zone ranges:
[    0.094846]   DMA      [mem 0x0000000000001000-0x0000000000ffffff]
[    0.094848]   DMA32    [mem 0x0000000001000000-0x000000007ffeffff]
[    0.094849]   Normal   empty
[    0.094849]   Device   empty
[    0.094850] Movable zone start for each node
[    0.094852] Early memory node ranges
[    0.094853]   node   0: [mem 0x0000000000001000-0x000000000009efff]
[    0.094853]   node   0: [mem 0x0000000000100000-0x000000007ffeffff]
[    0.094857] Zeroed struct page in unavailable ranges: 114 pages
[    0.094858] Initmem setup node 0 [mem 0x0000000000001000-0x000000007ffeffff]
[    0.094859] On node 0 totalpages: 524174
[    0.094860]   DMA zone: 64 pages used for memmap
[    0.094860]   DMA zone: 21 pages reserved
[    0.094861]   DMA zone: 3998 pages, LIFO batch:0
[    0.094932]   DMA32 zone: 8128 pages used for memmap
[    0.094932]   DMA32 zone: 520176 pages, LIFO batch:63
[    0.103829] ACPI: PM-Timer IO Port: 0x4008
[    0.103832] ACPI: Local APIC address 0xfee00000
[    0.103900] IOAPIC[0]: apic_id 1, version 32, address 0xfec00000, GSI 0-23
[    0.103903] ACPI: INT_SRC_OVR (bus 0 bus_irq 0 global_irq 2 dfl dfl)
[    0.103906] ACPI: INT_SRC_OVR (bus 0 bus_irq 9 global_irq 9 low level)
[    0.103908] ACPI: IRQ0 used by override.
[    0.103909] ACPI: IRQ9 used by override.
[    0.103911] Using ACPI (MADT) for SMP configuration information
[    0.103918] smpboot: Allowing 1 CPUs, 0 hotplug CPUs
[    0.103940] PM: Registered nosave memory: [mem 0x00000000-0x00000fff]
[    0.103941] PM: Registered nosave memory: [mem 0x0009f000-0x0009ffff]
[    0.103942] PM: Registered nosave memory: [mem 0x000a0000-0x000effff]
[    0.103943] PM: Registered nosave memory: [mem 0x000f0000-0x000fffff]
[    0.103944] [mem 0x80000000-0xfebfffff] available for PCI devices
[    0.103945] Booting paravirtualized kernel on KVM
[    0.103948] clocksource: refined-jiffies: mask: 0xffffffff max_cycles: 0xffffffff, max_idle_ns: 7645519600211568 ns
[    0.103953] setup_percpu: NR_CPUS:8192 nr_cpumask_bits:1 nr_cpu_ids:1 nr_node_ids:1
[    0.104971] percpu: Embedded 60 pages/cpu s208896 r8192 d28672 u2097152
[    0.104976] pcpu-alloc: s208896 r8192 d28672 u2097152 alloc=1*2097152
[    0.104976] pcpu-alloc: [0] 0 
[    0.105003] Built 1 zonelists, mobility grouping on.  Total pages: 515961
[    0.105003] Policy zone: DMA32
[    0.105005] Kernel command line: BOOT_IMAGE=/boot/vmlinuz-5.4.243-mptcp root=UUID=98415a12-53b7-4144-8265-0f7ece09e445 ro quiet splash
[    0.105847] Dentry cache hash table entries: 262144 (order: 9, 2097152 bytes, linear)
[    0.105993] Inode-cache hash table entries: 131072 (order: 8, 1048576 bytes, linear)
[    0.106043] mem auto-init: stack:off, heap alloc:on, heap free:off
[    0.106046] Calgary: detecting Calgary via BIOS EBDA area
[    0.106047] Calgary: Unable to locate Rio Grande table in EBDA - bailing!
[    0.110136] Memory: 1967332K/2096696K available (14339K kernel code, 2398K rwdata, 4712K rodata, 2728K init, 17260K bss, 129364K reserved, 0K cma-reserved)
[    0.111064] SLUB: HWalign=64, Order=0-3, MinObjects=0, CPUs=1, Nodes=1
[    0.111080] ftrace: allocating 43186 entries in 169 pages
[    0.129146] rcu: Hierarchical RCU implementation.
[    0.129147] rcu: 	RCU restricting CPUs from NR_CPUS=8192 to nr_cpu_ids=1.
[    0.129148] 	Tasks RCU enabled.
[    0.129149] rcu: RCU calculated value of scheduler-enlistment delay is 25 jiffies.
[    0.129150] rcu: Adjusting geometry for rcu_fanout_leaf=16, nr_cpu_ids=1
[    0.132099] NR_IRQS: 524544, nr_irqs: 256, preallocated irqs: 16
[    0.132314] random: crng init done
[    0.141613] Console: colour VGA+ 80x25
[    0.141617] printk: console [tty0] enabled
[    0.141637] ACPI: Core revision 20190816
[    0.141733] APIC: Switch to symmetric I/O mode setup
[    0.141980] x2apic enabled
[    0.142218] Switched APIC routing to physical x2apic.
[    0.143353] ..TIMER: vector=0x30 apic1=0 pin1=2 apic2=-1 pin2=-1
[    0.143377] clocksource: tsc-early: mask: 0xffffffffffffffff max_cycles: 0x1e4530a99b6, max_idle_ns: 440795257976 ns
[    0.143383] Calibrating delay loop (skipped) preset value.. 4200.00 BogoMIPS (lpj=8400000)
[    0.143385] pid_max: default: 32768 minimum: 301
[    0.143413] LSM: Security Framework initializing
[    0.143422] Yama: becoming mindful.
[    0.143447] AppArmor: AppArmor initialized
[    0.143480] Mount-cache hash table entries: 4096 (order: 3, 32768 bytes, linear)
[    0.143484] Mountpoint-cache hash table entries: 4096 (order: 3, 32768 bytes, linear)
[    0.143494] *** VALIDATE tmpfs ***
[    0.143620] *** VALIDATE proc ***
[    0.143660] *** VALIDATE cgroup1 ***
[    0.143662] *** VALIDATE cgroup2 ***
[    0.143801] process: using mwait in idle threads
[    0.143806] Last level iTLB entries: 4KB 64, 2MB 8, 4MB 8
[    0.143807] Last level dTLB entries: 4KB 64, 2MB 0, 4MB 0, 1GB 4
[    0.143826] Spectre V1 : Mitigation: usercopy/swapgs barriers and __user pointer sanitization
[    0.143831] Spectre V2 : Mitigation: Retpolines
[    0.143832] Spectre V2 : Spectre v2 / SpectreRSB mitigation: Filling RSB on context switch
[    0.143833] Spectre V2 : Spectre v2 / SpectreRSB : Filling RSB on VMEXIT
[    0.143833] RETBleed: WARNING: Spectre v2 mitigation leaves CPU vulnerable to RETBleed attacks, data leaks possible!
[    0.144187] RETBleed: Vulnerable
[    0.144187] Speculative Store Bypass: Vulnerable
[    0.144192] TAA: Mitigation: TSX disabled
[    0.144192] MMIO Stale Data: Mitigation: Clear CPU buffers
[    0.148360] Freeing SMP alternatives memory: 40K
[    0.261105] smpboot: CPU0: Intel(R) Xeon(R) Silver 4216 CPU @ 2.10GHz (family: 0x6, model: 0x55, stepping: 0x7)
[    0.261234] Performance Events: unsupported p6 CPU model 85 no PMU driver, software events only.
[    0.261270] rcu: Hierarchical SRCU implementation.
[    0.261744] NMI watchdog: Perf NMI watchdog permanently disabled
[    0.261781] smp: Bringing up secondary CPUs ...
[    0.261782] smp: Brought up 1 node, 1 CPU
[    0.261783] smpboot: Max logical packages: 1
[    0.261784] smpboot: Total of 1 processors activated (4200.00 BogoMIPS)
[    0.262789] devtmpfs: initialized
[    0.262835] x86/mm: Memory block size: 128MB
[    0.263184] clocksource: jiffies: mask: 0xffffffff max_cycles: 0xffffffff, max_idle_ns: 7645041785100000 ns
[    0.263189] futex hash table entries: 256 (order: 2, 16384 bytes, linear)
[    0.263231] pinctrl core: initialized pinctrl subsystem
[    0.263331] PM: RTC time: 14:31:06, date: 2026-01-17
[    0.263380] NET: Registered protocol family 16
[    0.263380] audit: initializing netlink subsys (disabled)
[    0.263380] EISA bus registered
[    0.263380] cpuidle: using governor ladder
[    0.263380] cpuidle: using governor menu
[    0.263380] ACPI: bus type PCI registered
[    0.263380] acpiphp: ACPI Hot Plug PCI Controller Driver version: 0.5
[    0.263380] PCI: Using configuration type 1 for base access
[    0.263695] audit: type=2000 audit(1768631472.738:1): state=initialized audit_enabled=0 res=1
[    0.263774] HugeTLB registered 2.00 MiB page size, pre-allocated 0 pages
[    0.264585] ACPI: Added _OSI(Module Device)
[    0.264585] ACPI: Added _OSI(Processor Device)
[    0.264586] ACPI: Added _OSI(3.0 _SCP Extensions)
[    0.264587] ACPI: Added _OSI(Processor Aggregator Device)
[    0.264588] ACPI: Added _OSI(Linux-Dell-Video)
[    0.264588] ACPI: Added _OSI(Linux-Lenovo-NV-HDMI-Audio)
[    0.264589] ACPI: Added _OSI(Linux-HPI-Hybrid-Graphics)
[    0.266556] ACPI: 2 ACPI AML tables successfully acquired and loaded
[    0.268072] ACPI: Interpreter enabled
[    0.268082] ACPI: (supports S0 S5)
[    0.268083] ACPI: Using IOAPIC for interrupt routing
[    0.268288] PCI: Using host bridge windows from ACPI; if necessary, use "pci=nocrs" and report a bug
[    0.268394] ACPI: Enabled 2 GPEs in block 00 to 07
[    0.273387] ACPI: PCI Root Bridge [PCI0] (domain 0000 [bus 00-ff])
[    0.273392] acpi PNP0A03:00: _OSC: OS supports [ASPM ClockPM Segments MSI HPX-Type3]
[    0.273836] acpi PNP0A03:00: _OSC: not requesting OS control; OS requires [ExtendedConfig ASPM ClockPM MSI]
[    0.273843] acpi PNP0A03:00: fail to add MMCONFIG information, can't access extended PCI configuration space under this bridge.
[    0.274217] PCI host bridge to bus 0000:00
[    0.274219] pci_bus 0000:00: root bus resource [io  0x0000-0x0cf7 window]
[    0.274220] pci_bus 0000:00: root bus resource [io  0x0d00-0xffff window]
[    0.274221] pci_bus 0000:00: root bus resource [mem 0x000a0000-0x000bffff window]
[    0.274222] pci_bus 0000:00: root bus resource [mem 0x80000000-0xfdffffff window]
[    0.274224] pci_bus 0000:00: root bus resource [bus 00-ff]
[    0.274265] pci 0000:00:00.0: [8086:1237] type 00 class 0x060000
[    0.275217] pci 0000:00:01.0: [8086:7000] type 00 class 0x060100
[    0.276041] pci 0000:00:01.1: [8086:7111] type 00 class 0x01018a
[    0.276419] pci 0000:00:01.1: reg 0x20: [io  0xd000-0xd00f]
[    0.276575] pci 0000:00:01.1: legacy IDE quirk: reg 0x10: [io  0x01f0-0x01f7]
[    0.276576] pci 0000:00:01.1: legacy IDE quirk: reg 0x14: [io  0x03f6]
[    0.276577] pci 0000:00:01.1: legacy IDE quirk: reg 0x18: [io  0x0170-0x0177]
[    0.276578] pci 0000:00:01.1: legacy IDE quirk: reg 0x1c: [io  0x0376]
[    0.277130] pci 0000:00:02.0: [15ad:0405] type 00 class 0x030000
[    0.279463] pci 0000:00:02.0: reg 0x10: [io  0xd010-0xd01f]
[    0.283427] pci 0000:00:02.0: reg 0x14: [mem 0xe0000000-0xe7ffffff pref]
[    0.286093] pci 0000:00:02.0: reg 0x18: [mem 0xf0000000-0xf01fffff]
[    0.296176] pci 0000:00:03.0: [1022:2000] type 00 class 0x020000
[    0.296863] pci 0000:00:03.0: reg 0x10: [io  0xd020-0xd03f]
[    0.297476] pci 0000:00:03.0: reg 0x14: [mem 0xf0200000-0xf0200fff]
[    0.302035] pci 0000:00:04.0: [80ee:cafe] type 00 class 0x088000
[    0.302715] pci 0000:00:04.0: reg 0x10: [io  0xd040-0xd05f]
[    0.303473] pci 0000:00:04.0: reg 0x14: [mem 0xf0400000-0xf07fffff]
[    0.304081] pci 0000:00:04.0: reg 0x18: [mem 0xf0800000-0xf0803fff pref]
[    0.307426] pci 0000:00:07.0: [8086:7113] type 00 class 0x068000
[    0.307973] pci 0000:00:07.0: quirk: [io  0x4000-0x403f] claimed by PIIX4 ACPI
[    0.307985] pci 0000:00:07.0: quirk: [io  0x4100-0x410f] claimed by PIIX4 SMB
[    0.308594] pci 0000:00:08.0: [8086:100e] type 00 class 0x020000
[    0.309323] pci 0000:00:08.0: reg 0x10: [mem 0xf0820000-0xf083ffff]
[    0.310469] pci 0000:00:08.0: reg 0x18: [io  0xd060-0xd067]
[    0.313616] pci 0000:00:09.0: [8086:100e] type 00 class 0x020000
[    0.314322] pci 0000:00:09.0: reg 0x10: [mem 0xf0840000-0xf085ffff]
[    0.316061] pci 0000:00:09.0: reg 0x18: [io  0xd068-0xd06f]
[    0.324524] ACPI: PCI Interrupt Link [LNKA] (IRQs 5 9 10 *11)
[    0.327523] ACPI: PCI Interrupt Link [LNKB] (IRQs 5 9 *10 11)
[    0.327629] ACPI: PCI Interrupt Link [LNKC] (IRQs 5 *9 10 11)
[    0.327732] ACPI: PCI Interrupt Link [LNKD] (IRQs 5 9 10 *11)
[    0.327996] iommu: Default domain type: Translated 
[    0.328054] pci 0000:00:02.0: vgaarb: setting as boot VGA device
[    0.328056] pci 0000:00:02.0: vgaarb: VGA device added: decodes=io+mem,owns=io+mem,locks=none
[    0.328058] pci 0000:00:02.0: vgaarb: bridge control possible
[    0.328059] vgaarb: loaded
[    0.328269] SCSI subsystem initialized
[    0.328302] libata version 3.00 loaded.
[    0.328326] ACPI: bus type USB registered
[    0.328341] usbcore: registered new interface driver usbfs
[    0.328347] usbcore: registered new interface driver hub
[    0.328353] usbcore: registered new device driver usb
[    0.328378] pps_core: LinuxPPS API ver. 1 registered
[    0.328378] pps_core: Software ver. 5.3.6 - Copyright 2005-2007 Rodolfo Giometti <giometti@linux.it>
[    0.328380] PTP clock support registered
[    0.328414] EDAC MC: Ver: 3.0.0
[    0.328711] PCI: Using ACPI for IRQ routing
[    0.328712] PCI: pci_cache_line_size set to 64 bytes
[    0.328887] e820: reserve RAM buffer [mem 0x0009fc00-0x0009ffff]
[    0.328890] e820: reserve RAM buffer [mem 0x7fff0000-0x7fffffff]
[    0.329712] NetLabel: Initializing
[    0.329713] NetLabel:  domain hash size = 128
[    0.329713] NetLabel:  protocols = UNLABELED CIPSOv4 CALIPSO
[    0.329733] NetLabel:  unlabeled traffic allowed by default
[    0.330633] clocksource: Switched to clocksource kvm-clock
[    0.341727] *** VALIDATE bpf ***
[    0.341785] VFS: Disk quotas dquot_6.6.0
[    0.341797] VFS: Dquot-cache hash table entries: 512 (order 0, 4096 bytes)
[    0.341819] *** VALIDATE ramfs ***
[    0.341822] *** VALIDATE hugetlbfs ***
[    0.341900] AppArmor: AppArmor Filesystem Enabled
[    0.341925] pnp: PnP ACPI init
[    0.341986] pnp 00:00: Plug and Play ACPI device, IDs PNP0303 (active)
[    0.342053] pnp 00:01: Plug and Play ACPI device, IDs PNP0f03 (active)
[    0.342807] pnp: PnP ACPI: found 2 devices
[    0.343794] thermal_sys: Registered thermal governor 'fair_share'
[    0.343795] thermal_sys: Registered thermal governor 'bang_bang'
[    0.343795] thermal_sys: Registered thermal governor 'step_wise'
[    0.343796] thermal_sys: Registered thermal governor 'user_space'
[    0.343796] thermal_sys: Registered thermal governor 'power_allocator'
[    0.348326] clocksource: acpi_pm: mask: 0xffffff max_cycles: 0xffffff, max_idle_ns: 2085701024 ns
[    0.348365] pci_bus 0000:00: resource 4 [io  0x0000-0x0cf7 window]
[    0.348366] pci_bus 0000:00: resource 5 [io  0x0d00-0xffff window]
[    0.348368] pci_bus 0000:00: resource 6 [mem 0x000a0000-0x000bffff window]
[    0.348369] pci_bus 0000:00: resource 7 [mem 0x80000000-0xfdffffff window]
[    0.348424] NET: Registered protocol family 2
[    0.348498] IP idents hash table entries: 32768 (order: 6, 262144 bytes, linear)
[    0.348905] MPTCP tokens hash table entries: 8192 (order: 4, 65536 bytes, linear)
[    0.348924] MPTCP request tokens hash table entries: 8192 (order: 4, 65536 bytes, linear)
[    0.348949] default registered
[    0.348950] default registered
[    0.348950] MPTCP: Stable release v0.96
[    0.348955] tcp_listen_portaddr_hash hash table entries: 1024 (order: 2, 16384 bytes, linear)
[    0.349035] TCP established hash table entries: 16384 (order: 5, 131072 bytes, linear)
[    0.349096] TCP bind hash table entries: 16384 (order: 6, 262144 bytes, linear)
[    0.349122] TCP: Hash tables configured (established 16384 bind 16384)
[    0.349802] UDP hash table entries: 1024 (order: 3, 32768 bytes, linear)
[    0.349813] UDP-Lite hash table entries: 1024 (order: 3, 32768 bytes, linear)
[    0.349847] NET: Registered protocol family 1
[    0.349855] NET: Registered protocol family 44
[    0.349877] pci 0000:00:00.0: Limiting direct PCI/PCI transfers
[    0.349891] pci 0000:00:01.0: Activating ISA DMA hang workarounds
[    0.349943] pci 0000:00:02.0: Video device with shadowed ROM at [mem 0x000c0000-0x000dffff]
[    0.350009] PCI: CLS 0 bytes, default 64
[    0.350057] Trying to unpack rootfs image as initramfs...
[    0.520235] Freeing initrd memory: 47868K
[    0.520235] clocksource: tsc: mask: 0xffffffffffffffff max_cycles: 0x1e4530a99b6, max_idle_ns: 440795257976 ns
[    0.520235] clocksource: Switched to clocksource tsc
[    0.520235] platform rtc_cmos: registered platform RTC device (no PNP device found)
[    0.520235] check: Scanning for low memory corruption every 60 seconds
[    0.520235] Initialise system trusted keyrings
[    0.520235] Key type blacklist registered
[    0.520235] workingset: timestamp_bits=36 max_order=19 bucket_order=0
[    0.520235] zbud: loaded
[    0.520235] squashfs: version 4.0 (2009/01/31) Phillip Lougher
[    0.520235] fuse: init (API version 7.31)
[    0.520235] *** VALIDATE fuse ***
[    0.520235] *** VALIDATE fuse ***
[    0.520235] Platform Keyring initialized
[    0.532536] Key type asymmetric registered
[    0.532537] Asymmetric key parser 'x509' registered
[    0.532547] Block layer SCSI generic (bsg) driver version 0.4 loaded (major 244)
[    0.532588] io scheduler mq-deadline registered
[    0.532712] shpchp: Standard Hot Plug PCI Controller Driver version: 0.4
[    0.532914] ACPI: AC Adapter [AC] (on-line)
[    0.532958] input: Power Button as /devices/LNXSYSTM:00/LNXPWRBN:00/input/input0
[    0.532987] ACPI: Power Button [PWRF]
[    0.533073] input: Sleep Button as /devices/LNXSYSTM:00/LNXSLPBN:00/input/input1
[    0.533088] ACPI: Sleep Button [SLPF]
[    0.533303] Serial: 8250/16550 driver, 32 ports, IRQ sharing enabled
[    0.534503] Linux agpgart interface v0.103
[    0.623118] loop: module loaded
[    0.623273] ata_piix 0000:00:01.1: version 2.13
[    0.623691] scsi host0: ata_piix
[    0.623783] scsi host1: ata_piix
[    0.623809] ata1: PATA max UDMA/33 cmd 0x1f0 ctl 0x3f6 bmdma 0xd000 irq 14
[    0.623810] ata2: PATA max UDMA/33 cmd 0x170 ctl 0x376 bmdma 0xd008 irq 15
[    0.623893] tun: Universal TUN/TAP device driver, 1.6
[    0.624206] PPP generic driver version 2.4.2
[    0.624248] VFIO - User Level meta-driver version: 0.3
[    0.624484] ehci_hcd: USB 2.0 'Enhanced' Host Controller (EHCI) Driver
[    0.624488] ehci-pci: EHCI PCI platform driver
[    0.624504] ehci-platform: EHCI generic platform driver
[    0.624510] ohci_hcd: USB 1.1 'Open' Host Controller (OHCI) Driver
[    0.624512] ohci-pci: OHCI PCI platform driver
[    0.624519] ohci-platform: OHCI generic platform driver
[    0.624523] uhci_hcd: USB Universal Host Controller Interface driver
[    0.624591] i8042: PNP: PS/2 Controller [PNP0303:PS2K,PNP0f03:PS2M] at 0x60,0x64 irq 1,12
[    0.625029] serio: i8042 KBD port at 0x60,0x64 irq 1
[    0.625033] serio: i8042 AUX port at 0x60,0x64 irq 12
[    0.625121] mousedev: PS/2 mouse device common for all mice
[    0.625378] input: AT Translated Set 2 keyboard as /devices/platform/i8042/serio0/input/input2
[    0.625782] rtc_cmos rtc_cmos: registered as rtc0
[    0.625795] rtc_cmos rtc_cmos: alarms up to one day, 114 bytes nvram
[    0.625801] i2c /dev entries driver
[    0.625846] device-mapper: uevent: version 1.0.3
[    0.625890] device-mapper: ioctl: 4.41.0-ioctl (2019-09-16) initialised: dm-devel@redhat.com
[    0.625906] platform eisa.0: Probing EISA bus 0
[    0.625908] platform eisa.0: EISA: Cannot allocate resource for mainboard
[    0.625909] platform eisa.0: Cannot allocate resource for EISA slot 1
[    0.625910] platform eisa.0: Cannot allocate resource for EISA slot 2
[    0.625911] platform eisa.0: Cannot allocate resource for EISA slot 3
[    0.625912] platform eisa.0: Cannot allocate resource for EISA slot 4
[    0.625913] platform eisa.0: Cannot allocate resource for EISA slot 5
[    0.625914] platform eisa.0: Cannot allocate resource for EISA slot 6
[    0.625915] platform eisa.0: Cannot allocate resource for EISA slot 7
[    0.625916] platform eisa.0: Cannot allocate resource for EISA slot 8
[    0.625917] platform eisa.0: EISA: Detected 0 cards
[    0.625920] intel_pstate: CPU model not supported
[    0.625929] ledtrig-cpu: registered to indicate activity on CPUs
[    0.625985] drop_monitor: Initializing network drop monitor service
[    0.626147] NET: Registered protocol family 10
[    0.631268] Segment Routing with IPv6
[    0.631268] fullmesh registered
[    0.631268] ndiffports registered
[    0.631268] binder registered
[    0.631268] roundrobin registered
[    0.631268] redundant registered
[    0.631268] blest registered
[    0.631268] ecf registered
[    0.631268] NET: Registered protocol family 17
[    0.631268] Key type dns_resolver registered
[    0.631268] RAS: Correctable Errors collector initialized.
[    0.631268] IPI shorthand broadcast: enabled
[    0.631268] sched_clock: Marking stable (616193316, 11075265)->(629733762, -2465181)
[    0.631525] registered taskstats version 1
[    0.631533] Loading compiled-in X.509 certificates
[    0.632122] Loaded X.509 cert 'Build time autogenerated kernel key: 6909f3744cebb3d0de528d5887b96a727de79b1e'
[    0.632141] zswap: loaded using pool lzo/zbud
[    0.632194] Key type ._fscrypt registered
[    0.632195] Key type .fscrypt registered
[    0.636639] Key type big_key registered
[    0.638838] Key type encrypted registered
[    0.638840] AppArmor: AppArmor sha1 policy hashing enabled
[    0.638848] ima: No TPM chip found, activating TPM-bypass!
[    0.638851] ima: Allocated hash algorithm: sha1
[    0.638856] ima: No architecture policies found
[    0.638865] evm: Initialising EVM extended attributes:
[    0.638865] evm: security.selinux
[    0.638866] evm: security.SMACK64
[    0.638866] evm: security.SMACK64EXEC
[    0.638867] evm: security.SMACK64TRANSMUTE
[    0.638867] evm: security.SMACK64MMAP
[    0.638867] evm: security.apparmor
[    0.638868] evm: security.ima
[    0.638868] evm: security.capability
[    0.638869] evm: HMAC attrs: 0x1
[    0.639162] PM:   Magic number: 10:209:536
[    0.639173] tty ttyS16: hash matches
[    0.639284] rtc_cmos rtc_cmos: setting system clock to 2026-01-17T14:31:07 UTC (1768660267)
[    0.797420] ata1.00: ATA-6: VBOX HARDDISK, 1.0, max UDMA/133
[    0.797425] ata1.00: 209715200 sectors, multi 128: LBA 
[    0.798245] scsi 0:0:0:0: Direct-Access     ATA      VBOX HARDDISK    1.0  PQ: 0 ANSI: 5
[    0.798640] sd 0:0:0:0: [sda] 209715200 512-byte logical blocks: (107 GB/100 GiB)
[    0.798656] sd 0:0:0:0: [sda] Write Protect is off
[    0.798660] sd 0:0:0:0: [sda] Mode Sense: 00 3a 00 00
[    0.798687] sd 0:0:0:0: [sda] Write cache: enabled, read cache: enabled, doesn't support DPO or FUA
[    0.799100] sd 0:0:0:0: Attached scsi generic sg0 type 0
[    0.800159]  sda: sda1 sda2
[    0.811299] sd 0:0:0:0: [sda] Attached SCSI disk
[    0.813336] Freeing unused decrypted memory: 2040K
[    0.814056] Freeing unused kernel image memory: 2728K
[    0.814057] Write protecting the kernel read-only data: 22528k
[    0.814785] Freeing unused kernel image memory: 2036K
[    0.815195] Freeing unused kernel image memory: 1432K
[    0.830443] x86/mm: Checked W+X mappings: passed, no W+X pages found.
[    0.830447] Run /init as init process
[    0.923997] ACPI: Video Device [GFX0] (multi-head: yes  rom: no  post: no)
[    0.924071] input: Video Bus as /devices/LNXSYSTM:00/LNXSYBUS:00/PNP0A03:00/LNXVIDEO:00/input/input4
[    0.937165] pcnet32: pcnet32.c:v1.35 21.Apr.2008 tsbogend@alpha.franken.de
[    0.938768] piix4_smbus 0000:00:07.0: SMBus Host Controller at 0x4100, revision 0
[    0.941233] e1000: Intel(R) PRO/1000 Network Driver - version 7.3.21-k8-NAPI
[    0.941234] e1000: Copyright (c) 1999-2006 Intel Corporation.
[    0.952456] pcnet32: PCnet/FAST III 79C973 at 0xd020, 08:00:27:09:49:7b assigned IRQ 19
[    0.952500] pcnet32: Found PHY 0022:561b at address 0
[    0.952799] pcnet32: eth0: registered as PCnet/FAST III 79C973
[    0.958450] pcnet32: 1 cards_found
[    1.012854] pcnet32 0000:00:03.0 enp0s3: renamed from eth0
[    1.159897] input: ImExPS/2 Generic Explorer Mouse as /devices/platform/i8042/serio1/input/input5
[    1.347360] e1000 0000:00:08.0 eth0: (PCI:33MHz:32-bit) 08:00:27:82:5f:9f
[    1.347364] e1000 0000:00:08.0 eth0: Intel(R) PRO/1000 Network Connection
[    1.719481] e1000 0000:00:09.0 eth1: (PCI:33MHz:32-bit) 08:00:27:2b:16:35
[    1.719484] e1000 0000:00:09.0 eth1: Intel(R) PRO/1000 Network Connection
[    1.720540] e1000 0000:00:09.0 enp0s9: renamed from eth1
[    1.722282] e1000 0000:00:08.0 enp0s8: renamed from eth0
[    1.871655] EXT4-fs (sda2): mounted filesystem with ordered data mode. Opts: (null)
[    1.961763] systemd[1]: Inserted module 'autofs4'
[    1.973602] systemd[1]: systemd 245.4-4ubuntu3 running in system mode. (+PAM +AUDIT +SELINUX +IMA +APPARMOR +SMACK +SYSVINIT +UTMP +LIBCRYPTSETUP +GCRYPT +GNUTLS +ACL +XZ +LZ4 +SECCOMP +BLKID +ELFUTILS +KMOD +IDN2 -IDN +PCRE2 default-hierarchy=hybrid)
[    1.973631] systemd[1]: Detected virtualization oracle.
[    1.973635] systemd[1]: Detected architecture x86-64.
[    1.974930] systemd[1]: Set hostname to <ztg>.
[    2.099424] systemd[1]: /lib/systemd/system/dbus.socket:5: ListenStream= references a path below legacy directory /var/run/, updating /var/run/dbus/system_bus_socket â†’ /run/dbus/system_bus_socket; please update the unit file accordingly.
[    2.151607] systemd[1]: Created slice system-modprobe.slice.
[    2.151789] systemd[1]: Created slice User and Session Slice.
[    2.151833] systemd[1]: Started Forward Password Requests to Wall Directory Watch.
[    2.151984] systemd[1]: Set up automount Arbitrary Executable File Formats File System Automount Point.
[    2.152015] systemd[1]: Reached target User and Group Name Lookups.
[    2.152024] systemd[1]: Reached target Remote File Systems.
[    2.152033] systemd[1]: Reached target Slices.
[    2.152860] systemd[1]: Listening on Syslog Socket.
[    2.152925] systemd[1]: Listening on fsck to fsckd communication Socket.
[    2.152962] systemd[1]: Listening on initctl Compatibility Named Pipe.
[    2.153094] systemd[1]: Listening on Journal Audit Socket.
[    2.153145] systemd[1]: Listening on Journal Socket (/dev/log).
[    2.153210] systemd[1]: Listening on Journal Socket.
[    2.153270] systemd[1]: Listening on udev Control Socket.
[    2.153311] systemd[1]: Listening on udev Kernel Socket.
[    2.153995] systemd[1]: Mounting Huge Pages File System...
[    2.154873] systemd[1]: Mounting POSIX Message Queue File System...
[    2.155775] systemd[1]: Mounting Kernel Debug File System...
[    2.156578] systemd[1]: Mounting Kernel Trace File System...
[    2.158442] systemd[1]: Starting Journal Service...
[    2.181883] systemd[1]: Starting Set the console keyboard layout...
[    2.189482] systemd[1]: Starting Create list of static device nodes for the current kernel...
[    2.191507] systemd[1]: Starting Load Kernel Module drm...
[    2.192602] systemd[1]: Condition check resulted in Set Up Additional Binary Formats being skipped.
[    2.192641] systemd[1]: Condition check resulted in File System Check on Root Device being skipped.
[    2.203730] systemd[1]: Starting Load Kernel Modules...
[    2.211326] systemd[1]: Starting Remount Root and Kernel File Systems...
[    2.217141] systemd[1]: Starting udev Coldplug all Devices...
[    2.230977] systemd[1]: Starting Uncomplicated firewall...
[    2.232161] systemd[1]: Mounted Huge Pages File System.
[    2.232247] systemd[1]: Mounted POSIX Message Queue File System.
[    2.232316] systemd[1]: Mounted Kernel Debug File System.
[    2.232381] systemd[1]: Mounted Kernel Trace File System.
[    2.234381] EXT4-fs (sda2): re-mounted. Opts: errors=remount-ro
[    2.252229] systemd[1]: Finished Create list of static device nodes for the current kernel.
[    2.253216] systemd[1]: modprobe@drm.service: Succeeded.
[    2.267808] systemd[1]: Finished Load Kernel Module drm.
[    2.274170] systemd[1]: Finished Remount Root and Kernel File Systems.
[    2.274989] systemd[1]: Finished Uncomplicated firewall.
[    2.291230] lp: driver loaded but no devices found
[    2.294487] systemd[1]: Condition check resulted in Rebuild Hardware Database being skipped.
[    2.294519] systemd[1]: Condition check resulted in Platform Persistent Storage Archival being skipped.
[    2.295126] systemd[1]: Starting Load/Save Random Seed...
[    2.299478] systemd[1]: Starting Create System Users...
[    2.308336] systemd[1]: Finished Load/Save Random Seed.
[    2.309111] ppdev: user-space parallel port driver
[    2.315209] systemd[1]: Finished Create System Users.
[    2.315888] systemd[1]: Starting Create Static Device Nodes in /dev...
[    2.347971] systemd[1]: Finished Create Static Device Nodes in /dev.
[    2.348725] systemd[1]: Starting udev Kernel Device Manager...
[    2.358947] systemd[1]: Finished udev Coldplug all Devices.
[    2.397367] [drm] DMA map mode: Caching DMA mappings.
[    2.397429] [drm] Capabilities:
[    2.397430] [drm]   Rect copy.
[    2.397430] [drm]   Cursor.
[    2.397430] [drm]   Cursor bypass.
[    2.397431] [drm]   Cursor bypass 2.
[    2.397431] [drm]   Alpha cursor.
[    2.397432] [drm]   Extended Fifo.
[    2.397432] [drm]   Pitchlock.
[    2.397432] [drm]   Irq mask.
[    2.397432] [drm]   GMR.
[    2.397433] [drm]   Traces.
[    2.397433] [drm]   GMR2.
[    2.397434] [drm]   Screen Object 2.
[    2.397434] [drm]   Command Buffers.
[    2.397434] [drm]   Command Buffers 2.
[    2.397435] [drm]   Guest Backed Resources.
[    2.397436] [drm] Max GMR ids is 8192
[    2.397436] [drm] Max number of GMR pages is 1048576
[    2.397437] [drm] Max dedicated hypervisor surface memory is 393216 kiB
[    2.397437] [drm] Maximum display memory size is 131072 kiB
[    2.397438] [drm] VRAM at 0xe0000000 size is 131072 kiB
[    2.397438] [drm] MMIO at 0xf0000000 size is 2048 kiB
[    2.398243] [TTM] Zone  kernel: Available graphics memory: 1011738 KiB
[    2.398243] [TTM] Initializing pool allocator
[    2.398247] [TTM] Initializing DMA pool allocator
[    2.398299] [drm] Supports vblank timestamp caching Rev 2 (21.10.2013).
[    2.398300] [drm] No driver support for vblank timestamp query.
[    2.398540] [drm] Screen Target Display device initialized
[    2.398763] [drm] width 720
[    2.398773] [drm] height 400
[    2.398776] [drm] bpp 32
[    2.399354] [drm] Fifo max 0x00200000 min 0x00001000 cap 0x00000355
[    2.400777] [drm] Using command buffers with DMA pool.
[    2.400783] [drm] DX: no.
[    2.400783] [drm] Atomic: yes.
[    2.400784] [drm] SM4_1: no.
[    2.400802] [drm:vmw_host_log [vmwgfx]] *ERROR* Failed to send host log message.
[    2.401713] [drm:vmw_host_log [vmwgfx]] *ERROR* Failed to send host log message.
[    2.413018] fbcon: svgadrmfb (fb0) is primary device
[    2.433788] Console: switching to colour frame buffer device 100x37
[    2.439142] [drm] Initialized vmwgfx 2.15.0 20180704 for 0000:00:02.0 on minor 0
[    2.440060] systemd[1]: Finished Load Kernel Modules.
[    2.440928] systemd[1]: Mounting FUSE Control File System...
[    2.442070] systemd[1]: Mounting Kernel Configuration File System...
[    2.452347] systemd[1]: Starting Apply Kernel Variables...
[    2.460474] systemd[1]: Mounted FUSE Control File System.
[    2.460538] systemd[1]: Condition check resulted in VMware vmblock fuse mount being skipped.
[    2.464200] systemd[1]: Mounted Kernel Configuration File System.
[    2.469093] systemd[1]: Finished Set the console keyboard layout.
[    2.469193] systemd[1]: Reached target Local File Systems (Pre).
[    2.471947] systemd[1]: Mounting Mount unit for bare, revision 5...
[    2.475496] systemd[1]: Mounting Mount unit for core18, revision 1705...
[    2.496933] systemd[1]: Mounting Mount unit for gnome-3-34-1804, revision 24...
[    2.508356] systemd[1]: Mounting Mount unit for gtk-common-themes, revision 1506...
[    2.511250] systemd[1]: Mounting Mount unit for gtk-common-themes, revision 1535...
[    2.519725] systemd[1]: Mounting Mount unit for snap-store, revision 433...
[    2.541261] systemd[1]: Mounting Mount unit for snapd, revision 25935...
[    2.550224] systemd[1]: Finished Apply Kernel Variables.
[    2.551683] systemd[1]: Mounted Mount unit for bare, revision 5.
[    2.561355] systemd[1]: Mounted Mount unit for gnome-3-34-1804, revision 24.
[    2.569495] systemd[1]: Mounted Mount unit for gtk-common-themes, revision 1506.
[    2.576677] systemd[1]: Started udev Kernel Device Manager.
[    2.577338] systemd[1]: Starting Show Plymouth Boot Screen...
[    2.586860] systemd[1]: Received SIGRTMIN+20 from PID 288 (plymouthd).
[    2.591615] systemd[1]: Mounted Mount unit for core18, revision 1705.
[    2.591776] systemd[1]: Mounted Mount unit for gtk-common-themes, revision 1535.
[    2.607111] systemd[1]: Started Show Plymouth Boot Screen.
[    2.607243] systemd[1]: Condition check resulted in Dispatch Password Requests to Console Directory Watch being skipped.
[    2.607319] systemd[1]: Started Forward Password Requests to Plymouth Directory Watch.
[    2.607362] systemd[1]: Reached target Local Encrypted Volumes.
[    2.674260] systemd[1]: Mounted Mount unit for snap-store, revision 433.
[    2.674505] systemd[1]: Mounted Mount unit for snapd, revision 25935.
[    2.674656] systemd[1]: Reached target Local File Systems.
[    2.675443] systemd[1]: Starting Load AppArmor profiles...
[    2.678201] systemd[1]: Starting Set console font and keymap...
[    2.689709] systemd[1]: Starting Tell Plymouth To Write Out Runtime Data...
[    2.692432] systemd[1]: Condition check resulted in Store a System Token in an EFI Variable being skipped.
[    2.692484] systemd[1]: Condition check resulted in Commit a transient machine-id on disk being skipped.
[    2.694875] systemd[1]: Finished Set console font and keymap.
[    2.704144] systemd[1]: Received SIGRTMIN+20 from PID 288 (plymouthd).
[    2.705732] systemd[1]: plymouth-read-write.service: Succeeded.
[    2.705992] systemd[1]: Finished Tell Plymouth To Write Out Runtime Data.
[    2.739284] audit: type=1400 audit(1768660269.596:2): apparmor="STATUS" operation="profile_load" profile="unconfined" name="nvidia_modprobe" pid=301 comm="apparmor_parser"
[    2.739286] audit: type=1400 audit(1768660269.596:3): apparmor="STATUS" operation="profile_load" profile="unconfined" name="nvidia_modprobe//kmod" pid=301 comm="apparmor_parser"
[    2.745539] audit: type=1400 audit(1768660269.600:4): apparmor="STATUS" operation="profile_load" profile="unconfined" name="/usr/sbin/tcpdump" pid=302 comm="apparmor_parser"
[    2.772890] audit: type=1400 audit(1768660269.624:5): apparmor="STATUS" operation="profile_load" profile="unconfined" name="/usr/bin/evince" pid=304 comm="apparmor_parser"
[    2.772892] audit: type=1400 audit(1768660269.624:6): apparmor="STATUS" operation="profile_load" profile="unconfined" name="/usr/bin/evince//sanitized_helper" pid=304 comm="apparmor_parser"
[    2.772894] audit: type=1400 audit(1768660269.624:7): apparmor="STATUS" operation="profile_load" profile="unconfined" name="/usr/bin/evince-previewer" pid=304 comm="apparmor_parser"
[    2.772895] audit: type=1400 audit(1768660269.624:8): apparmor="STATUS" operation="profile_load" profile="unconfined" name="/usr/bin/evince-previewer//sanitized_helper" pid=304 comm="apparmor_parser"
[    2.772897] audit: type=1400 audit(1768660269.624:9): apparmor="STATUS" operation="profile_load" profile="unconfined" name="/usr/bin/evince-thumbnailer" pid=304 comm="apparmor_parser"
[    2.802275] audit: type=1400 audit(1768660269.660:10): apparmor="STATUS" operation="profile_load" profile="unconfined" name="/usr/lib/cups/backend/cups-pdf" pid=305 comm="apparmor_parser"
[    2.861254] systemd[1]: Finished Load AppArmor profiles.
[    2.862121] systemd[1]: Starting Load AppArmor profiles managed internally by snapd...
[    3.002422] systemd[1]: Finished Load AppArmor profiles managed internally by snapd.
[    3.123908] systemd[1]: Started Journal Service.
[    3.133051] systemd-journald[229]: Received client request to flush runtime journal.
[    3.135667] systemd-journald[229]: File /var/log/journal/c455b248004a419c87ce85eea238d727/system.journal corrupted or uncleanly shut down, renaming and replacing.
[    4.462362] RAPL PMU: API unit is 2^-32 Joules, 0 fixed counters, 10737418240 ms ovfl timer
[    4.521657] cryptd: max_cpu_qlen set to 1000
[    4.642505] AVX2 version of gcm_enc/dec engaged.
[    4.642506] AES CTR mode by8 optimization enabled
[    6.399777] Adding 1998844k swap on /dev/sda1.  Priority:-2 extents:1 across:1998844k FS
[    8.272425] kauditd_printk_skb: 30 callbacks suppressed
[    8.272426] audit: type=1400 audit(1768660275.124:41): apparmor="DENIED" operation="capable" profile="/usr/sbin/cups-browsed" pid=510 comm="cups-browsed" capability=23  capname="sys_nice"
[    8.966733] pcnet32 0000:00:03.0 enp0s3: link up, 100Mbps, full-duplex
[    9.008424] e1000: enp0s8 NIC Link is Up 1000 Mbps Full Duplex, Flow Control: RX
[    9.008716] IPv6: ADDRCONF(NETDEV_CHANGE): enp0s8: link becomes ready
[    9.033417] e1000: enp0s9 NIC Link is Up 1000 Mbps Full Duplex, Flow Control: RX
[    9.033713] IPv6: ADDRCONF(NETDEV_CHANGE): enp0s9: link becomes ready
[    9.654769] device enp0s3 entered promiscuous mode
[    9.686196] audit: type=1400 audit(1768660276.532:42): apparmor="DENIED" operation="open" profile="/usr/sbin/tcpdump" name="/proc/sys/kernel/random/boot_id" pid=667 comm="tcpdump" requested_mask="r" denied_mask="r" fsuid=0 ouid=0
[    9.686541] audit: type=1400 audit(1768660276.532:43): apparmor="DENIED" operation="open" profile="/usr/sbin/tcpdump" name="/proc/sys/kernel/random/boot_id" pid=667 comm="tcpdump" requested_mask="r" denied_mask="r" fsuid=0 ouid=0
[    9.686595] audit: type=1400 audit(1768660276.532:44): apparmor="DENIED" operation="open" profile="/usr/sbin/tcpdump" name="/proc/sys/kernel/random/boot_id" pid=667 comm="tcpdump" requested_mask="r" denied_mask="r" fsuid=0 ouid=0
[    9.686900] audit: type=1400 audit(1768660276.532:45): apparmor="DENIED" operation="open" profile="/usr/sbin/tcpdump" name="/proc/sys/kernel/random/boot_id" pid=667 comm="tcpdump" requested_mask="r" denied_mask="r" fsuid=0 ouid=0
[    9.694125] audit: type=1400 audit(1768660276.548:46): apparmor="DENIED" operation="open" profile="/usr/sbin/tcpdump" name="/proc/sys/kernel/random/boot_id" pid=668 comm="tcpdump" requested_mask="r" denied_mask="r" fsuid=0 ouid=0
[    9.694338] audit: type=1400 audit(1768660276.548:47): apparmor="DENIED" operation="open" profile="/usr/sbin/tcpdump" name="/proc/sys/kernel/random/boot_id" pid=668 comm="tcpdump" requested_mask="r" denied_mask="r" fsuid=0 ouid=0
[    9.694409] audit: type=1400 audit(1768660276.548:48): apparmor="DENIED" operation="open" profile="/usr/sbin/tcpdump" name="/proc/sys/kernel/random/boot_id" pid=668 comm="tcpdump" requested_mask="r" denied_mask="r" fsuid=0 ouid=0
[    9.694541] audit: type=1400 audit(1768660276.548:49): apparmor="DENIED" operation="open" profile="/usr/sbin/tcpdump" name="/proc/sys/kernel/random/boot_id" pid=668 comm="tcpdump" requested_mask="r" denied_mask="r" fsuid=0 ouid=0
[   15.665812] rfkill: input handler disabled
[  293.937212] AAAAA-TCP_FORW: name:enp0s3: saddr:100932208: daddr:16783984
[  294.231440] AAAAA-TCP_FORW: name:enp0s3: saddr:100932208: daddr:16783984
[  294.532796] AAAAA-TCP_FORW: name:enp0s3: saddr:100932208: daddr:16783984
[  294.873269] AAAAA-TCP_FORW: name:enp0s3: saddr:100932208: daddr:33561200
[  474.135219] rfkill: input handler enabled
[  483.416121] rfkill: input handler disabled
[  693.178783] device enp0s3 left promiscuous mode
