[    0.000000] Linux version 5.4.243-mptcp (root@ztg) (gcc version 12.2.0 (Debian 12.2.0-14+deb12u1)) #53 SMP Wed Dec 24 23:28:15 CST 2025
[    0.000000] Command line: BOOT_IMAGE=/boot/vmlinuz-5.4.243-mptcp root=UUID=98415a12-53b7-4144-8265-0f7ece09e445 ro quiet splash
[    0.000000] KERNEL supported cpus:
[    0.000000]   Intel GenuineIntel
[    0.000000]   AMD AuthenticAMD
[    0.000000]   Hygon HygonGenuine
[    0.000000]   Centaur CentaurHauls
[    0.000000]   zhaoxin   Shanghai  
[    0.000000] x86/fpu: Supporting XSAVE feature 0x001: 'x87 floating point registers'
[    0.000000] x86/fpu: Supporting XSAVE feature 0x002: 'SSE registers'
[    0.000000] x86/fpu: Supporting XSAVE feature 0x004: 'AVX registers'
[    0.000000] x86/fpu: xstate_offset[2]:  576, xstate_sizes[2]:  256
[    0.000000] x86/fpu: Enabled xstate features 0x7, context size is 832 bytes, using 'standard' format.
[    0.000000] BIOS-provided physical RAM map:
[    0.000000] BIOS-e820: [mem 0x0000000000000000-0x000000000009fbff] usable
[    0.000000] BIOS-e820: [mem 0x000000000009fc00-0x000000000009ffff] reserved
[    0.000000] BIOS-e820: [mem 0x00000000000f0000-0x00000000000fffff] reserved
[    0.000000] BIOS-e820: [mem 0x0000000000100000-0x000000007ffeffff] usable
[    0.000000] BIOS-e820: [mem 0x000000007fff0000-0x000000007fffffff] ACPI data
[    0.000000] BIOS-e820: [mem 0x00000000fec00000-0x00000000fec00fff] reserved
[    0.000000] BIOS-e820: [mem 0x00000000fee00000-0x00000000fee00fff] reserved
[    0.000000] BIOS-e820: [mem 0x00000000fffc0000-0x00000000ffffffff] reserved
[    0.000000] NX (Execute Disable) protection: active
[    0.000000] SMBIOS 2.5 present.
[    0.000000] DMI: innotek GmbH VirtualBox/VirtualBox, BIOS VirtualBox 12/01/2006
[    0.000000] Hypervisor detected: KVM
[    0.000000] kvm-clock: Using msrs 4b564d01 and 4b564d00
[    0.000000] kvm-clock: cpu 0, msr 13c01001, primary cpu clock
[    0.000000] kvm-clock: using sched offset of 4451034515 cycles
[    0.000003] clocksource: kvm-clock: mask: 0xffffffffffffffff max_cycles: 0x1cd42e4dffb, max_idle_ns: 881590591483 ns
[    0.000005] tsc: Detected 2100.000 MHz processor
[    0.001910] e820: update [mem 0x00000000-0x00000fff] usable ==> reserved
[    0.001912] e820: remove [mem 0x000a0000-0x000fffff] usable
[    0.001916] last_pfn = 0x7fff0 max_arch_pfn = 0x400000000
[    0.001984] MTRR default type: uncachable
[    0.001985] MTRR fixed ranges enabled:
[    0.001986]   00000-9FFFF write-back
[    0.001987]   A0000-BFFFF uncachable
[    0.001987]   C0000-FFFFF write-protect
[    0.001988] MTRR variable ranges enabled:
[    0.001989]   0 base 000000000000 mask 3FFF80000000 write-back
[    0.001990]   1 disabled
[    0.001990]   2 disabled
[    0.001991]   3 disabled
[    0.001991]   4 disabled
[    0.001992]   5 disabled
[    0.001992]   6 disabled
[    0.001993]   7 disabled
[    0.001993]   8 disabled
[    0.001993]   9 disabled
[    0.001994]   10 disabled
[    0.001994]   11 disabled
[    0.001995]   12 disabled
[    0.001995]   13 disabled
[    0.001996]   14 disabled
[    0.001996]   15 disabled
[    0.002012] x86/PAT: Configuration [0-7]: WB  WC  UC- UC  WB  WP  UC- WT  
[    0.002146] found SMP MP-table at [mem 0x0009fff0-0x0009ffff]
[    0.094864] check: Scanning 1 areas for low memory corruption
[    0.095020] RAMDISK: [mem 0x32271000-0x3512ffff]
[    0.095028] ACPI: Early table checksum verification disabled
[    0.095034] ACPI: RSDP 0x00000000000E0000 000024 (v02 VBOX  )
[    0.095039] ACPI: XSDT 0x000000007FFF0030 00003C (v01 VBOX   VBOXXSDT 00000001 ASL  00000061)
[    0.095045] ACPI: FACP 0x000000007FFF00F0 0000F4 (v04 VBOX   VBOXFACP 00000001 ASL  00000061)
[    0.095052] ACPI: DSDT 0x000000007FFF02E0 002353 (v02 VBOX   VBOXBIOS 00000002 VBOX 00029BF3)
[    0.095056] ACPI: FACS 0x000000007FFF0200 000040
[    0.095059] ACPI: FACS 0x000000007FFF0200 000040
[    0.095062] ACPI: APIC 0x000000007FFF0240 000054 (v02 VBOX   VBOXAPIC 00000001 ASL  00000061)
[    0.095066] ACPI: SSDT 0x000000007FFF02A0 000038 (v01 VBOX   VBOXCPUT 00000002 VBOX 00029BF3)
[    0.095069] ACPI: Reserving FACP table memory at [mem 0x7fff00f0-0x7fff01e3]
[    0.095070] ACPI: Reserving DSDT table memory at [mem 0x7fff02e0-0x7fff2632]
[    0.095071] ACPI: Reserving FACS table memory at [mem 0x7fff0200-0x7fff023f]
[    0.095071] ACPI: Reserving FACS table memory at [mem 0x7fff0200-0x7fff023f]
[    0.095072] ACPI: Reserving APIC table memory at [mem 0x7fff0240-0x7fff0293]
[    0.095073] ACPI: Reserving SSDT table memory at [mem 0x7fff02a0-0x7fff02d7]
[    0.095087] ACPI: Local APIC address 0xfee00000
[    0.095279] No NUMA configuration found
[    0.095280] Faking a node at [mem 0x0000000000000000-0x000000007ffeffff]
[    0.095290] NODE_DATA(0) allocated [mem 0x7ffc5000-0x7ffeffff]
[    0.095572] Zone ranges:
[    0.095573]   DMA      [mem 0x0000000000001000-0x0000000000ffffff]
[    0.095575]   DMA32    [mem 0x0000000001000000-0x000000007ffeffff]
[    0.095575]   Normal   empty
[    0.095576]   Device   empty
[    0.095577] Movable zone start for each node
[    0.095579] Early memory node ranges
[    0.095579]   node   0: [mem 0x0000000000001000-0x000000000009efff]
[    0.095580]   node   0: [mem 0x0000000000100000-0x000000007ffeffff]
[    0.095583] Zeroed struct page in unavailable ranges: 114 pages
[    0.095584] Initmem setup node 0 [mem 0x0000000000001000-0x000000007ffeffff]
[    0.095585] On node 0 totalpages: 524174
[    0.095586]   DMA zone: 64 pages used for memmap
[    0.095587]   DMA zone: 21 pages reserved
[    0.095588]   DMA zone: 3998 pages, LIFO batch:0
[    0.095658]   DMA32 zone: 8128 pages used for memmap
[    0.095659]   DMA32 zone: 520176 pages, LIFO batch:63
[    0.104565] ACPI: PM-Timer IO Port: 0x4008
[    0.104569] ACPI: Local APIC address 0xfee00000
[    0.104641] IOAPIC[0]: apic_id 1, version 32, address 0xfec00000, GSI 0-23
[    0.104645] ACPI: INT_SRC_OVR (bus 0 bus_irq 0 global_irq 2 dfl dfl)
[    0.104647] ACPI: INT_SRC_OVR (bus 0 bus_irq 9 global_irq 9 low level)
[    0.104648] ACPI: IRQ0 used by override.
[    0.104649] ACPI: IRQ9 used by override.
[    0.104652] Using ACPI (MADT) for SMP configuration information
[    0.104660] smpboot: Allowing 1 CPUs, 0 hotplug CPUs
[    0.104683] PM: Registered nosave memory: [mem 0x00000000-0x00000fff]
[    0.104684] PM: Registered nosave memory: [mem 0x0009f000-0x0009ffff]
[    0.104685] PM: Registered nosave memory: [mem 0x000a0000-0x000effff]
[    0.104686] PM: Registered nosave memory: [mem 0x000f0000-0x000fffff]
[    0.104687] [mem 0x80000000-0xfebfffff] available for PCI devices
[    0.104688] Booting paravirtualized kernel on KVM
[    0.104691] clocksource: refined-jiffies: mask: 0xffffffff max_cycles: 0xffffffff, max_idle_ns: 7645519600211568 ns
[    0.104696] setup_percpu: NR_CPUS:8192 nr_cpumask_bits:1 nr_cpu_ids:1 nr_node_ids:1
[    0.105687] percpu: Embedded 60 pages/cpu s208896 r8192 d28672 u2097152
[    0.105692] pcpu-alloc: s208896 r8192 d28672 u2097152 alloc=1*2097152
[    0.105693] pcpu-alloc: [0] 0 
[    0.105719] Built 1 zonelists, mobility grouping on.  Total pages: 515961
[    0.105720] Policy zone: DMA32
[    0.105721] Kernel command line: BOOT_IMAGE=/boot/vmlinuz-5.4.243-mptcp root=UUID=98415a12-53b7-4144-8265-0f7ece09e445 ro quiet splash
[    0.106559] Dentry cache hash table entries: 262144 (order: 9, 2097152 bytes, linear)
[    0.106824] Inode-cache hash table entries: 131072 (order: 8, 1048576 bytes, linear)
[    0.106876] mem auto-init: stack:off, heap alloc:on, heap free:off
[    0.106879] Calgary: detecting Calgary via BIOS EBDA area
[    0.106880] Calgary: Unable to locate Rio Grande table in EBDA - bailing!
[    0.110949] Memory: 1967332K/2096696K available (14339K kernel code, 2398K rwdata, 4712K rodata, 2728K init, 17260K bss, 129364K reserved, 0K cma-reserved)
[    0.111861] SLUB: HWalign=64, Order=0-3, MinObjects=0, CPUs=1, Nodes=1
[    0.111878] ftrace: allocating 43186 entries in 169 pages
[    0.129891] rcu: Hierarchical RCU implementation.
[    0.129892] rcu: 	RCU restricting CPUs from NR_CPUS=8192 to nr_cpu_ids=1.
[    0.129893] 	Tasks RCU enabled.
[    0.129894] rcu: RCU calculated value of scheduler-enlistment delay is 25 jiffies.
[    0.129896] rcu: Adjusting geometry for rcu_fanout_leaf=16, nr_cpu_ids=1
[    0.132850] NR_IRQS: 524544, nr_irqs: 256, preallocated irqs: 16
[    0.133069] random: crng init done
[    0.142348] Console: colour VGA+ 80x25
[    0.142353] printk: console [tty0] enabled
[    0.142372] ACPI: Core revision 20190816
[    0.142470] APIC: Switch to symmetric I/O mode setup
[    0.142720] x2apic enabled
[    0.142955] Switched APIC routing to physical x2apic.
[    0.144088] ..TIMER: vector=0x30 apic1=0 pin1=2 apic2=-1 pin2=-1
[    0.144117] clocksource: tsc-early: mask: 0xffffffffffffffff max_cycles: 0x1e4530a99b6, max_idle_ns: 440795257976 ns
[    0.144123] Calibrating delay loop (skipped) preset value.. 4200.00 BogoMIPS (lpj=8400000)
[    0.144125] pid_max: default: 32768 minimum: 301
[    0.144153] LSM: Security Framework initializing
[    0.144162] Yama: becoming mindful.
[    0.144188] AppArmor: AppArmor initialized
[    0.144222] Mount-cache hash table entries: 4096 (order: 3, 32768 bytes, linear)
[    0.144227] Mountpoint-cache hash table entries: 4096 (order: 3, 32768 bytes, linear)
[    0.144237] *** VALIDATE tmpfs ***
[    0.144365] *** VALIDATE proc ***
[    0.144406] *** VALIDATE cgroup1 ***
[    0.144408] *** VALIDATE cgroup2 ***
[    0.144549] process: using mwait in idle threads
[    0.144554] Last level iTLB entries: 4KB 64, 2MB 8, 4MB 8
[    0.144555] Last level dTLB entries: 4KB 64, 2MB 0, 4MB 0, 1GB 4
[    0.144577] Spectre V1 : Mitigation: usercopy/swapgs barriers and __user pointer sanitization
[    0.144582] Spectre V2 : Mitigation: Retpolines
[    0.144583] Spectre V2 : Spectre v2 / SpectreRSB mitigation: Filling RSB on context switch
[    0.144584] Spectre V2 : Spectre v2 / SpectreRSB : Filling RSB on VMEXIT
[    0.144584] RETBleed: WARNING: Spectre v2 mitigation leaves CPU vulnerable to RETBleed attacks, data leaks possible!
[    0.144939] RETBleed: Vulnerable
[    0.144940] Speculative Store Bypass: Vulnerable
[    0.144944] TAA: Mitigation: TSX disabled
[    0.144945] MMIO Stale Data: Mitigation: Clear CPU buffers
[    0.149174] Freeing SMP alternatives memory: 40K
[    0.261558] smpboot: CPU0: Intel(R) Xeon(R) Silver 4216 CPU @ 2.10GHz (family: 0x6, model: 0x55, stepping: 0x7)
[    0.261677] Performance Events: unsupported p6 CPU model 85 no PMU driver, software events only.
[    0.261715] rcu: Hierarchical SRCU implementation.
[    0.262190] NMI watchdog: Perf NMI watchdog permanently disabled
[    0.262228] smp: Bringing up secondary CPUs ...
[    0.262229] smp: Brought up 1 node, 1 CPU
[    0.262230] smpboot: Max logical packages: 1
[    0.262231] smpboot: Total of 1 processors activated (4200.00 BogoMIPS)
[    0.263191] devtmpfs: initialized
[    0.263239] x86/mm: Memory block size: 128MB
[    0.263599] clocksource: jiffies: mask: 0xffffffff max_cycles: 0xffffffff, max_idle_ns: 7645041785100000 ns
[    0.263605] futex hash table entries: 256 (order: 2, 16384 bytes, linear)
[    0.263650] pinctrl core: initialized pinctrl subsystem
[    0.263753] PM: RTC time: 21:52:14, date: 2026-01-17
[    0.263859] NET: Registered protocol family 16
[    0.263933] audit: initializing netlink subsys (disabled)
[    0.264060] EISA bus registered
[    0.264061] cpuidle: using governor ladder
[    0.264062] cpuidle: using governor menu
[    0.264098] ACPI: bus type PCI registered
[    0.264100] acpiphp: ACPI Hot Plug PCI Controller Driver version: 0.5
[    0.264119] PCI: Using configuration type 1 for base access
[    0.264393] audit: type=2000 audit(1768657940.599:1): state=initialized audit_enabled=0 res=1
[    0.264472] HugeTLB registered 2.00 MiB page size, pre-allocated 0 pages
[    0.265284] ACPI: Added _OSI(Module Device)
[    0.265284] ACPI: Added _OSI(Processor Device)
[    0.265285] ACPI: Added _OSI(3.0 _SCP Extensions)
[    0.265286] ACPI: Added _OSI(Processor Aggregator Device)
[    0.265287] ACPI: Added _OSI(Linux-Dell-Video)
[    0.265288] ACPI: Added _OSI(Linux-Lenovo-NV-HDMI-Audio)
[    0.265288] ACPI: Added _OSI(Linux-HPI-Hybrid-Graphics)
[    0.267247] ACPI: 2 ACPI AML tables successfully acquired and loaded
[    0.268755] ACPI: Interpreter enabled
[    0.268765] ACPI: (supports S0 S5)
[    0.268766] ACPI: Using IOAPIC for interrupt routing
[    0.268971] PCI: Using host bridge windows from ACPI; if necessary, use "pci=nocrs" and report a bug
[    0.269080] ACPI: Enabled 2 GPEs in block 00 to 07
[    0.274041] ACPI: PCI Root Bridge [PCI0] (domain 0000 [bus 00-ff])
[    0.274046] acpi PNP0A03:00: _OSC: OS supports [ASPM ClockPM Segments MSI HPX-Type3]
[    0.274511] acpi PNP0A03:00: _OSC: not requesting OS control; OS requires [ExtendedConfig ASPM ClockPM MSI]
[    0.274520] acpi PNP0A03:00: fail to add MMCONFIG information, can't access extended PCI configuration space under this bridge.
[    0.274933] PCI host bridge to bus 0000:00
[    0.274936] pci_bus 0000:00: root bus resource [io  0x0000-0x0cf7 window]
[    0.274937] pci_bus 0000:00: root bus resource [io  0x0d00-0xffff window]
[    0.274938] pci_bus 0000:00: root bus resource [mem 0x000a0000-0x000bffff window]
[    0.274939] pci_bus 0000:00: root bus resource [mem 0x80000000-0xfdffffff window]
[    0.274941] pci_bus 0000:00: root bus resource [bus 00-ff]
[    0.274989] pci 0000:00:00.0: [8086:1237] type 00 class 0x060000
[    0.275960] pci 0000:00:01.0: [8086:7000] type 00 class 0x060100
[    0.276771] pci 0000:00:01.1: [8086:7111] type 00 class 0x01018a
[    0.277202] pci 0000:00:01.1: reg 0x20: [io  0xd000-0xd00f]
[    0.277359] pci 0000:00:01.1: legacy IDE quirk: reg 0x10: [io  0x01f0-0x01f7]
[    0.277360] pci 0000:00:01.1: legacy IDE quirk: reg 0x14: [io  0x03f6]
[    0.277361] pci 0000:00:01.1: legacy IDE quirk: reg 0x18: [io  0x0170-0x0177]
[    0.277362] pci 0000:00:01.1: legacy IDE quirk: reg 0x1c: [io  0x0376]
[    0.277906] pci 0000:00:02.0: [15ad:0405] type 00 class 0x030000
[    0.280197] pci 0000:00:02.0: reg 0x10: [io  0xd010-0xd01f]
[    0.284167] pci 0000:00:02.0: reg 0x14: [mem 0xe0000000-0xe7ffffff pref]
[    0.287070] pci 0000:00:02.0: reg 0x18: [mem 0xf0000000-0xf01fffff]
[    0.296923] pci 0000:00:03.0: [1022:2000] type 00 class 0x020000
[    0.297646] pci 0000:00:03.0: reg 0x10: [io  0xd020-0xd03f]
[    0.300263] pci 0000:00:03.0: reg 0x14: [mem 0xf0200000-0xf0200fff]
[    0.304162] pci 0000:00:04.0: [80ee:cafe] type 00 class 0x088000
[    0.304874] pci 0000:00:04.0: reg 0x10: [io  0xd040-0xd05f]
[    0.305514] pci 0000:00:04.0: reg 0x14: [mem 0xf0400000-0xf07fffff]
[    0.306142] pci 0000:00:04.0: reg 0x18: [mem 0xf0800000-0xf0803fff pref]
[    0.309501] pci 0000:00:07.0: [8086:7113] type 00 class 0x068000
[    0.310073] pci 0000:00:07.0: quirk: [io  0x4000-0x403f] claimed by PIIX4 ACPI
[    0.310086] pci 0000:00:07.0: quirk: [io  0x4100-0x410f] claimed by PIIX4 SMB
[    0.310713] pci 0000:00:08.0: [8086:100e] type 00 class 0x020000
[    0.311447] pci 0000:00:08.0: reg 0x10: [mem 0xf0820000-0xf083ffff]
[    0.312243] pci 0000:00:08.0: reg 0x18: [io  0xd060-0xd067]
[    0.316198] pci 0000:00:09.0: [8086:100e] type 00 class 0x020000
[    0.316905] pci 0000:00:09.0: reg 0x10: [mem 0xf0840000-0xf085ffff]
[    0.318079] pci 0000:00:09.0: reg 0x18: [io  0xd068-0xd06f]
[    0.329002] ACPI: PCI Interrupt Link [LNKA] (IRQs 5 9 10 *11)
[    0.329287] ACPI: PCI Interrupt Link [LNKB] (IRQs 5 9 *10 11)
[    0.329388] ACPI: PCI Interrupt Link [LNKC] (IRQs 5 *9 10 11)
[    0.329492] ACPI: PCI Interrupt Link [LNKD] (IRQs 5 9 10 *11)
[    0.329751] iommu: Default domain type: Translated 
[    0.329813] pci 0000:00:02.0: vgaarb: setting as boot VGA device
[    0.329815] pci 0000:00:02.0: vgaarb: VGA device added: decodes=io+mem,owns=io+mem,locks=none
[    0.329817] pci 0000:00:02.0: vgaarb: bridge control possible
[    0.329817] vgaarb: loaded
[    0.330037] SCSI subsystem initialized
[    0.330069] libata version 3.00 loaded.
[    0.330095] ACPI: bus type USB registered
[    0.330111] usbcore: registered new interface driver usbfs
[    0.330117] usbcore: registered new interface driver hub
[    0.330122] usbcore: registered new device driver usb
[    0.330150] pps_core: LinuxPPS API ver. 1 registered
[    0.330150] pps_core: Software ver. 5.3.6 - Copyright 2005-2007 Rodolfo Giometti <giometti@linux.it>
[    0.330152] PTP clock support registered
[    0.330185] EDAC MC: Ver: 3.0.0
[    0.330474] PCI: Using ACPI for IRQ routing
[    0.330476] PCI: pci_cache_line_size set to 64 bytes
[    0.330648] e820: reserve RAM buffer [mem 0x0009fc00-0x0009ffff]
[    0.330651] e820: reserve RAM buffer [mem 0x7fff0000-0x7fffffff]
[    0.331431] NetLabel: Initializing
[    0.331432] NetLabel:  domain hash size = 128
[    0.331432] NetLabel:  protocols = UNLABELED CIPSOv4 CALIPSO
[    0.331451] NetLabel:  unlabeled traffic allowed by default
[    0.332251] clocksource: Switched to clocksource kvm-clock
[    0.346463] *** VALIDATE bpf ***
[    0.346523] VFS: Disk quotas dquot_6.6.0
[    0.346536] VFS: Dquot-cache hash table entries: 512 (order 0, 4096 bytes)
[    0.346558] *** VALIDATE ramfs ***
[    0.346561] *** VALIDATE hugetlbfs ***
[    0.346640] AppArmor: AppArmor Filesystem Enabled
[    0.346664] pnp: PnP ACPI init
[    0.346728] pnp 00:00: Plug and Play ACPI device, IDs PNP0303 (active)
[    0.346796] pnp 00:01: Plug and Play ACPI device, IDs PNP0f03 (active)
[    0.347551] pnp: PnP ACPI: found 2 devices
[    0.348497] thermal_sys: Registered thermal governor 'fair_share'
[    0.348498] thermal_sys: Registered thermal governor 'bang_bang'
[    0.348499] thermal_sys: Registered thermal governor 'step_wise'
[    0.348499] thermal_sys: Registered thermal governor 'user_space'
[    0.348500] thermal_sys: Registered thermal governor 'power_allocator'
[    0.353013] clocksource: acpi_pm: mask: 0xffffff max_cycles: 0xffffff, max_idle_ns: 2085701024 ns
[    0.353055] pci_bus 0000:00: resource 4 [io  0x0000-0x0cf7 window]
[    0.353056] pci_bus 0000:00: resource 5 [io  0x0d00-0xffff window]
[    0.353057] pci_bus 0000:00: resource 6 [mem 0x000a0000-0x000bffff window]
[    0.353059] pci_bus 0000:00: resource 7 [mem 0x80000000-0xfdffffff window]
[    0.353118] NET: Registered protocol family 2
[    0.353191] IP idents hash table entries: 32768 (order: 6, 262144 bytes, linear)
[    0.353590] MPTCP tokens hash table entries: 8192 (order: 4, 65536 bytes, linear)
[    0.353610] MPTCP request tokens hash table entries: 8192 (order: 4, 65536 bytes, linear)
[    0.353634] default registered
[    0.353635] default registered
[    0.353635] MPTCP: Stable release v0.96
[    0.353640] tcp_listen_portaddr_hash hash table entries: 1024 (order: 2, 16384 bytes, linear)
[    0.353719] TCP established hash table entries: 16384 (order: 5, 131072 bytes, linear)
[    0.353794] TCP bind hash table entries: 16384 (order: 6, 262144 bytes, linear)
[    0.353819] TCP: Hash tables configured (established 16384 bind 16384)
[    0.354498] UDP hash table entries: 1024 (order: 3, 32768 bytes, linear)
[    0.354510] UDP-Lite hash table entries: 1024 (order: 3, 32768 bytes, linear)
[    0.354543] NET: Registered protocol family 1
[    0.354551] NET: Registered protocol family 44
[    0.354571] pci 0000:00:00.0: Limiting direct PCI/PCI transfers
[    0.354583] pci 0000:00:01.0: Activating ISA DMA hang workarounds
[    0.354641] pci 0000:00:02.0: Video device with shadowed ROM at [mem 0x000c0000-0x000dffff]
[    0.354706] PCI: CLS 0 bytes, default 64
[    0.354751] Trying to unpack rootfs image as initramfs...
[    0.524251] Freeing initrd memory: 47868K
[    0.524251] clocksource: tsc: mask: 0xffffffffffffffff max_cycles: 0x1e4530a99b6, max_idle_ns: 440795257976 ns
[    0.524251] clocksource: Switched to clocksource tsc
[    0.524251] platform rtc_cmos: registered platform RTC device (no PNP device found)
[    0.524251] check: Scanning for low memory corruption every 60 seconds
[    0.524251] Initialise system trusted keyrings
[    0.524251] Key type blacklist registered
[    0.524251] workingset: timestamp_bits=36 max_order=19 bucket_order=0
[    0.524251] zbud: loaded
[    0.524251] squashfs: version 4.0 (2009/01/31) Phillip Lougher
[    0.524251] fuse: init (API version 7.31)
[    0.524251] *** VALIDATE fuse ***
[    0.524251] *** VALIDATE fuse ***
[    0.524251] Platform Keyring initialized
[    0.536573] Key type asymmetric registered
[    0.536575] Asymmetric key parser 'x509' registered
[    0.536585] Block layer SCSI generic (bsg) driver version 0.4 loaded (major 244)
[    0.536620] io scheduler mq-deadline registered
[    0.536744] shpchp: Standard Hot Plug PCI Controller Driver version: 0.4
[    0.536970] ACPI: AC Adapter [AC] (on-line)
[    0.537015] input: Power Button as /devices/LNXSYSTM:00/LNXPWRBN:00/input/input0
[    0.537044] ACPI: Power Button [PWRF]
[    0.537126] input: Sleep Button as /devices/LNXSYSTM:00/LNXSLPBN:00/input/input1
[    0.537141] ACPI: Sleep Button [SLPF]
[    0.537359] Serial: 8250/16550 driver, 32 ports, IRQ sharing enabled
[    0.538568] Linux agpgart interface v0.103
[    0.627110] loop: module loaded
[    0.627268] ata_piix 0000:00:01.1: version 2.13
[    0.627681] scsi host0: ata_piix
[    0.627773] scsi host1: ata_piix
[    0.627799] ata1: PATA max UDMA/33 cmd 0x1f0 ctl 0x3f6 bmdma 0xd000 irq 14
[    0.627800] ata2: PATA max UDMA/33 cmd 0x170 ctl 0x376 bmdma 0xd008 irq 15
[    0.627880] tun: Universal TUN/TAP device driver, 1.6
[    0.628191] PPP generic driver version 2.4.2
[    0.628234] VFIO - User Level meta-driver version: 0.3
[    0.628471] ehci_hcd: USB 2.0 'Enhanced' Host Controller (EHCI) Driver
[    0.628476] ehci-pci: EHCI PCI platform driver
[    0.628490] ehci-platform: EHCI generic platform driver
[    0.628496] ohci_hcd: USB 1.1 'Open' Host Controller (OHCI) Driver
[    0.628497] ohci-pci: OHCI PCI platform driver
[    0.628505] ohci-platform: OHCI generic platform driver
[    0.628510] uhci_hcd: USB Universal Host Controller Interface driver
[    0.628574] i8042: PNP: PS/2 Controller [PNP0303:PS2K,PNP0f03:PS2M] at 0x60,0x64 irq 1,12
[    0.629012] serio: i8042 KBD port at 0x60,0x64 irq 1
[    0.629015] serio: i8042 AUX port at 0x60,0x64 irq 12
[    0.629101] mousedev: PS/2 mouse device common for all mice
[    0.629363] input: AT Translated Set 2 keyboard as /devices/platform/i8042/serio0/input/input2
[    0.629779] rtc_cmos rtc_cmos: registered as rtc0
[    0.629792] rtc_cmos rtc_cmos: alarms up to one day, 114 bytes nvram
[    0.629798] i2c /dev entries driver
[    0.629841] device-mapper: uevent: version 1.0.3
[    0.629884] device-mapper: ioctl: 4.41.0-ioctl (2019-09-16) initialised: dm-devel@redhat.com
[    0.629899] platform eisa.0: Probing EISA bus 0
[    0.629900] platform eisa.0: EISA: Cannot allocate resource for mainboard
[    0.629902] platform eisa.0: Cannot allocate resource for EISA slot 1
[    0.629903] platform eisa.0: Cannot allocate resource for EISA slot 2
[    0.629904] platform eisa.0: Cannot allocate resource for EISA slot 3
[    0.629905] platform eisa.0: Cannot allocate resource for EISA slot 4
[    0.629906] platform eisa.0: Cannot allocate resource for EISA slot 5
[    0.629907] platform eisa.0: Cannot allocate resource for EISA slot 6
[    0.629908] platform eisa.0: Cannot allocate resource for EISA slot 7
[    0.629909] platform eisa.0: Cannot allocate resource for EISA slot 8
[    0.629910] platform eisa.0: EISA: Detected 0 cards
[    0.629913] intel_pstate: CPU model not supported
[    0.629922] ledtrig-cpu: registered to indicate activity on CPUs
[    0.629978] drop_monitor: Initializing network drop monitor service
[    0.630136] NET: Registered protocol family 10
[    0.635235] Segment Routing with IPv6
[    0.635235] fullmesh registered
[    0.635235] ndiffports registered
[    0.635235] binder registered
[    0.635235] roundrobin registered
[    0.635235] redundant registered
[    0.635235] blest registered
[    0.635235] ecf registered
[    0.635235] NET: Registered protocol family 17
[    0.635235] Key type dns_resolver registered
[    0.635235] RAS: Correctable Errors collector initialized.
[    0.635235] IPI shorthand broadcast: enabled
[    0.635235] sched_clock: Marking stable (620175610, 11059512)->(631313313, -78191)
[    0.635483] registered taskstats version 1
[    0.635492] Loading compiled-in X.509 certificates
[    0.636080] Loaded X.509 cert 'Build time autogenerated kernel key: 6909f3744cebb3d0de528d5887b96a727de79b1e'
[    0.636098] zswap: loaded using pool lzo/zbud
[    0.636152] Key type ._fscrypt registered
[    0.636152] Key type .fscrypt registered
[    0.640617] Key type big_key registered
[    0.642830] Key type encrypted registered
[    0.642832] AppArmor: AppArmor sha1 policy hashing enabled
[    0.642840] ima: No TPM chip found, activating TPM-bypass!
[    0.642843] ima: Allocated hash algorithm: sha1
[    0.642849] ima: No architecture policies found
[    0.642858] evm: Initialising EVM extended attributes:
[    0.642858] evm: security.selinux
[    0.642859] evm: security.SMACK64
[    0.642859] evm: security.SMACK64EXEC
[    0.642860] evm: security.SMACK64TRANSMUTE
[    0.642860] evm: security.SMACK64MMAP
[    0.642860] evm: security.apparmor
[    0.642861] evm: security.ima
[    0.642862] evm: security.capability
[    0.642862] evm: HMAC attrs: 0x1
[    0.643154] PM:   Magic number: 10:813:904
[    0.643275] rtc_cmos rtc_cmos: setting system clock to 2026-01-17T21:52:15 UTC (1768686735)
[    0.800095] ata1.00: ATA-6: VBOX HARDDISK, 1.0, max UDMA/133
[    0.800099] ata1.00: 209715200 sectors, multi 128: LBA 
[    0.800730] scsi 0:0:0:0: Direct-Access     ATA      VBOX HARDDISK    1.0  PQ: 0 ANSI: 5
[    0.801015] sd 0:0:0:0: [sda] 209715200 512-byte logical blocks: (107 GB/100 GiB)
[    0.801028] sd 0:0:0:0: [sda] Write Protect is off
[    0.801031] sd 0:0:0:0: [sda] Mode Sense: 00 3a 00 00
[    0.801050] sd 0:0:0:0: [sda] Write cache: enabled, read cache: enabled, doesn't support DPO or FUA
[    0.801356] sd 0:0:0:0: Attached scsi generic sg0 type 0
[    0.802739]  sda: sda1 sda2
[    0.811255] sd 0:0:0:0: [sda] Attached SCSI disk
[    0.814398] Freeing unused decrypted memory: 2040K
[    0.815328] Freeing unused kernel image memory: 2728K
[    0.815331] Write protecting the kernel read-only data: 22528k
[    0.816301] Freeing unused kernel image memory: 2036K
[    0.816836] Freeing unused kernel image memory: 1432K
[    0.842025] x86/mm: Checked W+X mappings: passed, no W+X pages found.
[    0.842030] Run /init as init process
[    0.955590] ACPI: Video Device [GFX0] (multi-head: yes  rom: no  post: no)
[    0.955663] input: Video Bus as /devices/LNXSYSTM:00/LNXSYBUS:00/PNP0A03:00/LNXVIDEO:00/input/input4
[    0.969121] pcnet32: pcnet32.c:v1.35 21.Apr.2008 tsbogend@alpha.franken.de
[    0.970074] pcnet32: PCnet/FAST III 79C973 at 0xd020, 08:00:27:36:02:b4 assigned IRQ 19
[    0.970117] pcnet32: Found PHY 0022:561b at address 0
[    0.970419] pcnet32: eth0: registered as PCnet/FAST III 79C973
[    0.973564] e1000: Intel(R) PRO/1000 Network Driver - version 7.3.21-k8-NAPI
[    0.973564] e1000: Copyright (c) 1999-2006 Intel Corporation.
[    0.976414] piix4_smbus 0000:00:07.0: SMBus Host Controller at 0x4100, revision 0
[    0.977186] pcnet32: 1 cards_found
[    1.051805] pcnet32 0000:00:03.0 enp0s3: renamed from eth0
[    1.194527] input: ImExPS/2 Generic Explorer Mouse as /devices/platform/i8042/serio1/input/input5
[    1.383498] e1000 0000:00:08.0 eth0: (PCI:33MHz:32-bit) 08:00:27:30:04:3f
[    1.383502] e1000 0000:00:08.0 eth0: Intel(R) PRO/1000 Network Connection
[    1.755468] e1000 0000:00:09.0 eth1: (PCI:33MHz:32-bit) 08:00:27:43:15:ac
[    1.755471] e1000 0000:00:09.0 eth1: Intel(R) PRO/1000 Network Connection
[    1.756567] e1000 0000:00:09.0 enp0s9: renamed from eth1
[    1.758387] e1000 0000:00:08.0 enp0s8: renamed from eth0
[    1.910130] EXT4-fs (sda2): mounted filesystem with ordered data mode. Opts: (null)
[    2.001757] systemd[1]: Inserted module 'autofs4'
[    2.014288] systemd[1]: systemd 245.4-4ubuntu3 running in system mode. (+PAM +AUDIT +SELINUX +IMA +APPARMOR +SMACK +SYSVINIT +UTMP +LIBCRYPTSETUP +GCRYPT +GNUTLS +ACL +XZ +LZ4 +SECCOMP +BLKID +ELFUTILS +KMOD +IDN2 -IDN +PCRE2 default-hierarchy=hybrid)
[    2.014319] systemd[1]: Detected virtualization oracle.
[    2.014323] systemd[1]: Detected architecture x86-64.
[    2.015691] systemd[1]: Set hostname to <ztg>.
[    2.141833] systemd[1]: /lib/systemd/system/dbus.socket:5: ListenStream= references a path below legacy directory /var/run/, updating /var/run/dbus/system_bus_socket â†’ /run/dbus/system_bus_socket; please update the unit file accordingly.
[    2.194428] systemd[1]: Created slice system-modprobe.slice.
[    2.194611] systemd[1]: Created slice User and Session Slice.
[    2.194656] systemd[1]: Started Forward Password Requests to Wall Directory Watch.
[    2.194824] systemd[1]: Set up automount Arbitrary Executable File Formats File System Automount Point.
[    2.194858] systemd[1]: Reached target User and Group Name Lookups.
[    2.194867] systemd[1]: Reached target Remote File Systems.
[    2.194874] systemd[1]: Reached target Slices.
[    2.195483] systemd[1]: Listening on Syslog Socket.
[    2.195554] systemd[1]: Listening on fsck to fsckd communication Socket.
[    2.195592] systemd[1]: Listening on initctl Compatibility Named Pipe.
[    2.195731] systemd[1]: Listening on Journal Audit Socket.
[    2.195784] systemd[1]: Listening on Journal Socket (/dev/log).
[    2.195852] systemd[1]: Listening on Journal Socket.
[    2.195917] systemd[1]: Listening on udev Control Socket.
[    2.195955] systemd[1]: Listening on udev Kernel Socket.
[    2.196715] systemd[1]: Mounting Huge Pages File System...
[    2.197645] systemd[1]: Mounting POSIX Message Queue File System...
[    2.198523] systemd[1]: Mounting Kernel Debug File System...
[    2.199409] systemd[1]: Mounting Kernel Trace File System...
[    2.201326] systemd[1]: Starting Journal Service...
[    2.225970] systemd[1]: Starting Set the console keyboard layout...
[    2.234209] systemd[1]: Starting Create list of static device nodes for the current kernel...
[    2.235861] systemd[1]: Starting Load Kernel Module drm...
[    2.236983] systemd[1]: Condition check resulted in Set Up Additional Binary Formats being skipped.
[    2.237025] systemd[1]: Condition check resulted in File System Check on Root Device being skipped.
[    2.244753] systemd[1]: Starting Load Kernel Modules...
[    2.254811] systemd[1]: Starting Remount Root and Kernel File Systems...
[    2.265583] systemd[1]: Starting udev Coldplug all Devices...
[    2.276883] systemd[1]: Starting Uncomplicated firewall...
[    2.278556] systemd[1]: Mounted Huge Pages File System.
[    2.278647] systemd[1]: Mounted POSIX Message Queue File System.
[    2.278720] systemd[1]: Mounted Kernel Debug File System.
[    2.278788] systemd[1]: Mounted Kernel Trace File System.
[    2.279460] EXT4-fs (sda2): re-mounted. Opts: errors=remount-ro
[    2.288501] systemd[1]: Finished Create list of static device nodes for the current kernel.
[    2.289371] systemd[1]: modprobe@drm.service: Succeeded.
[    2.292842] systemd[1]: Finished Load Kernel Module drm.
[    2.311204] systemd[1]: Finished Remount Root and Kernel File Systems.
[    2.326528] systemd[1]: Finished Uncomplicated firewall.
[    2.328071] lp: driver loaded but no devices found
[    2.333816] systemd[1]: Condition check resulted in Rebuild Hardware Database being skipped.
[    2.333848] systemd[1]: Condition check resulted in Platform Persistent Storage Archival being skipped.
[    2.334550] systemd[1]: Starting Load/Save Random Seed...
[    2.340702] systemd[1]: Starting Create System Users...
[    2.347760] ppdev: user-space parallel port driver
[    2.361153] systemd[1]: Finished Load/Save Random Seed.
[    2.365876] systemd[1]: Finished Create System Users.
[    2.366622] systemd[1]: Starting Create Static Device Nodes in /dev...
[    2.396568] systemd[1]: Finished Create Static Device Nodes in /dev.
[    2.397441] systemd[1]: Starting udev Kernel Device Manager...
[    2.443357] systemd[1]: Finished udev Coldplug all Devices.
[    2.444951] [drm] DMA map mode: Caching DMA mappings.
[    2.445013] [drm] Capabilities:
[    2.445014] [drm]   Rect copy.
[    2.445014] [drm]   Cursor.
[    2.445014] [drm]   Cursor bypass.
[    2.445015] [drm]   Cursor bypass 2.
[    2.445015] [drm]   Alpha cursor.
[    2.445016] [drm]   Extended Fifo.
[    2.445016] [drm]   Pitchlock.
[    2.445016] [drm]   Irq mask.
[    2.445016] [drm]   GMR.
[    2.445017] [drm]   Traces.
[    2.445017] [drm]   GMR2.
[    2.445018] [drm]   Screen Object 2.
[    2.445018] [drm]   Command Buffers.
[    2.445018] [drm]   Command Buffers 2.
[    2.445019] [drm]   Guest Backed Resources.
[    2.445019] [drm] Max GMR ids is 8192
[    2.445020] [drm] Max number of GMR pages is 1048576
[    2.445021] [drm] Max dedicated hypervisor surface memory is 393216 kiB
[    2.445021] [drm] Maximum display memory size is 131072 kiB
[    2.445022] [drm] VRAM at 0xe0000000 size is 131072 kiB
[    2.445022] [drm] MMIO at 0xf0000000 size is 2048 kiB
[    2.446567] [TTM] Zone  kernel: Available graphics memory: 1011738 KiB
[    2.446568] [TTM] Initializing pool allocator
[    2.446571] [TTM] Initializing DMA pool allocator
[    2.446628] [drm] Supports vblank timestamp caching Rev 2 (21.10.2013).
[    2.446629] [drm] No driver support for vblank timestamp query.
[    2.446850] [drm] Screen Target Display device initialized
[    2.447093] [drm] width 720
[    2.447103] [drm] height 400
[    2.447107] [drm] bpp 32
[    2.447653] [drm] Fifo max 0x00200000 min 0x00001000 cap 0x00000355
[    2.448788] [drm] Using command buffers with DMA pool.
[    2.448792] [drm] DX: no.
[    2.448792] [drm] Atomic: yes.
[    2.448792] [drm] SM4_1: no.
[    2.448811] [drm:vmw_host_log [vmwgfx]] *ERROR* Failed to send host log message.
[    2.449762] [drm:vmw_host_log [vmwgfx]] *ERROR* Failed to send host log message.
[    2.462367] fbcon: svgadrmfb (fb0) is primary device
[    2.464954] Console: switching to colour frame buffer device 100x37
[    2.469438] [drm] Initialized vmwgfx 2.15.0 20180704 for 0000:00:02.0 on minor 0
[    2.470304] systemd[1]: Finished Load Kernel Modules.
[    2.471266] systemd[1]: Mounting FUSE Control File System...
[    2.472406] systemd[1]: Mounting Kernel Configuration File System...
[    2.485509] systemd[1]: Starting Apply Kernel Variables...
[    2.498965] systemd[1]: Mounted FUSE Control File System.
[    2.499029] systemd[1]: Condition check resulted in VMware vmblock fuse mount being skipped.
[    2.505159] systemd[1]: Mounted Kernel Configuration File System.
[    2.517943] systemd[1]: Finished Set the console keyboard layout.
[    2.518038] systemd[1]: Reached target Local File Systems (Pre).
[    2.520796] systemd[1]: Mounting Mount unit for bare, revision 5...
[    2.523803] systemd[1]: Mounting Mount unit for core18, revision 1705...
[    2.539618] systemd[1]: Mounting Mount unit for gnome-3-34-1804, revision 24...
[    2.547524] systemd[1]: Mounting Mount unit for gtk-common-themes, revision 1506...
[    2.568722] systemd[1]: Mounting Mount unit for gtk-common-themes, revision 1535...
[    2.573847] systemd[1]: Mounting Mount unit for snap-store, revision 433...
[    2.581894] systemd[1]: Mounting Mount unit for snapd, revision 25935...
[    2.584948] systemd[1]: Finished Apply Kernel Variables.
[    2.598224] systemd[1]: Mounted Mount unit for bare, revision 5.
[    2.601919] systemd[1]: Mounted Mount unit for gnome-3-34-1804, revision 24.
[    2.609473] systemd[1]: Mounted Mount unit for core18, revision 1705.
[    2.621251] systemd[1]: Mounted Mount unit for gtk-common-themes, revision 1506.
[    2.621946] systemd[1]: Started udev Kernel Device Manager.
[    2.622721] systemd[1]: Starting Show Plymouth Boot Screen...
[    2.626845] systemd[1]: Received SIGRTMIN+20 from PID 273 (plymouthd).
[    2.648877] systemd[1]: Mounted Mount unit for gtk-common-themes, revision 1535.
[    2.649159] systemd[1]: Started Show Plymouth Boot Screen.
[    2.649329] systemd[1]: Condition check resulted in Dispatch Password Requests to Console Directory Watch being skipped.
[    2.649411] systemd[1]: Started Forward Password Requests to Plymouth Directory Watch.
[    2.649499] systemd[1]: Reached target Local Encrypted Volumes.
[    2.745401] systemd[1]: Mounted Mount unit for snap-store, revision 433.
[    2.745670] systemd[1]: Mounted Mount unit for snapd, revision 25935.
[    2.745847] systemd[1]: Reached target Local File Systems.
[    2.748188] systemd[1]: Starting Load AppArmor profiles...
[    2.749091] systemd[1]: Starting Set console font and keymap...
[    2.763501] systemd[1]: Starting Tell Plymouth To Write Out Runtime Data...
[    2.769780] systemd[1]: Condition check resulted in Store a System Token in an EFI Variable being skipped.
[    2.769826] systemd[1]: Condition check resulted in Commit a transient machine-id on disk being skipped.
[    2.771205] systemd[1]: Finished Set console font and keymap.
[    2.777910] systemd[1]: Received SIGRTMIN+20 from PID 273 (plymouthd).
[    2.779918] systemd[1]: plymouth-read-write.service: Succeeded.
[    2.780267] systemd[1]: Finished Tell Plymouth To Write Out Runtime Data.
[    2.820947] audit: type=1400 audit(1768686737.672:2): apparmor="STATUS" operation="profile_load" profile="unconfined" name="nvidia_modprobe" pid=300 comm="apparmor_parser"
[    2.820951] audit: type=1400 audit(1768686737.672:3): apparmor="STATUS" operation="profile_load" profile="unconfined" name="nvidia_modprobe//kmod" pid=300 comm="apparmor_parser"
[    2.829218] audit: type=1400 audit(1768686737.680:4): apparmor="STATUS" operation="profile_load" profile="unconfined" name="/usr/sbin/tcpdump" pid=301 comm="apparmor_parser"
[    2.888821] audit: type=1400 audit(1768686737.732:5): apparmor="STATUS" operation="profile_load" profile="unconfined" name="/usr/bin/evince" pid=303 comm="apparmor_parser"
[    2.888825] audit: type=1400 audit(1768686737.732:6): apparmor="STATUS" operation="profile_load" profile="unconfined" name="/usr/bin/evince//sanitized_helper" pid=303 comm="apparmor_parser"
[    2.888827] audit: type=1400 audit(1768686737.732:7): apparmor="STATUS" operation="profile_load" profile="unconfined" name="/usr/bin/evince-previewer" pid=303 comm="apparmor_parser"
[    2.888829] audit: type=1400 audit(1768686737.732:8): apparmor="STATUS" operation="profile_load" profile="unconfined" name="/usr/bin/evince-previewer//sanitized_helper" pid=303 comm="apparmor_parser"
[    2.888832] audit: type=1400 audit(1768686737.732:9): apparmor="STATUS" operation="profile_load" profile="unconfined" name="/usr/bin/evince-thumbnailer" pid=303 comm="apparmor_parser"
[    2.924838] audit: type=1400 audit(1768686737.780:10): apparmor="STATUS" operation="profile_load" profile="unconfined" name="/usr/lib/cups/backend/cups-pdf" pid=304 comm="apparmor_parser"
[    2.991299] systemd[1]: Finished Load AppArmor profiles.
[    2.992413] systemd[1]: Starting Load AppArmor profiles managed internally by snapd...
[    3.120372] systemd[1]: Finished Load AppArmor profiles managed internally by snapd.
[    3.246920] systemd[1]: Started Journal Service.
[    3.257945] systemd-journald[229]: Received client request to flush runtime journal.
[    3.260887] systemd-journald[229]: File /var/log/journal/c455b248004a419c87ce85eea238d727/system.journal corrupted or uncleanly shut down, renaming and replacing.
[    4.693561] RAPL PMU: API unit is 2^-32 Joules, 0 fixed counters, 10737418240 ms ovfl timer
[    4.781109] cryptd: max_cpu_qlen set to 1000
[    4.832089] AVX2 version of gcm_enc/dec engaged.
[    4.832090] AES CTR mode by8 optimization enabled
[    6.717116] Adding 1998844k swap on /dev/sda1.  Priority:-2 extents:1 across:1998844k FS
[    8.546317] kauditd_printk_skb: 30 callbacks suppressed
[    8.546319] audit: type=1400 audit(1768686743.396:41): apparmor="DENIED" operation="capable" profile="/usr/sbin/cups-browsed" pid=508 comm="cups-browsed" capability=23  capname="sys_nice"
[    9.344725] pcnet32 0000:00:03.0 enp0s3: link up, 100Mbps, full-duplex
[    9.387617] e1000: enp0s8 NIC Link is Up 1000 Mbps Full Duplex, Flow Control: RX
[    9.387918] IPv6: ADDRCONF(NETDEV_CHANGE): enp0s8: link becomes ready
[    9.422951] e1000: enp0s9 NIC Link is Up 1000 Mbps Full Duplex, Flow Control: RX
[    9.423229] IPv6: ADDRCONF(NETDEV_CHANGE): enp0s9: link becomes ready
[   10.090960] device enp0s3 entered promiscuous mode
[   10.121327] audit: type=1400 audit(1768686744.976:42): apparmor="DENIED" operation="open" profile="/usr/sbin/tcpdump" name="/proc/sys/kernel/random/boot_id" pid=660 comm="tcpdump" requested_mask="r" denied_mask="r" fsuid=0 ouid=0
[   10.121579] audit: type=1400 audit(1768686744.976:43): apparmor="DENIED" operation="open" profile="/usr/sbin/tcpdump" name="/proc/sys/kernel/random/boot_id" pid=660 comm="tcpdump" requested_mask="r" denied_mask="r" fsuid=0 ouid=0
[   10.121722] audit: type=1400 audit(1768686744.976:44): apparmor="DENIED" operation="open" profile="/usr/sbin/tcpdump" name="/proc/sys/kernel/random/boot_id" pid=660 comm="tcpdump" requested_mask="r" denied_mask="r" fsuid=0 ouid=0
[   10.121780] audit: type=1400 audit(1768686744.976:45): apparmor="DENIED" operation="open" profile="/usr/sbin/tcpdump" name="/proc/sys/kernel/random/boot_id" pid=660 comm="tcpdump" requested_mask="r" denied_mask="r" fsuid=0 ouid=0
[   10.128440] audit: type=1400 audit(1768686744.980:46): apparmor="DENIED" operation="open" profile="/usr/sbin/tcpdump" name="/proc/sys/kernel/random/boot_id" pid=661 comm="tcpdump" requested_mask="r" denied_mask="r" fsuid=0 ouid=0
[   10.128704] audit: type=1400 audit(1768686744.980:47): apparmor="DENIED" operation="open" profile="/usr/sbin/tcpdump" name="/proc/sys/kernel/random/boot_id" pid=661 comm="tcpdump" requested_mask="r" denied_mask="r" fsuid=0 ouid=0
[   10.128747] audit: type=1400 audit(1768686744.980:48): apparmor="DENIED" operation="open" profile="/usr/sbin/tcpdump" name="/proc/sys/kernel/random/boot_id" pid=661 comm="tcpdump" requested_mask="r" denied_mask="r" fsuid=0 ouid=0
[   10.128803] audit: type=1400 audit(1768686744.980:49): apparmor="DENIED" operation="open" profile="/usr/sbin/tcpdump" name="/proc/sys/kernel/random/boot_id" pid=661 comm="tcpdump" requested_mask="r" denied_mask="r" fsuid=0 ouid=0
[   16.434992] rfkill: input handler disabled
[  161.552793] AAAAA-TCP_FORW: name:enp0s3: saddr:100932208: daddr:16783984
[  467.683928] rfkill: input handler enabled
[  476.341464] rfkill: input handler disabled
[  652.001823] device enp0s3 left promiscuous mode
