[    0.000000] Linux version 5.4.243-mptcp (root@ztg) (gcc version 12.2.0 (Debian 12.2.0-14+deb12u1)) #53 SMP Wed Dec 24 23:28:15 CST 2025
[    0.000000] Command line: BOOT_IMAGE=/boot/vmlinuz-5.4.243-mptcp root=UUID=98415a12-53b7-4144-8265-0f7ece09e445 ro quiet splash
[    0.000000] KERNEL supported cpus:
[    0.000000]   Intel GenuineIntel
[    0.000000]   AMD AuthenticAMD
[    0.000000]   Hygon HygonGenuine
[    0.000000]   Centaur CentaurHauls
[    0.000000]   zhaoxin   Shanghai  
[    0.000000] x86/fpu: Supporting XSAVE feature 0x001: 'x87 floating point registers'
[    0.000000] x86/fpu: Supporting XSAVE feature 0x002: 'SSE registers'
[    0.000000] x86/fpu: Supporting XSAVE feature 0x004: 'AVX registers'
[    0.000000] x86/fpu: xstate_offset[2]:  576, xstate_sizes[2]:  256
[    0.000000] x86/fpu: Enabled xstate features 0x7, context size is 832 bytes, using 'standard' format.
[    0.000000] BIOS-provided physical RAM map:
[    0.000000] BIOS-e820: [mem 0x0000000000000000-0x000000000009fbff] usable
[    0.000000] BIOS-e820: [mem 0x000000000009fc00-0x000000000009ffff] reserved
[    0.000000] BIOS-e820: [mem 0x00000000000f0000-0x00000000000fffff] reserved
[    0.000000] BIOS-e820: [mem 0x0000000000100000-0x000000007ffeffff] usable
[    0.000000] BIOS-e820: [mem 0x000000007fff0000-0x000000007fffffff] ACPI data
[    0.000000] BIOS-e820: [mem 0x00000000fec00000-0x00000000fec00fff] reserved
[    0.000000] BIOS-e820: [mem 0x00000000fee00000-0x00000000fee00fff] reserved
[    0.000000] BIOS-e820: [mem 0x00000000fffc0000-0x00000000ffffffff] reserved
[    0.000000] NX (Execute Disable) protection: active
[    0.000000] SMBIOS 2.5 present.
[    0.000000] DMI: innotek GmbH VirtualBox/VirtualBox, BIOS VirtualBox 12/01/2006
[    0.000000] Hypervisor detected: KVM
[    0.000000] kvm-clock: Using msrs 4b564d01 and 4b564d00
[    0.000000] kvm-clock: cpu 0, msr 8401001, primary cpu clock
[    0.000000] kvm-clock: using sched offset of 4416000517 cycles
[    0.000002] clocksource: kvm-clock: mask: 0xffffffffffffffff max_cycles: 0x1cd42e4dffb, max_idle_ns: 881590591483 ns
[    0.000005] tsc: Detected 2100.000 MHz processor
[    0.001871] e820: update [mem 0x00000000-0x00000fff] usable ==> reserved
[    0.001873] e820: remove [mem 0x000a0000-0x000fffff] usable
[    0.001877] last_pfn = 0x7fff0 max_arch_pfn = 0x400000000
[    0.001956] MTRR default type: uncachable
[    0.001957] MTRR fixed ranges enabled:
[    0.001958]   00000-9FFFF write-back
[    0.001959]   A0000-BFFFF uncachable
[    0.001960]   C0000-FFFFF write-protect
[    0.001960] MTRR variable ranges enabled:
[    0.001962]   0 base 000000000000 mask 3FFF80000000 write-back
[    0.001962]   1 disabled
[    0.001963]   2 disabled
[    0.001963]   3 disabled
[    0.001964]   4 disabled
[    0.001964]   5 disabled
[    0.001964]   6 disabled
[    0.001965]   7 disabled
[    0.001965]   8 disabled
[    0.001966]   9 disabled
[    0.001966]   10 disabled
[    0.001967]   11 disabled
[    0.001967]   12 disabled
[    0.001967]   13 disabled
[    0.001968]   14 disabled
[    0.001968]   15 disabled
[    0.001984] x86/PAT: Configuration [0-7]: WB  WC  UC- UC  WB  WP  UC- WT  
[    0.002118] found SMP MP-table at [mem 0x0009fff0-0x0009ffff]
[    0.091409] check: Scanning 1 areas for low memory corruption
[    0.091596] RAMDISK: [mem 0x32271000-0x3512ffff]
[    0.091604] ACPI: Early table checksum verification disabled
[    0.091610] ACPI: RSDP 0x00000000000E0000 000024 (v02 VBOX  )
[    0.091614] ACPI: XSDT 0x000000007FFF0030 00003C (v01 VBOX   VBOXXSDT 00000001 ASL  00000061)
[    0.091620] ACPI: FACP 0x000000007FFF00F0 0000F4 (v04 VBOX   VBOXFACP 00000001 ASL  00000061)
[    0.091627] ACPI: DSDT 0x000000007FFF02E0 002353 (v02 VBOX   VBOXBIOS 00000002 VBOX 00029BF3)
[    0.091631] ACPI: FACS 0x000000007FFF0200 000040
[    0.091634] ACPI: FACS 0x000000007FFF0200 000040
[    0.091637] ACPI: APIC 0x000000007FFF0240 000054 (v02 VBOX   VBOXAPIC 00000001 ASL  00000061)
[    0.091641] ACPI: SSDT 0x000000007FFF02A0 000038 (v01 VBOX   VBOXCPUT 00000002 VBOX 00029BF3)
[    0.091644] ACPI: Reserving FACP table memory at [mem 0x7fff00f0-0x7fff01e3]
[    0.091645] ACPI: Reserving DSDT table memory at [mem 0x7fff02e0-0x7fff2632]
[    0.091646] ACPI: Reserving FACS table memory at [mem 0x7fff0200-0x7fff023f]
[    0.091646] ACPI: Reserving FACS table memory at [mem 0x7fff0200-0x7fff023f]
[    0.091647] ACPI: Reserving APIC table memory at [mem 0x7fff0240-0x7fff0293]
[    0.091648] ACPI: Reserving SSDT table memory at [mem 0x7fff02a0-0x7fff02d7]
[    0.091663] ACPI: Local APIC address 0xfee00000
[    0.091851] No NUMA configuration found
[    0.091852] Faking a node at [mem 0x0000000000000000-0x000000007ffeffff]
[    0.091862] NODE_DATA(0) allocated [mem 0x7ffc5000-0x7ffeffff]
[    0.092123] Zone ranges:
[    0.092124]   DMA      [mem 0x0000000000001000-0x0000000000ffffff]
[    0.092125]   DMA32    [mem 0x0000000001000000-0x000000007ffeffff]
[    0.092126]   Normal   empty
[    0.092127]   Device   empty
[    0.092127] Movable zone start for each node
[    0.092129] Early memory node ranges
[    0.092130]   node   0: [mem 0x0000000000001000-0x000000000009efff]
[    0.092131]   node   0: [mem 0x0000000000100000-0x000000007ffeffff]
[    0.092134] Zeroed struct page in unavailable ranges: 114 pages
[    0.092135] Initmem setup node 0 [mem 0x0000000000001000-0x000000007ffeffff]
[    0.092136] On node 0 totalpages: 524174
[    0.092137]   DMA zone: 64 pages used for memmap
[    0.092138]   DMA zone: 21 pages reserved
[    0.092139]   DMA zone: 3998 pages, LIFO batch:0
[    0.092209]   DMA32 zone: 8128 pages used for memmap
[    0.092210]   DMA32 zone: 520176 pages, LIFO batch:63
[    0.101226] ACPI: PM-Timer IO Port: 0x4008
[    0.101230] ACPI: Local APIC address 0xfee00000
[    0.101298] IOAPIC[0]: apic_id 1, version 32, address 0xfec00000, GSI 0-23
[    0.101301] ACPI: INT_SRC_OVR (bus 0 bus_irq 0 global_irq 2 dfl dfl)
[    0.101303] ACPI: INT_SRC_OVR (bus 0 bus_irq 9 global_irq 9 low level)
[    0.101306] ACPI: IRQ0 used by override.
[    0.101307] ACPI: IRQ9 used by override.
[    0.101309] Using ACPI (MADT) for SMP configuration information
[    0.101316] smpboot: Allowing 1 CPUs, 0 hotplug CPUs
[    0.101340] PM: Registered nosave memory: [mem 0x00000000-0x00000fff]
[    0.101341] PM: Registered nosave memory: [mem 0x0009f000-0x0009ffff]
[    0.101342] PM: Registered nosave memory: [mem 0x000a0000-0x000effff]
[    0.101342] PM: Registered nosave memory: [mem 0x000f0000-0x000fffff]
[    0.101344] [mem 0x80000000-0xfebfffff] available for PCI devices
[    0.101345] Booting paravirtualized kernel on KVM
[    0.101348] clocksource: refined-jiffies: mask: 0xffffffff max_cycles: 0xffffffff, max_idle_ns: 7645519600211568 ns
[    0.101353] setup_percpu: NR_CPUS:8192 nr_cpumask_bits:1 nr_cpu_ids:1 nr_node_ids:1
[    0.102373] percpu: Embedded 60 pages/cpu s208896 r8192 d28672 u2097152
[    0.102379] pcpu-alloc: s208896 r8192 d28672 u2097152 alloc=1*2097152
[    0.102379] pcpu-alloc: [0] 0 
[    0.102406] Built 1 zonelists, mobility grouping on.  Total pages: 515961
[    0.102407] Policy zone: DMA32
[    0.102408] Kernel command line: BOOT_IMAGE=/boot/vmlinuz-5.4.243-mptcp root=UUID=98415a12-53b7-4144-8265-0f7ece09e445 ro quiet splash
[    0.103260] Dentry cache hash table entries: 262144 (order: 9, 2097152 bytes, linear)
[    0.103407] Inode-cache hash table entries: 131072 (order: 8, 1048576 bytes, linear)
[    0.103458] mem auto-init: stack:off, heap alloc:on, heap free:off
[    0.103461] Calgary: detecting Calgary via BIOS EBDA area
[    0.103462] Calgary: Unable to locate Rio Grande table in EBDA - bailing!
[    0.107676] Memory: 1967332K/2096696K available (14339K kernel code, 2398K rwdata, 4712K rodata, 2728K init, 17260K bss, 129364K reserved, 0K cma-reserved)
[    0.108599] SLUB: HWalign=64, Order=0-3, MinObjects=0, CPUs=1, Nodes=1
[    0.108616] ftrace: allocating 43186 entries in 169 pages
[    0.126831] rcu: Hierarchical RCU implementation.
[    0.126833] rcu: 	RCU restricting CPUs from NR_CPUS=8192 to nr_cpu_ids=1.
[    0.126834] 	Tasks RCU enabled.
[    0.126835] rcu: RCU calculated value of scheduler-enlistment delay is 25 jiffies.
[    0.126836] rcu: Adjusting geometry for rcu_fanout_leaf=16, nr_cpu_ids=1
[    0.129796] NR_IRQS: 524544, nr_irqs: 256, preallocated irqs: 16
[    0.130020] random: crng init done
[    0.139333] Console: colour VGA+ 80x25
[    0.139337] printk: console [tty0] enabled
[    0.139358] ACPI: Core revision 20190816
[    0.139455] APIC: Switch to symmetric I/O mode setup
[    0.139706] x2apic enabled
[    0.139941] Switched APIC routing to physical x2apic.
[    0.141065] ..TIMER: vector=0x30 apic1=0 pin1=2 apic2=-1 pin2=-1
[    0.141093] clocksource: tsc-early: mask: 0xffffffffffffffff max_cycles: 0x1e4530a99b6, max_idle_ns: 440795257976 ns
[    0.141098] Calibrating delay loop (skipped) preset value.. 4200.00 BogoMIPS (lpj=8400000)
[    0.141100] pid_max: default: 32768 minimum: 301
[    0.141129] LSM: Security Framework initializing
[    0.141139] Yama: becoming mindful.
[    0.141165] AppArmor: AppArmor initialized
[    0.141199] Mount-cache hash table entries: 4096 (order: 3, 32768 bytes, linear)
[    0.141205] Mountpoint-cache hash table entries: 4096 (order: 3, 32768 bytes, linear)
[    0.141214] *** VALIDATE tmpfs ***
[    0.141344] *** VALIDATE proc ***
[    0.141384] *** VALIDATE cgroup1 ***
[    0.141386] *** VALIDATE cgroup2 ***
[    0.141527] process: using mwait in idle threads
[    0.141531] Last level iTLB entries: 4KB 64, 2MB 8, 4MB 8
[    0.141532] Last level dTLB entries: 4KB 64, 2MB 0, 4MB 0, 1GB 4
[    0.141552] Spectre V1 : Mitigation: usercopy/swapgs barriers and __user pointer sanitization
[    0.141558] Spectre V2 : Mitigation: Retpolines
[    0.141558] Spectre V2 : Spectre v2 / SpectreRSB mitigation: Filling RSB on context switch
[    0.141559] Spectre V2 : Spectre v2 / SpectreRSB : Filling RSB on VMEXIT
[    0.141560] RETBleed: WARNING: Spectre v2 mitigation leaves CPU vulnerable to RETBleed attacks, data leaks possible!
[    0.141919] RETBleed: Vulnerable
[    0.141929] Speculative Store Bypass: Vulnerable
[    0.141934] TAA: Mitigation: TSX disabled
[    0.141934] MMIO Stale Data: Mitigation: Clear CPU buffers
[    0.146273] Freeing SMP alternatives memory: 40K
[    0.257095] APIC calibration not consistent with PM-Timer: 96ms instead of 100ms
[    0.257095] APIC delta adjusted to PM-Timer: 6250176 (6051996)
[    0.257095] smpboot: CPU0: Intel(R) Xeon(R) Silver 4216 CPU @ 2.10GHz (family: 0x6, model: 0x55, stepping: 0x7)
[    0.257095] Performance Events: unsupported p6 CPU model 85 no PMU driver, software events only.
[    0.257095] rcu: Hierarchical SRCU implementation.
[    0.257095] NMI watchdog: Perf NMI watchdog permanently disabled
[    0.257133] smp: Bringing up secondary CPUs ...
[    0.257134] smp: Brought up 1 node, 1 CPU
[    0.257135] smpboot: Max logical packages: 1
[    0.257136] smpboot: Total of 1 processors activated (4200.00 BogoMIPS)
[    0.258103] devtmpfs: initialized
[    0.258154] x86/mm: Memory block size: 128MB
[    0.258505] clocksource: jiffies: mask: 0xffffffff max_cycles: 0xffffffff, max_idle_ns: 7645041785100000 ns
[    0.258511] futex hash table entries: 256 (order: 2, 16384 bytes, linear)
[    0.258555] pinctrl core: initialized pinctrl subsystem
[    0.258656] PM: RTC time: 21:52:31, date: 2026-01-17
[    0.258766] NET: Registered protocol family 16
[    0.258840] audit: initializing netlink subsys (disabled)
[    0.258967] EISA bus registered
[    0.258969] cpuidle: using governor ladder
[    0.258970] cpuidle: using governor menu
[    0.259006] ACPI: bus type PCI registered
[    0.259008] acpiphp: ACPI Hot Plug PCI Controller Driver version: 0.5
[    0.259119] PCI: Using configuration type 1 for base access
[    0.260793] audit: type=2000 audit(1768657957.838:1): state=initialized audit_enabled=0 res=1
[    0.260871] HugeTLB registered 2.00 MiB page size, pre-allocated 0 pages
[    0.261704] ACPI: Added _OSI(Module Device)
[    0.261705] ACPI: Added _OSI(Processor Device)
[    0.261705] ACPI: Added _OSI(3.0 _SCP Extensions)
[    0.261706] ACPI: Added _OSI(Processor Aggregator Device)
[    0.261707] ACPI: Added _OSI(Linux-Dell-Video)
[    0.261708] ACPI: Added _OSI(Linux-Lenovo-NV-HDMI-Audio)
[    0.261709] ACPI: Added _OSI(Linux-HPI-Hybrid-Graphics)
[    0.263667] ACPI: 2 ACPI AML tables successfully acquired and loaded
[    0.265194] ACPI: Interpreter enabled
[    0.265205] ACPI: (supports S0 S5)
[    0.265206] ACPI: Using IOAPIC for interrupt routing
[    0.265418] PCI: Using host bridge windows from ACPI; if necessary, use "pci=nocrs" and report a bug
[    0.265525] ACPI: Enabled 2 GPEs in block 00 to 07
[    0.270364] ACPI: PCI Root Bridge [PCI0] (domain 0000 [bus 00-ff])
[    0.270369] acpi PNP0A03:00: _OSC: OS supports [ASPM ClockPM Segments MSI HPX-Type3]
[    0.270812] acpi PNP0A03:00: _OSC: not requesting OS control; OS requires [ExtendedConfig ASPM ClockPM MSI]
[    0.270820] acpi PNP0A03:00: fail to add MMCONFIG information, can't access extended PCI configuration space under this bridge.
[    0.271204] PCI host bridge to bus 0000:00
[    0.271206] pci_bus 0000:00: root bus resource [io  0x0000-0x0cf7 window]
[    0.271207] pci_bus 0000:00: root bus resource [io  0x0d00-0xffff window]
[    0.271208] pci_bus 0000:00: root bus resource [mem 0x000a0000-0x000bffff window]
[    0.271210] pci_bus 0000:00: root bus resource [mem 0x80000000-0xfdffffff window]
[    0.271211] pci_bus 0000:00: root bus resource [bus 00-ff]
[    0.271251] pci 0000:00:00.0: [8086:1237] type 00 class 0x060000
[    0.272183] pci 0000:00:01.0: [8086:7000] type 00 class 0x060100
[    0.272932] pci 0000:00:01.1: [8086:7111] type 00 class 0x01018a
[    0.273444] pci 0000:00:01.1: reg 0x20: [io  0xd000-0xd00f]
[    0.273597] pci 0000:00:01.1: legacy IDE quirk: reg 0x10: [io  0x01f0-0x01f7]
[    0.273598] pci 0000:00:01.1: legacy IDE quirk: reg 0x14: [io  0x03f6]
[    0.273599] pci 0000:00:01.1: legacy IDE quirk: reg 0x18: [io  0x0170-0x0177]
[    0.273600] pci 0000:00:01.1: legacy IDE quirk: reg 0x1c: [io  0x0376]
[    0.274154] pci 0000:00:02.0: [15ad:0405] type 00 class 0x030000
[    0.277178] pci 0000:00:02.0: reg 0x10: [io  0xd010-0xd01f]
[    0.280013] pci 0000:00:02.0: reg 0x14: [mem 0xe0000000-0xe7ffffff pref]
[    0.281145] pci 0000:00:02.0: reg 0x18: [mem 0xf0000000-0xf01fffff]
[    0.293781] pci 0000:00:03.0: [1022:2000] type 00 class 0x020000
[    0.294488] pci 0000:00:03.0: reg 0x10: [io  0xd020-0xd03f]
[    0.295123] pci 0000:00:03.0: reg 0x14: [mem 0xf0200000-0xf0200fff]
[    0.299042] pci 0000:00:04.0: [80ee:cafe] type 00 class 0x088000
[    0.299721] pci 0000:00:04.0: reg 0x10: [io  0xd040-0xd05f]
[    0.300332] pci 0000:00:04.0: reg 0x14: [mem 0xf0400000-0xf07fffff]
[    0.300939] pci 0000:00:04.0: reg 0x18: [mem 0xf0800000-0xf0803fff pref]
[    0.304150] pci 0000:00:07.0: [8086:7113] type 00 class 0x068000
[    0.304702] pci 0000:00:07.0: quirk: [io  0x4000-0x403f] claimed by PIIX4 ACPI
[    0.304713] pci 0000:00:07.0: quirk: [io  0x4100-0x410f] claimed by PIIX4 SMB
[    0.305158] pci 0000:00:08.0: [8086:100e] type 00 class 0x020000
[    0.305871] pci 0000:00:08.0: reg 0x10: [mem 0xf0820000-0xf083ffff]
[    0.307038] pci 0000:00:08.0: reg 0x18: [io  0xd060-0xd067]
[    0.310732] pci 0000:00:09.0: [8086:100e] type 00 class 0x020000
[    0.311453] pci 0000:00:09.0: reg 0x10: [mem 0xf0840000-0xf085ffff]
[    0.312615] pci 0000:00:09.0: reg 0x18: [io  0xd068-0xd06f]
[    0.322128] ACPI: PCI Interrupt Link [LNKA] (IRQs 5 9 10 *11)
[    0.322411] ACPI: PCI Interrupt Link [LNKB] (IRQs 5 9 *10 11)
[    0.322518] ACPI: PCI Interrupt Link [LNKC] (IRQs 5 *9 10 11)
[    0.322617] ACPI: PCI Interrupt Link [LNKD] (IRQs 5 9 10 *11)
[    0.322885] iommu: Default domain type: Translated 
[    0.322947] pci 0000:00:02.0: vgaarb: setting as boot VGA device
[    0.322949] pci 0000:00:02.0: vgaarb: VGA device added: decodes=io+mem,owns=io+mem,locks=none
[    0.322951] pci 0000:00:02.0: vgaarb: bridge control possible
[    0.322952] vgaarb: loaded
[    0.323168] SCSI subsystem initialized
[    0.323199] libata version 3.00 loaded.
[    0.325111] ACPI: bus type USB registered
[    0.325127] usbcore: registered new interface driver usbfs
[    0.325133] usbcore: registered new interface driver hub
[    0.325139] usbcore: registered new device driver usb
[    0.325168] pps_core: LinuxPPS API ver. 1 registered
[    0.325169] pps_core: Software ver. 5.3.6 - Copyright 2005-2007 Rodolfo Giometti <giometti@linux.it>
[    0.325171] PTP clock support registered
[    0.325215] EDAC MC: Ver: 3.0.0
[    0.325507] PCI: Using ACPI for IRQ routing
[    0.325509] PCI: pci_cache_line_size set to 64 bytes
[    0.325680] e820: reserve RAM buffer [mem 0x0009fc00-0x0009ffff]
[    0.325684] e820: reserve RAM buffer [mem 0x7fff0000-0x7fffffff]
[    0.326481] NetLabel: Initializing
[    0.326482] NetLabel:  domain hash size = 128
[    0.326482] NetLabel:  protocols = UNLABELED CIPSOv4 CALIPSO
[    0.326502] NetLabel:  unlabeled traffic allowed by default
[    0.327409] clocksource: Switched to clocksource kvm-clock
[    0.339713] *** VALIDATE bpf ***
[    0.339781] VFS: Disk quotas dquot_6.6.0
[    0.339796] VFS: Dquot-cache hash table entries: 512 (order 0, 4096 bytes)
[    0.339825] *** VALIDATE ramfs ***
[    0.339828] *** VALIDATE hugetlbfs ***
[    0.339913] AppArmor: AppArmor Filesystem Enabled
[    0.339943] pnp: PnP ACPI init
[    0.340012] pnp 00:00: Plug and Play ACPI device, IDs PNP0303 (active)
[    0.340079] pnp 00:01: Plug and Play ACPI device, IDs PNP0f03 (active)
[    0.340818] pnp: PnP ACPI: found 2 devices
[    0.341784] thermal_sys: Registered thermal governor 'fair_share'
[    0.341784] thermal_sys: Registered thermal governor 'bang_bang'
[    0.341785] thermal_sys: Registered thermal governor 'step_wise'
[    0.341786] thermal_sys: Registered thermal governor 'user_space'
[    0.341786] thermal_sys: Registered thermal governor 'power_allocator'
[    0.346301] clocksource: acpi_pm: mask: 0xffffff max_cycles: 0xffffff, max_idle_ns: 2085701024 ns
[    0.346348] pci_bus 0000:00: resource 4 [io  0x0000-0x0cf7 window]
[    0.346349] pci_bus 0000:00: resource 5 [io  0x0d00-0xffff window]
[    0.346350] pci_bus 0000:00: resource 6 [mem 0x000a0000-0x000bffff window]
[    0.346352] pci_bus 0000:00: resource 7 [mem 0x80000000-0xfdffffff window]
[    0.346416] NET: Registered protocol family 2
[    0.346493] IP idents hash table entries: 32768 (order: 6, 262144 bytes, linear)
[    0.346905] MPTCP tokens hash table entries: 8192 (order: 4, 65536 bytes, linear)
[    0.346925] MPTCP request tokens hash table entries: 8192 (order: 4, 65536 bytes, linear)
[    0.346966] default registered
[    0.346966] default registered
[    0.346967] MPTCP: Stable release v0.96
[    0.346973] tcp_listen_portaddr_hash hash table entries: 1024 (order: 2, 16384 bytes, linear)
[    0.347055] TCP established hash table entries: 16384 (order: 5, 131072 bytes, linear)
[    0.347122] TCP bind hash table entries: 16384 (order: 6, 262144 bytes, linear)
[    0.347146] TCP: Hash tables configured (established 16384 bind 16384)
[    0.347880] UDP hash table entries: 1024 (order: 3, 32768 bytes, linear)
[    0.347893] UDP-Lite hash table entries: 1024 (order: 3, 32768 bytes, linear)
[    0.347937] NET: Registered protocol family 1
[    0.347946] NET: Registered protocol family 44
[    0.347970] pci 0000:00:00.0: Limiting direct PCI/PCI transfers
[    0.347982] pci 0000:00:01.0: Activating ISA DMA hang workarounds
[    0.348038] pci 0000:00:02.0: Video device with shadowed ROM at [mem 0x000c0000-0x000dffff]
[    0.348103] PCI: CLS 0 bytes, default 64
[    0.348152] Trying to unpack rootfs image as initramfs...
[    0.531041] Freeing initrd memory: 47868K
[    0.531041] clocksource: tsc: mask: 0xffffffffffffffff max_cycles: 0x1e4530a99b6, max_idle_ns: 440795257976 ns
[    0.531041] clocksource: Switched to clocksource tsc
[    0.531041] platform rtc_cmos: registered platform RTC device (no PNP device found)
[    0.531041] check: Scanning for low memory corruption every 60 seconds
[    0.531041] Initialise system trusted keyrings
[    0.531041] Key type blacklist registered
[    0.531041] workingset: timestamp_bits=36 max_order=19 bucket_order=0
[    0.531041] zbud: loaded
[    0.531041] squashfs: version 4.0 (2009/01/31) Phillip Lougher
[    0.531041] fuse: init (API version 7.31)
[    0.531041] *** VALIDATE fuse ***
[    0.531041] *** VALIDATE fuse ***
[    0.531041] Platform Keyring initialized
[    0.531041] Key type asymmetric registered
[    0.531041] Asymmetric key parser 'x509' registered
[    0.531041] Block layer SCSI generic (bsg) driver version 0.4 loaded (major 244)
[    0.531041] io scheduler mq-deadline registered
[    0.531041] shpchp: Standard Hot Plug PCI Controller Driver version: 0.4
[    0.537320] ACPI: AC Adapter [AC] (on-line)
[    0.537366] input: Power Button as /devices/LNXSYSTM:00/LNXPWRBN:00/input/input0
[    0.537393] ACPI: Power Button [PWRF]
[    0.537476] input: Sleep Button as /devices/LNXSYSTM:00/LNXSLPBN:00/input/input1
[    0.537491] ACPI: Sleep Button [SLPF]
[    0.537735] Serial: 8250/16550 driver, 32 ports, IRQ sharing enabled
[    0.538876] Linux agpgart interface v0.103
[    0.635156] loop: module loaded
[    0.635347] ata_piix 0000:00:01.1: version 2.13
[    0.635861] scsi host0: ata_piix
[    0.635971] scsi host1: ata_piix
[    0.636009] ata1: PATA max UDMA/33 cmd 0x1f0 ctl 0x3f6 bmdma 0xd000 irq 14
[    0.636011] ata2: PATA max UDMA/33 cmd 0x170 ctl 0x376 bmdma 0xd008 irq 15
[    0.636105] tun: Universal TUN/TAP device driver, 1.6
[    0.636498] PPP generic driver version 2.4.2
[    0.636553] VFIO - User Level meta-driver version: 0.3
[    0.636848] ehci_hcd: USB 2.0 'Enhanced' Host Controller (EHCI) Driver
[    0.636854] ehci-pci: EHCI PCI platform driver
[    0.636871] ehci-platform: EHCI generic platform driver
[    0.636878] ohci_hcd: USB 1.1 'Open' Host Controller (OHCI) Driver
[    0.636880] ohci-pci: OHCI PCI platform driver
[    0.636888] ohci-platform: OHCI generic platform driver
[    0.636894] uhci_hcd: USB Universal Host Controller Interface driver
[    0.636977] i8042: PNP: PS/2 Controller [PNP0303:PS2K,PNP0f03:PS2M] at 0x60,0x64 irq 1,12
[    0.637499] serio: i8042 KBD port at 0x60,0x64 irq 1
[    0.637504] serio: i8042 AUX port at 0x60,0x64 irq 12
[    0.637611] mousedev: PS/2 mouse device common for all mice
[    0.637916] input: AT Translated Set 2 keyboard as /devices/platform/i8042/serio0/input/input2
[    0.638374] rtc_cmos rtc_cmos: registered as rtc0
[    0.638390] rtc_cmos rtc_cmos: alarms up to one day, 114 bytes nvram
[    0.638396] i2c /dev entries driver
[    0.638446] device-mapper: uevent: version 1.0.3
[    0.638497] device-mapper: ioctl: 4.41.0-ioctl (2019-09-16) initialised: dm-devel@redhat.com
[    0.638516] platform eisa.0: Probing EISA bus 0
[    0.638518] platform eisa.0: EISA: Cannot allocate resource for mainboard
[    0.638520] platform eisa.0: Cannot allocate resource for EISA slot 1
[    0.638521] platform eisa.0: Cannot allocate resource for EISA slot 2
[    0.638522] platform eisa.0: Cannot allocate resource for EISA slot 3
[    0.638524] platform eisa.0: Cannot allocate resource for EISA slot 4
[    0.638525] platform eisa.0: Cannot allocate resource for EISA slot 5
[    0.638526] platform eisa.0: Cannot allocate resource for EISA slot 6
[    0.638527] platform eisa.0: Cannot allocate resource for EISA slot 7
[    0.638528] platform eisa.0: Cannot allocate resource for EISA slot 8
[    0.638529] platform eisa.0: EISA: Detected 0 cards
[    0.638532] intel_pstate: CPU model not supported
[    0.638543] ledtrig-cpu: registered to indicate activity on CPUs
[    0.638604] drop_monitor: Initializing network drop monitor service
[    0.638796] NET: Registered protocol family 10
[    0.643358] Segment Routing with IPv6
[    0.643358] fullmesh registered
[    0.643358] ndiffports registered
[    0.643358] binder registered
[    0.643358] roundrobin registered
[    0.643358] redundant registered
[    0.643358] blest registered
[    0.643358] ecf registered
[    0.643358] NET: Registered protocol family 17
[    0.643358] Key type dns_resolver registered
[    0.643358] RAS: Correctable Errors collector initialized.
[    0.643358] IPI shorthand broadcast: enabled
[    0.643358] sched_clock: Marking stable (628274093, 11084615)->(642344503, -2985795)
[    0.645161] registered taskstats version 1
[    0.645172] Loading compiled-in X.509 certificates
[    0.645892] Loaded X.509 cert 'Build time autogenerated kernel key: 6909f3744cebb3d0de528d5887b96a727de79b1e'
[    0.645913] zswap: loaded using pool lzo/zbud
[    0.645974] Key type ._fscrypt registered
[    0.645975] Key type .fscrypt registered
[    0.651419] Key type big_key registered
[    0.654053] Key type encrypted registered
[    0.654056] AppArmor: AppArmor sha1 policy hashing enabled
[    0.654064] ima: No TPM chip found, activating TPM-bypass!
[    0.654069] ima: Allocated hash algorithm: sha1
[    0.654074] ima: No architecture policies found
[    0.654086] evm: Initialising EVM extended attributes:
[    0.654086] evm: security.selinux
[    0.654087] evm: security.SMACK64
[    0.654087] evm: security.SMACK64EXEC
[    0.654088] evm: security.SMACK64TRANSMUTE
[    0.654089] evm: security.SMACK64MMAP
[    0.654089] evm: security.apparmor
[    0.654090] evm: security.ima
[    0.654091] evm: security.capability
[    0.654091] evm: HMAC attrs: 0x1
[    0.654443] PM:   Magic number: 10:813:904
[    0.654580] rtc_cmos rtc_cmos: setting system clock to 2026-01-17T21:52:32 UTC (1768686752)
[    0.806734] ata1.00: ATA-6: VBOX HARDDISK, 1.0, max UDMA/133
[    0.806736] ata1.00: 209715200 sectors, multi 128: LBA 
[    0.807226] scsi 0:0:0:0: Direct-Access     ATA      VBOX HARDDISK    1.0  PQ: 0 ANSI: 5
[    0.807401] sd 0:0:0:0: [sda] 209715200 512-byte logical blocks: (107 GB/100 GiB)
[    0.807408] sd 0:0:0:0: [sda] Write Protect is off
[    0.807410] sd 0:0:0:0: [sda] Mode Sense: 00 3a 00 00
[    0.807420] sd 0:0:0:0: [sda] Write cache: enabled, read cache: enabled, doesn't support DPO or FUA
[    0.807606] sd 0:0:0:0: Attached scsi generic sg0 type 0
[    0.808221]  sda: sda1 sda2
[    0.819241] sd 0:0:0:0: [sda] Attached SCSI disk
[    0.821038] Freeing unused decrypted memory: 2040K
[    0.821725] Freeing unused kernel image memory: 2728K
[    0.821727] Write protecting the kernel read-only data: 22528k
[    0.822382] Freeing unused kernel image memory: 2036K
[    0.822763] Freeing unused kernel image memory: 1432K
[    0.836053] x86/mm: Checked W+X mappings: passed, no W+X pages found.
[    0.836058] Run /init as init process
[    0.930989] ACPI: Video Device [GFX0] (multi-head: yes  rom: no  post: no)
[    0.931066] input: Video Bus as /devices/LNXSYSTM:00/LNXSYBUS:00/PNP0A03:00/LNXVIDEO:00/input/input4
[    0.944783] pcnet32: pcnet32.c:v1.35 21.Apr.2008 tsbogend@alpha.franken.de
[    0.945568] pcnet32: PCnet/FAST III 79C973 at 0xd020, 08:00:27:7c:3e:1d assigned IRQ 19
[    0.945612] pcnet32: Found PHY 0022:561b at address 0
[    0.945938] pcnet32: eth0: registered as PCnet/FAST III 79C973
[    0.948042] piix4_smbus 0000:00:07.0: SMBus Host Controller at 0x4100, revision 0
[    0.948414] pcnet32: 1 cards_found
[    0.951840] e1000: Intel(R) PRO/1000 Network Driver - version 7.3.21-k8-NAPI
[    0.951840] e1000: Copyright (c) 1999-2006 Intel Corporation.
[    1.015363] pcnet32 0000:00:03.0 enp0s3: renamed from eth0
[    1.164900] input: ImExPS/2 Generic Explorer Mouse as /devices/platform/i8042/serio1/input/input5
[    1.359401] e1000 0000:00:08.0 eth0: (PCI:33MHz:32-bit) 08:00:27:88:37:1a
[    1.359405] e1000 0000:00:08.0 eth0: Intel(R) PRO/1000 Network Connection
[    1.735431] e1000 0000:00:09.0 eth1: (PCI:33MHz:32-bit) 08:00:27:e1:79:25
[    1.735433] e1000 0000:00:09.0 eth1: Intel(R) PRO/1000 Network Connection
[    1.736593] e1000 0000:00:09.0 enp0s9: renamed from eth1
[    1.738353] e1000 0000:00:08.0 enp0s8: renamed from eth0
[    1.888895] EXT4-fs (sda2): mounted filesystem with ordered data mode. Opts: (null)
[    1.970846] systemd[1]: Inserted module 'autofs4'
[    1.980393] systemd[1]: systemd 245.4-4ubuntu3 running in system mode. (+PAM +AUDIT +SELINUX +IMA +APPARMOR +SMACK +SYSVINIT +UTMP +LIBCRYPTSETUP +GCRYPT +GNUTLS +ACL +XZ +LZ4 +SECCOMP +BLKID +ELFUTILS +KMOD +IDN2 -IDN +PCRE2 default-hierarchy=hybrid)
[    1.980424] systemd[1]: Detected virtualization oracle.
[    1.980427] systemd[1]: Detected architecture x86-64.
[    1.981705] systemd[1]: Set hostname to <ztg>.
[    2.104216] systemd[1]: /lib/systemd/system/dbus.socket:5: ListenStream= references a path below legacy directory /var/run/, updating /var/run/dbus/system_bus_socket â†’ /run/dbus/system_bus_socket; please update the unit file accordingly.
[    2.155054] systemd[1]: Created slice system-modprobe.slice.
[    2.155306] systemd[1]: Created slice User and Session Slice.
[    2.155356] systemd[1]: Started Forward Password Requests to Wall Directory Watch.
[    2.155518] systemd[1]: Set up automount Arbitrary Executable File Formats File System Automount Point.
[    2.155552] systemd[1]: Reached target User and Group Name Lookups.
[    2.155560] systemd[1]: Reached target Remote File Systems.
[    2.155568] systemd[1]: Reached target Slices.
[    2.156058] systemd[1]: Listening on Syslog Socket.
[    2.156124] systemd[1]: Listening on fsck to fsckd communication Socket.
[    2.156162] systemd[1]: Listening on initctl Compatibility Named Pipe.
[    2.156298] systemd[1]: Listening on Journal Audit Socket.
[    2.156349] systemd[1]: Listening on Journal Socket (/dev/log).
[    2.156419] systemd[1]: Listening on Journal Socket.
[    2.156481] systemd[1]: Listening on udev Control Socket.
[    2.156519] systemd[1]: Listening on udev Kernel Socket.
[    2.157253] systemd[1]: Mounting Huge Pages File System...
[    2.158161] systemd[1]: Mounting POSIX Message Queue File System...
[    2.159052] systemd[1]: Mounting Kernel Debug File System...
[    2.159951] systemd[1]: Mounting Kernel Trace File System...
[    2.161869] systemd[1]: Starting Journal Service...
[    2.186102] systemd[1]: Starting Set the console keyboard layout...
[    2.193933] systemd[1]: Starting Create list of static device nodes for the current kernel...
[    2.195986] systemd[1]: Starting Load Kernel Module drm...
[    2.204494] systemd[1]: Condition check resulted in Set Up Additional Binary Formats being skipped.
[    2.204534] systemd[1]: Condition check resulted in File System Check on Root Device being skipped.
[    2.210001] systemd[1]: Starting Load Kernel Modules...
[    2.215435] systemd[1]: Starting Remount Root and Kernel File Systems...
[    2.224804] systemd[1]: Starting udev Coldplug all Devices...
[    2.235705] systemd[1]: Starting Uncomplicated firewall...
[    2.236840] systemd[1]: Mounted Huge Pages File System.
[    2.236929] systemd[1]: Mounted POSIX Message Queue File System.
[    2.237001] systemd[1]: Mounted Kernel Debug File System.
[    2.237069] systemd[1]: Mounted Kernel Trace File System.
[    2.242511] EXT4-fs (sda2): re-mounted. Opts: errors=remount-ro
[    2.259160] systemd[1]: Finished Create list of static device nodes for the current kernel.
[    2.260235] systemd[1]: modprobe@drm.service: Succeeded.
[    2.277555] systemd[1]: Finished Load Kernel Module drm.
[    2.283641] systemd[1]: Finished Remount Root and Kernel File Systems.
[    2.284711] systemd[1]: Finished Uncomplicated firewall.
[    2.301485] lp: driver loaded but no devices found
[    2.302752] systemd[1]: Condition check resulted in Rebuild Hardware Database being skipped.
[    2.302790] systemd[1]: Condition check resulted in Platform Persistent Storage Archival being skipped.
[    2.303494] systemd[1]: Starting Load/Save Random Seed...
[    2.308937] systemd[1]: Starting Create System Users...
[    2.318295] systemd[1]: Finished Load/Save Random Seed.
[    2.319505] ppdev: user-space parallel port driver
[    2.328817] systemd[1]: Finished Create System Users.
[    2.329795] systemd[1]: Starting Create Static Device Nodes in /dev...
[    2.376434] systemd[1]: Finished Create Static Device Nodes in /dev.
[    2.377259] systemd[1]: Starting udev Kernel Device Manager...
[    2.385185] systemd[1]: Finished udev Coldplug all Devices.
[    2.396284] [drm] DMA map mode: Caching DMA mappings.
[    2.396347] [drm] Capabilities:
[    2.396347] [drm]   Rect copy.
[    2.396348] [drm]   Cursor.
[    2.396348] [drm]   Cursor bypass.
[    2.396348] [drm]   Cursor bypass 2.
[    2.396349] [drm]   Alpha cursor.
[    2.396349] [drm]   Extended Fifo.
[    2.396349] [drm]   Pitchlock.
[    2.396350] [drm]   Irq mask.
[    2.396350] [drm]   GMR.
[    2.396350] [drm]   Traces.
[    2.396351] [drm]   GMR2.
[    2.396351] [drm]   Screen Object 2.
[    2.396351] [drm]   Command Buffers.
[    2.396352] [drm]   Command Buffers 2.
[    2.396352] [drm]   Guest Backed Resources.
[    2.396354] [drm] Max GMR ids is 8192
[    2.396354] [drm] Max number of GMR pages is 1048576
[    2.396355] [drm] Max dedicated hypervisor surface memory is 393216 kiB
[    2.396355] [drm] Maximum display memory size is 131072 kiB
[    2.396356] [drm] VRAM at 0xe0000000 size is 131072 kiB
[    2.396357] [drm] MMIO at 0xf0000000 size is 2048 kiB
[    2.398342] [TTM] Zone  kernel: Available graphics memory: 1011738 KiB
[    2.398343] [TTM] Initializing pool allocator
[    2.398346] [TTM] Initializing DMA pool allocator
[    2.398376] [drm] Supports vblank timestamp caching Rev 2 (21.10.2013).
[    2.398376] [drm] No driver support for vblank timestamp query.
[    2.398633] [drm] Screen Target Display device initialized
[    2.398841] [drm] width 720
[    2.398850] [drm] height 400
[    2.398853] [drm] bpp 32
[    2.399416] [drm] Fifo max 0x00200000 min 0x00001000 cap 0x00000355
[    2.400717] [drm] Using command buffers with DMA pool.
[    2.400723] [drm] DX: no.
[    2.400724] [drm] Atomic: yes.
[    2.400724] [drm] SM4_1: no.
[    2.400744] [drm:vmw_host_log [vmwgfx]] *ERROR* Failed to send host log message.
[    2.401657] [drm:vmw_host_log [vmwgfx]] *ERROR* Failed to send host log message.
[    2.438943] fbcon: svgadrmfb (fb0) is primary device
[    2.441660] Console: switching to colour frame buffer device 100x37
[    2.446332] [drm] Initialized vmwgfx 2.15.0 20180704 for 0000:00:02.0 on minor 0
[    2.447402] systemd[1]: Finished Load Kernel Modules.
[    2.448334] systemd[1]: Mounting FUSE Control File System...
[    2.449701] systemd[1]: Mounting Kernel Configuration File System...
[    2.459307] systemd[1]: Starting Apply Kernel Variables...
[    2.475761] systemd[1]: Finished Set the console keyboard layout.
[    2.475929] systemd[1]: Mounted FUSE Control File System.
[    2.475994] systemd[1]: Reached target Local File Systems (Pre).
[    2.476015] systemd[1]: Condition check resulted in VMware vmblock fuse mount being skipped.
[    2.479495] systemd[1]: Mounting Mount unit for bare, revision 5...
[    2.486519] systemd[1]: Mounting Mount unit for core18, revision 1705...
[    2.489196] systemd[1]: Mounting Mount unit for gnome-3-34-1804, revision 24...
[    2.511406] systemd[1]: Mounting Mount unit for gtk-common-themes, revision 1506...
[    2.519574] systemd[1]: Mounting Mount unit for gtk-common-themes, revision 1535...
[    2.531231] systemd[1]: Mounting Mount unit for snap-store, revision 433...
[    2.538062] systemd[1]: Mounting Mount unit for snapd, revision 25935...
[    2.549543] systemd[1]: Mounted Kernel Configuration File System.
[    2.558543] systemd[1]: Finished Apply Kernel Variables.
[    2.560949] systemd[1]: Mounted Mount unit for bare, revision 5.
[    2.568916] systemd[1]: Mounted Mount unit for gnome-3-34-1804, revision 24.
[    2.578582] systemd[1]: Mounted Mount unit for gtk-common-themes, revision 1506.
[    2.584666] systemd[1]: Started udev Kernel Device Manager.
[    2.585409] systemd[1]: Starting Show Plymouth Boot Screen...
[    2.589984] systemd[1]: Mounted Mount unit for core18, revision 1705.
[    2.592525] systemd[1]: Received SIGRTMIN+20 from PID 273 (plymouthd).
[    2.615137] systemd[1]: Started Show Plymouth Boot Screen.
[    2.615294] systemd[1]: Condition check resulted in Dispatch Password Requests to Console Directory Watch being skipped.
[    2.615380] systemd[1]: Started Forward Password Requests to Plymouth Directory Watch.
[    2.615413] systemd[1]: Reached target Local Encrypted Volumes.
[    2.633311] systemd[1]: Mounted Mount unit for gtk-common-themes, revision 1535.
[    2.651111] systemd[1]: Mounted Mount unit for snap-store, revision 433.
[    2.651337] systemd[1]: Mounted Mount unit for snapd, revision 25935.
[    2.651489] systemd[1]: Reached target Local File Systems.
[    2.652319] systemd[1]: Starting Load AppArmor profiles...
[    2.654025] systemd[1]: Starting Set console font and keymap...
[    2.668328] systemd[1]: Starting Tell Plymouth To Write Out Runtime Data...
[    2.670124] systemd[1]: Condition check resulted in Store a System Token in an EFI Variable being skipped.
[    2.670182] systemd[1]: Condition check resulted in Commit a transient machine-id on disk being skipped.
[    2.672580] systemd[1]: Finished Set console font and keymap.
[    2.681547] systemd[1]: Received SIGRTMIN+20 from PID 273 (plymouthd).
[    2.682576] systemd[1]: plymouth-read-write.service: Succeeded.
[    2.682858] systemd[1]: Finished Tell Plymouth To Write Out Runtime Data.
[    2.702522] audit: type=1400 audit(1768686754.544:2): apparmor="STATUS" operation="profile_load" profile="unconfined" name="nvidia_modprobe" pid=300 comm="apparmor_parser"
[    2.702524] audit: type=1400 audit(1768686754.544:3): apparmor="STATUS" operation="profile_load" profile="unconfined" name="nvidia_modprobe//kmod" pid=300 comm="apparmor_parser"
[    2.712067] audit: type=1400 audit(1768686754.556:4): apparmor="STATUS" operation="profile_load" profile="unconfined" name="/usr/sbin/tcpdump" pid=301 comm="apparmor_parser"
[    2.761079] audit: type=1400 audit(1768686754.596:5): apparmor="STATUS" operation="profile_load" profile="unconfined" name="/usr/bin/evince" pid=303 comm="apparmor_parser"
[    2.761081] audit: type=1400 audit(1768686754.596:6): apparmor="STATUS" operation="profile_load" profile="unconfined" name="/usr/bin/evince//sanitized_helper" pid=303 comm="apparmor_parser"
[    2.761083] audit: type=1400 audit(1768686754.596:7): apparmor="STATUS" operation="profile_load" profile="unconfined" name="/usr/bin/evince-previewer" pid=303 comm="apparmor_parser"
[    2.761084] audit: type=1400 audit(1768686754.596:8): apparmor="STATUS" operation="profile_load" profile="unconfined" name="/usr/bin/evince-previewer//sanitized_helper" pid=303 comm="apparmor_parser"
[    2.761085] audit: type=1400 audit(1768686754.596:9): apparmor="STATUS" operation="profile_load" profile="unconfined" name="/usr/bin/evince-thumbnailer" pid=303 comm="apparmor_parser"
[    2.775631] audit: type=1400 audit(1768686754.616:10): apparmor="STATUS" operation="profile_load" profile="unconfined" name="/usr/lib/cups/backend/cups-pdf" pid=304 comm="apparmor_parser"
[    2.855932] systemd[1]: Finished Load AppArmor profiles.
[    2.856866] systemd[1]: Starting Load AppArmor profiles managed internally by snapd...
[    2.966580] systemd[1]: Finished Load AppArmor profiles managed internally by snapd.
[    3.149573] systemd[1]: Started Journal Service.
[    3.157236] systemd-journald[229]: Received client request to flush runtime journal.
[    3.164095] systemd-journald[229]: File /var/log/journal/c455b248004a419c87ce85eea238d727/system.journal corrupted or uncleanly shut down, renaming and replacing.
[    4.468864] RAPL PMU: API unit is 2^-32 Joules, 0 fixed counters, 10737418240 ms ovfl timer
[    4.539786] cryptd: max_cpu_qlen set to 1000
[    4.597360] AVX2 version of gcm_enc/dec engaged.
[    4.597361] AES CTR mode by8 optimization enabled
[    6.459597] Adding 1998844k swap on /dev/sda1.  Priority:-2 extents:1 across:1998844k FS
[    8.171777] kauditd_printk_skb: 30 callbacks suppressed
[    8.171778] audit: type=1400 audit(1768686760.012:41): apparmor="DENIED" operation="capable" profile="/usr/sbin/cups-browsed" pid=508 comm="cups-browsed" capability=23  capname="sys_nice"
[    9.039236] pcnet32 0000:00:03.0 enp0s3: link up, 100Mbps, full-duplex
[    9.083810] e1000: enp0s8 NIC Link is Up 1000 Mbps Full Duplex, Flow Control: RX
[    9.084261] IPv6: ADDRCONF(NETDEV_CHANGE): enp0s8: link becomes ready
[    9.096733] e1000: enp0s9 NIC Link is Up 1000 Mbps Full Duplex, Flow Control: RX
[    9.097121] IPv6: ADDRCONF(NETDEV_CHANGE): enp0s9: link becomes ready
[    9.736955] device enp0s3 entered promiscuous mode
[    9.774690] audit: type=1400 audit(1768686761.612:42): apparmor="DENIED" operation="open" profile="/usr/sbin/tcpdump" name="/proc/sys/kernel/random/boot_id" pid=659 comm="tcpdump" requested_mask="r" denied_mask="r" fsuid=0 ouid=0
[    9.776025] audit: type=1400 audit(1768686761.612:43): apparmor="DENIED" operation="open" profile="/usr/sbin/tcpdump" name="/proc/sys/kernel/random/boot_id" pid=659 comm="tcpdump" requested_mask="r" denied_mask="r" fsuid=0 ouid=0
[    9.776107] audit: type=1400 audit(1768686761.612:44): apparmor="DENIED" operation="open" profile="/usr/sbin/tcpdump" name="/proc/sys/kernel/random/boot_id" pid=659 comm="tcpdump" requested_mask="r" denied_mask="r" fsuid=0 ouid=0
[    9.777036] audit: type=1400 audit(1768686761.620:45): apparmor="DENIED" operation="open" profile="/usr/sbin/tcpdump" name="/proc/sys/kernel/random/boot_id" pid=659 comm="tcpdump" requested_mask="r" denied_mask="r" fsuid=0 ouid=0
[    9.779480] audit: type=1400 audit(1768686761.620:46): apparmor="DENIED" operation="open" profile="/usr/sbin/tcpdump" name="/proc/sys/kernel/random/boot_id" pid=660 comm="tcpdump" requested_mask="r" denied_mask="r" fsuid=0 ouid=0
[    9.779638] audit: type=1400 audit(1768686761.620:47): apparmor="DENIED" operation="open" profile="/usr/sbin/tcpdump" name="/proc/sys/kernel/random/boot_id" pid=660 comm="tcpdump" requested_mask="r" denied_mask="r" fsuid=0 ouid=0
[    9.779742] audit: type=1400 audit(1768686761.620:48): apparmor="DENIED" operation="open" profile="/usr/sbin/tcpdump" name="/proc/sys/kernel/random/boot_id" pid=660 comm="tcpdump" requested_mask="r" denied_mask="r" fsuid=0 ouid=0
[    9.779797] audit: type=1400 audit(1768686761.620:49): apparmor="DENIED" operation="open" profile="/usr/sbin/tcpdump" name="/proc/sys/kernel/random/boot_id" pid=660 comm="tcpdump" requested_mask="r" denied_mask="r" fsuid=0 ouid=0
[   15.707022] rfkill: input handler disabled
[  146.252680] AAAAA-TCP_FORW: name:enp0s3: saddr:100932208: daddr:16783984
[  151.295679] AAAAA-TCP_FORW: name:enp0s3: saddr:16783984: daddr:100932208
[  151.468998] AAAAA-TCP_FORW: name:enp0s3: saddr:16783984: daddr:100932208
[  151.554951] AAAAA-TCP_FORW: name:enp0s3: saddr:16783984: daddr:100932208
[  151.608581] AAAAA-TCP_FORW: name:enp0s3: saddr:16783984: daddr:100932208
[  151.756430] AAAAA-TCP_FORW: name:enp0s3: saddr:33561200: daddr:100932208
[  151.934171] AAAAA-TCP_FORW: name:enp0s3: saddr:16783984: daddr:100932208
[  152.011708] AAAAA-TCP_FORW: name:enp0s3: saddr:33561200: daddr:100932208
[  152.198881] AAAAA-TCP_FORW: name:enp0s3: saddr:16783984: daddr:100932208
[  152.252091] AAAAA-TCP_FORW: name:enp0s3: saddr:16783984: daddr:100932208
[  152.423466] AAAAA-TCP_FORW: name:enp0s3: saddr:16783984: daddr:100932208
[  152.529606] AAAAA-TCP_FORW: name:enp0s3: saddr:16783984: daddr:100932208
[  152.704665] AAAAA-TCP_FORW: name:enp0s3: saddr:16783984: daddr:100932208
[  152.734030] AAAAA-TCP_FORW: name:enp0s3: saddr:16783984: daddr:100932208
[  152.955360] AAAAA-TCP_FORW: name:enp0s3: saddr:33561200: daddr:100932208
[  153.012848] AAAAA-TCP_FORW: name:enp0s3: saddr:16783984: daddr:100932208
[  153.088336] AAAAA-TCP_FORW: name:enp0s3: saddr:33561200: daddr:100932208
[  153.289630] AAAAA-TCP_FORW: name:enp0s3: saddr:16783984: daddr:100932208
[  153.411787] AAAAA-TCP_FORW: name:enp0s3: saddr:16783984: daddr:100932208
[  153.701971] AAAAA-TCP_FORW: name:enp0s3: saddr:16783984: daddr:100932208
[  153.762449] AAAAA-TCP_FORW: name:enp0s3: saddr:16783984: daddr:100932208
[  153.894660] AAAAA-TCP_FORW: name:enp0s3: saddr:16783984: daddr:100932208
[  154.195134] AAAAA-TCP_FORW: name:enp0s3: saddr:16783984: daddr:100932208
[  154.270072] AAAAA-TCP_FORW: name:enp0s3: saddr:16783984: daddr:100932208
[  154.359483] AAAAA-TCP_FORW: name:enp0s3: saddr:16783984: daddr:100932208
[  154.444261] AAAAA-TCP_FORW: name:enp0s3: saddr:16783984: daddr:100932208
[  154.548709] AAAAA-TCP_FORW: name:enp0s3: saddr:16783984: daddr:100932208
[  154.627221] AAAAA-TCP_FORW: name:enp0s3: saddr:33561200: daddr:100932208
[  154.692530] AAAAA-TCP_FORW: name:enp0s3: saddr:33561200: daddr:100932208
[  154.791763] AAAAA-TCP_FORW: name:enp0s3: saddr:33561200: daddr:100932208
[  154.893586] AAAAA-TCP_FORW: name:enp0s3: saddr:33561200: daddr:100932208
[  154.989296] AAAAA-TCP_FORW: name:enp0s3: saddr:33561200: daddr:100932208
[  155.131529] AAAAA-TCP_FORW: name:enp0s3: saddr:33561200: daddr:100932208
[  155.235464] AAAAA-TCP_FORW: name:enp0s3: saddr:33561200: daddr:100932208
[  155.306068] AAAAA-TCP_FORW: name:enp0s3: saddr:33561200: daddr:100932208
[  155.394765] AAAAA-TCP_FORW: name:enp0s3: saddr:33561200: daddr:100932208
[  155.588038] AAAAA-TCP_FORW: name:enp0s3: saddr:33561200: daddr:100932208
[  155.685401] AAAAA-TCP_FORW: name:enp0s3: saddr:16783984: daddr:100932208
[  155.837265] AAAAA-TCP_FORW: name:enp0s3: saddr:16783984: daddr:100932208
[  155.933705] AAAAA-TCP_FORW: name:enp0s3: saddr:16783984: daddr:100932208
[  156.129030] AAAAA-TCP_FORW: name:enp0s3: saddr:16783984: daddr:100932208
[  156.254735] AAAAA-TCP_FORW: name:enp0s3: saddr:16783984: daddr:100932208
[  156.397788] AAAAA-TCP_FORW: name:enp0s3: saddr:16783984: daddr:100932208
[  156.533362] AAAAA-TCP_FORW: name:enp0s3: saddr:16783984: daddr:100932208
[  156.683308] AAAAA-TCP_FORW: name:enp0s3: saddr:16783984: daddr:100932208
[  156.899120] AAAAA-TCP_FORW: name:enp0s3: saddr:16783984: daddr:100932208
[  157.024992] AAAAA-TCP_FORW: name:enp0s3: saddr:33561200: daddr:100932208
[  157.102723] AAAAA-TCP_FORW: name:enp0s3: saddr:16783984: daddr:100932208
[  157.199498] AAAAA-TCP_FORW: name:enp0s3: saddr:16783984: daddr:100932208
[  157.400936] AAAAA-TCP_FORW: name:enp0s3: saddr:16783984: daddr:100932208
[  157.513415] AAAAA-TCP_FORW: name:enp0s3: saddr:16783984: daddr:100932208
[  157.583180] AAAAA-TCP_FORW: name:enp0s3: saddr:16783984: daddr:100932208
[  157.722190] AAAAA-TCP_FORW: name:enp0s3: saddr:16783984: daddr:100932208
[  157.865834] AAAAA-TCP_FORW: name:enp0s3: saddr:16783984: daddr:100932208
[  157.969377] AAAAA-TCP_FORW: name:enp0s3: saddr:16783984: daddr:100932208
[  158.136699] AAAAA-TCP_FORW: name:enp0s3: saddr:16783984: daddr:100932208
[  158.268600] AAAAA-TCP_FORW: name:enp0s3: saddr:16783984: daddr:100932208
[  158.561251] AAAAA-TCP_FORW: name:enp0s3: saddr:16783984: daddr:100932208
[  158.683561] AAAAA-TCP_FORW: name:enp0s3: saddr:16783984: daddr:100932208
[  158.740455] AAAAA-TCP_FORW: name:enp0s3: saddr:33561200: daddr:100932208
[  158.891890] AAAAA-TCP_FORW: name:enp0s3: saddr:33561200: daddr:100932208
[  158.932404] AAAAA-TCP_FORW: name:enp0s3: saddr:33561200: daddr:100932208
[  158.997641] AAAAA-TCP_FORW: name:enp0s3: saddr:33561200: daddr:100932208
[  159.078923] AAAAA-TCP_FORW: name:enp0s3: saddr:33561200: daddr:100932208
[  159.140471] AAAAA-TCP_FORW: name:enp0s3: saddr:33561200: daddr:100932208
[  159.187646] AAAAA-TCP_FORW: name:enp0s3: saddr:33561200: daddr:100932208
[  159.260087] AAAAA-TCP_FORW: name:enp0s3: saddr:33561200: daddr:100932208
[  159.368765] AAAAA-TCP_FORW: name:enp0s3: saddr:33561200: daddr:100932208
[  159.480609] AAAAA-TCP_FORW: name:enp0s3: saddr:33561200: daddr:100932208
[  159.566803] AAAAA-TCP_FORW: name:enp0s3: saddr:33561200: daddr:100932208
[  159.644224] AAAAA-TCP_FORW: name:enp0s3: saddr:33561200: daddr:100932208
[  159.923315] AAAAA-TCP_FORW: name:enp0s3: saddr:33561200: daddr:100932208
[  160.114786] AAAAA-TCP_FORW: name:enp0s3: saddr:33561200: daddr:100932208
[  160.259973] AAAAA-TCP_FORW: name:enp0s3: saddr:33561200: daddr:100932208
[  160.367946] AAAAA-TCP_FORW: name:enp0s3: saddr:33561200: daddr:100932208
[  160.513945] AAAAA-TCP_FORW: name:enp0s3: saddr:33561200: daddr:100932208
[  160.605068] AAAAA-TCP_FORW: name:enp0s3: saddr:33561200: daddr:100932208
[  160.777979] AAAAA-TCP_FORW: name:enp0s3: saddr:16783984: daddr:100932208
[  160.851568] AAAAA-TCP_FORW: name:enp0s3: saddr:33561200: daddr:100932208
[  160.927106] AAAAA-TCP_FORW: name:enp0s3: saddr:16783984: daddr:100932208
[  161.022079] AAAAA-TCP_FORW: name:enp0s3: saddr:16783984: daddr:100932208
[  161.102146] AAAAA-TCP_FORW: name:enp0s3: saddr:16783984: daddr:100932208
[  161.193066] AAAAA-TCP_FORW: name:enp0s3: saddr:16783984: daddr:100932208
[  161.243592] AAAAA-TCP_FORW: name:enp0s3: saddr:16783984: daddr:100932208
[  181.610555] AAAAA-TCP_FORW: name:enp0s3: saddr:16783984: daddr:100932208
[  182.093224] AAAAA-TCP_FORW: name:enp0s3: saddr:33561200: daddr:100932208
[  182.435210] AAAAA-TCP_FORW: name:enp0s3: saddr:33561200: daddr:100932208
[  189.758285] AAAAA-TCP_FORW: name:enp0s3: saddr:100932208: daddr:16783984
[  189.862593] AAAAA-TCP_FORW: name:enp0s3: saddr:100932208: daddr:16783984
[  190.310608] AAAAA-TCP_FORW: name:enp0s3: saddr:100932208: daddr:16783984
[  190.475313] AAAAA-TCP_FORW: name:enp0s3: saddr:100932208: daddr:16783984
[  190.627865] AAAAA-TCP_FORW: name:enp0s3: saddr:100932208: daddr:16783984
[  191.008769] AAAAA-TCP_FORW: name:enp0s3: saddr:100932208: daddr:16783984
[  198.046774] AAAAA-TCP_FORW: name:enp0s3: saddr:100932208: daddr:16783984
[  198.812638] AAAAA-TCP_FORW: name:enp0s3: saddr:100932208: daddr:16783984
[  198.871694] AAAAA-TCP_FORW: name:enp0s3: saddr:100932208: daddr:33561200
[  210.908354] AAAAA-TCP_FORW: name:enp0s3: saddr:33561200: daddr:100932208
[  211.506900] AAAAA-TCP_FORW: name:enp0s3: saddr:33561200: daddr:100932208
[  211.957869] AAAAA-TCP_FORW: name:enp0s3: saddr:33561200: daddr:100932208
[  212.502911] AAAAA-TCP_FORW: name:enp0s3: saddr:33561200: daddr:100932208
[  212.609429] AAAAA-TCP_FORW: name:enp0s3: saddr:33561200: daddr:100932208
[  212.990770] AAAAA-TCP_FORW: name:enp0s3: saddr:33561200: daddr:100932208
[  213.291829] AAAAA-TCP_FORW: name:enp0s3: saddr:33561200: daddr:100932208
[  213.561067] AAAAA-TCP_FORW: name:enp0s3: saddr:33561200: daddr:100932208
[  214.202467] AAAAA-TCP_FORW: name:enp0s3: saddr:16783984: daddr:100932208
[  214.564153] AAAAA-TCP_FORW: name:enp0s3: saddr:16783984: daddr:100932208
[  215.420116] AAAAA-TCP_FORW: name:enp0s3: saddr:16783984: daddr:100932208
[  215.667682] AAAAA-TCP_FORW: name:enp0s3: saddr:16783984: daddr:100932208
[  486.862544] rfkill: input handler enabled
[  496.062977] rfkill: input handler disabled
[  680.311075] device enp0s3 left promiscuous mode
