[    0.000000] Linux version 5.4.243-mptcp (root@ztg) (gcc version 12.2.0 (Debian 12.2.0-14+deb12u1)) #53 SMP Wed Dec 24 23:28:15 CST 2025
[    0.000000] Command line: BOOT_IMAGE=/boot/vmlinuz-5.4.243-mptcp root=UUID=98415a12-53b7-4144-8265-0f7ece09e445 ro quiet splash
[    0.000000] KERNEL supported cpus:
[    0.000000]   Intel GenuineIntel
[    0.000000]   AMD AuthenticAMD
[    0.000000]   Hygon HygonGenuine
[    0.000000]   Centaur CentaurHauls
[    0.000000]   zhaoxin   Shanghai  
[    0.000000] x86/fpu: Supporting XSAVE feature 0x001: 'x87 floating point registers'
[    0.000000] x86/fpu: Supporting XSAVE feature 0x002: 'SSE registers'
[    0.000000] x86/fpu: Supporting XSAVE feature 0x004: 'AVX registers'
[    0.000000] x86/fpu: xstate_offset[2]:  576, xstate_sizes[2]:  256
[    0.000000] x86/fpu: Enabled xstate features 0x7, context size is 832 bytes, using 'standard' format.
[    0.000000] BIOS-provided physical RAM map:
[    0.000000] BIOS-e820: [mem 0x0000000000000000-0x000000000009fbff] usable
[    0.000000] BIOS-e820: [mem 0x000000000009fc00-0x000000000009ffff] reserved
[    0.000000] BIOS-e820: [mem 0x00000000000f0000-0x00000000000fffff] reserved
[    0.000000] BIOS-e820: [mem 0x0000000000100000-0x000000007ffeffff] usable
[    0.000000] BIOS-e820: [mem 0x000000007fff0000-0x000000007fffffff] ACPI data
[    0.000000] BIOS-e820: [mem 0x00000000fec00000-0x00000000fec00fff] reserved
[    0.000000] BIOS-e820: [mem 0x00000000fee00000-0x00000000fee00fff] reserved
[    0.000000] BIOS-e820: [mem 0x00000000fffc0000-0x00000000ffffffff] reserved
[    0.000000] NX (Execute Disable) protection: active
[    0.000000] SMBIOS 2.5 present.
[    0.000000] DMI: innotek GmbH VirtualBox/VirtualBox, BIOS VirtualBox 12/01/2006
[    0.000000] Hypervisor detected: KVM
[    0.000000] kvm-clock: Using msrs 4b564d01 and 4b564d00
[    0.000000] kvm-clock: cpu 0, msr 2a001001, primary cpu clock
[    0.000000] kvm-clock: using sched offset of 4493744764 cycles
[    0.000003] clocksource: kvm-clock: mask: 0xffffffffffffffff max_cycles: 0x1cd42e4dffb, max_idle_ns: 881590591483 ns
[    0.000005] tsc: Detected 2100.000 MHz processor
[    0.001877] e820: update [mem 0x00000000-0x00000fff] usable ==> reserved
[    0.001879] e820: remove [mem 0x000a0000-0x000fffff] usable
[    0.001883] last_pfn = 0x7fff0 max_arch_pfn = 0x400000000
[    0.001951] MTRR default type: uncachable
[    0.001952] MTRR fixed ranges enabled:
[    0.001954]   00000-9FFFF write-back
[    0.001954]   A0000-BFFFF uncachable
[    0.001955]   C0000-FFFFF write-protect
[    0.001956] MTRR variable ranges enabled:
[    0.001957]   0 base 000000000000 mask 3FFF80000000 write-back
[    0.001958]   1 disabled
[    0.001958]   2 disabled
[    0.001959]   3 disabled
[    0.001959]   4 disabled
[    0.001960]   5 disabled
[    0.001960]   6 disabled
[    0.001960]   7 disabled
[    0.001961]   8 disabled
[    0.001961]   9 disabled
[    0.001962]   10 disabled
[    0.001962]   11 disabled
[    0.001963]   12 disabled
[    0.001963]   13 disabled
[    0.001963]   14 disabled
[    0.001964]   15 disabled
[    0.001980] x86/PAT: Configuration [0-7]: WB  WC  UC- UC  WB  WP  UC- WT  
[    0.002115] found SMP MP-table at [mem 0x0009fff0-0x0009ffff]
[    0.090020] check: Scanning 1 areas for low memory corruption
[    0.090279] RAMDISK: [mem 0x32271000-0x3512ffff]
[    0.090287] ACPI: Early table checksum verification disabled
[    0.090292] ACPI: RSDP 0x00000000000E0000 000024 (v02 VBOX  )
[    0.090297] ACPI: XSDT 0x000000007FFF0030 00003C (v01 VBOX   VBOXXSDT 00000001 ASL  00000061)
[    0.090303] ACPI: FACP 0x000000007FFF00F0 0000F4 (v04 VBOX   VBOXFACP 00000001 ASL  00000061)
[    0.090309] ACPI: DSDT 0x000000007FFF02E0 002353 (v02 VBOX   VBOXBIOS 00000002 VBOX 00029BF3)
[    0.090313] ACPI: FACS 0x000000007FFF0200 000040
[    0.090317] ACPI: FACS 0x000000007FFF0200 000040
[    0.090320] ACPI: APIC 0x000000007FFF0240 000054 (v02 VBOX   VBOXAPIC 00000001 ASL  00000061)
[    0.090324] ACPI: SSDT 0x000000007FFF02A0 000038 (v01 VBOX   VBOXCPUT 00000002 VBOX 00029BF3)
[    0.090327] ACPI: Reserving FACP table memory at [mem 0x7fff00f0-0x7fff01e3]
[    0.090328] ACPI: Reserving DSDT table memory at [mem 0x7fff02e0-0x7fff2632]
[    0.090328] ACPI: Reserving FACS table memory at [mem 0x7fff0200-0x7fff023f]
[    0.090329] ACPI: Reserving FACS table memory at [mem 0x7fff0200-0x7fff023f]
[    0.090330] ACPI: Reserving APIC table memory at [mem 0x7fff0240-0x7fff0293]
[    0.090330] ACPI: Reserving SSDT table memory at [mem 0x7fff02a0-0x7fff02d7]
[    0.090344] ACPI: Local APIC address 0xfee00000
[    0.090533] No NUMA configuration found
[    0.090534] Faking a node at [mem 0x0000000000000000-0x000000007ffeffff]
[    0.090545] NODE_DATA(0) allocated [mem 0x7ffc5000-0x7ffeffff]
[    0.090826] Zone ranges:
[    0.090827]   DMA      [mem 0x0000000000001000-0x0000000000ffffff]
[    0.090828]   DMA32    [mem 0x0000000001000000-0x000000007ffeffff]
[    0.090829]   Normal   empty
[    0.090830]   Device   empty
[    0.090830] Movable zone start for each node
[    0.090832] Early memory node ranges
[    0.090833]   node   0: [mem 0x0000000000001000-0x000000000009efff]
[    0.090834]   node   0: [mem 0x0000000000100000-0x000000007ffeffff]
[    0.090837] Zeroed struct page in unavailable ranges: 114 pages
[    0.090838] Initmem setup node 0 [mem 0x0000000000001000-0x000000007ffeffff]
[    0.090839] On node 0 totalpages: 524174
[    0.090840]   DMA zone: 64 pages used for memmap
[    0.090841]   DMA zone: 21 pages reserved
[    0.090842]   DMA zone: 3998 pages, LIFO batch:0
[    0.090911]   DMA32 zone: 8128 pages used for memmap
[    0.090912]   DMA32 zone: 520176 pages, LIFO batch:63
[    0.099935] ACPI: PM-Timer IO Port: 0x4008
[    0.099938] ACPI: Local APIC address 0xfee00000
[    0.100006] IOAPIC[0]: apic_id 1, version 32, address 0xfec00000, GSI 0-23
[    0.100010] ACPI: INT_SRC_OVR (bus 0 bus_irq 0 global_irq 2 dfl dfl)
[    0.100012] ACPI: INT_SRC_OVR (bus 0 bus_irq 9 global_irq 9 low level)
[    0.100014] ACPI: IRQ0 used by override.
[    0.100015] ACPI: IRQ9 used by override.
[    0.100017] Using ACPI (MADT) for SMP configuration information
[    0.100033] smpboot: Allowing 1 CPUs, 0 hotplug CPUs
[    0.100055] PM: Registered nosave memory: [mem 0x00000000-0x00000fff]
[    0.100057] PM: Registered nosave memory: [mem 0x0009f000-0x0009ffff]
[    0.100058] PM: Registered nosave memory: [mem 0x000a0000-0x000effff]
[    0.100058] PM: Registered nosave memory: [mem 0x000f0000-0x000fffff]
[    0.100060] [mem 0x80000000-0xfebfffff] available for PCI devices
[    0.100061] Booting paravirtualized kernel on KVM
[    0.100064] clocksource: refined-jiffies: mask: 0xffffffff max_cycles: 0xffffffff, max_idle_ns: 7645519600211568 ns
[    0.100069] setup_percpu: NR_CPUS:8192 nr_cpumask_bits:1 nr_cpu_ids:1 nr_node_ids:1
[    0.101091] percpu: Embedded 60 pages/cpu s208896 r8192 d28672 u2097152
[    0.101096] pcpu-alloc: s208896 r8192 d28672 u2097152 alloc=1*2097152
[    0.101097] pcpu-alloc: [0] 0 
[    0.101123] Built 1 zonelists, mobility grouping on.  Total pages: 515961
[    0.101124] Policy zone: DMA32
[    0.101125] Kernel command line: BOOT_IMAGE=/boot/vmlinuz-5.4.243-mptcp root=UUID=98415a12-53b7-4144-8265-0f7ece09e445 ro quiet splash
[    0.101973] Dentry cache hash table entries: 262144 (order: 9, 2097152 bytes, linear)
[    0.102235] Inode-cache hash table entries: 131072 (order: 8, 1048576 bytes, linear)
[    0.102287] mem auto-init: stack:off, heap alloc:on, heap free:off
[    0.102290] Calgary: detecting Calgary via BIOS EBDA area
[    0.102291] Calgary: Unable to locate Rio Grande table in EBDA - bailing!
[    0.106524] Memory: 1967332K/2096696K available (14339K kernel code, 2398K rwdata, 4712K rodata, 2728K init, 17260K bss, 129364K reserved, 0K cma-reserved)
[    0.107465] SLUB: HWalign=64, Order=0-3, MinObjects=0, CPUs=1, Nodes=1
[    0.107480] ftrace: allocating 43186 entries in 169 pages
[    0.125533] rcu: Hierarchical RCU implementation.
[    0.125534] rcu: 	RCU restricting CPUs from NR_CPUS=8192 to nr_cpu_ids=1.
[    0.125535] 	Tasks RCU enabled.
[    0.125536] rcu: RCU calculated value of scheduler-enlistment delay is 25 jiffies.
[    0.125537] rcu: Adjusting geometry for rcu_fanout_leaf=16, nr_cpu_ids=1
[    0.128500] NR_IRQS: 524544, nr_irqs: 256, preallocated irqs: 16
[    0.128716] random: crng init done
[    0.138138] Console: colour VGA+ 80x25
[    0.138143] printk: console [tty0] enabled
[    0.138162] ACPI: Core revision 20190816
[    0.138251] APIC: Switch to symmetric I/O mode setup
[    0.138503] x2apic enabled
[    0.138741] Switched APIC routing to physical x2apic.
[    0.139865] ..TIMER: vector=0x30 apic1=0 pin1=2 apic2=-1 pin2=-1
[    0.139890] clocksource: tsc-early: mask: 0xffffffffffffffff max_cycles: 0x1e4530a99b6, max_idle_ns: 440795257976 ns
[    0.139896] Calibrating delay loop (skipped) preset value.. 4200.00 BogoMIPS (lpj=8400000)
[    0.139898] pid_max: default: 32768 minimum: 301
[    0.139926] LSM: Security Framework initializing
[    0.139936] Yama: becoming mindful.
[    0.139962] AppArmor: AppArmor initialized
[    0.139996] Mount-cache hash table entries: 4096 (order: 3, 32768 bytes, linear)
[    0.140000] Mountpoint-cache hash table entries: 4096 (order: 3, 32768 bytes, linear)
[    0.140010] *** VALIDATE tmpfs ***
[    0.140155] *** VALIDATE proc ***
[    0.140197] *** VALIDATE cgroup1 ***
[    0.140198] *** VALIDATE cgroup2 ***
[    0.140340] process: using mwait in idle threads
[    0.140345] Last level iTLB entries: 4KB 64, 2MB 8, 4MB 8
[    0.140345] Last level dTLB entries: 4KB 64, 2MB 0, 4MB 0, 1GB 4
[    0.140366] Spectre V1 : Mitigation: usercopy/swapgs barriers and __user pointer sanitization
[    0.140372] Spectre V2 : Mitigation: Retpolines
[    0.140372] Spectre V2 : Spectre v2 / SpectreRSB mitigation: Filling RSB on context switch
[    0.140373] Spectre V2 : Spectre v2 / SpectreRSB : Filling RSB on VMEXIT
[    0.140374] RETBleed: WARNING: Spectre v2 mitigation leaves CPU vulnerable to RETBleed attacks, data leaks possible!
[    0.140722] RETBleed: Vulnerable
[    0.140723] Speculative Store Bypass: Vulnerable
[    0.140728] TAA: Mitigation: TSX disabled
[    0.140728] MMIO Stale Data: Mitigation: Clear CPU buffers
[    0.144918] Freeing SMP alternatives memory: 40K
[    0.256691] smpboot: CPU0: Intel(R) Xeon(R) Silver 4216 CPU @ 2.10GHz (family: 0x6, model: 0x55, stepping: 0x7)
[    0.256813] Performance Events: unsupported p6 CPU model 85 no PMU driver, software events only.
[    0.256852] rcu: Hierarchical SRCU implementation.
[    0.257346] NMI watchdog: Perf NMI watchdog permanently disabled
[    0.257385] smp: Bringing up secondary CPUs ...
[    0.257386] smp: Brought up 1 node, 1 CPU
[    0.257387] smpboot: Max logical packages: 1
[    0.257388] smpboot: Total of 1 processors activated (4200.00 BogoMIPS)
[    0.258374] devtmpfs: initialized
[    0.258421] x86/mm: Memory block size: 128MB
[    0.258773] clocksource: jiffies: mask: 0xffffffff max_cycles: 0xffffffff, max_idle_ns: 7645041785100000 ns
[    0.258779] futex hash table entries: 256 (order: 2, 16384 bytes, linear)
[    0.258823] pinctrl core: initialized pinctrl subsystem
[    0.258923] PM: RTC time: 20:52:23, date: 2026-01-19
[    0.259031] NET: Registered protocol family 16
[    0.259106] audit: initializing netlink subsys (disabled)
[    0.259233] EISA bus registered
[    0.259235] cpuidle: using governor ladder
[    0.259235] cpuidle: using governor menu
[    0.259272] ACPI: bus type PCI registered
[    0.259273] acpiphp: ACPI Hot Plug PCI Controller Driver version: 0.5
[    0.259378] PCI: Using configuration type 1 for base access
[    0.260219] audit: type=2000 audit(1768827149.475:1): state=initialized audit_enabled=0 res=1
[    0.260308] HugeTLB registered 2.00 MiB page size, pre-allocated 0 pages
[    0.261120] ACPI: Added _OSI(Module Device)
[    0.261120] ACPI: Added _OSI(Processor Device)
[    0.261121] ACPI: Added _OSI(3.0 _SCP Extensions)
[    0.261122] ACPI: Added _OSI(Processor Aggregator Device)
[    0.261123] ACPI: Added _OSI(Linux-Dell-Video)
[    0.261124] ACPI: Added _OSI(Linux-Lenovo-NV-HDMI-Audio)
[    0.261124] ACPI: Added _OSI(Linux-HPI-Hybrid-Graphics)
[    0.263069] ACPI: 2 ACPI AML tables successfully acquired and loaded
[    0.264604] ACPI: Interpreter enabled
[    0.264613] ACPI: (supports S0 S5)
[    0.264615] ACPI: Using IOAPIC for interrupt routing
[    0.264819] PCI: Using host bridge windows from ACPI; if necessary, use "pci=nocrs" and report a bug
[    0.264924] ACPI: Enabled 2 GPEs in block 00 to 07
[    0.269841] ACPI: PCI Root Bridge [PCI0] (domain 0000 [bus 00-ff])
[    0.269847] acpi PNP0A03:00: _OSC: OS supports [ASPM ClockPM Segments MSI HPX-Type3]
[    0.270290] acpi PNP0A03:00: _OSC: not requesting OS control; OS requires [ExtendedConfig ASPM ClockPM MSI]
[    0.270298] acpi PNP0A03:00: fail to add MMCONFIG information, can't access extended PCI configuration space under this bridge.
[    0.270663] PCI host bridge to bus 0000:00
[    0.270665] pci_bus 0000:00: root bus resource [io  0x0000-0x0cf7 window]
[    0.270667] pci_bus 0000:00: root bus resource [io  0x0d00-0xffff window]
[    0.270668] pci_bus 0000:00: root bus resource [mem 0x000a0000-0x000bffff window]
[    0.270669] pci_bus 0000:00: root bus resource [mem 0x80000000-0xfdffffff window]
[    0.270670] pci_bus 0000:00: root bus resource [bus 00-ff]
[    0.270714] pci 0000:00:00.0: [8086:1237] type 00 class 0x060000
[    0.271642] pci 0000:00:01.0: [8086:7000] type 00 class 0x060100
[    0.272442] pci 0000:00:01.1: [8086:7111] type 00 class 0x01018a
[    0.272812] pci 0000:00:01.1: reg 0x20: [io  0xd000-0xd00f]
[    0.272965] pci 0000:00:01.1: legacy IDE quirk: reg 0x10: [io  0x01f0-0x01f7]
[    0.272966] pci 0000:00:01.1: legacy IDE quirk: reg 0x14: [io  0x03f6]
[    0.272967] pci 0000:00:01.1: legacy IDE quirk: reg 0x18: [io  0x0170-0x0177]
[    0.272968] pci 0000:00:01.1: legacy IDE quirk: reg 0x1c: [io  0x0376]
[    0.273504] pci 0000:00:02.0: [15ad:0405] type 00 class 0x030000
[    0.275975] pci 0000:00:02.0: reg 0x10: [io  0xd010-0xd01f]
[    0.279938] pci 0000:00:02.0: reg 0x14: [mem 0xe0000000-0xe7ffffff pref]
[    0.282784] pci 0000:00:02.0: reg 0x18: [mem 0xf0000000-0xf01fffff]
[    0.294475] pci 0000:00:03.0: [1022:2000] type 00 class 0x020000
[    0.295228] pci 0000:00:03.0: reg 0x10: [io  0xd020-0xd03f]
[    0.295891] pci 0000:00:03.0: reg 0x14: [mem 0xf0200000-0xf0200fff]
[    0.299589] pci 0000:00:04.0: [80ee:cafe] type 00 class 0x088000
[    0.300013] pci 0000:00:04.0: reg 0x10: [io  0xd040-0xd05f]
[    0.300646] pci 0000:00:04.0: reg 0x14: [mem 0xf0400000-0xf07fffff]
[    0.301268] pci 0000:00:04.0: reg 0x18: [mem 0xf0800000-0xf0803fff pref]
[    0.304917] pci 0000:00:07.0: [8086:7113] type 00 class 0x068000
[    0.305466] pci 0000:00:07.0: quirk: [io  0x4000-0x403f] claimed by PIIX4 ACPI
[    0.305476] pci 0000:00:07.0: quirk: [io  0x4100-0x410f] claimed by PIIX4 SMB
[    0.306057] pci 0000:00:08.0: [1022:2000] type 00 class 0x020000
[    0.306768] pci 0000:00:08.0: reg 0x10: [io  0xd060-0xd07f]
[    0.307404] pci 0000:00:08.0: reg 0x14: [mem 0xf0804000-0xf0804fff]
[    0.310981] pci 0000:00:09.0: [8086:100e] type 00 class 0x020000
[    0.311706] pci 0000:00:09.0: reg 0x10: [mem 0xf0820000-0xf083ffff]
[    0.312594] pci 0000:00:09.0: reg 0x18: [io  0xd080-0xd087]
[    0.324279] ACPI: PCI Interrupt Link [LNKA] (IRQs 5 9 10 *11)
[    0.324560] ACPI: PCI Interrupt Link [LNKB] (IRQs 5 9 *10 11)
[    0.324663] ACPI: PCI Interrupt Link [LNKC] (IRQs 5 *9 10 11)
[    0.324763] ACPI: PCI Interrupt Link [LNKD] (IRQs 5 9 10 *11)
[    0.325045] iommu: Default domain type: Translated 
[    0.325107] pci 0000:00:02.0: vgaarb: setting as boot VGA device
[    0.325109] pci 0000:00:02.0: vgaarb: VGA device added: decodes=io+mem,owns=io+mem,locks=none
[    0.325112] pci 0000:00:02.0: vgaarb: bridge control possible
[    0.325113] vgaarb: loaded
[    0.325324] SCSI subsystem initialized
[    0.325355] libata version 3.00 loaded.
[    0.325377] ACPI: bus type USB registered
[    0.325392] usbcore: registered new interface driver usbfs
[    0.325398] usbcore: registered new interface driver hub
[    0.325404] usbcore: registered new device driver usb
[    0.325431] pps_core: LinuxPPS API ver. 1 registered
[    0.325431] pps_core: Software ver. 5.3.6 - Copyright 2005-2007 Rodolfo Giometti <giometti@linux.it>
[    0.325433] PTP clock support registered
[    0.325468] EDAC MC: Ver: 3.0.0
[    0.325757] PCI: Using ACPI for IRQ routing
[    0.325759] PCI: pci_cache_line_size set to 64 bytes
[    0.325931] e820: reserve RAM buffer [mem 0x0009fc00-0x0009ffff]
[    0.325934] e820: reserve RAM buffer [mem 0x7fff0000-0x7fffffff]
[    0.326732] NetLabel: Initializing
[    0.326733] NetLabel:  domain hash size = 128
[    0.326733] NetLabel:  protocols = UNLABELED CIPSOv4 CALIPSO
[    0.326753] NetLabel:  unlabeled traffic allowed by default
[    0.327662] clocksource: Switched to clocksource kvm-clock
[    0.335909] *** VALIDATE bpf ***
[    0.335909] VFS: Disk quotas dquot_6.6.0
[    0.335909] VFS: Dquot-cache hash table entries: 512 (order 0, 4096 bytes)
[    0.335909] *** VALIDATE ramfs ***
[    0.335909] *** VALIDATE hugetlbfs ***
[    0.335909] AppArmor: AppArmor Filesystem Enabled
[    0.335909] pnp: PnP ACPI init
[    0.335909] pnp 00:00: Plug and Play ACPI device, IDs PNP0303 (active)
[    0.338536] pnp 00:01: Plug and Play ACPI device, IDs PNP0f03 (active)
[    0.339312] pnp: PnP ACPI: found 2 devices
[    0.340262] thermal_sys: Registered thermal governor 'fair_share'
[    0.340263] thermal_sys: Registered thermal governor 'bang_bang'
[    0.340263] thermal_sys: Registered thermal governor 'step_wise'
[    0.340264] thermal_sys: Registered thermal governor 'user_space'
[    0.340265] thermal_sys: Registered thermal governor 'power_allocator'
[    0.344829] clocksource: acpi_pm: mask: 0xffffff max_cycles: 0xffffff, max_idle_ns: 2085701024 ns
[    0.344868] pci_bus 0000:00: resource 4 [io  0x0000-0x0cf7 window]
[    0.344870] pci_bus 0000:00: resource 5 [io  0x0d00-0xffff window]
[    0.344871] pci_bus 0000:00: resource 6 [mem 0x000a0000-0x000bffff window]
[    0.344872] pci_bus 0000:00: resource 7 [mem 0x80000000-0xfdffffff window]
[    0.344930] NET: Registered protocol family 2
[    0.345002] IP idents hash table entries: 32768 (order: 6, 262144 bytes, linear)
[    0.345415] MPTCP tokens hash table entries: 8192 (order: 4, 65536 bytes, linear)
[    0.345435] MPTCP request tokens hash table entries: 8192 (order: 4, 65536 bytes, linear)
[    0.345460] default registered
[    0.345460] default registered
[    0.345461] MPTCP: Stable release v0.96
[    0.345466] tcp_listen_portaddr_hash hash table entries: 1024 (order: 2, 16384 bytes, linear)
[    0.345545] TCP established hash table entries: 16384 (order: 5, 131072 bytes, linear)
[    0.345606] TCP bind hash table entries: 16384 (order: 6, 262144 bytes, linear)
[    0.345632] TCP: Hash tables configured (established 16384 bind 16384)
[    0.346343] UDP hash table entries: 1024 (order: 3, 32768 bytes, linear)
[    0.346354] UDP-Lite hash table entries: 1024 (order: 3, 32768 bytes, linear)
[    0.346388] NET: Registered protocol family 1
[    0.346396] NET: Registered protocol family 44
[    0.346416] pci 0000:00:00.0: Limiting direct PCI/PCI transfers
[    0.346429] pci 0000:00:01.0: Activating ISA DMA hang workarounds
[    0.346484] pci 0000:00:02.0: Video device with shadowed ROM at [mem 0x000c0000-0x000dffff]
[    0.346546] PCI: CLS 0 bytes, default 64
[    0.346591] Trying to unpack rootfs image as initramfs...
[    0.520010] Freeing initrd memory: 47868K
[    0.520010] clocksource: tsc: mask: 0xffffffffffffffff max_cycles: 0x1e4530a99b6, max_idle_ns: 440795257976 ns
[    0.520010] clocksource: Switched to clocksource tsc
[    0.520010] platform rtc_cmos: registered platform RTC device (no PNP device found)
[    0.520010] check: Scanning for low memory corruption every 60 seconds
[    0.520010] Initialise system trusted keyrings
[    0.520010] Key type blacklist registered
[    0.520010] workingset: timestamp_bits=36 max_order=19 bucket_order=0
[    0.520010] zbud: loaded
[    0.520010] squashfs: version 4.0 (2009/01/31) Phillip Lougher
[    0.520010] fuse: init (API version 7.31)
[    0.520010] *** VALIDATE fuse ***
[    0.520010] *** VALIDATE fuse ***
[    0.520010] Platform Keyring initialized
[    0.532148] Key type asymmetric registered
[    0.532150] Asymmetric key parser 'x509' registered
[    0.532159] Block layer SCSI generic (bsg) driver version 0.4 loaded (major 244)
[    0.532194] io scheduler mq-deadline registered
[    0.532315] shpchp: Standard Hot Plug PCI Controller Driver version: 0.4
[    0.532514] ACPI: AC Adapter [AC] (on-line)
[    0.532558] input: Power Button as /devices/LNXSYSTM:00/LNXPWRBN:00/input/input0
[    0.532587] ACPI: Power Button [PWRF]
[    0.532664] input: Sleep Button as /devices/LNXSYSTM:00/LNXSLPBN:00/input/input1
[    0.532678] ACPI: Sleep Button [SLPF]
[    0.532896] Serial: 8250/16550 driver, 32 ports, IRQ sharing enabled
[    0.534091] Linux agpgart interface v0.103
[    0.623217] loop: module loaded
[    0.623364] ata_piix 0000:00:01.1: version 2.13
[    0.623774] scsi host0: ata_piix
[    0.623865] scsi host1: ata_piix
[    0.623891] ata1: PATA max UDMA/33 cmd 0x1f0 ctl 0x3f6 bmdma 0xd000 irq 14
[    0.623891] ata2: PATA max UDMA/33 cmd 0x170 ctl 0x376 bmdma 0xd008 irq 15
[    0.623972] tun: Universal TUN/TAP device driver, 1.6
[    0.624285] PPP generic driver version 2.4.2
[    0.624328] VFIO - User Level meta-driver version: 0.3
[    0.624562] ehci_hcd: USB 2.0 'Enhanced' Host Controller (EHCI) Driver
[    0.624567] ehci-pci: EHCI PCI platform driver
[    0.624582] ehci-platform: EHCI generic platform driver
[    0.624588] ohci_hcd: USB 1.1 'Open' Host Controller (OHCI) Driver
[    0.624589] ohci-pci: OHCI PCI platform driver
[    0.624597] ohci-platform: OHCI generic platform driver
[    0.624601] uhci_hcd: USB Universal Host Controller Interface driver
[    0.624665] i8042: PNP: PS/2 Controller [PNP0303:PS2K,PNP0f03:PS2M] at 0x60,0x64 irq 1,12
[    0.625101] serio: i8042 KBD port at 0x60,0x64 irq 1
[    0.625106] serio: i8042 AUX port at 0x60,0x64 irq 12
[    0.625205] mousedev: PS/2 mouse device common for all mice
[    0.625468] input: AT Translated Set 2 keyboard as /devices/platform/i8042/serio0/input/input2
[    0.625870] rtc_cmos rtc_cmos: registered as rtc0
[    0.625884] rtc_cmos rtc_cmos: alarms up to one day, 114 bytes nvram
[    0.625889] i2c /dev entries driver
[    0.625934] device-mapper: uevent: version 1.0.3
[    0.625976] device-mapper: ioctl: 4.41.0-ioctl (2019-09-16) initialised: dm-devel@redhat.com
[    0.625992] platform eisa.0: Probing EISA bus 0
[    0.625993] platform eisa.0: EISA: Cannot allocate resource for mainboard
[    0.625995] platform eisa.0: Cannot allocate resource for EISA slot 1
[    0.625996] platform eisa.0: Cannot allocate resource for EISA slot 2
[    0.625997] platform eisa.0: Cannot allocate resource for EISA slot 3
[    0.625998] platform eisa.0: Cannot allocate resource for EISA slot 4
[    0.625999] platform eisa.0: Cannot allocate resource for EISA slot 5
[    0.626000] platform eisa.0: Cannot allocate resource for EISA slot 6
[    0.626000] platform eisa.0: Cannot allocate resource for EISA slot 7
[    0.626001] platform eisa.0: Cannot allocate resource for EISA slot 8
[    0.626002] platform eisa.0: EISA: Detected 0 cards
[    0.626005] intel_pstate: CPU model not supported
[    0.626014] ledtrig-cpu: registered to indicate activity on CPUs
[    0.626070] drop_monitor: Initializing network drop monitor service
[    0.626229] NET: Registered protocol family 10
[    0.631343] Segment Routing with IPv6
[    0.631367] fullmesh registered
[    0.631367] ndiffports registered
[    0.631367] binder registered
[    0.631367] roundrobin registered
[    0.631367] redundant registered
[    0.631367] blest registered
[    0.631367] ecf registered
[    0.631367] NET: Registered protocol family 17
[    0.631367] Key type dns_resolver registered
[    0.631367] RAS: Correctable Errors collector initialized.
[    0.631367] IPI shorthand broadcast: enabled
[    0.631367] sched_clock: Marking stable (616181192, 11186175)->(630202004, -2834637)
[    0.631586] registered taskstats version 1
[    0.631595] Loading compiled-in X.509 certificates
[    0.632183] Loaded X.509 cert 'Build time autogenerated kernel key: 6909f3744cebb3d0de528d5887b96a727de79b1e'
[    0.632200] zswap: loaded using pool lzo/zbud
[    0.632252] Key type ._fscrypt registered
[    0.632253] Key type .fscrypt registered
[    0.636731] Key type big_key registered
[    0.638926] Key type encrypted registered
[    0.638928] AppArmor: AppArmor sha1 policy hashing enabled
[    0.638935] ima: No TPM chip found, activating TPM-bypass!
[    0.638938] ima: Allocated hash algorithm: sha1
[    0.638944] ima: No architecture policies found
[    0.638953] evm: Initialising EVM extended attributes:
[    0.638953] evm: security.selinux
[    0.638954] evm: security.SMACK64
[    0.638954] evm: security.SMACK64EXEC
[    0.638955] evm: security.SMACK64TRANSMUTE
[    0.638956] evm: security.SMACK64MMAP
[    0.638956] evm: security.apparmor
[    0.638956] evm: security.ima
[    0.638957] evm: security.capability
[    0.638958] evm: HMAC attrs: 0x1
[    0.639252] PM:   Magic number: 10:857:902
[    0.639279] acpi PNP0501:02: hash matches
[    0.639370] rtc_cmos rtc_cmos: setting system clock to 2026-01-19T20:52:24 UTC (1768855944)
[    0.796197] ata1.00: ATA-6: VBOX HARDDISK, 1.0, max UDMA/133
[    0.796200] ata1.00: 209715200 sectors, multi 128: LBA 
[    0.796823] scsi 0:0:0:0: Direct-Access     ATA      VBOX HARDDISK    1.0  PQ: 0 ANSI: 5
[    0.797092] sd 0:0:0:0: [sda] 209715200 512-byte logical blocks: (107 GB/100 GiB)
[    0.797104] sd 0:0:0:0: [sda] Write Protect is off
[    0.797107] sd 0:0:0:0: [sda] Mode Sense: 00 3a 00 00
[    0.797127] sd 0:0:0:0: [sda] Write cache: enabled, read cache: enabled, doesn't support DPO or FUA
[    0.797341] sd 0:0:0:0: Attached scsi generic sg0 type 0
[    0.798875]  sda: sda1 sda2
[    0.807372] sd 0:0:0:0: [sda] Attached SCSI disk
[    0.810505] Freeing unused decrypted memory: 2040K
[    0.811432] Freeing unused kernel image memory: 2728K
[    0.811435] Write protecting the kernel read-only data: 22528k
[    0.812410] Freeing unused kernel image memory: 2036K
[    0.812944] Freeing unused kernel image memory: 1432K
[    0.837866] x86/mm: Checked W+X mappings: passed, no W+X pages found.
[    0.837870] Run /init as init process
[    0.944539] ACPI: Video Device [GFX0] (multi-head: yes  rom: no  post: no)
[    0.944610] input: Video Bus as /devices/LNXSYSTM:00/LNXSYBUS:00/PNP0A03:00/LNXVIDEO:00/input/input4
[    0.957851] pcnet32: pcnet32.c:v1.35 21.Apr.2008 tsbogend@alpha.franken.de
[    0.958628] pcnet32: PCnet/FAST III 79C973 at 0xd020, 08:00:27:e6:fc:e8 assigned IRQ 19
[    0.958670] pcnet32: Found PHY 0022:561b at address 0
[    0.958972] pcnet32: eth0: registered as PCnet/FAST III 79C973
[    0.961081] piix4_smbus 0000:00:07.0: SMBus Host Controller at 0x4100, revision 0
[    0.962080] pcnet32: PCnet/FAST III 79C973 at 0xd060, 08:00:27:00:4d:f7 assigned IRQ 16
[    0.962123] pcnet32: Found PHY 0022:561b at address 0
[    0.962416] pcnet32: eth1: registered as PCnet/FAST III 79C973
[    0.967255] e1000: Intel(R) PRO/1000 Network Driver - version 7.3.21-k8-NAPI
[    0.967256] e1000: Copyright (c) 1999-2006 Intel Corporation.
[    0.974782] pcnet32: 2 cards_found
[    1.035728] pcnet32 0000:00:03.0 enp0s3: renamed from eth0
[    1.037540] pcnet32 0000:00:08.0 enp0s8: renamed from eth1
[    1.184306] input: ImExPS/2 Generic Explorer Mouse as /devices/platform/i8042/serio1/input/input5
[    1.371469] e1000 0000:00:09.0 eth0: (PCI:33MHz:32-bit) 08:00:27:59:c2:21
[    1.371473] e1000 0000:00:09.0 eth0: Intel(R) PRO/1000 Network Connection
[    1.372542] e1000 0000:00:09.0 enp0s9: renamed from eth0
[    1.525990] EXT4-fs (sda2): mounted filesystem with ordered data mode. Opts: (null)
[    1.621546] systemd[1]: Inserted module 'autofs4'
[    1.634513] systemd[1]: systemd 245.4-4ubuntu3 running in system mode. (+PAM +AUDIT +SELINUX +IMA +APPARMOR +SMACK +SYSVINIT +UTMP +LIBCRYPTSETUP +GCRYPT +GNUTLS +ACL +XZ +LZ4 +SECCOMP +BLKID +ELFUTILS +KMOD +IDN2 -IDN +PCRE2 default-hierarchy=hybrid)
[    1.634545] systemd[1]: Detected virtualization oracle.
[    1.634549] systemd[1]: Detected architecture x86-64.
[    1.635907] systemd[1]: Set hostname to <ztg>.
[    1.764939] systemd[1]: /lib/systemd/system/dbus.socket:5: ListenStream= references a path below legacy directory /var/run/, updating /var/run/dbus/system_bus_socket â†’ /run/dbus/system_bus_socket; please update the unit file accordingly.
[    1.819875] systemd[1]: Created slice system-modprobe.slice.
[    1.820063] systemd[1]: Created slice User and Session Slice.
[    1.820107] systemd[1]: Started Forward Password Requests to Wall Directory Watch.
[    1.820274] systemd[1]: Set up automount Arbitrary Executable File Formats File System Automount Point.
[    1.820307] systemd[1]: Reached target User and Group Name Lookups.
[    1.820317] systemd[1]: Reached target Remote File Systems.
[    1.820325] systemd[1]: Reached target Slices.
[    1.820917] systemd[1]: Listening on Syslog Socket.
[    1.820986] systemd[1]: Listening on fsck to fsckd communication Socket.
[    1.821023] systemd[1]: Listening on initctl Compatibility Named Pipe.
[    1.821160] systemd[1]: Listening on Journal Audit Socket.
[    1.821228] systemd[1]: Listening on Journal Socket (/dev/log).
[    1.821297] systemd[1]: Listening on Journal Socket.
[    1.821363] systemd[1]: Listening on udev Control Socket.
[    1.821401] systemd[1]: Listening on udev Kernel Socket.
[    1.822144] systemd[1]: Mounting Huge Pages File System...
[    1.823075] systemd[1]: Mounting POSIX Message Queue File System...
[    1.824009] systemd[1]: Mounting Kernel Debug File System...
[    1.824881] systemd[1]: Mounting Kernel Trace File System...
[    1.826805] systemd[1]: Starting Journal Service...
[    1.850099] systemd[1]: Starting Set the console keyboard layout...
[    1.858055] systemd[1]: Starting Create list of static device nodes for the current kernel...
[    1.860048] systemd[1]: Starting Load Kernel Module drm...
[    1.861072] systemd[1]: Condition check resulted in Set Up Additional Binary Formats being skipped.
[    1.861122] systemd[1]: Condition check resulted in File System Check on Root Device being skipped.
[    1.877253] systemd[1]: Starting Load Kernel Modules...
[    1.880310] systemd[1]: Starting Remount Root and Kernel File Systems...
[    1.887641] systemd[1]: Starting udev Coldplug all Devices...
[    1.913288] systemd[1]: Starting Uncomplicated firewall...
[    1.914553] systemd[1]: Mounted Huge Pages File System.
[    1.914644] systemd[1]: Mounted POSIX Message Queue File System.
[    1.914716] systemd[1]: Mounted Kernel Debug File System.
[    1.914786] systemd[1]: Mounted Kernel Trace File System.
[    1.923318] EXT4-fs (sda2): re-mounted. Opts: errors=remount-ro
[    1.923881] systemd[1]: Finished Create list of static device nodes for the current kernel.
[    1.924972] systemd[1]: modprobe@drm.service: Succeeded.
[    1.929275] systemd[1]: Finished Load Kernel Module drm.
[    1.944028] systemd[1]: Finished Remount Root and Kernel File Systems.
[    1.950149] systemd[1]: Finished Uncomplicated firewall.
[    1.967948] systemd[1]: Condition check resulted in Rebuild Hardware Database being skipped.
[    1.967987] systemd[1]: Condition check resulted in Platform Persistent Storage Archival being skipped.
[    1.968999] systemd[1]: Starting Load/Save Random Seed...
[    1.975067] systemd[1]: Starting Create System Users...
[    1.981536] lp: driver loaded but no devices found
[    1.985338] systemd[1]: Finished Load/Save Random Seed.
[    1.988418] ppdev: user-space parallel port driver
[    1.994983] systemd[1]: Finished Create System Users.
[    1.996485] systemd[1]: Starting Create Static Device Nodes in /dev...
[    2.033763] systemd[1]: Finished udev Coldplug all Devices.
[    2.044434] systemd[1]: Finished Create Static Device Nodes in /dev.
[    2.045295] systemd[1]: Starting udev Kernel Device Manager...
[    2.074789] [drm] DMA map mode: Caching DMA mappings.
[    2.074853] [drm] Capabilities:
[    2.074853] [drm]   Rect copy.
[    2.074854] [drm]   Cursor.
[    2.074854] [drm]   Cursor bypass.
[    2.074854] [drm]   Cursor bypass 2.
[    2.074855] [drm]   Alpha cursor.
[    2.074855] [drm]   Extended Fifo.
[    2.074855] [drm]   Pitchlock.
[    2.074856] [drm]   Irq mask.
[    2.074856] [drm]   GMR.
[    2.074856] [drm]   Traces.
[    2.074857] [drm]   GMR2.
[    2.074857] [drm]   Screen Object 2.
[    2.074857] [drm]   Command Buffers.
[    2.074858] [drm]   Command Buffers 2.
[    2.074858] [drm]   Guest Backed Resources.
[    2.074859] [drm] Max GMR ids is 8192
[    2.074860] [drm] Max number of GMR pages is 1048576
[    2.074860] [drm] Max dedicated hypervisor surface memory is 393216 kiB
[    2.074861] [drm] Maximum display memory size is 131072 kiB
[    2.074861] [drm] VRAM at 0xe0000000 size is 131072 kiB
[    2.074862] [drm] MMIO at 0xf0000000 size is 2048 kiB
[    2.076519] [TTM] Zone  kernel: Available graphics memory: 1011738 KiB
[    2.076520] [TTM] Initializing pool allocator
[    2.076524] [TTM] Initializing DMA pool allocator
[    2.076578] [drm] Supports vblank timestamp caching Rev 2 (21.10.2013).
[    2.076578] [drm] No driver support for vblank timestamp query.
[    2.076807] [drm] Screen Target Display device initialized
[    2.077008] [drm] width 720
[    2.077020] [drm] height 400
[    2.077023] [drm] bpp 32
[    2.077596] [drm] Fifo max 0x00200000 min 0x00001000 cap 0x00000355
[    2.078755] [drm] Using command buffers with DMA pool.
[    2.078759] [drm] DX: no.
[    2.078760] [drm] Atomic: yes.
[    2.078760] [drm] SM4_1: no.
[    2.078779] [drm:vmw_host_log [vmwgfx]] *ERROR* Failed to send host log message.
[    2.080068] [drm:vmw_host_log [vmwgfx]] *ERROR* Failed to send host log message.
[    2.110861] fbcon: svgadrmfb (fb0) is primary device
[    2.113739] Console: switching to colour frame buffer device 100x37
[    2.121592] [drm] Initialized vmwgfx 2.15.0 20180704 for 0000:00:02.0 on minor 0
[    2.122529] systemd[1]: Finished Load Kernel Modules.
[    2.123522] systemd[1]: Mounting FUSE Control File System...
[    2.124632] systemd[1]: Mounting Kernel Configuration File System...
[    2.135102] systemd[1]: Starting Apply Kernel Variables...
[    2.136146] systemd[1]: Mounted FUSE Control File System.
[    2.136227] systemd[1]: Condition check resulted in VMware vmblock fuse mount being skipped.
[    2.149120] systemd[1]: Mounted Kernel Configuration File System.
[    2.153438] systemd[1]: Finished Set the console keyboard layout.
[    2.153560] systemd[1]: Reached target Local File Systems (Pre).
[    2.156055] systemd[1]: Mounting Mount unit for bare, revision 5...
[    2.163431] systemd[1]: Mounting Mount unit for core18, revision 1705...
[    2.168926] systemd[1]: Mounting Mount unit for gnome-3-34-1804, revision 24...
[    2.172098] systemd[1]: Mounting Mount unit for gtk-common-themes, revision 1506...
[    2.204161] systemd[1]: Mounting Mount unit for gtk-common-themes, revision 1535...
[    2.212746] systemd[1]: Mounting Mount unit for snap-store, revision 433...
[    2.217432] systemd[1]: Mounting Mount unit for snapd, revision 7264...
[    2.230369] systemd[1]: Finished Apply Kernel Variables.
[    2.230513] systemd[1]: Mounted Mount unit for bare, revision 5.
[    2.237655] systemd[1]: Mounted Mount unit for core18, revision 1705.
[    2.247614] systemd[1]: Mounted Mount unit for gtk-common-themes, revision 1506.
[    2.252040] systemd[1]: Started udev Kernel Device Manager.
[    2.252753] systemd[1]: Starting Show Plymouth Boot Screen...
[    2.257979] systemd[1]: Received SIGRTMIN+20 from PID 277 (plymouthd).
[    2.269054] systemd[1]: Mounted Mount unit for gnome-3-34-1804, revision 24.
[    2.283144] systemd[1]: Started Show Plymouth Boot Screen.
[    2.283272] systemd[1]: Condition check resulted in Dispatch Password Requests to Console Directory Watch being skipped.
[    2.283359] systemd[1]: Started Forward Password Requests to Plymouth Directory Watch.
[    2.283388] systemd[1]: Reached target Local Encrypted Volumes.
[    2.301324] systemd[1]: Mounted Mount unit for gtk-common-themes, revision 1535.
[    2.342674] systemd[1]: Mounted Mount unit for snap-store, revision 433.
[    2.342898] systemd[1]: Mounted Mount unit for snapd, revision 7264.
[    2.343047] systemd[1]: Reached target Local File Systems.
[    2.343902] systemd[1]: Starting Load AppArmor profiles...
[    2.346897] systemd[1]: Starting Set console font and keymap...
[    2.360105] systemd[1]: Starting Tell Plymouth To Write Out Runtime Data...
[    2.362591] systemd[1]: Condition check resulted in Store a System Token in an EFI Variable being skipped.
[    2.362639] systemd[1]: Condition check resulted in Commit a transient machine-id on disk being skipped.
[    2.365050] systemd[1]: Finished Set console font and keymap.
[    2.374024] systemd[1]: Received SIGRTMIN+20 from PID 277 (plymouthd).
[    2.375650] systemd[1]: plymouth-read-write.service: Succeeded.
[    2.375884] systemd[1]: Finished Tell Plymouth To Write Out Runtime Data.
[    2.390986] audit: type=1400 audit(1768855946.244:2): apparmor="STATUS" operation="profile_load" profile="unconfined" name="nvidia_modprobe" pid=302 comm="apparmor_parser"
[    2.390989] audit: type=1400 audit(1768855946.244:3): apparmor="STATUS" operation="profile_load" profile="unconfined" name="nvidia_modprobe//kmod" pid=302 comm="apparmor_parser"
[    2.413734] audit: type=1400 audit(1768855946.268:4): apparmor="STATUS" operation="profile_load" profile="unconfined" name="/usr/sbin/tcpdump" pid=303 comm="apparmor_parser"
[    2.443632] audit: type=1400 audit(1768855946.292:5): apparmor="STATUS" operation="profile_load" profile="unconfined" name="/usr/bin/evince" pid=305 comm="apparmor_parser"
[    2.443634] audit: type=1400 audit(1768855946.292:6): apparmor="STATUS" operation="profile_load" profile="unconfined" name="/usr/bin/evince//sanitized_helper" pid=305 comm="apparmor_parser"
[    2.443636] audit: type=1400 audit(1768855946.292:7): apparmor="STATUS" operation="profile_load" profile="unconfined" name="/usr/bin/evince-previewer" pid=305 comm="apparmor_parser"
[    2.443637] audit: type=1400 audit(1768855946.292:8): apparmor="STATUS" operation="profile_load" profile="unconfined" name="/usr/bin/evince-previewer//sanitized_helper" pid=305 comm="apparmor_parser"
[    2.443639] audit: type=1400 audit(1768855946.292:9): apparmor="STATUS" operation="profile_load" profile="unconfined" name="/usr/bin/evince-thumbnailer" pid=305 comm="apparmor_parser"
[    2.462957] audit: type=1400 audit(1768855946.316:10): apparmor="STATUS" operation="profile_load" profile="unconfined" name="/usr/lib/cups/backend/cups-pdf" pid=306 comm="apparmor_parser"
[    2.540365] systemd[1]: Finished Load AppArmor profiles.
[    2.541550] systemd[1]: Starting Load AppArmor profiles managed internally by snapd...
[    2.606542] systemd[1]: Finished Load AppArmor profiles managed internally by snapd.
[    2.809964] systemd[1]: Started Journal Service.
[    2.820762] systemd-journald[229]: Received client request to flush runtime journal.
[    2.824430] systemd-journald[229]: File /var/log/journal/c455b248004a419c87ce85eea238d727/system.journal corrupted or uncleanly shut down, renaming and replacing.
[    4.164210] RAPL PMU: API unit is 2^-32 Joules, 0 fixed counters, 10737418240 ms ovfl timer
[    4.187482] cryptd: max_cpu_qlen set to 1000
[    4.260540] AVX2 version of gcm_enc/dec engaged.
[    4.260541] AES CTR mode by8 optimization enabled
[    5.064233] Adding 1998844k swap on /dev/sda1.  Priority:-2 extents:1 across:1998844k FS
[    6.714028] kauditd_printk_skb: 30 callbacks suppressed
[    6.714029] audit: type=1400 audit(1768855950.568:41): apparmor="DENIED" operation="capable" profile="/usr/sbin/cups-browsed" pid=498 comm="cups-browsed" capability=23  capname="sys_nice"
[    7.276855] pcnet32 0000:00:03.0 enp0s3: link up, 100Mbps, full-duplex
[    7.290690] pcnet32 0000:00:08.0 enp0s8: link up, 100Mbps, full-duplex
[    7.318625] e1000: enp0s9 NIC Link is Up 1000 Mbps Full Duplex, Flow Control: RX
[    7.318913] IPv6: ADDRCONF(NETDEV_CHANGE): enp0s9: link becomes ready
[    7.754312] device enp0s8 entered promiscuous mode
[    7.775099] device enp0s3 entered promiscuous mode
[    7.802863] audit: type=1400 audit(1768855951.660:42): apparmor="DENIED" operation="open" profile="/usr/sbin/tcpdump" name="/proc/sys/kernel/random/boot_id" pid=668 comm="tcpdump" requested_mask="r" denied_mask="r" fsuid=0 ouid=0
[    7.803166] audit: type=1400 audit(1768855951.660:43): apparmor="DENIED" operation="open" profile="/usr/sbin/tcpdump" name="/proc/sys/kernel/random/boot_id" pid=668 comm="tcpdump" requested_mask="r" denied_mask="r" fsuid=0 ouid=0
[    7.803470] audit: type=1400 audit(1768855951.660:44): apparmor="DENIED" operation="open" profile="/usr/sbin/tcpdump" name="/proc/sys/kernel/random/boot_id" pid=668 comm="tcpdump" requested_mask="r" denied_mask="r" fsuid=0 ouid=0
[    7.803803] audit: type=1400 audit(1768855951.660:45): apparmor="DENIED" operation="open" profile="/usr/sbin/tcpdump" name="/proc/sys/kernel/random/boot_id" pid=668 comm="tcpdump" requested_mask="r" denied_mask="r" fsuid=0 ouid=0
[    7.806511] audit: type=1400 audit(1768855951.660:46): apparmor="DENIED" operation="open" profile="/usr/sbin/tcpdump" name="/proc/sys/kernel/random/boot_id" pid=669 comm="tcpdump" requested_mask="r" denied_mask="r" fsuid=0 ouid=0
[    7.808107] audit: type=1400 audit(1768855951.668:47): apparmor="DENIED" operation="open" profile="/usr/sbin/tcpdump" name="/proc/sys/kernel/random/boot_id" pid=671 comm="tcpdump" requested_mask="r" denied_mask="r" fsuid=0 ouid=0
[    7.809574] audit: type=1400 audit(1768855951.668:48): apparmor="DENIED" operation="open" profile="/usr/sbin/tcpdump" name="/proc/sys/kernel/random/boot_id" pid=669 comm="tcpdump" requested_mask="r" denied_mask="r" fsuid=0 ouid=0
[    7.809616] audit: type=1400 audit(1768855951.668:49): apparmor="DENIED" operation="open" profile="/usr/sbin/tcpdump" name="/proc/sys/kernel/random/boot_id" pid=669 comm="tcpdump" requested_mask="r" denied_mask="r" fsuid=0 ouid=0
[    7.810199] audit: type=1400 audit(1768855951.668:50): apparmor="DENIED" operation="open" profile="/usr/sbin/tcpdump" name="/proc/sys/kernel/random/boot_id" pid=669 comm="tcpdump" requested_mask="r" denied_mask="r" fsuid=0 ouid=0
[   12.306829] rfkill: input handler disabled
[  207.580109] AAAAA-TCP_FORW: name:enp0s8: saddr:100932208: daddr:16783984
[  207.834751] AAAAA-TCP_FORW: name:enp0s8: saddr:100932208: daddr:16783984
[  208.547832] AAAAA-TCP_FORW: name:enp0s8: saddr:100932208: daddr:33561200
[  208.859168] AAAAA-TCP_FORW: name:enp0s8: saddr:100932208: daddr:16783984
[  232.840495] AAAAA-TCP_FORW: name:enp0s3: saddr:33561200: daddr:100932208
[  233.143688] AAAAA-TCP_FORW: name:enp0s3: saddr:33561200: daddr:100932208
[  233.314676] AAAAA-TCP_FORW: name:enp0s3: saddr:33561200: daddr:100932208
[  233.438182] AAAAA-TCP_FORW: name:enp0s3: saddr:33561200: daddr:100932208
[  233.533486] AAAAA-TCP_FORW: name:enp0s3: saddr:33561200: daddr:100932208
[  233.698046] AAAAA-TCP_FORW: name:enp0s3: saddr:33561200: daddr:100932208
[  233.849081] AAAAA-TCP_FORW: name:enp0s3: saddr:33561200: daddr:100932208
[  233.975110] AAAAA-TCP_FORW: name:enp0s3: saddr:16783984: daddr:100932208
[  234.056442] AAAAA-TCP_FORW: name:enp0s3: saddr:16783984: daddr:100932208
[  234.218241] AAAAA-TCP_FORW: name:enp0s3: saddr:33561200: daddr:100932208
[  234.381587] AAAAA-TCP_FORW: name:enp0s3: saddr:33561200: daddr:100932208
[  234.487888] AAAAA-TCP_FORW: name:enp0s3: saddr:33561200: daddr:100932208
[  234.627235] AAAAA-TCP_FORW: name:enp0s3: saddr:33561200: daddr:100932208
[  234.734586] AAAAA-TCP_FORW: name:enp0s3: saddr:16783984: daddr:100932208
[  235.038084] AAAAA-TCP_FORW: name:enp0s3: saddr:16783984: daddr:100932208
[  235.123876] AAAAA-TCP_FORW: name:enp0s3: saddr:16783984: daddr:100932208
[  235.202322] AAAAA-TCP_FORW: name:enp0s3: saddr:33561200: daddr:100932208
[  235.341578] AAAAA-TCP_FORW: name:enp0s3: saddr:16783984: daddr:100932208
[  235.439523] AAAAA-TCP_FORW: name:enp0s3: saddr:16783984: daddr:100932208
[  235.549887] AAAAA-TCP_FORW: name:enp0s3: saddr:16783984: daddr:100932208
[  235.631275] AAAAA-TCP_FORW: name:enp0s3: saddr:16783984: daddr:100932208
[  235.727773] AAAAA-TCP_FORW: name:enp0s3: saddr:16783984: daddr:100932208
[  236.364049] AAAAA-TCP_FORW: name:enp0s3: saddr:16783984: daddr:100932208
[  236.555851] AAAAA-TCP_FORW: name:enp0s3: saddr:16783984: daddr:100932208
[  236.765172] AAAAA-TCP_FORW: name:enp0s3: saddr:16783984: daddr:100932208
[  236.889129] AAAAA-TCP_FORW: name:enp0s3: saddr:16783984: daddr:100932208
[  236.976009] AAAAA-TCP_FORW: name:enp0s3: saddr:16783984: daddr:100932208
[  237.096818] AAAAA-TCP_FORW: name:enp0s3: saddr:16783984: daddr:100932208
[  237.284840] AAAAA-TCP_FORW: name:enp0s3: saddr:16783984: daddr:100932208
[  237.571392] AAAAA-TCP_FORW: name:enp0s3: saddr:33561200: daddr:100932208
[  237.885306] AAAAA-TCP_FORW: name:enp0s3: saddr:16783984: daddr:100932208
[  238.015801] AAAAA-TCP_FORW: name:enp0s3: saddr:16783984: daddr:100932208
[  261.166826] AAAAA-TCP_FORW: name:enp0s8: saddr:100932208: daddr:16783984
[  261.311133] AAAAA-TCP_FORW: name:enp0s8: saddr:100932208: daddr:16783984
[  261.420450] AAAAA-TCP_FORW: name:enp0s8: saddr:100932208: daddr:33561200
[  261.489560] AAAAA-TCP_FORW: name:enp0s8: saddr:100932208: daddr:33561200
[  261.923418] AAAAA-TCP_FORW: name:enp0s8: saddr:100932208: daddr:16783984
[  262.064728] AAAAA-TCP_FORW: name:enp0s8: saddr:100932208: daddr:16783984
[  263.395669] AAAAA-TCP_FORW: name:enp0s8: saddr:100932208: daddr:16783984
[  320.972510] AAAAA-TCP_FORW: name:enp0s8: saddr:100932208: daddr:33561200
[  321.000556] AAAAA-TCP_FORW: name:enp0s8: saddr:100932208: daddr:16783984
[  358.804403] AAAAA-TCP_FORW: name:enp0s8: saddr:100932208: daddr:16783984
[  358.987883] AAAAA-TCP_FORW: name:enp0s8: saddr:100932208: daddr:16783984
[  358.988927] AAAAA-TCP_FORW: name:enp0s3: saddr:16783984: daddr:100932208
[  359.081761] AAAAA-TCP_FORW: name:enp0s3: saddr:33561200: daddr:100932208
[  359.204010] AAAAA-TCP_FORW: name:enp0s3: saddr:33561200: daddr:100932208
[  359.204066] AAAAA-TCP_FORW: name:enp0s3: saddr:16783984: daddr:100932208
[  359.204147] AAAAA-TCP_FORW: name:enp0s3: saddr:33561200: daddr:100932208
[  359.377745] AAAAA-TCP_FORW: name:enp0s3: saddr:33561200: daddr:100932208
[  359.377786] AAAAA-TCP_FORW: name:enp0s3: saddr:16783984: daddr:100932208
[  359.496063] AAAAA-TCP_FORW: name:enp0s3: saddr:33561200: daddr:100932208
[  359.576072] AAAAA-TCP_FORW: name:enp0s3: saddr:33561200: daddr:100932208
[  359.728381] AAAAA-TCP_FORW: name:enp0s3: saddr:33561200: daddr:100932208
[  360.013712] AAAAA-TCP_FORW: name:enp0s3: saddr:16783984: daddr:100932208
[  360.319701] AAAAA-TCP_FORW: name:enp0s3: saddr:33561200: daddr:100932208
[  373.585636] AAAAA-TCP_FORW: name:enp0s8: saddr:100932208: daddr:33561200
[  376.859136] AAAAA-TCP_FORW: name:enp0s8: saddr:100932208: daddr:16783984
[  377.018897] AAAAA-TCP_FORW: name:enp0s8: saddr:100932208: daddr:33561200
[  377.232714] AAAAA-TCP_FORW: name:enp0s8: saddr:100932208: daddr:16783984
[  377.313744] AAAAA-TCP_FORW: name:enp0s8: saddr:100932208: daddr:16783984
[  377.915948] AAAAA-TCP_FORW: name:enp0s8: saddr:100932208: daddr:33561200
[  378.366270] AAAAA-TCP_FORW: name:enp0s8: saddr:100932208: daddr:16783984
[  378.465740] AAAAA-TCP_FORW: name:enp0s8: saddr:100932208: daddr:16783984
[  378.744521] AAAAA-TCP_FORW: name:enp0s8: saddr:100932208: daddr:16783984
[  380.306265] AAAAA-TCP_FORW: name:enp0s8: saddr:100932208: daddr:33561200
[  592.378748] rfkill: input handler enabled
[  600.755632] rfkill: input handler disabled
[  753.911875] device enp0s3 left promiscuous mode
[  753.913774] device enp0s8 left promiscuous mode
