[    0.000000] Linux version 5.4.243-mptcp (root@ztg) (gcc version 12.2.0 (Debian 12.2.0-14+deb12u1)) #53 SMP Wed Dec 24 23:28:15 CST 2025
[    0.000000] Command line: BOOT_IMAGE=/boot/vmlinuz-5.4.243-mptcp root=UUID=98415a12-53b7-4144-8265-0f7ece09e445 ro quiet splash
[    0.000000] KERNEL supported cpus:
[    0.000000]   Intel GenuineIntel
[    0.000000]   AMD AuthenticAMD
[    0.000000]   Hygon HygonGenuine
[    0.000000]   Centaur CentaurHauls
[    0.000000]   zhaoxin   Shanghai  
[    0.000000] x86/fpu: Supporting XSAVE feature 0x001: 'x87 floating point registers'
[    0.000000] x86/fpu: Supporting XSAVE feature 0x002: 'SSE registers'
[    0.000000] x86/fpu: Supporting XSAVE feature 0x004: 'AVX registers'
[    0.000000] x86/fpu: xstate_offset[2]:  576, xstate_sizes[2]:  256
[    0.000000] x86/fpu: Enabled xstate features 0x7, context size is 832 bytes, using 'standard' format.
[    0.000000] BIOS-provided physical RAM map:
[    0.000000] BIOS-e820: [mem 0x0000000000000000-0x000000000009fbff] usable
[    0.000000] BIOS-e820: [mem 0x000000000009fc00-0x000000000009ffff] reserved
[    0.000000] BIOS-e820: [mem 0x00000000000f0000-0x00000000000fffff] reserved
[    0.000000] BIOS-e820: [mem 0x0000000000100000-0x000000007ffeffff] usable
[    0.000000] BIOS-e820: [mem 0x000000007fff0000-0x000000007fffffff] ACPI data
[    0.000000] BIOS-e820: [mem 0x00000000fec00000-0x00000000fec00fff] reserved
[    0.000000] BIOS-e820: [mem 0x00000000fee00000-0x00000000fee00fff] reserved
[    0.000000] BIOS-e820: [mem 0x00000000fffc0000-0x00000000ffffffff] reserved
[    0.000000] NX (Execute Disable) protection: active
[    0.000000] SMBIOS 2.5 present.
[    0.000000] DMI: innotek GmbH VirtualBox/VirtualBox, BIOS VirtualBox 12/01/2006
[    0.000000] Hypervisor detected: KVM
[    0.000000] kvm-clock: Using msrs 4b564d01 and 4b564d00
[    0.000000] kvm-clock: cpu 0, msr 23201001, primary cpu clock
[    0.000000] kvm-clock: using sched offset of 4423170347 cycles
[    0.000002] clocksource: kvm-clock: mask: 0xffffffffffffffff max_cycles: 0x1cd42e4dffb, max_idle_ns: 881590591483 ns
[    0.000005] tsc: Detected 2100.000 MHz processor
[    0.001881] e820: update [mem 0x00000000-0x00000fff] usable ==> reserved
[    0.001883] e820: remove [mem 0x000a0000-0x000fffff] usable
[    0.001887] last_pfn = 0x7fff0 max_arch_pfn = 0x400000000
[    0.001955] MTRR default type: uncachable
[    0.001956] MTRR fixed ranges enabled:
[    0.001957]   00000-9FFFF write-back
[    0.001958]   A0000-BFFFF uncachable
[    0.001959]   C0000-FFFFF write-protect
[    0.001959] MTRR variable ranges enabled:
[    0.001961]   0 base 000000000000 mask 3FFF80000000 write-back
[    0.001961]   1 disabled
[    0.001962]   2 disabled
[    0.001962]   3 disabled
[    0.001963]   4 disabled
[    0.001963]   5 disabled
[    0.001964]   6 disabled
[    0.001964]   7 disabled
[    0.001964]   8 disabled
[    0.001965]   9 disabled
[    0.001965]   10 disabled
[    0.001966]   11 disabled
[    0.001966]   12 disabled
[    0.001967]   13 disabled
[    0.001967]   14 disabled
[    0.001967]   15 disabled
[    0.001984] x86/PAT: Configuration [0-7]: WB  WC  UC- UC  WB  WP  UC- WT  
[    0.002118] found SMP MP-table at [mem 0x0009fff0-0x0009ffff]
[    0.091960] check: Scanning 1 areas for low memory corruption
[    0.092098] RAMDISK: [mem 0x32271000-0x3512ffff]
[    0.092107] ACPI: Early table checksum verification disabled
[    0.092113] ACPI: RSDP 0x00000000000E0000 000024 (v02 VBOX  )
[    0.092117] ACPI: XSDT 0x000000007FFF0030 00003C (v01 VBOX   VBOXXSDT 00000001 ASL  00000061)
[    0.092123] ACPI: FACP 0x000000007FFF00F0 0000F4 (v04 VBOX   VBOXFACP 00000001 ASL  00000061)
[    0.092130] ACPI: DSDT 0x000000007FFF02E0 002353 (v02 VBOX   VBOXBIOS 00000002 VBOX 00029BF3)
[    0.092134] ACPI: FACS 0x000000007FFF0200 000040
[    0.092138] ACPI: FACS 0x000000007FFF0200 000040
[    0.092141] ACPI: APIC 0x000000007FFF0240 000054 (v02 VBOX   VBOXAPIC 00000001 ASL  00000061)
[    0.092145] ACPI: SSDT 0x000000007FFF02A0 000038 (v01 VBOX   VBOXCPUT 00000002 VBOX 00029BF3)
[    0.092148] ACPI: Reserving FACP table memory at [mem 0x7fff00f0-0x7fff01e3]
[    0.092149] ACPI: Reserving DSDT table memory at [mem 0x7fff02e0-0x7fff2632]
[    0.092149] ACPI: Reserving FACS table memory at [mem 0x7fff0200-0x7fff023f]
[    0.092150] ACPI: Reserving FACS table memory at [mem 0x7fff0200-0x7fff023f]
[    0.092151] ACPI: Reserving APIC table memory at [mem 0x7fff0240-0x7fff0293]
[    0.092152] ACPI: Reserving SSDT table memory at [mem 0x7fff02a0-0x7fff02d7]
[    0.092166] ACPI: Local APIC address 0xfee00000
[    0.092353] No NUMA configuration found
[    0.092355] Faking a node at [mem 0x0000000000000000-0x000000007ffeffff]
[    0.092365] NODE_DATA(0) allocated [mem 0x7ffc5000-0x7ffeffff]
[    0.092626] Zone ranges:
[    0.092627]   DMA      [mem 0x0000000000001000-0x0000000000ffffff]
[    0.092628]   DMA32    [mem 0x0000000001000000-0x000000007ffeffff]
[    0.092629]   Normal   empty
[    0.092630]   Device   empty
[    0.092631] Movable zone start for each node
[    0.092633] Early memory node ranges
[    0.092634]   node   0: [mem 0x0000000000001000-0x000000000009efff]
[    0.092635]   node   0: [mem 0x0000000000100000-0x000000007ffeffff]
[    0.092638] Zeroed struct page in unavailable ranges: 114 pages
[    0.092639] Initmem setup node 0 [mem 0x0000000000001000-0x000000007ffeffff]
[    0.092640] On node 0 totalpages: 524174
[    0.092642]   DMA zone: 64 pages used for memmap
[    0.092642]   DMA zone: 21 pages reserved
[    0.092643]   DMA zone: 3998 pages, LIFO batch:0
[    0.092716]   DMA32 zone: 8128 pages used for memmap
[    0.092716]   DMA32 zone: 520176 pages, LIFO batch:63
[    0.102241] ACPI: PM-Timer IO Port: 0x4008
[    0.102245] ACPI: Local APIC address 0xfee00000
[    0.102386] IOAPIC[0]: apic_id 1, version 32, address 0xfec00000, GSI 0-23
[    0.102390] ACPI: INT_SRC_OVR (bus 0 bus_irq 0 global_irq 2 dfl dfl)
[    0.102391] ACPI: INT_SRC_OVR (bus 0 bus_irq 9 global_irq 9 low level)
[    0.102394] ACPI: IRQ0 used by override.
[    0.102395] ACPI: IRQ9 used by override.
[    0.102397] Using ACPI (MADT) for SMP configuration information
[    0.102411] smpboot: Allowing 1 CPUs, 0 hotplug CPUs
[    0.102467] PM: Registered nosave memory: [mem 0x00000000-0x00000fff]
[    0.102469] PM: Registered nosave memory: [mem 0x0009f000-0x0009ffff]
[    0.102469] PM: Registered nosave memory: [mem 0x000a0000-0x000effff]
[    0.102470] PM: Registered nosave memory: [mem 0x000f0000-0x000fffff]
[    0.102471] [mem 0x80000000-0xfebfffff] available for PCI devices
[    0.102472] Booting paravirtualized kernel on KVM
[    0.102476] clocksource: refined-jiffies: mask: 0xffffffff max_cycles: 0xffffffff, max_idle_ns: 7645519600211568 ns
[    0.102481] setup_percpu: NR_CPUS:8192 nr_cpumask_bits:1 nr_cpu_ids:1 nr_node_ids:1
[    0.103524] percpu: Embedded 60 pages/cpu s208896 r8192 d28672 u2097152
[    0.103529] pcpu-alloc: s208896 r8192 d28672 u2097152 alloc=1*2097152
[    0.103530] pcpu-alloc: [0] 0 
[    0.103558] Built 1 zonelists, mobility grouping on.  Total pages: 515961
[    0.103559] Policy zone: DMA32
[    0.103560] Kernel command line: BOOT_IMAGE=/boot/vmlinuz-5.4.243-mptcp root=UUID=98415a12-53b7-4144-8265-0f7ece09e445 ro quiet splash
[    0.104406] Dentry cache hash table entries: 262144 (order: 9, 2097152 bytes, linear)
[    0.104552] Inode-cache hash table entries: 131072 (order: 8, 1048576 bytes, linear)
[    0.104603] mem auto-init: stack:off, heap alloc:on, heap free:off
[    0.104606] Calgary: detecting Calgary via BIOS EBDA area
[    0.104608] Calgary: Unable to locate Rio Grande table in EBDA - bailing!
[    0.109051] Memory: 1967332K/2096696K available (14339K kernel code, 2398K rwdata, 4712K rodata, 2728K init, 17260K bss, 129364K reserved, 0K cma-reserved)
[    0.110006] SLUB: HWalign=64, Order=0-3, MinObjects=0, CPUs=1, Nodes=1
[    0.110023] ftrace: allocating 43186 entries in 169 pages
[    0.128348] rcu: Hierarchical RCU implementation.
[    0.128350] rcu: 	RCU restricting CPUs from NR_CPUS=8192 to nr_cpu_ids=1.
[    0.128351] 	Tasks RCU enabled.
[    0.128352] rcu: RCU calculated value of scheduler-enlistment delay is 25 jiffies.
[    0.128353] rcu: Adjusting geometry for rcu_fanout_leaf=16, nr_cpu_ids=1
[    0.131316] NR_IRQS: 524544, nr_irqs: 256, preallocated irqs: 16
[    0.131543] random: crng init done
[    0.140809] Console: colour VGA+ 80x25
[    0.140814] printk: console [tty0] enabled
[    0.140840] ACPI: Core revision 20190816
[    0.140962] APIC: Switch to symmetric I/O mode setup
[    0.141214] x2apic enabled
[    0.141453] Switched APIC routing to physical x2apic.
[    0.142589] ..TIMER: vector=0x30 apic1=0 pin1=2 apic2=-1 pin2=-1
[    0.142614] clocksource: tsc-early: mask: 0xffffffffffffffff max_cycles: 0x1e4530a99b6, max_idle_ns: 440795257976 ns
[    0.142620] Calibrating delay loop (skipped) preset value.. 4200.00 BogoMIPS (lpj=8400000)
[    0.142622] pid_max: default: 32768 minimum: 301
[    0.142651] LSM: Security Framework initializing
[    0.142662] Yama: becoming mindful.
[    0.142689] AppArmor: AppArmor initialized
[    0.142724] Mount-cache hash table entries: 4096 (order: 3, 32768 bytes, linear)
[    0.142728] Mountpoint-cache hash table entries: 4096 (order: 3, 32768 bytes, linear)
[    0.142739] *** VALIDATE tmpfs ***
[    0.142869] *** VALIDATE proc ***
[    0.142911] *** VALIDATE cgroup1 ***
[    0.142912] *** VALIDATE cgroup2 ***
[    0.143055] process: using mwait in idle threads
[    0.143060] Last level iTLB entries: 4KB 64, 2MB 8, 4MB 8
[    0.143060] Last level dTLB entries: 4KB 64, 2MB 0, 4MB 0, 1GB 4
[    0.143081] Spectre V1 : Mitigation: usercopy/swapgs barriers and __user pointer sanitization
[    0.143087] Spectre V2 : Mitigation: Retpolines
[    0.143087] Spectre V2 : Spectre v2 / SpectreRSB mitigation: Filling RSB on context switch
[    0.143088] Spectre V2 : Spectre v2 / SpectreRSB : Filling RSB on VMEXIT
[    0.143088] RETBleed: WARNING: Spectre v2 mitigation leaves CPU vulnerable to RETBleed attacks, data leaks possible!
[    0.143447] RETBleed: Vulnerable
[    0.143447] Speculative Store Bypass: Vulnerable
[    0.143452] TAA: Mitigation: TSX disabled
[    0.143453] MMIO Stale Data: Mitigation: Clear CPU buffers
[    0.147751] Freeing SMP alternatives memory: 40K
[    0.259475] smpboot: CPU0: Intel(R) Xeon(R) Silver 4216 CPU @ 2.10GHz (family: 0x6, model: 0x55, stepping: 0x7)
[    0.259628] Performance Events: unsupported p6 CPU model 85 no PMU driver, software events only.
[    0.259667] rcu: Hierarchical SRCU implementation.
[    0.260152] NMI watchdog: Perf NMI watchdog permanently disabled
[    0.260191] smp: Bringing up secondary CPUs ...
[    0.260192] smp: Brought up 1 node, 1 CPU
[    0.260193] smpboot: Max logical packages: 1
[    0.260194] smpboot: Total of 1 processors activated (4200.00 BogoMIPS)
[    0.261261] devtmpfs: initialized
[    0.261312] x86/mm: Memory block size: 128MB
[    0.261686] clocksource: jiffies: mask: 0xffffffff max_cycles: 0xffffffff, max_idle_ns: 7645041785100000 ns
[    0.261692] futex hash table entries: 256 (order: 2, 16384 bytes, linear)
[    0.261746] pinctrl core: initialized pinctrl subsystem
[    0.261873] PM: RTC time: 20:53:20, date: 2026-01-19
[    0.262001] NET: Registered protocol family 16
[    0.262097] audit: initializing netlink subsys (disabled)
[    0.262259] EISA bus registered
[    0.262260] cpuidle: using governor ladder
[    0.262261] cpuidle: using governor menu
[    0.262308] ACPI: bus type PCI registered
[    0.262311] acpiphp: ACPI Hot Plug PCI Controller Driver version: 0.5
[    0.262435] PCI: Using configuration type 1 for base access
[    0.263378] audit: type=2000 audit(1768827206.711:1): state=initialized audit_enabled=0 res=1
[    0.263464] HugeTLB registered 2.00 MiB page size, pre-allocated 0 pages
[    0.264381] ACPI: Added _OSI(Module Device)
[    0.264382] ACPI: Added _OSI(Processor Device)
[    0.264383] ACPI: Added _OSI(3.0 _SCP Extensions)
[    0.264383] ACPI: Added _OSI(Processor Aggregator Device)
[    0.264384] ACPI: Added _OSI(Linux-Dell-Video)
[    0.264385] ACPI: Added _OSI(Linux-Lenovo-NV-HDMI-Audio)
[    0.264386] ACPI: Added _OSI(Linux-HPI-Hybrid-Graphics)
[    0.266337] ACPI: 2 ACPI AML tables successfully acquired and loaded
[    0.267823] ACPI: Interpreter enabled
[    0.267834] ACPI: (supports S0 S5)
[    0.267835] ACPI: Using IOAPIC for interrupt routing
[    0.268041] PCI: Using host bridge windows from ACPI; if necessary, use "pci=nocrs" and report a bug
[    0.268148] ACPI: Enabled 2 GPEs in block 00 to 07
[    0.273061] ACPI: PCI Root Bridge [PCI0] (domain 0000 [bus 00-ff])
[    0.273066] acpi PNP0A03:00: _OSC: OS supports [ASPM ClockPM Segments MSI HPX-Type3]
[    0.273513] acpi PNP0A03:00: _OSC: not requesting OS control; OS requires [ExtendedConfig ASPM ClockPM MSI]
[    0.273521] acpi PNP0A03:00: fail to add MMCONFIG information, can't access extended PCI configuration space under this bridge.
[    0.273902] PCI host bridge to bus 0000:00
[    0.273904] pci_bus 0000:00: root bus resource [io  0x0000-0x0cf7 window]
[    0.273906] pci_bus 0000:00: root bus resource [io  0x0d00-0xffff window]
[    0.273907] pci_bus 0000:00: root bus resource [mem 0x000a0000-0x000bffff window]
[    0.273908] pci_bus 0000:00: root bus resource [mem 0x80000000-0xfdffffff window]
[    0.273909] pci_bus 0000:00: root bus resource [bus 00-ff]
[    0.273950] pci 0000:00:00.0: [8086:1237] type 00 class 0x060000
[    0.274702] pci 0000:00:01.0: [8086:7000] type 00 class 0x060100
[    0.275476] pci 0000:00:01.1: [8086:7111] type 00 class 0x01018a
[    0.275853] pci 0000:00:01.1: reg 0x20: [io  0xd000-0xd00f]
[    0.276009] pci 0000:00:01.1: legacy IDE quirk: reg 0x10: [io  0x01f0-0x01f7]
[    0.276010] pci 0000:00:01.1: legacy IDE quirk: reg 0x14: [io  0x03f6]
[    0.276011] pci 0000:00:01.1: legacy IDE quirk: reg 0x18: [io  0x0170-0x0177]
[    0.276012] pci 0000:00:01.1: legacy IDE quirk: reg 0x1c: [io  0x0376]
[    0.276553] pci 0000:00:02.0: [15ad:0405] type 00 class 0x030000
[    0.280533] pci 0000:00:02.0: reg 0x10: [io  0xd010-0xd01f]
[    0.282662] pci 0000:00:02.0: reg 0x14: [mem 0xe0000000-0xe7ffffff pref]
[    0.285409] pci 0000:00:02.0: reg 0x18: [mem 0xf0000000-0xf01fffff]
[    0.295425] pci 0000:00:03.0: [1022:2000] type 00 class 0x020000
[    0.296099] pci 0000:00:03.0: reg 0x10: [io  0xd020-0xd03f]
[    0.298759] pci 0000:00:03.0: reg 0x14: [mem 0xf0200000-0xf0200fff]
[    0.302293] pci 0000:00:04.0: [80ee:cafe] type 00 class 0x088000
[    0.302735] pci 0000:00:04.0: reg 0x10: [io  0xd040-0xd05f]
[    0.303350] pci 0000:00:04.0: reg 0x14: [mem 0xf0400000-0xf07fffff]
[    0.303965] pci 0000:00:04.0: reg 0x18: [mem 0xf0800000-0xf0803fff pref]
[    0.307517] pci 0000:00:07.0: [8086:7113] type 00 class 0x068000
[    0.308073] pci 0000:00:07.0: quirk: [io  0x4000-0x403f] claimed by PIIX4 ACPI
[    0.308086] pci 0000:00:07.0: quirk: [io  0x4100-0x410f] claimed by PIIX4 SMB
[    0.308697] pci 0000:00:08.0: [8086:100e] type 00 class 0x020000
[    0.309422] pci 0000:00:08.0: reg 0x10: [mem 0xf0820000-0xf083ffff]
[    0.310704] pci 0000:00:08.0: reg 0x18: [io  0xd060-0xd067]
[    0.313940] pci 0000:00:09.0: [8086:100e] type 00 class 0x020000
[    0.314616] pci 0000:00:09.0: reg 0x10: [mem 0xf0840000-0xf085ffff]
[    0.315307] pci 0000:00:09.0: reg 0x18: [io  0xd068-0xd06f]
[    0.327148] ACPI: PCI Interrupt Link [LNKA] (IRQs 5 9 10 *11)
[    0.327434] ACPI: PCI Interrupt Link [LNKB] (IRQs 5 9 *10 11)
[    0.327540] ACPI: PCI Interrupt Link [LNKC] (IRQs 5 *9 10 11)
[    0.327644] ACPI: PCI Interrupt Link [LNKD] (IRQs 5 9 10 *11)
[    0.327924] iommu: Default domain type: Translated 
[    0.327988] pci 0000:00:02.0: vgaarb: setting as boot VGA device
[    0.327989] pci 0000:00:02.0: vgaarb: VGA device added: decodes=io+mem,owns=io+mem,locks=none
[    0.327992] pci 0000:00:02.0: vgaarb: bridge control possible
[    0.327993] vgaarb: loaded
[    0.328207] SCSI subsystem initialized
[    0.328243] libata version 3.00 loaded.
[    0.328265] ACPI: bus type USB registered
[    0.328281] usbcore: registered new interface driver usbfs
[    0.328287] usbcore: registered new interface driver hub
[    0.328292] usbcore: registered new device driver usb
[    0.328318] pps_core: LinuxPPS API ver. 1 registered
[    0.328319] pps_core: Software ver. 5.3.6 - Copyright 2005-2007 Rodolfo Giometti <giometti@linux.it>
[    0.328321] PTP clock support registered
[    0.328369] EDAC MC: Ver: 3.0.0
[    0.328665] PCI: Using ACPI for IRQ routing
[    0.328666] PCI: pci_cache_line_size set to 64 bytes
[    0.328840] e820: reserve RAM buffer [mem 0x0009fc00-0x0009ffff]
[    0.328844] e820: reserve RAM buffer [mem 0x7fff0000-0x7fffffff]
[    0.329631] NetLabel: Initializing
[    0.329632] NetLabel:  domain hash size = 128
[    0.329633] NetLabel:  protocols = UNLABELED CIPSOv4 CALIPSO
[    0.329652] NetLabel:  unlabeled traffic allowed by default
[    0.330562] clocksource: Switched to clocksource kvm-clock
[    0.339149] *** VALIDATE bpf ***
[    0.339149] VFS: Disk quotas dquot_6.6.0
[    0.339149] VFS: Dquot-cache hash table entries: 512 (order 0, 4096 bytes)
[    0.339149] *** VALIDATE ramfs ***
[    0.339149] *** VALIDATE hugetlbfs ***
[    0.339149] AppArmor: AppArmor Filesystem Enabled
[    0.339149] pnp: PnP ACPI init
[    0.339149] pnp 00:00: Plug and Play ACPI device, IDs PNP0303 (active)
[    0.341640] pnp 00:01: Plug and Play ACPI device, IDs PNP0f03 (active)
[    0.342414] pnp: PnP ACPI: found 2 devices
[    0.343404] thermal_sys: Registered thermal governor 'fair_share'
[    0.343405] thermal_sys: Registered thermal governor 'bang_bang'
[    0.343405] thermal_sys: Registered thermal governor 'step_wise'
[    0.343406] thermal_sys: Registered thermal governor 'user_space'
[    0.343406] thermal_sys: Registered thermal governor 'power_allocator'
[    0.347955] clocksource: acpi_pm: mask: 0xffffff max_cycles: 0xffffff, max_idle_ns: 2085701024 ns
[    0.347996] pci_bus 0000:00: resource 4 [io  0x0000-0x0cf7 window]
[    0.347998] pci_bus 0000:00: resource 5 [io  0x0d00-0xffff window]
[    0.347999] pci_bus 0000:00: resource 6 [mem 0x000a0000-0x000bffff window]
[    0.348000] pci_bus 0000:00: resource 7 [mem 0x80000000-0xfdffffff window]
[    0.348066] NET: Registered protocol family 2
[    0.348145] IP idents hash table entries: 32768 (order: 6, 262144 bytes, linear)
[    0.348579] MPTCP tokens hash table entries: 8192 (order: 4, 65536 bytes, linear)
[    0.348599] MPTCP request tokens hash table entries: 8192 (order: 4, 65536 bytes, linear)
[    0.348625] default registered
[    0.348625] default registered
[    0.348625] MPTCP: Stable release v0.96
[    0.348631] tcp_listen_portaddr_hash hash table entries: 1024 (order: 2, 16384 bytes, linear)
[    0.348715] TCP established hash table entries: 16384 (order: 5, 131072 bytes, linear)
[    0.348782] TCP bind hash table entries: 16384 (order: 6, 262144 bytes, linear)
[    0.348808] TCP: Hash tables configured (established 16384 bind 16384)
[    0.349527] UDP hash table entries: 1024 (order: 3, 32768 bytes, linear)
[    0.349538] UDP-Lite hash table entries: 1024 (order: 3, 32768 bytes, linear)
[    0.349574] NET: Registered protocol family 1
[    0.349583] NET: Registered protocol family 44
[    0.349607] pci 0000:00:00.0: Limiting direct PCI/PCI transfers
[    0.349623] pci 0000:00:01.0: Activating ISA DMA hang workarounds
[    0.349679] pci 0000:00:02.0: Video device with shadowed ROM at [mem 0x000c0000-0x000dffff]
[    0.349745] PCI: CLS 0 bytes, default 64
[    0.349797] Trying to unpack rootfs image as initramfs...
[    0.527387] Freeing initrd memory: 47868K
[    0.527387] clocksource: tsc: mask: 0xffffffffffffffff max_cycles: 0x1e4530a99b6, max_idle_ns: 440795257976 ns
[    0.527387] clocksource: Switched to clocksource tsc
[    0.527387] platform rtc_cmos: registered platform RTC device (no PNP device found)
[    0.527387] check: Scanning for low memory corruption every 60 seconds
[    0.527387] Initialise system trusted keyrings
[    0.527387] Key type blacklist registered
[    0.527387] workingset: timestamp_bits=36 max_order=19 bucket_order=0
[    0.527387] zbud: loaded
[    0.527387] squashfs: version 4.0 (2009/01/31) Phillip Lougher
[    0.527387] fuse: init (API version 7.31)
[    0.527387] *** VALIDATE fuse ***
[    0.527387] *** VALIDATE fuse ***
[    0.527387] Platform Keyring initialized
[    0.527387] Key type asymmetric registered
[    0.527387] Asymmetric key parser 'x509' registered
[    0.527387] Block layer SCSI generic (bsg) driver version 0.4 loaded (major 244)
[    0.527387] io scheduler mq-deadline registered
[    0.527387] shpchp: Standard Hot Plug PCI Controller Driver version: 0.4
[    0.541467] ACPI: AC Adapter [AC] (on-line)
[    0.541512] input: Power Button as /devices/LNXSYSTM:00/LNXPWRBN:00/input/input0
[    0.541539] ACPI: Power Button [PWRF]
[    0.541622] input: Sleep Button as /devices/LNXSYSTM:00/LNXSLPBN:00/input/input1
[    0.541637] ACPI: Sleep Button [SLPF]
[    0.541868] Serial: 8250/16550 driver, 32 ports, IRQ sharing enabled
[    0.543002] Linux agpgart interface v0.103
[    0.631113] loop: module loaded
[    0.631267] ata_piix 0000:00:01.1: version 2.13
[    0.631674] scsi host0: ata_piix
[    0.631768] scsi host1: ata_piix
[    0.631795] ata1: PATA max UDMA/33 cmd 0x1f0 ctl 0x3f6 bmdma 0xd000 irq 14
[    0.631796] ata2: PATA max UDMA/33 cmd 0x170 ctl 0x376 bmdma 0xd008 irq 15
[    0.631879] tun: Universal TUN/TAP device driver, 1.6
[    0.632188] PPP generic driver version 2.4.2
[    0.632229] VFIO - User Level meta-driver version: 0.3
[    0.632484] ehci_hcd: USB 2.0 'Enhanced' Host Controller (EHCI) Driver
[    0.632489] ehci-pci: EHCI PCI platform driver
[    0.632505] ehci-platform: EHCI generic platform driver
[    0.632510] ohci_hcd: USB 1.1 'Open' Host Controller (OHCI) Driver
[    0.632512] ohci-pci: OHCI PCI platform driver
[    0.632519] ohci-platform: OHCI generic platform driver
[    0.632523] uhci_hcd: USB Universal Host Controller Interface driver
[    0.632590] i8042: PNP: PS/2 Controller [PNP0303:PS2K,PNP0f03:PS2M] at 0x60,0x64 irq 1,12
[    0.633029] serio: i8042 KBD port at 0x60,0x64 irq 1
[    0.633033] serio: i8042 AUX port at 0x60,0x64 irq 12
[    0.633119] mousedev: PS/2 mouse device common for all mice
[    0.633376] input: AT Translated Set 2 keyboard as /devices/platform/i8042/serio0/input/input2
[    0.633773] rtc_cmos rtc_cmos: registered as rtc0
[    0.633786] rtc_cmos rtc_cmos: alarms up to one day, 114 bytes nvram
[    0.633791] i2c /dev entries driver
[    0.633834] device-mapper: uevent: version 1.0.3
[    0.633877] device-mapper: ioctl: 4.41.0-ioctl (2019-09-16) initialised: dm-devel@redhat.com
[    0.633893] platform eisa.0: Probing EISA bus 0
[    0.633894] platform eisa.0: EISA: Cannot allocate resource for mainboard
[    0.633896] platform eisa.0: Cannot allocate resource for EISA slot 1
[    0.633897] platform eisa.0: Cannot allocate resource for EISA slot 2
[    0.633898] platform eisa.0: Cannot allocate resource for EISA slot 3
[    0.633899] platform eisa.0: Cannot allocate resource for EISA slot 4
[    0.633900] platform eisa.0: Cannot allocate resource for EISA slot 5
[    0.633900] platform eisa.0: Cannot allocate resource for EISA slot 6
[    0.633901] platform eisa.0: Cannot allocate resource for EISA slot 7
[    0.633902] platform eisa.0: Cannot allocate resource for EISA slot 8
[    0.633903] platform eisa.0: EISA: Detected 0 cards
[    0.633907] intel_pstate: CPU model not supported
[    0.633917] ledtrig-cpu: registered to indicate activity on CPUs
[    0.633973] drop_monitor: Initializing network drop monitor service
[    0.634133] NET: Registered protocol family 10
[    0.639235] Segment Routing with IPv6
[    0.639235] fullmesh registered
[    0.639235] ndiffports registered
[    0.639235] binder registered
[    0.639235] roundrobin registered
[    0.639235] redundant registered
[    0.639235] blest registered
[    0.639235] ecf registered
[    0.639235] NET: Registered protocol family 17
[    0.639235] Key type dns_resolver registered
[    0.639235] RAS: Correctable Errors collector initialized.
[    0.639235] IPI shorthand broadcast: enabled
[    0.639235] sched_clock: Marking stable (624151815, 11084110)->(638180051, -2944126)
[    0.639557] registered taskstats version 1
[    0.639567] Loading compiled-in X.509 certificates
[    0.640155] Loaded X.509 cert 'Build time autogenerated kernel key: 6909f3744cebb3d0de528d5887b96a727de79b1e'
[    0.640174] zswap: loaded using pool lzo/zbud
[    0.640226] Key type ._fscrypt registered
[    0.640227] Key type .fscrypt registered
[    0.644677] Key type big_key registered
[    0.646861] Key type encrypted registered
[    0.646863] AppArmor: AppArmor sha1 policy hashing enabled
[    0.646871] ima: No TPM chip found, activating TPM-bypass!
[    0.646875] ima: Allocated hash algorithm: sha1
[    0.646880] ima: No architecture policies found
[    0.646889] evm: Initialising EVM extended attributes:
[    0.646890] evm: security.selinux
[    0.646890] evm: security.SMACK64
[    0.646891] evm: security.SMACK64EXEC
[    0.646891] evm: security.SMACK64TRANSMUTE
[    0.646891] evm: security.SMACK64MMAP
[    0.646892] evm: security.apparmor
[    0.646892] evm: security.ima
[    0.646893] evm: security.capability
[    0.646893] evm: HMAC attrs: 0x1
[    0.647194] PM:   Magic number: 10:857:902
[    0.647227] acpi PNP0501:02: hash matches
[    0.647321] rtc_cmos rtc_cmos: setting system clock to 2026-01-19T20:53:21 UTC (1768856001)
[    0.802855] ata1.00: ATA-6: VBOX HARDDISK, 1.0, max UDMA/133
[    0.802858] ata1.00: 209715200 sectors, multi 128: LBA 
[    0.803379] scsi 0:0:0:0: Direct-Access     ATA      VBOX HARDDISK    1.0  PQ: 0 ANSI: 5
[    0.803613] sd 0:0:0:0: [sda] 209715200 512-byte logical blocks: (107 GB/100 GiB)
[    0.803624] sd 0:0:0:0: [sda] Write Protect is off
[    0.803626] sd 0:0:0:0: [sda] Mode Sense: 00 3a 00 00
[    0.803642] sd 0:0:0:0: [sda] Write cache: enabled, read cache: enabled, doesn't support DPO or FUA
[    0.803902] sd 0:0:0:0: Attached scsi generic sg0 type 0
[    0.804539]  sda: sda1 sda2
[    0.815271] sd 0:0:0:0: [sda] Attached SCSI disk
[    0.817470] Freeing unused decrypted memory: 2040K
[    0.818230] Freeing unused kernel image memory: 2728K
[    0.818232] Write protecting the kernel read-only data: 22528k
[    0.818988] Freeing unused kernel image memory: 2036K
[    0.819426] Freeing unused kernel image memory: 1432K
[    0.836332] x86/mm: Checked W+X mappings: passed, no W+X pages found.
[    0.836336] Run /init as init process
[    0.964204] ACPI: Video Device [GFX0] (multi-head: yes  rom: no  post: no)
[    0.964284] input: Video Bus as /devices/LNXSYSTM:00/LNXSYBUS:00/PNP0A03:00/LNXVIDEO:00/input/input4
[    0.980154] pcnet32: pcnet32.c:v1.35 21.Apr.2008 tsbogend@alpha.franken.de
[    0.983811] e1000: Intel(R) PRO/1000 Network Driver - version 7.3.21-k8-NAPI
[    0.983812] e1000: Copyright (c) 1999-2006 Intel Corporation.
[    1.001199] piix4_smbus 0000:00:07.0: SMBus Host Controller at 0x4100, revision 0
[    1.002448] pcnet32: PCnet/FAST III 79C973 at 0xd020, 08:00:27:ec:f7:99 assigned IRQ 19
[    1.002492] pcnet32: Found PHY 0022:561b at address 0
[    1.002792] pcnet32: eth0: registered as PCnet/FAST III 79C973
[    1.002814] pcnet32: 1 cards_found
[    1.069183] pcnet32 0000:00:03.0 enp0s3: renamed from eth0
[    1.207932] input: ImExPS/2 Generic Explorer Mouse as /devices/platform/i8042/serio1/input/input5
[    1.403976] e1000 0000:00:08.0 eth0: (PCI:33MHz:32-bit) 08:00:27:85:e2:92
[    1.403981] e1000 0000:00:08.0 eth0: Intel(R) PRO/1000 Network Connection
[    1.775397] e1000 0000:00:09.0 eth1: (PCI:33MHz:32-bit) 08:00:27:b9:28:4f
[    1.775399] e1000 0000:00:09.0 eth1: Intel(R) PRO/1000 Network Connection
[    1.776589] e1000 0000:00:09.0 enp0s9: renamed from eth1
[    1.778392] e1000 0000:00:08.0 enp0s8: renamed from eth0
[    1.926903] EXT4-fs (sda2): mounted filesystem with ordered data mode. Opts: (null)
[    2.010093] systemd[1]: Inserted module 'autofs4'
[    2.019770] systemd[1]: systemd 245.4-4ubuntu3 running in system mode. (+PAM +AUDIT +SELINUX +IMA +APPARMOR +SMACK +SYSVINIT +UTMP +LIBCRYPTSETUP +GCRYPT +GNUTLS +ACL +XZ +LZ4 +SECCOMP +BLKID +ELFUTILS +KMOD +IDN2 -IDN +PCRE2 default-hierarchy=hybrid)
[    2.019802] systemd[1]: Detected virtualization oracle.
[    2.019808] systemd[1]: Detected architecture x86-64.
[    2.021113] systemd[1]: Set hostname to <ztg>.
[    2.143960] systemd[1]: /lib/systemd/system/dbus.socket:5: ListenStream= references a path below legacy directory /var/run/, updating /var/run/dbus/system_bus_socket â†’ /run/dbus/system_bus_socket; please update the unit file accordingly.
[    2.195183] systemd[1]: Created slice system-modprobe.slice.
[    2.195374] systemd[1]: Created slice User and Session Slice.
[    2.195420] systemd[1]: Started Forward Password Requests to Wall Directory Watch.
[    2.195586] systemd[1]: Set up automount Arbitrary Executable File Formats File System Automount Point.
[    2.195621] systemd[1]: Reached target User and Group Name Lookups.
[    2.195629] systemd[1]: Reached target Remote File Systems.
[    2.195639] systemd[1]: Reached target Slices.
[    2.196152] systemd[1]: Listening on Syslog Socket.
[    2.196220] systemd[1]: Listening on fsck to fsckd communication Socket.
[    2.196258] systemd[1]: Listening on initctl Compatibility Named Pipe.
[    2.196408] systemd[1]: Listening on Journal Audit Socket.
[    2.196462] systemd[1]: Listening on Journal Socket (/dev/log).
[    2.196531] systemd[1]: Listening on Journal Socket.
[    2.196595] systemd[1]: Listening on udev Control Socket.
[    2.196634] systemd[1]: Listening on udev Kernel Socket.
[    2.197403] systemd[1]: Mounting Huge Pages File System...
[    2.198334] systemd[1]: Mounting POSIX Message Queue File System...
[    2.199285] systemd[1]: Mounting Kernel Debug File System...
[    2.200140] systemd[1]: Mounting Kernel Trace File System...
[    2.202346] systemd[1]: Starting Journal Service...
[    2.225314] systemd[1]: Starting Set the console keyboard layout...
[    2.233147] systemd[1]: Starting Create list of static device nodes for the current kernel...
[    2.235110] systemd[1]: Starting Load Kernel Module drm...
[    2.239566] systemd[1]: Condition check resulted in Set Up Additional Binary Formats being skipped.
[    2.240199] systemd[1]: Condition check resulted in File System Check on Root Device being skipped.
[    2.249627] systemd[1]: Starting Load Kernel Modules...
[    2.255079] systemd[1]: Starting Remount Root and Kernel File Systems...
[    2.266124] systemd[1]: Starting udev Coldplug all Devices...
[    2.276649] systemd[1]: Starting Uncomplicated firewall...
[    2.278300] systemd[1]: Mounted Huge Pages File System.
[    2.278391] systemd[1]: Mounted POSIX Message Queue File System.
[    2.278465] systemd[1]: Mounted Kernel Debug File System.
[    2.278536] systemd[1]: Mounted Kernel Trace File System.
[    2.283537] EXT4-fs (sda2): re-mounted. Opts: errors=remount-ro
[    2.306913] systemd[1]: Finished Create list of static device nodes for the current kernel.
[    2.307947] systemd[1]: modprobe@drm.service: Succeeded.
[    2.331493] systemd[1]: Finished Load Kernel Module drm.
[    2.331962] systemd[1]: Finished Remount Root and Kernel File Systems.
[    2.334239] lp: driver loaded but no devices found
[    2.335549] systemd[1]: Finished Uncomplicated firewall.
[    2.352168] systemd[1]: Condition check resulted in Rebuild Hardware Database being skipped.
[    2.352214] systemd[1]: Condition check resulted in Platform Persistent Storage Archival being skipped.
[    2.354345] systemd[1]: Starting Load/Save Random Seed...
[    2.356488] ppdev: user-space parallel port driver
[    2.364829] systemd[1]: Starting Create System Users...
[    2.375795] systemd[1]: Finished Load/Save Random Seed.
[    2.378979] systemd[1]: Finished Create System Users.
[    2.379842] systemd[1]: Starting Create Static Device Nodes in /dev...
[    2.400452] systemd[1]: Finished Create Static Device Nodes in /dev.
[    2.401394] systemd[1]: Starting udev Kernel Device Manager...
[    2.439932] [drm] DMA map mode: Caching DMA mappings.
[    2.439997] [drm] Capabilities:
[    2.439997] [drm]   Rect copy.
[    2.439997] [drm]   Cursor.
[    2.439998] [drm]   Cursor bypass.
[    2.439998] [drm]   Cursor bypass 2.
[    2.439999] [drm]   Alpha cursor.
[    2.439999] [drm]   Extended Fifo.
[    2.439999] [drm]   Pitchlock.
[    2.440000] [drm]   Irq mask.
[    2.440000] [drm]   GMR.
[    2.440000] [drm]   Traces.
[    2.440001] [drm]   GMR2.
[    2.440001] [drm]   Screen Object 2.
[    2.440001] [drm]   Command Buffers.
[    2.440002] [drm]   Command Buffers 2.
[    2.440002] [drm]   Guest Backed Resources.
[    2.440003] [drm] Max GMR ids is 8192
[    2.440004] [drm] Max number of GMR pages is 1048576
[    2.440004] [drm] Max dedicated hypervisor surface memory is 393216 kiB
[    2.440005] [drm] Maximum display memory size is 131072 kiB
[    2.440006] [drm] VRAM at 0xe0000000 size is 131072 kiB
[    2.440006] [drm] MMIO at 0xf0000000 size is 2048 kiB
[    2.443659] systemd[1]: Finished udev Coldplug all Devices.
[    2.445992] [TTM] Zone  kernel: Available graphics memory: 1011738 KiB
[    2.445993] [TTM] Initializing pool allocator
[    2.445997] [TTM] Initializing DMA pool allocator
[    2.446030] [drm] Supports vblank timestamp caching Rev 2 (21.10.2013).
[    2.446030] [drm] No driver support for vblank timestamp query.
[    2.446992] [drm] Screen Target Display device initialized
[    2.447255] [drm] width 720
[    2.447265] [drm] height 400
[    2.447269] [drm] bpp 32
[    2.447795] [drm] Fifo max 0x00200000 min 0x00001000 cap 0x00000355
[    2.449066] [drm] Using command buffers with DMA pool.
[    2.449070] [drm] DX: no.
[    2.449071] [drm] Atomic: yes.
[    2.449071] [drm] SM4_1: no.
[    2.449093] [drm:vmw_host_log [vmwgfx]] *ERROR* Failed to send host log message.
[    2.450021] [drm:vmw_host_log [vmwgfx]] *ERROR* Failed to send host log message.
[    2.462347] fbcon: svgadrmfb (fb0) is primary device
[    2.464753] Console: switching to colour frame buffer device 100x37
[    2.469303] [drm] Initialized vmwgfx 2.15.0 20180704 for 0000:00:02.0 on minor 0
[    2.471302] systemd[1]: Finished Load Kernel Modules.
[    2.472277] systemd[1]: Mounting FUSE Control File System...
[    2.474048] systemd[1]: Mounting Kernel Configuration File System...
[    2.496129] systemd[1]: Starting Apply Kernel Variables...
[    2.496911] systemd[1]: Mounted FUSE Control File System.
[    2.497018] systemd[1]: Mounted Kernel Configuration File System.
[    2.497075] systemd[1]: Condition check resulted in VMware vmblock fuse mount being skipped.
[    2.529978] systemd[1]: Finished Apply Kernel Variables.
[    2.540040] systemd[1]: Finished Set the console keyboard layout.
[    2.540136] systemd[1]: Reached target Local File Systems (Pre).
[    2.542297] systemd[1]: Mounting Mount unit for bare, revision 5...
[    2.544271] systemd[1]: Mounting Mount unit for core18, revision 1705...
[    2.550067] systemd[1]: Mounting Mount unit for gnome-3-34-1804, revision 24...
[    2.565453] systemd[1]: Mounting Mount unit for gtk-common-themes, revision 1506...
[    2.570013] systemd[1]: Mounting Mount unit for gtk-common-themes, revision 1535...
[    2.588128] systemd[1]: Mounting Mount unit for snap-store, revision 433...
[    2.592872] systemd[1]: Mounting Mount unit for snapd, revision 25935...
[    2.624571] systemd[1]: Started udev Kernel Device Manager.
[    2.625434] systemd[1]: Starting Show Plymouth Boot Screen...
[    2.641791] systemd[1]: Received SIGRTMIN+20 from PID 273 (plymouthd).
[    2.661435] systemd[1]: Mounted Mount unit for bare, revision 5.
[    2.661736] systemd[1]: Mounted Mount unit for core18, revision 1705.
[    2.663497] systemd[1]: Mounted Mount unit for gtk-common-themes, revision 1506.
[    2.678866] systemd[1]: Started Show Plymouth Boot Screen.
[    2.679015] systemd[1]: Condition check resulted in Dispatch Password Requests to Console Directory Watch being skipped.
[    2.679108] systemd[1]: Started Forward Password Requests to Plymouth Directory Watch.
[    2.679155] systemd[1]: Reached target Local Encrypted Volumes.
[    2.716442] systemd[1]: Mounted Mount unit for gtk-common-themes, revision 1535.
[    2.765450] systemd[1]: Mounted Mount unit for gnome-3-34-1804, revision 24.
[    2.765725] systemd[1]: Mounted Mount unit for snap-store, revision 433.
[    2.765908] systemd[1]: Mounted Mount unit for snapd, revision 25935.
[    2.766056] systemd[1]: Reached target Local File Systems.
[    2.769127] systemd[1]: Starting Load AppArmor profiles...
[    2.770076] systemd[1]: Starting Set console font and keymap...
[    2.780815] systemd[1]: Starting Tell Plymouth To Write Out Runtime Data...
[    2.786355] systemd[1]: Condition check resulted in Store a System Token in an EFI Variable being skipped.
[    2.786386] systemd[1]: Condition check resulted in Commit a transient machine-id on disk being skipped.
[    2.788717] systemd[1]: Finished Set console font and keymap.
[    2.797097] systemd[1]: Received SIGRTMIN+20 from PID 273 (plymouthd).
[    2.798526] systemd[1]: plymouth-read-write.service: Succeeded.
[    2.798783] systemd[1]: Finished Tell Plymouth To Write Out Runtime Data.
[    2.817642] audit: type=1400 audit(1768856003.664:2): apparmor="STATUS" operation="profile_load" profile="unconfined" name="nvidia_modprobe" pid=303 comm="apparmor_parser"
[    2.817644] audit: type=1400 audit(1768856003.664:3): apparmor="STATUS" operation="profile_load" profile="unconfined" name="nvidia_modprobe//kmod" pid=303 comm="apparmor_parser"
[    2.829170] audit: type=1400 audit(1768856003.676:4): apparmor="STATUS" operation="profile_load" profile="unconfined" name="/usr/sbin/tcpdump" pid=304 comm="apparmor_parser"
[    2.874147] audit: type=1400 audit(1768856003.712:5): apparmor="STATUS" operation="profile_load" profile="unconfined" name="/usr/bin/evince" pid=306 comm="apparmor_parser"
[    2.874150] audit: type=1400 audit(1768856003.712:6): apparmor="STATUS" operation="profile_load" profile="unconfined" name="/usr/bin/evince//sanitized_helper" pid=306 comm="apparmor_parser"
[    2.874151] audit: type=1400 audit(1768856003.712:7): apparmor="STATUS" operation="profile_load" profile="unconfined" name="/usr/bin/evince-previewer" pid=306 comm="apparmor_parser"
[    2.874153] audit: type=1400 audit(1768856003.712:8): apparmor="STATUS" operation="profile_load" profile="unconfined" name="/usr/bin/evince-previewer//sanitized_helper" pid=306 comm="apparmor_parser"
[    2.874154] audit: type=1400 audit(1768856003.712:9): apparmor="STATUS" operation="profile_load" profile="unconfined" name="/usr/bin/evince-thumbnailer" pid=306 comm="apparmor_parser"
[    2.905345] audit: type=1400 audit(1768856003.756:10): apparmor="STATUS" operation="profile_load" profile="unconfined" name="/usr/lib/cups/backend/cups-pdf" pid=307 comm="apparmor_parser"
[    2.966558] systemd[1]: Finished Load AppArmor profiles.
[    2.967720] systemd[1]: Starting Load AppArmor profiles managed internally by snapd...
[    3.092053] systemd[1]: Finished Load AppArmor profiles managed internally by snapd.
[    3.209328] systemd[1]: Started Journal Service.
[    3.218143] systemd-journald[229]: Received client request to flush runtime journal.
[    3.221721] systemd-journald[229]: File /var/log/journal/c455b248004a419c87ce85eea238d727/system.journal corrupted or uncleanly shut down, renaming and replacing.
[    4.601322] RAPL PMU: API unit is 2^-32 Joules, 0 fixed counters, 10737418240 ms ovfl timer
[    4.626652] cryptd: max_cpu_qlen set to 1000
[    4.700940] AVX2 version of gcm_enc/dec engaged.
[    4.700941] AES CTR mode by8 optimization enabled
[    6.582446] Adding 1998844k swap on /dev/sda1.  Priority:-2 extents:1 across:1998844k FS
[    8.363348] kauditd_printk_skb: 30 callbacks suppressed
[    8.363350] audit: type=1400 audit(1768856009.212:41): apparmor="DENIED" operation="capable" profile="/usr/sbin/cups-browsed" pid=509 comm="cups-browsed" capability=23  capname="sys_nice"
[    9.184689] pcnet32 0000:00:03.0 enp0s3: link up, 100Mbps, full-duplex
[    9.231610] e1000: enp0s8 NIC Link is Up 1000 Mbps Full Duplex, Flow Control: RX
[    9.231904] IPv6: ADDRCONF(NETDEV_CHANGE): enp0s8: link becomes ready
[    9.257925] e1000: enp0s9 NIC Link is Up 1000 Mbps Full Duplex, Flow Control: RX
[    9.258216] IPv6: ADDRCONF(NETDEV_CHANGE): enp0s9: link becomes ready
[    9.933410] device enp0s3 entered promiscuous mode
[    9.956527] audit: type=1400 audit(1768856010.804:42): apparmor="DENIED" operation="open" profile="/usr/sbin/tcpdump" name="/proc/sys/kernel/random/boot_id" pid=661 comm="tcpdump" requested_mask="r" denied_mask="r" fsuid=0 ouid=0
[    9.956721] audit: type=1400 audit(1768856010.804:43): apparmor="DENIED" operation="open" profile="/usr/sbin/tcpdump" name="/proc/sys/kernel/random/boot_id" pid=661 comm="tcpdump" requested_mask="r" denied_mask="r" fsuid=0 ouid=0
[    9.956838] audit: type=1400 audit(1768856010.804:44): apparmor="DENIED" operation="open" profile="/usr/sbin/tcpdump" name="/proc/sys/kernel/random/boot_id" pid=661 comm="tcpdump" requested_mask="r" denied_mask="r" fsuid=0 ouid=0
[    9.956893] audit: type=1400 audit(1768856010.804:45): apparmor="DENIED" operation="open" profile="/usr/sbin/tcpdump" name="/proc/sys/kernel/random/boot_id" pid=661 comm="tcpdump" requested_mask="r" denied_mask="r" fsuid=0 ouid=0
[    9.957886] audit: type=1400 audit(1768856010.804:46): apparmor="DENIED" operation="open" profile="/usr/sbin/tcpdump" name="/proc/sys/kernel/random/boot_id" pid=662 comm="tcpdump" requested_mask="r" denied_mask="r" fsuid=0 ouid=0
[    9.958045] audit: type=1400 audit(1768856010.804:47): apparmor="DENIED" operation="open" profile="/usr/sbin/tcpdump" name="/proc/sys/kernel/random/boot_id" pid=662 comm="tcpdump" requested_mask="r" denied_mask="r" fsuid=0 ouid=0
[    9.958142] audit: type=1400 audit(1768856010.804:48): apparmor="DENIED" operation="open" profile="/usr/sbin/tcpdump" name="/proc/sys/kernel/random/boot_id" pid=662 comm="tcpdump" requested_mask="r" denied_mask="r" fsuid=0 ouid=0
[    9.958197] audit: type=1400 audit(1768856010.804:49): apparmor="DENIED" operation="open" profile="/usr/sbin/tcpdump" name="/proc/sys/kernel/random/boot_id" pid=662 comm="tcpdump" requested_mask="r" denied_mask="r" fsuid=0 ouid=0
[   15.985769] rfkill: input handler disabled
[  147.237547] AAAAA-TCP_FORW: name:enp0s3: saddr:100932208: daddr:16783984
[  147.353285] AAAAA-TCP_FORW: name:enp0s3: saddr:16783984: daddr:100932208
[  147.559321] AAAAA-TCP_FORW: name:enp0s3: saddr:100932208: daddr:16783984
[  147.598507] AAAAA-TCP_FORW: name:enp0s3: saddr:100932208: daddr:16783984
[  147.618369] AAAAA-TCP_FORW: name:enp0s3: saddr:16783984: daddr:100932208
[  147.668831] AAAAA-TCP_FORW: name:enp0s3: saddr:16783984: daddr:100932208
[  147.708870] AAAAA-TCP_FORW: name:enp0s3: saddr:16783984: daddr:100932208
[  147.900733] AAAAA-TCP_FORW: name:enp0s3: saddr:100932208: daddr:33561200
[  147.996932] AAAAA-TCP_FORW: name:enp0s3: saddr:100932208: daddr:16783984
[  148.077554] AAAAA-TCP_FORW: name:enp0s3: saddr:33561200: daddr:100932208
[  148.082503] AAAAA-TCP_FORW: name:enp0s3: saddr:100932208: daddr:16783984
[  148.285601] AAAAA-TCP_FORW: name:enp0s3: saddr:16783984: daddr:100932208
[  148.474703] AAAAA-TCP_FORW: name:enp0s3: saddr:100932208: daddr:33561200
[  148.604976] AAAAA-TCP_FORW: name:enp0s3: saddr:33561200: daddr:100932208
[  148.932074] AAAAA-TCP_FORW: name:enp0s3: saddr:100932208: daddr:16783984
[  149.044345] AAAAA-TCP_FORW: name:enp0s3: saddr:16783984: daddr:100932208
[  149.075996] AAAAA-TCP_FORW: name:enp0s3: saddr:16783984: daddr:100932208
[  149.637367] AAAAA-TCP_FORW: name:enp0s3: saddr:16783984: daddr:100932208
[  151.469853] AAAAA-TCP_FORW: name:enp0s3: saddr:16783984: daddr:100932208
[  151.603001] AAAAA-TCP_FORW: name:enp0s3: saddr:16783984: daddr:100932208
[  152.274614] AAAAA-TCP_FORW: name:enp0s3: saddr:33561200: daddr:100932208
[  152.461335] AAAAA-TCP_FORW: name:enp0s3: saddr:33561200: daddr:100932208
[  152.655823] AAAAA-TCP_FORW: name:enp0s3: saddr:16783984: daddr:100932208
[  152.884758] AAAAA-TCP_FORW: name:enp0s3: saddr:16783984: daddr:100932208
[  153.090529] AAAAA-TCP_FORW: name:enp0s3: saddr:16783984: daddr:100932208
[  153.173882] AAAAA-TCP_FORW: name:enp0s3: saddr:16783984: daddr:100932208
[  153.270469] AAAAA-TCP_FORW: name:enp0s3: saddr:16783984: daddr:100932208
[  153.408341] AAAAA-TCP_FORW: name:enp0s3: saddr:16783984: daddr:100932208
[  153.556002] AAAAA-TCP_FORW: name:enp0s3: saddr:16783984: daddr:100932208
[  153.906814] AAAAA-TCP_FORW: name:enp0s3: saddr:16783984: daddr:100932208
[  154.047377] AAAAA-TCP_FORW: name:enp0s3: saddr:16783984: daddr:100932208
[  154.155722] AAAAA-TCP_FORW: name:enp0s3: saddr:16783984: daddr:100932208
[  154.305652] AAAAA-TCP_FORW: name:enp0s3: saddr:16783984: daddr:100932208
[  154.406694] AAAAA-TCP_FORW: name:enp0s3: saddr:33561200: daddr:100932208
[  154.773143] AAAAA-TCP_FORW: name:enp0s3: saddr:33561200: daddr:100932208
[  154.896134] AAAAA-TCP_FORW: name:enp0s3: saddr:33561200: daddr:100932208
[  155.090305] AAAAA-TCP_FORW: name:enp0s3: saddr:33561200: daddr:100932208
[  155.214161] AAAAA-TCP_FORW: name:enp0s3: saddr:33561200: daddr:100932208
[  155.362105] AAAAA-TCP_FORW: name:enp0s3: saddr:33561200: daddr:100932208
[  155.497412] AAAAA-TCP_FORW: name:enp0s3: saddr:33561200: daddr:100932208
[  155.600432] AAAAA-TCP_FORW: name:enp0s3: saddr:33561200: daddr:100932208
[  155.731411] AAAAA-TCP_FORW: name:enp0s3: saddr:33561200: daddr:100932208
[  155.980421] AAAAA-TCP_FORW: name:enp0s3: saddr:33561200: daddr:100932208
[  156.085827] AAAAA-TCP_FORW: name:enp0s3: saddr:33561200: daddr:100932208
[  156.327204] AAAAA-TCP_FORW: name:enp0s3: saddr:16783984: daddr:100932208
[  156.445329] AAAAA-TCP_FORW: name:enp0s3: saddr:16783984: daddr:100932208
[  156.583979] AAAAA-TCP_FORW: name:enp0s3: saddr:16783984: daddr:100932208
[  156.707957] AAAAA-TCP_FORW: name:enp0s3: saddr:16783984: daddr:100932208
[  156.827464] AAAAA-TCP_FORW: name:enp0s3: saddr:16783984: daddr:100932208
[  156.963445] AAAAA-TCP_FORW: name:enp0s3: saddr:16783984: daddr:100932208
[  157.084930] AAAAA-TCP_FORW: name:enp0s3: saddr:16783984: daddr:100932208
[  157.235110] AAAAA-TCP_FORW: name:enp0s3: saddr:16783984: daddr:100932208
[  157.322384] AAAAA-TCP_FORW: name:enp0s3: saddr:16783984: daddr:100932208
[  157.473319] AAAAA-TCP_FORW: name:enp0s3: saddr:16783984: daddr:100932208
[  157.565667] AAAAA-TCP_FORW: name:enp0s3: saddr:16783984: daddr:100932208
[  157.659169] AAAAA-TCP_FORW: name:enp0s3: saddr:16783984: daddr:100932208
[  157.891826] AAAAA-TCP_FORW: name:enp0s3: saddr:16783984: daddr:100932208
[  158.068608] AAAAA-TCP_FORW: name:enp0s3: saddr:16783984: daddr:100932208
[  158.204019] AAAAA-TCP_FORW: name:enp0s3: saddr:16783984: daddr:100932208
[  158.317349] AAAAA-TCP_FORW: name:enp0s3: saddr:16783984: daddr:100932208
[  158.379600] AAAAA-TCP_FORW: name:enp0s3: saddr:16783984: daddr:100932208
[  158.492736] AAAAA-TCP_FORW: name:enp0s3: saddr:16783984: daddr:100932208
[  158.609186] AAAAA-TCP_FORW: name:enp0s3: saddr:16783984: daddr:100932208
[  158.732882] AAAAA-TCP_FORW: name:enp0s3: saddr:33561200: daddr:100932208
[  158.913422] AAAAA-TCP_FORW: name:enp0s3: saddr:33561200: daddr:100932208
[  159.027842] AAAAA-TCP_FORW: name:enp0s3: saddr:33561200: daddr:100932208
[  159.127432] AAAAA-TCP_FORW: name:enp0s3: saddr:16783984: daddr:100932208
[  161.831264] AAAAA-TCP_FORW: name:enp0s3: saddr:16783984: daddr:100932208
[  162.008706] AAAAA-TCP_FORW: name:enp0s3: saddr:16783984: daddr:100932208
[  162.306712] AAAAA-TCP_FORW: name:enp0s3: saddr:16783984: daddr:100932208
[  162.470481] AAAAA-TCP_FORW: name:enp0s3: saddr:16783984: daddr:100932208
[  162.637897] AAAAA-TCP_FORW: name:enp0s3: saddr:16783984: daddr:100932208
[  162.810675] AAAAA-TCP_FORW: name:enp0s3: saddr:16783984: daddr:100932208
[  162.923348] AAAAA-TCP_FORW: name:enp0s3: saddr:16783984: daddr:100932208
[  163.213197] AAAAA-TCP_FORW: name:enp0s3: saddr:16783984: daddr:100932208
[  163.330859] AAAAA-TCP_FORW: name:enp0s3: saddr:16783984: daddr:100932208
[  163.455732] AAAAA-TCP_FORW: name:enp0s3: saddr:16783984: daddr:100932208
[  163.531783] AAAAA-TCP_FORW: name:enp0s3: saddr:16783984: daddr:100932208
[  163.657241] AAAAA-TCP_FORW: name:enp0s3: saddr:16783984: daddr:100932208
[  163.772333] AAAAA-TCP_FORW: name:enp0s3: saddr:16783984: daddr:100932208
[  163.892711] AAAAA-TCP_FORW: name:enp0s3: saddr:16783984: daddr:100932208
[  164.187143] AAAAA-TCP_FORW: name:enp0s3: saddr:16783984: daddr:100932208
[  164.343138] AAAAA-TCP_FORW: name:enp0s3: saddr:16783984: daddr:100932208
[  164.439646] AAAAA-TCP_FORW: name:enp0s3: saddr:16783984: daddr:100932208
[  164.526343] AAAAA-TCP_FORW: name:enp0s3: saddr:16783984: daddr:100932208
[  164.672013] AAAAA-TCP_FORW: name:enp0s3: saddr:16783984: daddr:100932208
[  164.754972] AAAAA-TCP_FORW: name:enp0s3: saddr:33561200: daddr:100932208
[  164.945149] AAAAA-TCP_FORW: name:enp0s3: saddr:16783984: daddr:100932208
[  165.098918] AAAAA-TCP_FORW: name:enp0s3: saddr:16783984: daddr:100932208
[  165.254985] AAAAA-TCP_FORW: name:enp0s3: saddr:16783984: daddr:100932208
[  165.537248] AAAAA-TCP_FORW: name:enp0s3: saddr:33561200: daddr:100932208
[  165.648861] AAAAA-TCP_FORW: name:enp0s3: saddr:16783984: daddr:100932208
[  165.847589] AAAAA-TCP_FORW: name:enp0s3: saddr:16783984: daddr:100932208
[  165.943940] AAAAA-TCP_FORW: name:enp0s3: saddr:16783984: daddr:100932208
[  166.042852] AAAAA-TCP_FORW: name:enp0s3: saddr:16783984: daddr:100932208
[  166.179978] AAAAA-TCP_FORW: name:enp0s3: saddr:16783984: daddr:100932208
[  166.250357] AAAAA-TCP_FORW: name:enp0s3: saddr:16783984: daddr:100932208
[  166.369035] AAAAA-TCP_FORW: name:enp0s3: saddr:16783984: daddr:100932208
[  166.470143] AAAAA-TCP_FORW: name:enp0s3: saddr:16783984: daddr:100932208
[  166.592669] AAAAA-TCP_FORW: name:enp0s3: saddr:16783984: daddr:100932208
[  166.651907] AAAAA-TCP_FORW: name:enp0s3: saddr:16783984: daddr:100932208
[  166.722775] AAAAA-TCP_FORW: name:enp0s3: saddr:16783984: daddr:100932208
[  166.838918] AAAAA-TCP_FORW: name:enp0s3: saddr:16783984: daddr:100932208
[  166.934077] AAAAA-TCP_FORW: name:enp0s3: saddr:16783984: daddr:100932208
[  167.013197] AAAAA-TCP_FORW: name:enp0s3: saddr:16783984: daddr:100932208
[  167.119754] AAAAA-TCP_FORW: name:enp0s3: saddr:16783984: daddr:100932208
[  167.284526] AAAAA-TCP_FORW: name:enp0s3: saddr:16783984: daddr:100932208
[  167.384563] AAAAA-TCP_FORW: name:enp0s3: saddr:33561200: daddr:100932208
[  167.531961] AAAAA-TCP_FORW: name:enp0s3: saddr:33561200: daddr:100932208
[  167.669955] AAAAA-TCP_FORW: name:enp0s3: saddr:16783984: daddr:100932208
[  167.752579] AAAAA-TCP_FORW: name:enp0s3: saddr:16783984: daddr:100932208
[  167.870222] AAAAA-TCP_FORW: name:enp0s3: saddr:33561200: daddr:100932208
[  167.951518] AAAAA-TCP_FORW: name:enp0s3: saddr:16783984: daddr:100932208
[  168.064755] AAAAA-TCP_FORW: name:enp0s3: saddr:16783984: daddr:100932208
[  168.111122] AAAAA-TCP_FORW: name:enp0s3: saddr:16783984: daddr:100932208
[  168.253294] AAAAA-TCP_FORW: name:enp0s3: saddr:33561200: daddr:100932208
[  168.353633] AAAAA-TCP_FORW: name:enp0s3: saddr:16783984: daddr:100932208
[  168.444423] AAAAA-TCP_FORW: name:enp0s3: saddr:16783984: daddr:100932208
[  168.499314] AAAAA-TCP_FORW: name:enp0s3: saddr:16783984: daddr:100932208
[  168.574565] AAAAA-TCP_FORW: name:enp0s3: saddr:33561200: daddr:100932208
[  168.656577] AAAAA-TCP_FORW: name:enp0s3: saddr:33561200: daddr:100932208
[  168.710924] AAAAA-TCP_FORW: name:enp0s3: saddr:16783984: daddr:100932208
[  168.787922] AAAAA-TCP_FORW: name:enp0s3: saddr:33561200: daddr:100932208
[  168.864790] AAAAA-TCP_FORW: name:enp0s3: saddr:16783984: daddr:100932208
[  168.955826] AAAAA-TCP_FORW: name:enp0s3: saddr:16783984: daddr:100932208
[  169.023146] AAAAA-TCP_FORW: name:enp0s3: saddr:16783984: daddr:100932208
[  169.144916] AAAAA-TCP_FORW: name:enp0s3: saddr:16783984: daddr:100932208
[  169.213021] AAAAA-TCP_FORW: name:enp0s3: saddr:16783984: daddr:100932208
[  169.320302] AAAAA-TCP_FORW: name:enp0s3: saddr:33561200: daddr:100932208
[  169.342762] AAAAA-TCP_FORW: name:enp0s3: saddr:33561200: daddr:100932208
[  169.401521] AAAAA-TCP_FORW: name:enp0s3: saddr:16783984: daddr:100932208
[  169.504168] AAAAA-TCP_FORW: name:enp0s3: saddr:33561200: daddr:100932208
[  169.593588] AAAAA-TCP_FORW: name:enp0s3: saddr:33561200: daddr:100932208
[  169.639725] AAAAA-TCP_FORW: name:enp0s3: saddr:16783984: daddr:100932208
[  169.715519] AAAAA-TCP_FORW: name:enp0s3: saddr:16783984: daddr:100932208
[  169.758139] AAAAA-TCP_FORW: name:enp0s3: saddr:33561200: daddr:100932208
[  169.858457] AAAAA-TCP_FORW: name:enp0s3: saddr:16783984: daddr:100932208
[  169.906645] AAAAA-TCP_FORW: name:enp0s3: saddr:33561200: daddr:100932208
[  169.967859] AAAAA-TCP_FORW: name:enp0s3: saddr:33561200: daddr:100932208
[  170.053816] AAAAA-TCP_FORW: name:enp0s3: saddr:16783984: daddr:100932208
[  170.138898] AAAAA-TCP_FORW: name:enp0s3: saddr:16783984: daddr:100932208
[  170.235660] AAAAA-TCP_FORW: name:enp0s3: saddr:33561200: daddr:100932208
[  170.311535] AAAAA-TCP_FORW: name:enp0s3: saddr:33561200: daddr:100932208
[  170.379361] AAAAA-TCP_FORW: name:enp0s3: saddr:33561200: daddr:100932208
[  170.490097] AAAAA-TCP_FORW: name:enp0s3: saddr:33561200: daddr:100932208
[  170.582089] AAAAA-TCP_FORW: name:enp0s3: saddr:33561200: daddr:100932208
[  170.635475] AAAAA-TCP_FORW: name:enp0s3: saddr:33561200: daddr:100932208
[  170.694543] AAAAA-TCP_FORW: name:enp0s3: saddr:16783984: daddr:100932208
[  170.833439] AAAAA-TCP_FORW: name:enp0s3: saddr:16783984: daddr:100932208
[  170.944849] AAAAA-TCP_FORW: name:enp0s3: saddr:16783984: daddr:100932208
[  171.051767] AAAAA-TCP_FORW: name:enp0s3: saddr:16783984: daddr:100932208
[  171.126039] AAAAA-TCP_FORW: name:enp0s3: saddr:33561200: daddr:100932208
[  171.219241] AAAAA-TCP_FORW: name:enp0s3: saddr:33561200: daddr:100932208
[  171.329205] AAAAA-TCP_FORW: name:enp0s3: saddr:16783984: daddr:100932208
[  171.408147] AAAAA-TCP_FORW: name:enp0s3: saddr:16783984: daddr:100932208
[  171.547704] AAAAA-TCP_FORW: name:enp0s3: saddr:16783984: daddr:100932208
[  171.664723] AAAAA-TCP_FORW: name:enp0s3: saddr:16783984: daddr:100932208
[  171.718965] AAAAA-TCP_FORW: name:enp0s3: saddr:16783984: daddr:100932208
[  171.759163] AAAAA-TCP_FORW: name:enp0s3: saddr:16783984: daddr:100932208
[  171.830971] AAAAA-TCP_FORW: name:enp0s3: saddr:16783984: daddr:100932208
[  171.911168] AAAAA-TCP_FORW: name:enp0s3: saddr:16783984: daddr:100932208
[  172.055880] AAAAA-TCP_FORW: name:enp0s3: saddr:16783984: daddr:100932208
[  172.192603] AAAAA-TCP_FORW: name:enp0s3: saddr:16783984: daddr:100932208
[  172.288607] AAAAA-TCP_FORW: name:enp0s3: saddr:16783984: daddr:100932208
[  172.439505] AAAAA-TCP_FORW: name:enp0s3: saddr:16783984: daddr:100932208
[  172.531340] AAAAA-TCP_FORW: name:enp0s3: saddr:16783984: daddr:100932208
[  172.613071] AAAAA-TCP_FORW: name:enp0s3: saddr:16783984: daddr:100932208
[  172.756595] AAAAA-TCP_FORW: name:enp0s3: saddr:16783984: daddr:100932208
[  172.854265] AAAAA-TCP_FORW: name:enp0s3: saddr:16783984: daddr:100932208
[  172.978630] AAAAA-TCP_FORW: name:enp0s3: saddr:16783984: daddr:100932208
[  173.094108] AAAAA-TCP_FORW: name:enp0s3: saddr:16783984: daddr:100932208
[  173.163610] AAAAA-TCP_FORW: name:enp0s3: saddr:16783984: daddr:100932208
[  173.280192] AAAAA-TCP_FORW: name:enp0s3: saddr:33561200: daddr:100932208
[  173.344573] AAAAA-TCP_FORW: name:enp0s3: saddr:16783984: daddr:100932208
[  173.446222] AAAAA-TCP_FORW: name:enp0s3: saddr:33561200: daddr:100932208
[  173.530744] AAAAA-TCP_FORW: name:enp0s3: saddr:33561200: daddr:100932208
[  173.602857] AAAAA-TCP_FORW: name:enp0s3: saddr:33561200: daddr:100932208
[  173.671999] AAAAA-TCP_FORW: name:enp0s3: saddr:16783984: daddr:100932208
[  173.771116] AAAAA-TCP_FORW: name:enp0s3: saddr:16783984: daddr:100932208
[  173.882338] AAAAA-TCP_FORW: name:enp0s3: saddr:33561200: daddr:100932208
[  174.018148] AAAAA-TCP_FORW: name:enp0s3: saddr:33561200: daddr:100932208
[  174.104021] AAAAA-TCP_FORW: name:enp0s3: saddr:16783984: daddr:100932208
[  183.397925] AAAAA-TCP_FORW: name:enp0s3: saddr:33561200: daddr:100932208
[  183.917349] AAAAA-TCP_FORW: name:enp0s3: saddr:16783984: daddr:100932208
[  184.076494] AAAAA-TCP_FORW: name:enp0s3: saddr:16783984: daddr:100932208
[  184.212077] AAAAA-TCP_FORW: name:enp0s3: saddr:16783984: daddr:100932208
[  184.336429] AAAAA-TCP_FORW: name:enp0s3: saddr:33561200: daddr:100932208
[  184.473257] AAAAA-TCP_FORW: name:enp0s3: saddr:16783984: daddr:100932208
[  184.693436] AAAAA-TCP_FORW: name:enp0s3: saddr:16783984: daddr:100932208
[  184.787651] AAAAA-TCP_FORW: name:enp0s3: saddr:16783984: daddr:100932208
[  184.883961] AAAAA-TCP_FORW: name:enp0s3: saddr:16783984: daddr:100932208
[  185.017525] AAAAA-TCP_FORW: name:enp0s3: saddr:33561200: daddr:100932208
[  185.273084] AAAAA-TCP_FORW: name:enp0s3: saddr:33561200: daddr:100932208
[  185.495020] AAAAA-TCP_FORW: name:enp0s3: saddr:33561200: daddr:100932208
[  185.735921] AAAAA-TCP_FORW: name:enp0s3: saddr:33561200: daddr:100932208
[  186.284982] AAAAA-TCP_FORW: name:enp0s3: saddr:33561200: daddr:100932208
[  186.367691] AAAAA-TCP_FORW: name:enp0s3: saddr:16783984: daddr:100932208
[  186.682851] AAAAA-TCP_FORW: name:enp0s3: saddr:33561200: daddr:100932208
[  186.685244] AAAAA-TCP_FORW: name:enp0s3: saddr:16783984: daddr:100932208
[  193.946342] AAAAA-TCP_FORW: name:enp0s3: saddr:100932208: daddr:33561200
[  194.009699] AAAAA-TCP_FORW: name:enp0s3: saddr:100932208: daddr:33561200
[  194.017087] AAAAA-TCP_FORW: name:enp0s3: saddr:33561200: daddr:100932208
[  194.066849] AAAAA-TCP_FORW: name:enp0s3: saddr:100932208: daddr:33561200
[  194.124867] AAAAA-TCP_FORW: name:enp0s3: saddr:100932208: daddr:33561200
[  194.147874] AAAAA-TCP_FORW: name:enp0s3: saddr:33561200: daddr:100932208
[  194.179290] AAAAA-TCP_FORW: name:enp0s3: saddr:100932208: daddr:33561200
[  194.251548] AAAAA-TCP_FORW: name:enp0s3: saddr:100932208: daddr:33561200
[  194.268970] AAAAA-TCP_FORW: name:enp0s3: saddr:33561200: daddr:100932208
[  194.310984] AAAAA-TCP_FORW: name:enp0s3: saddr:100932208: daddr:33561200
[  194.350599] AAAAA-TCP_FORW: name:enp0s3: saddr:33561200: daddr:100932208
[  194.376471] AAAAA-TCP_FORW: name:enp0s3: saddr:100932208: daddr:33561200
[  194.433049] AAAAA-TCP_FORW: name:enp0s3: saddr:100932208: daddr:33561200
[  194.473080] AAAAA-TCP_FORW: name:enp0s3: saddr:33561200: daddr:100932208
[  194.496317] AAAAA-TCP_FORW: name:enp0s3: saddr:100932208: daddr:33561200
[  194.518178] AAAAA-TCP_FORW: name:enp0s3: saddr:33561200: daddr:100932208
[  194.547619] AAAAA-TCP_FORW: name:enp0s3: saddr:100932208: daddr:33561200
[  194.598337] AAAAA-TCP_FORW: name:enp0s3: saddr:100932208: daddr:33561200
[  194.648808] AAAAA-TCP_FORW: name:enp0s3: saddr:33561200: daddr:100932208
[  194.660043] AAAAA-TCP_FORW: name:enp0s3: saddr:100932208: daddr:33561200
[  194.692088] AAAAA-TCP_FORW: name:enp0s3: saddr:100932208: daddr:33561200
[  194.751078] AAAAA-TCP_FORW: name:enp0s3: saddr:100932208: daddr:33561200
[  194.777613] AAAAA-TCP_FORW: name:enp0s3: saddr:33561200: daddr:100932208
[  194.826678] AAAAA-TCP_FORW: name:enp0s3: saddr:100932208: daddr:33561200
[  194.833467] AAAAA-TCP_FORW: name:enp0s3: saddr:33561200: daddr:100932208
[  194.861736] AAAAA-TCP_FORW: name:enp0s3: saddr:100932208: daddr:33561200
[  194.955954] AAAAA-TCP_FORW: name:enp0s3: saddr:100932208: daddr:33561200
[  194.979507] AAAAA-TCP_FORW: name:enp0s3: saddr:33561200: daddr:100932208
[  195.009146] AAAAA-TCP_FORW: name:enp0s3: saddr:100932208: daddr:33561200
[  195.046802] AAAAA-TCP_FORW: name:enp0s3: saddr:100932208: daddr:33561200
[  195.082426] AAAAA-TCP_FORW: name:enp0s3: saddr:33561200: daddr:100932208
[  195.113146] AAAAA-TCP_FORW: name:enp0s3: saddr:100932208: daddr:33561200
[  195.148526] AAAAA-TCP_FORW: name:enp0s3: saddr:33561200: daddr:100932208
[  195.181125] AAAAA-TCP_FORW: name:enp0s3: saddr:100932208: daddr:33561200
[  195.248735] AAAAA-TCP_FORW: name:enp0s3: saddr:100932208: daddr:33561200
[  195.267800] AAAAA-TCP_FORW: name:enp0s3: saddr:100932208: daddr:33561200
[  195.319155] AAAAA-TCP_FORW: name:enp0s3: saddr:100932208: daddr:33561200
[  195.353298] AAAAA-TCP_FORW: name:enp0s3: saddr:33561200: daddr:100932208
[  195.392267] AAAAA-TCP_FORW: name:enp0s3: saddr:100932208: daddr:33561200
[  195.417880] AAAAA-TCP_FORW: name:enp0s3: saddr:100932208: daddr:33561200
[  195.434705] AAAAA-TCP_FORW: name:enp0s3: saddr:33561200: daddr:100932208
[  195.478183] AAAAA-TCP_FORW: name:enp0s3: saddr:100932208: daddr:33561200
[  195.492488] AAAAA-TCP_FORW: name:enp0s3: saddr:33561200: daddr:100932208
[  195.523798] AAAAA-TCP_FORW: name:enp0s3: saddr:100932208: daddr:16783984
[  195.583473] AAAAA-TCP_FORW: name:enp0s3: saddr:33561200: daddr:100932208
[  195.608364] AAAAA-TCP_FORW: name:enp0s3: saddr:100932208: daddr:16783984
[  195.657804] AAAAA-TCP_FORW: name:enp0s3: saddr:100932208: daddr:16783984
[  195.748739] AAAAA-TCP_FORW: name:enp0s3: saddr:33561200: daddr:100932208
[  195.761222] AAAAA-TCP_FORW: name:enp0s3: saddr:100932208: daddr:16783984
[  195.838851] AAAAA-TCP_FORW: name:enp0s3: saddr:100932208: daddr:16783984
[  195.914335] AAAAA-TCP_FORW: name:enp0s3: saddr:100932208: daddr:16783984
[  195.939278] AAAAA-TCP_FORW: name:enp0s3: saddr:33561200: daddr:100932208
[  196.009503] AAAAA-TCP_FORW: name:enp0s3: saddr:100932208: daddr:16783984
[  196.044795] AAAAA-TCP_FORW: name:enp0s3: saddr:33561200: daddr:100932208
[  196.060086] AAAAA-TCP_FORW: name:enp0s3: saddr:100932208: daddr:16783984
[  196.116915] AAAAA-TCP_FORW: name:enp0s3: saddr:100932208: daddr:16783984
[  196.204085] AAAAA-TCP_FORW: name:enp0s3: saddr:100932208: daddr:16783984
[  196.223422] AAAAA-TCP_FORW: name:enp0s3: saddr:33561200: daddr:100932208
[  196.278912] AAAAA-TCP_FORW: name:enp0s3: saddr:100932208: daddr:16783984
[  196.342786] AAAAA-TCP_FORW: name:enp0s3: saddr:100932208: daddr:16783984
[  196.407919] AAAAA-TCP_FORW: name:enp0s3: saddr:33561200: daddr:100932208
[  196.440781] AAAAA-TCP_FORW: name:enp0s3: saddr:100932208: daddr:16783984
[  196.608569] AAAAA-TCP_FORW: name:enp0s3: saddr:33561200: daddr:100932208
[  196.647285] AAAAA-TCP_FORW: name:enp0s3: saddr:33561200: daddr:100932208
[  196.747776] AAAAA-TCP_FORW: name:enp0s3: saddr:33561200: daddr:100932208
[  196.803939] AAAAA-TCP_FORW: name:enp0s3: saddr:33561200: daddr:100932208
[  196.874728] AAAAA-TCP_FORW: name:enp0s3: saddr:33561200: daddr:100932208
[  196.937319] AAAAA-TCP_FORW: name:enp0s3: saddr:33561200: daddr:100932208
[  197.003180] AAAAA-TCP_FORW: name:enp0s3: saddr:33561200: daddr:100932208
[  197.085671] AAAAA-TCP_FORW: name:enp0s3: saddr:33561200: daddr:100932208
[  197.147976] AAAAA-TCP_FORW: name:enp0s3: saddr:33561200: daddr:100932208
[  197.216392] AAAAA-TCP_FORW: name:enp0s3: saddr:33561200: daddr:100932208
[  197.263312] AAAAA-TCP_FORW: name:enp0s3: saddr:33561200: daddr:100932208
[  197.330707] AAAAA-TCP_FORW: name:enp0s3: saddr:16783984: daddr:100932208
[  197.385148] AAAAA-TCP_FORW: name:enp0s3: saddr:33561200: daddr:100932208
[  197.456991] AAAAA-TCP_FORW: name:enp0s3: saddr:33561200: daddr:100932208
[  197.528756] AAAAA-TCP_FORW: name:enp0s3: saddr:16783984: daddr:100932208
[  197.584922] AAAAA-TCP_FORW: name:enp0s3: saddr:33561200: daddr:100932208
[  197.642840] AAAAA-TCP_FORW: name:enp0s3: saddr:33561200: daddr:100932208
[  197.735435] AAAAA-TCP_FORW: name:enp0s3: saddr:33561200: daddr:100932208
[  197.782188] AAAAA-TCP_FORW: name:enp0s3: saddr:16783984: daddr:100932208
[  197.874994] AAAAA-TCP_FORW: name:enp0s3: saddr:33561200: daddr:100932208
[  197.955283] AAAAA-TCP_FORW: name:enp0s3: saddr:33561200: daddr:100932208
[  198.024578] AAAAA-TCP_FORW: name:enp0s3: saddr:16783984: daddr:100932208
[  198.050225] AAAAA-TCP_FORW: name:enp0s3: saddr:33561200: daddr:100932208
[  198.189498] AAAAA-TCP_FORW: name:enp0s3: saddr:16783984: daddr:100932208
[  198.224312] AAAAA-TCP_FORW: name:enp0s3: saddr:33561200: daddr:100932208
[  198.296306] AAAAA-TCP_FORW: name:enp0s3: saddr:16783984: daddr:100932208
[  198.355385] AAAAA-TCP_FORW: name:enp0s3: saddr:33561200: daddr:100932208
[  198.401736] AAAAA-TCP_FORW: name:enp0s3: saddr:16783984: daddr:100932208
[  198.446088] AAAAA-TCP_FORW: name:enp0s3: saddr:33561200: daddr:100932208
[  198.489899] AAAAA-TCP_FORW: name:enp0s3: saddr:16783984: daddr:100932208
[  198.532634] AAAAA-TCP_FORW: name:enp0s3: saddr:16783984: daddr:100932208
[  198.576232] AAAAA-TCP_FORW: name:enp0s3: saddr:16783984: daddr:100932208
[  198.626059] AAAAA-TCP_FORW: name:enp0s3: saddr:33561200: daddr:100932208
[  198.685554] AAAAA-TCP_FORW: name:enp0s3: saddr:33561200: daddr:100932208
[  198.743664] AAAAA-TCP_FORW: name:enp0s3: saddr:16783984: daddr:100932208
[  198.779456] AAAAA-TCP_FORW: name:enp0s3: saddr:16783984: daddr:100932208
[  198.833091] AAAAA-TCP_FORW: name:enp0s3: saddr:33561200: daddr:100932208
[  198.899038] AAAAA-TCP_FORW: name:enp0s3: saddr:16783984: daddr:100932208
[  198.964755] AAAAA-TCP_FORW: name:enp0s3: saddr:33561200: daddr:100932208
[  199.037246] AAAAA-TCP_FORW: name:enp0s3: saddr:33561200: daddr:100932208
[  199.121167] AAAAA-TCP_FORW: name:enp0s3: saddr:33561200: daddr:100932208
[  199.425075] AAAAA-TCP_FORW: name:enp0s3: saddr:33561200: daddr:100932208
[  199.511897] AAAAA-TCP_FORW: name:enp0s3: saddr:33561200: daddr:100932208
[  199.631953] AAAAA-TCP_FORW: name:enp0s3: saddr:33561200: daddr:100932208
[  199.962009] AAAAA-TCP_FORW: name:enp0s3: saddr:33561200: daddr:100932208
[  200.139715] AAAAA-TCP_FORW: name:enp0s3: saddr:33561200: daddr:100932208
[  200.452491] AAAAA-TCP_FORW: name:enp0s3: saddr:33561200: daddr:100932208
[  200.602679] AAAAA-TCP_FORW: name:enp0s3: saddr:33561200: daddr:100932208
[  200.675897] AAAAA-TCP_FORW: name:enp0s3: saddr:33561200: daddr:100932208
[  200.725061] AAAAA-TCP_FORW: name:enp0s3: saddr:33561200: daddr:100932208
[  200.850636] AAAAA-TCP_FORW: name:enp0s3: saddr:33561200: daddr:100932208
[  201.030401] AAAAA-TCP_FORW: name:enp0s3: saddr:33561200: daddr:100932208
[  201.126429] AAAAA-TCP_FORW: name:enp0s3: saddr:33561200: daddr:100932208
[  201.335911] AAAAA-TCP_FORW: name:enp0s3: saddr:33561200: daddr:100932208
[  201.424557] AAAAA-TCP_FORW: name:enp0s3: saddr:33561200: daddr:100932208
[  201.546880] AAAAA-TCP_FORW: name:enp0s3: saddr:33561200: daddr:100932208
[  201.633878] AAAAA-TCP_FORW: name:enp0s3: saddr:33561200: daddr:100932208
[  201.708861] AAAAA-TCP_FORW: name:enp0s3: saddr:16783984: daddr:100932208
[  201.835229] AAAAA-TCP_FORW: name:enp0s3: saddr:16783984: daddr:100932208
[  201.924920] AAAAA-TCP_FORW: name:enp0s3: saddr:33561200: daddr:100932208
[  202.086816] AAAAA-TCP_FORW: name:enp0s3: saddr:33561200: daddr:100932208
[  202.163970] AAAAA-TCP_FORW: name:enp0s3: saddr:33561200: daddr:100932208
[  202.230424] AAAAA-TCP_FORW: name:enp0s3: saddr:16783984: daddr:100932208
[  202.317681] AAAAA-TCP_FORW: name:enp0s3: saddr:33561200: daddr:100932208
[  202.371960] AAAAA-TCP_FORW: name:enp0s3: saddr:33561200: daddr:100932208
[  202.540524] AAAAA-TCP_FORW: name:enp0s3: saddr:33561200: daddr:100932208
[  202.678101] AAAAA-TCP_FORW: name:enp0s3: saddr:16783984: daddr:100932208
[  202.733975] AAAAA-TCP_FORW: name:enp0s3: saddr:33561200: daddr:100932208
[  202.810255] AAAAA-TCP_FORW: name:enp0s3: saddr:16783984: daddr:100932208
[  202.894162] AAAAA-TCP_FORW: name:enp0s3: saddr:16783984: daddr:100932208
[  203.062468] AAAAA-TCP_FORW: name:enp0s3: saddr:33561200: daddr:100932208
[  203.136409] AAAAA-TCP_FORW: name:enp0s3: saddr:16783984: daddr:100932208
[  203.251204] AAAAA-TCP_FORW: name:enp0s3: saddr:16783984: daddr:100932208
[  203.335814] AAAAA-TCP_FORW: name:enp0s3: saddr:16783984: daddr:100932208
[  203.495006] AAAAA-TCP_FORW: name:enp0s3: saddr:33561200: daddr:100932208
[  203.586632] AAAAA-TCP_FORW: name:enp0s3: saddr:16783984: daddr:100932208
[  203.648633] AAAAA-TCP_FORW: name:enp0s3: saddr:16783984: daddr:100932208
[  203.721619] AAAAA-TCP_FORW: name:enp0s3: saddr:16783984: daddr:100932208
[  203.793627] AAAAA-TCP_FORW: name:enp0s3: saddr:16783984: daddr:100932208
[  203.861397] AAAAA-TCP_FORW: name:enp0s3: saddr:33561200: daddr:100932208
[  203.965098] AAAAA-TCP_FORW: name:enp0s3: saddr:16783984: daddr:100932208
[  204.085626] AAAAA-TCP_FORW: name:enp0s3: saddr:16783984: daddr:100932208
[  204.199309] AAAAA-TCP_FORW: name:enp0s3: saddr:33561200: daddr:100932208
[  204.638595] AAAAA-TCP_FORW: name:enp0s3: saddr:16783984: daddr:100932208
[  204.769067] AAAAA-TCP_FORW: name:enp0s3: saddr:16783984: daddr:100932208
[  301.373714] AAAAA-TCP_FORW: name:enp0s3: saddr:100932208: daddr:16783984
[  301.580781] AAAAA-TCP_FORW: name:enp0s3: saddr:100932208: daddr:16783984
[  314.382615] AAAAA-TCP_FORW: name:enp0s3: saddr:100932208: daddr:33561200
[  627.144595] rfkill: input handler enabled
[  636.970489] rfkill: input handler disabled
[  819.794978] device enp0s3 left promiscuous mode
