[    0.000000] Linux version 5.4.243-mptcp (root@ztg) (gcc version 12.2.0 (Debian 12.2.0-14+deb12u1)) #53 SMP Wed Dec 24 23:28:15 CST 2025
[    0.000000] Command line: BOOT_IMAGE=/boot/vmlinuz-5.4.243-mptcp root=UUID=98415a12-53b7-4144-8265-0f7ece09e445 ro quiet splash
[    0.000000] KERNEL supported cpus:
[    0.000000]   Intel GenuineIntel
[    0.000000]   AMD AuthenticAMD
[    0.000000]   Hygon HygonGenuine
[    0.000000]   Centaur CentaurHauls
[    0.000000]   zhaoxin   Shanghai  
[    0.000000] x86/fpu: Supporting XSAVE feature 0x001: 'x87 floating point registers'
[    0.000000] x86/fpu: Supporting XSAVE feature 0x002: 'SSE registers'
[    0.000000] x86/fpu: Supporting XSAVE feature 0x004: 'AVX registers'
[    0.000000] x86/fpu: xstate_offset[2]:  576, xstate_sizes[2]:  256
[    0.000000] x86/fpu: Enabled xstate features 0x7, context size is 832 bytes, using 'standard' format.
[    0.000000] BIOS-provided physical RAM map:
[    0.000000] BIOS-e820: [mem 0x0000000000000000-0x000000000009fbff] usable
[    0.000000] BIOS-e820: [mem 0x000000000009fc00-0x000000000009ffff] reserved
[    0.000000] BIOS-e820: [mem 0x00000000000f0000-0x00000000000fffff] reserved
[    0.000000] BIOS-e820: [mem 0x0000000000100000-0x000000007ffeffff] usable
[    0.000000] BIOS-e820: [mem 0x000000007fff0000-0x000000007fffffff] ACPI data
[    0.000000] BIOS-e820: [mem 0x00000000fec00000-0x00000000fec00fff] reserved
[    0.000000] BIOS-e820: [mem 0x00000000fee00000-0x00000000fee00fff] reserved
[    0.000000] BIOS-e820: [mem 0x00000000fffc0000-0x00000000ffffffff] reserved
[    0.000000] NX (Execute Disable) protection: active
[    0.000000] SMBIOS 2.5 present.
[    0.000000] DMI: innotek GmbH VirtualBox/VirtualBox, BIOS VirtualBox 12/01/2006
[    0.000000] Hypervisor detected: KVM
[    0.000000] kvm-clock: Using msrs 4b564d01 and 4b564d00
[    0.000000] kvm-clock: cpu 0, msr 57001001, primary cpu clock
[    0.000001] kvm-clock: using sched offset of 4430331171 cycles
[    0.000004] clocksource: kvm-clock: mask: 0xffffffffffffffff max_cycles: 0x1cd42e4dffb, max_idle_ns: 881590591483 ns
[    0.000006] tsc: Detected 2100.000 MHz processor
[    0.001892] e820: update [mem 0x00000000-0x00000fff] usable ==> reserved
[    0.001894] e820: remove [mem 0x000a0000-0x000fffff] usable
[    0.001898] last_pfn = 0x7fff0 max_arch_pfn = 0x400000000
[    0.001968] MTRR default type: uncachable
[    0.001969] MTRR fixed ranges enabled:
[    0.001970]   00000-9FFFF write-back
[    0.001971]   A0000-BFFFF uncachable
[    0.001972]   C0000-FFFFF write-protect
[    0.001972] MTRR variable ranges enabled:
[    0.001974]   0 base 000000000000 mask 3FFF80000000 write-back
[    0.001974]   1 disabled
[    0.001975]   2 disabled
[    0.001975]   3 disabled
[    0.001976]   4 disabled
[    0.001976]   5 disabled
[    0.001976]   6 disabled
[    0.001977]   7 disabled
[    0.001977]   8 disabled
[    0.001978]   9 disabled
[    0.001978]   10 disabled
[    0.001979]   11 disabled
[    0.001979]   12 disabled
[    0.001980]   13 disabled
[    0.001980]   14 disabled
[    0.001980]   15 disabled
[    0.001997] x86/PAT: Configuration [0-7]: WB  WC  UC- UC  WB  WP  UC- WT  
[    0.002131] found SMP MP-table at [mem 0x0009fff0-0x0009ffff]
[    0.089787] check: Scanning 1 areas for low memory corruption
[    0.089916] RAMDISK: [mem 0x32271000-0x3512ffff]
[    0.089923] ACPI: Early table checksum verification disabled
[    0.089928] ACPI: RSDP 0x00000000000E0000 000024 (v02 VBOX  )
[    0.089933] ACPI: XSDT 0x000000007FFF0030 00003C (v01 VBOX   VBOXXSDT 00000001 ASL  00000061)
[    0.089939] ACPI: FACP 0x000000007FFF00F0 0000F4 (v04 VBOX   VBOXFACP 00000001 ASL  00000061)
[    0.089945] ACPI: DSDT 0x000000007FFF02E0 002353 (v02 VBOX   VBOXBIOS 00000002 VBOX 00029BF3)
[    0.089950] ACPI: FACS 0x000000007FFF0200 000040
[    0.089953] ACPI: FACS 0x000000007FFF0200 000040
[    0.089956] ACPI: APIC 0x000000007FFF0240 000054 (v02 VBOX   VBOXAPIC 00000001 ASL  00000061)
[    0.089960] ACPI: SSDT 0x000000007FFF02A0 000038 (v01 VBOX   VBOXCPUT 00000002 VBOX 00029BF3)
[    0.089963] ACPI: Reserving FACP table memory at [mem 0x7fff00f0-0x7fff01e3]
[    0.089964] ACPI: Reserving DSDT table memory at [mem 0x7fff02e0-0x7fff2632]
[    0.089965] ACPI: Reserving FACS table memory at [mem 0x7fff0200-0x7fff023f]
[    0.089966] ACPI: Reserving FACS table memory at [mem 0x7fff0200-0x7fff023f]
[    0.089966] ACPI: Reserving APIC table memory at [mem 0x7fff0240-0x7fff0293]
[    0.089967] ACPI: Reserving SSDT table memory at [mem 0x7fff02a0-0x7fff02d7]
[    0.089981] ACPI: Local APIC address 0xfee00000
[    0.090171] No NUMA configuration found
[    0.090172] Faking a node at [mem 0x0000000000000000-0x000000007ffeffff]
[    0.090182] NODE_DATA(0) allocated [mem 0x7ffc5000-0x7ffeffff]
[    0.090464] Zone ranges:
[    0.090465]   DMA      [mem 0x0000000000001000-0x0000000000ffffff]
[    0.090466]   DMA32    [mem 0x0000000001000000-0x000000007ffeffff]
[    0.090467]   Normal   empty
[    0.090468]   Device   empty
[    0.090468] Movable zone start for each node
[    0.090470] Early memory node ranges
[    0.090471]   node   0: [mem 0x0000000000001000-0x000000000009efff]
[    0.090472]   node   0: [mem 0x0000000000100000-0x000000007ffeffff]
[    0.090476] Zeroed struct page in unavailable ranges: 114 pages
[    0.090477] Initmem setup node 0 [mem 0x0000000000001000-0x000000007ffeffff]
[    0.090478] On node 0 totalpages: 524174
[    0.090479]   DMA zone: 64 pages used for memmap
[    0.090479]   DMA zone: 21 pages reserved
[    0.090480]   DMA zone: 3998 pages, LIFO batch:0
[    0.090550]   DMA32 zone: 8128 pages used for memmap
[    0.090551]   DMA32 zone: 520176 pages, LIFO batch:63
[    0.099943] ACPI: PM-Timer IO Port: 0x4008
[    0.099947] ACPI: Local APIC address 0xfee00000
[    0.100010] IOAPIC[0]: apic_id 1, version 32, address 0xfec00000, GSI 0-23
[    0.100014] ACPI: INT_SRC_OVR (bus 0 bus_irq 0 global_irq 2 dfl dfl)
[    0.100016] ACPI: INT_SRC_OVR (bus 0 bus_irq 9 global_irq 9 low level)
[    0.100018] ACPI: IRQ0 used by override.
[    0.100019] ACPI: IRQ9 used by override.
[    0.100021] Using ACPI (MADT) for SMP configuration information
[    0.100027] smpboot: Allowing 1 CPUs, 0 hotplug CPUs
[    0.100050] PM: Registered nosave memory: [mem 0x00000000-0x00000fff]
[    0.100051] PM: Registered nosave memory: [mem 0x0009f000-0x0009ffff]
[    0.100052] PM: Registered nosave memory: [mem 0x000a0000-0x000effff]
[    0.100052] PM: Registered nosave memory: [mem 0x000f0000-0x000fffff]
[    0.100054] [mem 0x80000000-0xfebfffff] available for PCI devices
[    0.100055] Booting paravirtualized kernel on KVM
[    0.100058] clocksource: refined-jiffies: mask: 0xffffffff max_cycles: 0xffffffff, max_idle_ns: 7645519600211568 ns
[    0.100062] setup_percpu: NR_CPUS:8192 nr_cpumask_bits:1 nr_cpu_ids:1 nr_node_ids:1
[    0.101103] percpu: Embedded 60 pages/cpu s208896 r8192 d28672 u2097152
[    0.101108] pcpu-alloc: s208896 r8192 d28672 u2097152 alloc=1*2097152
[    0.101109] pcpu-alloc: [0] 0 
[    0.101135] Built 1 zonelists, mobility grouping on.  Total pages: 515961
[    0.101136] Policy zone: DMA32
[    0.101138] Kernel command line: BOOT_IMAGE=/boot/vmlinuz-5.4.243-mptcp root=UUID=98415a12-53b7-4144-8265-0f7ece09e445 ro quiet splash
[    0.101995] Dentry cache hash table entries: 262144 (order: 9, 2097152 bytes, linear)
[    0.102260] Inode-cache hash table entries: 131072 (order: 8, 1048576 bytes, linear)
[    0.102311] mem auto-init: stack:off, heap alloc:on, heap free:off
[    0.102314] Calgary: detecting Calgary via BIOS EBDA area
[    0.102315] Calgary: Unable to locate Rio Grande table in EBDA - bailing!
[    0.107072] Memory: 1967332K/2096696K available (14339K kernel code, 2398K rwdata, 4712K rodata, 2728K init, 17260K bss, 129364K reserved, 0K cma-reserved)
[    0.107991] SLUB: HWalign=64, Order=0-3, MinObjects=0, CPUs=1, Nodes=1
[    0.108008] ftrace: allocating 43186 entries in 169 pages
[    0.126234] rcu: Hierarchical RCU implementation.
[    0.126236] rcu: 	RCU restricting CPUs from NR_CPUS=8192 to nr_cpu_ids=1.
[    0.126237] 	Tasks RCU enabled.
[    0.126238] rcu: RCU calculated value of scheduler-enlistment delay is 25 jiffies.
[    0.126239] rcu: Adjusting geometry for rcu_fanout_leaf=16, nr_cpu_ids=1
[    0.129197] NR_IRQS: 524544, nr_irqs: 256, preallocated irqs: 16
[    0.129411] random: crng init done
[    0.138779] Console: colour VGA+ 80x25
[    0.138783] printk: console [tty0] enabled
[    0.138808] ACPI: Core revision 20190816
[    0.138917] APIC: Switch to symmetric I/O mode setup
[    0.139166] x2apic enabled
[    0.139403] Switched APIC routing to physical x2apic.
[    0.140537] ..TIMER: vector=0x30 apic1=0 pin1=2 apic2=-1 pin2=-1
[    0.140561] clocksource: tsc-early: mask: 0xffffffffffffffff max_cycles: 0x1e4530a99b6, max_idle_ns: 440795257976 ns
[    0.140566] Calibrating delay loop (skipped) preset value.. 4200.00 BogoMIPS (lpj=8400000)
[    0.140569] pid_max: default: 32768 minimum: 301
[    0.140596] LSM: Security Framework initializing
[    0.140606] Yama: becoming mindful.
[    0.140641] AppArmor: AppArmor initialized
[    0.140675] Mount-cache hash table entries: 4096 (order: 3, 32768 bytes, linear)
[    0.140679] Mountpoint-cache hash table entries: 4096 (order: 3, 32768 bytes, linear)
[    0.140690] *** VALIDATE tmpfs ***
[    0.140818] *** VALIDATE proc ***
[    0.140858] *** VALIDATE cgroup1 ***
[    0.140859] *** VALIDATE cgroup2 ***
[    0.141001] process: using mwait in idle threads
[    0.141005] Last level iTLB entries: 4KB 64, 2MB 8, 4MB 8
[    0.141006] Last level dTLB entries: 4KB 64, 2MB 0, 4MB 0, 1GB 4
[    0.141026] Spectre V1 : Mitigation: usercopy/swapgs barriers and __user pointer sanitization
[    0.141031] Spectre V2 : Mitigation: Retpolines
[    0.141032] Spectre V2 : Spectre v2 / SpectreRSB mitigation: Filling RSB on context switch
[    0.141033] Spectre V2 : Spectre v2 / SpectreRSB : Filling RSB on VMEXIT
[    0.141034] RETBleed: WARNING: Spectre v2 mitigation leaves CPU vulnerable to RETBleed attacks, data leaks possible!
[    0.141392] RETBleed: Vulnerable
[    0.141393] Speculative Store Bypass: Vulnerable
[    0.141397] TAA: Mitigation: TSX disabled
[    0.141398] MMIO Stale Data: Mitigation: Clear CPU buffers
[    0.145631] Freeing SMP alternatives memory: 40K
[    0.257699] smpboot: CPU0: Intel(R) Xeon(R) Silver 4216 CPU @ 2.10GHz (family: 0x6, model: 0x55, stepping: 0x7)
[    0.257853] Performance Events: unsupported p6 CPU model 85 no PMU driver, software events only.
[    0.257895] rcu: Hierarchical SRCU implementation.
[    0.258420] NMI watchdog: Perf NMI watchdog permanently disabled
[    0.258461] smp: Bringing up secondary CPUs ...
[    0.258462] smp: Brought up 1 node, 1 CPU
[    0.258463] smpboot: Max logical packages: 1
[    0.258465] smpboot: Total of 1 processors activated (4200.00 BogoMIPS)
[    0.259443] devtmpfs: initialized
[    0.259489] x86/mm: Memory block size: 128MB
[    0.259845] clocksource: jiffies: mask: 0xffffffff max_cycles: 0xffffffff, max_idle_ns: 7645041785100000 ns
[    0.259851] futex hash table entries: 256 (order: 2, 16384 bytes, linear)
[    0.259896] pinctrl core: initialized pinctrl subsystem
[    0.260004] PM: RTC time: 14:09:59, date: 2026-01-19
[    0.260112] NET: Registered protocol family 16
[    0.260191] audit: initializing netlink subsys (disabled)
[    0.260318] EISA bus registered
[    0.260320] cpuidle: using governor ladder
[    0.260320] cpuidle: using governor menu
[    0.260358] ACPI: bus type PCI registered
[    0.260360] acpiphp: ACPI Hot Plug PCI Controller Driver version: 0.5
[    0.260471] PCI: Using configuration type 1 for base access
[    0.261220] audit: type=2000 audit(1768803006.097:1): state=initialized audit_enabled=0 res=1
[    0.261306] HugeTLB registered 2.00 MiB page size, pre-allocated 0 pages
[    0.262154] ACPI: Added _OSI(Module Device)
[    0.262155] ACPI: Added _OSI(Processor Device)
[    0.262156] ACPI: Added _OSI(3.0 _SCP Extensions)
[    0.262157] ACPI: Added _OSI(Processor Aggregator Device)
[    0.262158] ACPI: Added _OSI(Linux-Dell-Video)
[    0.262158] ACPI: Added _OSI(Linux-Lenovo-NV-HDMI-Audio)
[    0.262159] ACPI: Added _OSI(Linux-HPI-Hybrid-Graphics)
[    0.264121] ACPI: 2 ACPI AML tables successfully acquired and loaded
[    0.265836] ACPI: Interpreter enabled
[    0.265846] ACPI: (supports S0 S5)
[    0.265847] ACPI: Using IOAPIC for interrupt routing
[    0.266065] PCI: Using host bridge windows from ACPI; if necessary, use "pci=nocrs" and report a bug
[    0.266178] ACPI: Enabled 2 GPEs in block 00 to 07
[    0.271007] ACPI: PCI Root Bridge [PCI0] (domain 0000 [bus 00-ff])
[    0.271012] acpi PNP0A03:00: _OSC: OS supports [ASPM ClockPM Segments MSI HPX-Type3]
[    0.271454] acpi PNP0A03:00: _OSC: not requesting OS control; OS requires [ExtendedConfig ASPM ClockPM MSI]
[    0.271462] acpi PNP0A03:00: fail to add MMCONFIG information, can't access extended PCI configuration space under this bridge.
[    0.271829] PCI host bridge to bus 0000:00
[    0.271831] pci_bus 0000:00: root bus resource [io  0x0000-0x0cf7 window]
[    0.271832] pci_bus 0000:00: root bus resource [io  0x0d00-0xffff window]
[    0.271833] pci_bus 0000:00: root bus resource [mem 0x000a0000-0x000bffff window]
[    0.271835] pci_bus 0000:00: root bus resource [mem 0x80000000-0xfdffffff window]
[    0.271836] pci_bus 0000:00: root bus resource [bus 00-ff]
[    0.271877] pci 0000:00:00.0: [8086:1237] type 00 class 0x060000
[    0.272643] pci 0000:00:01.0: [8086:7000] type 00 class 0x060100
[    0.273389] pci 0000:00:01.1: [8086:7111] type 00 class 0x01018a
[    0.273752] pci 0000:00:01.1: reg 0x20: [io  0xd000-0xd00f]
[    0.273901] pci 0000:00:01.1: legacy IDE quirk: reg 0x10: [io  0x01f0-0x01f7]
[    0.273902] pci 0000:00:01.1: legacy IDE quirk: reg 0x14: [io  0x03f6]
[    0.273903] pci 0000:00:01.1: legacy IDE quirk: reg 0x18: [io  0x0170-0x0177]
[    0.273904] pci 0000:00:01.1: legacy IDE quirk: reg 0x1c: [io  0x0376]
[    0.274434] pci 0000:00:02.0: [15ad:0405] type 00 class 0x030000
[    0.276642] pci 0000:00:02.0: reg 0x10: [io  0xd010-0xd01f]
[    0.280610] pci 0000:00:02.0: reg 0x14: [mem 0xe0000000-0xe7ffffff pref]
[    0.283238] pci 0000:00:02.0: reg 0x18: [mem 0xf0000000-0xf01fffff]
[    0.293362] pci 0000:00:03.0: [1022:2000] type 00 class 0x020000
[    0.294062] pci 0000:00:03.0: reg 0x10: [io  0xd020-0xd03f]
[    0.294686] pci 0000:00:03.0: reg 0x14: [mem 0xf0200000-0xf0200fff]
[    0.299600] pci 0000:00:04.0: [80ee:cafe] type 00 class 0x088000
[    0.300265] pci 0000:00:04.0: reg 0x10: [io  0xd040-0xd05f]
[    0.300676] pci 0000:00:04.0: reg 0x14: [mem 0xf0400000-0xf07fffff]
[    0.301292] pci 0000:00:04.0: reg 0x18: [mem 0xf0800000-0xf0803fff pref]
[    0.304607] pci 0000:00:07.0: [8086:7113] type 00 class 0x068000
[    0.305160] pci 0000:00:07.0: quirk: [io  0x4000-0x403f] claimed by PIIX4 ACPI
[    0.305170] pci 0000:00:07.0: quirk: [io  0x4100-0x410f] claimed by PIIX4 SMB
[    0.305783] pci 0000:00:08.0: [8086:100e] type 00 class 0x020000
[    0.306475] pci 0000:00:08.0: reg 0x10: [mem 0xf0820000-0xf083ffff]
[    0.307627] pci 0000:00:08.0: reg 0x18: [io  0xd060-0xd067]
[    0.310720] pci 0000:00:09.0: [8086:100e] type 00 class 0x020000
[    0.311421] pci 0000:00:09.0: reg 0x10: [mem 0xf0840000-0xf085ffff]
[    0.313215] pci 0000:00:09.0: reg 0x18: [io  0xd068-0xd06f]
[    0.321691] ACPI: PCI Interrupt Link [LNKA] (IRQs 5 9 10 *11)
[    0.321971] ACPI: PCI Interrupt Link [LNKB] (IRQs 5 9 *10 11)
[    0.324581] ACPI: PCI Interrupt Link [LNKC] (IRQs 5 *9 10 11)
[    0.324686] ACPI: PCI Interrupt Link [LNKD] (IRQs 5 9 10 *11)
[    0.324946] iommu: Default domain type: Translated 
[    0.325007] pci 0000:00:02.0: vgaarb: setting as boot VGA device
[    0.325009] pci 0000:00:02.0: vgaarb: VGA device added: decodes=io+mem,owns=io+mem,locks=none
[    0.325010] pci 0000:00:02.0: vgaarb: bridge control possible
[    0.325011] vgaarb: loaded
[    0.325220] SCSI subsystem initialized
[    0.325254] libata version 3.00 loaded.
[    0.325277] ACPI: bus type USB registered
[    0.325293] usbcore: registered new interface driver usbfs
[    0.325299] usbcore: registered new interface driver hub
[    0.325304] usbcore: registered new device driver usb
[    0.325331] pps_core: LinuxPPS API ver. 1 registered
[    0.325331] pps_core: Software ver. 5.3.6 - Copyright 2005-2007 Rodolfo Giometti <giometti@linux.it>
[    0.325334] PTP clock support registered
[    0.325366] EDAC MC: Ver: 3.0.0
[    0.325658] PCI: Using ACPI for IRQ routing
[    0.325660] PCI: pci_cache_line_size set to 64 bytes
[    0.325827] e820: reserve RAM buffer [mem 0x0009fc00-0x0009ffff]
[    0.325830] e820: reserve RAM buffer [mem 0x7fff0000-0x7fffffff]
[    0.326632] NetLabel: Initializing
[    0.326632] NetLabel:  domain hash size = 128
[    0.326633] NetLabel:  protocols = UNLABELED CIPSOv4 CALIPSO
[    0.326653] NetLabel:  unlabeled traffic allowed by default
[    0.327554] clocksource: Switched to clocksource kvm-clock
[    0.338969] *** VALIDATE bpf ***
[    0.339029] VFS: Disk quotas dquot_6.6.0
[    0.339041] VFS: Dquot-cache hash table entries: 512 (order 0, 4096 bytes)
[    0.339064] *** VALIDATE ramfs ***
[    0.339067] *** VALIDATE hugetlbfs ***
[    0.339145] AppArmor: AppArmor Filesystem Enabled
[    0.339169] pnp: PnP ACPI init
[    0.339231] pnp 00:00: Plug and Play ACPI device, IDs PNP0303 (active)
[    0.339316] pnp 00:01: Plug and Play ACPI device, IDs PNP0f03 (active)
[    0.340041] pnp: PnP ACPI: found 2 devices
[    0.340994] thermal_sys: Registered thermal governor 'fair_share'
[    0.340994] thermal_sys: Registered thermal governor 'bang_bang'
[    0.340995] thermal_sys: Registered thermal governor 'step_wise'
[    0.340996] thermal_sys: Registered thermal governor 'user_space'
[    0.340996] thermal_sys: Registered thermal governor 'power_allocator'
[    0.345507] clocksource: acpi_pm: mask: 0xffffff max_cycles: 0xffffff, max_idle_ns: 2085701024 ns
[    0.345547] pci_bus 0000:00: resource 4 [io  0x0000-0x0cf7 window]
[    0.345548] pci_bus 0000:00: resource 5 [io  0x0d00-0xffff window]
[    0.345550] pci_bus 0000:00: resource 6 [mem 0x000a0000-0x000bffff window]
[    0.345551] pci_bus 0000:00: resource 7 [mem 0x80000000-0xfdffffff window]
[    0.345609] NET: Registered protocol family 2
[    0.345683] IP idents hash table entries: 32768 (order: 6, 262144 bytes, linear)
[    0.346086] MPTCP tokens hash table entries: 8192 (order: 4, 65536 bytes, linear)
[    0.346106] MPTCP request tokens hash table entries: 8192 (order: 4, 65536 bytes, linear)
[    0.346131] default registered
[    0.346132] default registered
[    0.346132] MPTCP: Stable release v0.96
[    0.346137] tcp_listen_portaddr_hash hash table entries: 1024 (order: 2, 16384 bytes, linear)
[    0.346223] TCP established hash table entries: 16384 (order: 5, 131072 bytes, linear)
[    0.346291] TCP bind hash table entries: 16384 (order: 6, 262144 bytes, linear)
[    0.346316] TCP: Hash tables configured (established 16384 bind 16384)
[    0.347025] UDP hash table entries: 1024 (order: 3, 32768 bytes, linear)
[    0.347036] UDP-Lite hash table entries: 1024 (order: 3, 32768 bytes, linear)
[    0.347072] NET: Registered protocol family 1
[    0.347081] NET: Registered protocol family 44
[    0.347101] pci 0000:00:00.0: Limiting direct PCI/PCI transfers
[    0.347112] pci 0000:00:01.0: Activating ISA DMA hang workarounds
[    0.347168] pci 0000:00:02.0: Video device with shadowed ROM at [mem 0x000c0000-0x000dffff]
[    0.347266] PCI: CLS 0 bytes, default 64
[    0.347319] Trying to unpack rootfs image as initramfs...
[    0.515213] Freeing initrd memory: 47868K
[    0.515213] clocksource: tsc: mask: 0xffffffffffffffff max_cycles: 0x1e4530a99b6, max_idle_ns: 440795257976 ns
[    0.515213] clocksource: Switched to clocksource tsc
[    0.515213] platform rtc_cmos: registered platform RTC device (no PNP device found)
[    0.515213] check: Scanning for low memory corruption every 60 seconds
[    0.515213] Initialise system trusted keyrings
[    0.515213] Key type blacklist registered
[    0.515213] workingset: timestamp_bits=36 max_order=19 bucket_order=0
[    0.515213] zbud: loaded
[    0.515213] squashfs: version 4.0 (2009/01/31) Phillip Lougher
[    0.515213] fuse: init (API version 7.31)
[    0.515213] *** VALIDATE fuse ***
[    0.515213] *** VALIDATE fuse ***
[    0.515213] Platform Keyring initialized
[    0.531536] Key type asymmetric registered
[    0.531538] Asymmetric key parser 'x509' registered
[    0.531547] Block layer SCSI generic (bsg) driver version 0.4 loaded (major 244)
[    0.531584] io scheduler mq-deadline registered
[    0.531709] shpchp: Standard Hot Plug PCI Controller Driver version: 0.4
[    0.531936] ACPI: AC Adapter [AC] (on-line)
[    0.531982] input: Power Button as /devices/LNXSYSTM:00/LNXPWRBN:00/input/input0
[    0.532012] ACPI: Power Button [PWRF]
[    0.532093] input: Sleep Button as /devices/LNXSYSTM:00/LNXSLPBN:00/input/input1
[    0.532108] ACPI: Sleep Button [SLPF]
[    0.532330] Serial: 8250/16550 driver, 32 ports, IRQ sharing enabled
[    0.533509] Linux agpgart interface v0.103
[    0.627203] loop: module loaded
[    0.627356] ata_piix 0000:00:01.1: version 2.13
[    0.627808] scsi host0: ata_piix
[    0.627911] scsi host1: ata_piix
[    0.627938] ata1: PATA max UDMA/33 cmd 0x1f0 ctl 0x3f6 bmdma 0xd000 irq 14
[    0.627939] ata2: PATA max UDMA/33 cmd 0x170 ctl 0x376 bmdma 0xd008 irq 15
[    0.628024] tun: Universal TUN/TAP device driver, 1.6
[    0.628336] PPP generic driver version 2.4.2
[    0.628379] VFIO - User Level meta-driver version: 0.3
[    0.628612] ehci_hcd: USB 2.0 'Enhanced' Host Controller (EHCI) Driver
[    0.628616] ehci-pci: EHCI PCI platform driver
[    0.628632] ehci-platform: EHCI generic platform driver
[    0.628637] ohci_hcd: USB 1.1 'Open' Host Controller (OHCI) Driver
[    0.628639] ohci-pci: OHCI PCI platform driver
[    0.628646] ohci-platform: OHCI generic platform driver
[    0.628651] uhci_hcd: USB Universal Host Controller Interface driver
[    0.628717] i8042: PNP: PS/2 Controller [PNP0303:PS2K,PNP0f03:PS2M] at 0x60,0x64 irq 1,12
[    0.629159] serio: i8042 KBD port at 0x60,0x64 irq 1
[    0.629163] serio: i8042 AUX port at 0x60,0x64 irq 12
[    0.629249] mousedev: PS/2 mouse device common for all mice
[    0.629504] input: AT Translated Set 2 keyboard as /devices/platform/i8042/serio0/input/input2
[    0.629912] rtc_cmos rtc_cmos: registered as rtc0
[    0.629925] rtc_cmos rtc_cmos: alarms up to one day, 114 bytes nvram
[    0.629930] i2c /dev entries driver
[    0.629975] device-mapper: uevent: version 1.0.3
[    0.630018] device-mapper: ioctl: 4.41.0-ioctl (2019-09-16) initialised: dm-devel@redhat.com
[    0.630035] platform eisa.0: Probing EISA bus 0
[    0.630036] platform eisa.0: EISA: Cannot allocate resource for mainboard
[    0.630037] platform eisa.0: Cannot allocate resource for EISA slot 1
[    0.630038] platform eisa.0: Cannot allocate resource for EISA slot 2
[    0.630039] platform eisa.0: Cannot allocate resource for EISA slot 3
[    0.630040] platform eisa.0: Cannot allocate resource for EISA slot 4
[    0.630041] platform eisa.0: Cannot allocate resource for EISA slot 5
[    0.630042] platform eisa.0: Cannot allocate resource for EISA slot 6
[    0.630043] platform eisa.0: Cannot allocate resource for EISA slot 7
[    0.630044] platform eisa.0: Cannot allocate resource for EISA slot 8
[    0.630045] platform eisa.0: EISA: Detected 0 cards
[    0.630048] intel_pstate: CPU model not supported
[    0.630057] ledtrig-cpu: registered to indicate activity on CPUs
[    0.630113] drop_monitor: Initializing network drop monitor service
[    0.630270] NET: Registered protocol family 10
[    0.635352] Segment Routing with IPv6
[    0.635352] fullmesh registered
[    0.635352] ndiffports registered
[    0.635352] binder registered
[    0.635352] roundrobin registered
[    0.635352] redundant registered
[    0.635352] blest registered
[    0.635352] ecf registered
[    0.635352] NET: Registered protocol family 17
[    0.635352] Key type dns_resolver registered
[    0.635352] RAS: Correctable Errors collector initialized.
[    0.635352] IPI shorthand broadcast: enabled
[    0.635352] sched_clock: Marking stable (620190384, 11162121)->(633476813, -2124308)
[    0.635691] registered taskstats version 1
[    0.635701] Loading compiled-in X.509 certificates
[    0.636575] Loaded X.509 cert 'Build time autogenerated kernel key: 6909f3744cebb3d0de528d5887b96a727de79b1e'
[    0.636602] zswap: loaded using pool lzo/zbud
[    0.636682] Key type ._fscrypt registered
[    0.636683] Key type .fscrypt registered
[    0.641636] Key type big_key registered
[    0.644076] Key type encrypted registered
[    0.644079] AppArmor: AppArmor sha1 policy hashing enabled
[    0.644086] ima: No TPM chip found, activating TPM-bypass!
[    0.644089] ima: Allocated hash algorithm: sha1
[    0.644095] ima: No architecture policies found
[    0.644104] evm: Initialising EVM extended attributes:
[    0.644105] evm: security.selinux
[    0.644105] evm: security.SMACK64
[    0.644106] evm: security.SMACK64EXEC
[    0.644106] evm: security.SMACK64TRANSMUTE
[    0.644107] evm: security.SMACK64MMAP
[    0.644107] evm: security.apparmor
[    0.644108] evm: security.ima
[    0.644108] evm: security.capability
[    0.644109] evm: HMAC attrs: 0x1
[    0.644404] PM:   Magic number: 10:497:182
[    0.644511] rtc_cmos rtc_cmos: setting system clock to 2026-01-19T14:10:00 UTC (1768831800)
[    0.799015] ata1.00: ATA-6: VBOX HARDDISK, 1.0, max UDMA/133
[    0.799017] ata1.00: 209715200 sectors, multi 128: LBA 
[    0.799491] scsi 0:0:0:0: Direct-Access     ATA      VBOX HARDDISK    1.0  PQ: 0 ANSI: 5
[    0.799686] sd 0:0:0:0: [sda] 209715200 512-byte logical blocks: (107 GB/100 GiB)
[    0.799694] sd 0:0:0:0: [sda] Write Protect is off
[    0.799695] sd 0:0:0:0: [sda] Mode Sense: 00 3a 00 00
[    0.799707] sd 0:0:0:0: [sda] Write cache: enabled, read cache: enabled, doesn't support DPO or FUA
[    0.799918] sd 0:0:0:0: Attached scsi generic sg0 type 0
[    0.800565]  sda: sda1 sda2
[    0.811314] sd 0:0:0:0: [sda] Attached SCSI disk
[    0.813358] Freeing unused decrypted memory: 2040K
[    0.814084] Freeing unused kernel image memory: 2728K
[    0.814086] Write protecting the kernel read-only data: 22528k
[    0.814814] Freeing unused kernel image memory: 2036K
[    0.815230] Freeing unused kernel image memory: 1432K
[    0.830463] x86/mm: Checked W+X mappings: passed, no W+X pages found.
[    0.830467] Run /init as init process
[    0.924099] ACPI: Video Device [GFX0] (multi-head: yes  rom: no  post: no)
[    0.924172] input: Video Bus as /devices/LNXSYSTM:00/LNXSYBUS:00/PNP0A03:00/LNXVIDEO:00/input/input4
[    0.936573] pcnet32: pcnet32.c:v1.35 21.Apr.2008 tsbogend@alpha.franken.de
[    0.940281] piix4_smbus 0000:00:07.0: SMBus Host Controller at 0x4100, revision 0
[    0.942836] e1000: Intel(R) PRO/1000 Network Driver - version 7.3.21-k8-NAPI
[    0.942837] e1000: Copyright (c) 1999-2006 Intel Corporation.
[    0.948323] pcnet32: PCnet/FAST III 79C973 at 0xd020, 08:00:27:8c:f3:76 assigned IRQ 19
[    0.948371] pcnet32: Found PHY 0022:561b at address 0
[    0.948673] pcnet32: eth0: registered as PCnet/FAST III 79C973
[    0.956923] pcnet32: 1 cards_found
[    1.014198] pcnet32 0000:00:03.0 enp0s3: renamed from eth0
[    1.157614] input: ImExPS/2 Generic Explorer Mouse as /devices/platform/i8042/serio1/input/input5
[    1.351807] e1000 0000:00:08.0 eth0: (PCI:33MHz:32-bit) 08:00:27:ff:26:83
[    1.351812] e1000 0000:00:08.0 eth0: Intel(R) PRO/1000 Network Connection
[    1.723496] e1000 0000:00:09.0 eth1: (PCI:33MHz:32-bit) 08:00:27:79:fb:06
[    1.723499] e1000 0000:00:09.0 eth1: Intel(R) PRO/1000 Network Connection
[    1.724664] e1000 0000:00:09.0 enp0s9: renamed from eth1
[    1.726514] e1000 0000:00:08.0 enp0s8: renamed from eth0
[    1.883579] EXT4-fs (sda2): mounted filesystem with ordered data mode. Opts: (null)
[    1.964635] systemd[1]: Inserted module 'autofs4'
[    1.973915] systemd[1]: systemd 245.4-4ubuntu3 running in system mode. (+PAM +AUDIT +SELINUX +IMA +APPARMOR +SMACK +SYSVINIT +UTMP +LIBCRYPTSETUP +GCRYPT +GNUTLS +ACL +XZ +LZ4 +SECCOMP +BLKID +ELFUTILS +KMOD +IDN2 -IDN +PCRE2 default-hierarchy=hybrid)
[    1.973944] systemd[1]: Detected virtualization oracle.
[    1.973947] systemd[1]: Detected architecture x86-64.
[    1.975285] systemd[1]: Set hostname to <ztg>.
[    2.099566] systemd[1]: /lib/systemd/system/dbus.socket:5: ListenStream= references a path below legacy directory /var/run/, updating /var/run/dbus/system_bus_socket â†’ /run/dbus/system_bus_socket; please update the unit file accordingly.
[    2.155023] systemd[1]: Created slice system-modprobe.slice.
[    2.155261] systemd[1]: Created slice User and Session Slice.
[    2.155309] systemd[1]: Started Forward Password Requests to Wall Directory Watch.
[    2.155472] systemd[1]: Set up automount Arbitrary Executable File Formats File System Automount Point.
[    2.155508] systemd[1]: Reached target User and Group Name Lookups.
[    2.155517] systemd[1]: Reached target Remote File Systems.
[    2.155524] systemd[1]: Reached target Slices.
[    2.156075] systemd[1]: Listening on Syslog Socket.
[    2.156146] systemd[1]: Listening on fsck to fsckd communication Socket.
[    2.156185] systemd[1]: Listening on initctl Compatibility Named Pipe.
[    2.156320] systemd[1]: Listening on Journal Audit Socket.
[    2.156373] systemd[1]: Listening on Journal Socket (/dev/log).
[    2.156440] systemd[1]: Listening on Journal Socket.
[    2.156505] systemd[1]: Listening on udev Control Socket.
[    2.156543] systemd[1]: Listening on udev Kernel Socket.
[    2.157265] systemd[1]: Mounting Huge Pages File System...
[    2.158163] systemd[1]: Mounting POSIX Message Queue File System...
[    2.159029] systemd[1]: Mounting Kernel Debug File System...
[    2.159896] systemd[1]: Mounting Kernel Trace File System...
[    2.161872] systemd[1]: Starting Journal Service...
[    2.185001] systemd[1]: Starting Set the console keyboard layout...
[    2.192859] systemd[1]: Starting Create list of static device nodes for the current kernel...
[    2.194749] systemd[1]: Starting Load Kernel Module drm...
[    2.195760] systemd[1]: Condition check resulted in Set Up Additional Binary Formats being skipped.
[    2.195810] systemd[1]: Condition check resulted in File System Check on Root Device being skipped.
[    2.207816] systemd[1]: Starting Load Kernel Modules...
[    2.209055] systemd[1]: Starting Remount Root and Kernel File Systems...
[    2.238184] systemd[1]: Starting udev Coldplug all Devices...
[    2.250103] systemd[1]: Starting Uncomplicated firewall...
[    2.251584] systemd[1]: Mounted Huge Pages File System.
[    2.251680] systemd[1]: Mounted POSIX Message Queue File System.
[    2.251755] systemd[1]: Mounted Kernel Debug File System.
[    2.251825] systemd[1]: Mounted Kernel Trace File System.
[    2.270968] EXT4-fs (sda2): re-mounted. Opts: errors=remount-ro
[    2.276530] systemd[1]: Finished Create list of static device nodes for the current kernel.
[    2.277571] systemd[1]: modprobe@drm.service: Succeeded.
[    2.283761] systemd[1]: Finished Load Kernel Module drm.
[    2.284352] systemd[1]: Finished Remount Root and Kernel File Systems.
[    2.285128] systemd[1]: Finished Uncomplicated firewall.
[    2.286619] lp: driver loaded but no devices found
[    2.297774] systemd[1]: Condition check resulted in Rebuild Hardware Database being skipped.
[    2.297807] systemd[1]: Condition check resulted in Platform Persistent Storage Archival being skipped.
[    2.298446] systemd[1]: Starting Load/Save Random Seed...
[    2.303341] systemd[1]: Starting Create System Users...
[    2.308798] ppdev: user-space parallel port driver
[    2.318774] systemd[1]: Finished Load/Save Random Seed.
[    2.322728] systemd[1]: Finished Create System Users.
[    2.323558] systemd[1]: Starting Create Static Device Nodes in /dev...
[    2.362062] systemd[1]: Finished Create Static Device Nodes in /dev.
[    2.362828] systemd[1]: Starting udev Kernel Device Manager...
[    2.396626] systemd[1]: Finished udev Coldplug all Devices.
[    2.399277] [drm] DMA map mode: Caching DMA mappings.
[    2.399338] [drm] Capabilities:
[    2.399339] [drm]   Rect copy.
[    2.399339] [drm]   Cursor.
[    2.399340] [drm]   Cursor bypass.
[    2.399340] [drm]   Cursor bypass 2.
[    2.399340] [drm]   Alpha cursor.
[    2.399341] [drm]   Extended Fifo.
[    2.399341] [drm]   Pitchlock.
[    2.399341] [drm]   Irq mask.
[    2.399342] [drm]   GMR.
[    2.399342] [drm]   Traces.
[    2.399342] [drm]   GMR2.
[    2.399343] [drm]   Screen Object 2.
[    2.399343] [drm]   Command Buffers.
[    2.399344] [drm]   Command Buffers 2.
[    2.399344] [drm]   Guest Backed Resources.
[    2.399345] [drm] Max GMR ids is 8192
[    2.399345] [drm] Max number of GMR pages is 1048576
[    2.399346] [drm] Max dedicated hypervisor surface memory is 393216 kiB
[    2.399346] [drm] Maximum display memory size is 131072 kiB
[    2.399347] [drm] VRAM at 0xe0000000 size is 131072 kiB
[    2.399348] [drm] MMIO at 0xf0000000 size is 2048 kiB
[    2.400561] [TTM] Zone  kernel: Available graphics memory: 1011738 KiB
[    2.400562] [TTM] Initializing pool allocator
[    2.400565] [TTM] Initializing DMA pool allocator
[    2.400594] [drm] Supports vblank timestamp caching Rev 2 (21.10.2013).
[    2.400595] [drm] No driver support for vblank timestamp query.
[    2.400841] [drm] Screen Target Display device initialized
[    2.401052] [drm] width 720
[    2.401061] [drm] height 400
[    2.401064] [drm] bpp 32
[    2.401631] [drm] Fifo max 0x00200000 min 0x00001000 cap 0x00000355
[    2.402724] [drm] Using command buffers with DMA pool.
[    2.402728] [drm] DX: no.
[    2.402729] [drm] Atomic: yes.
[    2.402729] [drm] SM4_1: no.
[    2.402748] [drm:vmw_host_log [vmwgfx]] *ERROR* Failed to send host log message.
[    2.404027] [drm:vmw_host_log [vmwgfx]] *ERROR* Failed to send host log message.
[    2.415173] fbcon: svgadrmfb (fb0) is primary device
[    2.417539] Console: switching to colour frame buffer device 100x37
[    2.423585] [drm] Initialized vmwgfx 2.15.0 20180704 for 0000:00:02.0 on minor 0
[    2.428475] systemd[1]: Finished Load Kernel Modules.
[    2.429369] systemd[1]: Mounting FUSE Control File System...
[    2.430573] systemd[1]: Mounting Kernel Configuration File System...
[    2.462583] systemd[1]: Starting Apply Kernel Variables...
[    2.475759] systemd[1]: Mounted FUSE Control File System.
[    2.475837] systemd[1]: Condition check resulted in VMware vmblock fuse mount being skipped.
[    2.477207] systemd[1]: Mounted Kernel Configuration File System.
[    2.484632] systemd[1]: Finished Set the console keyboard layout.
[    2.484730] systemd[1]: Reached target Local File Systems (Pre).
[    2.486783] systemd[1]: Mounting Mount unit for bare, revision 5...
[    2.488795] systemd[1]: Mounting Mount unit for core18, revision 1705...
[    2.496334] systemd[1]: Mounting Mount unit for gnome-3-34-1804, revision 24...
[    2.509879] systemd[1]: Mounting Mount unit for gtk-common-themes, revision 1506...
[    2.519897] systemd[1]: Mounting Mount unit for gtk-common-themes, revision 1535...
[    2.528288] systemd[1]: Mounting Mount unit for snap-store, revision 433...
[    2.538263] systemd[1]: Mounting Mount unit for snapd, revision 25935...
[    2.561210] systemd[1]: Finished Apply Kernel Variables.
[    2.569550] systemd[1]: Mounted Mount unit for bare, revision 5.
[    2.569639] systemd[1]: Mounted Mount unit for core18, revision 1705.
[    2.583663] systemd[1]: Started udev Kernel Device Manager.
[    2.584324] systemd[1]: Starting Show Plymouth Boot Screen...
[    2.592409] systemd[1]: Received SIGRTMIN+20 from PID 272 (plymouthd).
[    2.611189] systemd[1]: Started Show Plymouth Boot Screen.
[    2.611338] systemd[1]: Condition check resulted in Dispatch Password Requests to Console Directory Watch being skipped.
[    2.611435] systemd[1]: Started Forward Password Requests to Plymouth Directory Watch.
[    2.611468] systemd[1]: Reached target Local Encrypted Volumes.
[    2.627242] systemd[1]: Mounted Mount unit for gtk-common-themes, revision 1535.
[    2.644837] systemd[1]: Mounted Mount unit for gnome-3-34-1804, revision 24.
[    2.676240] systemd[1]: Mounted Mount unit for snap-store, revision 433.
[    2.708209] systemd[1]: Mounted Mount unit for gtk-common-themes, revision 1506.
[    2.710282] systemd[1]: Mounted Mount unit for snapd, revision 25935.
[    2.710516] systemd[1]: Reached target Local File Systems.
[    2.711363] systemd[1]: Starting Load AppArmor profiles...
[    2.713830] systemd[1]: Starting Set console font and keymap...
[    2.727697] systemd[1]: Starting Tell Plymouth To Write Out Runtime Data...
[    2.728040] systemd[1]: Condition check resulted in Store a System Token in an EFI Variable being skipped.
[    2.728084] systemd[1]: Condition check resulted in Commit a transient machine-id on disk being skipped.
[    2.731896] systemd[1]: Finished Set console font and keymap.
[    2.741156] systemd[1]: Received SIGRTMIN+20 from PID 272 (plymouthd).
[    2.742524] systemd[1]: plymouth-read-write.service: Succeeded.
[    2.742768] systemd[1]: Finished Tell Plymouth To Write Out Runtime Data.
[    2.760707] audit: type=1400 audit(1768831802.612:2): apparmor="STATUS" operation="profile_load" profile="unconfined" name="nvidia_modprobe" pid=301 comm="apparmor_parser"
[    2.760709] audit: type=1400 audit(1768831802.612:3): apparmor="STATUS" operation="profile_load" profile="unconfined" name="nvidia_modprobe//kmod" pid=301 comm="apparmor_parser"
[    2.772853] audit: type=1400 audit(1768831802.624:4): apparmor="STATUS" operation="profile_load" profile="unconfined" name="/usr/sbin/tcpdump" pid=302 comm="apparmor_parser"
[    2.817657] audit: type=1400 audit(1768831802.660:5): apparmor="STATUS" operation="profile_load" profile="unconfined" name="/usr/bin/evince" pid=304 comm="apparmor_parser"
[    2.817659] audit: type=1400 audit(1768831802.660:6): apparmor="STATUS" operation="profile_load" profile="unconfined" name="/usr/bin/evince//sanitized_helper" pid=304 comm="apparmor_parser"
[    2.817661] audit: type=1400 audit(1768831802.660:7): apparmor="STATUS" operation="profile_load" profile="unconfined" name="/usr/bin/evince-previewer" pid=304 comm="apparmor_parser"
[    2.817663] audit: type=1400 audit(1768831802.660:8): apparmor="STATUS" operation="profile_load" profile="unconfined" name="/usr/bin/evince-previewer//sanitized_helper" pid=304 comm="apparmor_parser"
[    2.817664] audit: type=1400 audit(1768831802.660:9): apparmor="STATUS" operation="profile_load" profile="unconfined" name="/usr/bin/evince-thumbnailer" pid=304 comm="apparmor_parser"
[    2.833450] audit: type=1400 audit(1768831802.684:10): apparmor="STATUS" operation="profile_load" profile="unconfined" name="/usr/lib/cups/backend/cups-pdf" pid=305 comm="apparmor_parser"
[    2.912551] systemd[1]: Finished Load AppArmor profiles.
[    2.913479] systemd[1]: Starting Load AppArmor profiles managed internally by snapd...
[    3.022151] systemd[1]: Finished Load AppArmor profiles managed internally by snapd.
[    3.162717] systemd[1]: Started Journal Service.
[    3.170439] systemd-journald[229]: Received client request to flush runtime journal.
[    3.174344] systemd-journald[229]: File /var/log/journal/c455b248004a419c87ce85eea238d727/system.journal corrupted or uncleanly shut down, renaming and replacing.
[    4.433527] RAPL PMU: API unit is 2^-32 Joules, 0 fixed counters, 10737418240 ms ovfl timer
[    4.474394] cryptd: max_cpu_qlen set to 1000
[    4.593148] AVX2 version of gcm_enc/dec engaged.
[    4.593149] AES CTR mode by8 optimization enabled
[    6.461894] Adding 1998844k swap on /dev/sda1.  Priority:-2 extents:1 across:1998844k FS
[    8.170318] kauditd_printk_skb: 30 callbacks suppressed
[    8.170319] audit: type=1400 audit(1768831808.020:41): apparmor="DENIED" operation="capable" profile="/usr/sbin/cups-browsed" pid=510 comm="cups-browsed" capability=23  capname="sys_nice"
[    9.026529] pcnet32 0000:00:03.0 enp0s3: link up, 100Mbps, full-duplex
[    9.067048] e1000: enp0s8 NIC Link is Up 1000 Mbps Full Duplex, Flow Control: RX
[    9.067321] IPv6: ADDRCONF(NETDEV_CHANGE): enp0s8: link becomes ready
[    9.089280] e1000: enp0s9 NIC Link is Up 1000 Mbps Full Duplex, Flow Control: RX
[    9.089569] IPv6: ADDRCONF(NETDEV_CHANGE): enp0s9: link becomes ready
[    9.721301] device enp0s3 entered promiscuous mode
[    9.751487] audit: type=1400 audit(1768831809.604:42): apparmor="DENIED" operation="open" profile="/usr/sbin/tcpdump" name="/proc/sys/kernel/random/boot_id" pid=663 comm="tcpdump" requested_mask="r" denied_mask="r" fsuid=0 ouid=0
[    9.751706] audit: type=1400 audit(1768831809.604:43): apparmor="DENIED" operation="open" profile="/usr/sbin/tcpdump" name="/proc/sys/kernel/random/boot_id" pid=663 comm="tcpdump" requested_mask="r" denied_mask="r" fsuid=0 ouid=0
[    9.751760] audit: type=1400 audit(1768831809.604:44): apparmor="DENIED" operation="open" profile="/usr/sbin/tcpdump" name="/proc/sys/kernel/random/boot_id" pid=663 comm="tcpdump" requested_mask="r" denied_mask="r" fsuid=0 ouid=0
[    9.751856] audit: type=1400 audit(1768831809.604:45): apparmor="DENIED" operation="open" profile="/usr/sbin/tcpdump" name="/proc/sys/kernel/random/boot_id" pid=663 comm="tcpdump" requested_mask="r" denied_mask="r" fsuid=0 ouid=0
[    9.757383] audit: type=1400 audit(1768831809.604:46): apparmor="DENIED" operation="open" profile="/usr/sbin/tcpdump" name="/proc/sys/kernel/random/boot_id" pid=664 comm="tcpdump" requested_mask="r" denied_mask="r" fsuid=0 ouid=0
[    9.757593] audit: type=1400 audit(1768831809.604:47): apparmor="DENIED" operation="open" profile="/usr/sbin/tcpdump" name="/proc/sys/kernel/random/boot_id" pid=664 comm="tcpdump" requested_mask="r" denied_mask="r" fsuid=0 ouid=0
[    9.757633] audit: type=1400 audit(1768831809.604:48): apparmor="DENIED" operation="open" profile="/usr/sbin/tcpdump" name="/proc/sys/kernel/random/boot_id" pid=664 comm="tcpdump" requested_mask="r" denied_mask="r" fsuid=0 ouid=0
[    9.757724] audit: type=1400 audit(1768831809.604:49): apparmor="DENIED" operation="open" profile="/usr/sbin/tcpdump" name="/proc/sys/kernel/random/boot_id" pid=664 comm="tcpdump" requested_mask="r" denied_mask="r" fsuid=0 ouid=0
[   15.615185] rfkill: input handler disabled
[  298.459565] AAAAA-TCP_FORW: name:enp0s3: saddr:100932208: daddr:16783984
[  481.221569] rfkill: input handler enabled
[  489.604319] rfkill: input handler disabled
[  653.126259] device enp0s3 left promiscuous mode
