[    0.000000] Linux version 5.4.243-mptcp (root@ztg) (gcc version 12.2.0 (Debian 12.2.0-14+deb12u1)) #53 SMP Wed Dec 24 23:28:15 CST 2025
[    0.000000] Command line: BOOT_IMAGE=/boot/vmlinuz-5.4.243-mptcp root=UUID=98415a12-53b7-4144-8265-0f7ece09e445 ro quiet splash
[    0.000000] KERNEL supported cpus:
[    0.000000]   Intel GenuineIntel
[    0.000000]   AMD AuthenticAMD
[    0.000000]   Hygon HygonGenuine
[    0.000000]   Centaur CentaurHauls
[    0.000000]   zhaoxin   Shanghai  
[    0.000000] x86/fpu: Supporting XSAVE feature 0x001: 'x87 floating point registers'
[    0.000000] x86/fpu: Supporting XSAVE feature 0x002: 'SSE registers'
[    0.000000] x86/fpu: Supporting XSAVE feature 0x004: 'AVX registers'
[    0.000000] x86/fpu: xstate_offset[2]:  576, xstate_sizes[2]:  256
[    0.000000] x86/fpu: Enabled xstate features 0x7, context size is 832 bytes, using 'standard' format.
[    0.000000] BIOS-provided physical RAM map:
[    0.000000] BIOS-e820: [mem 0x0000000000000000-0x000000000009fbff] usable
[    0.000000] BIOS-e820: [mem 0x000000000009fc00-0x000000000009ffff] reserved
[    0.000000] BIOS-e820: [mem 0x00000000000f0000-0x00000000000fffff] reserved
[    0.000000] BIOS-e820: [mem 0x0000000000100000-0x000000007ffeffff] usable
[    0.000000] BIOS-e820: [mem 0x000000007fff0000-0x000000007fffffff] ACPI data
[    0.000000] BIOS-e820: [mem 0x00000000fec00000-0x00000000fec00fff] reserved
[    0.000000] BIOS-e820: [mem 0x00000000fee00000-0x00000000fee00fff] reserved
[    0.000000] BIOS-e820: [mem 0x00000000fffc0000-0x00000000ffffffff] reserved
[    0.000000] NX (Execute Disable) protection: active
[    0.000000] SMBIOS 2.5 present.
[    0.000000] DMI: innotek GmbH VirtualBox/VirtualBox, BIOS VirtualBox 12/01/2006
[    0.000000] Hypervisor detected: KVM
[    0.000000] kvm-clock: Using msrs 4b564d01 and 4b564d00
[    0.000000] kvm-clock: cpu 0, msr 27001001, primary cpu clock
[    0.000000] kvm-clock: using sched offset of 4429144033 cycles
[    0.000003] clocksource: kvm-clock: mask: 0xffffffffffffffff max_cycles: 0x1cd42e4dffb, max_idle_ns: 881590591483 ns
[    0.000006] tsc: Detected 2100.000 MHz processor
[    0.001865] e820: update [mem 0x00000000-0x00000fff] usable ==> reserved
[    0.001868] e820: remove [mem 0x000a0000-0x000fffff] usable
[    0.001872] last_pfn = 0x7fff0 max_arch_pfn = 0x400000000
[    0.001940] MTRR default type: uncachable
[    0.001941] MTRR fixed ranges enabled:
[    0.001942]   00000-9FFFF write-back
[    0.001943]   A0000-BFFFF uncachable
[    0.001943]   C0000-FFFFF write-protect
[    0.001944] MTRR variable ranges enabled:
[    0.001946]   0 base 000000000000 mask 3FFF80000000 write-back
[    0.001946]   1 disabled
[    0.001947]   2 disabled
[    0.001947]   3 disabled
[    0.001947]   4 disabled
[    0.001948]   5 disabled
[    0.001948]   6 disabled
[    0.001949]   7 disabled
[    0.001949]   8 disabled
[    0.001950]   9 disabled
[    0.001950]   10 disabled
[    0.001950]   11 disabled
[    0.001951]   12 disabled
[    0.001951]   13 disabled
[    0.001952]   14 disabled
[    0.001952]   15 disabled
[    0.001968] x86/PAT: Configuration [0-7]: WB  WC  UC- UC  WB  WP  UC- WT  
[    0.002102] found SMP MP-table at [mem 0x0009fff0-0x0009ffff]
[    0.091266] check: Scanning 1 areas for low memory corruption
[    0.091386] RAMDISK: [mem 0x32271000-0x3512ffff]
[    0.091394] ACPI: Early table checksum verification disabled
[    0.091399] ACPI: RSDP 0x00000000000E0000 000024 (v02 VBOX  )
[    0.091404] ACPI: XSDT 0x000000007FFF0030 00003C (v01 VBOX   VBOXXSDT 00000001 ASL  00000061)
[    0.091410] ACPI: FACP 0x000000007FFF00F0 0000F4 (v04 VBOX   VBOXFACP 00000001 ASL  00000061)
[    0.091417] ACPI: DSDT 0x000000007FFF02E0 002353 (v02 VBOX   VBOXBIOS 00000002 VBOX 00029BF3)
[    0.091421] ACPI: FACS 0x000000007FFF0200 000040
[    0.091424] ACPI: FACS 0x000000007FFF0200 000040
[    0.091427] ACPI: APIC 0x000000007FFF0240 000054 (v02 VBOX   VBOXAPIC 00000001 ASL  00000061)
[    0.091431] ACPI: SSDT 0x000000007FFF02A0 000038 (v01 VBOX   VBOXCPUT 00000002 VBOX 00029BF3)
[    0.091434] ACPI: Reserving FACP table memory at [mem 0x7fff00f0-0x7fff01e3]
[    0.091435] ACPI: Reserving DSDT table memory at [mem 0x7fff02e0-0x7fff2632]
[    0.091436] ACPI: Reserving FACS table memory at [mem 0x7fff0200-0x7fff023f]
[    0.091437] ACPI: Reserving FACS table memory at [mem 0x7fff0200-0x7fff023f]
[    0.091437] ACPI: Reserving APIC table memory at [mem 0x7fff0240-0x7fff0293]
[    0.091438] ACPI: Reserving SSDT table memory at [mem 0x7fff02a0-0x7fff02d7]
[    0.091452] ACPI: Local APIC address 0xfee00000
[    0.091637] No NUMA configuration found
[    0.091638] Faking a node at [mem 0x0000000000000000-0x000000007ffeffff]
[    0.091649] NODE_DATA(0) allocated [mem 0x7ffc5000-0x7ffeffff]
[    0.091910] Zone ranges:
[    0.091911]   DMA      [mem 0x0000000000001000-0x0000000000ffffff]
[    0.091912]   DMA32    [mem 0x0000000001000000-0x000000007ffeffff]
[    0.091913]   Normal   empty
[    0.091914]   Device   empty
[    0.091914] Movable zone start for each node
[    0.091916] Early memory node ranges
[    0.091917]   node   0: [mem 0x0000000000001000-0x000000000009efff]
[    0.091918]   node   0: [mem 0x0000000000100000-0x000000007ffeffff]
[    0.091921] Zeroed struct page in unavailable ranges: 114 pages
[    0.091922] Initmem setup node 0 [mem 0x0000000000001000-0x000000007ffeffff]
[    0.091923] On node 0 totalpages: 524174
[    0.091924]   DMA zone: 64 pages used for memmap
[    0.091924]   DMA zone: 21 pages reserved
[    0.091926]   DMA zone: 3998 pages, LIFO batch:0
[    0.091997]   DMA32 zone: 8128 pages used for memmap
[    0.091998]   DMA32 zone: 520176 pages, LIFO batch:63
[    0.100858] ACPI: PM-Timer IO Port: 0x4008
[    0.100861] ACPI: Local APIC address 0xfee00000
[    0.100930] IOAPIC[0]: apic_id 1, version 32, address 0xfec00000, GSI 0-23
[    0.100934] ACPI: INT_SRC_OVR (bus 0 bus_irq 0 global_irq 2 dfl dfl)
[    0.100936] ACPI: INT_SRC_OVR (bus 0 bus_irq 9 global_irq 9 low level)
[    0.100938] ACPI: IRQ0 used by override.
[    0.100939] ACPI: IRQ9 used by override.
[    0.100941] Using ACPI (MADT) for SMP configuration information
[    0.100949] smpboot: Allowing 1 CPUs, 0 hotplug CPUs
[    0.100971] PM: Registered nosave memory: [mem 0x00000000-0x00000fff]
[    0.100973] PM: Registered nosave memory: [mem 0x0009f000-0x0009ffff]
[    0.100973] PM: Registered nosave memory: [mem 0x000a0000-0x000effff]
[    0.100974] PM: Registered nosave memory: [mem 0x000f0000-0x000fffff]
[    0.100975] [mem 0x80000000-0xfebfffff] available for PCI devices
[    0.100976] Booting paravirtualized kernel on KVM
[    0.100979] clocksource: refined-jiffies: mask: 0xffffffff max_cycles: 0xffffffff, max_idle_ns: 7645519600211568 ns
[    0.100984] setup_percpu: NR_CPUS:8192 nr_cpumask_bits:1 nr_cpu_ids:1 nr_node_ids:1
[    0.101985] percpu: Embedded 60 pages/cpu s208896 r8192 d28672 u2097152
[    0.101990] pcpu-alloc: s208896 r8192 d28672 u2097152 alloc=1*2097152
[    0.101991] pcpu-alloc: [0] 0 
[    0.102018] Built 1 zonelists, mobility grouping on.  Total pages: 515961
[    0.102019] Policy zone: DMA32
[    0.102020] Kernel command line: BOOT_IMAGE=/boot/vmlinuz-5.4.243-mptcp root=UUID=98415a12-53b7-4144-8265-0f7ece09e445 ro quiet splash
[    0.102864] Dentry cache hash table entries: 262144 (order: 9, 2097152 bytes, linear)
[    0.103012] Inode-cache hash table entries: 131072 (order: 8, 1048576 bytes, linear)
[    0.103063] mem auto-init: stack:off, heap alloc:on, heap free:off
[    0.103066] Calgary: detecting Calgary via BIOS EBDA area
[    0.103067] Calgary: Unable to locate Rio Grande table in EBDA - bailing!
[    0.107112] Memory: 1967332K/2096696K available (14339K kernel code, 2398K rwdata, 4712K rodata, 2728K init, 17260K bss, 129364K reserved, 0K cma-reserved)
[    0.108019] SLUB: HWalign=64, Order=0-3, MinObjects=0, CPUs=1, Nodes=1
[    0.108036] ftrace: allocating 43186 entries in 169 pages
[    0.126080] rcu: Hierarchical RCU implementation.
[    0.126082] rcu: 	RCU restricting CPUs from NR_CPUS=8192 to nr_cpu_ids=1.
[    0.126083] 	Tasks RCU enabled.
[    0.126084] rcu: RCU calculated value of scheduler-enlistment delay is 25 jiffies.
[    0.126085] rcu: Adjusting geometry for rcu_fanout_leaf=16, nr_cpu_ids=1
[    0.129050] NR_IRQS: 524544, nr_irqs: 256, preallocated irqs: 16
[    0.129267] random: crng init done
[    0.138638] Console: colour VGA+ 80x25
[    0.138642] printk: console [tty0] enabled
[    0.138661] ACPI: Core revision 20190816
[    0.138749] APIC: Switch to symmetric I/O mode setup
[    0.139003] x2apic enabled
[    0.139243] Switched APIC routing to physical x2apic.
[    0.140379] ..TIMER: vector=0x30 apic1=0 pin1=2 apic2=-1 pin2=-1
[    0.140404] clocksource: tsc-early: mask: 0xffffffffffffffff max_cycles: 0x1e4530a99b6, max_idle_ns: 440795257976 ns
[    0.140410] Calibrating delay loop (skipped) preset value.. 4200.00 BogoMIPS (lpj=8400000)
[    0.140412] pid_max: default: 32768 minimum: 301
[    0.140441] LSM: Security Framework initializing
[    0.140450] Yama: becoming mindful.
[    0.140476] AppArmor: AppArmor initialized
[    0.140509] Mount-cache hash table entries: 4096 (order: 3, 32768 bytes, linear)
[    0.140515] Mountpoint-cache hash table entries: 4096 (order: 3, 32768 bytes, linear)
[    0.140525] *** VALIDATE tmpfs ***
[    0.140653] *** VALIDATE proc ***
[    0.140694] *** VALIDATE cgroup1 ***
[    0.140695] *** VALIDATE cgroup2 ***
[    0.140836] process: using mwait in idle threads
[    0.140840] Last level iTLB entries: 4KB 64, 2MB 8, 4MB 8
[    0.140841] Last level dTLB entries: 4KB 64, 2MB 0, 4MB 0, 1GB 4
[    0.140861] Spectre V1 : Mitigation: usercopy/swapgs barriers and __user pointer sanitization
[    0.140867] Spectre V2 : Mitigation: Retpolines
[    0.140868] Spectre V2 : Spectre v2 / SpectreRSB mitigation: Filling RSB on context switch
[    0.140868] Spectre V2 : Spectre v2 / SpectreRSB : Filling RSB on VMEXIT
[    0.140869] RETBleed: WARNING: Spectre v2 mitigation leaves CPU vulnerable to RETBleed attacks, data leaks possible!
[    0.141224] RETBleed: Vulnerable
[    0.141224] Speculative Store Bypass: Vulnerable
[    0.141228] TAA: Mitigation: TSX disabled
[    0.141229] MMIO Stale Data: Mitigation: Clear CPU buffers
[    0.145443] Freeing SMP alternatives memory: 40K
[    0.257299] smpboot: CPU0: Intel(R) Xeon(R) Silver 4216 CPU @ 2.10GHz (family: 0x6, model: 0x55, stepping: 0x7)
[    0.257442] Performance Events: unsupported p6 CPU model 85 no PMU driver, software events only.
[    0.257479] rcu: Hierarchical SRCU implementation.
[    0.257952] NMI watchdog: Perf NMI watchdog permanently disabled
[    0.257991] smp: Bringing up secondary CPUs ...
[    0.257992] smp: Brought up 1 node, 1 CPU
[    0.257993] smpboot: Max logical packages: 1
[    0.257994] smpboot: Total of 1 processors activated (4200.00 BogoMIPS)
[    0.258956] devtmpfs: initialized
[    0.259006] x86/mm: Memory block size: 128MB
[    0.259354] clocksource: jiffies: mask: 0xffffffff max_cycles: 0xffffffff, max_idle_ns: 7645041785100000 ns
[    0.259360] futex hash table entries: 256 (order: 2, 16384 bytes, linear)
[    0.259405] pinctrl core: initialized pinctrl subsystem
[    0.259523] PM: RTC time: 17:42:01, date: 2026-01-17
[    0.259633] NET: Registered protocol family 16
[    0.259707] audit: initializing netlink subsys (disabled)
[    0.259836] EISA bus registered
[    0.259837] cpuidle: using governor ladder
[    0.259838] cpuidle: using governor menu
[    0.259874] ACPI: bus type PCI registered
[    0.259875] acpiphp: ACPI Hot Plug PCI Controller Driver version: 0.5
[    0.259980] PCI: Using configuration type 1 for base access
[    0.260839] audit: type=2000 audit(1768642927.257:1): state=initialized audit_enabled=0 res=1
[    0.260917] HugeTLB registered 2.00 MiB page size, pre-allocated 0 pages
[    0.261729] ACPI: Added _OSI(Module Device)
[    0.261729] ACPI: Added _OSI(Processor Device)
[    0.261730] ACPI: Added _OSI(3.0 _SCP Extensions)
[    0.261731] ACPI: Added _OSI(Processor Aggregator Device)
[    0.261732] ACPI: Added _OSI(Linux-Dell-Video)
[    0.261732] ACPI: Added _OSI(Linux-Lenovo-NV-HDMI-Audio)
[    0.261733] ACPI: Added _OSI(Linux-HPI-Hybrid-Graphics)
[    0.263694] ACPI: 2 ACPI AML tables successfully acquired and loaded
[    0.265222] ACPI: Interpreter enabled
[    0.265231] ACPI: (supports S0 S5)
[    0.265232] ACPI: Using IOAPIC for interrupt routing
[    0.265437] PCI: Using host bridge windows from ACPI; if necessary, use "pci=nocrs" and report a bug
[    0.265542] ACPI: Enabled 2 GPEs in block 00 to 07
[    0.270420] ACPI: PCI Root Bridge [PCI0] (domain 0000 [bus 00-ff])
[    0.270425] acpi PNP0A03:00: _OSC: OS supports [ASPM ClockPM Segments MSI HPX-Type3]
[    0.270882] acpi PNP0A03:00: _OSC: not requesting OS control; OS requires [ExtendedConfig ASPM ClockPM MSI]
[    0.270891] acpi PNP0A03:00: fail to add MMCONFIG information, can't access extended PCI configuration space under this bridge.
[    0.271265] PCI host bridge to bus 0000:00
[    0.271268] pci_bus 0000:00: root bus resource [io  0x0000-0x0cf7 window]
[    0.271269] pci_bus 0000:00: root bus resource [io  0x0d00-0xffff window]
[    0.271270] pci_bus 0000:00: root bus resource [mem 0x000a0000-0x000bffff window]
[    0.271271] pci_bus 0000:00: root bus resource [mem 0x80000000-0xfdffffff window]
[    0.271272] pci_bus 0000:00: root bus resource [bus 00-ff]
[    0.271317] pci 0000:00:00.0: [8086:1237] type 00 class 0x060000
[    0.272253] pci 0000:00:01.0: [8086:7000] type 00 class 0x060100
[    0.273040] pci 0000:00:01.1: [8086:7111] type 00 class 0x01018a
[    0.273417] pci 0000:00:01.1: reg 0x20: [io  0xd000-0xd00f]
[    0.273573] pci 0000:00:01.1: legacy IDE quirk: reg 0x10: [io  0x01f0-0x01f7]
[    0.273574] pci 0000:00:01.1: legacy IDE quirk: reg 0x14: [io  0x03f6]
[    0.273575] pci 0000:00:01.1: legacy IDE quirk: reg 0x18: [io  0x0170-0x0177]
[    0.273576] pci 0000:00:01.1: legacy IDE quirk: reg 0x1c: [io  0x0376]
[    0.274117] pci 0000:00:02.0: [15ad:0405] type 00 class 0x030000
[    0.276483] pci 0000:00:02.0: reg 0x10: [io  0xd010-0xd01f]
[    0.280454] pci 0000:00:02.0: reg 0x14: [mem 0xe0000000-0xe7ffffff pref]
[    0.283070] pci 0000:00:02.0: reg 0x18: [mem 0xf0000000-0xf01fffff]
[    0.293202] pci 0000:00:03.0: [1022:2000] type 00 class 0x020000
[    0.293887] pci 0000:00:03.0: reg 0x10: [io  0xd020-0xd03f]
[    0.294505] pci 0000:00:03.0: reg 0x14: [mem 0xf0200000-0xf0200fff]
[    0.298941] pci 0000:00:04.0: [80ee:cafe] type 00 class 0x088000
[    0.299624] pci 0000:00:04.0: reg 0x10: [io  0xd040-0xd05f]
[    0.300232] pci 0000:00:04.0: reg 0x14: [mem 0xf0400000-0xf07fffff]
[    0.300520] pci 0000:00:04.0: reg 0x18: [mem 0xf0800000-0xf0803fff pref]
[    0.304040] pci 0000:00:07.0: [8086:7113] type 00 class 0x068000
[    0.304653] pci 0000:00:07.0: quirk: [io  0x4000-0x403f] claimed by PIIX4 ACPI
[    0.304663] pci 0000:00:07.0: quirk: [io  0x4100-0x410f] claimed by PIIX4 SMB
[    0.305280] pci 0000:00:08.0: [8086:100e] type 00 class 0x020000
[    0.305986] pci 0000:00:08.0: reg 0x10: [mem 0xf0820000-0xf083ffff]
[    0.307150] pci 0000:00:08.0: reg 0x18: [io  0xd060-0xd067]
[    0.310045] pci 0000:00:09.0: [8086:100e] type 00 class 0x020000
[    0.310806] pci 0000:00:09.0: reg 0x10: [mem 0xf0840000-0xf085ffff]
[    0.312524] pci 0000:00:09.0: reg 0x18: [io  0xd068-0xd06f]
[    0.321437] ACPI: PCI Interrupt Link [LNKA] (IRQs 5 9 10 *11)
[    0.321723] ACPI: PCI Interrupt Link [LNKB] (IRQs 5 9 *10 11)
[    0.321826] ACPI: PCI Interrupt Link [LNKC] (IRQs 5 *9 10 11)
[    0.321933] ACPI: PCI Interrupt Link [LNKD] (IRQs 5 9 10 *11)
[    0.324440] iommu: Default domain type: Translated 
[    0.324503] pci 0000:00:02.0: vgaarb: setting as boot VGA device
[    0.324505] pci 0000:00:02.0: vgaarb: VGA device added: decodes=io+mem,owns=io+mem,locks=none
[    0.324507] pci 0000:00:02.0: vgaarb: bridge control possible
[    0.324508] vgaarb: loaded
[    0.324719] SCSI subsystem initialized
[    0.324753] libata version 3.00 loaded.
[    0.324773] ACPI: bus type USB registered
[    0.324789] usbcore: registered new interface driver usbfs
[    0.324795] usbcore: registered new interface driver hub
[    0.324800] usbcore: registered new device driver usb
[    0.324826] pps_core: LinuxPPS API ver. 1 registered
[    0.324827] pps_core: Software ver. 5.3.6 - Copyright 2005-2007 Rodolfo Giometti <giometti@linux.it>
[    0.324829] PTP clock support registered
[    0.324862] EDAC MC: Ver: 3.0.0
[    0.325152] PCI: Using ACPI for IRQ routing
[    0.325153] PCI: pci_cache_line_size set to 64 bytes
[    0.325323] e820: reserve RAM buffer [mem 0x0009fc00-0x0009ffff]
[    0.325326] e820: reserve RAM buffer [mem 0x7fff0000-0x7fffffff]
[    0.326116] NetLabel: Initializing
[    0.326116] NetLabel:  domain hash size = 128
[    0.326117] NetLabel:  protocols = UNLABELED CIPSOv4 CALIPSO
[    0.326136] NetLabel:  unlabeled traffic allowed by default
[    0.327041] clocksource: Switched to clocksource kvm-clock
[    0.338647] *** VALIDATE bpf ***
[    0.338710] VFS: Disk quotas dquot_6.6.0
[    0.338722] VFS: Dquot-cache hash table entries: 512 (order 0, 4096 bytes)
[    0.338744] *** VALIDATE ramfs ***
[    0.338747] *** VALIDATE hugetlbfs ***
[    0.338825] AppArmor: AppArmor Filesystem Enabled
[    0.338850] pnp: PnP ACPI init
[    0.338916] pnp 00:00: Plug and Play ACPI device, IDs PNP0303 (active)
[    0.338985] pnp 00:01: Plug and Play ACPI device, IDs PNP0f03 (active)
[    0.339753] pnp: PnP ACPI: found 2 devices
[    0.340723] thermal_sys: Registered thermal governor 'fair_share'
[    0.340723] thermal_sys: Registered thermal governor 'bang_bang'
[    0.340724] thermal_sys: Registered thermal governor 'step_wise'
[    0.340725] thermal_sys: Registered thermal governor 'user_space'
[    0.340725] thermal_sys: Registered thermal governor 'power_allocator'
[    0.345236] clocksource: acpi_pm: mask: 0xffffff max_cycles: 0xffffff, max_idle_ns: 2085701024 ns
[    0.345276] pci_bus 0000:00: resource 4 [io  0x0000-0x0cf7 window]
[    0.345277] pci_bus 0000:00: resource 5 [io  0x0d00-0xffff window]
[    0.345279] pci_bus 0000:00: resource 6 [mem 0x000a0000-0x000bffff window]
[    0.345280] pci_bus 0000:00: resource 7 [mem 0x80000000-0xfdffffff window]
[    0.345336] NET: Registered protocol family 2
[    0.345409] IP idents hash table entries: 32768 (order: 6, 262144 bytes, linear)
[    0.345808] MPTCP tokens hash table entries: 8192 (order: 4, 65536 bytes, linear)
[    0.345828] MPTCP request tokens hash table entries: 8192 (order: 4, 65536 bytes, linear)
[    0.345853] default registered
[    0.345854] default registered
[    0.345854] MPTCP: Stable release v0.96
[    0.345860] tcp_listen_portaddr_hash hash table entries: 1024 (order: 2, 16384 bytes, linear)
[    0.345938] TCP established hash table entries: 16384 (order: 5, 131072 bytes, linear)
[    0.345999] TCP bind hash table entries: 16384 (order: 6, 262144 bytes, linear)
[    0.346025] TCP: Hash tables configured (established 16384 bind 16384)
[    0.346713] UDP hash table entries: 1024 (order: 3, 32768 bytes, linear)
[    0.346724] UDP-Lite hash table entries: 1024 (order: 3, 32768 bytes, linear)
[    0.346756] NET: Registered protocol family 1
[    0.346765] NET: Registered protocol family 44
[    0.346785] pci 0000:00:00.0: Limiting direct PCI/PCI transfers
[    0.346801] pci 0000:00:01.0: Activating ISA DMA hang workarounds
[    0.346853] pci 0000:00:02.0: Video device with shadowed ROM at [mem 0x000c0000-0x000dffff]
[    0.346915] PCI: CLS 0 bytes, default 64
[    0.346961] Trying to unpack rootfs image as initramfs...
[    0.515868] Freeing initrd memory: 47868K
[    0.515868] clocksource: tsc: mask: 0xffffffffffffffff max_cycles: 0x1e4530a99b6, max_idle_ns: 440795257976 ns
[    0.515868] clocksource: Switched to clocksource tsc
[    0.515868] platform rtc_cmos: registered platform RTC device (no PNP device found)
[    0.515868] check: Scanning for low memory corruption every 60 seconds
[    0.515868] Initialise system trusted keyrings
[    0.515868] Key type blacklist registered
[    0.515868] workingset: timestamp_bits=36 max_order=19 bucket_order=0
[    0.515868] zbud: loaded
[    0.515868] squashfs: version 4.0 (2009/01/31) Phillip Lougher
[    0.515868] fuse: init (API version 7.31)
[    0.515868] *** VALIDATE fuse ***
[    0.515868] *** VALIDATE fuse ***
[    0.515868] Platform Keyring initialized
[    0.515868] Key type asymmetric registered
[    0.515868] Asymmetric key parser 'x509' registered
[    0.515868] Block layer SCSI generic (bsg) driver version 0.4 loaded (major 244)
[    0.515868] io scheduler mq-deadline registered
[    0.515868] shpchp: Standard Hot Plug PCI Controller Driver version: 0.4
[    0.529698] ACPI: AC Adapter [AC] (on-line)
[    0.529743] input: Power Button as /devices/LNXSYSTM:00/LNXPWRBN:00/input/input0
[    0.529769] ACPI: Power Button [PWRF]
[    0.529860] input: Sleep Button as /devices/LNXSYSTM:00/LNXSLPBN:00/input/input1
[    0.529875] ACPI: Sleep Button [SLPF]
[    0.530106] Serial: 8250/16550 driver, 32 ports, IRQ sharing enabled
[    0.531256] Linux agpgart interface v0.103
[    0.627184] loop: module loaded
[    0.627325] ata_piix 0000:00:01.1: version 2.13
[    0.627720] scsi host0: ata_piix
[    0.627809] scsi host1: ata_piix
[    0.627836] ata1: PATA max UDMA/33 cmd 0x1f0 ctl 0x3f6 bmdma 0xd000 irq 14
[    0.627837] ata2: PATA max UDMA/33 cmd 0x170 ctl 0x376 bmdma 0xd008 irq 15
[    0.627914] tun: Universal TUN/TAP device driver, 1.6
[    0.628217] PPP generic driver version 2.4.2
[    0.628260] VFIO - User Level meta-driver version: 0.3
[    0.628497] ehci_hcd: USB 2.0 'Enhanced' Host Controller (EHCI) Driver
[    0.628501] ehci-pci: EHCI PCI platform driver
[    0.628515] ehci-platform: EHCI generic platform driver
[    0.628520] ohci_hcd: USB 1.1 'Open' Host Controller (OHCI) Driver
[    0.628522] ohci-pci: OHCI PCI platform driver
[    0.628529] ohci-platform: OHCI generic platform driver
[    0.628533] uhci_hcd: USB Universal Host Controller Interface driver
[    0.628596] i8042: PNP: PS/2 Controller [PNP0303:PS2K,PNP0f03:PS2M] at 0x60,0x64 irq 1,12
[    0.629046] serio: i8042 KBD port at 0x60,0x64 irq 1
[    0.629050] serio: i8042 AUX port at 0x60,0x64 irq 12
[    0.629135] mousedev: PS/2 mouse device common for all mice
[    0.629385] input: AT Translated Set 2 keyboard as /devices/platform/i8042/serio0/input/input2
[    0.629784] rtc_cmos rtc_cmos: registered as rtc0
[    0.629797] rtc_cmos rtc_cmos: alarms up to one day, 114 bytes nvram
[    0.629802] i2c /dev entries driver
[    0.629844] device-mapper: uevent: version 1.0.3
[    0.629886] device-mapper: ioctl: 4.41.0-ioctl (2019-09-16) initialised: dm-devel@redhat.com
[    0.629902] platform eisa.0: Probing EISA bus 0
[    0.629903] platform eisa.0: EISA: Cannot allocate resource for mainboard
[    0.629904] platform eisa.0: Cannot allocate resource for EISA slot 1
[    0.629905] platform eisa.0: Cannot allocate resource for EISA slot 2
[    0.629906] platform eisa.0: Cannot allocate resource for EISA slot 3
[    0.629907] platform eisa.0: Cannot allocate resource for EISA slot 4
[    0.629908] platform eisa.0: Cannot allocate resource for EISA slot 5
[    0.629909] platform eisa.0: Cannot allocate resource for EISA slot 6
[    0.629910] platform eisa.0: Cannot allocate resource for EISA slot 7
[    0.629911] platform eisa.0: Cannot allocate resource for EISA slot 8
[    0.629912] platform eisa.0: EISA: Detected 0 cards
[    0.629915] intel_pstate: CPU model not supported
[    0.629923] ledtrig-cpu: registered to indicate activity on CPUs
[    0.629974] drop_monitor: Initializing network drop monitor service
[    0.630132] NET: Registered protocol family 10
[    0.635219] Segment Routing with IPv6
[    0.635248] fullmesh registered
[    0.635249] ndiffports registered
[    0.635251] binder registered
[    0.635252] roundrobin registered
[    0.635253] redundant registered
[    0.635253] blest registered
[    0.635254] ecf registered
[    0.635255] NET: Registered protocol family 17
[    0.635287] Key type dns_resolver registered
[    0.635336] RAS: Correctable Errors collector initialized.
[    0.635336] IPI shorthand broadcast: enabled
[    0.635336] sched_clock: Marking stable (620186891, 11149803)->(632996880, -1660186)
[    0.635458] registered taskstats version 1
[    0.635468] Loading compiled-in X.509 certificates
[    0.636053] Loaded X.509 cert 'Build time autogenerated kernel key: 6909f3744cebb3d0de528d5887b96a727de79b1e'
[    0.636071] zswap: loaded using pool lzo/zbud
[    0.636122] Key type ._fscrypt registered
[    0.636123] Key type .fscrypt registered
[    0.640536] Key type big_key registered
[    0.642713] Key type encrypted registered
[    0.642715] AppArmor: AppArmor sha1 policy hashing enabled
[    0.642722] ima: No TPM chip found, activating TPM-bypass!
[    0.642726] ima: Allocated hash algorithm: sha1
[    0.642731] ima: No architecture policies found
[    0.642740] evm: Initialising EVM extended attributes:
[    0.642741] evm: security.selinux
[    0.642741] evm: security.SMACK64
[    0.642742] evm: security.SMACK64EXEC
[    0.642742] evm: security.SMACK64TRANSMUTE
[    0.642743] evm: security.SMACK64MMAP
[    0.642743] evm: security.apparmor
[    0.642744] evm: security.ima
[    0.642744] evm: security.capability
[    0.642745] evm: HMAC attrs: 0x1
[    0.643033] PM:   Magic number: 10:733:744
[    0.643131] rtc_cmos rtc_cmos: setting system clock to 2026-01-17T17:42:02 UTC (1768671722)
[    0.800179] ata1.00: ATA-6: VBOX HARDDISK, 1.0, max UDMA/133
[    0.800182] ata1.00: 209715200 sectors, multi 128: LBA 
[    0.800831] scsi 0:0:0:0: Direct-Access     ATA      VBOX HARDDISK    1.0  PQ: 0 ANSI: 5
[    0.801112] sd 0:0:0:0: [sda] 209715200 512-byte logical blocks: (107 GB/100 GiB)
[    0.801125] sd 0:0:0:0: [sda] Write Protect is off
[    0.801127] sd 0:0:0:0: [sda] Mode Sense: 00 3a 00 00
[    0.801147] sd 0:0:0:0: [sda] Write cache: enabled, read cache: enabled, doesn't support DPO or FUA
[    0.801457] sd 0:0:0:0: Attached scsi generic sg0 type 0
[    0.802730]  sda: sda1 sda2
[    0.811482] sd 0:0:0:0: [sda] Attached SCSI disk
[    0.814735] Freeing unused decrypted memory: 2040K
[    0.815664] Freeing unused kernel image memory: 2728K
[    0.815667] Write protecting the kernel read-only data: 22528k
[    0.816638] Freeing unused kernel image memory: 2036K
[    0.817224] Freeing unused kernel image memory: 1432K
[    0.842607] x86/mm: Checked W+X mappings: passed, no W+X pages found.
[    0.842613] Run /init as init process
[    0.953563] ACPI: Video Device [GFX0] (multi-head: yes  rom: no  post: no)
[    0.953637] input: Video Bus as /devices/LNXSYSTM:00/LNXSYBUS:00/PNP0A03:00/LNXVIDEO:00/input/input4
[    0.966745] pcnet32: pcnet32.c:v1.35 21.Apr.2008 tsbogend@alpha.franken.de
[    0.967738] pcnet32: PCnet/FAST III 79C973 at 0xd020, 08:00:27:4a:03:0b assigned IRQ 19
[    0.967781] pcnet32: Found PHY 0022:561b at address 0
[    0.968083] pcnet32: eth0: registered as PCnet/FAST III 79C973
[    0.968629] pcnet32: 1 cards_found
[    0.971266] e1000: Intel(R) PRO/1000 Network Driver - version 7.3.21-k8-NAPI
[    0.971267] e1000: Copyright (c) 1999-2006 Intel Corporation.
[    0.973750] piix4_smbus 0000:00:07.0: SMBus Host Controller at 0x4100, revision 0
[    1.049088] pcnet32 0000:00:03.0 enp0s3: renamed from eth0
[    1.190729] input: ImExPS/2 Generic Explorer Mouse as /devices/platform/i8042/serio1/input/input5
[    1.380956] e1000 0000:00:08.0 eth0: (PCI:33MHz:32-bit) 08:00:27:88:bd:73
[    1.380961] e1000 0000:00:08.0 eth0: Intel(R) PRO/1000 Network Connection
[    1.751549] e1000 0000:00:09.0 eth1: (PCI:33MHz:32-bit) 08:00:27:65:71:76
[    1.751552] e1000 0000:00:09.0 eth1: Intel(R) PRO/1000 Network Connection
[    1.752702] e1000 0000:00:09.0 enp0s9: renamed from eth1
[    1.754491] e1000 0000:00:08.0 enp0s8: renamed from eth0
[    1.916003] EXT4-fs (sda2): mounted filesystem with ordered data mode. Opts: (null)
[    2.007490] systemd[1]: Inserted module 'autofs4'
[    2.019885] systemd[1]: systemd 245.4-4ubuntu3 running in system mode. (+PAM +AUDIT +SELINUX +IMA +APPARMOR +SMACK +SYSVINIT +UTMP +LIBCRYPTSETUP +GCRYPT +GNUTLS +ACL +XZ +LZ4 +SECCOMP +BLKID +ELFUTILS +KMOD +IDN2 -IDN +PCRE2 default-hierarchy=hybrid)
[    2.019924] systemd[1]: Detected virtualization oracle.
[    2.019928] systemd[1]: Detected architecture x86-64.
[    2.021607] systemd[1]: Set hostname to <ztg>.
[    2.159638] systemd[1]: /lib/systemd/system/dbus.socket:5: ListenStream= references a path below legacy directory /var/run/, updating /var/run/dbus/system_bus_socket â†’ /run/dbus/system_bus_socket; please update the unit file accordingly.
[    2.211537] systemd[1]: Created slice system-modprobe.slice.
[    2.211720] systemd[1]: Created slice User and Session Slice.
[    2.211765] systemd[1]: Started Forward Password Requests to Wall Directory Watch.
[    2.211919] systemd[1]: Set up automount Arbitrary Executable File Formats File System Automount Point.
[    2.211951] systemd[1]: Reached target User and Group Name Lookups.
[    2.211960] systemd[1]: Reached target Remote File Systems.
[    2.211968] systemd[1]: Reached target Slices.
[    2.212599] systemd[1]: Listening on Syslog Socket.
[    2.212667] systemd[1]: Listening on fsck to fsckd communication Socket.
[    2.212719] systemd[1]: Listening on initctl Compatibility Named Pipe.
[    2.212856] systemd[1]: Listening on Journal Audit Socket.
[    2.212908] systemd[1]: Listening on Journal Socket (/dev/log).
[    2.212976] systemd[1]: Listening on Journal Socket.
[    2.213038] systemd[1]: Listening on udev Control Socket.
[    2.213080] systemd[1]: Listening on udev Kernel Socket.
[    2.213818] systemd[1]: Mounting Huge Pages File System...
[    2.214848] systemd[1]: Mounting POSIX Message Queue File System...
[    2.215764] systemd[1]: Mounting Kernel Debug File System...
[    2.216589] systemd[1]: Mounting Kernel Trace File System...
[    2.218492] systemd[1]: Starting Journal Service...
[    2.241046] systemd[1]: Starting Set the console keyboard layout...
[    2.248829] systemd[1]: Starting Create list of static device nodes for the current kernel...
[    2.250598] systemd[1]: Starting Load Kernel Module drm...
[    2.251570] systemd[1]: Condition check resulted in Set Up Additional Binary Formats being skipped.
[    2.251618] systemd[1]: Condition check resulted in File System Check on Root Device being skipped.
[    2.263401] systemd[1]: Starting Load Kernel Modules...
[    2.272286] systemd[1]: Starting Remount Root and Kernel File Systems...
[    2.282975] systemd[1]: Starting udev Coldplug all Devices...
[    2.291008] systemd[1]: Starting Uncomplicated firewall...
[    2.292555] systemd[1]: Mounted Huge Pages File System.
[    2.292649] systemd[1]: Mounted POSIX Message Queue File System.
[    2.292742] systemd[1]: Mounted Kernel Debug File System.
[    2.292816] systemd[1]: Mounted Kernel Trace File System.
[    2.327928] EXT4-fs (sda2): re-mounted. Opts: errors=remount-ro
[    2.339548] systemd[1]: Finished Create list of static device nodes for the current kernel.
[    2.340984] systemd[1]: modprobe@drm.service: Succeeded.
[    2.341651] systemd[1]: Finished Load Kernel Module drm.
[    2.342245] systemd[1]: Finished Remount Root and Kernel File Systems.
[    2.343068] systemd[1]: Finished Uncomplicated firewall.
[    2.359747] lp: driver loaded but no devices found
[    2.362836] systemd[1]: Condition check resulted in Rebuild Hardware Database being skipped.
[    2.362871] systemd[1]: Condition check resulted in Platform Persistent Storage Archival being skipped.
[    2.363515] systemd[1]: Starting Load/Save Random Seed...
[    2.368691] systemd[1]: Starting Create System Users...
[    2.374719] ppdev: user-space parallel port driver
[    2.383092] systemd[1]: Finished Load/Save Random Seed.
[    2.391637] systemd[1]: Finished Create System Users.
[    2.394649] systemd[1]: Starting Create Static Device Nodes in /dev...
[    2.438513] systemd[1]: Finished udev Coldplug all Devices.
[    2.448132] [drm] DMA map mode: Caching DMA mappings.
[    2.448201] [drm] Capabilities:
[    2.448202] [drm]   Rect copy.
[    2.448202] [drm]   Cursor.
[    2.448203] [drm]   Cursor bypass.
[    2.448203] [drm]   Cursor bypass 2.
[    2.448203] [drm]   Alpha cursor.
[    2.448204] [drm]   Extended Fifo.
[    2.448204] [drm]   Pitchlock.
[    2.448205] [drm]   Irq mask.
[    2.448205] [drm]   GMR.
[    2.448205] [drm]   Traces.
[    2.448206] [drm]   GMR2.
[    2.448206] [drm]   Screen Object 2.
[    2.448207] [drm]   Command Buffers.
[    2.448207] [drm]   Command Buffers 2.
[    2.448208] [drm]   Guest Backed Resources.
[    2.448209] [drm] Max GMR ids is 8192
[    2.448210] [drm] Max number of GMR pages is 1048576
[    2.448211] [drm] Max dedicated hypervisor surface memory is 393216 kiB
[    2.448211] [drm] Maximum display memory size is 131072 kiB
[    2.448212] [drm] VRAM at 0xe0000000 size is 131072 kiB
[    2.448213] [drm] MMIO at 0xf0000000 size is 2048 kiB
[    2.449350] systemd[1]: Finished Create Static Device Nodes in /dev.
[    2.450138] systemd[1]: Starting udev Kernel Device Manager...
[    2.457749] [TTM] Zone  kernel: Available graphics memory: 1011738 KiB
[    2.457750] [TTM] Initializing pool allocator
[    2.457752] [TTM] Initializing DMA pool allocator
[    2.457780] [drm] Supports vblank timestamp caching Rev 2 (21.10.2013).
[    2.457781] [drm] No driver support for vblank timestamp query.
[    2.458004] [drm] Screen Target Display device initialized
[    2.458214] [drm] width 720
[    2.458223] [drm] height 400
[    2.458226] [drm] bpp 32
[    2.458738] [drm] Fifo max 0x00200000 min 0x00001000 cap 0x00000355
[    2.459795] [drm] Using command buffers with DMA pool.
[    2.459799] [drm] DX: no.
[    2.459799] [drm] Atomic: yes.
[    2.459800] [drm] SM4_1: no.
[    2.459818] [drm:vmw_host_log [vmwgfx]] *ERROR* Failed to send host log message.
[    2.461002] [drm:vmw_host_log [vmwgfx]] *ERROR* Failed to send host log message.
[    2.467503] fbcon: svgadrmfb (fb0) is primary device
[    2.472913] Console: switching to colour frame buffer device 100x37
[    2.493823] [drm] Initialized vmwgfx 2.15.0 20180704 for 0000:00:02.0 on minor 0
[    2.494811] systemd[1]: Finished Load Kernel Modules.
[    2.495779] systemd[1]: Mounting FUSE Control File System...
[    2.496949] systemd[1]: Mounting Kernel Configuration File System...
[    2.519265] systemd[1]: Starting Apply Kernel Variables...
[    2.525826] systemd[1]: Mounted Kernel Configuration File System.
[    2.527467] systemd[1]: Mounted FUSE Control File System.
[    2.527533] systemd[1]: Condition check resulted in VMware vmblock fuse mount being skipped.
[    2.534981] systemd[1]: Finished Apply Kernel Variables.
[    2.536521] systemd[1]: Finished Set the console keyboard layout.
[    2.536597] systemd[1]: Reached target Local File Systems (Pre).
[    2.539037] systemd[1]: Mounting Mount unit for bare, revision 5...
[    2.544235] systemd[1]: Mounting Mount unit for core18, revision 1705...
[    2.548627] systemd[1]: Mounting Mount unit for gnome-3-34-1804, revision 24...
[    2.562555] systemd[1]: Mounting Mount unit for gtk-common-themes, revision 1506...
[    2.587839] systemd[1]: Mounting Mount unit for gtk-common-themes, revision 1535...
[    2.591569] systemd[1]: Mounting Mount unit for snap-store, revision 433...
[    2.600808] systemd[1]: Mounting Mount unit for snapd, revision 25935...
[    2.642260] systemd[1]: Mounted Mount unit for bare, revision 5.
[    2.642358] systemd[1]: Mounted Mount unit for core18, revision 1705.
[    2.652513] systemd[1]: Mounted Mount unit for gnome-3-34-1804, revision 24.
[    2.652606] systemd[1]: Mounted Mount unit for gtk-common-themes, revision 1506.
[    2.655351] systemd[1]: Started udev Kernel Device Manager.
[    2.656144] systemd[1]: Starting Show Plymouth Boot Screen...
[    2.661338] systemd[1]: Received SIGRTMIN+20 from PID 275 (plymouthd).
[    2.687137] systemd[1]: Started Show Plymouth Boot Screen.
[    2.687344] systemd[1]: Condition check resulted in Dispatch Password Requests to Console Directory Watch being skipped.
[    2.687444] systemd[1]: Started Forward Password Requests to Plymouth Directory Watch.
[    2.687536] systemd[1]: Reached target Local Encrypted Volumes.
[    2.783641] systemd[1]: Mounted Mount unit for gtk-common-themes, revision 1535.
[    2.783908] systemd[1]: Mounted Mount unit for snap-store, revision 433.
[    2.784089] systemd[1]: Mounted Mount unit for snapd, revision 25935.
[    2.784237] systemd[1]: Reached target Local File Systems.
[    2.786516] systemd[1]: Starting Load AppArmor profiles...
[    2.787414] systemd[1]: Starting Set console font and keymap...
[    2.800644] systemd[1]: Starting Tell Plymouth To Write Out Runtime Data...
[    2.802038] systemd[1]: Condition check resulted in Store a System Token in an EFI Variable being skipped.
[    2.802092] systemd[1]: Condition check resulted in Commit a transient machine-id on disk being skipped.
[    2.805889] systemd[1]: Finished Set console font and keymap.
[    2.814695] systemd[1]: Received SIGRTMIN+20 from PID 275 (plymouthd).
[    2.816312] systemd[1]: plymouth-read-write.service: Succeeded.
[    2.816542] systemd[1]: Finished Tell Plymouth To Write Out Runtime Data.
[    2.853436] audit: type=1400 audit(1768671724.708:2): apparmor="STATUS" operation="profile_load" profile="unconfined" name="nvidia_modprobe" pid=300 comm="apparmor_parser"
[    2.853438] audit: type=1400 audit(1768671724.708:3): apparmor="STATUS" operation="profile_load" profile="unconfined" name="nvidia_modprobe//kmod" pid=300 comm="apparmor_parser"
[    2.860081] audit: type=1400 audit(1768671724.716:4): apparmor="STATUS" operation="profile_load" profile="unconfined" name="/usr/sbin/tcpdump" pid=301 comm="apparmor_parser"
[    2.891278] audit: type=1400 audit(1768671724.740:5): apparmor="STATUS" operation="profile_load" profile="unconfined" name="/usr/bin/evince" pid=303 comm="apparmor_parser"
[    2.891280] audit: type=1400 audit(1768671724.740:6): apparmor="STATUS" operation="profile_load" profile="unconfined" name="/usr/bin/evince//sanitized_helper" pid=303 comm="apparmor_parser"
[    2.891282] audit: type=1400 audit(1768671724.740:7): apparmor="STATUS" operation="profile_load" profile="unconfined" name="/usr/bin/evince-previewer" pid=303 comm="apparmor_parser"
[    2.891283] audit: type=1400 audit(1768671724.740:8): apparmor="STATUS" operation="profile_load" profile="unconfined" name="/usr/bin/evince-previewer//sanitized_helper" pid=303 comm="apparmor_parser"
[    2.891284] audit: type=1400 audit(1768671724.740:9): apparmor="STATUS" operation="profile_load" profile="unconfined" name="/usr/bin/evince-thumbnailer" pid=303 comm="apparmor_parser"
[    2.908048] audit: type=1400 audit(1768671724.760:10): apparmor="STATUS" operation="profile_load" profile="unconfined" name="/usr/lib/cups/backend/cups-pdf" pid=304 comm="apparmor_parser"
[    2.982898] systemd[1]: Finished Load AppArmor profiles.
[    2.983889] systemd[1]: Starting Load AppArmor profiles managed internally by snapd...
[    3.092040] systemd[1]: Finished Load AppArmor profiles managed internally by snapd.
[    3.211278] systemd[1]: Started Journal Service.
[    3.219516] systemd-journald[229]: Received client request to flush runtime journal.
[    3.223408] systemd-journald[229]: File /var/log/journal/c455b248004a419c87ce85eea238d727/system.journal corrupted or uncleanly shut down, renaming and replacing.
[    4.512066] RAPL PMU: API unit is 2^-32 Joules, 0 fixed counters, 10737418240 ms ovfl timer
[    4.589921] cryptd: max_cpu_qlen set to 1000
[    4.636307] AVX2 version of gcm_enc/dec engaged.
[    4.636308] AES CTR mode by8 optimization enabled
[    6.449107] Adding 1998844k swap on /dev/sda1.  Priority:-2 extents:1 across:1998844k FS
[    8.210425] kauditd_printk_skb: 30 callbacks suppressed
[    8.210426] audit: type=1400 audit(1768671730.064:41): apparmor="DENIED" operation="capable" profile="/usr/sbin/cups-browsed" pid=509 comm="cups-browsed" capability=23  capname="sys_nice"
[    8.986030] pcnet32 0000:00:03.0 enp0s3: link up, 100Mbps, full-duplex
[    9.025410] e1000: enp0s8 NIC Link is Up 1000 Mbps Full Duplex, Flow Control: RX
[    9.025711] IPv6: ADDRCONF(NETDEV_CHANGE): enp0s8: link becomes ready
[    9.038154] e1000: enp0s9 NIC Link is Up 1000 Mbps Full Duplex, Flow Control: RX
[    9.038448] IPv6: ADDRCONF(NETDEV_CHANGE): enp0s9: link becomes ready
[    9.687205] device enp0s3 entered promiscuous mode
[    9.725210] audit: type=1400 audit(1768671731.568:42): apparmor="DENIED" operation="open" profile="/usr/sbin/tcpdump" name="/proc/sys/kernel/random/boot_id" pid=664 comm="tcpdump" requested_mask="r" denied_mask="r" fsuid=0 ouid=0
[    9.725310] audit: type=1400 audit(1768671731.568:43): apparmor="DENIED" operation="open" profile="/usr/sbin/tcpdump" name="/proc/sys/kernel/random/boot_id" pid=664 comm="tcpdump" requested_mask="r" denied_mask="r" fsuid=0 ouid=0
[    9.725565] audit: type=1400 audit(1768671731.568:44): apparmor="DENIED" operation="open" profile="/usr/sbin/tcpdump" name="/proc/sys/kernel/random/boot_id" pid=664 comm="tcpdump" requested_mask="r" denied_mask="r" fsuid=0 ouid=0
[    9.725585] audit: type=1400 audit(1768671731.568:45): apparmor="DENIED" operation="open" profile="/usr/sbin/tcpdump" name="/proc/sys/kernel/random/boot_id" pid=664 comm="tcpdump" requested_mask="r" denied_mask="r" fsuid=0 ouid=0
[    9.730296] audit: type=1400 audit(1768671731.584:46): apparmor="DENIED" operation="open" profile="/usr/sbin/tcpdump" name="/proc/sys/kernel/random/boot_id" pid=665 comm="tcpdump" requested_mask="r" denied_mask="r" fsuid=0 ouid=0
[    9.731775] audit: type=1400 audit(1768671731.584:47): apparmor="DENIED" operation="open" profile="/usr/sbin/tcpdump" name="/proc/sys/kernel/random/boot_id" pid=665 comm="tcpdump" requested_mask="r" denied_mask="r" fsuid=0 ouid=0
[    9.731858] audit: type=1400 audit(1768671731.584:48): apparmor="DENIED" operation="open" profile="/usr/sbin/tcpdump" name="/proc/sys/kernel/random/boot_id" pid=665 comm="tcpdump" requested_mask="r" denied_mask="r" fsuid=0 ouid=0
[    9.732027] audit: type=1400 audit(1768671731.584:49): apparmor="DENIED" operation="open" profile="/usr/sbin/tcpdump" name="/proc/sys/kernel/random/boot_id" pid=665 comm="tcpdump" requested_mask="r" denied_mask="r" fsuid=0 ouid=0
[   15.680629] rfkill: input handler disabled
[  109.894287] rfkill: input handler enabled
[  119.293554] rfkill: input handler disabled
[  191.302417] AAAAA-TCP_SEND: name:enp0s3: saddr:100932208: daddr:16783984: srtt_us:0: RTT:0: ssthresh:2147483647: cwnd:10: delivered:0: lost:0: retrans:0
[  191.477026] AAAAA-TCP_SEND: name:enp0s3: saddr:100932208: daddr:16783984: srtt_us:0: RTT:0: ssthresh:5: cwnd:1: delivered:0: lost:1: retrans:1
[  191.721205] AAAAA-TCP_RECV: name:enp0s3: saddr:16783984: daddr:100932208: srtt_us:0: RTT:0: ssthresh:5: cwnd:1: delivered:0: lost:1: retrans:1
[  191.721291] AAAAA-TCP_SEND: name:enp0s3: saddr:100932208: daddr:16783984: srtt_us:10112000: RTT:1264000: ssthresh:2147483647: cwnd:10: delivered:1: lost:1: retrans:1
[  191.722155] AAAAA-TCP_SEND: name:enp0s3: saddr:100932208: daddr:16783984: srtt_us:10112000: RTT:1264000: ssthresh:2147483647: cwnd:10: delivered:1: lost:1: retrans:1
[  191.924564] AAAAA-TCP_RECV: name:enp0s3: saddr:16783984: daddr:100932208: srtt_us:10112000: RTT:1264000: ssthresh:2147483647: cwnd:10: delivered:1: lost:1: retrans:1
[  191.924617] AAAAA-TCP_SEND: name:enp0s3: saddr:100932208: daddr:16783984: srtt_us:10112000: RTT:1264000: ssthresh:2147483647: cwnd:10: delivered:1: lost:1: retrans:1
[  192.082570] AAAAA-TCP_RECV: name:enp0s3: saddr:16783984: daddr:100932208: srtt_us:10112000: RTT:1264000: ssthresh:2147483647: cwnd:10: delivered:1: lost:1: retrans:1
[  192.126151] AAAAA-TCP_RECV: name:enp0s3: saddr:16783984: daddr:100932208: srtt_us:10112000: RTT:1264000: ssthresh:2147483647: cwnd:10: delivered:1: lost:1: retrans:1
[  192.126342] AAAAA-TCP_SEND: name:enp0s3: saddr:100932208: daddr:33561200: srtt_us:0: RTT:0: ssthresh:2147483647: cwnd:10: delivered:0: lost:0: retrans:0
[  192.161360] AAAAA-TCP_RECV: name:enp0s3: saddr:16783984: daddr:100932208: srtt_us:9252046: RTT:1156505: ssthresh:2147483647: cwnd:10: delivered:2: lost:1: retrans:1
[  192.161394] AAAAA-TCP_SEND: name:enp0s3: saddr:100932208: daddr:16783984: srtt_us:9252046: RTT:1156505: ssthresh:2147483647: cwnd:10: delivered:2: lost:1: retrans:1
[  192.161583] AAAAA-TCP_SEND: name:enp0s3: saddr:100932208: daddr:16783984: srtt_us:9252046: RTT:1156505: ssthresh:2147483647: cwnd:10: delivered:2: lost:1: retrans:1
[  192.482656] AAAAA-TCP_RECV: name:enp0s3: saddr:33561200: daddr:100932208: srtt_us:0: RTT:0: ssthresh:2147483647: cwnd:10: delivered:0: lost:0: retrans:0
[  192.482712] AAAAA-TCP_SEND: name:enp0s3: saddr:100932208: daddr:33561200: srtt_us:2850824: RTT:356353: ssthresh:2147483647: cwnd:10: delivered:1: lost:0: retrans:0
[  192.647973] AAAAA-TCP_RECV: name:enp0s3: saddr:16783984: daddr:100932208: srtt_us:9252046: RTT:1156505: ssthresh:2147483647: cwnd:10: delivered:2: lost:1: retrans:1
[  192.648064] AAAAA-TCP_SEND: name:enp0s3: saddr:100932208: daddr:16783984: srtt_us:9252046: RTT:1156505: ssthresh:2147483647: cwnd:10: delivered:2: lost:1: retrans:1
[  192.843947] AAAAA-TCP_RECV: name:enp0s3: saddr:33561200: daddr:100932208: srtt_us:2850824: RTT:356353: ssthresh:2147483647: cwnd:10: delivered:1: lost:0: retrans:0
[  192.962940] AAAAA-TCP_RECV: name:enp0s3: saddr:16783984: daddr:100932208: srtt_us:8582010: RTT:1072751: ssthresh:2147483647: cwnd:10: delivered:3: lost:1: retrans:1
[  193.016426] AAAAA-TCP_RECV: name:enp0s3: saddr:33561200: daddr:100932208: srtt_us:2850824: RTT:356353: ssthresh:2147483647: cwnd:10: delivered:1: lost:0: retrans:0
[  193.016465] AAAAA-TCP_SEND: name:enp0s3: saddr:100932208: daddr:33561200: srtt_us:2850824: RTT:356353: ssthresh:2147483647: cwnd:10: delivered:1: lost:0: retrans:0
[  193.016664] AAAAA-TCP_SEND: name:enp0s3: saddr:100932208: daddr:16783984: srtt_us:0: RTT:0: ssthresh:2147483647: cwnd:10: delivered:0: lost:0: retrans:0
[  193.240001] AAAAA-TCP_RECV: name:enp0s3: saddr:16783984: daddr:100932208: srtt_us:0: RTT:0: ssthresh:2147483647: cwnd:10: delivered:0: lost:0: retrans:0
[  193.240069] AAAAA-TCP_SEND: name:enp0s3: saddr:100932208: daddr:16783984: srtt_us:1786872: RTT:223359: ssthresh:2147483647: cwnd:10: delivered:1: lost:0: retrans:0
[  193.240240] AAAAA-TCP_SEND: name:enp0s3: saddr:100932208: daddr:16783984: srtt_us:1786872: RTT:223359: ssthresh:2147483647: cwnd:10: delivered:1: lost:0: retrans:0
[  193.369514] AAAAA-TCP_RECV: name:enp0s3: saddr:16783984: daddr:100932208: srtt_us:1786872: RTT:223359: ssthresh:2147483647: cwnd:10: delivered:1: lost:0: retrans:0
[  193.482508] AAAAA-TCP_RECV: name:enp0s3: saddr:16783984: daddr:100932208: srtt_us:1786872: RTT:223359: ssthresh:2147483647: cwnd:10: delivered:1: lost:0: retrans:0
[  193.482629] AAAAA-TCP_SEND: name:enp0s3: saddr:100932208: daddr:33561200: srtt_us:0: RTT:0: ssthresh:2147483647: cwnd:10: delivered:0: lost:0: retrans:0
[  193.613900] AAAAA-TCP_RECV: name:enp0s3: saddr:33561200: daddr:100932208: srtt_us:2850824: RTT:356353: ssthresh:2147483647: cwnd:10: delivered:1: lost:0: retrans:0
[  193.613921] AAAAA-TCP_SEND: name:enp0s3: saddr:100932208: daddr:33561200: srtt_us:2850824: RTT:356353: ssthresh:2147483647: cwnd:10: delivered:1: lost:0: retrans:0
[  193.730944] AAAAA-TCP_RECV: name:enp0s3: saddr:33561200: daddr:100932208: srtt_us:0: RTT:0: ssthresh:2147483647: cwnd:10: delivered:0: lost:0: retrans:0
[  193.730974] AAAAA-TCP_SEND: name:enp0s3: saddr:100932208: daddr:33561200: srtt_us:1986608: RTT:248326: ssthresh:2147483647: cwnd:10: delivered:1: lost:0: retrans:0
[  193.937622] AAAAA-TCP_RECV: name:enp0s3: saddr:33561200: daddr:100932208: srtt_us:2850824: RTT:356353: ssthresh:2147483647: cwnd:10: delivered:1: lost:0: retrans:0
[  193.937641] AAAAA-TCP_SEND: name:enp0s3: saddr:100932208: daddr:33561200: srtt_us:2850824: RTT:356353: ssthresh:2147483647: cwnd:10: delivered:1: lost:0: retrans:0
[  193.937796] AAAAA-TCP_SEND: name:enp0s3: saddr:100932208: daddr:16783984: srtt_us:1805787: RTT:225723: ssthresh:2147483647: cwnd:10: delivered:2: lost:0: retrans:0
[  193.937818] AAAAA-TCP_SEND: name:enp0s3: saddr:100932208: daddr:16783984: srtt_us:1805787: RTT:225723: ssthresh:2147483647: cwnd:10: delivered:2: lost:0: retrans:0
[  193.937878] AAAAA-TCP_SEND: name:enp0s3: saddr:100932208: daddr:16783984: srtt_us:1805787: RTT:225723: ssthresh:2147483647: cwnd:10: delivered:2: lost:0: retrans:0
[  193.937896] AAAAA-TCP_SEND: name:enp0s3: saddr:100932208: daddr:16783984: srtt_us:1805787: RTT:225723: ssthresh:2147483647: cwnd:10: delivered:2: lost:0: retrans:0
[  193.937951] AAAAA-TCP_SEND: name:enp0s3: saddr:100932208: daddr:16783984: srtt_us:1805787: RTT:225723: ssthresh:2147483647: cwnd:10: delivered:2: lost:0: retrans:0
[  193.937966] AAAAA-TCP_SEND: name:enp0s3: saddr:100932208: daddr:16783984: srtt_us:1805787: RTT:225723: ssthresh:2147483647: cwnd:10: delivered:2: lost:0: retrans:0
[  193.938058] AAAAA-TCP_SEND: name:enp0s3: saddr:100932208: daddr:16783984: srtt_us:1805787: RTT:225723: ssthresh:2147483647: cwnd:10: delivered:2: lost:0: retrans:0
[  193.938115] AAAAA-TCP_SEND: name:enp0s3: saddr:100932208: daddr:16783984: srtt_us:1805787: RTT:225723: ssthresh:2147483647: cwnd:10: delivered:2: lost:0: retrans:0
[  193.938130] AAAAA-TCP_SEND: name:enp0s3: saddr:100932208: daddr:16783984: srtt_us:1805787: RTT:225723: ssthresh:2147483647: cwnd:10: delivered:2: lost:0: retrans:0
[  193.938236] AAAAA-TCP_SEND: name:enp0s3: saddr:100932208: daddr:16783984: srtt_us:1805787: RTT:225723: ssthresh:2147483647: cwnd:10: delivered:2: lost:0: retrans:0
[  194.141158] AAAAA-TCP_RECV: name:enp0s3: saddr:33561200: daddr:100932208: srtt_us:1986608: RTT:248326: ssthresh:2147483647: cwnd:10: delivered:1: lost:0: retrans:0
[  194.141208] AAAAA-TCP_SEND: name:enp0s3: saddr:100932208: daddr:33561200: srtt_us:1986608: RTT:248326: ssthresh:2147483647: cwnd:10: delivered:1: lost:0: retrans:0
[  194.141235] AAAAA-TCP_SEND: name:enp0s3: saddr:100932208: daddr:33561200: srtt_us:1986608: RTT:248326: ssthresh:2147483647: cwnd:10: delivered:1: lost:0: retrans:0
[  194.142079] AAAAA-TCP_SEND: name:enp0s3: saddr:100932208: daddr:33561200: srtt_us:1986608: RTT:248326: ssthresh:2147483647: cwnd:10: delivered:1: lost:0: retrans:0
[  194.142098] AAAAA-TCP_SEND: name:enp0s3: saddr:100932208: daddr:33561200: srtt_us:1986608: RTT:248326: ssthresh:2147483647: cwnd:10: delivered:1: lost:0: retrans:0
[  194.142196] AAAAA-TCP_SEND: name:enp0s3: saddr:100932208: daddr:33561200: srtt_us:1986608: RTT:248326: ssthresh:2147483647: cwnd:10: delivered:1: lost:0: retrans:0
[  194.142210] AAAAA-TCP_SEND: name:enp0s3: saddr:100932208: daddr:33561200: srtt_us:1986608: RTT:248326: ssthresh:2147483647: cwnd:10: delivered:1: lost:0: retrans:0
[  194.142302] AAAAA-TCP_SEND: name:enp0s3: saddr:100932208: daddr:33561200: srtt_us:1986608: RTT:248326: ssthresh:2147483647: cwnd:10: delivered:1: lost:0: retrans:0
[  194.142316] AAAAA-TCP_SEND: name:enp0s3: saddr:100932208: daddr:33561200: srtt_us:1986608: RTT:248326: ssthresh:2147483647: cwnd:10: delivered:1: lost:0: retrans:0
[  194.142406] AAAAA-TCP_SEND: name:enp0s3: saddr:100932208: daddr:33561200: srtt_us:1986608: RTT:248326: ssthresh:2147483647: cwnd:10: delivered:1: lost:0: retrans:0
[  194.142419] AAAAA-TCP_SEND: name:enp0s3: saddr:100932208: daddr:33561200: srtt_us:1986608: RTT:248326: ssthresh:2147483647: cwnd:10: delivered:1: lost:0: retrans:0
[  194.415197] AAAAA-TCP_SEND: name:enp0s3: saddr:100932208: daddr:16783984: srtt_us:1805787: RTT:225723: ssthresh:2147483647: cwnd:10: delivered:2: lost:0: retrans:1
[  194.671209] AAAAA-TCP_SEND: name:enp0s3: saddr:100932208: daddr:33561200: srtt_us:1986608: RTT:248326: ssthresh:2147483647: cwnd:10: delivered:1: lost:0: retrans:1
[  195.021476] AAAAA-TCP_RECV: name:enp0s3: saddr:16783984: daddr:100932208: srtt_us:1805787: RTT:225723: ssthresh:2147483647: cwnd:10: delivered:2: lost:0: retrans:1
[  195.021522] AAAAA-TCP_SEND: name:enp0s3: saddr:100932208: daddr:16783984: srtt_us:2663755: RTT:332969: ssthresh:2147483647: cwnd:11: delivered:3: lost:0: retrans:1
[  195.021545] AAAAA-TCP_SEND: name:enp0s3: saddr:100932208: daddr:16783984: srtt_us:2663755: RTT:332969: ssthresh:2147483647: cwnd:11: delivered:3: lost:0: retrans:1
[  195.132957] AAAAA-TCP_RECV: name:enp0s3: saddr:16783984: daddr:100932208: srtt_us:2663755: RTT:332969: ssthresh:2147483647: cwnd:11: delivered:3: lost:0: retrans:1
[  195.133004] AAAAA-TCP_SEND: name:enp0s3: saddr:100932208: daddr:16783984: srtt_us:3525943: RTT:440742: ssthresh:2147483647: cwnd:12: delivered:4: lost:0: retrans:1
[  195.133032] AAAAA-TCP_SEND: name:enp0s3: saddr:100932208: daddr:16783984: srtt_us:3525943: RTT:440742: ssthresh:2147483647: cwnd:12: delivered:4: lost:0: retrans:1
[  195.250067] AAAAA-TCP_RECV: name:enp0s3: saddr:16783984: daddr:100932208: srtt_us:3525943: RTT:440742: ssthresh:2147483647: cwnd:12: delivered:4: lost:0: retrans:1
[  195.250108] AAAAA-TCP_SEND: name:enp0s3: saddr:100932208: daddr:16783984: srtt_us:4397407: RTT:549675: ssthresh:2147483647: cwnd:13: delivered:5: lost:0: retrans:1
[  195.250159] AAAAA-TCP_SEND: name:enp0s3: saddr:100932208: daddr:16783984: srtt_us:4397407: RTT:549675: ssthresh:2147483647: cwnd:13: delivered:5: lost:0: retrans:1
[  195.439200] AAAAA-TCP_SEND: name:enp0s3: saddr:100932208: daddr:33561200: srtt_us:1986608: RTT:248326: ssthresh:5: cwnd:1: delivered:1: lost:10: retrans:2
[  195.494318] AAAAA-TCP_RECV: name:enp0s3: saddr:16783984: daddr:100932208: srtt_us:4397407: RTT:549675: ssthresh:2147483647: cwnd:13: delivered:5: lost:0: retrans:1
[  195.494356] AAAAA-TCP_SEND: name:enp0s3: saddr:100932208: daddr:16783984: srtt_us:5404170: RTT:675521: ssthresh:2147483647: cwnd:14: delivered:6: lost:0: retrans:1
[  195.494379] AAAAA-TCP_SEND: name:enp0s3: saddr:100932208: daddr:16783984: srtt_us:5404170: RTT:675521: ssthresh:2147483647: cwnd:14: delivered:6: lost:0: retrans:1
[  195.696068] AAAAA-TCP_RECV: name:enp0s3: saddr:16783984: daddr:100932208: srtt_us:5404170: RTT:675521: ssthresh:2147483647: cwnd:14: delivered:6: lost:0: retrans:1
[  195.696126] AAAAA-TCP_SEND: name:enp0s3: saddr:100932208: daddr:16783984: srtt_us:6486788: RTT:810848: ssthresh:2147483647: cwnd:15: delivered:7: lost:0: retrans:1
[  195.696180] AAAAA-TCP_SEND: name:enp0s3: saddr:100932208: daddr:16783984: srtt_us:6486788: RTT:810848: ssthresh:2147483647: cwnd:15: delivered:7: lost:0: retrans:1
[  195.824815] AAAAA-TCP_RECV: name:enp0s3: saddr:16783984: daddr:100932208: srtt_us:6486788: RTT:810848: ssthresh:2147483647: cwnd:15: delivered:7: lost:0: retrans:1
[  195.824874] AAAAA-TCP_SEND: name:enp0s3: saddr:100932208: daddr:16783984: srtt_us:7562821: RTT:945352: ssthresh:2147483647: cwnd:16: delivered:8: lost:0: retrans:1
[  195.824930] AAAAA-TCP_SEND: name:enp0s3: saddr:100932208: daddr:16783984: srtt_us:7562821: RTT:945352: ssthresh:2147483647: cwnd:16: delivered:8: lost:0: retrans:1
[  195.880065] AAAAA-TCP_RECV: name:enp0s3: saddr:16783984: daddr:100932208: srtt_us:7562821: RTT:945352: ssthresh:2147483647: cwnd:16: delivered:8: lost:0: retrans:1
[  195.880107] AAAAA-TCP_SEND: name:enp0s3: saddr:100932208: daddr:16783984: srtt_us:8559494: RTT:1069936: ssthresh:2147483647: cwnd:17: delivered:9: lost:0: retrans:1
[  195.880157] AAAAA-TCP_SEND: name:enp0s3: saddr:100932208: daddr:16783984: srtt_us:8559494: RTT:1069936: ssthresh:2147483647: cwnd:17: delivered:9: lost:0: retrans:1
[  196.027027] AAAAA-TCP_RECV: name:enp0s3: saddr:16783984: daddr:100932208: srtt_us:8559494: RTT:1069936: ssthresh:2147483647: cwnd:17: delivered:9: lost:0: retrans:1
[  196.027071] AAAAA-TCP_SEND: name:enp0s3: saddr:100932208: daddr:16783984: srtt_us:9578523: RTT:1197315: ssthresh:2147483647: cwnd:18: delivered:10: lost:0: retrans:1
[  196.027097] AAAAA-TCP_SEND: name:enp0s3: saddr:100932208: daddr:16783984: srtt_us:9578523: RTT:1197315: ssthresh:2147483647: cwnd:18: delivered:10: lost:0: retrans:1
[  196.223497] AAAAA-TCP_RECV: name:enp0s3: saddr:16783984: daddr:100932208: srtt_us:9578523: RTT:1197315: ssthresh:2147483647: cwnd:18: delivered:10: lost:0: retrans:1
[  196.223542] AAAAA-TCP_SEND: name:enp0s3: saddr:100932208: daddr:16783984: srtt_us:10666591: RTT:1333323: ssthresh:2147483647: cwnd:19: delivered:11: lost:0: retrans:1
[  196.223567] AAAAA-TCP_SEND: name:enp0s3: saddr:100932208: daddr:16783984: srtt_us:10666591: RTT:1333323: ssthresh:2147483647: cwnd:19: delivered:11: lost:0: retrans:1
[  196.406611] AAAAA-TCP_RECV: name:enp0s3: saddr:16783984: daddr:100932208: srtt_us:10666591: RTT:1333323: ssthresh:2147483647: cwnd:19: delivered:11: lost:0: retrans:1
[  196.406663] AAAAA-TCP_SEND: name:enp0s3: saddr:100932208: daddr:16783984: srtt_us:11801268: RTT:1475158: ssthresh:2147483647: cwnd:20: delivered:12: lost:0: retrans:1
[  196.406691] AAAAA-TCP_SEND: name:enp0s3: saddr:100932208: daddr:16783984: srtt_us:11801268: RTT:1475158: ssthresh:2147483647: cwnd:20: delivered:12: lost:0: retrans:1
[  196.697687] AAAAA-TCP_RECV: name:enp0s3: saddr:33561200: daddr:100932208: srtt_us:1986608: RTT:248326: ssthresh:5: cwnd:1: delivered:1: lost:10: retrans:2
[  196.697758] AAAAA-TCP_SEND: name:enp0s3: saddr:100932208: daddr:33561200: srtt_us:4294282: RTT:536785: ssthresh:2147483647: cwnd:11: delivered:2: lost:10: retrans:2
[  196.697786] AAAAA-TCP_SEND: name:enp0s3: saddr:100932208: daddr:33561200: srtt_us:4294282: RTT:536785: ssthresh:2147483647: cwnd:11: delivered:2: lost:10: retrans:2
[  196.902793] AAAAA-TCP_RECV: name:enp0s3: saddr:33561200: daddr:100932208: srtt_us:4294282: RTT:536785: ssthresh:2147483647: cwnd:11: delivered:2: lost:10: retrans:2
[  196.902842] AAAAA-TCP_SEND: name:enp0s3: saddr:100932208: daddr:33561200: srtt_us:6519107: RTT:814888: ssthresh:2147483647: cwnd:12: delivered:3: lost:10: retrans:2
[  196.902868] AAAAA-TCP_SEND: name:enp0s3: saddr:100932208: daddr:33561200: srtt_us:6519107: RTT:814888: ssthresh:2147483647: cwnd:12: delivered:3: lost:10: retrans:2
[  197.039579] AAAAA-TCP_RECV: name:enp0s3: saddr:33561200: daddr:100932208: srtt_us:6519107: RTT:814888: ssthresh:2147483647: cwnd:12: delivered:3: lost:10: retrans:2
[  197.039647] AAAAA-TCP_SEND: name:enp0s3: saddr:100932208: daddr:33561200: srtt_us:8601755: RTT:1075219: ssthresh:2147483647: cwnd:13: delivered:4: lost:10: retrans:2
[  197.039703] AAAAA-TCP_SEND: name:enp0s3: saddr:100932208: daddr:33561200: srtt_us:8601755: RTT:1075219: ssthresh:2147483647: cwnd:13: delivered:4: lost:10: retrans:2
[  197.209328] AAAAA-TCP_RECV: name:enp0s3: saddr:33561200: daddr:100932208: srtt_us:8601755: RTT:1075219: ssthresh:2147483647: cwnd:13: delivered:4: lost:10: retrans:2
[  197.209376] AAAAA-TCP_SEND: name:enp0s3: saddr:100932208: daddr:33561200: srtt_us:10593807: RTT:1324225: ssthresh:2147483647: cwnd:14: delivered:5: lost:10: retrans:2
[  197.209401] AAAAA-TCP_SEND: name:enp0s3: saddr:100932208: daddr:33561200: srtt_us:10593807: RTT:1324225: ssthresh:2147483647: cwnd:14: delivered:5: lost:10: retrans:2
[  197.419973] AAAAA-TCP_RECV: name:enp0s3: saddr:33561200: daddr:100932208: srtt_us:10593807: RTT:1324225: ssthresh:2147483647: cwnd:14: delivered:5: lost:10: retrans:2
[  197.420012] AAAAA-TCP_SEND: name:enp0s3: saddr:100932208: daddr:33561200: srtt_us:12547376: RTT:1568422: ssthresh:2147483647: cwnd:15: delivered:6: lost:10: retrans:2
[  197.420037] AAAAA-TCP_SEND: name:enp0s3: saddr:100932208: daddr:33561200: srtt_us:12547376: RTT:1568422: ssthresh:2147483647: cwnd:15: delivered:6: lost:10: retrans:2
[  197.627196] AAAAA-TCP_RECV: name:enp0s3: saddr:33561200: daddr:100932208: srtt_us:12547376: RTT:1568422: ssthresh:2147483647: cwnd:15: delivered:6: lost:10: retrans:2
[  197.627247] AAAAA-TCP_SEND: name:enp0s3: saddr:100932208: daddr:33561200: srtt_us:14463981: RTT:1807997: ssthresh:2147483647: cwnd:16: delivered:7: lost:10: retrans:2
[  197.627274] AAAAA-TCP_SEND: name:enp0s3: saddr:100932208: daddr:33561200: srtt_us:14463981: RTT:1807997: ssthresh:2147483647: cwnd:16: delivered:7: lost:10: retrans:2
[  197.856008] AAAAA-TCP_RECV: name:enp0s3: saddr:33561200: daddr:100932208: srtt_us:14463981: RTT:1807997: ssthresh:2147483647: cwnd:16: delivered:7: lost:10: retrans:2
[  197.856149] AAAAA-TCP_SEND: name:enp0s3: saddr:100932208: daddr:33561200: srtt_us:16369775: RTT:2046221: ssthresh:2147483647: cwnd:17: delivered:8: lost:10: retrans:2
[  197.856300] AAAAA-TCP_SEND: name:enp0s3: saddr:100932208: daddr:33561200: srtt_us:16369775: RTT:2046221: ssthresh:2147483647: cwnd:17: delivered:8: lost:10: retrans:2
[  198.085308] AAAAA-TCP_RECV: name:enp0s3: saddr:33561200: daddr:100932208: srtt_us:16369775: RTT:2046221: ssthresh:2147483647: cwnd:17: delivered:8: lost:10: retrans:2
[  198.085396] AAAAA-TCP_SEND: name:enp0s3: saddr:100932208: daddr:33561200: srtt_us:18266599: RTT:2283324: ssthresh:2147483647: cwnd:18: delivered:9: lost:10: retrans:2
[  198.085504] AAAAA-TCP_SEND: name:enp0s3: saddr:100932208: daddr:33561200: srtt_us:18266599: RTT:2283324: ssthresh:2147483647: cwnd:18: delivered:9: lost:10: retrans:2
[  198.138076] AAAAA-TCP_RECV: name:enp0s3: saddr:33561200: daddr:100932208: srtt_us:18266599: RTT:2283324: ssthresh:2147483647: cwnd:18: delivered:9: lost:10: retrans:2
[  198.138167] AAAAA-TCP_SEND: name:enp0s3: saddr:100932208: daddr:33561200: srtt_us:19978987: RTT:2497373: ssthresh:2147483647: cwnd:19: delivered:10: lost:10: retrans:2
[  198.138302] AAAAA-TCP_SEND: name:enp0s3: saddr:100932208: daddr:33561200: srtt_us:19978987: RTT:2497373: ssthresh:2147483647: cwnd:19: delivered:10: lost:10: retrans:2
[  198.244544] AAAAA-TCP_RECV: name:enp0s3: saddr:33561200: daddr:100932208: srtt_us:19978987: RTT:2497373: ssthresh:2147483647: cwnd:19: delivered:10: lost:10: retrans:2
[  198.244595] AAAAA-TCP_SEND: name:enp0s3: saddr:100932208: daddr:33561200: srtt_us:21583614: RTT:2697951: ssthresh:2147483647: cwnd:20: delivered:11: lost:10: retrans:2
[  198.244620] AAAAA-TCP_SEND: name:enp0s3: saddr:100932208: daddr:33561200: srtt_us:21583614: RTT:2697951: ssthresh:2147483647: cwnd:20: delivered:11: lost:10: retrans:2
[  198.420711] AAAAA-TCP_RECV: name:enp0s3: saddr:16783984: daddr:100932208: srtt_us:11801268: RTT:1475158: ssthresh:2147483647: cwnd:20: delivered:12: lost:0: retrans:1
[  198.449579] AAAAA-TCP_RECV: name:enp0s3: saddr:33561200: daddr:100932208: srtt_us:21583614: RTT:2697951: ssthresh:2147483647: cwnd:20: delivered:11: lost:10: retrans:2
[  198.761015] AAAAA-TCP_RECV: name:enp0s3: saddr:16783984: daddr:100932208: srtt_us:11801268: RTT:1475158: ssthresh:2147483647: cwnd:20: delivered:13: lost:0: retrans:1
[  198.761081] AAAAA-TCP_SEND: name:enp0s3: saddr:100932208: daddr:16783984: srtt_us:14065634: RTT:1758204: ssthresh:2147483647: cwnd:21: delivered:14: lost:0: retrans:1
[  198.761110] AAAAA-TCP_SEND: name:enp0s3: saddr:100932208: daddr:16783984: srtt_us:14065634: RTT:1758204: ssthresh:2147483647: cwnd:21: delivered:14: lost:0: retrans:1
[  198.876019] AAAAA-TCP_RECV: name:enp0s3: saddr:16783984: daddr:100932208: srtt_us:14065634: RTT:1758204: ssthresh:2147483647: cwnd:21: delivered:14: lost:0: retrans:1
[  198.876071] AAAAA-TCP_SEND: name:enp0s3: saddr:100932208: daddr:16783984: srtt_us:16161955: RTT:2020244: ssthresh:2147483647: cwnd:22: delivered:15: lost:0: retrans:1
[  198.876095] AAAAA-TCP_SEND: name:enp0s3: saddr:100932208: daddr:16783984: srtt_us:16161955: RTT:2020244: ssthresh:2147483647: cwnd:22: delivered:15: lost:0: retrans:1
[  199.036572] AAAAA-TCP_RECV: name:enp0s3: saddr:16783984: daddr:100932208: srtt_us:16161955: RTT:2020244: ssthresh:2147483647: cwnd:22: delivered:15: lost:0: retrans:1
[  199.036626] AAAAA-TCP_SEND: name:enp0s3: saddr:100932208: daddr:16783984: srtt_us:18045305: RTT:2255663: ssthresh:2147483647: cwnd:23: delivered:16: lost:0: retrans:1
[  199.036654] AAAAA-TCP_SEND: name:enp0s3: saddr:100932208: daddr:16783984: srtt_us:18045305: RTT:2255663: ssthresh:2147483647: cwnd:23: delivered:16: lost:0: retrans:1
[  199.241620] AAAAA-TCP_RECV: name:enp0s3: saddr:16783984: daddr:100932208: srtt_us:18045305: RTT:2255663: ssthresh:2147483647: cwnd:23: delivered:16: lost:0: retrans:1
[  199.241664] AAAAA-TCP_SEND: name:enp0s3: saddr:100932208: daddr:16783984: srtt_us:19898282: RTT:2487285: ssthresh:2147483647: cwnd:24: delivered:17: lost:0: retrans:1
[  199.241687] AAAAA-TCP_SEND: name:enp0s3: saddr:100932208: daddr:16783984: srtt_us:19898282: RTT:2487285: ssthresh:2147483647: cwnd:24: delivered:17: lost:0: retrans:1
[  199.325239] AAAAA-TCP_RECV: name:enp0s3: saddr:16783984: daddr:100932208: srtt_us:19898282: RTT:2487285: ssthresh:2147483647: cwnd:24: delivered:17: lost:0: retrans:1
[  199.325274] AAAAA-TCP_SEND: name:enp0s3: saddr:100932208: daddr:16783984: srtt_us:21486148: RTT:2685768: ssthresh:2147483647: cwnd:25: delivered:18: lost:0: retrans:1
[  199.325297] AAAAA-TCP_SEND: name:enp0s3: saddr:100932208: daddr:16783984: srtt_us:21486148: RTT:2685768: ssthresh:2147483647: cwnd:25: delivered:18: lost:0: retrans:1
[  199.572095] AAAAA-TCP_RECV: name:enp0s3: saddr:16783984: daddr:100932208: srtt_us:21486148: RTT:2685768: ssthresh:2147483647: cwnd:25: delivered:18: lost:0: retrans:1
[  199.572133] AAAAA-TCP_SEND: name:enp0s3: saddr:100932208: daddr:16783984: srtt_us:23122388: RTT:2890298: ssthresh:2147483647: cwnd:26: delivered:19: lost:0: retrans:1
[  199.572158] AAAAA-TCP_SEND: name:enp0s3: saddr:100932208: daddr:16783984: srtt_us:23122388: RTT:2890298: ssthresh:2147483647: cwnd:26: delivered:19: lost:0: retrans:1
[  200.048453] AAAAA-TCP_RECV: name:enp0s3: saddr:33561200: daddr:100932208: srtt_us:21583614: RTT:2697951: ssthresh:2147483647: cwnd:20: delivered:12: lost:10: retrans:2
[  200.204306] AAAAA-TCP_RECV: name:enp0s3: saddr:16783984: daddr:100932208: srtt_us:23122388: RTT:2890298: ssthresh:2147483647: cwnd:26: delivered:19: lost:0: retrans:1
[  200.204345] AAAAA-TCP_SEND: name:enp0s3: saddr:100932208: daddr:16783984: srtt_us:24942048: RTT:3117756: ssthresh:2147483647: cwnd:27: delivered:20: lost:0: retrans:1
[  200.204380] AAAAA-TCP_SEND: name:enp0s3: saddr:100932208: daddr:16783984: srtt_us:24942048: RTT:3117756: ssthresh:2147483647: cwnd:27: delivered:20: lost:0: retrans:1
[  200.380375] AAAAA-TCP_RECV: name:enp0s3: saddr:16783984: daddr:100932208: srtt_us:24942048: RTT:3117756: ssthresh:2147483647: cwnd:27: delivered:20: lost:0: retrans:1
[  200.380427] AAAAA-TCP_SEND: name:enp0s3: saddr:100932208: daddr:16783984: srtt_us:26710334: RTT:3338791: ssthresh:2147483647: cwnd:28: delivered:21: lost:0: retrans:1
[  200.380456] AAAAA-TCP_SEND: name:enp0s3: saddr:100932208: daddr:16783984: srtt_us:26710334: RTT:3338791: ssthresh:2147483647: cwnd:28: delivered:21: lost:0: retrans:1
[  200.593046] AAAAA-TCP_RECV: name:enp0s3: saddr:16783984: daddr:100932208: srtt_us:26710334: RTT:3338791: ssthresh:2147483647: cwnd:28: delivered:21: lost:0: retrans:1
[  200.593092] AAAAA-TCP_SEND: name:enp0s3: saddr:100932208: daddr:16783984: srtt_us:28268488: RTT:3533561: ssthresh:2147483647: cwnd:29: delivered:22: lost:0: retrans:1
[  200.593146] AAAAA-TCP_SEND: name:enp0s3: saddr:100932208: daddr:16783984: srtt_us:28268488: RTT:3533561: ssthresh:2147483647: cwnd:29: delivered:22: lost:0: retrans:1
[  201.058882] AAAAA-TCP_RECV: name:enp0s3: saddr:16783984: daddr:100932208: srtt_us:28268488: RTT:3533561: ssthresh:2147483647: cwnd:29: delivered:22: lost:0: retrans:1
[  201.058944] AAAAA-TCP_SEND: name:enp0s3: saddr:100932208: daddr:16783984: srtt_us:30097715: RTT:3762214: ssthresh:2147483647: cwnd:30: delivered:23: lost:0: retrans:1
[  201.058972] AAAAA-TCP_SEND: name:enp0s3: saddr:100932208: daddr:16783984: srtt_us:30097715: RTT:3762214: ssthresh:2147483647: cwnd:30: delivered:23: lost:0: retrans:1
[  201.166616] AAAAA-TCP_RECV: name:enp0s3: saddr:16783984: daddr:100932208: srtt_us:30097715: RTT:3762214: ssthresh:2147483647: cwnd:30: delivered:23: lost:0: retrans:1
[  201.166646] AAAAA-TCP_SEND: name:enp0s3: saddr:100932208: daddr:16783984: srtt_us:31677252: RTT:3959656: ssthresh:2147483647: cwnd:31: delivered:24: lost:0: retrans:1
[  201.166668] AAAAA-TCP_SEND: name:enp0s3: saddr:100932208: daddr:16783984: srtt_us:31677252: RTT:3959656: ssthresh:2147483647: cwnd:31: delivered:24: lost:0: retrans:1
[  201.393494] AAAAA-TCP_RECV: name:enp0s3: saddr:16783984: daddr:100932208: srtt_us:31677252: RTT:3959656: ssthresh:2147483647: cwnd:31: delivered:24: lost:0: retrans:1
[  201.393540] AAAAA-TCP_SEND: name:enp0s3: saddr:100932208: daddr:16783984: srtt_us:33286240: RTT:4160780: ssthresh:2147483647: cwnd:32: delivered:25: lost:0: retrans:1
[  201.393567] AAAAA-TCP_SEND: name:enp0s3: saddr:100932208: daddr:16783984: srtt_us:33286240: RTT:4160780: ssthresh:2147483647: cwnd:32: delivered:25: lost:0: retrans:1
[  201.496842] AAAAA-TCP_RECV: name:enp0s3: saddr:33561200: daddr:100932208: srtt_us:21583614: RTT:2697951: ssthresh:2147483647: cwnd:20: delivered:13: lost:10: retrans:2
[  201.496889] AAAAA-TCP_SEND: name:enp0s3: saddr:100932208: daddr:33561200: srtt_us:22755278: RTT:2844409: ssthresh:10: cwnd:10: delivered:16: lost:20: retrans:3
[  201.496915] AAAAA-TCP_SEND: name:enp0s3: saddr:100932208: daddr:33561200: srtt_us:22755278: RTT:2844409: ssthresh:10: cwnd:10: delivered:16: lost:20: retrans:4
[  201.496964] AAAAA-TCP_SEND: name:enp0s3: saddr:100932208: daddr:33561200: srtt_us:22755278: RTT:2844409: ssthresh:10: cwnd:10: delivered:16: lost:20: retrans:5
[  201.897762] AAAAA-TCP_RECV: name:enp0s3: saddr:16783984: daddr:100932208: srtt_us:33286240: RTT:4160780: ssthresh:2147483647: cwnd:32: delivered:25: lost:0: retrans:1
[  201.897820] AAAAA-TCP_SEND: name:enp0s3: saddr:100932208: daddr:16783984: srtt_us:35143140: RTT:4392892: ssthresh:2147483647: cwnd:33: delivered:26: lost:0: retrans:1
[  201.897848] AAAAA-TCP_SEND: name:enp0s3: saddr:100932208: daddr:16783984: srtt_us:35143140: RTT:4392892: ssthresh:2147483647: cwnd:33: delivered:26: lost:0: retrans:1
[  202.053163] AAAAA-TCP_RECV: name:enp0s3: saddr:16783984: daddr:100932208: srtt_us:35143140: RTT:4392892: ssthresh:2147483647: cwnd:33: delivered:26: lost:0: retrans:1
[  202.053229] AAAAA-TCP_SEND: name:enp0s3: saddr:100932208: daddr:16783984: srtt_us:36923327: RTT:4615415: ssthresh:2147483647: cwnd:40: delivered:33: lost:0: retrans:1
[  202.053256] AAAAA-TCP_SEND: name:enp0s3: saddr:100932208: daddr:16783984: srtt_us:36923327: RTT:4615415: ssthresh:2147483647: cwnd:40: delivered:33: lost:0: retrans:1
[  202.054091] AAAAA-TCP_SEND: name:enp0s3: saddr:100932208: daddr:16783984: srtt_us:36923327: RTT:4615415: ssthresh:2147483647: cwnd:40: delivered:33: lost:0: retrans:1
[  202.054112] AAAAA-TCP_SEND: name:enp0s3: saddr:100932208: daddr:16783984: srtt_us:36923327: RTT:4615415: ssthresh:2147483647: cwnd:40: delivered:33: lost:0: retrans:1
[  202.054210] AAAAA-TCP_SEND: name:enp0s3: saddr:100932208: daddr:16783984: srtt_us:36923327: RTT:4615415: ssthresh:2147483647: cwnd:40: delivered:33: lost:0: retrans:1
[  202.054224] AAAAA-TCP_SEND: name:enp0s3: saddr:100932208: daddr:16783984: srtt_us:36923327: RTT:4615415: ssthresh:2147483647: cwnd:40: delivered:33: lost:0: retrans:1
[  202.054309] AAAAA-TCP_SEND: name:enp0s3: saddr:100932208: daddr:16783984: srtt_us:36923327: RTT:4615415: ssthresh:2147483647: cwnd:40: delivered:33: lost:0: retrans:1
[  202.054322] AAAAA-TCP_SEND: name:enp0s3: saddr:100932208: daddr:16783984: srtt_us:36923327: RTT:4615415: ssthresh:2147483647: cwnd:40: delivered:33: lost:0: retrans:1
[  202.054406] AAAAA-TCP_SEND: name:enp0s3: saddr:100932208: daddr:16783984: srtt_us:36923327: RTT:4615415: ssthresh:2147483647: cwnd:40: delivered:33: lost:0: retrans:1
[  202.054420] AAAAA-TCP_SEND: name:enp0s3: saddr:100932208: daddr:16783984: srtt_us:36923327: RTT:4615415: ssthresh:2147483647: cwnd:40: delivered:33: lost:0: retrans:1
[  202.054504] AAAAA-TCP_SEND: name:enp0s3: saddr:100932208: daddr:16783984: srtt_us:36923327: RTT:4615415: ssthresh:2147483647: cwnd:40: delivered:33: lost:0: retrans:1
[  202.054518] AAAAA-TCP_SEND: name:enp0s3: saddr:100932208: daddr:16783984: srtt_us:36923327: RTT:4615415: ssthresh:2147483647: cwnd:40: delivered:33: lost:0: retrans:1
[  202.054615] AAAAA-TCP_SEND: name:enp0s3: saddr:100932208: daddr:16783984: srtt_us:36923327: RTT:4615415: ssthresh:2147483647: cwnd:40: delivered:33: lost:0: retrans:1
[  202.054628] AAAAA-TCP_SEND: name:enp0s3: saddr:100932208: daddr:16783984: srtt_us:36923327: RTT:4615415: ssthresh:2147483647: cwnd:40: delivered:33: lost:0: retrans:1
[  202.107668] AAAAA-TCP_RECV: name:enp0s3: saddr:16783984: daddr:100932208: srtt_us:36923327: RTT:4615415: ssthresh:2147483647: cwnd:40: delivered:33: lost:0: retrans:1
[  202.107687] AAAAA-TCP_SEND: name:enp0s3: saddr:100932208: daddr:16783984: srtt_us:36923327: RTT:4615415: ssthresh:2147483647: cwnd:40: delivered:33: lost:0: retrans:1
[  202.260368] AAAAA-TCP_RECV: name:enp0s3: saddr:16783984: daddr:100932208: srtt_us:36923327: RTT:4615415: ssthresh:2147483647: cwnd:40: delivered:33: lost:0: retrans:1
[  202.357556] AAAAA-TCP_RECV: name:enp0s3: saddr:33561200: daddr:100932208: srtt_us:22755278: RTT:2844409: ssthresh:10: cwnd:10: delivered:16: lost:20: retrans:5
[  202.357607] AAAAA-TCP_SEND: name:enp0s3: saddr:100932208: daddr:33561200: srtt_us:25570869: RTT:3196358: ssthresh:10: cwnd:10: delivered:17: lost:20: retrans:5
[  202.458890] AAAAA-TCP_RECV: name:enp0s3: saddr:33561200: daddr:100932208: srtt_us:25570869: RTT:3196358: ssthresh:10: cwnd:10: delivered:17: lost:20: retrans:5
[  202.458922] AAAAA-TCP_SEND: name:enp0s3: saddr:100932208: daddr:33561200: srtt_us:26977282: RTT:3372160: ssthresh:10: cwnd:10: delivered:18: lost:20: retrans:6
[  202.579592] AAAAA-TCP_RECV: name:enp0s3: saddr:16783984: daddr:100932208: srtt_us:36923327: RTT:4615415: ssthresh:2147483647: cwnd:40: delivered:33: lost:0: retrans:1
[  202.670091] AAAAA-TCP_RECV: name:enp0s3: saddr:33561200: daddr:100932208: srtt_us:26977282: RTT:3372160: ssthresh:10: cwnd:10: delivered:18: lost:20: retrans:6
[  202.670138] AAAAA-TCP_SEND: name:enp0s3: saddr:100932208: daddr:33561200: srtt_us:29372122: RTT:3671515: ssthresh:10: cwnd:10: delivered:20: lost:20: retrans:6
[  202.670186] AAAAA-TCP_SEND: name:enp0s3: saddr:100932208: daddr:33561200: srtt_us:29372122: RTT:3671515: ssthresh:10: cwnd:10: delivered:20: lost:20: retrans:6
[  202.731240] AAAAA-TCP_RECV: name:enp0s3: saddr:33561200: daddr:100932208: srtt_us:29372122: RTT:3671515: ssthresh:10: cwnd:10: delivered:20: lost:20: retrans:6
[  202.731288] AAAAA-TCP_SEND: name:enp0s3: saddr:100932208: daddr:33561200: srtt_us:31529607: RTT:3941200: ssthresh:2147483647: cwnd:21: delivered:21: lost:20: retrans:6
[  202.731313] AAAAA-TCP_SEND: name:enp0s3: saddr:100932208: daddr:33561200: srtt_us:31529607: RTT:3941200: ssthresh:2147483647: cwnd:21: delivered:21: lost:20: retrans:6
[  202.731421] AAAAA-TCP_SEND: name:enp0s3: saddr:100932208: daddr:33561200: srtt_us:31529607: RTT:3941200: ssthresh:2147483647: cwnd:21: delivered:21: lost:20: retrans:6
[  202.731441] AAAAA-TCP_SEND: name:enp0s3: saddr:100932208: daddr:33561200: srtt_us:31529607: RTT:3941200: ssthresh:2147483647: cwnd:21: delivered:21: lost:20: retrans:6
[  202.731532] AAAAA-TCP_SEND: name:enp0s3: saddr:100932208: daddr:33561200: srtt_us:31529607: RTT:3941200: ssthresh:2147483647: cwnd:21: delivered:21: lost:20: retrans:6
[  202.731546] AAAAA-TCP_SEND: name:enp0s3: saddr:100932208: daddr:33561200: srtt_us:31529607: RTT:3941200: ssthresh:2147483647: cwnd:21: delivered:21: lost:20: retrans:6
[  202.817121] AAAAA-TCP_RECV: name:enp0s3: saddr:33561200: daddr:100932208: srtt_us:31529607: RTT:3941200: ssthresh:2147483647: cwnd:21: delivered:21: lost:20: retrans:6
[  202.817182] AAAAA-TCP_SEND: name:enp0s3: saddr:100932208: daddr:33561200: srtt_us:33365905: RTT:4170738: ssthresh:2147483647: cwnd:22: delivered:22: lost:20: retrans:6
[  202.817206] AAAAA-TCP_SEND: name:enp0s3: saddr:100932208: daddr:33561200: srtt_us:33365905: RTT:4170738: ssthresh:2147483647: cwnd:22: delivered:22: lost:20: retrans:6
[  202.949987] AAAAA-TCP_RECV: name:enp0s3: saddr:33561200: daddr:100932208: srtt_us:33365905: RTT:4170738: ssthresh:2147483647: cwnd:22: delivered:22: lost:20: retrans:6
[  202.950030] AAAAA-TCP_SEND: name:enp0s3: saddr:100932208: daddr:33561200: srtt_us:35105532: RTT:4388191: ssthresh:2147483647: cwnd:23: delivered:23: lost:20: retrans:6
[  202.950055] AAAAA-TCP_SEND: name:enp0s3: saddr:100932208: daddr:33561200: srtt_us:35105532: RTT:4388191: ssthresh:2147483647: cwnd:23: delivered:23: lost:20: retrans:6
[  202.979029] AAAAA-TCP_RECV: name:enp0s3: saddr:33561200: daddr:100932208: srtt_us:35105532: RTT:4388191: ssthresh:2147483647: cwnd:23: delivered:23: lost:20: retrans:6
[  202.979065] AAAAA-TCP_SEND: name:enp0s3: saddr:100932208: daddr:33561200: srtt_us:36487014: RTT:4560876: ssthresh:2147483647: cwnd:24: delivered:24: lost:20: retrans:6
[  202.979088] AAAAA-TCP_SEND: name:enp0s3: saddr:100932208: daddr:33561200: srtt_us:36487014: RTT:4560876: ssthresh:2147483647: cwnd:24: delivered:24: lost:20: retrans:6
[  203.028469] AAAAA-TCP_RECV: name:enp0s3: saddr:33561200: daddr:100932208: srtt_us:36487014: RTT:4560876: ssthresh:2147483647: cwnd:24: delivered:24: lost:20: retrans:6
[  203.028501] AAAAA-TCP_SEND: name:enp0s3: saddr:100932208: daddr:33561200: srtt_us:37745251: RTT:4718156: ssthresh:2147483647: cwnd:25: delivered:25: lost:20: retrans:6
[  203.028523] AAAAA-TCP_SEND: name:enp0s3: saddr:100932208: daddr:33561200: srtt_us:37745251: RTT:4718156: ssthresh:2147483647: cwnd:25: delivered:25: lost:20: retrans:6
[  203.066774] AAAAA-TCP_RECV: name:enp0s3: saddr:33561200: daddr:100932208: srtt_us:37745251: RTT:4718156: ssthresh:2147483647: cwnd:25: delivered:25: lost:20: retrans:6
[  203.066805] AAAAA-TCP_SEND: name:enp0s3: saddr:100932208: daddr:33561200: srtt_us:38673874: RTT:4834234: ssthresh:2147483647: cwnd:26: delivered:26: lost:20: retrans:6
[  203.066827] AAAAA-TCP_SEND: name:enp0s3: saddr:100932208: daddr:33561200: srtt_us:38673874: RTT:4834234: ssthresh:2147483647: cwnd:26: delivered:26: lost:20: retrans:6
[  203.165044] AAAAA-TCP_RECV: name:enp0s3: saddr:16783984: daddr:100932208: srtt_us:36923327: RTT:4615415: ssthresh:2147483647: cwnd:40: delivered:33: lost:0: retrans:1
[  203.165055] AAAAA-TCP_SEND: name:enp0s3: saddr:100932208: daddr:16783984: srtt_us:36923327: RTT:4615415: ssthresh:2147483647: cwnd:40: delivered:33: lost:0: retrans:1
[  203.237182] AAAAA-TCP_RECV: name:enp0s3: saddr:16783984: daddr:100932208: srtt_us:36923327: RTT:4615415: ssthresh:2147483647: cwnd:40: delivered:33: lost:0: retrans:1
[  203.276096] AAAAA-TCP_RECV: name:enp0s3: saddr:33561200: daddr:100932208: srtt_us:38673874: RTT:4834234: ssthresh:2147483647: cwnd:26: delivered:26: lost:20: retrans:6
[  203.276114] AAAAA-TCP_SEND: name:enp0s3: saddr:100932208: daddr:33561200: srtt_us:38673874: RTT:4834234: ssthresh:2147483647: cwnd:26: delivered:26: lost:20: retrans:6
[  203.353763] AAAAA-TCP_RECV: name:enp0s3: saddr:33561200: daddr:100932208: srtt_us:38673874: RTT:4834234: ssthresh:2147483647: cwnd:26: delivered:26: lost:20: retrans:6
[  203.404368] AAAAA-TCP_RECV: name:enp0s3: saddr:16783984: daddr:100932208: srtt_us:36923327: RTT:4615415: ssthresh:2147483647: cwnd:40: delivered:33: lost:0: retrans:1
[  203.502926] AAAAA-TCP_RECV: name:enp0s3: saddr:33561200: daddr:100932208: srtt_us:38673874: RTT:4834234: ssthresh:2147483647: cwnd:26: delivered:26: lost:20: retrans:6
[  203.502979] AAAAA-TCP_SEND: name:enp0s3: saddr:100932208: daddr:33561200: srtt_us:39922572: RTT:4990321: ssthresh:2147483647: cwnd:28: delivered:28: lost:20: retrans:6
[  203.503003] AAAAA-TCP_SEND: name:enp0s3: saddr:100932208: daddr:33561200: srtt_us:39922572: RTT:4990321: ssthresh:2147483647: cwnd:28: delivered:28: lost:20: retrans:6
[  203.594623] AAAAA-TCP_RECV: name:enp0s3: saddr:33561200: daddr:100932208: srtt_us:39922572: RTT:4990321: ssthresh:2147483647: cwnd:28: delivered:28: lost:20: retrans:6
[  203.594652] AAAAA-TCP_SEND: name:enp0s3: saddr:100932208: daddr:33561200: srtt_us:39922572: RTT:4990321: ssthresh:2147483647: cwnd:28: delivered:28: lost:20: retrans:6
[  203.594676] AAAAA-TCP_SEND: name:enp0s3: saddr:100932208: daddr:33561200: srtt_us:39922572: RTT:4990321: ssthresh:2147483647: cwnd:28: delivered:28: lost:20: retrans:6
[  203.595413] AAAAA-TCP_SEND: name:enp0s3: saddr:100932208: daddr:33561200: srtt_us:40441517: RTT:5055189: ssthresh:2147483647: cwnd:29: delivered:29: lost:20: retrans:6
[  203.595434] AAAAA-TCP_SEND: name:enp0s3: saddr:100932208: daddr:33561200: srtt_us:40441517: RTT:5055189: ssthresh:2147483647: cwnd:29: delivered:29: lost:20: retrans:6
[  203.627652] AAAAA-TCP_RECV: name:enp0s3: saddr:33561200: daddr:100932208: srtt_us:40441517: RTT:5055189: ssthresh:2147483647: cwnd:29: delivered:29: lost:20: retrans:6
[  203.627685] AAAAA-TCP_SEND: name:enp0s3: saddr:100932208: daddr:33561200: srtt_us:40875841: RTT:5109480: ssthresh:2147483647: cwnd:30: delivered:30: lost:20: retrans:6
[  203.627709] AAAAA-TCP_SEND: name:enp0s3: saddr:100932208: daddr:33561200: srtt_us:40875841: RTT:5109480: ssthresh:2147483647: cwnd:30: delivered:30: lost:20: retrans:6
[  203.653782] AAAAA-TCP_RECV: name:enp0s3: saddr:33561200: daddr:100932208: srtt_us:40875841: RTT:5109480: ssthresh:2147483647: cwnd:30: delivered:30: lost:20: retrans:6
[  203.653806] AAAAA-TCP_SEND: name:enp0s3: saddr:100932208: daddr:33561200: srtt_us:41281992: RTT:5160249: ssthresh:2147483647: cwnd:31: delivered:31: lost:20: retrans:6
[  203.653826] AAAAA-TCP_SEND: name:enp0s3: saddr:100932208: daddr:33561200: srtt_us:41281992: RTT:5160249: ssthresh:2147483647: cwnd:31: delivered:31: lost:20: retrans:6
[  203.904200] AAAAA-TCP_RECV: name:enp0s3: saddr:33561200: daddr:100932208: srtt_us:41281992: RTT:5160249: ssthresh:2147483647: cwnd:31: delivered:31: lost:20: retrans:6
[  203.904257] AAAAA-TCP_SEND: name:enp0s3: saddr:100932208: daddr:33561200: srtt_us:41781386: RTT:5222673: ssthresh:2147483647: cwnd:32: delivered:32: lost:20: retrans:6
[  203.904309] AAAAA-TCP_SEND: name:enp0s3: saddr:100932208: daddr:33561200: srtt_us:41781386: RTT:5222673: ssthresh:2147483647: cwnd:32: delivered:32: lost:20: retrans:6
[  204.180375] AAAAA-TCP_RECV: name:enp0s3: saddr:16783984: daddr:100932208: srtt_us:36923327: RTT:4615415: ssthresh:2147483647: cwnd:40: delivered:33: lost:0: retrans:1
[  204.180422] AAAAA-TCP_SEND: name:enp0s3: saddr:100932208: daddr:16783984: srtt_us:37727239: RTT:4715904: ssthresh:2147483647: cwnd:42: delivered:35: lost:0: retrans:1
[  204.180453] AAAAA-TCP_SEND: name:enp0s3: saddr:100932208: daddr:16783984: srtt_us:37727239: RTT:4715904: ssthresh:2147483647: cwnd:42: delivered:35: lost:0: retrans:1
[  204.210501] AAAAA-TCP_RECV: name:enp0s3: saddr:16783984: daddr:100932208: srtt_us:37727239: RTT:4715904: ssthresh:2147483647: cwnd:42: delivered:35: lost:0: retrans:1
[  204.210547] AAAAA-TCP_SEND: name:enp0s3: saddr:100932208: daddr:16783984: srtt_us:37727239: RTT:4715904: ssthresh:2147483647: cwnd:42: delivered:35: lost:0: retrans:1
[  204.210601] AAAAA-TCP_SEND: name:enp0s3: saddr:100932208: daddr:16783984: srtt_us:37727239: RTT:4715904: ssthresh:2147483647: cwnd:42: delivered:35: lost:0: retrans:1
[  204.211044] AAAAA-TCP_SEND: name:enp0s3: saddr:100932208: daddr:16783984: srtt_us:38345816: RTT:4793227: ssthresh:2147483647: cwnd:43: delivered:36: lost:0: retrans:1
[  204.211074] AAAAA-TCP_SEND: name:enp0s3: saddr:100932208: daddr:16783984: srtt_us:38345816: RTT:4793227: ssthresh:2147483647: cwnd:43: delivered:36: lost:0: retrans:1
[  204.293319] AAAAA-TCP_RECV: name:enp0s3: saddr:16783984: daddr:100932208: srtt_us:38345816: RTT:4793227: ssthresh:2147483647: cwnd:43: delivered:36: lost:0: retrans:1
[  204.293351] AAAAA-TCP_SEND: name:enp0s3: saddr:100932208: daddr:16783984: srtt_us:38969859: RTT:4871232: ssthresh:2147483647: cwnd:44: delivered:37: lost:0: retrans:1
[  204.293375] AAAAA-TCP_SEND: name:enp0s3: saddr:100932208: daddr:16783984: srtt_us:38969859: RTT:4871232: ssthresh:2147483647: cwnd:44: delivered:37: lost:0: retrans:1
[  204.362164] AAAAA-TCP_RECV: name:enp0s3: saddr:16783984: daddr:100932208: srtt_us:38969859: RTT:4871232: ssthresh:2147483647: cwnd:44: delivered:37: lost:0: retrans:1
[  204.362196] AAAAA-TCP_SEND: name:enp0s3: saddr:100932208: daddr:16783984: srtt_us:39424186: RTT:4928023: ssthresh:2147483647: cwnd:45: delivered:38: lost:0: retrans:1
[  204.362218] AAAAA-TCP_SEND: name:enp0s3: saddr:100932208: daddr:16783984: srtt_us:39424186: RTT:4928023: ssthresh:2147483647: cwnd:45: delivered:38: lost:0: retrans:1
[  204.433153] AAAAA-TCP_RECV: name:enp0s3: saddr:16783984: daddr:100932208: srtt_us:39424186: RTT:4928023: ssthresh:2147483647: cwnd:45: delivered:38: lost:0: retrans:1
[  204.433199] AAAAA-TCP_SEND: name:enp0s3: saddr:100932208: daddr:16783984: srtt_us:39892726: RTT:4986590: ssthresh:2147483647: cwnd:46: delivered:39: lost:0: retrans:1
[  204.433251] AAAAA-TCP_SEND: name:enp0s3: saddr:100932208: daddr:16783984: srtt_us:39892726: RTT:4986590: ssthresh:2147483647: cwnd:46: delivered:39: lost:0: retrans:1
[  204.610263] AAAAA-TCP_RECV: name:enp0s3: saddr:16783984: daddr:100932208: srtt_us:39892726: RTT:4986590: ssthresh:2147483647: cwnd:46: delivered:39: lost:0: retrans:1
[  204.610295] AAAAA-TCP_SEND: name:enp0s3: saddr:100932208: daddr:16783984: srtt_us:40274755: RTT:5034344: ssthresh:2147483647: cwnd:47: delivered:40: lost:0: retrans:1
[  204.610317] AAAAA-TCP_SEND: name:enp0s3: saddr:100932208: daddr:16783984: srtt_us:40274755: RTT:5034344: ssthresh:2147483647: cwnd:47: delivered:40: lost:0: retrans:1
[  204.747013] AAAAA-TCP_RECV: name:enp0s3: saddr:16783984: daddr:100932208: srtt_us:40274755: RTT:5034344: ssthresh:2147483647: cwnd:47: delivered:40: lost:0: retrans:1
[  204.747060] AAAAA-TCP_SEND: name:enp0s3: saddr:100932208: daddr:16783984: srtt_us:40745784: RTT:5093223: ssthresh:2147483647: cwnd:48: delivered:41: lost:0: retrans:1
[  204.747089] AAAAA-TCP_SEND: name:enp0s3: saddr:100932208: daddr:16783984: srtt_us:40745784: RTT:5093223: ssthresh:2147483647: cwnd:48: delivered:41: lost:0: retrans:1
[  204.751275] AAAAA-TCP_RECV: name:enp0s3: saddr:16783984: daddr:100932208: srtt_us:40745784: RTT:5093223: ssthresh:2147483647: cwnd:48: delivered:41: lost:0: retrans:1
[  204.751298] AAAAA-TCP_SEND: name:enp0s3: saddr:100932208: daddr:16783984: srtt_us:41078568: RTT:5134821: ssthresh:2147483647: cwnd:49: delivered:42: lost:0: retrans:1
[  204.751316] AAAAA-TCP_SEND: name:enp0s3: saddr:100932208: daddr:16783984: srtt_us:41078568: RTT:5134821: ssthresh:2147483647: cwnd:49: delivered:42: lost:0: retrans:1
[  204.899567] AAAAA-TCP_RECV: name:enp0s3: saddr:16783984: daddr:100932208: srtt_us:41078568: RTT:5134821: ssthresh:2147483647: cwnd:49: delivered:42: lost:0: retrans:1
[  204.899601] AAAAA-TCP_SEND: name:enp0s3: saddr:100932208: daddr:16783984: srtt_us:41518058: RTT:5189757: ssthresh:2147483647: cwnd:50: delivered:43: lost:0: retrans:1
[  204.899625] AAAAA-TCP_SEND: name:enp0s3: saddr:100932208: daddr:16783984: srtt_us:41518058: RTT:5189757: ssthresh:2147483647: cwnd:50: delivered:43: lost:0: retrans:1
[  204.954968] AAAAA-TCP_RECV: name:enp0s3: saddr:16783984: daddr:100932208: srtt_us:41518058: RTT:5189757: ssthresh:2147483647: cwnd:50: delivered:43: lost:0: retrans:1
[  204.955002] AAAAA-TCP_SEND: name:enp0s3: saddr:100932208: daddr:16783984: srtt_us:41711156: RTT:5213894: ssthresh:2147483647: cwnd:51: delivered:44: lost:0: retrans:1
[  204.955027] AAAAA-TCP_SEND: name:enp0s3: saddr:100932208: daddr:16783984: srtt_us:41711156: RTT:5213894: ssthresh:2147483647: cwnd:51: delivered:44: lost:0: retrans:1
[  205.113601] AAAAA-TCP_RECV: name:enp0s3: saddr:16783984: daddr:100932208: srtt_us:41711156: RTT:5213894: ssthresh:2147483647: cwnd:51: delivered:44: lost:0: retrans:1
[  205.113634] AAAAA-TCP_SEND: name:enp0s3: saddr:100932208: daddr:16783984: srtt_us:42038749: RTT:5254843: ssthresh:2147483647: cwnd:52: delivered:45: lost:0: retrans:1
[  205.113660] AAAAA-TCP_SEND: name:enp0s3: saddr:100932208: daddr:16783984: srtt_us:42038749: RTT:5254843: ssthresh:2147483647: cwnd:52: delivered:45: lost:0: retrans:1
[  205.670223] AAAAA-TCP_RECV: name:enp0s3: saddr:16783984: daddr:100932208: srtt_us:42038749: RTT:5254843: ssthresh:2147483647: cwnd:52: delivered:45: lost:0: retrans:1
[  205.670287] AAAAA-TCP_SEND: name:enp0s3: saddr:100932208: daddr:16783984: srtt_us:42249814: RTT:5281226: ssthresh:2147483647: cwnd:54: delivered:47: lost:0: retrans:1
[  205.670324] AAAAA-TCP_SEND: name:enp0s3: saddr:100932208: daddr:16783984: srtt_us:42249814: RTT:5281226: ssthresh:2147483647: cwnd:54: delivered:47: lost:0: retrans:1
[  205.865462] AAAAA-TCP_RECV: name:enp0s3: saddr:16783984: daddr:100932208: srtt_us:42249814: RTT:5281226: ssthresh:2147483647: cwnd:54: delivered:47: lost:0: retrans:1
[  205.865509] AAAAA-TCP_SEND: name:enp0s3: saddr:100932208: daddr:16783984: srtt_us:42249814: RTT:5281226: ssthresh:2147483647: cwnd:54: delivered:47: lost:0: retrans:1
[  205.865541] AAAAA-TCP_SEND: name:enp0s3: saddr:100932208: daddr:16783984: srtt_us:42249814: RTT:5281226: ssthresh:2147483647: cwnd:54: delivered:47: lost:0: retrans:1
[  205.866394] AAAAA-TCP_SEND: name:enp0s3: saddr:100932208: daddr:16783984: srtt_us:42453670: RTT:5306708: ssthresh:2147483647: cwnd:55: delivered:48: lost:0: retrans:1
[  205.866418] AAAAA-TCP_SEND: name:enp0s3: saddr:100932208: daddr:16783984: srtt_us:42453670: RTT:5306708: ssthresh:2147483647: cwnd:55: delivered:48: lost:0: retrans:1
[  205.979968] AAAAA-TCP_RECV: name:enp0s3: saddr:16783984: daddr:100932208: srtt_us:42453670: RTT:5306708: ssthresh:2147483647: cwnd:55: delivered:48: lost:0: retrans:1
[  205.980007] AAAAA-TCP_SEND: name:enp0s3: saddr:100932208: daddr:16783984: srtt_us:42746527: RTT:5343315: ssthresh:2147483647: cwnd:56: delivered:49: lost:0: retrans:1
[  205.980031] AAAAA-TCP_SEND: name:enp0s3: saddr:100932208: daddr:16783984: srtt_us:42746527: RTT:5343315: ssthresh:2147483647: cwnd:56: delivered:49: lost:0: retrans:1
[  206.037501] AAAAA-TCP_RECV: name:enp0s3: saddr:16783984: daddr:100932208: srtt_us:42746527: RTT:5343315: ssthresh:2147483647: cwnd:56: delivered:49: lost:0: retrans:1
[  206.037537] AAAAA-TCP_SEND: name:enp0s3: saddr:100932208: daddr:16783984: srtt_us:42847642: RTT:5355955: ssthresh:2147483647: cwnd:57: delivered:50: lost:0: retrans:1
[  206.037575] AAAAA-TCP_SEND: name:enp0s3: saddr:100932208: daddr:16783984: srtt_us:42847642: RTT:5355955: ssthresh:2147483647: cwnd:57: delivered:50: lost:0: retrans:1
[  206.100578] AAAAA-TCP_RECV: name:enp0s3: saddr:16783984: daddr:100932208: srtt_us:42847642: RTT:5355955: ssthresh:2147483647: cwnd:57: delivered:50: lost:0: retrans:1
[  206.100613] AAAAA-TCP_SEND: name:enp0s3: saddr:100932208: daddr:16783984: srtt_us:42999195: RTT:5374899: ssthresh:2147483647: cwnd:58: delivered:51: lost:0: retrans:1
[  206.100639] AAAAA-TCP_SEND: name:enp0s3: saddr:100932208: daddr:16783984: srtt_us:42999195: RTT:5374899: ssthresh:2147483647: cwnd:58: delivered:51: lost:0: retrans:1
[  206.381409] AAAAA-TCP_RECV: name:enp0s3: saddr:16783984: daddr:100932208: srtt_us:42999195: RTT:5374899: ssthresh:2147483647: cwnd:58: delivered:51: lost:0: retrans:1
[  206.381444] AAAAA-TCP_SEND: name:enp0s3: saddr:100932208: daddr:16783984: srtt_us:42946784: RTT:5368348: ssthresh:2147483647: cwnd:59: delivered:52: lost:0: retrans:1
[  206.381467] AAAAA-TCP_SEND: name:enp0s3: saddr:100932208: daddr:16783984: srtt_us:42946784: RTT:5368348: ssthresh:2147483647: cwnd:59: delivered:52: lost:0: retrans:1
[  206.514538] AAAAA-TCP_RECV: name:enp0s3: saddr:16783984: daddr:100932208: srtt_us:42946784: RTT:5368348: ssthresh:2147483647: cwnd:59: delivered:52: lost:0: retrans:1
[  206.514577] AAAAA-TCP_SEND: name:enp0s3: saddr:100932208: daddr:16783984: srtt_us:43034056: RTT:5379257: ssthresh:2147483647: cwnd:60: delivered:53: lost:0: retrans:1
[  206.514605] AAAAA-TCP_SEND: name:enp0s3: saddr:100932208: daddr:16783984: srtt_us:43034056: RTT:5379257: ssthresh:2147483647: cwnd:60: delivered:53: lost:0: retrans:1
[  206.613118] AAAAA-TCP_RECV: name:enp0s3: saddr:16783984: daddr:100932208: srtt_us:43034056: RTT:5379257: ssthresh:2147483647: cwnd:60: delivered:53: lost:0: retrans:1
[  206.613183] AAAAA-TCP_SEND: name:enp0s3: saddr:100932208: daddr:16783984: srtt_us:43101293: RTT:5387661: ssthresh:2147483647: cwnd:61: delivered:54: lost:0: retrans:1
[  206.613208] AAAAA-TCP_SEND: name:enp0s3: saddr:100932208: daddr:16783984: srtt_us:43101293: RTT:5387661: ssthresh:2147483647: cwnd:61: delivered:54: lost:0: retrans:1
[  206.695124] AAAAA-TCP_RECV: name:enp0s3: saddr:16783984: daddr:100932208: srtt_us:43101293: RTT:5387661: ssthresh:2147483647: cwnd:61: delivered:54: lost:0: retrans:1
[  206.695179] AAAAA-TCP_SEND: name:enp0s3: saddr:100932208: daddr:16783984: srtt_us:43242142: RTT:5405267: ssthresh:2147483647: cwnd:62: delivered:55: lost:0: retrans:1
[  206.695212] AAAAA-TCP_SEND: name:enp0s3: saddr:100932208: daddr:16783984: srtt_us:43242142: RTT:5405267: ssthresh:2147483647: cwnd:62: delivered:55: lost:0: retrans:1
[  207.105254] AAAAA-TCP_RECV: name:enp0s3: saddr:33561200: daddr:100932208: srtt_us:41781386: RTT:5222673: ssthresh:2147483647: cwnd:32: delivered:32: lost:20: retrans:6
[  207.105310] AAAAA-TCP_SEND: name:enp0s3: saddr:100932208: daddr:33561200: srtt_us:45419396: RTT:5677424: ssthresh:2147483647: cwnd:34: delivered:34: lost:20: retrans:6
[  207.105339] AAAAA-TCP_SEND: name:enp0s3: saddr:100932208: daddr:33561200: srtt_us:45419396: RTT:5677424: ssthresh:2147483647: cwnd:34: delivered:34: lost:20: retrans:6
[  207.163971] AAAAA-TCP_RECV: name:enp0s3: saddr:33561200: daddr:100932208: srtt_us:45419396: RTT:5677424: ssthresh:2147483647: cwnd:34: delivered:34: lost:20: retrans:6
[  207.164000] AAAAA-TCP_SEND: name:enp0s3: saddr:100932208: daddr:33561200: srtt_us:45419396: RTT:5677424: ssthresh:2147483647: cwnd:34: delivered:34: lost:20: retrans:6
[  207.198123] AAAAA-TCP_RECV: name:enp0s3: saddr:33561200: daddr:100932208: srtt_us:45419396: RTT:5677424: ssthresh:2147483647: cwnd:34: delivered:35: lost:20: retrans:6
[  207.243053] AAAAA-TCP_RECV: name:enp0s3: saddr:16783984: daddr:100932208: srtt_us:43242142: RTT:5405267: ssthresh:2147483647: cwnd:62: delivered:55: lost:0: retrans:1
[  207.243095] AAAAA-TCP_SEND: name:enp0s3: saddr:100932208: daddr:16783984: srtt_us:43686410: RTT:5460801: ssthresh:2147483647: cwnd:65: delivered:58: lost:0: retrans:1
[  207.243152] AAAAA-TCP_SEND: name:enp0s3: saddr:100932208: daddr:16783984: srtt_us:43686410: RTT:5460801: ssthresh:2147483647: cwnd:65: delivered:58: lost:0: retrans:1
[  207.243836] AAAAA-TCP_SEND: name:enp0s3: saddr:100932208: daddr:16783984: srtt_us:43686410: RTT:5460801: ssthresh:2147483647: cwnd:65: delivered:58: lost:0: retrans:1
[  207.243871] AAAAA-TCP_SEND: name:enp0s3: saddr:100932208: daddr:16783984: srtt_us:43686410: RTT:5460801: ssthresh:2147483647: cwnd:65: delivered:58: lost:0: retrans:1
[  207.243967] AAAAA-TCP_SEND: name:enp0s3: saddr:100932208: daddr:16783984: srtt_us:43686410: RTT:5460801: ssthresh:2147483647: cwnd:65: delivered:58: lost:0: retrans:1
[  207.243984] AAAAA-TCP_SEND: name:enp0s3: saddr:100932208: daddr:16783984: srtt_us:43686410: RTT:5460801: ssthresh:2147483647: cwnd:65: delivered:58: lost:0: retrans:1
[  207.336578] AAAAA-TCP_RECV: name:enp0s3: saddr:16783984: daddr:100932208: srtt_us:43686410: RTT:5460801: ssthresh:2147483647: cwnd:65: delivered:58: lost:0: retrans:1
[  207.336612] AAAAA-TCP_SEND: name:enp0s3: saddr:100932208: daddr:16783984: srtt_us:43664390: RTT:5458048: ssthresh:2147483647: cwnd:66: delivered:59: lost:0: retrans:1
[  207.336637] AAAAA-TCP_SEND: name:enp0s3: saddr:100932208: daddr:16783984: srtt_us:43664390: RTT:5458048: ssthresh:2147483647: cwnd:66: delivered:59: lost:0: retrans:1
[  207.394125] AAAAA-TCP_RECV: name:enp0s3: saddr:16783984: daddr:100932208: srtt_us:43664390: RTT:5458048: ssthresh:2147483647: cwnd:66: delivered:59: lost:0: retrans:1
[  207.394159] AAAAA-TCP_SEND: name:enp0s3: saddr:100932208: daddr:16783984: srtt_us:43547260: RTT:5443407: ssthresh:2147483647: cwnd:67: delivered:60: lost:0: retrans:1
[  207.394183] AAAAA-TCP_SEND: name:enp0s3: saddr:100932208: daddr:16783984: srtt_us:43547260: RTT:5443407: ssthresh:2147483647: cwnd:67: delivered:60: lost:0: retrans:1
[  207.540267] AAAAA-TCP_RECV: name:enp0s3: saddr:16783984: daddr:100932208: srtt_us:43547260: RTT:5443407: ssthresh:2147483647: cwnd:67: delivered:60: lost:0: retrans:1
[  207.645605] AAAAA-TCP_RECV: name:enp0s3: saddr:16783984: daddr:100932208: srtt_us:43590049: RTT:5448756: ssthresh:2147483647: cwnd:67: delivered:62: lost:0: retrans:1
[  207.645628] AAAAA-TCP_SEND: name:enp0s3: saddr:100932208: daddr:16783984: srtt_us:43590049: RTT:5448756: ssthresh:2147483647: cwnd:67: delivered:62: lost:0: retrans:1
[  207.645654] AAAAA-TCP_SEND: name:enp0s3: saddr:100932208: daddr:16783984: srtt_us:43590049: RTT:5448756: ssthresh:2147483647: cwnd:67: delivered:62: lost:0: retrans:1
[  207.645797] AAAAA-TCP_SEND: name:enp0s3: saddr:100932208: daddr:16783984: srtt_us:43732707: RTT:5466588: ssthresh:33: cwnd:65: delivered:63: lost:2: retrans:2
[  207.740448] AAAAA-TCP_RECV: name:enp0s3: saddr:16783984: daddr:100932208: srtt_us:43732707: RTT:5466588: ssthresh:33: cwnd:65: delivered:63: lost:2: retrans:2
[  207.888163] AAAAA-TCP_RECV: name:enp0s3: saddr:16783984: daddr:100932208: srtt_us:43952263: RTT:5494032: ssthresh:33: cwnd:64: delivered:64: lost:2: retrans:2
[  207.888195] AAAAA-TCP_SEND: name:enp0s3: saddr:100932208: daddr:16783984: srtt_us:44292103: RTT:5536512: ssthresh:33: cwnd:63: delivered:66: lost:2: retrans:3
[  207.998228] AAAAA-TCP_RECV: name:enp0s3: saddr:16783984: daddr:100932208: srtt_us:44292103: RTT:5536512: ssthresh:33: cwnd:63: delivered:66: lost:2: retrans:3
[  207.998261] AAAAA-TCP_SEND: name:enp0s3: saddr:100932208: daddr:16783984: srtt_us:44699331: RTT:5587416: ssthresh:33: cwnd:62: delivered:67: lost:3: retrans:4
[  208.155508] AAAAA-TCP_RECV: name:enp0s3: saddr:16783984: daddr:100932208: srtt_us:44699331: RTT:5587416: ssthresh:33: cwnd:62: delivered:67: lost:3: retrans:4
[  208.248941] AAAAA-TCP_RECV: name:enp0s3: saddr:16783984: daddr:100932208: srtt_us:45212935: RTT:5651616: ssthresh:33: cwnd:61: delivered:68: lost:3: retrans:4
[  208.287865] AAAAA-TCP_RECV: name:enp0s3: saddr:16783984: daddr:100932208: srtt_us:45755651: RTT:5719456: ssthresh:33: cwnd:61: delivered:69: lost:3: retrans:4
[  208.287905] AAAAA-TCP_SEND: name:enp0s3: saddr:100932208: daddr:16783984: srtt_us:45755651: RTT:5719456: ssthresh:33: cwnd:61: delivered:69: lost:3: retrans:4
[  208.369272] AAAAA-TCP_RECV: name:enp0s3: saddr:33561200: daddr:100932208: srtt_us:45419396: RTT:5677424: ssthresh:2147483647: cwnd:34: delivered:36: lost:20: retrans:6
[  208.369313] AAAAA-TCP_SEND: name:enp0s3: saddr:100932208: daddr:33561200: srtt_us:45753659: RTT:5719207: ssthresh:2147483647: cwnd:35: delivered:37: lost:20: retrans:6
[  208.369339] AAAAA-TCP_SEND: name:enp0s3: saddr:100932208: daddr:33561200: srtt_us:45753659: RTT:5719207: ssthresh:2147483647: cwnd:35: delivered:37: lost:20: retrans:6
[  208.424871] AAAAA-TCP_RECV: name:enp0s3: saddr:33561200: daddr:100932208: srtt_us:45753659: RTT:5719207: ssthresh:2147483647: cwnd:35: delivered:37: lost:20: retrans:6
[  208.487634] AAAAA-TCP_RECV: name:enp0s3: saddr:33561200: daddr:100932208: srtt_us:45753659: RTT:5719207: ssthresh:2147483647: cwnd:35: delivered:38: lost:20: retrans:6
[  208.487668] AAAAA-TCP_SEND: name:enp0s3: saddr:100932208: daddr:33561200: srtt_us:45851970: RTT:5731496: ssthresh:2147483647: cwnd:36: delivered:39: lost:20: retrans:6
