[    0.000000] Linux version 5.4.243-mptcp (root@ztg) (gcc version 12.2.0 (Debian 12.2.0-14+deb12u1)) #53 SMP Wed Dec 24 23:28:15 CST 2025
[    0.000000] Command line: BOOT_IMAGE=/boot/vmlinuz-5.4.243-mptcp root=UUID=98415a12-53b7-4144-8265-0f7ece09e445 ro quiet splash
[    0.000000] KERNEL supported cpus:
[    0.000000]   Intel GenuineIntel
[    0.000000]   AMD AuthenticAMD
[    0.000000]   Hygon HygonGenuine
[    0.000000]   Centaur CentaurHauls
[    0.000000]   zhaoxin   Shanghai  
[    0.000000] x86/fpu: Supporting XSAVE feature 0x001: 'x87 floating point registers'
[    0.000000] x86/fpu: Supporting XSAVE feature 0x002: 'SSE registers'
[    0.000000] x86/fpu: Supporting XSAVE feature 0x004: 'AVX registers'
[    0.000000] x86/fpu: xstate_offset[2]:  576, xstate_sizes[2]:  256
[    0.000000] x86/fpu: Enabled xstate features 0x7, context size is 832 bytes, using 'standard' format.
[    0.000000] BIOS-provided physical RAM map:
[    0.000000] BIOS-e820: [mem 0x0000000000000000-0x000000000009fbff] usable
[    0.000000] BIOS-e820: [mem 0x000000000009fc00-0x000000000009ffff] reserved
[    0.000000] BIOS-e820: [mem 0x00000000000f0000-0x00000000000fffff] reserved
[    0.000000] BIOS-e820: [mem 0x0000000000100000-0x000000007ffeffff] usable
[    0.000000] BIOS-e820: [mem 0x000000007fff0000-0x000000007fffffff] ACPI data
[    0.000000] BIOS-e820: [mem 0x00000000fec00000-0x00000000fec00fff] reserved
[    0.000000] BIOS-e820: [mem 0x00000000fee00000-0x00000000fee00fff] reserved
[    0.000000] BIOS-e820: [mem 0x00000000fffc0000-0x00000000ffffffff] reserved
[    0.000000] NX (Execute Disable) protection: active
[    0.000000] SMBIOS 2.5 present.
[    0.000000] DMI: innotek GmbH VirtualBox/VirtualBox, BIOS VirtualBox 12/01/2006
[    0.000000] Hypervisor detected: KVM
[    0.000000] kvm-clock: Using msrs 4b564d01 and 4b564d00
[    0.000000] kvm-clock: cpu 0, msr 70801001, primary cpu clock
[    0.000000] kvm-clock: using sched offset of 4464652859 cycles
[    0.000003] clocksource: kvm-clock: mask: 0xffffffffffffffff max_cycles: 0x1cd42e4dffb, max_idle_ns: 881590591483 ns
[    0.000006] tsc: Detected 2100.000 MHz processor
[    0.002015] e820: update [mem 0x00000000-0x00000fff] usable ==> reserved
[    0.002017] e820: remove [mem 0x000a0000-0x000fffff] usable
[    0.002021] last_pfn = 0x7fff0 max_arch_pfn = 0x400000000
[    0.002091] MTRR default type: uncachable
[    0.002092] MTRR fixed ranges enabled:
[    0.002093]   00000-9FFFF write-back
[    0.002094]   A0000-BFFFF uncachable
[    0.002095]   C0000-FFFFF write-protect
[    0.002096] MTRR variable ranges enabled:
[    0.002097]   0 base 000000000000 mask 3FFF80000000 write-back
[    0.002098]   1 disabled
[    0.002098]   2 disabled
[    0.002098]   3 disabled
[    0.002099]   4 disabled
[    0.002099]   5 disabled
[    0.002100]   6 disabled
[    0.002100]   7 disabled
[    0.002101]   8 disabled
[    0.002101]   9 disabled
[    0.002101]   10 disabled
[    0.002102]   11 disabled
[    0.002102]   12 disabled
[    0.002103]   13 disabled
[    0.002103]   14 disabled
[    0.002104]   15 disabled
[    0.002120] x86/PAT: Configuration [0-7]: WB  WC  UC- UC  WB  WP  UC- WT  
[    0.002260] found SMP MP-table at [mem 0x0009fff0-0x0009ffff]
[    0.094793] check: Scanning 1 areas for low memory corruption
[    0.094922] RAMDISK: [mem 0x32271000-0x3512ffff]
[    0.094930] ACPI: Early table checksum verification disabled
[    0.094935] ACPI: RSDP 0x00000000000E0000 000024 (v02 VBOX  )
[    0.094940] ACPI: XSDT 0x000000007FFF0030 00003C (v01 VBOX   VBOXXSDT 00000001 ASL  00000061)
[    0.094946] ACPI: FACP 0x000000007FFF00F0 0000F4 (v04 VBOX   VBOXFACP 00000001 ASL  00000061)
[    0.094953] ACPI: DSDT 0x000000007FFF02E0 002353 (v02 VBOX   VBOXBIOS 00000002 VBOX 00029BF3)
[    0.094957] ACPI: FACS 0x000000007FFF0200 000040
[    0.094961] ACPI: FACS 0x000000007FFF0200 000040
[    0.094964] ACPI: APIC 0x000000007FFF0240 000054 (v02 VBOX   VBOXAPIC 00000001 ASL  00000061)
[    0.094968] ACPI: SSDT 0x000000007FFF02A0 000038 (v01 VBOX   VBOXCPUT 00000002 VBOX 00029BF3)
[    0.094971] ACPI: Reserving FACP table memory at [mem 0x7fff00f0-0x7fff01e3]
[    0.094972] ACPI: Reserving DSDT table memory at [mem 0x7fff02e0-0x7fff2632]
[    0.094972] ACPI: Reserving FACS table memory at [mem 0x7fff0200-0x7fff023f]
[    0.094973] ACPI: Reserving FACS table memory at [mem 0x7fff0200-0x7fff023f]
[    0.094974] ACPI: Reserving APIC table memory at [mem 0x7fff0240-0x7fff0293]
[    0.094975] ACPI: Reserving SSDT table memory at [mem 0x7fff02a0-0x7fff02d7]
[    0.094990] ACPI: Local APIC address 0xfee00000
[    0.095181] No NUMA configuration found
[    0.095183] Faking a node at [mem 0x0000000000000000-0x000000007ffeffff]
[    0.095193] NODE_DATA(0) allocated [mem 0x7ffc5000-0x7ffeffff]
[    0.095475] Zone ranges:
[    0.095476]   DMA      [mem 0x0000000000001000-0x0000000000ffffff]
[    0.095477]   DMA32    [mem 0x0000000001000000-0x000000007ffeffff]
[    0.095478]   Normal   empty
[    0.095479]   Device   empty
[    0.095480] Movable zone start for each node
[    0.095482] Early memory node ranges
[    0.095483]   node   0: [mem 0x0000000000001000-0x000000000009efff]
[    0.095483]   node   0: [mem 0x0000000000100000-0x000000007ffeffff]
[    0.095487] Zeroed struct page in unavailable ranges: 114 pages
[    0.095488] Initmem setup node 0 [mem 0x0000000000001000-0x000000007ffeffff]
[    0.095489] On node 0 totalpages: 524174
[    0.095490]   DMA zone: 64 pages used for memmap
[    0.095491]   DMA zone: 21 pages reserved
[    0.095492]   DMA zone: 3998 pages, LIFO batch:0
[    0.095564]   DMA32 zone: 8128 pages used for memmap
[    0.095565]   DMA32 zone: 520176 pages, LIFO batch:63
[    0.104729] ACPI: PM-Timer IO Port: 0x4008
[    0.104733] ACPI: Local APIC address 0xfee00000
[    0.104821] IOAPIC[0]: apic_id 1, version 32, address 0xfec00000, GSI 0-23
[    0.104825] ACPI: INT_SRC_OVR (bus 0 bus_irq 0 global_irq 2 dfl dfl)
[    0.104827] ACPI: INT_SRC_OVR (bus 0 bus_irq 9 global_irq 9 low level)
[    0.104829] ACPI: IRQ0 used by override.
[    0.104830] ACPI: IRQ9 used by override.
[    0.104833] Using ACPI (MADT) for SMP configuration information
[    0.104840] smpboot: Allowing 1 CPUs, 0 hotplug CPUs
[    0.104865] PM: Registered nosave memory: [mem 0x00000000-0x00000fff]
[    0.104866] PM: Registered nosave memory: [mem 0x0009f000-0x0009ffff]
[    0.104866] PM: Registered nosave memory: [mem 0x000a0000-0x000effff]
[    0.104867] PM: Registered nosave memory: [mem 0x000f0000-0x000fffff]
[    0.104869] [mem 0x80000000-0xfebfffff] available for PCI devices
[    0.104869] Booting paravirtualized kernel on KVM
[    0.104873] clocksource: refined-jiffies: mask: 0xffffffff max_cycles: 0xffffffff, max_idle_ns: 7645519600211568 ns
[    0.104878] setup_percpu: NR_CPUS:8192 nr_cpumask_bits:1 nr_cpu_ids:1 nr_node_ids:1
[    0.105914] percpu: Embedded 60 pages/cpu s208896 r8192 d28672 u2097152
[    0.105919] pcpu-alloc: s208896 r8192 d28672 u2097152 alloc=1*2097152
[    0.105920] pcpu-alloc: [0] 0 
[    0.105949] Built 1 zonelists, mobility grouping on.  Total pages: 515961
[    0.105950] Policy zone: DMA32
[    0.105951] Kernel command line: BOOT_IMAGE=/boot/vmlinuz-5.4.243-mptcp root=UUID=98415a12-53b7-4144-8265-0f7ece09e445 ro quiet splash
[    0.106841] Dentry cache hash table entries: 262144 (order: 9, 2097152 bytes, linear)
[    0.107104] Inode-cache hash table entries: 131072 (order: 8, 1048576 bytes, linear)
[    0.107157] mem auto-init: stack:off, heap alloc:on, heap free:off
[    0.107160] Calgary: detecting Calgary via BIOS EBDA area
[    0.107162] Calgary: Unable to locate Rio Grande table in EBDA - bailing!
[    0.111361] Memory: 1967332K/2096696K available (14339K kernel code, 2398K rwdata, 4712K rodata, 2728K init, 17260K bss, 129364K reserved, 0K cma-reserved)
[    0.112268] SLUB: HWalign=64, Order=0-3, MinObjects=0, CPUs=1, Nodes=1
[    0.112284] ftrace: allocating 43186 entries in 169 pages
[    0.130460] rcu: Hierarchical RCU implementation.
[    0.130462] rcu: 	RCU restricting CPUs from NR_CPUS=8192 to nr_cpu_ids=1.
[    0.130463] 	Tasks RCU enabled.
[    0.130464] rcu: RCU calculated value of scheduler-enlistment delay is 25 jiffies.
[    0.130465] rcu: Adjusting geometry for rcu_fanout_leaf=16, nr_cpu_ids=1
[    0.133430] NR_IRQS: 524544, nr_irqs: 256, preallocated irqs: 16
[    0.133648] random: crng init done
[    0.142979] Console: colour VGA+ 80x25
[    0.142983] printk: console [tty0] enabled
[    0.143003] ACPI: Core revision 20190816
[    0.143101] APIC: Switch to symmetric I/O mode setup
[    0.143353] x2apic enabled
[    0.143591] Switched APIC routing to physical x2apic.
[    0.144726] ..TIMER: vector=0x30 apic1=0 pin1=2 apic2=-1 pin2=-1
[    0.144754] clocksource: tsc-early: mask: 0xffffffffffffffff max_cycles: 0x1e4530a99b6, max_idle_ns: 440795257976 ns
[    0.144759] Calibrating delay loop (skipped) preset value.. 4200.00 BogoMIPS (lpj=8400000)
[    0.144761] pid_max: default: 32768 minimum: 301
[    0.144789] LSM: Security Framework initializing
[    0.144799] Yama: becoming mindful.
[    0.144825] AppArmor: AppArmor initialized
[    0.144859] Mount-cache hash table entries: 4096 (order: 3, 32768 bytes, linear)
[    0.144863] Mountpoint-cache hash table entries: 4096 (order: 3, 32768 bytes, linear)
[    0.144872] *** VALIDATE tmpfs ***
[    0.145001] *** VALIDATE proc ***
[    0.145040] *** VALIDATE cgroup1 ***
[    0.145041] *** VALIDATE cgroup2 ***
[    0.145183] process: using mwait in idle threads
[    0.145188] Last level iTLB entries: 4KB 64, 2MB 8, 4MB 8
[    0.145188] Last level dTLB entries: 4KB 64, 2MB 0, 4MB 0, 1GB 4
[    0.145208] Spectre V1 : Mitigation: usercopy/swapgs barriers and __user pointer sanitization
[    0.145214] Spectre V2 : Mitigation: Retpolines
[    0.145214] Spectre V2 : Spectre v2 / SpectreRSB mitigation: Filling RSB on context switch
[    0.145215] Spectre V2 : Spectre v2 / SpectreRSB : Filling RSB on VMEXIT
[    0.145215] RETBleed: WARNING: Spectre v2 mitigation leaves CPU vulnerable to RETBleed attacks, data leaks possible!
[    0.145573] RETBleed: Vulnerable
[    0.145573] Speculative Store Bypass: Vulnerable
[    0.145578] TAA: Mitigation: TSX disabled
[    0.145578] MMIO Stale Data: Mitigation: Clear CPU buffers
[    0.149799] Freeing SMP alternatives memory: 40K
[    0.262561] smpboot: CPU0: Intel(R) Xeon(R) Silver 4216 CPU @ 2.10GHz (family: 0x6, model: 0x55, stepping: 0x7)
[    0.262724] Performance Events: unsupported p6 CPU model 85 no PMU driver, software events only.
[    0.262771] rcu: Hierarchical SRCU implementation.
[    0.263382] NMI watchdog: Perf NMI watchdog permanently disabled
[    0.263432] smp: Bringing up secondary CPUs ...
[    0.263434] smp: Brought up 1 node, 1 CPU
[    0.263435] smpboot: Max logical packages: 1
[    0.263437] smpboot: Total of 1 processors activated (4200.00 BogoMIPS)
[    0.264586] devtmpfs: initialized
[    0.264644] x86/mm: Memory block size: 128MB
[    0.264756] clocksource: jiffies: mask: 0xffffffff max_cycles: 0xffffffff, max_idle_ns: 7645041785100000 ns
[    0.264756] futex hash table entries: 256 (order: 2, 16384 bytes, linear)
[    0.264756] pinctrl core: initialized pinctrl subsystem
[    0.264756] PM: RTC time: 21:51:51, date: 2026-01-17
[    0.264756] NET: Registered protocol family 16
[    0.264756] audit: initializing netlink subsys (disabled)
[    0.264756] EISA bus registered
[    0.264756] cpuidle: using governor ladder
[    0.264756] cpuidle: using governor menu
[    0.264756] ACPI: bus type PCI registered
[    0.264756] acpiphp: ACPI Hot Plug PCI Controller Driver version: 0.5
[    0.264756] PCI: Using configuration type 1 for base access
[    0.265587] audit: type=2000 audit(1768657917.540:1): state=initialized audit_enabled=0 res=1
[    0.265664] HugeTLB registered 2.00 MiB page size, pre-allocated 0 pages
[    0.266472] ACPI: Added _OSI(Module Device)
[    0.266473] ACPI: Added _OSI(Processor Device)
[    0.266474] ACPI: Added _OSI(3.0 _SCP Extensions)
[    0.266474] ACPI: Added _OSI(Processor Aggregator Device)
[    0.266475] ACPI: Added _OSI(Linux-Dell-Video)
[    0.266476] ACPI: Added _OSI(Linux-Lenovo-NV-HDMI-Audio)
[    0.266477] ACPI: Added _OSI(Linux-HPI-Hybrid-Graphics)
[    0.268435] ACPI: 2 ACPI AML tables successfully acquired and loaded
[    0.269940] ACPI: Interpreter enabled
[    0.269950] ACPI: (supports S0 S5)
[    0.269951] ACPI: Using IOAPIC for interrupt routing
[    0.270155] PCI: Using host bridge windows from ACPI; if necessary, use "pci=nocrs" and report a bug
[    0.270262] ACPI: Enabled 2 GPEs in block 00 to 07
[    0.273819] ACPI: PCI Root Bridge [PCI0] (domain 0000 [bus 00-ff])
[    0.273824] acpi PNP0A03:00: _OSC: OS supports [ASPM ClockPM Segments MSI HPX-Type3]
[    0.277044] acpi PNP0A03:00: _OSC: not requesting OS control; OS requires [ExtendedConfig ASPM ClockPM MSI]
[    0.277053] acpi PNP0A03:00: fail to add MMCONFIG information, can't access extended PCI configuration space under this bridge.
[    0.277432] PCI host bridge to bus 0000:00
[    0.277435] pci_bus 0000:00: root bus resource [io  0x0000-0x0cf7 window]
[    0.277436] pci_bus 0000:00: root bus resource [io  0x0d00-0xffff window]
[    0.277437] pci_bus 0000:00: root bus resource [mem 0x000a0000-0x000bffff window]
[    0.277438] pci_bus 0000:00: root bus resource [mem 0x80000000-0xfdffffff window]
[    0.277439] pci_bus 0000:00: root bus resource [bus 00-ff]
[    0.277484] pci 0000:00:00.0: [8086:1237] type 00 class 0x060000
[    0.278422] pci 0000:00:01.0: [8086:7000] type 00 class 0x060100
[    0.279190] pci 0000:00:01.1: [8086:7111] type 00 class 0x01018a
[    0.279573] pci 0000:00:01.1: reg 0x20: [io  0xd000-0xd00f]
[    0.279725] pci 0000:00:01.1: legacy IDE quirk: reg 0x10: [io  0x01f0-0x01f7]
[    0.279726] pci 0000:00:01.1: legacy IDE quirk: reg 0x14: [io  0x03f6]
[    0.279727] pci 0000:00:01.1: legacy IDE quirk: reg 0x18: [io  0x0170-0x0177]
[    0.279728] pci 0000:00:01.1: legacy IDE quirk: reg 0x1c: [io  0x0376]
[    0.280266] pci 0000:00:02.0: [15ad:0405] type 00 class 0x030000
[    0.282997] pci 0000:00:02.0: reg 0x10: [io  0xd010-0xd01f]
[    0.286985] pci 0000:00:02.0: reg 0x14: [mem 0xe0000000-0xe7ffffff pref]
[    0.288812] pci 0000:00:02.0: reg 0x18: [mem 0xf0000000-0xf01fffff]
[    0.301573] pci 0000:00:03.0: [1022:2000] type 00 class 0x020000
[    0.302328] pci 0000:00:03.0: reg 0x10: [io  0xd020-0xd03f]
[    0.303171] pci 0000:00:03.0: reg 0x14: [mem 0xf0200000-0xf0200fff]
[    0.305623] pci 0000:00:04.0: [80ee:cafe] type 00 class 0x088000
[    0.309402] pci 0000:00:04.0: reg 0x10: [io  0xd040-0xd05f]
[    0.310050] pci 0000:00:04.0: reg 0x14: [mem 0xf0400000-0xf07fffff]
[    0.310690] pci 0000:00:04.0: reg 0x18: [mem 0xf0800000-0xf0803fff pref]
[    0.314125] pci 0000:00:07.0: [8086:7113] type 00 class 0x068000
[    0.314665] pci 0000:00:07.0: quirk: [io  0x4000-0x403f] claimed by PIIX4 ACPI
[    0.314675] pci 0000:00:07.0: quirk: [io  0x4100-0x410f] claimed by PIIX4 SMB
[    0.315286] pci 0000:00:08.0: [8086:100e] type 00 class 0x020000
[    0.316045] pci 0000:00:08.0: reg 0x10: [mem 0xf0820000-0xf083ffff]
[    0.316870] pci 0000:00:08.0: reg 0x18: [io  0xd060-0xd067]
[    0.320068] pci 0000:00:09.0: [8086:100e] type 00 class 0x020000
[    0.320840] pci 0000:00:09.0: reg 0x10: [mem 0xf0840000-0xf085ffff]
[    0.321982] pci 0000:00:09.0: reg 0x18: [io  0xd068-0xd06f]
[    0.334023] ACPI: PCI Interrupt Link [LNKA] (IRQs 5 9 10 *11)
[    0.334433] ACPI: PCI Interrupt Link [LNKB] (IRQs 5 9 *10 11)
[    0.334578] ACPI: PCI Interrupt Link [LNKC] (IRQs 5 *9 10 11)
[    0.334719] ACPI: PCI Interrupt Link [LNKD] (IRQs 5 9 10 *11)
[    0.335057] iommu: Default domain type: Translated 
[    0.335131] pci 0000:00:02.0: vgaarb: setting as boot VGA device
[    0.335133] pci 0000:00:02.0: vgaarb: VGA device added: decodes=io+mem,owns=io+mem,locks=none
[    0.335135] pci 0000:00:02.0: vgaarb: bridge control possible
[    0.335136] vgaarb: loaded
[    0.335416] SCSI subsystem initialized
[    0.335456] libata version 3.00 loaded.
[    0.335489] ACPI: bus type USB registered
[    0.335508] usbcore: registered new interface driver usbfs
[    0.335515] usbcore: registered new interface driver hub
[    0.335523] usbcore: registered new device driver usb
[    0.335560] pps_core: LinuxPPS API ver. 1 registered
[    0.335561] pps_core: Software ver. 5.3.6 - Copyright 2005-2007 Rodolfo Giometti <giometti@linux.it>
[    0.335564] PTP clock support registered
[    0.335613] EDAC MC: Ver: 3.0.0
[    0.335985] PCI: Using ACPI for IRQ routing
[    0.335987] PCI: pci_cache_line_size set to 64 bytes
[    0.336208] e820: reserve RAM buffer [mem 0x0009fc00-0x0009ffff]
[    0.336213] e820: reserve RAM buffer [mem 0x7fff0000-0x7fffffff]
[    0.336775] NetLabel: Initializing
[    0.336776] NetLabel:  domain hash size = 128
[    0.336777] NetLabel:  protocols = UNLABELED CIPSOv4 CALIPSO
[    0.336800] NetLabel:  unlabeled traffic allowed by default
[    0.337914] clocksource: Switched to clocksource kvm-clock
[    0.354168] *** VALIDATE bpf ***
[    0.354168] VFS: Disk quotas dquot_6.6.0
[    0.354168] VFS: Dquot-cache hash table entries: 512 (order 0, 4096 bytes)
[    0.354168] *** VALIDATE ramfs ***
[    0.354168] *** VALIDATE hugetlbfs ***
[    0.354168] AppArmor: AppArmor Filesystem Enabled
[    0.354168] pnp: PnP ACPI init
[    0.354168] pnp 00:00: Plug and Play ACPI device, IDs PNP0303 (active)
[    0.355389] pnp 00:01: Plug and Play ACPI device, IDs PNP0f03 (active)
[    0.356449] pnp: PnP ACPI: found 2 devices
[    0.357771] thermal_sys: Registered thermal governor 'fair_share'
[    0.357772] thermal_sys: Registered thermal governor 'bang_bang'
[    0.357773] thermal_sys: Registered thermal governor 'step_wise'
[    0.357774] thermal_sys: Registered thermal governor 'user_space'
[    0.357775] thermal_sys: Registered thermal governor 'power_allocator'
[    0.362302] clocksource: acpi_pm: mask: 0xffffff max_cycles: 0xffffff, max_idle_ns: 2085701024 ns
[    0.362346] pci_bus 0000:00: resource 4 [io  0x0000-0x0cf7 window]
[    0.362348] pci_bus 0000:00: resource 5 [io  0x0d00-0xffff window]
[    0.362350] pci_bus 0000:00: resource 6 [mem 0x000a0000-0x000bffff window]
[    0.362351] pci_bus 0000:00: resource 7 [mem 0x80000000-0xfdffffff window]
[    0.362414] NET: Registered protocol family 2
[    0.362494] IP idents hash table entries: 32768 (order: 6, 262144 bytes, linear)
[    0.362973] MPTCP tokens hash table entries: 8192 (order: 4, 65536 bytes, linear)
[    0.362996] MPTCP request tokens hash table entries: 8192 (order: 4, 65536 bytes, linear)
[    0.363027] default registered
[    0.363028] default registered
[    0.363028] MPTCP: Stable release v0.96
[    0.363034] tcp_listen_portaddr_hash hash table entries: 1024 (order: 2, 16384 bytes, linear)
[    0.363116] TCP established hash table entries: 16384 (order: 5, 131072 bytes, linear)
[    0.363165] TCP bind hash table entries: 16384 (order: 6, 262144 bytes, linear)
[    0.363165] TCP: Hash tables configured (established 16384 bind 16384)
[    0.364033] UDP hash table entries: 1024 (order: 3, 32768 bytes, linear)
[    0.364045] UDP-Lite hash table entries: 1024 (order: 3, 32768 bytes, linear)
[    0.364087] NET: Registered protocol family 1
[    0.364097] NET: Registered protocol family 44
[    0.364123] pci 0000:00:00.0: Limiting direct PCI/PCI transfers
[    0.364142] pci 0000:00:01.0: Activating ISA DMA hang workarounds
[    0.364210] pci 0000:00:02.0: Video device with shadowed ROM at [mem 0x000c0000-0x000dffff]
[    0.364293] PCI: CLS 0 bytes, default 64
[    0.364348] Trying to unpack rootfs image as initramfs...
[    0.552146] Freeing initrd memory: 47868K
[    0.552146] clocksource: tsc: mask: 0xffffffffffffffff max_cycles: 0x1e4530a99b6, max_idle_ns: 440795257976 ns
[    0.552146] clocksource: Switched to clocksource tsc
[    0.552146] platform rtc_cmos: registered platform RTC device (no PNP device found)
[    0.552146] check: Scanning for low memory corruption every 60 seconds
[    0.552146] Initialise system trusted keyrings
[    0.552146] Key type blacklist registered
[    0.552146] workingset: timestamp_bits=36 max_order=19 bucket_order=0
[    0.552146] zbud: loaded
[    0.552146] squashfs: version 4.0 (2009/01/31) Phillip Lougher
[    0.552146] fuse: init (API version 7.31)
[    0.552146] *** VALIDATE fuse ***
[    0.552146] *** VALIDATE fuse ***
[    0.552146] Platform Keyring initialized
[    0.568193] Key type asymmetric registered
[    0.568195] Asymmetric key parser 'x509' registered
[    0.568205] Block layer SCSI generic (bsg) driver version 0.4 loaded (major 244)
[    0.568256] io scheduler mq-deadline registered
[    0.568404] shpchp: Standard Hot Plug PCI Controller Driver version: 0.4
[    0.568695] ACPI: AC Adapter [AC] (on-line)
[    0.568749] input: Power Button as /devices/LNXSYSTM:00/LNXPWRBN:00/input/input0
[    0.568788] ACPI: Power Button [PWRF]
[    0.568879] input: Sleep Button as /devices/LNXSYSTM:00/LNXSLPBN:00/input/input1
[    0.568898] ACPI: Sleep Button [SLPF]
[    0.569170] Serial: 8250/16550 driver, 32 ports, IRQ sharing enabled
[    0.570809] Linux agpgart interface v0.103
[    0.667144] loop: module loaded
[    0.667283] ata_piix 0000:00:01.1: version 2.13
[    0.667681] scsi host0: ata_piix
[    0.667769] scsi host1: ata_piix
[    0.667795] ata1: PATA max UDMA/33 cmd 0x1f0 ctl 0x3f6 bmdma 0xd000 irq 14
[    0.667796] ata2: PATA max UDMA/33 cmd 0x170 ctl 0x376 bmdma 0xd008 irq 15
[    0.667873] tun: Universal TUN/TAP device driver, 1.6
[    0.668179] PPP generic driver version 2.4.2
[    0.668220] VFIO - User Level meta-driver version: 0.3
[    0.668453] ehci_hcd: USB 2.0 'Enhanced' Host Controller (EHCI) Driver
[    0.668457] ehci-pci: EHCI PCI platform driver
[    0.668470] ehci-platform: EHCI generic platform driver
[    0.668476] ohci_hcd: USB 1.1 'Open' Host Controller (OHCI) Driver
[    0.668477] ohci-pci: OHCI PCI platform driver
[    0.668485] ohci-platform: OHCI generic platform driver
[    0.668489] uhci_hcd: USB Universal Host Controller Interface driver
[    0.668551] i8042: PNP: PS/2 Controller [PNP0303:PS2K,PNP0f03:PS2M] at 0x60,0x64 irq 1,12
[    0.668985] serio: i8042 KBD port at 0x60,0x64 irq 1
[    0.668989] serio: i8042 AUX port at 0x60,0x64 irq 12
[    0.669074] mousedev: PS/2 mouse device common for all mice
[    0.669333] input: AT Translated Set 2 keyboard as /devices/platform/i8042/serio0/input/input2
[    0.669727] rtc_cmos rtc_cmos: registered as rtc0
[    0.669740] rtc_cmos rtc_cmos: alarms up to one day, 114 bytes nvram
[    0.669745] i2c /dev entries driver
[    0.669785] device-mapper: uevent: version 1.0.3
[    0.669837] device-mapper: ioctl: 4.41.0-ioctl (2019-09-16) initialised: dm-devel@redhat.com
[    0.669852] platform eisa.0: Probing EISA bus 0
[    0.669853] platform eisa.0: EISA: Cannot allocate resource for mainboard
[    0.669855] platform eisa.0: Cannot allocate resource for EISA slot 1
[    0.669856] platform eisa.0: Cannot allocate resource for EISA slot 2
[    0.669857] platform eisa.0: Cannot allocate resource for EISA slot 3
[    0.669858] platform eisa.0: Cannot allocate resource for EISA slot 4
[    0.669859] platform eisa.0: Cannot allocate resource for EISA slot 5
[    0.669860] platform eisa.0: Cannot allocate resource for EISA slot 6
[    0.669860] platform eisa.0: Cannot allocate resource for EISA slot 7
[    0.669861] platform eisa.0: Cannot allocate resource for EISA slot 8
[    0.669862] platform eisa.0: EISA: Detected 0 cards
[    0.669865] intel_pstate: CPU model not supported
[    0.669874] ledtrig-cpu: registered to indicate activity on CPUs
[    0.669926] drop_monitor: Initializing network drop monitor service
[    0.670083] NET: Registered protocol family 10
[    0.675113] Segment Routing with IPv6
[    0.675141] fullmesh registered
[    0.675142] ndiffports registered
[    0.675144] binder registered
[    0.675145] roundrobin registered
[    0.675145] redundant registered
[    0.675146] blest registered
[    0.675146] ecf registered
[    0.675148] NET: Registered protocol family 17
[    0.675178] Key type dns_resolver registered
[    0.675276] RAS: Correctable Errors collector initialized.
[    0.675284] IPI shorthand broadcast: enabled
[    0.675284] sched_clock: Marking stable (660166214, 11118032)->(672185428, -901182)
[    0.675349] registered taskstats version 1
[    0.675358] Loading compiled-in X.509 certificates
[    0.675946] Loaded X.509 cert 'Build time autogenerated kernel key: 6909f3744cebb3d0de528d5887b96a727de79b1e'
[    0.675964] zswap: loaded using pool lzo/zbud
[    0.676014] Key type ._fscrypt registered
[    0.676014] Key type .fscrypt registered
[    0.680447] Key type big_key registered
[    0.682626] Key type encrypted registered
[    0.682628] AppArmor: AppArmor sha1 policy hashing enabled
[    0.682635] ima: No TPM chip found, activating TPM-bypass!
[    0.682640] ima: Allocated hash algorithm: sha1
[    0.682645] ima: No architecture policies found
[    0.682654] evm: Initialising EVM extended attributes:
[    0.682654] evm: security.selinux
[    0.682655] evm: security.SMACK64
[    0.682655] evm: security.SMACK64EXEC
[    0.682656] evm: security.SMACK64TRANSMUTE
[    0.682656] evm: security.SMACK64MMAP
[    0.682657] evm: security.apparmor
[    0.682657] evm: security.ima
[    0.682658] evm: security.capability
[    0.682658] evm: HMAC attrs: 0x1
[    0.682947] PM:   Magic number: 10:813:904
[    0.683043] rtc_cmos rtc_cmos: setting system clock to 2026-01-17T21:51:52 UTC (1768686712)
[    0.840028] ata1.00: ATA-6: VBOX HARDDISK, 1.0, max UDMA/133
[    0.840031] ata1.00: 209715200 sectors, multi 128: LBA 
[    0.840668] scsi 0:0:0:0: Direct-Access     ATA      VBOX HARDDISK    1.0  PQ: 0 ANSI: 5
[    0.840940] sd 0:0:0:0: [sda] 209715200 512-byte logical blocks: (107 GB/100 GiB)
[    0.840952] sd 0:0:0:0: [sda] Write Protect is off
[    0.840955] sd 0:0:0:0: [sda] Mode Sense: 00 3a 00 00
[    0.840975] sd 0:0:0:0: [sda] Write cache: enabled, read cache: enabled, doesn't support DPO or FUA
[    0.841276] sd 0:0:0:0: Attached scsi generic sg0 type 0
[    0.842565]  sda: sda1 sda2
[    0.851372] sd 0:0:0:0: [sda] Attached SCSI disk
[    0.855630] Freeing unused decrypted memory: 2040K
[    0.856784] Freeing unused kernel image memory: 2728K
[    0.856787] Write protecting the kernel read-only data: 22528k
[    0.858050] Freeing unused kernel image memory: 2036K
[    0.858723] Freeing unused kernel image memory: 1432K
[    0.890977] x86/mm: Checked W+X mappings: passed, no W+X pages found.
[    0.890982] Run /init as init process
[    1.001372] ACPI: Video Device [GFX0] (multi-head: yes  rom: no  post: no)
[    1.001445] input: Video Bus as /devices/LNXSYSTM:00/LNXSYBUS:00/PNP0A03:00/LNXVIDEO:00/input/input4
[    1.016333] pcnet32: pcnet32.c:v1.35 21.Apr.2008 tsbogend@alpha.franken.de
[    1.017887] piix4_smbus 0000:00:07.0: SMBus Host Controller at 0x4100, revision 0
[    1.020562] e1000: Intel(R) PRO/1000 Network Driver - version 7.3.21-k8-NAPI
[    1.020563] e1000: Copyright (c) 1999-2006 Intel Corporation.
[    1.030144] pcnet32: PCnet/FAST III 79C973 at 0xd020, 08:00:27:9b:4b:e8 assigned IRQ 19
[    1.030188] pcnet32: Found PHY 0022:561b at address 0
[    1.030486] pcnet32: eth0: registered as PCnet/FAST III 79C973
[    1.035466] pcnet32: 1 cards_found
[    1.089015] pcnet32 0000:00:03.0 enp0s3: renamed from eth0
[    1.234428] input: ImExPS/2 Generic Explorer Mouse as /devices/platform/i8042/serio1/input/input5
[    1.427449] e1000 0000:00:08.0 eth0: (PCI:33MHz:32-bit) 08:00:27:a9:bd:6d
[    1.427453] e1000 0000:00:08.0 eth0: Intel(R) PRO/1000 Network Connection
[    1.803459] e1000 0000:00:09.0 eth1: (PCI:33MHz:32-bit) 08:00:27:6a:ee:70
[    1.803474] e1000 0000:00:09.0 eth1: Intel(R) PRO/1000 Network Connection
[    1.804625] e1000 0000:00:08.0 enp0s8: renamed from eth0
[    1.806418] e1000 0000:00:09.0 enp0s9: renamed from eth1
[    1.951054] EXT4-fs (sda2): mounted filesystem with ordered data mode. Opts: (null)
[    2.041448] systemd[1]: Inserted module 'autofs4'
[    2.053217] systemd[1]: systemd 245.4-4ubuntu3 running in system mode. (+PAM +AUDIT +SELINUX +IMA +APPARMOR +SMACK +SYSVINIT +UTMP +LIBCRYPTSETUP +GCRYPT +GNUTLS +ACL +XZ +LZ4 +SECCOMP +BLKID +ELFUTILS +KMOD +IDN2 -IDN +PCRE2 default-hierarchy=hybrid)
[    2.053248] systemd[1]: Detected virtualization oracle.
[    2.053251] systemd[1]: Detected architecture x86-64.
[    2.054552] systemd[1]: Set hostname to <ztg>.
[    2.179597] systemd[1]: /lib/systemd/system/dbus.socket:5: ListenStream= references a path below legacy directory /var/run/, updating /var/run/dbus/system_bus_socket â†’ /run/dbus/system_bus_socket; please update the unit file accordingly.
[    2.231607] systemd[1]: Created slice system-modprobe.slice.
[    2.231792] systemd[1]: Created slice User and Session Slice.
[    2.231836] systemd[1]: Started Forward Password Requests to Wall Directory Watch.
[    2.231989] systemd[1]: Set up automount Arbitrary Executable File Formats File System Automount Point.
[    2.232022] systemd[1]: Reached target User and Group Name Lookups.
[    2.232031] systemd[1]: Reached target Remote File Systems.
[    2.232039] systemd[1]: Reached target Slices.
[    2.232587] systemd[1]: Listening on Syslog Socket.
[    2.232653] systemd[1]: Listening on fsck to fsckd communication Socket.
[    2.232691] systemd[1]: Listening on initctl Compatibility Named Pipe.
[    2.232826] systemd[1]: Listening on Journal Audit Socket.
[    2.232878] systemd[1]: Listening on Journal Socket (/dev/log).
[    2.232945] systemd[1]: Listening on Journal Socket.
[    2.233007] systemd[1]: Listening on udev Control Socket.
[    2.233047] systemd[1]: Listening on udev Kernel Socket.
[    2.233782] systemd[1]: Mounting Huge Pages File System...
[    2.234709] systemd[1]: Mounting POSIX Message Queue File System...
[    2.235664] systemd[1]: Mounting Kernel Debug File System...
[    2.236505] systemd[1]: Mounting Kernel Trace File System...
[    2.238418] systemd[1]: Starting Journal Service...
[    2.261558] systemd[1]: Starting Set the console keyboard layout...
[    2.269448] systemd[1]: Starting Create list of static device nodes for the current kernel...
[    2.271508] systemd[1]: Starting Load Kernel Module drm...
[    2.272588] systemd[1]: Condition check resulted in Set Up Additional Binary Formats being skipped.
[    2.272631] systemd[1]: Condition check resulted in File System Check on Root Device being skipped.
[    2.285687] systemd[1]: Starting Load Kernel Modules...
[    2.290934] systemd[1]: Starting Remount Root and Kernel File Systems...
[    2.299860] systemd[1]: Starting udev Coldplug all Devices...
[    2.309726] systemd[1]: Starting Uncomplicated firewall...
[    2.316954] systemd[1]: Mounted Huge Pages File System.
[    2.317040] systemd[1]: Mounted POSIX Message Queue File System.
[    2.317112] systemd[1]: Mounted Kernel Debug File System.
[    2.317181] systemd[1]: Mounted Kernel Trace File System.
[    2.318364] EXT4-fs (sda2): re-mounted. Opts: errors=remount-ro
[    2.339032] systemd[1]: Finished Create list of static device nodes for the current kernel.
[    2.340024] systemd[1]: modprobe@drm.service: Succeeded.
[    2.346771] systemd[1]: Finished Load Kernel Module drm.
[    2.347157] systemd[1]: Finished Remount Root and Kernel File Systems.
[    2.349765] lp: driver loaded but no devices found
[    2.351311] systemd[1]: Finished Uncomplicated firewall.
[    2.386691] systemd[1]: Condition check resulted in Rebuild Hardware Database being skipped.
[    2.386747] systemd[1]: Condition check resulted in Platform Persistent Storage Archival being skipped.
[    2.387620] systemd[1]: Starting Load/Save Random Seed...
[    2.389425] ppdev: user-space parallel port driver
[    2.397376] systemd[1]: Starting Create System Users...
[    2.408409] systemd[1]: Finished Load/Save Random Seed.
[    2.416320] systemd[1]: Finished Create System Users.
[    2.417074] systemd[1]: Starting Create Static Device Nodes in /dev...
[    2.455526] systemd[1]: Finished udev Coldplug all Devices.
[    2.457309] systemd[1]: Finished Create Static Device Nodes in /dev.
[    2.458206] systemd[1]: Starting udev Kernel Device Manager...
[    2.481533] [drm] DMA map mode: Caching DMA mappings.
[    2.481596] [drm] Capabilities:
[    2.481597] [drm]   Rect copy.
[    2.481597] [drm]   Cursor.
[    2.481598] [drm]   Cursor bypass.
[    2.481598] [drm]   Cursor bypass 2.
[    2.481598] [drm]   Alpha cursor.
[    2.481599] [drm]   Extended Fifo.
[    2.481599] [drm]   Pitchlock.
[    2.481599] [drm]   Irq mask.
[    2.481600] [drm]   GMR.
[    2.481600] [drm]   Traces.
[    2.481600] [drm]   GMR2.
[    2.481601] [drm]   Screen Object 2.
[    2.481601] [drm]   Command Buffers.
[    2.481602] [drm]   Command Buffers 2.
[    2.481602] [drm]   Guest Backed Resources.
[    2.481603] [drm] Max GMR ids is 8192
[    2.481604] [drm] Max number of GMR pages is 1048576
[    2.481604] [drm] Max dedicated hypervisor surface memory is 393216 kiB
[    2.481604] [drm] Maximum display memory size is 131072 kiB
[    2.481605] [drm] VRAM at 0xe0000000 size is 131072 kiB
[    2.481606] [drm] MMIO at 0xf0000000 size is 2048 kiB
[    2.481755] [TTM] Zone  kernel: Available graphics memory: 1011738 KiB
[    2.481756] [TTM] Initializing pool allocator
[    2.481759] [TTM] Initializing DMA pool allocator
[    2.481786] [drm] Supports vblank timestamp caching Rev 2 (21.10.2013).
[    2.481787] [drm] No driver support for vblank timestamp query.
[    2.482023] [drm] Screen Target Display device initialized
[    2.482258] [drm] width 720
[    2.482270] [drm] height 400
[    2.482274] [drm] bpp 32
[    2.482831] [drm] Fifo max 0x00200000 min 0x00001000 cap 0x00000355
[    2.483927] [drm] Using command buffers with DMA pool.
[    2.483931] [drm] DX: no.
[    2.483932] [drm] Atomic: yes.
[    2.483932] [drm] SM4_1: no.
[    2.483954] [drm:vmw_host_log [vmwgfx]] *ERROR* Failed to send host log message.
[    2.484876] [drm:vmw_host_log [vmwgfx]] *ERROR* Failed to send host log message.
[    2.494425] fbcon: svgadrmfb (fb0) is primary device
[    2.500911] Console: switching to colour frame buffer device 100x37
[    2.507532] [drm] Initialized vmwgfx 2.15.0 20180704 for 0000:00:02.0 on minor 0
[    2.509203] systemd[1]: Finished Load Kernel Modules.
[    2.510147] systemd[1]: Mounting FUSE Control File System...
[    2.511335] systemd[1]: Mounting Kernel Configuration File System...
[    2.522266] systemd[1]: Starting Apply Kernel Variables...
[    2.533026] systemd[1]: Mounted FUSE Control File System.
[    2.533091] systemd[1]: Condition check resulted in VMware vmblock fuse mount being skipped.
[    2.538388] systemd[1]: Mounted Kernel Configuration File System.
[    2.556808] systemd[1]: Finished Set the console keyboard layout.
[    2.556901] systemd[1]: Reached target Local File Systems (Pre).
[    2.559390] systemd[1]: Mounting Mount unit for bare, revision 5...
[    2.561257] systemd[1]: Mounting Mount unit for core18, revision 1705...
[    2.583029] systemd[1]: Mounting Mount unit for gnome-3-34-1804, revision 24...
[    2.584532] systemd[1]: Mounting Mount unit for gtk-common-themes, revision 1506...
[    2.600704] systemd[1]: Mounting Mount unit for gtk-common-themes, revision 1535...
[    2.605216] systemd[1]: Mounting Mount unit for snap-store, revision 433...
[    2.611867] systemd[1]: Mounting Mount unit for snapd, revision 7264...
[    2.619706] systemd[1]: Finished Apply Kernel Variables.
[    2.632718] systemd[1]: Mounted Mount unit for bare, revision 5.
[    2.632810] systemd[1]: Mounted Mount unit for core18, revision 1705.
[    2.632887] systemd[1]: Mounted Mount unit for gnome-3-34-1804, revision 24.
[    2.653455] systemd[1]: Mounted Mount unit for gtk-common-themes, revision 1506.
[    2.653546] systemd[1]: Mounted Mount unit for gtk-common-themes, revision 1535.
[    2.656815] systemd[1]: Started udev Kernel Device Manager.
[    2.657564] systemd[1]: Starting Show Plymouth Boot Screen...
[    2.661425] systemd[1]: Received SIGRTMIN+20 from PID 274 (plymouthd).
[    2.684229] systemd[1]: Started Show Plymouth Boot Screen.
[    2.684387] systemd[1]: Condition check resulted in Dispatch Password Requests to Console Directory Watch being skipped.
[    2.684481] systemd[1]: Started Forward Password Requests to Plymouth Directory Watch.
[    2.684525] systemd[1]: Reached target Local Encrypted Volumes.
[    2.717020] systemd[1]: Mounted Mount unit for snap-store, revision 433.
[    2.717256] systemd[1]: Mounted Mount unit for snapd, revision 7264.
[    2.717404] systemd[1]: Reached target Local File Systems.
[    2.718246] systemd[1]: Starting Load AppArmor profiles...
[    2.720480] systemd[1]: Starting Set console font and keymap...
[    2.731233] systemd[1]: Starting Tell Plymouth To Write Out Runtime Data...
[    2.735608] systemd[1]: Condition check resulted in Store a System Token in an EFI Variable being skipped.
[    2.735652] systemd[1]: Condition check resulted in Commit a transient machine-id on disk being skipped.
[    2.738050] systemd[1]: Finished Set console font and keymap.
[    2.747009] systemd[1]: Received SIGRTMIN+20 from PID 274 (plymouthd).
[    2.748282] systemd[1]: plymouth-read-write.service: Succeeded.
[    2.748511] systemd[1]: Finished Tell Plymouth To Write Out Runtime Data.
[    2.767708] audit: type=1400 audit(1768686714.584:2): apparmor="STATUS" operation="profile_load" profile="unconfined" name="nvidia_modprobe" pid=302 comm="apparmor_parser"
[    2.767710] audit: type=1400 audit(1768686714.584:3): apparmor="STATUS" operation="profile_load" profile="unconfined" name="nvidia_modprobe//kmod" pid=302 comm="apparmor_parser"
[    2.775857] audit: type=1400 audit(1768686714.592:4): apparmor="STATUS" operation="profile_load" profile="unconfined" name="/usr/sbin/tcpdump" pid=303 comm="apparmor_parser"
[    2.824262] audit: type=1400 audit(1768686714.632:5): apparmor="STATUS" operation="profile_load" profile="unconfined" name="/usr/bin/evince" pid=305 comm="apparmor_parser"
[    2.824264] audit: type=1400 audit(1768686714.632:6): apparmor="STATUS" operation="profile_load" profile="unconfined" name="/usr/bin/evince//sanitized_helper" pid=305 comm="apparmor_parser"
[    2.824266] audit: type=1400 audit(1768686714.632:7): apparmor="STATUS" operation="profile_load" profile="unconfined" name="/usr/bin/evince-previewer" pid=305 comm="apparmor_parser"
[    2.824268] audit: type=1400 audit(1768686714.632:8): apparmor="STATUS" operation="profile_load" profile="unconfined" name="/usr/bin/evince-previewer//sanitized_helper" pid=305 comm="apparmor_parser"
[    2.824270] audit: type=1400 audit(1768686714.632:9): apparmor="STATUS" operation="profile_load" profile="unconfined" name="/usr/bin/evince-thumbnailer" pid=305 comm="apparmor_parser"
[    2.838849] audit: type=1400 audit(1768686714.652:10): apparmor="STATUS" operation="profile_load" profile="unconfined" name="/usr/lib/cups/backend/cups-pdf" pid=306 comm="apparmor_parser"
[    2.919549] systemd[1]: Finished Load AppArmor profiles.
[    2.920477] systemd[1]: Starting Load AppArmor profiles managed internally by snapd...
[    2.987158] systemd[1]: Finished Load AppArmor profiles managed internally by snapd.
[    3.212317] systemd[1]: Started Journal Service.
[    3.219324] systemd-journald[229]: Received client request to flush runtime journal.
[    3.224494] systemd-journald[229]: File /var/log/journal/c455b248004a419c87ce85eea238d727/system.journal corrupted or uncleanly shut down, renaming and replacing.
[    4.418727] RAPL PMU: API unit is 2^-32 Joules, 0 fixed counters, 10737418240 ms ovfl timer
[    4.437344] cryptd: max_cpu_qlen set to 1000
[    4.470256] AVX2 version of gcm_enc/dec engaged.
[    4.470257] AES CTR mode by8 optimization enabled
[    5.382171] Adding 1998844k swap on /dev/sda1.  Priority:-2 extents:1 across:1998844k FS
[    7.016785] kauditd_printk_skb: 30 callbacks suppressed
[    7.016787] audit: type=1400 audit(1768686718.828:41): apparmor="DENIED" operation="capable" profile="/usr/sbin/cups-browsed" pid=500 comm="cups-browsed" capability=23  capname="sys_nice"
[    7.594251] pcnet32 0000:00:03.0 enp0s3: link up, 100Mbps, full-duplex
[    7.631114] e1000: enp0s8 NIC Link is Up 1000 Mbps Full Duplex, Flow Control: RX
[    7.631389] IPv6: ADDRCONF(NETDEV_CHANGE): enp0s8: link becomes ready
[    7.641616] e1000: enp0s9 NIC Link is Up 1000 Mbps Full Duplex, Flow Control: RX
[    7.641907] IPv6: ADDRCONF(NETDEV_CHANGE): enp0s9: link becomes ready
[    8.172734] device enp0s3 entered promiscuous mode
[    8.196781] audit: type=1400 audit(1768686720.000:42): apparmor="DENIED" operation="open" profile="/usr/sbin/tcpdump" name="/proc/sys/kernel/random/boot_id" pid=709 comm="tcpdump" requested_mask="r" denied_mask="r" fsuid=0 ouid=0
[    8.198877] audit: type=1400 audit(1768686720.000:43): apparmor="DENIED" operation="open" profile="/usr/sbin/tcpdump" name="/proc/sys/kernel/random/boot_id" pid=709 comm="tcpdump" requested_mask="r" denied_mask="r" fsuid=0 ouid=0
[    8.198936] audit: type=1400 audit(1768686720.000:44): apparmor="DENIED" operation="open" profile="/usr/sbin/tcpdump" name="/proc/sys/kernel/random/boot_id" pid=709 comm="tcpdump" requested_mask="r" denied_mask="r" fsuid=0 ouid=0
[    8.198956] audit: type=1400 audit(1768686720.000:45): apparmor="DENIED" operation="open" profile="/usr/sbin/tcpdump" name="/proc/sys/kernel/random/boot_id" pid=709 comm="tcpdump" requested_mask="r" denied_mask="r" fsuid=0 ouid=0
[    8.201808] audit: type=1400 audit(1768686720.016:46): apparmor="DENIED" operation="open" profile="/usr/sbin/tcpdump" name="/proc/sys/kernel/random/boot_id" pid=710 comm="tcpdump" requested_mask="r" denied_mask="r" fsuid=0 ouid=0
[    8.202258] audit: type=1400 audit(1768686720.016:47): apparmor="DENIED" operation="open" profile="/usr/sbin/tcpdump" name="/proc/sys/kernel/random/boot_id" pid=710 comm="tcpdump" requested_mask="r" denied_mask="r" fsuid=0 ouid=0
[    8.202343] audit: type=1400 audit(1768686720.016:48): apparmor="DENIED" operation="open" profile="/usr/sbin/tcpdump" name="/proc/sys/kernel/random/boot_id" pid=710 comm="tcpdump" requested_mask="r" denied_mask="r" fsuid=0 ouid=0
[    8.202361] audit: type=1400 audit(1768686720.016:49): apparmor="DENIED" operation="open" profile="/usr/sbin/tcpdump" name="/proc/sys/kernel/random/boot_id" pid=710 comm="tcpdump" requested_mask="r" denied_mask="r" fsuid=0 ouid=0
[   12.665586] rfkill: input handler disabled
[  220.868286] AAAAA-TCP_FORW: name:enp0s3: saddr:100932208: daddr:33561200
[  221.040118] AAAAA-TCP_FORW: name:enp0s3: saddr:100932208: daddr:33561200
[  221.243609] AAAAA-TCP_FORW: name:enp0s3: saddr:100932208: daddr:16783984
[  221.375455] AAAAA-TCP_FORW: name:enp0s3: saddr:100932208: daddr:16783984
[  221.635942] AAAAA-TCP_FORW: name:enp0s3: saddr:100932208: daddr:16783984
[  221.900910] AAAAA-TCP_FORW: name:enp0s3: saddr:100932208: daddr:33561200
[  222.315681] AAAAA-TCP_FORW: name:enp0s3: saddr:100932208: daddr:33561200
[  222.730571] AAAAA-TCP_FORW: name:enp0s3: saddr:100932208: daddr:33561200
[  222.937415] AAAAA-TCP_FORW: name:enp0s3: saddr:100932208: daddr:16783984
[  223.924256] AAAAA-TCP_FORW: name:enp0s3: saddr:100932208: daddr:16783984
[  227.864497] AAAAA-TCP_FORW: name:enp0s3: saddr:100932208: daddr:33561200
[  228.116461] AAAAA-TCP_FORW: name:enp0s3: saddr:100932208: daddr:33561200
[  228.195665] AAAAA-TCP_FORW: name:enp0s3: saddr:100932208: daddr:16783984
[  228.545408] AAAAA-TCP_FORW: name:enp0s3: saddr:100932208: daddr:33561200
[  228.679964] AAAAA-TCP_FORW: name:enp0s3: saddr:100932208: daddr:16783984
[  228.828468] AAAAA-TCP_FORW: name:enp0s3: saddr:100932208: daddr:16783984
[  236.248632] AAAAA-TCP_FORW: name:enp0s3: saddr:16783984: daddr:100932208
[  236.667079] AAAAA-TCP_FORW: name:enp0s3: saddr:16783984: daddr:100932208
[  236.835222] AAAAA-TCP_FORW: name:enp0s3: saddr:16783984: daddr:100932208
[  236.918004] AAAAA-TCP_FORW: name:enp0s3: saddr:16783984: daddr:100932208
[  237.450605] AAAAA-TCP_FORW: name:enp0s3: saddr:16783984: daddr:100932208
[  237.867981] AAAAA-TCP_FORW: name:enp0s3: saddr:16783984: daddr:100932208
[  238.187428] AAAAA-TCP_FORW: name:enp0s3: saddr:16783984: daddr:100932208
[  238.251663] AAAAA-TCP_FORW: name:enp0s3: saddr:16783984: daddr:100932208
[  238.623776] AAAAA-TCP_FORW: name:enp0s3: saddr:16783984: daddr:100932208
[  238.758844] AAAAA-TCP_FORW: name:enp0s3: saddr:16783984: daddr:100932208
[  239.063032] AAAAA-TCP_FORW: name:enp0s3: saddr:16783984: daddr:100932208
[  239.538157] AAAAA-TCP_FORW: name:enp0s3: saddr:16783984: daddr:100932208
[  239.797927] AAAAA-TCP_FORW: name:enp0s3: saddr:16783984: daddr:100932208
[  240.129860] AAAAA-TCP_FORW: name:enp0s3: saddr:16783984: daddr:100932208
[  240.361024] AAAAA-TCP_FORW: name:enp0s3: saddr:33561200: daddr:100932208
[  242.803237] AAAAA-TCP_FORW: name:enp0s3: saddr:16783984: daddr:100932208
[  242.991675] AAAAA-TCP_FORW: name:enp0s3: saddr:16783984: daddr:100932208
[  243.105095] AAAAA-TCP_FORW: name:enp0s3: saddr:16783984: daddr:100932208
[  243.226648] AAAAA-TCP_FORW: name:enp0s3: saddr:16783984: daddr:100932208
[  243.322522] AAAAA-TCP_FORW: name:enp0s3: saddr:16783984: daddr:100932208
[  243.425234] AAAAA-TCP_FORW: name:enp0s3: saddr:16783984: daddr:100932208
[  243.593848] AAAAA-TCP_FORW: name:enp0s3: saddr:16783984: daddr:100932208
[  244.372560] AAAAA-TCP_FORW: name:enp0s3: saddr:33561200: daddr:100932208
[  245.029442] AAAAA-TCP_FORW: name:enp0s3: saddr:33561200: daddr:100932208
[  245.128412] AAAAA-TCP_FORW: name:enp0s3: saddr:33561200: daddr:100932208
[  245.533798] AAAAA-TCP_FORW: name:enp0s3: saddr:33561200: daddr:100932208
[  245.815503] AAAAA-TCP_FORW: name:enp0s3: saddr:33561200: daddr:100932208
[  246.245613] AAAAA-TCP_FORW: name:enp0s3: saddr:33561200: daddr:100932208
[  246.616451] AAAAA-TCP_FORW: name:enp0s3: saddr:33561200: daddr:100932208
[  246.744555] AAAAA-TCP_FORW: name:enp0s3: saddr:33561200: daddr:100932208
[  246.851334] AAAAA-TCP_FORW: name:enp0s3: saddr:33561200: daddr:100932208
[  247.204690] AAAAA-TCP_FORW: name:enp0s3: saddr:33561200: daddr:100932208
[  247.422618] AAAAA-TCP_FORW: name:enp0s3: saddr:33561200: daddr:100932208
[  247.613143] AAAAA-TCP_FORW: name:enp0s3: saddr:33561200: daddr:100932208
[  247.746745] AAAAA-TCP_FORW: name:enp0s3: saddr:33561200: daddr:100932208
[  248.085866] AAAAA-TCP_FORW: name:enp0s3: saddr:33561200: daddr:100932208
[  248.382164] AAAAA-TCP_FORW: name:enp0s3: saddr:33561200: daddr:100932208
[  248.528923] AAAAA-TCP_FORW: name:enp0s3: saddr:33561200: daddr:100932208
[  248.709679] AAAAA-TCP_FORW: name:enp0s3: saddr:33561200: daddr:100932208
[  248.782819] AAAAA-TCP_FORW: name:enp0s3: saddr:33561200: daddr:100932208
[  248.860677] AAAAA-TCP_FORW: name:enp0s3: saddr:33561200: daddr:100932208
[  249.151508] AAAAA-TCP_FORW: name:enp0s3: saddr:16783984: daddr:100932208
[  249.247150] AAAAA-TCP_FORW: name:enp0s3: saddr:16783984: daddr:100932208
[  249.289731] AAAAA-TCP_FORW: name:enp0s3: saddr:16783984: daddr:100932208
[  249.508458] AAAAA-TCP_FORW: name:enp0s3: saddr:16783984: daddr:100932208
[  249.625649] AAAAA-TCP_FORW: name:enp0s3: saddr:16783984: daddr:100932208
[  249.634221] AAAAA-TCP_FORW: name:enp0s3: saddr:16783984: daddr:100932208
[  249.818854] AAAAA-TCP_FORW: name:enp0s3: saddr:16783984: daddr:100932208
[  249.931741] AAAAA-TCP_FORW: name:enp0s3: saddr:16783984: daddr:100932208
[  250.009822] AAAAA-TCP_FORW: name:enp0s3: saddr:16783984: daddr:100932208
[  250.113318] AAAAA-TCP_FORW: name:enp0s3: saddr:16783984: daddr:100932208
[  250.119957] AAAAA-TCP_FORW: name:enp0s3: saddr:16783984: daddr:100932208
[  250.250211] AAAAA-TCP_FORW: name:enp0s3: saddr:33561200: daddr:100932208
[  449.017407] rfkill: input handler enabled
[  457.660609] rfkill: input handler disabled
[  630.354901] device enp0s3 left promiscuous mode
