[    0.000000] Linux version 5.4.243-mptcp (root@ztg) (gcc version 12.2.0 (Debian 12.2.0-14+deb12u1)) #53 SMP Wed Dec 24 23:28:15 CST 2025
[    0.000000] Command line: BOOT_IMAGE=/boot/vmlinuz-5.4.243-mptcp root=UUID=98415a12-53b7-4144-8265-0f7ece09e445 ro quiet splash
[    0.000000] KERNEL supported cpus:
[    0.000000]   Intel GenuineIntel
[    0.000000]   AMD AuthenticAMD
[    0.000000]   Hygon HygonGenuine
[    0.000000]   Centaur CentaurHauls
[    0.000000]   zhaoxin   Shanghai  
[    0.000000] x86/fpu: Supporting XSAVE feature 0x001: 'x87 floating point registers'
[    0.000000] x86/fpu: Supporting XSAVE feature 0x002: 'SSE registers'
[    0.000000] x86/fpu: Supporting XSAVE feature 0x004: 'AVX registers'
[    0.000000] x86/fpu: xstate_offset[2]:  576, xstate_sizes[2]:  256
[    0.000000] x86/fpu: Enabled xstate features 0x7, context size is 832 bytes, using 'standard' format.
[    0.000000] BIOS-provided physical RAM map:
[    0.000000] BIOS-e820: [mem 0x0000000000000000-0x000000000009fbff] usable
[    0.000000] BIOS-e820: [mem 0x000000000009fc00-0x000000000009ffff] reserved
[    0.000000] BIOS-e820: [mem 0x00000000000f0000-0x00000000000fffff] reserved
[    0.000000] BIOS-e820: [mem 0x0000000000100000-0x000000007ffeffff] usable
[    0.000000] BIOS-e820: [mem 0x000000007fff0000-0x000000007fffffff] ACPI data
[    0.000000] BIOS-e820: [mem 0x00000000fec00000-0x00000000fec00fff] reserved
[    0.000000] BIOS-e820: [mem 0x00000000fee00000-0x00000000fee00fff] reserved
[    0.000000] BIOS-e820: [mem 0x00000000fffc0000-0x00000000ffffffff] reserved
[    0.000000] NX (Execute Disable) protection: active
[    0.000000] SMBIOS 2.5 present.
[    0.000000] DMI: innotek GmbH VirtualBox/VirtualBox, BIOS VirtualBox 12/01/2006
[    0.000000] Hypervisor detected: KVM
[    0.000000] kvm-clock: Using msrs 4b564d01 and 4b564d00
[    0.000000] kvm-clock: cpu 0, msr 3f801001, primary cpu clock
[    0.000000] kvm-clock: using sched offset of 4436723540 cycles
[    0.000003] clocksource: kvm-clock: mask: 0xffffffffffffffff max_cycles: 0x1cd42e4dffb, max_idle_ns: 881590591483 ns
[    0.000006] tsc: Detected 2100.000 MHz processor
[    0.001873] e820: update [mem 0x00000000-0x00000fff] usable ==> reserved
[    0.001874] e820: remove [mem 0x000a0000-0x000fffff] usable
[    0.001879] last_pfn = 0x7fff0 max_arch_pfn = 0x400000000
[    0.001948] MTRR default type: uncachable
[    0.001949] MTRR fixed ranges enabled:
[    0.001950]   00000-9FFFF write-back
[    0.001951]   A0000-BFFFF uncachable
[    0.001952]   C0000-FFFFF write-protect
[    0.001953] MTRR variable ranges enabled:
[    0.001954]   0 base 000000000000 mask 3FFF80000000 write-back
[    0.001955]   1 disabled
[    0.001955]   2 disabled
[    0.001956]   3 disabled
[    0.001956]   4 disabled
[    0.001956]   5 disabled
[    0.001957]   6 disabled
[    0.001957]   7 disabled
[    0.001958]   8 disabled
[    0.001958]   9 disabled
[    0.001959]   10 disabled
[    0.001959]   11 disabled
[    0.001959]   12 disabled
[    0.001960]   13 disabled
[    0.001960]   14 disabled
[    0.001961]   15 disabled
[    0.001979] x86/PAT: Configuration [0-7]: WB  WC  UC- UC  WB  WP  UC- WT  
[    0.002115] found SMP MP-table at [mem 0x0009fff0-0x0009ffff]
[    0.091747] check: Scanning 1 areas for low memory corruption
[    0.091970] RAMDISK: [mem 0x32271000-0x3512ffff]
[    0.091978] ACPI: Early table checksum verification disabled
[    0.091984] ACPI: RSDP 0x00000000000E0000 000024 (v02 VBOX  )
[    0.091988] ACPI: XSDT 0x000000007FFF0030 00003C (v01 VBOX   VBOXXSDT 00000001 ASL  00000061)
[    0.091995] ACPI: FACP 0x000000007FFF00F0 0000F4 (v04 VBOX   VBOXFACP 00000001 ASL  00000061)
[    0.092001] ACPI: DSDT 0x000000007FFF02E0 002353 (v02 VBOX   VBOXBIOS 00000002 VBOX 00029BF3)
[    0.092006] ACPI: FACS 0x000000007FFF0200 000040
[    0.092009] ACPI: FACS 0x000000007FFF0200 000040
[    0.092012] ACPI: APIC 0x000000007FFF0240 000054 (v02 VBOX   VBOXAPIC 00000001 ASL  00000061)
[    0.092016] ACPI: SSDT 0x000000007FFF02A0 000038 (v01 VBOX   VBOXCPUT 00000002 VBOX 00029BF3)
[    0.092019] ACPI: Reserving FACP table memory at [mem 0x7fff00f0-0x7fff01e3]
[    0.092020] ACPI: Reserving DSDT table memory at [mem 0x7fff02e0-0x7fff2632]
[    0.092021] ACPI: Reserving FACS table memory at [mem 0x7fff0200-0x7fff023f]
[    0.092022] ACPI: Reserving FACS table memory at [mem 0x7fff0200-0x7fff023f]
[    0.092022] ACPI: Reserving APIC table memory at [mem 0x7fff0240-0x7fff0293]
[    0.092023] ACPI: Reserving SSDT table memory at [mem 0x7fff02a0-0x7fff02d7]
[    0.092037] ACPI: Local APIC address 0xfee00000
[    0.092227] No NUMA configuration found
[    0.092228] Faking a node at [mem 0x0000000000000000-0x000000007ffeffff]
[    0.092238] NODE_DATA(0) allocated [mem 0x7ffc5000-0x7ffeffff]
[    0.092499] Zone ranges:
[    0.092500]   DMA      [mem 0x0000000000001000-0x0000000000ffffff]
[    0.092501]   DMA32    [mem 0x0000000001000000-0x000000007ffeffff]
[    0.092502]   Normal   empty
[    0.092503]   Device   empty
[    0.092503] Movable zone start for each node
[    0.092505] Early memory node ranges
[    0.092506]   node   0: [mem 0x0000000000001000-0x000000000009efff]
[    0.092507]   node   0: [mem 0x0000000000100000-0x000000007ffeffff]
[    0.092510] Zeroed struct page in unavailable ranges: 114 pages
[    0.092511] Initmem setup node 0 [mem 0x0000000000001000-0x000000007ffeffff]
[    0.092512] On node 0 totalpages: 524174
[    0.092513]   DMA zone: 64 pages used for memmap
[    0.092514]   DMA zone: 21 pages reserved
[    0.092515]   DMA zone: 3998 pages, LIFO batch:0
[    0.092587]   DMA32 zone: 8128 pages used for memmap
[    0.092587]   DMA32 zone: 520176 pages, LIFO batch:63
[    0.101565] ACPI: PM-Timer IO Port: 0x4008
[    0.101569] ACPI: Local APIC address 0xfee00000
[    0.101641] IOAPIC[0]: apic_id 1, version 32, address 0xfec00000, GSI 0-23
[    0.101645] ACPI: INT_SRC_OVR (bus 0 bus_irq 0 global_irq 2 dfl dfl)
[    0.101646] ACPI: INT_SRC_OVR (bus 0 bus_irq 9 global_irq 9 low level)
[    0.101649] ACPI: IRQ0 used by override.
[    0.101650] ACPI: IRQ9 used by override.
[    0.101652] Using ACPI (MADT) for SMP configuration information
[    0.101659] smpboot: Allowing 1 CPUs, 0 hotplug CPUs
[    0.101682] PM: Registered nosave memory: [mem 0x00000000-0x00000fff]
[    0.101683] PM: Registered nosave memory: [mem 0x0009f000-0x0009ffff]
[    0.101684] PM: Registered nosave memory: [mem 0x000a0000-0x000effff]
[    0.101685] PM: Registered nosave memory: [mem 0x000f0000-0x000fffff]
[    0.101686] [mem 0x80000000-0xfebfffff] available for PCI devices
[    0.101688] Booting paravirtualized kernel on KVM
[    0.101691] clocksource: refined-jiffies: mask: 0xffffffff max_cycles: 0xffffffff, max_idle_ns: 7645519600211568 ns
[    0.101697] setup_percpu: NR_CPUS:8192 nr_cpumask_bits:1 nr_cpu_ids:1 nr_node_ids:1
[    0.102698] percpu: Embedded 60 pages/cpu s208896 r8192 d28672 u2097152
[    0.102703] pcpu-alloc: s208896 r8192 d28672 u2097152 alloc=1*2097152
[    0.102704] pcpu-alloc: [0] 0 
[    0.102733] Built 1 zonelists, mobility grouping on.  Total pages: 515961
[    0.102733] Policy zone: DMA32
[    0.102735] Kernel command line: BOOT_IMAGE=/boot/vmlinuz-5.4.243-mptcp root=UUID=98415a12-53b7-4144-8265-0f7ece09e445 ro quiet splash
[    0.103585] Dentry cache hash table entries: 262144 (order: 9, 2097152 bytes, linear)
[    0.103732] Inode-cache hash table entries: 131072 (order: 8, 1048576 bytes, linear)
[    0.103782] mem auto-init: stack:off, heap alloc:on, heap free:off
[    0.103785] Calgary: detecting Calgary via BIOS EBDA area
[    0.103787] Calgary: Unable to locate Rio Grande table in EBDA - bailing!
[    0.107903] Memory: 1967332K/2096696K available (14339K kernel code, 2398K rwdata, 4712K rodata, 2728K init, 17260K bss, 129364K reserved, 0K cma-reserved)
[    0.108829] SLUB: HWalign=64, Order=0-3, MinObjects=0, CPUs=1, Nodes=1
[    0.108846] ftrace: allocating 43186 entries in 169 pages
[    0.126962] rcu: Hierarchical RCU implementation.
[    0.126964] rcu: 	RCU restricting CPUs from NR_CPUS=8192 to nr_cpu_ids=1.
[    0.126965] 	Tasks RCU enabled.
[    0.126966] rcu: RCU calculated value of scheduler-enlistment delay is 25 jiffies.
[    0.126967] rcu: Adjusting geometry for rcu_fanout_leaf=16, nr_cpu_ids=1
[    0.129935] NR_IRQS: 524544, nr_irqs: 256, preallocated irqs: 16
[    0.130153] random: crng init done
[    0.139462] Console: colour VGA+ 80x25
[    0.139466] printk: console [tty0] enabled
[    0.139489] ACPI: Core revision 20190816
[    0.139591] APIC: Switch to symmetric I/O mode setup
[    0.139845] x2apic enabled
[    0.140083] Switched APIC routing to physical x2apic.
[    0.141222] ..TIMER: vector=0x30 apic1=0 pin1=2 apic2=-1 pin2=-1
[    0.141246] clocksource: tsc-early: mask: 0xffffffffffffffff max_cycles: 0x1e4530a99b6, max_idle_ns: 440795257976 ns
[    0.141251] Calibrating delay loop (skipped) preset value.. 4200.00 BogoMIPS (lpj=8400000)
[    0.141254] pid_max: default: 32768 minimum: 301
[    0.141283] LSM: Security Framework initializing
[    0.141293] Yama: becoming mindful.
[    0.141318] AppArmor: AppArmor initialized
[    0.141353] Mount-cache hash table entries: 4096 (order: 3, 32768 bytes, linear)
[    0.141358] Mountpoint-cache hash table entries: 4096 (order: 3, 32768 bytes, linear)
[    0.141368] *** VALIDATE tmpfs ***
[    0.141497] *** VALIDATE proc ***
[    0.141539] *** VALIDATE cgroup1 ***
[    0.141540] *** VALIDATE cgroup2 ***
[    0.141681] process: using mwait in idle threads
[    0.141686] Last level iTLB entries: 4KB 64, 2MB 8, 4MB 8
[    0.141687] Last level dTLB entries: 4KB 64, 2MB 0, 4MB 0, 1GB 4
[    0.141707] Spectre V1 : Mitigation: usercopy/swapgs barriers and __user pointer sanitization
[    0.141713] Spectre V2 : Mitigation: Retpolines
[    0.141713] Spectre V2 : Spectre v2 / SpectreRSB mitigation: Filling RSB on context switch
[    0.141714] Spectre V2 : Spectre v2 / SpectreRSB : Filling RSB on VMEXIT
[    0.141715] RETBleed: WARNING: Spectre v2 mitigation leaves CPU vulnerable to RETBleed attacks, data leaks possible!
[    0.142072] RETBleed: Vulnerable
[    0.142072] Speculative Store Bypass: Vulnerable
[    0.142077] TAA: Mitigation: TSX disabled
[    0.142078] MMIO Stale Data: Mitigation: Clear CPU buffers
[    0.146298] Freeing SMP alternatives memory: 40K
[    0.257924] APIC calibration not consistent with PM-Timer: 101ms instead of 100ms
[    0.257925] APIC delta adjusted to PM-Timer: 6243173 (6327589)
[    0.257990] smpboot: CPU0: Intel(R) Xeon(R) Silver 4216 CPU @ 2.10GHz (family: 0x6, model: 0x55, stepping: 0x7)
[    0.258129] Performance Events: unsupported p6 CPU model 85 no PMU driver, software events only.
[    0.258168] rcu: Hierarchical SRCU implementation.
[    0.258664] NMI watchdog: Perf NMI watchdog permanently disabled
[    0.258707] smp: Bringing up secondary CPUs ...
[    0.258709] smp: Brought up 1 node, 1 CPU
[    0.258710] smpboot: Max logical packages: 1
[    0.258712] smpboot: Total of 1 processors activated (4200.00 BogoMIPS)
[    0.259701] devtmpfs: initialized
[    0.259749] x86/mm: Memory block size: 128MB
[    0.260102] clocksource: jiffies: mask: 0xffffffff max_cycles: 0xffffffff, max_idle_ns: 7645041785100000 ns
[    0.260108] futex hash table entries: 256 (order: 2, 16384 bytes, linear)
[    0.260172] pinctrl core: initialized pinctrl subsystem
[    0.260282] PM: RTC time: 19:40:09, date: 2026-01-18
[    0.260399] NET: Registered protocol family 16
[    0.260477] audit: initializing netlink subsys (disabled)
[    0.260608] EISA bus registered
[    0.260610] cpuidle: using governor ladder
[    0.260610] cpuidle: using governor menu
[    0.260656] ACPI: bus type PCI registered
[    0.260658] acpiphp: ACPI Hot Plug PCI Controller Driver version: 0.5
[    0.260773] PCI: Using configuration type 1 for base access
[    0.262116] audit: type=2000 audit(1768736415.648:1): state=initialized audit_enabled=0 res=1
[    0.262210] HugeTLB registered 2.00 MiB page size, pre-allocated 0 pages
[    0.263105] ACPI: Added _OSI(Module Device)
[    0.263106] ACPI: Added _OSI(Processor Device)
[    0.263106] ACPI: Added _OSI(3.0 _SCP Extensions)
[    0.263107] ACPI: Added _OSI(Processor Aggregator Device)
[    0.263108] ACPI: Added _OSI(Linux-Dell-Video)
[    0.263109] ACPI: Added _OSI(Linux-Lenovo-NV-HDMI-Audio)
[    0.263110] ACPI: Added _OSI(Linux-HPI-Hybrid-Graphics)
[    0.265242] ACPI: 2 ACPI AML tables successfully acquired and loaded
[    0.266801] ACPI: Interpreter enabled
[    0.266813] ACPI: (supports S0 S5)
[    0.266814] ACPI: Using IOAPIC for interrupt routing
[    0.267042] PCI: Using host bridge windows from ACPI; if necessary, use "pci=nocrs" and report a bug
[    0.267163] ACPI: Enabled 2 GPEs in block 00 to 07
[    0.272420] ACPI: PCI Root Bridge [PCI0] (domain 0000 [bus 00-ff])
[    0.272425] acpi PNP0A03:00: _OSC: OS supports [ASPM ClockPM Segments MSI HPX-Type3]
[    0.272869] acpi PNP0A03:00: _OSC: not requesting OS control; OS requires [ExtendedConfig ASPM ClockPM MSI]
[    0.272878] acpi PNP0A03:00: fail to add MMCONFIG information, can't access extended PCI configuration space under this bridge.
[    0.273248] PCI host bridge to bus 0000:00
[    0.273248] pci_bus 0000:00: root bus resource [io  0x0000-0x0cf7 window]
[    0.273248] pci_bus 0000:00: root bus resource [io  0x0d00-0xffff window]
[    0.273248] pci_bus 0000:00: root bus resource [mem 0x000a0000-0x000bffff window]
[    0.273248] pci_bus 0000:00: root bus resource [mem 0x80000000-0xfdffffff window]
[    0.273248] pci_bus 0000:00: root bus resource [bus 00-ff]
[    0.273330] pci 0000:00:00.0: [8086:1237] type 00 class 0x060000
[    0.274276] pci 0000:00:01.0: [8086:7000] type 00 class 0x060100
[    0.275041] pci 0000:00:01.1: [8086:7111] type 00 class 0x01018a
[    0.275414] pci 0000:00:01.1: reg 0x20: [io  0xd000-0xd00f]
[    0.275580] pci 0000:00:01.1: legacy IDE quirk: reg 0x10: [io  0x01f0-0x01f7]
[    0.275581] pci 0000:00:01.1: legacy IDE quirk: reg 0x14: [io  0x03f6]
[    0.275582] pci 0000:00:01.1: legacy IDE quirk: reg 0x18: [io  0x0170-0x0177]
[    0.275583] pci 0000:00:01.1: legacy IDE quirk: reg 0x1c: [io  0x0376]
[    0.276117] pci 0000:00:02.0: [15ad:0405] type 00 class 0x030000
[    0.279178] pci 0000:00:02.0: reg 0x10: [io  0xd010-0xd01f]
[    0.281293] pci 0000:00:02.0: reg 0x14: [mem 0xe0000000-0xe7ffffff pref]
[    0.284199] pci 0000:00:02.0: reg 0x18: [mem 0xf0000000-0xf01fffff]
[    0.296010] pci 0000:00:03.0: [1022:2000] type 00 class 0x020000
[    0.297397] pci 0000:00:03.0: reg 0x10: [io  0xd020-0xd03f]
[    0.298054] pci 0000:00:03.0: reg 0x14: [mem 0xf0200000-0xf0200fff]
[    0.301739] pci 0000:00:04.0: [80ee:cafe] type 00 class 0x088000
[    0.302417] pci 0000:00:04.0: reg 0x10: [io  0xd040-0xd05f]
[    0.303024] pci 0000:00:04.0: reg 0x14: [mem 0xf0400000-0xf07fffff]
[    0.303644] pci 0000:00:04.0: reg 0x18: [mem 0xf0800000-0xf0803fff pref]
[    0.307169] pci 0000:00:07.0: [8086:7113] type 00 class 0x068000
[    0.307723] pci 0000:00:07.0: quirk: [io  0x4000-0x403f] claimed by PIIX4 ACPI
[    0.307734] pci 0000:00:07.0: quirk: [io  0x4100-0x410f] claimed by PIIX4 SMB
[    0.308343] pci 0000:00:08.0: [8086:100e] type 00 class 0x020000
[    0.309047] pci 0000:00:08.0: reg 0x10: [mem 0xf0820000-0xf083ffff]
[    0.309927] pci 0000:00:08.0: reg 0x18: [io  0xd060-0xd067]
[    0.313761] pci 0000:00:09.0: [8086:100e] type 00 class 0x020000
[    0.314462] pci 0000:00:09.0: reg 0x10: [mem 0xf0840000-0xf085ffff]
[    0.315624] pci 0000:00:09.0: reg 0x18: [io  0xd068-0xd06f]
[    0.326188] ACPI: PCI Interrupt Link [LNKA] (IRQs 5 9 10 *11)
[    0.326470] ACPI: PCI Interrupt Link [LNKB] (IRQs 5 9 *10 11)
[    0.326574] ACPI: PCI Interrupt Link [LNKC] (IRQs 5 *9 10 11)
[    0.326678] ACPI: PCI Interrupt Link [LNKD] (IRQs 5 9 10 *11)
[    0.326941] iommu: Default domain type: Translated 
[    0.327017] pci 0000:00:02.0: vgaarb: setting as boot VGA device
[    0.327019] pci 0000:00:02.0: vgaarb: VGA device added: decodes=io+mem,owns=io+mem,locks=none
[    0.327021] pci 0000:00:02.0: vgaarb: bridge control possible
[    0.327022] vgaarb: loaded
[    0.327235] SCSI subsystem initialized
[    0.327268] libata version 3.00 loaded.
[    0.327291] ACPI: bus type USB registered
[    0.327307] usbcore: registered new interface driver usbfs
[    0.327313] usbcore: registered new interface driver hub
[    0.327318] usbcore: registered new device driver usb
[    0.327348] pps_core: LinuxPPS API ver. 1 registered
[    0.327349] pps_core: Software ver. 5.3.6 - Copyright 2005-2007 Rodolfo Giometti <giometti@linux.it>
[    0.327351] PTP clock support registered
[    0.327385] EDAC MC: Ver: 3.0.0
[    0.327673] PCI: Using ACPI for IRQ routing
[    0.327674] PCI: pci_cache_line_size set to 64 bytes
[    0.327867] e820: reserve RAM buffer [mem 0x0009fc00-0x0009ffff]
[    0.327873] e820: reserve RAM buffer [mem 0x7fff0000-0x7fffffff]
[    0.329269] NetLabel: Initializing
[    0.329270] NetLabel:  domain hash size = 128
[    0.329271] NetLabel:  protocols = UNLABELED CIPSOv4 CALIPSO
[    0.329293] NetLabel:  unlabeled traffic allowed by default
[    0.330205] clocksource: Switched to clocksource kvm-clock
[    0.343576] *** VALIDATE bpf ***
[    0.343635] VFS: Disk quotas dquot_6.6.0
[    0.343648] VFS: Dquot-cache hash table entries: 512 (order 0, 4096 bytes)
[    0.343669] *** VALIDATE ramfs ***
[    0.343672] *** VALIDATE hugetlbfs ***
[    0.343756] AppArmor: AppArmor Filesystem Enabled
[    0.343784] pnp: PnP ACPI init
[    0.343850] pnp 00:00: Plug and Play ACPI device, IDs PNP0303 (active)
[    0.343936] pnp 00:01: Plug and Play ACPI device, IDs PNP0f03 (active)
[    0.344689] pnp: PnP ACPI: found 2 devices
[    0.345649] thermal_sys: Registered thermal governor 'fair_share'
[    0.345650] thermal_sys: Registered thermal governor 'bang_bang'
[    0.345650] thermal_sys: Registered thermal governor 'step_wise'
[    0.345651] thermal_sys: Registered thermal governor 'user_space'
[    0.345651] thermal_sys: Registered thermal governor 'power_allocator'
[    0.350180] clocksource: acpi_pm: mask: 0xffffff max_cycles: 0xffffff, max_idle_ns: 2085701024 ns
[    0.350223] pci_bus 0000:00: resource 4 [io  0x0000-0x0cf7 window]
[    0.350224] pci_bus 0000:00: resource 5 [io  0x0d00-0xffff window]
[    0.350225] pci_bus 0000:00: resource 6 [mem 0x000a0000-0x000bffff window]
[    0.350226] pci_bus 0000:00: resource 7 [mem 0x80000000-0xfdffffff window]
[    0.350286] NET: Registered protocol family 2
[    0.350360] IP idents hash table entries: 32768 (order: 6, 262144 bytes, linear)
[    0.350775] MPTCP tokens hash table entries: 8192 (order: 4, 65536 bytes, linear)
[    0.350795] MPTCP request tokens hash table entries: 8192 (order: 4, 65536 bytes, linear)
[    0.350821] default registered
[    0.350821] default registered
[    0.350822] MPTCP: Stable release v0.96
[    0.350827] tcp_listen_portaddr_hash hash table entries: 1024 (order: 2, 16384 bytes, linear)
[    0.350905] TCP established hash table entries: 16384 (order: 5, 131072 bytes, linear)
[    0.350970] TCP bind hash table entries: 16384 (order: 6, 262144 bytes, linear)
[    0.350995] TCP: Hash tables configured (established 16384 bind 16384)
[    0.351706] UDP hash table entries: 1024 (order: 3, 32768 bytes, linear)
[    0.351717] UDP-Lite hash table entries: 1024 (order: 3, 32768 bytes, linear)
[    0.351754] NET: Registered protocol family 1
[    0.351763] NET: Registered protocol family 44
[    0.351786] pci 0000:00:00.0: Limiting direct PCI/PCI transfers
[    0.351798] pci 0000:00:01.0: Activating ISA DMA hang workarounds
[    0.351853] pci 0000:00:02.0: Video device with shadowed ROM at [mem 0x000c0000-0x000dffff]
[    0.351920] PCI: CLS 0 bytes, default 64
[    0.351967] Trying to unpack rootfs image as initramfs...
[    0.523648] Freeing initrd memory: 47868K
[    0.523648] clocksource: tsc: mask: 0xffffffffffffffff max_cycles: 0x1e4530a99b6, max_idle_ns: 440795257976 ns
[    0.523648] clocksource: Switched to clocksource tsc
[    0.523648] platform rtc_cmos: registered platform RTC device (no PNP device found)
[    0.523648] check: Scanning for low memory corruption every 60 seconds
[    0.523648] Initialise system trusted keyrings
[    0.523648] Key type blacklist registered
[    0.523648] workingset: timestamp_bits=36 max_order=19 bucket_order=0
[    0.523648] zbud: loaded
[    0.523648] squashfs: version 4.0 (2009/01/31) Phillip Lougher
[    0.523648] fuse: init (API version 7.31)
[    0.523648] *** VALIDATE fuse ***
[    0.523648] *** VALIDATE fuse ***
[    0.523648] Platform Keyring initialized
[    0.539098] Key type asymmetric registered
[    0.539099] Asymmetric key parser 'x509' registered
[    0.539109] Block layer SCSI generic (bsg) driver version 0.4 loaded (major 244)
[    0.539152] io scheduler mq-deadline registered
[    0.539277] shpchp: Standard Hot Plug PCI Controller Driver version: 0.4
[    0.539483] ACPI: AC Adapter [AC] (on-line)
[    0.539527] input: Power Button as /devices/LNXSYSTM:00/LNXPWRBN:00/input/input0
[    0.539557] ACPI: Power Button [PWRF]
[    0.539635] input: Sleep Button as /devices/LNXSYSTM:00/LNXSLPBN:00/input/input1
[    0.539650] ACPI: Sleep Button [SLPF]
[    0.539879] Serial: 8250/16550 driver, 32 ports, IRQ sharing enabled
[    0.541034] Linux agpgart interface v0.103
[    0.631195] loop: module loaded
[    0.631383] ata_piix 0000:00:01.1: version 2.13
[    0.631868] scsi host0: ata_piix
[    0.631962] scsi host1: ata_piix
[    0.631989] ata1: PATA max UDMA/33 cmd 0x1f0 ctl 0x3f6 bmdma 0xd000 irq 14
[    0.631989] ata2: PATA max UDMA/33 cmd 0x170 ctl 0x376 bmdma 0xd008 irq 15
[    0.632078] tun: Universal TUN/TAP device driver, 1.6
[    0.632391] PPP generic driver version 2.4.2
[    0.632435] VFIO - User Level meta-driver version: 0.3
[    0.632671] ehci_hcd: USB 2.0 'Enhanced' Host Controller (EHCI) Driver
[    0.632676] ehci-pci: EHCI PCI platform driver
[    0.632692] ehci-platform: EHCI generic platform driver
[    0.632698] ohci_hcd: USB 1.1 'Open' Host Controller (OHCI) Driver
[    0.632699] ohci-pci: OHCI PCI platform driver
[    0.632707] ohci-platform: OHCI generic platform driver
[    0.632711] uhci_hcd: USB Universal Host Controller Interface driver
[    0.632778] i8042: PNP: PS/2 Controller [PNP0303:PS2K,PNP0f03:PS2M] at 0x60,0x64 irq 1,12
[    0.633218] serio: i8042 KBD port at 0x60,0x64 irq 1
[    0.633222] serio: i8042 AUX port at 0x60,0x64 irq 12
[    0.633310] mousedev: PS/2 mouse device common for all mice
[    0.633572] input: AT Translated Set 2 keyboard as /devices/platform/i8042/serio0/input/input2
[    0.633971] rtc_cmos rtc_cmos: registered as rtc0
[    0.633984] rtc_cmos rtc_cmos: alarms up to one day, 114 bytes nvram
[    0.633989] i2c /dev entries driver
[    0.634033] device-mapper: uevent: version 1.0.3
[    0.634077] device-mapper: ioctl: 4.41.0-ioctl (2019-09-16) initialised: dm-devel@redhat.com
[    0.634093] platform eisa.0: Probing EISA bus 0
[    0.634094] platform eisa.0: EISA: Cannot allocate resource for mainboard
[    0.634095] platform eisa.0: Cannot allocate resource for EISA slot 1
[    0.634096] platform eisa.0: Cannot allocate resource for EISA slot 2
[    0.634097] platform eisa.0: Cannot allocate resource for EISA slot 3
[    0.634098] platform eisa.0: Cannot allocate resource for EISA slot 4
[    0.634099] platform eisa.0: Cannot allocate resource for EISA slot 5
[    0.634100] platform eisa.0: Cannot allocate resource for EISA slot 6
[    0.634101] platform eisa.0: Cannot allocate resource for EISA slot 7
[    0.634102] platform eisa.0: Cannot allocate resource for EISA slot 8
[    0.634103] platform eisa.0: EISA: Detected 0 cards
[    0.634106] intel_pstate: CPU model not supported
[    0.634115] ledtrig-cpu: registered to indicate activity on CPUs
[    0.634168] drop_monitor: Initializing network drop monitor service
[    0.634328] NET: Registered protocol family 10
[    0.639285] Segment Routing with IPv6
[    0.639285] fullmesh registered
[    0.639285] ndiffports registered
[    0.639285] binder registered
[    0.639285] roundrobin registered
[    0.639285] redundant registered
[    0.639285] blest registered
[    0.639285] ecf registered
[    0.639285] NET: Registered protocol family 17
[    0.639285] Key type dns_resolver registered
[    0.639285] RAS: Correctable Errors collector initialized.
[    0.639285] IPI shorthand broadcast: enabled
[    0.639285] sched_clock: Marking stable (624178646, 11106562)->(635966258, -681050)
[    0.639755] registered taskstats version 1
[    0.639764] Loading compiled-in X.509 certificates
[    0.640354] Loaded X.509 cert 'Build time autogenerated kernel key: 6909f3744cebb3d0de528d5887b96a727de79b1e'
[    0.640373] zswap: loaded using pool lzo/zbud
[    0.640426] Key type ._fscrypt registered
[    0.640426] Key type .fscrypt registered
[    0.644907] Key type big_key registered
[    0.647098] Key type encrypted registered
[    0.647101] AppArmor: AppArmor sha1 policy hashing enabled
[    0.647109] ima: No TPM chip found, activating TPM-bypass!
[    0.647113] ima: Allocated hash algorithm: sha1
[    0.647118] ima: No architecture policies found
[    0.647127] evm: Initialising EVM extended attributes:
[    0.647127] evm: security.selinux
[    0.647128] evm: security.SMACK64
[    0.647128] evm: security.SMACK64EXEC
[    0.647128] evm: security.SMACK64TRANSMUTE
[    0.647129] evm: security.SMACK64MMAP
[    0.647129] evm: security.apparmor
[    0.647130] evm: security.ima
[    0.647130] evm: security.capability
[    0.647131] evm: HMAC attrs: 0x1
[    0.647428] PM:   Magic number: 10:470:698
[    0.647557] rtc_cmos rtc_cmos: setting system clock to 2026-01-18T19:40:10 UTC (1768765210)
[    0.803884] ata1.00: ATA-6: VBOX HARDDISK, 1.0, max UDMA/133
[    0.803887] ata1.00: 209715200 sectors, multi 128: LBA 
[    0.804533] scsi 0:0:0:0: Direct-Access     ATA      VBOX HARDDISK    1.0  PQ: 0 ANSI: 5
[    0.804816] sd 0:0:0:0: [sda] 209715200 512-byte logical blocks: (107 GB/100 GiB)
[    0.804828] sd 0:0:0:0: [sda] Write Protect is off
[    0.804831] sd 0:0:0:0: [sda] Mode Sense: 00 3a 00 00
[    0.804850] sd 0:0:0:0: [sda] Write cache: enabled, read cache: enabled, doesn't support DPO or FUA
[    0.805159] sd 0:0:0:0: Attached scsi generic sg0 type 0
[    0.805951]  sda: sda1 sda2
[    0.815304] sd 0:0:0:0: [sda] Attached SCSI disk
[    0.818436] Freeing unused decrypted memory: 2040K
[    0.819387] Freeing unused kernel image memory: 2728K
[    0.819390] Write protecting the kernel read-only data: 22528k
[    0.820360] Freeing unused kernel image memory: 2036K
[    0.820897] Freeing unused kernel image memory: 1432K
[    0.845792] x86/mm: Checked W+X mappings: passed, no W+X pages found.
[    0.845797] Run /init as init process
[    0.953423] ACPI: Video Device [GFX0] (multi-head: yes  rom: no  post: no)
[    0.953498] input: Video Bus as /devices/LNXSYSTM:00/LNXSYBUS:00/PNP0A03:00/LNXVIDEO:00/input/input4
[    0.966133] pcnet32: pcnet32.c:v1.35 21.Apr.2008 tsbogend@alpha.franken.de
[    0.967993] piix4_smbus 0000:00:07.0: SMBus Host Controller at 0x4100, revision 0
[    0.970782] e1000: Intel(R) PRO/1000 Network Driver - version 7.3.21-k8-NAPI
[    0.970783] e1000: Copyright (c) 1999-2006 Intel Corporation.
[    0.997761] pcnet32: PCnet/FAST III 79C973 at 0xd020, 08:00:27:bb:a7:7b assigned IRQ 19
[    0.997821] pcnet32: Found PHY 0022:561b at address 0
[    0.998234] pcnet32: eth0: registered as PCnet/FAST III 79C973
[    0.998270] pcnet32: 1 cards_found
[    1.053641] pcnet32 0000:00:03.0 enp0s3: renamed from eth0
[    1.200563] input: ImExPS/2 Generic Explorer Mouse as /devices/platform/i8042/serio1/input/input5
[    1.395452] e1000 0000:00:08.0 eth0: (PCI:33MHz:32-bit) 08:00:27:30:76:34
[    1.395457] e1000 0000:00:08.0 eth0: Intel(R) PRO/1000 Network Connection
[    1.771550] e1000 0000:00:09.0 eth1: (PCI:33MHz:32-bit) 08:00:27:3b:50:d7
[    1.771552] e1000 0000:00:09.0 eth1: Intel(R) PRO/1000 Network Connection
[    1.772718] e1000 0000:00:09.0 enp0s9: renamed from eth1
[    1.774550] e1000 0000:00:08.0 enp0s8: renamed from eth0
[    1.934433] EXT4-fs (sda2): mounted filesystem with ordered data mode. Opts: (null)
[    2.029739] systemd[1]: Inserted module 'autofs4'
[    2.041099] systemd[1]: systemd 245.4-4ubuntu3 running in system mode. (+PAM +AUDIT +SELINUX +IMA +APPARMOR +SMACK +SYSVINIT +UTMP +LIBCRYPTSETUP +GCRYPT +GNUTLS +ACL +XZ +LZ4 +SECCOMP +BLKID +ELFUTILS +KMOD +IDN2 -IDN +PCRE2 default-hierarchy=hybrid)
[    2.041129] systemd[1]: Detected virtualization oracle.
[    2.041132] systemd[1]: Detected architecture x86-64.
[    2.042419] systemd[1]: Set hostname to <ztg>.
[    2.171751] systemd[1]: /lib/systemd/system/dbus.socket:5: ListenStream= references a path below legacy directory /var/run/, updating /var/run/dbus/system_bus_socket â†’ /run/dbus/system_bus_socket; please update the unit file accordingly.
[    2.226752] systemd[1]: Created slice system-modprobe.slice.
[    2.226939] systemd[1]: Created slice User and Session Slice.
[    2.226987] systemd[1]: Started Forward Password Requests to Wall Directory Watch.
[    2.227188] systemd[1]: Set up automount Arbitrary Executable File Formats File System Automount Point.
[    2.227228] systemd[1]: Reached target User and Group Name Lookups.
[    2.227237] systemd[1]: Reached target Remote File Systems.
[    2.227245] systemd[1]: Reached target Slices.
[    2.227802] systemd[1]: Listening on Syslog Socket.
[    2.227871] systemd[1]: Listening on fsck to fsckd communication Socket.
[    2.227909] systemd[1]: Listening on initctl Compatibility Named Pipe.
[    2.228048] systemd[1]: Listening on Journal Audit Socket.
[    2.228102] systemd[1]: Listening on Journal Socket (/dev/log).
[    2.228172] systemd[1]: Listening on Journal Socket.
[    2.228238] systemd[1]: Listening on udev Control Socket.
[    2.228277] systemd[1]: Listening on udev Kernel Socket.
[    2.229035] systemd[1]: Mounting Huge Pages File System...
[    2.229972] systemd[1]: Mounting POSIX Message Queue File System...
[    2.230878] systemd[1]: Mounting Kernel Debug File System...
[    2.231761] systemd[1]: Mounting Kernel Trace File System...
[    2.233692] systemd[1]: Starting Journal Service...
[    2.257819] systemd[1]: Starting Set the console keyboard layout...
[    2.265849] systemd[1]: Starting Create list of static device nodes for the current kernel...
[    2.267961] systemd[1]: Starting Load Kernel Module drm...
[    2.269083] systemd[1]: Condition check resulted in Set Up Additional Binary Formats being skipped.
[    2.269131] systemd[1]: Condition check resulted in File System Check on Root Device being skipped.
[    2.282297] systemd[1]: Starting Load Kernel Modules...
[    2.291279] systemd[1]: Starting Remount Root and Kernel File Systems...
[    2.297329] systemd[1]: Starting udev Coldplug all Devices...
[    2.307198] systemd[1]: Starting Uncomplicated firewall...
[    2.309574] systemd[1]: Mounted Huge Pages File System.
[    2.309660] systemd[1]: Mounted POSIX Message Queue File System.
[    2.309731] systemd[1]: Mounted Kernel Debug File System.
[    2.309800] systemd[1]: Mounted Kernel Trace File System.
[    2.318774] EXT4-fs (sda2): re-mounted. Opts: errors=remount-ro
[    2.320943] systemd[1]: Finished Create list of static device nodes for the current kernel.
[    2.321982] systemd[1]: modprobe@drm.service: Succeeded.
[    2.336640] systemd[1]: Finished Load Kernel Module drm.
[    2.344121] systemd[1]: Finished Remount Root and Kernel File Systems.
[    2.346286] lp: driver loaded but no devices found
[    2.362956] systemd[1]: Finished Uncomplicated firewall.
[    2.379966] systemd[1]: Condition check resulted in Rebuild Hardware Database being skipped.
[    2.380009] systemd[1]: Condition check resulted in Platform Persistent Storage Archival being skipped.
[    2.380754] systemd[1]: Starting Load/Save Random Seed...
[    2.382660] ppdev: user-space parallel port driver
[    2.390908] systemd[1]: Starting Create System Users...
[    2.401277] systemd[1]: Finished Load/Save Random Seed.
[    2.409741] systemd[1]: Finished Create System Users.
[    2.410527] systemd[1]: Starting Create Static Device Nodes in /dev...
[    2.461120] systemd[1]: Finished udev Coldplug all Devices.
[    2.462617] [drm] DMA map mode: Caching DMA mappings.
[    2.462681] [drm] Capabilities:
[    2.462681] [drm]   Rect copy.
[    2.462682] [drm]   Cursor.
[    2.462682] [drm]   Cursor bypass.
[    2.462682] [drm]   Cursor bypass 2.
[    2.462683] [drm]   Alpha cursor.
[    2.462683] [drm]   Extended Fifo.
[    2.462684] [drm]   Pitchlock.
[    2.462684] [drm]   Irq mask.
[    2.462684] [drm]   GMR.
[    2.462684] [drm]   Traces.
[    2.462685] [drm]   GMR2.
[    2.462685] [drm]   Screen Object 2.
[    2.462686] [drm]   Command Buffers.
[    2.462686] [drm]   Command Buffers 2.
[    2.462686] [drm]   Guest Backed Resources.
[    2.462687] [drm] Max GMR ids is 8192
[    2.462688] [drm] Max number of GMR pages is 1048576
[    2.462688] [drm] Max dedicated hypervisor surface memory is 393216 kiB
[    2.462689] [drm] Maximum display memory size is 131072 kiB
[    2.462690] [drm] VRAM at 0xe0000000 size is 131072 kiB
[    2.462690] [drm] MMIO at 0xf0000000 size is 2048 kiB
[    2.463893] [TTM] Zone  kernel: Available graphics memory: 1011738 KiB
[    2.463893] [TTM] Initializing pool allocator
[    2.463899] [TTM] Initializing DMA pool allocator
[    2.463928] [drm] Supports vblank timestamp caching Rev 2 (21.10.2013).
[    2.463928] [drm] No driver support for vblank timestamp query.
[    2.464146] [drm] Screen Target Display device initialized
[    2.464353] [drm] width 720
[    2.464361] [drm] height 400
[    2.464365] [drm] bpp 32
[    2.464935] [drm] Fifo max 0x00200000 min 0x00001000 cap 0x00000355
[    2.465979] [drm] Using command buffers with DMA pool.
[    2.465983] [drm] DX: no.
[    2.465983] [drm] Atomic: yes.
[    2.465984] [drm] SM4_1: no.
[    2.466003] [drm:vmw_host_log [vmwgfx]] *ERROR* Failed to send host log message.
[    2.466920] [drm:vmw_host_log [vmwgfx]] *ERROR* Failed to send host log message.
[    2.470053] systemd[1]: Finished Create Static Device Nodes in /dev.
[    2.470984] systemd[1]: Starting udev Kernel Device Manager...
[    2.482307] fbcon: svgadrmfb (fb0) is primary device
[    2.503765] Console: switching to colour frame buffer device 100x37
[    2.505103] [drm] Initialized vmwgfx 2.15.0 20180704 for 0000:00:02.0 on minor 0
[    2.508105] systemd[1]: Finished Load Kernel Modules.
[    2.509046] systemd[1]: Mounting FUSE Control File System...
[    2.510332] systemd[1]: Mounting Kernel Configuration File System...
[    2.529285] systemd[1]: Starting Apply Kernel Variables...
[    2.529918] systemd[1]: Mounted Kernel Configuration File System.
[    2.533476] systemd[1]: Mounted FUSE Control File System.
[    2.533538] systemd[1]: Condition check resulted in VMware vmblock fuse mount being skipped.
[    2.548618] systemd[1]: Finished Apply Kernel Variables.
[    2.550886] systemd[1]: Finished Set the console keyboard layout.
[    2.550964] systemd[1]: Reached target Local File Systems (Pre).
[    2.554143] systemd[1]: Mounting Mount unit for bare, revision 5...
[    2.557850] systemd[1]: Mounting Mount unit for core18, revision 1705...
[    2.579816] systemd[1]: Mounting Mount unit for gnome-3-34-1804, revision 24...
[    2.583784] systemd[1]: Mounting Mount unit for gtk-common-themes, revision 1506...
[    2.595562] systemd[1]: Mounting Mount unit for gtk-common-themes, revision 1535...
[    2.604765] systemd[1]: Mounting Mount unit for snap-store, revision 433...
[    2.613391] systemd[1]: Mounting Mount unit for snapd, revision 25935...
[    2.639616] systemd[1]: Mounted Mount unit for bare, revision 5.
[    2.649757] systemd[1]: Mounted Mount unit for core18, revision 1705.
[    2.649855] systemd[1]: Mounted Mount unit for gnome-3-34-1804, revision 24.
[    2.649933] systemd[1]: Mounted Mount unit for gtk-common-themes, revision 1506.
[    2.667008] systemd[1]: Started udev Kernel Device Manager.
[    2.667904] systemd[1]: Starting Show Plymouth Boot Screen...
[    2.674310] systemd[1]: Received SIGRTMIN+20 from PID 281 (plymouthd).
[    2.677669] systemd[1]: Mounted Mount unit for snap-store, revision 433.
[    2.699351] systemd[1]: Started Show Plymouth Boot Screen.
[    2.699576] systemd[1]: Condition check resulted in Dispatch Password Requests to Console Directory Watch being skipped.
[    2.699673] systemd[1]: Started Forward Password Requests to Plymouth Directory Watch.
[    2.701516] systemd[1]: Reached target Local Encrypted Volumes.
[    2.705064] systemd[1]: Mounted Mount unit for gtk-common-themes, revision 1535.
[    2.705284] systemd[1]: Mounted Mount unit for snapd, revision 25935.
[    2.705438] systemd[1]: Reached target Local File Systems.
[    2.707946] systemd[1]: Starting Load AppArmor profiles...
[    2.708816] systemd[1]: Starting Set console font and keymap...
[    2.721479] systemd[1]: Starting Tell Plymouth To Write Out Runtime Data...
[    2.721601] systemd[1]: Condition check resulted in Store a System Token in an EFI Variable being skipped.
[    2.721646] systemd[1]: Condition check resulted in Commit a transient machine-id on disk being skipped.
[    2.727887] systemd[1]: Finished Set console font and keymap.
[    2.733040] systemd[1]: Received SIGRTMIN+20 from PID 281 (plymouthd).
[    2.735618] systemd[1]: plymouth-read-write.service: Succeeded.
[    2.735850] systemd[1]: Finished Tell Plymouth To Write Out Runtime Data.
[    2.759080] audit: type=1400 audit(1768765212.604:2): apparmor="STATUS" operation="profile_load" profile="unconfined" name="nvidia_modprobe" pid=297 comm="apparmor_parser"
[    2.759082] audit: type=1400 audit(1768765212.604:3): apparmor="STATUS" operation="profile_load" profile="unconfined" name="nvidia_modprobe//kmod" pid=297 comm="apparmor_parser"
[    2.769444] audit: type=1400 audit(1768765212.616:4): apparmor="STATUS" operation="profile_load" profile="unconfined" name="/usr/sbin/tcpdump" pid=302 comm="apparmor_parser"
[    2.818214] audit: type=1400 audit(1768765212.656:5): apparmor="STATUS" operation="profile_load" profile="unconfined" name="/usr/bin/evince" pid=304 comm="apparmor_parser"
[    2.818216] audit: type=1400 audit(1768765212.656:6): apparmor="STATUS" operation="profile_load" profile="unconfined" name="/usr/bin/evince//sanitized_helper" pid=304 comm="apparmor_parser"
[    2.818218] audit: type=1400 audit(1768765212.656:7): apparmor="STATUS" operation="profile_load" profile="unconfined" name="/usr/bin/evince-previewer" pid=304 comm="apparmor_parser"
[    2.818219] audit: type=1400 audit(1768765212.656:8): apparmor="STATUS" operation="profile_load" profile="unconfined" name="/usr/bin/evince-previewer//sanitized_helper" pid=304 comm="apparmor_parser"
[    2.818221] audit: type=1400 audit(1768765212.656:9): apparmor="STATUS" operation="profile_load" profile="unconfined" name="/usr/bin/evince-thumbnailer" pid=304 comm="apparmor_parser"
[    2.832236] audit: type=1400 audit(1768765212.680:10): apparmor="STATUS" operation="profile_load" profile="unconfined" name="/usr/lib/cups/backend/cups-pdf" pid=305 comm="apparmor_parser"
[    2.911511] systemd[1]: Finished Load AppArmor profiles.
[    2.912445] systemd[1]: Starting Load AppArmor profiles managed internally by snapd...
[    3.028350] systemd[1]: Finished Load AppArmor profiles managed internally by snapd.
[    3.226210] systemd[1]: Started Journal Service.
[    3.234512] systemd-journald[229]: Received client request to flush runtime journal.
[    3.238707] systemd-journald[229]: File /var/log/journal/c455b248004a419c87ce85eea238d727/system.journal corrupted or uncleanly shut down, renaming and replacing.
[    4.565330] RAPL PMU: API unit is 2^-32 Joules, 0 fixed counters, 10737418240 ms ovfl timer
[    4.608656] cryptd: max_cpu_qlen set to 1000
[    4.683539] AVX2 version of gcm_enc/dec engaged.
[    4.683541] AES CTR mode by8 optimization enabled
[    6.511774] Adding 1998844k swap on /dev/sda1.  Priority:-2 extents:1 across:1998844k FS
[    8.445788] kauditd_printk_skb: 30 callbacks suppressed
[    8.445790] audit: type=1400 audit(1768765218.284:41): apparmor="DENIED" operation="capable" profile="/usr/sbin/cups-browsed" pid=509 comm="cups-browsed" capability=23  capname="sys_nice"
[    9.108277] pcnet32 0000:00:03.0 enp0s3: link up, 100Mbps, full-duplex
[    9.152994] e1000: enp0s8 NIC Link is Up 1000 Mbps Full Duplex, Flow Control: RX
[    9.153289] IPv6: ADDRCONF(NETDEV_CHANGE): enp0s8: link becomes ready
[    9.177165] e1000: enp0s9 NIC Link is Up 1000 Mbps Full Duplex, Flow Control: RX
[    9.177458] IPv6: ADDRCONF(NETDEV_CHANGE): enp0s9: link becomes ready
[    9.830847] device enp0s3 entered promiscuous mode
[    9.863000] audit: type=1400 audit(1768765219.712:42): apparmor="DENIED" operation="open" profile="/usr/sbin/tcpdump" name="/proc/sys/kernel/random/boot_id" pid=665 comm="tcpdump" requested_mask="r" denied_mask="r" fsuid=0 ouid=0
[    9.864956] audit: type=1400 audit(1768765219.712:43): apparmor="DENIED" operation="open" profile="/usr/sbin/tcpdump" name="/proc/sys/kernel/random/boot_id" pid=665 comm="tcpdump" requested_mask="r" denied_mask="r" fsuid=0 ouid=0
[    9.865001] audit: type=1400 audit(1768765219.712:44): apparmor="DENIED" operation="open" profile="/usr/sbin/tcpdump" name="/proc/sys/kernel/random/boot_id" pid=665 comm="tcpdump" requested_mask="r" denied_mask="r" fsuid=0 ouid=0
[    9.865060] audit: type=1400 audit(1768765219.712:45): apparmor="DENIED" operation="open" profile="/usr/sbin/tcpdump" name="/proc/sys/kernel/random/boot_id" pid=665 comm="tcpdump" requested_mask="r" denied_mask="r" fsuid=0 ouid=0
[    9.869482] audit: type=1400 audit(1768765219.720:46): apparmor="DENIED" operation="open" profile="/usr/sbin/tcpdump" name="/proc/sys/kernel/random/boot_id" pid=666 comm="tcpdump" requested_mask="r" denied_mask="r" fsuid=0 ouid=0
[    9.869663] audit: type=1400 audit(1768765219.720:47): apparmor="DENIED" operation="open" profile="/usr/sbin/tcpdump" name="/proc/sys/kernel/random/boot_id" pid=666 comm="tcpdump" requested_mask="r" denied_mask="r" fsuid=0 ouid=0
[    9.869735] audit: type=1400 audit(1768765219.720:48): apparmor="DENIED" operation="open" profile="/usr/sbin/tcpdump" name="/proc/sys/kernel/random/boot_id" pid=666 comm="tcpdump" requested_mask="r" denied_mask="r" fsuid=0 ouid=0
[    9.869819] audit: type=1400 audit(1768765219.720:49): apparmor="DENIED" operation="open" profile="/usr/sbin/tcpdump" name="/proc/sys/kernel/random/boot_id" pid=666 comm="tcpdump" requested_mask="r" denied_mask="r" fsuid=0 ouid=0
[   15.694180] rfkill: input handler disabled
[  339.017886] AAAAA-TCP_FORW: name:enp0s3: saddr:100932208: daddr:16783984
[  339.181677] AAAAA-TCP_FORW: name:enp0s3: saddr:100932208: daddr:16783984
[  339.234436] AAAAA-TCP_FORW: name:enp0s3: saddr:100932208: daddr:16783984
[  339.367387] AAAAA-TCP_FORW: name:enp0s3: saddr:100932208: daddr:16783984
[  339.475644] AAAAA-TCP_FORW: name:enp0s3: saddr:100932208: daddr:33561200
[  339.741496] AAAAA-TCP_FORW: name:enp0s3: saddr:100932208: daddr:33561200
[  339.859384] AAAAA-TCP_FORW: name:enp0s3: saddr:100932208: daddr:33561200
[  340.394233] AAAAA-TCP_FORW: name:enp0s3: saddr:100932208: daddr:33561200
[  341.462021] AAAAA-TCP_FORW: name:enp0s3: saddr:100932208: daddr:33561200
[  341.520608] AAAAA-TCP_FORW: name:enp0s3: saddr:100932208: daddr:33561200
[  343.446222] AAAAA-TCP_FORW: name:enp0s3: saddr:100932208: daddr:33561200
[  345.062225] AAAAA-TCP_FORW: name:enp0s3: saddr:100932208: daddr:16783984
[  345.522567] AAAAA-TCP_FORW: name:enp0s3: saddr:100932208: daddr:33561200
[  345.600827] AAAAA-TCP_FORW: name:enp0s3: saddr:100932208: daddr:33561200
[  345.697980] AAAAA-TCP_FORW: name:enp0s3: saddr:100932208: daddr:33561200
[  345.815478] AAAAA-TCP_FORW: name:enp0s3: saddr:100932208: daddr:33561200
[  345.878557] AAAAA-TCP_FORW: name:enp0s3: saddr:100932208: daddr:33561200
[  345.970520] AAAAA-TCP_FORW: name:enp0s3: saddr:100932208: daddr:33561200
[  346.046450] AAAAA-TCP_FORW: name:enp0s3: saddr:100932208: daddr:33561200
[  346.144920] AAAAA-TCP_FORW: name:enp0s3: saddr:100932208: daddr:33561200
[  346.192662] AAAAA-TCP_FORW: name:enp0s3: saddr:100932208: daddr:16783984
[  346.274043] AAAAA-TCP_FORW: name:enp0s3: saddr:100932208: daddr:16783984
[  544.746485] rfkill: input handler enabled
[  553.325288] rfkill: input handler disabled
[  748.940884] device enp0s3 left promiscuous mode
