[    0.000000] Linux version 5.4.243-mptcp (root@ztg) (gcc version 12.2.0 (Debian 12.2.0-14+deb12u1)) #53 SMP Wed Dec 24 23:28:15 CST 2025
[    0.000000] Command line: BOOT_IMAGE=/boot/vmlinuz-5.4.243-mptcp root=UUID=98415a12-53b7-4144-8265-0f7ece09e445 ro quiet splash
[    0.000000] KERNEL supported cpus:
[    0.000000]   Intel GenuineIntel
[    0.000000]   AMD AuthenticAMD
[    0.000000]   Hygon HygonGenuine
[    0.000000]   Centaur CentaurHauls
[    0.000000]   zhaoxin   Shanghai  
[    0.000000] x86/fpu: Supporting XSAVE feature 0x001: 'x87 floating point registers'
[    0.000000] x86/fpu: Supporting XSAVE feature 0x002: 'SSE registers'
[    0.000000] x86/fpu: Supporting XSAVE feature 0x004: 'AVX registers'
[    0.000000] x86/fpu: xstate_offset[2]:  576, xstate_sizes[2]:  256
[    0.000000] x86/fpu: Enabled xstate features 0x7, context size is 832 bytes, using 'standard' format.
[    0.000000] BIOS-provided physical RAM map:
[    0.000000] BIOS-e820: [mem 0x0000000000000000-0x000000000009fbff] usable
[    0.000000] BIOS-e820: [mem 0x000000000009fc00-0x000000000009ffff] reserved
[    0.000000] BIOS-e820: [mem 0x00000000000f0000-0x00000000000fffff] reserved
[    0.000000] BIOS-e820: [mem 0x0000000000100000-0x000000007ffeffff] usable
[    0.000000] BIOS-e820: [mem 0x000000007fff0000-0x000000007fffffff] ACPI data
[    0.000000] BIOS-e820: [mem 0x00000000fec00000-0x00000000fec00fff] reserved
[    0.000000] BIOS-e820: [mem 0x00000000fee00000-0x00000000fee00fff] reserved
[    0.000000] BIOS-e820: [mem 0x00000000fffc0000-0x00000000ffffffff] reserved
[    0.000000] NX (Execute Disable) protection: active
[    0.000000] SMBIOS 2.5 present.
[    0.000000] DMI: innotek GmbH VirtualBox/VirtualBox, BIOS VirtualBox 12/01/2006
[    0.000000] Hypervisor detected: KVM
[    0.000000] kvm-clock: Using msrs 4b564d01 and 4b564d00
[    0.000000] kvm-clock: cpu 0, msr 6c401001, primary cpu clock
[    0.000000] kvm-clock: using sched offset of 4393039075 cycles
[    0.000003] clocksource: kvm-clock: mask: 0xffffffffffffffff max_cycles: 0x1cd42e4dffb, max_idle_ns: 881590591483 ns
[    0.000005] tsc: Detected 2100.000 MHz processor
[    0.001852] e820: update [mem 0x00000000-0x00000fff] usable ==> reserved
[    0.001854] e820: remove [mem 0x000a0000-0x000fffff] usable
[    0.001858] last_pfn = 0x7fff0 max_arch_pfn = 0x400000000
[    0.001926] MTRR default type: uncachable
[    0.001927] MTRR fixed ranges enabled:
[    0.001928]   00000-9FFFF write-back
[    0.001929]   A0000-BFFFF uncachable
[    0.001930]   C0000-FFFFF write-protect
[    0.001930] MTRR variable ranges enabled:
[    0.001932]   0 base 000000000000 mask 3FFF80000000 write-back
[    0.001932]   1 disabled
[    0.001933]   2 disabled
[    0.001933]   3 disabled
[    0.001934]   4 disabled
[    0.001934]   5 disabled
[    0.001934]   6 disabled
[    0.001935]   7 disabled
[    0.001935]   8 disabled
[    0.001936]   9 disabled
[    0.001936]   10 disabled
[    0.001937]   11 disabled
[    0.001937]   12 disabled
[    0.001938]   13 disabled
[    0.001938]   14 disabled
[    0.001938]   15 disabled
[    0.001955] x86/PAT: Configuration [0-7]: WB  WC  UC- UC  WB  WP  UC- WT  
[    0.002098] found SMP MP-table at [mem 0x0009fff0-0x0009ffff]
[    0.089744] check: Scanning 1 areas for low memory corruption
[    0.089919] RAMDISK: [mem 0x32271000-0x3512ffff]
[    0.089927] ACPI: Early table checksum verification disabled
[    0.089932] ACPI: RSDP 0x00000000000E0000 000024 (v02 VBOX  )
[    0.089937] ACPI: XSDT 0x000000007FFF0030 00003C (v01 VBOX   VBOXXSDT 00000001 ASL  00000061)
[    0.089943] ACPI: FACP 0x000000007FFF00F0 0000F4 (v04 VBOX   VBOXFACP 00000001 ASL  00000061)
[    0.089950] ACPI: DSDT 0x000000007FFF02E0 002353 (v02 VBOX   VBOXBIOS 00000002 VBOX 00029BF3)
[    0.089954] ACPI: FACS 0x000000007FFF0200 000040
[    0.089957] ACPI: FACS 0x000000007FFF0200 000040
[    0.089961] ACPI: APIC 0x000000007FFF0240 000054 (v02 VBOX   VBOXAPIC 00000001 ASL  00000061)
[    0.089964] ACPI: SSDT 0x000000007FFF02A0 000038 (v01 VBOX   VBOXCPUT 00000002 VBOX 00029BF3)
[    0.089974] ACPI: Reserving FACP table memory at [mem 0x7fff00f0-0x7fff01e3]
[    0.089975] ACPI: Reserving DSDT table memory at [mem 0x7fff02e0-0x7fff2632]
[    0.089976] ACPI: Reserving FACS table memory at [mem 0x7fff0200-0x7fff023f]
[    0.089977] ACPI: Reserving FACS table memory at [mem 0x7fff0200-0x7fff023f]
[    0.089978] ACPI: Reserving APIC table memory at [mem 0x7fff0240-0x7fff0293]
[    0.089978] ACPI: Reserving SSDT table memory at [mem 0x7fff02a0-0x7fff02d7]
[    0.089994] ACPI: Local APIC address 0xfee00000
[    0.090183] No NUMA configuration found
[    0.090184] Faking a node at [mem 0x0000000000000000-0x000000007ffeffff]
[    0.090194] NODE_DATA(0) allocated [mem 0x7ffc5000-0x7ffeffff]
[    0.090456] Zone ranges:
[    0.090457]   DMA      [mem 0x0000000000001000-0x0000000000ffffff]
[    0.090458]   DMA32    [mem 0x0000000001000000-0x000000007ffeffff]
[    0.090459]   Normal   empty
[    0.090460]   Device   empty
[    0.090460] Movable zone start for each node
[    0.090462] Early memory node ranges
[    0.090463]   node   0: [mem 0x0000000000001000-0x000000000009efff]
[    0.090464]   node   0: [mem 0x0000000000100000-0x000000007ffeffff]
[    0.090467] Zeroed struct page in unavailable ranges: 114 pages
[    0.090468] Initmem setup node 0 [mem 0x0000000000001000-0x000000007ffeffff]
[    0.090469] On node 0 totalpages: 524174
[    0.090470]   DMA zone: 64 pages used for memmap
[    0.090471]   DMA zone: 21 pages reserved
[    0.090472]   DMA zone: 3998 pages, LIFO batch:0
[    0.090543]   DMA32 zone: 8128 pages used for memmap
[    0.090544]   DMA32 zone: 520176 pages, LIFO batch:63
[    0.099518] ACPI: PM-Timer IO Port: 0x4008
[    0.099521] ACPI: Local APIC address 0xfee00000
[    0.099591] IOAPIC[0]: apic_id 1, version 32, address 0xfec00000, GSI 0-23
[    0.099594] ACPI: INT_SRC_OVR (bus 0 bus_irq 0 global_irq 2 dfl dfl)
[    0.099595] ACPI: INT_SRC_OVR (bus 0 bus_irq 9 global_irq 9 low level)
[    0.099598] ACPI: IRQ0 used by override.
[    0.099599] ACPI: IRQ9 used by override.
[    0.099601] Using ACPI (MADT) for SMP configuration information
[    0.099607] smpboot: Allowing 1 CPUs, 0 hotplug CPUs
[    0.099630] PM: Registered nosave memory: [mem 0x00000000-0x00000fff]
[    0.099631] PM: Registered nosave memory: [mem 0x0009f000-0x0009ffff]
[    0.099632] PM: Registered nosave memory: [mem 0x000a0000-0x000effff]
[    0.099632] PM: Registered nosave memory: [mem 0x000f0000-0x000fffff]
[    0.099634] [mem 0x80000000-0xfebfffff] available for PCI devices
[    0.099635] Booting paravirtualized kernel on KVM
[    0.099638] clocksource: refined-jiffies: mask: 0xffffffff max_cycles: 0xffffffff, max_idle_ns: 7645519600211568 ns
[    0.099642] setup_percpu: NR_CPUS:8192 nr_cpumask_bits:1 nr_cpu_ids:1 nr_node_ids:1
[    0.100659] percpu: Embedded 60 pages/cpu s208896 r8192 d28672 u2097152
[    0.100664] pcpu-alloc: s208896 r8192 d28672 u2097152 alloc=1*2097152
[    0.100664] pcpu-alloc: [0] 0 
[    0.100691] Built 1 zonelists, mobility grouping on.  Total pages: 515961
[    0.100691] Policy zone: DMA32
[    0.100693] Kernel command line: BOOT_IMAGE=/boot/vmlinuz-5.4.243-mptcp root=UUID=98415a12-53b7-4144-8265-0f7ece09e445 ro quiet splash
[    0.101534] Dentry cache hash table entries: 262144 (order: 9, 2097152 bytes, linear)
[    0.101679] Inode-cache hash table entries: 131072 (order: 8, 1048576 bytes, linear)
[    0.101730] mem auto-init: stack:off, heap alloc:on, heap free:off
[    0.101733] Calgary: detecting Calgary via BIOS EBDA area
[    0.101734] Calgary: Unable to locate Rio Grande table in EBDA - bailing!
[    0.105794] Memory: 1967332K/2096696K available (14339K kernel code, 2398K rwdata, 4712K rodata, 2728K init, 17260K bss, 129364K reserved, 0K cma-reserved)
[    0.106723] SLUB: HWalign=64, Order=0-3, MinObjects=0, CPUs=1, Nodes=1
[    0.106739] ftrace: allocating 43186 entries in 169 pages
[    0.124807] rcu: Hierarchical RCU implementation.
[    0.124809] rcu: 	RCU restricting CPUs from NR_CPUS=8192 to nr_cpu_ids=1.
[    0.124810] 	Tasks RCU enabled.
[    0.124812] rcu: RCU calculated value of scheduler-enlistment delay is 25 jiffies.
[    0.124812] rcu: Adjusting geometry for rcu_fanout_leaf=16, nr_cpu_ids=1
[    0.127783] NR_IRQS: 524544, nr_irqs: 256, preallocated irqs: 16
[    0.127996] random: crng init done
[    0.137429] Console: colour VGA+ 80x25
[    0.137433] printk: console [tty0] enabled
[    0.137452] ACPI: Core revision 20190816
[    0.137547] APIC: Switch to symmetric I/O mode setup
[    0.137805] x2apic enabled
[    0.138049] Switched APIC routing to physical x2apic.
[    0.139199] ..TIMER: vector=0x30 apic1=0 pin1=2 apic2=-1 pin2=-1
[    0.139227] clocksource: tsc-early: mask: 0xffffffffffffffff max_cycles: 0x1e4530a99b6, max_idle_ns: 440795257976 ns
[    0.139232] Calibrating delay loop (skipped) preset value.. 4200.00 BogoMIPS (lpj=8400000)
[    0.139234] pid_max: default: 32768 minimum: 301
[    0.139261] LSM: Security Framework initializing
[    0.139270] Yama: becoming mindful.
[    0.139295] AppArmor: AppArmor initialized
[    0.139330] Mount-cache hash table entries: 4096 (order: 3, 32768 bytes, linear)
[    0.139334] Mountpoint-cache hash table entries: 4096 (order: 3, 32768 bytes, linear)
[    0.139343] *** VALIDATE tmpfs ***
[    0.139472] *** VALIDATE proc ***
[    0.139512] *** VALIDATE cgroup1 ***
[    0.139513] *** VALIDATE cgroup2 ***
[    0.139655] process: using mwait in idle threads
[    0.139660] Last level iTLB entries: 4KB 64, 2MB 8, 4MB 8
[    0.139661] Last level dTLB entries: 4KB 64, 2MB 0, 4MB 0, 1GB 4
[    0.139681] Spectre V1 : Mitigation: usercopy/swapgs barriers and __user pointer sanitization
[    0.139687] Spectre V2 : Mitigation: Retpolines
[    0.139687] Spectre V2 : Spectre v2 / SpectreRSB mitigation: Filling RSB on context switch
[    0.139688] Spectre V2 : Spectre v2 / SpectreRSB : Filling RSB on VMEXIT
[    0.139688] RETBleed: WARNING: Spectre v2 mitigation leaves CPU vulnerable to RETBleed attacks, data leaks possible!
[    0.140051] RETBleed: Vulnerable
[    0.140052] Speculative Store Bypass: Vulnerable
[    0.140057] TAA: Mitigation: TSX disabled
[    0.140057] MMIO Stale Data: Mitigation: Clear CPU buffers
[    0.144276] Freeing SMP alternatives memory: 40K
[    0.256991] smpboot: CPU0: Intel(R) Xeon(R) Silver 4216 CPU @ 2.10GHz (family: 0x6, model: 0x55, stepping: 0x7)
[    0.257121] Performance Events: unsupported p6 CPU model 85 no PMU driver, software events only.
[    0.257157] rcu: Hierarchical SRCU implementation.
[    0.257660] NMI watchdog: Perf NMI watchdog permanently disabled
[    0.257699] smp: Bringing up secondary CPUs ...
[    0.257700] smp: Brought up 1 node, 1 CPU
[    0.257701] smpboot: Max logical packages: 1
[    0.257703] smpboot: Total of 1 processors activated (4200.00 BogoMIPS)
[    0.258657] devtmpfs: initialized
[    0.258704] x86/mm: Memory block size: 128MB
[    0.259083] clocksource: jiffies: mask: 0xffffffff max_cycles: 0xffffffff, max_idle_ns: 7645041785100000 ns
[    0.259089] futex hash table entries: 256 (order: 2, 16384 bytes, linear)
[    0.259135] pinctrl core: initialized pinctrl subsystem
[    0.259229] PM: RTC time: 19:39:57, date: 2026-01-18
[    0.259229] NET: Registered protocol family 16
[    0.259229] audit: initializing netlink subsys (disabled)
[    0.259229] EISA bus registered
[    0.259229] cpuidle: using governor ladder
[    0.259229] cpuidle: using governor menu
[    0.259229] ACPI: bus type PCI registered
[    0.259229] acpiphp: ACPI Hot Plug PCI Controller Driver version: 0.5
[    0.259229] PCI: Using configuration type 1 for base access
[    0.259618] audit: type=2000 audit(1768736403.981:1): state=initialized audit_enabled=0 res=1
[    0.259699] HugeTLB registered 2.00 MiB page size, pre-allocated 0 pages
[    0.260512] ACPI: Added _OSI(Module Device)
[    0.260513] ACPI: Added _OSI(Processor Device)
[    0.260514] ACPI: Added _OSI(3.0 _SCP Extensions)
[    0.260515] ACPI: Added _OSI(Processor Aggregator Device)
[    0.260515] ACPI: Added _OSI(Linux-Dell-Video)
[    0.260516] ACPI: Added _OSI(Linux-Lenovo-NV-HDMI-Audio)
[    0.260517] ACPI: Added _OSI(Linux-HPI-Hybrid-Graphics)
[    0.262563] ACPI: 2 ACPI AML tables successfully acquired and loaded
[    0.264321] ACPI: Interpreter enabled
[    0.264330] ACPI: (supports S0 S5)
[    0.264332] ACPI: Using IOAPIC for interrupt routing
[    0.264538] PCI: Using host bridge windows from ACPI; if necessary, use "pci=nocrs" and report a bug
[    0.264647] ACPI: Enabled 2 GPEs in block 00 to 07
[    0.269753] ACPI: PCI Root Bridge [PCI0] (domain 0000 [bus 00-ff])
[    0.269758] acpi PNP0A03:00: _OSC: OS supports [ASPM ClockPM Segments MSI HPX-Type3]
[    0.270251] acpi PNP0A03:00: _OSC: not requesting OS control; OS requires [ExtendedConfig ASPM ClockPM MSI]
[    0.270259] acpi PNP0A03:00: fail to add MMCONFIG information, can't access extended PCI configuration space under this bridge.
[    0.270626] PCI host bridge to bus 0000:00
[    0.270629] pci_bus 0000:00: root bus resource [io  0x0000-0x0cf7 window]
[    0.270630] pci_bus 0000:00: root bus resource [io  0x0d00-0xffff window]
[    0.270631] pci_bus 0000:00: root bus resource [mem 0x000a0000-0x000bffff window]
[    0.270632] pci_bus 0000:00: root bus resource [mem 0x80000000-0xfdffffff window]
[    0.270633] pci_bus 0000:00: root bus resource [bus 00-ff]
[    0.270673] pci 0000:00:00.0: [8086:1237] type 00 class 0x060000
[    0.271767] pci 0000:00:01.0: [8086:7000] type 00 class 0x060100
[    0.272505] pci 0000:00:01.1: [8086:7111] type 00 class 0x01018a
[    0.272881] pci 0000:00:01.1: reg 0x20: [io  0xd000-0xd00f]
[    0.273034] pci 0000:00:01.1: legacy IDE quirk: reg 0x10: [io  0x01f0-0x01f7]
[    0.273035] pci 0000:00:01.1: legacy IDE quirk: reg 0x14: [io  0x03f6]
[    0.273036] pci 0000:00:01.1: legacy IDE quirk: reg 0x18: [io  0x0170-0x0177]
[    0.273037] pci 0000:00:01.1: legacy IDE quirk: reg 0x1c: [io  0x0376]
[    0.273571] pci 0000:00:02.0: [15ad:0405] type 00 class 0x030000
[    0.275306] pci 0000:00:02.0: reg 0x10: [io  0xd010-0xd01f]
[    0.279274] pci 0000:00:02.0: reg 0x14: [mem 0xe0000000-0xe7ffffff pref]
[    0.281857] pci 0000:00:02.0: reg 0x18: [mem 0xf0000000-0xf01fffff]
[    0.292007] pci 0000:00:03.0: [1022:2000] type 00 class 0x020000
[    0.292678] pci 0000:00:03.0: reg 0x10: [io  0xd020-0xd03f]
[    0.293283] pci 0000:00:03.0: reg 0x14: [mem 0xf0200000-0xf0200fff]
[    0.297732] pci 0000:00:04.0: [80ee:cafe] type 00 class 0x088000
[    0.298409] pci 0000:00:04.0: reg 0x10: [io  0xd040-0xd05f]
[    0.299018] pci 0000:00:04.0: reg 0x14: [mem 0xf0400000-0xf07fffff]
[    0.299342] pci 0000:00:04.0: reg 0x18: [mem 0xf0800000-0xf0803fff pref]
[    0.302855] pci 0000:00:07.0: [8086:7113] type 00 class 0x068000
[    0.303568] pci 0000:00:07.0: quirk: [io  0x4000-0x403f] claimed by PIIX4 ACPI
[    0.303579] pci 0000:00:07.0: quirk: [io  0x4100-0x410f] claimed by PIIX4 SMB
[    0.304187] pci 0000:00:08.0: [8086:100e] type 00 class 0x020000
[    0.304886] pci 0000:00:08.0: reg 0x10: [mem 0xf0820000-0xf083ffff]
[    0.306041] pci 0000:00:08.0: reg 0x18: [io  0xd060-0xd067]
[    0.308839] pci 0000:00:09.0: [8086:100e] type 00 class 0x020000
[    0.309540] pci 0000:00:09.0: reg 0x10: [mem 0xf0840000-0xf085ffff]
[    0.310757] pci 0000:00:09.0: reg 0x18: [io  0xd068-0xd06f]
[    0.320284] ACPI: PCI Interrupt Link [LNKA] (IRQs 5 9 10 *11)
[    0.320572] ACPI: PCI Interrupt Link [LNKB] (IRQs 5 9 *10 11)
[    0.320675] ACPI: PCI Interrupt Link [LNKC] (IRQs 5 *9 10 11)
[    0.320775] ACPI: PCI Interrupt Link [LNKD] (IRQs 5 9 10 *11)
[    0.321031] iommu: Default domain type: Translated 
[    0.321092] pci 0000:00:02.0: vgaarb: setting as boot VGA device
[    0.321094] pci 0000:00:02.0: vgaarb: VGA device added: decodes=io+mem,owns=io+mem,locks=none
[    0.321096] pci 0000:00:02.0: vgaarb: bridge control possible
[    0.321096] vgaarb: loaded
[    0.323319] SCSI subsystem initialized
[    0.323353] libata version 3.00 loaded.
[    0.323377] ACPI: bus type USB registered
[    0.323393] usbcore: registered new interface driver usbfs
[    0.323399] usbcore: registered new interface driver hub
[    0.323406] usbcore: registered new device driver usb
[    0.323435] pps_core: LinuxPPS API ver. 1 registered
[    0.323436] pps_core: Software ver. 5.3.6 - Copyright 2005-2007 Rodolfo Giometti <giometti@linux.it>
[    0.323438] PTP clock support registered
[    0.323472] EDAC MC: Ver: 3.0.0
[    0.323755] PCI: Using ACPI for IRQ routing
[    0.323756] PCI: pci_cache_line_size set to 64 bytes
[    0.323923] e820: reserve RAM buffer [mem 0x0009fc00-0x0009ffff]
[    0.323926] e820: reserve RAM buffer [mem 0x7fff0000-0x7fffffff]
[    0.324713] NetLabel: Initializing
[    0.324714] NetLabel:  domain hash size = 128
[    0.324714] NetLabel:  protocols = UNLABELED CIPSOv4 CALIPSO
[    0.324734] NetLabel:  unlabeled traffic allowed by default
[    0.325636] clocksource: Switched to clocksource kvm-clock
[    0.335444] *** VALIDATE bpf ***
[    0.335444] VFS: Disk quotas dquot_6.6.0
[    0.335444] VFS: Dquot-cache hash table entries: 512 (order 0, 4096 bytes)
[    0.335444] *** VALIDATE ramfs ***
[    0.335444] *** VALIDATE hugetlbfs ***
[    0.335444] AppArmor: AppArmor Filesystem Enabled
[    0.335444] pnp: PnP ACPI init
[    0.335444] pnp 00:00: Plug and Play ACPI device, IDs PNP0303 (active)
[    0.338119] pnp 00:01: Plug and Play ACPI device, IDs PNP0f03 (active)
[    0.338859] pnp: PnP ACPI: found 2 devices
[    0.339844] thermal_sys: Registered thermal governor 'fair_share'
[    0.339844] thermal_sys: Registered thermal governor 'bang_bang'
[    0.339845] thermal_sys: Registered thermal governor 'step_wise'
[    0.339846] thermal_sys: Registered thermal governor 'user_space'
[    0.339846] thermal_sys: Registered thermal governor 'power_allocator'
[    0.344374] clocksource: acpi_pm: mask: 0xffffff max_cycles: 0xffffff, max_idle_ns: 2085701024 ns
[    0.344414] pci_bus 0000:00: resource 4 [io  0x0000-0x0cf7 window]
[    0.344415] pci_bus 0000:00: resource 5 [io  0x0d00-0xffff window]
[    0.344416] pci_bus 0000:00: resource 6 [mem 0x000a0000-0x000bffff window]
[    0.344417] pci_bus 0000:00: resource 7 [mem 0x80000000-0xfdffffff window]
[    0.344476] NET: Registered protocol family 2
[    0.344553] IP idents hash table entries: 32768 (order: 6, 262144 bytes, linear)
[    0.344961] MPTCP tokens hash table entries: 8192 (order: 4, 65536 bytes, linear)
[    0.344981] MPTCP request tokens hash table entries: 8192 (order: 4, 65536 bytes, linear)
[    0.345006] default registered
[    0.345007] default registered
[    0.345007] MPTCP: Stable release v0.96
[    0.345012] tcp_listen_portaddr_hash hash table entries: 1024 (order: 2, 16384 bytes, linear)
[    0.345094] TCP established hash table entries: 16384 (order: 5, 131072 bytes, linear)
[    0.345161] TCP bind hash table entries: 16384 (order: 6, 262144 bytes, linear)
[    0.345186] TCP: Hash tables configured (established 16384 bind 16384)
[    0.345889] UDP hash table entries: 1024 (order: 3, 32768 bytes, linear)
[    0.345901] UDP-Lite hash table entries: 1024 (order: 3, 32768 bytes, linear)
[    0.345935] NET: Registered protocol family 1
[    0.345943] NET: Registered protocol family 44
[    0.345964] pci 0000:00:00.0: Limiting direct PCI/PCI transfers
[    0.345975] pci 0000:00:01.0: Activating ISA DMA hang workarounds
[    0.346031] pci 0000:00:02.0: Video device with shadowed ROM at [mem 0x000c0000-0x000dffff]
[    0.346096] PCI: CLS 0 bytes, default 64
[    0.346142] Trying to unpack rootfs image as initramfs...
[    0.515580] Freeing initrd memory: 47868K
[    0.515580] clocksource: tsc: mask: 0xffffffffffffffff max_cycles: 0x1e4530a99b6, max_idle_ns: 440795257976 ns
[    0.515580] clocksource: Switched to clocksource tsc
[    0.515580] platform rtc_cmos: registered platform RTC device (no PNP device found)
[    0.515580] check: Scanning for low memory corruption every 60 seconds
[    0.515580] Initialise system trusted keyrings
[    0.515580] Key type blacklist registered
[    0.515580] workingset: timestamp_bits=36 max_order=19 bucket_order=0
[    0.515580] zbud: loaded
[    0.515580] squashfs: version 4.0 (2009/01/31) Phillip Lougher
[    0.515580] fuse: init (API version 7.31)
[    0.515580] *** VALIDATE fuse ***
[    0.515580] *** VALIDATE fuse ***
[    0.515580] Platform Keyring initialized
[    0.530177] Key type asymmetric registered
[    0.530178] Asymmetric key parser 'x509' registered
[    0.530188] Block layer SCSI generic (bsg) driver version 0.4 loaded (major 244)
[    0.530225] io scheduler mq-deadline registered
[    0.530349] shpchp: Standard Hot Plug PCI Controller Driver version: 0.4
[    0.530553] ACPI: AC Adapter [AC] (on-line)
[    0.530596] input: Power Button as /devices/LNXSYSTM:00/LNXPWRBN:00/input/input0
[    0.530626] ACPI: Power Button [PWRF]
[    0.530705] input: Sleep Button as /devices/LNXSYSTM:00/LNXSLPBN:00/input/input1
[    0.530720] ACPI: Sleep Button [SLPF]
[    0.530955] Serial: 8250/16550 driver, 32 ports, IRQ sharing enabled
[    0.532114] Linux agpgart interface v0.103
[    0.627284] loop: module loaded
[    0.627424] ata_piix 0000:00:01.1: version 2.13
[    0.627819] scsi host0: ata_piix
[    0.627908] scsi host1: ata_piix
[    0.627934] ata1: PATA max UDMA/33 cmd 0x1f0 ctl 0x3f6 bmdma 0xd000 irq 14
[    0.627935] ata2: PATA max UDMA/33 cmd 0x170 ctl 0x376 bmdma 0xd008 irq 15
[    0.628021] tun: Universal TUN/TAP device driver, 1.6
[    0.628330] PPP generic driver version 2.4.2
[    0.628371] VFIO - User Level meta-driver version: 0.3
[    0.628609] ehci_hcd: USB 2.0 'Enhanced' Host Controller (EHCI) Driver
[    0.628614] ehci-pci: EHCI PCI platform driver
[    0.628629] ehci-platform: EHCI generic platform driver
[    0.628634] ohci_hcd: USB 1.1 'Open' Host Controller (OHCI) Driver
[    0.628636] ohci-pci: OHCI PCI platform driver
[    0.628643] ohci-platform: OHCI generic platform driver
[    0.628648] uhci_hcd: USB Universal Host Controller Interface driver
[    0.628711] i8042: PNP: PS/2 Controller [PNP0303:PS2K,PNP0f03:PS2M] at 0x60,0x64 irq 1,12
[    0.629153] serio: i8042 KBD port at 0x60,0x64 irq 1
[    0.629157] serio: i8042 AUX port at 0x60,0x64 irq 12
[    0.629242] mousedev: PS/2 mouse device common for all mice
[    0.629490] input: AT Translated Set 2 keyboard as /devices/platform/i8042/serio0/input/input2
[    0.629884] rtc_cmos rtc_cmos: registered as rtc0
[    0.629897] rtc_cmos rtc_cmos: alarms up to one day, 114 bytes nvram
[    0.629902] i2c /dev entries driver
[    0.629943] device-mapper: uevent: version 1.0.3
[    0.629985] device-mapper: ioctl: 4.41.0-ioctl (2019-09-16) initialised: dm-devel@redhat.com
[    0.630000] platform eisa.0: Probing EISA bus 0
[    0.630002] platform eisa.0: EISA: Cannot allocate resource for mainboard
[    0.630003] platform eisa.0: Cannot allocate resource for EISA slot 1
[    0.630004] platform eisa.0: Cannot allocate resource for EISA slot 2
[    0.630005] platform eisa.0: Cannot allocate resource for EISA slot 3
[    0.630006] platform eisa.0: Cannot allocate resource for EISA slot 4
[    0.630007] platform eisa.0: Cannot allocate resource for EISA slot 5
[    0.630008] platform eisa.0: Cannot allocate resource for EISA slot 6
[    0.630009] platform eisa.0: Cannot allocate resource for EISA slot 7
[    0.630010] platform eisa.0: Cannot allocate resource for EISA slot 8
[    0.630011] platform eisa.0: EISA: Detected 0 cards
[    0.630013] intel_pstate: CPU model not supported
[    0.630022] ledtrig-cpu: registered to indicate activity on CPUs
[    0.630076] drop_monitor: Initializing network drop monitor service
[    0.630233] NET: Registered protocol family 10
[    0.635295] Segment Routing with IPv6
[    0.635323] fullmesh registered
[    0.635324] ndiffports registered
[    0.635327] binder registered
[    0.635328] roundrobin registered
[    0.635328] redundant registered
[    0.635329] blest registered
[    0.635329] ecf registered
[    0.635331] NET: Registered protocol family 17
[    0.635361] Key type dns_resolver registered
[    0.635413] RAS: Correctable Errors collector initialized.
[    0.635413] IPI shorthand broadcast: enabled
[    0.635413] sched_clock: Marking stable (620170161, 11242931)->(633382587, -1969495)
[    0.635534] registered taskstats version 1
[    0.635543] Loading compiled-in X.509 certificates
[    0.636141] Loaded X.509 cert 'Build time autogenerated kernel key: 6909f3744cebb3d0de528d5887b96a727de79b1e'
[    0.636160] zswap: loaded using pool lzo/zbud
[    0.636215] Key type ._fscrypt registered
[    0.636215] Key type .fscrypt registered
[    0.640625] Key type big_key registered
[    0.642797] Key type encrypted registered
[    0.642800] AppArmor: AppArmor sha1 policy hashing enabled
[    0.642807] ima: No TPM chip found, activating TPM-bypass!
[    0.642811] ima: Allocated hash algorithm: sha1
[    0.642816] ima: No architecture policies found
[    0.642825] evm: Initialising EVM extended attributes:
[    0.642826] evm: security.selinux
[    0.642826] evm: security.SMACK64
[    0.642827] evm: security.SMACK64EXEC
[    0.642827] evm: security.SMACK64TRANSMUTE
[    0.642828] evm: security.SMACK64MMAP
[    0.642828] evm: security.apparmor
[    0.642829] evm: security.ima
[    0.642829] evm: security.capability
[    0.642830] evm: HMAC attrs: 0x1
[    0.643123] PM:   Magic number: 10:470:698
[    0.643223] rtc_cmos rtc_cmos: setting system clock to 2026-01-18T19:39:58 UTC (1768765198)
[    0.800436] ata1.00: ATA-6: VBOX HARDDISK, 1.0, max UDMA/133
[    0.800439] ata1.00: 209715200 sectors, multi 128: LBA 
[    0.801077] scsi 0:0:0:0: Direct-Access     ATA      VBOX HARDDISK    1.0  PQ: 0 ANSI: 5
[    0.801353] sd 0:0:0:0: [sda] 209715200 512-byte logical blocks: (107 GB/100 GiB)
[    0.801365] sd 0:0:0:0: [sda] Write Protect is off
[    0.801368] sd 0:0:0:0: [sda] Mode Sense: 00 3a 00 00
[    0.801387] sd 0:0:0:0: [sda] Write cache: enabled, read cache: enabled, doesn't support DPO or FUA
[    0.801690] sd 0:0:0:0: Attached scsi generic sg0 type 0
[    0.802947]  sda: sda1 sda2
[    0.811452] sd 0:0:0:0: [sda] Attached SCSI disk
[    0.814593] Freeing unused decrypted memory: 2040K
[    0.815527] Freeing unused kernel image memory: 2728K
[    0.815529] Write protecting the kernel read-only data: 22528k
[    0.816518] Freeing unused kernel image memory: 2036K
[    0.817067] Freeing unused kernel image memory: 1432K
[    0.841953] x86/mm: Checked W+X mappings: passed, no W+X pages found.
[    0.841958] Run /init as init process
[    0.948922] ACPI: Video Device [GFX0] (multi-head: yes  rom: no  post: no)
[    0.948993] input: Video Bus as /devices/LNXSYSTM:00/LNXSYBUS:00/PNP0A03:00/LNXVIDEO:00/input/input4
[    0.960143] pcnet32: pcnet32.c:v1.35 21.Apr.2008 tsbogend@alpha.franken.de
[    0.963271] piix4_smbus 0000:00:07.0: SMBus Host Controller at 0x4100, revision 0
[    0.966310] e1000: Intel(R) PRO/1000 Network Driver - version 7.3.21-k8-NAPI
[    0.966310] e1000: Copyright (c) 1999-2006 Intel Corporation.
[    0.970681] pcnet32: PCnet/FAST III 79C973 at 0xd020, 08:00:27:e7:3c:59 assigned IRQ 19
[    0.970727] pcnet32: Found PHY 0022:561b at address 0
[    0.971025] pcnet32: eth0: registered as PCnet/FAST III 79C973
[    0.980083] pcnet32: 1 cards_found
[    1.039623] pcnet32 0000:00:03.0 enp0s3: renamed from eth0
[    1.181033] input: ImExPS/2 Generic Explorer Mouse as /devices/platform/i8042/serio1/input/input5
[    1.375558] e1000 0000:00:08.0 eth0: (PCI:33MHz:32-bit) 08:00:27:a5:eb:4d
[    1.375563] e1000 0000:00:08.0 eth0: Intel(R) PRO/1000 Network Connection
[    1.747629] e1000 0000:00:09.0 eth1: (PCI:33MHz:32-bit) 08:00:27:06:55:16
[    1.747632] e1000 0000:00:09.0 eth1: Intel(R) PRO/1000 Network Connection
[    1.748801] e1000 0000:00:09.0 enp0s9: renamed from eth1
[    1.750585] e1000 0000:00:08.0 enp0s8: renamed from eth0
[    1.902523] EXT4-fs (sda2): mounted filesystem with ordered data mode. Opts: (null)
[    1.994034] systemd[1]: Inserted module 'autofs4'
[    2.005206] systemd[1]: systemd 245.4-4ubuntu3 running in system mode. (+PAM +AUDIT +SELINUX +IMA +APPARMOR +SMACK +SYSVINIT +UTMP +LIBCRYPTSETUP +GCRYPT +GNUTLS +ACL +XZ +LZ4 +SECCOMP +BLKID +ELFUTILS +KMOD +IDN2 -IDN +PCRE2 default-hierarchy=hybrid)
[    2.005236] systemd[1]: Detected virtualization oracle.
[    2.005240] systemd[1]: Detected architecture x86-64.
[    2.006505] systemd[1]: Set hostname to <ztg>.
[    2.135313] systemd[1]: /lib/systemd/system/dbus.socket:5: ListenStream= references a path below legacy directory /var/run/, updating /var/run/dbus/system_bus_socket â†’ /run/dbus/system_bus_socket; please update the unit file accordingly.
[    2.188151] systemd[1]: Created slice system-modprobe.slice.
[    2.188335] systemd[1]: Created slice User and Session Slice.
[    2.188379] systemd[1]: Started Forward Password Requests to Wall Directory Watch.
[    2.188540] systemd[1]: Set up automount Arbitrary Executable File Formats File System Automount Point.
[    2.188573] systemd[1]: Reached target User and Group Name Lookups.
[    2.188582] systemd[1]: Reached target Remote File Systems.
[    2.188590] systemd[1]: Reached target Slices.
[    2.189146] systemd[1]: Listening on Syslog Socket.
[    2.189213] systemd[1]: Listening on fsck to fsckd communication Socket.
[    2.189251] systemd[1]: Listening on initctl Compatibility Named Pipe.
[    2.189390] systemd[1]: Listening on Journal Audit Socket.
[    2.189452] systemd[1]: Listening on Journal Socket (/dev/log).
[    2.189519] systemd[1]: Listening on Journal Socket.
[    2.189582] systemd[1]: Listening on udev Control Socket.
[    2.189622] systemd[1]: Listening on udev Kernel Socket.
[    2.190358] systemd[1]: Mounting Huge Pages File System...
[    2.191310] systemd[1]: Mounting POSIX Message Queue File System...
[    2.192204] systemd[1]: Mounting Kernel Debug File System...
[    2.193052] systemd[1]: Mounting Kernel Trace File System...
[    2.194969] systemd[1]: Starting Journal Service...
[    2.217207] systemd[1]: Starting Set the console keyboard layout...
[    2.225187] systemd[1]: Starting Create list of static device nodes for the current kernel...
[    2.226968] systemd[1]: Starting Load Kernel Module drm...
[    2.227996] systemd[1]: Condition check resulted in Set Up Additional Binary Formats being skipped.
[    2.228053] systemd[1]: Condition check resulted in File System Check on Root Device being skipped.
[    2.241524] systemd[1]: Starting Load Kernel Modules...
[    2.246812] systemd[1]: Starting Remount Root and Kernel File Systems...
[    2.256621] systemd[1]: Starting udev Coldplug all Devices...
[    2.266857] systemd[1]: Starting Uncomplicated firewall...
[    2.268191] systemd[1]: Mounted Huge Pages File System.
[    2.268283] systemd[1]: Mounted POSIX Message Queue File System.
[    2.268354] systemd[1]: Mounted Kernel Debug File System.
[    2.268422] systemd[1]: Mounted Kernel Trace File System.
[    2.270051] EXT4-fs (sda2): re-mounted. Opts: errors=remount-ro
[    2.301361] systemd[1]: Finished Create list of static device nodes for the current kernel.
[    2.302403] systemd[1]: modprobe@drm.service: Succeeded.
[    2.308819] systemd[1]: Finished Load Kernel Module drm.
[    2.309388] systemd[1]: Finished Remount Root and Kernel File Systems.
[    2.310235] systemd[1]: Finished Uncomplicated firewall.
[    2.326639] lp: driver loaded but no devices found
[    2.328824] systemd[1]: Condition check resulted in Rebuild Hardware Database being skipped.
[    2.328867] systemd[1]: Condition check resulted in Platform Persistent Storage Archival being skipped.
[    2.329541] systemd[1]: Starting Load/Save Random Seed...
[    2.335392] systemd[1]: Starting Create System Users...
[    2.340943] ppdev: user-space parallel port driver
[    2.349673] systemd[1]: Finished Load/Save Random Seed.
[    2.374085] systemd[1]: Finished Create System Users.
[    2.374799] systemd[1]: Starting Create Static Device Nodes in /dev...
[    2.397968] [drm] DMA map mode: Caching DMA mappings.
[    2.398196] [drm] Capabilities:
[    2.398196] [drm]   Rect copy.
[    2.398197] [drm]   Cursor.
[    2.398197] [drm]   Cursor bypass.
[    2.398197] [drm]   Cursor bypass 2.
[    2.398198] [drm]   Alpha cursor.
[    2.398198] [drm]   Extended Fifo.
[    2.398198] [drm]   Pitchlock.
[    2.398199] [drm]   Irq mask.
[    2.398199] [drm]   GMR.
[    2.398199] [drm]   Traces.
[    2.398200] [drm]   GMR2.
[    2.398200] [drm]   Screen Object 2.
[    2.398200] [drm]   Command Buffers.
[    2.398201] [drm]   Command Buffers 2.
[    2.398201] [drm]   Guest Backed Resources.
[    2.398202] [drm] Max GMR ids is 8192
[    2.398203] [drm] Max number of GMR pages is 1048576
[    2.398203] [drm] Max dedicated hypervisor surface memory is 393216 kiB
[    2.398204] [drm] Maximum display memory size is 131072 kiB
[    2.398204] [drm] VRAM at 0xe0000000 size is 131072 kiB
[    2.398205] [drm] MMIO at 0xf0000000 size is 2048 kiB
[    2.402979] systemd[1]: Finished udev Coldplug all Devices.
[    2.407654] [TTM] Zone  kernel: Available graphics memory: 1011738 KiB
[    2.407654] [TTM] Initializing pool allocator
[    2.407660] [TTM] Initializing DMA pool allocator
[    2.407688] [drm] Supports vblank timestamp caching Rev 2 (21.10.2013).
[    2.407689] [drm] No driver support for vblank timestamp query.
[    2.407910] [drm] Screen Target Display device initialized
[    2.408120] [drm] width 720
[    2.408129] [drm] height 400
[    2.408133] [drm] bpp 32
[    2.408663] [drm] Fifo max 0x00200000 min 0x00001000 cap 0x00000355
[    2.409736] [drm] Using command buffers with DMA pool.
[    2.409741] [drm] DX: no.
[    2.409741] [drm] Atomic: yes.
[    2.409741] [drm] SM4_1: no.
[    2.409761] [drm:vmw_host_log [vmwgfx]] *ERROR* Failed to send host log message.
[    2.410680] [drm:vmw_host_log [vmwgfx]] *ERROR* Failed to send host log message.
[    2.413231] systemd[1]: Finished Create Static Device Nodes in /dev.
[    2.414083] systemd[1]: Starting udev Kernel Device Manager...
[    2.444829] fbcon: svgadrmfb (fb0) is primary device
[    2.447085] Console: switching to colour frame buffer device 100x37
[    2.453204] [drm] Initialized vmwgfx 2.15.0 20180704 for 0000:00:02.0 on minor 0
[    2.454058] systemd[1]: Finished Load Kernel Modules.
[    2.454968] systemd[1]: Mounting FUSE Control File System...
[    2.456622] systemd[1]: Mounting Kernel Configuration File System...
[    2.496141] systemd[1]: Starting Apply Kernel Variables...
[    2.496807] systemd[1]: Mounted FUSE Control File System.
[    2.496894] systemd[1]: Mounted Kernel Configuration File System.
[    2.496950] systemd[1]: Condition check resulted in VMware vmblock fuse mount being skipped.
[    2.511063] systemd[1]: Finished Apply Kernel Variables.
[    2.513325] systemd[1]: Finished Set the console keyboard layout.
[    2.513401] systemd[1]: Reached target Local File Systems (Pre).
[    2.515929] systemd[1]: Mounting Mount unit for bare, revision 5...
[    2.518463] systemd[1]: Mounting Mount unit for core18, revision 1705...
[    2.523744] systemd[1]: Mounting Mount unit for gnome-3-34-1804, revision 24...
[    2.532900] systemd[1]: Mounting Mount unit for gtk-common-themes, revision 1506...
[    2.562269] systemd[1]: Mounting Mount unit for gtk-common-themes, revision 1535...
[    2.566541] systemd[1]: Mounting Mount unit for snap-store, revision 433...
[    2.572154] systemd[1]: Mounting Mount unit for snapd, revision 7264...
[    2.609482] systemd[1]: Mounted Mount unit for bare, revision 5.
[    2.609576] systemd[1]: Mounted Mount unit for gnome-3-34-1804, revision 24.
[    2.667186] systemd[1]: Started udev Kernel Device Manager.
[    2.667955] systemd[1]: Starting Show Plymouth Boot Screen...
[    2.693288] systemd[1]: Mounted Mount unit for core18, revision 1705.
[    2.693411] systemd[1]: Mounted Mount unit for gtk-common-themes, revision 1535.
[    2.693911] systemd[1]: Received SIGRTMIN+20 from PID 286 (plymouthd).
[    2.710876] systemd[1]: Started Show Plymouth Boot Screen.
[    2.711016] systemd[1]: Condition check resulted in Dispatch Password Requests to Console Directory Watch being skipped.
[    2.711110] systemd[1]: Started Forward Password Requests to Plymouth Directory Watch.
[    2.711141] systemd[1]: Reached target Local Encrypted Volumes.
[    2.778470] systemd[1]: Mounted Mount unit for gtk-common-themes, revision 1506.
[    2.778715] systemd[1]: Mounted Mount unit for snap-store, revision 433.
[    2.778909] systemd[1]: Mounted Mount unit for snapd, revision 7264.
[    2.779059] systemd[1]: Reached target Local File Systems.
[    2.781289] systemd[1]: Starting Load AppArmor profiles...
[    2.782178] systemd[1]: Starting Set console font and keymap...
[    2.796869] systemd[1]: Starting Tell Plymouth To Write Out Runtime Data...
[    2.797017] systemd[1]: Condition check resulted in Store a System Token in an EFI Variable being skipped.
[    2.797073] systemd[1]: Condition check resulted in Commit a transient machine-id on disk being skipped.
[    2.800923] systemd[1]: Finished Set console font and keymap.
[    2.819917] systemd[1]: Received SIGRTMIN+20 from PID 286 (plymouthd).
[    2.821662] systemd[1]: plymouth-read-write.service: Succeeded.
[    2.821914] systemd[1]: Finished Tell Plymouth To Write Out Runtime Data.
[    2.843079] audit: type=1400 audit(1768765200.696:2): apparmor="STATUS" operation="profile_load" profile="unconfined" name="nvidia_modprobe" pid=300 comm="apparmor_parser"
[    2.843081] audit: type=1400 audit(1768765200.696:3): apparmor="STATUS" operation="profile_load" profile="unconfined" name="nvidia_modprobe//kmod" pid=300 comm="apparmor_parser"
[    2.850593] audit: type=1400 audit(1768765200.704:4): apparmor="STATUS" operation="profile_load" profile="unconfined" name="/usr/sbin/tcpdump" pid=301 comm="apparmor_parser"
[    2.897039] audit: type=1400 audit(1768765200.744:5): apparmor="STATUS" operation="profile_load" profile="unconfined" name="/usr/bin/evince" pid=303 comm="apparmor_parser"
[    2.897041] audit: type=1400 audit(1768765200.744:6): apparmor="STATUS" operation="profile_load" profile="unconfined" name="/usr/bin/evince//sanitized_helper" pid=303 comm="apparmor_parser"
[    2.897043] audit: type=1400 audit(1768765200.744:7): apparmor="STATUS" operation="profile_load" profile="unconfined" name="/usr/bin/evince-previewer" pid=303 comm="apparmor_parser"
[    2.897044] audit: type=1400 audit(1768765200.744:8): apparmor="STATUS" operation="profile_load" profile="unconfined" name="/usr/bin/evince-previewer//sanitized_helper" pid=303 comm="apparmor_parser"
[    2.897046] audit: type=1400 audit(1768765200.744:9): apparmor="STATUS" operation="profile_load" profile="unconfined" name="/usr/bin/evince-thumbnailer" pid=303 comm="apparmor_parser"
[    2.911626] audit: type=1400 audit(1768765200.764:10): apparmor="STATUS" operation="profile_load" profile="unconfined" name="/usr/lib/cups/backend/cups-pdf" pid=304 comm="apparmor_parser"
[    2.988977] systemd[1]: Finished Load AppArmor profiles.
[    2.989910] systemd[1]: Starting Load AppArmor profiles managed internally by snapd...
[    3.056988] systemd[1]: Finished Load AppArmor profiles managed internally by snapd.
[    3.129105] systemd[1]: Started Journal Service.
[    3.135969] systemd-journald[229]: Received client request to flush runtime journal.
[    3.140517] systemd-journald[229]: File /var/log/journal/c455b248004a419c87ce85eea238d727/system.journal corrupted or uncleanly shut down, renaming and replacing.
[    4.507497] RAPL PMU: API unit is 2^-32 Joules, 0 fixed counters, 10737418240 ms ovfl timer
[    4.574434] cryptd: max_cpu_qlen set to 1000
[    4.625651] AVX2 version of gcm_enc/dec engaged.
[    4.625652] AES CTR mode by8 optimization enabled
[    5.378036] Adding 1998844k swap on /dev/sda1.  Priority:-2 extents:1 across:1998844k FS
[    7.219534] kauditd_printk_skb: 30 callbacks suppressed
[    7.219535] audit: type=1400 audit(1768765205.072:41): apparmor="DENIED" operation="capable" profile="/usr/sbin/cups-browsed" pid=495 comm="cups-browsed" capability=23  capname="sys_nice"
[    7.723810] pcnet32 0000:00:03.0 enp0s3: link up, 100Mbps, full-duplex
[    7.760788] e1000: enp0s8 NIC Link is Up 1000 Mbps Full Duplex, Flow Control: RX
[    7.761089] IPv6: ADDRCONF(NETDEV_CHANGE): enp0s8: link becomes ready
[    7.773284] e1000: enp0s9 NIC Link is Up 1000 Mbps Full Duplex, Flow Control: RX
[    7.773580] IPv6: ADDRCONF(NETDEV_CHANGE): enp0s9: link becomes ready
[    8.305534] device enp0s3 entered promiscuous mode
[    8.330568] audit: type=1400 audit(1768765206.180:42): apparmor="DENIED" operation="open" profile="/usr/sbin/tcpdump" name="/proc/sys/kernel/random/boot_id" pid=699 comm="tcpdump" requested_mask="r" denied_mask="r" fsuid=0 ouid=0
[    8.330794] audit: type=1400 audit(1768765206.180:43): apparmor="DENIED" operation="open" profile="/usr/sbin/tcpdump" name="/proc/sys/kernel/random/boot_id" pid=699 comm="tcpdump" requested_mask="r" denied_mask="r" fsuid=0 ouid=0
[    8.330845] audit: type=1400 audit(1768765206.180:44): apparmor="DENIED" operation="open" profile="/usr/sbin/tcpdump" name="/proc/sys/kernel/random/boot_id" pid=699 comm="tcpdump" requested_mask="r" denied_mask="r" fsuid=0 ouid=0
[    8.330931] audit: type=1400 audit(1768765206.180:45): apparmor="DENIED" operation="open" profile="/usr/sbin/tcpdump" name="/proc/sys/kernel/random/boot_id" pid=699 comm="tcpdump" requested_mask="r" denied_mask="r" fsuid=0 ouid=0
[    8.339935] audit: type=1400 audit(1768765206.192:46): apparmor="DENIED" operation="open" profile="/usr/sbin/tcpdump" name="/proc/sys/kernel/random/boot_id" pid=700 comm="tcpdump" requested_mask="r" denied_mask="r" fsuid=0 ouid=0
[    8.340123] audit: type=1400 audit(1768765206.192:47): apparmor="DENIED" operation="open" profile="/usr/sbin/tcpdump" name="/proc/sys/kernel/random/boot_id" pid=700 comm="tcpdump" requested_mask="r" denied_mask="r" fsuid=0 ouid=0
[    8.340163] audit: type=1400 audit(1768765206.192:48): apparmor="DENIED" operation="open" profile="/usr/sbin/tcpdump" name="/proc/sys/kernel/random/boot_id" pid=700 comm="tcpdump" requested_mask="r" denied_mask="r" fsuid=0 ouid=0
[    8.340216] audit: type=1400 audit(1768765206.192:49): apparmor="DENIED" operation="open" profile="/usr/sbin/tcpdump" name="/proc/sys/kernel/random/boot_id" pid=700 comm="tcpdump" requested_mask="r" denied_mask="r" fsuid=0 ouid=0
[   13.069002] rfkill: input handler disabled
[  230.449438] AAAAA-TCP_FORW: name:enp0s3: saddr:100932208: daddr:16783984
[  230.852340] AAAAA-TCP_FORW: name:enp0s3: saddr:16783984: daddr:100932208
[  231.052279] AAAAA-TCP_FORW: name:enp0s3: saddr:100932208: daddr:16783984
[  231.076537] AAAAA-TCP_FORW: name:enp0s3: saddr:100932208: daddr:16783984
[  231.414777] AAAAA-TCP_FORW: name:enp0s3: saddr:16783984: daddr:100932208
[  231.559619] AAAAA-TCP_FORW: name:enp0s3: saddr:16783984: daddr:100932208
[  231.617502] AAAAA-TCP_FORW: name:enp0s3: saddr:16783984: daddr:100932208
[  231.681051] AAAAA-TCP_FORW: name:enp0s3: saddr:100932208: daddr:33561200
[  231.735835] AAAAA-TCP_FORW: name:enp0s3: saddr:100932208: daddr:16783984
[  231.809061] AAAAA-TCP_FORW: name:enp0s3: saddr:100932208: daddr:16783984
[  232.236247] AAAAA-TCP_FORW: name:enp0s3: saddr:100932208: daddr:33561200
[  232.338894] AAAAA-TCP_FORW: name:enp0s3: saddr:100932208: daddr:16783984
[  232.395433] AAAAA-TCP_FORW: name:enp0s3: saddr:100932208: daddr:16783984
[  233.503186] AAAAA-TCP_FORW: name:enp0s3: saddr:33561200: daddr:100932208
[  233.688655] AAAAA-TCP_FORW: name:enp0s3: saddr:100932208: daddr:33561200
[  233.702505] AAAAA-TCP_FORW: name:enp0s3: saddr:16783984: daddr:100932208
[  233.849310] AAAAA-TCP_FORW: name:enp0s3: saddr:16783984: daddr:100932208
[  233.944444] AAAAA-TCP_FORW: name:enp0s3: saddr:33561200: daddr:100932208
[  234.043033] AAAAA-TCP_FORW: name:enp0s3: saddr:100932208: daddr:33561200
[  234.079065] AAAAA-TCP_FORW: name:enp0s3: saddr:100932208: daddr:16783984
[  234.171092] AAAAA-TCP_FORW: name:enp0s3: saddr:16783984: daddr:100932208
[  234.204550] AAAAA-TCP_FORW: name:enp0s3: saddr:100932208: daddr:16783984
[  234.255535] AAAAA-TCP_FORW: name:enp0s3: saddr:100932208: daddr:16783984
[  234.344324] AAAAA-TCP_FORW: name:enp0s3: saddr:16783984: daddr:100932208
[  234.433080] AAAAA-TCP_FORW: name:enp0s3: saddr:16783984: daddr:100932208
[  234.441975] AAAAA-TCP_FORW: name:enp0s3: saddr:100932208: daddr:33561200
[  234.509710] AAAAA-TCP_FORW: name:enp0s3: saddr:33561200: daddr:100932208
[  234.592113] AAAAA-TCP_FORW: name:enp0s3: saddr:33561200: daddr:100932208
[  234.628673] AAAAA-TCP_FORW: name:enp0s3: saddr:100932208: daddr:33561200
[  234.690002] AAAAA-TCP_FORW: name:enp0s3: saddr:100932208: daddr:33561200
[  234.782359] AAAAA-TCP_FORW: name:enp0s3: saddr:33561200: daddr:100932208
[  234.822073] AAAAA-TCP_FORW: name:enp0s3: saddr:100932208: daddr:33561200
[  234.901257] AAAAA-TCP_FORW: name:enp0s3: saddr:100932208: daddr:16783984
[  234.933910] AAAAA-TCP_FORW: name:enp0s3: saddr:100932208: daddr:16783984
[  234.948019] AAAAA-TCP_FORW: name:enp0s3: saddr:33561200: daddr:100932208
[  234.964858] AAAAA-TCP_FORW: name:enp0s3: saddr:100932208: daddr:16783984
[  235.065284] AAAAA-TCP_FORW: name:enp0s3: saddr:100932208: daddr:16783984
[  235.101087] AAAAA-TCP_FORW: name:enp0s3: saddr:100932208: daddr:16783984
[  235.135272] AAAAA-TCP_FORW: name:enp0s3: saddr:100932208: daddr:16783984
[  235.160587] AAAAA-TCP_FORW: name:enp0s3: saddr:100932208: daddr:16783984
[  235.210867] AAAAA-TCP_FORW: name:enp0s3: saddr:33561200: daddr:100932208
[  235.237576] AAAAA-TCP_FORW: name:enp0s3: saddr:100932208: daddr:16783984
[  235.284557] AAAAA-TCP_FORW: name:enp0s3: saddr:100932208: daddr:16783984
[  235.295532] AAAAA-TCP_FORW: name:enp0s3: saddr:16783984: daddr:100932208
[  235.317190] AAAAA-TCP_FORW: name:enp0s3: saddr:16783984: daddr:100932208
[  235.319201] AAAAA-TCP_FORW: name:enp0s3: saddr:100932208: daddr:16783984
[  235.356720] AAAAA-TCP_FORW: name:enp0s3: saddr:100932208: daddr:33561200
[  235.414114] AAAAA-TCP_FORW: name:enp0s3: saddr:100932208: daddr:33561200
[  235.458098] AAAAA-TCP_FORW: name:enp0s3: saddr:100932208: daddr:33561200
[  235.496353] AAAAA-TCP_FORW: name:enp0s3: saddr:100932208: daddr:33561200
[  235.517901] AAAAA-TCP_FORW: name:enp0s3: saddr:100932208: daddr:33561200
[  235.533884] AAAAA-TCP_FORW: name:enp0s3: saddr:16783984: daddr:100932208
[  235.576925] AAAAA-TCP_FORW: name:enp0s3: saddr:100932208: daddr:33561200
[  235.617502] AAAAA-TCP_FORW: name:enp0s3: saddr:100932208: daddr:33561200
[  235.640300] AAAAA-TCP_FORW: name:enp0s3: saddr:16783984: daddr:100932208
[  235.650245] AAAAA-TCP_FORW: name:enp0s3: saddr:100932208: daddr:33561200
[  235.684422] AAAAA-TCP_FORW: name:enp0s3: saddr:100932208: daddr:33561200
[  235.711687] AAAAA-TCP_FORW: name:enp0s3: saddr:16783984: daddr:100932208
[  235.827268] AAAAA-TCP_FORW: name:enp0s3: saddr:100932208: daddr:33561200
[  235.829174] AAAAA-TCP_FORW: name:enp0s3: saddr:100932208: daddr:16783984
[  235.836550] AAAAA-TCP_FORW: name:enp0s3: saddr:16783984: daddr:100932208
[  235.872325] AAAAA-TCP_FORW: name:enp0s3: saddr:100932208: daddr:33561200
[  235.927393] AAAAA-TCP_FORW: name:enp0s3: saddr:100932208: daddr:33561200
[  235.973317] AAAAA-TCP_FORW: name:enp0s3: saddr:100932208: daddr:16783984
[  235.987898] AAAAA-TCP_FORW: name:enp0s3: saddr:16783984: daddr:100932208
[  236.000600] AAAAA-TCP_FORW: name:enp0s3: saddr:100932208: daddr:16783984
[  236.058652] AAAAA-TCP_FORW: name:enp0s3: saddr:100932208: daddr:16783984
[  236.106064] AAAAA-TCP_FORW: name:enp0s3: saddr:100932208: daddr:16783984
[  236.125749] AAAAA-TCP_FORW: name:enp0s3: saddr:16783984: daddr:100932208
[  236.144300] AAAAA-TCP_FORW: name:enp0s3: saddr:100932208: daddr:16783984
[  236.170622] AAAAA-TCP_FORW: name:enp0s3: saddr:16783984: daddr:100932208
[  236.394198] AAAAA-TCP_FORW: name:enp0s3: saddr:100932208: daddr:33561200
[  236.419889] AAAAA-TCP_FORW: name:enp0s3: saddr:16783984: daddr:100932208
[  236.499791] AAAAA-TCP_FORW: name:enp0s3: saddr:100932208: daddr:16783984
[  236.558974] AAAAA-TCP_FORW: name:enp0s3: saddr:33561200: daddr:100932208
[  236.566682] AAAAA-TCP_FORW: name:enp0s3: saddr:100932208: daddr:16783984
[  236.651570] AAAAA-TCP_FORW: name:enp0s3: saddr:33561200: daddr:100932208
[  236.720817] AAAAA-TCP_FORW: name:enp0s3: saddr:100932208: daddr:16783984
[  236.743291] AAAAA-TCP_FORW: name:enp0s3: saddr:33561200: daddr:100932208
[  236.767817] AAAAA-TCP_FORW: name:enp0s3: saddr:100932208: daddr:16783984
[  236.908049] AAAAA-TCP_FORW: name:enp0s3: saddr:100932208: daddr:16783984
[  236.955255] AAAAA-TCP_FORW: name:enp0s3: saddr:100932208: daddr:16783984
[  237.013072] AAAAA-TCP_FORW: name:enp0s3: saddr:33561200: daddr:100932208
[  237.038378] AAAAA-TCP_FORW: name:enp0s3: saddr:33561200: daddr:100932208
[  237.166447] AAAAA-TCP_FORW: name:enp0s3: saddr:100932208: daddr:16783984
[  237.188599] AAAAA-TCP_FORW: name:enp0s3: saddr:100932208: daddr:16783984
[  237.203055] AAAAA-TCP_FORW: name:enp0s3: saddr:33561200: daddr:100932208
[  237.229308] AAAAA-TCP_FORW: name:enp0s3: saddr:33561200: daddr:100932208
[  237.281094] AAAAA-TCP_FORW: name:enp0s3: saddr:33561200: daddr:100932208
[  237.346842] AAAAA-TCP_FORW: name:enp0s3: saddr:100932208: daddr:16783984
[  237.401639] AAAAA-TCP_FORW: name:enp0s3: saddr:100932208: daddr:16783984
[  237.416425] AAAAA-TCP_FORW: name:enp0s3: saddr:33561200: daddr:100932208
[  237.495151] AAAAA-TCP_FORW: name:enp0s3: saddr:100932208: daddr:16783984
[  237.539590] AAAAA-TCP_FORW: name:enp0s3: saddr:100932208: daddr:16783984
[  237.595796] AAAAA-TCP_FORW: name:enp0s3: saddr:100932208: daddr:16783984
[  237.651710] AAAAA-TCP_FORW: name:enp0s3: saddr:100932208: daddr:16783984
[  237.718659] AAAAA-TCP_FORW: name:enp0s3: saddr:33561200: daddr:100932208
[  237.748526] AAAAA-TCP_FORW: name:enp0s3: saddr:100932208: daddr:16783984
[  237.787107] AAAAA-TCP_FORW: name:enp0s3: saddr:100932208: daddr:16783984
[  237.834351] AAAAA-TCP_FORW: name:enp0s3: saddr:100932208: daddr:33561200
[  237.934336] AAAAA-TCP_FORW: name:enp0s3: saddr:16783984: daddr:100932208
[  237.988682] AAAAA-TCP_FORW: name:enp0s3: saddr:33561200: daddr:100932208
[  238.020263] AAAAA-TCP_FORW: name:enp0s3: saddr:100932208: daddr:33561200
[  238.062112] AAAAA-TCP_FORW: name:enp0s3: saddr:100932208: daddr:33561200
[  238.181487] AAAAA-TCP_FORW: name:enp0s3: saddr:16783984: daddr:100932208
[  238.325863] AAAAA-TCP_FORW: name:enp0s3: saddr:16783984: daddr:100932208
[  238.466708] AAAAA-TCP_FORW: name:enp0s3: saddr:100932208: daddr:33561200
[  238.526012] AAAAA-TCP_FORW: name:enp0s3: saddr:16783984: daddr:100932208
[  238.556866] AAAAA-TCP_FORW: name:enp0s3: saddr:100932208: daddr:33561200
[  238.607421] AAAAA-TCP_FORW: name:enp0s3: saddr:16783984: daddr:100932208
[  238.727731] AAAAA-TCP_FORW: name:enp0s3: saddr:100932208: daddr:33561200
[  238.739946] AAAAA-TCP_FORW: name:enp0s3: saddr:16783984: daddr:100932208
[  238.781275] AAAAA-TCP_FORW: name:enp0s3: saddr:100932208: daddr:33561200
[  238.791600] AAAAA-TCP_FORW: name:enp0s3: saddr:33561200: daddr:100932208
[  238.851242] AAAAA-TCP_FORW: name:enp0s3: saddr:100932208: daddr:33561200
[  238.909500] AAAAA-TCP_FORW: name:enp0s3: saddr:16783984: daddr:100932208
[  238.911313] AAAAA-TCP_FORW: name:enp0s3: saddr:100932208: daddr:33561200
[  238.931229] AAAAA-TCP_FORW: name:enp0s3: saddr:100932208: daddr:33561200
[  238.942657] AAAAA-TCP_FORW: name:enp0s3: saddr:16783984: daddr:100932208
[  239.010785] AAAAA-TCP_FORW: name:enp0s3: saddr:100932208: daddr:33561200
[  239.069942] AAAAA-TCP_FORW: name:enp0s3: saddr:16783984: daddr:100932208
[  239.089756] AAAAA-TCP_FORW: name:enp0s3: saddr:100932208: daddr:33561200
[  239.132135] AAAAA-TCP_FORW: name:enp0s3: saddr:100932208: daddr:33561200
[  239.159765] AAAAA-TCP_FORW: name:enp0s3: saddr:16783984: daddr:100932208
[  239.180591] AAAAA-TCP_FORW: name:enp0s3: saddr:100932208: daddr:33561200
[  239.189367] AAAAA-TCP_FORW: name:enp0s3: saddr:16783984: daddr:100932208
[  239.270036] AAAAA-TCP_FORW: name:enp0s3: saddr:100932208: daddr:33561200
[  239.284724] AAAAA-TCP_FORW: name:enp0s3: saddr:100932208: daddr:33561200
[  239.296827] AAAAA-TCP_FORW: name:enp0s3: saddr:16783984: daddr:100932208
[  239.322783] AAAAA-TCP_FORW: name:enp0s3: saddr:100932208: daddr:33561200
[  239.335721] AAAAA-TCP_FORW: name:enp0s3: saddr:16783984: daddr:100932208
[  239.394902] AAAAA-TCP_FORW: name:enp0s3: saddr:100932208: daddr:33561200
[  239.466592] AAAAA-TCP_FORW: name:enp0s3: saddr:16783984: daddr:100932208
[  239.478170] AAAAA-TCP_FORW: name:enp0s3: saddr:100932208: daddr:33561200
[  239.586837] AAAAA-TCP_FORW: name:enp0s3: saddr:100932208: daddr:33561200
[  239.641383] AAAAA-TCP_FORW: name:enp0s3: saddr:100932208: daddr:33561200
[  239.653948] AAAAA-TCP_FORW: name:enp0s3: saddr:16783984: daddr:100932208
[  239.708681] AAAAA-TCP_FORW: name:enp0s3: saddr:16783984: daddr:100932208
[  239.889380] AAAAA-TCP_FORW: name:enp0s3: saddr:16783984: daddr:100932208
[  240.025986] AAAAA-TCP_FORW: name:enp0s3: saddr:16783984: daddr:100932208
[  240.057976] AAAAA-TCP_FORW: name:enp0s3: saddr:16783984: daddr:100932208
[  240.161930] AAAAA-TCP_FORW: name:enp0s3: saddr:16783984: daddr:100932208
[  240.299181] AAAAA-TCP_FORW: name:enp0s3: saddr:100932208: daddr:16783984
[  240.326693] AAAAA-TCP_FORW: name:enp0s3: saddr:16783984: daddr:100932208
[  240.383990] AAAAA-TCP_FORW: name:enp0s3: saddr:100932208: daddr:16783984
[  240.404561] AAAAA-TCP_FORW: name:enp0s3: saddr:33561200: daddr:100932208
[  240.501524] AAAAA-TCP_FORW: name:enp0s3: saddr:100932208: daddr:16783984
[  240.515495] AAAAA-TCP_FORW: name:enp0s3: saddr:33561200: daddr:100932208
[  240.573517] AAAAA-TCP_FORW: name:enp0s3: saddr:100932208: daddr:16783984
[  240.607398] AAAAA-TCP_FORW: name:enp0s3: saddr:33561200: daddr:100932208
[  240.658993] AAAAA-TCP_FORW: name:enp0s3: saddr:100932208: daddr:16783984
[  240.725110] AAAAA-TCP_FORW: name:enp0s3: saddr:100932208: daddr:16783984
[  240.781801] AAAAA-TCP_FORW: name:enp0s3: saddr:33561200: daddr:100932208
[  240.824557] AAAAA-TCP_FORW: name:enp0s3: saddr:33561200: daddr:100932208
[  240.840318] AAAAA-TCP_FORW: name:enp0s3: saddr:100932208: daddr:16783984
[  240.933928] AAAAA-TCP_FORW: name:enp0s3: saddr:33561200: daddr:100932208
[  240.936169] AAAAA-TCP_FORW: name:enp0s3: saddr:100932208: daddr:16783984
[  241.021744] AAAAA-TCP_FORW: name:enp0s3: saddr:100932208: daddr:16783984
[  241.078745] AAAAA-TCP_FORW: name:enp0s3: saddr:100932208: daddr:16783984
[  241.134419] AAAAA-TCP_FORW: name:enp0s3: saddr:33561200: daddr:100932208
[  241.186096] AAAAA-TCP_FORW: name:enp0s3: saddr:100932208: daddr:16783984
[  241.210787] AAAAA-TCP_FORW: name:enp0s3: saddr:33561200: daddr:100932208
[  241.247858] AAAAA-TCP_FORW: name:enp0s3: saddr:100932208: daddr:16783984
[  241.314596] AAAAA-TCP_FORW: name:enp0s3: saddr:33561200: daddr:100932208
[  241.451525] AAAAA-TCP_FORW: name:enp0s3: saddr:100932208: daddr:16783984
[  241.480752] AAAAA-TCP_FORW: name:enp0s3: saddr:33561200: daddr:100932208
[  241.505241] AAAAA-TCP_FORW: name:enp0s3: saddr:100932208: daddr:16783984
[  241.557491] AAAAA-TCP_FORW: name:enp0s3: saddr:100932208: daddr:16783984
[  241.598517] AAAAA-TCP_FORW: name:enp0s3: saddr:100932208: daddr:16783984
[  241.644818] AAAAA-TCP_FORW: name:enp0s3: saddr:33561200: daddr:100932208
[  241.660601] AAAAA-TCP_FORW: name:enp0s3: saddr:100932208: daddr:16783984
[  241.714352] AAAAA-TCP_FORW: name:enp0s3: saddr:100932208: daddr:16783984
[  241.802826] AAAAA-TCP_FORW: name:enp0s3: saddr:100932208: daddr:16783984
[  241.861676] AAAAA-TCP_FORW: name:enp0s3: saddr:33561200: daddr:100932208
[  241.904164] AAAAA-TCP_FORW: name:enp0s3: saddr:100932208: daddr:16783984
[  241.929218] AAAAA-TCP_FORW: name:enp0s3: saddr:33561200: daddr:100932208
[  241.981272] AAAAA-TCP_FORW: name:enp0s3: saddr:33561200: daddr:100932208
[  242.046827] AAAAA-TCP_FORW: name:enp0s3: saddr:100932208: daddr:16783984
[  242.061937] AAAAA-TCP_FORW: name:enp0s3: saddr:33561200: daddr:100932208
[  242.157711] AAAAA-TCP_FORW: name:enp0s3: saddr:33561200: daddr:100932208
[  242.180956] AAAAA-TCP_FORW: name:enp0s3: saddr:100932208: daddr:16783984
[  242.208072] AAAAA-TCP_FORW: name:enp0s3: saddr:33561200: daddr:100932208
[  242.224450] AAAAA-TCP_FORW: name:enp0s3: saddr:100932208: daddr:16783984
[  242.270079] AAAAA-TCP_FORW: name:enp0s3: saddr:100932208: daddr:16783984
[  242.356741] AAAAA-TCP_FORW: name:enp0s3: saddr:100932208: daddr:16783984
[  242.371529] AAAAA-TCP_FORW: name:enp0s3: saddr:33561200: daddr:100932208
[  242.401034] AAAAA-TCP_FORW: name:enp0s3: saddr:100932208: daddr:16783984
[  242.412746] AAAAA-TCP_FORW: name:enp0s3: saddr:33561200: daddr:100932208
[  242.423403] AAAAA-TCP_FORW: name:enp0s3: saddr:100932208: daddr:16783984
[  242.445640] AAAAA-TCP_FORW: name:enp0s3: saddr:100932208: daddr:16783984
[  242.494716] AAAAA-TCP_FORW: name:enp0s3: saddr:33561200: daddr:100932208
[  242.521752] AAAAA-TCP_FORW: name:enp0s3: saddr:100932208: daddr:16783984
[  242.610660] AAAAA-TCP_FORW: name:enp0s3: saddr:16783984: daddr:100932208
[  242.646681] AAAAA-TCP_FORW: name:enp0s3: saddr:100932208: daddr:33561200
[  242.674906] AAAAA-TCP_FORW: name:enp0s3: saddr:100932208: daddr:33561200
[  242.699506] AAAAA-TCP_FORW: name:enp0s3: saddr:16783984: daddr:100932208
[  242.811113] AAAAA-TCP_FORW: name:enp0s3: saddr:16783984: daddr:100932208
[  242.828766] AAAAA-TCP_FORW: name:enp0s3: saddr:16783984: daddr:100932208
[  242.843351] AAAAA-TCP_FORW: name:enp0s3: saddr:100932208: daddr:33561200
[  242.936372] AAAAA-TCP_FORW: name:enp0s3: saddr:100932208: daddr:33561200
[  243.063161] AAAAA-TCP_FORW: name:enp0s3: saddr:100932208: daddr:33561200
[  243.138431] AAAAA-TCP_FORW: name:enp0s3: saddr:16783984: daddr:100932208
[  243.161189] AAAAA-TCP_FORW: name:enp0s3: saddr:100932208: daddr:33561200
[  243.235237] AAAAA-TCP_FORW: name:enp0s3: saddr:100932208: daddr:33561200
[  243.296845] AAAAA-TCP_FORW: name:enp0s3: saddr:100932208: daddr:33561200
[  243.310569] AAAAA-TCP_FORW: name:enp0s3: saddr:16783984: daddr:100932208
[  243.425106] AAAAA-TCP_FORW: name:enp0s3: saddr:16783984: daddr:100932208
[  243.470136] AAAAA-TCP_FORW: name:enp0s3: saddr:100932208: daddr:33561200
[  243.516007] AAAAA-TCP_FORW: name:enp0s3: saddr:16783984: daddr:100932208
[  243.537112] AAAAA-TCP_FORW: name:enp0s3: saddr:100932208: daddr:33561200
[  243.588308] AAAAA-TCP_FORW: name:enp0s3: saddr:100932208: daddr:33561200
[  243.609883] AAAAA-TCP_FORW: name:enp0s3: saddr:16783984: daddr:100932208
[  243.659595] AAAAA-TCP_FORW: name:enp0s3: saddr:100932208: daddr:33561200
[  243.732085] AAAAA-TCP_FORW: name:enp0s3: saddr:16783984: daddr:100932208
[  243.753053] AAAAA-TCP_FORW: name:enp0s3: saddr:100932208: daddr:33561200
[  243.766920] AAAAA-TCP_FORW: name:enp0s3: saddr:100932208: daddr:33561200
[  243.794372] AAAAA-TCP_FORW: name:enp0s3: saddr:16783984: daddr:100932208
[  243.841166] AAAAA-TCP_FORW: name:enp0s3: saddr:100932208: daddr:33561200
[  243.915730] AAAAA-TCP_FORW: name:enp0s3: saddr:100932208: daddr:33561200
[  243.931221] AAAAA-TCP_FORW: name:enp0s3: saddr:16783984: daddr:100932208
[  243.979410] AAAAA-TCP_FORW: name:enp0s3: saddr:16783984: daddr:100932208
[  243.986937] AAAAA-TCP_FORW: name:enp0s3: saddr:100932208: daddr:33561200
[  244.082568] AAAAA-TCP_FORW: name:enp0s3: saddr:100932208: daddr:33561200
[  244.119054] AAAAA-TCP_FORW: name:enp0s3: saddr:16783984: daddr:100932208
[  244.133780] AAAAA-TCP_FORW: name:enp0s3: saddr:100932208: daddr:33561200
[  244.163648] AAAAA-TCP_FORW: name:enp0s3: saddr:16783984: daddr:100932208
[  244.205874] AAAAA-TCP_FORW: name:enp0s3: saddr:100932208: daddr:33561200
[  244.242195] AAAAA-TCP_FORW: name:enp0s3: saddr:16783984: daddr:100932208
[  244.311917] AAAAA-TCP_FORW: name:enp0s3: saddr:16783984: daddr:100932208
[  244.339261] AAAAA-TCP_FORW: name:enp0s3: saddr:100932208: daddr:33561200
[  244.384686] AAAAA-TCP_FORW: name:enp0s3: saddr:16783984: daddr:100932208
[  244.402496] AAAAA-TCP_FORW: name:enp0s3: saddr:100932208: daddr:33561200
[  244.431877] AAAAA-TCP_FORW: name:enp0s3: saddr:16783984: daddr:100932208
[  244.480042] AAAAA-TCP_FORW: name:enp0s3: saddr:100932208: daddr:33561200
[  244.485356] AAAAA-TCP_FORW: name:enp0s3: saddr:16783984: daddr:100932208
[  244.533770] AAAAA-TCP_FORW: name:enp0s3: saddr:100932208: daddr:33561200
[  244.594102] AAAAA-TCP_FORW: name:enp0s3: saddr:16783984: daddr:100932208
[  244.622042] AAAAA-TCP_FORW: name:enp0s3: saddr:100932208: daddr:33561200
[  244.660159] AAAAA-TCP_FORW: name:enp0s3: saddr:16783984: daddr:100932208
[  244.725174] AAAAA-TCP_FORW: name:enp0s3: saddr:100932208: daddr:33561200
[  244.746905] AAAAA-TCP_FORW: name:enp0s3: saddr:100932208: daddr:33561200
[  244.754127] AAAAA-TCP_FORW: name:enp0s3: saddr:16783984: daddr:100932208
[  244.816784] AAAAA-TCP_FORW: name:enp0s3: saddr:100932208: daddr:33561200
[  244.830623] AAAAA-TCP_FORW: name:enp0s3: saddr:16783984: daddr:100932208
[  244.875589] AAAAA-TCP_FORW: name:enp0s3: saddr:100932208: daddr:33561200
[  244.882799] AAAAA-TCP_FORW: name:enp0s3: saddr:16783984: daddr:100932208
[  244.999101] AAAAA-TCP_FORW: name:enp0s3: saddr:16783984: daddr:100932208
[  245.070029] AAAAA-TCP_FORW: name:enp0s3: saddr:100932208: daddr:33561200
[  245.115707] AAAAA-TCP_FORW: name:enp0s3: saddr:100932208: daddr:33561200
[  245.191970] AAAAA-TCP_FORW: name:enp0s3: saddr:100932208: daddr:16783984
[  245.226581] AAAAA-TCP_FORW: name:enp0s3: saddr:33561200: daddr:100932208
[  245.252060] AAAAA-TCP_FORW: name:enp0s3: saddr:100932208: daddr:16783984
[  245.271053] AAAAA-TCP_FORW: name:enp0s3: saddr:33561200: daddr:100932208
[  245.347219] AAAAA-TCP_FORW: name:enp0s3: saddr:33561200: daddr:100932208
[  245.361238] AAAAA-TCP_FORW: name:enp0s3: saddr:100932208: daddr:16783984
[  245.411214] AAAAA-TCP_FORW: name:enp0s3: saddr:100932208: daddr:16783984
[  245.428232] AAAAA-TCP_FORW: name:enp0s3: saddr:33561200: daddr:100932208
[  245.446129] AAAAA-TCP_FORW: name:enp0s3: saddr:100932208: daddr:16783984
[  245.464754] AAAAA-TCP_FORW: name:enp0s3: saddr:33561200: daddr:100932208
[  245.497242] AAAAA-TCP_FORW: name:enp0s3: saddr:100932208: daddr:16783984
[  245.522838] AAAAA-TCP_FORW: name:enp0s3: saddr:100932208: daddr:16783984
[  245.581587] AAAAA-TCP_FORW: name:enp0s3: saddr:33561200: daddr:100932208
[  245.607677] AAAAA-TCP_FORW: name:enp0s3: saddr:100932208: daddr:16783984
[  245.653303] AAAAA-TCP_FORW: name:enp0s3: saddr:33561200: daddr:100932208
[  245.660820] AAAAA-TCP_FORW: name:enp0s3: saddr:100932208: daddr:16783984
[  245.744139] AAAAA-TCP_FORW: name:enp0s3: saddr:100932208: daddr:16783984
[  245.763181] AAAAA-TCP_FORW: name:enp0s3: saddr:33561200: daddr:100932208
[  245.800421] AAAAA-TCP_FORW: name:enp0s3: saddr:100932208: daddr:16783984
[  245.847491] AAAAA-TCP_FORW: name:enp0s3: saddr:100932208: daddr:16783984
[  245.867529] AAAAA-TCP_FORW: name:enp0s3: saddr:33561200: daddr:100932208
[  245.956896] AAAAA-TCP_FORW: name:enp0s3: saddr:33561200: daddr:100932208
[  246.011693] AAAAA-TCP_FORW: name:enp0s3: saddr:33561200: daddr:100932208
[  246.028743] AAAAA-TCP_FORW: name:enp0s3: saddr:100932208: daddr:16783984
[  246.070713] AAAAA-TCP_FORW: name:enp0s3: saddr:33561200: daddr:100932208
[  246.100270] AAAAA-TCP_FORW: name:enp0s3: saddr:100932208: daddr:16783984
[  246.180302] AAAAA-TCP_FORW: name:enp0s3: saddr:33561200: daddr:100932208
[  246.212956] AAAAA-TCP_FORW: name:enp0s3: saddr:100932208: daddr:16783984
[  246.246150] AAAAA-TCP_FORW: name:enp0s3: saddr:33561200: daddr:100932208
[  246.317614] AAAAA-TCP_FORW: name:enp0s3: saddr:100932208: daddr:16783984
[  246.332972] AAAAA-TCP_FORW: name:enp0s3: saddr:33561200: daddr:100932208
[  246.394472] AAAAA-TCP_FORW: name:enp0s3: saddr:33561200: daddr:100932208
[  246.484254] AAAAA-TCP_FORW: name:enp0s3: saddr:33561200: daddr:100932208
[  246.499749] AAAAA-TCP_FORW: name:enp0s3: saddr:100932208: daddr:16783984
[  246.558862] AAAAA-TCP_FORW: name:enp0s3: saddr:33561200: daddr:100932208
[  246.570945] AAAAA-TCP_FORW: name:enp0s3: saddr:100932208: daddr:16783984
[  246.640363] AAAAA-TCP_FORW: name:enp0s3: saddr:33561200: daddr:100932208
[  246.676327] AAAAA-TCP_FORW: name:enp0s3: saddr:100932208: daddr:16783984
[  246.717458] AAAAA-TCP_FORW: name:enp0s3: saddr:33561200: daddr:100932208
[  246.779955] AAAAA-TCP_FORW: name:enp0s3: saddr:33561200: daddr:100932208
[  246.837656] AAAAA-TCP_FORW: name:enp0s3: saddr:33561200: daddr:100932208
[  246.896306] AAAAA-TCP_FORW: name:enp0s3: saddr:33561200: daddr:100932208
[  246.977049] AAAAA-TCP_FORW: name:enp0s3: saddr:33561200: daddr:100932208
[  246.995864] AAAAA-TCP_FORW: name:enp0s3: saddr:100932208: daddr:16783984
[  247.032882] AAAAA-TCP_FORW: name:enp0s3: saddr:33561200: daddr:100932208
[  247.084714] AAAAA-TCP_FORW: name:enp0s3: saddr:33561200: daddr:100932208
[  247.151110] AAAAA-TCP_FORW: name:enp0s3: saddr:33561200: daddr:100932208
[  247.212302] AAAAA-TCP_FORW: name:enp0s3: saddr:33561200: daddr:100932208
[  247.281956] AAAAA-TCP_FORW: name:enp0s3: saddr:16783984: daddr:100932208
[  247.331868] AAAAA-TCP_FORW: name:enp0s3: saddr:16783984: daddr:100932208
[  247.371567] AAAAA-TCP_FORW: name:enp0s3: saddr:100932208: daddr:33561200
[  247.401241] AAAAA-TCP_FORW: name:enp0s3: saddr:16783984: daddr:100932208
[  247.463251] AAAAA-TCP_FORW: name:enp0s3: saddr:100932208: daddr:33561200
[  247.497947] AAAAA-TCP_FORW: name:enp0s3: saddr:16783984: daddr:100932208
[  247.531777] AAAAA-TCP_FORW: name:enp0s3: saddr:100932208: daddr:33561200
[  247.567439] AAAAA-TCP_FORW: name:enp0s3: saddr:16783984: daddr:100932208
[  247.662701] AAAAA-TCP_FORW: name:enp0s3: saddr:16783984: daddr:100932208
[  247.674713] AAAAA-TCP_FORW: name:enp0s3: saddr:100932208: daddr:33561200
[  247.725934] AAAAA-TCP_FORW: name:enp0s3: saddr:16783984: daddr:100932208
[  247.787039] AAAAA-TCP_FORW: name:enp0s3: saddr:16783984: daddr:100932208
[  247.800207] AAAAA-TCP_FORW: name:enp0s3: saddr:100932208: daddr:33561200
[  247.837375] AAAAA-TCP_FORW: name:enp0s3: saddr:16783984: daddr:100932208
[  247.875000] AAAAA-TCP_FORW: name:enp0s3: saddr:100932208: daddr:33561200
[  247.906963] AAAAA-TCP_FORW: name:enp0s3: saddr:16783984: daddr:100932208
[  247.987814] AAAAA-TCP_FORW: name:enp0s3: saddr:100932208: daddr:33561200
[  248.042760] AAAAA-TCP_FORW: name:enp0s3: saddr:16783984: daddr:100932208
[  248.104245] AAAAA-TCP_FORW: name:enp0s3: saddr:16783984: daddr:100932208
[  248.305647] AAAAA-TCP_FORW: name:enp0s3: saddr:100932208: daddr:33561200
[  248.315833] AAAAA-TCP_FORW: name:enp0s3: saddr:16783984: daddr:100932208
[  248.551644] AAAAA-TCP_FORW: name:enp0s3: saddr:16783984: daddr:100932208
[  248.642187] AAAAA-TCP_FORW: name:enp0s3: saddr:16783984: daddr:100932208
[  248.840368] AAAAA-TCP_FORW: name:enp0s3: saddr:16783984: daddr:100932208
[  248.951603] AAAAA-TCP_FORW: name:enp0s3: saddr:16783984: daddr:100932208
[  249.194124] AAAAA-TCP_FORW: name:enp0s3: saddr:16783984: daddr:100932208
[  249.815636] AAAAA-TCP_FORW: name:enp0s3: saddr:33561200: daddr:100932208
[  249.923785] AAAAA-TCP_FORW: name:enp0s3: saddr:33561200: daddr:100932208
[  250.054490] AAAAA-TCP_FORW: name:enp0s3: saddr:33561200: daddr:100932208
[  250.075888] AAAAA-TCP_FORW: name:enp0s3: saddr:100932208: daddr:16783984
[  250.149310] AAAAA-TCP_FORW: name:enp0s3: saddr:33561200: daddr:100932208
[  250.416595] AAAAA-TCP_FORW: name:enp0s3: saddr:33561200: daddr:100932208
[  250.549912] AAAAA-TCP_FORW: name:enp0s3: saddr:33561200: daddr:100932208
[  250.669521] AAAAA-TCP_FORW: name:enp0s3: saddr:100932208: daddr:16783984
[  250.696826] AAAAA-TCP_FORW: name:enp0s3: saddr:33561200: daddr:100932208
[  250.975136] AAAAA-TCP_FORW: name:enp0s3: saddr:100932208: daddr:16783984
[  251.619798] AAAAA-TCP_FORW: name:enp0s3: saddr:16783984: daddr:100932208
[  251.696911] AAAAA-TCP_FORW: name:enp0s3: saddr:100932208: daddr:33561200
[  251.766604] AAAAA-TCP_FORW: name:enp0s3: saddr:16783984: daddr:100932208
[  251.955654] AAAAA-TCP_FORW: name:enp0s3: saddr:16783984: daddr:100932208
[  252.125916] AAAAA-TCP_FORW: name:enp0s3: saddr:33561200: daddr:100932208
[  257.881623] AAAAA-TCP_FORW: name:enp0s3: saddr:100932208: daddr:16783984
[  257.950017] AAAAA-TCP_FORW: name:enp0s3: saddr:100932208: daddr:33561200
[  257.968219] AAAAA-TCP_FORW: name:enp0s3: saddr:16783984: daddr:100932208
[  257.983676] AAAAA-TCP_FORW: name:enp0s3: saddr:100932208: daddr:33561200
[  258.042218] AAAAA-TCP_FORW: name:enp0s3: saddr:100932208: daddr:33561200
[  258.059648] AAAAA-TCP_FORW: name:enp0s3: saddr:33561200: daddr:100932208
[  258.093698] AAAAA-TCP_FORW: name:enp0s3: saddr:100932208: daddr:33561200
[  258.106714] AAAAA-TCP_FORW: name:enp0s3: saddr:100932208: daddr:33561200
[  258.143354] AAAAA-TCP_FORW: name:enp0s3: saddr:33561200: daddr:100932208
[  258.182722] AAAAA-TCP_FORW: name:enp0s3: saddr:100932208: daddr:33561200
[  258.211216] AAAAA-TCP_FORW: name:enp0s3: saddr:33561200: daddr:100932208
[  258.246355] AAAAA-TCP_FORW: name:enp0s3: saddr:100932208: daddr:33561200
[  258.265164] AAAAA-TCP_FORW: name:enp0s3: saddr:100932208: daddr:33561200
[  258.289501] AAAAA-TCP_FORW: name:enp0s3: saddr:100932208: daddr:16783984
[  258.305048] AAAAA-TCP_FORW: name:enp0s3: saddr:100932208: daddr:16783984
[  258.332074] AAAAA-TCP_FORW: name:enp0s3: saddr:33561200: daddr:100932208
[  258.350285] AAAAA-TCP_FORW: name:enp0s3: saddr:100932208: daddr:16783984
[  258.375138] AAAAA-TCP_FORW: name:enp0s3: saddr:100932208: daddr:16783984
[  258.413424] AAAAA-TCP_FORW: name:enp0s3: saddr:33561200: daddr:100932208
[  258.455365] AAAAA-TCP_FORW: name:enp0s3: saddr:100932208: daddr:16783984
[  258.492365] AAAAA-TCP_FORW: name:enp0s3: saddr:33561200: daddr:100932208
[  258.499349] AAAAA-TCP_FORW: name:enp0s3: saddr:100932208: daddr:16783984
[  258.537718] AAAAA-TCP_FORW: name:enp0s3: saddr:100932208: daddr:16783984
[  258.577355] AAAAA-TCP_FORW: name:enp0s3: saddr:100932208: daddr:16783984
[  258.602035] AAAAA-TCP_FORW: name:enp0s3: saddr:33561200: daddr:100932208
[  258.620073] AAAAA-TCP_FORW: name:enp0s3: saddr:100932208: daddr:16783984
[  258.655512] AAAAA-TCP_FORW: name:enp0s3: saddr:100932208: daddr:16783984
[  258.689413] AAAAA-TCP_FORW: name:enp0s3: saddr:100932208: daddr:16783984
[  258.691432] AAAAA-TCP_FORW: name:enp0s3: saddr:33561200: daddr:100932208
[  258.745594] AAAAA-TCP_FORW: name:enp0s3: saddr:100932208: daddr:33561200
[  258.761660] AAAAA-TCP_FORW: name:enp0s3: saddr:16783984: daddr:100932208
[  258.809859] AAAAA-TCP_FORW: name:enp0s3: saddr:100932208: daddr:33561200
[  258.830145] AAAAA-TCP_FORW: name:enp0s3: saddr:16783984: daddr:100932208
[  258.850083] AAAAA-TCP_FORW: name:enp0s3: saddr:100932208: daddr:33561200
[  258.876115] AAAAA-TCP_FORW: name:enp0s3: saddr:100932208: daddr:33561200
[  258.888547] AAAAA-TCP_FORW: name:enp0s3: saddr:100932208: daddr:16783984
[  258.915458] AAAAA-TCP_FORW: name:enp0s3: saddr:16783984: daddr:100932208
[  258.973912] AAAAA-TCP_FORW: name:enp0s3: saddr:100932208: daddr:16783984
[  259.004631] AAAAA-TCP_FORW: name:enp0s3: saddr:16783984: daddr:100932208
[  259.028423] AAAAA-TCP_FORW: name:enp0s3: saddr:100932208: daddr:16783984
[  259.072251] AAAAA-TCP_FORW: name:enp0s3: saddr:16783984: daddr:100932208
[  259.103376] AAAAA-TCP_FORW: name:enp0s3: saddr:100932208: daddr:16783984
[  259.158467] AAAAA-TCP_FORW: name:enp0s3: saddr:16783984: daddr:100932208
[  259.163511] AAAAA-TCP_FORW: name:enp0s3: saddr:100932208: daddr:33561200
[  259.186577] AAAAA-TCP_FORW: name:enp0s3: saddr:100932208: daddr:33561200
[  259.209098] AAAAA-TCP_FORW: name:enp0s3: saddr:100932208: daddr:16783984
[  259.247188] AAAAA-TCP_FORW: name:enp0s3: saddr:16783984: daddr:100932208
[  259.268993] AAAAA-TCP_FORW: name:enp0s3: saddr:100932208: daddr:16783984
[  259.311298] AAAAA-TCP_FORW: name:enp0s3: saddr:16783984: daddr:100932208
[  259.330452] AAAAA-TCP_FORW: name:enp0s3: saddr:100932208: daddr:33561200
[  259.419034] AAAAA-TCP_FORW: name:enp0s3: saddr:16783984: daddr:100932208
[  259.427445] AAAAA-TCP_FORW: name:enp0s3: saddr:100932208: daddr:16783984
[  259.486895] AAAAA-TCP_FORW: name:enp0s3: saddr:16783984: daddr:100932208
[  259.498874] AAAAA-TCP_FORW: name:enp0s3: saddr:100932208: daddr:16783984
[  259.558950] AAAAA-TCP_FORW: name:enp0s3: saddr:100932208: daddr:16783984
[  259.567659] AAAAA-TCP_FORW: name:enp0s3: saddr:16783984: daddr:100932208
[  259.618340] AAAAA-TCP_FORW: name:enp0s3: saddr:33561200: daddr:100932208
[  259.626710] AAAAA-TCP_FORW: name:enp0s3: saddr:100932208: daddr:16783984
[  259.679476] AAAAA-TCP_FORW: name:enp0s3: saddr:100932208: daddr:16783984
[  259.706535] AAAAA-TCP_FORW: name:enp0s3: saddr:33561200: daddr:100932208
[  259.741889] AAAAA-TCP_FORW: name:enp0s3: saddr:100932208: daddr:16783984
[  259.784519] AAAAA-TCP_FORW: name:enp0s3: saddr:33561200: daddr:100932208
[  259.815416] AAAAA-TCP_FORW: name:enp0s3: saddr:100932208: daddr:16783984
[  259.852368] AAAAA-TCP_FORW: name:enp0s3: saddr:100932208: daddr:33561200
[  259.878230] AAAAA-TCP_FORW: name:enp0s3: saddr:33561200: daddr:100932208
[  259.908841] AAAAA-TCP_FORW: name:enp0s3: saddr:100932208: daddr:33561200
[  259.927458] AAAAA-TCP_FORW: name:enp0s3: saddr:100932208: daddr:33561200
[  259.954156] AAAAA-TCP_FORW: name:enp0s3: saddr:16783984: daddr:100932208
[  259.991183] AAAAA-TCP_FORW: name:enp0s3: saddr:100932208: daddr:33561200
[  260.034772] AAAAA-TCP_FORW: name:enp0s3: saddr:16783984: daddr:100932208
[  260.043152] AAAAA-TCP_FORW: name:enp0s3: saddr:100932208: daddr:33561200
[  260.094626] AAAAA-TCP_FORW: name:enp0s3: saddr:100932208: daddr:33561200
[  260.126687] AAAAA-TCP_FORW: name:enp0s3: saddr:16783984: daddr:100932208
[  260.154413] AAAAA-TCP_FORW: name:enp0s3: saddr:100932208: daddr:33561200
[  260.185855] AAAAA-TCP_FORW: name:enp0s3: saddr:100932208: daddr:33561200
[  260.212894] AAAAA-TCP_FORW: name:enp0s3: saddr:100932208: daddr:33561200
[  260.230696] AAAAA-TCP_FORW: name:enp0s3: saddr:16783984: daddr:100932208
[  260.273429] AAAAA-TCP_FORW: name:enp0s3: saddr:100932208: daddr:16783984
[  260.322137] AAAAA-TCP_FORW: name:enp0s3: saddr:33561200: daddr:100932208
[  260.352610] AAAAA-TCP_FORW: name:enp0s3: saddr:100932208: daddr:16783984
[  260.367926] AAAAA-TCP_FORW: name:enp0s3: saddr:100932208: daddr:16783984
[  260.387564] AAAAA-TCP_FORW: name:enp0s3: saddr:33561200: daddr:100932208
[  260.431253] AAAAA-TCP_FORW: name:enp0s3: saddr:100932208: daddr:16783984
[  260.455377] AAAAA-TCP_FORW: name:enp0s3: saddr:16783984: daddr:100932208
[  260.492266] AAAAA-TCP_FORW: name:enp0s3: saddr:100932208: daddr:16783984
[  260.532223] AAAAA-TCP_FORW: name:enp0s3: saddr:100932208: daddr:16783984
[  260.557465] AAAAA-TCP_FORW: name:enp0s3: saddr:16783984: daddr:100932208
[  260.573396] AAAAA-TCP_FORW: name:enp0s3: saddr:100932208: daddr:16783984
[  260.618344] AAAAA-TCP_FORW: name:enp0s3: saddr:100932208: daddr:16783984
[  260.651873] AAAAA-TCP_FORW: name:enp0s3: saddr:33561200: daddr:100932208
[  260.674857] AAAAA-TCP_FORW: name:enp0s3: saddr:100932208: daddr:16783984
[  260.698363] AAAAA-TCP_FORW: name:enp0s3: saddr:100932208: daddr:16783984
[  260.743046] AAAAA-TCP_FORW: name:enp0s3: saddr:16783984: daddr:100932208
[  260.757074] AAAAA-TCP_FORW: name:enp0s3: saddr:100932208: daddr:16783984
[  260.782997] AAAAA-TCP_FORW: name:enp0s3: saddr:100932208: daddr:16783984
[  260.815466] AAAAA-TCP_FORW: name:enp0s3: saddr:100932208: daddr:16783984
[  260.840206] AAAAA-TCP_FORW: name:enp0s3: saddr:16783984: daddr:100932208
[  260.911175] AAAAA-TCP_FORW: name:enp0s3: saddr:16783984: daddr:100932208
[  260.951189] AAAAA-TCP_FORW: name:enp0s3: saddr:100932208: daddr:16783984
[  260.986770] AAAAA-TCP_FORW: name:enp0s3: saddr:100932208: daddr:33561200
[  261.015392] AAAAA-TCP_FORW: name:enp0s3: saddr:16783984: daddr:100932208
[  261.034502] AAAAA-TCP_FORW: name:enp0s3: saddr:100932208: daddr:33561200
[  261.085029] AAAAA-TCP_FORW: name:enp0s3: saddr:16783984: daddr:100932208
[  261.148441] AAAAA-TCP_FORW: name:enp0s3: saddr:100932208: daddr:33561200
[  261.209969] AAAAA-TCP_FORW: name:enp0s3: saddr:16783984: daddr:100932208
[  261.252343] AAAAA-TCP_FORW: name:enp0s3: saddr:100932208: daddr:33561200
[  261.292904] AAAAA-TCP_FORW: name:enp0s3: saddr:16783984: daddr:100932208
[  261.348919] AAAAA-TCP_FORW: name:enp0s3: saddr:33561200: daddr:100932208
[  261.375761] AAAAA-TCP_FORW: name:enp0s3: saddr:100932208: daddr:33561200
[  261.407821] AAAAA-TCP_FORW: name:enp0s3: saddr:100932208: daddr:33561200
[  261.430533] AAAAA-TCP_FORW: name:enp0s3: saddr:33561200: daddr:100932208
[  261.487196] AAAAA-TCP_FORW: name:enp0s3: saddr:33561200: daddr:100932208
[  261.550250] AAAAA-TCP_FORW: name:enp0s3: saddr:100932208: daddr:16783984
[  261.576133] AAAAA-TCP_FORW: name:enp0s3: saddr:100932208: daddr:16783984
[  261.599376] AAAAA-TCP_FORW: name:enp0s3: saddr:33561200: daddr:100932208
[  261.649812] AAAAA-TCP_FORW: name:enp0s3: saddr:100932208: daddr:16783984
[  261.685119] AAAAA-TCP_FORW: name:enp0s3: saddr:33561200: daddr:100932208
[  261.746990] AAAAA-TCP_FORW: name:enp0s3: saddr:33561200: daddr:100932208
[  261.770988] AAAAA-TCP_FORW: name:enp0s3: saddr:100932208: daddr:16783984
[  261.820201] AAAAA-TCP_FORW: name:enp0s3: saddr:100932208: daddr:16783984
[  261.830647] AAAAA-TCP_FORW: name:enp0s3: saddr:33561200: daddr:100932208
[  261.865407] AAAAA-TCP_FORW: name:enp0s3: saddr:33561200: daddr:100932208
[  261.930588] AAAAA-TCP_FORW: name:enp0s3: saddr:33561200: daddr:100932208
[  261.949036] AAAAA-TCP_FORW: name:enp0s3: saddr:100932208: daddr:33561200
[  261.990152] AAAAA-TCP_FORW: name:enp0s3: saddr:16783984: daddr:100932208
[  261.993183] AAAAA-TCP_FORW: name:enp0s3: saddr:100932208: daddr:33561200
[  262.077233] AAAAA-TCP_FORW: name:enp0s3: saddr:16783984: daddr:100932208
[  262.095091] AAAAA-TCP_FORW: name:enp0s3: saddr:100932208: daddr:33561200
[  262.138118] AAAAA-TCP_FORW: name:enp0s3: saddr:16783984: daddr:100932208
[  262.160373] AAAAA-TCP_FORW: name:enp0s3: saddr:100932208: daddr:16783984
[  262.193221] AAAAA-TCP_FORW: name:enp0s3: saddr:16783984: daddr:100932208
[  262.217488] AAAAA-TCP_FORW: name:enp0s3: saddr:100932208: daddr:16783984
[  262.258791] AAAAA-TCP_FORW: name:enp0s3: saddr:16783984: daddr:100932208
[  262.277830] AAAAA-TCP_FORW: name:enp0s3: saddr:100932208: daddr:16783984
[  262.325797] AAAAA-TCP_FORW: name:enp0s3: saddr:100932208: daddr:16783984
[  262.354477] AAAAA-TCP_FORW: name:enp0s3: saddr:16783984: daddr:100932208
[  262.388305] AAAAA-TCP_FORW: name:enp0s3: saddr:100932208: daddr:33561200
[  262.405114] AAAAA-TCP_FORW: name:enp0s3: saddr:16783984: daddr:100932208
[  262.479381] AAAAA-TCP_FORW: name:enp0s3: saddr:100932208: daddr:33561200
[  262.490415] AAAAA-TCP_FORW: name:enp0s3: saddr:16783984: daddr:100932208
[  262.546587] AAAAA-TCP_FORW: name:enp0s3: saddr:16783984: daddr:100932208
[  262.591364] AAAAA-TCP_FORW: name:enp0s3: saddr:100932208: daddr:16783984
[  262.609360] AAAAA-TCP_FORW: name:enp0s3: saddr:100932208: daddr:16783984
[  262.641297] AAAAA-TCP_FORW: name:enp0s3: saddr:16783984: daddr:100932208
[  262.696899] AAAAA-TCP_FORW: name:enp0s3: saddr:100932208: daddr:16783984
[  262.727284] AAAAA-TCP_FORW: name:enp0s3: saddr:16783984: daddr:100932208
[  262.766736] AAAAA-TCP_FORW: name:enp0s3: saddr:100932208: daddr:16783984
[  262.808251] AAAAA-TCP_FORW: name:enp0s3: saddr:16783984: daddr:100932208
[  262.827973] AAAAA-TCP_FORW: name:enp0s3: saddr:100932208: daddr:16783984
[  262.883496] AAAAA-TCP_FORW: name:enp0s3: saddr:33561200: daddr:100932208
[  262.914478] AAAAA-TCP_FORW: name:enp0s3: saddr:100932208: daddr:16783984
[  262.959400] AAAAA-TCP_FORW: name:enp0s3: saddr:33561200: daddr:100932208
[  262.995811] AAAAA-TCP_FORW: name:enp0s3: saddr:100932208: daddr:16783984
[  263.020772] AAAAA-TCP_FORW: name:enp0s3: saddr:100932208: daddr:16783984
[  263.094125] AAAAA-TCP_FORW: name:enp0s3: saddr:100932208: daddr:16783984
[  263.112295] AAAAA-TCP_FORW: name:enp0s3: saddr:33561200: daddr:100932208
[  263.161132] AAAAA-TCP_FORW: name:enp0s3: saddr:33561200: daddr:100932208
[  263.202692] AAAAA-TCP_FORW: name:enp0s3: saddr:100932208: daddr:16783984
[  263.223383] AAAAA-TCP_FORW: name:enp0s3: saddr:100932208: daddr:16783984
[  263.253874] AAAAA-TCP_FORW: name:enp0s3: saddr:33561200: daddr:100932208
[  263.272333] AAAAA-TCP_FORW: name:enp0s3: saddr:100932208: daddr:33561200
[  263.319013] AAAAA-TCP_FORW: name:enp0s3: saddr:33561200: daddr:100932208
[  263.356928] AAAAA-TCP_FORW: name:enp0s3: saddr:100932208: daddr:33561200
[  263.389855] AAAAA-TCP_FORW: name:enp0s3: saddr:100932208: daddr:33561200
[  263.416533] AAAAA-TCP_FORW: name:enp0s3: saddr:100932208: daddr:33561200
[  263.467518] AAAAA-TCP_FORW: name:enp0s3: saddr:16783984: daddr:100932208
[  263.520904] AAAAA-TCP_FORW: name:enp0s3: saddr:16783984: daddr:100932208
[  263.549339] AAAAA-TCP_FORW: name:enp0s3: saddr:100932208: daddr:33561200
[  263.571400] AAAAA-TCP_FORW: name:enp0s3: saddr:100932208: daddr:33561200
[  263.614936] AAAAA-TCP_FORW: name:enp0s3: saddr:16783984: daddr:100932208
[  263.628999] AAAAA-TCP_FORW: name:enp0s3: saddr:100932208: daddr:33561200
[  263.669986] AAAAA-TCP_FORW: name:enp0s3: saddr:100932208: daddr:33561200
[  263.694285] AAAAA-TCP_FORW: name:enp0s3: saddr:16783984: daddr:100932208
[  263.715819] AAAAA-TCP_FORW: name:enp0s3: saddr:100932208: daddr:33561200
[  263.763208] AAAAA-TCP_FORW: name:enp0s3: saddr:16783984: daddr:100932208
[  263.804693] AAAAA-TCP_FORW: name:enp0s3: saddr:100932208: daddr:33561200
[  263.825409] AAAAA-TCP_FORW: name:enp0s3: saddr:100932208: daddr:33561200
[  263.859783] AAAAA-TCP_FORW: name:enp0s3: saddr:33561200: daddr:100932208
[  263.883754] AAAAA-TCP_FORW: name:enp0s3: saddr:100932208: daddr:33561200
[  263.945609] AAAAA-TCP_FORW: name:enp0s3: saddr:33561200: daddr:100932208
[  263.952868] AAAAA-TCP_FORW: name:enp0s3: saddr:100932208: daddr:33561200
[  263.974863] AAAAA-TCP_FORW: name:enp0s3: saddr:100932208: daddr:16783984
[  263.993498] AAAAA-TCP_FORW: name:enp0s3: saddr:33561200: daddr:100932208
[  264.029272] AAAAA-TCP_FORW: name:enp0s3: saddr:100932208: daddr:16783984
[  264.064961] AAAAA-TCP_FORW: name:enp0s3: saddr:16783984: daddr:100932208
[  264.090648] AAAAA-TCP_FORW: name:enp0s3: saddr:100932208: daddr:16783984
[  264.125475] AAAAA-TCP_FORW: name:enp0s3: saddr:100932208: daddr:16783984
[  264.159364] AAAAA-TCP_FORW: name:enp0s3: saddr:16783984: daddr:100932208
[  264.183922] AAAAA-TCP_FORW: name:enp0s3: saddr:100932208: daddr:16783984
[  264.215222] AAAAA-TCP_FORW: name:enp0s3: saddr:16783984: daddr:100932208
[  264.254433] AAAAA-TCP_FORW: name:enp0s3: saddr:100932208: daddr:16783984
[  264.281108] AAAAA-TCP_FORW: name:enp0s3: saddr:16783984: daddr:100932208
[  264.316513] AAAAA-TCP_FORW: name:enp0s3: saddr:100932208: daddr:16783984
[  264.375521] AAAAA-TCP_FORW: name:enp0s3: saddr:33561200: daddr:100932208
[  264.378587] AAAAA-TCP_FORW: name:enp0s3: saddr:100932208: daddr:16783984
[  264.415421] AAAAA-TCP_FORW: name:enp0s3: saddr:100932208: daddr:16783984
[  264.446257] AAAAA-TCP_FORW: name:enp0s3: saddr:33561200: daddr:100932208
[  264.491431] AAAAA-TCP_FORW: name:enp0s3: saddr:100932208: daddr:16783984
[  264.524876] AAAAA-TCP_FORW: name:enp0s3: saddr:16783984: daddr:100932208
[  264.531037] AAAAA-TCP_FORW: name:enp0s3: saddr:100932208: daddr:16783984
[  264.589778] AAAAA-TCP_FORW: name:enp0s3: saddr:16783984: daddr:100932208
[  264.635669] AAAAA-TCP_FORW: name:enp0s3: saddr:100932208: daddr:16783984
[  264.659998] AAAAA-TCP_FORW: name:enp0s3: saddr:16783984: daddr:100932208
[  264.672519] AAAAA-TCP_FORW: name:enp0s3: saddr:100932208: daddr:16783984
[  264.730918] AAAAA-TCP_FORW: name:enp0s3: saddr:16783984: daddr:100932208
[  264.771896] AAAAA-TCP_FORW: name:enp0s3: saddr:100932208: daddr:16783984
[  264.786357] AAAAA-TCP_FORW: name:enp0s3: saddr:16783984: daddr:100932208
[  264.820977] AAAAA-TCP_FORW: name:enp0s3: saddr:100932208: daddr:33561200
[  264.856951] AAAAA-TCP_FORW: name:enp0s3: saddr:16783984: daddr:100932208
[  264.863558] AAAAA-TCP_FORW: name:enp0s3: saddr:100932208: daddr:33561200
[  264.929097] AAAAA-TCP_FORW: name:enp0s3: saddr:100932208: daddr:33561200
[  264.940058] AAAAA-TCP_FORW: name:enp0s3: saddr:16783984: daddr:100932208
[  264.995403] AAAAA-TCP_FORW: name:enp0s3: saddr:16783984: daddr:100932208
[  265.020537] AAAAA-TCP_FORW: name:enp0s3: saddr:100932208: daddr:33561200
[  265.054866] AAAAA-TCP_FORW: name:enp0s3: saddr:16783984: daddr:100932208
[  265.079642] AAAAA-TCP_FORW: name:enp0s3: saddr:100932208: daddr:33561200
[  265.125206] AAAAA-TCP_FORW: name:enp0s3: saddr:16783984: daddr:100932208
[  265.160396] AAAAA-TCP_FORW: name:enp0s3: saddr:100932208: daddr:33561200
[  265.200944] AAAAA-TCP_FORW: name:enp0s3: saddr:16783984: daddr:100932208
[  265.222601] AAAAA-TCP_FORW: name:enp0s3: saddr:100932208: daddr:33561200
[  265.258634] AAAAA-TCP_FORW: name:enp0s3: saddr:33561200: daddr:100932208
[  265.290400] AAAAA-TCP_FORW: name:enp0s3: saddr:100932208: daddr:33561200
[  265.319843] AAAAA-TCP_FORW: name:enp0s3: saddr:33561200: daddr:100932208
[  265.347248] AAAAA-TCP_FORW: name:enp0s3: saddr:100932208: daddr:33561200
[  265.376513] AAAAA-TCP_FORW: name:enp0s3: saddr:33561200: daddr:100932208
[  265.441374] AAAAA-TCP_FORW: name:enp0s3: saddr:33561200: daddr:100932208
[  265.507316] AAAAA-TCP_FORW: name:enp0s3: saddr:33561200: daddr:100932208
[  265.557040] AAAAA-TCP_FORW: name:enp0s3: saddr:100932208: daddr:16783984
[  265.580759] AAAAA-TCP_FORW: name:enp0s3: saddr:33561200: daddr:100932208
[  265.622393] AAAAA-TCP_FORW: name:enp0s3: saddr:100932208: daddr:16783984
[  265.656155] AAAAA-TCP_FORW: name:enp0s3: saddr:33561200: daddr:100932208
[  265.726215] AAAAA-TCP_FORW: name:enp0s3: saddr:33561200: daddr:100932208
[  265.752539] AAAAA-TCP_FORW: name:enp0s3: saddr:100932208: daddr:16783984
[  265.823227] AAAAA-TCP_FORW: name:enp0s3: saddr:100932208: daddr:33561200
[  265.855445] AAAAA-TCP_FORW: name:enp0s3: saddr:33561200: daddr:100932208
[  265.858421] AAAAA-TCP_FORW: name:enp0s3: saddr:100932208: daddr:33561200
[  265.916428] AAAAA-TCP_FORW: name:enp0s3: saddr:100932208: daddr:33561200
[  265.942935] AAAAA-TCP_FORW: name:enp0s3: saddr:16783984: daddr:100932208
[  265.981177] AAAAA-TCP_FORW: name:enp0s3: saddr:100932208: daddr:33561200
[  266.011340] AAAAA-TCP_FORW: name:enp0s3: saddr:16783984: daddr:100932208
[  266.043712] AAAAA-TCP_FORW: name:enp0s3: saddr:100932208: daddr:33561200
[  266.091609] AAAAA-TCP_FORW: name:enp0s3: saddr:33561200: daddr:100932208
[  266.104304] AAAAA-TCP_FORW: name:enp0s3: saddr:100932208: daddr:16783984
[  266.176895] AAAAA-TCP_FORW: name:enp0s3: saddr:16783984: daddr:100932208
[  266.191883] AAAAA-TCP_FORW: name:enp0s3: saddr:100932208: daddr:16783984
[  266.270049] AAAAA-TCP_FORW: name:enp0s3: saddr:16783984: daddr:100932208
[  266.321075] AAAAA-TCP_FORW: name:enp0s3: saddr:100932208: daddr:16783984
[  266.336685] AAAAA-TCP_FORW: name:enp0s3: saddr:16783984: daddr:100932208
[  266.378104] AAAAA-TCP_FORW: name:enp0s3: saddr:100932208: daddr:33561200
[  266.397262] AAAAA-TCP_FORW: name:enp0s3: saddr:16783984: daddr:100932208
[  266.501298] AAAAA-TCP_FORW: name:enp0s3: saddr:16783984: daddr:100932208
[  266.547553] AAAAA-TCP_FORW: name:enp0s3: saddr:100932208: daddr:16783984
[  266.560512] AAAAA-TCP_FORW: name:enp0s3: saddr:16783984: daddr:100932208
[  266.584766] AAAAA-TCP_FORW: name:enp0s3: saddr:16783984: daddr:100932208
[  266.607848] AAAAA-TCP_FORW: name:enp0s3: saddr:16783984: daddr:100932208
[  266.651811] AAAAA-TCP_FORW: name:enp0s3: saddr:100932208: daddr:16783984
[  266.689123] AAAAA-TCP_FORW: name:enp0s3: saddr:16783984: daddr:100932208
[  266.741378] AAAAA-TCP_FORW: name:enp0s3: saddr:100932208: daddr:16783984
[  266.780894] AAAAA-TCP_FORW: name:enp0s3: saddr:33561200: daddr:100932208
[  266.831808] AAAAA-TCP_FORW: name:enp0s3: saddr:100932208: daddr:16783984
[  266.891818] AAAAA-TCP_FORW: name:enp0s3: saddr:33561200: daddr:100932208
[  266.905885] AAAAA-TCP_FORW: name:enp0s3: saddr:100932208: daddr:16783984
[  266.958482] AAAAA-TCP_FORW: name:enp0s3: saddr:100932208: daddr:16783984
[  267.014875] AAAAA-TCP_FORW: name:enp0s3: saddr:33561200: daddr:100932208
[  267.077789] AAAAA-TCP_FORW: name:enp0s3: saddr:100932208: daddr:16783984
[  267.148049] AAAAA-TCP_FORW: name:enp0s3: saddr:100932208: daddr:33561200
[  267.189877] AAAAA-TCP_FORW: name:enp0s3: saddr:33561200: daddr:100932208
[  267.252855] AAAAA-TCP_FORW: name:enp0s3: saddr:100932208: daddr:33561200
[  267.289029] AAAAA-TCP_FORW: name:enp0s3: saddr:100932208: daddr:33561200
[  267.319988] AAAAA-TCP_FORW: name:enp0s3: saddr:100932208: daddr:33561200
[  267.333792] AAAAA-TCP_FORW: name:enp0s3: saddr:100932208: daddr:33561200
[  267.369573] AAAAA-TCP_FORW: name:enp0s3: saddr:16783984: daddr:100932208
[  267.387014] AAAAA-TCP_FORW: name:enp0s3: saddr:100932208: daddr:33561200
[  267.436231] AAAAA-TCP_FORW: name:enp0s3: saddr:33561200: daddr:100932208
[  267.452646] AAAAA-TCP_FORW: name:enp0s3: saddr:100932208: daddr:33561200
[  267.486537] AAAAA-TCP_FORW: name:enp0s3: saddr:100932208: daddr:33561200
[  267.529864] AAAAA-TCP_FORW: name:enp0s3: saddr:16783984: daddr:100932208
[  267.556922] AAAAA-TCP_FORW: name:enp0s3: saddr:100932208: daddr:33561200
[  267.586700] AAAAA-TCP_FORW: name:enp0s3: saddr:100932208: daddr:33561200
[  267.610492] AAAAA-TCP_FORW: name:enp0s3: saddr:16783984: daddr:100932208
[  267.649118] AAAAA-TCP_FORW: name:enp0s3: saddr:100932208: daddr:33561200
[  267.682418] AAAAA-TCP_FORW: name:enp0s3: saddr:100932208: daddr:33561200
[  267.715350] AAAAA-TCP_FORW: name:enp0s3: saddr:100932208: daddr:33561200
[  267.742546] AAAAA-TCP_FORW: name:enp0s3: saddr:33561200: daddr:100932208
[  267.796467] AAAAA-TCP_FORW: name:enp0s3: saddr:100932208: daddr:33561200
[  267.837606] AAAAA-TCP_FORW: name:enp0s3: saddr:100932208: daddr:33561200
[  267.881294] AAAAA-TCP_FORW: name:enp0s3: saddr:33561200: daddr:100932208
[  267.898958] AAAAA-TCP_FORW: name:enp0s3: saddr:100932208: daddr:33561200
[  267.920549] AAAAA-TCP_FORW: name:enp0s3: saddr:100932208: daddr:33561200
[  267.957155] AAAAA-TCP_FORW: name:enp0s3: saddr:100932208: daddr:33561200
[  267.991774] AAAAA-TCP_FORW: name:enp0s3: saddr:16783984: daddr:100932208
[  268.042520] AAAAA-TCP_FORW: name:enp0s3: saddr:100932208: daddr:33561200
[  268.072363] AAAAA-TCP_FORW: name:enp0s3: saddr:16783984: daddr:100932208
[  268.125169] AAAAA-TCP_FORW: name:enp0s3: saddr:100932208: daddr:33561200
[  268.162225] AAAAA-TCP_FORW: name:enp0s3: saddr:33561200: daddr:100932208
[  268.180378] AAAAA-TCP_FORW: name:enp0s3: saddr:100932208: daddr:16783984
[  268.187700] AAAAA-TCP_FORW: name:enp0s3: saddr:100932208: daddr:33561200
[  268.240292] AAAAA-TCP_FORW: name:enp0s3: saddr:16783984: daddr:100932208
[  268.275529] AAAAA-TCP_FORW: name:enp0s3: saddr:100932208: daddr:16783984
[  268.312551] AAAAA-TCP_FORW: name:enp0s3: saddr:100932208: daddr:16783984
[  268.340387] AAAAA-TCP_FORW: name:enp0s3: saddr:16783984: daddr:100932208
[  268.372584] AAAAA-TCP_FORW: name:enp0s3: saddr:100932208: daddr:16783984
[  268.421376] AAAAA-TCP_FORW: name:enp0s3: saddr:100932208: daddr:16783984
[  268.461639] AAAAA-TCP_FORW: name:enp0s3: saddr:16783984: daddr:100932208
[  268.531316] AAAAA-TCP_FORW: name:enp0s3: saddr:100932208: daddr:16783984
[  268.577206] AAAAA-TCP_FORW: name:enp0s3: saddr:33561200: daddr:100932208
[  268.644649] AAAAA-TCP_FORW: name:enp0s3: saddr:100932208: daddr:33561200
[  268.706995] AAAAA-TCP_FORW: name:enp0s3: saddr:100932208: daddr:33561200
[  268.708999] AAAAA-TCP_FORW: name:enp0s3: saddr:16783984: daddr:100932208
[  268.764683] AAAAA-TCP_FORW: name:enp0s3: saddr:16783984: daddr:100932208
[  268.818536] AAAAA-TCP_FORW: name:enp0s3: saddr:100932208: daddr:33561200
[  268.862570] AAAAA-TCP_FORW: name:enp0s3: saddr:16783984: daddr:100932208
[  268.926492] AAAAA-TCP_FORW: name:enp0s3: saddr:16783984: daddr:100932208
[  268.991349] AAAAA-TCP_FORW: name:enp0s3: saddr:16783984: daddr:100932208
[  269.082130] AAAAA-TCP_FORW: name:enp0s3: saddr:33561200: daddr:100932208
[  269.170867] AAAAA-TCP_FORW: name:enp0s3: saddr:33561200: daddr:100932208
[  269.283578] AAAAA-TCP_FORW: name:enp0s3: saddr:33561200: daddr:100932208
[  269.367390] AAAAA-TCP_FORW: name:enp0s3: saddr:33561200: daddr:100932208
[  269.475268] AAAAA-TCP_FORW: name:enp0s3: saddr:33561200: daddr:100932208
[  269.521169] AAAAA-TCP_FORW: name:enp0s3: saddr:33561200: daddr:100932208
[  269.630032] AAAAA-TCP_FORW: name:enp0s3: saddr:33561200: daddr:100932208
[  269.754055] AAAAA-TCP_FORW: name:enp0s3: saddr:33561200: daddr:100932208
[  269.893211] AAAAA-TCP_FORW: name:enp0s3: saddr:33561200: daddr:100932208
[  270.026540] AAAAA-TCP_FORW: name:enp0s3: saddr:33561200: daddr:100932208
[  270.139539] AAAAA-TCP_FORW: name:enp0s3: saddr:16783984: daddr:100932208
[  270.259791] AAAAA-TCP_FORW: name:enp0s3: saddr:16783984: daddr:100932208
[  270.379417] AAAAA-TCP_FORW: name:enp0s3: saddr:33561200: daddr:100932208
[  270.469380] AAAAA-TCP_FORW: name:enp0s3: saddr:16783984: daddr:100932208
[  270.508917] AAAAA-TCP_FORW: name:enp0s3: saddr:16783984: daddr:100932208
[  270.604423] AAAAA-TCP_FORW: name:enp0s3: saddr:16783984: daddr:100932208
[  270.680163] AAAAA-TCP_FORW: name:enp0s3: saddr:33561200: daddr:100932208
[  270.853999] AAAAA-TCP_FORW: name:enp0s3: saddr:33561200: daddr:100932208
[  271.085624] AAAAA-TCP_FORW: name:enp0s3: saddr:100932208: daddr:16783984
[  271.197689] AAAAA-TCP_FORW: name:enp0s3: saddr:16783984: daddr:100932208
[  288.881675] AAAAA-TCP_FORW: name:enp0s3: saddr:100932208: daddr:16783984
[  288.939185] AAAAA-TCP_FORW: name:enp0s3: saddr:100932208: daddr:33561200
[  289.071980] AAAAA-TCP_FORW: name:enp0s3: saddr:100932208: daddr:33561200
[  289.159558] AAAAA-TCP_FORW: name:enp0s3: saddr:100932208: daddr:33561200
[  289.202488] AAAAA-TCP_FORW: name:enp0s3: saddr:100932208: daddr:33561200
[  289.266896] AAAAA-TCP_FORW: name:enp0s3: saddr:100932208: daddr:33561200
[  289.291939] AAAAA-TCP_FORW: name:enp0s3: saddr:100932208: daddr:33561200
[  289.333867] AAAAA-TCP_FORW: name:enp0s3: saddr:100932208: daddr:33561200
[  289.389036] AAAAA-TCP_FORW: name:enp0s3: saddr:100932208: daddr:33561200
[  289.469332] AAAAA-TCP_FORW: name:enp0s3: saddr:100932208: daddr:33561200
[  289.552973] AAAAA-TCP_FORW: name:enp0s3: saddr:100932208: daddr:33561200
[  289.583466] AAAAA-TCP_FORW: name:enp0s3: saddr:100932208: daddr:33561200
[  289.634546] AAAAA-TCP_FORW: name:enp0s3: saddr:100932208: daddr:33561200
[  289.712490] AAAAA-TCP_FORW: name:enp0s3: saddr:100932208: daddr:33561200
[  289.746482] AAAAA-TCP_FORW: name:enp0s3: saddr:100932208: daddr:33561200
[  289.821279] AAAAA-TCP_FORW: name:enp0s3: saddr:100932208: daddr:33561200
[  289.899658] AAAAA-TCP_FORW: name:enp0s3: saddr:100932208: daddr:33561200
[  290.004171] AAAAA-TCP_FORW: name:enp0s3: saddr:100932208: daddr:33561200
[  290.061803] AAAAA-TCP_FORW: name:enp0s3: saddr:100932208: daddr:16783984
[  290.143291] AAAAA-TCP_FORW: name:enp0s3: saddr:100932208: daddr:16783984
[  290.196017] AAAAA-TCP_FORW: name:enp0s3: saddr:100932208: daddr:16783984
[  290.244222] AAAAA-TCP_FORW: name:enp0s3: saddr:100932208: daddr:16783984
[  290.299230] AAAAA-TCP_FORW: name:enp0s3: saddr:100932208: daddr:16783984
[  290.333472] AAAAA-TCP_FORW: name:enp0s3: saddr:100932208: daddr:16783984
[  290.445763] AAAAA-TCP_FORW: name:enp0s3: saddr:100932208: daddr:33561200
[  290.514106] AAAAA-TCP_FORW: name:enp0s3: saddr:100932208: daddr:33561200
[  290.594797] AAAAA-TCP_FORW: name:enp0s3: saddr:100932208: daddr:33561200
[  290.715019] AAAAA-TCP_FORW: name:enp0s3: saddr:100932208: daddr:33561200
[  290.759186] AAAAA-TCP_FORW: name:enp0s3: saddr:100932208: daddr:33561200
[  290.840507] AAAAA-TCP_FORW: name:enp0s3: saddr:100932208: daddr:33561200
[  290.972369] AAAAA-TCP_FORW: name:enp0s3: saddr:100932208: daddr:33561200
[  291.069484] AAAAA-TCP_FORW: name:enp0s3: saddr:100932208: daddr:33561200
[  291.099534] AAAAA-TCP_FORW: name:enp0s3: saddr:100932208: daddr:16783984
[  291.161414] AAAAA-TCP_FORW: name:enp0s3: saddr:100932208: daddr:16783984
[  291.214799] AAAAA-TCP_FORW: name:enp0s3: saddr:100932208: daddr:16783984
[  291.268858] AAAAA-TCP_FORW: name:enp0s3: saddr:100932208: daddr:33561200
[  291.298793] AAAAA-TCP_FORW: name:enp0s3: saddr:100932208: daddr:33561200
[  291.327946] AAAAA-TCP_FORW: name:enp0s3: saddr:16783984: daddr:100932208
[  291.646262] AAAAA-TCP_FORW: name:enp0s3: saddr:33561200: daddr:100932208
[  291.862931] AAAAA-TCP_FORW: name:enp0s3: saddr:33561200: daddr:100932208
[  292.055948] AAAAA-TCP_FORW: name:enp0s3: saddr:33561200: daddr:100932208
[  292.138287] AAAAA-TCP_FORW: name:enp0s3: saddr:33561200: daddr:100932208
[  292.618151] AAAAA-TCP_FORW: name:enp0s3: saddr:33561200: daddr:100932208
[  292.875571] AAAAA-TCP_FORW: name:enp0s3: saddr:33561200: daddr:100932208
[  293.059643] AAAAA-TCP_FORW: name:enp0s3: saddr:33561200: daddr:100932208
[  293.357469] AAAAA-TCP_FORW: name:enp0s3: saddr:33561200: daddr:100932208
[  293.960344] AAAAA-TCP_FORW: name:enp0s3: saddr:100932208: daddr:33561200
[  294.011789] AAAAA-TCP_FORW: name:enp0s3: saddr:100932208: daddr:33561200
[  294.091450] AAAAA-TCP_FORW: name:enp0s3: saddr:100932208: daddr:16783984
[  294.164125] AAAAA-TCP_FORW: name:enp0s3: saddr:100932208: daddr:16783984
[  294.251728] AAAAA-TCP_FORW: name:enp0s3: saddr:100932208: daddr:16783984
[  294.327497] AAAAA-TCP_FORW: name:enp0s3: saddr:100932208: daddr:33561200
[  294.384525] AAAAA-TCP_FORW: name:enp0s3: saddr:100932208: daddr:33561200
[  294.606593] AAAAA-TCP_FORW: name:enp0s3: saddr:100932208: daddr:33561200
[  294.792950] AAAAA-TCP_FORW: name:enp0s3: saddr:100932208: daddr:33561200
[  294.854530] AAAAA-TCP_FORW: name:enp0s3: saddr:100932208: daddr:33561200
[  295.215054] AAAAA-TCP_FORW: name:enp0s3: saddr:100932208: daddr:33561200
[  295.651957] AAAAA-TCP_FORW: name:enp0s3: saddr:100932208: daddr:33561200
[  295.806743] AAAAA-TCP_FORW: name:enp0s3: saddr:100932208: daddr:33561200
[  296.542696] AAAAA-TCP_FORW: name:enp0s3: saddr:100932208: daddr:16783984
[  304.195170] AAAAA-TCP_FORW: name:enp0s3: saddr:100932208: daddr:16783984
[  308.553852] AAAAA-TCP_FORW: name:enp0s3: saddr:100932208: daddr:33561200
[  543.509410] rfkill: input handler enabled
[  551.880966] rfkill: input handler disabled
[  742.458468] device enp0s3 left promiscuous mode
