[    0.000000] Linux version 5.4.243-mptcp (root@ztg) (gcc version 12.2.0 (Debian 12.2.0-14+deb12u1)) #53 SMP Wed Dec 24 23:28:15 CST 2025
[    0.000000] Command line: BOOT_IMAGE=/boot/vmlinuz-5.4.243-mptcp root=UUID=98415a12-53b7-4144-8265-0f7ece09e445 ro quiet splash
[    0.000000] KERNEL supported cpus:
[    0.000000]   Intel GenuineIntel
[    0.000000]   AMD AuthenticAMD
[    0.000000]   Hygon HygonGenuine
[    0.000000]   Centaur CentaurHauls
[    0.000000]   zhaoxin   Shanghai  
[    0.000000] x86/fpu: Supporting XSAVE feature 0x001: 'x87 floating point registers'
[    0.000000] x86/fpu: Supporting XSAVE feature 0x002: 'SSE registers'
[    0.000000] x86/fpu: Supporting XSAVE feature 0x004: 'AVX registers'
[    0.000000] x86/fpu: xstate_offset[2]:  576, xstate_sizes[2]:  256
[    0.000000] x86/fpu: Enabled xstate features 0x7, context size is 832 bytes, using 'standard' format.
[    0.000000] BIOS-provided physical RAM map:
[    0.000000] BIOS-e820: [mem 0x0000000000000000-0x000000000009fbff] usable
[    0.000000] BIOS-e820: [mem 0x000000000009fc00-0x000000000009ffff] reserved
[    0.000000] BIOS-e820: [mem 0x00000000000f0000-0x00000000000fffff] reserved
[    0.000000] BIOS-e820: [mem 0x0000000000100000-0x000000007ffeffff] usable
[    0.000000] BIOS-e820: [mem 0x000000007fff0000-0x000000007fffffff] ACPI data
[    0.000000] BIOS-e820: [mem 0x00000000fec00000-0x00000000fec00fff] reserved
[    0.000000] BIOS-e820: [mem 0x00000000fee00000-0x00000000fee00fff] reserved
[    0.000000] BIOS-e820: [mem 0x00000000fffc0000-0x00000000ffffffff] reserved
[    0.000000] NX (Execute Disable) protection: active
[    0.000000] SMBIOS 2.5 present.
[    0.000000] DMI: innotek GmbH VirtualBox/VirtualBox, BIOS VirtualBox 12/01/2006
[    0.000000] Hypervisor detected: KVM
[    0.000000] kvm-clock: Using msrs 4b564d01 and 4b564d00
[    0.000000] kvm-clock: cpu 0, msr 20401001, primary cpu clock
[    0.000000] kvm-clock: using sched offset of 4424883388 cycles
[    0.000003] clocksource: kvm-clock: mask: 0xffffffffffffffff max_cycles: 0x1cd42e4dffb, max_idle_ns: 881590591483 ns
[    0.000005] tsc: Detected 2100.000 MHz processor
[    0.001872] e820: update [mem 0x00000000-0x00000fff] usable ==> reserved
[    0.001874] e820: remove [mem 0x000a0000-0x000fffff] usable
[    0.001878] last_pfn = 0x7fff0 max_arch_pfn = 0x400000000
[    0.001948] MTRR default type: uncachable
[    0.001949] MTRR fixed ranges enabled:
[    0.001950]   00000-9FFFF write-back
[    0.001951]   A0000-BFFFF uncachable
[    0.001952]   C0000-FFFFF write-protect
[    0.001952] MTRR variable ranges enabled:
[    0.001954]   0 base 000000000000 mask 3FFF80000000 write-back
[    0.001954]   1 disabled
[    0.001955]   2 disabled
[    0.001955]   3 disabled
[    0.001956]   4 disabled
[    0.001956]   5 disabled
[    0.001957]   6 disabled
[    0.001957]   7 disabled
[    0.001957]   8 disabled
[    0.001958]   9 disabled
[    0.001958]   10 disabled
[    0.001959]   11 disabled
[    0.001959]   12 disabled
[    0.001960]   13 disabled
[    0.001960]   14 disabled
[    0.001960]   15 disabled
[    0.001977] x86/PAT: Configuration [0-7]: WB  WC  UC- UC  WB  WP  UC- WT  
[    0.002113] found SMP MP-table at [mem 0x0009fff0-0x0009ffff]
[    0.090248] check: Scanning 1 areas for low memory corruption
[    0.090485] RAMDISK: [mem 0x32271000-0x3512ffff]
[    0.090494] ACPI: Early table checksum verification disabled
[    0.090499] ACPI: RSDP 0x00000000000E0000 000024 (v02 VBOX  )
[    0.090504] ACPI: XSDT 0x000000007FFF0030 00003C (v01 VBOX   VBOXXSDT 00000001 ASL  00000061)
[    0.090511] ACPI: FACP 0x000000007FFF00F0 0000F4 (v04 VBOX   VBOXFACP 00000001 ASL  00000061)
[    0.090518] ACPI: DSDT 0x000000007FFF02E0 002353 (v02 VBOX   VBOXBIOS 00000002 VBOX 00029BF3)
[    0.090522] ACPI: FACS 0x000000007FFF0200 000040
[    0.090525] ACPI: FACS 0x000000007FFF0200 000040
[    0.090528] ACPI: APIC 0x000000007FFF0240 000054 (v02 VBOX   VBOXAPIC 00000001 ASL  00000061)
[    0.090532] ACPI: SSDT 0x000000007FFF02A0 000038 (v01 VBOX   VBOXCPUT 00000002 VBOX 00029BF3)
[    0.090535] ACPI: Reserving FACP table memory at [mem 0x7fff00f0-0x7fff01e3]
[    0.090536] ACPI: Reserving DSDT table memory at [mem 0x7fff02e0-0x7fff2632]
[    0.090537] ACPI: Reserving FACS table memory at [mem 0x7fff0200-0x7fff023f]
[    0.090537] ACPI: Reserving FACS table memory at [mem 0x7fff0200-0x7fff023f]
[    0.090538] ACPI: Reserving APIC table memory at [mem 0x7fff0240-0x7fff0293]
[    0.090539] ACPI: Reserving SSDT table memory at [mem 0x7fff02a0-0x7fff02d7]
[    0.090553] ACPI: Local APIC address 0xfee00000
[    0.090742] No NUMA configuration found
[    0.090743] Faking a node at [mem 0x0000000000000000-0x000000007ffeffff]
[    0.090753] NODE_DATA(0) allocated [mem 0x7ffc5000-0x7ffeffff]
[    0.091037] Zone ranges:
[    0.091038]   DMA      [mem 0x0000000000001000-0x0000000000ffffff]
[    0.091039]   DMA32    [mem 0x0000000001000000-0x000000007ffeffff]
[    0.091040]   Normal   empty
[    0.091041]   Device   empty
[    0.091041] Movable zone start for each node
[    0.091043] Early memory node ranges
[    0.091044]   node   0: [mem 0x0000000000001000-0x000000000009efff]
[    0.091045]   node   0: [mem 0x0000000000100000-0x000000007ffeffff]
[    0.091048] Zeroed struct page in unavailable ranges: 114 pages
[    0.091049] Initmem setup node 0 [mem 0x0000000000001000-0x000000007ffeffff]
[    0.091050] On node 0 totalpages: 524174
[    0.091052]   DMA zone: 64 pages used for memmap
[    0.091052]   DMA zone: 21 pages reserved
[    0.091053]   DMA zone: 3998 pages, LIFO batch:0
[    0.091125]   DMA32 zone: 8128 pages used for memmap
[    0.091125]   DMA32 zone: 520176 pages, LIFO batch:63
[    0.100191] ACPI: PM-Timer IO Port: 0x4008
[    0.100194] ACPI: Local APIC address 0xfee00000
[    0.100267] IOAPIC[0]: apic_id 1, version 32, address 0xfec00000, GSI 0-23
[    0.100271] ACPI: INT_SRC_OVR (bus 0 bus_irq 0 global_irq 2 dfl dfl)
[    0.100273] ACPI: INT_SRC_OVR (bus 0 bus_irq 9 global_irq 9 low level)
[    0.100275] ACPI: IRQ0 used by override.
[    0.100276] ACPI: IRQ9 used by override.
[    0.100279] Using ACPI (MADT) for SMP configuration information
[    0.100285] smpboot: Allowing 1 CPUs, 0 hotplug CPUs
[    0.100307] PM: Registered nosave memory: [mem 0x00000000-0x00000fff]
[    0.100308] PM: Registered nosave memory: [mem 0x0009f000-0x0009ffff]
[    0.100309] PM: Registered nosave memory: [mem 0x000a0000-0x000effff]
[    0.100310] PM: Registered nosave memory: [mem 0x000f0000-0x000fffff]
[    0.100311] [mem 0x80000000-0xfebfffff] available for PCI devices
[    0.100312] Booting paravirtualized kernel on KVM
[    0.100315] clocksource: refined-jiffies: mask: 0xffffffff max_cycles: 0xffffffff, max_idle_ns: 7645519600211568 ns
[    0.100320] setup_percpu: NR_CPUS:8192 nr_cpumask_bits:1 nr_cpu_ids:1 nr_node_ids:1
[    0.101325] percpu: Embedded 60 pages/cpu s208896 r8192 d28672 u2097152
[    0.101330] pcpu-alloc: s208896 r8192 d28672 u2097152 alloc=1*2097152
[    0.101331] pcpu-alloc: [0] 0 
[    0.101359] Built 1 zonelists, mobility grouping on.  Total pages: 515961
[    0.101360] Policy zone: DMA32
[    0.101361] Kernel command line: BOOT_IMAGE=/boot/vmlinuz-5.4.243-mptcp root=UUID=98415a12-53b7-4144-8265-0f7ece09e445 ro quiet splash
[    0.102217] Dentry cache hash table entries: 262144 (order: 9, 2097152 bytes, linear)
[    0.102482] Inode-cache hash table entries: 131072 (order: 8, 1048576 bytes, linear)
[    0.102534] mem auto-init: stack:off, heap alloc:on, heap free:off
[    0.102537] Calgary: detecting Calgary via BIOS EBDA area
[    0.102538] Calgary: Unable to locate Rio Grande table in EBDA - bailing!
[    0.106795] Memory: 1967332K/2096696K available (14339K kernel code, 2398K rwdata, 4712K rodata, 2728K init, 17260K bss, 129364K reserved, 0K cma-reserved)
[    0.107715] SLUB: HWalign=64, Order=0-3, MinObjects=0, CPUs=1, Nodes=1
[    0.107732] ftrace: allocating 43186 entries in 169 pages
[    0.125976] rcu: Hierarchical RCU implementation.
[    0.125977] rcu: 	RCU restricting CPUs from NR_CPUS=8192 to nr_cpu_ids=1.
[    0.125979] 	Tasks RCU enabled.
[    0.125980] rcu: RCU calculated value of scheduler-enlistment delay is 25 jiffies.
[    0.125980] rcu: Adjusting geometry for rcu_fanout_leaf=16, nr_cpu_ids=1
[    0.128936] NR_IRQS: 524544, nr_irqs: 256, preallocated irqs: 16
[    0.129153] random: crng init done
[    0.138593] Console: colour VGA+ 80x25
[    0.138599] printk: console [tty0] enabled
[    0.138620] ACPI: Core revision 20190816
[    0.138716] APIC: Switch to symmetric I/O mode setup
[    0.138968] x2apic enabled
[    0.139210] Switched APIC routing to physical x2apic.
[    0.140348] ..TIMER: vector=0x30 apic1=0 pin1=2 apic2=-1 pin2=-1
[    0.140373] clocksource: tsc-early: mask: 0xffffffffffffffff max_cycles: 0x1e4530a99b6, max_idle_ns: 440795257976 ns
[    0.140378] Calibrating delay loop (skipped) preset value.. 4200.00 BogoMIPS (lpj=8400000)
[    0.140380] pid_max: default: 32768 minimum: 301
[    0.140407] LSM: Security Framework initializing
[    0.140416] Yama: becoming mindful.
[    0.140441] AppArmor: AppArmor initialized
[    0.140474] Mount-cache hash table entries: 4096 (order: 3, 32768 bytes, linear)
[    0.140479] Mountpoint-cache hash table entries: 4096 (order: 3, 32768 bytes, linear)
[    0.140489] *** VALIDATE tmpfs ***
[    0.140617] *** VALIDATE proc ***
[    0.140658] *** VALIDATE cgroup1 ***
[    0.140659] *** VALIDATE cgroup2 ***
[    0.140800] process: using mwait in idle threads
[    0.140805] Last level iTLB entries: 4KB 64, 2MB 8, 4MB 8
[    0.140806] Last level dTLB entries: 4KB 64, 2MB 0, 4MB 0, 1GB 4
[    0.140826] Spectre V1 : Mitigation: usercopy/swapgs barriers and __user pointer sanitization
[    0.140831] Spectre V2 : Mitigation: Retpolines
[    0.140832] Spectre V2 : Spectre v2 / SpectreRSB mitigation: Filling RSB on context switch
[    0.140833] Spectre V2 : Spectre v2 / SpectreRSB : Filling RSB on VMEXIT
[    0.140833] RETBleed: WARNING: Spectre v2 mitigation leaves CPU vulnerable to RETBleed attacks, data leaks possible!
[    0.141185] RETBleed: Vulnerable
[    0.141185] Speculative Store Bypass: Vulnerable
[    0.141190] TAA: Mitigation: TSX disabled
[    0.141191] MMIO Stale Data: Mitigation: Clear CPU buffers
[    0.145451] Freeing SMP alternatives memory: 40K
[    0.257175] smpboot: CPU0: Intel(R) Xeon(R) Silver 4216 CPU @ 2.10GHz (family: 0x6, model: 0x55, stepping: 0x7)
[    0.257327] Performance Events: unsupported p6 CPU model 85 no PMU driver, software events only.
[    0.257366] rcu: Hierarchical SRCU implementation.
[    0.257847] NMI watchdog: Perf NMI watchdog permanently disabled
[    0.257886] smp: Bringing up secondary CPUs ...
[    0.257887] smp: Brought up 1 node, 1 CPU
[    0.257888] smpboot: Max logical packages: 1
[    0.257890] smpboot: Total of 1 processors activated (4200.00 BogoMIPS)
[    0.258883] devtmpfs: initialized
[    0.258931] x86/mm: Memory block size: 128MB
[    0.259284] clocksource: jiffies: mask: 0xffffffff max_cycles: 0xffffffff, max_idle_ns: 7645041785100000 ns
[    0.259290] futex hash table entries: 256 (order: 2, 16384 bytes, linear)
[    0.259334] pinctrl core: initialized pinctrl subsystem
[    0.259436] PM: RTC time: 14:09:36, date: 2026-01-19
[    0.259543] NET: Registered protocol family 16
[    0.259616] audit: initializing netlink subsys (disabled)
[    0.259742] EISA bus registered
[    0.259744] cpuidle: using governor ladder
[    0.259744] cpuidle: using governor menu
[    0.259782] ACPI: bus type PCI registered
[    0.259784] acpiphp: ACPI Hot Plug PCI Controller Driver version: 0.5
[    0.259890] PCI: Using configuration type 1 for base access
[    0.260722] audit: type=2000 audit(1768802983.094:1): state=initialized audit_enabled=0 res=1
[    0.260802] HugeTLB registered 2.00 MiB page size, pre-allocated 0 pages
[    0.261613] ACPI: Added _OSI(Module Device)
[    0.261614] ACPI: Added _OSI(Processor Device)
[    0.261615] ACPI: Added _OSI(3.0 _SCP Extensions)
[    0.261616] ACPI: Added _OSI(Processor Aggregator Device)
[    0.261617] ACPI: Added _OSI(Linux-Dell-Video)
[    0.261618] ACPI: Added _OSI(Linux-Lenovo-NV-HDMI-Audio)
[    0.261618] ACPI: Added _OSI(Linux-HPI-Hybrid-Graphics)
[    0.263578] ACPI: 2 ACPI AML tables successfully acquired and loaded
[    0.265236] ACPI: Interpreter enabled
[    0.265246] ACPI: (supports S0 S5)
[    0.265247] ACPI: Using IOAPIC for interrupt routing
[    0.265452] PCI: Using host bridge windows from ACPI; if necessary, use "pci=nocrs" and report a bug
[    0.265558] ACPI: Enabled 2 GPEs in block 00 to 07
[    0.270373] ACPI: PCI Root Bridge [PCI0] (domain 0000 [bus 00-ff])
[    0.270378] acpi PNP0A03:00: _OSC: OS supports [ASPM ClockPM Segments MSI HPX-Type3]
[    0.270820] acpi PNP0A03:00: _OSC: not requesting OS control; OS requires [ExtendedConfig ASPM ClockPM MSI]
[    0.270828] acpi PNP0A03:00: fail to add MMCONFIG information, can't access extended PCI configuration space under this bridge.
[    0.271221] PCI host bridge to bus 0000:00
[    0.271225] pci_bus 0000:00: root bus resource [io  0x0000-0x0cf7 window]
[    0.271227] pci_bus 0000:00: root bus resource [io  0x0d00-0xffff window]
[    0.271229] pci_bus 0000:00: root bus resource [mem 0x000a0000-0x000bffff window]
[    0.271230] pci_bus 0000:00: root bus resource [mem 0x80000000-0xfdffffff window]
[    0.271232] pci_bus 0000:00: root bus resource [bus 00-ff]
[    0.271279] pci 0000:00:00.0: [8086:1237] type 00 class 0x060000
[    0.272240] pci 0000:00:01.0: [8086:7000] type 00 class 0x060100
[    0.273025] pci 0000:00:01.1: [8086:7111] type 00 class 0x01018a
[    0.273389] pci 0000:00:01.1: reg 0x20: [io  0xd000-0xd00f]
[    0.273538] pci 0000:00:01.1: legacy IDE quirk: reg 0x10: [io  0x01f0-0x01f7]
[    0.273539] pci 0000:00:01.1: legacy IDE quirk: reg 0x14: [io  0x03f6]
[    0.273540] pci 0000:00:01.1: legacy IDE quirk: reg 0x18: [io  0x0170-0x0177]
[    0.273541] pci 0000:00:01.1: legacy IDE quirk: reg 0x1c: [io  0x0376]
[    0.274085] pci 0000:00:02.0: [15ad:0405] type 00 class 0x030000
[    0.278260] pci 0000:00:02.0: reg 0x10: [io  0xd010-0xd01f]
[    0.280421] pci 0000:00:02.0: reg 0x14: [mem 0xe0000000-0xe7ffffff pref]
[    0.283262] pci 0000:00:02.0: reg 0x18: [mem 0xf0000000-0xf01fffff]
[    0.294956] pci 0000:00:03.0: [1022:2000] type 00 class 0x020000
[    0.296523] pci 0000:00:03.0: reg 0x10: [io  0xd020-0xd03f]
[    0.297215] pci 0000:00:03.0: reg 0x14: [mem 0xf0200000-0xf0200fff]
[    0.300974] pci 0000:00:04.0: [80ee:cafe] type 00 class 0x088000
[    0.301678] pci 0000:00:04.0: reg 0x10: [io  0xd040-0xd05f]
[    0.302306] pci 0000:00:04.0: reg 0x14: [mem 0xf0400000-0xf07fffff]
[    0.302932] pci 0000:00:04.0: reg 0x18: [mem 0xf0800000-0xf0803fff pref]
[    0.306358] pci 0000:00:07.0: [8086:7113] type 00 class 0x068000
[    0.306888] pci 0000:00:07.0: quirk: [io  0x4000-0x403f] claimed by PIIX4 ACPI
[    0.306897] pci 0000:00:07.0: quirk: [io  0x4100-0x410f] claimed by PIIX4 SMB
[    0.307537] pci 0000:00:08.0: [8086:100e] type 00 class 0x020000
[    0.308488] pci 0000:00:08.0: reg 0x10: [mem 0xf0820000-0xf083ffff]
[    0.309882] pci 0000:00:08.0: reg 0x18: [io  0xd060-0xd067]
[    0.313131] pci 0000:00:09.0: [8086:100e] type 00 class 0x020000
[    0.313871] pci 0000:00:09.0: reg 0x10: [mem 0xf0840000-0xf085ffff]
[    0.315073] pci 0000:00:09.0: reg 0x18: [io  0xd068-0xd06f]
[    0.325334] ACPI: PCI Interrupt Link [LNKA] (IRQs 5 9 10 *11)
[    0.325627] ACPI: PCI Interrupt Link [LNKB] (IRQs 5 9 *10 11)
[    0.325729] ACPI: PCI Interrupt Link [LNKC] (IRQs 5 *9 10 11)
[    0.325832] ACPI: PCI Interrupt Link [LNKD] (IRQs 5 9 10 *11)
[    0.326095] iommu: Default domain type: Translated 
[    0.326157] pci 0000:00:02.0: vgaarb: setting as boot VGA device
[    0.326159] pci 0000:00:02.0: vgaarb: VGA device added: decodes=io+mem,owns=io+mem,locks=none
[    0.326161] pci 0000:00:02.0: vgaarb: bridge control possible
[    0.326162] vgaarb: loaded
[    0.326378] SCSI subsystem initialized
[    0.326411] libata version 3.00 loaded.
[    0.326435] ACPI: bus type USB registered
[    0.326451] usbcore: registered new interface driver usbfs
[    0.326457] usbcore: registered new interface driver hub
[    0.326462] usbcore: registered new device driver usb
[    0.326490] pps_core: LinuxPPS API ver. 1 registered
[    0.326490] pps_core: Software ver. 5.3.6 - Copyright 2005-2007 Rodolfo Giometti <giometti@linux.it>
[    0.326492] PTP clock support registered
[    0.326525] EDAC MC: Ver: 3.0.0
[    0.326810] PCI: Using ACPI for IRQ routing
[    0.326811] PCI: pci_cache_line_size set to 64 bytes
[    0.326984] e820: reserve RAM buffer [mem 0x0009fc00-0x0009ffff]
[    0.326988] e820: reserve RAM buffer [mem 0x7fff0000-0x7fffffff]
[    0.329117] NetLabel: Initializing
[    0.329118] NetLabel:  domain hash size = 128
[    0.329119] NetLabel:  protocols = UNLABELED CIPSOv4 CALIPSO
[    0.329138] NetLabel:  unlabeled traffic allowed by default
[    0.330035] clocksource: Switched to clocksource kvm-clock
[    0.342809] *** VALIDATE bpf ***
[    0.342880] VFS: Disk quotas dquot_6.6.0
[    0.342894] VFS: Dquot-cache hash table entries: 512 (order 0, 4096 bytes)
[    0.342918] *** VALIDATE ramfs ***
[    0.342921] *** VALIDATE hugetlbfs ***
[    0.343009] AppArmor: AppArmor Filesystem Enabled
[    0.343037] pnp: PnP ACPI init
[    0.343112] pnp 00:00: Plug and Play ACPI device, IDs PNP0303 (active)
[    0.343215] pnp 00:01: Plug and Play ACPI device, IDs PNP0f03 (active)
[    0.343963] pnp: PnP ACPI: found 2 devices
[    0.344931] thermal_sys: Registered thermal governor 'fair_share'
[    0.344932] thermal_sys: Registered thermal governor 'bang_bang'
[    0.344933] thermal_sys: Registered thermal governor 'step_wise'
[    0.344933] thermal_sys: Registered thermal governor 'user_space'
[    0.344934] thermal_sys: Registered thermal governor 'power_allocator'
[    0.349447] clocksource: acpi_pm: mask: 0xffffff max_cycles: 0xffffff, max_idle_ns: 2085701024 ns
[    0.349491] pci_bus 0000:00: resource 4 [io  0x0000-0x0cf7 window]
[    0.349492] pci_bus 0000:00: resource 5 [io  0x0d00-0xffff window]
[    0.349494] pci_bus 0000:00: resource 6 [mem 0x000a0000-0x000bffff window]
[    0.349495] pci_bus 0000:00: resource 7 [mem 0x80000000-0xfdffffff window]
[    0.349558] NET: Registered protocol family 2
[    0.349633] IP idents hash table entries: 32768 (order: 6, 262144 bytes, linear)
[    0.350043] MPTCP tokens hash table entries: 8192 (order: 4, 65536 bytes, linear)
[    0.350063] MPTCP request tokens hash table entries: 8192 (order: 4, 65536 bytes, linear)
[    0.350088] default registered
[    0.350089] default registered
[    0.350089] MPTCP: Stable release v0.96
[    0.350094] tcp_listen_portaddr_hash hash table entries: 1024 (order: 2, 16384 bytes, linear)
[    0.350176] TCP established hash table entries: 16384 (order: 5, 131072 bytes, linear)
[    0.350243] TCP bind hash table entries: 16384 (order: 6, 262144 bytes, linear)
[    0.350269] TCP: Hash tables configured (established 16384 bind 16384)
[    0.350977] UDP hash table entries: 1024 (order: 3, 32768 bytes, linear)
[    0.350988] UDP-Lite hash table entries: 1024 (order: 3, 32768 bytes, linear)
[    0.351021] NET: Registered protocol family 1
[    0.351030] NET: Registered protocol family 44
[    0.351051] pci 0000:00:00.0: Limiting direct PCI/PCI transfers
[    0.351064] pci 0000:00:01.0: Activating ISA DMA hang workarounds
[    0.351118] pci 0000:00:02.0: Video device with shadowed ROM at [mem 0x000c0000-0x000dffff]
[    0.351180] PCI: CLS 0 bytes, default 64
[    0.351230] Trying to unpack rootfs image as initramfs...
[    0.524276] Freeing initrd memory: 47868K
[    0.524276] clocksource: tsc: mask: 0xffffffffffffffff max_cycles: 0x1e4530a99b6, max_idle_ns: 440795257976 ns
[    0.524276] clocksource: Switched to clocksource tsc
[    0.524276] platform rtc_cmos: registered platform RTC device (no PNP device found)
[    0.524276] check: Scanning for low memory corruption every 60 seconds
[    0.524276] Initialise system trusted keyrings
[    0.524276] Key type blacklist registered
[    0.524276] workingset: timestamp_bits=36 max_order=19 bucket_order=0
[    0.524276] zbud: loaded
[    0.524276] squashfs: version 4.0 (2009/01/31) Phillip Lougher
[    0.524276] fuse: init (API version 7.31)
[    0.524276] *** VALIDATE fuse ***
[    0.524276] *** VALIDATE fuse ***
[    0.524276] Platform Keyring initialized
[    0.539283] Key type asymmetric registered
[    0.539285] Asymmetric key parser 'x509' registered
[    0.539298] Block layer SCSI generic (bsg) driver version 0.4 loaded (major 244)
[    0.539343] io scheduler mq-deadline registered
[    0.539475] shpchp: Standard Hot Plug PCI Controller Driver version: 0.4
[    0.539705] ACPI: AC Adapter [AC] (on-line)
[    0.539752] input: Power Button as /devices/LNXSYSTM:00/LNXPWRBN:00/input/input0
[    0.539782] ACPI: Power Button [PWRF]
[    0.539858] input: Sleep Button as /devices/LNXSYSTM:00/LNXSLPBN:00/input/input1
[    0.539873] ACPI: Sleep Button [SLPF]
[    0.540123] Serial: 8250/16550 driver, 32 ports, IRQ sharing enabled
[    0.541295] Linux agpgart interface v0.103
[    0.631293] loop: module loaded
[    0.631454] ata_piix 0000:00:01.1: version 2.13
[    0.631898] scsi host0: ata_piix
[    0.631988] scsi host1: ata_piix
[    0.632014] ata1: PATA max UDMA/33 cmd 0x1f0 ctl 0x3f6 bmdma 0xd000 irq 14
[    0.632015] ata2: PATA max UDMA/33 cmd 0x170 ctl 0x376 bmdma 0xd008 irq 15
[    0.632109] tun: Universal TUN/TAP device driver, 1.6
[    0.632420] PPP generic driver version 2.4.2
[    0.632463] VFIO - User Level meta-driver version: 0.3
[    0.632700] ehci_hcd: USB 2.0 'Enhanced' Host Controller (EHCI) Driver
[    0.632705] ehci-pci: EHCI PCI platform driver
[    0.632720] ehci-platform: EHCI generic platform driver
[    0.632726] ohci_hcd: USB 1.1 'Open' Host Controller (OHCI) Driver
[    0.632727] ohci-pci: OHCI PCI platform driver
[    0.632735] ohci-platform: OHCI generic platform driver
[    0.632739] uhci_hcd: USB Universal Host Controller Interface driver
[    0.632803] i8042: PNP: PS/2 Controller [PNP0303:PS2K,PNP0f03:PS2M] at 0x60,0x64 irq 1,12
[    0.633255] serio: i8042 KBD port at 0x60,0x64 irq 1
[    0.633259] serio: i8042 AUX port at 0x60,0x64 irq 12
[    0.633347] mousedev: PS/2 mouse device common for all mice
[    0.633603] input: AT Translated Set 2 keyboard as /devices/platform/i8042/serio0/input/input2
[    0.634007] rtc_cmos rtc_cmos: registered as rtc0
[    0.634020] rtc_cmos rtc_cmos: alarms up to one day, 114 bytes nvram
[    0.634025] i2c /dev entries driver
[    0.634066] device-mapper: uevent: version 1.0.3
[    0.634109] device-mapper: ioctl: 4.41.0-ioctl (2019-09-16) initialised: dm-devel@redhat.com
[    0.634125] platform eisa.0: Probing EISA bus 0
[    0.634126] platform eisa.0: EISA: Cannot allocate resource for mainboard
[    0.634128] platform eisa.0: Cannot allocate resource for EISA slot 1
[    0.634129] platform eisa.0: Cannot allocate resource for EISA slot 2
[    0.634130] platform eisa.0: Cannot allocate resource for EISA slot 3
[    0.634131] platform eisa.0: Cannot allocate resource for EISA slot 4
[    0.634132] platform eisa.0: Cannot allocate resource for EISA slot 5
[    0.634133] platform eisa.0: Cannot allocate resource for EISA slot 6
[    0.634134] platform eisa.0: Cannot allocate resource for EISA slot 7
[    0.634135] platform eisa.0: Cannot allocate resource for EISA slot 8
[    0.634136] platform eisa.0: EISA: Detected 0 cards
[    0.634139] intel_pstate: CPU model not supported
[    0.634147] ledtrig-cpu: registered to indicate activity on CPUs
[    0.634203] drop_monitor: Initializing network drop monitor service
[    0.634362] NET: Registered protocol family 10
[    0.639386] Segment Routing with IPv6
[    0.639386] fullmesh registered
[    0.639386] ndiffports registered
[    0.639386] binder registered
[    0.639386] roundrobin registered
[    0.639386] redundant registered
[    0.639386] blest registered
[    0.639386] ecf registered
[    0.639386] NET: Registered protocol family 17
[    0.639386] Key type dns_resolver registered
[    0.639386] RAS: Correctable Errors collector initialized.
[    0.639386] IPI shorthand broadcast: enabled
[    0.639386] sched_clock: Marking stable (624154976, 11231964)->(635929376, -542436)
[    0.639652] registered taskstats version 1
[    0.639662] Loading compiled-in X.509 certificates
[    0.640249] Loaded X.509 cert 'Build time autogenerated kernel key: 6909f3744cebb3d0de528d5887b96a727de79b1e'
[    0.640268] zswap: loaded using pool lzo/zbud
[    0.640321] Key type ._fscrypt registered
[    0.640321] Key type .fscrypt registered
[    0.644785] Key type big_key registered
[    0.646967] Key type encrypted registered
[    0.646970] AppArmor: AppArmor sha1 policy hashing enabled
[    0.646977] ima: No TPM chip found, activating TPM-bypass!
[    0.646981] ima: Allocated hash algorithm: sha1
[    0.646986] ima: No architecture policies found
[    0.646995] evm: Initialising EVM extended attributes:
[    0.646996] evm: security.selinux
[    0.646996] evm: security.SMACK64
[    0.646997] evm: security.SMACK64EXEC
[    0.646997] evm: security.SMACK64TRANSMUTE
[    0.646997] evm: security.SMACK64MMAP
[    0.646998] evm: security.apparmor
[    0.646998] evm: security.ima
[    0.646999] evm: security.capability
[    0.646999] evm: HMAC attrs: 0x1
[    0.647293] PM:   Magic number: 10:497:182
[    0.647408] rtc_cmos rtc_cmos: setting system clock to 2026-01-19T14:09:37 UTC (1768831777)
[    0.804199] ata1.00: ATA-6: VBOX HARDDISK, 1.0, max UDMA/133
[    0.804202] ata1.00: 209715200 sectors, multi 128: LBA 
[    0.804846] scsi 0:0:0:0: Direct-Access     ATA      VBOX HARDDISK    1.0  PQ: 0 ANSI: 5
[    0.805148] sd 0:0:0:0: [sda] 209715200 512-byte logical blocks: (107 GB/100 GiB)
[    0.805160] sd 0:0:0:0: [sda] Write Protect is off
[    0.805163] sd 0:0:0:0: [sda] Mode Sense: 00 3a 00 00
[    0.805182] sd 0:0:0:0: [sda] Write cache: enabled, read cache: enabled, doesn't support DPO or FUA
[    0.805492] sd 0:0:0:0: Attached scsi generic sg0 type 0
[    0.806861]  sda: sda1 sda2
[    0.815421] sd 0:0:0:0: [sda] Attached SCSI disk
[    0.818562] Freeing unused decrypted memory: 2040K
[    0.819492] Freeing unused kernel image memory: 2728K
[    0.819494] Write protecting the kernel read-only data: 22528k
[    0.820465] Freeing unused kernel image memory: 2036K
[    0.821002] Freeing unused kernel image memory: 1432K
[    0.846107] x86/mm: Checked W+X mappings: passed, no W+X pages found.
[    0.846112] Run /init as init process
[    0.953584] ACPI: Video Device [GFX0] (multi-head: yes  rom: no  post: no)
[    0.953656] input: Video Bus as /devices/LNXSYSTM:00/LNXSYBUS:00/PNP0A03:00/LNXVIDEO:00/input/input4
[    0.964970] pcnet32: pcnet32.c:v1.35 21.Apr.2008 tsbogend@alpha.franken.de
[    0.966523] piix4_smbus 0000:00:07.0: SMBus Host Controller at 0x4100, revision 0
[    0.969101] e1000: Intel(R) PRO/1000 Network Driver - version 7.3.21-k8-NAPI
[    0.969102] e1000: Copyright (c) 1999-2006 Intel Corporation.
[    0.974574] pcnet32: PCnet/FAST III 79C973 at 0xd020, 08:00:27:0c:89:ef assigned IRQ 19
[    0.974621] pcnet32: Found PHY 0022:561b at address 0
[    0.974930] pcnet32: eth0: registered as PCnet/FAST III 79C973
[    0.984982] pcnet32: 1 cards_found
[    1.047727] pcnet32 0000:00:03.0 enp0s3: renamed from eth0
[    1.187068] input: ImExPS/2 Generic Explorer Mouse as /devices/platform/i8042/serio1/input/input5
[    1.379467] e1000 0000:00:08.0 eth0: (PCI:33MHz:32-bit) 08:00:27:bd:93:0a
[    1.379472] e1000 0000:00:08.0 eth0: Intel(R) PRO/1000 Network Connection
[    1.751496] e1000 0000:00:09.0 eth1: (PCI:33MHz:32-bit) 08:00:27:7b:5e:66
[    1.751499] e1000 0000:00:09.0 eth1: Intel(R) PRO/1000 Network Connection
[    1.752645] e1000 0000:00:09.0 enp0s9: renamed from eth1
[    1.754428] e1000 0000:00:08.0 enp0s8: renamed from eth0
[    1.904245] EXT4-fs (sda2): mounted filesystem with ordered data mode. Opts: (null)
[    1.995892] systemd[1]: Inserted module 'autofs4'
[    2.006711] systemd[1]: systemd 245.4-4ubuntu3 running in system mode. (+PAM +AUDIT +SELINUX +IMA +APPARMOR +SMACK +SYSVINIT +UTMP +LIBCRYPTSETUP +GCRYPT +GNUTLS +ACL +XZ +LZ4 +SECCOMP +BLKID +ELFUTILS +KMOD +IDN2 -IDN +PCRE2 default-hierarchy=hybrid)
[    2.006744] systemd[1]: Detected virtualization oracle.
[    2.006747] systemd[1]: Detected architecture x86-64.
[    2.008088] systemd[1]: Set hostname to <ztg>.
[    2.133974] systemd[1]: /lib/systemd/system/dbus.socket:5: ListenStream= references a path below legacy directory /var/run/, updating /var/run/dbus/system_bus_socket â†’ /run/dbus/system_bus_socket; please update the unit file accordingly.
[    2.186496] systemd[1]: Created slice system-modprobe.slice.
[    2.186680] systemd[1]: Created slice User and Session Slice.
[    2.186722] systemd[1]: Started Forward Password Requests to Wall Directory Watch.
[    2.186884] systemd[1]: Set up automount Arbitrary Executable File Formats File System Automount Point.
[    2.186916] systemd[1]: Reached target User and Group Name Lookups.
[    2.186925] systemd[1]: Reached target Remote File Systems.
[    2.186933] systemd[1]: Reached target Slices.
[    2.187487] systemd[1]: Listening on Syslog Socket.
[    2.187555] systemd[1]: Listening on fsck to fsckd communication Socket.
[    2.187593] systemd[1]: Listening on initctl Compatibility Named Pipe.
[    2.187727] systemd[1]: Listening on Journal Audit Socket.
[    2.187779] systemd[1]: Listening on Journal Socket (/dev/log).
[    2.187847] systemd[1]: Listening on Journal Socket.
[    2.187910] systemd[1]: Listening on udev Control Socket.
[    2.187948] systemd[1]: Listening on udev Kernel Socket.
[    2.188688] systemd[1]: Mounting Huge Pages File System...
[    2.189646] systemd[1]: Mounting POSIX Message Queue File System...
[    2.190536] systemd[1]: Mounting Kernel Debug File System...
[    2.191459] systemd[1]: Mounting Kernel Trace File System...
[    2.193407] systemd[1]: Starting Journal Service...
[    2.217978] systemd[1]: Starting Set the console keyboard layout...
[    2.225804] systemd[1]: Starting Create list of static device nodes for the current kernel...
[    2.227646] systemd[1]: Starting Load Kernel Module drm...
[    2.228626] systemd[1]: Condition check resulted in Set Up Additional Binary Formats being skipped.
[    2.228667] systemd[1]: Condition check resulted in File System Check on Root Device being skipped.
[    2.239957] systemd[1]: Starting Load Kernel Modules...
[    2.247024] systemd[1]: Starting Remount Root and Kernel File Systems...
[    2.255860] systemd[1]: Starting udev Coldplug all Devices...
[    2.268097] systemd[1]: Starting Uncomplicated firewall...
[    2.269376] systemd[1]: Mounted Huge Pages File System.
[    2.269461] systemd[1]: Mounted POSIX Message Queue File System.
[    2.269540] systemd[1]: Mounted Kernel Debug File System.
[    2.269615] systemd[1]: Mounted Kernel Trace File System.
[    2.271653] EXT4-fs (sda2): re-mounted. Opts: errors=remount-ro
[    2.292587] systemd[1]: Finished Create list of static device nodes for the current kernel.
[    2.293635] systemd[1]: modprobe@drm.service: Succeeded.
[    2.309966] systemd[1]: Finished Load Kernel Module drm.
[    2.316222] systemd[1]: Finished Remount Root and Kernel File Systems.
[    2.318303] lp: driver loaded but no devices found
[    2.319736] systemd[1]: Finished Uncomplicated firewall.
[    2.335894] systemd[1]: Condition check resulted in Rebuild Hardware Database being skipped.
[    2.335932] systemd[1]: Condition check resulted in Platform Persistent Storage Archival being skipped.
[    2.337869] systemd[1]: Starting Load/Save Random Seed...
[    2.343219] systemd[1]: Starting Create System Users...
[    2.348237] ppdev: user-space parallel port driver
[    2.358814] systemd[1]: Finished Load/Save Random Seed.
[    2.364320] systemd[1]: Finished Create System Users.
[    2.365030] systemd[1]: Starting Create Static Device Nodes in /dev...
[    2.400901] systemd[1]: Finished Create Static Device Nodes in /dev.
[    2.401739] systemd[1]: Starting udev Kernel Device Manager...
[    2.411352] systemd[1]: Finished udev Coldplug all Devices.
[    2.435037] [drm] DMA map mode: Caching DMA mappings.
[    2.435100] [drm] Capabilities:
[    2.435100] [drm]   Rect copy.
[    2.435101] [drm]   Cursor.
[    2.435101] [drm]   Cursor bypass.
[    2.435101] [drm]   Cursor bypass 2.
[    2.435102] [drm]   Alpha cursor.
[    2.435102] [drm]   Extended Fifo.
[    2.435102] [drm]   Pitchlock.
[    2.435103] [drm]   Irq mask.
[    2.435103] [drm]   GMR.
[    2.435103] [drm]   Traces.
[    2.435104] [drm]   GMR2.
[    2.435104] [drm]   Screen Object 2.
[    2.435104] [drm]   Command Buffers.
[    2.435105] [drm]   Command Buffers 2.
[    2.435105] [drm]   Guest Backed Resources.
[    2.435106] [drm] Max GMR ids is 8192
[    2.435106] [drm] Max number of GMR pages is 1048576
[    2.435107] [drm] Max dedicated hypervisor surface memory is 393216 kiB
[    2.435107] [drm] Maximum display memory size is 131072 kiB
[    2.435108] [drm] VRAM at 0xe0000000 size is 131072 kiB
[    2.435109] [drm] MMIO at 0xf0000000 size is 2048 kiB
[    2.435975] [TTM] Zone  kernel: Available graphics memory: 1011738 KiB
[    2.435976] [TTM] Initializing pool allocator
[    2.436006] [TTM] Initializing DMA pool allocator
[    2.436034] [drm] Supports vblank timestamp caching Rev 2 (21.10.2013).
[    2.436034] [drm] No driver support for vblank timestamp query.
[    2.436248] [drm] Screen Target Display device initialized
[    2.436446] [drm] width 720
[    2.436456] [drm] height 400
[    2.436459] [drm] bpp 32
[    2.437018] [drm] Fifo max 0x00200000 min 0x00001000 cap 0x00000355
[    2.438084] [drm] Using command buffers with DMA pool.
[    2.438090] [drm] DX: no.
[    2.438091] [drm] Atomic: yes.
[    2.438091] [drm] SM4_1: no.
[    2.438110] [drm:vmw_host_log [vmwgfx]] *ERROR* Failed to send host log message.
[    2.439007] [drm:vmw_host_log [vmwgfx]] *ERROR* Failed to send host log message.
[    2.464249] fbcon: svgadrmfb (fb0) is primary device
[    2.466427] Console: switching to colour frame buffer device 100x37
[    2.473916] [drm] Initialized vmwgfx 2.15.0 20180704 for 0000:00:02.0 on minor 0
[    2.474833] systemd[1]: Finished Load Kernel Modules.
[    2.475798] systemd[1]: Mounting FUSE Control File System...
[    2.476906] systemd[1]: Mounting Kernel Configuration File System...
[    2.493636] systemd[1]: Starting Apply Kernel Variables...
[    2.504431] systemd[1]: Mounted Kernel Configuration File System.
[    2.508651] systemd[1]: Finished Set the console keyboard layout.
[    2.508786] systemd[1]: Mounted FUSE Control File System.
[    2.508842] systemd[1]: Reached target Local File Systems (Pre).
[    2.508860] systemd[1]: Condition check resulted in VMware vmblock fuse mount being skipped.
[    2.515613] systemd[1]: Mounting Mount unit for bare, revision 5...
[    2.518650] systemd[1]: Mounting Mount unit for core18, revision 1705...
[    2.525675] systemd[1]: Mounting Mount unit for gnome-3-34-1804, revision 24...
[    2.551588] systemd[1]: Mounting Mount unit for gtk-common-themes, revision 1506...
[    2.556115] systemd[1]: Mounting Mount unit for gtk-common-themes, revision 1535...
[    2.561604] systemd[1]: Mounting Mount unit for snap-store, revision 433...
[    2.567846] systemd[1]: Mounting Mount unit for snapd, revision 7264...
[    2.578067] systemd[1]: Finished Apply Kernel Variables.
[    2.580862] systemd[1]: Mounted Mount unit for bare, revision 5.
[    2.605999] systemd[1]: Mounted Mount unit for core18, revision 1705.
[    2.606087] systemd[1]: Mounted Mount unit for gnome-3-34-1804, revision 24.
[    2.632984] systemd[1]: Mounted Mount unit for gtk-common-themes, revision 1506.
[    2.635719] systemd[1]: Started udev Kernel Device Manager.
[    2.636443] systemd[1]: Starting Show Plymouth Boot Screen...
[    2.642389] systemd[1]: Received SIGRTMIN+20 from PID 280 (plymouthd).
[    2.663067] systemd[1]: Started Show Plymouth Boot Screen.
[    2.663224] systemd[1]: Condition check resulted in Dispatch Password Requests to Console Directory Watch being skipped.
[    2.663321] systemd[1]: Started Forward Password Requests to Plymouth Directory Watch.
[    2.663366] systemd[1]: Reached target Local Encrypted Volumes.
[    2.748723] systemd[1]: Mounted Mount unit for gtk-common-themes, revision 1535.
[    2.748978] systemd[1]: Mounted Mount unit for snap-store, revision 433.
[    2.749176] systemd[1]: Mounted Mount unit for snapd, revision 7264.
[    2.749324] systemd[1]: Reached target Local File Systems.
[    2.762978] systemd[1]: Starting Load AppArmor profiles...
[    2.763853] systemd[1]: Starting Set console font and keymap...
[    2.775219] systemd[1]: Starting Tell Plymouth To Write Out Runtime Data...
[    2.776831] systemd[1]: Condition check resulted in Store a System Token in an EFI Variable being skipped.
[    2.776873] systemd[1]: Condition check resulted in Commit a transient machine-id on disk being skipped.
[    2.780704] systemd[1]: Finished Set console font and keymap.
[    2.789328] systemd[1]: Received SIGRTMIN+20 from PID 280 (plymouthd).
[    2.791286] systemd[1]: plymouth-read-write.service: Succeeded.
[    2.791536] systemd[1]: Finished Tell Plymouth To Write Out Runtime Data.
[    2.810339] audit: type=1400 audit(1768831779.656:2): apparmor="STATUS" operation="profile_load" profile="unconfined" name="nvidia_modprobe" pid=300 comm="apparmor_parser"
[    2.810342] audit: type=1400 audit(1768831779.656:3): apparmor="STATUS" operation="profile_load" profile="unconfined" name="nvidia_modprobe//kmod" pid=300 comm="apparmor_parser"
[    2.819932] audit: type=1400 audit(1768831779.668:4): apparmor="STATUS" operation="profile_load" profile="unconfined" name="/usr/sbin/tcpdump" pid=301 comm="apparmor_parser"
[    2.866934] audit: type=1400 audit(1768831779.708:5): apparmor="STATUS" operation="profile_load" profile="unconfined" name="/usr/bin/evince" pid=303 comm="apparmor_parser"
[    2.866936] audit: type=1400 audit(1768831779.708:6): apparmor="STATUS" operation="profile_load" profile="unconfined" name="/usr/bin/evince//sanitized_helper" pid=303 comm="apparmor_parser"
[    2.866937] audit: type=1400 audit(1768831779.708:7): apparmor="STATUS" operation="profile_load" profile="unconfined" name="/usr/bin/evince-previewer" pid=303 comm="apparmor_parser"
[    2.866939] audit: type=1400 audit(1768831779.708:8): apparmor="STATUS" operation="profile_load" profile="unconfined" name="/usr/bin/evince-previewer//sanitized_helper" pid=303 comm="apparmor_parser"
[    2.866940] audit: type=1400 audit(1768831779.708:9): apparmor="STATUS" operation="profile_load" profile="unconfined" name="/usr/bin/evince-thumbnailer" pid=303 comm="apparmor_parser"
[    2.882640] audit: type=1400 audit(1768831779.732:10): apparmor="STATUS" operation="profile_load" profile="unconfined" name="/usr/lib/cups/backend/cups-pdf" pid=304 comm="apparmor_parser"
[    2.961975] systemd[1]: Finished Load AppArmor profiles.
[    2.962910] systemd[1]: Starting Load AppArmor profiles managed internally by snapd...
[    3.035882] systemd[1]: Finished Load AppArmor profiles managed internally by snapd.
[    3.148877] systemd[1]: Started Journal Service.
[    3.156037] systemd-journald[229]: Received client request to flush runtime journal.
[    3.160774] systemd-journald[229]: File /var/log/journal/c455b248004a419c87ce85eea238d727/system.journal corrupted or uncleanly shut down, renaming and replacing.
[    4.477601] RAPL PMU: API unit is 2^-32 Joules, 0 fixed counters, 10737418240 ms ovfl timer
[    4.573377] cryptd: max_cpu_qlen set to 1000
[    4.609099] AVX2 version of gcm_enc/dec engaged.
[    4.609099] AES CTR mode by8 optimization enabled
[    5.345477] Adding 1998844k swap on /dev/sda1.  Priority:-2 extents:1 across:1998844k FS
[    6.986477] kauditd_printk_skb: 30 callbacks suppressed
[    6.986478] audit: type=1400 audit(1768831783.836:41): apparmor="DENIED" operation="capable" profile="/usr/sbin/cups-browsed" pid=496 comm="cups-browsed" capability=23  capname="sys_nice"
[    7.557888] pcnet32 0000:00:03.0 enp0s3: link up, 100Mbps, full-duplex
[    7.593712] e1000: enp0s8 NIC Link is Up 1000 Mbps Full Duplex, Flow Control: RX
[    7.593984] IPv6: ADDRCONF(NETDEV_CHANGE): enp0s8: link becomes ready
[    7.605329] e1000: enp0s9 NIC Link is Up 1000 Mbps Full Duplex, Flow Control: RX
[    7.605625] IPv6: ADDRCONF(NETDEV_CHANGE): enp0s9: link becomes ready
[    8.137672] device enp0s3 entered promiscuous mode
[    8.158479] audit: type=1400 audit(1768831785.004:42): apparmor="DENIED" operation="open" profile="/usr/sbin/tcpdump" name="/proc/sys/kernel/random/boot_id" pid=704 comm="tcpdump" requested_mask="r" denied_mask="r" fsuid=0 ouid=0
[    8.158676] audit: type=1400 audit(1768831785.004:43): apparmor="DENIED" operation="open" profile="/usr/sbin/tcpdump" name="/proc/sys/kernel/random/boot_id" pid=704 comm="tcpdump" requested_mask="r" denied_mask="r" fsuid=0 ouid=0
[    8.158726] audit: type=1400 audit(1768831785.004:44): apparmor="DENIED" operation="open" profile="/usr/sbin/tcpdump" name="/proc/sys/kernel/random/boot_id" pid=704 comm="tcpdump" requested_mask="r" denied_mask="r" fsuid=0 ouid=0
[    8.158963] audit: type=1400 audit(1768831785.004:45): apparmor="DENIED" operation="open" profile="/usr/sbin/tcpdump" name="/proc/sys/kernel/random/boot_id" pid=704 comm="tcpdump" requested_mask="r" denied_mask="r" fsuid=0 ouid=0
[    8.165394] audit: type=1400 audit(1768831785.016:46): apparmor="DENIED" operation="open" profile="/usr/sbin/tcpdump" name="/proc/sys/kernel/random/boot_id" pid=705 comm="tcpdump" requested_mask="r" denied_mask="r" fsuid=0 ouid=0
[    8.165622] audit: type=1400 audit(1768831785.016:47): apparmor="DENIED" operation="open" profile="/usr/sbin/tcpdump" name="/proc/sys/kernel/random/boot_id" pid=705 comm="tcpdump" requested_mask="r" denied_mask="r" fsuid=0 ouid=0
[    8.165662] audit: type=1400 audit(1768831785.016:48): apparmor="DENIED" operation="open" profile="/usr/sbin/tcpdump" name="/proc/sys/kernel/random/boot_id" pid=705 comm="tcpdump" requested_mask="r" denied_mask="r" fsuid=0 ouid=0
[    8.165756] audit: type=1400 audit(1768831785.016:49): apparmor="DENIED" operation="open" profile="/usr/sbin/tcpdump" name="/proc/sys/kernel/random/boot_id" pid=705 comm="tcpdump" requested_mask="r" denied_mask="r" fsuid=0 ouid=0
[   12.597394] rfkill: input handler disabled
[  227.967880] AAAAA-TCP_FORW: name:enp0s3: saddr:100932208: daddr:16783984
[  228.036947] AAAAA-TCP_FORW: name:enp0s3: saddr:100932208: daddr:16783984
[  228.147607] AAAAA-TCP_FORW: name:enp0s3: saddr:100932208: daddr:16783984
[  228.224151] AAAAA-TCP_FORW: name:enp0s3: saddr:100932208: daddr:16783984
[  228.503803] AAAAA-TCP_FORW: name:enp0s3: saddr:100932208: daddr:16783984
[  228.676189] AAAAA-TCP_FORW: name:enp0s3: saddr:100932208: daddr:16783984
[  228.777297] AAAAA-TCP_FORW: name:enp0s3: saddr:100932208: daddr:16783984
[  228.828718] AAAAA-TCP_FORW: name:enp0s3: saddr:100932208: daddr:16783984
[  229.894612] AAAAA-TCP_FORW: name:enp0s3: saddr:33561200: daddr:100932208
[  230.374367] AAAAA-TCP_FORW: name:enp0s3: saddr:33561200: daddr:100932208
[  231.072800] AAAAA-TCP_FORW: name:enp0s3: saddr:33561200: daddr:100932208
[  231.244019] AAAAA-TCP_FORW: name:enp0s3: saddr:33561200: daddr:100932208
[  231.594561] AAAAA-TCP_FORW: name:enp0s3: saddr:33561200: daddr:100932208
[  232.062271] AAAAA-TCP_FORW: name:enp0s3: saddr:33561200: daddr:100932208
[  234.499569] AAAAA-TCP_FORW: name:enp0s3: saddr:33561200: daddr:100932208
[  234.626077] AAAAA-TCP_FORW: name:enp0s3: saddr:33561200: daddr:100932208
[  235.130420] AAAAA-TCP_FORW: name:enp0s3: saddr:33561200: daddr:100932208
[  235.547748] AAAAA-TCP_FORW: name:enp0s3: saddr:33561200: daddr:100932208
[  235.938113] AAAAA-TCP_FORW: name:enp0s3: saddr:16783984: daddr:100932208
[  236.326637] AAAAA-TCP_FORW: name:enp0s3: saddr:16783984: daddr:100932208
[  236.813711] AAAAA-TCP_FORW: name:enp0s3: saddr:16783984: daddr:100932208
[  237.369419] AAAAA-TCP_FORW: name:enp0s3: saddr:16783984: daddr:100932208
[  237.622814] AAAAA-TCP_FORW: name:enp0s3: saddr:16783984: daddr:100932208
[  238.251395] AAAAA-TCP_FORW: name:enp0s3: saddr:16783984: daddr:100932208
[  238.426935] AAAAA-TCP_FORW: name:enp0s3: saddr:16783984: daddr:100932208
[  238.575596] AAAAA-TCP_FORW: name:enp0s3: saddr:16783984: daddr:100932208
[  241.970350] AAAAA-TCP_FORW: name:enp0s3: saddr:33561200: daddr:100932208
[  242.917316] AAAAA-TCP_FORW: name:enp0s3: saddr:16783984: daddr:100932208
[  243.193815] AAAAA-TCP_FORW: name:enp0s3: saddr:16783984: daddr:100932208
[  243.406041] AAAAA-TCP_FORW: name:enp0s3: saddr:33561200: daddr:100932208
[  243.490856] AAAAA-TCP_FORW: name:enp0s3: saddr:16783984: daddr:100932208
[  243.602381] AAAAA-TCP_FORW: name:enp0s3: saddr:16783984: daddr:100932208
[  243.675236] AAAAA-TCP_FORW: name:enp0s3: saddr:16783984: daddr:100932208
[  243.816690] AAAAA-TCP_FORW: name:enp0s3: saddr:16783984: daddr:100932208
[  244.001949] AAAAA-TCP_FORW: name:enp0s3: saddr:16783984: daddr:100932208
[  244.371277] AAAAA-TCP_FORW: name:enp0s3: saddr:16783984: daddr:100932208
[  244.716668] AAAAA-TCP_FORW: name:enp0s3: saddr:16783984: daddr:100932208
[  244.825818] AAAAA-TCP_FORW: name:enp0s3: saddr:16783984: daddr:100932208
[  245.151759] AAAAA-TCP_FORW: name:enp0s3: saddr:16783984: daddr:100932208
[  245.258514] AAAAA-TCP_FORW: name:enp0s3: saddr:16783984: daddr:100932208
[  245.460796] AAAAA-TCP_FORW: name:enp0s3: saddr:16783984: daddr:100932208
[  245.802957] AAAAA-TCP_FORW: name:enp0s3: saddr:16783984: daddr:100932208
[  246.523871] AAAAA-TCP_FORW: name:enp0s3: saddr:33561200: daddr:100932208
[  246.936076] AAAAA-TCP_FORW: name:enp0s3: saddr:16783984: daddr:100932208
[  247.284423] AAAAA-TCP_FORW: name:enp0s3: saddr:16783984: daddr:100932208
[  247.423078] AAAAA-TCP_FORW: name:enp0s3: saddr:16783984: daddr:100932208
[  247.511121] AAAAA-TCP_FORW: name:enp0s3: saddr:16783984: daddr:100932208
[  247.656644] AAAAA-TCP_FORW: name:enp0s3: saddr:16783984: daddr:100932208
[  247.976188] AAAAA-TCP_FORW: name:enp0s3: saddr:16783984: daddr:100932208
[  248.107514] AAAAA-TCP_FORW: name:enp0s3: saddr:16783984: daddr:100932208
[  248.319279] AAAAA-TCP_FORW: name:enp0s3: saddr:16783984: daddr:100932208
[  248.404818] AAAAA-TCP_FORW: name:enp0s3: saddr:16783984: daddr:100932208
[  248.560510] AAAAA-TCP_FORW: name:enp0s3: saddr:16783984: daddr:100932208
[  248.810808] AAAAA-TCP_FORW: name:enp0s3: saddr:16783984: daddr:100932208
[  248.892992] AAAAA-TCP_FORW: name:enp0s3: saddr:16783984: daddr:100932208
[  248.956760] AAAAA-TCP_FORW: name:enp0s3: saddr:16783984: daddr:100932208
[  469.330168] rfkill: input handler enabled
[  478.051834] rfkill: input handler disabled
[  633.649436] device enp0s3 left promiscuous mode
