[    0.000000] Linux version 5.4.243-mptcp (root@ztg) (gcc version 12.2.0 (Debian 12.2.0-14+deb12u1)) #53 SMP Wed Dec 24 23:28:15 CST 2025
[    0.000000] Command line: BOOT_IMAGE=/boot/vmlinuz-5.4.243-mptcp root=UUID=98415a12-53b7-4144-8265-0f7ece09e445 ro quiet splash
[    0.000000] KERNEL supported cpus:
[    0.000000]   Intel GenuineIntel
[    0.000000]   AMD AuthenticAMD
[    0.000000]   Hygon HygonGenuine
[    0.000000]   Centaur CentaurHauls
[    0.000000]   zhaoxin   Shanghai  
[    0.000000] x86/fpu: Supporting XSAVE feature 0x001: 'x87 floating point registers'
[    0.000000] x86/fpu: Supporting XSAVE feature 0x002: 'SSE registers'
[    0.000000] x86/fpu: Supporting XSAVE feature 0x004: 'AVX registers'
[    0.000000] x86/fpu: xstate_offset[2]:  576, xstate_sizes[2]:  256
[    0.000000] x86/fpu: Enabled xstate features 0x7, context size is 832 bytes, using 'standard' format.
[    0.000000] BIOS-provided physical RAM map:
[    0.000000] BIOS-e820: [mem 0x0000000000000000-0x000000000009fbff] usable
[    0.000000] BIOS-e820: [mem 0x000000000009fc00-0x000000000009ffff] reserved
[    0.000000] BIOS-e820: [mem 0x00000000000f0000-0x00000000000fffff] reserved
[    0.000000] BIOS-e820: [mem 0x0000000000100000-0x000000007ffeffff] usable
[    0.000000] BIOS-e820: [mem 0x000000007fff0000-0x000000007fffffff] ACPI data
[    0.000000] BIOS-e820: [mem 0x00000000fec00000-0x00000000fec00fff] reserved
[    0.000000] BIOS-e820: [mem 0x00000000fee00000-0x00000000fee00fff] reserved
[    0.000000] BIOS-e820: [mem 0x00000000fffc0000-0x00000000ffffffff] reserved
[    0.000000] NX (Execute Disable) protection: active
[    0.000000] SMBIOS 2.5 present.
[    0.000000] DMI: innotek GmbH VirtualBox/VirtualBox, BIOS VirtualBox 12/01/2006
[    0.000000] Hypervisor detected: KVM
[    0.000000] kvm-clock: Using msrs 4b564d01 and 4b564d00
[    0.000000] kvm-clock: cpu 0, msr 38201001, primary cpu clock
[    0.000000] kvm-clock: using sched offset of 4473795032 cycles
[    0.000003] clocksource: kvm-clock: mask: 0xffffffffffffffff max_cycles: 0x1cd42e4dffb, max_idle_ns: 881590591483 ns
[    0.000005] tsc: Detected 2100.000 MHz processor
[    0.001871] e820: update [mem 0x00000000-0x00000fff] usable ==> reserved
[    0.001873] e820: remove [mem 0x000a0000-0x000fffff] usable
[    0.001877] last_pfn = 0x7fff0 max_arch_pfn = 0x400000000
[    0.001945] MTRR default type: uncachable
[    0.001946] MTRR fixed ranges enabled:
[    0.001947]   00000-9FFFF write-back
[    0.001947]   A0000-BFFFF uncachable
[    0.001948]   C0000-FFFFF write-protect
[    0.001949] MTRR variable ranges enabled:
[    0.001950]   0 base 000000000000 mask 3FFF80000000 write-back
[    0.001951]   1 disabled
[    0.001951]   2 disabled
[    0.001952]   3 disabled
[    0.001952]   4 disabled
[    0.001953]   5 disabled
[    0.001953]   6 disabled
[    0.001953]   7 disabled
[    0.001954]   8 disabled
[    0.001954]   9 disabled
[    0.001955]   10 disabled
[    0.001955]   11 disabled
[    0.001956]   12 disabled
[    0.001956]   13 disabled
[    0.001957]   14 disabled
[    0.001957]   15 disabled
[    0.001973] x86/PAT: Configuration [0-7]: WB  WC  UC- UC  WB  WP  UC- WT  
[    0.002105] found SMP MP-table at [mem 0x0009fff0-0x0009ffff]
[    0.092228] check: Scanning 1 areas for low memory corruption
[    0.092445] RAMDISK: [mem 0x32271000-0x3512ffff]
[    0.092453] ACPI: Early table checksum verification disabled
[    0.092457] ACPI: RSDP 0x00000000000E0000 000024 (v02 VBOX  )
[    0.092461] ACPI: XSDT 0x000000007FFF0030 00003C (v01 VBOX   VBOXXSDT 00000001 ASL  00000061)
[    0.092467] ACPI: FACP 0x000000007FFF00F0 0000F4 (v04 VBOX   VBOXFACP 00000001 ASL  00000061)
[    0.092474] ACPI: DSDT 0x000000007FFF02E0 002353 (v02 VBOX   VBOXBIOS 00000002 VBOX 00029BF3)
[    0.092478] ACPI: FACS 0x000000007FFF0200 000040
[    0.092481] ACPI: FACS 0x000000007FFF0200 000040
[    0.092484] ACPI: APIC 0x000000007FFF0240 000054 (v02 VBOX   VBOXAPIC 00000001 ASL  00000061)
[    0.092488] ACPI: SSDT 0x000000007FFF02A0 000038 (v01 VBOX   VBOXCPUT 00000002 VBOX 00029BF3)
[    0.092491] ACPI: Reserving FACP table memory at [mem 0x7fff00f0-0x7fff01e3]
[    0.092492] ACPI: Reserving DSDT table memory at [mem 0x7fff02e0-0x7fff2632]
[    0.092493] ACPI: Reserving FACS table memory at [mem 0x7fff0200-0x7fff023f]
[    0.092493] ACPI: Reserving FACS table memory at [mem 0x7fff0200-0x7fff023f]
[    0.092494] ACPI: Reserving APIC table memory at [mem 0x7fff0240-0x7fff0293]
[    0.092494] ACPI: Reserving SSDT table memory at [mem 0x7fff02a0-0x7fff02d7]
[    0.092508] ACPI: Local APIC address 0xfee00000
[    0.092691] No NUMA configuration found
[    0.092692] Faking a node at [mem 0x0000000000000000-0x000000007ffeffff]
[    0.092702] NODE_DATA(0) allocated [mem 0x7ffc5000-0x7ffeffff]
[    0.092962] Zone ranges:
[    0.092962]   DMA      [mem 0x0000000000001000-0x0000000000ffffff]
[    0.092964]   DMA32    [mem 0x0000000001000000-0x000000007ffeffff]
[    0.092964]   Normal   empty
[    0.092965]   Device   empty
[    0.092966] Movable zone start for each node
[    0.092968] Early memory node ranges
[    0.092969]   node   0: [mem 0x0000000000001000-0x000000000009efff]
[    0.092969]   node   0: [mem 0x0000000000100000-0x000000007ffeffff]
[    0.092972] Zeroed struct page in unavailable ranges: 114 pages
[    0.092973] Initmem setup node 0 [mem 0x0000000000001000-0x000000007ffeffff]
[    0.092974] On node 0 totalpages: 524174
[    0.092976]   DMA zone: 64 pages used for memmap
[    0.092976]   DMA zone: 21 pages reserved
[    0.092977]   DMA zone: 3998 pages, LIFO batch:0
[    0.093047]   DMA32 zone: 8128 pages used for memmap
[    0.093048]   DMA32 zone: 520176 pages, LIFO batch:63
[    0.101917] ACPI: PM-Timer IO Port: 0x4008
[    0.101920] ACPI: Local APIC address 0xfee00000
[    0.101984] IOAPIC[0]: apic_id 1, version 32, address 0xfec00000, GSI 0-23
[    0.101987] ACPI: INT_SRC_OVR (bus 0 bus_irq 0 global_irq 2 dfl dfl)
[    0.101989] ACPI: INT_SRC_OVR (bus 0 bus_irq 9 global_irq 9 low level)
[    0.101990] ACPI: IRQ0 used by override.
[    0.101991] ACPI: IRQ9 used by override.
[    0.101994] Using ACPI (MADT) for SMP configuration information
[    0.102000] smpboot: Allowing 1 CPUs, 0 hotplug CPUs
[    0.102020] PM: Registered nosave memory: [mem 0x00000000-0x00000fff]
[    0.102021] PM: Registered nosave memory: [mem 0x0009f000-0x0009ffff]
[    0.102022] PM: Registered nosave memory: [mem 0x000a0000-0x000effff]
[    0.102022] PM: Registered nosave memory: [mem 0x000f0000-0x000fffff]
[    0.102024] [mem 0x80000000-0xfebfffff] available for PCI devices
[    0.102024] Booting paravirtualized kernel on KVM
[    0.102027] clocksource: refined-jiffies: mask: 0xffffffff max_cycles: 0xffffffff, max_idle_ns: 7645519600211568 ns
[    0.102031] setup_percpu: NR_CPUS:8192 nr_cpumask_bits:1 nr_cpu_ids:1 nr_node_ids:1
[    0.103052] percpu: Embedded 60 pages/cpu s208896 r8192 d28672 u2097152
[    0.103057] pcpu-alloc: s208896 r8192 d28672 u2097152 alloc=1*2097152
[    0.103058] pcpu-alloc: [0] 0 
[    0.103082] Built 1 zonelists, mobility grouping on.  Total pages: 515961
[    0.103083] Policy zone: DMA32
[    0.103084] Kernel command line: BOOT_IMAGE=/boot/vmlinuz-5.4.243-mptcp root=UUID=98415a12-53b7-4144-8265-0f7ece09e445 ro quiet splash
[    0.103927] Dentry cache hash table entries: 262144 (order: 9, 2097152 bytes, linear)
[    0.104073] Inode-cache hash table entries: 131072 (order: 8, 1048576 bytes, linear)
[    0.104121] mem auto-init: stack:off, heap alloc:on, heap free:off
[    0.104124] Calgary: detecting Calgary via BIOS EBDA area
[    0.104125] Calgary: Unable to locate Rio Grande table in EBDA - bailing!
[    0.108189] Memory: 1967332K/2096696K available (14339K kernel code, 2398K rwdata, 4712K rodata, 2728K init, 17260K bss, 129364K reserved, 0K cma-reserved)
[    0.109112] SLUB: HWalign=64, Order=0-3, MinObjects=0, CPUs=1, Nodes=1
[    0.109128] ftrace: allocating 43186 entries in 169 pages
[    0.127128] rcu: Hierarchical RCU implementation.
[    0.127129] rcu: 	RCU restricting CPUs from NR_CPUS=8192 to nr_cpu_ids=1.
[    0.127130] 	Tasks RCU enabled.
[    0.127131] rcu: RCU calculated value of scheduler-enlistment delay is 25 jiffies.
[    0.127132] rcu: Adjusting geometry for rcu_fanout_leaf=16, nr_cpu_ids=1
[    0.130076] NR_IRQS: 524544, nr_irqs: 256, preallocated irqs: 16
[    0.130274] random: crng init done
[    0.139607] Console: colour VGA+ 80x25
[    0.139610] printk: console [tty0] enabled
[    0.139628] ACPI: Core revision 20190816
[    0.139758] APIC: Switch to symmetric I/O mode setup
[    0.140007] x2apic enabled
[    0.140245] Switched APIC routing to physical x2apic.
[    0.141370] ..TIMER: vector=0x30 apic1=0 pin1=2 apic2=-1 pin2=-1
[    0.141394] clocksource: tsc-early: mask: 0xffffffffffffffff max_cycles: 0x1e4530a99b6, max_idle_ns: 440795257976 ns
[    0.141398] Calibrating delay loop (skipped) preset value.. 4200.00 BogoMIPS (lpj=8400000)
[    0.141400] pid_max: default: 32768 minimum: 301
[    0.141427] LSM: Security Framework initializing
[    0.141436] Yama: becoming mindful.
[    0.141460] AppArmor: AppArmor initialized
[    0.141493] Mount-cache hash table entries: 4096 (order: 3, 32768 bytes, linear)
[    0.141496] Mountpoint-cache hash table entries: 4096 (order: 3, 32768 bytes, linear)
[    0.141506] *** VALIDATE tmpfs ***
[    0.141635] *** VALIDATE proc ***
[    0.141676] *** VALIDATE cgroup1 ***
[    0.141677] *** VALIDATE cgroup2 ***
[    0.141815] process: using mwait in idle threads
[    0.141819] Last level iTLB entries: 4KB 64, 2MB 8, 4MB 8
[    0.141820] Last level dTLB entries: 4KB 64, 2MB 0, 4MB 0, 1GB 4
[    0.141839] Spectre V1 : Mitigation: usercopy/swapgs barriers and __user pointer sanitization
[    0.141845] Spectre V2 : Mitigation: Retpolines
[    0.141846] Spectre V2 : Spectre v2 / SpectreRSB mitigation: Filling RSB on context switch
[    0.141846] Spectre V2 : Spectre v2 / SpectreRSB : Filling RSB on VMEXIT
[    0.141847] RETBleed: WARNING: Spectre v2 mitigation leaves CPU vulnerable to RETBleed attacks, data leaks possible!
[    0.142198] RETBleed: Vulnerable
[    0.142198] Speculative Store Bypass: Vulnerable
[    0.142203] TAA: Mitigation: TSX disabled
[    0.142203] MMIO Stale Data: Mitigation: Clear CPU buffers
[    0.146365] Freeing SMP alternatives memory: 40K
[    0.258847] smpboot: CPU0: Intel(R) Xeon(R) Silver 4216 CPU @ 2.10GHz (family: 0x6, model: 0x55, stepping: 0x7)
[    0.258943] Performance Events: unsupported p6 CPU model 85 no PMU driver, software events only.
[    0.258975] rcu: Hierarchical SRCU implementation.
[    0.259436] NMI watchdog: Perf NMI watchdog permanently disabled
[    0.259467] smp: Bringing up secondary CPUs ...
[    0.259468] smp: Brought up 1 node, 1 CPU
[    0.259469] smpboot: Max logical packages: 1
[    0.259470] smpboot: Total of 1 processors activated (4200.00 BogoMIPS)
[    0.260403] devtmpfs: initialized
[    0.260445] x86/mm: Memory block size: 128MB
[    0.260762] clocksource: jiffies: mask: 0xffffffff max_cycles: 0xffffffff, max_idle_ns: 7645041785100000 ns
[    0.260766] futex hash table entries: 256 (order: 2, 16384 bytes, linear)
[    0.260805] pinctrl core: initialized pinctrl subsystem
[    0.260897] PM: RTC time: 14:30:43, date: 2026-01-17
[    0.260992] NET: Registered protocol family 16
[    0.261062] audit: initializing netlink subsys (disabled)
[    0.261178] EISA bus registered
[    0.261179] cpuidle: using governor ladder
[    0.261180] cpuidle: using governor menu
[    0.261213] ACPI: bus type PCI registered
[    0.261214] acpiphp: ACPI Hot Plug PCI Controller Driver version: 0.5
[    0.261311] PCI: Using configuration type 1 for base access
[    0.261463] audit: type=2000 audit(1768631450.227:1): state=initialized audit_enabled=0 res=1
[    0.261532] HugeTLB registered 2.00 MiB page size, pre-allocated 0 pages
[    0.262282] ACPI: Added _OSI(Module Device)
[    0.262282] ACPI: Added _OSI(Processor Device)
[    0.262283] ACPI: Added _OSI(3.0 _SCP Extensions)
[    0.262284] ACPI: Added _OSI(Processor Aggregator Device)
[    0.262285] ACPI: Added _OSI(Linux-Dell-Video)
[    0.262285] ACPI: Added _OSI(Linux-Lenovo-NV-HDMI-Audio)
[    0.262286] ACPI: Added _OSI(Linux-HPI-Hybrid-Graphics)
[    0.264235] ACPI: 2 ACPI AML tables successfully acquired and loaded
[    0.265872] ACPI: Interpreter enabled
[    0.265882] ACPI: (supports S0 S5)
[    0.265883] ACPI: Using IOAPIC for interrupt routing
[    0.266086] PCI: Using host bridge windows from ACPI; if necessary, use "pci=nocrs" and report a bug
[    0.266192] ACPI: Enabled 2 GPEs in block 00 to 07
[    0.271023] ACPI: PCI Root Bridge [PCI0] (domain 0000 [bus 00-ff])
[    0.271028] acpi PNP0A03:00: _OSC: OS supports [ASPM ClockPM Segments MSI HPX-Type3]
[    0.271467] acpi PNP0A03:00: _OSC: not requesting OS control; OS requires [ExtendedConfig ASPM ClockPM MSI]
[    0.271475] acpi PNP0A03:00: fail to add MMCONFIG information, can't access extended PCI configuration space under this bridge.
[    0.271846] PCI host bridge to bus 0000:00
[    0.271848] pci_bus 0000:00: root bus resource [io  0x0000-0x0cf7 window]
[    0.271850] pci_bus 0000:00: root bus resource [io  0x0d00-0xffff window]
[    0.271851] pci_bus 0000:00: root bus resource [mem 0x000a0000-0x000bffff window]
[    0.271852] pci_bus 0000:00: root bus resource [mem 0x80000000-0xfdffffff window]
[    0.271853] pci_bus 0000:00: root bus resource [bus 00-ff]
[    0.271899] pci 0000:00:00.0: [8086:1237] type 00 class 0x060000
[    0.272831] pci 0000:00:01.0: [8086:7000] type 00 class 0x060100
[    0.273585] pci 0000:00:01.1: [8086:7111] type 00 class 0x01018a
[    0.273958] pci 0000:00:01.1: reg 0x20: [io  0xd000-0xd00f]
[    0.274112] pci 0000:00:01.1: legacy IDE quirk: reg 0x10: [io  0x01f0-0x01f7]
[    0.274113] pci 0000:00:01.1: legacy IDE quirk: reg 0x14: [io  0x03f6]
[    0.274114] pci 0000:00:01.1: legacy IDE quirk: reg 0x18: [io  0x0170-0x0177]
[    0.274115] pci 0000:00:01.1: legacy IDE quirk: reg 0x1c: [io  0x0376]
[    0.274655] pci 0000:00:02.0: [15ad:0405] type 00 class 0x030000
[    0.277474] pci 0000:00:02.0: reg 0x10: [io  0xd010-0xd01f]
[    0.280284] pci 0000:00:02.0: reg 0x14: [mem 0xe0000000-0xe7ffffff pref]
[    0.281443] pci 0000:00:02.0: reg 0x18: [mem 0xf0000000-0xf01fffff]
[    0.294039] pci 0000:00:03.0: [1022:2000] type 00 class 0x020000
[    0.294707] pci 0000:00:03.0: reg 0x10: [io  0xd020-0xd03f]
[    0.295321] pci 0000:00:03.0: reg 0x14: [mem 0xf0200000-0xf0200fff]
[    0.298765] pci 0000:00:04.0: [80ee:cafe] type 00 class 0x088000
[    0.299452] pci 0000:00:04.0: reg 0x10: [io  0xd040-0xd05f]
[    0.300066] pci 0000:00:04.0: reg 0x14: [mem 0xf0400000-0xf07fffff]
[    0.300677] pci 0000:00:04.0: reg 0x18: [mem 0xf0800000-0xf0803fff pref]
[    0.303891] pci 0000:00:07.0: [8086:7113] type 00 class 0x068000
[    0.304433] pci 0000:00:07.0: quirk: [io  0x4000-0x403f] claimed by PIIX4 ACPI
[    0.304446] pci 0000:00:07.0: quirk: [io  0x4100-0x410f] claimed by PIIX4 SMB
[    0.305030] pci 0000:00:08.0: [1022:2000] type 00 class 0x020000
[    0.305514] pci 0000:00:08.0: reg 0x10: [io  0xd060-0xd07f]
[    0.306120] pci 0000:00:08.0: reg 0x14: [mem 0xf0804000-0xf0804fff]
[    0.310198] pci 0000:00:09.0: [8086:100e] type 00 class 0x020000
[    0.310904] pci 0000:00:09.0: reg 0x10: [mem 0xf0820000-0xf083ffff]
[    0.312070] pci 0000:00:09.0: reg 0x18: [io  0xd080-0xd087]
[    0.322309] ACPI: PCI Interrupt Link [LNKA] (IRQs 5 9 10 *11)
[    0.322595] ACPI: PCI Interrupt Link [LNKB] (IRQs 5 9 *10 11)
[    0.322701] ACPI: PCI Interrupt Link [LNKC] (IRQs 5 *9 10 11)
[    0.322800] ACPI: PCI Interrupt Link [LNKD] (IRQs 5 9 10 *11)
[    0.323027] iommu: Default domain type: Translated 
[    0.323081] pci 0000:00:02.0: vgaarb: setting as boot VGA device
[    0.323083] pci 0000:00:02.0: vgaarb: VGA device added: decodes=io+mem,owns=io+mem,locks=none
[    0.323085] pci 0000:00:02.0: vgaarb: bridge control possible
[    0.323085] vgaarb: loaded
[    0.323275] SCSI subsystem initialized
[    0.323303] libata version 3.00 loaded.
[    0.323327] ACPI: bus type USB registered
[    0.323342] usbcore: registered new interface driver usbfs
[    0.323347] usbcore: registered new interface driver hub
[    0.323352] usbcore: registered new device driver usb
[    0.323375] pps_core: LinuxPPS API ver. 1 registered
[    0.323376] pps_core: Software ver. 5.3.6 - Copyright 2005-2007 Rodolfo Giometti <giometti@linux.it>
[    0.323378] PTP clock support registered
[    0.323411] EDAC MC: Ver: 3.0.0
[    0.323691] PCI: Using ACPI for IRQ routing
[    0.323692] PCI: pci_cache_line_size set to 64 bytes
[    0.323866] e820: reserve RAM buffer [mem 0x0009fc00-0x0009ffff]
[    0.323870] e820: reserve RAM buffer [mem 0x7fff0000-0x7fffffff]
[    0.325410] NetLabel: Initializing
[    0.325411] NetLabel:  domain hash size = 128
[    0.325411] NetLabel:  protocols = UNLABELED CIPSOv4 CALIPSO
[    0.325429] NetLabel:  unlabeled traffic allowed by default
[    0.326314] clocksource: Switched to clocksource kvm-clock
[    0.339694] *** VALIDATE bpf ***
[    0.339751] VFS: Disk quotas dquot_6.6.0
[    0.339762] VFS: Dquot-cache hash table entries: 512 (order 0, 4096 bytes)
[    0.339782] *** VALIDATE ramfs ***
[    0.339785] *** VALIDATE hugetlbfs ***
[    0.339862] AppArmor: AppArmor Filesystem Enabled
[    0.339885] pnp: PnP ACPI init
[    0.339943] pnp 00:00: Plug and Play ACPI device, IDs PNP0303 (active)
[    0.340008] pnp 00:01: Plug and Play ACPI device, IDs PNP0f03 (active)
[    0.340736] pnp: PnP ACPI: found 2 devices
[    0.341686] thermal_sys: Registered thermal governor 'fair_share'
[    0.341687] thermal_sys: Registered thermal governor 'bang_bang'
[    0.341688] thermal_sys: Registered thermal governor 'step_wise'
[    0.341688] thermal_sys: Registered thermal governor 'user_space'
[    0.341689] thermal_sys: Registered thermal governor 'power_allocator'
[    0.346199] clocksource: acpi_pm: mask: 0xffffff max_cycles: 0xffffff, max_idle_ns: 2085701024 ns
[    0.346237] pci_bus 0000:00: resource 4 [io  0x0000-0x0cf7 window]
[    0.346238] pci_bus 0000:00: resource 5 [io  0x0d00-0xffff window]
[    0.346239] pci_bus 0000:00: resource 6 [mem 0x000a0000-0x000bffff window]
[    0.346240] pci_bus 0000:00: resource 7 [mem 0x80000000-0xfdffffff window]
[    0.346295] NET: Registered protocol family 2
[    0.346367] IP idents hash table entries: 32768 (order: 6, 262144 bytes, linear)
[    0.346752] MPTCP tokens hash table entries: 8192 (order: 4, 65536 bytes, linear)
[    0.346772] MPTCP request tokens hash table entries: 8192 (order: 4, 65536 bytes, linear)
[    0.346797] default registered
[    0.346798] default registered
[    0.346798] MPTCP: Stable release v0.96
[    0.346804] tcp_listen_portaddr_hash hash table entries: 1024 (order: 2, 16384 bytes, linear)
[    0.346880] TCP established hash table entries: 16384 (order: 5, 131072 bytes, linear)
[    0.346941] TCP bind hash table entries: 16384 (order: 6, 262144 bytes, linear)
[    0.346966] TCP: Hash tables configured (established 16384 bind 16384)
[    0.347697] UDP hash table entries: 1024 (order: 3, 32768 bytes, linear)
[    0.347709] UDP-Lite hash table entries: 1024 (order: 3, 32768 bytes, linear)
[    0.347743] NET: Registered protocol family 1
[    0.347751] NET: Registered protocol family 44
[    0.347772] pci 0000:00:00.0: Limiting direct PCI/PCI transfers
[    0.347785] pci 0000:00:01.0: Activating ISA DMA hang workarounds
[    0.347841] pci 0000:00:02.0: Video device with shadowed ROM at [mem 0x000c0000-0x000dffff]
[    0.347905] PCI: CLS 0 bytes, default 64
[    0.347949] Trying to unpack rootfs image as initramfs...
[    0.523169] Freeing initrd memory: 47868K
[    0.523169] clocksource: tsc: mask: 0xffffffffffffffff max_cycles: 0x1e4530a99b6, max_idle_ns: 440795257976 ns
[    0.523169] clocksource: Switched to clocksource tsc
[    0.523169] platform rtc_cmos: registered platform RTC device (no PNP device found)
[    0.523169] check: Scanning for low memory corruption every 60 seconds
[    0.523169] Initialise system trusted keyrings
[    0.523169] Key type blacklist registered
[    0.523169] workingset: timestamp_bits=36 max_order=19 bucket_order=0
[    0.523169] zbud: loaded
[    0.523169] squashfs: version 4.0 (2009/01/31) Phillip Lougher
[    0.523169] fuse: init (API version 7.31)
[    0.523169] *** VALIDATE fuse ***
[    0.523169] *** VALIDATE fuse ***
[    0.523169] Platform Keyring initialized
[    0.523169] Key type asymmetric registered
[    0.523169] Asymmetric key parser 'x509' registered
[    0.523169] Block layer SCSI generic (bsg) driver version 0.4 loaded (major 244)
[    0.523169] io scheduler mq-deadline registered
[    0.523169] shpchp: Standard Hot Plug PCI Controller Driver version: 0.4
[    0.529298] ACPI: AC Adapter [AC] (on-line)
[    0.529345] input: Power Button as /devices/LNXSYSTM:00/LNXPWRBN:00/input/input0
[    0.529372] ACPI: Power Button [PWRF]
[    0.529451] input: Sleep Button as /devices/LNXSYSTM:00/LNXSLPBN:00/input/input1
[    0.529476] ACPI: Sleep Button [SLPF]
[    0.529699] Serial: 8250/16550 driver, 32 ports, IRQ sharing enabled
[    0.530880] Linux agpgart interface v0.103
[    0.619192] loop: module loaded
[    0.619395] ata_piix 0000:00:01.1: version 2.13
[    0.620046] scsi host0: ata_piix
[    0.620190] scsi host1: ata_piix
[    0.620235] ata1: PATA max UDMA/33 cmd 0x1f0 ctl 0x3f6 bmdma 0xd000 irq 14
[    0.620237] ata2: PATA max UDMA/33 cmd 0x170 ctl 0x376 bmdma 0xd008 irq 15
[    0.620354] tun: Universal TUN/TAP device driver, 1.6
[    0.620826] PPP generic driver version 2.4.2
[    0.620894] VFIO - User Level meta-driver version: 0.3
[    0.621269] ehci_hcd: USB 2.0 'Enhanced' Host Controller (EHCI) Driver
[    0.621276] ehci-pci: EHCI PCI platform driver
[    0.621295] ehci-platform: EHCI generic platform driver
[    0.621304] ohci_hcd: USB 1.1 'Open' Host Controller (OHCI) Driver
[    0.621307] ohci-pci: OHCI PCI platform driver
[    0.621318] ohci-platform: OHCI generic platform driver
[    0.621326] uhci_hcd: USB Universal Host Controller Interface driver
[    0.621423] i8042: PNP: PS/2 Controller [PNP0303:PS2K,PNP0f03:PS2M] at 0x60,0x64 irq 1,12
[    0.622072] serio: i8042 KBD port at 0x60,0x64 irq 1
[    0.622077] serio: i8042 AUX port at 0x60,0x64 irq 12
[    0.622239] mousedev: PS/2 mouse device common for all mice
[    0.622653] input: AT Translated Set 2 keyboard as /devices/platform/i8042/serio0/input/input2
[    0.623340] rtc_cmos rtc_cmos: registered as rtc0
[    0.623362] rtc_cmos rtc_cmos: alarms up to one day, 114 bytes nvram
[    0.623371] i2c /dev entries driver
[    0.623434] device-mapper: uevent: version 1.0.3
[    0.623505] device-mapper: ioctl: 4.41.0-ioctl (2019-09-16) initialised: dm-devel@redhat.com
[    0.623530] platform eisa.0: Probing EISA bus 0
[    0.623532] platform eisa.0: EISA: Cannot allocate resource for mainboard
[    0.623534] platform eisa.0: Cannot allocate resource for EISA slot 1
[    0.623536] platform eisa.0: Cannot allocate resource for EISA slot 2
[    0.623538] platform eisa.0: Cannot allocate resource for EISA slot 3
[    0.623540] platform eisa.0: Cannot allocate resource for EISA slot 4
[    0.623541] platform eisa.0: Cannot allocate resource for EISA slot 5
[    0.623543] platform eisa.0: Cannot allocate resource for EISA slot 6
[    0.623545] platform eisa.0: Cannot allocate resource for EISA slot 7
[    0.623546] platform eisa.0: Cannot allocate resource for EISA slot 8
[    0.623548] platform eisa.0: EISA: Detected 0 cards
[    0.623552] intel_pstate: CPU model not supported
[    0.623564] ledtrig-cpu: registered to indicate activity on CPUs
[    0.623638] drop_monitor: Initializing network drop monitor service
[    0.623903] NET: Registered protocol family 10
[    0.627200] Segment Routing with IPv6
[    0.627200] fullmesh registered
[    0.627200] ndiffports registered
[    0.627200] binder registered
[    0.627200] roundrobin registered
[    0.627200] redundant registered
[    0.627200] blest registered
[    0.627200] ecf registered
[    0.627200] NET: Registered protocol family 17
[    0.627200] Key type dns_resolver registered
[    0.627200] RAS: Correctable Errors collector initialized.
[    0.627200] IPI shorthand broadcast: enabled
[    0.627200] sched_clock: Marking stable (612070004, 11130905)->(623504453, -303544)
[    0.632641] registered taskstats version 1
[    0.632653] Loading compiled-in X.509 certificates
[    0.633692] Loaded X.509 cert 'Build time autogenerated kernel key: 6909f3744cebb3d0de528d5887b96a727de79b1e'
[    0.633717] zswap: loaded using pool lzo/zbud
[    0.633802] Key type ._fscrypt registered
[    0.633803] Key type .fscrypt registered
[    0.641871] Key type big_key registered
[    0.645723] Key type encrypted registered
[    0.645727] AppArmor: AppArmor sha1 policy hashing enabled
[    0.645737] ima: No TPM chip found, activating TPM-bypass!
[    0.645743] ima: Allocated hash algorithm: sha1
[    0.645750] ima: No architecture policies found
[    0.645764] evm: Initialising EVM extended attributes:
[    0.645765] evm: security.selinux
[    0.645766] evm: security.SMACK64
[    0.645767] evm: security.SMACK64EXEC
[    0.645768] evm: security.SMACK64TRANSMUTE
[    0.645768] evm: security.SMACK64MMAP
[    0.645769] evm: security.apparmor
[    0.645770] evm: security.ima
[    0.645771] evm: security.capability
[    0.645772] evm: HMAC attrs: 0x1
[    0.646266] PM:   Magic number: 10:209:536
[    0.646277] tty ttyS16: hash matches
[    0.646435] rtc_cmos rtc_cmos: setting system clock to 2026-01-17T14:30:44 UTC (1768660244)
[    0.792276] ata1.00: ATA-6: VBOX HARDDISK, 1.0, max UDMA/133
[    0.792279] ata1.00: 209715200 sectors, multi 128: LBA 
[    0.792940] scsi 0:0:0:0: Direct-Access     ATA      VBOX HARDDISK    1.0  PQ: 0 ANSI: 5
[    0.793230] sd 0:0:0:0: [sda] 209715200 512-byte logical blocks: (107 GB/100 GiB)
[    0.793243] sd 0:0:0:0: [sda] Write Protect is off
[    0.793246] sd 0:0:0:0: [sda] Mode Sense: 00 3a 00 00
[    0.793266] sd 0:0:0:0: [sda] Write cache: enabled, read cache: enabled, doesn't support DPO or FUA
[    0.793502] sd 0:0:0:0: Attached scsi generic sg0 type 0
[    0.794124]  sda: sda1 sda2
[    0.803435] sd 0:0:0:0: [sda] Attached SCSI disk
[    0.806773] Freeing unused decrypted memory: 2040K
[    0.807745] Freeing unused kernel image memory: 2728K
[    0.807748] Write protecting the kernel read-only data: 22528k
[    0.808775] Freeing unused kernel image memory: 2036K
[    0.809336] Freeing unused kernel image memory: 1432K
[    0.836200] x86/mm: Checked W+X mappings: passed, no W+X pages found.
[    0.836205] Run /init as init process
[    0.937973] ACPI: Video Device [GFX0] (multi-head: yes  rom: no  post: no)
[    0.938039] input: Video Bus as /devices/LNXSYSTM:00/LNXSYBUS:00/PNP0A03:00/LNXVIDEO:00/input/input4
[    0.949088] pcnet32: pcnet32.c:v1.35 21.Apr.2008 tsbogend@alpha.franken.de
[    0.950735] piix4_smbus 0000:00:07.0: SMBus Host Controller at 0x4100, revision 0
[    0.954456] e1000: Intel(R) PRO/1000 Network Driver - version 7.3.21-k8-NAPI
[    0.954457] e1000: Copyright (c) 1999-2006 Intel Corporation.
[    0.956479] pcnet32: PCnet/FAST III 79C973 at 0xd020, 08:00:27:08:fb:1e assigned IRQ 19
[    0.956524] pcnet32: Found PHY 0022:561b at address 0
[    0.956816] pcnet32: eth0: registered as PCnet/FAST III 79C973
[    0.970018] pcnet32: PCnet/FAST III 79C973 at 0xd060, 08:00:27:7b:87:34 assigned IRQ 16
[    0.970061] pcnet32: Found PHY 0022:561b at address 0
[    0.970359] pcnet32: eth1: registered as PCnet/FAST III 79C973
[    0.970379] pcnet32: 2 cards_found
[    1.034380] pcnet32 0000:00:03.0 enp0s3: renamed from eth0
[    1.035886] pcnet32 0000:00:08.0 enp0s8: renamed from eth1
[    1.170229] input: ImExPS/2 Generic Explorer Mouse as /devices/platform/i8042/serio1/input/input5
[    1.363470] e1000 0000:00:09.0 eth0: (PCI:33MHz:32-bit) 08:00:27:b2:43:e0
[    1.363473] e1000 0000:00:09.0 eth0: Intel(R) PRO/1000 Network Connection
[    1.364408] e1000 0000:00:09.0 enp0s9: renamed from eth0
[    1.504884] EXT4-fs (sda2): mounted filesystem with ordered data mode. Opts: (null)
[    1.594194] systemd[1]: Inserted module 'autofs4'
[    1.607820] systemd[1]: systemd 245.4-4ubuntu3 running in system mode. (+PAM +AUDIT +SELINUX +IMA +APPARMOR +SMACK +SYSVINIT +UTMP +LIBCRYPTSETUP +GCRYPT +GNUTLS +ACL +XZ +LZ4 +SECCOMP +BLKID +ELFUTILS +KMOD +IDN2 -IDN +PCRE2 default-hierarchy=hybrid)
[    1.607848] systemd[1]: Detected virtualization oracle.
[    1.607851] systemd[1]: Detected architecture x86-64.
[    1.609136] systemd[1]: Set hostname to <ztg>.
[    1.730107] systemd[1]: /lib/systemd/system/dbus.socket:5: ListenStream= references a path below legacy directory /var/run/, updating /var/run/dbus/system_bus_socket â†’ /run/dbus/system_bus_socket; please update the unit file accordingly.
[    1.781857] systemd[1]: Created slice system-modprobe.slice.
[    1.782036] systemd[1]: Created slice User and Session Slice.
[    1.782077] systemd[1]: Started Forward Password Requests to Wall Directory Watch.
[    1.782242] systemd[1]: Set up automount Arbitrary Executable File Formats File System Automount Point.
[    1.782276] systemd[1]: Reached target User and Group Name Lookups.
[    1.782284] systemd[1]: Reached target Remote File Systems.
[    1.782292] systemd[1]: Reached target Slices.
[    1.782816] systemd[1]: Listening on Syslog Socket.
[    1.782882] systemd[1]: Listening on fsck to fsckd communication Socket.
[    1.782916] systemd[1]: Listening on initctl Compatibility Named Pipe.
[    1.783075] systemd[1]: Listening on Journal Audit Socket.
[    1.783136] systemd[1]: Listening on Journal Socket (/dev/log).
[    1.783203] systemd[1]: Listening on Journal Socket.
[    1.783265] systemd[1]: Listening on udev Control Socket.
[    1.783302] systemd[1]: Listening on udev Kernel Socket.
[    1.783984] systemd[1]: Mounting Huge Pages File System...
[    1.784841] systemd[1]: Mounting POSIX Message Queue File System...
[    1.785674] systemd[1]: Mounting Kernel Debug File System...
[    1.786516] systemd[1]: Mounting Kernel Trace File System...
[    1.788341] systemd[1]: Starting Journal Service...
[    1.809708] systemd[1]: Starting Set the console keyboard layout...
[    1.817461] systemd[1]: Starting Create list of static device nodes for the current kernel...
[    1.819455] systemd[1]: Starting Load Kernel Module drm...
[    1.820563] systemd[1]: Condition check resulted in Set Up Additional Binary Formats being skipped.
[    1.820613] systemd[1]: Condition check resulted in File System Check on Root Device being skipped.
[    1.826995] systemd[1]: Starting Load Kernel Modules...
[    1.839657] systemd[1]: Starting Remount Root and Kernel File Systems...
[    1.850154] systemd[1]: Starting udev Coldplug all Devices...
[    1.858074] systemd[1]: Starting Uncomplicated firewall...
[    1.864563] systemd[1]: Mounted Huge Pages File System.
[    1.864643] systemd[1]: Mounted POSIX Message Queue File System.
[    1.864711] systemd[1]: Mounted Kernel Debug File System.
[    1.864775] systemd[1]: Mounted Kernel Trace File System.
[    1.894692] EXT4-fs (sda2): re-mounted. Opts: errors=remount-ro
[    1.896524] systemd[1]: Finished Create list of static device nodes for the current kernel.
[    1.897342] systemd[1]: modprobe@drm.service: Succeeded.
[    1.898149] systemd[1]: Finished Load Kernel Module drm.
[    1.904280] systemd[1]: Finished Remount Root and Kernel File Systems.
[    1.905080] systemd[1]: Finished Uncomplicated firewall.
[    1.906635] lp: driver loaded but no devices found
[    1.919097] systemd[1]: Condition check resulted in Rebuild Hardware Database being skipped.
[    1.919130] systemd[1]: Condition check resulted in Platform Persistent Storage Archival being skipped.
[    1.919744] systemd[1]: Starting Load/Save Random Seed...
[    1.924526] systemd[1]: Starting Create System Users...
[    1.930852] ppdev: user-space parallel port driver
[    1.937122] systemd[1]: Finished Load/Save Random Seed.
[    1.940925] systemd[1]: Finished Create System Users.
[    1.941589] systemd[1]: Starting Create Static Device Nodes in /dev...
[    1.966347] systemd[1]: Finished Create Static Device Nodes in /dev.
[    1.967068] systemd[1]: Starting udev Kernel Device Manager...
[    2.015238] systemd[1]: Finished udev Coldplug all Devices.
[    2.027902] [drm] DMA map mode: Caching DMA mappings.
[    2.027996] [drm] Capabilities:
[    2.027996] [drm]   Rect copy.
[    2.027996] [drm]   Cursor.
[    2.027997] [drm]   Cursor bypass.
[    2.027997] [drm]   Cursor bypass 2.
[    2.027997] [drm]   Alpha cursor.
[    2.027998] [drm]   Extended Fifo.
[    2.027998] [drm]   Pitchlock.
[    2.027998] [drm]   Irq mask.
[    2.027999] [drm]   GMR.
[    2.027999] [drm]   Traces.
[    2.027999] [drm]   GMR2.
[    2.028000] [drm]   Screen Object 2.
[    2.028000] [drm]   Command Buffers.
[    2.028000] [drm]   Command Buffers 2.
[    2.028001] [drm]   Guest Backed Resources.
[    2.028002] [drm] Max GMR ids is 8192
[    2.028002] [drm] Max number of GMR pages is 1048576
[    2.028003] [drm] Max dedicated hypervisor surface memory is 393216 kiB
[    2.028003] [drm] Maximum display memory size is 131072 kiB
[    2.028004] [drm] VRAM at 0xe0000000 size is 131072 kiB
[    2.028005] [drm] MMIO at 0xf0000000 size is 2048 kiB
[    2.050888] [TTM] Zone  kernel: Available graphics memory: 1011738 KiB
[    2.050888] [TTM] Initializing pool allocator
[    2.050892] [TTM] Initializing DMA pool allocator
[    2.050921] [drm] Supports vblank timestamp caching Rev 2 (21.10.2013).
[    2.050921] [drm] No driver support for vblank timestamp query.
[    2.051131] [drm] Screen Target Display device initialized
[    2.051330] [drm] width 720
[    2.051340] [drm] height 400
[    2.051344] [drm] bpp 32
[    2.051847] [drm] Fifo max 0x00200000 min 0x00001000 cap 0x00000355
[    2.052894] [drm] Using command buffers with DMA pool.
[    2.052897] [drm] DX: no.
[    2.052898] [drm] Atomic: yes.
[    2.052898] [drm] SM4_1: no.
[    2.052916] [drm:vmw_host_log [vmwgfx]] *ERROR* Failed to send host log message.
[    2.053852] [drm:vmw_host_log [vmwgfx]] *ERROR* Failed to send host log message.
[    2.067734] fbcon: svgadrmfb (fb0) is primary device
[    2.072777] Console: switching to colour frame buffer device 100x37
[    2.077661] systemd[1]: Finished Set the console keyboard layout.
[    2.077765] systemd[1]: Reached target Local File Systems (Pre).
[    2.078355] [drm] Initialized vmwgfx 2.15.0 20180704 for 0000:00:02.0 on minor 0
[    2.081437] systemd[1]: Mounting Mount unit for bare, revision 5...
[    2.103068] systemd[1]: Mounting Mount unit for core18, revision 1705...
[    2.109073] systemd[1]: Mounting Mount unit for gnome-3-34-1804, revision 24...
[    2.123802] systemd[1]: Mounting Mount unit for gtk-common-themes, revision 1506...
[    2.126547] systemd[1]: Mounting Mount unit for gtk-common-themes, revision 1535...
[    2.130723] systemd[1]: Mounting Mount unit for snap-store, revision 433...
[    2.154364] systemd[1]: Mounting Mount unit for snapd, revision 25935...
[    2.156236] systemd[1]: Finished Load Kernel Modules.
[    2.160430] systemd[1]: Mounting FUSE Control File System...
[    2.166672] systemd[1]: Mounting Kernel Configuration File System...
[    2.170425] systemd[1]: Starting Apply Kernel Variables...
[    2.171455] systemd[1]: Mounted FUSE Control File System.
[    2.171526] systemd[1]: Condition check resulted in VMware vmblock fuse mount being skipped.
[    2.193711] systemd[1]: Mounted Mount unit for bare, revision 5.
[    2.193801] systemd[1]: Mounted Mount unit for gnome-3-34-1804, revision 24.
[    2.193875] systemd[1]: Mounted Kernel Configuration File System.
[    2.200517] systemd[1]: Mounted Mount unit for core18, revision 1705.
[    2.200605] systemd[1]: Mounted Mount unit for gtk-common-themes, revision 1506.
[    2.202262] systemd[1]: Finished Apply Kernel Variables.
[    2.202379] systemd[1]: Started udev Kernel Device Manager.
[    2.222020] systemd[1]: Starting Show Plymouth Boot Screen...
[    2.231645] systemd[1]: Received SIGRTMIN+20 from PID 283 (plymouthd).
[    2.254836] systemd[1]: Mounted Mount unit for gtk-common-themes, revision 1535.
[    2.255069] systemd[1]: Mounted Mount unit for snap-store, revision 433.
[    2.255245] systemd[1]: Mounted Mount unit for snapd, revision 25935.
[    2.255415] systemd[1]: Started Show Plymouth Boot Screen.
[    2.270298] systemd[1]: Condition check resulted in Dispatch Password Requests to Console Directory Watch being skipped.
[    2.270382] systemd[1]: Started Forward Password Requests to Plymouth Directory Watch.
[    2.270457] systemd[1]: Reached target Local Encrypted Volumes.
[    2.270514] systemd[1]: Reached target Local File Systems.
[    2.271214] systemd[1]: Starting Load AppArmor profiles...
[    2.271987] systemd[1]: Starting Set console font and keymap...
[    2.281336] systemd[1]: Starting Tell Plymouth To Write Out Runtime Data...
[    2.281414] systemd[1]: Condition check resulted in Store a System Token in an EFI Variable being skipped.
[    2.281441] systemd[1]: Condition check resulted in Commit a transient machine-id on disk being skipped.
[    2.284282] systemd[1]: Finished Set console font and keymap.
[    2.287981] systemd[1]: Received SIGRTMIN+20 from PID 283 (plymouthd).
[    2.289064] systemd[1]: plymouth-read-write.service: Succeeded.
[    2.289296] systemd[1]: Finished Tell Plymouth To Write Out Runtime Data.
[    2.328573] audit: type=1400 audit(1768660246.180:2): apparmor="STATUS" operation="profile_load" profile="unconfined" name="nvidia_modprobe" pid=302 comm="apparmor_parser"
[    2.328576] audit: type=1400 audit(1768660246.180:3): apparmor="STATUS" operation="profile_load" profile="unconfined" name="nvidia_modprobe//kmod" pid=302 comm="apparmor_parser"
[    2.334376] audit: type=1400 audit(1768660246.184:4): apparmor="STATUS" operation="profile_load" profile="unconfined" name="/usr/sbin/tcpdump" pid=303 comm="apparmor_parser"
[    2.362290] audit: type=1400 audit(1768660246.208:5): apparmor="STATUS" operation="profile_load" profile="unconfined" name="/usr/bin/evince" pid=305 comm="apparmor_parser"
[    2.362292] audit: type=1400 audit(1768660246.208:6): apparmor="STATUS" operation="profile_load" profile="unconfined" name="/usr/bin/evince//sanitized_helper" pid=305 comm="apparmor_parser"
[    2.362294] audit: type=1400 audit(1768660246.208:7): apparmor="STATUS" operation="profile_load" profile="unconfined" name="/usr/bin/evince-previewer" pid=305 comm="apparmor_parser"
[    2.362295] audit: type=1400 audit(1768660246.208:8): apparmor="STATUS" operation="profile_load" profile="unconfined" name="/usr/bin/evince-previewer//sanitized_helper" pid=305 comm="apparmor_parser"
[    2.362297] audit: type=1400 audit(1768660246.208:9): apparmor="STATUS" operation="profile_load" profile="unconfined" name="/usr/bin/evince-thumbnailer" pid=305 comm="apparmor_parser"
[    2.398650] audit: type=1400 audit(1768660246.248:10): apparmor="STATUS" operation="profile_load" profile="unconfined" name="/usr/lib/cups/backend/cups-pdf" pid=306 comm="apparmor_parser"
[    2.452566] systemd[1]: Finished Load AppArmor profiles.
[    2.453449] systemd[1]: Starting Load AppArmor profiles managed internally by snapd...
[    2.573402] systemd[1]: Finished Load AppArmor profiles managed internally by snapd.
[    2.754778] systemd[1]: Started Journal Service.
[    2.762391] systemd-journald[229]: Received client request to flush runtime journal.
[    2.766355] systemd-journald[229]: File /var/log/journal/c455b248004a419c87ce85eea238d727/system.journal corrupted or uncleanly shut down, renaming and replacing.
[    4.062008] RAPL PMU: API unit is 2^-32 Joules, 0 fixed counters, 10737418240 ms ovfl timer
[    4.102591] cryptd: max_cpu_qlen set to 1000
[    4.174268] AVX2 version of gcm_enc/dec engaged.
[    4.174269] AES CTR mode by8 optimization enabled
[    5.967651] Adding 1998844k swap on /dev/sda1.  Priority:-2 extents:1 across:1998844k FS
[    7.782480] kauditd_printk_skb: 30 callbacks suppressed
[    7.782481] audit: type=1400 audit(1768660251.628:41): apparmor="DENIED" operation="capable" profile="/usr/sbin/cups-browsed" pid=512 comm="cups-browsed" capability=23  capname="sys_nice"
[    8.475560] pcnet32 0000:00:03.0 enp0s3: link up, 100Mbps, full-duplex
[    8.494648] pcnet32 0000:00:08.0 enp0s8: link up, 100Mbps, full-duplex
[    8.531037] e1000: enp0s9 NIC Link is Up 1000 Mbps Full Duplex, Flow Control: RX
[    8.531362] IPv6: ADDRCONF(NETDEV_CHANGE): enp0s9: link becomes ready
[    9.049285] device enp0s3 entered promiscuous mode
[    9.080536] device enp0s8 entered promiscuous mode
[    9.113301] audit: type=1400 audit(1768660252.960:42): apparmor="DENIED" operation="open" profile="/usr/sbin/tcpdump" name="/proc/sys/kernel/random/boot_id" pid=663 comm="tcpdump" requested_mask="r" denied_mask="r" fsuid=0 ouid=0
[    9.113648] audit: type=1400 audit(1768660252.960:43): apparmor="DENIED" operation="open" profile="/usr/sbin/tcpdump" name="/proc/sys/kernel/random/boot_id" pid=663 comm="tcpdump" requested_mask="r" denied_mask="r" fsuid=0 ouid=0
[    9.114173] audit: type=1400 audit(1768660252.960:44): apparmor="DENIED" operation="open" profile="/usr/sbin/tcpdump" name="/proc/sys/kernel/random/boot_id" pid=664 comm="tcpdump" requested_mask="r" denied_mask="r" fsuid=0 ouid=0
[    9.114516] audit: type=1400 audit(1768660252.960:45): apparmor="DENIED" operation="open" profile="/usr/sbin/tcpdump" name="/proc/sys/kernel/random/boot_id" pid=663 comm="tcpdump" requested_mask="r" denied_mask="r" fsuid=0 ouid=0
[    9.114535] audit: type=1400 audit(1768660252.960:46): apparmor="DENIED" operation="open" profile="/usr/sbin/tcpdump" name="/proc/sys/kernel/random/boot_id" pid=663 comm="tcpdump" requested_mask="r" denied_mask="r" fsuid=0 ouid=0
[    9.115863] audit: type=1400 audit(1768660252.960:47): apparmor="DENIED" operation="open" profile="/usr/sbin/tcpdump" name="/proc/sys/kernel/random/boot_id" pid=664 comm="tcpdump" requested_mask="r" denied_mask="r" fsuid=0 ouid=0
[    9.117288] audit: type=1400 audit(1768660252.960:48): apparmor="DENIED" operation="open" profile="/usr/sbin/tcpdump" name="/proc/sys/kernel/random/boot_id" pid=664 comm="tcpdump" requested_mask="r" denied_mask="r" fsuid=0 ouid=0
[    9.118063] audit: type=1400 audit(1768660252.968:49): apparmor="DENIED" operation="open" profile="/usr/sbin/tcpdump" name="/proc/sys/kernel/random/boot_id" pid=664 comm="tcpdump" requested_mask="r" denied_mask="r" fsuid=0 ouid=0
[    9.125467] audit: type=1400 audit(1768660252.972:50): apparmor="DENIED" operation="open" profile="/usr/sbin/tcpdump" name="/proc/sys/kernel/random/boot_id" pid=665 comm="tcpdump" requested_mask="r" denied_mask="r" fsuid=0 ouid=0
[   15.111660] rfkill: input handler disabled
[  248.241145] AAAAA-TCP_RECV: name:enp0s3: saddr:100932208: daddr:16783984: srtt_us:0: RTT:0: ssthresh:2147483647: cwnd:10: delivered:0: lost:0: retrans:0
[  248.241172] AAAAA-TCP_SEND: name:enp0s3: saddr:16783984: daddr:100932208: srtt_us:0: RTT:0: ssthresh:0: cwnd:0: delivered:0: lost:0: retrans:0
[  248.550860] AAAAA-TCP_SEND: name:enp0s3: saddr:16783984: daddr:100932208: srtt_us:2477376: RTT:309672: ssthresh:2147483647: cwnd:10: delivered:1: lost:0: retrans:0
[  248.615618] AAAAA-TCP_RECV: name:enp0s3: saddr:100932208: daddr:16783984: srtt_us:2477376: RTT:309672: ssthresh:2147483647: cwnd:10: delivered:1: lost:0: retrans:0
[  248.615652] AAAAA-TCP_SEND: name:enp0s3: saddr:16783984: daddr:100932208: srtt_us:2477376: RTT:309672: ssthresh:2147483647: cwnd:10: delivered:1: lost:0: retrans:0
[  248.615763] AAAAA-TCP_SEND: name:enp0s3: saddr:16783984: daddr:100932208: srtt_us:2477376: RTT:309672: ssthresh:2147483647: cwnd:10: delivered:1: lost:0: retrans:0
[  249.277725] AAAAA-TCP_RECV: name:enp0s3: saddr:100932208: daddr:33561200: srtt_us:0: RTT:0: ssthresh:2147483647: cwnd:10: delivered:0: lost:0: retrans:0
[  249.277811] AAAAA-TCP_SEND: name:enp0s3: saddr:33561200: daddr:100932208: srtt_us:0: RTT:0: ssthresh:0: cwnd:0: delivered:0: lost:0: retrans:0
[  249.305077] AAAAA-TCP_RECV: name:enp0s3: saddr:100932208: daddr:16783984: srtt_us:2477376: RTT:309672: ssthresh:2147483647: cwnd:10: delivered:1: lost:0: retrans:0
[  249.332227] AAAAA-TCP_RECV: name:enp0s3: saddr:100932208: daddr:16783984: srtt_us:2857058: RTT:357132: ssthresh:2147483647: cwnd:10: delivered:2: lost:0: retrans:0
[  249.332293] AAAAA-TCP_SEND: name:enp0s3: saddr:16783984: daddr:100932208: srtt_us:2857058: RTT:357132: ssthresh:2147483647: cwnd:10: delivered:2: lost:0: retrans:0
[  249.607470] AAAAA-TCP_SEND: name:enp0s3: saddr:33561200: daddr:100932208: srtt_us:2637136: RTT:329642: ssthresh:2147483647: cwnd:10: delivered:1: lost:0: retrans:0
[  249.647483] AAAAA-TCP_RECV: name:enp0s3: saddr:100932208: daddr:16783984: srtt_us:2857058: RTT:357132: ssthresh:2147483647: cwnd:10: delivered:2: lost:0: retrans:0
[  249.647522] AAAAA-TCP_SEND: name:enp0s3: saddr:16783984: daddr:100932208: srtt_us:2857058: RTT:357132: ssthresh:2147483647: cwnd:10: delivered:2: lost:0: retrans:0
[  249.647666] AAAAA-TCP_SEND: name:enp0s3: saddr:33561200: daddr:100932208: srtt_us:2637136: RTT:329642: ssthresh:2147483647: cwnd:10: delivered:1: lost:0: retrans:0
[  249.970661] AAAAA-TCP_RECV: name:enp0s3: saddr:100932208: daddr:33561200: srtt_us:2637136: RTT:329642: ssthresh:2147483647: cwnd:10: delivered:1: lost:0: retrans:0
[  250.001638] AAAAA-TCP_RECV: name:enp0s3: saddr:100932208: daddr:16783984: srtt_us:0: RTT:0: ssthresh:2147483647: cwnd:10: delivered:0: lost:0: retrans:0
[  250.001671] AAAAA-TCP_SEND: name:enp0s3: saddr:16783984: daddr:100932208: srtt_us:0: RTT:0: ssthresh:0: cwnd:0: delivered:0: lost:0: retrans:0
[  250.258479] AAAAA-TCP_SEND: name:enp0s3: saddr:16783984: daddr:100932208: srtt_us:2054192: RTT:256774: ssthresh:2147483647: cwnd:10: delivered:1: lost:0: retrans:0
[  250.348026] AAAAA-TCP_RECV: name:enp0s3: saddr:100932208: daddr:16783984: srtt_us:2054192: RTT:256774: ssthresh:2147483647: cwnd:10: delivered:1: lost:0: retrans:0
[  250.348096] AAAAA-TCP_SEND: name:enp0s3: saddr:16783984: daddr:100932208: srtt_us:2054192: RTT:256774: ssthresh:2147483647: cwnd:10: delivered:1: lost:0: retrans:0
[  250.350673] AAAAA-TCP_SEND: name:enp0s3: saddr:33561200: daddr:100932208: srtt_us:2630511: RTT:328813: ssthresh:2147483647: cwnd:10: delivered:2: lost:0: retrans:0
[  250.791241] AAAAA-TCP_RECV: name:enp0s3: saddr:100932208: daddr:33561200: srtt_us:0: RTT:0: ssthresh:2147483647: cwnd:10: delivered:0: lost:0: retrans:0
[  250.791289] AAAAA-TCP_SEND: name:enp0s3: saddr:33561200: daddr:100932208: srtt_us:0: RTT:0: ssthresh:0: cwnd:0: delivered:0: lost:0: retrans:0
[  250.965742] AAAAA-TCP_RECV: name:enp0s3: saddr:100932208: daddr:33561200: srtt_us:2630511: RTT:328813: ssthresh:2147483647: cwnd:10: delivered:2: lost:0: retrans:0
[  250.965782] AAAAA-TCP_SEND: name:enp0s3: saddr:33561200: daddr:100932208: srtt_us:2630511: RTT:328813: ssthresh:2147483647: cwnd:10: delivered:2: lost:0: retrans:0
[  251.099158] AAAAA-TCP_SEND: name:enp0s3: saddr:33561200: daddr:100932208: srtt_us:2462832: RTT:307854: ssthresh:2147483647: cwnd:10: delivered:1: lost:0: retrans:0
[  251.205810] AAAAA-TCP_RECV: name:enp0s3: saddr:100932208: daddr:33561200: srtt_us:2916814: RTT:364601: ssthresh:2147483647: cwnd:10: delivered:3: lost:0: retrans:0
[  251.242650] AAAAA-TCP_RECV: name:enp0s3: saddr:100932208: daddr:16783984: srtt_us:2054192: RTT:256774: ssthresh:2147483647: cwnd:10: delivered:1: lost:0: retrans:0
[  251.242685] AAAAA-TCP_SEND: name:enp0s3: saddr:16783984: daddr:100932208: srtt_us:2054192: RTT:256774: ssthresh:2147483647: cwnd:10: delivered:1: lost:0: retrans:0
[  251.366003] AAAAA-TCP_RECV: name:enp0s3: saddr:100932208: daddr:16783984: srtt_us:2054192: RTT:256774: ssthresh:2147483647: cwnd:10: delivered:1: lost:0: retrans:0
[  251.366079] AAAAA-TCP_SEND: name:enp0s3: saddr:16783984: daddr:100932208: srtt_us:2054192: RTT:256774: ssthresh:2147483647: cwnd:10: delivered:1: lost:0: retrans:0
[  251.453459] AAAAA-TCP_RECV: name:enp0s3: saddr:100932208: daddr:16783984: srtt_us:2054192: RTT:256774: ssthresh:2147483647: cwnd:10: delivered:1: lost:0: retrans:0
[  251.453533] AAAAA-TCP_SEND: name:enp0s3: saddr:16783984: daddr:100932208: srtt_us:2054192: RTT:256774: ssthresh:2147483647: cwnd:10: delivered:1: lost:0: retrans:0
[  251.535348] AAAAA-TCP_RECV: name:enp0s3: saddr:100932208: daddr:16783984: srtt_us:2054192: RTT:256774: ssthresh:2147483647: cwnd:10: delivered:1: lost:0: retrans:0
[  251.535418] AAAAA-TCP_SEND: name:enp0s3: saddr:16783984: daddr:100932208: srtt_us:2054192: RTT:256774: ssthresh:2147483647: cwnd:10: delivered:1: lost:0: retrans:0
[  251.674367] AAAAA-TCP_RECV: name:enp0s3: saddr:100932208: daddr:16783984: srtt_us:2054192: RTT:256774: ssthresh:2147483647: cwnd:10: delivered:1: lost:0: retrans:0
[  251.674444] AAAAA-TCP_SEND: name:enp0s3: saddr:16783984: daddr:100932208: srtt_us:2054192: RTT:256774: ssthresh:2147483647: cwnd:10: delivered:1: lost:0: retrans:0
[  251.798730] AAAAA-TCP_RECV: name:enp0s3: saddr:100932208: daddr:16783984: srtt_us:2054192: RTT:256774: ssthresh:2147483647: cwnd:10: delivered:1: lost:0: retrans:0
[  251.798768] AAAAA-TCP_SEND: name:enp0s3: saddr:16783984: daddr:100932208: srtt_us:2054192: RTT:256774: ssthresh:2147483647: cwnd:10: delivered:1: lost:0: retrans:0
[  251.886813] AAAAA-TCP_RECV: name:enp0s3: saddr:100932208: daddr:16783984: srtt_us:2054192: RTT:256774: ssthresh:2147483647: cwnd:10: delivered:1: lost:0: retrans:0
[  251.886846] AAAAA-TCP_SEND: name:enp0s3: saddr:16783984: daddr:100932208: srtt_us:2054192: RTT:256774: ssthresh:2147483647: cwnd:10: delivered:1: lost:0: retrans:0
[  251.987520] AAAAA-TCP_RECV: name:enp0s3: saddr:100932208: daddr:16783984: srtt_us:2054192: RTT:256774: ssthresh:2147483647: cwnd:10: delivered:1: lost:0: retrans:0
[  251.987551] AAAAA-TCP_SEND: name:enp0s3: saddr:16783984: daddr:100932208: srtt_us:2054192: RTT:256774: ssthresh:2147483647: cwnd:10: delivered:1: lost:0: retrans:0
[  252.138174] AAAAA-TCP_RECV: name:enp0s3: saddr:100932208: daddr:16783984: srtt_us:2054192: RTT:256774: ssthresh:2147483647: cwnd:10: delivered:1: lost:0: retrans:0
[  252.138216] AAAAA-TCP_SEND: name:enp0s3: saddr:16783984: daddr:100932208: srtt_us:2054192: RTT:256774: ssthresh:2147483647: cwnd:10: delivered:1: lost:0: retrans:0
[  252.346881] AAAAA-TCP_RECV: name:enp0s3: saddr:100932208: daddr:16783984: srtt_us:2054192: RTT:256774: ssthresh:2147483647: cwnd:10: delivered:1: lost:0: retrans:0
[  252.346917] AAAAA-TCP_SEND: name:enp0s3: saddr:16783984: daddr:100932208: srtt_us:2054192: RTT:256774: ssthresh:2147483647: cwnd:10: delivered:1: lost:0: retrans:0
[  252.482635] AAAAA-TCP_RECV: name:enp0s3: saddr:100932208: daddr:16783984: srtt_us:2054192: RTT:256774: ssthresh:2147483647: cwnd:10: delivered:1: lost:0: retrans:0
[  252.482705] AAAAA-TCP_SEND: name:enp0s3: saddr:16783984: daddr:100932208: srtt_us:2054192: RTT:256774: ssthresh:2147483647: cwnd:10: delivered:1: lost:0: retrans:0
[  252.596050] AAAAA-TCP_RECV: name:enp0s3: saddr:100932208: daddr:33561200: srtt_us:2462832: RTT:307854: ssthresh:2147483647: cwnd:10: delivered:1: lost:0: retrans:0
[  252.596129] AAAAA-TCP_SEND: name:enp0s3: saddr:33561200: daddr:100932208: srtt_us:2462832: RTT:307854: ssthresh:2147483647: cwnd:10: delivered:1: lost:0: retrans:0
[  252.777594] AAAAA-TCP_RECV: name:enp0s3: saddr:100932208: daddr:33561200: srtt_us:2462832: RTT:307854: ssthresh:2147483647: cwnd:10: delivered:1: lost:0: retrans:0
[  252.777723] AAAAA-TCP_SEND: name:enp0s3: saddr:33561200: daddr:100932208: srtt_us:2462832: RTT:307854: ssthresh:2147483647: cwnd:10: delivered:1: lost:0: retrans:0
[  252.845669] AAAAA-TCP_RECV: name:enp0s3: saddr:100932208: daddr:33561200: srtt_us:2462832: RTT:307854: ssthresh:2147483647: cwnd:10: delivered:1: lost:0: retrans:0
[  252.845713] AAAAA-TCP_SEND: name:enp0s3: saddr:33561200: daddr:100932208: srtt_us:2462832: RTT:307854: ssthresh:2147483647: cwnd:10: delivered:1: lost:0: retrans:0
[  252.907913] AAAAA-TCP_RECV: name:enp0s3: saddr:100932208: daddr:33561200: srtt_us:2462832: RTT:307854: ssthresh:2147483647: cwnd:10: delivered:1: lost:0: retrans:0
[  252.907986] AAAAA-TCP_SEND: name:enp0s3: saddr:33561200: daddr:100932208: srtt_us:2462832: RTT:307854: ssthresh:2147483647: cwnd:10: delivered:1: lost:0: retrans:0
[  253.058433] AAAAA-TCP_RECV: name:enp0s3: saddr:100932208: daddr:33561200: srtt_us:2462832: RTT:307854: ssthresh:2147483647: cwnd:10: delivered:1: lost:0: retrans:0
[  253.058476] AAAAA-TCP_SEND: name:enp0s3: saddr:33561200: daddr:100932208: srtt_us:2462832: RTT:307854: ssthresh:2147483647: cwnd:10: delivered:1: lost:0: retrans:0
[  253.129537] AAAAA-TCP_RECV: name:enp0s3: saddr:100932208: daddr:33561200: srtt_us:2462832: RTT:307854: ssthresh:2147483647: cwnd:10: delivered:1: lost:0: retrans:0
[  253.129574] AAAAA-TCP_SEND: name:enp0s3: saddr:33561200: daddr:100932208: srtt_us:2462832: RTT:307854: ssthresh:2147483647: cwnd:10: delivered:1: lost:0: retrans:0
[  253.195437] AAAAA-TCP_RECV: name:enp0s3: saddr:100932208: daddr:33561200: srtt_us:2462832: RTT:307854: ssthresh:2147483647: cwnd:10: delivered:1: lost:0: retrans:0
[  253.195474] AAAAA-TCP_SEND: name:enp0s3: saddr:33561200: daddr:100932208: srtt_us:2462832: RTT:307854: ssthresh:2147483647: cwnd:10: delivered:1: lost:0: retrans:0
[  253.354916] AAAAA-TCP_RECV: name:enp0s3: saddr:100932208: daddr:33561200: srtt_us:2462832: RTT:307854: ssthresh:2147483647: cwnd:10: delivered:1: lost:0: retrans:0
[  253.354983] AAAAA-TCP_SEND: name:enp0s3: saddr:33561200: daddr:100932208: srtt_us:2462832: RTT:307854: ssthresh:2147483647: cwnd:10: delivered:1: lost:0: retrans:0
[  253.462393] AAAAA-TCP_RECV: name:enp0s3: saddr:100932208: daddr:33561200: srtt_us:2462832: RTT:307854: ssthresh:2147483647: cwnd:10: delivered:1: lost:0: retrans:0
[  253.462443] AAAAA-TCP_SEND: name:enp0s3: saddr:33561200: daddr:100932208: srtt_us:2462832: RTT:307854: ssthresh:2147483647: cwnd:10: delivered:1: lost:0: retrans:0
[  253.525262] AAAAA-TCP_RECV: name:enp0s3: saddr:100932208: daddr:33561200: srtt_us:2462832: RTT:307854: ssthresh:2147483647: cwnd:10: delivered:1: lost:0: retrans:0
[  253.525317] AAAAA-TCP_SEND: name:enp0s3: saddr:33561200: daddr:100932208: srtt_us:2462832: RTT:307854: ssthresh:2147483647: cwnd:10: delivered:1: lost:0: retrans:0
[  253.607505] AAAAA-TCP_RECV: name:enp0s3: saddr:100932208: daddr:16783984: srtt_us:2054192: RTT:256774: ssthresh:2147483647: cwnd:10: delivered:1: lost:0: retrans:0
[  253.607545] AAAAA-TCP_SEND: name:enp0s3: saddr:16783984: daddr:100932208: srtt_us:2054192: RTT:256774: ssthresh:2147483647: cwnd:10: delivered:1: lost:0: retrans:0
[  253.669295] AAAAA-TCP_RECV: name:enp0s3: saddr:100932208: daddr:16783984: srtt_us:2054192: RTT:256774: ssthresh:2147483647: cwnd:10: delivered:1: lost:0: retrans:0
[  253.669329] AAAAA-TCP_SEND: name:enp0s3: saddr:16783984: daddr:100932208: srtt_us:2054192: RTT:256774: ssthresh:2147483647: cwnd:10: delivered:1: lost:0: retrans:0
[  253.752540] AAAAA-TCP_RECV: name:enp0s3: saddr:100932208: daddr:16783984: srtt_us:2054192: RTT:256774: ssthresh:2147483647: cwnd:10: delivered:1: lost:0: retrans:0
[  253.752572] AAAAA-TCP_SEND: name:enp0s3: saddr:16783984: daddr:100932208: srtt_us:2054192: RTT:256774: ssthresh:2147483647: cwnd:10: delivered:1: lost:0: retrans:0
[  253.893543] AAAAA-TCP_RECV: name:enp0s3: saddr:100932208: daddr:16783984: srtt_us:2054192: RTT:256774: ssthresh:2147483647: cwnd:10: delivered:1: lost:0: retrans:0
[  253.893579] AAAAA-TCP_SEND: name:enp0s3: saddr:16783984: daddr:100932208: srtt_us:2054192: RTT:256774: ssthresh:2147483647: cwnd:10: delivered:1: lost:0: retrans:0
[  254.032469] AAAAA-TCP_RECV: name:enp0s3: saddr:100932208: daddr:16783984: srtt_us:2054192: RTT:256774: ssthresh:2147483647: cwnd:10: delivered:1: lost:0: retrans:0
[  254.032506] AAAAA-TCP_SEND: name:enp0s3: saddr:16783984: daddr:100932208: srtt_us:2054192: RTT:256774: ssthresh:2147483647: cwnd:10: delivered:1: lost:0: retrans:0
[  254.119329] AAAAA-TCP_RECV: name:enp0s3: saddr:100932208: daddr:16783984: srtt_us:2054192: RTT:256774: ssthresh:2147483647: cwnd:10: delivered:1: lost:0: retrans:0
[  254.119367] AAAAA-TCP_SEND: name:enp0s3: saddr:16783984: daddr:100932208: srtt_us:2054192: RTT:256774: ssthresh:2147483647: cwnd:10: delivered:1: lost:0: retrans:0
[  254.317398] AAAAA-TCP_RECV: name:enp0s3: saddr:100932208: daddr:33561200: srtt_us:2462832: RTT:307854: ssthresh:2147483647: cwnd:10: delivered:1: lost:0: retrans:0
[  254.317437] AAAAA-TCP_SEND: name:enp0s3: saddr:33561200: daddr:100932208: srtt_us:2462832: RTT:307854: ssthresh:2147483647: cwnd:10: delivered:1: lost:0: retrans:0
[  254.477370] AAAAA-TCP_RECV: name:enp0s3: saddr:100932208: daddr:16783984: srtt_us:2054192: RTT:256774: ssthresh:2147483647: cwnd:10: delivered:1: lost:0: retrans:0
[  254.477412] AAAAA-TCP_SEND: name:enp0s3: saddr:16783984: daddr:100932208: srtt_us:2054192: RTT:256774: ssthresh:2147483647: cwnd:10: delivered:1: lost:0: retrans:0
[  254.616217] AAAAA-TCP_RECV: name:enp0s3: saddr:100932208: daddr:16783984: srtt_us:2054192: RTT:256774: ssthresh:2147483647: cwnd:10: delivered:1: lost:0: retrans:0
[  254.616256] AAAAA-TCP_SEND: name:enp0s3: saddr:16783984: daddr:100932208: srtt_us:2054192: RTT:256774: ssthresh:2147483647: cwnd:10: delivered:1: lost:0: retrans:0
[  254.692552] AAAAA-TCP_RECV: name:enp0s3: saddr:100932208: daddr:16783984: srtt_us:2054192: RTT:256774: ssthresh:2147483647: cwnd:10: delivered:1: lost:0: retrans:0
[  254.692628] AAAAA-TCP_SEND: name:enp0s3: saddr:16783984: daddr:100932208: srtt_us:2054192: RTT:256774: ssthresh:2147483647: cwnd:10: delivered:1: lost:0: retrans:0
[  254.750573] AAAAA-TCP_RECV: name:enp0s3: saddr:100932208: daddr:16783984: srtt_us:2054192: RTT:256774: ssthresh:2147483647: cwnd:10: delivered:1: lost:0: retrans:0
[  254.750645] AAAAA-TCP_SEND: name:enp0s3: saddr:16783984: daddr:100932208: srtt_us:2054192: RTT:256774: ssthresh:2147483647: cwnd:10: delivered:1: lost:0: retrans:0
[  254.838471] AAAAA-TCP_RECV: name:enp0s3: saddr:100932208: daddr:16783984: srtt_us:2054192: RTT:256774: ssthresh:2147483647: cwnd:10: delivered:1: lost:0: retrans:0
[  254.838509] AAAAA-TCP_SEND: name:enp0s3: saddr:16783984: daddr:100932208: srtt_us:2054192: RTT:256774: ssthresh:2147483647: cwnd:10: delivered:1: lost:0: retrans:0
[  254.903166] AAAAA-TCP_RECV: name:enp0s3: saddr:100932208: daddr:16783984: srtt_us:2054192: RTT:256774: ssthresh:2147483647: cwnd:10: delivered:1: lost:0: retrans:0
[  254.903198] AAAAA-TCP_SEND: name:enp0s3: saddr:16783984: daddr:100932208: srtt_us:2054192: RTT:256774: ssthresh:2147483647: cwnd:10: delivered:1: lost:0: retrans:0
[  255.024272] AAAAA-TCP_RECV: name:enp0s3: saddr:100932208: daddr:16783984: srtt_us:2054192: RTT:256774: ssthresh:2147483647: cwnd:10: delivered:1: lost:0: retrans:0
[  255.024294] AAAAA-TCP_SEND: name:enp0s3: saddr:16783984: daddr:100932208: srtt_us:2054192: RTT:256774: ssthresh:2147483647: cwnd:10: delivered:1: lost:0: retrans:0
[  255.110386] AAAAA-TCP_RECV: name:enp0s3: saddr:100932208: daddr:33561200: srtt_us:2462832: RTT:307854: ssthresh:2147483647: cwnd:10: delivered:1: lost:0: retrans:0
[  255.110415] AAAAA-TCP_SEND: name:enp0s3: saddr:33561200: daddr:100932208: srtt_us:2462832: RTT:307854: ssthresh:2147483647: cwnd:10: delivered:1: lost:0: retrans:0
[  255.294687] AAAAA-TCP_RECV: name:enp0s3: saddr:100932208: daddr:16783984: srtt_us:2054192: RTT:256774: ssthresh:2147483647: cwnd:10: delivered:1: lost:0: retrans:0
[  255.294722] AAAAA-TCP_SEND: name:enp0s3: saddr:16783984: daddr:100932208: srtt_us:2054192: RTT:256774: ssthresh:2147483647: cwnd:10: delivered:1: lost:0: retrans:0
[  255.449995] AAAAA-TCP_RECV: name:enp0s3: saddr:100932208: daddr:16783984: srtt_us:2054192: RTT:256774: ssthresh:2147483647: cwnd:10: delivered:1: lost:0: retrans:0
[  255.450034] AAAAA-TCP_SEND: name:enp0s3: saddr:16783984: daddr:100932208: srtt_us:2054192: RTT:256774: ssthresh:2147483647: cwnd:10: delivered:1: lost:0: retrans:0
[  255.768309] AAAAA-TCP_RECV: name:enp0s3: saddr:100932208: daddr:16783984: srtt_us:2054192: RTT:256774: ssthresh:2147483647: cwnd:10: delivered:1: lost:0: retrans:0
[  255.768350] AAAAA-TCP_SEND: name:enp0s3: saddr:16783984: daddr:100932208: srtt_us:2054192: RTT:256774: ssthresh:2147483647: cwnd:10: delivered:1: lost:0: retrans:0
[  255.952427] AAAAA-TCP_RECV: name:enp0s3: saddr:100932208: daddr:16783984: srtt_us:2054192: RTT:256774: ssthresh:2147483647: cwnd:10: delivered:1: lost:0: retrans:0
[  255.952495] AAAAA-TCP_SEND: name:enp0s3: saddr:16783984: daddr:100932208: srtt_us:2054192: RTT:256774: ssthresh:2147483647: cwnd:10: delivered:1: lost:0: retrans:0
[  256.281209] AAAAA-TCP_RECV: name:enp0s3: saddr:100932208: daddr:33561200: srtt_us:2462832: RTT:307854: ssthresh:2147483647: cwnd:10: delivered:1: lost:0: retrans:0
[  256.281253] AAAAA-TCP_SEND: name:enp0s3: saddr:33561200: daddr:100932208: srtt_us:2462832: RTT:307854: ssthresh:2147483647: cwnd:10: delivered:1: lost:0: retrans:0
[  256.362486] AAAAA-TCP_RECV: name:enp0s3: saddr:100932208: daddr:33561200: srtt_us:2462832: RTT:307854: ssthresh:2147483647: cwnd:10: delivered:1: lost:0: retrans:0
[  256.362520] AAAAA-TCP_SEND: name:enp0s3: saddr:33561200: daddr:100932208: srtt_us:2462832: RTT:307854: ssthresh:2147483647: cwnd:10: delivered:1: lost:0: retrans:0
[  256.445169] AAAAA-TCP_RECV: name:enp0s3: saddr:100932208: daddr:33561200: srtt_us:2462832: RTT:307854: ssthresh:2147483647: cwnd:10: delivered:1: lost:0: retrans:0
[  256.445197] AAAAA-TCP_SEND: name:enp0s3: saddr:33561200: daddr:100932208: srtt_us:2462832: RTT:307854: ssthresh:2147483647: cwnd:10: delivered:1: lost:0: retrans:0
[  256.515716] AAAAA-TCP_RECV: name:enp0s3: saddr:100932208: daddr:33561200: srtt_us:2462832: RTT:307854: ssthresh:2147483647: cwnd:10: delivered:1: lost:0: retrans:0
[  256.515742] AAAAA-TCP_SEND: name:enp0s3: saddr:33561200: daddr:100932208: srtt_us:2462832: RTT:307854: ssthresh:2147483647: cwnd:10: delivered:1: lost:0: retrans:0
[  256.702070] AAAAA-TCP_RECV: name:enp0s3: saddr:100932208: daddr:33561200: srtt_us:2462832: RTT:307854: ssthresh:2147483647: cwnd:10: delivered:1: lost:0: retrans:0
[  256.702104] AAAAA-TCP_SEND: name:enp0s3: saddr:33561200: daddr:100932208: srtt_us:2462832: RTT:307854: ssthresh:2147483647: cwnd:10: delivered:1: lost:0: retrans:0
[  256.771405] AAAAA-TCP_RECV: name:enp0s3: saddr:100932208: daddr:33561200: srtt_us:2462832: RTT:307854: ssthresh:2147483647: cwnd:10: delivered:1: lost:0: retrans:0
[  256.771445] AAAAA-TCP_SEND: name:enp0s3: saddr:33561200: daddr:100932208: srtt_us:2462832: RTT:307854: ssthresh:2147483647: cwnd:10: delivered:1: lost:0: retrans:0
[  256.846251] AAAAA-TCP_RECV: name:enp0s3: saddr:100932208: daddr:33561200: srtt_us:2462832: RTT:307854: ssthresh:2147483647: cwnd:10: delivered:1: lost:0: retrans:0
[  256.846282] AAAAA-TCP_SEND: name:enp0s3: saddr:33561200: daddr:100932208: srtt_us:2462832: RTT:307854: ssthresh:2147483647: cwnd:10: delivered:1: lost:0: retrans:0
[  256.928745] AAAAA-TCP_RECV: name:enp0s3: saddr:100932208: daddr:33561200: srtt_us:2462832: RTT:307854: ssthresh:2147483647: cwnd:10: delivered:1: lost:0: retrans:0
[  256.928774] AAAAA-TCP_SEND: name:enp0s3: saddr:33561200: daddr:100932208: srtt_us:2462832: RTT:307854: ssthresh:2147483647: cwnd:10: delivered:1: lost:0: retrans:0
[  256.994991] AAAAA-TCP_RECV: name:enp0s3: saddr:100932208: daddr:33561200: srtt_us:2462832: RTT:307854: ssthresh:2147483647: cwnd:10: delivered:1: lost:0: retrans:0
[  256.995022] AAAAA-TCP_SEND: name:enp0s3: saddr:33561200: daddr:100932208: srtt_us:2462832: RTT:307854: ssthresh:2147483647: cwnd:10: delivered:1: lost:0: retrans:0
[  257.095706] AAAAA-TCP_RECV: name:enp0s3: saddr:100932208: daddr:33561200: srtt_us:2462832: RTT:307854: ssthresh:2147483647: cwnd:10: delivered:1: lost:0: retrans:0
[  257.095742] AAAAA-TCP_SEND: name:enp0s3: saddr:33561200: daddr:100932208: srtt_us:2462832: RTT:307854: ssthresh:2147483647: cwnd:10: delivered:1: lost:0: retrans:0
[  257.132160] AAAAA-TCP_RECV: name:enp0s3: saddr:100932208: daddr:33561200: srtt_us:2462832: RTT:307854: ssthresh:2147483647: cwnd:10: delivered:1: lost:0: retrans:0
[  257.132189] AAAAA-TCP_SEND: name:enp0s3: saddr:33561200: daddr:100932208: srtt_us:2462832: RTT:307854: ssthresh:2147483647: cwnd:10: delivered:1: lost:0: retrans:0
[  257.196093] AAAAA-TCP_RECV: name:enp0s3: saddr:100932208: daddr:33561200: srtt_us:2462832: RTT:307854: ssthresh:2147483647: cwnd:10: delivered:1: lost:0: retrans:0
[  257.196150] AAAAA-TCP_SEND: name:enp0s3: saddr:33561200: daddr:100932208: srtt_us:2462832: RTT:307854: ssthresh:2147483647: cwnd:10: delivered:1: lost:0: retrans:0
[  257.266652] AAAAA-TCP_RECV: name:enp0s3: saddr:100932208: daddr:33561200: srtt_us:2462832: RTT:307854: ssthresh:2147483647: cwnd:10: delivered:1: lost:0: retrans:0
[  257.266713] AAAAA-TCP_SEND: name:enp0s3: saddr:33561200: daddr:100932208: srtt_us:2462832: RTT:307854: ssthresh:2147483647: cwnd:10: delivered:1: lost:0: retrans:0
[  257.311085] AAAAA-TCP_RECV: name:enp0s3: saddr:100932208: daddr:33561200: srtt_us:2462832: RTT:307854: ssthresh:2147483647: cwnd:10: delivered:1: lost:0: retrans:0
[  257.311146] AAAAA-TCP_SEND: name:enp0s3: saddr:33561200: daddr:100932208: srtt_us:2462832: RTT:307854: ssthresh:2147483647: cwnd:10: delivered:1: lost:0: retrans:0
[  257.381153] AAAAA-TCP_RECV: name:enp0s3: saddr:100932208: daddr:33561200: srtt_us:2462832: RTT:307854: ssthresh:2147483647: cwnd:10: delivered:1: lost:0: retrans:0
[  257.381181] AAAAA-TCP_SEND: name:enp0s3: saddr:33561200: daddr:100932208: srtt_us:2462832: RTT:307854: ssthresh:2147483647: cwnd:10: delivered:1: lost:0: retrans:0
[  257.432577] AAAAA-TCP_RECV: name:enp0s3: saddr:100932208: daddr:33561200: srtt_us:2462832: RTT:307854: ssthresh:2147483647: cwnd:10: delivered:1: lost:0: retrans:0
[  257.432601] AAAAA-TCP_SEND: name:enp0s3: saddr:33561200: daddr:100932208: srtt_us:2462832: RTT:307854: ssthresh:2147483647: cwnd:10: delivered:1: lost:0: retrans:0
[  257.474223] AAAAA-TCP_RECV: name:enp0s3: saddr:100932208: daddr:16783984: srtt_us:2054192: RTT:256774: ssthresh:2147483647: cwnd:10: delivered:1: lost:0: retrans:0
[  257.474247] AAAAA-TCP_SEND: name:enp0s3: saddr:16783984: daddr:100932208: srtt_us:2054192: RTT:256774: ssthresh:2147483647: cwnd:10: delivered:1: lost:0: retrans:0
[  257.530944] AAAAA-TCP_RECV: name:enp0s3: saddr:100932208: daddr:16783984: srtt_us:2054192: RTT:256774: ssthresh:2147483647: cwnd:10: delivered:1: lost:0: retrans:0
[  257.530967] AAAAA-TCP_SEND: name:enp0s3: saddr:16783984: daddr:100932208: srtt_us:2054192: RTT:256774: ssthresh:2147483647: cwnd:10: delivered:1: lost:0: retrans:0
[  257.624607] AAAAA-TCP_RECV: name:enp0s3: saddr:100932208: daddr:16783984: srtt_us:2054192: RTT:256774: ssthresh:2147483647: cwnd:10: delivered:1: lost:0: retrans:0
[  257.625669] AAAAA-TCP_SEND: name:enp0s3: saddr:16783984: daddr:100932208: srtt_us:2054192: RTT:256774: ssthresh:2147483647: cwnd:10: delivered:1: lost:0: retrans:0
[  257.733869] AAAAA-TCP_RECV: name:enp0s3: saddr:100932208: daddr:16783984: srtt_us:2054192: RTT:256774: ssthresh:2147483647: cwnd:10: delivered:1: lost:0: retrans:0
[  257.734934] AAAAA-TCP_SEND: name:enp0s3: saddr:16783984: daddr:100932208: srtt_us:2054192: RTT:256774: ssthresh:2147483647: cwnd:10: delivered:1: lost:0: retrans:0
[  257.773346] AAAAA-TCP_RECV: name:enp0s3: saddr:100932208: daddr:16783984: srtt_us:2054192: RTT:256774: ssthresh:2147483647: cwnd:10: delivered:1: lost:0: retrans:0
[  257.775037] AAAAA-TCP_SEND: name:enp0s3: saddr:16783984: daddr:100932208: srtt_us:2054192: RTT:256774: ssthresh:2147483647: cwnd:10: delivered:1: lost:0: retrans:0
[  257.824283] AAAAA-TCP_RECV: name:enp0s3: saddr:100932208: daddr:16783984: srtt_us:2054192: RTT:256774: ssthresh:2147483647: cwnd:10: delivered:1: lost:0: retrans:0
[  257.825442] AAAAA-TCP_SEND: name:enp0s3: saddr:16783984: daddr:100932208: srtt_us:2054192: RTT:256774: ssthresh:2147483647: cwnd:10: delivered:1: lost:0: retrans:0
[  257.990824] AAAAA-TCP_RECV: name:enp0s3: saddr:100932208: daddr:16783984: srtt_us:2054192: RTT:256774: ssthresh:2147483647: cwnd:10: delivered:1: lost:0: retrans:0
[  257.992157] AAAAA-TCP_SEND: name:enp0s3: saddr:16783984: daddr:100932208: srtt_us:2054192: RTT:256774: ssthresh:2147483647: cwnd:10: delivered:1: lost:0: retrans:0
[  258.108179] AAAAA-TCP_RECV: name:enp0s3: saddr:100932208: daddr:16783984: srtt_us:2054192: RTT:256774: ssthresh:2147483647: cwnd:10: delivered:1: lost:0: retrans:0
[  258.109225] AAAAA-TCP_SEND: name:enp0s3: saddr:16783984: daddr:100932208: srtt_us:2054192: RTT:256774: ssthresh:2147483647: cwnd:10: delivered:1: lost:0: retrans:0
[  258.297960] AAAAA-TCP_RECV: name:enp0s3: saddr:100932208: daddr:16783984: srtt_us:2054192: RTT:256774: ssthresh:2147483647: cwnd:10: delivered:1: lost:0: retrans:0
[  258.299037] AAAAA-TCP_SEND: name:enp0s3: saddr:16783984: daddr:100932208: srtt_us:2054192: RTT:256774: ssthresh:2147483647: cwnd:10: delivered:1: lost:0: retrans:0
[  258.368207] AAAAA-TCP_RECV: name:enp0s3: saddr:100932208: daddr:16783984: srtt_us:2054192: RTT:256774: ssthresh:2147483647: cwnd:10: delivered:1: lost:0: retrans:0
[  258.369276] AAAAA-TCP_SEND: name:enp0s3: saddr:16783984: daddr:100932208: srtt_us:2054192: RTT:256774: ssthresh:2147483647: cwnd:10: delivered:1: lost:0: retrans:0
[  258.460213] AAAAA-TCP_RECV: name:enp0s3: saddr:100932208: daddr:16783984: srtt_us:2054192: RTT:256774: ssthresh:2147483647: cwnd:10: delivered:1: lost:0: retrans:0
[  258.461278] AAAAA-TCP_SEND: name:enp0s3: saddr:16783984: daddr:100932208: srtt_us:2054192: RTT:256774: ssthresh:2147483647: cwnd:10: delivered:1: lost:0: retrans:0
[  258.573130] AAAAA-TCP_RECV: name:enp0s3: saddr:100932208: daddr:16783984: srtt_us:2054192: RTT:256774: ssthresh:2147483647: cwnd:10: delivered:1: lost:0: retrans:0
[  258.574193] AAAAA-TCP_SEND: name:enp0s3: saddr:16783984: daddr:100932208: srtt_us:2054192: RTT:256774: ssthresh:2147483647: cwnd:10: delivered:1: lost:0: retrans:0
[  258.657328] AAAAA-TCP_RECV: name:enp0s3: saddr:100932208: daddr:16783984: srtt_us:2054192: RTT:256774: ssthresh:2147483647: cwnd:10: delivered:1: lost:0: retrans:0
[  258.658372] AAAAA-TCP_SEND: name:enp0s3: saddr:16783984: daddr:100932208: srtt_us:2054192: RTT:256774: ssthresh:2147483647: cwnd:10: delivered:1: lost:0: retrans:0
[  258.854883] AAAAA-TCP_RECV: name:enp0s3: saddr:100932208: daddr:16783984: srtt_us:2054192: RTT:256774: ssthresh:2147483647: cwnd:10: delivered:1: lost:0: retrans:0
[  258.854944] AAAAA-TCP_SEND: name:enp0s3: saddr:16783984: daddr:100932208: srtt_us:2054192: RTT:256774: ssthresh:2147483647: cwnd:10: delivered:1: lost:0: retrans:0
[  259.269540] AAAAA-TCP_RECV: name:enp0s3: saddr:100932208: daddr:16783984: srtt_us:2054192: RTT:256774: ssthresh:2147483647: cwnd:10: delivered:1: lost:0: retrans:0
[  259.269577] AAAAA-TCP_SEND: name:enp0s3: saddr:16783984: daddr:100932208: srtt_us:2054192: RTT:256774: ssthresh:2147483647: cwnd:10: delivered:1: lost:0: retrans:0
[  259.350608] AAAAA-TCP_RECV: name:enp0s3: saddr:100932208: daddr:16783984: srtt_us:2054192: RTT:256774: ssthresh:2147483647: cwnd:10: delivered:1: lost:0: retrans:0
[  259.350642] AAAAA-TCP_SEND: name:enp0s3: saddr:16783984: daddr:100932208: srtt_us:2054192: RTT:256774: ssthresh:2147483647: cwnd:10: delivered:1: lost:0: retrans:0
[  259.434996] AAAAA-TCP_RECV: name:enp0s3: saddr:100932208: daddr:16783984: srtt_us:2054192: RTT:256774: ssthresh:2147483647: cwnd:10: delivered:1: lost:0: retrans:0
[  259.435024] AAAAA-TCP_SEND: name:enp0s3: saddr:16783984: daddr:100932208: srtt_us:2054192: RTT:256774: ssthresh:2147483647: cwnd:10: delivered:1: lost:0: retrans:0
[  259.524106] AAAAA-TCP_RECV: name:enp0s3: saddr:100932208: daddr:33561200: srtt_us:2462832: RTT:307854: ssthresh:2147483647: cwnd:10: delivered:1: lost:0: retrans:0
[  259.524170] AAAAA-TCP_SEND: name:enp0s3: saddr:33561200: daddr:100932208: srtt_us:2462832: RTT:307854: ssthresh:2147483647: cwnd:10: delivered:1: lost:0: retrans:0
[  259.602380] AAAAA-TCP_RECV: name:enp0s3: saddr:100932208: daddr:33561200: srtt_us:2462832: RTT:307854: ssthresh:2147483647: cwnd:10: delivered:1: lost:0: retrans:0
[  259.602406] AAAAA-TCP_SEND: name:enp0s3: saddr:33561200: daddr:100932208: srtt_us:2462832: RTT:307854: ssthresh:2147483647: cwnd:10: delivered:1: lost:0: retrans:0
[  259.682930] AAAAA-TCP_RECV: name:enp0s3: saddr:100932208: daddr:33561200: srtt_us:2462832: RTT:307854: ssthresh:2147483647: cwnd:10: delivered:1: lost:0: retrans:0
[  259.682957] AAAAA-TCP_SEND: name:enp0s3: saddr:33561200: daddr:100932208: srtt_us:2462832: RTT:307854: ssthresh:2147483647: cwnd:10: delivered:1: lost:0: retrans:0
[  259.745760] AAAAA-TCP_RECV: name:enp0s3: saddr:100932208: daddr:33561200: srtt_us:2462832: RTT:307854: ssthresh:2147483647: cwnd:10: delivered:1: lost:0: retrans:0
[  259.746822] AAAAA-TCP_SEND: name:enp0s3: saddr:33561200: daddr:100932208: srtt_us:2462832: RTT:307854: ssthresh:2147483647: cwnd:10: delivered:1: lost:0: retrans:0
[  259.918349] AAAAA-TCP_RECV: name:enp0s3: saddr:100932208: daddr:33561200: srtt_us:2462832: RTT:307854: ssthresh:2147483647: cwnd:10: delivered:1: lost:0: retrans:0
[  259.920273] AAAAA-TCP_SEND: name:enp0s3: saddr:33561200: daddr:100932208: srtt_us:2462832: RTT:307854: ssthresh:2147483647: cwnd:10: delivered:1: lost:0: retrans:0
[  259.985207] AAAAA-TCP_RECV: name:enp0s3: saddr:100932208: daddr:33561200: srtt_us:2462832: RTT:307854: ssthresh:2147483647: cwnd:10: delivered:1: lost:0: retrans:0
[  259.985297] AAAAA-TCP_SEND: name:enp0s3: saddr:33561200: daddr:100932208: srtt_us:2462832: RTT:307854: ssthresh:2147483647: cwnd:10: delivered:1: lost:0: retrans:0
[  260.057343] AAAAA-TCP_RECV: name:enp0s3: saddr:100932208: daddr:33561200: srtt_us:2462832: RTT:307854: ssthresh:2147483647: cwnd:10: delivered:1: lost:0: retrans:0
[  260.057373] AAAAA-TCP_SEND: name:enp0s3: saddr:33561200: daddr:100932208: srtt_us:2462832: RTT:307854: ssthresh:2147483647: cwnd:10: delivered:1: lost:0: retrans:0
[  260.136242] AAAAA-TCP_RECV: name:enp0s3: saddr:100932208: daddr:33561200: srtt_us:2462832: RTT:307854: ssthresh:2147483647: cwnd:10: delivered:1: lost:0: retrans:0
[  260.136271] AAAAA-TCP_SEND: name:enp0s3: saddr:33561200: daddr:100932208: srtt_us:2462832: RTT:307854: ssthresh:2147483647: cwnd:10: delivered:1: lost:0: retrans:0
[  260.241689] AAAAA-TCP_RECV: name:enp0s3: saddr:100932208: daddr:33561200: srtt_us:2462832: RTT:307854: ssthresh:2147483647: cwnd:10: delivered:1: lost:0: retrans:0
[  260.241717] AAAAA-TCP_SEND: name:enp0s3: saddr:33561200: daddr:100932208: srtt_us:2462832: RTT:307854: ssthresh:2147483647: cwnd:10: delivered:1: lost:0: retrans:0
[  260.282078] AAAAA-TCP_RECV: name:enp0s3: saddr:100932208: daddr:33561200: srtt_us:2462832: RTT:307854: ssthresh:2147483647: cwnd:10: delivered:1: lost:0: retrans:0
[  260.282101] AAAAA-TCP_SEND: name:enp0s3: saddr:33561200: daddr:100932208: srtt_us:2462832: RTT:307854: ssthresh:2147483647: cwnd:10: delivered:1: lost:0: retrans:0
[  260.359753] AAAAA-TCP_RECV: name:enp0s3: saddr:100932208: daddr:33561200: srtt_us:2462832: RTT:307854: ssthresh:2147483647: cwnd:10: delivered:1: lost:0: retrans:0
[  260.359776] AAAAA-TCP_SEND: name:enp0s3: saddr:33561200: daddr:100932208: srtt_us:2462832: RTT:307854: ssthresh:2147483647: cwnd:10: delivered:1: lost:0: retrans:0
[  260.476557] AAAAA-TCP_RECV: name:enp0s3: saddr:100932208: daddr:33561200: srtt_us:2462832: RTT:307854: ssthresh:2147483647: cwnd:10: delivered:1: lost:0: retrans:0
[  260.476585] AAAAA-TCP_SEND: name:enp0s3: saddr:33561200: daddr:100932208: srtt_us:2462832: RTT:307854: ssthresh:2147483647: cwnd:10: delivered:1: lost:0: retrans:0
[  260.575253] AAAAA-TCP_RECV: name:enp0s3: saddr:100932208: daddr:33561200: srtt_us:2462832: RTT:307854: ssthresh:2147483647: cwnd:10: delivered:1: lost:0: retrans:0
[  260.575281] AAAAA-TCP_SEND: name:enp0s3: saddr:33561200: daddr:100932208: srtt_us:2462832: RTT:307854: ssthresh:2147483647: cwnd:10: delivered:1: lost:0: retrans:0
[  260.791641] AAAAA-TCP_RECV: name:enp0s3: saddr:100932208: daddr:33561200: srtt_us:2462832: RTT:307854: ssthresh:2147483647: cwnd:10: delivered:1: lost:0: retrans:0
[  260.791692] AAAAA-TCP_SEND: name:enp0s3: saddr:33561200: daddr:100932208: srtt_us:2462832: RTT:307854: ssthresh:2147483647: cwnd:10: delivered:1: lost:0: retrans:0
[  260.844706] AAAAA-TCP_RECV: name:enp0s3: saddr:100932208: daddr:33561200: srtt_us:2462832: RTT:307854: ssthresh:2147483647: cwnd:10: delivered:1: lost:0: retrans:0
[  260.844749] AAAAA-TCP_SEND: name:enp0s3: saddr:33561200: daddr:100932208: srtt_us:2462832: RTT:307854: ssthresh:2147483647: cwnd:10: delivered:1: lost:0: retrans:0
[  260.880731] AAAAA-TCP_RECV: name:enp0s3: saddr:100932208: daddr:33561200: srtt_us:2462832: RTT:307854: ssthresh:2147483647: cwnd:10: delivered:1: lost:0: retrans:0
[  260.880794] AAAAA-TCP_SEND: name:enp0s3: saddr:33561200: daddr:100932208: srtt_us:2462832: RTT:307854: ssthresh:2147483647: cwnd:10: delivered:1: lost:0: retrans:0
[  260.971834] AAAAA-TCP_RECV: name:enp0s3: saddr:100932208: daddr:16783984: srtt_us:2054192: RTT:256774: ssthresh:2147483647: cwnd:10: delivered:1: lost:0: retrans:0
[  260.971887] AAAAA-TCP_SEND: name:enp0s3: saddr:16783984: daddr:100932208: srtt_us:2054192: RTT:256774: ssthresh:2147483647: cwnd:10: delivered:1: lost:0: retrans:0
[  261.050134] AAAAA-TCP_RECV: name:enp0s3: saddr:100932208: daddr:16783984: srtt_us:2054192: RTT:256774: ssthresh:2147483647: cwnd:10: delivered:1: lost:0: retrans:0
[  261.050199] AAAAA-TCP_SEND: name:enp0s3: saddr:16783984: daddr:100932208: srtt_us:2054192: RTT:256774: ssthresh:2147483647: cwnd:10: delivered:1: lost:0: retrans:0
[  261.124089] AAAAA-TCP_RECV: name:enp0s3: saddr:100932208: daddr:16783984: srtt_us:2054192: RTT:256774: ssthresh:2147483647: cwnd:10: delivered:1: lost:0: retrans:0
[  261.124130] AAAAA-TCP_SEND: name:enp0s3: saddr:16783984: daddr:100932208: srtt_us:2054192: RTT:256774: ssthresh:2147483647: cwnd:10: delivered:1: lost:0: retrans:0
[  261.173247] AAAAA-TCP_RECV: name:enp0s3: saddr:100932208: daddr:16783984: srtt_us:2054192: RTT:256774: ssthresh:2147483647: cwnd:10: delivered:1: lost:0: retrans:0
[  261.173280] AAAAA-TCP_SEND: name:enp0s3: saddr:16783984: daddr:100932208: srtt_us:2054192: RTT:256774: ssthresh:2147483647: cwnd:10: delivered:1: lost:0: retrans:0
[  261.188260] AAAAA-TCP_RECV: name:enp0s3: saddr:100932208: daddr:16783984: srtt_us:2054192: RTT:256774: ssthresh:2147483647: cwnd:10: delivered:1: lost:0: retrans:0
[  261.188291] AAAAA-TCP_SEND: name:enp0s3: saddr:16783984: daddr:100932208: srtt_us:2054192: RTT:256774: ssthresh:2147483647: cwnd:10: delivered:1: lost:0: retrans:0
[  261.236347] AAAAA-TCP_RECV: name:enp0s3: saddr:100932208: daddr:16783984: srtt_us:2054192: RTT:256774: ssthresh:2147483647: cwnd:10: delivered:1: lost:0: retrans:0
[  261.236378] AAAAA-TCP_SEND: name:enp0s3: saddr:16783984: daddr:100932208: srtt_us:2054192: RTT:256774: ssthresh:2147483647: cwnd:10: delivered:1: lost:0: retrans:0
[  261.395356] AAAAA-TCP_RECV: name:enp0s3: saddr:100932208: daddr:16783984: srtt_us:2054192: RTT:256774: ssthresh:2147483647: cwnd:10: delivered:1: lost:0: retrans:0
[  261.395387] AAAAA-TCP_SEND: name:enp0s3: saddr:16783984: daddr:100932208: srtt_us:2054192: RTT:256774: ssthresh:2147483647: cwnd:10: delivered:1: lost:0: retrans:0
[  261.476560] AAAAA-TCP_RECV: name:enp0s3: saddr:100932208: daddr:16783984: srtt_us:2054192: RTT:256774: ssthresh:2147483647: cwnd:10: delivered:1: lost:0: retrans:0
[  261.476591] AAAAA-TCP_SEND: name:enp0s3: saddr:16783984: daddr:100932208: srtt_us:2054192: RTT:256774: ssthresh:2147483647: cwnd:10: delivered:1: lost:0: retrans:0
[  261.562138] AAAAA-TCP_RECV: name:enp0s3: saddr:100932208: daddr:16783984: srtt_us:2054192: RTT:256774: ssthresh:2147483647: cwnd:10: delivered:1: lost:0: retrans:0
[  261.562171] AAAAA-TCP_SEND: name:enp0s3: saddr:16783984: daddr:100932208: srtt_us:2054192: RTT:256774: ssthresh:2147483647: cwnd:10: delivered:1: lost:0: retrans:0
[  261.613048] AAAAA-TCP_RECV: name:enp0s3: saddr:100932208: daddr:16783984: srtt_us:2054192: RTT:256774: ssthresh:2147483647: cwnd:10: delivered:1: lost:0: retrans:0
[  261.613078] AAAAA-TCP_SEND: name:enp0s3: saddr:16783984: daddr:100932208: srtt_us:2054192: RTT:256774: ssthresh:2147483647: cwnd:10: delivered:1: lost:0: retrans:0
[  261.692873] AAAAA-TCP_RECV: name:enp0s3: saddr:100932208: daddr:16783984: srtt_us:2054192: RTT:256774: ssthresh:2147483647: cwnd:10: delivered:1: lost:0: retrans:0
[  261.692905] AAAAA-TCP_SEND: name:enp0s3: saddr:16783984: daddr:100932208: srtt_us:2054192: RTT:256774: ssthresh:2147483647: cwnd:10: delivered:1: lost:0: retrans:0
[  261.787537] AAAAA-TCP_RECV: name:enp0s3: saddr:100932208: daddr:16783984: srtt_us:2054192: RTT:256774: ssthresh:2147483647: cwnd:10: delivered:1: lost:0: retrans:0
[  261.787576] AAAAA-TCP_SEND: name:enp0s3: saddr:16783984: daddr:100932208: srtt_us:2054192: RTT:256774: ssthresh:2147483647: cwnd:10: delivered:1: lost:0: retrans:0
[  261.904019] AAAAA-TCP_RECV: name:enp0s3: saddr:100932208: daddr:16783984: srtt_us:2054192: RTT:256774: ssthresh:2147483647: cwnd:10: delivered:1: lost:0: retrans:0
[  261.904056] AAAAA-TCP_SEND: name:enp0s3: saddr:16783984: daddr:100932208: srtt_us:2054192: RTT:256774: ssthresh:2147483647: cwnd:10: delivered:1: lost:0: retrans:0
[  262.484789] AAAAA-TCP_RECV: name:enp0s3: saddr:100932208: daddr:33561200: srtt_us:2462832: RTT:307854: ssthresh:2147483647: cwnd:10: delivered:1: lost:0: retrans:0
[  262.484823] AAAAA-TCP_SEND: name:enp0s3: saddr:33561200: daddr:100932208: srtt_us:2462832: RTT:307854: ssthresh:2147483647: cwnd:10: delivered:1: lost:0: retrans:0
[  262.550017] AAAAA-TCP_RECV: name:enp0s3: saddr:100932208: daddr:33561200: srtt_us:2462832: RTT:307854: ssthresh:2147483647: cwnd:10: delivered:1: lost:0: retrans:0
[  262.550049] AAAAA-TCP_SEND: name:enp0s3: saddr:33561200: daddr:100932208: srtt_us:2462832: RTT:307854: ssthresh:2147483647: cwnd:10: delivered:1: lost:0: retrans:0
[  283.642301] AAAAA-TCP_RECV: name:enp0s3: saddr:100932208: daddr:33561200: srtt_us:2462832: RTT:307854: ssthresh:2147483647: cwnd:10: delivered:1: lost:0: retrans:0
[  283.642381] AAAAA-TCP_SEND: name:enp0s3: saddr:33561200: daddr:100932208: srtt_us:2462832: RTT:307854: ssthresh:2147483647: cwnd:10: delivered:1: lost:0: retrans:0
[  283.815886] AAAAA-TCP_RECV: name:enp0s3: saddr:100932208: daddr:16783984: srtt_us:2054192: RTT:256774: ssthresh:2147483647: cwnd:10: delivered:1: lost:0: retrans:0
[  283.815935] AAAAA-TCP_SEND: name:enp0s3: saddr:16783984: daddr:100932208: srtt_us:2054192: RTT:256774: ssthresh:2147483647: cwnd:10: delivered:1: lost:0: retrans:0
[  283.934013] AAAAA-TCP_RECV: name:enp0s3: saddr:100932208: daddr:16783984: srtt_us:2054192: RTT:256774: ssthresh:2147483647: cwnd:10: delivered:1: lost:0: retrans:0
[  283.934051] AAAAA-TCP_SEND: name:enp0s3: saddr:16783984: daddr:100932208: srtt_us:2054192: RTT:256774: ssthresh:2147483647: cwnd:10: delivered:1: lost:0: retrans:0
[  284.083050] AAAAA-TCP_RECV: name:enp0s3: saddr:100932208: daddr:33561200: srtt_us:2462832: RTT:307854: ssthresh:2147483647: cwnd:10: delivered:1: lost:0: retrans:0
[  284.083084] AAAAA-TCP_SEND: name:enp0s3: saddr:33561200: daddr:100932208: srtt_us:2462832: RTT:307854: ssthresh:2147483647: cwnd:10: delivered:1: lost:0: retrans:0
[  284.224000] AAAAA-TCP_RECV: name:enp0s3: saddr:100932208: daddr:16783984: srtt_us:2054192: RTT:256774: ssthresh:2147483647: cwnd:10: delivered:1: lost:0: retrans:0
[  284.224075] AAAAA-TCP_SEND: name:enp0s3: saddr:16783984: daddr:100932208: srtt_us:2054192: RTT:256774: ssthresh:2147483647: cwnd:10: delivered:1: lost:0: retrans:0
[  284.361346] AAAAA-TCP_RECV: name:enp0s3: saddr:100932208: daddr:33561200: srtt_us:2462832: RTT:307854: ssthresh:2147483647: cwnd:10: delivered:1: lost:0: retrans:0
[  284.361381] AAAAA-TCP_SEND: name:enp0s3: saddr:33561200: daddr:100932208: srtt_us:2462832: RTT:307854: ssthresh:2147483647: cwnd:10: delivered:1: lost:0: retrans:0
[  284.537901] AAAAA-TCP_RECV: name:enp0s3: saddr:100932208: daddr:16783984: srtt_us:2054192: RTT:256774: ssthresh:2147483647: cwnd:10: delivered:1: lost:0: retrans:0
[  284.537971] AAAAA-TCP_SEND: name:enp0s3: saddr:16783984: daddr:100932208: srtt_us:2054192: RTT:256774: ssthresh:2147483647: cwnd:10: delivered:1: lost:0: retrans:0
[  284.573594] AAAAA-TCP_RECV: name:enp0s3: saddr:100932208: daddr:33561200: srtt_us:2462832: RTT:307854: ssthresh:2147483647: cwnd:10: delivered:1: lost:0: retrans:0
[  284.573623] AAAAA-TCP_SEND: name:enp0s3: saddr:33561200: daddr:100932208: srtt_us:2462832: RTT:307854: ssthresh:2147483647: cwnd:10: delivered:1: lost:0: retrans:0
[  284.791538] AAAAA-TCP_RECV: name:enp0s3: saddr:100932208: daddr:16783984: srtt_us:2054192: RTT:256774: ssthresh:2147483647: cwnd:10: delivered:1: lost:0: retrans:0
[  284.791631] AAAAA-TCP_SEND: name:enp0s3: saddr:16783984: daddr:100932208: srtt_us:2054192: RTT:256774: ssthresh:2147483647: cwnd:10: delivered:1: lost:0: retrans:0
[  284.875535] AAAAA-TCP_RECV: name:enp0s3: saddr:100932208: daddr:33561200: srtt_us:2462832: RTT:307854: ssthresh:2147483647: cwnd:10: delivered:1: lost:0: retrans:0
[  284.875579] AAAAA-TCP_SEND: name:enp0s3: saddr:33561200: daddr:100932208: srtt_us:2462832: RTT:307854: ssthresh:2147483647: cwnd:10: delivered:1: lost:0: retrans:0
[  285.089417] AAAAA-TCP_RECV: name:enp0s3: saddr:100932208: daddr:16783984: srtt_us:2054192: RTT:256774: ssthresh:2147483647: cwnd:10: delivered:1: lost:0: retrans:0
[  285.089458] AAAAA-TCP_SEND: name:enp0s3: saddr:16783984: daddr:100932208: srtt_us:2054192: RTT:256774: ssthresh:2147483647: cwnd:10: delivered:1: lost:0: retrans:0
[  285.411103] AAAAA-TCP_RECV: name:enp0s3: saddr:100932208: daddr:33561200: srtt_us:2462832: RTT:307854: ssthresh:2147483647: cwnd:10: delivered:1: lost:0: retrans:0
[  285.411179] AAAAA-TCP_SEND: name:enp0s3: saddr:33561200: daddr:100932208: srtt_us:2462832: RTT:307854: ssthresh:2147483647: cwnd:10: delivered:1: lost:0: retrans:0
[  285.427796] AAAAA-TCP_RECV: name:enp0s3: saddr:100932208: daddr:16783984: srtt_us:2054192: RTT:256774: ssthresh:2147483647: cwnd:10: delivered:1: lost:0: retrans:0
[  285.427849] AAAAA-TCP_SEND: name:enp0s3: saddr:16783984: daddr:100932208: srtt_us:2054192: RTT:256774: ssthresh:2147483647: cwnd:10: delivered:1: lost:0: retrans:0
[  285.526365] AAAAA-TCP_RECV: name:enp0s3: saddr:100932208: daddr:16783984: srtt_us:2054192: RTT:256774: ssthresh:2147483647: cwnd:10: delivered:1: lost:0: retrans:0
[  285.526432] AAAAA-TCP_SEND: name:enp0s3: saddr:16783984: daddr:100932208: srtt_us:2054192: RTT:256774: ssthresh:2147483647: cwnd:10: delivered:1: lost:0: retrans:0
[  285.637306] AAAAA-TCP_RECV: name:enp0s3: saddr:100932208: daddr:33561200: srtt_us:2462832: RTT:307854: ssthresh:2147483647: cwnd:10: delivered:1: lost:0: retrans:0
[  285.637339] AAAAA-TCP_SEND: name:enp0s3: saddr:33561200: daddr:100932208: srtt_us:2462832: RTT:307854: ssthresh:2147483647: cwnd:10: delivered:1: lost:0: retrans:0
[  285.677834] AAAAA-TCP_RECV: name:enp0s3: saddr:100932208: daddr:16783984: srtt_us:2054192: RTT:256774: ssthresh:2147483647: cwnd:10: delivered:1: lost:0: retrans:0
[  285.677864] AAAAA-TCP_SEND: name:enp0s3: saddr:16783984: daddr:100932208: srtt_us:2054192: RTT:256774: ssthresh:2147483647: cwnd:10: delivered:1: lost:0: retrans:0
[  285.773638] AAAAA-TCP_RECV: name:enp0s3: saddr:100932208: daddr:16783984: srtt_us:2054192: RTT:256774: ssthresh:2147483647: cwnd:10: delivered:1: lost:0: retrans:0
[  285.773670] AAAAA-TCP_SEND: name:enp0s3: saddr:16783984: daddr:100932208: srtt_us:2054192: RTT:256774: ssthresh:2147483647: cwnd:10: delivered:1: lost:0: retrans:0
[  285.816452] AAAAA-TCP_RECV: name:enp0s3: saddr:100932208: daddr:16783984: srtt_us:2054192: RTT:256774: ssthresh:2147483647: cwnd:10: delivered:1: lost:0: retrans:0
[  285.816485] AAAAA-TCP_SEND: name:enp0s3: saddr:16783984: daddr:100932208: srtt_us:2054192: RTT:256774: ssthresh:2147483647: cwnd:10: delivered:1: lost:0: retrans:0
[  285.836200] AAAAA-TCP_RECV: name:enp0s3: saddr:100932208: daddr:33561200: srtt_us:2462832: RTT:307854: ssthresh:2147483647: cwnd:10: delivered:1: lost:0: retrans:0
[  285.836231] AAAAA-TCP_SEND: name:enp0s3: saddr:33561200: daddr:100932208: srtt_us:2462832: RTT:307854: ssthresh:2147483647: cwnd:10: delivered:1: lost:0: retrans:0
[  285.908922] AAAAA-TCP_RECV: name:enp0s3: saddr:100932208: daddr:33561200: srtt_us:2462832: RTT:307854: ssthresh:2147483647: cwnd:10: delivered:1: lost:0: retrans:0
[  285.908950] AAAAA-TCP_SEND: name:enp0s3: saddr:33561200: daddr:100932208: srtt_us:2462832: RTT:307854: ssthresh:2147483647: cwnd:10: delivered:1: lost:0: retrans:0
[  285.940259] AAAAA-TCP_RECV: name:enp0s3: saddr:100932208: daddr:33561200: srtt_us:2462832: RTT:307854: ssthresh:2147483647: cwnd:10: delivered:1: lost:0: retrans:0
[  285.940327] AAAAA-TCP_SEND: name:enp0s3: saddr:33561200: daddr:100932208: srtt_us:2462832: RTT:307854: ssthresh:2147483647: cwnd:10: delivered:1: lost:0: retrans:0
[  285.968800] AAAAA-TCP_RECV: name:enp0s3: saddr:100932208: daddr:16783984: srtt_us:2054192: RTT:256774: ssthresh:2147483647: cwnd:10: delivered:1: lost:0: retrans:0
[  285.968856] AAAAA-TCP_SEND: name:enp0s3: saddr:16783984: daddr:100932208: srtt_us:2054192: RTT:256774: ssthresh:2147483647: cwnd:10: delivered:1: lost:0: retrans:0
[  286.203074] AAAAA-TCP_RECV: name:enp0s3: saddr:100932208: daddr:16783984: srtt_us:2054192: RTT:256774: ssthresh:2147483647: cwnd:10: delivered:1: lost:0: retrans:0
[  286.203108] AAAAA-TCP_SEND: name:enp0s3: saddr:16783984: daddr:100932208: srtt_us:2054192: RTT:256774: ssthresh:2147483647: cwnd:10: delivered:1: lost:0: retrans:0
[  286.237071] AAAAA-TCP_RECV: name:enp0s3: saddr:100932208: daddr:16783984: srtt_us:2054192: RTT:256774: ssthresh:2147483647: cwnd:10: delivered:1: lost:0: retrans:0
[  286.237097] AAAAA-TCP_SEND: name:enp0s3: saddr:16783984: daddr:100932208: srtt_us:2054192: RTT:256774: ssthresh:2147483647: cwnd:10: delivered:1: lost:0: retrans:0
[  286.260912] AAAAA-TCP_RECV: name:enp0s3: saddr:100932208: daddr:33561200: srtt_us:2462832: RTT:307854: ssthresh:2147483647: cwnd:10: delivered:1: lost:0: retrans:0
[  286.260932] AAAAA-TCP_SEND: name:enp0s3: saddr:33561200: daddr:100932208: srtt_us:2462832: RTT:307854: ssthresh:2147483647: cwnd:10: delivered:1: lost:0: retrans:0
[  286.391288] AAAAA-TCP_RECV: name:enp0s3: saddr:100932208: daddr:33561200: srtt_us:2462832: RTT:307854: ssthresh:2147483647: cwnd:10: delivered:1: lost:0: retrans:0
[  286.391320] AAAAA-TCP_SEND: name:enp0s3: saddr:33561200: daddr:100932208: srtt_us:2462832: RTT:307854: ssthresh:2147483647: cwnd:10: delivered:1: lost:0: retrans:0
[  286.489699] AAAAA-TCP_RECV: name:enp0s3: saddr:100932208: daddr:16783984: srtt_us:2054192: RTT:256774: ssthresh:2147483647: cwnd:10: delivered:1: lost:0: retrans:0
[  286.489728] AAAAA-TCP_SEND: name:enp0s3: saddr:16783984: daddr:100932208: srtt_us:2054192: RTT:256774: ssthresh:2147483647: cwnd:10: delivered:1: lost:0: retrans:0
[  286.546969] AAAAA-TCP_RECV: name:enp0s3: saddr:100932208: daddr:33561200: srtt_us:2462832: RTT:307854: ssthresh:2147483647: cwnd:10: delivered:1: lost:0: retrans:0
[  286.547010] AAAAA-TCP_SEND: name:enp0s3: saddr:33561200: daddr:100932208: srtt_us:2462832: RTT:307854: ssthresh:2147483647: cwnd:10: delivered:1: lost:0: retrans:0
[  286.598670] AAAAA-TCP_RECV: name:enp0s3: saddr:100932208: daddr:16783984: srtt_us:2054192: RTT:256774: ssthresh:2147483647: cwnd:10: delivered:1: lost:0: retrans:0
[  286.598698] AAAAA-TCP_SEND: name:enp0s3: saddr:16783984: daddr:100932208: srtt_us:2054192: RTT:256774: ssthresh:2147483647: cwnd:10: delivered:1: lost:0: retrans:0
[  286.669612] AAAAA-TCP_RECV: name:enp0s3: saddr:100932208: daddr:16783984: srtt_us:2054192: RTT:256774: ssthresh:2147483647: cwnd:10: delivered:1: lost:0: retrans:0
[  286.669640] AAAAA-TCP_SEND: name:enp0s3: saddr:16783984: daddr:100932208: srtt_us:2054192: RTT:256774: ssthresh:2147483647: cwnd:10: delivered:1: lost:0: retrans:0
[  286.893028] AAAAA-TCP_RECV: name:enp0s3: saddr:100932208: daddr:33561200: srtt_us:2462832: RTT:307854: ssthresh:2147483647: cwnd:10: delivered:1: lost:0: retrans:0
[  286.893055] AAAAA-TCP_SEND: name:enp0s3: saddr:33561200: daddr:100932208: srtt_us:2462832: RTT:307854: ssthresh:2147483647: cwnd:10: delivered:1: lost:0: retrans:0
[  287.002465] AAAAA-TCP_RECV: name:enp0s3: saddr:100932208: daddr:33561200: srtt_us:2462832: RTT:307854: ssthresh:2147483647: cwnd:10: delivered:1: lost:0: retrans:0
[  287.002505] AAAAA-TCP_SEND: name:enp0s3: saddr:33561200: daddr:100932208: srtt_us:2462832: RTT:307854: ssthresh:2147483647: cwnd:10: delivered:1: lost:0: retrans:0
[  287.027556] AAAAA-TCP_RECV: name:enp0s3: saddr:100932208: daddr:16783984: srtt_us:2054192: RTT:256774: ssthresh:2147483647: cwnd:10: delivered:1: lost:0: retrans:0
[  287.027579] AAAAA-TCP_SEND: name:enp0s3: saddr:16783984: daddr:100932208: srtt_us:2054192: RTT:256774: ssthresh:2147483647: cwnd:10: delivered:1: lost:0: retrans:0
[  287.142326] AAAAA-TCP_RECV: name:enp0s3: saddr:100932208: daddr:33561200: srtt_us:2462832: RTT:307854: ssthresh:2147483647: cwnd:10: delivered:1: lost:0: retrans:0
[  287.142352] AAAAA-TCP_SEND: name:enp0s3: saddr:33561200: daddr:100932208: srtt_us:2462832: RTT:307854: ssthresh:2147483647: cwnd:10: delivered:1: lost:0: retrans:0
[  287.234180] AAAAA-TCP_RECV: name:enp0s3: saddr:100932208: daddr:16783984: srtt_us:2054192: RTT:256774: ssthresh:2147483647: cwnd:10: delivered:1: lost:0: retrans:0
[  287.234212] AAAAA-TCP_SEND: name:enp0s3: saddr:16783984: daddr:100932208: srtt_us:2054192: RTT:256774: ssthresh:2147483647: cwnd:10: delivered:1: lost:0: retrans:0
[  287.303772] AAAAA-TCP_RECV: name:enp0s3: saddr:100932208: daddr:33561200: srtt_us:2462832: RTT:307854: ssthresh:2147483647: cwnd:10: delivered:1: lost:0: retrans:0
[  287.303799] AAAAA-TCP_SEND: name:enp0s3: saddr:33561200: daddr:100932208: srtt_us:2462832: RTT:307854: ssthresh:2147483647: cwnd:10: delivered:1: lost:0: retrans:0
[  287.393418] AAAAA-TCP_RECV: name:enp0s8: saddr:100932208: daddr:16783984: srtt_us:2054192: RTT:256774: ssthresh:2147483647: cwnd:10: delivered:1: lost:0: retrans:0
[  287.393428] AAAAA-TCP_SEND: name:enp0s3: saddr:16783984: daddr:100932208: srtt_us:2054192: RTT:256774: ssthresh:2147483647: cwnd:10: delivered:1: lost:0: retrans:0
[  287.501878] AAAAA-TCP_RECV: name:enp0s3: saddr:100932208: daddr:16783984: srtt_us:2054192: RTT:256774: ssthresh:2147483647: cwnd:10: delivered:1: lost:0: retrans:0
[  287.501903] AAAAA-TCP_SEND: name:enp0s3: saddr:16783984: daddr:100932208: srtt_us:2054192: RTT:256774: ssthresh:2147483647: cwnd:10: delivered:1: lost:0: retrans:0
[  287.604001] AAAAA-TCP_RECV: name:enp0s8: saddr:100932208: daddr:33561200: srtt_us:2462832: RTT:307854: ssthresh:2147483647: cwnd:10: delivered:1: lost:0: retrans:0
[  287.604027] AAAAA-TCP_SEND: name:enp0s3: saddr:33561200: daddr:100932208: srtt_us:2462832: RTT:307854: ssthresh:2147483647: cwnd:10: delivered:1: lost:0: retrans:0
[  287.765728] AAAAA-TCP_RECV: name:enp0s8: saddr:100932208: daddr:16783984: srtt_us:2054192: RTT:256774: ssthresh:2147483647: cwnd:10: delivered:1: lost:0: retrans:0
[  287.765753] AAAAA-TCP_SEND: name:enp0s3: saddr:16783984: daddr:100932208: srtt_us:2054192: RTT:256774: ssthresh:2147483647: cwnd:10: delivered:1: lost:0: retrans:0
[  287.785256] AAAAA-TCP_RECV: name:enp0s3: saddr:100932208: daddr:33561200: srtt_us:2462832: RTT:307854: ssthresh:2147483647: cwnd:10: delivered:1: lost:0: retrans:0
[  287.785285] AAAAA-TCP_SEND: name:enp0s3: saddr:33561200: daddr:100932208: srtt_us:2462832: RTT:307854: ssthresh:2147483647: cwnd:10: delivered:1: lost:0: retrans:0
[  287.887262] AAAAA-TCP_RECV: name:enp0s8: saddr:100932208: daddr:16783984: srtt_us:2054192: RTT:256774: ssthresh:2147483647: cwnd:10: delivered:1: lost:0: retrans:0
[  287.887288] AAAAA-TCP_SEND: name:enp0s3: saddr:16783984: daddr:100932208: srtt_us:2054192: RTT:256774: ssthresh:2147483647: cwnd:10: delivered:1: lost:0: retrans:0
[  287.942824] AAAAA-TCP_RECV: name:enp0s3: saddr:100932208: daddr:16783984: srtt_us:2054192: RTT:256774: ssthresh:2147483647: cwnd:10: delivered:1: lost:0: retrans:0
[  287.942856] AAAAA-TCP_SEND: name:enp0s3: saddr:16783984: daddr:100932208: srtt_us:2054192: RTT:256774: ssthresh:2147483647: cwnd:10: delivered:1: lost:0: retrans:0
[  288.042410] AAAAA-TCP_RECV: name:enp0s8: saddr:100932208: daddr:16783984: srtt_us:2054192: RTT:256774: ssthresh:2147483647: cwnd:10: delivered:1: lost:0: retrans:0
[  288.042434] AAAAA-TCP_SEND: name:enp0s3: saddr:16783984: daddr:100932208: srtt_us:2054192: RTT:256774: ssthresh:2147483647: cwnd:10: delivered:1: lost:0: retrans:0
[  288.068970] AAAAA-TCP_RECV: name:enp0s3: saddr:100932208: daddr:33561200: srtt_us:2462832: RTT:307854: ssthresh:2147483647: cwnd:10: delivered:1: lost:0: retrans:0
[  288.069000] AAAAA-TCP_SEND: name:enp0s3: saddr:33561200: daddr:100932208: srtt_us:2462832: RTT:307854: ssthresh:2147483647: cwnd:10: delivered:1: lost:0: retrans:0
[  288.122443] AAAAA-TCP_RECV: name:enp0s8: saddr:100932208: daddr:33561200: srtt_us:2462832: RTT:307854: ssthresh:2147483647: cwnd:10: delivered:1: lost:0: retrans:0
[  288.122466] AAAAA-TCP_SEND: name:enp0s3: saddr:33561200: daddr:100932208: srtt_us:2462832: RTT:307854: ssthresh:2147483647: cwnd:10: delivered:1: lost:0: retrans:0
[  288.171247] AAAAA-TCP_RECV: name:enp0s3: saddr:100932208: daddr:16783984: srtt_us:2054192: RTT:256774: ssthresh:2147483647: cwnd:10: delivered:1: lost:0: retrans:0
[  288.171271] AAAAA-TCP_SEND: name:enp0s3: saddr:16783984: daddr:100932208: srtt_us:2054192: RTT:256774: ssthresh:2147483647: cwnd:10: delivered:1: lost:0: retrans:0
[  288.213356] AAAAA-TCP_RECV: name:enp0s8: saddr:100932208: daddr:16783984: srtt_us:2054192: RTT:256774: ssthresh:2147483647: cwnd:10: delivered:1: lost:0: retrans:0
[  288.213377] AAAAA-TCP_SEND: name:enp0s3: saddr:16783984: daddr:100932208: srtt_us:2054192: RTT:256774: ssthresh:2147483647: cwnd:10: delivered:1: lost:0: retrans:0
[  288.226690] AAAAA-TCP_RECV: name:enp0s3: saddr:100932208: daddr:33561200: srtt_us:2462832: RTT:307854: ssthresh:2147483647: cwnd:10: delivered:1: lost:0: retrans:0
[  288.226713] AAAAA-TCP_SEND: name:enp0s3: saddr:33561200: daddr:100932208: srtt_us:2462832: RTT:307854: ssthresh:2147483647: cwnd:10: delivered:1: lost:0: retrans:0
[  288.255826] AAAAA-TCP_RECV: name:enp0s8: saddr:100932208: daddr:16783984: srtt_us:2054192: RTT:256774: ssthresh:2147483647: cwnd:10: delivered:1: lost:0: retrans:0
[  288.255847] AAAAA-TCP_SEND: name:enp0s3: saddr:16783984: daddr:100932208: srtt_us:2054192: RTT:256774: ssthresh:2147483647: cwnd:10: delivered:1: lost:0: retrans:0
[  288.396416] AAAAA-TCP_RECV: name:enp0s3: saddr:100932208: daddr:16783984: srtt_us:2054192: RTT:256774: ssthresh:2147483647: cwnd:10: delivered:1: lost:0: retrans:0
[  288.396443] AAAAA-TCP_SEND: name:enp0s3: saddr:16783984: daddr:100932208: srtt_us:2054192: RTT:256774: ssthresh:2147483647: cwnd:10: delivered:1: lost:0: retrans:0
[  288.415043] AAAAA-TCP_RECV: name:enp0s8: saddr:100932208: daddr:16783984: srtt_us:2054192: RTT:256774: ssthresh:2147483647: cwnd:10: delivered:1: lost:0: retrans:0
[  288.415064] AAAAA-TCP_SEND: name:enp0s3: saddr:16783984: daddr:100932208: srtt_us:2054192: RTT:256774: ssthresh:2147483647: cwnd:10: delivered:1: lost:0: retrans:0
[  288.487486] AAAAA-TCP_RECV: name:enp0s8: saddr:100932208: daddr:33561200: srtt_us:2462832: RTT:307854: ssthresh:2147483647: cwnd:10: delivered:1: lost:0: retrans:0
[  288.487505] AAAAA-TCP_SEND: name:enp0s3: saddr:33561200: daddr:100932208: srtt_us:2462832: RTT:307854: ssthresh:2147483647: cwnd:10: delivered:1: lost:0: retrans:0
