[    0.000000] Linux version 5.4.243-mptcp (root@ztg) (gcc version 12.2.0 (Debian 12.2.0-14+deb12u1)) #53 SMP Wed Dec 24 23:28:15 CST 2025
[    0.000000] Command line: BOOT_IMAGE=/boot/vmlinuz-5.4.243-mptcp root=UUID=98415a12-53b7-4144-8265-0f7ece09e445 ro quiet splash
[    0.000000] KERNEL supported cpus:
[    0.000000]   Intel GenuineIntel
[    0.000000]   AMD AuthenticAMD
[    0.000000]   Hygon HygonGenuine
[    0.000000]   Centaur CentaurHauls
[    0.000000]   zhaoxin   Shanghai  
[    0.000000] x86/fpu: Supporting XSAVE feature 0x001: 'x87 floating point registers'
[    0.000000] x86/fpu: Supporting XSAVE feature 0x002: 'SSE registers'
[    0.000000] x86/fpu: Supporting XSAVE feature 0x004: 'AVX registers'
[    0.000000] x86/fpu: xstate_offset[2]:  576, xstate_sizes[2]:  256
[    0.000000] x86/fpu: Enabled xstate features 0x7, context size is 832 bytes, using 'standard' format.
[    0.000000] BIOS-provided physical RAM map:
[    0.000000] BIOS-e820: [mem 0x0000000000000000-0x000000000009fbff] usable
[    0.000000] BIOS-e820: [mem 0x000000000009fc00-0x000000000009ffff] reserved
[    0.000000] BIOS-e820: [mem 0x00000000000f0000-0x00000000000fffff] reserved
[    0.000000] BIOS-e820: [mem 0x0000000000100000-0x000000007ffeffff] usable
[    0.000000] BIOS-e820: [mem 0x000000007fff0000-0x000000007fffffff] ACPI data
[    0.000000] BIOS-e820: [mem 0x00000000fec00000-0x00000000fec00fff] reserved
[    0.000000] BIOS-e820: [mem 0x00000000fee00000-0x00000000fee00fff] reserved
[    0.000000] BIOS-e820: [mem 0x00000000fffc0000-0x00000000ffffffff] reserved
[    0.000000] NX (Execute Disable) protection: active
[    0.000000] SMBIOS 2.5 present.
[    0.000000] DMI: innotek GmbH VirtualBox/VirtualBox, BIOS VirtualBox 12/01/2006
[    0.000000] Hypervisor detected: KVM
[    0.000000] kvm-clock: Using msrs 4b564d01 and 4b564d00
[    0.000000] kvm-clock: cpu 0, msr 58a01001, primary cpu clock
[    0.000000] kvm-clock: using sched offset of 4471865952 cycles
[    0.000003] clocksource: kvm-clock: mask: 0xffffffffffffffff max_cycles: 0x1cd42e4dffb, max_idle_ns: 881590591483 ns
[    0.000006] tsc: Detected 2100.000 MHz processor
[    0.001861] e820: update [mem 0x00000000-0x00000fff] usable ==> reserved
[    0.001863] e820: remove [mem 0x000a0000-0x000fffff] usable
[    0.001867] last_pfn = 0x7fff0 max_arch_pfn = 0x400000000
[    0.001934] MTRR default type: uncachable
[    0.001935] MTRR fixed ranges enabled:
[    0.001936]   00000-9FFFF write-back
[    0.001937]   A0000-BFFFF uncachable
[    0.001938]   C0000-FFFFF write-protect
[    0.001938] MTRR variable ranges enabled:
[    0.001940]   0 base 000000000000 mask 3FFF80000000 write-back
[    0.001940]   1 disabled
[    0.001941]   2 disabled
[    0.001941]   3 disabled
[    0.001942]   4 disabled
[    0.001942]   5 disabled
[    0.001943]   6 disabled
[    0.001943]   7 disabled
[    0.001943]   8 disabled
[    0.001944]   9 disabled
[    0.001944]   10 disabled
[    0.001945]   11 disabled
[    0.001945]   12 disabled
[    0.001946]   13 disabled
[    0.001946]   14 disabled
[    0.001946]   15 disabled
[    0.001962] x86/PAT: Configuration [0-7]: WB  WC  UC- UC  WB  WP  UC- WT  
[    0.002095] found SMP MP-table at [mem 0x0009fff0-0x0009ffff]
[    0.090738] check: Scanning 1 areas for low memory corruption
[    0.090954] RAMDISK: [mem 0x32271000-0x3512ffff]
[    0.090962] ACPI: Early table checksum verification disabled
[    0.090968] ACPI: RSDP 0x00000000000E0000 000024 (v02 VBOX  )
[    0.090973] ACPI: XSDT 0x000000007FFF0030 00003C (v01 VBOX   VBOXXSDT 00000001 ASL  00000061)
[    0.090979] ACPI: FACP 0x000000007FFF00F0 0000F4 (v04 VBOX   VBOXFACP 00000001 ASL  00000061)
[    0.090986] ACPI: DSDT 0x000000007FFF02E0 002353 (v02 VBOX   VBOXBIOS 00000002 VBOX 00029BF3)
[    0.090990] ACPI: FACS 0x000000007FFF0200 000040
[    0.090994] ACPI: FACS 0x000000007FFF0200 000040
[    0.090997] ACPI: APIC 0x000000007FFF0240 000054 (v02 VBOX   VBOXAPIC 00000001 ASL  00000061)
[    0.091001] ACPI: SSDT 0x000000007FFF02A0 000038 (v01 VBOX   VBOXCPUT 00000002 VBOX 00029BF3)
[    0.091004] ACPI: Reserving FACP table memory at [mem 0x7fff00f0-0x7fff01e3]
[    0.091005] ACPI: Reserving DSDT table memory at [mem 0x7fff02e0-0x7fff2632]
[    0.091005] ACPI: Reserving FACS table memory at [mem 0x7fff0200-0x7fff023f]
[    0.091006] ACPI: Reserving FACS table memory at [mem 0x7fff0200-0x7fff023f]
[    0.091007] ACPI: Reserving APIC table memory at [mem 0x7fff0240-0x7fff0293]
[    0.091008] ACPI: Reserving SSDT table memory at [mem 0x7fff02a0-0x7fff02d7]
[    0.091023] ACPI: Local APIC address 0xfee00000
[    0.091210] No NUMA configuration found
[    0.091211] Faking a node at [mem 0x0000000000000000-0x000000007ffeffff]
[    0.091221] NODE_DATA(0) allocated [mem 0x7ffc5000-0x7ffeffff]
[    0.091482] Zone ranges:
[    0.091483]   DMA      [mem 0x0000000000001000-0x0000000000ffffff]
[    0.091484]   DMA32    [mem 0x0000000001000000-0x000000007ffeffff]
[    0.091485]   Normal   empty
[    0.091486]   Device   empty
[    0.091486] Movable zone start for each node
[    0.091488] Early memory node ranges
[    0.091489]   node   0: [mem 0x0000000000001000-0x000000000009efff]
[    0.091490]   node   0: [mem 0x0000000000100000-0x000000007ffeffff]
[    0.091493] Zeroed struct page in unavailable ranges: 114 pages
[    0.091494] Initmem setup node 0 [mem 0x0000000000001000-0x000000007ffeffff]
[    0.091495] On node 0 totalpages: 524174
[    0.091496]   DMA zone: 64 pages used for memmap
[    0.091497]   DMA zone: 21 pages reserved
[    0.091498]   DMA zone: 3998 pages, LIFO batch:0
[    0.091569]   DMA32 zone: 8128 pages used for memmap
[    0.091569]   DMA32 zone: 520176 pages, LIFO batch:63
[    0.100489] ACPI: PM-Timer IO Port: 0x4008
[    0.100493] ACPI: Local APIC address 0xfee00000
[    0.100562] IOAPIC[0]: apic_id 1, version 32, address 0xfec00000, GSI 0-23
[    0.100565] ACPI: INT_SRC_OVR (bus 0 bus_irq 0 global_irq 2 dfl dfl)
[    0.100567] ACPI: INT_SRC_OVR (bus 0 bus_irq 9 global_irq 9 low level)
[    0.100569] ACPI: IRQ0 used by override.
[    0.100570] ACPI: IRQ9 used by override.
[    0.100572] Using ACPI (MADT) for SMP configuration information
[    0.100579] smpboot: Allowing 1 CPUs, 0 hotplug CPUs
[    0.100602] PM: Registered nosave memory: [mem 0x00000000-0x00000fff]
[    0.100603] PM: Registered nosave memory: [mem 0x0009f000-0x0009ffff]
[    0.100604] PM: Registered nosave memory: [mem 0x000a0000-0x000effff]
[    0.100604] PM: Registered nosave memory: [mem 0x000f0000-0x000fffff]
[    0.100606] [mem 0x80000000-0xfebfffff] available for PCI devices
[    0.100607] Booting paravirtualized kernel on KVM
[    0.100610] clocksource: refined-jiffies: mask: 0xffffffff max_cycles: 0xffffffff, max_idle_ns: 7645519600211568 ns
[    0.100615] setup_percpu: NR_CPUS:8192 nr_cpumask_bits:1 nr_cpu_ids:1 nr_node_ids:1
[    0.101622] percpu: Embedded 60 pages/cpu s208896 r8192 d28672 u2097152
[    0.101627] pcpu-alloc: s208896 r8192 d28672 u2097152 alloc=1*2097152
[    0.101628] pcpu-alloc: [0] 0 
[    0.101655] Built 1 zonelists, mobility grouping on.  Total pages: 515961
[    0.101656] Policy zone: DMA32
[    0.101657] Kernel command line: BOOT_IMAGE=/boot/vmlinuz-5.4.243-mptcp root=UUID=98415a12-53b7-4144-8265-0f7ece09e445 ro quiet splash
[    0.102492] Dentry cache hash table entries: 262144 (order: 9, 2097152 bytes, linear)
[    0.102639] Inode-cache hash table entries: 131072 (order: 8, 1048576 bytes, linear)
[    0.102690] mem auto-init: stack:off, heap alloc:on, heap free:off
[    0.102693] Calgary: detecting Calgary via BIOS EBDA area
[    0.102694] Calgary: Unable to locate Rio Grande table in EBDA - bailing!
[    0.106801] Memory: 1967332K/2096696K available (14339K kernel code, 2398K rwdata, 4712K rodata, 2728K init, 17260K bss, 129364K reserved, 0K cma-reserved)
[    0.107712] SLUB: HWalign=64, Order=0-3, MinObjects=0, CPUs=1, Nodes=1
[    0.107728] ftrace: allocating 43186 entries in 169 pages
[    0.125780] rcu: Hierarchical RCU implementation.
[    0.125781] rcu: 	RCU restricting CPUs from NR_CPUS=8192 to nr_cpu_ids=1.
[    0.125782] 	Tasks RCU enabled.
[    0.125784] rcu: RCU calculated value of scheduler-enlistment delay is 25 jiffies.
[    0.125784] rcu: Adjusting geometry for rcu_fanout_leaf=16, nr_cpu_ids=1
[    0.128752] NR_IRQS: 524544, nr_irqs: 256, preallocated irqs: 16
[    0.128967] random: crng init done
[    0.138269] Console: colour VGA+ 80x25
[    0.138274] printk: console [tty0] enabled
[    0.138295] ACPI: Core revision 20190816
[    0.138390] APIC: Switch to symmetric I/O mode setup
[    0.138643] x2apic enabled
[    0.138886] Switched APIC routing to physical x2apic.
[    0.140017] ..TIMER: vector=0x30 apic1=0 pin1=2 apic2=-1 pin2=-1
[    0.140045] clocksource: tsc-early: mask: 0xffffffffffffffff max_cycles: 0x1e4530a99b6, max_idle_ns: 440795257976 ns
[    0.140052] Calibrating delay loop (skipped) preset value.. 4200.00 BogoMIPS (lpj=8400000)
[    0.140055] pid_max: default: 32768 minimum: 301
[    0.140085] LSM: Security Framework initializing
[    0.140095] Yama: becoming mindful.
[    0.140123] AppArmor: AppArmor initialized
[    0.140157] Mount-cache hash table entries: 4096 (order: 3, 32768 bytes, linear)
[    0.140161] Mountpoint-cache hash table entries: 4096 (order: 3, 32768 bytes, linear)
[    0.140172] *** VALIDATE tmpfs ***
[    0.140304] *** VALIDATE proc ***
[    0.140346] *** VALIDATE cgroup1 ***
[    0.140347] *** VALIDATE cgroup2 ***
[    0.140487] process: using mwait in idle threads
[    0.140492] Last level iTLB entries: 4KB 64, 2MB 8, 4MB 8
[    0.140493] Last level dTLB entries: 4KB 64, 2MB 0, 4MB 0, 1GB 4
[    0.140523] Spectre V1 : Mitigation: usercopy/swapgs barriers and __user pointer sanitization
[    0.140535] Spectre V2 : Mitigation: Retpolines
[    0.140536] Spectre V2 : Spectre v2 / SpectreRSB mitigation: Filling RSB on context switch
[    0.140536] Spectre V2 : Spectre v2 / SpectreRSB : Filling RSB on VMEXIT
[    0.140537] RETBleed: WARNING: Spectre v2 mitigation leaves CPU vulnerable to RETBleed attacks, data leaks possible!
[    0.140890] RETBleed: Vulnerable
[    0.140890] Speculative Store Bypass: Vulnerable
[    0.140895] TAA: Mitigation: TSX disabled
[    0.140896] MMIO Stale Data: Mitigation: Clear CPU buffers
[    0.145144] Freeing SMP alternatives memory: 40K
[    0.257513] smpboot: CPU0: Intel(R) Xeon(R) Silver 4216 CPU @ 2.10GHz (family: 0x6, model: 0x55, stepping: 0x7)
[    0.257644] Performance Events: unsupported p6 CPU model 85 no PMU driver, software events only.
[    0.257682] rcu: Hierarchical SRCU implementation.
[    0.258181] NMI watchdog: Perf NMI watchdog permanently disabled
[    0.258225] smp: Bringing up secondary CPUs ...
[    0.258226] smp: Brought up 1 node, 1 CPU
[    0.258227] smpboot: Max logical packages: 1
[    0.258228] smpboot: Total of 1 processors activated (4200.00 BogoMIPS)
[    0.259216] devtmpfs: initialized
[    0.259263] x86/mm: Memory block size: 128MB
[    0.259615] clocksource: jiffies: mask: 0xffffffff max_cycles: 0xffffffff, max_idle_ns: 7645041785100000 ns
[    0.259621] futex hash table entries: 256 (order: 2, 16384 bytes, linear)
[    0.259663] pinctrl core: initialized pinctrl subsystem
[    0.259765] PM: RTC time: 11:00:33, date: 2026-01-17
[    0.259872] NET: Registered protocol family 16
[    0.259945] audit: initializing netlink subsys (disabled)
[    0.260047] EISA bus registered
[    0.260047] cpuidle: using governor ladder
[    0.260047] cpuidle: using governor menu
[    0.260047] ACPI: bus type PCI registered
[    0.260047] acpiphp: ACPI Hot Plug PCI Controller Driver version: 0.5
[    0.260047] PCI: Using configuration type 1 for base access
[    0.260485] audit: type=2000 audit(1768618839.402:1): state=initialized audit_enabled=0 res=1
[    0.260579] HugeTLB registered 2.00 MiB page size, pre-allocated 0 pages
[    0.261422] ACPI: Added _OSI(Module Device)
[    0.261423] ACPI: Added _OSI(Processor Device)
[    0.261424] ACPI: Added _OSI(3.0 _SCP Extensions)
[    0.261424] ACPI: Added _OSI(Processor Aggregator Device)
[    0.261425] ACPI: Added _OSI(Linux-Dell-Video)
[    0.261426] ACPI: Added _OSI(Linux-Lenovo-NV-HDMI-Audio)
[    0.261427] ACPI: Added _OSI(Linux-HPI-Hybrid-Graphics)
[    0.263388] ACPI: 2 ACPI AML tables successfully acquired and loaded
[    0.264896] ACPI: Interpreter enabled
[    0.264906] ACPI: (supports S0 S5)
[    0.264907] ACPI: Using IOAPIC for interrupt routing
[    0.265111] PCI: Using host bridge windows from ACPI; if necessary, use "pci=nocrs" and report a bug
[    0.265216] ACPI: Enabled 2 GPEs in block 00 to 07
[    0.270021] ACPI: PCI Root Bridge [PCI0] (domain 0000 [bus 00-ff])
[    0.270027] acpi PNP0A03:00: _OSC: OS supports [ASPM ClockPM Segments MSI HPX-Type3]
[    0.270470] acpi PNP0A03:00: _OSC: not requesting OS control; OS requires [ExtendedConfig ASPM ClockPM MSI]
[    0.270478] acpi PNP0A03:00: fail to add MMCONFIG information, can't access extended PCI configuration space under this bridge.
[    0.270878] PCI host bridge to bus 0000:00
[    0.270880] pci_bus 0000:00: root bus resource [io  0x0000-0x0cf7 window]
[    0.270881] pci_bus 0000:00: root bus resource [io  0x0d00-0xffff window]
[    0.270883] pci_bus 0000:00: root bus resource [mem 0x000a0000-0x000bffff window]
[    0.270884] pci_bus 0000:00: root bus resource [mem 0x80000000-0xfdffffff window]
[    0.270885] pci_bus 0000:00: root bus resource [bus 00-ff]
[    0.270946] pci 0000:00:00.0: [8086:1237] type 00 class 0x060000
[    0.272047] pci 0000:00:01.0: [8086:7000] type 00 class 0x060100
[    0.272047] pci 0000:00:01.1: [8086:7111] type 00 class 0x01018a
[    0.272308] pci 0000:00:01.1: reg 0x20: [io  0xd000-0xd00f]
[    0.272460] pci 0000:00:01.1: legacy IDE quirk: reg 0x10: [io  0x01f0-0x01f7]
[    0.272461] pci 0000:00:01.1: legacy IDE quirk: reg 0x14: [io  0x03f6]
[    0.272462] pci 0000:00:01.1: legacy IDE quirk: reg 0x18: [io  0x0170-0x0177]
[    0.272463] pci 0000:00:01.1: legacy IDE quirk: reg 0x1c: [io  0x0376]
[    0.273039] pci 0000:00:02.0: [15ad:0405] type 00 class 0x030000
[    0.279107] pci 0000:00:02.0: reg 0x10: [io  0xd010-0xd01f]
[    0.281869] pci 0000:00:02.0: reg 0x14: [mem 0xe0000000-0xe7ffffff pref]
[    0.284093] pci 0000:00:02.0: reg 0x18: [mem 0xf0000000-0xf01fffff]
[    0.295324] pci 0000:00:03.0: [1022:2000] type 00 class 0x020000
[    0.296193] pci 0000:00:03.0: reg 0x10: [io  0xd020-0xd03f]
[    0.296879] pci 0000:00:03.0: reg 0x14: [mem 0xf0200000-0xf0200fff]
[    0.300511] pci 0000:00:04.0: [80ee:cafe] type 00 class 0x088000
[    0.301186] pci 0000:00:04.0: reg 0x10: [io  0xd040-0xd05f]
[    0.301796] pci 0000:00:04.0: reg 0x14: [mem 0xf0400000-0xf07fffff]
[    0.302405] pci 0000:00:04.0: reg 0x18: [mem 0xf0800000-0xf0803fff pref]
[    0.305995] pci 0000:00:07.0: [8086:7113] type 00 class 0x068000
[    0.306542] pci 0000:00:07.0: quirk: [io  0x4000-0x403f] claimed by PIIX4 ACPI
[    0.306552] pci 0000:00:07.0: quirk: [io  0x4100-0x410f] claimed by PIIX4 SMB
[    0.307155] pci 0000:00:08.0: [8086:100e] type 00 class 0x020000
[    0.307856] pci 0000:00:08.0: reg 0x10: [mem 0xf0820000-0xf083ffff]
[    0.308723] pci 0000:00:08.0: reg 0x18: [io  0xd060-0xd067]
[    0.312617] pci 0000:00:09.0: [8086:100e] type 00 class 0x020000
[    0.313319] pci 0000:00:09.0: reg 0x10: [mem 0xf0840000-0xf085ffff]
[    0.314472] pci 0000:00:09.0: reg 0x18: [io  0xd068-0xd06f]
[    0.324951] ACPI: PCI Interrupt Link [LNKA] (IRQs 5 9 10 *11)
[    0.325236] ACPI: PCI Interrupt Link [LNKB] (IRQs 5 9 *10 11)
[    0.325336] ACPI: PCI Interrupt Link [LNKC] (IRQs 5 *9 10 11)
[    0.325440] ACPI: PCI Interrupt Link [LNKD] (IRQs 5 9 10 *11)
[    0.325703] iommu: Default domain type: Translated 
[    0.325765] pci 0000:00:02.0: vgaarb: setting as boot VGA device
[    0.325767] pci 0000:00:02.0: vgaarb: VGA device added: decodes=io+mem,owns=io+mem,locks=none
[    0.325769] pci 0000:00:02.0: vgaarb: bridge control possible
[    0.325769] vgaarb: loaded
[    0.325985] SCSI subsystem initialized
[    0.326020] libata version 3.00 loaded.
[    0.326043] ACPI: bus type USB registered
[    0.326059] usbcore: registered new interface driver usbfs
[    0.326065] usbcore: registered new interface driver hub
[    0.326070] usbcore: registered new device driver usb
[    0.326098] pps_core: LinuxPPS API ver. 1 registered
[    0.326099] pps_core: Software ver. 5.3.6 - Copyright 2005-2007 Rodolfo Giometti <giometti@linux.it>
[    0.326101] PTP clock support registered
[    0.326135] EDAC MC: Ver: 3.0.0
[    0.326417] PCI: Using ACPI for IRQ routing
[    0.326430] PCI: pci_cache_line_size set to 64 bytes
[    0.326597] e820: reserve RAM buffer [mem 0x0009fc00-0x0009ffff]
[    0.326601] e820: reserve RAM buffer [mem 0x7fff0000-0x7fffffff]
[    0.327391] NetLabel: Initializing
[    0.327391] NetLabel:  domain hash size = 128
[    0.327392] NetLabel:  protocols = UNLABELED CIPSOv4 CALIPSO
[    0.327412] NetLabel:  unlabeled traffic allowed by default
[    0.328909] clocksource: Switched to clocksource kvm-clock
[    0.339167] *** VALIDATE bpf ***
[    0.339167] VFS: Disk quotas dquot_6.6.0
[    0.339167] VFS: Dquot-cache hash table entries: 512 (order 0, 4096 bytes)
[    0.339167] *** VALIDATE ramfs ***
[    0.339167] *** VALIDATE hugetlbfs ***
[    0.339167] AppArmor: AppArmor Filesystem Enabled
[    0.339167] pnp: PnP ACPI init
[    0.339167] pnp 00:00: Plug and Play ACPI device, IDs PNP0303 (active)
[    0.342990] pnp 00:01: Plug and Play ACPI device, IDs PNP0f03 (active)
[    0.343777] pnp: PnP ACPI: found 2 devices
[    0.344747] thermal_sys: Registered thermal governor 'fair_share'
[    0.344748] thermal_sys: Registered thermal governor 'bang_bang'
[    0.344749] thermal_sys: Registered thermal governor 'step_wise'
[    0.344749] thermal_sys: Registered thermal governor 'user_space'
[    0.344750] thermal_sys: Registered thermal governor 'power_allocator'
[    0.349280] clocksource: acpi_pm: mask: 0xffffff max_cycles: 0xffffff, max_idle_ns: 2085701024 ns
[    0.349322] pci_bus 0000:00: resource 4 [io  0x0000-0x0cf7 window]
[    0.349323] pci_bus 0000:00: resource 5 [io  0x0d00-0xffff window]
[    0.349325] pci_bus 0000:00: resource 6 [mem 0x000a0000-0x000bffff window]
[    0.349326] pci_bus 0000:00: resource 7 [mem 0x80000000-0xfdffffff window]
[    0.349387] NET: Registered protocol family 2
[    0.349463] IP idents hash table entries: 32768 (order: 6, 262144 bytes, linear)
[    0.349872] MPTCP tokens hash table entries: 8192 (order: 4, 65536 bytes, linear)
[    0.349892] MPTCP request tokens hash table entries: 8192 (order: 4, 65536 bytes, linear)
[    0.349918] default registered
[    0.349918] default registered
[    0.349919] MPTCP: Stable release v0.96
[    0.349924] tcp_listen_portaddr_hash hash table entries: 1024 (order: 2, 16384 bytes, linear)
[    0.350004] TCP established hash table entries: 16384 (order: 5, 131072 bytes, linear)
[    0.350071] TCP bind hash table entries: 16384 (order: 6, 262144 bytes, linear)
[    0.350097] TCP: Hash tables configured (established 16384 bind 16384)
[    0.350813] UDP hash table entries: 1024 (order: 3, 32768 bytes, linear)
[    0.350825] UDP-Lite hash table entries: 1024 (order: 3, 32768 bytes, linear)
[    0.350860] NET: Registered protocol family 1
[    0.350869] NET: Registered protocol family 44
[    0.350891] pci 0000:00:00.0: Limiting direct PCI/PCI transfers
[    0.350903] pci 0000:00:01.0: Activating ISA DMA hang workarounds
[    0.350959] pci 0000:00:02.0: Video device with shadowed ROM at [mem 0x000c0000-0x000dffff]
[    0.351021] PCI: CLS 0 bytes, default 64
[    0.351071] Trying to unpack rootfs image as initramfs...
[    0.527633] Freeing initrd memory: 47868K
[    0.527633] clocksource: tsc: mask: 0xffffffffffffffff max_cycles: 0x1e4530a99b6, max_idle_ns: 440795257976 ns
[    0.527633] clocksource: Switched to clocksource tsc
[    0.527633] platform rtc_cmos: registered platform RTC device (no PNP device found)
[    0.527633] check: Scanning for low memory corruption every 60 seconds
[    0.527633] Initialise system trusted keyrings
[    0.527633] Key type blacklist registered
[    0.527633] workingset: timestamp_bits=36 max_order=19 bucket_order=0
[    0.527633] zbud: loaded
[    0.527633] squashfs: version 4.0 (2009/01/31) Phillip Lougher
[    0.527633] fuse: init (API version 7.31)
[    0.527633] *** VALIDATE fuse ***
[    0.527633] *** VALIDATE fuse ***
[    0.527633] Platform Keyring initialized
[    0.527633] Key type asymmetric registered
[    0.527633] Asymmetric key parser 'x509' registered
[    0.527633] Block layer SCSI generic (bsg) driver version 0.4 loaded (major 244)
[    0.527633] io scheduler mq-deadline registered
[    0.527633] shpchp: Standard Hot Plug PCI Controller Driver version: 0.4
[    0.539475] ACPI: AC Adapter [AC] (on-line)
[    0.539524] input: Power Button as /devices/LNXSYSTM:00/LNXPWRBN:00/input/input0
[    0.539552] ACPI: Power Button [PWRF]
[    0.539633] input: Sleep Button as /devices/LNXSYSTM:00/LNXSLPBN:00/input/input1
[    0.539649] ACPI: Sleep Button [SLPF]
[    0.539872] Serial: 8250/16550 driver, 32 ports, IRQ sharing enabled
[    0.541045] Linux agpgart interface v0.103
[    0.631130] loop: module loaded
[    0.631283] ata_piix 0000:00:01.1: version 2.13
[    0.631690] scsi host0: ata_piix
[    0.631782] scsi host1: ata_piix
[    0.631808] ata1: PATA max UDMA/33 cmd 0x1f0 ctl 0x3f6 bmdma 0xd000 irq 14
[    0.631809] ata2: PATA max UDMA/33 cmd 0x170 ctl 0x376 bmdma 0xd008 irq 15
[    0.631893] tun: Universal TUN/TAP device driver, 1.6
[    0.632195] PPP generic driver version 2.4.2
[    0.632237] VFIO - User Level meta-driver version: 0.3
[    0.632473] ehci_hcd: USB 2.0 'Enhanced' Host Controller (EHCI) Driver
[    0.632477] ehci-pci: EHCI PCI platform driver
[    0.632493] ehci-platform: EHCI generic platform driver
[    0.632499] ohci_hcd: USB 1.1 'Open' Host Controller (OHCI) Driver
[    0.632500] ohci-pci: OHCI PCI platform driver
[    0.632507] ohci-platform: OHCI generic platform driver
[    0.632511] uhci_hcd: USB Universal Host Controller Interface driver
[    0.632577] i8042: PNP: PS/2 Controller [PNP0303:PS2K,PNP0f03:PS2M] at 0x60,0x64 irq 1,12
[    0.633014] serio: i8042 KBD port at 0x60,0x64 irq 1
[    0.633018] serio: i8042 AUX port at 0x60,0x64 irq 12
[    0.633104] mousedev: PS/2 mouse device common for all mice
[    0.633354] input: AT Translated Set 2 keyboard as /devices/platform/i8042/serio0/input/input2
[    0.633749] rtc_cmos rtc_cmos: registered as rtc0
[    0.633762] rtc_cmos rtc_cmos: alarms up to one day, 114 bytes nvram
[    0.633768] i2c /dev entries driver
[    0.633812] device-mapper: uevent: version 1.0.3
[    0.633854] device-mapper: ioctl: 4.41.0-ioctl (2019-09-16) initialised: dm-devel@redhat.com
[    0.633870] platform eisa.0: Probing EISA bus 0
[    0.633871] platform eisa.0: EISA: Cannot allocate resource for mainboard
[    0.633872] platform eisa.0: Cannot allocate resource for EISA slot 1
[    0.633873] platform eisa.0: Cannot allocate resource for EISA slot 2
[    0.633874] platform eisa.0: Cannot allocate resource for EISA slot 3
[    0.633875] platform eisa.0: Cannot allocate resource for EISA slot 4
[    0.633876] platform eisa.0: Cannot allocate resource for EISA slot 5
[    0.633877] platform eisa.0: Cannot allocate resource for EISA slot 6
[    0.633878] platform eisa.0: Cannot allocate resource for EISA slot 7
[    0.633879] platform eisa.0: Cannot allocate resource for EISA slot 8
[    0.633880] platform eisa.0: EISA: Detected 0 cards
[    0.633883] intel_pstate: CPU model not supported
[    0.633893] ledtrig-cpu: registered to indicate activity on CPUs
[    0.633945] drop_monitor: Initializing network drop monitor service
[    0.634105] NET: Registered protocol family 10
[    0.639244] Segment Routing with IPv6
[    0.639257] fullmesh registered
[    0.639257] ndiffports registered
[    0.639257] binder registered
[    0.639257] roundrobin registered
[    0.639257] redundant registered
[    0.639257] blest registered
[    0.639257] ecf registered
[    0.639257] NET: Registered protocol family 17
[    0.639257] Key type dns_resolver registered
[    0.639257] RAS: Correctable Errors collector initialized.
[    0.639257] IPI shorthand broadcast: enabled
[    0.639257] sched_clock: Marking stable (624166844, 11091055)->(635838111, -580212)
[    0.639493] registered taskstats version 1
[    0.639501] Loading compiled-in X.509 certificates
[    0.640085] Loaded X.509 cert 'Build time autogenerated kernel key: 6909f3744cebb3d0de528d5887b96a727de79b1e'
[    0.640104] zswap: loaded using pool lzo/zbud
[    0.640157] Key type ._fscrypt registered
[    0.640158] Key type .fscrypt registered
[    0.644595] Key type big_key registered
[    0.646781] Key type encrypted registered
[    0.646783] AppArmor: AppArmor sha1 policy hashing enabled
[    0.646790] ima: No TPM chip found, activating TPM-bypass!
[    0.646794] ima: Allocated hash algorithm: sha1
[    0.646799] ima: No architecture policies found
[    0.646809] evm: Initialising EVM extended attributes:
[    0.646810] evm: security.selinux
[    0.646810] evm: security.SMACK64
[    0.646811] evm: security.SMACK64EXEC
[    0.646811] evm: security.SMACK64TRANSMUTE
[    0.646812] evm: security.SMACK64MMAP
[    0.646812] evm: security.apparmor
[    0.646812] evm: security.ima
[    0.646813] evm: security.capability
[    0.646813] evm: HMAC attrs: 0x1
[    0.647110] PM:   Magic number: 10:373:24
[    0.647113] misc cpu_dma_latency: hash matches
[    0.647236] rtc_cmos rtc_cmos: setting system clock to 2026-01-17T11:00:34 UTC (1768647634)
[    0.804327] ata1.00: ATA-6: VBOX HARDDISK, 1.0, max UDMA/133
[    0.804331] ata1.00: 209715200 sectors, multi 128: LBA 
[    0.805000] scsi 0:0:0:0: Direct-Access     ATA      VBOX HARDDISK    1.0  PQ: 0 ANSI: 5
[    0.805294] sd 0:0:0:0: [sda] 209715200 512-byte logical blocks: (107 GB/100 GiB)
[    0.805307] sd 0:0:0:0: [sda] Write Protect is off
[    0.805310] sd 0:0:0:0: [sda] Mode Sense: 00 3a 00 00
[    0.805331] sd 0:0:0:0: [sda] Write cache: enabled, read cache: enabled, doesn't support DPO or FUA
[    0.805652] sd 0:0:0:0: Attached scsi generic sg0 type 0
[    0.807506]  sda: sda1 sda2
[    0.819307] sd 0:0:0:0: [sda] Attached SCSI disk
[    0.822669] Freeing unused decrypted memory: 2040K
[    0.823643] Freeing unused kernel image memory: 2728K
[    0.823646] Write protecting the kernel read-only data: 22528k
[    0.824672] Freeing unused kernel image memory: 2036K
[    0.825238] Freeing unused kernel image memory: 1432K
[    0.852123] x86/mm: Checked W+X mappings: passed, no W+X pages found.
[    0.852129] Run /init as init process
[    0.958373] ACPI: Video Device [GFX0] (multi-head: yes  rom: no  post: no)
[    0.958445] input: Video Bus as /devices/LNXSYSTM:00/LNXSYBUS:00/PNP0A03:00/LNXVIDEO:00/input/input4
[    0.971679] pcnet32: pcnet32.c:v1.35 21.Apr.2008 tsbogend@alpha.franken.de
[    0.973195] piix4_smbus 0000:00:07.0: SMBus Host Controller at 0x4100, revision 0
[    0.975699] e1000: Intel(R) PRO/1000 Network Driver - version 7.3.21-k8-NAPI
[    0.975700] e1000: Copyright (c) 1999-2006 Intel Corporation.
[    0.986490] pcnet32: PCnet/FAST III 79C973 at 0xd020, 08:00:27:56:0c:61 assigned IRQ 19
[    0.986534] pcnet32: Found PHY 0022:561b at address 0
[    0.986834] pcnet32: eth0: registered as PCnet/FAST III 79C973
[    0.991997] pcnet32: 1 cards_found
[    1.051620] pcnet32 0000:00:03.0 enp0s3: renamed from eth0
[    1.191309] input: ImExPS/2 Generic Explorer Mouse as /devices/platform/i8042/serio1/input/input5
[    1.383384] e1000 0000:00:08.0 eth0: (PCI:33MHz:32-bit) 08:00:27:a1:57:5c
[    1.383389] e1000 0000:00:08.0 eth0: Intel(R) PRO/1000 Network Connection
[    1.755491] e1000 0000:00:09.0 eth1: (PCI:33MHz:32-bit) 08:00:27:91:96:b7
[    1.755494] e1000 0000:00:09.0 eth1: Intel(R) PRO/1000 Network Connection
[    1.756575] e1000 0000:00:09.0 enp0s9: renamed from eth1
[    1.758362] e1000 0000:00:08.0 enp0s8: renamed from eth0
[    1.909401] EXT4-fs (sda2): mounted filesystem with ordered data mode. Opts: (null)
[    1.993495] systemd[1]: Inserted module 'autofs4'
[    2.003924] systemd[1]: systemd 245.4-4ubuntu3 running in system mode. (+PAM +AUDIT +SELINUX +IMA +APPARMOR +SMACK +SYSVINIT +UTMP +LIBCRYPTSETUP +GCRYPT +GNUTLS +ACL +XZ +LZ4 +SECCOMP +BLKID +ELFUTILS +KMOD +IDN2 -IDN +PCRE2 default-hierarchy=hybrid)
[    2.003956] systemd[1]: Detected virtualization oracle.
[    2.003959] systemd[1]: Detected architecture x86-64.
[    2.005244] systemd[1]: Set hostname to <ztg>.
[    2.128480] systemd[1]: /lib/systemd/system/dbus.socket:5: ListenStream= references a path below legacy directory /var/run/, updating /var/run/dbus/system_bus_socket â†’ /run/dbus/system_bus_socket; please update the unit file accordingly.
[    2.180286] systemd[1]: Created slice system-modprobe.slice.
[    2.180471] systemd[1]: Created slice User and Session Slice.
[    2.180514] systemd[1]: Started Forward Password Requests to Wall Directory Watch.
[    2.180677] systemd[1]: Set up automount Arbitrary Executable File Formats File System Automount Point.
[    2.180708] systemd[1]: Reached target User and Group Name Lookups.
[    2.180717] systemd[1]: Reached target Remote File Systems.
[    2.180726] systemd[1]: Reached target Slices.
[    2.181431] systemd[1]: Listening on Syslog Socket.
[    2.181501] systemd[1]: Listening on fsck to fsckd communication Socket.
[    2.181539] systemd[1]: Listening on initctl Compatibility Named Pipe.
[    2.181674] systemd[1]: Listening on Journal Audit Socket.
[    2.181728] systemd[1]: Listening on Journal Socket (/dev/log).
[    2.181794] systemd[1]: Listening on Journal Socket.
[    2.181857] systemd[1]: Listening on udev Control Socket.
[    2.181899] systemd[1]: Listening on udev Kernel Socket.
[    2.182667] systemd[1]: Mounting Huge Pages File System...
[    2.183651] systemd[1]: Mounting POSIX Message Queue File System...
[    2.184538] systemd[1]: Mounting Kernel Debug File System...
[    2.185396] systemd[1]: Mounting Kernel Trace File System...
[    2.187331] systemd[1]: Starting Journal Service...
[    2.209464] systemd[1]: Starting Set the console keyboard layout...
[    2.217500] systemd[1]: Starting Create list of static device nodes for the current kernel...
[    2.219433] systemd[1]: Starting Load Kernel Module drm...
[    2.220378] systemd[1]: Condition check resulted in Set Up Additional Binary Formats being skipped.
[    2.220456] systemd[1]: Condition check resulted in File System Check on Root Device being skipped.
[    2.231816] systemd[1]: Starting Load Kernel Modules...
[    2.233111] systemd[1]: Starting Remount Root and Kernel File Systems...
[    2.246058] systemd[1]: Starting udev Coldplug all Devices...
[    2.260330] systemd[1]: Starting Uncomplicated firewall...
[    2.261966] systemd[1]: Mounted Huge Pages File System.
[    2.262057] systemd[1]: Mounted POSIX Message Queue File System.
[    2.262142] systemd[1]: Mounted Kernel Debug File System.
[    2.262216] systemd[1]: Mounted Kernel Trace File System.
[    2.263517] EXT4-fs (sda2): re-mounted. Opts: errors=remount-ro
[    2.300809] systemd[1]: Finished Create list of static device nodes for the current kernel.
[    2.301788] systemd[1]: modprobe@drm.service: Succeeded.
[    2.309748] systemd[1]: Finished Load Kernel Module drm.
[    2.310200] systemd[1]: Finished Remount Root and Kernel File Systems.
[    2.321528] systemd[1]: Finished Uncomplicated firewall.
[    2.323163] lp: driver loaded but no devices found
[    2.325113] systemd[1]: Condition check resulted in Rebuild Hardware Database being skipped.
[    2.325151] systemd[1]: Condition check resulted in Platform Persistent Storage Archival being skipped.
[    2.325912] systemd[1]: Starting Load/Save Random Seed...
[    2.331089] systemd[1]: Starting Create System Users...
[    2.341346] systemd[1]: Finished Load/Save Random Seed.
[    2.342359] ppdev: user-space parallel port driver
[    2.352383] systemd[1]: Finished Create System Users.
[    2.353173] systemd[1]: Starting Create Static Device Nodes in /dev...
[    2.388030] systemd[1]: Finished Create Static Device Nodes in /dev.
[    2.388992] systemd[1]: Starting udev Kernel Device Manager...
[    2.431380] systemd[1]: Finished udev Coldplug all Devices.
[    2.437018] [drm] DMA map mode: Caching DMA mappings.
[    2.437083] [drm] Capabilities:
[    2.437083] [drm]   Rect copy.
[    2.437084] [drm]   Cursor.
[    2.437084] [drm]   Cursor bypass.
[    2.437084] [drm]   Cursor bypass 2.
[    2.437085] [drm]   Alpha cursor.
[    2.437085] [drm]   Extended Fifo.
[    2.437085] [drm]   Pitchlock.
[    2.437086] [drm]   Irq mask.
[    2.437086] [drm]   GMR.
[    2.437086] [drm]   Traces.
[    2.437087] [drm]   GMR2.
[    2.437087] [drm]   Screen Object 2.
[    2.437088] [drm]   Command Buffers.
[    2.437088] [drm]   Command Buffers 2.
[    2.437088] [drm]   Guest Backed Resources.
[    2.437090] [drm] Max GMR ids is 8192
[    2.437090] [drm] Max number of GMR pages is 1048576
[    2.437091] [drm] Max dedicated hypervisor surface memory is 393216 kiB
[    2.437091] [drm] Maximum display memory size is 131072 kiB
[    2.437092] [drm] VRAM at 0xe0000000 size is 131072 kiB
[    2.437093] [drm] MMIO at 0xf0000000 size is 2048 kiB
[    2.437772] [TTM] Zone  kernel: Available graphics memory: 1011738 KiB
[    2.437772] [TTM] Initializing pool allocator
[    2.437776] [TTM] Initializing DMA pool allocator
[    2.437924] [drm] Supports vblank timestamp caching Rev 2 (21.10.2013).
[    2.437925] [drm] No driver support for vblank timestamp query.
[    2.438304] [drm] Screen Target Display device initialized
[    2.438695] [drm] width 720
[    2.438703] [drm] height 400
[    2.438706] [drm] bpp 32
[    2.439282] [drm] Fifo max 0x00200000 min 0x00001000 cap 0x00000355
[    2.441758] [drm] Using command buffers with DMA pool.
[    2.441762] [drm] DX: no.
[    2.441763] [drm] Atomic: yes.
[    2.441763] [drm] SM4_1: no.
[    2.441782] [drm:vmw_host_log [vmwgfx]] *ERROR* Failed to send host log message.
[    2.442672] [drm:vmw_host_log [vmwgfx]] *ERROR* Failed to send host log message.
[    2.488876] fbcon: svgadrmfb (fb0) is primary device
[    2.491368] Console: switching to colour frame buffer device 100x37
[    2.496141] [drm] Initialized vmwgfx 2.15.0 20180704 for 0000:00:02.0 on minor 0
[    2.497316] systemd[1]: Finished Load Kernel Modules.
[    2.498611] systemd[1]: Mounting FUSE Control File System...
[    2.500781] systemd[1]: Mounting Kernel Configuration File System...
[    2.530586] systemd[1]: Starting Apply Kernel Variables...
[    2.533030] systemd[1]: Finished Set the console keyboard layout.
[    2.533205] systemd[1]: Reached target Local File Systems (Pre).
[    2.541432] systemd[1]: Mounting Mount unit for bare, revision 5...
[    2.547466] systemd[1]: Mounting Mount unit for core18, revision 1705...
[    2.552559] systemd[1]: Mounting Mount unit for gnome-3-34-1804, revision 24...
[    2.577981] systemd[1]: Mounting Mount unit for gtk-common-themes, revision 1506...
[    2.584164] systemd[1]: Mounting Mount unit for gtk-common-themes, revision 1535...
[    2.592085] systemd[1]: Mounting Mount unit for snap-store, revision 433...
[    2.598380] systemd[1]: Mounting Mount unit for snapd, revision 7264...
[    2.627931] systemd[1]: Mounted FUSE Control File System.
[    2.628038] systemd[1]: Mounted Kernel Configuration File System.
[    2.631178] systemd[1]: Finished Apply Kernel Variables.
[    2.631332] systemd[1]: Mounted Mount unit for bare, revision 5.
[    2.631402] systemd[1]: Condition check resulted in VMware vmblock fuse mount being skipped.
[    2.640784] systemd[1]: Started udev Kernel Device Manager.
[    2.641544] systemd[1]: Starting Show Plymouth Boot Screen...
[    2.649779] systemd[1]: Mounted Mount unit for gnome-3-34-1804, revision 24.
[    2.657724] systemd[1]: Received SIGRTMIN+20 from PID 274 (plymouthd).
[    2.679723] systemd[1]: Mounted Mount unit for core18, revision 1705.
[    2.679889] systemd[1]: Mounted Mount unit for gtk-common-themes, revision 1506.
[    2.680005] systemd[1]: Started Show Plymouth Boot Screen.
[    2.680111] systemd[1]: Condition check resulted in Dispatch Password Requests to Console Directory Watch being skipped.
[    2.680214] systemd[1]: Started Forward Password Requests to Plymouth Directory Watch.
[    2.680245] systemd[1]: Reached target Local Encrypted Volumes.
[    2.718714] systemd[1]: Mounted Mount unit for snapd, revision 7264.
[    2.767540] systemd[1]: Mounted Mount unit for gtk-common-themes, revision 1535.
[    2.767791] systemd[1]: Mounted Mount unit for snap-store, revision 433.
[    2.767961] systemd[1]: Reached target Local File Systems.
[    2.770202] systemd[1]: Starting Load AppArmor profiles...
[    2.781800] systemd[1]: Starting Set console font and keymap...
[    2.795539] systemd[1]: Starting Tell Plymouth To Write Out Runtime Data...
[    2.800012] systemd[1]: Condition check resulted in Store a System Token in an EFI Variable being skipped.
[    2.800043] systemd[1]: Condition check resulted in Commit a transient machine-id on disk being skipped.
[    2.801006] systemd[1]: Finished Set console font and keymap.
[    2.810530] systemd[1]: Received SIGRTMIN+20 from PID 274 (plymouthd).
[    2.813586] systemd[1]: plymouth-read-write.service: Succeeded.
[    2.813855] systemd[1]: Finished Tell Plymouth To Write Out Runtime Data.
[    2.835736] audit: type=1400 audit(1768647636.680:2): apparmor="STATUS" operation="profile_load" profile="unconfined" name="nvidia_modprobe" pid=300 comm="apparmor_parser"
[    2.835739] audit: type=1400 audit(1768647636.680:3): apparmor="STATUS" operation="profile_load" profile="unconfined" name="nvidia_modprobe//kmod" pid=300 comm="apparmor_parser"
[    2.845174] audit: type=1400 audit(1768647636.692:4): apparmor="STATUS" operation="profile_load" profile="unconfined" name="/usr/sbin/tcpdump" pid=301 comm="apparmor_parser"
[    2.894823] audit: type=1400 audit(1768647636.736:5): apparmor="STATUS" operation="profile_load" profile="unconfined" name="/usr/bin/evince" pid=303 comm="apparmor_parser"
[    2.894825] audit: type=1400 audit(1768647636.736:6): apparmor="STATUS" operation="profile_load" profile="unconfined" name="/usr/bin/evince//sanitized_helper" pid=303 comm="apparmor_parser"
[    2.894827] audit: type=1400 audit(1768647636.736:7): apparmor="STATUS" operation="profile_load" profile="unconfined" name="/usr/bin/evince-previewer" pid=303 comm="apparmor_parser"
[    2.894828] audit: type=1400 audit(1768647636.736:8): apparmor="STATUS" operation="profile_load" profile="unconfined" name="/usr/bin/evince-previewer//sanitized_helper" pid=303 comm="apparmor_parser"
[    2.894830] audit: type=1400 audit(1768647636.736:9): apparmor="STATUS" operation="profile_load" profile="unconfined" name="/usr/bin/evince-thumbnailer" pid=303 comm="apparmor_parser"
[    2.911221] audit: type=1400 audit(1768647636.760:10): apparmor="STATUS" operation="profile_load" profile="unconfined" name="/usr/lib/cups/backend/cups-pdf" pid=304 comm="apparmor_parser"
[    2.987770] systemd[1]: Finished Load AppArmor profiles.
[    2.988859] systemd[1]: Starting Load AppArmor profiles managed internally by snapd...
[    3.066435] systemd[1]: Finished Load AppArmor profiles managed internally by snapd.
[    3.193992] systemd[1]: Started Journal Service.
[    3.202490] systemd-journald[229]: Received client request to flush runtime journal.
[    3.205766] systemd-journald[229]: File /var/log/journal/c455b248004a419c87ce85eea238d727/system.journal corrupted or uncleanly shut down, renaming and replacing.
[    4.559833] RAPL PMU: API unit is 2^-32 Joules, 0 fixed counters, 10737418240 ms ovfl timer
[    4.569698] cryptd: max_cpu_qlen set to 1000
[    4.578106] AVX2 version of gcm_enc/dec engaged.
[    4.578107] AES CTR mode by8 optimization enabled
[    5.489240] Adding 1998844k swap on /dev/sda1.  Priority:-2 extents:1 across:1998844k FS
[    7.356478] kauditd_printk_skb: 30 callbacks suppressed
[    7.356479] audit: type=1400 audit(1768647641.204:41): apparmor="DENIED" operation="capable" profile="/usr/sbin/cups-browsed" pid=497 comm="cups-browsed" capability=23  capname="sys_nice"
[    7.830443] pcnet32 0000:00:03.0 enp0s3: link up, 100Mbps, full-duplex
[    7.867205] e1000: enp0s8 NIC Link is Up 1000 Mbps Full Duplex, Flow Control: RX
[    7.867480] IPv6: ADDRCONF(NETDEV_CHANGE): enp0s8: link becomes ready
[    7.879253] e1000: enp0s9 NIC Link is Up 1000 Mbps Full Duplex, Flow Control: RX
[    7.879542] IPv6: ADDRCONF(NETDEV_CHANGE): enp0s9: link becomes ready
[    8.462753] device enp0s3 entered promiscuous mode
[    8.488428] audit: type=1400 audit(1768647642.340:42): apparmor="DENIED" operation="open" profile="/usr/sbin/tcpdump" name="/proc/sys/kernel/random/boot_id" pid=717 comm="tcpdump" requested_mask="r" denied_mask="r" fsuid=0 ouid=0
[    8.489091] audit: type=1400 audit(1768647642.340:43): apparmor="DENIED" operation="open" profile="/usr/sbin/tcpdump" name="/proc/sys/kernel/random/boot_id" pid=717 comm="tcpdump" requested_mask="r" denied_mask="r" fsuid=0 ouid=0
[    8.489140] audit: type=1400 audit(1768647642.340:44): apparmor="DENIED" operation="open" profile="/usr/sbin/tcpdump" name="/proc/sys/kernel/random/boot_id" pid=717 comm="tcpdump" requested_mask="r" denied_mask="r" fsuid=0 ouid=0
[    8.489246] audit: type=1400 audit(1768647642.340:45): apparmor="DENIED" operation="open" profile="/usr/sbin/tcpdump" name="/proc/sys/kernel/random/boot_id" pid=717 comm="tcpdump" requested_mask="r" denied_mask="r" fsuid=0 ouid=0
[    8.493779] audit: type=1400 audit(1768647642.344:46): apparmor="DENIED" operation="open" profile="/usr/sbin/tcpdump" name="/proc/sys/kernel/random/boot_id" pid=718 comm="tcpdump" requested_mask="r" denied_mask="r" fsuid=0 ouid=0
[    8.493994] audit: type=1400 audit(1768647642.344:47): apparmor="DENIED" operation="open" profile="/usr/sbin/tcpdump" name="/proc/sys/kernel/random/boot_id" pid=718 comm="tcpdump" requested_mask="r" denied_mask="r" fsuid=0 ouid=0
[    8.494082] audit: type=1400 audit(1768647642.344:48): apparmor="DENIED" operation="open" profile="/usr/sbin/tcpdump" name="/proc/sys/kernel/random/boot_id" pid=718 comm="tcpdump" requested_mask="r" denied_mask="r" fsuid=0 ouid=0
[    8.494213] audit: type=1400 audit(1768647642.344:49): apparmor="DENIED" operation="open" profile="/usr/sbin/tcpdump" name="/proc/sys/kernel/random/boot_id" pid=718 comm="tcpdump" requested_mask="r" denied_mask="r" fsuid=0 ouid=0
[   13.251347] rfkill: input handler disabled
[  208.095628] AAAAA-TCP_FORW: name:enp0s3: saddr:33561200: daddr:100932208
[  208.246931] AAAAA-TCP_FORW: name:enp0s3: saddr:33561200: daddr:100932208
[  208.463156] AAAAA-TCP_FORW: name:enp0s3: saddr:33561200: daddr:100932208
[  208.732117] AAAAA-TCP_FORW: name:enp0s3: saddr:100932208: daddr:16783984
[  208.824771] AAAAA-TCP_FORW: name:enp0s3: saddr:33561200: daddr:100932208
[  208.841043] AAAAA-TCP_FORW: name:enp0s3: saddr:100932208: daddr:16783984
[  208.870133] AAAAA-TCP_FORW: name:enp0s3: saddr:100932208: daddr:16783984
[  208.946141] AAAAA-TCP_FORW: name:enp0s3: saddr:100932208: daddr:16783984
[  208.999665] AAAAA-TCP_FORW: name:enp0s3: saddr:100932208: daddr:16783984
[  209.034980] AAAAA-TCP_FORW: name:enp0s3: saddr:33561200: daddr:100932208
[  209.070567] AAAAA-TCP_FORW: name:enp0s3: saddr:100932208: daddr:33561200
[  209.125085] AAAAA-TCP_FORW: name:enp0s3: saddr:33561200: daddr:100932208
[  209.153524] AAAAA-TCP_FORW: name:enp0s3: saddr:100932208: daddr:33561200
[  209.243137] AAAAA-TCP_FORW: name:enp0s3: saddr:100932208: daddr:33561200
[  209.356851] AAAAA-TCP_FORW: name:enp0s3: saddr:100932208: daddr:33561200
[  209.384197] AAAAA-TCP_FORW: name:enp0s3: saddr:100932208: daddr:33561200
[  209.428814] AAAAA-TCP_FORW: name:enp0s3: saddr:16783984: daddr:100932208
[  209.450631] AAAAA-TCP_FORW: name:enp0s3: saddr:100932208: daddr:16783984
[  209.582456] AAAAA-TCP_FORW: name:enp0s3: saddr:100932208: daddr:16783984
[  209.615732] AAAAA-TCP_FORW: name:enp0s3: saddr:100932208: daddr:33561200
[  209.623936] AAAAA-TCP_FORW: name:enp0s3: saddr:16783984: daddr:100932208
[  209.702734] AAAAA-TCP_FORW: name:enp0s3: saddr:100932208: daddr:16783984
[  209.714939] AAAAA-TCP_FORW: name:enp0s3: saddr:16783984: daddr:100932208
[  209.814361] AAAAA-TCP_FORW: name:enp0s3: saddr:16783984: daddr:100932208
[  209.824195] AAAAA-TCP_FORW: name:enp0s3: saddr:100932208: daddr:33561200
[  209.936905] AAAAA-TCP_FORW: name:enp0s3: saddr:100932208: daddr:33561200
[  210.120248] AAAAA-TCP_FORW: name:enp0s3: saddr:100932208: daddr:33561200
[  210.241930] AAAAA-TCP_FORW: name:enp0s3: saddr:100932208: daddr:33561200
[  210.265478] AAAAA-TCP_FORW: name:enp0s3: saddr:16783984: daddr:100932208
[  210.349945] AAAAA-TCP_FORW: name:enp0s3: saddr:100932208: daddr:33561200
[  210.468500] AAAAA-TCP_FORW: name:enp0s3: saddr:100932208: daddr:33561200
[  210.539543] AAAAA-TCP_FORW: name:enp0s3: saddr:100932208: daddr:33561200
[  210.589452] AAAAA-TCP_FORW: name:enp0s3: saddr:100932208: daddr:33561200
[  210.695331] AAAAA-TCP_FORW: name:enp0s3: saddr:16783984: daddr:100932208
[  210.774321] AAAAA-TCP_FORW: name:enp0s3: saddr:100932208: daddr:16783984
[  210.846247] AAAAA-TCP_FORW: name:enp0s3: saddr:100932208: daddr:33561200
[  210.897947] AAAAA-TCP_FORW: name:enp0s3: saddr:16783984: daddr:100932208
[  210.914352] AAAAA-TCP_FORW: name:enp0s3: saddr:100932208: daddr:33561200
[  210.958710] AAAAA-TCP_FORW: name:enp0s3: saddr:16783984: daddr:100932208
[  211.006961] AAAAA-TCP_FORW: name:enp0s3: saddr:100932208: daddr:33561200
[  211.021497] AAAAA-TCP_FORW: name:enp0s3: saddr:16783984: daddr:100932208
[  211.062356] AAAAA-TCP_FORW: name:enp0s3: saddr:16783984: daddr:100932208
[  211.066218] AAAAA-TCP_FORW: name:enp0s3: saddr:100932208: daddr:33561200
[  211.095848] AAAAA-TCP_FORW: name:enp0s3: saddr:16783984: daddr:100932208
[  211.137154] AAAAA-TCP_FORW: name:enp0s3: saddr:100932208: daddr:33561200
[  211.151498] AAAAA-TCP_FORW: name:enp0s3: saddr:16783984: daddr:100932208
[  211.219852] AAAAA-TCP_FORW: name:enp0s3: saddr:100932208: daddr:33561200
[  211.292177] AAAAA-TCP_FORW: name:enp0s3: saddr:16783984: daddr:100932208
[  211.294165] AAAAA-TCP_FORW: name:enp0s3: saddr:100932208: daddr:16783984
[  211.359798] AAAAA-TCP_FORW: name:enp0s3: saddr:100932208: daddr:16783984
[  211.373016] AAAAA-TCP_FORW: name:enp0s3: saddr:16783984: daddr:100932208
[  211.482192] AAAAA-TCP_FORW: name:enp0s3: saddr:33561200: daddr:100932208
[  211.556144] AAAAA-TCP_FORW: name:enp0s3: saddr:100932208: daddr:16783984
[  211.602016] AAAAA-TCP_FORW: name:enp0s3: saddr:16783984: daddr:100932208
[  211.637380] AAAAA-TCP_FORW: name:enp0s3: saddr:100932208: daddr:16783984
[  211.706648] AAAAA-TCP_FORW: name:enp0s3: saddr:16783984: daddr:100932208
[  211.811494] AAAAA-TCP_FORW: name:enp0s3: saddr:33561200: daddr:100932208
[  211.851815] AAAAA-TCP_FORW: name:enp0s3: saddr:100932208: daddr:16783984
[  211.884860] AAAAA-TCP_FORW: name:enp0s3: saddr:100932208: daddr:16783984
[  211.973768] AAAAA-TCP_FORW: name:enp0s3: saddr:100932208: daddr:16783984
[  211.980941] AAAAA-TCP_FORW: name:enp0s3: saddr:33561200: daddr:100932208
[  212.015720] AAAAA-TCP_FORW: name:enp0s3: saddr:33561200: daddr:100932208
[  212.059041] AAAAA-TCP_FORW: name:enp0s3: saddr:100932208: daddr:16783984
[  212.066833] AAAAA-TCP_FORW: name:enp0s3: saddr:16783984: daddr:100932208
[  212.121331] AAAAA-TCP_FORW: name:enp0s3: saddr:33561200: daddr:100932208
[  212.140154] AAAAA-TCP_FORW: name:enp0s3: saddr:33561200: daddr:100932208
[  212.170859] AAAAA-TCP_FORW: name:enp0s3: saddr:16783984: daddr:100932208
[  212.214789] AAAAA-TCP_FORW: name:enp0s3: saddr:16783984: daddr:100932208
[  212.271998] AAAAA-TCP_FORW: name:enp0s3: saddr:33561200: daddr:100932208
[  212.489816] AAAAA-TCP_FORW: name:enp0s3: saddr:16783984: daddr:100932208
[  212.500889] AAAAA-TCP_FORW: name:enp0s3: saddr:100932208: daddr:16783984
[  212.617838] AAAAA-TCP_FORW: name:enp0s3: saddr:33561200: daddr:100932208
[  212.671824] AAAAA-TCP_FORW: name:enp0s3: saddr:33561200: daddr:100932208
[  212.686213] AAAAA-TCP_FORW: name:enp0s3: saddr:33561200: daddr:100932208
[  212.777881] AAAAA-TCP_FORW: name:enp0s3: saddr:33561200: daddr:100932208
[  212.990255] AAAAA-TCP_FORW: name:enp0s3: saddr:100932208: daddr:16783984
[  213.048779] AAAAA-TCP_FORW: name:enp0s3: saddr:100932208: daddr:33561200
[  213.261196] AAAAA-TCP_FORW: name:enp0s3: saddr:100932208: daddr:33561200
[  213.375262] AAAAA-TCP_FORW: name:enp0s3: saddr:100932208: daddr:16783984
[  213.429258] AAAAA-TCP_FORW: name:enp0s3: saddr:100932208: daddr:16783984
[  213.589334] AAAAA-TCP_FORW: name:enp0s3: saddr:100932208: daddr:16783984
[  213.632602] AAAAA-TCP_FORW: name:enp0s3: saddr:100932208: daddr:33561200
[  213.797603] AAAAA-TCP_FORW: name:enp0s3: saddr:100932208: daddr:33561200
[  213.976985] AAAAA-TCP_FORW: name:enp0s3: saddr:100932208: daddr:16783984
[  214.137557] AAAAA-TCP_FORW: name:enp0s3: saddr:100932208: daddr:16783984
[  214.323201] AAAAA-TCP_FORW: name:enp0s3: saddr:100932208: daddr:33561200
[  214.538345] AAAAA-TCP_FORW: name:enp0s3: saddr:100932208: daddr:16783984
[  214.845211] AAAAA-TCP_FORW: name:enp0s3: saddr:100932208: daddr:33561200
[  215.106814] AAAAA-TCP_FORW: name:enp0s3: saddr:100932208: daddr:33561200
[  229.800758] AAAAA-TCP_FORW: name:enp0s3: saddr:100932208: daddr:33561200
[  229.916890] AAAAA-TCP_FORW: name:enp0s3: saddr:100932208: daddr:33561200
[  229.999068] AAAAA-TCP_FORW: name:enp0s3: saddr:100932208: daddr:33561200
[  230.056224] AAAAA-TCP_FORW: name:enp0s3: saddr:100932208: daddr:33561200
[  230.130628] AAAAA-TCP_FORW: name:enp0s3: saddr:33561200: daddr:100932208
[  230.149300] AAAAA-TCP_FORW: name:enp0s3: saddr:100932208: daddr:33561200
[  230.250692] AAAAA-TCP_FORW: name:enp0s3: saddr:100932208: daddr:33561200
[  230.278652] AAAAA-TCP_FORW: name:enp0s3: saddr:33561200: daddr:100932208
[  230.319299] AAAAA-TCP_FORW: name:enp0s3: saddr:100932208: daddr:33561200
[  230.400801] AAAAA-TCP_FORW: name:enp0s3: saddr:100932208: daddr:33561200
[  230.416207] AAAAA-TCP_FORW: name:enp0s3: saddr:33561200: daddr:100932208
[  230.457607] AAAAA-TCP_FORW: name:enp0s3: saddr:100932208: daddr:33561200
[  230.520621] AAAAA-TCP_FORW: name:enp0s3: saddr:33561200: daddr:100932208
[  230.595639] AAAAA-TCP_FORW: name:enp0s3: saddr:33561200: daddr:100932208
[  230.614338] AAAAA-TCP_FORW: name:enp0s3: saddr:100932208: daddr:33561200
[  230.642543] AAAAA-TCP_FORW: name:enp0s3: saddr:100932208: daddr:33561200
[  230.667134] AAAAA-TCP_FORW: name:enp0s3: saddr:33561200: daddr:100932208
[  230.702808] AAAAA-TCP_FORW: name:enp0s3: saddr:100932208: daddr:16783984
[  230.767336] AAAAA-TCP_FORW: name:enp0s3: saddr:33561200: daddr:100932208
[  230.811689] AAAAA-TCP_FORW: name:enp0s3: saddr:100932208: daddr:16783984
[  230.922969] AAAAA-TCP_FORW: name:enp0s3: saddr:33561200: daddr:100932208
[  230.940244] AAAAA-TCP_FORW: name:enp0s3: saddr:100932208: daddr:16783984
[  230.988844] AAAAA-TCP_FORW: name:enp0s3: saddr:100932208: daddr:16783984
[  231.037336] AAAAA-TCP_FORW: name:enp0s3: saddr:100932208: daddr:16783984
[  231.100273] AAAAA-TCP_FORW: name:enp0s3: saddr:33561200: daddr:100932208
[  231.119344] AAAAA-TCP_FORW: name:enp0s3: saddr:100932208: daddr:16783984
[  231.183087] AAAAA-TCP_FORW: name:enp0s3: saddr:100932208: daddr:16783984
[  231.222550] AAAAA-TCP_FORW: name:enp0s3: saddr:100932208: daddr:16783984
[  231.251276] AAAAA-TCP_FORW: name:enp0s3: saddr:33561200: daddr:100932208
[  231.279495] AAAAA-TCP_FORW: name:enp0s3: saddr:100932208: daddr:16783984
[  231.355573] AAAAA-TCP_FORW: name:enp0s3: saddr:100932208: daddr:16783984
[  231.371929] AAAAA-TCP_FORW: name:enp0s3: saddr:33561200: daddr:100932208
[  231.460193] AAAAA-TCP_FORW: name:enp0s3: saddr:100932208: daddr:16783984
[  231.492853] AAAAA-TCP_FORW: name:enp0s3: saddr:100932208: daddr:16783984
[  231.570428] AAAAA-TCP_FORW: name:enp0s3: saddr:100932208: daddr:16783984
[  231.579257] AAAAA-TCP_FORW: name:enp0s3: saddr:16783984: daddr:100932208
[  231.651877] AAAAA-TCP_FORW: name:enp0s3: saddr:100932208: daddr:16783984
[  231.679153] AAAAA-TCP_FORW: name:enp0s3: saddr:16783984: daddr:100932208
[  231.698619] AAAAA-TCP_FORW: name:enp0s3: saddr:100932208: daddr:16783984
[  231.766597] AAAAA-TCP_FORW: name:enp0s3: saddr:100932208: daddr:16783984
[  231.805954] AAAAA-TCP_FORW: name:enp0s3: saddr:16783984: daddr:100932208
[  231.931152] AAAAA-TCP_FORW: name:enp0s3: saddr:16783984: daddr:100932208
[  232.051711] AAAAA-TCP_FORW: name:enp0s3: saddr:16783984: daddr:100932208
[  232.222394] AAAAA-TCP_FORW: name:enp0s3: saddr:16783984: daddr:100932208
[  232.321882] AAAAA-TCP_FORW: name:enp0s3: saddr:16783984: daddr:100932208
[  232.405221] AAAAA-TCP_FORW: name:enp0s3: saddr:16783984: daddr:100932208
[  232.463658] AAAAA-TCP_FORW: name:enp0s3: saddr:100932208: daddr:33561200
[  232.492116] AAAAA-TCP_FORW: name:enp0s3: saddr:100932208: daddr:33561200
[  232.534184] AAAAA-TCP_FORW: name:enp0s3: saddr:16783984: daddr:100932208
[  232.625751] AAAAA-TCP_FORW: name:enp0s3: saddr:16783984: daddr:100932208
[  232.743612] AAAAA-TCP_FORW: name:enp0s3: saddr:16783984: daddr:100932208
[  232.745662] AAAAA-TCP_FORW: name:enp0s3: saddr:100932208: daddr:33561200
[  232.813452] AAAAA-TCP_FORW: name:enp0s3: saddr:100932208: daddr:33561200
[  232.846652] AAAAA-TCP_FORW: name:enp0s3: saddr:16783984: daddr:100932208
[  233.003327] AAAAA-TCP_FORW: name:enp0s3: saddr:16783984: daddr:100932208
[  233.120197] AAAAA-TCP_FORW: name:enp0s3: saddr:100932208: daddr:33561200
[  233.150974] AAAAA-TCP_FORW: name:enp0s3: saddr:16783984: daddr:100932208
[  233.257076] AAAAA-TCP_FORW: name:enp0s3: saddr:16783984: daddr:100932208
[  233.344099] AAAAA-TCP_FORW: name:enp0s3: saddr:16783984: daddr:100932208
[  233.369836] AAAAA-TCP_FORW: name:enp0s3: saddr:100932208: daddr:33561200
[  233.412851] AAAAA-TCP_FORW: name:enp0s3: saddr:100932208: daddr:33561200
[  233.454631] AAAAA-TCP_FORW: name:enp0s3: saddr:100932208: daddr:33561200
[  233.557914] AAAAA-TCP_FORW: name:enp0s3: saddr:100932208: daddr:33561200
[  233.650742] AAAAA-TCP_FORW: name:enp0s3: saddr:100932208: daddr:33561200
[  233.789571] AAAAA-TCP_FORW: name:enp0s3: saddr:100932208: daddr:33561200
[  234.036387] AAAAA-TCP_FORW: name:enp0s3: saddr:33561200: daddr:100932208
[  234.180407] AAAAA-TCP_FORW: name:enp0s3: saddr:33561200: daddr:100932208
[  234.335897] AAAAA-TCP_FORW: name:enp0s3: saddr:100932208: daddr:33561200
[  234.408712] AAAAA-TCP_FORW: name:enp0s3: saddr:100932208: daddr:33561200
[  234.422858] AAAAA-TCP_FORW: name:enp0s3: saddr:33561200: daddr:100932208
[  234.653968] AAAAA-TCP_FORW: name:enp0s3: saddr:33561200: daddr:100932208
[  234.923527] AAAAA-TCP_FORW: name:enp0s3: saddr:33561200: daddr:100932208
[  235.094491] AAAAA-TCP_FORW: name:enp0s3: saddr:100932208: daddr:33561200
[  235.243021] AAAAA-TCP_FORW: name:enp0s3: saddr:33561200: daddr:100932208
[  235.324381] AAAAA-TCP_FORW: name:enp0s3: saddr:100932208: daddr:33561200
[  235.450416] AAAAA-TCP_FORW: name:enp0s3: saddr:33561200: daddr:100932208
[  235.508246] AAAAA-TCP_FORW: name:enp0s3: saddr:33561200: daddr:100932208
[  235.587833] AAAAA-TCP_FORW: name:enp0s3: saddr:33561200: daddr:100932208
[  235.870133] AAAAA-TCP_FORW: name:enp0s3: saddr:33561200: daddr:100932208
[  235.900909] AAAAA-TCP_FORW: name:enp0s3: saddr:100932208: daddr:16783984
[  235.955423] AAAAA-TCP_FORW: name:enp0s3: saddr:100932208: daddr:16783984
[  236.132508] AAAAA-TCP_FORW: name:enp0s3: saddr:100932208: daddr:16783984
[  236.266581] AAAAA-TCP_FORW: name:enp0s3: saddr:100932208: daddr:16783984
[  236.305159] AAAAA-TCP_FORW: name:enp0s3: saddr:100932208: daddr:16783984
[  236.379217] AAAAA-TCP_FORW: name:enp0s3: saddr:100932208: daddr:16783984
[  236.484333] AAAAA-TCP_FORW: name:enp0s3: saddr:100932208: daddr:16783984
[  236.548640] AAAAA-TCP_FORW: name:enp0s3: saddr:100932208: daddr:16783984
[  236.658634] AAAAA-TCP_FORW: name:enp0s3: saddr:100932208: daddr:16783984
[  236.791663] AAAAA-TCP_FORW: name:enp0s3: saddr:100932208: daddr:16783984
[  236.890729] AAAAA-TCP_FORW: name:enp0s3: saddr:100932208: daddr:16783984
[  237.133428] AAAAA-TCP_FORW: name:enp0s3: saddr:100932208: daddr:16783984
[  237.432990] AAAAA-TCP_FORW: name:enp0s3: saddr:100932208: daddr:16783984
[  237.685676] AAAAA-TCP_FORW: name:enp0s3: saddr:100932208: daddr:16783984
[  237.876511] AAAAA-TCP_FORW: name:enp0s3: saddr:100932208: daddr:16783984
[  238.007521] AAAAA-TCP_FORW: name:enp0s3: saddr:100932208: daddr:16783984
[  238.481392] AAAAA-TCP_FORW: name:enp0s3: saddr:100932208: daddr:33561200
[  238.599603] AAAAA-TCP_FORW: name:enp0s3: saddr:100932208: daddr:33561200
[  238.682288] AAAAA-TCP_FORW: name:enp0s3: saddr:100932208: daddr:33561200
[  238.772693] AAAAA-TCP_FORW: name:enp0s3: saddr:100932208: daddr:33561200
[  238.903683] AAAAA-TCP_FORW: name:enp0s3: saddr:100932208: daddr:33561200
[  238.968659] AAAAA-TCP_FORW: name:enp0s3: saddr:100932208: daddr:33561200
[  239.074298] AAAAA-TCP_FORW: name:enp0s3: saddr:100932208: daddr:33561200
[  239.129187] AAAAA-TCP_FORW: name:enp0s3: saddr:100932208: daddr:33561200
[  239.239195] AAAAA-TCP_FORW: name:enp0s3: saddr:100932208: daddr:33561200
[  239.241127] AAAAA-TCP_FORW: name:enp0s3: saddr:100932208: daddr:33561200
[  239.470798] AAAAA-TCP_FORW: name:enp0s3: saddr:100932208: daddr:33561200
[  239.554083] AAAAA-TCP_FORW: name:enp0s3: saddr:100932208: daddr:33561200
[  239.559558] AAAAA-TCP_FORW: name:enp0s3: saddr:100932208: daddr:33561200
[  239.643276] AAAAA-TCP_FORW: name:enp0s3: saddr:100932208: daddr:33561200
[  240.113899] AAAAA-TCP_FORW: name:enp0s3: saddr:100932208: daddr:33561200
[  240.348879] AAAAA-TCP_FORW: name:enp0s3: saddr:100932208: daddr:16783984
[  240.491371] AAAAA-TCP_FORW: name:enp0s3: saddr:100932208: daddr:16783984
[  240.726390] AAAAA-TCP_FORW: name:enp0s3: saddr:100932208: daddr:16783984
[  241.084083] AAAAA-TCP_FORW: name:enp0s3: saddr:100932208: daddr:16783984
[  241.231675] AAAAA-TCP_FORW: name:enp0s3: saddr:100932208: daddr:16783984
[  241.306652] AAAAA-TCP_FORW: name:enp0s3: saddr:100932208: daddr:16783984
[  241.390257] AAAAA-TCP_FORW: name:enp0s3: saddr:100932208: daddr:16783984
[  241.542456] AAAAA-TCP_FORW: name:enp0s3: saddr:100932208: daddr:16783984
[  241.821474] AAAAA-TCP_FORW: name:enp0s3: saddr:100932208: daddr:16783984
[  241.948590] AAAAA-TCP_FORW: name:enp0s3: saddr:100932208: daddr:16783984
[  242.026480] AAAAA-TCP_FORW: name:enp0s3: saddr:100932208: daddr:16783984
[  242.251083] AAAAA-TCP_FORW: name:enp0s3: saddr:100932208: daddr:16783984
[  242.316674] AAAAA-TCP_FORW: name:enp0s3: saddr:100932208: daddr:16783984
[  242.462409] AAAAA-TCP_FORW: name:enp0s3: saddr:100932208: daddr:33561200
[  242.517213] AAAAA-TCP_FORW: name:enp0s3: saddr:100932208: daddr:33561200
[  242.744203] AAAAA-TCP_FORW: name:enp0s3: saddr:100932208: daddr:33561200
[  242.866715] AAAAA-TCP_FORW: name:enp0s3: saddr:100932208: daddr:33561200
[  242.896953] AAAAA-TCP_FORW: name:enp0s3: saddr:100932208: daddr:33561200
[  243.224383] AAAAA-TCP_FORW: name:enp0s3: saddr:100932208: daddr:33561200
[  243.511349] AAAAA-TCP_FORW: name:enp0s3: saddr:100932208: daddr:33561200
[  243.560328] AAAAA-TCP_FORW: name:enp0s3: saddr:100932208: daddr:33561200
[  243.836970] AAAAA-TCP_FORW: name:enp0s3: saddr:100932208: daddr:33561200
[  243.898878] AAAAA-TCP_FORW: name:enp0s3: saddr:100932208: daddr:33561200
[  244.012375] AAAAA-TCP_FORW: name:enp0s3: saddr:100932208: daddr:33561200
[  244.058170] AAAAA-TCP_FORW: name:enp0s3: saddr:100932208: daddr:33561200
[  244.159929] AAAAA-TCP_FORW: name:enp0s3: saddr:100932208: daddr:33561200
[  244.237828] AAAAA-TCP_FORW: name:enp0s3: saddr:100932208: daddr:33561200
[  244.332969] AAAAA-TCP_FORW: name:enp0s3: saddr:100932208: daddr:33561200
[  244.412027] AAAAA-TCP_FORW: name:enp0s3: saddr:100932208: daddr:16783984
[  244.579838] AAAAA-TCP_FORW: name:enp0s3: saddr:100932208: daddr:16783984
[  244.679743] AAAAA-TCP_FORW: name:enp0s3: saddr:100932208: daddr:16783984
[  244.760643] AAAAA-TCP_FORW: name:enp0s3: saddr:100932208: daddr:16783984
[  244.846805] AAAAA-TCP_FORW: name:enp0s3: saddr:100932208: daddr:16783984
[  244.952277] AAAAA-TCP_FORW: name:enp0s3: saddr:100932208: daddr:16783984
[  245.117770] AAAAA-TCP_FORW: name:enp0s3: saddr:100932208: daddr:16783984
[  245.226091] AAAAA-TCP_FORW: name:enp0s3: saddr:100932208: daddr:16783984
[  245.384606] AAAAA-TCP_FORW: name:enp0s3: saddr:100932208: daddr:16783984
[  245.462865] AAAAA-TCP_FORW: name:enp0s3: saddr:100932208: daddr:16783984
[  245.520622] AAAAA-TCP_FORW: name:enp0s3: saddr:100932208: daddr:16783984
[  245.596281] AAAAA-TCP_FORW: name:enp0s3: saddr:100932208: daddr:16783984
[  245.642669] AAAAA-TCP_FORW: name:enp0s3: saddr:100932208: daddr:16783984
[  245.728065] AAAAA-TCP_FORW: name:enp0s3: saddr:100932208: daddr:16783984
[  245.750202] AAAAA-TCP_FORW: name:enp0s3: saddr:100932208: daddr:16783984
[  245.821619] AAAAA-TCP_FORW: name:enp0s3: saddr:100932208: daddr:16783984
[  245.905095] AAAAA-TCP_FORW: name:enp0s3: saddr:100932208: daddr:33561200
[  245.985609] AAAAA-TCP_FORW: name:enp0s3: saddr:100932208: daddr:33561200
[  246.066558] AAAAA-TCP_FORW: name:enp0s3: saddr:100932208: daddr:33561200
[  246.128956] AAAAA-TCP_FORW: name:enp0s3: saddr:100932208: daddr:33561200
[  246.206584] AAAAA-TCP_FORW: name:enp0s3: saddr:100932208: daddr:33561200
[  246.275488] AAAAA-TCP_FORW: name:enp0s3: saddr:100932208: daddr:33561200
[  246.321495] AAAAA-TCP_FORW: name:enp0s3: saddr:100932208: daddr:33561200
[  246.438568] AAAAA-TCP_FORW: name:enp0s3: saddr:100932208: daddr:33561200
[  246.518664] AAAAA-TCP_FORW: name:enp0s3: saddr:100932208: daddr:33561200
[  246.590428] AAAAA-TCP_FORW: name:enp0s3: saddr:100932208: daddr:33561200
[  246.648862] AAAAA-TCP_FORW: name:enp0s3: saddr:100932208: daddr:33561200
[  246.712799] AAAAA-TCP_FORW: name:enp0s3: saddr:100932208: daddr:33561200
[  246.763661] AAAAA-TCP_FORW: name:enp0s3: saddr:100932208: daddr:33561200
[  246.812515] AAAAA-TCP_FORW: name:enp0s3: saddr:100932208: daddr:33561200
[  246.986807] AAAAA-TCP_FORW: name:enp0s3: saddr:100932208: daddr:33561200
[  247.042125] AAAAA-TCP_FORW: name:enp0s3: saddr:100932208: daddr:16783984
[  247.112171] AAAAA-TCP_FORW: name:enp0s3: saddr:100932208: daddr:33561200
[  247.161581] AAAAA-TCP_FORW: name:enp0s3: saddr:100932208: daddr:33561200
[  247.202239] AAAAA-TCP_FORW: name:enp0s3: saddr:100932208: daddr:16783984
[  247.285057] AAAAA-TCP_FORW: name:enp0s3: saddr:100932208: daddr:16783984
[  247.360077] AAAAA-TCP_FORW: name:enp0s3: saddr:100932208: daddr:16783984
[  247.458916] AAAAA-TCP_FORW: name:enp0s3: saddr:100932208: daddr:16783984
[  247.599954] AAAAA-TCP_FORW: name:enp0s3: saddr:100932208: daddr:16783984
[  247.650745] AAAAA-TCP_FORW: name:enp0s3: saddr:100932208: daddr:16783984
[  247.704446] AAAAA-TCP_FORW: name:enp0s3: saddr:100932208: daddr:16783984
[  247.775235] AAAAA-TCP_FORW: name:enp0s3: saddr:100932208: daddr:16783984
[  247.822252] AAAAA-TCP_FORW: name:enp0s3: saddr:100932208: daddr:16783984
[  247.903586] AAAAA-TCP_FORW: name:enp0s3: saddr:100932208: daddr:16783984
[  247.942359] AAAAA-TCP_FORW: name:enp0s3: saddr:100932208: daddr:16783984
[  248.006908] AAAAA-TCP_FORW: name:enp0s3: saddr:100932208: daddr:16783984
[  248.074489] AAAAA-TCP_FORW: name:enp0s3: saddr:100932208: daddr:16783984
[  248.166093] AAAAA-TCP_FORW: name:enp0s3: saddr:100932208: daddr:16783984
[  248.204891] AAAAA-TCP_FORW: name:enp0s3: saddr:100932208: daddr:16783984
[  248.262455] AAAAA-TCP_FORW: name:enp0s3: saddr:100932208: daddr:16783984
[  248.317297] AAAAA-TCP_FORW: name:enp0s3: saddr:100932208: daddr:16783984
[  248.378199] AAAAA-TCP_FORW: name:enp0s3: saddr:100932208: daddr:16783984
[  248.496379] AAAAA-TCP_FORW: name:enp0s3: saddr:100932208: daddr:16783984
[  248.615254] AAAAA-TCP_FORW: name:enp0s3: saddr:100932208: daddr:33561200
[  248.665956] AAAAA-TCP_FORW: name:enp0s3: saddr:100932208: daddr:33561200
[  248.772607] AAAAA-TCP_FORW: name:enp0s3: saddr:100932208: daddr:33561200
[  248.958132] AAAAA-TCP_FORW: name:enp0s3: saddr:100932208: daddr:33561200
[  249.050807] AAAAA-TCP_FORW: name:enp0s3: saddr:100932208: daddr:33561200
[  249.087729] AAAAA-TCP_FORW: name:enp0s3: saddr:100932208: daddr:33561200
[  249.146903] AAAAA-TCP_FORW: name:enp0s3: saddr:100932208: daddr:33561200
[  249.165223] AAAAA-TCP_FORW: name:enp0s3: saddr:100932208: daddr:33561200
[  249.266655] AAAAA-TCP_FORW: name:enp0s3: saddr:100932208: daddr:33561200
[  249.364799] AAAAA-TCP_FORW: name:enp0s3: saddr:100932208: daddr:33561200
[  249.429621] AAAAA-TCP_FORW: name:enp0s3: saddr:100932208: daddr:33561200
[  249.515899] AAAAA-TCP_FORW: name:enp0s3: saddr:100932208: daddr:33561200
[  249.615463] AAAAA-TCP_FORW: name:enp0s3: saddr:100932208: daddr:33561200
[  249.731517] AAAAA-TCP_FORW: name:enp0s3: saddr:100932208: daddr:33561200
[  249.850580] AAAAA-TCP_FORW: name:enp0s3: saddr:100932208: daddr:33561200
[  249.977356] AAAAA-TCP_FORW: name:enp0s3: saddr:100932208: daddr:33561200
[  250.061364] AAAAA-TCP_FORW: name:enp0s3: saddr:100932208: daddr:16783984
[  250.170523] AAAAA-TCP_FORW: name:enp0s3: saddr:100932208: daddr:33561200
[  250.242272] AAAAA-TCP_FORW: name:enp0s3: saddr:100932208: daddr:33561200
[  250.412160] AAAAA-TCP_FORW: name:enp0s3: saddr:100932208: daddr:33561200
[  250.513146] AAAAA-TCP_FORW: name:enp0s3: saddr:100932208: daddr:16783984
[  250.567563] AAAAA-TCP_FORW: name:enp0s3: saddr:100932208: daddr:16783984
[  250.659592] AAAAA-TCP_FORW: name:enp0s3: saddr:100932208: daddr:16783984
[  250.724442] AAAAA-TCP_FORW: name:enp0s3: saddr:100932208: daddr:16783984
[  250.764547] AAAAA-TCP_FORW: name:enp0s3: saddr:100932208: daddr:16783984
[  250.865395] AAAAA-TCP_FORW: name:enp0s3: saddr:100932208: daddr:16783984
[  250.965964] AAAAA-TCP_FORW: name:enp0s3: saddr:100932208: daddr:16783984
[  251.050857] AAAAA-TCP_FORW: name:enp0s3: saddr:100932208: daddr:16783984
[  251.154925] AAAAA-TCP_FORW: name:enp0s3: saddr:100932208: daddr:16783984
[  251.255316] AAAAA-TCP_FORW: name:enp0s3: saddr:100932208: daddr:16783984
[  251.339069] AAAAA-TCP_FORW: name:enp0s3: saddr:100932208: daddr:16783984
[  251.410535] AAAAA-TCP_FORW: name:enp0s3: saddr:100932208: daddr:16783984
[  251.532781] AAAAA-TCP_FORW: name:enp0s3: saddr:100932208: daddr:16783984
[  251.604142] AAAAA-TCP_FORW: name:enp0s3: saddr:100932208: daddr:16783984
[  251.686903] AAAAA-TCP_FORW: name:enp0s3: saddr:100932208: daddr:16783984
[  251.729023] AAAAA-TCP_FORW: name:enp0s3: saddr:100932208: daddr:16783984
[  251.789285] AAAAA-TCP_FORW: name:enp0s3: saddr:100932208: daddr:16783984
[  251.868170] AAAAA-TCP_FORW: name:enp0s3: saddr:100932208: daddr:16783984
[  251.909782] AAAAA-TCP_FORW: name:enp0s3: saddr:100932208: daddr:16783984
[  252.058533] AAAAA-TCP_FORW: name:enp0s3: saddr:100932208: daddr:16783984
[  252.195940] AAAAA-TCP_FORW: name:enp0s3: saddr:100932208: daddr:16783984
[  252.232777] AAAAA-TCP_FORW: name:enp0s3: saddr:100932208: daddr:16783984
[  252.343007] AAAAA-TCP_FORW: name:enp0s3: saddr:100932208: daddr:16783984
[  252.748396] AAAAA-TCP_FORW: name:enp0s3: saddr:100932208: daddr:16783984
[  252.995857] AAAAA-TCP_FORW: name:enp0s3: saddr:100932208: daddr:33561200
[  253.061760] AAAAA-TCP_FORW: name:enp0s3: saddr:100932208: daddr:33561200
[  253.423518] AAAAA-TCP_FORW: name:enp0s3: saddr:100932208: daddr:33561200
[  253.605661] AAAAA-TCP_FORW: name:enp0s3: saddr:100932208: daddr:33561200
[  253.715759] AAAAA-TCP_FORW: name:enp0s3: saddr:100932208: daddr:33561200
[  254.295815] AAAAA-TCP_FORW: name:enp0s3: saddr:100932208: daddr:33561200
[  254.978288] AAAAA-TCP_FORW: name:enp0s3: saddr:100932208: daddr:33561200
[  255.079188] AAAAA-TCP_FORW: name:enp0s3: saddr:100932208: daddr:33561200
[  255.206181] AAAAA-TCP_FORW: name:enp0s3: saddr:100932208: daddr:33561200
[  255.502912] AAAAA-TCP_FORW: name:enp0s3: saddr:100932208: daddr:33561200
[  255.619721] AAAAA-TCP_FORW: name:enp0s3: saddr:100932208: daddr:33561200
[  255.688956] AAAAA-TCP_FORW: name:enp0s3: saddr:100932208: daddr:33561200
[  255.921217] AAAAA-TCP_FORW: name:enp0s3: saddr:100932208: daddr:33561200
[  255.994854] AAAAA-TCP_FORW: name:enp0s3: saddr:100932208: daddr:33561200
[  256.099140] AAAAA-TCP_FORW: name:enp0s3: saddr:100932208: daddr:33561200
[  256.171092] AAAAA-TCP_FORW: name:enp0s3: saddr:100932208: daddr:33561200
[  256.219499] AAAAA-TCP_FORW: name:enp0s3: saddr:100932208: daddr:33561200
[  256.514356] AAAAA-TCP_FORW: name:enp0s3: saddr:100932208: daddr:33561200
[  256.596080] AAAAA-TCP_FORW: name:enp0s3: saddr:100932208: daddr:33561200
[  256.669461] AAAAA-TCP_FORW: name:enp0s3: saddr:100932208: daddr:33561200
[  256.858223] AAAAA-TCP_FORW: name:enp0s3: saddr:100932208: daddr:33561200
[  257.083917] AAAAA-TCP_FORW: name:enp0s3: saddr:100932208: daddr:33561200
[  257.151223] AAAAA-TCP_FORW: name:enp0s3: saddr:100932208: daddr:33561200
[  257.280834] AAAAA-TCP_FORW: name:enp0s3: saddr:100932208: daddr:33561200
[  257.457915] AAAAA-TCP_FORW: name:enp0s3: saddr:100932208: daddr:16783984
[  257.569960] AAAAA-TCP_FORW: name:enp0s3: saddr:100932208: daddr:16783984
[  257.647361] AAAAA-TCP_FORW: name:enp0s3: saddr:100932208: daddr:33561200
[  257.724820] AAAAA-TCP_FORW: name:enp0s3: saddr:100932208: daddr:33561200
[  258.158825] AAAAA-TCP_FORW: name:enp0s3: saddr:100932208: daddr:33561200
[  258.255692] AAAAA-TCP_FORW: name:enp0s3: saddr:100932208: daddr:33561200
[  258.515194] AAAAA-TCP_FORW: name:enp0s3: saddr:100932208: daddr:16783984
[  258.518712] AAAAA-TCP_FORW: name:enp0s3: saddr:100932208: daddr:16783984
[  258.564172] AAAAA-TCP_FORW: name:enp0s3: saddr:100932208: daddr:16783984
[  258.656538] AAAAA-TCP_FORW: name:enp0s3: saddr:100932208: daddr:16783984
[  258.779173] AAAAA-TCP_FORW: name:enp0s3: saddr:100932208: daddr:16783984
[  258.884127] AAAAA-TCP_FORW: name:enp0s3: saddr:100932208: daddr:16783984
[  258.885999] AAAAA-TCP_FORW: name:enp0s3: saddr:100932208: daddr:16783984
[  258.929462] AAAAA-TCP_FORW: name:enp0s3: saddr:100932208: daddr:16783984
[  258.973813] AAAAA-TCP_FORW: name:enp0s3: saddr:100932208: daddr:16783984
[  259.103421] AAAAA-TCP_FORW: name:enp0s3: saddr:100932208: daddr:16783984
[  259.224150] AAAAA-TCP_FORW: name:enp0s3: saddr:100932208: daddr:16783984
[  259.553615] AAAAA-TCP_FORW: name:enp0s3: saddr:100932208: daddr:16783984
[  259.699269] AAAAA-TCP_FORW: name:enp0s3: saddr:100932208: daddr:16783984
[  259.811635] AAAAA-TCP_FORW: name:enp0s3: saddr:100932208: daddr:16783984
[  259.932870] AAAAA-TCP_FORW: name:enp0s3: saddr:100932208: daddr:16783984
[  260.026303] AAAAA-TCP_FORW: name:enp0s3: saddr:100932208: daddr:16783984
[  260.029924] AAAAA-TCP_FORW: name:enp0s3: saddr:100932208: daddr:16783984
[  260.091334] AAAAA-TCP_FORW: name:enp0s3: saddr:100932208: daddr:16783984
[  260.184094] AAAAA-TCP_FORW: name:enp0s3: saddr:100932208: daddr:16783984
[  260.520545] AAAAA-TCP_FORW: name:enp0s3: saddr:100932208: daddr:16783984
[  260.643520] AAAAA-TCP_FORW: name:enp0s3: saddr:100932208: daddr:16783984
[  260.710583] AAAAA-TCP_FORW: name:enp0s3: saddr:100932208: daddr:16783984
[  260.829593] AAAAA-TCP_FORW: name:enp0s3: saddr:100932208: daddr:16783984
[  260.833629] AAAAA-TCP_FORW: name:enp0s3: saddr:100932208: daddr:33561200
[  260.890877] AAAAA-TCP_FORW: name:enp0s3: saddr:100932208: daddr:33561200
[  261.011283] AAAAA-TCP_FORW: name:enp0s3: saddr:100932208: daddr:33561200
[  261.026934] AAAAA-TCP_FORW: name:enp0s3: saddr:100932208: daddr:33561200
[  261.124203] AAAAA-TCP_FORW: name:enp0s3: saddr:100932208: daddr:33561200
[  261.228448] AAAAA-TCP_FORW: name:enp0s3: saddr:100932208: daddr:33561200
[  261.284765] AAAAA-TCP_FORW: name:enp0s3: saddr:100932208: daddr:33561200
[  261.327031] AAAAA-TCP_FORW: name:enp0s3: saddr:100932208: daddr:33561200
[  261.347437] AAAAA-TCP_FORW: name:enp0s3: saddr:100932208: daddr:33561200
[  261.561912] AAAAA-TCP_FORW: name:enp0s3: saddr:100932208: daddr:33561200
[  262.034317] AAAAA-TCP_FORW: name:enp0s3: saddr:100932208: daddr:33561200
[  262.128792] AAAAA-TCP_FORW: name:enp0s3: saddr:100932208: daddr:33561200
[  262.309873] AAAAA-TCP_FORW: name:enp0s3: saddr:100932208: daddr:33561200
[  262.460234] AAAAA-TCP_FORW: name:enp0s3: saddr:100932208: daddr:33561200
[  262.548877] AAAAA-TCP_FORW: name:enp0s3: saddr:100932208: daddr:33561200
[  262.678659] AAAAA-TCP_FORW: name:enp0s3: saddr:100932208: daddr:33561200
[  262.835760] AAAAA-TCP_FORW: name:enp0s3: saddr:100932208: daddr:33561200
[  262.837625] AAAAA-TCP_FORW: name:enp0s3: saddr:100932208: daddr:33561200
[  263.237053] AAAAA-TCP_FORW: name:enp0s3: saddr:100932208: daddr:33561200
[  263.935185] AAAAA-TCP_FORW: name:enp0s3: saddr:100932208: daddr:33561200
[  264.039246] AAAAA-TCP_FORW: name:enp0s3: saddr:100932208: daddr:33561200
[  264.137424] AAAAA-TCP_FORW: name:enp0s3: saddr:100932208: daddr:33561200
[  264.201592] AAAAA-TCP_FORW: name:enp0s3: saddr:100932208: daddr:33561200
[  264.406645] AAAAA-TCP_FORW: name:enp0s3: saddr:100932208: daddr:33561200
[  264.704184] AAAAA-TCP_FORW: name:enp0s3: saddr:100932208: daddr:33561200
[  264.803066] AAAAA-TCP_FORW: name:enp0s3: saddr:100932208: daddr:16783984
[  264.883660] AAAAA-TCP_FORW: name:enp0s3: saddr:100932208: daddr:16783984
[  264.908927] AAAAA-TCP_FORW: name:enp0s3: saddr:100932208: daddr:16783984
[  265.328020] AAAAA-TCP_FORW: name:enp0s3: saddr:100932208: daddr:33561200
[  265.580551] AAAAA-TCP_FORW: name:enp0s3: saddr:100932208: daddr:33561200
[  265.679076] AAAAA-TCP_FORW: name:enp0s3: saddr:100932208: daddr:33561200
[  265.831399] AAAAA-TCP_FORW: name:enp0s3: saddr:100932208: daddr:16783984
[  265.962430] AAAAA-TCP_FORW: name:enp0s3: saddr:100932208: daddr:16783984
[  266.193498] AAAAA-TCP_FORW: name:enp0s3: saddr:100932208: daddr:16783984
[  266.316530] AAAAA-TCP_FORW: name:enp0s3: saddr:100932208: daddr:16783984
[  266.524133] AAAAA-TCP_FORW: name:enp0s3: saddr:100932208: daddr:16783984
[  267.121225] AAAAA-TCP_FORW: name:enp0s3: saddr:100932208: daddr:16783984
[  267.556087] AAAAA-TCP_FORW: name:enp0s3: saddr:100932208: daddr:16783984
[  268.082964] AAAAA-TCP_FORW: name:enp0s3: saddr:100932208: daddr:16783984
[  268.238446] AAAAA-TCP_FORW: name:enp0s3: saddr:100932208: daddr:16783984
[  268.422795] AAAAA-TCP_FORW: name:enp0s3: saddr:100932208: daddr:33561200
[  268.587342] AAAAA-TCP_FORW: name:enp0s3: saddr:100932208: daddr:16783984
[  268.719417] AAAAA-TCP_FORW: name:enp0s3: saddr:100932208: daddr:16783984
[  269.059695] AAAAA-TCP_FORW: name:enp0s3: saddr:100932208: daddr:16783984
[  269.178848] AAAAA-TCP_FORW: name:enp0s3: saddr:100932208: daddr:16783984
[  269.516086] AAAAA-TCP_FORW: name:enp0s3: saddr:100932208: daddr:16783984
[  269.603057] AAAAA-TCP_FORW: name:enp0s3: saddr:100932208: daddr:16783984
[  269.669157] AAAAA-TCP_FORW: name:enp0s3: saddr:100932208: daddr:16783984
[  269.745163] AAAAA-TCP_FORW: name:enp0s3: saddr:100932208: daddr:33561200
[  269.835709] AAAAA-TCP_FORW: name:enp0s3: saddr:100932208: daddr:33561200
[  269.904665] AAAAA-TCP_FORW: name:enp0s3: saddr:100932208: daddr:33561200
[  270.052834] AAAAA-TCP_FORW: name:enp0s3: saddr:100932208: daddr:33561200
[  270.103097] AAAAA-TCP_FORW: name:enp0s3: saddr:100932208: daddr:33561200
[  270.138013] AAAAA-TCP_FORW: name:enp0s3: saddr:100932208: daddr:33561200
[  270.283574] AAAAA-TCP_FORW: name:enp0s3: saddr:100932208: daddr:33561200
[  270.511290] AAAAA-TCP_FORW: name:enp0s3: saddr:100932208: daddr:33561200
[  270.605770] AAAAA-TCP_FORW: name:enp0s3: saddr:100932208: daddr:16783984
[  270.742157] AAAAA-TCP_FORW: name:enp0s3: saddr:100932208: daddr:33561200
[  270.867327] AAAAA-TCP_FORW: name:enp0s3: saddr:100932208: daddr:33561200
[  270.947371] AAAAA-TCP_FORW: name:enp0s3: saddr:100932208: daddr:33561200
[  271.203183] AAAAA-TCP_FORW: name:enp0s3: saddr:100932208: daddr:33561200
[  271.341298] AAAAA-TCP_FORW: name:enp0s3: saddr:100932208: daddr:33561200
[  272.341071] AAAAA-TCP_FORW: name:enp0s3: saddr:100932208: daddr:33561200
[  272.662610] AAAAA-TCP_FORW: name:enp0s3: saddr:100932208: daddr:16783984
[  273.217773] AAAAA-TCP_FORW: name:enp0s3: saddr:100932208: daddr:16783984
[  274.198940] AAAAA-TCP_FORW: name:enp0s3: saddr:100932208: daddr:33561200
[  274.294589] AAAAA-TCP_FORW: name:enp0s3: saddr:100932208: daddr:33561200
[  274.384627] AAAAA-TCP_FORW: name:enp0s3: saddr:100932208: daddr:16783984
[  274.633858] AAAAA-TCP_FORW: name:enp0s3: saddr:100932208: daddr:16783984
[  274.770351] AAAAA-TCP_FORW: name:enp0s3: saddr:100932208: daddr:33561200
[  274.873870] AAAAA-TCP_FORW: name:enp0s3: saddr:100932208: daddr:33561200
[  277.215609] AAAAA-TCP_FORW: name:enp0s3: saddr:100932208: daddr:33561200
[  278.434802] AAAAA-TCP_FORW: name:enp0s3: saddr:100932208: daddr:33561200
[  278.726569] AAAAA-TCP_FORW: name:enp0s3: saddr:100932208: daddr:33561200
[  278.837895] AAAAA-TCP_FORW: name:enp0s3: saddr:100932208: daddr:33561200
[  278.995129] AAAAA-TCP_FORW: name:enp0s3: saddr:100932208: daddr:16783984
[  279.103209] AAAAA-TCP_FORW: name:enp0s3: saddr:100932208: daddr:16783984
[  279.264085] AAAAA-TCP_FORW: name:enp0s3: saddr:100932208: daddr:16783984
[  279.348543] AAAAA-TCP_FORW: name:enp0s3: saddr:100932208: daddr:16783984
[  279.418180] AAAAA-TCP_FORW: name:enp0s3: saddr:100932208: daddr:33561200
[  279.509044] AAAAA-TCP_FORW: name:enp0s3: saddr:100932208: daddr:33561200
[  279.678473] AAAAA-TCP_FORW: name:enp0s3: saddr:100932208: daddr:16783984
[  279.782540] AAAAA-TCP_FORW: name:enp0s3: saddr:100932208: daddr:33561200
[  279.857596] AAAAA-TCP_FORW: name:enp0s3: saddr:100932208: daddr:33561200
[  279.947076] AAAAA-TCP_FORW: name:enp0s3: saddr:100932208: daddr:16783984
[  280.103218] AAAAA-TCP_FORW: name:enp0s3: saddr:100932208: daddr:16783984
[  280.107517] AAAAA-TCP_FORW: name:enp0s3: saddr:100932208: daddr:33561200
[  280.222607] AAAAA-TCP_FORW: name:enp0s3: saddr:100932208: daddr:33561200
[  280.306852] AAAAA-TCP_FORW: name:enp0s3: saddr:100932208: daddr:16783984
[  280.438060] AAAAA-TCP_FORW: name:enp0s3: saddr:100932208: daddr:16783984
[  280.513809] AAAAA-TCP_FORW: name:enp0s3: saddr:100932208: daddr:33561200
[  280.599931] AAAAA-TCP_FORW: name:enp0s3: saddr:100932208: daddr:16783984
[  280.685790] AAAAA-TCP_FORW: name:enp0s3: saddr:100932208: daddr:16783984
[  280.736547] AAAAA-TCP_FORW: name:enp0s3: saddr:100932208: daddr:16783984
[  280.808528] AAAAA-TCP_FORW: name:enp0s3: saddr:100932208: daddr:16783984
[  280.891792] AAAAA-TCP_FORW: name:enp0s3: saddr:100932208: daddr:33561200
[  280.969888] AAAAA-TCP_FORW: name:enp0s3: saddr:100932208: daddr:33561200
[  281.057324] AAAAA-TCP_FORW: name:enp0s3: saddr:100932208: daddr:16783984
[  281.216533] AAAAA-TCP_FORW: name:enp0s3: saddr:100932208: daddr:16783984
[  281.438645] AAAAA-TCP_FORW: name:enp0s3: saddr:100932208: daddr:16783984
[  281.527200] AAAAA-TCP_FORW: name:enp0s3: saddr:100932208: daddr:16783984
[  281.602281] AAAAA-TCP_FORW: name:enp0s3: saddr:100932208: daddr:33561200
[  281.892788] AAAAA-TCP_FORW: name:enp0s3: saddr:100932208: daddr:33561200
[  281.894670] AAAAA-TCP_FORW: name:enp0s3: saddr:100932208: daddr:16783984
[  282.084337] AAAAA-TCP_FORW: name:enp0s3: saddr:100932208: daddr:16783984
[  282.234151] AAAAA-TCP_FORW: name:enp0s3: saddr:100932208: daddr:33561200
[  282.236049] AAAAA-TCP_FORW: name:enp0s3: saddr:100932208: daddr:33561200
[  282.459441] AAAAA-TCP_FORW: name:enp0s3: saddr:100932208: daddr:33561200
[  282.564115] AAAAA-TCP_FORW: name:enp0s3: saddr:100932208: daddr:33561200
[  282.669549] AAAAA-TCP_FORW: name:enp0s3: saddr:100932208: daddr:33561200
[  282.867952] AAAAA-TCP_FORW: name:enp0s3: saddr:100932208: daddr:16783984
[  282.913439] AAAAA-TCP_FORW: name:enp0s3: saddr:100932208: daddr:16783984
[  282.955443] AAAAA-TCP_FORW: name:enp0s3: saddr:100932208: daddr:16783984
[  283.189285] AAAAA-TCP_FORW: name:enp0s3: saddr:100932208: daddr:16783984
[  283.250800] AAAAA-TCP_FORW: name:enp0s3: saddr:100932208: daddr:16783984
[  283.431981] AAAAA-TCP_FORW: name:enp0s3: saddr:100932208: daddr:16783984
[  283.805221] AAAAA-TCP_FORW: name:enp0s3: saddr:100932208: daddr:33561200
[  283.862813] AAAAA-TCP_FORW: name:enp0s3: saddr:100932208: daddr:33561200
[  283.939044] AAAAA-TCP_FORW: name:enp0s3: saddr:100932208: daddr:33561200
[  284.009554] AAAAA-TCP_FORW: name:enp0s3: saddr:100932208: daddr:16783984
[  284.053392] AAAAA-TCP_FORW: name:enp0s3: saddr:100932208: daddr:16783984
[  284.095537] AAAAA-TCP_FORW: name:enp0s3: saddr:100932208: daddr:16783984
[  284.184530] AAAAA-TCP_FORW: name:enp0s3: saddr:100932208: daddr:33561200
[  284.359132] AAAAA-TCP_FORW: name:enp0s3: saddr:100932208: daddr:33561200
[  284.463203] AAAAA-TCP_FORW: name:enp0s3: saddr:100932208: daddr:33561200
[  284.514486] AAAAA-TCP_FORW: name:enp0s3: saddr:100932208: daddr:33561200
[  284.838045] AAAAA-TCP_FORW: name:enp0s3: saddr:100932208: daddr:16783984
[  285.089841] AAAAA-TCP_FORW: name:enp0s3: saddr:100932208: daddr:16783984
[  286.324313] AAAAA-TCP_FORW: name:enp0s3: saddr:100932208: daddr:16783984
[  286.630584] AAAAA-TCP_FORW: name:enp0s3: saddr:100932208: daddr:33561200
[  286.883075] AAAAA-TCP_FORW: name:enp0s3: saddr:100932208: daddr:16783984
[  287.723947] AAAAA-TCP_FORW: name:enp0s3: saddr:100932208: daddr:16783984
[  287.915754] AAAAA-TCP_FORW: name:enp0s3: saddr:100932208: daddr:16783984
[  289.117450] AAAAA-TCP_FORW: name:enp0s3: saddr:100932208: daddr:16783984
[  289.234795] AAAAA-TCP_FORW: name:enp0s3: saddr:100932208: daddr:16783984
[  289.532415] AAAAA-TCP_FORW: name:enp0s3: saddr:100932208: daddr:16783984
[  289.664643] AAAAA-TCP_FORW: name:enp0s3: saddr:100932208: daddr:33561200
[  289.773249] AAAAA-TCP_FORW: name:enp0s3: saddr:100932208: daddr:33561200
[  290.560104] AAAAA-TCP_FORW: name:enp0s3: saddr:100932208: daddr:16783984
[  290.789454] AAAAA-TCP_FORW: name:enp0s3: saddr:100932208: daddr:33561200
[  291.006621] AAAAA-TCP_FORW: name:enp0s3: saddr:100932208: daddr:33561200
[  291.011058] AAAAA-TCP_FORW: name:enp0s3: saddr:100932208: daddr:33561200
[  291.115712] AAAAA-TCP_FORW: name:enp0s3: saddr:100932208: daddr:33561200
[  291.332163] AAAAA-TCP_FORW: name:enp0s3: saddr:100932208: daddr:33561200
[  291.468693] AAAAA-TCP_FORW: name:enp0s3: saddr:100932208: daddr:33561200
[  291.594955] AAAAA-TCP_FORW: name:enp0s3: saddr:100932208: daddr:16783984
[  291.797202] AAAAA-TCP_FORW: name:enp0s3: saddr:100932208: daddr:16783984
[  292.591365] AAAAA-TCP_FORW: name:enp0s3: saddr:100932208: daddr:16783984
[  293.107153] AAAAA-TCP_FORW: name:enp0s3: saddr:100932208: daddr:33561200
[  293.371529] AAAAA-TCP_FORW: name:enp0s3: saddr:100932208: daddr:16783984
[  293.868160] AAAAA-TCP_FORW: name:enp0s3: saddr:100932208: daddr:16783984
[  293.998511] AAAAA-TCP_FORW: name:enp0s3: saddr:100932208: daddr:16783984
[  294.482529] AAAAA-TCP_FORW: name:enp0s3: saddr:100932208: daddr:16783984
[  294.682637] AAAAA-TCP_FORW: name:enp0s3: saddr:100932208: daddr:16783984
[  294.826775] AAAAA-TCP_FORW: name:enp0s3: saddr:100932208: daddr:16783984
[  294.908527] AAAAA-TCP_FORW: name:enp0s3: saddr:100932208: daddr:33561200
[  295.057156] AAAAA-TCP_FORW: name:enp0s3: saddr:100932208: daddr:33561200
[  295.143693] AAAAA-TCP_FORW: name:enp0s3: saddr:100932208: daddr:16783984
[  295.549572] AAAAA-TCP_FORW: name:enp0s3: saddr:100932208: daddr:33561200
[  295.635354] AAAAA-TCP_FORW: name:enp0s3: saddr:100932208: daddr:33561200
[  295.878290] AAAAA-TCP_FORW: name:enp0s3: saddr:100932208: daddr:33561200
[  295.884097] AAAAA-TCP_FORW: name:enp0s3: saddr:100932208: daddr:33561200
[  295.997171] AAAAA-TCP_FORW: name:enp0s3: saddr:100932208: daddr:33561200
[  296.069274] AAAAA-TCP_FORW: name:enp0s3: saddr:100932208: daddr:33561200
[  296.161897] AAAAA-TCP_FORW: name:enp0s3: saddr:100932208: daddr:33561200
[  296.263018] AAAAA-TCP_FORW: name:enp0s3: saddr:100932208: daddr:33561200
[  296.338588] AAAAA-TCP_FORW: name:enp0s3: saddr:100932208: daddr:33561200
[  296.389222] AAAAA-TCP_FORW: name:enp0s3: saddr:100932208: daddr:33561200
[  296.458701] AAAAA-TCP_FORW: name:enp0s3: saddr:100932208: daddr:33561200
[  296.594793] AAAAA-TCP_FORW: name:enp0s3: saddr:100932208: daddr:16783984
[  296.712623] AAAAA-TCP_FORW: name:enp0s3: saddr:100932208: daddr:16783984
[  296.828798] AAAAA-TCP_FORW: name:enp0s3: saddr:100932208: daddr:16783984
[  296.923225] AAAAA-TCP_FORW: name:enp0s3: saddr:100932208: daddr:16783984
[  297.038386] AAAAA-TCP_FORW: name:enp0s3: saddr:100932208: daddr:16783984
[  297.087957] AAAAA-TCP_FORW: name:enp0s3: saddr:100932208: daddr:16783984
[  297.197258] AAAAA-TCP_FORW: name:enp0s3: saddr:100932208: daddr:16783984
[  297.280575] AAAAA-TCP_FORW: name:enp0s3: saddr:100932208: daddr:16783984
[  297.386565] AAAAA-TCP_FORW: name:enp0s3: saddr:100932208: daddr:16783984
[  297.435237] AAAAA-TCP_FORW: name:enp0s3: saddr:100932208: daddr:16783984
[  297.523100] AAAAA-TCP_FORW: name:enp0s3: saddr:100932208: daddr:33561200
[  297.599030] AAAAA-TCP_FORW: name:enp0s3: saddr:100932208: daddr:16783984
[  303.805835] AAAAA-TCP_FORW: name:enp0s3: saddr:100932208: daddr:16783984
[  306.700376] AAAAA-TCP_FORW: name:enp0s3: saddr:100932208: daddr:16783984
[  306.823157] AAAAA-TCP_FORW: name:enp0s3: saddr:100932208: daddr:16783984
[  306.949640] AAAAA-TCP_FORW: name:enp0s3: saddr:100932208: daddr:16783984
[  307.065717] AAAAA-TCP_FORW: name:enp0s3: saddr:100932208: daddr:16783984
[  307.126675] AAAAA-TCP_FORW: name:enp0s3: saddr:100932208: daddr:16783984
[  307.251662] AAAAA-TCP_FORW: name:enp0s3: saddr:100932208: daddr:16783984
[  307.339088] AAAAA-TCP_FORW: name:enp0s3: saddr:100932208: daddr:16783984
[  307.418242] AAAAA-TCP_FORW: name:enp0s3: saddr:100932208: daddr:16783984
[  307.490354] AAAAA-TCP_FORW: name:enp0s3: saddr:100932208: daddr:16783984
[  307.611744] AAAAA-TCP_FORW: name:enp0s3: saddr:100932208: daddr:16783984
[  307.634297] AAAAA-TCP_FORW: name:enp0s3: saddr:100932208: daddr:16783984
[  307.686288] AAAAA-TCP_FORW: name:enp0s3: saddr:100932208: daddr:16783984
[  307.732236] AAAAA-TCP_FORW: name:enp0s3: saddr:100932208: daddr:16783984
[  307.767641] AAAAA-TCP_FORW: name:enp0s3: saddr:100932208: daddr:16783984
[  307.906333] AAAAA-TCP_FORW: name:enp0s3: saddr:100932208: daddr:16783984
[  307.964683] AAAAA-TCP_FORW: name:enp0s3: saddr:100932208: daddr:16783984
[  308.020554] AAAAA-TCP_FORW: name:enp0s3: saddr:100932208: daddr:16783984
[  308.070262] AAAAA-TCP_FORW: name:enp0s3: saddr:100932208: daddr:16783984
[  308.125357] AAAAA-TCP_FORW: name:enp0s3: saddr:100932208: daddr:16783984
[  308.999888] AAAAA-TCP_FORW: name:enp0s3: saddr:100932208: daddr:16783984
[  309.071837] AAAAA-TCP_FORW: name:enp0s3: saddr:100932208: daddr:16783984
[  309.274291] AAAAA-TCP_FORW: name:enp0s3: saddr:100932208: daddr:16783984
[  309.450762] AAAAA-TCP_FORW: name:enp0s3: saddr:100932208: daddr:16783984
[  309.624651] AAAAA-TCP_FORW: name:enp0s3: saddr:100932208: daddr:16783984
[  309.717801] AAAAA-TCP_FORW: name:enp0s3: saddr:100932208: daddr:16783984
[  310.008863] AAAAA-TCP_FORW: name:enp0s3: saddr:100932208: daddr:16783984
[  310.195858] AAAAA-TCP_FORW: name:enp0s3: saddr:100932208: daddr:16783984
[  310.347569] AAAAA-TCP_FORW: name:enp0s3: saddr:100932208: daddr:16783984
[  310.500812] AAAAA-TCP_FORW: name:enp0s3: saddr:100932208: daddr:16783984
[  310.954935] AAAAA-TCP_FORW: name:enp0s3: saddr:100932208: daddr:16783984
[  311.098688] AAAAA-TCP_FORW: name:enp0s3: saddr:100932208: daddr:16783984
[  311.149489] AAAAA-TCP_FORW: name:enp0s3: saddr:100932208: daddr:16783984
[  311.219966] AAAAA-TCP_FORW: name:enp0s3: saddr:100932208: daddr:16783984
[  311.268503] AAAAA-TCP_FORW: name:enp0s3: saddr:100932208: daddr:16783984
[  311.434515] AAAAA-TCP_FORW: name:enp0s3: saddr:100932208: daddr:16783984
[  311.544388] AAAAA-TCP_FORW: name:enp0s3: saddr:100932208: daddr:16783984
[  311.686441] AAAAA-TCP_FORW: name:enp0s3: saddr:100932208: daddr:16783984
[  311.751421] AAAAA-TCP_FORW: name:enp0s3: saddr:100932208: daddr:16783984
[  312.151484] AAAAA-TCP_FORW: name:enp0s3: saddr:100932208: daddr:16783984
[  312.241966] AAAAA-TCP_FORW: name:enp0s3: saddr:100932208: daddr:16783984
[  312.742333] AAAAA-TCP_FORW: name:enp0s3: saddr:100932208: daddr:16783984
[  312.911666] AAAAA-TCP_FORW: name:enp0s3: saddr:100932208: daddr:33561200
[  313.659159] AAAAA-TCP_FORW: name:enp0s3: saddr:100932208: daddr:16783984
[  313.779728] AAAAA-TCP_FORW: name:enp0s3: saddr:100932208: daddr:16783984
[  313.930623] AAAAA-TCP_FORW: name:enp0s3: saddr:100932208: daddr:16783984
[  314.026298] AAAAA-TCP_FORW: name:enp0s3: saddr:100932208: daddr:16783984
[  314.108757] AAAAA-TCP_FORW: name:enp0s3: saddr:100932208: daddr:16783984
[  314.185329] AAAAA-TCP_FORW: name:enp0s3: saddr:100932208: daddr:16783984
[  314.336180] AAAAA-TCP_FORW: name:enp0s3: saddr:100932208: daddr:16783984
[  314.338046] AAAAA-TCP_FORW: name:enp0s3: saddr:100932208: daddr:16783984
[  314.476509] AAAAA-TCP_FORW: name:enp0s3: saddr:100932208: daddr:16783984
[  314.544722] AAAAA-TCP_FORW: name:enp0s3: saddr:100932208: daddr:33561200
[  314.652001] AAAAA-TCP_FORW: name:enp0s3: saddr:100932208: daddr:16783984
[  314.681442] AAAAA-TCP_FORW: name:enp0s3: saddr:100932208: daddr:16783984
[  314.858067] AAAAA-TCP_FORW: name:enp0s3: saddr:100932208: daddr:16783984
[  314.910119] AAAAA-TCP_FORW: name:enp0s3: saddr:100932208: daddr:16783984
[  315.055611] AAAAA-TCP_FORW: name:enp0s3: saddr:100932208: daddr:16783984
[  315.168896] AAAAA-TCP_FORW: name:enp0s3: saddr:100932208: daddr:16783984
[  315.272972] AAAAA-TCP_FORW: name:enp0s3: saddr:100932208: daddr:16783984
[  315.343563] AAAAA-TCP_FORW: name:enp0s3: saddr:100932208: daddr:16783984
[  315.424755] AAAAA-TCP_FORW: name:enp0s3: saddr:100932208: daddr:16783984
[  315.496428] AAAAA-TCP_FORW: name:enp0s3: saddr:100932208: daddr:16783984
[  315.609449] AAAAA-TCP_FORW: name:enp0s3: saddr:100932208: daddr:16783984
[  315.709000] AAAAA-TCP_FORW: name:enp0s3: saddr:100932208: daddr:16783984
[  315.769581] AAAAA-TCP_FORW: name:enp0s3: saddr:100932208: daddr:16783984
[  315.856545] AAAAA-TCP_FORW: name:enp0s3: saddr:100932208: daddr:16783984
[  315.946644] AAAAA-TCP_FORW: name:enp0s3: saddr:100932208: daddr:16783984
[  316.010996] AAAAA-TCP_FORW: name:enp0s3: saddr:100932208: daddr:16783984
[  316.071971] AAAAA-TCP_FORW: name:enp0s3: saddr:100932208: daddr:16783984
[  316.172053] AAAAA-TCP_FORW: name:enp0s3: saddr:100932208: daddr:16783984
[  316.329200] AAAAA-TCP_FORW: name:enp0s3: saddr:100932208: daddr:16783984
[  316.333430] AAAAA-TCP_FORW: name:enp0s3: saddr:100932208: daddr:16783984
[  316.524407] AAAAA-TCP_FORW: name:enp0s3: saddr:100932208: daddr:16783984
[  316.603482] AAAAA-TCP_FORW: name:enp0s3: saddr:100932208: daddr:16783984
[  316.716080] AAAAA-TCP_FORW: name:enp0s3: saddr:100932208: daddr:16783984
[  316.851793] AAAAA-TCP_FORW: name:enp0s3: saddr:100932208: daddr:16783984
[  316.939681] AAAAA-TCP_FORW: name:enp0s3: saddr:100932208: daddr:16783984
[  317.196508] AAAAA-TCP_FORW: name:enp0s3: saddr:100932208: daddr:16783984
[  317.353736] AAAAA-TCP_FORW: name:enp0s3: saddr:100932208: daddr:16783984
[  317.472139] AAAAA-TCP_FORW: name:enp0s3: saddr:100932208: daddr:16783984
[  317.672085] AAAAA-TCP_FORW: name:enp0s3: saddr:100932208: daddr:16783984
[  317.797699] AAAAA-TCP_FORW: name:enp0s3: saddr:100932208: daddr:16783984
[  317.913268] AAAAA-TCP_FORW: name:enp0s3: saddr:100932208: daddr:16783984
[  317.993838] AAAAA-TCP_FORW: name:enp0s3: saddr:100932208: daddr:16783984
[  318.127209] AAAAA-TCP_FORW: name:enp0s3: saddr:100932208: daddr:16783984
[  318.232871] AAAAA-TCP_FORW: name:enp0s3: saddr:100932208: daddr:16783984
[  318.445258] AAAAA-TCP_FORW: name:enp0s3: saddr:100932208: daddr:16783984
[  318.715735] AAAAA-TCP_FORW: name:enp0s3: saddr:100932208: daddr:16783984
[  318.958918] AAAAA-TCP_FORW: name:enp0s3: saddr:100932208: daddr:16783984
[  319.103933] AAAAA-TCP_FORW: name:enp0s3: saddr:100932208: daddr:16783984
[  319.208959] AAAAA-TCP_FORW: name:enp0s3: saddr:100932208: daddr:16783984
[  319.376990] AAAAA-TCP_FORW: name:enp0s3: saddr:100932208: daddr:16783984
[  319.468278] AAAAA-TCP_FORW: name:enp0s3: saddr:100932208: daddr:16783984
[  319.510607] AAAAA-TCP_FORW: name:enp0s3: saddr:100932208: daddr:16783984
[  319.777656] AAAAA-TCP_FORW: name:enp0s3: saddr:100932208: daddr:16783984
[  319.859876] AAAAA-TCP_FORW: name:enp0s3: saddr:100932208: daddr:16783984
[  320.007266] AAAAA-TCP_FORW: name:enp0s3: saddr:100932208: daddr:16783984
[  320.141868] AAAAA-TCP_FORW: name:enp0s3: saddr:100932208: daddr:33561200
[  320.252413] AAAAA-TCP_FORW: name:enp0s3: saddr:100932208: daddr:33561200
[  320.305051] AAAAA-TCP_FORW: name:enp0s3: saddr:100932208: daddr:33561200
[  320.383045] AAAAA-TCP_FORW: name:enp0s3: saddr:100932208: daddr:33561200
[  320.440269] AAAAA-TCP_FORW: name:enp0s3: saddr:100932208: daddr:33561200
[  320.519838] AAAAA-TCP_FORW: name:enp0s3: saddr:100932208: daddr:33561200
[  320.584543] AAAAA-TCP_FORW: name:enp0s3: saddr:100932208: daddr:33561200
[  320.734287] AAAAA-TCP_FORW: name:enp0s3: saddr:100932208: daddr:33561200
[  320.795516] AAAAA-TCP_FORW: name:enp0s3: saddr:100932208: daddr:33561200
[  320.873346] AAAAA-TCP_FORW: name:enp0s3: saddr:100932208: daddr:33561200
[  320.973323] AAAAA-TCP_FORW: name:enp0s3: saddr:100932208: daddr:33561200
[  321.088934] AAAAA-TCP_FORW: name:enp0s3: saddr:100932208: daddr:33561200
[  321.211596] AAAAA-TCP_FORW: name:enp0s3: saddr:100932208: daddr:33561200
[  321.288456] AAAAA-TCP_FORW: name:enp0s3: saddr:100932208: daddr:33561200
[  321.406590] AAAAA-TCP_FORW: name:enp0s3: saddr:100932208: daddr:33561200
[  321.492721] AAAAA-TCP_FORW: name:enp0s3: saddr:100932208: daddr:16783984
[  321.598080] AAAAA-TCP_FORW: name:enp0s3: saddr:100932208: daddr:16783984
[  321.646611] AAAAA-TCP_FORW: name:enp0s3: saddr:100932208: daddr:16783984
[  321.740073] AAAAA-TCP_FORW: name:enp0s3: saddr:100932208: daddr:16783984
[  321.823913] AAAAA-TCP_FORW: name:enp0s3: saddr:100932208: daddr:16783984
[  323.543591] AAAAA-TCP_FORW: name:enp0s3: saddr:100932208: daddr:16783984
[  327.422861] AAAAA-TCP_FORW: name:enp0s3: saddr:100932208: daddr:16783984
[  330.383676] AAAAA-TCP_FORW: name:enp0s3: saddr:100932208: daddr:16783984
[  336.545608] AAAAA-TCP_FORW: name:enp0s3: saddr:100932208: daddr:16783984
[  336.626953] AAAAA-TCP_FORW: name:enp0s3: saddr:100932208: daddr:16783984
[  336.718152] AAAAA-TCP_FORW: name:enp0s3: saddr:100932208: daddr:16783984
[  336.808334] AAAAA-TCP_FORW: name:enp0s3: saddr:100932208: daddr:16783984
[  336.920947] AAAAA-TCP_FORW: name:enp0s3: saddr:100932208: daddr:16783984
[  336.932248] AAAAA-TCP_FORW: name:enp0s3: saddr:100932208: daddr:16783984
[  337.076550] AAAAA-TCP_FORW: name:enp0s3: saddr:100932208: daddr:16783984
[  337.126328] AAAAA-TCP_FORW: name:enp0s3: saddr:100932208: daddr:16783984
[  337.182210] AAAAA-TCP_FORW: name:enp0s3: saddr:100932208: daddr:16783984
[  337.269017] AAAAA-TCP_FORW: name:enp0s3: saddr:100932208: daddr:16783984
[  337.330599] AAAAA-TCP_FORW: name:enp0s3: saddr:100932208: daddr:16783984
[  337.449263] AAAAA-TCP_FORW: name:enp0s3: saddr:100932208: daddr:16783984
[  337.545116] AAAAA-TCP_FORW: name:enp0s3: saddr:100932208: daddr:16783984
[  337.588012] AAAAA-TCP_FORW: name:enp0s3: saddr:100932208: daddr:16783984
[  337.679743] AAAAA-TCP_FORW: name:enp0s3: saddr:100932208: daddr:16783984
[  337.745940] AAAAA-TCP_FORW: name:enp0s3: saddr:100932208: daddr:16783984
[  337.819740] AAAAA-TCP_FORW: name:enp0s3: saddr:100932208: daddr:33561200
[  337.862606] AAAAA-TCP_FORW: name:enp0s3: saddr:100932208: daddr:33561200
[  337.955253] AAAAA-TCP_FORW: name:enp0s3: saddr:100932208: daddr:33561200
[  338.029948] AAAAA-TCP_FORW: name:enp0s3: saddr:100932208: daddr:33561200
[  338.107658] AAAAA-TCP_FORW: name:enp0s3: saddr:100932208: daddr:33561200
[  338.224067] AAAAA-TCP_FORW: name:enp0s3: saddr:100932208: daddr:33561200
[  338.321533] AAAAA-TCP_FORW: name:enp0s3: saddr:100932208: daddr:33561200
[  338.416604] AAAAA-TCP_FORW: name:enp0s3: saddr:100932208: daddr:33561200
[  338.505945] AAAAA-TCP_FORW: name:enp0s3: saddr:100932208: daddr:33561200
[  338.521859] AAAAA-TCP_FORW: name:enp0s3: saddr:100932208: daddr:33561200
[  338.647917] AAAAA-TCP_FORW: name:enp0s3: saddr:100932208: daddr:33561200
[  338.709200] AAAAA-TCP_FORW: name:enp0s3: saddr:100932208: daddr:33561200
[  338.825566] AAAAA-TCP_FORW: name:enp0s3: saddr:100932208: daddr:33561200
[  338.870542] AAAAA-TCP_FORW: name:enp0s3: saddr:100932208: daddr:33561200
[  338.919129] AAAAA-TCP_FORW: name:enp0s3: saddr:100932208: daddr:33561200
[  339.023427] AAAAA-TCP_FORW: name:enp0s3: saddr:100932208: daddr:33561200
[  339.088651] AAAAA-TCP_FORW: name:enp0s3: saddr:100932208: daddr:33561200
[  339.227320] AAAAA-TCP_FORW: name:enp0s3: saddr:100932208: daddr:33561200
[  339.370187] AAAAA-TCP_FORW: name:enp0s3: saddr:100932208: daddr:33561200
[  339.372005] AAAAA-TCP_FORW: name:enp0s3: saddr:100932208: daddr:33561200
[  339.515979] AAAAA-TCP_FORW: name:enp0s3: saddr:100932208: daddr:33561200
[  339.628917] AAAAA-TCP_FORW: name:enp0s3: saddr:100932208: daddr:33561200
[  341.068915] AAAAA-TCP_FORW: name:enp0s3: saddr:100932208: daddr:33561200
[  341.116011] AAAAA-TCP_FORW: name:enp0s3: saddr:100932208: daddr:16783984
[  341.331179] AAAAA-TCP_FORW: name:enp0s3: saddr:100932208: daddr:33561200
[  344.141314] AAAAA-TCP_FORW: name:enp0s3: saddr:100932208: daddr:16783984
[  344.554294] AAAAA-TCP_FORW: name:enp0s3: saddr:100932208: daddr:16783984
[  344.846739] AAAAA-TCP_FORW: name:enp0s3: saddr:100932208: daddr:33561200
[  344.933997] AAAAA-TCP_FORW: name:enp0s3: saddr:100932208: daddr:16783984
[  345.072220] AAAAA-TCP_FORW: name:enp0s3: saddr:100932208: daddr:33561200
[  345.537613] AAAAA-TCP_FORW: name:enp0s3: saddr:100932208: daddr:16783984
[  345.676046] AAAAA-TCP_FORW: name:enp0s3: saddr:100932208: daddr:16783984
[  345.752336] AAAAA-TCP_FORW: name:enp0s3: saddr:100932208: daddr:33561200
[  345.856828] AAAAA-TCP_FORW: name:enp0s3: saddr:100932208: daddr:33561200
[  345.924858] AAAAA-TCP_FORW: name:enp0s3: saddr:100932208: daddr:16783984
[  346.013662] AAAAA-TCP_FORW: name:enp0s3: saddr:100932208: daddr:16783984
[  346.124408] AAAAA-TCP_FORW: name:enp0s3: saddr:100932208: daddr:33561200
[  346.187040] AAAAA-TCP_FORW: name:enp0s3: saddr:100932208: daddr:33561200
[  346.270916] AAAAA-TCP_FORW: name:enp0s3: saddr:100932208: daddr:33561200
[  346.318456] AAAAA-TCP_FORW: name:enp0s3: saddr:100932208: daddr:16783984
[  346.415852] AAAAA-TCP_FORW: name:enp0s3: saddr:100932208: daddr:16783984
[  495.259743] rfkill: input handler enabled
[  504.616376] rfkill: input handler disabled
[  689.792075] device enp0s3 left promiscuous mode
