[    0.000000] Linux version 5.4.243-mptcp (root@ztg) (gcc version 12.2.0 (Debian 12.2.0-14+deb12u1)) #53 SMP Wed Dec 24 23:28:15 CST 2025
[    0.000000] Command line: BOOT_IMAGE=/boot/vmlinuz-5.4.243-mptcp root=UUID=98415a12-53b7-4144-8265-0f7ece09e445 ro quiet splash
[    0.000000] KERNEL supported cpus:
[    0.000000]   Intel GenuineIntel
[    0.000000]   AMD AuthenticAMD
[    0.000000]   Hygon HygonGenuine
[    0.000000]   Centaur CentaurHauls
[    0.000000]   zhaoxin   Shanghai  
[    0.000000] x86/fpu: Supporting XSAVE feature 0x001: 'x87 floating point registers'
[    0.000000] x86/fpu: Supporting XSAVE feature 0x002: 'SSE registers'
[    0.000000] x86/fpu: Supporting XSAVE feature 0x004: 'AVX registers'
[    0.000000] x86/fpu: xstate_offset[2]:  576, xstate_sizes[2]:  256
[    0.000000] x86/fpu: Enabled xstate features 0x7, context size is 832 bytes, using 'standard' format.
[    0.000000] BIOS-provided physical RAM map:
[    0.000000] BIOS-e820: [mem 0x0000000000000000-0x000000000009fbff] usable
[    0.000000] BIOS-e820: [mem 0x000000000009fc00-0x000000000009ffff] reserved
[    0.000000] BIOS-e820: [mem 0x00000000000f0000-0x00000000000fffff] reserved
[    0.000000] BIOS-e820: [mem 0x0000000000100000-0x000000007ffeffff] usable
[    0.000000] BIOS-e820: [mem 0x000000007fff0000-0x000000007fffffff] ACPI data
[    0.000000] BIOS-e820: [mem 0x00000000fec00000-0x00000000fec00fff] reserved
[    0.000000] BIOS-e820: [mem 0x00000000fee00000-0x00000000fee00fff] reserved
[    0.000000] BIOS-e820: [mem 0x00000000fffc0000-0x00000000ffffffff] reserved
[    0.000000] NX (Execute Disable) protection: active
[    0.000000] SMBIOS 2.5 present.
[    0.000000] DMI: innotek GmbH VirtualBox/VirtualBox, BIOS VirtualBox 12/01/2006
[    0.000000] Hypervisor detected: KVM
[    0.000000] kvm-clock: Using msrs 4b564d01 and 4b564d00
[    0.000000] kvm-clock: cpu 0, msr 24801001, primary cpu clock
[    0.000000] kvm-clock: using sched offset of 4527182655 cycles
[    0.000003] clocksource: kvm-clock: mask: 0xffffffffffffffff max_cycles: 0x1cd42e4dffb, max_idle_ns: 881590591483 ns
[    0.000006] tsc: Detected 2100.000 MHz processor
[    0.002053] e820: update [mem 0x00000000-0x00000fff] usable ==> reserved
[    0.002054] e820: remove [mem 0x000a0000-0x000fffff] usable
[    0.002059] last_pfn = 0x7fff0 max_arch_pfn = 0x400000000
[    0.002127] MTRR default type: uncachable
[    0.002128] MTRR fixed ranges enabled:
[    0.002129]   00000-9FFFF write-back
[    0.002130]   A0000-BFFFF uncachable
[    0.002131]   C0000-FFFFF write-protect
[    0.002131] MTRR variable ranges enabled:
[    0.002133]   0 base 000000000000 mask 3FFF80000000 write-back
[    0.002133]   1 disabled
[    0.002134]   2 disabled
[    0.002134]   3 disabled
[    0.002135]   4 disabled
[    0.002135]   5 disabled
[    0.002136]   6 disabled
[    0.002136]   7 disabled
[    0.002136]   8 disabled
[    0.002137]   9 disabled
[    0.002137]   10 disabled
[    0.002138]   11 disabled
[    0.002138]   12 disabled
[    0.002139]   13 disabled
[    0.002139]   14 disabled
[    0.002139]   15 disabled
[    0.002158] x86/PAT: Configuration [0-7]: WB  WC  UC- UC  WB  WP  UC- WT  
[    0.002315] found SMP MP-table at [mem 0x0009fff0-0x0009ffff]
[    0.112659] check: Scanning 1 areas for low memory corruption
[    0.112890] RAMDISK: [mem 0x32271000-0x3512ffff]
[    0.112899] ACPI: Early table checksum verification disabled
[    0.112904] ACPI: RSDP 0x00000000000E0000 000024 (v02 VBOX  )
[    0.112909] ACPI: XSDT 0x000000007FFF0030 00003C (v01 VBOX   VBOXXSDT 00000001 ASL  00000061)
[    0.112916] ACPI: FACP 0x000000007FFF00F0 0000F4 (v04 VBOX   VBOXFACP 00000001 ASL  00000061)
[    0.112923] ACPI: DSDT 0x000000007FFF02E0 002353 (v02 VBOX   VBOXBIOS 00000002 VBOX 00029BF3)
[    0.112928] ACPI: FACS 0x000000007FFF0200 000040
[    0.112932] ACPI: FACS 0x000000007FFF0200 000040
[    0.112936] ACPI: APIC 0x000000007FFF0240 000054 (v02 VBOX   VBOXAPIC 00000001 ASL  00000061)
[    0.112940] ACPI: SSDT 0x000000007FFF02A0 000038 (v01 VBOX   VBOXCPUT 00000002 VBOX 00029BF3)
[    0.112944] ACPI: Reserving FACP table memory at [mem 0x7fff00f0-0x7fff01e3]
[    0.112945] ACPI: Reserving DSDT table memory at [mem 0x7fff02e0-0x7fff2632]
[    0.112945] ACPI: Reserving FACS table memory at [mem 0x7fff0200-0x7fff023f]
[    0.112946] ACPI: Reserving FACS table memory at [mem 0x7fff0200-0x7fff023f]
[    0.112947] ACPI: Reserving APIC table memory at [mem 0x7fff0240-0x7fff0293]
[    0.112947] ACPI: Reserving SSDT table memory at [mem 0x7fff02a0-0x7fff02d7]
[    0.112963] ACPI: Local APIC address 0xfee00000
[    0.113159] No NUMA configuration found
[    0.113160] Faking a node at [mem 0x0000000000000000-0x000000007ffeffff]
[    0.113170] NODE_DATA(0) allocated [mem 0x7ffc5000-0x7ffeffff]
[    0.113431] Zone ranges:
[    0.113432]   DMA      [mem 0x0000000000001000-0x0000000000ffffff]
[    0.113433]   DMA32    [mem 0x0000000001000000-0x000000007ffeffff]
[    0.113434]   Normal   empty
[    0.113435]   Device   empty
[    0.113435] Movable zone start for each node
[    0.113437] Early memory node ranges
[    0.113438]   node   0: [mem 0x0000000000001000-0x000000000009efff]
[    0.113439]   node   0: [mem 0x0000000000100000-0x000000007ffeffff]
[    0.113442] Zeroed struct page in unavailable ranges: 114 pages
[    0.113443] Initmem setup node 0 [mem 0x0000000000001000-0x000000007ffeffff]
[    0.113444] On node 0 totalpages: 524174
[    0.113445]   DMA zone: 64 pages used for memmap
[    0.113446]   DMA zone: 21 pages reserved
[    0.113447]   DMA zone: 3998 pages, LIFO batch:0
[    0.113519]   DMA32 zone: 8128 pages used for memmap
[    0.113520]   DMA32 zone: 520176 pages, LIFO batch:63
[    0.122487] ACPI: PM-Timer IO Port: 0x4008
[    0.122490] ACPI: Local APIC address 0xfee00000
[    0.122561] IOAPIC[0]: apic_id 1, version 32, address 0xfec00000, GSI 0-23
[    0.122565] ACPI: INT_SRC_OVR (bus 0 bus_irq 0 global_irq 2 dfl dfl)
[    0.122567] ACPI: INT_SRC_OVR (bus 0 bus_irq 9 global_irq 9 low level)
[    0.122569] ACPI: IRQ0 used by override.
[    0.122570] ACPI: IRQ9 used by override.
[    0.122573] Using ACPI (MADT) for SMP configuration information
[    0.122581] smpboot: Allowing 1 CPUs, 0 hotplug CPUs
[    0.122604] PM: Registered nosave memory: [mem 0x00000000-0x00000fff]
[    0.122605] PM: Registered nosave memory: [mem 0x0009f000-0x0009ffff]
[    0.122606] PM: Registered nosave memory: [mem 0x000a0000-0x000effff]
[    0.122606] PM: Registered nosave memory: [mem 0x000f0000-0x000fffff]
[    0.122608] [mem 0x80000000-0xfebfffff] available for PCI devices
[    0.122609] Booting paravirtualized kernel on KVM
[    0.122611] clocksource: refined-jiffies: mask: 0xffffffff max_cycles: 0xffffffff, max_idle_ns: 7645519600211568 ns
[    0.122616] setup_percpu: NR_CPUS:8192 nr_cpumask_bits:1 nr_cpu_ids:1 nr_node_ids:1
[    0.123629] percpu: Embedded 60 pages/cpu s208896 r8192 d28672 u2097152
[    0.123634] pcpu-alloc: s208896 r8192 d28672 u2097152 alloc=1*2097152
[    0.123634] pcpu-alloc: [0] 0 
[    0.123659] Built 1 zonelists, mobility grouping on.  Total pages: 515961
[    0.123660] Policy zone: DMA32
[    0.123661] Kernel command line: BOOT_IMAGE=/boot/vmlinuz-5.4.243-mptcp root=UUID=98415a12-53b7-4144-8265-0f7ece09e445 ro quiet splash
[    0.124531] Dentry cache hash table entries: 262144 (order: 9, 2097152 bytes, linear)
[    0.124679] Inode-cache hash table entries: 131072 (order: 8, 1048576 bytes, linear)
[    0.124731] mem auto-init: stack:off, heap alloc:on, heap free:off
[    0.124734] Calgary: detecting Calgary via BIOS EBDA area
[    0.124735] Calgary: Unable to locate Rio Grande table in EBDA - bailing!
[    0.128857] Memory: 1967332K/2096696K available (14339K kernel code, 2398K rwdata, 4712K rodata, 2728K init, 17260K bss, 129364K reserved, 0K cma-reserved)
[    0.129814] SLUB: HWalign=64, Order=0-3, MinObjects=0, CPUs=1, Nodes=1
[    0.129831] ftrace: allocating 43186 entries in 169 pages
[    0.147874] rcu: Hierarchical RCU implementation.
[    0.147876] rcu: 	RCU restricting CPUs from NR_CPUS=8192 to nr_cpu_ids=1.
[    0.147877] 	Tasks RCU enabled.
[    0.147878] rcu: RCU calculated value of scheduler-enlistment delay is 25 jiffies.
[    0.147879] rcu: Adjusting geometry for rcu_fanout_leaf=16, nr_cpu_ids=1
[    0.150836] NR_IRQS: 524544, nr_irqs: 256, preallocated irqs: 16
[    0.151042] random: crng init done
[    0.160358] Console: colour VGA+ 80x25
[    0.160362] printk: console [tty0] enabled
[    0.160381] ACPI: Core revision 20190816
[    0.160480] APIC: Switch to symmetric I/O mode setup
[    0.160730] x2apic enabled
[    0.160972] Switched APIC routing to physical x2apic.
[    0.162112] ..TIMER: vector=0x30 apic1=0 pin1=2 apic2=-1 pin2=-1
[    0.162136] clocksource: tsc-early: mask: 0xffffffffffffffff max_cycles: 0x1e4530a99b6, max_idle_ns: 440795257976 ns
[    0.162141] Calibrating delay loop (skipped) preset value.. 4200.00 BogoMIPS (lpj=8400000)
[    0.162143] pid_max: default: 32768 minimum: 301
[    0.162170] LSM: Security Framework initializing
[    0.162179] Yama: becoming mindful.
[    0.162203] AppArmor: AppArmor initialized
[    0.162237] Mount-cache hash table entries: 4096 (order: 3, 32768 bytes, linear)
[    0.162241] Mountpoint-cache hash table entries: 4096 (order: 3, 32768 bytes, linear)
[    0.162251] *** VALIDATE tmpfs ***
[    0.162378] *** VALIDATE proc ***
[    0.162419] *** VALIDATE cgroup1 ***
[    0.162421] *** VALIDATE cgroup2 ***
[    0.162562] process: using mwait in idle threads
[    0.162567] Last level iTLB entries: 4KB 64, 2MB 8, 4MB 8
[    0.162567] Last level dTLB entries: 4KB 64, 2MB 0, 4MB 0, 1GB 4
[    0.162588] Spectre V1 : Mitigation: usercopy/swapgs barriers and __user pointer sanitization
[    0.162593] Spectre V2 : Mitigation: Retpolines
[    0.162594] Spectre V2 : Spectre v2 / SpectreRSB mitigation: Filling RSB on context switch
[    0.162595] Spectre V2 : Spectre v2 / SpectreRSB : Filling RSB on VMEXIT
[    0.162595] RETBleed: WARNING: Spectre v2 mitigation leaves CPU vulnerable to RETBleed attacks, data leaks possible!
[    0.162950] RETBleed: Vulnerable
[    0.162951] Speculative Store Bypass: Vulnerable
[    0.162956] TAA: Mitigation: TSX disabled
[    0.162956] MMIO Stale Data: Mitigation: Clear CPU buffers
[    0.167133] Freeing SMP alternatives memory: 40K
[    0.279704] smpboot: CPU0: Intel(R) Xeon(R) Silver 4216 CPU @ 2.10GHz (family: 0x6, model: 0x55, stepping: 0x7)
[    0.279803] Performance Events: unsupported p6 CPU model 85 no PMU driver, software events only.
[    0.279837] rcu: Hierarchical SRCU implementation.
[    0.280299] NMI watchdog: Perf NMI watchdog permanently disabled
[    0.280335] smp: Bringing up secondary CPUs ...
[    0.280336] smp: Brought up 1 node, 1 CPU
[    0.280337] smpboot: Max logical packages: 1
[    0.280338] smpboot: Total of 1 processors activated (4200.00 BogoMIPS)
[    0.281287] devtmpfs: initialized
[    0.281328] x86/mm: Memory block size: 128MB
[    0.281646] clocksource: jiffies: mask: 0xffffffff max_cycles: 0xffffffff, max_idle_ns: 7645041785100000 ns
[    0.281651] futex hash table entries: 256 (order: 2, 16384 bytes, linear)
[    0.281690] pinctrl core: initialized pinctrl subsystem
[    0.281786] PM: RTC time: 19:39:17, date: 2026-01-18
[    0.281890] NET: Registered protocol family 16
[    0.281962] audit: initializing netlink subsys (disabled)
[    0.282086] EISA bus registered
[    0.282087] cpuidle: using governor ladder
[    0.282088] cpuidle: using governor menu
[    0.282123] ACPI: bus type PCI registered
[    0.282125] acpiphp: ACPI Hot Plug PCI Controller Driver version: 0.5
[    0.282138] PCI: Using configuration type 1 for base access
[    0.282309] audit: type=2000 audit(1768736364.261:1): state=initialized audit_enabled=0 res=1
[    0.282383] HugeTLB registered 2.00 MiB page size, pre-allocated 0 pages
[    0.283225] ACPI: Added _OSI(Module Device)
[    0.283226] ACPI: Added _OSI(Processor Device)
[    0.283227] ACPI: Added _OSI(3.0 _SCP Extensions)
[    0.283227] ACPI: Added _OSI(Processor Aggregator Device)
[    0.283228] ACPI: Added _OSI(Linux-Dell-Video)
[    0.283229] ACPI: Added _OSI(Linux-Lenovo-NV-HDMI-Audio)
[    0.283230] ACPI: Added _OSI(Linux-HPI-Hybrid-Graphics)
[    0.285167] ACPI: 2 ACPI AML tables successfully acquired and loaded
[    0.286725] ACPI: Interpreter enabled
[    0.286735] ACPI: (supports S0 S5)
[    0.286736] ACPI: Using IOAPIC for interrupt routing
[    0.286942] PCI: Using host bridge windows from ACPI; if necessary, use "pci=nocrs" and report a bug
[    0.287053] ACPI: Enabled 2 GPEs in block 00 to 07
[    0.292058] ACPI: PCI Root Bridge [PCI0] (domain 0000 [bus 00-ff])
[    0.292063] acpi PNP0A03:00: _OSC: OS supports [ASPM ClockPM Segments MSI HPX-Type3]
[    0.292509] acpi PNP0A03:00: _OSC: not requesting OS control; OS requires [ExtendedConfig ASPM ClockPM MSI]
[    0.292517] acpi PNP0A03:00: fail to add MMCONFIG information, can't access extended PCI configuration space under this bridge.
[    0.292928] PCI host bridge to bus 0000:00
[    0.292931] pci_bus 0000:00: root bus resource [io  0x0000-0x0cf7 window]
[    0.292932] pci_bus 0000:00: root bus resource [io  0x0d00-0xffff window]
[    0.292933] pci_bus 0000:00: root bus resource [mem 0x000a0000-0x000bffff window]
[    0.292934] pci_bus 0000:00: root bus resource [mem 0x80000000-0xfdffffff window]
[    0.292936] pci_bus 0000:00: root bus resource [bus 00-ff]
[    0.292986] pci 0000:00:00.0: [8086:1237] type 00 class 0x060000
[    0.294020] pci 0000:00:01.0: [8086:7000] type 00 class 0x060100
[    0.294951] pci 0000:00:01.1: [8086:7111] type 00 class 0x01018a
[    0.295377] pci 0000:00:01.1: reg 0x20: [io  0xd000-0xd00f]
[    0.295553] pci 0000:00:01.1: legacy IDE quirk: reg 0x10: [io  0x01f0-0x01f7]
[    0.295554] pci 0000:00:01.1: legacy IDE quirk: reg 0x14: [io  0x03f6]
[    0.295555] pci 0000:00:01.1: legacy IDE quirk: reg 0x18: [io  0x0170-0x0177]
[    0.295556] pci 0000:00:01.1: legacy IDE quirk: reg 0x1c: [io  0x0376]
[    0.296124] pci 0000:00:02.0: [15ad:0405] type 00 class 0x030000
[    0.298217] pci 0000:00:02.0: reg 0x10: [io  0xd010-0xd01f]
[    0.302184] pci 0000:00:02.0: reg 0x14: [mem 0xe0000000-0xe7ffffff pref]
[    0.304759] pci 0000:00:02.0: reg 0x18: [mem 0xf0000000-0xf01fffff]
[    0.314938] pci 0000:00:03.0: [1022:2000] type 00 class 0x020000
[    0.315644] pci 0000:00:03.0: reg 0x10: [io  0xd020-0xd03f]
[    0.316276] pci 0000:00:03.0: reg 0x14: [mem 0xf0200000-0xf0200fff]
[    0.320786] pci 0000:00:04.0: [80ee:cafe] type 00 class 0x088000
[    0.321482] pci 0000:00:04.0: reg 0x10: [io  0xd040-0xd05f]
[    0.322113] pci 0000:00:04.0: reg 0x14: [mem 0xf0400000-0xf07fffff]
[    0.322765] pci 0000:00:04.0: reg 0x18: [mem 0xf0800000-0xf0803fff pref]
[    0.326187] pci 0000:00:07.0: [8086:7113] type 00 class 0x068000
[    0.326805] pci 0000:00:07.0: quirk: [io  0x4000-0x403f] claimed by PIIX4 ACPI
[    0.326816] pci 0000:00:07.0: quirk: [io  0x4100-0x410f] claimed by PIIX4 SMB
[    0.327441] pci 0000:00:08.0: [1022:2000] type 00 class 0x020000
[    0.328138] pci 0000:00:08.0: reg 0x10: [io  0xd060-0xd07f]
[    0.328764] pci 0000:00:08.0: reg 0x14: [mem 0xf0804000-0xf0804fff]
[    0.332194] pci 0000:00:09.0: [8086:100e] type 00 class 0x020000
[    0.332931] pci 0000:00:09.0: reg 0x10: [mem 0xf0820000-0xf083ffff]
[    0.334854] pci 0000:00:09.0: reg 0x18: [io  0xd080-0xd087]
[    0.343325] ACPI: PCI Interrupt Link [LNKA] (IRQs 5 9 10 *11)
[    0.346423] ACPI: PCI Interrupt Link [LNKB] (IRQs 5 9 *10 11)
[    0.346536] ACPI: PCI Interrupt Link [LNKC] (IRQs 5 *9 10 11)
[    0.346651] ACPI: PCI Interrupt Link [LNKD] (IRQs 5 9 10 *11)
[    0.346895] iommu: Default domain type: Translated 
[    0.346956] pci 0000:00:02.0: vgaarb: setting as boot VGA device
[    0.346957] pci 0000:00:02.0: vgaarb: VGA device added: decodes=io+mem,owns=io+mem,locks=none
[    0.346959] pci 0000:00:02.0: vgaarb: bridge control possible
[    0.346960] vgaarb: loaded
[    0.347156] SCSI subsystem initialized
[    0.347190] libata version 3.00 loaded.
[    0.347215] ACPI: bus type USB registered
[    0.347230] usbcore: registered new interface driver usbfs
[    0.347236] usbcore: registered new interface driver hub
[    0.347241] usbcore: registered new device driver usb
[    0.347269] pps_core: LinuxPPS API ver. 1 registered
[    0.347269] pps_core: Software ver. 5.3.6 - Copyright 2005-2007 Rodolfo Giometti <giometti@linux.it>
[    0.347272] PTP clock support registered
[    0.347307] EDAC MC: Ver: 3.0.0
[    0.347621] PCI: Using ACPI for IRQ routing
[    0.347622] PCI: pci_cache_line_size set to 64 bytes
[    0.347820] e820: reserve RAM buffer [mem 0x0009fc00-0x0009ffff]
[    0.347824] e820: reserve RAM buffer [mem 0x7fff0000-0x7fffffff]
[    0.348660] NetLabel: Initializing
[    0.348660] NetLabel:  domain hash size = 128
[    0.348661] NetLabel:  protocols = UNLABELED CIPSOv4 CALIPSO
[    0.348680] NetLabel:  unlabeled traffic allowed by default
[    0.349573] clocksource: Switched to clocksource kvm-clock
[    0.360561] *** VALIDATE bpf ***
[    0.360618] VFS: Disk quotas dquot_6.6.0
[    0.360631] VFS: Dquot-cache hash table entries: 512 (order 0, 4096 bytes)
[    0.360652] *** VALIDATE ramfs ***
[    0.360655] *** VALIDATE hugetlbfs ***
[    0.360737] AppArmor: AppArmor Filesystem Enabled
[    0.360760] pnp: PnP ACPI init
[    0.360822] pnp 00:00: Plug and Play ACPI device, IDs PNP0303 (active)
[    0.360891] pnp 00:01: Plug and Play ACPI device, IDs PNP0f03 (active)
[    0.361679] pnp: PnP ACPI: found 2 devices
[    0.362724] thermal_sys: Registered thermal governor 'fair_share'
[    0.362724] thermal_sys: Registered thermal governor 'bang_bang'
[    0.362725] thermal_sys: Registered thermal governor 'step_wise'
[    0.362726] thermal_sys: Registered thermal governor 'user_space'
[    0.362726] thermal_sys: Registered thermal governor 'power_allocator'
[    0.367255] clocksource: acpi_pm: mask: 0xffffff max_cycles: 0xffffff, max_idle_ns: 2085701024 ns
[    0.367295] pci_bus 0000:00: resource 4 [io  0x0000-0x0cf7 window]
[    0.367297] pci_bus 0000:00: resource 5 [io  0x0d00-0xffff window]
[    0.367298] pci_bus 0000:00: resource 6 [mem 0x000a0000-0x000bffff window]
[    0.367299] pci_bus 0000:00: resource 7 [mem 0x80000000-0xfdffffff window]
[    0.367354] NET: Registered protocol family 2
[    0.367425] IP idents hash table entries: 32768 (order: 6, 262144 bytes, linear)
[    0.367825] MPTCP tokens hash table entries: 8192 (order: 4, 65536 bytes, linear)
[    0.367845] MPTCP request tokens hash table entries: 8192 (order: 4, 65536 bytes, linear)
[    0.367872] default registered
[    0.367873] default registered
[    0.367873] MPTCP: Stable release v0.96
[    0.367878] tcp_listen_portaddr_hash hash table entries: 1024 (order: 2, 16384 bytes, linear)
[    0.367956] TCP established hash table entries: 16384 (order: 5, 131072 bytes, linear)
[    0.368017] TCP bind hash table entries: 16384 (order: 6, 262144 bytes, linear)
[    0.368042] TCP: Hash tables configured (established 16384 bind 16384)
[    0.368757] UDP hash table entries: 1024 (order: 3, 32768 bytes, linear)
[    0.368768] UDP-Lite hash table entries: 1024 (order: 3, 32768 bytes, linear)
[    0.368802] NET: Registered protocol family 1
[    0.368811] NET: Registered protocol family 44
[    0.368832] pci 0000:00:00.0: Limiting direct PCI/PCI transfers
[    0.368846] pci 0000:00:01.0: Activating ISA DMA hang workarounds
[    0.368911] pci 0000:00:02.0: Video device with shadowed ROM at [mem 0x000c0000-0x000dffff]
[    0.368981] PCI: CLS 0 bytes, default 64
[    0.369027] Trying to unpack rootfs image as initramfs...
[    0.540091] Freeing initrd memory: 47868K
[    0.540091] clocksource: tsc: mask: 0xffffffffffffffff max_cycles: 0x1e4530a99b6, max_idle_ns: 440795257976 ns
[    0.540091] clocksource: Switched to clocksource tsc
[    0.540091] platform rtc_cmos: registered platform RTC device (no PNP device found)
[    0.540091] check: Scanning for low memory corruption every 60 seconds
[    0.540091] Initialise system trusted keyrings
[    0.540091] Key type blacklist registered
[    0.540091] workingset: timestamp_bits=36 max_order=19 bucket_order=0
[    0.540091] zbud: loaded
[    0.540091] squashfs: version 4.0 (2009/01/31) Phillip Lougher
[    0.540091] fuse: init (API version 7.31)
[    0.540091] *** VALIDATE fuse ***
[    0.540091] *** VALIDATE fuse ***
[    0.540091] Platform Keyring initialized
[    0.552444] Key type asymmetric registered
[    0.552445] Asymmetric key parser 'x509' registered
[    0.552455] Block layer SCSI generic (bsg) driver version 0.4 loaded (major 244)
[    0.552499] io scheduler mq-deadline registered
[    0.552621] shpchp: Standard Hot Plug PCI Controller Driver version: 0.4
[    0.552834] ACPI: AC Adapter [AC] (on-line)
[    0.552879] input: Power Button as /devices/LNXSYSTM:00/LNXPWRBN:00/input/input0
[    0.552909] ACPI: Power Button [PWRF]
[    0.552990] input: Sleep Button as /devices/LNXSYSTM:00/LNXSLPBN:00/input/input1
[    0.553005] ACPI: Sleep Button [SLPF]
[    0.553246] Serial: 8250/16550 driver, 32 ports, IRQ sharing enabled
[    0.554515] Linux agpgart interface v0.103
[    0.643229] loop: module loaded
[    0.643514] ata_piix 0000:00:01.1: version 2.13
[    0.644375] scsi host0: ata_piix
[    0.644560] scsi host1: ata_piix
[    0.644621] ata1: PATA max UDMA/33 cmd 0x1f0 ctl 0x3f6 bmdma 0xd000 irq 14
[    0.644623] ata2: PATA max UDMA/33 cmd 0x170 ctl 0x376 bmdma 0xd008 irq 15
[    0.644773] tun: Universal TUN/TAP device driver, 1.6
[    0.645380] PPP generic driver version 2.4.2
[    0.645474] VFIO - User Level meta-driver version: 0.3
[    0.645967] ehci_hcd: USB 2.0 'Enhanced' Host Controller (EHCI) Driver
[    0.645978] ehci-pci: EHCI PCI platform driver
[    0.646002] ehci-platform: EHCI generic platform driver
[    0.646014] ohci_hcd: USB 1.1 'Open' Host Controller (OHCI) Driver
[    0.646017] ohci-pci: OHCI PCI platform driver
[    0.646033] ohci-platform: OHCI generic platform driver
[    0.646043] uhci_hcd: USB Universal Host Controller Interface driver
[    0.646168] i8042: PNP: PS/2 Controller [PNP0303:PS2K,PNP0f03:PS2M] at 0x60,0x64 irq 1,12
[    0.646988] serio: i8042 KBD port at 0x60,0x64 irq 1
[    0.646996] serio: i8042 AUX port at 0x60,0x64 irq 12
[    0.647135] mousedev: PS/2 mouse device common for all mice
[    0.647743] input: AT Translated Set 2 keyboard as /devices/platform/i8042/serio0/input/input2
[    0.648625] rtc_cmos rtc_cmos: registered as rtc0
[    0.648653] rtc_cmos rtc_cmos: alarms up to one day, 114 bytes nvram
[    0.648665] i2c /dev entries driver
[    0.648749] device-mapper: uevent: version 1.0.3
[    0.648843] device-mapper: ioctl: 4.41.0-ioctl (2019-09-16) initialised: dm-devel@redhat.com
[    0.648877] platform eisa.0: Probing EISA bus 0
[    0.648880] platform eisa.0: EISA: Cannot allocate resource for mainboard
[    0.648883] platform eisa.0: Cannot allocate resource for EISA slot 1
[    0.648885] platform eisa.0: Cannot allocate resource for EISA slot 2
[    0.648888] platform eisa.0: Cannot allocate resource for EISA slot 3
[    0.648890] platform eisa.0: Cannot allocate resource for EISA slot 4
[    0.648892] platform eisa.0: Cannot allocate resource for EISA slot 5
[    0.648894] platform eisa.0: Cannot allocate resource for EISA slot 6
[    0.648897] platform eisa.0: Cannot allocate resource for EISA slot 7
[    0.648899] platform eisa.0: Cannot allocate resource for EISA slot 8
[    0.648902] platform eisa.0: EISA: Detected 0 cards
[    0.648906] intel_pstate: CPU model not supported
[    0.648921] ledtrig-cpu: registered to indicate activity on CPUs
[    0.649010] drop_monitor: Initializing network drop monitor service
[    0.649369] NET: Registered protocol family 10
[    0.655266] Segment Routing with IPv6
[    0.655266] fullmesh registered
[    0.655266] ndiffports registered
[    0.655266] binder registered
[    0.655266] roundrobin registered
[    0.655266] redundant registered
[    0.655266] blest registered
[    0.655266] ecf registered
[    0.655266] NET: Registered protocol family 17
[    0.655266] Key type dns_resolver registered
[    0.655266] RAS: Correctable Errors collector initialized.
[    0.655266] IPI shorthand broadcast: enabled
[    0.655266] sched_clock: Marking stable (640159493, 11107200)->(653926798, -2660105)
[    0.661244] registered taskstats version 1
[    0.661260] Loading compiled-in X.509 certificates
[    0.662682] Loaded X.509 cert 'Build time autogenerated kernel key: 6909f3744cebb3d0de528d5887b96a727de79b1e'
[    0.662712] zswap: loaded using pool lzo/zbud
[    0.662821] Key type ._fscrypt registered
[    0.662822] Key type .fscrypt registered
[    0.672416] Key type big_key registered
[    0.676461] Key type encrypted registered
[    0.676465] AppArmor: AppArmor sha1 policy hashing enabled
[    0.676475] ima: No TPM chip found, activating TPM-bypass!
[    0.676481] ima: Allocated hash algorithm: sha1
[    0.676488] ima: No architecture policies found
[    0.676504] evm: Initialising EVM extended attributes:
[    0.676505] evm: security.selinux
[    0.676506] evm: security.SMACK64
[    0.676506] evm: security.SMACK64EXEC
[    0.676507] evm: security.SMACK64TRANSMUTE
[    0.676508] evm: security.SMACK64MMAP
[    0.676509] evm: security.apparmor
[    0.676510] evm: security.ima
[    0.676511] evm: security.capability
[    0.676512] evm: HMAC attrs: 0x1
[    0.676981] PM:   Magic number: 10:470:698
[    0.677136] rtc_cmos rtc_cmos: setting system clock to 2026-01-18T19:39:18 UTC (1768765158)
[    0.816935] ata1.00: ATA-6: VBOX HARDDISK, 1.0, max UDMA/133
[    0.816938] ata1.00: 209715200 sectors, multi 128: LBA 
[    0.817714] scsi 0:0:0:0: Direct-Access     ATA      VBOX HARDDISK    1.0  PQ: 0 ANSI: 5
[    0.818039] sd 0:0:0:0: [sda] 209715200 512-byte logical blocks: (107 GB/100 GiB)
[    0.818055] sd 0:0:0:0: [sda] Write Protect is off
[    0.818059] sd 0:0:0:0: [sda] Mode Sense: 00 3a 00 00
[    0.818085] sd 0:0:0:0: [sda] Write cache: enabled, read cache: enabled, doesn't support DPO or FUA
[    0.818318] sd 0:0:0:0: Attached scsi generic sg0 type 0
[    0.819449]  sda: sda1 sda2
[    0.831365] sd 0:0:0:0: [sda] Attached SCSI disk
[    0.835263] Freeing unused decrypted memory: 2040K
[    0.836352] Freeing unused kernel image memory: 2728K
[    0.836356] Write protecting the kernel read-only data: 22528k
[    0.837521] Freeing unused kernel image memory: 2036K
[    0.838153] Freeing unused kernel image memory: 1432K
[    0.869272] x86/mm: Checked W+X mappings: passed, no W+X pages found.
[    0.869277] Run /init as init process
[    0.991518] ACPI: Video Device [GFX0] (multi-head: yes  rom: no  post: no)
[    0.991592] input: Video Bus as /devices/LNXSYSTM:00/LNXSYBUS:00/PNP0A03:00/LNXVIDEO:00/input/input4
[    1.007335] pcnet32: pcnet32.c:v1.35 21.Apr.2008 tsbogend@alpha.franken.de
[    1.009011] piix4_smbus 0000:00:07.0: SMBus Host Controller at 0x4100, revision 0
[    1.011938] e1000: Intel(R) PRO/1000 Network Driver - version 7.3.21-k8-NAPI
[    1.011939] e1000: Copyright (c) 1999-2006 Intel Corporation.
[    1.020561] pcnet32: PCnet/FAST III 79C973 at 0xd020, 08:00:27:80:55:10 assigned IRQ 19
[    1.020605] pcnet32: Found PHY 0022:561b at address 0
[    1.020908] pcnet32: eth0: registered as PCnet/FAST III 79C973
[    1.026593] pcnet32: PCnet/FAST III 79C973 at 0xd060, 08:00:27:a5:c6:43 assigned IRQ 16
[    1.026637] pcnet32: Found PHY 0022:561b at address 0
[    1.026950] pcnet32: eth1: registered as PCnet/FAST III 79C973
[    1.033765] pcnet32: 2 cards_found
[    1.100004] pcnet32 0000:00:03.0 enp0s3: renamed from eth0
[    1.101216] pcnet32 0000:00:08.0 enp0s8: renamed from eth1
[    1.221127] input: ImExPS/2 Generic Explorer Mouse as /devices/platform/i8042/serio1/input/input5
[    1.435964] e1000 0000:00:09.0 eth0: (PCI:33MHz:32-bit) 08:00:27:9f:1d:6c
[    1.435967] e1000 0000:00:09.0 eth0: Intel(R) PRO/1000 Network Connection
[    1.436926] e1000 0000:00:09.0 enp0s9: renamed from eth0
[    1.599628] EXT4-fs (sda2): mounted filesystem with ordered data mode. Opts: (null)
[    1.699002] systemd[1]: Inserted module 'autofs4'
[    1.712243] systemd[1]: systemd 245.4-4ubuntu3 running in system mode. (+PAM +AUDIT +SELINUX +IMA +APPARMOR +SMACK +SYSVINIT +UTMP +LIBCRYPTSETUP +GCRYPT +GNUTLS +ACL +XZ +LZ4 +SECCOMP +BLKID +ELFUTILS +KMOD +IDN2 -IDN +PCRE2 default-hierarchy=hybrid)
[    1.712277] systemd[1]: Detected virtualization oracle.
[    1.712280] systemd[1]: Detected architecture x86-64.
[    1.713613] systemd[1]: Set hostname to <ztg>.
[    1.848316] systemd[1]: /lib/systemd/system/dbus.socket:5: ListenStream= references a path below legacy directory /var/run/, updating /var/run/dbus/system_bus_socket â†’ /run/dbus/system_bus_socket; please update the unit file accordingly.
[    1.902421] systemd[1]: Created slice system-modprobe.slice.
[    1.902617] systemd[1]: Created slice User and Session Slice.
[    1.902664] systemd[1]: Started Forward Password Requests to Wall Directory Watch.
[    1.902820] systemd[1]: Set up automount Arbitrary Executable File Formats File System Automount Point.
[    1.902854] systemd[1]: Reached target User and Group Name Lookups.
[    1.902865] systemd[1]: Reached target Remote File Systems.
[    1.902874] systemd[1]: Reached target Slices.
[    1.903464] systemd[1]: Listening on Syslog Socket.
[    1.903537] systemd[1]: Listening on fsck to fsckd communication Socket.
[    1.903577] systemd[1]: Listening on initctl Compatibility Named Pipe.
[    1.903718] systemd[1]: Listening on Journal Audit Socket.
[    1.903778] systemd[1]: Listening on Journal Socket (/dev/log).
[    1.903854] systemd[1]: Listening on Journal Socket.
[    1.903922] systemd[1]: Listening on udev Control Socket.
[    1.903965] systemd[1]: Listening on udev Kernel Socket.
[    1.904693] systemd[1]: Mounting Huge Pages File System...
[    1.905619] systemd[1]: Mounting POSIX Message Queue File System...
[    1.906536] systemd[1]: Mounting Kernel Debug File System...
[    1.907453] systemd[1]: Mounting Kernel Trace File System...
[    1.909952] systemd[1]: Starting Journal Service...
[    1.934157] systemd[1]: Starting Set the console keyboard layout...
[    1.942302] systemd[1]: Starting Create list of static device nodes for the current kernel...
[    1.944371] systemd[1]: Starting Load Kernel Module drm...
[    1.945432] systemd[1]: Condition check resulted in Set Up Additional Binary Formats being skipped.
[    1.945482] systemd[1]: Condition check resulted in File System Check on Root Device being skipped.
[    1.955898] systemd[1]: Starting Load Kernel Modules...
[    1.961866] systemd[1]: Starting Remount Root and Kernel File Systems...
[    1.974799] systemd[1]: Starting udev Coldplug all Devices...
[    1.986886] systemd[1]: Starting Uncomplicated firewall...
[    1.987408] EXT4-fs (sda2): re-mounted. Opts: errors=remount-ro
[    1.990016] systemd[1]: Mounted Huge Pages File System.
[    1.990105] systemd[1]: Mounted POSIX Message Queue File System.
[    1.990180] systemd[1]: Mounted Kernel Debug File System.
[    1.990253] systemd[1]: Mounted Kernel Trace File System.
[    2.027944] systemd[1]: Finished Create list of static device nodes for the current kernel.
[    2.028288] systemd[1]: modprobe@drm.service: Succeeded.
[    2.028514] systemd[1]: Finished Load Kernel Module drm.
[    2.029016] systemd[1]: Finished Remount Root and Kernel File Systems.
[    2.036182] systemd[1]: Finished Uncomplicated firewall.
[    2.049052] lp: driver loaded but no devices found
[    2.050335] systemd[1]: Condition check resulted in Rebuild Hardware Database being skipped.
[    2.050375] systemd[1]: Condition check resulted in Platform Persistent Storage Archival being skipped.
[    2.051061] systemd[1]: Starting Load/Save Random Seed...
[    2.057678] systemd[1]: Starting Create System Users...
[    2.063344] ppdev: user-space parallel port driver
[    2.075015] systemd[1]: Finished Load/Save Random Seed.
[    2.077970] systemd[1]: Finished Create System Users.
[    2.078700] systemd[1]: Starting Create Static Device Nodes in /dev...
[    2.105133] systemd[1]: Finished Create Static Device Nodes in /dev.
[    2.105948] systemd[1]: Starting udev Kernel Device Manager...
[    2.149456] systemd[1]: Finished udev Coldplug all Devices.
[    2.150874] [drm] DMA map mode: Caching DMA mappings.
[    2.150938] [drm] Capabilities:
[    2.150939] [drm]   Rect copy.
[    2.150939] [drm]   Cursor.
[    2.150940] [drm]   Cursor bypass.
[    2.150940] [drm]   Cursor bypass 2.
[    2.150940] [drm]   Alpha cursor.
[    2.150941] [drm]   Extended Fifo.
[    2.150941] [drm]   Pitchlock.
[    2.150942] [drm]   Irq mask.
[    2.150942] [drm]   GMR.
[    2.150942] [drm]   Traces.
[    2.150943] [drm]   GMR2.
[    2.150943] [drm]   Screen Object 2.
[    2.150943] [drm]   Command Buffers.
[    2.150944] [drm]   Command Buffers 2.
[    2.150944] [drm]   Guest Backed Resources.
[    2.150945] [drm] Max GMR ids is 8192
[    2.150945] [drm] Max number of GMR pages is 1048576
[    2.150946] [drm] Max dedicated hypervisor surface memory is 393216 kiB
[    2.150946] [drm] Maximum display memory size is 131072 kiB
[    2.150947] [drm] VRAM at 0xe0000000 size is 131072 kiB
[    2.150948] [drm] MMIO at 0xf0000000 size is 2048 kiB
[    2.152580] [TTM] Zone  kernel: Available graphics memory: 1011738 KiB
[    2.152581] [TTM] Initializing pool allocator
[    2.152584] [TTM] Initializing DMA pool allocator
[    2.152612] [drm] Supports vblank timestamp caching Rev 2 (21.10.2013).
[    2.152613] [drm] No driver support for vblank timestamp query.
[    2.152879] [drm] Screen Target Display device initialized
[    2.153083] [drm] width 720
[    2.153094] [drm] height 400
[    2.153097] [drm] bpp 32
[    2.153581] [drm] Fifo max 0x00200000 min 0x00001000 cap 0x00000355
[    2.154654] [drm] Using command buffers with DMA pool.
[    2.154657] [drm] DX: no.
[    2.154658] [drm] Atomic: yes.
[    2.154658] [drm] SM4_1: no.
[    2.154676] [drm:vmw_host_log [vmwgfx]] *ERROR* Failed to send host log message.
[    2.155998] [drm:vmw_host_log [vmwgfx]] *ERROR* Failed to send host log message.
[    2.171380] fbcon: svgadrmfb (fb0) is primary device
[    2.173512] Console: switching to colour frame buffer device 100x37
[    2.181306] [drm] Initialized vmwgfx 2.15.0 20180704 for 0000:00:02.0 on minor 0
[    2.186006] systemd[1]: Finished Load Kernel Modules.
[    2.186924] systemd[1]: Mounting FUSE Control File System...
[    2.188537] systemd[1]: Mounting Kernel Configuration File System...
[    2.219004] systemd[1]: Starting Apply Kernel Variables...
[    2.224197] systemd[1]: Mounted FUSE Control File System.
[    2.224276] systemd[1]: Condition check resulted in VMware vmblock fuse mount being skipped.
[    2.228525] systemd[1]: Mounted Kernel Configuration File System.
[    2.240665] systemd[1]: Finished Set the console keyboard layout.
[    2.240761] systemd[1]: Reached target Local File Systems (Pre).
[    2.244234] systemd[1]: Mounting Mount unit for bare, revision 5...
[    2.246258] systemd[1]: Mounting Mount unit for core18, revision 1705...
[    2.269984] systemd[1]: Mounting Mount unit for gnome-3-34-1804, revision 24...
[    2.277767] systemd[1]: Mounting Mount unit for gtk-common-themes, revision 1506...
[    2.284045] systemd[1]: Mounting Mount unit for gtk-common-themes, revision 1535...
[    2.291967] systemd[1]: Mounting Mount unit for snap-store, revision 433...
[    2.304526] systemd[1]: Mounting Mount unit for snapd, revision 25935...
[    2.320320] systemd[1]: Finished Apply Kernel Variables.
[    2.322063] systemd[1]: Mounted Mount unit for bare, revision 5.
[    2.322155] systemd[1]: Mounted Mount unit for core18, revision 1705.
[    2.322236] systemd[1]: Mounted Mount unit for gnome-3-34-1804, revision 24.
[    2.333393] systemd[1]: Mounted Mount unit for gtk-common-themes, revision 1506.
[    2.335576] systemd[1]: Started udev Kernel Device Manager.
[    2.336291] systemd[1]: Starting Show Plymouth Boot Screen...
[    2.341596] systemd[1]: Received SIGRTMIN+20 from PID 275 (plymouthd).
[    2.367118] systemd[1]: Started Show Plymouth Boot Screen.
[    2.367277] systemd[1]: Condition check resulted in Dispatch Password Requests to Console Directory Watch being skipped.
[    2.367379] systemd[1]: Started Forward Password Requests to Plymouth Directory Watch.
[    2.367416] systemd[1]: Reached target Local Encrypted Volumes.
[    2.427802] systemd[1]: Mounted Mount unit for gtk-common-themes, revision 1535.
[    2.428054] systemd[1]: Mounted Mount unit for snap-store, revision 433.
[    2.428254] systemd[1]: Mounted Mount unit for snapd, revision 25935.
[    2.428419] systemd[1]: Reached target Local File Systems.
[    2.431797] systemd[1]: Starting Load AppArmor profiles...
[    2.432716] systemd[1]: Starting Set console font and keymap...
[    2.444847] systemd[1]: Starting Tell Plymouth To Write Out Runtime Data...
[    2.450499] systemd[1]: Condition check resulted in Store a System Token in an EFI Variable being skipped.
[    2.450531] systemd[1]: Condition check resulted in Commit a transient machine-id on disk being skipped.
[    2.451456] systemd[1]: Finished Set console font and keymap.
[    2.465853] systemd[1]: Received SIGRTMIN+20 from PID 275 (plymouthd).
[    2.467592] systemd[1]: plymouth-read-write.service: Succeeded.
[    2.467830] systemd[1]: Finished Tell Plymouth To Write Out Runtime Data.
[    2.488234] audit: type=1400 audit(1768765160.308:2): apparmor="STATUS" operation="profile_load" profile="unconfined" name="nvidia_modprobe" pid=300 comm="apparmor_parser"
[    2.488237] audit: type=1400 audit(1768765160.308:3): apparmor="STATUS" operation="profile_load" profile="unconfined" name="nvidia_modprobe//kmod" pid=300 comm="apparmor_parser"
[    2.499841] audit: type=1400 audit(1768765160.320:4): apparmor="STATUS" operation="profile_load" profile="unconfined" name="/usr/sbin/tcpdump" pid=301 comm="apparmor_parser"
[    2.548769] audit: type=1400 audit(1768765160.360:5): apparmor="STATUS" operation="profile_load" profile="unconfined" name="/usr/bin/evince" pid=303 comm="apparmor_parser"
[    2.548771] audit: type=1400 audit(1768765160.360:6): apparmor="STATUS" operation="profile_load" profile="unconfined" name="/usr/bin/evince//sanitized_helper" pid=303 comm="apparmor_parser"
[    2.548773] audit: type=1400 audit(1768765160.360:7): apparmor="STATUS" operation="profile_load" profile="unconfined" name="/usr/bin/evince-previewer" pid=303 comm="apparmor_parser"
[    2.548776] audit: type=1400 audit(1768765160.360:8): apparmor="STATUS" operation="profile_load" profile="unconfined" name="/usr/bin/evince-previewer//sanitized_helper" pid=303 comm="apparmor_parser"
[    2.548777] audit: type=1400 audit(1768765160.360:9): apparmor="STATUS" operation="profile_load" profile="unconfined" name="/usr/bin/evince-thumbnailer" pid=303 comm="apparmor_parser"
[    2.564465] audit: type=1400 audit(1768765160.380:10): apparmor="STATUS" operation="profile_load" profile="unconfined" name="/usr/lib/cups/backend/cups-pdf" pid=304 comm="apparmor_parser"
[    2.645302] systemd[1]: Finished Load AppArmor profiles.
[    2.646257] systemd[1]: Starting Load AppArmor profiles managed internally by snapd...
[    2.759183] systemd[1]: Finished Load AppArmor profiles managed internally by snapd.
[    2.935128] systemd[1]: Started Journal Service.
[    2.944966] systemd-journald[229]: Received client request to flush runtime journal.
[    2.949278] systemd-journald[229]: File /var/log/journal/c455b248004a419c87ce85eea238d727/system.journal corrupted or uncleanly shut down, renaming and replacing.
[    4.278488] RAPL PMU: API unit is 2^-32 Joules, 0 fixed counters, 10737418240 ms ovfl timer
[    4.345744] cryptd: max_cpu_qlen set to 1000
[    4.403100] AVX2 version of gcm_enc/dec engaged.
[    4.403101] AES CTR mode by8 optimization enabled
[    6.166313] Adding 1998844k swap on /dev/sda1.  Priority:-2 extents:1 across:1998844k FS
[    7.949162] kauditd_printk_skb: 30 callbacks suppressed
[    7.949163] audit: type=1400 audit(1768765165.764:41): apparmor="DENIED" operation="capable" profile="/usr/sbin/cups-browsed" pid=507 comm="cups-browsed" capability=23  capname="sys_nice"
[    8.687670] pcnet32 0000:00:03.0 enp0s3: link up, 100Mbps, full-duplex
[    8.707349] pcnet32 0000:00:08.0 enp0s8: link up, 100Mbps, full-duplex
[    8.743406] e1000: enp0s9 NIC Link is Up 1000 Mbps Full Duplex, Flow Control: RX
[    8.743723] IPv6: ADDRCONF(NETDEV_CHANGE): enp0s9: link becomes ready
[    9.245220] device enp0s3 entered promiscuous mode
[    9.271100] device enp0s8 entered promiscuous mode
[    9.307987] audit: type=1400 audit(1768765167.128:42): apparmor="DENIED" operation="open" profile="/usr/sbin/tcpdump" name="/proc/sys/kernel/random/boot_id" pid=650 comm="tcpdump" requested_mask="r" denied_mask="r" fsuid=0 ouid=0
[    9.309804] audit: type=1400 audit(1768765167.128:43): apparmor="DENIED" operation="open" profile="/usr/sbin/tcpdump" name="/proc/sys/kernel/random/boot_id" pid=650 comm="tcpdump" requested_mask="r" denied_mask="r" fsuid=0 ouid=0
[    9.309901] audit: type=1400 audit(1768765167.128:44): apparmor="DENIED" operation="open" profile="/usr/sbin/tcpdump" name="/proc/sys/kernel/random/boot_id" pid=650 comm="tcpdump" requested_mask="r" denied_mask="r" fsuid=0 ouid=0
[    9.311564] audit: type=1400 audit(1768765167.128:45): apparmor="DENIED" operation="open" profile="/usr/sbin/tcpdump" name="/proc/sys/kernel/random/boot_id" pid=650 comm="tcpdump" requested_mask="r" denied_mask="r" fsuid=0 ouid=0
[    9.311621] audit: type=1400 audit(1768765167.128:46): apparmor="DENIED" operation="open" profile="/usr/sbin/tcpdump" name="/proc/sys/kernel/random/boot_id" pid=651 comm="tcpdump" requested_mask="r" denied_mask="r" fsuid=0 ouid=0
[    9.312510] audit: type=1400 audit(1768765167.132:47): apparmor="DENIED" operation="open" profile="/usr/sbin/tcpdump" name="/proc/sys/kernel/random/boot_id" pid=651 comm="tcpdump" requested_mask="r" denied_mask="r" fsuid=0 ouid=0
[    9.320399] audit: type=1400 audit(1768765167.132:48): apparmor="DENIED" operation="open" profile="/usr/sbin/tcpdump" name="/proc/sys/kernel/random/boot_id" pid=651 comm="tcpdump" requested_mask="r" denied_mask="r" fsuid=0 ouid=0
[    9.323810] audit: type=1400 audit(1768765167.132:49): apparmor="DENIED" operation="open" profile="/usr/sbin/tcpdump" name="/proc/sys/kernel/random/boot_id" pid=651 comm="tcpdump" requested_mask="r" denied_mask="r" fsuid=0 ouid=0
[    9.324025] audit: type=1400 audit(1768765167.132:50): apparmor="DENIED" operation="open" profile="/usr/sbin/tcpdump" name="/proc/sys/kernel/random/boot_id" pid=652 comm="tcpdump" requested_mask="r" denied_mask="r" fsuid=0 ouid=0
[   15.351052] rfkill: input handler disabled
[  270.646922] AAAAA-TCP_RECV: name:enp0s8: saddr:100932208: daddr:16783984: srtt_us:0: RTT:0: ssthresh:2147483647: cwnd:10: delivered:0: lost:0: retrans:0
[  270.646971] AAAAA-TCP_SEND: name:enp0s8: saddr:16783984: daddr:100932208: srtt_us:1191344229: RTT:148918028: ssthresh:-2147483648: cwnd:1198704741: delivered:1198721125: lost:1198725221: retrans:1166112871
[  271.211890] AAAAA-TCP_SEND: name:enp0s8: saddr:16783984: daddr:100932208: srtt_us:4519248: RTT:564906: ssthresh:2147483647: cwnd:10: delivered:1: lost:0: retrans:0
[  271.305380] AAAAA-TCP_RECV: name:enp0s3: saddr:100932208: daddr:16783984: srtt_us:4519248: RTT:564906: ssthresh:2147483647: cwnd:10: delivered:1: lost:0: retrans:0
[  271.305412] AAAAA-TCP_SEND: name:enp0s8: saddr:16783984: daddr:100932208: srtt_us:4519248: RTT:564906: ssthresh:2147483647: cwnd:10: delivered:1: lost:0: retrans:0
[  271.305524] AAAAA-TCP_SEND: name:enp0s8: saddr:16783984: daddr:100932208: srtt_us:4519248: RTT:564906: ssthresh:2147483647: cwnd:10: delivered:1: lost:0: retrans:0
[  271.890010] AAAAA-TCP_RECV: name:enp0s3: saddr:100932208: daddr:33561200: srtt_us:0: RTT:0: ssthresh:2147483647: cwnd:10: delivered:0: lost:0: retrans:0
[  271.890055] AAAAA-TCP_SEND: name:enp0s8: saddr:33561200: daddr:100932208: srtt_us:1191344229: RTT:148918028: ssthresh:-2147483648: cwnd:1198704741: delivered:1198721125: lost:1198725221: retrans:1166112871
[  271.965428] AAAAA-TCP_RECV: name:enp0s3: saddr:100932208: daddr:16783984: srtt_us:4519248: RTT:564906: ssthresh:2147483647: cwnd:10: delivered:1: lost:0: retrans:0
[  272.113424] AAAAA-TCP_RECV: name:enp0s3: saddr:100932208: daddr:16783984: srtt_us:4614270: RTT:576783: ssthresh:2147483647: cwnd:10: delivered:2: lost:0: retrans:0
[  272.113459] AAAAA-TCP_SEND: name:enp0s8: saddr:16783984: daddr:100932208: srtt_us:4614270: RTT:576783: ssthresh:2147483647: cwnd:10: delivered:2: lost:0: retrans:0
[  272.350549] AAAAA-TCP_SEND: name:enp0s8: saddr:33561200: daddr:100932208: srtt_us:3683808: RTT:460476: ssthresh:2147483647: cwnd:10: delivered:1: lost:0: retrans:0
[  272.575124] AAAAA-TCP_RECV: name:enp0s3: saddr:100932208: daddr:16783984: srtt_us:4614270: RTT:576783: ssthresh:2147483647: cwnd:10: delivered:2: lost:0: retrans:0
[  272.575163] AAAAA-TCP_SEND: name:enp0s8: saddr:16783984: daddr:100932208: srtt_us:4614270: RTT:576783: ssthresh:2147483647: cwnd:10: delivered:2: lost:0: retrans:0
[  273.016891] AAAAA-TCP_RECV: name:enp0s3: saddr:100932208: daddr:16783984: srtt_us:4614270: RTT:576783: ssthresh:2147483647: cwnd:10: delivered:2: lost:0: retrans:0
[  273.016930] AAAAA-TCP_SEND: name:enp0s8: saddr:16783984: daddr:100932208: srtt_us:4614270: RTT:576783: ssthresh:2147483647: cwnd:10: delivered:2: lost:0: retrans:0
[  273.017199] AAAAA-TCP_SEND: name:enp0s8: saddr:33561200: daddr:100932208: srtt_us:3683808: RTT:460476: ssthresh:2147483647: cwnd:10: delivered:1: lost:0: retrans:0
[  273.739075] AAAAA-TCP_RECV: name:enp0s3: saddr:100932208: daddr:33561200: srtt_us:3683808: RTT:460476: ssthresh:2147483647: cwnd:10: delivered:1: lost:0: retrans:0
[  273.739122] AAAAA-TCP_SEND: name:enp0s3: saddr:33561200: daddr:100932208: srtt_us:3683808: RTT:460476: ssthresh:2147483647: cwnd:10: delivered:1: lost:0: retrans:0
[  273.968863] AAAAA-TCP_RECV: name:enp0s3: saddr:100932208: daddr:33561200: srtt_us:3683808: RTT:460476: ssthresh:2147483647: cwnd:10: delivered:1: lost:0: retrans:0
[  274.025683] AAAAA-TCP_RECV: name:enp0s3: saddr:100932208: daddr:16783984: srtt_us:0: RTT:0: ssthresh:2147483647: cwnd:10: delivered:0: lost:0: retrans:0
[  274.025723] AAAAA-TCP_SEND: name:enp0s3: saddr:16783984: daddr:100932208: srtt_us:1191344229: RTT:148918028: ssthresh:-2147483648: cwnd:1198704741: delivered:1198721125: lost:1198725221: retrans:1166112871
[  274.166684] AAAAA-TCP_SEND: name:enp0s3: saddr:16783984: daddr:100932208: srtt_us:1127592: RTT:140949: ssthresh:2147483647: cwnd:10: delivered:1: lost:0: retrans:0
[  274.279742] AAAAA-TCP_RECV: name:enp0s3: saddr:100932208: daddr:16783984: srtt_us:1127592: RTT:140949: ssthresh:2147483647: cwnd:10: delivered:1: lost:0: retrans:0
[  274.279771] AAAAA-TCP_SEND: name:enp0s3: saddr:16783984: daddr:100932208: srtt_us:1127592: RTT:140949: ssthresh:2147483647: cwnd:10: delivered:1: lost:0: retrans:0
[  274.280889] AAAAA-TCP_SEND: name:enp0s3: saddr:33561200: daddr:100932208: srtt_us:4175017: RTT:521877: ssthresh:2147483647: cwnd:10: delivered:2: lost:0: retrans:0
[  274.437816] AAAAA-TCP_RECV: name:enp0s3: saddr:100932208: daddr:33561200: srtt_us:0: RTT:0: ssthresh:2147483647: cwnd:10: delivered:0: lost:0: retrans:0
[  274.437851] AAAAA-TCP_SEND: name:enp0s3: saddr:33561200: daddr:100932208: srtt_us:1191344229: RTT:148918028: ssthresh:-2147483648: cwnd:1198704741: delivered:1198721125: lost:1198725221: retrans:1166112871
[  274.607165] AAAAA-TCP_RECV: name:enp0s3: saddr:100932208: daddr:33561200: srtt_us:4175017: RTT:521877: ssthresh:2147483647: cwnd:10: delivered:2: lost:0: retrans:0
[  274.607185] AAAAA-TCP_SEND: name:enp0s3: saddr:33561200: daddr:100932208: srtt_us:4175017: RTT:521877: ssthresh:2147483647: cwnd:10: delivered:2: lost:0: retrans:0
[  274.716881] AAAAA-TCP_SEND: name:enp0s3: saddr:33561200: daddr:100932208: srtt_us:2232152: RTT:279019: ssthresh:2147483647: cwnd:10: delivered:1: lost:0: retrans:0
[  274.940242] AAAAA-TCP_RECV: name:enp0s3: saddr:100932208: daddr:33561200: srtt_us:3979439: RTT:497429: ssthresh:2147483647: cwnd:10: delivered:3: lost:0: retrans:0
[  274.977698] AAAAA-TCP_RECV: name:enp0s3: saddr:100932208: daddr:16783984: srtt_us:1127592: RTT:140949: ssthresh:2147483647: cwnd:10: delivered:1: lost:0: retrans:0
[  274.977734] AAAAA-TCP_SEND: name:enp0s3: saddr:16783984: daddr:100932208: srtt_us:1127592: RTT:140949: ssthresh:2147483647: cwnd:10: delivered:1: lost:0: retrans:0
[  275.070580] AAAAA-TCP_RECV: name:enp0s3: saddr:100932208: daddr:16783984: srtt_us:1127592: RTT:140949: ssthresh:2147483647: cwnd:10: delivered:1: lost:0: retrans:0
[  275.070606] AAAAA-TCP_SEND: name:enp0s3: saddr:16783984: daddr:100932208: srtt_us:1127592: RTT:140949: ssthresh:2147483647: cwnd:10: delivered:1: lost:0: retrans:0
[  275.269402] AAAAA-TCP_RECV: name:enp0s3: saddr:100932208: daddr:16783984: srtt_us:1127592: RTT:140949: ssthresh:2147483647: cwnd:10: delivered:1: lost:0: retrans:0
[  275.269434] AAAAA-TCP_SEND: name:enp0s3: saddr:16783984: daddr:100932208: srtt_us:1127592: RTT:140949: ssthresh:2147483647: cwnd:10: delivered:1: lost:0: retrans:0
[  275.333633] AAAAA-TCP_RECV: name:enp0s3: saddr:100932208: daddr:16783984: srtt_us:1127592: RTT:140949: ssthresh:2147483647: cwnd:10: delivered:1: lost:0: retrans:0
[  275.333662] AAAAA-TCP_SEND: name:enp0s3: saddr:16783984: daddr:100932208: srtt_us:1127592: RTT:140949: ssthresh:2147483647: cwnd:10: delivered:1: lost:0: retrans:0
[  275.380380] AAAAA-TCP_RECV: name:enp0s3: saddr:100932208: daddr:16783984: srtt_us:1127592: RTT:140949: ssthresh:2147483647: cwnd:10: delivered:1: lost:0: retrans:0
[  275.380406] AAAAA-TCP_SEND: name:enp0s3: saddr:16783984: daddr:100932208: srtt_us:1127592: RTT:140949: ssthresh:2147483647: cwnd:10: delivered:1: lost:0: retrans:0
[  275.460999] AAAAA-TCP_RECV: name:enp0s3: saddr:100932208: daddr:16783984: srtt_us:1127592: RTT:140949: ssthresh:2147483647: cwnd:10: delivered:1: lost:0: retrans:0
[  275.461028] AAAAA-TCP_SEND: name:enp0s3: saddr:16783984: daddr:100932208: srtt_us:1127592: RTT:140949: ssthresh:2147483647: cwnd:10: delivered:1: lost:0: retrans:0
[  275.665475] AAAAA-TCP_RECV: name:enp0s3: saddr:100932208: daddr:16783984: srtt_us:1127592: RTT:140949: ssthresh:2147483647: cwnd:10: delivered:1: lost:0: retrans:0
[  275.665503] AAAAA-TCP_SEND: name:enp0s3: saddr:16783984: daddr:100932208: srtt_us:1127592: RTT:140949: ssthresh:2147483647: cwnd:10: delivered:1: lost:0: retrans:0
[  275.852169] AAAAA-TCP_RECV: name:enp0s3: saddr:100932208: daddr:16783984: srtt_us:1127592: RTT:140949: ssthresh:2147483647: cwnd:10: delivered:1: lost:0: retrans:0
[  275.852202] AAAAA-TCP_SEND: name:enp0s3: saddr:16783984: daddr:100932208: srtt_us:1127592: RTT:140949: ssthresh:2147483647: cwnd:10: delivered:1: lost:0: retrans:0
[  275.942764] AAAAA-TCP_RECV: name:enp0s3: saddr:100932208: daddr:16783984: srtt_us:1127592: RTT:140949: ssthresh:2147483647: cwnd:10: delivered:1: lost:0: retrans:0
[  275.942793] AAAAA-TCP_SEND: name:enp0s3: saddr:16783984: daddr:100932208: srtt_us:1127592: RTT:140949: ssthresh:2147483647: cwnd:10: delivered:1: lost:0: retrans:0
[  276.172575] AAAAA-TCP_RECV: name:enp0s3: saddr:100932208: daddr:16783984: srtt_us:1127592: RTT:140949: ssthresh:2147483647: cwnd:10: delivered:1: lost:0: retrans:0
[  276.172601] AAAAA-TCP_SEND: name:enp0s3: saddr:16783984: daddr:100932208: srtt_us:1127592: RTT:140949: ssthresh:2147483647: cwnd:10: delivered:1: lost:0: retrans:0
[  276.202477] AAAAA-TCP_RECV: name:enp0s3: saddr:100932208: daddr:33561200: srtt_us:2232152: RTT:279019: ssthresh:2147483647: cwnd:10: delivered:1: lost:0: retrans:0
[  276.202504] AAAAA-TCP_SEND: name:enp0s3: saddr:33561200: daddr:100932208: srtt_us:2232152: RTT:279019: ssthresh:2147483647: cwnd:10: delivered:1: lost:0: retrans:0
[  276.240308] AAAAA-TCP_RECV: name:enp0s3: saddr:100932208: daddr:33561200: srtt_us:2232152: RTT:279019: ssthresh:2147483647: cwnd:10: delivered:1: lost:0: retrans:0
[  276.240332] AAAAA-TCP_SEND: name:enp0s3: saddr:33561200: daddr:100932208: srtt_us:2232152: RTT:279019: ssthresh:2147483647: cwnd:10: delivered:1: lost:0: retrans:0
[  276.334746] AAAAA-TCP_RECV: name:enp0s3: saddr:100932208: daddr:33561200: srtt_us:2232152: RTT:279019: ssthresh:2147483647: cwnd:10: delivered:1: lost:0: retrans:0
[  276.334776] AAAAA-TCP_SEND: name:enp0s3: saddr:33561200: daddr:100932208: srtt_us:2232152: RTT:279019: ssthresh:2147483647: cwnd:10: delivered:1: lost:0: retrans:0
[  276.590601] AAAAA-TCP_RECV: name:enp0s3: saddr:100932208: daddr:33561200: srtt_us:2232152: RTT:279019: ssthresh:2147483647: cwnd:10: delivered:1: lost:0: retrans:0
[  276.590632] AAAAA-TCP_SEND: name:enp0s3: saddr:33561200: daddr:100932208: srtt_us:2232152: RTT:279019: ssthresh:2147483647: cwnd:10: delivered:1: lost:0: retrans:0
[  276.691323] AAAAA-TCP_RECV: name:enp0s3: saddr:100932208: daddr:33561200: srtt_us:2232152: RTT:279019: ssthresh:2147483647: cwnd:10: delivered:1: lost:0: retrans:0
[  276.691348] AAAAA-TCP_SEND: name:enp0s3: saddr:33561200: daddr:100932208: srtt_us:2232152: RTT:279019: ssthresh:2147483647: cwnd:10: delivered:1: lost:0: retrans:0
[  276.760231] AAAAA-TCP_RECV: name:enp0s3: saddr:100932208: daddr:33561200: srtt_us:2232152: RTT:279019: ssthresh:2147483647: cwnd:10: delivered:1: lost:0: retrans:0
[  276.760257] AAAAA-TCP_SEND: name:enp0s3: saddr:33561200: daddr:100932208: srtt_us:2232152: RTT:279019: ssthresh:2147483647: cwnd:10: delivered:1: lost:0: retrans:0
[  276.839554] AAAAA-TCP_RECV: name:enp0s3: saddr:100932208: daddr:33561200: srtt_us:2232152: RTT:279019: ssthresh:2147483647: cwnd:10: delivered:1: lost:0: retrans:0
[  276.839584] AAAAA-TCP_SEND: name:enp0s3: saddr:33561200: daddr:100932208: srtt_us:2232152: RTT:279019: ssthresh:2147483647: cwnd:10: delivered:1: lost:0: retrans:0
[  276.969566] AAAAA-TCP_RECV: name:enp0s3: saddr:100932208: daddr:33561200: srtt_us:2232152: RTT:279019: ssthresh:2147483647: cwnd:10: delivered:1: lost:0: retrans:0
[  276.969608] AAAAA-TCP_SEND: name:enp0s3: saddr:33561200: daddr:100932208: srtt_us:2232152: RTT:279019: ssthresh:2147483647: cwnd:10: delivered:1: lost:0: retrans:0
[  277.018471] AAAAA-TCP_RECV: name:enp0s3: saddr:100932208: daddr:33561200: srtt_us:2232152: RTT:279019: ssthresh:2147483647: cwnd:10: delivered:1: lost:0: retrans:0
[  277.018496] AAAAA-TCP_SEND: name:enp0s3: saddr:33561200: daddr:100932208: srtt_us:2232152: RTT:279019: ssthresh:2147483647: cwnd:10: delivered:1: lost:0: retrans:0
[  277.266458] AAAAA-TCP_RECV: name:enp0s3: saddr:100932208: daddr:33561200: srtt_us:2232152: RTT:279019: ssthresh:2147483647: cwnd:10: delivered:1: lost:0: retrans:0
[  277.266494] AAAAA-TCP_SEND: name:enp0s3: saddr:33561200: daddr:100932208: srtt_us:2232152: RTT:279019: ssthresh:2147483647: cwnd:10: delivered:1: lost:0: retrans:0
[  277.366047] AAAAA-TCP_RECV: name:enp0s3: saddr:100932208: daddr:16783984: srtt_us:1127592: RTT:140949: ssthresh:2147483647: cwnd:10: delivered:1: lost:0: retrans:0
[  277.366080] AAAAA-TCP_SEND: name:enp0s3: saddr:16783984: daddr:100932208: srtt_us:1127592: RTT:140949: ssthresh:2147483647: cwnd:10: delivered:1: lost:0: retrans:0
[  277.418535] AAAAA-TCP_RECV: name:enp0s3: saddr:100932208: daddr:33561200: srtt_us:2232152: RTT:279019: ssthresh:2147483647: cwnd:10: delivered:1: lost:0: retrans:0
[  277.418557] AAAAA-TCP_SEND: name:enp0s3: saddr:33561200: daddr:100932208: srtt_us:2232152: RTT:279019: ssthresh:2147483647: cwnd:10: delivered:1: lost:0: retrans:0
[  277.469027] AAAAA-TCP_RECV: name:enp0s3: saddr:100932208: daddr:33561200: srtt_us:3815088: RTT:476886: ssthresh:2147483647: cwnd:10: delivered:4: lost:0: retrans:0
[  277.507452] AAAAA-TCP_RECV: name:enp0s3: saddr:100932208: daddr:16783984: srtt_us:1127592: RTT:140949: ssthresh:2147483647: cwnd:10: delivered:1: lost:0: retrans:0
[  277.507471] AAAAA-TCP_SEND: name:enp0s3: saddr:16783984: daddr:100932208: srtt_us:1127592: RTT:140949: ssthresh:2147483647: cwnd:10: delivered:1: lost:0: retrans:0
[  277.696595] AAAAA-TCP_RECV: name:enp0s3: saddr:100932208: daddr:16783984: srtt_us:1127592: RTT:140949: ssthresh:2147483647: cwnd:10: delivered:1: lost:0: retrans:0
[  277.696621] AAAAA-TCP_SEND: name:enp0s3: saddr:16783984: daddr:100932208: srtt_us:1127592: RTT:140949: ssthresh:2147483647: cwnd:10: delivered:1: lost:0: retrans:0
[  277.751371] AAAAA-TCP_RECV: name:enp0s3: saddr:100932208: daddr:16783984: srtt_us:1127592: RTT:140949: ssthresh:2147483647: cwnd:10: delivered:1: lost:0: retrans:0
[  277.751394] AAAAA-TCP_SEND: name:enp0s3: saddr:16783984: daddr:100932208: srtt_us:1127592: RTT:140949: ssthresh:2147483647: cwnd:10: delivered:1: lost:0: retrans:0
[  277.805218] AAAAA-TCP_RECV: name:enp0s3: saddr:100932208: daddr:16783984: srtt_us:1127592: RTT:140949: ssthresh:2147483647: cwnd:10: delivered:1: lost:0: retrans:0
[  277.805241] AAAAA-TCP_SEND: name:enp0s3: saddr:16783984: daddr:100932208: srtt_us:1127592: RTT:140949: ssthresh:2147483647: cwnd:10: delivered:1: lost:0: retrans:0
[  277.994492] AAAAA-TCP_RECV: name:enp0s3: saddr:100932208: daddr:16783984: srtt_us:1127592: RTT:140949: ssthresh:2147483647: cwnd:10: delivered:1: lost:0: retrans:0
[  277.994536] AAAAA-TCP_SEND: name:enp0s3: saddr:16783984: daddr:100932208: srtt_us:1127592: RTT:140949: ssthresh:2147483647: cwnd:10: delivered:1: lost:0: retrans:0
[  278.166243] AAAAA-TCP_RECV: name:enp0s3: saddr:100932208: daddr:33561200: srtt_us:2232152: RTT:279019: ssthresh:2147483647: cwnd:10: delivered:1: lost:0: retrans:0
[  278.166264] AAAAA-TCP_SEND: name:enp0s3: saddr:33561200: daddr:100932208: srtt_us:2232152: RTT:279019: ssthresh:2147483647: cwnd:10: delivered:1: lost:0: retrans:0
[  278.357599] AAAAA-TCP_RECV: name:enp0s3: saddr:100932208: daddr:16783984: srtt_us:1127592: RTT:140949: ssthresh:2147483647: cwnd:10: delivered:1: lost:0: retrans:0
[  278.357622] AAAAA-TCP_SEND: name:enp0s3: saddr:16783984: daddr:100932208: srtt_us:1127592: RTT:140949: ssthresh:2147483647: cwnd:10: delivered:1: lost:0: retrans:0
[  278.571008] AAAAA-TCP_RECV: name:enp0s3: saddr:100932208: daddr:16783984: srtt_us:1127592: RTT:140949: ssthresh:2147483647: cwnd:10: delivered:1: lost:0: retrans:0
[  278.571036] AAAAA-TCP_SEND: name:enp0s3: saddr:16783984: daddr:100932208: srtt_us:1127592: RTT:140949: ssthresh:2147483647: cwnd:10: delivered:1: lost:0: retrans:0
[  278.725659] AAAAA-TCP_RECV: name:enp0s3: saddr:100932208: daddr:16783984: srtt_us:1127592: RTT:140949: ssthresh:2147483647: cwnd:10: delivered:1: lost:0: retrans:0
[  278.725688] AAAAA-TCP_SEND: name:enp0s3: saddr:16783984: daddr:100932208: srtt_us:1127592: RTT:140949: ssthresh:2147483647: cwnd:10: delivered:1: lost:0: retrans:0
[  278.860056] AAAAA-TCP_RECV: name:enp0s3: saddr:100932208: daddr:16783984: srtt_us:1127592: RTT:140949: ssthresh:2147483647: cwnd:10: delivered:1: lost:0: retrans:0
[  278.860086] AAAAA-TCP_SEND: name:enp0s3: saddr:16783984: daddr:100932208: srtt_us:1127592: RTT:140949: ssthresh:2147483647: cwnd:10: delivered:1: lost:0: retrans:0
[  278.883739] AAAAA-TCP_RECV: name:enp0s3: saddr:100932208: daddr:16783984: srtt_us:1127592: RTT:140949: ssthresh:2147483647: cwnd:10: delivered:1: lost:0: retrans:0
[  278.883766] AAAAA-TCP_SEND: name:enp0s3: saddr:16783984: daddr:100932208: srtt_us:1127592: RTT:140949: ssthresh:2147483647: cwnd:10: delivered:1: lost:0: retrans:0
[  278.901432] AAAAA-TCP_RECV: name:enp0s3: saddr:100932208: daddr:16783984: srtt_us:1127592: RTT:140949: ssthresh:2147483647: cwnd:10: delivered:1: lost:0: retrans:0
[  278.901456] AAAAA-TCP_SEND: name:enp0s3: saddr:16783984: daddr:100932208: srtt_us:1127592: RTT:140949: ssthresh:2147483647: cwnd:10: delivered:1: lost:0: retrans:0
[  279.015741] AAAAA-TCP_RECV: name:enp0s3: saddr:100932208: daddr:16783984: srtt_us:1127592: RTT:140949: ssthresh:2147483647: cwnd:10: delivered:1: lost:0: retrans:0
[  279.015755] AAAAA-TCP_SEND: name:enp0s3: saddr:16783984: daddr:100932208: srtt_us:1127592: RTT:140949: ssthresh:2147483647: cwnd:10: delivered:1: lost:0: retrans:0
[  279.140593] AAAAA-TCP_RECV: name:enp0s3: saddr:100932208: daddr:16783984: srtt_us:1127592: RTT:140949: ssthresh:2147483647: cwnd:10: delivered:1: lost:0: retrans:0
[  279.140618] AAAAA-TCP_SEND: name:enp0s3: saddr:16783984: daddr:100932208: srtt_us:1127592: RTT:140949: ssthresh:2147483647: cwnd:10: delivered:1: lost:0: retrans:0
[  279.282003] AAAAA-TCP_RECV: name:enp0s3: saddr:100932208: daddr:16783984: srtt_us:1127592: RTT:140949: ssthresh:2147483647: cwnd:10: delivered:1: lost:0: retrans:0
[  279.282028] AAAAA-TCP_SEND: name:enp0s3: saddr:16783984: daddr:100932208: srtt_us:1127592: RTT:140949: ssthresh:2147483647: cwnd:10: delivered:1: lost:0: retrans:0
[  279.408376] AAAAA-TCP_RECV: name:enp0s3: saddr:100932208: daddr:16783984: srtt_us:1127592: RTT:140949: ssthresh:2147483647: cwnd:10: delivered:1: lost:0: retrans:0
[  279.408400] AAAAA-TCP_SEND: name:enp0s3: saddr:16783984: daddr:100932208: srtt_us:1127592: RTT:140949: ssthresh:2147483647: cwnd:10: delivered:1: lost:0: retrans:0
[  279.495714] AAAAA-TCP_RECV: name:enp0s3: saddr:100932208: daddr:16783984: srtt_us:1127592: RTT:140949: ssthresh:2147483647: cwnd:10: delivered:1: lost:0: retrans:0
[  279.495738] AAAAA-TCP_SEND: name:enp0s3: saddr:16783984: daddr:100932208: srtt_us:1127592: RTT:140949: ssthresh:2147483647: cwnd:10: delivered:1: lost:0: retrans:0
[  279.581844] AAAAA-TCP_RECV: name:enp0s3: saddr:100932208: daddr:16783984: srtt_us:1127592: RTT:140949: ssthresh:2147483647: cwnd:10: delivered:1: lost:0: retrans:0
[  279.581868] AAAAA-TCP_SEND: name:enp0s3: saddr:16783984: daddr:100932208: srtt_us:1127592: RTT:140949: ssthresh:2147483647: cwnd:10: delivered:1: lost:0: retrans:0
[  279.672594] AAAAA-TCP_RECV: name:enp0s3: saddr:100932208: daddr:16783984: srtt_us:1127592: RTT:140949: ssthresh:2147483647: cwnd:10: delivered:1: lost:0: retrans:0
[  279.715138] AAAAA-TCP_SEND: name:enp0s3: saddr:16783984: daddr:100932208: srtt_us:1127592: RTT:140949: ssthresh:2147483647: cwnd:10: delivered:1: lost:0: retrans:0
[  279.752700] AAAAA-TCP_RECV: name:enp0s3: saddr:100932208: daddr:16783984: srtt_us:1127592: RTT:140949: ssthresh:2147483647: cwnd:10: delivered:1: lost:0: retrans:0
[  279.835137] AAAAA-TCP_SEND: name:enp0s3: saddr:16783984: daddr:100932208: srtt_us:1127592: RTT:140949: ssthresh:2147483647: cwnd:10: delivered:1: lost:0: retrans:0
[  279.872772] AAAAA-TCP_RECV: name:enp0s3: saddr:100932208: daddr:16783984: srtt_us:1127592: RTT:140949: ssthresh:2147483647: cwnd:10: delivered:1: lost:0: retrans:0
[  279.992825] AAAAA-TCP_RECV: name:enp0s3: saddr:100932208: daddr:16783984: srtt_us:1127592: RTT:140949: ssthresh:2147483647: cwnd:10: delivered:1: lost:0: retrans:0
[  279.992849] AAAAA-TCP_SEND: name:enp0s3: saddr:16783984: daddr:100932208: srtt_us:1127592: RTT:140949: ssthresh:2147483647: cwnd:10: delivered:1: lost:0: retrans:0
[  280.020672] AAAAA-TCP_RECV: name:enp0s3: saddr:100932208: daddr:33561200: srtt_us:2232152: RTT:279019: ssthresh:2147483647: cwnd:10: delivered:1: lost:0: retrans:0
[  280.020691] AAAAA-TCP_SEND: name:enp0s3: saddr:33561200: daddr:100932208: srtt_us:2232152: RTT:279019: ssthresh:2147483647: cwnd:10: delivered:1: lost:0: retrans:0
[  280.337440] AAAAA-TCP_RECV: name:enp0s3: saddr:100932208: daddr:33561200: srtt_us:2232152: RTT:279019: ssthresh:2147483647: cwnd:10: delivered:1: lost:0: retrans:0
[  280.337470] AAAAA-TCP_SEND: name:enp0s3: saddr:33561200: daddr:100932208: srtt_us:2232152: RTT:279019: ssthresh:2147483647: cwnd:10: delivered:1: lost:0: retrans:0
[  280.380017] AAAAA-TCP_RECV: name:enp0s3: saddr:100932208: daddr:33561200: srtt_us:2232152: RTT:279019: ssthresh:2147483647: cwnd:10: delivered:1: lost:0: retrans:0
[  280.380041] AAAAA-TCP_SEND: name:enp0s3: saddr:33561200: daddr:100932208: srtt_us:2232152: RTT:279019: ssthresh:2147483647: cwnd:10: delivered:1: lost:0: retrans:0
[  280.453218] AAAAA-TCP_RECV: name:enp0s3: saddr:100932208: daddr:33561200: srtt_us:2232152: RTT:279019: ssthresh:2147483647: cwnd:10: delivered:1: lost:0: retrans:0
[  280.453246] AAAAA-TCP_SEND: name:enp0s3: saddr:33561200: daddr:100932208: srtt_us:2232152: RTT:279019: ssthresh:2147483647: cwnd:10: delivered:1: lost:0: retrans:0
[  280.536695] AAAAA-TCP_RECV: name:enp0s3: saddr:100932208: daddr:33561200: srtt_us:2232152: RTT:279019: ssthresh:2147483647: cwnd:10: delivered:1: lost:0: retrans:0
[  280.536721] AAAAA-TCP_SEND: name:enp0s3: saddr:33561200: daddr:100932208: srtt_us:2232152: RTT:279019: ssthresh:2147483647: cwnd:10: delivered:1: lost:0: retrans:0
[  280.581348] AAAAA-TCP_RECV: name:enp0s3: saddr:100932208: daddr:33561200: srtt_us:2232152: RTT:279019: ssthresh:2147483647: cwnd:10: delivered:1: lost:0: retrans:0
[  280.581371] AAAAA-TCP_SEND: name:enp0s3: saddr:33561200: daddr:100932208: srtt_us:2232152: RTT:279019: ssthresh:2147483647: cwnd:10: delivered:1: lost:0: retrans:0
[  280.716471] AAAAA-TCP_RECV: name:enp0s3: saddr:100932208: daddr:33561200: srtt_us:2232152: RTT:279019: ssthresh:2147483647: cwnd:10: delivered:1: lost:0: retrans:0
[  280.716495] AAAAA-TCP_SEND: name:enp0s3: saddr:33561200: daddr:100932208: srtt_us:2232152: RTT:279019: ssthresh:2147483647: cwnd:10: delivered:1: lost:0: retrans:0
[  280.892535] AAAAA-TCP_RECV: name:enp0s3: saddr:100932208: daddr:33561200: srtt_us:2232152: RTT:279019: ssthresh:2147483647: cwnd:10: delivered:1: lost:0: retrans:0
[  280.892557] AAAAA-TCP_SEND: name:enp0s3: saddr:33561200: daddr:100932208: srtt_us:2232152: RTT:279019: ssthresh:2147483647: cwnd:10: delivered:1: lost:0: retrans:0
[  280.997529] AAAAA-TCP_RECV: name:enp0s3: saddr:100932208: daddr:33561200: srtt_us:2232152: RTT:279019: ssthresh:2147483647: cwnd:10: delivered:1: lost:0: retrans:0
[  280.997555] AAAAA-TCP_SEND: name:enp0s3: saddr:33561200: daddr:100932208: srtt_us:2232152: RTT:279019: ssthresh:2147483647: cwnd:10: delivered:1: lost:0: retrans:0
[  281.053319] AAAAA-TCP_RECV: name:enp0s3: saddr:100932208: daddr:33561200: srtt_us:2232152: RTT:279019: ssthresh:2147483647: cwnd:10: delivered:1: lost:0: retrans:0
[  281.053343] AAAAA-TCP_SEND: name:enp0s3: saddr:33561200: daddr:100932208: srtt_us:2232152: RTT:279019: ssthresh:2147483647: cwnd:10: delivered:1: lost:0: retrans:0
[  281.175977] AAAAA-TCP_RECV: name:enp0s3: saddr:100932208: daddr:33561200: srtt_us:2232152: RTT:279019: ssthresh:2147483647: cwnd:10: delivered:1: lost:0: retrans:0
[  281.176002] AAAAA-TCP_SEND: name:enp0s3: saddr:33561200: daddr:100932208: srtt_us:2232152: RTT:279019: ssthresh:2147483647: cwnd:10: delivered:1: lost:0: retrans:0
[  281.239609] AAAAA-TCP_RECV: name:enp0s3: saddr:100932208: daddr:33561200: srtt_us:2232152: RTT:279019: ssthresh:2147483647: cwnd:10: delivered:1: lost:0: retrans:0
[  281.239633] AAAAA-TCP_SEND: name:enp0s3: saddr:33561200: daddr:100932208: srtt_us:2232152: RTT:279019: ssthresh:2147483647: cwnd:10: delivered:1: lost:0: retrans:0
[  281.318712] AAAAA-TCP_RECV: name:enp0s3: saddr:100932208: daddr:33561200: srtt_us:2232152: RTT:279019: ssthresh:2147483647: cwnd:10: delivered:1: lost:0: retrans:0
[  281.318736] AAAAA-TCP_SEND: name:enp0s3: saddr:33561200: daddr:100932208: srtt_us:2232152: RTT:279019: ssthresh:2147483647: cwnd:10: delivered:1: lost:0: retrans:0
[  281.389814] AAAAA-TCP_RECV: name:enp0s3: saddr:100932208: daddr:33561200: srtt_us:2232152: RTT:279019: ssthresh:2147483647: cwnd:10: delivered:1: lost:0: retrans:0
[  281.389852] AAAAA-TCP_SEND: name:enp0s3: saddr:33561200: daddr:100932208: srtt_us:2232152: RTT:279019: ssthresh:2147483647: cwnd:10: delivered:1: lost:0: retrans:0
[  281.468352] AAAAA-TCP_RECV: name:enp0s3: saddr:100932208: daddr:33561200: srtt_us:2232152: RTT:279019: ssthresh:2147483647: cwnd:10: delivered:1: lost:0: retrans:0
[  281.468387] AAAAA-TCP_SEND: name:enp0s3: saddr:33561200: daddr:100932208: srtt_us:2232152: RTT:279019: ssthresh:2147483647: cwnd:10: delivered:1: lost:0: retrans:0
[  281.523199] AAAAA-TCP_RECV: name:enp0s3: saddr:100932208: daddr:33561200: srtt_us:2232152: RTT:279019: ssthresh:2147483647: cwnd:10: delivered:1: lost:0: retrans:0
[  281.523230] AAAAA-TCP_SEND: name:enp0s3: saddr:33561200: daddr:100932208: srtt_us:2232152: RTT:279019: ssthresh:2147483647: cwnd:10: delivered:1: lost:0: retrans:0
[  281.602809] AAAAA-TCP_RECV: name:enp0s3: saddr:100932208: daddr:33561200: srtt_us:2232152: RTT:279019: ssthresh:2147483647: cwnd:10: delivered:1: lost:0: retrans:0
[  281.602845] AAAAA-TCP_SEND: name:enp0s3: saddr:33561200: daddr:100932208: srtt_us:2232152: RTT:279019: ssthresh:2147483647: cwnd:10: delivered:1: lost:0: retrans:0
[  281.653793] AAAAA-TCP_RECV: name:enp0s3: saddr:100932208: daddr:33561200: srtt_us:2232152: RTT:279019: ssthresh:2147483647: cwnd:10: delivered:1: lost:0: retrans:0
[  281.695143] AAAAA-TCP_SEND: name:enp0s3: saddr:33561200: daddr:100932208: srtt_us:2232152: RTT:279019: ssthresh:2147483647: cwnd:10: delivered:1: lost:0: retrans:0
[  281.920097] AAAAA-TCP_RECV: name:enp0s3: saddr:100932208: daddr:33561200: srtt_us:2232152: RTT:279019: ssthresh:2147483647: cwnd:10: delivered:1: lost:0: retrans:0
[  281.920126] AAAAA-TCP_SEND: name:enp0s3: saddr:33561200: daddr:100932208: srtt_us:2232152: RTT:279019: ssthresh:2147483647: cwnd:10: delivered:1: lost:0: retrans:0
[  282.005123] AAAAA-TCP_RECV: name:enp0s3: saddr:100932208: daddr:33561200: srtt_us:2232152: RTT:279019: ssthresh:2147483647: cwnd:10: delivered:1: lost:0: retrans:0
[  282.005153] AAAAA-TCP_SEND: name:enp0s3: saddr:33561200: daddr:100932208: srtt_us:2232152: RTT:279019: ssthresh:2147483647: cwnd:10: delivered:1: lost:0: retrans:0
[  282.208033] AAAAA-TCP_RECV: name:enp0s3: saddr:100932208: daddr:16783984: srtt_us:1127592: RTT:140949: ssthresh:2147483647: cwnd:10: delivered:1: lost:0: retrans:0
[  282.208071] AAAAA-TCP_SEND: name:enp0s3: saddr:16783984: daddr:100932208: srtt_us:1127592: RTT:140949: ssthresh:2147483647: cwnd:10: delivered:1: lost:0: retrans:0
[  282.359204] AAAAA-TCP_RECV: name:enp0s3: saddr:100932208: daddr:16783984: srtt_us:1127592: RTT:140949: ssthresh:2147483647: cwnd:10: delivered:1: lost:0: retrans:0
[  282.359237] AAAAA-TCP_SEND: name:enp0s3: saddr:16783984: daddr:100932208: srtt_us:1127592: RTT:140949: ssthresh:2147483647: cwnd:10: delivered:1: lost:0: retrans:0
[  282.485796] AAAAA-TCP_RECV: name:enp0s3: saddr:100932208: daddr:16783984: srtt_us:1127592: RTT:140949: ssthresh:2147483647: cwnd:10: delivered:1: lost:0: retrans:0
[  282.485825] AAAAA-TCP_SEND: name:enp0s3: saddr:16783984: daddr:100932208: srtt_us:1127592: RTT:140949: ssthresh:2147483647: cwnd:10: delivered:1: lost:0: retrans:0
[  282.611091] AAAAA-TCP_RECV: name:enp0s3: saddr:100932208: daddr:16783984: srtt_us:1127592: RTT:140949: ssthresh:2147483647: cwnd:10: delivered:1: lost:0: retrans:0
[  282.611116] AAAAA-TCP_SEND: name:enp0s3: saddr:16783984: daddr:100932208: srtt_us:1127592: RTT:140949: ssthresh:2147483647: cwnd:10: delivered:1: lost:0: retrans:0
[  282.876013] AAAAA-TCP_RECV: name:enp0s3: saddr:100932208: daddr:16783984: srtt_us:1127592: RTT:140949: ssthresh:2147483647: cwnd:10: delivered:1: lost:0: retrans:0
[  282.876039] AAAAA-TCP_SEND: name:enp0s3: saddr:16783984: daddr:100932208: srtt_us:1127592: RTT:140949: ssthresh:2147483647: cwnd:10: delivered:1: lost:0: retrans:0
[  283.014149] AAAAA-TCP_RECV: name:enp0s3: saddr:100932208: daddr:16783984: srtt_us:1127592: RTT:140949: ssthresh:2147483647: cwnd:10: delivered:1: lost:0: retrans:0
[  283.014172] AAAAA-TCP_SEND: name:enp0s3: saddr:16783984: daddr:100932208: srtt_us:1127592: RTT:140949: ssthresh:2147483647: cwnd:10: delivered:1: lost:0: retrans:0
[  283.165614] AAAAA-TCP_RECV: name:enp0s3: saddr:100932208: daddr:16783984: srtt_us:1127592: RTT:140949: ssthresh:2147483647: cwnd:10: delivered:1: lost:0: retrans:0
[  283.165640] AAAAA-TCP_SEND: name:enp0s3: saddr:16783984: daddr:100932208: srtt_us:1127592: RTT:140949: ssthresh:2147483647: cwnd:10: delivered:1: lost:0: retrans:0
[  283.404378] AAAAA-TCP_RECV: name:enp0s3: saddr:100932208: daddr:16783984: srtt_us:1127592: RTT:140949: ssthresh:2147483647: cwnd:10: delivered:1: lost:0: retrans:0
[  283.404406] AAAAA-TCP_SEND: name:enp0s3: saddr:16783984: daddr:100932208: srtt_us:1127592: RTT:140949: ssthresh:2147483647: cwnd:10: delivered:1: lost:0: retrans:0
[  283.504607] AAAAA-TCP_RECV: name:enp0s3: saddr:100932208: daddr:16783984: srtt_us:1127592: RTT:140949: ssthresh:2147483647: cwnd:10: delivered:1: lost:0: retrans:0
[  283.504632] AAAAA-TCP_SEND: name:enp0s3: saddr:16783984: daddr:100932208: srtt_us:1127592: RTT:140949: ssthresh:2147483647: cwnd:10: delivered:1: lost:0: retrans:0
[  283.566002] AAAAA-TCP_RECV: name:enp0s3: saddr:100932208: daddr:16783984: srtt_us:1127592: RTT:140949: ssthresh:2147483647: cwnd:10: delivered:1: lost:0: retrans:0
[  283.566025] AAAAA-TCP_SEND: name:enp0s3: saddr:16783984: daddr:100932208: srtt_us:1127592: RTT:140949: ssthresh:2147483647: cwnd:10: delivered:1: lost:0: retrans:0
[  283.685219] AAAAA-TCP_RECV: name:enp0s3: saddr:100932208: daddr:16783984: srtt_us:1127592: RTT:140949: ssthresh:2147483647: cwnd:10: delivered:1: lost:0: retrans:0
[  283.685241] AAAAA-TCP_SEND: name:enp0s3: saddr:16783984: daddr:100932208: srtt_us:1127592: RTT:140949: ssthresh:2147483647: cwnd:10: delivered:1: lost:0: retrans:0
[  283.760742] AAAAA-TCP_RECV: name:enp0s3: saddr:100932208: daddr:16783984: srtt_us:1127592: RTT:140949: ssthresh:2147483647: cwnd:10: delivered:1: lost:0: retrans:0
[  283.760767] AAAAA-TCP_SEND: name:enp0s3: saddr:16783984: daddr:100932208: srtt_us:1127592: RTT:140949: ssthresh:2147483647: cwnd:10: delivered:1: lost:0: retrans:0
[  283.860262] AAAAA-TCP_RECV: name:enp0s3: saddr:100932208: daddr:16783984: srtt_us:1127592: RTT:140949: ssthresh:2147483647: cwnd:10: delivered:1: lost:0: retrans:0
[  283.860287] AAAAA-TCP_SEND: name:enp0s3: saddr:16783984: daddr:100932208: srtt_us:1127592: RTT:140949: ssthresh:2147483647: cwnd:10: delivered:1: lost:0: retrans:0
[  283.930061] AAAAA-TCP_RECV: name:enp0s3: saddr:100932208: daddr:16783984: srtt_us:1127592: RTT:140949: ssthresh:2147483647: cwnd:10: delivered:1: lost:0: retrans:0
[  283.930083] AAAAA-TCP_SEND: name:enp0s3: saddr:16783984: daddr:100932208: srtt_us:1127592: RTT:140949: ssthresh:2147483647: cwnd:10: delivered:1: lost:0: retrans:0
[  284.002937] AAAAA-TCP_RECV: name:enp0s3: saddr:100932208: daddr:16783984: srtt_us:1127592: RTT:140949: ssthresh:2147483647: cwnd:10: delivered:1: lost:0: retrans:0
[  284.002960] AAAAA-TCP_SEND: name:enp0s3: saddr:16783984: daddr:100932208: srtt_us:1127592: RTT:140949: ssthresh:2147483647: cwnd:10: delivered:1: lost:0: retrans:0
[  284.091054] AAAAA-TCP_RECV: name:enp0s3: saddr:100932208: daddr:16783984: srtt_us:1127592: RTT:140949: ssthresh:2147483647: cwnd:10: delivered:1: lost:0: retrans:0
[  284.091088] AAAAA-TCP_SEND: name:enp0s3: saddr:16783984: daddr:100932208: srtt_us:1127592: RTT:140949: ssthresh:2147483647: cwnd:10: delivered:1: lost:0: retrans:0
[  284.121550] AAAAA-TCP_RECV: name:enp0s3: saddr:100932208: daddr:16783984: srtt_us:1127592: RTT:140949: ssthresh:2147483647: cwnd:10: delivered:1: lost:0: retrans:0
[  284.121572] AAAAA-TCP_SEND: name:enp0s3: saddr:16783984: daddr:100932208: srtt_us:1127592: RTT:140949: ssthresh:2147483647: cwnd:10: delivered:1: lost:0: retrans:0
[  284.184595] AAAAA-TCP_RECV: name:enp0s3: saddr:100932208: daddr:16783984: srtt_us:1127592: RTT:140949: ssthresh:2147483647: cwnd:10: delivered:1: lost:0: retrans:0
[  284.184618] AAAAA-TCP_SEND: name:enp0s3: saddr:16783984: daddr:100932208: srtt_us:1127592: RTT:140949: ssthresh:2147483647: cwnd:10: delivered:1: lost:0: retrans:0
[  284.256892] AAAAA-TCP_RECV: name:enp0s3: saddr:100932208: daddr:16783984: srtt_us:1127592: RTT:140949: ssthresh:2147483647: cwnd:10: delivered:1: lost:0: retrans:0
[  284.256913] AAAAA-TCP_SEND: name:enp0s3: saddr:16783984: daddr:100932208: srtt_us:1127592: RTT:140949: ssthresh:2147483647: cwnd:10: delivered:1: lost:0: retrans:0
[  284.319148] AAAAA-TCP_RECV: name:enp0s3: saddr:100932208: daddr:16783984: srtt_us:1127592: RTT:140949: ssthresh:2147483647: cwnd:10: delivered:1: lost:0: retrans:0
[  284.320204] AAAAA-TCP_SEND: name:enp0s3: saddr:16783984: daddr:100932208: srtt_us:1127592: RTT:140949: ssthresh:2147483647: cwnd:10: delivered:1: lost:0: retrans:0
[  284.408396] AAAAA-TCP_RECV: name:enp0s3: saddr:100932208: daddr:16783984: srtt_us:1127592: RTT:140949: ssthresh:2147483647: cwnd:10: delivered:1: lost:0: retrans:0
[  284.409447] AAAAA-TCP_SEND: name:enp0s3: saddr:16783984: daddr:100932208: srtt_us:1127592: RTT:140949: ssthresh:2147483647: cwnd:10: delivered:1: lost:0: retrans:0
[  284.477779] AAAAA-TCP_RECV: name:enp0s3: saddr:100932208: daddr:16783984: srtt_us:1127592: RTT:140949: ssthresh:2147483647: cwnd:10: delivered:1: lost:0: retrans:0
[  284.478834] AAAAA-TCP_SEND: name:enp0s3: saddr:16783984: daddr:100932208: srtt_us:1127592: RTT:140949: ssthresh:2147483647: cwnd:10: delivered:1: lost:0: retrans:0
[  284.604414] AAAAA-TCP_RECV: name:enp0s3: saddr:100932208: daddr:16783984: srtt_us:1127592: RTT:140949: ssthresh:2147483647: cwnd:10: delivered:1: lost:0: retrans:0
[  284.605480] AAAAA-TCP_SEND: name:enp0s3: saddr:16783984: daddr:100932208: srtt_us:1127592: RTT:140949: ssthresh:2147483647: cwnd:10: delivered:1: lost:0: retrans:0
[  284.663973] AAAAA-TCP_RECV: name:enp0s3: saddr:100932208: daddr:16783984: srtt_us:1127592: RTT:140949: ssthresh:2147483647: cwnd:10: delivered:1: lost:0: retrans:0
[  284.668468] AAAAA-TCP_SEND: name:enp0s3: saddr:16783984: daddr:100932208: srtt_us:1127592: RTT:140949: ssthresh:2147483647: cwnd:10: delivered:1: lost:0: retrans:0
[  284.746118] AAAAA-TCP_RECV: name:enp0s3: saddr:100932208: daddr:16783984: srtt_us:1127592: RTT:140949: ssthresh:2147483647: cwnd:10: delivered:1: lost:0: retrans:0
[  284.747173] AAAAA-TCP_SEND: name:enp0s3: saddr:16783984: daddr:100932208: srtt_us:1127592: RTT:140949: ssthresh:2147483647: cwnd:10: delivered:1: lost:0: retrans:0
[  284.835794] AAAAA-TCP_RECV: name:enp0s3: saddr:100932208: daddr:16783984: srtt_us:1127592: RTT:140949: ssthresh:2147483647: cwnd:10: delivered:1: lost:0: retrans:0
[  284.836848] AAAAA-TCP_SEND: name:enp0s3: saddr:16783984: daddr:100932208: srtt_us:1127592: RTT:140949: ssthresh:2147483647: cwnd:10: delivered:1: lost:0: retrans:0
[  285.066062] AAAAA-TCP_RECV: name:enp0s3: saddr:100932208: daddr:33561200: srtt_us:2232152: RTT:279019: ssthresh:2147483647: cwnd:10: delivered:1: lost:0: retrans:0
[  285.066083] AAAAA-TCP_SEND: name:enp0s3: saddr:33561200: daddr:100932208: srtt_us:2232152: RTT:279019: ssthresh:2147483647: cwnd:10: delivered:1: lost:0: retrans:0
[  285.161749] AAAAA-TCP_RECV: name:enp0s3: saddr:100932208: daddr:33561200: srtt_us:2232152: RTT:279019: ssthresh:2147483647: cwnd:10: delivered:1: lost:0: retrans:0
[  285.162802] AAAAA-TCP_SEND: name:enp0s3: saddr:33561200: daddr:100932208: srtt_us:2232152: RTT:279019: ssthresh:2147483647: cwnd:10: delivered:1: lost:0: retrans:0
[  285.226412] AAAAA-TCP_RECV: name:enp0s3: saddr:100932208: daddr:33561200: srtt_us:2232152: RTT:279019: ssthresh:2147483647: cwnd:10: delivered:1: lost:0: retrans:0
[  285.227458] AAAAA-TCP_SEND: name:enp0s3: saddr:33561200: daddr:100932208: srtt_us:2232152: RTT:279019: ssthresh:2147483647: cwnd:10: delivered:1: lost:0: retrans:0
[  285.284128] AAAAA-TCP_RECV: name:enp0s3: saddr:100932208: daddr:33561200: srtt_us:2232152: RTT:279019: ssthresh:2147483647: cwnd:10: delivered:1: lost:0: retrans:0
[  285.285185] AAAAA-TCP_SEND: name:enp0s3: saddr:33561200: daddr:100932208: srtt_us:2232152: RTT:279019: ssthresh:2147483647: cwnd:10: delivered:1: lost:0: retrans:0
[  285.354141] AAAAA-TCP_RECV: name:enp0s3: saddr:100932208: daddr:33561200: srtt_us:2232152: RTT:279019: ssthresh:2147483647: cwnd:10: delivered:1: lost:0: retrans:0
[  285.355185] AAAAA-TCP_SEND: name:enp0s3: saddr:33561200: daddr:100932208: srtt_us:2232152: RTT:279019: ssthresh:2147483647: cwnd:10: delivered:1: lost:0: retrans:0
[  285.442384] AAAAA-TCP_RECV: name:enp0s3: saddr:100932208: daddr:33561200: srtt_us:2232152: RTT:279019: ssthresh:2147483647: cwnd:10: delivered:1: lost:0: retrans:0
[  285.443431] AAAAA-TCP_SEND: name:enp0s3: saddr:33561200: daddr:100932208: srtt_us:2232152: RTT:279019: ssthresh:2147483647: cwnd:10: delivered:1: lost:0: retrans:0
[  285.520312] AAAAA-TCP_RECV: name:enp0s3: saddr:100932208: daddr:33561200: srtt_us:2232152: RTT:279019: ssthresh:2147483647: cwnd:10: delivered:1: lost:0: retrans:0
[  285.521363] AAAAA-TCP_SEND: name:enp0s3: saddr:33561200: daddr:100932208: srtt_us:2232152: RTT:279019: ssthresh:2147483647: cwnd:10: delivered:1: lost:0: retrans:0
[  285.588711] AAAAA-TCP_RECV: name:enp0s3: saddr:100932208: daddr:33561200: srtt_us:2232152: RTT:279019: ssthresh:2147483647: cwnd:10: delivered:1: lost:0: retrans:0
[  285.589766] AAAAA-TCP_SEND: name:enp0s3: saddr:33561200: daddr:100932208: srtt_us:2232152: RTT:279019: ssthresh:2147483647: cwnd:10: delivered:1: lost:0: retrans:0
[  285.741656] AAAAA-TCP_RECV: name:enp0s3: saddr:100932208: daddr:33561200: srtt_us:2232152: RTT:279019: ssthresh:2147483647: cwnd:10: delivered:1: lost:0: retrans:0
[  285.742709] AAAAA-TCP_SEND: name:enp0s3: saddr:33561200: daddr:100932208: srtt_us:2232152: RTT:279019: ssthresh:2147483647: cwnd:10: delivered:1: lost:0: retrans:0
[  285.822368] AAAAA-TCP_RECV: name:enp0s3: saddr:100932208: daddr:33561200: srtt_us:2232152: RTT:279019: ssthresh:2147483647: cwnd:10: delivered:1: lost:0: retrans:0
[  285.823417] AAAAA-TCP_SEND: name:enp0s3: saddr:33561200: daddr:100932208: srtt_us:2232152: RTT:279019: ssthresh:2147483647: cwnd:10: delivered:1: lost:0: retrans:0
[  285.888222] AAAAA-TCP_RECV: name:enp0s3: saddr:100932208: daddr:33561200: srtt_us:2232152: RTT:279019: ssthresh:2147483647: cwnd:10: delivered:1: lost:0: retrans:0
[  285.889272] AAAAA-TCP_SEND: name:enp0s3: saddr:33561200: daddr:100932208: srtt_us:2232152: RTT:279019: ssthresh:2147483647: cwnd:10: delivered:1: lost:0: retrans:0
[  285.961845] AAAAA-TCP_RECV: name:enp0s3: saddr:100932208: daddr:33561200: srtt_us:2232152: RTT:279019: ssthresh:2147483647: cwnd:10: delivered:1: lost:0: retrans:0
[  285.962904] AAAAA-TCP_SEND: name:enp0s3: saddr:33561200: daddr:100932208: srtt_us:2232152: RTT:279019: ssthresh:2147483647: cwnd:10: delivered:1: lost:0: retrans:0
[  286.055177] AAAAA-TCP_RECV: name:enp0s3: saddr:100932208: daddr:33561200: srtt_us:2232152: RTT:279019: ssthresh:2147483647: cwnd:10: delivered:1: lost:0: retrans:0
[  286.056230] AAAAA-TCP_SEND: name:enp0s3: saddr:33561200: daddr:100932208: srtt_us:2232152: RTT:279019: ssthresh:2147483647: cwnd:10: delivered:1: lost:0: retrans:0
[  286.134563] AAAAA-TCP_RECV: name:enp0s3: saddr:100932208: daddr:33561200: srtt_us:2232152: RTT:279019: ssthresh:2147483647: cwnd:10: delivered:1: lost:0: retrans:0
[  286.135608] AAAAA-TCP_SEND: name:enp0s3: saddr:33561200: daddr:100932208: srtt_us:2232152: RTT:279019: ssthresh:2147483647: cwnd:10: delivered:1: lost:0: retrans:0
[  286.207498] AAAAA-TCP_RECV: name:enp0s3: saddr:100932208: daddr:33561200: srtt_us:2232152: RTT:279019: ssthresh:2147483647: cwnd:10: delivered:1: lost:0: retrans:0
[  286.208558] AAAAA-TCP_SEND: name:enp0s3: saddr:33561200: daddr:100932208: srtt_us:2232152: RTT:279019: ssthresh:2147483647: cwnd:10: delivered:1: lost:0: retrans:0
[  286.266967] AAAAA-TCP_RECV: name:enp0s3: saddr:100932208: daddr:33561200: srtt_us:2232152: RTT:279019: ssthresh:2147483647: cwnd:10: delivered:1: lost:0: retrans:0
[  286.268012] AAAAA-TCP_SEND: name:enp0s3: saddr:33561200: daddr:100932208: srtt_us:2232152: RTT:279019: ssthresh:2147483647: cwnd:10: delivered:1: lost:0: retrans:0
[  286.345071] AAAAA-TCP_RECV: name:enp0s3: saddr:100932208: daddr:33561200: srtt_us:2232152: RTT:279019: ssthresh:2147483647: cwnd:10: delivered:1: lost:0: retrans:0
[  286.346126] AAAAA-TCP_SEND: name:enp0s3: saddr:33561200: daddr:100932208: srtt_us:2232152: RTT:279019: ssthresh:2147483647: cwnd:10: delivered:1: lost:0: retrans:0
[  286.450184] AAAAA-TCP_RECV: name:enp0s3: saddr:100932208: daddr:33561200: srtt_us:2232152: RTT:279019: ssthresh:2147483647: cwnd:10: delivered:1: lost:0: retrans:0
[  286.451229] AAAAA-TCP_SEND: name:enp0s3: saddr:33561200: daddr:100932208: srtt_us:2232152: RTT:279019: ssthresh:2147483647: cwnd:10: delivered:1: lost:0: retrans:0
[  286.521863] AAAAA-TCP_RECV: name:enp0s3: saddr:100932208: daddr:33561200: srtt_us:2232152: RTT:279019: ssthresh:2147483647: cwnd:10: delivered:1: lost:0: retrans:0
[  286.524326] AAAAA-TCP_SEND: name:enp0s3: saddr:33561200: daddr:100932208: srtt_us:2232152: RTT:279019: ssthresh:2147483647: cwnd:10: delivered:1: lost:0: retrans:0
[  286.602286] AAAAA-TCP_RECV: name:enp0s3: saddr:100932208: daddr:33561200: srtt_us:2232152: RTT:279019: ssthresh:2147483647: cwnd:10: delivered:1: lost:0: retrans:0
[  286.603335] AAAAA-TCP_SEND: name:enp0s3: saddr:33561200: daddr:100932208: srtt_us:2232152: RTT:279019: ssthresh:2147483647: cwnd:10: delivered:1: lost:0: retrans:0
[  286.671058] AAAAA-TCP_RECV: name:enp0s3: saddr:100932208: daddr:33561200: srtt_us:2232152: RTT:279019: ssthresh:2147483647: cwnd:10: delivered:1: lost:0: retrans:0
[  286.672105] AAAAA-TCP_SEND: name:enp0s3: saddr:33561200: daddr:100932208: srtt_us:2232152: RTT:279019: ssthresh:2147483647: cwnd:10: delivered:1: lost:0: retrans:0
[  286.727842] AAAAA-TCP_RECV: name:enp0s3: saddr:100932208: daddr:33561200: srtt_us:2232152: RTT:279019: ssthresh:2147483647: cwnd:10: delivered:1: lost:0: retrans:0
[  286.728980] AAAAA-TCP_SEND: name:enp0s3: saddr:33561200: daddr:100932208: srtt_us:2232152: RTT:279019: ssthresh:2147483647: cwnd:10: delivered:1: lost:0: retrans:0
[  286.782024] AAAAA-TCP_RECV: name:enp0s3: saddr:100932208: daddr:33561200: srtt_us:2232152: RTT:279019: ssthresh:2147483647: cwnd:10: delivered:1: lost:0: retrans:0
[  286.783768] AAAAA-TCP_SEND: name:enp0s3: saddr:33561200: daddr:100932208: srtt_us:2232152: RTT:279019: ssthresh:2147483647: cwnd:10: delivered:1: lost:0: retrans:0
[  286.855337] AAAAA-TCP_RECV: name:enp0s3: saddr:100932208: daddr:33561200: srtt_us:2232152: RTT:279019: ssthresh:2147483647: cwnd:10: delivered:1: lost:0: retrans:0
[  286.856418] AAAAA-TCP_SEND: name:enp0s3: saddr:33561200: daddr:100932208: srtt_us:2232152: RTT:279019: ssthresh:2147483647: cwnd:10: delivered:1: lost:0: retrans:0
[  286.918608] AAAAA-TCP_RECV: name:enp0s3: saddr:100932208: daddr:33561200: srtt_us:2232152: RTT:279019: ssthresh:2147483647: cwnd:10: delivered:1: lost:0: retrans:0
[  286.919654] AAAAA-TCP_SEND: name:enp0s3: saddr:33561200: daddr:100932208: srtt_us:2232152: RTT:279019: ssthresh:2147483647: cwnd:10: delivered:1: lost:0: retrans:0
[  286.977435] AAAAA-TCP_RECV: name:enp0s3: saddr:100932208: daddr:33561200: srtt_us:2232152: RTT:279019: ssthresh:2147483647: cwnd:10: delivered:1: lost:0: retrans:0
[  286.978533] AAAAA-TCP_SEND: name:enp0s3: saddr:33561200: daddr:100932208: srtt_us:2232152: RTT:279019: ssthresh:2147483647: cwnd:10: delivered:1: lost:0: retrans:0
[  287.015612] AAAAA-TCP_RECV: name:enp0s3: saddr:100932208: daddr:33561200: srtt_us:2232152: RTT:279019: ssthresh:2147483647: cwnd:10: delivered:1: lost:0: retrans:0
[  287.015659] AAAAA-TCP_SEND: name:enp0s3: saddr:33561200: daddr:100932208: srtt_us:2232152: RTT:279019: ssthresh:2147483647: cwnd:10: delivered:1: lost:0: retrans:0
[  287.077030] AAAAA-TCP_RECV: name:enp0s3: saddr:100932208: daddr:33561200: srtt_us:2232152: RTT:279019: ssthresh:2147483647: cwnd:10: delivered:1: lost:0: retrans:0
[  287.077065] AAAAA-TCP_SEND: name:enp0s3: saddr:33561200: daddr:100932208: srtt_us:2232152: RTT:279019: ssthresh:2147483647: cwnd:10: delivered:1: lost:0: retrans:0
[  287.137348] AAAAA-TCP_RECV: name:enp0s3: saddr:100932208: daddr:16783984: srtt_us:1127592: RTT:140949: ssthresh:2147483647: cwnd:10: delivered:1: lost:0: retrans:0
[  287.138439] AAAAA-TCP_SEND: name:enp0s3: saddr:16783984: daddr:100932208: srtt_us:1127592: RTT:140949: ssthresh:2147483647: cwnd:10: delivered:1: lost:0: retrans:0
[  287.223768] AAAAA-TCP_RECV: name:enp0s3: saddr:100932208: daddr:16783984: srtt_us:1127592: RTT:140949: ssthresh:2147483647: cwnd:10: delivered:1: lost:0: retrans:0
[  287.225037] AAAAA-TCP_SEND: name:enp0s3: saddr:16783984: daddr:100932208: srtt_us:1127592: RTT:140949: ssthresh:2147483647: cwnd:10: delivered:1: lost:0: retrans:0
[  287.291807] AAAAA-TCP_RECV: name:enp0s3: saddr:100932208: daddr:16783984: srtt_us:1127592: RTT:140949: ssthresh:2147483647: cwnd:10: delivered:1: lost:0: retrans:0
[  287.292966] AAAAA-TCP_SEND: name:enp0s3: saddr:16783984: daddr:100932208: srtt_us:1127592: RTT:140949: ssthresh:2147483647: cwnd:10: delivered:1: lost:0: retrans:0
[  287.389579] AAAAA-TCP_RECV: name:enp0s3: saddr:100932208: daddr:16783984: srtt_us:1127592: RTT:140949: ssthresh:2147483647: cwnd:10: delivered:1: lost:0: retrans:0
[  287.390744] AAAAA-TCP_SEND: name:enp0s3: saddr:16783984: daddr:100932208: srtt_us:1127592: RTT:140949: ssthresh:2147483647: cwnd:10: delivered:1: lost:0: retrans:0
[  287.451008] AAAAA-TCP_RECV: name:enp0s3: saddr:100932208: daddr:16783984: srtt_us:1127592: RTT:140949: ssthresh:2147483647: cwnd:10: delivered:1: lost:0: retrans:0
[  287.452136] AAAAA-TCP_SEND: name:enp0s3: saddr:16783984: daddr:100932208: srtt_us:1127592: RTT:140949: ssthresh:2147483647: cwnd:10: delivered:1: lost:0: retrans:0
[  287.502475] AAAAA-TCP_RECV: name:enp0s3: saddr:100932208: daddr:16783984: srtt_us:1127592: RTT:140949: ssthresh:2147483647: cwnd:10: delivered:1: lost:0: retrans:0
[  287.503569] AAAAA-TCP_SEND: name:enp0s3: saddr:16783984: daddr:100932208: srtt_us:1127592: RTT:140949: ssthresh:2147483647: cwnd:10: delivered:1: lost:0: retrans:0
[  287.594193] AAAAA-TCP_RECV: name:enp0s3: saddr:100932208: daddr:16783984: srtt_us:1127592: RTT:140949: ssthresh:2147483647: cwnd:10: delivered:1: lost:0: retrans:0
[  287.595284] AAAAA-TCP_SEND: name:enp0s3: saddr:16783984: daddr:100932208: srtt_us:1127592: RTT:140949: ssthresh:2147483647: cwnd:10: delivered:1: lost:0: retrans:0
[  287.660157] AAAAA-TCP_RECV: name:enp0s3: saddr:100932208: daddr:16783984: srtt_us:1127592: RTT:140949: ssthresh:2147483647: cwnd:10: delivered:1: lost:0: retrans:0
[  287.661334] AAAAA-TCP_SEND: name:enp0s3: saddr:16783984: daddr:100932208: srtt_us:1127592: RTT:140949: ssthresh:2147483647: cwnd:10: delivered:1: lost:0: retrans:0
[  287.728442] AAAAA-TCP_RECV: name:enp0s3: saddr:100932208: daddr:16783984: srtt_us:1127592: RTT:140949: ssthresh:2147483647: cwnd:10: delivered:1: lost:0: retrans:0
[  287.729588] AAAAA-TCP_SEND: name:enp0s3: saddr:16783984: daddr:100932208: srtt_us:1127592: RTT:140949: ssthresh:2147483647: cwnd:10: delivered:1: lost:0: retrans:0
[  287.788387] AAAAA-TCP_RECV: name:enp0s3: saddr:100932208: daddr:16783984: srtt_us:1127592: RTT:140949: ssthresh:2147483647: cwnd:10: delivered:1: lost:0: retrans:0
[  287.788463] AAAAA-TCP_SEND: name:enp0s3: saddr:16783984: daddr:100932208: srtt_us:1127592: RTT:140949: ssthresh:2147483647: cwnd:10: delivered:1: lost:0: retrans:0
[  287.841819] AAAAA-TCP_RECV: name:enp0s3: saddr:100932208: daddr:16783984: srtt_us:1127592: RTT:140949: ssthresh:2147483647: cwnd:10: delivered:1: lost:0: retrans:0
[  287.841876] AAAAA-TCP_SEND: name:enp0s3: saddr:16783984: daddr:100932208: srtt_us:1127592: RTT:140949: ssthresh:2147483647: cwnd:10: delivered:1: lost:0: retrans:0
[  287.987615] AAAAA-TCP_RECV: name:enp0s3: saddr:100932208: daddr:16783984: srtt_us:1127592: RTT:140949: ssthresh:2147483647: cwnd:10: delivered:1: lost:0: retrans:0
[  287.987653] AAAAA-TCP_SEND: name:enp0s3: saddr:16783984: daddr:100932208: srtt_us:1127592: RTT:140949: ssthresh:2147483647: cwnd:10: delivered:1: lost:0: retrans:0
[  288.178111] AAAAA-TCP_RECV: name:enp0s3: saddr:100932208: daddr:16783984: srtt_us:1127592: RTT:140949: ssthresh:2147483647: cwnd:10: delivered:1: lost:0: retrans:0
[  288.178159] AAAAA-TCP_SEND: name:enp0s3: saddr:16783984: daddr:100932208: srtt_us:1127592: RTT:140949: ssthresh:2147483647: cwnd:10: delivered:1: lost:0: retrans:0
[  288.275945] AAAAA-TCP_RECV: name:enp0s3: saddr:100932208: daddr:16783984: srtt_us:1127592: RTT:140949: ssthresh:2147483647: cwnd:10: delivered:1: lost:0: retrans:0
[  288.275985] AAAAA-TCP_SEND: name:enp0s3: saddr:16783984: daddr:100932208: srtt_us:1127592: RTT:140949: ssthresh:2147483647: cwnd:10: delivered:1: lost:0: retrans:0
[  288.534632] AAAAA-TCP_RECV: name:enp0s3: saddr:100932208: daddr:16783984: srtt_us:1127592: RTT:140949: ssthresh:2147483647: cwnd:10: delivered:1: lost:0: retrans:0
[  288.534681] AAAAA-TCP_SEND: name:enp0s3: saddr:16783984: daddr:100932208: srtt_us:1127592: RTT:140949: ssthresh:2147483647: cwnd:10: delivered:1: lost:0: retrans:0
[  288.686163] AAAAA-TCP_RECV: name:enp0s3: saddr:100932208: daddr:16783984: srtt_us:1127592: RTT:140949: ssthresh:2147483647: cwnd:10: delivered:1: lost:0: retrans:0
[  288.686226] AAAAA-TCP_SEND: name:enp0s3: saddr:16783984: daddr:100932208: srtt_us:1127592: RTT:140949: ssthresh:2147483647: cwnd:10: delivered:1: lost:0: retrans:0
[  288.764125] AAAAA-TCP_RECV: name:enp0s3: saddr:100932208: daddr:16783984: srtt_us:1127592: RTT:140949: ssthresh:2147483647: cwnd:10: delivered:1: lost:0: retrans:0
[  288.764214] AAAAA-TCP_SEND: name:enp0s3: saddr:16783984: daddr:100932208: srtt_us:1127592: RTT:140949: ssthresh:2147483647: cwnd:10: delivered:1: lost:0: retrans:0
[  289.085318] AAAAA-TCP_RECV: name:enp0s3: saddr:100932208: daddr:16783984: srtt_us:1127592: RTT:140949: ssthresh:2147483647: cwnd:10: delivered:1: lost:0: retrans:0
[  289.085382] AAAAA-TCP_SEND: name:enp0s3: saddr:16783984: daddr:100932208: srtt_us:1127592: RTT:140949: ssthresh:2147483647: cwnd:10: delivered:1: lost:0: retrans:0
[  289.607825] AAAAA-TCP_RECV: name:enp0s3: saddr:100932208: daddr:33561200: srtt_us:2232152: RTT:279019: ssthresh:2147483647: cwnd:10: delivered:1: lost:0: retrans:0
[  289.607872] AAAAA-TCP_SEND: name:enp0s3: saddr:33561200: daddr:100932208: srtt_us:2232152: RTT:279019: ssthresh:2147483647: cwnd:10: delivered:1: lost:0: retrans:0
[  289.802259] AAAAA-TCP_RECV: name:enp0s3: saddr:100932208: daddr:33561200: srtt_us:2232152: RTT:279019: ssthresh:2147483647: cwnd:10: delivered:1: lost:0: retrans:0
[  289.802311] AAAAA-TCP_SEND: name:enp0s3: saddr:33561200: daddr:100932208: srtt_us:2232152: RTT:279019: ssthresh:2147483647: cwnd:10: delivered:1: lost:0: retrans:0
[  289.929803] AAAAA-TCP_RECV: name:enp0s3: saddr:100932208: daddr:33561200: srtt_us:2232152: RTT:279019: ssthresh:2147483647: cwnd:10: delivered:1: lost:0: retrans:0
[  289.929842] AAAAA-TCP_SEND: name:enp0s3: saddr:33561200: daddr:100932208: srtt_us:2232152: RTT:279019: ssthresh:2147483647: cwnd:10: delivered:1: lost:0: retrans:0
[  290.038026] AAAAA-TCP_RECV: name:enp0s3: saddr:100932208: daddr:33561200: srtt_us:2232152: RTT:279019: ssthresh:2147483647: cwnd:10: delivered:1: lost:0: retrans:0
[  290.038066] AAAAA-TCP_SEND: name:enp0s3: saddr:33561200: daddr:100932208: srtt_us:2232152: RTT:279019: ssthresh:2147483647: cwnd:10: delivered:1: lost:0: retrans:0
[  290.304974] AAAAA-TCP_RECV: name:enp0s3: saddr:100932208: daddr:33561200: srtt_us:2232152: RTT:279019: ssthresh:2147483647: cwnd:10: delivered:1: lost:0: retrans:0
[  290.305026] AAAAA-TCP_SEND: name:enp0s3: saddr:33561200: daddr:100932208: srtt_us:2232152: RTT:279019: ssthresh:2147483647: cwnd:10: delivered:1: lost:0: retrans:0
[  290.436075] AAAAA-TCP_RECV: name:enp0s3: saddr:100932208: daddr:33561200: srtt_us:2232152: RTT:279019: ssthresh:2147483647: cwnd:10: delivered:1: lost:0: retrans:0
[  290.436129] AAAAA-TCP_SEND: name:enp0s3: saddr:33561200: daddr:100932208: srtt_us:2232152: RTT:279019: ssthresh:2147483647: cwnd:10: delivered:1: lost:0: retrans:0
[  290.590297] AAAAA-TCP_RECV: name:enp0s3: saddr:100932208: daddr:33561200: srtt_us:2232152: RTT:279019: ssthresh:2147483647: cwnd:10: delivered:1: lost:0: retrans:0
[  290.590367] AAAAA-TCP_SEND: name:enp0s3: saddr:33561200: daddr:100932208: srtt_us:2232152: RTT:279019: ssthresh:2147483647: cwnd:10: delivered:1: lost:0: retrans:0
[  291.457195] AAAAA-TCP_RECV: name:enp0s3: saddr:100932208: daddr:16783984: srtt_us:1127592: RTT:140949: ssthresh:2147483647: cwnd:10: delivered:1: lost:0: retrans:0
[  291.457247] AAAAA-TCP_SEND: name:enp0s3: saddr:16783984: daddr:100932208: srtt_us:1127592: RTT:140949: ssthresh:2147483647: cwnd:10: delivered:1: lost:0: retrans:0
[  291.654314] AAAAA-TCP_RECV: name:enp0s3: saddr:100932208: daddr:16783984: srtt_us:1127592: RTT:140949: ssthresh:2147483647: cwnd:10: delivered:1: lost:0: retrans:0
[  291.654368] AAAAA-TCP_SEND: name:enp0s3: saddr:16783984: daddr:100932208: srtt_us:1127592: RTT:140949: ssthresh:2147483647: cwnd:10: delivered:1: lost:0: retrans:0
[  291.846608] AAAAA-TCP_RECV: name:enp0s3: saddr:100932208: daddr:16783984: srtt_us:1127592: RTT:140949: ssthresh:2147483647: cwnd:10: delivered:1: lost:0: retrans:0
[  291.846635] AAAAA-TCP_SEND: name:enp0s3: saddr:16783984: daddr:100932208: srtt_us:1127592: RTT:140949: ssthresh:2147483647: cwnd:10: delivered:1: lost:0: retrans:0
[  292.006391] AAAAA-TCP_RECV: name:enp0s3: saddr:100932208: daddr:33561200: srtt_us:2232152: RTT:279019: ssthresh:2147483647: cwnd:10: delivered:1: lost:0: retrans:0
[  292.006428] AAAAA-TCP_SEND: name:enp0s3: saddr:33561200: daddr:100932208: srtt_us:2232152: RTT:279019: ssthresh:2147483647: cwnd:10: delivered:1: lost:0: retrans:0
[  297.792016] AAAAA-TCP_RECV: name:enp0s3: saddr:100932208: daddr:16783984: srtt_us:1127592: RTT:140949: ssthresh:2147483647: cwnd:10: delivered:1: lost:0: retrans:0
[  297.792065] AAAAA-TCP_SEND: name:enp0s3: saddr:16783984: daddr:100932208: srtt_us:1127592: RTT:140949: ssthresh:2147483647: cwnd:10: delivered:1: lost:0: retrans:0
[  297.900689] AAAAA-TCP_RECV: name:enp0s3: saddr:100932208: daddr:33561200: srtt_us:2232152: RTT:279019: ssthresh:2147483647: cwnd:10: delivered:1: lost:0: retrans:0
[  297.900722] AAAAA-TCP_SEND: name:enp0s3: saddr:33561200: daddr:100932208: srtt_us:2232152: RTT:279019: ssthresh:2147483647: cwnd:10: delivered:1: lost:0: retrans:0
[  298.032498] AAAAA-TCP_RECV: name:enp0s3: saddr:100932208: daddr:33561200: srtt_us:2232152: RTT:279019: ssthresh:2147483647: cwnd:10: delivered:1: lost:0: retrans:0
[  298.032524] AAAAA-TCP_SEND: name:enp0s3: saddr:33561200: daddr:100932208: srtt_us:2232152: RTT:279019: ssthresh:2147483647: cwnd:10: delivered:1: lost:0: retrans:0
[  298.099226] AAAAA-TCP_RECV: name:enp0s3: saddr:100932208: daddr:33561200: srtt_us:2232152: RTT:279019: ssthresh:2147483647: cwnd:10: delivered:1: lost:0: retrans:0
[  298.099250] AAAAA-TCP_SEND: name:enp0s3: saddr:33561200: daddr:100932208: srtt_us:2232152: RTT:279019: ssthresh:2147483647: cwnd:10: delivered:1: lost:0: retrans:0
[  298.220017] AAAAA-TCP_RECV: name:enp0s3: saddr:100932208: daddr:33561200: srtt_us:2232152: RTT:279019: ssthresh:2147483647: cwnd:10: delivered:1: lost:0: retrans:0
[  298.220039] AAAAA-TCP_SEND: name:enp0s3: saddr:33561200: daddr:100932208: srtt_us:2232152: RTT:279019: ssthresh:2147483647: cwnd:10: delivered:1: lost:0: retrans:0
[  298.303323] AAAAA-TCP_RECV: name:enp0s3: saddr:100932208: daddr:33561200: srtt_us:2232152: RTT:279019: ssthresh:2147483647: cwnd:10: delivered:1: lost:0: retrans:0
[  298.303344] AAAAA-TCP_SEND: name:enp0s3: saddr:33561200: daddr:100932208: srtt_us:2232152: RTT:279019: ssthresh:2147483647: cwnd:10: delivered:1: lost:0: retrans:0
[  298.380255] AAAAA-TCP_RECV: name:enp0s3: saddr:100932208: daddr:33561200: srtt_us:2232152: RTT:279019: ssthresh:2147483647: cwnd:10: delivered:1: lost:0: retrans:0
[  298.380283] AAAAA-TCP_SEND: name:enp0s3: saddr:33561200: daddr:100932208: srtt_us:2232152: RTT:279019: ssthresh:2147483647: cwnd:10: delivered:1: lost:0: retrans:0
[  298.492736] AAAAA-TCP_RECV: name:enp0s3: saddr:100932208: daddr:33561200: srtt_us:2232152: RTT:279019: ssthresh:2147483647: cwnd:10: delivered:1: lost:0: retrans:0
