[    0.000000] Linux version 5.4.243-mptcp (root@ztg) (gcc version 12.2.0 (Debian 12.2.0-14+deb12u1)) #53 SMP Wed Dec 24 23:28:15 CST 2025
[    0.000000] Command line: BOOT_IMAGE=/boot/vmlinuz-5.4.243-mptcp root=UUID=98415a12-53b7-4144-8265-0f7ece09e445 ro quiet splash
[    0.000000] KERNEL supported cpus:
[    0.000000]   Intel GenuineIntel
[    0.000000]   AMD AuthenticAMD
[    0.000000]   Hygon HygonGenuine
[    0.000000]   Centaur CentaurHauls
[    0.000000]   zhaoxin   Shanghai  
[    0.000000] x86/fpu: Supporting XSAVE feature 0x001: 'x87 floating point registers'
[    0.000000] x86/fpu: Supporting XSAVE feature 0x002: 'SSE registers'
[    0.000000] x86/fpu: Supporting XSAVE feature 0x004: 'AVX registers'
[    0.000000] x86/fpu: xstate_offset[2]:  576, xstate_sizes[2]:  256
[    0.000000] x86/fpu: Enabled xstate features 0x7, context size is 832 bytes, using 'standard' format.
[    0.000000] BIOS-provided physical RAM map:
[    0.000000] BIOS-e820: [mem 0x0000000000000000-0x000000000009fbff] usable
[    0.000000] BIOS-e820: [mem 0x000000000009fc00-0x000000000009ffff] reserved
[    0.000000] BIOS-e820: [mem 0x00000000000f0000-0x00000000000fffff] reserved
[    0.000000] BIOS-e820: [mem 0x0000000000100000-0x000000007ffeffff] usable
[    0.000000] BIOS-e820: [mem 0x000000007fff0000-0x000000007fffffff] ACPI data
[    0.000000] BIOS-e820: [mem 0x00000000fec00000-0x00000000fec00fff] reserved
[    0.000000] BIOS-e820: [mem 0x00000000fee00000-0x00000000fee00fff] reserved
[    0.000000] BIOS-e820: [mem 0x00000000fffc0000-0x00000000ffffffff] reserved
[    0.000000] NX (Execute Disable) protection: active
[    0.000000] SMBIOS 2.5 present.
[    0.000000] DMI: innotek GmbH VirtualBox/VirtualBox, BIOS VirtualBox 12/01/2006
[    0.000000] Hypervisor detected: KVM
[    0.000000] kvm-clock: Using msrs 4b564d01 and 4b564d00
[    0.000000] kvm-clock: cpu 0, msr 45601001, primary cpu clock
[    0.000000] kvm-clock: using sched offset of 4452183198 cycles
[    0.000003] clocksource: kvm-clock: mask: 0xffffffffffffffff max_cycles: 0x1cd42e4dffb, max_idle_ns: 881590591483 ns
[    0.000006] tsc: Detected 2100.000 MHz processor
[    0.001962] e820: update [mem 0x00000000-0x00000fff] usable ==> reserved
[    0.001964] e820: remove [mem 0x000a0000-0x000fffff] usable
[    0.001969] last_pfn = 0x7fff0 max_arch_pfn = 0x400000000
[    0.002037] MTRR default type: uncachable
[    0.002037] MTRR fixed ranges enabled:
[    0.002039]   00000-9FFFF write-back
[    0.002039]   A0000-BFFFF uncachable
[    0.002040]   C0000-FFFFF write-protect
[    0.002041] MTRR variable ranges enabled:
[    0.002042]   0 base 000000000000 mask 3FFF80000000 write-back
[    0.002043]   1 disabled
[    0.002043]   2 disabled
[    0.002044]   3 disabled
[    0.002044]   4 disabled
[    0.002045]   5 disabled
[    0.002045]   6 disabled
[    0.002045]   7 disabled
[    0.002046]   8 disabled
[    0.002046]   9 disabled
[    0.002047]   10 disabled
[    0.002047]   11 disabled
[    0.002048]   12 disabled
[    0.002048]   13 disabled
[    0.002048]   14 disabled
[    0.002049]   15 disabled
[    0.002065] x86/PAT: Configuration [0-7]: WB  WC  UC- UC  WB  WP  UC- WT  
[    0.002197] found SMP MP-table at [mem 0x0009fff0-0x0009ffff]
[    0.092183] check: Scanning 1 areas for low memory corruption
[    0.092369] RAMDISK: [mem 0x32271000-0x3512ffff]
[    0.092377] ACPI: Early table checksum verification disabled
[    0.092381] ACPI: RSDP 0x00000000000E0000 000024 (v02 VBOX  )
[    0.092386] ACPI: XSDT 0x000000007FFF0030 00003C (v01 VBOX   VBOXXSDT 00000001 ASL  00000061)
[    0.092392] ACPI: FACP 0x000000007FFF00F0 0000F4 (v04 VBOX   VBOXFACP 00000001 ASL  00000061)
[    0.092398] ACPI: DSDT 0x000000007FFF02E0 002353 (v02 VBOX   VBOXBIOS 00000002 VBOX 00029BF3)
[    0.092402] ACPI: FACS 0x000000007FFF0200 000040
[    0.092405] ACPI: FACS 0x000000007FFF0200 000040
[    0.092409] ACPI: APIC 0x000000007FFF0240 000054 (v02 VBOX   VBOXAPIC 00000001 ASL  00000061)
[    0.092412] ACPI: SSDT 0x000000007FFF02A0 000038 (v01 VBOX   VBOXCPUT 00000002 VBOX 00029BF3)
[    0.092416] ACPI: Reserving FACP table memory at [mem 0x7fff00f0-0x7fff01e3]
[    0.092416] ACPI: Reserving DSDT table memory at [mem 0x7fff02e0-0x7fff2632]
[    0.092417] ACPI: Reserving FACS table memory at [mem 0x7fff0200-0x7fff023f]
[    0.092418] ACPI: Reserving FACS table memory at [mem 0x7fff0200-0x7fff023f]
[    0.092418] ACPI: Reserving APIC table memory at [mem 0x7fff0240-0x7fff0293]
[    0.092419] ACPI: Reserving SSDT table memory at [mem 0x7fff02a0-0x7fff02d7]
[    0.092432] ACPI: Local APIC address 0xfee00000
[    0.092617] No NUMA configuration found
[    0.092618] Faking a node at [mem 0x0000000000000000-0x000000007ffeffff]
[    0.092628] NODE_DATA(0) allocated [mem 0x7ffc5000-0x7ffeffff]
[    0.092889] Zone ranges:
[    0.092890]   DMA      [mem 0x0000000000001000-0x0000000000ffffff]
[    0.092891]   DMA32    [mem 0x0000000001000000-0x000000007ffeffff]
[    0.092892]   Normal   empty
[    0.092893]   Device   empty
[    0.092893] Movable zone start for each node
[    0.092895] Early memory node ranges
[    0.092896]   node   0: [mem 0x0000000000001000-0x000000000009efff]
[    0.092897]   node   0: [mem 0x0000000000100000-0x000000007ffeffff]
[    0.092900] Zeroed struct page in unavailable ranges: 114 pages
[    0.092901] Initmem setup node 0 [mem 0x0000000000001000-0x000000007ffeffff]
[    0.092903] On node 0 totalpages: 524174
[    0.092904]   DMA zone: 64 pages used for memmap
[    0.092904]   DMA zone: 21 pages reserved
[    0.092905]   DMA zone: 3998 pages, LIFO batch:0
[    0.092977]   DMA32 zone: 8128 pages used for memmap
[    0.092978]   DMA32 zone: 520176 pages, LIFO batch:63
[    0.101850] ACPI: PM-Timer IO Port: 0x4008
[    0.101853] ACPI: Local APIC address 0xfee00000
[    0.101916] IOAPIC[0]: apic_id 1, version 32, address 0xfec00000, GSI 0-23
[    0.101920] ACPI: INT_SRC_OVR (bus 0 bus_irq 0 global_irq 2 dfl dfl)
[    0.101921] ACPI: INT_SRC_OVR (bus 0 bus_irq 9 global_irq 9 low level)
[    0.101924] ACPI: IRQ0 used by override.
[    0.101925] ACPI: IRQ9 used by override.
[    0.101927] Using ACPI (MADT) for SMP configuration information
[    0.101933] smpboot: Allowing 1 CPUs, 0 hotplug CPUs
[    0.101954] PM: Registered nosave memory: [mem 0x00000000-0x00000fff]
[    0.101955] PM: Registered nosave memory: [mem 0x0009f000-0x0009ffff]
[    0.101956] PM: Registered nosave memory: [mem 0x000a0000-0x000effff]
[    0.101956] PM: Registered nosave memory: [mem 0x000f0000-0x000fffff]
[    0.101958] [mem 0x80000000-0xfebfffff] available for PCI devices
[    0.101959] Booting paravirtualized kernel on KVM
[    0.101961] clocksource: refined-jiffies: mask: 0xffffffff max_cycles: 0xffffffff, max_idle_ns: 7645519600211568 ns
[    0.101965] setup_percpu: NR_CPUS:8192 nr_cpumask_bits:1 nr_cpu_ids:1 nr_node_ids:1
[    0.102965] percpu: Embedded 60 pages/cpu s208896 r8192 d28672 u2097152
[    0.102969] pcpu-alloc: s208896 r8192 d28672 u2097152 alloc=1*2097152
[    0.102970] pcpu-alloc: [0] 0 
[    0.102995] Built 1 zonelists, mobility grouping on.  Total pages: 515961
[    0.102996] Policy zone: DMA32
[    0.102997] Kernel command line: BOOT_IMAGE=/boot/vmlinuz-5.4.243-mptcp root=UUID=98415a12-53b7-4144-8265-0f7ece09e445 ro quiet splash
[    0.103837] Dentry cache hash table entries: 262144 (order: 9, 2097152 bytes, linear)
[    0.103983] Inode-cache hash table entries: 131072 (order: 8, 1048576 bytes, linear)
[    0.104033] mem auto-init: stack:off, heap alloc:on, heap free:off
[    0.104035] Calgary: detecting Calgary via BIOS EBDA area
[    0.104036] Calgary: Unable to locate Rio Grande table in EBDA - bailing!
[    0.108116] Memory: 1967332K/2096696K available (14339K kernel code, 2398K rwdata, 4712K rodata, 2728K init, 17260K bss, 129364K reserved, 0K cma-reserved)
[    0.109029] SLUB: HWalign=64, Order=0-3, MinObjects=0, CPUs=1, Nodes=1
[    0.109045] ftrace: allocating 43186 entries in 169 pages
[    0.127144] rcu: Hierarchical RCU implementation.
[    0.127145] rcu: 	RCU restricting CPUs from NR_CPUS=8192 to nr_cpu_ids=1.
[    0.127147] 	Tasks RCU enabled.
[    0.127148] rcu: RCU calculated value of scheduler-enlistment delay is 25 jiffies.
[    0.127148] rcu: Adjusting geometry for rcu_fanout_leaf=16, nr_cpu_ids=1
[    0.130105] NR_IRQS: 524544, nr_irqs: 256, preallocated irqs: 16
[    0.130313] random: crng init done
[    0.139633] Console: colour VGA+ 80x25
[    0.139636] printk: console [tty0] enabled
[    0.139655] ACPI: Core revision 20190816
[    0.139744] APIC: Switch to symmetric I/O mode setup
[    0.139995] x2apic enabled
[    0.140246] Switched APIC routing to physical x2apic.
[    0.141396] ..TIMER: vector=0x30 apic1=0 pin1=2 apic2=-1 pin2=-1
[    0.141420] clocksource: tsc-early: mask: 0xffffffffffffffff max_cycles: 0x1e4530a99b6, max_idle_ns: 440795257976 ns
[    0.141425] Calibrating delay loop (skipped) preset value.. 4200.00 BogoMIPS (lpj=8400000)
[    0.141427] pid_max: default: 32768 minimum: 301
[    0.141453] LSM: Security Framework initializing
[    0.141462] Yama: becoming mindful.
[    0.141485] AppArmor: AppArmor initialized
[    0.141517] Mount-cache hash table entries: 4096 (order: 3, 32768 bytes, linear)
[    0.141522] Mountpoint-cache hash table entries: 4096 (order: 3, 32768 bytes, linear)
[    0.141533] *** VALIDATE tmpfs ***
[    0.141660] *** VALIDATE proc ***
[    0.141700] *** VALIDATE cgroup1 ***
[    0.141701] *** VALIDATE cgroup2 ***
[    0.141838] process: using mwait in idle threads
[    0.141843] Last level iTLB entries: 4KB 64, 2MB 8, 4MB 8
[    0.141844] Last level dTLB entries: 4KB 64, 2MB 0, 4MB 0, 1GB 4
[    0.141863] Spectre V1 : Mitigation: usercopy/swapgs barriers and __user pointer sanitization
[    0.141869] Spectre V2 : Mitigation: Retpolines
[    0.141869] Spectre V2 : Spectre v2 / SpectreRSB mitigation: Filling RSB on context switch
[    0.141870] Spectre V2 : Spectre v2 / SpectreRSB : Filling RSB on VMEXIT
[    0.141870] RETBleed: WARNING: Spectre v2 mitigation leaves CPU vulnerable to RETBleed attacks, data leaks possible!
[    0.142224] RETBleed: Vulnerable
[    0.142225] Speculative Store Bypass: Vulnerable
[    0.142229] TAA: Mitigation: TSX disabled
[    0.142230] MMIO Stale Data: Mitigation: Clear CPU buffers
[    0.146369] Freeing SMP alternatives memory: 40K
[    0.259246] smpboot: CPU0: Intel(R) Xeon(R) Silver 4216 CPU @ 2.10GHz (family: 0x6, model: 0x55, stepping: 0x7)
[    0.259358] Performance Events: unsupported p6 CPU model 85 no PMU driver, software events only.
[    0.259389] rcu: Hierarchical SRCU implementation.
[    0.259855] NMI watchdog: Perf NMI watchdog permanently disabled
[    0.259891] smp: Bringing up secondary CPUs ...
[    0.259892] smp: Brought up 1 node, 1 CPU
[    0.259893] smpboot: Max logical packages: 1
[    0.259894] smpboot: Total of 1 processors activated (4200.00 BogoMIPS)
[    0.260848] devtmpfs: initialized
[    0.260897] x86/mm: Memory block size: 128MB
[    0.261261] clocksource: jiffies: mask: 0xffffffff max_cycles: 0xffffffff, max_idle_ns: 7645041785100000 ns
[    0.261266] futex hash table entries: 256 (order: 2, 16384 bytes, linear)
[    0.261307] pinctrl core: initialized pinctrl subsystem
[    0.261411] PM: RTC time: 19:39:23, date: 2026-01-18
[    0.261422] NET: Registered protocol family 16
[    0.261422] audit: initializing netlink subsys (disabled)
[    0.261422] EISA bus registered
[    0.261422] cpuidle: using governor ladder
[    0.261422] cpuidle: using governor menu
[    0.261422] ACPI: bus type PCI registered
[    0.261422] acpiphp: ACPI Hot Plug PCI Controller Driver version: 0.5
[    0.261422] PCI: Using configuration type 1 for base access
[    0.261720] audit: type=2000 audit(1768736369.606:1): state=initialized audit_enabled=0 res=1
[    0.261796] HugeTLB registered 2.00 MiB page size, pre-allocated 0 pages
[    0.262600] ACPI: Added _OSI(Module Device)
[    0.262601] ACPI: Added _OSI(Processor Device)
[    0.262602] ACPI: Added _OSI(3.0 _SCP Extensions)
[    0.262602] ACPI: Added _OSI(Processor Aggregator Device)
[    0.262603] ACPI: Added _OSI(Linux-Dell-Video)
[    0.262604] ACPI: Added _OSI(Linux-Lenovo-NV-HDMI-Audio)
[    0.262605] ACPI: Added _OSI(Linux-HPI-Hybrid-Graphics)
[    0.264566] ACPI: 2 ACPI AML tables successfully acquired and loaded
[    0.266056] ACPI: Interpreter enabled
[    0.266066] ACPI: (supports S0 S5)
[    0.266067] ACPI: Using IOAPIC for interrupt routing
[    0.266272] PCI: Using host bridge windows from ACPI; if necessary, use "pci=nocrs" and report a bug
[    0.266377] ACPI: Enabled 2 GPEs in block 00 to 07
[    0.271181] ACPI: PCI Root Bridge [PCI0] (domain 0000 [bus 00-ff])
[    0.271186] acpi PNP0A03:00: _OSC: OS supports [ASPM ClockPM Segments MSI HPX-Type3]
[    0.271631] acpi PNP0A03:00: _OSC: not requesting OS control; OS requires [ExtendedConfig ASPM ClockPM MSI]
[    0.271639] acpi PNP0A03:00: fail to add MMCONFIG information, can't access extended PCI configuration space under this bridge.
[    0.272007] PCI host bridge to bus 0000:00
[    0.272009] pci_bus 0000:00: root bus resource [io  0x0000-0x0cf7 window]
[    0.272010] pci_bus 0000:00: root bus resource [io  0x0d00-0xffff window]
[    0.272011] pci_bus 0000:00: root bus resource [mem 0x000a0000-0x000bffff window]
[    0.272012] pci_bus 0000:00: root bus resource [mem 0x80000000-0xfdffffff window]
[    0.272014] pci_bus 0000:00: root bus resource [bus 00-ff]
[    0.272056] pci 0000:00:00.0: [8086:1237] type 00 class 0x060000
[    0.273005] pci 0000:00:01.0: [8086:7000] type 00 class 0x060100
[    0.273808] pci 0000:00:01.1: [8086:7111] type 00 class 0x01018a
[    0.274179] pci 0000:00:01.1: reg 0x20: [io  0xd000-0xd00f]
[    0.274330] pci 0000:00:01.1: legacy IDE quirk: reg 0x10: [io  0x01f0-0x01f7]
[    0.274331] pci 0000:00:01.1: legacy IDE quirk: reg 0x14: [io  0x03f6]
[    0.274332] pci 0000:00:01.1: legacy IDE quirk: reg 0x18: [io  0x0170-0x0177]
[    0.274333] pci 0000:00:01.1: legacy IDE quirk: reg 0x1c: [io  0x0376]
[    0.274893] pci 0000:00:02.0: [15ad:0405] type 00 class 0x030000
[    0.277498] pci 0000:00:02.0: reg 0x10: [io  0xd010-0xd01f]
[    0.280317] pci 0000:00:02.0: reg 0x14: [mem 0xe0000000-0xe7ffffff pref]
[    0.283981] pci 0000:00:02.0: reg 0x18: [mem 0xf0000000-0xf01fffff]
[    0.294183] pci 0000:00:03.0: [1022:2000] type 00 class 0x020000
[    0.294884] pci 0000:00:03.0: reg 0x10: [io  0xd020-0xd03f]
[    0.295510] pci 0000:00:03.0: reg 0x14: [mem 0xf0200000-0xf0200fff]
[    0.298862] pci 0000:00:04.0: [80ee:cafe] type 00 class 0x088000
[    0.299550] pci 0000:00:04.0: reg 0x10: [io  0xd040-0xd05f]
[    0.300188] pci 0000:00:04.0: reg 0x14: [mem 0xf0400000-0xf07fffff]
[    0.301539] pci 0000:00:04.0: reg 0x18: [mem 0xf0800000-0xf0803fff pref]
[    0.305157] pci 0000:00:07.0: [8086:7113] type 00 class 0x068000
[    0.305750] pci 0000:00:07.0: quirk: [io  0x4000-0x403f] claimed by PIIX4 ACPI
[    0.305764] pci 0000:00:07.0: quirk: [io  0x4100-0x410f] claimed by PIIX4 SMB
[    0.306348] pci 0000:00:08.0: [1022:2000] type 00 class 0x020000
[    0.307034] pci 0000:00:08.0: reg 0x10: [io  0xd060-0xd07f]
[    0.307656] pci 0000:00:08.0: reg 0x14: [mem 0xf0804000-0xf0804fff]
[    0.311357] pci 0000:00:09.0: [8086:100e] type 00 class 0x020000
[    0.312078] pci 0000:00:09.0: reg 0x10: [mem 0xf0820000-0xf083ffff]
[    0.313331] pci 0000:00:09.0: reg 0x18: [io  0xd080-0xd087]
[    0.322515] ACPI: PCI Interrupt Link [LNKA] (IRQs 5 9 10 *11)
[    0.322826] ACPI: PCI Interrupt Link [LNKB] (IRQs 5 9 *10 11)
[    0.322932] ACPI: PCI Interrupt Link [LNKC] (IRQs 5 *9 10 11)
[    0.323033] ACPI: PCI Interrupt Link [LNKD] (IRQs 5 9 10 *11)
[    0.323281] iommu: Default domain type: Translated 
[    0.323340] pci 0000:00:02.0: vgaarb: setting as boot VGA device
[    0.323342] pci 0000:00:02.0: vgaarb: VGA device added: decodes=io+mem,owns=io+mem,locks=none
[    0.323344] pci 0000:00:02.0: vgaarb: bridge control possible
[    0.323344] vgaarb: loaded
[    0.325590] SCSI subsystem initialized
[    0.325619] libata version 3.00 loaded.
[    0.325644] ACPI: bus type USB registered
[    0.325659] usbcore: registered new interface driver usbfs
[    0.325665] usbcore: registered new interface driver hub
[    0.325670] usbcore: registered new device driver usb
[    0.325697] pps_core: LinuxPPS API ver. 1 registered
[    0.325697] pps_core: Software ver. 5.3.6 - Copyright 2005-2007 Rodolfo Giometti <giometti@linux.it>
[    0.325700] PTP clock support registered
[    0.325736] EDAC MC: Ver: 3.0.0
[    0.326023] PCI: Using ACPI for IRQ routing
[    0.326025] PCI: pci_cache_line_size set to 64 bytes
[    0.326194] e820: reserve RAM buffer [mem 0x0009fc00-0x0009ffff]
[    0.326197] e820: reserve RAM buffer [mem 0x7fff0000-0x7fffffff]
[    0.326987] NetLabel: Initializing
[    0.326987] NetLabel:  domain hash size = 128
[    0.326988] NetLabel:  protocols = UNLABELED CIPSOv4 CALIPSO
[    0.327007] NetLabel:  unlabeled traffic allowed by default
[    0.327893] clocksource: Switched to clocksource kvm-clock
[    0.339809] *** VALIDATE bpf ***
[    0.339868] VFS: Disk quotas dquot_6.6.0
[    0.339880] VFS: Dquot-cache hash table entries: 512 (order 0, 4096 bytes)
[    0.339901] *** VALIDATE ramfs ***
[    0.339904] *** VALIDATE hugetlbfs ***
[    0.339983] AppArmor: AppArmor Filesystem Enabled
[    0.340006] pnp: PnP ACPI init
[    0.340067] pnp 00:00: Plug and Play ACPI device, IDs PNP0303 (active)
[    0.340133] pnp 00:01: Plug and Play ACPI device, IDs PNP0f03 (active)
[    0.340862] pnp: PnP ACPI: found 2 devices
[    0.341821] thermal_sys: Registered thermal governor 'fair_share'
[    0.341822] thermal_sys: Registered thermal governor 'bang_bang'
[    0.341822] thermal_sys: Registered thermal governor 'step_wise'
[    0.341823] thermal_sys: Registered thermal governor 'user_space'
[    0.341823] thermal_sys: Registered thermal governor 'power_allocator'
[    0.346333] clocksource: acpi_pm: mask: 0xffffff max_cycles: 0xffffff, max_idle_ns: 2085701024 ns
[    0.346372] pci_bus 0000:00: resource 4 [io  0x0000-0x0cf7 window]
[    0.346373] pci_bus 0000:00: resource 5 [io  0x0d00-0xffff window]
[    0.346375] pci_bus 0000:00: resource 6 [mem 0x000a0000-0x000bffff window]
[    0.346376] pci_bus 0000:00: resource 7 [mem 0x80000000-0xfdffffff window]
[    0.346430] NET: Registered protocol family 2
[    0.346503] IP idents hash table entries: 32768 (order: 6, 262144 bytes, linear)
[    0.346901] MPTCP tokens hash table entries: 8192 (order: 4, 65536 bytes, linear)
[    0.346920] MPTCP request tokens hash table entries: 8192 (order: 4, 65536 bytes, linear)
[    0.346945] default registered
[    0.346946] default registered
[    0.346946] MPTCP: Stable release v0.96
[    0.346951] tcp_listen_portaddr_hash hash table entries: 1024 (order: 2, 16384 bytes, linear)
[    0.347028] TCP established hash table entries: 16384 (order: 5, 131072 bytes, linear)
[    0.347091] TCP bind hash table entries: 16384 (order: 6, 262144 bytes, linear)
[    0.347116] TCP: Hash tables configured (established 16384 bind 16384)
[    0.347828] UDP hash table entries: 1024 (order: 3, 32768 bytes, linear)
[    0.347839] UDP-Lite hash table entries: 1024 (order: 3, 32768 bytes, linear)
[    0.347873] NET: Registered protocol family 1
[    0.347882] NET: Registered protocol family 44
[    0.347901] pci 0000:00:00.0: Limiting direct PCI/PCI transfers
[    0.347913] pci 0000:00:01.0: Activating ISA DMA hang workarounds
[    0.347969] pci 0000:00:02.0: Video device with shadowed ROM at [mem 0x000c0000-0x000dffff]
[    0.348033] PCI: CLS 0 bytes, default 64
[    0.348078] Trying to unpack rootfs image as initramfs...
[    0.515798] Freeing initrd memory: 47868K
[    0.515798] clocksource: tsc: mask: 0xffffffffffffffff max_cycles: 0x1e4530a99b6, max_idle_ns: 440795257976 ns
[    0.515798] clocksource: Switched to clocksource tsc
[    0.515798] platform rtc_cmos: registered platform RTC device (no PNP device found)
[    0.515798] check: Scanning for low memory corruption every 60 seconds
[    0.515798] Initialise system trusted keyrings
[    0.515798] Key type blacklist registered
[    0.515798] workingset: timestamp_bits=36 max_order=19 bucket_order=0
[    0.515798] zbud: loaded
[    0.515798] squashfs: version 4.0 (2009/01/31) Phillip Lougher
[    0.515798] fuse: init (API version 7.31)
[    0.515798] *** VALIDATE fuse ***
[    0.515798] *** VALIDATE fuse ***
[    0.515798] Platform Keyring initialized
[    0.530616] Key type asymmetric registered
[    0.530617] Asymmetric key parser 'x509' registered
[    0.530630] Block layer SCSI generic (bsg) driver version 0.4 loaded (major 244)
[    0.530668] io scheduler mq-deadline registered
[    0.530794] shpchp: Standard Hot Plug PCI Controller Driver version: 0.4
[    0.531002] ACPI: AC Adapter [AC] (on-line)
[    0.531046] input: Power Button as /devices/LNXSYSTM:00/LNXPWRBN:00/input/input0
[    0.531075] ACPI: Power Button [PWRF]
[    0.531163] input: Sleep Button as /devices/LNXSYSTM:00/LNXSLPBN:00/input/input1
[    0.531178] ACPI: Sleep Button [SLPF]
[    0.531394] Serial: 8250/16550 driver, 32 ports, IRQ sharing enabled
[    0.532544] Linux agpgart interface v0.103
[    0.623150] loop: module loaded
[    0.623298] ata_piix 0000:00:01.1: version 2.13
[    0.623709] scsi host0: ata_piix
[    0.623799] scsi host1: ata_piix
[    0.623826] ata1: PATA max UDMA/33 cmd 0x1f0 ctl 0x3f6 bmdma 0xd000 irq 14
[    0.623827] ata2: PATA max UDMA/33 cmd 0x170 ctl 0x376 bmdma 0xd008 irq 15
[    0.623906] tun: Universal TUN/TAP device driver, 1.6
[    0.624210] PPP generic driver version 2.4.2
[    0.624251] VFIO - User Level meta-driver version: 0.3
[    0.624485] ehci_hcd: USB 2.0 'Enhanced' Host Controller (EHCI) Driver
[    0.624489] ehci-pci: EHCI PCI platform driver
[    0.624504] ehci-platform: EHCI generic platform driver
[    0.624510] ohci_hcd: USB 1.1 'Open' Host Controller (OHCI) Driver
[    0.624511] ohci-pci: OHCI PCI platform driver
[    0.624518] ohci-platform: OHCI generic platform driver
[    0.624523] uhci_hcd: USB Universal Host Controller Interface driver
[    0.624588] i8042: PNP: PS/2 Controller [PNP0303:PS2K,PNP0f03:PS2M] at 0x60,0x64 irq 1,12
[    0.625025] serio: i8042 KBD port at 0x60,0x64 irq 1
[    0.625028] serio: i8042 AUX port at 0x60,0x64 irq 12
[    0.625115] mousedev: PS/2 mouse device common for all mice
[    0.625372] input: AT Translated Set 2 keyboard as /devices/platform/i8042/serio0/input/input2
[    0.625768] rtc_cmos rtc_cmos: registered as rtc0
[    0.625781] rtc_cmos rtc_cmos: alarms up to one day, 114 bytes nvram
[    0.625786] i2c /dev entries driver
[    0.625829] device-mapper: uevent: version 1.0.3
[    0.625872] device-mapper: ioctl: 4.41.0-ioctl (2019-09-16) initialised: dm-devel@redhat.com
[    0.625888] platform eisa.0: Probing EISA bus 0
[    0.625889] platform eisa.0: EISA: Cannot allocate resource for mainboard
[    0.625891] platform eisa.0: Cannot allocate resource for EISA slot 1
[    0.625892] platform eisa.0: Cannot allocate resource for EISA slot 2
[    0.625893] platform eisa.0: Cannot allocate resource for EISA slot 3
[    0.625894] platform eisa.0: Cannot allocate resource for EISA slot 4
[    0.625895] platform eisa.0: Cannot allocate resource for EISA slot 5
[    0.625896] platform eisa.0: Cannot allocate resource for EISA slot 6
[    0.625897] platform eisa.0: Cannot allocate resource for EISA slot 7
[    0.625897] platform eisa.0: Cannot allocate resource for EISA slot 8
[    0.625898] platform eisa.0: EISA: Detected 0 cards
[    0.625901] intel_pstate: CPU model not supported
[    0.625910] ledtrig-cpu: registered to indicate activity on CPUs
[    0.625962] drop_monitor: Initializing network drop monitor service
[    0.626122] NET: Registered protocol family 10
[    0.631250] Segment Routing with IPv6
[    0.631278] fullmesh registered
[    0.631278] ndiffports registered
[    0.631278] binder registered
[    0.631278] roundrobin registered
[    0.631278] redundant registered
[    0.631278] blest registered
[    0.631278] ecf registered
[    0.631278] NET: Registered protocol family 17
[    0.631278] Key type dns_resolver registered
[    0.631278] RAS: Correctable Errors collector initialized.
[    0.631278] IPI shorthand broadcast: enabled
[    0.631278] sched_clock: Marking stable (616161031, 11117034)->(629067821, -1789756)
[    0.631495] registered taskstats version 1
[    0.631503] Loading compiled-in X.509 certificates
[    0.632091] Loaded X.509 cert 'Build time autogenerated kernel key: 6909f3744cebb3d0de528d5887b96a727de79b1e'
[    0.632108] zswap: loaded using pool lzo/zbud
[    0.632160] Key type ._fscrypt registered
[    0.632161] Key type .fscrypt registered
[    0.636627] Key type big_key registered
[    0.638839] Key type encrypted registered
[    0.638842] AppArmor: AppArmor sha1 policy hashing enabled
[    0.638850] ima: No TPM chip found, activating TPM-bypass!
[    0.638853] ima: Allocated hash algorithm: sha1
[    0.638858] ima: No architecture policies found
[    0.638867] evm: Initialising EVM extended attributes:
[    0.638867] evm: security.selinux
[    0.638868] evm: security.SMACK64
[    0.638868] evm: security.SMACK64EXEC
[    0.638869] evm: security.SMACK64TRANSMUTE
[    0.638869] evm: security.SMACK64MMAP
[    0.638870] evm: security.apparmor
[    0.638870] evm: security.ima
[    0.638870] evm: security.capability
[    0.638871] evm: HMAC attrs: 0x1
[    0.639159] PM:   Magic number: 10:470:698
[    0.639274] rtc_cmos rtc_cmos: setting system clock to 2026-01-18T19:39:24 UTC (1768765164)
[    0.796091] ata1.00: ATA-6: VBOX HARDDISK, 1.0, max UDMA/133
[    0.796094] ata1.00: 209715200 sectors, multi 128: LBA 
[    0.796725] scsi 0:0:0:0: Direct-Access     ATA      VBOX HARDDISK    1.0  PQ: 0 ANSI: 5
[    0.797007] sd 0:0:0:0: [sda] 209715200 512-byte logical blocks: (107 GB/100 GiB)
[    0.797019] sd 0:0:0:0: [sda] Write Protect is off
[    0.797022] sd 0:0:0:0: [sda] Mode Sense: 00 3a 00 00
[    0.797040] sd 0:0:0:0: [sda] Write cache: enabled, read cache: enabled, doesn't support DPO or FUA
[    0.797347] sd 0:0:0:0: Attached scsi generic sg0 type 0
[    0.798201]  sda: sda1 sda2
[    0.807478] sd 0:0:0:0: [sda] Attached SCSI disk
[    0.812714] Freeing unused decrypted memory: 2040K
[    0.814024] Freeing unused kernel image memory: 2728K
[    0.814028] Write protecting the kernel read-only data: 22528k
[    0.815525] Freeing unused kernel image memory: 2036K
[    0.816307] Freeing unused kernel image memory: 1432K
[    0.851271] x86/mm: Checked W+X mappings: passed, no W+X pages found.
[    0.851276] Run /init as init process
[    0.953877] ACPI: Video Device [GFX0] (multi-head: yes  rom: no  post: no)
[    0.953949] input: Video Bus as /devices/LNXSYSTM:00/LNXSYBUS:00/PNP0A03:00/LNXVIDEO:00/input/input4
[    0.965222] pcnet32: pcnet32.c:v1.35 21.Apr.2008 tsbogend@alpha.franken.de
[    0.968443] piix4_smbus 0000:00:07.0: SMBus Host Controller at 0x4100, revision 0
[    0.972625] e1000: Intel(R) PRO/1000 Network Driver - version 7.3.21-k8-NAPI
[    0.972626] e1000: Copyright (c) 1999-2006 Intel Corporation.
[    0.974655] pcnet32: PCnet/FAST III 79C973 at 0xd020, 08:00:27:1c:25:f1 assigned IRQ 19
[    0.974700] pcnet32: Found PHY 0022:561b at address 0
[    0.974995] pcnet32: eth0: registered as PCnet/FAST III 79C973
[    0.984088] pcnet32: PCnet/FAST III 79C973 at 0xd060, 08:00:27:59:b4:f2 assigned IRQ 16
[    0.984130] pcnet32: Found PHY 0022:561b at address 0
[    0.984428] pcnet32: eth1: registered as PCnet/FAST III 79C973
[    0.990427] pcnet32: 2 cards_found
[    1.043385] pcnet32 0000:00:03.0 enp0s3: renamed from eth0
[    1.044716] pcnet32 0000:00:08.0 enp0s8: renamed from eth1
[    1.192398] input: ImExPS/2 Generic Explorer Mouse as /devices/platform/i8042/serio1/input/input5
[    1.379413] e1000 0000:00:09.0 eth0: (PCI:33MHz:32-bit) 08:00:27:98:08:7b
[    1.379418] e1000 0000:00:09.0 eth0: Intel(R) PRO/1000 Network Connection
[    1.380518] e1000 0000:00:09.0 enp0s9: renamed from eth0
[    1.530973] EXT4-fs (sda2): mounted filesystem with ordered data mode. Opts: (null)
[    1.622808] systemd[1]: Inserted module 'autofs4'
[    1.635247] systemd[1]: systemd 245.4-4ubuntu3 running in system mode. (+PAM +AUDIT +SELINUX +IMA +APPARMOR +SMACK +SYSVINIT +UTMP +LIBCRYPTSETUP +GCRYPT +GNUTLS +ACL +XZ +LZ4 +SECCOMP +BLKID +ELFUTILS +KMOD +IDN2 -IDN +PCRE2 default-hierarchy=hybrid)
[    1.635277] systemd[1]: Detected virtualization oracle.
[    1.635280] systemd[1]: Detected architecture x86-64.
[    1.636559] systemd[1]: Set hostname to <ztg>.
[    1.761392] systemd[1]: /lib/systemd/system/dbus.socket:5: ListenStream= references a path below legacy directory /var/run/, updating /var/run/dbus/system_bus_socket â†’ /run/dbus/system_bus_socket; please update the unit file accordingly.
[    1.814542] systemd[1]: Created slice system-modprobe.slice.
[    1.814727] systemd[1]: Created slice User and Session Slice.
[    1.814771] systemd[1]: Started Forward Password Requests to Wall Directory Watch.
[    1.814933] systemd[1]: Set up automount Arbitrary Executable File Formats File System Automount Point.
[    1.814970] systemd[1]: Reached target User and Group Name Lookups.
[    1.814979] systemd[1]: Reached target Remote File Systems.
[    1.814987] systemd[1]: Reached target Slices.
[    1.815802] systemd[1]: Listening on Syslog Socket.
[    1.815872] systemd[1]: Listening on fsck to fsckd communication Socket.
[    1.815910] systemd[1]: Listening on initctl Compatibility Named Pipe.
[    1.816047] systemd[1]: Listening on Journal Audit Socket.
[    1.816101] systemd[1]: Listening on Journal Socket (/dev/log).
[    1.816169] systemd[1]: Listening on Journal Socket.
[    1.816232] systemd[1]: Listening on udev Control Socket.
[    1.816270] systemd[1]: Listening on udev Kernel Socket.
[    1.817013] systemd[1]: Mounting Huge Pages File System...
[    1.817914] systemd[1]: Mounting POSIX Message Queue File System...
[    1.818786] systemd[1]: Mounting Kernel Debug File System...
[    1.819677] systemd[1]: Mounting Kernel Trace File System...
[    1.821595] systemd[1]: Starting Journal Service...
[    1.846292] systemd[1]: Starting Set the console keyboard layout...
[    1.854195] systemd[1]: Starting Create list of static device nodes for the current kernel...
[    1.856280] systemd[1]: Starting Load Kernel Module drm...
[    1.860485] systemd[1]: Condition check resulted in Set Up Additional Binary Formats being skipped.
[    1.860986] systemd[1]: Condition check resulted in File System Check on Root Device being skipped.
[    1.870725] systemd[1]: Starting Load Kernel Modules...
[    1.876085] systemd[1]: Starting Remount Root and Kernel File Systems...
[    1.888082] systemd[1]: Starting udev Coldplug all Devices...
[    1.897516] systemd[1]: Starting Uncomplicated firewall...
[    1.899025] systemd[1]: Mounted Huge Pages File System.
[    1.899114] systemd[1]: Mounted POSIX Message Queue File System.
[    1.899195] systemd[1]: Mounted Kernel Debug File System.
[    1.899270] systemd[1]: Mounted Kernel Trace File System.
[    1.901760] EXT4-fs (sda2): re-mounted. Opts: errors=remount-ro
[    1.922194] systemd[1]: Finished Create list of static device nodes for the current kernel.
[    1.923294] systemd[1]: modprobe@drm.service: Succeeded.
[    1.937880] systemd[1]: Finished Load Kernel Module drm.
[    1.938493] systemd[1]: Finished Remount Root and Kernel File Systems.
[    1.939612] systemd[1]: Finished Uncomplicated firewall.
[    1.956042] systemd[1]: Condition check resulted in Rebuild Hardware Database being skipped.
[    1.956081] systemd[1]: Condition check resulted in Platform Persistent Storage Archival being skipped.
[    1.958032] lp: driver loaded but no devices found
[    1.959514] systemd[1]: Starting Load/Save Random Seed...
[    1.965517] systemd[1]: Starting Create System Users...
[    1.974240] systemd[1]: Finished Load/Save Random Seed.
[    1.976025] ppdev: user-space parallel port driver
[    1.981773] systemd[1]: Finished Create System Users.
[    1.982520] systemd[1]: Starting Create Static Device Nodes in /dev...
[    2.021836] systemd[1]: Finished Create Static Device Nodes in /dev.
[    2.022700] systemd[1]: Starting udev Kernel Device Manager...
[    2.036841] systemd[1]: Finished udev Coldplug all Devices.
[    2.064924] [drm] DMA map mode: Caching DMA mappings.
[    2.064986] [drm] Capabilities:
[    2.064987] [drm]   Rect copy.
[    2.064987] [drm]   Cursor.
[    2.064988] [drm]   Cursor bypass.
[    2.064988] [drm]   Cursor bypass 2.
[    2.064988] [drm]   Alpha cursor.
[    2.064989] [drm]   Extended Fifo.
[    2.064989] [drm]   Pitchlock.
[    2.064989] [drm]   Irq mask.
[    2.064990] [drm]   GMR.
[    2.064990] [drm]   Traces.
[    2.064990] [drm]   GMR2.
[    2.064991] [drm]   Screen Object 2.
[    2.064991] [drm]   Command Buffers.
[    2.064991] [drm]   Command Buffers 2.
[    2.064992] [drm]   Guest Backed Resources.
[    2.064993] [drm] Max GMR ids is 8192
[    2.064993] [drm] Max number of GMR pages is 1048576
[    2.064994] [drm] Max dedicated hypervisor surface memory is 393216 kiB
[    2.064994] [drm] Maximum display memory size is 131072 kiB
[    2.064995] [drm] VRAM at 0xe0000000 size is 131072 kiB
[    2.064996] [drm] MMIO at 0xf0000000 size is 2048 kiB
[    2.071353] [TTM] Zone  kernel: Available graphics memory: 1011738 KiB
[    2.071354] [TTM] Initializing pool allocator
[    2.071357] [TTM] Initializing DMA pool allocator
[    2.071389] [drm] Supports vblank timestamp caching Rev 2 (21.10.2013).
[    2.071390] [drm] No driver support for vblank timestamp query.
[    2.071613] [drm] Screen Target Display device initialized
[    2.071827] [drm] width 720
[    2.071836] [drm] height 400
[    2.071839] [drm] bpp 32
[    2.072378] [drm] Fifo max 0x00200000 min 0x00001000 cap 0x00000355
[    2.073436] [drm] Using command buffers with DMA pool.
[    2.073440] [drm] DX: no.
[    2.073440] [drm] Atomic: yes.
[    2.073440] [drm] SM4_1: no.
[    2.073461] [drm:vmw_host_log [vmwgfx]] *ERROR* Failed to send host log message.
[    2.074366] [drm:vmw_host_log [vmwgfx]] *ERROR* Failed to send host log message.
[    2.096261] fbcon: svgadrmfb (fb0) is primary device
[    2.102229] Console: switching to colour frame buffer device 100x37
[    2.107557] [drm] Initialized vmwgfx 2.15.0 20180704 for 0000:00:02.0 on minor 0
[    2.108674] systemd[1]: Finished Load Kernel Modules.
[    2.109583] systemd[1]: Mounting FUSE Control File System...
[    2.110720] systemd[1]: Mounting Kernel Configuration File System...
[    2.120116] systemd[1]: Starting Apply Kernel Variables...
[    2.131372] systemd[1]: Mounted FUSE Control File System.
[    2.131442] systemd[1]: Condition check resulted in VMware vmblock fuse mount being skipped.
[    2.136890] systemd[1]: Mounted Kernel Configuration File System.
[    2.140441] systemd[1]: Finished Set the console keyboard layout.
[    2.140533] systemd[1]: Reached target Local File Systems (Pre).
[    2.142540] systemd[1]: Mounting Mount unit for bare, revision 5...
[    2.168904] systemd[1]: Mounting Mount unit for core18, revision 1705...
[    2.174484] systemd[1]: Mounting Mount unit for gnome-3-34-1804, revision 24...
[    2.179381] systemd[1]: Mounting Mount unit for gtk-common-themes, revision 1506...
[    2.186758] systemd[1]: Mounting Mount unit for gtk-common-themes, revision 1535...
[    2.195129] systemd[1]: Mounting Mount unit for snap-store, revision 433...
[    2.208430] systemd[1]: Mounting Mount unit for snapd, revision 25935...
[    2.226986] systemd[1]: Finished Apply Kernel Variables.
[    2.229892] systemd[1]: Mounted Mount unit for bare, revision 5.
[    2.229983] systemd[1]: Mounted Mount unit for core18, revision 1705.
[    2.230060] systemd[1]: Mounted Mount unit for gnome-3-34-1804, revision 24.
[    2.239271] systemd[1]: Started udev Kernel Device Manager.
[    2.239990] systemd[1]: Starting Show Plymouth Boot Screen...
[    2.244421] systemd[1]: Received SIGRTMIN+20 from PID 275 (plymouthd).
[    2.271210] systemd[1]: Started Show Plymouth Boot Screen.
[    2.271365] systemd[1]: Condition check resulted in Dispatch Password Requests to Console Directory Watch being skipped.
[    2.271448] systemd[1]: Started Forward Password Requests to Plymouth Directory Watch.
[    2.271488] systemd[1]: Reached target Local Encrypted Volumes.
[    2.289311] systemd[1]: Mounted Mount unit for gtk-common-themes, revision 1506.
[    2.289574] systemd[1]: Mounted Mount unit for gtk-common-themes, revision 1535.
[    2.337891] systemd[1]: Mounted Mount unit for snap-store, revision 433.
[    2.338139] systemd[1]: Mounted Mount unit for snapd, revision 25935.
[    2.338296] systemd[1]: Reached target Local File Systems.
[    2.340796] systemd[1]: Starting Load AppArmor profiles...
[    2.341685] systemd[1]: Starting Set console font and keymap...
[    2.356091] systemd[1]: Starting Tell Plymouth To Write Out Runtime Data...
[    2.356211] systemd[1]: Condition check resulted in Store a System Token in an EFI Variable being skipped.
[    2.356267] systemd[1]: Condition check resulted in Commit a transient machine-id on disk being skipped.
[    2.360032] systemd[1]: Finished Set console font and keymap.
[    2.368040] systemd[1]: Received SIGRTMIN+20 from PID 275 (plymouthd).
[    2.369168] systemd[1]: plymouth-read-write.service: Succeeded.
[    2.369396] systemd[1]: Finished Tell Plymouth To Write Out Runtime Data.
[    2.399479] audit: type=1400 audit(1768765166.256:2): apparmor="STATUS" operation="profile_load" profile="unconfined" name="nvidia_modprobe" pid=299 comm="apparmor_parser"
[    2.399481] audit: type=1400 audit(1768765166.256:3): apparmor="STATUS" operation="profile_load" profile="unconfined" name="nvidia_modprobe//kmod" pid=299 comm="apparmor_parser"
[    2.406121] audit: type=1400 audit(1768765166.260:4): apparmor="STATUS" operation="profile_load" profile="unconfined" name="/usr/sbin/tcpdump" pid=300 comm="apparmor_parser"
[    2.443334] audit: type=1400 audit(1768765166.292:5): apparmor="STATUS" operation="profile_load" profile="unconfined" name="/usr/bin/evince" pid=302 comm="apparmor_parser"
[    2.443336] audit: type=1400 audit(1768765166.292:6): apparmor="STATUS" operation="profile_load" profile="unconfined" name="/usr/bin/evince//sanitized_helper" pid=302 comm="apparmor_parser"
[    2.443338] audit: type=1400 audit(1768765166.292:7): apparmor="STATUS" operation="profile_load" profile="unconfined" name="/usr/bin/evince-previewer" pid=302 comm="apparmor_parser"
[    2.443339] audit: type=1400 audit(1768765166.292:8): apparmor="STATUS" operation="profile_load" profile="unconfined" name="/usr/bin/evince-previewer//sanitized_helper" pid=302 comm="apparmor_parser"
[    2.443341] audit: type=1400 audit(1768765166.292:9): apparmor="STATUS" operation="profile_load" profile="unconfined" name="/usr/bin/evince-thumbnailer" pid=302 comm="apparmor_parser"
[    2.477787] audit: type=1400 audit(1768765166.336:10): apparmor="STATUS" operation="profile_load" profile="unconfined" name="/usr/lib/cups/backend/cups-pdf" pid=303 comm="apparmor_parser"
[    2.529928] systemd[1]: Finished Load AppArmor profiles.
[    2.530865] systemd[1]: Starting Load AppArmor profiles managed internally by snapd...
[    2.643256] systemd[1]: Finished Load AppArmor profiles managed internally by snapd.
[    2.831950] systemd[1]: Started Journal Service.
[    2.841579] systemd-journald[229]: Received client request to flush runtime journal.
[    2.844943] systemd-journald[229]: File /var/log/journal/c455b248004a419c87ce85eea238d727/system.journal corrupted or uncleanly shut down, renaming and replacing.
[    4.125032] RAPL PMU: API unit is 2^-32 Joules, 0 fixed counters, 10737418240 ms ovfl timer
[    4.211970] cryptd: max_cpu_qlen set to 1000
[    4.246861] AVX2 version of gcm_enc/dec engaged.
[    4.246862] AES CTR mode by8 optimization enabled
[    6.024105] Adding 1998844k swap on /dev/sda1.  Priority:-2 extents:1 across:1998844k FS
[    7.860544] kauditd_printk_skb: 30 callbacks suppressed
[    7.860546] audit: type=1400 audit(1768765171.708:41): apparmor="DENIED" operation="capable" profile="/usr/sbin/cups-browsed" pid=508 comm="cups-browsed" capability=23  capname="sys_nice"
[    8.573510] pcnet32 0000:00:03.0 enp0s3: link up, 100Mbps, full-duplex
[    8.592476] pcnet32 0000:00:08.0 enp0s8: link up, 100Mbps, full-duplex
[    8.631595] e1000: enp0s9 NIC Link is Up 1000 Mbps Full Duplex, Flow Control: RX
[    8.631884] IPv6: ADDRCONF(NETDEV_CHANGE): enp0s9: link becomes ready
[    9.154921] device enp0s3 entered promiscuous mode
[    9.194998] device enp0s8 entered promiscuous mode
[    9.216014] audit: type=1400 audit(1768765173.068:42): apparmor="DENIED" operation="open" profile="/usr/sbin/tcpdump" name="/proc/sys/kernel/random/boot_id" pid=657 comm="tcpdump" requested_mask="r" denied_mask="r" fsuid=0 ouid=0
[    9.216207] audit: type=1400 audit(1768765173.068:43): apparmor="DENIED" operation="open" profile="/usr/sbin/tcpdump" name="/proc/sys/kernel/random/boot_id" pid=657 comm="tcpdump" requested_mask="r" denied_mask="r" fsuid=0 ouid=0
[    9.216257] audit: type=1400 audit(1768765173.068:44): apparmor="DENIED" operation="open" profile="/usr/sbin/tcpdump" name="/proc/sys/kernel/random/boot_id" pid=657 comm="tcpdump" requested_mask="r" denied_mask="r" fsuid=0 ouid=0
[    9.216316] audit: type=1400 audit(1768765173.068:45): apparmor="DENIED" operation="open" profile="/usr/sbin/tcpdump" name="/proc/sys/kernel/random/boot_id" pid=657 comm="tcpdump" requested_mask="r" denied_mask="r" fsuid=0 ouid=0
[    9.216475] audit: type=1400 audit(1768765173.068:46): apparmor="DENIED" operation="open" profile="/usr/sbin/tcpdump" name="/proc/sys/kernel/random/boot_id" pid=658 comm="tcpdump" requested_mask="r" denied_mask="r" fsuid=0 ouid=0
[    9.217742] audit: type=1400 audit(1768765173.076:47): apparmor="DENIED" operation="open" profile="/usr/sbin/tcpdump" name="/proc/sys/kernel/random/boot_id" pid=658 comm="tcpdump" requested_mask="r" denied_mask="r" fsuid=0 ouid=0
[    9.217857] audit: type=1400 audit(1768765173.076:48): apparmor="DENIED" operation="open" profile="/usr/sbin/tcpdump" name="/proc/sys/kernel/random/boot_id" pid=658 comm="tcpdump" requested_mask="r" denied_mask="r" fsuid=0 ouid=0
[    9.218611] audit: type=1400 audit(1768765173.076:49): apparmor="DENIED" operation="open" profile="/usr/sbin/tcpdump" name="/proc/sys/kernel/random/boot_id" pid=658 comm="tcpdump" requested_mask="r" denied_mask="r" fsuid=0 ouid=0
[    9.222029] audit: type=1400 audit(1768765173.076:50): apparmor="DENIED" operation="open" profile="/usr/sbin/tcpdump" name="/proc/sys/kernel/random/boot_id" pid=659 comm="tcpdump" requested_mask="r" denied_mask="r" fsuid=0 ouid=0
[   14.917135] rfkill: input handler disabled
[  265.749871] AAAAA-TCP_FORW: name:enp0s8: saddr:100932208: daddr:16783984
[  265.844254] AAAAA-TCP_FORW: name:enp0s8: saddr:100932208: daddr:16783984
[  266.428581] AAAAA-TCP_FORW: name:enp0s8: saddr:100932208: daddr:33561200
[  266.504273] AAAAA-TCP_FORW: name:enp0s8: saddr:100932208: daddr:16783984
[  266.652290] AAAAA-TCP_FORW: name:enp0s8: saddr:100932208: daddr:16783984
[  266.889294] AAAAA-TCP_FORW: name:enp0s8: saddr:100932208: daddr:33561200
[  267.113958] AAAAA-TCP_FORW: name:enp0s8: saddr:100932208: daddr:16783984
[  267.555765] AAAAA-TCP_FORW: name:enp0s8: saddr:100932208: daddr:16783984
[  268.277557] AAAAA-TCP_FORW: name:enp0s8: saddr:100932208: daddr:33561200
[  268.278824] AAAAA-TCP_FORW: name:enp0s3: saddr:33561200: daddr:100932208
[  268.507690] AAAAA-TCP_FORW: name:enp0s8: saddr:100932208: daddr:33561200
[  268.564512] AAAAA-TCP_FORW: name:enp0s8: saddr:100932208: daddr:16783984
[  268.565258] AAAAA-TCP_FORW: name:enp0s3: saddr:16783984: daddr:100932208
[  268.705498] AAAAA-TCP_FORW: name:enp0s8: saddr:100932208: daddr:16783984
[  268.706239] AAAAA-TCP_FORW: name:enp0s3: saddr:16783984: daddr:100932208
[  268.818592] AAAAA-TCP_FORW: name:enp0s8: saddr:100932208: daddr:16783984
[  268.819420] AAAAA-TCP_FORW: name:enp0s3: saddr:16783984: daddr:100932208
[  268.820366] AAAAA-TCP_FORW: name:enp0s3: saddr:33561200: daddr:100932208
[  268.976637] AAAAA-TCP_FORW: name:enp0s8: saddr:100932208: daddr:33561200
[  268.977439] AAAAA-TCP_FORW: name:enp0s3: saddr:33561200: daddr:100932208
[  269.146017] AAAAA-TCP_FORW: name:enp0s8: saddr:100932208: daddr:33561200
[  269.146756] AAAAA-TCP_FORW: name:enp0s3: saddr:33561200: daddr:100932208
[  269.255727] AAAAA-TCP_FORW: name:enp0s8: saddr:100932208: daddr:33561200
[  269.256456] AAAAA-TCP_FORW: name:enp0s3: saddr:33561200: daddr:100932208
[  269.479058] AAAAA-TCP_FORW: name:enp0s8: saddr:100932208: daddr:33561200
[  269.516514] AAAAA-TCP_FORW: name:enp0s8: saddr:100932208: daddr:16783984
[  269.517264] AAAAA-TCP_FORW: name:enp0s3: saddr:16783984: daddr:100932208
[  269.609437] AAAAA-TCP_FORW: name:enp0s8: saddr:100932208: daddr:16783984
[  269.610184] AAAAA-TCP_FORW: name:enp0s3: saddr:16783984: daddr:100932208
[  269.807680] AAAAA-TCP_FORW: name:enp0s8: saddr:100932208: daddr:16783984
[  269.808856] AAAAA-TCP_FORW: name:enp0s3: saddr:16783984: daddr:100932208
[  269.872461] AAAAA-TCP_FORW: name:enp0s8: saddr:100932208: daddr:16783984
[  269.873197] AAAAA-TCP_FORW: name:enp0s3: saddr:16783984: daddr:100932208
[  269.919198] AAAAA-TCP_FORW: name:enp0s8: saddr:100932208: daddr:16783984
[  269.919923] AAAAA-TCP_FORW: name:enp0s3: saddr:16783984: daddr:100932208
[  269.999820] AAAAA-TCP_FORW: name:enp0s8: saddr:100932208: daddr:16783984
[  270.000552] AAAAA-TCP_FORW: name:enp0s3: saddr:16783984: daddr:100932208
[  270.204268] AAAAA-TCP_FORW: name:enp0s8: saddr:100932208: daddr:16783984
[  270.205033] AAAAA-TCP_FORW: name:enp0s3: saddr:16783984: daddr:100932208
[  270.390430] AAAAA-TCP_FORW: name:enp0s8: saddr:100932208: daddr:16783984
[  270.391728] AAAAA-TCP_FORW: name:enp0s3: saddr:16783984: daddr:100932208
[  270.481577] AAAAA-TCP_FORW: name:enp0s8: saddr:100932208: daddr:16783984
[  270.482325] AAAAA-TCP_FORW: name:enp0s3: saddr:16783984: daddr:100932208
[  270.710829] AAAAA-TCP_FORW: name:enp0s8: saddr:100932208: daddr:16783984
[  270.712130] AAAAA-TCP_FORW: name:enp0s3: saddr:16783984: daddr:100932208
[  270.741271] AAAAA-TCP_FORW: name:enp0s8: saddr:100932208: daddr:33561200
[  270.742004] AAAAA-TCP_FORW: name:enp0s3: saddr:33561200: daddr:100932208
[  270.779116] AAAAA-TCP_FORW: name:enp0s8: saddr:100932208: daddr:33561200
[  270.779855] AAAAA-TCP_FORW: name:enp0s3: saddr:33561200: daddr:100932208
[  270.873552] AAAAA-TCP_FORW: name:enp0s8: saddr:100932208: daddr:33561200
[  270.874336] AAAAA-TCP_FORW: name:enp0s3: saddr:33561200: daddr:100932208
[  271.129456] AAAAA-TCP_FORW: name:enp0s8: saddr:100932208: daddr:33561200
[  271.130259] AAAAA-TCP_FORW: name:enp0s3: saddr:33561200: daddr:100932208
[  271.230177] AAAAA-TCP_FORW: name:enp0s8: saddr:100932208: daddr:33561200
[  271.230930] AAAAA-TCP_FORW: name:enp0s3: saddr:33561200: daddr:100932208
[  271.299083] AAAAA-TCP_FORW: name:enp0s8: saddr:100932208: daddr:33561200
[  271.299820] AAAAA-TCP_FORW: name:enp0s3: saddr:33561200: daddr:100932208
[  271.378391] AAAAA-TCP_FORW: name:enp0s8: saddr:100932208: daddr:33561200
[  271.379199] AAAAA-TCP_FORW: name:enp0s3: saddr:33561200: daddr:100932208
[  271.507985] AAAAA-TCP_FORW: name:enp0s8: saddr:100932208: daddr:33561200
[  271.509329] AAAAA-TCP_FORW: name:enp0s3: saddr:33561200: daddr:100932208
[  271.556842] AAAAA-TCP_FORW: name:enp0s8: saddr:100932208: daddr:33561200
[  271.558089] AAAAA-TCP_FORW: name:enp0s3: saddr:33561200: daddr:100932208
[  271.804859] AAAAA-TCP_FORW: name:enp0s8: saddr:100932208: daddr:33561200
[  271.805980] AAAAA-TCP_FORW: name:enp0s3: saddr:33561200: daddr:100932208
[  271.904321] AAAAA-TCP_FORW: name:enp0s8: saddr:100932208: daddr:16783984
[  271.905551] AAAAA-TCP_FORW: name:enp0s3: saddr:16783984: daddr:100932208
[  271.956850] AAAAA-TCP_FORW: name:enp0s8: saddr:100932208: daddr:33561200
[  271.958078] AAAAA-TCP_FORW: name:enp0s3: saddr:33561200: daddr:100932208
[  272.007603] AAAAA-TCP_FORW: name:enp0s8: saddr:100932208: daddr:33561200
[  272.045890] AAAAA-TCP_FORW: name:enp0s8: saddr:100932208: daddr:16783984
[  272.047048] AAAAA-TCP_FORW: name:enp0s3: saddr:16783984: daddr:100932208
[  272.234896] AAAAA-TCP_FORW: name:enp0s8: saddr:100932208: daddr:16783984
[  272.236099] AAAAA-TCP_FORW: name:enp0s3: saddr:16783984: daddr:100932208
[  272.290102] AAAAA-TCP_FORW: name:enp0s8: saddr:100932208: daddr:16783984
[  272.291159] AAAAA-TCP_FORW: name:enp0s3: saddr:16783984: daddr:100932208
[  272.343539] AAAAA-TCP_FORW: name:enp0s8: saddr:100932208: daddr:16783984
[  272.344754] AAAAA-TCP_FORW: name:enp0s3: saddr:16783984: daddr:100932208
[  272.532997] AAAAA-TCP_FORW: name:enp0s8: saddr:100932208: daddr:16783984
[  272.534133] AAAAA-TCP_FORW: name:enp0s3: saddr:16783984: daddr:100932208
[  272.704537] AAAAA-TCP_FORW: name:enp0s8: saddr:100932208: daddr:33561200
[  272.705797] AAAAA-TCP_FORW: name:enp0s3: saddr:33561200: daddr:100932208
[  272.896178] AAAAA-TCP_FORW: name:enp0s8: saddr:100932208: daddr:16783984
[  272.897461] AAAAA-TCP_FORW: name:enp0s3: saddr:16783984: daddr:100932208
[  273.109216] AAAAA-TCP_FORW: name:enp0s8: saddr:100932208: daddr:16783984
[  273.110500] AAAAA-TCP_FORW: name:enp0s3: saddr:16783984: daddr:100932208
[  273.263974] AAAAA-TCP_FORW: name:enp0s8: saddr:100932208: daddr:16783984
[  273.265153] AAAAA-TCP_FORW: name:enp0s3: saddr:16783984: daddr:100932208
[  273.398368] AAAAA-TCP_FORW: name:enp0s8: saddr:100932208: daddr:16783984
[  273.399577] AAAAA-TCP_FORW: name:enp0s3: saddr:16783984: daddr:100932208
[  273.422573] AAAAA-TCP_FORW: name:enp0s8: saddr:100932208: daddr:16783984
[  273.423327] AAAAA-TCP_FORW: name:enp0s3: saddr:16783984: daddr:100932208
[  273.440275] AAAAA-TCP_FORW: name:enp0s8: saddr:100932208: daddr:16783984
[  273.441035] AAAAA-TCP_FORW: name:enp0s3: saddr:16783984: daddr:100932208
[  273.554591] AAAAA-TCP_FORW: name:enp0s8: saddr:100932208: daddr:16783984
[  273.555393] AAAAA-TCP_FORW: name:enp0s3: saddr:16783984: daddr:100932208
[  273.678959] AAAAA-TCP_FORW: name:enp0s8: saddr:100932208: daddr:16783984
[  273.680111] AAAAA-TCP_FORW: name:enp0s3: saddr:16783984: daddr:100932208
[  273.820237] AAAAA-TCP_FORW: name:enp0s8: saddr:100932208: daddr:16783984
[  273.821452] AAAAA-TCP_FORW: name:enp0s3: saddr:16783984: daddr:100932208
[  273.946642] AAAAA-TCP_FORW: name:enp0s8: saddr:100932208: daddr:16783984
[  273.947823] AAAAA-TCP_FORW: name:enp0s3: saddr:16783984: daddr:100932208
[  274.034567] AAAAA-TCP_FORW: name:enp0s8: saddr:100932208: daddr:16783984
[  274.035199] AAAAA-TCP_FORW: name:enp0s3: saddr:16783984: daddr:100932208
[  274.120128] AAAAA-TCP_FORW: name:enp0s8: saddr:100932208: daddr:16783984
[  274.121303] AAAAA-TCP_FORW: name:enp0s3: saddr:16783984: daddr:100932208
[  274.211403] AAAAA-TCP_FORW: name:enp0s8: saddr:100932208: daddr:16783984
[  274.261711] AAAAA-TCP_FORW: name:enp0s3: saddr:16783984: daddr:100932208
[  274.291531] AAAAA-TCP_FORW: name:enp0s8: saddr:100932208: daddr:16783984
[  274.375059] AAAAA-TCP_FORW: name:enp0s3: saddr:16783984: daddr:100932208
[  274.411598] AAAAA-TCP_FORW: name:enp0s8: saddr:100932208: daddr:16783984
[  274.531071] AAAAA-TCP_FORW: name:enp0s8: saddr:100932208: daddr:16783984
[  274.532290] AAAAA-TCP_FORW: name:enp0s3: saddr:16783984: daddr:100932208
[  274.558971] AAAAA-TCP_FORW: name:enp0s8: saddr:100932208: daddr:33561200
[  274.560147] AAAAA-TCP_FORW: name:enp0s3: saddr:33561200: daddr:100932208
[  274.876236] AAAAA-TCP_FORW: name:enp0s8: saddr:100932208: daddr:33561200
[  274.877072] AAAAA-TCP_FORW: name:enp0s3: saddr:33561200: daddr:100932208
[  274.918835] AAAAA-TCP_FORW: name:enp0s8: saddr:100932208: daddr:33561200
[  274.919638] AAAAA-TCP_FORW: name:enp0s3: saddr:33561200: daddr:100932208
[  274.992082] AAAAA-TCP_FORW: name:enp0s8: saddr:100932208: daddr:33561200
[  274.992911] AAAAA-TCP_FORW: name:enp0s3: saddr:33561200: daddr:100932208
[  275.075517] AAAAA-TCP_FORW: name:enp0s8: saddr:100932208: daddr:33561200
[  275.076284] AAAAA-TCP_FORW: name:enp0s3: saddr:33561200: daddr:100932208
[  275.120178] AAAAA-TCP_FORW: name:enp0s8: saddr:100932208: daddr:33561200
[  275.121063] AAAAA-TCP_FORW: name:enp0s3: saddr:33561200: daddr:100932208
[  275.254725] AAAAA-TCP_FORW: name:enp0s8: saddr:100932208: daddr:33561200
[  275.255981] AAAAA-TCP_FORW: name:enp0s3: saddr:33561200: daddr:100932208
[  275.431327] AAAAA-TCP_FORW: name:enp0s8: saddr:100932208: daddr:33561200
[  275.432208] AAAAA-TCP_FORW: name:enp0s3: saddr:33561200: daddr:100932208
[  275.536389] AAAAA-TCP_FORW: name:enp0s8: saddr:100932208: daddr:33561200
[  275.537150] AAAAA-TCP_FORW: name:enp0s3: saddr:33561200: daddr:100932208
[  275.592176] AAAAA-TCP_FORW: name:enp0s8: saddr:100932208: daddr:33561200
[  275.592915] AAAAA-TCP_FORW: name:enp0s3: saddr:33561200: daddr:100932208
[  275.714497] AAAAA-TCP_FORW: name:enp0s8: saddr:100932208: daddr:33561200
[  275.715647] AAAAA-TCP_FORW: name:enp0s3: saddr:33561200: daddr:100932208
[  275.778472] AAAAA-TCP_FORW: name:enp0s8: saddr:100932208: daddr:33561200
[  275.779235] AAAAA-TCP_FORW: name:enp0s3: saddr:33561200: daddr:100932208
[  275.857568] AAAAA-TCP_FORW: name:enp0s8: saddr:100932208: daddr:33561200
[  275.858344] AAAAA-TCP_FORW: name:enp0s3: saddr:33561200: daddr:100932208
[  275.928193] AAAAA-TCP_FORW: name:enp0s8: saddr:100932208: daddr:33561200
[  275.929444] AAAAA-TCP_FORW: name:enp0s3: saddr:33561200: daddr:100932208
[  276.007184] AAAAA-TCP_FORW: name:enp0s8: saddr:100932208: daddr:33561200
[  276.007998] AAAAA-TCP_FORW: name:enp0s3: saddr:33561200: daddr:100932208
[  276.061166] AAAAA-TCP_FORW: name:enp0s8: saddr:100932208: daddr:33561200
[  276.062901] AAAAA-TCP_FORW: name:enp0s3: saddr:33561200: daddr:100932208
[  276.141521] AAAAA-TCP_FORW: name:enp0s8: saddr:100932208: daddr:33561200
[  276.142595] AAAAA-TCP_FORW: name:enp0s3: saddr:33561200: daddr:100932208
[  276.192557] AAAAA-TCP_FORW: name:enp0s8: saddr:100932208: daddr:33561200
[  276.234690] AAAAA-TCP_FORW: name:enp0s3: saddr:33561200: daddr:100932208
[  276.458361] AAAAA-TCP_FORW: name:enp0s8: saddr:100932208: daddr:33561200
[  276.459569] AAAAA-TCP_FORW: name:enp0s3: saddr:33561200: daddr:100932208
[  276.543434] AAAAA-TCP_FORW: name:enp0s8: saddr:100932208: daddr:33561200
[  276.544689] AAAAA-TCP_FORW: name:enp0s3: saddr:33561200: daddr:100932208
[  276.746374] AAAAA-TCP_FORW: name:enp0s8: saddr:100932208: daddr:16783984
[  276.747552] AAAAA-TCP_FORW: name:enp0s3: saddr:16783984: daddr:100932208
[  276.897439] AAAAA-TCP_FORW: name:enp0s8: saddr:100932208: daddr:16783984
[  276.898719] AAAAA-TCP_FORW: name:enp0s3: saddr:16783984: daddr:100932208
[  277.024654] AAAAA-TCP_FORW: name:enp0s8: saddr:100932208: daddr:16783984
[  277.025387] AAAAA-TCP_FORW: name:enp0s3: saddr:16783984: daddr:100932208
[  277.149929] AAAAA-TCP_FORW: name:enp0s8: saddr:100932208: daddr:16783984
[  277.150709] AAAAA-TCP_FORW: name:enp0s3: saddr:16783984: daddr:100932208
[  277.413978] AAAAA-TCP_FORW: name:enp0s8: saddr:100932208: daddr:16783984
[  277.415623] AAAAA-TCP_FORW: name:enp0s3: saddr:16783984: daddr:100932208
[  277.552931] AAAAA-TCP_FORW: name:enp0s8: saddr:100932208: daddr:16783984
[  277.553960] AAAAA-TCP_FORW: name:enp0s3: saddr:16783984: daddr:100932208
[  277.702841] AAAAA-TCP_FORW: name:enp0s8: saddr:100932208: daddr:16783984
[  277.705116] AAAAA-TCP_FORW: name:enp0s3: saddr:16783984: daddr:100932208
[  277.942670] AAAAA-TCP_FORW: name:enp0s8: saddr:100932208: daddr:16783984
[  277.943841] AAAAA-TCP_FORW: name:enp0s3: saddr:16783984: daddr:100932208
[  278.042914] AAAAA-TCP_FORW: name:enp0s8: saddr:100932208: daddr:16783984
[  278.044068] AAAAA-TCP_FORW: name:enp0s3: saddr:16783984: daddr:100932208
[  278.104797] AAAAA-TCP_FORW: name:enp0s8: saddr:100932208: daddr:16783984
[  278.105570] AAAAA-TCP_FORW: name:enp0s3: saddr:16783984: daddr:100932208
[  278.223974] AAAAA-TCP_FORW: name:enp0s8: saddr:100932208: daddr:16783984
[  278.224748] AAAAA-TCP_FORW: name:enp0s3: saddr:16783984: daddr:100932208
[  278.299555] AAAAA-TCP_FORW: name:enp0s8: saddr:100932208: daddr:16783984
[  278.300292] AAAAA-TCP_FORW: name:enp0s3: saddr:16783984: daddr:100932208
[  278.399055] AAAAA-TCP_FORW: name:enp0s8: saddr:100932208: daddr:16783984
[  278.399809] AAAAA-TCP_FORW: name:enp0s3: saddr:16783984: daddr:100932208
[  278.468899] AAAAA-TCP_FORW: name:enp0s8: saddr:100932208: daddr:16783984
[  278.469625] AAAAA-TCP_FORW: name:enp0s3: saddr:16783984: daddr:100932208
[  278.541719] AAAAA-TCP_FORW: name:enp0s8: saddr:100932208: daddr:16783984
[  278.542595] AAAAA-TCP_FORW: name:enp0s3: saddr:16783984: daddr:100932208
[  278.629361] AAAAA-TCP_FORW: name:enp0s8: saddr:100932208: daddr:16783984
[  278.630774] AAAAA-TCP_FORW: name:enp0s3: saddr:16783984: daddr:100932208
[  278.660346] AAAAA-TCP_FORW: name:enp0s8: saddr:100932208: daddr:16783984
[  278.661086] AAAAA-TCP_FORW: name:enp0s3: saddr:16783984: daddr:100932208
[  278.723409] AAAAA-TCP_FORW: name:enp0s8: saddr:100932208: daddr:16783984
[  278.724134] AAAAA-TCP_FORW: name:enp0s3: saddr:16783984: daddr:100932208
[  278.795720] AAAAA-TCP_FORW: name:enp0s8: saddr:100932208: daddr:16783984
[  278.796433] AAAAA-TCP_FORW: name:enp0s3: saddr:16783984: daddr:100932208
[  278.857609] AAAAA-TCP_FORW: name:enp0s8: saddr:100932208: daddr:16783984
[  278.859742] AAAAA-TCP_FORW: name:enp0s3: saddr:16783984: daddr:100932208
[  278.947226] AAAAA-TCP_FORW: name:enp0s8: saddr:100932208: daddr:16783984
[  278.949132] AAAAA-TCP_FORW: name:enp0s3: saddr:16783984: daddr:100932208
[  279.016600] AAAAA-TCP_FORW: name:enp0s8: saddr:100932208: daddr:16783984
[  279.018537] AAAAA-TCP_FORW: name:enp0s3: saddr:16783984: daddr:100932208
[  279.143178] AAAAA-TCP_FORW: name:enp0s8: saddr:100932208: daddr:16783984
[  279.145164] AAAAA-TCP_FORW: name:enp0s3: saddr:16783984: daddr:100932208
[  279.202376] AAAAA-TCP_FORW: name:enp0s8: saddr:100932208: daddr:16783984
[  279.207886] AAAAA-TCP_FORW: name:enp0s3: saddr:16783984: daddr:100932208
[  279.284985] AAAAA-TCP_FORW: name:enp0s8: saddr:100932208: daddr:16783984
[  279.286917] AAAAA-TCP_FORW: name:enp0s3: saddr:16783984: daddr:100932208
[  279.374673] AAAAA-TCP_FORW: name:enp0s8: saddr:100932208: daddr:16783984
[  279.376374] AAAAA-TCP_FORW: name:enp0s3: saddr:16783984: daddr:100932208
[  279.604484] AAAAA-TCP_FORW: name:enp0s8: saddr:100932208: daddr:33561200
[  279.605637] AAAAA-TCP_FORW: name:enp0s3: saddr:33561200: daddr:100932208
[  279.700083] AAAAA-TCP_FORW: name:enp0s8: saddr:100932208: daddr:33561200
[  279.702522] AAAAA-TCP_FORW: name:enp0s3: saddr:33561200: daddr:100932208
[  279.764689] AAAAA-TCP_FORW: name:enp0s8: saddr:100932208: daddr:33561200
[  279.767281] AAAAA-TCP_FORW: name:enp0s3: saddr:33561200: daddr:100932208
[  279.822423] AAAAA-TCP_FORW: name:enp0s8: saddr:100932208: daddr:33561200
[  279.824747] AAAAA-TCP_FORW: name:enp0s3: saddr:33561200: daddr:100932208
[  279.892413] AAAAA-TCP_FORW: name:enp0s8: saddr:100932208: daddr:33561200
[  279.894643] AAAAA-TCP_FORW: name:enp0s3: saddr:33561200: daddr:100932208
[  279.981203] AAAAA-TCP_FORW: name:enp0s8: saddr:100932208: daddr:33561200
[  279.982914] AAAAA-TCP_FORW: name:enp0s3: saddr:33561200: daddr:100932208
[  280.059133] AAAAA-TCP_FORW: name:enp0s8: saddr:100932208: daddr:33561200
[  280.061203] AAAAA-TCP_FORW: name:enp0s3: saddr:33561200: daddr:100932208
[  280.127571] AAAAA-TCP_FORW: name:enp0s8: saddr:100932208: daddr:33561200
[  280.129480] AAAAA-TCP_FORW: name:enp0s3: saddr:33561200: daddr:100932208
[  280.280503] AAAAA-TCP_FORW: name:enp0s8: saddr:100932208: daddr:33561200
[  280.282375] AAAAA-TCP_FORW: name:enp0s3: saddr:33561200: daddr:100932208
[  280.360630] AAAAA-TCP_FORW: name:enp0s8: saddr:100932208: daddr:33561200
[  280.363029] AAAAA-TCP_FORW: name:enp0s3: saddr:33561200: daddr:100932208
[  280.427062] AAAAA-TCP_FORW: name:enp0s8: saddr:100932208: daddr:33561200
[  280.429000] AAAAA-TCP_FORW: name:enp0s3: saddr:33561200: daddr:100932208
[  280.500284] AAAAA-TCP_FORW: name:enp0s8: saddr:100932208: daddr:33561200
[  280.502321] AAAAA-TCP_FORW: name:enp0s3: saddr:33561200: daddr:100932208
[  280.593998] AAAAA-TCP_FORW: name:enp0s8: saddr:100932208: daddr:33561200
[  280.595722] AAAAA-TCP_FORW: name:enp0s3: saddr:33561200: daddr:100932208
[  280.673414] AAAAA-TCP_FORW: name:enp0s8: saddr:100932208: daddr:33561200
[  280.675205] AAAAA-TCP_FORW: name:enp0s3: saddr:33561200: daddr:100932208
[  280.746355] AAAAA-TCP_FORW: name:enp0s8: saddr:100932208: daddr:33561200
[  280.748278] AAAAA-TCP_FORW: name:enp0s3: saddr:33561200: daddr:100932208
[  280.805840] AAAAA-TCP_FORW: name:enp0s8: saddr:100932208: daddr:33561200
[  280.807707] AAAAA-TCP_FORW: name:enp0s3: saddr:33561200: daddr:100932208
[  280.883912] AAAAA-TCP_FORW: name:enp0s8: saddr:100932208: daddr:33561200
[  280.885642] AAAAA-TCP_FORW: name:enp0s3: saddr:33561200: daddr:100932208
[  280.988500] AAAAA-TCP_FORW: name:enp0s8: saddr:100932208: daddr:33561200
[  280.990849] AAAAA-TCP_FORW: name:enp0s3: saddr:33561200: daddr:100932208
[  281.060137] AAAAA-TCP_FORW: name:enp0s8: saddr:100932208: daddr:33561200
[  281.064004] AAAAA-TCP_FORW: name:enp0s3: saddr:33561200: daddr:100932208
[  281.141071] AAAAA-TCP_FORW: name:enp0s8: saddr:100932208: daddr:33561200
[  281.142773] AAAAA-TCP_FORW: name:enp0s3: saddr:33561200: daddr:100932208
[  281.209924] AAAAA-TCP_FORW: name:enp0s8: saddr:100932208: daddr:33561200
[  281.211617] AAAAA-TCP_FORW: name:enp0s3: saddr:33561200: daddr:100932208
[  281.266665] AAAAA-TCP_FORW: name:enp0s8: saddr:100932208: daddr:33561200
[  281.268731] AAAAA-TCP_FORW: name:enp0s3: saddr:33561200: daddr:100932208
[  281.320793] AAAAA-TCP_FORW: name:enp0s8: saddr:100932208: daddr:33561200
[  281.323392] AAAAA-TCP_FORW: name:enp0s3: saddr:33561200: daddr:100932208
[  281.394186] AAAAA-TCP_FORW: name:enp0s8: saddr:100932208: daddr:33561200
[  281.396087] AAAAA-TCP_FORW: name:enp0s3: saddr:33561200: daddr:100932208
[  281.457487] AAAAA-TCP_FORW: name:enp0s8: saddr:100932208: daddr:33561200
[  281.459403] AAAAA-TCP_FORW: name:enp0s3: saddr:33561200: daddr:100932208
[  281.516272] AAAAA-TCP_FORW: name:enp0s8: saddr:100932208: daddr:33561200
[  281.518162] AAAAA-TCP_FORW: name:enp0s3: saddr:33561200: daddr:100932208
[  281.554464] AAAAA-TCP_FORW: name:enp0s8: saddr:100932208: daddr:33561200
[  281.555192] AAAAA-TCP_FORW: name:enp0s3: saddr:33561200: daddr:100932208
[  281.615897] AAAAA-TCP_FORW: name:enp0s8: saddr:100932208: daddr:33561200
[  281.616611] AAAAA-TCP_FORW: name:enp0s3: saddr:33561200: daddr:100932208
[  281.676193] AAAAA-TCP_FORW: name:enp0s8: saddr:100932208: daddr:16783984
[  281.678084] AAAAA-TCP_FORW: name:enp0s3: saddr:16783984: daddr:100932208
[  281.761952] AAAAA-TCP_FORW: name:enp0s8: saddr:100932208: daddr:16783984
[  281.764465] AAAAA-TCP_FORW: name:enp0s3: saddr:16783984: daddr:100932208
[  281.830335] AAAAA-TCP_FORW: name:enp0s8: saddr:100932208: daddr:16783984
[  281.832660] AAAAA-TCP_FORW: name:enp0s3: saddr:16783984: daddr:100932208
[  281.927820] AAAAA-TCP_FORW: name:enp0s8: saddr:100932208: daddr:16783984
[  281.930320] AAAAA-TCP_FORW: name:enp0s3: saddr:16783984: daddr:100932208
[  281.989260] AAAAA-TCP_FORW: name:enp0s8: saddr:100932208: daddr:16783984
[  281.991757] AAAAA-TCP_FORW: name:enp0s3: saddr:16783984: daddr:100932208
[  282.040743] AAAAA-TCP_FORW: name:enp0s8: saddr:100932208: daddr:16783984
[  282.043194] AAAAA-TCP_FORW: name:enp0s3: saddr:16783984: daddr:100932208
[  282.132467] AAAAA-TCP_FORW: name:enp0s8: saddr:100932208: daddr:16783984
[  282.134807] AAAAA-TCP_FORW: name:enp0s3: saddr:16783984: daddr:100932208
[  282.198355] AAAAA-TCP_FORW: name:enp0s8: saddr:100932208: daddr:16783984
[  282.200766] AAAAA-TCP_FORW: name:enp0s3: saddr:16783984: daddr:100932208
[  282.266726] AAAAA-TCP_FORW: name:enp0s8: saddr:100932208: daddr:16783984
[  282.269200] AAAAA-TCP_FORW: name:enp0s3: saddr:16783984: daddr:100932208
[  282.326684] AAAAA-TCP_FORW: name:enp0s8: saddr:100932208: daddr:16783984
[  282.327924] AAAAA-TCP_FORW: name:enp0s3: saddr:16783984: daddr:100932208
[  282.380114] AAAAA-TCP_FORW: name:enp0s8: saddr:100932208: daddr:16783984
[  282.381343] AAAAA-TCP_FORW: name:enp0s3: saddr:16783984: daddr:100932208
[  282.525912] AAAAA-TCP_FORW: name:enp0s8: saddr:100932208: daddr:16783984
[  282.527127] AAAAA-TCP_FORW: name:enp0s3: saddr:16783984: daddr:100932208
[  282.716901] AAAAA-TCP_FORW: name:enp0s8: saddr:100932208: daddr:16783984
[  282.717657] AAAAA-TCP_FORW: name:enp0s3: saddr:16783984: daddr:100932208
[  282.814297] AAAAA-TCP_FORW: name:enp0s8: saddr:100932208: daddr:16783984
[  282.815420] AAAAA-TCP_FORW: name:enp0s3: saddr:16783984: daddr:100932208
[  283.072333] AAAAA-TCP_FORW: name:enp0s8: saddr:100932208: daddr:16783984
[  283.074291] AAAAA-TCP_FORW: name:enp0s3: saddr:16783984: daddr:100932208
[  283.224445] AAAAA-TCP_FORW: name:enp0s8: saddr:100932208: daddr:16783984
[  283.225679] AAAAA-TCP_FORW: name:enp0s3: saddr:16783984: daddr:100932208
[  283.302394] AAAAA-TCP_FORW: name:enp0s8: saddr:100932208: daddr:16783984
[  283.303925] AAAAA-TCP_FORW: name:enp0s3: saddr:16783984: daddr:100932208
[  283.623674] AAAAA-TCP_FORW: name:enp0s8: saddr:100932208: daddr:16783984
[  283.624857] AAAAA-TCP_FORW: name:enp0s3: saddr:16783984: daddr:100932208
[  284.146089] AAAAA-TCP_FORW: name:enp0s8: saddr:100932208: daddr:33561200
[  284.147334] AAAAA-TCP_FORW: name:enp0s3: saddr:33561200: daddr:100932208
[  284.340574] AAAAA-TCP_FORW: name:enp0s8: saddr:100932208: daddr:33561200
[  284.341860] AAAAA-TCP_FORW: name:enp0s3: saddr:33561200: daddr:100932208
[  284.468184] AAAAA-TCP_FORW: name:enp0s8: saddr:100932208: daddr:33561200
[  284.469393] AAAAA-TCP_FORW: name:enp0s3: saddr:33561200: daddr:100932208
[  284.576394] AAAAA-TCP_FORW: name:enp0s8: saddr:100932208: daddr:33561200
[  284.577629] AAAAA-TCP_FORW: name:enp0s3: saddr:33561200: daddr:100932208
[  284.843790] AAAAA-TCP_FORW: name:enp0s8: saddr:100932208: daddr:33561200
[  284.844579] AAAAA-TCP_FORW: name:enp0s3: saddr:33561200: daddr:100932208
[  284.974830] AAAAA-TCP_FORW: name:enp0s8: saddr:100932208: daddr:33561200
[  284.975904] AAAAA-TCP_FORW: name:enp0s3: saddr:33561200: daddr:100932208
[  285.128591] AAAAA-TCP_FORW: name:enp0s8: saddr:100932208: daddr:33561200
[  285.129976] AAAAA-TCP_FORW: name:enp0s3: saddr:33561200: daddr:100932208
[  285.995923] AAAAA-TCP_FORW: name:enp0s8: saddr:100932208: daddr:16783984
[  285.996987] AAAAA-TCP_FORW: name:enp0s3: saddr:16783984: daddr:100932208
[  286.192640] AAAAA-TCP_FORW: name:enp0s8: saddr:100932208: daddr:16783984
[  286.193884] AAAAA-TCP_FORW: name:enp0s3: saddr:16783984: daddr:100932208
[  286.385012] AAAAA-TCP_FORW: name:enp0s8: saddr:100932208: daddr:16783984
[  286.386061] AAAAA-TCP_FORW: name:enp0s3: saddr:16783984: daddr:100932208
[  286.544714] AAAAA-TCP_FORW: name:enp0s8: saddr:100932208: daddr:33561200
[  286.545869] AAAAA-TCP_FORW: name:enp0s3: saddr:33561200: daddr:100932208
[  292.330309] AAAAA-TCP_FORW: name:enp0s8: saddr:100932208: daddr:16783984
[  292.331683] AAAAA-TCP_FORW: name:enp0s3: saddr:16783984: daddr:100932208
[  292.438987] AAAAA-TCP_FORW: name:enp0s8: saddr:100932208: daddr:33561200
[  292.440148] AAAAA-TCP_FORW: name:enp0s3: saddr:33561200: daddr:100932208
[  292.570895] AAAAA-TCP_FORW: name:enp0s8: saddr:100932208: daddr:33561200
[  292.571992] AAAAA-TCP_FORW: name:enp0s3: saddr:33561200: daddr:100932208
[  292.637558] AAAAA-TCP_FORW: name:enp0s8: saddr:100932208: daddr:33561200
[  292.638692] AAAAA-TCP_FORW: name:enp0s3: saddr:33561200: daddr:100932208
[  292.758468] AAAAA-TCP_FORW: name:enp0s8: saddr:100932208: daddr:33561200
[  292.759643] AAAAA-TCP_FORW: name:enp0s3: saddr:33561200: daddr:100932208
[  292.841731] AAAAA-TCP_FORW: name:enp0s8: saddr:100932208: daddr:33561200
[  292.842886] AAAAA-TCP_FORW: name:enp0s3: saddr:33561200: daddr:100932208
[  292.918642] AAAAA-TCP_FORW: name:enp0s8: saddr:100932208: daddr:33561200
[  292.919849] AAAAA-TCP_FORW: name:enp0s3: saddr:33561200: daddr:100932208
[  293.031243] AAAAA-TCP_FORW: name:enp0s8: saddr:100932208: daddr:33561200
[  293.032360] AAAAA-TCP_FORW: name:enp0s3: saddr:33561200: daddr:100932208
[  293.108987] AAAAA-TCP_FORW: name:enp0s8: saddr:100932208: daddr:33561200
[  293.110147] AAAAA-TCP_FORW: name:enp0s3: saddr:33561200: daddr:100932208
[  293.166629] AAAAA-TCP_FORW: name:enp0s8: saddr:100932208: daddr:16783984
[  293.167371] AAAAA-TCP_FORW: name:enp0s3: saddr:16783984: daddr:100932208
[  293.230087] AAAAA-TCP_FORW: name:enp0s8: saddr:100932208: daddr:16783984
[  293.230808] AAAAA-TCP_FORW: name:enp0s3: saddr:16783984: daddr:100932208
[  293.340176] AAAAA-TCP_FORW: name:enp0s8: saddr:100932208: daddr:16783984
[  293.340920] AAAAA-TCP_FORW: name:enp0s3: saddr:16783984: daddr:100932208
[  293.427366] AAAAA-TCP_FORW: name:enp0s8: saddr:100932208: daddr:16783984
[  293.428085] AAAAA-TCP_FORW: name:enp0s3: saddr:16783984: daddr:100932208
[  293.500272] AAAAA-TCP_FORW: name:enp0s8: saddr:100932208: daddr:16783984
[  293.501447] AAAAA-TCP_FORW: name:enp0s3: saddr:16783984: daddr:100932208
[  293.577629] AAAAA-TCP_FORW: name:enp0s8: saddr:100932208: daddr:16783984
[  293.578366] AAAAA-TCP_FORW: name:enp0s3: saddr:16783984: daddr:100932208
[  293.662798] AAAAA-TCP_FORW: name:enp0s8: saddr:100932208: daddr:16783984
[  293.663551] AAAAA-TCP_FORW: name:enp0s3: saddr:16783984: daddr:100932208
[  293.727082] AAAAA-TCP_FORW: name:enp0s8: saddr:100932208: daddr:16783984
[  293.727867] AAAAA-TCP_FORW: name:enp0s3: saddr:16783984: daddr:100932208
[  293.832901] AAAAA-TCP_FORW: name:enp0s8: saddr:100932208: daddr:16783984
[  293.833906] AAAAA-TCP_FORW: name:enp0s3: saddr:16783984: daddr:100932208
[  293.902430] AAAAA-TCP_FORW: name:enp0s8: saddr:100932208: daddr:16783984
[  293.903202] AAAAA-TCP_FORW: name:enp0s3: saddr:16783984: daddr:100932208
[  293.957747] AAAAA-TCP_FORW: name:enp0s8: saddr:100932208: daddr:16783984
[  293.958517] AAAAA-TCP_FORW: name:enp0s3: saddr:16783984: daddr:100932208
[  294.044639] AAAAA-TCP_FORW: name:enp0s8: saddr:100932208: daddr:33561200
[  294.045395] AAAAA-TCP_FORW: name:enp0s3: saddr:33561200: daddr:100932208
[  294.134030] AAAAA-TCP_FORW: name:enp0s8: saddr:100932208: daddr:33561200
[  294.135183] AAAAA-TCP_FORW: name:enp0s3: saddr:33561200: daddr:100932208
[  294.214203] AAAAA-TCP_FORW: name:enp0s8: saddr:100932208: daddr:33561200
[  294.215419] AAAAA-TCP_FORW: name:enp0s3: saddr:33561200: daddr:100932208
[  294.306561] AAAAA-TCP_FORW: name:enp0s8: saddr:100932208: daddr:33561200
[  294.307516] AAAAA-TCP_FORW: name:enp0s3: saddr:33561200: daddr:100932208
[  294.383613] AAAAA-TCP_FORW: name:enp0s8: saddr:100932208: daddr:16783984
[  294.384597] AAAAA-TCP_FORW: name:enp0s3: saddr:16783984: daddr:100932208
[  294.467508] AAAAA-TCP_FORW: name:enp0s8: saddr:100932208: daddr:16783984
[  294.468353] AAAAA-TCP_FORW: name:enp0s3: saddr:16783984: daddr:100932208
[  294.556874] AAAAA-TCP_FORW: name:enp0s8: saddr:100932208: daddr:16783984
[  294.558001] AAAAA-TCP_FORW: name:enp0s3: saddr:16783984: daddr:100932208
[  294.663893] AAAAA-TCP_FORW: name:enp0s8: saddr:100932208: daddr:16783984
[  294.664854] AAAAA-TCP_FORW: name:enp0s3: saddr:16783984: daddr:100932208
[  294.746297] AAAAA-TCP_FORW: name:enp0s8: saddr:100932208: daddr:33561200
[  294.747470] AAAAA-TCP_FORW: name:enp0s3: saddr:33561200: daddr:100932208
[  294.818918] AAAAA-TCP_FORW: name:enp0s8: saddr:100932208: daddr:33561200
[  294.820247] AAAAA-TCP_FORW: name:enp0s3: saddr:33561200: daddr:100932208
[  294.885018] AAAAA-TCP_FORW: name:enp0s8: saddr:100932208: daddr:16783984
[  294.885755] AAAAA-TCP_FORW: name:enp0s3: saddr:16783984: daddr:100932208
[  294.986244] AAAAA-TCP_FORW: name:enp0s8: saddr:100932208: daddr:16783984
[  294.987479] AAAAA-TCP_FORW: name:enp0s3: saddr:16783984: daddr:100932208
[  295.082550] AAAAA-TCP_FORW: name:enp0s8: saddr:100932208: daddr:33561200
[  295.083783] AAAAA-TCP_FORW: name:enp0s3: saddr:33561200: daddr:100932208
[  295.171354] AAAAA-TCP_FORW: name:enp0s8: saddr:100932208: daddr:16783984
[  295.172134] AAAAA-TCP_FORW: name:enp0s3: saddr:16783984: daddr:100932208
[  295.265846] AAAAA-TCP_FORW: name:enp0s8: saddr:100932208: daddr:16783984
[  295.266960] AAAAA-TCP_FORW: name:enp0s3: saddr:16783984: daddr:100932208
[  295.337727] AAAAA-TCP_FORW: name:enp0s8: saddr:100932208: daddr:16783984
[  295.338439] AAAAA-TCP_FORW: name:enp0s3: saddr:16783984: daddr:100932208
[  295.444453] AAAAA-TCP_FORW: name:enp0s8: saddr:100932208: daddr:16783984
[  295.445161] AAAAA-TCP_FORW: name:enp0s3: saddr:16783984: daddr:100932208
[  295.506713] AAAAA-TCP_FORW: name:enp0s8: saddr:100932208: daddr:16783984
[  295.507342] AAAAA-TCP_FORW: name:enp0s3: saddr:16783984: daddr:100932208
[  295.636744] AAAAA-TCP_FORW: name:enp0s8: saddr:100932208: daddr:16783984
[  295.637449] AAAAA-TCP_FORW: name:enp0s3: saddr:16783984: daddr:100932208
[  295.721461] AAAAA-TCP_FORW: name:enp0s8: saddr:100932208: daddr:16783984
[  295.722620] AAAAA-TCP_FORW: name:enp0s3: saddr:16783984: daddr:100932208
[  295.780490] AAAAA-TCP_FORW: name:enp0s8: saddr:100932208: daddr:33561200
[  295.781229] AAAAA-TCP_FORW: name:enp0s3: saddr:33561200: daddr:100932208
[  295.859789] AAAAA-TCP_FORW: name:enp0s8: saddr:100932208: daddr:33561200
[  295.860980] AAAAA-TCP_FORW: name:enp0s3: saddr:33561200: daddr:100932208
[  295.916872] AAAAA-TCP_FORW: name:enp0s8: saddr:100932208: daddr:33561200
[  295.917595] AAAAA-TCP_FORW: name:enp0s3: saddr:33561200: daddr:100932208
[  296.026780] AAAAA-TCP_FORW: name:enp0s8: saddr:100932208: daddr:33561200
[  296.028015] AAAAA-TCP_FORW: name:enp0s3: saddr:33561200: daddr:100932208
[  296.114012] AAAAA-TCP_FORW: name:enp0s8: saddr:100932208: daddr:33561200
[  296.115233] AAAAA-TCP_FORW: name:enp0s3: saddr:33561200: daddr:100932208
[  296.178504] AAAAA-TCP_FORW: name:enp0s8: saddr:100932208: daddr:33561200
[  296.179271] AAAAA-TCP_FORW: name:enp0s3: saddr:33561200: daddr:100932208
[  296.225555] AAAAA-TCP_FORW: name:enp0s8: saddr:100932208: daddr:33561200
[  296.226282] AAAAA-TCP_FORW: name:enp0s3: saddr:33561200: daddr:100932208
[  296.291385] AAAAA-TCP_FORW: name:enp0s8: saddr:100932208: daddr:33561200
[  296.292703] AAAAA-TCP_FORW: name:enp0s3: saddr:33561200: daddr:100932208
[  296.344311] AAAAA-TCP_FORW: name:enp0s8: saddr:100932208: daddr:33561200
[  296.345454] AAAAA-TCP_FORW: name:enp0s3: saddr:33561200: daddr:100932208
[  296.418547] AAAAA-TCP_FORW: name:enp0s8: saddr:100932208: daddr:16783984
[  296.419703] AAAAA-TCP_FORW: name:enp0s3: saddr:16783984: daddr:100932208
[  296.481034] AAAAA-TCP_FORW: name:enp0s8: saddr:100932208: daddr:16783984
[  296.482202] AAAAA-TCP_FORW: name:enp0s3: saddr:16783984: daddr:100932208
[  296.549933] AAAAA-TCP_FORW: name:enp0s8: saddr:100932208: daddr:16783984
[  296.551247] AAAAA-TCP_FORW: name:enp0s3: saddr:16783984: daddr:100932208
[  296.617649] AAAAA-TCP_FORW: name:enp0s8: saddr:100932208: daddr:16783984
[  296.618802] AAAAA-TCP_FORW: name:enp0s3: saddr:16783984: daddr:100932208
[  296.690311] AAAAA-TCP_FORW: name:enp0s8: saddr:100932208: daddr:16783984
[  296.691486] AAAAA-TCP_FORW: name:enp0s3: saddr:16783984: daddr:100932208
[  296.772173] AAAAA-TCP_FORW: name:enp0s8: saddr:100932208: daddr:16783984
[  296.773260] AAAAA-TCP_FORW: name:enp0s3: saddr:16783984: daddr:100932208
[  296.818450] AAAAA-TCP_FORW: name:enp0s8: saddr:100932208: daddr:16783984
[  296.819626] AAAAA-TCP_FORW: name:enp0s3: saddr:16783984: daddr:100932208
[  296.894637] AAAAA-TCP_FORW: name:enp0s8: saddr:100932208: daddr:16783984
[  296.895842] AAAAA-TCP_FORW: name:enp0s3: saddr:16783984: daddr:100932208
[  296.950563] AAAAA-TCP_FORW: name:enp0s8: saddr:100932208: daddr:16783984
[  296.951285] AAAAA-TCP_FORW: name:enp0s3: saddr:16783984: daddr:100932208
[  297.064194] AAAAA-TCP_FORW: name:enp0s8: saddr:100932208: daddr:16783984
[  297.065328] AAAAA-TCP_FORW: name:enp0s3: saddr:16783984: daddr:100932208
[  297.157626] AAAAA-TCP_FORW: name:enp0s8: saddr:100932208: daddr:16783984
[  297.159012] AAAAA-TCP_FORW: name:enp0s3: saddr:16783984: daddr:100932208
[  297.237809] AAAAA-TCP_FORW: name:enp0s8: saddr:100932208: daddr:16783984
[  297.239075] AAAAA-TCP_FORW: name:enp0s3: saddr:16783984: daddr:100932208
[  297.310574] AAAAA-TCP_FORW: name:enp0s8: saddr:100932208: daddr:33561200
[  297.311900] AAAAA-TCP_FORW: name:enp0s3: saddr:33561200: daddr:100932208
[  297.388861] AAAAA-TCP_FORW: name:enp0s8: saddr:100932208: daddr:33561200
[  297.390010] AAAAA-TCP_FORW: name:enp0s3: saddr:33561200: daddr:100932208
[  297.496171] AAAAA-TCP_FORW: name:enp0s8: saddr:100932208: daddr:33561200
[  297.497309] AAAAA-TCP_FORW: name:enp0s3: saddr:33561200: daddr:100932208
[  297.589450] AAAAA-TCP_FORW: name:enp0s8: saddr:100932208: daddr:33561200
[  297.590742] AAAAA-TCP_FORW: name:enp0s3: saddr:33561200: daddr:100932208
[  297.683536] AAAAA-TCP_FORW: name:enp0s8: saddr:100932208: daddr:33561200
[  297.684814] AAAAA-TCP_FORW: name:enp0s3: saddr:33561200: daddr:100932208
[  297.746102] AAAAA-TCP_FORW: name:enp0s8: saddr:100932208: daddr:33561200
[  297.747351] AAAAA-TCP_FORW: name:enp0s3: saddr:33561200: daddr:100932208
[  297.864897] AAAAA-TCP_FORW: name:enp0s8: saddr:100932208: daddr:16783984
[  297.866113] AAAAA-TCP_FORW: name:enp0s3: saddr:16783984: daddr:100932208
[  297.952479] AAAAA-TCP_FORW: name:enp0s8: saddr:100932208: daddr:16783984
[  297.953600] AAAAA-TCP_FORW: name:enp0s3: saddr:16783984: daddr:100932208
[  298.044205] AAAAA-TCP_FORW: name:enp0s8: saddr:100932208: daddr:16783984
[  298.045419] AAAAA-TCP_FORW: name:enp0s3: saddr:16783984: daddr:100932208
[  298.123923] AAAAA-TCP_FORW: name:enp0s8: saddr:100932208: daddr:16783984
[  298.125240] AAAAA-TCP_FORW: name:enp0s3: saddr:16783984: daddr:100932208
[  298.188705] AAAAA-TCP_FORW: name:enp0s8: saddr:100932208: daddr:16783984
[  298.189865] AAAAA-TCP_FORW: name:enp0s3: saddr:16783984: daddr:100932208
[  298.289748] AAAAA-TCP_FORW: name:enp0s8: saddr:100932208: daddr:33561200
[  298.290822] AAAAA-TCP_FORW: name:enp0s3: saddr:33561200: daddr:100932208
[  298.355808] AAAAA-TCP_FORW: name:enp0s8: saddr:100932208: daddr:33561200
[  298.356872] AAAAA-TCP_FORW: name:enp0s3: saddr:33561200: daddr:100932208
[  298.424785] AAAAA-TCP_FORW: name:enp0s8: saddr:100932208: daddr:33561200
[  298.425439] AAAAA-TCP_FORW: name:enp0s3: saddr:33561200: daddr:100932208
[  298.491732] AAAAA-TCP_FORW: name:enp0s8: saddr:100932208: daddr:16783984
[  298.492952] AAAAA-TCP_FORW: name:enp0s3: saddr:16783984: daddr:100932208
[  298.572143] AAAAA-TCP_FORW: name:enp0s8: saddr:100932208: daddr:16783984
[  298.572862] AAAAA-TCP_FORW: name:enp0s3: saddr:16783984: daddr:100932208
[  298.636029] AAAAA-TCP_FORW: name:enp0s8: saddr:100932208: daddr:16783984
[  298.637731] AAAAA-TCP_FORW: name:enp0s3: saddr:16783984: daddr:100932208
[  298.710547] AAAAA-TCP_FORW: name:enp0s8: saddr:100932208: daddr:16783984
[  298.713059] AAAAA-TCP_FORW: name:enp0s3: saddr:16783984: daddr:100932208
[  298.779548] AAAAA-TCP_FORW: name:enp0s8: saddr:100932208: daddr:33561200
[  298.780754] AAAAA-TCP_FORW: name:enp0s3: saddr:33561200: daddr:100932208
[  298.866319] AAAAA-TCP_FORW: name:enp0s8: saddr:100932208: daddr:33561200
[  298.867505] AAAAA-TCP_FORW: name:enp0s3: saddr:33561200: daddr:100932208
[  298.949101] AAAAA-TCP_FORW: name:enp0s8: saddr:100932208: daddr:16783984
[  298.951044] AAAAA-TCP_FORW: name:enp0s3: saddr:16783984: daddr:100932208
[  299.005660] AAAAA-TCP_FORW: name:enp0s8: saddr:100932208: daddr:16783984
[  299.007923] AAAAA-TCP_FORW: name:enp0s3: saddr:16783984: daddr:100932208
[  299.059719] AAAAA-TCP_FORW: name:enp0s8: saddr:100932208: daddr:16783984
[  299.061840] AAAAA-TCP_FORW: name:enp0s3: saddr:16783984: daddr:100932208
[  299.143506] AAAAA-TCP_FORW: name:enp0s8: saddr:100932208: daddr:16783984
[  299.146025] AAAAA-TCP_FORW: name:enp0s3: saddr:16783984: daddr:100932208
[  299.199717] AAAAA-TCP_FORW: name:enp0s8: saddr:100932208: daddr:16783984
[  299.201410] AAAAA-TCP_FORW: name:enp0s3: saddr:16783984: daddr:100932208
[  299.276243] AAAAA-TCP_FORW: name:enp0s8: saddr:100932208: daddr:16783984
[  299.278182] AAAAA-TCP_FORW: name:enp0s3: saddr:16783984: daddr:100932208
[  299.360094] AAAAA-TCP_FORW: name:enp0s8: saddr:100932208: daddr:16783984
[  299.362571] AAAAA-TCP_FORW: name:enp0s3: saddr:16783984: daddr:100932208
[  299.413148] AAAAA-TCP_FORW: name:enp0s8: saddr:100932208: daddr:16783984
[  299.415050] AAAAA-TCP_FORW: name:enp0s3: saddr:16783984: daddr:100932208
[  299.478467] AAAAA-TCP_FORW: name:enp0s8: saddr:100932208: daddr:16783984
[  299.480596] AAAAA-TCP_FORW: name:enp0s3: saddr:16783984: daddr:100932208
[  299.540431] AAAAA-TCP_FORW: name:enp0s8: saddr:100932208: daddr:16783984
[  299.543234] AAAAA-TCP_FORW: name:enp0s3: saddr:16783984: daddr:100932208
[  299.614029] AAAAA-TCP_FORW: name:enp0s8: saddr:100932208: daddr:16783984
[  299.616477] AAAAA-TCP_FORW: name:enp0s3: saddr:16783984: daddr:100932208
[  299.667022] AAAAA-TCP_FORW: name:enp0s8: saddr:100932208: daddr:33561200
[  299.668229] AAAAA-TCP_FORW: name:enp0s3: saddr:33561200: daddr:100932208
[  299.743340] AAAAA-TCP_FORW: name:enp0s8: saddr:100932208: daddr:33561200
[  299.744090] AAAAA-TCP_FORW: name:enp0s3: saddr:33561200: daddr:100932208
[  299.803655] AAAAA-TCP_FORW: name:enp0s8: saddr:100932208: daddr:33561200
[  299.804847] AAAAA-TCP_FORW: name:enp0s3: saddr:33561200: daddr:100932208
[  299.852733] AAAAA-TCP_FORW: name:enp0s8: saddr:100932208: daddr:33561200
[  299.853958] AAAAA-TCP_FORW: name:enp0s3: saddr:33561200: daddr:100932208
[  299.915609] AAAAA-TCP_FORW: name:enp0s8: saddr:100932208: daddr:33561200
[  299.917320] AAAAA-TCP_FORW: name:enp0s3: saddr:33561200: daddr:100932208
[  299.968393] AAAAA-TCP_FORW: name:enp0s8: saddr:100932208: daddr:33561200
[  300.010881] AAAAA-TCP_FORW: name:enp0s3: saddr:33561200: daddr:100932208
[  300.012799] AAAAA-TCP_FORW: name:enp0s8: saddr:100932208: daddr:33561200
[  300.076859] AAAAA-TCP_FORW: name:enp0s8: saddr:100932208: daddr:33561200
[  300.077998] AAAAA-TCP_FORW: name:enp0s3: saddr:33561200: daddr:100932208
[  300.123052] AAAAA-TCP_FORW: name:enp0s8: saddr:100932208: daddr:33561200
[  300.157776] AAAAA-TCP_FORW: name:enp0s8: saddr:100932208: daddr:33561200
[  300.158926] AAAAA-TCP_FORW: name:enp0s3: saddr:33561200: daddr:100932208
[  300.229934] AAAAA-TCP_FORW: name:enp0s8: saddr:100932208: daddr:33561200
[  300.280224] AAAAA-TCP_FORW: name:enp0s8: saddr:100932208: daddr:33561200
[  300.281359] AAAAA-TCP_FORW: name:enp0s3: saddr:33561200: daddr:100932208
[  300.335915] AAAAA-TCP_FORW: name:enp0s8: saddr:100932208: daddr:33561200
[  300.372585] AAAAA-TCP_FORW: name:enp0s8: saddr:100932208: daddr:16783984
[  300.374645] AAAAA-TCP_FORW: name:enp0s3: saddr:16783984: daddr:100932208
[  300.434423] AAAAA-TCP_FORW: name:enp0s8: saddr:100932208: daddr:16783984
[  300.436974] AAAAA-TCP_FORW: name:enp0s3: saddr:16783984: daddr:100932208
[  300.446858] AAAAA-TCP_FORW: name:enp0s3: saddr:33561200: daddr:100932208
[  300.502157] AAAAA-TCP_FORW: name:enp0s8: saddr:100932208: daddr:16783984
[  300.504263] AAAAA-TCP_FORW: name:enp0s3: saddr:16783984: daddr:100932208
[  300.574075] AAAAA-TCP_FORW: name:enp0s8: saddr:100932208: daddr:16783984
[  300.575994] AAAAA-TCP_FORW: name:enp0s3: saddr:16783984: daddr:100932208
[  300.674198] AAAAA-TCP_FORW: name:enp0s8: saddr:100932208: daddr:16783984
[  300.675965] AAAAA-TCP_FORW: name:enp0s3: saddr:16783984: daddr:100932208
[  300.735248] AAAAA-TCP_FORW: name:enp0s8: saddr:100932208: daddr:16783984
[  300.737178] AAAAA-TCP_FORW: name:enp0s3: saddr:16783984: daddr:100932208
[  300.794714] AAAAA-TCP_FORW: name:enp0s8: saddr:100932208: daddr:16783984
[  300.796432] AAAAA-TCP_FORW: name:enp0s3: saddr:16783984: daddr:100932208
[  300.844775] AAAAA-TCP_FORW: name:enp0s8: saddr:100932208: daddr:16783984
[  300.846710] AAAAA-TCP_FORW: name:enp0s3: saddr:16783984: daddr:100932208
[  300.890035] AAAAA-TCP_FORW: name:enp0s8: saddr:100932208: daddr:16783984
[  300.892462] AAAAA-TCP_FORW: name:enp0s3: saddr:16783984: daddr:100932208
[  300.957336] AAAAA-TCP_FORW: name:enp0s8: saddr:100932208: daddr:16783984
[  300.959782] AAAAA-TCP_FORW: name:enp0s3: saddr:16783984: daddr:100932208
[  301.060337] AAAAA-TCP_FORW: name:enp0s8: saddr:100932208: daddr:16783984
[  301.062881] AAAAA-TCP_FORW: name:enp0s3: saddr:16783984: daddr:100932208
[  301.162930] AAAAA-TCP_FORW: name:enp0s8: saddr:100932208: daddr:33561200
[  301.210099] AAAAA-TCP_FORW: name:enp0s8: saddr:100932208: daddr:33561200
[  301.210856] AAAAA-TCP_FORW: name:enp0s3: saddr:33561200: daddr:100932208
[  301.256350] AAAAA-TCP_FORW: name:enp0s8: saddr:100932208: daddr:33561200
[  301.300962] AAAAA-TCP_FORW: name:enp0s8: saddr:100932208: daddr:33561200
[  301.301716] AAAAA-TCP_FORW: name:enp0s3: saddr:33561200: daddr:100932208
[  301.381379] AAAAA-TCP_FORW: name:enp0s8: saddr:100932208: daddr:33561200
[  301.443315] AAAAA-TCP_FORW: name:enp0s8: saddr:100932208: daddr:33561200
[  301.444188] AAAAA-TCP_FORW: name:enp0s3: saddr:33561200: daddr:100932208
[  301.537530] AAAAA-TCP_FORW: name:enp0s8: saddr:100932208: daddr:33561200
[  301.618889] AAAAA-TCP_FORW: name:enp0s8: saddr:100932208: daddr:33561200
[  301.620336] AAAAA-TCP_FORW: name:enp0s3: saddr:33561200: daddr:100932208
[  301.679721] AAAAA-TCP_FORW: name:enp0s8: saddr:100932208: daddr:33561200
[  301.796201] AAAAA-TCP_FORW: name:enp0s8: saddr:100932208: daddr:16783984
[  301.798342] AAAAA-TCP_FORW: name:enp0s3: saddr:16783984: daddr:100932208
[  301.822549] AAAAA-TCP_FORW: name:enp0s3: saddr:33561200: daddr:100932208
[  301.917245] AAAAA-TCP_FORW: name:enp0s8: saddr:100932208: daddr:16783984
[  301.919375] AAAAA-TCP_FORW: name:enp0s3: saddr:16783984: daddr:100932208
[  302.039517] AAAAA-TCP_FORW: name:enp0s8: saddr:100932208: daddr:16783984
[  302.042118] AAAAA-TCP_FORW: name:enp0s3: saddr:16783984: daddr:100932208
[  302.107458] AAAAA-TCP_FORW: name:enp0s8: saddr:100932208: daddr:33561200
[  302.166978] AAAAA-TCP_FORW: name:enp0s8: saddr:100932208: daddr:33561200
[  302.168571] AAAAA-TCP_FORW: name:enp0s3: saddr:33561200: daddr:100932208
[  302.227590] AAAAA-TCP_FORW: name:enp0s8: saddr:100932208: daddr:33561200
[  302.291151] AAAAA-TCP_FORW: name:enp0s8: saddr:100932208: daddr:33561200
[  302.291890] AAAAA-TCP_FORW: name:enp0s3: saddr:33561200: daddr:100932208
[  302.376392] AAAAA-TCP_FORW: name:enp0s8: saddr:100932208: daddr:33561200
[  302.417952] AAAAA-TCP_FORW: name:enp0s8: saddr:100932208: daddr:16783984
[  302.420418] AAAAA-TCP_FORW: name:enp0s3: saddr:16783984: daddr:100932208
[  302.470921] AAAAA-TCP_FORW: name:enp0s8: saddr:100932208: daddr:16783984
[  302.473300] AAAAA-TCP_FORW: name:enp0s3: saddr:16783984: daddr:100932208
[  302.544380] AAAAA-TCP_FORW: name:enp0s3: saddr:33561200: daddr:100932208
[  302.547031] AAAAA-TCP_FORW: name:enp0s8: saddr:100932208: daddr:16783984
[  302.548749] AAAAA-TCP_FORW: name:enp0s3: saddr:16783984: daddr:100932208
[  302.670491] AAAAA-TCP_FORW: name:enp0s8: saddr:100932208: daddr:33561200
[  302.769411] AAAAA-TCP_FORW: name:enp0s8: saddr:100932208: daddr:16783984
[  302.771950] AAAAA-TCP_FORW: name:enp0s3: saddr:16783984: daddr:100932208
[  302.888749] AAAAA-TCP_FORW: name:enp0s8: saddr:100932208: daddr:16783984
[  302.891384] AAAAA-TCP_FORW: name:enp0s3: saddr:16783984: daddr:100932208
[  302.958728] AAAAA-TCP_FORW: name:enp0s3: saddr:33561200: daddr:100932208
[  303.058740] AAAAA-TCP_FORW: name:enp0s8: saddr:100932208: daddr:16783984
[  303.061364] AAAAA-TCP_FORW: name:enp0s3: saddr:16783984: daddr:100932208
[  303.188385] AAAAA-TCP_FORW: name:enp0s8: saddr:100932208: daddr:16783984
[  303.191011] AAAAA-TCP_FORW: name:enp0s3: saddr:16783984: daddr:100932208
[  303.291159] AAAAA-TCP_FORW: name:enp0s8: saddr:100932208: daddr:16783984
[  303.293655] AAAAA-TCP_FORW: name:enp0s3: saddr:16783984: daddr:100932208
[  303.336886] AAAAA-TCP_FORW: name:enp0s8: saddr:100932208: daddr:16783984
[  303.339333] AAAAA-TCP_FORW: name:enp0s3: saddr:16783984: daddr:100932208
[  303.417884] AAAAA-TCP_FORW: name:enp0s8: saddr:100932208: daddr:16783984
[  303.420295] AAAAA-TCP_FORW: name:enp0s3: saddr:16783984: daddr:100932208
[  303.468539] AAAAA-TCP_FORW: name:enp0s8: saddr:100932208: daddr:33561200
[  303.509836] AAAAA-TCP_FORW: name:enp0s8: saddr:100932208: daddr:33561200
[  303.511002] AAAAA-TCP_FORW: name:enp0s3: saddr:33561200: daddr:100932208
[  303.567565] AAAAA-TCP_FORW: name:enp0s8: saddr:100932208: daddr:33561200
[  303.602184] AAAAA-TCP_FORW: name:enp0s8: saddr:100932208: daddr:33561200
[  303.602877] AAAAA-TCP_FORW: name:enp0s3: saddr:33561200: daddr:100932208
[  303.647515] AAAAA-TCP_FORW: name:enp0s8: saddr:100932208: daddr:33561200
[  303.701442] AAAAA-TCP_FORW: name:enp0s8: saddr:100932208: daddr:33561200
[  303.702396] AAAAA-TCP_FORW: name:enp0s3: saddr:33561200: daddr:100932208
[  303.758106] AAAAA-TCP_FORW: name:enp0s8: saddr:100932208: daddr:33561200
[  303.798586] AAAAA-TCP_FORW: name:enp0s8: saddr:100932208: daddr:33561200
[  303.799370] AAAAA-TCP_FORW: name:enp0s3: saddr:33561200: daddr:100932208
[  303.834911] AAAAA-TCP_FORW: name:enp0s8: saddr:100932208: daddr:33561200
[  303.870454] AAAAA-TCP_FORW: name:enp0s8: saddr:100932208: daddr:33561200
[  303.871201] AAAAA-TCP_FORW: name:enp0s3: saddr:33561200: daddr:100932208
[  303.900390] AAAAA-TCP_FORW: name:enp0s8: saddr:100932208: daddr:33561200
[  303.948141] AAAAA-TCP_FORW: name:enp0s8: saddr:100932208: daddr:33561200
[  303.948891] AAAAA-TCP_FORW: name:enp0s3: saddr:33561200: daddr:100932208
[  304.014811] AAAAA-TCP_FORW: name:enp0s8: saddr:100932208: daddr:33561200
[  304.061273] AAAAA-TCP_FORW: name:enp0s8: saddr:100932208: daddr:33561200
[  304.062515] AAAAA-TCP_FORW: name:enp0s3: saddr:33561200: daddr:100932208
[  304.123733] AAAAA-TCP_FORW: name:enp0s8: saddr:100932208: daddr:33561200
[  304.185588] AAAAA-TCP_FORW: name:enp0s8: saddr:100932208: daddr:33561200
[  304.186755] AAAAA-TCP_FORW: name:enp0s3: saddr:33561200: daddr:100932208
[  304.254482] AAAAA-TCP_FORW: name:enp0s8: saddr:100932208: daddr:33561200
[  304.324581] AAAAA-TCP_FORW: name:enp0s8: saddr:100932208: daddr:33561200
[  304.325577] AAAAA-TCP_FORW: name:enp0s3: saddr:33561200: daddr:100932208
[  304.391625] AAAAA-TCP_FORW: name:enp0s8: saddr:100932208: daddr:33561200
[  304.439602] AAAAA-TCP_FORW: name:enp0s8: saddr:100932208: daddr:33561200
[  304.440760] AAAAA-TCP_FORW: name:enp0s3: saddr:33561200: daddr:100932208
[  304.537813] AAAAA-TCP_FORW: name:enp0s8: saddr:100932208: daddr:16783984
[  304.540343] AAAAA-TCP_FORW: name:enp0s3: saddr:16783984: daddr:100932208
[  304.611260] AAAAA-TCP_FORW: name:enp0s8: saddr:100932208: daddr:33561200
[  304.686694] AAAAA-TCP_FORW: name:enp0s8: saddr:100932208: daddr:16783984
[  304.689198] AAAAA-TCP_FORW: name:enp0s3: saddr:16783984: daddr:100932208
[  304.727726] AAAAA-TCP_FORW: name:enp0s3: saddr:33561200: daddr:100932208
[  304.751938] AAAAA-TCP_FORW: name:enp0s8: saddr:100932208: daddr:16783984
[  304.754665] AAAAA-TCP_FORW: name:enp0s3: saddr:16783984: daddr:100932208
[  304.792172] AAAAA-TCP_FORW: name:enp0s8: saddr:100932208: daddr:16783984
[  304.793334] AAAAA-TCP_FORW: name:enp0s3: saddr:16783984: daddr:100932208
[  304.891803] AAAAA-TCP_FORW: name:enp0s8: saddr:100932208: daddr:16783984
[  304.893032] AAAAA-TCP_FORW: name:enp0s3: saddr:16783984: daddr:100932208
[  305.024012] AAAAA-TCP_FORW: name:enp0s8: saddr:100932208: daddr:33561200
[  305.074625] AAAAA-TCP_FORW: name:enp0s8: saddr:100932208: daddr:33561200
[  305.075799] AAAAA-TCP_FORW: name:enp0s3: saddr:33561200: daddr:100932208
[  305.138192] AAAAA-TCP_FORW: name:enp0s8: saddr:100932208: daddr:33561200
[  305.286979] AAAAA-TCP_FORW: name:enp0s3: saddr:33561200: daddr:100932208
[  305.627183] AAAAA-TCP_FORW: name:enp0s8: saddr:100932208: daddr:16783984
[  305.628271] AAAAA-TCP_FORW: name:enp0s3: saddr:16783984: daddr:100932208
[  325.668654] AAAAA-TCP_FORW: name:enp0s8: saddr:100932208: daddr:16783984
[  325.670040] AAAAA-TCP_FORW: name:enp0s3: saddr:16783984: daddr:100932208
[  325.808771] AAAAA-TCP_FORW: name:enp0s8: saddr:100932208: daddr:33561200
[  325.810015] AAAAA-TCP_FORW: name:enp0s3: saddr:33561200: daddr:100932208
[  326.142346] AAAAA-TCP_FORW: name:enp0s8: saddr:100932208: daddr:33561200
[  326.143741] AAAAA-TCP_FORW: name:enp0s3: saddr:33561200: daddr:100932208
[  326.346484] AAAAA-TCP_FORW: name:enp0s8: saddr:100932208: daddr:33561200
[  326.348014] AAAAA-TCP_FORW: name:enp0s3: saddr:33561200: daddr:100932208
[  326.500360] AAAAA-TCP_FORW: name:enp0s8: saddr:100932208: daddr:33561200
[  326.502565] AAAAA-TCP_FORW: name:enp0s3: saddr:33561200: daddr:100932208
[  326.657381] AAAAA-TCP_FORW: name:enp0s8: saddr:100932208: daddr:33561200
[  326.663666] AAAAA-TCP_FORW: name:enp0s3: saddr:33561200: daddr:100932208
[  326.744604] AAAAA-TCP_FORW: name:enp0s8: saddr:100932208: daddr:33561200
[  326.746972] AAAAA-TCP_FORW: name:enp0s3: saddr:33561200: daddr:100932208
[  326.927615] AAAAA-TCP_FORW: name:enp0s8: saddr:100932208: daddr:33561200
[  326.930502] AAAAA-TCP_FORW: name:enp0s3: saddr:33561200: daddr:100932208
[  327.222349] AAAAA-TCP_FORW: name:enp0s8: saddr:100932208: daddr:33561200
[  327.224424] AAAAA-TCP_FORW: name:enp0s3: saddr:33561200: daddr:100932208
[  327.419417] AAAAA-TCP_FORW: name:enp0s8: saddr:100932208: daddr:16783984
[  327.420721] AAAAA-TCP_FORW: name:enp0s3: saddr:16783984: daddr:100932208
[  327.849615] AAAAA-TCP_FORW: name:enp0s8: saddr:100932208: daddr:16783984
[  327.850891] AAAAA-TCP_FORW: name:enp0s3: saddr:16783984: daddr:100932208
[  328.046232] AAAAA-TCP_FORW: name:enp0s8: saddr:100932208: daddr:16783984
[  328.047539] AAAAA-TCP_FORW: name:enp0s3: saddr:16783984: daddr:100932208
[  328.159424] AAAAA-TCP_FORW: name:enp0s8: saddr:100932208: daddr:16783984
[  328.160790] AAAAA-TCP_FORW: name:enp0s3: saddr:16783984: daddr:100932208
[  328.234376] AAAAA-TCP_FORW: name:enp0s8: saddr:100932208: daddr:16783984
[  328.235591] AAAAA-TCP_FORW: name:enp0s3: saddr:16783984: daddr:100932208
[  328.318183] AAAAA-TCP_FORW: name:enp0s8: saddr:100932208: daddr:16783984
[  328.319445] AAAAA-TCP_FORW: name:enp0s3: saddr:16783984: daddr:100932208
[  328.555790] AAAAA-TCP_FORW: name:enp0s8: saddr:100932208: daddr:33561200
[  328.558201] AAAAA-TCP_FORW: name:enp0s3: saddr:33561200: daddr:100932208
[  328.772697] AAAAA-TCP_FORW: name:enp0s8: saddr:100932208: daddr:33561200
[  328.774954] AAAAA-TCP_FORW: name:enp0s3: saddr:33561200: daddr:100932208
[  328.920953] AAAAA-TCP_FORW: name:enp0s8: saddr:100932208: daddr:33561200
[  328.923211] AAAAA-TCP_FORW: name:enp0s3: saddr:33561200: daddr:100932208
[  329.018854] AAAAA-TCP_FORW: name:enp0s8: saddr:100932208: daddr:33561200
[  329.021108] AAAAA-TCP_FORW: name:enp0s3: saddr:33561200: daddr:100932208
[  329.088105] AAAAA-TCP_FORW: name:enp0s8: saddr:100932208: daddr:33561200
[  329.090390] AAAAA-TCP_FORW: name:enp0s3: saddr:33561200: daddr:100932208
[  329.330127] AAAAA-TCP_FORW: name:enp0s8: saddr:100932208: daddr:33561200
[  329.332391] AAAAA-TCP_FORW: name:enp0s3: saddr:33561200: daddr:100932208
[  329.386263] AAAAA-TCP_FORW: name:enp0s8: saddr:100932208: daddr:33561200
[  329.388607] AAAAA-TCP_FORW: name:enp0s3: saddr:33561200: daddr:100932208
[  329.726023] AAAAA-TCP_FORW: name:enp0s8: saddr:100932208: daddr:16783984
[  329.727105] AAAAA-TCP_FORW: name:enp0s3: saddr:16783984: daddr:100932208
[  329.934942] AAAAA-TCP_FORW: name:enp0s8: saddr:100932208: daddr:33561200
[  329.937219] AAAAA-TCP_FORW: name:enp0s3: saddr:33561200: daddr:100932208
[  331.652477] AAAAA-TCP_FORW: name:enp0s8: saddr:100932208: daddr:33561200
[  331.654789] AAAAA-TCP_FORW: name:enp0s3: saddr:33561200: daddr:100932208
[  331.914405] AAAAA-TCP_FORW: name:enp0s8: saddr:100932208: daddr:33561200
[  331.916742] AAAAA-TCP_FORW: name:enp0s3: saddr:33561200: daddr:100932208
[  332.050333] AAAAA-TCP_FORW: name:enp0s8: saddr:100932208: daddr:16783984
[  332.051657] AAAAA-TCP_FORW: name:enp0s3: saddr:16783984: daddr:100932208
[  332.150108] AAAAA-TCP_FORW: name:enp0s8: saddr:100932208: daddr:16783984
[  332.151397] AAAAA-TCP_FORW: name:enp0s3: saddr:16783984: daddr:100932208
[  332.245698] AAAAA-TCP_FORW: name:enp0s8: saddr:100932208: daddr:16783984
[  332.247505] AAAAA-TCP_FORW: name:enp0s3: saddr:16783984: daddr:100932208
[  332.360545] AAAAA-TCP_FORW: name:enp0s8: saddr:100932208: daddr:33561200
[  332.362947] AAAAA-TCP_FORW: name:enp0s3: saddr:33561200: daddr:100932208
[  332.437351] AAAAA-TCP_FORW: name:enp0s8: saddr:100932208: daddr:33561200
[  332.439664] AAAAA-TCP_FORW: name:enp0s3: saddr:33561200: daddr:100932208
[  332.637023] AAAAA-TCP_FORW: name:enp0s8: saddr:100932208: daddr:33561200
[  332.638231] AAAAA-TCP_FORW: name:enp0s3: saddr:33561200: daddr:100932208
[  332.744645] AAAAA-TCP_FORW: name:enp0s8: saddr:100932208: daddr:33561200
[  332.745688] AAAAA-TCP_FORW: name:enp0s3: saddr:33561200: daddr:100932208
[  332.838481] AAAAA-TCP_FORW: name:enp0s8: saddr:100932208: daddr:33561200
[  332.839829] AAAAA-TCP_FORW: name:enp0s3: saddr:33561200: daddr:100932208
[  332.972062] AAAAA-TCP_FORW: name:enp0s8: saddr:100932208: daddr:33561200
[  332.973387] AAAAA-TCP_FORW: name:enp0s3: saddr:33561200: daddr:100932208
[  333.152655] AAAAA-TCP_FORW: name:enp0s8: saddr:100932208: daddr:33561200
[  333.154197] AAAAA-TCP_FORW: name:enp0s3: saddr:33561200: daddr:100932208
[  333.216064] AAAAA-TCP_FORW: name:enp0s8: saddr:100932208: daddr:33561200
[  333.217283] AAAAA-TCP_FORW: name:enp0s3: saddr:33561200: daddr:100932208
[  333.388413] AAAAA-TCP_FORW: name:enp0s8: saddr:100932208: daddr:16783984
[  333.389672] AAAAA-TCP_FORW: name:enp0s3: saddr:16783984: daddr:100932208
[  343.492061] AAAAA-TCP_FORW: name:enp0s3: saddr:33561200: daddr:100932208
[  354.925111] AAAAA-TCP_FORW: name:enp0s8: saddr:100932208: daddr:16783984
[  354.926345] AAAAA-TCP_FORW: name:enp0s3: saddr:16783984: daddr:100932208
[  359.985371] AAAAA-TCP_FORW: name:enp0s8: saddr:100932208: daddr:16783984
[  359.986537] AAAAA-TCP_FORW: name:enp0s3: saddr:16783984: daddr:100932208
[  360.540303] AAAAA-TCP_FORW: name:enp0s8: saddr:100932208: daddr:16783984
[  360.541443] AAAAA-TCP_FORW: name:enp0s3: saddr:16783984: daddr:100932208
[  360.869219] AAAAA-TCP_FORW: name:enp0s8: saddr:100932208: daddr:16783984
[  360.870341] AAAAA-TCP_FORW: name:enp0s3: saddr:16783984: daddr:100932208
[  361.363308] AAAAA-TCP_FORW: name:enp0s8: saddr:100932208: daddr:16783984
[  361.364493] AAAAA-TCP_FORW: name:enp0s3: saddr:16783984: daddr:100932208
[  361.649695] AAAAA-TCP_FORW: name:enp0s8: saddr:100932208: daddr:16783984
[  361.650853] AAAAA-TCP_FORW: name:enp0s3: saddr:16783984: daddr:100932208
[  361.805221] AAAAA-TCP_FORW: name:enp0s8: saddr:100932208: daddr:16783984
[  361.806321] AAAAA-TCP_FORW: name:enp0s3: saddr:16783984: daddr:100932208
[  361.839813] AAAAA-TCP_FORW: name:enp0s8: saddr:100932208: daddr:16783984
[  361.840872] AAAAA-TCP_FORW: name:enp0s3: saddr:16783984: daddr:100932208
[  361.998657] AAAAA-TCP_FORW: name:enp0s8: saddr:100932208: daddr:16783984
[  362.000018] AAAAA-TCP_FORW: name:enp0s3: saddr:16783984: daddr:100932208
[  362.154353] AAAAA-TCP_FORW: name:enp0s8: saddr:100932208: daddr:16783984
[  362.155400] AAAAA-TCP_FORW: name:enp0s3: saddr:16783984: daddr:100932208
[  362.229405] AAAAA-TCP_FORW: name:enp0s8: saddr:100932208: daddr:16783984
[  362.230627] AAAAA-TCP_FORW: name:enp0s3: saddr:16783984: daddr:100932208
[  362.578544] AAAAA-TCP_FORW: name:enp0s8: saddr:100932208: daddr:16783984
[  362.579812] AAAAA-TCP_FORW: name:enp0s3: saddr:16783984: daddr:100932208
[  362.808778] AAAAA-TCP_FORW: name:enp0s8: saddr:100932208: daddr:16783984
[  362.809996] AAAAA-TCP_FORW: name:enp0s3: saddr:16783984: daddr:100932208
[  362.925762] AAAAA-TCP_FORW: name:enp0s8: saddr:100932208: daddr:16783984
