[    0.000000] Linux version 5.4.243-mptcp (root@ztg) (gcc version 12.2.0 (Debian 12.2.0-14+deb12u1)) #53 SMP Wed Dec 24 23:28:15 CST 2025
[    0.000000] Command line: BOOT_IMAGE=/boot/vmlinuz-5.4.243-mptcp root=UUID=98415a12-53b7-4144-8265-0f7ece09e445 ro quiet splash
[    0.000000] KERNEL supported cpus:
[    0.000000]   Intel GenuineIntel
[    0.000000]   AMD AuthenticAMD
[    0.000000]   Hygon HygonGenuine
[    0.000000]   Centaur CentaurHauls
[    0.000000]   zhaoxin   Shanghai  
[    0.000000] x86/fpu: Supporting XSAVE feature 0x001: 'x87 floating point registers'
[    0.000000] x86/fpu: Supporting XSAVE feature 0x002: 'SSE registers'
[    0.000000] x86/fpu: Supporting XSAVE feature 0x004: 'AVX registers'
[    0.000000] x86/fpu: xstate_offset[2]:  576, xstate_sizes[2]:  256
[    0.000000] x86/fpu: Enabled xstate features 0x7, context size is 832 bytes, using 'standard' format.
[    0.000000] BIOS-provided physical RAM map:
[    0.000000] BIOS-e820: [mem 0x0000000000000000-0x000000000009fbff] usable
[    0.000000] BIOS-e820: [mem 0x000000000009fc00-0x000000000009ffff] reserved
[    0.000000] BIOS-e820: [mem 0x00000000000f0000-0x00000000000fffff] reserved
[    0.000000] BIOS-e820: [mem 0x0000000000100000-0x000000007ffeffff] usable
[    0.000000] BIOS-e820: [mem 0x000000007fff0000-0x000000007fffffff] ACPI data
[    0.000000] BIOS-e820: [mem 0x00000000fec00000-0x00000000fec00fff] reserved
[    0.000000] BIOS-e820: [mem 0x00000000fee00000-0x00000000fee00fff] reserved
[    0.000000] BIOS-e820: [mem 0x00000000fffc0000-0x00000000ffffffff] reserved
[    0.000000] NX (Execute Disable) protection: active
[    0.000000] SMBIOS 2.5 present.
[    0.000000] DMI: innotek GmbH VirtualBox/VirtualBox, BIOS VirtualBox 12/01/2006
[    0.000000] Hypervisor detected: KVM
[    0.000000] kvm-clock: Using msrs 4b564d01 and 4b564d00
[    0.000000] kvm-clock: cpu 0, msr 74001001, primary cpu clock
[    0.000000] kvm-clock: using sched offset of 4427849617 cycles
[    0.000003] clocksource: kvm-clock: mask: 0xffffffffffffffff max_cycles: 0x1cd42e4dffb, max_idle_ns: 881590591483 ns
[    0.000005] tsc: Detected 2100.000 MHz processor
[    0.001855] e820: update [mem 0x00000000-0x00000fff] usable ==> reserved
[    0.001857] e820: remove [mem 0x000a0000-0x000fffff] usable
[    0.001861] last_pfn = 0x7fff0 max_arch_pfn = 0x400000000
[    0.001929] MTRR default type: uncachable
[    0.001930] MTRR fixed ranges enabled:
[    0.001931]   00000-9FFFF write-back
[    0.001932]   A0000-BFFFF uncachable
[    0.001933]   C0000-FFFFF write-protect
[    0.001933] MTRR variable ranges enabled:
[    0.001935]   0 base 000000000000 mask 3FFF80000000 write-back
[    0.001935]   1 disabled
[    0.001936]   2 disabled
[    0.001936]   3 disabled
[    0.001937]   4 disabled
[    0.001937]   5 disabled
[    0.001937]   6 disabled
[    0.001938]   7 disabled
[    0.001938]   8 disabled
[    0.001939]   9 disabled
[    0.001939]   10 disabled
[    0.001940]   11 disabled
[    0.001940]   12 disabled
[    0.001941]   13 disabled
[    0.001941]   14 disabled
[    0.001941]   15 disabled
[    0.001957] x86/PAT: Configuration [0-7]: WB  WC  UC- UC  WB  WP  UC- WT  
[    0.002091] found SMP MP-table at [mem 0x0009fff0-0x0009ffff]
[    0.092767] check: Scanning 1 areas for low memory corruption
[    0.093039] RAMDISK: [mem 0x32271000-0x3512ffff]
[    0.093047] ACPI: Early table checksum verification disabled
[    0.093053] ACPI: RSDP 0x00000000000E0000 000024 (v02 VBOX  )
[    0.093057] ACPI: XSDT 0x000000007FFF0030 00003C (v01 VBOX   VBOXXSDT 00000001 ASL  00000061)
[    0.093064] ACPI: FACP 0x000000007FFF00F0 0000F4 (v04 VBOX   VBOXFACP 00000001 ASL  00000061)
[    0.093070] ACPI: DSDT 0x000000007FFF02E0 002353 (v02 VBOX   VBOXBIOS 00000002 VBOX 00029BF3)
[    0.093074] ACPI: FACS 0x000000007FFF0200 000040
[    0.093078] ACPI: FACS 0x000000007FFF0200 000040
[    0.093081] ACPI: APIC 0x000000007FFF0240 000054 (v02 VBOX   VBOXAPIC 00000001 ASL  00000061)
[    0.093085] ACPI: SSDT 0x000000007FFF02A0 000038 (v01 VBOX   VBOXCPUT 00000002 VBOX 00029BF3)
[    0.093088] ACPI: Reserving FACP table memory at [mem 0x7fff00f0-0x7fff01e3]
[    0.093089] ACPI: Reserving DSDT table memory at [mem 0x7fff02e0-0x7fff2632]
[    0.093089] ACPI: Reserving FACS table memory at [mem 0x7fff0200-0x7fff023f]
[    0.093090] ACPI: Reserving FACS table memory at [mem 0x7fff0200-0x7fff023f]
[    0.093091] ACPI: Reserving APIC table memory at [mem 0x7fff0240-0x7fff0293]
[    0.093091] ACPI: Reserving SSDT table memory at [mem 0x7fff02a0-0x7fff02d7]
[    0.093106] ACPI: Local APIC address 0xfee00000
[    0.093290] No NUMA configuration found
[    0.093291] Faking a node at [mem 0x0000000000000000-0x000000007ffeffff]
[    0.093301] NODE_DATA(0) allocated [mem 0x7ffc5000-0x7ffeffff]
[    0.093561] Zone ranges:
[    0.093562]   DMA      [mem 0x0000000000001000-0x0000000000ffffff]
[    0.093563]   DMA32    [mem 0x0000000001000000-0x000000007ffeffff]
[    0.093564]   Normal   empty
[    0.093565]   Device   empty
[    0.093565] Movable zone start for each node
[    0.093567] Early memory node ranges
[    0.093568]   node   0: [mem 0x0000000000001000-0x000000000009efff]
[    0.093569]   node   0: [mem 0x0000000000100000-0x000000007ffeffff]
[    0.093572] Zeroed struct page in unavailable ranges: 114 pages
[    0.093573] Initmem setup node 0 [mem 0x0000000000001000-0x000000007ffeffff]
[    0.093574] On node 0 totalpages: 524174
[    0.093575]   DMA zone: 64 pages used for memmap
[    0.093575]   DMA zone: 21 pages reserved
[    0.093576]   DMA zone: 3998 pages, LIFO batch:0
[    0.093648]   DMA32 zone: 8128 pages used for memmap
[    0.093649]   DMA32 zone: 520176 pages, LIFO batch:63
[    0.102525] ACPI: PM-Timer IO Port: 0x4008
[    0.102529] ACPI: Local APIC address 0xfee00000
[    0.102594] IOAPIC[0]: apic_id 1, version 32, address 0xfec00000, GSI 0-23
[    0.102598] ACPI: INT_SRC_OVR (bus 0 bus_irq 0 global_irq 2 dfl dfl)
[    0.102600] ACPI: INT_SRC_OVR (bus 0 bus_irq 9 global_irq 9 low level)
[    0.102602] ACPI: IRQ0 used by override.
[    0.102603] ACPI: IRQ9 used by override.
[    0.102605] Using ACPI (MADT) for SMP configuration information
[    0.102612] smpboot: Allowing 1 CPUs, 0 hotplug CPUs
[    0.102634] PM: Registered nosave memory: [mem 0x00000000-0x00000fff]
[    0.102636] PM: Registered nosave memory: [mem 0x0009f000-0x0009ffff]
[    0.102636] PM: Registered nosave memory: [mem 0x000a0000-0x000effff]
[    0.102637] PM: Registered nosave memory: [mem 0x000f0000-0x000fffff]
[    0.102638] [mem 0x80000000-0xfebfffff] available for PCI devices
[    0.102639] Booting paravirtualized kernel on KVM
[    0.102642] clocksource: refined-jiffies: mask: 0xffffffff max_cycles: 0xffffffff, max_idle_ns: 7645519600211568 ns
[    0.102647] setup_percpu: NR_CPUS:8192 nr_cpumask_bits:1 nr_cpu_ids:1 nr_node_ids:1
[    0.103651] percpu: Embedded 60 pages/cpu s208896 r8192 d28672 u2097152
[    0.103656] pcpu-alloc: s208896 r8192 d28672 u2097152 alloc=1*2097152
[    0.103657] pcpu-alloc: [0] 0 
[    0.103683] Built 1 zonelists, mobility grouping on.  Total pages: 515961
[    0.103684] Policy zone: DMA32
[    0.103685] Kernel command line: BOOT_IMAGE=/boot/vmlinuz-5.4.243-mptcp root=UUID=98415a12-53b7-4144-8265-0f7ece09e445 ro quiet splash
[    0.104510] Dentry cache hash table entries: 262144 (order: 9, 2097152 bytes, linear)
[    0.104656] Inode-cache hash table entries: 131072 (order: 8, 1048576 bytes, linear)
[    0.104707] mem auto-init: stack:off, heap alloc:on, heap free:off
[    0.104710] Calgary: detecting Calgary via BIOS EBDA area
[    0.104711] Calgary: Unable to locate Rio Grande table in EBDA - bailing!
[    0.108868] Memory: 1967332K/2096696K available (14339K kernel code, 2398K rwdata, 4712K rodata, 2728K init, 17260K bss, 129364K reserved, 0K cma-reserved)
[    0.109783] SLUB: HWalign=64, Order=0-3, MinObjects=0, CPUs=1, Nodes=1
[    0.109799] ftrace: allocating 43186 entries in 169 pages
[    0.128283] rcu: Hierarchical RCU implementation.
[    0.128285] rcu: 	RCU restricting CPUs from NR_CPUS=8192 to nr_cpu_ids=1.
[    0.128286] 	Tasks RCU enabled.
[    0.128287] rcu: RCU calculated value of scheduler-enlistment delay is 25 jiffies.
[    0.128288] rcu: Adjusting geometry for rcu_fanout_leaf=16, nr_cpu_ids=1
[    0.131241] NR_IRQS: 524544, nr_irqs: 256, preallocated irqs: 16
[    0.131454] random: crng init done
[    0.140782] Console: colour VGA+ 80x25
[    0.140786] printk: console [tty0] enabled
[    0.140805] ACPI: Core revision 20190816
[    0.140893] APIC: Switch to symmetric I/O mode setup
[    0.141144] x2apic enabled
[    0.141381] Switched APIC routing to physical x2apic.
[    0.142513] ..TIMER: vector=0x30 apic1=0 pin1=2 apic2=-1 pin2=-1
[    0.142540] clocksource: tsc-early: mask: 0xffffffffffffffff max_cycles: 0x1e4530a99b6, max_idle_ns: 440795257976 ns
[    0.142545] Calibrating delay loop (skipped) preset value.. 4200.00 BogoMIPS (lpj=8400000)
[    0.142547] pid_max: default: 32768 minimum: 301
[    0.142575] LSM: Security Framework initializing
[    0.142584] Yama: becoming mindful.
[    0.142609] AppArmor: AppArmor initialized
[    0.142643] Mount-cache hash table entries: 4096 (order: 3, 32768 bytes, linear)
[    0.142647] Mountpoint-cache hash table entries: 4096 (order: 3, 32768 bytes, linear)
[    0.142657] *** VALIDATE tmpfs ***
[    0.142785] *** VALIDATE proc ***
[    0.142826] *** VALIDATE cgroup1 ***
[    0.142827] *** VALIDATE cgroup2 ***
[    0.142965] process: using mwait in idle threads
[    0.142970] Last level iTLB entries: 4KB 64, 2MB 8, 4MB 8
[    0.142970] Last level dTLB entries: 4KB 64, 2MB 0, 4MB 0, 1GB 4
[    0.142989] Spectre V1 : Mitigation: usercopy/swapgs barriers and __user pointer sanitization
[    0.142994] Spectre V2 : Mitigation: Retpolines
[    0.142995] Spectre V2 : Spectre v2 / SpectreRSB mitigation: Filling RSB on context switch
[    0.142995] Spectre V2 : Spectre v2 / SpectreRSB : Filling RSB on VMEXIT
[    0.142996] RETBleed: WARNING: Spectre v2 mitigation leaves CPU vulnerable to RETBleed attacks, data leaks possible!
[    0.143351] RETBleed: Vulnerable
[    0.143351] Speculative Store Bypass: Vulnerable
[    0.143356] TAA: Mitigation: TSX disabled
[    0.143356] MMIO Stale Data: Mitigation: Clear CPU buffers
[    0.149311] Freeing SMP alternatives memory: 40K
[    0.259453] smpboot: CPU0: Intel(R) Xeon(R) Silver 4216 CPU @ 2.10GHz (family: 0x6, model: 0x55, stepping: 0x7)
[    0.259582] Performance Events: unsupported p6 CPU model 85 no PMU driver, software events only.
[    0.259619] rcu: Hierarchical SRCU implementation.
[    0.260093] NMI watchdog: Perf NMI watchdog permanently disabled
[    0.260132] smp: Bringing up secondary CPUs ...
[    0.260133] smp: Brought up 1 node, 1 CPU
[    0.260134] smpboot: Max logical packages: 1
[    0.260135] smpboot: Total of 1 processors activated (4200.00 BogoMIPS)
[    0.261075] devtmpfs: initialized
[    0.261124] x86/mm: Memory block size: 128MB
[    0.261476] clocksource: jiffies: mask: 0xffffffff max_cycles: 0xffffffff, max_idle_ns: 7645041785100000 ns
[    0.261483] futex hash table entries: 256 (order: 2, 16384 bytes, linear)
[    0.261536] pinctrl core: initialized pinctrl subsystem
[    0.261648] PM: RTC time: 17:41:43, date: 2026-01-17
[    0.261766] NET: Registered protocol family 16
[    0.261841] audit: initializing netlink subsys (disabled)
[    0.261981] EISA bus registered
[    0.261983] cpuidle: using governor ladder
[    0.261983] cpuidle: using governor menu
[    0.262020] ACPI: bus type PCI registered
[    0.262022] acpiphp: ACPI Hot Plug PCI Controller Driver version: 0.5
[    0.262128] PCI: Using configuration type 1 for base access
[    0.262898] audit: type=2000 audit(1768642909.699:1): state=initialized audit_enabled=0 res=1
[    0.262984] HugeTLB registered 2.00 MiB page size, pre-allocated 0 pages
[    0.263865] ACPI: Added _OSI(Module Device)
[    0.263866] ACPI: Added _OSI(Processor Device)
[    0.263867] ACPI: Added _OSI(3.0 _SCP Extensions)
[    0.263867] ACPI: Added _OSI(Processor Aggregator Device)
[    0.263868] ACPI: Added _OSI(Linux-Dell-Video)
[    0.263869] ACPI: Added _OSI(Linux-Lenovo-NV-HDMI-Audio)
[    0.263870] ACPI: Added _OSI(Linux-HPI-Hybrid-Graphics)
[    0.265824] ACPI: 2 ACPI AML tables successfully acquired and loaded
[    0.267330] ACPI: Interpreter enabled
[    0.267340] ACPI: (supports S0 S5)
[    0.267341] ACPI: Using IOAPIC for interrupt routing
[    0.267546] PCI: Using host bridge windows from ACPI; if necessary, use "pci=nocrs" and report a bug
[    0.267654] ACPI: Enabled 2 GPEs in block 00 to 07
[    0.272647] ACPI: PCI Root Bridge [PCI0] (domain 0000 [bus 00-ff])
[    0.272652] acpi PNP0A03:00: _OSC: OS supports [ASPM ClockPM Segments MSI HPX-Type3]
[    0.273097] acpi PNP0A03:00: _OSC: not requesting OS control; OS requires [ExtendedConfig ASPM ClockPM MSI]
[    0.273105] acpi PNP0A03:00: fail to add MMCONFIG information, can't access extended PCI configuration space under this bridge.
[    0.273473] PCI host bridge to bus 0000:00
[    0.273475] pci_bus 0000:00: root bus resource [io  0x0000-0x0cf7 window]
[    0.273476] pci_bus 0000:00: root bus resource [io  0x0d00-0xffff window]
[    0.273477] pci_bus 0000:00: root bus resource [mem 0x000a0000-0x000bffff window]
[    0.273478] pci_bus 0000:00: root bus resource [mem 0x80000000-0xfdffffff window]
[    0.273479] pci_bus 0000:00: root bus resource [bus 00-ff]
[    0.273519] pci 0000:00:00.0: [8086:1237] type 00 class 0x060000
[    0.274439] pci 0000:00:01.0: [8086:7000] type 00 class 0x060100
[    0.275208] pci 0000:00:01.1: [8086:7111] type 00 class 0x01018a
[    0.275585] pci 0000:00:01.1: reg 0x20: [io  0xd000-0xd00f]
[    0.275738] pci 0000:00:01.1: legacy IDE quirk: reg 0x10: [io  0x01f0-0x01f7]
[    0.275739] pci 0000:00:01.1: legacy IDE quirk: reg 0x14: [io  0x03f6]
[    0.275740] pci 0000:00:01.1: legacy IDE quirk: reg 0x18: [io  0x0170-0x0177]
[    0.275741] pci 0000:00:01.1: legacy IDE quirk: reg 0x1c: [io  0x0376]
[    0.276285] pci 0000:00:02.0: [15ad:0405] type 00 class 0x030000
[    0.278618] pci 0000:00:02.0: reg 0x10: [io  0xd010-0xd01f]
[    0.282588] pci 0000:00:02.0: reg 0x14: [mem 0xe0000000-0xe7ffffff pref]
[    0.285290] pci 0000:00:02.0: reg 0x18: [mem 0xf0000000-0xf01fffff]
[    0.295361] pci 0000:00:03.0: [1022:2000] type 00 class 0x020000
[    0.296080] pci 0000:00:03.0: reg 0x10: [io  0xd020-0xd03f]
[    0.296711] pci 0000:00:03.0: reg 0x14: [mem 0xf0200000-0xf0200fff]
[    0.301092] pci 0000:00:04.0: [80ee:cafe] type 00 class 0x088000
[    0.301760] pci 0000:00:04.0: reg 0x10: [io  0xd040-0xd05f]
[    0.302384] pci 0000:00:04.0: reg 0x14: [mem 0xf0400000-0xf07fffff]
[    0.303149] pci 0000:00:04.0: reg 0x18: [mem 0xf0800000-0xf0803fff pref]
[    0.306582] pci 0000:00:07.0: [8086:7113] type 00 class 0x068000
[    0.307132] pci 0000:00:07.0: quirk: [io  0x4000-0x403f] claimed by PIIX4 ACPI
[    0.307143] pci 0000:00:07.0: quirk: [io  0x4100-0x410f] claimed by PIIX4 SMB
[    0.307768] pci 0000:00:08.0: [8086:100e] type 00 class 0x020000
[    0.308472] pci 0000:00:08.0: reg 0x10: [mem 0xf0820000-0xf083ffff]
[    0.309635] pci 0000:00:08.0: reg 0x18: [io  0xd060-0xd067]
[    0.312707] pci 0000:00:09.0: [8086:100e] type 00 class 0x020000
[    0.313409] pci 0000:00:09.0: reg 0x10: [mem 0xf0840000-0xf085ffff]
[    0.315155] pci 0000:00:09.0: reg 0x18: [io  0xd068-0xd06f]
[    0.323783] ACPI: PCI Interrupt Link [LNKA] (IRQs 5 9 10 *11)
[    0.326596] ACPI: PCI Interrupt Link [LNKB] (IRQs 5 9 *10 11)
[    0.326702] ACPI: PCI Interrupt Link [LNKC] (IRQs 5 *9 10 11)
[    0.326802] ACPI: PCI Interrupt Link [LNKD] (IRQs 5 9 10 *11)
[    0.327076] iommu: Default domain type: Translated 
[    0.327139] pci 0000:00:02.0: vgaarb: setting as boot VGA device
[    0.327141] pci 0000:00:02.0: vgaarb: VGA device added: decodes=io+mem,owns=io+mem,locks=none
[    0.327143] pci 0000:00:02.0: vgaarb: bridge control possible
[    0.327144] vgaarb: loaded
[    0.327352] SCSI subsystem initialized
[    0.327385] libata version 3.00 loaded.
[    0.327407] ACPI: bus type USB registered
[    0.327423] usbcore: registered new interface driver usbfs
[    0.327429] usbcore: registered new interface driver hub
[    0.327434] usbcore: registered new device driver usb
[    0.327462] pps_core: LinuxPPS API ver. 1 registered
[    0.327463] pps_core: Software ver. 5.3.6 - Copyright 2005-2007 Rodolfo Giometti <giometti@linux.it>
[    0.327465] PTP clock support registered
[    0.327499] EDAC MC: Ver: 3.0.0
[    0.327787] PCI: Using ACPI for IRQ routing
[    0.327788] PCI: pci_cache_line_size set to 64 bytes
[    0.327959] e820: reserve RAM buffer [mem 0x0009fc00-0x0009ffff]
[    0.327962] e820: reserve RAM buffer [mem 0x7fff0000-0x7fffffff]
[    0.328771] NetLabel: Initializing
[    0.328772] NetLabel:  domain hash size = 128
[    0.328772] NetLabel:  protocols = UNLABELED CIPSOv4 CALIPSO
[    0.328792] NetLabel:  unlabeled traffic allowed by default
[    0.329717] clocksource: Switched to clocksource kvm-clock
[    0.341081] *** VALIDATE bpf ***
[    0.341152] VFS: Disk quotas dquot_6.6.0
[    0.341165] VFS: Dquot-cache hash table entries: 512 (order 0, 4096 bytes)
[    0.341187] *** VALIDATE ramfs ***
[    0.341190] *** VALIDATE hugetlbfs ***
[    0.341269] AppArmor: AppArmor Filesystem Enabled
[    0.341296] pnp: PnP ACPI init
[    0.341363] pnp 00:00: Plug and Play ACPI device, IDs PNP0303 (active)
[    0.341430] pnp 00:01: Plug and Play ACPI device, IDs PNP0f03 (active)
[    0.342165] pnp: PnP ACPI: found 2 devices
[    0.343116] thermal_sys: Registered thermal governor 'fair_share'
[    0.343117] thermal_sys: Registered thermal governor 'bang_bang'
[    0.343117] thermal_sys: Registered thermal governor 'step_wise'
[    0.343118] thermal_sys: Registered thermal governor 'user_space'
[    0.343120] thermal_sys: Registered thermal governor 'power_allocator'
[    0.347684] clocksource: acpi_pm: mask: 0xffffff max_cycles: 0xffffff, max_idle_ns: 2085701024 ns
[    0.347724] pci_bus 0000:00: resource 4 [io  0x0000-0x0cf7 window]
[    0.347725] pci_bus 0000:00: resource 5 [io  0x0d00-0xffff window]
[    0.347727] pci_bus 0000:00: resource 6 [mem 0x000a0000-0x000bffff window]
[    0.347728] pci_bus 0000:00: resource 7 [mem 0x80000000-0xfdffffff window]
[    0.347787] NET: Registered protocol family 2
[    0.347861] IP idents hash table entries: 32768 (order: 6, 262144 bytes, linear)
[    0.348258] MPTCP tokens hash table entries: 8192 (order: 4, 65536 bytes, linear)
[    0.348278] MPTCP request tokens hash table entries: 8192 (order: 4, 65536 bytes, linear)
[    0.348302] default registered
[    0.348303] default registered
[    0.348303] MPTCP: Stable release v0.96
[    0.348308] tcp_listen_portaddr_hash hash table entries: 1024 (order: 2, 16384 bytes, linear)
[    0.348386] TCP established hash table entries: 16384 (order: 5, 131072 bytes, linear)
[    0.348445] TCP bind hash table entries: 16384 (order: 6, 262144 bytes, linear)
[    0.348470] TCP: Hash tables configured (established 16384 bind 16384)
[    0.349162] UDP hash table entries: 1024 (order: 3, 32768 bytes, linear)
[    0.349174] UDP-Lite hash table entries: 1024 (order: 3, 32768 bytes, linear)
[    0.349211] NET: Registered protocol family 1
[    0.349220] NET: Registered protocol family 44
[    0.349241] pci 0000:00:00.0: Limiting direct PCI/PCI transfers
[    0.349253] pci 0000:00:01.0: Activating ISA DMA hang workarounds
[    0.349309] pci 0000:00:02.0: Video device with shadowed ROM at [mem 0x000c0000-0x000dffff]
[    0.349373] PCI: CLS 0 bytes, default 64
[    0.349419] Trying to unpack rootfs image as initramfs...
[    0.519532] Freeing initrd memory: 47868K
[    0.519532] clocksource: tsc: mask: 0xffffffffffffffff max_cycles: 0x1e4530a99b6, max_idle_ns: 440795257976 ns
[    0.519532] clocksource: Switched to clocksource tsc
[    0.519532] platform rtc_cmos: registered platform RTC device (no PNP device found)
[    0.519532] check: Scanning for low memory corruption every 60 seconds
[    0.519532] Initialise system trusted keyrings
[    0.519532] Key type blacklist registered
[    0.519532] workingset: timestamp_bits=36 max_order=19 bucket_order=0
[    0.519532] zbud: loaded
[    0.519532] squashfs: version 4.0 (2009/01/31) Phillip Lougher
[    0.519532] fuse: init (API version 7.31)
[    0.519532] *** VALIDATE fuse ***
[    0.519532] *** VALIDATE fuse ***
[    0.519532] Platform Keyring initialized
[    0.519532] Key type asymmetric registered
[    0.519532] Asymmetric key parser 'x509' registered
[    0.519532] Block layer SCSI generic (bsg) driver version 0.4 loaded (major 244)
[    0.519532] io scheduler mq-deadline registered
[    0.519532] shpchp: Standard Hot Plug PCI Controller Driver version: 0.4
[    0.533826] ACPI: AC Adapter [AC] (on-line)
[    0.533872] input: Power Button as /devices/LNXSYSTM:00/LNXPWRBN:00/input/input0
[    0.533900] ACPI: Power Button [PWRF]
[    0.533980] input: Sleep Button as /devices/LNXSYSTM:00/LNXSLPBN:00/input/input1
[    0.533995] ACPI: Sleep Button [SLPF]
[    0.534240] Serial: 8250/16550 driver, 32 ports, IRQ sharing enabled
[    0.535373] Linux agpgart interface v0.103
[    0.631160] loop: module loaded
[    0.631295] ata_piix 0000:00:01.1: version 2.13
[    0.631683] scsi host0: ata_piix
[    0.631771] scsi host1: ata_piix
[    0.631797] ata1: PATA max UDMA/33 cmd 0x1f0 ctl 0x3f6 bmdma 0xd000 irq 14
[    0.631798] ata2: PATA max UDMA/33 cmd 0x170 ctl 0x376 bmdma 0xd008 irq 15
[    0.631874] tun: Universal TUN/TAP device driver, 1.6
[    0.632175] PPP generic driver version 2.4.2
[    0.632216] VFIO - User Level meta-driver version: 0.3
[    0.632450] ehci_hcd: USB 2.0 'Enhanced' Host Controller (EHCI) Driver
[    0.632455] ehci-pci: EHCI PCI platform driver
[    0.632468] ehci-platform: EHCI generic platform driver
[    0.632474] ohci_hcd: USB 1.1 'Open' Host Controller (OHCI) Driver
[    0.632475] ohci-pci: OHCI PCI platform driver
[    0.632482] ohci-platform: OHCI generic platform driver
[    0.632487] uhci_hcd: USB Universal Host Controller Interface driver
[    0.632550] i8042: PNP: PS/2 Controller [PNP0303:PS2K,PNP0f03:PS2M] at 0x60,0x64 irq 1,12
[    0.632987] serio: i8042 KBD port at 0x60,0x64 irq 1
[    0.632990] serio: i8042 AUX port at 0x60,0x64 irq 12
[    0.633073] mousedev: PS/2 mouse device common for all mice
[    0.633340] input: AT Translated Set 2 keyboard as /devices/platform/i8042/serio0/input/input2
[    0.633729] rtc_cmos rtc_cmos: registered as rtc0
[    0.633743] rtc_cmos rtc_cmos: alarms up to one day, 114 bytes nvram
[    0.633748] i2c /dev entries driver
[    0.633788] device-mapper: uevent: version 1.0.3
[    0.633830] device-mapper: ioctl: 4.41.0-ioctl (2019-09-16) initialised: dm-devel@redhat.com
[    0.633847] platform eisa.0: Probing EISA bus 0
[    0.633848] platform eisa.0: EISA: Cannot allocate resource for mainboard
[    0.633849] platform eisa.0: Cannot allocate resource for EISA slot 1
[    0.633850] platform eisa.0: Cannot allocate resource for EISA slot 2
[    0.633851] platform eisa.0: Cannot allocate resource for EISA slot 3
[    0.633852] platform eisa.0: Cannot allocate resource for EISA slot 4
[    0.633853] platform eisa.0: Cannot allocate resource for EISA slot 5
[    0.633854] platform eisa.0: Cannot allocate resource for EISA slot 6
[    0.633855] platform eisa.0: Cannot allocate resource for EISA slot 7
[    0.633856] platform eisa.0: Cannot allocate resource for EISA slot 8
[    0.633857] platform eisa.0: EISA: Detected 0 cards
[    0.633859] intel_pstate: CPU model not supported
[    0.633868] ledtrig-cpu: registered to indicate activity on CPUs
[    0.633920] drop_monitor: Initializing network drop monitor service
[    0.634079] NET: Registered protocol family 10
[    0.639143] Segment Routing with IPv6
[    0.639171] fullmesh registered
[    0.639172] ndiffports registered
[    0.639174] binder registered
[    0.639175] roundrobin registered
[    0.639175] redundant registered
[    0.639176] blest registered
[    0.639176] ecf registered
[    0.639178] NET: Registered protocol family 17
[    0.639202] Key type dns_resolver registered
[    0.639202] RAS: Correctable Errors collector initialized.
[    0.639202] IPI shorthand broadcast: enabled
[    0.639202] sched_clock: Marking stable (624104686, 11097598)->(637577150, -2374866)
[    0.639380] registered taskstats version 1
[    0.639387] Loading compiled-in X.509 certificates
[    0.639975] Loaded X.509 cert 'Build time autogenerated kernel key: 6909f3744cebb3d0de528d5887b96a727de79b1e'
[    0.639991] zswap: loaded using pool lzo/zbud
[    0.640044] Key type ._fscrypt registered
[    0.640044] Key type .fscrypt registered
[    0.644618] Key type big_key registered
[    0.646800] Key type encrypted registered
[    0.646803] AppArmor: AppArmor sha1 policy hashing enabled
[    0.646810] ima: No TPM chip found, activating TPM-bypass!
[    0.646813] ima: Allocated hash algorithm: sha1
[    0.646818] ima: No architecture policies found
[    0.646827] evm: Initialising EVM extended attributes:
[    0.646827] evm: security.selinux
[    0.646828] evm: security.SMACK64
[    0.646828] evm: security.SMACK64EXEC
[    0.646829] evm: security.SMACK64TRANSMUTE
[    0.646829] evm: security.SMACK64MMAP
[    0.646829] evm: security.apparmor
[    0.646830] evm: security.ima
[    0.646830] evm: security.capability
[    0.646831] evm: HMAC attrs: 0x1
[    0.647120] PM:   Magic number: 10:183:694
[    0.647216] rtc_cmos rtc_cmos: setting system clock to 2026-01-17T17:41:44 UTC (1768671704)
[    0.804261] ata1.00: ATA-6: VBOX HARDDISK, 1.0, max UDMA/133
[    0.804264] ata1.00: 209715200 sectors, multi 128: LBA 
[    0.804926] scsi 0:0:0:0: Direct-Access     ATA      VBOX HARDDISK    1.0  PQ: 0 ANSI: 5
[    0.805232] sd 0:0:0:0: [sda] 209715200 512-byte logical blocks: (107 GB/100 GiB)
[    0.805245] sd 0:0:0:0: [sda] Write Protect is off
[    0.805248] sd 0:0:0:0: [sda] Mode Sense: 00 3a 00 00
[    0.805268] sd 0:0:0:0: [sda] Write cache: enabled, read cache: enabled, doesn't support DPO or FUA
[    0.805474] sd 0:0:0:0: Attached scsi generic sg0 type 0
[    0.806715]  sda: sda1 sda2
[    0.815355] sd 0:0:0:0: [sda] Attached SCSI disk
[    0.819605] Freeing unused decrypted memory: 2040K
[    0.820756] Freeing unused kernel image memory: 2728K
[    0.820760] Write protecting the kernel read-only data: 22528k
[    0.822022] Freeing unused kernel image memory: 2036K
[    0.822690] Freeing unused kernel image memory: 1432K
[    0.855476] x86/mm: Checked W+X mappings: passed, no W+X pages found.
[    0.855480] Run /init as init process
[    0.968043] ACPI: Video Device [GFX0] (multi-head: yes  rom: no  post: no)
[    0.968116] input: Video Bus as /devices/LNXSYSTM:00/LNXSYBUS:00/PNP0A03:00/LNXVIDEO:00/input/input4
[    0.980996] pcnet32: pcnet32.c:v1.35 21.Apr.2008 tsbogend@alpha.franken.de
[    0.981864] pcnet32: PCnet/FAST III 79C973 at 0xd020, 08:00:27:74:99:4b assigned IRQ 19
[    0.981907] pcnet32: Found PHY 0022:561b at address 0
[    0.982203] pcnet32: eth0: registered as PCnet/FAST III 79C973
[    0.982746] pcnet32: 1 cards_found
[    0.985749] e1000: Intel(R) PRO/1000 Network Driver - version 7.3.21-k8-NAPI
[    0.985749] e1000: Copyright (c) 1999-2006 Intel Corporation.
[    0.997171] piix4_smbus 0000:00:07.0: SMBus Host Controller at 0x4100, revision 0
[    1.063457] pcnet32 0000:00:03.0 enp0s3: renamed from eth0
[    1.207917] input: ImExPS/2 Generic Explorer Mouse as /devices/platform/i8042/serio1/input/input5
[    1.391365] e1000 0000:00:08.0 eth0: (PCI:33MHz:32-bit) 08:00:27:bb:ce:c3
[    1.391369] e1000 0000:00:08.0 eth0: Intel(R) PRO/1000 Network Connection
[    1.763346] e1000 0000:00:09.0 eth1: (PCI:33MHz:32-bit) 08:00:27:3c:bf:12
[    1.763349] e1000 0000:00:09.0 eth1: Intel(R) PRO/1000 Network Connection
[    1.764487] e1000 0000:00:09.0 enp0s9: renamed from eth1
[    1.766276] e1000 0000:00:08.0 enp0s8: renamed from eth0
[    1.907994] EXT4-fs (sda2): mounted filesystem with ordered data mode. Opts: (null)
[    1.991017] systemd[1]: Inserted module 'autofs4'
[    2.000763] systemd[1]: systemd 245.4-4ubuntu3 running in system mode. (+PAM +AUDIT +SELINUX +IMA +APPARMOR +SMACK +SYSVINIT +UTMP +LIBCRYPTSETUP +GCRYPT +GNUTLS +ACL +XZ +LZ4 +SECCOMP +BLKID +ELFUTILS +KMOD +IDN2 -IDN +PCRE2 default-hierarchy=hybrid)
[    2.000792] systemd[1]: Detected virtualization oracle.
[    2.000795] systemd[1]: Detected architecture x86-64.
[    2.002078] systemd[1]: Set hostname to <ztg>.
[    2.124645] systemd[1]: /lib/systemd/system/dbus.socket:5: ListenStream= references a path below legacy directory /var/run/, updating /var/run/dbus/system_bus_socket â†’ /run/dbus/system_bus_socket; please update the unit file accordingly.
[    2.175558] systemd[1]: Created slice system-modprobe.slice.
[    2.175746] systemd[1]: Created slice User and Session Slice.
[    2.175790] systemd[1]: Started Forward Password Requests to Wall Directory Watch.
[    2.175951] systemd[1]: Set up automount Arbitrary Executable File Formats File System Automount Point.
[    2.175985] systemd[1]: Reached target User and Group Name Lookups.
[    2.175993] systemd[1]: Reached target Remote File Systems.
[    2.176001] systemd[1]: Reached target Slices.
[    2.176496] systemd[1]: Listening on Syslog Socket.
[    2.176562] systemd[1]: Listening on fsck to fsckd communication Socket.
[    2.176599] systemd[1]: Listening on initctl Compatibility Named Pipe.
[    2.176733] systemd[1]: Listening on Journal Audit Socket.
[    2.176786] systemd[1]: Listening on Journal Socket (/dev/log).
[    2.176853] systemd[1]: Listening on Journal Socket.
[    2.176915] systemd[1]: Listening on udev Control Socket.
[    2.176953] systemd[1]: Listening on udev Kernel Socket.
[    2.177698] systemd[1]: Mounting Huge Pages File System...
[    2.178623] systemd[1]: Mounting POSIX Message Queue File System...
[    2.179584] systemd[1]: Mounting Kernel Debug File System...
[    2.180451] systemd[1]: Mounting Kernel Trace File System...
[    2.182369] systemd[1]: Starting Journal Service...
[    2.205588] systemd[1]: Starting Set the console keyboard layout...
[    2.213468] systemd[1]: Starting Create list of static device nodes for the current kernel...
[    2.215515] systemd[1]: Starting Load Kernel Module drm...
[    2.216664] systemd[1]: Condition check resulted in Set Up Additional Binary Formats being skipped.
[    2.216713] systemd[1]: Condition check resulted in File System Check on Root Device being skipped.
[    2.227591] systemd[1]: Starting Load Kernel Modules...
[    2.236466] systemd[1]: Starting Remount Root and Kernel File Systems...
[    2.244562] systemd[1]: Starting udev Coldplug all Devices...
[    2.254063] systemd[1]: Starting Uncomplicated firewall...
[    2.258224] systemd[1]: Mounted Huge Pages File System.
[    2.258312] systemd[1]: Mounted POSIX Message Queue File System.
[    2.258381] systemd[1]: Mounted Kernel Debug File System.
[    2.258449] systemd[1]: Mounted Kernel Trace File System.
[    2.262265] EXT4-fs (sda2): re-mounted. Opts: errors=remount-ro
[    2.294673] systemd[1]: Finished Create list of static device nodes for the current kernel.
[    2.295678] systemd[1]: modprobe@drm.service: Succeeded.
[    2.302847] systemd[1]: Finished Load Kernel Module drm.
[    2.303501] systemd[1]: Finished Remount Root and Kernel File Systems.
[    2.304535] systemd[1]: Finished Uncomplicated firewall.
[    2.321470] lp: driver loaded but no devices found
[    2.322723] systemd[1]: Condition check resulted in Rebuild Hardware Database being skipped.
[    2.322763] systemd[1]: Condition check resulted in Platform Persistent Storage Archival being skipped.
[    2.323440] systemd[1]: Starting Load/Save Random Seed...
[    2.328841] systemd[1]: Starting Create System Users...
[    2.337936] ppdev: user-space parallel port driver
[    2.342650] systemd[1]: Finished Load/Save Random Seed.
[    2.345573] systemd[1]: Finished Create System Users.
[    2.346282] systemd[1]: Starting Create Static Device Nodes in /dev...
[    2.397808] systemd[1]: Finished Create Static Device Nodes in /dev.
[    2.398697] systemd[1]: Starting udev Kernel Device Manager...
[    2.406578] systemd[1]: Finished udev Coldplug all Devices.
[    2.439893] [drm] DMA map mode: Caching DMA mappings.
[    2.439956] [drm] Capabilities:
[    2.439956] [drm]   Rect copy.
[    2.439956] [drm]   Cursor.
[    2.439957] [drm]   Cursor bypass.
[    2.439957] [drm]   Cursor bypass 2.
[    2.439957] [drm]   Alpha cursor.
[    2.439958] [drm]   Extended Fifo.
[    2.439958] [drm]   Pitchlock.
[    2.439959] [drm]   Irq mask.
[    2.439959] [drm]   GMR.
[    2.439959] [drm]   Traces.
[    2.439960] [drm]   GMR2.
[    2.439960] [drm]   Screen Object 2.
[    2.439960] [drm]   Command Buffers.
[    2.439961] [drm]   Command Buffers 2.
[    2.439961] [drm]   Guest Backed Resources.
[    2.439962] [drm] Max GMR ids is 8192
[    2.439962] [drm] Max number of GMR pages is 1048576
[    2.439963] [drm] Max dedicated hypervisor surface memory is 393216 kiB
[    2.439964] [drm] Maximum display memory size is 131072 kiB
[    2.439965] [drm] VRAM at 0xe0000000 size is 131072 kiB
[    2.439965] [drm] MMIO at 0xf0000000 size is 2048 kiB
[    2.448821] [TTM] Zone  kernel: Available graphics memory: 1011738 KiB
[    2.448822] [TTM] Initializing pool allocator
[    2.448825] [TTM] Initializing DMA pool allocator
[    2.448855] [drm] Supports vblank timestamp caching Rev 2 (21.10.2013).
[    2.448856] [drm] No driver support for vblank timestamp query.
[    2.449079] [drm] Screen Target Display device initialized
[    2.449305] [drm] width 720
[    2.449315] [drm] height 400
[    2.449318] [drm] bpp 32
[    2.449840] [drm] Fifo max 0x00200000 min 0x00001000 cap 0x00000355
[    2.450908] [drm] Using command buffers with DMA pool.
[    2.450914] [drm] DX: no.
[    2.450914] [drm] Atomic: yes.
[    2.450915] [drm] SM4_1: no.
[    2.450935] [drm:vmw_host_log [vmwgfx]] *ERROR* Failed to send host log message.
[    2.452044] [drm:vmw_host_log [vmwgfx]] *ERROR* Failed to send host log message.
[    2.464837] systemd[1]: Finished Set the console keyboard layout.
[    2.464934] systemd[1]: Reached target Local File Systems (Pre).
[    2.467238] systemd[1]: Mounting Mount unit for bare, revision 5...
[    2.470743] systemd[1]: Mounting Mount unit for core18, revision 1705...
[    2.472335] fbcon: svgadrmfb (fb0) is primary device
[    2.474471] Console: switching to colour frame buffer device 100x37
[    2.483793] systemd[1]: Mounting Mount unit for gnome-3-34-1804, revision 24...
[    2.486024] [drm] Initialized vmwgfx 2.15.0 20180704 for 0000:00:02.0 on minor 0
[    2.497785] systemd[1]: Mounting Mount unit for gtk-common-themes, revision 1506...
[    2.520723] systemd[1]: Mounting Mount unit for gtk-common-themes, revision 1535...
[    2.531691] systemd[1]: Mounting Mount unit for snap-store, revision 433...
[    2.537011] systemd[1]: Mounting Mount unit for snapd, revision 7264...
[    2.546641] systemd[1]: Finished Load Kernel Modules.
[    2.547445] systemd[1]: Mounting FUSE Control File System...
[    2.548613] systemd[1]: Mounting Kernel Configuration File System...
[    2.568406] systemd[1]: Starting Apply Kernel Variables...
[    2.570297] systemd[1]: Mounted Mount unit for bare, revision 5.
[    2.587540] systemd[1]: Mounted Mount unit for core18, revision 1705.
[    2.587630] systemd[1]: Mounted FUSE Control File System.
[    2.587702] systemd[1]: Mounted Kernel Configuration File System.
[    2.587750] systemd[1]: Condition check resulted in VMware vmblock fuse mount being skipped.
[    2.593054] systemd[1]: Mounted Mount unit for gnome-3-34-1804, revision 24.
[    2.603744] systemd[1]: Mounted Mount unit for gtk-common-themes, revision 1506.
[    2.623399] systemd[1]: Finished Apply Kernel Variables.
[    2.625560] systemd[1]: Started udev Kernel Device Manager.
[    2.626335] systemd[1]: Starting Show Plymouth Boot Screen...
[    2.633381] systemd[1]: Received SIGRTMIN+20 from PID 287 (plymouthd).
[    2.653663] systemd[1]: Mounted Mount unit for gtk-common-themes, revision 1535.
[    2.654407] systemd[1]: Mounted Mount unit for snap-store, revision 433.
[    2.655759] systemd[1]: Mounted Mount unit for snapd, revision 7264.
[    2.656402] systemd[1]: Reached target Local File Systems.
[    2.660473] systemd[1]: Starting Load AppArmor profiles...
[    2.668640] systemd[1]: Starting Set console font and keymap...
[    2.678010] systemd[1]: Starting Tell Plymouth To Write Out Runtime Data...
[    2.678095] systemd[1]: Condition check resulted in Store a System Token in an EFI Variable being skipped.
[    2.678122] systemd[1]: Condition check resulted in Commit a transient machine-id on disk being skipped.
[    2.679786] systemd[1]: Started Show Plymouth Boot Screen.
[    2.679994] systemd[1]: Condition check resulted in Dispatch Password Requests to Console Directory Watch being skipped.
[    2.680085] systemd[1]: Started Forward Password Requests to Plymouth Directory Watch.
[    2.680632] systemd[1]: Reached target Local Encrypted Volumes.
[    2.681029] systemd[1]: Finished Set console font and keymap.
[    2.685985] systemd[1]: Received SIGRTMIN+20 from PID 287 (plymouthd).
[    2.687294] systemd[1]: plymouth-read-write.service: Succeeded.
[    2.687539] systemd[1]: Finished Tell Plymouth To Write Out Runtime Data.
[    2.707114] audit: type=1400 audit(1768671706.552:2): apparmor="STATUS" operation="profile_load" profile="unconfined" name="nvidia_modprobe" pid=299 comm="apparmor_parser"
[    2.707116] audit: type=1400 audit(1768671706.552:3): apparmor="STATUS" operation="profile_load" profile="unconfined" name="nvidia_modprobe//kmod" pid=299 comm="apparmor_parser"
[    2.717755] audit: type=1400 audit(1768671706.564:4): apparmor="STATUS" operation="profile_load" profile="unconfined" name="/usr/sbin/tcpdump" pid=300 comm="apparmor_parser"
[    2.762721] audit: type=1400 audit(1768671706.604:5): apparmor="STATUS" operation="profile_load" profile="unconfined" name="/usr/bin/evince" pid=302 comm="apparmor_parser"
[    2.762723] audit: type=1400 audit(1768671706.604:6): apparmor="STATUS" operation="profile_load" profile="unconfined" name="/usr/bin/evince//sanitized_helper" pid=302 comm="apparmor_parser"
[    2.762725] audit: type=1400 audit(1768671706.604:7): apparmor="STATUS" operation="profile_load" profile="unconfined" name="/usr/bin/evince-previewer" pid=302 comm="apparmor_parser"
[    2.762727] audit: type=1400 audit(1768671706.604:8): apparmor="STATUS" operation="profile_load" profile="unconfined" name="/usr/bin/evince-previewer//sanitized_helper" pid=302 comm="apparmor_parser"
[    2.762729] audit: type=1400 audit(1768671706.604:9): apparmor="STATUS" operation="profile_load" profile="unconfined" name="/usr/bin/evince-thumbnailer" pid=302 comm="apparmor_parser"
[    2.778230] audit: type=1400 audit(1768671706.624:10): apparmor="STATUS" operation="profile_load" profile="unconfined" name="/usr/lib/cups/backend/cups-pdf" pid=305 comm="apparmor_parser"
[    2.864112] systemd[1]: Finished Load AppArmor profiles.
[    2.865033] systemd[1]: Starting Load AppArmor profiles managed internally by snapd...
[    2.928110] systemd[1]: Finished Load AppArmor profiles managed internally by snapd.
[    3.128319] systemd[1]: Started Journal Service.
[    3.137013] systemd-journald[229]: Received client request to flush runtime journal.
[    3.140815] systemd-journald[229]: File /var/log/journal/c455b248004a419c87ce85eea238d727/system.journal corrupted or uncleanly shut down, renaming and replacing.
[    4.459688] RAPL PMU: API unit is 2^-32 Joules, 0 fixed counters, 10737418240 ms ovfl timer
[    4.526917] cryptd: max_cpu_qlen set to 1000
[    4.580525] AVX2 version of gcm_enc/dec engaged.
[    4.580526] AES CTR mode by8 optimization enabled
[    5.358824] Adding 1998844k swap on /dev/sda1.  Priority:-2 extents:1 across:1998844k FS
[    7.118603] kauditd_printk_skb: 30 callbacks suppressed
[    7.118605] audit: type=1400 audit(1768671710.968:41): apparmor="DENIED" operation="capable" profile="/usr/sbin/cups-browsed" pid=499 comm="cups-browsed" capability=23  capname="sys_nice"
[    7.594080] pcnet32 0000:00:03.0 enp0s3: link up, 100Mbps, full-duplex
[    7.639351] e1000: enp0s8 NIC Link is Up 1000 Mbps Full Duplex, Flow Control: RX
[    7.639653] IPv6: ADDRCONF(NETDEV_CHANGE): enp0s8: link becomes ready
[    7.651885] e1000: enp0s9 NIC Link is Up 1000 Mbps Full Duplex, Flow Control: RX
[    7.652173] IPv6: ADDRCONF(NETDEV_CHANGE): enp0s9: link becomes ready
[    8.210637] device enp0s3 entered promiscuous mode
[    8.233308] audit: type=1400 audit(1768671712.084:42): apparmor="DENIED" operation="open" profile="/usr/sbin/tcpdump" name="/proc/sys/kernel/random/boot_id" pid=718 comm="tcpdump" requested_mask="r" denied_mask="r" fsuid=0 ouid=0
[    8.233414] audit: type=1400 audit(1768671712.084:43): apparmor="DENIED" operation="open" profile="/usr/sbin/tcpdump" name="/proc/sys/kernel/random/boot_id" pid=718 comm="tcpdump" requested_mask="r" denied_mask="r" fsuid=0 ouid=0
[    8.233464] audit: type=1400 audit(1768671712.084:44): apparmor="DENIED" operation="open" profile="/usr/sbin/tcpdump" name="/proc/sys/kernel/random/boot_id" pid=718 comm="tcpdump" requested_mask="r" denied_mask="r" fsuid=0 ouid=0
[    8.233627] audit: type=1400 audit(1768671712.084:45): apparmor="DENIED" operation="open" profile="/usr/sbin/tcpdump" name="/proc/sys/kernel/random/boot_id" pid=718 comm="tcpdump" requested_mask="r" denied_mask="r" fsuid=0 ouid=0
[    8.243245] audit: type=1400 audit(1768671712.092:46): apparmor="DENIED" operation="open" profile="/usr/sbin/tcpdump" name="/proc/sys/kernel/random/boot_id" pid=719 comm="tcpdump" requested_mask="r" denied_mask="r" fsuid=0 ouid=0
[    8.243418] audit: type=1400 audit(1768671712.092:47): apparmor="DENIED" operation="open" profile="/usr/sbin/tcpdump" name="/proc/sys/kernel/random/boot_id" pid=719 comm="tcpdump" requested_mask="r" denied_mask="r" fsuid=0 ouid=0
[    8.243529] audit: type=1400 audit(1768671712.092:48): apparmor="DENIED" operation="open" profile="/usr/sbin/tcpdump" name="/proc/sys/kernel/random/boot_id" pid=719 comm="tcpdump" requested_mask="r" denied_mask="r" fsuid=0 ouid=0
[    8.243588] audit: type=1400 audit(1768671712.092:49): apparmor="DENIED" operation="open" profile="/usr/sbin/tcpdump" name="/proc/sys/kernel/random/boot_id" pid=719 comm="tcpdump" requested_mask="r" denied_mask="r" fsuid=0 ouid=0
[   12.829755] rfkill: input handler disabled
[  256.828908] AAAAA-TCP_FORW: name:enp0s3: saddr:16783984: daddr:100932208
[  257.125126] AAAAA-TCP_FORW: name:enp0s3: saddr:16783984: daddr:100932208
[  257.241941] AAAAA-TCP_FORW: name:enp0s3: saddr:16783984: daddr:100932208
[  257.443997] AAAAA-TCP_FORW: name:enp0s3: saddr:16783984: daddr:100932208
[  257.773348] AAAAA-TCP_FORW: name:enp0s3: saddr:16783984: daddr:100932208
[  258.003333] AAAAA-TCP_FORW: name:enp0s3: saddr:16783984: daddr:100932208
[  258.170824] AAAAA-TCP_FORW: name:enp0s3: saddr:16783984: daddr:100932208
[  258.416495] AAAAA-TCP_FORW: name:enp0s3: saddr:16783984: daddr:100932208
[  258.598012] AAAAA-TCP_FORW: name:enp0s3: saddr:16783984: daddr:100932208
[  258.840263] AAAAA-TCP_FORW: name:enp0s3: saddr:16783984: daddr:100932208
[  258.931071] AAAAA-TCP_FORW: name:enp0s3: saddr:16783984: daddr:100932208
[  259.100662] AAAAA-TCP_FORW: name:enp0s3: saddr:16783984: daddr:100932208
[  259.530330] AAAAA-TCP_FORW: name:enp0s3: saddr:100932208: daddr:16783984
[  259.603965] AAAAA-TCP_FORW: name:enp0s3: saddr:100932208: daddr:16783984
[  259.632791] AAAAA-TCP_FORW: name:enp0s3: saddr:100932208: daddr:16783984
[  268.148519] AAAAA-TCP_FORW: name:enp0s3: saddr:16783984: daddr:100932208
[  268.281207] AAAAA-TCP_FORW: name:enp0s3: saddr:16783984: daddr:100932208
[  268.590090] AAAAA-TCP_FORW: name:enp0s3: saddr:16783984: daddr:100932208
[  268.924196] AAAAA-TCP_FORW: name:enp0s3: saddr:16783984: daddr:100932208
[  269.465248] AAAAA-TCP_FORW: name:enp0s3: saddr:16783984: daddr:100932208
[  271.876303] AAAAA-TCP_FORW: name:enp0s3: saddr:16783984: daddr:100932208
[  271.934662] AAAAA-TCP_FORW: name:enp0s3: saddr:100932208: daddr:16783984
[  271.970964] AAAAA-TCP_FORW: name:enp0s3: saddr:16783984: daddr:100932208
[  272.329221] AAAAA-TCP_FORW: name:enp0s3: saddr:33561200: daddr:100932208
[  272.588414] AAAAA-TCP_FORW: name:enp0s3: saddr:100932208: daddr:33561200
[  273.549003] AAAAA-TCP_FORW: name:enp0s3: saddr:16783984: daddr:100932208
[  273.554934] AAAAA-TCP_FORW: name:enp0s3: saddr:100932208: daddr:16783984
[  273.959326] AAAAA-TCP_FORW: name:enp0s3: saddr:16783984: daddr:100932208
[  273.975771] AAAAA-TCP_FORW: name:enp0s3: saddr:100932208: daddr:16783984
[  274.275242] AAAAA-TCP_FORW: name:enp0s3: saddr:16783984: daddr:100932208
[  274.317387] AAAAA-TCP_FORW: name:enp0s3: saddr:100932208: daddr:16783984
[  274.760754] AAAAA-TCP_FORW: name:enp0s3: saddr:33561200: daddr:100932208
[  274.821458] AAAAA-TCP_FORW: name:enp0s3: saddr:100932208: daddr:33561200
[  275.510035] AAAAA-TCP_FORW: name:enp0s3: saddr:33561200: daddr:100932208
[  275.565314] AAAAA-TCP_FORW: name:enp0s3: saddr:100932208: daddr:33561200
[  275.830158] AAAAA-TCP_FORW: name:enp0s3: saddr:16783984: daddr:100932208
[  275.847288] AAAAA-TCP_FORW: name:enp0s3: saddr:100932208: daddr:16783984
[  275.918617] AAAAA-TCP_FORW: name:enp0s3: saddr:100932208: daddr:16783984
[  276.094559] AAAAA-TCP_FORW: name:enp0s3: saddr:16783984: daddr:100932208
[  276.263634] AAAAA-TCP_FORW: name:enp0s3: saddr:100932208: daddr:16783984
[  276.658607] AAAAA-TCP_FORW: name:enp0s3: saddr:16783984: daddr:100932208
[  276.895501] AAAAA-TCP_FORW: name:enp0s3: saddr:16783984: daddr:100932208
[  276.916133] AAAAA-TCP_FORW: name:enp0s3: saddr:100932208: daddr:16783984
[  277.113863] AAAAA-TCP_FORW: name:enp0s3: saddr:16783984: daddr:100932208
[  277.216342] AAAAA-TCP_FORW: name:enp0s3: saddr:100932208: daddr:16783984
[  277.870375] AAAAA-TCP_FORW: name:enp0s3: saddr:16783984: daddr:100932208
[  277.893168] AAAAA-TCP_FORW: name:enp0s3: saddr:100932208: daddr:16783984
[  278.159696] AAAAA-TCP_FORW: name:enp0s3: saddr:33561200: daddr:100932208
[  278.237581] AAAAA-TCP_FORW: name:enp0s3: saddr:100932208: daddr:16783984
[  278.302397] AAAAA-TCP_FORW: name:enp0s3: saddr:100932208: daddr:33561200
[  278.355923] AAAAA-TCP_FORW: name:enp0s3: saddr:16783984: daddr:100932208
[  278.432719] AAAAA-TCP_FORW: name:enp0s3: saddr:100932208: daddr:33561200
[  278.806798] AAAAA-TCP_FORW: name:enp0s3: saddr:16783984: daddr:100932208
[  278.816571] AAAAA-TCP_FORW: name:enp0s3: saddr:100932208: daddr:16783984
[  279.253634] AAAAA-TCP_FORW: name:enp0s3: saddr:16783984: daddr:100932208
[  279.260211] AAAAA-TCP_FORW: name:enp0s3: saddr:100932208: daddr:16783984
[  279.582233] AAAAA-TCP_FORW: name:enp0s3: saddr:16783984: daddr:100932208
[  279.623066] AAAAA-TCP_FORW: name:enp0s3: saddr:100932208: daddr:16783984
[  279.773949] AAAAA-TCP_FORW: name:enp0s3: saddr:33561200: daddr:100932208
[  279.909967] AAAAA-TCP_FORW: name:enp0s3: saddr:100932208: daddr:16783984
[  279.978588] AAAAA-TCP_FORW: name:enp0s3: saddr:100932208: daddr:33561200
[  279.994431] AAAAA-TCP_FORW: name:enp0s3: saddr:16783984: daddr:100932208
[  280.218350] AAAAA-TCP_FORW: name:enp0s3: saddr:33561200: daddr:100932208
[  280.232250] AAAAA-TCP_FORW: name:enp0s3: saddr:100932208: daddr:33561200
[  281.201207] AAAAA-TCP_FORW: name:enp0s3: saddr:33561200: daddr:100932208
[  281.272659] AAAAA-TCP_FORW: name:enp0s3: saddr:100932208: daddr:33561200
[  282.462587] AAAAA-TCP_FORW: name:enp0s3: saddr:33561200: daddr:100932208
[  507.177933] rfkill: input handler enabled
[  515.516876] rfkill: input handler disabled
[  682.121422] device enp0s3 left promiscuous mode
