[    0.000000] Linux version 5.4.243-mptcp (root@ztg) (gcc version 12.2.0 (Debian 12.2.0-14+deb12u1)) #53 SMP Wed Dec 24 23:28:15 CST 2025
[    0.000000] Command line: BOOT_IMAGE=/boot/vmlinuz-5.4.243-mptcp root=UUID=98415a12-53b7-4144-8265-0f7ece09e445 ro quiet splash
[    0.000000] KERNEL supported cpus:
[    0.000000]   Intel GenuineIntel
[    0.000000]   AMD AuthenticAMD
[    0.000000]   Hygon HygonGenuine
[    0.000000]   Centaur CentaurHauls
[    0.000000]   zhaoxin   Shanghai  
[    0.000000] x86/fpu: Supporting XSAVE feature 0x001: 'x87 floating point registers'
[    0.000000] x86/fpu: Supporting XSAVE feature 0x002: 'SSE registers'
[    0.000000] x86/fpu: Supporting XSAVE feature 0x004: 'AVX registers'
[    0.000000] x86/fpu: xstate_offset[2]:  576, xstate_sizes[2]:  256
[    0.000000] x86/fpu: Enabled xstate features 0x7, context size is 832 bytes, using 'standard' format.
[    0.000000] BIOS-provided physical RAM map:
[    0.000000] BIOS-e820: [mem 0x0000000000000000-0x000000000009fbff] usable
[    0.000000] BIOS-e820: [mem 0x000000000009fc00-0x000000000009ffff] reserved
[    0.000000] BIOS-e820: [mem 0x00000000000f0000-0x00000000000fffff] reserved
[    0.000000] BIOS-e820: [mem 0x0000000000100000-0x000000007ffeffff] usable
[    0.000000] BIOS-e820: [mem 0x000000007fff0000-0x000000007fffffff] ACPI data
[    0.000000] BIOS-e820: [mem 0x00000000fec00000-0x00000000fec00fff] reserved
[    0.000000] BIOS-e820: [mem 0x00000000fee00000-0x00000000fee00fff] reserved
[    0.000000] BIOS-e820: [mem 0x00000000fffc0000-0x00000000ffffffff] reserved
[    0.000000] NX (Execute Disable) protection: active
[    0.000000] SMBIOS 2.5 present.
[    0.000000] DMI: innotek GmbH VirtualBox/VirtualBox, BIOS VirtualBox 12/01/2006
[    0.000000] Hypervisor detected: KVM
[    0.000000] kvm-clock: Using msrs 4b564d01 and 4b564d00
[    0.000000] kvm-clock: cpu 0, msr 3c001001, primary cpu clock
[    0.000000] kvm-clock: using sched offset of 4423362873 cycles
[    0.000003] clocksource: kvm-clock: mask: 0xffffffffffffffff max_cycles: 0x1cd42e4dffb, max_idle_ns: 881590591483 ns
[    0.000005] tsc: Detected 2100.000 MHz processor
[    0.001872] e820: update [mem 0x00000000-0x00000fff] usable ==> reserved
[    0.001873] e820: remove [mem 0x000a0000-0x000fffff] usable
[    0.001878] last_pfn = 0x7fff0 max_arch_pfn = 0x400000000
[    0.001946] MTRR default type: uncachable
[    0.001947] MTRR fixed ranges enabled:
[    0.001948]   00000-9FFFF write-back
[    0.001949]   A0000-BFFFF uncachable
[    0.001950]   C0000-FFFFF write-protect
[    0.001951] MTRR variable ranges enabled:
[    0.001952]   0 base 000000000000 mask 3FFF80000000 write-back
[    0.001953]   1 disabled
[    0.001953]   2 disabled
[    0.001954]   3 disabled
[    0.001954]   4 disabled
[    0.001954]   5 disabled
[    0.001955]   6 disabled
[    0.001955]   7 disabled
[    0.001956]   8 disabled
[    0.001956]   9 disabled
[    0.001956]   10 disabled
[    0.001957]   11 disabled
[    0.001957]   12 disabled
[    0.001958]   13 disabled
[    0.001958]   14 disabled
[    0.001959]   15 disabled
[    0.001975] x86/PAT: Configuration [0-7]: WB  WC  UC- UC  WB  WP  UC- WT  
[    0.002112] found SMP MP-table at [mem 0x0009fff0-0x0009ffff]
[    0.091870] check: Scanning 1 areas for low memory corruption
[    0.092072] RAMDISK: [mem 0x32271000-0x3512ffff]
[    0.092080] ACPI: Early table checksum verification disabled
[    0.092084] ACPI: RSDP 0x00000000000E0000 000024 (v02 VBOX  )
[    0.092088] ACPI: XSDT 0x000000007FFF0030 00003C (v01 VBOX   VBOXXSDT 00000001 ASL  00000061)
[    0.092094] ACPI: FACP 0x000000007FFF00F0 0000F4 (v04 VBOX   VBOXFACP 00000001 ASL  00000061)
[    0.092100] ACPI: DSDT 0x000000007FFF02E0 002353 (v02 VBOX   VBOXBIOS 00000002 VBOX 00029BF3)
[    0.092105] ACPI: FACS 0x000000007FFF0200 000040
[    0.092108] ACPI: FACS 0x000000007FFF0200 000040
[    0.092111] ACPI: APIC 0x000000007FFF0240 000054 (v02 VBOX   VBOXAPIC 00000001 ASL  00000061)
[    0.092115] ACPI: SSDT 0x000000007FFF02A0 000038 (v01 VBOX   VBOXCPUT 00000002 VBOX 00029BF3)
[    0.092118] ACPI: Reserving FACP table memory at [mem 0x7fff00f0-0x7fff01e3]
[    0.092119] ACPI: Reserving DSDT table memory at [mem 0x7fff02e0-0x7fff2632]
[    0.092120] ACPI: Reserving FACS table memory at [mem 0x7fff0200-0x7fff023f]
[    0.092120] ACPI: Reserving FACS table memory at [mem 0x7fff0200-0x7fff023f]
[    0.092121] ACPI: Reserving APIC table memory at [mem 0x7fff0240-0x7fff0293]
[    0.092122] ACPI: Reserving SSDT table memory at [mem 0x7fff02a0-0x7fff02d7]
[    0.092136] ACPI: Local APIC address 0xfee00000
[    0.092323] No NUMA configuration found
[    0.092324] Faking a node at [mem 0x0000000000000000-0x000000007ffeffff]
[    0.092334] NODE_DATA(0) allocated [mem 0x7ffc5000-0x7ffeffff]
[    0.092618] Zone ranges:
[    0.092619]   DMA      [mem 0x0000000000001000-0x0000000000ffffff]
[    0.092620]   DMA32    [mem 0x0000000001000000-0x000000007ffeffff]
[    0.092621]   Normal   empty
[    0.092621]   Device   empty
[    0.092622] Movable zone start for each node
[    0.092624] Early memory node ranges
[    0.092625]   node   0: [mem 0x0000000000001000-0x000000000009efff]
[    0.092625]   node   0: [mem 0x0000000000100000-0x000000007ffeffff]
[    0.092628] Zeroed struct page in unavailable ranges: 114 pages
[    0.092629] Initmem setup node 0 [mem 0x0000000000001000-0x000000007ffeffff]
[    0.092630] On node 0 totalpages: 524174
[    0.092632]   DMA zone: 64 pages used for memmap
[    0.092632]   DMA zone: 21 pages reserved
[    0.092633]   DMA zone: 3998 pages, LIFO batch:0
[    0.092703]   DMA32 zone: 8128 pages used for memmap
[    0.092704]   DMA32 zone: 520176 pages, LIFO batch:63
[    0.101712] ACPI: PM-Timer IO Port: 0x4008
[    0.101715] ACPI: Local APIC address 0xfee00000
[    0.101779] IOAPIC[0]: apic_id 1, version 32, address 0xfec00000, GSI 0-23
[    0.101782] ACPI: INT_SRC_OVR (bus 0 bus_irq 0 global_irq 2 dfl dfl)
[    0.101784] ACPI: INT_SRC_OVR (bus 0 bus_irq 9 global_irq 9 low level)
[    0.101785] ACPI: IRQ0 used by override.
[    0.101786] ACPI: IRQ9 used by override.
[    0.101789] Using ACPI (MADT) for SMP configuration information
[    0.101797] smpboot: Allowing 1 CPUs, 0 hotplug CPUs
[    0.101818] PM: Registered nosave memory: [mem 0x00000000-0x00000fff]
[    0.101819] PM: Registered nosave memory: [mem 0x0009f000-0x0009ffff]
[    0.101820] PM: Registered nosave memory: [mem 0x000a0000-0x000effff]
[    0.101820] PM: Registered nosave memory: [mem 0x000f0000-0x000fffff]
[    0.101822] [mem 0x80000000-0xfebfffff] available for PCI devices
[    0.101823] Booting paravirtualized kernel on KVM
[    0.101825] clocksource: refined-jiffies: mask: 0xffffffff max_cycles: 0xffffffff, max_idle_ns: 7645519600211568 ns
[    0.101830] setup_percpu: NR_CPUS:8192 nr_cpumask_bits:1 nr_cpu_ids:1 nr_node_ids:1
[    0.102831] percpu: Embedded 60 pages/cpu s208896 r8192 d28672 u2097152
[    0.102836] pcpu-alloc: s208896 r8192 d28672 u2097152 alloc=1*2097152
[    0.102836] pcpu-alloc: [0] 0 
[    0.102862] Built 1 zonelists, mobility grouping on.  Total pages: 515961
[    0.102863] Policy zone: DMA32
[    0.102864] Kernel command line: BOOT_IMAGE=/boot/vmlinuz-5.4.243-mptcp root=UUID=98415a12-53b7-4144-8265-0f7ece09e445 ro quiet splash
[    0.103701] Dentry cache hash table entries: 262144 (order: 9, 2097152 bytes, linear)
[    0.103968] Inode-cache hash table entries: 131072 (order: 8, 1048576 bytes, linear)
[    0.104021] mem auto-init: stack:off, heap alloc:on, heap free:off
[    0.104023] Calgary: detecting Calgary via BIOS EBDA area
[    0.104024] Calgary: Unable to locate Rio Grande table in EBDA - bailing!
[    0.108308] Memory: 1967332K/2096696K available (14339K kernel code, 2398K rwdata, 4712K rodata, 2728K init, 17260K bss, 129364K reserved, 0K cma-reserved)
[    0.109217] SLUB: HWalign=64, Order=0-3, MinObjects=0, CPUs=1, Nodes=1
[    0.109233] ftrace: allocating 43186 entries in 169 pages
[    0.127309] rcu: Hierarchical RCU implementation.
[    0.127310] rcu: 	RCU restricting CPUs from NR_CPUS=8192 to nr_cpu_ids=1.
[    0.127311] 	Tasks RCU enabled.
[    0.127312] rcu: RCU calculated value of scheduler-enlistment delay is 25 jiffies.
[    0.127313] rcu: Adjusting geometry for rcu_fanout_leaf=16, nr_cpu_ids=1
[    0.130272] NR_IRQS: 524544, nr_irqs: 256, preallocated irqs: 16
[    0.130487] random: crng init done
[    0.139783] Console: colour VGA+ 80x25
[    0.139786] printk: console [tty0] enabled
[    0.139805] ACPI: Core revision 20190816
[    0.139897] APIC: Switch to symmetric I/O mode setup
[    0.140149] x2apic enabled
[    0.140385] Switched APIC routing to physical x2apic.
[    0.141527] ..TIMER: vector=0x30 apic1=0 pin1=2 apic2=-1 pin2=-1
[    0.141555] clocksource: tsc-early: mask: 0xffffffffffffffff max_cycles: 0x1e4530a99b6, max_idle_ns: 440795257976 ns
[    0.141559] Calibrating delay loop (skipped) preset value.. 4200.00 BogoMIPS (lpj=8400000)
[    0.141561] pid_max: default: 32768 minimum: 301
[    0.141588] LSM: Security Framework initializing
[    0.141597] Yama: becoming mindful.
[    0.141622] AppArmor: AppArmor initialized
[    0.141655] Mount-cache hash table entries: 4096 (order: 3, 32768 bytes, linear)
[    0.141659] Mountpoint-cache hash table entries: 4096 (order: 3, 32768 bytes, linear)
[    0.141669] *** VALIDATE tmpfs ***
[    0.141798] *** VALIDATE proc ***
[    0.141837] *** VALIDATE cgroup1 ***
[    0.141839] *** VALIDATE cgroup2 ***
[    0.141979] process: using mwait in idle threads
[    0.141984] Last level iTLB entries: 4KB 64, 2MB 8, 4MB 8
[    0.141984] Last level dTLB entries: 4KB 64, 2MB 0, 4MB 0, 1GB 4
[    0.142004] Spectre V1 : Mitigation: usercopy/swapgs barriers and __user pointer sanitization
[    0.142010] Spectre V2 : Mitigation: Retpolines
[    0.142010] Spectre V2 : Spectre v2 / SpectreRSB mitigation: Filling RSB on context switch
[    0.142011] Spectre V2 : Spectre v2 / SpectreRSB : Filling RSB on VMEXIT
[    0.142011] RETBleed: WARNING: Spectre v2 mitigation leaves CPU vulnerable to RETBleed attacks, data leaks possible!
[    0.142364] RETBleed: Vulnerable
[    0.142364] Speculative Store Bypass: Vulnerable
[    0.142368] TAA: Mitigation: TSX disabled
[    0.142369] MMIO Stale Data: Mitigation: Clear CPU buffers
[    0.146561] Freeing SMP alternatives memory: 40K
[    0.258784] smpboot: CPU0: Intel(R) Xeon(R) Silver 4216 CPU @ 2.10GHz (family: 0x6, model: 0x55, stepping: 0x7)
[    0.258921] Performance Events: unsupported p6 CPU model 85 no PMU driver, software events only.
[    0.258973] rcu: Hierarchical SRCU implementation.
[    0.259449] NMI watchdog: Perf NMI watchdog permanently disabled
[    0.259487] smp: Bringing up secondary CPUs ...
[    0.259488] smp: Brought up 1 node, 1 CPU
[    0.259489] smpboot: Max logical packages: 1
[    0.259490] smpboot: Total of 1 processors activated (4200.00 BogoMIPS)
[    0.260461] devtmpfs: initialized
[    0.260507] x86/mm: Memory block size: 128MB
[    0.260855] clocksource: jiffies: mask: 0xffffffff max_cycles: 0xffffffff, max_idle_ns: 7645041785100000 ns
[    0.260861] futex hash table entries: 256 (order: 2, 16384 bytes, linear)
[    0.260904] pinctrl core: initialized pinctrl subsystem
[    0.261007] PM: RTC time: 20:53:03, date: 2026-01-19
[    0.261114] NET: Registered protocol family 16
[    0.261188] audit: initializing netlink subsys (disabled)
[    0.261316] EISA bus registered
[    0.261317] cpuidle: using governor ladder
[    0.261318] cpuidle: using governor menu
[    0.261354] ACPI: bus type PCI registered
[    0.261356] acpiphp: ACPI Hot Plug PCI Controller Driver version: 0.5
[    0.261460] PCI: Using configuration type 1 for base access
[    0.261874] audit: type=2000 audit(1768827189.323:1): state=initialized audit_enabled=0 res=1
[    0.261956] HugeTLB registered 2.00 MiB page size, pre-allocated 0 pages
[    0.262771] ACPI: Added _OSI(Module Device)
[    0.262771] ACPI: Added _OSI(Processor Device)
[    0.262772] ACPI: Added _OSI(3.0 _SCP Extensions)
[    0.262773] ACPI: Added _OSI(Processor Aggregator Device)
[    0.262774] ACPI: Added _OSI(Linux-Dell-Video)
[    0.262774] ACPI: Added _OSI(Linux-Lenovo-NV-HDMI-Audio)
[    0.262775] ACPI: Added _OSI(Linux-HPI-Hybrid-Graphics)
[    0.264718] ACPI: 2 ACPI AML tables successfully acquired and loaded
[    0.266243] ACPI: Interpreter enabled
[    0.266253] ACPI: (supports S0 S5)
[    0.266254] ACPI: Using IOAPIC for interrupt routing
[    0.266458] PCI: Using host bridge windows from ACPI; if necessary, use "pci=nocrs" and report a bug
[    0.266567] ACPI: Enabled 2 GPEs in block 00 to 07
[    0.271366] ACPI: PCI Root Bridge [PCI0] (domain 0000 [bus 00-ff])
[    0.271371] acpi PNP0A03:00: _OSC: OS supports [ASPM ClockPM Segments MSI HPX-Type3]
[    0.271814] acpi PNP0A03:00: _OSC: not requesting OS control; OS requires [ExtendedConfig ASPM ClockPM MSI]
[    0.271822] acpi PNP0A03:00: fail to add MMCONFIG information, can't access extended PCI configuration space under this bridge.
[    0.272193] PCI host bridge to bus 0000:00
[    0.272195] pci_bus 0000:00: root bus resource [io  0x0000-0x0cf7 window]
[    0.272196] pci_bus 0000:00: root bus resource [io  0x0d00-0xffff window]
[    0.272197] pci_bus 0000:00: root bus resource [mem 0x000a0000-0x000bffff window]
[    0.272199] pci_bus 0000:00: root bus resource [mem 0x80000000-0xfdffffff window]
[    0.272200] pci_bus 0000:00: root bus resource [bus 00-ff]
[    0.272242] pci 0000:00:00.0: [8086:1237] type 00 class 0x060000
[    0.273181] pci 0000:00:01.0: [8086:7000] type 00 class 0x060100
[    0.273999] pci 0000:00:01.1: [8086:7111] type 00 class 0x01018a
[    0.274383] pci 0000:00:01.1: reg 0x20: [io  0xd000-0xd00f]
[    0.274540] pci 0000:00:01.1: legacy IDE quirk: reg 0x10: [io  0x01f0-0x01f7]
[    0.274541] pci 0000:00:01.1: legacy IDE quirk: reg 0x14: [io  0x03f6]
[    0.274542] pci 0000:00:01.1: legacy IDE quirk: reg 0x18: [io  0x0170-0x0177]
[    0.274542] pci 0000:00:01.1: legacy IDE quirk: reg 0x1c: [io  0x0376]
[    0.275083] pci 0000:00:02.0: [15ad:0405] type 00 class 0x030000
[    0.277639] pci 0000:00:02.0: reg 0x10: [io  0xd010-0xd01f]
[    0.281603] pci 0000:00:02.0: reg 0x14: [mem 0xe0000000-0xe7ffffff pref]
[    0.284498] pci 0000:00:02.0: reg 0x18: [mem 0xf0000000-0xf01fffff]
[    0.294354] pci 0000:00:03.0: [1022:2000] type 00 class 0x020000
[    0.295060] pci 0000:00:03.0: reg 0x10: [io  0xd020-0xd03f]
[    0.295680] pci 0000:00:03.0: reg 0x14: [mem 0xf0200000-0xf0200fff]
[    0.300640] pci 0000:00:04.0: [80ee:cafe] type 00 class 0x088000
[    0.301308] pci 0000:00:04.0: reg 0x10: [io  0xd040-0xd05f]
[    0.301671] pci 0000:00:04.0: reg 0x14: [mem 0xf0400000-0xf07fffff]
[    0.302278] pci 0000:00:04.0: reg 0x18: [mem 0xf0800000-0xf0803fff pref]
[    0.306697] pci 0000:00:07.0: [8086:7113] type 00 class 0x068000
[    0.307239] pci 0000:00:07.0: quirk: [io  0x4000-0x403f] claimed by PIIX4 ACPI
[    0.307251] pci 0000:00:07.0: quirk: [io  0x4100-0x410f] claimed by PIIX4 SMB
[    0.307861] pci 0000:00:08.0: [8086:100e] type 00 class 0x020000
[    0.308587] pci 0000:00:08.0: reg 0x10: [mem 0xf0820000-0xf083ffff]
[    0.309669] pci 0000:00:08.0: reg 0x18: [io  0xd060-0xd067]
[    0.312886] pci 0000:00:09.0: [8086:100e] type 00 class 0x020000
[    0.313556] pci 0000:00:09.0: reg 0x10: [mem 0xf0840000-0xf085ffff]
[    0.314232] pci 0000:00:09.0: reg 0x18: [io  0xd068-0xd06f]
[    0.325631] ACPI: PCI Interrupt Link [LNKA] (IRQs 5 9 10 *11)
[    0.325912] ACPI: PCI Interrupt Link [LNKB] (IRQs 5 9 *10 11)
[    0.326017] ACPI: PCI Interrupt Link [LNKC] (IRQs 5 *9 10 11)
[    0.326128] ACPI: PCI Interrupt Link [LNKD] (IRQs 5 9 10 *11)
[    0.326394] iommu: Default domain type: Translated 
[    0.326456] pci 0000:00:02.0: vgaarb: setting as boot VGA device
[    0.326459] pci 0000:00:02.0: vgaarb: VGA device added: decodes=io+mem,owns=io+mem,locks=none
[    0.326461] pci 0000:00:02.0: vgaarb: bridge control possible
[    0.326461] vgaarb: loaded
[    0.326673] SCSI subsystem initialized
[    0.326704] libata version 3.00 loaded.
[    0.326728] ACPI: bus type USB registered
[    0.326744] usbcore: registered new interface driver usbfs
[    0.326750] usbcore: registered new interface driver hub
[    0.326755] usbcore: registered new device driver usb
[    0.326784] pps_core: LinuxPPS API ver. 1 registered
[    0.326784] pps_core: Software ver. 5.3.6 - Copyright 2005-2007 Rodolfo Giometti <giometti@linux.it>
[    0.326786] PTP clock support registered
[    0.326821] EDAC MC: Ver: 3.0.0
[    0.327112] PCI: Using ACPI for IRQ routing
[    0.327113] PCI: pci_cache_line_size set to 64 bytes
[    0.327287] e820: reserve RAM buffer [mem 0x0009fc00-0x0009ffff]
[    0.327290] e820: reserve RAM buffer [mem 0x7fff0000-0x7fffffff]
[    0.328097] NetLabel: Initializing
[    0.328097] NetLabel:  domain hash size = 128
[    0.328098] NetLabel:  protocols = UNLABELED CIPSOv4 CALIPSO
[    0.328117] NetLabel:  unlabeled traffic allowed by default
[    0.329019] clocksource: Switched to clocksource kvm-clock
[    0.340020] *** VALIDATE bpf ***
[    0.340080] VFS: Disk quotas dquot_6.6.0
[    0.340093] VFS: Dquot-cache hash table entries: 512 (order 0, 4096 bytes)
[    0.340116] *** VALIDATE ramfs ***
[    0.340119] *** VALIDATE hugetlbfs ***
[    0.340200] AppArmor: AppArmor Filesystem Enabled
[    0.340226] pnp: PnP ACPI init
[    0.340293] pnp 00:00: Plug and Play ACPI device, IDs PNP0303 (active)
[    0.340359] pnp 00:01: Plug and Play ACPI device, IDs PNP0f03 (active)
[    0.341094] pnp: PnP ACPI: found 2 devices
[    0.342045] thermal_sys: Registered thermal governor 'fair_share'
[    0.342046] thermal_sys: Registered thermal governor 'bang_bang'
[    0.342046] thermal_sys: Registered thermal governor 'step_wise'
[    0.342047] thermal_sys: Registered thermal governor 'user_space'
[    0.342048] thermal_sys: Registered thermal governor 'power_allocator'
[    0.346558] clocksource: acpi_pm: mask: 0xffffff max_cycles: 0xffffff, max_idle_ns: 2085701024 ns
[    0.346600] pci_bus 0000:00: resource 4 [io  0x0000-0x0cf7 window]
[    0.346601] pci_bus 0000:00: resource 5 [io  0x0d00-0xffff window]
[    0.346602] pci_bus 0000:00: resource 6 [mem 0x000a0000-0x000bffff window]
[    0.346604] pci_bus 0000:00: resource 7 [mem 0x80000000-0xfdffffff window]
[    0.346667] NET: Registered protocol family 2
[    0.346743] IP idents hash table entries: 32768 (order: 6, 262144 bytes, linear)
[    0.347137] MPTCP tokens hash table entries: 8192 (order: 4, 65536 bytes, linear)
[    0.347137] MPTCP request tokens hash table entries: 8192 (order: 4, 65536 bytes, linear)
[    0.347137] default registered
[    0.347137] default registered
[    0.347137] MPTCP: Stable release v0.96
[    0.347137] tcp_listen_portaddr_hash hash table entries: 1024 (order: 2, 16384 bytes, linear)
[    0.347137] TCP established hash table entries: 16384 (order: 5, 131072 bytes, linear)
[    0.347137] TCP bind hash table entries: 16384 (order: 6, 262144 bytes, linear)
[    0.347137] TCP: Hash tables configured (established 16384 bind 16384)
[    0.348105] UDP hash table entries: 1024 (order: 3, 32768 bytes, linear)
[    0.348116] UDP-Lite hash table entries: 1024 (order: 3, 32768 bytes, linear)
[    0.348152] NET: Registered protocol family 1
[    0.348160] NET: Registered protocol family 44
[    0.348183] pci 0000:00:00.0: Limiting direct PCI/PCI transfers
[    0.348195] pci 0000:00:01.0: Activating ISA DMA hang workarounds
[    0.348253] pci 0000:00:02.0: Video device with shadowed ROM at [mem 0x000c0000-0x000dffff]
[    0.348315] PCI: CLS 0 bytes, default 64
[    0.348365] Trying to unpack rootfs image as initramfs...
[    0.519316] Freeing initrd memory: 47868K
[    0.519316] clocksource: tsc: mask: 0xffffffffffffffff max_cycles: 0x1e4530a99b6, max_idle_ns: 440795257976 ns
[    0.519316] clocksource: Switched to clocksource tsc
[    0.519316] platform rtc_cmos: registered platform RTC device (no PNP device found)
[    0.519316] check: Scanning for low memory corruption every 60 seconds
[    0.519316] Initialise system trusted keyrings
[    0.519316] Key type blacklist registered
[    0.519316] workingset: timestamp_bits=36 max_order=19 bucket_order=0
[    0.519316] zbud: loaded
[    0.519316] squashfs: version 4.0 (2009/01/31) Phillip Lougher
[    0.519316] fuse: init (API version 7.31)
[    0.519316] *** VALIDATE fuse ***
[    0.519316] *** VALIDATE fuse ***
[    0.519316] Platform Keyring initialized
[    0.534100] Key type asymmetric registered
[    0.534101] Asymmetric key parser 'x509' registered
[    0.534110] Block layer SCSI generic (bsg) driver version 0.4 loaded (major 244)
[    0.534150] io scheduler mq-deadline registered
[    0.534270] shpchp: Standard Hot Plug PCI Controller Driver version: 0.4
[    0.534494] ACPI: AC Adapter [AC] (on-line)
[    0.534538] input: Power Button as /devices/LNXSYSTM:00/LNXPWRBN:00/input/input0
[    0.534567] ACPI: Power Button [PWRF]
[    0.534666] input: Sleep Button as /devices/LNXSYSTM:00/LNXSLPBN:00/input/input1
[    0.534682] ACPI: Sleep Button [SLPF]
[    0.534913] Serial: 8250/16550 driver, 32 ports, IRQ sharing enabled
[    0.536078] Linux agpgart interface v0.103
[    0.631112] loop: module loaded
[    0.631235] ata_piix 0000:00:01.1: version 2.13
[    0.631618] scsi host0: ata_piix
[    0.631703] scsi host1: ata_piix
[    0.631729] ata1: PATA max UDMA/33 cmd 0x1f0 ctl 0x3f6 bmdma 0xd000 irq 14
[    0.631730] ata2: PATA max UDMA/33 cmd 0x170 ctl 0x376 bmdma 0xd008 irq 15
[    0.631799] tun: Universal TUN/TAP device driver, 1.6
[    0.632098] PPP generic driver version 2.4.2
[    0.632137] VFIO - User Level meta-driver version: 0.3
[    0.632367] ehci_hcd: USB 2.0 'Enhanced' Host Controller (EHCI) Driver
[    0.632371] ehci-pci: EHCI PCI platform driver
[    0.632382] ehci-platform: EHCI generic platform driver
[    0.632387] ohci_hcd: USB 1.1 'Open' Host Controller (OHCI) Driver
[    0.632388] ohci-pci: OHCI PCI platform driver
[    0.632395] ohci-platform: OHCI generic platform driver
[    0.632399] uhci_hcd: USB Universal Host Controller Interface driver
[    0.632461] i8042: PNP: PS/2 Controller [PNP0303:PS2K,PNP0f03:PS2M] at 0x60,0x64 irq 1,12
[    0.632897] serio: i8042 KBD port at 0x60,0x64 irq 1
[    0.632900] serio: i8042 AUX port at 0x60,0x64 irq 12
[    0.632981] mousedev: PS/2 mouse device common for all mice
[    0.633226] input: AT Translated Set 2 keyboard as /devices/platform/i8042/serio0/input/input2
[    0.633621] rtc_cmos rtc_cmos: registered as rtc0
[    0.633634] rtc_cmos rtc_cmos: alarms up to one day, 114 bytes nvram
[    0.633639] i2c /dev entries driver
[    0.633677] device-mapper: uevent: version 1.0.3
[    0.633718] device-mapper: ioctl: 4.41.0-ioctl (2019-09-16) initialised: dm-devel@redhat.com
[    0.633732] platform eisa.0: Probing EISA bus 0
[    0.633734] platform eisa.0: EISA: Cannot allocate resource for mainboard
[    0.633735] platform eisa.0: Cannot allocate resource for EISA slot 1
[    0.633736] platform eisa.0: Cannot allocate resource for EISA slot 2
[    0.633737] platform eisa.0: Cannot allocate resource for EISA slot 3
[    0.633738] platform eisa.0: Cannot allocate resource for EISA slot 4
[    0.633739] platform eisa.0: Cannot allocate resource for EISA slot 5
[    0.633740] platform eisa.0: Cannot allocate resource for EISA slot 6
[    0.633740] platform eisa.0: Cannot allocate resource for EISA slot 7
[    0.633741] platform eisa.0: Cannot allocate resource for EISA slot 8
[    0.633742] platform eisa.0: EISA: Detected 0 cards
[    0.633745] intel_pstate: CPU model not supported
[    0.633752] ledtrig-cpu: registered to indicate activity on CPUs
[    0.633798] drop_monitor: Initializing network drop monitor service
[    0.633953] NET: Registered protocol family 10
[    0.639046] Segment Routing with IPv6
[    0.639075] fullmesh registered
[    0.639076] ndiffports registered
[    0.639079] binder registered
[    0.639080] roundrobin registered
[    0.639080] redundant registered
[    0.639081] blest registered
[    0.639081] ecf registered
[    0.639082] NET: Registered protocol family 17
[    0.639111] Key type dns_resolver registered
[    0.639206] RAS: Correctable Errors collector initialized.
[    0.639219] IPI shorthand broadcast: enabled
[    0.639232] sched_clock: Marking stable (624176439, 11079787)->(638030543, -2774317)
[    0.639276] registered taskstats version 1
[    0.639283] Loading compiled-in X.509 certificates
[    0.639866] Loaded X.509 cert 'Build time autogenerated kernel key: 6909f3744cebb3d0de528d5887b96a727de79b1e'
[    0.639883] zswap: loaded using pool lzo/zbud
[    0.639935] Key type ._fscrypt registered
[    0.639935] Key type .fscrypt registered
[    0.644399] Key type big_key registered
[    0.646569] Key type encrypted registered
[    0.646572] AppArmor: AppArmor sha1 policy hashing enabled
[    0.646579] ima: No TPM chip found, activating TPM-bypass!
[    0.646582] ima: Allocated hash algorithm: sha1
[    0.646587] ima: No architecture policies found
[    0.646595] evm: Initialising EVM extended attributes:
[    0.646596] evm: security.selinux
[    0.646596] evm: security.SMACK64
[    0.646597] evm: security.SMACK64EXEC
[    0.646597] evm: security.SMACK64TRANSMUTE
[    0.646598] evm: security.SMACK64MMAP
[    0.646598] evm: security.apparmor
[    0.646599] evm: security.ima
[    0.646599] evm: security.capability
[    0.646600] evm: HMAC attrs: 0x1
[    0.646894] PM:   Magic number: 10:857:902
[    0.646915] acpi PNP0501:02: hash matches
[    0.647002] rtc_cmos rtc_cmos: setting system clock to 2026-01-19T20:53:04 UTC (1768855984)
[    0.804919] ata1.00: ATA-6: VBOX HARDDISK, 1.0, max UDMA/133
[    0.804923] ata1.00: 209715200 sectors, multi 128: LBA 
[    0.805677] scsi 0:0:0:0: Direct-Access     ATA      VBOX HARDDISK    1.0  PQ: 0 ANSI: 5
[    0.806002] sd 0:0:0:0: [sda] 209715200 512-byte logical blocks: (107 GB/100 GiB)
[    0.806017] sd 0:0:0:0: [sda] Write Protect is off
[    0.806021] sd 0:0:0:0: [sda] Mode Sense: 00 3a 00 00
[    0.806045] sd 0:0:0:0: [sda] Write cache: enabled, read cache: enabled, doesn't support DPO or FUA
[    0.806299] sd 0:0:0:0: Attached scsi generic sg0 type 0
[    0.807889]  sda: sda1 sda2
[    0.819401] sd 0:0:0:0: [sda] Attached SCSI disk
[    0.824638] Freeing unused decrypted memory: 2040K
[    0.825980] Freeing unused kernel image memory: 2728K
[    0.825984] Write protecting the kernel read-only data: 22528k
[    0.827485] Freeing unused kernel image memory: 2036K
[    0.828270] Freeing unused kernel image memory: 1432K
[    0.865379] x86/mm: Checked W+X mappings: passed, no W+X pages found.
[    0.865383] Run /init as init process
[    0.971532] ACPI: Video Device [GFX0] (multi-head: yes  rom: no  post: no)
[    0.971602] input: Video Bus as /devices/LNXSYSTM:00/LNXSYBUS:00/PNP0A03:00/LNXVIDEO:00/input/input4
[    0.984066] pcnet32: pcnet32.c:v1.35 21.Apr.2008 tsbogend@alpha.franken.de
[    0.984793] pcnet32: PCnet/FAST III 79C973 at 0xd020, 08:00:27:bc:e1:fa assigned IRQ 19
[    0.984835] pcnet32: Found PHY 0022:561b at address 0
[    0.985135] pcnet32: eth0: registered as PCnet/FAST III 79C973
[    0.985527] pcnet32: 1 cards_found
[    0.987253] piix4_smbus 0000:00:07.0: SMBus Host Controller at 0x4100, revision 0
[    0.990764] e1000: Intel(R) PRO/1000 Network Driver - version 7.3.21-k8-NAPI
[    0.990765] e1000: Copyright (c) 1999-2006 Intel Corporation.
[    1.062012] pcnet32 0000:00:03.0 enp0s3: renamed from eth0
[    1.202671] input: ImExPS/2 Generic Explorer Mouse as /devices/platform/i8042/serio1/input/input5
[    1.395510] e1000 0000:00:08.0 eth0: (PCI:33MHz:32-bit) 08:00:27:24:54:13
[    1.395514] e1000 0000:00:08.0 eth0: Intel(R) PRO/1000 Network Connection
[    1.767358] e1000 0000:00:09.0 eth1: (PCI:33MHz:32-bit) 08:00:27:84:0b:28
[    1.767360] e1000 0000:00:09.0 eth1: Intel(R) PRO/1000 Network Connection
[    1.768499] e1000 0000:00:09.0 enp0s9: renamed from eth1
[    1.770245] e1000 0000:00:08.0 enp0s8: renamed from eth0
[    1.919723] EXT4-fs (sda2): mounted filesystem with ordered data mode. Opts: (null)
[    2.003679] systemd[1]: Inserted module 'autofs4'
[    2.013064] systemd[1]: systemd 245.4-4ubuntu3 running in system mode. (+PAM +AUDIT +SELINUX +IMA +APPARMOR +SMACK +SYSVINIT +UTMP +LIBCRYPTSETUP +GCRYPT +GNUTLS +ACL +XZ +LZ4 +SECCOMP +BLKID +ELFUTILS +KMOD +IDN2 -IDN +PCRE2 default-hierarchy=hybrid)
[    2.013092] systemd[1]: Detected virtualization oracle.
[    2.013095] systemd[1]: Detected architecture x86-64.
[    2.014361] systemd[1]: Set hostname to <ztg>.
[    2.137496] systemd[1]: /lib/systemd/system/dbus.socket:5: ListenStream= references a path below legacy directory /var/run/, updating /var/run/dbus/system_bus_socket â†’ /run/dbus/system_bus_socket; please update the unit file accordingly.
[    2.189688] systemd[1]: Created slice system-modprobe.slice.
[    2.189867] systemd[1]: Created slice User and Session Slice.
[    2.189909] systemd[1]: Started Forward Password Requests to Wall Directory Watch.
[    2.190065] systemd[1]: Set up automount Arbitrary Executable File Formats File System Automount Point.
[    2.190095] systemd[1]: Reached target User and Group Name Lookups.
[    2.190104] systemd[1]: Reached target Remote File Systems.
[    2.190111] systemd[1]: Reached target Slices.
[    2.190679] systemd[1]: Listening on Syslog Socket.
[    2.190744] systemd[1]: Listening on fsck to fsckd communication Socket.
[    2.190780] systemd[1]: Listening on initctl Compatibility Named Pipe.
[    2.190914] systemd[1]: Listening on Journal Audit Socket.
[    2.190964] systemd[1]: Listening on Journal Socket (/dev/log).
[    2.191029] systemd[1]: Listening on Journal Socket.
[    2.191094] systemd[1]: Listening on udev Control Socket.
[    2.191183] systemd[1]: Listening on udev Kernel Socket.
[    2.191867] systemd[1]: Mounting Huge Pages File System...
[    2.192725] systemd[1]: Mounting POSIX Message Queue File System...
[    2.193565] systemd[1]: Mounting Kernel Debug File System...
[    2.194377] systemd[1]: Mounting Kernel Trace File System...
[    2.196252] systemd[1]: Starting Journal Service...
[    2.217698] systemd[1]: Starting Set the console keyboard layout...
[    2.225401] systemd[1]: Starting Create list of static device nodes for the current kernel...
[    2.227381] systemd[1]: Starting Load Kernel Module drm...
[    2.228496] systemd[1]: Condition check resulted in Set Up Additional Binary Formats being skipped.
[    2.228539] systemd[1]: Condition check resulted in File System Check on Root Device being skipped.
[    2.234664] systemd[1]: Starting Load Kernel Modules...
[    2.240277] systemd[1]: Starting Remount Root and Kernel File Systems...
[    2.255337] systemd[1]: Starting udev Coldplug all Devices...
[    2.267574] EXT4-fs (sda2): re-mounted. Opts: errors=remount-ro
[    2.268046] systemd[1]: Starting Uncomplicated firewall...
[    2.269461] systemd[1]: Mounted Huge Pages File System.
[    2.269549] systemd[1]: Mounted POSIX Message Queue File System.
[    2.269624] systemd[1]: Mounted Kernel Debug File System.
[    2.269690] systemd[1]: Mounted Kernel Trace File System.
[    2.296102] systemd[1]: Finished Create list of static device nodes for the current kernel.
[    2.296407] systemd[1]: modprobe@drm.service: Succeeded.
[    2.296626] systemd[1]: Finished Load Kernel Module drm.
[    2.302458] systemd[1]: Finished Remount Root and Kernel File Systems.
[    2.303512] systemd[1]: Finished Uncomplicated firewall.
[    2.335282] systemd[1]: Condition check resulted in Rebuild Hardware Database being skipped.
[    2.335316] systemd[1]: Condition check resulted in Platform Persistent Storage Archival being skipped.
[    2.335937] systemd[1]: Starting Load/Save Random Seed...
[    2.337676] lp: driver loaded but no devices found
[    2.342929] systemd[1]: Starting Create System Users...
[    2.351062] systemd[1]: Finished Load/Save Random Seed.
[    2.353404] ppdev: user-space parallel port driver
[    2.357922] systemd[1]: Finished Create System Users.
[    2.358629] systemd[1]: Starting Create Static Device Nodes in /dev...
[    2.382526] systemd[1]: Finished udev Coldplug all Devices.
[    2.392966] systemd[1]: Finished Create Static Device Nodes in /dev.
[    2.393720] systemd[1]: Starting udev Kernel Device Manager...
[    2.440931] [drm] DMA map mode: Caching DMA mappings.
[    2.440995] [drm] Capabilities:
[    2.440995] [drm]   Rect copy.
[    2.440996] [drm]   Cursor.
[    2.440996] [drm]   Cursor bypass.
[    2.440996] [drm]   Cursor bypass 2.
[    2.440997] [drm]   Alpha cursor.
[    2.440997] [drm]   Extended Fifo.
[    2.440997] [drm]   Pitchlock.
[    2.440998] [drm]   Irq mask.
[    2.440998] [drm]   GMR.
[    2.440998] [drm]   Traces.
[    2.440999] [drm]   GMR2.
[    2.440999] [drm]   Screen Object 2.
[    2.440999] [drm]   Command Buffers.
[    2.441000] [drm]   Command Buffers 2.
[    2.441000] [drm]   Guest Backed Resources.
[    2.441001] [drm] Max GMR ids is 8192
[    2.441002] [drm] Max number of GMR pages is 1048576
[    2.441002] [drm] Max dedicated hypervisor surface memory is 393216 kiB
[    2.441003] [drm] Maximum display memory size is 131072 kiB
[    2.441004] [drm] VRAM at 0xe0000000 size is 131072 kiB
[    2.441004] [drm] MMIO at 0xf0000000 size is 2048 kiB
[    2.443126] [TTM] Zone  kernel: Available graphics memory: 1011738 KiB
[    2.443139] [TTM] Initializing pool allocator
[    2.443281] [TTM] Initializing DMA pool allocator
[    2.443333] [drm] Supports vblank timestamp caching Rev 2 (21.10.2013).
[    2.443334] [drm] No driver support for vblank timestamp query.
[    2.443550] [drm] Screen Target Display device initialized
[    2.443728] [drm] width 720
[    2.443737] [drm] height 400
[    2.443740] [drm] bpp 32
[    2.444292] [drm] Fifo max 0x00200000 min 0x00001000 cap 0x00000355
[    2.445365] [drm] Using command buffers with DMA pool.
[    2.445368] [drm] DX: no.
[    2.445368] [drm] Atomic: yes.
[    2.445369] [drm] SM4_1: no.
[    2.445387] [drm:vmw_host_log [vmwgfx]] *ERROR* Failed to send host log message.
[    2.446307] [drm:vmw_host_log [vmwgfx]] *ERROR* Failed to send host log message.
[    2.460938] fbcon: svgadrmfb (fb0) is primary device
[    2.463045] Console: switching to colour frame buffer device 100x37
[    2.483988] [drm] Initialized vmwgfx 2.15.0 20180704 for 0000:00:02.0 on minor 0
[    2.484926] systemd[1]: Finished Load Kernel Modules.
[    2.485913] systemd[1]: Mounting FUSE Control File System...
[    2.487027] systemd[1]: Mounting Kernel Configuration File System...
[    2.496321] systemd[1]: Starting Apply Kernel Variables...
[    2.506462] systemd[1]: Mounted FUSE Control File System.
[    2.506528] systemd[1]: Condition check resulted in VMware vmblock fuse mount being skipped.
[    2.511871] systemd[1]: Mounted Kernel Configuration File System.
[    2.512973] systemd[1]: Finished Set the console keyboard layout.
[    2.513063] systemd[1]: Reached target Local File Systems (Pre).
[    2.519271] systemd[1]: Mounting Mount unit for bare, revision 5...
[    2.531242] systemd[1]: Mounting Mount unit for core18, revision 1705...
[    2.532437] systemd[1]: Mounting Mount unit for gnome-3-34-1804, revision 24...
[    2.533947] systemd[1]: Mounting Mount unit for gtk-common-themes, revision 1506...
[    2.556542] systemd[1]: Mounting Mount unit for gtk-common-themes, revision 1535...
[    2.560612] systemd[1]: Mounting Mount unit for snap-store, revision 433...
[    2.577195] systemd[1]: Mounting Mount unit for snapd, revision 25935...
[    2.603810] systemd[1]: Finished Apply Kernel Variables.
[    2.604107] systemd[1]: Mounted Mount unit for bare, revision 5.
[    2.621268] systemd[1]: Mounted Mount unit for gtk-common-themes, revision 1506.
[    2.622819] systemd[1]: Started udev Kernel Device Manager.
[    2.623550] systemd[1]: Starting Show Plymouth Boot Screen...
[    2.627713] systemd[1]: Received SIGRTMIN+20 from PID 272 (plymouthd).
[    2.633531] systemd[1]: Mounted Mount unit for core18, revision 1705.
[    2.636431] systemd[1]: Mounted Mount unit for gnome-3-34-1804, revision 24.
[    2.657520] systemd[1]: Mounted Mount unit for gtk-common-themes, revision 1535.
[    2.657762] systemd[1]: Started Show Plymouth Boot Screen.
[    2.657940] systemd[1]: Condition check resulted in Dispatch Password Requests to Console Directory Watch being skipped.
[    2.658021] systemd[1]: Started Forward Password Requests to Plymouth Directory Watch.
[    2.658089] systemd[1]: Reached target Local Encrypted Volumes.
[    2.708274] systemd[1]: Mounted Mount unit for snap-store, revision 433.
[    2.708546] systemd[1]: Mounted Mount unit for snapd, revision 25935.
[    2.708709] systemd[1]: Reached target Local File Systems.
[    2.709502] systemd[1]: Starting Load AppArmor profiles...
[    2.713370] systemd[1]: Starting Set console font and keymap...
[    2.739377] systemd[1]: Starting Tell Plymouth To Write Out Runtime Data...
[    2.740753] systemd[1]: Condition check resulted in Store a System Token in an EFI Variable being skipped.
[    2.740818] systemd[1]: Condition check resulted in Commit a transient machine-id on disk being skipped.
[    2.743233] systemd[1]: Finished Set console font and keymap.
[    2.752183] systemd[1]: Received SIGRTMIN+20 from PID 272 (plymouthd).
[    2.753567] systemd[1]: plymouth-read-write.service: Succeeded.
[    2.753861] systemd[1]: Finished Tell Plymouth To Write Out Runtime Data.
[    2.769142] audit: type=1400 audit(1768855986.620:2): apparmor="STATUS" operation="profile_load" profile="unconfined" name="nvidia_modprobe" pid=300 comm="apparmor_parser"
[    2.769143] audit: type=1400 audit(1768855986.620:3): apparmor="STATUS" operation="profile_load" profile="unconfined" name="nvidia_modprobe//kmod" pid=300 comm="apparmor_parser"
[    2.796137] audit: type=1400 audit(1768855986.644:4): apparmor="STATUS" operation="profile_load" profile="unconfined" name="/usr/sbin/tcpdump" pid=301 comm="apparmor_parser"
[    2.826966] audit: type=1400 audit(1768855986.672:5): apparmor="STATUS" operation="profile_load" profile="unconfined" name="/usr/bin/evince" pid=303 comm="apparmor_parser"
[    2.826968] audit: type=1400 audit(1768855986.672:6): apparmor="STATUS" operation="profile_load" profile="unconfined" name="/usr/bin/evince//sanitized_helper" pid=303 comm="apparmor_parser"
[    2.826969] audit: type=1400 audit(1768855986.672:7): apparmor="STATUS" operation="profile_load" profile="unconfined" name="/usr/bin/evince-previewer" pid=303 comm="apparmor_parser"
[    2.826971] audit: type=1400 audit(1768855986.672:8): apparmor="STATUS" operation="profile_load" profile="unconfined" name="/usr/bin/evince-previewer//sanitized_helper" pid=303 comm="apparmor_parser"
[    2.826972] audit: type=1400 audit(1768855986.672:9): apparmor="STATUS" operation="profile_load" profile="unconfined" name="/usr/bin/evince-thumbnailer" pid=303 comm="apparmor_parser"
[    2.853691] audit: type=1400 audit(1768855986.704:10): apparmor="STATUS" operation="profile_load" profile="unconfined" name="/usr/lib/cups/backend/cups-pdf" pid=304 comm="apparmor_parser"
[    2.912594] systemd[1]: Finished Load AppArmor profiles.
[    2.913526] systemd[1]: Starting Load AppArmor profiles managed internally by snapd...
[    3.033678] systemd[1]: Finished Load AppArmor profiles managed internally by snapd.
[    3.181049] systemd[1]: Started Journal Service.
[    3.190633] systemd-journald[229]: Received client request to flush runtime journal.
[    3.193984] systemd-journald[229]: File /var/log/journal/c455b248004a419c87ce85eea238d727/system.journal corrupted or uncleanly shut down, renaming and replacing.
[    4.443852] RAPL PMU: API unit is 2^-32 Joules, 0 fixed counters, 10737418240 ms ovfl timer
[    4.480098] cryptd: max_cpu_qlen set to 1000
[    4.539122] AVX2 version of gcm_enc/dec engaged.
[    4.539123] AES CTR mode by8 optimization enabled
[    6.342941] Adding 1998844k swap on /dev/sda1.  Priority:-2 extents:1 across:1998844k FS
[    7.950255] kauditd_printk_skb: 30 callbacks suppressed
[    7.950256] audit: type=1400 audit(1768855991.800:41): apparmor="DENIED" operation="capable" profile="/usr/sbin/cups-browsed" pid=511 comm="cups-browsed" capability=23  capname="sys_nice"
[    8.801767] pcnet32 0000:00:03.0 enp0s3: link up, 100Mbps, full-duplex
[    8.844410] e1000: enp0s8 NIC Link is Up 1000 Mbps Full Duplex, Flow Control: RX
[    8.844711] IPv6: ADDRCONF(NETDEV_CHANGE): enp0s8: link becomes ready
[    8.873864] e1000: enp0s9 NIC Link is Up 1000 Mbps Full Duplex, Flow Control: RX
[    8.874151] IPv6: ADDRCONF(NETDEV_CHANGE): enp0s9: link becomes ready
[    9.538040] device enp0s3 entered promiscuous mode
[    9.562936] audit: type=1400 audit(1768855993.412:42): apparmor="DENIED" operation="open" profile="/usr/sbin/tcpdump" name="/proc/sys/kernel/random/boot_id" pid=675 comm="tcpdump" requested_mask="r" denied_mask="r" fsuid=0 ouid=0
[    9.572488] audit: type=1400 audit(1768855993.420:43): apparmor="DENIED" operation="open" profile="/usr/sbin/tcpdump" name="/proc/sys/kernel/random/boot_id" pid=675 comm="tcpdump" requested_mask="r" denied_mask="r" fsuid=0 ouid=0
[    9.573353] audit: type=1400 audit(1768855993.420:44): apparmor="DENIED" operation="open" profile="/usr/sbin/tcpdump" name="/proc/sys/kernel/random/boot_id" pid=675 comm="tcpdump" requested_mask="r" denied_mask="r" fsuid=0 ouid=0
[    9.574714] audit: type=1400 audit(1768855993.420:45): apparmor="DENIED" operation="open" profile="/usr/sbin/tcpdump" name="/proc/sys/kernel/random/boot_id" pid=675 comm="tcpdump" requested_mask="r" denied_mask="r" fsuid=0 ouid=0
[    9.588500] audit: type=1400 audit(1768855993.436:46): apparmor="DENIED" operation="open" profile="/usr/sbin/tcpdump" name="/proc/sys/kernel/random/boot_id" pid=676 comm="tcpdump" requested_mask="r" denied_mask="r" fsuid=0 ouid=0
[    9.599186] audit: type=1400 audit(1768855993.448:47): apparmor="DENIED" operation="open" profile="/usr/sbin/tcpdump" name="/proc/sys/kernel/random/boot_id" pid=676 comm="tcpdump" requested_mask="r" denied_mask="r" fsuid=0 ouid=0
[    9.599353] audit: type=1400 audit(1768855993.448:48): apparmor="DENIED" operation="open" profile="/usr/sbin/tcpdump" name="/proc/sys/kernel/random/boot_id" pid=676 comm="tcpdump" requested_mask="r" denied_mask="r" fsuid=0 ouid=0
[    9.599535] audit: type=1400 audit(1768855993.448:49): apparmor="DENIED" operation="open" profile="/usr/sbin/tcpdump" name="/proc/sys/kernel/random/boot_id" pid=676 comm="tcpdump" requested_mask="r" denied_mask="r" fsuid=0 ouid=0
[   15.307841] rfkill: input handler disabled
[  306.966385] AAAAA-TCP_FORW: name:enp0s3: saddr:100932208: daddr:16783984
[  307.088538] AAAAA-TCP_FORW: name:enp0s3: saddr:100932208: daddr:16783984
[  308.010258] AAAAA-TCP_FORW: name:enp0s3: saddr:100932208: daddr:16783984
[  308.085629] AAAAA-TCP_FORW: name:enp0s3: saddr:100932208: daddr:16783984
[  308.813693] AAAAA-TCP_FORW: name:enp0s3: saddr:100932208: daddr:33561200
[  308.975874] AAAAA-TCP_FORW: name:enp0s3: saddr:100932208: daddr:33561200
[  309.005972] AAAAA-TCP_FORW: name:enp0s3: saddr:100932208: daddr:33561200
[  309.071954] AAAAA-TCP_FORW: name:enp0s3: saddr:100932208: daddr:33561200
[  309.100857] AAAAA-TCP_FORW: name:enp0s3: saddr:100932208: daddr:33561200
[  309.180467] AAAAA-TCP_FORW: name:enp0s3: saddr:100932208: daddr:33561200
[  309.272238] AAAAA-TCP_FORW: name:enp0s3: saddr:100932208: daddr:33561200
[  309.494598] AAAAA-TCP_FORW: name:enp0s3: saddr:100932208: daddr:33561200
[  309.595839] AAAAA-TCP_FORW: name:enp0s3: saddr:100932208: daddr:33561200
[  309.681812] AAAAA-TCP_FORW: name:enp0s3: saddr:100932208: daddr:33561200
[  309.765353] AAAAA-TCP_FORW: name:enp0s3: saddr:100932208: daddr:16783984
[  309.847242] AAAAA-TCP_FORW: name:enp0s3: saddr:100932208: daddr:33561200
[  309.916592] AAAAA-TCP_FORW: name:enp0s3: saddr:100932208: daddr:33561200
[  309.981060] AAAAA-TCP_FORW: name:enp0s3: saddr:100932208: daddr:33561200
[  310.109333] AAAAA-TCP_FORW: name:enp0s3: saddr:100932208: daddr:33561200
[  310.152709] AAAAA-TCP_FORW: name:enp0s3: saddr:100932208: daddr:33561200
[  310.257930] AAAAA-TCP_FORW: name:enp0s3: saddr:100932208: daddr:33561200
[  310.309775] AAAAA-TCP_FORW: name:enp0s3: saddr:100932208: daddr:33561200
[  310.488927] AAAAA-TCP_FORW: name:enp0s3: saddr:100932208: daddr:33561200
[  310.606281] AAAAA-TCP_FORW: name:enp0s3: saddr:100932208: daddr:33561200
[  310.680720] AAAAA-TCP_FORW: name:enp0s3: saddr:100932208: daddr:33561200
[  310.806757] AAAAA-TCP_FORW: name:enp0s3: saddr:100932208: daddr:33561200
[  321.385517] AAAAA-TCP_FORW: name:enp0s3: saddr:100932208: daddr:16783984
[  322.082251] AAAAA-TCP_FORW: name:enp0s3: saddr:100932208: daddr:16783984
[  322.167329] AAAAA-TCP_FORW: name:enp0s3: saddr:100932208: daddr:16783984
[  322.224881] AAAAA-TCP_FORW: name:enp0s3: saddr:100932208: daddr:33561200
[  322.900175] AAAAA-TCP_FORW: name:enp0s3: saddr:100932208: daddr:16783984
[  322.967542] AAAAA-TCP_FORW: name:enp0s3: saddr:100932208: daddr:16783984
[  323.051193] AAAAA-TCP_FORW: name:enp0s3: saddr:100932208: daddr:16783984
[  323.319166] AAAAA-TCP_FORW: name:enp0s3: saddr:100932208: daddr:16783984
[  323.921765] AAAAA-TCP_FORW: name:enp0s3: saddr:100932208: daddr:16783984
[  324.054521] AAAAA-TCP_FORW: name:enp0s3: saddr:100932208: daddr:33561200
[  324.121177] AAAAA-TCP_FORW: name:enp0s3: saddr:100932208: daddr:33561200
[  325.545125] AAAAA-TCP_FORW: name:enp0s3: saddr:100932208: daddr:16783984
[  330.498050] AAAAA-TCP_FORW: name:enp0s3: saddr:100932208: daddr:33561200
[  331.968813] AAAAA-TCP_FORW: name:enp0s3: saddr:100932208: daddr:16783984
[  332.727322] AAAAA-TCP_FORW: name:enp0s3: saddr:100932208: daddr:33561200
[  333.299375] AAAAA-TCP_FORW: name:enp0s3: saddr:100932208: daddr:16783984
[  333.650199] AAAAA-TCP_FORW: name:enp0s3: saddr:100932208: daddr:16783984
[  334.761915] AAAAA-TCP_FORW: name:enp0s3: saddr:100932208: daddr:33561200
[  334.861038] AAAAA-TCP_FORW: name:enp0s3: saddr:100932208: daddr:16783984
[  334.982707] AAAAA-TCP_FORW: name:enp0s3: saddr:100932208: daddr:16783984
[  335.316874] AAAAA-TCP_FORW: name:enp0s3: saddr:100932208: daddr:16783984
[  337.193616] AAAAA-TCP_FORW: name:enp0s3: saddr:100932208: daddr:33561200
[  338.984400] AAAAA-TCP_FORW: name:enp0s3: saddr:33561200: daddr:100932208
[  342.874367] AAAAA-TCP_FORW: name:enp0s3: saddr:33561200: daddr:100932208
[  343.278760] AAAAA-TCP_FORW: name:enp0s3: saddr:33561200: daddr:100932208
[  612.997189] rfkill: input handler enabled
[  621.604451] rfkill: input handler disabled
[  788.001384] device enp0s3 left promiscuous mode
