[    0.000000] Linux version 5.4.243-mptcp (root@ztg) (gcc version 12.2.0 (Debian 12.2.0-14+deb12u1)) #53 SMP Wed Dec 24 23:28:15 CST 2025
[    0.000000] Command line: BOOT_IMAGE=/boot/vmlinuz-5.4.243-mptcp root=UUID=98415a12-53b7-4144-8265-0f7ece09e445 ro quiet splash
[    0.000000] KERNEL supported cpus:
[    0.000000]   Intel GenuineIntel
[    0.000000]   AMD AuthenticAMD
[    0.000000]   Hygon HygonGenuine
[    0.000000]   Centaur CentaurHauls
[    0.000000]   zhaoxin   Shanghai  
[    0.000000] x86/fpu: Supporting XSAVE feature 0x001: 'x87 floating point registers'
[    0.000000] x86/fpu: Supporting XSAVE feature 0x002: 'SSE registers'
[    0.000000] x86/fpu: Supporting XSAVE feature 0x004: 'AVX registers'
[    0.000000] x86/fpu: xstate_offset[2]:  576, xstate_sizes[2]:  256
[    0.000000] x86/fpu: Enabled xstate features 0x7, context size is 832 bytes, using 'standard' format.
[    0.000000] BIOS-provided physical RAM map:
[    0.000000] BIOS-e820: [mem 0x0000000000000000-0x000000000009fbff] usable
[    0.000000] BIOS-e820: [mem 0x000000000009fc00-0x000000000009ffff] reserved
[    0.000000] BIOS-e820: [mem 0x00000000000f0000-0x00000000000fffff] reserved
[    0.000000] BIOS-e820: [mem 0x0000000000100000-0x000000007ffeffff] usable
[    0.000000] BIOS-e820: [mem 0x000000007fff0000-0x000000007fffffff] ACPI data
[    0.000000] BIOS-e820: [mem 0x00000000fec00000-0x00000000fec00fff] reserved
[    0.000000] BIOS-e820: [mem 0x00000000fee00000-0x00000000fee00fff] reserved
[    0.000000] BIOS-e820: [mem 0x00000000fffc0000-0x00000000ffffffff] reserved
[    0.000000] NX (Execute Disable) protection: active
[    0.000000] SMBIOS 2.5 present.
[    0.000000] DMI: innotek GmbH VirtualBox/VirtualBox, BIOS VirtualBox 12/01/2006
[    0.000000] Hypervisor detected: KVM
[    0.000000] kvm-clock: Using msrs 4b564d01 and 4b564d00
[    0.000000] kvm-clock: cpu 0, msr 15c01001, primary cpu clock
[    0.000000] kvm-clock: using sched offset of 4442422977 cycles
[    0.000003] clocksource: kvm-clock: mask: 0xffffffffffffffff max_cycles: 0x1cd42e4dffb, max_idle_ns: 881590591483 ns
[    0.000006] tsc: Detected 2100.000 MHz processor
[    0.002053] e820: update [mem 0x00000000-0x00000fff] usable ==> reserved
[    0.002055] e820: remove [mem 0x000a0000-0x000fffff] usable
[    0.002059] last_pfn = 0x7fff0 max_arch_pfn = 0x400000000
[    0.002127] MTRR default type: uncachable
[    0.002128] MTRR fixed ranges enabled:
[    0.002129]   00000-9FFFF write-back
[    0.002130]   A0000-BFFFF uncachable
[    0.002131]   C0000-FFFFF write-protect
[    0.002132] MTRR variable ranges enabled:
[    0.002133]   0 base 000000000000 mask 3FFF80000000 write-back
[    0.002134]   1 disabled
[    0.002135]   2 disabled
[    0.002135]   3 disabled
[    0.002135]   4 disabled
[    0.002136]   5 disabled
[    0.002136]   6 disabled
[    0.002137]   7 disabled
[    0.002137]   8 disabled
[    0.002137]   9 disabled
[    0.002138]   10 disabled
[    0.002138]   11 disabled
[    0.002139]   12 disabled
[    0.002139]   13 disabled
[    0.002140]   14 disabled
[    0.002140]   15 disabled
[    0.002158] x86/PAT: Configuration [0-7]: WB  WC  UC- UC  WB  WP  UC- WT  
[    0.002317] found SMP MP-table at [mem 0x0009fff0-0x0009ffff]
[    0.114056] check: Scanning 1 areas for low memory corruption
[    0.114189] RAMDISK: [mem 0x32271000-0x3512ffff]
[    0.114198] ACPI: Early table checksum verification disabled
[    0.114204] ACPI: RSDP 0x00000000000E0000 000024 (v02 VBOX  )
[    0.114209] ACPI: XSDT 0x000000007FFF0030 00003C (v01 VBOX   VBOXXSDT 00000001 ASL  00000061)
[    0.114216] ACPI: FACP 0x000000007FFF00F0 0000F4 (v04 VBOX   VBOXFACP 00000001 ASL  00000061)
[    0.114224] ACPI: DSDT 0x000000007FFF02E0 002353 (v02 VBOX   VBOXBIOS 00000002 VBOX 00029BF3)
[    0.114229] ACPI: FACS 0x000000007FFF0200 000040
[    0.114233] ACPI: FACS 0x000000007FFF0200 000040
[    0.114236] ACPI: APIC 0x000000007FFF0240 000054 (v02 VBOX   VBOXAPIC 00000001 ASL  00000061)
[    0.114241] ACPI: SSDT 0x000000007FFF02A0 000038 (v01 VBOX   VBOXCPUT 00000002 VBOX 00029BF3)
[    0.114245] ACPI: Reserving FACP table memory at [mem 0x7fff00f0-0x7fff01e3]
[    0.114245] ACPI: Reserving DSDT table memory at [mem 0x7fff02e0-0x7fff2632]
[    0.114246] ACPI: Reserving FACS table memory at [mem 0x7fff0200-0x7fff023f]
[    0.114247] ACPI: Reserving FACS table memory at [mem 0x7fff0200-0x7fff023f]
[    0.114247] ACPI: Reserving APIC table memory at [mem 0x7fff0240-0x7fff0293]
[    0.114248] ACPI: Reserving SSDT table memory at [mem 0x7fff02a0-0x7fff02d7]
[    0.114266] ACPI: Local APIC address 0xfee00000
[    0.114468] No NUMA configuration found
[    0.114469] Faking a node at [mem 0x0000000000000000-0x000000007ffeffff]
[    0.114480] NODE_DATA(0) allocated [mem 0x7ffc5000-0x7ffeffff]
[    0.114764] Zone ranges:
[    0.114765]   DMA      [mem 0x0000000000001000-0x0000000000ffffff]
[    0.114766]   DMA32    [mem 0x0000000001000000-0x000000007ffeffff]
[    0.114767]   Normal   empty
[    0.114768]   Device   empty
[    0.114769] Movable zone start for each node
[    0.114771] Early memory node ranges
[    0.114771]   node   0: [mem 0x0000000000001000-0x000000000009efff]
[    0.114772]   node   0: [mem 0x0000000000100000-0x000000007ffeffff]
[    0.114775] Zeroed struct page in unavailable ranges: 114 pages
[    0.114776] Initmem setup node 0 [mem 0x0000000000001000-0x000000007ffeffff]
[    0.114777] On node 0 totalpages: 524174
[    0.114779]   DMA zone: 64 pages used for memmap
[    0.114779]   DMA zone: 21 pages reserved
[    0.114780]   DMA zone: 3998 pages, LIFO batch:0
[    0.114852]   DMA32 zone: 8128 pages used for memmap
[    0.114853]   DMA32 zone: 520176 pages, LIFO batch:63
[    0.123933] ACPI: PM-Timer IO Port: 0x4008
[    0.123938] ACPI: Local APIC address 0xfee00000
[    0.124010] IOAPIC[0]: apic_id 1, version 32, address 0xfec00000, GSI 0-23
[    0.124014] ACPI: INT_SRC_OVR (bus 0 bus_irq 0 global_irq 2 dfl dfl)
[    0.124016] ACPI: INT_SRC_OVR (bus 0 bus_irq 9 global_irq 9 low level)
[    0.124019] ACPI: IRQ0 used by override.
[    0.124020] ACPI: IRQ9 used by override.
[    0.124023] Using ACPI (MADT) for SMP configuration information
[    0.124031] smpboot: Allowing 1 CPUs, 0 hotplug CPUs
[    0.124056] PM: Registered nosave memory: [mem 0x00000000-0x00000fff]
[    0.124057] PM: Registered nosave memory: [mem 0x0009f000-0x0009ffff]
[    0.124058] PM: Registered nosave memory: [mem 0x000a0000-0x000effff]
[    0.124058] PM: Registered nosave memory: [mem 0x000f0000-0x000fffff]
[    0.124060] [mem 0x80000000-0xfebfffff] available for PCI devices
[    0.124061] Booting paravirtualized kernel on KVM
[    0.124064] clocksource: refined-jiffies: mask: 0xffffffff max_cycles: 0xffffffff, max_idle_ns: 7645519600211568 ns
[    0.124069] setup_percpu: NR_CPUS:8192 nr_cpumask_bits:1 nr_cpu_ids:1 nr_node_ids:1
[    0.125078] percpu: Embedded 60 pages/cpu s208896 r8192 d28672 u2097152
[    0.125083] pcpu-alloc: s208896 r8192 d28672 u2097152 alloc=1*2097152
[    0.125084] pcpu-alloc: [0] 0 
[    0.125111] Built 1 zonelists, mobility grouping on.  Total pages: 515961
[    0.125112] Policy zone: DMA32
[    0.125113] Kernel command line: BOOT_IMAGE=/boot/vmlinuz-5.4.243-mptcp root=UUID=98415a12-53b7-4144-8265-0f7ece09e445 ro quiet splash
[    0.125955] Dentry cache hash table entries: 262144 (order: 9, 2097152 bytes, linear)
[    0.126220] Inode-cache hash table entries: 131072 (order: 8, 1048576 bytes, linear)
[    0.126277] mem auto-init: stack:off, heap alloc:on, heap free:off
[    0.126280] Calgary: detecting Calgary via BIOS EBDA area
[    0.126281] Calgary: Unable to locate Rio Grande table in EBDA - bailing!
[    0.130478] Memory: 1967332K/2096696K available (14339K kernel code, 2398K rwdata, 4712K rodata, 2728K init, 17260K bss, 129364K reserved, 0K cma-reserved)
[    0.131428] SLUB: HWalign=64, Order=0-3, MinObjects=0, CPUs=1, Nodes=1
[    0.131446] ftrace: allocating 43186 entries in 169 pages
[    0.149624] rcu: Hierarchical RCU implementation.
[    0.149626] rcu: 	RCU restricting CPUs from NR_CPUS=8192 to nr_cpu_ids=1.
[    0.149627] 	Tasks RCU enabled.
[    0.149628] rcu: RCU calculated value of scheduler-enlistment delay is 25 jiffies.
[    0.149628] rcu: Adjusting geometry for rcu_fanout_leaf=16, nr_cpu_ids=1
[    0.152678] NR_IRQS: 524544, nr_irqs: 256, preallocated irqs: 16
[    0.152895] random: crng init done
[    0.162269] Console: colour VGA+ 80x25
[    0.162273] printk: console [tty0] enabled
[    0.162296] ACPI: Core revision 20190816
[    0.162402] APIC: Switch to symmetric I/O mode setup
[    0.162654] x2apic enabled
[    0.162895] Switched APIC routing to physical x2apic.
[    0.164057] ..TIMER: vector=0x30 apic1=0 pin1=2 apic2=-1 pin2=-1
[    0.164086] clocksource: tsc-early: mask: 0xffffffffffffffff max_cycles: 0x1e4530a99b6, max_idle_ns: 440795257976 ns
[    0.164092] Calibrating delay loop (skipped) preset value.. 4200.00 BogoMIPS (lpj=8400000)
[    0.164094] pid_max: default: 32768 minimum: 301
[    0.164124] LSM: Security Framework initializing
[    0.164134] Yama: becoming mindful.
[    0.164160] AppArmor: AppArmor initialized
[    0.164193] Mount-cache hash table entries: 4096 (order: 3, 32768 bytes, linear)
[    0.164197] Mountpoint-cache hash table entries: 4096 (order: 3, 32768 bytes, linear)
[    0.164207] *** VALIDATE tmpfs ***
[    0.164340] *** VALIDATE proc ***
[    0.164382] *** VALIDATE cgroup1 ***
[    0.164383] *** VALIDATE cgroup2 ***
[    0.164525] process: using mwait in idle threads
[    0.164529] Last level iTLB entries: 4KB 64, 2MB 8, 4MB 8
[    0.164530] Last level dTLB entries: 4KB 64, 2MB 0, 4MB 0, 1GB 4
[    0.164550] Spectre V1 : Mitigation: usercopy/swapgs barriers and __user pointer sanitization
[    0.164555] Spectre V2 : Mitigation: Retpolines
[    0.164556] Spectre V2 : Spectre v2 / SpectreRSB mitigation: Filling RSB on context switch
[    0.164556] Spectre V2 : Spectre v2 / SpectreRSB : Filling RSB on VMEXIT
[    0.164557] RETBleed: WARNING: Spectre v2 mitigation leaves CPU vulnerable to RETBleed attacks, data leaks possible!
[    0.164911] RETBleed: Vulnerable
[    0.164912] Speculative Store Bypass: Vulnerable
[    0.164916] TAA: Mitigation: TSX disabled
[    0.164917] MMIO Stale Data: Mitigation: Clear CPU buffers
[    0.169131] Freeing SMP alternatives memory: 40K
[    0.281438] smpboot: CPU0: Intel(R) Xeon(R) Silver 4216 CPU @ 2.10GHz (family: 0x6, model: 0x55, stepping: 0x7)
[    0.281616] Performance Events: unsupported p6 CPU model 85 no PMU driver, software events only.
[    0.281665] rcu: Hierarchical SRCU implementation.
[    0.282186] NMI watchdog: Perf NMI watchdog permanently disabled
[    0.282230] smp: Bringing up secondary CPUs ...
[    0.282231] smp: Brought up 1 node, 1 CPU
[    0.282232] smpboot: Max logical packages: 1
[    0.282234] smpboot: Total of 1 processors activated (4200.00 BogoMIPS)
[    0.283275] devtmpfs: initialized
[    0.283325] x86/mm: Memory block size: 128MB
[    0.283712] clocksource: jiffies: mask: 0xffffffff max_cycles: 0xffffffff, max_idle_ns: 7645041785100000 ns
[    0.283718] futex hash table entries: 256 (order: 2, 16384 bytes, linear)
[    0.283767] pinctrl core: initialized pinctrl subsystem
[    0.283876] PM: RTC time: 14:32:04, date: 2026-01-17
[    0.283988] NET: Registered protocol family 16
[    0.284065] audit: initializing netlink subsys (disabled)
[    0.284088] EISA bus registered
[    0.284088] cpuidle: using governor ladder
[    0.284088] cpuidle: using governor menu
[    0.284088] ACPI: bus type PCI registered
[    0.284088] acpiphp: ACPI Hot Plug PCI Controller Driver version: 0.5
[    0.284088] PCI: Using configuration type 1 for base access
[    0.284715] audit: type=2000 audit(1768631530.737:1): state=initialized audit_enabled=0 res=1
[    0.284804] HugeTLB registered 2.00 MiB page size, pre-allocated 0 pages
[    0.285702] ACPI: Added _OSI(Module Device)
[    0.285703] ACPI: Added _OSI(Processor Device)
[    0.285704] ACPI: Added _OSI(3.0 _SCP Extensions)
[    0.285705] ACPI: Added _OSI(Processor Aggregator Device)
[    0.285706] ACPI: Added _OSI(Linux-Dell-Video)
[    0.285706] ACPI: Added _OSI(Linux-Lenovo-NV-HDMI-Audio)
[    0.285707] ACPI: Added _OSI(Linux-HPI-Hybrid-Graphics)
[    0.287697] ACPI: 2 ACPI AML tables successfully acquired and loaded
[    0.289297] ACPI: Interpreter enabled
[    0.289307] ACPI: (supports S0 S5)
[    0.289308] ACPI: Using IOAPIC for interrupt routing
[    0.289514] PCI: Using host bridge windows from ACPI; if necessary, use "pci=nocrs" and report a bug
[    0.289628] ACPI: Enabled 2 GPEs in block 00 to 07
[    0.294737] ACPI: PCI Root Bridge [PCI0] (domain 0000 [bus 00-ff])
[    0.294743] acpi PNP0A03:00: _OSC: OS supports [ASPM ClockPM Segments MSI HPX-Type3]
[    0.295188] acpi PNP0A03:00: _OSC: not requesting OS control; OS requires [ExtendedConfig ASPM ClockPM MSI]
[    0.295196] acpi PNP0A03:00: fail to add MMCONFIG information, can't access extended PCI configuration space under this bridge.
[    0.295621] PCI host bridge to bus 0000:00
[    0.295623] pci_bus 0000:00: root bus resource [io  0x0000-0x0cf7 window]
[    0.295624] pci_bus 0000:00: root bus resource [io  0x0d00-0xffff window]
[    0.295626] pci_bus 0000:00: root bus resource [mem 0x000a0000-0x000bffff window]
[    0.295627] pci_bus 0000:00: root bus resource [mem 0x80000000-0xfdffffff window]
[    0.295628] pci_bus 0000:00: root bus resource [bus 00-ff]
[    0.295677] pci 0000:00:00.0: [8086:1237] type 00 class 0x060000
[    0.296838] pci 0000:00:01.0: [8086:7000] type 00 class 0x060100
[    0.297702] pci 0000:00:01.1: [8086:7111] type 00 class 0x01018a
[    0.298130] pci 0000:00:01.1: reg 0x20: [io  0xd000-0xd00f]
[    0.298312] pci 0000:00:01.1: legacy IDE quirk: reg 0x10: [io  0x01f0-0x01f7]
[    0.298313] pci 0000:00:01.1: legacy IDE quirk: reg 0x14: [io  0x03f6]
[    0.298314] pci 0000:00:01.1: legacy IDE quirk: reg 0x18: [io  0x0170-0x0177]
[    0.298315] pci 0000:00:01.1: legacy IDE quirk: reg 0x1c: [io  0x0376]
[    0.298884] pci 0000:00:02.0: [15ad:0405] type 00 class 0x030000
[    0.302032] pci 0000:00:02.0: reg 0x10: [io  0xd010-0xd01f]
[    0.304136] pci 0000:00:02.0: reg 0x14: [mem 0xe0000000-0xe7ffffff pref]
[    0.308134] pci 0000:00:02.0: reg 0x18: [mem 0xf0000000-0xf01fffff]
[    0.318700] pci 0000:00:03.0: [1022:2000] type 00 class 0x020000
[    0.319401] pci 0000:00:03.0: reg 0x10: [io  0xd020-0xd03f]
[    0.320033] pci 0000:00:03.0: reg 0x14: [mem 0xf0200000-0xf0200fff]
[    0.323282] pci 0000:00:04.0: [80ee:cafe] type 00 class 0x088000
[    0.324212] pci 0000:00:04.0: reg 0x10: [io  0xd040-0xd05f]
[    0.324844] pci 0000:00:04.0: reg 0x14: [mem 0xf0400000-0xf07fffff]
[    0.325461] pci 0000:00:04.0: reg 0x18: [mem 0xf0800000-0xf0803fff pref]
[    0.329153] pci 0000:00:07.0: [8086:7113] type 00 class 0x068000
[    0.329769] pci 0000:00:07.0: quirk: [io  0x4000-0x403f] claimed by PIIX4 ACPI
[    0.329781] pci 0000:00:07.0: quirk: [io  0x4100-0x410f] claimed by PIIX4 SMB
[    0.330486] pci 0000:00:08.0: [8086:100e] type 00 class 0x020000
[    0.331236] pci 0000:00:08.0: reg 0x10: [mem 0xf0820000-0xf083ffff]
[    0.332216] pci 0000:00:08.0: reg 0x18: [io  0xd060-0xd067]
[    0.336168] pci 0000:00:09.0: [8086:100e] type 00 class 0x020000
[    0.336911] pci 0000:00:09.0: reg 0x10: [mem 0xf0840000-0xf085ffff]
[    0.338088] pci 0000:00:09.0: reg 0x18: [io  0xd068-0xd06f]
[    0.349017] ACPI: PCI Interrupt Link [LNKA] (IRQs 5 9 10 *11)
[    0.349306] ACPI: PCI Interrupt Link [LNKB] (IRQs 5 9 *10 11)
[    0.349420] ACPI: PCI Interrupt Link [LNKC] (IRQs 5 *9 10 11)
[    0.349527] ACPI: PCI Interrupt Link [LNKD] (IRQs 5 9 10 *11)
[    0.349816] iommu: Default domain type: Translated 
[    0.349881] pci 0000:00:02.0: vgaarb: setting as boot VGA device
[    0.349883] pci 0000:00:02.0: vgaarb: VGA device added: decodes=io+mem,owns=io+mem,locks=none
[    0.349885] pci 0000:00:02.0: vgaarb: bridge control possible
[    0.349886] vgaarb: loaded
[    0.350104] SCSI subsystem initialized
[    0.350140] libata version 3.00 loaded.
[    0.350165] ACPI: bus type USB registered
[    0.350182] usbcore: registered new interface driver usbfs
[    0.350187] usbcore: registered new interface driver hub
[    0.350193] usbcore: registered new device driver usb
[    0.350223] pps_core: LinuxPPS API ver. 1 registered
[    0.350224] pps_core: Software ver. 5.3.6 - Copyright 2005-2007 Rodolfo Giometti <giometti@linux.it>
[    0.350226] PTP clock support registered
[    0.350267] EDAC MC: Ver: 3.0.0
[    0.350582] PCI: Using ACPI for IRQ routing
[    0.350584] PCI: pci_cache_line_size set to 64 bytes
[    0.350780] e820: reserve RAM buffer [mem 0x0009fc00-0x0009ffff]
[    0.350784] e820: reserve RAM buffer [mem 0x7fff0000-0x7fffffff]
[    0.351612] NetLabel: Initializing
[    0.351613] NetLabel:  domain hash size = 128
[    0.351614] NetLabel:  protocols = UNLABELED CIPSOv4 CALIPSO
[    0.351634] NetLabel:  unlabeled traffic allowed by default
[    0.352514] clocksource: Switched to clocksource kvm-clock
[    0.363293] *** VALIDATE bpf ***
[    0.363293] VFS: Disk quotas dquot_6.6.0
[    0.363293] VFS: Dquot-cache hash table entries: 512 (order 0, 4096 bytes)
[    0.363293] *** VALIDATE ramfs ***
[    0.363293] *** VALIDATE hugetlbfs ***
[    0.363293] AppArmor: AppArmor Filesystem Enabled
[    0.363293] pnp: PnP ACPI init
[    0.363293] pnp 00:00: Plug and Play ACPI device, IDs PNP0303 (active)
[    0.367175] pnp 00:01: Plug and Play ACPI device, IDs PNP0f03 (active)
[    0.367989] pnp: PnP ACPI: found 2 devices
[    0.369073] thermal_sys: Registered thermal governor 'fair_share'
[    0.369074] thermal_sys: Registered thermal governor 'bang_bang'
[    0.369075] thermal_sys: Registered thermal governor 'step_wise'
[    0.369075] thermal_sys: Registered thermal governor 'user_space'
[    0.369076] thermal_sys: Registered thermal governor 'power_allocator'
[    0.373634] clocksource: acpi_pm: mask: 0xffffff max_cycles: 0xffffff, max_idle_ns: 2085701024 ns
[    0.373676] pci_bus 0000:00: resource 4 [io  0x0000-0x0cf7 window]
[    0.373677] pci_bus 0000:00: resource 5 [io  0x0d00-0xffff window]
[    0.373679] pci_bus 0000:00: resource 6 [mem 0x000a0000-0x000bffff window]
[    0.373680] pci_bus 0000:00: resource 7 [mem 0x80000000-0xfdffffff window]
[    0.373741] NET: Registered protocol family 2
[    0.373818] IP idents hash table entries: 32768 (order: 6, 262144 bytes, linear)
[    0.374231] MPTCP tokens hash table entries: 8192 (order: 4, 65536 bytes, linear)
[    0.374251] MPTCP request tokens hash table entries: 8192 (order: 4, 65536 bytes, linear)
[    0.374278] default registered
[    0.374278] default registered
[    0.374278] MPTCP: Stable release v0.96
[    0.374283] tcp_listen_portaddr_hash hash table entries: 1024 (order: 2, 16384 bytes, linear)
[    0.374364] TCP established hash table entries: 16384 (order: 5, 131072 bytes, linear)
[    0.374427] TCP bind hash table entries: 16384 (order: 6, 262144 bytes, linear)
[    0.374453] TCP: Hash tables configured (established 16384 bind 16384)
[    0.375189] UDP hash table entries: 1024 (order: 3, 32768 bytes, linear)
[    0.375201] UDP-Lite hash table entries: 1024 (order: 3, 32768 bytes, linear)
[    0.375233] NET: Registered protocol family 1
[    0.375233] NET: Registered protocol family 44
[    0.375292] pci 0000:00:00.0: Limiting direct PCI/PCI transfers
[    0.375307] pci 0000:00:01.0: Activating ISA DMA hang workarounds
[    0.375370] pci 0000:00:02.0: Video device with shadowed ROM at [mem 0x000c0000-0x000dffff]
[    0.375442] PCI: CLS 0 bytes, default 64
[    0.375495] Trying to unpack rootfs image as initramfs...
[    0.555352] Freeing initrd memory: 47868K
[    0.555352] clocksource: tsc: mask: 0xffffffffffffffff max_cycles: 0x1e4530a99b6, max_idle_ns: 440795257976 ns
[    0.555352] clocksource: Switched to clocksource tsc
[    0.555352] platform rtc_cmos: registered platform RTC device (no PNP device found)
[    0.555352] check: Scanning for low memory corruption every 60 seconds
[    0.555352] Initialise system trusted keyrings
[    0.555352] Key type blacklist registered
[    0.555352] workingset: timestamp_bits=36 max_order=19 bucket_order=0
[    0.555352] zbud: loaded
[    0.555352] squashfs: version 4.0 (2009/01/31) Phillip Lougher
[    0.555352] fuse: init (API version 7.31)
[    0.555352] *** VALIDATE fuse ***
[    0.555352] *** VALIDATE fuse ***
[    0.555352] Platform Keyring initialized
[    0.555352] Key type asymmetric registered
[    0.555352] Asymmetric key parser 'x509' registered
[    0.555352] Block layer SCSI generic (bsg) driver version 0.4 loaded (major 244)
[    0.555352] io scheduler mq-deadline registered
[    0.555352] shpchp: Standard Hot Plug PCI Controller Driver version: 0.4
[    0.562942] ACPI: AC Adapter [AC] (on-line)
[    0.562989] input: Power Button as /devices/LNXSYSTM:00/LNXPWRBN:00/input/input0
[    0.563019] ACPI: Power Button [PWRF]
[    0.563129] input: Sleep Button as /devices/LNXSYSTM:00/LNXSLPBN:00/input/input1
[    0.563145] ACPI: Sleep Button [SLPF]
[    0.563405] Serial: 8250/16550 driver, 32 ports, IRQ sharing enabled
[    0.564613] Linux agpgart interface v0.103
[    0.659290] loop: module loaded
[    0.659454] ata_piix 0000:00:01.1: version 2.13
[    0.659882] scsi host0: ata_piix
[    0.659977] scsi host1: ata_piix
[    0.660005] ata1: PATA max UDMA/33 cmd 0x1f0 ctl 0x3f6 bmdma 0xd000 irq 14
[    0.660006] ata2: PATA max UDMA/33 cmd 0x170 ctl 0x376 bmdma 0xd008 irq 15
[    0.660089] tun: Universal TUN/TAP device driver, 1.6
[    0.660416] PPP generic driver version 2.4.2
[    0.660463] VFIO - User Level meta-driver version: 0.3
[    0.660714] ehci_hcd: USB 2.0 'Enhanced' Host Controller (EHCI) Driver
[    0.660720] ehci-pci: EHCI PCI platform driver
[    0.660735] ehci-platform: EHCI generic platform driver
[    0.660741] ohci_hcd: USB 1.1 'Open' Host Controller (OHCI) Driver
[    0.660743] ohci-pci: OHCI PCI platform driver
[    0.660750] ohci-platform: OHCI generic platform driver
[    0.660754] uhci_hcd: USB Universal Host Controller Interface driver
[    0.660820] i8042: PNP: PS/2 Controller [PNP0303:PS2K,PNP0f03:PS2M] at 0x60,0x64 irq 1,12
[    0.661265] serio: i8042 KBD port at 0x60,0x64 irq 1
[    0.661269] serio: i8042 AUX port at 0x60,0x64 irq 12
[    0.661359] mousedev: PS/2 mouse device common for all mice
[    0.661628] input: AT Translated Set 2 keyboard as /devices/platform/i8042/serio0/input/input2
[    0.662049] rtc_cmos rtc_cmos: registered as rtc0
[    0.662063] rtc_cmos rtc_cmos: alarms up to one day, 114 bytes nvram
[    0.662068] i2c /dev entries driver
[    0.662113] device-mapper: uevent: version 1.0.3
[    0.662158] device-mapper: ioctl: 4.41.0-ioctl (2019-09-16) initialised: dm-devel@redhat.com
[    0.662176] platform eisa.0: Probing EISA bus 0
[    0.662177] platform eisa.0: EISA: Cannot allocate resource for mainboard
[    0.662178] platform eisa.0: Cannot allocate resource for EISA slot 1
[    0.662179] platform eisa.0: Cannot allocate resource for EISA slot 2
[    0.662181] platform eisa.0: Cannot allocate resource for EISA slot 3
[    0.662181] platform eisa.0: Cannot allocate resource for EISA slot 4
[    0.662183] platform eisa.0: Cannot allocate resource for EISA slot 5
[    0.662183] platform eisa.0: Cannot allocate resource for EISA slot 6
[    0.662184] platform eisa.0: Cannot allocate resource for EISA slot 7
[    0.662185] platform eisa.0: Cannot allocate resource for EISA slot 8
[    0.662186] platform eisa.0: EISA: Detected 0 cards
[    0.662190] intel_pstate: CPU model not supported
[    0.662200] ledtrig-cpu: registered to indicate activity on CPUs
[    0.662259] drop_monitor: Initializing network drop monitor service
[    0.662422] NET: Registered protocol family 10
[    0.667249] Segment Routing with IPv6
[    0.667249] fullmesh registered
[    0.667249] ndiffports registered
[    0.667249] binder registered
[    0.667249] roundrobin registered
[    0.667249] redundant registered
[    0.667249] blest registered
[    0.667249] ecf registered
[    0.667249] NET: Registered protocol family 17
[    0.667249] Key type dns_resolver registered
[    0.667249] RAS: Correctable Errors collector initialized.
[    0.667249] IPI shorthand broadcast: enabled
[    0.667249] sched_clock: Marking stable (652045868, 11203831)->(663441113, -191414)
[    0.668286] registered taskstats version 1
[    0.668296] Loading compiled-in X.509 certificates
[    0.668890] Loaded X.509 cert 'Build time autogenerated kernel key: 6909f3744cebb3d0de528d5887b96a727de79b1e'
[    0.668909] zswap: loaded using pool lzo/zbud
[    0.668965] Key type ._fscrypt registered
[    0.668966] Key type .fscrypt registered
[    0.673780] Key type big_key registered
[    0.676115] Key type encrypted registered
[    0.676117] AppArmor: AppArmor sha1 policy hashing enabled
[    0.676126] ima: No TPM chip found, activating TPM-bypass!
[    0.676130] ima: Allocated hash algorithm: sha1
[    0.676135] ima: No architecture policies found
[    0.676145] evm: Initialising EVM extended attributes:
[    0.676145] evm: security.selinux
[    0.676146] evm: security.SMACK64
[    0.676146] evm: security.SMACK64EXEC
[    0.676146] evm: security.SMACK64TRANSMUTE
[    0.676147] evm: security.SMACK64MMAP
[    0.676147] evm: security.apparmor
[    0.676148] evm: security.ima
[    0.676148] evm: security.capability
[    0.676149] evm: HMAC attrs: 0x1
[    0.676448] PM:   Magic number: 10:209:536
[    0.676459] tty ttyS16: hash matches
[    0.676581] rtc_cmos rtc_cmos: setting system clock to 2026-01-17T14:32:05 UTC (1768660325)
[    0.830786] ata1.00: ATA-6: VBOX HARDDISK, 1.0, max UDMA/133
[    0.830788] ata1.00: 209715200 sectors, multi 128: LBA 
[    0.831221] scsi 0:0:0:0: Direct-Access     ATA      VBOX HARDDISK    1.0  PQ: 0 ANSI: 5
[    0.831426] sd 0:0:0:0: [sda] 209715200 512-byte logical blocks: (107 GB/100 GiB)
[    0.831432] sd 0:0:0:0: [sda] Write Protect is off
[    0.831434] sd 0:0:0:0: [sda] Mode Sense: 00 3a 00 00
[    0.831444] sd 0:0:0:0: [sda] Write cache: enabled, read cache: enabled, doesn't support DPO or FUA
[    0.831639] sd 0:0:0:0: Attached scsi generic sg0 type 0
[    0.832388]  sda: sda1 sda2
[    0.843449] sd 0:0:0:0: [sda] Attached SCSI disk
[    0.845632] Freeing unused decrypted memory: 2040K
[    0.846385] Freeing unused kernel image memory: 2728K
[    0.846388] Write protecting the kernel read-only data: 22528k
[    0.847142] Freeing unused kernel image memory: 2036K
[    0.847571] Freeing unused kernel image memory: 1432K
[    0.863874] x86/mm: Checked W+X mappings: passed, no W+X pages found.
[    0.863879] Run /init as init process
[    0.985253] ACPI: Video Device [GFX0] (multi-head: yes  rom: no  post: no)
[    0.985348] input: Video Bus as /devices/LNXSYSTM:00/LNXSYBUS:00/PNP0A03:00/LNXVIDEO:00/input/input4
[    1.010400] pcnet32: pcnet32.c:v1.35 21.Apr.2008 tsbogend@alpha.franken.de
[    1.017647] e1000: Intel(R) PRO/1000 Network Driver - version 7.3.21-k8-NAPI
[    1.017649] e1000: Copyright (c) 1999-2006 Intel Corporation.
[    1.028609] pcnet32: PCnet/FAST III 79C973 at 0xd020, 08:00:27:d1:b4:b0 assigned IRQ 19
[    1.028654] pcnet32: Found PHY 0022:561b at address 0
[    1.028959] pcnet32: eth0: registered as PCnet/FAST III 79C973
[    1.039632] piix4_smbus 0000:00:07.0: SMBus Host Controller at 0x4100, revision 0
[    1.039877] pcnet32: 1 cards_found
[    1.084005] pcnet32 0000:00:03.0 enp0s3: renamed from eth0
[    1.230295] input: ImExPS/2 Generic Explorer Mouse as /devices/platform/i8042/serio1/input/input5
[    1.431543] e1000 0000:00:08.0 eth0: (PCI:33MHz:32-bit) 08:00:27:73:7c:17
[    1.431547] e1000 0000:00:08.0 eth0: Intel(R) PRO/1000 Network Connection
[    1.803752] e1000 0000:00:09.0 eth1: (PCI:33MHz:32-bit) 08:00:27:2a:ea:8b
[    1.803755] e1000 0000:00:09.0 eth1: Intel(R) PRO/1000 Network Connection
[    1.804903] e1000 0000:00:09.0 enp0s9: renamed from eth1
[    1.806692] e1000 0000:00:08.0 enp0s8: renamed from eth0
[    1.945229] EXT4-fs (sda2): mounted filesystem with ordered data mode. Opts: (null)
[    2.030518] systemd[1]: Inserted module 'autofs4'
[    2.040832] systemd[1]: systemd 245.4-4ubuntu3 running in system mode. (+PAM +AUDIT +SELINUX +IMA +APPARMOR +SMACK +SYSVINIT +UTMP +LIBCRYPTSETUP +GCRYPT +GNUTLS +ACL +XZ +LZ4 +SECCOMP +BLKID +ELFUTILS +KMOD +IDN2 -IDN +PCRE2 default-hierarchy=hybrid)
[    2.040863] systemd[1]: Detected virtualization oracle.
[    2.040869] systemd[1]: Detected architecture x86-64.
[    2.042158] systemd[1]: Set hostname to <ztg>.
[    2.166279] systemd[1]: /lib/systemd/system/dbus.socket:5: ListenStream= references a path below legacy directory /var/run/, updating /var/run/dbus/system_bus_socket â†’ /run/dbus/system_bus_socket; please update the unit file accordingly.
[    2.217805] systemd[1]: Created slice system-modprobe.slice.
[    2.217985] systemd[1]: Created slice User and Session Slice.
[    2.218027] systemd[1]: Started Forward Password Requests to Wall Directory Watch.
[    2.218185] systemd[1]: Set up automount Arbitrary Executable File Formats File System Automount Point.
[    2.218217] systemd[1]: Reached target User and Group Name Lookups.
[    2.218226] systemd[1]: Reached target Remote File Systems.
[    2.218234] systemd[1]: Reached target Slices.
[    2.218725] systemd[1]: Listening on Syslog Socket.
[    2.218793] systemd[1]: Listening on fsck to fsckd communication Socket.
[    2.218832] systemd[1]: Listening on initctl Compatibility Named Pipe.
[    2.218965] systemd[1]: Listening on Journal Audit Socket.
[    2.219024] systemd[1]: Listening on Journal Socket (/dev/log).
[    2.219109] systemd[1]: Listening on Journal Socket.
[    2.219177] systemd[1]: Listening on udev Control Socket.
[    2.219216] systemd[1]: Listening on udev Kernel Socket.
[    2.219986] systemd[1]: Mounting Huge Pages File System...
[    2.220871] systemd[1]: Mounting POSIX Message Queue File System...
[    2.221795] systemd[1]: Mounting Kernel Debug File System...
[    2.222635] systemd[1]: Mounting Kernel Trace File System...
[    2.224576] systemd[1]: Starting Journal Service...
[    2.246182] systemd[1]: Starting Set the console keyboard layout...
[    2.254104] systemd[1]: Starting Create list of static device nodes for the current kernel...
[    2.256209] systemd[1]: Starting Load Kernel Module drm...
[    2.260407] systemd[1]: Condition check resulted in Set Up Additional Binary Formats being skipped.
[    2.267373] systemd[1]: Condition check resulted in File System Check on Root Device being skipped.
[    2.270194] systemd[1]: Starting Load Kernel Modules...
[    2.275635] systemd[1]: Starting Remount Root and Kernel File Systems...
[    2.286503] systemd[1]: Starting udev Coldplug all Devices...
[    2.296667] systemd[1]: Starting Uncomplicated firewall...
[    2.298243] systemd[1]: Mounted Huge Pages File System.
[    2.298338] systemd[1]: Mounted POSIX Message Queue File System.
[    2.298415] systemd[1]: Mounted Kernel Debug File System.
[    2.298485] systemd[1]: Mounted Kernel Trace File System.
[    2.308647] EXT4-fs (sda2): re-mounted. Opts: errors=remount-ro
[    2.316835] systemd[1]: Finished Create list of static device nodes for the current kernel.
[    2.317689] systemd[1]: modprobe@drm.service: Succeeded.
[    2.317919] systemd[1]: Finished Load Kernel Module drm.
[    2.324616] systemd[1]: Finished Remount Root and Kernel File Systems.
[    2.340399] systemd[1]: Finished Uncomplicated firewall.
[    2.356751] lp: driver loaded but no devices found
[    2.359328] systemd[1]: Condition check resulted in Rebuild Hardware Database being skipped.
[    2.359363] systemd[1]: Condition check resulted in Platform Persistent Storage Archival being skipped.
[    2.360019] systemd[1]: Starting Load/Save Random Seed...
[    2.367479] systemd[1]: Starting Create System Users...
[    2.387371] ppdev: user-space parallel port driver
[    2.396638] systemd[1]: Finished Load/Save Random Seed.
[    2.400289] systemd[1]: Finished Create System Users.
[    2.401038] systemd[1]: Starting Create Static Device Nodes in /dev...
[    2.417032] systemd[1]: Finished Create Static Device Nodes in /dev.
[    2.417800] systemd[1]: Starting udev Kernel Device Manager...
[    2.449591] systemd[1]: Finished udev Coldplug all Devices.
[    2.452794] [drm] DMA map mode: Caching DMA mappings.
[    2.452858] [drm] Capabilities:
[    2.452858] [drm]   Rect copy.
[    2.452859] [drm]   Cursor.
[    2.452859] [drm]   Cursor bypass.
[    2.452859] [drm]   Cursor bypass 2.
[    2.452860] [drm]   Alpha cursor.
[    2.452860] [drm]   Extended Fifo.
[    2.452860] [drm]   Pitchlock.
[    2.452861] [drm]   Irq mask.
[    2.452861] [drm]   GMR.
[    2.452861] [drm]   Traces.
[    2.452862] [drm]   GMR2.
[    2.452862] [drm]   Screen Object 2.
[    2.452862] [drm]   Command Buffers.
[    2.452863] [drm]   Command Buffers 2.
[    2.452863] [drm]   Guest Backed Resources.
[    2.452864] [drm] Max GMR ids is 8192
[    2.452865] [drm] Max number of GMR pages is 1048576
[    2.452865] [drm] Max dedicated hypervisor surface memory is 393216 kiB
[    2.452866] [drm] Maximum display memory size is 131072 kiB
[    2.452866] [drm] VRAM at 0xe0000000 size is 131072 kiB
[    2.452867] [drm] MMIO at 0xf0000000 size is 2048 kiB
[    2.460817] [TTM] Zone  kernel: Available graphics memory: 1011738 KiB
[    2.460818] [TTM] Initializing pool allocator
[    2.460821] [TTM] Initializing DMA pool allocator
[    2.460849] [drm] Supports vblank timestamp caching Rev 2 (21.10.2013).
[    2.460850] [drm] No driver support for vblank timestamp query.
[    2.461099] [drm] Screen Target Display device initialized
[    2.461270] [drm] width 720
[    2.461280] [drm] height 400
[    2.461283] [drm] bpp 32
[    2.461828] [drm] Fifo max 0x00200000 min 0x00001000 cap 0x00000355
[    2.462917] [drm] Using command buffers with DMA pool.
[    2.462921] [drm] DX: no.
[    2.462921] [drm] Atomic: yes.
[    2.462921] [drm] SM4_1: no.
[    2.462941] [drm:vmw_host_log [vmwgfx]] *ERROR* Failed to send host log message.
[    2.464791] [drm:vmw_host_log [vmwgfx]] *ERROR* Failed to send host log message.
[    2.475498] fbcon: svgadrmfb (fb0) is primary device
[    2.478298] Console: switching to colour frame buffer device 100x37
[    2.491387] [drm] Initialized vmwgfx 2.15.0 20180704 for 0000:00:02.0 on minor 0
[    2.492498] systemd[1]: Finished Load Kernel Modules.
[    2.493642] systemd[1]: Mounting FUSE Control File System...
[    2.511812] systemd[1]: Mounting Kernel Configuration File System...
[    2.512843] systemd[1]: Starting Apply Kernel Variables...
[    2.545387] systemd[1]: Mounted FUSE Control File System.
[    2.545455] systemd[1]: Condition check resulted in VMware vmblock fuse mount being skipped.
[    2.548097] systemd[1]: Mounted Kernel Configuration File System.
[    2.557914] systemd[1]: Finished Apply Kernel Variables.
[    2.579861] systemd[1]: Finished Set the console keyboard layout.
[    2.579943] systemd[1]: Reached target Local File Systems (Pre).
[    2.581916] systemd[1]: Mounting Mount unit for bare, revision 5...
[    2.583950] systemd[1]: Mounting Mount unit for core18, revision 1705...
[    2.589100] systemd[1]: Mounting Mount unit for gnome-3-34-1804, revision 24...
[    2.598880] systemd[1]: Mounting Mount unit for gtk-common-themes, revision 1506...
[    2.606999] systemd[1]: Mounting Mount unit for gtk-common-themes, revision 1535...
[    2.616117] systemd[1]: Mounting Mount unit for snap-store, revision 433...
[    2.625351] systemd[1]: Mounting Mount unit for snapd, revision 25935...
[    2.640792] systemd[1]: Started udev Kernel Device Manager.
[    2.655108] systemd[1]: Starting Show Plymouth Boot Screen...
[    2.666152] systemd[1]: Received SIGRTMIN+20 from PID 275 (plymouthd).
[    2.675957] systemd[1]: Mounted Mount unit for bare, revision 5.
[    2.677803] systemd[1]: Mounted Mount unit for core18, revision 1705.
[    2.677994] systemd[1]: Mounted Mount unit for gnome-3-34-1804, revision 24.
[    2.690173] systemd[1]: Started Show Plymouth Boot Screen.
[    2.690303] systemd[1]: Condition check resulted in Dispatch Password Requests to Console Directory Watch being skipped.
[    2.690379] systemd[1]: Started Forward Password Requests to Plymouth Directory Watch.
[    2.690410] systemd[1]: Reached target Local Encrypted Volumes.
[    2.724126] systemd[1]: Mounted Mount unit for gtk-common-themes, revision 1506.
[    2.724396] systemd[1]: Mounted Mount unit for gtk-common-themes, revision 1535.
[    2.757152] systemd[1]: Mounted Mount unit for snap-store, revision 433.
[    2.757398] systemd[1]: Mounted Mount unit for snapd, revision 25935.
[    2.757549] systemd[1]: Reached target Local File Systems.
[    2.760808] systemd[1]: Starting Load AppArmor profiles...
[    2.761724] systemd[1]: Starting Set console font and keymap...
[    2.775205] systemd[1]: Starting Tell Plymouth To Write Out Runtime Data...
[    2.775327] systemd[1]: Condition check resulted in Store a System Token in an EFI Variable being skipped.
[    2.775375] systemd[1]: Condition check resulted in Commit a transient machine-id on disk being skipped.
[    2.779451] systemd[1]: Finished Set console font and keymap.
[    2.801505] systemd[1]: Received SIGRTMIN+20 from PID 275 (plymouthd).
[    2.802670] systemd[1]: plymouth-read-write.service: Succeeded.
[    2.802953] systemd[1]: Finished Tell Plymouth To Write Out Runtime Data.
[    2.822050] audit: type=1400 audit(1768660327.640:2): apparmor="STATUS" operation="profile_load" profile="unconfined" name="nvidia_modprobe" pid=302 comm="apparmor_parser"
[    2.822052] audit: type=1400 audit(1768660327.640:3): apparmor="STATUS" operation="profile_load" profile="unconfined" name="nvidia_modprobe//kmod" pid=302 comm="apparmor_parser"
[    2.829912] audit: type=1400 audit(1768660327.648:4): apparmor="STATUS" operation="profile_load" profile="unconfined" name="/usr/sbin/tcpdump" pid=303 comm="apparmor_parser"
[    2.878209] audit: type=1400 audit(1768660327.692:5): apparmor="STATUS" operation="profile_load" profile="unconfined" name="/usr/bin/evince" pid=305 comm="apparmor_parser"
[    2.878211] audit: type=1400 audit(1768660327.692:6): apparmor="STATUS" operation="profile_load" profile="unconfined" name="/usr/bin/evince//sanitized_helper" pid=305 comm="apparmor_parser"
[    2.878213] audit: type=1400 audit(1768660327.692:7): apparmor="STATUS" operation="profile_load" profile="unconfined" name="/usr/bin/evince-previewer" pid=305 comm="apparmor_parser"
[    2.878214] audit: type=1400 audit(1768660327.692:8): apparmor="STATUS" operation="profile_load" profile="unconfined" name="/usr/bin/evince-previewer//sanitized_helper" pid=305 comm="apparmor_parser"
[    2.878216] audit: type=1400 audit(1768660327.692:9): apparmor="STATUS" operation="profile_load" profile="unconfined" name="/usr/bin/evince-thumbnailer" pid=305 comm="apparmor_parser"
[    2.893387] audit: type=1400 audit(1768660327.712:10): apparmor="STATUS" operation="profile_load" profile="unconfined" name="/usr/lib/cups/backend/cups-pdf" pid=306 comm="apparmor_parser"
[    2.960438] systemd[1]: Finished Load AppArmor profiles.
[    2.961412] systemd[1]: Starting Load AppArmor profiles managed internally by snapd...
[    3.078514] systemd[1]: Finished Load AppArmor profiles managed internally by snapd.
[    3.233680] systemd[1]: Started Journal Service.
[    3.243054] systemd-journald[229]: Received client request to flush runtime journal.
[    3.246566] systemd-journald[229]: File /var/log/journal/c455b248004a419c87ce85eea238d727/system.journal corrupted or uncleanly shut down, renaming and replacing.
[    4.566965] RAPL PMU: API unit is 2^-32 Joules, 0 fixed counters, 10737418240 ms ovfl timer
[    4.637016] cryptd: max_cpu_qlen set to 1000
[    4.696233] AVX2 version of gcm_enc/dec engaged.
[    4.696234] AES CTR mode by8 optimization enabled
[    6.519201] Adding 1998844k swap on /dev/sda1.  Priority:-2 extents:1 across:1998844k FS
[    8.400338] kauditd_printk_skb: 30 callbacks suppressed
[    8.400339] audit: type=1400 audit(1768660333.220:41): apparmor="DENIED" operation="capable" profile="/usr/sbin/cups-browsed" pid=509 comm="cups-browsed" capability=23  capname="sys_nice"
[    9.145198] pcnet32 0000:00:03.0 enp0s3: link up, 100Mbps, full-duplex
[    9.189580] e1000: enp0s8 NIC Link is Up 1000 Mbps Full Duplex, Flow Control: RX
[    9.189883] IPv6: ADDRCONF(NETDEV_CHANGE): enp0s8: link becomes ready
[    9.208024] e1000: enp0s9 NIC Link is Up 1000 Mbps Full Duplex, Flow Control: RX
[    9.208736] IPv6: ADDRCONF(NETDEV_CHANGE): enp0s9: link becomes ready
[    9.896706] device enp0s3 entered promiscuous mode
[    9.918402] audit: type=1400 audit(1768660334.736:42): apparmor="DENIED" operation="open" profile="/usr/sbin/tcpdump" name="/proc/sys/kernel/random/boot_id" pid=670 comm="tcpdump" requested_mask="r" denied_mask="r" fsuid=0 ouid=0
[    9.919299] audit: type=1400 audit(1768660334.736:43): apparmor="DENIED" operation="open" profile="/usr/sbin/tcpdump" name="/proc/sys/kernel/random/boot_id" pid=670 comm="tcpdump" requested_mask="r" denied_mask="r" fsuid=0 ouid=0
[    9.919386] audit: type=1400 audit(1768660334.736:44): apparmor="DENIED" operation="open" profile="/usr/sbin/tcpdump" name="/proc/sys/kernel/random/boot_id" pid=670 comm="tcpdump" requested_mask="r" denied_mask="r" fsuid=0 ouid=0
[    9.919530] audit: type=1400 audit(1768660334.736:45): apparmor="DENIED" operation="open" profile="/usr/sbin/tcpdump" name="/proc/sys/kernel/random/boot_id" pid=670 comm="tcpdump" requested_mask="r" denied_mask="r" fsuid=0 ouid=0
[    9.924318] audit: type=1400 audit(1768660334.740:46): apparmor="DENIED" operation="open" profile="/usr/sbin/tcpdump" name="/proc/sys/kernel/random/boot_id" pid=671 comm="tcpdump" requested_mask="r" denied_mask="r" fsuid=0 ouid=0
[    9.925982] audit: type=1400 audit(1768660334.740:47): apparmor="DENIED" operation="open" profile="/usr/sbin/tcpdump" name="/proc/sys/kernel/random/boot_id" pid=671 comm="tcpdump" requested_mask="r" denied_mask="r" fsuid=0 ouid=0
[    9.926022] audit: type=1400 audit(1768660334.740:48): apparmor="DENIED" operation="open" profile="/usr/sbin/tcpdump" name="/proc/sys/kernel/random/boot_id" pid=671 comm="tcpdump" requested_mask="r" denied_mask="r" fsuid=0 ouid=0
[    9.926079] audit: type=1400 audit(1768660334.740:49): apparmor="DENIED" operation="open" profile="/usr/sbin/tcpdump" name="/proc/sys/kernel/random/boot_id" pid=671 comm="tcpdump" requested_mask="r" denied_mask="r" fsuid=0 ouid=0
[   15.891509] rfkill: input handler disabled
[  515.418211] rfkill: input handler enabled
[  524.282003] rfkill: input handler disabled
[  858.820099] device enp0s3 left promiscuous mode
