[    0.000000] Linux version 5.4.243-mptcp (root@ztg) (gcc version 12.2.0 (Debian 12.2.0-14+deb12u1)) #53 SMP Wed Dec 24 23:28:15 CST 2025
[    0.000000] Command line: BOOT_IMAGE=/boot/vmlinuz-5.4.243-mptcp root=UUID=98415a12-53b7-4144-8265-0f7ece09e445 ro quiet splash
[    0.000000] KERNEL supported cpus:
[    0.000000]   Intel GenuineIntel
[    0.000000]   AMD AuthenticAMD
[    0.000000]   Hygon HygonGenuine
[    0.000000]   Centaur CentaurHauls
[    0.000000]   zhaoxin   Shanghai  
[    0.000000] x86/fpu: Supporting XSAVE feature 0x001: 'x87 floating point registers'
[    0.000000] x86/fpu: Supporting XSAVE feature 0x002: 'SSE registers'
[    0.000000] x86/fpu: Supporting XSAVE feature 0x004: 'AVX registers'
[    0.000000] x86/fpu: xstate_offset[2]:  576, xstate_sizes[2]:  256
[    0.000000] x86/fpu: Enabled xstate features 0x7, context size is 832 bytes, using 'standard' format.
[    0.000000] BIOS-provided physical RAM map:
[    0.000000] BIOS-e820: [mem 0x0000000000000000-0x000000000009fbff] usable
[    0.000000] BIOS-e820: [mem 0x000000000009fc00-0x000000000009ffff] reserved
[    0.000000] BIOS-e820: [mem 0x00000000000f0000-0x00000000000fffff] reserved
[    0.000000] BIOS-e820: [mem 0x0000000000100000-0x000000007ffeffff] usable
[    0.000000] BIOS-e820: [mem 0x000000007fff0000-0x000000007fffffff] ACPI data
[    0.000000] BIOS-e820: [mem 0x00000000fec00000-0x00000000fec00fff] reserved
[    0.000000] BIOS-e820: [mem 0x00000000fee00000-0x00000000fee00fff] reserved
[    0.000000] BIOS-e820: [mem 0x00000000fffc0000-0x00000000ffffffff] reserved
[    0.000000] NX (Execute Disable) protection: active
[    0.000000] SMBIOS 2.5 present.
[    0.000000] DMI: innotek GmbH VirtualBox/VirtualBox, BIOS VirtualBox 12/01/2006
[    0.000000] Hypervisor detected: KVM
[    0.000000] kvm-clock: Using msrs 4b564d01 and 4b564d00
[    0.000000] kvm-clock: cpu 0, msr 7ee01001, primary cpu clock
[    0.000000] kvm-clock: using sched offset of 4440085844 cycles
[    0.000003] clocksource: kvm-clock: mask: 0xffffffffffffffff max_cycles: 0x1cd42e4dffb, max_idle_ns: 881590591483 ns
[    0.000005] tsc: Detected 2100.000 MHz processor
[    0.001868] e820: update [mem 0x00000000-0x00000fff] usable ==> reserved
[    0.001870] e820: remove [mem 0x000a0000-0x000fffff] usable
[    0.001874] last_pfn = 0x7fff0 max_arch_pfn = 0x400000000
[    0.001941] MTRR default type: uncachable
[    0.001942] MTRR fixed ranges enabled:
[    0.001943]   00000-9FFFF write-back
[    0.001944]   A0000-BFFFF uncachable
[    0.001945]   C0000-FFFFF write-protect
[    0.001946] MTRR variable ranges enabled:
[    0.001947]   0 base 000000000000 mask 3FFF80000000 write-back
[    0.001948]   1 disabled
[    0.001948]   2 disabled
[    0.001949]   3 disabled
[    0.001949]   4 disabled
[    0.001949]   5 disabled
[    0.001950]   6 disabled
[    0.001950]   7 disabled
[    0.001951]   8 disabled
[    0.001951]   9 disabled
[    0.001951]   10 disabled
[    0.001952]   11 disabled
[    0.001952]   12 disabled
[    0.001953]   13 disabled
[    0.001953]   14 disabled
[    0.001954]   15 disabled
[    0.001970] x86/PAT: Configuration [0-7]: WB  WC  UC- UC  WB  WP  UC- WT  
[    0.002103] found SMP MP-table at [mem 0x0009fff0-0x0009ffff]
[    0.092747] check: Scanning 1 areas for low memory corruption
[    0.092876] RAMDISK: [mem 0x32271000-0x3512ffff]
[    0.092885] ACPI: Early table checksum verification disabled
[    0.092890] ACPI: RSDP 0x00000000000E0000 000024 (v02 VBOX  )
[    0.092895] ACPI: XSDT 0x000000007FFF0030 00003C (v01 VBOX   VBOXXSDT 00000001 ASL  00000061)
[    0.092902] ACPI: FACP 0x000000007FFF00F0 0000F4 (v04 VBOX   VBOXFACP 00000001 ASL  00000061)
[    0.092908] ACPI: DSDT 0x000000007FFF02E0 002353 (v02 VBOX   VBOXBIOS 00000002 VBOX 00029BF3)
[    0.092912] ACPI: FACS 0x000000007FFF0200 000040
[    0.092916] ACPI: FACS 0x000000007FFF0200 000040
[    0.092919] ACPI: APIC 0x000000007FFF0240 000054 (v02 VBOX   VBOXAPIC 00000001 ASL  00000061)
[    0.092923] ACPI: SSDT 0x000000007FFF02A0 000038 (v01 VBOX   VBOXCPUT 00000002 VBOX 00029BF3)
[    0.092926] ACPI: Reserving FACP table memory at [mem 0x7fff00f0-0x7fff01e3]
[    0.092927] ACPI: Reserving DSDT table memory at [mem 0x7fff02e0-0x7fff2632]
[    0.092928] ACPI: Reserving FACS table memory at [mem 0x7fff0200-0x7fff023f]
[    0.092929] ACPI: Reserving FACS table memory at [mem 0x7fff0200-0x7fff023f]
[    0.092929] ACPI: Reserving APIC table memory at [mem 0x7fff0240-0x7fff0293]
[    0.092930] ACPI: Reserving SSDT table memory at [mem 0x7fff02a0-0x7fff02d7]
[    0.092945] ACPI: Local APIC address 0xfee00000
[    0.093155] No NUMA configuration found
[    0.093156] Faking a node at [mem 0x0000000000000000-0x000000007ffeffff]
[    0.093166] NODE_DATA(0) allocated [mem 0x7ffc5000-0x7ffeffff]
[    0.093448] Zone ranges:
[    0.093449]   DMA      [mem 0x0000000000001000-0x0000000000ffffff]
[    0.093450]   DMA32    [mem 0x0000000001000000-0x000000007ffeffff]
[    0.093451]   Normal   empty
[    0.093452]   Device   empty
[    0.093453] Movable zone start for each node
[    0.093455] Early memory node ranges
[    0.093456]   node   0: [mem 0x0000000000001000-0x000000000009efff]
[    0.093456]   node   0: [mem 0x0000000000100000-0x000000007ffeffff]
[    0.094774] Zeroed struct page in unavailable ranges: 114 pages
[    0.094775] Initmem setup node 0 [mem 0x0000000000001000-0x000000007ffeffff]
[    0.094777] On node 0 totalpages: 524174
[    0.094778]   DMA zone: 64 pages used for memmap
[    0.094779]   DMA zone: 21 pages reserved
[    0.094780]   DMA zone: 3998 pages, LIFO batch:0
[    0.094852]   DMA32 zone: 8128 pages used for memmap
[    0.094853]   DMA32 zone: 520176 pages, LIFO batch:63
[    0.112578] ACPI: PM-Timer IO Port: 0x4008
[    0.112582] ACPI: Local APIC address 0xfee00000
[    0.112650] IOAPIC[0]: apic_id 1, version 32, address 0xfec00000, GSI 0-23
[    0.112654] ACPI: INT_SRC_OVR (bus 0 bus_irq 0 global_irq 2 dfl dfl)
[    0.112655] ACPI: INT_SRC_OVR (bus 0 bus_irq 9 global_irq 9 low level)
[    0.112657] ACPI: IRQ0 used by override.
[    0.112658] ACPI: IRQ9 used by override.
[    0.112661] Using ACPI (MADT) for SMP configuration information
[    0.112668] smpboot: Allowing 1 CPUs, 0 hotplug CPUs
[    0.112693] PM: Registered nosave memory: [mem 0x00000000-0x00000fff]
[    0.112694] PM: Registered nosave memory: [mem 0x0009f000-0x0009ffff]
[    0.112695] PM: Registered nosave memory: [mem 0x000a0000-0x000effff]
[    0.112695] PM: Registered nosave memory: [mem 0x000f0000-0x000fffff]
[    0.112697] [mem 0x80000000-0xfebfffff] available for PCI devices
[    0.112698] Booting paravirtualized kernel on KVM
[    0.112701] clocksource: refined-jiffies: mask: 0xffffffff max_cycles: 0xffffffff, max_idle_ns: 7645519600211568 ns
[    0.112705] setup_percpu: NR_CPUS:8192 nr_cpumask_bits:1 nr_cpu_ids:1 nr_node_ids:1
[    0.113272] percpu: Embedded 60 pages/cpu s208896 r8192 d28672 u2097152
[    0.113276] pcpu-alloc: s208896 r8192 d28672 u2097152 alloc=1*2097152
[    0.113277] pcpu-alloc: [0] 0 
[    0.113303] Built 1 zonelists, mobility grouping on.  Total pages: 515961
[    0.113304] Policy zone: DMA32
[    0.113305] Kernel command line: BOOT_IMAGE=/boot/vmlinuz-5.4.243-mptcp root=UUID=98415a12-53b7-4144-8265-0f7ece09e445 ro quiet splash
[    0.113819] Dentry cache hash table entries: 262144 (order: 9, 2097152 bytes, linear)
[    0.113874] Inode-cache hash table entries: 131072 (order: 8, 1048576 bytes, linear)
[    0.113934] mem auto-init: stack:off, heap alloc:on, heap free:off
[    0.113938] Calgary: detecting Calgary via BIOS EBDA area
[    0.113940] Calgary: Unable to locate Rio Grande table in EBDA - bailing!
[    0.118053] Memory: 1967332K/2096696K available (14339K kernel code, 2398K rwdata, 4712K rodata, 2728K init, 17260K bss, 129364K reserved, 0K cma-reserved)
[    0.118313] SLUB: HWalign=64, Order=0-3, MinObjects=0, CPUs=1, Nodes=1
[    0.118329] ftrace: allocating 43186 entries in 169 pages
[    0.136129] rcu: Hierarchical RCU implementation.
[    0.136131] rcu: 	RCU restricting CPUs from NR_CPUS=8192 to nr_cpu_ids=1.
[    0.136132] 	Tasks RCU enabled.
[    0.136133] rcu: RCU calculated value of scheduler-enlistment delay is 25 jiffies.
[    0.136133] rcu: Adjusting geometry for rcu_fanout_leaf=16, nr_cpu_ids=1
[    0.139119] NR_IRQS: 524544, nr_irqs: 256, preallocated irqs: 16
[    0.139332] random: crng init done
[    0.148628] Console: colour VGA+ 80x25
[    0.148633] printk: console [tty0] enabled
[    0.148658] ACPI: Core revision 20190816
[    0.148761] APIC: Switch to symmetric I/O mode setup
[    0.149012] x2apic enabled
[    0.149247] Switched APIC routing to physical x2apic.
[    0.150380] ..TIMER: vector=0x30 apic1=0 pin1=2 apic2=-1 pin2=-1
[    0.150406] clocksource: tsc-early: mask: 0xffffffffffffffff max_cycles: 0x1e4530a99b6, max_idle_ns: 440795257976 ns
[    0.150411] Calibrating delay loop (skipped) preset value.. 4200.00 BogoMIPS (lpj=8400000)
[    0.150414] pid_max: default: 32768 minimum: 301
[    0.150443] LSM: Security Framework initializing
[    0.150453] Yama: becoming mindful.
[    0.150479] AppArmor: AppArmor initialized
[    0.150514] Mount-cache hash table entries: 4096 (order: 3, 32768 bytes, linear)
[    0.150518] Mountpoint-cache hash table entries: 4096 (order: 3, 32768 bytes, linear)
[    0.150531] *** VALIDATE tmpfs ***
[    0.150661] *** VALIDATE proc ***
[    0.150701] *** VALIDATE cgroup1 ***
[    0.150702] *** VALIDATE cgroup2 ***
[    0.150845] process: using mwait in idle threads
[    0.150850] Last level iTLB entries: 4KB 64, 2MB 8, 4MB 8
[    0.150850] Last level dTLB entries: 4KB 64, 2MB 0, 4MB 0, 1GB 4
[    0.150870] Spectre V1 : Mitigation: usercopy/swapgs barriers and __user pointer sanitization
[    0.150876] Spectre V2 : Mitigation: Retpolines
[    0.150876] Spectre V2 : Spectre v2 / SpectreRSB mitigation: Filling RSB on context switch
[    0.150877] Spectre V2 : Spectre v2 / SpectreRSB : Filling RSB on VMEXIT
[    0.150877] RETBleed: WARNING: Spectre v2 mitigation leaves CPU vulnerable to RETBleed attacks, data leaks possible!
[    0.151249] RETBleed: Vulnerable
[    0.151249] Speculative Store Bypass: Vulnerable
[    0.151254] TAA: Mitigation: TSX disabled
[    0.151254] MMIO Stale Data: Mitigation: Clear CPU buffers
[    0.155482] Freeing SMP alternatives memory: 40K
[    0.267994] smpboot: CPU0: Intel(R) Xeon(R) Silver 4216 CPU @ 2.10GHz (family: 0x6, model: 0x55, stepping: 0x7)
[    0.268162] Performance Events: unsupported p6 CPU model 85 no PMU driver, software events only.
[    0.268203] rcu: Hierarchical SRCU implementation.
[    0.268698] NMI watchdog: Perf NMI watchdog permanently disabled
[    0.268756] smp: Bringing up secondary CPUs ...
[    0.268757] smp: Brought up 1 node, 1 CPU
[    0.268758] smpboot: Max logical packages: 1
[    0.268759] smpboot: Total of 1 processors activated (4200.00 BogoMIPS)
[    0.269058] devtmpfs: initialized
[    0.269108] x86/mm: Memory block size: 128MB
[    0.269490] clocksource: jiffies: mask: 0xffffffff max_cycles: 0xffffffff, max_idle_ns: 7645041785100000 ns
[    0.269498] futex hash table entries: 256 (order: 2, 16384 bytes, linear)
[    0.269542] pinctrl core: initialized pinctrl subsystem
[    0.269651] PM: RTC time: 14:10:23, date: 2026-01-19
[    0.269767] NET: Registered protocol family 16
[    0.269844] audit: initializing netlink subsys (disabled)
[    0.269981] EISA bus registered
[    0.269983] cpuidle: using governor ladder
[    0.269983] cpuidle: using governor menu
[    0.270020] ACPI: bus type PCI registered
[    0.270022] acpiphp: ACPI Hot Plug PCI Controller Driver version: 0.5
[    0.270133] PCI: Using configuration type 1 for base access
[    0.270408] audit: type=2000 audit(1768803029.348:1): state=initialized audit_enabled=0 res=1
[    0.270408] HugeTLB registered 2.00 MiB page size, pre-allocated 0 pages
[    0.271236] ACPI: Added _OSI(Module Device)
[    0.271237] ACPI: Added _OSI(Processor Device)
[    0.271238] ACPI: Added _OSI(3.0 _SCP Extensions)
[    0.271239] ACPI: Added _OSI(Processor Aggregator Device)
[    0.271240] ACPI: Added _OSI(Linux-Dell-Video)
[    0.271240] ACPI: Added _OSI(Linux-Lenovo-NV-HDMI-Audio)
[    0.271241] ACPI: Added _OSI(Linux-HPI-Hybrid-Graphics)
[    0.273216] ACPI: 2 ACPI AML tables successfully acquired and loaded
[    0.274872] ACPI: Interpreter enabled
[    0.274882] ACPI: (supports S0 S5)
[    0.274883] ACPI: Using IOAPIC for interrupt routing
[    0.275088] PCI: Using host bridge windows from ACPI; if necessary, use "pci=nocrs" and report a bug
[    0.275203] ACPI: Enabled 2 GPEs in block 00 to 07
[    0.280118] ACPI: PCI Root Bridge [PCI0] (domain 0000 [bus 00-ff])
[    0.280123] acpi PNP0A03:00: _OSC: OS supports [ASPM ClockPM Segments MSI HPX-Type3]
[    0.280565] acpi PNP0A03:00: _OSC: not requesting OS control; OS requires [ExtendedConfig ASPM ClockPM MSI]
[    0.280573] acpi PNP0A03:00: fail to add MMCONFIG information, can't access extended PCI configuration space under this bridge.
[    0.280947] PCI host bridge to bus 0000:00
[    0.280949] pci_bus 0000:00: root bus resource [io  0x0000-0x0cf7 window]
[    0.280950] pci_bus 0000:00: root bus resource [io  0x0d00-0xffff window]
[    0.280951] pci_bus 0000:00: root bus resource [mem 0x000a0000-0x000bffff window]
[    0.280952] pci_bus 0000:00: root bus resource [mem 0x80000000-0xfdffffff window]
[    0.280954] pci_bus 0000:00: root bus resource [bus 00-ff]
[    0.280995] pci 0000:00:00.0: [8086:1237] type 00 class 0x060000
[    0.281950] pci 0000:00:01.0: [8086:7000] type 00 class 0x060100
[    0.282685] pci 0000:00:01.1: [8086:7111] type 00 class 0x01018a
[    0.283082] pci 0000:00:01.1: reg 0x20: [io  0xd000-0xd00f]
[    0.283240] pci 0000:00:01.1: legacy IDE quirk: reg 0x10: [io  0x01f0-0x01f7]
[    0.283241] pci 0000:00:01.1: legacy IDE quirk: reg 0x14: [io  0x03f6]
[    0.283242] pci 0000:00:01.1: legacy IDE quirk: reg 0x18: [io  0x0170-0x0177]
[    0.283243] pci 0000:00:01.1: legacy IDE quirk: reg 0x1c: [io  0x0376]
[    0.283786] pci 0000:00:02.0: [15ad:0405] type 00 class 0x030000
[    0.286484] pci 0000:00:02.0: reg 0x10: [io  0xd010-0xd01f]
[    0.289362] pci 0000:00:02.0: reg 0x14: [mem 0xe0000000-0xe7ffffff pref]
[    0.292286] pci 0000:00:02.0: reg 0x18: [mem 0xf0000000-0xf01fffff]
[    0.303245] pci 0000:00:03.0: [1022:2000] type 00 class 0x020000
[    0.303929] pci 0000:00:03.0: reg 0x10: [io  0xd020-0xd03f]
[    0.304540] pci 0000:00:03.0: reg 0x14: [mem 0xf0200000-0xf0200fff]
[    0.307804] pci 0000:00:04.0: [80ee:cafe] type 00 class 0x088000
[    0.308479] pci 0000:00:04.0: reg 0x10: [io  0xd040-0xd05f]
[    0.309093] pci 0000:00:04.0: reg 0x14: [mem 0xf0400000-0xf07fffff]
[    0.309719] pci 0000:00:04.0: reg 0x18: [mem 0xf0800000-0xf0803fff pref]
[    0.312938] pci 0000:00:07.0: [8086:7113] type 00 class 0x068000
[    0.314660] pci 0000:00:07.0: quirk: [io  0x4000-0x403f] claimed by PIIX4 ACPI
[    0.314671] pci 0000:00:07.0: quirk: [io  0x4100-0x410f] claimed by PIIX4 SMB
[    0.315295] pci 0000:00:08.0: [8086:100e] type 00 class 0x020000
[    0.316008] pci 0000:00:08.0: reg 0x10: [mem 0xf0820000-0xf083ffff]
[    0.317162] pci 0000:00:08.0: reg 0x18: [io  0xd060-0xd067]
[    0.320559] pci 0000:00:09.0: [8086:100e] type 00 class 0x020000
[    0.321262] pci 0000:00:09.0: reg 0x10: [mem 0xf0840000-0xf085ffff]
[    0.322408] pci 0000:00:09.0: reg 0x18: [io  0xd068-0xd06f]
[    0.331852] ACPI: PCI Interrupt Link [LNKA] (IRQs 5 9 10 *11)
[    0.332277] ACPI: PCI Interrupt Link [LNKB] (IRQs 5 9 *10 11)
[    0.332411] ACPI: PCI Interrupt Link [LNKC] (IRQs 5 *9 10 11)
[    0.332552] ACPI: PCI Interrupt Link [LNKD] (IRQs 5 9 10 *11)
[    0.333038] iommu: Default domain type: Translated 
[    0.333146] pci 0000:00:02.0: vgaarb: setting as boot VGA device
[    0.333147] pci 0000:00:02.0: vgaarb: VGA device added: decodes=io+mem,owns=io+mem,locks=none
[    0.333149] pci 0000:00:02.0: vgaarb: bridge control possible
[    0.333150] vgaarb: loaded
[    0.334482] SCSI subsystem initialized
[    0.334524] libata version 3.00 loaded.
[    0.334546] ACPI: bus type USB registered
[    0.334563] usbcore: registered new interface driver usbfs
[    0.334569] usbcore: registered new interface driver hub
[    0.334575] usbcore: registered new device driver usb
[    0.334607] pps_core: LinuxPPS API ver. 1 registered
[    0.334608] pps_core: Software ver. 5.3.6 - Copyright 2005-2007 Rodolfo Giometti <giometti@linux.it>
[    0.334610] PTP clock support registered
[    0.334651] EDAC MC: Ver: 3.0.0
[    0.334962] PCI: Using ACPI for IRQ routing
[    0.334964] PCI: pci_cache_line_size set to 64 bytes
[    0.335150] e820: reserve RAM buffer [mem 0x0009fc00-0x0009ffff]
[    0.335155] e820: reserve RAM buffer [mem 0x7fff0000-0x7fffffff]
[    0.336038] NetLabel: Initializing
[    0.336039] NetLabel:  domain hash size = 128
[    0.336039] NetLabel:  protocols = UNLABELED CIPSOv4 CALIPSO
[    0.336061] NetLabel:  unlabeled traffic allowed by default
[    0.336986] clocksource: Switched to clocksource kvm-clock
[    0.349151] *** VALIDATE bpf ***
[    0.349215] VFS: Disk quotas dquot_6.6.0
[    0.349229] VFS: Dquot-cache hash table entries: 512 (order 0, 4096 bytes)
[    0.349252] *** VALIDATE ramfs ***
[    0.349255] *** VALIDATE hugetlbfs ***
[    0.349342] AppArmor: AppArmor Filesystem Enabled
[    0.349370] pnp: PnP ACPI init
[    0.349439] pnp 00:00: Plug and Play ACPI device, IDs PNP0303 (active)
[    0.349507] pnp 00:01: Plug and Play ACPI device, IDs PNP0f03 (active)
[    0.350245] pnp: PnP ACPI: found 2 devices
[    0.351167] thermal_sys: Registered thermal governor 'fair_share'
[    0.351167] thermal_sys: Registered thermal governor 'bang_bang'
[    0.351167] thermal_sys: Registered thermal governor 'step_wise'
[    0.351167] thermal_sys: Registered thermal governor 'user_space'
[    0.351167] thermal_sys: Registered thermal governor 'power_allocator'
[    0.355785] clocksource: acpi_pm: mask: 0xffffff max_cycles: 0xffffff, max_idle_ns: 2085701024 ns
[    0.355831] pci_bus 0000:00: resource 4 [io  0x0000-0x0cf7 window]
[    0.355833] pci_bus 0000:00: resource 5 [io  0x0d00-0xffff window]
[    0.355834] pci_bus 0000:00: resource 6 [mem 0x000a0000-0x000bffff window]
[    0.355835] pci_bus 0000:00: resource 7 [mem 0x80000000-0xfdffffff window]
[    0.355895] NET: Registered protocol family 2
[    0.355970] IP idents hash table entries: 32768 (order: 6, 262144 bytes, linear)
[    0.356379] MPTCP tokens hash table entries: 8192 (order: 4, 65536 bytes, linear)
[    0.356400] MPTCP request tokens hash table entries: 8192 (order: 4, 65536 bytes, linear)
[    0.356425] default registered
[    0.356425] default registered
[    0.356425] MPTCP: Stable release v0.96
[    0.356431] tcp_listen_portaddr_hash hash table entries: 1024 (order: 2, 16384 bytes, linear)
[    0.356510] TCP established hash table entries: 16384 (order: 5, 131072 bytes, linear)
[    0.356577] TCP bind hash table entries: 16384 (order: 6, 262144 bytes, linear)
[    0.356603] TCP: Hash tables configured (established 16384 bind 16384)
[    0.357301] UDP hash table entries: 1024 (order: 3, 32768 bytes, linear)
[    0.357313] UDP-Lite hash table entries: 1024 (order: 3, 32768 bytes, linear)
[    0.357348] NET: Registered protocol family 1
[    0.357356] NET: Registered protocol family 44
[    0.357376] pci 0000:00:00.0: Limiting direct PCI/PCI transfers
[    0.357388] pci 0000:00:01.0: Activating ISA DMA hang workarounds
[    0.357447] pci 0000:00:02.0: Video device with shadowed ROM at [mem 0x000c0000-0x000dffff]
[    0.357514] PCI: CLS 0 bytes, default 64
[    0.357559] Trying to unpack rootfs image as initramfs...
[    0.528342] Freeing initrd memory: 47868K
[    0.528342] clocksource: tsc: mask: 0xffffffffffffffff max_cycles: 0x1e4530a99b6, max_idle_ns: 440795257976 ns
[    0.528342] clocksource: Switched to clocksource tsc
[    0.528342] platform rtc_cmos: registered platform RTC device (no PNP device found)
[    0.528342] check: Scanning for low memory corruption every 60 seconds
[    0.528342] Initialise system trusted keyrings
[    0.528342] Key type blacklist registered
[    0.528342] workingset: timestamp_bits=36 max_order=19 bucket_order=0
[    0.528342] zbud: loaded
[    0.528342] squashfs: version 4.0 (2009/01/31) Phillip Lougher
[    0.528342] fuse: init (API version 7.31)
[    0.528342] *** VALIDATE fuse ***
[    0.528342] *** VALIDATE fuse ***
[    0.528342] Platform Keyring initialized
[    0.543306] Key type asymmetric registered
[    0.543307] Asymmetric key parser 'x509' registered
[    0.543318] Block layer SCSI generic (bsg) driver version 0.4 loaded (major 244)
[    0.543362] io scheduler mq-deadline registered
[    0.543500] shpchp: Standard Hot Plug PCI Controller Driver version: 0.4
[    0.543729] ACPI: AC Adapter [AC] (on-line)
[    0.543787] input: Power Button as /devices/LNXSYSTM:00/LNXPWRBN:00/input/input0
[    0.543834] ACPI: Power Button [PWRF]
[    0.543919] input: Sleep Button as /devices/LNXSYSTM:00/LNXSLPBN:00/input/input1
[    0.543936] ACPI: Sleep Button [SLPF]
[    0.544243] Serial: 8250/16550 driver, 32 ports, IRQ sharing enabled
[    0.545453] Linux agpgart interface v0.103
[    0.635149] loop: module loaded
[    0.635325] ata_piix 0000:00:01.1: version 2.13
[    0.635748] scsi host0: ata_piix
[    0.635859] scsi host1: ata_piix
[    0.635887] ata1: PATA max UDMA/33 cmd 0x1f0 ctl 0x3f6 bmdma 0xd000 irq 14
[    0.635888] ata2: PATA max UDMA/33 cmd 0x170 ctl 0x376 bmdma 0xd008 irq 15
[    0.635976] tun: Universal TUN/TAP device driver, 1.6
[    0.636292] PPP generic driver version 2.4.2
[    0.636337] VFIO - User Level meta-driver version: 0.3
[    0.636584] ehci_hcd: USB 2.0 'Enhanced' Host Controller (EHCI) Driver
[    0.636588] ehci-pci: EHCI PCI platform driver
[    0.636609] ehci-platform: EHCI generic platform driver
[    0.636615] ohci_hcd: USB 1.1 'Open' Host Controller (OHCI) Driver
[    0.636617] ohci-pci: OHCI PCI platform driver
[    0.636625] ohci-platform: OHCI generic platform driver
[    0.636629] uhci_hcd: USB Universal Host Controller Interface driver
[    0.636699] i8042: PNP: PS/2 Controller [PNP0303:PS2K,PNP0f03:PS2M] at 0x60,0x64 irq 1,12
[    0.637144] serio: i8042 KBD port at 0x60,0x64 irq 1
[    0.637148] serio: i8042 AUX port at 0x60,0x64 irq 12
[    0.637239] mousedev: PS/2 mouse device common for all mice
[    0.637495] input: AT Translated Set 2 keyboard as /devices/platform/i8042/serio0/input/input2
[    0.637901] rtc_cmos rtc_cmos: registered as rtc0
[    0.637915] rtc_cmos rtc_cmos: alarms up to one day, 114 bytes nvram
[    0.637921] i2c /dev entries driver
[    0.637967] device-mapper: uevent: version 1.0.3
[    0.638011] device-mapper: ioctl: 4.41.0-ioctl (2019-09-16) initialised: dm-devel@redhat.com
[    0.638027] platform eisa.0: Probing EISA bus 0
[    0.638028] platform eisa.0: EISA: Cannot allocate resource for mainboard
[    0.638029] platform eisa.0: Cannot allocate resource for EISA slot 1
[    0.638030] platform eisa.0: Cannot allocate resource for EISA slot 2
[    0.638031] platform eisa.0: Cannot allocate resource for EISA slot 3
[    0.638032] platform eisa.0: Cannot allocate resource for EISA slot 4
[    0.638033] platform eisa.0: Cannot allocate resource for EISA slot 5
[    0.638034] platform eisa.0: Cannot allocate resource for EISA slot 6
[    0.638035] platform eisa.0: Cannot allocate resource for EISA slot 7
[    0.638036] platform eisa.0: Cannot allocate resource for EISA slot 8
[    0.638037] platform eisa.0: EISA: Detected 0 cards
[    0.638040] intel_pstate: CPU model not supported
[    0.638050] ledtrig-cpu: registered to indicate activity on CPUs
[    0.638116] drop_monitor: Initializing network drop monitor service
[    0.638279] NET: Registered protocol family 10
[    0.643256] Segment Routing with IPv6
[    0.643256] fullmesh registered
[    0.643256] ndiffports registered
[    0.643256] binder registered
[    0.643256] roundrobin registered
[    0.643256] redundant registered
[    0.643256] blest registered
[    0.643256] ecf registered
[    0.643256] NET: Registered protocol family 17
[    0.643256] Key type dns_resolver registered
[    0.643256] RAS: Correctable Errors collector initialized.
[    0.643256] IPI shorthand broadcast: enabled
[    0.643256] sched_clock: Marking stable (628170363, 11085806)->(642374441, -3118272)
[    0.643898] registered taskstats version 1
[    0.643907] Loading compiled-in X.509 certificates
[    0.644499] Loaded X.509 cert 'Build time autogenerated kernel key: 6909f3744cebb3d0de528d5887b96a727de79b1e'
[    0.644519] zswap: loaded using pool lzo/zbud
[    0.644578] Key type ._fscrypt registered
[    0.644578] Key type .fscrypt registered
[    0.649211] Key type big_key registered
[    0.651416] Key type encrypted registered
[    0.651420] AppArmor: AppArmor sha1 policy hashing enabled
[    0.651427] ima: No TPM chip found, activating TPM-bypass!
[    0.651431] ima: Allocated hash algorithm: sha1
[    0.651436] ima: No architecture policies found
[    0.651446] evm: Initialising EVM extended attributes:
[    0.651446] evm: security.selinux
[    0.651447] evm: security.SMACK64
[    0.651447] evm: security.SMACK64EXEC
[    0.651448] evm: security.SMACK64TRANSMUTE
[    0.651448] evm: security.SMACK64MMAP
[    0.651449] evm: security.apparmor
[    0.651449] evm: security.ima
[    0.651450] evm: security.capability
[    0.651450] evm: HMAC attrs: 0x1
[    0.651766] PM:   Magic number: 10:497:182
[    0.651942] rtc_cmos rtc_cmos: setting system clock to 2026-01-19T14:10:24 UTC (1768831824)
[    0.807596] ata1.00: ATA-6: VBOX HARDDISK, 1.0, max UDMA/133
[    0.807598] ata1.00: 209715200 sectors, multi 128: LBA 
[    0.808058] scsi 0:0:0:0: Direct-Access     ATA      VBOX HARDDISK    1.0  PQ: 0 ANSI: 5
[    0.808241] sd 0:0:0:0: [sda] 209715200 512-byte logical blocks: (107 GB/100 GiB)
[    0.808248] sd 0:0:0:0: [sda] Write Protect is off
[    0.808249] sd 0:0:0:0: [sda] Mode Sense: 00 3a 00 00
[    0.808260] sd 0:0:0:0: [sda] Write cache: enabled, read cache: enabled, doesn't support DPO or FUA
[    0.808463] sd 0:0:0:0: Attached scsi generic sg0 type 0
[    0.808959]  sda: sda1 sda2
[    0.819265] sd 0:0:0:0: [sda] Attached SCSI disk
[    0.821101] Freeing unused decrypted memory: 2040K
[    0.821783] Freeing unused kernel image memory: 2728K
[    0.821785] Write protecting the kernel read-only data: 22528k
[    0.822437] Freeing unused kernel image memory: 2036K
[    0.822819] Freeing unused kernel image memory: 1432K
[    0.835746] x86/mm: Checked W+X mappings: passed, no W+X pages found.
[    0.835750] Run /init as init process
[    0.935893] ACPI: Video Device [GFX0] (multi-head: yes  rom: no  post: no)
[    0.935971] input: Video Bus as /devices/LNXSYSTM:00/LNXSYBUS:00/PNP0A03:00/LNXVIDEO:00/input/input4
[    0.947298] pcnet32: pcnet32.c:v1.35 21.Apr.2008 tsbogend@alpha.franken.de
[    0.950447] piix4_smbus 0000:00:07.0: SMBus Host Controller at 0x4100, revision 0
[    0.953593] e1000: Intel(R) PRO/1000 Network Driver - version 7.3.21-k8-NAPI
[    0.953593] e1000: Copyright (c) 1999-2006 Intel Corporation.
[    0.958002] pcnet32: PCnet/FAST III 79C973 at 0xd020, 08:00:27:e5:79:56 assigned IRQ 19
[    0.958048] pcnet32: Found PHY 0022:561b at address 0
[    0.958350] pcnet32: eth0: registered as PCnet/FAST III 79C973
[    0.966764] pcnet32: 1 cards_found
[    1.029784] pcnet32 0000:00:03.0 enp0s3: renamed from eth0
[    1.168868] input: ImExPS/2 Generic Explorer Mouse as /devices/platform/i8042/serio1/input/input5
[    1.367423] e1000 0000:00:08.0 eth0: (PCI:33MHz:32-bit) 08:00:27:41:6d:5e
[    1.367428] e1000 0000:00:08.0 eth0: Intel(R) PRO/1000 Network Connection
[    1.747695] e1000 0000:00:09.0 eth1: (PCI:33MHz:32-bit) 08:00:27:42:dd:e0
[    1.747700] e1000 0000:00:09.0 eth1: Intel(R) PRO/1000 Network Connection
[    1.748913] e1000 0000:00:09.0 enp0s9: renamed from eth1
[    1.750672] e1000 0000:00:08.0 enp0s8: renamed from eth0
[    1.913256] EXT4-fs (sda2): mounted filesystem with ordered data mode. Opts: (null)
[    2.011742] systemd[1]: Inserted module 'autofs4'
[    2.024099] systemd[1]: systemd 245.4-4ubuntu3 running in system mode. (+PAM +AUDIT +SELINUX +IMA +APPARMOR +SMACK +SYSVINIT +UTMP +LIBCRYPTSETUP +GCRYPT +GNUTLS +ACL +XZ +LZ4 +SECCOMP +BLKID +ELFUTILS +KMOD +IDN2 -IDN +PCRE2 default-hierarchy=hybrid)
[    2.024131] systemd[1]: Detected virtualization oracle.
[    2.024135] systemd[1]: Detected architecture x86-64.
[    2.025420] systemd[1]: Set hostname to <ztg>.
[    2.153836] systemd[1]: /lib/systemd/system/dbus.socket:5: ListenStream= references a path below legacy directory /var/run/, updating /var/run/dbus/system_bus_socket â†’ /run/dbus/system_bus_socket; please update the unit file accordingly.
[    2.208159] systemd[1]: Created slice system-modprobe.slice.
[    2.208342] systemd[1]: Created slice User and Session Slice.
[    2.208386] systemd[1]: Started Forward Password Requests to Wall Directory Watch.
[    2.208543] systemd[1]: Set up automount Arbitrary Executable File Formats File System Automount Point.
[    2.208577] systemd[1]: Reached target User and Group Name Lookups.
[    2.208585] systemd[1]: Reached target Remote File Systems.
[    2.208594] systemd[1]: Reached target Slices.
[    2.209417] systemd[1]: Listening on Syslog Socket.
[    2.209484] systemd[1]: Listening on fsck to fsckd communication Socket.
[    2.209522] systemd[1]: Listening on initctl Compatibility Named Pipe.
[    2.209655] systemd[1]: Listening on Journal Audit Socket.
[    2.209723] systemd[1]: Listening on Journal Socket (/dev/log).
[    2.209812] systemd[1]: Listening on Journal Socket.
[    2.209906] systemd[1]: Listening on udev Control Socket.
[    2.209963] systemd[1]: Listening on udev Kernel Socket.
[    2.210916] systemd[1]: Mounting Huge Pages File System...
[    2.211909] systemd[1]: Mounting POSIX Message Queue File System...
[    2.212890] systemd[1]: Mounting Kernel Debug File System...
[    2.213695] systemd[1]: Mounting Kernel Trace File System...
[    2.216241] systemd[1]: Starting Journal Service...
[    2.238485] systemd[1]: Starting Set the console keyboard layout...
[    2.246375] systemd[1]: Starting Create list of static device nodes for the current kernel...
[    2.248411] systemd[1]: Starting Load Kernel Module drm...
[    2.249504] systemd[1]: Condition check resulted in Set Up Additional Binary Formats being skipped.
[    2.249544] systemd[1]: Condition check resulted in File System Check on Root Device being skipped.
[    2.260417] systemd[1]: Starting Load Kernel Modules...
[    2.269272] systemd[1]: Starting Remount Root and Kernel File Systems...
[    2.279948] systemd[1]: Starting udev Coldplug all Devices...
[    2.289115] systemd[1]: Starting Uncomplicated firewall...
[    2.290657] systemd[1]: Mounted Huge Pages File System.
[    2.290748] systemd[1]: Mounted POSIX Message Queue File System.
[    2.290831] systemd[1]: Mounted Kernel Debug File System.
[    2.290905] systemd[1]: Mounted Kernel Trace File System.
[    2.295361] EXT4-fs (sda2): re-mounted. Opts: errors=remount-ro
[    2.315709] systemd[1]: Finished Create list of static device nodes for the current kernel.
[    2.316702] systemd[1]: modprobe@drm.service: Succeeded.
[    2.333971] systemd[1]: Finished Load Kernel Module drm.
[    2.334564] systemd[1]: Finished Remount Root and Kernel File Systems.
[    2.335655] systemd[1]: Finished Uncomplicated firewall.
[    2.349405] lp: driver loaded but no devices found
[    2.349819] systemd[1]: Condition check resulted in Rebuild Hardware Database being skipped.
[    2.350737] systemd[1]: Condition check resulted in Platform Persistent Storage Archival being skipped.
[    2.351385] systemd[1]: Starting Load/Save Random Seed...
[    2.357392] systemd[1]: Starting Create System Users...
[    2.365478] ppdev: user-space parallel port driver
[    2.367032] systemd[1]: Finished Load/Save Random Seed.
[    2.371806] systemd[1]: Finished Create System Users.
[    2.372496] systemd[1]: Starting Create Static Device Nodes in /dev...
[    2.417450] systemd[1]: Finished udev Coldplug all Devices.
[    2.421985] systemd[1]: Finished Create Static Device Nodes in /dev.
[    2.422810] systemd[1]: Starting udev Kernel Device Manager...
[    2.461388] [drm] DMA map mode: Caching DMA mappings.
[    2.461451] [drm] Capabilities:
[    2.461451] [drm]   Rect copy.
[    2.461452] [drm]   Cursor.
[    2.461452] [drm]   Cursor bypass.
[    2.461452] [drm]   Cursor bypass 2.
[    2.461453] [drm]   Alpha cursor.
[    2.461453] [drm]   Extended Fifo.
[    2.461453] [drm]   Pitchlock.
[    2.461454] [drm]   Irq mask.
[    2.461454] [drm]   GMR.
[    2.461454] [drm]   Traces.
[    2.461455] [drm]   GMR2.
[    2.461455] [drm]   Screen Object 2.
[    2.461455] [drm]   Command Buffers.
[    2.461456] [drm]   Command Buffers 2.
[    2.461456] [drm]   Guest Backed Resources.
[    2.461457] [drm] Max GMR ids is 8192
[    2.461457] [drm] Max number of GMR pages is 1048576
[    2.461458] [drm] Max dedicated hypervisor surface memory is 393216 kiB
[    2.461458] [drm] Maximum display memory size is 131072 kiB
[    2.461459] [drm] VRAM at 0xe0000000 size is 131072 kiB
[    2.461460] [drm] MMIO at 0xf0000000 size is 2048 kiB
[    2.478991] [TTM] Zone  kernel: Available graphics memory: 1011738 KiB
[    2.478992] [TTM] Initializing pool allocator
[    2.478995] [TTM] Initializing DMA pool allocator
[    2.479023] [drm] Supports vblank timestamp caching Rev 2 (21.10.2013).
[    2.479023] [drm] No driver support for vblank timestamp query.
[    2.479629] [drm] Screen Target Display device initialized
[    2.479841] [drm] width 720
[    2.479850] [drm] height 400
[    2.479853] [drm] bpp 32
[    2.480425] [drm] Fifo max 0x00200000 min 0x00001000 cap 0x00000355
[    2.481502] [drm] Using command buffers with DMA pool.
[    2.481506] [drm] DX: no.
[    2.481506] [drm] Atomic: yes.
[    2.481507] [drm] SM4_1: no.
[    2.481525] [drm:vmw_host_log [vmwgfx]] *ERROR* Failed to send host log message.
[    2.482432] [drm:vmw_host_log [vmwgfx]] *ERROR* Failed to send host log message.
[    2.499803] fbcon: svgadrmfb (fb0) is primary device
[    2.503745] Console: switching to colour frame buffer device 100x37
[    2.508949] systemd[1]: Finished Set the console keyboard layout.
[    2.509059] systemd[1]: Reached target Local File Systems (Pre).
[    2.511435] systemd[1]: Mounting Mount unit for bare, revision 5...
[    2.513651] systemd[1]: Mounting Mount unit for core18, revision 1705...
[    2.516741] [drm] Initialized vmwgfx 2.15.0 20180704 for 0000:00:02.0 on minor 0
[    2.519076] systemd[1]: Mounting Mount unit for gnome-3-34-1804, revision 24...
[    2.528681] systemd[1]: Mounting Mount unit for gtk-common-themes, revision 1506...
[    2.557750] systemd[1]: Mounting Mount unit for gtk-common-themes, revision 1535...
[    2.561394] systemd[1]: Mounting Mount unit for snap-store, revision 433...
[    2.583023] systemd[1]: Mounting Mount unit for snapd, revision 25935...
[    2.592437] systemd[1]: Finished Load Kernel Modules.
[    2.593342] systemd[1]: Mounted Mount unit for bare, revision 5.
[    2.594330] systemd[1]: Mounting FUSE Control File System...
[    2.597297] systemd[1]: Mounting Kernel Configuration File System...
[    2.612497] systemd[1]: Starting Apply Kernel Variables...
[    2.629007] systemd[1]: Mounted Mount unit for core18, revision 1705.
[    2.629106] systemd[1]: Mounted Mount unit for gnome-3-34-1804, revision 24.
[    2.629180] systemd[1]: Mounted FUSE Control File System.
[    2.629250] systemd[1]: Mounted Kernel Configuration File System.
[    2.629302] systemd[1]: Condition check resulted in VMware vmblock fuse mount being skipped.
[    2.652446] systemd[1]: Finished Apply Kernel Variables.
[    2.654869] systemd[1]: Started udev Kernel Device Manager.
[    2.655528] systemd[1]: Starting Show Plymouth Boot Screen...
[    2.660069] systemd[1]: Received SIGRTMIN+20 from PID 275 (plymouthd).
[    2.687921] systemd[1]: Mounted Mount unit for gtk-common-themes, revision 1506.
[    2.688161] systemd[1]: Mounted Mount unit for snap-store, revision 433.
[    2.702764] systemd[1]: Started Show Plymouth Boot Screen.
[    2.702899] systemd[1]: Condition check resulted in Dispatch Password Requests to Console Directory Watch being skipped.
[    2.703003] systemd[1]: Started Forward Password Requests to Plymouth Directory Watch.
[    2.703034] systemd[1]: Reached target Local Encrypted Volumes.
[    2.720804] systemd[1]: Mounted Mount unit for gtk-common-themes, revision 1535.
[    2.721026] systemd[1]: Mounted Mount unit for snapd, revision 25935.
[    2.721180] systemd[1]: Reached target Local File Systems.
[    2.721943] systemd[1]: Starting Load AppArmor profiles...
[    2.724241] systemd[1]: Starting Set console font and keymap...
[    2.737044] systemd[1]: Starting Tell Plymouth To Write Out Runtime Data...
[    2.738429] systemd[1]: Condition check resulted in Store a System Token in an EFI Variable being skipped.
[    2.738483] systemd[1]: Condition check resulted in Commit a transient machine-id on disk being skipped.
[    2.740831] systemd[1]: Finished Set console font and keymap.
[    2.750392] systemd[1]: Received SIGRTMIN+20 from PID 275 (plymouthd).
[    2.751894] systemd[1]: plymouth-read-write.service: Succeeded.
[    2.752125] systemd[1]: Finished Tell Plymouth To Write Out Runtime Data.
[    2.778081] audit: type=1400 audit(1768831826.620:2): apparmor="STATUS" operation="profile_load" profile="unconfined" name="nvidia_modprobe" pid=300 comm="apparmor_parser"
[    2.778083] audit: type=1400 audit(1768831826.620:3): apparmor="STATUS" operation="profile_load" profile="unconfined" name="nvidia_modprobe//kmod" pid=300 comm="apparmor_parser"
[    2.783974] audit: type=1400 audit(1768831826.628:4): apparmor="STATUS" operation="profile_load" profile="unconfined" name="/usr/sbin/tcpdump" pid=301 comm="apparmor_parser"
[    2.845734] audit: type=1400 audit(1768831826.680:5): apparmor="STATUS" operation="profile_load" profile="unconfined" name="/usr/bin/evince" pid=303 comm="apparmor_parser"
[    2.845736] audit: type=1400 audit(1768831826.680:6): apparmor="STATUS" operation="profile_load" profile="unconfined" name="/usr/bin/evince//sanitized_helper" pid=303 comm="apparmor_parser"
[    2.845738] audit: type=1400 audit(1768831826.680:7): apparmor="STATUS" operation="profile_load" profile="unconfined" name="/usr/bin/evince-previewer" pid=303 comm="apparmor_parser"
[    2.845740] audit: type=1400 audit(1768831826.680:8): apparmor="STATUS" operation="profile_load" profile="unconfined" name="/usr/bin/evince-previewer//sanitized_helper" pid=303 comm="apparmor_parser"
[    2.845742] audit: type=1400 audit(1768831826.680:9): apparmor="STATUS" operation="profile_load" profile="unconfined" name="/usr/bin/evince-thumbnailer" pid=303 comm="apparmor_parser"
[    2.883114] audit: type=1400 audit(1768831826.724:10): apparmor="STATUS" operation="profile_load" profile="unconfined" name="/usr/lib/cups/backend/cups-pdf" pid=304 comm="apparmor_parser"
[    2.947496] systemd[1]: Finished Load AppArmor profiles.
[    2.948464] systemd[1]: Starting Load AppArmor profiles managed internally by snapd...
[    3.062377] systemd[1]: Finished Load AppArmor profiles managed internally by snapd.
[    3.205637] systemd[1]: Started Journal Service.
[    3.213281] systemd-journald[229]: Received client request to flush runtime journal.
[    3.217082] systemd-journald[229]: File /var/log/journal/c455b248004a419c87ce85eea238d727/system.journal corrupted or uncleanly shut down, renaming and replacing.
[    4.528207] RAPL PMU: API unit is 2^-32 Joules, 0 fixed counters, 10737418240 ms ovfl timer
[    4.595103] cryptd: max_cpu_qlen set to 1000
[    4.650542] AVX2 version of gcm_enc/dec engaged.
[    4.650543] AES CTR mode by8 optimization enabled
[    6.541830] Adding 1998844k swap on /dev/sda1.  Priority:-2 extents:1 across:1998844k FS
[    8.268458] kauditd_printk_skb: 30 callbacks suppressed
[    8.268459] audit: type=1400 audit(1768831832.112:41): apparmor="DENIED" operation="capable" profile="/usr/sbin/cups-browsed" pid=509 comm="cups-browsed" capability=23  capname="sys_nice"
[    9.121123] pcnet32 0000:00:03.0 enp0s3: link up, 100Mbps, full-duplex
[    9.162659] e1000: enp0s8 NIC Link is Up 1000 Mbps Full Duplex, Flow Control: RX
[    9.162964] IPv6: ADDRCONF(NETDEV_CHANGE): enp0s8: link becomes ready
[    9.175677] e1000: enp0s9 NIC Link is Up 1000 Mbps Full Duplex, Flow Control: RX
[    9.175989] IPv6: ADDRCONF(NETDEV_CHANGE): enp0s9: link becomes ready
[    9.806824] device enp0s3 entered promiscuous mode
[    9.841292] audit: type=1400 audit(1768831833.676:42): apparmor="DENIED" operation="open" profile="/usr/sbin/tcpdump" name="/proc/sys/kernel/random/boot_id" pid=661 comm="tcpdump" requested_mask="r" denied_mask="r" fsuid=0 ouid=0
[    9.841480] audit: type=1400 audit(1768831833.676:43): apparmor="DENIED" operation="open" profile="/usr/sbin/tcpdump" name="/proc/sys/kernel/random/boot_id" pid=661 comm="tcpdump" requested_mask="r" denied_mask="r" fsuid=0 ouid=0
[    9.841564] audit: type=1400 audit(1768831833.676:44): apparmor="DENIED" operation="open" profile="/usr/sbin/tcpdump" name="/proc/sys/kernel/random/boot_id" pid=661 comm="tcpdump" requested_mask="r" denied_mask="r" fsuid=0 ouid=0
[    9.841871] audit: type=1400 audit(1768831833.676:45): apparmor="DENIED" operation="open" profile="/usr/sbin/tcpdump" name="/proc/sys/kernel/random/boot_id" pid=661 comm="tcpdump" requested_mask="r" denied_mask="r" fsuid=0 ouid=0
[    9.846861] audit: type=1400 audit(1768831833.692:46): apparmor="DENIED" operation="open" profile="/usr/sbin/tcpdump" name="/proc/sys/kernel/random/boot_id" pid=662 comm="tcpdump" requested_mask="r" denied_mask="r" fsuid=0 ouid=0
[    9.847066] audit: type=1400 audit(1768831833.692:47): apparmor="DENIED" operation="open" profile="/usr/sbin/tcpdump" name="/proc/sys/kernel/random/boot_id" pid=662 comm="tcpdump" requested_mask="r" denied_mask="r" fsuid=0 ouid=0
[    9.847107] audit: type=1400 audit(1768831833.692:48): apparmor="DENIED" operation="open" profile="/usr/sbin/tcpdump" name="/proc/sys/kernel/random/boot_id" pid=662 comm="tcpdump" requested_mask="r" denied_mask="r" fsuid=0 ouid=0
[    9.847197] audit: type=1400 audit(1768831833.692:49): apparmor="DENIED" operation="open" profile="/usr/sbin/tcpdump" name="/proc/sys/kernel/random/boot_id" pid=662 comm="tcpdump" requested_mask="r" denied_mask="r" fsuid=0 ouid=0
[   15.806109] rfkill: input handler disabled
[  183.484956] AAAAA-TCP_FORW: name:enp0s3: saddr:16783984: daddr:100932208
[  183.566792] AAAAA-TCP_FORW: name:enp0s3: saddr:16783984: daddr:100932208
[  183.770545] AAAAA-TCP_FORW: name:enp0s3: saddr:16783984: daddr:100932208
[  183.852379] AAAAA-TCP_FORW: name:enp0s3: saddr:33561200: daddr:100932208
[  183.947481] AAAAA-TCP_FORW: name:enp0s3: saddr:16783984: daddr:100932208
[  184.061658] AAAAA-TCP_FORW: name:enp0s3: saddr:33561200: daddr:100932208
[  184.679436] AAAAA-TCP_FORW: name:enp0s3: saddr:16783984: daddr:100932208
[  186.697648] AAAAA-TCP_FORW: name:enp0s3: saddr:33561200: daddr:100932208
[  186.944119] AAAAA-TCP_FORW: name:enp0s3: saddr:33561200: daddr:100932208
[  187.382434] AAAAA-TCP_FORW: name:enp0s3: saddr:33561200: daddr:100932208
[  187.771466] AAAAA-TCP_FORW: name:enp0s3: saddr:33561200: daddr:100932208
[  188.056961] AAAAA-TCP_FORW: name:enp0s3: saddr:33561200: daddr:100932208
[  188.298655] AAAAA-TCP_FORW: name:enp0s3: saddr:33561200: daddr:100932208
[  188.541889] AAAAA-TCP_FORW: name:enp0s3: saddr:33561200: daddr:100932208
[  188.875179] AAAAA-TCP_FORW: name:enp0s3: saddr:33561200: daddr:100932208
[  189.375282] AAAAA-TCP_FORW: name:enp0s3: saddr:16783984: daddr:100932208
[  189.509853] AAAAA-TCP_FORW: name:enp0s3: saddr:16783984: daddr:100932208
[  189.822681] AAAAA-TCP_FORW: name:enp0s3: saddr:16783984: daddr:100932208
[  189.947830] AAAAA-TCP_FORW: name:enp0s3: saddr:16783984: daddr:100932208
[  190.396227] AAAAA-TCP_FORW: name:enp0s3: saddr:16783984: daddr:100932208
[  190.539704] AAAAA-TCP_FORW: name:enp0s3: saddr:16783984: daddr:100932208
[  190.817274] AAAAA-TCP_FORW: name:enp0s3: saddr:33561200: daddr:100932208
[  191.142499] AAAAA-TCP_FORW: name:enp0s3: saddr:33561200: daddr:100932208
[  191.374771] AAAAA-TCP_FORW: name:enp0s3: saddr:33561200: daddr:100932208
[  192.072495] AAAAA-TCP_FORW: name:enp0s3: saddr:100932208: daddr:16783984
[  192.141675] AAAAA-TCP_FORW: name:enp0s3: saddr:33561200: daddr:100932208
[  192.215915] AAAAA-TCP_FORW: name:enp0s3: saddr:100932208: daddr:16783984
[  192.270500] AAAAA-TCP_FORW: name:enp0s3: saddr:16783984: daddr:100932208
[  192.412963] AAAAA-TCP_FORW: name:enp0s3: saddr:16783984: daddr:100932208
[  192.441875] AAAAA-TCP_FORW: name:enp0s3: saddr:100932208: daddr:33561200
[  192.735214] AAAAA-TCP_FORW: name:enp0s3: saddr:100932208: daddr:16783984
[  216.503788] AAAAA-TCP_FORW: name:enp0s3: saddr:16783984: daddr:100932208
[  216.574202] AAAAA-TCP_FORW: name:enp0s3: saddr:16783984: daddr:100932208
[  216.719099] AAAAA-TCP_FORW: name:enp0s3: saddr:16783984: daddr:100932208
[  216.838210] AAAAA-TCP_FORW: name:enp0s3: saddr:16783984: daddr:100932208
[  217.015582] AAAAA-TCP_FORW: name:enp0s3: saddr:16783984: daddr:100932208
[  217.206384] AAAAA-TCP_FORW: name:enp0s3: saddr:16783984: daddr:100932208
[  217.497176] AAAAA-TCP_FORW: name:enp0s3: saddr:16783984: daddr:100932208
[  217.628423] AAAAA-TCP_FORW: name:enp0s3: saddr:16783984: daddr:100932208
[  217.757847] AAAAA-TCP_FORW: name:enp0s3: saddr:16783984: daddr:100932208
[  217.968051] AAAAA-TCP_FORW: name:enp0s3: saddr:16783984: daddr:100932208
[  218.149182] AAAAA-TCP_FORW: name:enp0s3: saddr:16783984: daddr:100932208
[  218.297889] AAAAA-TCP_FORW: name:enp0s3: saddr:16783984: daddr:100932208
[  218.394508] AAAAA-TCP_FORW: name:enp0s3: saddr:16783984: daddr:100932208
[  218.583143] AAAAA-TCP_FORW: name:enp0s3: saddr:16783984: daddr:100932208
[  218.717210] AAAAA-TCP_FORW: name:enp0s3: saddr:16783984: daddr:100932208
[  218.844113] AAAAA-TCP_FORW: name:enp0s3: saddr:16783984: daddr:100932208
[  218.993570] AAAAA-TCP_FORW: name:enp0s3: saddr:16783984: daddr:100932208
[  219.132100] AAAAA-TCP_FORW: name:enp0s3: saddr:16783984: daddr:100932208
[  219.328318] AAAAA-TCP_FORW: name:enp0s3: saddr:33561200: daddr:100932208
[  219.472617] AAAAA-TCP_FORW: name:enp0s3: saddr:33561200: daddr:100932208
[  219.880374] AAAAA-TCP_FORW: name:enp0s3: saddr:16783984: daddr:100932208
[  220.225659] AAAAA-TCP_FORW: name:enp0s3: saddr:16783984: daddr:100932208
[  220.430183] AAAAA-TCP_FORW: name:enp0s3: saddr:33561200: daddr:100932208
[  221.697085] AAAAA-TCP_FORW: name:enp0s3: saddr:16783984: daddr:100932208
[  222.182733] AAAAA-TCP_FORW: name:enp0s3: saddr:33561200: daddr:100932208
[  222.786346] AAAAA-TCP_FORW: name:enp0s3: saddr:16783984: daddr:100932208
[  223.033811] AAAAA-TCP_FORW: name:enp0s3: saddr:33561200: daddr:100932208
[  223.705893] AAAAA-TCP_FORW: name:enp0s3: saddr:16783984: daddr:100932208
[  224.533235] AAAAA-TCP_FORW: name:enp0s3: saddr:33561200: daddr:100932208
[  224.731181] AAAAA-TCP_FORW: name:enp0s3: saddr:33561200: daddr:100932208
[  225.402823] AAAAA-TCP_FORW: name:enp0s3: saddr:16783984: daddr:100932208
[  226.097458] AAAAA-TCP_FORW: name:enp0s3: saddr:16783984: daddr:100932208
[  226.247221] AAAAA-TCP_FORW: name:enp0s3: saddr:33561200: daddr:100932208
[  226.650530] AAAAA-TCP_FORW: name:enp0s3: saddr:16783984: daddr:100932208
[  226.746087] AAAAA-TCP_FORW: name:enp0s3: saddr:16783984: daddr:100932208
[  226.949175] AAAAA-TCP_FORW: name:enp0s3: saddr:16783984: daddr:100932208
[  227.080814] AAAAA-TCP_FORW: name:enp0s3: saddr:16783984: daddr:100932208
[  227.161363] AAAAA-TCP_FORW: name:enp0s3: saddr:16783984: daddr:100932208
[  227.215273] AAAAA-TCP_FORW: name:enp0s3: saddr:16783984: daddr:100932208
[  227.295711] AAAAA-TCP_FORW: name:enp0s3: saddr:16783984: daddr:100932208
[  227.414444] AAAAA-TCP_FORW: name:enp0s3: saddr:16783984: daddr:100932208
[  227.562609] AAAAA-TCP_FORW: name:enp0s3: saddr:16783984: daddr:100932208
[  227.786863] AAAAA-TCP_FORW: name:enp0s3: saddr:16783984: daddr:100932208
[  227.896343] AAAAA-TCP_FORW: name:enp0s3: saddr:16783984: daddr:100932208
[  228.038489] AAAAA-TCP_FORW: name:enp0s3: saddr:16783984: daddr:100932208
[  228.139056] AAAAA-TCP_FORW: name:enp0s3: saddr:16783984: daddr:100932208
[  228.372580] AAAAA-TCP_FORW: name:enp0s3: saddr:16783984: daddr:100932208
[  228.468926] AAAAA-TCP_FORW: name:enp0s3: saddr:16783984: daddr:100932208
[  228.580172] AAAAA-TCP_FORW: name:enp0s3: saddr:16783984: daddr:100932208
[  228.681486] AAAAA-TCP_FORW: name:enp0s3: saddr:16783984: daddr:100932208
[  228.790032] AAAAA-TCP_FORW: name:enp0s3: saddr:33561200: daddr:100932208
[  228.937630] AAAAA-TCP_FORW: name:enp0s3: saddr:33561200: daddr:100932208
[  229.082106] AAAAA-TCP_FORW: name:enp0s3: saddr:33561200: daddr:100932208
[  229.248728] AAAAA-TCP_FORW: name:enp0s3: saddr:16783984: daddr:100932208
[  229.493634] AAAAA-TCP_FORW: name:enp0s3: saddr:16783984: daddr:100932208
[  229.623001] AAAAA-TCP_FORW: name:enp0s3: saddr:16783984: daddr:100932208
[  230.060020] AAAAA-TCP_FORW: name:enp0s3: saddr:16783984: daddr:100932208
[  230.173496] AAAAA-TCP_FORW: name:enp0s3: saddr:33561200: daddr:100932208
[  230.364738] AAAAA-TCP_FORW: name:enp0s3: saddr:33561200: daddr:100932208
[  231.624715] AAAAA-TCP_FORW: name:enp0s3: saddr:16783984: daddr:100932208
[  231.762978] AAAAA-TCP_FORW: name:enp0s3: saddr:16783984: daddr:100932208
[  231.996698] AAAAA-TCP_FORW: name:enp0s3: saddr:16783984: daddr:100932208
[  232.244109] AAAAA-TCP_FORW: name:enp0s3: saddr:16783984: daddr:100932208
[  232.441245] AAAAA-TCP_FORW: name:enp0s3: saddr:16783984: daddr:100932208
[  232.508168] AAAAA-TCP_FORW: name:enp0s3: saddr:16783984: daddr:100932208
[  232.629735] AAAAA-TCP_FORW: name:enp0s3: saddr:16783984: daddr:100932208
[  233.965546] AAAAA-TCP_FORW: name:enp0s3: saddr:33561200: daddr:100932208
[  234.057736] AAAAA-TCP_FORW: name:enp0s3: saddr:33561200: daddr:100932208
[  234.996596] AAAAA-TCP_FORW: name:enp0s3: saddr:33561200: daddr:100932208
[  235.430205] AAAAA-TCP_FORW: name:enp0s3: saddr:33561200: daddr:100932208
[  235.846484] AAAAA-TCP_FORW: name:enp0s3: saddr:16783984: daddr:100932208
[  236.083926] AAAAA-TCP_FORW: name:enp0s3: saddr:16783984: daddr:100932208
[  236.245480] AAAAA-TCP_FORW: name:enp0s3: saddr:16783984: daddr:100932208
[  236.333918] AAAAA-TCP_FORW: name:enp0s3: saddr:16783984: daddr:100932208
[  236.562291] AAAAA-TCP_FORW: name:enp0s3: saddr:16783984: daddr:100932208
[  236.694544] AAAAA-TCP_FORW: name:enp0s3: saddr:16783984: daddr:100932208
[  237.069916] AAAAA-TCP_FORW: name:enp0s3: saddr:16783984: daddr:100932208
[  238.174364] AAAAA-TCP_FORW: name:enp0s3: saddr:33561200: daddr:100932208
[  238.296083] AAAAA-TCP_FORW: name:enp0s3: saddr:33561200: daddr:100932208
[  238.619819] AAAAA-TCP_FORW: name:enp0s3: saddr:33561200: daddr:100932208
[  238.784869] AAAAA-TCP_FORW: name:enp0s3: saddr:33561200: daddr:100932208
[  239.881994] AAAAA-TCP_FORW: name:enp0s3: saddr:33561200: daddr:100932208
[  240.163771] AAAAA-TCP_FORW: name:enp0s3: saddr:33561200: daddr:100932208
[  241.569180] AAAAA-TCP_FORW: name:enp0s3: saddr:16783984: daddr:100932208
[  277.002018] AAAAA-TCP_FORW: name:enp0s3: saddr:100932208: daddr:16783984
[  281.459773] AAAAA-TCP_FORW: name:enp0s3: saddr:100932208: daddr:33561200
[  498.698117] rfkill: input handler enabled
[  507.250053] rfkill: input handler disabled
[  687.112534] device enp0s3 left promiscuous mode
