[    0.000000] Linux version 5.4.243-mptcp (root@ztg) (gcc version 12.2.0 (Debian 12.2.0-14+deb12u1)) #53 SMP Wed Dec 24 23:28:15 CST 2025
[    0.000000] Command line: BOOT_IMAGE=/boot/vmlinuz-5.4.243-mptcp root=UUID=98415a12-53b7-4144-8265-0f7ece09e445 ro quiet splash
[    0.000000] KERNEL supported cpus:
[    0.000000]   Intel GenuineIntel
[    0.000000]   AMD AuthenticAMD
[    0.000000]   Hygon HygonGenuine
[    0.000000]   Centaur CentaurHauls
[    0.000000]   zhaoxin   Shanghai  
[    0.000000] x86/fpu: Supporting XSAVE feature 0x001: 'x87 floating point registers'
[    0.000000] x86/fpu: Supporting XSAVE feature 0x002: 'SSE registers'
[    0.000000] x86/fpu: Supporting XSAVE feature 0x004: 'AVX registers'
[    0.000000] x86/fpu: xstate_offset[2]:  576, xstate_sizes[2]:  256
[    0.000000] x86/fpu: Enabled xstate features 0x7, context size is 832 bytes, using 'standard' format.
[    0.000000] BIOS-provided physical RAM map:
[    0.000000] BIOS-e820: [mem 0x0000000000000000-0x000000000009fbff] usable
[    0.000000] BIOS-e820: [mem 0x000000000009fc00-0x000000000009ffff] reserved
[    0.000000] BIOS-e820: [mem 0x00000000000f0000-0x00000000000fffff] reserved
[    0.000000] BIOS-e820: [mem 0x0000000000100000-0x000000007ffeffff] usable
[    0.000000] BIOS-e820: [mem 0x000000007fff0000-0x000000007fffffff] ACPI data
[    0.000000] BIOS-e820: [mem 0x00000000fec00000-0x00000000fec00fff] reserved
[    0.000000] BIOS-e820: [mem 0x00000000fee00000-0x00000000fee00fff] reserved
[    0.000000] BIOS-e820: [mem 0x00000000fffc0000-0x00000000ffffffff] reserved
[    0.000000] NX (Execute Disable) protection: active
[    0.000000] SMBIOS 2.5 present.
[    0.000000] DMI: innotek GmbH VirtualBox/VirtualBox, BIOS VirtualBox 12/01/2006
[    0.000000] Hypervisor detected: KVM
[    0.000000] kvm-clock: Using msrs 4b564d01 and 4b564d00
[    0.000000] kvm-clock: cpu 0, msr 19c01001, primary cpu clock
[    0.000000] kvm-clock: using sched offset of 4462062453 cycles
[    0.000004] clocksource: kvm-clock: mask: 0xffffffffffffffff max_cycles: 0x1cd42e4dffb, max_idle_ns: 881590591483 ns
[    0.000006] tsc: Detected 2100.000 MHz processor
[    0.002379] e820: update [mem 0x00000000-0x00000fff] usable ==> reserved
[    0.002381] e820: remove [mem 0x000a0000-0x000fffff] usable
[    0.002386] last_pfn = 0x7fff0 max_arch_pfn = 0x400000000
[    0.002466] MTRR default type: uncachable
[    0.002467] MTRR fixed ranges enabled:
[    0.002469]   00000-9FFFF write-back
[    0.002470]   A0000-BFFFF uncachable
[    0.002471]   C0000-FFFFF write-protect
[    0.002472] MTRR variable ranges enabled:
[    0.002473]   0 base 000000000000 mask 3FFF80000000 write-back
[    0.002474]   1 disabled
[    0.002475]   2 disabled
[    0.002475]   3 disabled
[    0.002476]   4 disabled
[    0.002476]   5 disabled
[    0.002477]   6 disabled
[    0.002478]   7 disabled
[    0.002478]   8 disabled
[    0.002479]   9 disabled
[    0.002479]   10 disabled
[    0.002480]   11 disabled
[    0.002480]   12 disabled
[    0.002480]   13 disabled
[    0.002481]   14 disabled
[    0.002481]   15 disabled
[    0.002501] x86/PAT: Configuration [0-7]: WB  WC  UC- UC  WB  WP  UC- WT  
[    0.002650] found SMP MP-table at [mem 0x0009fff0-0x0009ffff]
[    0.112256] check: Scanning 1 areas for low memory corruption
[    0.112472] RAMDISK: [mem 0x32271000-0x3512ffff]
[    0.112480] ACPI: Early table checksum verification disabled
[    0.112486] ACPI: RSDP 0x00000000000E0000 000024 (v02 VBOX  )
[    0.112491] ACPI: XSDT 0x000000007FFF0030 00003C (v01 VBOX   VBOXXSDT 00000001 ASL  00000061)
[    0.112497] ACPI: FACP 0x000000007FFF00F0 0000F4 (v04 VBOX   VBOXFACP 00000001 ASL  00000061)
[    0.112504] ACPI: DSDT 0x000000007FFF02E0 002353 (v02 VBOX   VBOXBIOS 00000002 VBOX 00029BF3)
[    0.112509] ACPI: FACS 0x000000007FFF0200 000040
[    0.112512] ACPI: FACS 0x000000007FFF0200 000040
[    0.112515] ACPI: APIC 0x000000007FFF0240 000054 (v02 VBOX   VBOXAPIC 00000001 ASL  00000061)
[    0.112519] ACPI: SSDT 0x000000007FFF02A0 000038 (v01 VBOX   VBOXCPUT 00000002 VBOX 00029BF3)
[    0.112522] ACPI: Reserving FACP table memory at [mem 0x7fff00f0-0x7fff01e3]
[    0.112523] ACPI: Reserving DSDT table memory at [mem 0x7fff02e0-0x7fff2632]
[    0.112524] ACPI: Reserving FACS table memory at [mem 0x7fff0200-0x7fff023f]
[    0.112524] ACPI: Reserving FACS table memory at [mem 0x7fff0200-0x7fff023f]
[    0.112525] ACPI: Reserving APIC table memory at [mem 0x7fff0240-0x7fff0293]
[    0.112526] ACPI: Reserving SSDT table memory at [mem 0x7fff02a0-0x7fff02d7]
[    0.112541] ACPI: Local APIC address 0xfee00000
[    0.112731] No NUMA configuration found
[    0.112732] Faking a node at [mem 0x0000000000000000-0x000000007ffeffff]
[    0.112742] NODE_DATA(0) allocated [mem 0x7ffc5000-0x7ffeffff]
[    0.113024] Zone ranges:
[    0.113025]   DMA      [mem 0x0000000000001000-0x0000000000ffffff]
[    0.113026]   DMA32    [mem 0x0000000001000000-0x000000007ffeffff]
[    0.113027]   Normal   empty
[    0.113028]   Device   empty
[    0.113028] Movable zone start for each node
[    0.113030] Early memory node ranges
[    0.113031]   node   0: [mem 0x0000000000001000-0x000000000009efff]
[    0.113032]   node   0: [mem 0x0000000000100000-0x000000007ffeffff]
[    0.113035] Zeroed struct page in unavailable ranges: 114 pages
[    0.113036] Initmem setup node 0 [mem 0x0000000000001000-0x000000007ffeffff]
[    0.113037] On node 0 totalpages: 524174
[    0.113038]   DMA zone: 64 pages used for memmap
[    0.113039]   DMA zone: 21 pages reserved
[    0.113040]   DMA zone: 3998 pages, LIFO batch:0
[    0.113110]   DMA32 zone: 8128 pages used for memmap
[    0.113111]   DMA32 zone: 520176 pages, LIFO batch:63
[    0.122129] ACPI: PM-Timer IO Port: 0x4008
[    0.122133] ACPI: Local APIC address 0xfee00000
[    0.122201] IOAPIC[0]: apic_id 1, version 32, address 0xfec00000, GSI 0-23
[    0.122205] ACPI: INT_SRC_OVR (bus 0 bus_irq 0 global_irq 2 dfl dfl)
[    0.122207] ACPI: INT_SRC_OVR (bus 0 bus_irq 9 global_irq 9 low level)
[    0.122209] ACPI: IRQ0 used by override.
[    0.122210] ACPI: IRQ9 used by override.
[    0.122213] Using ACPI (MADT) for SMP configuration information
[    0.122220] smpboot: Allowing 1 CPUs, 0 hotplug CPUs
[    0.122243] PM: Registered nosave memory: [mem 0x00000000-0x00000fff]
[    0.122245] PM: Registered nosave memory: [mem 0x0009f000-0x0009ffff]
[    0.122245] PM: Registered nosave memory: [mem 0x000a0000-0x000effff]
[    0.122246] PM: Registered nosave memory: [mem 0x000f0000-0x000fffff]
[    0.122248] [mem 0x80000000-0xfebfffff] available for PCI devices
[    0.122248] Booting paravirtualized kernel on KVM
[    0.122252] clocksource: refined-jiffies: mask: 0xffffffff max_cycles: 0xffffffff, max_idle_ns: 7645519600211568 ns
[    0.122257] setup_percpu: NR_CPUS:8192 nr_cpumask_bits:1 nr_cpu_ids:1 nr_node_ids:1
[    0.123275] percpu: Embedded 60 pages/cpu s208896 r8192 d28672 u2097152
[    0.123280] pcpu-alloc: s208896 r8192 d28672 u2097152 alloc=1*2097152
[    0.123281] pcpu-alloc: [0] 0 
[    0.123309] Built 1 zonelists, mobility grouping on.  Total pages: 515961
[    0.123310] Policy zone: DMA32
[    0.123311] Kernel command line: BOOT_IMAGE=/boot/vmlinuz-5.4.243-mptcp root=UUID=98415a12-53b7-4144-8265-0f7ece09e445 ro quiet splash
[    0.124164] Dentry cache hash table entries: 262144 (order: 9, 2097152 bytes, linear)
[    0.124427] Inode-cache hash table entries: 131072 (order: 8, 1048576 bytes, linear)
[    0.124477] mem auto-init: stack:off, heap alloc:on, heap free:off
[    0.124480] Calgary: detecting Calgary via BIOS EBDA area
[    0.124481] Calgary: Unable to locate Rio Grande table in EBDA - bailing!
[    0.128585] Memory: 1967332K/2096696K available (14339K kernel code, 2398K rwdata, 4712K rodata, 2728K init, 17260K bss, 129364K reserved, 0K cma-reserved)
[    0.129500] SLUB: HWalign=64, Order=0-3, MinObjects=0, CPUs=1, Nodes=1
[    0.129517] ftrace: allocating 43186 entries in 169 pages
[    0.148692] rcu: Hierarchical RCU implementation.
[    0.148694] rcu: 	RCU restricting CPUs from NR_CPUS=8192 to nr_cpu_ids=1.
[    0.148696] 	Tasks RCU enabled.
[    0.148697] rcu: RCU calculated value of scheduler-enlistment delay is 25 jiffies.
[    0.148698] rcu: Adjusting geometry for rcu_fanout_leaf=16, nr_cpu_ids=1
[    0.152569] NR_IRQS: 524544, nr_irqs: 256, preallocated irqs: 16
[    0.152907] random: crng init done
[    0.166151] Console: colour VGA+ 80x25
[    0.166155] printk: console [tty0] enabled
[    0.166182] ACPI: Core revision 20190816
[    0.166312] APIC: Switch to symmetric I/O mode setup
[    0.166669] x2apic enabled
[    0.167010] Switched APIC routing to physical x2apic.
[    0.168692] ..TIMER: vector=0x30 apic1=0 pin1=2 apic2=-1 pin2=-1
[    0.168730] clocksource: tsc-early: mask: 0xffffffffffffffff max_cycles: 0x1e4530a99b6, max_idle_ns: 440795257976 ns
[    0.168737] Calibrating delay loop (skipped) preset value.. 4200.00 BogoMIPS (lpj=8400000)
[    0.168740] pid_max: default: 32768 minimum: 301
[    0.168778] LSM: Security Framework initializing
[    0.168790] Yama: becoming mindful.
[    0.168822] AppArmor: AppArmor initialized
[    0.168863] Mount-cache hash table entries: 4096 (order: 3, 32768 bytes, linear)
[    0.168868] Mountpoint-cache hash table entries: 4096 (order: 3, 32768 bytes, linear)
[    0.168882] *** VALIDATE tmpfs ***
[    0.169040] *** VALIDATE proc ***
[    0.169093] *** VALIDATE cgroup1 ***
[    0.169094] *** VALIDATE cgroup2 ***
[    0.169263] process: using mwait in idle threads
[    0.169270] Last level iTLB entries: 4KB 64, 2MB 8, 4MB 8
[    0.169271] Last level dTLB entries: 4KB 64, 2MB 0, 4MB 0, 1GB 4
[    0.169294] Spectre V1 : Mitigation: usercopy/swapgs barriers and __user pointer sanitization
[    0.169300] Spectre V2 : Mitigation: Retpolines
[    0.169301] Spectre V2 : Spectre v2 / SpectreRSB mitigation: Filling RSB on context switch
[    0.169301] Spectre V2 : Spectre v2 / SpectreRSB : Filling RSB on VMEXIT
[    0.169302] RETBleed: WARNING: Spectre v2 mitigation leaves CPU vulnerable to RETBleed attacks, data leaks possible!
[    0.169813] RETBleed: Vulnerable
[    0.169814] Speculative Store Bypass: Vulnerable
[    0.169819] TAA: Mitigation: TSX disabled
[    0.169820] MMIO Stale Data: Mitigation: Clear CPU buffers
[    0.178024] Freeing SMP alternatives memory: 40K
[    0.288520] smpboot: CPU0: Intel(R) Xeon(R) Silver 4216 CPU @ 2.10GHz (family: 0x6, model: 0x55, stepping: 0x7)
[    0.288670] Performance Events: unsupported p6 CPU model 85 no PMU driver, software events only.
[    0.288710] rcu: Hierarchical SRCU implementation.
[    0.288732] NMI watchdog: Perf NMI watchdog permanently disabled
[    0.288732] smp: Bringing up secondary CPUs ...
[    0.288732] smp: Brought up 1 node, 1 CPU
[    0.288732] smpboot: Max logical packages: 1
[    0.288732] smpboot: Total of 1 processors activated (4200.00 BogoMIPS)
[    0.288732] devtmpfs: initialized
[    0.288732] x86/mm: Memory block size: 128MB
[    0.288732] clocksource: jiffies: mask: 0xffffffff max_cycles: 0xffffffff, max_idle_ns: 7645041785100000 ns
[    0.288732] futex hash table entries: 256 (order: 2, 16384 bytes, linear)
[    0.288732] pinctrl core: initialized pinctrl subsystem
[    0.288732] PM: RTC time: 10:56:03, date: 2026-01-18
[    0.288732] NET: Registered protocol family 16
[    0.288732] audit: initializing netlink subsys (disabled)
[    0.288732] EISA bus registered
[    0.288732] cpuidle: using governor ladder
[    0.288732] cpuidle: using governor menu
[    0.288732] ACPI: bus type PCI registered
[    0.288732] acpiphp: ACPI Hot Plug PCI Controller Driver version: 0.5
[    0.288732] PCI: Using configuration type 1 for base access
[    0.289245] audit: type=2000 audit(1768704970.258:1): state=initialized audit_enabled=0 res=1
[    0.289324] HugeTLB registered 2.00 MiB page size, pre-allocated 0 pages
[    0.290134] ACPI: Added _OSI(Module Device)
[    0.290134] ACPI: Added _OSI(Processor Device)
[    0.290135] ACPI: Added _OSI(3.0 _SCP Extensions)
[    0.290136] ACPI: Added _OSI(Processor Aggregator Device)
[    0.290137] ACPI: Added _OSI(Linux-Dell-Video)
[    0.290137] ACPI: Added _OSI(Linux-Lenovo-NV-HDMI-Audio)
[    0.290138] ACPI: Added _OSI(Linux-HPI-Hybrid-Graphics)
[    0.292108] ACPI: 2 ACPI AML tables successfully acquired and loaded
[    0.293644] ACPI: Interpreter enabled
[    0.293653] ACPI: (supports S0 S5)
[    0.293655] ACPI: Using IOAPIC for interrupt routing
[    0.293860] PCI: Using host bridge windows from ACPI; if necessary, use "pci=nocrs" and report a bug
[    0.293970] ACPI: Enabled 2 GPEs in block 00 to 07
[    0.298973] ACPI: PCI Root Bridge [PCI0] (domain 0000 [bus 00-ff])
[    0.298978] acpi PNP0A03:00: _OSC: OS supports [ASPM ClockPM Segments MSI HPX-Type3]
[    0.299452] acpi PNP0A03:00: _OSC: not requesting OS control; OS requires [ExtendedConfig ASPM ClockPM MSI]
[    0.299460] acpi PNP0A03:00: fail to add MMCONFIG information, can't access extended PCI configuration space under this bridge.
[    0.299835] PCI host bridge to bus 0000:00
[    0.299838] pci_bus 0000:00: root bus resource [io  0x0000-0x0cf7 window]
[    0.299839] pci_bus 0000:00: root bus resource [io  0x0d00-0xffff window]
[    0.299840] pci_bus 0000:00: root bus resource [mem 0x000a0000-0x000bffff window]
[    0.299841] pci_bus 0000:00: root bus resource [mem 0x80000000-0xfdffffff window]
[    0.299842] pci_bus 0000:00: root bus resource [bus 00-ff]
[    0.299889] pci 0000:00:00.0: [8086:1237] type 00 class 0x060000
[    0.300820] pci 0000:00:01.0: [8086:7000] type 00 class 0x060100
[    0.301587] pci 0000:00:01.1: [8086:7111] type 00 class 0x01018a
[    0.301967] pci 0000:00:01.1: reg 0x20: [io  0xd000-0xd00f]
[    0.302134] pci 0000:00:01.1: legacy IDE quirk: reg 0x10: [io  0x01f0-0x01f7]
[    0.302135] pci 0000:00:01.1: legacy IDE quirk: reg 0x14: [io  0x03f6]
[    0.302136] pci 0000:00:01.1: legacy IDE quirk: reg 0x18: [io  0x0170-0x0177]
[    0.302137] pci 0000:00:01.1: legacy IDE quirk: reg 0x1c: [io  0x0376]
[    0.302684] pci 0000:00:02.0: [15ad:0405] type 00 class 0x030000
[    0.304812] pci 0000:00:02.0: reg 0x10: [io  0xd010-0xd01f]
[    0.308779] pci 0000:00:02.0: reg 0x14: [mem 0xe0000000-0xe7ffffff pref]
[    0.311539] pci 0000:00:02.0: reg 0x18: [mem 0xf0000000-0xf01fffff]
[    0.321552] pci 0000:00:03.0: [1022:2000] type 00 class 0x020000
[    0.322259] pci 0000:00:03.0: reg 0x10: [io  0xd020-0xd03f]
[    0.322883] pci 0000:00:03.0: reg 0x14: [mem 0xf0200000-0xf0200fff]
[    0.327882] pci 0000:00:04.0: [80ee:cafe] type 00 class 0x088000
[    0.328557] pci 0000:00:04.0: reg 0x10: [io  0xd040-0xd05f]
[    0.328844] pci 0000:00:04.0: reg 0x14: [mem 0xf0400000-0xf07fffff]
[    0.329447] pci 0000:00:04.0: reg 0x18: [mem 0xf0800000-0xf0803fff pref]
[    0.333529] pci 0000:00:07.0: [8086:7113] type 00 class 0x068000
[    0.334095] pci 0000:00:07.0: quirk: [io  0x4000-0x403f] claimed by PIIX4 ACPI
[    0.334106] pci 0000:00:07.0: quirk: [io  0x4100-0x410f] claimed by PIIX4 SMB
[    0.334733] pci 0000:00:08.0: [8086:100e] type 00 class 0x020000
[    0.337504] pci 0000:00:08.0: reg 0x10: [mem 0xf0820000-0xf083ffff]
[    0.338716] pci 0000:00:08.0: reg 0x18: [io  0xd060-0xd067]
[    0.341792] pci 0000:00:09.0: [8086:100e] type 00 class 0x020000
[    0.342508] pci 0000:00:09.0: reg 0x10: [mem 0xf0840000-0xf085ffff]
[    0.343664] pci 0000:00:09.0: reg 0x18: [io  0xd068-0xd06f]
[    0.353731] ACPI: PCI Interrupt Link [LNKA] (IRQs 5 9 10 *11)
[    0.354016] ACPI: PCI Interrupt Link [LNKB] (IRQs 5 9 *10 11)
[    0.354119] ACPI: PCI Interrupt Link [LNKC] (IRQs 5 *9 10 11)
[    0.354224] ACPI: PCI Interrupt Link [LNKD] (IRQs 5 9 10 *11)
[    0.354502] iommu: Default domain type: Translated 
[    0.354566] pci 0000:00:02.0: vgaarb: setting as boot VGA device
[    0.354569] pci 0000:00:02.0: vgaarb: VGA device added: decodes=io+mem,owns=io+mem,locks=none
[    0.354571] pci 0000:00:02.0: vgaarb: bridge control possible
[    0.354571] vgaarb: loaded
[    0.354784] SCSI subsystem initialized
[    0.354817] libata version 3.00 loaded.
[    0.354840] ACPI: bus type USB registered
[    0.354855] usbcore: registered new interface driver usbfs
[    0.354861] usbcore: registered new interface driver hub
[    0.354867] usbcore: registered new device driver usb
[    0.354895] pps_core: LinuxPPS API ver. 1 registered
[    0.354896] pps_core: Software ver. 5.3.6 - Copyright 2005-2007 Rodolfo Giometti <giometti@linux.it>
[    0.354898] PTP clock support registered
[    0.354931] EDAC MC: Ver: 3.0.0
[    0.355226] PCI: Using ACPI for IRQ routing
[    0.355227] PCI: pci_cache_line_size set to 64 bytes
[    0.355403] e820: reserve RAM buffer [mem 0x0009fc00-0x0009ffff]
[    0.355406] e820: reserve RAM buffer [mem 0x7fff0000-0x7fffffff]
[    0.356749] NetLabel: Initializing
[    0.356750] NetLabel:  domain hash size = 128
[    0.356751] NetLabel:  protocols = UNLABELED CIPSOv4 CALIPSO
[    0.356773] NetLabel:  unlabeled traffic allowed by default
[    0.357694] clocksource: Switched to clocksource kvm-clock
[    0.367910] *** VALIDATE bpf ***
[    0.367910] VFS: Disk quotas dquot_6.6.0
[    0.367910] VFS: Dquot-cache hash table entries: 512 (order 0, 4096 bytes)
[    0.367910] *** VALIDATE ramfs ***
[    0.367910] *** VALIDATE hugetlbfs ***
[    0.367910] AppArmor: AppArmor Filesystem Enabled
[    0.367910] pnp: PnP ACPI init
[    0.367910] pnp 00:00: Plug and Play ACPI device, IDs PNP0303 (active)
[    0.371672] pnp 00:01: Plug and Play ACPI device, IDs PNP0f03 (active)
[    0.372489] pnp: PnP ACPI: found 2 devices
[    0.373472] thermal_sys: Registered thermal governor 'fair_share'
[    0.373472] thermal_sys: Registered thermal governor 'bang_bang'
[    0.373473] thermal_sys: Registered thermal governor 'step_wise'
[    0.373474] thermal_sys: Registered thermal governor 'user_space'
[    0.373474] thermal_sys: Registered thermal governor 'power_allocator'
[    0.377988] clocksource: acpi_pm: mask: 0xffffff max_cycles: 0xffffff, max_idle_ns: 2085701024 ns
[    0.378030] pci_bus 0000:00: resource 4 [io  0x0000-0x0cf7 window]
[    0.378031] pci_bus 0000:00: resource 5 [io  0x0d00-0xffff window]
[    0.378033] pci_bus 0000:00: resource 6 [mem 0x000a0000-0x000bffff window]
[    0.378034] pci_bus 0000:00: resource 7 [mem 0x80000000-0xfdffffff window]
[    0.378102] NET: Registered protocol family 2
[    0.378178] IP idents hash table entries: 32768 (order: 6, 262144 bytes, linear)
[    0.378597] MPTCP tokens hash table entries: 8192 (order: 4, 65536 bytes, linear)
[    0.378617] MPTCP request tokens hash table entries: 8192 (order: 4, 65536 bytes, linear)
[    0.378642] default registered
[    0.378642] default registered
[    0.378643] MPTCP: Stable release v0.96
[    0.378648] tcp_listen_portaddr_hash hash table entries: 1024 (order: 2, 16384 bytes, linear)
[    0.378728] TCP established hash table entries: 16384 (order: 5, 131072 bytes, linear)
[    0.378795] TCP bind hash table entries: 16384 (order: 6, 262144 bytes, linear)
[    0.378820] TCP: Hash tables configured (established 16384 bind 16384)
[    0.379520] UDP hash table entries: 1024 (order: 3, 32768 bytes, linear)
[    0.379531] UDP-Lite hash table entries: 1024 (order: 3, 32768 bytes, linear)
[    0.379565] NET: Registered protocol family 1
[    0.379574] NET: Registered protocol family 44
[    0.379599] pci 0000:00:00.0: Limiting direct PCI/PCI transfers
[    0.379612] pci 0000:00:01.0: Activating ISA DMA hang workarounds
[    0.379667] pci 0000:00:02.0: Video device with shadowed ROM at [mem 0x000c0000-0x000dffff]
[    0.379733] PCI: CLS 0 bytes, default 64
[    0.379803] Trying to unpack rootfs image as initramfs...
[    0.552682] Freeing initrd memory: 47868K
[    0.552682] clocksource: tsc: mask: 0xffffffffffffffff max_cycles: 0x1e4530a99b6, max_idle_ns: 440795257976 ns
[    0.552682] clocksource: Switched to clocksource tsc
[    0.552682] platform rtc_cmos: registered platform RTC device (no PNP device found)
[    0.552682] check: Scanning for low memory corruption every 60 seconds
[    0.552682] Initialise system trusted keyrings
[    0.552682] Key type blacklist registered
[    0.552682] workingset: timestamp_bits=36 max_order=19 bucket_order=0
[    0.552682] zbud: loaded
[    0.552682] squashfs: version 4.0 (2009/01/31) Phillip Lougher
[    0.552682] fuse: init (API version 7.31)
[    0.552682] *** VALIDATE fuse ***
[    0.552682] *** VALIDATE fuse ***
[    0.552682] Platform Keyring initialized
[    0.568077] Key type asymmetric registered
[    0.568078] Asymmetric key parser 'x509' registered
[    0.568089] Block layer SCSI generic (bsg) driver version 0.4 loaded (major 244)
[    0.568126] io scheduler mq-deadline registered
[    0.568257] shpchp: Standard Hot Plug PCI Controller Driver version: 0.4
[    0.568470] ACPI: AC Adapter [AC] (on-line)
[    0.568515] input: Power Button as /devices/LNXSYSTM:00/LNXPWRBN:00/input/input0
[    0.568546] ACPI: Power Button [PWRF]
[    0.568619] input: Sleep Button as /devices/LNXSYSTM:00/LNXSLPBN:00/input/input1
[    0.568634] ACPI: Sleep Button [SLPF]
[    0.568867] Serial: 8250/16550 driver, 32 ports, IRQ sharing enabled
[    0.570050] Linux agpgart interface v0.103
[    0.659880] loop: module loaded
[    0.660049] ata_piix 0000:00:01.1: version 2.13
[    0.660469] scsi host0: ata_piix
[    0.660560] scsi host1: ata_piix
[    0.660586] ata1: PATA max UDMA/33 cmd 0x1f0 ctl 0x3f6 bmdma 0xd000 irq 14
[    0.660587] ata2: PATA max UDMA/33 cmd 0x170 ctl 0x376 bmdma 0xd008 irq 15
[    0.660672] tun: Universal TUN/TAP device driver, 1.6
[    0.660975] PPP generic driver version 2.4.2
[    0.661018] VFIO - User Level meta-driver version: 0.3
[    0.661257] ehci_hcd: USB 2.0 'Enhanced' Host Controller (EHCI) Driver
[    0.661262] ehci-pci: EHCI PCI platform driver
[    0.661278] ehci-platform: EHCI generic platform driver
[    0.661284] ohci_hcd: USB 1.1 'Open' Host Controller (OHCI) Driver
[    0.661286] ohci-pci: OHCI PCI platform driver
[    0.661293] ohci-platform: OHCI generic platform driver
[    0.661297] uhci_hcd: USB Universal Host Controller Interface driver
[    0.661366] i8042: PNP: PS/2 Controller [PNP0303:PS2K,PNP0f03:PS2M] at 0x60,0x64 irq 1,12
[    0.661804] serio: i8042 KBD port at 0x60,0x64 irq 1
[    0.661808] serio: i8042 AUX port at 0x60,0x64 irq 12
[    0.661896] mousedev: PS/2 mouse device common for all mice
[    0.662158] input: AT Translated Set 2 keyboard as /devices/platform/i8042/serio0/input/input2
[    0.662572] rtc_cmos rtc_cmos: registered as rtc0
[    0.662585] rtc_cmos rtc_cmos: alarms up to one day, 114 bytes nvram
[    0.662591] i2c /dev entries driver
[    0.662637] device-mapper: uevent: version 1.0.3
[    0.662680] device-mapper: ioctl: 4.41.0-ioctl (2019-09-16) initialised: dm-devel@redhat.com
[    0.662697] platform eisa.0: Probing EISA bus 0
[    0.662698] platform eisa.0: EISA: Cannot allocate resource for mainboard
[    0.662699] platform eisa.0: Cannot allocate resource for EISA slot 1
[    0.662700] platform eisa.0: Cannot allocate resource for EISA slot 2
[    0.662701] platform eisa.0: Cannot allocate resource for EISA slot 3
[    0.662702] platform eisa.0: Cannot allocate resource for EISA slot 4
[    0.662703] platform eisa.0: Cannot allocate resource for EISA slot 5
[    0.662704] platform eisa.0: Cannot allocate resource for EISA slot 6
[    0.662705] platform eisa.0: Cannot allocate resource for EISA slot 7
[    0.662706] platform eisa.0: Cannot allocate resource for EISA slot 8
[    0.662707] platform eisa.0: EISA: Detected 0 cards
[    0.662710] intel_pstate: CPU model not supported
[    0.662720] ledtrig-cpu: registered to indicate activity on CPUs
[    0.662775] drop_monitor: Initializing network drop monitor service
[    0.662935] NET: Registered protocol family 10
[    0.668002] Segment Routing with IPv6
[    0.668002] fullmesh registered
[    0.668002] ndiffports registered
[    0.668002] binder registered
[    0.668002] roundrobin registered
[    0.668002] redundant registered
[    0.668002] blest registered
[    0.668002] ecf registered
[    0.668002] NET: Registered protocol family 17
[    0.668002] Key type dns_resolver registered
[    0.668002] RAS: Correctable Errors collector initialized.
[    0.668002] IPI shorthand broadcast: enabled
[    0.668002] sched_clock: Marking stable (648163123, 15838981)->(666006925, -2004821)
[    0.668323] registered taskstats version 1
[    0.668332] Loading compiled-in X.509 certificates
[    0.668921] Loaded X.509 cert 'Build time autogenerated kernel key: 6909f3744cebb3d0de528d5887b96a727de79b1e'
[    0.668939] zswap: loaded using pool lzo/zbud
[    0.668992] Key type ._fscrypt registered
[    0.668993] Key type .fscrypt registered
[    0.673443] Key type big_key registered
[    0.675624] Key type encrypted registered
[    0.675627] AppArmor: AppArmor sha1 policy hashing enabled
[    0.675634] ima: No TPM chip found, activating TPM-bypass!
[    0.675640] ima: Allocated hash algorithm: sha1
[    0.675645] ima: No architecture policies found
[    0.675654] evm: Initialising EVM extended attributes:
[    0.675654] evm: security.selinux
[    0.675655] evm: security.SMACK64
[    0.675655] evm: security.SMACK64EXEC
[    0.675656] evm: security.SMACK64TRANSMUTE
[    0.675656] evm: security.SMACK64MMAP
[    0.675657] evm: security.apparmor
[    0.675657] evm: security.ima
[    0.675658] evm: security.capability
[    0.675658] evm: HMAC attrs: 0x1
[    0.675956] PM:   Magic number: 10:272:932
[    0.676084] rtc_cmos rtc_cmos: setting system clock to 2026-01-18T10:56:04 UTC (1768733764)
[    0.831444] ata1.00: ATA-6: VBOX HARDDISK, 1.0, max UDMA/133
[    0.831446] ata1.00: 209715200 sectors, multi 128: LBA 
[    0.831902] scsi 0:0:0:0: Direct-Access     ATA      VBOX HARDDISK    1.0  PQ: 0 ANSI: 5
[    0.832081] sd 0:0:0:0: [sda] 209715200 512-byte logical blocks: (107 GB/100 GiB)
[    0.832087] sd 0:0:0:0: [sda] Write Protect is off
[    0.832089] sd 0:0:0:0: [sda] Mode Sense: 00 3a 00 00
[    0.832099] sd 0:0:0:0: [sda] Write cache: enabled, read cache: enabled, doesn't support DPO or FUA
[    0.832287] sd 0:0:0:0: Attached scsi generic sg0 type 0
[    0.833020]  sda: sda1 sda2
[    0.843954] sd 0:0:0:0: [sda] Attached SCSI disk
[    0.845756] Freeing unused decrypted memory: 2040K
[    0.846441] Freeing unused kernel image memory: 2728K
[    0.846443] Write protecting the kernel read-only data: 22528k
[    0.847094] Freeing unused kernel image memory: 2036K
[    0.847477] Freeing unused kernel image memory: 1432K
[    0.860507] x86/mm: Checked W+X mappings: passed, no W+X pages found.
[    0.860512] Run /init as init process
[    0.949715] ACPI: Video Device [GFX0] (multi-head: yes  rom: no  post: no)
[    0.949790] input: Video Bus as /devices/LNXSYSTM:00/LNXSYBUS:00/PNP0A03:00/LNXVIDEO:00/input/input4
[    0.961854] pcnet32: pcnet32.c:v1.35 21.Apr.2008 tsbogend@alpha.franken.de
[    0.963608] piix4_smbus 0000:00:07.0: SMBus Host Controller at 0x4100, revision 0
[    0.966104] e1000: Intel(R) PRO/1000 Network Driver - version 7.3.21-k8-NAPI
[    0.966105] e1000: Copyright (c) 1999-2006 Intel Corporation.
[    0.973683] pcnet32: PCnet/FAST III 79C973 at 0xd020, 08:00:27:2a:c9:15 assigned IRQ 19
[    0.973730] pcnet32: Found PHY 0022:561b at address 0
[    0.974037] pcnet32: eth0: registered as PCnet/FAST III 79C973
[    0.987304] pcnet32: 1 cards_found
[    1.045293] pcnet32 0000:00:03.0 enp0s3: renamed from eth0
[    1.182113] input: ImExPS/2 Generic Explorer Mouse as /devices/platform/i8042/serio1/input/input5
[    1.384375] e1000 0000:00:08.0 eth0: (PCI:33MHz:32-bit) 08:00:27:3c:9b:f6
[    1.384380] e1000 0000:00:08.0 eth0: Intel(R) PRO/1000 Network Connection
[    1.760320] e1000 0000:00:09.0 eth1: (PCI:33MHz:32-bit) 08:00:27:1e:02:88
[    1.760323] e1000 0000:00:09.0 eth1: Intel(R) PRO/1000 Network Connection
[    1.761522] e1000 0000:00:09.0 enp0s9: renamed from eth1
[    1.763330] e1000 0000:00:08.0 enp0s8: renamed from eth0
[    1.915833] EXT4-fs (sda2): mounted filesystem with ordered data mode. Opts: (null)
[    1.998951] systemd[1]: Inserted module 'autofs4'
[    2.009133] systemd[1]: systemd 245.4-4ubuntu3 running in system mode. (+PAM +AUDIT +SELINUX +IMA +APPARMOR +SMACK +SYSVINIT +UTMP +LIBCRYPTSETUP +GCRYPT +GNUTLS +ACL +XZ +LZ4 +SECCOMP +BLKID +ELFUTILS +KMOD +IDN2 -IDN +PCRE2 default-hierarchy=hybrid)
[    2.009164] systemd[1]: Detected virtualization oracle.
[    2.009168] systemd[1]: Detected architecture x86-64.
[    2.010458] systemd[1]: Set hostname to <ztg>.
[    2.132024] systemd[1]: /lib/systemd/system/dbus.socket:5: ListenStream= references a path below legacy directory /var/run/, updating /var/run/dbus/system_bus_socket â†’ /run/dbus/system_bus_socket; please update the unit file accordingly.
[    2.183133] systemd[1]: Created slice system-modprobe.slice.
[    2.183317] systemd[1]: Created slice User and Session Slice.
[    2.183361] systemd[1]: Started Forward Password Requests to Wall Directory Watch.
[    2.183523] systemd[1]: Set up automount Arbitrary Executable File Formats File System Automount Point.
[    2.183556] systemd[1]: Reached target User and Group Name Lookups.
[    2.183564] systemd[1]: Reached target Remote File Systems.
[    2.183572] systemd[1]: Reached target Slices.
[    2.184083] systemd[1]: Listening on Syslog Socket.
[    2.184146] systemd[1]: Listening on fsck to fsckd communication Socket.
[    2.184183] systemd[1]: Listening on initctl Compatibility Named Pipe.
[    2.184318] systemd[1]: Listening on Journal Audit Socket.
[    2.184371] systemd[1]: Listening on Journal Socket (/dev/log).
[    2.184438] systemd[1]: Listening on Journal Socket.
[    2.184500] systemd[1]: Listening on udev Control Socket.
[    2.184538] systemd[1]: Listening on udev Kernel Socket.
[    2.185305] systemd[1]: Mounting Huge Pages File System...
[    2.186201] systemd[1]: Mounting POSIX Message Queue File System...
[    2.187095] systemd[1]: Mounting Kernel Debug File System...
[    2.187934] systemd[1]: Mounting Kernel Trace File System...
[    2.189837] systemd[1]: Starting Journal Service...
[    2.214542] systemd[1]: Starting Set the console keyboard layout...
[    2.222361] systemd[1]: Starting Create list of static device nodes for the current kernel...
[    2.224305] systemd[1]: Starting Load Kernel Module drm...
[    2.225284] systemd[1]: Condition check resulted in Set Up Additional Binary Formats being skipped.
[    2.225332] systemd[1]: Condition check resulted in File System Check on Root Device being skipped.
[    2.236246] systemd[1]: Starting Load Kernel Modules...
[    2.243510] systemd[1]: Starting Remount Root and Kernel File Systems...
[    2.256026] systemd[1]: Starting udev Coldplug all Devices...
[    2.262793] systemd[1]: Starting Uncomplicated firewall...
[    2.270493] EXT4-fs (sda2): re-mounted. Opts: errors=remount-ro
[    2.271833] systemd[1]: Mounted Huge Pages File System.
[    2.271921] systemd[1]: Mounted POSIX Message Queue File System.
[    2.271992] systemd[1]: Mounted Kernel Debug File System.
[    2.272060] systemd[1]: Mounted Kernel Trace File System.
[    2.297169] systemd[1]: Finished Create list of static device nodes for the current kernel.
[    2.297466] systemd[1]: modprobe@drm.service: Succeeded.
[    2.297890] systemd[1]: Finished Load Kernel Module drm.
[    2.311118] systemd[1]: Finished Remount Root and Kernel File Systems.
[    2.312184] systemd[1]: Finished Uncomplicated firewall.
[    2.314023] lp: driver loaded but no devices found
[    2.330565] systemd[1]: Condition check resulted in Rebuild Hardware Database being skipped.
[    2.330602] systemd[1]: Condition check resulted in Platform Persistent Storage Archival being skipped.
[    2.331298] systemd[1]: Starting Load/Save Random Seed...
[    2.337922] systemd[1]: Starting Create System Users...
[    2.343411] ppdev: user-space parallel port driver
[    2.353357] systemd[1]: Finished Load/Save Random Seed.
[    2.356476] systemd[1]: Finished Create System Users.
[    2.357169] systemd[1]: Starting Create Static Device Nodes in /dev...
[    2.386784] systemd[1]: Finished udev Coldplug all Devices.
[    2.413131] systemd[1]: Finished Create Static Device Nodes in /dev.
[    2.413951] systemd[1]: Starting udev Kernel Device Manager...
[    2.427661] [drm] DMA map mode: Caching DMA mappings.
[    2.427733] [drm] Capabilities:
[    2.427734] [drm]   Rect copy.
[    2.427734] [drm]   Cursor.
[    2.427734] [drm]   Cursor bypass.
[    2.427735] [drm]   Cursor bypass 2.
[    2.427735] [drm]   Alpha cursor.
[    2.427735] [drm]   Extended Fifo.
[    2.427736] [drm]   Pitchlock.
[    2.427736] [drm]   Irq mask.
[    2.427736] [drm]   GMR.
[    2.427737] [drm]   Traces.
[    2.427737] [drm]   GMR2.
[    2.427737] [drm]   Screen Object 2.
[    2.427738] [drm]   Command Buffers.
[    2.427738] [drm]   Command Buffers 2.
[    2.427739] [drm]   Guest Backed Resources.
[    2.427739] [drm] Max GMR ids is 8192
[    2.427740] [drm] Max number of GMR pages is 1048576
[    2.427740] [drm] Max dedicated hypervisor surface memory is 393216 kiB
[    2.427741] [drm] Maximum display memory size is 131072 kiB
[    2.427742] [drm] VRAM at 0xe0000000 size is 131072 kiB
[    2.427742] [drm] MMIO at 0xf0000000 size is 2048 kiB
[    2.429036] [TTM] Zone  kernel: Available graphics memory: 1011738 KiB
[    2.429037] [TTM] Initializing pool allocator
[    2.429040] [TTM] Initializing DMA pool allocator
[    2.429068] [drm] Supports vblank timestamp caching Rev 2 (21.10.2013).
[    2.429068] [drm] No driver support for vblank timestamp query.
[    2.429304] [drm] Screen Target Display device initialized
[    2.429489] [drm] width 720
[    2.429498] [drm] height 400
[    2.429501] [drm] bpp 32
[    2.430037] [drm] Fifo max 0x00200000 min 0x00001000 cap 0x00000355
[    2.431081] [drm] Using command buffers with DMA pool.
[    2.431086] [drm] DX: no.
[    2.431087] [drm] Atomic: yes.
[    2.431087] [drm] SM4_1: no.
[    2.431105] [drm:vmw_host_log [vmwgfx]] *ERROR* Failed to send host log message.
[    2.432886] [drm:vmw_host_log [vmwgfx]] *ERROR* Failed to send host log message.
[    2.462513] fbcon: svgadrmfb (fb0) is primary device
[    2.464654] Console: switching to colour frame buffer device 100x37
[    2.473330] [drm] Initialized vmwgfx 2.15.0 20180704 for 0000:00:02.0 on minor 0
[    2.475208] systemd[1]: Finished Load Kernel Modules.
[    2.476160] systemd[1]: Mounting FUSE Control File System...
[    2.477331] systemd[1]: Mounting Kernel Configuration File System...
[    2.489354] systemd[1]: Starting Apply Kernel Variables...
[    2.499411] systemd[1]: Mounted FUSE Control File System.
[    2.499484] systemd[1]: Condition check resulted in VMware vmblock fuse mount being skipped.
[    2.504725] systemd[1]: Mounted Kernel Configuration File System.
[    2.507321] systemd[1]: Finished Set the console keyboard layout.
[    2.507417] systemd[1]: Reached target Local File Systems (Pre).
[    2.514250] systemd[1]: Mounting Mount unit for bare, revision 5...
[    2.526530] systemd[1]: Mounting Mount unit for core18, revision 1705...
[    2.538434] systemd[1]: Mounting Mount unit for gnome-3-34-1804, revision 24...
[    2.544551] systemd[1]: Mounting Mount unit for gtk-common-themes, revision 1506...
[    2.547619] systemd[1]: Mounting Mount unit for gtk-common-themes, revision 1535...
[    2.560973] systemd[1]: Mounting Mount unit for snap-store, revision 433...
[    2.588849] systemd[1]: Mounting Mount unit for snapd, revision 25935...
[    2.602237] systemd[1]: Finished Apply Kernel Variables.
[    2.603570] systemd[1]: Mounted Mount unit for bare, revision 5.
[    2.603664] systemd[1]: Mounted Mount unit for core18, revision 1705.
[    2.603740] systemd[1]: Mounted Mount unit for gnome-3-34-1804, revision 24.
[    2.610357] systemd[1]: Mounted Mount unit for gtk-common-themes, revision 1506.
[    2.616811] systemd[1]: Started udev Kernel Device Manager.
[    2.617545] systemd[1]: Starting Show Plymouth Boot Screen...
[    2.621251] systemd[1]: Received SIGRTMIN+20 from PID 270 (plymouthd).
[    2.648273] systemd[1]: Mounted Mount unit for gtk-common-themes, revision 1535.
[    2.648428] systemd[1]: Started Show Plymouth Boot Screen.
[    2.648543] systemd[1]: Condition check resulted in Dispatch Password Requests to Console Directory Watch being skipped.
[    2.648622] systemd[1]: Started Forward Password Requests to Plymouth Directory Watch.
[    2.648651] systemd[1]: Reached target Local Encrypted Volumes.
[    2.684291] systemd[1]: Mounted Mount unit for snap-store, revision 433.
[    2.684529] systemd[1]: Mounted Mount unit for snapd, revision 25935.
[    2.684681] systemd[1]: Reached target Local File Systems.
[    2.685515] systemd[1]: Starting Load AppArmor profiles...
[    2.688026] systemd[1]: Starting Set console font and keymap...
[    2.701373] systemd[1]: Starting Tell Plymouth To Write Out Runtime Data...
[    2.702823] systemd[1]: Condition check resulted in Store a System Token in an EFI Variable being skipped.
[    2.702878] systemd[1]: Condition check resulted in Commit a transient machine-id on disk being skipped.
[    2.705312] systemd[1]: Finished Set console font and keymap.
[    2.714534] systemd[1]: Received SIGRTMIN+20 from PID 270 (plymouthd).
[    2.715917] systemd[1]: plymouth-read-write.service: Succeeded.
[    2.716180] systemd[1]: Finished Tell Plymouth To Write Out Runtime Data.
[    2.748166] audit: type=1400 audit(1768733766.568:2): apparmor="STATUS" operation="profile_load" profile="unconfined" name="nvidia_modprobe" pid=299 comm="apparmor_parser"
[    2.748168] audit: type=1400 audit(1768733766.568:3): apparmor="STATUS" operation="profile_load" profile="unconfined" name="nvidia_modprobe//kmod" pid=299 comm="apparmor_parser"
[    2.756093] audit: type=1400 audit(1768733766.572:4): apparmor="STATUS" operation="profile_load" profile="unconfined" name="/usr/sbin/tcpdump" pid=300 comm="apparmor_parser"
[    2.783384] audit: type=1400 audit(1768733766.596:5): apparmor="STATUS" operation="profile_load" profile="unconfined" name="/usr/bin/evince" pid=302 comm="apparmor_parser"
[    2.783386] audit: type=1400 audit(1768733766.596:6): apparmor="STATUS" operation="profile_load" profile="unconfined" name="/usr/bin/evince//sanitized_helper" pid=302 comm="apparmor_parser"
[    2.783389] audit: type=1400 audit(1768733766.596:7): apparmor="STATUS" operation="profile_load" profile="unconfined" name="/usr/bin/evince-previewer" pid=302 comm="apparmor_parser"
[    2.783391] audit: type=1400 audit(1768733766.596:8): apparmor="STATUS" operation="profile_load" profile="unconfined" name="/usr/bin/evince-previewer//sanitized_helper" pid=302 comm="apparmor_parser"
[    2.783392] audit: type=1400 audit(1768733766.596:9): apparmor="STATUS" operation="profile_load" profile="unconfined" name="/usr/bin/evince-thumbnailer" pid=302 comm="apparmor_parser"
[    2.814827] audit: type=1400 audit(1768733766.636:10): apparmor="STATUS" operation="profile_load" profile="unconfined" name="/usr/lib/cups/backend/cups-pdf" pid=303 comm="apparmor_parser"
[    2.896271] systemd[1]: Finished Load AppArmor profiles.
[    2.897227] systemd[1]: Starting Load AppArmor profiles managed internally by snapd...
[    3.005359] systemd[1]: Finished Load AppArmor profiles managed internally by snapd.
[    3.191143] systemd[1]: Started Journal Service.
[    3.198747] systemd-journald[229]: Received client request to flush runtime journal.
[    3.201157] systemd-journald[229]: File /var/log/journal/c455b248004a419c87ce85eea238d727/system.journal corrupted or uncleanly shut down, renaming and replacing.
[    4.577217] RAPL PMU: API unit is 2^-32 Joules, 0 fixed counters, 10737418240 ms ovfl timer
[    4.646553] cryptd: max_cpu_qlen set to 1000
[    4.705268] AVX2 version of gcm_enc/dec engaged.
[    4.705269] AES CTR mode by8 optimization enabled
[    6.608731] Adding 1998844k swap on /dev/sda1.  Priority:-2 extents:1 across:1998844k FS
[    8.235530] kauditd_printk_skb: 30 callbacks suppressed
[    8.235531] audit: type=1400 audit(1768733772.052:41): apparmor="DENIED" operation="capable" profile="/usr/sbin/cups-browsed" pid=505 comm="cups-browsed" capability=23  capname="sys_nice"
[    9.208580] pcnet32 0000:00:03.0 enp0s3: link up, 100Mbps, full-duplex
[    9.255282] e1000: enp0s8 NIC Link is Up 1000 Mbps Full Duplex, Flow Control: RX
[    9.255579] IPv6: ADDRCONF(NETDEV_CHANGE): enp0s8: link becomes ready
[    9.277597] e1000: enp0s9 NIC Link is Up 1000 Mbps Full Duplex, Flow Control: RX
[    9.277872] IPv6: ADDRCONF(NETDEV_CHANGE): enp0s9: link becomes ready
[    9.955104] device enp0s3 entered promiscuous mode
[    9.981098] audit: type=1400 audit(1768733773.796:42): apparmor="DENIED" operation="open" profile="/usr/sbin/tcpdump" name="/proc/sys/kernel/random/boot_id" pid=678 comm="tcpdump" requested_mask="r" denied_mask="r" fsuid=0 ouid=0
[    9.981297] audit: type=1400 audit(1768733773.796:43): apparmor="DENIED" operation="open" profile="/usr/sbin/tcpdump" name="/proc/sys/kernel/random/boot_id" pid=678 comm="tcpdump" requested_mask="r" denied_mask="r" fsuid=0 ouid=0
[    9.981383] audit: type=1400 audit(1768733773.796:44): apparmor="DENIED" operation="open" profile="/usr/sbin/tcpdump" name="/proc/sys/kernel/random/boot_id" pid=678 comm="tcpdump" requested_mask="r" denied_mask="r" fsuid=0 ouid=0
[    9.981475] audit: type=1400 audit(1768733773.796:45): apparmor="DENIED" operation="open" profile="/usr/sbin/tcpdump" name="/proc/sys/kernel/random/boot_id" pid=678 comm="tcpdump" requested_mask="r" denied_mask="r" fsuid=0 ouid=0
[    9.988255] audit: type=1400 audit(1768733773.808:46): apparmor="DENIED" operation="open" profile="/usr/sbin/tcpdump" name="/proc/sys/kernel/random/boot_id" pid=679 comm="tcpdump" requested_mask="r" denied_mask="r" fsuid=0 ouid=0
[    9.988455] audit: type=1400 audit(1768733773.808:47): apparmor="DENIED" operation="open" profile="/usr/sbin/tcpdump" name="/proc/sys/kernel/random/boot_id" pid=679 comm="tcpdump" requested_mask="r" denied_mask="r" fsuid=0 ouid=0
[    9.993573] audit: type=1400 audit(1768733773.808:48): apparmor="DENIED" operation="open" profile="/usr/sbin/tcpdump" name="/proc/sys/kernel/random/boot_id" pid=679 comm="tcpdump" requested_mask="r" denied_mask="r" fsuid=0 ouid=0
[    9.993810] audit: type=1400 audit(1768733773.808:49): apparmor="DENIED" operation="open" profile="/usr/sbin/tcpdump" name="/proc/sys/kernel/random/boot_id" pid=679 comm="tcpdump" requested_mask="r" denied_mask="r" fsuid=0 ouid=0
[   15.913889] rfkill: input handler disabled
[  190.247385] AAAAA-TCP_FORW: name:enp0s3: saddr:16783984: daddr:100932208
[  190.573769] AAAAA-TCP_FORW: name:enp0s3: saddr:16783984: daddr:100932208
[  190.696270] AAAAA-TCP_FORW: name:enp0s3: saddr:16783984: daddr:100932208
[  190.761980] AAAAA-TCP_FORW: name:enp0s3: saddr:16783984: daddr:100932208
[  191.107849] AAAAA-TCP_FORW: name:enp0s3: saddr:33561200: daddr:100932208
[  191.330204] AAAAA-TCP_FORW: name:enp0s3: saddr:16783984: daddr:100932208
[  191.481540] AAAAA-TCP_FORW: name:enp0s3: saddr:33561200: daddr:100932208
[  191.562297] AAAAA-TCP_FORW: name:enp0s3: saddr:16783984: daddr:100932208
[  191.626140] AAAAA-TCP_FORW: name:enp0s3: saddr:16783984: daddr:100932208
[  191.809758] AAAAA-TCP_FORW: name:enp0s3: saddr:16783984: daddr:100932208
[  192.018159] AAAAA-TCP_FORW: name:enp0s3: saddr:16783984: daddr:100932208
[  192.092844] AAAAA-TCP_FORW: name:enp0s3: saddr:16783984: daddr:100932208
[  192.219463] AAAAA-TCP_FORW: name:enp0s3: saddr:16783984: daddr:100932208
[  192.311750] AAAAA-TCP_FORW: name:enp0s3: saddr:33561200: daddr:100932208
[  192.441660] AAAAA-TCP_FORW: name:enp0s3: saddr:16783984: daddr:100932208
[  192.708952] AAAAA-TCP_FORW: name:enp0s3: saddr:33561200: daddr:100932208
[  192.833076] AAAAA-TCP_FORW: name:enp0s3: saddr:16783984: daddr:100932208
[  193.043685] AAAAA-TCP_FORW: name:enp0s3: saddr:16783984: daddr:100932208
[  193.122088] AAAAA-TCP_FORW: name:enp0s3: saddr:16783984: daddr:100932208
[  193.304881] AAAAA-TCP_FORW: name:enp0s3: saddr:16783984: daddr:100932208
[  193.347411] AAAAA-TCP_FORW: name:enp0s3: saddr:16783984: daddr:100932208
[  193.384758] AAAAA-TCP_FORW: name:enp0s3: saddr:16783984: daddr:100932208
[  193.509167] AAAAA-TCP_FORW: name:enp0s3: saddr:16783984: daddr:100932208
[  193.676243] AAAAA-TCP_FORW: name:enp0s3: saddr:16783984: daddr:100932208
[  193.759665] AAAAA-TCP_FORW: name:enp0s3: saddr:16783984: daddr:100932208
[  193.861362] AAAAA-TCP_FORW: name:enp0s3: saddr:16783984: daddr:100932208
[  194.029567] AAAAA-TCP_FORW: name:enp0s3: saddr:33561200: daddr:100932208
[  194.191898] AAAAA-TCP_FORW: name:enp0s3: saddr:33561200: daddr:100932208
[  194.262736] AAAAA-TCP_FORW: name:enp0s3: saddr:33561200: daddr:100932208
[  194.451990] AAAAA-TCP_FORW: name:enp0s3: saddr:33561200: daddr:100932208
[  194.491775] AAAAA-TCP_FORW: name:enp0s3: saddr:33561200: daddr:100932208
[  194.626378] AAAAA-TCP_FORW: name:enp0s3: saddr:33561200: daddr:100932208
[  194.678801] AAAAA-TCP_FORW: name:enp0s3: saddr:33561200: daddr:100932208
[  194.769980] AAAAA-TCP_FORW: name:enp0s3: saddr:33561200: daddr:100932208
[  194.853272] AAAAA-TCP_FORW: name:enp0s3: saddr:33561200: daddr:100932208
[  194.914502] AAAAA-TCP_FORW: name:enp0s3: saddr:33561200: daddr:100932208
[  223.963894] AAAAA-TCP_FORW: name:enp0s3: saddr:16783984: daddr:100932208
[  224.319041] AAAAA-TCP_FORW: name:enp0s3: saddr:33561200: daddr:100932208
[  224.554762] AAAAA-TCP_FORW: name:enp0s3: saddr:33561200: daddr:100932208
[  224.781852] AAAAA-TCP_FORW: name:enp0s3: saddr:16783984: daddr:100932208
[  225.039188] AAAAA-TCP_FORW: name:enp0s3: saddr:33561200: daddr:100932208
[  225.307605] AAAAA-TCP_FORW: name:enp0s3: saddr:16783984: daddr:100932208
[  225.809465] AAAAA-TCP_FORW: name:enp0s3: saddr:33561200: daddr:100932208
[  226.048665] AAAAA-TCP_FORW: name:enp0s3: saddr:16783984: daddr:100932208
[  226.091425] AAAAA-TCP_FORW: name:enp0s3: saddr:16783984: daddr:100932208
[  226.209186] AAAAA-TCP_FORW: name:enp0s3: saddr:16783984: daddr:100932208
[  226.260564] AAAAA-TCP_FORW: name:enp0s3: saddr:16783984: daddr:100932208
[  226.353437] AAAAA-TCP_FORW: name:enp0s3: saddr:33561200: daddr:100932208
[  226.414321] AAAAA-TCP_FORW: name:enp0s3: saddr:16783984: daddr:100932208
[  226.526375] AAAAA-TCP_FORW: name:enp0s3: saddr:33561200: daddr:100932208
[  226.539648] AAAAA-TCP_FORW: name:enp0s3: saddr:33561200: daddr:100932208
[  226.576976] AAAAA-TCP_FORW: name:enp0s3: saddr:33561200: daddr:100932208
[  226.623765] AAAAA-TCP_FORW: name:enp0s3: saddr:16783984: daddr:100932208
[  226.710093] AAAAA-TCP_FORW: name:enp0s3: saddr:33561200: daddr:100932208
[  226.765914] AAAAA-TCP_FORW: name:enp0s3: saddr:16783984: daddr:100932208
[  226.822187] AAAAA-TCP_FORW: name:enp0s3: saddr:16783984: daddr:100932208
[  226.865201] AAAAA-TCP_FORW: name:enp0s3: saddr:33561200: daddr:100932208
[  226.893114] AAAAA-TCP_FORW: name:enp0s3: saddr:16783984: daddr:100932208
[  226.918612] AAAAA-TCP_FORW: name:enp0s3: saddr:33561200: daddr:100932208
[  226.973314] AAAAA-TCP_FORW: name:enp0s3: saddr:33561200: daddr:100932208
[  227.073128] AAAAA-TCP_FORW: name:enp0s3: saddr:16783984: daddr:100932208
[  227.112504] AAAAA-TCP_FORW: name:enp0s3: saddr:16783984: daddr:100932208
[  227.208023] AAAAA-TCP_FORW: name:enp0s3: saddr:33561200: daddr:100932208
[  227.801894] AAAAA-TCP_FORW: name:enp0s3: saddr:16783984: daddr:100932208
[  228.032614] AAAAA-TCP_FORW: name:enp0s3: saddr:33561200: daddr:100932208
[  228.239446] AAAAA-TCP_FORW: name:enp0s3: saddr:33561200: daddr:100932208
[  228.368614] AAAAA-TCP_FORW: name:enp0s3: saddr:33561200: daddr:100932208
[  228.428733] AAAAA-TCP_FORW: name:enp0s3: saddr:33561200: daddr:100932208
[  228.523243] AAAAA-TCP_FORW: name:enp0s3: saddr:33561200: daddr:100932208
[  228.656940] AAAAA-TCP_FORW: name:enp0s3: saddr:33561200: daddr:100932208
[  228.792313] AAAAA-TCP_FORW: name:enp0s3: saddr:33561200: daddr:100932208
[  228.987939] AAAAA-TCP_FORW: name:enp0s3: saddr:33561200: daddr:100932208
[  229.227682] AAAAA-TCP_FORW: name:enp0s3: saddr:16783984: daddr:100932208
[  229.297221] AAAAA-TCP_FORW: name:enp0s3: saddr:33561200: daddr:100932208
[  229.477185] AAAAA-TCP_FORW: name:enp0s3: saddr:16783984: daddr:100932208
[  229.594135] AAAAA-TCP_FORW: name:enp0s3: saddr:16783984: daddr:100932208
[  229.818221] AAAAA-TCP_FORW: name:enp0s3: saddr:33561200: daddr:100932208
[  229.940909] AAAAA-TCP_FORW: name:enp0s3: saddr:33561200: daddr:100932208
[  230.017866] AAAAA-TCP_FORW: name:enp0s3: saddr:33561200: daddr:100932208
[  230.209347] AAAAA-TCP_FORW: name:enp0s3: saddr:16783984: daddr:100932208
[  230.288839] AAAAA-TCP_FORW: name:enp0s3: saddr:16783984: daddr:100932208
[  230.378105] AAAAA-TCP_FORW: name:enp0s3: saddr:33561200: daddr:100932208
[  230.470108] AAAAA-TCP_FORW: name:enp0s3: saddr:33561200: daddr:100932208
[  230.879111] AAAAA-TCP_FORW: name:enp0s3: saddr:16783984: daddr:100932208
[  230.952659] AAAAA-TCP_FORW: name:enp0s3: saddr:16783984: daddr:100932208
[  231.026410] AAAAA-TCP_FORW: name:enp0s3: saddr:33561200: daddr:100932208
[  231.120115] AAAAA-TCP_FORW: name:enp0s3: saddr:16783984: daddr:100932208
[  262.308889] AAAAA-TCP_FORW: name:enp0s3: saddr:16783984: daddr:100932208
[  262.546155] AAAAA-TCP_FORW: name:enp0s3: saddr:16783984: daddr:100932208
[  262.631317] AAAAA-TCP_FORW: name:enp0s3: saddr:16783984: daddr:100932208
[  262.798512] AAAAA-TCP_FORW: name:enp0s3: saddr:16783984: daddr:100932208
[  262.922142] AAAAA-TCP_FORW: name:enp0s3: saddr:16783984: daddr:100932208
[  263.102566] AAAAA-TCP_FORW: name:enp0s3: saddr:16783984: daddr:100932208
[  263.209597] AAAAA-TCP_FORW: name:enp0s3: saddr:16783984: daddr:100932208
[  263.438940] AAAAA-TCP_FORW: name:enp0s3: saddr:16783984: daddr:100932208
[  263.527729] AAAAA-TCP_FORW: name:enp0s3: saddr:16783984: daddr:100932208
[  263.633705] AAAAA-TCP_FORW: name:enp0s3: saddr:16783984: daddr:100932208
[  263.760258] AAAAA-TCP_FORW: name:enp0s3: saddr:16783984: daddr:100932208
[  263.940606] AAAAA-TCP_FORW: name:enp0s3: saddr:16783984: daddr:100932208
[  264.096669] AAAAA-TCP_FORW: name:enp0s3: saddr:16783984: daddr:100932208
[  264.152082] AAAAA-TCP_FORW: name:enp0s3: saddr:16783984: daddr:100932208
[  264.233963] AAAAA-TCP_FORW: name:enp0s3: saddr:16783984: daddr:100932208
[  264.340758] AAAAA-TCP_FORW: name:enp0s3: saddr:16783984: daddr:100932208
[  264.449915] AAAAA-TCP_FORW: name:enp0s3: saddr:16783984: daddr:100932208
[  264.677328] AAAAA-TCP_FORW: name:enp0s3: saddr:16783984: daddr:100932208
[  264.773947] AAAAA-TCP_FORW: name:enp0s3: saddr:16783984: daddr:100932208
[  264.965609] AAAAA-TCP_FORW: name:enp0s3: saddr:16783984: daddr:100932208
[  265.156681] AAAAA-TCP_FORW: name:enp0s3: saddr:16783984: daddr:100932208
[  272.820423] AAAAA-TCP_FORW: name:enp0s3: saddr:16783984: daddr:100932208
[  273.412340] AAAAA-TCP_FORW: name:enp0s3: saddr:16783984: daddr:100932208
[  273.720135] AAAAA-TCP_FORW: name:enp0s3: saddr:16783984: daddr:100932208
[  273.893469] AAAAA-TCP_FORW: name:enp0s3: saddr:16783984: daddr:100932208
[  274.048807] AAAAA-TCP_FORW: name:enp0s3: saddr:16783984: daddr:100932208
[  275.468277] AAAAA-TCP_FORW: name:enp0s3: saddr:16783984: daddr:100932208
[  275.513940] AAAAA-TCP_FORW: name:enp0s3: saddr:16783984: daddr:100932208
[  275.614869] AAAAA-TCP_FORW: name:enp0s3: saddr:16783984: daddr:100932208
[  275.868293] AAAAA-TCP_FORW: name:enp0s3: saddr:16783984: daddr:100932208
[  276.620697] AAAAA-TCP_FORW: name:enp0s3: saddr:16783984: daddr:100932208
[  276.732957] AAAAA-TCP_FORW: name:enp0s3: saddr:16783984: daddr:100932208
[  276.930206] AAAAA-TCP_FORW: name:enp0s3: saddr:16783984: daddr:100932208
[  276.933312] AAAAA-TCP_FORW: name:enp0s3: saddr:16783984: daddr:100932208
[  276.961484] AAAAA-TCP_FORW: name:enp0s3: saddr:16783984: daddr:100932208
[  277.089329] AAAAA-TCP_FORW: name:enp0s3: saddr:16783984: daddr:100932208
[  277.159252] AAAAA-TCP_FORW: name:enp0s3: saddr:16783984: daddr:100932208
[  278.537569] AAAAA-TCP_FORW: name:enp0s3: saddr:16783984: daddr:100932208
[  278.814026] AAAAA-TCP_FORW: name:enp0s3: saddr:16783984: daddr:100932208
[  279.120267] AAAAA-TCP_FORW: name:enp0s3: saddr:16783984: daddr:100932208
[  279.433014] AAAAA-TCP_FORW: name:enp0s3: saddr:16783984: daddr:100932208
[  279.524093] AAAAA-TCP_FORW: name:enp0s3: saddr:16783984: daddr:100932208
[  279.752995] AAAAA-TCP_FORW: name:enp0s3: saddr:16783984: daddr:100932208
[  279.874480] AAAAA-TCP_FORW: name:enp0s3: saddr:16783984: daddr:100932208
[  281.230319] AAAAA-TCP_FORW: name:enp0s3: saddr:16783984: daddr:100932208
[  281.411480] AAAAA-TCP_FORW: name:enp0s3: saddr:16783984: daddr:100932208
[  281.670527] AAAAA-TCP_FORW: name:enp0s3: saddr:16783984: daddr:100932208
[  281.981621] AAAAA-TCP_FORW: name:enp0s3: saddr:16783984: daddr:100932208
[  282.277150] AAAAA-TCP_FORW: name:enp0s3: saddr:16783984: daddr:100932208
[  282.386246] AAAAA-TCP_FORW: name:enp0s3: saddr:16783984: daddr:100932208
[  283.101863] AAAAA-TCP_FORW: name:enp0s3: saddr:16783984: daddr:100932208
[  283.206394] AAAAA-TCP_FORW: name:enp0s3: saddr:16783984: daddr:100932208
[  283.331375] AAAAA-TCP_FORW: name:enp0s3: saddr:16783984: daddr:100932208
[  283.383567] AAAAA-TCP_FORW: name:enp0s3: saddr:16783984: daddr:100932208
[  283.543309] AAAAA-TCP_FORW: name:enp0s3: saddr:16783984: daddr:100932208
[  284.509502] AAAAA-TCP_FORW: name:enp0s3: saddr:16783984: daddr:100932208
[  284.746428] AAAAA-TCP_FORW: name:enp0s3: saddr:33561200: daddr:100932208
[  284.850273] AAAAA-TCP_FORW: name:enp0s3: saddr:16783984: daddr:100932208
[  284.915491] AAAAA-TCP_FORW: name:enp0s3: saddr:16783984: daddr:100932208
[  285.099194] AAAAA-TCP_FORW: name:enp0s3: saddr:16783984: daddr:100932208
[  285.250855] AAAAA-TCP_FORW: name:enp0s3: saddr:16783984: daddr:100932208
[  285.420125] AAAAA-TCP_FORW: name:enp0s3: saddr:16783984: daddr:100932208
[  285.929101] AAAAA-TCP_FORW: name:enp0s3: saddr:16783984: daddr:100932208
[  286.143120] AAAAA-TCP_FORW: name:enp0s3: saddr:16783984: daddr:100932208
[  286.790847] AAAAA-TCP_FORW: name:enp0s3: saddr:16783984: daddr:100932208
[  286.962160] AAAAA-TCP_FORW: name:enp0s3: saddr:16783984: daddr:100932208
[  287.145321] AAAAA-TCP_FORW: name:enp0s3: saddr:16783984: daddr:100932208
[  287.543388] AAAAA-TCP_FORW: name:enp0s3: saddr:16783984: daddr:100932208
[  287.672190] AAAAA-TCP_FORW: name:enp0s3: saddr:16783984: daddr:100932208
[  288.434408] AAAAA-TCP_FORW: name:enp0s3: saddr:16783984: daddr:100932208
[  289.218403] AAAAA-TCP_FORW: name:enp0s3: saddr:33561200: daddr:100932208
[  289.453932] AAAAA-TCP_FORW: name:enp0s3: saddr:33561200: daddr:100932208
[  289.623754] AAAAA-TCP_FORW: name:enp0s3: saddr:33561200: daddr:100932208
[  289.907642] AAAAA-TCP_FORW: name:enp0s3: saddr:33561200: daddr:100932208
[  290.168490] AAAAA-TCP_FORW: name:enp0s3: saddr:33561200: daddr:100932208
[  290.518569] AAAAA-TCP_FORW: name:enp0s3: saddr:33561200: daddr:100932208
[  290.790913] AAAAA-TCP_FORW: name:enp0s3: saddr:33561200: daddr:100932208
[  290.874043] AAAAA-TCP_FORW: name:enp0s3: saddr:33561200: daddr:100932208
[  290.919228] AAAAA-TCP_FORW: name:enp0s3: saddr:33561200: daddr:100932208
[  291.149249] AAAAA-TCP_FORW: name:enp0s3: saddr:33561200: daddr:100932208
[  291.417838] AAAAA-TCP_FORW: name:enp0s3: saddr:33561200: daddr:100932208
[  291.609627] AAAAA-TCP_FORW: name:enp0s3: saddr:33561200: daddr:100932208
[  291.783441] AAAAA-TCP_FORW: name:enp0s3: saddr:33561200: daddr:100932208
[  291.984261] AAAAA-TCP_FORW: name:enp0s3: saddr:33561200: daddr:100932208
[  292.186736] AAAAA-TCP_FORW: name:enp0s3: saddr:33561200: daddr:100932208
[  292.302991] AAAAA-TCP_FORW: name:enp0s3: saddr:33561200: daddr:100932208
[  292.569984] AAAAA-TCP_FORW: name:enp0s3: saddr:33561200: daddr:100932208
[  292.637750] AAAAA-TCP_FORW: name:enp0s3: saddr:33561200: daddr:100932208
[  292.763898] AAAAA-TCP_FORW: name:enp0s3: saddr:33561200: daddr:100932208
[  292.936908] AAAAA-TCP_FORW: name:enp0s3: saddr:33561200: daddr:100932208
[  293.024459] AAAAA-TCP_FORW: name:enp0s3: saddr:33561200: daddr:100932208
[  293.161433] AAAAA-TCP_FORW: name:enp0s3: saddr:33561200: daddr:100932208
[  293.397722] AAAAA-TCP_FORW: name:enp0s3: saddr:33561200: daddr:100932208
[  293.590888] AAAAA-TCP_FORW: name:enp0s3: saddr:33561200: daddr:100932208
[  293.752739] AAAAA-TCP_FORW: name:enp0s3: saddr:33561200: daddr:100932208
[  293.872816] AAAAA-TCP_FORW: name:enp0s3: saddr:33561200: daddr:100932208
[  293.941127] AAAAA-TCP_FORW: name:enp0s3: saddr:33561200: daddr:100932208
[  294.000463] AAAAA-TCP_FORW: name:enp0s3: saddr:33561200: daddr:100932208
[  294.094944] AAAAA-TCP_FORW: name:enp0s3: saddr:33561200: daddr:100932208
[  294.182360] AAAAA-TCP_FORW: name:enp0s3: saddr:33561200: daddr:100932208
[  294.315813] AAAAA-TCP_FORW: name:enp0s3: saddr:33561200: daddr:100932208
[  294.411873] AAAAA-TCP_FORW: name:enp0s3: saddr:33561200: daddr:100932208
[  294.476419] AAAAA-TCP_FORW: name:enp0s3: saddr:33561200: daddr:100932208
[  294.557213] AAAAA-TCP_FORW: name:enp0s3: saddr:33561200: daddr:100932208
[  294.698520] AAAAA-TCP_FORW: name:enp0s3: saddr:33561200: daddr:100932208
[  294.959070] AAAAA-TCP_FORW: name:enp0s3: saddr:33561200: daddr:100932208
[  295.177844] AAAAA-TCP_FORW: name:enp0s3: saddr:33561200: daddr:100932208
[  295.288632] AAAAA-TCP_FORW: name:enp0s3: saddr:33561200: daddr:100932208
[  295.398093] AAAAA-TCP_FORW: name:enp0s3: saddr:33561200: daddr:100932208
[  295.548260] AAAAA-TCP_FORW: name:enp0s3: saddr:33561200: daddr:100932208
[  295.627384] AAAAA-TCP_FORW: name:enp0s3: saddr:33561200: daddr:100932208
[  295.729142] AAAAA-TCP_FORW: name:enp0s3: saddr:33561200: daddr:100932208
[  295.842967] AAAAA-TCP_FORW: name:enp0s3: saddr:33561200: daddr:100932208
[  295.929569] AAAAA-TCP_FORW: name:enp0s3: saddr:33561200: daddr:100932208
[  296.090528] AAAAA-TCP_FORW: name:enp0s3: saddr:16783984: daddr:100932208
[  296.167195] AAAAA-TCP_FORW: name:enp0s3: saddr:16783984: daddr:100932208
[  296.634679] AAAAA-TCP_FORW: name:enp0s3: saddr:16783984: daddr:100932208
[  297.313124] AAAAA-TCP_FORW: name:enp0s3: saddr:16783984: daddr:100932208
[  297.590518] AAAAA-TCP_FORW: name:enp0s3: saddr:16783984: daddr:100932208
[  297.673451] AAAAA-TCP_FORW: name:enp0s3: saddr:16783984: daddr:100932208
[  297.852324] AAAAA-TCP_FORW: name:enp0s3: saddr:16783984: daddr:100932208
[  297.906559] AAAAA-TCP_FORW: name:enp0s3: saddr:16783984: daddr:100932208
[  298.211504] AAAAA-TCP_FORW: name:enp0s3: saddr:16783984: daddr:100932208
[  298.398817] AAAAA-TCP_FORW: name:enp0s3: saddr:16783984: daddr:100932208
[  333.390880] AAAAA-TCP_FORW: name:enp0s3: saddr:100932208: daddr:33561200
[  333.452767] AAAAA-TCP_FORW: name:enp0s3: saddr:33561200: daddr:100932208
[  333.542176] AAAAA-TCP_FORW: name:enp0s3: saddr:100932208: daddr:33561200
[  333.560615] AAAAA-TCP_FORW: name:enp0s3: saddr:100932208: daddr:33561200
[  333.617389] AAAAA-TCP_FORW: name:enp0s3: saddr:33561200: daddr:100932208
[  333.641790] AAAAA-TCP_FORW: name:enp0s3: saddr:33561200: daddr:100932208
[  333.683043] AAAAA-TCP_FORW: name:enp0s3: saddr:100932208: daddr:33561200
[  333.702763] AAAAA-TCP_FORW: name:enp0s3: saddr:100932208: daddr:33561200
[  333.726933] AAAAA-TCP_FORW: name:enp0s3: saddr:100932208: daddr:33561200
[  333.742869] AAAAA-TCP_FORW: name:enp0s3: saddr:100932208: daddr:33561200
[  333.784789] AAAAA-TCP_FORW: name:enp0s3: saddr:33561200: daddr:100932208
[  333.815666] AAAAA-TCP_FORW: name:enp0s3: saddr:33561200: daddr:100932208
[  333.857297] AAAAA-TCP_FORW: name:enp0s3: saddr:33561200: daddr:100932208
[  333.882680] AAAAA-TCP_FORW: name:enp0s3: saddr:33561200: daddr:100932208
[  333.915212] AAAAA-TCP_FORW: name:enp0s3: saddr:100932208: daddr:33561200
[  333.943473] AAAAA-TCP_FORW: name:enp0s3: saddr:100932208: daddr:33561200
[  333.960744] AAAAA-TCP_FORW: name:enp0s3: saddr:100932208: daddr:33561200
[  333.991910] AAAAA-TCP_FORW: name:enp0s3: saddr:100932208: daddr:33561200
[  334.009992] AAAAA-TCP_FORW: name:enp0s3: saddr:100932208: daddr:33561200
[  334.070201] AAAAA-TCP_FORW: name:enp0s3: saddr:100932208: daddr:33561200
[  334.090449] AAAAA-TCP_FORW: name:enp0s3: saddr:33561200: daddr:100932208
[  334.160935] AAAAA-TCP_FORW: name:enp0s3: saddr:100932208: daddr:33561200
[  334.176680] AAAAA-TCP_FORW: name:enp0s3: saddr:33561200: daddr:100932208
[  334.196978] AAAAA-TCP_FORW: name:enp0s3: saddr:100932208: daddr:33561200
[  334.291011] AAAAA-TCP_FORW: name:enp0s3: saddr:33561200: daddr:100932208
[  334.414268] AAAAA-TCP_FORW: name:enp0s3: saddr:33561200: daddr:100932208
[  334.506979] AAAAA-TCP_FORW: name:enp0s3: saddr:33561200: daddr:100932208
[  334.664139] AAAAA-TCP_FORW: name:enp0s3: saddr:100932208: daddr:33561200
[  334.685185] AAAAA-TCP_FORW: name:enp0s3: saddr:33561200: daddr:100932208
[  334.743509] AAAAA-TCP_FORW: name:enp0s3: saddr:100932208: daddr:33561200
[  334.800474] AAAAA-TCP_FORW: name:enp0s3: saddr:33561200: daddr:100932208
[  335.016097] AAAAA-TCP_FORW: name:enp0s3: saddr:100932208: daddr:33561200
[  335.135977] AAAAA-TCP_FORW: name:enp0s3: saddr:33561200: daddr:100932208
[  335.179063] AAAAA-TCP_FORW: name:enp0s3: saddr:100932208: daddr:33561200
[  335.459246] AAAAA-TCP_FORW: name:enp0s3: saddr:100932208: daddr:33561200
[  335.622715] AAAAA-TCP_FORW: name:enp0s3: saddr:100932208: daddr:33561200
[  335.849163] AAAAA-TCP_FORW: name:enp0s3: saddr:100932208: daddr:16783984
[  336.023812] AAAAA-TCP_FORW: name:enp0s3: saddr:100932208: daddr:33561200
[  336.098018] AAAAA-TCP_FORW: name:enp0s3: saddr:100932208: daddr:33561200
[  336.244641] AAAAA-TCP_FORW: name:enp0s3: saddr:100932208: daddr:33561200
[  336.346886] AAAAA-TCP_FORW: name:enp0s3: saddr:100932208: daddr:33561200
[  336.765090] AAAAA-TCP_FORW: name:enp0s3: saddr:33561200: daddr:100932208
[  336.955373] AAAAA-TCP_FORW: name:enp0s3: saddr:100932208: daddr:33561200
[  337.075325] AAAAA-TCP_FORW: name:enp0s3: saddr:100932208: daddr:33561200
[  337.305843] AAAAA-TCP_FORW: name:enp0s3: saddr:100932208: daddr:33561200
[  337.421692] AAAAA-TCP_FORW: name:enp0s3: saddr:100932208: daddr:33561200
[  337.460143] AAAAA-TCP_FORW: name:enp0s3: saddr:33561200: daddr:100932208
[  337.685122] AAAAA-TCP_FORW: name:enp0s3: saddr:33561200: daddr:100932208
[  337.933219] AAAAA-TCP_FORW: name:enp0s3: saddr:100932208: daddr:33561200
[  337.948132] AAAAA-TCP_FORW: name:enp0s3: saddr:33561200: daddr:100932208
[  338.033101] AAAAA-TCP_FORW: name:enp0s3: saddr:100932208: daddr:33561200
[  338.423272] AAAAA-TCP_FORW: name:enp0s3: saddr:33561200: daddr:100932208
[  338.609951] AAAAA-TCP_FORW: name:enp0s3: saddr:33561200: daddr:100932208
[  338.773667] AAAAA-TCP_FORW: name:enp0s3: saddr:16783984: daddr:100932208
[  338.966245] AAAAA-TCP_FORW: name:enp0s3: saddr:33561200: daddr:100932208
[  339.086013] AAAAA-TCP_FORW: name:enp0s3: saddr:33561200: daddr:100932208
[  339.282489] AAAAA-TCP_FORW: name:enp0s3: saddr:33561200: daddr:100932208
[  339.408315] AAAAA-TCP_FORW: name:enp0s3: saddr:33561200: daddr:100932208
[  339.681192] AAAAA-TCP_FORW: name:enp0s3: saddr:100932208: daddr:33561200
[  339.784178] AAAAA-TCP_FORW: name:enp0s3: saddr:100932208: daddr:33561200
[  340.087536] AAAAA-TCP_FORW: name:enp0s3: saddr:33561200: daddr:100932208
[  340.254827] AAAAA-TCP_FORW: name:enp0s3: saddr:33561200: daddr:100932208
[  340.890801] AAAAA-TCP_FORW: name:enp0s3: saddr:100932208: daddr:33561200
[  341.008840] AAAAA-TCP_FORW: name:enp0s3: saddr:100932208: daddr:33561200
[  341.049846] AAAAA-TCP_FORW: name:enp0s3: saddr:33561200: daddr:100932208
[  341.075973] AAAAA-TCP_FORW: name:enp0s3: saddr:100932208: daddr:33561200
[  341.177224] AAAAA-TCP_FORW: name:enp0s3: saddr:100932208: daddr:33561200
[  341.904700] AAAAA-TCP_FORW: name:enp0s3: saddr:33561200: daddr:100932208
[  342.668722] AAAAA-TCP_FORW: name:enp0s3: saddr:33561200: daddr:100932208
[  342.829259] AAAAA-TCP_FORW: name:enp0s3: saddr:33561200: daddr:100932208
[  342.869953] AAAAA-TCP_FORW: name:enp0s3: saddr:33561200: daddr:100932208
[  342.902535] AAAAA-TCP_FORW: name:enp0s3: saddr:33561200: daddr:100932208
[  343.017247] AAAAA-TCP_FORW: name:enp0s3: saddr:33561200: daddr:100932208
[  343.268706] AAAAA-TCP_FORW: name:enp0s3: saddr:33561200: daddr:100932208
[  343.281059] AAAAA-TCP_FORW: name:enp0s3: saddr:33561200: daddr:100932208
[  343.537872] AAAAA-TCP_FORW: name:enp0s3: saddr:33561200: daddr:100932208
[  343.627730] AAAAA-TCP_FORW: name:enp0s3: saddr:33561200: daddr:100932208
[  343.745694] AAAAA-TCP_FORW: name:enp0s3: saddr:33561200: daddr:100932208
[  343.821724] AAAAA-TCP_FORW: name:enp0s3: saddr:33561200: daddr:100932208
[  343.921294] AAAAA-TCP_FORW: name:enp0s3: saddr:33561200: daddr:100932208
[  343.987745] AAAAA-TCP_FORW: name:enp0s3: saddr:33561200: daddr:100932208
[  344.111582] AAAAA-TCP_FORW: name:enp0s3: saddr:33561200: daddr:100932208
[  344.234657] AAAAA-TCP_FORW: name:enp0s3: saddr:33561200: daddr:100932208
[  344.305687] AAAAA-TCP_FORW: name:enp0s3: saddr:33561200: daddr:100932208
[  344.561940] AAAAA-TCP_FORW: name:enp0s3: saddr:33561200: daddr:100932208
[  344.610689] AAAAA-TCP_FORW: name:enp0s3: saddr:33561200: daddr:100932208
[  344.701805] AAAAA-TCP_FORW: name:enp0s3: saddr:100932208: daddr:33561200
[  344.713835] AAAAA-TCP_FORW: name:enp0s3: saddr:33561200: daddr:100932208
[  344.832984] AAAAA-TCP_FORW: name:enp0s3: saddr:33561200: daddr:100932208
[  344.893710] AAAAA-TCP_FORW: name:enp0s3: saddr:33561200: daddr:100932208
[  346.056834] AAAAA-TCP_FORW: name:enp0s3: saddr:100932208: daddr:33561200
[  346.111516] AAAAA-TCP_FORW: name:enp0s3: saddr:100932208: daddr:33561200
[  346.196997] AAAAA-TCP_FORW: name:enp0s3: saddr:100932208: daddr:33561200
[  346.267601] AAAAA-TCP_FORW: name:enp0s3: saddr:100932208: daddr:33561200
[  346.328553] AAAAA-TCP_FORW: name:enp0s3: saddr:100932208: daddr:33561200
[  346.340357] AAAAA-TCP_FORW: name:enp0s3: saddr:100932208: daddr:33561200
[  346.570612] AAAAA-TCP_FORW: name:enp0s3: saddr:100932208: daddr:33561200
[  346.678515] AAAAA-TCP_FORW: name:enp0s3: saddr:100932208: daddr:33561200
[  346.850977] AAAAA-TCP_FORW: name:enp0s3: saddr:100932208: daddr:33561200
[  346.995454] AAAAA-TCP_FORW: name:enp0s3: saddr:100932208: daddr:33561200
[  347.124769] AAAAA-TCP_FORW: name:enp0s3: saddr:100932208: daddr:33561200
[  347.210860] AAAAA-TCP_FORW: name:enp0s3: saddr:100932208: daddr:33561200
[  347.255796] AAAAA-TCP_FORW: name:enp0s3: saddr:100932208: daddr:33561200
[  347.332680] AAAAA-TCP_FORW: name:enp0s3: saddr:100932208: daddr:33561200
[  347.414363] AAAAA-TCP_FORW: name:enp0s3: saddr:100932208: daddr:33561200
[  347.539338] AAAAA-TCP_FORW: name:enp0s3: saddr:100932208: daddr:33561200
[  347.617182] AAAAA-TCP_FORW: name:enp0s3: saddr:100932208: daddr:33561200
[  347.741038] AAAAA-TCP_FORW: name:enp0s3: saddr:100932208: daddr:33561200
[  347.802539] AAAAA-TCP_FORW: name:enp0s3: saddr:100932208: daddr:33561200
[  347.870140] AAAAA-TCP_FORW: name:enp0s3: saddr:33561200: daddr:100932208
[  347.886899] AAAAA-TCP_FORW: name:enp0s3: saddr:100932208: daddr:33561200
[  347.919144] AAAAA-TCP_FORW: name:enp0s3: saddr:100932208: daddr:33561200
[  347.943687] AAAAA-TCP_FORW: name:enp0s3: saddr:100932208: daddr:33561200
[  348.746180] AAAAA-TCP_FORW: name:enp0s3: saddr:33561200: daddr:100932208
[  348.962998] AAAAA-TCP_FORW: name:enp0s3: saddr:33561200: daddr:100932208
[  349.120015] AAAAA-TCP_FORW: name:enp0s3: saddr:33561200: daddr:100932208
[  349.155634] AAAAA-TCP_FORW: name:enp0s3: saddr:33561200: daddr:100932208
[  349.280260] AAAAA-TCP_FORW: name:enp0s3: saddr:33561200: daddr:100932208
[  349.373771] AAAAA-TCP_FORW: name:enp0s3: saddr:33561200: daddr:100932208
[  349.468680] AAAAA-TCP_FORW: name:enp0s3: saddr:33561200: daddr:100932208
[  349.578675] AAAAA-TCP_FORW: name:enp0s3: saddr:33561200: daddr:100932208
[  349.610512] AAAAA-TCP_FORW: name:enp0s3: saddr:33561200: daddr:100932208
[  349.636895] AAAAA-TCP_FORW: name:enp0s3: saddr:33561200: daddr:100932208
[  349.688589] AAAAA-TCP_FORW: name:enp0s3: saddr:33561200: daddr:100932208
[  349.775804] AAAAA-TCP_FORW: name:enp0s3: saddr:33561200: daddr:100932208
[  349.879041] AAAAA-TCP_FORW: name:enp0s3: saddr:33561200: daddr:100932208
[  349.945703] AAAAA-TCP_FORW: name:enp0s3: saddr:33561200: daddr:100932208
[  350.041669] AAAAA-TCP_FORW: name:enp0s3: saddr:33561200: daddr:100932208
[  350.195438] AAAAA-TCP_FORW: name:enp0s3: saddr:33561200: daddr:100932208
[  350.279356] AAAAA-TCP_FORW: name:enp0s3: saddr:33561200: daddr:100932208
[  350.356939] AAAAA-TCP_FORW: name:enp0s3: saddr:100932208: daddr:33561200
[  350.454707] AAAAA-TCP_FORW: name:enp0s3: saddr:33561200: daddr:100932208
[  350.761199] AAAAA-TCP_FORW: name:enp0s3: saddr:33561200: daddr:100932208
[  350.873373] AAAAA-TCP_FORW: name:enp0s3: saddr:33561200: daddr:100932208
[  351.239503] AAAAA-TCP_FORW: name:enp0s3: saddr:100932208: daddr:33561200
[  351.394443] AAAAA-TCP_FORW: name:enp0s3: saddr:100932208: daddr:33561200
[  351.495072] AAAAA-TCP_FORW: name:enp0s3: saddr:100932208: daddr:33561200
[  351.551036] AAAAA-TCP_FORW: name:enp0s3: saddr:100932208: daddr:33561200
[  351.750733] AAAAA-TCP_FORW: name:enp0s3: saddr:100932208: daddr:33561200
[  352.471237] AAAAA-TCP_FORW: name:enp0s3: saddr:100932208: daddr:33561200
[  352.537948] AAAAA-TCP_FORW: name:enp0s3: saddr:100932208: daddr:33561200
[  352.645327] AAAAA-TCP_FORW: name:enp0s3: saddr:100932208: daddr:33561200
[  352.784714] AAAAA-TCP_FORW: name:enp0s3: saddr:100932208: daddr:33561200
[  352.876158] AAAAA-TCP_FORW: name:enp0s3: saddr:100932208: daddr:33561200
[  353.032998] AAAAA-TCP_FORW: name:enp0s3: saddr:100932208: daddr:33561200
[  353.138024] AAAAA-TCP_FORW: name:enp0s3: saddr:100932208: daddr:33561200
[  353.278196] AAAAA-TCP_FORW: name:enp0s3: saddr:100932208: daddr:33561200
[  353.391010] AAAAA-TCP_FORW: name:enp0s3: saddr:100932208: daddr:33561200
[  353.534292] AAAAA-TCP_FORW: name:enp0s3: saddr:100932208: daddr:33561200
[  353.550390] AAAAA-TCP_FORW: name:enp0s3: saddr:33561200: daddr:100932208
[  353.675906] AAAAA-TCP_FORW: name:enp0s3: saddr:100932208: daddr:33561200
[  353.811551] AAAAA-TCP_FORW: name:enp0s3: saddr:100932208: daddr:33561200
[  353.898137] AAAAA-TCP_FORW: name:enp0s3: saddr:100932208: daddr:33561200
[  353.987444] AAAAA-TCP_FORW: name:enp0s3: saddr:100932208: daddr:33561200
[  354.169625] AAAAA-TCP_FORW: name:enp0s3: saddr:33561200: daddr:100932208
[  354.230967] AAAAA-TCP_FORW: name:enp0s3: saddr:33561200: daddr:100932208
[  354.413842] AAAAA-TCP_FORW: name:enp0s3: saddr:33561200: daddr:100932208
[  354.676726] AAAAA-TCP_FORW: name:enp0s3: saddr:33561200: daddr:100932208
[  354.890764] AAAAA-TCP_FORW: name:enp0s3: saddr:33561200: daddr:100932208
[  355.245528] AAAAA-TCP_FORW: name:enp0s3: saddr:33561200: daddr:100932208
[  355.354056] AAAAA-TCP_FORW: name:enp0s3: saddr:33561200: daddr:100932208
[  355.418707] AAAAA-TCP_FORW: name:enp0s3: saddr:33561200: daddr:100932208
[  355.619234] AAAAA-TCP_FORW: name:enp0s3: saddr:33561200: daddr:100932208
[  355.693468] AAAAA-TCP_FORW: name:enp0s3: saddr:33561200: daddr:100932208
[  355.942104] AAAAA-TCP_FORW: name:enp0s3: saddr:33561200: daddr:100932208
[  356.050744] AAAAA-TCP_FORW: name:enp0s3: saddr:33561200: daddr:100932208
[  356.208407] AAAAA-TCP_FORW: name:enp0s3: saddr:33561200: daddr:100932208
[  356.300950] AAAAA-TCP_FORW: name:enp0s3: saddr:33561200: daddr:100932208
[  356.384528] AAAAA-TCP_FORW: name:enp0s3: saddr:33561200: daddr:100932208
[  356.481968] AAAAA-TCP_FORW: name:enp0s3: saddr:100932208: daddr:33561200
[  356.617629] AAAAA-TCP_FORW: name:enp0s3: saddr:33561200: daddr:100932208
[  356.655693] AAAAA-TCP_FORW: name:enp0s3: saddr:33561200: daddr:100932208
[  356.770126] AAAAA-TCP_FORW: name:enp0s3: saddr:33561200: daddr:100932208
[  356.958817] AAAAA-TCP_FORW: name:enp0s3: saddr:33561200: daddr:100932208
[  357.092524] AAAAA-TCP_FORW: name:enp0s3: saddr:100932208: daddr:33561200
[  357.232932] AAAAA-TCP_FORW: name:enp0s3: saddr:100932208: daddr:33561200
[  357.397520] AAAAA-TCP_FORW: name:enp0s3: saddr:100932208: daddr:33561200
[  357.725026] AAAAA-TCP_FORW: name:enp0s3: saddr:100932208: daddr:33561200
[  357.844643] AAAAA-TCP_FORW: name:enp0s3: saddr:100932208: daddr:33561200
[  358.115928] AAAAA-TCP_FORW: name:enp0s3: saddr:100932208: daddr:33561200
[  358.211895] AAAAA-TCP_FORW: name:enp0s3: saddr:100932208: daddr:33561200
[  358.777947] AAAAA-TCP_FORW: name:enp0s3: saddr:100932208: daddr:33561200
[  358.899002] AAAAA-TCP_FORW: name:enp0s3: saddr:100932208: daddr:33561200
[  359.274573] AAAAA-TCP_FORW: name:enp0s3: saddr:100932208: daddr:33561200
[  359.295147] AAAAA-TCP_FORW: name:enp0s3: saddr:33561200: daddr:100932208
[  359.326402] AAAAA-TCP_FORW: name:enp0s3: saddr:100932208: daddr:33561200
[  359.440458] AAAAA-TCP_FORW: name:enp0s3: saddr:100932208: daddr:33561200
[  359.542082] AAAAA-TCP_FORW: name:enp0s3: saddr:100932208: daddr:33561200
[  359.760084] AAAAA-TCP_FORW: name:enp0s3: saddr:33561200: daddr:100932208
[  359.885467] AAAAA-TCP_FORW: name:enp0s3: saddr:33561200: daddr:100932208
[  360.056521] AAAAA-TCP_FORW: name:enp0s3: saddr:33561200: daddr:100932208
[  360.283424] AAAAA-TCP_FORW: name:enp0s3: saddr:33561200: daddr:100932208
[  360.384746] AAAAA-TCP_FORW: name:enp0s3: saddr:33561200: daddr:100932208
[  360.634812] AAAAA-TCP_FORW: name:enp0s3: saddr:33561200: daddr:100932208
[  360.757652] AAAAA-TCP_FORW: name:enp0s3: saddr:33561200: daddr:100932208
[  361.298004] AAAAA-TCP_FORW: name:enp0s3: saddr:33561200: daddr:100932208
[  361.395712] AAAAA-TCP_FORW: name:enp0s3: saddr:33561200: daddr:100932208
[  361.739099] AAAAA-TCP_FORW: name:enp0s3: saddr:33561200: daddr:100932208
[  361.793066] AAAAA-TCP_FORW: name:enp0s3: saddr:100932208: daddr:33561200
[  361.837736] AAAAA-TCP_FORW: name:enp0s3: saddr:33561200: daddr:100932208
[  361.862173] AAAAA-TCP_FORW: name:enp0s3: saddr:33561200: daddr:100932208
[  361.924409] AAAAA-TCP_FORW: name:enp0s3: saddr:33561200: daddr:100932208
[  362.073019] AAAAA-TCP_FORW: name:enp0s3: saddr:100932208: daddr:33561200
[  362.164565] AAAAA-TCP_FORW: name:enp0s3: saddr:100932208: daddr:33561200
[  362.194075] AAAAA-TCP_FORW: name:enp0s3: saddr:100932208: daddr:33561200
[  362.237609] AAAAA-TCP_FORW: name:enp0s3: saddr:100932208: daddr:33561200
[  362.290284] AAAAA-TCP_FORW: name:enp0s3: saddr:100932208: daddr:33561200
[  362.338387] AAAAA-TCP_FORW: name:enp0s3: saddr:100932208: daddr:33561200
[  362.366446] AAAAA-TCP_FORW: name:enp0s3: saddr:100932208: daddr:33561200
[  362.487945] AAAAA-TCP_FORW: name:enp0s3: saddr:100932208: daddr:33561200
[  362.556636] AAAAA-TCP_FORW: name:enp0s3: saddr:100932208: daddr:33561200
[  362.580637] AAAAA-TCP_FORW: name:enp0s3: saddr:100932208: daddr:33561200
[  362.676037] AAAAA-TCP_FORW: name:enp0s3: saddr:100932208: daddr:33561200
[  362.702408] AAAAA-TCP_FORW: name:enp0s3: saddr:33561200: daddr:100932208
[  362.721649] AAAAA-TCP_FORW: name:enp0s3: saddr:100932208: daddr:33561200
[  362.745124] AAAAA-TCP_FORW: name:enp0s3: saddr:100932208: daddr:33561200
[  362.778435] AAAAA-TCP_FORW: name:enp0s3: saddr:100932208: daddr:33561200
[  362.795415] AAAAA-TCP_FORW: name:enp0s3: saddr:33561200: daddr:100932208
[  362.808874] AAAAA-TCP_FORW: name:enp0s3: saddr:100932208: daddr:33561200
[  362.893624] AAAAA-TCP_FORW: name:enp0s3: saddr:33561200: daddr:100932208
[  362.919659] AAAAA-TCP_FORW: name:enp0s3: saddr:33561200: daddr:100932208
[  362.960985] AAAAA-TCP_FORW: name:enp0s3: saddr:33561200: daddr:100932208
[  362.994779] AAAAA-TCP_FORW: name:enp0s3: saddr:33561200: daddr:100932208
[  363.021984] AAAAA-TCP_FORW: name:enp0s3: saddr:33561200: daddr:100932208
[  363.058699] AAAAA-TCP_FORW: name:enp0s3: saddr:33561200: daddr:100932208
[  363.183945] AAAAA-TCP_FORW: name:enp0s3: saddr:33561200: daddr:100932208
[  363.241287] AAAAA-TCP_FORW: name:enp0s3: saddr:33561200: daddr:100932208
[  363.263962] AAAAA-TCP_FORW: name:enp0s3: saddr:100932208: daddr:33561200
[  363.301662] AAAAA-TCP_FORW: name:enp0s3: saddr:33561200: daddr:100932208
[  363.344195] AAAAA-TCP_FORW: name:enp0s3: saddr:100932208: daddr:33561200
[  363.368881] AAAAA-TCP_FORW: name:enp0s3: saddr:33561200: daddr:100932208
[  363.394137] AAAAA-TCP_FORW: name:enp0s3: saddr:100932208: daddr:33561200
[  363.422118] AAAAA-TCP_FORW: name:enp0s3: saddr:100932208: daddr:33561200
[  363.440795] AAAAA-TCP_FORW: name:enp0s3: saddr:100932208: daddr:33561200
[  363.463694] AAAAA-TCP_FORW: name:enp0s3: saddr:100932208: daddr:33561200
[  363.486263] AAAAA-TCP_FORW: name:enp0s3: saddr:100932208: daddr:33561200
[  363.526976] AAAAA-TCP_FORW: name:enp0s3: saddr:100932208: daddr:33561200
[  363.566761] AAAAA-TCP_FORW: name:enp0s3: saddr:100932208: daddr:33561200
[  363.595509] AAAAA-TCP_FORW: name:enp0s3: saddr:100932208: daddr:33561200
[  363.622932] AAAAA-TCP_FORW: name:enp0s3: saddr:100932208: daddr:33561200
[  363.647189] AAAAA-TCP_FORW: name:enp0s3: saddr:100932208: daddr:33561200
[  363.660632] AAAAA-TCP_FORW: name:enp0s3: saddr:33561200: daddr:100932208
[  363.679620] AAAAA-TCP_FORW: name:enp0s3: saddr:100932208: daddr:33561200
[  363.703497] AAAAA-TCP_FORW: name:enp0s3: saddr:100932208: daddr:33561200
[  363.726228] AAAAA-TCP_FORW: name:enp0s3: saddr:100932208: daddr:33561200
[  363.744697] AAAAA-TCP_FORW: name:enp0s3: saddr:100932208: daddr:33561200
[  363.761186] AAAAA-TCP_FORW: name:enp0s3: saddr:33561200: daddr:100932208
[  363.773756] AAAAA-TCP_FORW: name:enp0s3: saddr:100932208: daddr:33561200
[  363.818386] AAAAA-TCP_FORW: name:enp0s3: saddr:100932208: daddr:33561200
[  363.836681] AAAAA-TCP_FORW: name:enp0s3: saddr:33561200: daddr:100932208
[  363.905357] AAAAA-TCP_FORW: name:enp0s3: saddr:33561200: daddr:100932208
[  363.948488] AAAAA-TCP_FORW: name:enp0s3: saddr:33561200: daddr:100932208
[  363.971861] AAAAA-TCP_FORW: name:enp0s3: saddr:33561200: daddr:100932208
[  363.991060] AAAAA-TCP_FORW: name:enp0s3: saddr:16783984: daddr:100932208
[  364.014234] AAAAA-TCP_FORW: name:enp0s3: saddr:16783984: daddr:100932208
[  364.031242] AAAAA-TCP_FORW: name:enp0s3: saddr:100932208: daddr:33561200
[  364.045873] AAAAA-TCP_FORW: name:enp0s3: saddr:16783984: daddr:100932208
[  364.066176] AAAAA-TCP_FORW: name:enp0s3: saddr:100932208: daddr:33561200
[  364.093478] AAAAA-TCP_FORW: name:enp0s3: saddr:33561200: daddr:100932208
[  364.166056] AAAAA-TCP_FORW: name:enp0s3: saddr:100932208: daddr:33561200
[  364.196114] AAAAA-TCP_FORW: name:enp0s3: saddr:100932208: daddr:33561200
[  364.259280] AAAAA-TCP_FORW: name:enp0s3: saddr:100932208: daddr:33561200
[  364.276711] AAAAA-TCP_FORW: name:enp0s3: saddr:100932208: daddr:33561200
[  364.299601] AAAAA-TCP_FORW: name:enp0s3: saddr:100932208: daddr:33561200
[  364.332816] AAAAA-TCP_FORW: name:enp0s3: saddr:100932208: daddr:33561200
[  364.365422] AAAAA-TCP_FORW: name:enp0s3: saddr:100932208: daddr:33561200
[  364.397520] AAAAA-TCP_FORW: name:enp0s3: saddr:100932208: daddr:33561200
[  364.426187] AAAAA-TCP_FORW: name:enp0s3: saddr:100932208: daddr:16783984
[  364.455442] AAAAA-TCP_FORW: name:enp0s3: saddr:100932208: daddr:16783984
[  364.485040] AAAAA-TCP_FORW: name:enp0s3: saddr:100932208: daddr:16783984
[  364.509876] AAAAA-TCP_FORW: name:enp0s3: saddr:100932208: daddr:16783984
[  364.521546] AAAAA-TCP_FORW: name:enp0s3: saddr:100932208: daddr:16783984
[  364.588043] AAAAA-TCP_FORW: name:enp0s3: saddr:100932208: daddr:33561200
[  364.861625] AAAAA-TCP_FORW: name:enp0s3: saddr:33561200: daddr:100932208
[  364.887202] AAAAA-TCP_FORW: name:enp0s3: saddr:16783984: daddr:100932208
[  364.896868] AAAAA-TCP_FORW: name:enp0s3: saddr:16783984: daddr:100932208
[  364.936264] AAAAA-TCP_FORW: name:enp0s3: saddr:16783984: daddr:100932208
[  364.959273] AAAAA-TCP_FORW: name:enp0s3: saddr:16783984: daddr:100932208
[  364.978743] AAAAA-TCP_FORW: name:enp0s3: saddr:16783984: daddr:100932208
[  365.010058] AAAAA-TCP_FORW: name:enp0s3: saddr:100932208: daddr:33561200
[  365.017532] AAAAA-TCP_FORW: name:enp0s3: saddr:33561200: daddr:100932208
[  365.058450] AAAAA-TCP_FORW: name:enp0s3: saddr:100932208: daddr:16783984
[  365.132082] AAAAA-TCP_FORW: name:enp0s3: saddr:100932208: daddr:33561200
[  365.168058] AAAAA-TCP_FORW: name:enp0s3: saddr:100932208: daddr:33561200
[  365.206917] AAAAA-TCP_FORW: name:enp0s3: saddr:33561200: daddr:100932208
[  365.224027] AAAAA-TCP_FORW: name:enp0s3: saddr:33561200: daddr:100932208
[  365.272502] AAAAA-TCP_FORW: name:enp0s3: saddr:100932208: daddr:33561200
[  365.297240] AAAAA-TCP_FORW: name:enp0s3: saddr:33561200: daddr:100932208
[  365.316708] AAAAA-TCP_FORW: name:enp0s3: saddr:100932208: daddr:33561200
[  365.335296] AAAAA-TCP_FORW: name:enp0s3: saddr:100932208: daddr:16783984
[  365.352597] AAAAA-TCP_FORW: name:enp0s3: saddr:100932208: daddr:33561200
[  365.376804] AAAAA-TCP_FORW: name:enp0s3: saddr:16783984: daddr:100932208
[  365.395102] AAAAA-TCP_FORW: name:enp0s3: saddr:33561200: daddr:100932208
[  365.411000] AAAAA-TCP_FORW: name:enp0s3: saddr:33561200: daddr:100932208
[  365.458342] AAAAA-TCP_FORW: name:enp0s3: saddr:100932208: daddr:33561200
[  365.489082] AAAAA-TCP_FORW: name:enp0s3: saddr:100932208: daddr:33561200
[  365.513027] AAAAA-TCP_FORW: name:enp0s3: saddr:16783984: daddr:100932208
[  365.526837] AAAAA-TCP_FORW: name:enp0s3: saddr:100932208: daddr:16783984
[  365.548902] AAAAA-TCP_FORW: name:enp0s3: saddr:33561200: daddr:100932208
[  365.567596] AAAAA-TCP_FORW: name:enp0s3: saddr:100932208: daddr:16783984
[  365.593765] AAAAA-TCP_FORW: name:enp0s3: saddr:16783984: daddr:100932208
[  545.315994] rfkill: input handler enabled
[  554.842341] rfkill: input handler disabled
[  739.863904] device enp0s3 left promiscuous mode
