[    0.000000] Linux version 5.4.243-mptcp (root@ztg) (gcc version 12.2.0 (Debian 12.2.0-14+deb12u1)) #53 SMP Wed Dec 24 23:28:15 CST 2025
[    0.000000] Command line: BOOT_IMAGE=/boot/vmlinuz-5.4.243-mptcp root=UUID=98415a12-53b7-4144-8265-0f7ece09e445 ro quiet splash
[    0.000000] KERNEL supported cpus:
[    0.000000]   Intel GenuineIntel
[    0.000000]   AMD AuthenticAMD
[    0.000000]   Hygon HygonGenuine
[    0.000000]   Centaur CentaurHauls
[    0.000000]   zhaoxin   Shanghai  
[    0.000000] x86/fpu: Supporting XSAVE feature 0x001: 'x87 floating point registers'
[    0.000000] x86/fpu: Supporting XSAVE feature 0x002: 'SSE registers'
[    0.000000] x86/fpu: Supporting XSAVE feature 0x004: 'AVX registers'
[    0.000000] x86/fpu: xstate_offset[2]:  576, xstate_sizes[2]:  256
[    0.000000] x86/fpu: Enabled xstate features 0x7, context size is 832 bytes, using 'standard' format.
[    0.000000] BIOS-provided physical RAM map:
[    0.000000] BIOS-e820: [mem 0x0000000000000000-0x000000000009fbff] usable
[    0.000000] BIOS-e820: [mem 0x000000000009fc00-0x000000000009ffff] reserved
[    0.000000] BIOS-e820: [mem 0x00000000000f0000-0x00000000000fffff] reserved
[    0.000000] BIOS-e820: [mem 0x0000000000100000-0x000000007ffeffff] usable
[    0.000000] BIOS-e820: [mem 0x000000007fff0000-0x000000007fffffff] ACPI data
[    0.000000] BIOS-e820: [mem 0x00000000fec00000-0x00000000fec00fff] reserved
[    0.000000] BIOS-e820: [mem 0x00000000fee00000-0x00000000fee00fff] reserved
[    0.000000] BIOS-e820: [mem 0x00000000fffc0000-0x00000000ffffffff] reserved
[    0.000000] NX (Execute Disable) protection: active
[    0.000000] SMBIOS 2.5 present.
[    0.000000] DMI: innotek GmbH VirtualBox/VirtualBox, BIOS VirtualBox 12/01/2006
[    0.000000] Hypervisor detected: KVM
[    0.000000] kvm-clock: Using msrs 4b564d01 and 4b564d00
[    0.000000] kvm-clock: cpu 0, msr 40001001, primary cpu clock
[    0.000000] kvm-clock: using sched offset of 4429799226 cycles
[    0.000003] clocksource: kvm-clock: mask: 0xffffffffffffffff max_cycles: 0x1cd42e4dffb, max_idle_ns: 881590591483 ns
[    0.000005] tsc: Detected 2100.000 MHz processor
[    0.001967] e820: update [mem 0x00000000-0x00000fff] usable ==> reserved
[    0.001970] e820: remove [mem 0x000a0000-0x000fffff] usable
[    0.001974] last_pfn = 0x7fff0 max_arch_pfn = 0x400000000
[    0.002045] MTRR default type: uncachable
[    0.002046] MTRR fixed ranges enabled:
[    0.002047]   00000-9FFFF write-back
[    0.002048]   A0000-BFFFF uncachable
[    0.002048]   C0000-FFFFF write-protect
[    0.002049] MTRR variable ranges enabled:
[    0.002051]   0 base 000000000000 mask 3FFF80000000 write-back
[    0.002051]   1 disabled
[    0.002052]   2 disabled
[    0.002052]   3 disabled
[    0.002053]   4 disabled
[    0.002053]   5 disabled
[    0.002053]   6 disabled
[    0.002054]   7 disabled
[    0.002054]   8 disabled
[    0.002055]   9 disabled
[    0.002055]   10 disabled
[    0.002056]   11 disabled
[    0.002056]   12 disabled
[    0.002056]   13 disabled
[    0.002057]   14 disabled
[    0.002057]   15 disabled
[    0.002073] x86/PAT: Configuration [0-7]: WB  WC  UC- UC  WB  WP  UC- WT  
[    0.002212] found SMP MP-table at [mem 0x0009fff0-0x0009ffff]
[    0.091462] check: Scanning 1 areas for low memory corruption
[    0.091691] RAMDISK: [mem 0x32271000-0x3512ffff]
[    0.091699] ACPI: Early table checksum verification disabled
[    0.091705] ACPI: RSDP 0x00000000000E0000 000024 (v02 VBOX  )
[    0.091710] ACPI: XSDT 0x000000007FFF0030 00003C (v01 VBOX   VBOXXSDT 00000001 ASL  00000061)
[    0.091716] ACPI: FACP 0x000000007FFF00F0 0000F4 (v04 VBOX   VBOXFACP 00000001 ASL  00000061)
[    0.091723] ACPI: DSDT 0x000000007FFF02E0 002353 (v02 VBOX   VBOXBIOS 00000002 VBOX 00029BF3)
[    0.091727] ACPI: FACS 0x000000007FFF0200 000040
[    0.091730] ACPI: FACS 0x000000007FFF0200 000040
[    0.091733] ACPI: APIC 0x000000007FFF0240 000054 (v02 VBOX   VBOXAPIC 00000001 ASL  00000061)
[    0.091737] ACPI: SSDT 0x000000007FFF02A0 000038 (v01 VBOX   VBOXCPUT 00000002 VBOX 00029BF3)
[    0.091740] ACPI: Reserving FACP table memory at [mem 0x7fff00f0-0x7fff01e3]
[    0.091741] ACPI: Reserving DSDT table memory at [mem 0x7fff02e0-0x7fff2632]
[    0.091742] ACPI: Reserving FACS table memory at [mem 0x7fff0200-0x7fff023f]
[    0.091742] ACPI: Reserving FACS table memory at [mem 0x7fff0200-0x7fff023f]
[    0.091743] ACPI: Reserving APIC table memory at [mem 0x7fff0240-0x7fff0293]
[    0.091744] ACPI: Reserving SSDT table memory at [mem 0x7fff02a0-0x7fff02d7]
[    0.091759] ACPI: Local APIC address 0xfee00000
[    0.091951] No NUMA configuration found
[    0.091952] Faking a node at [mem 0x0000000000000000-0x000000007ffeffff]
[    0.091962] NODE_DATA(0) allocated [mem 0x7ffc5000-0x7ffeffff]
[    0.092223] Zone ranges:
[    0.092224]   DMA      [mem 0x0000000000001000-0x0000000000ffffff]
[    0.092225]   DMA32    [mem 0x0000000001000000-0x000000007ffeffff]
[    0.092226]   Normal   empty
[    0.092227]   Device   empty
[    0.092228] Movable zone start for each node
[    0.092229] Early memory node ranges
[    0.092230]   node   0: [mem 0x0000000000001000-0x000000000009efff]
[    0.092231]   node   0: [mem 0x0000000000100000-0x000000007ffeffff]
[    0.092234] Zeroed struct page in unavailable ranges: 114 pages
[    0.092235] Initmem setup node 0 [mem 0x0000000000001000-0x000000007ffeffff]
[    0.092236] On node 0 totalpages: 524174
[    0.092238]   DMA zone: 64 pages used for memmap
[    0.092238]   DMA zone: 21 pages reserved
[    0.092239]   DMA zone: 3998 pages, LIFO batch:0
[    0.092311]   DMA32 zone: 8128 pages used for memmap
[    0.092312]   DMA32 zone: 520176 pages, LIFO batch:63
[    0.101214] ACPI: PM-Timer IO Port: 0x4008
[    0.101218] ACPI: Local APIC address 0xfee00000
[    0.101290] IOAPIC[0]: apic_id 1, version 32, address 0xfec00000, GSI 0-23
[    0.101294] ACPI: INT_SRC_OVR (bus 0 bus_irq 0 global_irq 2 dfl dfl)
[    0.101295] ACPI: INT_SRC_OVR (bus 0 bus_irq 9 global_irq 9 low level)
[    0.101297] ACPI: IRQ0 used by override.
[    0.101298] ACPI: IRQ9 used by override.
[    0.101301] Using ACPI (MADT) for SMP configuration information
[    0.101308] smpboot: Allowing 1 CPUs, 0 hotplug CPUs
[    0.101331] PM: Registered nosave memory: [mem 0x00000000-0x00000fff]
[    0.101333] PM: Registered nosave memory: [mem 0x0009f000-0x0009ffff]
[    0.101333] PM: Registered nosave memory: [mem 0x000a0000-0x000effff]
[    0.101334] PM: Registered nosave memory: [mem 0x000f0000-0x000fffff]
[    0.101335] [mem 0x80000000-0xfebfffff] available for PCI devices
[    0.101336] Booting paravirtualized kernel on KVM
[    0.101340] clocksource: refined-jiffies: mask: 0xffffffff max_cycles: 0xffffffff, max_idle_ns: 7645519600211568 ns
[    0.101345] setup_percpu: NR_CPUS:8192 nr_cpumask_bits:1 nr_cpu_ids:1 nr_node_ids:1
[    0.102362] percpu: Embedded 60 pages/cpu s208896 r8192 d28672 u2097152
[    0.102368] pcpu-alloc: s208896 r8192 d28672 u2097152 alloc=1*2097152
[    0.102368] pcpu-alloc: [0] 0 
[    0.102395] Built 1 zonelists, mobility grouping on.  Total pages: 515961
[    0.102396] Policy zone: DMA32
[    0.102397] Kernel command line: BOOT_IMAGE=/boot/vmlinuz-5.4.243-mptcp root=UUID=98415a12-53b7-4144-8265-0f7ece09e445 ro quiet splash
[    0.103238] Dentry cache hash table entries: 262144 (order: 9, 2097152 bytes, linear)
[    0.103385] Inode-cache hash table entries: 131072 (order: 8, 1048576 bytes, linear)
[    0.103436] mem auto-init: stack:off, heap alloc:on, heap free:off
[    0.103439] Calgary: detecting Calgary via BIOS EBDA area
[    0.103440] Calgary: Unable to locate Rio Grande table in EBDA - bailing!
[    0.107518] Memory: 1967332K/2096696K available (14339K kernel code, 2398K rwdata, 4712K rodata, 2728K init, 17260K bss, 129364K reserved, 0K cma-reserved)
[    0.108500] SLUB: HWalign=64, Order=0-3, MinObjects=0, CPUs=1, Nodes=1
[    0.108517] ftrace: allocating 43186 entries in 169 pages
[    0.126669] rcu: Hierarchical RCU implementation.
[    0.126672] rcu: 	RCU restricting CPUs from NR_CPUS=8192 to nr_cpu_ids=1.
[    0.126673] 	Tasks RCU enabled.
[    0.126674] rcu: RCU calculated value of scheduler-enlistment delay is 25 jiffies.
[    0.126675] rcu: Adjusting geometry for rcu_fanout_leaf=16, nr_cpu_ids=1
[    0.129627] NR_IRQS: 524544, nr_irqs: 256, preallocated irqs: 16
[    0.129862] random: crng init done
[    0.139191] Console: colour VGA+ 80x25
[    0.139195] printk: console [tty0] enabled
[    0.139218] ACPI: Core revision 20190816
[    0.139317] APIC: Switch to symmetric I/O mode setup
[    0.139567] x2apic enabled
[    0.139804] Switched APIC routing to physical x2apic.
[    0.140934] ..TIMER: vector=0x30 apic1=0 pin1=2 apic2=-1 pin2=-1
[    0.140970] clocksource: tsc-early: mask: 0xffffffffffffffff max_cycles: 0x1e4530a99b6, max_idle_ns: 440795257976 ns
[    0.140980] Calibrating delay loop (skipped) preset value.. 4200.00 BogoMIPS (lpj=8400000)
[    0.140984] pid_max: default: 32768 minimum: 301
[    0.141020] LSM: Security Framework initializing
[    0.141031] Yama: becoming mindful.
[    0.141058] AppArmor: AppArmor initialized
[    0.141093] Mount-cache hash table entries: 4096 (order: 3, 32768 bytes, linear)
[    0.141097] Mountpoint-cache hash table entries: 4096 (order: 3, 32768 bytes, linear)
[    0.141108] *** VALIDATE tmpfs ***
[    0.141241] *** VALIDATE proc ***
[    0.141294] *** VALIDATE cgroup1 ***
[    0.141295] *** VALIDATE cgroup2 ***
[    0.141452] process: using mwait in idle threads
[    0.141457] Last level iTLB entries: 4KB 64, 2MB 8, 4MB 8
[    0.141457] Last level dTLB entries: 4KB 64, 2MB 0, 4MB 0, 1GB 4
[    0.141478] Spectre V1 : Mitigation: usercopy/swapgs barriers and __user pointer sanitization
[    0.141484] Spectre V2 : Mitigation: Retpolines
[    0.141485] Spectre V2 : Spectre v2 / SpectreRSB mitigation: Filling RSB on context switch
[    0.141485] Spectre V2 : Spectre v2 / SpectreRSB : Filling RSB on VMEXIT
[    0.141486] RETBleed: WARNING: Spectre v2 mitigation leaves CPU vulnerable to RETBleed attacks, data leaks possible!
[    0.141856] RETBleed: Vulnerable
[    0.141856] Speculative Store Bypass: Vulnerable
[    0.141861] TAA: Mitigation: TSX disabled
[    0.141862] MMIO Stale Data: Mitigation: Clear CPU buffers
[    0.146133] Freeing SMP alternatives memory: 40K
[    0.258433] smpboot: CPU0: Intel(R) Xeon(R) Silver 4216 CPU @ 2.10GHz (family: 0x6, model: 0x55, stepping: 0x7)
[    0.258580] Performance Events: unsupported p6 CPU model 85 no PMU driver, software events only.
[    0.258618] rcu: Hierarchical SRCU implementation.
[    0.259115] NMI watchdog: Perf NMI watchdog permanently disabled
[    0.259155] smp: Bringing up secondary CPUs ...
[    0.259156] smp: Brought up 1 node, 1 CPU
[    0.259157] smpboot: Max logical packages: 1
[    0.259158] smpboot: Total of 1 processors activated (4200.00 BogoMIPS)
[    0.260140] devtmpfs: initialized
[    0.260188] x86/mm: Memory block size: 128MB
[    0.260537] clocksource: jiffies: mask: 0xffffffff max_cycles: 0xffffffff, max_idle_ns: 7645041785100000 ns
[    0.260543] futex hash table entries: 256 (order: 2, 16384 bytes, linear)
[    0.260586] pinctrl core: initialized pinctrl subsystem
[    0.260686] PM: RTC time: 21:52:02, date: 2026-01-17
[    0.260794] NET: Registered protocol family 16
[    0.260867] audit: initializing netlink subsys (disabled)
[    0.260974] EISA bus registered
[    0.260974] cpuidle: using governor ladder
[    0.260974] cpuidle: using governor menu
[    0.260974] ACPI: bus type PCI registered
[    0.260974] acpiphp: ACPI Hot Plug PCI Controller Driver version: 0.5
[    0.260974] PCI: Using configuration type 1 for base access
[    0.261437] audit: type=2000 audit(1768657929.116:1): state=initialized audit_enabled=0 res=1
[    0.261515] HugeTLB registered 2.00 MiB page size, pre-allocated 0 pages
[    0.262348] ACPI: Added _OSI(Module Device)
[    0.262348] ACPI: Added _OSI(Processor Device)
[    0.262349] ACPI: Added _OSI(3.0 _SCP Extensions)
[    0.262350] ACPI: Added _OSI(Processor Aggregator Device)
[    0.262350] ACPI: Added _OSI(Linux-Dell-Video)
[    0.262351] ACPI: Added _OSI(Linux-Lenovo-NV-HDMI-Audio)
[    0.262352] ACPI: Added _OSI(Linux-HPI-Hybrid-Graphics)
[    0.264297] ACPI: 2 ACPI AML tables successfully acquired and loaded
[    0.265835] ACPI: Interpreter enabled
[    0.265845] ACPI: (supports S0 S5)
[    0.265846] ACPI: Using IOAPIC for interrupt routing
[    0.266054] PCI: Using host bridge windows from ACPI; if necessary, use "pci=nocrs" and report a bug
[    0.266160] ACPI: Enabled 2 GPEs in block 00 to 07
[    0.271007] ACPI: PCI Root Bridge [PCI0] (domain 0000 [bus 00-ff])
[    0.271012] acpi PNP0A03:00: _OSC: OS supports [ASPM ClockPM Segments MSI HPX-Type3]
[    0.271457] acpi PNP0A03:00: _OSC: not requesting OS control; OS requires [ExtendedConfig ASPM ClockPM MSI]
[    0.271465] acpi PNP0A03:00: fail to add MMCONFIG information, can't access extended PCI configuration space under this bridge.
[    0.271836] PCI host bridge to bus 0000:00
[    0.271838] pci_bus 0000:00: root bus resource [io  0x0000-0x0cf7 window]
[    0.271840] pci_bus 0000:00: root bus resource [io  0x0d00-0xffff window]
[    0.271841] pci_bus 0000:00: root bus resource [mem 0x000a0000-0x000bffff window]
[    0.271842] pci_bus 0000:00: root bus resource [mem 0x80000000-0xfdffffff window]
[    0.271843] pci_bus 0000:00: root bus resource [bus 00-ff]
[    0.271889] pci 0000:00:00.0: [8086:1237] type 00 class 0x060000
[    0.272822] pci 0000:00:01.0: [8086:7000] type 00 class 0x060100
[    0.273722] pci 0000:00:01.1: [8086:7111] type 00 class 0x01018a
[    0.274100] pci 0000:00:01.1: reg 0x20: [io  0xd000-0xd00f]
[    0.274255] pci 0000:00:01.1: legacy IDE quirk: reg 0x10: [io  0x01f0-0x01f7]
[    0.274256] pci 0000:00:01.1: legacy IDE quirk: reg 0x14: [io  0x03f6]
[    0.274257] pci 0000:00:01.1: legacy IDE quirk: reg 0x18: [io  0x0170-0x0177]
[    0.274258] pci 0000:00:01.1: legacy IDE quirk: reg 0x1c: [io  0x0376]
[    0.274839] pci 0000:00:02.0: [15ad:0405] type 00 class 0x030000
[    0.277058] pci 0000:00:02.0: reg 0x10: [io  0xd010-0xd01f]
[    0.281019] pci 0000:00:02.0: reg 0x14: [mem 0xe0000000-0xe7ffffff pref]
[    0.283967] pci 0000:00:02.0: reg 0x18: [mem 0xf0000000-0xf01fffff]
[    0.295603] pci 0000:00:03.0: [1022:2000] type 00 class 0x020000
[    0.297811] pci 0000:00:03.0: reg 0x10: [io  0xd020-0xd03f]
[    0.298582] pci 0000:00:03.0: reg 0x14: [mem 0xf0200000-0xf0200fff]
[    0.302408] pci 0000:00:04.0: [80ee:cafe] type 00 class 0x088000
[    0.303101] pci 0000:00:04.0: reg 0x10: [io  0xd040-0xd05f]
[    0.303729] pci 0000:00:04.0: reg 0x14: [mem 0xf0400000-0xf07fffff]
[    0.304351] pci 0000:00:04.0: reg 0x18: [mem 0xf0800000-0xf0803fff pref]
[    0.308031] pci 0000:00:07.0: [8086:7113] type 00 class 0x068000
[    0.308572] pci 0000:00:07.0: quirk: [io  0x4000-0x403f] claimed by PIIX4 ACPI
[    0.308582] pci 0000:00:07.0: quirk: [io  0x4100-0x410f] claimed by PIIX4 SMB
[    0.309034] pci 0000:00:08.0: [8086:100e] type 00 class 0x020000
[    0.309742] pci 0000:00:08.0: reg 0x10: [mem 0xf0820000-0xf083ffff]
[    0.310914] pci 0000:00:08.0: reg 0x18: [io  0xd060-0xd067]
[    0.314029] pci 0000:00:09.0: [8086:100e] type 00 class 0x020000
[    0.314750] pci 0000:00:09.0: reg 0x10: [mem 0xf0840000-0xf085ffff]
[    0.315923] pci 0000:00:09.0: reg 0x18: [io  0xd068-0xd06f]
[    0.326035] ACPI: PCI Interrupt Link [LNKA] (IRQs 5 9 10 *11)
[    0.326318] ACPI: PCI Interrupt Link [LNKB] (IRQs 5 9 *10 11)
[    0.326422] ACPI: PCI Interrupt Link [LNKC] (IRQs 5 *9 10 11)
[    0.326524] ACPI: PCI Interrupt Link [LNKD] (IRQs 5 9 10 *11)
[    0.326790] iommu: Default domain type: Translated 
[    0.326853] pci 0000:00:02.0: vgaarb: setting as boot VGA device
[    0.326855] pci 0000:00:02.0: vgaarb: VGA device added: decodes=io+mem,owns=io+mem,locks=none
[    0.326857] pci 0000:00:02.0: vgaarb: bridge control possible
[    0.326857] vgaarb: loaded
[    0.327065] SCSI subsystem initialized
[    0.327098] libata version 3.00 loaded.
[    0.327121] ACPI: bus type USB registered
[    0.327137] usbcore: registered new interface driver usbfs
[    0.327143] usbcore: registered new interface driver hub
[    0.327148] usbcore: registered new device driver usb
[    0.327174] pps_core: LinuxPPS API ver. 1 registered
[    0.327174] pps_core: Software ver. 5.3.6 - Copyright 2005-2007 Rodolfo Giometti <giometti@linux.it>
[    0.327176] PTP clock support registered
[    0.327211] EDAC MC: Ver: 3.0.0
[    0.327499] PCI: Using ACPI for IRQ routing
[    0.327500] PCI: pci_cache_line_size set to 64 bytes
[    0.328980] e820: reserve RAM buffer [mem 0x0009fc00-0x0009ffff]
[    0.328984] e820: reserve RAM buffer [mem 0x7fff0000-0x7fffffff]
[    0.329772] NetLabel: Initializing
[    0.329773] NetLabel:  domain hash size = 128
[    0.329773] NetLabel:  protocols = UNLABELED CIPSOv4 CALIPSO
[    0.329793] NetLabel:  unlabeled traffic allowed by default
[    0.330713] clocksource: Switched to clocksource kvm-clock
[    0.343554] *** VALIDATE bpf ***
[    0.343621] VFS: Disk quotas dquot_6.6.0
[    0.343633] VFS: Dquot-cache hash table entries: 512 (order 0, 4096 bytes)
[    0.343657] *** VALIDATE ramfs ***
[    0.343660] *** VALIDATE hugetlbfs ***
[    0.343743] AppArmor: AppArmor Filesystem Enabled
[    0.343771] pnp: PnP ACPI init
[    0.343842] pnp 00:00: Plug and Play ACPI device, IDs PNP0303 (active)
[    0.343931] pnp 00:01: Plug and Play ACPI device, IDs PNP0f03 (active)
[    0.344696] pnp: PnP ACPI: found 2 devices
[    0.345692] thermal_sys: Registered thermal governor 'fair_share'
[    0.345693] thermal_sys: Registered thermal governor 'bang_bang'
[    0.345693] thermal_sys: Registered thermal governor 'step_wise'
[    0.345694] thermal_sys: Registered thermal governor 'user_space'
[    0.345695] thermal_sys: Registered thermal governor 'power_allocator'
[    0.350224] clocksource: acpi_pm: mask: 0xffffff max_cycles: 0xffffff, max_idle_ns: 2085701024 ns
[    0.350265] pci_bus 0000:00: resource 4 [io  0x0000-0x0cf7 window]
[    0.350266] pci_bus 0000:00: resource 5 [io  0x0d00-0xffff window]
[    0.350268] pci_bus 0000:00: resource 6 [mem 0x000a0000-0x000bffff window]
[    0.350269] pci_bus 0000:00: resource 7 [mem 0x80000000-0xfdffffff window]
[    0.350327] NET: Registered protocol family 2
[    0.350402] IP idents hash table entries: 32768 (order: 6, 262144 bytes, linear)
[    0.350811] MPTCP tokens hash table entries: 8192 (order: 4, 65536 bytes, linear)
[    0.350831] MPTCP request tokens hash table entries: 8192 (order: 4, 65536 bytes, linear)
[    0.350858] default registered
[    0.350858] default registered
[    0.350859] MPTCP: Stable release v0.96
[    0.350864] tcp_listen_portaddr_hash hash table entries: 1024 (order: 2, 16384 bytes, linear)
[    0.350943] TCP established hash table entries: 16384 (order: 5, 131072 bytes, linear)
[    0.351009] TCP bind hash table entries: 16384 (order: 6, 262144 bytes, linear)
[    0.351035] TCP: Hash tables configured (established 16384 bind 16384)
[    0.351788] UDP hash table entries: 1024 (order: 3, 32768 bytes, linear)
[    0.351799] UDP-Lite hash table entries: 1024 (order: 3, 32768 bytes, linear)
[    0.351837] NET: Registered protocol family 1
[    0.351847] NET: Registered protocol family 44
[    0.351872] pci 0000:00:00.0: Limiting direct PCI/PCI transfers
[    0.351885] pci 0000:00:01.0: Activating ISA DMA hang workarounds
[    0.351944] pci 0000:00:02.0: Video device with shadowed ROM at [mem 0x000c0000-0x000dffff]
[    0.352008] PCI: CLS 0 bytes, default 64
[    0.352058] Trying to unpack rootfs image as initramfs...
[    0.531265] Freeing initrd memory: 47868K
[    0.531265] clocksource: tsc: mask: 0xffffffffffffffff max_cycles: 0x1e4530a99b6, max_idle_ns: 440795257976 ns
[    0.531265] clocksource: Switched to clocksource tsc
[    0.531265] platform rtc_cmos: registered platform RTC device (no PNP device found)
[    0.531265] check: Scanning for low memory corruption every 60 seconds
[    0.531265] Initialise system trusted keyrings
[    0.531265] Key type blacklist registered
[    0.531265] workingset: timestamp_bits=36 max_order=19 bucket_order=0
[    0.531265] zbud: loaded
[    0.531265] squashfs: version 4.0 (2009/01/31) Phillip Lougher
[    0.531265] fuse: init (API version 7.31)
[    0.531265] *** VALIDATE fuse ***
[    0.531265] *** VALIDATE fuse ***
[    0.531265] Platform Keyring initialized
[    0.543768] Key type asymmetric registered
[    0.543769] Asymmetric key parser 'x509' registered
[    0.543778] Block layer SCSI generic (bsg) driver version 0.4 loaded (major 244)
[    0.543845] io scheduler mq-deadline registered
[    0.543967] shpchp: Standard Hot Plug PCI Controller Driver version: 0.4
[    0.544173] ACPI: AC Adapter [AC] (on-line)
[    0.544215] input: Power Button as /devices/LNXSYSTM:00/LNXPWRBN:00/input/input0
[    0.544243] ACPI: Power Button [PWRF]
[    0.544309] input: Sleep Button as /devices/LNXSYSTM:00/LNXSLPBN:00/input/input1
[    0.544326] ACPI: Sleep Button [SLPF]
[    0.544606] Serial: 8250/16550 driver, 32 ports, IRQ sharing enabled
[    0.545762] Linux agpgart interface v0.103
[    0.635177] loop: module loaded
[    0.635365] ata_piix 0000:00:01.1: version 2.13
[    0.635900] scsi host0: ata_piix
[    0.636016] scsi host1: ata_piix
[    0.636051] ata1: PATA max UDMA/33 cmd 0x1f0 ctl 0x3f6 bmdma 0xd000 irq 14
[    0.636052] ata2: PATA max UDMA/33 cmd 0x170 ctl 0x376 bmdma 0xd008 irq 15
[    0.636154] tun: Universal TUN/TAP device driver, 1.6
[    0.636562] PPP generic driver version 2.4.2
[    0.636619] VFIO - User Level meta-driver version: 0.3
[    0.636918] ehci_hcd: USB 2.0 'Enhanced' Host Controller (EHCI) Driver
[    0.636926] ehci-pci: EHCI PCI platform driver
[    0.636944] ehci-platform: EHCI generic platform driver
[    0.636952] ohci_hcd: USB 1.1 'Open' Host Controller (OHCI) Driver
[    0.636955] ohci-pci: OHCI PCI platform driver
[    0.636964] ohci-platform: OHCI generic platform driver
[    0.636969] uhci_hcd: USB Universal Host Controller Interface driver
[    0.637051] i8042: PNP: PS/2 Controller [PNP0303:PS2K,PNP0f03:PS2M] at 0x60,0x64 irq 1,12
[    0.637589] serio: i8042 KBD port at 0x60,0x64 irq 1
[    0.637593] serio: i8042 AUX port at 0x60,0x64 irq 12
[    0.637706] mousedev: PS/2 mouse device common for all mice
[    0.638042] input: AT Translated Set 2 keyboard as /devices/platform/i8042/serio0/input/input2
[    0.638542] rtc_cmos rtc_cmos: registered as rtc0
[    0.638559] rtc_cmos rtc_cmos: alarms up to one day, 114 bytes nvram
[    0.638566] i2c /dev entries driver
[    0.638620] device-mapper: uevent: version 1.0.3
[    0.638677] device-mapper: ioctl: 4.41.0-ioctl (2019-09-16) initialised: dm-devel@redhat.com
[    0.638697] platform eisa.0: Probing EISA bus 0
[    0.638699] platform eisa.0: EISA: Cannot allocate resource for mainboard
[    0.638700] platform eisa.0: Cannot allocate resource for EISA slot 1
[    0.638702] platform eisa.0: Cannot allocate resource for EISA slot 2
[    0.638703] platform eisa.0: Cannot allocate resource for EISA slot 3
[    0.638704] platform eisa.0: Cannot allocate resource for EISA slot 4
[    0.638706] platform eisa.0: Cannot allocate resource for EISA slot 5
[    0.638707] platform eisa.0: Cannot allocate resource for EISA slot 6
[    0.638708] platform eisa.0: Cannot allocate resource for EISA slot 7
[    0.638709] platform eisa.0: Cannot allocate resource for EISA slot 8
[    0.638711] platform eisa.0: EISA: Detected 0 cards
[    0.638714] intel_pstate: CPU model not supported
[    0.638725] ledtrig-cpu: registered to indicate activity on CPUs
[    0.638791] drop_monitor: Initializing network drop monitor service
[    0.639000] NET: Registered protocol family 10
[    0.643363] Segment Routing with IPv6
[    0.643363] fullmesh registered
[    0.643363] ndiffports registered
[    0.643363] binder registered
[    0.643363] roundrobin registered
[    0.643363] redundant registered
[    0.643363] blest registered
[    0.643363] ecf registered
[    0.643363] NET: Registered protocol family 17
[    0.643363] Key type dns_resolver registered
[    0.643363] RAS: Correctable Errors collector initialized.
[    0.643363] IPI shorthand broadcast: enabled
[    0.643363] sched_clock: Marking stable (628241038, 11122447)->(640611362, -1247877)
[    0.645944] registered taskstats version 1
[    0.645955] Loading compiled-in X.509 certificates
[    0.646745] Loaded X.509 cert 'Build time autogenerated kernel key: 6909f3744cebb3d0de528d5887b96a727de79b1e'
[    0.646768] zswap: loaded using pool lzo/zbud
[    0.646837] Key type ._fscrypt registered
[    0.646838] Key type .fscrypt registered
[    0.652766] Key type big_key registered
[    0.655887] Key type encrypted registered
[    0.655890] AppArmor: AppArmor sha1 policy hashing enabled
[    0.655901] ima: No TPM chip found, activating TPM-bypass!
[    0.655905] ima: Allocated hash algorithm: sha1
[    0.655912] ima: No architecture policies found
[    0.655924] evm: Initialising EVM extended attributes:
[    0.655925] evm: security.selinux
[    0.655926] evm: security.SMACK64
[    0.655926] evm: security.SMACK64EXEC
[    0.655927] evm: security.SMACK64TRANSMUTE
[    0.655927] evm: security.SMACK64MMAP
[    0.655928] evm: security.apparmor
[    0.655929] evm: security.ima
[    0.655929] evm: security.capability
[    0.655931] evm: HMAC attrs: 0x1
[    0.656307] PM:   Magic number: 10:813:904
[    0.656400] rtc_cmos rtc_cmos: setting system clock to 2026-01-17T21:52:03 UTC (1768686723)
[    0.808616] ata1.00: ATA-6: VBOX HARDDISK, 1.0, max UDMA/133
[    0.808620] ata1.00: 209715200 sectors, multi 128: LBA 
[    0.809331] scsi 0:0:0:0: Direct-Access     ATA      VBOX HARDDISK    1.0  PQ: 0 ANSI: 5
[    0.809648] sd 0:0:0:0: [sda] 209715200 512-byte logical blocks: (107 GB/100 GiB)
[    0.809661] sd 0:0:0:0: [sda] Write Protect is off
[    0.809665] sd 0:0:0:0: [sda] Mode Sense: 00 3a 00 00
[    0.809687] sd 0:0:0:0: [sda] Write cache: enabled, read cache: enabled, doesn't support DPO or FUA
[    0.810028] sd 0:0:0:0: Attached scsi generic sg0 type 0
[    0.811063]  sda: sda1 sda2
[    0.823346] sd 0:0:0:0: [sda] Attached SCSI disk
[    0.826944] Freeing unused decrypted memory: 2040K
[    0.827972] Freeing unused kernel image memory: 2728K
[    0.827975] Write protecting the kernel read-only data: 22528k
[    0.829071] Freeing unused kernel image memory: 2036K
[    0.829664] Freeing unused kernel image memory: 1432K
[    0.858695] x86/mm: Checked W+X mappings: passed, no W+X pages found.
[    0.858700] Run /init as init process
[    0.969221] ACPI: Video Device [GFX0] (multi-head: yes  rom: no  post: no)
[    0.969292] input: Video Bus as /devices/LNXSYSTM:00/LNXSYBUS:00/PNP0A03:00/LNXVIDEO:00/input/input4
[    0.982730] pcnet32: pcnet32.c:v1.35 21.Apr.2008 tsbogend@alpha.franken.de
[    0.984222] piix4_smbus 0000:00:07.0: SMBus Host Controller at 0x4100, revision 0
[    0.986707] e1000: Intel(R) PRO/1000 Network Driver - version 7.3.21-k8-NAPI
[    0.986707] e1000: Copyright (c) 1999-2006 Intel Corporation.
[    1.001496] pcnet32: PCnet/FAST III 79C973 at 0xd020, 08:00:27:21:1d:d3 assigned IRQ 19
[    1.001541] pcnet32: Found PHY 0022:561b at address 0
[    1.001843] pcnet32: eth0: registered as PCnet/FAST III 79C973
[    1.005311] pcnet32: 1 cards_found
[    1.058938] pcnet32 0000:00:03.0 enp0s3: renamed from eth0
[    1.197799] input: ImExPS/2 Generic Explorer Mouse as /devices/platform/i8042/serio1/input/input5
[    1.395576] e1000 0000:00:08.0 eth0: (PCI:33MHz:32-bit) 08:00:27:63:fa:94
[    1.395580] e1000 0000:00:08.0 eth0: Intel(R) PRO/1000 Network Connection
[    1.767542] e1000 0000:00:09.0 eth1: (PCI:33MHz:32-bit) 08:00:27:c0:b9:02
[    1.767545] e1000 0000:00:09.0 eth1: Intel(R) PRO/1000 Network Connection
[    1.768657] e1000 0000:00:09.0 enp0s9: renamed from eth1
[    1.770426] e1000 0000:00:08.0 enp0s8: renamed from eth0
[    1.918611] EXT4-fs (sda2): mounted filesystem with ordered data mode. Opts: (null)
[    2.004424] systemd[1]: Inserted module 'autofs4'
[    2.014378] systemd[1]: systemd 245.4-4ubuntu3 running in system mode. (+PAM +AUDIT +SELINUX +IMA +APPARMOR +SMACK +SYSVINIT +UTMP +LIBCRYPTSETUP +GCRYPT +GNUTLS +ACL +XZ +LZ4 +SECCOMP +BLKID +ELFUTILS +KMOD +IDN2 -IDN +PCRE2 default-hierarchy=hybrid)
[    2.014410] systemd[1]: Detected virtualization oracle.
[    2.014414] systemd[1]: Detected architecture x86-64.
[    2.015750] systemd[1]: Set hostname to <ztg>.
[    2.142070] systemd[1]: /lib/systemd/system/dbus.socket:5: ListenStream= references a path below legacy directory /var/run/, updating /var/run/dbus/system_bus_socket â†’ /run/dbus/system_bus_socket; please update the unit file accordingly.
[    2.194163] systemd[1]: Created slice system-modprobe.slice.
[    2.194344] systemd[1]: Created slice User and Session Slice.
[    2.194391] systemd[1]: Started Forward Password Requests to Wall Directory Watch.
[    2.194560] systemd[1]: Set up automount Arbitrary Executable File Formats File System Automount Point.
[    2.194593] systemd[1]: Reached target User and Group Name Lookups.
[    2.194601] systemd[1]: Reached target Remote File Systems.
[    2.194610] systemd[1]: Reached target Slices.
[    2.195177] systemd[1]: Listening on Syslog Socket.
[    2.195247] systemd[1]: Listening on fsck to fsckd communication Socket.
[    2.195287] systemd[1]: Listening on initctl Compatibility Named Pipe.
[    2.195428] systemd[1]: Listening on Journal Audit Socket.
[    2.195479] systemd[1]: Listening on Journal Socket (/dev/log).
[    2.195550] systemd[1]: Listening on Journal Socket.
[    2.195616] systemd[1]: Listening on udev Control Socket.
[    2.195658] systemd[1]: Listening on udev Kernel Socket.
[    2.196411] systemd[1]: Mounting Huge Pages File System...
[    2.197350] systemd[1]: Mounting POSIX Message Queue File System...
[    2.198248] systemd[1]: Mounting Kernel Debug File System...
[    2.199077] systemd[1]: Mounting Kernel Trace File System...
[    2.201030] systemd[1]: Starting Journal Service...
[    2.225350] systemd[1]: Starting Set the console keyboard layout...
[    2.233328] systemd[1]: Starting Create list of static device nodes for the current kernel...
[    2.235412] systemd[1]: Starting Load Kernel Module drm...
[    2.236519] systemd[1]: Condition check resulted in Set Up Additional Binary Formats being skipped.
[    2.236558] systemd[1]: Condition check resulted in File System Check on Root Device being skipped.
[    2.248608] systemd[1]: Starting Load Kernel Modules...
[    2.249390] systemd[1]: Starting Remount Root and Kernel File Systems...
[    2.250158] systemd[1]: Starting udev Coldplug all Devices...
[    2.250913] systemd[1]: Starting Uncomplicated firewall...
[    2.294526] systemd[1]: Mounted Huge Pages File System.
[    2.294618] systemd[1]: Mounted POSIX Message Queue File System.
[    2.294693] systemd[1]: Mounted Kernel Debug File System.
[    2.294761] systemd[1]: Mounted Kernel Trace File System.
[    2.298490] EXT4-fs (sda2): re-mounted. Opts: errors=remount-ro
[    2.298888] systemd[1]: Finished Create list of static device nodes for the current kernel.
[    2.302733] systemd[1]: modprobe@drm.service: Succeeded.
[    2.329891] systemd[1]: Finished Load Kernel Module drm.
[    2.330333] systemd[1]: Finished Remount Root and Kernel File Systems.
[    2.332665] systemd[1]: Finished Uncomplicated firewall.
[    2.348303] systemd[1]: Condition check resulted in Rebuild Hardware Database being skipped.
[    2.348379] systemd[1]: Condition check resulted in Platform Persistent Storage Archival being skipped.
[    2.349381] systemd[1]: Starting Load/Save Random Seed...
[    2.356711] systemd[1]: Starting Create System Users...
[    2.362192] lp: driver loaded but no devices found
[    2.368270] systemd[1]: Finished Load/Save Random Seed.
[    2.370953] ppdev: user-space parallel port driver
[    2.377286] systemd[1]: Finished Create System Users.
[    2.378103] systemd[1]: Starting Create Static Device Nodes in /dev...
[    2.417260] systemd[1]: Finished Create Static Device Nodes in /dev.
[    2.418168] systemd[1]: Starting udev Kernel Device Manager...
[    2.427437] systemd[1]: Finished udev Coldplug all Devices.
[    2.453650] [drm] DMA map mode: Caching DMA mappings.
[    2.453714] [drm] Capabilities:
[    2.453715] [drm]   Rect copy.
[    2.453715] [drm]   Cursor.
[    2.453715] [drm]   Cursor bypass.
[    2.453716] [drm]   Cursor bypass 2.
[    2.453716] [drm]   Alpha cursor.
[    2.453716] [drm]   Extended Fifo.
[    2.453717] [drm]   Pitchlock.
[    2.453717] [drm]   Irq mask.
[    2.453717] [drm]   GMR.
[    2.453718] [drm]   Traces.
[    2.453718] [drm]   GMR2.
[    2.453718] [drm]   Screen Object 2.
[    2.453719] [drm]   Command Buffers.
[    2.453719] [drm]   Command Buffers 2.
[    2.453720] [drm]   Guest Backed Resources.
[    2.453721] [drm] Max GMR ids is 8192
[    2.453721] [drm] Max number of GMR pages is 1048576
[    2.453722] [drm] Max dedicated hypervisor surface memory is 393216 kiB
[    2.453722] [drm] Maximum display memory size is 131072 kiB
[    2.453723] [drm] VRAM at 0xe0000000 size is 131072 kiB
[    2.453724] [drm] MMIO at 0xf0000000 size is 2048 kiB
[    2.454799] [TTM] Zone  kernel: Available graphics memory: 1011738 KiB
[    2.454800] [TTM] Initializing pool allocator
[    2.454804] [TTM] Initializing DMA pool allocator
[    2.454836] [drm] Supports vblank timestamp caching Rev 2 (21.10.2013).
[    2.454836] [drm] No driver support for vblank timestamp query.
[    2.455099] [drm] Screen Target Display device initialized
[    2.455348] [drm] width 720
[    2.455356] [drm] height 400
[    2.455360] [drm] bpp 32
[    2.455925] [drm] Fifo max 0x00200000 min 0x00001000 cap 0x00000355
[    2.457002] [drm] Using command buffers with DMA pool.
[    2.457008] [drm] DX: no.
[    2.457008] [drm] Atomic: yes.
[    2.457009] [drm] SM4_1: no.
[    2.457030] [drm:vmw_host_log [vmwgfx]] *ERROR* Failed to send host log message.
[    2.457947] [drm:vmw_host_log [vmwgfx]] *ERROR* Failed to send host log message.
[    2.487880] fbcon: svgadrmfb (fb0) is primary device
[    2.490092] Console: switching to colour frame buffer device 100x37
[    2.495337] [drm] Initialized vmwgfx 2.15.0 20180704 for 0000:00:02.0 on minor 0
[    2.496358] systemd[1]: Finished Load Kernel Modules.
[    2.497308] systemd[1]: Mounting FUSE Control File System...
[    2.498650] systemd[1]: Mounting Kernel Configuration File System...
[    2.512246] systemd[1]: Starting Apply Kernel Variables...
[    2.518429] systemd[1]: Finished Set the console keyboard layout.
[    2.519132] systemd[1]: Mounted FUSE Control File System.
[    2.524696] systemd[1]: Mounted Kernel Configuration File System.
[    2.524812] systemd[1]: Reached target Local File Systems (Pre).
[    2.524833] systemd[1]: Condition check resulted in VMware vmblock fuse mount being skipped.
[    2.529564] systemd[1]: Mounting Mount unit for bare, revision 5...
[    2.535485] systemd[1]: Mounting Mount unit for core18, revision 1705...
[    2.555644] systemd[1]: Mounting Mount unit for gnome-3-34-1804, revision 24...
[    2.566215] systemd[1]: Mounting Mount unit for gtk-common-themes, revision 1506...
[    2.572621] systemd[1]: Mounting Mount unit for gtk-common-themes, revision 1535...
[    2.580917] systemd[1]: Mounting Mount unit for snap-store, revision 433...
[    2.592139] systemd[1]: Mounting Mount unit for snapd, revision 7264...
[    2.620400] systemd[1]: Finished Apply Kernel Variables.
[    2.626311] systemd[1]: Mounted Mount unit for bare, revision 5.
[    2.626410] systemd[1]: Mounted Mount unit for core18, revision 1705.
[    2.626487] systemd[1]: Mounted Mount unit for gnome-3-34-1804, revision 24.
[    2.633501] systemd[1]: Mounted Mount unit for gtk-common-themes, revision 1506.
[    2.644066] systemd[1]: Started udev Kernel Device Manager.
[    2.645812] systemd[1]: Starting Show Plymouth Boot Screen...
[    2.650911] systemd[1]: Received SIGRTMIN+20 from PID 280 (plymouthd).
[    2.652284] systemd[1]: Mounted Mount unit for snap-store, revision 433.
[    2.674126] systemd[1]: Started Show Plymouth Boot Screen.
[    2.674307] systemd[1]: Condition check resulted in Dispatch Password Requests to Console Directory Watch being skipped.
[    2.674399] systemd[1]: Started Forward Password Requests to Plymouth Directory Watch.
[    2.674550] systemd[1]: Reached target Local Encrypted Volumes.
[    2.707829] systemd[1]: Mounted Mount unit for gtk-common-themes, revision 1535.
[    2.708092] systemd[1]: Mounted Mount unit for snapd, revision 7264.
[    2.722500] systemd[1]: Reached target Local File Systems.
[    2.723419] systemd[1]: Starting Load AppArmor profiles...
[    2.724313] systemd[1]: Starting Set console font and keymap...
[    2.737289] systemd[1]: Starting Tell Plymouth To Write Out Runtime Data...
[    2.737414] systemd[1]: Condition check resulted in Store a System Token in an EFI Variable being skipped.
[    2.737463] systemd[1]: Condition check resulted in Commit a transient machine-id on disk being skipped.
[    2.739874] systemd[1]: Finished Set console font and keymap.
[    2.760225] systemd[1]: Received SIGRTMIN+20 from PID 280 (plymouthd).
[    2.761855] systemd[1]: plymouth-read-write.service: Succeeded.
[    2.762111] systemd[1]: Finished Tell Plymouth To Write Out Runtime Data.
[    2.775106] audit: type=1400 audit(1768686725.612:2): apparmor="STATUS" operation="profile_load" profile="unconfined" name="nvidia_modprobe" pid=299 comm="apparmor_parser"
[    2.775108] audit: type=1400 audit(1768686725.612:3): apparmor="STATUS" operation="profile_load" profile="unconfined" name="nvidia_modprobe//kmod" pid=299 comm="apparmor_parser"
[    2.782016] audit: type=1400 audit(1768686725.620:4): apparmor="STATUS" operation="profile_load" profile="unconfined" name="/usr/sbin/tcpdump" pid=300 comm="apparmor_parser"
[    2.828881] audit: type=1400 audit(1768686725.660:5): apparmor="STATUS" operation="profile_load" profile="unconfined" name="/usr/bin/evince" pid=302 comm="apparmor_parser"
[    2.828883] audit: type=1400 audit(1768686725.660:6): apparmor="STATUS" operation="profile_load" profile="unconfined" name="/usr/bin/evince//sanitized_helper" pid=302 comm="apparmor_parser"
[    2.828885] audit: type=1400 audit(1768686725.660:7): apparmor="STATUS" operation="profile_load" profile="unconfined" name="/usr/bin/evince-previewer" pid=302 comm="apparmor_parser"
[    2.828886] audit: type=1400 audit(1768686725.660:8): apparmor="STATUS" operation="profile_load" profile="unconfined" name="/usr/bin/evince-previewer//sanitized_helper" pid=302 comm="apparmor_parser"
[    2.828888] audit: type=1400 audit(1768686725.660:9): apparmor="STATUS" operation="profile_load" profile="unconfined" name="/usr/bin/evince-thumbnailer" pid=302 comm="apparmor_parser"
[    2.841047] audit: type=1400 audit(1768686725.680:10): apparmor="STATUS" operation="profile_load" profile="unconfined" name="/usr/lib/cups/backend/cups-pdf" pid=303 comm="apparmor_parser"
[    2.908748] systemd[1]: Finished Load AppArmor profiles.
[    2.909667] systemd[1]: Starting Load AppArmor profiles managed internally by snapd...
[    2.984657] systemd[1]: Finished Load AppArmor profiles managed internally by snapd.
[    3.167486] systemd[1]: Started Journal Service.
[    3.173692] systemd-journald[229]: Received client request to flush runtime journal.
[    3.177724] systemd-journald[229]: File /var/log/journal/c455b248004a419c87ce85eea238d727/system.journal corrupted or uncleanly shut down, renaming and replacing.
[    4.511103] RAPL PMU: API unit is 2^-32 Joules, 0 fixed counters, 10737418240 ms ovfl timer
[    4.519890] cryptd: max_cpu_qlen set to 1000
[    4.526298] AVX2 version of gcm_enc/dec engaged.
[    4.526299] AES CTR mode by8 optimization enabled
[    5.400226] Adding 1998844k swap on /dev/sda1.  Priority:-2 extents:1 across:1998844k FS
[    7.037881] kauditd_printk_skb: 30 callbacks suppressed
[    7.037882] audit: type=1400 audit(1768686729.876:41): apparmor="DENIED" operation="capable" profile="/usr/sbin/cups-browsed" pid=496 comm="cups-browsed" capability=23  capname="sys_nice"
[    7.606732] pcnet32 0000:00:03.0 enp0s3: link up, 100Mbps, full-duplex
[    7.641281] e1000: enp0s8 NIC Link is Up 1000 Mbps Full Duplex, Flow Control: RX
[    7.641553] IPv6: ADDRCONF(NETDEV_CHANGE): enp0s8: link becomes ready
[    7.653709] e1000: enp0s9 NIC Link is Up 1000 Mbps Full Duplex, Flow Control: RX
[    7.653998] IPv6: ADDRCONF(NETDEV_CHANGE): enp0s9: link becomes ready
[    8.203035] device enp0s3 entered promiscuous mode
[    8.224106] audit: type=1400 audit(1768686731.064:42): apparmor="DENIED" operation="open" profile="/usr/sbin/tcpdump" name="/proc/sys/kernel/random/boot_id" pid=708 comm="tcpdump" requested_mask="r" denied_mask="r" fsuid=0 ouid=0
[    8.224352] audit: type=1400 audit(1768686731.064:43): apparmor="DENIED" operation="open" profile="/usr/sbin/tcpdump" name="/proc/sys/kernel/random/boot_id" pid=708 comm="tcpdump" requested_mask="r" denied_mask="r" fsuid=0 ouid=0
[    8.224406] audit: type=1400 audit(1768686731.064:44): apparmor="DENIED" operation="open" profile="/usr/sbin/tcpdump" name="/proc/sys/kernel/random/boot_id" pid=708 comm="tcpdump" requested_mask="r" denied_mask="r" fsuid=0 ouid=0
[    8.224477] audit: type=1400 audit(1768686731.064:45): apparmor="DENIED" operation="open" profile="/usr/sbin/tcpdump" name="/proc/sys/kernel/random/boot_id" pid=708 comm="tcpdump" requested_mask="r" denied_mask="r" fsuid=0 ouid=0
[    8.229081] audit: type=1400 audit(1768686731.068:46): apparmor="DENIED" operation="open" profile="/usr/sbin/tcpdump" name="/proc/sys/kernel/random/boot_id" pid=709 comm="tcpdump" requested_mask="r" denied_mask="r" fsuid=0 ouid=0
[    8.230446] audit: type=1400 audit(1768686731.068:47): apparmor="DENIED" operation="open" profile="/usr/sbin/tcpdump" name="/proc/sys/kernel/random/boot_id" pid=709 comm="tcpdump" requested_mask="r" denied_mask="r" fsuid=0 ouid=0
[    8.230646] audit: type=1400 audit(1768686731.068:48): apparmor="DENIED" operation="open" profile="/usr/sbin/tcpdump" name="/proc/sys/kernel/random/boot_id" pid=709 comm="tcpdump" requested_mask="r" denied_mask="r" fsuid=0 ouid=0
[    8.230665] audit: type=1400 audit(1768686731.068:49): apparmor="DENIED" operation="open" profile="/usr/sbin/tcpdump" name="/proc/sys/kernel/random/boot_id" pid=709 comm="tcpdump" requested_mask="r" denied_mask="r" fsuid=0 ouid=0
[   12.634666] rfkill: input handler disabled
[  175.900873] AAAAA-TCP_FORW: name:enp0s3: saddr:100932208: daddr:16783984
[  179.919800] AAAAA-TCP_FORW: name:enp0s3: saddr:100932208: daddr:16783984
[  180.079684] AAAAA-TCP_FORW: name:enp0s3: saddr:100932208: daddr:16783984
[  180.124249] AAAAA-TCP_FORW: name:enp0s3: saddr:100932208: daddr:16783984
[  180.399871] AAAAA-TCP_FORW: name:enp0s3: saddr:100932208: daddr:33561200
[  180.440480] AAAAA-TCP_FORW: name:enp0s3: saddr:100932208: daddr:16783984
[  180.509130] AAAAA-TCP_FORW: name:enp0s3: saddr:100932208: daddr:16783984
[  180.618067] AAAAA-TCP_FORW: name:enp0s3: saddr:100932208: daddr:33561200
[  180.783726] AAAAA-TCP_FORW: name:enp0s3: saddr:100932208: daddr:16783984
[  181.009013] AAAAA-TCP_FORW: name:enp0s3: saddr:100932208: daddr:16783984
[  181.103973] AAAAA-TCP_FORW: name:enp0s3: saddr:100932208: daddr:16783984
[  181.254392] AAAAA-TCP_FORW: name:enp0s3: saddr:100932208: daddr:16783984
[  181.325887] AAAAA-TCP_FORW: name:enp0s3: saddr:100932208: daddr:16783984
[  181.496576] AAAAA-TCP_FORW: name:enp0s3: saddr:100932208: daddr:33561200
[  181.564831] AAAAA-TCP_FORW: name:enp0s3: saddr:100932208: daddr:16783984
[  181.816272] AAAAA-TCP_FORW: name:enp0s3: saddr:100932208: daddr:33561200
[  181.875458] AAAAA-TCP_FORW: name:enp0s3: saddr:100932208: daddr:16783984
[  181.942694] AAAAA-TCP_FORW: name:enp0s3: saddr:100932208: daddr:16783984
[  182.010029] AAAAA-TCP_FORW: name:enp0s3: saddr:100932208: daddr:16783984
[  182.051852] AAAAA-TCP_FORW: name:enp0s3: saddr:100932208: daddr:16783984
[  182.131659] AAAAA-TCP_FORW: name:enp0s3: saddr:100932208: daddr:16783984
[  182.207768] AAAAA-TCP_FORW: name:enp0s3: saddr:100932208: daddr:16783984
[  182.286352] AAAAA-TCP_FORW: name:enp0s3: saddr:100932208: daddr:16783984
[  182.470077] AAAAA-TCP_FORW: name:enp0s3: saddr:100932208: daddr:16783984
[  182.479839] AAAAA-TCP_FORW: name:enp0s3: saddr:100932208: daddr:16783984
[  182.567579] AAAAA-TCP_FORW: name:enp0s3: saddr:100932208: daddr:16783984
[  182.688518] AAAAA-TCP_FORW: name:enp0s3: saddr:100932208: daddr:16783984
[  182.733551] AAAAA-TCP_FORW: name:enp0s3: saddr:100932208: daddr:33561200
[  182.793866] AAAAA-TCP_FORW: name:enp0s3: saddr:100932208: daddr:33561200
[  182.908448] AAAAA-TCP_FORW: name:enp0s3: saddr:100932208: daddr:33561200
[  182.978927] AAAAA-TCP_FORW: name:enp0s3: saddr:100932208: daddr:33561200
[  183.013776] AAAAA-TCP_FORW: name:enp0s3: saddr:100932208: daddr:33561200
[  183.074403] AAAAA-TCP_FORW: name:enp0s3: saddr:100932208: daddr:33561200
[  183.142261] AAAAA-TCP_FORW: name:enp0s3: saddr:100932208: daddr:33561200
[  183.243653] AAAAA-TCP_FORW: name:enp0s3: saddr:100932208: daddr:33561200
[  183.320174] AAAAA-TCP_FORW: name:enp0s3: saddr:100932208: daddr:33561200
[  183.402246] AAAAA-TCP_FORW: name:enp0s3: saddr:100932208: daddr:33561200
[  183.459847] AAAAA-TCP_FORW: name:enp0s3: saddr:100932208: daddr:16783984
[  183.503476] AAAAA-TCP_FORW: name:enp0s3: saddr:100932208: daddr:16783984
[  183.574230] AAAAA-TCP_FORW: name:enp0s3: saddr:100932208: daddr:16783984
[  183.686519] AAAAA-TCP_FORW: name:enp0s3: saddr:100932208: daddr:16783984
[  183.782791] AAAAA-TCP_FORW: name:enp0s3: saddr:100932208: daddr:16783984
[  183.842327] AAAAA-TCP_FORW: name:enp0s3: saddr:100932208: daddr:16783984
[  183.930441] AAAAA-TCP_FORW: name:enp0s3: saddr:100932208: daddr:16783984
[  184.030219] AAAAA-TCP_FORW: name:enp0s3: saddr:100932208: daddr:16783984
[  184.076270] AAAAA-TCP_FORW: name:enp0s3: saddr:100932208: daddr:16783984
[  184.181785] AAAAA-TCP_FORW: name:enp0s3: saddr:100932208: daddr:33561200
[  184.326011] AAAAA-TCP_FORW: name:enp0s3: saddr:100932208: daddr:16783984
[  184.390277] AAAAA-TCP_FORW: name:enp0s3: saddr:100932208: daddr:16783984
[  184.549050] AAAAA-TCP_FORW: name:enp0s3: saddr:100932208: daddr:16783984
[  184.622460] AAAAA-TCP_FORW: name:enp0s3: saddr:100932208: daddr:16783984
[  184.740212] AAAAA-TCP_FORW: name:enp0s3: saddr:100932208: daddr:16783984
[  184.865096] AAAAA-TCP_FORW: name:enp0s3: saddr:100932208: daddr:16783984
[  185.025004] AAAAA-TCP_FORW: name:enp0s3: saddr:100932208: daddr:16783984
[  185.097582] AAAAA-TCP_FORW: name:enp0s3: saddr:100932208: daddr:16783984
[  185.164886] AAAAA-TCP_FORW: name:enp0s3: saddr:100932208: daddr:16783984
[  185.211578] AAAAA-TCP_FORW: name:enp0s3: saddr:100932208: daddr:16783984
[  185.338143] AAAAA-TCP_FORW: name:enp0s3: saddr:100932208: daddr:16783984
[  185.451970] AAAAA-TCP_FORW: name:enp0s3: saddr:100932208: daddr:16783984
[  185.506435] AAAAA-TCP_FORW: name:enp0s3: saddr:100932208: daddr:33561200
[  185.590505] AAAAA-TCP_FORW: name:enp0s3: saddr:100932208: daddr:33561200
[  185.689494] AAAAA-TCP_FORW: name:enp0s3: saddr:100932208: daddr:33561200
[  185.778878] AAAAA-TCP_FORW: name:enp0s3: saddr:100932208: daddr:33561200
[  185.814650] AAAAA-TCP_FORW: name:enp0s3: saddr:100932208: daddr:33561200
[  185.904977] AAAAA-TCP_FORW: name:enp0s3: saddr:100932208: daddr:33561200
[  186.013060] AAAAA-TCP_FORW: name:enp0s3: saddr:100932208: daddr:33561200
[  186.082682] AAAAA-TCP_FORW: name:enp0s3: saddr:100932208: daddr:33561200
[  186.117294] AAAAA-TCP_FORW: name:enp0s3: saddr:100932208: daddr:33561200
[  186.192665] AAAAA-TCP_FORW: name:enp0s3: saddr:100932208: daddr:33561200
[  186.254038] AAAAA-TCP_FORW: name:enp0s3: saddr:100932208: daddr:33561200
[  186.338199] AAAAA-TCP_FORW: name:enp0s3: saddr:100932208: daddr:33561200
[  186.410394] AAAAA-TCP_FORW: name:enp0s3: saddr:100932208: daddr:33561200
[  186.469983] AAAAA-TCP_FORW: name:enp0s3: saddr:100932208: daddr:33561200
[  186.527399] AAAAA-TCP_FORW: name:enp0s3: saddr:100932208: daddr:33561200
[  186.611825] AAAAA-TCP_FORW: name:enp0s3: saddr:100932208: daddr:33561200
[  186.644364] AAAAA-TCP_FORW: name:enp0s3: saddr:100932208: daddr:33561200
[  186.761050] AAAAA-TCP_FORW: name:enp0s3: saddr:100932208: daddr:33561200
[  186.851435] AAAAA-TCP_FORW: name:enp0s3: saddr:100932208: daddr:33561200
[  186.993307] AAAAA-TCP_FORW: name:enp0s3: saddr:100932208: daddr:33561200
[  187.111963] AAAAA-TCP_FORW: name:enp0s3: saddr:100932208: daddr:16783984
[  187.196882] AAAAA-TCP_FORW: name:enp0s3: saddr:100932208: daddr:16783984
[  187.254346] AAAAA-TCP_FORW: name:enp0s3: saddr:100932208: daddr:16783984
[  187.331889] AAAAA-TCP_FORW: name:enp0s3: saddr:100932208: daddr:16783984
[  187.365563] AAAAA-TCP_FORW: name:enp0s3: saddr:100932208: daddr:16783984
[  187.438286] AAAAA-TCP_FORW: name:enp0s3: saddr:100932208: daddr:16783984
[  205.106506] AAAAA-TCP_FORW: name:enp0s3: saddr:16783984: daddr:100932208
[  205.430118] AAAAA-TCP_FORW: name:enp0s3: saddr:16783984: daddr:100932208
[  205.584580] AAAAA-TCP_FORW: name:enp0s3: saddr:16783984: daddr:100932208
[  205.637241] AAAAA-TCP_FORW: name:enp0s3: saddr:16783984: daddr:100932208
[  205.800050] AAAAA-TCP_FORW: name:enp0s3: saddr:16783984: daddr:100932208
[  206.033742] AAAAA-TCP_FORW: name:enp0s3: saddr:16783984: daddr:100932208
[  206.138810] AAAAA-TCP_FORW: name:enp0s3: saddr:16783984: daddr:100932208
[  206.210691] AAAAA-TCP_FORW: name:enp0s3: saddr:16783984: daddr:100932208
[  206.706081] AAAAA-TCP_FORW: name:enp0s3: saddr:16783984: daddr:100932208
[  206.820526] AAAAA-TCP_FORW: name:enp0s3: saddr:16783984: daddr:100932208
[  207.002288] AAAAA-TCP_FORW: name:enp0s3: saddr:16783984: daddr:100932208
[  207.156440] AAAAA-TCP_FORW: name:enp0s3: saddr:16783984: daddr:100932208
[  207.219149] AAAAA-TCP_FORW: name:enp0s3: saddr:16783984: daddr:100932208
[  207.258096] AAAAA-TCP_FORW: name:enp0s3: saddr:16783984: daddr:100932208
[  207.414223] AAAAA-TCP_FORW: name:enp0s3: saddr:16783984: daddr:100932208
[  207.614791] AAAAA-TCP_FORW: name:enp0s3: saddr:16783984: daddr:100932208
[  207.626691] AAAAA-TCP_FORW: name:enp0s3: saddr:16783984: daddr:100932208
[  207.742305] AAAAA-TCP_FORW: name:enp0s3: saddr:16783984: daddr:100932208
[  207.991084] AAAAA-TCP_FORW: name:enp0s3: saddr:33561200: daddr:100932208
[  208.097824] AAAAA-TCP_FORW: name:enp0s3: saddr:33561200: daddr:100932208
[  208.278345] AAAAA-TCP_FORW: name:enp0s3: saddr:33561200: daddr:100932208
[  208.430346] AAAAA-TCP_FORW: name:enp0s3: saddr:33561200: daddr:100932208
[  208.732758] AAAAA-TCP_FORW: name:enp0s3: saddr:33561200: daddr:100932208
[  208.905584] AAAAA-TCP_FORW: name:enp0s3: saddr:16783984: daddr:100932208
[  209.003549] AAAAA-TCP_FORW: name:enp0s3: saddr:16783984: daddr:100932208
[  209.230209] AAAAA-TCP_FORW: name:enp0s3: saddr:33561200: daddr:100932208
[  209.459211] AAAAA-TCP_FORW: name:enp0s3: saddr:16783984: daddr:100932208
[  209.584660] AAAAA-TCP_FORW: name:enp0s3: saddr:33561200: daddr:100932208
[  209.721353] AAAAA-TCP_FORW: name:enp0s3: saddr:16783984: daddr:100932208
[  210.140092] AAAAA-TCP_FORW: name:enp0s3: saddr:16783984: daddr:100932208
[  210.325991] AAAAA-TCP_FORW: name:enp0s3: saddr:100932208: daddr:16783984
[  210.499789] AAAAA-TCP_FORW: name:enp0s3: saddr:16783984: daddr:100932208
[  210.521193] AAAAA-TCP_FORW: name:enp0s3: saddr:100932208: daddr:16783984
[  210.821950] AAAAA-TCP_FORW: name:enp0s3: saddr:100932208: daddr:16783984
[  211.128136] AAAAA-TCP_FORW: name:enp0s3: saddr:100932208: daddr:16783984
[  211.414555] AAAAA-TCP_FORW: name:enp0s3: saddr:100932208: daddr:16783984
[  211.671057] AAAAA-TCP_FORW: name:enp0s3: saddr:100932208: daddr:16783984
[  211.903544] AAAAA-TCP_FORW: name:enp0s3: saddr:100932208: daddr:16783984
[  212.048529] AAAAA-TCP_FORW: name:enp0s3: saddr:100932208: daddr:16783984
[  212.384137] AAAAA-TCP_FORW: name:enp0s3: saddr:100932208: daddr:16783984
[  212.565740] AAAAA-TCP_FORW: name:enp0s3: saddr:100932208: daddr:16783984
[  216.735533] AAAAA-TCP_FORW: name:enp0s3: saddr:100932208: daddr:16783984
[  216.971957] AAAAA-TCP_FORW: name:enp0s3: saddr:100932208: daddr:16783984
[  217.135400] AAAAA-TCP_FORW: name:enp0s3: saddr:100932208: daddr:16783984
[  217.137828] AAAAA-TCP_FORW: name:enp0s3: saddr:100932208: daddr:16783984
[  217.325917] AAAAA-TCP_FORW: name:enp0s3: saddr:100932208: daddr:16783984
[  217.439287] AAAAA-TCP_FORW: name:enp0s3: saddr:100932208: daddr:16783984
[  217.685883] AAAAA-TCP_FORW: name:enp0s3: saddr:100932208: daddr:16783984
[  217.724144] AAAAA-TCP_FORW: name:enp0s3: saddr:100932208: daddr:16783984
[  217.810413] AAAAA-TCP_FORW: name:enp0s3: saddr:100932208: daddr:16783984
[  218.301614] AAAAA-TCP_FORW: name:enp0s3: saddr:100932208: daddr:16783984
[  218.381648] AAAAA-TCP_FORW: name:enp0s3: saddr:100932208: daddr:16783984
[  218.439832] AAAAA-TCP_FORW: name:enp0s3: saddr:100932208: daddr:16783984
[  218.698646] AAAAA-TCP_FORW: name:enp0s3: saddr:100932208: daddr:16783984
[  218.768249] AAAAA-TCP_FORW: name:enp0s3: saddr:100932208: daddr:16783984
[  218.977372] AAAAA-TCP_FORW: name:enp0s3: saddr:100932208: daddr:16783984
[  219.069125] AAAAA-TCP_FORW: name:enp0s3: saddr:100932208: daddr:16783984
[  219.287784] AAAAA-TCP_FORW: name:enp0s3: saddr:100932208: daddr:16783984
[  219.342687] AAAAA-TCP_FORW: name:enp0s3: saddr:100932208: daddr:16783984
[  219.486867] AAAAA-TCP_FORW: name:enp0s3: saddr:100932208: daddr:16783984
[  219.849158] AAAAA-TCP_FORW: name:enp0s3: saddr:100932208: daddr:16783984
[  220.005407] AAAAA-TCP_FORW: name:enp0s3: saddr:100932208: daddr:16783984
[  220.206207] AAAAA-TCP_FORW: name:enp0s3: saddr:100932208: daddr:33561200
[  222.303150] AAAAA-TCP_FORW: name:enp0s3: saddr:16783984: daddr:100932208
[  222.434288] AAAAA-TCP_FORW: name:enp0s3: saddr:16783984: daddr:100932208
[  222.976384] AAAAA-TCP_FORW: name:enp0s3: saddr:16783984: daddr:100932208
[  223.265980] AAAAA-TCP_FORW: name:enp0s3: saddr:16783984: daddr:100932208
[  223.458174] AAAAA-TCP_FORW: name:enp0s3: saddr:100932208: daddr:16783984
[  223.512930] AAAAA-TCP_FORW: name:enp0s3: saddr:16783984: daddr:100932208
[  223.664559] AAAAA-TCP_FORW: name:enp0s3: saddr:16783984: daddr:100932208
[  223.953027] AAAAA-TCP_FORW: name:enp0s3: saddr:16783984: daddr:100932208
[  223.975480] AAAAA-TCP_FORW: name:enp0s3: saddr:100932208: daddr:16783984
[  224.209593] AAAAA-TCP_FORW: name:enp0s3: saddr:100932208: daddr:33561200
[  224.841886] AAAAA-TCP_FORW: name:enp0s3: saddr:100932208: daddr:16783984
[  224.958163] AAAAA-TCP_FORW: name:enp0s3: saddr:100932208: daddr:16783984
[  224.997295] AAAAA-TCP_FORW: name:enp0s3: saddr:100932208: daddr:16783984
[  225.124546] AAAAA-TCP_FORW: name:enp0s3: saddr:100932208: daddr:16783984
[  225.261307] AAAAA-TCP_FORW: name:enp0s3: saddr:100932208: daddr:16783984
[  225.266118] AAAAA-TCP_FORW: name:enp0s3: saddr:100932208: daddr:16783984
[  225.329209] AAAAA-TCP_FORW: name:enp0s3: saddr:100932208: daddr:16783984
[  225.416106] AAAAA-TCP_FORW: name:enp0s3: saddr:100932208: daddr:16783984
[  225.595955] AAAAA-TCP_FORW: name:enp0s3: saddr:100932208: daddr:33561200
[  225.709672] AAAAA-TCP_FORW: name:enp0s3: saddr:100932208: daddr:33561200
[  225.914984] AAAAA-TCP_FORW: name:enp0s3: saddr:100932208: daddr:33561200
[  226.068332] AAAAA-TCP_FORW: name:enp0s3: saddr:100932208: daddr:33561200
[  226.141094] AAAAA-TCP_FORW: name:enp0s3: saddr:100932208: daddr:33561200
[  226.239893] AAAAA-TCP_FORW: name:enp0s3: saddr:100932208: daddr:33561200
[  226.367303] AAAAA-TCP_FORW: name:enp0s3: saddr:100932208: daddr:33561200
[  226.460576] AAAAA-TCP_FORW: name:enp0s3: saddr:100932208: daddr:33561200
[  226.554428] AAAAA-TCP_FORW: name:enp0s3: saddr:100932208: daddr:33561200
[  226.715414] AAAAA-TCP_FORW: name:enp0s3: saddr:100932208: daddr:33561200
[  226.821111] AAAAA-TCP_FORW: name:enp0s3: saddr:100932208: daddr:33561200
[  226.936340] AAAAA-TCP_FORW: name:enp0s3: saddr:100932208: daddr:33561200
[  227.045333] AAAAA-TCP_FORW: name:enp0s3: saddr:100932208: daddr:33561200
[  227.155961] AAAAA-TCP_FORW: name:enp0s3: saddr:100932208: daddr:33561200
[  227.162975] AAAAA-TCP_FORW: name:enp0s3: saddr:16783984: daddr:100932208
[  227.245695] AAAAA-TCP_FORW: name:enp0s3: saddr:100932208: daddr:33561200
[  227.363684] AAAAA-TCP_FORW: name:enp0s3: saddr:100932208: daddr:33561200
[  227.485103] AAAAA-TCP_FORW: name:enp0s3: saddr:100932208: daddr:33561200
[  227.577560] AAAAA-TCP_FORW: name:enp0s3: saddr:100932208: daddr:33561200
[  227.687066] AAAAA-TCP_FORW: name:enp0s3: saddr:100932208: daddr:33561200
[  227.760114] AAAAA-TCP_FORW: name:enp0s3: saddr:100932208: daddr:33561200
[  227.812894] AAAAA-TCP_FORW: name:enp0s3: saddr:100932208: daddr:33561200
[  227.958207] AAAAA-TCP_FORW: name:enp0s3: saddr:100932208: daddr:33561200
[  228.011942] AAAAA-TCP_FORW: name:enp0s3: saddr:100932208: daddr:16783984
[  228.264306] AAAAA-TCP_FORW: name:enp0s3: saddr:100932208: daddr:16783984
[  228.268841] AAAAA-TCP_FORW: name:enp0s3: saddr:100932208: daddr:16783984
[  228.433472] AAAAA-TCP_FORW: name:enp0s3: saddr:100932208: daddr:16783984
[  228.500313] AAAAA-TCP_FORW: name:enp0s3: saddr:100932208: daddr:16783984
[  228.546378] AAAAA-TCP_FORW: name:enp0s3: saddr:100932208: daddr:16783984
[  228.771080] AAAAA-TCP_FORW: name:enp0s3: saddr:100932208: daddr:16783984
[  228.819517] AAAAA-TCP_FORW: name:enp0s3: saddr:100932208: daddr:16783984
[  228.951538] AAAAA-TCP_FORW: name:enp0s3: saddr:100932208: daddr:16783984
[  229.033013] AAAAA-TCP_FORW: name:enp0s3: saddr:100932208: daddr:16783984
[  229.071651] AAAAA-TCP_FORW: name:enp0s3: saddr:100932208: daddr:16783984
[  229.233522] AAAAA-TCP_FORW: name:enp0s3: saddr:100932208: daddr:16783984
[  229.343937] AAAAA-TCP_FORW: name:enp0s3: saddr:100932208: daddr:16783984
[  229.513068] AAAAA-TCP_FORW: name:enp0s3: saddr:100932208: daddr:33561200
[  229.542272] AAAAA-TCP_FORW: name:enp0s3: saddr:100932208: daddr:33561200
[  229.662511] AAAAA-TCP_FORW: name:enp0s3: saddr:100932208: daddr:33561200
[  231.256014] AAAAA-TCP_FORW: name:enp0s3: saddr:100932208: daddr:16783984
[  231.393213] AAAAA-TCP_FORW: name:enp0s3: saddr:100932208: daddr:16783984
[  231.508787] AAAAA-TCP_FORW: name:enp0s3: saddr:100932208: daddr:16783984
[  231.669038] AAAAA-TCP_FORW: name:enp0s3: saddr:100932208: daddr:16783984
[  231.835201] AAAAA-TCP_FORW: name:enp0s3: saddr:100932208: daddr:16783984
[  231.985287] AAAAA-TCP_FORW: name:enp0s3: saddr:100932208: daddr:16783984
[  233.459846] AAAAA-TCP_FORW: name:enp0s3: saddr:100932208: daddr:33561200
[  234.045720] AAAAA-TCP_FORW: name:enp0s3: saddr:100932208: daddr:33561200
[  235.005426] AAAAA-TCP_FORW: name:enp0s3: saddr:100932208: daddr:33561200
[  235.132436] AAAAA-TCP_FORW: name:enp0s3: saddr:100932208: daddr:33561200
[  235.251125] AAAAA-TCP_FORW: name:enp0s3: saddr:100932208: daddr:33561200
[  235.631812] AAAAA-TCP_FORW: name:enp0s3: saddr:100932208: daddr:33561200
[  235.813693] AAAAA-TCP_FORW: name:enp0s3: saddr:100932208: daddr:33561200
[  236.007503] AAAAA-TCP_FORW: name:enp0s3: saddr:100932208: daddr:33561200
[  236.141219] AAAAA-TCP_FORW: name:enp0s3: saddr:100932208: daddr:33561200
[  236.473813] AAAAA-TCP_FORW: name:enp0s3: saddr:100932208: daddr:33561200
[  236.774955] AAAAA-TCP_FORW: name:enp0s3: saddr:100932208: daddr:33561200
[  237.018341] AAAAA-TCP_FORW: name:enp0s3: saddr:100932208: daddr:33561200
[  237.146964] AAAAA-TCP_FORW: name:enp0s3: saddr:100932208: daddr:33561200
[  237.271732] AAAAA-TCP_FORW: name:enp0s3: saddr:100932208: daddr:33561200
[  237.695093] AAAAA-TCP_FORW: name:enp0s3: saddr:100932208: daddr:33561200
[  237.757147] AAAAA-TCP_FORW: name:enp0s3: saddr:100932208: daddr:16783984
[  237.979881] AAAAA-TCP_FORW: name:enp0s3: saddr:100932208: daddr:16783984
[  238.112476] AAAAA-TCP_FORW: name:enp0s3: saddr:100932208: daddr:16783984
[  238.219041] AAAAA-TCP_FORW: name:enp0s3: saddr:100932208: daddr:16783984
[  238.370665] AAAAA-TCP_FORW: name:enp0s3: saddr:100932208: daddr:16783984
[  238.479148] AAAAA-TCP_FORW: name:enp0s3: saddr:100932208: daddr:16783984
[  238.559733] AAAAA-TCP_FORW: name:enp0s3: saddr:100932208: daddr:16783984
[  240.051793] AAAAA-TCP_FORW: name:enp0s3: saddr:100932208: daddr:33561200
[  240.262781] AAAAA-TCP_FORW: name:enp0s3: saddr:100932208: daddr:33561200
[  240.337599] AAAAA-TCP_FORW: name:enp0s3: saddr:100932208: daddr:33561200
[  240.502324] AAAAA-TCP_FORW: name:enp0s3: saddr:100932208: daddr:33561200
[  240.576607] AAAAA-TCP_FORW: name:enp0s3: saddr:100932208: daddr:33561200
[  240.680451] AAAAA-TCP_FORW: name:enp0s3: saddr:100932208: daddr:33561200
[  240.762661] AAAAA-TCP_FORW: name:enp0s3: saddr:100932208: daddr:33561200
[  240.869396] AAAAA-TCP_FORW: name:enp0s3: saddr:100932208: daddr:33561200
[  240.970227] AAAAA-TCP_FORW: name:enp0s3: saddr:100932208: daddr:33561200
[  241.033658] AAAAA-TCP_FORW: name:enp0s3: saddr:100932208: daddr:33561200
[  241.191709] AAAAA-TCP_FORW: name:enp0s3: saddr:100932208: daddr:33561200
[  241.335164] AAAAA-TCP_FORW: name:enp0s3: saddr:100932208: daddr:33561200
[  241.845472] AAAAA-TCP_FORW: name:enp0s3: saddr:100932208: daddr:33561200
[  242.667637] AAAAA-TCP_FORW: name:enp0s3: saddr:100932208: daddr:33561200
[  243.341958] AAAAA-TCP_FORW: name:enp0s3: saddr:100932208: daddr:16783984
[  243.494416] AAAAA-TCP_FORW: name:enp0s3: saddr:100932208: daddr:16783984
[  243.559190] AAAAA-TCP_FORW: name:enp0s3: saddr:100932208: daddr:33561200
[  243.669992] AAAAA-TCP_FORW: name:enp0s3: saddr:100932208: daddr:16783984
[  243.729907] AAAAA-TCP_FORW: name:enp0s3: saddr:100932208: daddr:16783984
[  243.880258] AAAAA-TCP_FORW: name:enp0s3: saddr:100932208: daddr:16783984
[  244.041141] AAAAA-TCP_FORW: name:enp0s3: saddr:100932208: daddr:16783984
[  244.187134] AAAAA-TCP_FORW: name:enp0s3: saddr:100932208: daddr:16783984
[  244.231991] AAAAA-TCP_FORW: name:enp0s3: saddr:100932208: daddr:33561200
[  244.412232] AAAAA-TCP_FORW: name:enp0s3: saddr:100932208: daddr:33561200
[  244.525889] AAAAA-TCP_FORW: name:enp0s3: saddr:100932208: daddr:33561200
[  244.704898] AAAAA-TCP_FORW: name:enp0s3: saddr:100932208: daddr:33561200
[  245.439266] AAAAA-TCP_FORW: name:enp0s3: saddr:100932208: daddr:16783984
[  246.965489] AAAAA-TCP_FORW: name:enp0s3: saddr:100932208: daddr:16783984
[  247.651757] AAAAA-TCP_FORW: name:enp0s3: saddr:100932208: daddr:16783984
[  248.052219] AAAAA-TCP_FORW: name:enp0s3: saddr:100932208: daddr:33561200
[  249.631077] AAAAA-TCP_FORW: name:enp0s3: saddr:100932208: daddr:33561200
[  250.219572] AAAAA-TCP_FORW: name:enp0s3: saddr:100932208: daddr:33561200
[  250.361450] AAAAA-TCP_FORW: name:enp0s3: saddr:100932208: daddr:33561200
[  250.815611] AAAAA-TCP_FORW: name:enp0s3: saddr:100932208: daddr:33561200
[  251.050017] AAAAA-TCP_FORW: name:enp0s3: saddr:100932208: daddr:33561200
[  251.771906] AAAAA-TCP_FORW: name:enp0s3: saddr:100932208: daddr:33561200
[  251.913564] AAAAA-TCP_FORW: name:enp0s3: saddr:100932208: daddr:33561200
[  252.091627] AAAAA-TCP_FORW: name:enp0s3: saddr:100932208: daddr:33561200
[  252.373437] AAAAA-TCP_FORW: name:enp0s3: saddr:100932208: daddr:33561200
[  252.696228] AAAAA-TCP_FORW: name:enp0s3: saddr:100932208: daddr:33561200
[  252.845935] AAAAA-TCP_FORW: name:enp0s3: saddr:100932208: daddr:33561200
[  253.525726] AAAAA-TCP_FORW: name:enp0s3: saddr:100932208: daddr:16783984
[  255.106783] AAAAA-TCP_FORW: name:enp0s3: saddr:100932208: daddr:16783984
[  255.155155] AAAAA-TCP_FORW: name:enp0s3: saddr:100932208: daddr:16783984
[  255.328543] AAAAA-TCP_FORW: name:enp0s3: saddr:100932208: daddr:16783984
[  255.425762] AAAAA-TCP_FORW: name:enp0s3: saddr:100932208: daddr:33561200
[  255.507098] AAAAA-TCP_FORW: name:enp0s3: saddr:100932208: daddr:33561200
[  255.585852] AAAAA-TCP_FORW: name:enp0s3: saddr:100932208: daddr:33561200
[  255.692681] AAAAA-TCP_FORW: name:enp0s3: saddr:100932208: daddr:33561200
[  256.218042] AAAAA-TCP_FORW: name:enp0s3: saddr:100932208: daddr:33561200
[  256.299977] AAAAA-TCP_FORW: name:enp0s3: saddr:100932208: daddr:33561200
[  256.761058] AAAAA-TCP_FORW: name:enp0s3: saddr:100932208: daddr:33561200
[  257.020314] AAAAA-TCP_FORW: name:enp0s3: saddr:100932208: daddr:33561200
[  257.060796] AAAAA-TCP_FORW: name:enp0s3: saddr:100932208: daddr:33561200
[  257.119467] AAAAA-TCP_FORW: name:enp0s3: saddr:100932208: daddr:33561200
[  257.265128] AAAAA-TCP_FORW: name:enp0s3: saddr:100932208: daddr:16783984
[  258.056044] AAAAA-TCP_FORW: name:enp0s3: saddr:100932208: daddr:33561200
[  258.183308] AAAAA-TCP_FORW: name:enp0s3: saddr:100932208: daddr:33561200
[  258.408989] AAAAA-TCP_FORW: name:enp0s3: saddr:100932208: daddr:33561200
[  258.706963] AAAAA-TCP_FORW: name:enp0s3: saddr:100932208: daddr:33561200
[  258.974397] AAAAA-TCP_FORW: name:enp0s3: saddr:100932208: daddr:33561200
[  259.084039] AAAAA-TCP_FORW: name:enp0s3: saddr:100932208: daddr:33561200
[  259.451008] AAAAA-TCP_FORW: name:enp0s3: saddr:100932208: daddr:33561200
[  259.565247] AAAAA-TCP_FORW: name:enp0s3: saddr:100932208: daddr:33561200
[  259.893406] AAAAA-TCP_FORW: name:enp0s3: saddr:100932208: daddr:33561200
[  259.985453] AAAAA-TCP_FORW: name:enp0s3: saddr:100932208: daddr:33561200
[  260.138510] AAAAA-TCP_FORW: name:enp0s3: saddr:100932208: daddr:16783984
[  260.399723] AAAAA-TCP_FORW: name:enp0s3: saddr:100932208: daddr:33561200
[  260.528544] AAAAA-TCP_FORW: name:enp0s3: saddr:100932208: daddr:33561200
[  260.768165] AAAAA-TCP_FORW: name:enp0s3: saddr:100932208: daddr:33561200
[  261.027602] AAAAA-TCP_FORW: name:enp0s3: saddr:100932208: daddr:33561200
[  261.062424] AAAAA-TCP_FORW: name:enp0s3: saddr:100932208: daddr:33561200
[  261.282320] AAAAA-TCP_FORW: name:enp0s3: saddr:100932208: daddr:33561200
[  261.477609] AAAAA-TCP_FORW: name:enp0s3: saddr:100932208: daddr:33561200
[  261.774490] AAAAA-TCP_FORW: name:enp0s3: saddr:100932208: daddr:33561200
[  261.866111] AAAAA-TCP_FORW: name:enp0s3: saddr:100932208: daddr:33561200
[  262.049828] AAAAA-TCP_FORW: name:enp0s3: saddr:100932208: daddr:33561200
[  262.243757] AAAAA-TCP_FORW: name:enp0s3: saddr:100932208: daddr:33561200
[  262.382329] AAAAA-TCP_FORW: name:enp0s3: saddr:100932208: daddr:16783984
[  262.880004] AAAAA-TCP_FORW: name:enp0s3: saddr:100932208: daddr:33561200
[  263.204293] AAAAA-TCP_FORW: name:enp0s3: saddr:100932208: daddr:33561200
[  263.435046] AAAAA-TCP_FORW: name:enp0s3: saddr:100932208: daddr:33561200
[  263.855029] AAAAA-TCP_FORW: name:enp0s3: saddr:100932208: daddr:33561200
[  264.191845] AAAAA-TCP_FORW: name:enp0s3: saddr:100932208: daddr:33561200
[  264.287023] AAAAA-TCP_FORW: name:enp0s3: saddr:100932208: daddr:33561200
[  264.370065] AAAAA-TCP_FORW: name:enp0s3: saddr:100932208: daddr:16783984
[  264.553092] AAAAA-TCP_FORW: name:enp0s3: saddr:100932208: daddr:33561200
[  264.675242] AAAAA-TCP_FORW: name:enp0s3: saddr:100932208: daddr:33561200
[  264.795457] AAAAA-TCP_FORW: name:enp0s3: saddr:100932208: daddr:33561200
[  264.913933] AAAAA-TCP_FORW: name:enp0s3: saddr:100932208: daddr:33561200
[  265.110682] AAAAA-TCP_FORW: name:enp0s3: saddr:100932208: daddr:33561200
[  265.173614] AAAAA-TCP_FORW: name:enp0s3: saddr:100932208: daddr:33561200
[  265.213921] AAAAA-TCP_FORW: name:enp0s3: saddr:100932208: daddr:16783984
[  265.302489] AAAAA-TCP_FORW: name:enp0s3: saddr:100932208: daddr:33561200
[  265.384567] AAAAA-TCP_FORW: name:enp0s3: saddr:100932208: daddr:33561200
[  265.455125] AAAAA-TCP_FORW: name:enp0s3: saddr:100932208: daddr:33561200
[  265.534984] AAAAA-TCP_FORW: name:enp0s3: saddr:100932208: daddr:33561200
[  265.628614] AAAAA-TCP_FORW: name:enp0s3: saddr:100932208: daddr:33561200
[  265.744406] AAAAA-TCP_FORW: name:enp0s3: saddr:100932208: daddr:33561200
[  265.821888] AAAAA-TCP_FORW: name:enp0s3: saddr:100932208: daddr:33561200
[  265.910338] AAAAA-TCP_FORW: name:enp0s3: saddr:100932208: daddr:16783984
[  266.090912] AAAAA-TCP_FORW: name:enp0s3: saddr:100932208: daddr:33561200
[  266.172057] AAAAA-TCP_FORW: name:enp0s3: saddr:100932208: daddr:33561200
[  266.258035] AAAAA-TCP_FORW: name:enp0s3: saddr:100932208: daddr:33561200
[  266.328533] AAAAA-TCP_FORW: name:enp0s3: saddr:100932208: daddr:33561200
[  266.380685] AAAAA-TCP_FORW: name:enp0s3: saddr:100932208: daddr:33561200
[  266.475413] AAAAA-TCP_FORW: name:enp0s3: saddr:100932208: daddr:33561200
[  266.551039] AAAAA-TCP_FORW: name:enp0s3: saddr:100932208: daddr:33561200
[  266.625493] AAAAA-TCP_FORW: name:enp0s3: saddr:100932208: daddr:33561200
[  266.721823] AAAAA-TCP_FORW: name:enp0s3: saddr:100932208: daddr:16783984
[  266.806980] AAAAA-TCP_FORW: name:enp0s3: saddr:100932208: daddr:33561200
[  266.867108] AAAAA-TCP_FORW: name:enp0s3: saddr:100932208: daddr:33561200
[  266.920993] AAAAA-TCP_FORW: name:enp0s3: saddr:100932208: daddr:33561200
[  266.968242] AAAAA-TCP_FORW: name:enp0s3: saddr:100932208: daddr:33561200
[  267.066665] AAAAA-TCP_FORW: name:enp0s3: saddr:100932208: daddr:33561200
[  267.121697] AAAAA-TCP_FORW: name:enp0s3: saddr:100932208: daddr:33561200
[  267.187288] AAAAA-TCP_FORW: name:enp0s3: saddr:100932208: daddr:33561200
[  267.282925] AAAAA-TCP_FORW: name:enp0s3: saddr:100932208: daddr:33561200
[  267.330538] AAAAA-TCP_FORW: name:enp0s3: saddr:100932208: daddr:16783984
[  267.388515] AAAAA-TCP_FORW: name:enp0s3: saddr:100932208: daddr:16783984
[  267.458762] AAAAA-TCP_FORW: name:enp0s3: saddr:100932208: daddr:33561200
[  267.520762] AAAAA-TCP_FORW: name:enp0s3: saddr:100932208: daddr:33561200
[  267.567035] AAAAA-TCP_FORW: name:enp0s3: saddr:100932208: daddr:33561200
[  267.604581] AAAAA-TCP_FORW: name:enp0s3: saddr:100932208: daddr:33561200
[  267.682395] AAAAA-TCP_FORW: name:enp0s3: saddr:100932208: daddr:33561200
[  267.789039] AAAAA-TCP_FORW: name:enp0s3: saddr:100932208: daddr:33561200
[  267.889852] AAAAA-TCP_FORW: name:enp0s3: saddr:100932208: daddr:33561200
[  267.970454] AAAAA-TCP_FORW: name:enp0s3: saddr:100932208: daddr:33561200
[  268.042540] AAAAA-TCP_FORW: name:enp0s3: saddr:100932208: daddr:33561200
[  268.098425] AAAAA-TCP_FORW: name:enp0s3: saddr:100932208: daddr:16783984
[  268.160746] AAAAA-TCP_FORW: name:enp0s3: saddr:100932208: daddr:16783984
[  268.206937] AAAAA-TCP_FORW: name:enp0s3: saddr:100932208: daddr:33561200
[  268.275149] AAAAA-TCP_FORW: name:enp0s3: saddr:100932208: daddr:33561200
[  268.352356] AAAAA-TCP_FORW: name:enp0s3: saddr:100932208: daddr:33561200
[  268.414890] AAAAA-TCP_FORW: name:enp0s3: saddr:100932208: daddr:33561200
[  268.489618] AAAAA-TCP_FORW: name:enp0s3: saddr:100932208: daddr:33561200
[  268.559944] AAAAA-TCP_FORW: name:enp0s3: saddr:100932208: daddr:33561200
[  268.642204] AAAAA-TCP_FORW: name:enp0s3: saddr:100932208: daddr:33561200
[  268.687033] AAAAA-TCP_FORW: name:enp0s3: saddr:100932208: daddr:33561200
[  268.872981] AAAAA-TCP_FORW: name:enp0s3: saddr:100932208: daddr:16783984
[  268.891262] AAAAA-TCP_FORW: name:enp0s3: saddr:100932208: daddr:33561200
[  269.001507] AAAAA-TCP_FORW: name:enp0s3: saddr:100932208: daddr:16783984
[  269.113841] AAAAA-TCP_FORW: name:enp0s3: saddr:100932208: daddr:33561200
[  269.192109] AAAAA-TCP_FORW: name:enp0s3: saddr:100932208: daddr:33561200
[  269.319244] AAAAA-TCP_FORW: name:enp0s3: saddr:100932208: daddr:33561200
[  269.364636] AAAAA-TCP_FORW: name:enp0s3: saddr:100932208: daddr:33561200
[  269.418257] AAAAA-TCP_FORW: name:enp0s3: saddr:100932208: daddr:33561200
[  269.471721] AAAAA-TCP_FORW: name:enp0s3: saddr:100932208: daddr:33561200
[  269.534892] AAAAA-TCP_FORW: name:enp0s3: saddr:100932208: daddr:33561200
[  269.590303] AAAAA-TCP_FORW: name:enp0s3: saddr:100932208: daddr:33561200
[  269.666169] AAAAA-TCP_FORW: name:enp0s3: saddr:100932208: daddr:33561200
[  269.785981] AAAAA-TCP_FORW: name:enp0s3: saddr:100932208: daddr:16783984
[  269.845423] AAAAA-TCP_FORW: name:enp0s3: saddr:100932208: daddr:16783984
[  269.892445] AAAAA-TCP_FORW: name:enp0s3: saddr:100932208: daddr:33561200
[  269.951089] AAAAA-TCP_FORW: name:enp0s3: saddr:100932208: daddr:33561200
[  270.067494] AAAAA-TCP_FORW: name:enp0s3: saddr:100932208: daddr:33561200
[  270.132159] AAAAA-TCP_FORW: name:enp0s3: saddr:100932208: daddr:33561200
[  270.217218] AAAAA-TCP_FORW: name:enp0s3: saddr:100932208: daddr:33561200
[  270.296622] AAAAA-TCP_FORW: name:enp0s3: saddr:100932208: daddr:33561200
[  270.375890] AAAAA-TCP_FORW: name:enp0s3: saddr:100932208: daddr:33561200
[  270.514623] AAAAA-TCP_FORW: name:enp0s3: saddr:100932208: daddr:33561200
[  270.609760] AAAAA-TCP_FORW: name:enp0s3: saddr:100932208: daddr:33561200
[  270.683202] AAAAA-TCP_FORW: name:enp0s3: saddr:100932208: daddr:33561200
[  270.837173] AAAAA-TCP_FORW: name:enp0s3: saddr:100932208: daddr:16783984
[  270.970778] AAAAA-TCP_FORW: name:enp0s3: saddr:100932208: daddr:16783984
[  271.103222] AAAAA-TCP_FORW: name:enp0s3: saddr:100932208: daddr:33561200
[  271.304391] AAAAA-TCP_FORW: name:enp0s3: saddr:100932208: daddr:33561200
[  271.482665] AAAAA-TCP_FORW: name:enp0s3: saddr:100932208: daddr:33561200
[  271.644879] AAAAA-TCP_FORW: name:enp0s3: saddr:100932208: daddr:33561200
[  271.843421] AAAAA-TCP_FORW: name:enp0s3: saddr:100932208: daddr:33561200
[  271.927677] AAAAA-TCP_FORW: name:enp0s3: saddr:100932208: daddr:33561200
[  271.967281] AAAAA-TCP_FORW: name:enp0s3: saddr:100932208: daddr:33561200
[  272.049557] AAAAA-TCP_FORW: name:enp0s3: saddr:100932208: daddr:33561200
[  272.246639] AAAAA-TCP_FORW: name:enp0s3: saddr:100932208: daddr:33561200
[  272.325164] AAAAA-TCP_FORW: name:enp0s3: saddr:100932208: daddr:33561200
[  272.408377] AAAAA-TCP_FORW: name:enp0s3: saddr:100932208: daddr:33561200
[  272.512133] AAAAA-TCP_FORW: name:enp0s3: saddr:100932208: daddr:16783984
[  272.574529] AAAAA-TCP_FORW: name:enp0s3: saddr:100932208: daddr:16783984
[  272.672259] AAAAA-TCP_FORW: name:enp0s3: saddr:100932208: daddr:33561200
[  272.857638] AAAAA-TCP_FORW: name:enp0s3: saddr:100932208: daddr:33561200
[  272.948522] AAAAA-TCP_FORW: name:enp0s3: saddr:100932208: daddr:33561200
[  273.071005] AAAAA-TCP_FORW: name:enp0s3: saddr:100932208: daddr:33561200
[  273.163721] AAAAA-TCP_FORW: name:enp0s3: saddr:100932208: daddr:33561200
[  273.242228] AAAAA-TCP_FORW: name:enp0s3: saddr:100932208: daddr:33561200
[  273.328504] AAAAA-TCP_FORW: name:enp0s3: saddr:100932208: daddr:33561200
[  273.443441] AAAAA-TCP_FORW: name:enp0s3: saddr:100932208: daddr:33561200
[  273.510562] AAAAA-TCP_FORW: name:enp0s3: saddr:100932208: daddr:33561200
[  273.572388] AAAAA-TCP_FORW: name:enp0s3: saddr:100932208: daddr:33561200
[  273.670760] AAAAA-TCP_FORW: name:enp0s3: saddr:100932208: daddr:33561200
[  273.729516] AAAAA-TCP_FORW: name:enp0s3: saddr:100932208: daddr:16783984
[  273.876333] AAAAA-TCP_FORW: name:enp0s3: saddr:100932208: daddr:33561200
[  273.966841] AAAAA-TCP_FORW: name:enp0s3: saddr:100932208: daddr:16783984
[  274.049046] AAAAA-TCP_FORW: name:enp0s3: saddr:100932208: daddr:33561200
[  274.139497] AAAAA-TCP_FORW: name:enp0s3: saddr:100932208: daddr:33561200
[  274.192624] AAAAA-TCP_FORW: name:enp0s3: saddr:100932208: daddr:33561200
[  274.234490] AAAAA-TCP_FORW: name:enp0s3: saddr:100932208: daddr:33561200
[  274.306519] AAAAA-TCP_FORW: name:enp0s3: saddr:100932208: daddr:33561200
[  274.350988] AAAAA-TCP_FORW: name:enp0s3: saddr:100932208: daddr:33561200
[  274.533869] AAAAA-TCP_FORW: name:enp0s3: saddr:100932208: daddr:33561200
[  274.639511] AAAAA-TCP_FORW: name:enp0s3: saddr:100932208: daddr:33561200
[  274.771583] AAAAA-TCP_FORW: name:enp0s3: saddr:100932208: daddr:33561200
[  274.827412] AAAAA-TCP_FORW: name:enp0s3: saddr:100932208: daddr:33561200
[  274.942055] AAAAA-TCP_FORW: name:enp0s3: saddr:100932208: daddr:16783984
[  275.023573] AAAAA-TCP_FORW: name:enp0s3: saddr:100932208: daddr:33561200
[  275.099111] AAAAA-TCP_FORW: name:enp0s3: saddr:100932208: daddr:16783984
[  275.226554] AAAAA-TCP_FORW: name:enp0s3: saddr:100932208: daddr:33561200
[  275.323647] AAAAA-TCP_FORW: name:enp0s3: saddr:100932208: daddr:33561200
[  275.391346] AAAAA-TCP_FORW: name:enp0s3: saddr:100932208: daddr:33561200
[  275.468372] AAAAA-TCP_FORW: name:enp0s3: saddr:100932208: daddr:33561200
[  275.547889] AAAAA-TCP_FORW: name:enp0s3: saddr:100932208: daddr:33561200
[  464.496339] rfkill: input handler enabled
[  472.837411] rfkill: input handler disabled
[  650.174553] device enp0s3 left promiscuous mode
