[    0.000000] Linux version 5.4.243-mptcp (root@ztg) (gcc version 12.2.0 (Debian 12.2.0-14+deb12u1)) #53 SMP Wed Dec 24 23:28:15 CST 2025
[    0.000000] Command line: BOOT_IMAGE=/boot/vmlinuz-5.4.243-mptcp root=UUID=98415a12-53b7-4144-8265-0f7ece09e445 ro quiet splash
[    0.000000] KERNEL supported cpus:
[    0.000000]   Intel GenuineIntel
[    0.000000]   AMD AuthenticAMD
[    0.000000]   Hygon HygonGenuine
[    0.000000]   Centaur CentaurHauls
[    0.000000]   zhaoxin   Shanghai  
[    0.000000] x86/fpu: Supporting XSAVE feature 0x001: 'x87 floating point registers'
[    0.000000] x86/fpu: Supporting XSAVE feature 0x002: 'SSE registers'
[    0.000000] x86/fpu: Supporting XSAVE feature 0x004: 'AVX registers'
[    0.000000] x86/fpu: xstate_offset[2]:  576, xstate_sizes[2]:  256
[    0.000000] x86/fpu: Enabled xstate features 0x7, context size is 832 bytes, using 'standard' format.
[    0.000000] BIOS-provided physical RAM map:
[    0.000000] BIOS-e820: [mem 0x0000000000000000-0x000000000009fbff] usable
[    0.000000] BIOS-e820: [mem 0x000000000009fc00-0x000000000009ffff] reserved
[    0.000000] BIOS-e820: [mem 0x00000000000f0000-0x00000000000fffff] reserved
[    0.000000] BIOS-e820: [mem 0x0000000000100000-0x000000007ffeffff] usable
[    0.000000] BIOS-e820: [mem 0x000000007fff0000-0x000000007fffffff] ACPI data
[    0.000000] BIOS-e820: [mem 0x00000000fec00000-0x00000000fec00fff] reserved
[    0.000000] BIOS-e820: [mem 0x00000000fee00000-0x00000000fee00fff] reserved
[    0.000000] BIOS-e820: [mem 0x00000000fffc0000-0x00000000ffffffff] reserved
[    0.000000] NX (Execute Disable) protection: active
[    0.000000] SMBIOS 2.5 present.
[    0.000000] DMI: innotek GmbH VirtualBox/VirtualBox, BIOS VirtualBox 12/01/2006
[    0.000000] Hypervisor detected: KVM
[    0.000000] kvm-clock: Using msrs 4b564d01 and 4b564d00
[    0.000000] kvm-clock: cpu 0, msr 3fe01001, primary cpu clock
[    0.000000] kvm-clock: using sched offset of 4478991545 cycles
[    0.000003] clocksource: kvm-clock: mask: 0xffffffffffffffff max_cycles: 0x1cd42e4dffb, max_idle_ns: 881590591483 ns
[    0.000005] tsc: Detected 2100.000 MHz processor
[    0.001874] e820: update [mem 0x00000000-0x00000fff] usable ==> reserved
[    0.001876] e820: remove [mem 0x000a0000-0x000fffff] usable
[    0.001880] last_pfn = 0x7fff0 max_arch_pfn = 0x400000000
[    0.001950] MTRR default type: uncachable
[    0.001951] MTRR fixed ranges enabled:
[    0.001952]   00000-9FFFF write-back
[    0.001953]   A0000-BFFFF uncachable
[    0.001953]   C0000-FFFFF write-protect
[    0.001954] MTRR variable ranges enabled:
[    0.001956]   0 base 000000000000 mask 3FFF80000000 write-back
[    0.001956]   1 disabled
[    0.001957]   2 disabled
[    0.001957]   3 disabled
[    0.001958]   4 disabled
[    0.001958]   5 disabled
[    0.001958]   6 disabled
[    0.001959]   7 disabled
[    0.001959]   8 disabled
[    0.001960]   9 disabled
[    0.001960]   10 disabled
[    0.001960]   11 disabled
[    0.001961]   12 disabled
[    0.001961]   13 disabled
[    0.001962]   14 disabled
[    0.001962]   15 disabled
[    0.001978] x86/PAT: Configuration [0-7]: WB  WC  UC- UC  WB  WP  UC- WT  
[    0.002114] found SMP MP-table at [mem 0x0009fff0-0x0009ffff]
[    0.091033] check: Scanning 1 areas for low memory corruption
[    0.091258] RAMDISK: [mem 0x32271000-0x3512ffff]
[    0.091267] ACPI: Early table checksum verification disabled
[    0.091272] ACPI: RSDP 0x00000000000E0000 000024 (v02 VBOX  )
[    0.091276] ACPI: XSDT 0x000000007FFF0030 00003C (v01 VBOX   VBOXXSDT 00000001 ASL  00000061)
[    0.091283] ACPI: FACP 0x000000007FFF00F0 0000F4 (v04 VBOX   VBOXFACP 00000001 ASL  00000061)
[    0.091290] ACPI: DSDT 0x000000007FFF02E0 002353 (v02 VBOX   VBOXBIOS 00000002 VBOX 00029BF3)
[    0.091294] ACPI: FACS 0x000000007FFF0200 000040
[    0.091297] ACPI: FACS 0x000000007FFF0200 000040
[    0.091301] ACPI: APIC 0x000000007FFF0240 000054 (v02 VBOX   VBOXAPIC 00000001 ASL  00000061)
[    0.091305] ACPI: SSDT 0x000000007FFF02A0 000038 (v01 VBOX   VBOXCPUT 00000002 VBOX 00029BF3)
[    0.091308] ACPI: Reserving FACP table memory at [mem 0x7fff00f0-0x7fff01e3]
[    0.091309] ACPI: Reserving DSDT table memory at [mem 0x7fff02e0-0x7fff2632]
[    0.091309] ACPI: Reserving FACS table memory at [mem 0x7fff0200-0x7fff023f]
[    0.091310] ACPI: Reserving FACS table memory at [mem 0x7fff0200-0x7fff023f]
[    0.091311] ACPI: Reserving APIC table memory at [mem 0x7fff0240-0x7fff0293]
[    0.091312] ACPI: Reserving SSDT table memory at [mem 0x7fff02a0-0x7fff02d7]
[    0.091326] ACPI: Local APIC address 0xfee00000
[    0.091515] No NUMA configuration found
[    0.091517] Faking a node at [mem 0x0000000000000000-0x000000007ffeffff]
[    0.091527] NODE_DATA(0) allocated [mem 0x7ffc5000-0x7ffeffff]
[    0.091808] Zone ranges:
[    0.091809]   DMA      [mem 0x0000000000001000-0x0000000000ffffff]
[    0.091810]   DMA32    [mem 0x0000000001000000-0x000000007ffeffff]
[    0.091811]   Normal   empty
[    0.091812]   Device   empty
[    0.091812] Movable zone start for each node
[    0.091814] Early memory node ranges
[    0.091815]   node   0: [mem 0x0000000000001000-0x000000000009efff]
[    0.091816]   node   0: [mem 0x0000000000100000-0x000000007ffeffff]
[    0.091819] Zeroed struct page in unavailable ranges: 114 pages
[    0.091820] Initmem setup node 0 [mem 0x0000000000001000-0x000000007ffeffff]
[    0.091821] On node 0 totalpages: 524174
[    0.091822]   DMA zone: 64 pages used for memmap
[    0.091822]   DMA zone: 21 pages reserved
[    0.091823]   DMA zone: 3998 pages, LIFO batch:0
[    0.091895]   DMA32 zone: 8128 pages used for memmap
[    0.091896]   DMA32 zone: 520176 pages, LIFO batch:63
[    0.100795] ACPI: PM-Timer IO Port: 0x4008
[    0.100799] ACPI: Local APIC address 0xfee00000
[    0.100865] IOAPIC[0]: apic_id 1, version 32, address 0xfec00000, GSI 0-23
[    0.100868] ACPI: INT_SRC_OVR (bus 0 bus_irq 0 global_irq 2 dfl dfl)
[    0.100870] ACPI: INT_SRC_OVR (bus 0 bus_irq 9 global_irq 9 low level)
[    0.100872] ACPI: IRQ0 used by override.
[    0.100873] ACPI: IRQ9 used by override.
[    0.100875] Using ACPI (MADT) for SMP configuration information
[    0.100883] smpboot: Allowing 1 CPUs, 0 hotplug CPUs
[    0.100906] PM: Registered nosave memory: [mem 0x00000000-0x00000fff]
[    0.100907] PM: Registered nosave memory: [mem 0x0009f000-0x0009ffff]
[    0.100907] PM: Registered nosave memory: [mem 0x000a0000-0x000effff]
[    0.100908] PM: Registered nosave memory: [mem 0x000f0000-0x000fffff]
[    0.100910] [mem 0x80000000-0xfebfffff] available for PCI devices
[    0.100911] Booting paravirtualized kernel on KVM
[    0.100913] clocksource: refined-jiffies: mask: 0xffffffff max_cycles: 0xffffffff, max_idle_ns: 7645519600211568 ns
[    0.100918] setup_percpu: NR_CPUS:8192 nr_cpumask_bits:1 nr_cpu_ids:1 nr_node_ids:1
[    0.101919] percpu: Embedded 60 pages/cpu s208896 r8192 d28672 u2097152
[    0.101925] pcpu-alloc: s208896 r8192 d28672 u2097152 alloc=1*2097152
[    0.101925] pcpu-alloc: [0] 0 
[    0.101953] Built 1 zonelists, mobility grouping on.  Total pages: 515961
[    0.101953] Policy zone: DMA32
[    0.101954] Kernel command line: BOOT_IMAGE=/boot/vmlinuz-5.4.243-mptcp root=UUID=98415a12-53b7-4144-8265-0f7ece09e445 ro quiet splash
[    0.102788] Dentry cache hash table entries: 262144 (order: 9, 2097152 bytes, linear)
[    0.103051] Inode-cache hash table entries: 131072 (order: 8, 1048576 bytes, linear)
[    0.103102] mem auto-init: stack:off, heap alloc:on, heap free:off
[    0.103105] Calgary: detecting Calgary via BIOS EBDA area
[    0.103106] Calgary: Unable to locate Rio Grande table in EBDA - bailing!
[    0.107196] Memory: 1967332K/2096696K available (14339K kernel code, 2398K rwdata, 4712K rodata, 2728K init, 17260K bss, 129364K reserved, 0K cma-reserved)
[    0.108113] SLUB: HWalign=64, Order=0-3, MinObjects=0, CPUs=1, Nodes=1
[    0.108129] ftrace: allocating 43186 entries in 169 pages
[    0.126134] rcu: Hierarchical RCU implementation.
[    0.126135] rcu: 	RCU restricting CPUs from NR_CPUS=8192 to nr_cpu_ids=1.
[    0.126136] 	Tasks RCU enabled.
[    0.126137] rcu: RCU calculated value of scheduler-enlistment delay is 25 jiffies.
[    0.126138] rcu: Adjusting geometry for rcu_fanout_leaf=16, nr_cpu_ids=1
[    0.129085] NR_IRQS: 524544, nr_irqs: 256, preallocated irqs: 16
[    0.129297] random: crng init done
[    0.138637] Console: colour VGA+ 80x25
[    0.138641] printk: console [tty0] enabled
[    0.138661] ACPI: Core revision 20190816
[    0.138802] APIC: Switch to symmetric I/O mode setup
[    0.139051] x2apic enabled
[    0.139288] Switched APIC routing to physical x2apic.
[    0.140418] ..TIMER: vector=0x30 apic1=0 pin1=2 apic2=-1 pin2=-1
[    0.140445] clocksource: tsc-early: mask: 0xffffffffffffffff max_cycles: 0x1e4530a99b6, max_idle_ns: 440795257976 ns
[    0.140450] Calibrating delay loop (skipped) preset value.. 4200.00 BogoMIPS (lpj=8400000)
[    0.140452] pid_max: default: 32768 minimum: 301
[    0.140480] LSM: Security Framework initializing
[    0.140489] Yama: becoming mindful.
[    0.140515] AppArmor: AppArmor initialized
[    0.140547] Mount-cache hash table entries: 4096 (order: 3, 32768 bytes, linear)
[    0.140551] Mountpoint-cache hash table entries: 4096 (order: 3, 32768 bytes, linear)
[    0.140561] *** VALIDATE tmpfs ***
[    0.140689] *** VALIDATE proc ***
[    0.140730] *** VALIDATE cgroup1 ***
[    0.140732] *** VALIDATE cgroup2 ***
[    0.140871] process: using mwait in idle threads
[    0.140875] Last level iTLB entries: 4KB 64, 2MB 8, 4MB 8
[    0.140876] Last level dTLB entries: 4KB 64, 2MB 0, 4MB 0, 1GB 4
[    0.140896] Spectre V1 : Mitigation: usercopy/swapgs barriers and __user pointer sanitization
[    0.140901] Spectre V2 : Mitigation: Retpolines
[    0.140902] Spectre V2 : Spectre v2 / SpectreRSB mitigation: Filling RSB on context switch
[    0.140902] Spectre V2 : Spectre v2 / SpectreRSB : Filling RSB on VMEXIT
[    0.140903] RETBleed: WARNING: Spectre v2 mitigation leaves CPU vulnerable to RETBleed attacks, data leaks possible!
[    0.141257] RETBleed: Vulnerable
[    0.141257] Speculative Store Bypass: Vulnerable
[    0.141262] TAA: Mitigation: TSX disabled
[    0.141262] MMIO Stale Data: Mitigation: Clear CPU buffers
[    0.145469] Freeing SMP alternatives memory: 40K
[    0.257156] smpboot: CPU0: Intel(R) Xeon(R) Silver 4216 CPU @ 2.10GHz (family: 0x6, model: 0x55, stepping: 0x7)
[    0.257278] Performance Events: unsupported p6 CPU model 85 no PMU driver, software events only.
[    0.257316] rcu: Hierarchical SRCU implementation.
[    0.257787] NMI watchdog: Perf NMI watchdog permanently disabled
[    0.257825] smp: Bringing up secondary CPUs ...
[    0.257826] smp: Brought up 1 node, 1 CPU
[    0.257827] smpboot: Max logical packages: 1
[    0.257828] smpboot: Total of 1 processors activated (4200.00 BogoMIPS)
[    0.258781] devtmpfs: initialized
[    0.258827] x86/mm: Memory block size: 128MB
[    0.259172] clocksource: jiffies: mask: 0xffffffff max_cycles: 0xffffffff, max_idle_ns: 7645041785100000 ns
[    0.259177] futex hash table entries: 256 (order: 2, 16384 bytes, linear)
[    0.259219] pinctrl core: initialized pinctrl subsystem
[    0.259318] PM: RTC time: 14:31:17, date: 2026-01-17
[    0.259423] NET: Registered protocol family 16
[    0.259497] audit: initializing netlink subsys (disabled)
[    0.259621] EISA bus registered
[    0.259622] cpuidle: using governor ladder
[    0.259623] cpuidle: using governor menu
[    0.259658] ACPI: bus type PCI registered
[    0.259660] acpiphp: ACPI Hot Plug PCI Controller Driver version: 0.5
[    0.259764] PCI: Using configuration type 1 for base access
[    0.260807] audit: type=2000 audit(1768631484.128:1): state=initialized audit_enabled=0 res=1
[    0.260884] HugeTLB registered 2.00 MiB page size, pre-allocated 0 pages
[    0.261689] ACPI: Added _OSI(Module Device)
[    0.261690] ACPI: Added _OSI(Processor Device)
[    0.261690] ACPI: Added _OSI(3.0 _SCP Extensions)
[    0.261691] ACPI: Added _OSI(Processor Aggregator Device)
[    0.261692] ACPI: Added _OSI(Linux-Dell-Video)
[    0.261693] ACPI: Added _OSI(Linux-Lenovo-NV-HDMI-Audio)
[    0.261694] ACPI: Added _OSI(Linux-HPI-Hybrid-Graphics)
[    0.263652] ACPI: 2 ACPI AML tables successfully acquired and loaded
[    0.265187] ACPI: Interpreter enabled
[    0.265197] ACPI: (supports S0 S5)
[    0.265198] ACPI: Using IOAPIC for interrupt routing
[    0.265402] PCI: Using host bridge windows from ACPI; if necessary, use "pci=nocrs" and report a bug
[    0.265511] ACPI: Enabled 2 GPEs in block 00 to 07
[    0.270348] ACPI: PCI Root Bridge [PCI0] (domain 0000 [bus 00-ff])
[    0.270354] acpi PNP0A03:00: _OSC: OS supports [ASPM ClockPM Segments MSI HPX-Type3]
[    0.270797] acpi PNP0A03:00: _OSC: not requesting OS control; OS requires [ExtendedConfig ASPM ClockPM MSI]
[    0.270806] acpi PNP0A03:00: fail to add MMCONFIG information, can't access extended PCI configuration space under this bridge.
[    0.271183] PCI host bridge to bus 0000:00
[    0.271185] pci_bus 0000:00: root bus resource [io  0x0000-0x0cf7 window]
[    0.271186] pci_bus 0000:00: root bus resource [io  0x0d00-0xffff window]
[    0.271187] pci_bus 0000:00: root bus resource [mem 0x000a0000-0x000bffff window]
[    0.271188] pci_bus 0000:00: root bus resource [mem 0x80000000-0xfdffffff window]
[    0.271190] pci_bus 0000:00: root bus resource [bus 00-ff]
[    0.271234] pci 0000:00:00.0: [8086:1237] type 00 class 0x060000
[    0.272173] pci 0000:00:01.0: [8086:7000] type 00 class 0x060100
[    0.273078] pci 0000:00:01.1: [8086:7111] type 00 class 0x01018a
[    0.273452] pci 0000:00:01.1: reg 0x20: [io  0xd000-0xd00f]
[    0.273607] pci 0000:00:01.1: legacy IDE quirk: reg 0x10: [io  0x01f0-0x01f7]
[    0.273607] pci 0000:00:01.1: legacy IDE quirk: reg 0x14: [io  0x03f6]
[    0.273608] pci 0000:00:01.1: legacy IDE quirk: reg 0x18: [io  0x0170-0x0177]
[    0.273609] pci 0000:00:01.1: legacy IDE quirk: reg 0x1c: [io  0x0376]
[    0.274156] pci 0000:00:02.0: [15ad:0405] type 00 class 0x030000
[    0.276530] pci 0000:00:02.0: reg 0x10: [io  0xd010-0xd01f]
[    0.280495] pci 0000:00:02.0: reg 0x14: [mem 0xe0000000-0xe7ffffff pref]
[    0.283305] pci 0000:00:02.0: reg 0x18: [mem 0xf0000000-0xf01fffff]
[    0.293244] pci 0000:00:03.0: [1022:2000] type 00 class 0x020000
[    0.293917] pci 0000:00:03.0: reg 0x10: [io  0xd020-0xd03f]
[    0.294524] pci 0000:00:03.0: reg 0x14: [mem 0xf0200000-0xf0200fff]
[    0.299989] pci 0000:00:04.0: [80ee:cafe] type 00 class 0x088000
[    0.300564] pci 0000:00:04.0: reg 0x10: [io  0xd040-0xd05f]
[    0.301166] pci 0000:00:04.0: reg 0x14: [mem 0xf0400000-0xf07fffff]
[    0.301772] pci 0000:00:04.0: reg 0x18: [mem 0xf0800000-0xf0803fff pref]
[    0.304933] pci 0000:00:07.0: [8086:7113] type 00 class 0x068000
[    0.305488] pci 0000:00:07.0: quirk: [io  0x4000-0x403f] claimed by PIIX4 ACPI
[    0.305499] pci 0000:00:07.0: quirk: [io  0x4100-0x410f] claimed by PIIX4 SMB
[    0.306126] pci 0000:00:08.0: [8086:100e] type 00 class 0x020000
[    0.306824] pci 0000:00:08.0: reg 0x10: [mem 0xf0820000-0xf083ffff]
[    0.307976] pci 0000:00:08.0: reg 0x18: [io  0xd060-0xd067]
[    0.311146] pci 0000:00:09.0: [8086:100e] type 00 class 0x020000
[    0.312520] pci 0000:00:09.0: reg 0x10: [mem 0xf0840000-0xf085ffff]
[    0.313667] pci 0000:00:09.0: reg 0x18: [io  0xd068-0xd06f]
[    0.324541] ACPI: PCI Interrupt Link [LNKA] (IRQs 5 9 10 *11)
[    0.324828] ACPI: PCI Interrupt Link [LNKB] (IRQs 5 9 *10 11)
[    0.324932] ACPI: PCI Interrupt Link [LNKC] (IRQs 5 *9 10 11)
[    0.325036] ACPI: PCI Interrupt Link [LNKD] (IRQs 5 9 10 *11)
[    0.325290] iommu: Default domain type: Translated 
[    0.325350] pci 0000:00:02.0: vgaarb: setting as boot VGA device
[    0.325352] pci 0000:00:02.0: vgaarb: VGA device added: decodes=io+mem,owns=io+mem,locks=none
[    0.325354] pci 0000:00:02.0: vgaarb: bridge control possible
[    0.325354] vgaarb: loaded
[    0.325561] SCSI subsystem initialized
[    0.325593] libata version 3.00 loaded.
[    0.325615] ACPI: bus type USB registered
[    0.325630] usbcore: registered new interface driver usbfs
[    0.325636] usbcore: registered new interface driver hub
[    0.325642] usbcore: registered new device driver usb
[    0.325669] pps_core: LinuxPPS API ver. 1 registered
[    0.325669] pps_core: Software ver. 5.3.6 - Copyright 2005-2007 Rodolfo Giometti <giometti@linux.it>
[    0.325671] PTP clock support registered
[    0.325704] EDAC MC: Ver: 3.0.0
[    0.325992] PCI: Using ACPI for IRQ routing
[    0.325994] PCI: pci_cache_line_size set to 64 bytes
[    0.326170] e820: reserve RAM buffer [mem 0x0009fc00-0x0009ffff]
[    0.326174] e820: reserve RAM buffer [mem 0x7fff0000-0x7fffffff]
[    0.326978] NetLabel: Initializing
[    0.326978] NetLabel:  domain hash size = 128
[    0.326979] NetLabel:  protocols = UNLABELED CIPSOv4 CALIPSO
[    0.326998] NetLabel:  unlabeled traffic allowed by default
[    0.327902] clocksource: Switched to clocksource kvm-clock
[    0.341217] *** VALIDATE bpf ***
[    0.341279] VFS: Disk quotas dquot_6.6.0
[    0.341292] VFS: Dquot-cache hash table entries: 512 (order 0, 4096 bytes)
[    0.341313] *** VALIDATE ramfs ***
[    0.341317] *** VALIDATE hugetlbfs ***
[    0.341401] AppArmor: AppArmor Filesystem Enabled
[    0.341427] pnp: PnP ACPI init
[    0.341494] pnp 00:00: Plug and Play ACPI device, IDs PNP0303 (active)
[    0.341562] pnp 00:01: Plug and Play ACPI device, IDs PNP0f03 (active)
[    0.342308] pnp: PnP ACPI: found 2 devices
[    0.343311] thermal_sys: Registered thermal governor 'fair_share'
[    0.343312] thermal_sys: Registered thermal governor 'bang_bang'
[    0.343313] thermal_sys: Registered thermal governor 'step_wise'
[    0.343313] thermal_sys: Registered thermal governor 'user_space'
[    0.343314] thermal_sys: Registered thermal governor 'power_allocator'
[    0.347844] clocksource: acpi_pm: mask: 0xffffff max_cycles: 0xffffff, max_idle_ns: 2085701024 ns
[    0.347884] pci_bus 0000:00: resource 4 [io  0x0000-0x0cf7 window]
[    0.347886] pci_bus 0000:00: resource 5 [io  0x0d00-0xffff window]
[    0.347887] pci_bus 0000:00: resource 6 [mem 0x000a0000-0x000bffff window]
[    0.347888] pci_bus 0000:00: resource 7 [mem 0x80000000-0xfdffffff window]
[    0.347946] NET: Registered protocol family 2
[    0.348020] IP idents hash table entries: 32768 (order: 6, 262144 bytes, linear)
[    0.348423] MPTCP tokens hash table entries: 8192 (order: 4, 65536 bytes, linear)
[    0.348443] MPTCP request tokens hash table entries: 8192 (order: 4, 65536 bytes, linear)
[    0.348467] default registered
[    0.348468] default registered
[    0.348468] MPTCP: Stable release v0.96
[    0.348474] tcp_listen_portaddr_hash hash table entries: 1024 (order: 2, 16384 bytes, linear)
[    0.348554] TCP established hash table entries: 16384 (order: 5, 131072 bytes, linear)
[    0.348619] TCP bind hash table entries: 16384 (order: 6, 262144 bytes, linear)
[    0.348644] TCP: Hash tables configured (established 16384 bind 16384)
[    0.349332] UDP hash table entries: 1024 (order: 3, 32768 bytes, linear)
[    0.349343] UDP-Lite hash table entries: 1024 (order: 3, 32768 bytes, linear)
[    0.349376] NET: Registered protocol family 1
[    0.349385] NET: Registered protocol family 44
[    0.349406] pci 0000:00:00.0: Limiting direct PCI/PCI transfers
[    0.349418] pci 0000:00:01.0: Activating ISA DMA hang workarounds
[    0.349477] pci 0000:00:02.0: Video device with shadowed ROM at [mem 0x000c0000-0x000dffff]
[    0.349542] PCI: CLS 0 bytes, default 64
[    0.349589] Trying to unpack rootfs image as initramfs...
[    0.520384] Freeing initrd memory: 47868K
[    0.520384] clocksource: tsc: mask: 0xffffffffffffffff max_cycles: 0x1e4530a99b6, max_idle_ns: 440795257976 ns
[    0.520384] clocksource: Switched to clocksource tsc
[    0.520384] platform rtc_cmos: registered platform RTC device (no PNP device found)
[    0.520384] check: Scanning for low memory corruption every 60 seconds
[    0.520384] Initialise system trusted keyrings
[    0.520384] Key type blacklist registered
[    0.520384] workingset: timestamp_bits=36 max_order=19 bucket_order=0
[    0.520384] zbud: loaded
[    0.520384] squashfs: version 4.0 (2009/01/31) Phillip Lougher
[    0.520384] fuse: init (API version 7.31)
[    0.520384] *** VALIDATE fuse ***
[    0.520384] *** VALIDATE fuse ***
[    0.520384] Platform Keyring initialized
[    0.535171] Key type asymmetric registered
[    0.535172] Asymmetric key parser 'x509' registered
[    0.535181] Block layer SCSI generic (bsg) driver version 0.4 loaded (major 244)
[    0.535218] io scheduler mq-deadline registered
[    0.535340] shpchp: Standard Hot Plug PCI Controller Driver version: 0.4
[    0.535545] ACPI: AC Adapter [AC] (on-line)
[    0.535588] input: Power Button as /devices/LNXSYSTM:00/LNXPWRBN:00/input/input0
[    0.535618] ACPI: Power Button [PWRF]
[    0.535694] input: Sleep Button as /devices/LNXSYSTM:00/LNXSLPBN:00/input/input1
[    0.535708] ACPI: Sleep Button [SLPF]
[    0.535941] Serial: 8250/16550 driver, 32 ports, IRQ sharing enabled
[    0.537086] Linux agpgart interface v0.103
[    0.627192] loop: module loaded
[    0.627334] ata_piix 0000:00:01.1: version 2.13
[    0.627734] scsi host0: ata_piix
[    0.627823] scsi host1: ata_piix
[    0.627849] ata1: PATA max UDMA/33 cmd 0x1f0 ctl 0x3f6 bmdma 0xd000 irq 14
[    0.627850] ata2: PATA max UDMA/33 cmd 0x170 ctl 0x376 bmdma 0xd008 irq 15
[    0.627928] tun: Universal TUN/TAP device driver, 1.6
[    0.628253] PPP generic driver version 2.4.2
[    0.628296] VFIO - User Level meta-driver version: 0.3
[    0.628534] ehci_hcd: USB 2.0 'Enhanced' Host Controller (EHCI) Driver
[    0.628539] ehci-pci: EHCI PCI platform driver
[    0.628553] ehci-platform: EHCI generic platform driver
[    0.628558] ohci_hcd: USB 1.1 'Open' Host Controller (OHCI) Driver
[    0.628560] ohci-pci: OHCI PCI platform driver
[    0.628567] ohci-platform: OHCI generic platform driver
[    0.628572] uhci_hcd: USB Universal Host Controller Interface driver
[    0.628637] i8042: PNP: PS/2 Controller [PNP0303:PS2K,PNP0f03:PS2M] at 0x60,0x64 irq 1,12
[    0.629074] serio: i8042 KBD port at 0x60,0x64 irq 1
[    0.629077] serio: i8042 AUX port at 0x60,0x64 irq 12
[    0.629164] mousedev: PS/2 mouse device common for all mice
[    0.629423] input: AT Translated Set 2 keyboard as /devices/platform/i8042/serio0/input/input2
[    0.629821] rtc_cmos rtc_cmos: registered as rtc0
[    0.629834] rtc_cmos rtc_cmos: alarms up to one day, 114 bytes nvram
[    0.629839] i2c /dev entries driver
[    0.629881] device-mapper: uevent: version 1.0.3
[    0.629923] device-mapper: ioctl: 4.41.0-ioctl (2019-09-16) initialised: dm-devel@redhat.com
[    0.629938] platform eisa.0: Probing EISA bus 0
[    0.629940] platform eisa.0: EISA: Cannot allocate resource for mainboard
[    0.629941] platform eisa.0: Cannot allocate resource for EISA slot 1
[    0.629942] platform eisa.0: Cannot allocate resource for EISA slot 2
[    0.629943] platform eisa.0: Cannot allocate resource for EISA slot 3
[    0.629944] platform eisa.0: Cannot allocate resource for EISA slot 4
[    0.629945] platform eisa.0: Cannot allocate resource for EISA slot 5
[    0.629946] platform eisa.0: Cannot allocate resource for EISA slot 6
[    0.629947] platform eisa.0: Cannot allocate resource for EISA slot 7
[    0.629948] platform eisa.0: Cannot allocate resource for EISA slot 8
[    0.629949] platform eisa.0: EISA: Detected 0 cards
[    0.629951] intel_pstate: CPU model not supported
[    0.629961] ledtrig-cpu: registered to indicate activity on CPUs
[    0.630016] drop_monitor: Initializing network drop monitor service
[    0.630172] NET: Registered protocol family 10
[    0.635262] Segment Routing with IPv6
[    0.635291] fullmesh registered
[    0.635292] ndiffports registered
[    0.635294] binder registered
[    0.635295] roundrobin registered
[    0.635296] redundant registered
[    0.635296] blest registered
[    0.635297] ecf registered
[    0.635298] NET: Registered protocol family 17
[    0.635328] Key type dns_resolver registered
[    0.635348] RAS: Correctable Errors collector initialized.
[    0.635348] IPI shorthand broadcast: enabled
[    0.635348] sched_clock: Marking stable (620189294, 11159517)->(633649237, -2300426)
[    0.635504] registered taskstats version 1
[    0.635513] Loading compiled-in X.509 certificates
[    0.636101] Loaded X.509 cert 'Build time autogenerated kernel key: 6909f3744cebb3d0de528d5887b96a727de79b1e'
[    0.636119] zswap: loaded using pool lzo/zbud
[    0.636170] Key type ._fscrypt registered
[    0.636171] Key type .fscrypt registered
[    0.640627] Key type big_key registered
[    0.642784] Key type encrypted registered
[    0.642786] AppArmor: AppArmor sha1 policy hashing enabled
[    0.642794] ima: No TPM chip found, activating TPM-bypass!
[    0.642797] ima: Allocated hash algorithm: sha1
[    0.642802] ima: No architecture policies found
[    0.642811] evm: Initialising EVM extended attributes:
[    0.642811] evm: security.selinux
[    0.642812] evm: security.SMACK64
[    0.642812] evm: security.SMACK64EXEC
[    0.642813] evm: security.SMACK64TRANSMUTE
[    0.642813] evm: security.SMACK64MMAP
[    0.642814] evm: security.apparmor
[    0.642814] evm: security.ima
[    0.642815] evm: security.capability
[    0.642815] evm: HMAC attrs: 0x1
[    0.643118] PM:   Magic number: 10:209:536
[    0.643127] tty ttyS16: hash matches
[    0.643229] rtc_cmos rtc_cmos: setting system clock to 2026-01-17T14:31:18 UTC (1768660278)
[    0.800026] ata1.00: ATA-6: VBOX HARDDISK, 1.0, max UDMA/133
[    0.800029] ata1.00: 209715200 sectors, multi 128: LBA 
[    0.800649] scsi 0:0:0:0: Direct-Access     ATA      VBOX HARDDISK    1.0  PQ: 0 ANSI: 5
[    0.800916] sd 0:0:0:0: [sda] 209715200 512-byte logical blocks: (107 GB/100 GiB)
[    0.800928] sd 0:0:0:0: [sda] Write Protect is off
[    0.800930] sd 0:0:0:0: [sda] Mode Sense: 00 3a 00 00
[    0.800950] sd 0:0:0:0: [sda] Write cache: enabled, read cache: enabled, doesn't support DPO or FUA
[    0.801171] sd 0:0:0:0: Attached scsi generic sg0 type 0
[    0.802214]  sda: sda1 sda2
[    0.811473] sd 0:0:0:0: [sda] Attached SCSI disk
[    0.816174] Freeing unused decrypted memory: 2040K
[    0.817412] Freeing unused kernel image memory: 2728K
[    0.817416] Write protecting the kernel read-only data: 22528k
[    0.818771] Freeing unused kernel image memory: 2036K
[    0.819510] Freeing unused kernel image memory: 1432K
[    0.853532] x86/mm: Checked W+X mappings: passed, no W+X pages found.
[    0.853536] Run /init as init process
[    0.962592] ACPI: Video Device [GFX0] (multi-head: yes  rom: no  post: no)
[    0.962665] input: Video Bus as /devices/LNXSYSTM:00/LNXSYBUS:00/PNP0A03:00/LNXVIDEO:00/input/input4
[    0.975216] pcnet32: pcnet32.c:v1.35 21.Apr.2008 tsbogend@alpha.franken.de
[    0.975969] pcnet32: PCnet/FAST III 79C973 at 0xd020, 08:00:27:b9:47:7c assigned IRQ 19
[    0.976011] pcnet32: Found PHY 0022:561b at address 0
[    0.976307] pcnet32: eth0: registered as PCnet/FAST III 79C973
[    0.976697] pcnet32: 1 cards_found
[    0.978214] piix4_smbus 0000:00:07.0: SMBus Host Controller at 0x4100, revision 0
[    0.981826] e1000: Intel(R) PRO/1000 Network Driver - version 7.3.21-k8-NAPI
[    0.981827] e1000: Copyright (c) 1999-2006 Intel Corporation.
[    1.055455] pcnet32 0000:00:03.0 enp0s3: renamed from eth0
[    1.193246] input: ImExPS/2 Generic Explorer Mouse as /devices/platform/i8042/serio1/input/input5
[    1.391465] e1000 0000:00:08.0 eth0: (PCI:33MHz:32-bit) 08:00:27:5e:d4:9f
[    1.391469] e1000 0000:00:08.0 eth0: Intel(R) PRO/1000 Network Connection
[    1.763496] e1000 0000:00:09.0 eth1: (PCI:33MHz:32-bit) 08:00:27:23:ca:de
[    1.763498] e1000 0000:00:09.0 eth1: Intel(R) PRO/1000 Network Connection
[    1.764647] e1000 0000:00:09.0 enp0s9: renamed from eth1
[    1.766405] e1000 0000:00:08.0 enp0s8: renamed from eth0
[    1.914960] EXT4-fs (sda2): mounted filesystem with ordered data mode. Opts: (null)
[    2.009333] systemd[1]: Inserted module 'autofs4'
[    2.020033] systemd[1]: systemd 245.4-4ubuntu3 running in system mode. (+PAM +AUDIT +SELINUX +IMA +APPARMOR +SMACK +SYSVINIT +UTMP +LIBCRYPTSETUP +GCRYPT +GNUTLS +ACL +XZ +LZ4 +SECCOMP +BLKID +ELFUTILS +KMOD +IDN2 -IDN +PCRE2 default-hierarchy=hybrid)
[    2.020065] systemd[1]: Detected virtualization oracle.
[    2.020071] systemd[1]: Detected architecture x86-64.
[    2.021345] systemd[1]: Set hostname to <ztg>.
[    2.147463] systemd[1]: /lib/systemd/system/dbus.socket:5: ListenStream= references a path below legacy directory /var/run/, updating /var/run/dbus/system_bus_socket â†’ /run/dbus/system_bus_socket; please update the unit file accordingly.
[    2.204170] systemd[1]: Created slice system-modprobe.slice.
[    2.204353] systemd[1]: Created slice User and Session Slice.
[    2.204398] systemd[1]: Started Forward Password Requests to Wall Directory Watch.
[    2.204556] systemd[1]: Set up automount Arbitrary Executable File Formats File System Automount Point.
[    2.204587] systemd[1]: Reached target User and Group Name Lookups.
[    2.204596] systemd[1]: Reached target Remote File Systems.
[    2.204604] systemd[1]: Reached target Slices.
[    2.205201] systemd[1]: Listening on Syslog Socket.
[    2.205266] systemd[1]: Listening on fsck to fsckd communication Socket.
[    2.205304] systemd[1]: Listening on initctl Compatibility Named Pipe.
[    2.205441] systemd[1]: Listening on Journal Audit Socket.
[    2.205492] systemd[1]: Listening on Journal Socket (/dev/log).
[    2.205558] systemd[1]: Listening on Journal Socket.
[    2.205621] systemd[1]: Listening on udev Control Socket.
[    2.205661] systemd[1]: Listening on udev Kernel Socket.
[    2.206397] systemd[1]: Mounting Huge Pages File System...
[    2.207397] systemd[1]: Mounting POSIX Message Queue File System...
[    2.208299] systemd[1]: Mounting Kernel Debug File System...
[    2.209146] systemd[1]: Mounting Kernel Trace File System...
[    2.211044] systemd[1]: Starting Journal Service...
[    2.233954] systemd[1]: Starting Set the console keyboard layout...
[    2.241983] systemd[1]: Starting Create list of static device nodes for the current kernel...
[    2.243830] systemd[1]: Starting Load Kernel Module drm...
[    2.244865] systemd[1]: Condition check resulted in Set Up Additional Binary Formats being skipped.
[    2.244915] systemd[1]: Condition check resulted in File System Check on Root Device being skipped.
[    2.255930] systemd[1]: Starting Load Kernel Modules...
[    2.256825] systemd[1]: Starting Remount Root and Kernel File Systems...
[    2.271882] systemd[1]: Starting udev Coldplug all Devices...
[    2.281226] systemd[1]: Starting Uncomplicated firewall...
[    2.288674] systemd[1]: Mounted Huge Pages File System.
[    2.288759] systemd[1]: Mounted POSIX Message Queue File System.
[    2.288830] systemd[1]: Mounted Kernel Debug File System.
[    2.288905] systemd[1]: Mounted Kernel Trace File System.
[    2.289596] EXT4-fs (sda2): re-mounted. Opts: errors=remount-ro
[    2.310877] systemd[1]: Finished Create list of static device nodes for the current kernel.
[    2.311793] systemd[1]: modprobe@drm.service: Succeeded.
[    2.318847] systemd[1]: Finished Load Kernel Module drm.
[    2.320032] systemd[1]: Finished Remount Root and Kernel File Systems.
[    2.335380] systemd[1]: Finished Uncomplicated firewall.
[    2.347111] lp: driver loaded but no devices found
[    2.350302] systemd[1]: Condition check resulted in Rebuild Hardware Database being skipped.
[    2.350335] systemd[1]: Condition check resulted in Platform Persistent Storage Archival being skipped.
[    2.350955] systemd[1]: Starting Load/Save Random Seed...
[    2.355603] systemd[1]: Starting Create System Users...
[    2.361130] ppdev: user-space parallel port driver
[    2.371246] systemd[1]: Finished Load/Save Random Seed.
[    2.374433] systemd[1]: Finished Create System Users.
[    2.375120] systemd[1]: Starting Create Static Device Nodes in /dev...
[    2.401700] systemd[1]: Finished Create Static Device Nodes in /dev.
[    2.402466] systemd[1]: Starting udev Kernel Device Manager...
[    2.445765] systemd[1]: Finished udev Coldplug all Devices.
[    2.448652] [drm] DMA map mode: Caching DMA mappings.
[    2.448747] [drm] Capabilities:
[    2.448747] [drm]   Rect copy.
[    2.448747] [drm]   Cursor.
[    2.448748] [drm]   Cursor bypass.
[    2.448748] [drm]   Cursor bypass 2.
[    2.448748] [drm]   Alpha cursor.
[    2.448749] [drm]   Extended Fifo.
[    2.448749] [drm]   Pitchlock.
[    2.448749] [drm]   Irq mask.
[    2.448750] [drm]   GMR.
[    2.448750] [drm]   Traces.
[    2.448750] [drm]   GMR2.
[    2.448751] [drm]   Screen Object 2.
[    2.448751] [drm]   Command Buffers.
[    2.448751] [drm]   Command Buffers 2.
[    2.448752] [drm]   Guest Backed Resources.
[    2.448753] [drm] Max GMR ids is 8192
[    2.448753] [drm] Max number of GMR pages is 1048576
[    2.448754] [drm] Max dedicated hypervisor surface memory is 393216 kiB
[    2.448754] [drm] Maximum display memory size is 131072 kiB
[    2.448755] [drm] VRAM at 0xe0000000 size is 131072 kiB
[    2.448756] [drm] MMIO at 0xf0000000 size is 2048 kiB
[    2.449767] [TTM] Zone  kernel: Available graphics memory: 1011738 KiB
[    2.449768] [TTM] Initializing pool allocator
[    2.449771] [TTM] Initializing DMA pool allocator
[    2.449848] [drm] Supports vblank timestamp caching Rev 2 (21.10.2013).
[    2.449849] [drm] No driver support for vblank timestamp query.
[    2.450100] [drm] Screen Target Display device initialized
[    2.450310] [drm] width 720
[    2.450319] [drm] height 400
[    2.450322] [drm] bpp 32
[    2.450863] [drm] Fifo max 0x00200000 min 0x00001000 cap 0x00000355
[    2.452147] [drm] Using command buffers with DMA pool.
[    2.452150] [drm] DX: no.
[    2.452151] [drm] Atomic: yes.
[    2.452151] [drm] SM4_1: no.
[    2.452170] [drm:vmw_host_log [vmwgfx]] *ERROR* Failed to send host log message.
[    2.453066] [drm:vmw_host_log [vmwgfx]] *ERROR* Failed to send host log message.
[    2.467548] fbcon: svgadrmfb (fb0) is primary device
[    2.469639] Console: switching to colour frame buffer device 100x37
[    2.476092] [drm] Initialized vmwgfx 2.15.0 20180704 for 0000:00:02.0 on minor 0
[    2.477998] systemd[1]: Finished Load Kernel Modules.
[    2.478883] systemd[1]: Mounting FUSE Control File System...
[    2.481502] systemd[1]: Mounting Kernel Configuration File System...
[    2.513631] systemd[1]: Starting Apply Kernel Variables...
[    2.520756] systemd[1]: Mounted FUSE Control File System.
[    2.520833] systemd[1]: Condition check resulted in VMware vmblock fuse mount being skipped.
[    2.528448] systemd[1]: Mounted Kernel Configuration File System.
[    2.535970] systemd[1]: Finished Set the console keyboard layout.
[    2.536060] systemd[1]: Reached target Local File Systems (Pre).
[    2.539163] systemd[1]: Mounting Mount unit for bare, revision 5...
[    2.549214] systemd[1]: Mounting Mount unit for core18, revision 1705...
[    2.555602] systemd[1]: Mounting Mount unit for gnome-3-34-1804, revision 24...
[    2.557857] systemd[1]: Mounting Mount unit for gtk-common-themes, revision 1506...
[    2.584394] systemd[1]: Mounting Mount unit for gtk-common-themes, revision 1535...
[    2.589781] systemd[1]: Mounting Mount unit for snap-store, revision 433...
[    2.598659] systemd[1]: Mounting Mount unit for snapd, revision 7264...
[    2.615752] systemd[1]: Finished Apply Kernel Variables.
[    2.616794] systemd[1]: Mounted Mount unit for bare, revision 5.
[    2.616882] systemd[1]: Mounted Mount unit for core18, revision 1705.
[    2.616955] systemd[1]: Mounted Mount unit for gnome-3-34-1804, revision 24.
[    2.617024] systemd[1]: Mounted Mount unit for gtk-common-themes, revision 1506.
[    2.621622] systemd[1]: Started udev Kernel Device Manager.
[    2.622280] systemd[1]: Starting Show Plymouth Boot Screen...
[    2.627001] systemd[1]: Received SIGRTMIN+20 from PID 275 (plymouthd).
[    2.651216] systemd[1]: Started Show Plymouth Boot Screen.
[    2.651356] systemd[1]: Condition check resulted in Dispatch Password Requests to Console Directory Watch being skipped.
[    2.651451] systemd[1]: Started Forward Password Requests to Plymouth Directory Watch.
[    2.651483] systemd[1]: Reached target Local Encrypted Volumes.
[    2.670334] systemd[1]: Mounted Mount unit for gtk-common-themes, revision 1535.
[    2.719094] systemd[1]: Mounted Mount unit for snap-store, revision 433.
[    2.719355] systemd[1]: Mounted Mount unit for snapd, revision 7264.
[    2.719507] systemd[1]: Reached target Local File Systems.
[    2.721917] systemd[1]: Starting Load AppArmor profiles...
[    2.722789] systemd[1]: Starting Set console font and keymap...
[    2.733527] systemd[1]: Starting Tell Plymouth To Write Out Runtime Data...
[    2.735416] systemd[1]: Condition check resulted in Store a System Token in an EFI Variable being skipped.
[    2.735463] systemd[1]: Condition check resulted in Commit a transient machine-id on disk being skipped.
[    2.741500] systemd[1]: Finished Set console font and keymap.
[    2.746870] systemd[1]: Received SIGRTMIN+20 from PID 275 (plymouthd).
[    2.748742] systemd[1]: plymouth-read-write.service: Succeeded.
[    2.748978] systemd[1]: Finished Tell Plymouth To Write Out Runtime Data.
[    2.784647] audit: type=1400 audit(1768660280.640:2): apparmor="STATUS" operation="profile_load" profile="unconfined" name="nvidia_modprobe" pid=301 comm="apparmor_parser"
[    2.784649] audit: type=1400 audit(1768660280.640:3): apparmor="STATUS" operation="profile_load" profile="unconfined" name="nvidia_modprobe//kmod" pid=301 comm="apparmor_parser"
[    2.790567] audit: type=1400 audit(1768660280.644:4): apparmor="STATUS" operation="profile_load" profile="unconfined" name="/usr/sbin/tcpdump" pid=302 comm="apparmor_parser"
[    2.835595] audit: type=1400 audit(1768660280.680:5): apparmor="STATUS" operation="profile_load" profile="unconfined" name="/usr/bin/evince" pid=304 comm="apparmor_parser"
[    2.835597] audit: type=1400 audit(1768660280.680:6): apparmor="STATUS" operation="profile_load" profile="unconfined" name="/usr/bin/evince//sanitized_helper" pid=304 comm="apparmor_parser"
[    2.835598] audit: type=1400 audit(1768660280.680:7): apparmor="STATUS" operation="profile_load" profile="unconfined" name="/usr/bin/evince-previewer" pid=304 comm="apparmor_parser"
[    2.835600] audit: type=1400 audit(1768660280.680:8): apparmor="STATUS" operation="profile_load" profile="unconfined" name="/usr/bin/evince-previewer//sanitized_helper" pid=304 comm="apparmor_parser"
[    2.835601] audit: type=1400 audit(1768660280.680:9): apparmor="STATUS" operation="profile_load" profile="unconfined" name="/usr/bin/evince-thumbnailer" pid=304 comm="apparmor_parser"
[    2.849421] audit: type=1400 audit(1768660280.704:10): apparmor="STATUS" operation="profile_load" profile="unconfined" name="/usr/lib/cups/backend/cups-pdf" pid=305 comm="apparmor_parser"
[    2.928937] systemd[1]: Finished Load AppArmor profiles.
[    2.929845] systemd[1]: Starting Load AppArmor profiles managed internally by snapd...
[    2.994848] systemd[1]: Finished Load AppArmor profiles managed internally by snapd.
[    3.183736] systemd[1]: Started Journal Service.
[    3.190685] systemd-journald[229]: Received client request to flush runtime journal.
[    3.195929] systemd-journald[229]: File /var/log/journal/c455b248004a419c87ce85eea238d727/system.journal corrupted or uncleanly shut down, renaming and replacing.
[    4.476642] RAPL PMU: API unit is 2^-32 Joules, 0 fixed counters, 10737418240 ms ovfl timer
[    4.567934] cryptd: max_cpu_qlen set to 1000
[    4.604891] AVX2 version of gcm_enc/dec engaged.
[    4.604892] AES CTR mode by8 optimization enabled
[    5.419151] Adding 1998844k swap on /dev/sda1.  Priority:-2 extents:1 across:1998844k FS
[    7.274138] kauditd_printk_skb: 30 callbacks suppressed
[    7.274140] audit: type=1400 audit(1768660285.124:41): apparmor="DENIED" operation="capable" profile="/usr/sbin/cups-browsed" pid=496 comm="cups-browsed" capability=23  capname="sys_nice"
[    7.741267] pcnet32 0000:00:03.0 enp0s3: link up, 100Mbps, full-duplex
[    7.777164] e1000: enp0s8 NIC Link is Up 1000 Mbps Full Duplex, Flow Control: RX
[    7.777452] IPv6: ADDRCONF(NETDEV_CHANGE): enp0s8: link becomes ready
[    7.788819] e1000: enp0s9 NIC Link is Up 1000 Mbps Full Duplex, Flow Control: RX
[    7.789105] IPv6: ADDRCONF(NETDEV_CHANGE): enp0s9: link becomes ready
[    8.365685] device enp0s3 entered promiscuous mode
[    8.390085] audit: type=1400 audit(1768660286.244:42): apparmor="DENIED" operation="open" profile="/usr/sbin/tcpdump" name="/proc/sys/kernel/random/boot_id" pid=677 comm="tcpdump" requested_mask="r" denied_mask="r" fsuid=0 ouid=0
[    8.391529] audit: type=1400 audit(1768660286.244:43): apparmor="DENIED" operation="open" profile="/usr/sbin/tcpdump" name="/proc/sys/kernel/random/boot_id" pid=677 comm="tcpdump" requested_mask="r" denied_mask="r" fsuid=0 ouid=0
[    8.391737] audit: type=1400 audit(1768660286.244:44): apparmor="DENIED" operation="open" profile="/usr/sbin/tcpdump" name="/proc/sys/kernel/random/boot_id" pid=677 comm="tcpdump" requested_mask="r" denied_mask="r" fsuid=0 ouid=0
[    8.391875] audit: type=1400 audit(1768660286.244:45): apparmor="DENIED" operation="open" profile="/usr/sbin/tcpdump" name="/proc/sys/kernel/random/boot_id" pid=677 comm="tcpdump" requested_mask="r" denied_mask="r" fsuid=0 ouid=0
[    8.396852] audit: type=1400 audit(1768660286.248:46): apparmor="DENIED" operation="open" profile="/usr/sbin/tcpdump" name="/proc/sys/kernel/random/boot_id" pid=678 comm="tcpdump" requested_mask="r" denied_mask="r" fsuid=0 ouid=0
[    8.396933] audit: type=1400 audit(1768660286.248:47): apparmor="DENIED" operation="open" profile="/usr/sbin/tcpdump" name="/proc/sys/kernel/random/boot_id" pid=678 comm="tcpdump" requested_mask="r" denied_mask="r" fsuid=0 ouid=0
[    8.396976] audit: type=1400 audit(1768660286.248:48): apparmor="DENIED" operation="open" profile="/usr/sbin/tcpdump" name="/proc/sys/kernel/random/boot_id" pid=678 comm="tcpdump" requested_mask="r" denied_mask="r" fsuid=0 ouid=0
[    8.396995] audit: type=1400 audit(1768660286.248:49): apparmor="DENIED" operation="open" profile="/usr/sbin/tcpdump" name="/proc/sys/kernel/random/boot_id" pid=678 comm="tcpdump" requested_mask="r" denied_mask="r" fsuid=0 ouid=0
[   13.152606] rfkill: input handler disabled
[  218.397270] AAAAA-TCP_FORW: name:enp0s3: saddr:100932208: daddr:16783984
[  218.479871] AAAAA-TCP_FORW: name:enp0s3: saddr:100932208: daddr:16783984
[  218.555900] AAAAA-TCP_FORW: name:enp0s3: saddr:100932208: daddr:33561200
[  218.711860] AAAAA-TCP_FORW: name:enp0s3: saddr:100932208: daddr:33561200
[  218.759740] AAAAA-TCP_FORW: name:enp0s3: saddr:100932208: daddr:33561200
[  218.814542] AAAAA-TCP_FORW: name:enp0s3: saddr:100932208: daddr:33561200
[  218.913291] AAAAA-TCP_FORW: name:enp0s3: saddr:100932208: daddr:33561200
[  218.978044] AAAAA-TCP_FORW: name:enp0s3: saddr:100932208: daddr:33561200
[  219.047502] AAAAA-TCP_FORW: name:enp0s3: saddr:100932208: daddr:33561200
[  219.241886] AAAAA-TCP_FORW: name:enp0s3: saddr:100932208: daddr:33561200
[  219.300954] AAAAA-TCP_FORW: name:enp0s3: saddr:100932208: daddr:33561200
[  219.575660] AAAAA-TCP_FORW: name:enp0s3: saddr:100932208: daddr:33561200
[  219.652317] AAAAA-TCP_FORW: name:enp0s3: saddr:100932208: daddr:16783984
[  219.761843] AAAAA-TCP_FORW: name:enp0s3: saddr:100932208: daddr:16783984
[  219.848810] AAAAA-TCP_FORW: name:enp0s3: saddr:100932208: daddr:16783984
[  219.917838] AAAAA-TCP_FORW: name:enp0s3: saddr:100932208: daddr:16783984
[  220.129362] AAAAA-TCP_FORW: name:enp0s3: saddr:100932208: daddr:16783984
[  220.213886] AAAAA-TCP_FORW: name:enp0s3: saddr:100932208: daddr:16783984
[  220.313034] AAAAA-TCP_FORW: name:enp0s3: saddr:100932208: daddr:33561200
[  220.379101] AAAAA-TCP_FORW: name:enp0s3: saddr:100932208: daddr:16783984
[  220.550849] AAAAA-TCP_FORW: name:enp0s3: saddr:100932208: daddr:16783984
[  220.671937] AAAAA-TCP_FORW: name:enp0s3: saddr:100932208: daddr:16783984
[  220.829555] AAAAA-TCP_FORW: name:enp0s3: saddr:100932208: daddr:16783984
[  220.933672] AAAAA-TCP_FORW: name:enp0s3: saddr:100932208: daddr:16783984
[  220.999258] AAAAA-TCP_FORW: name:enp0s3: saddr:100932208: daddr:16783984
[  221.118647] AAAAA-TCP_FORW: name:enp0s3: saddr:100932208: daddr:16783984
[  221.182480] AAAAA-TCP_FORW: name:enp0s3: saddr:100932208: daddr:33561200
[  221.349891] AAAAA-TCP_FORW: name:enp0s3: saddr:100932208: daddr:16783984
[  221.545662] AAAAA-TCP_FORW: name:enp0s3: saddr:100932208: daddr:16783984
[  221.864522] AAAAA-TCP_FORW: name:enp0s3: saddr:100932208: daddr:16783984
[  222.039357] AAAAA-TCP_FORW: name:enp0s3: saddr:100932208: daddr:16783984
[  222.375264] AAAAA-TCP_FORW: name:enp0s3: saddr:100932208: daddr:33561200
[  222.458792] AAAAA-TCP_FORW: name:enp0s3: saddr:100932208: daddr:33561200
[  222.542174] AAAAA-TCP_FORW: name:enp0s3: saddr:100932208: daddr:33561200
[  222.594995] AAAAA-TCP_FORW: name:enp0s3: saddr:100932208: daddr:33561200
[  222.797771] AAAAA-TCP_FORW: name:enp0s3: saddr:100932208: daddr:33561200
[  222.867330] AAAAA-TCP_FORW: name:enp0s3: saddr:100932208: daddr:33561200
[  222.925135] AAAAA-TCP_FORW: name:enp0s3: saddr:100932208: daddr:33561200
[  223.025503] AAAAA-TCP_FORW: name:enp0s3: saddr:100932208: daddr:33561200
[  223.080371] AAAAA-TCP_FORW: name:enp0s3: saddr:100932208: daddr:33561200
[  223.187368] AAAAA-TCP_FORW: name:enp0s3: saddr:100932208: daddr:33561200
[  223.222264] AAAAA-TCP_FORW: name:enp0s3: saddr:100932208: daddr:33561200
[  223.270129] AAAAA-TCP_FORW: name:enp0s3: saddr:100932208: daddr:33561200
[  223.328647] AAAAA-TCP_FORW: name:enp0s3: saddr:100932208: daddr:33561200
[  223.356518] AAAAA-TCP_FORW: name:enp0s3: saddr:100932208: daddr:33561200
[  223.396222] AAAAA-TCP_FORW: name:enp0s3: saddr:100932208: daddr:33561200
[  223.502352] AAAAA-TCP_FORW: name:enp0s3: saddr:100932208: daddr:33561200
[  223.554137] AAAAA-TCP_FORW: name:enp0s3: saddr:100932208: daddr:16783984
[  223.598297] AAAAA-TCP_FORW: name:enp0s3: saddr:100932208: daddr:16783984
[  223.655532] AAAAA-TCP_FORW: name:enp0s3: saddr:100932208: daddr:16783984
[  223.830527] AAAAA-TCP_FORW: name:enp0s3: saddr:100932208: daddr:16783984
[  223.869825] AAAAA-TCP_FORW: name:enp0s3: saddr:100932208: daddr:16783984
[  223.875977] AAAAA-TCP_FORW: name:enp0s3: saddr:100932208: daddr:16783984
[  224.061343] AAAAA-TCP_FORW: name:enp0s3: saddr:100932208: daddr:16783984
[  224.202253] AAAAA-TCP_FORW: name:enp0s3: saddr:100932208: daddr:16783984
[  224.394809] AAAAA-TCP_FORW: name:enp0s3: saddr:100932208: daddr:16783984
[  224.460377] AAAAA-TCP_FORW: name:enp0s3: saddr:100932208: daddr:16783984
[  224.556610] AAAAA-TCP_FORW: name:enp0s3: saddr:100932208: daddr:16783984
[  224.640747] AAAAA-TCP_FORW: name:enp0s3: saddr:100932208: daddr:16783984
[  224.751914] AAAAA-TCP_FORW: name:enp0s3: saddr:100932208: daddr:16783984
[  224.951224] AAAAA-TCP_FORW: name:enp0s3: saddr:100932208: daddr:16783984
[  225.365790] AAAAA-TCP_FORW: name:enp0s3: saddr:100932208: daddr:16783984
[  225.447567] AAAAA-TCP_FORW: name:enp0s3: saddr:100932208: daddr:16783984
[  225.529153] AAAAA-TCP_FORW: name:enp0s3: saddr:100932208: daddr:16783984
[  225.620949] AAAAA-TCP_FORW: name:enp0s3: saddr:100932208: daddr:33561200
[  225.666199] AAAAA-TCP_FORW: name:enp0s3: saddr:100932208: daddr:33561200
[  225.765483] AAAAA-TCP_FORW: name:enp0s3: saddr:100932208: daddr:33561200
[  225.829903] AAAAA-TCP_FORW: name:enp0s3: saddr:100932208: daddr:33561200
[  226.014503] AAAAA-TCP_FORW: name:enp0s3: saddr:100932208: daddr:33561200
[  226.077272] AAAAA-TCP_FORW: name:enp0s3: saddr:100932208: daddr:33561200
[  226.152120] AAAAA-TCP_FORW: name:enp0s3: saddr:100932208: daddr:33561200
[  226.228733] AAAAA-TCP_FORW: name:enp0s3: saddr:100932208: daddr:33561200
[  226.302397] AAAAA-TCP_FORW: name:enp0s3: saddr:100932208: daddr:33561200
[  226.329128] AAAAA-TCP_FORW: name:enp0s3: saddr:100932208: daddr:33561200
[  226.454455] AAAAA-TCP_FORW: name:enp0s3: saddr:100932208: daddr:33561200
[  226.523560] AAAAA-TCP_FORW: name:enp0s3: saddr:100932208: daddr:33561200
[  226.567054] AAAAA-TCP_FORW: name:enp0s3: saddr:100932208: daddr:33561200
[  226.644054] AAAAA-TCP_FORW: name:enp0s3: saddr:100932208: daddr:33561200
[  226.667518] AAAAA-TCP_FORW: name:enp0s3: saddr:100932208: daddr:33561200
[  226.719275] AAAAA-TCP_FORW: name:enp0s3: saddr:100932208: daddr:33561200
[  226.779104] AAAAA-TCP_FORW: name:enp0s3: saddr:100932208: daddr:16783984
[  226.822893] AAAAA-TCP_FORW: name:enp0s3: saddr:100932208: daddr:16783984
[  226.874670] AAAAA-TCP_FORW: name:enp0s3: saddr:100932208: daddr:16783984
[  226.928650] AAAAA-TCP_FORW: name:enp0s3: saddr:100932208: daddr:16783984
[  227.050267] AAAAA-TCP_FORW: name:enp0s3: saddr:100932208: daddr:16783984
[  227.162052] AAAAA-TCP_FORW: name:enp0s3: saddr:100932208: daddr:16783984
[  227.446805] AAAAA-TCP_FORW: name:enp0s3: saddr:100932208: daddr:16783984
[  227.537640] AAAAA-TCP_FORW: name:enp0s3: saddr:100932208: daddr:16783984
[  227.659018] AAAAA-TCP_FORW: name:enp0s3: saddr:100932208: daddr:16783984
[  227.709951] AAAAA-TCP_FORW: name:enp0s3: saddr:100932208: daddr:16783984
[  227.774006] AAAAA-TCP_FORW: name:enp0s3: saddr:100932208: daddr:16783984
[  227.882312] AAAAA-TCP_FORW: name:enp0s3: saddr:100932208: daddr:16783984
[  228.000755] AAAAA-TCP_FORW: name:enp0s3: saddr:100932208: daddr:16783984
[  228.579353] AAAAA-TCP_FORW: name:enp0s3: saddr:100932208: daddr:33561200
[  228.624989] AAAAA-TCP_FORW: name:enp0s3: saddr:100932208: daddr:33561200
[  251.373725] AAAAA-TCP_FORW: name:enp0s3: saddr:100932208: daddr:16783984
[  251.447420] AAAAA-TCP_FORW: name:enp0s3: saddr:100932208: daddr:16783984
[  251.575165] AAAAA-TCP_FORW: name:enp0s3: saddr:100932208: daddr:16783984
[  251.691238] AAAAA-TCP_FORW: name:enp0s3: saddr:100932208: daddr:33561200
[  251.793615] AAAAA-TCP_FORW: name:enp0s3: saddr:100932208: daddr:33561200
[  251.978390] AAAAA-TCP_FORW: name:enp0s3: saddr:100932208: daddr:16783984
[  252.357645] AAAAA-TCP_FORW: name:enp0s3: saddr:100932208: daddr:33561200
[  252.693975] AAAAA-TCP_FORW: name:enp0s3: saddr:100932208: daddr:16783984
[  252.989407] AAAAA-TCP_FORW: name:enp0s3: saddr:100932208: daddr:33561200
[  253.122826] AAAAA-TCP_FORW: name:enp0s3: saddr:100932208: daddr:16783984
[  253.236440] AAAAA-TCP_FORW: name:enp0s3: saddr:100932208: daddr:33561200
[  255.754037] AAAAA-TCP_FORW: name:enp0s3: saddr:100932208: daddr:16783984
[  255.821673] AAAAA-TCP_FORW: name:enp0s3: saddr:100932208: daddr:16783984
[  255.937127] AAAAA-TCP_FORW: name:enp0s3: saddr:100932208: daddr:33561200
[  256.192219] AAAAA-TCP_FORW: name:enp0s3: saddr:100932208: daddr:16783984
[  256.317156] AAAAA-TCP_FORW: name:enp0s3: saddr:100932208: daddr:16783984
[  256.429641] AAAAA-TCP_FORW: name:enp0s3: saddr:100932208: daddr:16783984
[  256.571164] AAAAA-TCP_FORW: name:enp0s3: saddr:100932208: daddr:16783984
[  256.689144] AAAAA-TCP_FORW: name:enp0s3: saddr:100932208: daddr:33561200
[  257.021629] AAAAA-TCP_FORW: name:enp0s3: saddr:100932208: daddr:33561200
[  257.120156] AAAAA-TCP_FORW: name:enp0s3: saddr:100932208: daddr:16783984
[  257.378328] AAAAA-TCP_FORW: name:enp0s3: saddr:100932208: daddr:16783984
[  257.509347] AAAAA-TCP_FORW: name:enp0s3: saddr:100932208: daddr:33561200
[  257.581290] AAAAA-TCP_FORW: name:enp0s3: saddr:100932208: daddr:33561200
[  257.648537] AAAAA-TCP_FORW: name:enp0s3: saddr:100932208: daddr:16783984
[  257.785409] AAAAA-TCP_FORW: name:enp0s3: saddr:100932208: daddr:16783984
[  257.894033] AAAAA-TCP_FORW: name:enp0s3: saddr:100932208: daddr:33561200
[  257.994438] AAAAA-TCP_FORW: name:enp0s3: saddr:100932208: daddr:16783984
[  258.056132] AAAAA-TCP_FORW: name:enp0s3: saddr:100932208: daddr:33561200
[  258.194714] AAAAA-TCP_FORW: name:enp0s3: saddr:100932208: daddr:33561200
[  258.316465] AAAAA-TCP_FORW: name:enp0s3: saddr:100932208: daddr:16783984
[  258.402754] AAAAA-TCP_FORW: name:enp0s3: saddr:100932208: daddr:16783984
[  258.501412] AAAAA-TCP_FORW: name:enp0s3: saddr:100932208: daddr:33561200
[  258.558741] AAAAA-TCP_FORW: name:enp0s3: saddr:100932208: daddr:16783984
[  258.730197] AAAAA-TCP_FORW: name:enp0s3: saddr:100932208: daddr:33561200
[  258.826115] AAAAA-TCP_FORW: name:enp0s3: saddr:100932208: daddr:16783984
[  258.928370] AAAAA-TCP_FORW: name:enp0s3: saddr:100932208: daddr:16783984
[  259.028942] AAAAA-TCP_FORW: name:enp0s3: saddr:100932208: daddr:16783984
[  259.079196] AAAAA-TCP_FORW: name:enp0s3: saddr:100932208: daddr:16783984
[  259.162596] AAAAA-TCP_FORW: name:enp0s3: saddr:100932208: daddr:33561200
[  259.252516] AAAAA-TCP_FORW: name:enp0s3: saddr:100932208: daddr:33561200
[  259.326854] AAAAA-TCP_FORW: name:enp0s3: saddr:100932208: daddr:33561200
[  259.461783] AAAAA-TCP_FORW: name:enp0s3: saddr:100932208: daddr:33561200
[  259.689842] AAAAA-TCP_FORW: name:enp0s3: saddr:100932208: daddr:33561200
[  259.807053] AAAAA-TCP_FORW: name:enp0s3: saddr:100932208: daddr:16783984
[  259.920711] AAAAA-TCP_FORW: name:enp0s3: saddr:100932208: daddr:16783984
[  260.027970] AAAAA-TCP_FORW: name:enp0s3: saddr:100932208: daddr:16783984
[  260.281751] AAAAA-TCP_FORW: name:enp0s3: saddr:100932208: daddr:33561200
[  260.425983] AAAAA-TCP_FORW: name:enp0s3: saddr:100932208: daddr:16783984
[  260.585679] AAAAA-TCP_FORW: name:enp0s3: saddr:100932208: daddr:16783984
[  260.689767] AAAAA-TCP_FORW: name:enp0s3: saddr:100932208: daddr:16783984
[  260.824791] AAAAA-TCP_FORW: name:enp0s3: saddr:100932208: daddr:16783984
[  260.915882] AAAAA-TCP_FORW: name:enp0s3: saddr:100932208: daddr:16783984
[  261.030413] AAAAA-TCP_FORW: name:enp0s3: saddr:100932208: daddr:16783984
[  483.913829] rfkill: input handler enabled
[  492.413244] rfkill: input handler disabled
[  708.509506] device enp0s3 left promiscuous mode
