[    0.000000] Linux version 5.4.243-mptcp (root@ztg) (gcc version 12.2.0 (Debian 12.2.0-14+deb12u1)) #53 SMP Wed Dec 24 23:28:15 CST 2025
[    0.000000] Command line: BOOT_IMAGE=/boot/vmlinuz-5.4.243-mptcp root=UUID=98415a12-53b7-4144-8265-0f7ece09e445 ro quiet splash
[    0.000000] KERNEL supported cpus:
[    0.000000]   Intel GenuineIntel
[    0.000000]   AMD AuthenticAMD
[    0.000000]   Hygon HygonGenuine
[    0.000000]   Centaur CentaurHauls
[    0.000000]   zhaoxin   Shanghai  
[    0.000000] x86/fpu: Supporting XSAVE feature 0x001: 'x87 floating point registers'
[    0.000000] x86/fpu: Supporting XSAVE feature 0x002: 'SSE registers'
[    0.000000] x86/fpu: Supporting XSAVE feature 0x004: 'AVX registers'
[    0.000000] x86/fpu: xstate_offset[2]:  576, xstate_sizes[2]:  256
[    0.000000] x86/fpu: Enabled xstate features 0x7, context size is 832 bytes, using 'standard' format.
[    0.000000] BIOS-provided physical RAM map:
[    0.000000] BIOS-e820: [mem 0x0000000000000000-0x000000000009fbff] usable
[    0.000000] BIOS-e820: [mem 0x000000000009fc00-0x000000000009ffff] reserved
[    0.000000] BIOS-e820: [mem 0x00000000000f0000-0x00000000000fffff] reserved
[    0.000000] BIOS-e820: [mem 0x0000000000100000-0x000000007ffeffff] usable
[    0.000000] BIOS-e820: [mem 0x000000007fff0000-0x000000007fffffff] ACPI data
[    0.000000] BIOS-e820: [mem 0x00000000fec00000-0x00000000fec00fff] reserved
[    0.000000] BIOS-e820: [mem 0x00000000fee00000-0x00000000fee00fff] reserved
[    0.000000] BIOS-e820: [mem 0x00000000fffc0000-0x00000000ffffffff] reserved
[    0.000000] NX (Execute Disable) protection: active
[    0.000000] SMBIOS 2.5 present.
[    0.000000] DMI: innotek GmbH VirtualBox/VirtualBox, BIOS VirtualBox 12/01/2006
[    0.000000] Hypervisor detected: KVM
[    0.000000] kvm-clock: Using msrs 4b564d01 and 4b564d00
[    0.000000] kvm-clock: cpu 0, msr 8001001, primary cpu clock
[    0.000000] kvm-clock: using sched offset of 4472058784 cycles
[    0.000003] clocksource: kvm-clock: mask: 0xffffffffffffffff max_cycles: 0x1cd42e4dffb, max_idle_ns: 881590591483 ns
[    0.000006] tsc: Detected 2100.000 MHz processor
[    0.001863] e820: update [mem 0x00000000-0x00000fff] usable ==> reserved
[    0.001865] e820: remove [mem 0x000a0000-0x000fffff] usable
[    0.001869] last_pfn = 0x7fff0 max_arch_pfn = 0x400000000
[    0.001937] MTRR default type: uncachable
[    0.001938] MTRR fixed ranges enabled:
[    0.001939]   00000-9FFFF write-back
[    0.001940]   A0000-BFFFF uncachable
[    0.001941]   C0000-FFFFF write-protect
[    0.001941] MTRR variable ranges enabled:
[    0.001943]   0 base 000000000000 mask 3FFF80000000 write-back
[    0.001944]   1 disabled
[    0.001944]   2 disabled
[    0.001945]   3 disabled
[    0.001945]   4 disabled
[    0.001945]   5 disabled
[    0.001946]   6 disabled
[    0.001946]   7 disabled
[    0.001947]   8 disabled
[    0.001947]   9 disabled
[    0.001948]   10 disabled
[    0.001948]   11 disabled
[    0.001948]   12 disabled
[    0.001949]   13 disabled
[    0.001949]   14 disabled
[    0.001950]   15 disabled
[    0.001966] x86/PAT: Configuration [0-7]: WB  WC  UC- UC  WB  WP  UC- WT  
[    0.002100] found SMP MP-table at [mem 0x0009fff0-0x0009ffff]
[    0.088758] check: Scanning 1 areas for low memory corruption
[    0.088992] RAMDISK: [mem 0x32271000-0x3512ffff]
[    0.089001] ACPI: Early table checksum verification disabled
[    0.089006] ACPI: RSDP 0x00000000000E0000 000024 (v02 VBOX  )
[    0.089012] ACPI: XSDT 0x000000007FFF0030 00003C (v01 VBOX   VBOXXSDT 00000001 ASL  00000061)
[    0.089019] ACPI: FACP 0x000000007FFF00F0 0000F4 (v04 VBOX   VBOXFACP 00000001 ASL  00000061)
[    0.089025] ACPI: DSDT 0x000000007FFF02E0 002353 (v02 VBOX   VBOXBIOS 00000002 VBOX 00029BF3)
[    0.089030] ACPI: FACS 0x000000007FFF0200 000040
[    0.089033] ACPI: FACS 0x000000007FFF0200 000040
[    0.089036] ACPI: APIC 0x000000007FFF0240 000054 (v02 VBOX   VBOXAPIC 00000001 ASL  00000061)
[    0.089040] ACPI: SSDT 0x000000007FFF02A0 000038 (v01 VBOX   VBOXCPUT 00000002 VBOX 00029BF3)
[    0.089043] ACPI: Reserving FACP table memory at [mem 0x7fff00f0-0x7fff01e3]
[    0.089044] ACPI: Reserving DSDT table memory at [mem 0x7fff02e0-0x7fff2632]
[    0.089045] ACPI: Reserving FACS table memory at [mem 0x7fff0200-0x7fff023f]
[    0.089045] ACPI: Reserving FACS table memory at [mem 0x7fff0200-0x7fff023f]
[    0.089046] ACPI: Reserving APIC table memory at [mem 0x7fff0240-0x7fff0293]
[    0.089047] ACPI: Reserving SSDT table memory at [mem 0x7fff02a0-0x7fff02d7]
[    0.089061] ACPI: Local APIC address 0xfee00000
[    0.089248] No NUMA configuration found
[    0.089249] Faking a node at [mem 0x0000000000000000-0x000000007ffeffff]
[    0.089259] NODE_DATA(0) allocated [mem 0x7ffc5000-0x7ffeffff]
[    0.089523] Zone ranges:
[    0.089524]   DMA      [mem 0x0000000000001000-0x0000000000ffffff]
[    0.089525]   DMA32    [mem 0x0000000001000000-0x000000007ffeffff]
[    0.089526]   Normal   empty
[    0.089527]   Device   empty
[    0.089527] Movable zone start for each node
[    0.089529] Early memory node ranges
[    0.089530]   node   0: [mem 0x0000000000001000-0x000000000009efff]
[    0.089531]   node   0: [mem 0x0000000000100000-0x000000007ffeffff]
[    0.089535] Zeroed struct page in unavailable ranges: 114 pages
[    0.089536] Initmem setup node 0 [mem 0x0000000000001000-0x000000007ffeffff]
[    0.089537] On node 0 totalpages: 524174
[    0.089538]   DMA zone: 64 pages used for memmap
[    0.089539]   DMA zone: 21 pages reserved
[    0.089540]   DMA zone: 3998 pages, LIFO batch:0
[    0.089618]   DMA32 zone: 8128 pages used for memmap
[    0.089618]   DMA32 zone: 520176 pages, LIFO batch:63
[    0.098978] ACPI: PM-Timer IO Port: 0x4008
[    0.098982] ACPI: Local APIC address 0xfee00000
[    0.099050] IOAPIC[0]: apic_id 1, version 32, address 0xfec00000, GSI 0-23
[    0.099053] ACPI: INT_SRC_OVR (bus 0 bus_irq 0 global_irq 2 dfl dfl)
[    0.099055] ACPI: INT_SRC_OVR (bus 0 bus_irq 9 global_irq 9 low level)
[    0.099057] ACPI: IRQ0 used by override.
[    0.099058] ACPI: IRQ9 used by override.
[    0.099061] Using ACPI (MADT) for SMP configuration information
[    0.099068] smpboot: Allowing 1 CPUs, 0 hotplug CPUs
[    0.099091] PM: Registered nosave memory: [mem 0x00000000-0x00000fff]
[    0.099093] PM: Registered nosave memory: [mem 0x0009f000-0x0009ffff]
[    0.099093] PM: Registered nosave memory: [mem 0x000a0000-0x000effff]
[    0.099094] PM: Registered nosave memory: [mem 0x000f0000-0x000fffff]
[    0.099095] [mem 0x80000000-0xfebfffff] available for PCI devices
[    0.099096] Booting paravirtualized kernel on KVM
[    0.099100] clocksource: refined-jiffies: mask: 0xffffffff max_cycles: 0xffffffff, max_idle_ns: 7645519600211568 ns
[    0.099104] setup_percpu: NR_CPUS:8192 nr_cpumask_bits:1 nr_cpu_ids:1 nr_node_ids:1
[    0.100095] percpu: Embedded 60 pages/cpu s208896 r8192 d28672 u2097152
[    0.100100] pcpu-alloc: s208896 r8192 d28672 u2097152 alloc=1*2097152
[    0.100100] pcpu-alloc: [0] 0 
[    0.100127] Built 1 zonelists, mobility grouping on.  Total pages: 515961
[    0.100128] Policy zone: DMA32
[    0.100129] Kernel command line: BOOT_IMAGE=/boot/vmlinuz-5.4.243-mptcp root=UUID=98415a12-53b7-4144-8265-0f7ece09e445 ro quiet splash
[    0.100984] Dentry cache hash table entries: 262144 (order: 9, 2097152 bytes, linear)
[    0.101131] Inode-cache hash table entries: 131072 (order: 8, 1048576 bytes, linear)
[    0.101182] mem auto-init: stack:off, heap alloc:on, heap free:off
[    0.101185] Calgary: detecting Calgary via BIOS EBDA area
[    0.101186] Calgary: Unable to locate Rio Grande table in EBDA - bailing!
[    0.106113] Memory: 1967332K/2096696K available (14339K kernel code, 2398K rwdata, 4712K rodata, 2728K init, 17260K bss, 129364K reserved, 0K cma-reserved)
[    0.107028] SLUB: HWalign=64, Order=0-3, MinObjects=0, CPUs=1, Nodes=1
[    0.107045] ftrace: allocating 43186 entries in 169 pages
[    0.126668] rcu: Hierarchical RCU implementation.
[    0.126670] rcu: 	RCU restricting CPUs from NR_CPUS=8192 to nr_cpu_ids=1.
[    0.126671] 	Tasks RCU enabled.
[    0.126672] rcu: RCU calculated value of scheduler-enlistment delay is 25 jiffies.
[    0.126673] rcu: Adjusting geometry for rcu_fanout_leaf=16, nr_cpu_ids=1
[    0.129663] NR_IRQS: 524544, nr_irqs: 256, preallocated irqs: 16
[    0.129885] random: crng init done
[    0.139214] Console: colour VGA+ 80x25
[    0.139219] printk: console [tty0] enabled
[    0.139242] ACPI: Core revision 20190816
[    0.139350] APIC: Switch to symmetric I/O mode setup
[    0.139600] x2apic enabled
[    0.139841] Switched APIC routing to physical x2apic.
[    0.140981] ..TIMER: vector=0x30 apic1=0 pin1=2 apic2=-1 pin2=-1
[    0.141006] clocksource: tsc-early: mask: 0xffffffffffffffff max_cycles: 0x1e4530a99b6, max_idle_ns: 440795257976 ns
[    0.141013] Calibrating delay loop (skipped) preset value.. 4200.00 BogoMIPS (lpj=8400000)
[    0.141015] pid_max: default: 32768 minimum: 301
[    0.141044] LSM: Security Framework initializing
[    0.141054] Yama: becoming mindful.
[    0.141083] AppArmor: AppArmor initialized
[    0.141119] Mount-cache hash table entries: 4096 (order: 3, 32768 bytes, linear)
[    0.141124] Mountpoint-cache hash table entries: 4096 (order: 3, 32768 bytes, linear)
[    0.141136] *** VALIDATE tmpfs ***
[    0.141274] *** VALIDATE proc ***
[    0.141319] *** VALIDATE cgroup1 ***
[    0.141320] *** VALIDATE cgroup2 ***
[    0.141467] process: using mwait in idle threads
[    0.141472] Last level iTLB entries: 4KB 64, 2MB 8, 4MB 8
[    0.141473] Last level dTLB entries: 4KB 64, 2MB 0, 4MB 0, 1GB 4
[    0.141494] Spectre V1 : Mitigation: usercopy/swapgs barriers and __user pointer sanitization
[    0.141499] Spectre V2 : Mitigation: Retpolines
[    0.141500] Spectre V2 : Spectre v2 / SpectreRSB mitigation: Filling RSB on context switch
[    0.141500] Spectre V2 : Spectre v2 / SpectreRSB : Filling RSB on VMEXIT
[    0.141501] RETBleed: WARNING: Spectre v2 mitigation leaves CPU vulnerable to RETBleed attacks, data leaks possible!
[    0.141856] RETBleed: Vulnerable
[    0.141857] Speculative Store Bypass: Vulnerable
[    0.141862] TAA: Mitigation: TSX disabled
[    0.141862] MMIO Stale Data: Mitigation: Clear CPU buffers
[    0.146610] Freeing SMP alternatives memory: 40K
[    0.259108] smpboot: CPU0: Intel(R) Xeon(R) Silver 4216 CPU @ 2.10GHz (family: 0x6, model: 0x55, stepping: 0x7)
[    0.259281] Performance Events: unsupported p6 CPU model 85 no PMU driver, software events only.
[    0.259321] rcu: Hierarchical SRCU implementation.
[    0.259883] NMI watchdog: Perf NMI watchdog permanently disabled
[    0.259937] smp: Bringing up secondary CPUs ...
[    0.259939] smp: Brought up 1 node, 1 CPU
[    0.259940] smpboot: Max logical packages: 1
[    0.259942] smpboot: Total of 1 processors activated (4200.00 BogoMIPS)
[    0.261008] devtmpfs: initialized
[    0.261008] x86/mm: Memory block size: 128MB
[    0.261008] clocksource: jiffies: mask: 0xffffffff max_cycles: 0xffffffff, max_idle_ns: 7645041785100000 ns
[    0.261008] futex hash table entries: 256 (order: 2, 16384 bytes, linear)
[    0.261008] pinctrl core: initialized pinctrl subsystem
[    0.261008] PM: RTC time: 17:41:31, date: 2026-01-17
[    0.261008] NET: Registered protocol family 16
[    0.261008] audit: initializing netlink subsys (disabled)
[    0.261008] EISA bus registered
[    0.261008] cpuidle: using governor ladder
[    0.261008] cpuidle: using governor menu
[    0.261008] ACPI: bus type PCI registered
[    0.261008] acpiphp: ACPI Hot Plug PCI Controller Driver version: 0.5
[    0.261008] PCI: Using configuration type 1 for base access
[    0.261930] audit: type=2000 audit(1768642898.287:1): state=initialized audit_enabled=0 res=1
[    0.262014] HugeTLB registered 2.00 MiB page size, pre-allocated 0 pages
[    0.262833] ACPI: Added _OSI(Module Device)
[    0.262834] ACPI: Added _OSI(Processor Device)
[    0.262834] ACPI: Added _OSI(3.0 _SCP Extensions)
[    0.262835] ACPI: Added _OSI(Processor Aggregator Device)
[    0.262836] ACPI: Added _OSI(Linux-Dell-Video)
[    0.262837] ACPI: Added _OSI(Linux-Lenovo-NV-HDMI-Audio)
[    0.262838] ACPI: Added _OSI(Linux-HPI-Hybrid-Graphics)
[    0.265156] ACPI: 2 ACPI AML tables successfully acquired and loaded
[    0.266896] ACPI: Interpreter enabled
[    0.266907] ACPI: (supports S0 S5)
[    0.266908] ACPI: Using IOAPIC for interrupt routing
[    0.267115] PCI: Using host bridge windows from ACPI; if necessary, use "pci=nocrs" and report a bug
[    0.267221] ACPI: Enabled 2 GPEs in block 00 to 07
[    0.272142] ACPI: PCI Root Bridge [PCI0] (domain 0000 [bus 00-ff])
[    0.272148] acpi PNP0A03:00: _OSC: OS supports [ASPM ClockPM Segments MSI HPX-Type3]
[    0.272601] acpi PNP0A03:00: _OSC: not requesting OS control; OS requires [ExtendedConfig ASPM ClockPM MSI]
[    0.272614] acpi PNP0A03:00: fail to add MMCONFIG information, can't access extended PCI configuration space under this bridge.
[    0.273081] PCI host bridge to bus 0000:00
[    0.273084] pci_bus 0000:00: root bus resource [io  0x0000-0x0cf7 window]
[    0.273085] pci_bus 0000:00: root bus resource [io  0x0d00-0xffff window]
[    0.273086] pci_bus 0000:00: root bus resource [mem 0x000a0000-0x000bffff window]
[    0.273087] pci_bus 0000:00: root bus resource [mem 0x80000000-0xfdffffff window]
[    0.273088] pci_bus 0000:00: root bus resource [bus 00-ff]
[    0.273133] pci 0000:00:00.0: [8086:1237] type 00 class 0x060000
[    0.274078] pci 0000:00:01.0: [8086:7000] type 00 class 0x060100
[    0.274845] pci 0000:00:01.1: [8086:7111] type 00 class 0x01018a
[    0.275222] pci 0000:00:01.1: reg 0x20: [io  0xd000-0xd00f]
[    0.275374] pci 0000:00:01.1: legacy IDE quirk: reg 0x10: [io  0x01f0-0x01f7]
[    0.275375] pci 0000:00:01.1: legacy IDE quirk: reg 0x14: [io  0x03f6]
[    0.275376] pci 0000:00:01.1: legacy IDE quirk: reg 0x18: [io  0x0170-0x0177]
[    0.275377] pci 0000:00:01.1: legacy IDE quirk: reg 0x1c: [io  0x0376]
[    0.275924] pci 0000:00:02.0: [15ad:0405] type 00 class 0x030000
[    0.278905] pci 0000:00:02.0: reg 0x10: [io  0xd010-0xd01f]
[    0.281055] pci 0000:00:02.0: reg 0x14: [mem 0xe0000000-0xe7ffffff pref]
[    0.285053] pci 0000:00:02.0: reg 0x18: [mem 0xf0000000-0xf01fffff]
[    0.295642] pci 0000:00:03.0: [1022:2000] type 00 class 0x020000
[    0.297121] pci 0000:00:03.0: reg 0x10: [io  0xd020-0xd03f]
[    0.297737] pci 0000:00:03.0: reg 0x14: [mem 0xf0200000-0xf0200fff]
[    0.301486] pci 0000:00:04.0: [80ee:cafe] type 00 class 0x088000
[    0.302247] pci 0000:00:04.0: reg 0x10: [io  0xd040-0xd05f]
[    0.302909] pci 0000:00:04.0: reg 0x14: [mem 0xf0400000-0xf07fffff]
[    0.303528] pci 0000:00:04.0: reg 0x18: [mem 0xf0800000-0xf0803fff pref]
[    0.307047] pci 0000:00:07.0: [8086:7113] type 00 class 0x068000
[    0.307602] pci 0000:00:07.0: quirk: [io  0x4000-0x403f] claimed by PIIX4 ACPI
[    0.307616] pci 0000:00:07.0: quirk: [io  0x4100-0x410f] claimed by PIIX4 SMB
[    0.308265] pci 0000:00:08.0: [8086:100e] type 00 class 0x020000
[    0.309073] pci 0000:00:08.0: reg 0x10: [mem 0xf0820000-0xf083ffff]
[    0.310278] pci 0000:00:08.0: reg 0x18: [io  0xd060-0xd067]
[    0.313762] pci 0000:00:09.0: [8086:100e] type 00 class 0x020000
[    0.314508] pci 0000:00:09.0: reg 0x10: [mem 0xf0840000-0xf085ffff]
[    0.315721] pci 0000:00:09.0: reg 0x18: [io  0xd068-0xd06f]
[    0.326202] ACPI: PCI Interrupt Link [LNKA] (IRQs 5 9 10 *11)
[    0.326491] ACPI: PCI Interrupt Link [LNKB] (IRQs 5 9 *10 11)
[    0.326607] ACPI: PCI Interrupt Link [LNKC] (IRQs 5 *9 10 11)
[    0.326724] ACPI: PCI Interrupt Link [LNKD] (IRQs 5 9 10 *11)
[    0.327025] iommu: Default domain type: Translated 
[    0.327100] pci 0000:00:02.0: vgaarb: setting as boot VGA device
[    0.327102] pci 0000:00:02.0: vgaarb: VGA device added: decodes=io+mem,owns=io+mem,locks=none
[    0.327105] pci 0000:00:02.0: vgaarb: bridge control possible
[    0.327106] vgaarb: loaded
[    0.327369] SCSI subsystem initialized
[    0.327408] libata version 3.00 loaded.
[    0.327444] ACPI: bus type USB registered
[    0.327460] usbcore: registered new interface driver usbfs
[    0.327466] usbcore: registered new interface driver hub
[    0.327472] usbcore: registered new device driver usb
[    0.327502] pps_core: LinuxPPS API ver. 1 registered
[    0.327503] pps_core: Software ver. 5.3.6 - Copyright 2005-2007 Rodolfo Giometti <giometti@linux.it>
[    0.327505] PTP clock support registered
[    0.327542] EDAC MC: Ver: 3.0.0
[    0.327832] PCI: Using ACPI for IRQ routing
[    0.327834] PCI: pci_cache_line_size set to 64 bytes
[    0.329108] e820: reserve RAM buffer [mem 0x0009fc00-0x0009ffff]
[    0.329112] e820: reserve RAM buffer [mem 0x7fff0000-0x7fffffff]
[    0.329907] NetLabel: Initializing
[    0.329908] NetLabel:  domain hash size = 128
[    0.329908] NetLabel:  protocols = UNLABELED CIPSOv4 CALIPSO
[    0.329929] NetLabel:  unlabeled traffic allowed by default
[    0.330921] clocksource: Switched to clocksource kvm-clock
[    0.343436] *** VALIDATE bpf ***
[    0.343500] VFS: Disk quotas dquot_6.6.0
[    0.343513] VFS: Dquot-cache hash table entries: 512 (order 0, 4096 bytes)
[    0.343537] *** VALIDATE ramfs ***
[    0.343540] *** VALIDATE hugetlbfs ***
[    0.343623] AppArmor: AppArmor Filesystem Enabled
[    0.343649] pnp: PnP ACPI init
[    0.343723] pnp 00:00: Plug and Play ACPI device, IDs PNP0303 (active)
[    0.343810] pnp 00:01: Plug and Play ACPI device, IDs PNP0f03 (active)
[    0.344549] pnp: PnP ACPI: found 2 devices
[    0.345501] thermal_sys: Registered thermal governor 'fair_share'
[    0.345502] thermal_sys: Registered thermal governor 'bang_bang'
[    0.345503] thermal_sys: Registered thermal governor 'step_wise'
[    0.345503] thermal_sys: Registered thermal governor 'user_space'
[    0.345504] thermal_sys: Registered thermal governor 'power_allocator'
[    0.350035] clocksource: acpi_pm: mask: 0xffffff max_cycles: 0xffffff, max_idle_ns: 2085701024 ns
[    0.350078] pci_bus 0000:00: resource 4 [io  0x0000-0x0cf7 window]
[    0.350080] pci_bus 0000:00: resource 5 [io  0x0d00-0xffff window]
[    0.350081] pci_bus 0000:00: resource 6 [mem 0x000a0000-0x000bffff window]
[    0.350082] pci_bus 0000:00: resource 7 [mem 0x80000000-0xfdffffff window]
[    0.350144] NET: Registered protocol family 2
[    0.350218] IP idents hash table entries: 32768 (order: 6, 262144 bytes, linear)
[    0.350659] MPTCP tokens hash table entries: 8192 (order: 4, 65536 bytes, linear)
[    0.350680] MPTCP request tokens hash table entries: 8192 (order: 4, 65536 bytes, linear)
[    0.350706] default registered
[    0.350707] default registered
[    0.350707] MPTCP: Stable release v0.96
[    0.350713] tcp_listen_portaddr_hash hash table entries: 1024 (order: 2, 16384 bytes, linear)
[    0.350793] TCP established hash table entries: 16384 (order: 5, 131072 bytes, linear)
[    0.350860] TCP bind hash table entries: 16384 (order: 6, 262144 bytes, linear)
[    0.350886] TCP: Hash tables configured (established 16384 bind 16384)
[    0.351654] UDP hash table entries: 1024 (order: 3, 32768 bytes, linear)
[    0.351666] UDP-Lite hash table entries: 1024 (order: 3, 32768 bytes, linear)
[    0.351712] NET: Registered protocol family 1
[    0.351723] NET: Registered protocol family 44
[    0.351746] pci 0000:00:00.0: Limiting direct PCI/PCI transfers
[    0.351758] pci 0000:00:01.0: Activating ISA DMA hang workarounds
[    0.351823] pci 0000:00:02.0: Video device with shadowed ROM at [mem 0x000c0000-0x000dffff]
[    0.351886] PCI: CLS 0 bytes, default 64
[    0.351942] Trying to unpack rootfs image as initramfs...
[    0.546721] Freeing initrd memory: 47868K
[    0.546831] clocksource: tsc: mask: 0xffffffffffffffff max_cycles: 0x1e4530a99b6, max_idle_ns: 440795257976 ns
[    0.546844] clocksource: Switched to clocksource tsc
[    0.546887] platform rtc_cmos: registered platform RTC device (no PNP device found)
[    0.546918] check: Scanning for low memory corruption every 60 seconds
[    0.547244] Initialise system trusted keyrings
[    0.547254] Key type blacklist registered
[    0.547300] workingset: timestamp_bits=36 max_order=19 bucket_order=0
[    0.548606] zbud: loaded
[    0.548987] squashfs: version 4.0 (2009/01/31) Phillip Lougher
[    0.549126] fuse: init (API version 7.31)
[    0.549143] *** VALIDATE fuse ***
[    0.549145] *** VALIDATE fuse ***
[    0.549256] Platform Keyring initialized
[    0.549961] Key type asymmetric registered
[    0.549961] Asymmetric key parser 'x509' registered
[    0.549961] Block layer SCSI generic (bsg) driver version 0.4 loaded (major 244)
[    0.549961] io scheduler mq-deadline registered
[    0.549961] shpchp: Standard Hot Plug PCI Controller Driver version: 0.4
[    0.552603] ACPI: AC Adapter [AC] (on-line)
[    0.552652] input: Power Button as /devices/LNXSYSTM:00/LNXPWRBN:00/input/input0
[    0.552682] ACPI: Power Button [PWRF]
[    0.552756] input: Sleep Button as /devices/LNXSYSTM:00/LNXSLPBN:00/input/input1
[    0.552771] ACPI: Sleep Button [SLPF]
[    0.553017] Serial: 8250/16550 driver, 32 ports, IRQ sharing enabled
[    0.554177] Linux agpgart interface v0.103
[    0.643179] loop: module loaded
[    0.643347] ata_piix 0000:00:01.1: version 2.13
[    0.643763] scsi host0: ata_piix
[    0.643860] scsi host1: ata_piix
[    0.643887] ata1: PATA max UDMA/33 cmd 0x1f0 ctl 0x3f6 bmdma 0xd000 irq 14
[    0.643887] ata2: PATA max UDMA/33 cmd 0x170 ctl 0x376 bmdma 0xd008 irq 15
[    0.643971] tun: Universal TUN/TAP device driver, 1.6
[    0.644279] PPP generic driver version 2.4.2
[    0.644323] VFIO - User Level meta-driver version: 0.3
[    0.644561] ehci_hcd: USB 2.0 'Enhanced' Host Controller (EHCI) Driver
[    0.644566] ehci-pci: EHCI PCI platform driver
[    0.644581] ehci-platform: EHCI generic platform driver
[    0.644586] ohci_hcd: USB 1.1 'Open' Host Controller (OHCI) Driver
[    0.644588] ohci-pci: OHCI PCI platform driver
[    0.644595] ohci-platform: OHCI generic platform driver
[    0.644599] uhci_hcd: USB Universal Host Controller Interface driver
[    0.644666] i8042: PNP: PS/2 Controller [PNP0303:PS2K,PNP0f03:PS2M] at 0x60,0x64 irq 1,12
[    0.645109] serio: i8042 KBD port at 0x60,0x64 irq 1
[    0.645113] serio: i8042 AUX port at 0x60,0x64 irq 12
[    0.645202] mousedev: PS/2 mouse device common for all mice
[    0.645458] input: AT Translated Set 2 keyboard as /devices/platform/i8042/serio0/input/input2
[    0.645860] rtc_cmos rtc_cmos: registered as rtc0
[    0.645874] rtc_cmos rtc_cmos: alarms up to one day, 114 bytes nvram
[    0.645879] i2c /dev entries driver
[    0.645924] device-mapper: uevent: version 1.0.3
[    0.645967] device-mapper: ioctl: 4.41.0-ioctl (2019-09-16) initialised: dm-devel@redhat.com
[    0.645983] platform eisa.0: Probing EISA bus 0
[    0.645984] platform eisa.0: EISA: Cannot allocate resource for mainboard
[    0.645985] platform eisa.0: Cannot allocate resource for EISA slot 1
[    0.645986] platform eisa.0: Cannot allocate resource for EISA slot 2
[    0.645987] platform eisa.0: Cannot allocate resource for EISA slot 3
[    0.645988] platform eisa.0: Cannot allocate resource for EISA slot 4
[    0.645989] platform eisa.0: Cannot allocate resource for EISA slot 5
[    0.645990] platform eisa.0: Cannot allocate resource for EISA slot 6
[    0.645991] platform eisa.0: Cannot allocate resource for EISA slot 7
[    0.645992] platform eisa.0: Cannot allocate resource for EISA slot 8
[    0.645993] platform eisa.0: EISA: Detected 0 cards
[    0.645996] intel_pstate: CPU model not supported
[    0.646005] ledtrig-cpu: registered to indicate activity on CPUs
[    0.646059] drop_monitor: Initializing network drop monitor service
[    0.646218] NET: Registered protocol family 10
[    0.651313] Segment Routing with IPv6
[    0.651313] fullmesh registered
[    0.651313] ndiffports registered
[    0.651313] binder registered
[    0.651313] roundrobin registered
[    0.651313] redundant registered
[    0.651313] blest registered
[    0.651313] ecf registered
[    0.651313] NET: Registered protocol family 17
[    0.651313] Key type dns_resolver registered
[    0.651313] RAS: Correctable Errors collector initialized.
[    0.651313] IPI shorthand broadcast: enabled
[    0.651313] sched_clock: Marking stable (636179409, 11134327)->(649437620, -2123884)
[    0.651684] registered taskstats version 1
[    0.651693] Loading compiled-in X.509 certificates
[    0.652286] Loaded X.509 cert 'Build time autogenerated kernel key: 6909f3744cebb3d0de528d5887b96a727de79b1e'
[    0.652306] zswap: loaded using pool lzo/zbud
[    0.652360] Key type ._fscrypt registered
[    0.652361] Key type .fscrypt registered
[    0.656893] Key type big_key registered
[    0.659175] Key type encrypted registered
[    0.659177] AppArmor: AppArmor sha1 policy hashing enabled
[    0.659185] ima: No TPM chip found, activating TPM-bypass!
[    0.659191] ima: Allocated hash algorithm: sha1
[    0.659197] ima: No architecture policies found
[    0.659206] evm: Initialising EVM extended attributes:
[    0.659207] evm: security.selinux
[    0.659208] evm: security.SMACK64
[    0.659208] evm: security.SMACK64EXEC
[    0.659208] evm: security.SMACK64TRANSMUTE
[    0.659209] evm: security.SMACK64MMAP
[    0.659209] evm: security.apparmor
[    0.659210] evm: security.ima
[    0.659211] evm: security.capability
[    0.659211] evm: HMAC attrs: 0x1
[    0.659529] PM:   Magic number: 10:183:694
[    0.659642] rtc_cmos rtc_cmos: setting system clock to 2026-01-17T17:41:32 UTC (1768671692)
[    0.817240] ata1.00: ATA-6: VBOX HARDDISK, 1.0, max UDMA/133
[    0.817244] ata1.00: 209715200 sectors, multi 128: LBA 
[    0.818015] scsi 0:0:0:0: Direct-Access     ATA      VBOX HARDDISK    1.0  PQ: 0 ANSI: 5
[    0.818370] sd 0:0:0:0: [sda] 209715200 512-byte logical blocks: (107 GB/100 GiB)
[    0.818385] sd 0:0:0:0: [sda] Write Protect is off
[    0.818389] sd 0:0:0:0: [sda] Mode Sense: 00 3a 00 00
[    0.818414] sd 0:0:0:0: [sda] Write cache: enabled, read cache: enabled, doesn't support DPO or FUA
[    0.818704] sd 0:0:0:0: Attached scsi generic sg0 type 0
[    0.819981]  sda: sda1 sda2
[    0.831483] sd 0:0:0:0: [sda] Attached SCSI disk
[    0.836715] Freeing unused decrypted memory: 2040K
[    0.838033] Freeing unused kernel image memory: 2728K
[    0.838038] Write protecting the kernel read-only data: 22528k
[    0.839801] Freeing unused kernel image memory: 2036K
[    0.840593] Freeing unused kernel image memory: 1432K
[    0.877856] x86/mm: Checked W+X mappings: passed, no W+X pages found.
[    0.877862] Run /init as init process
[    0.985174] ACPI: Video Device [GFX0] (multi-head: yes  rom: no  post: no)
[    0.985250] input: Video Bus as /devices/LNXSYSTM:00/LNXSYBUS:00/PNP0A03:00/LNXVIDEO:00/input/input4
[    0.996522] pcnet32: pcnet32.c:v1.35 21.Apr.2008 tsbogend@alpha.franken.de
[    0.998023] piix4_smbus 0000:00:07.0: SMBus Host Controller at 0x4100, revision 0
[    1.000525] e1000: Intel(R) PRO/1000 Network Driver - version 7.3.21-k8-NAPI
[    1.000526] e1000: Copyright (c) 1999-2006 Intel Corporation.
[    1.008366] pcnet32: PCnet/FAST III 79C973 at 0xd020, 08:00:27:31:fb:e6 assigned IRQ 19
[    1.008413] pcnet32: Found PHY 0022:561b at address 0
[    1.008721] pcnet32: eth0: registered as PCnet/FAST III 79C973
[    1.015449] pcnet32: 1 cards_found
[    1.074800] pcnet32 0000:00:03.0 enp0s3: renamed from eth0
[    1.217069] input: ImExPS/2 Generic Explorer Mouse as /devices/platform/i8042/serio1/input/input5
[    1.415608] e1000 0000:00:08.0 eth0: (PCI:33MHz:32-bit) 08:00:27:d1:89:4e
[    1.415612] e1000 0000:00:08.0 eth0: Intel(R) PRO/1000 Network Connection
[    1.787507] e1000 0000:00:09.0 eth1: (PCI:33MHz:32-bit) 08:00:27:e1:b4:07
[    1.787510] e1000 0000:00:09.0 eth1: Intel(R) PRO/1000 Network Connection
[    1.788693] e1000 0000:00:09.0 enp0s9: renamed from eth1
[    1.790511] e1000 0000:00:08.0 enp0s8: renamed from eth0
[    1.949643] EXT4-fs (sda2): mounted filesystem with ordered data mode. Opts: (null)
[    2.033302] systemd[1]: Inserted module 'autofs4'
[    2.042638] systemd[1]: systemd 245.4-4ubuntu3 running in system mode. (+PAM +AUDIT +SELINUX +IMA +APPARMOR +SMACK +SYSVINIT +UTMP +LIBCRYPTSETUP +GCRYPT +GNUTLS +ACL +XZ +LZ4 +SECCOMP +BLKID +ELFUTILS +KMOD +IDN2 -IDN +PCRE2 default-hierarchy=hybrid)
[    2.042671] systemd[1]: Detected virtualization oracle.
[    2.042675] systemd[1]: Detected architecture x86-64.
[    2.044050] systemd[1]: Set hostname to <ztg>.
[    2.174708] systemd[1]: /lib/systemd/system/dbus.socket:5: ListenStream= references a path below legacy directory /var/run/, updating /var/run/dbus/system_bus_socket â†’ /run/dbus/system_bus_socket; please update the unit file accordingly.
[    2.227757] systemd[1]: Created slice system-modprobe.slice.
[    2.227943] systemd[1]: Created slice User and Session Slice.
[    2.227991] systemd[1]: Started Forward Password Requests to Wall Directory Watch.
[    2.228164] systemd[1]: Set up automount Arbitrary Executable File Formats File System Automount Point.
[    2.228196] systemd[1]: Reached target User and Group Name Lookups.
[    2.228205] systemd[1]: Reached target Remote File Systems.
[    2.228214] systemd[1]: Reached target Slices.
[    2.228748] systemd[1]: Listening on Syslog Socket.
[    2.228819] systemd[1]: Listening on fsck to fsckd communication Socket.
[    2.228859] systemd[1]: Listening on initctl Compatibility Named Pipe.
[    2.229000] systemd[1]: Listening on Journal Audit Socket.
[    2.229052] systemd[1]: Listening on Journal Socket (/dev/log).
[    2.229122] systemd[1]: Listening on Journal Socket.
[    2.229187] systemd[1]: Listening on udev Control Socket.
[    2.229229] systemd[1]: Listening on udev Kernel Socket.
[    2.230007] systemd[1]: Mounting Huge Pages File System...
[    2.230994] systemd[1]: Mounting POSIX Message Queue File System...
[    2.231972] systemd[1]: Mounting Kernel Debug File System...
[    2.232894] systemd[1]: Mounting Kernel Trace File System...
[    2.235411] systemd[1]: Starting Journal Service...
[    2.261628] systemd[1]: Starting Set the console keyboard layout...
[    2.269543] systemd[1]: Starting Create list of static device nodes for the current kernel...
[    2.271641] systemd[1]: Starting Load Kernel Module drm...
[    2.272733] systemd[1]: Condition check resulted in Set Up Additional Binary Formats being skipped.
[    2.272789] systemd[1]: Condition check resulted in File System Check on Root Device being skipped.
[    2.283995] systemd[1]: Starting Load Kernel Modules...
[    2.292451] systemd[1]: Starting Remount Root and Kernel File Systems...
[    2.302095] systemd[1]: Starting udev Coldplug all Devices...
[    2.314106] systemd[1]: Starting Uncomplicated firewall...
[    2.315854] systemd[1]: Mounted Huge Pages File System.
[    2.315942] systemd[1]: Mounted POSIX Message Queue File System.
[    2.316012] systemd[1]: Mounted Kernel Debug File System.
[    2.316080] systemd[1]: Mounted Kernel Trace File System.
[    2.316986] EXT4-fs (sda2): re-mounted. Opts: errors=remount-ro
[    2.353449] systemd[1]: Finished Create list of static device nodes for the current kernel.
[    2.354390] systemd[1]: modprobe@drm.service: Succeeded.
[    2.361730] systemd[1]: Finished Load Kernel Module drm.
[    2.362317] systemd[1]: Finished Remount Root and Kernel File Systems.
[    2.362924] systemd[1]: Finished Uncomplicated firewall.
[    2.365203] lp: driver loaded but no devices found
[    2.366515] systemd[1]: Condition check resulted in Rebuild Hardware Database being skipped.
[    2.366550] systemd[1]: Condition check resulted in Platform Persistent Storage Archival being skipped.
[    2.368341] systemd[1]: Starting Load/Save Random Seed...
[    2.379929] systemd[1]: Starting Create System Users...
[    2.381236] ppdev: user-space parallel port driver
[    2.389364] systemd[1]: Finished Load/Save Random Seed.
[    2.408853] systemd[1]: Finished Create System Users.
[    2.409630] systemd[1]: Starting Create Static Device Nodes in /dev...
[    2.425654] systemd[1]: Finished Create Static Device Nodes in /dev.
[    2.426460] systemd[1]: Starting udev Kernel Device Manager...
[    2.483046] systemd[1]: Finished udev Coldplug all Devices.
[    2.484462] [drm] DMA map mode: Caching DMA mappings.
[    2.484523] [drm] Capabilities:
[    2.484523] [drm]   Rect copy.
[    2.484523] [drm]   Cursor.
[    2.484524] [drm]   Cursor bypass.
[    2.484524] [drm]   Cursor bypass 2.
[    2.484524] [drm]   Alpha cursor.
[    2.484525] [drm]   Extended Fifo.
[    2.484525] [drm]   Pitchlock.
[    2.484525] [drm]   Irq mask.
[    2.484526] [drm]   GMR.
[    2.484526] [drm]   Traces.
[    2.484526] [drm]   GMR2.
[    2.484527] [drm]   Screen Object 2.
[    2.484527] [drm]   Command Buffers.
[    2.484527] [drm]   Command Buffers 2.
[    2.484528] [drm]   Guest Backed Resources.
[    2.484529] [drm] Max GMR ids is 8192
[    2.484529] [drm] Max number of GMR pages is 1048576
[    2.484530] [drm] Max dedicated hypervisor surface memory is 393216 kiB
[    2.484530] [drm] Maximum display memory size is 131072 kiB
[    2.484531] [drm] VRAM at 0xe0000000 size is 131072 kiB
[    2.484532] [drm] MMIO at 0xf0000000 size is 2048 kiB
[    2.485492] [TTM] Zone  kernel: Available graphics memory: 1011738 KiB
[    2.485493] [TTM] Initializing pool allocator
[    2.485500] [TTM] Initializing DMA pool allocator
[    2.485676] [drm] Supports vblank timestamp caching Rev 2 (21.10.2013).
[    2.485677] [drm] No driver support for vblank timestamp query.
[    2.485911] [drm] Screen Target Display device initialized
[    2.486142] [drm] width 720
[    2.486150] [drm] height 400
[    2.486154] [drm] bpp 32
[    2.486689] [drm] Fifo max 0x00200000 min 0x00001000 cap 0x00000355
[    2.487748] [drm] Using command buffers with DMA pool.
[    2.487752] [drm] DX: no.
[    2.487752] [drm] Atomic: yes.
[    2.487753] [drm] SM4_1: no.
[    2.487773] [drm:vmw_host_log [vmwgfx]] *ERROR* Failed to send host log message.
[    2.489011] [drm:vmw_host_log [vmwgfx]] *ERROR* Failed to send host log message.
[    2.499585] fbcon: svgadrmfb (fb0) is primary device
[    2.501752] Console: switching to colour frame buffer device 100x37
[    2.513999] [drm] Initialized vmwgfx 2.15.0 20180704 for 0000:00:02.0 on minor 0
[    2.516363] systemd[1]: Finished Load Kernel Modules.
[    2.517411] systemd[1]: Mounting FUSE Control File System...
[    2.518693] systemd[1]: Mounting Kernel Configuration File System...
[    2.532112] systemd[1]: Starting Apply Kernel Variables...
[    2.560385] systemd[1]: Mounted FUSE Control File System.
[    2.560464] systemd[1]: Condition check resulted in VMware vmblock fuse mount being skipped.
[    2.567617] systemd[1]: Mounted Kernel Configuration File System.
[    2.576473] systemd[1]: Finished Set the console keyboard layout.
[    2.576568] systemd[1]: Reached target Local File Systems (Pre).
[    2.578741] systemd[1]: Mounting Mount unit for bare, revision 5...
[    2.580821] systemd[1]: Mounting Mount unit for core18, revision 1705...
[    2.593450] systemd[1]: Mounting Mount unit for gnome-3-34-1804, revision 24...
[    2.599281] systemd[1]: Mounting Mount unit for gtk-common-themes, revision 1506...
[    2.623332] systemd[1]: Mounting Mount unit for gtk-common-themes, revision 1535...
[    2.628656] systemd[1]: Mounting Mount unit for snap-store, revision 433...
[    2.635983] systemd[1]: Mounting Mount unit for snapd, revision 7264...
[    2.645123] systemd[1]: Finished Apply Kernel Variables.
[    2.654652] systemd[1]: Mounted Mount unit for bare, revision 5.
[    2.654746] systemd[1]: Mounted Mount unit for gnome-3-34-1804, revision 24.
[    2.662022] systemd[1]: Started udev Kernel Device Manager.
[    2.662803] systemd[1]: Starting Show Plymouth Boot Screen...
[    2.667757] systemd[1]: Received SIGRTMIN+20 from PID 273 (plymouthd).
[    2.695546] systemd[1]: Mounted Mount unit for core18, revision 1705.
[    2.695755] systemd[1]: Mounted Mount unit for gtk-common-themes, revision 1506.
[    2.695930] systemd[1]: Started Show Plymouth Boot Screen.
[    2.696100] systemd[1]: Condition check resulted in Dispatch Password Requests to Console Directory Watch being skipped.
[    2.696204] systemd[1]: Started Forward Password Requests to Plymouth Directory Watch.
[    2.698010] systemd[1]: Reached target Local Encrypted Volumes.
[    2.780647] systemd[1]: Mounted Mount unit for gtk-common-themes, revision 1535.
[    2.780922] systemd[1]: Mounted Mount unit for snap-store, revision 433.
[    2.781104] systemd[1]: Mounted Mount unit for snapd, revision 7264.
[    2.781250] systemd[1]: Reached target Local File Systems.
[    2.794751] systemd[1]: Starting Load AppArmor profiles...
[    2.801537] systemd[1]: Starting Set console font and keymap...
[    2.811964] systemd[1]: Starting Tell Plymouth To Write Out Runtime Data...
[    2.813556] systemd[1]: Condition check resulted in Store a System Token in an EFI Variable being skipped.
[    2.813586] systemd[1]: Condition check resulted in Commit a transient machine-id on disk being skipped.
[    2.816008] systemd[1]: Finished Set console font and keymap.
[    2.823316] systemd[1]: Received SIGRTMIN+20 from PID 273 (plymouthd).
[    2.824779] systemd[1]: plymouth-read-write.service: Succeeded.
[    2.825009] systemd[1]: Finished Tell Plymouth To Write Out Runtime Data.
[    2.860982] audit: type=1400 audit(1768671694.696:2): apparmor="STATUS" operation="profile_load" profile="unconfined" name="nvidia_modprobe" pid=300 comm="apparmor_parser"
[    2.860985] audit: type=1400 audit(1768671694.696:3): apparmor="STATUS" operation="profile_load" profile="unconfined" name="nvidia_modprobe//kmod" pid=300 comm="apparmor_parser"
[    2.867885] audit: type=1400 audit(1768671694.704:4): apparmor="STATUS" operation="profile_load" profile="unconfined" name="/usr/sbin/tcpdump" pid=301 comm="apparmor_parser"
[    2.911421] audit: type=1400 audit(1768671694.740:5): apparmor="STATUS" operation="profile_load" profile="unconfined" name="/usr/bin/evince" pid=303 comm="apparmor_parser"
[    2.911424] audit: type=1400 audit(1768671694.740:6): apparmor="STATUS" operation="profile_load" profile="unconfined" name="/usr/bin/evince//sanitized_helper" pid=303 comm="apparmor_parser"
[    2.911425] audit: type=1400 audit(1768671694.740:7): apparmor="STATUS" operation="profile_load" profile="unconfined" name="/usr/bin/evince-previewer" pid=303 comm="apparmor_parser"
[    2.911427] audit: type=1400 audit(1768671694.740:8): apparmor="STATUS" operation="profile_load" profile="unconfined" name="/usr/bin/evince-previewer//sanitized_helper" pid=303 comm="apparmor_parser"
[    2.911428] audit: type=1400 audit(1768671694.740:9): apparmor="STATUS" operation="profile_load" profile="unconfined" name="/usr/bin/evince-thumbnailer" pid=303 comm="apparmor_parser"
[    2.928893] audit: type=1400 audit(1768671694.764:10): apparmor="STATUS" operation="profile_load" profile="unconfined" name="/usr/lib/cups/backend/cups-pdf" pid=304 comm="apparmor_parser"
[    3.012279] systemd[1]: Finished Load AppArmor profiles.
[    3.013254] systemd[1]: Starting Load AppArmor profiles managed internally by snapd...
[    3.078064] systemd[1]: Finished Load AppArmor profiles managed internally by snapd.
[    3.246175] systemd[1]: Started Journal Service.
[    3.256169] systemd-journald[229]: Received client request to flush runtime journal.
[    3.259076] systemd-journald[229]: File /var/log/journal/c455b248004a419c87ce85eea238d727/system.journal corrupted or uncleanly shut down, renaming and replacing.
[    4.683867] RAPL PMU: API unit is 2^-32 Joules, 0 fixed counters, 10737418240 ms ovfl timer
[    4.763669] cryptd: max_cpu_qlen set to 1000
[    4.820036] AVX2 version of gcm_enc/dec engaged.
[    4.820037] AES CTR mode by8 optimization enabled
[    5.603961] Adding 1998844k swap on /dev/sda1.  Priority:-2 extents:1 across:1998844k FS
[    7.391889] kauditd_printk_skb: 30 callbacks suppressed
[    7.391890] audit: type=1400 audit(1768671699.224:41): apparmor="DENIED" operation="capable" profile="/usr/sbin/cups-browsed" pid=495 comm="cups-browsed" capability=23  capname="sys_nice"
[    7.894483] pcnet32 0000:00:03.0 enp0s3: link up, 100Mbps, full-duplex
[    7.930123] e1000: enp0s8 NIC Link is Up 1000 Mbps Full Duplex, Flow Control: RX
[    7.930397] IPv6: ADDRCONF(NETDEV_CHANGE): enp0s8: link becomes ready
[    7.943141] e1000: enp0s9 NIC Link is Up 1000 Mbps Full Duplex, Flow Control: RX
[    7.943457] IPv6: ADDRCONF(NETDEV_CHANGE): enp0s9: link becomes ready
[    8.483501] device enp0s3 entered promiscuous mode
[    8.509810] audit: type=1400 audit(1768671700.332:42): apparmor="DENIED" operation="open" profile="/usr/sbin/tcpdump" name="/proc/sys/kernel/random/boot_id" pid=707 comm="tcpdump" requested_mask="r" denied_mask="r" fsuid=0 ouid=0
[    8.510949] audit: type=1400 audit(1768671700.332:43): apparmor="DENIED" operation="open" profile="/usr/sbin/tcpdump" name="/proc/sys/kernel/random/boot_id" pid=707 comm="tcpdump" requested_mask="r" denied_mask="r" fsuid=0 ouid=0
[    8.512156] audit: type=1400 audit(1768671700.348:44): apparmor="DENIED" operation="open" profile="/usr/sbin/tcpdump" name="/proc/sys/kernel/random/boot_id" pid=707 comm="tcpdump" requested_mask="r" denied_mask="r" fsuid=0 ouid=0
[    8.512267] audit: type=1400 audit(1768671700.348:45): apparmor="DENIED" operation="open" profile="/usr/sbin/tcpdump" name="/proc/sys/kernel/random/boot_id" pid=707 comm="tcpdump" requested_mask="r" denied_mask="r" fsuid=0 ouid=0
[    8.533596] audit: type=1400 audit(1768671700.372:46): apparmor="DENIED" operation="open" profile="/usr/sbin/tcpdump" name="/proc/sys/kernel/random/boot_id" pid=708 comm="tcpdump" requested_mask="r" denied_mask="r" fsuid=0 ouid=0
[    8.538047] audit: type=1400 audit(1768671700.372:47): apparmor="DENIED" operation="open" profile="/usr/sbin/tcpdump" name="/proc/sys/kernel/random/boot_id" pid=708 comm="tcpdump" requested_mask="r" denied_mask="r" fsuid=0 ouid=0
[    8.538202] audit: type=1400 audit(1768671700.372:48): apparmor="DENIED" operation="open" profile="/usr/sbin/tcpdump" name="/proc/sys/kernel/random/boot_id" pid=708 comm="tcpdump" requested_mask="r" denied_mask="r" fsuid=0 ouid=0
[    8.538388] audit: type=1400 audit(1768671700.372:49): apparmor="DENIED" operation="open" profile="/usr/sbin/tcpdump" name="/proc/sys/kernel/random/boot_id" pid=708 comm="tcpdump" requested_mask="r" denied_mask="r" fsuid=0 ouid=0
[   13.103448] rfkill: input handler disabled
[  123.255908] rfkill: input handler enabled
[  133.617356] rfkill: input handler disabled
[  268.525770] AAAAA-TCP_FORW: name:enp0s3: saddr:16783984: daddr:100932208
[  268.624370] AAAAA-TCP_FORW: name:enp0s3: saddr:16783984: daddr:100932208
[  268.733253] AAAAA-TCP_FORW: name:enp0s3: saddr:16783984: daddr:100932208
[  268.844190] AAAAA-TCP_FORW: name:enp0s3: saddr:16783984: daddr:100932208
[  269.208380] AAAAA-TCP_FORW: name:enp0s3: saddr:16783984: daddr:100932208
[  269.469203] AAAAA-TCP_FORW: name:enp0s3: saddr:16783984: daddr:100932208
[  269.575448] AAAAA-TCP_FORW: name:enp0s3: saddr:16783984: daddr:100932208
[  269.920221] AAAAA-TCP_FORW: name:enp0s3: saddr:16783984: daddr:100932208
[  270.142192] AAAAA-TCP_FORW: name:enp0s3: saddr:16783984: daddr:100932208
[  271.322556] AAAAA-TCP_FORW: name:enp0s3: saddr:100932208: daddr:16783984
[  271.596023] AAAAA-TCP_FORW: name:enp0s3: saddr:100932208: daddr:16783984
[  271.962780] AAAAA-TCP_FORW: name:enp0s3: saddr:100932208: daddr:16783984
[  313.854728] AAAAA-TCP_FORW: name:enp0s3: saddr:16783984: daddr:100932208
[  314.525474] AAAAA-TCP_FORW: name:enp0s3: saddr:33561200: daddr:100932208
[  447.505672] device enp0s3 left promiscuous mode
