[    0.000000] Linux version 5.4.243-mptcp (root@ztg) (gcc version 12.2.0 (Debian 12.2.0-14+deb12u1)) #53 SMP Wed Dec 24 23:28:15 CST 2025
[    0.000000] Command line: BOOT_IMAGE=/boot/vmlinuz-5.4.243-mptcp root=UUID=98415a12-53b7-4144-8265-0f7ece09e445 ro quiet splash
[    0.000000] KERNEL supported cpus:
[    0.000000]   Intel GenuineIntel
[    0.000000]   AMD AuthenticAMD
[    0.000000]   Hygon HygonGenuine
[    0.000000]   Centaur CentaurHauls
[    0.000000]   zhaoxin   Shanghai  
[    0.000000] x86/fpu: Supporting XSAVE feature 0x001: 'x87 floating point registers'
[    0.000000] x86/fpu: Supporting XSAVE feature 0x002: 'SSE registers'
[    0.000000] x86/fpu: Supporting XSAVE feature 0x004: 'AVX registers'
[    0.000000] x86/fpu: xstate_offset[2]:  576, xstate_sizes[2]:  256
[    0.000000] x86/fpu: Enabled xstate features 0x7, context size is 832 bytes, using 'standard' format.
[    0.000000] BIOS-provided physical RAM map:
[    0.000000] BIOS-e820: [mem 0x0000000000000000-0x000000000009fbff] usable
[    0.000000] BIOS-e820: [mem 0x000000000009fc00-0x000000000009ffff] reserved
[    0.000000] BIOS-e820: [mem 0x00000000000f0000-0x00000000000fffff] reserved
[    0.000000] BIOS-e820: [mem 0x0000000000100000-0x000000007ffeffff] usable
[    0.000000] BIOS-e820: [mem 0x000000007fff0000-0x000000007fffffff] ACPI data
[    0.000000] BIOS-e820: [mem 0x00000000fec00000-0x00000000fec00fff] reserved
[    0.000000] BIOS-e820: [mem 0x00000000fee00000-0x00000000fee00fff] reserved
[    0.000000] BIOS-e820: [mem 0x00000000fffc0000-0x00000000ffffffff] reserved
[    0.000000] NX (Execute Disable) protection: active
[    0.000000] SMBIOS 2.5 present.
[    0.000000] DMI: innotek GmbH VirtualBox/VirtualBox, BIOS VirtualBox 12/01/2006
[    0.000000] Hypervisor detected: KVM
[    0.000000] kvm-clock: Using msrs 4b564d01 and 4b564d00
[    0.000000] kvm-clock: cpu 0, msr 56e01001, primary cpu clock
[    0.000000] kvm-clock: using sched offset of 4452429299 cycles
[    0.000003] clocksource: kvm-clock: mask: 0xffffffffffffffff max_cycles: 0x1cd42e4dffb, max_idle_ns: 881590591483 ns
[    0.000005] tsc: Detected 2100.000 MHz processor
[    0.002203] e820: update [mem 0x00000000-0x00000fff] usable ==> reserved
[    0.002205] e820: remove [mem 0x000a0000-0x000fffff] usable
[    0.002210] last_pfn = 0x7fff0 max_arch_pfn = 0x400000000
[    0.002288] MTRR default type: uncachable
[    0.002289] MTRR fixed ranges enabled:
[    0.002291]   00000-9FFFF write-back
[    0.002291]   A0000-BFFFF uncachable
[    0.002292]   C0000-FFFFF write-protect
[    0.002293] MTRR variable ranges enabled:
[    0.002295]   0 base 000000000000 mask 3FFF80000000 write-back
[    0.002296]   1 disabled
[    0.002297]   2 disabled
[    0.002297]   3 disabled
[    0.002297]   4 disabled
[    0.002298]   5 disabled
[    0.002298]   6 disabled
[    0.002299]   7 disabled
[    0.002299]   8 disabled
[    0.002300]   9 disabled
[    0.002301]   10 disabled
[    0.002301]   11 disabled
[    0.002302]   12 disabled
[    0.002302]   13 disabled
[    0.002303]   14 disabled
[    0.002303]   15 disabled
[    0.002325] x86/PAT: Configuration [0-7]: WB  WC  UC- UC  WB  WP  UC- WT  
[    0.002471] found SMP MP-table at [mem 0x0009fff0-0x0009ffff]
[    0.106397] check: Scanning 1 areas for low memory corruption
[    0.106630] RAMDISK: [mem 0x32271000-0x3512ffff]
[    0.106638] ACPI: Early table checksum verification disabled
[    0.106643] ACPI: RSDP 0x00000000000E0000 000024 (v02 VBOX  )
[    0.106647] ACPI: XSDT 0x000000007FFF0030 00003C (v01 VBOX   VBOXXSDT 00000001 ASL  00000061)
[    0.106653] ACPI: FACP 0x000000007FFF00F0 0000F4 (v04 VBOX   VBOXFACP 00000001 ASL  00000061)
[    0.106660] ACPI: DSDT 0x000000007FFF02E0 002353 (v02 VBOX   VBOXBIOS 00000002 VBOX 00029BF3)
[    0.106664] ACPI: FACS 0x000000007FFF0200 000040
[    0.106668] ACPI: FACS 0x000000007FFF0200 000040
[    0.106671] ACPI: APIC 0x000000007FFF0240 000054 (v02 VBOX   VBOXAPIC 00000001 ASL  00000061)
[    0.106675] ACPI: SSDT 0x000000007FFF02A0 000038 (v01 VBOX   VBOXCPUT 00000002 VBOX 00029BF3)
[    0.106678] ACPI: Reserving FACP table memory at [mem 0x7fff00f0-0x7fff01e3]
[    0.106679] ACPI: Reserving DSDT table memory at [mem 0x7fff02e0-0x7fff2632]
[    0.106679] ACPI: Reserving FACS table memory at [mem 0x7fff0200-0x7fff023f]
[    0.106680] ACPI: Reserving FACS table memory at [mem 0x7fff0200-0x7fff023f]
[    0.106681] ACPI: Reserving APIC table memory at [mem 0x7fff0240-0x7fff0293]
[    0.106682] ACPI: Reserving SSDT table memory at [mem 0x7fff02a0-0x7fff02d7]
[    0.106695] ACPI: Local APIC address 0xfee00000
[    0.106882] No NUMA configuration found
[    0.106883] Faking a node at [mem 0x0000000000000000-0x000000007ffeffff]
[    0.106893] NODE_DATA(0) allocated [mem 0x7ffc5000-0x7ffeffff]
[    0.107154] Zone ranges:
[    0.107154]   DMA      [mem 0x0000000000001000-0x0000000000ffffff]
[    0.107156]   DMA32    [mem 0x0000000001000000-0x000000007ffeffff]
[    0.107156]   Normal   empty
[    0.107157]   Device   empty
[    0.107158] Movable zone start for each node
[    0.107160] Early memory node ranges
[    0.107161]   node   0: [mem 0x0000000000001000-0x000000000009efff]
[    0.107161]   node   0: [mem 0x0000000000100000-0x000000007ffeffff]
[    0.107165] Zeroed struct page in unavailable ranges: 114 pages
[    0.107166] Initmem setup node 0 [mem 0x0000000000001000-0x000000007ffeffff]
[    0.107167] On node 0 totalpages: 524174
[    0.107168]   DMA zone: 64 pages used for memmap
[    0.107168]   DMA zone: 21 pages reserved
[    0.107169]   DMA zone: 3998 pages, LIFO batch:0
[    0.107241]   DMA32 zone: 8128 pages used for memmap
[    0.107242]   DMA32 zone: 520176 pages, LIFO batch:63
[    0.116157] ACPI: PM-Timer IO Port: 0x4008
[    0.116161] ACPI: Local APIC address 0xfee00000
[    0.116227] IOAPIC[0]: apic_id 1, version 32, address 0xfec00000, GSI 0-23
[    0.116231] ACPI: INT_SRC_OVR (bus 0 bus_irq 0 global_irq 2 dfl dfl)
[    0.116232] ACPI: INT_SRC_OVR (bus 0 bus_irq 9 global_irq 9 low level)
[    0.116234] ACPI: IRQ0 used by override.
[    0.116235] ACPI: IRQ9 used by override.
[    0.116238] Using ACPI (MADT) for SMP configuration information
[    0.116244] smpboot: Allowing 1 CPUs, 0 hotplug CPUs
[    0.116266] PM: Registered nosave memory: [mem 0x00000000-0x00000fff]
[    0.116267] PM: Registered nosave memory: [mem 0x0009f000-0x0009ffff]
[    0.116268] PM: Registered nosave memory: [mem 0x000a0000-0x000effff]
[    0.116268] PM: Registered nosave memory: [mem 0x000f0000-0x000fffff]
[    0.116270] [mem 0x80000000-0xfebfffff] available for PCI devices
[    0.116271] Booting paravirtualized kernel on KVM
[    0.116274] clocksource: refined-jiffies: mask: 0xffffffff max_cycles: 0xffffffff, max_idle_ns: 7645519600211568 ns
[    0.116278] setup_percpu: NR_CPUS:8192 nr_cpumask_bits:1 nr_cpu_ids:1 nr_node_ids:1
[    0.117370] percpu: Embedded 60 pages/cpu s208896 r8192 d28672 u2097152
[    0.117376] pcpu-alloc: s208896 r8192 d28672 u2097152 alloc=1*2097152
[    0.117377] pcpu-alloc: [0] 0 
[    0.117408] Built 1 zonelists, mobility grouping on.  Total pages: 515961
[    0.117409] Policy zone: DMA32
[    0.117411] Kernel command line: BOOT_IMAGE=/boot/vmlinuz-5.4.243-mptcp root=UUID=98415a12-53b7-4144-8265-0f7ece09e445 ro quiet splash
[    0.118367] Dentry cache hash table entries: 262144 (order: 9, 2097152 bytes, linear)
[    0.118528] Inode-cache hash table entries: 131072 (order: 8, 1048576 bytes, linear)
[    0.118588] mem auto-init: stack:off, heap alloc:on, heap free:off
[    0.118591] Calgary: detecting Calgary via BIOS EBDA area
[    0.118592] Calgary: Unable to locate Rio Grande table in EBDA - bailing!
[    0.123258] Memory: 1967332K/2096696K available (14339K kernel code, 2398K rwdata, 4712K rodata, 2728K init, 17260K bss, 129364K reserved, 0K cma-reserved)
[    0.124354] SLUB: HWalign=64, Order=0-3, MinObjects=0, CPUs=1, Nodes=1
[    0.124375] ftrace: allocating 43186 entries in 169 pages
[    0.144139] rcu: Hierarchical RCU implementation.
[    0.144140] rcu: 	RCU restricting CPUs from NR_CPUS=8192 to nr_cpu_ids=1.
[    0.144141] 	Tasks RCU enabled.
[    0.144142] rcu: RCU calculated value of scheduler-enlistment delay is 25 jiffies.
[    0.144143] rcu: Adjusting geometry for rcu_fanout_leaf=16, nr_cpu_ids=1
[    0.147110] NR_IRQS: 524544, nr_irqs: 256, preallocated irqs: 16
[    0.147320] random: crng init done
[    0.159627] Console: colour VGA+ 80x25
[    0.159632] printk: console [tty0] enabled
[    0.159654] ACPI: Core revision 20190816
[    0.159772] APIC: Switch to symmetric I/O mode setup
[    0.160134] x2apic enabled
[    0.160477] Switched APIC routing to physical x2apic.
[    0.162166] ..TIMER: vector=0x30 apic1=0 pin1=2 apic2=-1 pin2=-1
[    0.162200] clocksource: tsc-early: mask: 0xffffffffffffffff max_cycles: 0x1e4530a99b6, max_idle_ns: 440795257976 ns
[    0.162207] Calibrating delay loop (skipped) preset value.. 4200.00 BogoMIPS (lpj=8400000)
[    0.162210] pid_max: default: 32768 minimum: 301
[    0.162247] LSM: Security Framework initializing
[    0.162258] Yama: becoming mindful.
[    0.162288] AppArmor: AppArmor initialized
[    0.162326] Mount-cache hash table entries: 4096 (order: 3, 32768 bytes, linear)
[    0.162332] Mountpoint-cache hash table entries: 4096 (order: 3, 32768 bytes, linear)
[    0.162345] *** VALIDATE tmpfs ***
[    0.162504] *** VALIDATE proc ***
[    0.162553] *** VALIDATE cgroup1 ***
[    0.162554] *** VALIDATE cgroup2 ***
[    0.162722] process: using mwait in idle threads
[    0.162729] Last level iTLB entries: 4KB 64, 2MB 8, 4MB 8
[    0.162729] Last level dTLB entries: 4KB 64, 2MB 0, 4MB 0, 1GB 4
[    0.162752] Spectre V1 : Mitigation: usercopy/swapgs barriers and __user pointer sanitization
[    0.162758] Spectre V2 : Mitigation: Retpolines
[    0.162758] Spectre V2 : Spectre v2 / SpectreRSB mitigation: Filling RSB on context switch
[    0.162759] Spectre V2 : Spectre v2 / SpectreRSB : Filling RSB on VMEXIT
[    0.162760] RETBleed: WARNING: Spectre v2 mitigation leaves CPU vulnerable to RETBleed attacks, data leaks possible!
[    0.163269] RETBleed: Vulnerable
[    0.163270] Speculative Store Bypass: Vulnerable
[    0.163276] TAA: Mitigation: TSX disabled
[    0.163276] MMIO Stale Data: Mitigation: Clear CPU buffers
[    0.170374] Freeing SMP alternatives memory: 40K
[    0.280899] smpboot: CPU0: Intel(R) Xeon(R) Silver 4216 CPU @ 2.10GHz (family: 0x6, model: 0x55, stepping: 0x7)
[    0.281039] Performance Events: unsupported p6 CPU model 85 no PMU driver, software events only.
[    0.281074] rcu: Hierarchical SRCU implementation.
[    0.281554] NMI watchdog: Perf NMI watchdog permanently disabled
[    0.281592] smp: Bringing up secondary CPUs ...
[    0.281594] smp: Brought up 1 node, 1 CPU
[    0.281595] smpboot: Max logical packages: 1
[    0.281596] smpboot: Total of 1 processors activated (4200.00 BogoMIPS)
[    0.282203] devtmpfs: initialized
[    0.282203] x86/mm: Memory block size: 128MB
[    0.282203] clocksource: jiffies: mask: 0xffffffff max_cycles: 0xffffffff, max_idle_ns: 7645041785100000 ns
[    0.282203] futex hash table entries: 256 (order: 2, 16384 bytes, linear)
[    0.282203] pinctrl core: initialized pinctrl subsystem
[    0.282203] PM: RTC time: 19:40:20, date: 2026-01-18
[    0.282203] NET: Registered protocol family 16
[    0.282203] audit: initializing netlink subsys (disabled)
[    0.282203] EISA bus registered
[    0.282203] cpuidle: using governor ladder
[    0.282203] cpuidle: using governor menu
[    0.282203] ACPI: bus type PCI registered
[    0.282203] acpiphp: ACPI Hot Plug PCI Controller Driver version: 0.5
[    0.282203] PCI: Using configuration type 1 for base access
[    0.282571] audit: type=2000 audit(1768736427.284:1): state=initialized audit_enabled=0 res=1
[    0.282648] HugeTLB registered 2.00 MiB page size, pre-allocated 0 pages
[    0.283458] ACPI: Added _OSI(Module Device)
[    0.283459] ACPI: Added _OSI(Processor Device)
[    0.283460] ACPI: Added _OSI(3.0 _SCP Extensions)
[    0.283460] ACPI: Added _OSI(Processor Aggregator Device)
[    0.283461] ACPI: Added _OSI(Linux-Dell-Video)
[    0.283462] ACPI: Added _OSI(Linux-Lenovo-NV-HDMI-Audio)
[    0.283463] ACPI: Added _OSI(Linux-HPI-Hybrid-Graphics)
[    0.285422] ACPI: 2 ACPI AML tables successfully acquired and loaded
[    0.286936] ACPI: Interpreter enabled
[    0.286945] ACPI: (supports S0 S5)
[    0.286946] ACPI: Using IOAPIC for interrupt routing
[    0.287151] PCI: Using host bridge windows from ACPI; if necessary, use "pci=nocrs" and report a bug
[    0.287257] ACPI: Enabled 2 GPEs in block 00 to 07
[    0.292072] ACPI: PCI Root Bridge [PCI0] (domain 0000 [bus 00-ff])
[    0.292076] acpi PNP0A03:00: _OSC: OS supports [ASPM ClockPM Segments MSI HPX-Type3]
[    0.292523] acpi PNP0A03:00: _OSC: not requesting OS control; OS requires [ExtendedConfig ASPM ClockPM MSI]
[    0.292531] acpi PNP0A03:00: fail to add MMCONFIG information, can't access extended PCI configuration space under this bridge.
[    0.292911] PCI host bridge to bus 0000:00
[    0.292913] pci_bus 0000:00: root bus resource [io  0x0000-0x0cf7 window]
[    0.292914] pci_bus 0000:00: root bus resource [io  0x0d00-0xffff window]
[    0.292915] pci_bus 0000:00: root bus resource [mem 0x000a0000-0x000bffff window]
[    0.292916] pci_bus 0000:00: root bus resource [mem 0x80000000-0xfdffffff window]
[    0.292918] pci_bus 0000:00: root bus resource [bus 00-ff]
[    0.292964] pci 0000:00:00.0: [8086:1237] type 00 class 0x060000
[    0.293910] pci 0000:00:01.0: [8086:7000] type 00 class 0x060100
[    0.294710] pci 0000:00:01.1: [8086:7111] type 00 class 0x01018a
[    0.295089] pci 0000:00:01.1: reg 0x20: [io  0xd000-0xd00f]
[    0.295244] pci 0000:00:01.1: legacy IDE quirk: reg 0x10: [io  0x01f0-0x01f7]
[    0.295245] pci 0000:00:01.1: legacy IDE quirk: reg 0x14: [io  0x03f6]
[    0.295246] pci 0000:00:01.1: legacy IDE quirk: reg 0x18: [io  0x0170-0x0177]
[    0.295247] pci 0000:00:01.1: legacy IDE quirk: reg 0x1c: [io  0x0376]
[    0.295788] pci 0000:00:02.0: [15ad:0405] type 00 class 0x030000
[    0.298282] pci 0000:00:02.0: reg 0x10: [io  0xd010-0xd01f]
[    0.301093] pci 0000:00:02.0: reg 0x14: [mem 0xe0000000-0xe7ffffff pref]
[    0.302250] pci 0000:00:02.0: reg 0x18: [mem 0xf0000000-0xf01fffff]
[    0.314971] pci 0000:00:03.0: [1022:2000] type 00 class 0x020000
[    0.315643] pci 0000:00:03.0: reg 0x10: [io  0xd020-0xd03f]
[    0.316251] pci 0000:00:03.0: reg 0x14: [mem 0xf0200000-0xf0200fff]
[    0.319643] pci 0000:00:04.0: [80ee:cafe] type 00 class 0x088000
[    0.320318] pci 0000:00:04.0: reg 0x10: [io  0xd040-0xd05f]
[    0.320934] pci 0000:00:04.0: reg 0x14: [mem 0xf0400000-0xf07fffff]
[    0.321542] pci 0000:00:04.0: reg 0x18: [mem 0xf0800000-0xf0803fff pref]
[    0.324716] pci 0000:00:07.0: [8086:7113] type 00 class 0x068000
[    0.325286] pci 0000:00:07.0: quirk: [io  0x4000-0x403f] claimed by PIIX4 ACPI
[    0.325297] pci 0000:00:07.0: quirk: [io  0x4100-0x410f] claimed by PIIX4 SMB
[    0.326732] pci 0000:00:08.0: [8086:100e] type 00 class 0x020000
[    0.327433] pci 0000:00:08.0: reg 0x10: [mem 0xf0820000-0xf083ffff]
[    0.328587] pci 0000:00:08.0: reg 0x18: [io  0xd060-0xd067]
[    0.331828] pci 0000:00:09.0: [8086:100e] type 00 class 0x020000
[    0.332537] pci 0000:00:09.0: reg 0x10: [mem 0xf0840000-0xf085ffff]
[    0.333747] pci 0000:00:09.0: reg 0x18: [io  0xd068-0xd06f]
[    0.343211] ACPI: PCI Interrupt Link [LNKA] (IRQs 5 9 10 *11)
[    0.343503] ACPI: PCI Interrupt Link [LNKB] (IRQs 5 9 *10 11)
[    0.343606] ACPI: PCI Interrupt Link [LNKC] (IRQs 5 *9 10 11)
[    0.343709] ACPI: PCI Interrupt Link [LNKD] (IRQs 5 9 10 *11)
[    0.343969] iommu: Default domain type: Translated 
[    0.344031] pci 0000:00:02.0: vgaarb: setting as boot VGA device
[    0.344033] pci 0000:00:02.0: vgaarb: VGA device added: decodes=io+mem,owns=io+mem,locks=none
[    0.344035] pci 0000:00:02.0: vgaarb: bridge control possible
[    0.344036] vgaarb: loaded
[    0.344246] SCSI subsystem initialized
[    0.344277] libata version 3.00 loaded.
[    0.344304] ACPI: bus type USB registered
[    0.344319] usbcore: registered new interface driver usbfs
[    0.344325] usbcore: registered new interface driver hub
[    0.344331] usbcore: registered new device driver usb
[    0.344358] pps_core: LinuxPPS API ver. 1 registered
[    0.344359] pps_core: Software ver. 5.3.6 - Copyright 2005-2007 Rodolfo Giometti <giometti@linux.it>
[    0.344361] PTP clock support registered
[    0.344394] EDAC MC: Ver: 3.0.0
[    0.344684] PCI: Using ACPI for IRQ routing
[    0.344685] PCI: pci_cache_line_size set to 64 bytes
[    0.346254] e820: reserve RAM buffer [mem 0x0009fc00-0x0009ffff]
[    0.346258] e820: reserve RAM buffer [mem 0x7fff0000-0x7fffffff]
[    0.347042] NetLabel: Initializing
[    0.347042] NetLabel:  domain hash size = 128
[    0.347043] NetLabel:  protocols = UNLABELED CIPSOv4 CALIPSO
[    0.347062] NetLabel:  unlabeled traffic allowed by default
[    0.347957] clocksource: Switched to clocksource kvm-clock
[    0.360458] *** VALIDATE bpf ***
[    0.360515] VFS: Disk quotas dquot_6.6.0
[    0.360527] VFS: Dquot-cache hash table entries: 512 (order 0, 4096 bytes)
[    0.360548] *** VALIDATE ramfs ***
[    0.360551] *** VALIDATE hugetlbfs ***
[    0.360629] AppArmor: AppArmor Filesystem Enabled
[    0.360653] pnp: PnP ACPI init
[    0.360711] pnp 00:00: Plug and Play ACPI device, IDs PNP0303 (active)
[    0.360776] pnp 00:01: Plug and Play ACPI device, IDs PNP0f03 (active)
[    0.361510] pnp: PnP ACPI: found 2 devices
[    0.362461] thermal_sys: Registered thermal governor 'fair_share'
[    0.362462] thermal_sys: Registered thermal governor 'bang_bang'
[    0.362462] thermal_sys: Registered thermal governor 'step_wise'
[    0.362463] thermal_sys: Registered thermal governor 'user_space'
[    0.362464] thermal_sys: Registered thermal governor 'power_allocator'
[    0.367003] clocksource: acpi_pm: mask: 0xffffff max_cycles: 0xffffff, max_idle_ns: 2085701024 ns
[    0.367043] pci_bus 0000:00: resource 4 [io  0x0000-0x0cf7 window]
[    0.367044] pci_bus 0000:00: resource 5 [io  0x0d00-0xffff window]
[    0.367045] pci_bus 0000:00: resource 6 [mem 0x000a0000-0x000bffff window]
[    0.367046] pci_bus 0000:00: resource 7 [mem 0x80000000-0xfdffffff window]
[    0.367112] NET: Registered protocol family 2
[    0.367185] IP idents hash table entries: 32768 (order: 6, 262144 bytes, linear)
[    0.367578] MPTCP tokens hash table entries: 8192 (order: 4, 65536 bytes, linear)
[    0.367597] MPTCP request tokens hash table entries: 8192 (order: 4, 65536 bytes, linear)
[    0.367623] default registered
[    0.367623] default registered
[    0.367624] MPTCP: Stable release v0.96
[    0.367629] tcp_listen_portaddr_hash hash table entries: 1024 (order: 2, 16384 bytes, linear)
[    0.367708] TCP established hash table entries: 16384 (order: 5, 131072 bytes, linear)
[    0.367769] TCP bind hash table entries: 16384 (order: 6, 262144 bytes, linear)
[    0.367794] TCP: Hash tables configured (established 16384 bind 16384)
[    0.368473] UDP hash table entries: 1024 (order: 3, 32768 bytes, linear)
[    0.368484] UDP-Lite hash table entries: 1024 (order: 3, 32768 bytes, linear)
[    0.368517] NET: Registered protocol family 1
[    0.368526] NET: Registered protocol family 44
[    0.368547] pci 0000:00:00.0: Limiting direct PCI/PCI transfers
[    0.368560] pci 0000:00:01.0: Activating ISA DMA hang workarounds
[    0.368610] pci 0000:00:02.0: Video device with shadowed ROM at [mem 0x000c0000-0x000dffff]
[    0.368675] PCI: CLS 0 bytes, default 64
[    0.368720] Trying to unpack rootfs image as initramfs...
[    0.544409] Freeing initrd memory: 47868K
[    0.544497] clocksource: tsc: mask: 0xffffffffffffffff max_cycles: 0x1e4530a99b6, max_idle_ns: 440795257976 ns
[    0.544517] clocksource: Switched to clocksource tsc
[    0.544556] platform rtc_cmos: registered platform RTC device (no PNP device found)
[    0.544584] check: Scanning for low memory corruption every 60 seconds
[    0.544912] Initialise system trusted keyrings
[    0.544924] Key type blacklist registered
[    0.544966] workingset: timestamp_bits=36 max_order=19 bucket_order=0
[    0.546264] zbud: loaded
[    0.546625] squashfs: version 4.0 (2009/01/31) Phillip Lougher
[    0.546753] fuse: init (API version 7.31)
[    0.546769] *** VALIDATE fuse ***
[    0.546771] *** VALIDATE fuse ***
[    0.546871] Platform Keyring initialized
[    0.548638] Key type asymmetric registered
[    0.548638] Asymmetric key parser 'x509' registered
[    0.548638] Block layer SCSI generic (bsg) driver version 0.4 loaded (major 244)
[    0.548638] io scheduler mq-deadline registered
[    0.548638] shpchp: Standard Hot Plug PCI Controller Driver version: 0.4
[    0.550100] ACPI: AC Adapter [AC] (on-line)
[    0.550146] input: Power Button as /devices/LNXSYSTM:00/LNXPWRBN:00/input/input0
[    0.550174] ACPI: Power Button [PWRF]
[    0.550257] input: Sleep Button as /devices/LNXSYSTM:00/LNXSLPBN:00/input/input1
[    0.550273] ACPI: Sleep Button [SLPF]
[    0.550504] Serial: 8250/16550 driver, 32 ports, IRQ sharing enabled
[    0.551701] Linux agpgart interface v0.103
[    0.646959] loop: module loaded
[    0.647166] ata_piix 0000:00:01.1: version 2.13
[    0.647581] scsi host0: ata_piix
[    0.647675] scsi host1: ata_piix
[    0.647702] ata1: PATA max UDMA/33 cmd 0x1f0 ctl 0x3f6 bmdma 0xd000 irq 14
[    0.647703] ata2: PATA max UDMA/33 cmd 0x170 ctl 0x376 bmdma 0xd008 irq 15
[    0.647786] tun: Universal TUN/TAP device driver, 1.6
[    0.648095] PPP generic driver version 2.4.2
[    0.648139] VFIO - User Level meta-driver version: 0.3
[    0.648375] ehci_hcd: USB 2.0 'Enhanced' Host Controller (EHCI) Driver
[    0.648380] ehci-pci: EHCI PCI platform driver
[    0.648395] ehci-platform: EHCI generic platform driver
[    0.648402] ohci_hcd: USB 1.1 'Open' Host Controller (OHCI) Driver
[    0.648403] ohci-pci: OHCI PCI platform driver
[    0.648410] ohci-platform: OHCI generic platform driver
[    0.648415] uhci_hcd: USB Universal Host Controller Interface driver
[    0.648478] i8042: PNP: PS/2 Controller [PNP0303:PS2K,PNP0f03:PS2M] at 0x60,0x64 irq 1,12
[    0.648919] serio: i8042 KBD port at 0x60,0x64 irq 1
[    0.648922] serio: i8042 AUX port at 0x60,0x64 irq 12
[    0.649009] mousedev: PS/2 mouse device common for all mice
[    0.649266] input: AT Translated Set 2 keyboard as /devices/platform/i8042/serio0/input/input2
[    0.649664] rtc_cmos rtc_cmos: registered as rtc0
[    0.649678] rtc_cmos rtc_cmos: alarms up to one day, 114 bytes nvram
[    0.649683] i2c /dev entries driver
[    0.649727] device-mapper: uevent: version 1.0.3
[    0.649770] device-mapper: ioctl: 4.41.0-ioctl (2019-09-16) initialised: dm-devel@redhat.com
[    0.649786] platform eisa.0: Probing EISA bus 0
[    0.649788] platform eisa.0: EISA: Cannot allocate resource for mainboard
[    0.649789] platform eisa.0: Cannot allocate resource for EISA slot 1
[    0.649790] platform eisa.0: Cannot allocate resource for EISA slot 2
[    0.649791] platform eisa.0: Cannot allocate resource for EISA slot 3
[    0.649792] platform eisa.0: Cannot allocate resource for EISA slot 4
[    0.649793] platform eisa.0: Cannot allocate resource for EISA slot 5
[    0.649794] platform eisa.0: Cannot allocate resource for EISA slot 6
[    0.649795] platform eisa.0: Cannot allocate resource for EISA slot 7
[    0.649796] platform eisa.0: Cannot allocate resource for EISA slot 8
[    0.649797] platform eisa.0: EISA: Detected 0 cards
[    0.649800] intel_pstate: CPU model not supported
[    0.649811] ledtrig-cpu: registered to indicate activity on CPUs
[    0.649867] drop_monitor: Initializing network drop monitor service
[    0.650026] NET: Registered protocol family 10
[    0.654940] Segment Routing with IPv6
[    0.654940] fullmesh registered
[    0.654940] ndiffports registered
[    0.654940] binder registered
[    0.654940] roundrobin registered
[    0.654940] redundant registered
[    0.654940] blest registered
[    0.654940] ecf registered
[    0.654940] NET: Registered protocol family 17
[    0.654940] Key type dns_resolver registered
[    0.654940] RAS: Correctable Errors collector initialized.
[    0.654940] IPI shorthand broadcast: enabled
[    0.654940] sched_clock: Marking stable (636047368, 14893076)->(652905434, -1964990)
[    0.655806] registered taskstats version 1
[    0.655816] Loading compiled-in X.509 certificates
[    0.656405] Loaded X.509 cert 'Build time autogenerated kernel key: 6909f3744cebb3d0de528d5887b96a727de79b1e'
[    0.656424] zswap: loaded using pool lzo/zbud
[    0.656477] Key type ._fscrypt registered
[    0.656478] Key type .fscrypt registered
[    0.660917] Key type big_key registered
[    0.663128] Key type encrypted registered
[    0.663132] AppArmor: AppArmor sha1 policy hashing enabled
[    0.663139] ima: No TPM chip found, activating TPM-bypass!
[    0.663143] ima: Allocated hash algorithm: sha1
[    0.663148] ima: No architecture policies found
[    0.663158] evm: Initialising EVM extended attributes:
[    0.663158] evm: security.selinux
[    0.663159] evm: security.SMACK64
[    0.663159] evm: security.SMACK64EXEC
[    0.663160] evm: security.SMACK64TRANSMUTE
[    0.663160] evm: security.SMACK64MMAP
[    0.663161] evm: security.apparmor
[    0.663161] evm: security.ima
[    0.663162] evm: security.capability
[    0.663162] evm: HMAC attrs: 0x1
[    0.663465] PM:   Magic number: 10:470:698
[    0.663593] rtc_cmos rtc_cmos: setting system clock to 2026-01-18T19:40:21 UTC (1768765221)
[    0.819025] ata1.00: ATA-6: VBOX HARDDISK, 1.0, max UDMA/133
[    0.819028] ata1.00: 209715200 sectors, multi 128: LBA 
[    0.819539] scsi 0:0:0:0: Direct-Access     ATA      VBOX HARDDISK    1.0  PQ: 0 ANSI: 5
[    0.819768] sd 0:0:0:0: [sda] 209715200 512-byte logical blocks: (107 GB/100 GiB)
[    0.819777] sd 0:0:0:0: [sda] Write Protect is off
[    0.819779] sd 0:0:0:0: [sda] Mode Sense: 00 3a 00 00
[    0.819794] sd 0:0:0:0: [sda] Write cache: enabled, read cache: enabled, doesn't support DPO or FUA
[    0.820044] sd 0:0:0:0: Attached scsi generic sg0 type 0
[    0.820660]  sda: sda1 sda2
[    0.831059] sd 0:0:0:0: [sda] Attached SCSI disk
[    0.833525] Freeing unused decrypted memory: 2040K
[    0.834302] Freeing unused kernel image memory: 2728K
[    0.834304] Write protecting the kernel read-only data: 22528k
[    0.835134] Freeing unused kernel image memory: 2036K
[    0.835570] Freeing unused kernel image memory: 1432K
[    0.854350] x86/mm: Checked W+X mappings: passed, no W+X pages found.
[    0.854353] Run /init as init process
[    0.965127] ACPI: Video Device [GFX0] (multi-head: yes  rom: no  post: no)
[    0.965198] input: Video Bus as /devices/LNXSYSTM:00/LNXSYBUS:00/PNP0A03:00/LNXVIDEO:00/input/input4
[    0.978490] pcnet32: pcnet32.c:v1.35 21.Apr.2008 tsbogend@alpha.franken.de
[    0.980325] piix4_smbus 0000:00:07.0: SMBus Host Controller at 0x4100, revision 0
[    0.982763] e1000: Intel(R) PRO/1000 Network Driver - version 7.3.21-k8-NAPI
[    0.982764] e1000: Copyright (c) 1999-2006 Intel Corporation.
[    0.993605] pcnet32: PCnet/FAST III 79C973 at 0xd020, 08:00:27:99:cf:38 assigned IRQ 19
[    0.993649] pcnet32: Found PHY 0022:561b at address 0
[    0.993944] pcnet32: eth0: registered as PCnet/FAST III 79C973
[    0.994020] pcnet32: 1 cards_found
[    1.055290] pcnet32 0000:00:03.0 enp0s3: renamed from eth0
[    1.200175] input: ImExPS/2 Generic Explorer Mouse as /devices/platform/i8042/serio1/input/input5
[    1.395571] e1000 0000:00:08.0 eth0: (PCI:33MHz:32-bit) 08:00:27:ae:e8:f1
[    1.395575] e1000 0000:00:08.0 eth0: Intel(R) PRO/1000 Network Connection
[    1.767349] e1000 0000:00:09.0 eth1: (PCI:33MHz:32-bit) 08:00:27:22:a3:3a
[    1.767352] e1000 0000:00:09.0 eth1: Intel(R) PRO/1000 Network Connection
[    1.768444] e1000 0000:00:09.0 enp0s9: renamed from eth1
[    1.770270] e1000 0000:00:08.0 enp0s8: renamed from eth0
[    1.926403] EXT4-fs (sda2): mounted filesystem with ordered data mode. Opts: (null)
[    2.016777] systemd[1]: Inserted module 'autofs4'
[    2.029091] systemd[1]: systemd 245.4-4ubuntu3 running in system mode. (+PAM +AUDIT +SELINUX +IMA +APPARMOR +SMACK +SYSVINIT +UTMP +LIBCRYPTSETUP +GCRYPT +GNUTLS +ACL +XZ +LZ4 +SECCOMP +BLKID +ELFUTILS +KMOD +IDN2 -IDN +PCRE2 default-hierarchy=hybrid)
[    2.029121] systemd[1]: Detected virtualization oracle.
[    2.029124] systemd[1]: Detected architecture x86-64.
[    2.030395] systemd[1]: Set hostname to <ztg>.
[    2.155778] systemd[1]: /lib/systemd/system/dbus.socket:5: ListenStream= references a path below legacy directory /var/run/, updating /var/run/dbus/system_bus_socket â†’ /run/dbus/system_bus_socket; please update the unit file accordingly.
[    2.209830] systemd[1]: Created slice system-modprobe.slice.
[    2.210011] systemd[1]: Created slice User and Session Slice.
[    2.210052] systemd[1]: Started Forward Password Requests to Wall Directory Watch.
[    2.210213] systemd[1]: Set up automount Arbitrary Executable File Formats File System Automount Point.
[    2.210249] systemd[1]: Reached target User and Group Name Lookups.
[    2.210257] systemd[1]: Reached target Remote File Systems.
[    2.210265] systemd[1]: Reached target Slices.
[    2.210825] systemd[1]: Listening on Syslog Socket.
[    2.210891] systemd[1]: Listening on fsck to fsckd communication Socket.
[    2.210928] systemd[1]: Listening on initctl Compatibility Named Pipe.
[    2.211127] systemd[1]: Listening on Journal Audit Socket.
[    2.211183] systemd[1]: Listening on Journal Socket (/dev/log).
[    2.211252] systemd[1]: Listening on Journal Socket.
[    2.211317] systemd[1]: Listening on udev Control Socket.
[    2.211355] systemd[1]: Listening on udev Kernel Socket.
[    2.212092] systemd[1]: Mounting Huge Pages File System...
[    2.212992] systemd[1]: Mounting POSIX Message Queue File System...
[    2.213831] systemd[1]: Mounting Kernel Debug File System...
[    2.214686] systemd[1]: Mounting Kernel Trace File System...
[    2.217567] systemd[1]: Starting Journal Service...
[    2.241649] systemd[1]: Starting Set the console keyboard layout...
[    2.246761] systemd[1]: Starting Create list of static device nodes for the current kernel...
[    2.252171] systemd[1]: Starting Load Kernel Module drm...
[    2.253477] systemd[1]: Condition check resulted in Set Up Additional Binary Formats being skipped.
[    2.253521] systemd[1]: Condition check resulted in File System Check on Root Device being skipped.
[    2.260843] systemd[1]: Starting Load Kernel Modules...
[    2.275726] systemd[1]: Starting Remount Root and Kernel File Systems...
[    2.281907] systemd[1]: Starting udev Coldplug all Devices...
[    2.293725] EXT4-fs (sda2): re-mounted. Opts: errors=remount-ro
[    2.294027] systemd[1]: Starting Uncomplicated firewall...
[    2.295613] systemd[1]: Mounted Huge Pages File System.
[    2.295703] systemd[1]: Mounted POSIX Message Queue File System.
[    2.295774] systemd[1]: Mounted Kernel Debug File System.
[    2.295843] systemd[1]: Mounted Kernel Trace File System.
[    2.318211] systemd[1]: Finished Create list of static device nodes for the current kernel.
[    2.319701] systemd[1]: modprobe@drm.service: Succeeded.
[    2.334334] systemd[1]: Finished Load Kernel Module drm.
[    2.334710] systemd[1]: Finished Remount Root and Kernel File Systems.
[    2.336698] systemd[1]: Finished Uncomplicated firewall.
[    2.343006] systemd[1]: Condition check resulted in Rebuild Hardware Database being skipped.
[    2.343039] systemd[1]: Condition check resulted in Platform Persistent Storage Archival being skipped.
[    2.343713] systemd[1]: Starting Load/Save Random Seed...
[    2.349985] systemd[1]: Starting Create System Users...
[    2.372640] lp: driver loaded but no devices found
[    2.377542] systemd[1]: Finished Load/Save Random Seed.
[    2.379408] systemd[1]: Finished Create System Users.
[    2.380112] systemd[1]: Starting Create Static Device Nodes in /dev...
[    2.420552] ppdev: user-space parallel port driver
[    2.430749] systemd[1]: Finished udev Coldplug all Devices.
[    2.435468] systemd[1]: Finished Create Static Device Nodes in /dev.
[    2.436198] systemd[1]: Starting udev Kernel Device Manager...
[    2.493640] [drm] DMA map mode: Caching DMA mappings.
[    2.493702] [drm] Capabilities:
[    2.493702] [drm]   Rect copy.
[    2.493703] [drm]   Cursor.
[    2.493703] [drm]   Cursor bypass.
[    2.493703] [drm]   Cursor bypass 2.
[    2.493704] [drm]   Alpha cursor.
[    2.493704] [drm]   Extended Fifo.
[    2.493704] [drm]   Pitchlock.
[    2.493705] [drm]   Irq mask.
[    2.493705] [drm]   GMR.
[    2.493705] [drm]   Traces.
[    2.493706] [drm]   GMR2.
[    2.493706] [drm]   Screen Object 2.
[    2.493706] [drm]   Command Buffers.
[    2.493707] [drm]   Command Buffers 2.
[    2.493707] [drm]   Guest Backed Resources.
[    2.493708] [drm] Max GMR ids is 8192
[    2.493708] [drm] Max number of GMR pages is 1048576
[    2.493709] [drm] Max dedicated hypervisor surface memory is 393216 kiB
[    2.493709] [drm] Maximum display memory size is 131072 kiB
[    2.493710] [drm] VRAM at 0xe0000000 size is 131072 kiB
[    2.493711] [drm] MMIO at 0xf0000000 size is 2048 kiB
[    2.494565] [TTM] Zone  kernel: Available graphics memory: 1011738 KiB
[    2.494588] [TTM] Initializing pool allocator
[    2.494591] [TTM] Initializing DMA pool allocator
[    2.494618] [drm] Supports vblank timestamp caching Rev 2 (21.10.2013).
[    2.494618] [drm] No driver support for vblank timestamp query.
[    2.494830] [drm] Screen Target Display device initialized
[    2.495642] [drm] width 720
[    2.495651] [drm] height 400
[    2.495654] [drm] bpp 32
[    2.496162] [drm] Fifo max 0x00200000 min 0x00001000 cap 0x00000355
[    2.497216] [drm] Using command buffers with DMA pool.
[    2.497219] [drm] DX: no.
[    2.497220] [drm] Atomic: yes.
[    2.497220] [drm] SM4_1: no.
[    2.497239] [drm:vmw_host_log [vmwgfx]] *ERROR* Failed to send host log message.
[    2.498188] [drm:vmw_host_log [vmwgfx]] *ERROR* Failed to send host log message.
[    2.506628] fbcon: svgadrmfb (fb0) is primary device
[    2.511719] systemd[1]: Finished Set the console keyboard layout.
[    2.511819] systemd[1]: Reached target Local File Systems (Pre).
[    2.514008] systemd[1]: Mounting Mount unit for bare, revision 5...
[    2.518883] systemd[1]: Mounting Mount unit for core18, revision 1705...
[    2.521076] Console: switching to colour frame buffer device 100x37
[    2.527241] [drm] Initialized vmwgfx 2.15.0 20180704 for 0000:00:02.0 on minor 0
[    2.536418] systemd[1]: Mounting Mount unit for gnome-3-34-1804, revision 24...
[    2.549002] systemd[1]: Mounting Mount unit for gtk-common-themes, revision 1506...
[    2.569194] systemd[1]: Mounting Mount unit for gtk-common-themes, revision 1535...
[    2.573659] systemd[1]: Mounting Mount unit for snap-store, revision 433...
[    2.581608] systemd[1]: Mounting Mount unit for snapd, revision 7264...
[    2.586025] systemd[1]: Finished Load Kernel Modules.
[    2.592320] systemd[1]: Mounting FUSE Control File System...
[    2.600081] systemd[1]: Mounting Kernel Configuration File System...
[    2.602330] systemd[1]: Starting Apply Kernel Variables...
[    2.609793] systemd[1]: Mounted Mount unit for core18, revision 1705.
[    2.609890] systemd[1]: Mounted FUSE Control File System.
[    2.609969] systemd[1]: Condition check resulted in VMware vmblock fuse mount being skipped.
[    2.620808] systemd[1]: Mounted Kernel Configuration File System.
[    2.642077] systemd[1]: Finished Apply Kernel Variables.
[    2.659049] systemd[1]: Started udev Kernel Device Manager.
[    2.659148] systemd[1]: Mounted Mount unit for bare, revision 5.
[    2.661298] systemd[1]: Starting Show Plymouth Boot Screen...
[    2.661512] systemd[1]: Mounted Mount unit for gnome-3-34-1804, revision 24.
[    2.661623] systemd[1]: Mounted Mount unit for gtk-common-themes, revision 1506.
[    2.666552] systemd[1]: Received SIGRTMIN+20 from PID 285 (plymouthd).
[    2.672796] systemd[1]: Mounted Mount unit for gtk-common-themes, revision 1535.
[    2.686529] systemd[1]: Started Show Plymouth Boot Screen.
[    2.686654] systemd[1]: Condition check resulted in Dispatch Password Requests to Console Directory Watch being skipped.
[    2.686734] systemd[1]: Started Forward Password Requests to Plymouth Directory Watch.
[    2.686765] systemd[1]: Reached target Local Encrypted Volumes.
[    2.705570] systemd[1]: Mounted Mount unit for snap-store, revision 433.
[    2.705780] systemd[1]: Mounted Mount unit for snapd, revision 7264.
[    2.705924] systemd[1]: Reached target Local File Systems.
[    2.707952] systemd[1]: Starting Load AppArmor profiles...
[    2.708743] systemd[1]: Starting Set console font and keymap...
[    2.722804] systemd[1]: Starting Tell Plymouth To Write Out Runtime Data...
[    2.723538] systemd[1]: Condition check resulted in Store a System Token in an EFI Variable being skipped.
[    2.723571] systemd[1]: Condition check resulted in Commit a transient machine-id on disk being skipped.
[    2.726263] systemd[1]: Received SIGRTMIN+20 from PID 285 (plymouthd).
[    2.727355] systemd[1]: plymouth-read-write.service: Succeeded.
[    2.727603] systemd[1]: Finished Tell Plymouth To Write Out Runtime Data.
[    2.730882] systemd[1]: Finished Set console font and keymap.
[    2.773854] audit: type=1400 audit(1768765223.604:2): apparmor="STATUS" operation="profile_load" profile="unconfined" name="nvidia_modprobe" pid=303 comm="apparmor_parser"
[    2.773856] audit: type=1400 audit(1768765223.604:3): apparmor="STATUS" operation="profile_load" profile="unconfined" name="nvidia_modprobe//kmod" pid=303 comm="apparmor_parser"
[    2.779802] audit: type=1400 audit(1768765223.608:4): apparmor="STATUS" operation="profile_load" profile="unconfined" name="/usr/sbin/tcpdump" pid=304 comm="apparmor_parser"
[    2.806616] audit: type=1400 audit(1768765223.632:5): apparmor="STATUS" operation="profile_load" profile="unconfined" name="/usr/bin/evince" pid=306 comm="apparmor_parser"
[    2.806618] audit: type=1400 audit(1768765223.632:6): apparmor="STATUS" operation="profile_load" profile="unconfined" name="/usr/bin/evince//sanitized_helper" pid=306 comm="apparmor_parser"
[    2.806620] audit: type=1400 audit(1768765223.632:7): apparmor="STATUS" operation="profile_load" profile="unconfined" name="/usr/bin/evince-previewer" pid=306 comm="apparmor_parser"
[    2.806621] audit: type=1400 audit(1768765223.632:8): apparmor="STATUS" operation="profile_load" profile="unconfined" name="/usr/bin/evince-previewer//sanitized_helper" pid=306 comm="apparmor_parser"
[    2.806623] audit: type=1400 audit(1768765223.632:9): apparmor="STATUS" operation="profile_load" profile="unconfined" name="/usr/bin/evince-thumbnailer" pid=306 comm="apparmor_parser"
[    2.833377] audit: type=1400 audit(1768765223.668:10): apparmor="STATUS" operation="profile_load" profile="unconfined" name="/usr/lib/cups/backend/cups-pdf" pid=307 comm="apparmor_parser"
[    2.909239] systemd[1]: Finished Load AppArmor profiles.
[    2.910146] systemd[1]: Starting Load AppArmor profiles managed internally by snapd...
[    2.993996] systemd[1]: Finished Load AppArmor profiles managed internally by snapd.
[    3.232155] systemd[1]: Started Journal Service.
[    3.238962] systemd-journald[229]: Received client request to flush runtime journal.
[    3.243889] systemd-journald[229]: File /var/log/journal/c455b248004a419c87ce85eea238d727/system.journal corrupted or uncleanly shut down, renaming and replacing.
[    4.497342] RAPL PMU: API unit is 2^-32 Joules, 0 fixed counters, 10737418240 ms ovfl timer
[    4.561112] cryptd: max_cpu_qlen set to 1000
[    4.623873] AVX2 version of gcm_enc/dec engaged.
[    4.623874] AES CTR mode by8 optimization enabled
[    5.478105] Adding 1998844k swap on /dev/sda1.  Priority:-2 extents:1 across:1998844k FS
[    7.264373] kauditd_printk_skb: 30 callbacks suppressed
[    7.264374] audit: type=1400 audit(1768765228.096:41): apparmor="DENIED" operation="capable" profile="/usr/sbin/cups-browsed" pid=501 comm="cups-browsed" capability=23  capname="sys_nice"
[    7.788006] pcnet32 0000:00:03.0 enp0s3: link up, 100Mbps, full-duplex
[    7.824663] e1000: enp0s8 NIC Link is Up 1000 Mbps Full Duplex, Flow Control: RX
[    7.824955] IPv6: ADDRCONF(NETDEV_CHANGE): enp0s8: link becomes ready
[    7.837193] e1000: enp0s9 NIC Link is Up 1000 Mbps Full Duplex, Flow Control: RX
[    7.837490] IPv6: ADDRCONF(NETDEV_CHANGE): enp0s9: link becomes ready
[    8.394219] device enp0s3 entered promiscuous mode
[    8.424543] audit: type=1400 audit(1768765229.260:42): apparmor="DENIED" operation="open" profile="/usr/sbin/tcpdump" name="/proc/sys/kernel/random/boot_id" pid=718 comm="tcpdump" requested_mask="r" denied_mask="r" fsuid=0 ouid=0
[    8.425910] audit: type=1400 audit(1768765229.260:43): apparmor="DENIED" operation="open" profile="/usr/sbin/tcpdump" name="/proc/sys/kernel/random/boot_id" pid=718 comm="tcpdump" requested_mask="r" denied_mask="r" fsuid=0 ouid=0
[    8.425968] audit: type=1400 audit(1768765229.260:44): apparmor="DENIED" operation="open" profile="/usr/sbin/tcpdump" name="/proc/sys/kernel/random/boot_id" pid=718 comm="tcpdump" requested_mask="r" denied_mask="r" fsuid=0 ouid=0
[    8.425993] audit: type=1400 audit(1768765229.260:45): apparmor="DENIED" operation="open" profile="/usr/sbin/tcpdump" name="/proc/sys/kernel/random/boot_id" pid=718 comm="tcpdump" requested_mask="r" denied_mask="r" fsuid=0 ouid=0
[    8.433067] audit: type=1400 audit(1768765229.260:46): apparmor="DENIED" operation="open" profile="/usr/sbin/tcpdump" name="/proc/sys/kernel/random/boot_id" pid=719 comm="tcpdump" requested_mask="r" denied_mask="r" fsuid=0 ouid=0
[    8.433232] audit: type=1400 audit(1768765229.260:47): apparmor="DENIED" operation="open" profile="/usr/sbin/tcpdump" name="/proc/sys/kernel/random/boot_id" pid=719 comm="tcpdump" requested_mask="r" denied_mask="r" fsuid=0 ouid=0
[    8.433272] audit: type=1400 audit(1768765229.260:48): apparmor="DENIED" operation="open" profile="/usr/sbin/tcpdump" name="/proc/sys/kernel/random/boot_id" pid=719 comm="tcpdump" requested_mask="r" denied_mask="r" fsuid=0 ouid=0
[    8.433360] audit: type=1400 audit(1768765229.260:49): apparmor="DENIED" operation="open" profile="/usr/sbin/tcpdump" name="/proc/sys/kernel/random/boot_id" pid=719 comm="tcpdump" requested_mask="r" denied_mask="r" fsuid=0 ouid=0
[   13.091688] rfkill: input handler disabled
[  557.763041] rfkill: input handler enabled
[  566.857203] rfkill: input handler disabled
[  773.633998] device enp0s3 left promiscuous mode
