[    0.000000] Linux version 5.4.243-mptcp (root@ztg) (gcc version 12.2.0 (Debian 12.2.0-14+deb12u1)) #53 SMP Wed Dec 24 23:28:15 CST 2025
[    0.000000] Command line: BOOT_IMAGE=/boot/vmlinuz-5.4.243-mptcp root=UUID=98415a12-53b7-4144-8265-0f7ece09e445 ro quiet splash
[    0.000000] KERNEL supported cpus:
[    0.000000]   Intel GenuineIntel
[    0.000000]   AMD AuthenticAMD
[    0.000000]   Hygon HygonGenuine
[    0.000000]   Centaur CentaurHauls
[    0.000000]   zhaoxin   Shanghai  
[    0.000000] x86/fpu: Supporting XSAVE feature 0x001: 'x87 floating point registers'
[    0.000000] x86/fpu: Supporting XSAVE feature 0x002: 'SSE registers'
[    0.000000] x86/fpu: Supporting XSAVE feature 0x004: 'AVX registers'
[    0.000000] x86/fpu: xstate_offset[2]:  576, xstate_sizes[2]:  256
[    0.000000] x86/fpu: Enabled xstate features 0x7, context size is 832 bytes, using 'standard' format.
[    0.000000] BIOS-provided physical RAM map:
[    0.000000] BIOS-e820: [mem 0x0000000000000000-0x000000000009fbff] usable
[    0.000000] BIOS-e820: [mem 0x000000000009fc00-0x000000000009ffff] reserved
[    0.000000] BIOS-e820: [mem 0x00000000000f0000-0x00000000000fffff] reserved
[    0.000000] BIOS-e820: [mem 0x0000000000100000-0x000000007ffeffff] usable
[    0.000000] BIOS-e820: [mem 0x000000007fff0000-0x000000007fffffff] ACPI data
[    0.000000] BIOS-e820: [mem 0x00000000fec00000-0x00000000fec00fff] reserved
[    0.000000] BIOS-e820: [mem 0x00000000fee00000-0x00000000fee00fff] reserved
[    0.000000] BIOS-e820: [mem 0x00000000fffc0000-0x00000000ffffffff] reserved
[    0.000000] NX (Execute Disable) protection: active
[    0.000000] SMBIOS 2.5 present.
[    0.000000] DMI: innotek GmbH VirtualBox/VirtualBox, BIOS VirtualBox 12/01/2006
[    0.000000] Hypervisor detected: KVM
[    0.000000] kvm-clock: Using msrs 4b564d01 and 4b564d00
[    0.000000] kvm-clock: cpu 0, msr 1de01001, primary cpu clock
[    0.000000] kvm-clock: using sched offset of 4482112473 cycles
[    0.000003] clocksource: kvm-clock: mask: 0xffffffffffffffff max_cycles: 0x1cd42e4dffb, max_idle_ns: 881590591483 ns
[    0.000005] tsc: Detected 2100.000 MHz processor
[    0.001894] e820: update [mem 0x00000000-0x00000fff] usable ==> reserved
[    0.001896] e820: remove [mem 0x000a0000-0x000fffff] usable
[    0.001900] last_pfn = 0x7fff0 max_arch_pfn = 0x400000000
[    0.002000] MTRR default type: uncachable
[    0.002002] MTRR fixed ranges enabled:
[    0.002003]   00000-9FFFF write-back
[    0.002004]   A0000-BFFFF uncachable
[    0.002004]   C0000-FFFFF write-protect
[    0.002005] MTRR variable ranges enabled:
[    0.002007]   0 base 000000000000 mask 3FFF80000000 write-back
[    0.002007]   1 disabled
[    0.002008]   2 disabled
[    0.002008]   3 disabled
[    0.002008]   4 disabled
[    0.002009]   5 disabled
[    0.002009]   6 disabled
[    0.002010]   7 disabled
[    0.002010]   8 disabled
[    0.002010]   9 disabled
[    0.002011]   10 disabled
[    0.002011]   11 disabled
[    0.002012]   12 disabled
[    0.002012]   13 disabled
[    0.002013]   14 disabled
[    0.002013]   15 disabled
[    0.002029] x86/PAT: Configuration [0-7]: WB  WC  UC- UC  WB  WP  UC- WT  
[    0.002163] found SMP MP-table at [mem 0x0009fff0-0x0009ffff]
[    0.093568] check: Scanning 1 areas for low memory corruption
[    0.093754] RAMDISK: [mem 0x32271000-0x3512ffff]
[    0.093762] ACPI: Early table checksum verification disabled
[    0.093767] ACPI: RSDP 0x00000000000E0000 000024 (v02 VBOX  )
[    0.093772] ACPI: XSDT 0x000000007FFF0030 00003C (v01 VBOX   VBOXXSDT 00000001 ASL  00000061)
[    0.093778] ACPI: FACP 0x000000007FFF00F0 0000F4 (v04 VBOX   VBOXFACP 00000001 ASL  00000061)
[    0.093785] ACPI: DSDT 0x000000007FFF02E0 002353 (v02 VBOX   VBOXBIOS 00000002 VBOX 00029BF3)
[    0.093789] ACPI: FACS 0x000000007FFF0200 000040
[    0.093792] ACPI: FACS 0x000000007FFF0200 000040
[    0.093795] ACPI: APIC 0x000000007FFF0240 000054 (v02 VBOX   VBOXAPIC 00000001 ASL  00000061)
[    0.093799] ACPI: SSDT 0x000000007FFF02A0 000038 (v01 VBOX   VBOXCPUT 00000002 VBOX 00029BF3)
[    0.093802] ACPI: Reserving FACP table memory at [mem 0x7fff00f0-0x7fff01e3]
[    0.093803] ACPI: Reserving DSDT table memory at [mem 0x7fff02e0-0x7fff2632]
[    0.093804] ACPI: Reserving FACS table memory at [mem 0x7fff0200-0x7fff023f]
[    0.093805] ACPI: Reserving FACS table memory at [mem 0x7fff0200-0x7fff023f]
[    0.093805] ACPI: Reserving APIC table memory at [mem 0x7fff0240-0x7fff0293]
[    0.093806] ACPI: Reserving SSDT table memory at [mem 0x7fff02a0-0x7fff02d7]
[    0.093821] ACPI: Local APIC address 0xfee00000
[    0.094013] No NUMA configuration found
[    0.094015] Faking a node at [mem 0x0000000000000000-0x000000007ffeffff]
[    0.094025] NODE_DATA(0) allocated [mem 0x7ffc5000-0x7ffeffff]
[    0.094287] Zone ranges:
[    0.094288]   DMA      [mem 0x0000000000001000-0x0000000000ffffff]
[    0.094289]   DMA32    [mem 0x0000000001000000-0x000000007ffeffff]
[    0.094290]   Normal   empty
[    0.094291]   Device   empty
[    0.094292] Movable zone start for each node
[    0.094294] Early memory node ranges
[    0.094294]   node   0: [mem 0x0000000000001000-0x000000000009efff]
[    0.094295]   node   0: [mem 0x0000000000100000-0x000000007ffeffff]
[    0.094298] Zeroed struct page in unavailable ranges: 114 pages
[    0.094299] Initmem setup node 0 [mem 0x0000000000001000-0x000000007ffeffff]
[    0.094301] On node 0 totalpages: 524174
[    0.094302]   DMA zone: 64 pages used for memmap
[    0.094302]   DMA zone: 21 pages reserved
[    0.094303]   DMA zone: 3998 pages, LIFO batch:0
[    0.094375]   DMA32 zone: 8128 pages used for memmap
[    0.094375]   DMA32 zone: 520176 pages, LIFO batch:63
[    0.103503] ACPI: PM-Timer IO Port: 0x4008
[    0.103507] ACPI: Local APIC address 0xfee00000
[    0.103572] IOAPIC[0]: apic_id 1, version 32, address 0xfec00000, GSI 0-23
[    0.103576] ACPI: INT_SRC_OVR (bus 0 bus_irq 0 global_irq 2 dfl dfl)
[    0.103578] ACPI: INT_SRC_OVR (bus 0 bus_irq 9 global_irq 9 low level)
[    0.103580] ACPI: IRQ0 used by override.
[    0.103581] ACPI: IRQ9 used by override.
[    0.103584] Using ACPI (MADT) for SMP configuration information
[    0.103591] smpboot: Allowing 1 CPUs, 0 hotplug CPUs
[    0.103614] PM: Registered nosave memory: [mem 0x00000000-0x00000fff]
[    0.103615] PM: Registered nosave memory: [mem 0x0009f000-0x0009ffff]
[    0.103616] PM: Registered nosave memory: [mem 0x000a0000-0x000effff]
[    0.103616] PM: Registered nosave memory: [mem 0x000f0000-0x000fffff]
[    0.103618] [mem 0x80000000-0xfebfffff] available for PCI devices
[    0.103619] Booting paravirtualized kernel on KVM
[    0.103623] clocksource: refined-jiffies: mask: 0xffffffff max_cycles: 0xffffffff, max_idle_ns: 7645519600211568 ns
[    0.103627] setup_percpu: NR_CPUS:8192 nr_cpumask_bits:1 nr_cpu_ids:1 nr_node_ids:1
[    0.104231] percpu: Embedded 60 pages/cpu s208896 r8192 d28672 u2097152
[    0.104236] pcpu-alloc: s208896 r8192 d28672 u2097152 alloc=1*2097152
[    0.104237] pcpu-alloc: [0] 0 
[    0.104262] Built 1 zonelists, mobility grouping on.  Total pages: 515961
[    0.104263] Policy zone: DMA32
[    0.104265] Kernel command line: BOOT_IMAGE=/boot/vmlinuz-5.4.243-mptcp root=UUID=98415a12-53b7-4144-8265-0f7ece09e445 ro quiet splash
[    0.104842] Dentry cache hash table entries: 262144 (order: 9, 2097152 bytes, linear)
[    0.104990] Inode-cache hash table entries: 131072 (order: 8, 1048576 bytes, linear)
[    0.105039] mem auto-init: stack:off, heap alloc:on, heap free:off
[    0.105041] Calgary: detecting Calgary via BIOS EBDA area
[    0.105042] Calgary: Unable to locate Rio Grande table in EBDA - bailing!
[    0.109229] Memory: 1967332K/2096696K available (14339K kernel code, 2398K rwdata, 4712K rodata, 2728K init, 17260K bss, 129364K reserved, 0K cma-reserved)
[    0.109996] SLUB: HWalign=64, Order=0-3, MinObjects=0, CPUs=1, Nodes=1
[    0.110013] ftrace: allocating 43186 entries in 169 pages
[    0.128064] rcu: Hierarchical RCU implementation.
[    0.128066] rcu: 	RCU restricting CPUs from NR_CPUS=8192 to nr_cpu_ids=1.
[    0.128068] 	Tasks RCU enabled.
[    0.128069] rcu: RCU calculated value of scheduler-enlistment delay is 25 jiffies.
[    0.128069] rcu: Adjusting geometry for rcu_fanout_leaf=16, nr_cpu_ids=1
[    0.131052] NR_IRQS: 524544, nr_irqs: 256, preallocated irqs: 16
[    0.131262] random: crng init done
[    0.140556] Console: colour VGA+ 80x25
[    0.140560] printk: console [tty0] enabled
[    0.140578] ACPI: Core revision 20190816
[    0.140673] APIC: Switch to symmetric I/O mode setup
[    0.140921] x2apic enabled
[    0.141158] Switched APIC routing to physical x2apic.
[    0.142302] ..TIMER: vector=0x30 apic1=0 pin1=2 apic2=-1 pin2=-1
[    0.142327] clocksource: tsc-early: mask: 0xffffffffffffffff max_cycles: 0x1e4530a99b6, max_idle_ns: 440795257976 ns
[    0.142333] Calibrating delay loop (skipped) preset value.. 4200.00 BogoMIPS (lpj=8400000)
[    0.142336] pid_max: default: 32768 minimum: 301
[    0.142363] LSM: Security Framework initializing
[    0.142373] Yama: becoming mindful.
[    0.142398] AppArmor: AppArmor initialized
[    0.142431] Mount-cache hash table entries: 4096 (order: 3, 32768 bytes, linear)
[    0.142436] Mountpoint-cache hash table entries: 4096 (order: 3, 32768 bytes, linear)
[    0.142445] *** VALIDATE tmpfs ***
[    0.142574] *** VALIDATE proc ***
[    0.142614] *** VALIDATE cgroup1 ***
[    0.142616] *** VALIDATE cgroup2 ***
[    0.142755] process: using mwait in idle threads
[    0.142760] Last level iTLB entries: 4KB 64, 2MB 8, 4MB 8
[    0.142761] Last level dTLB entries: 4KB 64, 2MB 0, 4MB 0, 1GB 4
[    0.142781] Spectre V1 : Mitigation: usercopy/swapgs barriers and __user pointer sanitization
[    0.142786] Spectre V2 : Mitigation: Retpolines
[    0.142787] Spectre V2 : Spectre v2 / SpectreRSB mitigation: Filling RSB on context switch
[    0.142787] Spectre V2 : Spectre v2 / SpectreRSB : Filling RSB on VMEXIT
[    0.142788] RETBleed: WARNING: Spectre v2 mitigation leaves CPU vulnerable to RETBleed attacks, data leaks possible!
[    0.143140] RETBleed: Vulnerable
[    0.143141] Speculative Store Bypass: Vulnerable
[    0.143145] TAA: Mitigation: TSX disabled
[    0.143146] MMIO Stale Data: Mitigation: Clear CPU buffers
[    0.147374] Freeing SMP alternatives memory: 40K
[    0.259643] smpboot: CPU0: Intel(R) Xeon(R) Silver 4216 CPU @ 2.10GHz (family: 0x6, model: 0x55, stepping: 0x7)
[    0.259786] Performance Events: unsupported p6 CPU model 85 no PMU driver, software events only.
[    0.259822] rcu: Hierarchical SRCU implementation.
[    0.260320] NMI watchdog: Perf NMI watchdog permanently disabled
[    0.260360] smp: Bringing up secondary CPUs ...
[    0.260361] smp: Brought up 1 node, 1 CPU
[    0.260363] smpboot: Max logical packages: 1
[    0.260364] smpboot: Total of 1 processors activated (4200.00 BogoMIPS)
[    0.261083] devtmpfs: initialized
[    0.261133] x86/mm: Memory block size: 128MB
[    0.261482] clocksource: jiffies: mask: 0xffffffff max_cycles: 0xffffffff, max_idle_ns: 7645041785100000 ns
[    0.261488] futex hash table entries: 256 (order: 2, 16384 bytes, linear)
[    0.261532] pinctrl core: initialized pinctrl subsystem
[    0.261633] PM: RTC time: 10:56:37, date: 2026-01-18
[    0.261739] NET: Registered protocol family 16
[    0.261813] audit: initializing netlink subsys (disabled)
[    0.261950] EISA bus registered
[    0.261952] cpuidle: using governor ladder
[    0.261953] cpuidle: using governor menu
[    0.261991] ACPI: bus type PCI registered
[    0.261993] acpiphp: ACPI Hot Plug PCI Controller Driver version: 0.5
[    0.262091] PCI: Using configuration type 1 for base access
[    0.262411] audit: type=2000 audit(1768705003.481:1): state=initialized audit_enabled=0 res=1
[    0.262484] HugeTLB registered 2.00 MiB page size, pre-allocated 0 pages
[    0.263261] ACPI: Added _OSI(Module Device)
[    0.263262] ACPI: Added _OSI(Processor Device)
[    0.263262] ACPI: Added _OSI(3.0 _SCP Extensions)
[    0.263263] ACPI: Added _OSI(Processor Aggregator Device)
[    0.263264] ACPI: Added _OSI(Linux-Dell-Video)
[    0.263265] ACPI: Added _OSI(Linux-Lenovo-NV-HDMI-Audio)
[    0.263266] ACPI: Added _OSI(Linux-HPI-Hybrid-Graphics)
[    0.265237] ACPI: 2 ACPI AML tables successfully acquired and loaded
[    0.266800] ACPI: Interpreter enabled
[    0.266810] ACPI: (supports S0 S5)
[    0.266811] ACPI: Using IOAPIC for interrupt routing
[    0.267019] PCI: Using host bridge windows from ACPI; if necessary, use "pci=nocrs" and report a bug
[    0.267126] ACPI: Enabled 2 GPEs in block 00 to 07
[    0.270329] ACPI: PCI Root Bridge [PCI0] (domain 0000 [bus 00-ff])
[    0.270329] acpi PNP0A03:00: _OSC: OS supports [ASPM ClockPM Segments MSI HPX-Type3]
[    0.270329] acpi PNP0A03:00: _OSC: not requesting OS control; OS requires [ExtendedConfig ASPM ClockPM MSI]
[    0.270329] acpi PNP0A03:00: fail to add MMCONFIG information, can't access extended PCI configuration space under this bridge.
[    0.270329] PCI host bridge to bus 0000:00
[    0.270329] pci_bus 0000:00: root bus resource [io  0x0000-0x0cf7 window]
[    0.270329] pci_bus 0000:00: root bus resource [io  0x0d00-0xffff window]
[    0.270329] pci_bus 0000:00: root bus resource [mem 0x000a0000-0x000bffff window]
[    0.270329] pci_bus 0000:00: root bus resource [mem 0x80000000-0xfdffffff window]
[    0.270329] pci_bus 0000:00: root bus resource [bus 00-ff]
[    0.270329] pci 0000:00:00.0: [8086:1237] type 00 class 0x060000
[    0.270994] pci 0000:00:01.0: [8086:7000] type 00 class 0x060100
[    0.271793] pci 0000:00:01.1: [8086:7111] type 00 class 0x01018a
[    0.272182] pci 0000:00:01.1: reg 0x20: [io  0xd000-0xd00f]
[    0.272345] pci 0000:00:01.1: legacy IDE quirk: reg 0x10: [io  0x01f0-0x01f7]
[    0.272346] pci 0000:00:01.1: legacy IDE quirk: reg 0x14: [io  0x03f6]
[    0.272347] pci 0000:00:01.1: legacy IDE quirk: reg 0x18: [io  0x0170-0x0177]
[    0.272348] pci 0000:00:01.1: legacy IDE quirk: reg 0x1c: [io  0x0376]
[    0.272934] pci 0000:00:02.0: [15ad:0405] type 00 class 0x030000
[    0.274384] pci 0000:00:02.0: reg 0x10: [io  0xd010-0xd01f]
[    0.278383] pci 0000:00:02.0: reg 0x14: [mem 0xe0000000-0xe7ffffff pref]
[    0.281090] pci 0000:00:02.0: reg 0x18: [mem 0xf0000000-0xf01fffff]
[    0.293076] pci 0000:00:03.0: [1022:2000] type 00 class 0x020000
[    0.293801] pci 0000:00:03.0: reg 0x10: [io  0xd020-0xd03f]
[    0.295060] pci 0000:00:03.0: reg 0x14: [mem 0xf0200000-0xf0200fff]
[    0.298767] pci 0000:00:04.0: [80ee:cafe] type 00 class 0x088000
[    0.299479] pci 0000:00:04.0: reg 0x10: [io  0xd040-0xd05f]
[    0.300099] pci 0000:00:04.0: reg 0x14: [mem 0xf0400000-0xf07fffff]
[    0.300732] pci 0000:00:04.0: reg 0x18: [mem 0xf0800000-0xf0803fff pref]
[    0.304371] pci 0000:00:07.0: [8086:7113] type 00 class 0x068000
[    0.304797] pci 0000:00:07.0: quirk: [io  0x4000-0x403f] claimed by PIIX4 ACPI
[    0.304808] pci 0000:00:07.0: quirk: [io  0x4100-0x410f] claimed by PIIX4 SMB
[    0.305441] pci 0000:00:08.0: [8086:100e] type 00 class 0x020000
[    0.306182] pci 0000:00:08.0: reg 0x10: [mem 0xf0820000-0xf083ffff]
[    0.307046] pci 0000:00:08.0: reg 0x18: [io  0xd060-0xd067]
[    0.310404] pci 0000:00:09.0: [8086:100e] type 00 class 0x020000
[    0.311144] pci 0000:00:09.0: reg 0x10: [mem 0xf0840000-0xf085ffff]
[    0.312298] pci 0000:00:09.0: reg 0x18: [io  0xd068-0xd06f]
[    0.323473] ACPI: PCI Interrupt Link [LNKA] (IRQs 5 9 10 *11)
[    0.326607] ACPI: PCI Interrupt Link [LNKB] (IRQs 5 9 *10 11)
[    0.326708] ACPI: PCI Interrupt Link [LNKC] (IRQs 5 *9 10 11)
[    0.326827] ACPI: PCI Interrupt Link [LNKD] (IRQs 5 9 10 *11)
[    0.327101] iommu: Default domain type: Translated 
[    0.327158] pci 0000:00:02.0: vgaarb: setting as boot VGA device
[    0.327160] pci 0000:00:02.0: vgaarb: VGA device added: decodes=io+mem,owns=io+mem,locks=none
[    0.327162] pci 0000:00:02.0: vgaarb: bridge control possible
[    0.327163] vgaarb: loaded
[    0.327379] SCSI subsystem initialized
[    0.327411] libata version 3.00 loaded.
[    0.327433] ACPI: bus type USB registered
[    0.327448] usbcore: registered new interface driver usbfs
[    0.327454] usbcore: registered new interface driver hub
[    0.327462] usbcore: registered new device driver usb
[    0.327492] pps_core: LinuxPPS API ver. 1 registered
[    0.327492] pps_core: Software ver. 5.3.6 - Copyright 2005-2007 Rodolfo Giometti <giometti@linux.it>
[    0.327494] PTP clock support registered
[    0.327531] EDAC MC: Ver: 3.0.0
[    0.327822] PCI: Using ACPI for IRQ routing
[    0.327823] PCI: pci_cache_line_size set to 64 bytes
[    0.327992] e820: reserve RAM buffer [mem 0x0009fc00-0x0009ffff]
[    0.327996] e820: reserve RAM buffer [mem 0x7fff0000-0x7fffffff]
[    0.328538] NetLabel: Initializing
[    0.328539] NetLabel:  domain hash size = 128
[    0.328539] NetLabel:  protocols = UNLABELED CIPSOv4 CALIPSO
[    0.328558] NetLabel:  unlabeled traffic allowed by default
[    0.329477] clocksource: Switched to clocksource kvm-clock
[    0.339834] *** VALIDATE bpf ***
[    0.339892] VFS: Disk quotas dquot_6.6.0
[    0.339904] VFS: Dquot-cache hash table entries: 512 (order 0, 4096 bytes)
[    0.339929] *** VALIDATE ramfs ***
[    0.339934] *** VALIDATE hugetlbfs ***
[    0.340013] AppArmor: AppArmor Filesystem Enabled
[    0.340039] pnp: PnP ACPI init
[    0.340096] pnp 00:00: Plug and Play ACPI device, IDs PNP0303 (active)
[    0.340181] pnp 00:01: Plug and Play ACPI device, IDs PNP0f03 (active)
[    0.340927] pnp: PnP ACPI: found 2 devices
[    0.341912] thermal_sys: Registered thermal governor 'fair_share'
[    0.341912] thermal_sys: Registered thermal governor 'bang_bang'
[    0.341913] thermal_sys: Registered thermal governor 'step_wise'
[    0.341914] thermal_sys: Registered thermal governor 'user_space'
[    0.341914] thermal_sys: Registered thermal governor 'power_allocator'
[    0.346449] clocksource: acpi_pm: mask: 0xffffff max_cycles: 0xffffff, max_idle_ns: 2085701024 ns
[    0.346488] pci_bus 0000:00: resource 4 [io  0x0000-0x0cf7 window]
[    0.346490] pci_bus 0000:00: resource 5 [io  0x0d00-0xffff window]
[    0.346491] pci_bus 0000:00: resource 6 [mem 0x000a0000-0x000bffff window]
[    0.346492] pci_bus 0000:00: resource 7 [mem 0x80000000-0xfdffffff window]
[    0.346548] NET: Registered protocol family 2
[    0.346619] IP idents hash table entries: 32768 (order: 6, 262144 bytes, linear)
[    0.347019] MPTCP tokens hash table entries: 8192 (order: 4, 65536 bytes, linear)
[    0.347039] MPTCP request tokens hash table entries: 8192 (order: 4, 65536 bytes, linear)
[    0.347063] default registered
[    0.347064] default registered
[    0.347064] MPTCP: Stable release v0.96
[    0.347070] tcp_listen_portaddr_hash hash table entries: 1024 (order: 2, 16384 bytes, linear)
[    0.347144] TCP established hash table entries: 16384 (order: 5, 131072 bytes, linear)
[    0.347200] TCP bind hash table entries: 16384 (order: 6, 262144 bytes, linear)
[    0.347226] TCP: Hash tables configured (established 16384 bind 16384)
[    0.347955] UDP hash table entries: 1024 (order: 3, 32768 bytes, linear)
[    0.347967] UDP-Lite hash table entries: 1024 (order: 3, 32768 bytes, linear)
[    0.348006] NET: Registered protocol family 1
[    0.348016] NET: Registered protocol family 44
[    0.348036] pci 0000:00:00.0: Limiting direct PCI/PCI transfers
[    0.348052] pci 0000:00:01.0: Activating ISA DMA hang workarounds
[    0.348108] pci 0000:00:02.0: Video device with shadowed ROM at [mem 0x000c0000-0x000dffff]
[    0.348173] PCI: CLS 0 bytes, default 64
[    0.348219] Trying to unpack rootfs image as initramfs...
[    0.515279] Freeing initrd memory: 47868K
[    0.515279] clocksource: tsc: mask: 0xffffffffffffffff max_cycles: 0x1e4530a99b6, max_idle_ns: 440795257976 ns
[    0.515279] clocksource: Switched to clocksource tsc
[    0.515279] platform rtc_cmos: registered platform RTC device (no PNP device found)
[    0.515279] check: Scanning for low memory corruption every 60 seconds
[    0.515279] Initialise system trusted keyrings
[    0.515279] Key type blacklist registered
[    0.515279] workingset: timestamp_bits=36 max_order=19 bucket_order=0
[    0.515279] zbud: loaded
[    0.515279] squashfs: version 4.0 (2009/01/31) Phillip Lougher
[    0.515279] fuse: init (API version 7.31)
[    0.515279] *** VALIDATE fuse ***
[    0.515279] *** VALIDATE fuse ***
[    0.515279] Platform Keyring initialized
[    0.527902] Key type asymmetric registered
[    0.527903] Asymmetric key parser 'x509' registered
[    0.527914] Block layer SCSI generic (bsg) driver version 0.4 loaded (major 244)
[    0.527951] io scheduler mq-deadline registered
[    0.528077] shpchp: Standard Hot Plug PCI Controller Driver version: 0.4
[    0.528282] ACPI: AC Adapter [AC] (on-line)
[    0.528328] input: Power Button as /devices/LNXSYSTM:00/LNXPWRBN:00/input/input0
[    0.528357] ACPI: Power Button [PWRF]
[    0.528432] input: Sleep Button as /devices/LNXSYSTM:00/LNXSLPBN:00/input/input1
[    0.528447] ACPI: Sleep Button [SLPF]
[    0.528672] Serial: 8250/16550 driver, 32 ports, IRQ sharing enabled
[    0.529890] Linux agpgart interface v0.103
[    0.619108] loop: module loaded
[    0.619245] ata_piix 0000:00:01.1: version 2.13
[    0.619668] scsi host0: ata_piix
[    0.619758] scsi host1: ata_piix
[    0.619784] ata1: PATA max UDMA/33 cmd 0x1f0 ctl 0x3f6 bmdma 0xd000 irq 14
[    0.619785] ata2: PATA max UDMA/33 cmd 0x170 ctl 0x376 bmdma 0xd008 irq 15
[    0.619862] tun: Universal TUN/TAP device driver, 1.6
[    0.620164] PPP generic driver version 2.4.2
[    0.620205] VFIO - User Level meta-driver version: 0.3
[    0.620440] ehci_hcd: USB 2.0 'Enhanced' Host Controller (EHCI) Driver
[    0.620446] ehci-pci: EHCI PCI platform driver
[    0.620459] ehci-platform: EHCI generic platform driver
[    0.620464] ohci_hcd: USB 1.1 'Open' Host Controller (OHCI) Driver
[    0.620466] ohci-pci: OHCI PCI platform driver
[    0.620473] ohci-platform: OHCI generic platform driver
[    0.620477] uhci_hcd: USB Universal Host Controller Interface driver
[    0.620540] i8042: PNP: PS/2 Controller [PNP0303:PS2K,PNP0f03:PS2M] at 0x60,0x64 irq 1,12
[    0.620972] serio: i8042 KBD port at 0x60,0x64 irq 1
[    0.620976] serio: i8042 AUX port at 0x60,0x64 irq 12
[    0.621060] mousedev: PS/2 mouse device common for all mice
[    0.621307] input: AT Translated Set 2 keyboard as /devices/platform/i8042/serio0/input/input2
[    0.621702] rtc_cmos rtc_cmos: registered as rtc0
[    0.621715] rtc_cmos rtc_cmos: alarms up to one day, 114 bytes nvram
[    0.621720] i2c /dev entries driver
[    0.621761] device-mapper: uevent: version 1.0.3
[    0.621804] device-mapper: ioctl: 4.41.0-ioctl (2019-09-16) initialised: dm-devel@redhat.com
[    0.621820] platform eisa.0: Probing EISA bus 0
[    0.621821] platform eisa.0: EISA: Cannot allocate resource for mainboard
[    0.621822] platform eisa.0: Cannot allocate resource for EISA slot 1
[    0.621823] platform eisa.0: Cannot allocate resource for EISA slot 2
[    0.621824] platform eisa.0: Cannot allocate resource for EISA slot 3
[    0.621825] platform eisa.0: Cannot allocate resource for EISA slot 4
[    0.621826] platform eisa.0: Cannot allocate resource for EISA slot 5
[    0.621827] platform eisa.0: Cannot allocate resource for EISA slot 6
[    0.621828] platform eisa.0: Cannot allocate resource for EISA slot 7
[    0.621829] platform eisa.0: Cannot allocate resource for EISA slot 8
[    0.621830] platform eisa.0: EISA: Detected 0 cards
[    0.621832] intel_pstate: CPU model not supported
[    0.621841] ledtrig-cpu: registered to indicate activity on CPUs
[    0.621893] drop_monitor: Initializing network drop monitor service
[    0.622053] NET: Registered protocol family 10
[    0.627209] Segment Routing with IPv6
[    0.627209] fullmesh registered
[    0.627209] ndiffports registered
[    0.627209] binder registered
[    0.627209] roundrobin registered
[    0.627209] redundant registered
[    0.627209] blest registered
[    0.627209] ecf registered
[    0.627209] NET: Registered protocol family 17
[    0.627209] Key type dns_resolver registered
[    0.627209] RAS: Correctable Errors collector initialized.
[    0.627209] IPI shorthand broadcast: enabled
[    0.627209] sched_clock: Marking stable (612131481, 11077780)->(629544778, -6335517)
[    0.628006] registered taskstats version 1
[    0.628015] Loading compiled-in X.509 certificates
[    0.628603] Loaded X.509 cert 'Build time autogenerated kernel key: 6909f3744cebb3d0de528d5887b96a727de79b1e'
[    0.628621] zswap: loaded using pool lzo/zbud
[    0.628674] Key type ._fscrypt registered
[    0.628675] Key type .fscrypt registered
[    0.633115] Key type big_key registered
[    0.635305] Key type encrypted registered
[    0.635308] AppArmor: AppArmor sha1 policy hashing enabled
[    0.635314] ima: No TPM chip found, activating TPM-bypass!
[    0.635318] ima: Allocated hash algorithm: sha1
[    0.635324] ima: No architecture policies found
[    0.635334] evm: Initialising EVM extended attributes:
[    0.635334] evm: security.selinux
[    0.635335] evm: security.SMACK64
[    0.635335] evm: security.SMACK64EXEC
[    0.635336] evm: security.SMACK64TRANSMUTE
[    0.635336] evm: security.SMACK64MMAP
[    0.635336] evm: security.apparmor
[    0.635337] evm: security.ima
[    0.635337] evm: security.capability
[    0.635338] evm: HMAC attrs: 0x1
[    0.635638] PM:   Magic number: 10:272:932
[    0.635751] rtc_cmos rtc_cmos: setting system clock to 2026-01-18T10:56:37 UTC (1768733797)
[    0.792285] ata1.00: ATA-6: VBOX HARDDISK, 1.0, max UDMA/133
[    0.792289] ata1.00: 209715200 sectors, multi 128: LBA 
[    0.792965] scsi 0:0:0:0: Direct-Access     ATA      VBOX HARDDISK    1.0  PQ: 0 ANSI: 5
[    0.793264] sd 0:0:0:0: [sda] 209715200 512-byte logical blocks: (107 GB/100 GiB)
[    0.793276] sd 0:0:0:0: [sda] Write Protect is off
[    0.793279] sd 0:0:0:0: [sda] Mode Sense: 00 3a 00 00
[    0.793300] sd 0:0:0:0: [sda] Write cache: enabled, read cache: enabled, doesn't support DPO or FUA
[    0.793636] sd 0:0:0:0: Attached scsi generic sg0 type 0
[    0.794443]  sda: sda1 sda2
[    0.803359] sd 0:0:0:0: [sda] Attached SCSI disk
[    0.806868] Freeing unused decrypted memory: 2040K
[    0.807883] Freeing unused kernel image memory: 2728K
[    0.807886] Write protecting the kernel read-only data: 22528k
[    0.808927] Freeing unused kernel image memory: 2036K
[    0.809498] Freeing unused kernel image memory: 1432K
[    0.836828] x86/mm: Checked W+X mappings: passed, no W+X pages found.
[    0.836835] Run /init as init process
[    0.940783] ACPI: Video Device [GFX0] (multi-head: yes  rom: no  post: no)
[    0.940858] input: Video Bus as /devices/LNXSYSTM:00/LNXSYBUS:00/PNP0A03:00/LNXVIDEO:00/input/input4
[    0.952131] pcnet32: pcnet32.c:v1.35 21.Apr.2008 tsbogend@alpha.franken.de
[    0.953752] piix4_smbus 0000:00:07.0: SMBus Host Controller at 0x4100, revision 0
[    0.956315] e1000: Intel(R) PRO/1000 Network Driver - version 7.3.21-k8-NAPI
[    0.956315] e1000: Copyright (c) 1999-2006 Intel Corporation.
[    0.961128] pcnet32: PCnet/FAST III 79C973 at 0xd020, 08:00:27:e0:e9:2b assigned IRQ 19
[    0.961174] pcnet32: Found PHY 0022:561b at address 0
[    0.961471] pcnet32: eth0: registered as PCnet/FAST III 79C973
[    0.972157] pcnet32: 1 cards_found
[    1.037550] pcnet32 0000:00:03.0 enp0s3: renamed from eth0
[    1.173036] input: ImExPS/2 Generic Explorer Mouse as /devices/platform/i8042/serio1/input/input5
[    1.371462] e1000 0000:00:08.0 eth0: (PCI:33MHz:32-bit) 08:00:27:c5:84:df
[    1.371466] e1000 0000:00:08.0 eth0: Intel(R) PRO/1000 Network Connection
[    1.748325] e1000 0000:00:09.0 eth1: (PCI:33MHz:32-bit) 08:00:27:dd:7a:f7
[    1.748328] e1000 0000:00:09.0 eth1: Intel(R) PRO/1000 Network Connection
[    1.749435] e1000 0000:00:09.0 enp0s9: renamed from eth1
[    1.751282] e1000 0000:00:08.0 enp0s8: renamed from eth0
[    1.901048] EXT4-fs (sda2): mounted filesystem with ordered data mode. Opts: (null)
[    1.987993] systemd[1]: Inserted module 'autofs4'
[    2.000870] systemd[1]: systemd 245.4-4ubuntu3 running in system mode. (+PAM +AUDIT +SELINUX +IMA +APPARMOR +SMACK +SYSVINIT +UTMP +LIBCRYPTSETUP +GCRYPT +GNUTLS +ACL +XZ +LZ4 +SECCOMP +BLKID +ELFUTILS +KMOD +IDN2 -IDN +PCRE2 default-hierarchy=hybrid)
[    2.000901] systemd[1]: Detected virtualization oracle.
[    2.000907] systemd[1]: Detected architecture x86-64.
[    2.002190] systemd[1]: Set hostname to <ztg>.
[    2.129411] systemd[1]: /lib/systemd/system/dbus.socket:5: ListenStream= references a path below legacy directory /var/run/, updating /var/run/dbus/system_bus_socket â†’ /run/dbus/system_bus_socket; please update the unit file accordingly.
[    2.197932] systemd[1]: Created slice system-modprobe.slice.
[    2.198202] systemd[1]: Created slice User and Session Slice.
[    2.198264] systemd[1]: Started Forward Password Requests to Wall Directory Watch.
[    2.198481] systemd[1]: Set up automount Arbitrary Executable File Formats File System Automount Point.
[    2.198534] systemd[1]: Reached target User and Group Name Lookups.
[    2.198545] systemd[1]: Reached target Remote File Systems.
[    2.198557] systemd[1]: Reached target Slices.
[    2.199273] systemd[1]: Listening on Syslog Socket.
[    2.199364] systemd[1]: Listening on fsck to fsckd communication Socket.
[    2.199416] systemd[1]: Listening on initctl Compatibility Named Pipe.
[    2.199628] systemd[1]: Listening on Journal Audit Socket.
[    2.199704] systemd[1]: Listening on Journal Socket (/dev/log).
[    2.199806] systemd[1]: Listening on Journal Socket.
[    2.199899] systemd[1]: Listening on udev Control Socket.
[    2.199955] systemd[1]: Listening on udev Kernel Socket.
[    2.200994] systemd[1]: Mounting Huge Pages File System...
[    2.202206] systemd[1]: Mounting POSIX Message Queue File System...
[    2.203391] systemd[1]: Mounting Kernel Debug File System...
[    2.205178] systemd[1]: Mounting Kernel Trace File System...
[    2.229877] systemd[1]: Starting Journal Service...
[    2.236676] systemd[1]: Starting Set the console keyboard layout...
[    2.239975] systemd[1]: Starting Create list of static device nodes for the current kernel...
[    2.246081] systemd[1]: Starting Load Kernel Module drm...
[    2.251621] systemd[1]: Condition check resulted in Set Up Additional Binary Formats being skipped.
[    2.253345] systemd[1]: Condition check resulted in File System Check on Root Device being skipped.
[    2.263259] systemd[1]: Starting Load Kernel Modules...
[    2.290435] systemd[1]: Starting Remount Root and Kernel File Systems...
[    2.293644] systemd[1]: Starting udev Coldplug all Devices...
[    2.303965] systemd[1]: Starting Uncomplicated firewall...
[    2.305852] systemd[1]: Mounted Huge Pages File System.
[    2.305954] systemd[1]: Mounted POSIX Message Queue File System.
[    2.306029] systemd[1]: Mounted Kernel Debug File System.
[    2.306099] systemd[1]: Mounted Kernel Trace File System.
[    2.306994] EXT4-fs (sda2): re-mounted. Opts: errors=remount-ro
[    2.334147] systemd[1]: Finished Create list of static device nodes for the current kernel.
[    2.335093] systemd[1]: modprobe@drm.service: Succeeded.
[    2.342577] systemd[1]: Finished Load Kernel Module drm.
[    2.342999] systemd[1]: Finished Remount Root and Kernel File Systems.
[    2.344469] systemd[1]: Finished Uncomplicated firewall.
[    2.362131] lp: driver loaded but no devices found
[    2.363482] systemd[1]: Condition check resulted in Rebuild Hardware Database being skipped.
[    2.363535] systemd[1]: Condition check resulted in Platform Persistent Storage Archival being skipped.
[    2.364323] systemd[1]: Starting Load/Save Random Seed...
[    2.370141] systemd[1]: Starting Create System Users...
[    2.395121] systemd[1]: Finished Load/Save Random Seed.
[    2.395414] ppdev: user-space parallel port driver
[    2.399099] systemd[1]: Finished Create System Users.
[    2.399963] systemd[1]: Starting Create Static Device Nodes in /dev...
[    2.457261] systemd[1]: Finished udev Coldplug all Devices.
[    2.463321] systemd[1]: Finished Create Static Device Nodes in /dev.
[    2.464468] systemd[1]: Starting udev Kernel Device Manager...
[    2.492334] [drm] DMA map mode: Caching DMA mappings.
[    2.492427] [drm] Capabilities:
[    2.492428] [drm]   Rect copy.
[    2.492428] [drm]   Cursor.
[    2.492428] [drm]   Cursor bypass.
[    2.492429] [drm]   Cursor bypass 2.
[    2.492429] [drm]   Alpha cursor.
[    2.492429] [drm]   Extended Fifo.
[    2.492430] [drm]   Pitchlock.
[    2.492430] [drm]   Irq mask.
[    2.492430] [drm]   GMR.
[    2.492431] [drm]   Traces.
[    2.492431] [drm]   GMR2.
[    2.492431] [drm]   Screen Object 2.
[    2.492432] [drm]   Command Buffers.
[    2.492432] [drm]   Command Buffers 2.
[    2.492432] [drm]   Guest Backed Resources.
[    2.492433] [drm] Max GMR ids is 8192
[    2.492434] [drm] Max number of GMR pages is 1048576
[    2.492434] [drm] Max dedicated hypervisor surface memory is 393216 kiB
[    2.492435] [drm] Maximum display memory size is 131072 kiB
[    2.492436] [drm] VRAM at 0xe0000000 size is 131072 kiB
[    2.492436] [drm] MMIO at 0xf0000000 size is 2048 kiB
[    2.495477] [TTM] Zone  kernel: Available graphics memory: 1011738 KiB
[    2.495478] [TTM] Initializing pool allocator
[    2.495482] [TTM] Initializing DMA pool allocator
[    2.495544] [drm] Supports vblank timestamp caching Rev 2 (21.10.2013).
[    2.495544] [drm] No driver support for vblank timestamp query.
[    2.495781] [drm] Screen Target Display device initialized
[    2.495981] [drm] width 720
[    2.495990] [drm] height 400
[    2.495993] [drm] bpp 32
[    2.496290] [drm] Fifo max 0x00200000 min 0x00001000 cap 0x00000355
[    2.497402] [drm] Using command buffers with DMA pool.
[    2.497406] [drm] DX: no.
[    2.497407] [drm] Atomic: yes.
[    2.497407] [drm] SM4_1: no.
[    2.497428] [drm:vmw_host_log [vmwgfx]] *ERROR* Failed to send host log message.
[    2.498336] [drm:vmw_host_log [vmwgfx]] *ERROR* Failed to send host log message.
[    2.512941] systemd[1]: Finished Set the console keyboard layout.
[    2.513056] systemd[1]: Reached target Local File Systems (Pre).
[    2.515370] systemd[1]: Mounting Mount unit for bare, revision 5...
[    2.517433] systemd[1]: Mounting Mount unit for core18, revision 1705...
[    2.537406] fbcon: svgadrmfb (fb0) is primary device
[    2.539498] Console: switching to colour frame buffer device 100x37
[    2.541392] systemd[1]: Mounting Mount unit for gnome-3-34-1804, revision 24...
[    2.545709] [drm] Initialized vmwgfx 2.15.0 20180704 for 0000:00:02.0 on minor 0
[    2.555499] systemd[1]: Mounting Mount unit for gtk-common-themes, revision 1506...
[    2.561710] systemd[1]: Mounting Mount unit for gtk-common-themes, revision 1535...
[    2.572843] systemd[1]: Mounting Mount unit for snap-store, revision 433...
[    2.603178] systemd[1]: Mounting Mount unit for snapd, revision 25935...
[    2.614737] systemd[1]: Finished Load Kernel Modules.
[    2.615829] systemd[1]: Mounted Mount unit for bare, revision 5.
[    2.615928] systemd[1]: Mounted Mount unit for core18, revision 1705.
[    2.616007] systemd[1]: Mounted Mount unit for gnome-3-34-1804, revision 24.
[    2.621761] systemd[1]: Mounting FUSE Control File System...
[    2.625868] systemd[1]: Mounting Kernel Configuration File System...
[    2.627785] systemd[1]: Starting Apply Kernel Variables...
[    2.629120] systemd[1]: Mounted FUSE Control File System.
[    2.629208] systemd[1]: Condition check resulted in VMware vmblock fuse mount being skipped.
[    2.650451] systemd[1]: Mounted Kernel Configuration File System.
[    2.679058] systemd[1]: Finished Apply Kernel Variables.
[    2.702892] systemd[1]: Mounted Mount unit for gtk-common-themes, revision 1506.
[    2.702993] systemd[1]: Mounted Mount unit for gtk-common-themes, revision 1535.
[    2.703072] systemd[1]: Mounted Mount unit for snap-store, revision 433.
[    2.703146] systemd[1]: Mounted Mount unit for snapd, revision 25935.
[    2.703199] systemd[1]: Reached target Local File Systems.
[    2.706263] systemd[1]: Starting Load AppArmor profiles...
[    2.713252] systemd[1]: Starting Set console font and keymap...
[    2.722278] systemd[1]: Starting Tell Plymouth To Write Out Runtime Data...
[    2.722347] systemd[1]: Condition check resulted in Store a System Token in an EFI Variable being skipped.
[    2.722400] systemd[1]: Condition check resulted in Commit a transient machine-id on disk being skipped.
[    2.722606] systemd[1]: Started udev Kernel Device Manager.
[    2.729200] systemd[1]: Starting Show Plymouth Boot Screen...
[    2.731778] systemd[1]: Finished Set console font and keymap.
[    2.735397] systemd[1]: Received SIGRTMIN+20 from PID 292 (plymouthd).
[    2.740673] systemd[1]: plymouth-read-write.service: Succeeded.
[    2.743285] systemd[1]: Finished Tell Plymouth To Write Out Runtime Data.
[    2.748395] systemd[1]: Started Show Plymouth Boot Screen.
[    2.748528] systemd[1]: Condition check resulted in Dispatch Password Requests to Console Directory Watch being skipped.
[    2.748612] systemd[1]: Started Forward Password Requests to Plymouth Directory Watch.
[    2.748645] systemd[1]: Reached target Local Encrypted Volumes.
[    2.765343] audit: type=1400 audit(1768733799.628:2): apparmor="STATUS" operation="profile_load" profile="unconfined" name="nvidia_modprobe" pid=297 comm="apparmor_parser"
[    2.765345] audit: type=1400 audit(1768733799.628:3): apparmor="STATUS" operation="profile_load" profile="unconfined" name="nvidia_modprobe//kmod" pid=297 comm="apparmor_parser"
[    2.773123] audit: type=1400 audit(1768733799.632:4): apparmor="STATUS" operation="profile_load" profile="unconfined" name="/usr/sbin/tcpdump" pid=298 comm="apparmor_parser"
[    2.818362] audit: type=1400 audit(1768733799.672:5): apparmor="STATUS" operation="profile_load" profile="unconfined" name="/usr/bin/evince" pid=301 comm="apparmor_parser"
[    2.818366] audit: type=1400 audit(1768733799.672:6): apparmor="STATUS" operation="profile_load" profile="unconfined" name="/usr/bin/evince//sanitized_helper" pid=301 comm="apparmor_parser"
[    2.818368] audit: type=1400 audit(1768733799.672:7): apparmor="STATUS" operation="profile_load" profile="unconfined" name="/usr/bin/evince-previewer" pid=301 comm="apparmor_parser"
[    2.818369] audit: type=1400 audit(1768733799.672:8): apparmor="STATUS" operation="profile_load" profile="unconfined" name="/usr/bin/evince-previewer//sanitized_helper" pid=301 comm="apparmor_parser"
[    2.818371] audit: type=1400 audit(1768733799.672:9): apparmor="STATUS" operation="profile_load" profile="unconfined" name="/usr/bin/evince-thumbnailer" pid=301 comm="apparmor_parser"
[    2.863337] audit: type=1400 audit(1768733799.724:10): apparmor="STATUS" operation="profile_load" profile="unconfined" name="/usr/lib/cups/backend/cups-pdf" pid=306 comm="apparmor_parser"
[    2.943470] systemd[1]: Finished Load AppArmor profiles.
[    2.944441] systemd[1]: Starting Load AppArmor profiles managed internally by snapd...
[    3.051076] systemd[1]: Finished Load AppArmor profiles managed internally by snapd.
[    3.223020] systemd[1]: Started Journal Service.
[    3.231457] systemd-journald[229]: Received client request to flush runtime journal.
[    3.237118] systemd-journald[229]: File /var/log/journal/c455b248004a419c87ce85eea238d727/system.journal corrupted or uncleanly shut down, renaming and replacing.
[    4.573514] RAPL PMU: API unit is 2^-32 Joules, 0 fixed counters, 10737418240 ms ovfl timer
[    4.604001] cryptd: max_cpu_qlen set to 1000
[    4.686473] AVX2 version of gcm_enc/dec engaged.
[    4.686474] AES CTR mode by8 optimization enabled
[    6.538209] Adding 1998844k swap on /dev/sda1.  Priority:-2 extents:1 across:1998844k FS
[    8.213612] kauditd_printk_skb: 30 callbacks suppressed
[    8.213613] audit: type=1400 audit(1768733805.072:41): apparmor="DENIED" operation="capable" profile="/usr/sbin/cups-browsed" pid=511 comm="cups-browsed" capability=23  capname="sys_nice"
[    9.142417] pcnet32 0000:00:03.0 enp0s3: link up, 100Mbps, full-duplex
[    9.182054] e1000: enp0s8 NIC Link is Up 1000 Mbps Full Duplex, Flow Control: RX
[    9.182442] IPv6: ADDRCONF(NETDEV_CHANGE): enp0s8: link becomes ready
[    9.218622] e1000: enp0s9 NIC Link is Up 1000 Mbps Full Duplex, Flow Control: RX
[    9.218979] IPv6: ADDRCONF(NETDEV_CHANGE): enp0s9: link becomes ready
[    9.909246] device enp0s3 entered promiscuous mode
[    9.946487] audit: type=1400 audit(1768733806.796:42): apparmor="DENIED" operation="open" profile="/usr/sbin/tcpdump" name="/proc/sys/kernel/random/boot_id" pid=660 comm="tcpdump" requested_mask="r" denied_mask="r" fsuid=0 ouid=0
[    9.947709] audit: type=1400 audit(1768733806.796:43): apparmor="DENIED" operation="open" profile="/usr/sbin/tcpdump" name="/proc/sys/kernel/random/boot_id" pid=660 comm="tcpdump" requested_mask="r" denied_mask="r" fsuid=0 ouid=0
[    9.947888] audit: type=1400 audit(1768733806.796:44): apparmor="DENIED" operation="open" profile="/usr/sbin/tcpdump" name="/proc/sys/kernel/random/boot_id" pid=660 comm="tcpdump" requested_mask="r" denied_mask="r" fsuid=0 ouid=0
[    9.948085] audit: type=1400 audit(1768733806.796:45): apparmor="DENIED" operation="open" profile="/usr/sbin/tcpdump" name="/proc/sys/kernel/random/boot_id" pid=660 comm="tcpdump" requested_mask="r" denied_mask="r" fsuid=0 ouid=0
[    9.955953] audit: type=1400 audit(1768733806.812:46): apparmor="DENIED" operation="open" profile="/usr/sbin/tcpdump" name="/proc/sys/kernel/random/boot_id" pid=661 comm="tcpdump" requested_mask="r" denied_mask="r" fsuid=0 ouid=0
[    9.963036] audit: type=1400 audit(1768733806.812:47): apparmor="DENIED" operation="open" profile="/usr/sbin/tcpdump" name="/proc/sys/kernel/random/boot_id" pid=661 comm="tcpdump" requested_mask="r" denied_mask="r" fsuid=0 ouid=0
[    9.963200] audit: type=1400 audit(1768733806.812:48): apparmor="DENIED" operation="open" profile="/usr/sbin/tcpdump" name="/proc/sys/kernel/random/boot_id" pid=661 comm="tcpdump" requested_mask="r" denied_mask="r" fsuid=0 ouid=0
[    9.963389] audit: type=1400 audit(1768733806.812:49): apparmor="DENIED" operation="open" profile="/usr/sbin/tcpdump" name="/proc/sys/kernel/random/boot_id" pid=661 comm="tcpdump" requested_mask="r" denied_mask="r" fsuid=0 ouid=0
[   15.650295] rfkill: input handler disabled
[  522.697600] rfkill: input handler enabled
[  531.572276] rfkill: input handler disabled
[  722.778783] device enp0s3 left promiscuous mode
