[    0.000000] Linux version 5.4.243-mptcp (root@ztg) (gcc version 12.2.0 (Debian 12.2.0-14+deb12u1)) #53 SMP Wed Dec 24 23:28:15 CST 2025
[    0.000000] Command line: BOOT_IMAGE=/boot/vmlinuz-5.4.243-mptcp root=UUID=98415a12-53b7-4144-8265-0f7ece09e445 ro quiet splash
[    0.000000] KERNEL supported cpus:
[    0.000000]   Intel GenuineIntel
[    0.000000]   AMD AuthenticAMD
[    0.000000]   Hygon HygonGenuine
[    0.000000]   Centaur CentaurHauls
[    0.000000]   zhaoxin   Shanghai  
[    0.000000] x86/fpu: Supporting XSAVE feature 0x001: 'x87 floating point registers'
[    0.000000] x86/fpu: Supporting XSAVE feature 0x002: 'SSE registers'
[    0.000000] x86/fpu: Supporting XSAVE feature 0x004: 'AVX registers'
[    0.000000] x86/fpu: xstate_offset[2]:  576, xstate_sizes[2]:  256
[    0.000000] x86/fpu: Enabled xstate features 0x7, context size is 832 bytes, using 'standard' format.
[    0.000000] BIOS-provided physical RAM map:
[    0.000000] BIOS-e820: [mem 0x0000000000000000-0x000000000009fbff] usable
[    0.000000] BIOS-e820: [mem 0x000000000009fc00-0x000000000009ffff] reserved
[    0.000000] BIOS-e820: [mem 0x00000000000f0000-0x00000000000fffff] reserved
[    0.000000] BIOS-e820: [mem 0x0000000000100000-0x000000007ffeffff] usable
[    0.000000] BIOS-e820: [mem 0x000000007fff0000-0x000000007fffffff] ACPI data
[    0.000000] BIOS-e820: [mem 0x00000000fec00000-0x00000000fec00fff] reserved
[    0.000000] BIOS-e820: [mem 0x00000000fee00000-0x00000000fee00fff] reserved
[    0.000000] BIOS-e820: [mem 0x00000000fffc0000-0x00000000ffffffff] reserved
[    0.000000] NX (Execute Disable) protection: active
[    0.000000] SMBIOS 2.5 present.
[    0.000000] DMI: innotek GmbH VirtualBox/VirtualBox, BIOS VirtualBox 12/01/2006
[    0.000000] Hypervisor detected: KVM
[    0.000000] kvm-clock: Using msrs 4b564d01 and 4b564d00
[    0.000000] kvm-clock: cpu 0, msr 12401001, primary cpu clock
[    0.000000] kvm-clock: using sched offset of 4468362209 cycles
[    0.000003] clocksource: kvm-clock: mask: 0xffffffffffffffff max_cycles: 0x1cd42e4dffb, max_idle_ns: 881590591483 ns
[    0.000005] tsc: Detected 2100.000 MHz processor
[    0.001885] e820: update [mem 0x00000000-0x00000fff] usable ==> reserved
[    0.001887] e820: remove [mem 0x000a0000-0x000fffff] usable
[    0.001891] last_pfn = 0x7fff0 max_arch_pfn = 0x400000000
[    0.001959] MTRR default type: uncachable
[    0.001960] MTRR fixed ranges enabled:
[    0.001961]   00000-9FFFF write-back
[    0.001962]   A0000-BFFFF uncachable
[    0.001962]   C0000-FFFFF write-protect
[    0.001963] MTRR variable ranges enabled:
[    0.001964]   0 base 000000000000 mask 3FFF80000000 write-back
[    0.001965]   1 disabled
[    0.001966]   2 disabled
[    0.001966]   3 disabled
[    0.001966]   4 disabled
[    0.001967]   5 disabled
[    0.001967]   6 disabled
[    0.001968]   7 disabled
[    0.001968]   8 disabled
[    0.001968]   9 disabled
[    0.001969]   10 disabled
[    0.001969]   11 disabled
[    0.001970]   12 disabled
[    0.001970]   13 disabled
[    0.001971]   14 disabled
[    0.001971]   15 disabled
[    0.001987] x86/PAT: Configuration [0-7]: WB  WC  UC- UC  WB  WP  UC- WT  
[    0.002122] found SMP MP-table at [mem 0x0009fff0-0x0009ffff]
[    0.092507] check: Scanning 1 areas for low memory corruption
[    0.092639] RAMDISK: [mem 0x32271000-0x3512ffff]
[    0.092647] ACPI: Early table checksum verification disabled
[    0.092652] ACPI: RSDP 0x00000000000E0000 000024 (v02 VBOX  )
[    0.092656] ACPI: XSDT 0x000000007FFF0030 00003C (v01 VBOX   VBOXXSDT 00000001 ASL  00000061)
[    0.092662] ACPI: FACP 0x000000007FFF00F0 0000F4 (v04 VBOX   VBOXFACP 00000001 ASL  00000061)
[    0.092669] ACPI: DSDT 0x000000007FFF02E0 002353 (v02 VBOX   VBOXBIOS 00000002 VBOX 00029BF3)
[    0.092673] ACPI: FACS 0x000000007FFF0200 000040
[    0.092676] ACPI: FACS 0x000000007FFF0200 000040
[    0.092679] ACPI: APIC 0x000000007FFF0240 000054 (v02 VBOX   VBOXAPIC 00000001 ASL  00000061)
[    0.092683] ACPI: SSDT 0x000000007FFF02A0 000038 (v01 VBOX   VBOXCPUT 00000002 VBOX 00029BF3)
[    0.092686] ACPI: Reserving FACP table memory at [mem 0x7fff00f0-0x7fff01e3]
[    0.092687] ACPI: Reserving DSDT table memory at [mem 0x7fff02e0-0x7fff2632]
[    0.092688] ACPI: Reserving FACS table memory at [mem 0x7fff0200-0x7fff023f]
[    0.092688] ACPI: Reserving FACS table memory at [mem 0x7fff0200-0x7fff023f]
[    0.092689] ACPI: Reserving APIC table memory at [mem 0x7fff0240-0x7fff0293]
[    0.092690] ACPI: Reserving SSDT table memory at [mem 0x7fff02a0-0x7fff02d7]
[    0.092704] ACPI: Local APIC address 0xfee00000
[    0.092886] No NUMA configuration found
[    0.092887] Faking a node at [mem 0x0000000000000000-0x000000007ffeffff]
[    0.092897] NODE_DATA(0) allocated [mem 0x7ffc5000-0x7ffeffff]
[    0.093179] Zone ranges:
[    0.093180]   DMA      [mem 0x0000000000001000-0x0000000000ffffff]
[    0.093181]   DMA32    [mem 0x0000000001000000-0x000000007ffeffff]
[    0.093182]   Normal   empty
[    0.093183]   Device   empty
[    0.093183] Movable zone start for each node
[    0.093185] Early memory node ranges
[    0.093186]   node   0: [mem 0x0000000000001000-0x000000000009efff]
[    0.093187]   node   0: [mem 0x0000000000100000-0x000000007ffeffff]
[    0.093189] Zeroed struct page in unavailable ranges: 114 pages
[    0.093190] Initmem setup node 0 [mem 0x0000000000001000-0x000000007ffeffff]
[    0.093191] On node 0 totalpages: 524174
[    0.093192]   DMA zone: 64 pages used for memmap
[    0.093193]   DMA zone: 21 pages reserved
[    0.093194]   DMA zone: 3998 pages, LIFO batch:0
[    0.093265]   DMA32 zone: 8128 pages used for memmap
[    0.093266]   DMA32 zone: 520176 pages, LIFO batch:63
[    0.102258] ACPI: PM-Timer IO Port: 0x4008
[    0.102261] ACPI: Local APIC address 0xfee00000
[    0.102326] IOAPIC[0]: apic_id 1, version 32, address 0xfec00000, GSI 0-23
[    0.102329] ACPI: INT_SRC_OVR (bus 0 bus_irq 0 global_irq 2 dfl dfl)
[    0.102331] ACPI: INT_SRC_OVR (bus 0 bus_irq 9 global_irq 9 low level)
[    0.102333] ACPI: IRQ0 used by override.
[    0.102334] ACPI: IRQ9 used by override.
[    0.102336] Using ACPI (MADT) for SMP configuration information
[    0.102343] smpboot: Allowing 1 CPUs, 0 hotplug CPUs
[    0.102363] PM: Registered nosave memory: [mem 0x00000000-0x00000fff]
[    0.102364] PM: Registered nosave memory: [mem 0x0009f000-0x0009ffff]
[    0.102365] PM: Registered nosave memory: [mem 0x000a0000-0x000effff]
[    0.102365] PM: Registered nosave memory: [mem 0x000f0000-0x000fffff]
[    0.102367] [mem 0x80000000-0xfebfffff] available for PCI devices
[    0.102368] Booting paravirtualized kernel on KVM
[    0.102371] clocksource: refined-jiffies: mask: 0xffffffff max_cycles: 0xffffffff, max_idle_ns: 7645519600211568 ns
[    0.102375] setup_percpu: NR_CPUS:8192 nr_cpumask_bits:1 nr_cpu_ids:1 nr_node_ids:1
[    0.103370] percpu: Embedded 60 pages/cpu s208896 r8192 d28672 u2097152
[    0.103375] pcpu-alloc: s208896 r8192 d28672 u2097152 alloc=1*2097152
[    0.103376] pcpu-alloc: [0] 0 
[    0.103402] Built 1 zonelists, mobility grouping on.  Total pages: 515961
[    0.103403] Policy zone: DMA32
[    0.103404] Kernel command line: BOOT_IMAGE=/boot/vmlinuz-5.4.243-mptcp root=UUID=98415a12-53b7-4144-8265-0f7ece09e445 ro quiet splash
[    0.104231] Dentry cache hash table entries: 262144 (order: 9, 2097152 bytes, linear)
[    0.104493] Inode-cache hash table entries: 131072 (order: 8, 1048576 bytes, linear)
[    0.104543] mem auto-init: stack:off, heap alloc:on, heap free:off
[    0.104545] Calgary: detecting Calgary via BIOS EBDA area
[    0.104547] Calgary: Unable to locate Rio Grande table in EBDA - bailing!
[    0.108837] Memory: 1967332K/2096696K available (14339K kernel code, 2398K rwdata, 4712K rodata, 2728K init, 17260K bss, 129364K reserved, 0K cma-reserved)
[    0.109764] SLUB: HWalign=64, Order=0-3, MinObjects=0, CPUs=1, Nodes=1
[    0.109780] ftrace: allocating 43186 entries in 169 pages
[    0.127754] rcu: Hierarchical RCU implementation.
[    0.127755] rcu: 	RCU restricting CPUs from NR_CPUS=8192 to nr_cpu_ids=1.
[    0.127756] 	Tasks RCU enabled.
[    0.127757] rcu: RCU calculated value of scheduler-enlistment delay is 25 jiffies.
[    0.127758] rcu: Adjusting geometry for rcu_fanout_leaf=16, nr_cpu_ids=1
[    0.130718] NR_IRQS: 524544, nr_irqs: 256, preallocated irqs: 16
[    0.130932] random: crng init done
[    0.140279] Console: colour VGA+ 80x25
[    0.140282] printk: console [tty0] enabled
[    0.140300] ACPI: Core revision 20190816
[    0.140391] APIC: Switch to symmetric I/O mode setup
[    0.140640] x2apic enabled
[    0.140880] Switched APIC routing to physical x2apic.
[    0.142013] ..TIMER: vector=0x30 apic1=0 pin1=2 apic2=-1 pin2=-1
[    0.142037] clocksource: tsc-early: mask: 0xffffffffffffffff max_cycles: 0x1e4530a99b6, max_idle_ns: 440795257976 ns
[    0.142042] Calibrating delay loop (skipped) preset value.. 4200.00 BogoMIPS (lpj=8400000)
[    0.142044] pid_max: default: 32768 minimum: 301
[    0.142072] LSM: Security Framework initializing
[    0.142081] Yama: becoming mindful.
[    0.142107] AppArmor: AppArmor initialized
[    0.142139] Mount-cache hash table entries: 4096 (order: 3, 32768 bytes, linear)
[    0.142144] Mountpoint-cache hash table entries: 4096 (order: 3, 32768 bytes, linear)
[    0.142153] *** VALIDATE tmpfs ***
[    0.142279] *** VALIDATE proc ***
[    0.142319] *** VALIDATE cgroup1 ***
[    0.142320] *** VALIDATE cgroup2 ***
[    0.142458] process: using mwait in idle threads
[    0.142463] Last level iTLB entries: 4KB 64, 2MB 8, 4MB 8
[    0.142464] Last level dTLB entries: 4KB 64, 2MB 0, 4MB 0, 1GB 4
[    0.142484] Spectre V1 : Mitigation: usercopy/swapgs barriers and __user pointer sanitization
[    0.142489] Spectre V2 : Mitigation: Retpolines
[    0.142490] Spectre V2 : Spectre v2 / SpectreRSB mitigation: Filling RSB on context switch
[    0.142490] Spectre V2 : Spectre v2 / SpectreRSB : Filling RSB on VMEXIT
[    0.142491] RETBleed: WARNING: Spectre v2 mitigation leaves CPU vulnerable to RETBleed attacks, data leaks possible!
[    0.142847] RETBleed: Vulnerable
[    0.142847] Speculative Store Bypass: Vulnerable
[    0.142852] TAA: Mitigation: TSX disabled
[    0.142852] MMIO Stale Data: Mitigation: Clear CPU buffers
[    0.147005] Freeing SMP alternatives memory: 40K
[    0.259512] smpboot: CPU0: Intel(R) Xeon(R) Silver 4216 CPU @ 2.10GHz (family: 0x6, model: 0x55, stepping: 0x7)
[    0.259622] Performance Events: unsupported p6 CPU model 85 no PMU driver, software events only.
[    0.259658] rcu: Hierarchical SRCU implementation.
[    0.260129] NMI watchdog: Perf NMI watchdog permanently disabled
[    0.260166] smp: Bringing up secondary CPUs ...
[    0.260167] smp: Brought up 1 node, 1 CPU
[    0.260168] smpboot: Max logical packages: 1
[    0.260169] smpboot: Total of 1 processors activated (4200.00 BogoMIPS)
[    0.261108] devtmpfs: initialized
[    0.261154] x86/mm: Memory block size: 128MB
[    0.261494] clocksource: jiffies: mask: 0xffffffff max_cycles: 0xffffffff, max_idle_ns: 7645041785100000 ns
[    0.261500] futex hash table entries: 256 (order: 2, 16384 bytes, linear)
[    0.261540] pinctrl core: initialized pinctrl subsystem
[    0.261638] PM: RTC time: 14:30:49, date: 2026-01-17
[    0.261743] NET: Registered protocol family 16
[    0.261816] audit: initializing netlink subsys (disabled)
[    0.261941] EISA bus registered
[    0.261943] cpuidle: using governor ladder
[    0.261943] cpuidle: using governor menu
[    0.261978] ACPI: bus type PCI registered
[    0.261980] acpiphp: ACPI Hot Plug PCI Controller Driver version: 0.5
[    0.262039] PCI: Using configuration type 1 for base access
[    0.262228] audit: type=2000 audit(1768631455.652:1): state=initialized audit_enabled=0 res=1
[    0.262308] HugeTLB registered 2.00 MiB page size, pre-allocated 0 pages
[    0.263111] ACPI: Added _OSI(Module Device)
[    0.263112] ACPI: Added _OSI(Processor Device)
[    0.263112] ACPI: Added _OSI(3.0 _SCP Extensions)
[    0.263113] ACPI: Added _OSI(Processor Aggregator Device)
[    0.263114] ACPI: Added _OSI(Linux-Dell-Video)
[    0.263115] ACPI: Added _OSI(Linux-Lenovo-NV-HDMI-Audio)
[    0.263116] ACPI: Added _OSI(Linux-HPI-Hybrid-Graphics)
[    0.265059] ACPI: 2 ACPI AML tables successfully acquired and loaded
[    0.266554] ACPI: Interpreter enabled
[    0.266564] ACPI: (supports S0 S5)
[    0.266565] ACPI: Using IOAPIC for interrupt routing
[    0.266770] PCI: Using host bridge windows from ACPI; if necessary, use "pci=nocrs" and report a bug
[    0.266875] ACPI: Enabled 2 GPEs in block 00 to 07
[    0.271694] ACPI: PCI Root Bridge [PCI0] (domain 0000 [bus 00-ff])
[    0.271699] acpi PNP0A03:00: _OSC: OS supports [ASPM ClockPM Segments MSI HPX-Type3]
[    0.272148] acpi PNP0A03:00: _OSC: not requesting OS control; OS requires [ExtendedConfig ASPM ClockPM MSI]
[    0.272156] acpi PNP0A03:00: fail to add MMCONFIG information, can't access extended PCI configuration space under this bridge.
[    0.272525] PCI host bridge to bus 0000:00
[    0.272527] pci_bus 0000:00: root bus resource [io  0x0000-0x0cf7 window]
[    0.272528] pci_bus 0000:00: root bus resource [io  0x0d00-0xffff window]
[    0.272529] pci_bus 0000:00: root bus resource [mem 0x000a0000-0x000bffff window]
[    0.272530] pci_bus 0000:00: root bus resource [mem 0x80000000-0xfdffffff window]
[    0.272531] pci_bus 0000:00: root bus resource [bus 00-ff]
[    0.272572] pci 0000:00:00.0: [8086:1237] type 00 class 0x060000
[    0.273502] pci 0000:00:01.0: [8086:7000] type 00 class 0x060100
[    0.274419] pci 0000:00:01.1: [8086:7111] type 00 class 0x01018a
[    0.274786] pci 0000:00:01.1: reg 0x20: [io  0xd000-0xd00f]
[    0.274937] pci 0000:00:01.1: legacy IDE quirk: reg 0x10: [io  0x01f0-0x01f7]
[    0.274938] pci 0000:00:01.1: legacy IDE quirk: reg 0x14: [io  0x03f6]
[    0.274939] pci 0000:00:01.1: legacy IDE quirk: reg 0x18: [io  0x0170-0x0177]
[    0.274940] pci 0000:00:01.1: legacy IDE quirk: reg 0x1c: [io  0x0376]
[    0.275466] pci 0000:00:02.0: [15ad:0405] type 00 class 0x030000
[    0.278116] pci 0000:00:02.0: reg 0x10: [io  0xd010-0xd01f]
[    0.280933] pci 0000:00:02.0: reg 0x14: [mem 0xe0000000-0xe7ffffff pref]
[    0.283895] pci 0000:00:02.0: reg 0x18: [mem 0xf0000000-0xf01fffff]
[    0.294698] pci 0000:00:03.0: [1022:2000] type 00 class 0x020000
[    0.295365] pci 0000:00:03.0: reg 0x10: [io  0xd020-0xd03f]
[    0.295966] pci 0000:00:03.0: reg 0x14: [mem 0xf0200000-0xf0200fff]
[    0.299404] pci 0000:00:04.0: [80ee:cafe] type 00 class 0x088000
[    0.300071] pci 0000:00:04.0: reg 0x10: [io  0xd040-0xd05f]
[    0.300674] pci 0000:00:04.0: reg 0x14: [mem 0xf0400000-0xf07fffff]
[    0.301280] pci 0000:00:04.0: reg 0x18: [mem 0xf0800000-0xf0803fff pref]
[    0.304512] pci 0000:00:07.0: [8086:7113] type 00 class 0x068000
[    0.305057] pci 0000:00:07.0: quirk: [io  0x4000-0x403f] claimed by PIIX4 ACPI
[    0.305070] pci 0000:00:07.0: quirk: [io  0x4100-0x410f] claimed by PIIX4 SMB
[    0.306593] pci 0000:00:08.0: [1022:2000] type 00 class 0x020000
[    0.307250] pci 0000:00:08.0: reg 0x10: [io  0xd060-0xd07f]
[    0.307850] pci 0000:00:08.0: reg 0x14: [mem 0xf0804000-0xf0804fff]
[    0.310840] pci 0000:00:09.0: [8086:100e] type 00 class 0x020000
[    0.311531] pci 0000:00:09.0: reg 0x10: [mem 0xf0820000-0xf083ffff]
[    0.312717] pci 0000:00:09.0: reg 0x18: [io  0xd080-0xd087]
[    0.323017] ACPI: PCI Interrupt Link [LNKA] (IRQs 5 9 10 *11)
[    0.323298] ACPI: PCI Interrupt Link [LNKB] (IRQs 5 9 *10 11)
[    0.323401] ACPI: PCI Interrupt Link [LNKC] (IRQs 5 *9 10 11)
[    0.323501] ACPI: PCI Interrupt Link [LNKD] (IRQs 5 9 10 *11)
[    0.323748] iommu: Default domain type: Translated 
[    0.323808] pci 0000:00:02.0: vgaarb: setting as boot VGA device
[    0.323809] pci 0000:00:02.0: vgaarb: VGA device added: decodes=io+mem,owns=io+mem,locks=none
[    0.323811] pci 0000:00:02.0: vgaarb: bridge control possible
[    0.323812] vgaarb: loaded
[    0.324016] SCSI subsystem initialized
[    0.324049] libata version 3.00 loaded.
[    0.324068] ACPI: bus type USB registered
[    0.324084] usbcore: registered new interface driver usbfs
[    0.324090] usbcore: registered new interface driver hub
[    0.324095] usbcore: registered new device driver usb
[    0.324121] pps_core: LinuxPPS API ver. 1 registered
[    0.324122] pps_core: Software ver. 5.3.6 - Copyright 2005-2007 Rodolfo Giometti <giometti@linux.it>
[    0.324124] PTP clock support registered
[    0.324157] EDAC MC: Ver: 3.0.0
[    0.324441] PCI: Using ACPI for IRQ routing
[    0.324442] PCI: pci_cache_line_size set to 64 bytes
[    0.324608] e820: reserve RAM buffer [mem 0x0009fc00-0x0009ffff]
[    0.324612] e820: reserve RAM buffer [mem 0x7fff0000-0x7fffffff]
[    0.326055] NetLabel: Initializing
[    0.326056] NetLabel:  domain hash size = 128
[    0.326056] NetLabel:  protocols = UNLABELED CIPSOv4 CALIPSO
[    0.326077] NetLabel:  unlabeled traffic allowed by default
[    0.326979] clocksource: Switched to clocksource kvm-clock
[    0.339231] *** VALIDATE bpf ***
[    0.339231] VFS: Disk quotas dquot_6.6.0
[    0.339231] VFS: Dquot-cache hash table entries: 512 (order 0, 4096 bytes)
[    0.339231] *** VALIDATE ramfs ***
[    0.339231] *** VALIDATE hugetlbfs ***
[    0.339231] AppArmor: AppArmor Filesystem Enabled
[    0.339231] pnp: PnP ACPI init
[    0.339231] pnp 00:00: Plug and Play ACPI device, IDs PNP0303 (active)
[    0.340794] pnp 00:01: Plug and Play ACPI device, IDs PNP0f03 (active)
[    0.341529] pnp: PnP ACPI: found 2 devices
[    0.342491] thermal_sys: Registered thermal governor 'fair_share'
[    0.342491] thermal_sys: Registered thermal governor 'bang_bang'
[    0.342492] thermal_sys: Registered thermal governor 'step_wise'
[    0.342493] thermal_sys: Registered thermal governor 'user_space'
[    0.342493] thermal_sys: Registered thermal governor 'power_allocator'
[    0.347018] clocksource: acpi_pm: mask: 0xffffff max_cycles: 0xffffff, max_idle_ns: 2085701024 ns
[    0.347057] pci_bus 0000:00: resource 4 [io  0x0000-0x0cf7 window]
[    0.347058] pci_bus 0000:00: resource 5 [io  0x0d00-0xffff window]
[    0.347060] pci_bus 0000:00: resource 6 [mem 0x000a0000-0x000bffff window]
[    0.347061] pci_bus 0000:00: resource 7 [mem 0x80000000-0xfdffffff window]
[    0.347117] NET: Registered protocol family 2
[    0.347190] IP idents hash table entries: 32768 (order: 6, 262144 bytes, linear)
[    0.347522] MPTCP tokens hash table entries: 8192 (order: 4, 65536 bytes, linear)
[    0.347522] MPTCP request tokens hash table entries: 8192 (order: 4, 65536 bytes, linear)
[    0.347522] default registered
[    0.347522] default registered
[    0.347522] MPTCP: Stable release v0.96
[    0.347522] tcp_listen_portaddr_hash hash table entries: 1024 (order: 2, 16384 bytes, linear)
[    0.347522] TCP established hash table entries: 16384 (order: 5, 131072 bytes, linear)
[    0.347522] TCP bind hash table entries: 16384 (order: 6, 262144 bytes, linear)
[    0.347522] TCP: Hash tables configured (established 16384 bind 16384)
[    0.348508] UDP hash table entries: 1024 (order: 3, 32768 bytes, linear)
[    0.348519] UDP-Lite hash table entries: 1024 (order: 3, 32768 bytes, linear)
[    0.348554] NET: Registered protocol family 1
[    0.348563] NET: Registered protocol family 44
[    0.348583] pci 0000:00:00.0: Limiting direct PCI/PCI transfers
[    0.348595] pci 0000:00:01.0: Activating ISA DMA hang workarounds
[    0.348653] pci 0000:00:02.0: Video device with shadowed ROM at [mem 0x000c0000-0x000dffff]
[    0.348717] PCI: CLS 0 bytes, default 64
[    0.348773] Trying to unpack rootfs image as initramfs...
[    0.526955] Freeing initrd memory: 47868K
[    0.527053] clocksource: tsc: mask: 0xffffffffffffffff max_cycles: 0x1e4530a99b6, max_idle_ns: 440795257976 ns
[    0.527063] clocksource: Switched to clocksource tsc
[    0.527102] platform rtc_cmos: registered platform RTC device (no PNP device found)
[    0.527132] check: Scanning for low memory corruption every 60 seconds
[    0.527443] Initialise system trusted keyrings
[    0.527452] Key type blacklist registered
[    0.527494] workingset: timestamp_bits=36 max_order=19 bucket_order=0
[    0.528187] zbud: loaded
[    0.528187] squashfs: version 4.0 (2009/01/31) Phillip Lougher
[    0.528187] fuse: init (API version 7.31)
[    0.528187] *** VALIDATE fuse ***
[    0.528187] *** VALIDATE fuse ***
[    0.528187] Platform Keyring initialized
[    0.528187] Key type asymmetric registered
[    0.528187] Asymmetric key parser 'x509' registered
[    0.528187] Block layer SCSI generic (bsg) driver version 0.4 loaded (major 244)
[    0.528187] io scheduler mq-deadline registered
[    0.528187] shpchp: Standard Hot Plug PCI Controller Driver version: 0.4
[    0.532683] ACPI: AC Adapter [AC] (on-line)
[    0.532739] input: Power Button as /devices/LNXSYSTM:00/LNXPWRBN:00/input/input0
[    0.532767] ACPI: Power Button [PWRF]
[    0.532842] input: Sleep Button as /devices/LNXSYSTM:00/LNXSLPBN:00/input/input1
[    0.532857] ACPI: Sleep Button [SLPF]
[    0.533087] Serial: 8250/16550 driver, 32 ports, IRQ sharing enabled
[    0.534212] Linux agpgart interface v0.103
[    0.623155] loop: module loaded
[    0.623304] ata_piix 0000:00:01.1: version 2.13
[    0.623715] scsi host0: ata_piix
[    0.623803] scsi host1: ata_piix
[    0.623829] ata1: PATA max UDMA/33 cmd 0x1f0 ctl 0x3f6 bmdma 0xd000 irq 14
[    0.623830] ata2: PATA max UDMA/33 cmd 0x170 ctl 0x376 bmdma 0xd008 irq 15
[    0.623912] tun: Universal TUN/TAP device driver, 1.6
[    0.624222] PPP generic driver version 2.4.2
[    0.624265] VFIO - User Level meta-driver version: 0.3
[    0.624501] ehci_hcd: USB 2.0 'Enhanced' Host Controller (EHCI) Driver
[    0.624506] ehci-pci: EHCI PCI platform driver
[    0.624521] ehci-platform: EHCI generic platform driver
[    0.624527] ohci_hcd: USB 1.1 'Open' Host Controller (OHCI) Driver
[    0.624528] ohci-pci: OHCI PCI platform driver
[    0.624535] ohci-platform: OHCI generic platform driver
[    0.624540] uhci_hcd: USB Universal Host Controller Interface driver
[    0.624605] i8042: PNP: PS/2 Controller [PNP0303:PS2K,PNP0f03:PS2M] at 0x60,0x64 irq 1,12
[    0.625041] serio: i8042 KBD port at 0x60,0x64 irq 1
[    0.625045] serio: i8042 AUX port at 0x60,0x64 irq 12
[    0.625133] mousedev: PS/2 mouse device common for all mice
[    0.625395] input: AT Translated Set 2 keyboard as /devices/platform/i8042/serio0/input/input2
[    0.625785] rtc_cmos rtc_cmos: registered as rtc0
[    0.625799] rtc_cmos rtc_cmos: alarms up to one day, 114 bytes nvram
[    0.625804] i2c /dev entries driver
[    0.625846] device-mapper: uevent: version 1.0.3
[    0.625889] device-mapper: ioctl: 4.41.0-ioctl (2019-09-16) initialised: dm-devel@redhat.com
[    0.625905] platform eisa.0: Probing EISA bus 0
[    0.625906] platform eisa.0: EISA: Cannot allocate resource for mainboard
[    0.625908] platform eisa.0: Cannot allocate resource for EISA slot 1
[    0.625909] platform eisa.0: Cannot allocate resource for EISA slot 2
[    0.625910] platform eisa.0: Cannot allocate resource for EISA slot 3
[    0.625911] platform eisa.0: Cannot allocate resource for EISA slot 4
[    0.625912] platform eisa.0: Cannot allocate resource for EISA slot 5
[    0.625913] platform eisa.0: Cannot allocate resource for EISA slot 6
[    0.625914] platform eisa.0: Cannot allocate resource for EISA slot 7
[    0.625915] platform eisa.0: Cannot allocate resource for EISA slot 8
[    0.625916] platform eisa.0: EISA: Detected 0 cards
[    0.625918] intel_pstate: CPU model not supported
[    0.625927] ledtrig-cpu: registered to indicate activity on CPUs
[    0.625981] drop_monitor: Initializing network drop monitor service
[    0.626141] NET: Registered protocol family 10
[    0.631215] Segment Routing with IPv6
[    0.631215] fullmesh registered
[    0.631215] ndiffports registered
[    0.631215] binder registered
[    0.631215] roundrobin registered
[    0.631215] redundant registered
[    0.631215] blest registered
[    0.631215] ecf registered
[    0.631215] NET: Registered protocol family 17
[    0.631215] Key type dns_resolver registered
[    0.631215] RAS: Correctable Errors collector initialized.
[    0.631215] IPI shorthand broadcast: enabled
[    0.631215] sched_clock: Marking stable (616099510, 11116382)->(627877367, -661475)
[    0.631512] registered taskstats version 1
[    0.631520] Loading compiled-in X.509 certificates
[    0.632111] Loaded X.509 cert 'Build time autogenerated kernel key: 6909f3744cebb3d0de528d5887b96a727de79b1e'
[    0.632129] zswap: loaded using pool lzo/zbud
[    0.632181] Key type ._fscrypt registered
[    0.632181] Key type .fscrypt registered
[    0.636599] Key type big_key registered
[    0.638806] Key type encrypted registered
[    0.638808] AppArmor: AppArmor sha1 policy hashing enabled
[    0.638816] ima: No TPM chip found, activating TPM-bypass!
[    0.638820] ima: Allocated hash algorithm: sha1
[    0.638825] ima: No architecture policies found
[    0.638834] evm: Initialising EVM extended attributes:
[    0.638835] evm: security.selinux
[    0.638835] evm: security.SMACK64
[    0.638836] evm: security.SMACK64EXEC
[    0.638836] evm: security.SMACK64TRANSMUTE
[    0.638837] evm: security.SMACK64MMAP
[    0.638837] evm: security.apparmor
[    0.638837] evm: security.ima
[    0.638838] evm: security.capability
[    0.638838] evm: HMAC attrs: 0x1
[    0.639132] PM:   Magic number: 10:209:536
[    0.639141] tty ttyS16: hash matches
[    0.639231] rtc_cmos rtc_cmos: setting system clock to 2026-01-17T14:30:50 UTC (1768660250)
[    0.796211] ata1.00: ATA-6: VBOX HARDDISK, 1.0, max UDMA/133
[    0.796214] ata1.00: 209715200 sectors, multi 128: LBA 
[    0.796851] scsi 0:0:0:0: Direct-Access     ATA      VBOX HARDDISK    1.0  PQ: 0 ANSI: 5
[    0.797125] sd 0:0:0:0: [sda] 209715200 512-byte logical blocks: (107 GB/100 GiB)
[    0.797137] sd 0:0:0:0: [sda] Write Protect is off
[    0.797140] sd 0:0:0:0: [sda] Mode Sense: 00 3a 00 00
[    0.797159] sd 0:0:0:0: [sda] Write cache: enabled, read cache: enabled, doesn't support DPO or FUA
[    0.797455] sd 0:0:0:0: Attached scsi generic sg0 type 0
[    0.798709]  sda: sda1 sda2
[    0.807310] sd 0:0:0:0: [sda] Attached SCSI disk
[    0.810434] Freeing unused decrypted memory: 2040K
[    0.811363] Freeing unused kernel image memory: 2728K
[    0.811365] Write protecting the kernel read-only data: 22528k
[    0.812338] Freeing unused kernel image memory: 2036K
[    0.812886] Freeing unused kernel image memory: 1432K
[    0.837764] x86/mm: Checked W+X mappings: passed, no W+X pages found.
[    0.837768] Run /init as init process
[    0.944626] ACPI: Video Device [GFX0] (multi-head: yes  rom: no  post: no)
[    0.944697] input: Video Bus as /devices/LNXSYSTM:00/LNXSYBUS:00/PNP0A03:00/LNXVIDEO:00/input/input4
[    0.957421] pcnet32: pcnet32.c:v1.35 21.Apr.2008 tsbogend@alpha.franken.de
[    0.958201] pcnet32: PCnet/FAST III 79C973 at 0xd020, 08:00:27:aa:3e:6c assigned IRQ 19
[    0.958243] pcnet32: Found PHY 0022:561b at address 0
[    0.958546] pcnet32: eth0: registered as PCnet/FAST III 79C973
[    0.960122] pcnet32: PCnet/FAST III 79C973 at 0xd060, 08:00:27:44:95:ba assigned IRQ 16
[    0.960163] pcnet32: Found PHY 0022:561b at address 0
[    0.960453] pcnet32: eth1: registered as PCnet/FAST III 79C973
[    0.961647] piix4_smbus 0000:00:07.0: SMBus Host Controller at 0x4100, revision 0
[    0.966833] e1000: Intel(R) PRO/1000 Network Driver - version 7.3.21-k8-NAPI
[    0.966834] e1000: Copyright (c) 1999-2006 Intel Corporation.
[    0.973585] pcnet32: 2 cards_found
[    1.029382] pcnet32 0000:00:03.0 enp0s3: renamed from eth0
[    1.030073] pcnet32 0000:00:08.0 enp0s8: renamed from eth1
[    1.184455] input: ImExPS/2 Generic Explorer Mouse as /devices/platform/i8042/serio1/input/input5
[    1.371440] e1000 0000:00:09.0 eth0: (PCI:33MHz:32-bit) 08:00:27:4e:99:f1
[    1.371444] e1000 0000:00:09.0 eth0: Intel(R) PRO/1000 Network Connection
[    1.372537] e1000 0000:00:09.0 enp0s9: renamed from eth0
[    1.523705] EXT4-fs (sda2): mounted filesystem with ordered data mode. Opts: (null)
[    1.620083] systemd[1]: Inserted module 'autofs4'
[    1.633139] systemd[1]: systemd 245.4-4ubuntu3 running in system mode. (+PAM +AUDIT +SELINUX +IMA +APPARMOR +SMACK +SYSVINIT +UTMP +LIBCRYPTSETUP +GCRYPT +GNUTLS +ACL +XZ +LZ4 +SECCOMP +BLKID +ELFUTILS +KMOD +IDN2 -IDN +PCRE2 default-hierarchy=hybrid)
[    1.633172] systemd[1]: Detected virtualization oracle.
[    1.633176] systemd[1]: Detected architecture x86-64.
[    1.634502] systemd[1]: Set hostname to <ztg>.
[    1.762769] systemd[1]: /lib/systemd/system/dbus.socket:5: ListenStream= references a path below legacy directory /var/run/, updating /var/run/dbus/system_bus_socket â†’ /run/dbus/system_bus_socket; please update the unit file accordingly.
[    1.816833] systemd[1]: Created slice system-modprobe.slice.
[    1.817020] systemd[1]: Created slice User and Session Slice.
[    1.817064] systemd[1]: Started Forward Password Requests to Wall Directory Watch.
[    1.817215] systemd[1]: Set up automount Arbitrary Executable File Formats File System Automount Point.
[    1.817249] systemd[1]: Reached target User and Group Name Lookups.
[    1.817259] systemd[1]: Reached target Remote File Systems.
[    1.817267] systemd[1]: Reached target Slices.
[    1.818116] systemd[1]: Listening on Syslog Socket.
[    1.818184] systemd[1]: Listening on fsck to fsckd communication Socket.
[    1.818222] systemd[1]: Listening on initctl Compatibility Named Pipe.
[    1.818361] systemd[1]: Listening on Journal Audit Socket.
[    1.818414] systemd[1]: Listening on Journal Socket (/dev/log).
[    1.818482] systemd[1]: Listening on Journal Socket.
[    1.818547] systemd[1]: Listening on udev Control Socket.
[    1.818584] systemd[1]: Listening on udev Kernel Socket.
[    1.819377] systemd[1]: Mounting Huge Pages File System...
[    1.820316] systemd[1]: Mounting POSIX Message Queue File System...
[    1.821228] systemd[1]: Mounting Kernel Debug File System...
[    1.822103] systemd[1]: Mounting Kernel Trace File System...
[    1.823986] systemd[1]: Starting Journal Service...
[    1.845948] systemd[1]: Starting Set the console keyboard layout...
[    1.853882] systemd[1]: Starting Create list of static device nodes for the current kernel...
[    1.855742] systemd[1]: Starting Load Kernel Module drm...
[    1.856765] systemd[1]: Condition check resulted in Set Up Additional Binary Formats being skipped.
[    1.856808] systemd[1]: Condition check resulted in File System Check on Root Device being skipped.
[    1.862898] systemd[1]: Starting Load Kernel Modules...
[    1.874839] systemd[1]: Starting Remount Root and Kernel File Systems...
[    1.884813] systemd[1]: Starting udev Coldplug all Devices...
[    1.894455] systemd[1]: Starting Uncomplicated firewall...
[    1.899614] EXT4-fs (sda2): re-mounted. Opts: errors=remount-ro
[    1.907072] systemd[1]: Mounted Huge Pages File System.
[    1.907162] systemd[1]: Mounted POSIX Message Queue File System.
[    1.907239] systemd[1]: Mounted Kernel Debug File System.
[    1.907307] systemd[1]: Mounted Kernel Trace File System.
[    1.925106] systemd[1]: Finished Create list of static device nodes for the current kernel.
[    1.925400] systemd[1]: modprobe@drm.service: Succeeded.
[    1.925786] systemd[1]: Finished Load Kernel Module drm.
[    1.942218] systemd[1]: Finished Remount Root and Kernel File Systems.
[    1.948219] systemd[1]: Finished Uncomplicated firewall.
[    1.950465] lp: driver loaded but no devices found
[    1.952301] systemd[1]: Condition check resulted in Rebuild Hardware Database being skipped.
[    1.952351] systemd[1]: Condition check resulted in Platform Persistent Storage Archival being skipped.
[    1.967572] systemd[1]: Starting Load/Save Random Seed...
[    1.974874] systemd[1]: Starting Create System Users...
[    1.980813] ppdev: user-space parallel port driver
[    1.988314] systemd[1]: Finished Load/Save Random Seed.
[    1.996896] systemd[1]: Finished Create System Users.
[    1.997654] systemd[1]: Starting Create Static Device Nodes in /dev...
[    2.020487] systemd[1]: Finished udev Coldplug all Devices.
[    2.028643] systemd[1]: Finished Create Static Device Nodes in /dev.
[    2.029450] systemd[1]: Starting udev Kernel Device Manager...
[    2.063387] [drm] DMA map mode: Caching DMA mappings.
[    2.063450] [drm] Capabilities:
[    2.063450] [drm]   Rect copy.
[    2.063451] [drm]   Cursor.
[    2.063451] [drm]   Cursor bypass.
[    2.063451] [drm]   Cursor bypass 2.
[    2.063452] [drm]   Alpha cursor.
[    2.063452] [drm]   Extended Fifo.
[    2.063452] [drm]   Pitchlock.
[    2.063453] [drm]   Irq mask.
[    2.063453] [drm]   GMR.
[    2.063453] [drm]   Traces.
[    2.063454] [drm]   GMR2.
[    2.063454] [drm]   Screen Object 2.
[    2.063454] [drm]   Command Buffers.
[    2.063455] [drm]   Command Buffers 2.
[    2.063455] [drm]   Guest Backed Resources.
[    2.063456] [drm] Max GMR ids is 8192
[    2.063456] [drm] Max number of GMR pages is 1048576
[    2.063457] [drm] Max dedicated hypervisor surface memory is 393216 kiB
[    2.063458] [drm] Maximum display memory size is 131072 kiB
[    2.063458] [drm] VRAM at 0xe0000000 size is 131072 kiB
[    2.063459] [drm] MMIO at 0xf0000000 size is 2048 kiB
[    2.064198] [TTM] Zone  kernel: Available graphics memory: 1011738 KiB
[    2.064199] [TTM] Initializing pool allocator
[    2.064202] [TTM] Initializing DMA pool allocator
[    2.064232] [drm] Supports vblank timestamp caching Rev 2 (21.10.2013).
[    2.064233] [drm] No driver support for vblank timestamp query.
[    2.065182] [drm] Screen Target Display device initialized
[    2.065372] [drm] width 720
[    2.065381] [drm] height 400
[    2.065384] [drm] bpp 32
[    2.065939] [drm] Fifo max 0x00200000 min 0x00001000 cap 0x00000355
[    2.066981] [drm] Using command buffers with DMA pool.
[    2.066985] [drm] DX: no.
[    2.066985] [drm] Atomic: yes.
[    2.066986] [drm] SM4_1: no.
[    2.067005] [drm:vmw_host_log [vmwgfx]] *ERROR* Failed to send host log message.
[    2.069405] [drm:vmw_host_log [vmwgfx]] *ERROR* Failed to send host log message.
[    2.097707] fbcon: svgadrmfb (fb0) is primary device
[    2.099862] Console: switching to colour frame buffer device 100x37
[    2.104324] [drm] Initialized vmwgfx 2.15.0 20180704 for 0000:00:02.0 on minor 0
[    2.105310] systemd[1]: Finished Load Kernel Modules.
[    2.106229] systemd[1]: Mounting FUSE Control File System...
[    2.107588] systemd[1]: Mounting Kernel Configuration File System...
[    2.118243] systemd[1]: Starting Apply Kernel Variables...
[    2.126072] systemd[1]: Mounted FUSE Control File System.
[    2.126137] systemd[1]: Condition check resulted in VMware vmblock fuse mount being skipped.
[    2.130312] systemd[1]: Mounted Kernel Configuration File System.
[    2.133624] systemd[1]: Finished Set the console keyboard layout.
[    2.133717] systemd[1]: Reached target Local File Systems (Pre).
[    2.137203] systemd[1]: Mounting Mount unit for bare, revision 5...
[    2.159003] systemd[1]: Mounting Mount unit for core18, revision 1705...
[    2.168597] systemd[1]: Mounting Mount unit for gnome-3-34-1804, revision 24...
[    2.182720] systemd[1]: Mounting Mount unit for gtk-common-themes, revision 1506...
[    2.184628] systemd[1]: Mounting Mount unit for gtk-common-themes, revision 1535...
[    2.188772] systemd[1]: Mounting Mount unit for snap-store, revision 433...
[    2.215171] systemd[1]: Mounting Mount unit for snapd, revision 25935...
[    2.218570] systemd[1]: Finished Apply Kernel Variables.
[    2.230344] systemd[1]: Mounted Mount unit for bare, revision 5.
[    2.230438] systemd[1]: Mounted Mount unit for gnome-3-34-1804, revision 24.
[    2.238756] systemd[1]: Mounted Mount unit for core18, revision 1705.
[    2.238845] systemd[1]: Mounted Mount unit for gtk-common-themes, revision 1506.
[    2.271706] systemd[1]: Mounted Mount unit for snap-store, revision 433.
[    2.275250] systemd[1]: Started udev Kernel Device Manager.
[    2.276028] systemd[1]: Starting Show Plymouth Boot Screen...
[    2.298942] systemd[1]: Mounted Mount unit for gtk-common-themes, revision 1535.
[    2.299033] systemd[1]: Mounted Mount unit for snapd, revision 25935.
[    2.299088] systemd[1]: Reached target Local File Systems.
[    2.320915] systemd[1]: Starting Load AppArmor profiles...
[    2.325988] systemd[1]: Starting Set console font and keymap...
[    2.333133] systemd[1]: Starting Tell Plymouth To Write Out Runtime Data...
[    2.333192] systemd[1]: Condition check resulted in Store a System Token in an EFI Variable being skipped.
[    2.333237] systemd[1]: Condition check resulted in Commit a transient machine-id on disk being skipped.
[    2.333867] systemd[1]: Received SIGRTMIN+20 from PID 288 (plymouthd).
[    2.339068] systemd[1]: Finished Set console font and keymap.
[    2.347613] systemd[1]: Received SIGRTMIN+20 from PID 288 (plymouthd).
[    2.349409] systemd[1]: plymouth-read-write.service: Succeeded.
[    2.349639] systemd[1]: Finished Tell Plymouth To Write Out Runtime Data.
[    2.349912] systemd[1]: Started Show Plymouth Boot Screen.
[    2.350018] systemd[1]: Condition check resulted in Dispatch Password Requests to Console Directory Watch being skipped.
[    2.350095] systemd[1]: Started Forward Password Requests to Plymouth Directory Watch.
[    2.350125] systemd[1]: Reached target Local Encrypted Volumes.
[    2.379648] audit: type=1400 audit(1768660252.236:2): apparmor="STATUS" operation="profile_load" profile="unconfined" name="nvidia_modprobe" pid=300 comm="apparmor_parser"
[    2.379650] audit: type=1400 audit(1768660252.236:3): apparmor="STATUS" operation="profile_load" profile="unconfined" name="nvidia_modprobe//kmod" pid=300 comm="apparmor_parser"
[    2.387122] audit: type=1400 audit(1768660252.244:4): apparmor="STATUS" operation="profile_load" profile="unconfined" name="/usr/sbin/tcpdump" pid=301 comm="apparmor_parser"
[    2.410964] audit: type=1400 audit(1768660252.264:5): apparmor="STATUS" operation="profile_load" profile="unconfined" name="/usr/bin/evince" pid=303 comm="apparmor_parser"
[    2.410966] audit: type=1400 audit(1768660252.264:6): apparmor="STATUS" operation="profile_load" profile="unconfined" name="/usr/bin/evince//sanitized_helper" pid=303 comm="apparmor_parser"
[    2.410968] audit: type=1400 audit(1768660252.264:7): apparmor="STATUS" operation="profile_load" profile="unconfined" name="/usr/bin/evince-previewer" pid=303 comm="apparmor_parser"
[    2.410969] audit: type=1400 audit(1768660252.264:8): apparmor="STATUS" operation="profile_load" profile="unconfined" name="/usr/bin/evince-previewer//sanitized_helper" pid=303 comm="apparmor_parser"
[    2.410972] audit: type=1400 audit(1768660252.264:9): apparmor="STATUS" operation="profile_load" profile="unconfined" name="/usr/bin/evince-thumbnailer" pid=303 comm="apparmor_parser"
[    2.446789] audit: type=1400 audit(1768660252.304:10): apparmor="STATUS" operation="profile_load" profile="unconfined" name="/usr/lib/cups/backend/cups-pdf" pid=304 comm="apparmor_parser"
[    2.504630] systemd[1]: Finished Load AppArmor profiles.
[    2.505581] systemd[1]: Starting Load AppArmor profiles managed internally by snapd...
[    2.623974] systemd[1]: Finished Load AppArmor profiles managed internally by snapd.
[    2.774395] systemd[1]: Started Journal Service.
[    2.783929] systemd-journald[229]: Received client request to flush runtime journal.
[    2.787583] systemd-journald[229]: File /var/log/journal/c455b248004a419c87ce85eea238d727/system.journal corrupted or uncleanly shut down, renaming and replacing.
[    4.096396] RAPL PMU: API unit is 2^-32 Joules, 0 fixed counters, 10737418240 ms ovfl timer
[    4.165532] cryptd: max_cpu_qlen set to 1000
[    4.198371] AVX2 version of gcm_enc/dec engaged.
[    4.198372] AES CTR mode by8 optimization enabled
[    6.013938] Adding 1998844k swap on /dev/sda1.  Priority:-2 extents:1 across:1998844k FS
[    8.064379] kauditd_printk_skb: 30 callbacks suppressed
[    8.064381] audit: type=1400 audit(1768660257.920:41): apparmor="DENIED" operation="capable" profile="/usr/sbin/cups-browsed" pid=509 comm="cups-browsed" capability=23  capname="sys_nice"
[    8.725333] pcnet32 0000:00:03.0 enp0s3: link up, 100Mbps, full-duplex
[    8.735487] pcnet32 0000:00:08.0 enp0s8: link up, 100Mbps, full-duplex
[    8.773824] e1000: enp0s9 NIC Link is Up 1000 Mbps Full Duplex, Flow Control: RX
[    8.774124] IPv6: ADDRCONF(NETDEV_CHANGE): enp0s9: link becomes ready
[    9.335780] device enp0s3 entered promiscuous mode
[    9.354299] device enp0s8 entered promiscuous mode
[    9.401489] audit: type=1400 audit(1768660259.260:42): apparmor="DENIED" operation="open" profile="/usr/sbin/tcpdump" name="/proc/sys/kernel/random/boot_id" pid=662 comm="tcpdump" requested_mask="r" denied_mask="r" fsuid=0 ouid=0
[    9.402014] audit: type=1400 audit(1768660259.260:43): apparmor="DENIED" operation="open" profile="/usr/sbin/tcpdump" name="/proc/sys/kernel/random/boot_id" pid=662 comm="tcpdump" requested_mask="r" denied_mask="r" fsuid=0 ouid=0
[    9.402072] audit: type=1400 audit(1768660259.260:44): apparmor="DENIED" operation="open" profile="/usr/sbin/tcpdump" name="/proc/sys/kernel/random/boot_id" pid=662 comm="tcpdump" requested_mask="r" denied_mask="r" fsuid=0 ouid=0
[    9.402144] audit: type=1400 audit(1768660259.260:45): apparmor="DENIED" operation="open" profile="/usr/sbin/tcpdump" name="/proc/sys/kernel/random/boot_id" pid=663 comm="tcpdump" requested_mask="r" denied_mask="r" fsuid=0 ouid=0
[    9.402167] audit: type=1400 audit(1768660259.260:46): apparmor="DENIED" operation="open" profile="/usr/sbin/tcpdump" name="/proc/sys/kernel/random/boot_id" pid=662 comm="tcpdump" requested_mask="r" denied_mask="r" fsuid=0 ouid=0
[    9.402578] audit: type=1400 audit(1768660259.260:47): apparmor="DENIED" operation="open" profile="/usr/sbin/tcpdump" name="/proc/sys/kernel/random/boot_id" pid=663 comm="tcpdump" requested_mask="r" denied_mask="r" fsuid=0 ouid=0
[    9.405146] audit: type=1400 audit(1768660259.264:48): apparmor="DENIED" operation="open" profile="/usr/sbin/tcpdump" name="/proc/sys/kernel/random/boot_id" pid=663 comm="tcpdump" requested_mask="r" denied_mask="r" fsuid=0 ouid=0
[    9.405514] audit: type=1400 audit(1768660259.264:49): apparmor="DENIED" operation="open" profile="/usr/sbin/tcpdump" name="/proc/sys/kernel/random/boot_id" pid=663 comm="tcpdump" requested_mask="r" denied_mask="r" fsuid=0 ouid=0
[    9.416716] audit: type=1400 audit(1768660259.276:50): apparmor="DENIED" operation="open" profile="/usr/sbin/tcpdump" name="/proc/sys/kernel/random/boot_id" pid=664 comm="tcpdump" requested_mask="r" denied_mask="r" fsuid=0 ouid=0
[   15.805124] rfkill: input handler disabled
[  242.810671] AAAAA-TCP_FORW: name:enp0s8: saddr:100932208: daddr:16783984
[  242.812307] AAAAA-TCP_FORW: name:enp0s3: saddr:16783984: daddr:100932208
[  243.121190] AAAAA-TCP_FORW: name:enp0s8: saddr:100932208: daddr:16783984
[  243.121951] AAAAA-TCP_FORW: name:enp0s3: saddr:16783984: daddr:100932208
[  243.185926] AAAAA-TCP_FORW: name:enp0s8: saddr:100932208: daddr:16783984
[  243.186878] AAAAA-TCP_FORW: name:enp0s3: saddr:16783984: daddr:100932208
[  243.187313] AAAAA-TCP_FORW: name:enp0s3: saddr:16783984: daddr:100932208
[  243.847852] AAAAA-TCP_FORW: name:enp0s8: saddr:100932208: daddr:33561200
[  243.848939] AAAAA-TCP_FORW: name:enp0s3: saddr:33561200: daddr:100932208
[  243.875246] AAAAA-TCP_FORW: name:enp0s8: saddr:100932208: daddr:16783984
[  243.902362] AAAAA-TCP_FORW: name:enp0s8: saddr:100932208: daddr:16783984
[  243.903366] AAAAA-TCP_FORW: name:enp0s3: saddr:16783984: daddr:100932208
[  244.177651] AAAAA-TCP_FORW: name:enp0s8: saddr:100932208: daddr:33561200
[  244.178526] AAAAA-TCP_FORW: name:enp0s3: saddr:33561200: daddr:100932208
[  244.217739] AAAAA-TCP_FORW: name:enp0s8: saddr:100932208: daddr:16783984
[  244.218516] AAAAA-TCP_FORW: name:enp0s3: saddr:16783984: daddr:100932208
[  244.218800] AAAAA-TCP_FORW: name:enp0s3: saddr:33561200: daddr:100932208
[  244.540997] AAAAA-TCP_FORW: name:enp0s8: saddr:100932208: daddr:33561200
[  244.571987] AAAAA-TCP_FORW: name:enp0s8: saddr:100932208: daddr:16783984
[  244.572856] AAAAA-TCP_FORW: name:enp0s3: saddr:16783984: daddr:100932208
[  244.828515] AAAAA-TCP_FORW: name:enp0s8: saddr:100932208: daddr:16783984
[  244.829635] AAAAA-TCP_FORW: name:enp0s3: saddr:16783984: daddr:100932208
[  244.918171] AAAAA-TCP_FORW: name:enp0s8: saddr:100932208: daddr:16783984
[  244.919344] AAAAA-TCP_FORW: name:enp0s3: saddr:16783984: daddr:100932208
[  244.921677] AAAAA-TCP_FORW: name:enp0s3: saddr:33561200: daddr:100932208
[  245.361500] AAAAA-TCP_FORW: name:enp0s8: saddr:100932208: daddr:33561200
[  245.362432] AAAAA-TCP_FORW: name:enp0s3: saddr:33561200: daddr:100932208
[  245.535992] AAAAA-TCP_FORW: name:enp0s8: saddr:100932208: daddr:33561200
[  245.536800] AAAAA-TCP_FORW: name:enp0s3: saddr:33561200: daddr:100932208
[  245.669290] AAAAA-TCP_FORW: name:enp0s8: saddr:100932208: daddr:33561200
[  245.670206] AAAAA-TCP_FORW: name:enp0s3: saddr:33561200: daddr:100932208
[  245.776016] AAAAA-TCP_FORW: name:enp0s8: saddr:100932208: daddr:33561200
[  245.812633] AAAAA-TCP_FORW: name:enp0s8: saddr:100932208: daddr:16783984
[  245.813767] AAAAA-TCP_FORW: name:enp0s3: saddr:16783984: daddr:100932208
[  245.935896] AAAAA-TCP_FORW: name:enp0s8: saddr:100932208: daddr:16783984
[  245.937526] AAAAA-TCP_FORW: name:enp0s3: saddr:16783984: daddr:100932208
[  246.023593] AAAAA-TCP_FORW: name:enp0s8: saddr:100932208: daddr:16783984
[  246.024721] AAAAA-TCP_FORW: name:enp0s3: saddr:16783984: daddr:100932208
[  246.105256] AAAAA-TCP_FORW: name:enp0s8: saddr:100932208: daddr:16783984
[  246.106878] AAAAA-TCP_FORW: name:enp0s3: saddr:16783984: daddr:100932208
[  246.244265] AAAAA-TCP_FORW: name:enp0s8: saddr:100932208: daddr:16783984
[  246.245881] AAAAA-TCP_FORW: name:enp0s3: saddr:16783984: daddr:100932208
[  246.368772] AAAAA-TCP_FORW: name:enp0s8: saddr:100932208: daddr:16783984
[  246.369897] AAAAA-TCP_FORW: name:enp0s3: saddr:16783984: daddr:100932208
[  246.456892] AAAAA-TCP_FORW: name:enp0s8: saddr:100932208: daddr:16783984
[  246.458076] AAAAA-TCP_FORW: name:enp0s3: saddr:16783984: daddr:100932208
[  246.557862] AAAAA-TCP_FORW: name:enp0s8: saddr:100932208: daddr:16783984
[  246.558771] AAAAA-TCP_FORW: name:enp0s3: saddr:16783984: daddr:100932208
[  246.708152] AAAAA-TCP_FORW: name:enp0s8: saddr:100932208: daddr:16783984
[  246.709247] AAAAA-TCP_FORW: name:enp0s3: saddr:16783984: daddr:100932208
[  246.916804] AAAAA-TCP_FORW: name:enp0s8: saddr:100932208: daddr:16783984
[  246.917976] AAAAA-TCP_FORW: name:enp0s3: saddr:16783984: daddr:100932208
[  247.052517] AAAAA-TCP_FORW: name:enp0s8: saddr:100932208: daddr:16783984
[  247.054119] AAAAA-TCP_FORW: name:enp0s3: saddr:16783984: daddr:100932208
[  247.165795] AAAAA-TCP_FORW: name:enp0s8: saddr:100932208: daddr:33561200
[  247.167331] AAAAA-TCP_FORW: name:enp0s3: saddr:33561200: daddr:100932208
[  247.347255] AAAAA-TCP_FORW: name:enp0s8: saddr:100932208: daddr:33561200
[  247.349273] AAAAA-TCP_FORW: name:enp0s3: saddr:33561200: daddr:100932208
[  247.415372] AAAAA-TCP_FORW: name:enp0s8: saddr:100932208: daddr:33561200
[  247.417160] AAAAA-TCP_FORW: name:enp0s3: saddr:33561200: daddr:100932208
[  247.478265] AAAAA-TCP_FORW: name:enp0s8: saddr:100932208: daddr:33561200
[  247.479175] AAAAA-TCP_FORW: name:enp0s3: saddr:33561200: daddr:100932208
[  247.628835] AAAAA-TCP_FORW: name:enp0s8: saddr:100932208: daddr:33561200
[  247.629618] AAAAA-TCP_FORW: name:enp0s3: saddr:33561200: daddr:100932208
[  247.699665] AAAAA-TCP_FORW: name:enp0s8: saddr:100932208: daddr:33561200
[  247.700715] AAAAA-TCP_FORW: name:enp0s3: saddr:33561200: daddr:100932208
[  247.765880] AAAAA-TCP_FORW: name:enp0s8: saddr:100932208: daddr:33561200
[  247.766633] AAAAA-TCP_FORW: name:enp0s3: saddr:33561200: daddr:100932208
[  247.924752] AAAAA-TCP_FORW: name:enp0s8: saddr:100932208: daddr:33561200
[  247.926115] AAAAA-TCP_FORW: name:enp0s3: saddr:33561200: daddr:100932208
[  248.032300] AAAAA-TCP_FORW: name:enp0s8: saddr:100932208: daddr:33561200
[  248.033475] AAAAA-TCP_FORW: name:enp0s3: saddr:33561200: daddr:100932208
[  248.095058] AAAAA-TCP_FORW: name:enp0s8: saddr:100932208: daddr:33561200
[  248.096383] AAAAA-TCP_FORW: name:enp0s3: saddr:33561200: daddr:100932208
[  248.177650] AAAAA-TCP_FORW: name:enp0s8: saddr:100932208: daddr:16783984
[  248.178755] AAAAA-TCP_FORW: name:enp0s3: saddr:16783984: daddr:100932208
[  248.239254] AAAAA-TCP_FORW: name:enp0s8: saddr:100932208: daddr:16783984
[  248.240398] AAAAA-TCP_FORW: name:enp0s3: saddr:16783984: daddr:100932208
[  248.322425] AAAAA-TCP_FORW: name:enp0s8: saddr:100932208: daddr:16783984
[  248.323628] AAAAA-TCP_FORW: name:enp0s3: saddr:16783984: daddr:100932208
[  248.463400] AAAAA-TCP_FORW: name:enp0s8: saddr:100932208: daddr:16783984
[  248.464697] AAAAA-TCP_FORW: name:enp0s3: saddr:16783984: daddr:100932208
[  248.602919] AAAAA-TCP_FORW: name:enp0s8: saddr:100932208: daddr:16783984
[  248.603646] AAAAA-TCP_FORW: name:enp0s3: saddr:16783984: daddr:100932208
[  248.689766] AAAAA-TCP_FORW: name:enp0s8: saddr:100932208: daddr:16783984
[  248.690530] AAAAA-TCP_FORW: name:enp0s3: saddr:16783984: daddr:100932208
[  248.887225] AAAAA-TCP_FORW: name:enp0s8: saddr:100932208: daddr:33561200
[  248.888558] AAAAA-TCP_FORW: name:enp0s3: saddr:33561200: daddr:100932208
[  249.047789] AAAAA-TCP_FORW: name:enp0s8: saddr:100932208: daddr:16783984
[  249.048588] AAAAA-TCP_FORW: name:enp0s3: saddr:16783984: daddr:100932208
[  249.186273] AAAAA-TCP_FORW: name:enp0s8: saddr:100932208: daddr:16783984
[  249.187437] AAAAA-TCP_FORW: name:enp0s3: saddr:16783984: daddr:100932208
[  249.262584] AAAAA-TCP_FORW: name:enp0s8: saddr:100932208: daddr:16783984
[  249.263729] AAAAA-TCP_FORW: name:enp0s3: saddr:16783984: daddr:100932208
[  249.320361] AAAAA-TCP_FORW: name:enp0s8: saddr:100932208: daddr:16783984
[  249.321687] AAAAA-TCP_FORW: name:enp0s3: saddr:16783984: daddr:100932208
[  249.408555] AAAAA-TCP_FORW: name:enp0s8: saddr:100932208: daddr:16783984
[  249.409710] AAAAA-TCP_FORW: name:enp0s3: saddr:16783984: daddr:100932208
[  249.473090] AAAAA-TCP_FORW: name:enp0s8: saddr:100932208: daddr:16783984
[  249.474241] AAAAA-TCP_FORW: name:enp0s3: saddr:16783984: daddr:100932208
[  249.594703] AAAAA-TCP_FORW: name:enp0s8: saddr:100932208: daddr:16783984
[  249.595436] AAAAA-TCP_FORW: name:enp0s3: saddr:16783984: daddr:100932208
[  249.680828] AAAAA-TCP_FORW: name:enp0s8: saddr:100932208: daddr:33561200
[  249.681606] AAAAA-TCP_FORW: name:enp0s3: saddr:33561200: daddr:100932208
[  249.864661] AAAAA-TCP_FORW: name:enp0s8: saddr:100932208: daddr:16783984
[  249.865773] AAAAA-TCP_FORW: name:enp0s3: saddr:16783984: daddr:100932208
[  250.020311] AAAAA-TCP_FORW: name:enp0s8: saddr:100932208: daddr:16783984
[  250.021338] AAAAA-TCP_FORW: name:enp0s3: saddr:16783984: daddr:100932208
[  250.338091] AAAAA-TCP_FORW: name:enp0s8: saddr:100932208: daddr:16783984
[  250.339357] AAAAA-TCP_FORW: name:enp0s3: saddr:16783984: daddr:100932208
[  250.522102] AAAAA-TCP_FORW: name:enp0s8: saddr:100932208: daddr:16783984
[  250.523558] AAAAA-TCP_FORW: name:enp0s3: saddr:16783984: daddr:100932208
[  250.851060] AAAAA-TCP_FORW: name:enp0s8: saddr:100932208: daddr:33561200
[  250.852257] AAAAA-TCP_FORW: name:enp0s3: saddr:33561200: daddr:100932208
[  250.932334] AAAAA-TCP_FORW: name:enp0s8: saddr:100932208: daddr:33561200
[  250.933562] AAAAA-TCP_FORW: name:enp0s3: saddr:33561200: daddr:100932208
[  251.015625] AAAAA-TCP_FORW: name:enp0s8: saddr:100932208: daddr:33561200
[  251.016350] AAAAA-TCP_FORW: name:enp0s3: saddr:33561200: daddr:100932208
[  251.086188] AAAAA-TCP_FORW: name:enp0s8: saddr:100932208: daddr:33561200
[  251.086975] AAAAA-TCP_FORW: name:enp0s3: saddr:33561200: daddr:100932208
[  251.272431] AAAAA-TCP_FORW: name:enp0s8: saddr:100932208: daddr:33561200
[  251.274103] AAAAA-TCP_FORW: name:enp0s3: saddr:33561200: daddr:100932208
[  251.341857] AAAAA-TCP_FORW: name:enp0s8: saddr:100932208: daddr:33561200
[  251.342463] AAAAA-TCP_FORW: name:enp0s3: saddr:33561200: daddr:100932208
[  251.416666] AAAAA-TCP_FORW: name:enp0s8: saddr:100932208: daddr:33561200
[  251.417423] AAAAA-TCP_FORW: name:enp0s3: saddr:33561200: daddr:100932208
[  251.499223] AAAAA-TCP_FORW: name:enp0s8: saddr:100932208: daddr:33561200
[  251.500001] AAAAA-TCP_FORW: name:enp0s3: saddr:33561200: daddr:100932208
[  251.565433] AAAAA-TCP_FORW: name:enp0s8: saddr:100932208: daddr:33561200
[  251.566180] AAAAA-TCP_FORW: name:enp0s3: saddr:33561200: daddr:100932208
[  251.666136] AAAAA-TCP_FORW: name:enp0s8: saddr:100932208: daddr:33561200
[  251.666871] AAAAA-TCP_FORW: name:enp0s3: saddr:33561200: daddr:100932208
[  251.702611] AAAAA-TCP_FORW: name:enp0s8: saddr:100932208: daddr:33561200
[  251.703365] AAAAA-TCP_FORW: name:enp0s3: saddr:33561200: daddr:100932208
[  251.766499] AAAAA-TCP_FORW: name:enp0s8: saddr:100932208: daddr:33561200
[  251.767252] AAAAA-TCP_FORW: name:enp0s3: saddr:33561200: daddr:100932208
[  251.837043] AAAAA-TCP_FORW: name:enp0s8: saddr:100932208: daddr:33561200
[  251.837755] AAAAA-TCP_FORW: name:enp0s3: saddr:33561200: daddr:100932208
[  251.881460] AAAAA-TCP_FORW: name:enp0s8: saddr:100932208: daddr:33561200
[  251.882225] AAAAA-TCP_FORW: name:enp0s3: saddr:33561200: daddr:100932208
[  251.951025] AAAAA-TCP_FORW: name:enp0s8: saddr:100932208: daddr:33561200
[  251.952264] AAAAA-TCP_FORW: name:enp0s3: saddr:33561200: daddr:100932208
[  252.003028] AAAAA-TCP_FORW: name:enp0s8: saddr:100932208: daddr:33561200
[  252.003789] AAAAA-TCP_FORW: name:enp0s3: saddr:33561200: daddr:100932208
[  252.044687] AAAAA-TCP_FORW: name:enp0s8: saddr:100932208: daddr:16783984
[  252.045450] AAAAA-TCP_FORW: name:enp0s3: saddr:16783984: daddr:100932208
[  252.101383] AAAAA-TCP_FORW: name:enp0s8: saddr:100932208: daddr:16783984
[  252.102173] AAAAA-TCP_FORW: name:enp0s3: saddr:16783984: daddr:100932208
[  252.195076] AAAAA-TCP_FORW: name:enp0s8: saddr:100932208: daddr:16783984
[  252.196744] AAAAA-TCP_FORW: name:enp0s3: saddr:16783984: daddr:100932208
[  252.304322] AAAAA-TCP_FORW: name:enp0s8: saddr:100932208: daddr:16783984
[  252.306340] AAAAA-TCP_FORW: name:enp0s3: saddr:16783984: daddr:100932208
[  252.343719] AAAAA-TCP_FORW: name:enp0s8: saddr:100932208: daddr:16783984
[  252.346250] AAAAA-TCP_FORW: name:enp0s3: saddr:16783984: daddr:100932208
[  252.394666] AAAAA-TCP_FORW: name:enp0s8: saddr:100932208: daddr:16783984
[  252.396570] AAAAA-TCP_FORW: name:enp0s3: saddr:16783984: daddr:100932208
[  252.560602] AAAAA-TCP_FORW: name:enp0s8: saddr:100932208: daddr:16783984
[  252.563243] AAAAA-TCP_FORW: name:enp0s3: saddr:16783984: daddr:100932208
[  252.678043] AAAAA-TCP_FORW: name:enp0s8: saddr:100932208: daddr:16783984
[  252.680601] AAAAA-TCP_FORW: name:enp0s3: saddr:16783984: daddr:100932208
[  252.868351] AAAAA-TCP_FORW: name:enp0s8: saddr:100932208: daddr:16783984
[  252.870412] AAAAA-TCP_FORW: name:enp0s3: saddr:16783984: daddr:100932208
[  252.938111] AAAAA-TCP_FORW: name:enp0s8: saddr:100932208: daddr:16783984
[  252.940602] AAAAA-TCP_FORW: name:enp0s3: saddr:16783984: daddr:100932208
[  253.030156] AAAAA-TCP_FORW: name:enp0s8: saddr:100932208: daddr:16783984
[  253.032346] AAAAA-TCP_FORW: name:enp0s3: saddr:16783984: daddr:100932208
[  253.143243] AAAAA-TCP_FORW: name:enp0s8: saddr:100932208: daddr:16783984
[  253.145569] AAAAA-TCP_FORW: name:enp0s3: saddr:16783984: daddr:100932208
[  253.227772] AAAAA-TCP_FORW: name:enp0s8: saddr:100932208: daddr:16783984
[  253.230378] AAAAA-TCP_FORW: name:enp0s3: saddr:16783984: daddr:100932208
[  253.424751] AAAAA-TCP_FORW: name:enp0s8: saddr:100932208: daddr:16783984
[  253.426503] AAAAA-TCP_FORW: name:enp0s3: saddr:16783984: daddr:100932208
[  253.839451] AAAAA-TCP_FORW: name:enp0s8: saddr:100932208: daddr:16783984
[  253.840635] AAAAA-TCP_FORW: name:enp0s3: saddr:16783984: daddr:100932208
[  253.921061] AAAAA-TCP_FORW: name:enp0s8: saddr:100932208: daddr:16783984
[  253.921780] AAAAA-TCP_FORW: name:enp0s3: saddr:16783984: daddr:100932208
[  254.004903] AAAAA-TCP_FORW: name:enp0s8: saddr:100932208: daddr:16783984
[  254.006063] AAAAA-TCP_FORW: name:enp0s3: saddr:16783984: daddr:100932208
[  254.094480] AAAAA-TCP_FORW: name:enp0s8: saddr:100932208: daddr:33561200
[  254.095635] AAAAA-TCP_FORW: name:enp0s3: saddr:33561200: daddr:100932208
[  254.172288] AAAAA-TCP_FORW: name:enp0s8: saddr:100932208: daddr:33561200
[  254.173472] AAAAA-TCP_FORW: name:enp0s3: saddr:33561200: daddr:100932208
[  254.253403] AAAAA-TCP_FORW: name:enp0s8: saddr:100932208: daddr:33561200
[  254.254024] AAAAA-TCP_FORW: name:enp0s3: saddr:33561200: daddr:100932208
[  254.316185] AAAAA-TCP_FORW: name:enp0s8: saddr:100932208: daddr:33561200
[  254.318185] AAAAA-TCP_FORW: name:enp0s3: saddr:33561200: daddr:100932208
[  254.488070] AAAAA-TCP_FORW: name:enp0s8: saddr:100932208: daddr:33561200
[  254.491450] AAAAA-TCP_FORW: name:enp0s3: saddr:33561200: daddr:100932208
[  254.555401] AAAAA-TCP_FORW: name:enp0s8: saddr:100932208: daddr:33561200
[  254.556377] AAAAA-TCP_FORW: name:enp0s3: saddr:33561200: daddr:100932208
[  254.627804] AAAAA-TCP_FORW: name:enp0s8: saddr:100932208: daddr:33561200
[  254.628578] AAAAA-TCP_FORW: name:enp0s3: saddr:33561200: daddr:100932208
[  254.706620] AAAAA-TCP_FORW: name:enp0s8: saddr:100932208: daddr:33561200
[  254.707746] AAAAA-TCP_FORW: name:enp0s3: saddr:33561200: daddr:100932208
[  254.811595] AAAAA-TCP_FORW: name:enp0s8: saddr:100932208: daddr:33561200
[  254.812830] AAAAA-TCP_FORW: name:enp0s3: saddr:33561200: daddr:100932208
[  254.852542] AAAAA-TCP_FORW: name:enp0s8: saddr:100932208: daddr:33561200
[  254.853281] AAAAA-TCP_FORW: name:enp0s3: saddr:33561200: daddr:100932208
[  254.930211] AAAAA-TCP_FORW: name:enp0s8: saddr:100932208: daddr:33561200
[  254.930968] AAAAA-TCP_FORW: name:enp0s3: saddr:33561200: daddr:100932208
[  255.047024] AAAAA-TCP_FORW: name:enp0s8: saddr:100932208: daddr:33561200
[  255.047768] AAAAA-TCP_FORW: name:enp0s3: saddr:33561200: daddr:100932208
[  255.145141] AAAAA-TCP_FORW: name:enp0s8: saddr:100932208: daddr:33561200
[  255.146455] AAAAA-TCP_FORW: name:enp0s3: saddr:33561200: daddr:100932208
[  255.362003] AAAAA-TCP_FORW: name:enp0s8: saddr:100932208: daddr:33561200
[  255.362863] AAAAA-TCP_FORW: name:enp0s3: saddr:33561200: daddr:100932208
[  255.415120] AAAAA-TCP_FORW: name:enp0s8: saddr:100932208: daddr:33561200
[  255.415844] AAAAA-TCP_FORW: name:enp0s3: saddr:33561200: daddr:100932208
[  255.451122] AAAAA-TCP_FORW: name:enp0s8: saddr:100932208: daddr:33561200
[  255.451878] AAAAA-TCP_FORW: name:enp0s3: saddr:33561200: daddr:100932208
[  255.541902] AAAAA-TCP_FORW: name:enp0s8: saddr:100932208: daddr:16783984
[  255.543033] AAAAA-TCP_FORW: name:enp0s3: saddr:16783984: daddr:100932208
[  255.620034] AAAAA-TCP_FORW: name:enp0s8: saddr:100932208: daddr:16783984
[  255.621474] AAAAA-TCP_FORW: name:enp0s3: saddr:16783984: daddr:100932208
[  255.693937] AAAAA-TCP_FORW: name:enp0s8: saddr:100932208: daddr:16783984
[  255.695270] AAAAA-TCP_FORW: name:enp0s3: saddr:16783984: daddr:100932208
[  255.743700] AAAAA-TCP_FORW: name:enp0s8: saddr:100932208: daddr:16783984
[  255.744459] AAAAA-TCP_FORW: name:enp0s3: saddr:16783984: daddr:100932208
[  255.758723] AAAAA-TCP_FORW: name:enp0s8: saddr:100932208: daddr:16783984
[  255.759466] AAAAA-TCP_FORW: name:enp0s3: saddr:16783984: daddr:100932208
[  255.806803] AAAAA-TCP_FORW: name:enp0s8: saddr:100932208: daddr:16783984
[  255.807515] AAAAA-TCP_FORW: name:enp0s3: saddr:16783984: daddr:100932208
[  255.965804] AAAAA-TCP_FORW: name:enp0s8: saddr:100932208: daddr:16783984
[  255.966533] AAAAA-TCP_FORW: name:enp0s3: saddr:16783984: daddr:100932208
[  256.047018] AAAAA-TCP_FORW: name:enp0s8: saddr:100932208: daddr:16783984
[  256.047761] AAAAA-TCP_FORW: name:enp0s3: saddr:16783984: daddr:100932208
[  256.132574] AAAAA-TCP_FORW: name:enp0s8: saddr:100932208: daddr:16783984
[  256.133323] AAAAA-TCP_FORW: name:enp0s3: saddr:16783984: daddr:100932208
[  256.183497] AAAAA-TCP_FORW: name:enp0s8: saddr:100932208: daddr:16783984
[  256.184224] AAAAA-TCP_FORW: name:enp0s3: saddr:16783984: daddr:100932208
[  256.262786] AAAAA-TCP_FORW: name:enp0s8: saddr:100932208: daddr:16783984
[  256.263939] AAAAA-TCP_FORW: name:enp0s3: saddr:16783984: daddr:100932208
[  256.357441] AAAAA-TCP_FORW: name:enp0s8: saddr:100932208: daddr:16783984
[  256.358663] AAAAA-TCP_FORW: name:enp0s3: saddr:16783984: daddr:100932208
[  256.474437] AAAAA-TCP_FORW: name:enp0s8: saddr:100932208: daddr:16783984
[  256.475205] AAAAA-TCP_FORW: name:enp0s3: saddr:16783984: daddr:100932208
[  257.055222] AAAAA-TCP_FORW: name:enp0s8: saddr:100932208: daddr:33561200
[  257.055971] AAAAA-TCP_FORW: name:enp0s3: saddr:33561200: daddr:100932208
[  257.120481] AAAAA-TCP_FORW: name:enp0s8: saddr:100932208: daddr:33561200
[  257.121225] AAAAA-TCP_FORW: name:enp0s3: saddr:33561200: daddr:100932208
[  278.212002] AAAAA-TCP_FORW: name:enp0s8: saddr:100932208: daddr:33561200
[  278.213485] AAAAA-TCP_FORW: name:enp0s3: saddr:33561200: daddr:100932208
[  278.385841] AAAAA-TCP_FORW: name:enp0s8: saddr:100932208: daddr:16783984
[  278.386923] AAAAA-TCP_FORW: name:enp0s3: saddr:16783984: daddr:100932208
[  278.504010] AAAAA-TCP_FORW: name:enp0s8: saddr:100932208: daddr:16783984
[  278.505088] AAAAA-TCP_FORW: name:enp0s3: saddr:16783984: daddr:100932208
[  278.653047] AAAAA-TCP_FORW: name:enp0s8: saddr:100932208: daddr:33561200
[  278.654142] AAAAA-TCP_FORW: name:enp0s3: saddr:33561200: daddr:100932208
[  278.793862] AAAAA-TCP_FORW: name:enp0s8: saddr:100932208: daddr:16783984
[  278.795471] AAAAA-TCP_FORW: name:enp0s3: saddr:16783984: daddr:100932208
[  278.931342] AAAAA-TCP_FORW: name:enp0s8: saddr:100932208: daddr:33561200
[  278.932442] AAAAA-TCP_FORW: name:enp0s3: saddr:33561200: daddr:100932208
[  279.107826] AAAAA-TCP_FORW: name:enp0s8: saddr:100932208: daddr:16783984
[  279.109444] AAAAA-TCP_FORW: name:enp0s3: saddr:16783984: daddr:100932208
[  279.143606] AAAAA-TCP_FORW: name:enp0s8: saddr:100932208: daddr:33561200
[  279.144750] AAAAA-TCP_FORW: name:enp0s3: saddr:33561200: daddr:100932208
[  279.361463] AAAAA-TCP_FORW: name:enp0s8: saddr:100932208: daddr:16783984
[  279.363116] AAAAA-TCP_FORW: name:enp0s3: saddr:16783984: daddr:100932208
[  279.445509] AAAAA-TCP_FORW: name:enp0s8: saddr:100932208: daddr:33561200
[  279.446713] AAAAA-TCP_FORW: name:enp0s3: saddr:33561200: daddr:100932208
[  279.659207] AAAAA-TCP_FORW: name:enp0s8: saddr:100932208: daddr:16783984
[  279.660545] AAAAA-TCP_FORW: name:enp0s3: saddr:16783984: daddr:100932208
[  279.980750] AAAAA-TCP_FORW: name:enp0s8: saddr:100932208: daddr:33561200
[  279.982591] AAAAA-TCP_FORW: name:enp0s3: saddr:33561200: daddr:100932208
[  279.998112] AAAAA-TCP_FORW: name:enp0s8: saddr:100932208: daddr:16783984
[  279.999069] AAAAA-TCP_FORW: name:enp0s3: saddr:16783984: daddr:100932208
[  280.096109] AAAAA-TCP_FORW: name:enp0s8: saddr:100932208: daddr:16783984
[  280.097503] AAAAA-TCP_FORW: name:enp0s3: saddr:16783984: daddr:100932208
[  280.207006] AAAAA-TCP_FORW: name:enp0s8: saddr:100932208: daddr:33561200
[  280.208462] AAAAA-TCP_FORW: name:enp0s3: saddr:33561200: daddr:100932208
[  280.248227] AAAAA-TCP_FORW: name:enp0s8: saddr:100932208: daddr:16783984
[  280.249150] AAAAA-TCP_FORW: name:enp0s3: saddr:16783984: daddr:100932208
[  280.344014] AAAAA-TCP_FORW: name:enp0s8: saddr:100932208: daddr:16783984
[  280.344967] AAAAA-TCP_FORW: name:enp0s3: saddr:16783984: daddr:100932208
[  280.386151] AAAAA-TCP_FORW: name:enp0s8: saddr:100932208: daddr:16783984
[  280.387549] AAAAA-TCP_FORW: name:enp0s3: saddr:16783984: daddr:100932208
[  280.406591] AAAAA-TCP_FORW: name:enp0s8: saddr:100932208: daddr:33561200
[  280.407524] AAAAA-TCP_FORW: name:enp0s3: saddr:33561200: daddr:100932208
[  280.479333] AAAAA-TCP_FORW: name:enp0s8: saddr:100932208: daddr:33561200
[  280.480246] AAAAA-TCP_FORW: name:enp0s3: saddr:33561200: daddr:100932208
[  280.510010] AAAAA-TCP_FORW: name:enp0s8: saddr:100932208: daddr:33561200
[  280.511379] AAAAA-TCP_FORW: name:enp0s3: saddr:33561200: daddr:100932208
[  280.539130] AAAAA-TCP_FORW: name:enp0s8: saddr:100932208: daddr:16783984
[  280.540059] AAAAA-TCP_FORW: name:enp0s3: saddr:16783984: daddr:100932208
[  280.773140] AAAAA-TCP_FORW: name:enp0s8: saddr:100932208: daddr:16783984
[  280.774103] AAAAA-TCP_FORW: name:enp0s3: saddr:16783984: daddr:100932208
[  280.807073] AAAAA-TCP_FORW: name:enp0s8: saddr:100932208: daddr:16783984
[  280.808202] AAAAA-TCP_FORW: name:enp0s3: saddr:16783984: daddr:100932208
[  280.831411] AAAAA-TCP_FORW: name:enp0s8: saddr:100932208: daddr:33561200
[  280.832172] AAAAA-TCP_FORW: name:enp0s3: saddr:33561200: daddr:100932208
[  280.961282] AAAAA-TCP_FORW: name:enp0s8: saddr:100932208: daddr:33561200
[  280.962361] AAAAA-TCP_FORW: name:enp0s3: saddr:33561200: daddr:100932208
[  281.059784] AAAAA-TCP_FORW: name:enp0s8: saddr:100932208: daddr:16783984
[  281.060769] AAAAA-TCP_FORW: name:enp0s3: saddr:16783984: daddr:100932208
[  281.116982] AAAAA-TCP_FORW: name:enp0s8: saddr:100932208: daddr:33561200
[  281.118024] AAAAA-TCP_FORW: name:enp0s3: saddr:33561200: daddr:100932208
[  281.169124] AAAAA-TCP_FORW: name:enp0s8: saddr:100932208: daddr:16783984
[  281.169860] AAAAA-TCP_FORW: name:enp0s3: saddr:16783984: daddr:100932208
[  281.239601] AAAAA-TCP_FORW: name:enp0s8: saddr:100932208: daddr:16783984
[  281.240689] AAAAA-TCP_FORW: name:enp0s3: saddr:16783984: daddr:100932208
[  281.463145] AAAAA-TCP_FORW: name:enp0s8: saddr:100932208: daddr:33561200
[  281.464077] AAAAA-TCP_FORW: name:enp0s3: saddr:33561200: daddr:100932208
[  281.572405] AAAAA-TCP_FORW: name:enp0s8: saddr:100932208: daddr:33561200
[  281.573564] AAAAA-TCP_FORW: name:enp0s3: saddr:33561200: daddr:100932208
[  281.598005] AAAAA-TCP_FORW: name:enp0s8: saddr:100932208: daddr:16783984
[  281.598766] AAAAA-TCP_FORW: name:enp0s3: saddr:16783984: daddr:100932208
[  281.712164] AAAAA-TCP_FORW: name:enp0s8: saddr:100932208: daddr:33561200
[  281.713570] AAAAA-TCP_FORW: name:enp0s3: saddr:33561200: daddr:100932208
[  281.804136] AAAAA-TCP_FORW: name:enp0s8: saddr:100932208: daddr:16783984
[  281.805273] AAAAA-TCP_FORW: name:enp0s3: saddr:16783984: daddr:100932208
[  281.873810] AAAAA-TCP_FORW: name:enp0s8: saddr:100932208: daddr:33561200
[  281.874881] AAAAA-TCP_FORW: name:enp0s3: saddr:33561200: daddr:100932208
[  281.964474] AAAAA-TCP_FORW: name:enp0s3: saddr:16783984: daddr:100932208
[  282.071866] AAAAA-TCP_FORW: name:enp0s8: saddr:100932208: daddr:16783984
[  282.072952] AAAAA-TCP_FORW: name:enp0s3: saddr:16783984: daddr:100932208
[  282.175268] AAAAA-TCP_FORW: name:enp0s3: saddr:33561200: daddr:100932208
[  282.336962] AAAAA-TCP_FORW: name:enp0s3: saddr:16783984: daddr:100932208
[  282.355266] AAAAA-TCP_FORW: name:enp0s8: saddr:100932208: daddr:33561200
[  282.356327] AAAAA-TCP_FORW: name:enp0s3: saddr:33561200: daddr:100932208
[  282.458512] AAAAA-TCP_FORW: name:enp0s3: saddr:16783984: daddr:100932208
[  282.512830] AAAAA-TCP_FORW: name:enp0s8: saddr:100932208: daddr:16783984
[  282.513898] AAAAA-TCP_FORW: name:enp0s3: saddr:16783984: daddr:100932208
[  282.613642] AAAAA-TCP_FORW: name:enp0s3: saddr:16783984: daddr:100932208
[  282.639019] AAAAA-TCP_FORW: name:enp0s8: saddr:100932208: daddr:33561200
[  282.640048] AAAAA-TCP_FORW: name:enp0s3: saddr:33561200: daddr:100932208
[  282.693662] AAAAA-TCP_FORW: name:enp0s3: saddr:33561200: daddr:100932208
[  282.741213] AAAAA-TCP_FORW: name:enp0s8: saddr:100932208: daddr:16783984
[  282.742368] AAAAA-TCP_FORW: name:enp0s3: saddr:16783984: daddr:100932208
[  282.784602] AAAAA-TCP_FORW: name:enp0s3: saddr:16783984: daddr:100932208
[  282.796693] AAAAA-TCP_FORW: name:enp0s8: saddr:100932208: daddr:33561200
[  282.797793] AAAAA-TCP_FORW: name:enp0s3: saddr:33561200: daddr:100932208
[  282.826846] AAAAA-TCP_FORW: name:enp0s3: saddr:16783984: daddr:100932208
[  282.966445] AAAAA-TCP_FORW: name:enp0s8: saddr:100932208: daddr:16783984
[  282.967512] AAAAA-TCP_FORW: name:enp0s3: saddr:16783984: daddr:100932208
[  282.986278] AAAAA-TCP_FORW: name:enp0s3: saddr:16783984: daddr:100932208
[  283.058706] AAAAA-TCP_FORW: name:enp0s3: saddr:33561200: daddr:100932208
[  283.140561] AAAAA-TCP_FORW: name:enp0s3: saddr:33561200: daddr:100932208
[  283.196433] AAAAA-TCP_FORW: name:enp0s3: saddr:33561200: daddr:100932208
[  283.286315] AAAAA-TCP_FORW: name:enp0s3: saddr:16783984: daddr:100932208
[  283.350554] AAAAA-TCP_FORW: name:enp0s3: saddr:16783984: daddr:100932208
[  283.408584] AAAAA-TCP_FORW: name:enp0s8: saddr:100932208: daddr:16783984
[  283.409932] AAAAA-TCP_FORW: name:enp0s3: saddr:16783984: daddr:100932208
[  283.449119] AAAAA-TCP_FORW: name:enp0s3: saddr:16783984: daddr:100932208
[  283.562165] AAAAA-TCP_FORW: name:enp0s8: saddr:100932208: daddr:33561200
[  283.563311] AAAAA-TCP_FORW: name:enp0s3: saddr:33561200: daddr:100932208
[  283.604920] AAAAA-TCP_FORW: name:enp0s8: saddr:100932208: daddr:33561200
[  283.605684] AAAAA-TCP_FORW: name:enp0s3: saddr:33561200: daddr:100932208
[  283.648264] AAAAA-TCP_FORW: name:enp0s3: saddr:33561200: daddr:100932208
[  283.682795] AAAAA-TCP_FORW: name:enp0s8: saddr:100932208: daddr:33561200
[  283.683565] AAAAA-TCP_FORW: name:enp0s3: saddr:33561200: daddr:100932208
[  283.737710] AAAAA-TCP_FORW: name:enp0s3: saddr:33561200: daddr:100932208
[  283.776988] AAAAA-TCP_FORW: name:enp0s8: saddr:100932208: daddr:33561200
[  283.777745] AAAAA-TCP_FORW: name:enp0s3: saddr:33561200: daddr:100932208
[  283.825293] AAAAA-TCP_FORW: name:enp0s3: saddr:33561200: daddr:100932208
[  283.927805] AAAAA-TCP_FORW: name:enp0s3: saddr:33561200: daddr:100932208
[  284.027144] AAAAA-TCP_FORW: name:enp0s3: saddr:16783984: daddr:100932208
[  284.229487] AAAAA-TCP_FORW: name:enp0s8: saddr:100932208: daddr:16783984
[  284.230266] AAAAA-TCP_FORW: name:enp0s3: saddr:16783984: daddr:100932208
[  284.301570] AAAAA-TCP_FORW: name:enp0s8: saddr:100932208: daddr:16783984
[  284.302731] AAAAA-TCP_FORW: name:enp0s3: saddr:16783984: daddr:100932208
[  284.357598] AAAAA-TCP_FORW: name:enp0s3: saddr:33561200: daddr:100932208
[  284.433839] AAAAA-TCP_FORW: name:enp0s8: saddr:100932208: daddr:33561200
[  284.434888] AAAAA-TCP_FORW: name:enp0s3: saddr:33561200: daddr:100932208
[  284.674096] AAAAA-TCP_FORW: name:enp0s8: saddr:100932208: daddr:16783984
[  284.675213] AAAAA-TCP_FORW: name:enp0s3: saddr:16783984: daddr:100932208
[  284.793413] AAAAA-TCP_FORW: name:enp0s8: saddr:100932208: daddr:16783984
[  284.794693] AAAAA-TCP_FORW: name:enp0s3: saddr:16783984: daddr:100932208
[  284.912922] AAAAA-TCP_FORW: name:enp0s8: saddr:100932208: daddr:16783984
[  284.913728] AAAAA-TCP_FORW: name:enp0s3: saddr:16783984: daddr:100932208
[  285.044912] AAAAA-TCP_FORW: name:enp0s8: saddr:100932208: daddr:16783984
[  285.045656] AAAAA-TCP_FORW: name:enp0s3: saddr:16783984: daddr:100932208
[  285.176387] AAAAA-TCP_FORW: name:enp0s8: saddr:100932208: daddr:33561200
[  285.177140] AAAAA-TCP_FORW: name:enp0s3: saddr:33561200: daddr:100932208
[  285.495468] AAAAA-TCP_FORW: name:enp0s8: saddr:100932208: daddr:33561200
[  285.496742] AAAAA-TCP_FORW: name:enp0s3: saddr:33561200: daddr:100932208
[  285.683956] AAAAA-TCP_FORW: name:enp0s8: saddr:100932208: daddr:16783984
[  285.685063] AAAAA-TCP_FORW: name:enp0s3: saddr:16783984: daddr:100932208
[  285.876705] AAAAA-TCP_FORW: name:enp0s8: saddr:100932208: daddr:16783984
[  285.877826] AAAAA-TCP_FORW: name:enp0s3: saddr:16783984: daddr:100932208
[  285.986691] AAAAA-TCP_FORW: name:enp0s8: saddr:100932208: daddr:33561200
[  285.987419] AAAAA-TCP_FORW: name:enp0s3: saddr:33561200: daddr:100932208
[  286.056227] AAAAA-TCP_FORW: name:enp0s8: saddr:100932208: daddr:33561200
[  286.056898] AAAAA-TCP_FORW: name:enp0s3: saddr:33561200: daddr:100932208
[  286.139257] AAAAA-TCP_FORW: name:enp0s8: saddr:100932208: daddr:16783984
[  286.140009] AAAAA-TCP_FORW: name:enp0s3: saddr:16783984: daddr:100932208
[  286.260930] AAAAA-TCP_FORW: name:enp0s8: saddr:100932208: daddr:16783984
[  286.261731] AAAAA-TCP_FORW: name:enp0s3: saddr:16783984: daddr:100932208
[  286.368385] AAAAA-TCP_FORW: name:enp0s8: saddr:100932208: daddr:33561200
[  286.369813] AAAAA-TCP_FORW: name:enp0s3: saddr:33561200: daddr:100932208
[  286.468305] AAAAA-TCP_FORW: name:enp0s8: saddr:100932208: daddr:16783984
[  286.469494] AAAAA-TCP_FORW: name:enp0s3: saddr:16783984: daddr:100932208
[  286.531151] AAAAA-TCP_FORW: name:enp0s8: saddr:100932208: daddr:33561200
[  286.532370] AAAAA-TCP_FORW: name:enp0s3: saddr:33561200: daddr:100932208
[  286.670095] AAAAA-TCP_FORW: name:enp0s8: saddr:100932208: daddr:33561200
[  286.670848] AAAAA-TCP_FORW: name:enp0s3: saddr:33561200: daddr:100932208
[  286.793066] AAAAA-TCP_FORW: name:enp0s8: saddr:100932208: daddr:16783984
[  286.793826] AAAAA-TCP_FORW: name:enp0s3: saddr:16783984: daddr:100932208
[  286.931790] AAAAA-TCP_FORW: name:enp0s8: saddr:100932208: daddr:16783984
[  286.932958] AAAAA-TCP_FORW: name:enp0s3: saddr:16783984: daddr:100932208
[  287.052995] AAAAA-TCP_FORW: name:enp0s8: saddr:100932208: daddr:33561200
[  287.053782] AAAAA-TCP_FORW: name:enp0s3: saddr:33561200: daddr:100932208
[  287.149317] AAAAA-TCP_FORW: name:enp0s8: saddr:100932208: daddr:16783984
[  287.150050] AAAAA-TCP_FORW: name:enp0s3: saddr:16783984: daddr:100932208
[  287.211577] AAAAA-TCP_FORW: name:enp0s8: saddr:100932208: daddr:33561200
[  287.212345] AAAAA-TCP_FORW: name:enp0s3: saddr:33561200: daddr:100932208
[  287.299907] AAAAA-TCP_FORW: name:enp0s8: saddr:100932208: daddr:16783984
[  287.301114] AAAAA-TCP_FORW: name:enp0s3: saddr:16783984: daddr:100932208
[  287.402379] AAAAA-TCP_FORW: name:enp0s8: saddr:100932208: daddr:16783984
[  287.403634] AAAAA-TCP_FORW: name:enp0s3: saddr:16783984: daddr:100932208
[  287.609768] AAAAA-TCP_FORW: name:enp0s8: saddr:100932208: daddr:16783984
[  287.611101] AAAAA-TCP_FORW: name:enp0s3: saddr:16783984: daddr:100932208
[  287.694774] AAAAA-TCP_FORW: name:enp0s8: saddr:100932208: daddr:16783984
[  287.695581] AAAAA-TCP_FORW: name:enp0s3: saddr:16783984: daddr:100932208
[  287.751846] AAAAA-TCP_FORW: name:enp0s8: saddr:100932208: daddr:33561200
[  287.752600] AAAAA-TCP_FORW: name:enp0s3: saddr:33561200: daddr:100932208
[  287.834493] AAAAA-TCP_FORW: name:enp0s8: saddr:100932208: daddr:33561200
[  287.835255] AAAAA-TCP_FORW: name:enp0s3: saddr:33561200: daddr:100932208
[  287.900817] AAAAA-TCP_FORW: name:enp0s8: saddr:100932208: daddr:33561200
[  287.902113] AAAAA-TCP_FORW: name:enp0s3: saddr:33561200: daddr:100932208
[  288.014150] AAAAA-TCP_FORW: name:enp0s8: saddr:100932208: daddr:33561200
[  288.014952] AAAAA-TCP_FORW: name:enp0s3: saddr:33561200: daddr:100932208
[  288.163977] AAAAA-TCP_FORW: name:enp0s8: saddr:100932208: daddr:33561200
[  288.165302] AAAAA-TCP_FORW: name:enp0s3: saddr:33561200: daddr:100932208
[  288.281148] AAAAA-TCP_FORW: name:enp0s8: saddr:100932208: daddr:16783984
[  288.281947] AAAAA-TCP_FORW: name:enp0s3: saddr:16783984: daddr:100932208
[  288.419885] AAAAA-TCP_FORW: name:enp0s8: saddr:100932208: daddr:16783984
[  288.421149] AAAAA-TCP_FORW: name:enp0s3: saddr:16783984: daddr:100932208
[  288.504886] AAAAA-TCP_FORW: name:enp0s8: saddr:100932208: daddr:16783984
[  288.506318] AAAAA-TCP_FORW: name:enp0s3: saddr:16783984: daddr:100932208
[  288.761187] AAAAA-TCP_FORW: name:enp0s8: saddr:100932208: daddr:33561200
[  288.762568] AAAAA-TCP_FORW: name:enp0s3: saddr:33561200: daddr:100932208
[  288.899960] AAAAA-TCP_FORW: name:enp0s8: saddr:100932208: daddr:16783984
[  288.901201] AAAAA-TCP_FORW: name:enp0s3: saddr:16783984: daddr:100932208
[  289.062721] AAAAA-TCP_FORW: name:enp0s8: saddr:100932208: daddr:16783984
[  289.063521] AAAAA-TCP_FORW: name:enp0s3: saddr:16783984: daddr:100932208
[  289.166405] AAAAA-TCP_FORW: name:enp0s8: saddr:100932208: daddr:16783984
[  289.167670] AAAAA-TCP_FORW: name:enp0s3: saddr:16783984: daddr:100932208
[  289.464267] AAAAA-TCP_FORW: name:enp0s8: saddr:100932208: daddr:16783984
[  289.465762] AAAAA-TCP_FORW: name:enp0s3: saddr:16783984: daddr:100932208
[  289.530780] AAAAA-TCP_FORW: name:enp0s8: saddr:100932208: daddr:16783984
[  289.531559] AAAAA-TCP_FORW: name:enp0s3: saddr:16783984: daddr:100932208
[  289.570964] AAAAA-TCP_FORW: name:enp0s8: saddr:100932208: daddr:16783984
[  289.572425] AAAAA-TCP_FORW: name:enp0s3: saddr:16783984: daddr:100932208
[  311.008078] AAAAA-TCP_FORW: name:enp0s8: saddr:100932208: daddr:16783984
[  311.009050] AAAAA-TCP_FORW: name:enp0s3: saddr:16783984: daddr:100932208
[  311.345214] AAAAA-TCP_FORW: name:enp0s8: saddr:100932208: daddr:16783984
[  311.346265] AAAAA-TCP_FORW: name:enp0s3: saddr:16783984: daddr:100932208
[  311.686317] AAAAA-TCP_FORW: name:enp0s8: saddr:100932208: daddr:16783984
[  311.687754] AAAAA-TCP_FORW: name:enp0s3: saddr:16783984: daddr:100932208
[  312.114891] AAAAA-TCP_FORW: name:enp0s8: saddr:100932208: daddr:33561200
[  312.116106] AAAAA-TCP_FORW: name:enp0s3: saddr:33561200: daddr:100932208
[  312.441587] AAAAA-TCP_FORW: name:enp0s8: saddr:100932208: daddr:16783984
[  312.442633] AAAAA-TCP_FORW: name:enp0s3: saddr:16783984: daddr:100932208
[  312.615223] AAAAA-TCP_FORW: name:enp0s8: saddr:100932208: daddr:16783984
[  312.616384] AAAAA-TCP_FORW: name:enp0s3: saddr:16783984: daddr:100932208
[  312.713480] AAAAA-TCP_FORW: name:enp0s8: saddr:100932208: daddr:16783984
[  312.714571] AAAAA-TCP_FORW: name:enp0s3: saddr:16783984: daddr:100932208
[  312.786423] AAAAA-TCP_FORW: name:enp0s8: saddr:100932208: daddr:16783984
[  312.787847] AAAAA-TCP_FORW: name:enp0s3: saddr:16783984: daddr:100932208
[  313.001679] AAAAA-TCP_FORW: name:enp0s8: saddr:100932208: daddr:33561200
[  313.002725] AAAAA-TCP_FORW: name:enp0s3: saddr:33561200: daddr:100932208
[  313.318395] AAAAA-TCP_FORW: name:enp0s8: saddr:100932208: daddr:16783984
[  313.319623] AAAAA-TCP_FORW: name:enp0s3: saddr:16783984: daddr:100932208
[  313.411153] AAAAA-TCP_FORW: name:enp0s8: saddr:100932208: daddr:16783984
[  313.412393] AAAAA-TCP_FORW: name:enp0s3: saddr:16783984: daddr:100932208
[  313.743249] AAAAA-TCP_FORW: name:enp0s8: saddr:100932208: daddr:16783984
[  313.744380] AAAAA-TCP_FORW: name:enp0s3: saddr:16783984: daddr:100932208
[  313.867554] AAAAA-TCP_FORW: name:enp0s8: saddr:100932208: daddr:16783984
[  313.868647] AAAAA-TCP_FORW: name:enp0s3: saddr:16783984: daddr:100932208
[  313.933148] AAAAA-TCP_FORW: name:enp0s8: saddr:100932208: daddr:16783984
[  313.934171] AAAAA-TCP_FORW: name:enp0s3: saddr:16783984: daddr:100932208
[  314.012024] AAAAA-TCP_FORW: name:enp0s8: saddr:100932208: daddr:33561200
[  314.013093] AAAAA-TCP_FORW: name:enp0s3: saddr:33561200: daddr:100932208
[  314.109403] AAAAA-TCP_FORW: name:enp0s8: saddr:100932208: daddr:16783984
[  314.110484] AAAAA-TCP_FORW: name:enp0s3: saddr:16783984: daddr:100932208
[  314.207745] AAAAA-TCP_FORW: name:enp0s8: saddr:100932208: daddr:16783984
[  314.208745] AAAAA-TCP_FORW: name:enp0s3: saddr:16783984: daddr:100932208
[  314.375633] AAAAA-TCP_FORW: name:enp0s8: saddr:100932208: daddr:16783984
[  314.376678] AAAAA-TCP_FORW: name:enp0s3: saddr:16783984: daddr:100932208
[  314.401349] AAAAA-TCP_FORW: name:enp0s8: saddr:100932208: daddr:16783984
[  314.402270] AAAAA-TCP_FORW: name:enp0s3: saddr:16783984: daddr:100932208
[  314.460713] AAAAA-TCP_FORW: name:enp0s8: saddr:100932208: daddr:16783984
[  314.502385] AAAAA-TCP_FORW: name:enp0s3: saddr:16783984: daddr:100932208
[  314.523795] AAAAA-TCP_FORW: name:enp0s8: saddr:100932208: daddr:16783984
[  314.573072] AAAAA-TCP_FORW: name:enp0s8: saddr:100932208: daddr:16783984
[  314.574069] AAAAA-TCP_FORW: name:enp0s3: saddr:16783984: daddr:100932208
[  314.624317] AAAAA-TCP_FORW: name:enp0s8: saddr:100932208: daddr:33561200
[  314.625351] AAAAA-TCP_FORW: name:enp0s3: saddr:33561200: daddr:100932208
[  314.852055] AAAAA-TCP_FORW: name:enp0s8: saddr:100932208: daddr:33561200
[  314.853096] AAAAA-TCP_FORW: name:enp0s3: saddr:33561200: daddr:100932208
[  315.010165] AAAAA-TCP_FORW: name:enp0s3: saddr:16783984: daddr:100932208
[  315.049526] AAAAA-TCP_FORW: name:enp0s8: saddr:100932208: daddr:33561200
[  315.050777] AAAAA-TCP_FORW: name:enp0s3: saddr:33561200: daddr:100932208
[  315.116781] AAAAA-TCP_FORW: name:enp0s8: saddr:100932208: daddr:33561200
[  315.117664] AAAAA-TCP_FORW: name:enp0s3: saddr:33561200: daddr:100932208
[  315.298214] AAAAA-TCP_FORW: name:enp0s3: saddr:16783984: daddr:100932208
[  315.352363] AAAAA-TCP_FORW: name:enp0s8: saddr:100932208: daddr:33561200
[  315.353301] AAAAA-TCP_FORW: name:enp0s3: saddr:33561200: daddr:100932208
[  315.514432] AAAAA-TCP_FORW: name:enp0s3: saddr:16783984: daddr:100932208
[  315.596101] AAAAA-TCP_FORW: name:enp0s8: saddr:100932208: daddr:33561200
[  315.596978] AAAAA-TCP_FORW: name:enp0s3: saddr:33561200: daddr:100932208
[  315.723360] AAAAA-TCP_FORW: name:enp0s8: saddr:100932208: daddr:33561200
[  315.724281] AAAAA-TCP_FORW: name:enp0s3: saddr:33561200: daddr:100932208
[  315.766405] AAAAA-TCP_FORW: name:enp0s3: saddr:16783984: daddr:100932208
[  315.821826] AAAAA-TCP_FORW: name:enp0s8: saddr:100932208: daddr:33561200
[  315.822806] AAAAA-TCP_FORW: name:enp0s3: saddr:33561200: daddr:100932208
[  315.849424] AAAAA-TCP_FORW: name:enp0s8: saddr:100932208: daddr:33561200
[  315.850329] AAAAA-TCP_FORW: name:enp0s3: saddr:33561200: daddr:100932208
[  315.943409] AAAAA-TCP_FORW: name:enp0s8: saddr:100932208: daddr:33561200
[  315.944309] AAAAA-TCP_FORW: name:enp0s3: saddr:33561200: daddr:100932208
[  315.970480] AAAAA-TCP_FORW: name:enp0s3: saddr:16783984: daddr:100932208
[  315.971889] AAAAA-TCP_FORW: name:enp0s8: saddr:100932208: daddr:33561200
[  315.972780] AAAAA-TCP_FORW: name:enp0s3: saddr:33561200: daddr:100932208
[  315.990874] AAAAA-TCP_FORW: name:enp0s8: saddr:100932208: daddr:33561200
[  315.991813] AAAAA-TCP_FORW: name:enp0s3: saddr:33561200: daddr:100932208
[  316.167388] AAAAA-TCP_FORW: name:enp0s8: saddr:100932208: daddr:33561200
[  316.168411] AAAAA-TCP_FORW: name:enp0s3: saddr:33561200: daddr:100932208
[  316.170745] AAAAA-TCP_FORW: name:enp0s8: saddr:100932208: daddr:33561200
[  316.171579] AAAAA-TCP_FORW: name:enp0s3: saddr:33561200: daddr:100932208
[  316.208804] AAAAA-TCP_FORW: name:enp0s3: saddr:16783984: daddr:100932208
[  316.378381] AAAAA-TCP_FORW: name:enp0s3: saddr:16783984: daddr:100932208
[  316.580601] AAAAA-TCP_FORW: name:enp0s3: saddr:16783984: daddr:100932208
[  316.797735] AAAAA-TCP_FORW: name:enp0s3: saddr:16783984: daddr:100932208
[  316.998350] AAAAA-TCP_FORW: name:enp0s3: saddr:16783984: daddr:100932208
[  317.268939] AAAAA-TCP_FORW: name:enp0s3: saddr:16783984: daddr:100932208
[  317.433184] AAAAA-TCP_FORW: name:enp0s3: saddr:16783984: daddr:100932208
[  317.641963] AAAAA-TCP_FORW: name:enp0s3: saddr:16783984: daddr:100932208
[  317.840933] AAAAA-TCP_FORW: name:enp0s3: saddr:16783984: daddr:100932208
[  318.026406] AAAAA-TCP_FORW: name:enp0s3: saddr:16783984: daddr:100932208
[  318.074719] AAAAA-TCP_FORW: name:enp0s3: saddr:33561200: daddr:100932208
[  318.350784] AAAAA-TCP_FORW: name:enp0s3: saddr:33561200: daddr:100932208
[  318.430562] AAAAA-TCP_FORW: name:enp0s3: saddr:33561200: daddr:100932208
[  318.490095] AAAAA-TCP_FORW: name:enp0s3: saddr:33561200: daddr:100932208
[  318.527592] AAAAA-TCP_FORW: name:enp0s3: saddr:33561200: daddr:100932208
[  318.617366] AAAAA-TCP_FORW: name:enp0s3: saddr:33561200: daddr:100932208
[  318.662254] AAAAA-TCP_FORW: name:enp0s3: saddr:33561200: daddr:100932208
[  318.770412] AAAAA-TCP_FORW: name:enp0s3: saddr:33561200: daddr:100932208
[  318.862804] AAAAA-TCP_FORW: name:enp0s3: saddr:33561200: daddr:100932208
[  318.985078] AAAAA-TCP_FORW: name:enp0s3: saddr:33561200: daddr:100932208
[  319.052518] AAAAA-TCP_FORW: name:enp0s3: saddr:16783984: daddr:100932208
[  319.142376] AAAAA-TCP_FORW: name:enp0s3: saddr:16783984: daddr:100932208
[  319.247791] AAAAA-TCP_FORW: name:enp0s3: saddr:16783984: daddr:100932208
[  319.312649] AAAAA-TCP_FORW: name:enp0s3: saddr:16783984: daddr:100932208
[  319.374718] AAAAA-TCP_FORW: name:enp0s3: saddr:33561200: daddr:100932208
[  319.450519] AAAAA-TCP_FORW: name:enp0s3: saddr:33561200: daddr:100932208
[  319.518429] AAAAA-TCP_FORW: name:enp0s3: saddr:33561200: daddr:100932208
[  319.598810] AAAAA-TCP_FORW: name:enp0s3: saddr:33561200: daddr:100932208
[  319.737327] AAAAA-TCP_FORW: name:enp0s3: saddr:16783984: daddr:100932208
[  319.833404] AAAAA-TCP_FORW: name:enp0s3: saddr:16783984: daddr:100932208
[  319.874462] AAAAA-TCP_FORW: name:enp0s3: saddr:16783984: daddr:100932208
[  319.988435] AAAAA-TCP_FORW: name:enp0s3: saddr:16783984: daddr:100932208
[  320.064460] AAAAA-TCP_FORW: name:enp0s3: saddr:33561200: daddr:100932208
[  320.111623] AAAAA-TCP_FORW: name:enp0s3: saddr:33561200: daddr:100932208
[  320.256505] AAAAA-TCP_FORW: name:enp0s3: saddr:16783984: daddr:100932208
[  330.916551] AAAAA-TCP_FORW: name:enp0s8: saddr:100932208: daddr:16783984
[  330.917453] AAAAA-TCP_FORW: name:enp0s3: saddr:16783984: daddr:100932208
[  331.983220] AAAAA-TCP_FORW: name:enp0s8: saddr:100932208: daddr:16783984
[  331.984284] AAAAA-TCP_FORW: name:enp0s3: saddr:16783984: daddr:100932208
[  332.836943] AAAAA-TCP_FORW: name:enp0s8: saddr:100932208: daddr:16783984
[  332.837808] AAAAA-TCP_FORW: name:enp0s3: saddr:16783984: daddr:100932208
[  333.087057] AAAAA-TCP_FORW: name:enp0s8: saddr:100932208: daddr:16783984
[  333.087912] AAAAA-TCP_FORW: name:enp0s3: saddr:16783984: daddr:100932208
[  333.184664] AAAAA-TCP_FORW: name:enp0s8: saddr:100932208: daddr:16783984
[  333.185564] AAAAA-TCP_FORW: name:enp0s3: saddr:16783984: daddr:100932208
[  333.231616] AAAAA-TCP_FORW: name:enp0s8: saddr:100932208: daddr:16783984
[  333.232495] AAAAA-TCP_FORW: name:enp0s3: saddr:16783984: daddr:100932208
[  333.332261] AAAAA-TCP_FORW: name:enp0s8: saddr:100932208: daddr:16783984
[  333.333152] AAAAA-TCP_FORW: name:enp0s3: saddr:16783984: daddr:100932208
[  333.403304] AAAAA-TCP_FORW: name:enp0s8: saddr:100932208: daddr:16783984
[  333.404223] AAAAA-TCP_FORW: name:enp0s3: saddr:16783984: daddr:100932208
[  333.478007] AAAAA-TCP_FORW: name:enp0s8: saddr:100932208: daddr:16783984
[  333.478840] AAAAA-TCP_FORW: name:enp0s3: saddr:16783984: daddr:100932208
[  333.689799] AAAAA-TCP_FORW: name:enp0s8: saddr:100932208: daddr:16783984
[  333.691113] AAAAA-TCP_FORW: name:enp0s3: saddr:16783984: daddr:100932208
[  333.939271] AAAAA-TCP_FORW: name:enp0s8: saddr:100932208: daddr:16783984
[  333.940201] AAAAA-TCP_FORW: name:enp0s3: saddr:16783984: daddr:100932208
[  333.968223] AAAAA-TCP_FORW: name:enp0s8: saddr:100932208: daddr:16783984
[  333.969001] AAAAA-TCP_FORW: name:enp0s3: saddr:16783984: daddr:100932208
[  334.178113] AAAAA-TCP_FORW: name:enp0s8: saddr:100932208: daddr:16783984
[  334.178971] AAAAA-TCP_FORW: name:enp0s3: saddr:16783984: daddr:100932208
[  334.314562] AAAAA-TCP_FORW: name:enp0s8: saddr:100932208: daddr:16783984
[  334.315477] AAAAA-TCP_FORW: name:enp0s3: saddr:16783984: daddr:100932208
[  334.437150] AAAAA-TCP_FORW: name:enp0s8: saddr:100932208: daddr:16783984
[  334.438111] AAAAA-TCP_FORW: name:enp0s3: saddr:16783984: daddr:100932208
[  334.629795] AAAAA-TCP_FORW: name:enp0s8: saddr:100932208: daddr:16783984
[  334.630713] AAAAA-TCP_FORW: name:enp0s3: saddr:16783984: daddr:100932208
[  334.873563] AAAAA-TCP_FORW: name:enp0s8: saddr:100932208: daddr:16783984
[  334.874471] AAAAA-TCP_FORW: name:enp0s3: saddr:16783984: daddr:100932208
[  335.001431] AAAAA-TCP_FORW: name:enp0s8: saddr:100932208: daddr:16783984
[  335.002305] AAAAA-TCP_FORW: name:enp0s3: saddr:16783984: daddr:100932208
[  335.190437] AAAAA-TCP_FORW: name:enp0s8: saddr:100932208: daddr:16783984
[  335.191379] AAAAA-TCP_FORW: name:enp0s3: saddr:16783984: daddr:100932208
[  335.264584] AAAAA-TCP_FORW: name:enp0s8: saddr:100932208: daddr:16783984
[  335.265598] AAAAA-TCP_FORW: name:enp0s3: saddr:16783984: daddr:100932208
[  335.617534] AAAAA-TCP_FORW: name:enp0s8: saddr:100932208: daddr:16783984
[  335.618904] AAAAA-TCP_FORW: name:enp0s3: saddr:16783984: daddr:100932208
[  335.820245] AAAAA-TCP_FORW: name:enp0s8: saddr:100932208: daddr:16783984
[  335.821264] AAAAA-TCP_FORW: name:enp0s3: saddr:16783984: daddr:100932208
[  336.052824] AAAAA-TCP_FORW: name:enp0s8: saddr:100932208: daddr:16783984
[  336.053680] AAAAA-TCP_FORW: name:enp0s3: saddr:16783984: daddr:100932208
[  336.191697] AAAAA-TCP_FORW: name:enp0s8: saddr:100932208: daddr:16783984
[  336.192797] AAAAA-TCP_FORW: name:enp0s3: saddr:16783984: daddr:100932208
[  336.363304] AAAAA-TCP_FORW: name:enp0s8: saddr:100932208: daddr:16783984
[  336.364230] AAAAA-TCP_FORW: name:enp0s3: saddr:16783984: daddr:100932208
[  336.396929] AAAAA-TCP_FORW: name:enp0s8: saddr:100932208: daddr:16783984
[  336.397813] AAAAA-TCP_FORW: name:enp0s3: saddr:16783984: daddr:100932208
[  336.618247] AAAAA-TCP_FORW: name:enp0s8: saddr:100932208: daddr:16783984
[  336.619078] AAAAA-TCP_FORW: name:enp0s3: saddr:16783984: daddr:100932208
[  337.011041] AAAAA-TCP_FORW: name:enp0s8: saddr:100932208: daddr:16783984
[  337.011971] AAAAA-TCP_FORW: name:enp0s3: saddr:16783984: daddr:100932208
[  337.243485] AAAAA-TCP_FORW: name:enp0s8: saddr:100932208: daddr:16783984
[  337.244623] AAAAA-TCP_FORW: name:enp0s3: saddr:16783984: daddr:100932208
[  337.273401] AAAAA-TCP_FORW: name:enp0s8: saddr:100932208: daddr:16783984
[  337.274217] AAAAA-TCP_FORW: name:enp0s3: saddr:16783984: daddr:100932208
[  337.875988] AAAAA-TCP_FORW: name:enp0s8: saddr:100932208: daddr:16783984
[  337.876913] AAAAA-TCP_FORW: name:enp0s3: saddr:16783984: daddr:100932208
[  338.347694] AAAAA-TCP_FORW: name:enp0s8: saddr:100932208: daddr:16783984
[  338.348870] AAAAA-TCP_FORW: name:enp0s3: saddr:16783984: daddr:100932208
[  338.448273] AAAAA-TCP_FORW: name:enp0s8: saddr:100932208: daddr:16783984
[  338.449465] AAAAA-TCP_FORW: name:enp0s3: saddr:16783984: daddr:100932208
[  338.994321] AAAAA-TCP_FORW: name:enp0s8: saddr:100932208: daddr:16783984
[  338.995299] AAAAA-TCP_FORW: name:enp0s3: saddr:16783984: daddr:100932208
[  339.179646] AAAAA-TCP_FORW: name:enp0s8: saddr:100932208: daddr:16783984
[  339.180685] AAAAA-TCP_FORW: name:enp0s3: saddr:16783984: daddr:100932208
[  339.233388] AAAAA-TCP_FORW: name:enp0s8: saddr:100932208: daddr:16783984
[  339.235316] AAAAA-TCP_FORW: name:enp0s3: saddr:16783984: daddr:100932208
[  339.358097] AAAAA-TCP_FORW: name:enp0s8: saddr:100932208: daddr:16783984
[  339.360276] AAAAA-TCP_FORW: name:enp0s3: saddr:16783984: daddr:100932208
[  339.509667] AAAAA-TCP_FORW: name:enp0s8: saddr:100932208: daddr:16783984
[  339.511865] AAAAA-TCP_FORW: name:enp0s3: saddr:16783984: daddr:100932208
[  339.869693] AAAAA-TCP_FORW: name:enp0s8: saddr:100932208: daddr:16783984
[  339.871758] AAAAA-TCP_FORW: name:enp0s3: saddr:16783984: daddr:100932208
[  340.259191] AAAAA-TCP_FORW: name:enp0s8: saddr:100932208: daddr:33561200
[  340.260305] AAAAA-TCP_FORW: name:enp0s3: saddr:33561200: daddr:100932208
[  340.868955] AAAAA-TCP_FORW: name:enp0s8: saddr:100932208: daddr:16783984
[  340.885601] AAAAA-TCP_FORW: name:enp0s3: saddr:16783984: daddr:100932208
[  340.931658] AAAAA-TCP_FORW: name:enp0s8: saddr:100932208: daddr:16783984
[  340.948933] AAAAA-TCP_FORW: name:enp0s3: saddr:16783984: daddr:100932208
[  341.070544] AAAAA-TCP_FORW: name:enp0s8: saddr:100932208: daddr:16783984
[  341.072434] AAAAA-TCP_FORW: name:enp0s3: saddr:16783984: daddr:100932208
[  341.403417] AAAAA-TCP_FORW: name:enp0s8: saddr:100932208: daddr:16783984
[  341.405666] AAAAA-TCP_FORW: name:enp0s3: saddr:16783984: daddr:100932208
[  341.588031] AAAAA-TCP_FORW: name:enp0s8: saddr:100932208: daddr:16783984
[  341.590054] AAAAA-TCP_FORW: name:enp0s3: saddr:16783984: daddr:100932208
[  341.846586] AAAAA-TCP_FORW: name:enp0s8: saddr:100932208: daddr:16783984
[  341.848505] AAAAA-TCP_FORW: name:enp0s3: saddr:16783984: daddr:100932208
[  342.144265] AAAAA-TCP_FORW: name:enp0s8: saddr:100932208: daddr:16783984
[  342.146564] AAAAA-TCP_FORW: name:enp0s3: saddr:16783984: daddr:100932208
[  342.298079] AAAAA-TCP_FORW: name:enp0s8: saddr:100932208: daddr:16783984
[  342.299865] AAAAA-TCP_FORW: name:enp0s3: saddr:16783984: daddr:100932208
[  342.529676] AAAAA-TCP_FORW: name:enp0s8: saddr:100932208: daddr:16783984
[  342.531935] AAAAA-TCP_FORW: name:enp0s3: saddr:16783984: daddr:100932208
[  342.989365] AAAAA-TCP_FORW: name:enp0s8: saddr:100932208: daddr:16783984
[  342.991514] AAAAA-TCP_FORW: name:enp0s3: saddr:16783984: daddr:100932208
[  343.733842] AAAAA-TCP_FORW: name:enp0s8: saddr:100932208: daddr:16783984
[  343.735843] AAAAA-TCP_FORW: name:enp0s3: saddr:16783984: daddr:100932208
[  343.922891] AAAAA-TCP_FORW: name:enp0s8: saddr:100932208: daddr:16783984
[  343.925022] AAAAA-TCP_FORW: name:enp0s3: saddr:16783984: daddr:100932208
[  344.179435] AAAAA-TCP_FORW: name:enp0s8: saddr:100932208: daddr:16783984
[  344.181410] AAAAA-TCP_FORW: name:enp0s3: saddr:16783984: daddr:100932208
[  344.394101] AAAAA-TCP_FORW: name:enp0s8: saddr:100932208: daddr:16783984
[  344.396238] AAAAA-TCP_FORW: name:enp0s3: saddr:16783984: daddr:100932208
[  344.688038] AAAAA-TCP_FORW: name:enp0s8: saddr:100932208: daddr:16783984
[  344.690247] AAAAA-TCP_FORW: name:enp0s3: saddr:16783984: daddr:100932208
[  344.885760] AAAAA-TCP_FORW: name:enp0s8: saddr:100932208: daddr:16783984
[  344.887668] AAAAA-TCP_FORW: name:enp0s3: saddr:16783984: daddr:100932208
[  345.303226] AAAAA-TCP_FORW: name:enp0s8: saddr:100932208: daddr:16783984
[  345.304158] AAAAA-TCP_FORW: name:enp0s3: saddr:16783984: daddr:100932208
[  345.374798] AAAAA-TCP_FORW: name:enp0s8: saddr:100932208: daddr:16783984
[  345.375993] AAAAA-TCP_FORW: name:enp0s3: saddr:16783984: daddr:100932208
[  346.615701] AAAAA-TCP_FORW: name:enp0s8: saddr:100932208: daddr:33561200
[  346.616754] AAAAA-TCP_FORW: name:enp0s3: saddr:33561200: daddr:100932208
[  346.807355] AAAAA-TCP_FORW: name:enp0s8: saddr:100932208: daddr:33561200
[  346.808351] AAAAA-TCP_FORW: name:enp0s3: saddr:33561200: daddr:100932208
[  349.890675] AAAAA-TCP_FORW: name:enp0s8: saddr:100932208: daddr:16783984
[  349.891822] AAAAA-TCP_FORW: name:enp0s3: saddr:16783984: daddr:100932208
[  350.050716] AAAAA-TCP_FORW: name:enp0s8: saddr:100932208: daddr:16783984
[  350.051603] AAAAA-TCP_FORW: name:enp0s3: saddr:16783984: daddr:100932208
[  350.090645] AAAAA-TCP_FORW: name:enp0s8: saddr:100932208: daddr:16783984
[  350.091516] AAAAA-TCP_FORW: name:enp0s3: saddr:16783984: daddr:100932208
[  350.539520] AAAAA-TCP_FORW: name:enp0s8: saddr:100932208: daddr:16783984
[  350.540434] AAAAA-TCP_FORW: name:enp0s3: saddr:16783984: daddr:100932208
[  350.599428] AAAAA-TCP_FORW: name:enp0s8: saddr:100932208: daddr:33561200
[  350.600271] AAAAA-TCP_FORW: name:enp0s3: saddr:33561200: daddr:100932208
[  350.672152] AAAAA-TCP_FORW: name:enp0s8: saddr:100932208: daddr:33561200
[  350.673049] AAAAA-TCP_FORW: name:enp0s3: saddr:33561200: daddr:100932208
[  350.755581] AAAAA-TCP_FORW: name:enp0s8: saddr:100932208: daddr:33561200
[  350.756362] AAAAA-TCP_FORW: name:enp0s3: saddr:33561200: daddr:100932208
[  350.866740] AAAAA-TCP_FORW: name:enp0s8: saddr:100932208: daddr:33561200
[  350.867489] AAAAA-TCP_FORW: name:enp0s3: saddr:33561200: daddr:100932208
[  350.970494] AAAAA-TCP_FORW: name:enp0s8: saddr:100932208: daddr:33561200
[  350.971416] AAAAA-TCP_FORW: name:enp0s3: saddr:33561200: daddr:100932208
[  351.016847] AAAAA-TCP_FORW: name:enp0s8: saddr:100932208: daddr:33561200
[  351.017677] AAAAA-TCP_FORW: name:enp0s3: saddr:33561200: daddr:100932208
[  351.110566] AAAAA-TCP_FORW: name:enp0s8: saddr:100932208: daddr:33561200
[  351.111519] AAAAA-TCP_FORW: name:enp0s3: saddr:33561200: daddr:100932208
[  351.214907] AAAAA-TCP_FORW: name:enp0s8: saddr:100932208: daddr:33561200
[  351.215722] AAAAA-TCP_FORW: name:enp0s3: saddr:33561200: daddr:100932208
[  351.395661] AAAAA-TCP_FORW: name:enp0s8: saddr:100932208: daddr:33561200
[  351.396570] AAAAA-TCP_FORW: name:enp0s3: saddr:33561200: daddr:100932208
[  351.449810] AAAAA-TCP_FORW: name:enp0s8: saddr:100932208: daddr:33561200
[  351.450684] AAAAA-TCP_FORW: name:enp0s3: saddr:33561200: daddr:100932208
[  351.583252] AAAAA-TCP_FORW: name:enp0s8: saddr:100932208: daddr:33561200
[  351.584169] AAAAA-TCP_FORW: name:enp0s3: saddr:33561200: daddr:100932208
[  351.735485] AAAAA-TCP_FORW: name:enp0s8: saddr:100932208: daddr:33561200
[  351.736332] AAAAA-TCP_FORW: name:enp0s3: saddr:33561200: daddr:100932208
[  351.851558] AAAAA-TCP_FORW: name:enp0s8: saddr:100932208: daddr:33561200
[  351.852312] AAAAA-TCP_FORW: name:enp0s3: saddr:33561200: daddr:100932208
[  351.979898] AAAAA-TCP_FORW: name:enp0s8: saddr:100932208: daddr:33561200
[  351.980645] AAAAA-TCP_FORW: name:enp0s3: saddr:33561200: daddr:100932208
[  352.292388] AAAAA-TCP_FORW: name:enp0s8: saddr:100932208: daddr:33561200
[  352.293377] AAAAA-TCP_FORW: name:enp0s3: saddr:33561200: daddr:100932208
[  352.406036] AAAAA-TCP_FORW: name:enp0s8: saddr:100932208: daddr:33561200
[  352.407111] AAAAA-TCP_FORW: name:enp0s3: saddr:33561200: daddr:100932208
[  352.540076] AAAAA-TCP_FORW: name:enp0s8: saddr:100932208: daddr:33561200
[  352.541135] AAAAA-TCP_FORW: name:enp0s3: saddr:33561200: daddr:100932208
[  352.601075] AAAAA-TCP_FORW: name:enp0s8: saddr:100932208: daddr:33561200
[  352.603111] AAAAA-TCP_FORW: name:enp0s3: saddr:33561200: daddr:100932208
[  352.692515] AAAAA-TCP_FORW: name:enp0s8: saddr:100932208: daddr:33561200
[  352.694623] AAAAA-TCP_FORW: name:enp0s3: saddr:33561200: daddr:100932208
[  352.790022] AAAAA-TCP_FORW: name:enp0s8: saddr:100932208: daddr:33561200
[  352.791968] AAAAA-TCP_FORW: name:enp0s3: saddr:33561200: daddr:100932208
[  352.880736] AAAAA-TCP_FORW: name:enp0s8: saddr:100932208: daddr:33561200
[  352.882405] AAAAA-TCP_FORW: name:enp0s3: saddr:33561200: daddr:100932208
[  352.965239] AAAAA-TCP_FORW: name:enp0s8: saddr:100932208: daddr:33561200
[  352.967136] AAAAA-TCP_FORW: name:enp0s3: saddr:33561200: daddr:100932208
[  353.041510] AAAAA-TCP_FORW: name:enp0s8: saddr:100932208: daddr:33561200
[  353.043252] AAAAA-TCP_FORW: name:enp0s3: saddr:33561200: daddr:100932208
[  354.343902] AAAAA-TCP_FORW: name:enp0s8: saddr:100932208: daddr:16783984
[  354.344952] AAAAA-TCP_FORW: name:enp0s3: saddr:16783984: daddr:100932208
[  354.409877] AAAAA-TCP_FORW: name:enp0s8: saddr:100932208: daddr:16783984
[  354.410696] AAAAA-TCP_FORW: name:enp0s3: saddr:16783984: daddr:100932208
[  354.587421] AAAAA-TCP_FORW: name:enp0s8: saddr:100932208: daddr:16783984
[  354.588437] AAAAA-TCP_FORW: name:enp0s3: saddr:16783984: daddr:100932208
[  354.607730] AAAAA-TCP_FORW: name:enp0s8: saddr:100932208: daddr:16783984
[  354.608462] AAAAA-TCP_FORW: name:enp0s3: saddr:16783984: daddr:100932208
[  354.631850] AAAAA-TCP_FORW: name:enp0s8: saddr:100932208: daddr:16783984
[  354.632551] AAAAA-TCP_FORW: name:enp0s3: saddr:16783984: daddr:100932208
[  354.669540] AAAAA-TCP_FORW: name:enp0s8: saddr:100932208: daddr:16783984
[  354.670285] AAAAA-TCP_FORW: name:enp0s3: saddr:16783984: daddr:100932208
[  354.724183] AAAAA-TCP_FORW: name:enp0s8: saddr:100932208: daddr:16783984
[  354.724943] AAAAA-TCP_FORW: name:enp0s3: saddr:16783984: daddr:100932208
[  354.764733] AAAAA-TCP_FORW: name:enp0s8: saddr:100932208: daddr:16783984
[  354.765456] AAAAA-TCP_FORW: name:enp0s3: saddr:16783984: daddr:100932208
[  354.808305] AAAAA-TCP_FORW: name:enp0s8: saddr:100932208: daddr:16783984
[  354.809077] AAAAA-TCP_FORW: name:enp0s3: saddr:16783984: daddr:100932208
[  354.844804] AAAAA-TCP_FORW: name:enp0s8: saddr:100932208: daddr:16783984
[  354.845549] AAAAA-TCP_FORW: name:enp0s3: saddr:16783984: daddr:100932208
[  354.886694] AAAAA-TCP_FORW: name:enp0s8: saddr:100932208: daddr:16783984
[  354.887476] AAAAA-TCP_FORW: name:enp0s3: saddr:16783984: daddr:100932208
[  354.945433] AAAAA-TCP_FORW: name:enp0s8: saddr:100932208: daddr:16783984
