[    0.000000] Linux version 5.4.243-mptcp (root@ztg) (gcc version 12.2.0 (Debian 12.2.0-14+deb12u1)) #53 SMP Wed Dec 24 23:28:15 CST 2025
[    0.000000] Command line: BOOT_IMAGE=/boot/vmlinuz-5.4.243-mptcp root=UUID=98415a12-53b7-4144-8265-0f7ece09e445 ro quiet splash
[    0.000000] KERNEL supported cpus:
[    0.000000]   Intel GenuineIntel
[    0.000000]   AMD AuthenticAMD
[    0.000000]   Hygon HygonGenuine
[    0.000000]   Centaur CentaurHauls
[    0.000000]   zhaoxin   Shanghai  
[    0.000000] x86/fpu: Supporting XSAVE feature 0x001: 'x87 floating point registers'
[    0.000000] x86/fpu: Supporting XSAVE feature 0x002: 'SSE registers'
[    0.000000] x86/fpu: Supporting XSAVE feature 0x004: 'AVX registers'
[    0.000000] x86/fpu: xstate_offset[2]:  576, xstate_sizes[2]:  256
[    0.000000] x86/fpu: Enabled xstate features 0x7, context size is 832 bytes, using 'standard' format.
[    0.000000] BIOS-provided physical RAM map:
[    0.000000] BIOS-e820: [mem 0x0000000000000000-0x000000000009fbff] usable
[    0.000000] BIOS-e820: [mem 0x000000000009fc00-0x000000000009ffff] reserved
[    0.000000] BIOS-e820: [mem 0x00000000000f0000-0x00000000000fffff] reserved
[    0.000000] BIOS-e820: [mem 0x0000000000100000-0x000000007ffeffff] usable
[    0.000000] BIOS-e820: [mem 0x000000007fff0000-0x000000007fffffff] ACPI data
[    0.000000] BIOS-e820: [mem 0x00000000fec00000-0x00000000fec00fff] reserved
[    0.000000] BIOS-e820: [mem 0x00000000fee00000-0x00000000fee00fff] reserved
[    0.000000] BIOS-e820: [mem 0x00000000fffc0000-0x00000000ffffffff] reserved
[    0.000000] NX (Execute Disable) protection: active
[    0.000000] SMBIOS 2.5 present.
[    0.000000] DMI: innotek GmbH VirtualBox/VirtualBox, BIOS VirtualBox 12/01/2006
[    0.000000] Hypervisor detected: KVM
[    0.000000] kvm-clock: Using msrs 4b564d01 and 4b564d00
[    0.000000] kvm-clock: cpu 0, msr 44e01001, primary cpu clock
[    0.000000] kvm-clock: using sched offset of 4494555189 cycles
[    0.000003] clocksource: kvm-clock: mask: 0xffffffffffffffff max_cycles: 0x1cd42e4dffb, max_idle_ns: 881590591483 ns
[    0.000006] tsc: Detected 2100.000 MHz processor
[    0.001896] e820: update [mem 0x00000000-0x00000fff] usable ==> reserved
[    0.001898] e820: remove [mem 0x000a0000-0x000fffff] usable
[    0.001902] last_pfn = 0x7fff0 max_arch_pfn = 0x400000000
[    0.001973] MTRR default type: uncachable
[    0.001974] MTRR fixed ranges enabled:
[    0.001975]   00000-9FFFF write-back
[    0.001976]   A0000-BFFFF uncachable
[    0.001976]   C0000-FFFFF write-protect
[    0.001977] MTRR variable ranges enabled:
[    0.001979]   0 base 000000000000 mask 3FFF80000000 write-back
[    0.001979]   1 disabled
[    0.001980]   2 disabled
[    0.001980]   3 disabled
[    0.001981]   4 disabled
[    0.001981]   5 disabled
[    0.001981]   6 disabled
[    0.001982]   7 disabled
[    0.001982]   8 disabled
[    0.001983]   9 disabled
[    0.001983]   10 disabled
[    0.001984]   11 disabled
[    0.001984]   12 disabled
[    0.001984]   13 disabled
[    0.001985]   14 disabled
[    0.001985]   15 disabled
[    0.002002] x86/PAT: Configuration [0-7]: WB  WC  UC- UC  WB  WP  UC- WT  
[    0.002139] found SMP MP-table at [mem 0x0009fff0-0x0009ffff]
[    0.092859] check: Scanning 1 areas for low memory corruption
[    0.093066] RAMDISK: [mem 0x32271000-0x3512ffff]
[    0.093075] ACPI: Early table checksum verification disabled
[    0.093080] ACPI: RSDP 0x00000000000E0000 000024 (v02 VBOX  )
[    0.093085] ACPI: XSDT 0x000000007FFF0030 00003C (v01 VBOX   VBOXXSDT 00000001 ASL  00000061)
[    0.093092] ACPI: FACP 0x000000007FFF00F0 0000F4 (v04 VBOX   VBOXFACP 00000001 ASL  00000061)
[    0.093099] ACPI: DSDT 0x000000007FFF02E0 002353 (v02 VBOX   VBOXBIOS 00000002 VBOX 00029BF3)
[    0.093103] ACPI: FACS 0x000000007FFF0200 000040
[    0.093107] ACPI: FACS 0x000000007FFF0200 000040
[    0.093110] ACPI: APIC 0x000000007FFF0240 000054 (v02 VBOX   VBOXAPIC 00000001 ASL  00000061)
[    0.093114] ACPI: SSDT 0x000000007FFF02A0 000038 (v01 VBOX   VBOXCPUT 00000002 VBOX 00029BF3)
[    0.093117] ACPI: Reserving FACP table memory at [mem 0x7fff00f0-0x7fff01e3]
[    0.093118] ACPI: Reserving DSDT table memory at [mem 0x7fff02e0-0x7fff2632]
[    0.093119] ACPI: Reserving FACS table memory at [mem 0x7fff0200-0x7fff023f]
[    0.093119] ACPI: Reserving FACS table memory at [mem 0x7fff0200-0x7fff023f]
[    0.093120] ACPI: Reserving APIC table memory at [mem 0x7fff0240-0x7fff0293]
[    0.093121] ACPI: Reserving SSDT table memory at [mem 0x7fff02a0-0x7fff02d7]
[    0.093136] ACPI: Local APIC address 0xfee00000
[    0.093334] No NUMA configuration found
[    0.093335] Faking a node at [mem 0x0000000000000000-0x000000007ffeffff]
[    0.093345] NODE_DATA(0) allocated [mem 0x7ffc5000-0x7ffeffff]
[    0.093634] Zone ranges:
[    0.093635]   DMA      [mem 0x0000000000001000-0x0000000000ffffff]
[    0.093636]   DMA32    [mem 0x0000000001000000-0x000000007ffeffff]
[    0.093637]   Normal   empty
[    0.093637]   Device   empty
[    0.093638] Movable zone start for each node
[    0.093640] Early memory node ranges
[    0.093641]   node   0: [mem 0x0000000000001000-0x000000000009efff]
[    0.093642]   node   0: [mem 0x0000000000100000-0x000000007ffeffff]
[    0.093645] Zeroed struct page in unavailable ranges: 114 pages
[    0.093646] Initmem setup node 0 [mem 0x0000000000001000-0x000000007ffeffff]
[    0.093647] On node 0 totalpages: 524174
[    0.093649]   DMA zone: 64 pages used for memmap
[    0.093649]   DMA zone: 21 pages reserved
[    0.093650]   DMA zone: 3998 pages, LIFO batch:0
[    0.093728]   DMA32 zone: 8128 pages used for memmap
[    0.093729]   DMA32 zone: 520176 pages, LIFO batch:63
[    0.103384] ACPI: PM-Timer IO Port: 0x4008
[    0.103388] ACPI: Local APIC address 0xfee00000
[    0.103453] IOAPIC[0]: apic_id 1, version 32, address 0xfec00000, GSI 0-23
[    0.103457] ACPI: INT_SRC_OVR (bus 0 bus_irq 0 global_irq 2 dfl dfl)
[    0.103459] ACPI: INT_SRC_OVR (bus 0 bus_irq 9 global_irq 9 low level)
[    0.103461] ACPI: IRQ0 used by override.
[    0.103462] ACPI: IRQ9 used by override.
[    0.103465] Using ACPI (MADT) for SMP configuration information
[    0.103473] smpboot: Allowing 1 CPUs, 0 hotplug CPUs
[    0.103496] PM: Registered nosave memory: [mem 0x00000000-0x00000fff]
[    0.103498] PM: Registered nosave memory: [mem 0x0009f000-0x0009ffff]
[    0.103498] PM: Registered nosave memory: [mem 0x000a0000-0x000effff]
[    0.103499] PM: Registered nosave memory: [mem 0x000f0000-0x000fffff]
[    0.103501] [mem 0x80000000-0xfebfffff] available for PCI devices
[    0.103502] Booting paravirtualized kernel on KVM
[    0.103505] clocksource: refined-jiffies: mask: 0xffffffff max_cycles: 0xffffffff, max_idle_ns: 7645519600211568 ns
[    0.103510] setup_percpu: NR_CPUS:8192 nr_cpumask_bits:1 nr_cpu_ids:1 nr_node_ids:1
[    0.104542] percpu: Embedded 60 pages/cpu s208896 r8192 d28672 u2097152
[    0.104547] pcpu-alloc: s208896 r8192 d28672 u2097152 alloc=1*2097152
[    0.104548] pcpu-alloc: [0] 0 
[    0.104576] Built 1 zonelists, mobility grouping on.  Total pages: 515961
[    0.104576] Policy zone: DMA32
[    0.104578] Kernel command line: BOOT_IMAGE=/boot/vmlinuz-5.4.243-mptcp root=UUID=98415a12-53b7-4144-8265-0f7ece09e445 ro quiet splash
[    0.105437] Dentry cache hash table entries: 262144 (order: 9, 2097152 bytes, linear)
[    0.105700] Inode-cache hash table entries: 131072 (order: 8, 1048576 bytes, linear)
[    0.105752] mem auto-init: stack:off, heap alloc:on, heap free:off
[    0.105755] Calgary: detecting Calgary via BIOS EBDA area
[    0.105756] Calgary: Unable to locate Rio Grande table in EBDA - bailing!
[    0.110848] Memory: 1967332K/2096696K available (14339K kernel code, 2398K rwdata, 4712K rodata, 2728K init, 17260K bss, 129364K reserved, 0K cma-reserved)
[    0.111799] SLUB: HWalign=64, Order=0-3, MinObjects=0, CPUs=1, Nodes=1
[    0.111817] ftrace: allocating 43186 entries in 169 pages
[    0.131607] rcu: Hierarchical RCU implementation.
[    0.131609] rcu: 	RCU restricting CPUs from NR_CPUS=8192 to nr_cpu_ids=1.
[    0.131611] 	Tasks RCU enabled.
[    0.131612] rcu: RCU calculated value of scheduler-enlistment delay is 25 jiffies.
[    0.131613] rcu: Adjusting geometry for rcu_fanout_leaf=16, nr_cpu_ids=1
[    0.134707] NR_IRQS: 524544, nr_irqs: 256, preallocated irqs: 16
[    0.134922] random: crng init done
[    0.144240] Console: colour VGA+ 80x25
[    0.144245] printk: console [tty0] enabled
[    0.144268] ACPI: Core revision 20190816
[    0.144368] APIC: Switch to symmetric I/O mode setup
[    0.144619] x2apic enabled
[    0.144869] Switched APIC routing to physical x2apic.
[    0.145999] ..TIMER: vector=0x30 apic1=0 pin1=2 apic2=-1 pin2=-1
[    0.146025] clocksource: tsc-early: mask: 0xffffffffffffffff max_cycles: 0x1e4530a99b6, max_idle_ns: 440795257976 ns
[    0.146032] Calibrating delay loop (skipped) preset value.. 4200.00 BogoMIPS (lpj=8400000)
[    0.146034] pid_max: default: 32768 minimum: 301
[    0.146064] LSM: Security Framework initializing
[    0.146074] Yama: becoming mindful.
[    0.146104] AppArmor: AppArmor initialized
[    0.146141] Mount-cache hash table entries: 4096 (order: 3, 32768 bytes, linear)
[    0.146146] Mountpoint-cache hash table entries: 4096 (order: 3, 32768 bytes, linear)
[    0.146157] *** VALIDATE tmpfs ***
[    0.146298] *** VALIDATE proc ***
[    0.146344] *** VALIDATE cgroup1 ***
[    0.146345] *** VALIDATE cgroup2 ***
[    0.146498] process: using mwait in idle threads
[    0.146503] Last level iTLB entries: 4KB 64, 2MB 8, 4MB 8
[    0.146504] Last level dTLB entries: 4KB 64, 2MB 0, 4MB 0, 1GB 4
[    0.146526] Spectre V1 : Mitigation: usercopy/swapgs barriers and __user pointer sanitization
[    0.146532] Spectre V2 : Mitigation: Retpolines
[    0.146532] Spectre V2 : Spectre v2 / SpectreRSB mitigation: Filling RSB on context switch
[    0.146533] Spectre V2 : Spectre v2 / SpectreRSB : Filling RSB on VMEXIT
[    0.146534] RETBleed: WARNING: Spectre v2 mitigation leaves CPU vulnerable to RETBleed attacks, data leaks possible!
[    0.146902] RETBleed: Vulnerable
[    0.146903] Speculative Store Bypass: Vulnerable
[    0.146909] TAA: Mitigation: TSX disabled
[    0.146910] MMIO Stale Data: Mitigation: Clear CPU buffers
[    0.151404] Freeing SMP alternatives memory: 40K
[    0.264118] smpboot: CPU0: Intel(R) Xeon(R) Silver 4216 CPU @ 2.10GHz (family: 0x6, model: 0x55, stepping: 0x7)
[    0.264296] Performance Events: unsupported p6 CPU model 85 no PMU driver, software events only.
[    0.264340] rcu: Hierarchical SRCU implementation.
[    0.264944] NMI watchdog: Perf NMI watchdog permanently disabled
[    0.264996] smp: Bringing up secondary CPUs ...
[    0.264997] smp: Brought up 1 node, 1 CPU
[    0.264999] smpboot: Max logical packages: 1
[    0.265000] smpboot: Total of 1 processors activated (4200.00 BogoMIPS)
[    0.266028] devtmpfs: initialized
[    0.266028] x86/mm: Memory block size: 128MB
[    0.266028] clocksource: jiffies: mask: 0xffffffff max_cycles: 0xffffffff, max_idle_ns: 7645041785100000 ns
[    0.266028] futex hash table entries: 256 (order: 2, 16384 bytes, linear)
[    0.266028] pinctrl core: initialized pinctrl subsystem
[    0.266028] PM: RTC time: 14:32:51, date: 2026-01-17
[    0.266028] NET: Registered protocol family 16
[    0.266028] audit: initializing netlink subsys (disabled)
[    0.266028] EISA bus registered
[    0.266028] cpuidle: using governor ladder
[    0.266028] cpuidle: using governor menu
[    0.266028] ACPI: bus type PCI registered
[    0.266028] acpiphp: ACPI Hot Plug PCI Controller Driver version: 0.5
[    0.266028] PCI: Using configuration type 1 for base access
[    0.267093] audit: type=2000 audit(1768631577.350:1): state=initialized audit_enabled=0 res=1
[    0.267171] HugeTLB registered 2.00 MiB page size, pre-allocated 0 pages
[    0.267968] ACPI: Added _OSI(Module Device)
[    0.267968] ACPI: Added _OSI(Processor Device)
[    0.267969] ACPI: Added _OSI(3.0 _SCP Extensions)
[    0.267970] ACPI: Added _OSI(Processor Aggregator Device)
[    0.267971] ACPI: Added _OSI(Linux-Dell-Video)
[    0.267972] ACPI: Added _OSI(Linux-Lenovo-NV-HDMI-Audio)
[    0.267973] ACPI: Added _OSI(Linux-HPI-Hybrid-Graphics)
[    0.269986] ACPI: 2 ACPI AML tables successfully acquired and loaded
[    0.271580] ACPI: Interpreter enabled
[    0.271592] ACPI: (supports S0 S5)
[    0.271593] ACPI: Using IOAPIC for interrupt routing
[    0.271807] PCI: Using host bridge windows from ACPI; if necessary, use "pci=nocrs" and report a bug
[    0.271919] ACPI: Enabled 2 GPEs in block 00 to 07
[    0.277188] ACPI: PCI Root Bridge [PCI0] (domain 0000 [bus 00-ff])
[    0.277194] acpi PNP0A03:00: _OSC: OS supports [ASPM ClockPM Segments MSI HPX-Type3]
[    0.277670] acpi PNP0A03:00: _OSC: not requesting OS control; OS requires [ExtendedConfig ASPM ClockPM MSI]
[    0.277680] acpi PNP0A03:00: fail to add MMCONFIG information, can't access extended PCI configuration space under this bridge.
[    0.278109] PCI host bridge to bus 0000:00
[    0.278112] pci_bus 0000:00: root bus resource [io  0x0000-0x0cf7 window]
[    0.278113] pci_bus 0000:00: root bus resource [io  0x0d00-0xffff window]
[    0.278114] pci_bus 0000:00: root bus resource [mem 0x000a0000-0x000bffff window]
[    0.278115] pci_bus 0000:00: root bus resource [mem 0x80000000-0xfdffffff window]
[    0.278117] pci_bus 0000:00: root bus resource [bus 00-ff]
[    0.278161] pci 0000:00:00.0: [8086:1237] type 00 class 0x060000
[    0.279137] pci 0000:00:01.0: [8086:7000] type 00 class 0x060100
[    0.279946] pci 0000:00:01.1: [8086:7111] type 00 class 0x01018a
[    0.280352] pci 0000:00:01.1: reg 0x20: [io  0xd000-0xd00f]
[    0.280511] pci 0000:00:01.1: legacy IDE quirk: reg 0x10: [io  0x01f0-0x01f7]
[    0.280512] pci 0000:00:01.1: legacy IDE quirk: reg 0x14: [io  0x03f6]
[    0.280513] pci 0000:00:01.1: legacy IDE quirk: reg 0x18: [io  0x0170-0x0177]
[    0.280514] pci 0000:00:01.1: legacy IDE quirk: reg 0x1c: [io  0x0376]
[    0.281176] pci 0000:00:02.0: [15ad:0405] type 00 class 0x030000
[    0.284313] pci 0000:00:02.0: reg 0x10: [io  0xd010-0xd01f]
[    0.286084] pci 0000:00:02.0: reg 0x14: [mem 0xe0000000-0xe7ffffff pref]
[    0.290085] pci 0000:00:02.0: reg 0x18: [mem 0xf0000000-0xf01fffff]
[    0.303004] pci 0000:00:03.0: [1022:2000] type 00 class 0x020000
[    0.303836] pci 0000:00:03.0: reg 0x10: [io  0xd020-0xd03f]
[    0.306205] pci 0000:00:03.0: reg 0x14: [mem 0xf0200000-0xf0200fff]
[    0.310546] pci 0000:00:04.0: [80ee:cafe] type 00 class 0x088000
[    0.311367] pci 0000:00:04.0: reg 0x10: [io  0xd040-0xd05f]
[    0.312017] pci 0000:00:04.0: reg 0x14: [mem 0xf0400000-0xf07fffff]
[    0.312622] pci 0000:00:04.0: reg 0x18: [mem 0xf0800000-0xf0803fff pref]
[    0.315965] pci 0000:00:07.0: [8086:7113] type 00 class 0x068000
[    0.316389] pci 0000:00:07.0: quirk: [io  0x4000-0x403f] claimed by PIIX4 ACPI
[    0.316402] pci 0000:00:07.0: quirk: [io  0x4100-0x410f] claimed by PIIX4 SMB
[    0.317045] pci 0000:00:08.0: [8086:100e] type 00 class 0x020000
[    0.317745] pci 0000:00:08.0: reg 0x10: [mem 0xf0820000-0xf083ffff]
[    0.318702] pci 0000:00:08.0: reg 0x18: [io  0xd060-0xd067]
[    0.322028] pci 0000:00:09.0: [8086:100e] type 00 class 0x020000
[    0.322028] pci 0000:00:09.0: reg 0x10: [mem 0xf0840000-0xf085ffff]
[    0.326100] pci 0000:00:09.0: reg 0x18: [io  0xd068-0xd06f]
[    0.335176] ACPI: PCI Interrupt Link [LNKA] (IRQs 5 9 10 *11)
[    0.335476] ACPI: PCI Interrupt Link [LNKB] (IRQs 5 9 *10 11)
[    0.335582] ACPI: PCI Interrupt Link [LNKC] (IRQs 5 *9 10 11)
[    0.335685] ACPI: PCI Interrupt Link [LNKD] (IRQs 5 9 10 *11)
[    0.335975] iommu: Default domain type: Translated 
[    0.338113] pci 0000:00:02.0: vgaarb: setting as boot VGA device
[    0.338116] pci 0000:00:02.0: vgaarb: VGA device added: decodes=io+mem,owns=io+mem,locks=none
[    0.338118] pci 0000:00:02.0: vgaarb: bridge control possible
[    0.338119] vgaarb: loaded
[    0.338405] SCSI subsystem initialized
[    0.338451] libata version 3.00 loaded.
[    0.338485] ACPI: bus type USB registered
[    0.338506] usbcore: registered new interface driver usbfs
[    0.338514] usbcore: registered new interface driver hub
[    0.338522] usbcore: registered new device driver usb
[    0.338567] pps_core: LinuxPPS API ver. 1 registered
[    0.338568] pps_core: Software ver. 5.3.6 - Copyright 2005-2007 Rodolfo Giometti <giometti@linux.it>
[    0.338571] PTP clock support registered
[    0.338621] EDAC MC: Ver: 3.0.0
[    0.339011] PCI: Using ACPI for IRQ routing
[    0.339013] PCI: pci_cache_line_size set to 64 bytes
[    0.339230] e820: reserve RAM buffer [mem 0x0009fc00-0x0009ffff]
[    0.339235] e820: reserve RAM buffer [mem 0x7fff0000-0x7fffffff]
[    0.340201] NetLabel: Initializing
[    0.340202] NetLabel:  domain hash size = 128
[    0.340202] NetLabel:  protocols = UNLABELED CIPSOv4 CALIPSO
[    0.340229] NetLabel:  unlabeled traffic allowed by default
[    0.341519] clocksource: Switched to clocksource kvm-clock
[    0.354525] *** VALIDATE bpf ***
[    0.354594] VFS: Disk quotas dquot_6.6.0
[    0.354607] VFS: Dquot-cache hash table entries: 512 (order 0, 4096 bytes)
[    0.354632] *** VALIDATE ramfs ***
[    0.354635] *** VALIDATE hugetlbfs ***
[    0.354727] AppArmor: AppArmor Filesystem Enabled
[    0.354752] pnp: PnP ACPI init
[    0.354825] pnp 00:00: Plug and Play ACPI device, IDs PNP0303 (active)
[    0.354897] pnp 00:01: Plug and Play ACPI device, IDs PNP0f03 (active)
[    0.355699] pnp: PnP ACPI: found 2 devices
[    0.356720] thermal_sys: Registered thermal governor 'fair_share'
[    0.356721] thermal_sys: Registered thermal governor 'bang_bang'
[    0.356722] thermal_sys: Registered thermal governor 'step_wise'
[    0.356722] thermal_sys: Registered thermal governor 'user_space'
[    0.356723] thermal_sys: Registered thermal governor 'power_allocator'
[    0.361234] clocksource: acpi_pm: mask: 0xffffff max_cycles: 0xffffff, max_idle_ns: 2085701024 ns
[    0.361275] pci_bus 0000:00: resource 4 [io  0x0000-0x0cf7 window]
[    0.361277] pci_bus 0000:00: resource 5 [io  0x0d00-0xffff window]
[    0.361278] pci_bus 0000:00: resource 6 [mem 0x000a0000-0x000bffff window]
[    0.361279] pci_bus 0000:00: resource 7 [mem 0x80000000-0xfdffffff window]
[    0.361343] NET: Registered protocol family 2
[    0.361443] IP idents hash table entries: 32768 (order: 6, 262144 bytes, linear)
[    0.361889] MPTCP tokens hash table entries: 8192 (order: 4, 65536 bytes, linear)
[    0.361908] MPTCP request tokens hash table entries: 8192 (order: 4, 65536 bytes, linear)
[    0.361934] default registered
[    0.361934] default registered
[    0.361935] MPTCP: Stable release v0.96
[    0.361941] tcp_listen_portaddr_hash hash table entries: 1024 (order: 2, 16384 bytes, linear)
[    0.362077] TCP established hash table entries: 16384 (order: 5, 131072 bytes, linear)
[    0.362171] TCP bind hash table entries: 16384 (order: 6, 262144 bytes, linear)
[    0.362197] TCP: Hash tables configured (established 16384 bind 16384)
[    0.362907] UDP hash table entries: 1024 (order: 3, 32768 bytes, linear)
[    0.362921] UDP-Lite hash table entries: 1024 (order: 3, 32768 bytes, linear)
[    0.362957] NET: Registered protocol family 1
[    0.362967] NET: Registered protocol family 44
[    0.362987] pci 0000:00:00.0: Limiting direct PCI/PCI transfers
[    0.362999] pci 0000:00:01.0: Activating ISA DMA hang workarounds
[    0.363056] pci 0000:00:02.0: Video device with shadowed ROM at [mem 0x000c0000-0x000dffff]
[    0.363120] PCI: CLS 0 bytes, default 64
[    0.363202] Trying to unpack rootfs image as initramfs...
[    0.535669] Freeing initrd memory: 47868K
[    0.535669] clocksource: tsc: mask: 0xffffffffffffffff max_cycles: 0x1e4530a99b6, max_idle_ns: 440795257976 ns
[    0.535669] clocksource: Switched to clocksource tsc
[    0.535669] platform rtc_cmos: registered platform RTC device (no PNP device found)
[    0.535669] check: Scanning for low memory corruption every 60 seconds
[    0.535669] Initialise system trusted keyrings
[    0.535669] Key type blacklist registered
[    0.535669] workingset: timestamp_bits=36 max_order=19 bucket_order=0
[    0.535669] zbud: loaded
[    0.535669] squashfs: version 4.0 (2009/01/31) Phillip Lougher
[    0.535669] fuse: init (API version 7.31)
[    0.535669] *** VALIDATE fuse ***
[    0.535669] *** VALIDATE fuse ***
[    0.535669] Platform Keyring initialized
[    0.553861] Key type asymmetric registered
[    0.553862] Asymmetric key parser 'x509' registered
[    0.553873] Block layer SCSI generic (bsg) driver version 0.4 loaded (major 244)
[    0.553920] io scheduler mq-deadline registered
[    0.554071] shpchp: Standard Hot Plug PCI Controller Driver version: 0.4
[    0.554328] ACPI: AC Adapter [AC] (on-line)
[    0.554378] input: Power Button as /devices/LNXSYSTM:00/LNXPWRBN:00/input/input0
[    0.554411] ACPI: Power Button [PWRF]
[    0.554504] input: Sleep Button as /devices/LNXSYSTM:00/LNXSLPBN:00/input/input1
[    0.554521] ACPI: Sleep Button [SLPF]
[    0.554766] Serial: 8250/16550 driver, 32 ports, IRQ sharing enabled
[    0.556341] Linux agpgart interface v0.103
[    0.651172] loop: module loaded
[    0.651314] ata_piix 0000:00:01.1: version 2.13
[    0.651735] scsi host0: ata_piix
[    0.651832] scsi host1: ata_piix
[    0.651860] ata1: PATA max UDMA/33 cmd 0x1f0 ctl 0x3f6 bmdma 0xd000 irq 14
[    0.651861] ata2: PATA max UDMA/33 cmd 0x170 ctl 0x376 bmdma 0xd008 irq 15
[    0.651943] tun: Universal TUN/TAP device driver, 1.6
[    0.652259] PPP generic driver version 2.4.2
[    0.652302] VFIO - User Level meta-driver version: 0.3
[    0.652541] ehci_hcd: USB 2.0 'Enhanced' Host Controller (EHCI) Driver
[    0.652548] ehci-pci: EHCI PCI platform driver
[    0.652561] ehci-platform: EHCI generic platform driver
[    0.652566] ohci_hcd: USB 1.1 'Open' Host Controller (OHCI) Driver
[    0.652569] ohci-pci: OHCI PCI platform driver
[    0.652577] ohci-platform: OHCI generic platform driver
[    0.652581] uhci_hcd: USB Universal Host Controller Interface driver
[    0.652652] i8042: PNP: PS/2 Controller [PNP0303:PS2K,PNP0f03:PS2M] at 0x60,0x64 irq 1,12
[    0.653092] serio: i8042 KBD port at 0x60,0x64 irq 1
[    0.653096] serio: i8042 AUX port at 0x60,0x64 irq 12
[    0.653185] mousedev: PS/2 mouse device common for all mice
[    0.653443] input: AT Translated Set 2 keyboard as /devices/platform/i8042/serio0/input/input2
[    0.653846] rtc_cmos rtc_cmos: registered as rtc0
[    0.653861] rtc_cmos rtc_cmos: alarms up to one day, 114 bytes nvram
[    0.653866] i2c /dev entries driver
[    0.653906] device-mapper: uevent: version 1.0.3
[    0.653962] device-mapper: ioctl: 4.41.0-ioctl (2019-09-16) initialised: dm-devel@redhat.com
[    0.653978] platform eisa.0: Probing EISA bus 0
[    0.653980] platform eisa.0: EISA: Cannot allocate resource for mainboard
[    0.653981] platform eisa.0: Cannot allocate resource for EISA slot 1
[    0.653982] platform eisa.0: Cannot allocate resource for EISA slot 2
[    0.653983] platform eisa.0: Cannot allocate resource for EISA slot 3
[    0.653984] platform eisa.0: Cannot allocate resource for EISA slot 4
[    0.653985] platform eisa.0: Cannot allocate resource for EISA slot 5
[    0.653986] platform eisa.0: Cannot allocate resource for EISA slot 6
[    0.653987] platform eisa.0: Cannot allocate resource for EISA slot 7
[    0.653988] platform eisa.0: Cannot allocate resource for EISA slot 8
[    0.653989] platform eisa.0: EISA: Detected 0 cards
[    0.653993] intel_pstate: CPU model not supported
[    0.654001] ledtrig-cpu: registered to indicate activity on CPUs
[    0.654062] drop_monitor: Initializing network drop monitor service
[    0.654230] NET: Registered protocol family 10
[    0.659301] Segment Routing with IPv6
[    0.659301] fullmesh registered
[    0.659301] ndiffports registered
[    0.659301] binder registered
[    0.659301] roundrobin registered
[    0.659301] redundant registered
[    0.659301] blest registered
[    0.659301] ecf registered
[    0.659301] NET: Registered protocol family 17
[    0.659301] Key type dns_resolver registered
[    0.659301] RAS: Correctable Errors collector initialized.
[    0.659301] IPI shorthand broadcast: enabled
[    0.659301] sched_clock: Marking stable (644185198, 11115978)->(659834050, -4532874)
[    0.659787] registered taskstats version 1
[    0.659796] Loading compiled-in X.509 certificates
[    0.660401] Loaded X.509 cert 'Build time autogenerated kernel key: 6909f3744cebb3d0de528d5887b96a727de79b1e'
[    0.660422] zswap: loaded using pool lzo/zbud
[    0.660477] Key type ._fscrypt registered
[    0.660478] Key type .fscrypt registered
[    0.664971] Key type big_key registered
[    0.667176] Key type encrypted registered
[    0.667179] AppArmor: AppArmor sha1 policy hashing enabled
[    0.667187] ima: No TPM chip found, activating TPM-bypass!
[    0.667191] ima: Allocated hash algorithm: sha1
[    0.667197] ima: No architecture policies found
[    0.667207] evm: Initialising EVM extended attributes:
[    0.667208] evm: security.selinux
[    0.667209] evm: security.SMACK64
[    0.667209] evm: security.SMACK64EXEC
[    0.667210] evm: security.SMACK64TRANSMUTE
[    0.667210] evm: security.SMACK64MMAP
[    0.667211] evm: security.apparmor
[    0.667211] evm: security.ima
[    0.667212] evm: security.capability
[    0.667212] evm: HMAC attrs: 0x1
[    0.667529] PM:   Magic number: 10:209:536
[    0.667536] tty ttyS16: hash matches
[    0.667632] rtc_cmos rtc_cmos: setting system clock to 2026-01-17T14:32:52 UTC (1768660372)
[    0.824545] ata1.00: ATA-6: VBOX HARDDISK, 1.0, max UDMA/133
[    0.824549] ata1.00: 209715200 sectors, multi 128: LBA 
[    0.825235] scsi 0:0:0:0: Direct-Access     ATA      VBOX HARDDISK    1.0  PQ: 0 ANSI: 5
[    0.825552] sd 0:0:0:0: [sda] 209715200 512-byte logical blocks: (107 GB/100 GiB)
[    0.825565] sd 0:0:0:0: [sda] Write Protect is off
[    0.825568] sd 0:0:0:0: [sda] Mode Sense: 00 3a 00 00
[    0.825588] sd 0:0:0:0: [sda] Write cache: enabled, read cache: enabled, doesn't support DPO or FUA
[    0.825933] sd 0:0:0:0: Attached scsi generic sg0 type 0
[    0.826953]  sda: sda1 sda2
[    0.839327] sd 0:0:0:0: [sda] Attached SCSI disk
[    0.843013] Freeing unused decrypted memory: 2040K
[    0.844341] Freeing unused kernel image memory: 2728K
[    0.844345] Write protecting the kernel read-only data: 22528k
[    0.845652] Freeing unused kernel image memory: 2036K
[    0.846400] Freeing unused kernel image memory: 1432K
[    0.873355] x86/mm: Checked W+X mappings: passed, no W+X pages found.
[    0.873361] Run /init as init process
[    0.976704] ACPI: Video Device [GFX0] (multi-head: yes  rom: no  post: no)
[    0.976781] input: Video Bus as /devices/LNXSYSTM:00/LNXSYBUS:00/PNP0A03:00/LNXVIDEO:00/input/input4
[    0.987799] pcnet32: pcnet32.c:v1.35 21.Apr.2008 tsbogend@alpha.franken.de
[    0.989427] piix4_smbus 0000:00:07.0: SMBus Host Controller at 0x4100, revision 0
[    0.991876] e1000: Intel(R) PRO/1000 Network Driver - version 7.3.21-k8-NAPI
[    0.991877] e1000: Copyright (c) 1999-2006 Intel Corporation.
[    0.997201] pcnet32: PCnet/FAST III 79C973 at 0xd020, 08:00:27:78:39:9d assigned IRQ 19
[    0.997247] pcnet32: Found PHY 0022:561b at address 0
[    0.997557] pcnet32: eth0: registered as PCnet/FAST III 79C973
[    1.007848] pcnet32: 1 cards_found
[    1.062581] pcnet32 0000:00:03.0 enp0s3: renamed from eth0
[    1.209934] input: ImExPS/2 Generic Explorer Mouse as /devices/platform/i8042/serio1/input/input5
[    1.403348] e1000 0000:00:08.0 eth0: (PCI:33MHz:32-bit) 08:00:27:04:c6:23
[    1.403352] e1000 0000:00:08.0 eth0: Intel(R) PRO/1000 Network Connection
[    1.775581] e1000 0000:00:09.0 eth1: (PCI:33MHz:32-bit) 08:00:27:f8:f3:96
[    1.775584] e1000 0000:00:09.0 eth1: Intel(R) PRO/1000 Network Connection
[    1.776943] e1000 0000:00:09.0 enp0s9: renamed from eth1
[    1.778926] e1000 0000:00:08.0 enp0s8: renamed from eth0
[    1.927622] EXT4-fs (sda2): mounted filesystem with ordered data mode. Opts: (null)
[    2.017378] systemd[1]: Inserted module 'autofs4'
[    2.028338] systemd[1]: systemd 245.4-4ubuntu3 running in system mode. (+PAM +AUDIT +SELINUX +IMA +APPARMOR +SMACK +SYSVINIT +UTMP +LIBCRYPTSETUP +GCRYPT +GNUTLS +ACL +XZ +LZ4 +SECCOMP +BLKID +ELFUTILS +KMOD +IDN2 -IDN +PCRE2 default-hierarchy=hybrid)
[    2.028369] systemd[1]: Detected virtualization oracle.
[    2.028372] systemd[1]: Detected architecture x86-64.
[    2.029683] systemd[1]: Set hostname to <ztg>.
[    2.155091] systemd[1]: /lib/systemd/system/dbus.socket:5: ListenStream= references a path below legacy directory /var/run/, updating /var/run/dbus/system_bus_socket â†’ /run/dbus/system_bus_socket; please update the unit file accordingly.
[    2.206121] systemd[1]: Created slice system-modprobe.slice.
[    2.206316] systemd[1]: Created slice User and Session Slice.
[    2.206358] systemd[1]: Started Forward Password Requests to Wall Directory Watch.
[    2.206514] systemd[1]: Set up automount Arbitrary Executable File Formats File System Automount Point.
[    2.206546] systemd[1]: Reached target User and Group Name Lookups.
[    2.206555] systemd[1]: Reached target Remote File Systems.
[    2.206563] systemd[1]: Reached target Slices.
[    2.207114] systemd[1]: Listening on Syslog Socket.
[    2.207181] systemd[1]: Listening on fsck to fsckd communication Socket.
[    2.207220] systemd[1]: Listening on initctl Compatibility Named Pipe.
[    2.207351] systemd[1]: Listening on Journal Audit Socket.
[    2.207401] systemd[1]: Listening on Journal Socket (/dev/log).
[    2.207471] systemd[1]: Listening on Journal Socket.
[    2.207533] systemd[1]: Listening on udev Control Socket.
[    2.207570] systemd[1]: Listening on udev Kernel Socket.
[    2.208296] systemd[1]: Mounting Huge Pages File System...
[    2.209206] systemd[1]: Mounting POSIX Message Queue File System...
[    2.210128] systemd[1]: Mounting Kernel Debug File System...
[    2.210983] systemd[1]: Mounting Kernel Trace File System...
[    2.213154] systemd[1]: Starting Journal Service...
[    2.237321] systemd[1]: Starting Set the console keyboard layout...
[    2.245272] systemd[1]: Starting Create list of static device nodes for the current kernel...
[    2.247046] systemd[1]: Starting Load Kernel Module drm...
[    2.248398] systemd[1]: Condition check resulted in Set Up Additional Binary Formats being skipped.
[    2.248447] systemd[1]: Condition check resulted in File System Check on Root Device being skipped.
[    2.260096] systemd[1]: Starting Load Kernel Modules...
[    2.266998] systemd[1]: Starting Remount Root and Kernel File Systems...
[    2.276741] systemd[1]: Starting udev Coldplug all Devices...
[    2.289049] systemd[1]: Starting Uncomplicated firewall...
[    2.291917] EXT4-fs (sda2): re-mounted. Opts: errors=remount-ro
[    2.316836] systemd[1]: Mounted Huge Pages File System.
[    2.316927] systemd[1]: Mounted POSIX Message Queue File System.
[    2.317005] systemd[1]: Mounted Kernel Debug File System.
[    2.317080] systemd[1]: Mounted Kernel Trace File System.
[    2.334747] systemd[1]: Finished Create list of static device nodes for the current kernel.
[    2.335044] systemd[1]: modprobe@drm.service: Succeeded.
[    2.335437] systemd[1]: Finished Load Kernel Module drm.
[    2.335979] systemd[1]: Finished Remount Root and Kernel File Systems.
[    2.342443] systemd[1]: Finished Uncomplicated firewall.
[    2.360240] lp: driver loaded but no devices found
[    2.362113] systemd[1]: Condition check resulted in Rebuild Hardware Database being skipped.
[    2.362152] systemd[1]: Condition check resulted in Platform Persistent Storage Archival being skipped.
[    2.362792] systemd[1]: Starting Load/Save Random Seed...
[    2.368935] systemd[1]: Starting Create System Users...
[    2.374868] ppdev: user-space parallel port driver
[    2.384757] systemd[1]: Finished Load/Save Random Seed.
[    2.391583] systemd[1]: Finished Create System Users.
[    2.392279] systemd[1]: Starting Create Static Device Nodes in /dev...
[    2.421275] systemd[1]: Finished Create Static Device Nodes in /dev.
[    2.422057] systemd[1]: Starting udev Kernel Device Manager...
[    2.435855] systemd[1]: Finished udev Coldplug all Devices.
[    2.470390] [drm] DMA map mode: Caching DMA mappings.
[    2.470452] [drm] Capabilities:
[    2.470452] [drm]   Rect copy.
[    2.470452] [drm]   Cursor.
[    2.470453] [drm]   Cursor bypass.
[    2.470453] [drm]   Cursor bypass 2.
[    2.470453] [drm]   Alpha cursor.
[    2.470454] [drm]   Extended Fifo.
[    2.470454] [drm]   Pitchlock.
[    2.470454] [drm]   Irq mask.
[    2.470455] [drm]   GMR.
[    2.470455] [drm]   Traces.
[    2.470455] [drm]   GMR2.
[    2.470456] [drm]   Screen Object 2.
[    2.470456] [drm]   Command Buffers.
[    2.470457] [drm]   Command Buffers 2.
[    2.470457] [drm]   Guest Backed Resources.
[    2.470458] [drm] Max GMR ids is 8192
[    2.470459] [drm] Max number of GMR pages is 1048576
[    2.470459] [drm] Max dedicated hypervisor surface memory is 393216 kiB
[    2.470460] [drm] Maximum display memory size is 131072 kiB
[    2.470461] [drm] VRAM at 0xe0000000 size is 131072 kiB
[    2.470461] [drm] MMIO at 0xf0000000 size is 2048 kiB
[    2.471359] [TTM] Zone  kernel: Available graphics memory: 1011738 KiB
[    2.471360] [TTM] Initializing pool allocator
[    2.471363] [TTM] Initializing DMA pool allocator
[    2.471391] [drm] Supports vblank timestamp caching Rev 2 (21.10.2013).
[    2.471392] [drm] No driver support for vblank timestamp query.
[    2.471612] [drm] Screen Target Display device initialized
[    2.471884] [drm] width 720
[    2.471893] [drm] height 400
[    2.471897] [drm] bpp 32
[    2.472245] [drm] Fifo max 0x00200000 min 0x00001000 cap 0x00000355
[    2.473864] [drm] Using command buffers with DMA pool.
[    2.473868] [drm] DX: no.
[    2.473868] [drm] Atomic: yes.
[    2.473869] [drm] SM4_1: no.
[    2.473887] [drm:vmw_host_log [vmwgfx]] *ERROR* Failed to send host log message.
[    2.474803] [drm:vmw_host_log [vmwgfx]] *ERROR* Failed to send host log message.
[    2.489842] fbcon: svgadrmfb (fb0) is primary device
[    2.498920] Console: switching to colour frame buffer device 100x37
[    2.510090] [drm] Initialized vmwgfx 2.15.0 20180704 for 0000:00:02.0 on minor 0
[    2.511101] systemd[1]: Finished Load Kernel Modules.
[    2.512114] systemd[1]: Mounting FUSE Control File System...
[    2.514179] systemd[1]: Mounting Kernel Configuration File System...
[    2.536056] systemd[1]: Starting Apply Kernel Variables...
[    2.538210] systemd[1]: Finished Set the console keyboard layout.
[    2.538989] systemd[1]: Mounted FUSE Control File System.
[    2.539067] systemd[1]: Reached target Local File Systems (Pre).
[    2.539094] systemd[1]: Condition check resulted in VMware vmblock fuse mount being skipped.
[    2.546574] systemd[1]: Mounting Mount unit for bare, revision 5...
[    2.551333] systemd[1]: Mounting Mount unit for core18, revision 1705...
[    2.562884] systemd[1]: Mounting Mount unit for gnome-3-34-1804, revision 24...
[    2.585719] systemd[1]: Mounting Mount unit for gtk-common-themes, revision 1506...
[    2.594523] systemd[1]: Mounting Mount unit for gtk-common-themes, revision 1535...
[    2.599957] systemd[1]: Mounting Mount unit for snap-store, revision 433...
[    2.605816] systemd[1]: Mounting Mount unit for snapd, revision 7264...
[    2.607088] systemd[1]: Mounted Kernel Configuration File System.
[    2.634055] systemd[1]: Finished Apply Kernel Variables.
[    2.635789] systemd[1]: Mounted Mount unit for bare, revision 5.
[    2.647663] systemd[1]: Started udev Kernel Device Manager.
[    2.648364] systemd[1]: Starting Show Plymouth Boot Screen...
[    2.655500] systemd[1]: Received SIGRTMIN+20 from PID 274 (plymouthd).
[    2.661089] systemd[1]: Mounted Mount unit for gnome-3-34-1804, revision 24.
[    2.680996] systemd[1]: Started Show Plymouth Boot Screen.
[    2.681169] systemd[1]: Condition check resulted in Dispatch Password Requests to Console Directory Watch being skipped.
[    2.681271] systemd[1]: Started Forward Password Requests to Plymouth Directory Watch.
[    2.681360] systemd[1]: Reached target Local Encrypted Volumes.
[    2.681710] systemd[1]: Mounted Mount unit for core18, revision 1705.
[    2.716307] systemd[1]: Mounted Mount unit for gtk-common-themes, revision 1506.
[    2.765046] systemd[1]: Mounted Mount unit for gtk-common-themes, revision 1535.
[    2.765278] systemd[1]: Mounted Mount unit for snap-store, revision 433.
[    2.765459] systemd[1]: Mounted Mount unit for snapd, revision 7264.
[    2.765607] systemd[1]: Reached target Local File Systems.
[    2.767842] systemd[1]: Starting Load AppArmor profiles...
[    2.779130] systemd[1]: Starting Set console font and keymap...
[    2.794342] systemd[1]: Starting Tell Plymouth To Write Out Runtime Data...
[    2.797379] systemd[1]: Condition check resulted in Store a System Token in an EFI Variable being skipped.
[    2.797409] systemd[1]: Condition check resulted in Commit a transient machine-id on disk being skipped.
[    2.798322] systemd[1]: Finished Set console font and keymap.
[    2.805650] systemd[1]: Received SIGRTMIN+20 from PID 274 (plymouthd).
[    2.806978] systemd[1]: plymouth-read-write.service: Succeeded.
[    2.807314] systemd[1]: Finished Tell Plymouth To Write Out Runtime Data.
[    2.844161] audit: type=1400 audit(1768660374.672:2): apparmor="STATUS" operation="profile_load" profile="unconfined" name="nvidia_modprobe" pid=300 comm="apparmor_parser"
[    2.844163] audit: type=1400 audit(1768660374.672:3): apparmor="STATUS" operation="profile_load" profile="unconfined" name="nvidia_modprobe//kmod" pid=300 comm="apparmor_parser"
[    2.850951] audit: type=1400 audit(1768660374.676:4): apparmor="STATUS" operation="profile_load" profile="unconfined" name="/usr/sbin/tcpdump" pid=301 comm="apparmor_parser"
[    2.883478] audit: type=1400 audit(1768660374.704:5): apparmor="STATUS" operation="profile_load" profile="unconfined" name="/usr/bin/evince" pid=303 comm="apparmor_parser"
[    2.883480] audit: type=1400 audit(1768660374.704:6): apparmor="STATUS" operation="profile_load" profile="unconfined" name="/usr/bin/evince//sanitized_helper" pid=303 comm="apparmor_parser"
[    2.883483] audit: type=1400 audit(1768660374.704:7): apparmor="STATUS" operation="profile_load" profile="unconfined" name="/usr/bin/evince-previewer" pid=303 comm="apparmor_parser"
[    2.883484] audit: type=1400 audit(1768660374.704:8): apparmor="STATUS" operation="profile_load" profile="unconfined" name="/usr/bin/evince-previewer//sanitized_helper" pid=303 comm="apparmor_parser"
[    2.883486] audit: type=1400 audit(1768660374.704:9): apparmor="STATUS" operation="profile_load" profile="unconfined" name="/usr/bin/evince-thumbnailer" pid=303 comm="apparmor_parser"
[    2.919454] audit: type=1400 audit(1768660374.748:10): apparmor="STATUS" operation="profile_load" profile="unconfined" name="/usr/lib/cups/backend/cups-pdf" pid=304 comm="apparmor_parser"
[    2.984025] systemd[1]: Finished Load AppArmor profiles.
[    2.985085] systemd[1]: Starting Load AppArmor profiles managed internally by snapd...
[    3.052133] systemd[1]: Finished Load AppArmor profiles managed internally by snapd.
[    3.201657] systemd[1]: Started Journal Service.
[    3.209035] systemd-journald[229]: Received client request to flush runtime journal.
[    3.214370] systemd-journald[229]: File /var/log/journal/c455b248004a419c87ce85eea238d727/system.journal corrupted or uncleanly shut down, renaming and replacing.
[    4.522159] RAPL PMU: API unit is 2^-32 Joules, 0 fixed counters, 10737418240 ms ovfl timer
[    4.585382] cryptd: max_cpu_qlen set to 1000
[    4.655950] AVX2 version of gcm_enc/dec engaged.
[    4.655951] AES CTR mode by8 optimization enabled
[    5.462629] Adding 1998844k swap on /dev/sda1.  Priority:-2 extents:1 across:1998844k FS
[    7.233489] kauditd_printk_skb: 30 callbacks suppressed
[    7.233491] audit: type=1400 audit(1768660379.060:41): apparmor="DENIED" operation="capable" profile="/usr/sbin/cups-browsed" pid=497 comm="cups-browsed" capability=23  capname="sys_nice"
[    7.711722] pcnet32 0000:00:03.0 enp0s3: link up, 100Mbps, full-duplex
[    7.747567] e1000: enp0s8 NIC Link is Up 1000 Mbps Full Duplex, Flow Control: RX
[    7.747841] IPv6: ADDRCONF(NETDEV_CHANGE): enp0s8: link becomes ready
[    7.760996] e1000: enp0s9 NIC Link is Up 1000 Mbps Full Duplex, Flow Control: RX
[    7.761285] IPv6: ADDRCONF(NETDEV_CHANGE): enp0s9: link becomes ready
[    8.316627] device enp0s3 entered promiscuous mode
[    8.343494] audit: type=1400 audit(1768660380.172:42): apparmor="DENIED" operation="open" profile="/usr/sbin/tcpdump" name="/proc/sys/kernel/random/boot_id" pid=717 comm="tcpdump" requested_mask="r" denied_mask="r" fsuid=0 ouid=0
[    8.343705] audit: type=1400 audit(1768660380.172:43): apparmor="DENIED" operation="open" profile="/usr/sbin/tcpdump" name="/proc/sys/kernel/random/boot_id" pid=717 comm="tcpdump" requested_mask="r" denied_mask="r" fsuid=0 ouid=0
[    8.343756] audit: type=1400 audit(1768660380.172:44): apparmor="DENIED" operation="open" profile="/usr/sbin/tcpdump" name="/proc/sys/kernel/random/boot_id" pid=717 comm="tcpdump" requested_mask="r" denied_mask="r" fsuid=0 ouid=0
[    8.343842] audit: type=1400 audit(1768660380.172:45): apparmor="DENIED" operation="open" profile="/usr/sbin/tcpdump" name="/proc/sys/kernel/random/boot_id" pid=717 comm="tcpdump" requested_mask="r" denied_mask="r" fsuid=0 ouid=0
[    8.349555] audit: type=1400 audit(1768660380.176:46): apparmor="DENIED" operation="open" profile="/usr/sbin/tcpdump" name="/proc/sys/kernel/random/boot_id" pid=718 comm="tcpdump" requested_mask="r" denied_mask="r" fsuid=0 ouid=0
[    8.349620] audit: type=1400 audit(1768660380.176:47): apparmor="DENIED" operation="open" profile="/usr/sbin/tcpdump" name="/proc/sys/kernel/random/boot_id" pid=718 comm="tcpdump" requested_mask="r" denied_mask="r" fsuid=0 ouid=0
[    8.349658] audit: type=1400 audit(1768660380.176:48): apparmor="DENIED" operation="open" profile="/usr/sbin/tcpdump" name="/proc/sys/kernel/random/boot_id" pid=718 comm="tcpdump" requested_mask="r" denied_mask="r" fsuid=0 ouid=0
[    8.349675] audit: type=1400 audit(1768660380.176:49): apparmor="DENIED" operation="open" profile="/usr/sbin/tcpdump" name="/proc/sys/kernel/random/boot_id" pid=718 comm="tcpdump" requested_mask="r" denied_mask="r" fsuid=0 ouid=0
[   12.839322] rfkill: input handler disabled
[  380.431369] rfkill: input handler enabled
[  389.687204] rfkill: input handler disabled
[  601.568840] device enp0s3 left promiscuous mode
