[    0.000000] Linux version 5.4.243-mptcp (root@ztg) (gcc version 12.2.0 (Debian 12.2.0-14+deb12u1)) #53 SMP Wed Dec 24 23:28:15 CST 2025
[    0.000000] Command line: BOOT_IMAGE=/boot/vmlinuz-5.4.243-mptcp root=UUID=98415a12-53b7-4144-8265-0f7ece09e445 ro quiet splash
[    0.000000] KERNEL supported cpus:
[    0.000000]   Intel GenuineIntel
[    0.000000]   AMD AuthenticAMD
[    0.000000]   Hygon HygonGenuine
[    0.000000]   Centaur CentaurHauls
[    0.000000]   zhaoxin   Shanghai  
[    0.000000] x86/fpu: Supporting XSAVE feature 0x001: 'x87 floating point registers'
[    0.000000] x86/fpu: Supporting XSAVE feature 0x002: 'SSE registers'
[    0.000000] x86/fpu: Supporting XSAVE feature 0x004: 'AVX registers'
[    0.000000] x86/fpu: xstate_offset[2]:  576, xstate_sizes[2]:  256
[    0.000000] x86/fpu: Enabled xstate features 0x7, context size is 832 bytes, using 'standard' format.
[    0.000000] BIOS-provided physical RAM map:
[    0.000000] BIOS-e820: [mem 0x0000000000000000-0x000000000009fbff] usable
[    0.000000] BIOS-e820: [mem 0x000000000009fc00-0x000000000009ffff] reserved
[    0.000000] BIOS-e820: [mem 0x00000000000f0000-0x00000000000fffff] reserved
[    0.000000] BIOS-e820: [mem 0x0000000000100000-0x000000007ffeffff] usable
[    0.000000] BIOS-e820: [mem 0x000000007fff0000-0x000000007fffffff] ACPI data
[    0.000000] BIOS-e820: [mem 0x00000000fec00000-0x00000000fec00fff] reserved
[    0.000000] BIOS-e820: [mem 0x00000000fee00000-0x00000000fee00fff] reserved
[    0.000000] BIOS-e820: [mem 0x00000000fffc0000-0x00000000ffffffff] reserved
[    0.000000] NX (Execute Disable) protection: active
[    0.000000] SMBIOS 2.5 present.
[    0.000000] DMI: innotek GmbH VirtualBox/VirtualBox, BIOS VirtualBox 12/01/2006
[    0.000000] Hypervisor detected: KVM
[    0.000000] kvm-clock: Using msrs 4b564d01 and 4b564d00
[    0.000000] kvm-clock: cpu 0, msr 7401001, primary cpu clock
[    0.000000] kvm-clock: using sched offset of 4435489315 cycles
[    0.000003] clocksource: kvm-clock: mask: 0xffffffffffffffff max_cycles: 0x1cd42e4dffb, max_idle_ns: 881590591483 ns
[    0.000006] tsc: Detected 2100.000 MHz processor
[    0.001870] e820: update [mem 0x00000000-0x00000fff] usable ==> reserved
[    0.001872] e820: remove [mem 0x000a0000-0x000fffff] usable
[    0.001876] last_pfn = 0x7fff0 max_arch_pfn = 0x400000000
[    0.001944] MTRR default type: uncachable
[    0.001945] MTRR fixed ranges enabled:
[    0.001947]   00000-9FFFF write-back
[    0.001947]   A0000-BFFFF uncachable
[    0.001948]   C0000-FFFFF write-protect
[    0.001949] MTRR variable ranges enabled:
[    0.001950]   0 base 000000000000 mask 3FFF80000000 write-back
[    0.001951]   1 disabled
[    0.001951]   2 disabled
[    0.001952]   3 disabled
[    0.001952]   4 disabled
[    0.001953]   5 disabled
[    0.001953]   6 disabled
[    0.001953]   7 disabled
[    0.001954]   8 disabled
[    0.001954]   9 disabled
[    0.001955]   10 disabled
[    0.001955]   11 disabled
[    0.001956]   12 disabled
[    0.001956]   13 disabled
[    0.001956]   14 disabled
[    0.001957]   15 disabled
[    0.001973] x86/PAT: Configuration [0-7]: WB  WC  UC- UC  WB  WP  UC- WT  
[    0.002108] found SMP MP-table at [mem 0x0009fff0-0x0009ffff]
[    0.090948] check: Scanning 1 areas for low memory corruption
[    0.091126] RAMDISK: [mem 0x32271000-0x3512ffff]
[    0.091134] ACPI: Early table checksum verification disabled
[    0.091139] ACPI: RSDP 0x00000000000E0000 000024 (v02 VBOX  )
[    0.091143] ACPI: XSDT 0x000000007FFF0030 00003C (v01 VBOX   VBOXXSDT 00000001 ASL  00000061)
[    0.091149] ACPI: FACP 0x000000007FFF00F0 0000F4 (v04 VBOX   VBOXFACP 00000001 ASL  00000061)
[    0.091156] ACPI: DSDT 0x000000007FFF02E0 002353 (v02 VBOX   VBOXBIOS 00000002 VBOX 00029BF3)
[    0.091160] ACPI: FACS 0x000000007FFF0200 000040
[    0.091163] ACPI: FACS 0x000000007FFF0200 000040
[    0.091166] ACPI: APIC 0x000000007FFF0240 000054 (v02 VBOX   VBOXAPIC 00000001 ASL  00000061)
[    0.091170] ACPI: SSDT 0x000000007FFF02A0 000038 (v01 VBOX   VBOXCPUT 00000002 VBOX 00029BF3)
[    0.091173] ACPI: Reserving FACP table memory at [mem 0x7fff00f0-0x7fff01e3]
[    0.091174] ACPI: Reserving DSDT table memory at [mem 0x7fff02e0-0x7fff2632]
[    0.091175] ACPI: Reserving FACS table memory at [mem 0x7fff0200-0x7fff023f]
[    0.091175] ACPI: Reserving FACS table memory at [mem 0x7fff0200-0x7fff023f]
[    0.091176] ACPI: Reserving APIC table memory at [mem 0x7fff0240-0x7fff0293]
[    0.091177] ACPI: Reserving SSDT table memory at [mem 0x7fff02a0-0x7fff02d7]
[    0.091190] ACPI: Local APIC address 0xfee00000
[    0.091379] No NUMA configuration found
[    0.091380] Faking a node at [mem 0x0000000000000000-0x000000007ffeffff]
[    0.091390] NODE_DATA(0) allocated [mem 0x7ffc5000-0x7ffeffff]
[    0.091650] Zone ranges:
[    0.091651]   DMA      [mem 0x0000000000001000-0x0000000000ffffff]
[    0.091653]   DMA32    [mem 0x0000000001000000-0x000000007ffeffff]
[    0.091654]   Normal   empty
[    0.091654]   Device   empty
[    0.091655] Movable zone start for each node
[    0.091657] Early memory node ranges
[    0.091658]   node   0: [mem 0x0000000000001000-0x000000000009efff]
[    0.091659]   node   0: [mem 0x0000000000100000-0x000000007ffeffff]
[    0.091661] Zeroed struct page in unavailable ranges: 114 pages
[    0.091663] Initmem setup node 0 [mem 0x0000000000001000-0x000000007ffeffff]
[    0.091664] On node 0 totalpages: 524174
[    0.091665]   DMA zone: 64 pages used for memmap
[    0.091665]   DMA zone: 21 pages reserved
[    0.091666]   DMA zone: 3998 pages, LIFO batch:0
[    0.091737]   DMA32 zone: 8128 pages used for memmap
[    0.091738]   DMA32 zone: 520176 pages, LIFO batch:63
[    0.100662] ACPI: PM-Timer IO Port: 0x4008
[    0.100666] ACPI: Local APIC address 0xfee00000
[    0.100741] IOAPIC[0]: apic_id 1, version 32, address 0xfec00000, GSI 0-23
[    0.100745] ACPI: INT_SRC_OVR (bus 0 bus_irq 0 global_irq 2 dfl dfl)
[    0.100747] ACPI: INT_SRC_OVR (bus 0 bus_irq 9 global_irq 9 low level)
[    0.100748] ACPI: IRQ0 used by override.
[    0.100750] ACPI: IRQ9 used by override.
[    0.100752] Using ACPI (MADT) for SMP configuration information
[    0.100759] smpboot: Allowing 1 CPUs, 0 hotplug CPUs
[    0.100783] PM: Registered nosave memory: [mem 0x00000000-0x00000fff]
[    0.100784] PM: Registered nosave memory: [mem 0x0009f000-0x0009ffff]
[    0.100785] PM: Registered nosave memory: [mem 0x000a0000-0x000effff]
[    0.100785] PM: Registered nosave memory: [mem 0x000f0000-0x000fffff]
[    0.100787] [mem 0x80000000-0xfebfffff] available for PCI devices
[    0.100788] Booting paravirtualized kernel on KVM
[    0.100791] clocksource: refined-jiffies: mask: 0xffffffff max_cycles: 0xffffffff, max_idle_ns: 7645519600211568 ns
[    0.100796] setup_percpu: NR_CPUS:8192 nr_cpumask_bits:1 nr_cpu_ids:1 nr_node_ids:1
[    0.101816] percpu: Embedded 60 pages/cpu s208896 r8192 d28672 u2097152
[    0.101821] pcpu-alloc: s208896 r8192 d28672 u2097152 alloc=1*2097152
[    0.101822] pcpu-alloc: [0] 0 
[    0.101849] Built 1 zonelists, mobility grouping on.  Total pages: 515961
[    0.101850] Policy zone: DMA32
[    0.101851] Kernel command line: BOOT_IMAGE=/boot/vmlinuz-5.4.243-mptcp root=UUID=98415a12-53b7-4144-8265-0f7ece09e445 ro quiet splash
[    0.102719] Dentry cache hash table entries: 262144 (order: 9, 2097152 bytes, linear)
[    0.102867] Inode-cache hash table entries: 131072 (order: 8, 1048576 bytes, linear)
[    0.102919] mem auto-init: stack:off, heap alloc:on, heap free:off
[    0.102922] Calgary: detecting Calgary via BIOS EBDA area
[    0.102923] Calgary: Unable to locate Rio Grande table in EBDA - bailing!
[    0.107059] Memory: 1967332K/2096696K available (14339K kernel code, 2398K rwdata, 4712K rodata, 2728K init, 17260K bss, 129364K reserved, 0K cma-reserved)
[    0.107985] SLUB: HWalign=64, Order=0-3, MinObjects=0, CPUs=1, Nodes=1
[    0.108001] ftrace: allocating 43186 entries in 169 pages
[    0.126167] rcu: Hierarchical RCU implementation.
[    0.126169] rcu: 	RCU restricting CPUs from NR_CPUS=8192 to nr_cpu_ids=1.
[    0.126170] 	Tasks RCU enabled.
[    0.126171] rcu: RCU calculated value of scheduler-enlistment delay is 25 jiffies.
[    0.126172] rcu: Adjusting geometry for rcu_fanout_leaf=16, nr_cpu_ids=1
[    0.129274] NR_IRQS: 524544, nr_irqs: 256, preallocated irqs: 16
[    0.129505] random: crng init done
[    0.138819] Console: colour VGA+ 80x25
[    0.138823] printk: console [tty0] enabled
[    0.138845] ACPI: Core revision 20190816
[    0.138945] APIC: Switch to symmetric I/O mode setup
[    0.139197] x2apic enabled
[    0.139434] Switched APIC routing to physical x2apic.
[    0.140556] ..TIMER: vector=0x30 apic1=0 pin1=2 apic2=-1 pin2=-1
[    0.140583] clocksource: tsc-early: mask: 0xffffffffffffffff max_cycles: 0x1e4530a99b6, max_idle_ns: 440795257976 ns
[    0.140589] Calibrating delay loop (skipped) preset value.. 4200.00 BogoMIPS (lpj=8400000)
[    0.140591] pid_max: default: 32768 minimum: 301
[    0.140620] LSM: Security Framework initializing
[    0.140630] Yama: becoming mindful.
[    0.140656] AppArmor: AppArmor initialized
[    0.140691] Mount-cache hash table entries: 4096 (order: 3, 32768 bytes, linear)
[    0.140696] Mountpoint-cache hash table entries: 4096 (order: 3, 32768 bytes, linear)
[    0.140707] *** VALIDATE tmpfs ***
[    0.140842] *** VALIDATE proc ***
[    0.140885] *** VALIDATE cgroup1 ***
[    0.140886] *** VALIDATE cgroup2 ***
[    0.141028] process: using mwait in idle threads
[    0.141033] Last level iTLB entries: 4KB 64, 2MB 8, 4MB 8
[    0.141034] Last level dTLB entries: 4KB 64, 2MB 0, 4MB 0, 1GB 4
[    0.141053] Spectre V1 : Mitigation: usercopy/swapgs barriers and __user pointer sanitization
[    0.141058] Spectre V2 : Mitigation: Retpolines
[    0.141059] Spectre V2 : Spectre v2 / SpectreRSB mitigation: Filling RSB on context switch
[    0.141059] Spectre V2 : Spectre v2 / SpectreRSB : Filling RSB on VMEXIT
[    0.141060] RETBleed: WARNING: Spectre v2 mitigation leaves CPU vulnerable to RETBleed attacks, data leaks possible!
[    0.141421] RETBleed: Vulnerable
[    0.141422] Speculative Store Bypass: Vulnerable
[    0.141427] TAA: Mitigation: TSX disabled
[    0.141427] MMIO Stale Data: Mitigation: Clear CPU buffers
[    0.145656] Freeing SMP alternatives memory: 40K
[    0.258077] smpboot: CPU0: Intel(R) Xeon(R) Silver 4216 CPU @ 2.10GHz (family: 0x6, model: 0x55, stepping: 0x7)
[    0.258201] Performance Events: unsupported p6 CPU model 85 no PMU driver, software events only.
[    0.258237] rcu: Hierarchical SRCU implementation.
[    0.258711] NMI watchdog: Perf NMI watchdog permanently disabled
[    0.258749] smp: Bringing up secondary CPUs ...
[    0.258750] smp: Brought up 1 node, 1 CPU
[    0.258751] smpboot: Max logical packages: 1
[    0.258752] smpboot: Total of 1 processors activated (4200.00 BogoMIPS)
[    0.259724] devtmpfs: initialized
[    0.259771] x86/mm: Memory block size: 128MB
[    0.260118] clocksource: jiffies: mask: 0xffffffff max_cycles: 0xffffffff, max_idle_ns: 7645041785100000 ns
[    0.260124] futex hash table entries: 256 (order: 2, 16384 bytes, linear)
[    0.260167] pinctrl core: initialized pinctrl subsystem
[    0.260267] PM: RTC time: 20:52:28, date: 2026-01-19
[    0.260377] NET: Registered protocol family 16
[    0.260451] audit: initializing netlink subsys (disabled)
[    0.260577] EISA bus registered
[    0.260579] cpuidle: using governor ladder
[    0.260579] cpuidle: using governor menu
[    0.260585] ACPI: bus type PCI registered
[    0.260585] acpiphp: ACPI Hot Plug PCI Controller Driver version: 0.5
[    0.260585] PCI: Using configuration type 1 for base access
[    0.260851] audit: type=2000 audit(1768827154.985:1): state=initialized audit_enabled=0 res=1
[    0.260929] HugeTLB registered 2.00 MiB page size, pre-allocated 0 pages
[    0.261782] ACPI: Added _OSI(Module Device)
[    0.261783] ACPI: Added _OSI(Processor Device)
[    0.261784] ACPI: Added _OSI(3.0 _SCP Extensions)
[    0.261784] ACPI: Added _OSI(Processor Aggregator Device)
[    0.261785] ACPI: Added _OSI(Linux-Dell-Video)
[    0.261786] ACPI: Added _OSI(Linux-Lenovo-NV-HDMI-Audio)
[    0.261787] ACPI: Added _OSI(Linux-HPI-Hybrid-Graphics)
[    0.263728] ACPI: 2 ACPI AML tables successfully acquired and loaded
[    0.265214] ACPI: Interpreter enabled
[    0.265223] ACPI: (supports S0 S5)
[    0.265224] ACPI: Using IOAPIC for interrupt routing
[    0.265439] PCI: Using host bridge windows from ACPI; if necessary, use "pci=nocrs" and report a bug
[    0.265544] ACPI: Enabled 2 GPEs in block 00 to 07
[    0.270463] ACPI: PCI Root Bridge [PCI0] (domain 0000 [bus 00-ff])
[    0.270468] acpi PNP0A03:00: _OSC: OS supports [ASPM ClockPM Segments MSI HPX-Type3]
[    0.270910] acpi PNP0A03:00: _OSC: not requesting OS control; OS requires [ExtendedConfig ASPM ClockPM MSI]
[    0.270918] acpi PNP0A03:00: fail to add MMCONFIG information, can't access extended PCI configuration space under this bridge.
[    0.271285] PCI host bridge to bus 0000:00
[    0.271287] pci_bus 0000:00: root bus resource [io  0x0000-0x0cf7 window]
[    0.271288] pci_bus 0000:00: root bus resource [io  0x0d00-0xffff window]
[    0.271289] pci_bus 0000:00: root bus resource [mem 0x000a0000-0x000bffff window]
[    0.271291] pci_bus 0000:00: root bus resource [mem 0x80000000-0xfdffffff window]
[    0.271292] pci_bus 0000:00: root bus resource [bus 00-ff]
[    0.271330] pci 0000:00:00.0: [8086:1237] type 00 class 0x060000
[    0.272255] pci 0000:00:01.0: [8086:7000] type 00 class 0x060100
[    0.273050] pci 0000:00:01.1: [8086:7111] type 00 class 0x01018a
[    0.273425] pci 0000:00:01.1: reg 0x20: [io  0xd000-0xd00f]
[    0.273579] pci 0000:00:01.1: legacy IDE quirk: reg 0x10: [io  0x01f0-0x01f7]
[    0.273580] pci 0000:00:01.1: legacy IDE quirk: reg 0x14: [io  0x03f6]
[    0.273581] pci 0000:00:01.1: legacy IDE quirk: reg 0x18: [io  0x0170-0x0177]
[    0.273582] pci 0000:00:01.1: legacy IDE quirk: reg 0x1c: [io  0x0376]
[    0.274113] pci 0000:00:02.0: [15ad:0405] type 00 class 0x030000
[    0.276664] pci 0000:00:02.0: reg 0x10: [io  0xd010-0xd01f]
[    0.279497] pci 0000:00:02.0: reg 0x14: [mem 0xe0000000-0xe7ffffff pref]
[    0.282463] pci 0000:00:02.0: reg 0x18: [mem 0xf0000000-0xf01fffff]
[    0.293414] pci 0000:00:03.0: [1022:2000] type 00 class 0x020000
[    0.294193] pci 0000:00:03.0: reg 0x10: [io  0xd020-0xd03f]
[    0.294877] pci 0000:00:03.0: reg 0x14: [mem 0xf0200000-0xf0200fff]
[    0.299177] pci 0000:00:04.0: [80ee:cafe] type 00 class 0x088000
[    0.299862] pci 0000:00:04.0: reg 0x10: [io  0xd040-0xd05f]
[    0.300659] pci 0000:00:04.0: reg 0x14: [mem 0xf0400000-0xf07fffff]
[    0.301271] pci 0000:00:04.0: reg 0x18: [mem 0xf0800000-0xf0803fff pref]
[    0.304628] pci 0000:00:07.0: [8086:7113] type 00 class 0x068000
[    0.305168] pci 0000:00:07.0: quirk: [io  0x4000-0x403f] claimed by PIIX4 ACPI
[    0.305179] pci 0000:00:07.0: quirk: [io  0x4100-0x410f] claimed by PIIX4 SMB
[    0.305797] pci 0000:00:08.0: [8086:100e] type 00 class 0x020000
[    0.306497] pci 0000:00:08.0: reg 0x10: [mem 0xf0820000-0xf083ffff]
[    0.307651] pci 0000:00:08.0: reg 0x18: [io  0xd060-0xd067]
[    0.310755] pci 0000:00:09.0: [8086:100e] type 00 class 0x020000
[    0.311464] pci 0000:00:09.0: reg 0x10: [mem 0xf0840000-0xf085ffff]
[    0.313195] pci 0000:00:09.0: reg 0x18: [io  0xd068-0xd06f]
[    0.321718] ACPI: PCI Interrupt Link [LNKA] (IRQs 5 9 10 *11)
[    0.322000] ACPI: PCI Interrupt Link [LNKB] (IRQs 5 9 *10 11)
[    0.322103] ACPI: PCI Interrupt Link [LNKC] (IRQs 5 *9 10 11)
[    0.322207] ACPI: PCI Interrupt Link [LNKD] (IRQs 5 9 10 *11)
[    0.324838] iommu: Default domain type: Translated 
[    0.324898] pci 0000:00:02.0: vgaarb: setting as boot VGA device
[    0.324899] pci 0000:00:02.0: vgaarb: VGA device added: decodes=io+mem,owns=io+mem,locks=none
[    0.324901] pci 0000:00:02.0: vgaarb: bridge control possible
[    0.324902] vgaarb: loaded
[    0.325110] SCSI subsystem initialized
[    0.325144] libata version 3.00 loaded.
[    0.325167] ACPI: bus type USB registered
[    0.325182] usbcore: registered new interface driver usbfs
[    0.325188] usbcore: registered new interface driver hub
[    0.325193] usbcore: registered new device driver usb
[    0.325221] pps_core: LinuxPPS API ver. 1 registered
[    0.325222] pps_core: Software ver. 5.3.6 - Copyright 2005-2007 Rodolfo Giometti <giometti@linux.it>
[    0.325224] PTP clock support registered
[    0.325257] EDAC MC: Ver: 3.0.0
[    0.325544] PCI: Using ACPI for IRQ routing
[    0.325546] PCI: pci_cache_line_size set to 64 bytes
[    0.325713] e820: reserve RAM buffer [mem 0x0009fc00-0x0009ffff]
[    0.325717] e820: reserve RAM buffer [mem 0x7fff0000-0x7fffffff]
[    0.326526] NetLabel: Initializing
[    0.326526] NetLabel:  domain hash size = 128
[    0.326527] NetLabel:  protocols = UNLABELED CIPSOv4 CALIPSO
[    0.326546] NetLabel:  unlabeled traffic allowed by default
[    0.327451] clocksource: Switched to clocksource kvm-clock
[    0.339212] *** VALIDATE bpf ***
[    0.339278] VFS: Disk quotas dquot_6.6.0
[    0.339291] VFS: Dquot-cache hash table entries: 512 (order 0, 4096 bytes)
[    0.339314] *** VALIDATE ramfs ***
[    0.339316] *** VALIDATE hugetlbfs ***
[    0.339399] AppArmor: AppArmor Filesystem Enabled
[    0.339427] pnp: PnP ACPI init
[    0.339497] pnp 00:00: Plug and Play ACPI device, IDs PNP0303 (active)
[    0.339583] pnp 00:01: Plug and Play ACPI device, IDs PNP0f03 (active)
[    0.340322] pnp: PnP ACPI: found 2 devices
[    0.341281] thermal_sys: Registered thermal governor 'fair_share'
[    0.341281] thermal_sys: Registered thermal governor 'bang_bang'
[    0.341282] thermal_sys: Registered thermal governor 'step_wise'
[    0.341283] thermal_sys: Registered thermal governor 'user_space'
[    0.341283] thermal_sys: Registered thermal governor 'power_allocator'
[    0.345813] clocksource: acpi_pm: mask: 0xffffff max_cycles: 0xffffff, max_idle_ns: 2085701024 ns
[    0.345854] pci_bus 0000:00: resource 4 [io  0x0000-0x0cf7 window]
[    0.345855] pci_bus 0000:00: resource 5 [io  0x0d00-0xffff window]
[    0.345856] pci_bus 0000:00: resource 6 [mem 0x000a0000-0x000bffff window]
[    0.345857] pci_bus 0000:00: resource 7 [mem 0x80000000-0xfdffffff window]
[    0.345915] NET: Registered protocol family 2
[    0.345991] IP idents hash table entries: 32768 (order: 6, 262144 bytes, linear)
[    0.346394] MPTCP tokens hash table entries: 8192 (order: 4, 65536 bytes, linear)
[    0.346414] MPTCP request tokens hash table entries: 8192 (order: 4, 65536 bytes, linear)
[    0.346439] default registered
[    0.346440] default registered
[    0.346440] MPTCP: Stable release v0.96
[    0.346446] tcp_listen_portaddr_hash hash table entries: 1024 (order: 2, 16384 bytes, linear)
[    0.346525] TCP established hash table entries: 16384 (order: 5, 131072 bytes, linear)
[    0.346592] TCP bind hash table entries: 16384 (order: 6, 262144 bytes, linear)
[    0.346617] TCP: Hash tables configured (established 16384 bind 16384)
[    0.347372] UDP hash table entries: 1024 (order: 3, 32768 bytes, linear)
[    0.347384] UDP-Lite hash table entries: 1024 (order: 3, 32768 bytes, linear)
[    0.347421] NET: Registered protocol family 1
[    0.347429] NET: Registered protocol family 44
[    0.347452] pci 0000:00:00.0: Limiting direct PCI/PCI transfers
[    0.347465] pci 0000:00:01.0: Activating ISA DMA hang workarounds
[    0.347519] pci 0000:00:02.0: Video device with shadowed ROM at [mem 0x000c0000-0x000dffff]
[    0.347583] PCI: CLS 0 bytes, default 64
[    0.347632] Trying to unpack rootfs image as initramfs...
[    0.524188] Freeing initrd memory: 47868K
[    0.524188] clocksource: tsc: mask: 0xffffffffffffffff max_cycles: 0x1e4530a99b6, max_idle_ns: 440795257976 ns
[    0.524188] clocksource: Switched to clocksource tsc
[    0.524188] platform rtc_cmos: registered platform RTC device (no PNP device found)
[    0.524188] check: Scanning for low memory corruption every 60 seconds
[    0.524188] Initialise system trusted keyrings
[    0.524188] Key type blacklist registered
[    0.524188] workingset: timestamp_bits=36 max_order=19 bucket_order=0
[    0.524188] zbud: loaded
[    0.524188] squashfs: version 4.0 (2009/01/31) Phillip Lougher
[    0.524188] fuse: init (API version 7.31)
[    0.524188] *** VALIDATE fuse ***
[    0.524188] *** VALIDATE fuse ***
[    0.524188] Platform Keyring initialized
[    0.536363] Key type asymmetric registered
[    0.536364] Asymmetric key parser 'x509' registered
[    0.536374] Block layer SCSI generic (bsg) driver version 0.4 loaded (major 244)
[    0.536416] io scheduler mq-deadline registered
[    0.536537] shpchp: Standard Hot Plug PCI Controller Driver version: 0.4
[    0.536737] ACPI: AC Adapter [AC] (on-line)
[    0.536781] input: Power Button as /devices/LNXSYSTM:00/LNXPWRBN:00/input/input0
[    0.536810] ACPI: Power Button [PWRF]
[    0.536884] input: Sleep Button as /devices/LNXSYSTM:00/LNXSLPBN:00/input/input1
[    0.536898] ACPI: Sleep Button [SLPF]
[    0.537124] Serial: 8250/16550 driver, 32 ports, IRQ sharing enabled
[    0.538267] Linux agpgart interface v0.103
[    0.627126] loop: module loaded
[    0.627278] ata_piix 0000:00:01.1: version 2.13
[    0.627688] scsi host0: ata_piix
[    0.627779] scsi host1: ata_piix
[    0.627805] ata1: PATA max UDMA/33 cmd 0x1f0 ctl 0x3f6 bmdma 0xd000 irq 14
[    0.627806] ata2: PATA max UDMA/33 cmd 0x170 ctl 0x376 bmdma 0xd008 irq 15
[    0.627888] tun: Universal TUN/TAP device driver, 1.6
[    0.628189] PPP generic driver version 2.4.2
[    0.628231] VFIO - User Level meta-driver version: 0.3
[    0.628470] ehci_hcd: USB 2.0 'Enhanced' Host Controller (EHCI) Driver
[    0.628475] ehci-pci: EHCI PCI platform driver
[    0.628490] ehci-platform: EHCI generic platform driver
[    0.628496] ohci_hcd: USB 1.1 'Open' Host Controller (OHCI) Driver
[    0.628497] ohci-pci: OHCI PCI platform driver
[    0.628504] ohci-platform: OHCI generic platform driver
[    0.628509] uhci_hcd: USB Universal Host Controller Interface driver
[    0.628574] i8042: PNP: PS/2 Controller [PNP0303:PS2K,PNP0f03:PS2M] at 0x60,0x64 irq 1,12
[    0.629007] serio: i8042 KBD port at 0x60,0x64 irq 1
[    0.629011] serio: i8042 AUX port at 0x60,0x64 irq 12
[    0.629097] mousedev: PS/2 mouse device common for all mice
[    0.629356] input: AT Translated Set 2 keyboard as /devices/platform/i8042/serio0/input/input2
[    0.629755] rtc_cmos rtc_cmos: registered as rtc0
[    0.629769] rtc_cmos rtc_cmos: alarms up to one day, 114 bytes nvram
[    0.629774] i2c /dev entries driver
[    0.629817] device-mapper: uevent: version 1.0.3
[    0.629860] device-mapper: ioctl: 4.41.0-ioctl (2019-09-16) initialised: dm-devel@redhat.com
[    0.629876] platform eisa.0: Probing EISA bus 0
[    0.629877] platform eisa.0: EISA: Cannot allocate resource for mainboard
[    0.629878] platform eisa.0: Cannot allocate resource for EISA slot 1
[    0.629879] platform eisa.0: Cannot allocate resource for EISA slot 2
[    0.629880] platform eisa.0: Cannot allocate resource for EISA slot 3
[    0.629881] platform eisa.0: Cannot allocate resource for EISA slot 4
[    0.629882] platform eisa.0: Cannot allocate resource for EISA slot 5
[    0.629883] platform eisa.0: Cannot allocate resource for EISA slot 6
[    0.629884] platform eisa.0: Cannot allocate resource for EISA slot 7
[    0.629885] platform eisa.0: Cannot allocate resource for EISA slot 8
[    0.629886] platform eisa.0: EISA: Detected 0 cards
[    0.629889] intel_pstate: CPU model not supported
[    0.629898] ledtrig-cpu: registered to indicate activity on CPUs
[    0.629954] drop_monitor: Initializing network drop monitor service
[    0.630111] NET: Registered protocol family 10
[    0.635224] Segment Routing with IPv6
[    0.635253] fullmesh registered
[    0.635254] ndiffports registered
[    0.635256] binder registered
[    0.635257] roundrobin registered
[    0.635258] redundant registered
[    0.635258] blest registered
[    0.635259] ecf registered
[    0.635260] NET: Registered protocol family 17
[    0.635286] Key type dns_resolver registered
[    0.635286] RAS: Correctable Errors collector initialized.
[    0.635286] IPI shorthand broadcast: enabled
[    0.635286] sched_clock: Marking stable (620195767, 11091016)->(633612945, -2326162)
[    0.635471] registered taskstats version 1
[    0.635480] Loading compiled-in X.509 certificates
[    0.636066] Loaded X.509 cert 'Build time autogenerated kernel key: 6909f3744cebb3d0de528d5887b96a727de79b1e'
[    0.636085] zswap: loaded using pool lzo/zbud
[    0.636138] Key type ._fscrypt registered
[    0.636139] Key type .fscrypt registered
[    0.640578] Key type big_key registered
[    0.642756] Key type encrypted registered
[    0.642759] AppArmor: AppArmor sha1 policy hashing enabled
[    0.642766] ima: No TPM chip found, activating TPM-bypass!
[    0.642769] ima: Allocated hash algorithm: sha1
[    0.642774] ima: No architecture policies found
[    0.642783] evm: Initialising EVM extended attributes:
[    0.642784] evm: security.selinux
[    0.642784] evm: security.SMACK64
[    0.642785] evm: security.SMACK64EXEC
[    0.642785] evm: security.SMACK64TRANSMUTE
[    0.642786] evm: security.SMACK64MMAP
[    0.642786] evm: security.apparmor
[    0.642786] evm: security.ima
[    0.642787] evm: security.capability
[    0.642788] evm: HMAC attrs: 0x1
[    0.643097] PM:   Magic number: 10:857:902
[    0.643130] acpi PNP0501:02: hash matches
[    0.643224] rtc_cmos rtc_cmos: setting system clock to 2026-01-19T20:52:29 UTC (1768855949)
[    0.799962] ata1.00: ATA-6: VBOX HARDDISK, 1.0, max UDMA/133
[    0.799965] ata1.00: 209715200 sectors, multi 128: LBA 
[    0.800587] scsi 0:0:0:0: Direct-Access     ATA      VBOX HARDDISK    1.0  PQ: 0 ANSI: 5
[    0.800855] sd 0:0:0:0: [sda] 209715200 512-byte logical blocks: (107 GB/100 GiB)
[    0.800867] sd 0:0:0:0: [sda] Write Protect is off
[    0.800870] sd 0:0:0:0: [sda] Mode Sense: 00 3a 00 00
[    0.800889] sd 0:0:0:0: [sda] Write cache: enabled, read cache: enabled, doesn't support DPO or FUA
[    0.801107] sd 0:0:0:0: Attached scsi generic sg0 type 0
[    0.802190]  sda: sda1 sda2
[    0.811388] sd 0:0:0:0: [sda] Attached SCSI disk
[    0.816071] Freeing unused decrypted memory: 2040K
[    0.817287] Freeing unused kernel image memory: 2728K
[    0.817290] Write protecting the kernel read-only data: 22528k
[    0.818639] Freeing unused kernel image memory: 2036K
[    0.819375] Freeing unused kernel image memory: 1432K
[    0.853658] x86/mm: Checked W+X mappings: passed, no W+X pages found.
[    0.853662] Run /init as init process
[    0.964196] ACPI: Video Device [GFX0] (multi-head: yes  rom: no  post: no)
[    0.964269] input: Video Bus as /devices/LNXSYSTM:00/LNXSYBUS:00/PNP0A03:00/LNXVIDEO:00/input/input4
[    0.975515] pcnet32: pcnet32.c:v1.35 21.Apr.2008 tsbogend@alpha.franken.de
[    0.979272] piix4_smbus 0000:00:07.0: SMBus Host Controller at 0x4100, revision 0
[    0.980003] pcnet32: PCnet/FAST III 79C973 at 0xd020, 08:00:27:67:77:c4 assigned IRQ 19
[    0.980045] pcnet32: Found PHY 0022:561b at address 0
[    0.980338] pcnet32: eth0: registered as PCnet/FAST III 79C973
[    0.982745] e1000: Intel(R) PRO/1000 Network Driver - version 7.3.21-k8-NAPI
[    0.982745] e1000: Copyright (c) 1999-2006 Intel Corporation.
[    0.994141] pcnet32: 1 cards_found
[    1.061804] pcnet32 0000:00:03.0 enp0s3: renamed from eth0
[    1.204537] input: ImExPS/2 Generic Explorer Mouse as /devices/platform/i8042/serio1/input/input5
[    1.387321] e1000 0000:00:08.0 eth0: (PCI:33MHz:32-bit) 08:00:27:e6:82:64
[    1.387325] e1000 0000:00:08.0 eth0: Intel(R) PRO/1000 Network Connection
[    1.759367] e1000 0000:00:09.0 eth1: (PCI:33MHz:32-bit) 08:00:27:8d:0b:46
[    1.759369] e1000 0000:00:09.0 eth1: Intel(R) PRO/1000 Network Connection
[    1.760501] e1000 0000:00:09.0 enp0s9: renamed from eth1
[    1.762254] e1000 0000:00:08.0 enp0s8: renamed from eth0
[    1.938387] EXT4-fs (sda2): mounted filesystem with ordered data mode. Opts: (null)
[    2.029552] systemd[1]: Inserted module 'autofs4'
[    2.041913] systemd[1]: systemd 245.4-4ubuntu3 running in system mode. (+PAM +AUDIT +SELINUX +IMA +APPARMOR +SMACK +SYSVINIT +UTMP +LIBCRYPTSETUP +GCRYPT +GNUTLS +ACL +XZ +LZ4 +SECCOMP +BLKID +ELFUTILS +KMOD +IDN2 -IDN +PCRE2 default-hierarchy=hybrid)
[    2.041944] systemd[1]: Detected virtualization oracle.
[    2.041950] systemd[1]: Detected architecture x86-64.
[    2.043310] systemd[1]: Set hostname to <ztg>.
[    2.168432] systemd[1]: /lib/systemd/system/dbus.socket:5: ListenStream= references a path below legacy directory /var/run/, updating /var/run/dbus/system_bus_socket â†’ /run/dbus/system_bus_socket; please update the unit file accordingly.
[    2.221072] systemd[1]: Created slice system-modprobe.slice.
[    2.221256] systemd[1]: Created slice User and Session Slice.
[    2.221300] systemd[1]: Started Forward Password Requests to Wall Directory Watch.
[    2.221459] systemd[1]: Set up automount Arbitrary Executable File Formats File System Automount Point.
[    2.221491] systemd[1]: Reached target User and Group Name Lookups.
[    2.221499] systemd[1]: Reached target Remote File Systems.
[    2.221507] systemd[1]: Reached target Slices.
[    2.222062] systemd[1]: Listening on Syslog Socket.
[    2.222130] systemd[1]: Listening on fsck to fsckd communication Socket.
[    2.222168] systemd[1]: Listening on initctl Compatibility Named Pipe.
[    2.222307] systemd[1]: Listening on Journal Audit Socket.
[    2.222359] systemd[1]: Listening on Journal Socket (/dev/log).
[    2.222425] systemd[1]: Listening on Journal Socket.
[    2.222490] systemd[1]: Listening on udev Control Socket.
[    2.222529] systemd[1]: Listening on udev Kernel Socket.
[    2.223358] systemd[1]: Mounting Huge Pages File System...
[    2.224282] systemd[1]: Mounting POSIX Message Queue File System...
[    2.225151] systemd[1]: Mounting Kernel Debug File System...
[    2.226005] systemd[1]: Mounting Kernel Trace File System...
[    2.227947] systemd[1]: Starting Journal Service...
[    2.249832] systemd[1]: Starting Set the console keyboard layout...
[    2.257714] systemd[1]: Starting Create list of static device nodes for the current kernel...
[    2.259540] systemd[1]: Starting Load Kernel Module drm...
[    2.260536] systemd[1]: Condition check resulted in Set Up Additional Binary Formats being skipped.
[    2.260584] systemd[1]: Condition check resulted in File System Check on Root Device being skipped.
[    2.274094] systemd[1]: Starting Load Kernel Modules...
[    2.279384] systemd[1]: Starting Remount Root and Kernel File Systems...
[    2.288726] systemd[1]: Starting udev Coldplug all Devices...
[    2.299460] systemd[1]: Starting Uncomplicated firewall...
[    2.300702] systemd[1]: Mounted Huge Pages File System.
[    2.300788] systemd[1]: Mounted POSIX Message Queue File System.
[    2.300864] systemd[1]: Mounted Kernel Debug File System.
[    2.300937] systemd[1]: Mounted Kernel Trace File System.
[    2.308316] EXT4-fs (sda2): re-mounted. Opts: errors=remount-ro
[    2.339983] systemd[1]: Finished Create list of static device nodes for the current kernel.
[    2.341058] systemd[1]: modprobe@drm.service: Succeeded.
[    2.341454] systemd[1]: Finished Load Kernel Module drm.
[    2.347830] systemd[1]: Finished Remount Root and Kernel File Systems.
[    2.348691] systemd[1]: Finished Uncomplicated firewall.
[    2.350376] lp: driver loaded but no devices found
[    2.362016] systemd[1]: Condition check resulted in Rebuild Hardware Database being skipped.
[    2.362051] systemd[1]: Condition check resulted in Platform Persistent Storage Archival being skipped.
[    2.362711] systemd[1]: Starting Load/Save Random Seed...
[    2.369071] systemd[1]: Starting Create System Users...
[    2.374407] ppdev: user-space parallel port driver
[    2.384332] systemd[1]: Finished Load/Save Random Seed.
[    2.387007] systemd[1]: Finished Create System Users.
[    2.387809] systemd[1]: Starting Create Static Device Nodes in /dev...
[    2.412413] systemd[1]: Finished Create Static Device Nodes in /dev.
[    2.413227] systemd[1]: Starting udev Kernel Device Manager...
[    2.437303] systemd[1]: Finished udev Coldplug all Devices.
[    2.465058] [drm] DMA map mode: Caching DMA mappings.
[    2.465120] [drm] Capabilities:
[    2.465121] [drm]   Rect copy.
[    2.465121] [drm]   Cursor.
[    2.465122] [drm]   Cursor bypass.
[    2.465122] [drm]   Cursor bypass 2.
[    2.465122] [drm]   Alpha cursor.
[    2.465123] [drm]   Extended Fifo.
[    2.465123] [drm]   Pitchlock.
[    2.465123] [drm]   Irq mask.
[    2.465124] [drm]   GMR.
[    2.465124] [drm]   Traces.
[    2.465124] [drm]   GMR2.
[    2.465125] [drm]   Screen Object 2.
[    2.465125] [drm]   Command Buffers.
[    2.465125] [drm]   Command Buffers 2.
[    2.465126] [drm]   Guest Backed Resources.
[    2.465127] [drm] Max GMR ids is 8192
[    2.465127] [drm] Max number of GMR pages is 1048576
[    2.465128] [drm] Max dedicated hypervisor surface memory is 393216 kiB
[    2.465128] [drm] Maximum display memory size is 131072 kiB
[    2.465129] [drm] VRAM at 0xe0000000 size is 131072 kiB
[    2.465129] [drm] MMIO at 0xf0000000 size is 2048 kiB
[    2.466854] [TTM] Zone  kernel: Available graphics memory: 1011738 KiB
[    2.466855] [TTM] Initializing pool allocator
[    2.466858] [TTM] Initializing DMA pool allocator
[    2.466885] [drm] Supports vblank timestamp caching Rev 2 (21.10.2013).
[    2.466885] [drm] No driver support for vblank timestamp query.
[    2.467140] [drm] Screen Target Display device initialized
[    2.467349] [drm] width 720
[    2.467361] [drm] height 400
[    2.467365] [drm] bpp 32
[    2.467893] [drm] Fifo max 0x00200000 min 0x00001000 cap 0x00000355
[    2.469340] [drm] Using command buffers with DMA pool.
[    2.469344] [drm] DX: no.
[    2.469345] [drm] Atomic: yes.
[    2.469345] [drm] SM4_1: no.
[    2.469364] [drm:vmw_host_log [vmwgfx]] *ERROR* Failed to send host log message.
[    2.470249] [drm:vmw_host_log [vmwgfx]] *ERROR* Failed to send host log message.
[    2.507721] fbcon: svgadrmfb (fb0) is primary device
[    2.511893] Console: switching to colour frame buffer device 100x37
[    2.518370] systemd[1]: Finished Set the console keyboard layout.
[    2.518527] [drm] Initialized vmwgfx 2.15.0 20180704 for 0000:00:02.0 on minor 0
[    2.520260] systemd[1]: Finished Load Kernel Modules.
[    2.520363] systemd[1]: Reached target Local File Systems (Pre).
[    2.523475] systemd[1]: Mounting Mount unit for bare, revision 5...
[    2.543258] systemd[1]: Mounting Mount unit for core18, revision 1705...
[    2.546861] systemd[1]: Mounting Mount unit for gnome-3-34-1804, revision 24...
[    2.556067] systemd[1]: Mounting Mount unit for gtk-common-themes, revision 1506...
[    2.569557] systemd[1]: Mounting Mount unit for gtk-common-themes, revision 1535...
[    2.573158] systemd[1]: Mounting Mount unit for snap-store, revision 433...
[    2.596785] systemd[1]: Mounting Mount unit for snapd, revision 7264...
[    2.603045] systemd[1]: Mounting FUSE Control File System...
[    2.609486] systemd[1]: Mounting Kernel Configuration File System...
[    2.612607] systemd[1]: Starting Apply Kernel Variables...
[    2.613631] systemd[1]: Mounted FUSE Control File System.
[    2.613702] systemd[1]: Condition check resulted in VMware vmblock fuse mount being skipped.
[    2.626158] systemd[1]: Mounted Kernel Configuration File System.
[    2.640769] systemd[1]: Mounted Mount unit for bare, revision 5.
[    2.640862] systemd[1]: Mounted Mount unit for gtk-common-themes, revision 1506.
[    2.644047] systemd[1]: Started udev Kernel Device Manager.
[    2.660376] systemd[1]: Starting Show Plymouth Boot Screen...
[    2.662496] systemd[1]: Finished Apply Kernel Variables.
[    2.670196] systemd[1]: Mounted Mount unit for core18, revision 1705.
[    2.670311] systemd[1]: Mounted Mount unit for gnome-3-34-1804, revision 24.
[    2.670812] systemd[1]: Received SIGRTMIN+20 from PID 275 (plymouthd).
[    2.683046] systemd[1]: Mounted Mount unit for gtk-common-themes, revision 1535.
[    2.683390] systemd[1]: Mounted Mount unit for snap-store, revision 433.
[    2.683576] systemd[1]: Mounted Mount unit for snapd, revision 7264.
[    2.685319] systemd[1]: Reached target Local File Systems.
[    2.686081] systemd[1]: Starting Load AppArmor profiles...
[    2.688449] systemd[1]: Starting Set console font and keymap...
[    2.701411] systemd[1]: Starting Tell Plymouth To Write Out Runtime Data...
[    2.701536] systemd[1]: Condition check resulted in Store a System Token in an EFI Variable being skipped.
[    2.701578] systemd[1]: Condition check resulted in Commit a transient machine-id on disk being skipped.
[    2.701758] systemd[1]: Started Show Plymouth Boot Screen.
[    2.716385] systemd[1]: Finished Set console font and keymap.
[    2.716688] systemd[1]: plymouth-read-write.service: Succeeded.
[    2.716926] systemd[1]: Finished Tell Plymouth To Write Out Runtime Data.
[    2.717131] systemd[1]: Received SIGRTMIN+20 from PID 275 (plymouthd).
[    2.717148] systemd[1]: Condition check resulted in Dispatch Password Requests to Console Directory Watch being skipped.
[    2.717228] systemd[1]: Started Forward Password Requests to Plymouth Directory Watch.
[    2.717311] systemd[1]: Reached target Local Encrypted Volumes.
[    2.771829] audit: type=1400 audit(1768855951.624:2): apparmor="STATUS" operation="profile_load" profile="unconfined" name="nvidia_modprobe" pid=299 comm="apparmor_parser"
[    2.771831] audit: type=1400 audit(1768855951.624:3): apparmor="STATUS" operation="profile_load" profile="unconfined" name="nvidia_modprobe//kmod" pid=299 comm="apparmor_parser"
[    2.778881] audit: type=1400 audit(1768855951.632:4): apparmor="STATUS" operation="profile_load" profile="unconfined" name="/usr/sbin/tcpdump" pid=300 comm="apparmor_parser"
[    2.804818] audit: type=1400 audit(1768855951.652:5): apparmor="STATUS" operation="profile_load" profile="unconfined" name="/usr/bin/evince" pid=302 comm="apparmor_parser"
[    2.804820] audit: type=1400 audit(1768855951.652:6): apparmor="STATUS" operation="profile_load" profile="unconfined" name="/usr/bin/evince//sanitized_helper" pid=302 comm="apparmor_parser"
[    2.804822] audit: type=1400 audit(1768855951.652:7): apparmor="STATUS" operation="profile_load" profile="unconfined" name="/usr/bin/evince-previewer" pid=302 comm="apparmor_parser"
[    2.804824] audit: type=1400 audit(1768855951.652:8): apparmor="STATUS" operation="profile_load" profile="unconfined" name="/usr/bin/evince-previewer//sanitized_helper" pid=302 comm="apparmor_parser"
[    2.804826] audit: type=1400 audit(1768855951.652:9): apparmor="STATUS" operation="profile_load" profile="unconfined" name="/usr/bin/evince-thumbnailer" pid=302 comm="apparmor_parser"
[    2.835645] audit: type=1400 audit(1768855951.688:10): apparmor="STATUS" operation="profile_load" profile="unconfined" name="/usr/lib/cups/backend/cups-pdf" pid=303 comm="apparmor_parser"
[    2.896390] systemd[1]: Finished Load AppArmor profiles.
[    2.897320] systemd[1]: Starting Load AppArmor profiles managed internally by snapd...
[    2.968804] systemd[1]: Finished Load AppArmor profiles managed internally by snapd.
[    3.200369] systemd[1]: Started Journal Service.
[    3.207147] systemd-journald[229]: Received client request to flush runtime journal.
[    3.212740] systemd-journald[229]: File /var/log/journal/c455b248004a419c87ce85eea238d727/system.journal corrupted or uncleanly shut down, renaming and replacing.
[    4.519887] RAPL PMU: API unit is 2^-32 Joules, 0 fixed counters, 10737418240 ms ovfl timer
[    4.549583] cryptd: max_cpu_qlen set to 1000
[    4.626493] AVX2 version of gcm_enc/dec engaged.
[    4.626494] AES CTR mode by8 optimization enabled
[    5.407603] Adding 1998844k swap on /dev/sda1.  Priority:-2 extents:1 across:1998844k FS
[    6.996048] kauditd_printk_skb: 30 callbacks suppressed
[    6.996050] audit: type=1400 audit(1768855955.848:41): apparmor="DENIED" operation="capable" profile="/usr/sbin/cups-browsed" pid=496 comm="cups-browsed" capability=23  capname="sys_nice"
[    7.616536] pcnet32 0000:00:03.0 enp0s3: link up, 100Mbps, full-duplex
[    7.653287] e1000: enp0s8 NIC Link is Up 1000 Mbps Full Duplex, Flow Control: RX
[    7.656248] IPv6: ADDRCONF(NETDEV_CHANGE): enp0s8: link becomes ready
[    7.663614] e1000: enp0s9 NIC Link is Up 1000 Mbps Full Duplex, Flow Control: RX
[    7.663886] IPv6: ADDRCONF(NETDEV_CHANGE): enp0s9: link becomes ready
[    8.181121] device enp0s3 entered promiscuous mode
[    8.203886] audit: type=1400 audit(1768855957.056:42): apparmor="DENIED" operation="open" profile="/usr/sbin/tcpdump" name="/proc/sys/kernel/random/boot_id" pid=689 comm="tcpdump" requested_mask="r" denied_mask="r" fsuid=0 ouid=0
[    8.204094] audit: type=1400 audit(1768855957.056:43): apparmor="DENIED" operation="open" profile="/usr/sbin/tcpdump" name="/proc/sys/kernel/random/boot_id" pid=689 comm="tcpdump" requested_mask="r" denied_mask="r" fsuid=0 ouid=0
[    8.204179] audit: type=1400 audit(1768855957.056:44): apparmor="DENIED" operation="open" profile="/usr/sbin/tcpdump" name="/proc/sys/kernel/random/boot_id" pid=689 comm="tcpdump" requested_mask="r" denied_mask="r" fsuid=0 ouid=0
[    8.204269] audit: type=1400 audit(1768855957.056:45): apparmor="DENIED" operation="open" profile="/usr/sbin/tcpdump" name="/proc/sys/kernel/random/boot_id" pid=689 comm="tcpdump" requested_mask="r" denied_mask="r" fsuid=0 ouid=0
[    8.209734] audit: type=1400 audit(1768855957.064:46): apparmor="DENIED" operation="open" profile="/usr/sbin/tcpdump" name="/proc/sys/kernel/random/boot_id" pid=690 comm="tcpdump" requested_mask="r" denied_mask="r" fsuid=0 ouid=0
[    8.209897] audit: type=1400 audit(1768855957.064:47): apparmor="DENIED" operation="open" profile="/usr/sbin/tcpdump" name="/proc/sys/kernel/random/boot_id" pid=690 comm="tcpdump" requested_mask="r" denied_mask="r" fsuid=0 ouid=0
[    8.209969] audit: type=1400 audit(1768855957.064:48): apparmor="DENIED" operation="open" profile="/usr/sbin/tcpdump" name="/proc/sys/kernel/random/boot_id" pid=690 comm="tcpdump" requested_mask="r" denied_mask="r" fsuid=0 ouid=0
[    8.210052] audit: type=1400 audit(1768855957.064:49): apparmor="DENIED" operation="open" profile="/usr/sbin/tcpdump" name="/proc/sys/kernel/random/boot_id" pid=690 comm="tcpdump" requested_mask="r" denied_mask="r" fsuid=0 ouid=0
[   12.671541] rfkill: input handler disabled
[   85.911803] rfkill: input handler enabled
[   94.194226] rfkill: input handler disabled
[  225.950911] AAAAA-TCP_FORW: name:enp0s3: saddr:16783984: daddr:100932208
[  226.041430] AAAAA-TCP_FORW: name:enp0s3: saddr:16783984: daddr:100932208
[  226.132771] AAAAA-TCP_FORW: name:enp0s3: saddr:33561200: daddr:100932208
[  226.251362] AAAAA-TCP_FORW: name:enp0s3: saddr:33561200: daddr:100932208
[  226.349822] AAAAA-TCP_FORW: name:enp0s3: saddr:33561200: daddr:100932208
[  226.503166] AAAAA-TCP_FORW: name:enp0s3: saddr:33561200: daddr:100932208
[  226.644551] AAAAA-TCP_FORW: name:enp0s3: saddr:16783984: daddr:100932208
[  226.722460] AAAAA-TCP_FORW: name:enp0s3: saddr:16783984: daddr:100932208
[  226.870982] AAAAA-TCP_FORW: name:enp0s3: saddr:16783984: daddr:100932208
[  226.997827] AAAAA-TCP_FORW: name:enp0s3: saddr:16783984: daddr:100932208
[  227.150571] AAAAA-TCP_FORW: name:enp0s3: saddr:33561200: daddr:100932208
[  232.866397] AAAAA-TCP_FORW: name:enp0s3: saddr:33561200: daddr:100932208
[  233.026901] AAAAA-TCP_FORW: name:enp0s3: saddr:16783984: daddr:100932208
[  233.197709] AAAAA-TCP_FORW: name:enp0s3: saddr:33561200: daddr:100932208
[  233.270181] AAAAA-TCP_FORW: name:enp0s3: saddr:33561200: daddr:100932208
[  233.561495] AAAAA-TCP_FORW: name:enp0s3: saddr:33561200: daddr:100932208
[  233.658342] AAAAA-TCP_FORW: name:enp0s3: saddr:33561200: daddr:100932208
[  233.782309] AAAAA-TCP_FORW: name:enp0s3: saddr:33561200: daddr:100932208
[  233.900700] AAAAA-TCP_FORW: name:enp0s3: saddr:33561200: daddr:100932208
[  234.104774] AAAAA-TCP_FORW: name:enp0s3: saddr:33561200: daddr:100932208
[  234.246812] AAAAA-TCP_FORW: name:enp0s3: saddr:33561200: daddr:100932208
[  234.425221] AAAAA-TCP_FORW: name:enp0s3: saddr:33561200: daddr:100932208
[  234.540941] AAAAA-TCP_FORW: name:enp0s3: saddr:33561200: daddr:100932208
[  234.742717] AAAAA-TCP_FORW: name:enp0s3: saddr:33561200: daddr:100932208
[  234.829358] AAAAA-TCP_FORW: name:enp0s3: saddr:33561200: daddr:100932208
[  374.745127] AAAAA-TCP_FORW: name:enp0s3: saddr:33561200: daddr:100932208
[  374.863552] AAAAA-TCP_FORW: name:enp0s3: saddr:33561200: daddr:100932208
[  526.594716] device enp0s3 left promiscuous mode
