[    0.000000] Linux version 5.4.243-mptcp (root@ztg) (gcc version 12.2.0 (Debian 12.2.0-14+deb12u1)) #53 SMP Wed Dec 24 23:28:15 CST 2025
[    0.000000] Command line: BOOT_IMAGE=/boot/vmlinuz-5.4.243-mptcp root=UUID=98415a12-53b7-4144-8265-0f7ece09e445 ro quiet splash
[    0.000000] KERNEL supported cpus:
[    0.000000]   Intel GenuineIntel
[    0.000000]   AMD AuthenticAMD
[    0.000000]   Hygon HygonGenuine
[    0.000000]   Centaur CentaurHauls
[    0.000000]   zhaoxin   Shanghai  
[    0.000000] x86/fpu: Supporting XSAVE feature 0x001: 'x87 floating point registers'
[    0.000000] x86/fpu: Supporting XSAVE feature 0x002: 'SSE registers'
[    0.000000] x86/fpu: Supporting XSAVE feature 0x004: 'AVX registers'
[    0.000000] x86/fpu: xstate_offset[2]:  576, xstate_sizes[2]:  256
[    0.000000] x86/fpu: Enabled xstate features 0x7, context size is 832 bytes, using 'standard' format.
[    0.000000] BIOS-provided physical RAM map:
[    0.000000] BIOS-e820: [mem 0x0000000000000000-0x000000000009fbff] usable
[    0.000000] BIOS-e820: [mem 0x000000000009fc00-0x000000000009ffff] reserved
[    0.000000] BIOS-e820: [mem 0x00000000000f0000-0x00000000000fffff] reserved
[    0.000000] BIOS-e820: [mem 0x0000000000100000-0x000000007ffeffff] usable
[    0.000000] BIOS-e820: [mem 0x000000007fff0000-0x000000007fffffff] ACPI data
[    0.000000] BIOS-e820: [mem 0x00000000fec00000-0x00000000fec00fff] reserved
[    0.000000] BIOS-e820: [mem 0x00000000fee00000-0x00000000fee00fff] reserved
[    0.000000] BIOS-e820: [mem 0x00000000fffc0000-0x00000000ffffffff] reserved
[    0.000000] NX (Execute Disable) protection: active
[    0.000000] SMBIOS 2.5 present.
[    0.000000] DMI: innotek GmbH VirtualBox/VirtualBox, BIOS VirtualBox 12/01/2006
[    0.000000] Hypervisor detected: KVM
[    0.000000] kvm-clock: Using msrs 4b564d01 and 4b564d00
[    0.000000] kvm-clock: cpu 0, msr 7ba01001, primary cpu clock
[    0.000000] kvm-clock: using sched offset of 4413013087 cycles
[    0.000003] clocksource: kvm-clock: mask: 0xffffffffffffffff max_cycles: 0x1cd42e4dffb, max_idle_ns: 881590591483 ns
[    0.000005] tsc: Detected 2100.000 MHz processor
[    0.001882] e820: update [mem 0x00000000-0x00000fff] usable ==> reserved
[    0.001884] e820: remove [mem 0x000a0000-0x000fffff] usable
[    0.001887] last_pfn = 0x7fff0 max_arch_pfn = 0x400000000
[    0.001956] MTRR default type: uncachable
[    0.001957] MTRR fixed ranges enabled:
[    0.001958]   00000-9FFFF write-back
[    0.001959]   A0000-BFFFF uncachable
[    0.001960]   C0000-FFFFF write-protect
[    0.001960] MTRR variable ranges enabled:
[    0.001962]   0 base 000000000000 mask 3FFF80000000 write-back
[    0.001962]   1 disabled
[    0.001963]   2 disabled
[    0.001963]   3 disabled
[    0.001964]   4 disabled
[    0.001964]   5 disabled
[    0.001965]   6 disabled
[    0.001965]   7 disabled
[    0.001965]   8 disabled
[    0.001966]   9 disabled
[    0.001966]   10 disabled
[    0.001967]   11 disabled
[    0.001967]   12 disabled
[    0.001968]   13 disabled
[    0.001968]   14 disabled
[    0.001968]   15 disabled
[    0.001985] x86/PAT: Configuration [0-7]: WB  WC  UC- UC  WB  WP  UC- WT  
[    0.002120] found SMP MP-table at [mem 0x0009fff0-0x0009ffff]
[    0.092803] check: Scanning 1 areas for low memory corruption
[    0.093073] RAMDISK: [mem 0x32271000-0x3512ffff]
[    0.093082] ACPI: Early table checksum verification disabled
[    0.093086] ACPI: RSDP 0x00000000000E0000 000024 (v02 VBOX  )
[    0.093091] ACPI: XSDT 0x000000007FFF0030 00003C (v01 VBOX   VBOXXSDT 00000001 ASL  00000061)
[    0.093097] ACPI: FACP 0x000000007FFF00F0 0000F4 (v04 VBOX   VBOXFACP 00000001 ASL  00000061)
[    0.093103] ACPI: DSDT 0x000000007FFF02E0 002353 (v02 VBOX   VBOXBIOS 00000002 VBOX 00029BF3)
[    0.093107] ACPI: FACS 0x000000007FFF0200 000040
[    0.093110] ACPI: FACS 0x000000007FFF0200 000040
[    0.093114] ACPI: APIC 0x000000007FFF0240 000054 (v02 VBOX   VBOXAPIC 00000001 ASL  00000061)
[    0.093117] ACPI: SSDT 0x000000007FFF02A0 000038 (v01 VBOX   VBOXCPUT 00000002 VBOX 00029BF3)
[    0.093121] ACPI: Reserving FACP table memory at [mem 0x7fff00f0-0x7fff01e3]
[    0.093121] ACPI: Reserving DSDT table memory at [mem 0x7fff02e0-0x7fff2632]
[    0.093122] ACPI: Reserving FACS table memory at [mem 0x7fff0200-0x7fff023f]
[    0.093123] ACPI: Reserving FACS table memory at [mem 0x7fff0200-0x7fff023f]
[    0.093123] ACPI: Reserving APIC table memory at [mem 0x7fff0240-0x7fff0293]
[    0.093124] ACPI: Reserving SSDT table memory at [mem 0x7fff02a0-0x7fff02d7]
[    0.093139] ACPI: Local APIC address 0xfee00000
[    0.093326] No NUMA configuration found
[    0.093327] Faking a node at [mem 0x0000000000000000-0x000000007ffeffff]
[    0.093338] NODE_DATA(0) allocated [mem 0x7ffc5000-0x7ffeffff]
[    0.093600] Zone ranges:
[    0.093601]   DMA      [mem 0x0000000000001000-0x0000000000ffffff]
[    0.093602]   DMA32    [mem 0x0000000001000000-0x000000007ffeffff]
[    0.093603]   Normal   empty
[    0.093603]   Device   empty
[    0.093604] Movable zone start for each node
[    0.093606] Early memory node ranges
[    0.093607]   node   0: [mem 0x0000000000001000-0x000000000009efff]
[    0.093607]   node   0: [mem 0x0000000000100000-0x000000007ffeffff]
[    0.093611] Zeroed struct page in unavailable ranges: 114 pages
[    0.093611] Initmem setup node 0 [mem 0x0000000000001000-0x000000007ffeffff]
[    0.093612] On node 0 totalpages: 524174
[    0.093614]   DMA zone: 64 pages used for memmap
[    0.093614]   DMA zone: 21 pages reserved
[    0.093615]   DMA zone: 3998 pages, LIFO batch:0
[    0.093686]   DMA32 zone: 8128 pages used for memmap
[    0.093687]   DMA32 zone: 520176 pages, LIFO batch:63
[    0.102811] ACPI: PM-Timer IO Port: 0x4008
[    0.102815] ACPI: Local APIC address 0xfee00000
[    0.102882] IOAPIC[0]: apic_id 1, version 32, address 0xfec00000, GSI 0-23
[    0.102886] ACPI: INT_SRC_OVR (bus 0 bus_irq 0 global_irq 2 dfl dfl)
[    0.102887] ACPI: INT_SRC_OVR (bus 0 bus_irq 9 global_irq 9 low level)
[    0.102889] ACPI: IRQ0 used by override.
[    0.102890] ACPI: IRQ9 used by override.
[    0.102893] Using ACPI (MADT) for SMP configuration information
[    0.102900] smpboot: Allowing 1 CPUs, 0 hotplug CPUs
[    0.102923] PM: Registered nosave memory: [mem 0x00000000-0x00000fff]
[    0.102924] PM: Registered nosave memory: [mem 0x0009f000-0x0009ffff]
[    0.102924] PM: Registered nosave memory: [mem 0x000a0000-0x000effff]
[    0.102925] PM: Registered nosave memory: [mem 0x000f0000-0x000fffff]
[    0.102927] [mem 0x80000000-0xfebfffff] available for PCI devices
[    0.102928] Booting paravirtualized kernel on KVM
[    0.102930] clocksource: refined-jiffies: mask: 0xffffffff max_cycles: 0xffffffff, max_idle_ns: 7645519600211568 ns
[    0.102935] setup_percpu: NR_CPUS:8192 nr_cpumask_bits:1 nr_cpu_ids:1 nr_node_ids:1
[    0.103955] percpu: Embedded 60 pages/cpu s208896 r8192 d28672 u2097152
[    0.103960] pcpu-alloc: s208896 r8192 d28672 u2097152 alloc=1*2097152
[    0.103961] pcpu-alloc: [0] 0 
[    0.103987] Built 1 zonelists, mobility grouping on.  Total pages: 515961
[    0.103988] Policy zone: DMA32
[    0.103989] Kernel command line: BOOT_IMAGE=/boot/vmlinuz-5.4.243-mptcp root=UUID=98415a12-53b7-4144-8265-0f7ece09e445 ro quiet splash
[    0.104812] Dentry cache hash table entries: 262144 (order: 9, 2097152 bytes, linear)
[    0.104961] Inode-cache hash table entries: 131072 (order: 8, 1048576 bytes, linear)
[    0.105010] mem auto-init: stack:off, heap alloc:on, heap free:off
[    0.105012] Calgary: detecting Calgary via BIOS EBDA area
[    0.105014] Calgary: Unable to locate Rio Grande table in EBDA - bailing!
[    0.109087] Memory: 1967332K/2096696K available (14339K kernel code, 2398K rwdata, 4712K rodata, 2728K init, 17260K bss, 129364K reserved, 0K cma-reserved)
[    0.110016] SLUB: HWalign=64, Order=0-3, MinObjects=0, CPUs=1, Nodes=1
[    0.110032] ftrace: allocating 43186 entries in 169 pages
[    0.128051] rcu: Hierarchical RCU implementation.
[    0.128052] rcu: 	RCU restricting CPUs from NR_CPUS=8192 to nr_cpu_ids=1.
[    0.128054] 	Tasks RCU enabled.
[    0.128055] rcu: RCU calculated value of scheduler-enlistment delay is 25 jiffies.
[    0.128055] rcu: Adjusting geometry for rcu_fanout_leaf=16, nr_cpu_ids=1
[    0.131016] NR_IRQS: 524544, nr_irqs: 256, preallocated irqs: 16
[    0.131222] random: crng init done
[    0.140581] Console: colour VGA+ 80x25
[    0.140584] printk: console [tty0] enabled
[    0.140603] ACPI: Core revision 20190816
[    0.140714] APIC: Switch to symmetric I/O mode setup
[    0.140962] x2apic enabled
[    0.141195] Switched APIC routing to physical x2apic.
[    0.142314] ..TIMER: vector=0x30 apic1=0 pin1=2 apic2=-1 pin2=-1
[    0.142338] clocksource: tsc-early: mask: 0xffffffffffffffff max_cycles: 0x1e4530a99b6, max_idle_ns: 440795257976 ns
[    0.142343] Calibrating delay loop (skipped) preset value.. 4200.00 BogoMIPS (lpj=8400000)
[    0.142345] pid_max: default: 32768 minimum: 301
[    0.142373] LSM: Security Framework initializing
[    0.142382] Yama: becoming mindful.
[    0.142407] AppArmor: AppArmor initialized
[    0.142441] Mount-cache hash table entries: 4096 (order: 3, 32768 bytes, linear)
[    0.142445] Mountpoint-cache hash table entries: 4096 (order: 3, 32768 bytes, linear)
[    0.142455] *** VALIDATE tmpfs ***
[    0.142586] *** VALIDATE proc ***
[    0.142626] *** VALIDATE cgroup1 ***
[    0.142627] *** VALIDATE cgroup2 ***
[    0.142775] process: using mwait in idle threads
[    0.142780] Last level iTLB entries: 4KB 64, 2MB 8, 4MB 8
[    0.142781] Last level dTLB entries: 4KB 64, 2MB 0, 4MB 0, 1GB 4
[    0.142801] Spectre V1 : Mitigation: usercopy/swapgs barriers and __user pointer sanitization
[    0.142806] Spectre V2 : Mitigation: Retpolines
[    0.142807] Spectre V2 : Spectre v2 / SpectreRSB mitigation: Filling RSB on context switch
[    0.142807] Spectre V2 : Spectre v2 / SpectreRSB : Filling RSB on VMEXIT
[    0.142808] RETBleed: WARNING: Spectre v2 mitigation leaves CPU vulnerable to RETBleed attacks, data leaks possible!
[    0.143166] RETBleed: Vulnerable
[    0.143166] Speculative Store Bypass: Vulnerable
[    0.143171] TAA: Mitigation: TSX disabled
[    0.143171] MMIO Stale Data: Mitigation: Clear CPU buffers
[    0.147341] Freeing SMP alternatives memory: 40K
[    0.258994] smpboot: CPU0: Intel(R) Xeon(R) Silver 4216 CPU @ 2.10GHz (family: 0x6, model: 0x55, stepping: 0x7)
[    0.259096] Performance Events: unsupported p6 CPU model 85 no PMU driver, software events only.
[    0.259132] rcu: Hierarchical SRCU implementation.
[    0.259593] NMI watchdog: Perf NMI watchdog permanently disabled
[    0.259626] smp: Bringing up secondary CPUs ...
[    0.259627] smp: Brought up 1 node, 1 CPU
[    0.259627] smpboot: Max logical packages: 1
[    0.259629] smpboot: Total of 1 processors activated (4200.00 BogoMIPS)
[    0.260597] devtmpfs: initialized
[    0.260640] x86/mm: Memory block size: 128MB
[    0.260968] clocksource: jiffies: mask: 0xffffffff max_cycles: 0xffffffff, max_idle_ns: 7645041785100000 ns
[    0.260973] futex hash table entries: 256 (order: 2, 16384 bytes, linear)
[    0.261012] pinctrl core: initialized pinctrl subsystem
[    0.261108] PM: RTC time: 19:40:44, date: 2026-01-18
[    0.261207] NET: Registered protocol family 16
[    0.261278] audit: initializing netlink subsys (disabled)
[    0.261397] EISA bus registered
[    0.261398] cpuidle: using governor ladder
[    0.261399] cpuidle: using governor menu
[    0.261434] ACPI: bus type PCI registered
[    0.261435] acpiphp: ACPI Hot Plug PCI Controller Driver version: 0.5
[    0.261533] PCI: Using configuration type 1 for base access
[    0.262528] audit: type=2000 audit(1768736450.559:1): state=initialized audit_enabled=0 res=1
[    0.262605] HugeTLB registered 2.00 MiB page size, pre-allocated 0 pages
[    0.263429] ACPI: Added _OSI(Module Device)
[    0.263430] ACPI: Added _OSI(Processor Device)
[    0.263430] ACPI: Added _OSI(3.0 _SCP Extensions)
[    0.263431] ACPI: Added _OSI(Processor Aggregator Device)
[    0.263432] ACPI: Added _OSI(Linux-Dell-Video)
[    0.263433] ACPI: Added _OSI(Linux-Lenovo-NV-HDMI-Audio)
[    0.263434] ACPI: Added _OSI(Linux-HPI-Hybrid-Graphics)
[    0.265445] ACPI: 2 ACPI AML tables successfully acquired and loaded
[    0.267206] ACPI: Interpreter enabled
[    0.267216] ACPI: (supports S0 S5)
[    0.267217] ACPI: Using IOAPIC for interrupt routing
[    0.267427] PCI: Using host bridge windows from ACPI; if necessary, use "pci=nocrs" and report a bug
[    0.267534] ACPI: Enabled 2 GPEs in block 00 to 07
[    0.272419] ACPI: PCI Root Bridge [PCI0] (domain 0000 [bus 00-ff])
[    0.272424] acpi PNP0A03:00: _OSC: OS supports [ASPM ClockPM Segments MSI HPX-Type3]
[    0.272873] acpi PNP0A03:00: _OSC: not requesting OS control; OS requires [ExtendedConfig ASPM ClockPM MSI]
[    0.272882] acpi PNP0A03:00: fail to add MMCONFIG information, can't access extended PCI configuration space under this bridge.
[    0.273260] PCI host bridge to bus 0000:00
[    0.273262] pci_bus 0000:00: root bus resource [io  0x0000-0x0cf7 window]
[    0.273263] pci_bus 0000:00: root bus resource [io  0x0d00-0xffff window]
[    0.273265] pci_bus 0000:00: root bus resource [mem 0x000a0000-0x000bffff window]
[    0.273266] pci_bus 0000:00: root bus resource [mem 0x80000000-0xfdffffff window]
[    0.273267] pci_bus 0000:00: root bus resource [bus 00-ff]
[    0.273307] pci 0000:00:00.0: [8086:1237] type 00 class 0x060000
[    0.274244] pci 0000:00:01.0: [8086:7000] type 00 class 0x060100
[    0.275032] pci 0000:00:01.1: [8086:7111] type 00 class 0x01018a
[    0.275428] pci 0000:00:01.1: reg 0x20: [io  0xd000-0xd00f]
[    0.275584] pci 0000:00:01.1: legacy IDE quirk: reg 0x10: [io  0x01f0-0x01f7]
[    0.275585] pci 0000:00:01.1: legacy IDE quirk: reg 0x14: [io  0x03f6]
[    0.275586] pci 0000:00:01.1: legacy IDE quirk: reg 0x18: [io  0x0170-0x0177]
[    0.275587] pci 0000:00:01.1: legacy IDE quirk: reg 0x1c: [io  0x0376]
[    0.276130] pci 0000:00:02.0: [15ad:0405] type 00 class 0x030000
[    0.278420] pci 0000:00:02.0: reg 0x10: [io  0xd010-0xd01f]
[    0.282392] pci 0000:00:02.0: reg 0x14: [mem 0xe0000000-0xe7ffffff pref]
[    0.285583] pci 0000:00:02.0: reg 0x18: [mem 0xf0000000-0xf01fffff]
[    0.298561] pci 0000:00:03.0: [1022:2000] type 00 class 0x020000
[    0.299356] pci 0000:00:03.0: reg 0x10: [io  0xd020-0xd03f]
[    0.300057] pci 0000:00:03.0: reg 0x14: [mem 0xf0200000-0xf0200fff]
[    0.305034] pci 0000:00:04.0: [80ee:cafe] type 00 class 0x088000
[    0.305777] pci 0000:00:04.0: reg 0x10: [io  0xd040-0xd05f]
[    0.306454] pci 0000:00:04.0: reg 0x14: [mem 0xf0400000-0xf07fffff]
[    0.307116] pci 0000:00:04.0: reg 0x18: [mem 0xf0800000-0xf0803fff pref]
[    0.310393] pci 0000:00:07.0: [8086:7113] type 00 class 0x068000
[    0.311031] pci 0000:00:07.0: quirk: [io  0x4000-0x403f] claimed by PIIX4 ACPI
[    0.311045] pci 0000:00:07.0: quirk: [io  0x4100-0x410f] claimed by PIIX4 SMB
[    0.311705] pci 0000:00:08.0: [8086:100e] type 00 class 0x020000
[    0.312587] pci 0000:00:08.0: reg 0x10: [mem 0xf0820000-0xf083ffff]
[    0.314458] pci 0000:00:08.0: reg 0x18: [io  0xd060-0xd067]
[    0.317983] pci 0000:00:09.0: [8086:100e] type 00 class 0x020000
[    0.318463] pci 0000:00:09.0: reg 0x10: [mem 0xf0840000-0xf085ffff]
[    0.319808] pci 0000:00:09.0: reg 0x18: [io  0xd068-0xd06f]
[    0.331291] ACPI: PCI Interrupt Link [LNKA] (IRQs 5 9 10 *11)
[    0.331577] ACPI: PCI Interrupt Link [LNKB] (IRQs 5 9 *10 11)
[    0.331686] ACPI: PCI Interrupt Link [LNKC] (IRQs 5 *9 10 11)
[    0.331788] ACPI: PCI Interrupt Link [LNKD] (IRQs 5 9 10 *11)
[    0.332033] iommu: Default domain type: Translated 
[    0.332090] pci 0000:00:02.0: vgaarb: setting as boot VGA device
[    0.332092] pci 0000:00:02.0: vgaarb: VGA device added: decodes=io+mem,owns=io+mem,locks=none
[    0.332094] pci 0000:00:02.0: vgaarb: bridge control possible
[    0.332095] vgaarb: loaded
[    0.332293] SCSI subsystem initialized
[    0.332326] libata version 3.00 loaded.
[    0.332347] ACPI: bus type USB registered
[    0.332362] usbcore: registered new interface driver usbfs
[    0.332368] usbcore: registered new interface driver hub
[    0.332373] usbcore: registered new device driver usb
[    0.332399] pps_core: LinuxPPS API ver. 1 registered
[    0.332399] pps_core: Software ver. 5.3.6 - Copyright 2005-2007 Rodolfo Giometti <giometti@linux.it>
[    0.332401] PTP clock support registered
[    0.332435] EDAC MC: Ver: 3.0.0
[    0.332722] PCI: Using ACPI for IRQ routing
[    0.332723] PCI: pci_cache_line_size set to 64 bytes
[    0.332899] e820: reserve RAM buffer [mem 0x0009fc00-0x0009ffff]
[    0.332902] e820: reserve RAM buffer [mem 0x7fff0000-0x7fffffff]
[    0.334355] NetLabel: Initializing
[    0.334356] NetLabel:  domain hash size = 128
[    0.334356] NetLabel:  protocols = UNLABELED CIPSOv4 CALIPSO
[    0.334376] NetLabel:  unlabeled traffic allowed by default
[    0.335266] clocksource: Switched to clocksource kvm-clock
[    0.343763] *** VALIDATE bpf ***
[    0.343763] VFS: Disk quotas dquot_6.6.0
[    0.343763] VFS: Dquot-cache hash table entries: 512 (order 0, 4096 bytes)
[    0.343763] *** VALIDATE ramfs ***
[    0.343763] *** VALIDATE hugetlbfs ***
[    0.343763] AppArmor: AppArmor Filesystem Enabled
[    0.343763] pnp: PnP ACPI init
[    0.343763] pnp 00:00: Plug and Play ACPI device, IDs PNP0303 (active)
[    0.348281] pnp 00:01: Plug and Play ACPI device, IDs PNP0f03 (active)
[    0.349045] pnp: PnP ACPI: found 2 devices
[    0.350020] thermal_sys: Registered thermal governor 'fair_share'
[    0.350021] thermal_sys: Registered thermal governor 'bang_bang'
[    0.350022] thermal_sys: Registered thermal governor 'step_wise'
[    0.350022] thermal_sys: Registered thermal governor 'user_space'
[    0.350023] thermal_sys: Registered thermal governor 'power_allocator'
[    0.354566] clocksource: acpi_pm: mask: 0xffffff max_cycles: 0xffffff, max_idle_ns: 2085701024 ns
[    0.354605] pci_bus 0000:00: resource 4 [io  0x0000-0x0cf7 window]
[    0.354606] pci_bus 0000:00: resource 5 [io  0x0d00-0xffff window]
[    0.354607] pci_bus 0000:00: resource 6 [mem 0x000a0000-0x000bffff window]
[    0.354608] pci_bus 0000:00: resource 7 [mem 0x80000000-0xfdffffff window]
[    0.354662] NET: Registered protocol family 2
[    0.354745] IP idents hash table entries: 32768 (order: 6, 262144 bytes, linear)
[    0.355137] MPTCP tokens hash table entries: 8192 (order: 4, 65536 bytes, linear)
[    0.355157] MPTCP request tokens hash table entries: 8192 (order: 4, 65536 bytes, linear)
[    0.355182] default registered
[    0.355182] default registered
[    0.355183] MPTCP: Stable release v0.96
[    0.355188] tcp_listen_portaddr_hash hash table entries: 1024 (order: 2, 16384 bytes, linear)
[    0.355268] TCP established hash table entries: 16384 (order: 5, 131072 bytes, linear)
[    0.355329] TCP bind hash table entries: 16384 (order: 6, 262144 bytes, linear)
[    0.355355] TCP: Hash tables configured (established 16384 bind 16384)
[    0.356068] UDP hash table entries: 1024 (order: 3, 32768 bytes, linear)
[    0.356079] UDP-Lite hash table entries: 1024 (order: 3, 32768 bytes, linear)
[    0.356113] NET: Registered protocol family 1
[    0.356121] NET: Registered protocol family 44
[    0.356143] pci 0000:00:00.0: Limiting direct PCI/PCI transfers
[    0.356156] pci 0000:00:01.0: Activating ISA DMA hang workarounds
[    0.356210] pci 0000:00:02.0: Video device with shadowed ROM at [mem 0x000c0000-0x000dffff]
[    0.356277] PCI: CLS 0 bytes, default 64
[    0.356322] Trying to unpack rootfs image as initramfs...
[    0.519667] Freeing initrd memory: 47868K
[    0.519667] clocksource: tsc: mask: 0xffffffffffffffff max_cycles: 0x1e4530a99b6, max_idle_ns: 440795257976 ns
[    0.519667] clocksource: Switched to clocksource tsc
[    0.519667] platform rtc_cmos: registered platform RTC device (no PNP device found)
[    0.519667] check: Scanning for low memory corruption every 60 seconds
[    0.519667] Initialise system trusted keyrings
[    0.519667] Key type blacklist registered
[    0.519667] workingset: timestamp_bits=36 max_order=19 bucket_order=0
[    0.519667] zbud: loaded
[    0.519667] squashfs: version 4.0 (2009/01/31) Phillip Lougher
[    0.519667] fuse: init (API version 7.31)
[    0.519667] *** VALIDATE fuse ***
[    0.519667] *** VALIDATE fuse ***
[    0.519667] Platform Keyring initialized
[    0.534548] Key type asymmetric registered
[    0.534548] Asymmetric key parser 'x509' registered
[    0.534558] Block layer SCSI generic (bsg) driver version 0.4 loaded (major 244)
[    0.534595] io scheduler mq-deadline registered
[    0.534727] shpchp: Standard Hot Plug PCI Controller Driver version: 0.4
[    0.534940] ACPI: AC Adapter [AC] (on-line)
[    0.534984] input: Power Button as /devices/LNXSYSTM:00/LNXPWRBN:00/input/input0
[    0.535013] ACPI: Power Button [PWRF]
[    0.535104] input: Sleep Button as /devices/LNXSYSTM:00/LNXSLPBN:00/input/input1
[    0.535120] ACPI: Sleep Button [SLPF]
[    0.535356] Serial: 8250/16550 driver, 32 ports, IRQ sharing enabled
[    0.536504] Linux agpgart interface v0.103
[    0.627160] loop: module loaded
[    0.627294] ata_piix 0000:00:01.1: version 2.13
[    0.627697] scsi host0: ata_piix
[    0.627788] scsi host1: ata_piix
[    0.627814] ata1: PATA max UDMA/33 cmd 0x1f0 ctl 0x3f6 bmdma 0xd000 irq 14
[    0.627815] ata2: PATA max UDMA/33 cmd 0x170 ctl 0x376 bmdma 0xd008 irq 15
[    0.627894] tun: Universal TUN/TAP device driver, 1.6
[    0.628207] PPP generic driver version 2.4.2
[    0.628249] VFIO - User Level meta-driver version: 0.3
[    0.628486] ehci_hcd: USB 2.0 'Enhanced' Host Controller (EHCI) Driver
[    0.628491] ehci-pci: EHCI PCI platform driver
[    0.628504] ehci-platform: EHCI generic platform driver
[    0.628510] ohci_hcd: USB 1.1 'Open' Host Controller (OHCI) Driver
[    0.628511] ohci-pci: OHCI PCI platform driver
[    0.628518] ohci-platform: OHCI generic platform driver
[    0.628522] uhci_hcd: USB Universal Host Controller Interface driver
[    0.628586] i8042: PNP: PS/2 Controller [PNP0303:PS2K,PNP0f03:PS2M] at 0x60,0x64 irq 1,12
[    0.629027] serio: i8042 KBD port at 0x60,0x64 irq 1
[    0.629032] serio: i8042 AUX port at 0x60,0x64 irq 12
[    0.629118] mousedev: PS/2 mouse device common for all mice
[    0.629368] input: AT Translated Set 2 keyboard as /devices/platform/i8042/serio0/input/input2
[    0.629771] rtc_cmos rtc_cmos: registered as rtc0
[    0.629785] rtc_cmos rtc_cmos: alarms up to one day, 114 bytes nvram
[    0.629790] i2c /dev entries driver
[    0.629832] device-mapper: uevent: version 1.0.3
[    0.629874] device-mapper: ioctl: 4.41.0-ioctl (2019-09-16) initialised: dm-devel@redhat.com
[    0.629890] platform eisa.0: Probing EISA bus 0
[    0.629891] platform eisa.0: EISA: Cannot allocate resource for mainboard
[    0.629893] platform eisa.0: Cannot allocate resource for EISA slot 1
[    0.629894] platform eisa.0: Cannot allocate resource for EISA slot 2
[    0.629895] platform eisa.0: Cannot allocate resource for EISA slot 3
[    0.629896] platform eisa.0: Cannot allocate resource for EISA slot 4
[    0.629897] platform eisa.0: Cannot allocate resource for EISA slot 5
[    0.629898] platform eisa.0: Cannot allocate resource for EISA slot 6
[    0.629899] platform eisa.0: Cannot allocate resource for EISA slot 7
[    0.629900] platform eisa.0: Cannot allocate resource for EISA slot 8
[    0.629901] platform eisa.0: EISA: Detected 0 cards
[    0.629904] intel_pstate: CPU model not supported
[    0.629913] ledtrig-cpu: registered to indicate activity on CPUs
[    0.629966] drop_monitor: Initializing network drop monitor service
[    0.630125] NET: Registered protocol family 10
[    0.635231] Segment Routing with IPv6
[    0.635261] fullmesh registered
[    0.635262] ndiffports registered
[    0.635264] binder registered
[    0.635265] roundrobin registered
[    0.635265] redundant registered
[    0.635266] blest registered
[    0.635266] ecf registered
[    0.635268] NET: Registered protocol family 17
[    0.635297] Key type dns_resolver registered
[    0.635323] RAS: Correctable Errors collector initialized.
[    0.635323] IPI shorthand broadcast: enabled
[    0.635323] sched_clock: Marking stable (620195645, 11127492)->(631383513, -60376)
[    0.635476] registered taskstats version 1
[    0.635485] Loading compiled-in X.509 certificates
[    0.636071] Loaded X.509 cert 'Build time autogenerated kernel key: 6909f3744cebb3d0de528d5887b96a727de79b1e'
[    0.636090] zswap: loaded using pool lzo/zbud
[    0.636141] Key type ._fscrypt registered
[    0.636142] Key type .fscrypt registered
[    0.640623] Key type big_key registered
[    0.642811] Key type encrypted registered
[    0.642814] AppArmor: AppArmor sha1 policy hashing enabled
[    0.642821] ima: No TPM chip found, activating TPM-bypass!
[    0.642824] ima: Allocated hash algorithm: sha1
[    0.642829] ima: No architecture policies found
[    0.642843] evm: Initialising EVM extended attributes:
[    0.642844] evm: security.selinux
[    0.642844] evm: security.SMACK64
[    0.642845] evm: security.SMACK64EXEC
[    0.642845] evm: security.SMACK64TRANSMUTE
[    0.642846] evm: security.SMACK64MMAP
[    0.642846] evm: security.apparmor
[    0.642846] evm: security.ima
[    0.642847] evm: security.capability
[    0.642848] evm: HMAC attrs: 0x1
[    0.643133] PM:   Magic number: 10:470:698
[    0.643243] rtc_cmos rtc_cmos: setting system clock to 2026-01-18T19:40:45 UTC (1768765245)
[    0.801557] ata1.00: ATA-6: VBOX HARDDISK, 1.0, max UDMA/133
[    0.801561] ata1.00: 209715200 sectors, multi 128: LBA 
[    0.802368] scsi 0:0:0:0: Direct-Access     ATA      VBOX HARDDISK    1.0  PQ: 0 ANSI: 5
[    0.802737] sd 0:0:0:0: [sda] 209715200 512-byte logical blocks: (107 GB/100 GiB)
[    0.802754] sd 0:0:0:0: [sda] Write Protect is off
[    0.802758] sd 0:0:0:0: [sda] Mode Sense: 00 3a 00 00
[    0.802785] sd 0:0:0:0: [sda] Write cache: enabled, read cache: enabled, doesn't support DPO or FUA
[    0.803017] sd 0:0:0:0: Attached scsi generic sg0 type 0
[    0.804151]  sda: sda1 sda2
[    0.815404] sd 0:0:0:0: [sda] Attached SCSI disk
[    0.819678] Freeing unused decrypted memory: 2040K
[    0.820837] Freeing unused kernel image memory: 2728K
[    0.820840] Write protecting the kernel read-only data: 22528k
[    0.822091] Freeing unused kernel image memory: 2036K
[    0.822782] Freeing unused kernel image memory: 1432K
[    0.856249] x86/mm: Checked W+X mappings: passed, no W+X pages found.
[    0.856253] Run /init as init process
[    0.954380] ACPI: Video Device [GFX0] (multi-head: yes  rom: no  post: no)
[    0.954446] input: Video Bus as /devices/LNXSYSTM:00/LNXSYBUS:00/PNP0A03:00/LNXVIDEO:00/input/input4
[    0.963200] pcnet32: pcnet32.c:v1.35 21.Apr.2008 tsbogend@alpha.franken.de
[    0.964019] pcnet32: PCnet/FAST III 79C973 at 0xd020, 08:00:27:09:0b:e4 assigned IRQ 19
[    0.964060] pcnet32: Found PHY 0022:561b at address 0
[    0.964353] pcnet32: eth0: registered as PCnet/FAST III 79C973
[    0.965496] pcnet32: 1 cards_found
[    0.968105] e1000: Intel(R) PRO/1000 Network Driver - version 7.3.21-k8-NAPI
[    0.968105] e1000: Copyright (c) 1999-2006 Intel Corporation.
[    0.970503] piix4_smbus 0000:00:07.0: SMBus Host Controller at 0x4100, revision 0
[    1.044610] pcnet32 0000:00:03.0 enp0s3: renamed from eth0
[    1.184571] input: ImExPS/2 Generic Explorer Mouse as /devices/platform/i8042/serio1/input/input5
[    1.379775] e1000 0000:00:08.0 eth0: (PCI:33MHz:32-bit) 08:00:27:c2:a9:13
[    1.379779] e1000 0000:00:08.0 eth0: Intel(R) PRO/1000 Network Connection
[    1.751472] e1000 0000:00:09.0 eth1: (PCI:33MHz:32-bit) 08:00:27:a3:49:1e
[    1.751475] e1000 0000:00:09.0 eth1: Intel(R) PRO/1000 Network Connection
[    1.752638] e1000 0000:00:09.0 enp0s9: renamed from eth1
[    1.754398] e1000 0000:00:08.0 enp0s8: renamed from eth0
[    1.899910] EXT4-fs (sda2): mounted filesystem with ordered data mode. Opts: (null)
[    1.981268] systemd[1]: Inserted module 'autofs4'
[    1.990595] systemd[1]: systemd 245.4-4ubuntu3 running in system mode. (+PAM +AUDIT +SELINUX +IMA +APPARMOR +SMACK +SYSVINIT +UTMP +LIBCRYPTSETUP +GCRYPT +GNUTLS +ACL +XZ +LZ4 +SECCOMP +BLKID +ELFUTILS +KMOD +IDN2 -IDN +PCRE2 default-hierarchy=hybrid)
[    1.990625] systemd[1]: Detected virtualization oracle.
[    1.990627] systemd[1]: Detected architecture x86-64.
[    1.991963] systemd[1]: Set hostname to <ztg>.
[    2.113858] systemd[1]: /lib/systemd/system/dbus.socket:5: ListenStream= references a path below legacy directory /var/run/, updating /var/run/dbus/system_bus_socket â†’ /run/dbus/system_bus_socket; please update the unit file accordingly.
[    2.164827] systemd[1]: Created slice system-modprobe.slice.
[    2.165009] systemd[1]: Created slice User and Session Slice.
[    2.165050] systemd[1]: Started Forward Password Requests to Wall Directory Watch.
[    2.165203] systemd[1]: Set up automount Arbitrary Executable File Formats File System Automount Point.
[    2.165236] systemd[1]: Reached target User and Group Name Lookups.
[    2.165246] systemd[1]: Reached target Remote File Systems.
[    2.165254] systemd[1]: Reached target Slices.
[    2.165734] systemd[1]: Listening on Syslog Socket.
[    2.165799] systemd[1]: Listening on fsck to fsckd communication Socket.
[    2.165833] systemd[1]: Listening on initctl Compatibility Named Pipe.
[    2.165963] systemd[1]: Listening on Journal Audit Socket.
[    2.166014] systemd[1]: Listening on Journal Socket (/dev/log).
[    2.166079] systemd[1]: Listening on Journal Socket.
[    2.166141] systemd[1]: Listening on udev Control Socket.
[    2.166179] systemd[1]: Listening on udev Kernel Socket.
[    2.166897] systemd[1]: Mounting Huge Pages File System...
[    2.167864] systemd[1]: Mounting POSIX Message Queue File System...
[    2.168716] systemd[1]: Mounting Kernel Debug File System...
[    2.169530] systemd[1]: Mounting Kernel Trace File System...
[    2.171434] systemd[1]: Starting Journal Service...
[    2.193779] systemd[1]: Starting Set the console keyboard layout...
[    2.201550] systemd[1]: Starting Create list of static device nodes for the current kernel...
[    2.203607] systemd[1]: Starting Load Kernel Module drm...
[    2.212140] systemd[1]: Condition check resulted in Set Up Additional Binary Formats being skipped.
[    2.212176] systemd[1]: Condition check resulted in File System Check on Root Device being skipped.
[    2.214885] systemd[1]: Starting Load Kernel Modules...
[    2.222985] systemd[1]: Starting Remount Root and Kernel File Systems...
[    2.233771] systemd[1]: Starting udev Coldplug all Devices...
[    2.240350] systemd[1]: Starting Uncomplicated firewall...
[    2.242219] systemd[1]: Mounted Huge Pages File System.
[    2.242307] systemd[1]: Mounted POSIX Message Queue File System.
[    2.242380] systemd[1]: Mounted Kernel Debug File System.
[    2.242445] systemd[1]: Mounted Kernel Trace File System.
[    2.247486] EXT4-fs (sda2): re-mounted. Opts: errors=remount-ro
[    2.258043] systemd[1]: Finished Create list of static device nodes for the current kernel.
[    2.258854] systemd[1]: modprobe@drm.service: Succeeded.
[    2.263449] systemd[1]: Finished Load Kernel Module drm.
[    2.263931] systemd[1]: Finished Remount Root and Kernel File Systems.
[    2.267342] systemd[1]: Finished Uncomplicated firewall.
[    2.272701] lp: driver loaded but no devices found
[    2.273901] systemd[1]: Condition check resulted in Rebuild Hardware Database being skipped.
[    2.273932] systemd[1]: Condition check resulted in Platform Persistent Storage Archival being skipped.
[    2.274543] systemd[1]: Starting Load/Save Random Seed...
[    2.282921] systemd[1]: Starting Create System Users...
[    2.294929] ppdev: user-space parallel port driver
[    2.303612] systemd[1]: Finished Load/Save Random Seed.
[    2.316724] systemd[1]: Finished Create System Users.
[    2.317477] systemd[1]: Starting Create Static Device Nodes in /dev...
[    2.342963] systemd[1]: Finished Create Static Device Nodes in /dev.
[    2.343736] systemd[1]: Starting udev Kernel Device Manager...
[    2.403450] [drm] DMA map mode: Caching DMA mappings.
[    2.403512] [drm] Capabilities:
[    2.403512] [drm]   Rect copy.
[    2.403513] [drm]   Cursor.
[    2.403513] [drm]   Cursor bypass.
[    2.403513] [drm]   Cursor bypass 2.
[    2.403514] [drm]   Alpha cursor.
[    2.403514] [drm]   Extended Fifo.
[    2.403514] [drm]   Pitchlock.
[    2.403515] [drm]   Irq mask.
[    2.403515] [drm]   GMR.
[    2.403515] [drm]   Traces.
[    2.403516] [drm]   GMR2.
[    2.403516] [drm]   Screen Object 2.
[    2.403516] [drm]   Command Buffers.
[    2.403517] [drm]   Command Buffers 2.
[    2.403517] [drm]   Guest Backed Resources.
[    2.403518] [drm] Max GMR ids is 8192
[    2.403519] [drm] Max number of GMR pages is 1048576
[    2.403519] [drm] Max dedicated hypervisor surface memory is 393216 kiB
[    2.403520] [drm] Maximum display memory size is 131072 kiB
[    2.403520] [drm] VRAM at 0xe0000000 size is 131072 kiB
[    2.403521] [drm] MMIO at 0xf0000000 size is 2048 kiB
[    2.409923] [TTM] Zone  kernel: Available graphics memory: 1011738 KiB
[    2.409924] [TTM] Initializing pool allocator
[    2.409927] [TTM] Initializing DMA pool allocator
[    2.409956] [drm] Supports vblank timestamp caching Rev 2 (21.10.2013).
[    2.409957] [drm] No driver support for vblank timestamp query.
[    2.410180] [drm] Screen Target Display device initialized
[    2.410441] [drm] width 720
[    2.410451] [drm] height 400
[    2.410454] [drm] bpp 32
[    2.410974] [drm] Fifo max 0x00200000 min 0x00001000 cap 0x00000355
[    2.412067] [drm] Using command buffers with DMA pool.
[    2.412070] [drm] DX: no.
[    2.412071] [drm] Atomic: yes.
[    2.412071] [drm] SM4_1: no.
[    2.412089] [drm:vmw_host_log [vmwgfx]] *ERROR* Failed to send host log message.
[    2.413298] [drm:vmw_host_log [vmwgfx]] *ERROR* Failed to send host log message.
[    2.415874] systemd[1]: Finished udev Coldplug all Devices.
[    2.428043] fbcon: svgadrmfb (fb0) is primary device
[    2.430176] Console: switching to colour frame buffer device 100x37
[    2.439421] [drm] Initialized vmwgfx 2.15.0 20180704 for 0000:00:02.0 on minor 0
[    2.446935] systemd[1]: Finished Load Kernel Modules.
[    2.447844] systemd[1]: Mounting FUSE Control File System...
[    2.448680] systemd[1]: Mounting Kernel Configuration File System...
[    2.449503] systemd[1]: Starting Apply Kernel Variables...
[    2.472575] systemd[1]: Mounted FUSE Control File System.
[    2.472635] systemd[1]: Condition check resulted in VMware vmblock fuse mount being skipped.
[    2.480509] systemd[1]: Mounted Kernel Configuration File System.
[    2.505745] systemd[1]: Finished Set the console keyboard layout.
[    2.505831] systemd[1]: Reached target Local File Systems (Pre).
[    2.508795] systemd[1]: Mounting Mount unit for bare, revision 5...
[    2.519334] systemd[1]: Mounting Mount unit for core18, revision 1705...
[    2.521375] systemd[1]: Mounting Mount unit for gnome-3-34-1804, revision 24...
[    2.529856] systemd[1]: Mounting Mount unit for gtk-common-themes, revision 1506...
[    2.544330] systemd[1]: Mounting Mount unit for gtk-common-themes, revision 1535...
[    2.561972] systemd[1]: Mounting Mount unit for snap-store, revision 433...
[    2.571471] systemd[1]: Mounting Mount unit for snapd, revision 25935...
[    2.574768] systemd[1]: Started udev Kernel Device Manager.
[    2.596283] systemd[1]: Finished Apply Kernel Variables.
[    2.600836] systemd[1]: Mounted Mount unit for bare, revision 5.
[    2.605838] systemd[1]: Starting Show Plymouth Boot Screen...
[    2.611260] systemd[1]: Mounted Mount unit for core18, revision 1705.
[    2.611768] systemd[1]: Received SIGRTMIN+20 from PID 278 (plymouthd).
[    2.636953] systemd[1]: Mounted Mount unit for gnome-3-34-1804, revision 24.
[    2.637222] systemd[1]: Started Show Plymouth Boot Screen.
[    2.637392] systemd[1]: Condition check resulted in Dispatch Password Requests to Console Directory Watch being skipped.
[    2.637482] systemd[1]: Started Forward Password Requests to Plymouth Directory Watch.
[    2.637547] systemd[1]: Reached target Local Encrypted Volumes.
[    2.654916] systemd[1]: Mounted Mount unit for gtk-common-themes, revision 1506.
[    2.687531] systemd[1]: Mounted Mount unit for snap-store, revision 433.
[    2.719999] systemd[1]: Mounted Mount unit for gtk-common-themes, revision 1535.
[    2.720247] systemd[1]: Mounted Mount unit for snapd, revision 25935.
[    2.720405] systemd[1]: Reached target Local File Systems.
[    2.721205] systemd[1]: Starting Load AppArmor profiles...
[    2.723996] systemd[1]: Starting Set console font and keymap...
[    2.733346] systemd[1]: Starting Tell Plymouth To Write Out Runtime Data...
[    2.738678] systemd[1]: Condition check resulted in Store a System Token in an EFI Variable being skipped.
[    2.738743] systemd[1]: Condition check resulted in Commit a transient machine-id on disk being skipped.
[    2.741123] systemd[1]: Finished Set console font and keymap.
[    2.750458] systemd[1]: Received SIGRTMIN+20 from PID 278 (plymouthd).
[    2.751212] systemd[1]: plymouth-read-write.service: Succeeded.
[    2.752874] systemd[1]: Finished Tell Plymouth To Write Out Runtime Data.
[    2.795568] audit: type=1400 audit(1768765247.648:2): apparmor="STATUS" operation="profile_load" profile="unconfined" name="nvidia_modprobe" pid=299 comm="apparmor_parser"
[    2.795570] audit: type=1400 audit(1768765247.648:3): apparmor="STATUS" operation="profile_load" profile="unconfined" name="nvidia_modprobe//kmod" pid=299 comm="apparmor_parser"
[    2.802849] audit: type=1400 audit(1768765247.656:4): apparmor="STATUS" operation="profile_load" profile="unconfined" name="/usr/sbin/tcpdump" pid=300 comm="apparmor_parser"
[    2.836360] audit: type=1400 audit(1768765247.684:5): apparmor="STATUS" operation="profile_load" profile="unconfined" name="/usr/bin/evince" pid=302 comm="apparmor_parser"
[    2.836362] audit: type=1400 audit(1768765247.684:6): apparmor="STATUS" operation="profile_load" profile="unconfined" name="/usr/bin/evince//sanitized_helper" pid=302 comm="apparmor_parser"
[    2.836363] audit: type=1400 audit(1768765247.684:7): apparmor="STATUS" operation="profile_load" profile="unconfined" name="/usr/bin/evince-previewer" pid=302 comm="apparmor_parser"
[    2.836365] audit: type=1400 audit(1768765247.684:8): apparmor="STATUS" operation="profile_load" profile="unconfined" name="/usr/bin/evince-previewer//sanitized_helper" pid=302 comm="apparmor_parser"
[    2.836366] audit: type=1400 audit(1768765247.684:9): apparmor="STATUS" operation="profile_load" profile="unconfined" name="/usr/bin/evince-thumbnailer" pid=302 comm="apparmor_parser"
[    2.866779] audit: type=1400 audit(1768765247.720:10): apparmor="STATUS" operation="profile_load" profile="unconfined" name="/usr/lib/cups/backend/cups-pdf" pid=303 comm="apparmor_parser"
[    2.948198] systemd[1]: Finished Load AppArmor profiles.
[    2.949111] systemd[1]: Starting Load AppArmor profiles managed internally by snapd...
[    3.062033] systemd[1]: Finished Load AppArmor profiles managed internally by snapd.
[    3.165536] systemd[1]: Started Journal Service.
[    3.175905] systemd-journald[229]: Received client request to flush runtime journal.
[    3.178596] systemd-journald[229]: File /var/log/journal/c455b248004a419c87ce85eea238d727/system.journal corrupted or uncleanly shut down, renaming and replacing.
[    4.499220] RAPL PMU: API unit is 2^-32 Joules, 0 fixed counters, 10737418240 ms ovfl timer
[    4.562770] cryptd: max_cpu_qlen set to 1000
[    4.641106] AVX2 version of gcm_enc/dec engaged.
[    4.641107] AES CTR mode by8 optimization enabled
[    6.327648] Adding 1998844k swap on /dev/sda1.  Priority:-2 extents:1 across:1998844k FS
[    8.073910] kauditd_printk_skb: 30 callbacks suppressed
[    8.073912] audit: type=1400 audit(1768765252.924:41): apparmor="DENIED" operation="capable" profile="/usr/sbin/cups-browsed" pid=509 comm="cups-browsed" capability=23  capname="sys_nice"
[    8.807892] pcnet32 0000:00:03.0 enp0s3: link up, 100Mbps, full-duplex
[    8.847167] e1000: enp0s8 NIC Link is Up 1000 Mbps Full Duplex, Flow Control: RX
[    8.847515] IPv6: ADDRCONF(NETDEV_CHANGE): enp0s8: link becomes ready
[    8.879250] e1000: enp0s9 NIC Link is Up 1000 Mbps Full Duplex, Flow Control: RX
[    8.879541] IPv6: ADDRCONF(NETDEV_CHANGE): enp0s9: link becomes ready
[    9.505903] device enp0s3 entered promiscuous mode
[    9.533303] audit: type=1400 audit(1768765254.380:42): apparmor="DENIED" operation="open" profile="/usr/sbin/tcpdump" name="/proc/sys/kernel/random/boot_id" pid=664 comm="tcpdump" requested_mask="r" denied_mask="r" fsuid=0 ouid=0
[    9.533481] audit: type=1400 audit(1768765254.380:43): apparmor="DENIED" operation="open" profile="/usr/sbin/tcpdump" name="/proc/sys/kernel/random/boot_id" pid=664 comm="tcpdump" requested_mask="r" denied_mask="r" fsuid=0 ouid=0
[    9.533600] audit: type=1400 audit(1768765254.380:44): apparmor="DENIED" operation="open" profile="/usr/sbin/tcpdump" name="/proc/sys/kernel/random/boot_id" pid=664 comm="tcpdump" requested_mask="r" denied_mask="r" fsuid=0 ouid=0
[    9.533657] audit: type=1400 audit(1768765254.380:45): apparmor="DENIED" operation="open" profile="/usr/sbin/tcpdump" name="/proc/sys/kernel/random/boot_id" pid=664 comm="tcpdump" requested_mask="r" denied_mask="r" fsuid=0 ouid=0
[    9.548109] audit: type=1400 audit(1768765254.400:46): apparmor="DENIED" operation="open" profile="/usr/sbin/tcpdump" name="/proc/sys/kernel/random/boot_id" pid=665 comm="tcpdump" requested_mask="r" denied_mask="r" fsuid=0 ouid=0
[    9.548296] audit: type=1400 audit(1768765254.400:47): apparmor="DENIED" operation="open" profile="/usr/sbin/tcpdump" name="/proc/sys/kernel/random/boot_id" pid=665 comm="tcpdump" requested_mask="r" denied_mask="r" fsuid=0 ouid=0
[    9.548336] audit: type=1400 audit(1768765254.400:48): apparmor="DENIED" operation="open" profile="/usr/sbin/tcpdump" name="/proc/sys/kernel/random/boot_id" pid=665 comm="tcpdump" requested_mask="r" denied_mask="r" fsuid=0 ouid=0
[    9.548420] audit: type=1400 audit(1768765254.400:49): apparmor="DENIED" operation="open" profile="/usr/sbin/tcpdump" name="/proc/sys/kernel/random/boot_id" pid=665 comm="tcpdump" requested_mask="r" denied_mask="r" fsuid=0 ouid=0
[   15.205392] rfkill: input handler disabled
[  185.584309] AAAAA-TCP_FORW: name:enp0s3: saddr:33561200: daddr:100932208
[  185.710430] AAAAA-TCP_FORW: name:enp0s3: saddr:16783984: daddr:100932208
[  303.406327] AAAAA-TCP_FORW: name:enp0s3: saddr:16783984: daddr:100932208
[  303.733013] AAAAA-TCP_FORW: name:enp0s3: saddr:33561200: daddr:100932208
[  304.311962] AAAAA-TCP_FORW: name:enp0s3: saddr:33561200: daddr:100932208
[  305.211161] AAAAA-TCP_FORW: name:enp0s3: saddr:33561200: daddr:100932208
[  305.905174] AAAAA-TCP_FORW: name:enp0s3: saddr:33561200: daddr:100932208
[  306.409857] AAAAA-TCP_FORW: name:enp0s3: saddr:33561200: daddr:100932208
[  306.837729] AAAAA-TCP_FORW: name:enp0s3: saddr:33561200: daddr:100932208
[  306.924750] AAAAA-TCP_FORW: name:enp0s3: saddr:33561200: daddr:100932208
[  308.443167] AAAAA-TCP_FORW: name:enp0s3: saddr:33561200: daddr:100932208
[  310.058173] AAAAA-TCP_FORW: name:enp0s3: saddr:16783984: daddr:100932208
[  310.388467] AAAAA-TCP_FORW: name:enp0s3: saddr:33561200: daddr:100932208
[  310.803643] AAAAA-TCP_FORW: name:enp0s3: saddr:16783984: daddr:100932208
[  311.071733] AAAAA-TCP_FORW: name:enp0s3: saddr:16783984: daddr:100932208
[  577.685609] rfkill: input handler enabled
[  586.950056] rfkill: input handler disabled
[  806.126236] device enp0s3 left promiscuous mode
