[    0.000000] Linux version 5.4.243-mptcp (root@ztg) (gcc version 12.2.0 (Debian 12.2.0-14+deb12u1)) #53 SMP Wed Dec 24 23:28:15 CST 2025
[    0.000000] Command line: BOOT_IMAGE=/boot/vmlinuz-5.4.243-mptcp root=UUID=98415a12-53b7-4144-8265-0f7ece09e445 ro quiet splash
[    0.000000] KERNEL supported cpus:
[    0.000000]   Intel GenuineIntel
[    0.000000]   AMD AuthenticAMD
[    0.000000]   Hygon HygonGenuine
[    0.000000]   Centaur CentaurHauls
[    0.000000]   zhaoxin   Shanghai  
[    0.000000] x86/fpu: Supporting XSAVE feature 0x001: 'x87 floating point registers'
[    0.000000] x86/fpu: Supporting XSAVE feature 0x002: 'SSE registers'
[    0.000000] x86/fpu: Supporting XSAVE feature 0x004: 'AVX registers'
[    0.000000] x86/fpu: xstate_offset[2]:  576, xstate_sizes[2]:  256
[    0.000000] x86/fpu: Enabled xstate features 0x7, context size is 832 bytes, using 'standard' format.
[    0.000000] BIOS-provided physical RAM map:
[    0.000000] BIOS-e820: [mem 0x0000000000000000-0x000000000009fbff] usable
[    0.000000] BIOS-e820: [mem 0x000000000009fc00-0x000000000009ffff] reserved
[    0.000000] BIOS-e820: [mem 0x00000000000f0000-0x00000000000fffff] reserved
[    0.000000] BIOS-e820: [mem 0x0000000000100000-0x000000007ffeffff] usable
[    0.000000] BIOS-e820: [mem 0x000000007fff0000-0x000000007fffffff] ACPI data
[    0.000000] BIOS-e820: [mem 0x00000000fec00000-0x00000000fec00fff] reserved
[    0.000000] BIOS-e820: [mem 0x00000000fee00000-0x00000000fee00fff] reserved
[    0.000000] BIOS-e820: [mem 0x00000000fffc0000-0x00000000ffffffff] reserved
[    0.000000] NX (Execute Disable) protection: active
[    0.000000] SMBIOS 2.5 present.
[    0.000000] DMI: innotek GmbH VirtualBox/VirtualBox, BIOS VirtualBox 12/01/2006
[    0.000000] Hypervisor detected: KVM
[    0.000000] kvm-clock: Using msrs 4b564d01 and 4b564d00
[    0.000000] kvm-clock: cpu 0, msr 67401001, primary cpu clock
[    0.000001] kvm-clock: using sched offset of 4431733348 cycles
[    0.000003] clocksource: kvm-clock: mask: 0xffffffffffffffff max_cycles: 0x1cd42e4dffb, max_idle_ns: 881590591483 ns
[    0.000006] tsc: Detected 2100.000 MHz processor
[    0.002860] e820: update [mem 0x00000000-0x00000fff] usable ==> reserved
[    0.002863] e820: remove [mem 0x000a0000-0x000fffff] usable
[    0.002869] last_pfn = 0x7fff0 max_arch_pfn = 0x400000000
[    0.002960] MTRR default type: uncachable
[    0.002961] MTRR fixed ranges enabled:
[    0.002963]   00000-9FFFF write-back
[    0.002964]   A0000-BFFFF uncachable
[    0.002965]   C0000-FFFFF write-protect
[    0.002965] MTRR variable ranges enabled:
[    0.002968]   0 base 000000000000 mask 3FFF80000000 write-back
[    0.002968]   1 disabled
[    0.002969]   2 disabled
[    0.002970]   3 disabled
[    0.002970]   4 disabled
[    0.002971]   5 disabled
[    0.002971]   6 disabled
[    0.002972]   7 disabled
[    0.002972]   8 disabled
[    0.002973]   9 disabled
[    0.002974]   10 disabled
[    0.002974]   11 disabled
[    0.002975]   12 disabled
[    0.002975]   13 disabled
[    0.002976]   14 disabled
[    0.002976]   15 disabled
[    0.002999] x86/PAT: Configuration [0-7]: WB  WC  UC- UC  WB  WP  UC- WT  
[    0.003178] found SMP MP-table at [mem 0x0009fff0-0x0009ffff]
[    0.091555] check: Scanning 1 areas for low memory corruption
[    0.091757] RAMDISK: [mem 0x32271000-0x3512ffff]
[    0.091766] ACPI: Early table checksum verification disabled
[    0.091771] ACPI: RSDP 0x00000000000E0000 000024 (v02 VBOX  )
[    0.091776] ACPI: XSDT 0x000000007FFF0030 00003C (v01 VBOX   VBOXXSDT 00000001 ASL  00000061)
[    0.091782] ACPI: FACP 0x000000007FFF00F0 0000F4 (v04 VBOX   VBOXFACP 00000001 ASL  00000061)
[    0.091789] ACPI: DSDT 0x000000007FFF02E0 002353 (v02 VBOX   VBOXBIOS 00000002 VBOX 00029BF3)
[    0.091793] ACPI: FACS 0x000000007FFF0200 000040
[    0.091796] ACPI: FACS 0x000000007FFF0200 000040
[    0.091799] ACPI: APIC 0x000000007FFF0240 000054 (v02 VBOX   VBOXAPIC 00000001 ASL  00000061)
[    0.091803] ACPI: SSDT 0x000000007FFF02A0 000038 (v01 VBOX   VBOXCPUT 00000002 VBOX 00029BF3)
[    0.091806] ACPI: Reserving FACP table memory at [mem 0x7fff00f0-0x7fff01e3]
[    0.091807] ACPI: Reserving DSDT table memory at [mem 0x7fff02e0-0x7fff2632]
[    0.091808] ACPI: Reserving FACS table memory at [mem 0x7fff0200-0x7fff023f]
[    0.091808] ACPI: Reserving FACS table memory at [mem 0x7fff0200-0x7fff023f]
[    0.091809] ACPI: Reserving APIC table memory at [mem 0x7fff0240-0x7fff0293]
[    0.091810] ACPI: Reserving SSDT table memory at [mem 0x7fff02a0-0x7fff02d7]
[    0.091824] ACPI: Local APIC address 0xfee00000
[    0.092013] No NUMA configuration found
[    0.092015] Faking a node at [mem 0x0000000000000000-0x000000007ffeffff]
[    0.092025] NODE_DATA(0) allocated [mem 0x7ffc5000-0x7ffeffff]
[    0.092286] Zone ranges:
[    0.092288]   DMA      [mem 0x0000000000001000-0x0000000000ffffff]
[    0.092289]   DMA32    [mem 0x0000000001000000-0x000000007ffeffff]
[    0.092290]   Normal   empty
[    0.092290]   Device   empty
[    0.092291] Movable zone start for each node
[    0.092293] Early memory node ranges
[    0.092294]   node   0: [mem 0x0000000000001000-0x000000000009efff]
[    0.092295]   node   0: [mem 0x0000000000100000-0x000000007ffeffff]
[    0.092299] Zeroed struct page in unavailable ranges: 114 pages
[    0.092300] Initmem setup node 0 [mem 0x0000000000001000-0x000000007ffeffff]
[    0.092301] On node 0 totalpages: 524174
[    0.092302]   DMA zone: 64 pages used for memmap
[    0.092303]   DMA zone: 21 pages reserved
[    0.092304]   DMA zone: 3998 pages, LIFO batch:0
[    0.092374]   DMA32 zone: 8128 pages used for memmap
[    0.092375]   DMA32 zone: 520176 pages, LIFO batch:63
[    0.101286] ACPI: PM-Timer IO Port: 0x4008
[    0.101290] ACPI: Local APIC address 0xfee00000
[    0.101361] IOAPIC[0]: apic_id 1, version 32, address 0xfec00000, GSI 0-23
[    0.101364] ACPI: INT_SRC_OVR (bus 0 bus_irq 0 global_irq 2 dfl dfl)
[    0.101366] ACPI: INT_SRC_OVR (bus 0 bus_irq 9 global_irq 9 low level)
[    0.101368] ACPI: IRQ0 used by override.
[    0.101369] ACPI: IRQ9 used by override.
[    0.101371] Using ACPI (MADT) for SMP configuration information
[    0.101379] smpboot: Allowing 1 CPUs, 0 hotplug CPUs
[    0.101401] PM: Registered nosave memory: [mem 0x00000000-0x00000fff]
[    0.101403] PM: Registered nosave memory: [mem 0x0009f000-0x0009ffff]
[    0.101403] PM: Registered nosave memory: [mem 0x000a0000-0x000effff]
[    0.101404] PM: Registered nosave memory: [mem 0x000f0000-0x000fffff]
[    0.101406] [mem 0x80000000-0xfebfffff] available for PCI devices
[    0.101407] Booting paravirtualized kernel on KVM
[    0.101410] clocksource: refined-jiffies: mask: 0xffffffff max_cycles: 0xffffffff, max_idle_ns: 7645519600211568 ns
[    0.101415] setup_percpu: NR_CPUS:8192 nr_cpumask_bits:1 nr_cpu_ids:1 nr_node_ids:1
[    0.102445] percpu: Embedded 60 pages/cpu s208896 r8192 d28672 u2097152
[    0.102450] pcpu-alloc: s208896 r8192 d28672 u2097152 alloc=1*2097152
[    0.102451] pcpu-alloc: [0] 0 
[    0.102477] Built 1 zonelists, mobility grouping on.  Total pages: 515961
[    0.102478] Policy zone: DMA32
[    0.102479] Kernel command line: BOOT_IMAGE=/boot/vmlinuz-5.4.243-mptcp root=UUID=98415a12-53b7-4144-8265-0f7ece09e445 ro quiet splash
[    0.103399] Dentry cache hash table entries: 262144 (order: 9, 2097152 bytes, linear)
[    0.103547] Inode-cache hash table entries: 131072 (order: 8, 1048576 bytes, linear)
[    0.103599] mem auto-init: stack:off, heap alloc:on, heap free:off
[    0.103602] Calgary: detecting Calgary via BIOS EBDA area
[    0.103603] Calgary: Unable to locate Rio Grande table in EBDA - bailing!
[    0.107772] Memory: 1967332K/2096696K available (14339K kernel code, 2398K rwdata, 4712K rodata, 2728K init, 17260K bss, 129364K reserved, 0K cma-reserved)
[    0.108748] SLUB: HWalign=64, Order=0-3, MinObjects=0, CPUs=1, Nodes=1
[    0.108765] ftrace: allocating 43186 entries in 169 pages
[    0.126918] rcu: Hierarchical RCU implementation.
[    0.126920] rcu: 	RCU restricting CPUs from NR_CPUS=8192 to nr_cpu_ids=1.
[    0.126921] 	Tasks RCU enabled.
[    0.126922] rcu: RCU calculated value of scheduler-enlistment delay is 25 jiffies.
[    0.126923] rcu: Adjusting geometry for rcu_fanout_leaf=16, nr_cpu_ids=1
[    0.129871] NR_IRQS: 524544, nr_irqs: 256, preallocated irqs: 16
[    0.130098] random: crng init done
[    0.139432] Console: colour VGA+ 80x25
[    0.139436] printk: console [tty0] enabled
[    0.139457] ACPI: Core revision 20190816
[    0.139559] APIC: Switch to symmetric I/O mode setup
[    0.139808] x2apic enabled
[    0.140044] Switched APIC routing to physical x2apic.
[    0.141166] ..TIMER: vector=0x30 apic1=0 pin1=2 apic2=-1 pin2=-1
[    0.141190] clocksource: tsc-early: mask: 0xffffffffffffffff max_cycles: 0x1e4530a99b6, max_idle_ns: 440795257976 ns
[    0.141196] Calibrating delay loop (skipped) preset value.. 4200.00 BogoMIPS (lpj=8400000)
[    0.141198] pid_max: default: 32768 minimum: 301
[    0.141227] LSM: Security Framework initializing
[    0.141236] Yama: becoming mindful.
[    0.141263] AppArmor: AppArmor initialized
[    0.141298] Mount-cache hash table entries: 4096 (order: 3, 32768 bytes, linear)
[    0.141302] Mountpoint-cache hash table entries: 4096 (order: 3, 32768 bytes, linear)
[    0.141312] *** VALIDATE tmpfs ***
[    0.141445] *** VALIDATE proc ***
[    0.141487] *** VALIDATE cgroup1 ***
[    0.141489] *** VALIDATE cgroup2 ***
[    0.141633] process: using mwait in idle threads
[    0.141638] Last level iTLB entries: 4KB 64, 2MB 8, 4MB 8
[    0.141639] Last level dTLB entries: 4KB 64, 2MB 0, 4MB 0, 1GB 4
[    0.141659] Spectre V1 : Mitigation: usercopy/swapgs barriers and __user pointer sanitization
[    0.141664] Spectre V2 : Mitigation: Retpolines
[    0.141665] Spectre V2 : Spectre v2 / SpectreRSB mitigation: Filling RSB on context switch
[    0.141665] Spectre V2 : Spectre v2 / SpectreRSB : Filling RSB on VMEXIT
[    0.141666] RETBleed: WARNING: Spectre v2 mitigation leaves CPU vulnerable to RETBleed attacks, data leaks possible!
[    0.142021] RETBleed: Vulnerable
[    0.142021] Speculative Store Bypass: Vulnerable
[    0.142026] TAA: Mitigation: TSX disabled
[    0.142026] MMIO Stale Data: Mitigation: Clear CPU buffers
[    0.146260] Freeing SMP alternatives memory: 40K
[    0.258527] smpboot: CPU0: Intel(R) Xeon(R) Silver 4216 CPU @ 2.10GHz (family: 0x6, model: 0x55, stepping: 0x7)
[    0.258658] Performance Events: unsupported p6 CPU model 85 no PMU driver, software events only.
[    0.258695] rcu: Hierarchical SRCU implementation.
[    0.259206] NMI watchdog: Perf NMI watchdog permanently disabled
[    0.259246] smp: Bringing up secondary CPUs ...
[    0.259247] smp: Brought up 1 node, 1 CPU
[    0.259248] smpboot: Max logical packages: 1
[    0.259249] smpboot: Total of 1 processors activated (4200.00 BogoMIPS)
[    0.260319] devtmpfs: initialized
[    0.260373] x86/mm: Memory block size: 128MB
[    0.260731] clocksource: jiffies: mask: 0xffffffff max_cycles: 0xffffffff, max_idle_ns: 7645041785100000 ns
[    0.260737] futex hash table entries: 256 (order: 2, 16384 bytes, linear)
[    0.260781] pinctrl core: initialized pinctrl subsystem
[    0.260891] PM: RTC time: 19:39:34, date: 2026-01-18
[    0.261006] NET: Registered protocol family 16
[    0.261081] audit: initializing netlink subsys (disabled)
[    0.261191] EISA bus registered
[    0.261191] cpuidle: using governor ladder
[    0.261191] cpuidle: using governor menu
[    0.261191] ACPI: bus type PCI registered
[    0.261191] acpiphp: ACPI Hot Plug PCI Controller Driver version: 0.5
[    0.261191] PCI: Using configuration type 1 for base access
[    0.261737] audit: type=2000 audit(1768736381.000:1): state=initialized audit_enabled=0 res=1
[    0.261819] HugeTLB registered 2.00 MiB page size, pre-allocated 0 pages
[    0.262698] ACPI: Added _OSI(Module Device)
[    0.262699] ACPI: Added _OSI(Processor Device)
[    0.262700] ACPI: Added _OSI(3.0 _SCP Extensions)
[    0.262701] ACPI: Added _OSI(Processor Aggregator Device)
[    0.262702] ACPI: Added _OSI(Linux-Dell-Video)
[    0.262702] ACPI: Added _OSI(Linux-Lenovo-NV-HDMI-Audio)
[    0.262703] ACPI: Added _OSI(Linux-HPI-Hybrid-Graphics)
[    0.264649] ACPI: 2 ACPI AML tables successfully acquired and loaded
[    0.266194] ACPI: Interpreter enabled
[    0.266204] ACPI: (supports S0 S5)
[    0.266205] ACPI: Using IOAPIC for interrupt routing
[    0.266414] PCI: Using host bridge windows from ACPI; if necessary, use "pci=nocrs" and report a bug
[    0.266519] ACPI: Enabled 2 GPEs in block 00 to 07
[    0.271525] ACPI: PCI Root Bridge [PCI0] (domain 0000 [bus 00-ff])
[    0.271530] acpi PNP0A03:00: _OSC: OS supports [ASPM ClockPM Segments MSI HPX-Type3]
[    0.271977] acpi PNP0A03:00: _OSC: not requesting OS control; OS requires [ExtendedConfig ASPM ClockPM MSI]
[    0.271985] acpi PNP0A03:00: fail to add MMCONFIG information, can't access extended PCI configuration space under this bridge.
[    0.272353] PCI host bridge to bus 0000:00
[    0.272355] pci_bus 0000:00: root bus resource [io  0x0000-0x0cf7 window]
[    0.272356] pci_bus 0000:00: root bus resource [io  0x0d00-0xffff window]
[    0.272358] pci_bus 0000:00: root bus resource [mem 0x000a0000-0x000bffff window]
[    0.272359] pci_bus 0000:00: root bus resource [mem 0x80000000-0xfdffffff window]
[    0.272360] pci_bus 0000:00: root bus resource [bus 00-ff]
[    0.272400] pci 0000:00:00.0: [8086:1237] type 00 class 0x060000
[    0.273275] pci 0000:00:01.0: [8086:7000] type 00 class 0x060100
[    0.274037] pci 0000:00:01.1: [8086:7111] type 00 class 0x01018a
[    0.274405] pci 0000:00:01.1: reg 0x20: [io  0xd000-0xd00f]
[    0.274556] pci 0000:00:01.1: legacy IDE quirk: reg 0x10: [io  0x01f0-0x01f7]
[    0.274557] pci 0000:00:01.1: legacy IDE quirk: reg 0x14: [io  0x03f6]
[    0.274558] pci 0000:00:01.1: legacy IDE quirk: reg 0x18: [io  0x0170-0x0177]
[    0.274559] pci 0000:00:01.1: legacy IDE quirk: reg 0x1c: [io  0x0376]
[    0.275093] pci 0000:00:02.0: [15ad:0405] type 00 class 0x030000
[    0.277267] pci 0000:00:02.0: reg 0x10: [io  0xd010-0xd01f]
[    0.281236] pci 0000:00:02.0: reg 0x14: [mem 0xe0000000-0xe7ffffff pref]
[    0.283999] pci 0000:00:02.0: reg 0x18: [mem 0xf0000000-0xf01fffff]
[    0.293996] pci 0000:00:03.0: [1022:2000] type 00 class 0x020000
[    0.294719] pci 0000:00:03.0: reg 0x10: [io  0xd020-0xd03f]
[    0.295359] pci 0000:00:03.0: reg 0x14: [mem 0xf0200000-0xf0200fff]
[    0.300324] pci 0000:00:04.0: [80ee:cafe] type 00 class 0x088000
[    0.301006] pci 0000:00:04.0: reg 0x10: [io  0xd040-0xd05f]
[    0.301306] pci 0000:00:04.0: reg 0x14: [mem 0xf0400000-0xf07fffff]
[    0.301927] pci 0000:00:04.0: reg 0x18: [mem 0xf0800000-0xf0803fff pref]
[    0.305233] pci 0000:00:07.0: [8086:7113] type 00 class 0x068000
[    0.305792] pci 0000:00:07.0: quirk: [io  0x4000-0x403f] claimed by PIIX4 ACPI
[    0.305804] pci 0000:00:07.0: quirk: [io  0x4100-0x410f] claimed by PIIX4 SMB
[    0.306409] pci 0000:00:08.0: [8086:100e] type 00 class 0x020000
[    0.307131] pci 0000:00:08.0: reg 0x10: [mem 0xf0820000-0xf083ffff]
[    0.309271] pci 0000:00:08.0: reg 0x18: [io  0xd060-0xd067]
[    0.312501] pci 0000:00:09.0: [8086:100e] type 00 class 0x020000
[    0.313191] pci 0000:00:09.0: reg 0x10: [mem 0xf0840000-0xf085ffff]
[    0.313871] pci 0000:00:09.0: reg 0x18: [io  0xd068-0xd06f]
[    0.322329] ACPI: PCI Interrupt Link [LNKA] (IRQs 5 9 10 *11)
[    0.325451] ACPI: PCI Interrupt Link [LNKB] (IRQs 5 9 *10 11)
[    0.325557] ACPI: PCI Interrupt Link [LNKC] (IRQs 5 *9 10 11)
[    0.325659] ACPI: PCI Interrupt Link [LNKD] (IRQs 5 9 10 *11)
[    0.325920] iommu: Default domain type: Translated 
[    0.325985] pci 0000:00:02.0: vgaarb: setting as boot VGA device
[    0.325986] pci 0000:00:02.0: vgaarb: VGA device added: decodes=io+mem,owns=io+mem,locks=none
[    0.325989] pci 0000:00:02.0: vgaarb: bridge control possible
[    0.325989] vgaarb: loaded
[    0.326204] SCSI subsystem initialized
[    0.326236] libata version 3.00 loaded.
[    0.326258] ACPI: bus type USB registered
[    0.326274] usbcore: registered new interface driver usbfs
[    0.326280] usbcore: registered new interface driver hub
[    0.326285] usbcore: registered new device driver usb
[    0.326313] pps_core: LinuxPPS API ver. 1 registered
[    0.326314] pps_core: Software ver. 5.3.6 - Copyright 2005-2007 Rodolfo Giometti <giometti@linux.it>
[    0.326316] PTP clock support registered
[    0.326352] EDAC MC: Ver: 3.0.0
[    0.326649] PCI: Using ACPI for IRQ routing
[    0.326651] PCI: pci_cache_line_size set to 64 bytes
[    0.326819] e820: reserve RAM buffer [mem 0x0009fc00-0x0009ffff]
[    0.326823] e820: reserve RAM buffer [mem 0x7fff0000-0x7fffffff]
[    0.327656] NetLabel: Initializing
[    0.327657] NetLabel:  domain hash size = 128
[    0.327657] NetLabel:  protocols = UNLABELED CIPSOv4 CALIPSO
[    0.327677] NetLabel:  unlabeled traffic allowed by default
[    0.328584] clocksource: Switched to clocksource kvm-clock
[    0.339670] *** VALIDATE bpf ***
[    0.339730] VFS: Disk quotas dquot_6.6.0
[    0.339743] VFS: Dquot-cache hash table entries: 512 (order 0, 4096 bytes)
[    0.339765] *** VALIDATE ramfs ***
[    0.339768] *** VALIDATE hugetlbfs ***
[    0.339847] AppArmor: AppArmor Filesystem Enabled
[    0.339874] pnp: PnP ACPI init
[    0.339940] pnp 00:00: Plug and Play ACPI device, IDs PNP0303 (active)
[    0.340029] pnp 00:01: Plug and Play ACPI device, IDs PNP0f03 (active)
[    0.340769] pnp: PnP ACPI: found 2 devices
[    0.341729] thermal_sys: Registered thermal governor 'fair_share'
[    0.341729] thermal_sys: Registered thermal governor 'bang_bang'
[    0.341730] thermal_sys: Registered thermal governor 'step_wise'
[    0.341731] thermal_sys: Registered thermal governor 'user_space'
[    0.341731] thermal_sys: Registered thermal governor 'power_allocator'
[    0.346279] clocksource: acpi_pm: mask: 0xffffff max_cycles: 0xffffff, max_idle_ns: 2085701024 ns
[    0.346320] pci_bus 0000:00: resource 4 [io  0x0000-0x0cf7 window]
[    0.346322] pci_bus 0000:00: resource 5 [io  0x0d00-0xffff window]
[    0.346323] pci_bus 0000:00: resource 6 [mem 0x000a0000-0x000bffff window]
[    0.346324] pci_bus 0000:00: resource 7 [mem 0x80000000-0xfdffffff window]
[    0.346383] NET: Registered protocol family 2
[    0.346458] IP idents hash table entries: 32768 (order: 6, 262144 bytes, linear)
[    0.346863] MPTCP tokens hash table entries: 8192 (order: 4, 65536 bytes, linear)
[    0.346883] MPTCP request tokens hash table entries: 8192 (order: 4, 65536 bytes, linear)
[    0.346910] default registered
[    0.346910] default registered
[    0.346910] MPTCP: Stable release v0.96
[    0.346916] tcp_listen_portaddr_hash hash table entries: 1024 (order: 2, 16384 bytes, linear)
[    0.346995] TCP established hash table entries: 16384 (order: 5, 131072 bytes, linear)
[    0.347060] TCP bind hash table entries: 16384 (order: 6, 262144 bytes, linear)
[    0.347085] TCP: Hash tables configured (established 16384 bind 16384)
[    0.347868] UDP hash table entries: 1024 (order: 3, 32768 bytes, linear)
[    0.347879] UDP-Lite hash table entries: 1024 (order: 3, 32768 bytes, linear)
[    0.347920] NET: Registered protocol family 1
[    0.347929] NET: Registered protocol family 44
[    0.347952] pci 0000:00:00.0: Limiting direct PCI/PCI transfers
[    0.347965] pci 0000:00:01.0: Activating ISA DMA hang workarounds
[    0.348022] pci 0000:00:02.0: Video device with shadowed ROM at [mem 0x000c0000-0x000dffff]
[    0.348085] PCI: CLS 0 bytes, default 64
[    0.348135] Trying to unpack rootfs image as initramfs...
[    0.523870] Freeing initrd memory: 47868K
[    0.523870] clocksource: tsc: mask: 0xffffffffffffffff max_cycles: 0x1e4530a99b6, max_idle_ns: 440795257976 ns
[    0.523870] clocksource: Switched to clocksource tsc
[    0.523870] platform rtc_cmos: registered platform RTC device (no PNP device found)
[    0.523870] check: Scanning for low memory corruption every 60 seconds
[    0.523870] Initialise system trusted keyrings
[    0.523870] Key type blacklist registered
[    0.523870] workingset: timestamp_bits=36 max_order=19 bucket_order=0
[    0.523870] zbud: loaded
[    0.523870] squashfs: version 4.0 (2009/01/31) Phillip Lougher
[    0.523870] fuse: init (API version 7.31)
[    0.523870] *** VALIDATE fuse ***
[    0.523870] *** VALIDATE fuse ***
[    0.523870] Platform Keyring initialized
[    0.536106] Key type asymmetric registered
[    0.536107] Asymmetric key parser 'x509' registered
[    0.536116] Block layer SCSI generic (bsg) driver version 0.4 loaded (major 244)
[    0.536152] io scheduler mq-deadline registered
[    0.536274] shpchp: Standard Hot Plug PCI Controller Driver version: 0.4
[    0.536476] ACPI: AC Adapter [AC] (on-line)
[    0.536520] input: Power Button as /devices/LNXSYSTM:00/LNXPWRBN:00/input/input0
[    0.536548] ACPI: Power Button [PWRF]
[    0.536621] input: Sleep Button as /devices/LNXSYSTM:00/LNXSLPBN:00/input/input1
[    0.536637] ACPI: Sleep Button [SLPF]
[    0.536866] Serial: 8250/16550 driver, 32 ports, IRQ sharing enabled
[    0.538015] Linux agpgart interface v0.103
[    0.627142] loop: module loaded
[    0.627294] ata_piix 0000:00:01.1: version 2.13
[    0.627697] scsi host0: ata_piix
[    0.627786] scsi host1: ata_piix
[    0.627813] ata1: PATA max UDMA/33 cmd 0x1f0 ctl 0x3f6 bmdma 0xd000 irq 14
[    0.627814] ata2: PATA max UDMA/33 cmd 0x170 ctl 0x376 bmdma 0xd008 irq 15
[    0.627895] tun: Universal TUN/TAP device driver, 1.6
[    0.628201] PPP generic driver version 2.4.2
[    0.628244] VFIO - User Level meta-driver version: 0.3
[    0.628487] ehci_hcd: USB 2.0 'Enhanced' Host Controller (EHCI) Driver
[    0.628492] ehci-pci: EHCI PCI platform driver
[    0.628506] ehci-platform: EHCI generic platform driver
[    0.628512] ohci_hcd: USB 1.1 'Open' Host Controller (OHCI) Driver
[    0.628513] ohci-pci: OHCI PCI platform driver
[    0.628520] ohci-platform: OHCI generic platform driver
[    0.628525] uhci_hcd: USB Universal Host Controller Interface driver
[    0.628589] i8042: PNP: PS/2 Controller [PNP0303:PS2K,PNP0f03:PS2M] at 0x60,0x64 irq 1,12
[    0.629029] serio: i8042 KBD port at 0x60,0x64 irq 1
[    0.629032] serio: i8042 AUX port at 0x60,0x64 irq 12
[    0.629118] mousedev: PS/2 mouse device common for all mice
[    0.629370] input: AT Translated Set 2 keyboard as /devices/platform/i8042/serio0/input/input2
[    0.629767] rtc_cmos rtc_cmos: registered as rtc0
[    0.629780] rtc_cmos rtc_cmos: alarms up to one day, 114 bytes nvram
[    0.629785] i2c /dev entries driver
[    0.629829] device-mapper: uevent: version 1.0.3
[    0.629872] device-mapper: ioctl: 4.41.0-ioctl (2019-09-16) initialised: dm-devel@redhat.com
[    0.629889] platform eisa.0: Probing EISA bus 0
[    0.629890] platform eisa.0: EISA: Cannot allocate resource for mainboard
[    0.629891] platform eisa.0: Cannot allocate resource for EISA slot 1
[    0.629892] platform eisa.0: Cannot allocate resource for EISA slot 2
[    0.629893] platform eisa.0: Cannot allocate resource for EISA slot 3
[    0.629894] platform eisa.0: Cannot allocate resource for EISA slot 4
[    0.629895] platform eisa.0: Cannot allocate resource for EISA slot 5
[    0.629896] platform eisa.0: Cannot allocate resource for EISA slot 6
[    0.629897] platform eisa.0: Cannot allocate resource for EISA slot 7
[    0.629898] platform eisa.0: Cannot allocate resource for EISA slot 8
[    0.629899] platform eisa.0: EISA: Detected 0 cards
[    0.629902] intel_pstate: CPU model not supported
[    0.629911] ledtrig-cpu: registered to indicate activity on CPUs
[    0.629966] drop_monitor: Initializing network drop monitor service
[    0.630124] NET: Registered protocol family 10
[    0.635238] Segment Routing with IPv6
[    0.635283] fullmesh registered
[    0.635284] ndiffports registered
[    0.635286] binder registered
[    0.635287] roundrobin registered
[    0.635288] redundant registered
[    0.635288] blest registered
[    0.635289] ecf registered
[    0.635290] NET: Registered protocol family 17
[    0.635292] Key type dns_resolver registered
[    0.635292] RAS: Correctable Errors collector initialized.
[    0.635292] IPI shorthand broadcast: enabled
[    0.635292] sched_clock: Marking stable (620189144, 11103759)->(634085227, -2792324)
[    0.635503] registered taskstats version 1
[    0.635512] Loading compiled-in X.509 certificates
[    0.636102] Loaded X.509 cert 'Build time autogenerated kernel key: 6909f3744cebb3d0de528d5887b96a727de79b1e'
[    0.636123] zswap: loaded using pool lzo/zbud
[    0.636178] Key type ._fscrypt registered
[    0.636178] Key type .fscrypt registered
[    0.640625] Key type big_key registered
[    0.642805] Key type encrypted registered
[    0.642807] AppArmor: AppArmor sha1 policy hashing enabled
[    0.642815] ima: No TPM chip found, activating TPM-bypass!
[    0.642818] ima: Allocated hash algorithm: sha1
[    0.642824] ima: No architecture policies found
[    0.642833] evm: Initialising EVM extended attributes:
[    0.642834] evm: security.selinux
[    0.642834] evm: security.SMACK64
[    0.642835] evm: security.SMACK64EXEC
[    0.642835] evm: security.SMACK64TRANSMUTE
[    0.642836] evm: security.SMACK64MMAP
[    0.642836] evm: security.apparmor
[    0.642837] evm: security.ima
[    0.642837] evm: security.capability
[    0.642838] evm: HMAC attrs: 0x1
[    0.643130] PM:   Magic number: 10:470:698
[    0.643265] rtc_cmos rtc_cmos: setting system clock to 2026-01-18T19:39:35 UTC (1768765175)
[    0.799213] ata1.00: ATA-6: VBOX HARDDISK, 1.0, max UDMA/133
[    0.799216] ata1.00: 209715200 sectors, multi 128: LBA 
[    0.799723] scsi 0:0:0:0: Direct-Access     ATA      VBOX HARDDISK    1.0  PQ: 0 ANSI: 5
[    0.799953] sd 0:0:0:0: [sda] 209715200 512-byte logical blocks: (107 GB/100 GiB)
[    0.799963] sd 0:0:0:0: [sda] Write Protect is off
[    0.799965] sd 0:0:0:0: [sda] Mode Sense: 00 3a 00 00
[    0.799981] sd 0:0:0:0: [sda] Write cache: enabled, read cache: enabled, doesn't support DPO or FUA
[    0.800231] sd 0:0:0:0: Attached scsi generic sg0 type 0
[    0.801408]  sda: sda1 sda2
[    0.811333] sd 0:0:0:0: [sda] Attached SCSI disk
[    0.813874] Freeing unused decrypted memory: 2040K
[    0.814637] Freeing unused kernel image memory: 2728K
[    0.814639] Write protecting the kernel read-only data: 22528k
[    0.815442] Freeing unused kernel image memory: 2036K
[    0.815877] Freeing unused kernel image memory: 1432K
[    0.835170] x86/mm: Checked W+X mappings: passed, no W+X pages found.
[    0.835176] Run /init as init process
[    0.936206] ACPI: Video Device [GFX0] (multi-head: yes  rom: no  post: no)
[    0.936298] input: Video Bus as /devices/LNXSYSTM:00/LNXSYBUS:00/PNP0A03:00/LNXVIDEO:00/input/input4
[    0.954110] piix4_smbus 0000:00:07.0: SMBus Host Controller at 0x4100, revision 0
[    0.957416] e1000: Intel(R) PRO/1000 Network Driver - version 7.3.21-k8-NAPI
[    0.957417] e1000: Copyright (c) 1999-2006 Intel Corporation.
[    0.964498] pcnet32: pcnet32.c:v1.35 21.Apr.2008 tsbogend@alpha.franken.de
[    0.980743] pcnet32: PCnet/FAST III 79C973 at 0xd020, 08:00:27:ab:cd:a7 assigned IRQ 19
[    0.980798] pcnet32: Found PHY 0022:561b at address 0
[    0.981170] pcnet32: eth0: registered as PCnet/FAST III 79C973
[    0.989769] pcnet32: 1 cards_found
[    1.051865] pcnet32 0000:00:03.0 enp0s3: renamed from eth0
[    1.180836] input: ImExPS/2 Generic Explorer Mouse as /devices/platform/i8042/serio1/input/input5
[    1.387389] e1000 0000:00:08.0 eth0: (PCI:33MHz:32-bit) 08:00:27:b0:21:44
[    1.387393] e1000 0000:00:08.0 eth0: Intel(R) PRO/1000 Network Connection
[    1.759474] e1000 0000:00:09.0 eth1: (PCI:33MHz:32-bit) 08:00:27:55:da:36
[    1.759476] e1000 0000:00:09.0 eth1: Intel(R) PRO/1000 Network Connection
[    1.760518] e1000 0000:00:08.0 enp0s8: renamed from eth0
[    1.762254] e1000 0000:00:09.0 enp0s9: renamed from eth1
[    1.912887] EXT4-fs (sda2): mounted filesystem with ordered data mode. Opts: (null)
[    2.004602] systemd[1]: Inserted module 'autofs4'
[    2.015984] systemd[1]: systemd 245.4-4ubuntu3 running in system mode. (+PAM +AUDIT +SELINUX +IMA +APPARMOR +SMACK +SYSVINIT +UTMP +LIBCRYPTSETUP +GCRYPT +GNUTLS +ACL +XZ +LZ4 +SECCOMP +BLKID +ELFUTILS +KMOD +IDN2 -IDN +PCRE2 default-hierarchy=hybrid)
[    2.016014] systemd[1]: Detected virtualization oracle.
[    2.016018] systemd[1]: Detected architecture x86-64.
[    2.017280] systemd[1]: Set hostname to <ztg>.
[    2.142911] systemd[1]: /lib/systemd/system/dbus.socket:5: ListenStream= references a path below legacy directory /var/run/, updating /var/run/dbus/system_bus_socket â†’ /run/dbus/system_bus_socket; please update the unit file accordingly.
[    2.195381] systemd[1]: Created slice system-modprobe.slice.
[    2.195565] systemd[1]: Created slice User and Session Slice.
[    2.195609] systemd[1]: Started Forward Password Requests to Wall Directory Watch.
[    2.195768] systemd[1]: Set up automount Arbitrary Executable File Formats File System Automount Point.
[    2.195801] systemd[1]: Reached target User and Group Name Lookups.
[    2.195809] systemd[1]: Reached target Remote File Systems.
[    2.195818] systemd[1]: Reached target Slices.
[    2.196377] systemd[1]: Listening on Syslog Socket.
[    2.196443] systemd[1]: Listening on fsck to fsckd communication Socket.
[    2.196479] systemd[1]: Listening on initctl Compatibility Named Pipe.
[    2.196613] systemd[1]: Listening on Journal Audit Socket.
[    2.196672] systemd[1]: Listening on Journal Socket (/dev/log).
[    2.196739] systemd[1]: Listening on Journal Socket.
[    2.196801] systemd[1]: Listening on udev Control Socket.
[    2.196839] systemd[1]: Listening on udev Kernel Socket.
[    2.197558] systemd[1]: Mounting Huge Pages File System...
[    2.198449] systemd[1]: Mounting POSIX Message Queue File System...
[    2.199412] systemd[1]: Mounting Kernel Debug File System...
[    2.200244] systemd[1]: Mounting Kernel Trace File System...
[    2.202133] systemd[1]: Starting Journal Service...
[    2.226074] systemd[1]: Starting Set the console keyboard layout...
[    2.233946] systemd[1]: Starting Create list of static device nodes for the current kernel...
[    2.235939] systemd[1]: Starting Load Kernel Module drm...
[    2.237043] systemd[1]: Condition check resulted in Set Up Additional Binary Formats being skipped.
[    2.237089] systemd[1]: Condition check resulted in File System Check on Root Device being skipped.
[    2.250102] systemd[1]: Starting Load Kernel Modules...
[    2.255334] systemd[1]: Starting Remount Root and Kernel File Systems...
[    2.263904] systemd[1]: Starting udev Coldplug all Devices...
[    2.273214] systemd[1]: Starting Uncomplicated firewall...
[    2.275537] systemd[1]: Mounted Huge Pages File System.
[    2.275619] systemd[1]: Mounted POSIX Message Queue File System.
[    2.275689] systemd[1]: Mounted Kernel Debug File System.
[    2.275756] systemd[1]: Mounted Kernel Trace File System.
[    2.277549] EXT4-fs (sda2): re-mounted. Opts: errors=remount-ro
[    2.285381] systemd[1]: Finished Create list of static device nodes for the current kernel.
[    2.286316] systemd[1]: modprobe@drm.service: Succeeded.
[    2.316716] systemd[1]: Finished Load Kernel Module drm.
[    2.322951] systemd[1]: Finished Remount Root and Kernel File Systems.
[    2.323768] systemd[1]: Finished Uncomplicated firewall.
[    2.325337] lp: driver loaded but no devices found
[    2.340922] systemd[1]: Condition check resulted in Rebuild Hardware Database being skipped.
[    2.340955] systemd[1]: Condition check resulted in Platform Persistent Storage Archival being skipped.
[    2.341584] systemd[1]: Starting Load/Save Random Seed...
[    2.347858] systemd[1]: Starting Create System Users...
[    2.353707] ppdev: user-space parallel port driver
[    2.360161] systemd[1]: Finished Load/Save Random Seed.
[    2.364050] systemd[1]: Finished Create System Users.
[    2.364729] systemd[1]: Starting Create Static Device Nodes in /dev...
[    2.421448] systemd[1]: Finished Create Static Device Nodes in /dev.
[    2.422245] systemd[1]: Starting udev Kernel Device Manager...
[    2.428315] systemd[1]: Finished udev Coldplug all Devices.
[    2.454163] [drm] DMA map mode: Caching DMA mappings.
[    2.454226] [drm] Capabilities:
[    2.454226] [drm]   Rect copy.
[    2.454227] [drm]   Cursor.
[    2.454227] [drm]   Cursor bypass.
[    2.454227] [drm]   Cursor bypass 2.
[    2.454228] [drm]   Alpha cursor.
[    2.454228] [drm]   Extended Fifo.
[    2.454228] [drm]   Pitchlock.
[    2.454229] [drm]   Irq mask.
[    2.454229] [drm]   GMR.
[    2.454229] [drm]   Traces.
[    2.454230] [drm]   GMR2.
[    2.454230] [drm]   Screen Object 2.
[    2.454230] [drm]   Command Buffers.
[    2.454231] [drm]   Command Buffers 2.
[    2.454231] [drm]   Guest Backed Resources.
[    2.454232] [drm] Max GMR ids is 8192
[    2.454232] [drm] Max number of GMR pages is 1048576
[    2.454233] [drm] Max dedicated hypervisor surface memory is 393216 kiB
[    2.454233] [drm] Maximum display memory size is 131072 kiB
[    2.454234] [drm] VRAM at 0xe0000000 size is 131072 kiB
[    2.454235] [drm] MMIO at 0xf0000000 size is 2048 kiB
[    2.454724] [TTM] Zone  kernel: Available graphics memory: 1011738 KiB
[    2.454725] [TTM] Initializing pool allocator
[    2.454729] [TTM] Initializing DMA pool allocator
[    2.455048] [drm] Supports vblank timestamp caching Rev 2 (21.10.2013).
[    2.455049] [drm] No driver support for vblank timestamp query.
[    2.456691] [drm] Screen Target Display device initialized
[    2.456893] [drm] width 720
[    2.456903] [drm] height 400
[    2.456906] [drm] bpp 32
[    2.457416] [drm] Fifo max 0x00200000 min 0x00001000 cap 0x00000355
[    2.458445] [drm] Using command buffers with DMA pool.
[    2.458451] [drm] DX: no.
[    2.458452] [drm] Atomic: yes.
[    2.458452] [drm] SM4_1: no.
[    2.458471] [drm:vmw_host_log [vmwgfx]] *ERROR* Failed to send host log message.
[    2.459781] [drm:vmw_host_log [vmwgfx]] *ERROR* Failed to send host log message.
[    2.473340] fbcon: svgadrmfb (fb0) is primary device
[    2.475779] Console: switching to colour frame buffer device 100x37
[    2.484499] systemd[1]: Finished Set the console keyboard layout.
[    2.484597] systemd[1]: Reached target Local File Systems (Pre).
[    2.485779] [drm] Initialized vmwgfx 2.15.0 20180704 for 0000:00:02.0 on minor 0
[    2.487528] systemd[1]: Mounting Mount unit for bare, revision 5...
[    2.489674] systemd[1]: Mounting Mount unit for core18, revision 1705...
[    2.520029] systemd[1]: Mounting Mount unit for gnome-3-34-1804, revision 24...
[    2.521805] systemd[1]: Mounting Mount unit for gtk-common-themes, revision 1506...
[    2.537466] systemd[1]: Mounting Mount unit for gtk-common-themes, revision 1535...
[    2.541670] systemd[1]: Mounting Mount unit for snap-store, revision 433...
[    2.545787] systemd[1]: Mounting Mount unit for snapd, revision 7264...
[    2.547965] systemd[1]: Finished Load Kernel Modules.
[    2.557263] systemd[1]: Mounting FUSE Control File System...
[    2.560562] systemd[1]: Mounting Kernel Configuration File System...
[    2.579605] systemd[1]: Starting Apply Kernel Variables...
[    2.580577] systemd[1]: Mounted FUSE Control File System.
[    2.580649] systemd[1]: Condition check resulted in VMware vmblock fuse mount being skipped.
[    2.593145] systemd[1]: Mounted Kernel Configuration File System.
[    2.602342] systemd[1]: Finished Apply Kernel Variables.
[    2.621568] systemd[1]: Mounted Mount unit for bare, revision 5.
[    2.621658] systemd[1]: Mounted Mount unit for core18, revision 1705.
[    2.621731] systemd[1]: Mounted Mount unit for gnome-3-34-1804, revision 24.
[    2.621804] systemd[1]: Mounted Mount unit for gtk-common-themes, revision 1506.
[    2.623343] systemd[1]: Started udev Kernel Device Manager.
[    2.624029] systemd[1]: Starting Show Plymouth Boot Screen...
[    2.630497] systemd[1]: Received SIGRTMIN+20 from PID 279 (plymouthd).
[    2.653147] systemd[1]: Mounted Mount unit for gtk-common-themes, revision 1535.
[    2.654951] systemd[1]: Started Show Plymouth Boot Screen.
[    2.655085] systemd[1]: Condition check resulted in Dispatch Password Requests to Console Directory Watch being skipped.
[    2.655175] systemd[1]: Started Forward Password Requests to Plymouth Directory Watch.
[    2.655293] systemd[1]: Reached target Local Encrypted Volumes.
[    2.687214] systemd[1]: Mounted Mount unit for snap-store, revision 433.
[    2.687442] systemd[1]: Mounted Mount unit for snapd, revision 7264.
[    2.687593] systemd[1]: Reached target Local File Systems.
[    2.688315] systemd[1]: Starting Load AppArmor profiles...
[    2.690671] systemd[1]: Starting Set console font and keymap...
[    2.701490] systemd[1]: Starting Tell Plymouth To Write Out Runtime Data...
[    2.702885] systemd[1]: Condition check resulted in Store a System Token in an EFI Variable being skipped.
[    2.702913] systemd[1]: Condition check resulted in Commit a transient machine-id on disk being skipped.
[    2.704458] systemd[1]: Finished Set console font and keymap.
[    2.711947] systemd[1]: Received SIGRTMIN+20 from PID 279 (plymouthd).
[    2.713068] systemd[1]: plymouth-read-write.service: Succeeded.
[    2.713303] systemd[1]: Finished Tell Plymouth To Write Out Runtime Data.
[    2.736325] audit: type=1400 audit(1768765177.584:2): apparmor="STATUS" operation="profile_load" profile="unconfined" name="nvidia_modprobe" pid=302 comm="apparmor_parser"
[    2.736327] audit: type=1400 audit(1768765177.584:3): apparmor="STATUS" operation="profile_load" profile="unconfined" name="nvidia_modprobe//kmod" pid=302 comm="apparmor_parser"
[    2.757356] audit: type=1400 audit(1768765177.608:4): apparmor="STATUS" operation="profile_load" profile="unconfined" name="/usr/sbin/tcpdump" pid=303 comm="apparmor_parser"
[    2.786945] audit: type=1400 audit(1768765177.632:5): apparmor="STATUS" operation="profile_load" profile="unconfined" name="/usr/bin/evince" pid=305 comm="apparmor_parser"
[    2.786947] audit: type=1400 audit(1768765177.632:6): apparmor="STATUS" operation="profile_load" profile="unconfined" name="/usr/bin/evince//sanitized_helper" pid=305 comm="apparmor_parser"
[    2.786948] audit: type=1400 audit(1768765177.632:7): apparmor="STATUS" operation="profile_load" profile="unconfined" name="/usr/bin/evince-previewer" pid=305 comm="apparmor_parser"
[    2.786950] audit: type=1400 audit(1768765177.632:8): apparmor="STATUS" operation="profile_load" profile="unconfined" name="/usr/bin/evince-previewer//sanitized_helper" pid=305 comm="apparmor_parser"
[    2.786952] audit: type=1400 audit(1768765177.632:9): apparmor="STATUS" operation="profile_load" profile="unconfined" name="/usr/bin/evince-thumbnailer" pid=305 comm="apparmor_parser"
[    2.807151] audit: type=1400 audit(1768765177.660:10): apparmor="STATUS" operation="profile_load" profile="unconfined" name="/usr/lib/cups/backend/cups-pdf" pid=306 comm="apparmor_parser"
[    2.881942] systemd[1]: Finished Load AppArmor profiles.
[    2.882854] systemd[1]: Starting Load AppArmor profiles managed internally by snapd...
[    2.948983] systemd[1]: Finished Load AppArmor profiles managed internally by snapd.
[    3.148726] systemd[1]: Started Journal Service.
[    3.158264] systemd-journald[229]: Received client request to flush runtime journal.
[    3.161751] systemd-journald[229]: File /var/log/journal/c455b248004a419c87ce85eea238d727/system.journal corrupted or uncleanly shut down, renaming and replacing.
[    4.374820] RAPL PMU: API unit is 2^-32 Joules, 0 fixed counters, 10737418240 ms ovfl timer
[    4.421763] cryptd: max_cpu_qlen set to 1000
[    4.450431] AVX2 version of gcm_enc/dec engaged.
[    4.450432] AES CTR mode by8 optimization enabled
[    5.343703] Adding 1998844k swap on /dev/sda1.  Priority:-2 extents:1 across:1998844k FS
[    7.063092] kauditd_printk_skb: 30 callbacks suppressed
[    7.063093] audit: type=1400 audit(1768765181.916:41): apparmor="DENIED" operation="capable" profile="/usr/sbin/cups-browsed" pid=497 comm="cups-browsed" capability=23  capname="sys_nice"
[    7.564404] pcnet32 0000:00:03.0 enp0s3: link up, 100Mbps, full-duplex
[    7.599767] e1000: enp0s8 NIC Link is Up 1000 Mbps Full Duplex, Flow Control: RX
[    7.600050] IPv6: ADDRCONF(NETDEV_CHANGE): enp0s8: link becomes ready
[    7.611600] e1000: enp0s9 NIC Link is Up 1000 Mbps Full Duplex, Flow Control: RX
[    7.611890] IPv6: ADDRCONF(NETDEV_CHANGE): enp0s9: link becomes ready
[    8.134820] device enp0s3 entered promiscuous mode
[    8.157328] audit: type=1400 audit(1768765183.004:42): apparmor="DENIED" operation="open" profile="/usr/sbin/tcpdump" name="/proc/sys/kernel/random/boot_id" pid=703 comm="tcpdump" requested_mask="r" denied_mask="r" fsuid=0 ouid=0
[    8.157620] audit: type=1400 audit(1768765183.004:43): apparmor="DENIED" operation="open" profile="/usr/sbin/tcpdump" name="/proc/sys/kernel/random/boot_id" pid=703 comm="tcpdump" requested_mask="r" denied_mask="r" fsuid=0 ouid=0
[    8.160868] audit: type=1400 audit(1768765183.004:44): apparmor="DENIED" operation="open" profile="/usr/sbin/tcpdump" name="/proc/sys/kernel/random/boot_id" pid=703 comm="tcpdump" requested_mask="r" denied_mask="r" fsuid=0 ouid=0
[    8.161024] audit: type=1400 audit(1768765183.004:45): apparmor="DENIED" operation="open" profile="/usr/sbin/tcpdump" name="/proc/sys/kernel/random/boot_id" pid=703 comm="tcpdump" requested_mask="r" denied_mask="r" fsuid=0 ouid=0
[    8.164232] audit: type=1400 audit(1768765183.020:46): apparmor="DENIED" operation="open" profile="/usr/sbin/tcpdump" name="/proc/sys/kernel/random/boot_id" pid=704 comm="tcpdump" requested_mask="r" denied_mask="r" fsuid=0 ouid=0
[    8.164399] audit: type=1400 audit(1768765183.020:47): apparmor="DENIED" operation="open" profile="/usr/sbin/tcpdump" name="/proc/sys/kernel/random/boot_id" pid=704 comm="tcpdump" requested_mask="r" denied_mask="r" fsuid=0 ouid=0
[    8.164439] audit: type=1400 audit(1768765183.020:48): apparmor="DENIED" operation="open" profile="/usr/sbin/tcpdump" name="/proc/sys/kernel/random/boot_id" pid=704 comm="tcpdump" requested_mask="r" denied_mask="r" fsuid=0 ouid=0
[    8.164521] audit: type=1400 audit(1768765183.020:49): apparmor="DENIED" operation="open" profile="/usr/sbin/tcpdump" name="/proc/sys/kernel/random/boot_id" pid=704 comm="tcpdump" requested_mask="r" denied_mask="r" fsuid=0 ouid=0
[   12.701396] rfkill: input handler disabled
[  147.646281] rfkill: input handler enabled
[  156.758411] rfkill: input handler disabled
[  470.230332] device enp0s3 left promiscuous mode
