[    0.000000] Linux version 5.4.243-mptcp (root@ztg) (gcc version 12.2.0 (Debian 12.2.0-14+deb12u1)) #53 SMP Wed Dec 24 23:28:15 CST 2025
[    0.000000] Command line: BOOT_IMAGE=/boot/vmlinuz-5.4.243-mptcp root=UUID=98415a12-53b7-4144-8265-0f7ece09e445 ro quiet splash
[    0.000000] KERNEL supported cpus:
[    0.000000]   Intel GenuineIntel
[    0.000000]   AMD AuthenticAMD
[    0.000000]   Hygon HygonGenuine
[    0.000000]   Centaur CentaurHauls
[    0.000000]   zhaoxin   Shanghai  
[    0.000000] x86/fpu: Supporting XSAVE feature 0x001: 'x87 floating point registers'
[    0.000000] x86/fpu: Supporting XSAVE feature 0x002: 'SSE registers'
[    0.000000] x86/fpu: Supporting XSAVE feature 0x004: 'AVX registers'
[    0.000000] x86/fpu: xstate_offset[2]:  576, xstate_sizes[2]:  256
[    0.000000] x86/fpu: Enabled xstate features 0x7, context size is 832 bytes, using 'standard' format.
[    0.000000] BIOS-provided physical RAM map:
[    0.000000] BIOS-e820: [mem 0x0000000000000000-0x000000000009fbff] usable
[    0.000000] BIOS-e820: [mem 0x000000000009fc00-0x000000000009ffff] reserved
[    0.000000] BIOS-e820: [mem 0x00000000000f0000-0x00000000000fffff] reserved
[    0.000000] BIOS-e820: [mem 0x0000000000100000-0x000000007ffeffff] usable
[    0.000000] BIOS-e820: [mem 0x000000007fff0000-0x000000007fffffff] ACPI data
[    0.000000] BIOS-e820: [mem 0x00000000fec00000-0x00000000fec00fff] reserved
[    0.000000] BIOS-e820: [mem 0x00000000fee00000-0x00000000fee00fff] reserved
[    0.000000] BIOS-e820: [mem 0x00000000fffc0000-0x00000000ffffffff] reserved
[    0.000000] NX (Execute Disable) protection: active
[    0.000000] SMBIOS 2.5 present.
[    0.000000] DMI: innotek GmbH VirtualBox/VirtualBox, BIOS VirtualBox 12/01/2006
[    0.000000] Hypervisor detected: KVM
[    0.000000] kvm-clock: Using msrs 4b564d01 and 4b564d00
[    0.000000] kvm-clock: cpu 0, msr 65c01001, primary cpu clock
[    0.000000] kvm-clock: using sched offset of 4468526330 cycles
[    0.000003] clocksource: kvm-clock: mask: 0xffffffffffffffff max_cycles: 0x1cd42e4dffb, max_idle_ns: 881590591483 ns
[    0.000006] tsc: Detected 2100.000 MHz processor
[    0.001863] e820: update [mem 0x00000000-0x00000fff] usable ==> reserved
[    0.001865] e820: remove [mem 0x000a0000-0x000fffff] usable
[    0.001869] last_pfn = 0x7fff0 max_arch_pfn = 0x400000000
[    0.001939] MTRR default type: uncachable
[    0.001940] MTRR fixed ranges enabled:
[    0.001941]   00000-9FFFF write-back
[    0.001942]   A0000-BFFFF uncachable
[    0.001943]   C0000-FFFFF write-protect
[    0.001943] MTRR variable ranges enabled:
[    0.001945]   0 base 000000000000 mask 3FFF80000000 write-back
[    0.001946]   1 disabled
[    0.001946]   2 disabled
[    0.001946]   3 disabled
[    0.001947]   4 disabled
[    0.001947]   5 disabled
[    0.001948]   6 disabled
[    0.001948]   7 disabled
[    0.001949]   8 disabled
[    0.001949]   9 disabled
[    0.001949]   10 disabled
[    0.001950]   11 disabled
[    0.001950]   12 disabled
[    0.001951]   13 disabled
[    0.001951]   14 disabled
[    0.001952]   15 disabled
[    0.001968] x86/PAT: Configuration [0-7]: WB  WC  UC- UC  WB  WP  UC- WT  
[    0.002106] found SMP MP-table at [mem 0x0009fff0-0x0009ffff]
[    0.091784] check: Scanning 1 areas for low memory corruption
[    0.091971] RAMDISK: [mem 0x32271000-0x3512ffff]
[    0.091978] ACPI: Early table checksum verification disabled
[    0.091984] ACPI: RSDP 0x00000000000E0000 000024 (v02 VBOX  )
[    0.091988] ACPI: XSDT 0x000000007FFF0030 00003C (v01 VBOX   VBOXXSDT 00000001 ASL  00000061)
[    0.091995] ACPI: FACP 0x000000007FFF00F0 0000F4 (v04 VBOX   VBOXFACP 00000001 ASL  00000061)
[    0.092002] ACPI: DSDT 0x000000007FFF02E0 002353 (v02 VBOX   VBOXBIOS 00000002 VBOX 00029BF3)
[    0.092006] ACPI: FACS 0x000000007FFF0200 000040
[    0.092009] ACPI: FACS 0x000000007FFF0200 000040
[    0.092012] ACPI: APIC 0x000000007FFF0240 000054 (v02 VBOX   VBOXAPIC 00000001 ASL  00000061)
[    0.092016] ACPI: SSDT 0x000000007FFF02A0 000038 (v01 VBOX   VBOXCPUT 00000002 VBOX 00029BF3)
[    0.092019] ACPI: Reserving FACP table memory at [mem 0x7fff00f0-0x7fff01e3]
[    0.092020] ACPI: Reserving DSDT table memory at [mem 0x7fff02e0-0x7fff2632]
[    0.092021] ACPI: Reserving FACS table memory at [mem 0x7fff0200-0x7fff023f]
[    0.092021] ACPI: Reserving FACS table memory at [mem 0x7fff0200-0x7fff023f]
[    0.092022] ACPI: Reserving APIC table memory at [mem 0x7fff0240-0x7fff0293]
[    0.092023] ACPI: Reserving SSDT table memory at [mem 0x7fff02a0-0x7fff02d7]
[    0.092040] ACPI: Local APIC address 0xfee00000
[    0.092227] No NUMA configuration found
[    0.092229] Faking a node at [mem 0x0000000000000000-0x000000007ffeffff]
[    0.092239] NODE_DATA(0) allocated [mem 0x7ffc5000-0x7ffeffff]
[    0.092500] Zone ranges:
[    0.092501]   DMA      [mem 0x0000000000001000-0x0000000000ffffff]
[    0.092502]   DMA32    [mem 0x0000000001000000-0x000000007ffeffff]
[    0.092503]   Normal   empty
[    0.092504]   Device   empty
[    0.092504] Movable zone start for each node
[    0.092506] Early memory node ranges
[    0.092507]   node   0: [mem 0x0000000000001000-0x000000000009efff]
[    0.092508]   node   0: [mem 0x0000000000100000-0x000000007ffeffff]
[    0.092511] Zeroed struct page in unavailable ranges: 114 pages
[    0.092512] Initmem setup node 0 [mem 0x0000000000001000-0x000000007ffeffff]
[    0.092513] On node 0 totalpages: 524174
[    0.092514]   DMA zone: 64 pages used for memmap
[    0.092515]   DMA zone: 21 pages reserved
[    0.092516]   DMA zone: 3998 pages, LIFO batch:0
[    0.092586]   DMA32 zone: 8128 pages used for memmap
[    0.092587]   DMA32 zone: 520176 pages, LIFO batch:63
[    0.101477] ACPI: PM-Timer IO Port: 0x4008
[    0.101481] ACPI: Local APIC address 0xfee00000
[    0.101551] IOAPIC[0]: apic_id 1, version 32, address 0xfec00000, GSI 0-23
[    0.101555] ACPI: INT_SRC_OVR (bus 0 bus_irq 0 global_irq 2 dfl dfl)
[    0.101557] ACPI: INT_SRC_OVR (bus 0 bus_irq 9 global_irq 9 low level)
[    0.101559] ACPI: IRQ0 used by override.
[    0.101560] ACPI: IRQ9 used by override.
[    0.101562] Using ACPI (MADT) for SMP configuration information
[    0.101569] smpboot: Allowing 1 CPUs, 0 hotplug CPUs
[    0.101593] PM: Registered nosave memory: [mem 0x00000000-0x00000fff]
[    0.101594] PM: Registered nosave memory: [mem 0x0009f000-0x0009ffff]
[    0.101595] PM: Registered nosave memory: [mem 0x000a0000-0x000effff]
[    0.101595] PM: Registered nosave memory: [mem 0x000f0000-0x000fffff]
[    0.101597] [mem 0x80000000-0xfebfffff] available for PCI devices
[    0.101598] Booting paravirtualized kernel on KVM
[    0.101601] clocksource: refined-jiffies: mask: 0xffffffff max_cycles: 0xffffffff, max_idle_ns: 7645519600211568 ns
[    0.101606] setup_percpu: NR_CPUS:8192 nr_cpumask_bits:1 nr_cpu_ids:1 nr_node_ids:1
[    0.102616] percpu: Embedded 60 pages/cpu s208896 r8192 d28672 u2097152
[    0.102621] pcpu-alloc: s208896 r8192 d28672 u2097152 alloc=1*2097152
[    0.102621] pcpu-alloc: [0] 0 
[    0.102648] Built 1 zonelists, mobility grouping on.  Total pages: 515961
[    0.102649] Policy zone: DMA32
[    0.102650] Kernel command line: BOOT_IMAGE=/boot/vmlinuz-5.4.243-mptcp root=UUID=98415a12-53b7-4144-8265-0f7ece09e445 ro quiet splash
[    0.103481] Dentry cache hash table entries: 262144 (order: 9, 2097152 bytes, linear)
[    0.103627] Inode-cache hash table entries: 131072 (order: 8, 1048576 bytes, linear)
[    0.103678] mem auto-init: stack:off, heap alloc:on, heap free:off
[    0.103681] Calgary: detecting Calgary via BIOS EBDA area
[    0.103682] Calgary: Unable to locate Rio Grande table in EBDA - bailing!
[    0.107785] Memory: 1967332K/2096696K available (14339K kernel code, 2398K rwdata, 4712K rodata, 2728K init, 17260K bss, 129364K reserved, 0K cma-reserved)
[    0.108702] SLUB: HWalign=64, Order=0-3, MinObjects=0, CPUs=1, Nodes=1
[    0.108719] ftrace: allocating 43186 entries in 169 pages
[    0.126795] rcu: Hierarchical RCU implementation.
[    0.126797] rcu: 	RCU restricting CPUs from NR_CPUS=8192 to nr_cpu_ids=1.
[    0.126798] 	Tasks RCU enabled.
[    0.126799] rcu: RCU calculated value of scheduler-enlistment delay is 25 jiffies.
[    0.126800] rcu: Adjusting geometry for rcu_fanout_leaf=16, nr_cpu_ids=1
[    0.129751] NR_IRQS: 524544, nr_irqs: 256, preallocated irqs: 16
[    0.129964] random: crng init done
[    0.139320] Console: colour VGA+ 80x25
[    0.139325] printk: console [tty0] enabled
[    0.139345] ACPI: Core revision 20190816
[    0.139442] APIC: Switch to symmetric I/O mode setup
[    0.139693] x2apic enabled
[    0.139933] Switched APIC routing to physical x2apic.
[    0.141070] ..TIMER: vector=0x30 apic1=0 pin1=2 apic2=-1 pin2=-1
[    0.141096] clocksource: tsc-early: mask: 0xffffffffffffffff max_cycles: 0x1e4530a99b6, max_idle_ns: 440795257976 ns
[    0.141102] Calibrating delay loop (skipped) preset value.. 4200.00 BogoMIPS (lpj=8400000)
[    0.141104] pid_max: default: 32768 minimum: 301
[    0.141132] LSM: Security Framework initializing
[    0.141141] Yama: becoming mindful.
[    0.141168] AppArmor: AppArmor initialized
[    0.141201] Mount-cache hash table entries: 4096 (order: 3, 32768 bytes, linear)
[    0.141206] Mountpoint-cache hash table entries: 4096 (order: 3, 32768 bytes, linear)
[    0.141215] *** VALIDATE tmpfs ***
[    0.141345] *** VALIDATE proc ***
[    0.141387] *** VALIDATE cgroup1 ***
[    0.141388] *** VALIDATE cgroup2 ***
[    0.141529] process: using mwait in idle threads
[    0.141534] Last level iTLB entries: 4KB 64, 2MB 8, 4MB 8
[    0.141535] Last level dTLB entries: 4KB 64, 2MB 0, 4MB 0, 1GB 4
[    0.141554] Spectre V1 : Mitigation: usercopy/swapgs barriers and __user pointer sanitization
[    0.141560] Spectre V2 : Mitigation: Retpolines
[    0.141560] Spectre V2 : Spectre v2 / SpectreRSB mitigation: Filling RSB on context switch
[    0.141561] Spectre V2 : Spectre v2 / SpectreRSB : Filling RSB on VMEXIT
[    0.141561] RETBleed: WARNING: Spectre v2 mitigation leaves CPU vulnerable to RETBleed attacks, data leaks possible!
[    0.141919] RETBleed: Vulnerable
[    0.141920] Speculative Store Bypass: Vulnerable
[    0.141924] TAA: Mitigation: TSX disabled
[    0.141925] MMIO Stale Data: Mitigation: Clear CPU buffers
[    0.146150] Freeing SMP alternatives memory: 40K
[    0.258616] smpboot: CPU0: Intel(R) Xeon(R) Silver 4216 CPU @ 2.10GHz (family: 0x6, model: 0x55, stepping: 0x7)
[    0.258742] Performance Events: unsupported p6 CPU model 85 no PMU driver, software events only.
[    0.258781] rcu: Hierarchical SRCU implementation.
[    0.259262] NMI watchdog: Perf NMI watchdog permanently disabled
[    0.259301] smp: Bringing up secondary CPUs ...
[    0.259302] smp: Brought up 1 node, 1 CPU
[    0.259303] smpboot: Max logical packages: 1
[    0.259304] smpboot: Total of 1 processors activated (4200.00 BogoMIPS)
[    0.260285] devtmpfs: initialized
[    0.260334] x86/mm: Memory block size: 128MB
[    0.260702] clocksource: jiffies: mask: 0xffffffff max_cycles: 0xffffffff, max_idle_ns: 7645041785100000 ns
[    0.260708] futex hash table entries: 256 (order: 2, 16384 bytes, linear)
[    0.260753] pinctrl core: initialized pinctrl subsystem
[    0.260856] PM: RTC time: 14:09:42, date: 2026-01-19
[    0.260963] NET: Registered protocol family 16
[    0.261036] audit: initializing netlink subsys (disabled)
[    0.261097] EISA bus registered
[    0.261097] cpuidle: using governor ladder
[    0.261097] cpuidle: using governor menu
[    0.261097] ACPI: bus type PCI registered
[    0.261097] acpiphp: ACPI Hot Plug PCI Controller Driver version: 0.5
[    0.261097] PCI: Using configuration type 1 for base access
[    0.261461] audit: type=2000 audit(1768802988.874:1): state=initialized audit_enabled=0 res=1
[    0.261541] HugeTLB registered 2.00 MiB page size, pre-allocated 0 pages
[    0.262375] ACPI: Added _OSI(Module Device)
[    0.262376] ACPI: Added _OSI(Processor Device)
[    0.262377] ACPI: Added _OSI(3.0 _SCP Extensions)
[    0.262377] ACPI: Added _OSI(Processor Aggregator Device)
[    0.262378] ACPI: Added _OSI(Linux-Dell-Video)
[    0.262379] ACPI: Added _OSI(Linux-Lenovo-NV-HDMI-Audio)
[    0.262380] ACPI: Added _OSI(Linux-HPI-Hybrid-Graphics)
[    0.264365] ACPI: 2 ACPI AML tables successfully acquired and loaded
[    0.265889] ACPI: Interpreter enabled
[    0.265900] ACPI: (supports S0 S5)
[    0.265901] ACPI: Using IOAPIC for interrupt routing
[    0.266107] PCI: Using host bridge windows from ACPI; if necessary, use "pci=nocrs" and report a bug
[    0.266216] ACPI: Enabled 2 GPEs in block 00 to 07
[    0.271052] ACPI: PCI Root Bridge [PCI0] (domain 0000 [bus 00-ff])
[    0.271057] acpi PNP0A03:00: _OSC: OS supports [ASPM ClockPM Segments MSI HPX-Type3]
[    0.271500] acpi PNP0A03:00: _OSC: not requesting OS control; OS requires [ExtendedConfig ASPM ClockPM MSI]
[    0.271508] acpi PNP0A03:00: fail to add MMCONFIG information, can't access extended PCI configuration space under this bridge.
[    0.271881] PCI host bridge to bus 0000:00
[    0.271883] pci_bus 0000:00: root bus resource [io  0x0000-0x0cf7 window]
[    0.271885] pci_bus 0000:00: root bus resource [io  0x0d00-0xffff window]
[    0.271886] pci_bus 0000:00: root bus resource [mem 0x000a0000-0x000bffff window]
[    0.271887] pci_bus 0000:00: root bus resource [mem 0x80000000-0xfdffffff window]
[    0.271888] pci_bus 0000:00: root bus resource [bus 00-ff]
[    0.271934] pci 0000:00:00.0: [8086:1237] type 00 class 0x060000
[    0.272929] pci 0000:00:01.0: [8086:7000] type 00 class 0x060100
[    0.273953] pci 0000:00:01.1: [8086:7111] type 00 class 0x01018a
[    0.274364] pci 0000:00:01.1: reg 0x20: [io  0xd000-0xd00f]
[    0.274537] pci 0000:00:01.1: legacy IDE quirk: reg 0x10: [io  0x01f0-0x01f7]
[    0.274538] pci 0000:00:01.1: legacy IDE quirk: reg 0x14: [io  0x03f6]
[    0.274539] pci 0000:00:01.1: legacy IDE quirk: reg 0x18: [io  0x0170-0x0177]
[    0.274540] pci 0000:00:01.1: legacy IDE quirk: reg 0x1c: [io  0x0376]
[    0.275145] pci 0000:00:02.0: [15ad:0405] type 00 class 0x030000
[    0.277185] pci 0000:00:02.0: reg 0x10: [io  0xd010-0xd01f]
[    0.281151] pci 0000:00:02.0: reg 0x14: [mem 0xe0000000-0xe7ffffff pref]
[    0.284153] pci 0000:00:02.0: reg 0x18: [mem 0xf0000000-0xf01fffff]
[    0.297482] pci 0000:00:03.0: [1022:2000] type 00 class 0x020000
[    0.298374] pci 0000:00:03.0: reg 0x10: [io  0xd020-0xd03f]
[    0.299154] pci 0000:00:03.0: reg 0x14: [mem 0xf0200000-0xf0200fff]
[    0.302507] pci 0000:00:04.0: [80ee:cafe] type 00 class 0x088000
[    0.303217] pci 0000:00:04.0: reg 0x10: [io  0xd040-0xd05f]
[    0.303829] pci 0000:00:04.0: reg 0x14: [mem 0xf0400000-0xf07fffff]
[    0.304442] pci 0000:00:04.0: reg 0x18: [mem 0xf0800000-0xf0803fff pref]
[    0.308157] pci 0000:00:07.0: [8086:7113] type 00 class 0x068000
[    0.308692] pci 0000:00:07.0: quirk: [io  0x4000-0x403f] claimed by PIIX4 ACPI
[    0.308701] pci 0000:00:07.0: quirk: [io  0x4100-0x410f] claimed by PIIX4 SMB
[    0.309160] pci 0000:00:08.0: [8086:100e] type 00 class 0x020000
[    0.309900] pci 0000:00:08.0: reg 0x10: [mem 0xf0820000-0xf083ffff]
[    0.311098] pci 0000:00:08.0: reg 0x18: [io  0xd060-0xd067]
[    0.314134] pci 0000:00:09.0: [8086:100e] type 00 class 0x020000
[    0.314854] pci 0000:00:09.0: reg 0x10: [mem 0xf0840000-0xf085ffff]
[    0.315999] pci 0000:00:09.0: reg 0x18: [io  0xd068-0xd06f]
[    0.326103] ACPI: PCI Interrupt Link [LNKA] (IRQs 5 9 10 *11)
[    0.326388] ACPI: PCI Interrupt Link [LNKB] (IRQs 5 9 *10 11)
[    0.326488] ACPI: PCI Interrupt Link [LNKC] (IRQs 5 *9 10 11)
[    0.326594] ACPI: PCI Interrupt Link [LNKD] (IRQs 5 9 10 *11)
[    0.326858] iommu: Default domain type: Translated 
[    0.326919] pci 0000:00:02.0: vgaarb: setting as boot VGA device
[    0.326921] pci 0000:00:02.0: vgaarb: VGA device added: decodes=io+mem,owns=io+mem,locks=none
[    0.326923] pci 0000:00:02.0: vgaarb: bridge control possible
[    0.326924] vgaarb: loaded
[    0.327135] SCSI subsystem initialized
[    0.327166] libata version 3.00 loaded.
[    0.327190] ACPI: bus type USB registered
[    0.327206] usbcore: registered new interface driver usbfs
[    0.327211] usbcore: registered new interface driver hub
[    0.327217] usbcore: registered new device driver usb
[    0.327245] pps_core: LinuxPPS API ver. 1 registered
[    0.327246] pps_core: Software ver. 5.3.6 - Copyright 2005-2007 Rodolfo Giometti <giometti@linux.it>
[    0.327248] PTP clock support registered
[    0.327282] EDAC MC: Ver: 3.0.0
[    0.329157] PCI: Using ACPI for IRQ routing
[    0.329158] PCI: pci_cache_line_size set to 64 bytes
[    0.329326] e820: reserve RAM buffer [mem 0x0009fc00-0x0009ffff]
[    0.329330] e820: reserve RAM buffer [mem 0x7fff0000-0x7fffffff]
[    0.330115] NetLabel: Initializing
[    0.330116] NetLabel:  domain hash size = 128
[    0.330116] NetLabel:  protocols = UNLABELED CIPSOv4 CALIPSO
[    0.330136] NetLabel:  unlabeled traffic allowed by default
[    0.331039] clocksource: Switched to clocksource kvm-clock
[    0.343706] *** VALIDATE bpf ***
[    0.343768] VFS: Disk quotas dquot_6.6.0
[    0.343781] VFS: Dquot-cache hash table entries: 512 (order 0, 4096 bytes)
[    0.343804] *** VALIDATE ramfs ***
[    0.343807] *** VALIDATE hugetlbfs ***
[    0.343888] AppArmor: AppArmor Filesystem Enabled
[    0.343915] pnp: PnP ACPI init
[    0.343986] pnp 00:00: Plug and Play ACPI device, IDs PNP0303 (active)
[    0.344076] pnp 00:01: Plug and Play ACPI device, IDs PNP0f03 (active)
[    0.344827] pnp: PnP ACPI: found 2 devices
[    0.345818] thermal_sys: Registered thermal governor 'fair_share'
[    0.345819] thermal_sys: Registered thermal governor 'bang_bang'
[    0.345819] thermal_sys: Registered thermal governor 'step_wise'
[    0.345820] thermal_sys: Registered thermal governor 'user_space'
[    0.345820] thermal_sys: Registered thermal governor 'power_allocator'
[    0.350331] clocksource: acpi_pm: mask: 0xffffff max_cycles: 0xffffff, max_idle_ns: 2085701024 ns
[    0.350371] pci_bus 0000:00: resource 4 [io  0x0000-0x0cf7 window]
[    0.350373] pci_bus 0000:00: resource 5 [io  0x0d00-0xffff window]
[    0.350374] pci_bus 0000:00: resource 6 [mem 0x000a0000-0x000bffff window]
[    0.350375] pci_bus 0000:00: resource 7 [mem 0x80000000-0xfdffffff window]
[    0.350434] NET: Registered protocol family 2
[    0.350509] IP idents hash table entries: 32768 (order: 6, 262144 bytes, linear)
[    0.350914] MPTCP tokens hash table entries: 8192 (order: 4, 65536 bytes, linear)
[    0.350934] MPTCP request tokens hash table entries: 8192 (order: 4, 65536 bytes, linear)
[    0.350959] default registered
[    0.350959] default registered
[    0.350960] MPTCP: Stable release v0.96
[    0.350965] tcp_listen_portaddr_hash hash table entries: 1024 (order: 2, 16384 bytes, linear)
[    0.351043] TCP established hash table entries: 16384 (order: 5, 131072 bytes, linear)
[    0.351108] TCP bind hash table entries: 16384 (order: 6, 262144 bytes, linear)
[    0.351134] TCP: Hash tables configured (established 16384 bind 16384)
[    0.351870] UDP hash table entries: 1024 (order: 3, 32768 bytes, linear)
[    0.351882] UDP-Lite hash table entries: 1024 (order: 3, 32768 bytes, linear)
[    0.351919] NET: Registered protocol family 1
[    0.351928] NET: Registered protocol family 44
[    0.351951] pci 0000:00:00.0: Limiting direct PCI/PCI transfers
[    0.351963] pci 0000:00:01.0: Activating ISA DMA hang workarounds
[    0.352022] pci 0000:00:02.0: Video device with shadowed ROM at [mem 0x000c0000-0x000dffff]
[    0.352086] PCI: CLS 0 bytes, default 64
[    0.352135] Trying to unpack rootfs image as initramfs...
[    0.523856] Freeing initrd memory: 47868K
[    0.523856] clocksource: tsc: mask: 0xffffffffffffffff max_cycles: 0x1e4530a99b6, max_idle_ns: 440795257976 ns
[    0.523856] clocksource: Switched to clocksource tsc
[    0.523856] platform rtc_cmos: registered platform RTC device (no PNP device found)
[    0.523856] check: Scanning for low memory corruption every 60 seconds
[    0.523856] Initialise system trusted keyrings
[    0.523856] Key type blacklist registered
[    0.523856] workingset: timestamp_bits=36 max_order=19 bucket_order=0
[    0.523856] zbud: loaded
[    0.523856] squashfs: version 4.0 (2009/01/31) Phillip Lougher
[    0.523856] fuse: init (API version 7.31)
[    0.523856] *** VALIDATE fuse ***
[    0.523856] *** VALIDATE fuse ***
[    0.523856] Platform Keyring initialized
[    0.523856] Key type asymmetric registered
[    0.523856] Asymmetric key parser 'x509' registered
[    0.523856] Block layer SCSI generic (bsg) driver version 0.4 loaded (major 244)
[    0.523856] io scheduler mq-deadline registered
[    0.523856] shpchp: Standard Hot Plug PCI Controller Driver version: 0.4
[    0.537872] ACPI: AC Adapter [AC] (on-line)
[    0.537919] input: Power Button as /devices/LNXSYSTM:00/LNXPWRBN:00/input/input0
[    0.537945] ACPI: Power Button [PWRF]
[    0.538028] input: Sleep Button as /devices/LNXSYSTM:00/LNXSLPBN:00/input/input1
[    0.538043] ACPI: Sleep Button [SLPF]
[    0.538271] Serial: 8250/16550 driver, 32 ports, IRQ sharing enabled
[    0.539493] Linux agpgart interface v0.103
[    0.635203] loop: module loaded
[    0.635356] ata_piix 0000:00:01.1: version 2.13
[    0.635762] scsi host0: ata_piix
[    0.635854] scsi host1: ata_piix
[    0.635880] ata1: PATA max UDMA/33 cmd 0x1f0 ctl 0x3f6 bmdma 0xd000 irq 14
[    0.635881] ata2: PATA max UDMA/33 cmd 0x170 ctl 0x376 bmdma 0xd008 irq 15
[    0.635961] tun: Universal TUN/TAP device driver, 1.6
[    0.636267] PPP generic driver version 2.4.2
[    0.636311] VFIO - User Level meta-driver version: 0.3
[    0.636551] ehci_hcd: USB 2.0 'Enhanced' Host Controller (EHCI) Driver
[    0.636556] ehci-pci: EHCI PCI platform driver
[    0.636571] ehci-platform: EHCI generic platform driver
[    0.636577] ohci_hcd: USB 1.1 'Open' Host Controller (OHCI) Driver
[    0.636578] ohci-pci: OHCI PCI platform driver
[    0.636585] ohci-platform: OHCI generic platform driver
[    0.636590] uhci_hcd: USB Universal Host Controller Interface driver
[    0.636655] i8042: PNP: PS/2 Controller [PNP0303:PS2K,PNP0f03:PS2M] at 0x60,0x64 irq 1,12
[    0.637092] serio: i8042 KBD port at 0x60,0x64 irq 1
[    0.637095] serio: i8042 AUX port at 0x60,0x64 irq 12
[    0.637182] mousedev: PS/2 mouse device common for all mice
[    0.637452] input: AT Translated Set 2 keyboard as /devices/platform/i8042/serio0/input/input2
[    0.637847] rtc_cmos rtc_cmos: registered as rtc0
[    0.637861] rtc_cmos rtc_cmos: alarms up to one day, 114 bytes nvram
[    0.637866] i2c /dev entries driver
[    0.637910] device-mapper: uevent: version 1.0.3
[    0.637952] device-mapper: ioctl: 4.41.0-ioctl (2019-09-16) initialised: dm-devel@redhat.com
[    0.637968] platform eisa.0: Probing EISA bus 0
[    0.637969] platform eisa.0: EISA: Cannot allocate resource for mainboard
[    0.637970] platform eisa.0: Cannot allocate resource for EISA slot 1
[    0.637972] platform eisa.0: Cannot allocate resource for EISA slot 2
[    0.637973] platform eisa.0: Cannot allocate resource for EISA slot 3
[    0.637973] platform eisa.0: Cannot allocate resource for EISA slot 4
[    0.637974] platform eisa.0: Cannot allocate resource for EISA slot 5
[    0.637975] platform eisa.0: Cannot allocate resource for EISA slot 6
[    0.637976] platform eisa.0: Cannot allocate resource for EISA slot 7
[    0.637977] platform eisa.0: Cannot allocate resource for EISA slot 8
[    0.637978] platform eisa.0: EISA: Detected 0 cards
[    0.637981] intel_pstate: CPU model not supported
[    0.637990] ledtrig-cpu: registered to indicate activity on CPUs
[    0.638044] drop_monitor: Initializing network drop monitor service
[    0.638205] NET: Registered protocol family 10
[    0.643245] Segment Routing with IPv6
[    0.643245] fullmesh registered
[    0.643245] ndiffports registered
[    0.643245] binder registered
[    0.643245] roundrobin registered
[    0.643245] redundant registered
[    0.643245] blest registered
[    0.643245] ecf registered
[    0.643245] NET: Registered protocol family 17
[    0.643245] Key type dns_resolver registered
[    0.643245] RAS: Correctable Errors collector initialized.
[    0.643245] IPI shorthand broadcast: enabled
[    0.643245] sched_clock: Marking stable (628101158, 11144002)->(640406628, -1161468)
[    0.643597] registered taskstats version 1
[    0.643606] Loading compiled-in X.509 certificates
[    0.644193] Loaded X.509 cert 'Build time autogenerated kernel key: 6909f3744cebb3d0de528d5887b96a727de79b1e'
[    0.644211] zswap: loaded using pool lzo/zbud
[    0.644264] Key type ._fscrypt registered
[    0.644264] Key type .fscrypt registered
[    0.648715] Key type big_key registered
[    0.650900] Key type encrypted registered
[    0.650903] AppArmor: AppArmor sha1 policy hashing enabled
[    0.650911] ima: No TPM chip found, activating TPM-bypass!
[    0.650914] ima: Allocated hash algorithm: sha1
[    0.650919] ima: No architecture policies found
[    0.650929] evm: Initialising EVM extended attributes:
[    0.650929] evm: security.selinux
[    0.650930] evm: security.SMACK64
[    0.650930] evm: security.SMACK64EXEC
[    0.650931] evm: security.SMACK64TRANSMUTE
[    0.650931] evm: security.SMACK64MMAP
[    0.650932] evm: security.apparmor
[    0.650932] evm: security.ima
[    0.650933] evm: security.capability
[    0.650933] evm: HMAC attrs: 0x1
[    0.651225] PM:   Magic number: 10:497:182
[    0.651345] rtc_cmos rtc_cmos: setting system clock to 2026-01-19T14:09:43 UTC (1768831783)
[    0.807255] ata1.00: ATA-6: VBOX HARDDISK, 1.0, max UDMA/133
[    0.807257] ata1.00: 209715200 sectors, multi 128: LBA 
[    0.807759] scsi 0:0:0:0: Direct-Access     ATA      VBOX HARDDISK    1.0  PQ: 0 ANSI: 5
[    0.807974] sd 0:0:0:0: [sda] 209715200 512-byte logical blocks: (107 GB/100 GiB)
[    0.807983] sd 0:0:0:0: [sda] Write Protect is off
[    0.807986] sd 0:0:0:0: [sda] Mode Sense: 00 3a 00 00
[    0.808000] sd 0:0:0:0: [sda] Write cache: enabled, read cache: enabled, doesn't support DPO or FUA
[    0.808229] sd 0:0:0:0: Attached scsi generic sg0 type 0
[    0.808892]  sda: sda1 sda2
[    0.819492] sd 0:0:0:0: [sda] Attached SCSI disk
[    0.824737] Freeing unused decrypted memory: 2040K
[    0.826103] Freeing unused kernel image memory: 2728K
[    0.826108] Write protecting the kernel read-only data: 22528k
[    0.827600] Freeing unused kernel image memory: 2036K
[    0.828389] Freeing unused kernel image memory: 1432K
[    0.861158] x86/mm: Checked W+X mappings: passed, no W+X pages found.
[    0.861162] Run /init as init process
[    0.973718] ACPI: Video Device [GFX0] (multi-head: yes  rom: no  post: no)
[    0.973790] input: Video Bus as /devices/LNXSYSTM:00/LNXSYBUS:00/PNP0A03:00/LNXVIDEO:00/input/input4
[    0.986427] pcnet32: pcnet32.c:v1.35 21.Apr.2008 tsbogend@alpha.franken.de
[    0.987510] pcnet32: PCnet/FAST III 79C973 at 0xd020, 08:00:27:b3:ee:0c assigned IRQ 19
[    0.987553] pcnet32: Found PHY 0022:561b at address 0
[    0.987854] pcnet32: eth0: registered as PCnet/FAST III 79C973
[    0.988249] pcnet32: 1 cards_found
[    0.989788] piix4_smbus 0000:00:07.0: SMBus Host Controller at 0x4100, revision 0
[    0.993780] e1000: Intel(R) PRO/1000 Network Driver - version 7.3.21-k8-NAPI
[    0.993780] e1000: Copyright (c) 1999-2006 Intel Corporation.
[    1.071270] pcnet32 0000:00:03.0 enp0s3: renamed from eth0
[    1.212106] input: ImExPS/2 Generic Explorer Mouse as /devices/platform/i8042/serio1/input/input5
[    1.399410] e1000 0000:00:08.0 eth0: (PCI:33MHz:32-bit) 08:00:27:65:a5:a8
[    1.399415] e1000 0000:00:08.0 eth0: Intel(R) PRO/1000 Network Connection
[    1.771442] e1000 0000:00:09.0 eth1: (PCI:33MHz:32-bit) 08:00:27:68:58:cd
[    1.771445] e1000 0000:00:09.0 eth1: Intel(R) PRO/1000 Network Connection
[    1.772593] e1000 0000:00:09.0 enp0s9: renamed from eth1
[    1.774360] e1000 0000:00:08.0 enp0s8: renamed from eth0
[    1.931500] EXT4-fs (sda2): mounted filesystem with ordered data mode. Opts: (null)
[    2.024041] systemd[1]: Inserted module 'autofs4'
[    2.036234] systemd[1]: systemd 245.4-4ubuntu3 running in system mode. (+PAM +AUDIT +SELINUX +IMA +APPARMOR +SMACK +SYSVINIT +UTMP +LIBCRYPTSETUP +GCRYPT +GNUTLS +ACL +XZ +LZ4 +SECCOMP +BLKID +ELFUTILS +KMOD +IDN2 -IDN +PCRE2 default-hierarchy=hybrid)
[    2.036265] systemd[1]: Detected virtualization oracle.
[    2.036268] systemd[1]: Detected architecture x86-64.
[    2.037553] systemd[1]: Set hostname to <ztg>.
[    2.163562] systemd[1]: /lib/systemd/system/dbus.socket:5: ListenStream= references a path below legacy directory /var/run/, updating /var/run/dbus/system_bus_socket â†’ /run/dbus/system_bus_socket; please update the unit file accordingly.
[    2.216086] systemd[1]: Created slice system-modprobe.slice.
[    2.216269] systemd[1]: Created slice User and Session Slice.
[    2.216311] systemd[1]: Started Forward Password Requests to Wall Directory Watch.
[    2.216487] systemd[1]: Set up automount Arbitrary Executable File Formats File System Automount Point.
[    2.216522] systemd[1]: Reached target User and Group Name Lookups.
[    2.216531] systemd[1]: Reached target Remote File Systems.
[    2.216539] systemd[1]: Reached target Slices.
[    2.217108] systemd[1]: Listening on Syslog Socket.
[    2.217179] systemd[1]: Listening on fsck to fsckd communication Socket.
[    2.217218] systemd[1]: Listening on initctl Compatibility Named Pipe.
[    2.217367] systemd[1]: Listening on Journal Audit Socket.
[    2.217421] systemd[1]: Listening on Journal Socket (/dev/log).
[    2.217490] systemd[1]: Listening on Journal Socket.
[    2.217554] systemd[1]: Listening on udev Control Socket.
[    2.217592] systemd[1]: Listening on udev Kernel Socket.
[    2.218342] systemd[1]: Mounting Huge Pages File System...
[    2.219296] systemd[1]: Mounting POSIX Message Queue File System...
[    2.220188] systemd[1]: Mounting Kernel Debug File System...
[    2.221051] systemd[1]: Mounting Kernel Trace File System...
[    2.223018] systemd[1]: Starting Journal Service...
[    2.245570] systemd[1]: Starting Set the console keyboard layout...
[    2.253362] systemd[1]: Starting Create list of static device nodes for the current kernel...
[    2.255157] systemd[1]: Starting Load Kernel Module drm...
[    2.256536] systemd[1]: Condition check resulted in Set Up Additional Binary Formats being skipped.
[    2.256578] systemd[1]: Condition check resulted in File System Check on Root Device being skipped.
[    2.262540] systemd[1]: Starting Load Kernel Modules...
[    2.281777] systemd[1]: Starting Remount Root and Kernel File Systems...
[    2.282539] systemd[1]: Starting udev Coldplug all Devices...
[    2.298273] systemd[1]: Starting Uncomplicated firewall...
[    2.299895] systemd[1]: Mounted Huge Pages File System.
[    2.299985] systemd[1]: Mounted POSIX Message Queue File System.
[    2.300058] systemd[1]: Mounted Kernel Debug File System.
[    2.300125] systemd[1]: Mounted Kernel Trace File System.
[    2.309447] EXT4-fs (sda2): re-mounted. Opts: errors=remount-ro
[    2.315307] systemd[1]: Finished Create list of static device nodes for the current kernel.
[    2.339412] systemd[1]: Finished Remount Root and Kernel File Systems.
[    2.339681] systemd[1]: modprobe@drm.service: Succeeded.
[    2.339915] systemd[1]: Finished Load Kernel Module drm.
[    2.340898] systemd[1]: Finished Uncomplicated firewall.
[    2.356841] systemd[1]: Condition check resulted in Rebuild Hardware Database being skipped.
[    2.356879] systemd[1]: Condition check resulted in Platform Persistent Storage Archival being skipped.
[    2.357615] systemd[1]: Starting Load/Save Random Seed...
[    2.359480] lp: driver loaded but no devices found
[    2.381933] systemd[1]: Starting Create System Users...
[    2.391393] ppdev: user-space parallel port driver
[    2.394680] systemd[1]: Finished Load/Save Random Seed.
[    2.397752] systemd[1]: Finished Create System Users.
[    2.398712] systemd[1]: Starting Create Static Device Nodes in /dev...
[    2.422671] systemd[1]: Finished udev Coldplug all Devices.
[    2.436570] systemd[1]: Finished Create Static Device Nodes in /dev.
[    2.437402] systemd[1]: Starting udev Kernel Device Manager...
[    2.477487] [drm] DMA map mode: Caching DMA mappings.
[    2.477576] [drm] Capabilities:
[    2.477576] [drm]   Rect copy.
[    2.477576] [drm]   Cursor.
[    2.477577] [drm]   Cursor bypass.
[    2.477577] [drm]   Cursor bypass 2.
[    2.477577] [drm]   Alpha cursor.
[    2.477578] [drm]   Extended Fifo.
[    2.477578] [drm]   Pitchlock.
[    2.477578] [drm]   Irq mask.
[    2.477579] [drm]   GMR.
[    2.477579] [drm]   Traces.
[    2.477579] [drm]   GMR2.
[    2.477580] [drm]   Screen Object 2.
[    2.477580] [drm]   Command Buffers.
[    2.477581] [drm]   Command Buffers 2.
[    2.477581] [drm]   Guest Backed Resources.
[    2.477582] [drm] Max GMR ids is 8192
[    2.477583] [drm] Max number of GMR pages is 1048576
[    2.477583] [drm] Max dedicated hypervisor surface memory is 393216 kiB
[    2.477584] [drm] Maximum display memory size is 131072 kiB
[    2.477584] [drm] VRAM at 0xe0000000 size is 131072 kiB
[    2.477585] [drm] MMIO at 0xf0000000 size is 2048 kiB
[    2.478335] [TTM] Zone  kernel: Available graphics memory: 1011738 KiB
[    2.478336] [TTM] Initializing pool allocator
[    2.478340] [TTM] Initializing DMA pool allocator
[    2.478367] [drm] Supports vblank timestamp caching Rev 2 (21.10.2013).
[    2.478367] [drm] No driver support for vblank timestamp query.
[    2.478613] [drm] Screen Target Display device initialized
[    2.478813] [drm] width 720
[    2.478825] [drm] height 400
[    2.478828] [drm] bpp 32
[    2.479385] [drm] Fifo max 0x00200000 min 0x00001000 cap 0x00000355
[    2.480618] [drm] Using command buffers with DMA pool.
[    2.480624] [drm] DX: no.
[    2.480625] [drm] Atomic: yes.
[    2.480625] [drm] SM4_1: no.
[    2.480645] [drm:vmw_host_log [vmwgfx]] *ERROR* Failed to send host log message.
[    2.481544] [drm:vmw_host_log [vmwgfx]] *ERROR* Failed to send host log message.
[    2.500572] fbcon: svgadrmfb (fb0) is primary device
[    2.503299] Console: switching to colour frame buffer device 100x37
[    2.508517] [drm] Initialized vmwgfx 2.15.0 20180704 for 0000:00:02.0 on minor 0
[    2.509498] systemd[1]: Finished Load Kernel Modules.
[    2.510412] systemd[1]: Mounting FUSE Control File System...
[    2.511304] systemd[1]: Mounting Kernel Configuration File System...
[    2.512111] systemd[1]: Starting Apply Kernel Variables...
[    2.534396] systemd[1]: Finished Set the console keyboard layout.
[    2.535091] systemd[1]: Mounted FUSE Control File System.
[    2.535161] systemd[1]: Reached target Local File Systems (Pre).
[    2.539577] systemd[1]: Condition check resulted in VMware vmblock fuse mount being skipped.
[    2.548278] systemd[1]: Mounting Mount unit for bare, revision 5...
[    2.550898] systemd[1]: Mounting Mount unit for core18, revision 1705...
[    2.577740] systemd[1]: Mounting Mount unit for gnome-3-34-1804, revision 24...
[    2.580488] systemd[1]: Mounting Mount unit for gtk-common-themes, revision 1506...
[    2.588959] systemd[1]: Mounting Mount unit for gtk-common-themes, revision 1535...
[    2.593111] systemd[1]: Mounting Mount unit for snap-store, revision 433...
[    2.600688] systemd[1]: Mounting Mount unit for snapd, revision 7264...
[    2.610566] systemd[1]: Mounted Kernel Configuration File System.
[    2.621675] systemd[1]: Finished Apply Kernel Variables.
[    2.621819] systemd[1]: Mounted Mount unit for bare, revision 5.
[    2.646804] systemd[1]: Mounted Mount unit for core18, revision 1705.
[    2.646896] systemd[1]: Mounted Mount unit for gnome-3-34-1804, revision 24.
[    2.660831] systemd[1]: Started udev Kernel Device Manager.
[    2.661586] systemd[1]: Starting Show Plymouth Boot Screen...
[    2.668188] systemd[1]: Mounted Mount unit for gtk-common-themes, revision 1506.
[    2.669994] systemd[1]: Received SIGRTMIN+20 from PID 287 (plymouthd).
[    2.707195] systemd[1]: Started Show Plymouth Boot Screen.
[    2.707351] systemd[1]: Condition check resulted in Dispatch Password Requests to Console Directory Watch being skipped.
[    2.707431] systemd[1]: Started Forward Password Requests to Plymouth Directory Watch.
[    2.707463] systemd[1]: Reached target Local Encrypted Volumes.
[    2.723277] systemd[1]: Mounted Mount unit for snap-store, revision 433.
[    2.743179] systemd[1]: Mounted Mount unit for gtk-common-themes, revision 1535.
[    2.743416] systemd[1]: Mounted Mount unit for snapd, revision 7264.
[    2.743565] systemd[1]: Reached target Local File Systems.
[    2.745828] systemd[1]: Starting Load AppArmor profiles...
[    2.746710] systemd[1]: Starting Set console font and keymap...
[    2.773130] systemd[1]: Starting Tell Plymouth To Write Out Runtime Data...
[    2.773255] systemd[1]: Condition check resulted in Store a System Token in an EFI Variable being skipped.
[    2.773310] systemd[1]: Condition check resulted in Commit a transient machine-id on disk being skipped.
[    2.777272] systemd[1]: Finished Set console font and keymap.
[    2.784697] systemd[1]: Received SIGRTMIN+20 from PID 287 (plymouthd).
[    2.786124] systemd[1]: plymouth-read-write.service: Succeeded.
[    2.786416] systemd[1]: Finished Tell Plymouth To Write Out Runtime Data.
[    2.807872] audit: type=1400 audit(1768831785.652:2): apparmor="STATUS" operation="profile_load" profile="unconfined" name="nvidia_modprobe" pid=300 comm="apparmor_parser"
[    2.807874] audit: type=1400 audit(1768831785.652:3): apparmor="STATUS" operation="profile_load" profile="unconfined" name="nvidia_modprobe//kmod" pid=300 comm="apparmor_parser"
[    2.818766] audit: type=1400 audit(1768831785.660:4): apparmor="STATUS" operation="profile_load" profile="unconfined" name="/usr/sbin/tcpdump" pid=301 comm="apparmor_parser"
[    2.867587] audit: type=1400 audit(1768831785.700:5): apparmor="STATUS" operation="profile_load" profile="unconfined" name="/usr/bin/evince" pid=303 comm="apparmor_parser"
[    2.867589] audit: type=1400 audit(1768831785.700:6): apparmor="STATUS" operation="profile_load" profile="unconfined" name="/usr/bin/evince//sanitized_helper" pid=303 comm="apparmor_parser"
[    2.867591] audit: type=1400 audit(1768831785.700:7): apparmor="STATUS" operation="profile_load" profile="unconfined" name="/usr/bin/evince-previewer" pid=303 comm="apparmor_parser"
[    2.867593] audit: type=1400 audit(1768831785.700:8): apparmor="STATUS" operation="profile_load" profile="unconfined" name="/usr/bin/evince-previewer//sanitized_helper" pid=303 comm="apparmor_parser"
[    2.867595] audit: type=1400 audit(1768831785.700:9): apparmor="STATUS" operation="profile_load" profile="unconfined" name="/usr/bin/evince-thumbnailer" pid=303 comm="apparmor_parser"
[    2.894875] audit: type=1400 audit(1768831785.736:10): apparmor="STATUS" operation="profile_load" profile="unconfined" name="/usr/lib/cups/backend/cups-pdf" pid=304 comm="apparmor_parser"
[    2.984268] systemd[1]: Finished Load AppArmor profiles.
[    2.985217] systemd[1]: Starting Load AppArmor profiles managed internally by snapd...
[    3.049535] systemd[1]: Finished Load AppArmor profiles managed internally by snapd.
[    3.191516] systemd[1]: Started Journal Service.
[    3.198490] systemd-journald[229]: Received client request to flush runtime journal.
[    3.203758] systemd-journald[229]: File /var/log/journal/c455b248004a419c87ce85eea238d727/system.journal corrupted or uncleanly shut down, renaming and replacing.
[    4.527291] RAPL PMU: API unit is 2^-32 Joules, 0 fixed counters, 10737418240 ms ovfl timer
[    4.600243] cryptd: max_cpu_qlen set to 1000
[    4.664077] AVX2 version of gcm_enc/dec engaged.
[    4.664078] AES CTR mode by8 optimization enabled
[    5.480234] Adding 1998844k swap on /dev/sda1.  Priority:-2 extents:1 across:1998844k FS
[    7.208762] kauditd_printk_skb: 30 callbacks suppressed
[    7.208764] audit: type=1400 audit(1768831790.052:41): apparmor="DENIED" operation="capable" profile="/usr/sbin/cups-browsed" pid=498 comm="cups-browsed" capability=23  capname="sys_nice"
[    7.742072] pcnet32 0000:00:03.0 enp0s3: link up, 100Mbps, full-duplex
[    7.777763] e1000: enp0s8 NIC Link is Up 1000 Mbps Full Duplex, Flow Control: RX
[    7.778037] IPv6: ADDRCONF(NETDEV_CHANGE): enp0s8: link becomes ready
[    7.790617] e1000: enp0s9 NIC Link is Up 1000 Mbps Full Duplex, Flow Control: RX
[    7.790911] IPv6: ADDRCONF(NETDEV_CHANGE): enp0s9: link becomes ready
[    8.325031] device enp0s3 entered promiscuous mode
[    8.347762] audit: type=1400 audit(1768831791.188:42): apparmor="DENIED" operation="open" profile="/usr/sbin/tcpdump" name="/proc/sys/kernel/random/boot_id" pid=702 comm="tcpdump" requested_mask="r" denied_mask="r" fsuid=0 ouid=0
[    8.347969] audit: type=1400 audit(1768831791.188:43): apparmor="DENIED" operation="open" profile="/usr/sbin/tcpdump" name="/proc/sys/kernel/random/boot_id" pid=702 comm="tcpdump" requested_mask="r" denied_mask="r" fsuid=0 ouid=0
[    8.348350] audit: type=1400 audit(1768831791.188:44): apparmor="DENIED" operation="open" profile="/usr/sbin/tcpdump" name="/proc/sys/kernel/random/boot_id" pid=702 comm="tcpdump" requested_mask="r" denied_mask="r" fsuid=0 ouid=0
[    8.348457] audit: type=1400 audit(1768831791.188:45): apparmor="DENIED" operation="open" profile="/usr/sbin/tcpdump" name="/proc/sys/kernel/random/boot_id" pid=702 comm="tcpdump" requested_mask="r" denied_mask="r" fsuid=0 ouid=0
[    8.353754] audit: type=1400 audit(1768831791.196:46): apparmor="DENIED" operation="open" profile="/usr/sbin/tcpdump" name="/proc/sys/kernel/random/boot_id" pid=703 comm="tcpdump" requested_mask="r" denied_mask="r" fsuid=0 ouid=0
[    8.354000] audit: type=1400 audit(1768831791.196:47): apparmor="DENIED" operation="open" profile="/usr/sbin/tcpdump" name="/proc/sys/kernel/random/boot_id" pid=703 comm="tcpdump" requested_mask="r" denied_mask="r" fsuid=0 ouid=0
[    8.354041] audit: type=1400 audit(1768831791.196:48): apparmor="DENIED" operation="open" profile="/usr/sbin/tcpdump" name="/proc/sys/kernel/random/boot_id" pid=703 comm="tcpdump" requested_mask="r" denied_mask="r" fsuid=0 ouid=0
[    8.354094] audit: type=1400 audit(1768831791.196:49): apparmor="DENIED" operation="open" profile="/usr/sbin/tcpdump" name="/proc/sys/kernel/random/boot_id" pid=703 comm="tcpdump" requested_mask="r" denied_mask="r" fsuid=0 ouid=0
[   13.070779] rfkill: input handler disabled
[  193.651078] AAAAA-TCP_FORW: name:enp0s3: saddr:16783984: daddr:100932208
[  193.788326] AAAAA-TCP_FORW: name:enp0s3: saddr:100932208: daddr:16783984
[  193.824048] AAAAA-TCP_FORW: name:enp0s3: saddr:16783984: daddr:100932208
[  193.843508] AAAAA-TCP_FORW: name:enp0s3: saddr:100932208: daddr:16783984
[  193.988139] AAAAA-TCP_FORW: name:enp0s3: saddr:16783984: daddr:100932208
[  194.036024] AAAAA-TCP_FORW: name:enp0s3: saddr:16783984: daddr:100932208
[  194.166929] AAAAA-TCP_FORW: name:enp0s3: saddr:100932208: daddr:33561200
[  194.242051] AAAAA-TCP_FORW: name:enp0s3: saddr:33561200: daddr:100932208
[  194.387097] AAAAA-TCP_FORW: name:enp0s3: saddr:100932208: daddr:16783984
[  194.419204] AAAAA-TCP_FORW: name:enp0s3: saddr:16783984: daddr:100932208
[  194.621980] AAAAA-TCP_FORW: name:enp0s3: saddr:100932208: daddr:33561200
[  194.631477] AAAAA-TCP_FORW: name:enp0s3: saddr:33561200: daddr:100932208
[  194.715788] AAAAA-TCP_FORW: name:enp0s3: saddr:100932208: daddr:16783984
[  194.767270] AAAAA-TCP_FORW: name:enp0s3: saddr:100932208: daddr:16783984
[  194.853121] AAAAA-TCP_FORW: name:enp0s3: saddr:16783984: daddr:100932208
[  194.980995] AAAAA-TCP_FORW: name:enp0s3: saddr:100932208: daddr:16783984
[  195.019733] AAAAA-TCP_FORW: name:enp0s3: saddr:100932208: daddr:16783984
[  195.077080] AAAAA-TCP_FORW: name:enp0s3: saddr:100932208: daddr:16783984
[  195.101780] AAAAA-TCP_FORW: name:enp0s3: saddr:16783984: daddr:100932208
[  195.184687] AAAAA-TCP_FORW: name:enp0s3: saddr:16783984: daddr:100932208
[  195.205494] AAAAA-TCP_FORW: name:enp0s3: saddr:100932208: daddr:16783984
[  195.235319] AAAAA-TCP_FORW: name:enp0s3: saddr:16783984: daddr:100932208
[  195.284026] AAAAA-TCP_FORW: name:enp0s3: saddr:100932208: daddr:16783984
[  195.328517] AAAAA-TCP_FORW: name:enp0s3: saddr:100932208: daddr:16783984
[  195.465279] AAAAA-TCP_FORW: name:enp0s3: saddr:100932208: daddr:16783984
[  195.478965] AAAAA-TCP_FORW: name:enp0s3: saddr:16783984: daddr:100932208
[  195.553446] AAAAA-TCP_FORW: name:enp0s3: saddr:100932208: daddr:16783984
[  195.584388] AAAAA-TCP_FORW: name:enp0s3: saddr:16783984: daddr:100932208
[  195.678984] AAAAA-TCP_FORW: name:enp0s3: saddr:16783984: daddr:100932208
[  195.798752] AAAAA-TCP_FORW: name:enp0s3: saddr:100932208: daddr:16783984
[  195.833683] AAAAA-TCP_FORW: name:enp0s3: saddr:16783984: daddr:100932208
[  195.901978] AAAAA-TCP_FORW: name:enp0s3: saddr:100932208: daddr:33561200
[  195.935392] AAAAA-TCP_FORW: name:enp0s3: saddr:16783984: daddr:100932208
[  195.977667] AAAAA-TCP_FORW: name:enp0s3: saddr:100932208: daddr:33561200
[  196.056969] AAAAA-TCP_FORW: name:enp0s3: saddr:16783984: daddr:100932208
[  196.116806] AAAAA-TCP_FORW: name:enp0s3: saddr:100932208: daddr:33561200
[  196.168447] AAAAA-TCP_FORW: name:enp0s3: saddr:100932208: daddr:33561200
[  196.217864] AAAAA-TCP_FORW: name:enp0s3: saddr:33561200: daddr:100932208
[  196.264853] AAAAA-TCP_FORW: name:enp0s3: saddr:100932208: daddr:33561200
[  196.305679] AAAAA-TCP_FORW: name:enp0s3: saddr:100932208: daddr:33561200
[  196.324727] AAAAA-TCP_FORW: name:enp0s3: saddr:33561200: daddr:100932208
[  196.435956] AAAAA-TCP_FORW: name:enp0s3: saddr:100932208: daddr:33561200
[  196.453310] AAAAA-TCP_FORW: name:enp0s3: saddr:33561200: daddr:100932208
[  196.495872] AAAAA-TCP_FORW: name:enp0s3: saddr:33561200: daddr:100932208
[  196.531759] AAAAA-TCP_FORW: name:enp0s3: saddr:100932208: daddr:33561200
[  196.607641] AAAAA-TCP_FORW: name:enp0s3: saddr:100932208: daddr:33561200
[  196.622406] AAAAA-TCP_FORW: name:enp0s3: saddr:33561200: daddr:100932208
[  196.684305] AAAAA-TCP_FORW: name:enp0s3: saddr:33561200: daddr:100932208
[  196.692686] AAAAA-TCP_FORW: name:enp0s3: saddr:100932208: daddr:33561200
[  196.724235] AAAAA-TCP_FORW: name:enp0s3: saddr:100932208: daddr:16783984
[  196.821301] AAAAA-TCP_FORW: name:enp0s3: saddr:100932208: daddr:16783984
[  196.910121] AAAAA-TCP_FORW: name:enp0s3: saddr:33561200: daddr:100932208
[  196.991933] AAAAA-TCP_FORW: name:enp0s3: saddr:100932208: daddr:33561200
[  197.120505] AAAAA-TCP_FORW: name:enp0s3: saddr:33561200: daddr:100932208
[  197.170688] AAAAA-TCP_FORW: name:enp0s3: saddr:33561200: daddr:100932208
[  197.242329] AAAAA-TCP_FORW: name:enp0s3: saddr:100932208: daddr:16783984
[  197.288768] AAAAA-TCP_FORW: name:enp0s3: saddr:33561200: daddr:100932208
[  197.304167] AAAAA-TCP_FORW: name:enp0s3: saddr:100932208: daddr:16783984
[  197.343885] AAAAA-TCP_FORW: name:enp0s3: saddr:16783984: daddr:100932208
[  197.423783] AAAAA-TCP_FORW: name:enp0s3: saddr:16783984: daddr:100932208
[  197.498320] AAAAA-TCP_FORW: name:enp0s3: saddr:100932208: daddr:16783984
[  197.579262] AAAAA-TCP_FORW: name:enp0s3: saddr:33561200: daddr:100932208
[  197.610457] AAAAA-TCP_FORW: name:enp0s3: saddr:100932208: daddr:16783984
[  197.720155] AAAAA-TCP_FORW: name:enp0s3: saddr:16783984: daddr:100932208
[  197.823278] AAAAA-TCP_FORW: name:enp0s3: saddr:16783984: daddr:100932208
[  197.960124] AAAAA-TCP_FORW: name:enp0s3: saddr:16783984: daddr:100932208
[  198.058196] AAAAA-TCP_FORW: name:enp0s3: saddr:16783984: daddr:100932208
[  198.258122] AAAAA-TCP_FORW: name:enp0s3: saddr:100932208: daddr:33561200
[  198.357451] AAAAA-TCP_FORW: name:enp0s3: saddr:100932208: daddr:16783984
[  198.393848] AAAAA-TCP_FORW: name:enp0s3: saddr:33561200: daddr:100932208
[  198.414970] AAAAA-TCP_FORW: name:enp0s3: saddr:100932208: daddr:16783984
[  198.449672] AAAAA-TCP_FORW: name:enp0s3: saddr:100932208: daddr:16783984
[  198.463838] AAAAA-TCP_FORW: name:enp0s3: saddr:16783984: daddr:100932208
[  198.521701] AAAAA-TCP_FORW: name:enp0s3: saddr:100932208: daddr:16783984
[  198.576286] AAAAA-TCP_FORW: name:enp0s3: saddr:16783984: daddr:100932208
[  198.626618] AAAAA-TCP_FORW: name:enp0s3: saddr:16783984: daddr:100932208
[  198.697539] AAAAA-TCP_FORW: name:enp0s3: saddr:16783984: daddr:100932208
[  198.795605] AAAAA-TCP_FORW: name:enp0s3: saddr:100932208: daddr:16783984
[  198.935355] AAAAA-TCP_FORW: name:enp0s3: saddr:100932208: daddr:16783984
[  198.942120] AAAAA-TCP_FORW: name:enp0s3: saddr:16783984: daddr:100932208
[  199.003416] AAAAA-TCP_FORW: name:enp0s3: saddr:16783984: daddr:100932208
[  199.043271] AAAAA-TCP_FORW: name:enp0s3: saddr:100932208: daddr:16783984
[  199.086903] AAAAA-TCP_FORW: name:enp0s3: saddr:100932208: daddr:16783984
[  199.117468] AAAAA-TCP_FORW: name:enp0s3: saddr:16783984: daddr:100932208
[  199.136603] AAAAA-TCP_FORW: name:enp0s3: saddr:100932208: daddr:16783984
[  199.170860] AAAAA-TCP_FORW: name:enp0s3: saddr:16783984: daddr:100932208
[  199.218995] AAAAA-TCP_FORW: name:enp0s3: saddr:100932208: daddr:16783984
[  199.250915] AAAAA-TCP_FORW: name:enp0s3: saddr:100932208: daddr:16783984
[  199.273759] AAAAA-TCP_FORW: name:enp0s3: saddr:16783984: daddr:100932208
[  199.361406] AAAAA-TCP_FORW: name:enp0s3: saddr:100932208: daddr:16783984
[  199.395845] AAAAA-TCP_FORW: name:enp0s3: saddr:16783984: daddr:100932208
[  199.484016] AAAAA-TCP_FORW: name:enp0s3: saddr:16783984: daddr:100932208
[  199.505860] AAAAA-TCP_FORW: name:enp0s3: saddr:100932208: daddr:16783984
[  199.508465] AAAAA-TCP_FORW: name:enp0s3: saddr:100932208: daddr:16783984
[  199.531430] AAAAA-TCP_FORW: name:enp0s3: saddr:100932208: daddr:33561200
[  199.568277] AAAAA-TCP_FORW: name:enp0s3: saddr:100932208: daddr:33561200
[  199.608845] AAAAA-TCP_FORW: name:enp0s3: saddr:16783984: daddr:100932208
[  199.777395] AAAAA-TCP_FORW: name:enp0s3: saddr:100932208: daddr:33561200
[  199.796965] AAAAA-TCP_FORW: name:enp0s3: saddr:16783984: daddr:100932208
[  199.804743] AAAAA-TCP_FORW: name:enp0s3: saddr:100932208: daddr:33561200
[  199.864754] AAAAA-TCP_FORW: name:enp0s3: saddr:33561200: daddr:100932208
[  199.875521] AAAAA-TCP_FORW: name:enp0s3: saddr:100932208: daddr:33561200
[  199.948814] AAAAA-TCP_FORW: name:enp0s3: saddr:33561200: daddr:100932208
[  199.998788] AAAAA-TCP_FORW: name:enp0s3: saddr:100932208: daddr:33561200
[  200.023826] AAAAA-TCP_FORW: name:enp0s3: saddr:100932208: daddr:33561200
[  200.110719] AAAAA-TCP_FORW: name:enp0s3: saddr:100932208: daddr:33561200
[  200.145371] AAAAA-TCP_FORW: name:enp0s3: saddr:33561200: daddr:100932208
[  200.189571] AAAAA-TCP_FORW: name:enp0s3: saddr:100932208: daddr:33561200
[  200.235688] AAAAA-TCP_FORW: name:enp0s3: saddr:33561200: daddr:100932208
[  200.313491] AAAAA-TCP_FORW: name:enp0s3: saddr:100932208: daddr:33561200
[  200.350744] AAAAA-TCP_FORW: name:enp0s3: saddr:100932208: daddr:33561200
[  200.502216] AAAAA-TCP_FORW: name:enp0s3: saddr:33561200: daddr:100932208
[  200.646992] AAAAA-TCP_FORW: name:enp0s3: saddr:33561200: daddr:100932208
[  200.702967] AAAAA-TCP_FORW: name:enp0s3: saddr:33561200: daddr:100932208
[  200.742334] AAAAA-TCP_FORW: name:enp0s3: saddr:33561200: daddr:100932208
[  200.800211] AAAAA-TCP_FORW: name:enp0s3: saddr:100932208: daddr:33561200
[  200.879399] AAAAA-TCP_FORW: name:enp0s3: saddr:100932208: daddr:33561200
[  200.973602] AAAAA-TCP_FORW: name:enp0s3: saddr:33561200: daddr:100932208
[  201.058731] AAAAA-TCP_FORW: name:enp0s3: saddr:33561200: daddr:100932208
[  201.110751] AAAAA-TCP_FORW: name:enp0s3: saddr:33561200: daddr:100932208
[  201.128054] AAAAA-TCP_FORW: name:enp0s3: saddr:100932208: daddr:16783984
[  201.197500] AAAAA-TCP_FORW: name:enp0s3: saddr:100932208: daddr:16783984
[  201.270789] AAAAA-TCP_FORW: name:enp0s3: saddr:100932208: daddr:16783984
[  201.302161] AAAAA-TCP_FORW: name:enp0s3: saddr:100932208: daddr:16783984
[  201.337670] AAAAA-TCP_FORW: name:enp0s3: saddr:100932208: daddr:16783984
[  201.370273] AAAAA-TCP_FORW: name:enp0s3: saddr:100932208: daddr:16783984
[  201.418752] AAAAA-TCP_FORW: name:enp0s3: saddr:100932208: daddr:16783984
[  201.438018] AAAAA-TCP_FORW: name:enp0s3: saddr:33561200: daddr:100932208
[  201.454331] AAAAA-TCP_FORW: name:enp0s3: saddr:100932208: daddr:16783984
[  201.488138] AAAAA-TCP_FORW: name:enp0s3: saddr:33561200: daddr:100932208
[  201.520804] AAAAA-TCP_FORW: name:enp0s3: saddr:100932208: daddr:33561200
[  201.539931] AAAAA-TCP_FORW: name:enp0s3: saddr:100932208: daddr:33561200
[  201.571628] AAAAA-TCP_FORW: name:enp0s3: saddr:100932208: daddr:16783984
[  201.639292] AAAAA-TCP_FORW: name:enp0s3: saddr:100932208: daddr:33561200
[  201.670538] AAAAA-TCP_FORW: name:enp0s3: saddr:16783984: daddr:100932208
[  201.686200] AAAAA-TCP_FORW: name:enp0s3: saddr:100932208: daddr:33561200
[  201.716087] AAAAA-TCP_FORW: name:enp0s3: saddr:16783984: daddr:100932208
[  201.726178] AAAAA-TCP_FORW: name:enp0s3: saddr:100932208: daddr:33561200
[  201.759479] AAAAA-TCP_FORW: name:enp0s3: saddr:16783984: daddr:100932208
[  201.773207] AAAAA-TCP_FORW: name:enp0s3: saddr:100932208: daddr:33561200
[  201.801149] AAAAA-TCP_FORW: name:enp0s3: saddr:100932208: daddr:16783984
[  201.823402] AAAAA-TCP_FORW: name:enp0s3: saddr:16783984: daddr:100932208
[  201.922488] AAAAA-TCP_FORW: name:enp0s3: saddr:100932208: daddr:16783984
[  201.930278] AAAAA-TCP_FORW: name:enp0s3: saddr:16783984: daddr:100932208
[  201.964044] AAAAA-TCP_FORW: name:enp0s3: saddr:100932208: daddr:16783984
[  202.035792] AAAAA-TCP_FORW: name:enp0s3: saddr:16783984: daddr:100932208
[  202.084295] AAAAA-TCP_FORW: name:enp0s3: saddr:100932208: daddr:16783984
[  202.108062] AAAAA-TCP_FORW: name:enp0s3: saddr:16783984: daddr:100932208
[  202.134939] AAAAA-TCP_FORW: name:enp0s3: saddr:100932208: daddr:16783984
[  202.181559] AAAAA-TCP_FORW: name:enp0s3: saddr:100932208: daddr:16783984
[  202.212821] AAAAA-TCP_FORW: name:enp0s3: saddr:100932208: daddr:16783984
[  202.225963] AAAAA-TCP_FORW: name:enp0s3: saddr:16783984: daddr:100932208
[  202.319982] AAAAA-TCP_FORW: name:enp0s3: saddr:33561200: daddr:100932208
[  202.333758] AAAAA-TCP_FORW: name:enp0s3: saddr:100932208: daddr:16783984
[  202.358310] AAAAA-TCP_FORW: name:enp0s3: saddr:100932208: daddr:16783984
[  202.373145] AAAAA-TCP_FORW: name:enp0s3: saddr:33561200: daddr:100932208
[  202.409062] AAAAA-TCP_FORW: name:enp0s3: saddr:16783984: daddr:100932208
[  202.436513] AAAAA-TCP_FORW: name:enp0s3: saddr:100932208: daddr:16783984
[  202.454332] AAAAA-TCP_FORW: name:enp0s3: saddr:33561200: daddr:100932208
[  202.563636] AAAAA-TCP_FORW: name:enp0s3: saddr:33561200: daddr:100932208
[  202.638192] AAAAA-TCP_FORW: name:enp0s3: saddr:33561200: daddr:100932208
[  202.759724] AAAAA-TCP_FORW: name:enp0s3: saddr:33561200: daddr:100932208
[  202.799647] AAAAA-TCP_FORW: name:enp0s3: saddr:16783984: daddr:100932208
[  202.871621] AAAAA-TCP_FORW: name:enp0s3: saddr:100932208: daddr:33561200
[  202.915880] AAAAA-TCP_FORW: name:enp0s3: saddr:100932208: daddr:33561200
[  202.941349] AAAAA-TCP_FORW: name:enp0s3: saddr:16783984: daddr:100932208
[  203.025943] AAAAA-TCP_FORW: name:enp0s3: saddr:16783984: daddr:100932208
[  203.132682] AAAAA-TCP_FORW: name:enp0s3: saddr:16783984: daddr:100932208
[  203.237152] AAAAA-TCP_FORW: name:enp0s3: saddr:16783984: daddr:100932208
[  203.298173] AAAAA-TCP_FORW: name:enp0s3: saddr:16783984: daddr:100932208
[  203.313260] AAAAA-TCP_FORW: name:enp0s3: saddr:100932208: daddr:33561200
[  203.354563] AAAAA-TCP_FORW: name:enp0s3: saddr:16783984: daddr:100932208
[  203.508278] AAAAA-TCP_FORW: name:enp0s3: saddr:16783984: daddr:100932208
[  203.690826] AAAAA-TCP_FORW: name:enp0s3: saddr:16783984: daddr:100932208
[  203.930789] AAAAA-TCP_FORW: name:enp0s3: saddr:33561200: daddr:100932208
[  203.987744] AAAAA-TCP_FORW: name:enp0s3: saddr:33561200: daddr:100932208
[  204.270647] AAAAA-TCP_FORW: name:enp0s3: saddr:33561200: daddr:100932208
[  219.760804] AAAAA-TCP_FORW: name:enp0s3: saddr:100932208: daddr:33561200
[  219.809697] AAAAA-TCP_FORW: name:enp0s3: saddr:100932208: daddr:33561200
[  219.943480] AAAAA-TCP_FORW: name:enp0s3: saddr:100932208: daddr:16783984
[  220.009786] AAAAA-TCP_FORW: name:enp0s3: saddr:100932208: daddr:16783984
[  220.282119] AAAAA-TCP_FORW: name:enp0s3: saddr:100932208: daddr:16783984
[  220.387318] AAAAA-TCP_FORW: name:enp0s3: saddr:100932208: daddr:16783984
[  220.574814] AAAAA-TCP_FORW: name:enp0s3: saddr:100932208: daddr:16783984
[  220.691378] AAAAA-TCP_FORW: name:enp0s3: saddr:100932208: daddr:16783984
[  220.793343] AAAAA-TCP_FORW: name:enp0s3: saddr:100932208: daddr:16783984
[  220.961638] AAAAA-TCP_FORW: name:enp0s3: saddr:100932208: daddr:16783984
[  221.194027] AAAAA-TCP_FORW: name:enp0s3: saddr:100932208: daddr:16783984
[  221.265356] AAAAA-TCP_FORW: name:enp0s3: saddr:100932208: daddr:16783984
[  221.459676] AAAAA-TCP_FORW: name:enp0s3: saddr:100932208: daddr:16783984
[  221.540736] AAAAA-TCP_FORW: name:enp0s3: saddr:100932208: daddr:16783984
[  221.754874] AAAAA-TCP_FORW: name:enp0s3: saddr:100932208: daddr:16783984
[  221.886193] AAAAA-TCP_FORW: name:enp0s3: saddr:100932208: daddr:16783984
[  222.022158] AAAAA-TCP_FORW: name:enp0s3: saddr:100932208: daddr:16783984
[  222.131356] AAAAA-TCP_FORW: name:enp0s3: saddr:100932208: daddr:16783984
[  222.260433] AAAAA-TCP_FORW: name:enp0s3: saddr:100932208: daddr:16783984
[  222.447576] AAAAA-TCP_FORW: name:enp0s3: saddr:100932208: daddr:16783984
[  222.575235] AAAAA-TCP_FORW: name:enp0s3: saddr:100932208: daddr:16783984
[  223.004692] AAAAA-TCP_FORW: name:enp0s3: saddr:100932208: daddr:16783984
[  223.199334] AAAAA-TCP_FORW: name:enp0s3: saddr:100932208: daddr:16783984
[  223.447729] AAAAA-TCP_FORW: name:enp0s3: saddr:100932208: daddr:16783984
[  223.608200] AAAAA-TCP_FORW: name:enp0s3: saddr:100932208: daddr:33561200
[  223.730904] AAAAA-TCP_FORW: name:enp0s3: saddr:100932208: daddr:33561200
[  224.016129] AAAAA-TCP_FORW: name:enp0s3: saddr:100932208: daddr:33561200
[  224.134043] AAAAA-TCP_FORW: name:enp0s3: saddr:100932208: daddr:33561200
[  224.405709] AAAAA-TCP_FORW: name:enp0s3: saddr:100932208: daddr:33561200
[  224.618480] AAAAA-TCP_FORW: name:enp0s3: saddr:100932208: daddr:33561200
[  224.868697] AAAAA-TCP_FORW: name:enp0s3: saddr:100932208: daddr:33561200
[  224.897754] AAAAA-TCP_FORW: name:enp0s3: saddr:100932208: daddr:33561200
[  225.048378] AAAAA-TCP_FORW: name:enp0s3: saddr:100932208: daddr:33561200
[  225.147660] AAAAA-TCP_FORW: name:enp0s3: saddr:100932208: daddr:33561200
[  225.314073] AAAAA-TCP_FORW: name:enp0s3: saddr:100932208: daddr:33561200
[  225.342828] AAAAA-TCP_FORW: name:enp0s3: saddr:100932208: daddr:33561200
[  225.487821] AAAAA-TCP_FORW: name:enp0s3: saddr:100932208: daddr:33561200
[  225.573632] AAAAA-TCP_FORW: name:enp0s3: saddr:100932208: daddr:33561200
[  225.713440] AAAAA-TCP_FORW: name:enp0s3: saddr:100932208: daddr:33561200
[  225.814779] AAAAA-TCP_FORW: name:enp0s3: saddr:100932208: daddr:33561200
[  227.033793] AAAAA-TCP_FORW: name:enp0s3: saddr:100932208: daddr:16783984
[  227.097484] AAAAA-TCP_FORW: name:enp0s3: saddr:100932208: daddr:16783984
[  227.257187] AAAAA-TCP_FORW: name:enp0s3: saddr:100932208: daddr:16783984
[  227.376298] AAAAA-TCP_FORW: name:enp0s3: saddr:100932208: daddr:16783984
[  227.599867] AAAAA-TCP_FORW: name:enp0s3: saddr:100932208: daddr:16783984
[  227.605511] AAAAA-TCP_FORW: name:enp0s3: saddr:100932208: daddr:16783984
[  227.793851] AAAAA-TCP_FORW: name:enp0s3: saddr:100932208: daddr:33561200
[  228.012348] AAAAA-TCP_FORW: name:enp0s3: saddr:100932208: daddr:33561200
[  228.213943] AAAAA-TCP_FORW: name:enp0s3: saddr:100932208: daddr:33561200
[  228.230350] AAAAA-TCP_FORW: name:enp0s3: saddr:100932208: daddr:33561200
[  228.586752] AAAAA-TCP_FORW: name:enp0s3: saddr:100932208: daddr:33561200
[  228.671754] AAAAA-TCP_FORW: name:enp0s3: saddr:100932208: daddr:16783984
[  228.691730] AAAAA-TCP_FORW: name:enp0s3: saddr:100932208: daddr:16783984
[  228.822358] AAAAA-TCP_FORW: name:enp0s3: saddr:100932208: daddr:16783984
[  228.997189] AAAAA-TCP_FORW: name:enp0s3: saddr:100932208: daddr:16783984
[  229.149428] AAAAA-TCP_FORW: name:enp0s3: saddr:100932208: daddr:16783984
[  229.169713] AAAAA-TCP_FORW: name:enp0s3: saddr:100932208: daddr:16783984
[  229.635953] AAAAA-TCP_FORW: name:enp0s3: saddr:100932208: daddr:16783984
[  229.739464] AAAAA-TCP_FORW: name:enp0s3: saddr:100932208: daddr:16783984
[  230.004560] AAAAA-TCP_FORW: name:enp0s3: saddr:100932208: daddr:16783984
[  230.076885] AAAAA-TCP_FORW: name:enp0s3: saddr:100932208: daddr:16783984
[  230.283532] AAAAA-TCP_FORW: name:enp0s3: saddr:100932208: daddr:16783984
[  230.406581] AAAAA-TCP_FORW: name:enp0s3: saddr:100932208: daddr:16783984
[  230.409812] AAAAA-TCP_FORW: name:enp0s3: saddr:100932208: daddr:16783984
[  230.640675] AAAAA-TCP_FORW: name:enp0s3: saddr:100932208: daddr:16783984
[  230.687442] AAAAA-TCP_FORW: name:enp0s3: saddr:100932208: daddr:16783984
[  231.002015] AAAAA-TCP_FORW: name:enp0s3: saddr:100932208: daddr:16783984
[  231.061088] AAAAA-TCP_FORW: name:enp0s3: saddr:100932208: daddr:16783984
[  231.192831] AAAAA-TCP_FORW: name:enp0s3: saddr:100932208: daddr:16783984
[  231.196099] AAAAA-TCP_FORW: name:enp0s3: saddr:100932208: daddr:16783984
[  231.486384] AAAAA-TCP_FORW: name:enp0s3: saddr:100932208: daddr:16783984
[  231.489898] AAAAA-TCP_FORW: name:enp0s3: saddr:100932208: daddr:16783984
[  231.782537] AAAAA-TCP_FORW: name:enp0s3: saddr:100932208: daddr:16783984
[  231.919177] AAAAA-TCP_FORW: name:enp0s3: saddr:100932208: daddr:16783984
[  232.076090] AAAAA-TCP_FORW: name:enp0s3: saddr:100932208: daddr:16783984
[  232.155657] AAAAA-TCP_FORW: name:enp0s3: saddr:100932208: daddr:16783984
[  232.367289] AAAAA-TCP_FORW: name:enp0s3: saddr:100932208: daddr:33561200
[  232.496580] AAAAA-TCP_FORW: name:enp0s3: saddr:100932208: daddr:16783984
[  232.548996] AAAAA-TCP_FORW: name:enp0s3: saddr:100932208: daddr:16783984
[  232.740074] AAAAA-TCP_FORW: name:enp0s3: saddr:100932208: daddr:16783984
[  232.860900] AAAAA-TCP_FORW: name:enp0s3: saddr:100932208: daddr:16783984
[  233.299095] AAAAA-TCP_FORW: name:enp0s3: saddr:100932208: daddr:16783984
[  233.426083] AAAAA-TCP_FORW: name:enp0s3: saddr:100932208: daddr:16783984
[  233.728730] AAAAA-TCP_FORW: name:enp0s3: saddr:100932208: daddr:33561200
[  234.284398] AAAAA-TCP_FORW: name:enp0s3: saddr:100932208: daddr:16783984
[  234.384746] AAAAA-TCP_FORW: name:enp0s3: saddr:100932208: daddr:16783984
[  234.559559] AAAAA-TCP_FORW: name:enp0s3: saddr:100932208: daddr:33561200
[  234.641103] AAAAA-TCP_FORW: name:enp0s3: saddr:100932208: daddr:16783984
[  234.856423] AAAAA-TCP_FORW: name:enp0s3: saddr:100932208: daddr:16783984
[  234.966091] AAAAA-TCP_FORW: name:enp0s3: saddr:100932208: daddr:16783984
[  235.106945] AAAAA-TCP_FORW: name:enp0s3: saddr:100932208: daddr:16783984
[  235.235579] AAAAA-TCP_FORW: name:enp0s3: saddr:100932208: daddr:16783984
[  235.370863] AAAAA-TCP_FORW: name:enp0s3: saddr:100932208: daddr:16783984
[  235.487526] AAAAA-TCP_FORW: name:enp0s3: saddr:100932208: daddr:16783984
[  235.561841] AAAAA-TCP_FORW: name:enp0s3: saddr:100932208: daddr:16783984
[  235.701953] AAAAA-TCP_FORW: name:enp0s3: saddr:100932208: daddr:16783984
[  235.829969] AAAAA-TCP_FORW: name:enp0s3: saddr:100932208: daddr:16783984
[  235.890830] AAAAA-TCP_FORW: name:enp0s3: saddr:100932208: daddr:16783984
[  235.899588] AAAAA-TCP_FORW: name:enp0s3: saddr:100932208: daddr:16783984
[  236.272312] AAAAA-TCP_FORW: name:enp0s3: saddr:100932208: daddr:16783984
[  237.151081] AAAAA-TCP_FORW: name:enp0s3: saddr:100932208: daddr:16783984
[  237.238611] AAAAA-TCP_FORW: name:enp0s3: saddr:100932208: daddr:16783984
[  238.241567] AAAAA-TCP_FORW: name:enp0s3: saddr:100932208: daddr:33561200
[  239.606259] AAAAA-TCP_FORW: name:enp0s3: saddr:100932208: daddr:16783984
[  239.816161] AAAAA-TCP_FORW: name:enp0s3: saddr:100932208: daddr:16783984
[  239.914527] AAAAA-TCP_FORW: name:enp0s3: saddr:100932208: daddr:16783984
[  240.017368] AAAAA-TCP_FORW: name:enp0s3: saddr:100932208: daddr:16783984
[  240.136493] AAAAA-TCP_FORW: name:enp0s3: saddr:100932208: daddr:16783984
[  240.222287] AAAAA-TCP_FORW: name:enp0s3: saddr:100932208: daddr:16783984
[  240.347334] AAAAA-TCP_FORW: name:enp0s3: saddr:100932208: daddr:16783984
[  240.695339] AAAAA-TCP_FORW: name:enp0s3: saddr:100932208: daddr:16783984
[  240.870237] AAAAA-TCP_FORW: name:enp0s3: saddr:100932208: daddr:16783984
[  240.982643] AAAAA-TCP_FORW: name:enp0s3: saddr:100932208: daddr:16783984
[  241.086977] AAAAA-TCP_FORW: name:enp0s3: saddr:100932208: daddr:16783984
[  241.165073] AAAAA-TCP_FORW: name:enp0s3: saddr:100932208: daddr:16783984
[  241.461285] AAAAA-TCP_FORW: name:enp0s3: saddr:100932208: daddr:16783984
[  241.576730] AAAAA-TCP_FORW: name:enp0s3: saddr:100932208: daddr:16783984
[  242.332146] AAAAA-TCP_FORW: name:enp0s3: saddr:100932208: daddr:16783984
[  256.523191] AAAAA-TCP_FORW: name:enp0s3: saddr:100932208: daddr:16783984
[  256.818356] AAAAA-TCP_FORW: name:enp0s3: saddr:100932208: daddr:16783984
[  256.964821] AAAAA-TCP_FORW: name:enp0s3: saddr:100932208: daddr:16783984
[  257.046295] AAAAA-TCP_FORW: name:enp0s3: saddr:100932208: daddr:16783984
[  257.097186] AAAAA-TCP_FORW: name:enp0s3: saddr:100932208: daddr:16783984
[  257.344921] AAAAA-TCP_FORW: name:enp0s3: saddr:100932208: daddr:16783984
[  257.435142] AAAAA-TCP_FORW: name:enp0s3: saddr:100932208: daddr:16783984
[  257.535679] AAAAA-TCP_FORW: name:enp0s3: saddr:100932208: daddr:16783984
[  257.701481] AAAAA-TCP_FORW: name:enp0s3: saddr:100932208: daddr:16783984
[  257.932364] AAAAA-TCP_FORW: name:enp0s3: saddr:100932208: daddr:16783984
[  258.263022] AAAAA-TCP_FORW: name:enp0s3: saddr:100932208: daddr:16783984
[  258.389976] AAAAA-TCP_FORW: name:enp0s3: saddr:100932208: daddr:16783984
[  258.593217] AAAAA-TCP_FORW: name:enp0s3: saddr:100932208: daddr:16783984
[  258.741179] AAAAA-TCP_FORW: name:enp0s3: saddr:100932208: daddr:16783984
[  258.940161] AAAAA-TCP_FORW: name:enp0s3: saddr:100932208: daddr:16783984
[  259.190181] AAAAA-TCP_FORW: name:enp0s3: saddr:100932208: daddr:16783984
[  259.305866] AAAAA-TCP_FORW: name:enp0s3: saddr:100932208: daddr:16783984
[  259.445658] AAAAA-TCP_FORW: name:enp0s3: saddr:100932208: daddr:16783984
[  259.506524] AAAAA-TCP_FORW: name:enp0s3: saddr:100932208: daddr:16783984
[  259.671536] AAAAA-TCP_FORW: name:enp0s3: saddr:100932208: daddr:33561200
[  259.946935] AAAAA-TCP_FORW: name:enp0s3: saddr:100932208: daddr:33561200
[  260.153281] AAAAA-TCP_FORW: name:enp0s3: saddr:100932208: daddr:16783984
[  260.165522] AAAAA-TCP_FORW: name:enp0s3: saddr:16783984: daddr:100932208
[  260.293407] AAAAA-TCP_FORW: name:enp0s3: saddr:100932208: daddr:16783984
[  260.388988] AAAAA-TCP_FORW: name:enp0s3: saddr:100932208: daddr:33561200
[  260.437974] AAAAA-TCP_FORW: name:enp0s3: saddr:16783984: daddr:100932208
[  260.569750] AAAAA-TCP_FORW: name:enp0s3: saddr:33561200: daddr:100932208
[  260.612992] AAAAA-TCP_FORW: name:enp0s3: saddr:100932208: daddr:16783984
[  260.692346] AAAAA-TCP_FORW: name:enp0s3: saddr:100932208: daddr:33561200
[  260.767900] AAAAA-TCP_FORW: name:enp0s3: saddr:100932208: daddr:16783984
[  260.885205] AAAAA-TCP_FORW: name:enp0s3: saddr:100932208: daddr:33561200
[  260.997509] AAAAA-TCP_FORW: name:enp0s3: saddr:100932208: daddr:16783984
[  261.094504] AAAAA-TCP_FORW: name:enp0s3: saddr:16783984: daddr:100932208
[  261.110590] AAAAA-TCP_FORW: name:enp0s3: saddr:100932208: daddr:33561200
[  261.219912] AAAAA-TCP_FORW: name:enp0s3: saddr:100932208: daddr:33561200
[  261.269270] AAAAA-TCP_FORW: name:enp0s3: saddr:33561200: daddr:100932208
[  261.341207] AAAAA-TCP_FORW: name:enp0s3: saddr:100932208: daddr:16783984
[  261.416313] AAAAA-TCP_FORW: name:enp0s3: saddr:16783984: daddr:100932208
[  261.556212] AAAAA-TCP_FORW: name:enp0s3: saddr:33561200: daddr:100932208
[  261.598955] AAAAA-TCP_FORW: name:enp0s3: saddr:100932208: daddr:16783984
[  261.685181] AAAAA-TCP_FORW: name:enp0s3: saddr:100932208: daddr:33561200
[  261.800511] AAAAA-TCP_FORW: name:enp0s3: saddr:16783984: daddr:100932208
[  261.945581] AAAAA-TCP_FORW: name:enp0s3: saddr:100932208: daddr:33561200
[  262.090669] AAAAA-TCP_FORW: name:enp0s3: saddr:100932208: daddr:16783984
[  262.260495] AAAAA-TCP_FORW: name:enp0s3: saddr:33561200: daddr:100932208
[  262.369622] AAAAA-TCP_FORW: name:enp0s3: saddr:100932208: daddr:16783984
[  262.421703] AAAAA-TCP_FORW: name:enp0s3: saddr:33561200: daddr:100932208
[  262.467955] AAAAA-TCP_FORW: name:enp0s3: saddr:100932208: daddr:33561200
[  262.556585] AAAAA-TCP_FORW: name:enp0s3: saddr:100932208: daddr:16783984
[  262.723432] AAAAA-TCP_FORW: name:enp0s3: saddr:100932208: daddr:16783984
[  262.749752] AAAAA-TCP_FORW: name:enp0s3: saddr:100932208: daddr:16783984
[  262.793306] AAAAA-TCP_FORW: name:enp0s3: saddr:16783984: daddr:100932208
[  262.899350] AAAAA-TCP_FORW: name:enp0s3: saddr:100932208: daddr:16783984
[  262.911764] AAAAA-TCP_FORW: name:enp0s3: saddr:100932208: daddr:16783984
[  263.005146] AAAAA-TCP_FORW: name:enp0s3: saddr:100932208: daddr:16783984
[  263.176663] AAAAA-TCP_FORW: name:enp0s3: saddr:100932208: daddr:16783984
[  263.551268] AAAAA-TCP_FORW: name:enp0s3: saddr:100932208: daddr:16783984
[  263.619516] AAAAA-TCP_FORW: name:enp0s3: saddr:16783984: daddr:100932208
[  263.667819] AAAAA-TCP_FORW: name:enp0s3: saddr:100932208: daddr:16783984
[  263.778278] AAAAA-TCP_FORW: name:enp0s3: saddr:33561200: daddr:100932208
[  263.843877] AAAAA-TCP_FORW: name:enp0s3: saddr:100932208: daddr:16783984
[  263.846459] AAAAA-TCP_FORW: name:enp0s3: saddr:100932208: daddr:16783984
[  263.982622] AAAAA-TCP_FORW: name:enp0s3: saddr:100932208: daddr:16783984
[  264.050044] AAAAA-TCP_FORW: name:enp0s3: saddr:100932208: daddr:16783984
[  264.233004] AAAAA-TCP_FORW: name:enp0s3: saddr:100932208: daddr:16783984
[  264.314530] AAAAA-TCP_FORW: name:enp0s3: saddr:100932208: daddr:16783984
[  264.452235] AAAAA-TCP_FORW: name:enp0s3: saddr:33561200: daddr:100932208
[  264.513168] AAAAA-TCP_FORW: name:enp0s3: saddr:100932208: daddr:16783984
[  264.518530] AAAAA-TCP_FORW: name:enp0s3: saddr:100932208: daddr:16783984
[  264.589402] AAAAA-TCP_FORW: name:enp0s3: saddr:100932208: daddr:16783984
[  264.644478] AAAAA-TCP_FORW: name:enp0s3: saddr:100932208: daddr:16783984
[  264.722350] AAAAA-TCP_FORW: name:enp0s3: saddr:16783984: daddr:100932208
[  264.737130] AAAAA-TCP_FORW: name:enp0s3: saddr:100932208: daddr:16783984
[  264.786812] AAAAA-TCP_FORW: name:enp0s3: saddr:100932208: daddr:16783984
[  264.830759] AAAAA-TCP_FORW: name:enp0s3: saddr:100932208: daddr:16783984
[  264.928617] AAAAA-TCP_FORW: name:enp0s3: saddr:100932208: daddr:16783984
[  264.954104] AAAAA-TCP_FORW: name:enp0s3: saddr:100932208: daddr:16783984
[  265.092388] AAAAA-TCP_FORW: name:enp0s3: saddr:100932208: daddr:16783984
[  265.137851] AAAAA-TCP_FORW: name:enp0s3: saddr:16783984: daddr:100932208
[  265.197529] AAAAA-TCP_FORW: name:enp0s3: saddr:100932208: daddr:16783984
[  265.259792] AAAAA-TCP_FORW: name:enp0s3: saddr:33561200: daddr:100932208
[  265.313040] AAAAA-TCP_FORW: name:enp0s3: saddr:100932208: daddr:16783984
[  265.315613] AAAAA-TCP_FORW: name:enp0s3: saddr:100932208: daddr:16783984
[  265.347086] AAAAA-TCP_FORW: name:enp0s3: saddr:16783984: daddr:100932208
[  265.413137] AAAAA-TCP_FORW: name:enp0s3: saddr:100932208: daddr:16783984
[  265.461711] AAAAA-TCP_FORW: name:enp0s3: saddr:100932208: daddr:16783984
[  265.481417] AAAAA-TCP_FORW: name:enp0s3: saddr:16783984: daddr:100932208
[  265.541480] AAAAA-TCP_FORW: name:enp0s3: saddr:100932208: daddr:16783984
[  265.568452] AAAAA-TCP_FORW: name:enp0s3: saddr:16783984: daddr:100932208
[  265.603286] AAAAA-TCP_FORW: name:enp0s3: saddr:100932208: daddr:16783984
[  265.687329] AAAAA-TCP_FORW: name:enp0s3: saddr:100932208: daddr:16783984
[  265.715100] AAAAA-TCP_FORW: name:enp0s3: saddr:100932208: daddr:16783984
[  265.771032] AAAAA-TCP_FORW: name:enp0s3: saddr:100932208: daddr:33561200
[  265.925579] AAAAA-TCP_FORW: name:enp0s3: saddr:100932208: daddr:33561200
[  266.033394] AAAAA-TCP_FORW: name:enp0s3: saddr:100932208: daddr:33561200
[  266.092702] AAAAA-TCP_FORW: name:enp0s3: saddr:16783984: daddr:100932208
[  266.184326] AAAAA-TCP_FORW: name:enp0s3: saddr:16783984: daddr:100932208
[  266.307366] AAAAA-TCP_FORW: name:enp0s3: saddr:100932208: daddr:16783984
[  266.322784] AAAAA-TCP_FORW: name:enp0s3: saddr:16783984: daddr:100932208
[  266.411903] AAAAA-TCP_FORW: name:enp0s3: saddr:16783984: daddr:100932208
[  266.450008] AAAAA-TCP_FORW: name:enp0s3: saddr:100932208: daddr:16783984
[  266.491673] AAAAA-TCP_FORW: name:enp0s3: saddr:100932208: daddr:16783984
[  266.509177] AAAAA-TCP_FORW: name:enp0s3: saddr:16783984: daddr:100932208
[  266.675433] AAAAA-TCP_FORW: name:enp0s3: saddr:100932208: daddr:16783984
[  266.875699] AAAAA-TCP_FORW: name:enp0s3: saddr:16783984: daddr:100932208
[  266.915571] AAAAA-TCP_FORW: name:enp0s3: saddr:100932208: daddr:33561200
[  266.926197] AAAAA-TCP_FORW: name:enp0s3: saddr:16783984: daddr:100932208
[  267.009441] AAAAA-TCP_FORW: name:enp0s3: saddr:100932208: daddr:33561200
[  267.023783] AAAAA-TCP_FORW: name:enp0s3: saddr:16783984: daddr:100932208
[  267.050578] AAAAA-TCP_FORW: name:enp0s3: saddr:16783984: daddr:100932208
[  267.122514] AAAAA-TCP_FORW: name:enp0s3: saddr:100932208: daddr:16783984
[  269.699117] AAAAA-TCP_FORW: name:enp0s3: saddr:100932208: daddr:16783984
[  269.801219] AAAAA-TCP_FORW: name:enp0s3: saddr:100932208: daddr:16783984
[  270.093541] AAAAA-TCP_FORW: name:enp0s3: saddr:100932208: daddr:16783984
[  270.520756] AAAAA-TCP_FORW: name:enp0s3: saddr:100932208: daddr:16783984
[  270.637140] AAAAA-TCP_FORW: name:enp0s3: saddr:100932208: daddr:16783984
[  270.759918] AAAAA-TCP_FORW: name:enp0s3: saddr:100932208: daddr:16783984
[  270.905490] AAAAA-TCP_FORW: name:enp0s3: saddr:100932208: daddr:16783984
[  271.606514] AAAAA-TCP_FORW: name:enp0s3: saddr:100932208: daddr:16783984
[  271.810161] AAAAA-TCP_FORW: name:enp0s3: saddr:100932208: daddr:33561200
[  271.977409] AAAAA-TCP_FORW: name:enp0s3: saddr:100932208: daddr:33561200
[  272.448471] AAAAA-TCP_FORW: name:enp0s3: saddr:100932208: daddr:16783984
[  272.903544] AAAAA-TCP_FORW: name:enp0s3: saddr:100932208: daddr:33561200
[  273.015665] AAAAA-TCP_FORW: name:enp0s3: saddr:100932208: daddr:33561200
[  273.299507] AAAAA-TCP_FORW: name:enp0s3: saddr:100932208: daddr:16783984
[  273.332665] AAAAA-TCP_FORW: name:enp0s3: saddr:100932208: daddr:16783984
[  273.710362] AAAAA-TCP_FORW: name:enp0s3: saddr:100932208: daddr:16783984
[  273.937056] AAAAA-TCP_FORW: name:enp0s3: saddr:100932208: daddr:16783984
[  274.335749] AAAAA-TCP_FORW: name:enp0s3: saddr:100932208: daddr:16783984
[  274.617132] AAAAA-TCP_FORW: name:enp0s3: saddr:100932208: daddr:16783984
[  274.734578] AAAAA-TCP_FORW: name:enp0s3: saddr:100932208: daddr:16783984
[  275.922376] AAAAA-TCP_FORW: name:enp0s3: saddr:100932208: daddr:33561200
[  276.027317] AAAAA-TCP_FORW: name:enp0s3: saddr:100932208: daddr:33561200
[  276.085339] AAAAA-TCP_FORW: name:enp0s3: saddr:100932208: daddr:33561200
[  276.156928] AAAAA-TCP_FORW: name:enp0s3: saddr:100932208: daddr:33561200
[  277.574747] AAAAA-TCP_FORW: name:enp0s3: saddr:100932208: daddr:33561200
[  277.682019] AAAAA-TCP_FORW: name:enp0s3: saddr:100932208: daddr:33561200
[  279.483139] AAAAA-TCP_FORW: name:enp0s3: saddr:100932208: daddr:16783984
[  285.259426] AAAAA-TCP_FORW: name:enp0s3: saddr:100932208: daddr:33561200
[  285.307419] AAAAA-TCP_FORW: name:enp0s3: saddr:100932208: daddr:33561200
[  285.362998] AAAAA-TCP_FORW: name:enp0s3: saddr:100932208: daddr:33561200
[  285.410497] AAAAA-TCP_FORW: name:enp0s3: saddr:100932208: daddr:33561200
[  285.461742] AAAAA-TCP_FORW: name:enp0s3: saddr:100932208: daddr:33561200
[  285.537117] AAAAA-TCP_FORW: name:enp0s3: saddr:100932208: daddr:33561200
[  285.606372] AAAAA-TCP_FORW: name:enp0s3: saddr:100932208: daddr:33561200
[  285.645321] AAAAA-TCP_FORW: name:enp0s3: saddr:100932208: daddr:33561200
[  285.702780] AAAAA-TCP_FORW: name:enp0s3: saddr:100932208: daddr:33561200
[  285.772710] AAAAA-TCP_FORW: name:enp0s3: saddr:100932208: daddr:33561200
[  285.844306] AAAAA-TCP_FORW: name:enp0s3: saddr:100932208: daddr:33561200
[  285.916550] AAAAA-TCP_FORW: name:enp0s3: saddr:100932208: daddr:33561200
[  285.990716] AAAAA-TCP_FORW: name:enp0s3: saddr:100932208: daddr:33561200
[  286.050069] AAAAA-TCP_FORW: name:enp0s3: saddr:100932208: daddr:33561200
[  286.158623] AAAAA-TCP_FORW: name:enp0s3: saddr:100932208: daddr:33561200
[  286.214938] AAAAA-TCP_FORW: name:enp0s3: saddr:100932208: daddr:33561200
[  286.279150] AAAAA-TCP_FORW: name:enp0s3: saddr:100932208: daddr:16783984
[  286.393233] AAAAA-TCP_FORW: name:enp0s3: saddr:100932208: daddr:16783984
[  286.502758] AAAAA-TCP_FORW: name:enp0s3: saddr:100932208: daddr:16783984
[  286.580373] AAAAA-TCP_FORW: name:enp0s3: saddr:100932208: daddr:16783984
[  286.629793] AAAAA-TCP_FORW: name:enp0s3: saddr:100932208: daddr:16783984
[  286.726979] AAAAA-TCP_FORW: name:enp0s3: saddr:100932208: daddr:16783984
[  286.774740] AAAAA-TCP_FORW: name:enp0s3: saddr:100932208: daddr:16783984
[  286.885795] AAAAA-TCP_FORW: name:enp0s3: saddr:100932208: daddr:16783984
[  286.957997] AAAAA-TCP_FORW: name:enp0s3: saddr:100932208: daddr:16783984
[  287.149983] AAAAA-TCP_FORW: name:enp0s3: saddr:100932208: daddr:16783984
[  287.178187] AAAAA-TCP_FORW: name:enp0s3: saddr:100932208: daddr:16783984
[  287.197121] AAAAA-TCP_FORW: name:enp0s3: saddr:100932208: daddr:16783984
[  287.251402] AAAAA-TCP_FORW: name:enp0s3: saddr:100932208: daddr:16783984
[  287.296704] AAAAA-TCP_FORW: name:enp0s3: saddr:100932208: daddr:16783984
[  287.331923] AAAAA-TCP_FORW: name:enp0s3: saddr:100932208: daddr:16783984
[  287.375832] AAAAA-TCP_FORW: name:enp0s3: saddr:100932208: daddr:16783984
[  287.412046] AAAAA-TCP_FORW: name:enp0s3: saddr:100932208: daddr:16783984
[  287.444739] AAAAA-TCP_FORW: name:enp0s3: saddr:100932208: daddr:16783984
[  287.485534] AAAAA-TCP_FORW: name:enp0s3: saddr:100932208: daddr:16783984
[  287.537073] AAAAA-TCP_FORW: name:enp0s3: saddr:100932208: daddr:16783984
[  287.561315] AAAAA-TCP_FORW: name:enp0s3: saddr:100932208: daddr:16783984
[  475.827117] rfkill: input handler enabled
[  484.696890] rfkill: input handler disabled
[  643.504359] device enp0s3 left promiscuous mode
