[    0.000000] Linux version 5.4.243-mptcp (root@ztg) (gcc version 12.2.0 (Debian 12.2.0-14+deb12u1)) #53 SMP Wed Dec 24 23:28:15 CST 2025
[    0.000000] Command line: BOOT_IMAGE=/boot/vmlinuz-5.4.243-mptcp root=UUID=98415a12-53b7-4144-8265-0f7ece09e445 ro quiet splash
[    0.000000] KERNEL supported cpus:
[    0.000000]   Intel GenuineIntel
[    0.000000]   AMD AuthenticAMD
[    0.000000]   Hygon HygonGenuine
[    0.000000]   Centaur CentaurHauls
[    0.000000]   zhaoxin   Shanghai  
[    0.000000] x86/fpu: Supporting XSAVE feature 0x001: 'x87 floating point registers'
[    0.000000] x86/fpu: Supporting XSAVE feature 0x002: 'SSE registers'
[    0.000000] x86/fpu: Supporting XSAVE feature 0x004: 'AVX registers'
[    0.000000] x86/fpu: xstate_offset[2]:  576, xstate_sizes[2]:  256
[    0.000000] x86/fpu: Enabled xstate features 0x7, context size is 832 bytes, using 'standard' format.
[    0.000000] BIOS-provided physical RAM map:
[    0.000000] BIOS-e820: [mem 0x0000000000000000-0x000000000009fbff] usable
[    0.000000] BIOS-e820: [mem 0x000000000009fc00-0x000000000009ffff] reserved
[    0.000000] BIOS-e820: [mem 0x00000000000f0000-0x00000000000fffff] reserved
[    0.000000] BIOS-e820: [mem 0x0000000000100000-0x000000007ffeffff] usable
[    0.000000] BIOS-e820: [mem 0x000000007fff0000-0x000000007fffffff] ACPI data
[    0.000000] BIOS-e820: [mem 0x00000000fec00000-0x00000000fec00fff] reserved
[    0.000000] BIOS-e820: [mem 0x00000000fee00000-0x00000000fee00fff] reserved
[    0.000000] BIOS-e820: [mem 0x00000000fffc0000-0x00000000ffffffff] reserved
[    0.000000] NX (Execute Disable) protection: active
[    0.000000] SMBIOS 2.5 present.
[    0.000000] DMI: innotek GmbH VirtualBox/VirtualBox, BIOS VirtualBox 12/01/2006
[    0.000000] Hypervisor detected: KVM
[    0.000000] kvm-clock: Using msrs 4b564d01 and 4b564d00
[    0.000000] kvm-clock: cpu 0, msr 6c601001, primary cpu clock
[    0.000000] kvm-clock: using sched offset of 4416485395 cycles
[    0.000003] clocksource: kvm-clock: mask: 0xffffffffffffffff max_cycles: 0x1cd42e4dffb, max_idle_ns: 881590591483 ns
[    0.000005] tsc: Detected 2100.000 MHz processor
[    0.001941] e820: update [mem 0x00000000-0x00000fff] usable ==> reserved
[    0.001943] e820: remove [mem 0x000a0000-0x000fffff] usable
[    0.001947] last_pfn = 0x7fff0 max_arch_pfn = 0x400000000
[    0.002016] MTRR default type: uncachable
[    0.002017] MTRR fixed ranges enabled:
[    0.002018]   00000-9FFFF write-back
[    0.002019]   A0000-BFFFF uncachable
[    0.002020]   C0000-FFFFF write-protect
[    0.002021] MTRR variable ranges enabled:
[    0.002022]   0 base 000000000000 mask 3FFF80000000 write-back
[    0.002023]   1 disabled
[    0.002023]   2 disabled
[    0.002024]   3 disabled
[    0.002024]   4 disabled
[    0.002024]   5 disabled
[    0.002025]   6 disabled
[    0.002025]   7 disabled
[    0.002026]   8 disabled
[    0.002026]   9 disabled
[    0.002026]   10 disabled
[    0.002027]   11 disabled
[    0.002027]   12 disabled
[    0.002028]   13 disabled
[    0.002028]   14 disabled
[    0.002029]   15 disabled
[    0.002046] x86/PAT: Configuration [0-7]: WB  WC  UC- UC  WB  WP  UC- WT  
[    0.002179] found SMP MP-table at [mem 0x0009fff0-0x0009ffff]
[    0.094248] check: Scanning 1 areas for low memory corruption
[    0.094495] RAMDISK: [mem 0x32271000-0x3512ffff]
[    0.094504] ACPI: Early table checksum verification disabled
[    0.094510] ACPI: RSDP 0x00000000000E0000 000024 (v02 VBOX  )
[    0.094515] ACPI: XSDT 0x000000007FFF0030 00003C (v01 VBOX   VBOXXSDT 00000001 ASL  00000061)
[    0.094521] ACPI: FACP 0x000000007FFF00F0 0000F4 (v04 VBOX   VBOXFACP 00000001 ASL  00000061)
[    0.094528] ACPI: DSDT 0x000000007FFF02E0 002353 (v02 VBOX   VBOXBIOS 00000002 VBOX 00029BF3)
[    0.094532] ACPI: FACS 0x000000007FFF0200 000040
[    0.094535] ACPI: FACS 0x000000007FFF0200 000040
[    0.094539] ACPI: APIC 0x000000007FFF0240 000054 (v02 VBOX   VBOXAPIC 00000001 ASL  00000061)
[    0.094542] ACPI: SSDT 0x000000007FFF02A0 000038 (v01 VBOX   VBOXCPUT 00000002 VBOX 00029BF3)
[    0.094546] ACPI: Reserving FACP table memory at [mem 0x7fff00f0-0x7fff01e3]
[    0.094547] ACPI: Reserving DSDT table memory at [mem 0x7fff02e0-0x7fff2632]
[    0.094547] ACPI: Reserving FACS table memory at [mem 0x7fff0200-0x7fff023f]
[    0.094548] ACPI: Reserving FACS table memory at [mem 0x7fff0200-0x7fff023f]
[    0.094549] ACPI: Reserving APIC table memory at [mem 0x7fff0240-0x7fff0293]
[    0.094550] ACPI: Reserving SSDT table memory at [mem 0x7fff02a0-0x7fff02d7]
[    0.094563] ACPI: Local APIC address 0xfee00000
[    0.094748] No NUMA configuration found
[    0.094749] Faking a node at [mem 0x0000000000000000-0x000000007ffeffff]
[    0.094759] NODE_DATA(0) allocated [mem 0x7ffc5000-0x7ffeffff]
[    0.095021] Zone ranges:
[    0.095022]   DMA      [mem 0x0000000000001000-0x0000000000ffffff]
[    0.095023]   DMA32    [mem 0x0000000001000000-0x000000007ffeffff]
[    0.095024]   Normal   empty
[    0.095024]   Device   empty
[    0.095025] Movable zone start for each node
[    0.095027] Early memory node ranges
[    0.095028]   node   0: [mem 0x0000000000001000-0x000000000009efff]
[    0.095029]   node   0: [mem 0x0000000000100000-0x000000007ffeffff]
[    0.095032] Zeroed struct page in unavailable ranges: 114 pages
[    0.095033] Initmem setup node 0 [mem 0x0000000000001000-0x000000007ffeffff]
[    0.095034] On node 0 totalpages: 524174
[    0.095035]   DMA zone: 64 pages used for memmap
[    0.095036]   DMA zone: 21 pages reserved
[    0.095037]   DMA zone: 3998 pages, LIFO batch:0
[    0.095109]   DMA32 zone: 8128 pages used for memmap
[    0.095109]   DMA32 zone: 520176 pages, LIFO batch:63
[    0.104382] ACPI: PM-Timer IO Port: 0x4008
[    0.104386] ACPI: Local APIC address 0xfee00000
[    0.104456] IOAPIC[0]: apic_id 1, version 32, address 0xfec00000, GSI 0-23
[    0.104460] ACPI: INT_SRC_OVR (bus 0 bus_irq 0 global_irq 2 dfl dfl)
[    0.104462] ACPI: INT_SRC_OVR (bus 0 bus_irq 9 global_irq 9 low level)
[    0.104464] ACPI: IRQ0 used by override.
[    0.104465] ACPI: IRQ9 used by override.
[    0.104467] Using ACPI (MADT) for SMP configuration information
[    0.104474] smpboot: Allowing 1 CPUs, 0 hotplug CPUs
[    0.104497] PM: Registered nosave memory: [mem 0x00000000-0x00000fff]
[    0.104498] PM: Registered nosave memory: [mem 0x0009f000-0x0009ffff]
[    0.104499] PM: Registered nosave memory: [mem 0x000a0000-0x000effff]
[    0.104500] PM: Registered nosave memory: [mem 0x000f0000-0x000fffff]
[    0.104501] [mem 0x80000000-0xfebfffff] available for PCI devices
[    0.104502] Booting paravirtualized kernel on KVM
[    0.104505] clocksource: refined-jiffies: mask: 0xffffffff max_cycles: 0xffffffff, max_idle_ns: 7645519600211568 ns
[    0.104510] setup_percpu: NR_CPUS:8192 nr_cpumask_bits:1 nr_cpu_ids:1 nr_node_ids:1
[    0.105549] percpu: Embedded 60 pages/cpu s208896 r8192 d28672 u2097152
[    0.105554] pcpu-alloc: s208896 r8192 d28672 u2097152 alloc=1*2097152
[    0.105555] pcpu-alloc: [0] 0 
[    0.105582] Built 1 zonelists, mobility grouping on.  Total pages: 515961
[    0.105583] Policy zone: DMA32
[    0.105585] Kernel command line: BOOT_IMAGE=/boot/vmlinuz-5.4.243-mptcp root=UUID=98415a12-53b7-4144-8265-0f7ece09e445 ro quiet splash
[    0.106442] Dentry cache hash table entries: 262144 (order: 9, 2097152 bytes, linear)
[    0.106590] Inode-cache hash table entries: 131072 (order: 8, 1048576 bytes, linear)
[    0.106640] mem auto-init: stack:off, heap alloc:on, heap free:off
[    0.106643] Calgary: detecting Calgary via BIOS EBDA area
[    0.106644] Calgary: Unable to locate Rio Grande table in EBDA - bailing!
[    0.110911] Memory: 1967332K/2096696K available (14339K kernel code, 2398K rwdata, 4712K rodata, 2728K init, 17260K bss, 129364K reserved, 0K cma-reserved)
[    0.111843] SLUB: HWalign=64, Order=0-3, MinObjects=0, CPUs=1, Nodes=1
[    0.111860] ftrace: allocating 43186 entries in 169 pages
[    0.130283] rcu: Hierarchical RCU implementation.
[    0.130285] rcu: 	RCU restricting CPUs from NR_CPUS=8192 to nr_cpu_ids=1.
[    0.130286] 	Tasks RCU enabled.
[    0.130287] rcu: RCU calculated value of scheduler-enlistment delay is 25 jiffies.
[    0.130288] rcu: Adjusting geometry for rcu_fanout_leaf=16, nr_cpu_ids=1
[    0.133381] NR_IRQS: 524544, nr_irqs: 256, preallocated irqs: 16
[    0.133601] random: crng init done
[    0.143077] Console: colour VGA+ 80x25
[    0.143082] printk: console [tty0] enabled
[    0.143106] ACPI: Core revision 20190816
[    0.143211] APIC: Switch to symmetric I/O mode setup
[    0.143481] x2apic enabled
[    0.143743] Switched APIC routing to physical x2apic.
[    0.144895] ..TIMER: vector=0x30 apic1=0 pin1=2 apic2=-1 pin2=-1
[    0.144921] clocksource: tsc-early: mask: 0xffffffffffffffff max_cycles: 0x1e4530a99b6, max_idle_ns: 440795257976 ns
[    0.144927] Calibrating delay loop (skipped) preset value.. 4200.00 BogoMIPS (lpj=8400000)
[    0.144930] pid_max: default: 32768 minimum: 301
[    0.144962] LSM: Security Framework initializing
[    0.144973] Yama: becoming mindful.
[    0.145001] AppArmor: AppArmor initialized
[    0.145037] Mount-cache hash table entries: 4096 (order: 3, 32768 bytes, linear)
[    0.145044] Mountpoint-cache hash table entries: 4096 (order: 3, 32768 bytes, linear)
[    0.145055] *** VALIDATE tmpfs ***
[    0.145184] *** VALIDATE proc ***
[    0.145224] *** VALIDATE cgroup1 ***
[    0.145226] *** VALIDATE cgroup2 ***
[    0.145367] process: using mwait in idle threads
[    0.145372] Last level iTLB entries: 4KB 64, 2MB 8, 4MB 8
[    0.145372] Last level dTLB entries: 4KB 64, 2MB 0, 4MB 0, 1GB 4
[    0.145393] Spectre V1 : Mitigation: usercopy/swapgs barriers and __user pointer sanitization
[    0.145398] Spectre V2 : Mitigation: Retpolines
[    0.145398] Spectre V2 : Spectre v2 / SpectreRSB mitigation: Filling RSB on context switch
[    0.145399] Spectre V2 : Spectre v2 / SpectreRSB : Filling RSB on VMEXIT
[    0.145400] RETBleed: WARNING: Spectre v2 mitigation leaves CPU vulnerable to RETBleed attacks, data leaks possible!
[    0.145792] RETBleed: Vulnerable
[    0.145793] Speculative Store Bypass: Vulnerable
[    0.145798] TAA: Mitigation: TSX disabled
[    0.145798] MMIO Stale Data: Mitigation: Clear CPU buffers
[    0.150139] Freeing SMP alternatives memory: 40K
[    0.262874] smpboot: CPU0: Intel(R) Xeon(R) Silver 4216 CPU @ 2.10GHz (family: 0x6, model: 0x55, stepping: 0x7)
[    0.263054] Performance Events: unsupported p6 CPU model 85 no PMU driver, software events only.
[    0.263103] rcu: Hierarchical SRCU implementation.
[    0.263661] NMI watchdog: Perf NMI watchdog permanently disabled
[    0.263703] smp: Bringing up secondary CPUs ...
[    0.263704] smp: Brought up 1 node, 1 CPU
[    0.263705] smpboot: Max logical packages: 1
[    0.263706] smpboot: Total of 1 processors activated (4200.00 BogoMIPS)
[    0.264799] devtmpfs: initialized
[    0.264861] x86/mm: Memory block size: 128MB
[    0.264923] clocksource: jiffies: mask: 0xffffffff max_cycles: 0xffffffff, max_idle_ns: 7645041785100000 ns
[    0.264923] futex hash table entries: 256 (order: 2, 16384 bytes, linear)
[    0.264923] pinctrl core: initialized pinctrl subsystem
[    0.264923] PM: RTC time: 20:53:38, date: 2026-01-19
[    0.264923] NET: Registered protocol family 16
[    0.264923] audit: initializing netlink subsys (disabled)
[    0.264923] EISA bus registered
[    0.264923] cpuidle: using governor ladder
[    0.264923] cpuidle: using governor menu
[    0.264923] ACPI: bus type PCI registered
[    0.264923] acpiphp: ACPI Hot Plug PCI Controller Driver version: 0.5
[    0.264923] PCI: Using configuration type 1 for base access
[    0.265849] audit: type=2000 audit(1768827224.367:1): state=initialized audit_enabled=0 res=1
[    0.265940] HugeTLB registered 2.00 MiB page size, pre-allocated 0 pages
[    0.266966] ACPI: Added _OSI(Module Device)
[    0.266968] ACPI: Added _OSI(Processor Device)
[    0.266968] ACPI: Added _OSI(3.0 _SCP Extensions)
[    0.266969] ACPI: Added _OSI(Processor Aggregator Device)
[    0.266971] ACPI: Added _OSI(Linux-Dell-Video)
[    0.266972] ACPI: Added _OSI(Linux-Lenovo-NV-HDMI-Audio)
[    0.266973] ACPI: Added _OSI(Linux-HPI-Hybrid-Graphics)
[    0.269180] ACPI: 2 ACPI AML tables successfully acquired and loaded
[    0.271015] ACPI: Interpreter enabled
[    0.271028] ACPI: (supports S0 S5)
[    0.271030] ACPI: Using IOAPIC for interrupt routing
[    0.271299] PCI: Using host bridge windows from ACPI; if necessary, use "pci=nocrs" and report a bug
[    0.271436] ACPI: Enabled 2 GPEs in block 00 to 07
[    0.278081] ACPI: PCI Root Bridge [PCI0] (domain 0000 [bus 00-ff])
[    0.278086] acpi PNP0A03:00: _OSC: OS supports [ASPM ClockPM Segments MSI HPX-Type3]
[    0.278551] acpi PNP0A03:00: _OSC: not requesting OS control; OS requires [ExtendedConfig ASPM ClockPM MSI]
[    0.278560] acpi PNP0A03:00: fail to add MMCONFIG information, can't access extended PCI configuration space under this bridge.
[    0.278965] PCI host bridge to bus 0000:00
[    0.278968] pci_bus 0000:00: root bus resource [io  0x0000-0x0cf7 window]
[    0.278970] pci_bus 0000:00: root bus resource [io  0x0d00-0xffff window]
[    0.278971] pci_bus 0000:00: root bus resource [mem 0x000a0000-0x000bffff window]
[    0.278973] pci_bus 0000:00: root bus resource [mem 0x80000000-0xfdffffff window]
[    0.278975] pci_bus 0000:00: root bus resource [bus 00-ff]
[    0.279021] pci 0000:00:00.0: [8086:1237] type 00 class 0x060000
[    0.279971] pci 0000:00:01.0: [8086:7000] type 00 class 0x060100
[    0.280793] pci 0000:00:01.1: [8086:7111] type 00 class 0x01018a
[    0.281199] pci 0000:00:01.1: reg 0x20: [io  0xd000-0xd00f]
[    0.281357] pci 0000:00:01.1: legacy IDE quirk: reg 0x10: [io  0x01f0-0x01f7]
[    0.281358] pci 0000:00:01.1: legacy IDE quirk: reg 0x14: [io  0x03f6]
[    0.281359] pci 0000:00:01.1: legacy IDE quirk: reg 0x18: [io  0x0170-0x0177]
[    0.281360] pci 0000:00:01.1: legacy IDE quirk: reg 0x1c: [io  0x0376]
[    0.281913] pci 0000:00:02.0: [15ad:0405] type 00 class 0x030000
[    0.285004] pci 0000:00:02.0: reg 0x10: [io  0xd010-0xd01f]
[    0.287954] pci 0000:00:02.0: reg 0x14: [mem 0xe0000000-0xe7ffffff pref]
[    0.290769] pci 0000:00:02.0: reg 0x18: [mem 0xf0000000-0xf01fffff]
[    0.301767] pci 0000:00:03.0: [1022:2000] type 00 class 0x020000
[    0.302526] pci 0000:00:03.0: reg 0x10: [io  0xd020-0xd03f]
[    0.303187] pci 0000:00:03.0: reg 0x14: [mem 0xf0200000-0xf0200fff]
[    0.306340] pci 0000:00:04.0: [80ee:cafe] type 00 class 0x088000
[    0.307013] pci 0000:00:04.0: reg 0x10: [io  0xd040-0xd05f]
[    0.307635] pci 0000:00:04.0: reg 0x14: [mem 0xf0400000-0xf07fffff]
[    0.309041] pci 0000:00:04.0: reg 0x18: [mem 0xf0800000-0xf0803fff pref]
[    0.312608] pci 0000:00:07.0: [8086:7113] type 00 class 0x068000
[    0.313246] pci 0000:00:07.0: quirk: [io  0x4000-0x403f] claimed by PIIX4 ACPI
[    0.313257] pci 0000:00:07.0: quirk: [io  0x4100-0x410f] claimed by PIIX4 SMB
[    0.313875] pci 0000:00:08.0: [8086:100e] type 00 class 0x020000
[    0.314590] pci 0000:00:08.0: reg 0x10: [mem 0xf0820000-0xf083ffff]
[    0.315749] pci 0000:00:08.0: reg 0x18: [io  0xd060-0xd067]
[    0.318579] pci 0000:00:09.0: [8086:100e] type 00 class 0x020000
[    0.319289] pci 0000:00:09.0: reg 0x10: [mem 0xf0840000-0xf085ffff]
[    0.321040] pci 0000:00:09.0: reg 0x18: [io  0xd068-0xd06f]
[    0.330025] ACPI: PCI Interrupt Link [LNKA] (IRQs 5 9 10 *11)
[    0.330305] ACPI: PCI Interrupt Link [LNKB] (IRQs 5 9 *10 11)
[    0.330411] ACPI: PCI Interrupt Link [LNKC] (IRQs 5 *9 10 11)
[    0.330511] ACPI: PCI Interrupt Link [LNKD] (IRQs 5 9 10 *11)
[    0.333121] iommu: Default domain type: Translated 
[    0.333181] pci 0000:00:02.0: vgaarb: setting as boot VGA device
[    0.333183] pci 0000:00:02.0: vgaarb: VGA device added: decodes=io+mem,owns=io+mem,locks=none
[    0.333185] pci 0000:00:02.0: vgaarb: bridge control possible
[    0.333185] vgaarb: loaded
[    0.333402] SCSI subsystem initialized
[    0.333433] libata version 3.00 loaded.
[    0.333453] ACPI: bus type USB registered
[    0.333469] usbcore: registered new interface driver usbfs
[    0.333475] usbcore: registered new interface driver hub
[    0.333480] usbcore: registered new device driver usb
[    0.333508] pps_core: LinuxPPS API ver. 1 registered
[    0.333509] pps_core: Software ver. 5.3.6 - Copyright 2005-2007 Rodolfo Giometti <giometti@linux.it>
[    0.333511] PTP clock support registered
[    0.333548] EDAC MC: Ver: 3.0.0
[    0.333851] PCI: Using ACPI for IRQ routing
[    0.333852] PCI: pci_cache_line_size set to 64 bytes
[    0.334024] e820: reserve RAM buffer [mem 0x0009fc00-0x0009ffff]
[    0.334027] e820: reserve RAM buffer [mem 0x7fff0000-0x7fffffff]
[    0.334829] NetLabel: Initializing
[    0.334830] NetLabel:  domain hash size = 128
[    0.334830] NetLabel:  protocols = UNLABELED CIPSOv4 CALIPSO
[    0.334850] NetLabel:  unlabeled traffic allowed by default
[    0.335778] clocksource: Switched to clocksource kvm-clock
[    0.347816] *** VALIDATE bpf ***
[    0.347882] VFS: Disk quotas dquot_6.6.0
[    0.347895] VFS: Dquot-cache hash table entries: 512 (order 0, 4096 bytes)
[    0.347918] *** VALIDATE ramfs ***
[    0.347921] *** VALIDATE hugetlbfs ***
[    0.348005] AppArmor: AppArmor Filesystem Enabled
[    0.348033] pnp: PnP ACPI init
[    0.348106] pnp 00:00: Plug and Play ACPI device, IDs PNP0303 (active)
[    0.348172] pnp 00:01: Plug and Play ACPI device, IDs PNP0f03 (active)
[    0.348918] pnp: PnP ACPI: found 2 devices
[    0.349877] thermal_sys: Registered thermal governor 'fair_share'
[    0.349878] thermal_sys: Registered thermal governor 'bang_bang'
[    0.349879] thermal_sys: Registered thermal governor 'step_wise'
[    0.349879] thermal_sys: Registered thermal governor 'user_space'
[    0.349880] thermal_sys: Registered thermal governor 'power_allocator'
[    0.354394] clocksource: acpi_pm: mask: 0xffffff max_cycles: 0xffffff, max_idle_ns: 2085701024 ns
[    0.354437] pci_bus 0000:00: resource 4 [io  0x0000-0x0cf7 window]
[    0.354439] pci_bus 0000:00: resource 5 [io  0x0d00-0xffff window]
[    0.354440] pci_bus 0000:00: resource 6 [mem 0x000a0000-0x000bffff window]
[    0.354441] pci_bus 0000:00: resource 7 [mem 0x80000000-0xfdffffff window]
[    0.354506] NET: Registered protocol family 2
[    0.354582] IP idents hash table entries: 32768 (order: 6, 262144 bytes, linear)
[    0.355013] MPTCP tokens hash table entries: 8192 (order: 4, 65536 bytes, linear)
[    0.355033] MPTCP request tokens hash table entries: 8192 (order: 4, 65536 bytes, linear)
[    0.355058] default registered
[    0.355059] default registered
[    0.355059] MPTCP: Stable release v0.96
[    0.355064] tcp_listen_portaddr_hash hash table entries: 1024 (order: 2, 16384 bytes, linear)
[    0.355145] TCP established hash table entries: 16384 (order: 5, 131072 bytes, linear)
[    0.355211] TCP bind hash table entries: 16384 (order: 6, 262144 bytes, linear)
[    0.355236] TCP: Hash tables configured (established 16384 bind 16384)
[    0.355980] UDP hash table entries: 1024 (order: 3, 32768 bytes, linear)
[    0.355991] UDP-Lite hash table entries: 1024 (order: 3, 32768 bytes, linear)
[    0.356029] NET: Registered protocol family 1
[    0.356038] NET: Registered protocol family 44
[    0.356060] pci 0000:00:00.0: Limiting direct PCI/PCI transfers
[    0.356074] pci 0000:00:01.0: Activating ISA DMA hang workarounds
[    0.356130] pci 0000:00:02.0: Video device with shadowed ROM at [mem 0x000c0000-0x000dffff]
[    0.356192] PCI: CLS 0 bytes, default 64
[    0.356241] Trying to unpack rootfs image as initramfs...
[    0.527421] Freeing initrd memory: 47868K
[    0.527421] clocksource: tsc: mask: 0xffffffffffffffff max_cycles: 0x1e4530a99b6, max_idle_ns: 440795257976 ns
[    0.527421] clocksource: Switched to clocksource tsc
[    0.527421] platform rtc_cmos: registered platform RTC device (no PNP device found)
[    0.527421] check: Scanning for low memory corruption every 60 seconds
[    0.527421] Initialise system trusted keyrings
[    0.527421] Key type blacklist registered
[    0.527421] workingset: timestamp_bits=36 max_order=19 bucket_order=0
[    0.527421] zbud: loaded
[    0.527421] squashfs: version 4.0 (2009/01/31) Phillip Lougher
[    0.527421] fuse: init (API version 7.31)
[    0.527421] *** VALIDATE fuse ***
[    0.527421] *** VALIDATE fuse ***
[    0.527421] Platform Keyring initialized
[    0.543931] Key type asymmetric registered
[    0.543932] Asymmetric key parser 'x509' registered
[    0.543944] Block layer SCSI generic (bsg) driver version 0.4 loaded (major 244)
[    0.543982] io scheduler mq-deadline registered
[    0.544116] shpchp: Standard Hot Plug PCI Controller Driver version: 0.4
[    0.544330] ACPI: AC Adapter [AC] (on-line)
[    0.544377] input: Power Button as /devices/LNXSYSTM:00/LNXPWRBN:00/input/input0
[    0.544408] ACPI: Power Button [PWRF]
[    0.544490] input: Sleep Button as /devices/LNXSYSTM:00/LNXSLPBN:00/input/input1
[    0.544505] ACPI: Sleep Button [SLPF]
[    0.544733] Serial: 8250/16550 driver, 32 ports, IRQ sharing enabled
[    0.545940] Linux agpgart interface v0.103
[    0.635389] loop: module loaded
[    0.635566] ata_piix 0000:00:01.1: version 2.13
[    0.635982] scsi host0: ata_piix
[    0.636075] scsi host1: ata_piix
[    0.636101] ata1: PATA max UDMA/33 cmd 0x1f0 ctl 0x3f6 bmdma 0xd000 irq 14
[    0.636102] ata2: PATA max UDMA/33 cmd 0x170 ctl 0x376 bmdma 0xd008 irq 15
[    0.636187] tun: Universal TUN/TAP device driver, 1.6
[    0.636507] PPP generic driver version 2.4.2
[    0.636552] VFIO - User Level meta-driver version: 0.3
[    0.636791] ehci_hcd: USB 2.0 'Enhanced' Host Controller (EHCI) Driver
[    0.636796] ehci-pci: EHCI PCI platform driver
[    0.636813] ehci-platform: EHCI generic platform driver
[    0.636818] ohci_hcd: USB 1.1 'Open' Host Controller (OHCI) Driver
[    0.636820] ohci-pci: OHCI PCI platform driver
[    0.636828] ohci-platform: OHCI generic platform driver
[    0.636832] uhci_hcd: USB Universal Host Controller Interface driver
[    0.636899] i8042: PNP: PS/2 Controller [PNP0303:PS2K,PNP0f03:PS2M] at 0x60,0x64 irq 1,12
[    0.637331] serio: i8042 KBD port at 0x60,0x64 irq 1
[    0.637335] serio: i8042 AUX port at 0x60,0x64 irq 12
[    0.637423] mousedev: PS/2 mouse device common for all mice
[    0.637683] input: AT Translated Set 2 keyboard as /devices/platform/i8042/serio0/input/input2
[    0.638086] rtc_cmos rtc_cmos: registered as rtc0
[    0.638100] rtc_cmos rtc_cmos: alarms up to one day, 114 bytes nvram
[    0.638106] i2c /dev entries driver
[    0.638151] device-mapper: uevent: version 1.0.3
[    0.638194] device-mapper: ioctl: 4.41.0-ioctl (2019-09-16) initialised: dm-devel@redhat.com
[    0.638209] platform eisa.0: Probing EISA bus 0
[    0.638211] platform eisa.0: EISA: Cannot allocate resource for mainboard
[    0.638212] platform eisa.0: Cannot allocate resource for EISA slot 1
[    0.638213] platform eisa.0: Cannot allocate resource for EISA slot 2
[    0.638214] platform eisa.0: Cannot allocate resource for EISA slot 3
[    0.638215] platform eisa.0: Cannot allocate resource for EISA slot 4
[    0.638216] platform eisa.0: Cannot allocate resource for EISA slot 5
[    0.638217] platform eisa.0: Cannot allocate resource for EISA slot 6
[    0.638218] platform eisa.0: Cannot allocate resource for EISA slot 7
[    0.638219] platform eisa.0: Cannot allocate resource for EISA slot 8
[    0.638220] platform eisa.0: EISA: Detected 0 cards
[    0.638223] intel_pstate: CPU model not supported
[    0.638232] ledtrig-cpu: registered to indicate activity on CPUs
[    0.638300] drop_monitor: Initializing network drop monitor service
[    0.638464] NET: Registered protocol family 10
[    0.643500] Segment Routing with IPv6
[    0.643500] fullmesh registered
[    0.643500] ndiffports registered
[    0.643500] binder registered
[    0.643500] roundrobin registered
[    0.643500] redundant registered
[    0.643500] blest registered
[    0.643500] ecf registered
[    0.643500] NET: Registered protocol family 17
[    0.643500] Key type dns_resolver registered
[    0.643500] RAS: Correctable Errors collector initialized.
[    0.643500] IPI shorthand broadcast: enabled
[    0.643500] sched_clock: Marking stable (628166930, 11333493)->(641542644, -2042221)
[    0.644008] registered taskstats version 1
[    0.644018] Loading compiled-in X.509 certificates
[    0.644618] Loaded X.509 cert 'Build time autogenerated kernel key: 6909f3744cebb3d0de528d5887b96a727de79b1e'
[    0.644638] zswap: loaded using pool lzo/zbud
[    0.644697] Key type ._fscrypt registered
[    0.644698] Key type .fscrypt registered
[    0.649167] Key type big_key registered
[    0.651373] Key type encrypted registered
[    0.651375] AppArmor: AppArmor sha1 policy hashing enabled
[    0.651383] ima: No TPM chip found, activating TPM-bypass!
[    0.651387] ima: Allocated hash algorithm: sha1
[    0.651392] ima: No architecture policies found
[    0.651401] evm: Initialising EVM extended attributes:
[    0.651402] evm: security.selinux
[    0.651403] evm: security.SMACK64
[    0.651403] evm: security.SMACK64EXEC
[    0.651404] evm: security.SMACK64TRANSMUTE
[    0.651404] evm: security.SMACK64MMAP
[    0.651405] evm: security.apparmor
[    0.651405] evm: security.ima
[    0.651406] evm: security.capability
[    0.651406] evm: HMAC attrs: 0x1
[    0.651709] PM:   Magic number: 10:857:902
[    0.651744] acpi PNP0501:02: hash matches
[    0.651840] rtc_cmos rtc_cmos: setting system clock to 2026-01-19T20:53:39 UTC (1768856019)
[    0.808317] ata1.00: ATA-6: VBOX HARDDISK, 1.0, max UDMA/133
[    0.808320] ata1.00: 209715200 sectors, multi 128: LBA 
[    0.809005] scsi 0:0:0:0: Direct-Access     ATA      VBOX HARDDISK    1.0  PQ: 0 ANSI: 5
[    0.809290] sd 0:0:0:0: [sda] 209715200 512-byte logical blocks: (107 GB/100 GiB)
[    0.809302] sd 0:0:0:0: [sda] Write Protect is off
[    0.809306] sd 0:0:0:0: [sda] Mode Sense: 00 3a 00 00
[    0.809325] sd 0:0:0:0: [sda] Write cache: enabled, read cache: enabled, doesn't support DPO or FUA
[    0.809651] sd 0:0:0:0: Attached scsi generic sg0 type 0
[    0.810629]  sda: sda1 sda2
[    0.819562] sd 0:0:0:0: [sda] Attached SCSI disk
[    0.822715] Freeing unused decrypted memory: 2040K
[    0.823678] Freeing unused kernel image memory: 2728K
[    0.823681] Write protecting the kernel read-only data: 22528k
[    0.824666] Freeing unused kernel image memory: 2036K
[    0.825209] Freeing unused kernel image memory: 1432K
[    0.850400] x86/mm: Checked W+X mappings: passed, no W+X pages found.
[    0.850406] Run /init as init process
[    0.956096] ACPI: Video Device [GFX0] (multi-head: yes  rom: no  post: no)
[    0.956168] input: Video Bus as /devices/LNXSYSTM:00/LNXSYBUS:00/PNP0A03:00/LNXVIDEO:00/input/input4
[    0.966685] pcnet32: pcnet32.c:v1.35 21.Apr.2008 tsbogend@alpha.franken.de
[    0.967764] pcnet32: PCnet/FAST III 79C973 at 0xd020, 08:00:27:a2:3a:8a assigned IRQ 19
[    0.967812] pcnet32: Found PHY 0022:561b at address 0
[    0.968115] pcnet32: eth0: registered as PCnet/FAST III 79C973
[    0.970344] piix4_smbus 0000:00:07.0: SMBus Host Controller at 0x4100, revision 0
[    0.973088] e1000: Intel(R) PRO/1000 Network Driver - version 7.3.21-k8-NAPI
[    0.973089] e1000: Copyright (c) 1999-2006 Intel Corporation.
[    0.975705] pcnet32: 1 cards_found
[    1.045935] pcnet32 0000:00:03.0 enp0s3: renamed from eth0
[    1.185679] input: ImExPS/2 Generic Explorer Mouse as /devices/platform/i8042/serio1/input/input5
[    1.391795] e1000 0000:00:08.0 eth0: (PCI:33MHz:32-bit) 08:00:27:e6:cf:0b
[    1.391799] e1000 0000:00:08.0 eth0: Intel(R) PRO/1000 Network Connection
[    1.771997] e1000 0000:00:09.0 eth1: (PCI:33MHz:32-bit) 08:00:27:b6:18:1f
[    1.772000] e1000 0000:00:09.0 eth1: Intel(R) PRO/1000 Network Connection
[    1.773570] e1000 0000:00:08.0 enp0s8: renamed from eth0
[    1.775799] e1000 0000:00:09.0 enp0s9: renamed from eth1
[    1.936486] EXT4-fs (sda2): mounted filesystem with ordered data mode. Opts: (null)
[    2.026316] systemd[1]: Inserted module 'autofs4'
[    2.039503] systemd[1]: systemd 245.4-4ubuntu3 running in system mode. (+PAM +AUDIT +SELINUX +IMA +APPARMOR +SMACK +SYSVINIT +UTMP +LIBCRYPTSETUP +GCRYPT +GNUTLS +ACL +XZ +LZ4 +SECCOMP +BLKID +ELFUTILS +KMOD +IDN2 -IDN +PCRE2 default-hierarchy=hybrid)
[    2.039537] systemd[1]: Detected virtualization oracle.
[    2.039541] systemd[1]: Detected architecture x86-64.
[    2.040876] systemd[1]: Set hostname to <ztg>.
[    2.164827] systemd[1]: /lib/systemd/system/dbus.socket:5: ListenStream= references a path below legacy directory /var/run/, updating /var/run/dbus/system_bus_socket â†’ /run/dbus/system_bus_socket; please update the unit file accordingly.
[    2.224322] systemd[1]: Created slice system-modprobe.slice.
[    2.224547] systemd[1]: Created slice User and Session Slice.
[    2.224602] systemd[1]: Started Forward Password Requests to Wall Directory Watch.
[    2.224800] systemd[1]: Set up automount Arbitrary Executable File Formats File System Automount Point.
[    2.224842] systemd[1]: Reached target User and Group Name Lookups.
[    2.224854] systemd[1]: Reached target Remote File Systems.
[    2.224864] systemd[1]: Reached target Slices.
[    2.225480] systemd[1]: Listening on Syslog Socket.
[    2.225562] systemd[1]: Listening on fsck to fsckd communication Socket.
[    2.225609] systemd[1]: Listening on initctl Compatibility Named Pipe.
[    2.225781] systemd[1]: Listening on Journal Audit Socket.
[    2.225854] systemd[1]: Listening on Journal Socket (/dev/log).
[    2.225942] systemd[1]: Listening on Journal Socket.
[    2.226021] systemd[1]: Listening on udev Control Socket.
[    2.226072] systemd[1]: Listening on udev Kernel Socket.
[    2.227005] systemd[1]: Mounting Huge Pages File System...
[    2.228143] systemd[1]: Mounting POSIX Message Queue File System...
[    2.229202] systemd[1]: Mounting Kernel Debug File System...
[    2.230803] systemd[1]: Mounting Kernel Trace File System...
[    2.255572] systemd[1]: Starting Journal Service...
[    2.257979] systemd[1]: Starting Set the console keyboard layout...
[    2.266089] systemd[1]: Starting Create list of static device nodes for the current kernel...
[    2.271167] systemd[1]: Starting Load Kernel Module drm...
[    2.274496] systemd[1]: Condition check resulted in Set Up Additional Binary Formats being skipped.
[    2.274658] systemd[1]: Condition check resulted in File System Check on Root Device being skipped.
[    2.284360] systemd[1]: Starting Load Kernel Modules...
[    2.291147] systemd[1]: Starting Remount Root and Kernel File Systems...
[    2.300720] systemd[1]: Starting udev Coldplug all Devices...
[    2.319731] systemd[1]: Starting Uncomplicated firewall...
[    2.323357] systemd[1]: Mounted Huge Pages File System.
[    2.323448] systemd[1]: Mounted POSIX Message Queue File System.
[    2.323521] systemd[1]: Mounted Kernel Debug File System.
[    2.323589] systemd[1]: Mounted Kernel Trace File System.
[    2.329556] EXT4-fs (sda2): re-mounted. Opts: errors=remount-ro
[    2.346049] systemd[1]: Finished Create list of static device nodes for the current kernel.
[    2.347038] systemd[1]: modprobe@drm.service: Succeeded.
[    2.347462] systemd[1]: Finished Load Kernel Module drm.
[    2.348321] systemd[1]: Finished Remount Root and Kernel File Systems.
[    2.354453] systemd[1]: Finished Uncomplicated firewall.
[    2.356762] lp: driver loaded but no devices found
[    2.373666] systemd[1]: Condition check resulted in Rebuild Hardware Database being skipped.
[    2.373708] systemd[1]: Condition check resulted in Platform Persistent Storage Archival being skipped.
[    2.374451] systemd[1]: Starting Load/Save Random Seed...
[    2.381358] systemd[1]: Starting Create System Users...
[    2.386970] ppdev: user-space parallel port driver
[    2.396798] systemd[1]: Finished Load/Save Random Seed.
[    2.400854] systemd[1]: Finished Create System Users.
[    2.401602] systemd[1]: Starting Create Static Device Nodes in /dev...
[    2.428722] systemd[1]: Finished Create Static Device Nodes in /dev.
[    2.429544] systemd[1]: Starting udev Kernel Device Manager...
[    2.483990] systemd[1]: Finished udev Coldplug all Devices.
[    2.484969] [drm] DMA map mode: Caching DMA mappings.
[    2.485033] [drm] Capabilities:
[    2.485033] [drm]   Rect copy.
[    2.485034] [drm]   Cursor.
[    2.485034] [drm]   Cursor bypass.
[    2.485034] [drm]   Cursor bypass 2.
[    2.485035] [drm]   Alpha cursor.
[    2.485035] [drm]   Extended Fifo.
[    2.485035] [drm]   Pitchlock.
[    2.485036] [drm]   Irq mask.
[    2.485036] [drm]   GMR.
[    2.485037] [drm]   Traces.
[    2.485037] [drm]   GMR2.
[    2.485037] [drm]   Screen Object 2.
[    2.485038] [drm]   Command Buffers.
[    2.485038] [drm]   Command Buffers 2.
[    2.485038] [drm]   Guest Backed Resources.
[    2.485039] [drm] Max GMR ids is 8192
[    2.485040] [drm] Max number of GMR pages is 1048576
[    2.485040] [drm] Max dedicated hypervisor surface memory is 393216 kiB
[    2.485041] [drm] Maximum display memory size is 131072 kiB
[    2.485041] [drm] VRAM at 0xe0000000 size is 131072 kiB
[    2.485042] [drm] MMIO at 0xf0000000 size is 2048 kiB
[    2.485931] [TTM] Zone  kernel: Available graphics memory: 1011738 KiB
[    2.485956] [TTM] Initializing pool allocator
[    2.485959] [TTM] Initializing DMA pool allocator
[    2.485987] [drm] Supports vblank timestamp caching Rev 2 (21.10.2013).
[    2.485988] [drm] No driver support for vblank timestamp query.
[    2.486206] [drm] Screen Target Display device initialized
[    2.486433] [drm] width 720
[    2.486442] [drm] height 400
[    2.486445] [drm] bpp 32
[    2.486973] [drm] Fifo max 0x00200000 min 0x00001000 cap 0x00000355
[    2.488056] [drm] Using command buffers with DMA pool.
[    2.488061] [drm] DX: no.
[    2.488061] [drm] Atomic: yes.
[    2.488061] [drm] SM4_1: no.
[    2.488082] [drm:vmw_host_log [vmwgfx]] *ERROR* Failed to send host log message.
[    2.489209] [drm:vmw_host_log [vmwgfx]] *ERROR* Failed to send host log message.
[    2.500869] fbcon: svgadrmfb (fb0) is primary device
[    2.505550] Console: switching to colour frame buffer device 100x37
[    2.509365] [drm] Initialized vmwgfx 2.15.0 20180704 for 0000:00:02.0 on minor 0
[    2.510325] systemd[1]: Finished Load Kernel Modules.
[    2.511610] systemd[1]: Mounting FUSE Control File System...
[    2.513959] systemd[1]: Mounting Kernel Configuration File System...
[    2.546748] systemd[1]: Starting Apply Kernel Variables...
[    2.557127] systemd[1]: Mounted FUSE Control File System.
[    2.557200] systemd[1]: Condition check resulted in VMware vmblock fuse mount being skipped.
[    2.561122] systemd[1]: Mounted Kernel Configuration File System.
[    2.568133] systemd[1]: Finished Set the console keyboard layout.
[    2.568230] systemd[1]: Reached target Local File Systems (Pre).
[    2.570338] systemd[1]: Mounting Mount unit for bare, revision 5...
[    2.572634] systemd[1]: Mounting Mount unit for core18, revision 1705...
[    2.584155] systemd[1]: Mounting Mount unit for gnome-3-34-1804, revision 24...
[    2.588138] systemd[1]: Mounting Mount unit for gtk-common-themes, revision 1506...
[    2.592144] systemd[1]: Mounting Mount unit for gtk-common-themes, revision 1535...
[    2.620970] systemd[1]: Mounting Mount unit for snap-store, revision 433...
[    2.630561] systemd[1]: Mounting Mount unit for snapd, revision 25935...
[    2.642687] systemd[1]: Finished Apply Kernel Variables.
[    2.645057] systemd[1]: Mounted Mount unit for bare, revision 5.
[    2.645147] systemd[1]: Mounted Mount unit for core18, revision 1705.
[    2.649713] systemd[1]: Mounted Mount unit for gnome-3-34-1804, revision 24.
[    2.656017] systemd[1]: Mounted Mount unit for gtk-common-themes, revision 1506.
[    2.658314] systemd[1]: Started udev Kernel Device Manager.
[    2.659082] systemd[1]: Starting Show Plymouth Boot Screen...
[    2.664808] systemd[1]: Received SIGRTMIN+20 from PID 278 (plymouthd).
[    2.707286] systemd[1]: Started Show Plymouth Boot Screen.
[    2.707479] systemd[1]: Condition check resulted in Dispatch Password Requests to Console Directory Watch being skipped.
[    2.707575] systemd[1]: Started Forward Password Requests to Plymouth Directory Watch.
[    2.707612] systemd[1]: Reached target Local Encrypted Volumes.
[    2.725745] systemd[1]: Mounted Mount unit for gtk-common-themes, revision 1535.
[    2.725999] systemd[1]: Mounted Mount unit for snap-store, revision 433.
[    2.726177] systemd[1]: Mounted Mount unit for snapd, revision 25935.
[    2.726323] systemd[1]: Reached target Local File Systems.
[    2.729608] systemd[1]: Starting Load AppArmor profiles...
[    2.730533] systemd[1]: Starting Set console font and keymap...
[    2.741274] systemd[1]: Starting Tell Plymouth To Write Out Runtime Data...
[    2.745348] systemd[1]: Condition check resulted in Store a System Token in an EFI Variable being skipped.
[    2.745420] systemd[1]: Condition check resulted in Commit a transient machine-id on disk being skipped.
[    2.749638] systemd[1]: Finished Set console font and keymap.
[    2.756841] systemd[1]: Received SIGRTMIN+20 from PID 278 (plymouthd).
[    2.757884] systemd[1]: plymouth-read-write.service: Succeeded.
[    2.758126] systemd[1]: Finished Tell Plymouth To Write Out Runtime Data.
[    2.782359] audit: type=1400 audit(1768856021.624:2): apparmor="STATUS" operation="profile_load" profile="unconfined" name="nvidia_modprobe" pid=299 comm="apparmor_parser"
[    2.782361] audit: type=1400 audit(1768856021.624:3): apparmor="STATUS" operation="profile_load" profile="unconfined" name="nvidia_modprobe//kmod" pid=299 comm="apparmor_parser"
[    2.791237] audit: type=1400 audit(1768856021.632:4): apparmor="STATUS" operation="profile_load" profile="unconfined" name="/usr/sbin/tcpdump" pid=300 comm="apparmor_parser"
[    2.834134] audit: type=1400 audit(1768856021.672:5): apparmor="STATUS" operation="profile_load" profile="unconfined" name="/usr/bin/evince" pid=302 comm="apparmor_parser"
[    2.834136] audit: type=1400 audit(1768856021.672:6): apparmor="STATUS" operation="profile_load" profile="unconfined" name="/usr/bin/evince//sanitized_helper" pid=302 comm="apparmor_parser"
[    2.834138] audit: type=1400 audit(1768856021.672:7): apparmor="STATUS" operation="profile_load" profile="unconfined" name="/usr/bin/evince-previewer" pid=302 comm="apparmor_parser"
[    2.834139] audit: type=1400 audit(1768856021.672:8): apparmor="STATUS" operation="profile_load" profile="unconfined" name="/usr/bin/evince-previewer//sanitized_helper" pid=302 comm="apparmor_parser"
[    2.834142] audit: type=1400 audit(1768856021.672:9): apparmor="STATUS" operation="profile_load" profile="unconfined" name="/usr/bin/evince-thumbnailer" pid=302 comm="apparmor_parser"
[    2.866977] audit: type=1400 audit(1768856021.708:10): apparmor="STATUS" operation="profile_load" profile="unconfined" name="/usr/lib/cups/backend/cups-pdf" pid=303 comm="apparmor_parser"
[    2.934331] systemd[1]: Finished Load AppArmor profiles.
[    2.935310] systemd[1]: Starting Load AppArmor profiles managed internally by snapd...
[    3.043566] systemd[1]: Finished Load AppArmor profiles managed internally by snapd.
[    3.243760] systemd[1]: Started Journal Service.
[    3.254147] systemd-journald[229]: Received client request to flush runtime journal.
[    3.256677] systemd-journald[229]: File /var/log/journal/c455b248004a419c87ce85eea238d727/system.journal corrupted or uncleanly shut down, renaming and replacing.
[    4.582219] RAPL PMU: API unit is 2^-32 Joules, 0 fixed counters, 10737418240 ms ovfl timer
[    4.651835] cryptd: max_cpu_qlen set to 1000
[    4.715663] AVX2 version of gcm_enc/dec engaged.
[    4.715664] AES CTR mode by8 optimization enabled
[    6.469868] Adding 1998844k swap on /dev/sda1.  Priority:-2 extents:1 across:1998844k FS
[    8.204979] kauditd_printk_skb: 30 callbacks suppressed
[    8.204980] audit: type=1400 audit(1768856027.048:41): apparmor="DENIED" operation="capable" profile="/usr/sbin/cups-browsed" pid=506 comm="cups-browsed" capability=23  capname="sys_nice"
[    9.029167] pcnet32 0000:00:03.0 enp0s3: link up, 100Mbps, full-duplex
[    9.076078] e1000: enp0s8 NIC Link is Up 1000 Mbps Full Duplex, Flow Control: RX
[    9.076371] IPv6: ADDRCONF(NETDEV_CHANGE): enp0s8: link becomes ready
[    9.097445] e1000: enp0s9 NIC Link is Up 1000 Mbps Full Duplex, Flow Control: RX
[    9.097739] IPv6: ADDRCONF(NETDEV_CHANGE): enp0s9: link becomes ready
[    9.747009] device enp0s3 entered promiscuous mode
[    9.795515] audit: type=1400 audit(1768856028.632:42): apparmor="DENIED" operation="open" profile="/usr/sbin/tcpdump" name="/proc/sys/kernel/random/boot_id" pid=681 comm="tcpdump" requested_mask="r" denied_mask="r" fsuid=0 ouid=0
[    9.797512] audit: type=1400 audit(1768856028.632:43): apparmor="DENIED" operation="open" profile="/usr/sbin/tcpdump" name="/proc/sys/kernel/random/boot_id" pid=681 comm="tcpdump" requested_mask="r" denied_mask="r" fsuid=0 ouid=0
[    9.797684] audit: type=1400 audit(1768856028.632:44): apparmor="DENIED" operation="open" profile="/usr/sbin/tcpdump" name="/proc/sys/kernel/random/boot_id" pid=681 comm="tcpdump" requested_mask="r" denied_mask="r" fsuid=0 ouid=0
[    9.798244] audit: type=1400 audit(1768856028.632:45): apparmor="DENIED" operation="open" profile="/usr/sbin/tcpdump" name="/proc/sys/kernel/random/boot_id" pid=681 comm="tcpdump" requested_mask="r" denied_mask="r" fsuid=0 ouid=0
[    9.808252] audit: type=1400 audit(1768856028.644:46): apparmor="DENIED" operation="open" profile="/usr/sbin/tcpdump" name="/proc/sys/kernel/random/boot_id" pid=682 comm="tcpdump" requested_mask="r" denied_mask="r" fsuid=0 ouid=0
[    9.813411] audit: type=1400 audit(1768856028.644:47): apparmor="DENIED" operation="open" profile="/usr/sbin/tcpdump" name="/proc/sys/kernel/random/boot_id" pid=682 comm="tcpdump" requested_mask="r" denied_mask="r" fsuid=0 ouid=0
[    9.813478] audit: type=1400 audit(1768856028.644:48): apparmor="DENIED" operation="open" profile="/usr/sbin/tcpdump" name="/proc/sys/kernel/random/boot_id" pid=682 comm="tcpdump" requested_mask="r" denied_mask="r" fsuid=0 ouid=0
[    9.813560] audit: type=1400 audit(1768856028.644:49): apparmor="DENIED" operation="open" profile="/usr/sbin/tcpdump" name="/proc/sys/kernel/random/boot_id" pid=682 comm="tcpdump" requested_mask="r" denied_mask="r" fsuid=0 ouid=0
[   15.694348] rfkill: input handler disabled
[  132.178434] AAAAA-TCP_FORW: name:enp0s3: saddr:100932208: daddr:16783984
[  132.284514] AAAAA-TCP_FORW: name:enp0s3: saddr:100932208: daddr:16783984
[  133.300075] AAAAA-TCP_FORW: name:enp0s3: saddr:100932208: daddr:33561200
[  133.774622] AAAAA-TCP_FORW: name:enp0s3: saddr:100932208: daddr:16783984
[  158.012864] AAAAA-TCP_FORW: name:enp0s3: saddr:33561200: daddr:100932208
[  158.390081] AAAAA-TCP_FORW: name:enp0s3: saddr:33561200: daddr:100932208
[  158.641469] AAAAA-TCP_FORW: name:enp0s3: saddr:33561200: daddr:100932208
[  158.852926] AAAAA-TCP_FORW: name:enp0s3: saddr:33561200: daddr:100932208
[  159.033457] AAAAA-TCP_FORW: name:enp0s3: saddr:33561200: daddr:100932208
[  159.198614] AAAAA-TCP_FORW: name:enp0s3: saddr:33561200: daddr:100932208
[  159.462410] AAAAA-TCP_FORW: name:enp0s3: saddr:33561200: daddr:100932208
[  159.625881] AAAAA-TCP_FORW: name:enp0s3: saddr:16783984: daddr:100932208
[  159.903908] AAAAA-TCP_FORW: name:enp0s3: saddr:16783984: daddr:100932208
[  160.414546] AAAAA-TCP_FORW: name:enp0s3: saddr:33561200: daddr:100932208
[  160.543755] AAAAA-TCP_FORW: name:enp0s3: saddr:33561200: daddr:100932208
[  160.848511] AAAAA-TCP_FORW: name:enp0s3: saddr:33561200: daddr:100932208
[  161.041329] AAAAA-TCP_FORW: name:enp0s3: saddr:33561200: daddr:100932208
[  161.284299] AAAAA-TCP_FORW: name:enp0s3: saddr:16783984: daddr:100932208
[  161.532106] AAAAA-TCP_FORW: name:enp0s3: saddr:16783984: daddr:100932208
[  161.694430] AAAAA-TCP_FORW: name:enp0s3: saddr:16783984: daddr:100932208
[  161.888760] AAAAA-TCP_FORW: name:enp0s3: saddr:33561200: daddr:100932208
[  162.170059] AAAAA-TCP_FORW: name:enp0s3: saddr:16783984: daddr:100932208
[  162.223958] AAAAA-TCP_FORW: name:enp0s3: saddr:16783984: daddr:100932208
[  162.302713] AAAAA-TCP_FORW: name:enp0s3: saddr:16783984: daddr:100932208
[  162.416133] AAAAA-TCP_FORW: name:enp0s3: saddr:16783984: daddr:100932208
[  162.497124] AAAAA-TCP_FORW: name:enp0s3: saddr:16783984: daddr:100932208
[  162.741319] AAAAA-TCP_FORW: name:enp0s3: saddr:16783984: daddr:100932208
[  162.869107] AAAAA-TCP_FORW: name:enp0s3: saddr:16783984: daddr:100932208
[  163.000441] AAAAA-TCP_FORW: name:enp0s3: saddr:16783984: daddr:100932208
[  642.511711] rfkill: input handler enabled
[  653.397783] rfkill: input handler disabled
[  842.776006] device enp0s3 left promiscuous mode
