[    0.000000] Linux version 5.4.243-mptcp (root@ztg) (gcc version 12.2.0 (Debian 12.2.0-14+deb12u1)) #53 SMP Wed Dec 24 23:28:15 CST 2025
[    0.000000] Command line: BOOT_IMAGE=/boot/vmlinuz-5.4.243-mptcp root=UUID=98415a12-53b7-4144-8265-0f7ece09e445 ro quiet splash
[    0.000000] KERNEL supported cpus:
[    0.000000]   Intel GenuineIntel
[    0.000000]   AMD AuthenticAMD
[    0.000000]   Hygon HygonGenuine
[    0.000000]   Centaur CentaurHauls
[    0.000000]   zhaoxin   Shanghai  
[    0.000000] x86/fpu: Supporting XSAVE feature 0x001: 'x87 floating point registers'
[    0.000000] x86/fpu: Supporting XSAVE feature 0x002: 'SSE registers'
[    0.000000] x86/fpu: Supporting XSAVE feature 0x004: 'AVX registers'
[    0.000000] x86/fpu: xstate_offset[2]:  576, xstate_sizes[2]:  256
[    0.000000] x86/fpu: Enabled xstate features 0x7, context size is 832 bytes, using 'standard' format.
[    0.000000] BIOS-provided physical RAM map:
[    0.000000] BIOS-e820: [mem 0x0000000000000000-0x000000000009fbff] usable
[    0.000000] BIOS-e820: [mem 0x000000000009fc00-0x000000000009ffff] reserved
[    0.000000] BIOS-e820: [mem 0x00000000000f0000-0x00000000000fffff] reserved
[    0.000000] BIOS-e820: [mem 0x0000000000100000-0x000000007ffeffff] usable
[    0.000000] BIOS-e820: [mem 0x000000007fff0000-0x000000007fffffff] ACPI data
[    0.000000] BIOS-e820: [mem 0x00000000fec00000-0x00000000fec00fff] reserved
[    0.000000] BIOS-e820: [mem 0x00000000fee00000-0x00000000fee00fff] reserved
[    0.000000] BIOS-e820: [mem 0x00000000fffc0000-0x00000000ffffffff] reserved
[    0.000000] NX (Execute Disable) protection: active
[    0.000000] SMBIOS 2.5 present.
[    0.000000] DMI: innotek GmbH VirtualBox/VirtualBox, BIOS VirtualBox 12/01/2006
[    0.000000] Hypervisor detected: KVM
[    0.000000] kvm-clock: Using msrs 4b564d01 and 4b564d00
[    0.000000] kvm-clock: cpu 0, msr 53001001, primary cpu clock
[    0.000000] kvm-clock: using sched offset of 4445863160 cycles
[    0.000003] clocksource: kvm-clock: mask: 0xffffffffffffffff max_cycles: 0x1cd42e4dffb, max_idle_ns: 881590591483 ns
[    0.000006] tsc: Detected 2100.000 MHz processor
[    0.001878] e820: update [mem 0x00000000-0x00000fff] usable ==> reserved
[    0.001880] e820: remove [mem 0x000a0000-0x000fffff] usable
[    0.001884] last_pfn = 0x7fff0 max_arch_pfn = 0x400000000
[    0.001952] MTRR default type: uncachable
[    0.001953] MTRR fixed ranges enabled:
[    0.001954]   00000-9FFFF write-back
[    0.001955]   A0000-BFFFF uncachable
[    0.001956]   C0000-FFFFF write-protect
[    0.001957] MTRR variable ranges enabled:
[    0.001958]   0 base 000000000000 mask 3FFF80000000 write-back
[    0.001959]   1 disabled
[    0.001959]   2 disabled
[    0.001960]   3 disabled
[    0.001960]   4 disabled
[    0.001960]   5 disabled
[    0.001961]   6 disabled
[    0.001961]   7 disabled
[    0.001962]   8 disabled
[    0.001962]   9 disabled
[    0.001963]   10 disabled
[    0.001963]   11 disabled
[    0.001963]   12 disabled
[    0.001964]   13 disabled
[    0.001964]   14 disabled
[    0.001965]   15 disabled
[    0.001982] x86/PAT: Configuration [0-7]: WB  WC  UC- UC  WB  WP  UC- WT  
[    0.002134] found SMP MP-table at [mem 0x0009fff0-0x0009ffff]
[    0.091483] check: Scanning 1 areas for low memory corruption
[    0.091645] RAMDISK: [mem 0x32271000-0x3512ffff]
[    0.091653] ACPI: Early table checksum verification disabled
[    0.091658] ACPI: RSDP 0x00000000000E0000 000024 (v02 VBOX  )
[    0.091663] ACPI: XSDT 0x000000007FFF0030 00003C (v01 VBOX   VBOXXSDT 00000001 ASL  00000061)
[    0.091669] ACPI: FACP 0x000000007FFF00F0 0000F4 (v04 VBOX   VBOXFACP 00000001 ASL  00000061)
[    0.091676] ACPI: DSDT 0x000000007FFF02E0 002353 (v02 VBOX   VBOXBIOS 00000002 VBOX 00029BF3)
[    0.091680] ACPI: FACS 0x000000007FFF0200 000040
[    0.091683] ACPI: FACS 0x000000007FFF0200 000040
[    0.091686] ACPI: APIC 0x000000007FFF0240 000054 (v02 VBOX   VBOXAPIC 00000001 ASL  00000061)
[    0.091690] ACPI: SSDT 0x000000007FFF02A0 000038 (v01 VBOX   VBOXCPUT 00000002 VBOX 00029BF3)
[    0.091693] ACPI: Reserving FACP table memory at [mem 0x7fff00f0-0x7fff01e3]
[    0.091694] ACPI: Reserving DSDT table memory at [mem 0x7fff02e0-0x7fff2632]
[    0.091695] ACPI: Reserving FACS table memory at [mem 0x7fff0200-0x7fff023f]
[    0.091696] ACPI: Reserving FACS table memory at [mem 0x7fff0200-0x7fff023f]
[    0.091696] ACPI: Reserving APIC table memory at [mem 0x7fff0240-0x7fff0293]
[    0.091697] ACPI: Reserving SSDT table memory at [mem 0x7fff02a0-0x7fff02d7]
[    0.091711] ACPI: Local APIC address 0xfee00000
[    0.091900] No NUMA configuration found
[    0.091901] Faking a node at [mem 0x0000000000000000-0x000000007ffeffff]
[    0.091911] NODE_DATA(0) allocated [mem 0x7ffc5000-0x7ffeffff]
[    0.092171] Zone ranges:
[    0.092172]   DMA      [mem 0x0000000000001000-0x0000000000ffffff]
[    0.092173]   DMA32    [mem 0x0000000001000000-0x000000007ffeffff]
[    0.092174]   Normal   empty
[    0.092174]   Device   empty
[    0.092175] Movable zone start for each node
[    0.092177] Early memory node ranges
[    0.092178]   node   0: [mem 0x0000000000001000-0x000000000009efff]
[    0.092179]   node   0: [mem 0x0000000000100000-0x000000007ffeffff]
[    0.092181] Zeroed struct page in unavailable ranges: 114 pages
[    0.092182] Initmem setup node 0 [mem 0x0000000000001000-0x000000007ffeffff]
[    0.092183] On node 0 totalpages: 524174
[    0.092185]   DMA zone: 64 pages used for memmap
[    0.092185]   DMA zone: 21 pages reserved
[    0.092186]   DMA zone: 3998 pages, LIFO batch:0
[    0.092257]   DMA32 zone: 8128 pages used for memmap
[    0.092257]   DMA32 zone: 520176 pages, LIFO batch:63
[    0.101119] ACPI: PM-Timer IO Port: 0x4008
[    0.101122] ACPI: Local APIC address 0xfee00000
[    0.101188] IOAPIC[0]: apic_id 1, version 32, address 0xfec00000, GSI 0-23
[    0.101191] ACPI: INT_SRC_OVR (bus 0 bus_irq 0 global_irq 2 dfl dfl)
[    0.101193] ACPI: INT_SRC_OVR (bus 0 bus_irq 9 global_irq 9 low level)
[    0.101195] ACPI: IRQ0 used by override.
[    0.101196] ACPI: IRQ9 used by override.
[    0.101198] Using ACPI (MADT) for SMP configuration information
[    0.101205] smpboot: Allowing 1 CPUs, 0 hotplug CPUs
[    0.101227] PM: Registered nosave memory: [mem 0x00000000-0x00000fff]
[    0.101228] PM: Registered nosave memory: [mem 0x0009f000-0x0009ffff]
[    0.101229] PM: Registered nosave memory: [mem 0x000a0000-0x000effff]
[    0.101229] PM: Registered nosave memory: [mem 0x000f0000-0x000fffff]
[    0.101231] [mem 0x80000000-0xfebfffff] available for PCI devices
[    0.101232] Booting paravirtualized kernel on KVM
[    0.101235] clocksource: refined-jiffies: mask: 0xffffffff max_cycles: 0xffffffff, max_idle_ns: 7645519600211568 ns
[    0.101240] setup_percpu: NR_CPUS:8192 nr_cpumask_bits:1 nr_cpu_ids:1 nr_node_ids:1
[    0.102240] percpu: Embedded 60 pages/cpu s208896 r8192 d28672 u2097152
[    0.102246] pcpu-alloc: s208896 r8192 d28672 u2097152 alloc=1*2097152
[    0.102247] pcpu-alloc: [0] 0 
[    0.102272] Built 1 zonelists, mobility grouping on.  Total pages: 515961
[    0.102273] Policy zone: DMA32
[    0.102274] Kernel command line: BOOT_IMAGE=/boot/vmlinuz-5.4.243-mptcp root=UUID=98415a12-53b7-4144-8265-0f7ece09e445 ro quiet splash
[    0.103104] Dentry cache hash table entries: 262144 (order: 9, 2097152 bytes, linear)
[    0.103249] Inode-cache hash table entries: 131072 (order: 8, 1048576 bytes, linear)
[    0.103300] mem auto-init: stack:off, heap alloc:on, heap free:off
[    0.103303] Calgary: detecting Calgary via BIOS EBDA area
[    0.103304] Calgary: Unable to locate Rio Grande table in EBDA - bailing!
[    0.107396] Memory: 1967332K/2096696K available (14339K kernel code, 2398K rwdata, 4712K rodata, 2728K init, 17260K bss, 129364K reserved, 0K cma-reserved)
[    0.108355] SLUB: HWalign=64, Order=0-3, MinObjects=0, CPUs=1, Nodes=1
[    0.108372] ftrace: allocating 43186 entries in 169 pages
[    0.126623] rcu: Hierarchical RCU implementation.
[    0.126625] rcu: 	RCU restricting CPUs from NR_CPUS=8192 to nr_cpu_ids=1.
[    0.126626] 	Tasks RCU enabled.
[    0.126627] rcu: RCU calculated value of scheduler-enlistment delay is 25 jiffies.
[    0.126628] rcu: Adjusting geometry for rcu_fanout_leaf=16, nr_cpu_ids=1
[    0.129609] NR_IRQS: 524544, nr_irqs: 256, preallocated irqs: 16
[    0.129820] random: crng init done
[    0.139082] Console: colour VGA+ 80x25
[    0.139086] printk: console [tty0] enabled
[    0.139107] ACPI: Core revision 20190816
[    0.139198] APIC: Switch to symmetric I/O mode setup
[    0.139447] x2apic enabled
[    0.139689] Switched APIC routing to physical x2apic.
[    0.140813] ..TIMER: vector=0x30 apic1=0 pin1=2 apic2=-1 pin2=-1
[    0.140839] clocksource: tsc-early: mask: 0xffffffffffffffff max_cycles: 0x1e4530a99b6, max_idle_ns: 440795257976 ns
[    0.140844] Calibrating delay loop (skipped) preset value.. 4200.00 BogoMIPS (lpj=8400000)
[    0.140846] pid_max: default: 32768 minimum: 301
[    0.140874] LSM: Security Framework initializing
[    0.140884] Yama: becoming mindful.
[    0.140910] AppArmor: AppArmor initialized
[    0.140943] Mount-cache hash table entries: 4096 (order: 3, 32768 bytes, linear)
[    0.140947] Mountpoint-cache hash table entries: 4096 (order: 3, 32768 bytes, linear)
[    0.140957] *** VALIDATE tmpfs ***
[    0.141085] *** VALIDATE proc ***
[    0.141125] *** VALIDATE cgroup1 ***
[    0.141126] *** VALIDATE cgroup2 ***
[    0.141266] process: using mwait in idle threads
[    0.141270] Last level iTLB entries: 4KB 64, 2MB 8, 4MB 8
[    0.141271] Last level dTLB entries: 4KB 64, 2MB 0, 4MB 0, 1GB 4
[    0.141290] Spectre V1 : Mitigation: usercopy/swapgs barriers and __user pointer sanitization
[    0.141296] Spectre V2 : Mitigation: Retpolines
[    0.141296] Spectre V2 : Spectre v2 / SpectreRSB mitigation: Filling RSB on context switch
[    0.141297] Spectre V2 : Spectre v2 / SpectreRSB : Filling RSB on VMEXIT
[    0.141298] RETBleed: WARNING: Spectre v2 mitigation leaves CPU vulnerable to RETBleed attacks, data leaks possible!
[    0.141653] RETBleed: Vulnerable
[    0.141654] Speculative Store Bypass: Vulnerable
[    0.141658] TAA: Mitigation: TSX disabled
[    0.141659] MMIO Stale Data: Mitigation: Clear CPU buffers
[    0.145893] Freeing SMP alternatives memory: 40K
[    0.258357] smpboot: CPU0: Intel(R) Xeon(R) Silver 4216 CPU @ 2.10GHz (family: 0x6, model: 0x55, stepping: 0x7)
[    0.258506] Performance Events: unsupported p6 CPU model 85 no PMU driver, software events only.
[    0.258543] rcu: Hierarchical SRCU implementation.
[    0.259018] NMI watchdog: Perf NMI watchdog permanently disabled
[    0.259056] smp: Bringing up secondary CPUs ...
[    0.259057] smp: Brought up 1 node, 1 CPU
[    0.259058] smpboot: Max logical packages: 1
[    0.259059] smpboot: Total of 1 processors activated (4200.00 BogoMIPS)
[    0.260019] devtmpfs: initialized
[    0.260066] x86/mm: Memory block size: 128MB
[    0.260413] clocksource: jiffies: mask: 0xffffffff max_cycles: 0xffffffff, max_idle_ns: 7645041785100000 ns
[    0.260419] futex hash table entries: 256 (order: 2, 16384 bytes, linear)
[    0.260464] pinctrl core: initialized pinctrl subsystem
[    0.260565] PM: RTC time: 21:51:39, date: 2026-01-17
[    0.260673] NET: Registered protocol family 16
[    0.260747] audit: initializing netlink subsys (disabled)
[    0.260841] EISA bus registered
[    0.260841] cpuidle: using governor ladder
[    0.260841] cpuidle: using governor menu
[    0.260841] ACPI: bus type PCI registered
[    0.260841] acpiphp: ACPI Hot Plug PCI Controller Driver version: 0.5
[    0.260841] PCI: Using configuration type 1 for base access
[    0.261172] audit: type=2000 audit(1768657906.005:1): state=initialized audit_enabled=0 res=1
[    0.261252] HugeTLB registered 2.00 MiB page size, pre-allocated 0 pages
[    0.262059] ACPI: Added _OSI(Module Device)
[    0.262060] ACPI: Added _OSI(Processor Device)
[    0.262061] ACPI: Added _OSI(3.0 _SCP Extensions)
[    0.262061] ACPI: Added _OSI(Processor Aggregator Device)
[    0.262062] ACPI: Added _OSI(Linux-Dell-Video)
[    0.262063] ACPI: Added _OSI(Linux-Lenovo-NV-HDMI-Audio)
[    0.262064] ACPI: Added _OSI(Linux-HPI-Hybrid-Graphics)
[    0.264017] ACPI: 2 ACPI AML tables successfully acquired and loaded
[    0.265530] ACPI: Interpreter enabled
[    0.265540] ACPI: (supports S0 S5)
[    0.265541] ACPI: Using IOAPIC for interrupt routing
[    0.265746] PCI: Using host bridge windows from ACPI; if necessary, use "pci=nocrs" and report a bug
[    0.265854] ACPI: Enabled 2 GPEs in block 00 to 07
[    0.270654] ACPI: PCI Root Bridge [PCI0] (domain 0000 [bus 00-ff])
[    0.270659] acpi PNP0A03:00: _OSC: OS supports [ASPM ClockPM Segments MSI HPX-Type3]
[    0.271101] acpi PNP0A03:00: _OSC: not requesting OS control; OS requires [ExtendedConfig ASPM ClockPM MSI]
[    0.271109] acpi PNP0A03:00: fail to add MMCONFIG information, can't access extended PCI configuration space under this bridge.
[    0.271478] PCI host bridge to bus 0000:00
[    0.271480] pci_bus 0000:00: root bus resource [io  0x0000-0x0cf7 window]
[    0.271481] pci_bus 0000:00: root bus resource [io  0x0d00-0xffff window]
[    0.271482] pci_bus 0000:00: root bus resource [mem 0x000a0000-0x000bffff window]
[    0.271483] pci_bus 0000:00: root bus resource [mem 0x80000000-0xfdffffff window]
[    0.271485] pci_bus 0000:00: root bus resource [bus 00-ff]
[    0.271530] pci 0000:00:00.0: [8086:1237] type 00 class 0x060000
[    0.272483] pci 0000:00:01.0: [8086:7000] type 00 class 0x060100
[    0.273285] pci 0000:00:01.1: [8086:7111] type 00 class 0x01018a
[    0.273652] pci 0000:00:01.1: reg 0x20: [io  0xd000-0xd00f]
[    0.273804] pci 0000:00:01.1: legacy IDE quirk: reg 0x10: [io  0x01f0-0x01f7]
[    0.273805] pci 0000:00:01.1: legacy IDE quirk: reg 0x14: [io  0x03f6]
[    0.273806] pci 0000:00:01.1: legacy IDE quirk: reg 0x18: [io  0x0170-0x0177]
[    0.273807] pci 0000:00:01.1: legacy IDE quirk: reg 0x1c: [io  0x0376]
[    0.274347] pci 0000:00:02.0: [15ad:0405] type 00 class 0x030000
[    0.276918] pci 0000:00:02.0: reg 0x10: [io  0xd010-0xd01f]
[    0.280888] pci 0000:00:02.0: reg 0x14: [mem 0xe0000000-0xe7ffffff pref]
[    0.283568] pci 0000:00:02.0: reg 0x18: [mem 0xf0000000-0xf01fffff]
[    0.293632] pci 0000:00:03.0: [1022:2000] type 00 class 0x020000
[    0.294343] pci 0000:00:03.0: reg 0x10: [io  0xd020-0xd03f]
[    0.294991] pci 0000:00:03.0: reg 0x14: [mem 0xf0200000-0xf0200fff]
[    0.299435] pci 0000:00:04.0: [80ee:cafe] type 00 class 0x088000
[    0.300108] pci 0000:00:04.0: reg 0x10: [io  0xd040-0xd05f]
[    0.300738] pci 0000:00:04.0: reg 0x14: [mem 0xf0400000-0xf07fffff]
[    0.300952] pci 0000:00:04.0: reg 0x18: [mem 0xf0800000-0xf0803fff pref]
[    0.304515] pci 0000:00:07.0: [8086:7113] type 00 class 0x068000
[    0.305113] pci 0000:00:07.0: quirk: [io  0x4000-0x403f] claimed by PIIX4 ACPI
[    0.305123] pci 0000:00:07.0: quirk: [io  0x4100-0x410f] claimed by PIIX4 SMB
[    0.305734] pci 0000:00:08.0: [8086:100e] type 00 class 0x020000
[    0.306462] pci 0000:00:08.0: reg 0x10: [mem 0xf0820000-0xf083ffff]
[    0.307656] pci 0000:00:08.0: reg 0x18: [io  0xd060-0xd067]
[    0.311049] pci 0000:00:09.0: [8086:100e] type 00 class 0x020000
[    0.311777] pci 0000:00:09.0: reg 0x10: [mem 0xf0840000-0xf085ffff]
[    0.313502] pci 0000:00:09.0: reg 0x18: [io  0xd068-0xd06f]
[    0.321984] ACPI: PCI Interrupt Link [LNKA] (IRQs 5 9 10 *11)
[    0.322264] ACPI: PCI Interrupt Link [LNKB] (IRQs 5 9 *10 11)
[    0.324860] ACPI: PCI Interrupt Link [LNKC] (IRQs 5 *9 10 11)
[    0.324964] ACPI: PCI Interrupt Link [LNKD] (IRQs 5 9 10 *11)
[    0.325225] iommu: Default domain type: Translated 
[    0.325288] pci 0000:00:02.0: vgaarb: setting as boot VGA device
[    0.325290] pci 0000:00:02.0: vgaarb: VGA device added: decodes=io+mem,owns=io+mem,locks=none
[    0.325292] pci 0000:00:02.0: vgaarb: bridge control possible
[    0.325293] vgaarb: loaded
[    0.325506] SCSI subsystem initialized
[    0.325540] libata version 3.00 loaded.
[    0.325564] ACPI: bus type USB registered
[    0.325580] usbcore: registered new interface driver usbfs
[    0.325586] usbcore: registered new interface driver hub
[    0.325591] usbcore: registered new device driver usb
[    0.325619] pps_core: LinuxPPS API ver. 1 registered
[    0.325619] pps_core: Software ver. 5.3.6 - Copyright 2005-2007 Rodolfo Giometti <giometti@linux.it>
[    0.325622] PTP clock support registered
[    0.325654] EDAC MC: Ver: 3.0.0
[    0.325941] PCI: Using ACPI for IRQ routing
[    0.325943] PCI: pci_cache_line_size set to 64 bytes
[    0.326119] e820: reserve RAM buffer [mem 0x0009fc00-0x0009ffff]
[    0.326123] e820: reserve RAM buffer [mem 0x7fff0000-0x7fffffff]
[    0.326985] NetLabel: Initializing
[    0.326986] NetLabel:  domain hash size = 128
[    0.326986] NetLabel:  protocols = UNLABELED CIPSOv4 CALIPSO
[    0.327006] NetLabel:  unlabeled traffic allowed by default
[    0.327940] clocksource: Switched to clocksource kvm-clock
[    0.339653] *** VALIDATE bpf ***
[    0.339720] VFS: Disk quotas dquot_6.6.0
[    0.339733] VFS: Dquot-cache hash table entries: 512 (order 0, 4096 bytes)
[    0.339755] *** VALIDATE ramfs ***
[    0.339758] *** VALIDATE hugetlbfs ***
[    0.339841] AppArmor: AppArmor Filesystem Enabled
[    0.339867] pnp: PnP ACPI init
[    0.339938] pnp 00:00: Plug and Play ACPI device, IDs PNP0303 (active)
[    0.340005] pnp 00:01: Plug and Play ACPI device, IDs PNP0f03 (active)
[    0.340745] pnp: PnP ACPI: found 2 devices
[    0.341712] thermal_sys: Registered thermal governor 'fair_share'
[    0.341712] thermal_sys: Registered thermal governor 'bang_bang'
[    0.341713] thermal_sys: Registered thermal governor 'step_wise'
[    0.341714] thermal_sys: Registered thermal governor 'user_space'
[    0.341714] thermal_sys: Registered thermal governor 'power_allocator'
[    0.346225] clocksource: acpi_pm: mask: 0xffffff max_cycles: 0xffffff, max_idle_ns: 2085701024 ns
[    0.346266] pci_bus 0000:00: resource 4 [io  0x0000-0x0cf7 window]
[    0.346267] pci_bus 0000:00: resource 5 [io  0x0d00-0xffff window]
[    0.346269] pci_bus 0000:00: resource 6 [mem 0x000a0000-0x000bffff window]
[    0.346270] pci_bus 0000:00: resource 7 [mem 0x80000000-0xfdffffff window]
[    0.346328] NET: Registered protocol family 2
[    0.346400] IP idents hash table entries: 32768 (order: 6, 262144 bytes, linear)
[    0.346804] MPTCP tokens hash table entries: 8192 (order: 4, 65536 bytes, linear)
[    0.346824] MPTCP request tokens hash table entries: 8192 (order: 4, 65536 bytes, linear)
[    0.346849] default registered
[    0.346849] default registered
[    0.346850] MPTCP: Stable release v0.96
[    0.346855] tcp_listen_portaddr_hash hash table entries: 1024 (order: 2, 16384 bytes, linear)
[    0.346936] TCP established hash table entries: 16384 (order: 5, 131072 bytes, linear)
[    0.347001] TCP bind hash table entries: 16384 (order: 6, 262144 bytes, linear)
[    0.347026] TCP: Hash tables configured (established 16384 bind 16384)
[    0.347764] UDP hash table entries: 1024 (order: 3, 32768 bytes, linear)
[    0.347775] UDP-Lite hash table entries: 1024 (order: 3, 32768 bytes, linear)
[    0.347813] NET: Registered protocol family 1
[    0.347821] NET: Registered protocol family 44
[    0.347844] pci 0000:00:00.0: Limiting direct PCI/PCI transfers
[    0.347856] pci 0000:00:01.0: Activating ISA DMA hang workarounds
[    0.347912] pci 0000:00:02.0: Video device with shadowed ROM at [mem 0x000c0000-0x000dffff]
[    0.347973] PCI: CLS 0 bytes, default 64
[    0.348023] Trying to unpack rootfs image as initramfs...
[    0.523426] Freeing initrd memory: 47868K
[    0.523426] clocksource: tsc: mask: 0xffffffffffffffff max_cycles: 0x1e4530a99b6, max_idle_ns: 440795257976 ns
[    0.523426] clocksource: Switched to clocksource tsc
[    0.523426] platform rtc_cmos: registered platform RTC device (no PNP device found)
[    0.523426] check: Scanning for low memory corruption every 60 seconds
[    0.523426] Initialise system trusted keyrings
[    0.523426] Key type blacklist registered
[    0.523426] workingset: timestamp_bits=36 max_order=19 bucket_order=0
[    0.523426] zbud: loaded
[    0.523426] squashfs: version 4.0 (2009/01/31) Phillip Lougher
[    0.523426] fuse: init (API version 7.31)
[    0.523426] *** VALIDATE fuse ***
[    0.523426] *** VALIDATE fuse ***
[    0.523426] Platform Keyring initialized
[    0.535508] Key type asymmetric registered
[    0.535510] Asymmetric key parser 'x509' registered
[    0.535520] Block layer SCSI generic (bsg) driver version 0.4 loaded (major 244)
[    0.535557] io scheduler mq-deadline registered
[    0.535677] shpchp: Standard Hot Plug PCI Controller Driver version: 0.4
[    0.535871] ACPI: AC Adapter [AC] (on-line)
[    0.535915] input: Power Button as /devices/LNXSYSTM:00/LNXPWRBN:00/input/input0
[    0.535944] ACPI: Power Button [PWRF]
[    0.536021] input: Sleep Button as /devices/LNXSYSTM:00/LNXSLPBN:00/input/input1
[    0.536035] ACPI: Sleep Button [SLPF]
[    0.536254] Serial: 8250/16550 driver, 32 ports, IRQ sharing enabled
[    0.537516] Linux agpgart interface v0.103
[    0.627074] loop: module loaded
[    0.627232] ata_piix 0000:00:01.1: version 2.13
[    0.627637] scsi host0: ata_piix
[    0.627726] scsi host1: ata_piix
[    0.627753] ata1: PATA max UDMA/33 cmd 0x1f0 ctl 0x3f6 bmdma 0xd000 irq 14
[    0.627754] ata2: PATA max UDMA/33 cmd 0x170 ctl 0x376 bmdma 0xd008 irq 15
[    0.627834] tun: Universal TUN/TAP device driver, 1.6
[    0.628136] PPP generic driver version 2.4.2
[    0.628178] VFIO - User Level meta-driver version: 0.3
[    0.628412] ehci_hcd: USB 2.0 'Enhanced' Host Controller (EHCI) Driver
[    0.628417] ehci-pci: EHCI PCI platform driver
[    0.628432] ehci-platform: EHCI generic platform driver
[    0.628438] ohci_hcd: USB 1.1 'Open' Host Controller (OHCI) Driver
[    0.628440] ohci-pci: OHCI PCI platform driver
[    0.628447] ohci-platform: OHCI generic platform driver
[    0.628451] uhci_hcd: USB Universal Host Controller Interface driver
[    0.628514] i8042: PNP: PS/2 Controller [PNP0303:PS2K,PNP0f03:PS2M] at 0x60,0x64 irq 1,12
[    0.628951] serio: i8042 KBD port at 0x60,0x64 irq 1
[    0.628955] serio: i8042 AUX port at 0x60,0x64 irq 12
[    0.629040] mousedev: PS/2 mouse device common for all mice
[    0.629287] input: AT Translated Set 2 keyboard as /devices/platform/i8042/serio0/input/input2
[    0.629697] rtc_cmos rtc_cmos: registered as rtc0
[    0.629710] rtc_cmos rtc_cmos: alarms up to one day, 114 bytes nvram
[    0.629715] i2c /dev entries driver
[    0.629758] device-mapper: uevent: version 1.0.3
[    0.629800] device-mapper: ioctl: 4.41.0-ioctl (2019-09-16) initialised: dm-devel@redhat.com
[    0.629815] platform eisa.0: Probing EISA bus 0
[    0.629817] platform eisa.0: EISA: Cannot allocate resource for mainboard
[    0.629818] platform eisa.0: Cannot allocate resource for EISA slot 1
[    0.629819] platform eisa.0: Cannot allocate resource for EISA slot 2
[    0.629820] platform eisa.0: Cannot allocate resource for EISA slot 3
[    0.629821] platform eisa.0: Cannot allocate resource for EISA slot 4
[    0.629822] platform eisa.0: Cannot allocate resource for EISA slot 5
[    0.629823] platform eisa.0: Cannot allocate resource for EISA slot 6
[    0.629824] platform eisa.0: Cannot allocate resource for EISA slot 7
[    0.629825] platform eisa.0: Cannot allocate resource for EISA slot 8
[    0.629826] platform eisa.0: EISA: Detected 0 cards
[    0.629828] intel_pstate: CPU model not supported
[    0.629839] ledtrig-cpu: registered to indicate activity on CPUs
[    0.629891] drop_monitor: Initializing network drop monitor service
[    0.630048] NET: Registered protocol family 10
[    0.635114] Segment Routing with IPv6
[    0.635142] fullmesh registered
[    0.635143] ndiffports registered
[    0.635145] binder registered
[    0.635146] roundrobin registered
[    0.635146] redundant registered
[    0.635147] blest registered
[    0.635148] ecf registered
[    0.635149] NET: Registered protocol family 17
[    0.635179] Key type dns_resolver registered
[    0.635204] RAS: Correctable Errors collector initialized.
[    0.635204] IPI shorthand broadcast: enabled
[    0.635204] sched_clock: Marking stable (620173460, 11030839)->(633437835, -2233536)
[    0.635353] registered taskstats version 1
[    0.635362] Loading compiled-in X.509 certificates
[    0.635947] Loaded X.509 cert 'Build time autogenerated kernel key: 6909f3744cebb3d0de528d5887b96a727de79b1e'
[    0.635964] zswap: loaded using pool lzo/zbud
[    0.636017] Key type ._fscrypt registered
[    0.636018] Key type .fscrypt registered
[    0.640597] Key type big_key registered
[    0.643057] Key type encrypted registered
[    0.643060] AppArmor: AppArmor sha1 policy hashing enabled
[    0.643067] ima: No TPM chip found, activating TPM-bypass!
[    0.643071] ima: Allocated hash algorithm: sha1
[    0.643076] ima: No architecture policies found
[    0.643085] evm: Initialising EVM extended attributes:
[    0.643086] evm: security.selinux
[    0.643086] evm: security.SMACK64
[    0.643087] evm: security.SMACK64EXEC
[    0.643087] evm: security.SMACK64TRANSMUTE
[    0.643087] evm: security.SMACK64MMAP
[    0.643088] evm: security.apparmor
[    0.643088] evm: security.ima
[    0.643089] evm: security.capability
[    0.643089] evm: HMAC attrs: 0x1
[    0.643381] PM:   Magic number: 10:813:904
[    0.643496] rtc_cmos rtc_cmos: setting system clock to 2026-01-17T21:51:40 UTC (1768686700)
[    0.799017] ata1.00: ATA-6: VBOX HARDDISK, 1.0, max UDMA/133
[    0.799019] ata1.00: 209715200 sectors, multi 128: LBA 
[    0.799519] scsi 0:0:0:0: Direct-Access     ATA      VBOX HARDDISK    1.0  PQ: 0 ANSI: 5
[    0.799725] sd 0:0:0:0: [sda] 209715200 512-byte logical blocks: (107 GB/100 GiB)
[    0.799733] sd 0:0:0:0: [sda] Write Protect is off
[    0.799735] sd 0:0:0:0: [sda] Mode Sense: 00 3a 00 00
[    0.799748] sd 0:0:0:0: [sda] Write cache: enabled, read cache: enabled, doesn't support DPO or FUA
[    0.799975] sd 0:0:0:0: Attached scsi generic sg0 type 0
[    0.801119]  sda: sda1 sda2
[    0.811177] sd 0:0:0:0: [sda] Attached SCSI disk
[    0.813693] Freeing unused decrypted memory: 2040K
[    0.814445] Freeing unused kernel image memory: 2728K
[    0.814447] Write protecting the kernel read-only data: 22528k
[    0.815193] Freeing unused kernel image memory: 2036K
[    0.815617] Freeing unused kernel image memory: 1432K
[    0.832325] x86/mm: Checked W+X mappings: passed, no W+X pages found.
[    0.832329] Run /init as init process
[    0.933395] ACPI: Video Device [GFX0] (multi-head: yes  rom: no  post: no)
[    0.933467] input: Video Bus as /devices/LNXSYSTM:00/LNXSYBUS:00/PNP0A03:00/LNXVIDEO:00/input/input4
[    0.946378] pcnet32: pcnet32.c:v1.35 21.Apr.2008 tsbogend@alpha.franken.de
[    0.948052] piix4_smbus 0000:00:07.0: SMBus Host Controller at 0x4100, revision 0
[    0.950523] e1000: Intel(R) PRO/1000 Network Driver - version 7.3.21-k8-NAPI
[    0.950524] e1000: Copyright (c) 1999-2006 Intel Corporation.
[    0.960299] pcnet32: PCnet/FAST III 79C973 at 0xd020, 08:00:27:30:b7:80 assigned IRQ 19
[    0.960343] pcnet32: Found PHY 0022:561b at address 0
[    0.960641] pcnet32: eth0: registered as PCnet/FAST III 79C973
[    0.966755] pcnet32: 1 cards_found
[    1.022617] pcnet32 0000:00:03.0 enp0s3: renamed from eth0
[    1.168107] input: ImExPS/2 Generic Explorer Mouse as /devices/platform/i8042/serio1/input/input5
[    1.359483] e1000 0000:00:08.0 eth0: (PCI:33MHz:32-bit) 08:00:27:97:fb:7f
[    1.359489] e1000 0000:00:08.0 eth0: Intel(R) PRO/1000 Network Connection
[    1.735521] e1000 0000:00:09.0 eth1: (PCI:33MHz:32-bit) 08:00:27:e9:e2:f3
[    1.735524] e1000 0000:00:09.0 eth1: Intel(R) PRO/1000 Network Connection
[    1.736808] e1000 0000:00:09.0 enp0s9: renamed from eth1
[    1.738701] e1000 0000:00:08.0 enp0s8: renamed from eth0
[    1.907176] EXT4-fs (sda2): mounted filesystem with ordered data mode. Opts: (null)
[    2.008459] systemd[1]: Inserted module 'autofs4'
[    2.021222] systemd[1]: systemd 245.4-4ubuntu3 running in system mode. (+PAM +AUDIT +SELINUX +IMA +APPARMOR +SMACK +SYSVINIT +UTMP +LIBCRYPTSETUP +GCRYPT +GNUTLS +ACL +XZ +LZ4 +SECCOMP +BLKID +ELFUTILS +KMOD +IDN2 -IDN +PCRE2 default-hierarchy=hybrid)
[    2.021257] systemd[1]: Detected virtualization oracle.
[    2.021260] systemd[1]: Detected architecture x86-64.
[    2.022649] systemd[1]: Set hostname to <ztg>.
[    2.159340] systemd[1]: /lib/systemd/system/dbus.socket:5: ListenStream= references a path below legacy directory /var/run/, updating /var/run/dbus/system_bus_socket â†’ /run/dbus/system_bus_socket; please update the unit file accordingly.
[    2.215154] systemd[1]: Created slice system-modprobe.slice.
[    2.215362] systemd[1]: Created slice User and Session Slice.
[    2.215408] systemd[1]: Started Forward Password Requests to Wall Directory Watch.
[    2.215593] systemd[1]: Set up automount Arbitrary Executable File Formats File System Automount Point.
[    2.215630] systemd[1]: Reached target User and Group Name Lookups.
[    2.215640] systemd[1]: Reached target Remote File Systems.
[    2.215649] systemd[1]: Reached target Slices.
[    2.216247] systemd[1]: Listening on Syslog Socket.
[    2.216320] systemd[1]: Listening on fsck to fsckd communication Socket.
[    2.216361] systemd[1]: Listening on initctl Compatibility Named Pipe.
[    2.216508] systemd[1]: Listening on Journal Audit Socket.
[    2.216564] systemd[1]: Listening on Journal Socket (/dev/log).
[    2.216634] systemd[1]: Listening on Journal Socket.
[    2.216700] systemd[1]: Listening on udev Control Socket.
[    2.216740] systemd[1]: Listening on udev Kernel Socket.
[    2.217623] systemd[1]: Mounting Huge Pages File System...
[    2.218667] systemd[1]: Mounting POSIX Message Queue File System...
[    2.219702] systemd[1]: Mounting Kernel Debug File System...
[    2.220958] systemd[1]: Mounting Kernel Trace File System...
[    2.246735] systemd[1]: Starting Journal Service...
[    2.249041] systemd[1]: Starting Set the console keyboard layout...
[    2.257094] systemd[1]: Starting Create list of static device nodes for the current kernel...
[    2.262349] systemd[1]: Starting Load Kernel Module drm...
[    2.263196] systemd[1]: Condition check resulted in Set Up Additional Binary Formats being skipped.
[    2.263241] systemd[1]: Condition check resulted in File System Check on Root Device being skipped.
[    2.283907] systemd[1]: Starting Load Kernel Modules...
[    2.285555] systemd[1]: Starting Remount Root and Kernel File Systems...
[    2.291112] systemd[1]: Starting udev Coldplug all Devices...
[    2.316353] systemd[1]: Starting Uncomplicated firewall...
[    2.317780] systemd[1]: Mounted Huge Pages File System.
[    2.317881] systemd[1]: Mounted POSIX Message Queue File System.
[    2.317962] systemd[1]: Mounted Kernel Debug File System.
[    2.318052] systemd[1]: Mounted Kernel Trace File System.
[    2.327305] EXT4-fs (sda2): re-mounted. Opts: errors=remount-ro
[    2.329255] systemd[1]: Finished Create list of static device nodes for the current kernel.
[    2.330441] systemd[1]: modprobe@drm.service: Succeeded.
[    2.335898] systemd[1]: Finished Load Kernel Module drm.
[    2.342222] systemd[1]: Finished Remount Root and Kernel File Systems.
[    2.344355] lp: driver loaded but no devices found
[    2.345755] systemd[1]: Finished Uncomplicated firewall.
[    2.363027] systemd[1]: Condition check resulted in Rebuild Hardware Database being skipped.
[    2.363067] systemd[1]: Condition check resulted in Platform Persistent Storage Archival being skipped.
[    2.363798] systemd[1]: Starting Load/Save Random Seed...
[    2.365685] ppdev: user-space parallel port driver
[    2.383136] systemd[1]: Starting Create System Users...
[    2.395944] systemd[1]: Finished Load/Save Random Seed.
[    2.401532] systemd[1]: Finished Create System Users.
[    2.403439] systemd[1]: Starting Create Static Device Nodes in /dev...
[    2.441428] systemd[1]: Finished Create Static Device Nodes in /dev.
[    2.442399] systemd[1]: Starting udev Kernel Device Manager...
[    2.470736] systemd[1]: Finished udev Coldplug all Devices.
[    2.471721] [drm] DMA map mode: Caching DMA mappings.
[    2.471792] [drm] Capabilities:
[    2.471792] [drm]   Rect copy.
[    2.471793] [drm]   Cursor.
[    2.471793] [drm]   Cursor bypass.
[    2.471793] [drm]   Cursor bypass 2.
[    2.471794] [drm]   Alpha cursor.
[    2.471794] [drm]   Extended Fifo.
[    2.471794] [drm]   Pitchlock.
[    2.471795] [drm]   Irq mask.
[    2.471795] [drm]   GMR.
[    2.471795] [drm]   Traces.
[    2.471796] [drm]   GMR2.
[    2.471796] [drm]   Screen Object 2.
[    2.471796] [drm]   Command Buffers.
[    2.471797] [drm]   Command Buffers 2.
[    2.471797] [drm]   Guest Backed Resources.
[    2.471799] [drm] Max GMR ids is 8192
[    2.471799] [drm] Max number of GMR pages is 1048576
[    2.471800] [drm] Max dedicated hypervisor surface memory is 393216 kiB
[    2.471800] [drm] Maximum display memory size is 131072 kiB
[    2.471801] [drm] VRAM at 0xe0000000 size is 131072 kiB
[    2.471802] [drm] MMIO at 0xf0000000 size is 2048 kiB
[    2.473944] [TTM] Zone  kernel: Available graphics memory: 1011738 KiB
[    2.473944] [TTM] Initializing pool allocator
[    2.473948] [TTM] Initializing DMA pool allocator
[    2.473987] [drm] Supports vblank timestamp caching Rev 2 (21.10.2013).
[    2.473987] [drm] No driver support for vblank timestamp query.
[    2.474259] [drm] Screen Target Display device initialized
[    2.474601] [drm] width 720
[    2.474610] [drm] height 400
[    2.474614] [drm] bpp 32
[    2.475201] [drm] Fifo max 0x00200000 min 0x00001000 cap 0x00000355
[    2.477070] [drm] Using command buffers with DMA pool.
[    2.477074] [drm] DX: no.
[    2.477074] [drm] Atomic: yes.
[    2.477075] [drm] SM4_1: no.
[    2.477095] [drm:vmw_host_log [vmwgfx]] *ERROR* Failed to send host log message.
[    2.478051] [drm:vmw_host_log [vmwgfx]] *ERROR* Failed to send host log message.
[    2.504001] fbcon: svgadrmfb (fb0) is primary device
[    2.509981] Console: switching to colour frame buffer device 100x37
[    2.517360] [drm] Initialized vmwgfx 2.15.0 20180704 for 0000:00:02.0 on minor 0
[    2.518417] systemd[1]: Finished Load Kernel Modules.
[    2.519858] systemd[1]: Mounting FUSE Control File System...
[    2.522342] systemd[1]: Mounting Kernel Configuration File System...
[    2.534712] systemd[1]: Starting Apply Kernel Variables...
[    2.556619] systemd[1]: Finished Set the console keyboard layout.
[    2.557378] systemd[1]: Mounted FUSE Control File System.
[    2.557483] systemd[1]: Mounted Kernel Configuration File System.
[    2.557559] systemd[1]: Reached target Local File Systems (Pre).
[    2.557585] systemd[1]: Condition check resulted in VMware vmblock fuse mount being skipped.
[    2.579672] systemd[1]: Mounting Mount unit for bare, revision 5...
[    2.586459] systemd[1]: Mounting Mount unit for core18, revision 1705...
[    2.599870] systemd[1]: Mounting Mount unit for gnome-3-34-1804, revision 24...
[    2.604607] systemd[1]: Mounting Mount unit for gtk-common-themes, revision 1506...
[    2.609154] systemd[1]: Mounting Mount unit for gtk-common-themes, revision 1535...
[    2.617903] systemd[1]: Mounting Mount unit for snap-store, revision 433...
[    2.643179] systemd[1]: Mounting Mount unit for snapd, revision 7264...
[    2.660186] systemd[1]: Finished Apply Kernel Variables.
[    2.660353] systemd[1]: Mounted Mount unit for bare, revision 5.
[    2.660447] systemd[1]: Mounted Mount unit for core18, revision 1705.
[    2.660531] systemd[1]: Mounted Mount unit for gnome-3-34-1804, revision 24.
[    2.671579] systemd[1]: Mounted Mount unit for gtk-common-themes, revision 1506.
[    2.674571] systemd[1]: Started udev Kernel Device Manager.
[    2.676558] systemd[1]: Starting Show Plymouth Boot Screen...
[    2.681074] systemd[1]: Mounted Mount unit for snap-store, revision 433.
[    2.681208] systemd[1]: Received SIGRTMIN+20 from PID 277 (plymouthd).
[    2.703427] systemd[1]: Started Show Plymouth Boot Screen.
[    2.703638] systemd[1]: Condition check resulted in Dispatch Password Requests to Console Directory Watch being skipped.
[    2.703730] systemd[1]: Started Forward Password Requests to Plymouth Directory Watch.
[    2.703823] systemd[1]: Reached target Local Encrypted Volumes.
[    2.754584] systemd[1]: Mounted Mount unit for gtk-common-themes, revision 1535.
[    2.756377] systemd[1]: Mounted Mount unit for snapd, revision 7264.
[    2.756549] systemd[1]: Reached target Local File Systems.
[    2.768837] systemd[1]: Starting Load AppArmor profiles...
[    2.776688] systemd[1]: Starting Set console font and keymap...
[    2.787480] systemd[1]: Starting Tell Plymouth To Write Out Runtime Data...
[    2.790730] systemd[1]: Condition check resulted in Store a System Token in an EFI Variable being skipped.
[    2.790766] systemd[1]: Condition check resulted in Commit a transient machine-id on disk being skipped.
[    2.791682] systemd[1]: Finished Set console font and keymap.
[    2.799258] systemd[1]: Received SIGRTMIN+20 from PID 277 (plymouthd).
[    2.800617] systemd[1]: plymouth-read-write.service: Succeeded.
[    2.800866] systemd[1]: Finished Tell Plymouth To Write Out Runtime Data.
[    2.825408] audit: type=1400 audit(1768686702.676:2): apparmor="STATUS" operation="profile_load" profile="unconfined" name="nvidia_modprobe" pid=302 comm="apparmor_parser"
[    2.825411] audit: type=1400 audit(1768686702.676:3): apparmor="STATUS" operation="profile_load" profile="unconfined" name="nvidia_modprobe//kmod" pid=302 comm="apparmor_parser"
[    2.833984] audit: type=1400 audit(1768686702.684:4): apparmor="STATUS" operation="profile_load" profile="unconfined" name="/usr/sbin/tcpdump" pid=303 comm="apparmor_parser"
[    2.878947] audit: type=1400 audit(1768686702.724:5): apparmor="STATUS" operation="profile_load" profile="unconfined" name="/usr/bin/evince" pid=305 comm="apparmor_parser"
[    2.878949] audit: type=1400 audit(1768686702.724:6): apparmor="STATUS" operation="profile_load" profile="unconfined" name="/usr/bin/evince//sanitized_helper" pid=305 comm="apparmor_parser"
[    2.878951] audit: type=1400 audit(1768686702.724:7): apparmor="STATUS" operation="profile_load" profile="unconfined" name="/usr/bin/evince-previewer" pid=305 comm="apparmor_parser"
[    2.878952] audit: type=1400 audit(1768686702.724:8): apparmor="STATUS" operation="profile_load" profile="unconfined" name="/usr/bin/evince-previewer//sanitized_helper" pid=305 comm="apparmor_parser"
[    2.878954] audit: type=1400 audit(1768686702.724:9): apparmor="STATUS" operation="profile_load" profile="unconfined" name="/usr/bin/evince-thumbnailer" pid=305 comm="apparmor_parser"
[    2.912633] audit: type=1400 audit(1768686702.764:10): apparmor="STATUS" operation="profile_load" profile="unconfined" name="/usr/lib/cups/backend/cups-pdf" pid=306 comm="apparmor_parser"
[    2.967658] systemd[1]: Finished Load AppArmor profiles.
[    2.968769] systemd[1]: Starting Load AppArmor profiles managed internally by snapd...
[    3.047756] systemd[1]: Finished Load AppArmor profiles managed internally by snapd.
[    3.230138] systemd[1]: Started Journal Service.
[    3.240393] systemd-journald[229]: Received client request to flush runtime journal.
[    3.244366] systemd-journald[229]: File /var/log/journal/c455b248004a419c87ce85eea238d727/system.journal corrupted or uncleanly shut down, renaming and replacing.
[    4.650022] RAPL PMU: API unit is 2^-32 Joules, 0 fixed counters, 10737418240 ms ovfl timer
[    4.747451] cryptd: max_cpu_qlen set to 1000
[    4.783509] AVX2 version of gcm_enc/dec engaged.
[    4.783510] AES CTR mode by8 optimization enabled
[    5.570953] Adding 1998844k swap on /dev/sda1.  Priority:-2 extents:1 across:1998844k FS
[    7.226736] kauditd_printk_skb: 30 callbacks suppressed
[    7.226738] audit: type=1400 audit(1768686707.076:41): apparmor="DENIED" operation="capable" profile="/usr/sbin/cups-browsed" pid=501 comm="cups-browsed" capability=23  capname="sys_nice"
[    7.803223] pcnet32 0000:00:03.0 enp0s3: link up, 100Mbps, full-duplex
[    7.839009] e1000: enp0s8 NIC Link is Up 1000 Mbps Full Duplex, Flow Control: RX
[    7.839282] IPv6: ADDRCONF(NETDEV_CHANGE): enp0s8: link becomes ready
[    7.850800] e1000: enp0s9 NIC Link is Up 1000 Mbps Full Duplex, Flow Control: RX
[    7.851114] IPv6: ADDRCONF(NETDEV_CHANGE): enp0s9: link becomes ready
[    8.357403] device enp0s3 entered promiscuous mode
[    8.391086] audit: type=1400 audit(1768686708.236:42): apparmor="DENIED" operation="open" profile="/usr/sbin/tcpdump" name="/proc/sys/kernel/random/boot_id" pid=693 comm="tcpdump" requested_mask="r" denied_mask="r" fsuid=0 ouid=0
[    8.392932] audit: type=1400 audit(1768686708.236:43): apparmor="DENIED" operation="open" profile="/usr/sbin/tcpdump" name="/proc/sys/kernel/random/boot_id" pid=693 comm="tcpdump" requested_mask="r" denied_mask="r" fsuid=0 ouid=0
[    8.393081] audit: type=1400 audit(1768686708.236:44): apparmor="DENIED" operation="open" profile="/usr/sbin/tcpdump" name="/proc/sys/kernel/random/boot_id" pid=693 comm="tcpdump" requested_mask="r" denied_mask="r" fsuid=0 ouid=0
[    8.393300] audit: type=1400 audit(1768686708.236:45): apparmor="DENIED" operation="open" profile="/usr/sbin/tcpdump" name="/proc/sys/kernel/random/boot_id" pid=693 comm="tcpdump" requested_mask="r" denied_mask="r" fsuid=0 ouid=0
[    8.403044] audit: type=1400 audit(1768686708.256:46): apparmor="DENIED" operation="open" profile="/usr/sbin/tcpdump" name="/proc/sys/kernel/random/boot_id" pid=694 comm="tcpdump" requested_mask="r" denied_mask="r" fsuid=0 ouid=0
[    8.407528] audit: type=1400 audit(1768686708.256:47): apparmor="DENIED" operation="open" profile="/usr/sbin/tcpdump" name="/proc/sys/kernel/random/boot_id" pid=694 comm="tcpdump" requested_mask="r" denied_mask="r" fsuid=0 ouid=0
[    8.407701] audit: type=1400 audit(1768686708.256:48): apparmor="DENIED" operation="open" profile="/usr/sbin/tcpdump" name="/proc/sys/kernel/random/boot_id" pid=694 comm="tcpdump" requested_mask="r" denied_mask="r" fsuid=0 ouid=0
[    8.407893] audit: type=1400 audit(1768686708.256:49): apparmor="DENIED" operation="open" profile="/usr/sbin/tcpdump" name="/proc/sys/kernel/random/boot_id" pid=694 comm="tcpdump" requested_mask="r" denied_mask="r" fsuid=0 ouid=0
[   13.044366] rfkill: input handler disabled
[   96.045433] rfkill: input handler enabled
[  104.835456] rfkill: input handler disabled
[  211.678532] AAAAA-TCP_FORW: name:enp0s3: saddr:100932208: daddr:33561200
[  211.812021] AAAAA-TCP_FORW: name:enp0s3: saddr:100932208: daddr:33561200
[  211.932391] AAAAA-TCP_FORW: name:enp0s3: saddr:100932208: daddr:33561200
[  212.065826] AAAAA-TCP_FORW: name:enp0s3: saddr:100932208: daddr:33561200
[  212.225189] AAAAA-TCP_FORW: name:enp0s3: saddr:100932208: daddr:33561200
[  212.355384] AAAAA-TCP_FORW: name:enp0s3: saddr:100932208: daddr:33561200
[  212.449067] AAAAA-TCP_FORW: name:enp0s3: saddr:100932208: daddr:33561200
[  212.495049] AAAAA-TCP_FORW: name:enp0s3: saddr:100932208: daddr:33561200
[  212.543551] AAAAA-TCP_FORW: name:enp0s3: saddr:100932208: daddr:16783984
[  212.578572] AAAAA-TCP_FORW: name:enp0s3: saddr:100932208: daddr:16783984
[  212.629459] AAAAA-TCP_FORW: name:enp0s3: saddr:100932208: daddr:16783984
[  212.721817] AAAAA-TCP_FORW: name:enp0s3: saddr:100932208: daddr:16783984
[  212.829544] AAAAA-TCP_FORW: name:enp0s3: saddr:100932208: daddr:16783984
[  212.869839] AAAAA-TCP_FORW: name:enp0s3: saddr:100932208: daddr:16783984
[  228.089676] AAAAA-TCP_FORW: name:enp0s3: saddr:100932208: daddr:16783984
[  228.363275] AAAAA-TCP_FORW: name:enp0s3: saddr:100932208: daddr:16783984
[  228.461711] AAAAA-TCP_FORW: name:enp0s3: saddr:100932208: daddr:16783984
[  228.535656] AAAAA-TCP_FORW: name:enp0s3: saddr:100932208: daddr:16783984
[  228.611215] AAAAA-TCP_FORW: name:enp0s3: saddr:100932208: daddr:16783984
[  228.774695] AAAAA-TCP_FORW: name:enp0s3: saddr:100932208: daddr:16783984
[  228.872513] AAAAA-TCP_FORW: name:enp0s3: saddr:100932208: daddr:16783984
[  229.000071] AAAAA-TCP_FORW: name:enp0s3: saddr:100932208: daddr:16783984
[  229.068231] AAAAA-TCP_FORW: name:enp0s3: saddr:100932208: daddr:16783984
[  229.308827] AAAAA-TCP_FORW: name:enp0s3: saddr:100932208: daddr:16783984
[  229.459196] AAAAA-TCP_FORW: name:enp0s3: saddr:100932208: daddr:16783984
[  229.526158] AAAAA-TCP_FORW: name:enp0s3: saddr:100932208: daddr:16783984
[  229.663220] AAAAA-TCP_FORW: name:enp0s3: saddr:100932208: daddr:16783984
[  229.805446] AAAAA-TCP_FORW: name:enp0s3: saddr:100932208: daddr:16783984
[  229.977193] AAAAA-TCP_FORW: name:enp0s3: saddr:100932208: daddr:16783984
[  230.033608] AAAAA-TCP_FORW: name:enp0s3: saddr:100932208: daddr:16783984
[  230.133865] AAAAA-TCP_FORW: name:enp0s3: saddr:100932208: daddr:16783984
[  230.301119] AAAAA-TCP_FORW: name:enp0s3: saddr:100932208: daddr:16783984
[  230.399403] AAAAA-TCP_FORW: name:enp0s3: saddr:100932208: daddr:33561200
[  230.485048] AAAAA-TCP_FORW: name:enp0s3: saddr:100932208: daddr:33561200
[  230.632035] AAAAA-TCP_FORW: name:enp0s3: saddr:100932208: daddr:33561200
[  230.699372] AAAAA-TCP_FORW: name:enp0s3: saddr:100932208: daddr:33561200
[  230.779867] AAAAA-TCP_FORW: name:enp0s3: saddr:100932208: daddr:33561200
[  230.878762] AAAAA-TCP_FORW: name:enp0s3: saddr:100932208: daddr:16783984
[  230.982212] AAAAA-TCP_FORW: name:enp0s3: saddr:100932208: daddr:16783984
[  231.141304] AAAAA-TCP_FORW: name:enp0s3: saddr:100932208: daddr:33561200
[  231.418569] AAAAA-TCP_FORW: name:enp0s3: saddr:100932208: daddr:33561200
[  231.601036] AAAAA-TCP_FORW: name:enp0s3: saddr:100932208: daddr:16783984
[  231.916084] AAAAA-TCP_FORW: name:enp0s3: saddr:100932208: daddr:16783984
[  232.437839] AAAAA-TCP_FORW: name:enp0s3: saddr:100932208: daddr:33561200
[  232.657261] AAAAA-TCP_FORW: name:enp0s3: saddr:100932208: daddr:33561200
[  232.779059] AAAAA-TCP_FORW: name:enp0s3: saddr:100932208: daddr:16783984
[  232.986754] AAAAA-TCP_FORW: name:enp0s3: saddr:100932208: daddr:16783984
[  233.463410] AAAAA-TCP_FORW: name:enp0s3: saddr:100932208: daddr:16783984
[  233.905915] AAAAA-TCP_FORW: name:enp0s3: saddr:100932208: daddr:33561200
[  234.199235] AAAAA-TCP_FORW: name:enp0s3: saddr:100932208: daddr:33561200
[  234.530687] AAAAA-TCP_FORW: name:enp0s3: saddr:100932208: daddr:33561200
[  234.692538] AAAAA-TCP_FORW: name:enp0s3: saddr:100932208: daddr:16783984
[  235.496253] AAAAA-TCP_FORW: name:enp0s3: saddr:100932208: daddr:16783984
[  239.382007] AAAAA-TCP_FORW: name:enp0s3: saddr:100932208: daddr:33561200
[  239.632552] AAAAA-TCP_FORW: name:enp0s3: saddr:100932208: daddr:33561200
[  239.823295] AAAAA-TCP_FORW: name:enp0s3: saddr:100932208: daddr:16783984
[  240.059570] AAAAA-TCP_FORW: name:enp0s3: saddr:100932208: daddr:33561200
[  240.217788] AAAAA-TCP_FORW: name:enp0s3: saddr:100932208: daddr:16783984
[  240.342428] AAAAA-TCP_FORW: name:enp0s3: saddr:100932208: daddr:16783984
[  376.430929] device enp0s3 left promiscuous mode
