[    0.000000] Linux version 5.4.243-mptcp (root@ztg) (gcc version 12.2.0 (Debian 12.2.0-14+deb12u1)) #53 SMP Wed Dec 24 23:28:15 CST 2025
[    0.000000] Command line: BOOT_IMAGE=/boot/vmlinuz-5.4.243-mptcp root=UUID=98415a12-53b7-4144-8265-0f7ece09e445 ro quiet splash
[    0.000000] KERNEL supported cpus:
[    0.000000]   Intel GenuineIntel
[    0.000000]   AMD AuthenticAMD
[    0.000000]   Hygon HygonGenuine
[    0.000000]   Centaur CentaurHauls
[    0.000000]   zhaoxin   Shanghai  
[    0.000000] x86/fpu: Supporting XSAVE feature 0x001: 'x87 floating point registers'
[    0.000000] x86/fpu: Supporting XSAVE feature 0x002: 'SSE registers'
[    0.000000] x86/fpu: Supporting XSAVE feature 0x004: 'AVX registers'
[    0.000000] x86/fpu: xstate_offset[2]:  576, xstate_sizes[2]:  256
[    0.000000] x86/fpu: Enabled xstate features 0x7, context size is 832 bytes, using 'standard' format.
[    0.000000] BIOS-provided physical RAM map:
[    0.000000] BIOS-e820: [mem 0x0000000000000000-0x000000000009fbff] usable
[    0.000000] BIOS-e820: [mem 0x000000000009fc00-0x000000000009ffff] reserved
[    0.000000] BIOS-e820: [mem 0x00000000000f0000-0x00000000000fffff] reserved
[    0.000000] BIOS-e820: [mem 0x0000000000100000-0x000000007ffeffff] usable
[    0.000000] BIOS-e820: [mem 0x000000007fff0000-0x000000007fffffff] ACPI data
[    0.000000] BIOS-e820: [mem 0x00000000fec00000-0x00000000fec00fff] reserved
[    0.000000] BIOS-e820: [mem 0x00000000fee00000-0x00000000fee00fff] reserved
[    0.000000] BIOS-e820: [mem 0x00000000fffc0000-0x00000000ffffffff] reserved
[    0.000000] NX (Execute Disable) protection: active
[    0.000000] SMBIOS 2.5 present.
[    0.000000] DMI: innotek GmbH VirtualBox/VirtualBox, BIOS VirtualBox 12/01/2006
[    0.000000] Hypervisor detected: KVM
[    0.000000] kvm-clock: Using msrs 4b564d01 and 4b564d00
[    0.000000] kvm-clock: cpu 0, msr 47601001, primary cpu clock
[    0.000000] kvm-clock: using sched offset of 4461220111 cycles
[    0.000003] clocksource: kvm-clock: mask: 0xffffffffffffffff max_cycles: 0x1cd42e4dffb, max_idle_ns: 881590591483 ns
[    0.000005] tsc: Detected 2100.000 MHz processor
[    0.001885] e820: update [mem 0x00000000-0x00000fff] usable ==> reserved
[    0.001888] e820: remove [mem 0x000a0000-0x000fffff] usable
[    0.001891] last_pfn = 0x7fff0 max_arch_pfn = 0x400000000
[    0.001960] MTRR default type: uncachable
[    0.001960] MTRR fixed ranges enabled:
[    0.001962]   00000-9FFFF write-back
[    0.001962]   A0000-BFFFF uncachable
[    0.001963]   C0000-FFFFF write-protect
[    0.001964] MTRR variable ranges enabled:
[    0.001965]   0 base 000000000000 mask 3FFF80000000 write-back
[    0.001966]   1 disabled
[    0.001966]   2 disabled
[    0.001967]   3 disabled
[    0.001967]   4 disabled
[    0.001967]   5 disabled
[    0.001968]   6 disabled
[    0.001968]   7 disabled
[    0.001969]   8 disabled
[    0.001969]   9 disabled
[    0.001970]   10 disabled
[    0.001970]   11 disabled
[    0.001970]   12 disabled
[    0.001971]   13 disabled
[    0.001971]   14 disabled
[    0.001972]   15 disabled
[    0.001988] x86/PAT: Configuration [0-7]: WB  WC  UC- UC  WB  WP  UC- WT  
[    0.002121] found SMP MP-table at [mem 0x0009fff0-0x0009ffff]
[    0.093525] check: Scanning 1 areas for low memory corruption
[    0.093768] RAMDISK: [mem 0x32271000-0x3512ffff]
[    0.093775] ACPI: Early table checksum verification disabled
[    0.093781] ACPI: RSDP 0x00000000000E0000 000024 (v02 VBOX  )
[    0.093786] ACPI: XSDT 0x000000007FFF0030 00003C (v01 VBOX   VBOXXSDT 00000001 ASL  00000061)
[    0.093792] ACPI: FACP 0x000000007FFF00F0 0000F4 (v04 VBOX   VBOXFACP 00000001 ASL  00000061)
[    0.093798] ACPI: DSDT 0x000000007FFF02E0 002353 (v02 VBOX   VBOXBIOS 00000002 VBOX 00029BF3)
[    0.093803] ACPI: FACS 0x000000007FFF0200 000040
[    0.093806] ACPI: FACS 0x000000007FFF0200 000040
[    0.093809] ACPI: APIC 0x000000007FFF0240 000054 (v02 VBOX   VBOXAPIC 00000001 ASL  00000061)
[    0.093813] ACPI: SSDT 0x000000007FFF02A0 000038 (v01 VBOX   VBOXCPUT 00000002 VBOX 00029BF3)
[    0.093816] ACPI: Reserving FACP table memory at [mem 0x7fff00f0-0x7fff01e3]
[    0.093817] ACPI: Reserving DSDT table memory at [mem 0x7fff02e0-0x7fff2632]
[    0.093817] ACPI: Reserving FACS table memory at [mem 0x7fff0200-0x7fff023f]
[    0.093818] ACPI: Reserving FACS table memory at [mem 0x7fff0200-0x7fff023f]
[    0.093819] ACPI: Reserving APIC table memory at [mem 0x7fff0240-0x7fff0293]
[    0.093819] ACPI: Reserving SSDT table memory at [mem 0x7fff02a0-0x7fff02d7]
[    0.093833] ACPI: Local APIC address 0xfee00000
[    0.094022] No NUMA configuration found
[    0.094023] Faking a node at [mem 0x0000000000000000-0x000000007ffeffff]
[    0.094033] NODE_DATA(0) allocated [mem 0x7ffc5000-0x7ffeffff]
[    0.094294] Zone ranges:
[    0.094295]   DMA      [mem 0x0000000000001000-0x0000000000ffffff]
[    0.094296]   DMA32    [mem 0x0000000001000000-0x000000007ffeffff]
[    0.094297]   Normal   empty
[    0.094298]   Device   empty
[    0.094299] Movable zone start for each node
[    0.094301] Early memory node ranges
[    0.094301]   node   0: [mem 0x0000000000001000-0x000000000009efff]
[    0.094302]   node   0: [mem 0x0000000000100000-0x000000007ffeffff]
[    0.094306] Zeroed struct page in unavailable ranges: 114 pages
[    0.094307] Initmem setup node 0 [mem 0x0000000000001000-0x000000007ffeffff]
[    0.094308] On node 0 totalpages: 524174
[    0.094309]   DMA zone: 64 pages used for memmap
[    0.094310]   DMA zone: 21 pages reserved
[    0.094310]   DMA zone: 3998 pages, LIFO batch:0
[    0.094383]   DMA32 zone: 8128 pages used for memmap
[    0.094384]   DMA32 zone: 520176 pages, LIFO batch:63
[    0.103734] ACPI: PM-Timer IO Port: 0x4008
[    0.103738] ACPI: Local APIC address 0xfee00000
[    0.103879] IOAPIC[0]: apic_id 1, version 32, address 0xfec00000, GSI 0-23
[    0.103883] ACPI: INT_SRC_OVR (bus 0 bus_irq 0 global_irq 2 dfl dfl)
[    0.103884] ACPI: INT_SRC_OVR (bus 0 bus_irq 9 global_irq 9 low level)
[    0.103886] ACPI: IRQ0 used by override.
[    0.103887] ACPI: IRQ9 used by override.
[    0.103890] Using ACPI (MADT) for SMP configuration information
[    0.103903] smpboot: Allowing 1 CPUs, 0 hotplug CPUs
[    0.103960] PM: Registered nosave memory: [mem 0x00000000-0x00000fff]
[    0.103961] PM: Registered nosave memory: [mem 0x0009f000-0x0009ffff]
[    0.103962] PM: Registered nosave memory: [mem 0x000a0000-0x000effff]
[    0.103963] PM: Registered nosave memory: [mem 0x000f0000-0x000fffff]
[    0.103964] [mem 0x80000000-0xfebfffff] available for PCI devices
[    0.103965] Booting paravirtualized kernel on KVM
[    0.103968] clocksource: refined-jiffies: mask: 0xffffffff max_cycles: 0xffffffff, max_idle_ns: 7645519600211568 ns
[    0.103973] setup_percpu: NR_CPUS:8192 nr_cpumask_bits:1 nr_cpu_ids:1 nr_node_ids:1
[    0.104989] percpu: Embedded 60 pages/cpu s208896 r8192 d28672 u2097152
[    0.104993] pcpu-alloc: s208896 r8192 d28672 u2097152 alloc=1*2097152
[    0.104994] pcpu-alloc: [0] 0 
[    0.105041] Built 1 zonelists, mobility grouping on.  Total pages: 515961
[    0.105042] Policy zone: DMA32
[    0.105043] Kernel command line: BOOT_IMAGE=/boot/vmlinuz-5.4.243-mptcp root=UUID=98415a12-53b7-4144-8265-0f7ece09e445 ro quiet splash
[    0.105878] Dentry cache hash table entries: 262144 (order: 9, 2097152 bytes, linear)
[    0.106026] Inode-cache hash table entries: 131072 (order: 8, 1048576 bytes, linear)
[    0.106130] mem auto-init: stack:off, heap alloc:on, heap free:off
[    0.106133] Calgary: detecting Calgary via BIOS EBDA area
[    0.106135] Calgary: Unable to locate Rio Grande table in EBDA - bailing!
[    0.110267] Memory: 1967332K/2096696K available (14339K kernel code, 2398K rwdata, 4712K rodata, 2728K init, 17260K bss, 129364K reserved, 0K cma-reserved)
[    0.111206] SLUB: HWalign=64, Order=0-3, MinObjects=0, CPUs=1, Nodes=1
[    0.111222] ftrace: allocating 43186 entries in 169 pages
[    0.129349] rcu: Hierarchical RCU implementation.
[    0.129351] rcu: 	RCU restricting CPUs from NR_CPUS=8192 to nr_cpu_ids=1.
[    0.129352] 	Tasks RCU enabled.
[    0.129353] rcu: RCU calculated value of scheduler-enlistment delay is 25 jiffies.
[    0.129354] rcu: Adjusting geometry for rcu_fanout_leaf=16, nr_cpu_ids=1
[    0.132321] NR_IRQS: 524544, nr_irqs: 256, preallocated irqs: 16
[    0.132533] random: crng init done
[    0.141879] Console: colour VGA+ 80x25
[    0.141884] printk: console [tty0] enabled
[    0.141903] ACPI: Core revision 20190816
[    0.142041] APIC: Switch to symmetric I/O mode setup
[    0.142294] x2apic enabled
[    0.142531] Switched APIC routing to physical x2apic.
[    0.143686] ..TIMER: vector=0x30 apic1=0 pin1=2 apic2=-1 pin2=-1
[    0.143710] clocksource: tsc-early: mask: 0xffffffffffffffff max_cycles: 0x1e4530a99b6, max_idle_ns: 440795257976 ns
[    0.143715] Calibrating delay loop (skipped) preset value.. 4200.00 BogoMIPS (lpj=8400000)
[    0.143717] pid_max: default: 32768 minimum: 301
[    0.143746] LSM: Security Framework initializing
[    0.143755] Yama: becoming mindful.
[    0.143780] AppArmor: AppArmor initialized
[    0.143816] Mount-cache hash table entries: 4096 (order: 3, 32768 bytes, linear)
[    0.143821] Mountpoint-cache hash table entries: 4096 (order: 3, 32768 bytes, linear)
[    0.143831] *** VALIDATE tmpfs ***
[    0.143964] *** VALIDATE proc ***
[    0.144005] *** VALIDATE cgroup1 ***
[    0.144007] *** VALIDATE cgroup2 ***
[    0.144151] process: using mwait in idle threads
[    0.144156] Last level iTLB entries: 4KB 64, 2MB 8, 4MB 8
[    0.144157] Last level dTLB entries: 4KB 64, 2MB 0, 4MB 0, 1GB 4
[    0.144177] Spectre V1 : Mitigation: usercopy/swapgs barriers and __user pointer sanitization
[    0.144182] Spectre V2 : Mitigation: Retpolines
[    0.144183] Spectre V2 : Spectre v2 / SpectreRSB mitigation: Filling RSB on context switch
[    0.144183] Spectre V2 : Spectre v2 / SpectreRSB : Filling RSB on VMEXIT
[    0.144184] RETBleed: WARNING: Spectre v2 mitigation leaves CPU vulnerable to RETBleed attacks, data leaks possible!
[    0.144539] RETBleed: Vulnerable
[    0.144540] Speculative Store Bypass: Vulnerable
[    0.144544] TAA: Mitigation: TSX disabled
[    0.144545] MMIO Stale Data: Mitigation: Clear CPU buffers
[    0.148746] Freeing SMP alternatives memory: 40K
[    0.261177] smpboot: CPU0: Intel(R) Xeon(R) Silver 4216 CPU @ 2.10GHz (family: 0x6, model: 0x55, stepping: 0x7)
[    0.261326] Performance Events: unsupported p6 CPU model 85 no PMU driver, software events only.
[    0.261365] rcu: Hierarchical SRCU implementation.
[    0.261865] NMI watchdog: Perf NMI watchdog permanently disabled
[    0.261904] smp: Bringing up secondary CPUs ...
[    0.261905] smp: Brought up 1 node, 1 CPU
[    0.261906] smpboot: Max logical packages: 1
[    0.261907] smpboot: Total of 1 processors activated (4200.00 BogoMIPS)
[    0.262909] devtmpfs: initialized
[    0.262957] x86/mm: Memory block size: 128MB
[    0.263315] clocksource: jiffies: mask: 0xffffffff max_cycles: 0xffffffff, max_idle_ns: 7645041785100000 ns
[    0.263321] futex hash table entries: 256 (order: 2, 16384 bytes, linear)
[    0.263366] pinctrl core: initialized pinctrl subsystem
[    0.263475] PM: RTC time: 21:52:19, date: 2026-01-17
[    0.263587] NET: Registered protocol family 16
[    0.263661] audit: initializing netlink subsys (disabled)
[    0.263712] EISA bus registered
[    0.263712] cpuidle: using governor ladder
[    0.263712] cpuidle: using governor menu
[    0.263712] ACPI: bus type PCI registered
[    0.263712] acpiphp: ACPI Hot Plug PCI Controller Driver version: 0.5
[    0.263712] PCI: Using configuration type 1 for base access
[    0.264099] audit: type=2000 audit(1768657946.295:1): state=initialized audit_enabled=0 res=1
[    0.264181] HugeTLB registered 2.00 MiB page size, pre-allocated 0 pages
[    0.265003] ACPI: Added _OSI(Module Device)
[    0.265003] ACPI: Added _OSI(Processor Device)
[    0.265004] ACPI: Added _OSI(3.0 _SCP Extensions)
[    0.265005] ACPI: Added _OSI(Processor Aggregator Device)
[    0.265006] ACPI: Added _OSI(Linux-Dell-Video)
[    0.265007] ACPI: Added _OSI(Linux-Lenovo-NV-HDMI-Audio)
[    0.265007] ACPI: Added _OSI(Linux-HPI-Hybrid-Graphics)
[    0.266954] ACPI: 2 ACPI AML tables successfully acquired and loaded
[    0.268610] ACPI: Interpreter enabled
[    0.268620] ACPI: (supports S0 S5)
[    0.268621] ACPI: Using IOAPIC for interrupt routing
[    0.268827] PCI: Using host bridge windows from ACPI; if necessary, use "pci=nocrs" and report a bug
[    0.268935] ACPI: Enabled 2 GPEs in block 00 to 07
[    0.273750] ACPI: PCI Root Bridge [PCI0] (domain 0000 [bus 00-ff])
[    0.273756] acpi PNP0A03:00: _OSC: OS supports [ASPM ClockPM Segments MSI HPX-Type3]
[    0.274200] acpi PNP0A03:00: _OSC: not requesting OS control; OS requires [ExtendedConfig ASPM ClockPM MSI]
[    0.274209] acpi PNP0A03:00: fail to add MMCONFIG information, can't access extended PCI configuration space under this bridge.
[    0.274585] PCI host bridge to bus 0000:00
[    0.274587] pci_bus 0000:00: root bus resource [io  0x0000-0x0cf7 window]
[    0.274588] pci_bus 0000:00: root bus resource [io  0x0d00-0xffff window]
[    0.274590] pci_bus 0000:00: root bus resource [mem 0x000a0000-0x000bffff window]
[    0.274591] pci_bus 0000:00: root bus resource [mem 0x80000000-0xfdffffff window]
[    0.274592] pci_bus 0000:00: root bus resource [bus 00-ff]
[    0.274633] pci 0000:00:00.0: [8086:1237] type 00 class 0x060000
[    0.275591] pci 0000:00:01.0: [8086:7000] type 00 class 0x060100
[    0.276370] pci 0000:00:01.1: [8086:7111] type 00 class 0x01018a
[    0.276754] pci 0000:00:01.1: reg 0x20: [io  0xd000-0xd00f]
[    0.276911] pci 0000:00:01.1: legacy IDE quirk: reg 0x10: [io  0x01f0-0x01f7]
[    0.276912] pci 0000:00:01.1: legacy IDE quirk: reg 0x14: [io  0x03f6]
[    0.276913] pci 0000:00:01.1: legacy IDE quirk: reg 0x18: [io  0x0170-0x0177]
[    0.276914] pci 0000:00:01.1: legacy IDE quirk: reg 0x1c: [io  0x0376]
[    0.277454] pci 0000:00:02.0: [15ad:0405] type 00 class 0x030000
[    0.279796] pci 0000:00:02.0: reg 0x10: [io  0xd010-0xd01f]
[    0.283760] pci 0000:00:02.0: reg 0x14: [mem 0xe0000000-0xe7ffffff pref]
[    0.286467] pci 0000:00:02.0: reg 0x18: [mem 0xf0000000-0xf01fffff]
[    0.296527] pci 0000:00:03.0: [1022:2000] type 00 class 0x020000
[    0.297231] pci 0000:00:03.0: reg 0x10: [io  0xd020-0xd03f]
[    0.297859] pci 0000:00:03.0: reg 0x14: [mem 0xf0200000-0xf0200fff]
[    0.302255] pci 0000:00:04.0: [80ee:cafe] type 00 class 0x088000
[    0.302944] pci 0000:00:04.0: reg 0x10: [io  0xd040-0xd05f]
[    0.303558] pci 0000:00:04.0: reg 0x14: [mem 0xf0400000-0xf07fffff]
[    0.303834] pci 0000:00:04.0: reg 0x18: [mem 0xf0800000-0xf0803fff pref]
[    0.307384] pci 0000:00:07.0: [8086:7113] type 00 class 0x068000
[    0.307993] pci 0000:00:07.0: quirk: [io  0x4000-0x403f] claimed by PIIX4 ACPI
[    0.308005] pci 0000:00:07.0: quirk: [io  0x4100-0x410f] claimed by PIIX4 SMB
[    0.308634] pci 0000:00:08.0: [8086:100e] type 00 class 0x020000
[    0.309344] pci 0000:00:08.0: reg 0x10: [mem 0xf0820000-0xf083ffff]
[    0.310511] pci 0000:00:08.0: reg 0x18: [io  0xd060-0xd067]
[    0.313827] pci 0000:00:09.0: [8086:100e] type 00 class 0x020000
[    0.314585] pci 0000:00:09.0: reg 0x10: [mem 0xf0840000-0xf085ffff]
[    0.315712] pci 0000:00:09.0: reg 0x18: [io  0xd068-0xd06f]
[    0.324779] ACPI: PCI Interrupt Link [LNKA] (IRQs 5 9 10 *11)
[    0.325068] ACPI: PCI Interrupt Link [LNKB] (IRQs 5 9 *10 11)
[    0.325174] ACPI: PCI Interrupt Link [LNKC] (IRQs 5 *9 10 11)
[    0.325276] ACPI: PCI Interrupt Link [LNKD] (IRQs 5 9 10 *11)
[    0.325543] iommu: Default domain type: Translated 
[    0.325603] pci 0000:00:02.0: vgaarb: setting as boot VGA device
[    0.325605] pci 0000:00:02.0: vgaarb: VGA device added: decodes=io+mem,owns=io+mem,locks=none
[    0.325607] pci 0000:00:02.0: vgaarb: bridge control possible
[    0.325608] vgaarb: loaded
[    0.327886] SCSI subsystem initialized
[    0.327919] libata version 3.00 loaded.
[    0.327944] ACPI: bus type USB registered
[    0.327960] usbcore: registered new interface driver usbfs
[    0.327966] usbcore: registered new interface driver hub
[    0.327972] usbcore: registered new device driver usb
[    0.328000] pps_core: LinuxPPS API ver. 1 registered
[    0.328001] pps_core: Software ver. 5.3.6 - Copyright 2005-2007 Rodolfo Giometti <giometti@linux.it>
[    0.328003] PTP clock support registered
[    0.328037] EDAC MC: Ver: 3.0.0
[    0.328332] PCI: Using ACPI for IRQ routing
[    0.328333] PCI: pci_cache_line_size set to 64 bytes
[    0.328506] e820: reserve RAM buffer [mem 0x0009fc00-0x0009ffff]
[    0.328510] e820: reserve RAM buffer [mem 0x7fff0000-0x7fffffff]
[    0.329307] NetLabel: Initializing
[    0.329307] NetLabel:  domain hash size = 128
[    0.329308] NetLabel:  protocols = UNLABELED CIPSOv4 CALIPSO
[    0.329328] NetLabel:  unlabeled traffic allowed by default
[    0.330223] clocksource: Switched to clocksource kvm-clock
[    0.342019] *** VALIDATE bpf ***
[    0.342074] VFS: Disk quotas dquot_6.6.0
[    0.342086] VFS: Dquot-cache hash table entries: 512 (order 0, 4096 bytes)
[    0.342109] *** VALIDATE ramfs ***
[    0.342112] *** VALIDATE hugetlbfs ***
[    0.342190] AppArmor: AppArmor Filesystem Enabled
[    0.342214] pnp: PnP ACPI init
[    0.342274] pnp 00:00: Plug and Play ACPI device, IDs PNP0303 (active)
[    0.342338] pnp 00:01: Plug and Play ACPI device, IDs PNP0f03 (active)
[    0.343081] pnp: PnP ACPI: found 2 devices
[    0.344105] thermal_sys: Registered thermal governor 'fair_share'
[    0.344105] thermal_sys: Registered thermal governor 'bang_bang'
[    0.344106] thermal_sys: Registered thermal governor 'step_wise'
[    0.344107] thermal_sys: Registered thermal governor 'user_space'
[    0.344107] thermal_sys: Registered thermal governor 'power_allocator'
[    0.348642] clocksource: acpi_pm: mask: 0xffffff max_cycles: 0xffffff, max_idle_ns: 2085701024 ns
[    0.348684] pci_bus 0000:00: resource 4 [io  0x0000-0x0cf7 window]
[    0.348685] pci_bus 0000:00: resource 5 [io  0x0d00-0xffff window]
[    0.348686] pci_bus 0000:00: resource 6 [mem 0x000a0000-0x000bffff window]
[    0.348687] pci_bus 0000:00: resource 7 [mem 0x80000000-0xfdffffff window]
[    0.348746] NET: Registered protocol family 2
[    0.348821] IP idents hash table entries: 32768 (order: 6, 262144 bytes, linear)
[    0.349230] MPTCP tokens hash table entries: 8192 (order: 4, 65536 bytes, linear)
[    0.349250] MPTCP request tokens hash table entries: 8192 (order: 4, 65536 bytes, linear)
[    0.349276] default registered
[    0.349276] default registered
[    0.349277] MPTCP: Stable release v0.96
[    0.349282] tcp_listen_portaddr_hash hash table entries: 1024 (order: 2, 16384 bytes, linear)
[    0.349364] TCP established hash table entries: 16384 (order: 5, 131072 bytes, linear)
[    0.349430] TCP bind hash table entries: 16384 (order: 6, 262144 bytes, linear)
[    0.349456] TCP: Hash tables configured (established 16384 bind 16384)
[    0.350160] UDP hash table entries: 1024 (order: 3, 32768 bytes, linear)
[    0.350172] UDP-Lite hash table entries: 1024 (order: 3, 32768 bytes, linear)
[    0.350207] NET: Registered protocol family 1
[    0.350215] NET: Registered protocol family 44
[    0.350236] pci 0000:00:00.0: Limiting direct PCI/PCI transfers
[    0.350249] pci 0000:00:01.0: Activating ISA DMA hang workarounds
[    0.350304] pci 0000:00:02.0: Video device with shadowed ROM at [mem 0x000c0000-0x000dffff]
[    0.350362] PCI: CLS 0 bytes, default 64
[    0.350411] Trying to unpack rootfs image as initramfs...
[    0.532092] Freeing initrd memory: 47868K
[    0.532092] clocksource: tsc: mask: 0xffffffffffffffff max_cycles: 0x1e4530a99b6, max_idle_ns: 440795257976 ns
[    0.532092] clocksource: Switched to clocksource tsc
[    0.532092] platform rtc_cmos: registered platform RTC device (no PNP device found)
[    0.532092] check: Scanning for low memory corruption every 60 seconds
[    0.532092] Initialise system trusted keyrings
[    0.532092] Key type blacklist registered
[    0.532092] workingset: timestamp_bits=36 max_order=19 bucket_order=0
[    0.534013] zbud: loaded
[    0.534371] squashfs: version 4.0 (2009/01/31) Phillip Lougher
[    0.534507] fuse: init (API version 7.31)
[    0.534523] *** VALIDATE fuse ***
[    0.534525] *** VALIDATE fuse ***
[    0.534626] Platform Keyring initialized
[    0.536801] Key type asymmetric registered
[    0.536801] Asymmetric key parser 'x509' registered
[    0.536801] Block layer SCSI generic (bsg) driver version 0.4 loaded (major 244)
[    0.536801] io scheduler mq-deadline registered
[    0.536801] shpchp: Standard Hot Plug PCI Controller Driver version: 0.4
[    0.537957] ACPI: AC Adapter [AC] (on-line)
[    0.538005] input: Power Button as /devices/LNXSYSTM:00/LNXPWRBN:00/input/input0
[    0.538031] ACPI: Power Button [PWRF]
[    0.538109] input: Sleep Button as /devices/LNXSYSTM:00/LNXSLPBN:00/input/input1
[    0.538124] ACPI: Sleep Button [SLPF]
[    0.538372] Serial: 8250/16550 driver, 32 ports, IRQ sharing enabled
[    0.539520] Linux agpgart interface v0.103
[    0.635295] loop: module loaded
[    0.635463] ata_piix 0000:00:01.1: version 2.13
[    0.635890] scsi host0: ata_piix
[    0.635989] scsi host1: ata_piix
[    0.636016] ata1: PATA max UDMA/33 cmd 0x1f0 ctl 0x3f6 bmdma 0xd000 irq 14
[    0.636017] ata2: PATA max UDMA/33 cmd 0x170 ctl 0x376 bmdma 0xd008 irq 15
[    0.636105] tun: Universal TUN/TAP device driver, 1.6
[    0.636462] PPP generic driver version 2.4.2
[    0.636514] VFIO - User Level meta-driver version: 0.3
[    0.636775] ehci_hcd: USB 2.0 'Enhanced' Host Controller (EHCI) Driver
[    0.636781] ehci-pci: EHCI PCI platform driver
[    0.636798] ehci-platform: EHCI generic platform driver
[    0.636805] ohci_hcd: USB 1.1 'Open' Host Controller (OHCI) Driver
[    0.636807] ohci-pci: OHCI PCI platform driver
[    0.636814] ohci-platform: OHCI generic platform driver
[    0.636819] uhci_hcd: USB Universal Host Controller Interface driver
[    0.636888] i8042: PNP: PS/2 Controller [PNP0303:PS2K,PNP0f03:PS2M] at 0x60,0x64 irq 1,12
[    0.637345] serio: i8042 KBD port at 0x60,0x64 irq 1
[    0.637349] serio: i8042 AUX port at 0x60,0x64 irq 12
[    0.637443] mousedev: PS/2 mouse device common for all mice
[    0.637708] input: AT Translated Set 2 keyboard as /devices/platform/i8042/serio0/input/input2
[    0.638131] rtc_cmos rtc_cmos: registered as rtc0
[    0.638144] rtc_cmos rtc_cmos: alarms up to one day, 114 bytes nvram
[    0.638149] i2c /dev entries driver
[    0.638197] device-mapper: uevent: version 1.0.3
[    0.638241] device-mapper: ioctl: 4.41.0-ioctl (2019-09-16) initialised: dm-devel@redhat.com
[    0.638261] platform eisa.0: Probing EISA bus 0
[    0.638263] platform eisa.0: EISA: Cannot allocate resource for mainboard
[    0.638264] platform eisa.0: Cannot allocate resource for EISA slot 1
[    0.638265] platform eisa.0: Cannot allocate resource for EISA slot 2
[    0.638266] platform eisa.0: Cannot allocate resource for EISA slot 3
[    0.638267] platform eisa.0: Cannot allocate resource for EISA slot 4
[    0.638268] platform eisa.0: Cannot allocate resource for EISA slot 5
[    0.638269] platform eisa.0: Cannot allocate resource for EISA slot 6
[    0.638270] platform eisa.0: Cannot allocate resource for EISA slot 7
[    0.638271] platform eisa.0: Cannot allocate resource for EISA slot 8
[    0.638272] platform eisa.0: EISA: Detected 0 cards
[    0.638275] intel_pstate: CPU model not supported
[    0.638285] ledtrig-cpu: registered to indicate activity on CPUs
[    0.638347] drop_monitor: Initializing network drop monitor service
[    0.638517] NET: Registered protocol family 10
[    0.643440] Segment Routing with IPv6
[    0.643440] fullmesh registered
[    0.643440] ndiffports registered
[    0.643440] binder registered
[    0.643440] roundrobin registered
[    0.643440] redundant registered
[    0.643440] blest registered
[    0.643440] ecf registered
[    0.643440] NET: Registered protocol family 17
[    0.643440] Key type dns_resolver registered
[    0.643440] RAS: Correctable Errors collector initialized.
[    0.643440] IPI shorthand broadcast: enabled
[    0.643440] sched_clock: Marking stable (628251822, 11188613)->(641943964, -2503529)
[    0.643977] registered taskstats version 1
[    0.643986] Loading compiled-in X.509 certificates
[    0.644597] Loaded X.509 cert 'Build time autogenerated kernel key: 6909f3744cebb3d0de528d5887b96a727de79b1e'
[    0.644617] zswap: loaded using pool lzo/zbud
[    0.644673] Key type ._fscrypt registered
[    0.644674] Key type .fscrypt registered
[    0.649157] Key type big_key registered
[    0.651352] Key type encrypted registered
[    0.651354] AppArmor: AppArmor sha1 policy hashing enabled
[    0.651362] ima: No TPM chip found, activating TPM-bypass!
[    0.651365] ima: Allocated hash algorithm: sha1
[    0.651370] ima: No architecture policies found
[    0.651378] evm: Initialising EVM extended attributes:
[    0.651379] evm: security.selinux
[    0.651380] evm: security.SMACK64
[    0.651380] evm: security.SMACK64EXEC
[    0.651380] evm: security.SMACK64TRANSMUTE
[    0.651381] evm: security.SMACK64MMAP
[    0.651381] evm: security.apparmor
[    0.651382] evm: security.ima
[    0.651382] evm: security.capability
[    0.651383] evm: HMAC attrs: 0x1
[    0.651677] PM:   Magic number: 10:813:904
[    0.651781] rtc_cmos rtc_cmos: setting system clock to 2026-01-17T21:52:20 UTC (1768686740)
[    0.807522] ata1.00: ATA-6: VBOX HARDDISK, 1.0, max UDMA/133
[    0.807526] ata1.00: 209715200 sectors, multi 128: LBA 
[    0.808022] scsi 0:0:0:0: Direct-Access     ATA      VBOX HARDDISK    1.0  PQ: 0 ANSI: 5
[    0.808246] sd 0:0:0:0: [sda] 209715200 512-byte logical blocks: (107 GB/100 GiB)
[    0.808257] sd 0:0:0:0: [sda] Write Protect is off
[    0.808259] sd 0:0:0:0: [sda] Mode Sense: 00 3a 00 00
[    0.808274] sd 0:0:0:0: [sda] Write cache: enabled, read cache: enabled, doesn't support DPO or FUA
[    0.808540] sd 0:0:0:0: Attached scsi generic sg0 type 0
[    0.809488]  sda: sda1 sda2
[    0.819389] sd 0:0:0:0: [sda] Attached SCSI disk
[    0.821590] Freeing unused decrypted memory: 2040K
[    0.822346] Freeing unused kernel image memory: 2728K
[    0.822349] Write protecting the kernel read-only data: 22528k
[    0.823095] Freeing unused kernel image memory: 2036K
[    0.823527] Freeing unused kernel image memory: 1432K
[    0.839621] x86/mm: Checked W+X mappings: passed, no W+X pages found.
[    0.839625] Run /init as init process
[    0.947734] ACPI: Video Device [GFX0] (multi-head: yes  rom: no  post: no)
[    0.947827] input: Video Bus as /devices/LNXSYSTM:00/LNXSYBUS:00/PNP0A03:00/LNXVIDEO:00/input/input4
[    0.965347] piix4_smbus 0000:00:07.0: SMBus Host Controller at 0x4100, revision 0
[    0.969065] e1000: Intel(R) PRO/1000 Network Driver - version 7.3.21-k8-NAPI
[    0.969065] e1000: Copyright (c) 1999-2006 Intel Corporation.
[    0.975102] pcnet32: pcnet32.c:v1.35 21.Apr.2008 tsbogend@alpha.franken.de
[    0.994603] pcnet32: PCnet/FAST III 79C973 at 0xd020, 08:00:27:98:bd:77 assigned IRQ 19
[    0.994660] pcnet32: Found PHY 0022:561b at address 0
[    0.995098] pcnet32: eth0: registered as PCnet/FAST III 79C973
[    0.995134] pcnet32: 1 cards_found
[    1.057775] pcnet32 0000:00:03.0 enp0s3: renamed from eth0
[    1.196909] input: ImExPS/2 Generic Explorer Mouse as /devices/platform/i8042/serio1/input/input5
[    1.403721] e1000 0000:00:08.0 eth0: (PCI:33MHz:32-bit) 08:00:27:66:62:d1
[    1.403726] e1000 0000:00:08.0 eth0: Intel(R) PRO/1000 Network Connection
[    1.775693] e1000 0000:00:09.0 eth1: (PCI:33MHz:32-bit) 08:00:27:97:0e:d1
[    1.775696] e1000 0000:00:09.0 eth1: Intel(R) PRO/1000 Network Connection
[    1.776811] e1000 0000:00:09.0 enp0s9: renamed from eth1
[    1.778588] e1000 0000:00:08.0 enp0s8: renamed from eth0
[    1.932997] EXT4-fs (sda2): mounted filesystem with ordered data mode. Opts: (null)
[    2.019734] systemd[1]: Inserted module 'autofs4'
[    2.028232] systemd[1]: systemd 245.4-4ubuntu3 running in system mode. (+PAM +AUDIT +SELINUX +IMA +APPARMOR +SMACK +SYSVINIT +UTMP +LIBCRYPTSETUP +GCRYPT +GNUTLS +ACL +XZ +LZ4 +SECCOMP +BLKID +ELFUTILS +KMOD +IDN2 -IDN +PCRE2 default-hierarchy=hybrid)
[    2.028263] systemd[1]: Detected virtualization oracle.
[    2.028267] systemd[1]: Detected architecture x86-64.
[    2.029576] systemd[1]: Set hostname to <ztg>.
[    2.157016] systemd[1]: /lib/systemd/system/dbus.socket:5: ListenStream= references a path below legacy directory /var/run/, updating /var/run/dbus/system_bus_socket â†’ /run/dbus/system_bus_socket; please update the unit file accordingly.
[    2.209115] systemd[1]: Created slice system-modprobe.slice.
[    2.209300] systemd[1]: Created slice User and Session Slice.
[    2.209344] systemd[1]: Started Forward Password Requests to Wall Directory Watch.
[    2.209510] systemd[1]: Set up automount Arbitrary Executable File Formats File System Automount Point.
[    2.209541] systemd[1]: Reached target User and Group Name Lookups.
[    2.209549] systemd[1]: Reached target Remote File Systems.
[    2.209557] systemd[1]: Reached target Slices.
[    2.210064] systemd[1]: Listening on Syslog Socket.
[    2.210130] systemd[1]: Listening on fsck to fsckd communication Socket.
[    2.210169] systemd[1]: Listening on initctl Compatibility Named Pipe.
[    2.210306] systemd[1]: Listening on Journal Audit Socket.
[    2.210358] systemd[1]: Listening on Journal Socket (/dev/log).
[    2.210426] systemd[1]: Listening on Journal Socket.
[    2.210490] systemd[1]: Listening on udev Control Socket.
[    2.210528] systemd[1]: Listening on udev Kernel Socket.
[    2.211332] systemd[1]: Mounting Huge Pages File System...
[    2.212258] systemd[1]: Mounting POSIX Message Queue File System...
[    2.213187] systemd[1]: Mounting Kernel Debug File System...
[    2.214018] systemd[1]: Mounting Kernel Trace File System...
[    2.215971] systemd[1]: Starting Journal Service...
[    2.238221] systemd[1]: Starting Set the console keyboard layout...
[    2.246358] systemd[1]: Starting Create list of static device nodes for the current kernel...
[    2.248359] systemd[1]: Starting Load Kernel Module drm...
[    2.249360] systemd[1]: Condition check resulted in Set Up Additional Binary Formats being skipped.
[    2.249436] systemd[1]: Condition check resulted in File System Check on Root Device being skipped.
[    2.261144] systemd[1]: Starting Load Kernel Modules...
[    2.267436] systemd[1]: Starting Remount Root and Kernel File Systems...
[    2.276387] systemd[1]: Starting udev Coldplug all Devices...
[    2.304800] systemd[1]: Starting Uncomplicated firewall...
[    2.306309] systemd[1]: Mounted Huge Pages File System.
[    2.306395] systemd[1]: Mounted POSIX Message Queue File System.
[    2.306468] systemd[1]: Mounted Kernel Debug File System.
[    2.306536] systemd[1]: Mounted Kernel Trace File System.
[    2.307012] EXT4-fs (sda2): re-mounted. Opts: errors=remount-ro
[    2.329271] systemd[1]: Finished Create list of static device nodes for the current kernel.
[    2.330214] systemd[1]: modprobe@drm.service: Succeeded.
[    2.330613] systemd[1]: Finished Load Kernel Module drm.
[    2.337096] systemd[1]: Finished Remount Root and Kernel File Systems.
[    2.338061] systemd[1]: Finished Uncomplicated firewall.
[    2.339834] lp: driver loaded but no devices found
[    2.357880] systemd[1]: Condition check resulted in Rebuild Hardware Database being skipped.
[    2.357920] systemd[1]: Condition check resulted in Platform Persistent Storage Archival being skipped.
[    2.358646] systemd[1]: Starting Load/Save Random Seed...
[    2.363921] systemd[1]: Starting Create System Users...
[    2.369461] ppdev: user-space parallel port driver
[    2.382573] systemd[1]: Finished Load/Save Random Seed.
[    2.384193] systemd[1]: Finished Create System Users.
[    2.385534] systemd[1]: Starting Create Static Device Nodes in /dev...
[    2.435622] systemd[1]: Finished udev Coldplug all Devices.
[    2.438574] systemd[1]: Finished Create Static Device Nodes in /dev.
[    2.439514] systemd[1]: Starting udev Kernel Device Manager...
[    2.449195] [drm] DMA map mode: Caching DMA mappings.
[    2.449256] [drm] Capabilities:
[    2.449257] [drm]   Rect copy.
[    2.449257] [drm]   Cursor.
[    2.449258] [drm]   Cursor bypass.
[    2.449258] [drm]   Cursor bypass 2.
[    2.449258] [drm]   Alpha cursor.
[    2.449259] [drm]   Extended Fifo.
[    2.449259] [drm]   Pitchlock.
[    2.449259] [drm]   Irq mask.
[    2.449260] [drm]   GMR.
[    2.449260] [drm]   Traces.
[    2.449260] [drm]   GMR2.
[    2.449261] [drm]   Screen Object 2.
[    2.449261] [drm]   Command Buffers.
[    2.449261] [drm]   Command Buffers 2.
[    2.449262] [drm]   Guest Backed Resources.
[    2.449263] [drm] Max GMR ids is 8192
[    2.449263] [drm] Max number of GMR pages is 1048576
[    2.449264] [drm] Max dedicated hypervisor surface memory is 393216 kiB
[    2.449264] [drm] Maximum display memory size is 131072 kiB
[    2.449265] [drm] VRAM at 0xe0000000 size is 131072 kiB
[    2.449266] [drm] MMIO at 0xf0000000 size is 2048 kiB
[    2.467783] [TTM] Zone  kernel: Available graphics memory: 1011738 KiB
[    2.467784] [TTM] Initializing pool allocator
[    2.467787] [TTM] Initializing DMA pool allocator
[    2.467817] [drm] Supports vblank timestamp caching Rev 2 (21.10.2013).
[    2.467817] [drm] No driver support for vblank timestamp query.
[    2.468046] [drm] Screen Target Display device initialized
[    2.468263] [drm] width 720
[    2.468272] [drm] height 400
[    2.468276] [drm] bpp 32
[    2.468814] [drm] Fifo max 0x00200000 min 0x00001000 cap 0x00000355
[    2.469903] [drm] Using command buffers with DMA pool.
[    2.469909] [drm] DX: no.
[    2.469909] [drm] Atomic: yes.
[    2.469910] [drm] SM4_1: no.
[    2.469931] [drm:vmw_host_log [vmwgfx]] *ERROR* Failed to send host log message.
[    2.470848] [drm:vmw_host_log [vmwgfx]] *ERROR* Failed to send host log message.
[    2.486769] fbcon: svgadrmfb (fb0) is primary device
[    2.488927] Console: switching to colour frame buffer device 100x37
[    2.494284] [drm] Initialized vmwgfx 2.15.0 20180704 for 0000:00:02.0 on minor 0
[    2.496270] systemd[1]: Finished Load Kernel Modules.
[    2.497233] systemd[1]: Mounting FUSE Control File System...
[    2.498391] systemd[1]: Mounting Kernel Configuration File System...
[    2.511489] systemd[1]: Starting Apply Kernel Variables...
[    2.521472] systemd[1]: Mounted FUSE Control File System.
[    2.521543] systemd[1]: Condition check resulted in VMware vmblock fuse mount being skipped.
[    2.525962] systemd[1]: Mounted Kernel Configuration File System.
[    2.537250] systemd[1]: Finished Set the console keyboard layout.
[    2.537348] systemd[1]: Reached target Local File Systems (Pre).
[    2.539997] systemd[1]: Mounting Mount unit for bare, revision 5...
[    2.541961] systemd[1]: Mounting Mount unit for core18, revision 1705...
[    2.574688] systemd[1]: Mounting Mount unit for gnome-3-34-1804, revision 24...
[    2.580323] systemd[1]: Mounting Mount unit for gtk-common-themes, revision 1506...
[    2.583242] systemd[1]: Mounting Mount unit for gtk-common-themes, revision 1535...
[    2.591818] systemd[1]: Mounting Mount unit for snap-store, revision 433...
[    2.596593] systemd[1]: Mounting Mount unit for snapd, revision 7264...
[    2.620682] systemd[1]: Finished Apply Kernel Variables.
[    2.648686] systemd[1]: Mounted Mount unit for bare, revision 5.
[    2.648787] systemd[1]: Mounted Mount unit for core18, revision 1705.
[    2.657773] systemd[1]: Mounted Mount unit for gnome-3-34-1804, revision 24.
[    2.657872] systemd[1]: Mounted Mount unit for gtk-common-themes, revision 1506.
[    2.695592] systemd[1]: Started udev Kernel Device Manager.
[    2.696464] systemd[1]: Starting Show Plymouth Boot Screen...
[    2.700752] systemd[1]: Received SIGRTMIN+20 from PID 288 (plymouthd).
[    2.742329] systemd[1]: Started Show Plymouth Boot Screen.
[    2.742505] systemd[1]: Condition check resulted in Dispatch Password Requests to Console Directory Watch being skipped.
[    2.742598] systemd[1]: Started Forward Password Requests to Plymouth Directory Watch.
[    2.742727] systemd[1]: Reached target Local Encrypted Volumes.
[    2.758376] systemd[1]: Mounted Mount unit for snap-store, revision 433.
[    2.793666] systemd[1]: Mounted Mount unit for gtk-common-themes, revision 1535.
[    2.793925] systemd[1]: Mounted Mount unit for snapd, revision 7264.
[    2.794085] systemd[1]: Reached target Local File Systems.
[    2.796381] systemd[1]: Starting Load AppArmor profiles...
[    2.797290] systemd[1]: Starting Set console font and keymap...
[    2.810352] systemd[1]: Starting Tell Plymouth To Write Out Runtime Data...
[    2.810478] systemd[1]: Condition check resulted in Store a System Token in an EFI Variable being skipped.
[    2.810555] systemd[1]: Condition check resulted in Commit a transient machine-id on disk being skipped.
[    2.816518] systemd[1]: Finished Set console font and keymap.
[    2.835885] systemd[1]: Received SIGRTMIN+20 from PID 288 (plymouthd).
[    2.836262] systemd[1]: plymouth-read-write.service: Succeeded.
[    2.836534] systemd[1]: Finished Tell Plymouth To Write Out Runtime Data.
[    2.861329] audit: type=1400 audit(1768686742.704:2): apparmor="STATUS" operation="profile_load" profile="unconfined" name="nvidia_modprobe" pid=301 comm="apparmor_parser"
[    2.861331] audit: type=1400 audit(1768686742.704:3): apparmor="STATUS" operation="profile_load" profile="unconfined" name="nvidia_modprobe//kmod" pid=301 comm="apparmor_parser"
[    2.867954] audit: type=1400 audit(1768686742.712:4): apparmor="STATUS" operation="profile_load" profile="unconfined" name="/usr/sbin/tcpdump" pid=302 comm="apparmor_parser"
[    2.912889] audit: type=1400 audit(1768686742.752:5): apparmor="STATUS" operation="profile_load" profile="unconfined" name="/usr/bin/evince" pid=304 comm="apparmor_parser"
[    2.912891] audit: type=1400 audit(1768686742.752:6): apparmor="STATUS" operation="profile_load" profile="unconfined" name="/usr/bin/evince//sanitized_helper" pid=304 comm="apparmor_parser"
[    2.912893] audit: type=1400 audit(1768686742.752:7): apparmor="STATUS" operation="profile_load" profile="unconfined" name="/usr/bin/evince-previewer" pid=304 comm="apparmor_parser"
[    2.912894] audit: type=1400 audit(1768686742.752:8): apparmor="STATUS" operation="profile_load" profile="unconfined" name="/usr/bin/evince-previewer//sanitized_helper" pid=304 comm="apparmor_parser"
[    2.912896] audit: type=1400 audit(1768686742.752:9): apparmor="STATUS" operation="profile_load" profile="unconfined" name="/usr/bin/evince-thumbnailer" pid=304 comm="apparmor_parser"
[    2.945478] audit: type=1400 audit(1768686742.788:10): apparmor="STATUS" operation="profile_load" profile="unconfined" name="/usr/lib/cups/backend/cups-pdf" pid=305 comm="apparmor_parser"
[    3.018649] systemd[1]: Finished Load AppArmor profiles.
[    3.019580] systemd[1]: Starting Load AppArmor profiles managed internally by snapd...
[    3.088085] systemd[1]: Finished Load AppArmor profiles managed internally by snapd.
[    3.161419] systemd[1]: Started Journal Service.
[    3.169662] systemd-journald[229]: Received client request to flush runtime journal.
[    3.173908] systemd-journald[229]: File /var/log/journal/c455b248004a419c87ce85eea238d727/system.journal corrupted or uncleanly shut down, renaming and replacing.
[    4.545392] RAPL PMU: API unit is 2^-32 Joules, 0 fixed counters, 10737418240 ms ovfl timer
[    4.581007] cryptd: max_cpu_qlen set to 1000
[    4.650977] AVX2 version of gcm_enc/dec engaged.
[    4.650979] AES CTR mode by8 optimization enabled
[    5.491544] Adding 1998844k swap on /dev/sda1.  Priority:-2 extents:1 across:1998844k FS
[    7.270625] kauditd_printk_skb: 30 callbacks suppressed
[    7.270627] audit: type=1400 audit(1768686747.112:41): apparmor="DENIED" operation="capable" profile="/usr/sbin/cups-browsed" pid=499 comm="cups-browsed" capability=23  capname="sys_nice"
[    7.816965] pcnet32 0000:00:03.0 enp0s3: link up, 100Mbps, full-duplex
[    7.854678] e1000: enp0s8 NIC Link is Up 1000 Mbps Full Duplex, Flow Control: RX
[    7.854953] IPv6: ADDRCONF(NETDEV_CHANGE): enp0s8: link becomes ready
[    7.866920] e1000: enp0s9 NIC Link is Up 1000 Mbps Full Duplex, Flow Control: RX
[    7.867215] IPv6: ADDRCONF(NETDEV_CHANGE): enp0s9: link becomes ready
[    8.405431] device enp0s3 entered promiscuous mode
[    8.425400] audit: type=1400 audit(1768686748.272:42): apparmor="DENIED" operation="open" profile="/usr/sbin/tcpdump" name="/proc/sys/kernel/random/boot_id" pid=694 comm="tcpdump" requested_mask="r" denied_mask="r" fsuid=0 ouid=0
[    8.425666] audit: type=1400 audit(1768686748.272:43): apparmor="DENIED" operation="open" profile="/usr/sbin/tcpdump" name="/proc/sys/kernel/random/boot_id" pid=694 comm="tcpdump" requested_mask="r" denied_mask="r" fsuid=0 ouid=0
[    8.432890] audit: type=1400 audit(1768686748.272:44): apparmor="DENIED" operation="open" profile="/usr/sbin/tcpdump" name="/proc/sys/kernel/random/boot_id" pid=694 comm="tcpdump" requested_mask="r" denied_mask="r" fsuid=0 ouid=0
[    8.432948] audit: type=1400 audit(1768686748.272:45): apparmor="DENIED" operation="open" profile="/usr/sbin/tcpdump" name="/proc/sys/kernel/random/boot_id" pid=694 comm="tcpdump" requested_mask="r" denied_mask="r" fsuid=0 ouid=0
[    8.438743] audit: type=1400 audit(1768686748.280:46): apparmor="DENIED" operation="open" profile="/usr/sbin/tcpdump" name="/proc/sys/kernel/random/boot_id" pid=695 comm="tcpdump" requested_mask="r" denied_mask="r" fsuid=0 ouid=0
[    8.438942] audit: type=1400 audit(1768686748.280:47): apparmor="DENIED" operation="open" profile="/usr/sbin/tcpdump" name="/proc/sys/kernel/random/boot_id" pid=695 comm="tcpdump" requested_mask="r" denied_mask="r" fsuid=0 ouid=0
[    8.438983] audit: type=1400 audit(1768686748.280:48): apparmor="DENIED" operation="open" profile="/usr/sbin/tcpdump" name="/proc/sys/kernel/random/boot_id" pid=695 comm="tcpdump" requested_mask="r" denied_mask="r" fsuid=0 ouid=0
[    8.439085] audit: type=1400 audit(1768686748.280:49): apparmor="DENIED" operation="open" profile="/usr/sbin/tcpdump" name="/proc/sys/kernel/random/boot_id" pid=695 comm="tcpdump" requested_mask="r" denied_mask="r" fsuid=0 ouid=0
[   13.081249] rfkill: input handler disabled
[  155.826845] AAAAA-TCP_FORW: name:enp0s3: saddr:100932208: daddr:16783984
[  197.633834] AAAAA-TCP_FORW: name:enp0s3: saddr:16783984: daddr:100932208
[  197.766548] AAAAA-TCP_FORW: name:enp0s3: saddr:16783984: daddr:100932208
[  197.987764] AAAAA-TCP_FORW: name:enp0s3: saddr:16783984: daddr:100932208
[  198.116460] AAAAA-TCP_FORW: name:enp0s3: saddr:16783984: daddr:100932208
[  198.319632] AAAAA-TCP_FORW: name:enp0s3: saddr:16783984: daddr:100932208
[  200.166446] AAAAA-TCP_FORW: name:enp0s3: saddr:16783984: daddr:100932208
[  203.418876] AAAAA-TCP_FORW: name:enp0s3: saddr:16783984: daddr:100932208
[  204.077095] AAAAA-TCP_FORW: name:enp0s3: saddr:16783984: daddr:100932208
[  204.920375] AAAAA-TCP_FORW: name:enp0s3: saddr:16783984: daddr:100932208
[  473.888518] rfkill: input handler enabled
[  482.680360] rfkill: input handler disabled
[  659.370605] device enp0s3 left promiscuous mode
