[    0.000000] Linux version 5.4.243-mptcp (root@ztg) (gcc version 12.2.0 (Debian 12.2.0-14+deb12u1)) #53 SMP Wed Dec 24 23:28:15 CST 2025
[    0.000000] Command line: BOOT_IMAGE=/boot/vmlinuz-5.4.243-mptcp root=UUID=98415a12-53b7-4144-8265-0f7ece09e445 ro quiet splash
[    0.000000] KERNEL supported cpus:
[    0.000000]   Intel GenuineIntel
[    0.000000]   AMD AuthenticAMD
[    0.000000]   Hygon HygonGenuine
[    0.000000]   Centaur CentaurHauls
[    0.000000]   zhaoxin   Shanghai  
[    0.000000] x86/fpu: Supporting XSAVE feature 0x001: 'x87 floating point registers'
[    0.000000] x86/fpu: Supporting XSAVE feature 0x002: 'SSE registers'
[    0.000000] x86/fpu: Supporting XSAVE feature 0x004: 'AVX registers'
[    0.000000] x86/fpu: xstate_offset[2]:  576, xstate_sizes[2]:  256
[    0.000000] x86/fpu: Enabled xstate features 0x7, context size is 832 bytes, using 'standard' format.
[    0.000000] BIOS-provided physical RAM map:
[    0.000000] BIOS-e820: [mem 0x0000000000000000-0x000000000009fbff] usable
[    0.000000] BIOS-e820: [mem 0x000000000009fc00-0x000000000009ffff] reserved
[    0.000000] BIOS-e820: [mem 0x00000000000f0000-0x00000000000fffff] reserved
[    0.000000] BIOS-e820: [mem 0x0000000000100000-0x000000007ffeffff] usable
[    0.000000] BIOS-e820: [mem 0x000000007fff0000-0x000000007fffffff] ACPI data
[    0.000000] BIOS-e820: [mem 0x00000000fec00000-0x00000000fec00fff] reserved
[    0.000000] BIOS-e820: [mem 0x00000000fee00000-0x00000000fee00fff] reserved
[    0.000000] BIOS-e820: [mem 0x00000000fffc0000-0x00000000ffffffff] reserved
[    0.000000] NX (Execute Disable) protection: active
[    0.000000] SMBIOS 2.5 present.
[    0.000000] DMI: innotek GmbH VirtualBox/VirtualBox, BIOS VirtualBox 12/01/2006
[    0.000000] Hypervisor detected: KVM
[    0.000000] kvm-clock: Using msrs 4b564d01 and 4b564d00
[    0.000000] kvm-clock: cpu 0, msr 57a01001, primary cpu clock
[    0.000000] kvm-clock: using sched offset of 4445504267 cycles
[    0.000003] clocksource: kvm-clock: mask: 0xffffffffffffffff max_cycles: 0x1cd42e4dffb, max_idle_ns: 881590591483 ns
[    0.000005] tsc: Detected 2100.000 MHz processor
[    0.001921] e820: update [mem 0x00000000-0x00000fff] usable ==> reserved
[    0.001924] e820: remove [mem 0x000a0000-0x000fffff] usable
[    0.001928] last_pfn = 0x7fff0 max_arch_pfn = 0x400000000
[    0.001994] MTRR default type: uncachable
[    0.001995] MTRR fixed ranges enabled:
[    0.001996]   00000-9FFFF write-back
[    0.001997]   A0000-BFFFF uncachable
[    0.001998]   C0000-FFFFF write-protect
[    0.001998] MTRR variable ranges enabled:
[    0.002000]   0 base 000000000000 mask 3FFF80000000 write-back
[    0.002000]   1 disabled
[    0.002001]   2 disabled
[    0.002001]   3 disabled
[    0.002002]   4 disabled
[    0.002002]   5 disabled
[    0.002003]   6 disabled
[    0.002003]   7 disabled
[    0.002003]   8 disabled
[    0.002004]   9 disabled
[    0.002004]   10 disabled
[    0.002005]   11 disabled
[    0.002005]   12 disabled
[    0.002006]   13 disabled
[    0.002006]   14 disabled
[    0.002006]   15 disabled
[    0.002023] x86/PAT: Configuration [0-7]: WB  WC  UC- UC  WB  WP  UC- WT  
[    0.002156] found SMP MP-table at [mem 0x0009fff0-0x0009ffff]
[    0.094178] check: Scanning 1 areas for low memory corruption
[    0.094334] RAMDISK: [mem 0x32271000-0x3512ffff]
[    0.094341] ACPI: Early table checksum verification disabled
[    0.094346] ACPI: RSDP 0x00000000000E0000 000024 (v02 VBOX  )
[    0.094351] ACPI: XSDT 0x000000007FFF0030 00003C (v01 VBOX   VBOXXSDT 00000001 ASL  00000061)
[    0.094357] ACPI: FACP 0x000000007FFF00F0 0000F4 (v04 VBOX   VBOXFACP 00000001 ASL  00000061)
[    0.094364] ACPI: DSDT 0x000000007FFF02E0 002353 (v02 VBOX   VBOXBIOS 00000002 VBOX 00029BF3)
[    0.094368] ACPI: FACS 0x000000007FFF0200 000040
[    0.094371] ACPI: FACS 0x000000007FFF0200 000040
[    0.094374] ACPI: APIC 0x000000007FFF0240 000054 (v02 VBOX   VBOXAPIC 00000001 ASL  00000061)
[    0.094378] ACPI: SSDT 0x000000007FFF02A0 000038 (v01 VBOX   VBOXCPUT 00000002 VBOX 00029BF3)
[    0.094381] ACPI: Reserving FACP table memory at [mem 0x7fff00f0-0x7fff01e3]
[    0.094382] ACPI: Reserving DSDT table memory at [mem 0x7fff02e0-0x7fff2632]
[    0.094383] ACPI: Reserving FACS table memory at [mem 0x7fff0200-0x7fff023f]
[    0.094384] ACPI: Reserving FACS table memory at [mem 0x7fff0200-0x7fff023f]
[    0.094384] ACPI: Reserving APIC table memory at [mem 0x7fff0240-0x7fff0293]
[    0.094385] ACPI: Reserving SSDT table memory at [mem 0x7fff02a0-0x7fff02d7]
[    0.094400] ACPI: Local APIC address 0xfee00000
[    0.094589] No NUMA configuration found
[    0.094590] Faking a node at [mem 0x0000000000000000-0x000000007ffeffff]
[    0.094600] NODE_DATA(0) allocated [mem 0x7ffc5000-0x7ffeffff]
[    0.094861] Zone ranges:
[    0.094862]   DMA      [mem 0x0000000000001000-0x0000000000ffffff]
[    0.094863]   DMA32    [mem 0x0000000001000000-0x000000007ffeffff]
[    0.094864]   Normal   empty
[    0.094865]   Device   empty
[    0.094865] Movable zone start for each node
[    0.094867] Early memory node ranges
[    0.094868]   node   0: [mem 0x0000000000001000-0x000000000009efff]
[    0.094869]   node   0: [mem 0x0000000000100000-0x000000007ffeffff]
[    0.094872] Zeroed struct page in unavailable ranges: 114 pages
[    0.094873] Initmem setup node 0 [mem 0x0000000000001000-0x000000007ffeffff]
[    0.094874] On node 0 totalpages: 524174
[    0.094875]   DMA zone: 64 pages used for memmap
[    0.094876]   DMA zone: 21 pages reserved
[    0.094876]   DMA zone: 3998 pages, LIFO batch:0
[    0.094948]   DMA32 zone: 8128 pages used for memmap
[    0.094949]   DMA32 zone: 520176 pages, LIFO batch:63
[    0.104332] ACPI: PM-Timer IO Port: 0x4008
[    0.104335] ACPI: Local APIC address 0xfee00000
[    0.104405] IOAPIC[0]: apic_id 1, version 32, address 0xfec00000, GSI 0-23
[    0.104409] ACPI: INT_SRC_OVR (bus 0 bus_irq 0 global_irq 2 dfl dfl)
[    0.104411] ACPI: INT_SRC_OVR (bus 0 bus_irq 9 global_irq 9 low level)
[    0.104413] ACPI: IRQ0 used by override.
[    0.104414] ACPI: IRQ9 used by override.
[    0.104416] Using ACPI (MADT) for SMP configuration information
[    0.104424] smpboot: Allowing 1 CPUs, 0 hotplug CPUs
[    0.104446] PM: Registered nosave memory: [mem 0x00000000-0x00000fff]
[    0.104447] PM: Registered nosave memory: [mem 0x0009f000-0x0009ffff]
[    0.104448] PM: Registered nosave memory: [mem 0x000a0000-0x000effff]
[    0.104448] PM: Registered nosave memory: [mem 0x000f0000-0x000fffff]
[    0.104450] [mem 0x80000000-0xfebfffff] available for PCI devices
[    0.104451] Booting paravirtualized kernel on KVM
[    0.104454] clocksource: refined-jiffies: mask: 0xffffffff max_cycles: 0xffffffff, max_idle_ns: 7645519600211568 ns
[    0.104459] setup_percpu: NR_CPUS:8192 nr_cpumask_bits:1 nr_cpu_ids:1 nr_node_ids:1
[    0.105476] percpu: Embedded 60 pages/cpu s208896 r8192 d28672 u2097152
[    0.105481] pcpu-alloc: s208896 r8192 d28672 u2097152 alloc=1*2097152
[    0.105482] pcpu-alloc: [0] 0 
[    0.105508] Built 1 zonelists, mobility grouping on.  Total pages: 515961
[    0.105509] Policy zone: DMA32
[    0.105510] Kernel command line: BOOT_IMAGE=/boot/vmlinuz-5.4.243-mptcp root=UUID=98415a12-53b7-4144-8265-0f7ece09e445 ro quiet splash
[    0.106436] Dentry cache hash table entries: 262144 (order: 9, 2097152 bytes, linear)
[    0.106587] Inode-cache hash table entries: 131072 (order: 8, 1048576 bytes, linear)
[    0.106640] mem auto-init: stack:off, heap alloc:on, heap free:off
[    0.106642] Calgary: detecting Calgary via BIOS EBDA area
[    0.106643] Calgary: Unable to locate Rio Grande table in EBDA - bailing!
[    0.111330] Memory: 1967332K/2096696K available (14339K kernel code, 2398K rwdata, 4712K rodata, 2728K init, 17260K bss, 129364K reserved, 0K cma-reserved)
[    0.112264] SLUB: HWalign=64, Order=0-3, MinObjects=0, CPUs=1, Nodes=1
[    0.112281] ftrace: allocating 43186 entries in 169 pages
[    0.130652] rcu: Hierarchical RCU implementation.
[    0.130654] rcu: 	RCU restricting CPUs from NR_CPUS=8192 to nr_cpu_ids=1.
[    0.130655] 	Tasks RCU enabled.
[    0.130656] rcu: RCU calculated value of scheduler-enlistment delay is 25 jiffies.
[    0.130657] rcu: Adjusting geometry for rcu_fanout_leaf=16, nr_cpu_ids=1
[    0.133602] NR_IRQS: 524544, nr_irqs: 256, preallocated irqs: 16
[    0.133838] random: crng init done
[    0.143269] Console: colour VGA+ 80x25
[    0.143274] printk: console [tty0] enabled
[    0.143297] ACPI: Core revision 20190816
[    0.143400] APIC: Switch to symmetric I/O mode setup
[    0.143653] x2apic enabled
[    0.143891] Switched APIC routing to physical x2apic.
[    0.145034] ..TIMER: vector=0x30 apic1=0 pin1=2 apic2=-1 pin2=-1
[    0.145060] clocksource: tsc-early: mask: 0xffffffffffffffff max_cycles: 0x1e4530a99b6, max_idle_ns: 440795257976 ns
[    0.145065] Calibrating delay loop (skipped) preset value.. 4200.00 BogoMIPS (lpj=8400000)
[    0.145067] pid_max: default: 32768 minimum: 301
[    0.145094] LSM: Security Framework initializing
[    0.145106] Yama: becoming mindful.
[    0.145133] AppArmor: AppArmor initialized
[    0.145164] Mount-cache hash table entries: 4096 (order: 3, 32768 bytes, linear)
[    0.145169] Mountpoint-cache hash table entries: 4096 (order: 3, 32768 bytes, linear)
[    0.145179] *** VALIDATE tmpfs ***
[    0.145308] *** VALIDATE proc ***
[    0.145348] *** VALIDATE cgroup1 ***
[    0.145349] *** VALIDATE cgroup2 ***
[    0.145489] process: using mwait in idle threads
[    0.145494] Last level iTLB entries: 4KB 64, 2MB 8, 4MB 8
[    0.145495] Last level dTLB entries: 4KB 64, 2MB 0, 4MB 0, 1GB 4
[    0.145514] Spectre V1 : Mitigation: usercopy/swapgs barriers and __user pointer sanitization
[    0.145520] Spectre V2 : Mitigation: Retpolines
[    0.145521] Spectre V2 : Spectre v2 / SpectreRSB mitigation: Filling RSB on context switch
[    0.145521] Spectre V2 : Spectre v2 / SpectreRSB : Filling RSB on VMEXIT
[    0.145522] RETBleed: WARNING: Spectre v2 mitigation leaves CPU vulnerable to RETBleed attacks, data leaks possible!
[    0.145912] RETBleed: Vulnerable
[    0.145913] Speculative Store Bypass: Vulnerable
[    0.145918] TAA: Mitigation: TSX disabled
[    0.145919] MMIO Stale Data: Mitigation: Clear CPU buffers
[    0.150146] Freeing SMP alternatives memory: 40K
[    0.262283] smpboot: CPU0: Intel(R) Xeon(R) Silver 4216 CPU @ 2.10GHz (family: 0x6, model: 0x55, stepping: 0x7)
[    0.262428] Performance Events: unsupported p6 CPU model 85 no PMU driver, software events only.
[    0.262464] rcu: Hierarchical SRCU implementation.
[    0.262942] NMI watchdog: Perf NMI watchdog permanently disabled
[    0.262980] smp: Bringing up secondary CPUs ...
[    0.262981] smp: Brought up 1 node, 1 CPU
[    0.262982] smpboot: Max logical packages: 1
[    0.262983] smpboot: Total of 1 processors activated (4200.00 BogoMIPS)
[    0.264002] devtmpfs: initialized
[    0.264050] x86/mm: Memory block size: 128MB
[    0.264399] clocksource: jiffies: mask: 0xffffffff max_cycles: 0xffffffff, max_idle_ns: 7645041785100000 ns
[    0.264405] futex hash table entries: 256 (order: 2, 16384 bytes, linear)
[    0.264447] pinctrl core: initialized pinctrl subsystem
[    0.264548] PM: RTC time: 19:39:40, date: 2026-01-18
[    0.264653] NET: Registered protocol family 16
[    0.264756] audit: initializing netlink subsys (disabled)
[    0.264886] EISA bus registered
[    0.264887] cpuidle: using governor ladder
[    0.264888] cpuidle: using governor menu
[    0.264925] ACPI: bus type PCI registered
[    0.264926] acpiphp: ACPI Hot Plug PCI Controller Driver version: 0.5
[    0.265028] PCI: Using configuration type 1 for base access
[    0.265436] audit: type=2000 audit(1768736386.754:1): state=initialized audit_enabled=0 res=1
[    0.265516] HugeTLB registered 2.00 MiB page size, pre-allocated 0 pages
[    0.266370] ACPI: Added _OSI(Module Device)
[    0.266371] ACPI: Added _OSI(Processor Device)
[    0.266371] ACPI: Added _OSI(3.0 _SCP Extensions)
[    0.266372] ACPI: Added _OSI(Processor Aggregator Device)
[    0.266373] ACPI: Added _OSI(Linux-Dell-Video)
[    0.266374] ACPI: Added _OSI(Linux-Lenovo-NV-HDMI-Audio)
[    0.266375] ACPI: Added _OSI(Linux-HPI-Hybrid-Graphics)
[    0.268336] ACPI: 2 ACPI AML tables successfully acquired and loaded
[    0.270073] ACPI: Interpreter enabled
[    0.270083] ACPI: (supports S0 S5)
[    0.270084] ACPI: Using IOAPIC for interrupt routing
[    0.270293] PCI: Using host bridge windows from ACPI; if necessary, use "pci=nocrs" and report a bug
[    0.270400] ACPI: Enabled 2 GPEs in block 00 to 07
[    0.275298] ACPI: PCI Root Bridge [PCI0] (domain 0000 [bus 00-ff])
[    0.275303] acpi PNP0A03:00: _OSC: OS supports [ASPM ClockPM Segments MSI HPX-Type3]
[    0.275750] acpi PNP0A03:00: _OSC: not requesting OS control; OS requires [ExtendedConfig ASPM ClockPM MSI]
[    0.275757] acpi PNP0A03:00: fail to add MMCONFIG information, can't access extended PCI configuration space under this bridge.
[    0.276132] PCI host bridge to bus 0000:00
[    0.276134] pci_bus 0000:00: root bus resource [io  0x0000-0x0cf7 window]
[    0.276136] pci_bus 0000:00: root bus resource [io  0x0d00-0xffff window]
[    0.276137] pci_bus 0000:00: root bus resource [mem 0x000a0000-0x000bffff window]
[    0.276138] pci_bus 0000:00: root bus resource [mem 0x80000000-0xfdffffff window]
[    0.276139] pci_bus 0000:00: root bus resource [bus 00-ff]
[    0.276179] pci 0000:00:00.0: [8086:1237] type 00 class 0x060000
[    0.277140] pci 0000:00:01.0: [8086:7000] type 00 class 0x060100
[    0.277936] pci 0000:00:01.1: [8086:7111] type 00 class 0x01018a
[    0.278328] pci 0000:00:01.1: reg 0x20: [io  0xd000-0xd00f]
[    0.278488] pci 0000:00:01.1: legacy IDE quirk: reg 0x10: [io  0x01f0-0x01f7]
[    0.278489] pci 0000:00:01.1: legacy IDE quirk: reg 0x14: [io  0x03f6]
[    0.278490] pci 0000:00:01.1: legacy IDE quirk: reg 0x18: [io  0x0170-0x0177]
[    0.278491] pci 0000:00:01.1: legacy IDE quirk: reg 0x1c: [io  0x0376]
[    0.279030] pci 0000:00:02.0: [15ad:0405] type 00 class 0x030000
[    0.281143] pci 0000:00:02.0: reg 0x10: [io  0xd010-0xd01f]
[    0.285108] pci 0000:00:02.0: reg 0x14: [mem 0xe0000000-0xe7ffffff pref]
[    0.287874] pci 0000:00:02.0: reg 0x18: [mem 0xf0000000-0xf01fffff]
[    0.297876] pci 0000:00:03.0: [1022:2000] type 00 class 0x020000
[    0.298596] pci 0000:00:03.0: reg 0x10: [io  0xd020-0xd03f]
[    0.299236] pci 0000:00:03.0: reg 0x14: [mem 0xf0200000-0xf0200fff]
[    0.304303] pci 0000:00:04.0: [80ee:cafe] type 00 class 0x088000
[    0.304977] pci 0000:00:04.0: reg 0x10: [io  0xd040-0xd05f]
[    0.305178] pci 0000:00:04.0: reg 0x14: [mem 0xf0400000-0xf07fffff]
[    0.305826] pci 0000:00:04.0: reg 0x18: [mem 0xf0800000-0xf0803fff pref]
[    0.310177] pci 0000:00:07.0: [8086:7113] type 00 class 0x068000
[    0.310766] pci 0000:00:07.0: quirk: [io  0x4000-0x403f] claimed by PIIX4 ACPI
[    0.310780] pci 0000:00:07.0: quirk: [io  0x4100-0x410f] claimed by PIIX4 SMB
[    0.311542] pci 0000:00:08.0: [8086:100e] type 00 class 0x020000
[    0.312446] pci 0000:00:08.0: reg 0x10: [mem 0xf0820000-0xf083ffff]
[    0.313838] pci 0000:00:08.0: reg 0x18: [io  0xd060-0xd067]
[    0.317134] pci 0000:00:09.0: [8086:100e] type 00 class 0x020000
[    0.317870] pci 0000:00:09.0: reg 0x10: [mem 0xf0840000-0xf085ffff]
[    0.319097] pci 0000:00:09.0: reg 0x18: [io  0xd068-0xd06f]
[    0.330080] ACPI: PCI Interrupt Link [LNKA] (IRQs 5 9 10 *11)
[    0.330408] ACPI: PCI Interrupt Link [LNKB] (IRQs 5 9 *10 11)
[    0.330540] ACPI: PCI Interrupt Link [LNKC] (IRQs 5 *9 10 11)
[    0.330643] ACPI: PCI Interrupt Link [LNKD] (IRQs 5 9 10 *11)
[    0.330918] iommu: Default domain type: Translated 
[    0.330980] pci 0000:00:02.0: vgaarb: setting as boot VGA device
[    0.330982] pci 0000:00:02.0: vgaarb: VGA device added: decodes=io+mem,owns=io+mem,locks=none
[    0.330984] pci 0000:00:02.0: vgaarb: bridge control possible
[    0.330985] vgaarb: loaded
[    0.331194] SCSI subsystem initialized
[    0.331227] libata version 3.00 loaded.
[    0.331251] ACPI: bus type USB registered
[    0.331267] usbcore: registered new interface driver usbfs
[    0.331272] usbcore: registered new interface driver hub
[    0.331278] usbcore: registered new device driver usb
[    0.331303] pps_core: LinuxPPS API ver. 1 registered
[    0.331304] pps_core: Software ver. 5.3.6 - Copyright 2005-2007 Rodolfo Giometti <giometti@linux.it>
[    0.331306] PTP clock support registered
[    0.331340] EDAC MC: Ver: 3.0.0
[    0.331632] PCI: Using ACPI for IRQ routing
[    0.331633] PCI: pci_cache_line_size set to 64 bytes
[    0.331806] e820: reserve RAM buffer [mem 0x0009fc00-0x0009ffff]
[    0.331810] e820: reserve RAM buffer [mem 0x7fff0000-0x7fffffff]
[    0.332629] NetLabel: Initializing
[    0.332630] NetLabel:  domain hash size = 128
[    0.332630] NetLabel:  protocols = UNLABELED CIPSOv4 CALIPSO
[    0.332650] NetLabel:  unlabeled traffic allowed by default
[    0.333630] clocksource: Switched to clocksource kvm-clock
[    0.348016] *** VALIDATE bpf ***
[    0.348083] VFS: Disk quotas dquot_6.6.0
[    0.348096] VFS: Dquot-cache hash table entries: 512 (order 0, 4096 bytes)
[    0.348120] *** VALIDATE ramfs ***
[    0.348123] *** VALIDATE hugetlbfs ***
[    0.348212] AppArmor: AppArmor Filesystem Enabled
[    0.348241] pnp: PnP ACPI init
[    0.348315] pnp 00:00: Plug and Play ACPI device, IDs PNP0303 (active)
[    0.348382] pnp 00:01: Plug and Play ACPI device, IDs PNP0f03 (active)
[    0.349121] pnp: PnP ACPI: found 2 devices
[    0.350132] thermal_sys: Registered thermal governor 'fair_share'
[    0.350133] thermal_sys: Registered thermal governor 'bang_bang'
[    0.350134] thermal_sys: Registered thermal governor 'step_wise'
[    0.350134] thermal_sys: Registered thermal governor 'user_space'
[    0.350135] thermal_sys: Registered thermal governor 'power_allocator'
[    0.354649] clocksource: acpi_pm: mask: 0xffffff max_cycles: 0xffffff, max_idle_ns: 2085701024 ns
[    0.354690] pci_bus 0000:00: resource 4 [io  0x0000-0x0cf7 window]
[    0.354692] pci_bus 0000:00: resource 5 [io  0x0d00-0xffff window]
[    0.354694] pci_bus 0000:00: resource 6 [mem 0x000a0000-0x000bffff window]
[    0.354695] pci_bus 0000:00: resource 7 [mem 0x80000000-0xfdffffff window]
[    0.354756] NET: Registered protocol family 2
[    0.354831] IP idents hash table entries: 32768 (order: 6, 262144 bytes, linear)
[    0.355246] MPTCP tokens hash table entries: 8192 (order: 4, 65536 bytes, linear)
[    0.355266] MPTCP request tokens hash table entries: 8192 (order: 4, 65536 bytes, linear)
[    0.355290] default registered
[    0.355291] default registered
[    0.355291] MPTCP: Stable release v0.96
[    0.355292] tcp_listen_portaddr_hash hash table entries: 1024 (order: 2, 16384 bytes, linear)
[    0.355292] TCP established hash table entries: 16384 (order: 5, 131072 bytes, linear)
[    0.355292] TCP bind hash table entries: 16384 (order: 6, 262144 bytes, linear)
[    0.355292] TCP: Hash tables configured (established 16384 bind 16384)
[    0.356280] UDP hash table entries: 1024 (order: 3, 32768 bytes, linear)
[    0.356292] UDP-Lite hash table entries: 1024 (order: 3, 32768 bytes, linear)
[    0.356329] NET: Registered protocol family 1
[    0.356337] NET: Registered protocol family 44
[    0.356362] pci 0000:00:00.0: Limiting direct PCI/PCI transfers
[    0.356375] pci 0000:00:01.0: Activating ISA DMA hang workarounds
[    0.356429] pci 0000:00:02.0: Video device with shadowed ROM at [mem 0x000c0000-0x000dffff]
[    0.356492] PCI: CLS 0 bytes, default 64
[    0.356541] Trying to unpack rootfs image as initramfs...
[    0.532054] Freeing initrd memory: 47868K
[    0.532054] clocksource: tsc: mask: 0xffffffffffffffff max_cycles: 0x1e4530a99b6, max_idle_ns: 440795257976 ns
[    0.532054] clocksource: Switched to clocksource tsc
[    0.532054] platform rtc_cmos: registered platform RTC device (no PNP device found)
[    0.532054] check: Scanning for low memory corruption every 60 seconds
[    0.532054] Initialise system trusted keyrings
[    0.532054] Key type blacklist registered
[    0.532054] workingset: timestamp_bits=36 max_order=19 bucket_order=0
[    0.543536] zbud: loaded
[    0.543894] squashfs: version 4.0 (2009/01/31) Phillip Lougher
[    0.544029] fuse: init (API version 7.31)
[    0.544045] *** VALIDATE fuse ***
[    0.544047] *** VALIDATE fuse ***
[    0.544149] Platform Keyring initialized
[    0.546749] Key type asymmetric registered
[    0.546749] Asymmetric key parser 'x509' registered
[    0.546749] Block layer SCSI generic (bsg) driver version 0.4 loaded (major 244)
[    0.546749] io scheduler mq-deadline registered
[    0.546749] shpchp: Standard Hot Plug PCI Controller Driver version: 0.4
[    0.547532] ACPI: AC Adapter [AC] (on-line)
[    0.547576] input: Power Button as /devices/LNXSYSTM:00/LNXPWRBN:00/input/input0
[    0.547607] ACPI: Power Button [PWRF]
[    0.547684] input: Sleep Button as /devices/LNXSYSTM:00/LNXSLPBN:00/input/input1
[    0.547699] ACPI: Sleep Button [SLPF]
[    0.547939] Serial: 8250/16550 driver, 32 ports, IRQ sharing enabled
[    0.549082] Linux agpgart interface v0.103
[    0.639273] loop: module loaded
[    0.639424] ata_piix 0000:00:01.1: version 2.13
[    0.639827] scsi host0: ata_piix
[    0.639917] scsi host1: ata_piix
[    0.639944] ata1: PATA max UDMA/33 cmd 0x1f0 ctl 0x3f6 bmdma 0xd000 irq 14
[    0.639945] ata2: PATA max UDMA/33 cmd 0x170 ctl 0x376 bmdma 0xd008 irq 15
[    0.640024] tun: Universal TUN/TAP device driver, 1.6
[    0.640340] PPP generic driver version 2.4.2
[    0.640382] VFIO - User Level meta-driver version: 0.3
[    0.640619] ehci_hcd: USB 2.0 'Enhanced' Host Controller (EHCI) Driver
[    0.640623] ehci-pci: EHCI PCI platform driver
[    0.640638] ehci-platform: EHCI generic platform driver
[    0.640643] ohci_hcd: USB 1.1 'Open' Host Controller (OHCI) Driver
[    0.640645] ohci-pci: OHCI PCI platform driver
[    0.640652] ohci-platform: OHCI generic platform driver
[    0.640656] uhci_hcd: USB Universal Host Controller Interface driver
[    0.640720] i8042: PNP: PS/2 Controller [PNP0303:PS2K,PNP0f03:PS2M] at 0x60,0x64 irq 1,12
[    0.641160] serio: i8042 KBD port at 0x60,0x64 irq 1
[    0.641164] serio: i8042 AUX port at 0x60,0x64 irq 12
[    0.641249] mousedev: PS/2 mouse device common for all mice
[    0.641504] input: AT Translated Set 2 keyboard as /devices/platform/i8042/serio0/input/input2
[    0.641932] rtc_cmos rtc_cmos: registered as rtc0
[    0.641946] rtc_cmos rtc_cmos: alarms up to one day, 114 bytes nvram
[    0.641951] i2c /dev entries driver
[    0.641995] device-mapper: uevent: version 1.0.3
[    0.642038] device-mapper: ioctl: 4.41.0-ioctl (2019-09-16) initialised: dm-devel@redhat.com
[    0.642054] platform eisa.0: Probing EISA bus 0
[    0.642055] platform eisa.0: EISA: Cannot allocate resource for mainboard
[    0.642057] platform eisa.0: Cannot allocate resource for EISA slot 1
[    0.642058] platform eisa.0: Cannot allocate resource for EISA slot 2
[    0.642059] platform eisa.0: Cannot allocate resource for EISA slot 3
[    0.642060] platform eisa.0: Cannot allocate resource for EISA slot 4
[    0.642061] platform eisa.0: Cannot allocate resource for EISA slot 5
[    0.642062] platform eisa.0: Cannot allocate resource for EISA slot 6
[    0.642062] platform eisa.0: Cannot allocate resource for EISA slot 7
[    0.642063] platform eisa.0: Cannot allocate resource for EISA slot 8
[    0.642064] platform eisa.0: EISA: Detected 0 cards
[    0.642067] intel_pstate: CPU model not supported
[    0.642077] ledtrig-cpu: registered to indicate activity on CPUs
[    0.642132] drop_monitor: Initializing network drop monitor service
[    0.642291] NET: Registered protocol family 10
[    0.647423] Segment Routing with IPv6
[    0.647423] fullmesh registered
[    0.647423] ndiffports registered
[    0.647423] binder registered
[    0.647423] roundrobin registered
[    0.647423] redundant registered
[    0.647423] blest registered
[    0.647423] ecf registered
[    0.647423] NET: Registered protocol family 17
[    0.647423] Key type dns_resolver registered
[    0.647423] RAS: Correctable Errors collector initialized.
[    0.647423] IPI shorthand broadcast: enabled
[    0.647423] sched_clock: Marking stable (632189345, 11233755)->(643508904, -85804)
[    0.647721] registered taskstats version 1
[    0.647729] Loading compiled-in X.509 certificates
[    0.648317] Loaded X.509 cert 'Build time autogenerated kernel key: 6909f3744cebb3d0de528d5887b96a727de79b1e'
[    0.648336] zswap: loaded using pool lzo/zbud
[    0.648389] Key type ._fscrypt registered
[    0.648389] Key type .fscrypt registered
[    0.652877] Key type big_key registered
[    0.655119] Key type encrypted registered
[    0.655121] AppArmor: AppArmor sha1 policy hashing enabled
[    0.655130] ima: No TPM chip found, activating TPM-bypass!
[    0.655134] ima: Allocated hash algorithm: sha1
[    0.655139] ima: No architecture policies found
[    0.655148] evm: Initialising EVM extended attributes:
[    0.655149] evm: security.selinux
[    0.655149] evm: security.SMACK64
[    0.655150] evm: security.SMACK64EXEC
[    0.655150] evm: security.SMACK64TRANSMUTE
[    0.655151] evm: security.SMACK64MMAP
[    0.655151] evm: security.apparmor
[    0.655152] evm: security.ima
[    0.655152] evm: security.capability
[    0.655153] evm: HMAC attrs: 0x1
[    0.655442] PM:   Magic number: 10:470:698
[    0.655548] rtc_cmos rtc_cmos: setting system clock to 2026-01-18T19:39:41 UTC (1768765181)
[    0.812227] ata1.00: ATA-6: VBOX HARDDISK, 1.0, max UDMA/133
[    0.812231] ata1.00: 209715200 sectors, multi 128: LBA 
[    0.812874] scsi 0:0:0:0: Direct-Access     ATA      VBOX HARDDISK    1.0  PQ: 0 ANSI: 5
[    0.813153] sd 0:0:0:0: [sda] 209715200 512-byte logical blocks: (107 GB/100 GiB)
[    0.813166] sd 0:0:0:0: [sda] Write Protect is off
[    0.813168] sd 0:0:0:0: [sda] Mode Sense: 00 3a 00 00
[    0.813187] sd 0:0:0:0: [sda] Write cache: enabled, read cache: enabled, doesn't support DPO or FUA
[    0.813415] sd 0:0:0:0: Attached scsi generic sg0 type 0
[    0.814324]  sda: sda1 sda2
[    0.823449] sd 0:0:0:0: [sda] Attached SCSI disk
[    0.825726] Freeing unused decrypted memory: 2040K
[    0.826509] Freeing unused kernel image memory: 2728K
[    0.826512] Write protecting the kernel read-only data: 22528k
[    0.827234] Freeing unused kernel image memory: 2036K
[    0.827716] Freeing unused kernel image memory: 1432K
[    0.842711] x86/mm: Checked W+X mappings: passed, no W+X pages found.
[    0.842716] Run /init as init process
[    0.938616] ACPI: Video Device [GFX0] (multi-head: yes  rom: no  post: no)
[    0.938689] input: Video Bus as /devices/LNXSYSTM:00/LNXSYBUS:00/PNP0A03:00/LNXVIDEO:00/input/input4
[    0.950280] pcnet32: pcnet32.c:v1.35 21.Apr.2008 tsbogend@alpha.franken.de
[    0.952313] piix4_smbus 0000:00:07.0: SMBus Host Controller at 0x4100, revision 0
[    0.954841] e1000: Intel(R) PRO/1000 Network Driver - version 7.3.21-k8-NAPI
[    0.954841] e1000: Copyright (c) 1999-2006 Intel Corporation.
[    0.971105] pcnet32: PCnet/FAST III 79C973 at 0xd020, 08:00:27:7b:f6:bb assigned IRQ 19
[    0.971150] pcnet32: Found PHY 0022:561b at address 0
[    0.971931] pcnet32: eth0: registered as PCnet/FAST III 79C973
[    0.971960] pcnet32: 1 cards_found
[    1.029904] pcnet32 0000:00:03.0 enp0s3: renamed from eth0
[    1.170271] input: ImExPS/2 Generic Explorer Mouse as /devices/platform/i8042/serio1/input/input5
[    1.367607] e1000 0000:00:08.0 eth0: (PCI:33MHz:32-bit) 08:00:27:4e:7b:af
[    1.367611] e1000 0000:00:08.0 eth0: Intel(R) PRO/1000 Network Connection
[    1.743717] e1000 0000:00:09.0 eth1: (PCI:33MHz:32-bit) 08:00:27:89:ed:6c
[    1.743720] e1000 0000:00:09.0 eth1: Intel(R) PRO/1000 Network Connection
[    1.745049] e1000 0000:00:09.0 enp0s9: renamed from eth1
[    1.746974] e1000 0000:00:08.0 enp0s8: renamed from eth0
[    1.906653] EXT4-fs (sda2): mounted filesystem with ordered data mode. Opts: (null)
[    2.007876] systemd[1]: Inserted module 'autofs4'
[    2.022309] systemd[1]: systemd 245.4-4ubuntu3 running in system mode. (+PAM +AUDIT +SELINUX +IMA +APPARMOR +SMACK +SYSVINIT +UTMP +LIBCRYPTSETUP +GCRYPT +GNUTLS +ACL +XZ +LZ4 +SECCOMP +BLKID +ELFUTILS +KMOD +IDN2 -IDN +PCRE2 default-hierarchy=hybrid)
[    2.022346] systemd[1]: Detected virtualization oracle.
[    2.022350] systemd[1]: Detected architecture x86-64.
[    2.023848] systemd[1]: Set hostname to <ztg>.
[    2.159729] systemd[1]: /lib/systemd/system/dbus.socket:5: ListenStream= references a path below legacy directory /var/run/, updating /var/run/dbus/system_bus_socket â†’ /run/dbus/system_bus_socket; please update the unit file accordingly.
[    2.215679] systemd[1]: Created slice system-modprobe.slice.
[    2.215884] systemd[1]: Created slice User and Session Slice.
[    2.215932] systemd[1]: Started Forward Password Requests to Wall Directory Watch.
[    2.216115] systemd[1]: Set up automount Arbitrary Executable File Formats File System Automount Point.
[    2.216150] systemd[1]: Reached target User and Group Name Lookups.
[    2.216159] systemd[1]: Reached target Remote File Systems.
[    2.216168] systemd[1]: Reached target Slices.
[    2.216772] systemd[1]: Listening on Syslog Socket.
[    2.216843] systemd[1]: Listening on fsck to fsckd communication Socket.
[    2.216882] systemd[1]: Listening on initctl Compatibility Named Pipe.
[    2.217027] systemd[1]: Listening on Journal Audit Socket.
[    2.217081] systemd[1]: Listening on Journal Socket (/dev/log).
[    2.217153] systemd[1]: Listening on Journal Socket.
[    2.217220] systemd[1]: Listening on udev Control Socket.
[    2.217260] systemd[1]: Listening on udev Kernel Socket.
[    2.218140] systemd[1]: Mounting Huge Pages File System...
[    2.219163] systemd[1]: Mounting POSIX Message Queue File System...
[    2.220202] systemd[1]: Mounting Kernel Debug File System...
[    2.221097] systemd[1]: Mounting Kernel Trace File System...
[    2.223756] systemd[1]: Starting Journal Service...
[    2.249772] systemd[1]: Starting Set the console keyboard layout...
[    2.255295] systemd[1]: Starting Create list of static device nodes for the current kernel...
[    2.260526] systemd[1]: Starting Load Kernel Module drm...
[    2.263069] systemd[1]: Condition check resulted in Set Up Additional Binary Formats being skipped.
[    2.263122] systemd[1]: Condition check resulted in File System Check on Root Device being skipped.
[    2.269467] systemd[1]: Starting Load Kernel Modules...
[    2.270294] systemd[1]: Starting Remount Root and Kernel File Systems...
[    2.271139] systemd[1]: Starting udev Coldplug all Devices...
[    2.331418] systemd[1]: Starting Uncomplicated firewall...
[    2.333257] systemd[1]: Mounted Huge Pages File System.
[    2.333376] systemd[1]: Mounted POSIX Message Queue File System.
[    2.333470] systemd[1]: Mounted Kernel Debug File System.
[    2.333554] systemd[1]: Mounted Kernel Trace File System.
[    2.335704] EXT4-fs (sda2): re-mounted. Opts: errors=remount-ro
[    2.344931] systemd[1]: Finished Create list of static device nodes for the current kernel.
[    2.346042] systemd[1]: modprobe@drm.service: Succeeded.
[    2.353965] systemd[1]: Finished Load Kernel Module drm.
[    2.354435] systemd[1]: Finished Remount Root and Kernel File Systems.
[    2.356177] systemd[1]: Finished Uncomplicated firewall.
[    2.373960] lp: driver loaded but no devices found
[    2.375348] systemd[1]: Condition check resulted in Rebuild Hardware Database being skipped.
[    2.375397] systemd[1]: Condition check resulted in Platform Persistent Storage Archival being skipped.
[    2.376146] systemd[1]: Starting Load/Save Random Seed...
[    2.382050] systemd[1]: Starting Create System Users...
[    2.392798] systemd[1]: Finished Load/Save Random Seed.
[    2.394114] ppdev: user-space parallel port driver
[    2.398039] systemd[1]: Finished Create System Users.
[    2.398842] systemd[1]: Starting Create Static Device Nodes in /dev...
[    2.440787] systemd[1]: Finished Create Static Device Nodes in /dev.
[    2.441729] systemd[1]: Starting udev Kernel Device Manager...
[    2.473339] systemd[1]: Finished udev Coldplug all Devices.
[    2.502009] [drm] DMA map mode: Caching DMA mappings.
[    2.502071] [drm] Capabilities:
[    2.502072] [drm]   Rect copy.
[    2.502072] [drm]   Cursor.
[    2.502072] [drm]   Cursor bypass.
[    2.502073] [drm]   Cursor bypass 2.
[    2.502073] [drm]   Alpha cursor.
[    2.502073] [drm]   Extended Fifo.
[    2.502074] [drm]   Pitchlock.
[    2.502074] [drm]   Irq mask.
[    2.502074] [drm]   GMR.
[    2.502075] [drm]   Traces.
[    2.502075] [drm]   GMR2.
[    2.502076] [drm]   Screen Object 2.
[    2.502076] [drm]   Command Buffers.
[    2.502076] [drm]   Command Buffers 2.
[    2.502077] [drm]   Guest Backed Resources.
[    2.502078] [drm] Max GMR ids is 8192
[    2.502078] [drm] Max number of GMR pages is 1048576
[    2.502079] [drm] Max dedicated hypervisor surface memory is 393216 kiB
[    2.502079] [drm] Maximum display memory size is 131072 kiB
[    2.502080] [drm] VRAM at 0xe0000000 size is 131072 kiB
[    2.502081] [drm] MMIO at 0xf0000000 size is 2048 kiB
[    2.502950] [TTM] Zone  kernel: Available graphics memory: 1011738 KiB
[    2.502951] [TTM] Initializing pool allocator
[    2.502954] [TTM] Initializing DMA pool allocator
[    2.502985] [drm] Supports vblank timestamp caching Rev 2 (21.10.2013).
[    2.502985] [drm] No driver support for vblank timestamp query.
[    2.503229] [drm] Screen Target Display device initialized
[    2.504879] [drm] width 720
[    2.504888] [drm] height 400
[    2.504891] [drm] bpp 32
[    2.505422] [drm] Fifo max 0x00200000 min 0x00001000 cap 0x00000355
[    2.507093] [drm] Using command buffers with DMA pool.
[    2.507097] [drm] DX: no.
[    2.507098] [drm] Atomic: yes.
[    2.507098] [drm] SM4_1: no.
[    2.507120] [drm:vmw_host_log [vmwgfx]] *ERROR* Failed to send host log message.
[    2.510604] [drm:vmw_host_log [vmwgfx]] *ERROR* Failed to send host log message.
[    2.530858] fbcon: svgadrmfb (fb0) is primary device
[    2.535090] systemd[1]: Finished Set the console keyboard layout.
[    2.535211] systemd[1]: Reached target Local File Systems (Pre).
[    2.537721] systemd[1]: Mounting Mount unit for bare, revision 5...
[    2.542525] Console: switching to colour frame buffer device 100x37
[    2.545314] systemd[1]: Mounting Mount unit for core18, revision 1705...
[    2.566905] [drm] Initialized vmwgfx 2.15.0 20180704 for 0000:00:02.0 on minor 0
[    2.568962] systemd[1]: Mounting Mount unit for gnome-3-34-1804, revision 24...
[    2.584014] systemd[1]: Mounting Mount unit for gtk-common-themes, revision 1506...
[    2.590424] systemd[1]: Mounting Mount unit for gtk-common-themes, revision 1535...
[    2.594926] systemd[1]: Mounting Mount unit for snap-store, revision 433...
[    2.619350] systemd[1]: Mounting Mount unit for snapd, revision 25935...
[    2.628833] systemd[1]: Finished Load Kernel Modules.
[    2.635422] systemd[1]: Mounting FUSE Control File System...
[    2.642880] systemd[1]: Mounting Kernel Configuration File System...
[    2.651830] systemd[1]: Starting Apply Kernel Variables...
[    2.653984] systemd[1]: Mounted Mount unit for bare, revision 5.
[    2.654107] systemd[1]: Mounted Mount unit for gnome-3-34-1804, revision 24.
[    2.654194] systemd[1]: Mounted FUSE Control File System.
[    2.654265] systemd[1]: Condition check resulted in VMware vmblock fuse mount being skipped.
[    2.672805] systemd[1]: Started udev Kernel Device Manager.
[    2.672931] systemd[1]: Mounted Mount unit for gtk-common-themes, revision 1535.
[    2.673024] systemd[1]: Mounted Mount unit for snap-store, revision 433.
[    2.673108] systemd[1]: Mounted Kernel Configuration File System.
[    2.686501] systemd[1]: Starting Show Plymouth Boot Screen...
[    2.695892] systemd[1]: Received SIGRTMIN+20 from PID 280 (plymouthd).
[    2.704225] systemd[1]: Finished Apply Kernel Variables.
[    2.722904] systemd[1]: Mounted Mount unit for core18, revision 1705.
[    2.724551] systemd[1]: Mounted Mount unit for gtk-common-themes, revision 1506.
[    2.724751] systemd[1]: Mounted Mount unit for snapd, revision 25935.
[    2.724933] systemd[1]: Started Show Plymouth Boot Screen.
[    2.725118] systemd[1]: Condition check resulted in Dispatch Password Requests to Console Directory Watch being skipped.
[    2.725205] systemd[1]: Started Forward Password Requests to Plymouth Directory Watch.
[    2.725274] systemd[1]: Reached target Local Encrypted Volumes.
[    2.725337] systemd[1]: Reached target Local File Systems.
[    2.727963] systemd[1]: Starting Load AppArmor profiles...
[    2.728880] systemd[1]: Starting Set console font and keymap...
[    2.744981] systemd[1]: Starting Tell Plymouth To Write Out Runtime Data...
[    2.746722] systemd[1]: Condition check resulted in Store a System Token in an EFI Variable being skipped.
[    2.746757] systemd[1]: Condition check resulted in Commit a transient machine-id on disk being skipped.
[    2.747695] systemd[1]: Finished Set console font and keymap.
[    2.758697] systemd[1]: Received SIGRTMIN+20 from PID 280 (plymouthd).
[    2.760317] systemd[1]: plymouth-read-write.service: Succeeded.
[    2.760595] systemd[1]: Finished Tell Plymouth To Write Out Runtime Data.
[    2.802310] audit: type=1400 audit(1768765183.640:2): apparmor="STATUS" operation="profile_load" profile="unconfined" name="nvidia_modprobe" pid=300 comm="apparmor_parser"
[    2.802313] audit: type=1400 audit(1768765183.640:3): apparmor="STATUS" operation="profile_load" profile="unconfined" name="nvidia_modprobe//kmod" pid=300 comm="apparmor_parser"
[    2.809351] audit: type=1400 audit(1768765183.648:4): apparmor="STATUS" operation="profile_load" profile="unconfined" name="/usr/sbin/tcpdump" pid=301 comm="apparmor_parser"
[    2.834152] audit: type=1400 audit(1768765183.664:5): apparmor="STATUS" operation="profile_load" profile="unconfined" name="/usr/bin/evince" pid=303 comm="apparmor_parser"
[    2.834155] audit: type=1400 audit(1768765183.664:6): apparmor="STATUS" operation="profile_load" profile="unconfined" name="/usr/bin/evince//sanitized_helper" pid=303 comm="apparmor_parser"
[    2.834157] audit: type=1400 audit(1768765183.664:7): apparmor="STATUS" operation="profile_load" profile="unconfined" name="/usr/bin/evince-previewer" pid=303 comm="apparmor_parser"
[    2.834159] audit: type=1400 audit(1768765183.664:8): apparmor="STATUS" operation="profile_load" profile="unconfined" name="/usr/bin/evince-previewer//sanitized_helper" pid=303 comm="apparmor_parser"
[    2.834162] audit: type=1400 audit(1768765183.664:9): apparmor="STATUS" operation="profile_load" profile="unconfined" name="/usr/bin/evince-thumbnailer" pid=303 comm="apparmor_parser"
[    2.867431] audit: type=1400 audit(1768765183.704:10): apparmor="STATUS" operation="profile_load" profile="unconfined" name="/usr/lib/cups/backend/cups-pdf" pid=304 comm="apparmor_parser"
[    2.940881] systemd[1]: Finished Load AppArmor profiles.
[    2.941918] systemd[1]: Starting Load AppArmor profiles managed internally by snapd...
[    3.064465] systemd[1]: Finished Load AppArmor profiles managed internally by snapd.
[    3.221835] systemd[1]: Started Journal Service.
[    3.230795] systemd-journald[229]: Received client request to flush runtime journal.
[    3.234899] systemd-journald[229]: File /var/log/journal/c455b248004a419c87ce85eea238d727/system.journal corrupted or uncleanly shut down, renaming and replacing.
[    4.518111] RAPL PMU: API unit is 2^-32 Joules, 0 fixed counters, 10737418240 ms ovfl timer
[    4.555045] cryptd: max_cpu_qlen set to 1000
[    4.593687] AVX2 version of gcm_enc/dec engaged.
[    4.593688] AES CTR mode by8 optimization enabled
[    6.511613] Adding 1998844k swap on /dev/sda1.  Priority:-2 extents:1 across:1998844k FS
[    8.464717] kauditd_printk_skb: 30 callbacks suppressed
[    8.464718] audit: type=1400 audit(1768765189.296:41): apparmor="DENIED" operation="capable" profile="/usr/sbin/cups-browsed" pid=510 comm="cups-browsed" capability=23  capname="sys_nice"
[    9.159274] pcnet32 0000:00:03.0 enp0s3: link up, 100Mbps, full-duplex
[    9.195473] e1000: enp0s8 NIC Link is Up 1000 Mbps Full Duplex, Flow Control: RX
[    9.195794] IPv6: ADDRCONF(NETDEV_CHANGE): enp0s8: link becomes ready
[    9.239843] e1000: enp0s9 NIC Link is Up 1000 Mbps Full Duplex, Flow Control: RX
[    9.240490] IPv6: ADDRCONF(NETDEV_CHANGE): enp0s9: link becomes ready
[    9.946717] device enp0s3 entered promiscuous mode
[    9.989986] audit: type=1400 audit(1768765190.832:42): apparmor="DENIED" operation="open" profile="/usr/sbin/tcpdump" name="/proc/sys/kernel/random/boot_id" pid=665 comm="tcpdump" requested_mask="r" denied_mask="r" fsuid=0 ouid=0
[    9.990694] audit: type=1400 audit(1768765190.832:43): apparmor="DENIED" operation="open" profile="/usr/sbin/tcpdump" name="/proc/sys/kernel/random/boot_id" pid=665 comm="tcpdump" requested_mask="r" denied_mask="r" fsuid=0 ouid=0
[    9.990869] audit: type=1400 audit(1768765190.832:44): apparmor="DENIED" operation="open" profile="/usr/sbin/tcpdump" name="/proc/sys/kernel/random/boot_id" pid=665 comm="tcpdump" requested_mask="r" denied_mask="r" fsuid=0 ouid=0
[    9.991068] audit: type=1400 audit(1768765190.832:45): apparmor="DENIED" operation="open" profile="/usr/sbin/tcpdump" name="/proc/sys/kernel/random/boot_id" pid=665 comm="tcpdump" requested_mask="r" denied_mask="r" fsuid=0 ouid=0
[    9.997550] audit: type=1400 audit(1768765190.836:46): apparmor="DENIED" operation="open" profile="/usr/sbin/tcpdump" name="/proc/sys/kernel/random/boot_id" pid=666 comm="tcpdump" requested_mask="r" denied_mask="r" fsuid=0 ouid=0
[    9.997920] audit: type=1400 audit(1768765190.836:47): apparmor="DENIED" operation="open" profile="/usr/sbin/tcpdump" name="/proc/sys/kernel/random/boot_id" pid=666 comm="tcpdump" requested_mask="r" denied_mask="r" fsuid=0 ouid=0
[    9.997964] audit: type=1400 audit(1768765190.836:48): apparmor="DENIED" operation="open" profile="/usr/sbin/tcpdump" name="/proc/sys/kernel/random/boot_id" pid=666 comm="tcpdump" requested_mask="r" denied_mask="r" fsuid=0 ouid=0
[    9.998150] audit: type=1400 audit(1768765190.836:49): apparmor="DENIED" operation="open" profile="/usr/sbin/tcpdump" name="/proc/sys/kernel/random/boot_id" pid=666 comm="tcpdump" requested_mask="r" denied_mask="r" fsuid=0 ouid=0
[   15.903495] rfkill: input handler disabled
[  308.532293] AAAAA-TCP_FORW: name:enp0s3: saddr:16783984: daddr:100932208
[  308.669071] AAAAA-TCP_FORW: name:enp0s3: saddr:33561200: daddr:100932208
[  309.004853] AAAAA-TCP_FORW: name:enp0s3: saddr:33561200: daddr:100932208
[  309.209036] AAAAA-TCP_FORW: name:enp0s3: saddr:33561200: daddr:100932208
[  309.361199] AAAAA-TCP_FORW: name:enp0s3: saddr:33561200: daddr:100932208
[  309.524802] AAAAA-TCP_FORW: name:enp0s3: saddr:33561200: daddr:100932208
[  309.604937] AAAAA-TCP_FORW: name:enp0s3: saddr:33561200: daddr:100932208
[  309.788133] AAAAA-TCP_FORW: name:enp0s3: saddr:33561200: daddr:100932208
[  310.089373] AAAAA-TCP_FORW: name:enp0s3: saddr:33561200: daddr:100932208
[  310.279330] AAAAA-TCP_FORW: name:enp0s3: saddr:16783984: daddr:100932208
[  310.709462] AAAAA-TCP_FORW: name:enp0s3: saddr:16783984: daddr:100932208
[  310.906176] AAAAA-TCP_FORW: name:enp0s3: saddr:16783984: daddr:100932208
[  311.019289] AAAAA-TCP_FORW: name:enp0s3: saddr:16783984: daddr:100932208
[  311.101673] AAAAA-TCP_FORW: name:enp0s3: saddr:16783984: daddr:100932208
[  311.225285] AAAAA-TCP_FORW: name:enp0s3: saddr:16783984: daddr:100932208
[  311.416513] AAAAA-TCP_FORW: name:enp0s3: saddr:33561200: daddr:100932208
[  311.634952] AAAAA-TCP_FORW: name:enp0s3: saddr:33561200: daddr:100932208
[  311.780601] AAAAA-TCP_FORW: name:enp0s3: saddr:33561200: daddr:100932208
[  311.879464] AAAAA-TCP_FORW: name:enp0s3: saddr:33561200: daddr:100932208
[  311.976906] AAAAA-TCP_FORW: name:enp0s3: saddr:33561200: daddr:100932208
[  312.191335] AAAAA-TCP_FORW: name:enp0s3: saddr:33561200: daddr:100932208
[  312.247574] AAAAA-TCP_FORW: name:enp0s3: saddr:33561200: daddr:100932208
[  312.584756] AAAAA-TCP_FORW: name:enp0s3: saddr:16783984: daddr:100932208
[  312.795015] AAAAA-TCP_FORW: name:enp0s3: saddr:33561200: daddr:100932208
[  314.512266] AAAAA-TCP_FORW: name:enp0s3: saddr:33561200: daddr:100932208
[  314.774112] AAAAA-TCP_FORW: name:enp0s3: saddr:33561200: daddr:100932208
[  314.910407] AAAAA-TCP_FORW: name:enp0s3: saddr:16783984: daddr:100932208
[  315.009830] AAAAA-TCP_FORW: name:enp0s3: saddr:16783984: daddr:100932208
[  315.107476] AAAAA-TCP_FORW: name:enp0s3: saddr:16783984: daddr:100932208
[  315.222130] AAAAA-TCP_FORW: name:enp0s3: saddr:33561200: daddr:100932208
[  315.297063] AAAAA-TCP_FORW: name:enp0s3: saddr:33561200: daddr:100932208
[  315.495689] AAAAA-TCP_FORW: name:enp0s3: saddr:33561200: daddr:100932208
[  315.603421] AAAAA-TCP_FORW: name:enp0s3: saddr:33561200: daddr:100932208
[  315.699055] AAAAA-TCP_FORW: name:enp0s3: saddr:33561200: daddr:100932208
[  315.831968] AAAAA-TCP_FORW: name:enp0s3: saddr:33561200: daddr:100932208
[  316.012612] AAAAA-TCP_FORW: name:enp0s3: saddr:33561200: daddr:100932208
[  316.075695] AAAAA-TCP_FORW: name:enp0s3: saddr:33561200: daddr:100932208
[  316.248121] AAAAA-TCP_FORW: name:enp0s3: saddr:16783984: daddr:100932208
[  342.742943] AAAAA-TCP_FORW: name:enp0s3: saddr:100932208: daddr:16783984
[  342.923485] AAAAA-TCP_FORW: name:enp0s3: saddr:100932208: daddr:16783984
[  343.021066] AAAAA-TCP_FORW: name:enp0s3: saddr:100932208: daddr:16783984
[  343.204649] AAAAA-TCP_FORW: name:enp0s3: saddr:100932208: daddr:16783984
[  343.355807] AAAAA-TCP_FORW: name:enp0s3: saddr:100932208: daddr:16783984
[  343.469424] AAAAA-TCP_FORW: name:enp0s3: saddr:100932208: daddr:16783984
[  343.526469] AAAAA-TCP_FORW: name:enp0s3: saddr:100932208: daddr:16783984
[  343.573251] AAAAA-TCP_FORW: name:enp0s3: saddr:100932208: daddr:16783984
[  343.719971] AAAAA-TCP_FORW: name:enp0s3: saddr:100932208: daddr:16783984
[  343.734299] AAAAA-TCP_FORW: name:enp0s3: saddr:100932208: daddr:16783984
[  343.860043] AAAAA-TCP_FORW: name:enp0s3: saddr:100932208: daddr:16783984
[  343.945697] AAAAA-TCP_FORW: name:enp0s3: saddr:100932208: daddr:16783984
[  343.983168] AAAAA-TCP_FORW: name:enp0s3: saddr:100932208: daddr:16783984
[  344.099713] AAAAA-TCP_FORW: name:enp0s3: saddr:100932208: daddr:16783984
[  367.682965] AAAAA-TCP_FORW: name:enp0s3: saddr:33561200: daddr:100932208
[  367.848673] AAAAA-TCP_FORW: name:enp0s3: saddr:33561200: daddr:100932208
[  368.195235] AAAAA-TCP_FORW: name:enp0s3: saddr:33561200: daddr:100932208
[  368.442542] AAAAA-TCP_FORW: name:enp0s3: saddr:33561200: daddr:100932208
[  368.557691] AAAAA-TCP_FORW: name:enp0s3: saddr:33561200: daddr:100932208
[  368.954491] AAAAA-TCP_FORW: name:enp0s3: saddr:100932208: daddr:16783984
[  369.086734] AAAAA-TCP_FORW: name:enp0s3: saddr:33561200: daddr:100932208
[  369.150792] AAAAA-TCP_FORW: name:enp0s3: saddr:100932208: daddr:16783984
[  369.293460] AAAAA-TCP_FORW: name:enp0s3: saddr:100932208: daddr:16783984
[  369.517507] AAAAA-TCP_FORW: name:enp0s3: saddr:16783984: daddr:100932208
[  369.572917] AAAAA-TCP_FORW: name:enp0s3: saddr:100932208: daddr:16783984
[  369.648288] AAAAA-TCP_FORW: name:enp0s3: saddr:100932208: daddr:33561200
[  369.768498] AAAAA-TCP_FORW: name:enp0s3: saddr:33561200: daddr:100932208
[  369.893400] AAAAA-TCP_FORW: name:enp0s3: saddr:100932208: daddr:33561200
[  370.002945] AAAAA-TCP_FORW: name:enp0s3: saddr:100932208: daddr:33561200
[  370.107423] AAAAA-TCP_FORW: name:enp0s3: saddr:100932208: daddr:33561200
[  370.128211] AAAAA-TCP_FORW: name:enp0s3: saddr:16783984: daddr:100932208
[  370.262543] AAAAA-TCP_FORW: name:enp0s3: saddr:16783984: daddr:100932208
[  370.339197] AAAAA-TCP_FORW: name:enp0s3: saddr:16783984: daddr:100932208
[  370.549078] AAAAA-TCP_FORW: name:enp0s3: saddr:100932208: daddr:33561200
[  370.606281] AAAAA-TCP_FORW: name:enp0s3: saddr:100932208: daddr:33561200
[  370.777807] AAAAA-TCP_FORW: name:enp0s3: saddr:16783984: daddr:100932208
[  370.897086] AAAAA-TCP_FORW: name:enp0s3: saddr:33561200: daddr:100932208
[  371.364122] AAAAA-TCP_FORW: name:enp0s3: saddr:33561200: daddr:100932208
[  371.620518] AAAAA-TCP_FORW: name:enp0s3: saddr:33561200: daddr:100932208
[  371.699497] AAAAA-TCP_FORW: name:enp0s3: saddr:33561200: daddr:100932208
[  371.710729] AAAAA-TCP_FORW: name:enp0s3: saddr:100932208: daddr:33561200
[  372.011531] AAAAA-TCP_FORW: name:enp0s3: saddr:100932208: daddr:33561200
[  372.489920] AAAAA-TCP_FORW: name:enp0s3: saddr:33561200: daddr:100932208
[  372.571296] AAAAA-TCP_FORW: name:enp0s3: saddr:33561200: daddr:100932208
[  527.213777] rfkill: input handler enabled
[  535.634638] rfkill: input handler disabled
[  707.282779] device enp0s3 left promiscuous mode
