[    0.000000] Linux version 5.4.243-mptcp (root@ztg) (gcc version 12.2.0 (Debian 12.2.0-14+deb12u1)) #53 SMP Wed Dec 24 23:28:15 CST 2025
[    0.000000] Command line: BOOT_IMAGE=/boot/vmlinuz-5.4.243-mptcp root=UUID=98415a12-53b7-4144-8265-0f7ece09e445 ro quiet splash
[    0.000000] KERNEL supported cpus:
[    0.000000]   Intel GenuineIntel
[    0.000000]   AMD AuthenticAMD
[    0.000000]   Hygon HygonGenuine
[    0.000000]   Centaur CentaurHauls
[    0.000000]   zhaoxin   Shanghai  
[    0.000000] x86/fpu: Supporting XSAVE feature 0x001: 'x87 floating point registers'
[    0.000000] x86/fpu: Supporting XSAVE feature 0x002: 'SSE registers'
[    0.000000] x86/fpu: Supporting XSAVE feature 0x004: 'AVX registers'
[    0.000000] x86/fpu: xstate_offset[2]:  576, xstate_sizes[2]:  256
[    0.000000] x86/fpu: Enabled xstate features 0x7, context size is 832 bytes, using 'standard' format.
[    0.000000] BIOS-provided physical RAM map:
[    0.000000] BIOS-e820: [mem 0x0000000000000000-0x000000000009fbff] usable
[    0.000000] BIOS-e820: [mem 0x000000000009fc00-0x000000000009ffff] reserved
[    0.000000] BIOS-e820: [mem 0x00000000000f0000-0x00000000000fffff] reserved
[    0.000000] BIOS-e820: [mem 0x0000000000100000-0x000000007ffeffff] usable
[    0.000000] BIOS-e820: [mem 0x000000007fff0000-0x000000007fffffff] ACPI data
[    0.000000] BIOS-e820: [mem 0x00000000fec00000-0x00000000fec00fff] reserved
[    0.000000] BIOS-e820: [mem 0x00000000fee00000-0x00000000fee00fff] reserved
[    0.000000] BIOS-e820: [mem 0x00000000fffc0000-0x00000000ffffffff] reserved
[    0.000000] NX (Execute Disable) protection: active
[    0.000000] SMBIOS 2.5 present.
[    0.000000] DMI: innotek GmbH VirtualBox/VirtualBox, BIOS VirtualBox 12/01/2006
[    0.000000] Hypervisor detected: KVM
[    0.000000] kvm-clock: Using msrs 4b564d01 and 4b564d00
[    0.000000] kvm-clock: cpu 0, msr 20a01001, primary cpu clock
[    0.000000] kvm-clock: using sched offset of 4436997480 cycles
[    0.000003] clocksource: kvm-clock: mask: 0xffffffffffffffff max_cycles: 0x1cd42e4dffb, max_idle_ns: 881590591483 ns
[    0.000006] tsc: Detected 2100.000 MHz processor
[    0.001858] e820: update [mem 0x00000000-0x00000fff] usable ==> reserved
[    0.001860] e820: remove [mem 0x000a0000-0x000fffff] usable
[    0.001864] last_pfn = 0x7fff0 max_arch_pfn = 0x400000000
[    0.001931] MTRR default type: uncachable
[    0.001932] MTRR fixed ranges enabled:
[    0.001934]   00000-9FFFF write-back
[    0.001934]   A0000-BFFFF uncachable
[    0.001935]   C0000-FFFFF write-protect
[    0.001936] MTRR variable ranges enabled:
[    0.001937]   0 base 000000000000 mask 3FFF80000000 write-back
[    0.001938]   1 disabled
[    0.001938]   2 disabled
[    0.001939]   3 disabled
[    0.001939]   4 disabled
[    0.001940]   5 disabled
[    0.001940]   6 disabled
[    0.001940]   7 disabled
[    0.001941]   8 disabled
[    0.001941]   9 disabled
[    0.001942]   10 disabled
[    0.001942]   11 disabled
[    0.001943]   12 disabled
[    0.001943]   13 disabled
[    0.001943]   14 disabled
[    0.001944]   15 disabled
[    0.001960] x86/PAT: Configuration [0-7]: WB  WC  UC- UC  WB  WP  UC- WT  
[    0.002095] found SMP MP-table at [mem 0x0009fff0-0x0009ffff]
[    0.092783] check: Scanning 1 areas for low memory corruption
[    0.092908] RAMDISK: [mem 0x32271000-0x3512ffff]
[    0.092917] ACPI: Early table checksum verification disabled
[    0.092922] ACPI: RSDP 0x00000000000E0000 000024 (v02 VBOX  )
[    0.092926] ACPI: XSDT 0x000000007FFF0030 00003C (v01 VBOX   VBOXXSDT 00000001 ASL  00000061)
[    0.092933] ACPI: FACP 0x000000007FFF00F0 0000F4 (v04 VBOX   VBOXFACP 00000001 ASL  00000061)
[    0.092939] ACPI: DSDT 0x000000007FFF02E0 002353 (v02 VBOX   VBOXBIOS 00000002 VBOX 00029BF3)
[    0.092943] ACPI: FACS 0x000000007FFF0200 000040
[    0.092947] ACPI: FACS 0x000000007FFF0200 000040
[    0.092950] ACPI: APIC 0x000000007FFF0240 000054 (v02 VBOX   VBOXAPIC 00000001 ASL  00000061)
[    0.092953] ACPI: SSDT 0x000000007FFF02A0 000038 (v01 VBOX   VBOXCPUT 00000002 VBOX 00029BF3)
[    0.092957] ACPI: Reserving FACP table memory at [mem 0x7fff00f0-0x7fff01e3]
[    0.092957] ACPI: Reserving DSDT table memory at [mem 0x7fff02e0-0x7fff2632]
[    0.092958] ACPI: Reserving FACS table memory at [mem 0x7fff0200-0x7fff023f]
[    0.092959] ACPI: Reserving FACS table memory at [mem 0x7fff0200-0x7fff023f]
[    0.092959] ACPI: Reserving APIC table memory at [mem 0x7fff0240-0x7fff0293]
[    0.092960] ACPI: Reserving SSDT table memory at [mem 0x7fff02a0-0x7fff02d7]
[    0.092974] ACPI: Local APIC address 0xfee00000
[    0.093159] No NUMA configuration found
[    0.093160] Faking a node at [mem 0x0000000000000000-0x000000007ffeffff]
[    0.093170] NODE_DATA(0) allocated [mem 0x7ffc5000-0x7ffeffff]
[    0.093430] Zone ranges:
[    0.093431]   DMA      [mem 0x0000000000001000-0x0000000000ffffff]
[    0.093432]   DMA32    [mem 0x0000000001000000-0x000000007ffeffff]
[    0.093433]   Normal   empty
[    0.093434]   Device   empty
[    0.093435] Movable zone start for each node
[    0.093437] Early memory node ranges
[    0.093437]   node   0: [mem 0x0000000000001000-0x000000000009efff]
[    0.093438]   node   0: [mem 0x0000000000100000-0x000000007ffeffff]
[    0.093442] Zeroed struct page in unavailable ranges: 114 pages
[    0.093443] Initmem setup node 0 [mem 0x0000000000001000-0x000000007ffeffff]
[    0.093444] On node 0 totalpages: 524174
[    0.093445]   DMA zone: 64 pages used for memmap
[    0.093446]   DMA zone: 21 pages reserved
[    0.093446]   DMA zone: 3998 pages, LIFO batch:0
[    0.093516]   DMA32 zone: 8128 pages used for memmap
[    0.093517]   DMA32 zone: 520176 pages, LIFO batch:63
[    0.102388] ACPI: PM-Timer IO Port: 0x4008
[    0.102391] ACPI: Local APIC address 0xfee00000
[    0.102456] IOAPIC[0]: apic_id 1, version 32, address 0xfec00000, GSI 0-23
[    0.102459] ACPI: INT_SRC_OVR (bus 0 bus_irq 0 global_irq 2 dfl dfl)
[    0.102461] ACPI: INT_SRC_OVR (bus 0 bus_irq 9 global_irq 9 low level)
[    0.102463] ACPI: IRQ0 used by override.
[    0.102464] ACPI: IRQ9 used by override.
[    0.102467] Using ACPI (MADT) for SMP configuration information
[    0.102473] smpboot: Allowing 1 CPUs, 0 hotplug CPUs
[    0.102496] PM: Registered nosave memory: [mem 0x00000000-0x00000fff]
[    0.102497] PM: Registered nosave memory: [mem 0x0009f000-0x0009ffff]
[    0.102498] PM: Registered nosave memory: [mem 0x000a0000-0x000effff]
[    0.102498] PM: Registered nosave memory: [mem 0x000f0000-0x000fffff]
[    0.102500] [mem 0x80000000-0xfebfffff] available for PCI devices
[    0.102501] Booting paravirtualized kernel on KVM
[    0.102503] clocksource: refined-jiffies: mask: 0xffffffff max_cycles: 0xffffffff, max_idle_ns: 7645519600211568 ns
[    0.102508] setup_percpu: NR_CPUS:8192 nr_cpumask_bits:1 nr_cpu_ids:1 nr_node_ids:1
[    0.103520] percpu: Embedded 60 pages/cpu s208896 r8192 d28672 u2097152
[    0.103525] pcpu-alloc: s208896 r8192 d28672 u2097152 alloc=1*2097152
[    0.103526] pcpu-alloc: [0] 0 
[    0.103552] Built 1 zonelists, mobility grouping on.  Total pages: 515961
[    0.103553] Policy zone: DMA32
[    0.103554] Kernel command line: BOOT_IMAGE=/boot/vmlinuz-5.4.243-mptcp root=UUID=98415a12-53b7-4144-8265-0f7ece09e445 ro quiet splash
[    0.104374] Dentry cache hash table entries: 262144 (order: 9, 2097152 bytes, linear)
[    0.104521] Inode-cache hash table entries: 131072 (order: 8, 1048576 bytes, linear)
[    0.104571] mem auto-init: stack:off, heap alloc:on, heap free:off
[    0.104574] Calgary: detecting Calgary via BIOS EBDA area
[    0.104576] Calgary: Unable to locate Rio Grande table in EBDA - bailing!
[    0.108582] Memory: 1967332K/2096696K available (14339K kernel code, 2398K rwdata, 4712K rodata, 2728K init, 17260K bss, 129364K reserved, 0K cma-reserved)
[    0.109500] SLUB: HWalign=64, Order=0-3, MinObjects=0, CPUs=1, Nodes=1
[    0.109516] ftrace: allocating 43186 entries in 169 pages
[    0.127581] rcu: Hierarchical RCU implementation.
[    0.127582] rcu: 	RCU restricting CPUs from NR_CPUS=8192 to nr_cpu_ids=1.
[    0.127584] 	Tasks RCU enabled.
[    0.127585] rcu: RCU calculated value of scheduler-enlistment delay is 25 jiffies.
[    0.127586] rcu: Adjusting geometry for rcu_fanout_leaf=16, nr_cpu_ids=1
[    0.130529] NR_IRQS: 524544, nr_irqs: 256, preallocated irqs: 16
[    0.130739] random: crng init done
[    0.140015] Console: colour VGA+ 80x25
[    0.140019] printk: console [tty0] enabled
[    0.140039] ACPI: Core revision 20190816
[    0.140131] APIC: Switch to symmetric I/O mode setup
[    0.140378] x2apic enabled
[    0.140614] Switched APIC routing to physical x2apic.
[    0.141728] ..TIMER: vector=0x30 apic1=0 pin1=2 apic2=-1 pin2=-1
[    0.141752] clocksource: tsc-early: mask: 0xffffffffffffffff max_cycles: 0x1e4530a99b6, max_idle_ns: 440795257976 ns
[    0.141757] Calibrating delay loop (skipped) preset value.. 4200.00 BogoMIPS (lpj=8400000)
[    0.141758] pid_max: default: 32768 minimum: 301
[    0.141786] LSM: Security Framework initializing
[    0.141795] Yama: becoming mindful.
[    0.141822] AppArmor: AppArmor initialized
[    0.141855] Mount-cache hash table entries: 4096 (order: 3, 32768 bytes, linear)
[    0.141859] Mountpoint-cache hash table entries: 4096 (order: 3, 32768 bytes, linear)
[    0.141869] *** VALIDATE tmpfs ***
[    0.142003] *** VALIDATE proc ***
[    0.142044] *** VALIDATE cgroup1 ***
[    0.142045] *** VALIDATE cgroup2 ***
[    0.142186] process: using mwait in idle threads
[    0.142190] Last level iTLB entries: 4KB 64, 2MB 8, 4MB 8
[    0.142191] Last level dTLB entries: 4KB 64, 2MB 0, 4MB 0, 1GB 4
[    0.142211] Spectre V1 : Mitigation: usercopy/swapgs barriers and __user pointer sanitization
[    0.142217] Spectre V2 : Mitigation: Retpolines
[    0.142218] Spectre V2 : Spectre v2 / SpectreRSB mitigation: Filling RSB on context switch
[    0.142218] Spectre V2 : Spectre v2 / SpectreRSB : Filling RSB on VMEXIT
[    0.142219] RETBleed: WARNING: Spectre v2 mitigation leaves CPU vulnerable to RETBleed attacks, data leaks possible!
[    0.142568] RETBleed: Vulnerable
[    0.142569] Speculative Store Bypass: Vulnerable
[    0.142573] TAA: Mitigation: TSX disabled
[    0.142574] MMIO Stale Data: Mitigation: Clear CPU buffers
[    0.146757] Freeing SMP alternatives memory: 40K
[    0.258879] smpboot: CPU0: Intel(R) Xeon(R) Silver 4216 CPU @ 2.10GHz (family: 0x6, model: 0x55, stepping: 0x7)
[    0.259007] Performance Events: unsupported p6 CPU model 85 no PMU driver, software events only.
[    0.259043] rcu: Hierarchical SRCU implementation.
[    0.259522] NMI watchdog: Perf NMI watchdog permanently disabled
[    0.259560] smp: Bringing up secondary CPUs ...
[    0.259561] smp: Brought up 1 node, 1 CPU
[    0.259562] smpboot: Max logical packages: 1
[    0.259563] smpboot: Total of 1 processors activated (4200.00 BogoMIPS)
[    0.260518] devtmpfs: initialized
[    0.260566] x86/mm: Memory block size: 128MB
[    0.260931] clocksource: jiffies: mask: 0xffffffff max_cycles: 0xffffffff, max_idle_ns: 7645041785100000 ns
[    0.260937] futex hash table entries: 256 (order: 2, 16384 bytes, linear)
[    0.260983] pinctrl core: initialized pinctrl subsystem
[    0.261085] PM: RTC time: 19:39:46, date: 2026-01-18
[    0.261191] NET: Registered protocol family 16
[    0.261265] audit: initializing netlink subsys (disabled)
[    0.261393] EISA bus registered
[    0.261394] cpuidle: using governor ladder
[    0.261395] cpuidle: using governor menu
[    0.261430] ACPI: bus type PCI registered
[    0.261432] acpiphp: ACPI Hot Plug PCI Controller Driver version: 0.5
[    0.261533] PCI: Using configuration type 1 for base access
[    0.262029] audit: type=2000 audit(1768736392.573:1): state=initialized audit_enabled=0 res=1
[    0.262108] HugeTLB registered 2.00 MiB page size, pre-allocated 0 pages
[    0.262917] ACPI: Added _OSI(Module Device)
[    0.262918] ACPI: Added _OSI(Processor Device)
[    0.262918] ACPI: Added _OSI(3.0 _SCP Extensions)
[    0.262919] ACPI: Added _OSI(Processor Aggregator Device)
[    0.262920] ACPI: Added _OSI(Linux-Dell-Video)
[    0.262921] ACPI: Added _OSI(Linux-Lenovo-NV-HDMI-Audio)
[    0.262922] ACPI: Added _OSI(Linux-HPI-Hybrid-Graphics)
[    0.264878] ACPI: 2 ACPI AML tables successfully acquired and loaded
[    0.266386] ACPI: Interpreter enabled
[    0.266396] ACPI: (supports S0 S5)
[    0.266397] ACPI: Using IOAPIC for interrupt routing
[    0.266602] PCI: Using host bridge windows from ACPI; if necessary, use "pci=nocrs" and report a bug
[    0.266707] ACPI: Enabled 2 GPEs in block 00 to 07
[    0.271517] ACPI: PCI Root Bridge [PCI0] (domain 0000 [bus 00-ff])
[    0.271522] acpi PNP0A03:00: _OSC: OS supports [ASPM ClockPM Segments MSI HPX-Type3]
[    0.271969] acpi PNP0A03:00: _OSC: not requesting OS control; OS requires [ExtendedConfig ASPM ClockPM MSI]
[    0.271976] acpi PNP0A03:00: fail to add MMCONFIG information, can't access extended PCI configuration space under this bridge.
[    0.272346] PCI host bridge to bus 0000:00
[    0.272348] pci_bus 0000:00: root bus resource [io  0x0000-0x0cf7 window]
[    0.272349] pci_bus 0000:00: root bus resource [io  0x0d00-0xffff window]
[    0.272350] pci_bus 0000:00: root bus resource [mem 0x000a0000-0x000bffff window]
[    0.272351] pci_bus 0000:00: root bus resource [mem 0x80000000-0xfdffffff window]
[    0.272352] pci_bus 0000:00: root bus resource [bus 00-ff]
[    0.272393] pci 0000:00:00.0: [8086:1237] type 00 class 0x060000
[    0.273325] pci 0000:00:01.0: [8086:7000] type 00 class 0x060100
[    0.274230] pci 0000:00:01.1: [8086:7111] type 00 class 0x01018a
[    0.274611] pci 0000:00:01.1: reg 0x20: [io  0xd000-0xd00f]
[    0.274768] pci 0000:00:01.1: legacy IDE quirk: reg 0x10: [io  0x01f0-0x01f7]
[    0.274769] pci 0000:00:01.1: legacy IDE quirk: reg 0x14: [io  0x03f6]
[    0.274770] pci 0000:00:01.1: legacy IDE quirk: reg 0x18: [io  0x0170-0x0177]
[    0.274771] pci 0000:00:01.1: legacy IDE quirk: reg 0x1c: [io  0x0376]
[    0.275305] pci 0000:00:02.0: [15ad:0405] type 00 class 0x030000
[    0.277830] pci 0000:00:02.0: reg 0x10: [io  0xd010-0xd01f]
[    0.280638] pci 0000:00:02.0: reg 0x14: [mem 0xe0000000-0xe7ffffff pref]
[    0.283628] pci 0000:00:02.0: reg 0x18: [mem 0xf0000000-0xf01fffff]
[    0.294548] pci 0000:00:03.0: [1022:2000] type 00 class 0x020000
[    0.295242] pci 0000:00:03.0: reg 0x10: [io  0xd020-0xd03f]
[    0.295870] pci 0000:00:03.0: reg 0x14: [mem 0xf0200000-0xf0200fff]
[    0.299198] pci 0000:00:04.0: [80ee:cafe] type 00 class 0x088000
[    0.299867] pci 0000:00:04.0: reg 0x10: [io  0xd040-0xd05f]
[    0.300475] pci 0000:00:04.0: reg 0x14: [mem 0xf0400000-0xf07fffff]
[    0.301870] pci 0000:00:04.0: reg 0x18: [mem 0xf0800000-0xf0803fff pref]
[    0.305383] pci 0000:00:07.0: [8086:7113] type 00 class 0x068000
[    0.306112] pci 0000:00:07.0: quirk: [io  0x4000-0x403f] claimed by PIIX4 ACPI
[    0.306123] pci 0000:00:07.0: quirk: [io  0x4100-0x410f] claimed by PIIX4 SMB
[    0.306723] pci 0000:00:08.0: [8086:100e] type 00 class 0x020000
[    0.307428] pci 0000:00:08.0: reg 0x10: [mem 0xf0820000-0xf083ffff]
[    0.308583] pci 0000:00:08.0: reg 0x18: [io  0xd060-0xd067]
[    0.311367] pci 0000:00:09.0: [8086:100e] type 00 class 0x020000
[    0.312080] pci 0000:00:09.0: reg 0x10: [mem 0xf0840000-0xf085ffff]
[    0.313271] pci 0000:00:09.0: reg 0x18: [io  0xd068-0xd06f]
[    0.322751] ACPI: PCI Interrupt Link [LNKA] (IRQs 5 9 10 *11)
[    0.323034] ACPI: PCI Interrupt Link [LNKB] (IRQs 5 9 *10 11)
[    0.323139] ACPI: PCI Interrupt Link [LNKC] (IRQs 5 *9 10 11)
[    0.323242] ACPI: PCI Interrupt Link [LNKD] (IRQs 5 9 10 *11)
[    0.323499] iommu: Default domain type: Translated 
[    0.323560] pci 0000:00:02.0: vgaarb: setting as boot VGA device
[    0.323562] pci 0000:00:02.0: vgaarb: VGA device added: decodes=io+mem,owns=io+mem,locks=none
[    0.323564] pci 0000:00:02.0: vgaarb: bridge control possible
[    0.323564] vgaarb: loaded
[    0.323773] SCSI subsystem initialized
[    0.323808] libata version 3.00 loaded.
[    0.323830] ACPI: bus type USB registered
[    0.323845] usbcore: registered new interface driver usbfs
[    0.323851] usbcore: registered new interface driver hub
[    0.323857] usbcore: registered new device driver usb
[    0.323883] pps_core: LinuxPPS API ver. 1 registered
[    0.323884] pps_core: Software ver. 5.3.6 - Copyright 2005-2007 Rodolfo Giometti <giometti@linux.it>
[    0.323886] PTP clock support registered
[    0.323920] EDAC MC: Ver: 3.0.0
[    0.326019] PCI: Using ACPI for IRQ routing
[    0.326020] PCI: pci_cache_line_size set to 64 bytes
[    0.326191] e820: reserve RAM buffer [mem 0x0009fc00-0x0009ffff]
[    0.326195] e820: reserve RAM buffer [mem 0x7fff0000-0x7fffffff]
[    0.326982] NetLabel: Initializing
[    0.326983] NetLabel:  domain hash size = 128
[    0.326983] NetLabel:  protocols = UNLABELED CIPSOv4 CALIPSO
[    0.327003] NetLabel:  unlabeled traffic allowed by default
[    0.327900] clocksource: Switched to clocksource kvm-clock
[    0.340059] *** VALIDATE bpf ***
[    0.340116] VFS: Disk quotas dquot_6.6.0
[    0.340128] VFS: Dquot-cache hash table entries: 512 (order 0, 4096 bytes)
[    0.340150] *** VALIDATE ramfs ***
[    0.340154] *** VALIDATE hugetlbfs ***
[    0.340231] AppArmor: AppArmor Filesystem Enabled
[    0.340256] pnp: PnP ACPI init
[    0.340319] pnp 00:00: Plug and Play ACPI device, IDs PNP0303 (active)
[    0.340405] pnp 00:01: Plug and Play ACPI device, IDs PNP0f03 (active)
[    0.341150] pnp: PnP ACPI: found 2 devices
[    0.342124] thermal_sys: Registered thermal governor 'fair_share'
[    0.342124] thermal_sys: Registered thermal governor 'bang_bang'
[    0.342125] thermal_sys: Registered thermal governor 'step_wise'
[    0.342126] thermal_sys: Registered thermal governor 'user_space'
[    0.342126] thermal_sys: Registered thermal governor 'power_allocator'
[    0.346636] clocksource: acpi_pm: mask: 0xffffff max_cycles: 0xffffff, max_idle_ns: 2085701024 ns
[    0.346675] pci_bus 0000:00: resource 4 [io  0x0000-0x0cf7 window]
[    0.346677] pci_bus 0000:00: resource 5 [io  0x0d00-0xffff window]
[    0.346678] pci_bus 0000:00: resource 6 [mem 0x000a0000-0x000bffff window]
[    0.346679] pci_bus 0000:00: resource 7 [mem 0x80000000-0xfdffffff window]
[    0.346737] NET: Registered protocol family 2
[    0.346811] IP idents hash table entries: 32768 (order: 6, 262144 bytes, linear)
[    0.347067] MPTCP tokens hash table entries: 8192 (order: 4, 65536 bytes, linear)
[    0.347067] MPTCP request tokens hash table entries: 8192 (order: 4, 65536 bytes, linear)
[    0.347067] default registered
[    0.347067] default registered
[    0.347067] MPTCP: Stable release v0.96
[    0.347067] tcp_listen_portaddr_hash hash table entries: 1024 (order: 2, 16384 bytes, linear)
[    0.347067] TCP established hash table entries: 16384 (order: 5, 131072 bytes, linear)
[    0.347067] TCP bind hash table entries: 16384 (order: 6, 262144 bytes, linear)
[    0.347067] TCP: Hash tables configured (established 16384 bind 16384)
[    0.348164] UDP hash table entries: 1024 (order: 3, 32768 bytes, linear)
[    0.348175] UDP-Lite hash table entries: 1024 (order: 3, 32768 bytes, linear)
[    0.348210] NET: Registered protocol family 1
[    0.348218] NET: Registered protocol family 44
[    0.348239] pci 0000:00:00.0: Limiting direct PCI/PCI transfers
[    0.348251] pci 0000:00:01.0: Activating ISA DMA hang workarounds
[    0.348308] pci 0000:00:02.0: Video device with shadowed ROM at [mem 0x000c0000-0x000dffff]
[    0.348373] PCI: CLS 0 bytes, default 64
[    0.348419] Trying to unpack rootfs image as initramfs...
[    0.515654] Freeing initrd memory: 47868K
[    0.515654] clocksource: tsc: mask: 0xffffffffffffffff max_cycles: 0x1e4530a99b6, max_idle_ns: 440795257976 ns
[    0.515654] clocksource: Switched to clocksource tsc
[    0.515654] platform rtc_cmos: registered platform RTC device (no PNP device found)
[    0.515654] check: Scanning for low memory corruption every 60 seconds
[    0.515654] Initialise system trusted keyrings
[    0.515654] Key type blacklist registered
[    0.515654] workingset: timestamp_bits=36 max_order=19 bucket_order=0
[    0.515654] zbud: loaded
[    0.515654] squashfs: version 4.0 (2009/01/31) Phillip Lougher
[    0.526125] fuse: init (API version 7.31)
[    0.526142] *** VALIDATE fuse ***
[    0.526144] *** VALIDATE fuse ***
[    0.526249] Platform Keyring initialized
[    0.529170] Key type asymmetric registered
[    0.529171] Asymmetric key parser 'x509' registered
[    0.529178] Block layer SCSI generic (bsg) driver version 0.4 loaded (major 244)
[    0.529203] io scheduler mq-deadline registered
[    0.529320] shpchp: Standard Hot Plug PCI Controller Driver version: 0.4
[    0.529562] ACPI: AC Adapter [AC] (on-line)
[    0.529607] input: Power Button as /devices/LNXSYSTM:00/LNXPWRBN:00/input/input0
[    0.529638] ACPI: Power Button [PWRF]
[    0.529711] input: Sleep Button as /devices/LNXSYSTM:00/LNXSLPBN:00/input/input1
[    0.529726] ACPI: Sleep Button [SLPF]
[    0.529968] Serial: 8250/16550 driver, 32 ports, IRQ sharing enabled
[    0.531143] Linux agpgart interface v0.103
[    0.627070] loop: module loaded
[    0.627198] ata_piix 0000:00:01.1: version 2.13
[    0.627581] scsi host0: ata_piix
[    0.627673] scsi host1: ata_piix
[    0.627699] ata1: PATA max UDMA/33 cmd 0x1f0 ctl 0x3f6 bmdma 0xd000 irq 14
[    0.627700] ata2: PATA max UDMA/33 cmd 0x170 ctl 0x376 bmdma 0xd008 irq 15
[    0.627773] tun: Universal TUN/TAP device driver, 1.6
[    0.628082] PPP generic driver version 2.4.2
[    0.628123] VFIO - User Level meta-driver version: 0.3
[    0.628351] ehci_hcd: USB 2.0 'Enhanced' Host Controller (EHCI) Driver
[    0.628356] ehci-pci: EHCI PCI platform driver
[    0.628368] ehci-platform: EHCI generic platform driver
[    0.628373] ohci_hcd: USB 1.1 'Open' Host Controller (OHCI) Driver
[    0.628375] ohci-pci: OHCI PCI platform driver
[    0.628383] ohci-platform: OHCI generic platform driver
[    0.628387] uhci_hcd: USB Universal Host Controller Interface driver
[    0.628449] i8042: PNP: PS/2 Controller [PNP0303:PS2K,PNP0f03:PS2M] at 0x60,0x64 irq 1,12
[    0.628888] serio: i8042 KBD port at 0x60,0x64 irq 1
[    0.628891] serio: i8042 AUX port at 0x60,0x64 irq 12
[    0.628975] mousedev: PS/2 mouse device common for all mice
[    0.629217] input: AT Translated Set 2 keyboard as /devices/platform/i8042/serio0/input/input2
[    0.629608] rtc_cmos rtc_cmos: registered as rtc0
[    0.629621] rtc_cmos rtc_cmos: alarms up to one day, 114 bytes nvram
[    0.629626] i2c /dev entries driver
[    0.629666] device-mapper: uevent: version 1.0.3
[    0.629708] device-mapper: ioctl: 4.41.0-ioctl (2019-09-16) initialised: dm-devel@redhat.com
[    0.629722] platform eisa.0: Probing EISA bus 0
[    0.629723] platform eisa.0: EISA: Cannot allocate resource for mainboard
[    0.629725] platform eisa.0: Cannot allocate resource for EISA slot 1
[    0.629726] platform eisa.0: Cannot allocate resource for EISA slot 2
[    0.629727] platform eisa.0: Cannot allocate resource for EISA slot 3
[    0.629728] platform eisa.0: Cannot allocate resource for EISA slot 4
[    0.629729] platform eisa.0: Cannot allocate resource for EISA slot 5
[    0.629730] platform eisa.0: Cannot allocate resource for EISA slot 6
[    0.629731] platform eisa.0: Cannot allocate resource for EISA slot 7
[    0.629732] platform eisa.0: Cannot allocate resource for EISA slot 8
[    0.629733] platform eisa.0: EISA: Detected 0 cards
[    0.629735] intel_pstate: CPU model not supported
[    0.629743] ledtrig-cpu: registered to indicate activity on CPUs
[    0.629792] drop_monitor: Initializing network drop monitor service
[    0.629961] NET: Registered protocol family 10
[    0.634993] Segment Routing with IPv6
[    0.635022] fullmesh registered
[    0.635023] ndiffports registered
[    0.635024] binder registered
[    0.635025] roundrobin registered
[    0.635026] redundant registered
[    0.635026] blest registered
[    0.635027] ecf registered
[    0.635028] NET: Registered protocol family 17
[    0.635058] Key type dns_resolver registered
[    0.635155] RAS: Correctable Errors collector initialized.
[    0.635168] IPI shorthand broadcast: enabled
[    0.635181] sched_clock: Marking stable (620163851, 11023874)->(632627840, -1440115)
[    0.635226] registered taskstats version 1
[    0.635234] Loading compiled-in X.509 certificates
[    0.635823] Loaded X.509 cert 'Build time autogenerated kernel key: 6909f3744cebb3d0de528d5887b96a727de79b1e'
[    0.635840] zswap: loaded using pool lzo/zbud
[    0.635891] Key type ._fscrypt registered
[    0.635892] Key type .fscrypt registered
[    0.640350] Key type big_key registered
[    0.642539] Key type encrypted registered
[    0.642542] AppArmor: AppArmor sha1 policy hashing enabled
[    0.642548] ima: No TPM chip found, activating TPM-bypass!
[    0.642552] ima: Allocated hash algorithm: sha1
[    0.642557] ima: No architecture policies found
[    0.642565] evm: Initialising EVM extended attributes:
[    0.642566] evm: security.selinux
[    0.642567] evm: security.SMACK64
[    0.642567] evm: security.SMACK64EXEC
[    0.642567] evm: security.SMACK64TRANSMUTE
[    0.642568] evm: security.SMACK64MMAP
[    0.642568] evm: security.apparmor
[    0.642569] evm: security.ima
[    0.642569] evm: security.capability
[    0.642570] evm: HMAC attrs: 0x1
[    0.642855] PM:   Magic number: 10:470:698
[    0.642949] rtc_cmos rtc_cmos: setting system clock to 2026-01-18T19:39:47 UTC (1768765187)
[    0.799880] ata1.00: ATA-6: VBOX HARDDISK, 1.0, max UDMA/133
[    0.799883] ata1.00: 209715200 sectors, multi 128: LBA 
[    0.800513] scsi 0:0:0:0: Direct-Access     ATA      VBOX HARDDISK    1.0  PQ: 0 ANSI: 5
[    0.800781] sd 0:0:0:0: [sda] 209715200 512-byte logical blocks: (107 GB/100 GiB)
[    0.800793] sd 0:0:0:0: [sda] Write Protect is off
[    0.800796] sd 0:0:0:0: [sda] Mode Sense: 00 3a 00 00
[    0.800815] sd 0:0:0:0: [sda] Write cache: enabled, read cache: enabled, doesn't support DPO or FUA
[    0.801112] sd 0:0:0:0: Attached scsi generic sg0 type 0
[    0.802103]  sda: sda1 sda2
[    0.811326] sd 0:0:0:0: [sda] Attached SCSI disk
[    0.815596] Freeing unused decrypted memory: 2040K
[    0.816747] Freeing unused kernel image memory: 2728K
[    0.816751] Write protecting the kernel read-only data: 22528k
[    0.818011] Freeing unused kernel image memory: 2036K
[    0.818687] Freeing unused kernel image memory: 1432K
[    0.850983] x86/mm: Checked W+X mappings: passed, no W+X pages found.
[    0.850987] Run /init as init process
[    0.947833] ACPI: Video Device [GFX0] (multi-head: yes  rom: no  post: no)
[    0.947902] input: Video Bus as /devices/LNXSYSTM:00/LNXSYBUS:00/PNP0A03:00/LNXVIDEO:00/input/input4
[    0.958760] pcnet32: pcnet32.c:v1.35 21.Apr.2008 tsbogend@alpha.franken.de
[    0.960396] piix4_smbus 0000:00:07.0: SMBus Host Controller at 0x4100, revision 0
[    0.964330] e1000: Intel(R) PRO/1000 Network Driver - version 7.3.21-k8-NAPI
[    0.964331] e1000: Copyright (c) 1999-2006 Intel Corporation.
[    0.970425] pcnet32: PCnet/FAST III 79C973 at 0xd020, 08:00:27:68:85:7e assigned IRQ 19
[    0.970470] pcnet32: Found PHY 0022:561b at address 0
[    0.970766] pcnet32: eth0: registered as PCnet/FAST III 79C973
[    0.979608] pcnet32: 1 cards_found
[    1.034020] pcnet32 0000:00:03.0 enp0s3: renamed from eth0
[    1.177262] input: ImExPS/2 Generic Explorer Mouse as /devices/platform/i8042/serio1/input/input5
[    1.371350] e1000 0000:00:08.0 eth0: (PCI:33MHz:32-bit) 08:00:27:b8:72:4b
[    1.371354] e1000 0000:00:08.0 eth0: Intel(R) PRO/1000 Network Connection
[    1.743395] e1000 0000:00:09.0 eth1: (PCI:33MHz:32-bit) 08:00:27:0f:0e:69
[    1.743398] e1000 0000:00:09.0 eth1: Intel(R) PRO/1000 Network Connection
[    1.744537] e1000 0000:00:09.0 enp0s9: renamed from eth1
[    1.746311] e1000 0000:00:08.0 enp0s8: renamed from eth0
[    1.891462] EXT4-fs (sda2): mounted filesystem with ordered data mode. Opts: (null)
[    1.983204] systemd[1]: Inserted module 'autofs4'
[    1.996374] systemd[1]: systemd 245.4-4ubuntu3 running in system mode. (+PAM +AUDIT +SELINUX +IMA +APPARMOR +SMACK +SYSVINIT +UTMP +LIBCRYPTSETUP +GCRYPT +GNUTLS +ACL +XZ +LZ4 +SECCOMP +BLKID +ELFUTILS +KMOD +IDN2 -IDN +PCRE2 default-hierarchy=hybrid)
[    1.996405] systemd[1]: Detected virtualization oracle.
[    1.996408] systemd[1]: Detected architecture x86-64.
[    1.997695] systemd[1]: Set hostname to <ztg>.
[    2.125390] systemd[1]: /lib/systemd/system/dbus.socket:5: ListenStream= references a path below legacy directory /var/run/, updating /var/run/dbus/system_bus_socket â†’ /run/dbus/system_bus_socket; please update the unit file accordingly.
[    2.176425] systemd[1]: Created slice system-modprobe.slice.
[    2.176606] systemd[1]: Created slice User and Session Slice.
[    2.176651] systemd[1]: Started Forward Password Requests to Wall Directory Watch.
[    2.176814] systemd[1]: Set up automount Arbitrary Executable File Formats File System Automount Point.
[    2.176851] systemd[1]: Reached target User and Group Name Lookups.
[    2.176860] systemd[1]: Reached target Remote File Systems.
[    2.176869] systemd[1]: Reached target Slices.
[    2.177402] systemd[1]: Listening on Syslog Socket.
[    2.177472] systemd[1]: Listening on fsck to fsckd communication Socket.
[    2.177509] systemd[1]: Listening on initctl Compatibility Named Pipe.
[    2.177644] systemd[1]: Listening on Journal Audit Socket.
[    2.177695] systemd[1]: Listening on Journal Socket (/dev/log).
[    2.177764] systemd[1]: Listening on Journal Socket.
[    2.177828] systemd[1]: Listening on udev Control Socket.
[    2.177868] systemd[1]: Listening on udev Kernel Socket.
[    2.178631] systemd[1]: Mounting Huge Pages File System...
[    2.179623] systemd[1]: Mounting POSIX Message Queue File System...
[    2.180635] systemd[1]: Mounting Kernel Debug File System...
[    2.181496] systemd[1]: Mounting Kernel Trace File System...
[    2.183745] systemd[1]: Starting Journal Service...
[    2.207910] systemd[1]: Starting Set the console keyboard layout...
[    2.215748] systemd[1]: Starting Create list of static device nodes for the current kernel...
[    2.217476] systemd[1]: Starting Load Kernel Module drm...
[    2.218436] systemd[1]: Condition check resulted in Set Up Additional Binary Formats being skipped.
[    2.218482] systemd[1]: Condition check resulted in File System Check on Root Device being skipped.
[    2.229314] systemd[1]: Starting Load Kernel Modules...
[    2.234615] systemd[1]: Starting Remount Root and Kernel File Systems...
[    2.248735] systemd[1]: Starting udev Coldplug all Devices...
[    2.272767] systemd[1]: Starting Uncomplicated firewall...
[    2.274365] systemd[1]: Mounted Huge Pages File System.
[    2.274454] systemd[1]: Mounted POSIX Message Queue File System.
[    2.274527] systemd[1]: Mounted Kernel Debug File System.
[    2.274599] systemd[1]: Mounted Kernel Trace File System.
[    2.275070] EXT4-fs (sda2): re-mounted. Opts: errors=remount-ro
[    2.283254] systemd[1]: Finished Create list of static device nodes for the current kernel.
[    2.284097] systemd[1]: modprobe@drm.service: Succeeded.
[    2.286801] systemd[1]: Finished Load Kernel Module drm.
[    2.293109] systemd[1]: Finished Remount Root and Kernel File Systems.
[    2.304018] lp: driver loaded but no devices found
[    2.305859] systemd[1]: Finished Uncomplicated firewall.
[    2.322281] systemd[1]: Condition check resulted in Rebuild Hardware Database being skipped.
[    2.322319] systemd[1]: Condition check resulted in Platform Persistent Storage Archival being skipped.
[    2.322976] systemd[1]: Starting Load/Save Random Seed...
[    2.324990] ppdev: user-space parallel port driver
[    2.332351] systemd[1]: Starting Create System Users...
[    2.343815] systemd[1]: Finished Load/Save Random Seed.
[    2.348635] systemd[1]: Finished Create System Users.
[    2.351644] systemd[1]: Starting Create Static Device Nodes in /dev...
[    2.400854] systemd[1]: Finished Create Static Device Nodes in /dev.
[    2.401765] systemd[1]: Starting udev Kernel Device Manager...
[    2.412011] [drm] DMA map mode: Caching DMA mappings.
[    2.412073] [drm] Capabilities:
[    2.412073] [drm]   Rect copy.
[    2.412073] [drm]   Cursor.
[    2.412074] [drm]   Cursor bypass.
[    2.412074] [drm]   Cursor bypass 2.
[    2.412074] [drm]   Alpha cursor.
[    2.412075] [drm]   Extended Fifo.
[    2.412075] [drm]   Pitchlock.
[    2.412075] [drm]   Irq mask.
[    2.412076] [drm]   GMR.
[    2.412076] [drm]   Traces.
[    2.412076] [drm]   GMR2.
[    2.412077] [drm]   Screen Object 2.
[    2.412077] [drm]   Command Buffers.
[    2.412077] [drm]   Command Buffers 2.
[    2.412078] [drm]   Guest Backed Resources.
[    2.412079] [drm] Max GMR ids is 8192
[    2.412079] [drm] Max number of GMR pages is 1048576
[    2.412080] [drm] Max dedicated hypervisor surface memory is 393216 kiB
[    2.412080] [drm] Maximum display memory size is 131072 kiB
[    2.412081] [drm] VRAM at 0xe0000000 size is 131072 kiB
[    2.412082] [drm] MMIO at 0xf0000000 size is 2048 kiB
[    2.414241] systemd[1]: Finished udev Coldplug all Devices.
[    2.414405] [TTM] Zone  kernel: Available graphics memory: 1011738 KiB
[    2.414406] [TTM] Initializing pool allocator
[    2.414410] [TTM] Initializing DMA pool allocator
[    2.414441] [drm] Supports vblank timestamp caching Rev 2 (21.10.2013).
[    2.414442] [drm] No driver support for vblank timestamp query.
[    2.414673] [drm] Screen Target Display device initialized
[    2.414924] [drm] width 720
[    2.414938] [drm] height 400
[    2.414942] [drm] bpp 32
[    2.415532] [drm] Fifo max 0x00200000 min 0x00001000 cap 0x00000355
[    2.416746] [drm] Using command buffers with DMA pool.
[    2.416749] [drm] DX: no.
[    2.416750] [drm] Atomic: yes.
[    2.416750] [drm] SM4_1: no.
[    2.416770] [drm:vmw_host_log [vmwgfx]] *ERROR* Failed to send host log message.
[    2.417693] [drm:vmw_host_log [vmwgfx]] *ERROR* Failed to send host log message.
[    2.431895] fbcon: svgadrmfb (fb0) is primary device
[    2.437296] Console: switching to colour frame buffer device 100x37
[    2.458908] [drm] Initialized vmwgfx 2.15.0 20180704 for 0000:00:02.0 on minor 0
[    2.459903] systemd[1]: Finished Load Kernel Modules.
[    2.460876] systemd[1]: Mounting FUSE Control File System...
[    2.462060] systemd[1]: Mounting Kernel Configuration File System...
[    2.489105] systemd[1]: Starting Apply Kernel Variables...
[    2.496034] systemd[1]: Mounted FUSE Control File System.
[    2.496107] systemd[1]: Condition check resulted in VMware vmblock fuse mount being skipped.
[    2.497640] systemd[1]: Mounted Kernel Configuration File System.
[    2.505649] systemd[1]: Finished Apply Kernel Variables.
[    2.507258] systemd[1]: Finished Set the console keyboard layout.
[    2.507340] systemd[1]: Reached target Local File Systems (Pre).
[    2.510086] systemd[1]: Mounting Mount unit for bare, revision 5...
[    2.515392] systemd[1]: Mounting Mount unit for core18, revision 1705...
[    2.527669] systemd[1]: Mounting Mount unit for gnome-3-34-1804, revision 24...
[    2.547824] systemd[1]: Mounting Mount unit for gtk-common-themes, revision 1506...
[    2.552191] systemd[1]: Mounting Mount unit for gtk-common-themes, revision 1535...
[    2.554199] systemd[1]: Mounting Mount unit for snap-store, revision 433...
[    2.578232] systemd[1]: Mounting Mount unit for snapd, revision 7264...
[    2.606115] systemd[1]: Mounted Mount unit for bare, revision 5.
[    2.606215] systemd[1]: Mounted Mount unit for core18, revision 1705.
[    2.615645] systemd[1]: Mounted Mount unit for gnome-3-34-1804, revision 24.
[    2.615738] systemd[1]: Mounted Mount unit for gtk-common-themes, revision 1506.
[    2.618191] systemd[1]: Started udev Kernel Device Manager.
[    2.619880] systemd[1]: Starting Show Plymouth Boot Screen...
[    2.625722] systemd[1]: Received SIGRTMIN+20 from PID 277 (plymouthd).
[    2.653538] systemd[1]: Started Show Plymouth Boot Screen.
[    2.653800] systemd[1]: Condition check resulted in Dispatch Password Requests to Console Directory Watch being skipped.
[    2.653894] systemd[1]: Started Forward Password Requests to Plymouth Directory Watch.
[    2.653982] systemd[1]: Reached target Local Encrypted Volumes.
[    2.687598] systemd[1]: Mounted Mount unit for gtk-common-themes, revision 1535.
[    2.687879] systemd[1]: Mounted Mount unit for snap-store, revision 433.
[    2.688111] systemd[1]: Mounted Mount unit for snapd, revision 7264.
[    2.688278] systemd[1]: Reached target Local File Systems.
[    2.690603] systemd[1]: Starting Load AppArmor profiles...
[    2.691522] systemd[1]: Starting Set console font and keymap...
[    2.702972] systemd[1]: Starting Tell Plymouth To Write Out Runtime Data...
[    2.707452] systemd[1]: Condition check resulted in Store a System Token in an EFI Variable being skipped.
[    2.707497] systemd[1]: Condition check resulted in Commit a transient machine-id on disk being skipped.
[    2.710009] systemd[1]: Finished Set console font and keymap.
[    2.720265] systemd[1]: Received SIGRTMIN+20 from PID 277 (plymouthd).
[    2.721457] systemd[1]: plymouth-read-write.service: Succeeded.
[    2.721688] systemd[1]: Finished Tell Plymouth To Write Out Runtime Data.
[    2.739660] audit: type=1400 audit(1768765189.596:2): apparmor="STATUS" operation="profile_load" profile="unconfined" name="nvidia_modprobe" pid=302 comm="apparmor_parser"
[    2.739662] audit: type=1400 audit(1768765189.596:3): apparmor="STATUS" operation="profile_load" profile="unconfined" name="nvidia_modprobe//kmod" pid=302 comm="apparmor_parser"
[    2.749286] audit: type=1400 audit(1768765189.604:4): apparmor="STATUS" operation="profile_load" profile="unconfined" name="/usr/sbin/tcpdump" pid=303 comm="apparmor_parser"
[    2.793472] audit: type=1400 audit(1768765189.644:5): apparmor="STATUS" operation="profile_load" profile="unconfined" name="/usr/bin/evince" pid=305 comm="apparmor_parser"
[    2.793474] audit: type=1400 audit(1768765189.644:6): apparmor="STATUS" operation="profile_load" profile="unconfined" name="/usr/bin/evince//sanitized_helper" pid=305 comm="apparmor_parser"
[    2.793475] audit: type=1400 audit(1768765189.644:7): apparmor="STATUS" operation="profile_load" profile="unconfined" name="/usr/bin/evince-previewer" pid=305 comm="apparmor_parser"
[    2.793478] audit: type=1400 audit(1768765189.644:8): apparmor="STATUS" operation="profile_load" profile="unconfined" name="/usr/bin/evince-previewer//sanitized_helper" pid=305 comm="apparmor_parser"
[    2.793479] audit: type=1400 audit(1768765189.644:9): apparmor="STATUS" operation="profile_load" profile="unconfined" name="/usr/bin/evince-thumbnailer" pid=305 comm="apparmor_parser"
[    2.822797] audit: type=1400 audit(1768765189.676:10): apparmor="STATUS" operation="profile_load" profile="unconfined" name="/usr/lib/cups/backend/cups-pdf" pid=306 comm="apparmor_parser"
[    2.886822] systemd[1]: Finished Load AppArmor profiles.
[    2.887744] systemd[1]: Starting Load AppArmor profiles managed internally by snapd...
[    2.949039] systemd[1]: Finished Load AppArmor profiles managed internally by snapd.
[    3.163701] systemd[1]: Started Journal Service.
[    3.171980] systemd-journald[229]: Received client request to flush runtime journal.
[    3.176714] systemd-journald[229]: File /var/log/journal/c455b248004a419c87ce85eea238d727/system.journal corrupted or uncleanly shut down, renaming and replacing.
[    4.475456] RAPL PMU: API unit is 2^-32 Joules, 0 fixed counters, 10737418240 ms ovfl timer
[    4.552618] cryptd: max_cpu_qlen set to 1000
[    4.606464] AVX2 version of gcm_enc/dec engaged.
[    4.606465] AES CTR mode by8 optimization enabled
[    5.380988] Adding 1998844k swap on /dev/sda1.  Priority:-2 extents:1 across:1998844k FS
[    7.095751] kauditd_printk_skb: 30 callbacks suppressed
[    7.095752] audit: type=1400 audit(1768765193.948:41): apparmor="DENIED" operation="capable" profile="/usr/sbin/cups-browsed" pid=497 comm="cups-browsed" capability=23  capname="sys_nice"
[    7.597150] pcnet32 0000:00:03.0 enp0s3: link up, 100Mbps, full-duplex
[    7.634080] e1000: enp0s8 NIC Link is Up 1000 Mbps Full Duplex, Flow Control: RX
[    7.634358] IPv6: ADDRCONF(NETDEV_CHANGE): enp0s8: link becomes ready
[    7.645512] e1000: enp0s9 NIC Link is Up 1000 Mbps Full Duplex, Flow Control: RX
[    7.645806] IPv6: ADDRCONF(NETDEV_CHANGE): enp0s9: link becomes ready
[    8.169235] device enp0s3 entered promiscuous mode
[    8.196648] audit: type=1400 audit(1768765195.048:42): apparmor="DENIED" operation="open" profile="/usr/sbin/tcpdump" name="/proc/sys/kernel/random/boot_id" pid=706 comm="tcpdump" requested_mask="r" denied_mask="r" fsuid=0 ouid=0
[    8.196848] audit: type=1400 audit(1768765195.048:43): apparmor="DENIED" operation="open" profile="/usr/sbin/tcpdump" name="/proc/sys/kernel/random/boot_id" pid=706 comm="tcpdump" requested_mask="r" denied_mask="r" fsuid=0 ouid=0
[    8.196899] audit: type=1400 audit(1768765195.048:44): apparmor="DENIED" operation="open" profile="/usr/sbin/tcpdump" name="/proc/sys/kernel/random/boot_id" pid=706 comm="tcpdump" requested_mask="r" denied_mask="r" fsuid=0 ouid=0
[    8.196988] audit: type=1400 audit(1768765195.048:45): apparmor="DENIED" operation="open" profile="/usr/sbin/tcpdump" name="/proc/sys/kernel/random/boot_id" pid=706 comm="tcpdump" requested_mask="r" denied_mask="r" fsuid=0 ouid=0
[    8.202488] audit: type=1400 audit(1768765195.056:46): apparmor="DENIED" operation="open" profile="/usr/sbin/tcpdump" name="/proc/sys/kernel/random/boot_id" pid=707 comm="tcpdump" requested_mask="r" denied_mask="r" fsuid=0 ouid=0
[    8.202666] audit: type=1400 audit(1768765195.056:47): apparmor="DENIED" operation="open" profile="/usr/sbin/tcpdump" name="/proc/sys/kernel/random/boot_id" pid=707 comm="tcpdump" requested_mask="r" denied_mask="r" fsuid=0 ouid=0
[    8.202706] audit: type=1400 audit(1768765195.056:48): apparmor="DENIED" operation="open" profile="/usr/sbin/tcpdump" name="/proc/sys/kernel/random/boot_id" pid=707 comm="tcpdump" requested_mask="r" denied_mask="r" fsuid=0 ouid=0
[    8.202762] audit: type=1400 audit(1768765195.056:49): apparmor="DENIED" operation="open" profile="/usr/sbin/tcpdump" name="/proc/sys/kernel/random/boot_id" pid=707 comm="tcpdump" requested_mask="r" denied_mask="r" fsuid=0 ouid=0
[   12.709460] rfkill: input handler disabled
[  532.102060] rfkill: input handler enabled
[  540.947257] rfkill: input handler disabled
[  715.776133] device enp0s3 left promiscuous mode
