[    0.000000] Linux version 5.4.243-mptcp (root@ztg) (gcc version 12.2.0 (Debian 12.2.0-14+deb12u1)) #53 SMP Wed Dec 24 23:28:15 CST 2025
[    0.000000] Command line: BOOT_IMAGE=/boot/vmlinuz-5.4.243-mptcp root=UUID=98415a12-53b7-4144-8265-0f7ece09e445 ro quiet splash
[    0.000000] KERNEL supported cpus:
[    0.000000]   Intel GenuineIntel
[    0.000000]   AMD AuthenticAMD
[    0.000000]   Hygon HygonGenuine
[    0.000000]   Centaur CentaurHauls
[    0.000000]   zhaoxin   Shanghai  
[    0.000000] x86/fpu: Supporting XSAVE feature 0x001: 'x87 floating point registers'
[    0.000000] x86/fpu: Supporting XSAVE feature 0x002: 'SSE registers'
[    0.000000] x86/fpu: Supporting XSAVE feature 0x004: 'AVX registers'
[    0.000000] x86/fpu: xstate_offset[2]:  576, xstate_sizes[2]:  256
[    0.000000] x86/fpu: Enabled xstate features 0x7, context size is 832 bytes, using 'standard' format.
[    0.000000] BIOS-provided physical RAM map:
[    0.000000] BIOS-e820: [mem 0x0000000000000000-0x000000000009fbff] usable
[    0.000000] BIOS-e820: [mem 0x000000000009fc00-0x000000000009ffff] reserved
[    0.000000] BIOS-e820: [mem 0x00000000000f0000-0x00000000000fffff] reserved
[    0.000000] BIOS-e820: [mem 0x0000000000100000-0x000000007ffeffff] usable
[    0.000000] BIOS-e820: [mem 0x000000007fff0000-0x000000007fffffff] ACPI data
[    0.000000] BIOS-e820: [mem 0x00000000fec00000-0x00000000fec00fff] reserved
[    0.000000] BIOS-e820: [mem 0x00000000fee00000-0x00000000fee00fff] reserved
[    0.000000] BIOS-e820: [mem 0x00000000fffc0000-0x00000000ffffffff] reserved
[    0.000000] NX (Execute Disable) protection: active
[    0.000000] SMBIOS 2.5 present.
[    0.000000] DMI: innotek GmbH VirtualBox/VirtualBox, BIOS VirtualBox 12/01/2006
[    0.000000] Hypervisor detected: KVM
[    0.000000] kvm-clock: Using msrs 4b564d01 and 4b564d00
[    0.000000] kvm-clock: cpu 0, msr 13a01001, primary cpu clock
[    0.000000] kvm-clock: using sched offset of 4437977300 cycles
[    0.000003] clocksource: kvm-clock: mask: 0xffffffffffffffff max_cycles: 0x1cd42e4dffb, max_idle_ns: 881590591483 ns
[    0.000006] tsc: Detected 2100.000 MHz processor
[    0.001924] e820: update [mem 0x00000000-0x00000fff] usable ==> reserved
[    0.001927] e820: remove [mem 0x000a0000-0x000fffff] usable
[    0.001931] last_pfn = 0x7fff0 max_arch_pfn = 0x400000000
[    0.001999] MTRR default type: uncachable
[    0.002000] MTRR fixed ranges enabled:
[    0.002001]   00000-9FFFF write-back
[    0.002001]   A0000-BFFFF uncachable
[    0.002002]   C0000-FFFFF write-protect
[    0.002003] MTRR variable ranges enabled:
[    0.002005]   0 base 000000000000 mask 3FFF80000000 write-back
[    0.002005]   1 disabled
[    0.002006]   2 disabled
[    0.002006]   3 disabled
[    0.002006]   4 disabled
[    0.002007]   5 disabled
[    0.002007]   6 disabled
[    0.002008]   7 disabled
[    0.002008]   8 disabled
[    0.002009]   9 disabled
[    0.002009]   10 disabled
[    0.002009]   11 disabled
[    0.002010]   12 disabled
[    0.002010]   13 disabled
[    0.002011]   14 disabled
[    0.002011]   15 disabled
[    0.002028] x86/PAT: Configuration [0-7]: WB  WC  UC- UC  WB  WP  UC- WT  
[    0.002161] found SMP MP-table at [mem 0x0009fff0-0x0009ffff]
[    0.092159] check: Scanning 1 areas for low memory corruption
[    0.092319] RAMDISK: [mem 0x32271000-0x3512ffff]
[    0.092328] ACPI: Early table checksum verification disabled
[    0.092333] ACPI: RSDP 0x00000000000E0000 000024 (v02 VBOX  )
[    0.092338] ACPI: XSDT 0x000000007FFF0030 00003C (v01 VBOX   VBOXXSDT 00000001 ASL  00000061)
[    0.092344] ACPI: FACP 0x000000007FFF00F0 0000F4 (v04 VBOX   VBOXFACP 00000001 ASL  00000061)
[    0.092350] ACPI: DSDT 0x000000007FFF02E0 002353 (v02 VBOX   VBOXBIOS 00000002 VBOX 00029BF3)
[    0.092354] ACPI: FACS 0x000000007FFF0200 000040
[    0.092358] ACPI: FACS 0x000000007FFF0200 000040
[    0.092361] ACPI: APIC 0x000000007FFF0240 000054 (v02 VBOX   VBOXAPIC 00000001 ASL  00000061)
[    0.092365] ACPI: SSDT 0x000000007FFF02A0 000038 (v01 VBOX   VBOXCPUT 00000002 VBOX 00029BF3)
[    0.092368] ACPI: Reserving FACP table memory at [mem 0x7fff00f0-0x7fff01e3]
[    0.092369] ACPI: Reserving DSDT table memory at [mem 0x7fff02e0-0x7fff2632]
[    0.092369] ACPI: Reserving FACS table memory at [mem 0x7fff0200-0x7fff023f]
[    0.092370] ACPI: Reserving FACS table memory at [mem 0x7fff0200-0x7fff023f]
[    0.092371] ACPI: Reserving APIC table memory at [mem 0x7fff0240-0x7fff0293]
[    0.092371] ACPI: Reserving SSDT table memory at [mem 0x7fff02a0-0x7fff02d7]
[    0.092386] ACPI: Local APIC address 0xfee00000
[    0.092574] No NUMA configuration found
[    0.092575] Faking a node at [mem 0x0000000000000000-0x000000007ffeffff]
[    0.092585] NODE_DATA(0) allocated [mem 0x7ffc5000-0x7ffeffff]
[    0.092847] Zone ranges:
[    0.092848]   DMA      [mem 0x0000000000001000-0x0000000000ffffff]
[    0.092849]   DMA32    [mem 0x0000000001000000-0x000000007ffeffff]
[    0.092850]   Normal   empty
[    0.092851]   Device   empty
[    0.092851] Movable zone start for each node
[    0.092853] Early memory node ranges
[    0.092854]   node   0: [mem 0x0000000000001000-0x000000000009efff]
[    0.092855]   node   0: [mem 0x0000000000100000-0x000000007ffeffff]
[    0.092858] Zeroed struct page in unavailable ranges: 114 pages
[    0.092859] Initmem setup node 0 [mem 0x0000000000001000-0x000000007ffeffff]
[    0.092860] On node 0 totalpages: 524174
[    0.092862]   DMA zone: 64 pages used for memmap
[    0.092873]   DMA zone: 21 pages reserved
[    0.092874]   DMA zone: 3998 pages, LIFO batch:0
[    0.092948]   DMA32 zone: 8128 pages used for memmap
[    0.092949]   DMA32 zone: 520176 pages, LIFO batch:63
[    0.101910] ACPI: PM-Timer IO Port: 0x4008
[    0.101914] ACPI: Local APIC address 0xfee00000
[    0.101994] IOAPIC[0]: apic_id 1, version 32, address 0xfec00000, GSI 0-23
[    0.101998] ACPI: INT_SRC_OVR (bus 0 bus_irq 0 global_irq 2 dfl dfl)
[    0.102000] ACPI: INT_SRC_OVR (bus 0 bus_irq 9 global_irq 9 low level)
[    0.102002] ACPI: IRQ0 used by override.
[    0.102003] ACPI: IRQ9 used by override.
[    0.102006] Using ACPI (MADT) for SMP configuration information
[    0.102013] smpboot: Allowing 1 CPUs, 0 hotplug CPUs
[    0.102039] PM: Registered nosave memory: [mem 0x00000000-0x00000fff]
[    0.102041] PM: Registered nosave memory: [mem 0x0009f000-0x0009ffff]
[    0.102042] PM: Registered nosave memory: [mem 0x000a0000-0x000effff]
[    0.102043] PM: Registered nosave memory: [mem 0x000f0000-0x000fffff]
[    0.102045] [mem 0x80000000-0xfebfffff] available for PCI devices
[    0.102046] Booting paravirtualized kernel on KVM
[    0.102049] clocksource: refined-jiffies: mask: 0xffffffff max_cycles: 0xffffffff, max_idle_ns: 7645519600211568 ns
[    0.102054] setup_percpu: NR_CPUS:8192 nr_cpumask_bits:1 nr_cpu_ids:1 nr_node_ids:1
[    0.103232] percpu: Embedded 60 pages/cpu s208896 r8192 d28672 u2097152
[    0.103239] pcpu-alloc: s208896 r8192 d28672 u2097152 alloc=1*2097152
[    0.103240] pcpu-alloc: [0] 0 
[    0.103273] Built 1 zonelists, mobility grouping on.  Total pages: 515961
[    0.103273] Policy zone: DMA32
[    0.103275] Kernel command line: BOOT_IMAGE=/boot/vmlinuz-5.4.243-mptcp root=UUID=98415a12-53b7-4144-8265-0f7ece09e445 ro quiet splash
[    0.104217] Dentry cache hash table entries: 262144 (order: 9, 2097152 bytes, linear)
[    0.104368] Inode-cache hash table entries: 131072 (order: 8, 1048576 bytes, linear)
[    0.104436] mem auto-init: stack:off, heap alloc:on, heap free:off
[    0.104439] Calgary: detecting Calgary via BIOS EBDA area
[    0.104440] Calgary: Unable to locate Rio Grande table in EBDA - bailing!
[    0.108824] Memory: 1967332K/2096696K available (14339K kernel code, 2398K rwdata, 4712K rodata, 2728K init, 17260K bss, 129364K reserved, 0K cma-reserved)
[    0.109771] SLUB: HWalign=64, Order=0-3, MinObjects=0, CPUs=1, Nodes=1
[    0.109787] ftrace: allocating 43186 entries in 169 pages
[    0.127964] rcu: Hierarchical RCU implementation.
[    0.127966] rcu: 	RCU restricting CPUs from NR_CPUS=8192 to nr_cpu_ids=1.
[    0.127967] 	Tasks RCU enabled.
[    0.127968] rcu: RCU calculated value of scheduler-enlistment delay is 25 jiffies.
[    0.127969] rcu: Adjusting geometry for rcu_fanout_leaf=16, nr_cpu_ids=1
[    0.130937] NR_IRQS: 524544, nr_irqs: 256, preallocated irqs: 16
[    0.131150] random: crng init done
[    0.140405] Console: colour VGA+ 80x25
[    0.140410] printk: console [tty0] enabled
[    0.140433] ACPI: Core revision 20190816
[    0.140531] APIC: Switch to symmetric I/O mode setup
[    0.140779] x2apic enabled
[    0.141027] Switched APIC routing to physical x2apic.
[    0.142156] ..TIMER: vector=0x30 apic1=0 pin1=2 apic2=-1 pin2=-1
[    0.142180] clocksource: tsc-early: mask: 0xffffffffffffffff max_cycles: 0x1e4530a99b6, max_idle_ns: 440795257976 ns
[    0.142185] Calibrating delay loop (skipped) preset value.. 4200.00 BogoMIPS (lpj=8400000)
[    0.142188] pid_max: default: 32768 minimum: 301
[    0.142217] LSM: Security Framework initializing
[    0.142227] Yama: becoming mindful.
[    0.142253] AppArmor: AppArmor initialized
[    0.142287] Mount-cache hash table entries: 4096 (order: 3, 32768 bytes, linear)
[    0.142291] Mountpoint-cache hash table entries: 4096 (order: 3, 32768 bytes, linear)
[    0.142301] *** VALIDATE tmpfs ***
[    0.142431] *** VALIDATE proc ***
[    0.142473] *** VALIDATE cgroup1 ***
[    0.142474] *** VALIDATE cgroup2 ***
[    0.142616] process: using mwait in idle threads
[    0.142620] Last level iTLB entries: 4KB 64, 2MB 8, 4MB 8
[    0.142621] Last level dTLB entries: 4KB 64, 2MB 0, 4MB 0, 1GB 4
[    0.142642] Spectre V1 : Mitigation: usercopy/swapgs barriers and __user pointer sanitization
[    0.142647] Spectre V2 : Mitigation: Retpolines
[    0.142648] Spectre V2 : Spectre v2 / SpectreRSB mitigation: Filling RSB on context switch
[    0.142648] Spectre V2 : Spectre v2 / SpectreRSB : Filling RSB on VMEXIT
[    0.142649] RETBleed: WARNING: Spectre v2 mitigation leaves CPU vulnerable to RETBleed attacks, data leaks possible!
[    0.143001] RETBleed: Vulnerable
[    0.143002] Speculative Store Bypass: Vulnerable
[    0.143007] TAA: Mitigation: TSX disabled
[    0.143007] MMIO Stale Data: Mitigation: Clear CPU buffers
[    0.147234] Freeing SMP alternatives memory: 40K
[    0.259406] smpboot: CPU0: Intel(R) Xeon(R) Silver 4216 CPU @ 2.10GHz (family: 0x6, model: 0x55, stepping: 0x7)
[    0.259552] Performance Events: unsupported p6 CPU model 85 no PMU driver, software events only.
[    0.259590] rcu: Hierarchical SRCU implementation.
[    0.260071] NMI watchdog: Perf NMI watchdog permanently disabled
[    0.260109] smp: Bringing up secondary CPUs ...
[    0.260110] smp: Brought up 1 node, 1 CPU
[    0.260111] smpboot: Max logical packages: 1
[    0.260112] smpboot: Total of 1 processors activated (4200.00 BogoMIPS)
[    0.261088] devtmpfs: initialized
[    0.261137] x86/mm: Memory block size: 128MB
[    0.261490] clocksource: jiffies: mask: 0xffffffff max_cycles: 0xffffffff, max_idle_ns: 7645041785100000 ns
[    0.261495] futex hash table entries: 256 (order: 2, 16384 bytes, linear)
[    0.261539] pinctrl core: initialized pinctrl subsystem
[    0.261643] PM: RTC time: 10:55:09, date: 2026-01-18
[    0.261750] NET: Registered protocol family 16
[    0.261823] audit: initializing netlink subsys (disabled)
[    0.261950] EISA bus registered
[    0.261952] cpuidle: using governor ladder
[    0.261952] cpuidle: using governor menu
[    0.261989] ACPI: bus type PCI registered
[    0.261991] acpiphp: ACPI Hot Plug PCI Controller Driver version: 0.5
[    0.262094] PCI: Using configuration type 1 for base access
[    0.262543] audit: type=2000 audit(1768704916.150:1): state=initialized audit_enabled=0 res=1
[    0.262624] HugeTLB registered 2.00 MiB page size, pre-allocated 0 pages
[    0.263440] ACPI: Added _OSI(Module Device)
[    0.263441] ACPI: Added _OSI(Processor Device)
[    0.263441] ACPI: Added _OSI(3.0 _SCP Extensions)
[    0.263442] ACPI: Added _OSI(Processor Aggregator Device)
[    0.263443] ACPI: Added _OSI(Linux-Dell-Video)
[    0.263444] ACPI: Added _OSI(Linux-Lenovo-NV-HDMI-Audio)
[    0.263445] ACPI: Added _OSI(Linux-HPI-Hybrid-Graphics)
[    0.265402] ACPI: 2 ACPI AML tables successfully acquired and loaded
[    0.266924] ACPI: Interpreter enabled
[    0.266934] ACPI: (supports S0 S5)
[    0.266935] ACPI: Using IOAPIC for interrupt routing
[    0.267140] PCI: Using host bridge windows from ACPI; if necessary, use "pci=nocrs" and report a bug
[    0.267247] ACPI: Enabled 2 GPEs in block 00 to 07
[    0.272065] ACPI: PCI Root Bridge [PCI0] (domain 0000 [bus 00-ff])
[    0.272070] acpi PNP0A03:00: _OSC: OS supports [ASPM ClockPM Segments MSI HPX-Type3]
[    0.272517] acpi PNP0A03:00: _OSC: not requesting OS control; OS requires [ExtendedConfig ASPM ClockPM MSI]
[    0.272525] acpi PNP0A03:00: fail to add MMCONFIG information, can't access extended PCI configuration space under this bridge.
[    0.272905] PCI host bridge to bus 0000:00
[    0.272908] pci_bus 0000:00: root bus resource [io  0x0000-0x0cf7 window]
[    0.272909] pci_bus 0000:00: root bus resource [io  0x0d00-0xffff window]
[    0.272910] pci_bus 0000:00: root bus resource [mem 0x000a0000-0x000bffff window]
[    0.272911] pci_bus 0000:00: root bus resource [mem 0x80000000-0xfdffffff window]
[    0.272912] pci_bus 0000:00: root bus resource [bus 00-ff]
[    0.272956] pci 0000:00:00.0: [8086:1237] type 00 class 0x060000
[    0.273889] pci 0000:00:01.0: [8086:7000] type 00 class 0x060100
[    0.274665] pci 0000:00:01.1: [8086:7111] type 00 class 0x01018a
[    0.275030] pci 0000:00:01.1: reg 0x20: [io  0xd000-0xd00f]
[    0.275182] pci 0000:00:01.1: legacy IDE quirk: reg 0x10: [io  0x01f0-0x01f7]
[    0.275183] pci 0000:00:01.1: legacy IDE quirk: reg 0x14: [io  0x03f6]
[    0.275183] pci 0000:00:01.1: legacy IDE quirk: reg 0x18: [io  0x0170-0x0177]
[    0.275184] pci 0000:00:01.1: legacy IDE quirk: reg 0x1c: [io  0x0376]
[    0.275717] pci 0000:00:02.0: [15ad:0405] type 00 class 0x030000
[    0.278258] pci 0000:00:02.0: reg 0x10: [io  0xd010-0xd01f]
[    0.282227] pci 0000:00:02.0: reg 0x14: [mem 0xe0000000-0xe7ffffff pref]
[    0.284801] pci 0000:00:02.0: reg 0x18: [mem 0xf0000000-0xf01fffff]
[    0.294964] pci 0000:00:03.0: [1022:2000] type 00 class 0x020000
[    0.295633] pci 0000:00:03.0: reg 0x10: [io  0xd020-0xd03f]
[    0.296241] pci 0000:00:03.0: reg 0x14: [mem 0xf0200000-0xf0200fff]
[    0.299619] pci 0000:00:04.0: [80ee:cafe] type 00 class 0x088000
[    0.300289] pci 0000:00:04.0: reg 0x10: [io  0xd040-0xd05f]
[    0.300905] pci 0000:00:04.0: reg 0x14: [mem 0xf0400000-0xf07fffff]
[    0.302295] pci 0000:00:04.0: reg 0x18: [mem 0xf0800000-0xf0803fff pref]
[    0.305798] pci 0000:00:07.0: [8086:7113] type 00 class 0x068000
[    0.306398] pci 0000:00:07.0: quirk: [io  0x4000-0x403f] claimed by PIIX4 ACPI
[    0.306409] pci 0000:00:07.0: quirk: [io  0x4100-0x410f] claimed by PIIX4 SMB
[    0.307014] pci 0000:00:08.0: [8086:100e] type 00 class 0x020000
[    0.307713] pci 0000:00:08.0: reg 0x10: [mem 0xf0820000-0xf083ffff]
[    0.308858] pci 0000:00:08.0: reg 0x18: [io  0xd060-0xd067]
[    0.311788] pci 0000:00:09.0: [8086:100e] type 00 class 0x020000
[    0.312489] pci 0000:00:09.0: reg 0x10: [mem 0xf0840000-0xf085ffff]
[    0.313699] pci 0000:00:09.0: reg 0x18: [io  0xd068-0xd06f]
[    0.323168] ACPI: PCI Interrupt Link [LNKA] (IRQs 5 9 10 *11)
[    0.323453] ACPI: PCI Interrupt Link [LNKB] (IRQs 5 9 *10 11)
[    0.323557] ACPI: PCI Interrupt Link [LNKC] (IRQs 5 *9 10 11)
[    0.323662] ACPI: PCI Interrupt Link [LNKD] (IRQs 5 9 10 *11)
[    0.323931] iommu: Default domain type: Translated 
[    0.323994] pci 0000:00:02.0: vgaarb: setting as boot VGA device
[    0.323995] pci 0000:00:02.0: vgaarb: VGA device added: decodes=io+mem,owns=io+mem,locks=none
[    0.323997] pci 0000:00:02.0: vgaarb: bridge control possible
[    0.323998] vgaarb: loaded
[    0.324215] SCSI subsystem initialized
[    0.324246] libata version 3.00 loaded.
[    0.324270] ACPI: bus type USB registered
[    0.324286] usbcore: registered new interface driver usbfs
[    0.324292] usbcore: registered new interface driver hub
[    0.324297] usbcore: registered new device driver usb
[    0.326205] pps_core: LinuxPPS API ver. 1 registered
[    0.326205] pps_core: Software ver. 5.3.6 - Copyright 2005-2007 Rodolfo Giometti <giometti@linux.it>
[    0.326208] PTP clock support registered
[    0.326245] EDAC MC: Ver: 3.0.0
[    0.326525] PCI: Using ACPI for IRQ routing
[    0.326526] PCI: pci_cache_line_size set to 64 bytes
[    0.326698] e820: reserve RAM buffer [mem 0x0009fc00-0x0009ffff]
[    0.326701] e820: reserve RAM buffer [mem 0x7fff0000-0x7fffffff]
[    0.327515] NetLabel: Initializing
[    0.327516] NetLabel:  domain hash size = 128
[    0.327516] NetLabel:  protocols = UNLABELED CIPSOv4 CALIPSO
[    0.327536] NetLabel:  unlabeled traffic allowed by default
[    0.328438] clocksource: Switched to clocksource kvm-clock
[    0.340695] *** VALIDATE bpf ***
[    0.340759] VFS: Disk quotas dquot_6.6.0
[    0.340771] VFS: Dquot-cache hash table entries: 512 (order 0, 4096 bytes)
[    0.340795] *** VALIDATE ramfs ***
[    0.340798] *** VALIDATE hugetlbfs ***
[    0.340880] AppArmor: AppArmor Filesystem Enabled
[    0.340907] pnp: PnP ACPI init
[    0.340980] pnp 00:00: Plug and Play ACPI device, IDs PNP0303 (active)
[    0.341070] pnp 00:01: Plug and Play ACPI device, IDs PNP0f03 (active)
[    0.341830] pnp: PnP ACPI: found 2 devices
[    0.342792] thermal_sys: Registered thermal governor 'fair_share'
[    0.342793] thermal_sys: Registered thermal governor 'bang_bang'
[    0.342794] thermal_sys: Registered thermal governor 'step_wise'
[    0.342794] thermal_sys: Registered thermal governor 'user_space'
[    0.342795] thermal_sys: Registered thermal governor 'power_allocator'
[    0.347323] clocksource: acpi_pm: mask: 0xffffff max_cycles: 0xffffff, max_idle_ns: 2085701024 ns
[    0.347372] pci_bus 0000:00: resource 4 [io  0x0000-0x0cf7 window]
[    0.347373] pci_bus 0000:00: resource 5 [io  0x0d00-0xffff window]
[    0.347375] pci_bus 0000:00: resource 6 [mem 0x000a0000-0x000bffff window]
[    0.347376] pci_bus 0000:00: resource 7 [mem 0x80000000-0xfdffffff window]
[    0.347435] NET: Registered protocol family 2
[    0.347510] IP idents hash table entries: 32768 (order: 6, 262144 bytes, linear)
[    0.347916] MPTCP tokens hash table entries: 8192 (order: 4, 65536 bytes, linear)
[    0.347936] MPTCP request tokens hash table entries: 8192 (order: 4, 65536 bytes, linear)
[    0.347961] default registered
[    0.347962] default registered
[    0.347962] MPTCP: Stable release v0.96
[    0.347967] tcp_listen_portaddr_hash hash table entries: 1024 (order: 2, 16384 bytes, linear)
[    0.348046] TCP established hash table entries: 16384 (order: 5, 131072 bytes, linear)
[    0.348112] TCP bind hash table entries: 16384 (order: 6, 262144 bytes, linear)
[    0.348137] TCP: Hash tables configured (established 16384 bind 16384)
[    0.348862] UDP hash table entries: 1024 (order: 3, 32768 bytes, linear)
[    0.348873] UDP-Lite hash table entries: 1024 (order: 3, 32768 bytes, linear)
[    0.348905] NET: Registered protocol family 1
[    0.348913] NET: Registered protocol family 44
[    0.348934] pci 0000:00:00.0: Limiting direct PCI/PCI transfers
[    0.348946] pci 0000:00:01.0: Activating ISA DMA hang workarounds
[    0.348999] pci 0000:00:02.0: Video device with shadowed ROM at [mem 0x000c0000-0x000dffff]
[    0.349060] PCI: CLS 0 bytes, default 64
[    0.349109] Trying to unpack rootfs image as initramfs...
[    0.519143] Freeing initrd memory: 47868K
[    0.519143] clocksource: tsc: mask: 0xffffffffffffffff max_cycles: 0x1e4530a99b6, max_idle_ns: 440795257976 ns
[    0.519143] clocksource: Switched to clocksource tsc
[    0.519143] platform rtc_cmos: registered platform RTC device (no PNP device found)
[    0.519143] check: Scanning for low memory corruption every 60 seconds
[    0.519143] Initialise system trusted keyrings
[    0.519143] Key type blacklist registered
[    0.519143] workingset: timestamp_bits=36 max_order=19 bucket_order=0
[    0.519143] zbud: loaded
[    0.519143] squashfs: version 4.0 (2009/01/31) Phillip Lougher
[    0.519143] fuse: init (API version 7.31)
[    0.519143] *** VALIDATE fuse ***
[    0.519143] *** VALIDATE fuse ***
[    0.519143] Platform Keyring initialized
[    0.534105] Key type asymmetric registered
[    0.534106] Asymmetric key parser 'x509' registered
[    0.534116] Block layer SCSI generic (bsg) driver version 0.4 loaded (major 244)
[    0.534153] io scheduler mq-deadline registered
[    0.534273] shpchp: Standard Hot Plug PCI Controller Driver version: 0.4
[    0.534480] ACPI: AC Adapter [AC] (on-line)
[    0.534524] input: Power Button as /devices/LNXSYSTM:00/LNXPWRBN:00/input/input0
[    0.534553] ACPI: Power Button [PWRF]
[    0.534641] input: Sleep Button as /devices/LNXSYSTM:00/LNXSLPBN:00/input/input1
[    0.534655] ACPI: Sleep Button [SLPF]
[    0.534887] Serial: 8250/16550 driver, 32 ports, IRQ sharing enabled
[    0.536074] Linux agpgart interface v0.103
[    0.631299] loop: module loaded
[    0.631746] ata_piix 0000:00:01.1: version 2.13
[    0.633037] scsi host0: ata_piix
[    0.633356] scsi host1: ata_piix
[    0.633437] ata1: PATA max UDMA/33 cmd 0x1f0 ctl 0x3f6 bmdma 0xd000 irq 14
[    0.633439] ata2: PATA max UDMA/33 cmd 0x170 ctl 0x376 bmdma 0xd008 irq 15
[    0.633672] tun: Universal TUN/TAP device driver, 1.6
[    0.634464] PPP generic driver version 2.4.2
[    0.634584] VFIO - User Level meta-driver version: 0.3
[    0.635322] ehci_hcd: USB 2.0 'Enhanced' Host Controller (EHCI) Driver
[    0.635338] ehci-pci: EHCI PCI platform driver
[    0.635399] ehci-platform: EHCI generic platform driver
[    0.635416] ohci_hcd: USB 1.1 'Open' Host Controller (OHCI) Driver
[    0.635420] ohci-pci: OHCI PCI platform driver
[    0.635439] ohci-platform: OHCI generic platform driver
[    0.635451] uhci_hcd: USB Universal Host Controller Interface driver
[    0.635606] i8042: PNP: PS/2 Controller [PNP0303:PS2K,PNP0f03:PS2M] at 0x60,0x64 irq 1,12
[    0.636689] serio: i8042 KBD port at 0x60,0x64 irq 1
[    0.636704] serio: i8042 AUX port at 0x60,0x64 irq 12
[    0.637077] mousedev: PS/2 mouse device common for all mice
[    0.637951] input: AT Translated Set 2 keyboard as /devices/platform/i8042/serio0/input/input2
[    0.639590] rtc_cmos rtc_cmos: registered as rtc0
[    0.639644] rtc_cmos rtc_cmos: alarms up to one day, 114 bytes nvram
[    0.639666] i2c /dev entries driver
[    0.639815] device-mapper: uevent: version 1.0.3
[    0.640013] device-mapper: ioctl: 4.41.0-ioctl (2019-09-16) initialised: dm-devel@redhat.com
[    0.640073] platform eisa.0: Probing EISA bus 0
[    0.640078] platform eisa.0: EISA: Cannot allocate resource for mainboard
[    0.640083] platform eisa.0: Cannot allocate resource for EISA slot 1
[    0.640088] platform eisa.0: Cannot allocate resource for EISA slot 2
[    0.640091] platform eisa.0: Cannot allocate resource for EISA slot 3
[    0.640095] platform eisa.0: Cannot allocate resource for EISA slot 4
[    0.640098] platform eisa.0: Cannot allocate resource for EISA slot 5
[    0.640102] platform eisa.0: Cannot allocate resource for EISA slot 6
[    0.640106] platform eisa.0: Cannot allocate resource for EISA slot 7
[    0.640109] platform eisa.0: Cannot allocate resource for EISA slot 8
[    0.640113] platform eisa.0: EISA: Detected 0 cards
[    0.640120] intel_pstate: CPU model not supported
[    0.640148] ledtrig-cpu: registered to indicate activity on CPUs
[    0.640316] drop_monitor: Initializing network drop monitor service
[    0.640926] NET: Registered protocol family 10
[    0.657554] Segment Routing with IPv6
[    0.657613] fullmesh registered
[    0.657615] ndiffports registered
[    0.657620] binder registered
[    0.657621] roundrobin registered
[    0.657622] redundant registered
[    0.657623] blest registered
[    0.657625] ecf registered
[    0.657627] NET: Registered protocol family 17
[    0.657688] Key type dns_resolver registered
[    0.657900] RAS: Correctable Errors collector initialized.
[    0.657922] IPI shorthand broadcast: enabled
[    0.657948] sched_clock: Marking stable (644680366, 11042135)->(657226787, -1504286)
[    0.658043] registered taskstats version 1
[    0.658057] Loading compiled-in X.509 certificates
[    0.659391] Loaded X.509 cert 'Build time autogenerated kernel key: 6909f3744cebb3d0de528d5887b96a727de79b1e'
[    0.659425] zswap: loaded using pool lzo/zbud
[    0.659538] Key type ._fscrypt registered
[    0.659539] Key type .fscrypt registered
[    0.669096] Key type big_key registered
[    0.674619] Key type encrypted registered
[    0.674625] AppArmor: AppArmor sha1 policy hashing enabled
[    0.674641] ima: No TPM chip found, activating TPM-bypass!
[    0.674649] ima: Allocated hash algorithm: sha1
[    0.674659] ima: No architecture policies found
[    0.674682] evm: Initialising EVM extended attributes:
[    0.674683] evm: security.selinux
[    0.674684] evm: security.SMACK64
[    0.674685] evm: security.SMACK64EXEC
[    0.674686] evm: security.SMACK64TRANSMUTE
[    0.674687] evm: security.SMACK64MMAP
[    0.674688] evm: security.apparmor
[    0.674689] evm: security.ima
[    0.674690] evm: security.capability
[    0.674692] evm: HMAC attrs: 0x1
[    0.675285] PM:   Magic number: 10:272:932
[    0.675607] rtc_cmos rtc_cmos: setting system clock to 2026-01-18T10:55:10 UTC (1768733710)
[    0.805154] ata1.00: ATA-6: VBOX HARDDISK, 1.0, max UDMA/133
[    0.805159] ata1.00: 209715200 sectors, multi 128: LBA 
[    0.805980] scsi 0:0:0:0: Direct-Access     ATA      VBOX HARDDISK    1.0  PQ: 0 ANSI: 5
[    0.806356] sd 0:0:0:0: [sda] 209715200 512-byte logical blocks: (107 GB/100 GiB)
[    0.806373] sd 0:0:0:0: [sda] Write Protect is off
[    0.806377] sd 0:0:0:0: [sda] Mode Sense: 00 3a 00 00
[    0.806403] sd 0:0:0:0: [sda] Write cache: enabled, read cache: enabled, doesn't support DPO or FUA
[    0.806810] sd 0:0:0:0: Attached scsi generic sg0 type 0
[    0.807792]  sda: sda1 sda2
[    0.819303] sd 0:0:0:0: [sda] Attached SCSI disk
[    0.823577] Freeing unused decrypted memory: 2040K
[    0.824727] Freeing unused kernel image memory: 2728K
[    0.824731] Write protecting the kernel read-only data: 22528k
[    0.825972] Freeing unused kernel image memory: 2036K
[    0.826646] Freeing unused kernel image memory: 1432K
[    0.860244] x86/mm: Checked W+X mappings: passed, no W+X pages found.
[    0.860249] Run /init as init process
[    0.960792] ACPI: Video Device [GFX0] (multi-head: yes  rom: no  post: no)
[    0.960865] input: Video Bus as /devices/LNXSYSTM:00/LNXSYBUS:00/PNP0A03:00/LNXVIDEO:00/input/input4
[    0.972563] pcnet32: pcnet32.c:v1.35 21.Apr.2008 tsbogend@alpha.franken.de
[    0.974352] piix4_smbus 0000:00:07.0: SMBus Host Controller at 0x4100, revision 0
[    0.976947] e1000: Intel(R) PRO/1000 Network Driver - version 7.3.21-k8-NAPI
[    0.976947] e1000: Copyright (c) 1999-2006 Intel Corporation.
[    0.986252] pcnet32: PCnet/FAST III 79C973 at 0xd020, 08:00:27:a2:11:e8 assigned IRQ 19
[    0.986297] pcnet32: Found PHY 0022:561b at address 0
[    0.986625] pcnet32: eth0: registered as PCnet/FAST III 79C973
[    0.994745] pcnet32: 1 cards_found
[    1.044938] pcnet32 0000:00:03.0 enp0s3: renamed from eth0
[    1.193850] input: ImExPS/2 Generic Explorer Mouse as /devices/platform/i8042/serio1/input/input5
[    1.387345] e1000 0000:00:08.0 eth0: (PCI:33MHz:32-bit) 08:00:27:b8:c4:32
[    1.387349] e1000 0000:00:08.0 eth0: Intel(R) PRO/1000 Network Connection
[    1.759365] e1000 0000:00:09.0 eth1: (PCI:33MHz:32-bit) 08:00:27:cf:61:63
[    1.759368] e1000 0000:00:09.0 eth1: Intel(R) PRO/1000 Network Connection
[    1.760530] e1000 0000:00:09.0 enp0s9: renamed from eth1
[    1.762312] e1000 0000:00:08.0 enp0s8: renamed from eth0
[    1.912297] EXT4-fs (sda2): mounted filesystem with ordered data mode. Opts: (null)
[    2.003881] systemd[1]: Inserted module 'autofs4'
[    2.015202] systemd[1]: systemd 245.4-4ubuntu3 running in system mode. (+PAM +AUDIT +SELINUX +IMA +APPARMOR +SMACK +SYSVINIT +UTMP +LIBCRYPTSETUP +GCRYPT +GNUTLS +ACL +XZ +LZ4 +SECCOMP +BLKID +ELFUTILS +KMOD +IDN2 -IDN +PCRE2 default-hierarchy=hybrid)
[    2.015235] systemd[1]: Detected virtualization oracle.
[    2.015238] systemd[1]: Detected architecture x86-64.
[    2.016523] systemd[1]: Set hostname to <ztg>.
[    2.141431] systemd[1]: /lib/systemd/system/dbus.socket:5: ListenStream= references a path below legacy directory /var/run/, updating /var/run/dbus/system_bus_socket â†’ /run/dbus/system_bus_socket; please update the unit file accordingly.
[    2.194133] systemd[1]: Created slice system-modprobe.slice.
[    2.194315] systemd[1]: Created slice User and Session Slice.
[    2.194359] systemd[1]: Started Forward Password Requests to Wall Directory Watch.
[    2.194520] systemd[1]: Set up automount Arbitrary Executable File Formats File System Automount Point.
[    2.194554] systemd[1]: Reached target User and Group Name Lookups.
[    2.194564] systemd[1]: Reached target Remote File Systems.
[    2.194572] systemd[1]: Reached target Slices.
[    2.195156] systemd[1]: Listening on Syslog Socket.
[    2.195224] systemd[1]: Listening on fsck to fsckd communication Socket.
[    2.195262] systemd[1]: Listening on initctl Compatibility Named Pipe.
[    2.195408] systemd[1]: Listening on Journal Audit Socket.
[    2.195459] systemd[1]: Listening on Journal Socket (/dev/log).
[    2.195527] systemd[1]: Listening on Journal Socket.
[    2.195590] systemd[1]: Listening on udev Control Socket.
[    2.195629] systemd[1]: Listening on udev Kernel Socket.
[    2.196357] systemd[1]: Mounting Huge Pages File System...
[    2.197237] systemd[1]: Mounting POSIX Message Queue File System...
[    2.198089] systemd[1]: Mounting Kernel Debug File System...
[    2.198930] systemd[1]: Mounting Kernel Trace File System...
[    2.200834] systemd[1]: Starting Journal Service...
[    2.225773] systemd[1]: Starting Set the console keyboard layout...
[    2.233689] systemd[1]: Starting Create list of static device nodes for the current kernel...
[    2.235628] systemd[1]: Starting Load Kernel Module drm...
[    2.236602] systemd[1]: Condition check resulted in Set Up Additional Binary Formats being skipped.
[    2.236649] systemd[1]: Condition check resulted in File System Check on Root Device being skipped.
[    2.250489] systemd[1]: Starting Load Kernel Modules...
[    2.251769] systemd[1]: Starting Remount Root and Kernel File Systems...
[    2.264498] systemd[1]: Starting udev Coldplug all Devices...
[    2.273894] systemd[1]: Starting Uncomplicated firewall...
[    2.277040] systemd[1]: Mounted Huge Pages File System.
[    2.277132] systemd[1]: Mounted POSIX Message Queue File System.
[    2.277208] systemd[1]: Mounted Kernel Debug File System.
[    2.277275] systemd[1]: Mounted Kernel Trace File System.
[    2.282164] EXT4-fs (sda2): re-mounted. Opts: errors=remount-ro
[    2.299860] systemd[1]: Finished Create list of static device nodes for the current kernel.
[    2.300912] systemd[1]: modprobe@drm.service: Succeeded.
[    2.319688] systemd[1]: Finished Load Kernel Module drm.
[    2.320236] systemd[1]: Finished Remount Root and Kernel File Systems.
[    2.321573] systemd[1]: Finished Uncomplicated firewall.
[    2.338253] lp: driver loaded but no devices found
[    2.339575] systemd[1]: Condition check resulted in Rebuild Hardware Database being skipped.
[    2.339615] systemd[1]: Condition check resulted in Platform Persistent Storage Archival being skipped.
[    2.340318] systemd[1]: Starting Load/Save Random Seed...
[    2.346914] systemd[1]: Starting Create System Users...
[    2.355796] systemd[1]: Finished Load/Save Random Seed.
[    2.356737] ppdev: user-space parallel port driver
[    2.364930] systemd[1]: Finished Create System Users.
[    2.366376] systemd[1]: Starting Create Static Device Nodes in /dev...
[    2.405580] systemd[1]: Finished Create Static Device Nodes in /dev.
[    2.406450] systemd[1]: Starting udev Kernel Device Manager...
[    2.432374] systemd[1]: Finished udev Coldplug all Devices.
[    2.435117] [drm] DMA map mode: Caching DMA mappings.
[    2.435209] [drm] Capabilities:
[    2.435209] [drm]   Rect copy.
[    2.435209] [drm]   Cursor.
[    2.435210] [drm]   Cursor bypass.
[    2.435210] [drm]   Cursor bypass 2.
[    2.435210] [drm]   Alpha cursor.
[    2.435211] [drm]   Extended Fifo.
[    2.435211] [drm]   Pitchlock.
[    2.435211] [drm]   Irq mask.
[    2.435212] [drm]   GMR.
[    2.435212] [drm]   Traces.
[    2.435212] [drm]   GMR2.
[    2.435213] [drm]   Screen Object 2.
[    2.435213] [drm]   Command Buffers.
[    2.435213] [drm]   Command Buffers 2.
[    2.435214] [drm]   Guest Backed Resources.
[    2.435215] [drm] Max GMR ids is 8192
[    2.435215] [drm] Max number of GMR pages is 1048576
[    2.435216] [drm] Max dedicated hypervisor surface memory is 393216 kiB
[    2.435216] [drm] Maximum display memory size is 131072 kiB
[    2.435217] [drm] VRAM at 0xe0000000 size is 131072 kiB
[    2.435218] [drm] MMIO at 0xf0000000 size is 2048 kiB
[    2.435744] [TTM] Zone  kernel: Available graphics memory: 1011738 KiB
[    2.435745] [TTM] Initializing pool allocator
[    2.435748] [TTM] Initializing DMA pool allocator
[    2.435777] [drm] Supports vblank timestamp caching Rev 2 (21.10.2013).
[    2.435777] [drm] No driver support for vblank timestamp query.
[    2.436005] [drm] Screen Target Display device initialized
[    2.436214] [drm] width 720
[    2.436222] [drm] height 400
[    2.436225] [drm] bpp 32
[    2.436730] [drm] Fifo max 0x00200000 min 0x00001000 cap 0x00000355
[    2.437901] [drm] Using command buffers with DMA pool.
[    2.437905] [drm] DX: no.
[    2.437905] [drm] Atomic: yes.
[    2.437906] [drm] SM4_1: no.
[    2.437925] [drm:vmw_host_log [vmwgfx]] *ERROR* Failed to send host log message.
[    2.438808] [drm:vmw_host_log [vmwgfx]] *ERROR* Failed to send host log message.
[    2.467489] fbcon: svgadrmfb (fb0) is primary device
[    2.470152] Console: switching to colour frame buffer device 100x37
[    2.476765] [drm] Initialized vmwgfx 2.15.0 20180704 for 0000:00:02.0 on minor 0
[    2.480212] systemd[1]: Finished Load Kernel Modules.
[    2.481117] systemd[1]: Mounting FUSE Control File System...
[    2.482039] systemd[1]: Mounting Kernel Configuration File System...
[    2.482839] systemd[1]: Starting Apply Kernel Variables...
[    2.511872] systemd[1]: Mounted FUSE Control File System.
[    2.511969] systemd[1]: Mounted Kernel Configuration File System.
[    2.512022] systemd[1]: Condition check resulted in VMware vmblock fuse mount being skipped.
[    2.524717] systemd[1]: Finished Set the console keyboard layout.
[    2.524812] systemd[1]: Reached target Local File Systems (Pre).
[    2.527202] systemd[1]: Mounting Mount unit for bare, revision 5...
[    2.547120] systemd[1]: Mounting Mount unit for core18, revision 1705...
[    2.548458] systemd[1]: Mounting Mount unit for gnome-3-34-1804, revision 24...
[    2.553400] systemd[1]: Mounting Mount unit for gtk-common-themes, revision 1506...
[    2.563722] systemd[1]: Mounting Mount unit for gtk-common-themes, revision 1535...
[    2.567876] systemd[1]: Mounting Mount unit for snap-store, revision 433...
[    2.580104] systemd[1]: Mounting Mount unit for snapd, revision 25935...
[    2.606172] systemd[1]: Finished Apply Kernel Variables.
[    2.611609] systemd[1]: Mounted Mount unit for bare, revision 5.
[    2.611699] systemd[1]: Mounted Mount unit for core18, revision 1705.
[    2.611774] systemd[1]: Mounted Mount unit for gnome-3-34-1804, revision 24.
[    2.623175] systemd[1]: Started udev Kernel Device Manager.
[    2.623906] systemd[1]: Starting Show Plymouth Boot Screen...
[    2.627919] systemd[1]: Mounted Mount unit for gtk-common-themes, revision 1506.
[    2.629741] systemd[1]: Received SIGRTMIN+20 from PID 279 (plymouthd).
[    2.669942] systemd[1]: Started Show Plymouth Boot Screen.
[    2.670097] systemd[1]: Condition check resulted in Dispatch Password Requests to Console Directory Watch being skipped.
[    2.670194] systemd[1]: Started Forward Password Requests to Plymouth Directory Watch.
[    2.670224] systemd[1]: Reached target Local Encrypted Volumes.
[    2.720419] systemd[1]: Mounted Mount unit for gtk-common-themes, revision 1535.
[    2.720667] systemd[1]: Mounted Mount unit for snap-store, revision 433.
[    2.720845] systemd[1]: Mounted Mount unit for snapd, revision 25935.
[    2.720995] systemd[1]: Reached target Local File Systems.
[    2.723219] systemd[1]: Starting Load AppArmor profiles...
[    2.724103] systemd[1]: Starting Set console font and keymap...
[    2.738838] systemd[1]: Starting Tell Plymouth To Write Out Runtime Data...
[    2.738959] systemd[1]: Condition check resulted in Store a System Token in an EFI Variable being skipped.
[    2.739009] systemd[1]: Condition check resulted in Commit a transient machine-id on disk being skipped.
[    2.742906] systemd[1]: Finished Set console font and keymap.
[    2.750997] systemd[1]: Received SIGRTMIN+20 from PID 279 (plymouthd).
[    2.752663] systemd[1]: plymouth-read-write.service: Succeeded.
[    2.752899] systemd[1]: Finished Tell Plymouth To Write Out Runtime Data.
[    2.773449] audit: type=1400 audit(1768733712.592:2): apparmor="STATUS" operation="profile_load" profile="unconfined" name="nvidia_modprobe" pid=300 comm="apparmor_parser"
[    2.773451] audit: type=1400 audit(1768733712.592:3): apparmor="STATUS" operation="profile_load" profile="unconfined" name="nvidia_modprobe//kmod" pid=300 comm="apparmor_parser"
[    2.781805] audit: type=1400 audit(1768733712.600:4): apparmor="STATUS" operation="profile_load" profile="unconfined" name="/usr/sbin/tcpdump" pid=301 comm="apparmor_parser"
[    2.828651] audit: type=1400 audit(1768733712.640:5): apparmor="STATUS" operation="profile_load" profile="unconfined" name="/usr/bin/evince" pid=303 comm="apparmor_parser"
[    2.828653] audit: type=1400 audit(1768733712.640:6): apparmor="STATUS" operation="profile_load" profile="unconfined" name="/usr/bin/evince//sanitized_helper" pid=303 comm="apparmor_parser"
[    2.828654] audit: type=1400 audit(1768733712.640:7): apparmor="STATUS" operation="profile_load" profile="unconfined" name="/usr/bin/evince-previewer" pid=303 comm="apparmor_parser"
[    2.828656] audit: type=1400 audit(1768733712.640:8): apparmor="STATUS" operation="profile_load" profile="unconfined" name="/usr/bin/evince-previewer//sanitized_helper" pid=303 comm="apparmor_parser"
[    2.828657] audit: type=1400 audit(1768733712.640:9): apparmor="STATUS" operation="profile_load" profile="unconfined" name="/usr/bin/evince-thumbnailer" pid=303 comm="apparmor_parser"
[    2.844280] audit: type=1400 audit(1768733712.664:10): apparmor="STATUS" operation="profile_load" profile="unconfined" name="/usr/lib/cups/backend/cups-pdf" pid=304 comm="apparmor_parser"
[    2.922143] systemd[1]: Finished Load AppArmor profiles.
[    2.923083] systemd[1]: Starting Load AppArmor profiles managed internally by snapd...
[    3.031247] systemd[1]: Finished Load AppArmor profiles managed internally by snapd.
[    3.170173] systemd[1]: Started Journal Service.
[    3.179483] systemd-journald[229]: Received client request to flush runtime journal.
[    3.182820] systemd-journald[229]: File /var/log/journal/c455b248004a419c87ce85eea238d727/system.journal corrupted or uncleanly shut down, renaming and replacing.
[    4.446208] RAPL PMU: API unit is 2^-32 Joules, 0 fixed counters, 10737418240 ms ovfl timer
[    4.476493] cryptd: max_cpu_qlen set to 1000
[    4.487424] AVX2 version of gcm_enc/dec engaged.
[    4.487424] AES CTR mode by8 optimization enabled
[    6.363964] Adding 1998844k swap on /dev/sda1.  Priority:-2 extents:1 across:1998844k FS
[    7.994310] kauditd_printk_skb: 30 callbacks suppressed
[    7.994312] audit: type=1400 audit(1768733717.812:41): apparmor="DENIED" operation="capable" profile="/usr/sbin/cups-browsed" pid=510 comm="cups-browsed" capability=23  capname="sys_nice"
[    8.863902] pcnet32 0000:00:03.0 enp0s3: link up, 100Mbps, full-duplex
[    8.904358] e1000: enp0s8 NIC Link is Up 1000 Mbps Full Duplex, Flow Control: RX
[    8.904632] IPv6: ADDRCONF(NETDEV_CHANGE): enp0s8: link becomes ready
[    8.927146] e1000: enp0s9 NIC Link is Up 1000 Mbps Full Duplex, Flow Control: RX
[    8.927437] IPv6: ADDRCONF(NETDEV_CHANGE): enp0s9: link becomes ready
[    9.564745] device enp0s3 entered promiscuous mode
[    9.618459] audit: type=1400 audit(1768733719.428:42): apparmor="DENIED" operation="open" profile="/usr/sbin/tcpdump" name="/proc/sys/kernel/random/boot_id" pid=655 comm="tcpdump" requested_mask="r" denied_mask="r" fsuid=0 ouid=0
[    9.619074] audit: type=1400 audit(1768733719.428:43): apparmor="DENIED" operation="open" profile="/usr/sbin/tcpdump" name="/proc/sys/kernel/random/boot_id" pid=655 comm="tcpdump" requested_mask="r" denied_mask="r" fsuid=0 ouid=0
[    9.619506] audit: type=1400 audit(1768733719.428:44): apparmor="DENIED" operation="open" profile="/usr/sbin/tcpdump" name="/proc/sys/kernel/random/boot_id" pid=655 comm="tcpdump" requested_mask="r" denied_mask="r" fsuid=0 ouid=0
[    9.619659] audit: type=1400 audit(1768733719.428:45): apparmor="DENIED" operation="open" profile="/usr/sbin/tcpdump" name="/proc/sys/kernel/random/boot_id" pid=655 comm="tcpdump" requested_mask="r" denied_mask="r" fsuid=0 ouid=0
[    9.638810] audit: type=1400 audit(1768733719.452:46): apparmor="DENIED" operation="open" profile="/usr/sbin/tcpdump" name="/proc/sys/kernel/random/boot_id" pid=656 comm="tcpdump" requested_mask="r" denied_mask="r" fsuid=0 ouid=0
[    9.640679] audit: type=1400 audit(1768733719.452:47): apparmor="DENIED" operation="open" profile="/usr/sbin/tcpdump" name="/proc/sys/kernel/random/boot_id" pid=656 comm="tcpdump" requested_mask="r" denied_mask="r" fsuid=0 ouid=0
[    9.640751] audit: type=1400 audit(1768733719.452:48): apparmor="DENIED" operation="open" profile="/usr/sbin/tcpdump" name="/proc/sys/kernel/random/boot_id" pid=656 comm="tcpdump" requested_mask="r" denied_mask="r" fsuid=0 ouid=0
[    9.640841] audit: type=1400 audit(1768733719.452:49): apparmor="DENIED" operation="open" profile="/usr/sbin/tcpdump" name="/proc/sys/kernel/random/boot_id" pid=656 comm="tcpdump" requested_mask="r" denied_mask="r" fsuid=0 ouid=0
[   15.389800] rfkill: input handler disabled
[  244.241696] AAAAA-TCP_FORW: name:enp0s3: saddr:16783984: daddr:100932208
[  244.562511] AAAAA-TCP_FORW: name:enp0s3: saddr:16783984: daddr:100932208
[  244.686130] AAAAA-TCP_FORW: name:enp0s3: saddr:16783984: daddr:100932208
[  244.802208] AAAAA-TCP_FORW: name:enp0s3: saddr:16783984: daddr:100932208
[  245.052316] AAAAA-TCP_FORW: name:enp0s3: saddr:33561200: daddr:100932208
[  245.308400] AAAAA-TCP_FORW: name:enp0s3: saddr:16783984: daddr:100932208
[  245.464971] AAAAA-TCP_FORW: name:enp0s3: saddr:33561200: daddr:100932208
[  245.595432] AAAAA-TCP_FORW: name:enp0s3: saddr:16783984: daddr:100932208
[  245.647109] AAAAA-TCP_FORW: name:enp0s3: saddr:16783984: daddr:100932208
[  245.850125] AAAAA-TCP_FORW: name:enp0s3: saddr:16783984: daddr:100932208
[  301.597098] AAAAA-TCP_FORW: name:enp0s3: saddr:16783984: daddr:100932208
[  301.906280] AAAAA-TCP_FORW: name:enp0s3: saddr:33561200: daddr:100932208
[  302.042421] AAAAA-TCP_FORW: name:enp0s3: saddr:16783984: daddr:100932208
[  302.341252] AAAAA-TCP_FORW: name:enp0s3: saddr:33561200: daddr:100932208
[  302.407007] AAAAA-TCP_FORW: name:enp0s3: saddr:16783984: daddr:100932208
[  302.737811] AAAAA-TCP_FORW: name:enp0s3: saddr:33561200: daddr:100932208
[  302.989090] AAAAA-TCP_FORW: name:enp0s3: saddr:16783984: daddr:100932208
[  303.437860] AAAAA-TCP_FORW: name:enp0s3: saddr:33561200: daddr:100932208
[  303.778258] AAAAA-TCP_FORW: name:enp0s3: saddr:16783984: daddr:100932208
[  303.964485] AAAAA-TCP_FORW: name:enp0s3: saddr:33561200: daddr:100932208
[  304.446923] AAAAA-TCP_FORW: name:enp0s3: saddr:16783984: daddr:100932208
[  304.605637] AAAAA-TCP_FORW: name:enp0s3: saddr:33561200: daddr:100932208
[  304.724553] AAAAA-TCP_FORW: name:enp0s3: saddr:16783984: daddr:100932208
[  304.867319] AAAAA-TCP_FORW: name:enp0s3: saddr:33561200: daddr:100932208
[  305.003974] AAAAA-TCP_FORW: name:enp0s3: saddr:16783984: daddr:100932208
[  305.149701] AAAAA-TCP_FORW: name:enp0s3: saddr:33561200: daddr:100932208
[  305.281724] AAAAA-TCP_FORW: name:enp0s3: saddr:16783984: daddr:100932208
[  305.377866] AAAAA-TCP_FORW: name:enp0s3: saddr:33561200: daddr:100932208
[  305.480275] AAAAA-TCP_FORW: name:enp0s3: saddr:16783984: daddr:100932208
[  305.627330] AAAAA-TCP_FORW: name:enp0s3: saddr:33561200: daddr:100932208
[  305.796732] AAAAA-TCP_FORW: name:enp0s3: saddr:16783984: daddr:100932208
[  305.922786] AAAAA-TCP_FORW: name:enp0s3: saddr:33561200: daddr:100932208
[  306.043124] AAAAA-TCP_FORW: name:enp0s3: saddr:16783984: daddr:100932208
[  306.431577] AAAAA-TCP_FORW: name:enp0s3: saddr:33561200: daddr:100932208
[  306.574055] AAAAA-TCP_FORW: name:enp0s3: saddr:16783984: daddr:100932208
[  306.720187] AAAAA-TCP_FORW: name:enp0s3: saddr:33561200: daddr:100932208
[  307.218576] AAAAA-TCP_FORW: name:enp0s3: saddr:16783984: daddr:100932208
[  307.310700] AAAAA-TCP_FORW: name:enp0s3: saddr:33561200: daddr:100932208
[  307.493631] AAAAA-TCP_FORW: name:enp0s3: saddr:16783984: daddr:100932208
[  307.616517] AAAAA-TCP_FORW: name:enp0s3: saddr:33561200: daddr:100932208
[  307.949171] AAAAA-TCP_FORW: name:enp0s3: saddr:16783984: daddr:100932208
[  308.170089] AAAAA-TCP_FORW: name:enp0s3: saddr:33561200: daddr:100932208
[  308.338204] AAAAA-TCP_FORW: name:enp0s3: saddr:16783984: daddr:100932208
[  308.601445] AAAAA-TCP_FORW: name:enp0s3: saddr:33561200: daddr:100932208
[  308.797316] AAAAA-TCP_FORW: name:enp0s3: saddr:16783984: daddr:100932208
[  308.948747] AAAAA-TCP_FORW: name:enp0s3: saddr:33561200: daddr:100932208
[  309.100320] AAAAA-TCP_FORW: name:enp0s3: saddr:16783984: daddr:100932208
[  309.334860] AAAAA-TCP_FORW: name:enp0s3: saddr:33561200: daddr:100932208
[  309.454017] AAAAA-TCP_FORW: name:enp0s3: saddr:16783984: daddr:100932208
[  309.552417] AAAAA-TCP_FORW: name:enp0s3: saddr:16783984: daddr:100932208
[  309.643929] AAAAA-TCP_FORW: name:enp0s3: saddr:33561200: daddr:100932208
[  309.778568] AAAAA-TCP_FORW: name:enp0s3: saddr:33561200: daddr:100932208
[  309.959339] AAAAA-TCP_FORW: name:enp0s3: saddr:16783984: daddr:100932208
[  310.096469] AAAAA-TCP_FORW: name:enp0s3: saddr:16783984: daddr:100932208
[  310.424112] AAAAA-TCP_FORW: name:enp0s3: saddr:33561200: daddr:100932208
[  310.648251] AAAAA-TCP_FORW: name:enp0s3: saddr:16783984: daddr:100932208
[  310.717950] AAAAA-TCP_FORW: name:enp0s3: saddr:33561200: daddr:100932208
[  311.048183] AAAAA-TCP_FORW: name:enp0s3: saddr:33561200: daddr:100932208
[  311.105460] AAAAA-TCP_FORW: name:enp0s3: saddr:16783984: daddr:100932208
[  311.197504] AAAAA-TCP_FORW: name:enp0s3: saddr:16783984: daddr:100932208
[  311.433905] AAAAA-TCP_FORW: name:enp0s3: saddr:33561200: daddr:100932208
[  311.499765] AAAAA-TCP_FORW: name:enp0s3: saddr:16783984: daddr:100932208
[  311.803445] AAAAA-TCP_FORW: name:enp0s3: saddr:16783984: daddr:100932208
[  312.094364] AAAAA-TCP_FORW: name:enp0s3: saddr:33561200: daddr:100932208
[  312.480519] AAAAA-TCP_FORW: name:enp0s3: saddr:16783984: daddr:100932208
[  312.625531] AAAAA-TCP_FORW: name:enp0s3: saddr:16783984: daddr:100932208
[  312.752462] AAAAA-TCP_FORW: name:enp0s3: saddr:16783984: daddr:100932208
[  312.822917] AAAAA-TCP_FORW: name:enp0s3: saddr:33561200: daddr:100932208
[  312.936927] AAAAA-TCP_FORW: name:enp0s3: saddr:33561200: daddr:100932208
[  313.076089] AAAAA-TCP_FORW: name:enp0s3: saddr:33561200: daddr:100932208
[  313.132955] AAAAA-TCP_FORW: name:enp0s3: saddr:33561200: daddr:100932208
[  313.247772] AAAAA-TCP_FORW: name:enp0s3: saddr:16783984: daddr:100932208
[  313.353387] AAAAA-TCP_FORW: name:enp0s3: saddr:16783984: daddr:100932208
[  313.388992] AAAAA-TCP_FORW: name:enp0s3: saddr:16783984: daddr:100932208
[  313.461217] AAAAA-TCP_FORW: name:enp0s3: saddr:33561200: daddr:100932208
[  313.508880] AAAAA-TCP_FORW: name:enp0s3: saddr:33561200: daddr:100932208
[  313.571179] AAAAA-TCP_FORW: name:enp0s3: saddr:33561200: daddr:100932208
[  313.609010] AAAAA-TCP_FORW: name:enp0s3: saddr:16783984: daddr:100932208
[  313.645068] AAAAA-TCP_FORW: name:enp0s3: saddr:16783984: daddr:100932208
[  313.739333] AAAAA-TCP_FORW: name:enp0s3: saddr:33561200: daddr:100932208
[  313.804324] AAAAA-TCP_FORW: name:enp0s3: saddr:33561200: daddr:100932208
[  313.865528] AAAAA-TCP_FORW: name:enp0s3: saddr:16783984: daddr:100932208
[  313.896006] AAAAA-TCP_FORW: name:enp0s3: saddr:33561200: daddr:100932208
[  313.978310] AAAAA-TCP_FORW: name:enp0s3: saddr:33561200: daddr:100932208
[  314.028905] AAAAA-TCP_FORW: name:enp0s3: saddr:16783984: daddr:100932208
[  314.121485] AAAAA-TCP_FORW: name:enp0s3: saddr:16783984: daddr:100932208
[  314.196716] AAAAA-TCP_FORW: name:enp0s3: saddr:33561200: daddr:100932208
[  314.258370] AAAAA-TCP_FORW: name:enp0s3: saddr:33561200: daddr:100932208
[  314.285861] AAAAA-TCP_FORW: name:enp0s3: saddr:16783984: daddr:100932208
[  314.329770] AAAAA-TCP_FORW: name:enp0s3: saddr:33561200: daddr:100932208
[  314.389506] AAAAA-TCP_FORW: name:enp0s3: saddr:16783984: daddr:100932208
[  316.201168] AAAAA-TCP_FORW: name:enp0s3: saddr:16783984: daddr:100932208
[  316.586502] AAAAA-TCP_FORW: name:enp0s3: saddr:16783984: daddr:100932208
[  316.670095] AAAAA-TCP_FORW: name:enp0s3: saddr:16783984: daddr:100932208
[  316.832886] AAAAA-TCP_FORW: name:enp0s3: saddr:16783984: daddr:100932208
[  316.958462] AAAAA-TCP_FORW: name:enp0s3: saddr:16783984: daddr:100932208
[  317.141603] AAAAA-TCP_FORW: name:enp0s3: saddr:16783984: daddr:100932208
[  317.232714] AAAAA-TCP_FORW: name:enp0s3: saddr:16783984: daddr:100932208
[  317.478743] AAAAA-TCP_FORW: name:enp0s3: saddr:16783984: daddr:100932208
[  317.557314] AAAAA-TCP_FORW: name:enp0s3: saddr:16783984: daddr:100932208
[  317.673632] AAAAA-TCP_FORW: name:enp0s3: saddr:16783984: daddr:100932208
[  317.797908] AAAAA-TCP_FORW: name:enp0s3: saddr:16783984: daddr:100932208
[  317.974912] AAAAA-TCP_FORW: name:enp0s3: saddr:16783984: daddr:100932208
[  318.124330] AAAAA-TCP_FORW: name:enp0s3: saddr:16783984: daddr:100932208
[  318.192475] AAAAA-TCP_FORW: name:enp0s3: saddr:16783984: daddr:100932208
[  318.267545] AAAAA-TCP_FORW: name:enp0s3: saddr:16783984: daddr:100932208
[  318.374975] AAAAA-TCP_FORW: name:enp0s3: saddr:16783984: daddr:100932208
[  318.490217] AAAAA-TCP_FORW: name:enp0s3: saddr:16783984: daddr:100932208
[  318.716215] AAAAA-TCP_FORW: name:enp0s3: saddr:16783984: daddr:100932208
[  318.814190] AAAAA-TCP_FORW: name:enp0s3: saddr:16783984: daddr:100932208
[  319.001364] AAAAA-TCP_FORW: name:enp0s3: saddr:16783984: daddr:100932208
[  319.196784] AAAAA-TCP_FORW: name:enp0s3: saddr:16783984: daddr:100932208
[  319.296481] AAAAA-TCP_FORW: name:enp0s3: saddr:33561200: daddr:100932208
[  319.377965] AAAAA-TCP_FORW: name:enp0s3: saddr:16783984: daddr:100932208
[  327.620829] AAAAA-TCP_FORW: name:enp0s3: saddr:16783984: daddr:100932208
[  327.927964] AAAAA-TCP_FORW: name:enp0s3: saddr:16783984: daddr:100932208
[  329.554213] AAAAA-TCP_FORW: name:enp0s3: saddr:16783984: daddr:100932208
[  329.908567] AAAAA-TCP_FORW: name:enp0s3: saddr:16783984: daddr:100932208
[  330.472423] AAAAA-TCP_FORW: name:enp0s3: saddr:16783984: daddr:100932208
[  330.616365] AAAAA-TCP_FORW: name:enp0s3: saddr:16783984: daddr:100932208
[  330.874926] AAAAA-TCP_FORW: name:enp0s3: saddr:16783984: daddr:100932208
[  331.128597] AAAAA-TCP_FORW: name:enp0s3: saddr:16783984: daddr:100932208
[  331.199627] AAAAA-TCP_FORW: name:enp0s3: saddr:16783984: daddr:100932208
[  332.576814] AAAAA-TCP_FORW: name:enp0s3: saddr:16783984: daddr:100932208
[  332.853198] AAAAA-TCP_FORW: name:enp0s3: saddr:16783984: daddr:100932208
[  333.068616] AAAAA-TCP_FORW: name:enp0s3: saddr:16783984: daddr:100932208
[  333.314621] AAAAA-TCP_FORW: name:enp0s3: saddr:16783984: daddr:100932208
[  333.405083] AAAAA-TCP_FORW: name:enp0s3: saddr:16783984: daddr:100932208
[  333.792427] AAAAA-TCP_FORW: name:enp0s3: saddr:16783984: daddr:100932208
[  333.850760] AAAAA-TCP_FORW: name:enp0s3: saddr:16783984: daddr:100932208
[  335.202851] AAAAA-TCP_FORW: name:enp0s3: saddr:16783984: daddr:100932208
[  335.451241] AAAAA-TCP_FORW: name:enp0s3: saddr:16783984: daddr:100932208
[  335.574141] AAAAA-TCP_FORW: name:enp0s3: saddr:16783984: daddr:100932208
[  336.020917] AAAAA-TCP_FORW: name:enp0s3: saddr:16783984: daddr:100932208
[  336.290188] AAAAA-TCP_FORW: name:enp0s3: saddr:16783984: daddr:100932208
[  336.417973] AAAAA-TCP_FORW: name:enp0s3: saddr:16783984: daddr:100932208
[  337.140116] AAAAA-TCP_FORW: name:enp0s3: saddr:16783984: daddr:100932208
[  337.207677] AAAAA-TCP_FORW: name:enp0s3: saddr:16783984: daddr:100932208
[  337.273775] AAAAA-TCP_FORW: name:enp0s3: saddr:16783984: daddr:100932208
[  337.341278] AAAAA-TCP_FORW: name:enp0s3: saddr:16783984: daddr:100932208
[  337.574724] AAAAA-TCP_FORW: name:enp0s3: saddr:16783984: daddr:100932208
[  338.547346] AAAAA-TCP_FORW: name:enp0s3: saddr:16783984: daddr:100932208
[  338.683140] AAAAA-TCP_FORW: name:enp0s3: saddr:33561200: daddr:100932208
[  338.732841] AAAAA-TCP_FORW: name:enp0s3: saddr:16783984: daddr:100932208
[  338.812663] AAAAA-TCP_FORW: name:enp0s3: saddr:16783984: daddr:100932208
[  338.992134] AAAAA-TCP_FORW: name:enp0s3: saddr:16783984: daddr:100932208
[  339.284014] AAAAA-TCP_FORW: name:enp0s3: saddr:16783984: daddr:100932208
[  339.445201] AAAAA-TCP_FORW: name:enp0s3: saddr:16783984: daddr:100932208
[  339.960534] AAAAA-TCP_FORW: name:enp0s3: saddr:16783984: daddr:100932208
[  340.103158] AAAAA-TCP_FORW: name:enp0s3: saddr:16783984: daddr:100932208
[  340.828517] AAAAA-TCP_FORW: name:enp0s3: saddr:16783984: daddr:100932208
[  340.996568] AAAAA-TCP_FORW: name:enp0s3: saddr:16783984: daddr:100932208
[  341.178283] AAAAA-TCP_FORW: name:enp0s3: saddr:16783984: daddr:100932208
[  341.581150] AAAAA-TCP_FORW: name:enp0s3: saddr:16783984: daddr:100932208
[  341.693267] AAAAA-TCP_FORW: name:enp0s3: saddr:16783984: daddr:100932208
[  342.472183] AAAAA-TCP_FORW: name:enp0s3: saddr:16783984: daddr:100932208
[  343.124688] AAAAA-TCP_FORW: name:enp0s3: saddr:33561200: daddr:100932208
[  343.231633] AAAAA-TCP_FORW: name:enp0s3: saddr:33561200: daddr:100932208
[  343.359240] AAAAA-TCP_FORW: name:enp0s3: saddr:33561200: daddr:100932208
[  343.538490] AAAAA-TCP_FORW: name:enp0s3: saddr:33561200: daddr:100932208
[  343.709914] AAAAA-TCP_FORW: name:enp0s3: saddr:33561200: daddr:100932208
[  344.003804] AAAAA-TCP_FORW: name:enp0s3: saddr:33561200: daddr:100932208
[  344.097207] AAAAA-TCP_FORW: name:enp0s3: saddr:33561200: daddr:100932208
[  344.254293] AAAAA-TCP_FORW: name:enp0s3: saddr:33561200: daddr:100932208
[  344.428298] AAAAA-TCP_FORW: name:enp0s3: saddr:33561200: daddr:100932208
[  344.651323] AAAAA-TCP_FORW: name:enp0s3: saddr:33561200: daddr:100932208
[  344.985254] AAAAA-TCP_FORW: name:enp0s3: saddr:33561200: daddr:100932208
[  345.127927] AAAAA-TCP_FORW: name:enp0s3: saddr:33561200: daddr:100932208
[  345.268457] AAAAA-TCP_FORW: name:enp0s3: saddr:33561200: daddr:100932208
[  345.500594] AAAAA-TCP_FORW: name:enp0s3: saddr:33561200: daddr:100932208
[  345.592553] AAAAA-TCP_FORW: name:enp0s3: saddr:33561200: daddr:100932208
[  345.893366] AAAAA-TCP_FORW: name:enp0s3: saddr:33561200: daddr:100932208
[  346.031262] AAAAA-TCP_FORW: name:enp0s3: saddr:33561200: daddr:100932208
[  346.159241] AAAAA-TCP_FORW: name:enp0s3: saddr:33561200: daddr:100932208
[  346.272173] AAAAA-TCP_FORW: name:enp0s3: saddr:33561200: daddr:100932208
[  346.443348] AAAAA-TCP_FORW: name:enp0s3: saddr:33561200: daddr:100932208
[  346.567511] AAAAA-TCP_FORW: name:enp0s3: saddr:33561200: daddr:100932208
[  346.681386] AAAAA-TCP_FORW: name:enp0s3: saddr:33561200: daddr:100932208
[  346.770728] AAAAA-TCP_FORW: name:enp0s3: saddr:33561200: daddr:100932208
[  346.922260] AAAAA-TCP_FORW: name:enp0s3: saddr:33561200: daddr:100932208
[  347.090706] AAAAA-TCP_FORW: name:enp0s3: saddr:33561200: daddr:100932208
[  347.153189] AAAAA-TCP_FORW: name:enp0s3: saddr:33561200: daddr:100932208
[  347.321107] AAAAA-TCP_FORW: name:enp0s3: saddr:33561200: daddr:100932208
[  347.484262] AAAAA-TCP_FORW: name:enp0s3: saddr:33561200: daddr:100932208
[  347.606312] AAAAA-TCP_FORW: name:enp0s3: saddr:33561200: daddr:100932208
[  347.749842] AAAAA-TCP_FORW: name:enp0s3: saddr:33561200: daddr:100932208
[  347.840745] AAAAA-TCP_FORW: name:enp0s3: saddr:33561200: daddr:100932208
[  347.945475] AAAAA-TCP_FORW: name:enp0s3: saddr:33561200: daddr:100932208
[  348.055550] AAAAA-TCP_FORW: name:enp0s3: saddr:33561200: daddr:100932208
[  348.193337] AAAAA-TCP_FORW: name:enp0s3: saddr:33561200: daddr:100932208
[  348.475687] AAAAA-TCP_FORW: name:enp0s3: saddr:33561200: daddr:100932208
[  348.652905] AAAAA-TCP_FORW: name:enp0s3: saddr:33561200: daddr:100932208
[  348.716246] AAAAA-TCP_FORW: name:enp0s3: saddr:33561200: daddr:100932208
[  348.912471] AAAAA-TCP_FORW: name:enp0s3: saddr:33561200: daddr:100932208
[  349.012476] AAAAA-TCP_FORW: name:enp0s3: saddr:33561200: daddr:100932208
[  349.139666] AAAAA-TCP_FORW: name:enp0s3: saddr:33561200: daddr:100932208
[  349.300568] AAAAA-TCP_FORW: name:enp0s3: saddr:33561200: daddr:100932208
[  349.422150] AAAAA-TCP_FORW: name:enp0s3: saddr:33561200: daddr:100932208
[  349.524036] AAAAA-TCP_FORW: name:enp0s3: saddr:33561200: daddr:100932208
[  349.730342] AAAAA-TCP_FORW: name:enp0s3: saddr:33561200: daddr:100932208
[  349.929286] AAAAA-TCP_FORW: name:enp0s3: saddr:16783984: daddr:100932208
[  350.065295] AAAAA-TCP_FORW: name:enp0s3: saddr:16783984: daddr:100932208
[  350.441860] AAAAA-TCP_FORW: name:enp0s3: saddr:16783984: daddr:100932208
[  350.877616] AAAAA-TCP_FORW: name:enp0s3: saddr:16783984: daddr:100932208
[  351.138515] AAAAA-TCP_FORW: name:enp0s3: saddr:16783984: daddr:100932208
[  351.203321] AAAAA-TCP_FORW: name:enp0s3: saddr:16783984: daddr:100932208
[  351.310858] AAAAA-TCP_FORW: name:enp0s3: saddr:16783984: daddr:100932208
[  351.367977] AAAAA-TCP_FORW: name:enp0s3: saddr:16783984: daddr:100932208
[  351.456855] AAAAA-TCP_FORW: name:enp0s3: saddr:16783984: daddr:100932208
[  351.745474] AAAAA-TCP_FORW: name:enp0s3: saddr:16783984: daddr:100932208
[  393.969052] AAAAA-TCP_FORW: name:enp0s3: saddr:100932208: daddr:33561200
[  394.052275] AAAAA-TCP_FORW: name:enp0s3: saddr:100932208: daddr:33561200
[  394.475633] AAAAA-TCP_FORW: name:enp0s3: saddr:100932208: daddr:33561200
[  394.790145] AAAAA-TCP_FORW: name:enp0s3: saddr:100932208: daddr:33561200
[  394.822806] AAAAA-TCP_FORW: name:enp0s3: saddr:33561200: daddr:100932208
[  395.292371] AAAAA-TCP_FORW: name:enp0s3: saddr:100932208: daddr:33561200
[  395.298523] AAAAA-TCP_FORW: name:enp0s3: saddr:33561200: daddr:100932208
[  395.472839] AAAAA-TCP_FORW: name:enp0s3: saddr:100932208: daddr:33561200
[  395.630379] AAAAA-TCP_FORW: name:enp0s3: saddr:33561200: daddr:100932208
[  396.023844] AAAAA-TCP_FORW: name:enp0s3: saddr:33561200: daddr:100932208
[  396.128700] AAAAA-TCP_FORW: name:enp0s3: saddr:33561200: daddr:100932208
[  396.417264] AAAAA-TCP_FORW: name:enp0s3: saddr:33561200: daddr:100932208
[  504.780708] rfkill: input handler enabled
[  513.457374] rfkill: input handler disabled
[  683.292662] device enp0s3 left promiscuous mode
