[    0.000000] Linux version 5.4.243-mptcp (root@ztg) (gcc version 12.2.0 (Debian 12.2.0-14+deb12u1)) #53 SMP Wed Dec 24 23:28:15 CST 2025
[    0.000000] Command line: BOOT_IMAGE=/boot/vmlinuz-5.4.243-mptcp root=UUID=98415a12-53b7-4144-8265-0f7ece09e445 ro quiet splash
[    0.000000] KERNEL supported cpus:
[    0.000000]   Intel GenuineIntel
[    0.000000]   AMD AuthenticAMD
[    0.000000]   Hygon HygonGenuine
[    0.000000]   Centaur CentaurHauls
[    0.000000]   zhaoxin   Shanghai  
[    0.000000] x86/fpu: Supporting XSAVE feature 0x001: 'x87 floating point registers'
[    0.000000] x86/fpu: Supporting XSAVE feature 0x002: 'SSE registers'
[    0.000000] x86/fpu: Supporting XSAVE feature 0x004: 'AVX registers'
[    0.000000] x86/fpu: xstate_offset[2]:  576, xstate_sizes[2]:  256
[    0.000000] x86/fpu: Enabled xstate features 0x7, context size is 832 bytes, using 'standard' format.
[    0.000000] BIOS-provided physical RAM map:
[    0.000000] BIOS-e820: [mem 0x0000000000000000-0x000000000009fbff] usable
[    0.000000] BIOS-e820: [mem 0x000000000009fc00-0x000000000009ffff] reserved
[    0.000000] BIOS-e820: [mem 0x00000000000f0000-0x00000000000fffff] reserved
[    0.000000] BIOS-e820: [mem 0x0000000000100000-0x000000007ffeffff] usable
[    0.000000] BIOS-e820: [mem 0x000000007fff0000-0x000000007fffffff] ACPI data
[    0.000000] BIOS-e820: [mem 0x00000000fec00000-0x00000000fec00fff] reserved
[    0.000000] BIOS-e820: [mem 0x00000000fee00000-0x00000000fee00fff] reserved
[    0.000000] BIOS-e820: [mem 0x00000000fffc0000-0x00000000ffffffff] reserved
[    0.000000] NX (Execute Disable) protection: active
[    0.000000] SMBIOS 2.5 present.
[    0.000000] DMI: innotek GmbH VirtualBox/VirtualBox, BIOS VirtualBox 12/01/2006
[    0.000000] Hypervisor detected: KVM
[    0.000000] kvm-clock: Using msrs 4b564d01 and 4b564d00
[    0.000000] kvm-clock: cpu 0, msr ce01001, primary cpu clock
[    0.000000] kvm-clock: using sched offset of 4476016045 cycles
[    0.000003] clocksource: kvm-clock: mask: 0xffffffffffffffff max_cycles: 0x1cd42e4dffb, max_idle_ns: 881590591483 ns
[    0.000005] tsc: Detected 2100.000 MHz processor
[    0.001884] e820: update [mem 0x00000000-0x00000fff] usable ==> reserved
[    0.001886] e820: remove [mem 0x000a0000-0x000fffff] usable
[    0.001890] last_pfn = 0x7fff0 max_arch_pfn = 0x400000000
[    0.001959] MTRR default type: uncachable
[    0.001959] MTRR fixed ranges enabled:
[    0.001961]   00000-9FFFF write-back
[    0.001962]   A0000-BFFFF uncachable
[    0.001962]   C0000-FFFFF write-protect
[    0.001963] MTRR variable ranges enabled:
[    0.001965]   0 base 000000000000 mask 3FFF80000000 write-back
[    0.001965]   1 disabled
[    0.001966]   2 disabled
[    0.001966]   3 disabled
[    0.001966]   4 disabled
[    0.001967]   5 disabled
[    0.001967]   6 disabled
[    0.001968]   7 disabled
[    0.001968]   8 disabled
[    0.001968]   9 disabled
[    0.001969]   10 disabled
[    0.001970]   11 disabled
[    0.001970]   12 disabled
[    0.001970]   13 disabled
[    0.001971]   14 disabled
[    0.001971]   15 disabled
[    0.001987] x86/PAT: Configuration [0-7]: WB  WC  UC- UC  WB  WP  UC- WT  
[    0.002124] found SMP MP-table at [mem 0x0009fff0-0x0009ffff]
[    0.093171] check: Scanning 1 areas for low memory corruption
[    0.093377] RAMDISK: [mem 0x32271000-0x3512ffff]
[    0.093385] ACPI: Early table checksum verification disabled
[    0.093390] ACPI: RSDP 0x00000000000E0000 000024 (v02 VBOX  )
[    0.093394] ACPI: XSDT 0x000000007FFF0030 00003C (v01 VBOX   VBOXXSDT 00000001 ASL  00000061)
[    0.093400] ACPI: FACP 0x000000007FFF00F0 0000F4 (v04 VBOX   VBOXFACP 00000001 ASL  00000061)
[    0.093407] ACPI: DSDT 0x000000007FFF02E0 002353 (v02 VBOX   VBOXBIOS 00000002 VBOX 00029BF3)
[    0.093411] ACPI: FACS 0x000000007FFF0200 000040
[    0.093414] ACPI: FACS 0x000000007FFF0200 000040
[    0.093417] ACPI: APIC 0x000000007FFF0240 000054 (v02 VBOX   VBOXAPIC 00000001 ASL  00000061)
[    0.093421] ACPI: SSDT 0x000000007FFF02A0 000038 (v01 VBOX   VBOXCPUT 00000002 VBOX 00029BF3)
[    0.093424] ACPI: Reserving FACP table memory at [mem 0x7fff00f0-0x7fff01e3]
[    0.093425] ACPI: Reserving DSDT table memory at [mem 0x7fff02e0-0x7fff2632]
[    0.093426] ACPI: Reserving FACS table memory at [mem 0x7fff0200-0x7fff023f]
[    0.093426] ACPI: Reserving FACS table memory at [mem 0x7fff0200-0x7fff023f]
[    0.093427] ACPI: Reserving APIC table memory at [mem 0x7fff0240-0x7fff0293]
[    0.093428] ACPI: Reserving SSDT table memory at [mem 0x7fff02a0-0x7fff02d7]
[    0.093442] ACPI: Local APIC address 0xfee00000
[    0.093635] No NUMA configuration found
[    0.093636] Faking a node at [mem 0x0000000000000000-0x000000007ffeffff]
[    0.093646] NODE_DATA(0) allocated [mem 0x7ffc5000-0x7ffeffff]
[    0.093907] Zone ranges:
[    0.093908]   DMA      [mem 0x0000000000001000-0x0000000000ffffff]
[    0.093909]   DMA32    [mem 0x0000000001000000-0x000000007ffeffff]
[    0.093910]   Normal   empty
[    0.093911]   Device   empty
[    0.093911] Movable zone start for each node
[    0.093913] Early memory node ranges
[    0.093914]   node   0: [mem 0x0000000000001000-0x000000000009efff]
[    0.093915]   node   0: [mem 0x0000000000100000-0x000000007ffeffff]
[    0.093918] Zeroed struct page in unavailable ranges: 114 pages
[    0.093919] Initmem setup node 0 [mem 0x0000000000001000-0x000000007ffeffff]
[    0.093920] On node 0 totalpages: 524174
[    0.093921]   DMA zone: 64 pages used for memmap
[    0.093921]   DMA zone: 21 pages reserved
[    0.093922]   DMA zone: 3998 pages, LIFO batch:0
[    0.093993]   DMA32 zone: 8128 pages used for memmap
[    0.093994]   DMA32 zone: 520176 pages, LIFO batch:63
[    0.102900] ACPI: PM-Timer IO Port: 0x4008
[    0.102904] ACPI: Local APIC address 0xfee00000
[    0.102976] IOAPIC[0]: apic_id 1, version 32, address 0xfec00000, GSI 0-23
[    0.102979] ACPI: INT_SRC_OVR (bus 0 bus_irq 0 global_irq 2 dfl dfl)
[    0.102981] ACPI: INT_SRC_OVR (bus 0 bus_irq 9 global_irq 9 low level)
[    0.102983] ACPI: IRQ0 used by override.
[    0.102984] ACPI: IRQ9 used by override.
[    0.102986] Using ACPI (MADT) for SMP configuration information
[    0.102993] smpboot: Allowing 1 CPUs, 0 hotplug CPUs
[    0.103016] PM: Registered nosave memory: [mem 0x00000000-0x00000fff]
[    0.103017] PM: Registered nosave memory: [mem 0x0009f000-0x0009ffff]
[    0.103018] PM: Registered nosave memory: [mem 0x000a0000-0x000effff]
[    0.103018] PM: Registered nosave memory: [mem 0x000f0000-0x000fffff]
[    0.103020] [mem 0x80000000-0xfebfffff] available for PCI devices
[    0.103021] Booting paravirtualized kernel on KVM
[    0.103024] clocksource: refined-jiffies: mask: 0xffffffff max_cycles: 0xffffffff, max_idle_ns: 7645519600211568 ns
[    0.103029] setup_percpu: NR_CPUS:8192 nr_cpumask_bits:1 nr_cpu_ids:1 nr_node_ids:1
[    0.104023] percpu: Embedded 60 pages/cpu s208896 r8192 d28672 u2097152
[    0.104027] pcpu-alloc: s208896 r8192 d28672 u2097152 alloc=1*2097152
[    0.104028] pcpu-alloc: [0] 0 
[    0.104055] Built 1 zonelists, mobility grouping on.  Total pages: 515961
[    0.104056] Policy zone: DMA32
[    0.104057] Kernel command line: BOOT_IMAGE=/boot/vmlinuz-5.4.243-mptcp root=UUID=98415a12-53b7-4144-8265-0f7ece09e445 ro quiet splash
[    0.104901] Dentry cache hash table entries: 262144 (order: 9, 2097152 bytes, linear)
[    0.105048] Inode-cache hash table entries: 131072 (order: 8, 1048576 bytes, linear)
[    0.105099] mem auto-init: stack:off, heap alloc:on, heap free:off
[    0.105102] Calgary: detecting Calgary via BIOS EBDA area
[    0.105103] Calgary: Unable to locate Rio Grande table in EBDA - bailing!
[    0.109171] Memory: 1967332K/2096696K available (14339K kernel code, 2398K rwdata, 4712K rodata, 2728K init, 17260K bss, 129364K reserved, 0K cma-reserved)
[    0.110119] SLUB: HWalign=64, Order=0-3, MinObjects=0, CPUs=1, Nodes=1
[    0.110136] ftrace: allocating 43186 entries in 169 pages
[    0.128188] rcu: Hierarchical RCU implementation.
[    0.128190] rcu: 	RCU restricting CPUs from NR_CPUS=8192 to nr_cpu_ids=1.
[    0.128191] 	Tasks RCU enabled.
[    0.128192] rcu: RCU calculated value of scheduler-enlistment delay is 25 jiffies.
[    0.128192] rcu: Adjusting geometry for rcu_fanout_leaf=16, nr_cpu_ids=1
[    0.131152] NR_IRQS: 524544, nr_irqs: 256, preallocated irqs: 16
[    0.131373] random: crng init done
[    0.140697] Console: colour VGA+ 80x25
[    0.140701] printk: console [tty0] enabled
[    0.140721] ACPI: Core revision 20190816
[    0.140821] APIC: Switch to symmetric I/O mode setup
[    0.141069] x2apic enabled
[    0.141314] Switched APIC routing to physical x2apic.
[    0.142442] ..TIMER: vector=0x30 apic1=0 pin1=2 apic2=-1 pin2=-1
[    0.142466] clocksource: tsc-early: mask: 0xffffffffffffffff max_cycles: 0x1e4530a99b6, max_idle_ns: 440795257976 ns
[    0.142472] Calibrating delay loop (skipped) preset value.. 4200.00 BogoMIPS (lpj=8400000)
[    0.142475] pid_max: default: 32768 minimum: 301
[    0.142502] LSM: Security Framework initializing
[    0.142512] Yama: becoming mindful.
[    0.142538] AppArmor: AppArmor initialized
[    0.142572] Mount-cache hash table entries: 4096 (order: 3, 32768 bytes, linear)
[    0.142576] Mountpoint-cache hash table entries: 4096 (order: 3, 32768 bytes, linear)
[    0.142586] *** VALIDATE tmpfs ***
[    0.142716] *** VALIDATE proc ***
[    0.142756] *** VALIDATE cgroup1 ***
[    0.142757] *** VALIDATE cgroup2 ***
[    0.142898] process: using mwait in idle threads
[    0.142902] Last level iTLB entries: 4KB 64, 2MB 8, 4MB 8
[    0.142903] Last level dTLB entries: 4KB 64, 2MB 0, 4MB 0, 1GB 4
[    0.142922] Spectre V1 : Mitigation: usercopy/swapgs barriers and __user pointer sanitization
[    0.142928] Spectre V2 : Mitigation: Retpolines
[    0.142929] Spectre V2 : Spectre v2 / SpectreRSB mitigation: Filling RSB on context switch
[    0.142929] Spectre V2 : Spectre v2 / SpectreRSB : Filling RSB on VMEXIT
[    0.142930] RETBleed: WARNING: Spectre v2 mitigation leaves CPU vulnerable to RETBleed attacks, data leaks possible!
[    0.143283] RETBleed: Vulnerable
[    0.143283] Speculative Store Bypass: Vulnerable
[    0.143288] TAA: Mitigation: TSX disabled
[    0.143288] MMIO Stale Data: Mitigation: Clear CPU buffers
[    0.147502] Freeing SMP alternatives memory: 40K
[    0.259670] smpboot: CPU0: Intel(R) Xeon(R) Silver 4216 CPU @ 2.10GHz (family: 0x6, model: 0x55, stepping: 0x7)
[    0.259789] Performance Events: unsupported p6 CPU model 85 no PMU driver, software events only.
[    0.259827] rcu: Hierarchical SRCU implementation.
[    0.260304] NMI watchdog: Perf NMI watchdog permanently disabled
[    0.260342] smp: Bringing up secondary CPUs ...
[    0.260343] smp: Brought up 1 node, 1 CPU
[    0.260344] smpboot: Max logical packages: 1
[    0.260345] smpboot: Total of 1 processors activated (4200.00 BogoMIPS)
[    0.261286] devtmpfs: initialized
[    0.261332] x86/mm: Memory block size: 128MB
[    0.261685] clocksource: jiffies: mask: 0xffffffff max_cycles: 0xffffffff, max_idle_ns: 7645041785100000 ns
[    0.261691] futex hash table entries: 256 (order: 2, 16384 bytes, linear)
[    0.261734] pinctrl core: initialized pinctrl subsystem
[    0.261835] PM: RTC time: 14:31:00, date: 2026-01-17
[    0.261943] NET: Registered protocol family 16
[    0.262019] audit: initializing netlink subsys (disabled)
[    0.262147] EISA bus registered
[    0.262149] cpuidle: using governor ladder
[    0.262149] cpuidle: using governor menu
[    0.262186] ACPI: bus type PCI registered
[    0.262187] acpiphp: ACPI Hot Plug PCI Controller Driver version: 0.5
[    0.262291] PCI: Using configuration type 1 for base access
[    0.262735] audit: type=2000 audit(1768631466.941:1): state=initialized audit_enabled=0 res=1
[    0.262816] HugeTLB registered 2.00 MiB page size, pre-allocated 0 pages
[    0.263630] ACPI: Added _OSI(Module Device)
[    0.263630] ACPI: Added _OSI(Processor Device)
[    0.263631] ACPI: Added _OSI(3.0 _SCP Extensions)
[    0.263632] ACPI: Added _OSI(Processor Aggregator Device)
[    0.263633] ACPI: Added _OSI(Linux-Dell-Video)
[    0.263634] ACPI: Added _OSI(Linux-Lenovo-NV-HDMI-Audio)
[    0.263634] ACPI: Added _OSI(Linux-HPI-Hybrid-Graphics)
[    0.265650] ACPI: 2 ACPI AML tables successfully acquired and loaded
[    0.267200] ACPI: Interpreter enabled
[    0.267210] ACPI: (supports S0 S5)
[    0.267211] ACPI: Using IOAPIC for interrupt routing
[    0.267418] PCI: Using host bridge windows from ACPI; if necessary, use "pci=nocrs" and report a bug
[    0.267524] ACPI: Enabled 2 GPEs in block 00 to 07
[    0.272364] ACPI: PCI Root Bridge [PCI0] (domain 0000 [bus 00-ff])
[    0.272370] acpi PNP0A03:00: _OSC: OS supports [ASPM ClockPM Segments MSI HPX-Type3]
[    0.272815] acpi PNP0A03:00: _OSC: not requesting OS control; OS requires [ExtendedConfig ASPM ClockPM MSI]
[    0.272823] acpi PNP0A03:00: fail to add MMCONFIG information, can't access extended PCI configuration space under this bridge.
[    0.273199] PCI host bridge to bus 0000:00
[    0.273201] pci_bus 0000:00: root bus resource [io  0x0000-0x0cf7 window]
[    0.273202] pci_bus 0000:00: root bus resource [io  0x0d00-0xffff window]
[    0.273203] pci_bus 0000:00: root bus resource [mem 0x000a0000-0x000bffff window]
[    0.273204] pci_bus 0000:00: root bus resource [mem 0x80000000-0xfdffffff window]
[    0.273206] pci_bus 0000:00: root bus resource [bus 00-ff]
[    0.273246] pci 0000:00:00.0: [8086:1237] type 00 class 0x060000
[    0.274206] pci 0000:00:01.0: [8086:7000] type 00 class 0x060100
[    0.275131] pci 0000:00:01.1: [8086:7111] type 00 class 0x01018a
[    0.275504] pci 0000:00:01.1: reg 0x20: [io  0xd000-0xd00f]
[    0.275657] pci 0000:00:01.1: legacy IDE quirk: reg 0x10: [io  0x01f0-0x01f7]
[    0.275658] pci 0000:00:01.1: legacy IDE quirk: reg 0x14: [io  0x03f6]
[    0.275659] pci 0000:00:01.1: legacy IDE quirk: reg 0x18: [io  0x0170-0x0177]
[    0.275660] pci 0000:00:01.1: legacy IDE quirk: reg 0x1c: [io  0x0376]
[    0.276214] pci 0000:00:02.0: [15ad:0405] type 00 class 0x030000
[    0.278549] pci 0000:00:02.0: reg 0x10: [io  0xd010-0xd01f]
[    0.282515] pci 0000:00:02.0: reg 0x14: [mem 0xe0000000-0xe7ffffff pref]
[    0.285551] pci 0000:00:02.0: reg 0x18: [mem 0xf0000000-0xf01fffff]
[    0.297104] pci 0000:00:03.0: [1022:2000] type 00 class 0x020000
[    0.298618] pci 0000:00:03.0: reg 0x10: [io  0xd020-0xd03f]
[    0.299325] pci 0000:00:03.0: reg 0x14: [mem 0xf0200000-0xf0200fff]
[    0.302965] pci 0000:00:04.0: [80ee:cafe] type 00 class 0x088000
[    0.303638] pci 0000:00:04.0: reg 0x10: [io  0xd040-0xd05f]
[    0.304246] pci 0000:00:04.0: reg 0x14: [mem 0xf0400000-0xf07fffff]
[    0.304854] pci 0000:00:04.0: reg 0x18: [mem 0xf0800000-0xf0803fff pref]
[    0.308426] pci 0000:00:07.0: [8086:7113] type 00 class 0x068000
[    0.308980] pci 0000:00:07.0: quirk: [io  0x4000-0x403f] claimed by PIIX4 ACPI
[    0.308990] pci 0000:00:07.0: quirk: [io  0x4100-0x410f] claimed by PIIX4 SMB
[    0.309613] pci 0000:00:08.0: [8086:100e] type 00 class 0x020000
[    0.310355] pci 0000:00:08.0: reg 0x10: [mem 0xf0820000-0xf083ffff]
[    0.311166] pci 0000:00:08.0: reg 0x18: [io  0xd060-0xd067]
[    0.315079] pci 0000:00:09.0: [8086:100e] type 00 class 0x020000
[    0.315788] pci 0000:00:09.0: reg 0x10: [mem 0xf0840000-0xf085ffff]
[    0.316938] pci 0000:00:09.0: reg 0x18: [io  0xd068-0xd06f]
[    0.327434] ACPI: PCI Interrupt Link [LNKA] (IRQs 5 9 10 *11)
[    0.327721] ACPI: PCI Interrupt Link [LNKB] (IRQs 5 9 *10 11)
[    0.327824] ACPI: PCI Interrupt Link [LNKC] (IRQs 5 *9 10 11)
[    0.327929] ACPI: PCI Interrupt Link [LNKD] (IRQs 5 9 10 *11)
[    0.328197] iommu: Default domain type: Translated 
[    0.328259] pci 0000:00:02.0: vgaarb: setting as boot VGA device
[    0.328261] pci 0000:00:02.0: vgaarb: VGA device added: decodes=io+mem,owns=io+mem,locks=none
[    0.328263] pci 0000:00:02.0: vgaarb: bridge control possible
[    0.328264] vgaarb: loaded
[    0.328477] SCSI subsystem initialized
[    0.328507] libata version 3.00 loaded.
[    0.328530] ACPI: bus type USB registered
[    0.328546] usbcore: registered new interface driver usbfs
[    0.328552] usbcore: registered new interface driver hub
[    0.328557] usbcore: registered new device driver usb
[    0.328586] pps_core: LinuxPPS API ver. 1 registered
[    0.328587] pps_core: Software ver. 5.3.6 - Copyright 2005-2007 Rodolfo Giometti <giometti@linux.it>
[    0.328589] PTP clock support registered
[    0.328625] EDAC MC: Ver: 3.0.0
[    0.328925] PCI: Using ACPI for IRQ routing
[    0.328926] PCI: pci_cache_line_size set to 64 bytes
[    0.329103] e820: reserve RAM buffer [mem 0x0009fc00-0x0009ffff]
[    0.329107] e820: reserve RAM buffer [mem 0x7fff0000-0x7fffffff]
[    0.330484] NetLabel: Initializing
[    0.330485] NetLabel:  domain hash size = 128
[    0.330485] NetLabel:  protocols = UNLABELED CIPSOv4 CALIPSO
[    0.330505] NetLabel:  unlabeled traffic allowed by default
[    0.331412] clocksource: Switched to clocksource kvm-clock
[    0.345065] *** VALIDATE bpf ***
[    0.345127] VFS: Disk quotas dquot_6.6.0
[    0.345140] VFS: Dquot-cache hash table entries: 512 (order 0, 4096 bytes)
[    0.345161] *** VALIDATE ramfs ***
[    0.345164] *** VALIDATE hugetlbfs ***
[    0.345245] AppArmor: AppArmor Filesystem Enabled
[    0.345271] pnp: PnP ACPI init
[    0.345343] pnp 00:00: Plug and Play ACPI device, IDs PNP0303 (active)
[    0.345431] pnp 00:01: Plug and Play ACPI device, IDs PNP0f03 (active)
[    0.346199] pnp: PnP ACPI: found 2 devices
[    0.347197] thermal_sys: Registered thermal governor 'fair_share'
[    0.347198] thermal_sys: Registered thermal governor 'bang_bang'
[    0.347199] thermal_sys: Registered thermal governor 'step_wise'
[    0.347199] thermal_sys: Registered thermal governor 'user_space'
[    0.347200] thermal_sys: Registered thermal governor 'power_allocator'
[    0.351728] clocksource: acpi_pm: mask: 0xffffff max_cycles: 0xffffff, max_idle_ns: 2085701024 ns
[    0.351768] pci_bus 0000:00: resource 4 [io  0x0000-0x0cf7 window]
[    0.351770] pci_bus 0000:00: resource 5 [io  0x0d00-0xffff window]
[    0.351772] pci_bus 0000:00: resource 6 [mem 0x000a0000-0x000bffff window]
[    0.351773] pci_bus 0000:00: resource 7 [mem 0x80000000-0xfdffffff window]
[    0.351831] NET: Registered protocol family 2
[    0.351905] IP idents hash table entries: 32768 (order: 6, 262144 bytes, linear)
[    0.352316] MPTCP tokens hash table entries: 8192 (order: 4, 65536 bytes, linear)
[    0.352336] MPTCP request tokens hash table entries: 8192 (order: 4, 65536 bytes, linear)
[    0.352362] default registered
[    0.352362] default registered
[    0.352363] MPTCP: Stable release v0.96
[    0.352368] tcp_listen_portaddr_hash hash table entries: 1024 (order: 2, 16384 bytes, linear)
[    0.352447] TCP established hash table entries: 16384 (order: 5, 131072 bytes, linear)
[    0.352524] TCP bind hash table entries: 16384 (order: 6, 262144 bytes, linear)
[    0.352549] TCP: Hash tables configured (established 16384 bind 16384)
[    0.353303] UDP hash table entries: 1024 (order: 3, 32768 bytes, linear)
[    0.353314] UDP-Lite hash table entries: 1024 (order: 3, 32768 bytes, linear)
[    0.353360] NET: Registered protocol family 1
[    0.353370] NET: Registered protocol family 44
[    0.353392] pci 0000:00:00.0: Limiting direct PCI/PCI transfers
[    0.353405] pci 0000:00:01.0: Activating ISA DMA hang workarounds
[    0.353463] pci 0000:00:02.0: Video device with shadowed ROM at [mem 0x000c0000-0x000dffff]
[    0.353526] PCI: CLS 0 bytes, default 64
[    0.353580] Trying to unpack rootfs image as initramfs...
[    0.527908] Freeing initrd memory: 47868K
[    0.527908] clocksource: tsc: mask: 0xffffffffffffffff max_cycles: 0x1e4530a99b6, max_idle_ns: 440795257976 ns
[    0.527908] clocksource: Switched to clocksource tsc
[    0.527908] platform rtc_cmos: registered platform RTC device (no PNP device found)
[    0.527908] check: Scanning for low memory corruption every 60 seconds
[    0.527908] Initialise system trusted keyrings
[    0.527908] Key type blacklist registered
[    0.527908] workingset: timestamp_bits=36 max_order=19 bucket_order=0
[    0.527908] zbud: loaded
[    0.527908] squashfs: version 4.0 (2009/01/31) Phillip Lougher
[    0.527908] fuse: init (API version 7.31)
[    0.527908] *** VALIDATE fuse ***
[    0.527908] *** VALIDATE fuse ***
[    0.527908] Platform Keyring initialized
[    0.527908] Key type asymmetric registered
[    0.527908] Asymmetric key parser 'x509' registered
[    0.527908] Block layer SCSI generic (bsg) driver version 0.4 loaded (major 244)
[    0.527908] io scheduler mq-deadline registered
[    0.527908] shpchp: Standard Hot Plug PCI Controller Driver version: 0.4
[    0.542198] ACPI: AC Adapter [AC] (on-line)
[    0.542244] input: Power Button as /devices/LNXSYSTM:00/LNXPWRBN:00/input/input0
[    0.542270] ACPI: Power Button [PWRF]
[    0.542356] input: Sleep Button as /devices/LNXSYSTM:00/LNXSLPBN:00/input/input1
[    0.542370] ACPI: Sleep Button [SLPF]
[    0.542603] Serial: 8250/16550 driver, 32 ports, IRQ sharing enabled
[    0.543746] Linux agpgart interface v0.103
[    0.639151] loop: module loaded
[    0.639303] ata_piix 0000:00:01.1: version 2.13
[    0.639710] scsi host0: ata_piix
[    0.639803] scsi host1: ata_piix
[    0.639830] ata1: PATA max UDMA/33 cmd 0x1f0 ctl 0x3f6 bmdma 0xd000 irq 14
[    0.639831] ata2: PATA max UDMA/33 cmd 0x170 ctl 0x376 bmdma 0xd008 irq 15
[    0.639913] tun: Universal TUN/TAP device driver, 1.6
[    0.640239] PPP generic driver version 2.4.2
[    0.640284] VFIO - User Level meta-driver version: 0.3
[    0.640534] ehci_hcd: USB 2.0 'Enhanced' Host Controller (EHCI) Driver
[    0.640539] ehci-pci: EHCI PCI platform driver
[    0.640556] ehci-platform: EHCI generic platform driver
[    0.640562] ohci_hcd: USB 1.1 'Open' Host Controller (OHCI) Driver
[    0.640563] ohci-pci: OHCI PCI platform driver
[    0.640570] ohci-platform: OHCI generic platform driver
[    0.640575] uhci_hcd: USB Universal Host Controller Interface driver
[    0.640641] i8042: PNP: PS/2 Controller [PNP0303:PS2K,PNP0f03:PS2M] at 0x60,0x64 irq 1,12
[    0.641081] serio: i8042 KBD port at 0x60,0x64 irq 1
[    0.641085] serio: i8042 AUX port at 0x60,0x64 irq 12
[    0.641173] mousedev: PS/2 mouse device common for all mice
[    0.641430] input: AT Translated Set 2 keyboard as /devices/platform/i8042/serio0/input/input2
[    0.641829] rtc_cmos rtc_cmos: registered as rtc0
[    0.641842] rtc_cmos rtc_cmos: alarms up to one day, 114 bytes nvram
[    0.641847] i2c /dev entries driver
[    0.641890] device-mapper: uevent: version 1.0.3
[    0.641933] device-mapper: ioctl: 4.41.0-ioctl (2019-09-16) initialised: dm-devel@redhat.com
[    0.641950] platform eisa.0: Probing EISA bus 0
[    0.641951] platform eisa.0: EISA: Cannot allocate resource for mainboard
[    0.641952] platform eisa.0: Cannot allocate resource for EISA slot 1
[    0.641953] platform eisa.0: Cannot allocate resource for EISA slot 2
[    0.641954] platform eisa.0: Cannot allocate resource for EISA slot 3
[    0.641955] platform eisa.0: Cannot allocate resource for EISA slot 4
[    0.641956] platform eisa.0: Cannot allocate resource for EISA slot 5
[    0.641957] platform eisa.0: Cannot allocate resource for EISA slot 6
[    0.641958] platform eisa.0: Cannot allocate resource for EISA slot 7
[    0.641959] platform eisa.0: Cannot allocate resource for EISA slot 8
[    0.641960] platform eisa.0: EISA: Detected 0 cards
[    0.641963] intel_pstate: CPU model not supported
[    0.641972] ledtrig-cpu: registered to indicate activity on CPUs
[    0.642026] drop_monitor: Initializing network drop monitor service
[    0.642186] NET: Registered protocol family 10
[    0.647141] Segment Routing with IPv6
[    0.647141] fullmesh registered
[    0.647141] ndiffports registered
[    0.647141] binder registered
[    0.647141] roundrobin registered
[    0.647141] redundant registered
[    0.647141] blest registered
[    0.647141] ecf registered
[    0.647141] NET: Registered protocol family 17
[    0.647141] Key type dns_resolver registered
[    0.647141] RAS: Correctable Errors collector initialized.
[    0.647141] IPI shorthand broadcast: enabled
[    0.647141] sched_clock: Marking stable (632034962, 11106217)->(643926540, -785361)
[    0.647551] registered taskstats version 1
[    0.647560] Loading compiled-in X.509 certificates
[    0.648147] Loaded X.509 cert 'Build time autogenerated kernel key: 6909f3744cebb3d0de528d5887b96a727de79b1e'
[    0.648165] zswap: loaded using pool lzo/zbud
[    0.648219] Key type ._fscrypt registered
[    0.648220] Key type .fscrypt registered
[    0.652698] Key type big_key registered
[    0.654887] Key type encrypted registered
[    0.654890] AppArmor: AppArmor sha1 policy hashing enabled
[    0.654898] ima: No TPM chip found, activating TPM-bypass!
[    0.654903] ima: Allocated hash algorithm: sha1
[    0.654908] ima: No architecture policies found
[    0.654918] evm: Initialising EVM extended attributes:
[    0.654919] evm: security.selinux
[    0.654919] evm: security.SMACK64
[    0.654920] evm: security.SMACK64EXEC
[    0.654920] evm: security.SMACK64TRANSMUTE
[    0.654921] evm: security.SMACK64MMAP
[    0.654921] evm: security.apparmor
[    0.654921] evm: security.ima
[    0.654922] evm: security.capability
[    0.654923] evm: HMAC attrs: 0x1
[    0.655221] PM:   Magic number: 10:209:536
[    0.655234] tty ttyS16: hash matches
[    0.655360] rtc_cmos rtc_cmos: setting system clock to 2026-01-17T14:31:01 UTC (1768660261)
[    0.812173] ata1.00: ATA-6: VBOX HARDDISK, 1.0, max UDMA/133
[    0.812176] ata1.00: 209715200 sectors, multi 128: LBA 
[    0.812863] scsi 0:0:0:0: Direct-Access     ATA      VBOX HARDDISK    1.0  PQ: 0 ANSI: 5
[    0.813156] sd 0:0:0:0: [sda] 209715200 512-byte logical blocks: (107 GB/100 GiB)
[    0.813168] sd 0:0:0:0: [sda] Write Protect is off
[    0.813171] sd 0:0:0:0: [sda] Mode Sense: 00 3a 00 00
[    0.813191] sd 0:0:0:0: [sda] Write cache: enabled, read cache: enabled, doesn't support DPO or FUA
[    0.813513] sd 0:0:0:0: Attached scsi generic sg0 type 0
[    0.814849]  sda: sda1 sda2
[    0.823374] sd 0:0:0:0: [sda] Attached SCSI disk
[    0.828169] Freeing unused decrypted memory: 2040K
[    0.829320] Freeing unused kernel image memory: 2728K
[    0.829324] Write protecting the kernel read-only data: 22528k
[    0.830564] Freeing unused kernel image memory: 2036K
[    0.831234] Freeing unused kernel image memory: 1432K
[    0.864913] x86/mm: Checked W+X mappings: passed, no W+X pages found.
[    0.864918] Run /init as init process
[    0.969204] ACPI: Video Device [GFX0] (multi-head: yes  rom: no  post: no)
[    0.969277] input: Video Bus as /devices/LNXSYSTM:00/LNXSYBUS:00/PNP0A03:00/LNXVIDEO:00/input/input4
[    0.980387] pcnet32: pcnet32.c:v1.35 21.Apr.2008 tsbogend@alpha.franken.de
[    0.983951] piix4_smbus 0000:00:07.0: SMBus Host Controller at 0x4100, revision 0
[    0.986442] e1000: Intel(R) PRO/1000 Network Driver - version 7.3.21-k8-NAPI
[    0.986442] e1000: Copyright (c) 1999-2006 Intel Corporation.
[    0.988163] pcnet32: PCnet/FAST III 79C973 at 0xd020, 08:00:27:06:05:72 assigned IRQ 19
[    0.988208] pcnet32: Found PHY 0022:561b at address 0
[    0.988503] pcnet32: eth0: registered as PCnet/FAST III 79C973
[    0.998794] pcnet32: 1 cards_found
[    1.058287] pcnet32 0000:00:03.0 enp0s3: renamed from eth0
[    1.200725] input: ImExPS/2 Generic Explorer Mouse as /devices/platform/i8042/serio1/input/input5
[    1.395457] e1000 0000:00:08.0 eth0: (PCI:33MHz:32-bit) 08:00:27:5f:61:42
[    1.395461] e1000 0000:00:08.0 eth0: Intel(R) PRO/1000 Network Connection
[    1.767495] e1000 0000:00:09.0 eth1: (PCI:33MHz:32-bit) 08:00:27:61:64:6b
[    1.767498] e1000 0000:00:09.0 eth1: Intel(R) PRO/1000 Network Connection
[    1.768630] e1000 0000:00:09.0 enp0s9: renamed from eth1
[    1.770391] e1000 0000:00:08.0 enp0s8: renamed from eth0
[    1.932168] EXT4-fs (sda2): mounted filesystem with ordered data mode. Opts: (null)
[    2.023641] systemd[1]: Inserted module 'autofs4'
[    2.035469] systemd[1]: systemd 245.4-4ubuntu3 running in system mode. (+PAM +AUDIT +SELINUX +IMA +APPARMOR +SMACK +SYSVINIT +UTMP +LIBCRYPTSETUP +GCRYPT +GNUTLS +ACL +XZ +LZ4 +SECCOMP +BLKID +ELFUTILS +KMOD +IDN2 -IDN +PCRE2 default-hierarchy=hybrid)
[    2.035499] systemd[1]: Detected virtualization oracle.
[    2.035503] systemd[1]: Detected architecture x86-64.
[    2.036860] systemd[1]: Set hostname to <ztg>.
[    2.160881] systemd[1]: /lib/systemd/system/dbus.socket:5: ListenStream= references a path below legacy directory /var/run/, updating /var/run/dbus/system_bus_socket â†’ /run/dbus/system_bus_socket; please update the unit file accordingly.
[    2.213433] systemd[1]: Created slice system-modprobe.slice.
[    2.213616] systemd[1]: Created slice User and Session Slice.
[    2.213657] systemd[1]: Started Forward Password Requests to Wall Directory Watch.
[    2.213818] systemd[1]: Set up automount Arbitrary Executable File Formats File System Automount Point.
[    2.213851] systemd[1]: Reached target User and Group Name Lookups.
[    2.213859] systemd[1]: Reached target Remote File Systems.
[    2.213867] systemd[1]: Reached target Slices.
[    2.214666] systemd[1]: Listening on Syslog Socket.
[    2.214733] systemd[1]: Listening on fsck to fsckd communication Socket.
[    2.214769] systemd[1]: Listening on initctl Compatibility Named Pipe.
[    2.214905] systemd[1]: Listening on Journal Audit Socket.
[    2.214956] systemd[1]: Listening on Journal Socket (/dev/log).
[    2.215020] systemd[1]: Listening on Journal Socket.
[    2.215082] systemd[1]: Listening on udev Control Socket.
[    2.215121] systemd[1]: Listening on udev Kernel Socket.
[    2.215908] systemd[1]: Mounting Huge Pages File System...
[    2.216809] systemd[1]: Mounting POSIX Message Queue File System...
[    2.217675] systemd[1]: Mounting Kernel Debug File System...
[    2.218508] systemd[1]: Mounting Kernel Trace File System...
[    2.220416] systemd[1]: Starting Journal Service...
[    2.241836] systemd[1]: Starting Set the console keyboard layout...
[    2.249640] systemd[1]: Starting Create list of static device nodes for the current kernel...
[    2.251654] systemd[1]: Starting Load Kernel Module drm...
[    2.252771] systemd[1]: Condition check resulted in Set Up Additional Binary Formats being skipped.
[    2.252813] systemd[1]: Condition check resulted in File System Check on Root Device being skipped.
[    2.265868] systemd[1]: Starting Load Kernel Modules...
[    2.274880] systemd[1]: Starting Remount Root and Kernel File Systems...
[    2.282090] systemd[1]: Starting udev Coldplug all Devices...
[    2.291140] systemd[1]: Starting Uncomplicated firewall...
[    2.292443] systemd[1]: Mounted Huge Pages File System.
[    2.292529] systemd[1]: Mounted POSIX Message Queue File System.
[    2.292600] systemd[1]: Mounted Kernel Debug File System.
[    2.292682] systemd[1]: Mounted Kernel Trace File System.
[    2.315164] EXT4-fs (sda2): re-mounted. Opts: errors=remount-ro
[    2.331658] systemd[1]: Finished Create list of static device nodes for the current kernel.
[    2.332750] systemd[1]: modprobe@drm.service: Succeeded.
[    2.333143] systemd[1]: Finished Load Kernel Module drm.
[    2.339492] systemd[1]: Finished Remount Root and Kernel File Systems.
[    2.340377] systemd[1]: Finished Uncomplicated firewall.
[    2.356680] lp: driver loaded but no devices found
[    2.359292] systemd[1]: Condition check resulted in Rebuild Hardware Database being skipped.
[    2.359328] systemd[1]: Condition check resulted in Platform Persistent Storage Archival being skipped.
[    2.359991] systemd[1]: Starting Load/Save Random Seed...
[    2.365398] systemd[1]: Starting Create System Users...
[    2.370901] ppdev: user-space parallel port driver
[    2.380105] systemd[1]: Finished Load/Save Random Seed.
[    2.384707] systemd[1]: Finished Create System Users.
[    2.385426] systemd[1]: Starting Create Static Device Nodes in /dev...
[    2.431367] systemd[1]: Finished udev Coldplug all Devices.
[    2.439012] systemd[1]: Finished Create Static Device Nodes in /dev.
[    2.439820] systemd[1]: Starting udev Kernel Device Manager...
[    2.463118] [drm] DMA map mode: Caching DMA mappings.
[    2.463191] [drm] Capabilities:
[    2.463192] [drm]   Rect copy.
[    2.463192] [drm]   Cursor.
[    2.463192] [drm]   Cursor bypass.
[    2.463193] [drm]   Cursor bypass 2.
[    2.463193] [drm]   Alpha cursor.
[    2.463194] [drm]   Extended Fifo.
[    2.463194] [drm]   Pitchlock.
[    2.463194] [drm]   Irq mask.
[    2.463194] [drm]   GMR.
[    2.463195] [drm]   Traces.
[    2.463195] [drm]   GMR2.
[    2.463195] [drm]   Screen Object 2.
[    2.463196] [drm]   Command Buffers.
[    2.463196] [drm]   Command Buffers 2.
[    2.463197] [drm]   Guest Backed Resources.
[    2.463198] [drm] Max GMR ids is 8192
[    2.463198] [drm] Max number of GMR pages is 1048576
[    2.463199] [drm] Max dedicated hypervisor surface memory is 393216 kiB
[    2.463199] [drm] Maximum display memory size is 131072 kiB
[    2.463200] [drm] VRAM at 0xe0000000 size is 131072 kiB
[    2.463200] [drm] MMIO at 0xf0000000 size is 2048 kiB
[    2.463739] [TTM] Zone  kernel: Available graphics memory: 1011738 KiB
[    2.463739] [TTM] Initializing pool allocator
[    2.463743] [TTM] Initializing DMA pool allocator
[    2.463775] [drm] Supports vblank timestamp caching Rev 2 (21.10.2013).
[    2.463775] [drm] No driver support for vblank timestamp query.
[    2.464025] [drm] Screen Target Display device initialized
[    2.464234] [drm] width 720
[    2.464246] [drm] height 400
[    2.464249] [drm] bpp 32
[    2.464805] [drm] Fifo max 0x00200000 min 0x00001000 cap 0x00000355
[    2.465834] [drm] Using command buffers with DMA pool.
[    2.465838] [drm] DX: no.
[    2.465838] [drm] Atomic: yes.
[    2.465839] [drm] SM4_1: no.
[    2.465859] [drm:vmw_host_log [vmwgfx]] *ERROR* Failed to send host log message.
[    2.466822] [drm:vmw_host_log [vmwgfx]] *ERROR* Failed to send host log message.
[    2.480576] fbcon: svgadrmfb (fb0) is primary device
[    2.488861] Console: switching to colour frame buffer device 100x37
[    2.496613] [drm] Initialized vmwgfx 2.15.0 20180704 for 0000:00:02.0 on minor 0
[    2.497501] systemd[1]: Finished Load Kernel Modules.
[    2.499550] systemd[1]: Mounting FUSE Control File System...
[    2.501550] systemd[1]: Mounting Kernel Configuration File System...
[    2.539907] systemd[1]: Starting Apply Kernel Variables...
[    2.542871] systemd[1]: Finished Set the console keyboard layout.
[    2.543019] systemd[1]: Mounted FUSE Control File System.
[    2.543100] systemd[1]: Mounted Kernel Configuration File System.
[    2.544136] systemd[1]: Reached target Local File Systems (Pre).
[    2.544158] systemd[1]: Condition check resulted in VMware vmblock fuse mount being skipped.
[    2.547684] systemd[1]: Mounting Mount unit for bare, revision 5...
[    2.553391] systemd[1]: Mounting Mount unit for core18, revision 1705...
[    2.560198] systemd[1]: Mounting Mount unit for gnome-3-34-1804, revision 24...
[    2.573418] systemd[1]: Mounting Mount unit for gtk-common-themes, revision 1506...
[    2.577682] systemd[1]: Mounting Mount unit for gtk-common-themes, revision 1535...
[    2.582221] systemd[1]: Mounting Mount unit for snap-store, revision 433...
[    2.593376] systemd[1]: Mounting Mount unit for snapd, revision 7264...
[    2.601058] systemd[1]: Finished Apply Kernel Variables.
[    2.629073] systemd[1]: Mounted Mount unit for bare, revision 5.
[    2.629166] systemd[1]: Mounted Mount unit for gnome-3-34-1804, revision 24.
[    2.638469] systemd[1]: Mounted Mount unit for core18, revision 1705.
[    2.638559] systemd[1]: Mounted Mount unit for gtk-common-themes, revision 1506.
[    2.655244] systemd[1]: Started udev Kernel Device Manager.
[    2.655995] systemd[1]: Starting Show Plymouth Boot Screen...
[    2.661778] systemd[1]: Received SIGRTMIN+20 from PID 277 (plymouthd).
[    2.689840] systemd[1]: Mounted Mount unit for gtk-common-themes, revision 1535.
[    2.690081] systemd[1]: Mounted Mount unit for snap-store, revision 433.
[    2.690257] systemd[1]: Mounted Mount unit for snapd, revision 7264.
[    2.690424] systemd[1]: Started Show Plymouth Boot Screen.
[    2.690600] systemd[1]: Condition check resulted in Dispatch Password Requests to Console Directory Watch being skipped.
[    2.690680] systemd[1]: Started Forward Password Requests to Plymouth Directory Watch.
[    2.690745] systemd[1]: Reached target Local Encrypted Volumes.
[    2.690799] systemd[1]: Reached target Local File Systems.
[    2.692582] systemd[1]: Starting Load AppArmor profiles...
[    2.695030] systemd[1]: Starting Set console font and keymap...
[    2.706479] systemd[1]: Starting Tell Plymouth To Write Out Runtime Data...
[    2.709446] systemd[1]: Condition check resulted in Store a System Token in an EFI Variable being skipped.
[    2.709487] systemd[1]: Condition check resulted in Commit a transient machine-id on disk being skipped.
[    2.711879] systemd[1]: Finished Set console font and keymap.
[    2.720853] systemd[1]: Received SIGRTMIN+20 from PID 277 (plymouthd).
[    2.722049] systemd[1]: plymouth-read-write.service: Succeeded.
[    2.722277] systemd[1]: Finished Tell Plymouth To Write Out Runtime Data.
[    2.751032] audit: type=1400 audit(1768660263.588:2): apparmor="STATUS" operation="profile_load" profile="unconfined" name="nvidia_modprobe" pid=300 comm="apparmor_parser"
[    2.751035] audit: type=1400 audit(1768660263.588:3): apparmor="STATUS" operation="profile_load" profile="unconfined" name="nvidia_modprobe//kmod" pid=300 comm="apparmor_parser"
[    2.758606] audit: type=1400 audit(1768660263.596:4): apparmor="STATUS" operation="profile_load" profile="unconfined" name="/usr/sbin/tcpdump" pid=301 comm="apparmor_parser"
[    2.793177] audit: type=1400 audit(1768660263.624:5): apparmor="STATUS" operation="profile_load" profile="unconfined" name="/usr/bin/evince" pid=303 comm="apparmor_parser"
[    2.793178] audit: type=1400 audit(1768660263.624:6): apparmor="STATUS" operation="profile_load" profile="unconfined" name="/usr/bin/evince//sanitized_helper" pid=303 comm="apparmor_parser"
[    2.793180] audit: type=1400 audit(1768660263.624:7): apparmor="STATUS" operation="profile_load" profile="unconfined" name="/usr/bin/evince-previewer" pid=303 comm="apparmor_parser"
[    2.793182] audit: type=1400 audit(1768660263.624:8): apparmor="STATUS" operation="profile_load" profile="unconfined" name="/usr/bin/evince-previewer//sanitized_helper" pid=303 comm="apparmor_parser"
[    2.793183] audit: type=1400 audit(1768660263.624:9): apparmor="STATUS" operation="profile_load" profile="unconfined" name="/usr/bin/evince-thumbnailer" pid=303 comm="apparmor_parser"
[    2.830702] audit: type=1400 audit(1768660263.672:10): apparmor="STATUS" operation="profile_load" profile="unconfined" name="/usr/lib/cups/backend/cups-pdf" pid=304 comm="apparmor_parser"
[    2.890433] systemd[1]: Finished Load AppArmor profiles.
[    2.891539] systemd[1]: Starting Load AppArmor profiles managed internally by snapd...
[    2.956122] systemd[1]: Finished Load AppArmor profiles managed internally by snapd.
[    3.188053] systemd[1]: Started Journal Service.
[    3.195963] systemd-journald[229]: Received client request to flush runtime journal.
[    3.199959] systemd-journald[229]: File /var/log/journal/c455b248004a419c87ce85eea238d727/system.journal corrupted or uncleanly shut down, renaming and replacing.
[    4.536367] RAPL PMU: API unit is 2^-32 Joules, 0 fixed counters, 10737418240 ms ovfl timer
[    4.611971] cryptd: max_cpu_qlen set to 1000
[    4.650023] AVX2 version of gcm_enc/dec engaged.
[    4.650024] AES CTR mode by8 optimization enabled
[    5.467587] Adding 1998844k swap on /dev/sda1.  Priority:-2 extents:1 across:1998844k FS
[    7.290699] kauditd_printk_skb: 30 callbacks suppressed
[    7.290700] audit: type=1400 audit(1768660268.132:41): apparmor="DENIED" operation="capable" profile="/usr/sbin/cups-browsed" pid=498 comm="cups-browsed" capability=23  capname="sys_nice"
[    7.759098] pcnet32 0000:00:03.0 enp0s3: link up, 100Mbps, full-duplex
[    7.795250] e1000: enp0s8 NIC Link is Up 1000 Mbps Full Duplex, Flow Control: RX
[    7.795568] IPv6: ADDRCONF(NETDEV_CHANGE): enp0s8: link becomes ready
[    7.806576] e1000: enp0s9 NIC Link is Up 1000 Mbps Full Duplex, Flow Control: RX
[    7.806867] IPv6: ADDRCONF(NETDEV_CHANGE): enp0s9: link becomes ready
[    8.334578] device enp0s3 entered promiscuous mode
[    8.363757] audit: type=1400 audit(1768660269.200:42): apparmor="DENIED" operation="open" profile="/usr/sbin/tcpdump" name="/proc/sys/kernel/random/boot_id" pid=715 comm="tcpdump" requested_mask="r" denied_mask="r" fsuid=0 ouid=0
[    8.366686] audit: type=1400 audit(1768660269.208:43): apparmor="DENIED" operation="open" profile="/usr/sbin/tcpdump" name="/proc/sys/kernel/random/boot_id" pid=715 comm="tcpdump" requested_mask="r" denied_mask="r" fsuid=0 ouid=0
[    8.366864] audit: type=1400 audit(1768660269.208:44): apparmor="DENIED" operation="open" profile="/usr/sbin/tcpdump" name="/proc/sys/kernel/random/boot_id" pid=715 comm="tcpdump" requested_mask="r" denied_mask="r" fsuid=0 ouid=0
[    8.367091] audit: type=1400 audit(1768660269.208:45): apparmor="DENIED" operation="open" profile="/usr/sbin/tcpdump" name="/proc/sys/kernel/random/boot_id" pid=715 comm="tcpdump" requested_mask="r" denied_mask="r" fsuid=0 ouid=0
[    8.378510] audit: type=1400 audit(1768660269.216:46): apparmor="DENIED" operation="open" profile="/usr/sbin/tcpdump" name="/proc/sys/kernel/random/boot_id" pid=716 comm="tcpdump" requested_mask="r" denied_mask="r" fsuid=0 ouid=0
[    8.382031] audit: type=1400 audit(1768660269.216:47): apparmor="DENIED" operation="open" profile="/usr/sbin/tcpdump" name="/proc/sys/kernel/random/boot_id" pid=716 comm="tcpdump" requested_mask="r" denied_mask="r" fsuid=0 ouid=0
[    8.383583] audit: type=1400 audit(1768660269.216:48): apparmor="DENIED" operation="open" profile="/usr/sbin/tcpdump" name="/proc/sys/kernel/random/boot_id" pid=716 comm="tcpdump" requested_mask="r" denied_mask="r" fsuid=0 ouid=0
[    8.384255] audit: type=1400 audit(1768660269.216:49): apparmor="DENIED" operation="open" profile="/usr/sbin/tcpdump" name="/proc/sys/kernel/random/boot_id" pid=716 comm="tcpdump" requested_mask="r" denied_mask="r" fsuid=0 ouid=0
[   13.185013] rfkill: input handler disabled
[  122.369979] rfkill: input handler enabled
[  130.989978] rfkill: input handler disabled
[  300.071188] AAAAA-TCP_FORW: name:enp0s3: saddr:16783984: daddr:100932208
[  300.410615] AAAAA-TCP_FORW: name:enp0s3: saddr:16783984: daddr:100932208
[  300.842125] AAAAA-TCP_FORW: name:enp0s3: saddr:33561200: daddr:100932208
[  301.180032] AAAAA-TCP_FORW: name:enp0s3: saddr:16783984: daddr:100932208
[  301.369131] AAAAA-TCP_FORW: name:enp0s3: saddr:16783984: daddr:100932208
[  301.437210] AAAAA-TCP_FORW: name:enp0s3: saddr:16783984: daddr:100932208
[  301.567097] AAAAA-TCP_FORW: name:enp0s3: saddr:16783984: daddr:100932208
[  301.725297] AAAAA-TCP_FORW: name:enp0s3: saddr:33561200: daddr:100932208
[  417.541031] device enp0s3 left promiscuous mode
