[    0.000000] Linux version 5.4.243-mptcp (root@ztg) (gcc version 12.2.0 (Debian 12.2.0-14+deb12u1)) #53 SMP Wed Dec 24 23:28:15 CST 2025
[    0.000000] Command line: BOOT_IMAGE=/boot/vmlinuz-5.4.243-mptcp root=UUID=98415a12-53b7-4144-8265-0f7ece09e445 ro quiet splash
[    0.000000] KERNEL supported cpus:
[    0.000000]   Intel GenuineIntel
[    0.000000]   AMD AuthenticAMD
[    0.000000]   Hygon HygonGenuine
[    0.000000]   Centaur CentaurHauls
[    0.000000]   zhaoxin   Shanghai  
[    0.000000] x86/fpu: Supporting XSAVE feature 0x001: 'x87 floating point registers'
[    0.000000] x86/fpu: Supporting XSAVE feature 0x002: 'SSE registers'
[    0.000000] x86/fpu: Supporting XSAVE feature 0x004: 'AVX registers'
[    0.000000] x86/fpu: xstate_offset[2]:  576, xstate_sizes[2]:  256
[    0.000000] x86/fpu: Enabled xstate features 0x7, context size is 832 bytes, using 'standard' format.
[    0.000000] BIOS-provided physical RAM map:
[    0.000000] BIOS-e820: [mem 0x0000000000000000-0x000000000009fbff] usable
[    0.000000] BIOS-e820: [mem 0x000000000009fc00-0x000000000009ffff] reserved
[    0.000000] BIOS-e820: [mem 0x00000000000f0000-0x00000000000fffff] reserved
[    0.000000] BIOS-e820: [mem 0x0000000000100000-0x000000007ffeffff] usable
[    0.000000] BIOS-e820: [mem 0x000000007fff0000-0x000000007fffffff] ACPI data
[    0.000000] BIOS-e820: [mem 0x00000000fec00000-0x00000000fec00fff] reserved
[    0.000000] BIOS-e820: [mem 0x00000000fee00000-0x00000000fee00fff] reserved
[    0.000000] BIOS-e820: [mem 0x00000000fffc0000-0x00000000ffffffff] reserved
[    0.000000] NX (Execute Disable) protection: active
[    0.000000] SMBIOS 2.5 present.
[    0.000000] DMI: innotek GmbH VirtualBox/VirtualBox, BIOS VirtualBox 12/01/2006
[    0.000000] Hypervisor detected: KVM
[    0.000000] kvm-clock: Using msrs 4b564d01 and 4b564d00
[    0.000000] kvm-clock: cpu 0, msr 1e201001, primary cpu clock
[    0.000000] kvm-clock: using sched offset of 4467376914 cycles
[    0.000003] clocksource: kvm-clock: mask: 0xffffffffffffffff max_cycles: 0x1cd42e4dffb, max_idle_ns: 881590591483 ns
[    0.000005] tsc: Detected 2100.000 MHz processor
[    0.001873] e820: update [mem 0x00000000-0x00000fff] usable ==> reserved
[    0.001875] e820: remove [mem 0x000a0000-0x000fffff] usable
[    0.001879] last_pfn = 0x7fff0 max_arch_pfn = 0x400000000
[    0.001946] MTRR default type: uncachable
[    0.001947] MTRR fixed ranges enabled:
[    0.001948]   00000-9FFFF write-back
[    0.001949]   A0000-BFFFF uncachable
[    0.001950]   C0000-FFFFF write-protect
[    0.001950] MTRR variable ranges enabled:
[    0.001952]   0 base 000000000000 mask 3FFF80000000 write-back
[    0.001952]   1 disabled
[    0.001953]   2 disabled
[    0.001953]   3 disabled
[    0.001954]   4 disabled
[    0.001954]   5 disabled
[    0.001954]   6 disabled
[    0.001955]   7 disabled
[    0.001955]   8 disabled
[    0.001956]   9 disabled
[    0.001956]   10 disabled
[    0.001957]   11 disabled
[    0.001957]   12 disabled
[    0.001958]   13 disabled
[    0.001958]   14 disabled
[    0.001958]   15 disabled
[    0.001975] x86/PAT: Configuration [0-7]: WB  WC  UC- UC  WB  WP  UC- WT  
[    0.002108] found SMP MP-table at [mem 0x0009fff0-0x0009ffff]
[    0.094203] check: Scanning 1 areas for low memory corruption
[    0.094421] RAMDISK: [mem 0x32271000-0x3512ffff]
[    0.094429] ACPI: Early table checksum verification disabled
[    0.094435] ACPI: RSDP 0x00000000000E0000 000024 (v02 VBOX  )
[    0.094439] ACPI: XSDT 0x000000007FFF0030 00003C (v01 VBOX   VBOXXSDT 00000001 ASL  00000061)
[    0.094446] ACPI: FACP 0x000000007FFF00F0 0000F4 (v04 VBOX   VBOXFACP 00000001 ASL  00000061)
[    0.094452] ACPI: DSDT 0x000000007FFF02E0 002353 (v02 VBOX   VBOXBIOS 00000002 VBOX 00029BF3)
[    0.094456] ACPI: FACS 0x000000007FFF0200 000040
[    0.094460] ACPI: FACS 0x000000007FFF0200 000040
[    0.094463] ACPI: APIC 0x000000007FFF0240 000054 (v02 VBOX   VBOXAPIC 00000001 ASL  00000061)
[    0.094467] ACPI: SSDT 0x000000007FFF02A0 000038 (v01 VBOX   VBOXCPUT 00000002 VBOX 00029BF3)
[    0.094470] ACPI: Reserving FACP table memory at [mem 0x7fff00f0-0x7fff01e3]
[    0.094471] ACPI: Reserving DSDT table memory at [mem 0x7fff02e0-0x7fff2632]
[    0.094472] ACPI: Reserving FACS table memory at [mem 0x7fff0200-0x7fff023f]
[    0.094472] ACPI: Reserving FACS table memory at [mem 0x7fff0200-0x7fff023f]
[    0.094473] ACPI: Reserving APIC table memory at [mem 0x7fff0240-0x7fff0293]
[    0.094474] ACPI: Reserving SSDT table memory at [mem 0x7fff02a0-0x7fff02d7]
[    0.094489] ACPI: Local APIC address 0xfee00000
[    0.094675] No NUMA configuration found
[    0.094676] Faking a node at [mem 0x0000000000000000-0x000000007ffeffff]
[    0.094686] NODE_DATA(0) allocated [mem 0x7ffc5000-0x7ffeffff]
[    0.094947] Zone ranges:
[    0.094948]   DMA      [mem 0x0000000000001000-0x0000000000ffffff]
[    0.094949]   DMA32    [mem 0x0000000001000000-0x000000007ffeffff]
[    0.094950]   Normal   empty
[    0.094951]   Device   empty
[    0.094951] Movable zone start for each node
[    0.094953] Early memory node ranges
[    0.094954]   node   0: [mem 0x0000000000001000-0x000000000009efff]
[    0.094955]   node   0: [mem 0x0000000000100000-0x000000007ffeffff]
[    0.094958] Zeroed struct page in unavailable ranges: 114 pages
[    0.094959] Initmem setup node 0 [mem 0x0000000000001000-0x000000007ffeffff]
[    0.094960] On node 0 totalpages: 524174
[    0.094961]   DMA zone: 64 pages used for memmap
[    0.094962]   DMA zone: 21 pages reserved
[    0.094963]   DMA zone: 3998 pages, LIFO batch:0
[    0.095037]   DMA32 zone: 8128 pages used for memmap
[    0.095038]   DMA32 zone: 520176 pages, LIFO batch:63
[    0.104710] ACPI: PM-Timer IO Port: 0x4008
[    0.104714] ACPI: Local APIC address 0xfee00000
[    0.104851] IOAPIC[0]: apic_id 1, version 32, address 0xfec00000, GSI 0-23
[    0.104855] ACPI: INT_SRC_OVR (bus 0 bus_irq 0 global_irq 2 dfl dfl)
[    0.104857] ACPI: INT_SRC_OVR (bus 0 bus_irq 9 global_irq 9 low level)
[    0.104858] ACPI: IRQ0 used by override.
[    0.104860] ACPI: IRQ9 used by override.
[    0.104862] Using ACPI (MADT) for SMP configuration information
[    0.104875] smpboot: Allowing 1 CPUs, 0 hotplug CPUs
[    0.104929] PM: Registered nosave memory: [mem 0x00000000-0x00000fff]
[    0.104931] PM: Registered nosave memory: [mem 0x0009f000-0x0009ffff]
[    0.104931] PM: Registered nosave memory: [mem 0x000a0000-0x000effff]
[    0.104932] PM: Registered nosave memory: [mem 0x000f0000-0x000fffff]
[    0.104934] [mem 0x80000000-0xfebfffff] available for PCI devices
[    0.104935] Booting paravirtualized kernel on KVM
[    0.104938] clocksource: refined-jiffies: mask: 0xffffffff max_cycles: 0xffffffff, max_idle_ns: 7645519600211568 ns
[    0.104943] setup_percpu: NR_CPUS:8192 nr_cpumask_bits:1 nr_cpu_ids:1 nr_node_ids:1
[    0.105847] percpu: Embedded 60 pages/cpu s208896 r8192 d28672 u2097152
[    0.105852] pcpu-alloc: s208896 r8192 d28672 u2097152 alloc=1*2097152
[    0.105853] pcpu-alloc: [0] 0 
[    0.105900] Built 1 zonelists, mobility grouping on.  Total pages: 515961
[    0.105901] Policy zone: DMA32
[    0.105902] Kernel command line: BOOT_IMAGE=/boot/vmlinuz-5.4.243-mptcp root=UUID=98415a12-53b7-4144-8265-0f7ece09e445 ro quiet splash
[    0.106769] Dentry cache hash table entries: 262144 (order: 9, 2097152 bytes, linear)
[    0.106917] Inode-cache hash table entries: 131072 (order: 8, 1048576 bytes, linear)
[    0.106968] mem auto-init: stack:off, heap alloc:on, heap free:off
[    0.106970] Calgary: detecting Calgary via BIOS EBDA area
[    0.106971] Calgary: Unable to locate Rio Grande table in EBDA - bailing!
[    0.111275] Memory: 1967332K/2096696K available (14339K kernel code, 2398K rwdata, 4712K rodata, 2728K init, 17260K bss, 129364K reserved, 0K cma-reserved)
[    0.112207] SLUB: HWalign=64, Order=0-3, MinObjects=0, CPUs=1, Nodes=1
[    0.112223] ftrace: allocating 43186 entries in 169 pages
[    0.130495] rcu: Hierarchical RCU implementation.
[    0.130497] rcu: 	RCU restricting CPUs from NR_CPUS=8192 to nr_cpu_ids=1.
[    0.130498] 	Tasks RCU enabled.
[    0.130499] rcu: RCU calculated value of scheduler-enlistment delay is 25 jiffies.
[    0.130500] rcu: Adjusting geometry for rcu_fanout_leaf=16, nr_cpu_ids=1
[    0.133451] NR_IRQS: 524544, nr_irqs: 256, preallocated irqs: 16
[    0.133662] random: crng init done
[    0.142994] Console: colour VGA+ 80x25
[    0.142999] printk: console [tty0] enabled
[    0.143018] ACPI: Core revision 20190816
[    0.143113] APIC: Switch to symmetric I/O mode setup
[    0.143362] x2apic enabled
[    0.143602] Switched APIC routing to physical x2apic.
[    0.144724] ..TIMER: vector=0x30 apic1=0 pin1=2 apic2=-1 pin2=-1
[    0.144749] clocksource: tsc-early: mask: 0xffffffffffffffff max_cycles: 0x1e4530a99b6, max_idle_ns: 440795257976 ns
[    0.144754] Calibrating delay loop (skipped) preset value.. 4200.00 BogoMIPS (lpj=8400000)
[    0.144756] pid_max: default: 32768 minimum: 301
[    0.144783] LSM: Security Framework initializing
[    0.144793] Yama: becoming mindful.
[    0.144816] AppArmor: AppArmor initialized
[    0.144850] Mount-cache hash table entries: 4096 (order: 3, 32768 bytes, linear)
[    0.144854] Mountpoint-cache hash table entries: 4096 (order: 3, 32768 bytes, linear)
[    0.144864] *** VALIDATE tmpfs ***
[    0.144993] *** VALIDATE proc ***
[    0.145033] *** VALIDATE cgroup1 ***
[    0.145035] *** VALIDATE cgroup2 ***
[    0.145172] process: using mwait in idle threads
[    0.145176] Last level iTLB entries: 4KB 64, 2MB 8, 4MB 8
[    0.145177] Last level dTLB entries: 4KB 64, 2MB 0, 4MB 0, 1GB 4
[    0.145197] Spectre V1 : Mitigation: usercopy/swapgs barriers and __user pointer sanitization
[    0.145202] Spectre V2 : Mitigation: Retpolines
[    0.145203] Spectre V2 : Spectre v2 / SpectreRSB mitigation: Filling RSB on context switch
[    0.145203] Spectre V2 : Spectre v2 / SpectreRSB : Filling RSB on VMEXIT
[    0.145204] RETBleed: WARNING: Spectre v2 mitigation leaves CPU vulnerable to RETBleed attacks, data leaks possible!
[    0.145557] RETBleed: Vulnerable
[    0.145558] Speculative Store Bypass: Vulnerable
[    0.145563] TAA: Mitigation: TSX disabled
[    0.145563] MMIO Stale Data: Mitigation: Clear CPU buffers
[    0.149829] Freeing SMP alternatives memory: 40K
[    0.262303] smpboot: CPU0: Intel(R) Xeon(R) Silver 4216 CPU @ 2.10GHz (family: 0x6, model: 0x55, stepping: 0x7)
[    0.262420] Performance Events: unsupported p6 CPU model 85 no PMU driver, software events only.
[    0.262455] rcu: Hierarchical SRCU implementation.
[    0.262952] NMI watchdog: Perf NMI watchdog permanently disabled
[    0.262989] smp: Bringing up secondary CPUs ...
[    0.262990] smp: Brought up 1 node, 1 CPU
[    0.262990] smpboot: Max logical packages: 1
[    0.262992] smpboot: Total of 1 processors activated (4200.00 BogoMIPS)
[    0.263958] devtmpfs: initialized
[    0.264003] x86/mm: Memory block size: 128MB
[    0.264353] clocksource: jiffies: mask: 0xffffffff max_cycles: 0xffffffff, max_idle_ns: 7645041785100000 ns
[    0.264358] futex hash table entries: 256 (order: 2, 16384 bytes, linear)
[    0.264400] pinctrl core: initialized pinctrl subsystem
[    0.264499] PM: RTC time: 21:53:06, date: 2026-01-17
[    0.264603] NET: Registered protocol family 16
[    0.264675] audit: initializing netlink subsys (disabled)
[    0.264751] EISA bus registered
[    0.264751] cpuidle: using governor ladder
[    0.264751] cpuidle: using governor menu
[    0.264751] ACPI: bus type PCI registered
[    0.264751] acpiphp: ACPI Hot Plug PCI Controller Driver version: 0.5
[    0.264751] PCI: Using configuration type 1 for base access
[    0.265137] audit: type=2000 audit(1768657992.912:1): state=initialized audit_enabled=0 res=1
[    0.265205] HugeTLB registered 2.00 MiB page size, pre-allocated 0 pages
[    0.265955] ACPI: Added _OSI(Module Device)
[    0.265956] ACPI: Added _OSI(Processor Device)
[    0.265957] ACPI: Added _OSI(3.0 _SCP Extensions)
[    0.265957] ACPI: Added _OSI(Processor Aggregator Device)
[    0.265958] ACPI: Added _OSI(Linux-Dell-Video)
[    0.265959] ACPI: Added _OSI(Linux-Lenovo-NV-HDMI-Audio)
[    0.265960] ACPI: Added _OSI(Linux-HPI-Hybrid-Graphics)
[    0.267914] ACPI: 2 ACPI AML tables successfully acquired and loaded
[    0.269423] ACPI: Interpreter enabled
[    0.269433] ACPI: (supports S0 S5)
[    0.269434] ACPI: Using IOAPIC for interrupt routing
[    0.269639] PCI: Using host bridge windows from ACPI; if necessary, use "pci=nocrs" and report a bug
[    0.269745] ACPI: Enabled 2 GPEs in block 00 to 07
[    0.274603] ACPI: PCI Root Bridge [PCI0] (domain 0000 [bus 00-ff])
[    0.274608] acpi PNP0A03:00: _OSC: OS supports [ASPM ClockPM Segments MSI HPX-Type3]
[    0.275050] acpi PNP0A03:00: _OSC: not requesting OS control; OS requires [ExtendedConfig ASPM ClockPM MSI]
[    0.275058] acpi PNP0A03:00: fail to add MMCONFIG information, can't access extended PCI configuration space under this bridge.
[    0.275429] PCI host bridge to bus 0000:00
[    0.275431] pci_bus 0000:00: root bus resource [io  0x0000-0x0cf7 window]
[    0.275432] pci_bus 0000:00: root bus resource [io  0x0d00-0xffff window]
[    0.275433] pci_bus 0000:00: root bus resource [mem 0x000a0000-0x000bffff window]
[    0.275434] pci_bus 0000:00: root bus resource [mem 0x80000000-0xfdffffff window]
[    0.275436] pci_bus 0000:00: root bus resource [bus 00-ff]
[    0.275477] pci 0000:00:00.0: [8086:1237] type 00 class 0x060000
[    0.276417] pci 0000:00:01.0: [8086:7000] type 00 class 0x060100
[    0.277217] pci 0000:00:01.1: [8086:7111] type 00 class 0x01018a
[    0.277592] pci 0000:00:01.1: reg 0x20: [io  0xd000-0xd00f]
[    0.277747] pci 0000:00:01.1: legacy IDE quirk: reg 0x10: [io  0x01f0-0x01f7]
[    0.277748] pci 0000:00:01.1: legacy IDE quirk: reg 0x14: [io  0x03f6]
[    0.277749] pci 0000:00:01.1: legacy IDE quirk: reg 0x18: [io  0x0170-0x0177]
[    0.277750] pci 0000:00:01.1: legacy IDE quirk: reg 0x1c: [io  0x0376]
[    0.278291] pci 0000:00:02.0: [15ad:0405] type 00 class 0x030000
[    0.280828] pci 0000:00:02.0: reg 0x10: [io  0xd010-0xd01f]
[    0.284795] pci 0000:00:02.0: reg 0x14: [mem 0xe0000000-0xe7ffffff pref]
[    0.287402] pci 0000:00:02.0: reg 0x18: [mem 0xf0000000-0xf01fffff]
[    0.297513] pci 0000:00:03.0: [1022:2000] type 00 class 0x020000
[    0.298190] pci 0000:00:03.0: reg 0x10: [io  0xd020-0xd03f]
[    0.298807] pci 0000:00:03.0: reg 0x14: [mem 0xf0200000-0xf0200fff]
[    0.303226] pci 0000:00:04.0: [80ee:cafe] type 00 class 0x088000
[    0.303891] pci 0000:00:04.0: reg 0x10: [io  0xd040-0xd05f]
[    0.304499] pci 0000:00:04.0: reg 0x14: [mem 0xf0400000-0xf07fffff]
[    0.304865] pci 0000:00:04.0: reg 0x18: [mem 0xf0800000-0xf0803fff pref]
[    0.308382] pci 0000:00:07.0: [8086:7113] type 00 class 0x068000
[    0.308863] pci 0000:00:07.0: quirk: [io  0x4000-0x403f] claimed by PIIX4 ACPI
[    0.308874] pci 0000:00:07.0: quirk: [io  0x4100-0x410f] claimed by PIIX4 SMB
[    0.309489] pci 0000:00:08.0: [8086:100e] type 00 class 0x020000
[    0.310180] pci 0000:00:08.0: reg 0x10: [mem 0xf0820000-0xf083ffff]
[    0.311497] pci 0000:00:08.0: reg 0x18: [io  0xd060-0xd067]
[    0.313440] pci 0000:00:09.0: [8086:100e] type 00 class 0x020000
[    0.314139] pci 0000:00:09.0: reg 0x10: [mem 0xf0840000-0xf085ffff]
[    0.317426] pci 0000:00:09.0: reg 0x18: [io  0xd068-0xd06f]
[    0.325887] ACPI: PCI Interrupt Link [LNKA] (IRQs 5 9 10 *11)
[    0.328944] ACPI: PCI Interrupt Link [LNKB] (IRQs 5 9 *10 11)
[    0.329050] ACPI: PCI Interrupt Link [LNKC] (IRQs 5 *9 10 11)
[    0.329150] ACPI: PCI Interrupt Link [LNKD] (IRQs 5 9 10 *11)
[    0.329397] iommu: Default domain type: Translated 
[    0.329456] pci 0000:00:02.0: vgaarb: setting as boot VGA device
[    0.329458] pci 0000:00:02.0: vgaarb: VGA device added: decodes=io+mem,owns=io+mem,locks=none
[    0.329460] pci 0000:00:02.0: vgaarb: bridge control possible
[    0.329461] vgaarb: loaded
[    0.329666] SCSI subsystem initialized
[    0.329696] libata version 3.00 loaded.
[    0.329717] ACPI: bus type USB registered
[    0.329732] usbcore: registered new interface driver usbfs
[    0.329738] usbcore: registered new interface driver hub
[    0.329743] usbcore: registered new device driver usb
[    0.329771] pps_core: LinuxPPS API ver. 1 registered
[    0.329772] pps_core: Software ver. 5.3.6 - Copyright 2005-2007 Rodolfo Giometti <giometti@linux.it>
[    0.329774] PTP clock support registered
[    0.329807] EDAC MC: Ver: 3.0.0
[    0.330096] PCI: Using ACPI for IRQ routing
[    0.330098] PCI: pci_cache_line_size set to 64 bytes
[    0.330268] e820: reserve RAM buffer [mem 0x0009fc00-0x0009ffff]
[    0.330271] e820: reserve RAM buffer [mem 0x7fff0000-0x7fffffff]
[    0.331074] NetLabel: Initializing
[    0.331075] NetLabel:  domain hash size = 128
[    0.331075] NetLabel:  protocols = UNLABELED CIPSOv4 CALIPSO
[    0.331096] NetLabel:  unlabeled traffic allowed by default
[    0.332021] clocksource: Switched to clocksource kvm-clock
[    0.343069] *** VALIDATE bpf ***
[    0.343125] VFS: Disk quotas dquot_6.6.0
[    0.343138] VFS: Dquot-cache hash table entries: 512 (order 0, 4096 bytes)
[    0.343160] *** VALIDATE ramfs ***
[    0.343163] *** VALIDATE hugetlbfs ***
[    0.343242] AppArmor: AppArmor Filesystem Enabled
[    0.343264] pnp: PnP ACPI init
[    0.343325] pnp 00:00: Plug and Play ACPI device, IDs PNP0303 (active)
[    0.343422] pnp 00:01: Plug and Play ACPI device, IDs PNP0f03 (active)
[    0.344176] pnp: PnP ACPI: found 2 devices
[    0.345138] thermal_sys: Registered thermal governor 'fair_share'
[    0.345139] thermal_sys: Registered thermal governor 'bang_bang'
[    0.345139] thermal_sys: Registered thermal governor 'step_wise'
[    0.345140] thermal_sys: Registered thermal governor 'user_space'
[    0.345140] thermal_sys: Registered thermal governor 'power_allocator'
[    0.349652] clocksource: acpi_pm: mask: 0xffffff max_cycles: 0xffffff, max_idle_ns: 2085701024 ns
[    0.349702] pci_bus 0000:00: resource 4 [io  0x0000-0x0cf7 window]
[    0.349703] pci_bus 0000:00: resource 5 [io  0x0d00-0xffff window]
[    0.349704] pci_bus 0000:00: resource 6 [mem 0x000a0000-0x000bffff window]
[    0.349706] pci_bus 0000:00: resource 7 [mem 0x80000000-0xfdffffff window]
[    0.349763] NET: Registered protocol family 2
[    0.349838] IP idents hash table entries: 32768 (order: 6, 262144 bytes, linear)
[    0.350235] MPTCP tokens hash table entries: 8192 (order: 4, 65536 bytes, linear)
[    0.350253] MPTCP request tokens hash table entries: 8192 (order: 4, 65536 bytes, linear)
[    0.350279] default registered
[    0.350279] default registered
[    0.350279] MPTCP: Stable release v0.96
[    0.350284] tcp_listen_portaddr_hash hash table entries: 1024 (order: 2, 16384 bytes, linear)
[    0.350354] TCP established hash table entries: 16384 (order: 5, 131072 bytes, linear)
[    0.350415] TCP bind hash table entries: 16384 (order: 6, 262144 bytes, linear)
[    0.350441] TCP: Hash tables configured (established 16384 bind 16384)
[    0.351142] UDP hash table entries: 1024 (order: 3, 32768 bytes, linear)
[    0.351178] UDP-Lite hash table entries: 1024 (order: 3, 32768 bytes, linear)
[    0.351218] NET: Registered protocol family 1
[    0.351226] NET: Registered protocol family 44
[    0.351245] pci 0000:00:00.0: Limiting direct PCI/PCI transfers
[    0.351257] pci 0000:00:01.0: Activating ISA DMA hang workarounds
[    0.351313] pci 0000:00:02.0: Video device with shadowed ROM at [mem 0x000c0000-0x000dffff]
[    0.351376] PCI: CLS 0 bytes, default 64
[    0.351421] Trying to unpack rootfs image as initramfs...
[    0.524056] Freeing initrd memory: 47868K
[    0.524056] clocksource: tsc: mask: 0xffffffffffffffff max_cycles: 0x1e4530a99b6, max_idle_ns: 440795257976 ns
[    0.524056] clocksource: Switched to clocksource tsc
[    0.524056] platform rtc_cmos: registered platform RTC device (no PNP device found)
[    0.524056] check: Scanning for low memory corruption every 60 seconds
[    0.524056] Initialise system trusted keyrings
[    0.524056] Key type blacklist registered
[    0.524056] workingset: timestamp_bits=36 max_order=19 bucket_order=0
[    0.524056] zbud: loaded
[    0.524056] squashfs: version 4.0 (2009/01/31) Phillip Lougher
[    0.524056] fuse: init (API version 7.31)
[    0.524056] *** VALIDATE fuse ***
[    0.524056] *** VALIDATE fuse ***
[    0.524056] Platform Keyring initialized
[    0.524056] Key type asymmetric registered
[    0.524056] Asymmetric key parser 'x509' registered
[    0.524056] Block layer SCSI generic (bsg) driver version 0.4 loaded (major 244)
[    0.524056] io scheduler mq-deadline registered
[    0.524056] shpchp: Standard Hot Plug PCI Controller Driver version: 0.4
[    0.534922] ACPI: AC Adapter [AC] (on-line)
[    0.534968] input: Power Button as /devices/LNXSYSTM:00/LNXPWRBN:00/input/input0
[    0.534996] ACPI: Power Button [PWRF]
[    0.535085] input: Sleep Button as /devices/LNXSYSTM:00/LNXSLPBN:00/input/input1
[    0.535100] ACPI: Sleep Button [SLPF]
[    0.535363] Serial: 8250/16550 driver, 32 ports, IRQ sharing enabled
[    0.536506] Linux agpgart interface v0.103
[    0.631151] loop: module loaded
[    0.631304] ata_piix 0000:00:01.1: version 2.13
[    0.631791] scsi host0: ata_piix
[    0.631895] scsi host1: ata_piix
[    0.631927] ata1: PATA max UDMA/33 cmd 0x1f0 ctl 0x3f6 bmdma 0xd000 irq 14
[    0.631928] ata2: PATA max UDMA/33 cmd 0x170 ctl 0x376 bmdma 0xd008 irq 15
[    0.632027] tun: Universal TUN/TAP device driver, 1.6
[    0.632378] PPP generic driver version 2.4.2
[    0.632427] VFIO - User Level meta-driver version: 0.3
[    0.632698] ehci_hcd: USB 2.0 'Enhanced' Host Controller (EHCI) Driver
[    0.632704] ehci-pci: EHCI PCI platform driver
[    0.632718] ehci-platform: EHCI generic platform driver
[    0.632725] ohci_hcd: USB 1.1 'Open' Host Controller (OHCI) Driver
[    0.632727] ohci-pci: OHCI PCI platform driver
[    0.632735] ohci-platform: OHCI generic platform driver
[    0.632740] uhci_hcd: USB Universal Host Controller Interface driver
[    0.632813] i8042: PNP: PS/2 Controller [PNP0303:PS2K,PNP0f03:PS2M] at 0x60,0x64 irq 1,12
[    0.633330] serio: i8042 KBD port at 0x60,0x64 irq 1
[    0.633334] serio: i8042 AUX port at 0x60,0x64 irq 12
[    0.633433] mousedev: PS/2 mouse device common for all mice
[    0.633728] input: AT Translated Set 2 keyboard as /devices/platform/i8042/serio0/input/input2
[    0.634185] rtc_cmos rtc_cmos: registered as rtc0
[    0.634201] rtc_cmos rtc_cmos: alarms up to one day, 114 bytes nvram
[    0.634207] i2c /dev entries driver
[    0.634253] device-mapper: uevent: version 1.0.3
[    0.634303] device-mapper: ioctl: 4.41.0-ioctl (2019-09-16) initialised: dm-devel@redhat.com
[    0.634321] platform eisa.0: Probing EISA bus 0
[    0.634323] platform eisa.0: EISA: Cannot allocate resource for mainboard
[    0.634324] platform eisa.0: Cannot allocate resource for EISA slot 1
[    0.634326] platform eisa.0: Cannot allocate resource for EISA slot 2
[    0.634327] platform eisa.0: Cannot allocate resource for EISA slot 3
[    0.634328] platform eisa.0: Cannot allocate resource for EISA slot 4
[    0.634329] platform eisa.0: Cannot allocate resource for EISA slot 5
[    0.634330] platform eisa.0: Cannot allocate resource for EISA slot 6
[    0.634331] platform eisa.0: Cannot allocate resource for EISA slot 7
[    0.634332] platform eisa.0: Cannot allocate resource for EISA slot 8
[    0.634333] platform eisa.0: EISA: Detected 0 cards
[    0.634337] intel_pstate: CPU model not supported
[    0.634345] ledtrig-cpu: registered to indicate activity on CPUs
[    0.634404] drop_monitor: Initializing network drop monitor service
[    0.634589] NET: Registered protocol family 10
[    0.639340] Segment Routing with IPv6
[    0.639340] fullmesh registered
[    0.639340] ndiffports registered
[    0.639340] binder registered
[    0.639340] roundrobin registered
[    0.639340] redundant registered
[    0.639340] blest registered
[    0.639340] ecf registered
[    0.639340] NET: Registered protocol family 17
[    0.639340] Key type dns_resolver registered
[    0.639340] RAS: Correctable Errors collector initialized.
[    0.639340] IPI shorthand broadcast: enabled
[    0.639340] sched_clock: Marking stable (624241588, 11098671)->(637612948, -2272689)
[    0.641035] registered taskstats version 1
[    0.641047] Loading compiled-in X.509 certificates
[    0.641806] Loaded X.509 cert 'Build time autogenerated kernel key: 6909f3744cebb3d0de528d5887b96a727de79b1e'
[    0.641826] zswap: loaded using pool lzo/zbud
[    0.641885] Key type ._fscrypt registered
[    0.641886] Key type .fscrypt registered
[    0.647292] Key type big_key registered
[    0.649987] Key type encrypted registered
[    0.649990] AppArmor: AppArmor sha1 policy hashing enabled
[    0.649999] ima: No TPM chip found, activating TPM-bypass!
[    0.650003] ima: Allocated hash algorithm: sha1
[    0.650009] ima: No architecture policies found
[    0.650019] evm: Initialising EVM extended attributes:
[    0.650020] evm: security.selinux
[    0.650020] evm: security.SMACK64
[    0.650021] evm: security.SMACK64EXEC
[    0.650021] evm: security.SMACK64TRANSMUTE
[    0.650022] evm: security.SMACK64MMAP
[    0.650022] evm: security.apparmor
[    0.650023] evm: security.ima
[    0.650023] evm: security.capability
[    0.650024] evm: HMAC attrs: 0x1
[    0.650346] PM:   Magic number: 10:813:904
[    0.650463] rtc_cmos rtc_cmos: setting system clock to 2026-01-17T21:53:06 UTC (1768686786)
[    0.803000] ata1.00: ATA-6: VBOX HARDDISK, 1.0, max UDMA/133
[    0.803002] ata1.00: 209715200 sectors, multi 128: LBA 
[    0.803472] scsi 0:0:0:0: Direct-Access     ATA      VBOX HARDDISK    1.0  PQ: 0 ANSI: 5
[    0.803642] sd 0:0:0:0: [sda] 209715200 512-byte logical blocks: (107 GB/100 GiB)
[    0.803651] sd 0:0:0:0: [sda] Write Protect is off
[    0.803653] sd 0:0:0:0: [sda] Mode Sense: 00 3a 00 00
[    0.803666] sd 0:0:0:0: [sda] Write cache: enabled, read cache: enabled, doesn't support DPO or FUA
[    0.803797] sd 0:0:0:0: Attached scsi generic sg0 type 0
[    0.804805]  sda: sda1 sda2
[    0.815216] sd 0:0:0:0: [sda] Attached SCSI disk
[    0.817336] Freeing unused decrypted memory: 2040K
[    0.818106] Freeing unused kernel image memory: 2728K
[    0.818108] Write protecting the kernel read-only data: 22528k
[    0.818862] Freeing unused kernel image memory: 2036K
[    0.819304] Freeing unused kernel image memory: 1432K
[    0.834338] x86/mm: Checked W+X mappings: passed, no W+X pages found.
[    0.834341] Run /init as init process
[    0.954742] ACPI: Video Device [GFX0] (multi-head: yes  rom: no  post: no)
[    0.954824] input: Video Bus as /devices/LNXSYSTM:00/LNXSYBUS:00/PNP0A03:00/LNXVIDEO:00/input/input4
[    0.971870] piix4_smbus 0000:00:07.0: SMBus Host Controller at 0x4100, revision 0
[    0.974902] e1000: Intel(R) PRO/1000 Network Driver - version 7.3.21-k8-NAPI
[    0.974903] e1000: Copyright (c) 1999-2006 Intel Corporation.
[    0.980063] pcnet32: pcnet32.c:v1.35 21.Apr.2008 tsbogend@alpha.franken.de
[    0.996083] pcnet32: PCnet/FAST III 79C973 at 0xd020, 08:00:27:2a:2f:aa assigned IRQ 19
[    0.996134] pcnet32: Found PHY 0022:561b at address 0
[    0.996491] pcnet32: eth0: registered as PCnet/FAST III 79C973
[    1.004091] pcnet32: 1 cards_found
[    1.069092] pcnet32 0000:00:03.0 enp0s3: renamed from eth0
[    1.190087] input: ImExPS/2 Generic Explorer Mouse as /devices/platform/i8042/serio1/input/input5
[    1.395414] e1000 0000:00:08.0 eth0: (PCI:33MHz:32-bit) 08:00:27:86:2a:55
[    1.395418] e1000 0000:00:08.0 eth0: Intel(R) PRO/1000 Network Connection
[    1.767442] e1000 0000:00:09.0 eth1: (PCI:33MHz:32-bit) 08:00:27:5b:c2:48
[    1.767445] e1000 0000:00:09.0 eth1: Intel(R) PRO/1000 Network Connection
[    1.768586] e1000 0000:00:09.0 enp0s9: renamed from eth1
[    1.770375] e1000 0000:00:08.0 enp0s8: renamed from eth0
[    1.915531] EXT4-fs (sda2): mounted filesystem with ordered data mode. Opts: (null)
[    2.019042] systemd[1]: Inserted module 'autofs4'
[    2.030089] systemd[1]: systemd 245.4-4ubuntu3 running in system mode. (+PAM +AUDIT +SELINUX +IMA +APPARMOR +SMACK +SYSVINIT +UTMP +LIBCRYPTSETUP +GCRYPT +GNUTLS +ACL +XZ +LZ4 +SECCOMP +BLKID +ELFUTILS +KMOD +IDN2 -IDN +PCRE2 default-hierarchy=hybrid)
[    2.030127] systemd[1]: Detected virtualization oracle.
[    2.030131] systemd[1]: Detected architecture x86-64.
[    2.031800] systemd[1]: Set hostname to <ztg>.
[    2.153791] systemd[1]: /lib/systemd/system/dbus.socket:5: ListenStream= references a path below legacy directory /var/run/, updating /var/run/dbus/system_bus_socket â†’ /run/dbus/system_bus_socket; please update the unit file accordingly.
[    2.206340] systemd[1]: Created slice system-modprobe.slice.
[    2.206520] systemd[1]: Created slice User and Session Slice.
[    2.206561] systemd[1]: Started Forward Password Requests to Wall Directory Watch.
[    2.206738] systemd[1]: Set up automount Arbitrary Executable File Formats File System Automount Point.
[    2.206774] systemd[1]: Reached target User and Group Name Lookups.
[    2.206784] systemd[1]: Reached target Remote File Systems.
[    2.206792] systemd[1]: Reached target Slices.
[    2.207478] systemd[1]: Listening on Syslog Socket.
[    2.207545] systemd[1]: Listening on fsck to fsckd communication Socket.
[    2.207581] systemd[1]: Listening on initctl Compatibility Named Pipe.
[    2.207711] systemd[1]: Listening on Journal Audit Socket.
[    2.207761] systemd[1]: Listening on Journal Socket (/dev/log).
[    2.207830] systemd[1]: Listening on Journal Socket.
[    2.207892] systemd[1]: Listening on udev Control Socket.
[    2.207931] systemd[1]: Listening on udev Kernel Socket.
[    2.208658] systemd[1]: Mounting Huge Pages File System...
[    2.209680] systemd[1]: Mounting POSIX Message Queue File System...
[    2.210799] systemd[1]: Mounting Kernel Debug File System...
[    2.212332] systemd[1]: Mounting Kernel Trace File System...
[    2.218913] systemd[1]: Starting Journal Service...
[    2.237358] systemd[1]: Starting Set the console keyboard layout...
[    2.242602] systemd[1]: Starting Create list of static device nodes for the current kernel...
[    2.247475] systemd[1]: Starting Load Kernel Module drm...
[    2.250495] systemd[1]: Condition check resulted in Set Up Additional Binary Formats being skipped.
[    2.250558] systemd[1]: Condition check resulted in File System Check on Root Device being skipped.
[    2.253695] systemd[1]: Starting Load Kernel Modules...
[    2.254437] systemd[1]: Starting Remount Root and Kernel File Systems...
[    2.255221] systemd[1]: Starting udev Coldplug all Devices...
[    2.255953] systemd[1]: Starting Uncomplicated firewall...
[    2.257350] systemd[1]: Mounted Huge Pages File System.
[    2.257438] systemd[1]: Mounted POSIX Message Queue File System.
[    2.257517] systemd[1]: Mounted Kernel Debug File System.
[    2.257584] systemd[1]: Mounted Kernel Trace File System.
[    2.304493] systemd[1]: Finished Create list of static device nodes for the current kernel.
[    2.323253] systemd[1]: Finished Uncomplicated firewall.
[    2.324621] EXT4-fs (sda2): re-mounted. Opts: errors=remount-ro
[    2.327865] systemd[1]: Finished Remount Root and Kernel File Systems.
[    2.329458] systemd[1]: Condition check resulted in Rebuild Hardware Database being skipped.
[    2.329487] systemd[1]: Condition check resulted in Platform Persistent Storage Archival being skipped.
[    2.330282] systemd[1]: Starting Load/Save Random Seed...
[    2.342771] systemd[1]: Starting Create System Users...
[    2.343093] systemd[1]: modprobe@drm.service: Succeeded.
[    2.350377] systemd[1]: Finished Load Kernel Module drm.
[    2.370755] systemd[1]: Finished Load/Save Random Seed.
[    2.373757] systemd[1]: Finished Create System Users.
[    2.374459] systemd[1]: Starting Create Static Device Nodes in /dev...
[    2.384379] lp: driver loaded but no devices found
[    2.422537] ppdev: user-space parallel port driver
[    2.431403] systemd[1]: Finished udev Coldplug all Devices.
[    2.436473] systemd[1]: Finished Create Static Device Nodes in /dev.
[    2.437238] systemd[1]: Starting udev Kernel Device Manager...
[    2.498516] [drm] DMA map mode: Caching DMA mappings.
[    2.498580] [drm] Capabilities:
[    2.498580] [drm]   Rect copy.
[    2.498581] [drm]   Cursor.
[    2.498581] [drm]   Cursor bypass.
[    2.498581] [drm]   Cursor bypass 2.
[    2.498582] [drm]   Alpha cursor.
[    2.498582] [drm]   Extended Fifo.
[    2.498582] [drm]   Pitchlock.
[    2.498583] [drm]   Irq mask.
[    2.498583] [drm]   GMR.
[    2.498583] [drm]   Traces.
[    2.498584] [drm]   GMR2.
[    2.498584] [drm]   Screen Object 2.
[    2.498584] [drm]   Command Buffers.
[    2.498585] [drm]   Command Buffers 2.
[    2.498585] [drm]   Guest Backed Resources.
[    2.498586] [drm] Max GMR ids is 8192
[    2.498586] [drm] Max number of GMR pages is 1048576
[    2.498587] [drm] Max dedicated hypervisor surface memory is 393216 kiB
[    2.498587] [drm] Maximum display memory size is 131072 kiB
[    2.498588] [drm] VRAM at 0xe0000000 size is 131072 kiB
[    2.498589] [drm] MMIO at 0xf0000000 size is 2048 kiB
[    2.499750] [TTM] Zone  kernel: Available graphics memory: 1011738 KiB
[    2.499751] [TTM] Initializing pool allocator
[    2.499754] [TTM] Initializing DMA pool allocator
[    2.499780] [drm] Supports vblank timestamp caching Rev 2 (21.10.2013).
[    2.499781] [drm] No driver support for vblank timestamp query.
[    2.499997] [drm] Screen Target Display device initialized
[    2.500226] [drm] width 720
[    2.500238] [drm] height 400
[    2.500242] [drm] bpp 32
[    2.500554] [drm] Fifo max 0x00200000 min 0x00001000 cap 0x00000355
[    2.501759] [drm] Using command buffers with DMA pool.
[    2.501762] [drm] DX: no.
[    2.501763] [drm] Atomic: yes.
[    2.501763] [drm] SM4_1: no.
[    2.501783] [drm:vmw_host_log [vmwgfx]] *ERROR* Failed to send host log message.
[    2.502665] [drm:vmw_host_log [vmwgfx]] *ERROR* Failed to send host log message.
[    2.516037] systemd[1]: Finished Set the console keyboard layout.
[    2.516147] systemd[1]: Reached target Local File Systems (Pre).
[    2.516872] fbcon: svgadrmfb (fb0) is primary device
[    2.518755] systemd[1]: Mounting Mount unit for bare, revision 5...
[    2.521012] systemd[1]: Mounting Mount unit for core18, revision 1705...
[    2.525013] Console: switching to colour frame buffer device 100x37
[    2.534253] systemd[1]: Mounting Mount unit for gnome-3-34-1804, revision 24...
[    2.536254] [drm] Initialized vmwgfx 2.15.0 20180704 for 0000:00:02.0 on minor 0
[    2.567633] systemd[1]: Mounting Mount unit for gtk-common-themes, revision 1506...
[    2.571028] systemd[1]: Mounting Mount unit for gtk-common-themes, revision 1535...
[    2.574442] systemd[1]: Mounting Mount unit for snap-store, revision 433...
[    2.584173] systemd[1]: Mounting Mount unit for snapd, revision 7264...
[    2.585536] systemd[1]: Finished Load Kernel Modules.
[    2.592478] systemd[1]: Mounting FUSE Control File System...
[    2.623118] systemd[1]: Mounting Kernel Configuration File System...
[    2.631314] systemd[1]: Starting Apply Kernel Variables...
[    2.638310] systemd[1]: Mounted Mount unit for bare, revision 5.
[    2.638406] systemd[1]: Mounted Mount unit for core18, revision 1705.
[    2.638483] systemd[1]: Mounted Mount unit for gnome-3-34-1804, revision 24.
[    2.638563] systemd[1]: Mounted Mount unit for gtk-common-themes, revision 1506.
[    2.638638] systemd[1]: Mounted FUSE Control File System.
[    2.638690] systemd[1]: Condition check resulted in VMware vmblock fuse mount being skipped.
[    2.645452] systemd[1]: Mounted Kernel Configuration File System.
[    2.653547] systemd[1]: Started udev Kernel Device Manager.
[    2.655310] systemd[1]: Starting Show Plymouth Boot Screen...
[    2.662932] systemd[1]: Mounted Mount unit for gtk-common-themes, revision 1535.
[    2.663379] systemd[1]: Finished Apply Kernel Variables.
[    2.663917] systemd[1]: Received SIGRTMIN+20 from PID 279 (plymouthd).
[    2.683733] systemd[1]: Started Show Plymouth Boot Screen.
[    2.683873] systemd[1]: Condition check resulted in Dispatch Password Requests to Console Directory Watch being skipped.
[    2.683961] systemd[1]: Started Forward Password Requests to Plymouth Directory Watch.
[    2.683996] systemd[1]: Reached target Local Encrypted Volumes.
[    2.687246] systemd[1]: Mounted Mount unit for snap-store, revision 433.
[    2.689034] systemd[1]: Mounted Mount unit for snapd, revision 7264.
[    2.689189] systemd[1]: Reached target Local File Systems.
[    2.689922] systemd[1]: Starting Load AppArmor profiles...
[    2.691082] systemd[1]: Starting Set console font and keymap...
[    2.705653] systemd[1]: Starting Tell Plymouth To Write Out Runtime Data...
[    2.705774] systemd[1]: Condition check resulted in Store a System Token in an EFI Variable being skipped.
[    2.705821] systemd[1]: Condition check resulted in Commit a transient machine-id on disk being skipped.
[    2.709483] systemd[1]: Finished Set console font and keymap.
[    2.731560] systemd[1]: Received SIGRTMIN+20 from PID 279 (plymouthd).
[    2.733098] systemd[1]: plymouth-read-write.service: Succeeded.
[    2.733383] systemd[1]: Finished Tell Plymouth To Write Out Runtime Data.
[    2.767629] audit: type=1400 audit(1768686788.616:2): apparmor="STATUS" operation="profile_load" profile="unconfined" name="nvidia_modprobe" pid=303 comm="apparmor_parser"
[    2.767631] audit: type=1400 audit(1768686788.616:3): apparmor="STATUS" operation="profile_load" profile="unconfined" name="nvidia_modprobe//kmod" pid=303 comm="apparmor_parser"
[    2.795534] audit: type=1400 audit(1768686788.640:4): apparmor="STATUS" operation="profile_load" profile="unconfined" name="/usr/sbin/tcpdump" pid=304 comm="apparmor_parser"
[    2.822298] audit: type=1400 audit(1768686788.660:5): apparmor="STATUS" operation="profile_load" profile="unconfined" name="/usr/bin/evince" pid=306 comm="apparmor_parser"
[    2.822300] audit: type=1400 audit(1768686788.660:6): apparmor="STATUS" operation="profile_load" profile="unconfined" name="/usr/bin/evince//sanitized_helper" pid=306 comm="apparmor_parser"
[    2.822302] audit: type=1400 audit(1768686788.660:7): apparmor="STATUS" operation="profile_load" profile="unconfined" name="/usr/bin/evince-previewer" pid=306 comm="apparmor_parser"
[    2.822304] audit: type=1400 audit(1768686788.660:8): apparmor="STATUS" operation="profile_load" profile="unconfined" name="/usr/bin/evince-previewer//sanitized_helper" pid=306 comm="apparmor_parser"
[    2.822306] audit: type=1400 audit(1768686788.660:9): apparmor="STATUS" operation="profile_load" profile="unconfined" name="/usr/bin/evince-thumbnailer" pid=306 comm="apparmor_parser"
[    2.853588] audit: type=1400 audit(1768686788.700:10): apparmor="STATUS" operation="profile_load" profile="unconfined" name="/usr/lib/cups/backend/cups-pdf" pid=307 comm="apparmor_parser"
[    2.919333] systemd[1]: Finished Load AppArmor profiles.
[    2.920328] systemd[1]: Starting Load AppArmor profiles managed internally by snapd...
[    2.996373] systemd[1]: Finished Load AppArmor profiles managed internally by snapd.
[    3.209334] systemd[1]: Started Journal Service.
[    3.219829] systemd-journald[229]: Received client request to flush runtime journal.
[    3.222899] systemd-journald[229]: File /var/log/journal/c455b248004a419c87ce85eea238d727/system.journal corrupted or uncleanly shut down, renaming and replacing.
[    4.512439] RAPL PMU: API unit is 2^-32 Joules, 0 fixed counters, 10737418240 ms ovfl timer
[    4.594418] cryptd: max_cpu_qlen set to 1000
[    4.645895] AVX2 version of gcm_enc/dec engaged.
[    4.645896] AES CTR mode by8 optimization enabled
[    5.428321] Adding 1998844k swap on /dev/sda1.  Priority:-2 extents:1 across:1998844k FS
[    7.046576] kauditd_printk_skb: 30 callbacks suppressed
[    7.046577] audit: type=1400 audit(1768686792.892:41): apparmor="DENIED" operation="capable" profile="/usr/sbin/cups-browsed" pid=500 comm="cups-browsed" capability=23  capname="sys_nice"
[    7.631104] pcnet32 0000:00:03.0 enp0s3: link up, 100Mbps, full-duplex
[    7.667254] e1000: enp0s8 NIC Link is Up 1000 Mbps Full Duplex, Flow Control: RX
[    7.667527] IPv6: ADDRCONF(NETDEV_CHANGE): enp0s8: link becomes ready
[    7.680055] e1000: enp0s9 NIC Link is Up 1000 Mbps Full Duplex, Flow Control: RX
[    7.680341] IPv6: ADDRCONF(NETDEV_CHANGE): enp0s9: link becomes ready
[    8.261785] device enp0s3 entered promiscuous mode
[    8.287361] audit: type=1400 audit(1768686794.132:42): apparmor="DENIED" operation="open" profile="/usr/sbin/tcpdump" name="/proc/sys/kernel/random/boot_id" pid=713 comm="tcpdump" requested_mask="r" denied_mask="r" fsuid=0 ouid=0
[    8.288067] audit: type=1400 audit(1768686794.136:43): apparmor="DENIED" operation="open" profile="/usr/sbin/tcpdump" name="/proc/sys/kernel/random/boot_id" pid=713 comm="tcpdump" requested_mask="r" denied_mask="r" fsuid=0 ouid=0
[    8.288119] audit: type=1400 audit(1768686794.136:44): apparmor="DENIED" operation="open" profile="/usr/sbin/tcpdump" name="/proc/sys/kernel/random/boot_id" pid=713 comm="tcpdump" requested_mask="r" denied_mask="r" fsuid=0 ouid=0
[    8.288186] audit: type=1400 audit(1768686794.136:45): apparmor="DENIED" operation="open" profile="/usr/sbin/tcpdump" name="/proc/sys/kernel/random/boot_id" pid=713 comm="tcpdump" requested_mask="r" denied_mask="r" fsuid=0 ouid=0
[    8.294217] audit: type=1400 audit(1768686794.140:46): apparmor="DENIED" operation="open" profile="/usr/sbin/tcpdump" name="/proc/sys/kernel/random/boot_id" pid=714 comm="tcpdump" requested_mask="r" denied_mask="r" fsuid=0 ouid=0
[    8.294388] audit: type=1400 audit(1768686794.140:47): apparmor="DENIED" operation="open" profile="/usr/sbin/tcpdump" name="/proc/sys/kernel/random/boot_id" pid=714 comm="tcpdump" requested_mask="r" denied_mask="r" fsuid=0 ouid=0
[    8.294429] audit: type=1400 audit(1768686794.140:48): apparmor="DENIED" operation="open" profile="/usr/sbin/tcpdump" name="/proc/sys/kernel/random/boot_id" pid=714 comm="tcpdump" requested_mask="r" denied_mask="r" fsuid=0 ouid=0
[    8.294512] audit: type=1400 audit(1768686794.140:49): apparmor="DENIED" operation="open" profile="/usr/sbin/tcpdump" name="/proc/sys/kernel/random/boot_id" pid=714 comm="tcpdump" requested_mask="r" denied_mask="r" fsuid=0 ouid=0
[   12.755358] rfkill: input handler disabled
[  150.983251] AAAAA-TCP_FORW: name:enp0s3: saddr:16783984: daddr:100932208
[  151.135254] AAAAA-TCP_FORW: name:enp0s3: saddr:16783984: daddr:100932208
[  151.207703] AAAAA-TCP_FORW: name:enp0s3: saddr:16783984: daddr:100932208
[  151.796268] AAAAA-TCP_FORW: name:enp0s3: saddr:16783984: daddr:100932208
[  152.344580] AAAAA-TCP_FORW: name:enp0s3: saddr:16783984: daddr:100932208
[  152.525653] AAAAA-TCP_FORW: name:enp0s3: saddr:16783984: daddr:100932208
[  153.028423] AAAAA-TCP_FORW: name:enp0s3: saddr:16783984: daddr:100932208
[  154.857598] AAAAA-TCP_FORW: name:enp0s3: saddr:16783984: daddr:100932208
[  159.516740] AAAAA-TCP_FORW: name:enp0s3: saddr:16783984: daddr:100932208
[  160.213588] AAAAA-TCP_FORW: name:enp0s3: saddr:16783984: daddr:100932208
[  161.021304] AAAAA-TCP_FORW: name:enp0s3: saddr:16783984: daddr:100932208
[  439.559981] rfkill: input handler enabled
[  448.421923] rfkill: input handler disabled
[  628.848472] device enp0s3 left promiscuous mode
