[    0.000000] Linux version 5.4.243-mptcp (root@ztg) (gcc version 12.2.0 (Debian 12.2.0-14+deb12u1)) #53 SMP Wed Dec 24 23:28:15 CST 2025
[    0.000000] Command line: BOOT_IMAGE=/boot/vmlinuz-5.4.243-mptcp root=UUID=98415a12-53b7-4144-8265-0f7ece09e445 ro quiet splash
[    0.000000] KERNEL supported cpus:
[    0.000000]   Intel GenuineIntel
[    0.000000]   AMD AuthenticAMD
[    0.000000]   Hygon HygonGenuine
[    0.000000]   Centaur CentaurHauls
[    0.000000]   zhaoxin   Shanghai  
[    0.000000] x86/fpu: Supporting XSAVE feature 0x001: 'x87 floating point registers'
[    0.000000] x86/fpu: Supporting XSAVE feature 0x002: 'SSE registers'
[    0.000000] x86/fpu: Supporting XSAVE feature 0x004: 'AVX registers'
[    0.000000] x86/fpu: xstate_offset[2]:  576, xstate_sizes[2]:  256
[    0.000000] x86/fpu: Enabled xstate features 0x7, context size is 832 bytes, using 'standard' format.
[    0.000000] BIOS-provided physical RAM map:
[    0.000000] BIOS-e820: [mem 0x0000000000000000-0x000000000009fbff] usable
[    0.000000] BIOS-e820: [mem 0x000000000009fc00-0x000000000009ffff] reserved
[    0.000000] BIOS-e820: [mem 0x00000000000f0000-0x00000000000fffff] reserved
[    0.000000] BIOS-e820: [mem 0x0000000000100000-0x000000007ffeffff] usable
[    0.000000] BIOS-e820: [mem 0x000000007fff0000-0x000000007fffffff] ACPI data
[    0.000000] BIOS-e820: [mem 0x00000000fec00000-0x00000000fec00fff] reserved
[    0.000000] BIOS-e820: [mem 0x00000000fee00000-0x00000000fee00fff] reserved
[    0.000000] BIOS-e820: [mem 0x00000000fffc0000-0x00000000ffffffff] reserved
[    0.000000] NX (Execute Disable) protection: active
[    0.000000] SMBIOS 2.5 present.
[    0.000000] DMI: innotek GmbH VirtualBox/VirtualBox, BIOS VirtualBox 12/01/2006
[    0.000000] Hypervisor detected: KVM
[    0.000000] kvm-clock: Using msrs 4b564d01 and 4b564d00
[    0.000000] kvm-clock: cpu 0, msr 27801001, primary cpu clock
[    0.000000] kvm-clock: using sched offset of 4443480425 cycles
[    0.000003] clocksource: kvm-clock: mask: 0xffffffffffffffff max_cycles: 0x1cd42e4dffb, max_idle_ns: 881590591483 ns
[    0.000007] tsc: Detected 2100.000 MHz processor
[    0.001890] e820: update [mem 0x00000000-0x00000fff] usable ==> reserved
[    0.001892] e820: remove [mem 0x000a0000-0x000fffff] usable
[    0.001896] last_pfn = 0x7fff0 max_arch_pfn = 0x400000000
[    0.001966] MTRR default type: uncachable
[    0.001967] MTRR fixed ranges enabled:
[    0.001969]   00000-9FFFF write-back
[    0.001970]   A0000-BFFFF uncachable
[    0.001971]   C0000-FFFFF write-protect
[    0.001971] MTRR variable ranges enabled:
[    0.001973]   0 base 000000000000 mask 3FFF80000000 write-back
[    0.001973]   1 disabled
[    0.001974]   2 disabled
[    0.001974]   3 disabled
[    0.001975]   4 disabled
[    0.001975]   5 disabled
[    0.001975]   6 disabled
[    0.001976]   7 disabled
[    0.001976]   8 disabled
[    0.001977]   9 disabled
[    0.001977]   10 disabled
[    0.001978]   11 disabled
[    0.001978]   12 disabled
[    0.001978]   13 disabled
[    0.001979]   14 disabled
[    0.001979]   15 disabled
[    0.001997] x86/PAT: Configuration [0-7]: WB  WC  UC- UC  WB  WP  UC- WT  
[    0.002131] found SMP MP-table at [mem 0x0009fff0-0x0009ffff]
[    0.092987] check: Scanning 1 areas for low memory corruption
[    0.093205] RAMDISK: [mem 0x32271000-0x3512ffff]
[    0.093213] ACPI: Early table checksum verification disabled
[    0.093219] ACPI: RSDP 0x00000000000E0000 000024 (v02 VBOX  )
[    0.093224] ACPI: XSDT 0x000000007FFF0030 00003C (v01 VBOX   VBOXXSDT 00000001 ASL  00000061)
[    0.093230] ACPI: FACP 0x000000007FFF00F0 0000F4 (v04 VBOX   VBOXFACP 00000001 ASL  00000061)
[    0.093237] ACPI: DSDT 0x000000007FFF02E0 002353 (v02 VBOX   VBOXBIOS 00000002 VBOX 00029BF3)
[    0.093241] ACPI: FACS 0x000000007FFF0200 000040
[    0.093244] ACPI: FACS 0x000000007FFF0200 000040
[    0.093247] ACPI: APIC 0x000000007FFF0240 000054 (v02 VBOX   VBOXAPIC 00000001 ASL  00000061)
[    0.093251] ACPI: SSDT 0x000000007FFF02A0 000038 (v01 VBOX   VBOXCPUT 00000002 VBOX 00029BF3)
[    0.093254] ACPI: Reserving FACP table memory at [mem 0x7fff00f0-0x7fff01e3]
[    0.093255] ACPI: Reserving DSDT table memory at [mem 0x7fff02e0-0x7fff2632]
[    0.093256] ACPI: Reserving FACS table memory at [mem 0x7fff0200-0x7fff023f]
[    0.093257] ACPI: Reserving FACS table memory at [mem 0x7fff0200-0x7fff023f]
[    0.093257] ACPI: Reserving APIC table memory at [mem 0x7fff0240-0x7fff0293]
[    0.093258] ACPI: Reserving SSDT table memory at [mem 0x7fff02a0-0x7fff02d7]
[    0.093272] ACPI: Local APIC address 0xfee00000
[    0.093470] No NUMA configuration found
[    0.093471] Faking a node at [mem 0x0000000000000000-0x000000007ffeffff]
[    0.093481] NODE_DATA(0) allocated [mem 0x7ffc5000-0x7ffeffff]
[    0.093764] Zone ranges:
[    0.093765]   DMA      [mem 0x0000000000001000-0x0000000000ffffff]
[    0.093767]   DMA32    [mem 0x0000000001000000-0x000000007ffeffff]
[    0.093767]   Normal   empty
[    0.093768]   Device   empty
[    0.093769] Movable zone start for each node
[    0.093771] Early memory node ranges
[    0.093772]   node   0: [mem 0x0000000000001000-0x000000000009efff]
[    0.093772]   node   0: [mem 0x0000000000100000-0x000000007ffeffff]
[    0.093775] Zeroed struct page in unavailable ranges: 114 pages
[    0.093777] Initmem setup node 0 [mem 0x0000000000001000-0x000000007ffeffff]
[    0.093778] On node 0 totalpages: 524174
[    0.093779]   DMA zone: 64 pages used for memmap
[    0.093779]   DMA zone: 21 pages reserved
[    0.093780]   DMA zone: 3998 pages, LIFO batch:0
[    0.093852]   DMA32 zone: 8128 pages used for memmap
[    0.093852]   DMA32 zone: 520176 pages, LIFO batch:63
[    0.102886] ACPI: PM-Timer IO Port: 0x4008
[    0.102890] ACPI: Local APIC address 0xfee00000
[    0.102971] IOAPIC[0]: apic_id 1, version 32, address 0xfec00000, GSI 0-23
[    0.102975] ACPI: INT_SRC_OVR (bus 0 bus_irq 0 global_irq 2 dfl dfl)
[    0.102977] ACPI: INT_SRC_OVR (bus 0 bus_irq 9 global_irq 9 low level)
[    0.102979] ACPI: IRQ0 used by override.
[    0.102980] ACPI: IRQ9 used by override.
[    0.102983] Using ACPI (MADT) for SMP configuration information
[    0.102990] smpboot: Allowing 1 CPUs, 0 hotplug CPUs
[    0.103014] PM: Registered nosave memory: [mem 0x00000000-0x00000fff]
[    0.103016] PM: Registered nosave memory: [mem 0x0009f000-0x0009ffff]
[    0.103016] PM: Registered nosave memory: [mem 0x000a0000-0x000effff]
[    0.103017] PM: Registered nosave memory: [mem 0x000f0000-0x000fffff]
[    0.103018] [mem 0x80000000-0xfebfffff] available for PCI devices
[    0.103019] Booting paravirtualized kernel on KVM
[    0.103022] clocksource: refined-jiffies: mask: 0xffffffff max_cycles: 0xffffffff, max_idle_ns: 7645519600211568 ns
[    0.103027] setup_percpu: NR_CPUS:8192 nr_cpumask_bits:1 nr_cpu_ids:1 nr_node_ids:1
[    0.104035] percpu: Embedded 60 pages/cpu s208896 r8192 d28672 u2097152
[    0.104040] pcpu-alloc: s208896 r8192 d28672 u2097152 alloc=1*2097152
[    0.104041] pcpu-alloc: [0] 0 
[    0.104068] Built 1 zonelists, mobility grouping on.  Total pages: 515961
[    0.104069] Policy zone: DMA32
[    0.104070] Kernel command line: BOOT_IMAGE=/boot/vmlinuz-5.4.243-mptcp root=UUID=98415a12-53b7-4144-8265-0f7ece09e445 ro quiet splash
[    0.104915] Dentry cache hash table entries: 262144 (order: 9, 2097152 bytes, linear)
[    0.105180] Inode-cache hash table entries: 131072 (order: 8, 1048576 bytes, linear)
[    0.105231] mem auto-init: stack:off, heap alloc:on, heap free:off
[    0.105233] Calgary: detecting Calgary via BIOS EBDA area
[    0.105235] Calgary: Unable to locate Rio Grande table in EBDA - bailing!
[    0.109352] Memory: 1967332K/2096696K available (14339K kernel code, 2398K rwdata, 4712K rodata, 2728K init, 17260K bss, 129364K reserved, 0K cma-reserved)
[    0.110271] SLUB: HWalign=64, Order=0-3, MinObjects=0, CPUs=1, Nodes=1
[    0.110288] ftrace: allocating 43186 entries in 169 pages
[    0.128424] rcu: Hierarchical RCU implementation.
[    0.128426] rcu: 	RCU restricting CPUs from NR_CPUS=8192 to nr_cpu_ids=1.
[    0.128428] 	Tasks RCU enabled.
[    0.128429] rcu: RCU calculated value of scheduler-enlistment delay is 25 jiffies.
[    0.128429] rcu: Adjusting geometry for rcu_fanout_leaf=16, nr_cpu_ids=1
[    0.131403] NR_IRQS: 524544, nr_irqs: 256, preallocated irqs: 16
[    0.131621] random: crng init done
[    0.141073] Console: colour VGA+ 80x25
[    0.141077] printk: console [tty0] enabled
[    0.141100] ACPI: Core revision 20190816
[    0.141206] APIC: Switch to symmetric I/O mode setup
[    0.141458] x2apic enabled
[    0.141698] Switched APIC routing to physical x2apic.
[    0.142849] ..TIMER: vector=0x30 apic1=0 pin1=2 apic2=-1 pin2=-1
[    0.142875] clocksource: tsc-early: mask: 0xffffffffffffffff max_cycles: 0x1e4530a99b6, max_idle_ns: 440795257976 ns
[    0.142881] Calibrating delay loop (skipped) preset value.. 4200.00 BogoMIPS (lpj=8400000)
[    0.142883] pid_max: default: 32768 minimum: 301
[    0.142912] LSM: Security Framework initializing
[    0.142921] Yama: becoming mindful.
[    0.142957] AppArmor: AppArmor initialized
[    0.142992] Mount-cache hash table entries: 4096 (order: 3, 32768 bytes, linear)
[    0.142996] Mountpoint-cache hash table entries: 4096 (order: 3, 32768 bytes, linear)
[    0.143006] *** VALIDATE tmpfs ***
[    0.143135] *** VALIDATE proc ***
[    0.143174] *** VALIDATE cgroup1 ***
[    0.143175] *** VALIDATE cgroup2 ***
[    0.143317] process: using mwait in idle threads
[    0.143322] Last level iTLB entries: 4KB 64, 2MB 8, 4MB 8
[    0.143323] Last level dTLB entries: 4KB 64, 2MB 0, 4MB 0, 1GB 4
[    0.143344] Spectre V1 : Mitigation: usercopy/swapgs barriers and __user pointer sanitization
[    0.143350] Spectre V2 : Mitigation: Retpolines
[    0.143350] Spectre V2 : Spectre v2 / SpectreRSB mitigation: Filling RSB on context switch
[    0.143351] Spectre V2 : Spectre v2 / SpectreRSB : Filling RSB on VMEXIT
[    0.143352] RETBleed: WARNING: Spectre v2 mitigation leaves CPU vulnerable to RETBleed attacks, data leaks possible!
[    0.143711] RETBleed: Vulnerable
[    0.143712] Speculative Store Bypass: Vulnerable
[    0.143717] TAA: Mitigation: TSX disabled
[    0.143717] MMIO Stale Data: Mitigation: Clear CPU buffers
[    0.147923] Freeing SMP alternatives memory: 40K
[    0.260229] smpboot: CPU0: Intel(R) Xeon(R) Silver 4216 CPU @ 2.10GHz (family: 0x6, model: 0x55, stepping: 0x7)
[    0.260371] Performance Events: unsupported p6 CPU model 85 no PMU driver, software events only.
[    0.260411] rcu: Hierarchical SRCU implementation.
[    0.260914] NMI watchdog: Perf NMI watchdog permanently disabled
[    0.260953] smp: Bringing up secondary CPUs ...
[    0.260954] smp: Brought up 1 node, 1 CPU
[    0.260955] smpboot: Max logical packages: 1
[    0.260956] smpboot: Total of 1 processors activated (4200.00 BogoMIPS)
[    0.261915] devtmpfs: initialized
[    0.261964] x86/mm: Memory block size: 128MB
[    0.262315] clocksource: jiffies: mask: 0xffffffff max_cycles: 0xffffffff, max_idle_ns: 7645041785100000 ns
[    0.262321] futex hash table entries: 256 (order: 2, 16384 bytes, linear)
[    0.262364] pinctrl core: initialized pinctrl subsystem
[    0.262467] PM: RTC time: 19:40:03, date: 2026-01-18
[    0.262576] NET: Registered protocol family 16
[    0.262651] audit: initializing netlink subsys (disabled)
[    0.262777] EISA bus registered
[    0.262779] cpuidle: using governor ladder
[    0.262780] cpuidle: using governor menu
[    0.262826] ACPI: bus type PCI registered
[    0.262828] acpiphp: ACPI Hot Plug PCI Controller Driver version: 0.5
[    0.262877] PCI: Using configuration type 1 for base access
[    0.263230] audit: type=2000 audit(1768736409.878:1): state=initialized audit_enabled=0 res=1
[    0.263312] HugeTLB registered 2.00 MiB page size, pre-allocated 0 pages
[    0.264142] ACPI: Added _OSI(Module Device)
[    0.264143] ACPI: Added _OSI(Processor Device)
[    0.264143] ACPI: Added _OSI(3.0 _SCP Extensions)
[    0.264144] ACPI: Added _OSI(Processor Aggregator Device)
[    0.264145] ACPI: Added _OSI(Linux-Dell-Video)
[    0.264146] ACPI: Added _OSI(Linux-Lenovo-NV-HDMI-Audio)
[    0.264147] ACPI: Added _OSI(Linux-HPI-Hybrid-Graphics)
[    0.266108] ACPI: 2 ACPI AML tables successfully acquired and loaded
[    0.267656] ACPI: Interpreter enabled
[    0.267666] ACPI: (supports S0 S5)
[    0.267667] ACPI: Using IOAPIC for interrupt routing
[    0.267874] PCI: Using host bridge windows from ACPI; if necessary, use "pci=nocrs" and report a bug
[    0.267981] ACPI: Enabled 2 GPEs in block 00 to 07
[    0.272833] ACPI: PCI Root Bridge [PCI0] (domain 0000 [bus 00-ff])
[    0.272838] acpi PNP0A03:00: _OSC: OS supports [ASPM ClockPM Segments MSI HPX-Type3]
[    0.273286] acpi PNP0A03:00: _OSC: not requesting OS control; OS requires [ExtendedConfig ASPM ClockPM MSI]
[    0.273294] acpi PNP0A03:00: fail to add MMCONFIG information, can't access extended PCI configuration space under this bridge.
[    0.273679] PCI host bridge to bus 0000:00
[    0.273682] pci_bus 0000:00: root bus resource [io  0x0000-0x0cf7 window]
[    0.273683] pci_bus 0000:00: root bus resource [io  0x0d00-0xffff window]
[    0.273684] pci_bus 0000:00: root bus resource [mem 0x000a0000-0x000bffff window]
[    0.273685] pci_bus 0000:00: root bus resource [mem 0x80000000-0xfdffffff window]
[    0.273686] pci_bus 0000:00: root bus resource [bus 00-ff]
[    0.273731] pci 0000:00:00.0: [8086:1237] type 00 class 0x060000
[    0.274709] pci 0000:00:01.0: [8086:7000] type 00 class 0x060100
[    0.275731] pci 0000:00:01.1: [8086:7111] type 00 class 0x01018a
[    0.276118] pci 0000:00:01.1: reg 0x20: [io  0xd000-0xd00f]
[    0.276277] pci 0000:00:01.1: legacy IDE quirk: reg 0x10: [io  0x01f0-0x01f7]
[    0.276278] pci 0000:00:01.1: legacy IDE quirk: reg 0x14: [io  0x03f6]
[    0.276279] pci 0000:00:01.1: legacy IDE quirk: reg 0x18: [io  0x0170-0x0177]
[    0.276280] pci 0000:00:01.1: legacy IDE quirk: reg 0x1c: [io  0x0376]
[    0.276834] pci 0000:00:02.0: [15ad:0405] type 00 class 0x030000
[    0.278960] pci 0000:00:02.0: reg 0x10: [io  0xd010-0xd01f]
[    0.282926] pci 0000:00:02.0: reg 0x14: [mem 0xe0000000-0xe7ffffff pref]
[    0.285987] pci 0000:00:02.0: reg 0x18: [mem 0xf0000000-0xf01fffff]
[    0.299165] pci 0000:00:03.0: [1022:2000] type 00 class 0x020000
[    0.300080] pci 0000:00:03.0: reg 0x10: [io  0xd020-0xd03f]
[    0.300933] pci 0000:00:03.0: reg 0x14: [mem 0xf0200000-0xf0200fff]
[    0.304918] pci 0000:00:04.0: [80ee:cafe] type 00 class 0x088000
[    0.305665] pci 0000:00:04.0: reg 0x10: [io  0xd040-0xd05f]
[    0.306333] pci 0000:00:04.0: reg 0x14: [mem 0xf0400000-0xf07fffff]
[    0.306995] pci 0000:00:04.0: reg 0x18: [mem 0xf0800000-0xf0803fff pref]
[    0.310596] pci 0000:00:07.0: [8086:7113] type 00 class 0x068000
[    0.311221] pci 0000:00:07.0: quirk: [io  0x4000-0x403f] claimed by PIIX4 ACPI
[    0.311231] pci 0000:00:07.0: quirk: [io  0x4100-0x410f] claimed by PIIX4 SMB
[    0.311848] pci 0000:00:08.0: [8086:100e] type 00 class 0x020000
[    0.312628] pci 0000:00:08.0: reg 0x10: [mem 0xf0820000-0xf083ffff]
[    0.313847] pci 0000:00:08.0: reg 0x18: [io  0xd060-0xd067]
[    0.317093] pci 0000:00:09.0: [8086:100e] type 00 class 0x020000
[    0.317838] pci 0000:00:09.0: reg 0x10: [mem 0xf0840000-0xf085ffff]
[    0.319001] pci 0000:00:09.0: reg 0x18: [io  0xd068-0xd06f]
[    0.331372] ACPI: PCI Interrupt Link [LNKA] (IRQs 5 9 10 *11)
[    0.331670] ACPI: PCI Interrupt Link [LNKB] (IRQs 5 9 *10 11)
[    0.331773] ACPI: PCI Interrupt Link [LNKC] (IRQs 5 *9 10 11)
[    0.331879] ACPI: PCI Interrupt Link [LNKD] (IRQs 5 9 10 *11)
[    0.332151] iommu: Default domain type: Translated 
[    0.332215] pci 0000:00:02.0: vgaarb: setting as boot VGA device
[    0.332217] pci 0000:00:02.0: vgaarb: VGA device added: decodes=io+mem,owns=io+mem,locks=none
[    0.332219] pci 0000:00:02.0: vgaarb: bridge control possible
[    0.332219] vgaarb: loaded
[    0.332427] SCSI subsystem initialized
[    0.332462] libata version 3.00 loaded.
[    0.332482] ACPI: bus type USB registered
[    0.332498] usbcore: registered new interface driver usbfs
[    0.332504] usbcore: registered new interface driver hub
[    0.332509] usbcore: registered new device driver usb
[    0.332535] pps_core: LinuxPPS API ver. 1 registered
[    0.332536] pps_core: Software ver. 5.3.6 - Copyright 2005-2007 Rodolfo Giometti <giometti@linux.it>
[    0.332538] PTP clock support registered
[    0.332572] EDAC MC: Ver: 3.0.0
[    0.332867] PCI: Using ACPI for IRQ routing
[    0.332869] PCI: pci_cache_line_size set to 64 bytes
[    0.333040] e820: reserve RAM buffer [mem 0x0009fc00-0x0009ffff]
[    0.333044] e820: reserve RAM buffer [mem 0x7fff0000-0x7fffffff]
[    0.333844] NetLabel: Initializing
[    0.333845] NetLabel:  domain hash size = 128
[    0.333845] NetLabel:  protocols = UNLABELED CIPSOv4 CALIPSO
[    0.333866] NetLabel:  unlabeled traffic allowed by default
[    0.334769] clocksource: Switched to clocksource kvm-clock
[    0.343332] *** VALIDATE bpf ***
[    0.343332] VFS: Disk quotas dquot_6.6.0
[    0.343332] VFS: Dquot-cache hash table entries: 512 (order 0, 4096 bytes)
[    0.343332] *** VALIDATE ramfs ***
[    0.343332] *** VALIDATE hugetlbfs ***
[    0.343332] AppArmor: AppArmor Filesystem Enabled
[    0.343332] pnp: PnP ACPI init
[    0.343332] pnp 00:00: Plug and Play ACPI device, IDs PNP0303 (active)
[    0.345804] pnp 00:01: Plug and Play ACPI device, IDs PNP0f03 (active)
[    0.346566] pnp: PnP ACPI: found 2 devices
[    0.347559] thermal_sys: Registered thermal governor 'fair_share'
[    0.347560] thermal_sys: Registered thermal governor 'bang_bang'
[    0.347561] thermal_sys: Registered thermal governor 'step_wise'
[    0.347561] thermal_sys: Registered thermal governor 'user_space'
[    0.347562] thermal_sys: Registered thermal governor 'power_allocator'
[    0.352141] clocksource: acpi_pm: mask: 0xffffff max_cycles: 0xffffff, max_idle_ns: 2085701024 ns
[    0.352184] pci_bus 0000:00: resource 4 [io  0x0000-0x0cf7 window]
[    0.352185] pci_bus 0000:00: resource 5 [io  0x0d00-0xffff window]
[    0.352186] pci_bus 0000:00: resource 6 [mem 0x000a0000-0x000bffff window]
[    0.352187] pci_bus 0000:00: resource 7 [mem 0x80000000-0xfdffffff window]
[    0.352248] NET: Registered protocol family 2
[    0.352323] IP idents hash table entries: 32768 (order: 6, 262144 bytes, linear)
[    0.352733] MPTCP tokens hash table entries: 8192 (order: 4, 65536 bytes, linear)
[    0.352753] MPTCP request tokens hash table entries: 8192 (order: 4, 65536 bytes, linear)
[    0.352777] default registered
[    0.352778] default registered
[    0.352778] MPTCP: Stable release v0.96
[    0.352783] tcp_listen_portaddr_hash hash table entries: 1024 (order: 2, 16384 bytes, linear)
[    0.352864] TCP established hash table entries: 16384 (order: 5, 131072 bytes, linear)
[    0.352930] TCP bind hash table entries: 16384 (order: 6, 262144 bytes, linear)
[    0.352955] TCP: Hash tables configured (established 16384 bind 16384)
[    0.353661] UDP hash table entries: 1024 (order: 3, 32768 bytes, linear)
[    0.353672] UDP-Lite hash table entries: 1024 (order: 3, 32768 bytes, linear)
[    0.353708] NET: Registered protocol family 1
[    0.353716] NET: Registered protocol family 44
[    0.353738] pci 0000:00:00.0: Limiting direct PCI/PCI transfers
[    0.353750] pci 0000:00:01.0: Activating ISA DMA hang workarounds
[    0.353809] pci 0000:00:02.0: Video device with shadowed ROM at [mem 0x000c0000-0x000dffff]
[    0.353875] PCI: CLS 0 bytes, default 64
[    0.353924] Trying to unpack rootfs image as initramfs...
[    0.524331] Freeing initrd memory: 47868K
[    0.524331] clocksource: tsc: mask: 0xffffffffffffffff max_cycles: 0x1e4530a99b6, max_idle_ns: 440795257976 ns
[    0.524331] clocksource: Switched to clocksource tsc
[    0.524331] platform rtc_cmos: registered platform RTC device (no PNP device found)
[    0.524331] check: Scanning for low memory corruption every 60 seconds
[    0.524331] Initialise system trusted keyrings
[    0.524331] Key type blacklist registered
[    0.524331] workingset: timestamp_bits=36 max_order=19 bucket_order=0
[    0.524331] zbud: loaded
[    0.524331] squashfs: version 4.0 (2009/01/31) Phillip Lougher
[    0.524331] fuse: init (API version 7.31)
[    0.524331] *** VALIDATE fuse ***
[    0.524331] *** VALIDATE fuse ***
[    0.524331] Platform Keyring initialized
[    0.539132] Key type asymmetric registered
[    0.539133] Asymmetric key parser 'x509' registered
[    0.539142] Block layer SCSI generic (bsg) driver version 0.4 loaded (major 244)
[    0.539179] io scheduler mq-deadline registered
[    0.539297] shpchp: Standard Hot Plug PCI Controller Driver version: 0.4
[    0.539527] ACPI: AC Adapter [AC] (on-line)
[    0.539572] input: Power Button as /devices/LNXSYSTM:00/LNXPWRBN:00/input/input0
[    0.539602] ACPI: Power Button [PWRF]
[    0.539686] input: Sleep Button as /devices/LNXSYSTM:00/LNXSLPBN:00/input/input1
[    0.539701] ACPI: Sleep Button [SLPF]
[    0.539935] Serial: 8250/16550 driver, 32 ports, IRQ sharing enabled
[    0.541083] Linux agpgart interface v0.103
[    0.631301] loop: module loaded
[    0.631447] ata_piix 0000:00:01.1: version 2.13
[    0.631865] scsi host0: ata_piix
[    0.631955] scsi host1: ata_piix
[    0.631981] ata1: PATA max UDMA/33 cmd 0x1f0 ctl 0x3f6 bmdma 0xd000 irq 14
[    0.631982] ata2: PATA max UDMA/33 cmd 0x170 ctl 0x376 bmdma 0xd008 irq 15
[    0.632063] tun: Universal TUN/TAP device driver, 1.6
[    0.632376] PPP generic driver version 2.4.2
[    0.632418] VFIO - User Level meta-driver version: 0.3
[    0.632654] ehci_hcd: USB 2.0 'Enhanced' Host Controller (EHCI) Driver
[    0.632659] ehci-pci: EHCI PCI platform driver
[    0.632674] ehci-platform: EHCI generic platform driver
[    0.632679] ohci_hcd: USB 1.1 'Open' Host Controller (OHCI) Driver
[    0.632682] ohci-pci: OHCI PCI platform driver
[    0.632689] ohci-platform: OHCI generic platform driver
[    0.632694] uhci_hcd: USB Universal Host Controller Interface driver
[    0.632759] i8042: PNP: PS/2 Controller [PNP0303:PS2K,PNP0f03:PS2M] at 0x60,0x64 irq 1,12
[    0.633198] serio: i8042 KBD port at 0x60,0x64 irq 1
[    0.633201] serio: i8042 AUX port at 0x60,0x64 irq 12
[    0.633287] mousedev: PS/2 mouse device common for all mice
[    0.633549] input: AT Translated Set 2 keyboard as /devices/platform/i8042/serio0/input/input2
[    0.633949] rtc_cmos rtc_cmos: registered as rtc0
[    0.633961] rtc_cmos rtc_cmos: alarms up to one day, 114 bytes nvram
[    0.633966] i2c /dev entries driver
[    0.634010] device-mapper: uevent: version 1.0.3
[    0.634052] device-mapper: ioctl: 4.41.0-ioctl (2019-09-16) initialised: dm-devel@redhat.com
[    0.634068] platform eisa.0: Probing EISA bus 0
[    0.634070] platform eisa.0: EISA: Cannot allocate resource for mainboard
[    0.634071] platform eisa.0: Cannot allocate resource for EISA slot 1
[    0.634072] platform eisa.0: Cannot allocate resource for EISA slot 2
[    0.634073] platform eisa.0: Cannot allocate resource for EISA slot 3
[    0.634074] platform eisa.0: Cannot allocate resource for EISA slot 4
[    0.634075] platform eisa.0: Cannot allocate resource for EISA slot 5
[    0.634076] platform eisa.0: Cannot allocate resource for EISA slot 6
[    0.634077] platform eisa.0: Cannot allocate resource for EISA slot 7
[    0.634078] platform eisa.0: Cannot allocate resource for EISA slot 8
[    0.634079] platform eisa.0: EISA: Detected 0 cards
[    0.634081] intel_pstate: CPU model not supported
[    0.634090] ledtrig-cpu: registered to indicate activity on CPUs
[    0.634146] drop_monitor: Initializing network drop monitor service
[    0.634307] NET: Registered protocol family 10
[    0.639377] Segment Routing with IPv6
[    0.639407] fullmesh registered
[    0.639408] ndiffports registered
[    0.639410] binder registered
[    0.639411] roundrobin registered
[    0.639411] redundant registered
[    0.639412] blest registered
[    0.639413] ecf registered
[    0.639414] NET: Registered protocol family 17
[    0.639443] Key type dns_resolver registered
[    0.639450] RAS: Correctable Errors collector initialized.
[    0.639450] IPI shorthand broadcast: enabled
[    0.639450] sched_clock: Marking stable (624183946, 11266274)->(638742858, -3292638)
[    0.639622] registered taskstats version 1
[    0.639632] Loading compiled-in X.509 certificates
[    0.640231] Loaded X.509 cert 'Build time autogenerated kernel key: 6909f3744cebb3d0de528d5887b96a727de79b1e'
[    0.640249] zswap: loaded using pool lzo/zbud
[    0.640301] Key type ._fscrypt registered
[    0.640302] Key type .fscrypt registered
[    0.644776] Key type big_key registered
[    0.646967] Key type encrypted registered
[    0.646970] AppArmor: AppArmor sha1 policy hashing enabled
[    0.646977] ima: No TPM chip found, activating TPM-bypass!
[    0.646981] ima: Allocated hash algorithm: sha1
[    0.646986] ima: No architecture policies found
[    0.646995] evm: Initialising EVM extended attributes:
[    0.646996] evm: security.selinux
[    0.646996] evm: security.SMACK64
[    0.646997] evm: security.SMACK64EXEC
[    0.646997] evm: security.SMACK64TRANSMUTE
[    0.646998] evm: security.SMACK64MMAP
[    0.646998] evm: security.apparmor
[    0.646999] evm: security.ima
[    0.646999] evm: security.capability
[    0.647000] evm: HMAC attrs: 0x1
[    0.647293] PM:   Magic number: 10:470:698
[    0.647415] rtc_cmos rtc_cmos: setting system clock to 2026-01-18T19:40:04 UTC (1768765204)
[    0.804223] ata1.00: ATA-6: VBOX HARDDISK, 1.0, max UDMA/133
[    0.804226] ata1.00: 209715200 sectors, multi 128: LBA 
[    0.804859] scsi 0:0:0:0: Direct-Access     ATA      VBOX HARDDISK    1.0  PQ: 0 ANSI: 5
[    0.805131] sd 0:0:0:0: [sda] 209715200 512-byte logical blocks: (107 GB/100 GiB)
[    0.805143] sd 0:0:0:0: [sda] Write Protect is off
[    0.805146] sd 0:0:0:0: [sda] Mode Sense: 00 3a 00 00
[    0.805165] sd 0:0:0:0: [sda] Write cache: enabled, read cache: enabled, doesn't support DPO or FUA
[    0.805464] sd 0:0:0:0: Attached scsi generic sg0 type 0
[    0.806445]  sda: sda1 sda2
[    0.815584] sd 0:0:0:0: [sda] Attached SCSI disk
[    0.820307] Freeing unused decrypted memory: 2040K
[    0.821555] Freeing unused kernel image memory: 2728K
[    0.821559] Write protecting the kernel read-only data: 22528k
[    0.822915] Freeing unused kernel image memory: 2036K
[    0.823643] Freeing unused kernel image memory: 1432K
[    0.857381] x86/mm: Checked W+X mappings: passed, no W+X pages found.
[    0.857385] Run /init as init process
[    0.962689] ACPI: Video Device [GFX0] (multi-head: yes  rom: no  post: no)
[    0.962773] input: Video Bus as /devices/LNXSYSTM:00/LNXSYBUS:00/PNP0A03:00/LNXVIDEO:00/input/input4
[    0.974915] pcnet32: pcnet32.c:v1.35 21.Apr.2008 tsbogend@alpha.franken.de
[    0.976806] piix4_smbus 0000:00:07.0: SMBus Host Controller at 0x4100, revision 0
[    0.979372] e1000: Intel(R) PRO/1000 Network Driver - version 7.3.21-k8-NAPI
[    0.979373] e1000: Copyright (c) 1999-2006 Intel Corporation.
[    0.994406] pcnet32: PCnet/FAST III 79C973 at 0xd020, 08:00:27:09:80:c9 assigned IRQ 19
[    0.994452] pcnet32: Found PHY 0022:561b at address 0
[    0.994777] pcnet32: eth0: registered as PCnet/FAST III 79C973
[    0.996977] pcnet32: 1 cards_found
[    1.051759] pcnet32 0000:00:03.0 enp0s3: renamed from eth0
[    1.192934] input: ImExPS/2 Generic Explorer Mouse as /devices/platform/i8042/serio1/input/input5
[    1.395767] e1000 0000:00:08.0 eth0: (PCI:33MHz:32-bit) 08:00:27:69:03:55
[    1.395771] e1000 0000:00:08.0 eth0: Intel(R) PRO/1000 Network Connection
[    1.771727] e1000 0000:00:09.0 eth1: (PCI:33MHz:32-bit) 08:00:27:70:81:ff
[    1.771730] e1000 0000:00:09.0 eth1: Intel(R) PRO/1000 Network Connection
[    1.773077] e1000 0000:00:09.0 enp0s9: renamed from eth1
[    1.775226] e1000 0000:00:08.0 enp0s8: renamed from eth0
[    1.931786] EXT4-fs (sda2): mounted filesystem with ordered data mode. Opts: (null)
[    2.016634] systemd[1]: Inserted module 'autofs4'
[    2.025958] systemd[1]: systemd 245.4-4ubuntu3 running in system mode. (+PAM +AUDIT +SELINUX +IMA +APPARMOR +SMACK +SYSVINIT +UTMP +LIBCRYPTSETUP +GCRYPT +GNUTLS +ACL +XZ +LZ4 +SECCOMP +BLKID +ELFUTILS +KMOD +IDN2 -IDN +PCRE2 default-hierarchy=hybrid)
[    2.025992] systemd[1]: Detected virtualization oracle.
[    2.025996] systemd[1]: Detected architecture x86-64.
[    2.027388] systemd[1]: Set hostname to <ztg>.
[    2.158558] systemd[1]: /lib/systemd/system/dbus.socket:5: ListenStream= references a path below legacy directory /var/run/, updating /var/run/dbus/system_bus_socket â†’ /run/dbus/system_bus_socket; please update the unit file accordingly.
[    2.211139] systemd[1]: Created slice system-modprobe.slice.
[    2.211395] systemd[1]: Created slice User and Session Slice.
[    2.211447] systemd[1]: Started Forward Password Requests to Wall Directory Watch.
[    2.211629] systemd[1]: Set up automount Arbitrary Executable File Formats File System Automount Point.
[    2.211681] systemd[1]: Reached target User and Group Name Lookups.
[    2.211690] systemd[1]: Reached target Remote File Systems.
[    2.211698] systemd[1]: Reached target Slices.
[    2.212211] systemd[1]: Listening on Syslog Socket.
[    2.212280] systemd[1]: Listening on fsck to fsckd communication Socket.
[    2.212321] systemd[1]: Listening on initctl Compatibility Named Pipe.
[    2.212463] systemd[1]: Listening on Journal Audit Socket.
[    2.212517] systemd[1]: Listening on Journal Socket (/dev/log).
[    2.212587] systemd[1]: Listening on Journal Socket.
[    2.212654] systemd[1]: Listening on udev Control Socket.
[    2.212695] systemd[1]: Listening on udev Kernel Socket.
[    2.213543] systemd[1]: Mounting Huge Pages File System...
[    2.214582] systemd[1]: Mounting POSIX Message Queue File System...
[    2.215574] systemd[1]: Mounting Kernel Debug File System...
[    2.216496] systemd[1]: Mounting Kernel Trace File System...
[    2.219072] systemd[1]: Starting Journal Service...
[    2.244401] systemd[1]: Starting Set the console keyboard layout...
[    2.253158] systemd[1]: Starting Create list of static device nodes for the current kernel...
[    2.254647] systemd[1]: Starting Load Kernel Module drm...
[    2.255694] systemd[1]: Condition check resulted in Set Up Additional Binary Formats being skipped.
[    2.255742] systemd[1]: Condition check resulted in File System Check on Root Device being skipped.
[    2.268609] systemd[1]: Starting Load Kernel Modules...
[    2.275563] systemd[1]: Starting Remount Root and Kernel File Systems...
[    2.281544] systemd[1]: Starting udev Coldplug all Devices...
[    2.296087] systemd[1]: Starting Uncomplicated firewall...
[    2.299338] systemd[1]: Mounted Huge Pages File System.
[    2.299440] systemd[1]: Mounted POSIX Message Queue File System.
[    2.299523] systemd[1]: Mounted Kernel Debug File System.
[    2.299601] systemd[1]: Mounted Kernel Trace File System.
[    2.335089] EXT4-fs (sda2): re-mounted. Opts: errors=remount-ro
[    2.337495] systemd[1]: Finished Create list of static device nodes for the current kernel.
[    2.338793] systemd[1]: modprobe@drm.service: Succeeded.
[    2.340818] systemd[1]: Finished Load Kernel Module drm.
[    2.347635] systemd[1]: Finished Remount Root and Kernel File Systems.
[    2.349345] systemd[1]: Finished Uncomplicated firewall.
[    2.365976] lp: driver loaded but no devices found
[    2.367337] systemd[1]: Condition check resulted in Rebuild Hardware Database being skipped.
[    2.367381] systemd[1]: Condition check resulted in Platform Persistent Storage Archival being skipped.
[    2.368215] systemd[1]: Starting Load/Save Random Seed...
[    2.375717] systemd[1]: Starting Create System Users...
[    2.382393] ppdev: user-space parallel port driver
[    2.388529] systemd[1]: Finished Load/Save Random Seed.
[    2.394473] systemd[1]: Finished Create System Users.
[    2.395521] systemd[1]: Starting Create Static Device Nodes in /dev...
[    2.447002] systemd[1]: Finished udev Coldplug all Devices.
[    2.448600] systemd[1]: Finished Create Static Device Nodes in /dev.
[    2.449545] systemd[1]: Starting udev Kernel Device Manager...
[    2.478713] [drm] DMA map mode: Caching DMA mappings.
[    2.478777] [drm] Capabilities:
[    2.478777] [drm]   Rect copy.
[    2.478777] [drm]   Cursor.
[    2.478778] [drm]   Cursor bypass.
[    2.478778] [drm]   Cursor bypass 2.
[    2.478778] [drm]   Alpha cursor.
[    2.478779] [drm]   Extended Fifo.
[    2.478779] [drm]   Pitchlock.
[    2.478779] [drm]   Irq mask.
[    2.478780] [drm]   GMR.
[    2.478780] [drm]   Traces.
[    2.478780] [drm]   GMR2.
[    2.478781] [drm]   Screen Object 2.
[    2.478781] [drm]   Command Buffers.
[    2.478782] [drm]   Command Buffers 2.
[    2.478782] [drm]   Guest Backed Resources.
[    2.478783] [drm] Max GMR ids is 8192
[    2.478784] [drm] Max number of GMR pages is 1048576
[    2.478784] [drm] Max dedicated hypervisor surface memory is 393216 kiB
[    2.478785] [drm] Maximum display memory size is 131072 kiB
[    2.478786] [drm] VRAM at 0xe0000000 size is 131072 kiB
[    2.478786] [drm] MMIO at 0xf0000000 size is 2048 kiB
[    2.495060] [TTM] Zone  kernel: Available graphics memory: 1011738 KiB
[    2.495061] [TTM] Initializing pool allocator
[    2.495068] [TTM] Initializing DMA pool allocator
[    2.495102] [drm] Supports vblank timestamp caching Rev 2 (21.10.2013).
[    2.495103] [drm] No driver support for vblank timestamp query.
[    2.495374] [drm] Screen Target Display device initialized
[    2.495800] [drm] width 720
[    2.495814] [drm] height 400
[    2.495817] [drm] bpp 32
[    2.496351] [drm] Fifo max 0x00200000 min 0x00001000 cap 0x00000355
[    2.498396] [drm] Using command buffers with DMA pool.
[    2.498400] [drm] DX: no.
[    2.498401] [drm] Atomic: yes.
[    2.498401] [drm] SM4_1: no.
[    2.498425] [drm:vmw_host_log [vmwgfx]] *ERROR* Failed to send host log message.
[    2.499518] [drm:vmw_host_log [vmwgfx]] *ERROR* Failed to send host log message.
[    2.516024] fbcon: svgadrmfb (fb0) is primary device
[    2.521468] Console: switching to colour frame buffer device 100x37
[    2.525913] [drm] Initialized vmwgfx 2.15.0 20180704 for 0000:00:02.0 on minor 0
[    2.528059] systemd[1]: Finished Set the console keyboard layout.
[    2.528192] systemd[1]: Reached target Local File Systems (Pre).
[    2.530934] systemd[1]: Mounting Mount unit for bare, revision 5...
[    2.533178] systemd[1]: Mounting Mount unit for core18, revision 1705...
[    2.544216] systemd[1]: Mounting Mount unit for gnome-3-34-1804, revision 24...
[    2.581170] systemd[1]: Mounting Mount unit for gtk-common-themes, revision 1506...
[    2.583070] systemd[1]: Mounting Mount unit for gtk-common-themes, revision 1535...
[    2.595600] systemd[1]: Mounting Mount unit for snap-store, revision 433...
[    2.600222] systemd[1]: Mounting Mount unit for snapd, revision 25935...
[    2.623292] systemd[1]: Finished Load Kernel Modules.
[    2.624303] systemd[1]: Mounting FUSE Control File System...
[    2.625710] systemd[1]: Mounting Kernel Configuration File System...
[    2.633543] systemd[1]: Starting Apply Kernel Variables...
[    2.633758] systemd[1]: Mounted Mount unit for bare, revision 5.
[    2.658062] systemd[1]: Mounted Mount unit for core18, revision 1705.
[    2.658158] systemd[1]: Mounted Mount unit for gnome-3-34-1804, revision 24.
[    2.658234] systemd[1]: Mounted FUSE Control File System.
[    2.658310] systemd[1]: Mounted Kernel Configuration File System.
[    2.658360] systemd[1]: Condition check resulted in VMware vmblock fuse mount being skipped.
[    2.661884] systemd[1]: Finished Apply Kernel Variables.
[    2.670943] systemd[1]: Mounted Mount unit for gtk-common-themes, revision 1535.
[    2.673682] systemd[1]: Started udev Kernel Device Manager.
[    2.674420] systemd[1]: Starting Show Plymouth Boot Screen...
[    2.679301] systemd[1]: Received SIGRTMIN+20 from PID 275 (plymouthd).
[    2.682434] systemd[1]: Mounted Mount unit for gtk-common-themes, revision 1506.
[    2.699270] systemd[1]: Mounted Mount unit for snap-store, revision 433.
[    2.701134] systemd[1]: Mounted Mount unit for snapd, revision 25935.
[    2.701809] systemd[1]: Reached target Local File Systems.
[    2.705861] systemd[1]: Starting Load AppArmor profiles...
[    2.711056] systemd[1]: Starting Set console font and keymap...
[    2.721547] systemd[1]: Starting Tell Plymouth To Write Out Runtime Data...
[    2.722923] systemd[1]: Condition check resulted in Store a System Token in an EFI Variable being skipped.
[    2.722955] systemd[1]: Condition check resulted in Commit a transient machine-id on disk being skipped.
[    2.723085] systemd[1]: Started Show Plymouth Boot Screen.
[    2.723286] systemd[1]: Condition check resulted in Dispatch Password Requests to Console Directory Watch being skipped.
[    2.723369] systemd[1]: Started Forward Password Requests to Plymouth Directory Watch.
[    2.723597] systemd[1]: Reached target Local Encrypted Volumes.
[    2.725929] systemd[1]: Finished Set console font and keymap.
[    2.729797] systemd[1]: Received SIGRTMIN+20 from PID 275 (plymouthd).
[    2.731365] systemd[1]: plymouth-read-write.service: Succeeded.
[    2.731613] systemd[1]: Finished Tell Plymouth To Write Out Runtime Data.
[    2.769579] audit: type=1400 audit(1768765206.616:2): apparmor="STATUS" operation="profile_load" profile="unconfined" name="nvidia_modprobe" pid=294 comm="apparmor_parser"
[    2.769581] audit: type=1400 audit(1768765206.616:3): apparmor="STATUS" operation="profile_load" profile="unconfined" name="nvidia_modprobe//kmod" pid=294 comm="apparmor_parser"
[    2.776067] audit: type=1400 audit(1768765206.624:4): apparmor="STATUS" operation="profile_load" profile="unconfined" name="/usr/sbin/tcpdump" pid=295 comm="apparmor_parser"
[    2.801454] audit: type=1400 audit(1768765206.644:5): apparmor="STATUS" operation="profile_load" profile="unconfined" name="/usr/bin/evince" pid=297 comm="apparmor_parser"
[    2.801456] audit: type=1400 audit(1768765206.644:6): apparmor="STATUS" operation="profile_load" profile="unconfined" name="/usr/bin/evince//sanitized_helper" pid=297 comm="apparmor_parser"
[    2.801458] audit: type=1400 audit(1768765206.644:7): apparmor="STATUS" operation="profile_load" profile="unconfined" name="/usr/bin/evince-previewer" pid=297 comm="apparmor_parser"
[    2.801459] audit: type=1400 audit(1768765206.644:8): apparmor="STATUS" operation="profile_load" profile="unconfined" name="/usr/bin/evince-previewer//sanitized_helper" pid=297 comm="apparmor_parser"
[    2.801460] audit: type=1400 audit(1768765206.644:9): apparmor="STATUS" operation="profile_load" profile="unconfined" name="/usr/bin/evince-thumbnailer" pid=297 comm="apparmor_parser"
[    2.839577] audit: type=1400 audit(1768765206.688:10): apparmor="STATUS" operation="profile_load" profile="unconfined" name="/usr/lib/cups/backend/cups-pdf" pid=303 comm="apparmor_parser"
[    2.916372] systemd[1]: Finished Load AppArmor profiles.
[    2.917309] systemd[1]: Starting Load AppArmor profiles managed internally by snapd...
[    3.045164] systemd[1]: Finished Load AppArmor profiles managed internally by snapd.
[    3.244601] systemd[1]: Started Journal Service.
[    3.252594] systemd-journald[229]: Received client request to flush runtime journal.
[    3.256458] systemd-journald[229]: File /var/log/journal/c455b248004a419c87ce85eea238d727/system.journal corrupted or uncleanly shut down, renaming and replacing.
[    4.589047] RAPL PMU: API unit is 2^-32 Joules, 0 fixed counters, 10737418240 ms ovfl timer
[    4.681295] cryptd: max_cpu_qlen set to 1000
[    4.722431] AVX2 version of gcm_enc/dec engaged.
[    4.722432] AES CTR mode by8 optimization enabled
[    6.533252] Adding 1998844k swap on /dev/sda1.  Priority:-2 extents:1 across:1998844k FS
[    8.419951] kauditd_printk_skb: 30 callbacks suppressed
[    8.419952] audit: type=1400 audit(1768765212.268:41): apparmor="DENIED" operation="capable" profile="/usr/sbin/cups-browsed" pid=507 comm="cups-browsed" capability=23  capname="sys_nice"
[    9.072564] pcnet32 0000:00:03.0 enp0s3: link up, 100Mbps, full-duplex
[    9.102485] e1000: enp0s8 NIC Link is Up 1000 Mbps Full Duplex, Flow Control: RX
[    9.102782] IPv6: ADDRCONF(NETDEV_CHANGE): enp0s8: link becomes ready
[    9.136427] e1000: enp0s9 NIC Link is Up 1000 Mbps Full Duplex, Flow Control: RX
[    9.136723] IPv6: ADDRCONF(NETDEV_CHANGE): enp0s9: link becomes ready
[    9.787933] device enp0s3 entered promiscuous mode
[    9.808435] audit: type=1400 audit(1768765213.648:42): apparmor="DENIED" operation="open" profile="/usr/sbin/tcpdump" name="/proc/sys/kernel/random/boot_id" pid=666 comm="tcpdump" requested_mask="r" denied_mask="r" fsuid=0 ouid=0
[    9.808708] audit: type=1400 audit(1768765213.648:43): apparmor="DENIED" operation="open" profile="/usr/sbin/tcpdump" name="/proc/sys/kernel/random/boot_id" pid=666 comm="tcpdump" requested_mask="r" denied_mask="r" fsuid=0 ouid=0
[    9.809895] audit: type=1400 audit(1768765213.648:44): apparmor="DENIED" operation="open" profile="/usr/sbin/tcpdump" name="/proc/sys/kernel/random/boot_id" pid=666 comm="tcpdump" requested_mask="r" denied_mask="r" fsuid=0 ouid=0
[    9.809916] audit: type=1400 audit(1768765213.648:45): apparmor="DENIED" operation="open" profile="/usr/sbin/tcpdump" name="/proc/sys/kernel/random/boot_id" pid=666 comm="tcpdump" requested_mask="r" denied_mask="r" fsuid=0 ouid=0
[    9.815204] audit: type=1400 audit(1768765213.660:46): apparmor="DENIED" operation="open" profile="/usr/sbin/tcpdump" name="/proc/sys/kernel/random/boot_id" pid=667 comm="tcpdump" requested_mask="r" denied_mask="r" fsuid=0 ouid=0
[    9.815414] audit: type=1400 audit(1768765213.660:47): apparmor="DENIED" operation="open" profile="/usr/sbin/tcpdump" name="/proc/sys/kernel/random/boot_id" pid=667 comm="tcpdump" requested_mask="r" denied_mask="r" fsuid=0 ouid=0
[    9.815454] audit: type=1400 audit(1768765213.660:48): apparmor="DENIED" operation="open" profile="/usr/sbin/tcpdump" name="/proc/sys/kernel/random/boot_id" pid=667 comm="tcpdump" requested_mask="r" denied_mask="r" fsuid=0 ouid=0
[    9.815510] audit: type=1400 audit(1768765213.660:49): apparmor="DENIED" operation="open" profile="/usr/sbin/tcpdump" name="/proc/sys/kernel/random/boot_id" pid=667 comm="tcpdump" requested_mask="r" denied_mask="r" fsuid=0 ouid=0
[   15.828473] rfkill: input handler disabled
[  135.745813] rfkill: input handler enabled
[  144.142173] rfkill: input handler disabled
[  224.602185] AAAAA-TCP_SEND: name:enp0s3: saddr:100932208: daddr:16783984: srtt_us:0: RTT:0: ssthresh:7: cwnd:1: delivered:0: lost:1: retrans:0
[  225.207628] AAAAA-TCP_RECV: name:enp0s3: saddr:16783984: daddr:100932208: srtt_us:0: RTT:0: ssthresh:7: cwnd:1: delivered:0: lost:1: retrans:0
[  225.207695] AAAAA-TCP_SEND: name:enp0s3: saddr:100932208: daddr:16783984: srtt_us:21063392: RTT:2632924: ssthresh:2147483647: cwnd:10: delivered:1: lost:1: retrans:0
[  225.211028] AAAAA-TCP_SEND: name:enp0s3: saddr:100932208: daddr:16783984: srtt_us:21063392: RTT:2632924: ssthresh:2147483647: cwnd:10: delivered:1: lost:1: retrans:0
[  225.616910] AAAAA-TCP_RECV: name:enp0s3: saddr:16783984: daddr:100932208: srtt_us:21063392: RTT:2632924: ssthresh:2147483647: cwnd:10: delivered:1: lost:1: retrans:0
[  225.836591] AAAAA-TCP_RECV: name:enp0s3: saddr:16783984: daddr:100932208: srtt_us:21063392: RTT:2632924: ssthresh:2147483647: cwnd:10: delivered:1: lost:1: retrans:0
[  225.836726] AAAAA-TCP_SEND: name:enp0s3: saddr:100932208: daddr:33561200: srtt_us:0: RTT:0: ssthresh:2147483647: cwnd:10: delivered:0: lost:0: retrans:0
[  225.893540] AAAAA-TCP_RECV: name:enp0s3: saddr:16783984: daddr:100932208: srtt_us:19056043: RTT:2382005: ssthresh:2147483647: cwnd:10: delivered:2: lost:1: retrans:0
[  225.893581] AAAAA-TCP_SEND: name:enp0s3: saddr:100932208: daddr:16783984: srtt_us:19056043: RTT:2382005: ssthresh:2147483647: cwnd:10: delivered:2: lost:1: retrans:0
[  225.893750] AAAAA-TCP_SEND: name:enp0s3: saddr:100932208: daddr:16783984: srtt_us:19056043: RTT:2382005: ssthresh:2147483647: cwnd:10: delivered:2: lost:1: retrans:0
[  226.352893] AAAAA-TCP_RECV: name:enp0s3: saddr:33561200: daddr:100932208: srtt_us:0: RTT:0: ssthresh:2147483647: cwnd:10: delivered:0: lost:0: retrans:0
[  226.352998] AAAAA-TCP_SEND: name:enp0s3: saddr:100932208: daddr:33561200: srtt_us:4129784: RTT:516223: ssthresh:2147483647: cwnd:10: delivered:1: lost:0: retrans:0
[  226.353071] AAAAA-TCP_SEND: name:enp0s3: saddr:100932208: daddr:16783984: srtt_us:19056043: RTT:2382005: ssthresh:2147483647: cwnd:10: delivered:2: lost:1: retrans:0
[  226.423485] AAAAA-TCP_RECV: name:enp0s3: saddr:16783984: daddr:100932208: srtt_us:19056043: RTT:2382005: ssthresh:2147483647: cwnd:10: delivered:2: lost:1: retrans:0
[  226.423559] AAAAA-TCP_SEND: name:enp0s3: saddr:100932208: daddr:16783984: srtt_us:19056043: RTT:2382005: ssthresh:2147483647: cwnd:10: delivered:2: lost:1: retrans:0
[  227.844183] AAAAA-TCP_RECV: name:enp0s3: saddr:33561200: daddr:100932208: srtt_us:4129784: RTT:516223: ssthresh:2147483647: cwnd:10: delivered:1: lost:0: retrans:0
[  227.844443] AAAAA-TCP_SEND: name:enp0s3: saddr:100932208: daddr:33561200: srtt_us:4129784: RTT:516223: ssthresh:2147483647: cwnd:10: delivered:1: lost:0: retrans:0
[  228.073548] AAAAA-TCP_RECV: name:enp0s3: saddr:16783984: daddr:100932208: srtt_us:17203838: RTT:2150479: ssthresh:2147483647: cwnd:10: delivered:3: lost:1: retrans:0
[  228.140096] AAAAA-TCP_RECV: name:enp0s3: saddr:16783984: daddr:100932208: srtt_us:16773892: RTT:2096736: ssthresh:2147483647: cwnd:10: delivered:4: lost:1: retrans:0
[  228.198524] AAAAA-TCP_RECV: name:enp0s3: saddr:33561200: daddr:100932208: srtt_us:4129784: RTT:516223: ssthresh:2147483647: cwnd:10: delivered:1: lost:0: retrans:0
[  228.198603] AAAAA-TCP_SEND: name:enp0s3: saddr:100932208: daddr:33561200: srtt_us:4129784: RTT:516223: ssthresh:2147483647: cwnd:10: delivered:1: lost:0: retrans:0
[  228.198957] AAAAA-TCP_SEND: name:enp0s3: saddr:100932208: daddr:16783984: srtt_us:0: RTT:0: ssthresh:2147483647: cwnd:10: delivered:0: lost:0: retrans:0
[  228.360103] AAAAA-TCP_RECV: name:enp0s3: saddr:16783984: daddr:100932208: srtt_us:0: RTT:0: ssthresh:2147483647: cwnd:10: delivered:0: lost:0: retrans:0
[  228.360219] AAAAA-TCP_SEND: name:enp0s3: saddr:100932208: daddr:16783984: srtt_us:1289576: RTT:161197: ssthresh:2147483647: cwnd:10: delivered:1: lost:0: retrans:0
[  228.360516] AAAAA-TCP_SEND: name:enp0s3: saddr:100932208: daddr:16783984: srtt_us:1289576: RTT:161197: ssthresh:2147483647: cwnd:10: delivered:1: lost:0: retrans:0
[  228.510108] AAAAA-TCP_RECV: name:enp0s3: saddr:16783984: daddr:100932208: srtt_us:1289576: RTT:161197: ssthresh:2147483647: cwnd:10: delivered:1: lost:0: retrans:0
[  228.597521] AAAAA-TCP_RECV: name:enp0s3: saddr:16783984: daddr:100932208: srtt_us:1289576: RTT:161197: ssthresh:2147483647: cwnd:10: delivered:1: lost:0: retrans:0
[  228.597884] AAAAA-TCP_SEND: name:enp0s3: saddr:100932208: daddr:33561200: srtt_us:0: RTT:0: ssthresh:2147483647: cwnd:10: delivered:0: lost:0: retrans:0
[  228.768869] AAAAA-TCP_RECV: name:enp0s3: saddr:33561200: daddr:100932208: srtt_us:4129784: RTT:516223: ssthresh:2147483647: cwnd:10: delivered:1: lost:0: retrans:0
[  228.768890] AAAAA-TCP_SEND: name:enp0s3: saddr:100932208: daddr:33561200: srtt_us:4538014: RTT:567251: ssthresh:2147483647: cwnd:10: delivered:2: lost:0: retrans:0
[  228.831469] AAAAA-TCP_RECV: name:enp0s3: saddr:33561200: daddr:100932208: srtt_us:0: RTT:0: ssthresh:2147483647: cwnd:10: delivered:0: lost:0: retrans:0
[  228.831491] AAAAA-TCP_SEND: name:enp0s3: saddr:100932208: daddr:33561200: srtt_us:1868744: RTT:233593: ssthresh:2147483647: cwnd:10: delivered:1: lost:0: retrans:0
[  228.970561] AAAAA-TCP_RECV: name:enp0s3: saddr:33561200: daddr:100932208: srtt_us:4538014: RTT:567251: ssthresh:2147483647: cwnd:10: delivered:2: lost:0: retrans:0
[  228.970574] AAAAA-TCP_SEND: name:enp0s3: saddr:100932208: daddr:33561200: srtt_us:4538014: RTT:567251: ssthresh:2147483647: cwnd:10: delivered:2: lost:0: retrans:0
[  228.970659] AAAAA-TCP_SEND: name:enp0s3: saddr:100932208: daddr:16783984: srtt_us:1365397: RTT:170674: ssthresh:2147483647: cwnd:10: delivered:2: lost:0: retrans:0
[  228.970678] AAAAA-TCP_SEND: name:enp0s3: saddr:100932208: daddr:16783984: srtt_us:1365397: RTT:170674: ssthresh:2147483647: cwnd:10: delivered:2: lost:0: retrans:0
[  228.970768] AAAAA-TCP_SEND: name:enp0s3: saddr:100932208: daddr:16783984: srtt_us:1365397: RTT:170674: ssthresh:2147483647: cwnd:10: delivered:2: lost:0: retrans:0
[  228.970785] AAAAA-TCP_SEND: name:enp0s3: saddr:100932208: daddr:16783984: srtt_us:1365397: RTT:170674: ssthresh:2147483647: cwnd:10: delivered:2: lost:0: retrans:0
[  228.970869] AAAAA-TCP_SEND: name:enp0s3: saddr:100932208: daddr:16783984: srtt_us:1365397: RTT:170674: ssthresh:2147483647: cwnd:10: delivered:2: lost:0: retrans:0
[  228.970886] AAAAA-TCP_SEND: name:enp0s3: saddr:100932208: daddr:16783984: srtt_us:1365397: RTT:170674: ssthresh:2147483647: cwnd:10: delivered:2: lost:0: retrans:0
[  228.970972] AAAAA-TCP_SEND: name:enp0s3: saddr:100932208: daddr:16783984: srtt_us:1365397: RTT:170674: ssthresh:2147483647: cwnd:10: delivered:2: lost:0: retrans:0
[  228.970994] AAAAA-TCP_SEND: name:enp0s3: saddr:100932208: daddr:16783984: srtt_us:1365397: RTT:170674: ssthresh:2147483647: cwnd:10: delivered:2: lost:0: retrans:0
[  228.971105] AAAAA-TCP_SEND: name:enp0s3: saddr:100932208: daddr:16783984: srtt_us:1365397: RTT:170674: ssthresh:2147483647: cwnd:10: delivered:2: lost:0: retrans:0
[  228.971121] AAAAA-TCP_SEND: name:enp0s3: saddr:100932208: daddr:16783984: srtt_us:1365397: RTT:170674: ssthresh:2147483647: cwnd:10: delivered:2: lost:0: retrans:0
[  229.303436] AAAAA-TCP_RECV: name:enp0s3: saddr:33561200: daddr:100932208: srtt_us:1868744: RTT:233593: ssthresh:2147483647: cwnd:10: delivered:1: lost:0: retrans:0
[  229.303496] AAAAA-TCP_SEND: name:enp0s3: saddr:100932208: daddr:33561200: srtt_us:1868744: RTT:233593: ssthresh:2147483647: cwnd:10: delivered:1: lost:0: retrans:0
[  229.303526] AAAAA-TCP_SEND: name:enp0s3: saddr:100932208: daddr:33561200: srtt_us:1868744: RTT:233593: ssthresh:2147483647: cwnd:10: delivered:1: lost:0: retrans:0
[  229.304477] AAAAA-TCP_SEND: name:enp0s3: saddr:100932208: daddr:33561200: srtt_us:1868744: RTT:233593: ssthresh:2147483647: cwnd:10: delivered:1: lost:0: retrans:0
[  229.304500] AAAAA-TCP_SEND: name:enp0s3: saddr:100932208: daddr:33561200: srtt_us:1868744: RTT:233593: ssthresh:2147483647: cwnd:10: delivered:1: lost:0: retrans:0
[  229.304608] AAAAA-TCP_SEND: name:enp0s3: saddr:100932208: daddr:33561200: srtt_us:1868744: RTT:233593: ssthresh:2147483647: cwnd:10: delivered:1: lost:0: retrans:0
[  229.304624] AAAAA-TCP_SEND: name:enp0s3: saddr:100932208: daddr:33561200: srtt_us:1868744: RTT:233593: ssthresh:2147483647: cwnd:10: delivered:1: lost:0: retrans:0
[  229.304715] AAAAA-TCP_SEND: name:enp0s3: saddr:100932208: daddr:33561200: srtt_us:1868744: RTT:233593: ssthresh:2147483647: cwnd:10: delivered:1: lost:0: retrans:0
[  229.304731] AAAAA-TCP_SEND: name:enp0s3: saddr:100932208: daddr:33561200: srtt_us:1868744: RTT:233593: ssthresh:2147483647: cwnd:10: delivered:1: lost:0: retrans:0
[  229.304838] AAAAA-TCP_SEND: name:enp0s3: saddr:100932208: daddr:33561200: srtt_us:1868744: RTT:233593: ssthresh:2147483647: cwnd:10: delivered:1: lost:0: retrans:0
[  229.304854] AAAAA-TCP_SEND: name:enp0s3: saddr:100932208: daddr:33561200: srtt_us:1868744: RTT:233593: ssthresh:2147483647: cwnd:10: delivered:1: lost:0: retrans:0
[  229.327307] AAAAA-TCP_SEND: name:enp0s3: saddr:100932208: daddr:16783984: srtt_us:1365397: RTT:170674: ssthresh:2147483647: cwnd:10: delivered:2: lost:0: retrans:1
[  229.807316] AAAAA-TCP_SEND: name:enp0s3: saddr:100932208: daddr:33561200: srtt_us:1868744: RTT:233593: ssthresh:2147483647: cwnd:10: delivered:1: lost:0: retrans:1
[  229.819753] AAAAA-TCP_RECV: name:enp0s3: saddr:33561200: daddr:100932208: srtt_us:4538014: RTT:567251: ssthresh:2147483647: cwnd:10: delivered:2: lost:0: retrans:0
[  229.819779] AAAAA-TCP_SEND: name:enp0s3: saddr:100932208: daddr:33561200: srtt_us:4538014: RTT:567251: ssthresh:2147483647: cwnd:10: delivered:2: lost:0: retrans:0
[  229.840355] AAAAA-TCP_SEND: name:enp0s3: saddr:100932208: daddr:16783984: srtt_us:1365397: RTT:170674: ssthresh:7: cwnd:1: delivered:2: lost:10: retrans:2
[  230.069821] AAAAA-TCP_RECV: name:enp0s3: saddr:16783984: daddr:100932208: srtt_us:1365397: RTT:170674: ssthresh:7: cwnd:1: delivered:2: lost:10: retrans:2
[  230.069884] AAAAA-TCP_SEND: name:enp0s3: saddr:100932208: daddr:16783984: srtt_us:2293723: RTT:286715: ssthresh:2147483647: cwnd:11: delivered:3: lost:10: retrans:2
[  230.069912] AAAAA-TCP_SEND: name:enp0s3: saddr:100932208: daddr:16783984: srtt_us:2293723: RTT:286715: ssthresh:2147483647: cwnd:11: delivered:3: lost:10: retrans:2
[  230.172511] AAAAA-TCP_RECV: name:enp0s3: saddr:16783984: daddr:100932208: srtt_us:2293723: RTT:286715: ssthresh:2147483647: cwnd:11: delivered:3: lost:10: retrans:2
[  230.172556] AAAAA-TCP_SEND: name:enp0s3: saddr:100932208: daddr:16783984: srtt_us:3208858: RTT:401107: ssthresh:2147483647: cwnd:12: delivered:4: lost:10: retrans:2
[  230.172584] AAAAA-TCP_SEND: name:enp0s3: saddr:100932208: daddr:16783984: srtt_us:3208858: RTT:401107: ssthresh:2147483647: cwnd:12: delivered:4: lost:10: retrans:2
[  230.543332] AAAAA-TCP_SEND: name:enp0s3: saddr:100932208: daddr:33561200: srtt_us:1868744: RTT:233593: ssthresh:7: cwnd:1: delivered:1: lost:10: retrans:2
[  230.654566] AAAAA-TCP_RECV: name:enp0s3: saddr:16783984: daddr:100932208: srtt_us:3208858: RTT:401107: ssthresh:2147483647: cwnd:12: delivered:4: lost:10: retrans:2
[  230.654628] AAAAA-TCP_SEND: name:enp0s3: saddr:100932208: daddr:16783984: srtt_us:4491570: RTT:561446: ssthresh:2147483647: cwnd:13: delivered:5: lost:10: retrans:2
[  230.654662] AAAAA-TCP_SEND: name:enp0s3: saddr:100932208: daddr:16783984: srtt_us:4491570: RTT:561446: ssthresh:2147483647: cwnd:13: delivered:5: lost:10: retrans:2
[  230.876276] AAAAA-TCP_RECV: name:enp0s3: saddr:16783984: daddr:100932208: srtt_us:4491570: RTT:561446: ssthresh:2147483647: cwnd:13: delivered:5: lost:10: retrans:2
[  230.876336] AAAAA-TCP_SEND: name:enp0s3: saddr:100932208: daddr:16783984: srtt_us:5835637: RTT:729454: ssthresh:2147483647: cwnd:14: delivered:6: lost:10: retrans:2
[  230.876367] AAAAA-TCP_SEND: name:enp0s3: saddr:100932208: daddr:16783984: srtt_us:5835637: RTT:729454: ssthresh:2147483647: cwnd:14: delivered:6: lost:10: retrans:2
[  231.065224] AAAAA-TCP_RECV: name:enp0s3: saddr:16783984: daddr:100932208: srtt_us:5835637: RTT:729454: ssthresh:2147483647: cwnd:14: delivered:6: lost:10: retrans:2
[  231.065286] AAAAA-TCP_SEND: name:enp0s3: saddr:100932208: daddr:16783984: srtt_us:7200561: RTT:900070: ssthresh:2147483647: cwnd:15: delivered:7: lost:10: retrans:2
[  231.065320] AAAAA-TCP_SEND: name:enp0s3: saddr:100932208: daddr:16783984: srtt_us:7200561: RTT:900070: ssthresh:2147483647: cwnd:15: delivered:7: lost:10: retrans:2
[  231.321038] AAAAA-TCP_RECV: name:enp0s3: saddr:16783984: daddr:100932208: srtt_us:7200561: RTT:900070: ssthresh:2147483647: cwnd:15: delivered:7: lost:10: retrans:2
[  231.321122] AAAAA-TCP_SEND: name:enp0s3: saddr:100932208: daddr:16783984: srtt_us:8650679: RTT:1081334: ssthresh:2147483647: cwnd:16: delivered:8: lost:10: retrans:2
[  231.321157] AAAAA-TCP_SEND: name:enp0s3: saddr:100932208: daddr:16783984: srtt_us:8650679: RTT:1081334: ssthresh:2147483647: cwnd:16: delivered:8: lost:10: retrans:2
[  231.497716] AAAAA-TCP_RECV: name:enp0s3: saddr:16783984: daddr:100932208: srtt_us:8650679: RTT:1081334: ssthresh:2147483647: cwnd:16: delivered:8: lost:10: retrans:2
[  231.497768] AAAAA-TCP_SEND: name:enp0s3: saddr:100932208: daddr:16783984: srtt_us:10096109: RTT:1262013: ssthresh:2147483647: cwnd:17: delivered:9: lost:10: retrans:2
[  231.497794] AAAAA-TCP_SEND: name:enp0s3: saddr:100932208: daddr:16783984: srtt_us:10096109: RTT:1262013: ssthresh:2147483647: cwnd:17: delivered:9: lost:10: retrans:2
[  231.649978] AAAAA-TCP_RECV: name:enp0s3: saddr:16783984: daddr:100932208: srtt_us:10096109: RTT:1262013: ssthresh:2147483647: cwnd:17: delivered:9: lost:10: retrans:2
[  231.650077] AAAAA-TCP_SEND: name:enp0s3: saddr:100932208: daddr:16783984: srtt_us:11513105: RTT:1439138: ssthresh:2147483647: cwnd:18: delivered:10: lost:10: retrans:2
[  231.650114] AAAAA-TCP_SEND: name:enp0s3: saddr:100932208: daddr:16783984: srtt_us:11513105: RTT:1439138: ssthresh:2147483647: cwnd:18: delivered:10: lost:10: retrans:2
[  231.751205] AAAAA-TCP_RECV: name:enp0s3: saddr:16783984: daddr:100932208: srtt_us:11513105: RTT:1439138: ssthresh:2147483647: cwnd:18: delivered:10: lost:10: retrans:2
[  231.751260] AAAAA-TCP_SEND: name:enp0s3: saddr:100932208: daddr:16783984: srtt_us:12854087: RTT:1606760: ssthresh:2147483647: cwnd:19: delivered:11: lost:10: retrans:2
[  231.751319] AAAAA-TCP_SEND: name:enp0s3: saddr:100932208: daddr:16783984: srtt_us:12854087: RTT:1606760: ssthresh:2147483647: cwnd:19: delivered:11: lost:10: retrans:2
[  231.904068] AAAAA-TCP_RECV: name:enp0s3: saddr:16783984: daddr:100932208: srtt_us:12854087: RTT:1606760: ssthresh:2147483647: cwnd:19: delivered:11: lost:10: retrans:2
[  231.904169] AAAAA-TCP_SEND: name:enp0s3: saddr:100932208: daddr:16783984: srtt_us:14180327: RTT:1772540: ssthresh:2147483647: cwnd:20: delivered:12: lost:10: retrans:2
[  231.904232] AAAAA-TCP_SEND: name:enp0s3: saddr:100932208: daddr:16783984: srtt_us:14180327: RTT:1772540: ssthresh:2147483647: cwnd:20: delivered:12: lost:10: retrans:2
[  231.983335] AAAAA-TCP_SEND: name:enp0s3: saddr:100932208: daddr:33561200: srtt_us:1868744: RTT:233593: ssthresh:7: cwnd:1: delivered:1: lost:11: retrans:3
[  232.106958] AAAAA-TCP_RECV: name:enp0s3: saddr:33561200: daddr:100932208: srtt_us:1868744: RTT:233593: ssthresh:7: cwnd:1: delivered:1: lost:11: retrans:3
[  232.107019] AAAAA-TCP_SEND: name:enp0s3: saddr:100932208: daddr:33561200: srtt_us:4438151: RTT:554768: ssthresh:2147483647: cwnd:11: delivered:2: lost:11: retrans:3
[  232.107122] AAAAA-TCP_SEND: name:enp0s3: saddr:100932208: daddr:33561200: srtt_us:4438151: RTT:554768: ssthresh:2147483647: cwnd:11: delivered:2: lost:11: retrans:3
[  232.406500] AAAAA-TCP_RECV: name:enp0s3: saddr:33561200: daddr:100932208: srtt_us:4438151: RTT:554768: ssthresh:2147483647: cwnd:11: delivered:2: lost:11: retrans:3
[  232.406541] AAAAA-TCP_SEND: name:enp0s3: saddr:100932208: daddr:33561200: srtt_us:6986404: RTT:873300: ssthresh:2147483647: cwnd:12: delivered:3: lost:11: retrans:3
[  232.406562] AAAAA-TCP_SEND: name:enp0s3: saddr:100932208: daddr:33561200: srtt_us:6986404: RTT:873300: ssthresh:2147483647: cwnd:12: delivered:3: lost:11: retrans:3
[  232.699888] AAAAA-TCP_RECV: name:enp0s3: saddr:33561200: daddr:100932208: srtt_us:6986404: RTT:873300: ssthresh:2147483647: cwnd:12: delivered:3: lost:11: retrans:3
[  232.699982] AAAAA-TCP_SEND: name:enp0s3: saddr:100932208: daddr:33561200: srtt_us:9508562: RTT:1188570: ssthresh:2147483647: cwnd:13: delivered:4: lost:11: retrans:3
[  232.700110] AAAAA-TCP_SEND: name:enp0s3: saddr:100932208: daddr:33561200: srtt_us:9508562: RTT:1188570: ssthresh:2147483647: cwnd:13: delivered:4: lost:11: retrans:3
[  233.006702] AAAAA-TCP_RECV: name:enp0s3: saddr:33561200: daddr:100932208: srtt_us:9508562: RTT:1188570: ssthresh:2147483647: cwnd:13: delivered:4: lost:11: retrans:3
[  233.006742] AAAAA-TCP_SEND: name:enp0s3: saddr:100932208: daddr:33561200: srtt_us:12022229: RTT:1502778: ssthresh:2147483647: cwnd:14: delivered:5: lost:11: retrans:3
[  233.006767] AAAAA-TCP_SEND: name:enp0s3: saddr:100932208: daddr:33561200: srtt_us:12022229: RTT:1502778: ssthresh:2147483647: cwnd:14: delivered:5: lost:11: retrans:3
[  233.037006] AAAAA-TCP_RECV: name:enp0s3: saddr:33561200: daddr:100932208: srtt_us:12022229: RTT:1502778: ssthresh:2147483647: cwnd:14: delivered:5: lost:11: retrans:3
[  233.037033] AAAAA-TCP_SEND: name:enp0s3: saddr:100932208: daddr:33561200: srtt_us:14251854: RTT:1781481: ssthresh:2147483647: cwnd:15: delivered:6: lost:11: retrans:3
[  233.037055] AAAAA-TCP_SEND: name:enp0s3: saddr:100932208: daddr:33561200: srtt_us:14251854: RTT:1781481: ssthresh:2147483647: cwnd:15: delivered:6: lost:11: retrans:3
[  233.244081] AAAAA-TCP_RECV: name:enp0s3: saddr:33561200: daddr:100932208: srtt_us:14251854: RTT:1781481: ssthresh:2147483647: cwnd:15: delivered:6: lost:11: retrans:3
[  233.244133] AAAAA-TCP_SEND: name:enp0s3: saddr:100932208: daddr:33561200: srtt_us:16409867: RTT:2051233: ssthresh:2147483647: cwnd:16: delivered:7: lost:11: retrans:3
[  233.244161] AAAAA-TCP_SEND: name:enp0s3: saddr:100932208: daddr:33561200: srtt_us:16409867: RTT:2051233: ssthresh:2147483647: cwnd:16: delivered:7: lost:11: retrans:3
[  233.303503] AAAAA-TCP_RECV: name:enp0s3: saddr:33561200: daddr:100932208: srtt_us:16409867: RTT:2051233: ssthresh:2147483647: cwnd:16: delivered:7: lost:11: retrans:3
[  233.303552] AAAAA-TCP_SEND: name:enp0s3: saddr:100932208: daddr:33561200: srtt_us:18357441: RTT:2294680: ssthresh:2147483647: cwnd:17: delivered:8: lost:11: retrans:3
[  233.303580] AAAAA-TCP_SEND: name:enp0s3: saddr:100932208: daddr:33561200: srtt_us:18357441: RTT:2294680: ssthresh:2147483647: cwnd:17: delivered:8: lost:11: retrans:3
[  233.361270] AAAAA-TCP_RECV: name:enp0s3: saddr:33561200: daddr:100932208: srtt_us:18357441: RTT:2294680: ssthresh:2147483647: cwnd:17: delivered:8: lost:11: retrans:3
[  233.361306] AAAAA-TCP_SEND: name:enp0s3: saddr:100932208: daddr:33561200: srtt_us:20119331: RTT:2514916: ssthresh:2147483647: cwnd:18: delivered:9: lost:11: retrans:3
[  233.361332] AAAAA-TCP_SEND: name:enp0s3: saddr:100932208: daddr:33561200: srtt_us:20119331: RTT:2514916: ssthresh:2147483647: cwnd:18: delivered:9: lost:11: retrans:3
[  233.470309] AAAAA-TCP_RECV: name:enp0s3: saddr:33561200: daddr:100932208: srtt_us:20119331: RTT:2514916: ssthresh:2147483647: cwnd:18: delivered:9: lost:11: retrans:3
[  233.470364] AAAAA-TCP_SEND: name:enp0s3: saddr:100932208: daddr:33561200: srtt_us:21769908: RTT:2721238: ssthresh:2147483647: cwnd:19: delivered:10: lost:11: retrans:3
[  233.470394] AAAAA-TCP_SEND: name:enp0s3: saddr:100932208: daddr:33561200: srtt_us:21769908: RTT:2721238: ssthresh:2147483647: cwnd:19: delivered:10: lost:11: retrans:3
[  233.742308] AAAAA-TCP_RECV: name:enp0s3: saddr:33561200: daddr:100932208: srtt_us:21769908: RTT:2721238: ssthresh:2147483647: cwnd:19: delivered:10: lost:11: retrans:3
[  233.742347] AAAAA-TCP_SEND: name:enp0s3: saddr:100932208: daddr:33561200: srtt_us:23486670: RTT:2935833: ssthresh:2147483647: cwnd:20: delivered:11: lost:11: retrans:3
[  233.742371] AAAAA-TCP_SEND: name:enp0s3: saddr:100932208: daddr:33561200: srtt_us:23486670: RTT:2935833: ssthresh:2147483647: cwnd:20: delivered:11: lost:11: retrans:3
[  234.141673] AAAAA-TCP_RECV: name:enp0s3: saddr:16783984: daddr:100932208: srtt_us:14180327: RTT:1772540: ssthresh:2147483647: cwnd:20: delivered:12: lost:10: retrans:2
[  234.239119] AAAAA-TCP_RECV: name:enp0s3: saddr:33561200: daddr:100932208: srtt_us:23486670: RTT:2935833: ssthresh:2147483647: cwnd:20: delivered:11: lost:11: retrans:3
[  234.324362] AAAAA-TCP_RECV: name:enp0s3: saddr:16783984: daddr:100932208: srtt_us:14180327: RTT:1772540: ssthresh:2147483647: cwnd:20: delivered:13: lost:10: retrans:2
[  234.452681] AAAAA-TCP_RECV: name:enp0s3: saddr:16783984: daddr:100932208: srtt_us:14180327: RTT:1772540: ssthresh:2147483647: cwnd:20: delivered:14: lost:10: retrans:2
[  234.452744] AAAAA-TCP_SEND: name:enp0s3: saddr:100932208: daddr:16783984: srtt_us:16790614: RTT:2098826: ssthresh:2147483647: cwnd:21: delivered:15: lost:10: retrans:2
[  234.452775] AAAAA-TCP_SEND: name:enp0s3: saddr:100932208: daddr:16783984: srtt_us:16790614: RTT:2098826: ssthresh:2147483647: cwnd:21: delivered:15: lost:10: retrans:2
[  234.654463] AAAAA-TCP_RECV: name:enp0s3: saddr:16783984: daddr:100932208: srtt_us:16790614: RTT:2098826: ssthresh:2147483647: cwnd:21: delivered:15: lost:10: retrans:2
[  234.654503] AAAAA-TCP_SEND: name:enp0s3: saddr:100932208: daddr:16783984: srtt_us:19276380: RTT:2409547: ssthresh:2147483647: cwnd:22: delivered:16: lost:10: retrans:2
[  234.654527] AAAAA-TCP_SEND: name:enp0s3: saddr:100932208: daddr:16783984: srtt_us:19276380: RTT:2409547: ssthresh:2147483647: cwnd:22: delivered:16: lost:10: retrans:2
[  234.777303] AAAAA-TCP_RECV: name:enp0s3: saddr:16783984: daddr:100932208: srtt_us:19276380: RTT:2409547: ssthresh:2147483647: cwnd:22: delivered:16: lost:10: retrans:2
[  234.777403] AAAAA-TCP_SEND: name:enp0s3: saddr:100932208: daddr:16783984: srtt_us:21471625: RTT:2683953: ssthresh:2147483647: cwnd:23: delivered:17: lost:10: retrans:2
[  234.777487] AAAAA-TCP_SEND: name:enp0s3: saddr:100932208: daddr:16783984: srtt_us:21471625: RTT:2683953: ssthresh:2147483647: cwnd:23: delivered:17: lost:10: retrans:2
[  234.934838] AAAAA-TCP_RECV: name:enp0s3: saddr:16783984: daddr:100932208: srtt_us:21471625: RTT:2683953: ssthresh:2147483647: cwnd:23: delivered:17: lost:10: retrans:2
[  234.934947] AAAAA-TCP_SEND: name:enp0s3: saddr:100932208: daddr:16783984: srtt_us:23550001: RTT:2943750: ssthresh:2147483647: cwnd:24: delivered:18: lost:10: retrans:2
[  234.935012] AAAAA-TCP_SEND: name:enp0s3: saddr:100932208: daddr:16783984: srtt_us:23550001: RTT:2943750: ssthresh:2147483647: cwnd:24: delivered:18: lost:10: retrans:2
[  235.021465] AAAAA-TCP_RECV: name:enp0s3: saddr:33561200: daddr:100932208: srtt_us:23486670: RTT:2935833: ssthresh:2147483647: cwnd:20: delivered:12: lost:11: retrans:3
[  235.149982] AAAAA-TCP_RECV: name:enp0s3: saddr:16783984: daddr:100932208: srtt_us:23550001: RTT:2943750: ssthresh:2147483647: cwnd:24: delivered:18: lost:10: retrans:2
[  235.150043] AAAAA-TCP_SEND: name:enp0s3: saddr:100932208: daddr:16783984: srtt_us:25101617: RTT:3137702: ssthresh:2147483647: cwnd:25: delivered:19: lost:10: retrans:2
[  235.150068] AAAAA-TCP_SEND: name:enp0s3: saddr:100932208: daddr:16783984: srtt_us:25101617: RTT:3137702: ssthresh:2147483647: cwnd:25: delivered:19: lost:10: retrans:2
[  235.340439] AAAAA-TCP_RECV: name:enp0s3: saddr:16783984: daddr:100932208: srtt_us:25101617: RTT:3137702: ssthresh:2147483647: cwnd:25: delivered:19: lost:10: retrans:2
[  235.340490] AAAAA-TCP_SEND: name:enp0s3: saddr:100932208: daddr:16783984: srtt_us:26649754: RTT:3331219: ssthresh:2147483647: cwnd:27: delivered:21: lost:10: retrans:2
[  235.340520] AAAAA-TCP_SEND: name:enp0s3: saddr:100932208: daddr:16783984: srtt_us:26649754: RTT:3331219: ssthresh:2147483647: cwnd:27: delivered:21: lost:10: retrans:2
[  235.553847] AAAAA-TCP_RECV: name:enp0s3: saddr:16783984: daddr:100932208: srtt_us:26649754: RTT:3331219: ssthresh:2147483647: cwnd:27: delivered:21: lost:10: retrans:2
[  235.553890] AAAAA-TCP_SEND: name:enp0s3: saddr:100932208: daddr:16783984: srtt_us:26649754: RTT:3331219: ssthresh:2147483647: cwnd:27: delivered:21: lost:10: retrans:2
[  235.553917] AAAAA-TCP_SEND: name:enp0s3: saddr:100932208: daddr:16783984: srtt_us:26649754: RTT:3331219: ssthresh:2147483647: cwnd:27: delivered:21: lost:10: retrans:2
[  235.554842] AAAAA-TCP_SEND: name:enp0s3: saddr:100932208: daddr:16783984: srtt_us:27996091: RTT:3499511: ssthresh:2147483647: cwnd:28: delivered:22: lost:10: retrans:2
[  235.554869] AAAAA-TCP_SEND: name:enp0s3: saddr:100932208: daddr:16783984: srtt_us:27996091: RTT:3499511: ssthresh:2147483647: cwnd:28: delivered:22: lost:10: retrans:2
[  235.634497] AAAAA-TCP_RECV: name:enp0s3: saddr:16783984: daddr:100932208: srtt_us:27996091: RTT:3499511: ssthresh:2147483647: cwnd:28: delivered:22: lost:10: retrans:2
[  235.634544] AAAAA-TCP_SEND: name:enp0s3: saddr:100932208: daddr:16783984: srtt_us:29065818: RTT:3633227: ssthresh:2147483647: cwnd:29: delivered:23: lost:10: retrans:2
[  235.634572] AAAAA-TCP_SEND: name:enp0s3: saddr:100932208: daddr:16783984: srtt_us:29065818: RTT:3633227: ssthresh:2147483647: cwnd:29: delivered:23: lost:10: retrans:2
[  235.827741] AAAAA-TCP_RECV: name:enp0s3: saddr:16783984: daddr:100932208: srtt_us:29065818: RTT:3633227: ssthresh:2147483647: cwnd:29: delivered:23: lost:10: retrans:2
[  235.827799] AAAAA-TCP_SEND: name:enp0s3: saddr:100932208: daddr:16783984: srtt_us:30195077: RTT:3774384: ssthresh:29: cwnd:29: delivered:25: lost:10: retrans:2
[  235.827825] AAAAA-TCP_SEND: name:enp0s3: saddr:100932208: daddr:16783984: srtt_us:30195077: RTT:3774384: ssthresh:29: cwnd:29: delivered:25: lost:10: retrans:2
[  235.910279] AAAAA-TCP_RECV: name:enp0s3: saddr:16783984: daddr:100932208: srtt_us:30195077: RTT:3774384: ssthresh:29: cwnd:29: delivered:25: lost:10: retrans:2
[  235.910344] AAAAA-TCP_SEND: name:enp0s3: saddr:100932208: daddr:16783984: srtt_us:31009888: RTT:3876236: ssthresh:29: cwnd:29: delivered:26: lost:10: retrans:2
[  236.130143] AAAAA-TCP_RECV: name:enp0s3: saddr:16783984: daddr:100932208: srtt_us:31009888: RTT:3876236: ssthresh:29: cwnd:29: delivered:26: lost:10: retrans:2
[  236.130202] AAAAA-TCP_SEND: name:enp0s3: saddr:100932208: daddr:16783984: srtt_us:31766056: RTT:3970757: ssthresh:29: cwnd:29: delivered:27: lost:10: retrans:2
[  236.242469] AAAAA-TCP_RECV: name:enp0s3: saddr:16783984: daddr:100932208: srtt_us:31766056: RTT:3970757: ssthresh:29: cwnd:29: delivered:27: lost:10: retrans:2
[  236.242566] AAAAA-TCP_SEND: name:enp0s3: saddr:100932208: daddr:16783984: srtt_us:32540048: RTT:4067506: ssthresh:29: cwnd:29: delivered:28: lost:10: retrans:2
[  236.302090] AAAAA-TCP_RECV: name:enp0s3: saddr:16783984: daddr:100932208: srtt_us:32540048: RTT:4067506: ssthresh:29: cwnd:29: delivered:28: lost:10: retrans:2
[  236.302125] AAAAA-TCP_SEND: name:enp0s3: saddr:100932208: daddr:16783984: srtt_us:33124570: RTT:4140571: ssthresh:29: cwnd:29: delivered:29: lost:10: retrans:2
[  236.352995] AAAAA-TCP_RECV: name:enp0s3: saddr:16783984: daddr:100932208: srtt_us:33124570: RTT:4140571: ssthresh:29: cwnd:29: delivered:29: lost:10: retrans:2
[  236.353054] AAAAA-TCP_SEND: name:enp0s3: saddr:100932208: daddr:16783984: srtt_us:33686953: RTT:4210869: ssthresh:29: cwnd:29: delivered:30: lost:10: retrans:2
[  236.386677] AAAAA-TCP_RECV: name:enp0s3: saddr:16783984: daddr:100932208: srtt_us:33686953: RTT:4210869: ssthresh:29: cwnd:29: delivered:30: lost:10: retrans:2
[  236.386709] AAAAA-TCP_SEND: name:enp0s3: saddr:100932208: daddr:16783984: srtt_us:34111523: RTT:4263940: ssthresh:29: cwnd:29: delivered:31: lost:10: retrans:2
[  236.412593] AAAAA-TCP_RECV: name:enp0s3: saddr:16783984: daddr:100932208: srtt_us:34111523: RTT:4263940: ssthresh:29: cwnd:29: delivered:31: lost:10: retrans:2
[  236.412624] AAAAA-TCP_SEND: name:enp0s3: saddr:100932208: daddr:16783984: srtt_us:34508937: RTT:4313617: ssthresh:29: cwnd:29: delivered:32: lost:10: retrans:2
[  236.538252] AAAAA-TCP_RECV: name:enp0s3: saddr:16783984: daddr:100932208: srtt_us:34508937: RTT:4313617: ssthresh:29: cwnd:29: delivered:32: lost:10: retrans:2
[  236.538318] AAAAA-TCP_SEND: name:enp0s3: saddr:100932208: daddr:16783984: srtt_us:34829443: RTT:4353680: ssthresh:29: cwnd:29: delivered:34: lost:10: retrans:2
[  236.538350] AAAAA-TCP_SEND: name:enp0s3: saddr:100932208: daddr:16783984: srtt_us:34829443: RTT:4353680: ssthresh:29: cwnd:29: delivered:34: lost:10: retrans:2
[  236.718489] AAAAA-TCP_RECV: name:enp0s3: saddr:33561200: daddr:100932208: srtt_us:23486670: RTT:2935833: ssthresh:2147483647: cwnd:20: delivered:13: lost:11: retrans:3
[  236.788959] AAAAA-TCP_RECV: name:enp0s3: saddr:33561200: daddr:100932208: srtt_us:23486670: RTT:2935833: ssthresh:2147483647: cwnd:20: delivered:14: lost:11: retrans:3
[  236.789005] AAAAA-TCP_SEND: name:enp0s3: saddr:100932208: daddr:33561200: srtt_us:25232792: RTT:3154099: ssthresh:2147483647: cwnd:21: delivered:15: lost:11: retrans:3
[  236.789058] AAAAA-TCP_SEND: name:enp0s3: saddr:100932208: daddr:33561200: srtt_us:25232792: RTT:3154099: ssthresh:2147483647: cwnd:21: delivered:15: lost:11: retrans:3
[  236.995574] AAAAA-TCP_RECV: name:enp0s3: saddr:33561200: daddr:100932208: srtt_us:25232792: RTT:3154099: ssthresh:2147483647: cwnd:21: delivered:15: lost:11: retrans:3
[  236.995634] AAAAA-TCP_SEND: name:enp0s3: saddr:100932208: daddr:33561200: srtt_us:26967283: RTT:3370910: ssthresh:2147483647: cwnd:22: delivered:16: lost:11: retrans:3
[  236.995665] AAAAA-TCP_SEND: name:enp0s3: saddr:100932208: daddr:33561200: srtt_us:26967283: RTT:3370910: ssthresh:2147483647: cwnd:22: delivered:16: lost:11: retrans:3
[  237.218364] AAAAA-TCP_RECV: name:enp0s3: saddr:33561200: daddr:100932208: srtt_us:26967283: RTT:3370910: ssthresh:2147483647: cwnd:22: delivered:16: lost:11: retrans:3
[  237.218420] AAAAA-TCP_SEND: name:enp0s3: saddr:100932208: daddr:33561200: srtt_us:28408224: RTT:3551028: ssthresh:2147483647: cwnd:23: delivered:17: lost:11: retrans:3
[  237.218451] AAAAA-TCP_SEND: name:enp0s3: saddr:100932208: daddr:33561200: srtt_us:28408224: RTT:3551028: ssthresh:2147483647: cwnd:23: delivered:17: lost:11: retrans:3
[  237.248483] AAAAA-TCP_RECV: name:enp0s3: saddr:33561200: daddr:100932208: srtt_us:28408224: RTT:3551028: ssthresh:2147483647: cwnd:23: delivered:17: lost:11: retrans:3
[  237.248573] AAAAA-TCP_SEND: name:enp0s3: saddr:100932208: daddr:33561200: srtt_us:29699187: RTT:3712398: ssthresh:2147483647: cwnd:24: delivered:18: lost:11: retrans:3
[  237.248638] AAAAA-TCP_SEND: name:enp0s3: saddr:100932208: daddr:33561200: srtt_us:29699187: RTT:3712398: ssthresh:2147483647: cwnd:24: delivered:18: lost:11: retrans:3
[  237.625549] AAAAA-TCP_RECV: name:enp0s3: saddr:33561200: daddr:100932208: srtt_us:29699187: RTT:3712398: ssthresh:2147483647: cwnd:24: delivered:18: lost:11: retrans:3
[  237.625612] AAAAA-TCP_SEND: name:enp0s3: saddr:100932208: daddr:33561200: srtt_us:30912394: RTT:3864049: ssthresh:2147483647: cwnd:25: delivered:19: lost:11: retrans:3
[  237.625643] AAAAA-TCP_SEND: name:enp0s3: saddr:100932208: daddr:33561200: srtt_us:30912394: RTT:3864049: ssthresh:2147483647: cwnd:25: delivered:19: lost:11: retrans:3
[  237.735132] AAAAA-TCP_RECV: name:enp0s3: saddr:33561200: daddr:100932208: srtt_us:30912394: RTT:3864049: ssthresh:2147483647: cwnd:25: delivered:19: lost:11: retrans:3
[  237.735174] AAAAA-TCP_SEND: name:enp0s3: saddr:100932208: daddr:33561200: srtt_us:32083513: RTT:4010439: ssthresh:2147483647: cwnd:26: delivered:20: lost:11: retrans:3
[  237.735234] AAAAA-TCP_SEND: name:enp0s3: saddr:100932208: daddr:33561200: srtt_us:32083513: RTT:4010439: ssthresh:2147483647: cwnd:26: delivered:20: lost:11: retrans:3
[  237.878824] AAAAA-TCP_RECV: name:enp0s3: saddr:33561200: daddr:100932208: srtt_us:32083513: RTT:4010439: ssthresh:2147483647: cwnd:26: delivered:20: lost:11: retrans:3
[  237.878885] AAAAA-TCP_SEND: name:enp0s3: saddr:100932208: daddr:33561200: srtt_us:32945188: RTT:4118148: ssthresh:2147483647: cwnd:27: delivered:21: lost:11: retrans:3
[  237.878917] AAAAA-TCP_SEND: name:enp0s3: saddr:100932208: daddr:33561200: srtt_us:32945188: RTT:4118148: ssthresh:2147483647: cwnd:27: delivered:21: lost:11: retrans:3
[  237.995931] AAAAA-TCP_RECV: name:enp0s3: saddr:33561200: daddr:100932208: srtt_us:32945188: RTT:4118148: ssthresh:2147483647: cwnd:27: delivered:21: lost:11: retrans:3
[  237.995972] AAAAA-TCP_SEND: name:enp0s3: saddr:100932208: daddr:33561200: srtt_us:33816241: RTT:4227030: ssthresh:2147483647: cwnd:28: delivered:22: lost:11: retrans:3
[  237.996022] AAAAA-TCP_SEND: name:enp0s3: saddr:100932208: daddr:33561200: srtt_us:33816241: RTT:4227030: ssthresh:2147483647: cwnd:28: delivered:22: lost:11: retrans:3
[  238.062997] AAAAA-TCP_RECV: name:enp0s3: saddr:33561200: daddr:100932208: srtt_us:33816241: RTT:4227030: ssthresh:2147483647: cwnd:28: delivered:22: lost:11: retrans:3
[  238.063076] AAAAA-TCP_SEND: name:enp0s3: saddr:100932208: daddr:33561200: srtt_us:34615225: RTT:4326903: ssthresh:28: cwnd:28: delivered:23: lost:11: retrans:3
[  238.238126] AAAAA-TCP_RECV: name:enp0s3: saddr:33561200: daddr:100932208: srtt_us:34615225: RTT:4326903: ssthresh:28: cwnd:28: delivered:23: lost:11: retrans:3
[  238.238196] AAAAA-TCP_SEND: name:enp0s3: saddr:100932208: daddr:33561200: srtt_us:35489452: RTT:4436181: ssthresh:28: cwnd:29: delivered:24: lost:11: retrans:3
[  238.238254] AAAAA-TCP_SEND: name:enp0s3: saddr:100932208: daddr:33561200: srtt_us:35489452: RTT:4436181: ssthresh:28: cwnd:29: delivered:24: lost:11: retrans:3
[  238.341436] AAAAA-TCP_RECV: name:enp0s3: saddr:33561200: daddr:100932208: srtt_us:35489452: RTT:4436181: ssthresh:28: cwnd:29: delivered:24: lost:11: retrans:3
[  238.341524] AAAAA-TCP_SEND: name:enp0s3: saddr:100932208: daddr:33561200: srtt_us:36150621: RTT:4518827: ssthresh:28: cwnd:29: delivered:25: lost:11: retrans:3
[  238.494346] AAAAA-TCP_RECV: name:enp0s3: saddr:33561200: daddr:100932208: srtt_us:36150621: RTT:4518827: ssthresh:28: cwnd:29: delivered:25: lost:11: retrans:3
[  238.494401] AAAAA-TCP_SEND: name:enp0s3: saddr:100932208: daddr:33561200: srtt_us:36882034: RTT:4610254: ssthresh:28: cwnd:30: delivered:27: lost:11: retrans:3
[  238.494427] AAAAA-TCP_SEND: name:enp0s3: saddr:100932208: daddr:33561200: srtt_us:36882034: RTT:4610254: ssthresh:28: cwnd:30: delivered:27: lost:11: retrans:3
[  238.573186] AAAAA-TCP_RECV: name:enp0s3: saddr:33561200: daddr:100932208: srtt_us:36882034: RTT:4610254: ssthresh:28: cwnd:30: delivered:27: lost:11: retrans:3
[  238.573209] AAAAA-TCP_SEND: name:enp0s3: saddr:100932208: daddr:33561200: srtt_us:36882034: RTT:4610254: ssthresh:28: cwnd:30: delivered:27: lost:11: retrans:3
[  238.573263] AAAAA-TCP_SEND: name:enp0s3: saddr:100932208: daddr:33561200: srtt_us:37541438: RTT:4692679: ssthresh:28: cwnd:31: delivered:29: lost:11: retrans:3
[  238.573500] AAAAA-TCP_SEND: name:enp0s3: saddr:100932208: daddr:33561200: srtt_us:37541438: RTT:4692679: ssthresh:28: cwnd:31: delivered:29: lost:11: retrans:3
[  238.573534] AAAAA-TCP_SEND: name:enp0s3: saddr:100932208: daddr:33561200: srtt_us:37541438: RTT:4692679: ssthresh:28: cwnd:31: delivered:29: lost:11: retrans:3
[  238.618690] AAAAA-TCP_RECV: name:enp0s3: saddr:33561200: daddr:100932208: srtt_us:37541438: RTT:4692679: ssthresh:28: cwnd:31: delivered:29: lost:11: retrans:3
[  238.618735] AAAAA-TCP_SEND: name:enp0s3: saddr:100932208: daddr:33561200: srtt_us:38106163: RTT:4763270: ssthresh:28: cwnd:32: delivered:30: lost:11: retrans:3
[  238.618763] AAAAA-TCP_SEND: name:enp0s3: saddr:100932208: daddr:33561200: srtt_us:38106163: RTT:4763270: ssthresh:28: cwnd:32: delivered:30: lost:11: retrans:3
[  238.802323] AAAAA-TCP_RECV: name:enp0s3: saddr:33561200: daddr:100932208: srtt_us:38106163: RTT:4763270: ssthresh:28: cwnd:32: delivered:30: lost:11: retrans:3
[  238.802359] AAAAA-TCP_SEND: name:enp0s3: saddr:100932208: daddr:33561200: srtt_us:38674863: RTT:4834357: ssthresh:28: cwnd:32: delivered:31: lost:11: retrans:3
[  238.918572] AAAAA-TCP_RECV: name:enp0s3: saddr:33561200: daddr:100932208: srtt_us:38674863: RTT:4834357: ssthresh:28: cwnd:32: delivered:31: lost:11: retrans:3
[  238.918615] AAAAA-TCP_SEND: name:enp0s3: saddr:100932208: daddr:33561200: srtt_us:39016758: RTT:4877094: ssthresh:22: cwnd:31: delivered:32: lost:12: retrans:4
[  238.966828] AAAAA-TCP_RECV: name:enp0s3: saddr:33561200: daddr:100932208: srtt_us:39016758: RTT:4877094: ssthresh:22: cwnd:31: delivered:32: lost:12: retrans:4
[  239.101731] AAAAA-TCP_RECV: name:enp0s3: saddr:16783984: daddr:100932208: srtt_us:34829443: RTT:4353680: ssthresh:29: cwnd:29: delivered:34: lost:10: retrans:2
[  239.101768] AAAAA-TCP_SEND: name:enp0s3: saddr:100932208: daddr:33561200: srtt_us:39364167: RTT:4920520: ssthresh:22: cwnd:31: delivered:33: lost:12: retrans:4
[  239.101810] AAAAA-TCP_SEND: name:enp0s3: saddr:100932208: daddr:16783984: srtt_us:35124783: RTT:4390597: ssthresh:29: cwnd:30: delivered:35: lost:10: retrans:2
[  239.101832] AAAAA-TCP_SEND: name:enp0s3: saddr:100932208: daddr:16783984: srtt_us:35124783: RTT:4390597: ssthresh:29: cwnd:30: delivered:35: lost:10: retrans:2
[  239.306498] AAAAA-TCP_RECV: name:enp0s3: saddr:16783984: daddr:100932208: srtt_us:35124783: RTT:4390597: ssthresh:29: cwnd:30: delivered:35: lost:10: retrans:2
[  239.306562] AAAAA-TCP_SEND: name:enp0s3: saddr:100932208: daddr:16783984: srtt_us:35587976: RTT:4448497: ssthresh:29: cwnd:32: delivered:38: lost:10: retrans:2
[  239.306593] AAAAA-TCP_SEND: name:enp0s3: saddr:100932208: daddr:16783984: srtt_us:35587976: RTT:4448497: ssthresh:29: cwnd:32: delivered:38: lost:10: retrans:2
[  239.307588] AAAAA-TCP_SEND: name:enp0s3: saddr:100932208: daddr:16783984: srtt_us:35587976: RTT:4448497: ssthresh:29: cwnd:32: delivered:38: lost:10: retrans:2
[  239.307621] AAAAA-TCP_SEND: name:enp0s3: saddr:100932208: daddr:16783984: srtt_us:35587976: RTT:4448497: ssthresh:29: cwnd:32: delivered:38: lost:10: retrans:2
[  239.307720] AAAAA-TCP_SEND: name:enp0s3: saddr:100932208: daddr:16783984: srtt_us:35587976: RTT:4448497: ssthresh:29: cwnd:32: delivered:38: lost:10: retrans:2
[  239.638067] AAAAA-TCP_RECV: name:enp0s3: saddr:16783984: daddr:100932208: srtt_us:35587976: RTT:4448497: ssthresh:29: cwnd:32: delivered:38: lost:10: retrans:2
[  239.638158] AAAAA-TCP_SEND: name:enp0s3: saddr:100932208: daddr:16783984: srtt_us:36000199: RTT:4500024: ssthresh:29: cwnd:32: delivered:39: lost:10: retrans:2
[  239.804824] AAAAA-TCP_RECV: name:enp0s3: saddr:16783984: daddr:100932208: srtt_us:36000199: RTT:4500024: ssthresh:29: cwnd:32: delivered:39: lost:10: retrans:2
[  239.804885] AAAAA-TCP_SEND: name:enp0s3: saddr:100932208: daddr:16783984: srtt_us:36527618: RTT:4565952: ssthresh:29: cwnd:33: delivered:40: lost:10: retrans:2
[  239.804937] AAAAA-TCP_SEND: name:enp0s3: saddr:100932208: daddr:16783984: srtt_us:36527618: RTT:4565952: ssthresh:29: cwnd:33: delivered:40: lost:10: retrans:2
[  239.844371] AAAAA-TCP_RECV: name:enp0s3: saddr:16783984: daddr:100932208: srtt_us:36527618: RTT:4565952: ssthresh:29: cwnd:33: delivered:40: lost:10: retrans:2
[  239.844445] AAAAA-TCP_SEND: name:enp0s3: saddr:100932208: daddr:16783984: srtt_us:36871140: RTT:4608892: ssthresh:29: cwnd:33: delivered:41: lost:10: retrans:2
[  239.981295] AAAAA-TCP_RECV: name:enp0s3: saddr:16783984: daddr:100932208: srtt_us:36871140: RTT:4608892: ssthresh:29: cwnd:33: delivered:41: lost:10: retrans:2
[  239.981341] AAAAA-TCP_SEND: name:enp0s3: saddr:100932208: daddr:16783984: srtt_us:37093529: RTT:4636691: ssthresh:23: cwnd:32: delivered:42: lost:11: retrans:3
[  240.127388] AAAAA-TCP_RECV: name:enp0s3: saddr:16783984: daddr:100932208: srtt_us:37093529: RTT:4636691: ssthresh:23: cwnd:32: delivered:42: lost:11: retrans:3
[  240.179161] AAAAA-TCP_RECV: name:enp0s3: saddr:16783984: daddr:100932208: srtt_us:37434223: RTT:4679277: ssthresh:23: cwnd:32: delivered:43: lost:11: retrans:3
[  240.179217] AAAAA-TCP_SEND: name:enp0s3: saddr:100932208: daddr:16783984: srtt_us:37434223: RTT:4679277: ssthresh:23: cwnd:32: delivered:43: lost:11: retrans:3
[  240.234953] AAAAA-TCP_RECV: name:enp0s3: saddr:16783984: daddr:100932208: srtt_us:37593669: RTT:4699208: ssthresh:23: cwnd:32: delivered:44: lost:11: retrans:3
[  240.234981] AAAAA-TCP_SEND: name:enp0s3: saddr:100932208: daddr:16783984: srtt_us:37593669: RTT:4699208: ssthresh:23: cwnd:32: delivered:44: lost:11: retrans:3
[  240.318487] AAAAA-TCP_RECV: name:enp0s3: saddr:16783984: daddr:100932208: srtt_us:37788955: RTT:4723619: ssthresh:23: cwnd:31: delivered:45: lost:11: retrans:3
[  240.370689] AAAAA-TCP_RECV: name:enp0s3: saddr:16783984: daddr:100932208: srtt_us:37829956: RTT:4728744: ssthresh:23: cwnd:31: delivered:46: lost:11: retrans:3
[  240.370722] AAAAA-TCP_SEND: name:enp0s3: saddr:100932208: daddr:16783984: srtt_us:37829956: RTT:4728744: ssthresh:23: cwnd:31: delivered:46: lost:11: retrans:3
[  240.452135] AAAAA-TCP_RECV: name:enp0s3: saddr:16783984: daddr:100932208: srtt_us:37918044: RTT:4739755: ssthresh:23: cwnd:31: delivered:47: lost:11: retrans:3
[  240.452168] AAAAA-TCP_SEND: name:enp0s3: saddr:100932208: daddr:16783984: srtt_us:37918044: RTT:4739755: ssthresh:23: cwnd:31: delivered:47: lost:11: retrans:3
[  240.575006] AAAAA-TCP_RECV: name:enp0s3: saddr:16783984: daddr:100932208: srtt_us:38075614: RTT:4759451: ssthresh:23: cwnd:30: delivered:48: lost:11: retrans:3
[  240.655158] AAAAA-TCP_RECV: name:enp0s3: saddr:16783984: daddr:100932208: srtt_us:38336363: RTT:4792045: ssthresh:23: cwnd:30: delivered:49: lost:11: retrans:3
[  240.655192] AAAAA-TCP_SEND: name:enp0s3: saddr:100932208: daddr:16783984: srtt_us:38336363: RTT:4792045: ssthresh:23: cwnd:30: delivered:49: lost:11: retrans:3
[  240.655290] AAAAA-TCP_SEND: name:enp0s3: saddr:100932208: daddr:16783984: srtt_us:38564959: RTT:4820619: ssthresh:23: cwnd:29: delivered:50: lost:12: retrans:4
[  240.657639] AAAAA-TCP_RECV: name:enp0s3: saddr:16783984: daddr:100932208: srtt_us:38564959: RTT:4820619: ssthresh:23: cwnd:29: delivered:50: lost:12: retrans:4
[  240.773149] AAAAA-TCP_RECV: name:enp0s3: saddr:16783984: daddr:100932208: srtt_us:38574190: RTT:4821773: ssthresh:23: cwnd:28: delivered:51: lost:12: retrans:4
[  240.831912] AAAAA-TCP_RECV: name:enp0s3: saddr:16783984: daddr:100932208: srtt_us:38697813: RTT:4837226: ssthresh:23: cwnd:28: delivered:52: lost:12: retrans:4
[  240.831985] AAAAA-TCP_SEND: name:enp0s3: saddr:100932208: daddr:16783984: srtt_us:38697813: RTT:4837226: ssthresh:23: cwnd:28: delivered:52: lost:12: retrans:4
[  240.908647] AAAAA-TCP_RECV: name:enp0s3: saddr:16783984: daddr:100932208: srtt_us:38782224: RTT:4847778: ssthresh:23: cwnd:28: delivered:53: lost:12: retrans:4
[  240.973559] AAAAA-TCP_RECV: name:enp0s3: saddr:16783984: daddr:100932208: srtt_us:38712926: RTT:4839115: ssthresh:23: cwnd:28: delivered:54: lost:12: retrans:4
[  240.985612] AAAAA-TCP_RECV: name:enp0s3: saddr:16783984: daddr:100932208: srtt_us:38604821: RTT:4825602: ssthresh:23: cwnd:27: delivered:55: lost:12: retrans:4
[  241.151401] AAAAA-TCP_RECV: name:enp0s3: saddr:16783984: daddr:100932208: srtt_us:38462716: RTT:4807839: ssthresh:23: cwnd:27: delivered:56: lost:12: retrans:4
[  241.151457] AAAAA-TCP_SEND: name:enp0s3: saddr:100932208: daddr:16783984: srtt_us:38453256: RTT:4806657: ssthresh:23: cwnd:23: delivered:58: lost:13: retrans:5
[  241.270607] AAAAA-TCP_RECV: name:enp0s3: saddr:16783984: daddr:100932208: srtt_us:38453256: RTT:4806657: ssthresh:23: cwnd:23: delivered:58: lost:13: retrans:5
[  241.486090] AAAAA-TCP_RECV: name:enp0s3: saddr:33561200: daddr:100932208: srtt_us:39364167: RTT:4920520: ssthresh:22: cwnd:31: delivered:33: lost:12: retrans:4
[  241.526055] AAAAA-TCP_RECV: name:enp0s3: saddr:33561200: daddr:100932208: srtt_us:39140783: RTT:4892597: ssthresh:22: cwnd:30: delivered:35: lost:12: retrans:4
[  241.526093] AAAAA-TCP_SEND: name:enp0s3: saddr:100932208: daddr:33561200: srtt_us:39140783: RTT:4892597: ssthresh:22: cwnd:30: delivered:35: lost:12: retrans:4
[  241.618792] AAAAA-TCP_RECV: name:enp0s3: saddr:33561200: daddr:100932208: srtt_us:38778647: RTT:4847330: ssthresh:22: cwnd:30: delivered:36: lost:12: retrans:4
[  241.618830] AAAAA-TCP_SEND: name:enp0s3: saddr:100932208: daddr:33561200: srtt_us:38778647: RTT:4847330: ssthresh:22: cwnd:30: delivered:36: lost:12: retrans:4
[  241.651814] AAAAA-TCP_RECV: name:enp0s3: saddr:33561200: daddr:100932208: srtt_us:38554516: RTT:4819314: ssthresh:22: cwnd:30: delivered:37: lost:12: retrans:4
[  241.651852] AAAAA-TCP_SEND: name:enp0s3: saddr:100932208: daddr:33561200: srtt_us:38554516: RTT:4819314: ssthresh:22: cwnd:30: delivered:37: lost:12: retrans:4
[  241.738706] AAAAA-TCP_RECV: name:enp0s3: saddr:33561200: daddr:100932208: srtt_us:38168637: RTT:4771079: ssthresh:22: cwnd:29: delivered:38: lost:12: retrans:4
[  241.781778] AAAAA-TCP_RECV: name:enp0s3: saddr:33561200: daddr:100932208: srtt_us:37917857: RTT:4739732: ssthresh:22: cwnd:29: delivered:39: lost:12: retrans:4
[  241.781811] AAAAA-TCP_SEND: name:enp0s3: saddr:100932208: daddr:33561200: srtt_us:37917857: RTT:4739732: ssthresh:22: cwnd:29: delivered:39: lost:12: retrans:4
[  241.955396] AAAAA-TCP_RECV: name:enp0s3: saddr:33561200: daddr:100932208: srtt_us:37711369: RTT:4713921: ssthresh:22: cwnd:29: delivered:40: lost:12: retrans:4
[  241.955442] AAAAA-TCP_SEND: name:enp0s3: saddr:100932208: daddr:33561200: srtt_us:37711369: RTT:4713921: ssthresh:22: cwnd:29: delivered:40: lost:12: retrans:4
[  241.958040] AAAAA-TCP_RECV: name:enp0s3: saddr:33561200: daddr:100932208: srtt_us:37704321: RTT:4713040: ssthresh:22: cwnd:28: delivered:42: lost:12: retrans:4
[  242.009214] AAAAA-TCP_RECV: name:enp0s3: saddr:33561200: daddr:100932208: srtt_us:37323721: RTT:4665465: ssthresh:22: cwnd:28: delivered:43: lost:12: retrans:4
[  242.009251] AAAAA-TCP_SEND: name:enp0s3: saddr:100932208: daddr:33561200: srtt_us:36932324: RTT:4616540: ssthresh:22: cwnd:26: delivered:44: lost:13: retrans:5
[  242.142286] AAAAA-TCP_RECV: name:enp0s3: saddr:33561200: daddr:100932208: srtt_us:36932324: RTT:4616540: ssthresh:22: cwnd:26: delivered:44: lost:13: retrans:5
[  242.142327] AAAAA-TCP_SEND: name:enp0s3: saddr:100932208: daddr:33561200: srtt_us:36579215: RTT:4572401: ssthresh:22: cwnd:25: delivered:45: lost:14: retrans:6
[  242.364546] AAAAA-TCP_RECV: name:enp0s3: saddr:33561200: daddr:100932208: srtt_us:36579215: RTT:4572401: ssthresh:22: cwnd:25: delivered:45: lost:14: retrans:6
[  242.442362] AAAAA-TCP_RECV: name:enp0s3: saddr:33561200: daddr:100932208: srtt_us:36375438: RTT:4546929: ssthresh:22: cwnd:22: delivered:46: lost:15: retrans:6
[  242.442408] AAAAA-TCP_SEND: name:enp0s3: saddr:100932208: daddr:33561200: srtt_us:36207826: RTT:4525978: ssthresh:22: cwnd:22: delivered:47: lost:15: retrans:7
[  242.576378] AAAAA-TCP_RECV: name:enp0s3: saddr:33561200: daddr:100932208: srtt_us:36207826: RTT:4525978: ssthresh:22: cwnd:22: delivered:47: lost:15: retrans:7
[  242.619759] AAAAA-TCP_RECV: name:enp0s3: saddr:33561200: daddr:100932208: srtt_us:36020041: RTT:4502505: ssthresh:22: cwnd:22: delivered:48: lost:15: retrans:7
[  242.743543] AAAAA-TCP_RECV: name:enp0s3: saddr:33561200: daddr:100932208: srtt_us:35899121: RTT:4487390: ssthresh:22: cwnd:21: delivered:49: lost:15: retrans:7
[  242.843367] AAAAA-TCP_RECV: name:enp0s3: saddr:33561200: daddr:100932208: srtt_us:35813765: RTT:4476720: ssthresh:22: cwnd:20: delivered:50: lost:15: retrans:7
[  242.945048] AAAAA-TCP_RECV: name:enp0s3: saddr:33561200: daddr:100932208: srtt_us:35686035: RTT:4460754: ssthresh:22: cwnd:19: delivered:51: lost:15: retrans:7
[  243.078274] AAAAA-TCP_RECV: name:enp0s3: saddr:33561200: daddr:100932208: srtt_us:35675950: RTT:4459493: ssthresh:22: cwnd:18: delivered:52: lost:15: retrans:7
[  243.130532] AAAAA-TCP_RECV: name:enp0s3: saddr:33561200: daddr:100932208: srtt_us:35721542: RTT:4465192: ssthresh:22: cwnd:17: delivered:53: lost:15: retrans:7
[  243.199428] AAAAA-TCP_RECV: name:enp0s3: saddr:33561200: daddr:100932208: srtt_us:35813635: RTT:4476704: ssthresh:22: cwnd:16: delivered:54: lost:15: retrans:7
[  243.254813] AAAAA-TCP_RECV: name:enp0s3: saddr:33561200: daddr:100932208: srtt_us:35962874: RTT:4495359: ssthresh:22: cwnd:15: delivered:55: lost:15: retrans:7
[  243.295922] AAAAA-TCP_RECV: name:enp0s3: saddr:33561200: daddr:100932208: srtt_us:36148808: RTT:4518601: ssthresh:22: cwnd:14: delivered:56: lost:15: retrans:7
[  243.436371] AAAAA-TCP_RECV: name:enp0s3: saddr:33561200: daddr:100932208: srtt_us:36307413: RTT:4538426: ssthresh:22: cwnd:13: delivered:57: lost:15: retrans:7
[  243.572631] AAAAA-TCP_RECV: name:enp0s3: saddr:33561200: daddr:100932208: srtt_us:36586642: RTT:4573330: ssthresh:22: cwnd:12: delivered:58: lost:15: retrans:7
[  243.760914] AAAAA-TCP_RECV: name:enp0s3: saddr:33561200: daddr:100932208: srtt_us:36783605: RTT:4597950: ssthresh:22: cwnd:11: delivered:59: lost:15: retrans:7
[  243.794396] AAAAA-TCP_RECV: name:enp0s3: saddr:16783984: daddr:100932208: srtt_us:38378922: RTT:4797365: ssthresh:23: cwnd:22: delivered:60: lost:13: retrans:5
[  243.822636] AAAAA-TCP_RECV: name:enp0s3: saddr:16783984: daddr:100932208: srtt_us:38274148: RTT:4784268: ssthresh:23: cwnd:20: delivered:61: lost:13: retrans:5
[  243.988421] AAAAA-TCP_RECV: name:enp0s3: saddr:16783984: daddr:100932208: srtt_us:38210722: RTT:4776340: ssthresh:23: cwnd:19: delivered:62: lost:13: retrans:5
[  244.142182] AAAAA-TCP_RECV: name:enp0s3: saddr:16783984: daddr:100932208: srtt_us:38116262: RTT:4764532: ssthresh:23: cwnd:18: delivered:63: lost:13: retrans:5
[  244.142212] AAAAA-TCP_SEND: name:enp0s3: saddr:100932208: daddr:16783984: srtt_us:38186344: RTT:4773293: ssthresh:23: cwnd:16: delivered:64: lost:14: retrans:6
[  244.269595] AAAAA-TCP_RECV: name:enp0s3: saddr:16783984: daddr:100932208: srtt_us:38186344: RTT:4773293: ssthresh:23: cwnd:16: delivered:64: lost:14: retrans:6
[  244.292540] AAAAA-TCP_RECV: name:enp0s3: saddr:16783984: daddr:100932208: srtt_us:38375029: RTT:4796878: ssthresh:23: cwnd:16: delivered:65: lost:14: retrans:6
[  244.380444] AAAAA-TCP_RECV: name:enp0s3: saddr:16783984: daddr:100932208: srtt_us:38562985: RTT:4820373: ssthresh:23: cwnd:15: delivered:66: lost:14: retrans:6
[  244.491155] AAAAA-TCP_RECV: name:enp0s3: saddr:16783984: daddr:100932208: srtt_us:38484926: RTT:4810615: ssthresh:23: cwnd:14: delivered:67: lost:14: retrans:6
[  244.558013] AAAAA-TCP_RECV: name:enp0s3: saddr:16783984: daddr:100932208: srtt_us:38360609: RTT:4795076: ssthresh:23: cwnd:13: delivered:68: lost:14: retrans:6
[  244.558027] AAAAA-TCP_SEND: name:enp0s3: saddr:100932208: daddr:16783984: srtt_us:38279114: RTT:4784889: ssthresh:23: cwnd:11: delivered:69: lost:15: retrans:7
[  244.766431] AAAAA-TCP_RECV: name:enp0s3: saddr:16783984: daddr:100932208: srtt_us:38279114: RTT:4784889: ssthresh:23: cwnd:11: delivered:69: lost:15: retrans:7
[  244.843527] AAAAA-TCP_RECV: name:enp0s3: saddr:16783984: daddr:100932208: srtt_us:38081465: RTT:4760183: ssthresh:23: cwnd:23: delivered:71: lost:15: retrans:7
[  244.949875] AAAAA-TCP_RECV: name:enp0s3: saddr:16783984: daddr:100932208: srtt_us:37929847: RTT:4741230: ssthresh:23: cwnd:9: delivered:72: lost:15: retrans:7
[  245.083669] AAAAA-TCP_RECV: name:enp0s3: saddr:16783984: daddr:100932208: srtt_us:37767792: RTT:4720974: ssthresh:23: cwnd:8: delivered:73: lost:15: retrans:7
[  245.122911] AAAAA-TCP_RECV: name:enp0s3: saddr:16783984: daddr:100932208: srtt_us:37678339: RTT:4709792: ssthresh:23: cwnd:7: delivered:74: lost:15: retrans:7
[  245.122934] AAAAA-TCP_SEND: name:enp0s3: saddr:100932208: daddr:16783984: srtt_us:37436290: RTT:4679536: ssthresh:23: cwnd:5: delivered:75: lost:16: retrans:8
[  245.263380] AAAAA-TCP_RECV: name:enp0s3: saddr:16783984: daddr:100932208: srtt_us:37436290: RTT:4679536: ssthresh:23: cwnd:5: delivered:75: lost:16: retrans:8
[  245.368592] AAAAA-TCP_RECV: name:enp0s3: saddr:16783984: daddr:100932208: srtt_us:37365754: RTT:4670719: ssthresh:23: cwnd:23: delivered:76: lost:16: retrans:8
[  245.426345] AAAAA-TCP_RECV: name:enp0s3: saddr:16783984: daddr:100932208: srtt_us:37231669: RTT:4653958: ssthresh:23: cwnd:4: delivered:77: lost:16: retrans:8
[  245.546813] AAAAA-TCP_RECV: name:enp0s3: saddr:33561200: daddr:100932208: srtt_us:36844822: RTT:4605602: ssthresh:22: cwnd:22: delivered:61: lost:15: retrans:7
[  245.599045] AAAAA-TCP_RECV: name:enp0s3: saddr:33561200: daddr:100932208: srtt_us:36259961: RTT:4532495: ssthresh:22: cwnd:8: delivered:62: lost:15: retrans:7
[  245.637175] AAAAA-TCP_RECV: name:enp0s3: saddr:33561200: daddr:100932208: srtt_us:35707702: RTT:4463462: ssthresh:22: cwnd:7: delivered:63: lost:15: retrans:7
[  245.803729] AAAAA-TCP_RECV: name:enp0s3: saddr:33561200: daddr:100932208: srtt_us:35229583: RTT:4403697: ssthresh:22: cwnd:6: delivered:64: lost:15: retrans:7
[  245.852402] AAAAA-TCP_RECV: name:enp0s3: saddr:33561200: daddr:100932208: srtt_us:34847814: RTT:4355976: ssthresh:22: cwnd:5: delivered:65: lost:15: retrans:7
[  245.852440] AAAAA-TCP_SEND: name:enp0s3: saddr:100932208: daddr:33561200: srtt_us:34335838: RTT:4291979: ssthresh:22: cwnd:22: delivered:66: lost:16: retrans:8
[  245.891785] AAAAA-TCP_RECV: name:enp0s3: saddr:33561200: daddr:100932208: srtt_us:34335838: RTT:4291979: ssthresh:22: cwnd:22: delivered:66: lost:16: retrans:8
[  245.999185] AAAAA-TCP_RECV: name:enp0s3: saddr:33561200: daddr:100932208: srtt_us:33792859: RTT:4224107: ssthresh:22: cwnd:22: delivered:67: lost:16: retrans:8
[  246.181635] AAAAA-TCP_RECV: name:enp0s3: saddr:16783984: daddr:100932208: srtt_us:36852711: RTT:4606588: ssthresh:23: cwnd:23: delivered:78: lost:16: retrans:8
[  246.389752] AAAAA-TCP_RECV: name:enp0s3: saddr:16783984: daddr:100932208: srtt_us:34286123: RTT:4285765: ssthresh:23: cwnd:23: delivered:79: lost:16: retrans:8
[  246.434972] AAAAA-TCP_RECV: name:enp0s3: saddr:16783984: daddr:100932208: srtt_us:31832358: RTT:3979044: ssthresh:23: cwnd:23: delivered:80: lost:16: retrans:8
[  246.478128] AAAAA-TCP_RECV: name:enp0s3: saddr:33561200: daddr:100932208: srtt_us:33124752: RTT:4140594: ssthresh:15: cwnd:3: delivered:68: lost:16: retrans:8
[  251.974052] AAAAA-TCP_SEND: name:enp0s3: saddr:100932208: daddr:16783984: srtt_us:31832358: RTT:3979044: ssthresh:23: cwnd:23: delivered:81: lost:16: retrans:8
[  251.974081] AAAAA-TCP_SEND: name:enp0s3: saddr:100932208: daddr:33561200: srtt_us:29609158: RTT:3701144: ssthresh:15: cwnd:15: delivered:69: lost:16: retrans:8
[  251.974272] AAAAA-TCP_SEND: name:enp0s3: saddr:100932208: daddr:33561200: srtt_us:29609158: RTT:3701144: ssthresh:15: cwnd:15: delivered:69: lost:16: retrans:8
[  251.974289] AAAAA-TCP_SEND: name:enp0s3: saddr:100932208: daddr:33561200: srtt_us:29609158: RTT:3701144: ssthresh:15: cwnd:15: delivered:69: lost:16: retrans:8
[  251.974347] AAAAA-TCP_SEND: name:enp0s3: saddr:100932208: daddr:33561200: srtt_us:29609158: RTT:3701144: ssthresh:15: cwnd:15: delivered:69: lost:16: retrans:8
[  251.974361] AAAAA-TCP_SEND: name:enp0s3: saddr:100932208: daddr:33561200: srtt_us:29609158: RTT:3701144: ssthresh:15: cwnd:15: delivered:69: lost:16: retrans:8
[  251.974420] AAAAA-TCP_SEND: name:enp0s3: saddr:100932208: daddr:33561200: srtt_us:29609158: RTT:3701144: ssthresh:15: cwnd:15: delivered:69: lost:16: retrans:8
[  251.974435] AAAAA-TCP_SEND: name:enp0s3: saddr:100932208: daddr:33561200: srtt_us:29609158: RTT:3701144: ssthresh:15: cwnd:15: delivered:69: lost:16: retrans:8
[  251.974515] AAAAA-TCP_SEND: name:enp0s3: saddr:100932208: daddr:33561200: srtt_us:29609158: RTT:3701144: ssthresh:15: cwnd:15: delivered:69: lost:16: retrans:8
[  251.974532] AAAAA-TCP_SEND: name:enp0s3: saddr:100932208: daddr:16783984: srtt_us:31832358: RTT:3979044: ssthresh:23: cwnd:23: delivered:81: lost:16: retrans:8
[  251.974589] AAAAA-TCP_SEND: name:enp0s3: saddr:100932208: daddr:16783984: srtt_us:31832358: RTT:3979044: ssthresh:23: cwnd:23: delivered:81: lost:16: retrans:8
[  251.974603] AAAAA-TCP_SEND: name:enp0s3: saddr:100932208: daddr:16783984: srtt_us:31832358: RTT:3979044: ssthresh:23: cwnd:23: delivered:81: lost:16: retrans:8
[  251.974683] AAAAA-TCP_SEND: name:enp0s3: saddr:100932208: daddr:16783984: srtt_us:31832358: RTT:3979044: ssthresh:23: cwnd:23: delivered:81: lost:16: retrans:8
[  251.974701] AAAAA-TCP_SEND: name:enp0s3: saddr:100932208: daddr:16783984: srtt_us:31832358: RTT:3979044: ssthresh:23: cwnd:23: delivered:81: lost:16: retrans:8
[  251.974760] AAAAA-TCP_SEND: name:enp0s3: saddr:100932208: daddr:16783984: srtt_us:31832358: RTT:3979044: ssthresh:23: cwnd:23: delivered:81: lost:16: retrans:8
[  251.974774] AAAAA-TCP_SEND: name:enp0s3: saddr:100932208: daddr:16783984: srtt_us:31832358: RTT:3979044: ssthresh:23: cwnd:23: delivered:81: lost:16: retrans:8
[  251.974855] AAAAA-TCP_SEND: name:enp0s3: saddr:100932208: daddr:16783984: srtt_us:31832358: RTT:3979044: ssthresh:23: cwnd:23: delivered:81: lost:16: retrans:8
