[    0.000000] Linux version 5.4.243-mptcp (root@ztg) (gcc version 12.2.0 (Debian 12.2.0-14+deb12u1)) #53 SMP Wed Dec 24 23:28:15 CST 2025
[    0.000000] Command line: BOOT_IMAGE=/boot/vmlinuz-5.4.243-mptcp root=UUID=98415a12-53b7-4144-8265-0f7ece09e445 ro quiet splash
[    0.000000] KERNEL supported cpus:
[    0.000000]   Intel GenuineIntel
[    0.000000]   AMD AuthenticAMD
[    0.000000]   Hygon HygonGenuine
[    0.000000]   Centaur CentaurHauls
[    0.000000]   zhaoxin   Shanghai  
[    0.000000] x86/fpu: Supporting XSAVE feature 0x001: 'x87 floating point registers'
[    0.000000] x86/fpu: Supporting XSAVE feature 0x002: 'SSE registers'
[    0.000000] x86/fpu: Supporting XSAVE feature 0x004: 'AVX registers'
[    0.000000] x86/fpu: xstate_offset[2]:  576, xstate_sizes[2]:  256
[    0.000000] x86/fpu: Enabled xstate features 0x7, context size is 832 bytes, using 'standard' format.
[    0.000000] BIOS-provided physical RAM map:
[    0.000000] BIOS-e820: [mem 0x0000000000000000-0x000000000009fbff] usable
[    0.000000] BIOS-e820: [mem 0x000000000009fc00-0x000000000009ffff] reserved
[    0.000000] BIOS-e820: [mem 0x00000000000f0000-0x00000000000fffff] reserved
[    0.000000] BIOS-e820: [mem 0x0000000000100000-0x000000007ffeffff] usable
[    0.000000] BIOS-e820: [mem 0x000000007fff0000-0x000000007fffffff] ACPI data
[    0.000000] BIOS-e820: [mem 0x00000000fec00000-0x00000000fec00fff] reserved
[    0.000000] BIOS-e820: [mem 0x00000000fee00000-0x00000000fee00fff] reserved
[    0.000000] BIOS-e820: [mem 0x00000000fffc0000-0x00000000ffffffff] reserved
[    0.000000] NX (Execute Disable) protection: active
[    0.000000] SMBIOS 2.5 present.
[    0.000000] DMI: innotek GmbH VirtualBox/VirtualBox, BIOS VirtualBox 12/01/2006
[    0.000000] Hypervisor detected: KVM
[    0.000000] kvm-clock: Using msrs 4b564d01 and 4b564d00
[    0.000000] kvm-clock: cpu 0, msr 6d801001, primary cpu clock
[    0.000000] kvm-clock: using sched offset of 4444276975 cycles
[    0.000003] clocksource: kvm-clock: mask: 0xffffffffffffffff max_cycles: 0x1cd42e4dffb, max_idle_ns: 881590591483 ns
[    0.000006] tsc: Detected 2100.000 MHz processor
[    0.001858] e820: update [mem 0x00000000-0x00000fff] usable ==> reserved
[    0.001860] e820: remove [mem 0x000a0000-0x000fffff] usable
[    0.001864] last_pfn = 0x7fff0 max_arch_pfn = 0x400000000
[    0.001931] MTRR default type: uncachable
[    0.001932] MTRR fixed ranges enabled:
[    0.001933]   00000-9FFFF write-back
[    0.001934]   A0000-BFFFF uncachable
[    0.001935]   C0000-FFFFF write-protect
[    0.001936] MTRR variable ranges enabled:
[    0.001937]   0 base 000000000000 mask 3FFF80000000 write-back
[    0.001938]   1 disabled
[    0.001938]   2 disabled
[    0.001939]   3 disabled
[    0.001939]   4 disabled
[    0.001939]   5 disabled
[    0.001940]   6 disabled
[    0.001940]   7 disabled
[    0.001941]   8 disabled
[    0.001941]   9 disabled
[    0.001941]   10 disabled
[    0.001942]   11 disabled
[    0.001942]   12 disabled
[    0.001943]   13 disabled
[    0.001943]   14 disabled
[    0.001944]   15 disabled
[    0.001961] x86/PAT: Configuration [0-7]: WB  WC  UC- UC  WB  WP  UC- WT  
[    0.002093] found SMP MP-table at [mem 0x0009fff0-0x0009ffff]
[    0.091673] check: Scanning 1 areas for low memory corruption
[    0.091943] RAMDISK: [mem 0x32271000-0x3512ffff]
[    0.091951] ACPI: Early table checksum verification disabled
[    0.091956] ACPI: RSDP 0x00000000000E0000 000024 (v02 VBOX  )
[    0.091961] ACPI: XSDT 0x000000007FFF0030 00003C (v01 VBOX   VBOXXSDT 00000001 ASL  00000061)
[    0.091967] ACPI: FACP 0x000000007FFF00F0 0000F4 (v04 VBOX   VBOXFACP 00000001 ASL  00000061)
[    0.091974] ACPI: DSDT 0x000000007FFF02E0 002353 (v02 VBOX   VBOXBIOS 00000002 VBOX 00029BF3)
[    0.091978] ACPI: FACS 0x000000007FFF0200 000040
[    0.091981] ACPI: FACS 0x000000007FFF0200 000040
[    0.091984] ACPI: APIC 0x000000007FFF0240 000054 (v02 VBOX   VBOXAPIC 00000001 ASL  00000061)
[    0.091988] ACPI: SSDT 0x000000007FFF02A0 000038 (v01 VBOX   VBOXCPUT 00000002 VBOX 00029BF3)
[    0.091991] ACPI: Reserving FACP table memory at [mem 0x7fff00f0-0x7fff01e3]
[    0.091992] ACPI: Reserving DSDT table memory at [mem 0x7fff02e0-0x7fff2632]
[    0.091993] ACPI: Reserving FACS table memory at [mem 0x7fff0200-0x7fff023f]
[    0.091993] ACPI: Reserving FACS table memory at [mem 0x7fff0200-0x7fff023f]
[    0.091994] ACPI: Reserving APIC table memory at [mem 0x7fff0240-0x7fff0293]
[    0.091995] ACPI: Reserving SSDT table memory at [mem 0x7fff02a0-0x7fff02d7]
[    0.092009] ACPI: Local APIC address 0xfee00000
[    0.092196] No NUMA configuration found
[    0.092198] Faking a node at [mem 0x0000000000000000-0x000000007ffeffff]
[    0.092208] NODE_DATA(0) allocated [mem 0x7ffc5000-0x7ffeffff]
[    0.092468] Zone ranges:
[    0.092469]   DMA      [mem 0x0000000000001000-0x0000000000ffffff]
[    0.092471]   DMA32    [mem 0x0000000001000000-0x000000007ffeffff]
[    0.092471]   Normal   empty
[    0.092472]   Device   empty
[    0.092473] Movable zone start for each node
[    0.092475] Early memory node ranges
[    0.092475]   node   0: [mem 0x0000000000001000-0x000000000009efff]
[    0.092476]   node   0: [mem 0x0000000000100000-0x000000007ffeffff]
[    0.092479] Zeroed struct page in unavailable ranges: 114 pages
[    0.092480] Initmem setup node 0 [mem 0x0000000000001000-0x000000007ffeffff]
[    0.092481] On node 0 totalpages: 524174
[    0.092483]   DMA zone: 64 pages used for memmap
[    0.092483]   DMA zone: 21 pages reserved
[    0.092484]   DMA zone: 3998 pages, LIFO batch:0
[    0.092555]   DMA32 zone: 8128 pages used for memmap
[    0.092555]   DMA32 zone: 520176 pages, LIFO batch:63
[    0.101419] ACPI: PM-Timer IO Port: 0x4008
[    0.101423] ACPI: Local APIC address 0xfee00000
[    0.101490] IOAPIC[0]: apic_id 1, version 32, address 0xfec00000, GSI 0-23
[    0.101493] ACPI: INT_SRC_OVR (bus 0 bus_irq 0 global_irq 2 dfl dfl)
[    0.101495] ACPI: INT_SRC_OVR (bus 0 bus_irq 9 global_irq 9 low level)
[    0.101497] ACPI: IRQ0 used by override.
[    0.101498] ACPI: IRQ9 used by override.
[    0.101500] Using ACPI (MADT) for SMP configuration information
[    0.101507] smpboot: Allowing 1 CPUs, 0 hotplug CPUs
[    0.101528] PM: Registered nosave memory: [mem 0x00000000-0x00000fff]
[    0.101529] PM: Registered nosave memory: [mem 0x0009f000-0x0009ffff]
[    0.101529] PM: Registered nosave memory: [mem 0x000a0000-0x000effff]
[    0.101530] PM: Registered nosave memory: [mem 0x000f0000-0x000fffff]
[    0.101531] [mem 0x80000000-0xfebfffff] available for PCI devices
[    0.101532] Booting paravirtualized kernel on KVM
[    0.101535] clocksource: refined-jiffies: mask: 0xffffffff max_cycles: 0xffffffff, max_idle_ns: 7645519600211568 ns
[    0.101540] setup_percpu: NR_CPUS:8192 nr_cpumask_bits:1 nr_cpu_ids:1 nr_node_ids:1
[    0.102542] percpu: Embedded 60 pages/cpu s208896 r8192 d28672 u2097152
[    0.102547] pcpu-alloc: s208896 r8192 d28672 u2097152 alloc=1*2097152
[    0.102547] pcpu-alloc: [0] 0 
[    0.102574] Built 1 zonelists, mobility grouping on.  Total pages: 515961
[    0.102575] Policy zone: DMA32
[    0.102576] Kernel command line: BOOT_IMAGE=/boot/vmlinuz-5.4.243-mptcp root=UUID=98415a12-53b7-4144-8265-0f7ece09e445 ro quiet splash
[    0.103430] Dentry cache hash table entries: 262144 (order: 9, 2097152 bytes, linear)
[    0.103576] Inode-cache hash table entries: 131072 (order: 8, 1048576 bytes, linear)
[    0.103626] mem auto-init: stack:off, heap alloc:on, heap free:off
[    0.103629] Calgary: detecting Calgary via BIOS EBDA area
[    0.103630] Calgary: Unable to locate Rio Grande table in EBDA - bailing!
[    0.107674] Memory: 1967332K/2096696K available (14339K kernel code, 2398K rwdata, 4712K rodata, 2728K init, 17260K bss, 129364K reserved, 0K cma-reserved)
[    0.108612] SLUB: HWalign=64, Order=0-3, MinObjects=0, CPUs=1, Nodes=1
[    0.108629] ftrace: allocating 43186 entries in 169 pages
[    0.126622] rcu: Hierarchical RCU implementation.
[    0.126623] rcu: 	RCU restricting CPUs from NR_CPUS=8192 to nr_cpu_ids=1.
[    0.126625] 	Tasks RCU enabled.
[    0.126626] rcu: RCU calculated value of scheduler-enlistment delay is 25 jiffies.
[    0.126626] rcu: Adjusting geometry for rcu_fanout_leaf=16, nr_cpu_ids=1
[    0.129587] NR_IRQS: 524544, nr_irqs: 256, preallocated irqs: 16
[    0.129801] random: crng init done
[    0.139133] Console: colour VGA+ 80x25
[    0.139137] printk: console [tty0] enabled
[    0.139157] ACPI: Core revision 20190816
[    0.139249] APIC: Switch to symmetric I/O mode setup
[    0.139499] x2apic enabled
[    0.139739] Switched APIC routing to physical x2apic.
[    0.140875] ..TIMER: vector=0x30 apic1=0 pin1=2 apic2=-1 pin2=-1
[    0.140899] clocksource: tsc-early: mask: 0xffffffffffffffff max_cycles: 0x1e4530a99b6, max_idle_ns: 440795257976 ns
[    0.140904] Calibrating delay loop (skipped) preset value.. 4200.00 BogoMIPS (lpj=8400000)
[    0.140906] pid_max: default: 32768 minimum: 301
[    0.140932] LSM: Security Framework initializing
[    0.140941] Yama: becoming mindful.
[    0.140968] AppArmor: AppArmor initialized
[    0.141000] Mount-cache hash table entries: 4096 (order: 3, 32768 bytes, linear)
[    0.141005] Mountpoint-cache hash table entries: 4096 (order: 3, 32768 bytes, linear)
[    0.141015] *** VALIDATE tmpfs ***
[    0.141142] *** VALIDATE proc ***
[    0.141181] *** VALIDATE cgroup1 ***
[    0.141182] *** VALIDATE cgroup2 ***
[    0.141320] process: using mwait in idle threads
[    0.141325] Last level iTLB entries: 4KB 64, 2MB 8, 4MB 8
[    0.141326] Last level dTLB entries: 4KB 64, 2MB 0, 4MB 0, 1GB 4
[    0.141348] Spectre V1 : Mitigation: usercopy/swapgs barriers and __user pointer sanitization
[    0.141353] Spectre V2 : Mitigation: Retpolines
[    0.141354] Spectre V2 : Spectre v2 / SpectreRSB mitigation: Filling RSB on context switch
[    0.141354] Spectre V2 : Spectre v2 / SpectreRSB : Filling RSB on VMEXIT
[    0.141355] RETBleed: WARNING: Spectre v2 mitigation leaves CPU vulnerable to RETBleed attacks, data leaks possible!
[    0.141712] RETBleed: Vulnerable
[    0.141713] Speculative Store Bypass: Vulnerable
[    0.141718] TAA: Mitigation: TSX disabled
[    0.141718] MMIO Stale Data: Mitigation: Clear CPU buffers
[    0.145879] Freeing SMP alternatives memory: 40K
[    0.258246] smpboot: CPU0: Intel(R) Xeon(R) Silver 4216 CPU @ 2.10GHz (family: 0x6, model: 0x55, stepping: 0x7)
[    0.258359] Performance Events: unsupported p6 CPU model 85 no PMU driver, software events only.
[    0.258394] rcu: Hierarchical SRCU implementation.
[    0.258865] NMI watchdog: Perf NMI watchdog permanently disabled
[    0.258901] smp: Bringing up secondary CPUs ...
[    0.258902] smp: Brought up 1 node, 1 CPU
[    0.258903] smpboot: Max logical packages: 1
[    0.258904] smpboot: Total of 1 processors activated (4200.00 BogoMIPS)
[    0.259869] devtmpfs: initialized
[    0.259914] x86/mm: Memory block size: 128MB
[    0.260256] clocksource: jiffies: mask: 0xffffffff max_cycles: 0xffffffff, max_idle_ns: 7645041785100000 ns
[    0.260263] futex hash table entries: 256 (order: 2, 16384 bytes, linear)
[    0.260305] pinctrl core: initialized pinctrl subsystem
[    0.260405] PM: RTC time: 10:59:53, date: 2026-01-17
[    0.260511] NET: Registered protocol family 16
[    0.260584] audit: initializing netlink subsys (disabled)
[    0.260724] EISA bus registered
[    0.260725] cpuidle: using governor ladder
[    0.260726] cpuidle: using governor menu
[    0.260761] ACPI: bus type PCI registered
[    0.260763] acpiphp: ACPI Hot Plug PCI Controller Driver version: 0.5
[    0.260863] PCI: Using configuration type 1 for base access
[    0.261150] audit: type=2000 audit(1768618799.600:1): state=initialized audit_enabled=0 res=1
[    0.261228] HugeTLB registered 2.00 MiB page size, pre-allocated 0 pages
[    0.262029] ACPI: Added _OSI(Module Device)
[    0.262030] ACPI: Added _OSI(Processor Device)
[    0.262030] ACPI: Added _OSI(3.0 _SCP Extensions)
[    0.262031] ACPI: Added _OSI(Processor Aggregator Device)
[    0.262032] ACPI: Added _OSI(Linux-Dell-Video)
[    0.262033] ACPI: Added _OSI(Linux-Lenovo-NV-HDMI-Audio)
[    0.262034] ACPI: Added _OSI(Linux-HPI-Hybrid-Graphics)
[    0.263990] ACPI: 2 ACPI AML tables successfully acquired and loaded
[    0.265493] ACPI: Interpreter enabled
[    0.265503] ACPI: (supports S0 S5)
[    0.265504] ACPI: Using IOAPIC for interrupt routing
[    0.265708] PCI: Using host bridge windows from ACPI; if necessary, use "pci=nocrs" and report a bug
[    0.265811] ACPI: Enabled 2 GPEs in block 00 to 07
[    0.270586] ACPI: PCI Root Bridge [PCI0] (domain 0000 [bus 00-ff])
[    0.270591] acpi PNP0A03:00: _OSC: OS supports [ASPM ClockPM Segments MSI HPX-Type3]
[    0.271034] acpi PNP0A03:00: _OSC: not requesting OS control; OS requires [ExtendedConfig ASPM ClockPM MSI]
[    0.271042] acpi PNP0A03:00: fail to add MMCONFIG information, can't access extended PCI configuration space under this bridge.
[    0.271420] PCI host bridge to bus 0000:00
[    0.271422] pci_bus 0000:00: root bus resource [io  0x0000-0x0cf7 window]
[    0.271423] pci_bus 0000:00: root bus resource [io  0x0d00-0xffff window]
[    0.271424] pci_bus 0000:00: root bus resource [mem 0x000a0000-0x000bffff window]
[    0.271426] pci_bus 0000:00: root bus resource [mem 0x80000000-0xfdffffff window]
[    0.271427] pci_bus 0000:00: root bus resource [bus 00-ff]
[    0.271470] pci 0000:00:00.0: [8086:1237] type 00 class 0x060000
[    0.272408] pci 0000:00:01.0: [8086:7000] type 00 class 0x060100
[    0.273325] pci 0000:00:01.1: [8086:7111] type 00 class 0x01018a
[    0.273698] pci 0000:00:01.1: reg 0x20: [io  0xd000-0xd00f]
[    0.273851] pci 0000:00:01.1: legacy IDE quirk: reg 0x10: [io  0x01f0-0x01f7]
[    0.273852] pci 0000:00:01.1: legacy IDE quirk: reg 0x14: [io  0x03f6]
[    0.273853] pci 0000:00:01.1: legacy IDE quirk: reg 0x18: [io  0x0170-0x0177]
[    0.273854] pci 0000:00:01.1: legacy IDE quirk: reg 0x1c: [io  0x0376]
[    0.274389] pci 0000:00:02.0: [15ad:0405] type 00 class 0x030000
[    0.276977] pci 0000:00:02.0: reg 0x10: [io  0xd010-0xd01f]
[    0.279808] pci 0000:00:02.0: reg 0x14: [mem 0xe0000000-0xe7ffffff pref]
[    0.282762] pci 0000:00:02.0: reg 0x18: [mem 0xf0000000-0xf01fffff]
[    0.293569] pci 0000:00:03.0: [1022:2000] type 00 class 0x020000
[    0.294253] pci 0000:00:03.0: reg 0x10: [io  0xd020-0xd03f]
[    0.294863] pci 0000:00:03.0: reg 0x14: [mem 0xf0200000-0xf0200fff]
[    0.298273] pci 0000:00:04.0: [80ee:cafe] type 00 class 0x088000
[    0.298951] pci 0000:00:04.0: reg 0x10: [io  0xd040-0xd05f]
[    0.299571] pci 0000:00:04.0: reg 0x14: [mem 0xf0400000-0xf07fffff]
[    0.300186] pci 0000:00:04.0: reg 0x18: [mem 0xf0800000-0xf0803fff pref]
[    0.303414] pci 0000:00:07.0: [8086:7113] type 00 class 0x068000
[    0.305076] pci 0000:00:07.0: quirk: [io  0x4000-0x403f] claimed by PIIX4 ACPI
[    0.305086] pci 0000:00:07.0: quirk: [io  0x4100-0x410f] claimed by PIIX4 SMB
[    0.305669] pci 0000:00:08.0: [1022:2000] type 00 class 0x020000
[    0.306335] pci 0000:00:08.0: reg 0x10: [io  0xd060-0xd07f]
[    0.306944] pci 0000:00:08.0: reg 0x14: [mem 0xf0804000-0xf0804fff]
[    0.310287] pci 0000:00:09.0: [8086:100e] type 00 class 0x020000
[    0.310992] pci 0000:00:09.0: reg 0x10: [mem 0xf0820000-0xf083ffff]
[    0.312195] pci 0000:00:09.0: reg 0x18: [io  0xd080-0xd087]
[    0.321897] ACPI: PCI Interrupt Link [LNKA] (IRQs 5 9 10 *11)
[    0.322180] ACPI: PCI Interrupt Link [LNKB] (IRQs 5 9 *10 11)
[    0.322284] ACPI: PCI Interrupt Link [LNKC] (IRQs 5 *9 10 11)
[    0.322386] ACPI: PCI Interrupt Link [LNKD] (IRQs 5 9 10 *11)
[    0.322635] iommu: Default domain type: Translated 
[    0.322693] pci 0000:00:02.0: vgaarb: setting as boot VGA device
[    0.322695] pci 0000:00:02.0: vgaarb: VGA device added: decodes=io+mem,owns=io+mem,locks=none
[    0.322697] pci 0000:00:02.0: vgaarb: bridge control possible
[    0.322698] vgaarb: loaded
[    0.322902] SCSI subsystem initialized
[    0.322932] libata version 3.00 loaded.
[    0.322954] ACPI: bus type USB registered
[    0.322970] usbcore: registered new interface driver usbfs
[    0.322975] usbcore: registered new interface driver hub
[    0.322981] usbcore: registered new device driver usb
[    0.323007] pps_core: LinuxPPS API ver. 1 registered
[    0.323008] pps_core: Software ver. 5.3.6 - Copyright 2005-2007 Rodolfo Giometti <giometti@linux.it>
[    0.323010] PTP clock support registered
[    0.323044] EDAC MC: Ver: 3.0.0
[    0.323328] PCI: Using ACPI for IRQ routing
[    0.323329] PCI: pci_cache_line_size set to 64 bytes
[    0.323498] e820: reserve RAM buffer [mem 0x0009fc00-0x0009ffff]
[    0.323501] e820: reserve RAM buffer [mem 0x7fff0000-0x7fffffff]
[    0.325611] NetLabel: Initializing
[    0.325611] NetLabel:  domain hash size = 128
[    0.325612] NetLabel:  protocols = UNLABELED CIPSOv4 CALIPSO
[    0.325631] NetLabel:  unlabeled traffic allowed by default
[    0.326521] clocksource: Switched to clocksource kvm-clock
[    0.339205] *** VALIDATE bpf ***
[    0.339259] VFS: Disk quotas dquot_6.6.0
[    0.339272] VFS: Dquot-cache hash table entries: 512 (order 0, 4096 bytes)
[    0.339292] *** VALIDATE ramfs ***
[    0.339294] *** VALIDATE hugetlbfs ***
[    0.339372] AppArmor: AppArmor Filesystem Enabled
[    0.339395] pnp: PnP ACPI init
[    0.339454] pnp 00:00: Plug and Play ACPI device, IDs PNP0303 (active)
[    0.339538] pnp 00:01: Plug and Play ACPI device, IDs PNP0f03 (active)
[    0.340276] pnp: PnP ACPI: found 2 devices
[    0.341228] thermal_sys: Registered thermal governor 'fair_share'
[    0.341229] thermal_sys: Registered thermal governor 'bang_bang'
[    0.341229] thermal_sys: Registered thermal governor 'step_wise'
[    0.341230] thermal_sys: Registered thermal governor 'user_space'
[    0.341230] thermal_sys: Registered thermal governor 'power_allocator'
[    0.345758] clocksource: acpi_pm: mask: 0xffffff max_cycles: 0xffffff, max_idle_ns: 2085701024 ns
[    0.345797] pci_bus 0000:00: resource 4 [io  0x0000-0x0cf7 window]
[    0.345798] pci_bus 0000:00: resource 5 [io  0x0d00-0xffff window]
[    0.345800] pci_bus 0000:00: resource 6 [mem 0x000a0000-0x000bffff window]
[    0.345801] pci_bus 0000:00: resource 7 [mem 0x80000000-0xfdffffff window]
[    0.345856] NET: Registered protocol family 2
[    0.345928] IP idents hash table entries: 32768 (order: 6, 262144 bytes, linear)
[    0.346335] MPTCP tokens hash table entries: 8192 (order: 4, 65536 bytes, linear)
[    0.346355] MPTCP request tokens hash table entries: 8192 (order: 4, 65536 bytes, linear)
[    0.346379] default registered
[    0.346380] default registered
[    0.346380] MPTCP: Stable release v0.96
[    0.346386] tcp_listen_portaddr_hash hash table entries: 1024 (order: 2, 16384 bytes, linear)
[    0.346462] TCP established hash table entries: 16384 (order: 5, 131072 bytes, linear)
[    0.346526] TCP bind hash table entries: 16384 (order: 6, 262144 bytes, linear)
[    0.346551] TCP: Hash tables configured (established 16384 bind 16384)
[    0.347266] UDP hash table entries: 1024 (order: 3, 32768 bytes, linear)
[    0.347277] UDP-Lite hash table entries: 1024 (order: 3, 32768 bytes, linear)
[    0.347311] NET: Registered protocol family 1
[    0.347319] NET: Registered protocol family 44
[    0.347339] pci 0000:00:00.0: Limiting direct PCI/PCI transfers
[    0.347351] pci 0000:00:01.0: Activating ISA DMA hang workarounds
[    0.347407] pci 0000:00:02.0: Video device with shadowed ROM at [mem 0x000c0000-0x000dffff]
[    0.347469] PCI: CLS 0 bytes, default 64
[    0.347513] Trying to unpack rootfs image as initramfs...
[    0.520181] Freeing initrd memory: 47868K
[    0.520181] clocksource: tsc: mask: 0xffffffffffffffff max_cycles: 0x1e4530a99b6, max_idle_ns: 440795257976 ns
[    0.520181] clocksource: Switched to clocksource tsc
[    0.520181] platform rtc_cmos: registered platform RTC device (no PNP device found)
[    0.520181] check: Scanning for low memory corruption every 60 seconds
[    0.520181] Initialise system trusted keyrings
[    0.520181] Key type blacklist registered
[    0.520181] workingset: timestamp_bits=36 max_order=19 bucket_order=0
[    0.520181] zbud: loaded
[    0.520181] squashfs: version 4.0 (2009/01/31) Phillip Lougher
[    0.520181] fuse: init (API version 7.31)
[    0.520181] *** VALIDATE fuse ***
[    0.520181] *** VALIDATE fuse ***
[    0.520181] Platform Keyring initialized
[    0.534904] Key type asymmetric registered
[    0.534905] Asymmetric key parser 'x509' registered
[    0.534915] Block layer SCSI generic (bsg) driver version 0.4 loaded (major 244)
[    0.534952] io scheduler mq-deadline registered
[    0.535072] shpchp: Standard Hot Plug PCI Controller Driver version: 0.4
[    0.535278] ACPI: AC Adapter [AC] (on-line)
[    0.535322] input: Power Button as /devices/LNXSYSTM:00/LNXPWRBN:00/input/input0
[    0.535352] ACPI: Power Button [PWRF]
[    0.535428] input: Sleep Button as /devices/LNXSYSTM:00/LNXSLPBN:00/input/input1
[    0.535442] ACPI: Sleep Button [SLPF]
[    0.535682] Serial: 8250/16550 driver, 32 ports, IRQ sharing enabled
[    0.536829] Linux agpgart interface v0.103
[    0.627142] loop: module loaded
[    0.627280] ata_piix 0000:00:01.1: version 2.13
[    0.627680] scsi host0: ata_piix
[    0.627771] scsi host1: ata_piix
[    0.627796] ata1: PATA max UDMA/33 cmd 0x1f0 ctl 0x3f6 bmdma 0xd000 irq 14
[    0.627797] ata2: PATA max UDMA/33 cmd 0x170 ctl 0x376 bmdma 0xd008 irq 15
[    0.627877] tun: Universal TUN/TAP device driver, 1.6
[    0.628174] PPP generic driver version 2.4.2
[    0.628216] VFIO - User Level meta-driver version: 0.3
[    0.628449] ehci_hcd: USB 2.0 'Enhanced' Host Controller (EHCI) Driver
[    0.628454] ehci-pci: EHCI PCI platform driver
[    0.628468] ehci-platform: EHCI generic platform driver
[    0.628474] ohci_hcd: USB 1.1 'Open' Host Controller (OHCI) Driver
[    0.628475] ohci-pci: OHCI PCI platform driver
[    0.628482] ohci-platform: OHCI generic platform driver
[    0.628487] uhci_hcd: USB Universal Host Controller Interface driver
[    0.628553] i8042: PNP: PS/2 Controller [PNP0303:PS2K,PNP0f03:PS2M] at 0x60,0x64 irq 1,12
[    0.628982] serio: i8042 KBD port at 0x60,0x64 irq 1
[    0.628986] serio: i8042 AUX port at 0x60,0x64 irq 12
[    0.629071] mousedev: PS/2 mouse device common for all mice
[    0.629318] input: AT Translated Set 2 keyboard as /devices/platform/i8042/serio0/input/input2
[    0.629717] rtc_cmos rtc_cmos: registered as rtc0
[    0.629730] rtc_cmos rtc_cmos: alarms up to one day, 114 bytes nvram
[    0.629735] i2c /dev entries driver
[    0.629776] device-mapper: uevent: version 1.0.3
[    0.629818] device-mapper: ioctl: 4.41.0-ioctl (2019-09-16) initialised: dm-devel@redhat.com
[    0.629834] platform eisa.0: Probing EISA bus 0
[    0.629835] platform eisa.0: EISA: Cannot allocate resource for mainboard
[    0.629836] platform eisa.0: Cannot allocate resource for EISA slot 1
[    0.629837] platform eisa.0: Cannot allocate resource for EISA slot 2
[    0.629838] platform eisa.0: Cannot allocate resource for EISA slot 3
[    0.629839] platform eisa.0: Cannot allocate resource for EISA slot 4
[    0.629840] platform eisa.0: Cannot allocate resource for EISA slot 5
[    0.629841] platform eisa.0: Cannot allocate resource for EISA slot 6
[    0.629842] platform eisa.0: Cannot allocate resource for EISA slot 7
[    0.629843] platform eisa.0: Cannot allocate resource for EISA slot 8
[    0.629844] platform eisa.0: EISA: Detected 0 cards
[    0.629847] intel_pstate: CPU model not supported
[    0.629855] ledtrig-cpu: registered to indicate activity on CPUs
[    0.629907] drop_monitor: Initializing network drop monitor service
[    0.630079] NET: Registered protocol family 10
[    0.635215] Segment Routing with IPv6
[    0.635246] fullmesh registered
[    0.635247] ndiffports registered
[    0.635249] binder registered
[    0.635250] roundrobin registered
[    0.635250] redundant registered
[    0.635251] blest registered
[    0.635252] ecf registered
[    0.635253] NET: Registered protocol family 17
[    0.635271] Key type dns_resolver registered
[    0.635271] RAS: Correctable Errors collector initialized.
[    0.635271] IPI shorthand broadcast: enabled
[    0.635271] sched_clock: Marking stable (620161415, 11109886)->(632282216, -1010915)
[    0.635458] registered taskstats version 1
[    0.635466] Loading compiled-in X.509 certificates
[    0.636054] Loaded X.509 cert 'Build time autogenerated kernel key: 6909f3744cebb3d0de528d5887b96a727de79b1e'
[    0.636073] zswap: loaded using pool lzo/zbud
[    0.636124] Key type ._fscrypt registered
[    0.636125] Key type .fscrypt registered
[    0.640555] Key type big_key registered
[    0.642752] Key type encrypted registered
[    0.642755] AppArmor: AppArmor sha1 policy hashing enabled
[    0.642761] ima: No TPM chip found, activating TPM-bypass!
[    0.642765] ima: Allocated hash algorithm: sha1
[    0.642769] ima: No architecture policies found
[    0.642778] evm: Initialising EVM extended attributes:
[    0.642778] evm: security.selinux
[    0.642779] evm: security.SMACK64
[    0.642779] evm: security.SMACK64EXEC
[    0.642780] evm: security.SMACK64TRANSMUTE
[    0.642780] evm: security.SMACK64MMAP
[    0.642781] evm: security.apparmor
[    0.642781] evm: security.ima
[    0.642782] evm: security.capability
[    0.642782] evm: HMAC attrs: 0x1
[    0.643071] PM:   Magic number: 10:747:982
[    0.643180] rtc_cmos rtc_cmos: setting system clock to 2026-01-17T10:59:54 UTC (1768647594)
[    0.799976] ata1.00: ATA-6: VBOX HARDDISK, 1.0, max UDMA/133
[    0.799979] ata1.00: 209715200 sectors, multi 128: LBA 
[    0.800607] scsi 0:0:0:0: Direct-Access     ATA      VBOX HARDDISK    1.0  PQ: 0 ANSI: 5
[    0.800875] sd 0:0:0:0: [sda] 209715200 512-byte logical blocks: (107 GB/100 GiB)
[    0.800887] sd 0:0:0:0: [sda] Write Protect is off
[    0.800890] sd 0:0:0:0: [sda] Mode Sense: 00 3a 00 00
[    0.800909] sd 0:0:0:0: [sda] Write cache: enabled, read cache: enabled, doesn't support DPO or FUA
[    0.801134] sd 0:0:0:0: Attached scsi generic sg0 type 0
[    0.802159]  sda: sda1 sda2
[    0.811443] sd 0:0:0:0: [sda] Attached SCSI disk
[    0.816180] Freeing unused decrypted memory: 2040K
[    0.817420] Freeing unused kernel image memory: 2728K
[    0.817424] Write protecting the kernel read-only data: 22528k
[    0.818795] Freeing unused kernel image memory: 2036K
[    0.819515] Freeing unused kernel image memory: 1432K
[    0.853382] x86/mm: Checked W+X mappings: passed, no W+X pages found.
[    0.853386] Run /init as init process
[    0.963537] ACPI: Video Device [GFX0] (multi-head: yes  rom: no  post: no)
[    0.963609] input: Video Bus as /devices/LNXSYSTM:00/LNXSYBUS:00/PNP0A03:00/LNXVIDEO:00/input/input4
[    0.980963] piix4_smbus 0000:00:07.0: SMBus Host Controller at 0x4100, revision 0
[    0.983663] e1000: Intel(R) PRO/1000 Network Driver - version 7.3.21-k8-NAPI
[    0.983664] e1000: Copyright (c) 1999-2006 Intel Corporation.
[    0.985723] pcnet32: pcnet32.c:v1.35 21.Apr.2008 tsbogend@alpha.franken.de
[    0.986383] pcnet32: PCnet/FAST III 79C973 at 0xd020, 08:00:27:ef:c5:42 assigned IRQ 19
[    0.986426] pcnet32: Found PHY 0022:561b at address 0
[    0.986724] pcnet32: eth0: registered as PCnet/FAST III 79C973
[    1.008106] pcnet32: PCnet/FAST III 79C973 at 0xd060, 08:00:27:a9:89:99 assigned IRQ 16
[    1.008149] pcnet32: Found PHY 0022:561b at address 0
[    1.008456] pcnet32: eth1: registered as PCnet/FAST III 79C973
[    1.015859] pcnet32: 2 cards_found
[    1.056012] pcnet32 0000:00:03.0 enp0s3: renamed from eth0
[    1.057877] pcnet32 0000:00:08.0 enp0s8: renamed from eth1
[    1.194254] input: ImExPS/2 Generic Explorer Mouse as /devices/platform/i8042/serio1/input/input5
[    1.395595] e1000 0000:00:09.0 eth0: (PCI:33MHz:32-bit) 08:00:27:52:60:5e
[    1.395598] e1000 0000:00:09.0 eth0: Intel(R) PRO/1000 Network Connection
[    1.396596] e1000 0000:00:09.0 enp0s9: renamed from eth0
[    1.540916] EXT4-fs (sda2): mounted filesystem with ordered data mode. Opts: (null)
[    1.630406] systemd[1]: Inserted module 'autofs4'
[    1.642145] systemd[1]: systemd 245.4-4ubuntu3 running in system mode. (+PAM +AUDIT +SELINUX +IMA +APPARMOR +SMACK +SYSVINIT +UTMP +LIBCRYPTSETUP +GCRYPT +GNUTLS +ACL +XZ +LZ4 +SECCOMP +BLKID +ELFUTILS +KMOD +IDN2 -IDN +PCRE2 default-hierarchy=hybrid)
[    1.642173] systemd[1]: Detected virtualization oracle.
[    1.642176] systemd[1]: Detected architecture x86-64.
[    1.643499] systemd[1]: Set hostname to <ztg>.
[    1.766864] systemd[1]: /lib/systemd/system/dbus.socket:5: ListenStream= references a path below legacy directory /var/run/, updating /var/run/dbus/system_bus_socket â†’ /run/dbus/system_bus_socket; please update the unit file accordingly.
[    1.818861] systemd[1]: Created slice system-modprobe.slice.
[    1.819042] systemd[1]: Created slice User and Session Slice.
[    1.819084] systemd[1]: Started Forward Password Requests to Wall Directory Watch.
[    1.819289] systemd[1]: Set up automount Arbitrary Executable File Formats File System Automount Point.
[    1.819324] systemd[1]: Reached target User and Group Name Lookups.
[    1.819334] systemd[1]: Reached target Remote File Systems.
[    1.819342] systemd[1]: Reached target Slices.
[    1.820132] systemd[1]: Listening on Syslog Socket.
[    1.820197] systemd[1]: Listening on fsck to fsckd communication Socket.
[    1.820233] systemd[1]: Listening on initctl Compatibility Named Pipe.
[    1.820360] systemd[1]: Listening on Journal Audit Socket.
[    1.820414] systemd[1]: Listening on Journal Socket (/dev/log).
[    1.820480] systemd[1]: Listening on Journal Socket.
[    1.820542] systemd[1]: Listening on udev Control Socket.
[    1.820581] systemd[1]: Listening on udev Kernel Socket.
[    1.821253] systemd[1]: Mounting Huge Pages File System...
[    1.822125] systemd[1]: Mounting POSIX Message Queue File System...
[    1.822947] systemd[1]: Mounting Kernel Debug File System...
[    1.823833] systemd[1]: Mounting Kernel Trace File System...
[    1.825659] systemd[1]: Starting Journal Service...
[    1.849720] systemd[1]: Starting Set the console keyboard layout...
[    1.857361] systemd[1]: Starting Create list of static device nodes for the current kernel...
[    1.859124] systemd[1]: Starting Load Kernel Module drm...
[    1.860464] systemd[1]: Condition check resulted in Set Up Additional Binary Formats being skipped.
[    1.860510] systemd[1]: Condition check resulted in File System Check on Root Device being skipped.
[    1.871791] systemd[1]: Starting Load Kernel Modules...
[    1.879360] systemd[1]: Starting Remount Root and Kernel File Systems...
[    1.884513] systemd[1]: Starting udev Coldplug all Devices...
[    1.897152] systemd[1]: Starting Uncomplicated firewall...
[    1.898380] systemd[1]: Mounted Huge Pages File System.
[    1.898460] systemd[1]: Mounted POSIX Message Queue File System.
[    1.898528] systemd[1]: Mounted Kernel Debug File System.
[    1.898591] systemd[1]: Mounted Kernel Trace File System.
[    1.903332] EXT4-fs (sda2): re-mounted. Opts: errors=remount-ro
[    1.909547] systemd[1]: Finished Create list of static device nodes for the current kernel.
[    1.910519] systemd[1]: modprobe@drm.service: Succeeded.
[    1.912067] systemd[1]: Finished Load Kernel Module drm.
[    1.927840] systemd[1]: Finished Remount Root and Kernel File Systems.
[    1.945821] systemd[1]: Finished Uncomplicated firewall.
[    1.962036] lp: driver loaded but no devices found
[    1.963259] systemd[1]: Condition check resulted in Rebuild Hardware Database being skipped.
[    1.963295] systemd[1]: Condition check resulted in Platform Persistent Storage Archival being skipped.
[    1.963906] systemd[1]: Starting Load/Save Random Seed...
[    1.968846] systemd[1]: Starting Create System Users...
[    1.981062] systemd[1]: Finished Load/Save Random Seed.
[    1.981997] systemd[1]: Finished Create System Users.
[    1.982696] systemd[1]: Starting Create Static Device Nodes in /dev...
[    1.988479] ppdev: user-space parallel port driver
[    2.014055] systemd[1]: Finished Create Static Device Nodes in /dev.
[    2.014774] systemd[1]: Starting udev Kernel Device Manager...
[    2.054410] systemd[1]: Finished udev Coldplug all Devices.
[    2.066079] [drm] DMA map mode: Caching DMA mappings.
[    2.066169] [drm] Capabilities:
[    2.066170] [drm]   Rect copy.
[    2.066170] [drm]   Cursor.
[    2.066170] [drm]   Cursor bypass.
[    2.066171] [drm]   Cursor bypass 2.
[    2.066171] [drm]   Alpha cursor.
[    2.066171] [drm]   Extended Fifo.
[    2.066172] [drm]   Pitchlock.
[    2.066172] [drm]   Irq mask.
[    2.066172] [drm]   GMR.
[    2.066173] [drm]   Traces.
[    2.066173] [drm]   GMR2.
[    2.066173] [drm]   Screen Object 2.
[    2.066174] [drm]   Command Buffers.
[    2.066174] [drm]   Command Buffers 2.
[    2.066174] [drm]   Guest Backed Resources.
[    2.066175] [drm] Max GMR ids is 8192
[    2.066176] [drm] Max number of GMR pages is 1048576
[    2.066176] [drm] Max dedicated hypervisor surface memory is 393216 kiB
[    2.066177] [drm] Maximum display memory size is 131072 kiB
[    2.066178] [drm] VRAM at 0xe0000000 size is 131072 kiB
[    2.066178] [drm] MMIO at 0xf0000000 size is 2048 kiB
[    2.090991] [TTM] Zone  kernel: Available graphics memory: 1011738 KiB
[    2.090992] [TTM] Initializing pool allocator
[    2.090996] [TTM] Initializing DMA pool allocator
[    2.091024] [drm] Supports vblank timestamp caching Rev 2 (21.10.2013).
[    2.091025] [drm] No driver support for vblank timestamp query.
[    2.091246] [drm] Screen Target Display device initialized
[    2.091457] [drm] width 720
[    2.091467] [drm] height 400
[    2.091470] [drm] bpp 32
[    2.091942] [drm] Fifo max 0x00200000 min 0x00001000 cap 0x00000355
[    2.093264] [drm] Using command buffers with DMA pool.
[    2.093268] [drm] DX: no.
[    2.093268] [drm] Atomic: yes.
[    2.093269] [drm] SM4_1: no.
[    2.093287] [drm:vmw_host_log [vmwgfx]] *ERROR* Failed to send host log message.
[    2.094187] [drm:vmw_host_log [vmwgfx]] *ERROR* Failed to send host log message.
[    2.104025] fbcon: svgadrmfb (fb0) is primary device
[    2.110768] Console: switching to colour frame buffer device 100x37
[    2.112623] systemd[1]: Finished Set the console keyboard layout.
[    2.112806] systemd[1]: Reached target Local File Systems (Pre).
[    2.115973] systemd[1]: Mounting Mount unit for bare, revision 5...
[    2.118248] systemd[1]: Mounting Mount unit for core18, revision 1705...
[    2.119003] [drm] Initialized vmwgfx 2.15.0 20180704 for 0000:00:02.0 on minor 0
[    2.124587] systemd[1]: Mounting Mount unit for gnome-3-34-1804, revision 24...
[    2.133293] systemd[1]: Mounting Mount unit for gtk-common-themes, revision 1506...
[    2.162408] systemd[1]: Mounting Mount unit for gtk-common-themes, revision 1535...
[    2.172064] systemd[1]: Mounting Mount unit for snap-store, revision 433...
[    2.174770] systemd[1]: Mounting Mount unit for snapd, revision 25935...
[    2.179865] systemd[1]: Finished Load Kernel Modules.
[    2.185750] systemd[1]: Mounting FUSE Control File System...
[    2.189301] systemd[1]: Mounting Kernel Configuration File System...
[    2.216975] systemd[1]: Starting Apply Kernel Variables...
[    2.225206] systemd[1]: Mounted Mount unit for bare, revision 5.
[    2.225297] systemd[1]: Mounted Mount unit for core18, revision 1705.
[    2.225374] systemd[1]: Mounted Mount unit for gnome-3-34-1804, revision 24.
[    2.225445] systemd[1]: Mounted Mount unit for gtk-common-themes, revision 1506.
[    2.225515] systemd[1]: Mounted FUSE Control File System.
[    2.225563] systemd[1]: Condition check resulted in VMware vmblock fuse mount being skipped.
[    2.232377] systemd[1]: Mounted Kernel Configuration File System.
[    2.236292] systemd[1]: Finished Apply Kernel Variables.
[    2.267245] systemd[1]: Started udev Kernel Device Manager.
[    2.267909] systemd[1]: Starting Show Plymouth Boot Screen...
[    2.273756] systemd[1]: Received SIGRTMIN+20 from PID 283 (plymouthd).
[    2.277712] systemd[1]: Mounted Mount unit for gtk-common-themes, revision 1535.
[    2.279345] systemd[1]: Mounted Mount unit for snap-store, revision 433.
[    2.279474] systemd[1]: Mounted Mount unit for snapd, revision 25935.
[    2.280037] systemd[1]: Reached target Local File Systems.
[    2.296539] systemd[1]: Starting Load AppArmor profiles...
[    2.301323] systemd[1]: Starting Set console font and keymap...
[    2.309768] systemd[1]: Starting Tell Plymouth To Write Out Runtime Data...
[    2.311454] systemd[1]: Condition check resulted in Store a System Token in an EFI Variable being skipped.
[    2.311508] systemd[1]: Condition check resulted in Commit a transient machine-id on disk being skipped.
[    2.311712] systemd[1]: Started Show Plymouth Boot Screen.
[    2.313980] systemd[1]: Finished Set console font and keymap.
[    2.314179] systemd[1]: Condition check resulted in Dispatch Password Requests to Console Directory Watch being skipped.
[    2.314255] systemd[1]: Started Forward Password Requests to Plymouth Directory Watch.
[    2.315583] systemd[1]: Reached target Local Encrypted Volumes.
[    2.323322] systemd[1]: Received SIGRTMIN+20 from PID 283 (plymouthd).
[    2.324575] systemd[1]: plymouth-read-write.service: Succeeded.
[    2.324798] systemd[1]: Finished Tell Plymouth To Write Out Runtime Data.
[    2.344311] audit: type=1400 audit(1768647596.196:2): apparmor="STATUS" operation="profile_load" profile="unconfined" name="nvidia_modprobe" pid=301 comm="apparmor_parser"
[    2.344313] audit: type=1400 audit(1768647596.196:3): apparmor="STATUS" operation="profile_load" profile="unconfined" name="nvidia_modprobe//kmod" pid=301 comm="apparmor_parser"
[    2.357945] audit: type=1400 audit(1768647596.208:4): apparmor="STATUS" operation="profile_load" profile="unconfined" name="/usr/sbin/tcpdump" pid=302 comm="apparmor_parser"
[    2.390828] audit: type=1400 audit(1768647596.236:5): apparmor="STATUS" operation="profile_load" profile="unconfined" name="/usr/bin/evince" pid=304 comm="apparmor_parser"
[    2.390831] audit: type=1400 audit(1768647596.236:6): apparmor="STATUS" operation="profile_load" profile="unconfined" name="/usr/bin/evince//sanitized_helper" pid=304 comm="apparmor_parser"
[    2.390833] audit: type=1400 audit(1768647596.236:7): apparmor="STATUS" operation="profile_load" profile="unconfined" name="/usr/bin/evince-previewer" pid=304 comm="apparmor_parser"
[    2.390835] audit: type=1400 audit(1768647596.236:8): apparmor="STATUS" operation="profile_load" profile="unconfined" name="/usr/bin/evince-previewer//sanitized_helper" pid=304 comm="apparmor_parser"
[    2.390837] audit: type=1400 audit(1768647596.236:9): apparmor="STATUS" operation="profile_load" profile="unconfined" name="/usr/bin/evince-thumbnailer" pid=304 comm="apparmor_parser"
[    2.425636] audit: type=1400 audit(1768647596.280:10): apparmor="STATUS" operation="profile_load" profile="unconfined" name="/usr/lib/cups/backend/cups-pdf" pid=305 comm="apparmor_parser"
[    2.487366] systemd[1]: Finished Load AppArmor profiles.
[    2.488291] systemd[1]: Starting Load AppArmor profiles managed internally by snapd...
[    2.595893] systemd[1]: Finished Load AppArmor profiles managed internally by snapd.
[    2.778462] systemd[1]: Started Journal Service.
[    2.786431] systemd-journald[229]: Received client request to flush runtime journal.
[    2.790936] systemd-journald[229]: File /var/log/journal/c455b248004a419c87ce85eea238d727/system.journal corrupted or uncleanly shut down, renaming and replacing.
[    4.076993] RAPL PMU: API unit is 2^-32 Joules, 0 fixed counters, 10737418240 ms ovfl timer
[    4.117970] cryptd: max_cpu_qlen set to 1000
[    4.180749] AVX2 version of gcm_enc/dec engaged.
[    4.180750] AES CTR mode by8 optimization enabled
[    5.989853] Adding 1998844k swap on /dev/sda1.  Priority:-2 extents:1 across:1998844k FS
[    7.892540] kauditd_printk_skb: 30 callbacks suppressed
[    7.892542] audit: type=1400 audit(1768647601.744:41): apparmor="DENIED" operation="capable" profile="/usr/sbin/cups-browsed" pid=510 comm="cups-browsed" capability=23  capname="sys_nice"
[    8.561525] pcnet32 0000:00:03.0 enp0s3: link up, 100Mbps, full-duplex
[    8.575346] pcnet32 0000:00:08.0 enp0s8: link up, 100Mbps, full-duplex
[    8.620326] e1000: enp0s9 NIC Link is Up 1000 Mbps Full Duplex, Flow Control: RX
[    8.620618] IPv6: ADDRCONF(NETDEV_CHANGE): enp0s9: link becomes ready
[    9.156390] device enp0s8 entered promiscuous mode
[    9.160440] device enp0s3 entered promiscuous mode
[    9.216664] audit: type=1400 audit(1768647603.072:42): apparmor="DENIED" operation="open" profile="/usr/sbin/tcpdump" name="/proc/sys/kernel/random/boot_id" pid=655 comm="tcpdump" requested_mask="r" denied_mask="r" fsuid=0 ouid=0
[    9.216836] audit: type=1400 audit(1768647603.072:43): apparmor="DENIED" operation="open" profile="/usr/sbin/tcpdump" name="/proc/sys/kernel/random/boot_id" pid=656 comm="tcpdump" requested_mask="r" denied_mask="r" fsuid=0 ouid=0
[    9.216924] audit: type=1400 audit(1768647603.072:44): apparmor="DENIED" operation="open" profile="/usr/sbin/tcpdump" name="/proc/sys/kernel/random/boot_id" pid=658 comm="tcpdump" requested_mask="r" denied_mask="r" fsuid=0 ouid=0
[    9.218809] audit: type=1400 audit(1768647603.072:45): apparmor="DENIED" operation="open" profile="/usr/sbin/tcpdump" name="/proc/sys/kernel/random/boot_id" pid=655 comm="tcpdump" requested_mask="r" denied_mask="r" fsuid=0 ouid=0
[    9.218822] audit: type=1400 audit(1768647603.072:46): apparmor="DENIED" operation="open" profile="/usr/sbin/tcpdump" name="/proc/sys/kernel/random/boot_id" pid=656 comm="tcpdump" requested_mask="r" denied_mask="r" fsuid=0 ouid=0
[    9.218862] audit: type=1400 audit(1768647603.072:47): apparmor="DENIED" operation="open" profile="/usr/sbin/tcpdump" name="/proc/sys/kernel/random/boot_id" pid=656 comm="tcpdump" requested_mask="r" denied_mask="r" fsuid=0 ouid=0
[    9.219053] audit: type=1400 audit(1768647603.072:48): apparmor="DENIED" operation="open" profile="/usr/sbin/tcpdump" name="/proc/sys/kernel/random/boot_id" pid=655 comm="tcpdump" requested_mask="r" denied_mask="r" fsuid=0 ouid=0
[    9.219147] audit: type=1400 audit(1768647603.072:49): apparmor="DENIED" operation="open" profile="/usr/sbin/tcpdump" name="/proc/sys/kernel/random/boot_id" pid=657 comm="tcpdump" requested_mask="r" denied_mask="r" fsuid=0 ouid=0
[    9.219715] audit: type=1400 audit(1768647603.076:50): apparmor="DENIED" operation="open" profile="/usr/sbin/tcpdump" name="/proc/sys/kernel/random/boot_id" pid=658 comm="tcpdump" requested_mask="r" denied_mask="r" fsuid=0 ouid=0
[   15.308472] rfkill: input handler disabled
[  243.197475] AAAAA-TCP_RECV: name:enp0s3: saddr:100932208: daddr:16783984: srtt_us:0: RTT:0: ssthresh:2147483647: cwnd:10: delivered:0: lost:0: retrans:0
[  243.197502] AAAAA-TCP_SEND: name:enp0s3: saddr:16783984: daddr:100932208: srtt_us:909434616: RTT:113679327: ssthresh:0: cwnd:-686683295: delivered:909431761: lost:909442944: retrans:2752477728
[  243.451976] AAAAA-TCP_SEND: name:enp0s3: saddr:16783984: daddr:100932208: srtt_us:909434616: RTT:113679327: ssthresh:0: cwnd:-686683295: delivered:909431761: lost:909442944: retrans:2752477728
[  243.811071] AAAAA-TCP_SEND: name:enp0s3: saddr:16783984: daddr:100932208: srtt_us:4904000: RTT:613000: ssthresh:2147483647: cwnd:10: delivered:1: lost:0: retrans:1
[  243.888664] AAAAA-TCP_RECV: name:enp0s3: saddr:100932208: daddr:16783984: srtt_us:4904000: RTT:613000: ssthresh:2147483647: cwnd:10: delivered:1: lost:0: retrans:1
[  243.888694] AAAAA-TCP_SEND: name:enp0s3: saddr:16783984: daddr:100932208: srtt_us:4904000: RTT:613000: ssthresh:2147483647: cwnd:10: delivered:1: lost:0: retrans:1
[  243.888879] AAAAA-TCP_SEND: name:enp0s3: saddr:16783984: daddr:100932208: srtt_us:4904000: RTT:613000: ssthresh:2147483647: cwnd:10: delivered:1: lost:0: retrans:1
[  244.182961] AAAAA-TCP_RECV: name:enp0s3: saddr:100932208: daddr:16783984: srtt_us:4904000: RTT:613000: ssthresh:2147483647: cwnd:10: delivered:1: lost:0: retrans:1
[  244.800716] AAAAA-TCP_RECV: name:enp0s3: saddr:100932208: daddr:33561200: srtt_us:0: RTT:0: ssthresh:2147483647: cwnd:10: delivered:0: lost:0: retrans:0
[  244.800763] AAAAA-TCP_SEND: name:enp0s3: saddr:33561200: daddr:100932208: srtt_us:909434616: RTT:113679327: ssthresh:0: cwnd:-686683295: delivered:909431761: lost:909442944: retrans:2752477728
[  244.946603] AAAAA-TCP_RECV: name:enp0s3: saddr:100932208: daddr:16783984: srtt_us:4904000: RTT:613000: ssthresh:2147483647: cwnd:10: delivered:1: lost:0: retrans:1
[  244.997183] AAAAA-TCP_RECV: name:enp0s3: saddr:100932208: daddr:16783984: srtt_us:5348731: RTT:668591: ssthresh:2147483647: cwnd:10: delivered:2: lost:0: retrans:1
[  244.997215] AAAAA-TCP_SEND: name:enp0s3: saddr:16783984: daddr:100932208: srtt_us:5348731: RTT:668591: ssthresh:2147483647: cwnd:10: delivered:2: lost:0: retrans:1
[  245.144982] AAAAA-TCP_SEND: name:enp0s3: saddr:33561200: daddr:100932208: srtt_us:2753608: RTT:344201: ssthresh:2147483647: cwnd:10: delivered:1: lost:0: retrans:0
[  245.352515] AAAAA-TCP_RECV: name:enp0s3: saddr:100932208: daddr:16783984: srtt_us:5348731: RTT:668591: ssthresh:2147483647: cwnd:10: delivered:2: lost:0: retrans:1
[  245.352551] AAAAA-TCP_SEND: name:enp0s3: saddr:16783984: daddr:100932208: srtt_us:5348731: RTT:668591: ssthresh:2147483647: cwnd:10: delivered:2: lost:0: retrans:1
[  245.352682] AAAAA-TCP_SEND: name:enp0s3: saddr:33561200: daddr:100932208: srtt_us:2753608: RTT:344201: ssthresh:2147483647: cwnd:10: delivered:1: lost:0: retrans:0
[  245.638046] AAAAA-TCP_RECV: name:enp0s3: saddr:100932208: daddr:33561200: srtt_us:2753608: RTT:344201: ssthresh:2147483647: cwnd:10: delivered:1: lost:0: retrans:0
[  245.698585] AAAAA-TCP_RECV: name:enp0s3: saddr:100932208: daddr:16783984: srtt_us:0: RTT:0: ssthresh:2147483647: cwnd:10: delivered:0: lost:0: retrans:0
[  245.698628] AAAAA-TCP_SEND: name:enp0s3: saddr:16783984: daddr:100932208: srtt_us:909434616: RTT:113679327: ssthresh:0: cwnd:-686683295: delivered:909431761: lost:909442944: retrans:2752477728
[  245.858379] AAAAA-TCP_SEND: name:enp0s3: saddr:16783984: daddr:100932208: srtt_us:1277872: RTT:159734: ssthresh:2147483647: cwnd:10: delivered:1: lost:0: retrans:0
[  245.908822] AAAAA-TCP_RECV: name:enp0s3: saddr:100932208: daddr:16783984: srtt_us:1277872: RTT:159734: ssthresh:2147483647: cwnd:10: delivered:1: lost:0: retrans:0
[  245.908855] AAAAA-TCP_SEND: name:enp0s3: saddr:16783984: daddr:100932208: srtt_us:1277872: RTT:159734: ssthresh:2147483647: cwnd:10: delivered:1: lost:0: retrans:0
[  245.910000] AAAAA-TCP_SEND: name:enp0s3: saddr:33561200: daddr:100932208: srtt_us:2694796: RTT:336849: ssthresh:2147483647: cwnd:10: delivered:2: lost:0: retrans:0
[  245.994572] AAAAA-TCP_RECV: name:enp0s3: saddr:100932208: daddr:33561200: srtt_us:0: RTT:0: ssthresh:2147483647: cwnd:10: delivered:0: lost:0: retrans:0
[  245.994610] AAAAA-TCP_SEND: name:enp0s3: saddr:33561200: daddr:100932208: srtt_us:909434616: RTT:113679327: ssthresh:0: cwnd:-686683295: delivered:909431761: lost:909442944: retrans:2752477728
[  246.136057] AAAAA-TCP_RECV: name:enp0s3: saddr:100932208: daddr:33561200: srtt_us:2694796: RTT:336849: ssthresh:2147483647: cwnd:10: delivered:2: lost:0: retrans:0
[  246.136102] AAAAA-TCP_SEND: name:enp0s3: saddr:33561200: daddr:100932208: srtt_us:2694796: RTT:336849: ssthresh:2147483647: cwnd:10: delivered:2: lost:0: retrans:0
[  246.253237] AAAAA-TCP_SEND: name:enp0s3: saddr:33561200: daddr:100932208: srtt_us:2068808: RTT:258601: ssthresh:2147483647: cwnd:10: delivered:1: lost:0: retrans:0
[  246.363506] AAAAA-TCP_RECV: name:enp0s3: saddr:100932208: daddr:33561200: srtt_us:2584047: RTT:323005: ssthresh:2147483647: cwnd:10: delivered:3: lost:0: retrans:0
[  246.431034] AAAAA-TCP_RECV: name:enp0s3: saddr:100932208: daddr:16783984: srtt_us:1277872: RTT:159734: ssthresh:2147483647: cwnd:10: delivered:1: lost:0: retrans:0
[  246.431074] AAAAA-TCP_SEND: name:enp0s3: saddr:16783984: daddr:100932208: srtt_us:1277872: RTT:159734: ssthresh:2147483647: cwnd:10: delivered:1: lost:0: retrans:0
[  246.533654] AAAAA-TCP_RECV: name:enp0s3: saddr:100932208: daddr:16783984: srtt_us:1277872: RTT:159734: ssthresh:2147483647: cwnd:10: delivered:1: lost:0: retrans:0
[  246.533706] AAAAA-TCP_SEND: name:enp0s3: saddr:16783984: daddr:100932208: srtt_us:1277872: RTT:159734: ssthresh:2147483647: cwnd:10: delivered:1: lost:0: retrans:0
[  246.679270] AAAAA-TCP_RECV: name:enp0s3: saddr:100932208: daddr:16783984: srtt_us:1277872: RTT:159734: ssthresh:2147483647: cwnd:10: delivered:1: lost:0: retrans:0
[  246.679318] AAAAA-TCP_SEND: name:enp0s3: saddr:16783984: daddr:100932208: srtt_us:1277872: RTT:159734: ssthresh:2147483647: cwnd:10: delivered:1: lost:0: retrans:0
[  246.800930] AAAAA-TCP_RECV: name:enp0s3: saddr:100932208: daddr:16783984: srtt_us:1277872: RTT:159734: ssthresh:2147483647: cwnd:10: delivered:1: lost:0: retrans:0
[  246.800982] AAAAA-TCP_SEND: name:enp0s3: saddr:16783984: daddr:100932208: srtt_us:1277872: RTT:159734: ssthresh:2147483647: cwnd:10: delivered:1: lost:0: retrans:0
[  246.888612] AAAAA-TCP_RECV: name:enp0s3: saddr:100932208: daddr:16783984: srtt_us:1277872: RTT:159734: ssthresh:2147483647: cwnd:10: delivered:1: lost:0: retrans:0
[  246.888651] AAAAA-TCP_SEND: name:enp0s3: saddr:16783984: daddr:100932208: srtt_us:1277872: RTT:159734: ssthresh:2147483647: cwnd:10: delivered:1: lost:0: retrans:0
[  246.980325] AAAAA-TCP_RECV: name:enp0s3: saddr:100932208: daddr:16783984: srtt_us:1277872: RTT:159734: ssthresh:2147483647: cwnd:10: delivered:1: lost:0: retrans:0
[  246.980358] AAAAA-TCP_SEND: name:enp0s3: saddr:16783984: daddr:100932208: srtt_us:1277872: RTT:159734: ssthresh:2147483647: cwnd:10: delivered:1: lost:0: retrans:0
[  247.036749] AAAAA-TCP_RECV: name:enp0s3: saddr:100932208: daddr:16783984: srtt_us:1277872: RTT:159734: ssthresh:2147483647: cwnd:10: delivered:1: lost:0: retrans:0
[  247.036775] AAAAA-TCP_SEND: name:enp0s3: saddr:16783984: daddr:100932208: srtt_us:1277872: RTT:159734: ssthresh:2147483647: cwnd:10: delivered:1: lost:0: retrans:0
[  247.144654] AAAAA-TCP_RECV: name:enp0s3: saddr:100932208: daddr:16783984: srtt_us:1277872: RTT:159734: ssthresh:2147483647: cwnd:10: delivered:1: lost:0: retrans:0
[  247.144681] AAAAA-TCP_SEND: name:enp0s3: saddr:16783984: daddr:100932208: srtt_us:1277872: RTT:159734: ssthresh:2147483647: cwnd:10: delivered:1: lost:0: retrans:0
[  247.206284] AAAAA-TCP_RECV: name:enp0s3: saddr:100932208: daddr:16783984: srtt_us:1277872: RTT:159734: ssthresh:2147483647: cwnd:10: delivered:1: lost:0: retrans:0
[  247.206312] AAAAA-TCP_SEND: name:enp0s3: saddr:16783984: daddr:100932208: srtt_us:1277872: RTT:159734: ssthresh:2147483647: cwnd:10: delivered:1: lost:0: retrans:0
[  247.326893] AAAAA-TCP_RECV: name:enp0s3: saddr:100932208: daddr:16783984: srtt_us:1277872: RTT:159734: ssthresh:2147483647: cwnd:10: delivered:1: lost:0: retrans:0
[  247.326924] AAAAA-TCP_SEND: name:enp0s3: saddr:16783984: daddr:100932208: srtt_us:1277872: RTT:159734: ssthresh:2147483647: cwnd:10: delivered:1: lost:0: retrans:0
[  247.397404] AAAAA-TCP_RECV: name:enp0s3: saddr:100932208: daddr:33561200: srtt_us:2068808: RTT:258601: ssthresh:2147483647: cwnd:10: delivered:1: lost:0: retrans:0
[  247.397437] AAAAA-TCP_SEND: name:enp0s3: saddr:33561200: daddr:100932208: srtt_us:2068808: RTT:258601: ssthresh:2147483647: cwnd:10: delivered:1: lost:0: retrans:0
[  247.509150] AAAAA-TCP_RECV: name:enp0s3: saddr:100932208: daddr:33561200: srtt_us:2068808: RTT:258601: ssthresh:2147483647: cwnd:10: delivered:1: lost:0: retrans:0
[  247.509175] AAAAA-TCP_SEND: name:enp0s3: saddr:33561200: daddr:100932208: srtt_us:2068808: RTT:258601: ssthresh:2147483647: cwnd:10: delivered:1: lost:0: retrans:0
[  247.661782] AAAAA-TCP_RECV: name:enp0s3: saddr:100932208: daddr:33561200: srtt_us:2068808: RTT:258601: ssthresh:2147483647: cwnd:10: delivered:1: lost:0: retrans:0
[  247.661809] AAAAA-TCP_SEND: name:enp0s3: saddr:33561200: daddr:100932208: srtt_us:2068808: RTT:258601: ssthresh:2147483647: cwnd:10: delivered:1: lost:0: retrans:0
[  247.737949] AAAAA-TCP_RECV: name:enp0s3: saddr:100932208: daddr:33561200: srtt_us:2068808: RTT:258601: ssthresh:2147483647: cwnd:10: delivered:1: lost:0: retrans:0
[  247.737978] AAAAA-TCP_SEND: name:enp0s3: saddr:33561200: daddr:100932208: srtt_us:2068808: RTT:258601: ssthresh:2147483647: cwnd:10: delivered:1: lost:0: retrans:0
[  247.839215] AAAAA-TCP_RECV: name:enp0s3: saddr:100932208: daddr:33561200: srtt_us:2068808: RTT:258601: ssthresh:2147483647: cwnd:10: delivered:1: lost:0: retrans:0
[  247.839235] AAAAA-TCP_SEND: name:enp0s3: saddr:33561200: daddr:100932208: srtt_us:2068808: RTT:258601: ssthresh:2147483647: cwnd:10: delivered:1: lost:0: retrans:0
[  247.998225] AAAAA-TCP_RECV: name:enp0s3: saddr:100932208: daddr:33561200: srtt_us:2068808: RTT:258601: ssthresh:2147483647: cwnd:10: delivered:1: lost:0: retrans:0
[  247.998265] AAAAA-TCP_SEND: name:enp0s3: saddr:33561200: daddr:100932208: srtt_us:2068808: RTT:258601: ssthresh:2147483647: cwnd:10: delivered:1: lost:0: retrans:0
[  248.129004] AAAAA-TCP_RECV: name:enp0s3: saddr:100932208: daddr:33561200: srtt_us:2068808: RTT:258601: ssthresh:2147483647: cwnd:10: delivered:1: lost:0: retrans:0
[  248.129029] AAAAA-TCP_SEND: name:enp0s3: saddr:33561200: daddr:100932208: srtt_us:2068808: RTT:258601: ssthresh:2147483647: cwnd:10: delivered:1: lost:0: retrans:0
[  248.303095] AAAAA-TCP_RECV: name:enp0s3: saddr:100932208: daddr:33561200: srtt_us:2068808: RTT:258601: ssthresh:2147483647: cwnd:10: delivered:1: lost:0: retrans:0
[  248.303127] AAAAA-TCP_SEND: name:enp0s3: saddr:33561200: daddr:100932208: srtt_us:2068808: RTT:258601: ssthresh:2147483647: cwnd:10: delivered:1: lost:0: retrans:0
[  248.393636] AAAAA-TCP_RECV: name:enp0s3: saddr:100932208: daddr:33561200: srtt_us:2068808: RTT:258601: ssthresh:2147483647: cwnd:10: delivered:1: lost:0: retrans:0
[  248.393666] AAAAA-TCP_SEND: name:enp0s3: saddr:33561200: daddr:100932208: srtt_us:2068808: RTT:258601: ssthresh:2147483647: cwnd:10: delivered:1: lost:0: retrans:0
[  248.535619] AAAAA-TCP_RECV: name:enp0s3: saddr:100932208: daddr:33561200: srtt_us:2068808: RTT:258601: ssthresh:2147483647: cwnd:10: delivered:1: lost:0: retrans:0
[  248.535649] AAAAA-TCP_SEND: name:enp0s3: saddr:33561200: daddr:100932208: srtt_us:2068808: RTT:258601: ssthresh:2147483647: cwnd:10: delivered:1: lost:0: retrans:0
[  248.662865] AAAAA-TCP_RECV: name:enp0s3: saddr:100932208: daddr:16783984: srtt_us:1277872: RTT:159734: ssthresh:2147483647: cwnd:10: delivered:1: lost:0: retrans:0
[  248.662899] AAAAA-TCP_SEND: name:enp0s3: saddr:16783984: daddr:100932208: srtt_us:1277872: RTT:159734: ssthresh:2147483647: cwnd:10: delivered:1: lost:0: retrans:0
[  248.749600] AAAAA-TCP_RECV: name:enp0s3: saddr:100932208: daddr:16783984: srtt_us:1277872: RTT:159734: ssthresh:2147483647: cwnd:10: delivered:1: lost:0: retrans:0
[  248.749630] AAAAA-TCP_SEND: name:enp0s3: saddr:16783984: daddr:100932208: srtt_us:1277872: RTT:159734: ssthresh:2147483647: cwnd:10: delivered:1: lost:0: retrans:0
[  248.876548] AAAAA-TCP_RECV: name:enp0s3: saddr:100932208: daddr:16783984: srtt_us:1277872: RTT:159734: ssthresh:2147483647: cwnd:10: delivered:1: lost:0: retrans:0
[  248.876576] AAAAA-TCP_SEND: name:enp0s3: saddr:16783984: daddr:100932208: srtt_us:1277872: RTT:159734: ssthresh:2147483647: cwnd:10: delivered:1: lost:0: retrans:0
[  248.970800] AAAAA-TCP_RECV: name:enp0s3: saddr:100932208: daddr:16783984: srtt_us:1277872: RTT:159734: ssthresh:2147483647: cwnd:10: delivered:1: lost:0: retrans:0
[  248.970867] AAAAA-TCP_SEND: name:enp0s3: saddr:16783984: daddr:100932208: srtt_us:1277872: RTT:159734: ssthresh:2147483647: cwnd:10: delivered:1: lost:0: retrans:0
[  249.122780] AAAAA-TCP_RECV: name:enp0s3: saddr:100932208: daddr:16783984: srtt_us:1277872: RTT:159734: ssthresh:2147483647: cwnd:10: delivered:1: lost:0: retrans:0
[  249.122808] AAAAA-TCP_SEND: name:enp0s3: saddr:16783984: daddr:100932208: srtt_us:1277872: RTT:159734: ssthresh:2147483647: cwnd:10: delivered:1: lost:0: retrans:0
[  249.296655] AAAAA-TCP_RECV: name:enp0s3: saddr:100932208: daddr:16783984: srtt_us:1277872: RTT:159734: ssthresh:2147483647: cwnd:10: delivered:1: lost:0: retrans:0
[  249.296682] AAAAA-TCP_SEND: name:enp0s3: saddr:16783984: daddr:100932208: srtt_us:1277872: RTT:159734: ssthresh:2147483647: cwnd:10: delivered:1: lost:0: retrans:0
[  249.369908] AAAAA-TCP_RECV: name:enp0s3: saddr:100932208: daddr:16783984: srtt_us:1277872: RTT:159734: ssthresh:2147483647: cwnd:10: delivered:1: lost:0: retrans:0
[  249.369934] AAAAA-TCP_SEND: name:enp0s3: saddr:16783984: daddr:100932208: srtt_us:1277872: RTT:159734: ssthresh:2147483647: cwnd:10: delivered:1: lost:0: retrans:0
[  249.424681] AAAAA-TCP_RECV: name:enp0s3: saddr:100932208: daddr:16783984: srtt_us:1277872: RTT:159734: ssthresh:2147483647: cwnd:10: delivered:1: lost:0: retrans:0
[  249.424707] AAAAA-TCP_SEND: name:enp0s3: saddr:16783984: daddr:100932208: srtt_us:1277872: RTT:159734: ssthresh:2147483647: cwnd:10: delivered:1: lost:0: retrans:0
[  249.535375] AAAAA-TCP_RECV: name:enp0s3: saddr:100932208: daddr:16783984: srtt_us:1277872: RTT:159734: ssthresh:2147483647: cwnd:10: delivered:1: lost:0: retrans:0
[  249.535404] AAAAA-TCP_SEND: name:enp0s3: saddr:16783984: daddr:100932208: srtt_us:1277872: RTT:159734: ssthresh:2147483647: cwnd:10: delivered:1: lost:0: retrans:0
[  249.614289] AAAAA-TCP_RECV: name:enp0s3: saddr:100932208: daddr:16783984: srtt_us:1277872: RTT:159734: ssthresh:2147483647: cwnd:10: delivered:1: lost:0: retrans:0
[  249.614312] AAAAA-TCP_SEND: name:enp0s3: saddr:16783984: daddr:100932208: srtt_us:1277872: RTT:159734: ssthresh:2147483647: cwnd:10: delivered:1: lost:0: retrans:0
[  249.677688] AAAAA-TCP_RECV: name:enp0s3: saddr:100932208: daddr:16783984: srtt_us:1277872: RTT:159734: ssthresh:2147483647: cwnd:10: delivered:1: lost:0: retrans:0
[  249.677724] AAAAA-TCP_SEND: name:enp0s3: saddr:16783984: daddr:100932208: srtt_us:1277872: RTT:159734: ssthresh:2147483647: cwnd:10: delivered:1: lost:0: retrans:0
[  249.721816] AAAAA-TCP_RECV: name:enp0s3: saddr:100932208: daddr:16783984: srtt_us:1277872: RTT:159734: ssthresh:2147483647: cwnd:10: delivered:1: lost:0: retrans:0
[  249.721839] AAAAA-TCP_SEND: name:enp0s3: saddr:16783984: daddr:100932208: srtt_us:1277872: RTT:159734: ssthresh:2147483647: cwnd:10: delivered:1: lost:0: retrans:0
[  249.790559] AAAAA-TCP_RECV: name:enp0s3: saddr:100932208: daddr:16783984: srtt_us:1277872: RTT:159734: ssthresh:2147483647: cwnd:10: delivered:1: lost:0: retrans:0
[  249.790585] AAAAA-TCP_SEND: name:enp0s3: saddr:16783984: daddr:100932208: srtt_us:1277872: RTT:159734: ssthresh:2147483647: cwnd:10: delivered:1: lost:0: retrans:0
[  249.834157] AAAAA-TCP_RECV: name:enp0s3: saddr:100932208: daddr:16783984: srtt_us:1277872: RTT:159734: ssthresh:2147483647: cwnd:10: delivered:1: lost:0: retrans:0
[  249.834180] AAAAA-TCP_SEND: name:enp0s3: saddr:16783984: daddr:100932208: srtt_us:1277872: RTT:159734: ssthresh:2147483647: cwnd:10: delivered:1: lost:0: retrans:0
[  249.974739] AAAAA-TCP_RECV: name:enp0s3: saddr:100932208: daddr:33561200: srtt_us:2068808: RTT:258601: ssthresh:2147483647: cwnd:10: delivered:1: lost:0: retrans:0
[  249.974770] AAAAA-TCP_SEND: name:enp0s3: saddr:33561200: daddr:100932208: srtt_us:2068808: RTT:258601: ssthresh:2147483647: cwnd:10: delivered:1: lost:0: retrans:0
[  250.135900] AAAAA-TCP_RECV: name:enp0s3: saddr:100932208: daddr:16783984: srtt_us:1277872: RTT:159734: ssthresh:2147483647: cwnd:10: delivered:1: lost:0: retrans:0
[  250.135961] AAAAA-TCP_SEND: name:enp0s3: saddr:16783984: daddr:100932208: srtt_us:1277872: RTT:159734: ssthresh:2147483647: cwnd:10: delivered:1: lost:0: retrans:0
[  250.172171] AAAAA-TCP_RECV: name:enp0s3: saddr:100932208: daddr:16783984: srtt_us:1277872: RTT:159734: ssthresh:2147483647: cwnd:10: delivered:1: lost:0: retrans:0
[  250.172256] AAAAA-TCP_SEND: name:enp0s3: saddr:16783984: daddr:100932208: srtt_us:1277872: RTT:159734: ssthresh:2147483647: cwnd:10: delivered:1: lost:0: retrans:0
[  250.232915] AAAAA-TCP_RECV: name:enp0s3: saddr:100932208: daddr:33561200: srtt_us:2068808: RTT:258601: ssthresh:2147483647: cwnd:10: delivered:1: lost:0: retrans:0
[  250.232954] AAAAA-TCP_SEND: name:enp0s3: saddr:33561200: daddr:100932208: srtt_us:2068808: RTT:258601: ssthresh:2147483647: cwnd:10: delivered:1: lost:0: retrans:0
[  250.415087] AAAAA-TCP_RECV: name:enp0s3: saddr:100932208: daddr:33561200: srtt_us:2068808: RTT:258601: ssthresh:2147483647: cwnd:10: delivered:1: lost:0: retrans:0
[  250.415136] AAAAA-TCP_SEND: name:enp0s3: saddr:33561200: daddr:100932208: srtt_us:2068808: RTT:258601: ssthresh:2147483647: cwnd:10: delivered:1: lost:0: retrans:0
[  250.496876] AAAAA-TCP_RECV: name:enp0s3: saddr:100932208: daddr:33561200: srtt_us:2068808: RTT:258601: ssthresh:2147483647: cwnd:10: delivered:1: lost:0: retrans:0
[  250.496906] AAAAA-TCP_SEND: name:enp0s3: saddr:33561200: daddr:100932208: srtt_us:2068808: RTT:258601: ssthresh:2147483647: cwnd:10: delivered:1: lost:0: retrans:0
[  250.584618] AAAAA-TCP_RECV: name:enp0s3: saddr:100932208: daddr:16783984: srtt_us:1277872: RTT:159734: ssthresh:2147483647: cwnd:10: delivered:1: lost:0: retrans:0
[  250.584655] AAAAA-TCP_SEND: name:enp0s3: saddr:16783984: daddr:100932208: srtt_us:1277872: RTT:159734: ssthresh:2147483647: cwnd:10: delivered:1: lost:0: retrans:0
[  250.606452] AAAAA-TCP_RECV: name:enp0s3: saddr:100932208: daddr:33561200: srtt_us:2068808: RTT:258601: ssthresh:2147483647: cwnd:10: delivered:1: lost:0: retrans:0
[  250.606475] AAAAA-TCP_SEND: name:enp0s3: saddr:33561200: daddr:100932208: srtt_us:2068808: RTT:258601: ssthresh:2147483647: cwnd:10: delivered:1: lost:0: retrans:0
[  250.661452] AAAAA-TCP_RECV: name:enp0s3: saddr:100932208: daddr:33561200: srtt_us:2068808: RTT:258601: ssthresh:2147483647: cwnd:10: delivered:1: lost:0: retrans:0
[  250.661476] AAAAA-TCP_SEND: name:enp0s3: saddr:33561200: daddr:100932208: srtt_us:2068808: RTT:258601: ssthresh:2147483647: cwnd:10: delivered:1: lost:0: retrans:0
[  250.990933] AAAAA-TCP_RECV: name:enp0s3: saddr:100932208: daddr:16783984: srtt_us:1277872: RTT:159734: ssthresh:2147483647: cwnd:10: delivered:1: lost:0: retrans:0
[  251.031194] AAAAA-TCP_SEND: name:enp0s3: saddr:16783984: daddr:100932208: srtt_us:1277872: RTT:159734: ssthresh:2147483647: cwnd:10: delivered:1: lost:0: retrans:0
[  251.113818] AAAAA-TCP_RECV: name:enp0s3: saddr:100932208: daddr:16783984: srtt_us:1277872: RTT:159734: ssthresh:2147483647: cwnd:10: delivered:1: lost:0: retrans:0
[  251.195156] AAAAA-TCP_SEND: name:enp0s3: saddr:16783984: daddr:100932208: srtt_us:1277872: RTT:159734: ssthresh:2147483647: cwnd:10: delivered:1: lost:0: retrans:0
[  251.236475] AAAAA-TCP_RECV: name:enp0s3: saddr:100932208: daddr:33561200: srtt_us:2068808: RTT:258601: ssthresh:2147483647: cwnd:10: delivered:1: lost:0: retrans:0
[  251.236507] AAAAA-TCP_SEND: name:enp0s3: saddr:33561200: daddr:100932208: srtt_us:2068808: RTT:258601: ssthresh:2147483647: cwnd:10: delivered:1: lost:0: retrans:0
[  251.504790] AAAAA-TCP_RECV: name:enp0s3: saddr:100932208: daddr:16783984: srtt_us:1277872: RTT:159734: ssthresh:2147483647: cwnd:10: delivered:1: lost:0: retrans:0
[  251.667166] AAAAA-TCP_SEND: name:enp0s3: saddr:16783984: daddr:100932208: srtt_us:1277872: RTT:159734: ssthresh:2147483647: cwnd:10: delivered:1: lost:0: retrans:0
[  251.858812] AAAAA-TCP_RECV: name:enp0s3: saddr:100932208: daddr:33561200: srtt_us:2068808: RTT:258601: ssthresh:2147483647: cwnd:10: delivered:1: lost:0: retrans:0
[  251.858848] AAAAA-TCP_SEND: name:enp0s3: saddr:33561200: daddr:100932208: srtt_us:2068808: RTT:258601: ssthresh:2147483647: cwnd:10: delivered:1: lost:0: retrans:0
[  251.964583] AAAAA-TCP_RECV: name:enp0s3: saddr:100932208: daddr:33561200: srtt_us:2068808: RTT:258601: ssthresh:2147483647: cwnd:10: delivered:1: lost:0: retrans:0
[  251.964613] AAAAA-TCP_SEND: name:enp0s3: saddr:33561200: daddr:100932208: srtt_us:2068808: RTT:258601: ssthresh:2147483647: cwnd:10: delivered:1: lost:0: retrans:0
[  252.080673] AAAAA-TCP_RECV: name:enp0s3: saddr:100932208: daddr:33561200: srtt_us:2068808: RTT:258601: ssthresh:2147483647: cwnd:10: delivered:1: lost:0: retrans:0
[  252.080703] AAAAA-TCP_SEND: name:enp0s3: saddr:33561200: daddr:100932208: srtt_us:2068808: RTT:258601: ssthresh:2147483647: cwnd:10: delivered:1: lost:0: retrans:0
[  252.157582] AAAAA-TCP_RECV: name:enp0s3: saddr:100932208: daddr:33561200: srtt_us:2068808: RTT:258601: ssthresh:2147483647: cwnd:10: delivered:1: lost:0: retrans:0
[  252.157610] AAAAA-TCP_SEND: name:enp0s3: saddr:33561200: daddr:100932208: srtt_us:2068808: RTT:258601: ssthresh:2147483647: cwnd:10: delivered:1: lost:0: retrans:0
[  252.475636] AAAAA-TCP_RECV: name:enp0s3: saddr:100932208: daddr:33561200: srtt_us:2068808: RTT:258601: ssthresh:2147483647: cwnd:10: delivered:1: lost:0: retrans:0
[  252.475679] AAAAA-TCP_SEND: name:enp0s3: saddr:33561200: daddr:100932208: srtt_us:2068808: RTT:258601: ssthresh:2147483647: cwnd:10: delivered:1: lost:0: retrans:0
[  252.581914] AAAAA-TCP_RECV: name:enp0s3: saddr:100932208: daddr:33561200: srtt_us:2068808: RTT:258601: ssthresh:2147483647: cwnd:10: delivered:1: lost:0: retrans:0
[  252.581950] AAAAA-TCP_SEND: name:enp0s3: saddr:33561200: daddr:100932208: srtt_us:2068808: RTT:258601: ssthresh:2147483647: cwnd:10: delivered:1: lost:0: retrans:0
[  252.665207] AAAAA-TCP_RECV: name:enp0s3: saddr:100932208: daddr:33561200: srtt_us:2068808: RTT:258601: ssthresh:2147483647: cwnd:10: delivered:1: lost:0: retrans:0
[  252.665237] AAAAA-TCP_SEND: name:enp0s3: saddr:33561200: daddr:100932208: srtt_us:2068808: RTT:258601: ssthresh:2147483647: cwnd:10: delivered:1: lost:0: retrans:0
[  252.960481] AAAAA-TCP_RECV: name:enp0s3: saddr:100932208: daddr:33561200: srtt_us:2068808: RTT:258601: ssthresh:2147483647: cwnd:10: delivered:1: lost:0: retrans:0
[  252.960511] AAAAA-TCP_SEND: name:enp0s3: saddr:33561200: daddr:100932208: srtt_us:2068808: RTT:258601: ssthresh:2147483647: cwnd:10: delivered:1: lost:0: retrans:0
[  253.020435] AAAAA-TCP_RECV: name:enp0s3: saddr:100932208: daddr:33561200: srtt_us:2068808: RTT:258601: ssthresh:2147483647: cwnd:10: delivered:1: lost:0: retrans:0
[  253.020459] AAAAA-TCP_SEND: name:enp0s3: saddr:33561200: daddr:100932208: srtt_us:2068808: RTT:258601: ssthresh:2147483647: cwnd:10: delivered:1: lost:0: retrans:0
[  253.230432] AAAAA-TCP_RECV: name:enp0s3: saddr:100932208: daddr:33561200: srtt_us:2068808: RTT:258601: ssthresh:2147483647: cwnd:10: delivered:1: lost:0: retrans:0
[  253.230461] AAAAA-TCP_SEND: name:enp0s3: saddr:33561200: daddr:100932208: srtt_us:2068808: RTT:258601: ssthresh:2147483647: cwnd:10: delivered:1: lost:0: retrans:0
[  253.339099] AAAAA-TCP_RECV: name:enp0s3: saddr:100932208: daddr:33561200: srtt_us:2068808: RTT:258601: ssthresh:2147483647: cwnd:10: delivered:1: lost:0: retrans:0
[  253.339126] AAAAA-TCP_SEND: name:enp0s3: saddr:33561200: daddr:100932208: srtt_us:2068808: RTT:258601: ssthresh:2147483647: cwnd:10: delivered:1: lost:0: retrans:0
[  253.425311] AAAAA-TCP_RECV: name:enp0s3: saddr:100932208: daddr:16783984: srtt_us:1277872: RTT:159734: ssthresh:2147483647: cwnd:10: delivered:1: lost:0: retrans:0
[  253.425334] AAAAA-TCP_SEND: name:enp0s3: saddr:16783984: daddr:100932208: srtt_us:1277872: RTT:159734: ssthresh:2147483647: cwnd:10: delivered:1: lost:0: retrans:0
[  253.891692] AAAAA-TCP_RECV: name:enp0s3: saddr:100932208: daddr:16783984: srtt_us:1277872: RTT:159734: ssthresh:2147483647: cwnd:10: delivered:1: lost:0: retrans:0
[  253.891726] AAAAA-TCP_SEND: name:enp0s3: saddr:16783984: daddr:100932208: srtt_us:1277872: RTT:159734: ssthresh:2147483647: cwnd:10: delivered:1: lost:0: retrans:0
[  253.965985] AAAAA-TCP_RECV: name:enp0s3: saddr:100932208: daddr:16783984: srtt_us:1277872: RTT:159734: ssthresh:2147483647: cwnd:10: delivered:1: lost:0: retrans:0
[  253.966010] AAAAA-TCP_SEND: name:enp0s3: saddr:16783984: daddr:100932208: srtt_us:1277872: RTT:159734: ssthresh:2147483647: cwnd:10: delivered:1: lost:0: retrans:0
[  254.052526] AAAAA-TCP_RECV: name:enp0s3: saddr:100932208: daddr:16783984: srtt_us:1277872: RTT:159734: ssthresh:2147483647: cwnd:10: delivered:1: lost:0: retrans:0
[  254.053587] AAAAA-TCP_SEND: name:enp0s3: saddr:16783984: daddr:100932208: srtt_us:1277872: RTT:159734: ssthresh:2147483647: cwnd:10: delivered:1: lost:0: retrans:0
[  254.136909] AAAAA-TCP_RECV: name:enp0s3: saddr:100932208: daddr:16783984: srtt_us:1277872: RTT:159734: ssthresh:2147483647: cwnd:10: delivered:1: lost:0: retrans:0
[  254.137966] AAAAA-TCP_SEND: name:enp0s3: saddr:16783984: daddr:100932208: srtt_us:1277872: RTT:159734: ssthresh:2147483647: cwnd:10: delivered:1: lost:0: retrans:0
[  254.236508] AAAAA-TCP_RECV: name:enp0s3: saddr:100932208: daddr:16783984: srtt_us:1277872: RTT:159734: ssthresh:2147483647: cwnd:10: delivered:1: lost:0: retrans:0
[  254.237566] AAAAA-TCP_SEND: name:enp0s3: saddr:16783984: daddr:100932208: srtt_us:1277872: RTT:159734: ssthresh:2147483647: cwnd:10: delivered:1: lost:0: retrans:0
[  254.335331] AAAAA-TCP_RECV: name:enp0s3: saddr:100932208: daddr:16783984: srtt_us:1277872: RTT:159734: ssthresh:2147483647: cwnd:10: delivered:1: lost:0: retrans:0
[  254.336389] AAAAA-TCP_SEND: name:enp0s3: saddr:16783984: daddr:100932208: srtt_us:1277872: RTT:159734: ssthresh:2147483647: cwnd:10: delivered:1: lost:0: retrans:0
[  254.506501] AAAAA-TCP_RECV: name:enp0s3: saddr:100932208: daddr:16783984: srtt_us:1277872: RTT:159734: ssthresh:2147483647: cwnd:10: delivered:1: lost:0: retrans:0
[  254.507546] AAAAA-TCP_SEND: name:enp0s3: saddr:16783984: daddr:100932208: srtt_us:1277872: RTT:159734: ssthresh:2147483647: cwnd:10: delivered:1: lost:0: retrans:0
[  254.717215] AAAAA-TCP_RECV: name:enp0s3: saddr:100932208: daddr:16783984: srtt_us:1277872: RTT:159734: ssthresh:2147483647: cwnd:10: delivered:1: lost:0: retrans:0
[  254.720099] AAAAA-TCP_SEND: name:enp0s3: saddr:16783984: daddr:100932208: srtt_us:1277872: RTT:159734: ssthresh:2147483647: cwnd:10: delivered:1: lost:0: retrans:0
[  254.806829] AAAAA-TCP_RECV: name:enp0s3: saddr:100932208: daddr:33561200: srtt_us:2068808: RTT:258601: ssthresh:2147483647: cwnd:10: delivered:1: lost:0: retrans:0
[  254.806853] AAAAA-TCP_SEND: name:enp0s3: saddr:33561200: daddr:100932208: srtt_us:2068808: RTT:258601: ssthresh:2147483647: cwnd:10: delivered:1: lost:0: retrans:0
[  254.856857] AAAAA-TCP_RECV: name:enp0s3: saddr:100932208: daddr:33561200: srtt_us:2068808: RTT:258601: ssthresh:2147483647: cwnd:10: delivered:1: lost:0: retrans:0
[  254.856893] AAAAA-TCP_SEND: name:enp0s3: saddr:33561200: daddr:100932208: srtt_us:2068808: RTT:258601: ssthresh:2147483647: cwnd:10: delivered:1: lost:0: retrans:0
[  254.933959] AAAAA-TCP_RECV: name:enp0s3: saddr:100932208: daddr:16783984: srtt_us:1277872: RTT:159734: ssthresh:2147483647: cwnd:10: delivered:1: lost:0: retrans:0
[  254.933981] AAAAA-TCP_SEND: name:enp0s3: saddr:16783984: daddr:100932208: srtt_us:1277872: RTT:159734: ssthresh:2147483647: cwnd:10: delivered:1: lost:0: retrans:0
[  255.065784] AAAAA-TCP_RECV: name:enp0s3: saddr:100932208: daddr:16783984: srtt_us:1277872: RTT:159734: ssthresh:2147483647: cwnd:10: delivered:1: lost:0: retrans:0
[  255.065803] AAAAA-TCP_SEND: name:enp0s3: saddr:16783984: daddr:100932208: srtt_us:1277872: RTT:159734: ssthresh:2147483647: cwnd:10: delivered:1: lost:0: retrans:0
[  255.139881] AAAAA-TCP_RECV: name:enp0s3: saddr:100932208: daddr:16783984: srtt_us:1277872: RTT:159734: ssthresh:2147483647: cwnd:10: delivered:1: lost:0: retrans:0
[  255.139902] AAAAA-TCP_SEND: name:enp0s3: saddr:16783984: daddr:100932208: srtt_us:1277872: RTT:159734: ssthresh:2147483647: cwnd:10: delivered:1: lost:0: retrans:0
[  255.238429] AAAAA-TCP_RECV: name:enp0s3: saddr:100932208: daddr:33561200: srtt_us:2068808: RTT:258601: ssthresh:2147483647: cwnd:10: delivered:1: lost:0: retrans:0
[  255.238458] AAAAA-TCP_SEND: name:enp0s3: saddr:33561200: daddr:100932208: srtt_us:2068808: RTT:258601: ssthresh:2147483647: cwnd:10: delivered:1: lost:0: retrans:0
[  255.294376] AAAAA-TCP_RECV: name:enp0s3: saddr:100932208: daddr:33561200: srtt_us:2068808: RTT:258601: ssthresh:2147483647: cwnd:10: delivered:1: lost:0: retrans:0
[  255.353055] AAAAA-TCP_RECV: name:enp0s3: saddr:100932208: daddr:16783984: srtt_us:1277872: RTT:159734: ssthresh:2147483647: cwnd:10: delivered:1: lost:0: retrans:0
[  255.416371] AAAAA-TCP_RECV: name:enp0s3: saddr:100932208: daddr:16783984: srtt_us:1277872: RTT:159734: ssthresh:2147483647: cwnd:10: delivered:1: lost:0: retrans:0
[  255.416411] AAAAA-TCP_SEND: name:enp0s3: saddr:16783984: daddr:100932208: srtt_us:1277872: RTT:159734: ssthresh:2147483647: cwnd:10: delivered:1: lost:0: retrans:0
[  255.494021] AAAAA-TCP_RECV: name:enp0s3: saddr:100932208: daddr:33561200: srtt_us:2068808: RTT:258601: ssthresh:2147483647: cwnd:10: delivered:1: lost:0: retrans:0
[  255.555586] AAAAA-TCP_RECV: name:enp0s3: saddr:100932208: daddr:16783984: srtt_us:1277872: RTT:159734: ssthresh:2147483647: cwnd:10: delivered:1: lost:0: retrans:0
[  255.655600] AAAAA-TCP_RECV: name:enp0s3: saddr:100932208: daddr:33561200: srtt_us:2068808: RTT:258601: ssthresh:2147483647: cwnd:10: delivered:1: lost:0: retrans:0
[  255.734134] AAAAA-TCP_RECV: name:enp0s3: saddr:100932208: daddr:33561200: srtt_us:2068808: RTT:258601: ssthresh:2147483647: cwnd:10: delivered:1: lost:0: retrans:0
[  255.734168] AAAAA-TCP_SEND: name:enp0s3: saddr:33561200: daddr:100932208: srtt_us:2068808: RTT:258601: ssthresh:2147483647: cwnd:10: delivered:1: lost:0: retrans:0
[  269.734507] AAAAA-TCP_RECV: name:enp0s3: saddr:100932208: daddr:33561200: srtt_us:2068808: RTT:258601: ssthresh:2147483647: cwnd:10: delivered:1: lost:0: retrans:0
[  269.734552] AAAAA-TCP_SEND: name:enp0s3: saddr:33561200: daddr:100932208: srtt_us:2068808: RTT:258601: ssthresh:2147483647: cwnd:10: delivered:1: lost:0: retrans:0
[  269.877299] AAAAA-TCP_RECV: name:enp0s3: saddr:100932208: daddr:33561200: srtt_us:2068808: RTT:258601: ssthresh:2147483647: cwnd:10: delivered:1: lost:0: retrans:0
[  269.877332] AAAAA-TCP_SEND: name:enp0s3: saddr:33561200: daddr:100932208: srtt_us:2068808: RTT:258601: ssthresh:2147483647: cwnd:10: delivered:1: lost:0: retrans:0
[  269.939934] AAAAA-TCP_RECV: name:enp0s3: saddr:100932208: daddr:33561200: srtt_us:2068808: RTT:258601: ssthresh:2147483647: cwnd:10: delivered:1: lost:0: retrans:0
[  269.939957] AAAAA-TCP_SEND: name:enp0s3: saddr:33561200: daddr:100932208: srtt_us:2068808: RTT:258601: ssthresh:2147483647: cwnd:10: delivered:1: lost:0: retrans:0
[  270.014303] AAAAA-TCP_RECV: name:enp0s3: saddr:100932208: daddr:33561200: srtt_us:2068808: RTT:258601: ssthresh:2147483647: cwnd:10: delivered:1: lost:0: retrans:0
[  270.014325] AAAAA-TCP_SEND: name:enp0s3: saddr:33561200: daddr:100932208: srtt_us:2068808: RTT:258601: ssthresh:2147483647: cwnd:10: delivered:1: lost:0: retrans:0
[  270.260493] AAAAA-TCP_RECV: name:enp0s3: saddr:100932208: daddr:33561200: srtt_us:2068808: RTT:258601: ssthresh:2147483647: cwnd:10: delivered:1: lost:0: retrans:0
[  270.260520] AAAAA-TCP_SEND: name:enp0s3: saddr:33561200: daddr:100932208: srtt_us:2068808: RTT:258601: ssthresh:2147483647: cwnd:10: delivered:1: lost:0: retrans:0
[  270.334010] AAAAA-TCP_RECV: name:enp0s3: saddr:100932208: daddr:33561200: srtt_us:2068808: RTT:258601: ssthresh:2147483647: cwnd:10: delivered:1: lost:0: retrans:0
[  270.334035] AAAAA-TCP_SEND: name:enp0s3: saddr:33561200: daddr:100932208: srtt_us:2068808: RTT:258601: ssthresh:2147483647: cwnd:10: delivered:1: lost:0: retrans:0
[  270.532135] AAAAA-TCP_RECV: name:enp0s3: saddr:100932208: daddr:33561200: srtt_us:2068808: RTT:258601: ssthresh:2147483647: cwnd:10: delivered:1: lost:0: retrans:0
[  270.532159] AAAAA-TCP_SEND: name:enp0s3: saddr:33561200: daddr:100932208: srtt_us:2068808: RTT:258601: ssthresh:2147483647: cwnd:10: delivered:1: lost:0: retrans:0
[  270.606130] AAAAA-TCP_RECV: name:enp0s3: saddr:100932208: daddr:33561200: srtt_us:2068808: RTT:258601: ssthresh:2147483647: cwnd:10: delivered:1: lost:0: retrans:0
[  270.606166] AAAAA-TCP_SEND: name:enp0s3: saddr:33561200: daddr:100932208: srtt_us:2068808: RTT:258601: ssthresh:2147483647: cwnd:10: delivered:1: lost:0: retrans:0
[  270.869170] AAAAA-TCP_RECV: name:enp0s3: saddr:100932208: daddr:33561200: srtt_us:2068808: RTT:258601: ssthresh:2147483647: cwnd:10: delivered:1: lost:0: retrans:0
[  270.869193] AAAAA-TCP_SEND: name:enp0s3: saddr:33561200: daddr:100932208: srtt_us:2068808: RTT:258601: ssthresh:2147483647: cwnd:10: delivered:1: lost:0: retrans:0
[  271.016520] AAAAA-TCP_RECV: name:enp0s3: saddr:100932208: daddr:33561200: srtt_us:2068808: RTT:258601: ssthresh:2147483647: cwnd:10: delivered:1: lost:0: retrans:0
[  271.016531] AAAAA-TCP_SEND: name:enp0s3: saddr:33561200: daddr:100932208: srtt_us:2068808: RTT:258601: ssthresh:2147483647: cwnd:10: delivered:1: lost:0: retrans:0
[  271.105362] AAAAA-TCP_RECV: name:enp0s3: saddr:100932208: daddr:33561200: srtt_us:2068808: RTT:258601: ssthresh:2147483647: cwnd:10: delivered:1: lost:0: retrans:0
[  271.105384] AAAAA-TCP_SEND: name:enp0s3: saddr:33561200: daddr:100932208: srtt_us:2068808: RTT:258601: ssthresh:2147483647: cwnd:10: delivered:1: lost:0: retrans:0
[  271.290446] AAAAA-TCP_RECV: name:enp0s3: saddr:100932208: daddr:16783984: srtt_us:1277872: RTT:159734: ssthresh:2147483647: cwnd:10: delivered:1: lost:0: retrans:0
[  271.290472] AAAAA-TCP_SEND: name:enp0s3: saddr:16783984: daddr:100932208: srtt_us:1277872: RTT:159734: ssthresh:2147483647: cwnd:10: delivered:1: lost:0: retrans:0
[  271.444048] AAAAA-TCP_RECV: name:enp0s3: saddr:100932208: daddr:16783984: srtt_us:1277872: RTT:159734: ssthresh:2147483647: cwnd:10: delivered:1: lost:0: retrans:0
[  271.444071] AAAAA-TCP_SEND: name:enp0s3: saddr:16783984: daddr:100932208: srtt_us:1277872: RTT:159734: ssthresh:2147483647: cwnd:10: delivered:1: lost:0: retrans:0
[  271.566129] AAAAA-TCP_RECV: name:enp0s3: saddr:100932208: daddr:16783984: srtt_us:1277872: RTT:159734: ssthresh:2147483647: cwnd:10: delivered:1: lost:0: retrans:0
[  271.566151] AAAAA-TCP_SEND: name:enp0s3: saddr:16783984: daddr:100932208: srtt_us:1277872: RTT:159734: ssthresh:2147483647: cwnd:10: delivered:1: lost:0: retrans:0
[  271.694290] AAAAA-TCP_RECV: name:enp0s3: saddr:100932208: daddr:16783984: srtt_us:1277872: RTT:159734: ssthresh:2147483647: cwnd:10: delivered:1: lost:0: retrans:0
[  271.694300] AAAAA-TCP_SEND: name:enp0s3: saddr:16783984: daddr:100932208: srtt_us:1277872: RTT:159734: ssthresh:2147483647: cwnd:10: delivered:1: lost:0: retrans:0
[  271.820644] AAAAA-TCP_RECV: name:enp0s3: saddr:100932208: daddr:16783984: srtt_us:1277872: RTT:159734: ssthresh:2147483647: cwnd:10: delivered:1: lost:0: retrans:0
[  271.820668] AAAAA-TCP_SEND: name:enp0s3: saddr:16783984: daddr:100932208: srtt_us:1277872: RTT:159734: ssthresh:2147483647: cwnd:10: delivered:1: lost:0: retrans:0
[  271.987144] AAAAA-TCP_RECV: name:enp0s3: saddr:100932208: daddr:16783984: srtt_us:1277872: RTT:159734: ssthresh:2147483647: cwnd:10: delivered:1: lost:0: retrans:0
[  271.987168] AAAAA-TCP_SEND: name:enp0s3: saddr:16783984: daddr:100932208: srtt_us:1277872: RTT:159734: ssthresh:2147483647: cwnd:10: delivered:1: lost:0: retrans:0
[  272.091366] AAAAA-TCP_RECV: name:enp0s3: saddr:100932208: daddr:16783984: srtt_us:1277872: RTT:159734: ssthresh:2147483647: cwnd:10: delivered:1: lost:0: retrans:0
[  272.091387] AAAAA-TCP_SEND: name:enp0s3: saddr:16783984: daddr:100932208: srtt_us:1277872: RTT:159734: ssthresh:2147483647: cwnd:10: delivered:1: lost:0: retrans:0
[  272.171674] AAAAA-TCP_RECV: name:enp0s3: saddr:100932208: daddr:16783984: srtt_us:1277872: RTT:159734: ssthresh:2147483647: cwnd:10: delivered:1: lost:0: retrans:0
[  272.171697] AAAAA-TCP_SEND: name:enp0s3: saddr:16783984: daddr:100932208: srtt_us:1277872: RTT:159734: ssthresh:2147483647: cwnd:10: delivered:1: lost:0: retrans:0
[  272.300741] AAAAA-TCP_RECV: name:enp0s3: saddr:100932208: daddr:16783984: srtt_us:1277872: RTT:159734: ssthresh:2147483647: cwnd:10: delivered:1: lost:0: retrans:0
[  272.300765] AAAAA-TCP_SEND: name:enp0s3: saddr:16783984: daddr:100932208: srtt_us:1277872: RTT:159734: ssthresh:2147483647: cwnd:10: delivered:1: lost:0: retrans:0
[  272.388701] AAAAA-TCP_RECV: name:enp0s3: saddr:100932208: daddr:16783984: srtt_us:1277872: RTT:159734: ssthresh:2147483647: cwnd:10: delivered:1: lost:0: retrans:0
[  272.388724] AAAAA-TCP_SEND: name:enp0s3: saddr:16783984: daddr:100932208: srtt_us:1277872: RTT:159734: ssthresh:2147483647: cwnd:10: delivered:1: lost:0: retrans:0
[  272.501418] AAAAA-TCP_RECV: name:enp0s3: saddr:100932208: daddr:16783984: srtt_us:1277872: RTT:159734: ssthresh:2147483647: cwnd:10: delivered:1: lost:0: retrans:0
[  272.501441] AAAAA-TCP_SEND: name:enp0s3: saddr:16783984: daddr:100932208: srtt_us:1277872: RTT:159734: ssthresh:2147483647: cwnd:10: delivered:1: lost:0: retrans:0
[  272.612433] AAAAA-TCP_RECV: name:enp0s3: saddr:100932208: daddr:16783984: srtt_us:1277872: RTT:159734: ssthresh:2147483647: cwnd:10: delivered:1: lost:0: retrans:0
[  272.612456] AAAAA-TCP_SEND: name:enp0s3: saddr:16783984: daddr:100932208: srtt_us:1277872: RTT:159734: ssthresh:2147483647: cwnd:10: delivered:1: lost:0: retrans:0
[  272.750866] AAAAA-TCP_RECV: name:enp0s3: saddr:100932208: daddr:16783984: srtt_us:1277872: RTT:159734: ssthresh:2147483647: cwnd:10: delivered:1: lost:0: retrans:0
[  272.750890] AAAAA-TCP_SEND: name:enp0s3: saddr:16783984: daddr:100932208: srtt_us:1277872: RTT:159734: ssthresh:2147483647: cwnd:10: delivered:1: lost:0: retrans:0
[  272.914616] AAAAA-TCP_RECV: name:enp0s3: saddr:100932208: daddr:16783984: srtt_us:1277872: RTT:159734: ssthresh:2147483647: cwnd:10: delivered:1: lost:0: retrans:0
[  272.914639] AAAAA-TCP_SEND: name:enp0s3: saddr:16783984: daddr:100932208: srtt_us:1277872: RTT:159734: ssthresh:2147483647: cwnd:10: delivered:1: lost:0: retrans:0
[  273.010567] AAAAA-TCP_RECV: name:enp0s3: saddr:100932208: daddr:16783984: srtt_us:1277872: RTT:159734: ssthresh:2147483647: cwnd:10: delivered:1: lost:0: retrans:0
[  273.010589] AAAAA-TCP_SEND: name:enp0s3: saddr:16783984: daddr:100932208: srtt_us:1277872: RTT:159734: ssthresh:2147483647: cwnd:10: delivered:1: lost:0: retrans:0
[  273.111760] AAAAA-TCP_RECV: name:enp0s3: saddr:100932208: daddr:16783984: srtt_us:1277872: RTT:159734: ssthresh:2147483647: cwnd:10: delivered:1: lost:0: retrans:0
[  273.111784] AAAAA-TCP_SEND: name:enp0s3: saddr:16783984: daddr:100932208: srtt_us:1277872: RTT:159734: ssthresh:2147483647: cwnd:10: delivered:1: lost:0: retrans:0
[  273.611586] AAAAA-TCP_RECV: name:enp0s3: saddr:100932208: daddr:33561200: srtt_us:2068808: RTT:258601: ssthresh:2147483647: cwnd:10: delivered:1: lost:0: retrans:0
[  273.611607] AAAAA-TCP_SEND: name:enp0s3: saddr:33561200: daddr:100932208: srtt_us:2068808: RTT:258601: ssthresh:2147483647: cwnd:10: delivered:1: lost:0: retrans:0
[  273.701850] AAAAA-TCP_RECV: name:enp0s3: saddr:100932208: daddr:33561200: srtt_us:2068808: RTT:258601: ssthresh:2147483647: cwnd:10: delivered:1: lost:0: retrans:0
[  273.701874] AAAAA-TCP_SEND: name:enp0s3: saddr:33561200: daddr:100932208: srtt_us:2068808: RTT:258601: ssthresh:2147483647: cwnd:10: delivered:1: lost:0: retrans:0
[  274.032609] AAAAA-TCP_RECV: name:enp0s3: saddr:100932208: daddr:33561200: srtt_us:2068808: RTT:258601: ssthresh:2147483647: cwnd:10: delivered:1: lost:0: retrans:0
[  274.032638] AAAAA-TCP_SEND: name:enp0s3: saddr:33561200: daddr:100932208: srtt_us:2068808: RTT:258601: ssthresh:2147483647: cwnd:10: delivered:1: lost:0: retrans:0
[  274.249256] AAAAA-TCP_RECV: name:enp0s3: saddr:100932208: daddr:33561200: srtt_us:2068808: RTT:258601: ssthresh:2147483647: cwnd:10: delivered:1: lost:0: retrans:0
[  274.249288] AAAAA-TCP_SEND: name:enp0s3: saddr:33561200: daddr:100932208: srtt_us:2068808: RTT:258601: ssthresh:2147483647: cwnd:10: delivered:1: lost:0: retrans:0
[  274.586411] AAAAA-TCP_RECV: name:enp0s3: saddr:100932208: daddr:33561200: srtt_us:2068808: RTT:258601: ssthresh:2147483647: cwnd:10: delivered:1: lost:0: retrans:0
[  274.586439] AAAAA-TCP_SEND: name:enp0s3: saddr:33561200: daddr:100932208: srtt_us:2068808: RTT:258601: ssthresh:2147483647: cwnd:10: delivered:1: lost:0: retrans:0
[  274.782300] AAAAA-TCP_RECV: name:enp0s3: saddr:100932208: daddr:33561200: srtt_us:2068808: RTT:258601: ssthresh:2147483647: cwnd:10: delivered:1: lost:0: retrans:0
[  274.782328] AAAAA-TCP_SEND: name:enp0s3: saddr:33561200: daddr:100932208: srtt_us:2068808: RTT:258601: ssthresh:2147483647: cwnd:10: delivered:1: lost:0: retrans:0
[  274.854997] AAAAA-TCP_RECV: name:enp0s3: saddr:100932208: daddr:33561200: srtt_us:2068808: RTT:258601: ssthresh:2147483647: cwnd:10: delivered:1: lost:0: retrans:0
[  274.855021] AAAAA-TCP_SEND: name:enp0s3: saddr:33561200: daddr:100932208: srtt_us:2068808: RTT:258601: ssthresh:2147483647: cwnd:10: delivered:1: lost:0: retrans:0
[  275.128408] AAAAA-TCP_RECV: name:enp0s3: saddr:100932208: daddr:33561200: srtt_us:2068808: RTT:258601: ssthresh:2147483647: cwnd:10: delivered:1: lost:0: retrans:0
[  275.128435] AAAAA-TCP_SEND: name:enp0s3: saddr:33561200: daddr:100932208: srtt_us:2068808: RTT:258601: ssthresh:2147483647: cwnd:10: delivered:1: lost:0: retrans:0
[  275.214306] AAAAA-TCP_RECV: name:enp0s3: saddr:100932208: daddr:33561200: srtt_us:2068808: RTT:258601: ssthresh:2147483647: cwnd:10: delivered:1: lost:0: retrans:0
[  275.214334] AAAAA-TCP_SEND: name:enp0s3: saddr:33561200: daddr:100932208: srtt_us:2068808: RTT:258601: ssthresh:2147483647: cwnd:10: delivered:1: lost:0: retrans:0
[  275.339992] AAAAA-TCP_RECV: name:enp0s3: saddr:100932208: daddr:33561200: srtt_us:2068808: RTT:258601: ssthresh:2147483647: cwnd:10: delivered:1: lost:0: retrans:0
[  275.340019] AAAAA-TCP_SEND: name:enp0s3: saddr:33561200: daddr:100932208: srtt_us:2068808: RTT:258601: ssthresh:2147483647: cwnd:10: delivered:1: lost:0: retrans:0
[  275.437020] AAAAA-TCP_RECV: name:enp0s3: saddr:100932208: daddr:33561200: srtt_us:2068808: RTT:258601: ssthresh:2147483647: cwnd:10: delivered:1: lost:0: retrans:0
[  275.437048] AAAAA-TCP_SEND: name:enp0s3: saddr:33561200: daddr:100932208: srtt_us:2068808: RTT:258601: ssthresh:2147483647: cwnd:10: delivered:1: lost:0: retrans:0
[  275.694079] AAAAA-TCP_RECV: name:enp0s3: saddr:100932208: daddr:33561200: srtt_us:2068808: RTT:258601: ssthresh:2147483647: cwnd:10: delivered:1: lost:0: retrans:0
[  275.694120] AAAAA-TCP_SEND: name:enp0s3: saddr:33561200: daddr:100932208: srtt_us:2068808: RTT:258601: ssthresh:2147483647: cwnd:10: delivered:1: lost:0: retrans:0
[  275.808231] AAAAA-TCP_RECV: name:enp0s3: saddr:100932208: daddr:33561200: srtt_us:2068808: RTT:258601: ssthresh:2147483647: cwnd:10: delivered:1: lost:0: retrans:0
[  275.808258] AAAAA-TCP_SEND: name:enp0s3: saddr:33561200: daddr:100932208: srtt_us:2068808: RTT:258601: ssthresh:2147483647: cwnd:10: delivered:1: lost:0: retrans:0
[  275.918872] AAAAA-TCP_RECV: name:enp0s3: saddr:100932208: daddr:33561200: srtt_us:2068808: RTT:258601: ssthresh:2147483647: cwnd:10: delivered:1: lost:0: retrans:0
[  275.918897] AAAAA-TCP_SEND: name:enp0s3: saddr:33561200: daddr:100932208: srtt_us:2068808: RTT:258601: ssthresh:2147483647: cwnd:10: delivered:1: lost:0: retrans:0
[  276.052543] AAAAA-TCP_RECV: name:enp0s3: saddr:100932208: daddr:33561200: srtt_us:2068808: RTT:258601: ssthresh:2147483647: cwnd:10: delivered:1: lost:0: retrans:0
[  276.052571] AAAAA-TCP_SEND: name:enp0s3: saddr:33561200: daddr:100932208: srtt_us:2068808: RTT:258601: ssthresh:2147483647: cwnd:10: delivered:1: lost:0: retrans:0
[  276.388682] AAAAA-TCP_RECV: name:enp0s3: saddr:100932208: daddr:16783984: srtt_us:1277872: RTT:159734: ssthresh:2147483647: cwnd:10: delivered:1: lost:0: retrans:0
[  276.388720] AAAAA-TCP_SEND: name:enp0s3: saddr:16783984: daddr:100932208: srtt_us:1277872: RTT:159734: ssthresh:2147483647: cwnd:10: delivered:1: lost:0: retrans:0
[  276.530438] AAAAA-TCP_RECV: name:enp0s3: saddr:100932208: daddr:16783984: srtt_us:1277872: RTT:159734: ssthresh:2147483647: cwnd:10: delivered:1: lost:0: retrans:0
[  276.530460] AAAAA-TCP_SEND: name:enp0s3: saddr:16783984: daddr:100932208: srtt_us:1277872: RTT:159734: ssthresh:2147483647: cwnd:10: delivered:1: lost:0: retrans:0
[  276.635588] AAAAA-TCP_RECV: name:enp0s3: saddr:100932208: daddr:16783984: srtt_us:1277872: RTT:159734: ssthresh:2147483647: cwnd:10: delivered:1: lost:0: retrans:0
[  276.635612] AAAAA-TCP_SEND: name:enp0s3: saddr:16783984: daddr:100932208: srtt_us:1277872: RTT:159734: ssthresh:2147483647: cwnd:10: delivered:1: lost:0: retrans:0
[  276.744949] AAAAA-TCP_RECV: name:enp0s3: saddr:100932208: daddr:16783984: srtt_us:1277872: RTT:159734: ssthresh:2147483647: cwnd:10: delivered:1: lost:0: retrans:0
[  276.744970] AAAAA-TCP_SEND: name:enp0s3: saddr:16783984: daddr:100932208: srtt_us:1277872: RTT:159734: ssthresh:2147483647: cwnd:10: delivered:1: lost:0: retrans:0
[  276.826767] AAAAA-TCP_RECV: name:enp0s3: saddr:100932208: daddr:16783984: srtt_us:1277872: RTT:159734: ssthresh:2147483647: cwnd:10: delivered:1: lost:0: retrans:0
[  276.826790] AAAAA-TCP_SEND: name:enp0s3: saddr:16783984: daddr:100932208: srtt_us:1277872: RTT:159734: ssthresh:2147483647: cwnd:10: delivered:1: lost:0: retrans:0
[  276.923564] AAAAA-TCP_RECV: name:enp0s3: saddr:100932208: daddr:16783984: srtt_us:1277872: RTT:159734: ssthresh:2147483647: cwnd:10: delivered:1: lost:0: retrans:0
[  276.923583] AAAAA-TCP_SEND: name:enp0s3: saddr:16783984: daddr:100932208: srtt_us:1277872: RTT:159734: ssthresh:2147483647: cwnd:10: delivered:1: lost:0: retrans:0
[  277.039807] AAAAA-TCP_RECV: name:enp0s3: saddr:100932208: daddr:16783984: srtt_us:1277872: RTT:159734: ssthresh:2147483647: cwnd:10: delivered:1: lost:0: retrans:0
[  277.039830] AAAAA-TCP_SEND: name:enp0s3: saddr:16783984: daddr:100932208: srtt_us:1277872: RTT:159734: ssthresh:2147483647: cwnd:10: delivered:1: lost:0: retrans:0
[  277.159671] AAAAA-TCP_RECV: name:enp0s3: saddr:100932208: daddr:16783984: srtt_us:1277872: RTT:159734: ssthresh:2147483647: cwnd:10: delivered:1: lost:0: retrans:0
[  277.159692] AAAAA-TCP_SEND: name:enp0s3: saddr:16783984: daddr:100932208: srtt_us:1277872: RTT:159734: ssthresh:2147483647: cwnd:10: delivered:1: lost:0: retrans:0
[  277.242457] AAAAA-TCP_RECV: name:enp0s3: saddr:100932208: daddr:16783984: srtt_us:1277872: RTT:159734: ssthresh:2147483647: cwnd:10: delivered:1: lost:0: retrans:0
[  277.242476] AAAAA-TCP_SEND: name:enp0s3: saddr:16783984: daddr:100932208: srtt_us:1277872: RTT:159734: ssthresh:2147483647: cwnd:10: delivered:1: lost:0: retrans:0
[  277.382427] AAAAA-TCP_RECV: name:enp0s3: saddr:100932208: daddr:16783984: srtt_us:1277872: RTT:159734: ssthresh:2147483647: cwnd:10: delivered:1: lost:0: retrans:0
[  277.382447] AAAAA-TCP_SEND: name:enp0s3: saddr:16783984: daddr:100932208: srtt_us:1277872: RTT:159734: ssthresh:2147483647: cwnd:10: delivered:1: lost:0: retrans:0
[  277.409767] AAAAA-TCP_RECV: name:enp0s3: saddr:100932208: daddr:16783984: srtt_us:1277872: RTT:159734: ssthresh:2147483647: cwnd:10: delivered:1: lost:0: retrans:0
[  277.409787] AAAAA-TCP_SEND: name:enp0s3: saddr:16783984: daddr:100932208: srtt_us:1277872: RTT:159734: ssthresh:2147483647: cwnd:10: delivered:1: lost:0: retrans:0
[  277.600609] AAAAA-TCP_RECV: name:enp0s3: saddr:100932208: daddr:16783984: srtt_us:1277872: RTT:159734: ssthresh:2147483647: cwnd:10: delivered:1: lost:0: retrans:0
[  277.600629] AAAAA-TCP_SEND: name:enp0s3: saddr:16783984: daddr:100932208: srtt_us:1277872: RTT:159734: ssthresh:2147483647: cwnd:10: delivered:1: lost:0: retrans:0
[  277.680844] AAAAA-TCP_RECV: name:enp0s3: saddr:100932208: daddr:16783984: srtt_us:1277872: RTT:159734: ssthresh:2147483647: cwnd:10: delivered:1: lost:0: retrans:0
[  277.680863] AAAAA-TCP_SEND: name:enp0s3: saddr:16783984: daddr:100932208: srtt_us:1277872: RTT:159734: ssthresh:2147483647: cwnd:10: delivered:1: lost:0: retrans:0
[  278.178722] AAAAA-TCP_RECV: name:enp0s3: saddr:100932208: daddr:16783984: srtt_us:1277872: RTT:159734: ssthresh:2147483647: cwnd:10: delivered:1: lost:0: retrans:0
[  278.178799] AAAAA-TCP_SEND: name:enp0s3: saddr:16783984: daddr:100932208: srtt_us:1277872: RTT:159734: ssthresh:2147483647: cwnd:10: delivered:1: lost:0: retrans:0
[  278.414221] AAAAA-TCP_RECV: name:enp0s3: saddr:100932208: daddr:16783984: srtt_us:1277872: RTT:159734: ssthresh:2147483647: cwnd:10: delivered:1: lost:0: retrans:0
[  278.414274] AAAAA-TCP_SEND: name:enp0s3: saddr:16783984: daddr:100932208: srtt_us:1277872: RTT:159734: ssthresh:2147483647: cwnd:10: delivered:1: lost:0: retrans:0
[  278.703997] AAAAA-TCP_RECV: name:enp0s3: saddr:100932208: daddr:16783984: srtt_us:1277872: RTT:159734: ssthresh:2147483647: cwnd:10: delivered:1: lost:0: retrans:0
[  278.704029] AAAAA-TCP_SEND: name:enp0s3: saddr:16783984: daddr:100932208: srtt_us:1277872: RTT:159734: ssthresh:2147483647: cwnd:10: delivered:1: lost:0: retrans:0
[  279.205015] AAAAA-TCP_RECV: name:enp0s3: saddr:100932208: daddr:33561200: srtt_us:2068808: RTT:258601: ssthresh:2147483647: cwnd:10: delivered:1: lost:0: retrans:0
[  279.205054] AAAAA-TCP_SEND: name:enp0s3: saddr:33561200: daddr:100932208: srtt_us:2068808: RTT:258601: ssthresh:2147483647: cwnd:10: delivered:1: lost:0: retrans:0
[  279.261066] AAAAA-TCP_RECV: name:enp0s3: saddr:100932208: daddr:33561200: srtt_us:2068808: RTT:258601: ssthresh:2147483647: cwnd:10: delivered:1: lost:0: retrans:0
[  279.261105] AAAAA-TCP_SEND: name:enp0s3: saddr:33561200: daddr:100932208: srtt_us:2068808: RTT:258601: ssthresh:2147483647: cwnd:10: delivered:1: lost:0: retrans:0
[  279.316413] AAAAA-TCP_RECV: name:enp0s3: saddr:100932208: daddr:33561200: srtt_us:2068808: RTT:258601: ssthresh:2147483647: cwnd:10: delivered:1: lost:0: retrans:0
[  279.316453] AAAAA-TCP_SEND: name:enp0s3: saddr:33561200: daddr:100932208: srtt_us:2068808: RTT:258601: ssthresh:2147483647: cwnd:10: delivered:1: lost:0: retrans:0
[  279.541078] AAAAA-TCP_RECV: name:enp0s3: saddr:100932208: daddr:33561200: srtt_us:2068808: RTT:258601: ssthresh:2147483647: cwnd:10: delivered:1: lost:0: retrans:0
[  279.541112] AAAAA-TCP_SEND: name:enp0s3: saddr:33561200: daddr:100932208: srtt_us:2068808: RTT:258601: ssthresh:2147483647: cwnd:10: delivered:1: lost:0: retrans:0
[  279.655122] AAAAA-TCP_RECV: name:enp0s3: saddr:100932208: daddr:33561200: srtt_us:2068808: RTT:258601: ssthresh:2147483647: cwnd:10: delivered:1: lost:0: retrans:0
[  279.655152] AAAAA-TCP_SEND: name:enp0s3: saddr:33561200: daddr:100932208: srtt_us:2068808: RTT:258601: ssthresh:2147483647: cwnd:10: delivered:1: lost:0: retrans:0
[  279.736024] AAAAA-TCP_RECV: name:enp0s3: saddr:100932208: daddr:33561200: srtt_us:2068808: RTT:258601: ssthresh:2147483647: cwnd:10: delivered:1: lost:0: retrans:0
[  279.736057] AAAAA-TCP_SEND: name:enp0s3: saddr:33561200: daddr:100932208: srtt_us:2068808: RTT:258601: ssthresh:2147483647: cwnd:10: delivered:1: lost:0: retrans:0
[  279.860348] AAAAA-TCP_RECV: name:enp0s3: saddr:100932208: daddr:33561200: srtt_us:2068808: RTT:258601: ssthresh:2147483647: cwnd:10: delivered:1: lost:0: retrans:0
[  279.860378] AAAAA-TCP_SEND: name:enp0s3: saddr:33561200: daddr:100932208: srtt_us:2068808: RTT:258601: ssthresh:2147483647: cwnd:10: delivered:1: lost:0: retrans:0
[  280.144359] AAAAA-TCP_RECV: name:enp0s3: saddr:100932208: daddr:33561200: srtt_us:2068808: RTT:258601: ssthresh:2147483647: cwnd:10: delivered:1: lost:0: retrans:0
[  280.144396] AAAAA-TCP_SEND: name:enp0s3: saddr:33561200: daddr:100932208: srtt_us:2068808: RTT:258601: ssthresh:2147483647: cwnd:10: delivered:1: lost:0: retrans:0
[  280.195610] AAAAA-TCP_RECV: name:enp0s3: saddr:100932208: daddr:33561200: srtt_us:2068808: RTT:258601: ssthresh:2147483647: cwnd:10: delivered:1: lost:0: retrans:0
[  280.195649] AAAAA-TCP_SEND: name:enp0s3: saddr:33561200: daddr:100932208: srtt_us:2068808: RTT:258601: ssthresh:2147483647: cwnd:10: delivered:1: lost:0: retrans:0
[  280.358137] AAAAA-TCP_RECV: name:enp0s3: saddr:100932208: daddr:33561200: srtt_us:2068808: RTT:258601: ssthresh:2147483647: cwnd:10: delivered:1: lost:0: retrans:0
[  280.358175] AAAAA-TCP_SEND: name:enp0s3: saddr:33561200: daddr:100932208: srtt_us:2068808: RTT:258601: ssthresh:2147483647: cwnd:10: delivered:1: lost:0: retrans:0
[  280.405533] AAAAA-TCP_RECV: name:enp0s3: saddr:100932208: daddr:33561200: srtt_us:2068808: RTT:258601: ssthresh:2147483647: cwnd:10: delivered:1: lost:0: retrans:0
[  280.405563] AAAAA-TCP_SEND: name:enp0s3: saddr:33561200: daddr:100932208: srtt_us:2068808: RTT:258601: ssthresh:2147483647: cwnd:10: delivered:1: lost:0: retrans:0
[  280.517037] AAAAA-TCP_RECV: name:enp0s3: saddr:100932208: daddr:33561200: srtt_us:2068808: RTT:258601: ssthresh:2147483647: cwnd:10: delivered:1: lost:0: retrans:0
[  280.662574] AAAAA-TCP_RECV: name:enp0s3: saddr:100932208: daddr:33561200: srtt_us:2068808: RTT:258601: ssthresh:2147483647: cwnd:10: delivered:1: lost:0: retrans:0
[  280.662608] AAAAA-TCP_SEND: name:enp0s3: saddr:33561200: daddr:100932208: srtt_us:2068808: RTT:258601: ssthresh:2147483647: cwnd:10: delivered:1: lost:0: retrans:0
[  280.722273] AAAAA-TCP_RECV: name:enp0s3: saddr:100932208: daddr:33561200: srtt_us:2068808: RTT:258601: ssthresh:2147483647: cwnd:10: delivered:1: lost:0: retrans:0
[  280.722300] AAAAA-TCP_SEND: name:enp0s3: saddr:33561200: daddr:100932208: srtt_us:2068808: RTT:258601: ssthresh:2147483647: cwnd:10: delivered:1: lost:0: retrans:0
[  280.934516] AAAAA-TCP_RECV: name:enp0s3: saddr:100932208: daddr:33561200: srtt_us:2068808: RTT:258601: ssthresh:2147483647: cwnd:10: delivered:1: lost:0: retrans:0
[  280.934546] AAAAA-TCP_SEND: name:enp0s3: saddr:33561200: daddr:100932208: srtt_us:2068808: RTT:258601: ssthresh:2147483647: cwnd:10: delivered:1: lost:0: retrans:0
[  281.054490] AAAAA-TCP_RECV: name:enp0s3: saddr:100932208: daddr:16783984: srtt_us:1277872: RTT:159734: ssthresh:2147483647: cwnd:10: delivered:1: lost:0: retrans:0
[  281.054534] AAAAA-TCP_SEND: name:enp0s3: saddr:16783984: daddr:100932208: srtt_us:1277872: RTT:159734: ssthresh:2147483647: cwnd:10: delivered:1: lost:0: retrans:0
[  281.354282] AAAAA-TCP_RECV: name:enp0s3: saddr:100932208: daddr:16783984: srtt_us:1277872: RTT:159734: ssthresh:2147483647: cwnd:10: delivered:1: lost:0: retrans:0
[  281.354333] AAAAA-TCP_SEND: name:enp0s3: saddr:16783984: daddr:100932208: srtt_us:1277872: RTT:159734: ssthresh:2147483647: cwnd:10: delivered:1: lost:0: retrans:0
[  281.528538] AAAAA-TCP_RECV: name:enp0s3: saddr:100932208: daddr:16783984: srtt_us:1277872: RTT:159734: ssthresh:2147483647: cwnd:10: delivered:1: lost:0: retrans:0
[  281.528573] AAAAA-TCP_SEND: name:enp0s3: saddr:16783984: daddr:100932208: srtt_us:1277872: RTT:159734: ssthresh:2147483647: cwnd:10: delivered:1: lost:0: retrans:0
[  281.932762] AAAAA-TCP_RECV: name:enp0s3: saddr:100932208: daddr:16783984: srtt_us:1277872: RTT:159734: ssthresh:2147483647: cwnd:10: delivered:1: lost:0: retrans:0
[  281.932812] AAAAA-TCP_SEND: name:enp0s3: saddr:16783984: daddr:100932208: srtt_us:1277872: RTT:159734: ssthresh:2147483647: cwnd:10: delivered:1: lost:0: retrans:0
[  282.120890] AAAAA-TCP_RECV: name:enp0s3: saddr:100932208: daddr:16783984: srtt_us:1277872: RTT:159734: ssthresh:2147483647: cwnd:10: delivered:1: lost:0: retrans:0
[  282.120924] AAAAA-TCP_SEND: name:enp0s3: saddr:16783984: daddr:100932208: srtt_us:1277872: RTT:159734: ssthresh:2147483647: cwnd:10: delivered:1: lost:0: retrans:0
[  282.274265] AAAAA-TCP_RECV: name:enp0s3: saddr:100932208: daddr:16783984: srtt_us:1277872: RTT:159734: ssthresh:2147483647: cwnd:10: delivered:1: lost:0: retrans:0
