[    0.000000] Linux version 5.4.243-mptcp (root@ztg) (gcc version 12.2.0 (Debian 12.2.0-14+deb12u1)) #53 SMP Wed Dec 24 23:28:15 CST 2025
[    0.000000] Command line: BOOT_IMAGE=/boot/vmlinuz-5.4.243-mptcp root=UUID=98415a12-53b7-4144-8265-0f7ece09e445 ro quiet splash
[    0.000000] KERNEL supported cpus:
[    0.000000]   Intel GenuineIntel
[    0.000000]   AMD AuthenticAMD
[    0.000000]   Hygon HygonGenuine
[    0.000000]   Centaur CentaurHauls
[    0.000000]   zhaoxin   Shanghai  
[    0.000000] x86/fpu: Supporting XSAVE feature 0x001: 'x87 floating point registers'
[    0.000000] x86/fpu: Supporting XSAVE feature 0x002: 'SSE registers'
[    0.000000] x86/fpu: Supporting XSAVE feature 0x004: 'AVX registers'
[    0.000000] x86/fpu: xstate_offset[2]:  576, xstate_sizes[2]:  256
[    0.000000] x86/fpu: Enabled xstate features 0x7, context size is 832 bytes, using 'standard' format.
[    0.000000] BIOS-provided physical RAM map:
[    0.000000] BIOS-e820: [mem 0x0000000000000000-0x000000000009fbff] usable
[    0.000000] BIOS-e820: [mem 0x000000000009fc00-0x000000000009ffff] reserved
[    0.000000] BIOS-e820: [mem 0x00000000000f0000-0x00000000000fffff] reserved
[    0.000000] BIOS-e820: [mem 0x0000000000100000-0x000000007ffeffff] usable
[    0.000000] BIOS-e820: [mem 0x000000007fff0000-0x000000007fffffff] ACPI data
[    0.000000] BIOS-e820: [mem 0x00000000fec00000-0x00000000fec00fff] reserved
[    0.000000] BIOS-e820: [mem 0x00000000fee00000-0x00000000fee00fff] reserved
[    0.000000] BIOS-e820: [mem 0x00000000fffc0000-0x00000000ffffffff] reserved
[    0.000000] NX (Execute Disable) protection: active
[    0.000000] SMBIOS 2.5 present.
[    0.000000] DMI: innotek GmbH VirtualBox/VirtualBox, BIOS VirtualBox 12/01/2006
[    0.000000] Hypervisor detected: KVM
[    0.000000] kvm-clock: Using msrs 4b564d01 and 4b564d00
[    0.000000] kvm-clock: cpu 0, msr 7a401001, primary cpu clock
[    0.000000] kvm-clock: using sched offset of 4488463105 cycles
[    0.000003] clocksource: kvm-clock: mask: 0xffffffffffffffff max_cycles: 0x1cd42e4dffb, max_idle_ns: 881590591483 ns
[    0.000005] tsc: Detected 2100.000 MHz processor
[    0.001898] e820: update [mem 0x00000000-0x00000fff] usable ==> reserved
[    0.001900] e820: remove [mem 0x000a0000-0x000fffff] usable
[    0.001904] last_pfn = 0x7fff0 max_arch_pfn = 0x400000000
[    0.001975] MTRR default type: uncachable
[    0.001975] MTRR fixed ranges enabled:
[    0.001977]   00000-9FFFF write-back
[    0.001977]   A0000-BFFFF uncachable
[    0.001978]   C0000-FFFFF write-protect
[    0.001979] MTRR variable ranges enabled:
[    0.001980]   0 base 000000000000 mask 3FFF80000000 write-back
[    0.001981]   1 disabled
[    0.001981]   2 disabled
[    0.001982]   3 disabled
[    0.001982]   4 disabled
[    0.001983]   5 disabled
[    0.001983]   6 disabled
[    0.001983]   7 disabled
[    0.001984]   8 disabled
[    0.001984]   9 disabled
[    0.001985]   10 disabled
[    0.001985]   11 disabled
[    0.001986]   12 disabled
[    0.001986]   13 disabled
[    0.001986]   14 disabled
[    0.001987]   15 disabled
[    0.002004] x86/PAT: Configuration [0-7]: WB  WC  UC- UC  WB  WP  UC- WT  
[    0.002139] found SMP MP-table at [mem 0x0009fff0-0x0009ffff]
[    0.095572] check: Scanning 1 areas for low memory corruption
[    0.095842] RAMDISK: [mem 0x32271000-0x3512ffff]
[    0.095850] ACPI: Early table checksum verification disabled
[    0.095855] ACPI: RSDP 0x00000000000E0000 000024 (v02 VBOX  )
[    0.095860] ACPI: XSDT 0x000000007FFF0030 00003C (v01 VBOX   VBOXXSDT 00000001 ASL  00000061)
[    0.095866] ACPI: FACP 0x000000007FFF00F0 0000F4 (v04 VBOX   VBOXFACP 00000001 ASL  00000061)
[    0.095872] ACPI: DSDT 0x000000007FFF02E0 002353 (v02 VBOX   VBOXBIOS 00000002 VBOX 00029BF3)
[    0.095876] ACPI: FACS 0x000000007FFF0200 000040
[    0.095879] ACPI: FACS 0x000000007FFF0200 000040
[    0.095883] ACPI: APIC 0x000000007FFF0240 000054 (v02 VBOX   VBOXAPIC 00000001 ASL  00000061)
[    0.095886] ACPI: SSDT 0x000000007FFF02A0 000038 (v01 VBOX   VBOXCPUT 00000002 VBOX 00029BF3)
[    0.095890] ACPI: Reserving FACP table memory at [mem 0x7fff00f0-0x7fff01e3]
[    0.095891] ACPI: Reserving DSDT table memory at [mem 0x7fff02e0-0x7fff2632]
[    0.095891] ACPI: Reserving FACS table memory at [mem 0x7fff0200-0x7fff023f]
[    0.095892] ACPI: Reserving FACS table memory at [mem 0x7fff0200-0x7fff023f]
[    0.095893] ACPI: Reserving APIC table memory at [mem 0x7fff0240-0x7fff0293]
[    0.095893] ACPI: Reserving SSDT table memory at [mem 0x7fff02a0-0x7fff02d7]
[    0.095908] ACPI: Local APIC address 0xfee00000
[    0.096097] No NUMA configuration found
[    0.096098] Faking a node at [mem 0x0000000000000000-0x000000007ffeffff]
[    0.096108] NODE_DATA(0) allocated [mem 0x7ffc5000-0x7ffeffff]
[    0.096368] Zone ranges:
[    0.096369]   DMA      [mem 0x0000000000001000-0x0000000000ffffff]
[    0.096370]   DMA32    [mem 0x0000000001000000-0x000000007ffeffff]
[    0.096371]   Normal   empty
[    0.096371]   Device   empty
[    0.096372] Movable zone start for each node
[    0.096374] Early memory node ranges
[    0.096375]   node   0: [mem 0x0000000000001000-0x000000000009efff]
[    0.096376]   node   0: [mem 0x0000000000100000-0x000000007ffeffff]
[    0.096379] Zeroed struct page in unavailable ranges: 114 pages
[    0.096380] Initmem setup node 0 [mem 0x0000000000001000-0x000000007ffeffff]
[    0.096381] On node 0 totalpages: 524174
[    0.096382]   DMA zone: 64 pages used for memmap
[    0.096382]   DMA zone: 21 pages reserved
[    0.096383]   DMA zone: 3998 pages, LIFO batch:0
[    0.096455]   DMA32 zone: 8128 pages used for memmap
[    0.096456]   DMA32 zone: 520176 pages, LIFO batch:63
[    0.105349] ACPI: PM-Timer IO Port: 0x4008
[    0.105352] ACPI: Local APIC address 0xfee00000
[    0.105422] IOAPIC[0]: apic_id 1, version 32, address 0xfec00000, GSI 0-23
[    0.105425] ACPI: INT_SRC_OVR (bus 0 bus_irq 0 global_irq 2 dfl dfl)
[    0.105427] ACPI: INT_SRC_OVR (bus 0 bus_irq 9 global_irq 9 low level)
[    0.105429] ACPI: IRQ0 used by override.
[    0.105430] ACPI: IRQ9 used by override.
[    0.105432] Using ACPI (MADT) for SMP configuration information
[    0.105439] smpboot: Allowing 1 CPUs, 0 hotplug CPUs
[    0.105460] PM: Registered nosave memory: [mem 0x00000000-0x00000fff]
[    0.105461] PM: Registered nosave memory: [mem 0x0009f000-0x0009ffff]
[    0.105461] PM: Registered nosave memory: [mem 0x000a0000-0x000effff]
[    0.105462] PM: Registered nosave memory: [mem 0x000f0000-0x000fffff]
[    0.105464] [mem 0x80000000-0xfebfffff] available for PCI devices
[    0.105464] Booting paravirtualized kernel on KVM
[    0.105467] clocksource: refined-jiffies: mask: 0xffffffff max_cycles: 0xffffffff, max_idle_ns: 7645519600211568 ns
[    0.105472] setup_percpu: NR_CPUS:8192 nr_cpumask_bits:1 nr_cpu_ids:1 nr_node_ids:1
[    0.106483] percpu: Embedded 60 pages/cpu s208896 r8192 d28672 u2097152
[    0.106487] pcpu-alloc: s208896 r8192 d28672 u2097152 alloc=1*2097152
[    0.106488] pcpu-alloc: [0] 0 
[    0.106514] Built 1 zonelists, mobility grouping on.  Total pages: 515961
[    0.106515] Policy zone: DMA32
[    0.106516] Kernel command line: BOOT_IMAGE=/boot/vmlinuz-5.4.243-mptcp root=UUID=98415a12-53b7-4144-8265-0f7ece09e445 ro quiet splash
[    0.107365] Dentry cache hash table entries: 262144 (order: 9, 2097152 bytes, linear)
[    0.107512] Inode-cache hash table entries: 131072 (order: 8, 1048576 bytes, linear)
[    0.107562] mem auto-init: stack:off, heap alloc:on, heap free:off
[    0.107564] Calgary: detecting Calgary via BIOS EBDA area
[    0.107565] Calgary: Unable to locate Rio Grande table in EBDA - bailing!
[    0.111631] Memory: 1967332K/2096696K available (14339K kernel code, 2398K rwdata, 4712K rodata, 2728K init, 17260K bss, 129364K reserved, 0K cma-reserved)
[    0.112558] SLUB: HWalign=64, Order=0-3, MinObjects=0, CPUs=1, Nodes=1
[    0.112574] ftrace: allocating 43186 entries in 169 pages
[    0.130692] rcu: Hierarchical RCU implementation.
[    0.130694] rcu: 	RCU restricting CPUs from NR_CPUS=8192 to nr_cpu_ids=1.
[    0.130695] 	Tasks RCU enabled.
[    0.130697] rcu: RCU calculated value of scheduler-enlistment delay is 25 jiffies.
[    0.130697] rcu: Adjusting geometry for rcu_fanout_leaf=16, nr_cpu_ids=1
[    0.133662] NR_IRQS: 524544, nr_irqs: 256, preallocated irqs: 16
[    0.133879] random: crng init done
[    0.143203] Console: colour VGA+ 80x25
[    0.143207] printk: console [tty0] enabled
[    0.143226] ACPI: Core revision 20190816
[    0.143373] APIC: Switch to symmetric I/O mode setup
[    0.143624] x2apic enabled
[    0.143865] Switched APIC routing to physical x2apic.
[    0.145003] ..TIMER: vector=0x30 apic1=0 pin1=2 apic2=-1 pin2=-1
[    0.145028] clocksource: tsc-early: mask: 0xffffffffffffffff max_cycles: 0x1e4530a99b6, max_idle_ns: 440795257976 ns
[    0.145033] Calibrating delay loop (skipped) preset value.. 4200.00 BogoMIPS (lpj=8400000)
[    0.145035] pid_max: default: 32768 minimum: 301
[    0.145062] LSM: Security Framework initializing
[    0.145072] Yama: becoming mindful.
[    0.145098] AppArmor: AppArmor initialized
[    0.145131] Mount-cache hash table entries: 4096 (order: 3, 32768 bytes, linear)
[    0.145135] Mountpoint-cache hash table entries: 4096 (order: 3, 32768 bytes, linear)
[    0.145145] *** VALIDATE tmpfs ***
[    0.145274] *** VALIDATE proc ***
[    0.145315] *** VALIDATE cgroup1 ***
[    0.145316] *** VALIDATE cgroup2 ***
[    0.145455] process: using mwait in idle threads
[    0.145460] Last level iTLB entries: 4KB 64, 2MB 8, 4MB 8
[    0.145461] Last level dTLB entries: 4KB 64, 2MB 0, 4MB 0, 1GB 4
[    0.145481] Spectre V1 : Mitigation: usercopy/swapgs barriers and __user pointer sanitization
[    0.145486] Spectre V2 : Mitigation: Retpolines
[    0.145487] Spectre V2 : Spectre v2 / SpectreRSB mitigation: Filling RSB on context switch
[    0.145487] Spectre V2 : Spectre v2 / SpectreRSB : Filling RSB on VMEXIT
[    0.145488] RETBleed: WARNING: Spectre v2 mitigation leaves CPU vulnerable to RETBleed attacks, data leaks possible!
[    0.145850] RETBleed: Vulnerable
[    0.145851] Speculative Store Bypass: Vulnerable
[    0.145855] TAA: Mitigation: TSX disabled
[    0.145856] MMIO Stale Data: Mitigation: Clear CPU buffers
[    0.150017] Freeing SMP alternatives memory: 40K
[    0.261769] smpboot: CPU0: Intel(R) Xeon(R) Silver 4216 CPU @ 2.10GHz (family: 0x6, model: 0x55, stepping: 0x7)
[    0.261891] Performance Events: unsupported p6 CPU model 85 no PMU driver, software events only.
[    0.261929] rcu: Hierarchical SRCU implementation.
[    0.262405] NMI watchdog: Perf NMI watchdog permanently disabled
[    0.262444] smp: Bringing up secondary CPUs ...
[    0.262445] smp: Brought up 1 node, 1 CPU
[    0.262446] smpboot: Max logical packages: 1
[    0.262447] smpboot: Total of 1 processors activated (4200.00 BogoMIPS)
[    0.263394] devtmpfs: initialized
[    0.263440] x86/mm: Memory block size: 128MB
[    0.263786] clocksource: jiffies: mask: 0xffffffff max_cycles: 0xffffffff, max_idle_ns: 7645041785100000 ns
[    0.263792] futex hash table entries: 256 (order: 2, 16384 bytes, linear)
[    0.263836] pinctrl core: initialized pinctrl subsystem
[    0.263938] PM: RTC time: 20:52:40, date: 2026-01-19
[    0.264045] NET: Registered protocol family 16
[    0.264120] audit: initializing netlink subsys (disabled)
[    0.264247] EISA bus registered
[    0.264249] cpuidle: using governor ladder
[    0.264249] cpuidle: using governor menu
[    0.264285] ACPI: bus type PCI registered
[    0.264287] acpiphp: ACPI Hot Plug PCI Controller Driver version: 0.5
[    0.264401] PCI: Using configuration type 1 for base access
[    0.265292] audit: type=2000 audit(1768827166.477:1): state=initialized audit_enabled=0 res=1
[    0.265372] HugeTLB registered 2.00 MiB page size, pre-allocated 0 pages
[    0.266182] ACPI: Added _OSI(Module Device)
[    0.266183] ACPI: Added _OSI(Processor Device)
[    0.266184] ACPI: Added _OSI(3.0 _SCP Extensions)
[    0.266184] ACPI: Added _OSI(Processor Aggregator Device)
[    0.266185] ACPI: Added _OSI(Linux-Dell-Video)
[    0.266186] ACPI: Added _OSI(Linux-Lenovo-NV-HDMI-Audio)
[    0.266187] ACPI: Added _OSI(Linux-HPI-Hybrid-Graphics)
[    0.268145] ACPI: 2 ACPI AML tables successfully acquired and loaded
[    0.269665] ACPI: Interpreter enabled
[    0.269674] ACPI: (supports S0 S5)
[    0.269676] ACPI: Using IOAPIC for interrupt routing
[    0.269879] PCI: Using host bridge windows from ACPI; if necessary, use "pci=nocrs" and report a bug
[    0.269988] ACPI: Enabled 2 GPEs in block 00 to 07
[    0.274789] ACPI: PCI Root Bridge [PCI0] (domain 0000 [bus 00-ff])
[    0.274793] acpi PNP0A03:00: _OSC: OS supports [ASPM ClockPM Segments MSI HPX-Type3]
[    0.275237] acpi PNP0A03:00: _OSC: not requesting OS control; OS requires [ExtendedConfig ASPM ClockPM MSI]
[    0.275245] acpi PNP0A03:00: fail to add MMCONFIG information, can't access extended PCI configuration space under this bridge.
[    0.275631] PCI host bridge to bus 0000:00
[    0.275633] pci_bus 0000:00: root bus resource [io  0x0000-0x0cf7 window]
[    0.275635] pci_bus 0000:00: root bus resource [io  0x0d00-0xffff window]
[    0.275636] pci_bus 0000:00: root bus resource [mem 0x000a0000-0x000bffff window]
[    0.275637] pci_bus 0000:00: root bus resource [mem 0x80000000-0xfdffffff window]
[    0.275638] pci_bus 0000:00: root bus resource [bus 00-ff]
[    0.275685] pci 0000:00:00.0: [8086:1237] type 00 class 0x060000
[    0.277568] pci 0000:00:01.0: [8086:7000] type 00 class 0x060100
[    0.278340] pci 0000:00:01.1: [8086:7111] type 00 class 0x01018a
[    0.278722] pci 0000:00:01.1: reg 0x20: [io  0xd000-0xd00f]
[    0.278879] pci 0000:00:01.1: legacy IDE quirk: reg 0x10: [io  0x01f0-0x01f7]
[    0.278880] pci 0000:00:01.1: legacy IDE quirk: reg 0x14: [io  0x03f6]
[    0.278881] pci 0000:00:01.1: legacy IDE quirk: reg 0x18: [io  0x0170-0x0177]
[    0.278882] pci 0000:00:01.1: legacy IDE quirk: reg 0x1c: [io  0x0376]
[    0.279420] pci 0000:00:02.0: [15ad:0405] type 00 class 0x030000
[    0.281110] pci 0000:00:02.0: reg 0x10: [io  0xd010-0xd01f]
[    0.285076] pci 0000:00:02.0: reg 0x14: [mem 0xe0000000-0xe7ffffff pref]
[    0.287807] pci 0000:00:02.0: reg 0x18: [mem 0xf0000000-0xf01fffff]
[    0.297825] pci 0000:00:03.0: [1022:2000] type 00 class 0x020000
[    0.298521] pci 0000:00:03.0: reg 0x10: [io  0xd020-0xd03f]
[    0.299149] pci 0000:00:03.0: reg 0x14: [mem 0xf0200000-0xf0200fff]
[    0.304169] pci 0000:00:04.0: [80ee:cafe] type 00 class 0x088000
[    0.304871] pci 0000:00:04.0: reg 0x10: [io  0xd040-0xd05f]
[    0.305148] pci 0000:00:04.0: reg 0x14: [mem 0xf0400000-0xf07fffff]
[    0.305774] pci 0000:00:04.0: reg 0x18: [mem 0xf0800000-0xf0803fff pref]
[    0.309075] pci 0000:00:07.0: [8086:7113] type 00 class 0x068000
[    0.309637] pci 0000:00:07.0: quirk: [io  0x4000-0x403f] claimed by PIIX4 ACPI
[    0.309647] pci 0000:00:07.0: quirk: [io  0x4100-0x410f] claimed by PIIX4 SMB
[    0.310270] pci 0000:00:08.0: [8086:100e] type 00 class 0x020000
[    0.310975] pci 0000:00:08.0: reg 0x10: [mem 0xf0820000-0xf083ffff]
[    0.313149] pci 0000:00:08.0: reg 0x18: [io  0xd060-0xd067]
[    0.316405] pci 0000:00:09.0: [8086:100e] type 00 class 0x020000
[    0.317030] pci 0000:00:09.0: reg 0x10: [mem 0xf0840000-0xf085ffff]
[    0.318198] pci 0000:00:09.0: reg 0x18: [io  0xd068-0xd06f]
[    0.329390] ACPI: PCI Interrupt Link [LNKA] (IRQs 5 9 10 *11)
[    0.329671] ACPI: PCI Interrupt Link [LNKB] (IRQs 5 9 *10 11)
[    0.329777] ACPI: PCI Interrupt Link [LNKC] (IRQs 5 *9 10 11)
[    0.329877] ACPI: PCI Interrupt Link [LNKD] (IRQs 5 9 10 *11)
[    0.330136] iommu: Default domain type: Translated 
[    0.330197] pci 0000:00:02.0: vgaarb: setting as boot VGA device
[    0.330199] pci 0000:00:02.0: vgaarb: VGA device added: decodes=io+mem,owns=io+mem,locks=none
[    0.330201] pci 0000:00:02.0: vgaarb: bridge control possible
[    0.330202] vgaarb: loaded
[    0.330408] SCSI subsystem initialized
[    0.330438] libata version 3.00 loaded.
[    0.330459] ACPI: bus type USB registered
[    0.330475] usbcore: registered new interface driver usbfs
[    0.330481] usbcore: registered new interface driver hub
[    0.330490] usbcore: registered new device driver usb
[    0.330517] pps_core: LinuxPPS API ver. 1 registered
[    0.330518] pps_core: Software ver. 5.3.6 - Copyright 2005-2007 Rodolfo Giometti <giometti@linux.it>
[    0.330520] PTP clock support registered
[    0.330554] EDAC MC: Ver: 3.0.0
[    0.330845] PCI: Using ACPI for IRQ routing
[    0.330846] PCI: pci_cache_line_size set to 64 bytes
[    0.331019] e820: reserve RAM buffer [mem 0x0009fc00-0x0009ffff]
[    0.331024] e820: reserve RAM buffer [mem 0x7fff0000-0x7fffffff]
[    0.331808] NetLabel: Initializing
[    0.331808] NetLabel:  domain hash size = 128
[    0.331809] NetLabel:  protocols = UNLABELED CIPSOv4 CALIPSO
[    0.331829] NetLabel:  unlabeled traffic allowed by default
[    0.332742] clocksource: Switched to clocksource kvm-clock
[    0.343263] *** VALIDATE bpf ***
[    0.343322] VFS: Disk quotas dquot_6.6.0
[    0.343334] VFS: Dquot-cache hash table entries: 512 (order 0, 4096 bytes)
[    0.343356] *** VALIDATE ramfs ***
[    0.343359] *** VALIDATE hugetlbfs ***
[    0.343439] AppArmor: AppArmor Filesystem Enabled
[    0.343463] pnp: PnP ACPI init
[    0.343529] pnp 00:00: Plug and Play ACPI device, IDs PNP0303 (active)
[    0.343614] pnp 00:01: Plug and Play ACPI device, IDs PNP0f03 (active)
[    0.344353] pnp: PnP ACPI: found 2 devices
[    0.345312] thermal_sys: Registered thermal governor 'fair_share'
[    0.345312] thermal_sys: Registered thermal governor 'bang_bang'
[    0.345313] thermal_sys: Registered thermal governor 'step_wise'
[    0.345314] thermal_sys: Registered thermal governor 'user_space'
[    0.345314] thermal_sys: Registered thermal governor 'power_allocator'
[    0.349826] clocksource: acpi_pm: mask: 0xffffff max_cycles: 0xffffff, max_idle_ns: 2085701024 ns
[    0.349865] pci_bus 0000:00: resource 4 [io  0x0000-0x0cf7 window]
[    0.349866] pci_bus 0000:00: resource 5 [io  0x0d00-0xffff window]
[    0.349868] pci_bus 0000:00: resource 6 [mem 0x000a0000-0x000bffff window]
[    0.349869] pci_bus 0000:00: resource 7 [mem 0x80000000-0xfdffffff window]
[    0.349928] NET: Registered protocol family 2
[    0.350002] IP idents hash table entries: 32768 (order: 6, 262144 bytes, linear)
[    0.350405] MPTCP tokens hash table entries: 8192 (order: 4, 65536 bytes, linear)
[    0.350424] MPTCP request tokens hash table entries: 8192 (order: 4, 65536 bytes, linear)
[    0.350449] default registered
[    0.350449] default registered
[    0.350450] MPTCP: Stable release v0.96
[    0.350455] tcp_listen_portaddr_hash hash table entries: 1024 (order: 2, 16384 bytes, linear)
[    0.350533] TCP established hash table entries: 16384 (order: 5, 131072 bytes, linear)
[    0.350600] TCP bind hash table entries: 16384 (order: 6, 262144 bytes, linear)
[    0.350626] TCP: Hash tables configured (established 16384 bind 16384)
[    0.351351] UDP hash table entries: 1024 (order: 3, 32768 bytes, linear)
[    0.351363] UDP-Lite hash table entries: 1024 (order: 3, 32768 bytes, linear)
[    0.351397] NET: Registered protocol family 1
[    0.351407] NET: Registered protocol family 44
[    0.351429] pci 0000:00:00.0: Limiting direct PCI/PCI transfers
[    0.351442] pci 0000:00:01.0: Activating ISA DMA hang workarounds
[    0.351498] pci 0000:00:02.0: Video device with shadowed ROM at [mem 0x000c0000-0x000dffff]
[    0.351564] PCI: CLS 0 bytes, default 64
[    0.351612] Trying to unpack rootfs image as initramfs...
[    0.520242] Freeing initrd memory: 47868K
[    0.520242] clocksource: tsc: mask: 0xffffffffffffffff max_cycles: 0x1e4530a99b6, max_idle_ns: 440795257976 ns
[    0.520242] clocksource: Switched to clocksource tsc
[    0.520242] platform rtc_cmos: registered platform RTC device (no PNP device found)
[    0.520242] check: Scanning for low memory corruption every 60 seconds
[    0.520242] Initialise system trusted keyrings
[    0.520242] Key type blacklist registered
[    0.520242] workingset: timestamp_bits=36 max_order=19 bucket_order=0
[    0.520242] zbud: loaded
[    0.520242] squashfs: version 4.0 (2009/01/31) Phillip Lougher
[    0.520242] fuse: init (API version 7.31)
[    0.520242] *** VALIDATE fuse ***
[    0.520242] *** VALIDATE fuse ***
[    0.520242] Platform Keyring initialized
[    0.520242] Key type asymmetric registered
[    0.520242] Asymmetric key parser 'x509' registered
[    0.520242] Block layer SCSI generic (bsg) driver version 0.4 loaded (major 244)
[    0.520242] io scheduler mq-deadline registered
[    0.520242] shpchp: Standard Hot Plug PCI Controller Driver version: 0.4
[    0.534163] ACPI: AC Adapter [AC] (on-line)
[    0.534209] input: Power Button as /devices/LNXSYSTM:00/LNXPWRBN:00/input/input0
[    0.534235] ACPI: Power Button [PWRF]
[    0.534319] input: Sleep Button as /devices/LNXSYSTM:00/LNXSLPBN:00/input/input1
[    0.534334] ACPI: Sleep Button [SLPF]
[    0.534572] Serial: 8250/16550 driver, 32 ports, IRQ sharing enabled
[    0.535697] Linux agpgart interface v0.103
[    0.631194] loop: module loaded
[    0.631340] ata_piix 0000:00:01.1: version 2.13
[    0.631748] scsi host0: ata_piix
[    0.631842] scsi host1: ata_piix
[    0.631872] ata1: PATA max UDMA/33 cmd 0x1f0 ctl 0x3f6 bmdma 0xd000 irq 14
[    0.631873] ata2: PATA max UDMA/33 cmd 0x170 ctl 0x376 bmdma 0xd008 irq 15
[    0.631955] tun: Universal TUN/TAP device driver, 1.6
[    0.632269] PPP generic driver version 2.4.2
[    0.632311] VFIO - User Level meta-driver version: 0.3
[    0.632550] ehci_hcd: USB 2.0 'Enhanced' Host Controller (EHCI) Driver
[    0.632555] ehci-pci: EHCI PCI platform driver
[    0.632571] ehci-platform: EHCI generic platform driver
[    0.632576] ohci_hcd: USB 1.1 'Open' Host Controller (OHCI) Driver
[    0.632578] ohci-pci: OHCI PCI platform driver
[    0.632585] ohci-platform: OHCI generic platform driver
[    0.632589] uhci_hcd: USB Universal Host Controller Interface driver
[    0.632652] i8042: PNP: PS/2 Controller [PNP0303:PS2K,PNP0f03:PS2M] at 0x60,0x64 irq 1,12
[    0.633107] serio: i8042 KBD port at 0x60,0x64 irq 1
[    0.633111] serio: i8042 AUX port at 0x60,0x64 irq 12
[    0.633199] mousedev: PS/2 mouse device common for all mice
[    0.633464] input: AT Translated Set 2 keyboard as /devices/platform/i8042/serio0/input/input2
[    0.633866] rtc_cmos rtc_cmos: registered as rtc0
[    0.633883] rtc_cmos rtc_cmos: alarms up to one day, 114 bytes nvram
[    0.633888] i2c /dev entries driver
[    0.633932] device-mapper: uevent: version 1.0.3
[    0.633976] device-mapper: ioctl: 4.41.0-ioctl (2019-09-16) initialised: dm-devel@redhat.com
[    0.633992] platform eisa.0: Probing EISA bus 0
[    0.633993] platform eisa.0: EISA: Cannot allocate resource for mainboard
[    0.633995] platform eisa.0: Cannot allocate resource for EISA slot 1
[    0.633996] platform eisa.0: Cannot allocate resource for EISA slot 2
[    0.633997] platform eisa.0: Cannot allocate resource for EISA slot 3
[    0.633998] platform eisa.0: Cannot allocate resource for EISA slot 4
[    0.633999] platform eisa.0: Cannot allocate resource for EISA slot 5
[    0.634000] platform eisa.0: Cannot allocate resource for EISA slot 6
[    0.634001] platform eisa.0: Cannot allocate resource for EISA slot 7
[    0.634002] platform eisa.0: Cannot allocate resource for EISA slot 8
[    0.634003] platform eisa.0: EISA: Detected 0 cards
[    0.634005] intel_pstate: CPU model not supported
[    0.634014] ledtrig-cpu: registered to indicate activity on CPUs
[    0.634069] drop_monitor: Initializing network drop monitor service
[    0.634227] NET: Registered protocol family 10
[    0.639334] Segment Routing with IPv6
[    0.639334] fullmesh registered
[    0.639334] ndiffports registered
[    0.639334] binder registered
[    0.639334] roundrobin registered
[    0.639334] redundant registered
[    0.639334] blest registered
[    0.639334] ecf registered
[    0.639334] NET: Registered protocol family 17
[    0.639334] Key type dns_resolver registered
[    0.639334] RAS: Correctable Errors collector initialized.
[    0.639334] IPI shorthand broadcast: enabled
[    0.639334] sched_clock: Marking stable (624175138, 11159830)->(637914398, -2579430)
[    0.639634] registered taskstats version 1
[    0.639644] Loading compiled-in X.509 certificates
[    0.640245] Loaded X.509 cert 'Build time autogenerated kernel key: 6909f3744cebb3d0de528d5887b96a727de79b1e'
[    0.640263] zswap: loaded using pool lzo/zbud
[    0.640317] Key type ._fscrypt registered
[    0.640317] Key type .fscrypt registered
[    0.644821] Key type big_key registered
[    0.647016] Key type encrypted registered
[    0.647019] AppArmor: AppArmor sha1 policy hashing enabled
[    0.647026] ima: No TPM chip found, activating TPM-bypass!
[    0.647030] ima: Allocated hash algorithm: sha1
[    0.647035] ima: No architecture policies found
[    0.647044] evm: Initialising EVM extended attributes:
[    0.647044] evm: security.selinux
[    0.647045] evm: security.SMACK64
[    0.647045] evm: security.SMACK64EXEC
[    0.647045] evm: security.SMACK64TRANSMUTE
[    0.647046] evm: security.SMACK64MMAP
[    0.647046] evm: security.apparmor
[    0.647047] evm: security.ima
[    0.647047] evm: security.capability
[    0.647048] evm: HMAC attrs: 0x1
[    0.647341] PM:   Magic number: 10:857:902
[    0.647370] acpi PNP0501:02: hash matches
[    0.647445] rtc_cmos rtc_cmos: setting system clock to 2026-01-19T20:52:41 UTC (1768855961)
[    0.803370] ata1.00: ATA-6: VBOX HARDDISK, 1.0, max UDMA/133
[    0.803373] ata1.00: 209715200 sectors, multi 128: LBA 
[    0.803893] scsi 0:0:0:0: Direct-Access     ATA      VBOX HARDDISK    1.0  PQ: 0 ANSI: 5
[    0.804123] sd 0:0:0:0: [sda] 209715200 512-byte logical blocks: (107 GB/100 GiB)
[    0.804132] sd 0:0:0:0: [sda] Write Protect is off
[    0.804135] sd 0:0:0:0: [sda] Mode Sense: 00 3a 00 00
[    0.804149] sd 0:0:0:0: [sda] Write cache: enabled, read cache: enabled, doesn't support DPO or FUA
[    0.804393] sd 0:0:0:0: Attached scsi generic sg0 type 0
[    0.805615]  sda: sda1 sda2
[    0.815335] sd 0:0:0:0: [sda] Attached SCSI disk
[    0.817757] Freeing unused decrypted memory: 2040K
[    0.818557] Freeing unused kernel image memory: 2728K
[    0.818559] Write protecting the kernel read-only data: 22528k
[    0.819360] Freeing unused kernel image memory: 2036K
[    0.819808] Freeing unused kernel image memory: 1432K
[    0.838278] x86/mm: Checked W+X mappings: passed, no W+X pages found.
[    0.838281] Run /init as init process
[    0.936150] ACPI: Video Device [GFX0] (multi-head: yes  rom: no  post: no)
[    0.936222] input: Video Bus as /devices/LNXSYSTM:00/LNXSYBUS:00/PNP0A03:00/LNXVIDEO:00/input/input4
[    0.947707] pcnet32: pcnet32.c:v1.35 21.Apr.2008 tsbogend@alpha.franken.de
[    0.951043] piix4_smbus 0000:00:07.0: SMBus Host Controller at 0x4100, revision 0
[    0.954159] e1000: Intel(R) PRO/1000 Network Driver - version 7.3.21-k8-NAPI
[    0.954160] e1000: Copyright (c) 1999-2006 Intel Corporation.
[    0.958658] pcnet32: PCnet/FAST III 79C973 at 0xd020, 08:00:27:69:19:9d assigned IRQ 19
[    0.958705] pcnet32: Found PHY 0022:561b at address 0
[    0.959005] pcnet32: eth0: registered as PCnet/FAST III 79C973
[    0.968010] pcnet32: 1 cards_found
[    1.029370] pcnet32 0000:00:03.0 enp0s3: renamed from eth0
[    1.175958] input: ImExPS/2 Generic Explorer Mouse as /devices/platform/i8042/serio1/input/input5
[    1.363583] e1000 0000:00:08.0 eth0: (PCI:33MHz:32-bit) 08:00:27:ce:c2:8a
[    1.363588] e1000 0000:00:08.0 eth0: Intel(R) PRO/1000 Network Connection
[    1.739581] e1000 0000:00:09.0 eth1: (PCI:33MHz:32-bit) 08:00:27:c0:1b:b8
[    1.739583] e1000 0000:00:09.0 eth1: Intel(R) PRO/1000 Network Connection
[    1.740719] e1000 0000:00:09.0 enp0s9: renamed from eth1
[    1.742514] e1000 0000:00:08.0 enp0s8: renamed from eth0
[    1.893960] EXT4-fs (sda2): mounted filesystem with ordered data mode. Opts: (null)
[    1.986259] systemd[1]: Inserted module 'autofs4'
[    1.997879] systemd[1]: systemd 245.4-4ubuntu3 running in system mode. (+PAM +AUDIT +SELINUX +IMA +APPARMOR +SMACK +SYSVINIT +UTMP +LIBCRYPTSETUP +GCRYPT +GNUTLS +ACL +XZ +LZ4 +SECCOMP +BLKID +ELFUTILS +KMOD +IDN2 -IDN +PCRE2 default-hierarchy=hybrid)
[    1.997916] systemd[1]: Detected virtualization oracle.
[    1.997919] systemd[1]: Detected architecture x86-64.
[    1.999251] systemd[1]: Set hostname to <ztg>.
[    2.126643] systemd[1]: /lib/systemd/system/dbus.socket:5: ListenStream= references a path below legacy directory /var/run/, updating /var/run/dbus/system_bus_socket â†’ /run/dbus/system_bus_socket; please update the unit file accordingly.
[    2.179914] systemd[1]: Created slice system-modprobe.slice.
[    2.180102] systemd[1]: Created slice User and Session Slice.
[    2.180148] systemd[1]: Started Forward Password Requests to Wall Directory Watch.
[    2.180316] systemd[1]: Set up automount Arbitrary Executable File Formats File System Automount Point.
[    2.180351] systemd[1]: Reached target User and Group Name Lookups.
[    2.180359] systemd[1]: Reached target Remote File Systems.
[    2.180368] systemd[1]: Reached target Slices.
[    2.180950] systemd[1]: Listening on Syslog Socket.
[    2.181019] systemd[1]: Listening on fsck to fsckd communication Socket.
[    2.181059] systemd[1]: Listening on initctl Compatibility Named Pipe.
[    2.181199] systemd[1]: Listening on Journal Audit Socket.
[    2.181253] systemd[1]: Listening on Journal Socket (/dev/log).
[    2.181321] systemd[1]: Listening on Journal Socket.
[    2.181386] systemd[1]: Listening on udev Control Socket.
[    2.181428] systemd[1]: Listening on udev Kernel Socket.
[    2.182192] systemd[1]: Mounting Huge Pages File System...
[    2.183157] systemd[1]: Mounting POSIX Message Queue File System...
[    2.184064] systemd[1]: Mounting Kernel Debug File System...
[    2.184933] systemd[1]: Mounting Kernel Trace File System...
[    2.186882] systemd[1]: Starting Journal Service...
[    2.209081] systemd[1]: Starting Set the console keyboard layout...
[    2.216035] systemd[1]: Starting Create list of static device nodes for the current kernel...
[    2.219143] systemd[1]: Starting Load Kernel Module drm...
[    2.222972] systemd[1]: Condition check resulted in Set Up Additional Binary Formats being skipped.
[    2.223651] systemd[1]: Condition check resulted in File System Check on Root Device being skipped.
[    2.234299] systemd[1]: Starting Load Kernel Modules...
[    2.235039] systemd[1]: Starting Remount Root and Kernel File Systems...
[    2.235817] systemd[1]: Starting udev Coldplug all Devices...
[    2.236562] systemd[1]: Starting Uncomplicated firewall...
[    2.238047] systemd[1]: Mounted Huge Pages File System.
[    2.238143] systemd[1]: Mounted POSIX Message Queue File System.
[    2.238233] systemd[1]: Mounted Kernel Debug File System.
[    2.238312] systemd[1]: Mounted Kernel Trace File System.
[    2.286737] systemd[1]: Finished Create list of static device nodes for the current kernel.
[    2.287094] systemd[1]: modprobe@drm.service: Succeeded.
[    2.292271] systemd[1]: Finished Load Kernel Module drm.
[    2.292886] systemd[1]: Finished Uncomplicated firewall.
[    2.294085] EXT4-fs (sda2): re-mounted. Opts: errors=remount-ro
[    2.298812] systemd[1]: Finished Remount Root and Kernel File Systems.
[    2.300702] systemd[1]: Condition check resulted in Rebuild Hardware Database being skipped.
[    2.300739] systemd[1]: Condition check resulted in Platform Persistent Storage Archival being skipped.
[    2.303561] systemd[1]: Starting Load/Save Random Seed...
[    2.314908] systemd[1]: Starting Create System Users...
[    2.320463] systemd[1]: Finished Load/Save Random Seed.
[    2.325136] lp: driver loaded but no devices found
[    2.328661] systemd[1]: Finished Create System Users.
[    2.329433] systemd[1]: Starting Create Static Device Nodes in /dev...
[    2.357267] ppdev: user-space parallel port driver
[    2.373463] systemd[1]: Finished Create Static Device Nodes in /dev.
[    2.374334] systemd[1]: Starting udev Kernel Device Manager...
[    2.425611] systemd[1]: Finished udev Coldplug all Devices.
[    2.455805] [drm] DMA map mode: Caching DMA mappings.
[    2.455867] [drm] Capabilities:
[    2.455868] [drm]   Rect copy.
[    2.455868] [drm]   Cursor.
[    2.455868] [drm]   Cursor bypass.
[    2.455869] [drm]   Cursor bypass 2.
[    2.455869] [drm]   Alpha cursor.
[    2.455869] [drm]   Extended Fifo.
[    2.455870] [drm]   Pitchlock.
[    2.455870] [drm]   Irq mask.
[    2.455870] [drm]   GMR.
[    2.455871] [drm]   Traces.
[    2.455871] [drm]   GMR2.
[    2.455871] [drm]   Screen Object 2.
[    2.455872] [drm]   Command Buffers.
[    2.455872] [drm]   Command Buffers 2.
[    2.455872] [drm]   Guest Backed Resources.
[    2.455873] [drm] Max GMR ids is 8192
[    2.455874] [drm] Max number of GMR pages is 1048576
[    2.455874] [drm] Max dedicated hypervisor surface memory is 393216 kiB
[    2.455875] [drm] Maximum display memory size is 131072 kiB
[    2.455876] [drm] VRAM at 0xe0000000 size is 131072 kiB
[    2.455876] [drm] MMIO at 0xf0000000 size is 2048 kiB
[    2.457136] [TTM] Zone  kernel: Available graphics memory: 1011738 KiB
[    2.457137] [TTM] Initializing pool allocator
[    2.457140] [TTM] Initializing DMA pool allocator
[    2.457169] [drm] Supports vblank timestamp caching Rev 2 (21.10.2013).
[    2.457170] [drm] No driver support for vblank timestamp query.
[    2.457392] [drm] Screen Target Display device initialized
[    2.457584] [drm] width 720
[    2.457593] [drm] height 400
[    2.457597] [drm] bpp 32
[    2.458157] [drm] Fifo max 0x00200000 min 0x00001000 cap 0x00000355
[    2.459251] [drm] Using command buffers with DMA pool.
[    2.459255] [drm] DX: no.
[    2.459256] [drm] Atomic: yes.
[    2.459256] [drm] SM4_1: no.
[    2.459274] [drm:vmw_host_log [vmwgfx]] *ERROR* Failed to send host log message.
[    2.460416] [drm:vmw_host_log [vmwgfx]] *ERROR* Failed to send host log message.
[    2.483703] fbcon: svgadrmfb (fb0) is primary device
[    2.487571] Console: switching to colour frame buffer device 100x37
[    2.490135] systemd[1]: Finished Set the console keyboard layout.
[    2.490291] systemd[1]: Reached target Local File Systems (Pre).
[    2.494043] [drm] Initialized vmwgfx 2.15.0 20180704 for 0000:00:02.0 on minor 0
[    2.495975] systemd[1]: Mounting Mount unit for bare, revision 5...
[    2.519015] systemd[1]: Mounting Mount unit for core18, revision 1705...
[    2.522163] systemd[1]: Mounting Mount unit for gnome-3-34-1804, revision 24...
[    2.535364] systemd[1]: Mounting Mount unit for gtk-common-themes, revision 1506...
[    2.541007] systemd[1]: Mounting Mount unit for gtk-common-themes, revision 1535...
[    2.551148] systemd[1]: Mounting Mount unit for snap-store, revision 433...
[    2.560375] systemd[1]: Mounting Mount unit for snapd, revision 7264...
[    2.574036] systemd[1]: Finished Load Kernel Modules.
[    2.574188] systemd[1]: Mounted Mount unit for bare, revision 5.
[    2.583147] systemd[1]: Mounting FUSE Control File System...
[    2.584976] systemd[1]: Mounting Kernel Configuration File System...
[    2.596037] systemd[1]: Starting Apply Kernel Variables...
[    2.597957] systemd[1]: Mounted Mount unit for gnome-3-34-1804, revision 24.
[    2.598077] systemd[1]: Mounted Mount unit for gtk-common-themes, revision 1506.
[    2.637223] systemd[1]: Started udev Kernel Device Manager.
[    2.637346] systemd[1]: Mounted Mount unit for gtk-common-themes, revision 1535.
[    2.637431] systemd[1]: Mounted Mount unit for snap-store, revision 433.
[    2.637504] systemd[1]: Mounted FUSE Control File System.
[    2.637580] systemd[1]: Mounted Kernel Configuration File System.
[    2.637634] systemd[1]: Condition check resulted in VMware vmblock fuse mount being skipped.
[    2.643874] systemd[1]: Starting Show Plymouth Boot Screen...
[    2.655614] systemd[1]: Mounted Mount unit for core18, revision 1705.
[    2.655740] systemd[1]: Mounted Mount unit for snapd, revision 7264.
[    2.656357] systemd[1]: Received SIGRTMIN+20 from PID 282 (plymouthd).
[    2.656428] systemd[1]: Reached target Local File Systems.
[    2.663083] systemd[1]: Starting Load AppArmor profiles...
[    2.671183] systemd[1]: Starting Set console font and keymap...
[    2.682377] systemd[1]: Starting Tell Plymouth To Write Out Runtime Data...
[    2.682776] systemd[1]: Condition check resulted in Store a System Token in an EFI Variable being skipped.
[    2.682819] systemd[1]: Condition check resulted in Commit a transient machine-id on disk being skipped.
[    2.685151] systemd[1]: Finished Apply Kernel Variables.
[    2.685414] systemd[1]: Started Show Plymouth Boot Screen.
[    2.687981] systemd[1]: Finished Set console font and keymap.
[    2.688198] systemd[1]: Condition check resulted in Dispatch Password Requests to Console Directory Watch being skipped.
[    2.688282] systemd[1]: Started Forward Password Requests to Plymouth Directory Watch.
[    2.688349] systemd[1]: Reached target Local Encrypted Volumes.
[    2.707466] systemd[1]: Received SIGRTMIN+20 from PID 282 (plymouthd).
[    2.709169] systemd[1]: plymouth-read-write.service: Succeeded.
[    2.709475] systemd[1]: Finished Tell Plymouth To Write Out Runtime Data.
[    2.730971] audit: type=1400 audit(1768855963.576:2): apparmor="STATUS" operation="profile_load" profile="unconfined" name="nvidia_modprobe" pid=300 comm="apparmor_parser"
[    2.730973] audit: type=1400 audit(1768855963.576:3): apparmor="STATUS" operation="profile_load" profile="unconfined" name="nvidia_modprobe//kmod" pid=300 comm="apparmor_parser"
[    2.737225] audit: type=1400 audit(1768855963.584:4): apparmor="STATUS" operation="profile_load" profile="unconfined" name="/usr/sbin/tcpdump" pid=301 comm="apparmor_parser"
[    2.780706] audit: type=1400 audit(1768855963.620:5): apparmor="STATUS" operation="profile_load" profile="unconfined" name="/usr/bin/evince" pid=303 comm="apparmor_parser"
[    2.780709] audit: type=1400 audit(1768855963.620:6): apparmor="STATUS" operation="profile_load" profile="unconfined" name="/usr/bin/evince//sanitized_helper" pid=303 comm="apparmor_parser"
[    2.780711] audit: type=1400 audit(1768855963.620:7): apparmor="STATUS" operation="profile_load" profile="unconfined" name="/usr/bin/evince-previewer" pid=303 comm="apparmor_parser"
[    2.780712] audit: type=1400 audit(1768855963.620:8): apparmor="STATUS" operation="profile_load" profile="unconfined" name="/usr/bin/evince-previewer//sanitized_helper" pid=303 comm="apparmor_parser"
[    2.780714] audit: type=1400 audit(1768855963.620:9): apparmor="STATUS" operation="profile_load" profile="unconfined" name="/usr/bin/evince-thumbnailer" pid=303 comm="apparmor_parser"
[    2.795958] audit: type=1400 audit(1768855963.640:10): apparmor="STATUS" operation="profile_load" profile="unconfined" name="/usr/lib/cups/backend/cups-pdf" pid=304 comm="apparmor_parser"
[    2.872181] systemd[1]: Finished Load AppArmor profiles.
[    2.873133] systemd[1]: Starting Load AppArmor profiles managed internally by snapd...
[    2.949903] systemd[1]: Finished Load AppArmor profiles managed internally by snapd.
[    3.165099] systemd[1]: Started Journal Service.
[    3.172425] systemd-journald[229]: Received client request to flush runtime journal.
[    3.178115] systemd-journald[229]: File /var/log/journal/c455b248004a419c87ce85eea238d727/system.journal corrupted or uncleanly shut down, renaming and replacing.
[    4.493056] RAPL PMU: API unit is 2^-32 Joules, 0 fixed counters, 10737418240 ms ovfl timer
[    4.531568] cryptd: max_cpu_qlen set to 1000
[    4.606294] AVX2 version of gcm_enc/dec engaged.
[    4.606295] AES CTR mode by8 optimization enabled
[    5.326395] Adding 1998844k swap on /dev/sda1.  Priority:-2 extents:1 across:1998844k FS
[    6.892079] kauditd_printk_skb: 30 callbacks suppressed
[    6.892081] audit: type=1400 audit(1768855967.740:41): apparmor="DENIED" operation="capable" profile="/usr/sbin/cups-browsed" pid=498 comm="cups-browsed" capability=23  capname="sys_nice"
[    7.500692] pcnet32 0000:00:03.0 enp0s3: link up, 100Mbps, full-duplex
[    7.550441] e1000: enp0s8 NIC Link is Up 1000 Mbps Full Duplex, Flow Control: RX
[    7.550736] IPv6: ADDRCONF(NETDEV_CHANGE): enp0s8: link becomes ready
[    7.564512] e1000: enp0s9 NIC Link is Up 1000 Mbps Full Duplex, Flow Control: RX
[    7.564811] IPv6: ADDRCONF(NETDEV_CHANGE): enp0s9: link becomes ready
[    8.126853] device enp0s3 entered promiscuous mode
[    8.150171] audit: type=1400 audit(1768855968.996:42): apparmor="DENIED" operation="open" profile="/usr/sbin/tcpdump" name="/proc/sys/kernel/random/boot_id" pid=694 comm="tcpdump" requested_mask="r" denied_mask="r" fsuid=0 ouid=0
[    8.150646] audit: type=1400 audit(1768855968.996:43): apparmor="DENIED" operation="open" profile="/usr/sbin/tcpdump" name="/proc/sys/kernel/random/boot_id" pid=694 comm="tcpdump" requested_mask="r" denied_mask="r" fsuid=0 ouid=0
[    8.152025] audit: type=1400 audit(1768855968.996:44): apparmor="DENIED" operation="open" profile="/usr/sbin/tcpdump" name="/proc/sys/kernel/random/boot_id" pid=694 comm="tcpdump" requested_mask="r" denied_mask="r" fsuid=0 ouid=0
[    8.152373] audit: type=1400 audit(1768855968.996:45): apparmor="DENIED" operation="open" profile="/usr/sbin/tcpdump" name="/proc/sys/kernel/random/boot_id" pid=694 comm="tcpdump" requested_mask="r" denied_mask="r" fsuid=0 ouid=0
[    8.159861] audit: type=1400 audit(1768855969.008:46): apparmor="DENIED" operation="open" profile="/usr/sbin/tcpdump" name="/proc/sys/kernel/random/boot_id" pid=695 comm="tcpdump" requested_mask="r" denied_mask="r" fsuid=0 ouid=0
[    8.159948] audit: type=1400 audit(1768855969.008:47): apparmor="DENIED" operation="open" profile="/usr/sbin/tcpdump" name="/proc/sys/kernel/random/boot_id" pid=695 comm="tcpdump" requested_mask="r" denied_mask="r" fsuid=0 ouid=0
[    8.159988] audit: type=1400 audit(1768855969.008:48): apparmor="DENIED" operation="open" profile="/usr/sbin/tcpdump" name="/proc/sys/kernel/random/boot_id" pid=695 comm="tcpdump" requested_mask="r" denied_mask="r" fsuid=0 ouid=0
[    8.160005] audit: type=1400 audit(1768855969.008:49): apparmor="DENIED" operation="open" profile="/usr/sbin/tcpdump" name="/proc/sys/kernel/random/boot_id" pid=695 comm="tcpdump" requested_mask="r" denied_mask="r" fsuid=0 ouid=0
[   12.968105] rfkill: input handler disabled
[  189.955870] AAAAA-TCP_FORW: name:enp0s3: saddr:16783984: daddr:100932208
[  190.980260] AAAAA-TCP_FORW: name:enp0s3: saddr:16783984: daddr:100932208
[  191.149715] AAAAA-TCP_FORW: name:enp0s3: saddr:16783984: daddr:100932208
[  191.352738] AAAAA-TCP_FORW: name:enp0s3: saddr:16783984: daddr:100932208
[  214.684104] AAAAA-TCP_FORW: name:enp0s3: saddr:16783984: daddr:100932208
[  215.127702] AAAAA-TCP_FORW: name:enp0s3: saddr:16783984: daddr:100932208
[  215.285812] AAAAA-TCP_FORW: name:enp0s3: saddr:33561200: daddr:100932208
[  215.815370] AAAAA-TCP_FORW: name:enp0s3: saddr:33561200: daddr:100932208
[  216.197214] AAAAA-TCP_FORW: name:enp0s3: saddr:33561200: daddr:100932208
[  216.579679] AAAAA-TCP_FORW: name:enp0s3: saddr:33561200: daddr:100932208
[  217.294327] AAAAA-TCP_FORW: name:enp0s3: saddr:16783984: daddr:100932208
[  217.424266] AAAAA-TCP_FORW: name:enp0s3: saddr:16783984: daddr:100932208
[  217.674781] AAAAA-TCP_FORW: name:enp0s3: saddr:16783984: daddr:100932208
[  217.767555] AAAAA-TCP_FORW: name:enp0s3: saddr:16783984: daddr:100932208
[  218.149240] AAAAA-TCP_FORW: name:enp0s3: saddr:33561200: daddr:100932208
[  221.628796] AAAAA-TCP_FORW: name:enp0s3: saddr:33561200: daddr:100932208
[  221.891871] AAAAA-TCP_FORW: name:enp0s3: saddr:16783984: daddr:100932208
[  222.109154] AAAAA-TCP_FORW: name:enp0s3: saddr:33561200: daddr:100932208
[  222.184433] AAAAA-TCP_FORW: name:enp0s3: saddr:33561200: daddr:100932208
[  222.323123] AAAAA-TCP_FORW: name:enp0s3: saddr:33561200: daddr:100932208
[  222.416009] AAAAA-TCP_FORW: name:enp0s3: saddr:33561200: daddr:100932208
[  222.519316] AAAAA-TCP_FORW: name:enp0s3: saddr:33561200: daddr:100932208
[  222.601691] AAAAA-TCP_FORW: name:enp0s3: saddr:33561200: daddr:100932208
[  222.683776] AAAAA-TCP_FORW: name:enp0s3: saddr:33561200: daddr:100932208
[  222.878576] AAAAA-TCP_FORW: name:enp0s3: saddr:33561200: daddr:100932208
[  222.999340] AAAAA-TCP_FORW: name:enp0s3: saddr:33561200: daddr:100932208
[  223.140900] AAAAA-TCP_FORW: name:enp0s3: saddr:33561200: daddr:100932208
[  223.328533] AAAAA-TCP_FORW: name:enp0s3: saddr:33561200: daddr:100932208
[  223.413938] AAAAA-TCP_FORW: name:enp0s3: saddr:33561200: daddr:100932208
[  269.334533] AAAAA-TCP_FORW: name:enp0s3: saddr:33561200: daddr:100932208
[  269.469664] AAAAA-TCP_FORW: name:enp0s3: saddr:100932208: daddr:33561200
[  269.560808] AAAAA-TCP_FORW: name:enp0s3: saddr:100932208: daddr:33561200
[  269.659520] AAAAA-TCP_FORW: name:enp0s3: saddr:100932208: daddr:16783984
[  269.769848] AAAAA-TCP_FORW: name:enp0s3: saddr:100932208: daddr:16783984
[  269.809676] AAAAA-TCP_FORW: name:enp0s3: saddr:100932208: daddr:16783984
[  269.907458] AAAAA-TCP_FORW: name:enp0s3: saddr:100932208: daddr:16783984
[  269.931065] AAAAA-TCP_FORW: name:enp0s3: saddr:33561200: daddr:100932208
[  270.024278] AAAAA-TCP_FORW: name:enp0s3: saddr:100932208: daddr:16783984
[  270.189690] AAAAA-TCP_FORW: name:enp0s3: saddr:100932208: daddr:16783984
[  270.276370] AAAAA-TCP_FORW: name:enp0s3: saddr:33561200: daddr:100932208
[  270.332986] AAAAA-TCP_FORW: name:enp0s3: saddr:100932208: daddr:16783984
[  270.403433] AAAAA-TCP_FORW: name:enp0s3: saddr:100932208: daddr:16783984
[  270.500461] AAAAA-TCP_FORW: name:enp0s3: saddr:100932208: daddr:16783984
[  270.627261] AAAAA-TCP_FORW: name:enp0s3: saddr:100932208: daddr:16783984
[  270.689711] AAAAA-TCP_FORW: name:enp0s3: saddr:100932208: daddr:16783984
[  270.701200] AAAAA-TCP_FORW: name:enp0s3: saddr:33561200: daddr:100932208
[  270.747288] AAAAA-TCP_FORW: name:enp0s3: saddr:100932208: daddr:16783984
[  270.812669] AAAAA-TCP_FORW: name:enp0s3: saddr:100932208: daddr:16783984
[  270.869581] AAAAA-TCP_FORW: name:enp0s3: saddr:33561200: daddr:100932208
[  270.877958] AAAAA-TCP_FORW: name:enp0s3: saddr:100932208: daddr:16783984
[  270.925585] AAAAA-TCP_FORW: name:enp0s3: saddr:100932208: daddr:16783984
[  270.978031] AAAAA-TCP_FORW: name:enp0s3: saddr:100932208: daddr:16783984
[  271.084773] AAAAA-TCP_FORW: name:enp0s3: saddr:100932208: daddr:16783984
[  271.088215] AAAAA-TCP_FORW: name:enp0s3: saddr:33561200: daddr:100932208
[  271.125700] AAAAA-TCP_FORW: name:enp0s3: saddr:100932208: daddr:16783984
[  271.146725] AAAAA-TCP_FORW: name:enp0s3: saddr:33561200: daddr:100932208
[  271.161823] AAAAA-TCP_FORW: name:enp0s3: saddr:100932208: daddr:16783984
[  271.261133] AAAAA-TCP_FORW: name:enp0s3: saddr:100932208: daddr:16783984
[  271.294196] AAAAA-TCP_FORW: name:enp0s3: saddr:33561200: daddr:100932208
[  271.302512] AAAAA-TCP_FORW: name:enp0s3: saddr:100932208: daddr:16783984
[  271.705478] AAAAA-TCP_FORW: name:enp0s3: saddr:33561200: daddr:100932208
[  271.939401] AAAAA-TCP_FORW: name:enp0s3: saddr:33561200: daddr:100932208
[  272.418075] AAAAA-TCP_FORW: name:enp0s3: saddr:33561200: daddr:100932208
[  272.589164] AAAAA-TCP_FORW: name:enp0s3: saddr:33561200: daddr:100932208
[  272.712653] AAAAA-TCP_FORW: name:enp0s3: saddr:33561200: daddr:100932208
[  273.111434] AAAAA-TCP_FORW: name:enp0s3: saddr:33561200: daddr:100932208
[  273.194729] AAAAA-TCP_FORW: name:enp0s3: saddr:33561200: daddr:100932208
[  600.810579] rfkill: input handler enabled
[  609.762301] rfkill: input handler disabled
[  764.806911] device enp0s3 left promiscuous mode
