[    0.000000] Linux version 5.4.243-mptcp (root@ztg) (gcc version 12.2.0 (Debian 12.2.0-14+deb12u1)) #53 SMP Wed Dec 24 23:28:15 CST 2025
[    0.000000] Command line: BOOT_IMAGE=/boot/vmlinuz-5.4.243-mptcp root=UUID=98415a12-53b7-4144-8265-0f7ece09e445 ro quiet splash
[    0.000000] KERNEL supported cpus:
[    0.000000]   Intel GenuineIntel
[    0.000000]   AMD AuthenticAMD
[    0.000000]   Hygon HygonGenuine
[    0.000000]   Centaur CentaurHauls
[    0.000000]   zhaoxin   Shanghai  
[    0.000000] x86/fpu: Supporting XSAVE feature 0x001: 'x87 floating point registers'
[    0.000000] x86/fpu: Supporting XSAVE feature 0x002: 'SSE registers'
[    0.000000] x86/fpu: Supporting XSAVE feature 0x004: 'AVX registers'
[    0.000000] x86/fpu: xstate_offset[2]:  576, xstate_sizes[2]:  256
[    0.000000] x86/fpu: Enabled xstate features 0x7, context size is 832 bytes, using 'standard' format.
[    0.000000] BIOS-provided physical RAM map:
[    0.000000] BIOS-e820: [mem 0x0000000000000000-0x000000000009fbff] usable
[    0.000000] BIOS-e820: [mem 0x000000000009fc00-0x000000000009ffff] reserved
[    0.000000] BIOS-e820: [mem 0x00000000000f0000-0x00000000000fffff] reserved
[    0.000000] BIOS-e820: [mem 0x0000000000100000-0x000000007ffeffff] usable
[    0.000000] BIOS-e820: [mem 0x000000007fff0000-0x000000007fffffff] ACPI data
[    0.000000] BIOS-e820: [mem 0x00000000fec00000-0x00000000fec00fff] reserved
[    0.000000] BIOS-e820: [mem 0x00000000fee00000-0x00000000fee00fff] reserved
[    0.000000] BIOS-e820: [mem 0x00000000fffc0000-0x00000000ffffffff] reserved
[    0.000000] NX (Execute Disable) protection: active
[    0.000000] SMBIOS 2.5 present.
[    0.000000] DMI: innotek GmbH VirtualBox/VirtualBox, BIOS VirtualBox 12/01/2006
[    0.000000] Hypervisor detected: KVM
[    0.000000] kvm-clock: Using msrs 4b564d01 and 4b564d00
[    0.000000] kvm-clock: cpu 0, msr 5a201001, primary cpu clock
[    0.000000] kvm-clock: using sched offset of 4472461559 cycles
[    0.000003] clocksource: kvm-clock: mask: 0xffffffffffffffff max_cycles: 0x1cd42e4dffb, max_idle_ns: 881590591483 ns
[    0.000005] tsc: Detected 2100.000 MHz processor
[    0.001864] e820: update [mem 0x00000000-0x00000fff] usable ==> reserved
[    0.001866] e820: remove [mem 0x000a0000-0x000fffff] usable
[    0.001870] last_pfn = 0x7fff0 max_arch_pfn = 0x400000000
[    0.001939] MTRR default type: uncachable
[    0.001940] MTRR fixed ranges enabled:
[    0.001941]   00000-9FFFF write-back
[    0.001942]   A0000-BFFFF uncachable
[    0.001943]   C0000-FFFFF write-protect
[    0.001943] MTRR variable ranges enabled:
[    0.001945]   0 base 000000000000 mask 3FFF80000000 write-back
[    0.001946]   1 disabled
[    0.001946]   2 disabled
[    0.001947]   3 disabled
[    0.001947]   4 disabled
[    0.001947]   5 disabled
[    0.001948]   6 disabled
[    0.001948]   7 disabled
[    0.001949]   8 disabled
[    0.001949]   9 disabled
[    0.001950]   10 disabled
[    0.001950]   11 disabled
[    0.001950]   12 disabled
[    0.001951]   13 disabled
[    0.001951]   14 disabled
[    0.001952]   15 disabled
[    0.001980] x86/PAT: Configuration [0-7]: WB  WC  UC- UC  WB  WP  UC- WT  
[    0.002115] found SMP MP-table at [mem 0x0009fff0-0x0009ffff]
[    0.092068] check: Scanning 1 areas for low memory corruption
[    0.092254] RAMDISK: [mem 0x32271000-0x3512ffff]
[    0.092262] ACPI: Early table checksum verification disabled
[    0.092267] ACPI: RSDP 0x00000000000E0000 000024 (v02 VBOX  )
[    0.092272] ACPI: XSDT 0x000000007FFF0030 00003C (v01 VBOX   VBOXXSDT 00000001 ASL  00000061)
[    0.092278] ACPI: FACP 0x000000007FFF00F0 0000F4 (v04 VBOX   VBOXFACP 00000001 ASL  00000061)
[    0.092284] ACPI: DSDT 0x000000007FFF02E0 002353 (v02 VBOX   VBOXBIOS 00000002 VBOX 00029BF3)
[    0.092288] ACPI: FACS 0x000000007FFF0200 000040
[    0.092292] ACPI: FACS 0x000000007FFF0200 000040
[    0.092295] ACPI: APIC 0x000000007FFF0240 000054 (v02 VBOX   VBOXAPIC 00000001 ASL  00000061)
[    0.092299] ACPI: SSDT 0x000000007FFF02A0 000038 (v01 VBOX   VBOXCPUT 00000002 VBOX 00029BF3)
[    0.092302] ACPI: Reserving FACP table memory at [mem 0x7fff00f0-0x7fff01e3]
[    0.092303] ACPI: Reserving DSDT table memory at [mem 0x7fff02e0-0x7fff2632]
[    0.092304] ACPI: Reserving FACS table memory at [mem 0x7fff0200-0x7fff023f]
[    0.092304] ACPI: Reserving FACS table memory at [mem 0x7fff0200-0x7fff023f]
[    0.092305] ACPI: Reserving APIC table memory at [mem 0x7fff0240-0x7fff0293]
[    0.092305] ACPI: Reserving SSDT table memory at [mem 0x7fff02a0-0x7fff02d7]
[    0.092320] ACPI: Local APIC address 0xfee00000
[    0.092510] No NUMA configuration found
[    0.092511] Faking a node at [mem 0x0000000000000000-0x000000007ffeffff]
[    0.092522] NODE_DATA(0) allocated [mem 0x7ffc5000-0x7ffeffff]
[    0.092782] Zone ranges:
[    0.092782]   DMA      [mem 0x0000000000001000-0x0000000000ffffff]
[    0.092784]   DMA32    [mem 0x0000000001000000-0x000000007ffeffff]
[    0.092784]   Normal   empty
[    0.092785]   Device   empty
[    0.092786] Movable zone start for each node
[    0.092788] Early memory node ranges
[    0.092789]   node   0: [mem 0x0000000000001000-0x000000000009efff]
[    0.092789]   node   0: [mem 0x0000000000100000-0x000000007ffeffff]
[    0.092793] Zeroed struct page in unavailable ranges: 114 pages
[    0.092794] Initmem setup node 0 [mem 0x0000000000001000-0x000000007ffeffff]
[    0.092795] On node 0 totalpages: 524174
[    0.092796]   DMA zone: 64 pages used for memmap
[    0.092796]   DMA zone: 21 pages reserved
[    0.092797]   DMA zone: 3998 pages, LIFO batch:0
[    0.092866]   DMA32 zone: 8128 pages used for memmap
[    0.092867]   DMA32 zone: 520176 pages, LIFO batch:63
[    0.101811] ACPI: PM-Timer IO Port: 0x4008
[    0.101815] ACPI: Local APIC address 0xfee00000
[    0.101880] IOAPIC[0]: apic_id 1, version 32, address 0xfec00000, GSI 0-23
[    0.101884] ACPI: INT_SRC_OVR (bus 0 bus_irq 0 global_irq 2 dfl dfl)
[    0.101886] ACPI: INT_SRC_OVR (bus 0 bus_irq 9 global_irq 9 low level)
[    0.101887] ACPI: IRQ0 used by override.
[    0.101888] ACPI: IRQ9 used by override.
[    0.101891] Using ACPI (MADT) for SMP configuration information
[    0.101897] smpboot: Allowing 1 CPUs, 0 hotplug CPUs
[    0.101919] PM: Registered nosave memory: [mem 0x00000000-0x00000fff]
[    0.101920] PM: Registered nosave memory: [mem 0x0009f000-0x0009ffff]
[    0.101921] PM: Registered nosave memory: [mem 0x000a0000-0x000effff]
[    0.101921] PM: Registered nosave memory: [mem 0x000f0000-0x000fffff]
[    0.101923] [mem 0x80000000-0xfebfffff] available for PCI devices
[    0.101923] Booting paravirtualized kernel on KVM
[    0.101926] clocksource: refined-jiffies: mask: 0xffffffff max_cycles: 0xffffffff, max_idle_ns: 7645519600211568 ns
[    0.101931] setup_percpu: NR_CPUS:8192 nr_cpumask_bits:1 nr_cpu_ids:1 nr_node_ids:1
[    0.102956] percpu: Embedded 60 pages/cpu s208896 r8192 d28672 u2097152
[    0.102960] pcpu-alloc: s208896 r8192 d28672 u2097152 alloc=1*2097152
[    0.102961] pcpu-alloc: [0] 0 
[    0.102988] Built 1 zonelists, mobility grouping on.  Total pages: 515961
[    0.102989] Policy zone: DMA32
[    0.102990] Kernel command line: BOOT_IMAGE=/boot/vmlinuz-5.4.243-mptcp root=UUID=98415a12-53b7-4144-8265-0f7ece09e445 ro quiet splash
[    0.103834] Dentry cache hash table entries: 262144 (order: 9, 2097152 bytes, linear)
[    0.103981] Inode-cache hash table entries: 131072 (order: 8, 1048576 bytes, linear)
[    0.104032] mem auto-init: stack:off, heap alloc:on, heap free:off
[    0.104035] Calgary: detecting Calgary via BIOS EBDA area
[    0.104036] Calgary: Unable to locate Rio Grande table in EBDA - bailing!
[    0.108149] Memory: 1967332K/2096696K available (14339K kernel code, 2398K rwdata, 4712K rodata, 2728K init, 17260K bss, 129364K reserved, 0K cma-reserved)
[    0.109080] SLUB: HWalign=64, Order=0-3, MinObjects=0, CPUs=1, Nodes=1
[    0.109096] ftrace: allocating 43186 entries in 169 pages
[    0.127217] rcu: Hierarchical RCU implementation.
[    0.127218] rcu: 	RCU restricting CPUs from NR_CPUS=8192 to nr_cpu_ids=1.
[    0.127219] 	Tasks RCU enabled.
[    0.127221] rcu: RCU calculated value of scheduler-enlistment delay is 25 jiffies.
[    0.127222] rcu: Adjusting geometry for rcu_fanout_leaf=16, nr_cpu_ids=1
[    0.130189] NR_IRQS: 524544, nr_irqs: 256, preallocated irqs: 16
[    0.130403] random: crng init done
[    0.139723] Console: colour VGA+ 80x25
[    0.139727] printk: console [tty0] enabled
[    0.139745] ACPI: Core revision 20190816
[    0.139843] APIC: Switch to symmetric I/O mode setup
[    0.140090] x2apic enabled
[    0.140327] Switched APIC routing to physical x2apic.
[    0.141448] ..TIMER: vector=0x30 apic1=0 pin1=2 apic2=-1 pin2=-1
[    0.141472] clocksource: tsc-early: mask: 0xffffffffffffffff max_cycles: 0x1e4530a99b6, max_idle_ns: 440795257976 ns
[    0.141477] Calibrating delay loop (skipped) preset value.. 4200.00 BogoMIPS (lpj=8400000)
[    0.141479] pid_max: default: 32768 minimum: 301
[    0.141508] LSM: Security Framework initializing
[    0.141518] Yama: becoming mindful.
[    0.141543] AppArmor: AppArmor initialized
[    0.141578] Mount-cache hash table entries: 4096 (order: 3, 32768 bytes, linear)
[    0.141583] Mountpoint-cache hash table entries: 4096 (order: 3, 32768 bytes, linear)
[    0.141594] *** VALIDATE tmpfs ***
[    0.141727] *** VALIDATE proc ***
[    0.141768] *** VALIDATE cgroup1 ***
[    0.141769] *** VALIDATE cgroup2 ***
[    0.141914] process: using mwait in idle threads
[    0.141919] Last level iTLB entries: 4KB 64, 2MB 8, 4MB 8
[    0.141920] Last level dTLB entries: 4KB 64, 2MB 0, 4MB 0, 1GB 4
[    0.141940] Spectre V1 : Mitigation: usercopy/swapgs barriers and __user pointer sanitization
[    0.141945] Spectre V2 : Mitigation: Retpolines
[    0.141946] Spectre V2 : Spectre v2 / SpectreRSB mitigation: Filling RSB on context switch
[    0.141946] Spectre V2 : Spectre v2 / SpectreRSB : Filling RSB on VMEXIT
[    0.141947] RETBleed: WARNING: Spectre v2 mitigation leaves CPU vulnerable to RETBleed attacks, data leaks possible!
[    0.142309] RETBleed: Vulnerable
[    0.142310] Speculative Store Bypass: Vulnerable
[    0.142315] TAA: Mitigation: TSX disabled
[    0.142315] MMIO Stale Data: Mitigation: Clear CPU buffers
[    0.146486] Freeing SMP alternatives memory: 40K
[    0.258463] smpboot: CPU0: Intel(R) Xeon(R) Silver 4216 CPU @ 2.10GHz (family: 0x6, model: 0x55, stepping: 0x7)
[    0.258578] Performance Events: unsupported p6 CPU model 85 no PMU driver, software events only.
[    0.258613] rcu: Hierarchical SRCU implementation.
[    0.259088] NMI watchdog: Perf NMI watchdog permanently disabled
[    0.259126] smp: Bringing up secondary CPUs ...
[    0.259127] smp: Brought up 1 node, 1 CPU
[    0.259128] smpboot: Max logical packages: 1
[    0.259129] smpboot: Total of 1 processors activated (4200.00 BogoMIPS)
[    0.260103] devtmpfs: initialized
[    0.260149] x86/mm: Memory block size: 128MB
[    0.260496] clocksource: jiffies: mask: 0xffffffff max_cycles: 0xffffffff, max_idle_ns: 7645041785100000 ns
[    0.260502] futex hash table entries: 256 (order: 2, 16384 bytes, linear)
[    0.260543] pinctrl core: initialized pinctrl subsystem
[    0.260645] PM: RTC time: 14:09:31, date: 2026-01-19
[    0.260751] NET: Registered protocol family 16
[    0.260825] audit: initializing netlink subsys (disabled)
[    0.260949] EISA bus registered
[    0.260951] cpuidle: using governor ladder
[    0.260951] cpuidle: using governor menu
[    0.260988] ACPI: bus type PCI registered
[    0.260990] acpiphp: ACPI Hot Plug PCI Controller Driver version: 0.5
[    0.261092] PCI: Using configuration type 1 for base access
[    0.261858] audit: type=2000 audit(1768802977.516:1): state=initialized audit_enabled=0 res=1
[    0.261937] HugeTLB registered 2.00 MiB page size, pre-allocated 0 pages
[    0.262769] ACPI: Added _OSI(Module Device)
[    0.262770] ACPI: Added _OSI(Processor Device)
[    0.262770] ACPI: Added _OSI(3.0 _SCP Extensions)
[    0.262771] ACPI: Added _OSI(Processor Aggregator Device)
[    0.262772] ACPI: Added _OSI(Linux-Dell-Video)
[    0.262773] ACPI: Added _OSI(Linux-Lenovo-NV-HDMI-Audio)
[    0.262774] ACPI: Added _OSI(Linux-HPI-Hybrid-Graphics)
[    0.264721] ACPI: 2 ACPI AML tables successfully acquired and loaded
[    0.266238] ACPI: Interpreter enabled
[    0.266248] ACPI: (supports S0 S5)
[    0.266250] ACPI: Using IOAPIC for interrupt routing
[    0.266467] PCI: Using host bridge windows from ACPI; if necessary, use "pci=nocrs" and report a bug
[    0.266573] ACPI: Enabled 2 GPEs in block 00 to 07
[    0.271380] ACPI: PCI Root Bridge [PCI0] (domain 0000 [bus 00-ff])
[    0.271385] acpi PNP0A03:00: _OSC: OS supports [ASPM ClockPM Segments MSI HPX-Type3]
[    0.271828] acpi PNP0A03:00: _OSC: not requesting OS control; OS requires [ExtendedConfig ASPM ClockPM MSI]
[    0.271835] acpi PNP0A03:00: fail to add MMCONFIG information, can't access extended PCI configuration space under this bridge.
[    0.272205] PCI host bridge to bus 0000:00
[    0.272207] pci_bus 0000:00: root bus resource [io  0x0000-0x0cf7 window]
[    0.272208] pci_bus 0000:00: root bus resource [io  0x0d00-0xffff window]
[    0.272210] pci_bus 0000:00: root bus resource [mem 0x000a0000-0x000bffff window]
[    0.272211] pci_bus 0000:00: root bus resource [mem 0x80000000-0xfdffffff window]
[    0.272212] pci_bus 0000:00: root bus resource [bus 00-ff]
[    0.272253] pci 0000:00:00.0: [8086:1237] type 00 class 0x060000
[    0.273182] pci 0000:00:01.0: [8086:7000] type 00 class 0x060100
[    0.273974] pci 0000:00:01.1: [8086:7111] type 00 class 0x01018a
[    0.274360] pci 0000:00:01.1: reg 0x20: [io  0xd000-0xd00f]
[    0.274517] pci 0000:00:01.1: legacy IDE quirk: reg 0x10: [io  0x01f0-0x01f7]
[    0.274517] pci 0000:00:01.1: legacy IDE quirk: reg 0x14: [io  0x03f6]
[    0.274518] pci 0000:00:01.1: legacy IDE quirk: reg 0x18: [io  0x0170-0x0177]
[    0.274519] pci 0000:00:01.1: legacy IDE quirk: reg 0x1c: [io  0x0376]
[    0.275052] pci 0000:00:02.0: [15ad:0405] type 00 class 0x030000
[    0.277554] pci 0000:00:02.0: reg 0x10: [io  0xd010-0xd01f]
[    0.281519] pci 0000:00:02.0: reg 0x14: [mem 0xe0000000-0xe7ffffff pref]
[    0.284211] pci 0000:00:02.0: reg 0x18: [mem 0xf0000000-0xf01fffff]
[    0.294247] pci 0000:00:03.0: [1022:2000] type 00 class 0x020000
[    0.294921] pci 0000:00:03.0: reg 0x10: [io  0xd020-0xd03f]
[    0.295527] pci 0000:00:03.0: reg 0x14: [mem 0xf0200000-0xf0200fff]
[    0.300471] pci 0000:00:04.0: [80ee:cafe] type 00 class 0x088000
[    0.301141] pci 0000:00:04.0: reg 0x10: [io  0xd040-0xd05f]
[    0.301585] pci 0000:00:04.0: reg 0x14: [mem 0xf0400000-0xf07fffff]
[    0.302188] pci 0000:00:04.0: reg 0x18: [mem 0xf0800000-0xf0803fff pref]
[    0.305516] pci 0000:00:07.0: [8086:7113] type 00 class 0x068000
[    0.306066] pci 0000:00:07.0: quirk: [io  0x4000-0x403f] claimed by PIIX4 ACPI
[    0.306077] pci 0000:00:07.0: quirk: [io  0x4100-0x410f] claimed by PIIX4 SMB
[    0.306699] pci 0000:00:08.0: [8086:100e] type 00 class 0x020000
[    0.307400] pci 0000:00:08.0: reg 0x10: [mem 0xf0820000-0xf083ffff]
[    0.308557] pci 0000:00:08.0: reg 0x18: [io  0xd060-0xd067]
[    0.311651] pci 0000:00:09.0: [8086:100e] type 00 class 0x020000
[    0.312355] pci 0000:00:09.0: reg 0x10: [mem 0xf0840000-0xf085ffff]
[    0.314104] pci 0000:00:09.0: reg 0x18: [io  0xd068-0xd06f]
[    0.322604] ACPI: PCI Interrupt Link [LNKA] (IRQs 5 9 10 *11)
[    0.322889] ACPI: PCI Interrupt Link [LNKB] (IRQs 5 9 *10 11)
[    0.325492] ACPI: PCI Interrupt Link [LNKC] (IRQs 5 *9 10 11)
[    0.325598] ACPI: PCI Interrupt Link [LNKD] (IRQs 5 9 10 *11)
[    0.325843] iommu: Default domain type: Translated 
[    0.325905] pci 0000:00:02.0: vgaarb: setting as boot VGA device
[    0.325907] pci 0000:00:02.0: vgaarb: VGA device added: decodes=io+mem,owns=io+mem,locks=none
[    0.325909] pci 0000:00:02.0: vgaarb: bridge control possible
[    0.325909] vgaarb: loaded
[    0.326113] SCSI subsystem initialized
[    0.326147] libata version 3.00 loaded.
[    0.326172] ACPI: bus type USB registered
[    0.326187] usbcore: registered new interface driver usbfs
[    0.326193] usbcore: registered new interface driver hub
[    0.326198] usbcore: registered new device driver usb
[    0.326224] pps_core: LinuxPPS API ver. 1 registered
[    0.326225] pps_core: Software ver. 5.3.6 - Copyright 2005-2007 Rodolfo Giometti <giometti@linux.it>
[    0.326227] PTP clock support registered
[    0.326260] EDAC MC: Ver: 3.0.0
[    0.326545] PCI: Using ACPI for IRQ routing
[    0.326546] PCI: pci_cache_line_size set to 64 bytes
[    0.326717] e820: reserve RAM buffer [mem 0x0009fc00-0x0009ffff]
[    0.326721] e820: reserve RAM buffer [mem 0x7fff0000-0x7fffffff]
[    0.327584] NetLabel: Initializing
[    0.327584] NetLabel:  domain hash size = 128
[    0.327585] NetLabel:  protocols = UNLABELED CIPSOv4 CALIPSO
[    0.327604] NetLabel:  unlabeled traffic allowed by default
[    0.328497] clocksource: Switched to clocksource kvm-clock
[    0.339147] *** VALIDATE bpf ***
[    0.339147] VFS: Disk quotas dquot_6.6.0
[    0.339147] VFS: Dquot-cache hash table entries: 512 (order 0, 4096 bytes)
[    0.339147] *** VALIDATE ramfs ***
[    0.339147] *** VALIDATE hugetlbfs ***
[    0.339147] AppArmor: AppArmor Filesystem Enabled
[    0.339147] pnp: PnP ACPI init
[    0.339147] pnp 00:00: Plug and Play ACPI device, IDs PNP0303 (active)
[    0.340245] pnp 00:01: Plug and Play ACPI device, IDs PNP0f03 (active)
[    0.340987] pnp: PnP ACPI: found 2 devices
[    0.341938] thermal_sys: Registered thermal governor 'fair_share'
[    0.341939] thermal_sys: Registered thermal governor 'bang_bang'
[    0.341940] thermal_sys: Registered thermal governor 'step_wise'
[    0.341940] thermal_sys: Registered thermal governor 'user_space'
[    0.341941] thermal_sys: Registered thermal governor 'power_allocator'
[    0.346466] clocksource: acpi_pm: mask: 0xffffff max_cycles: 0xffffff, max_idle_ns: 2085701024 ns
[    0.346505] pci_bus 0000:00: resource 4 [io  0x0000-0x0cf7 window]
[    0.346506] pci_bus 0000:00: resource 5 [io  0x0d00-0xffff window]
[    0.346508] pci_bus 0000:00: resource 6 [mem 0x000a0000-0x000bffff window]
[    0.346509] pci_bus 0000:00: resource 7 [mem 0x80000000-0xfdffffff window]
[    0.346566] NET: Registered protocol family 2
[    0.346639] IP idents hash table entries: 32768 (order: 6, 262144 bytes, linear)
[    0.347035] MPTCP tokens hash table entries: 8192 (order: 4, 65536 bytes, linear)
[    0.347055] MPTCP request tokens hash table entries: 8192 (order: 4, 65536 bytes, linear)
[    0.347080] default registered
[    0.347080] default registered
[    0.347081] MPTCP: Stable release v0.96
[    0.347086] tcp_listen_portaddr_hash hash table entries: 1024 (order: 2, 16384 bytes, linear)
[    0.347165] TCP established hash table entries: 16384 (order: 5, 131072 bytes, linear)
[    0.347229] TCP bind hash table entries: 16384 (order: 6, 262144 bytes, linear)
[    0.347255] TCP: Hash tables configured (established 16384 bind 16384)
[    0.347989] UDP hash table entries: 1024 (order: 3, 32768 bytes, linear)
[    0.348000] UDP-Lite hash table entries: 1024 (order: 3, 32768 bytes, linear)
[    0.348038] NET: Registered protocol family 1
[    0.348047] NET: Registered protocol family 44
[    0.348068] pci 0000:00:00.0: Limiting direct PCI/PCI transfers
[    0.348081] pci 0000:00:01.0: Activating ISA DMA hang workarounds
[    0.348133] pci 0000:00:02.0: Video device with shadowed ROM at [mem 0x000c0000-0x000dffff]
[    0.348198] PCI: CLS 0 bytes, default 64
[    0.348243] Trying to unpack rootfs image as initramfs...
[    0.519137] Freeing initrd memory: 47868K
[    0.519137] clocksource: tsc: mask: 0xffffffffffffffff max_cycles: 0x1e4530a99b6, max_idle_ns: 440795257976 ns
[    0.519137] clocksource: Switched to clocksource tsc
[    0.519137] platform rtc_cmos: registered platform RTC device (no PNP device found)
[    0.519137] check: Scanning for low memory corruption every 60 seconds
[    0.519137] Initialise system trusted keyrings
[    0.519137] Key type blacklist registered
[    0.519137] workingset: timestamp_bits=36 max_order=19 bucket_order=0
[    0.519137] zbud: loaded
[    0.519137] squashfs: version 4.0 (2009/01/31) Phillip Lougher
[    0.519137] fuse: init (API version 7.31)
[    0.519137] *** VALIDATE fuse ***
[    0.519137] *** VALIDATE fuse ***
[    0.519137] Platform Keyring initialized
[    0.519137] Key type asymmetric registered
[    0.519137] Asymmetric key parser 'x509' registered
[    0.519137] Block layer SCSI generic (bsg) driver version 0.4 loaded (major 244)
[    0.519137] io scheduler mq-deadline registered
[    0.519137] shpchp: Standard Hot Plug PCI Controller Driver version: 0.4
[    0.531825] ACPI: AC Adapter [AC] (on-line)
[    0.531884] input: Power Button as /devices/LNXSYSTM:00/LNXPWRBN:00/input/input0
[    0.531911] ACPI: Power Button [PWRF]
[    0.531986] input: Sleep Button as /devices/LNXSYSTM:00/LNXSLPBN:00/input/input1
[    0.532002] ACPI: Sleep Button [SLPF]
[    0.532237] Serial: 8250/16550 driver, 32 ports, IRQ sharing enabled
[    0.533368] Linux agpgart interface v0.103
[    0.623145] loop: module loaded
[    0.623303] ata_piix 0000:00:01.1: version 2.13
[    0.623724] scsi host0: ata_piix
[    0.623839] scsi host1: ata_piix
[    0.623888] ata1: PATA max UDMA/33 cmd 0x1f0 ctl 0x3f6 bmdma 0xd000 irq 14
[    0.623889] ata2: PATA max UDMA/33 cmd 0x170 ctl 0x376 bmdma 0xd008 irq 15
[    0.623983] tun: Universal TUN/TAP device driver, 1.6
[    0.624309] PPP generic driver version 2.4.2
[    0.624353] VFIO - User Level meta-driver version: 0.3
[    0.624603] ehci_hcd: USB 2.0 'Enhanced' Host Controller (EHCI) Driver
[    0.624608] ehci-pci: EHCI PCI platform driver
[    0.624625] ehci-platform: EHCI generic platform driver
[    0.624631] ohci_hcd: USB 1.1 'Open' Host Controller (OHCI) Driver
[    0.624633] ohci-pci: OHCI PCI platform driver
[    0.624640] ohci-platform: OHCI generic platform driver
[    0.624644] uhci_hcd: USB Universal Host Controller Interface driver
[    0.624712] i8042: PNP: PS/2 Controller [PNP0303:PS2K,PNP0f03:PS2M] at 0x60,0x64 irq 1,12
[    0.625167] serio: i8042 KBD port at 0x60,0x64 irq 1
[    0.625171] serio: i8042 AUX port at 0x60,0x64 irq 12
[    0.625260] mousedev: PS/2 mouse device common for all mice
[    0.625534] input: AT Translated Set 2 keyboard as /devices/platform/i8042/serio0/input/input2
[    0.625949] rtc_cmos rtc_cmos: registered as rtc0
[    0.625962] rtc_cmos rtc_cmos: alarms up to one day, 114 bytes nvram
[    0.625968] i2c /dev entries driver
[    0.626013] device-mapper: uevent: version 1.0.3
[    0.626057] device-mapper: ioctl: 4.41.0-ioctl (2019-09-16) initialised: dm-devel@redhat.com
[    0.626076] platform eisa.0: Probing EISA bus 0
[    0.626078] platform eisa.0: EISA: Cannot allocate resource for mainboard
[    0.626079] platform eisa.0: Cannot allocate resource for EISA slot 1
[    0.626080] platform eisa.0: Cannot allocate resource for EISA slot 2
[    0.626081] platform eisa.0: Cannot allocate resource for EISA slot 3
[    0.626082] platform eisa.0: Cannot allocate resource for EISA slot 4
[    0.626082] platform eisa.0: Cannot allocate resource for EISA slot 5
[    0.626083] platform eisa.0: Cannot allocate resource for EISA slot 6
[    0.626084] platform eisa.0: Cannot allocate resource for EISA slot 7
[    0.626085] platform eisa.0: Cannot allocate resource for EISA slot 8
[    0.626086] platform eisa.0: EISA: Detected 0 cards
[    0.626089] intel_pstate: CPU model not supported
[    0.626098] ledtrig-cpu: registered to indicate activity on CPUs
[    0.626156] drop_monitor: Initializing network drop monitor service
[    0.626326] NET: Registered protocol family 10
[    0.631160] Segment Routing with IPv6
[    0.631160] fullmesh registered
[    0.631160] ndiffports registered
[    0.631160] binder registered
[    0.631160] roundrobin registered
[    0.631160] redundant registered
[    0.631160] blest registered
[    0.631160] ecf registered
[    0.631160] NET: Registered protocol family 17
[    0.631160] Key type dns_resolver registered
[    0.631160] RAS: Correctable Errors collector initialized.
[    0.631160] IPI shorthand broadcast: enabled
[    0.631160] sched_clock: Marking stable (616079378, 11081032)->(629260569, -2100159)
[    0.631911] registered taskstats version 1
[    0.631921] Loading compiled-in X.509 certificates
[    0.632510] Loaded X.509 cert 'Build time autogenerated kernel key: 6909f3744cebb3d0de528d5887b96a727de79b1e'
[    0.632527] zswap: loaded using pool lzo/zbud
[    0.632582] Key type ._fscrypt registered
[    0.632582] Key type .fscrypt registered
[    0.638214] Key type big_key registered
[    0.640438] Key type encrypted registered
[    0.640441] AppArmor: AppArmor sha1 policy hashing enabled
[    0.640448] ima: No TPM chip found, activating TPM-bypass!
[    0.640452] ima: Allocated hash algorithm: sha1
[    0.640457] ima: No architecture policies found
[    0.640466] evm: Initialising EVM extended attributes:
[    0.640466] evm: security.selinux
[    0.640467] evm: security.SMACK64
[    0.640467] evm: security.SMACK64EXEC
[    0.640468] evm: security.SMACK64TRANSMUTE
[    0.640468] evm: security.SMACK64MMAP
[    0.640469] evm: security.apparmor
[    0.640469] evm: security.ima
[    0.640470] evm: security.capability
[    0.640470] evm: HMAC attrs: 0x1
[    0.640761] PM:   Magic number: 10:497:182
[    0.640881] rtc_cmos rtc_cmos: setting system clock to 2026-01-19T14:09:32 UTC (1768831772)
[    0.794755] ata1.00: ATA-6: VBOX HARDDISK, 1.0, max UDMA/133
[    0.794757] ata1.00: 209715200 sectors, multi 128: LBA 
[    0.795204] scsi 0:0:0:0: Direct-Access     ATA      VBOX HARDDISK    1.0  PQ: 0 ANSI: 5
[    0.795377] sd 0:0:0:0: [sda] 209715200 512-byte logical blocks: (107 GB/100 GiB)
[    0.795384] sd 0:0:0:0: [sda] Write Protect is off
[    0.795385] sd 0:0:0:0: [sda] Mode Sense: 00 3a 00 00
[    0.795395] sd 0:0:0:0: [sda] Write cache: enabled, read cache: enabled, doesn't support DPO or FUA
[    0.795582] sd 0:0:0:0: Attached scsi generic sg0 type 0
[    0.796373]  sda: sda1 sda2
[    0.807234] sd 0:0:0:0: [sda] Attached SCSI disk
[    0.809042] Freeing unused decrypted memory: 2040K
[    0.809722] Freeing unused kernel image memory: 2728K
[    0.809723] Write protecting the kernel read-only data: 22528k
[    0.810373] Freeing unused kernel image memory: 2036K
[    0.810754] Freeing unused kernel image memory: 1432K
[    0.823801] x86/mm: Checked W+X mappings: passed, no W+X pages found.
[    0.823805] Run /init as init process
[    0.930323] ACPI: Video Device [GFX0] (multi-head: yes  rom: no  post: no)
[    0.930395] input: Video Bus as /devices/LNXSYSTM:00/LNXSYBUS:00/PNP0A03:00/LNXVIDEO:00/input/input4
[    0.943012] pcnet32: pcnet32.c:v1.35 21.Apr.2008 tsbogend@alpha.franken.de
[    0.943946] pcnet32: PCnet/FAST III 79C973 at 0xd020, 08:00:27:40:d6:e1 assigned IRQ 19
[    0.943991] pcnet32: Found PHY 0022:561b at address 0
[    0.944291] pcnet32: eth0: registered as PCnet/FAST III 79C973
[    0.945042] pcnet32: 1 cards_found
[    0.946209] piix4_smbus 0000:00:07.0: SMBus Host Controller at 0x4100, revision 0
[    0.950688] e1000: Intel(R) PRO/1000 Network Driver - version 7.3.21-k8-NAPI
[    0.950689] e1000: Copyright (c) 1999-2006 Intel Corporation.
[    1.025018] pcnet32 0000:00:03.0 enp0s3: renamed from eth0
[    1.168256] input: ImExPS/2 Generic Explorer Mouse as /devices/platform/i8042/serio1/input/input5
[    1.359372] e1000 0000:00:08.0 eth0: (PCI:33MHz:32-bit) 08:00:27:52:a8:5f
[    1.359375] e1000 0000:00:08.0 eth0: Intel(R) PRO/1000 Network Connection
[    1.731430] e1000 0000:00:09.0 eth1: (PCI:33MHz:32-bit) 08:00:27:c5:57:a8
[    1.731432] e1000 0000:00:09.0 eth1: Intel(R) PRO/1000 Network Connection
[    1.732558] e1000 0000:00:09.0 enp0s9: renamed from eth1
[    1.734316] e1000 0000:00:08.0 enp0s8: renamed from eth0
[    1.883469] EXT4-fs (sda2): mounted filesystem with ordered data mode. Opts: (null)
[    1.968642] systemd[1]: Inserted module 'autofs4'
[    1.978991] systemd[1]: systemd 245.4-4ubuntu3 running in system mode. (+PAM +AUDIT +SELINUX +IMA +APPARMOR +SMACK +SYSVINIT +UTMP +LIBCRYPTSETUP +GCRYPT +GNUTLS +ACL +XZ +LZ4 +SECCOMP +BLKID +ELFUTILS +KMOD +IDN2 -IDN +PCRE2 default-hierarchy=hybrid)
[    1.979018] systemd[1]: Detected virtualization oracle.
[    1.979021] systemd[1]: Detected architecture x86-64.
[    1.980338] systemd[1]: Set hostname to <ztg>.
[    2.102177] systemd[1]: /lib/systemd/system/dbus.socket:5: ListenStream= references a path below legacy directory /var/run/, updating /var/run/dbus/system_bus_socket â†’ /run/dbus/system_bus_socket; please update the unit file accordingly.
[    2.154616] systemd[1]: Created slice system-modprobe.slice.
[    2.154796] systemd[1]: Created slice User and Session Slice.
[    2.154839] systemd[1]: Started Forward Password Requests to Wall Directory Watch.
[    2.154994] systemd[1]: Set up automount Arbitrary Executable File Formats File System Automount Point.
[    2.155024] systemd[1]: Reached target User and Group Name Lookups.
[    2.155032] systemd[1]: Reached target Remote File Systems.
[    2.155040] systemd[1]: Reached target Slices.
[    2.155640] systemd[1]: Listening on Syslog Socket.
[    2.155706] systemd[1]: Listening on fsck to fsckd communication Socket.
[    2.155743] systemd[1]: Listening on initctl Compatibility Named Pipe.
[    2.155883] systemd[1]: Listening on Journal Audit Socket.
[    2.155939] systemd[1]: Listening on Journal Socket (/dev/log).
[    2.156005] systemd[1]: Listening on Journal Socket.
[    2.156068] systemd[1]: Listening on udev Control Socket.
[    2.156106] systemd[1]: Listening on udev Kernel Socket.
[    2.156786] systemd[1]: Mounting Huge Pages File System...
[    2.157636] systemd[1]: Mounting POSIX Message Queue File System...
[    2.158473] systemd[1]: Mounting Kernel Debug File System...
[    2.159342] systemd[1]: Mounting Kernel Trace File System...
[    2.161217] systemd[1]: Starting Journal Service...
[    2.185723] systemd[1]: Starting Set the console keyboard layout...
[    2.193584] systemd[1]: Starting Create list of static device nodes for the current kernel...
[    2.195409] systemd[1]: Starting Load Kernel Module drm...
[    2.196362] systemd[1]: Condition check resulted in Set Up Additional Binary Formats being skipped.
[    2.196431] systemd[1]: Condition check resulted in File System Check on Root Device being skipped.
[    2.209854] systemd[1]: Starting Load Kernel Modules...
[    2.215065] systemd[1]: Starting Remount Root and Kernel File Systems...
[    2.223976] systemd[1]: Starting udev Coldplug all Devices...
[    2.234437] systemd[1]: Starting Uncomplicated firewall...
[    2.240018] EXT4-fs (sda2): re-mounted. Opts: errors=remount-ro
[    2.241323] systemd[1]: Mounted Huge Pages File System.
[    2.241405] systemd[1]: Mounted POSIX Message Queue File System.
[    2.241475] systemd[1]: Mounted Kernel Debug File System.
[    2.241542] systemd[1]: Mounted Kernel Trace File System.
[    2.257803] systemd[1]: Finished Create list of static device nodes for the current kernel.
[    2.258059] systemd[1]: modprobe@drm.service: Succeeded.
[    2.258430] systemd[1]: Finished Load Kernel Module drm.
[    2.264761] systemd[1]: Finished Remount Root and Kernel File Systems.
[    2.274693] systemd[1]: Finished Uncomplicated firewall.
[    2.276241] lp: driver loaded but no devices found
[    2.289435] systemd[1]: Condition check resulted in Rebuild Hardware Database being skipped.
[    2.289474] systemd[1]: Condition check resulted in Platform Persistent Storage Archival being skipped.
[    2.290140] systemd[1]: Starting Load/Save Random Seed...
[    2.295297] systemd[1]: Starting Create System Users...
[    2.301042] ppdev: user-space parallel port driver
[    2.311673] systemd[1]: Finished Load/Save Random Seed.
[    2.314449] systemd[1]: Finished Create System Users.
[    2.315187] systemd[1]: Starting Create Static Device Nodes in /dev...
[    2.368407] systemd[1]: Finished Create Static Device Nodes in /dev.
[    2.369205] systemd[1]: Starting udev Kernel Device Manager...
[    2.382870] systemd[1]: Finished udev Coldplug all Devices.
[    2.384426] [drm] DMA map mode: Caching DMA mappings.
[    2.384488] [drm] Capabilities:
[    2.384488] [drm]   Rect copy.
[    2.384489] [drm]   Cursor.
[    2.384489] [drm]   Cursor bypass.
[    2.384489] [drm]   Cursor bypass 2.
[    2.384490] [drm]   Alpha cursor.
[    2.384490] [drm]   Extended Fifo.
[    2.384490] [drm]   Pitchlock.
[    2.384491] [drm]   Irq mask.
[    2.384491] [drm]   GMR.
[    2.384491] [drm]   Traces.
[    2.384492] [drm]   GMR2.
[    2.384492] [drm]   Screen Object 2.
[    2.384492] [drm]   Command Buffers.
[    2.384493] [drm]   Command Buffers 2.
[    2.384493] [drm]   Guest Backed Resources.
[    2.384494] [drm] Max GMR ids is 8192
[    2.384495] [drm] Max number of GMR pages is 1048576
[    2.384495] [drm] Max dedicated hypervisor surface memory is 393216 kiB
[    2.384496] [drm] Maximum display memory size is 131072 kiB
[    2.384497] [drm] VRAM at 0xe0000000 size is 131072 kiB
[    2.384497] [drm] MMIO at 0xf0000000 size is 2048 kiB
[    2.386356] [TTM] Zone  kernel: Available graphics memory: 1011738 KiB
[    2.386357] [TTM] Initializing pool allocator
[    2.386360] [TTM] Initializing DMA pool allocator
[    2.386395] [drm] Supports vblank timestamp caching Rev 2 (21.10.2013).
[    2.386396] [drm] No driver support for vblank timestamp query.
[    2.386647] [drm] Screen Target Display device initialized
[    2.386859] [drm] width 720
[    2.386869] [drm] height 400
[    2.386873] [drm] bpp 32
[    2.387431] [drm] Fifo max 0x00200000 min 0x00001000 cap 0x00000355
[    2.388901] [drm] Using command buffers with DMA pool.
[    2.388905] [drm] DX: no.
[    2.388906] [drm] Atomic: yes.
[    2.388906] [drm] SM4_1: no.
[    2.388925] [drm:vmw_host_log [vmwgfx]] *ERROR* Failed to send host log message.
[    2.389851] [drm:vmw_host_log [vmwgfx]] *ERROR* Failed to send host log message.
[    2.419275] fbcon: svgadrmfb (fb0) is primary device
[    2.421455] Console: switching to colour frame buffer device 100x37
[    2.428060] [drm] Initialized vmwgfx 2.15.0 20180704 for 0000:00:02.0 on minor 0
[    2.429470] systemd[1]: Finished Load Kernel Modules.
[    2.430350] systemd[1]: Mounting FUSE Control File System...
[    2.432130] systemd[1]: Mounting Kernel Configuration File System...
[    2.452268] systemd[1]: Starting Apply Kernel Variables...
[    2.462603] systemd[1]: Mounted FUSE Control File System.
[    2.462672] systemd[1]: Condition check resulted in VMware vmblock fuse mount being skipped.
[    2.465574] systemd[1]: Mounted Kernel Configuration File System.
[    2.481799] systemd[1]: Finished Apply Kernel Variables.
[    2.482380] systemd[1]: Finished Set the console keyboard layout.
[    2.482455] systemd[1]: Reached target Local File Systems (Pre).
[    2.484422] systemd[1]: Mounting Mount unit for bare, revision 5...
[    2.486151] systemd[1]: Mounting Mount unit for core18, revision 1705...
[    2.494586] systemd[1]: Mounting Mount unit for gnome-3-34-1804, revision 24...
[    2.512601] systemd[1]: Mounting Mount unit for gtk-common-themes, revision 1506...
[    2.522957] systemd[1]: Mounting Mount unit for gtk-common-themes, revision 1535...
[    2.529529] systemd[1]: Mounting Mount unit for snap-store, revision 433...
[    2.536116] systemd[1]: Mounting Mount unit for snapd, revision 25935...
[    2.574294] systemd[1]: Mounted Mount unit for bare, revision 5.
[    2.574396] systemd[1]: Mounted Mount unit for gnome-3-34-1804, revision 24.
[    2.577884] systemd[1]: Started udev Kernel Device Manager.
[    2.578592] systemd[1]: Starting Show Plymouth Boot Screen...
[    2.582427] systemd[1]: Received SIGRTMIN+20 from PID 270 (plymouthd).
[    2.604432] systemd[1]: Started Show Plymouth Boot Screen.
[    2.604584] systemd[1]: Condition check resulted in Dispatch Password Requests to Console Directory Watch being skipped.
[    2.604666] systemd[1]: Started Forward Password Requests to Plymouth Directory Watch.
[    2.604726] systemd[1]: Reached target Local Encrypted Volumes.
[    2.622331] systemd[1]: Mounted Mount unit for gtk-common-themes, revision 1506.
[    2.669749] systemd[1]: Mounted Mount unit for core18, revision 1705.
[    2.674144] systemd[1]: Mounted Mount unit for gtk-common-themes, revision 1535.
[    2.706810] systemd[1]: Mounted Mount unit for snapd, revision 25935.
[    2.707075] systemd[1]: Mounted Mount unit for snap-store, revision 433.
[    2.707239] systemd[1]: Reached target Local File Systems.
[    2.709448] systemd[1]: Starting Load AppArmor profiles...
[    2.710358] systemd[1]: Starting Set console font and keymap...
[    2.720744] systemd[1]: Starting Tell Plymouth To Write Out Runtime Data...
[    2.724813] systemd[1]: Condition check resulted in Store a System Token in an EFI Variable being skipped.
[    2.724867] systemd[1]: Condition check resulted in Commit a transient machine-id on disk being skipped.
[    2.728616] systemd[1]: Finished Set console font and keymap.
[    2.736224] systemd[1]: Received SIGRTMIN+20 from PID 270 (plymouthd).
[    2.737336] systemd[1]: plymouth-read-write.service: Succeeded.
[    2.737572] systemd[1]: Finished Tell Plymouth To Write Out Runtime Data.
[    2.759023] audit: type=1400 audit(1768831774.612:2): apparmor="STATUS" operation="profile_load" profile="unconfined" name="nvidia_modprobe" pid=299 comm="apparmor_parser"
[    2.759025] audit: type=1400 audit(1768831774.612:3): apparmor="STATUS" operation="profile_load" profile="unconfined" name="nvidia_modprobe//kmod" pid=299 comm="apparmor_parser"
[    2.769300] audit: type=1400 audit(1768831774.624:4): apparmor="STATUS" operation="profile_load" profile="unconfined" name="/usr/sbin/tcpdump" pid=300 comm="apparmor_parser"
[    2.815026] audit: type=1400 audit(1768831774.664:5): apparmor="STATUS" operation="profile_load" profile="unconfined" name="/usr/bin/evince" pid=302 comm="apparmor_parser"
[    2.815029] audit: type=1400 audit(1768831774.664:6): apparmor="STATUS" operation="profile_load" profile="unconfined" name="/usr/bin/evince//sanitized_helper" pid=302 comm="apparmor_parser"
[    2.815032] audit: type=1400 audit(1768831774.664:7): apparmor="STATUS" operation="profile_load" profile="unconfined" name="/usr/bin/evince-previewer" pid=302 comm="apparmor_parser"
[    2.815033] audit: type=1400 audit(1768831774.664:8): apparmor="STATUS" operation="profile_load" profile="unconfined" name="/usr/bin/evince-previewer//sanitized_helper" pid=302 comm="apparmor_parser"
[    2.815035] audit: type=1400 audit(1768831774.664:9): apparmor="STATUS" operation="profile_load" profile="unconfined" name="/usr/bin/evince-thumbnailer" pid=302 comm="apparmor_parser"
[    2.829338] audit: type=1400 audit(1768831774.684:10): apparmor="STATUS" operation="profile_load" profile="unconfined" name="/usr/lib/cups/backend/cups-pdf" pid=303 comm="apparmor_parser"
[    2.906232] systemd[1]: Finished Load AppArmor profiles.
[    2.907190] systemd[1]: Starting Load AppArmor profiles managed internally by snapd...
[    3.013965] systemd[1]: Finished Load AppArmor profiles managed internally by snapd.
[    3.144498] systemd[1]: Started Journal Service.
[    3.152528] systemd-journald[229]: Received client request to flush runtime journal.
[    3.157030] systemd-journald[229]: File /var/log/journal/c455b248004a419c87ce85eea238d727/system.journal corrupted or uncleanly shut down, renaming and replacing.
[    4.429681] RAPL PMU: API unit is 2^-32 Joules, 0 fixed counters, 10737418240 ms ovfl timer
[    4.455661] cryptd: max_cpu_qlen set to 1000
[    4.529167] AVX2 version of gcm_enc/dec engaged.
[    4.529168] AES CTR mode by8 optimization enabled
[    6.330343] Adding 1998844k swap on /dev/sda1.  Priority:-2 extents:1 across:1998844k FS
[    8.114188] kauditd_printk_skb: 30 callbacks suppressed
[    8.114190] audit: type=1400 audit(1768831779.964:41): apparmor="DENIED" operation="capable" profile="/usr/sbin/cups-browsed" pid=506 comm="cups-browsed" capability=23  capname="sys_nice"
[    8.898942] pcnet32 0000:00:03.0 enp0s3: link up, 100Mbps, full-duplex
[    8.943811] e1000: enp0s8 NIC Link is Up 1000 Mbps Full Duplex, Flow Control: RX
[    8.944104] IPv6: ADDRCONF(NETDEV_CHANGE): enp0s8: link becomes ready
[    8.965095] e1000: enp0s9 NIC Link is Up 1000 Mbps Full Duplex, Flow Control: RX
[    8.965501] IPv6: ADDRCONF(NETDEV_CHANGE): enp0s9: link becomes ready
[    9.626902] device enp0s3 entered promiscuous mode
[    9.677756] audit: type=1400 audit(1768831781.536:42): apparmor="DENIED" operation="open" profile="/usr/sbin/tcpdump" name="/proc/sys/kernel/random/boot_id" pid=656 comm="tcpdump" requested_mask="r" denied_mask="r" fsuid=0 ouid=0
[    9.680632] audit: type=1400 audit(1768831781.536:43): apparmor="DENIED" operation="open" profile="/usr/sbin/tcpdump" name="/proc/sys/kernel/random/boot_id" pid=656 comm="tcpdump" requested_mask="r" denied_mask="r" fsuid=0 ouid=0
[    9.680807] audit: type=1400 audit(1768831781.536:44): apparmor="DENIED" operation="open" profile="/usr/sbin/tcpdump" name="/proc/sys/kernel/random/boot_id" pid=656 comm="tcpdump" requested_mask="r" denied_mask="r" fsuid=0 ouid=0
[    9.682456] audit: type=1400 audit(1768831781.536:45): apparmor="DENIED" operation="open" profile="/usr/sbin/tcpdump" name="/proc/sys/kernel/random/boot_id" pid=656 comm="tcpdump" requested_mask="r" denied_mask="r" fsuid=0 ouid=0
[    9.688650] audit: type=1400 audit(1768831781.540:46): apparmor="DENIED" operation="open" profile="/usr/sbin/tcpdump" name="/proc/sys/kernel/random/boot_id" pid=657 comm="tcpdump" requested_mask="r" denied_mask="r" fsuid=0 ouid=0
[    9.689059] audit: type=1400 audit(1768831781.540:47): apparmor="DENIED" operation="open" profile="/usr/sbin/tcpdump" name="/proc/sys/kernel/random/boot_id" pid=657 comm="tcpdump" requested_mask="r" denied_mask="r" fsuid=0 ouid=0
[    9.689100] audit: type=1400 audit(1768831781.540:48): apparmor="DENIED" operation="open" profile="/usr/sbin/tcpdump" name="/proc/sys/kernel/random/boot_id" pid=657 comm="tcpdump" requested_mask="r" denied_mask="r" fsuid=0 ouid=0
[    9.689194] audit: type=1400 audit(1768831781.540:49): apparmor="DENIED" operation="open" profile="/usr/sbin/tcpdump" name="/proc/sys/kernel/random/boot_id" pid=657 comm="tcpdump" requested_mask="r" denied_mask="r" fsuid=0 ouid=0
[   15.674467] rfkill: input handler disabled
[  233.626327] AAAAA-TCP_FORW: name:enp0s3: saddr:100932208: daddr:16783984
[  233.756544] AAAAA-TCP_FORW: name:enp0s3: saddr:100932208: daddr:16783984
[  233.836283] AAAAA-TCP_FORW: name:enp0s3: saddr:100932208: daddr:16783984
[  233.921440] AAAAA-TCP_FORW: name:enp0s3: saddr:100932208: daddr:16783984
[  234.215951] AAAAA-TCP_FORW: name:enp0s3: saddr:100932208: daddr:16783984
[  234.315161] AAAAA-TCP_FORW: name:enp0s3: saddr:100932208: daddr:16783984
[  234.409721] AAAAA-TCP_FORW: name:enp0s3: saddr:100932208: daddr:16783984
[  234.521004] AAAAA-TCP_FORW: name:enp0s3: saddr:100932208: daddr:16783984
[  235.446525] AAAAA-TCP_FORW: name:enp0s3: saddr:33561200: daddr:100932208
[  235.879250] AAAAA-TCP_FORW: name:enp0s3: saddr:33561200: daddr:100932208
[  236.246936] AAAAA-TCP_FORW: name:enp0s3: saddr:33561200: daddr:100932208
[  236.600146] AAAAA-TCP_FORW: name:enp0s3: saddr:33561200: daddr:100932208
[  236.822685] AAAAA-TCP_FORW: name:enp0s3: saddr:33561200: daddr:100932208
[  237.130504] AAAAA-TCP_FORW: name:enp0s3: saddr:33561200: daddr:100932208
[  242.161847] AAAAA-TCP_FORW: name:enp0s3: saddr:16783984: daddr:100932208
[  242.544120] AAAAA-TCP_FORW: name:enp0s3: saddr:16783984: daddr:100932208
[  242.681497] AAAAA-TCP_FORW: name:enp0s3: saddr:16783984: daddr:100932208
[  243.325427] AAAAA-TCP_FORW: name:enp0s3: saddr:16783984: daddr:100932208
[  243.416588] AAAAA-TCP_FORW: name:enp0s3: saddr:16783984: daddr:100932208
[  243.468166] AAAAA-TCP_FORW: name:enp0s3: saddr:16783984: daddr:100932208
[  247.376700] AAAAA-TCP_FORW: name:enp0s3: saddr:33561200: daddr:100932208
[  248.422030] AAAAA-TCP_FORW: name:enp0s3: saddr:16783984: daddr:100932208
[  248.654640] AAAAA-TCP_FORW: name:enp0s3: saddr:16783984: daddr:100932208
[  248.858935] AAAAA-TCP_FORW: name:enp0s3: saddr:33561200: daddr:100932208
[  248.998041] AAAAA-TCP_FORW: name:enp0s3: saddr:16783984: daddr:100932208
[  249.166090] AAAAA-TCP_FORW: name:enp0s3: saddr:16783984: daddr:100932208
[  249.296732] AAAAA-TCP_FORW: name:enp0s3: saddr:16783984: daddr:100932208
[  249.439653] AAAAA-TCP_FORW: name:enp0s3: saddr:16783984: daddr:100932208
[  249.623698] AAAAA-TCP_FORW: name:enp0s3: saddr:16783984: daddr:100932208
[  249.994261] AAAAA-TCP_FORW: name:enp0s3: saddr:16783984: daddr:100932208
[  250.166832] AAAAA-TCP_FORW: name:enp0s3: saddr:16783984: daddr:100932208
[  250.258890] AAAAA-TCP_FORW: name:enp0s3: saddr:16783984: daddr:100932208
[  250.658729] AAAAA-TCP_FORW: name:enp0s3: saddr:16783984: daddr:100932208
[  250.728767] AAAAA-TCP_FORW: name:enp0s3: saddr:16783984: daddr:100932208
[  250.911090] AAAAA-TCP_FORW: name:enp0s3: saddr:16783984: daddr:100932208
[  251.312137] AAAAA-TCP_FORW: name:enp0s3: saddr:16783984: daddr:100932208
[  252.085252] AAAAA-TCP_FORW: name:enp0s3: saddr:33561200: daddr:100932208
[  252.556884] AAAAA-TCP_FORW: name:enp0s3: saddr:16783984: daddr:100932208
[  252.845897] AAAAA-TCP_FORW: name:enp0s3: saddr:16783984: daddr:100932208
[  252.986247] AAAAA-TCP_FORW: name:enp0s3: saddr:16783984: daddr:100932208
[  253.071008] AAAAA-TCP_FORW: name:enp0s3: saddr:16783984: daddr:100932208
[  253.130544] AAAAA-TCP_FORW: name:enp0s3: saddr:16783984: daddr:100932208
[  253.399009] AAAAA-TCP_FORW: name:enp0s3: saddr:16783984: daddr:100932208
[  253.730254] AAAAA-TCP_FORW: name:enp0s3: saddr:16783984: daddr:100932208
[  253.943339] AAAAA-TCP_FORW: name:enp0s3: saddr:16783984: daddr:100932208
[  254.026296] AAAAA-TCP_FORW: name:enp0s3: saddr:16783984: daddr:100932208
[  254.134204] AAAAA-TCP_FORW: name:enp0s3: saddr:16783984: daddr:100932208
[  254.259207] AAAAA-TCP_FORW: name:enp0s3: saddr:16783984: daddr:100932208
[  254.385857] AAAAA-TCP_FORW: name:enp0s3: saddr:16783984: daddr:100932208
[  254.483264] AAAAA-TCP_FORW: name:enp0s3: saddr:16783984: daddr:100932208
[  255.194893] AAAAA-TCP_FORW: name:enp0s3: saddr:16783984: daddr:100932208
[  268.242518] AAAAA-TCP_FORW: name:enp0s3: saddr:16783984: daddr:100932208
[  268.334601] AAAAA-TCP_FORW: name:enp0s3: saddr:16783984: daddr:100932208
[  268.562942] AAAAA-TCP_FORW: name:enp0s3: saddr:16783984: daddr:100932208
[  268.660742] AAAAA-TCP_FORW: name:enp0s3: saddr:16783984: daddr:100932208
[  268.841206] AAAAA-TCP_FORW: name:enp0s3: saddr:16783984: daddr:100932208
[  269.050233] AAAAA-TCP_FORW: name:enp0s3: saddr:16783984: daddr:100932208
[  269.341040] AAAAA-TCP_FORW: name:enp0s3: saddr:16783984: daddr:100932208
[  269.412146] AAAAA-TCP_FORW: name:enp0s3: saddr:16783984: daddr:100932208
[  269.513731] AAAAA-TCP_FORW: name:enp0s3: saddr:16783984: daddr:100932208
[  269.811515] AAAAA-TCP_FORW: name:enp0s3: saddr:16783984: daddr:100932208
[  269.992642] AAAAA-TCP_FORW: name:enp0s3: saddr:16783984: daddr:100932208
[  270.096067] AAAAA-TCP_FORW: name:enp0s3: saddr:16783984: daddr:100932208
[  270.230416] AAAAA-TCP_FORW: name:enp0s3: saddr:16783984: daddr:100932208
[  270.423277] AAAAA-TCP_FORW: name:enp0s3: saddr:16783984: daddr:100932208
[  270.559833] AAAAA-TCP_FORW: name:enp0s3: saddr:16783984: daddr:100932208
[  270.685390] AAAAA-TCP_FORW: name:enp0s3: saddr:16783984: daddr:100932208
[  270.817857] AAAAA-TCP_FORW: name:enp0s3: saddr:16783984: daddr:100932208
[  270.976019] AAAAA-TCP_FORW: name:enp0s3: saddr:16783984: daddr:100932208
[  271.098348] AAAAA-TCP_FORW: name:enp0s3: saddr:33561200: daddr:100932208
[  271.315995] AAAAA-TCP_FORW: name:enp0s3: saddr:33561200: daddr:100932208
[  271.525186] AAAAA-TCP_FORW: name:enp0s3: saddr:16783984: daddr:100932208
[  278.494548] AAAAA-TCP_FORW: name:enp0s3: saddr:16783984: daddr:100932208
[  278.590139] AAAAA-TCP_FORW: name:enp0s3: saddr:16783984: daddr:100932208
[  278.789261] AAAAA-TCP_FORW: name:enp0s3: saddr:16783984: daddr:100932208
[  278.924823] AAAAA-TCP_FORW: name:enp0s3: saddr:16783984: daddr:100932208
[  278.981254] AAAAA-TCP_FORW: name:enp0s3: saddr:16783984: daddr:100932208
[  279.139749] AAAAA-TCP_FORW: name:enp0s3: saddr:16783984: daddr:100932208
[  279.256024] AAAAA-TCP_FORW: name:enp0s3: saddr:16783984: daddr:100932208
[  279.399523] AAAAA-TCP_FORW: name:enp0s3: saddr:16783984: daddr:100932208
[  279.627638] AAAAA-TCP_FORW: name:enp0s3: saddr:16783984: daddr:100932208
[  279.739213] AAAAA-TCP_FORW: name:enp0s3: saddr:16783984: daddr:100932208
[  279.826656] AAAAA-TCP_FORW: name:enp0s3: saddr:16783984: daddr:100932208
[  279.918322] AAAAA-TCP_FORW: name:enp0s3: saddr:16783984: daddr:100932208
[  279.940490] AAAAA-TCP_FORW: name:enp0s3: saddr:16783984: daddr:100932208
[  280.112246] AAAAA-TCP_FORW: name:enp0s3: saddr:16783984: daddr:100932208
[  280.362984] AAAAA-TCP_FORW: name:enp0s3: saddr:16783984: daddr:100932208
[  280.430413] AAAAA-TCP_FORW: name:enp0s3: saddr:16783984: daddr:100932208
[  280.478957] AAAAA-TCP_FORW: name:enp0s3: saddr:33561200: daddr:100932208
[  280.746174] AAAAA-TCP_FORW: name:enp0s3: saddr:33561200: daddr:100932208
[  280.893206] AAAAA-TCP_FORW: name:enp0s3: saddr:33561200: daddr:100932208
[  281.080218] AAAAA-TCP_FORW: name:enp0s3: saddr:16783984: daddr:100932208
[  281.321202] AAAAA-TCP_FORW: name:enp0s3: saddr:16783984: daddr:100932208
[  281.406938] AAAAA-TCP_FORW: name:enp0s3: saddr:16783984: daddr:100932208
[  281.587332] AAAAA-TCP_FORW: name:enp0s3: saddr:16783984: daddr:100932208
[  281.950612] AAAAA-TCP_FORW: name:enp0s3: saddr:33561200: daddr:100932208
[  282.066387] AAAAA-TCP_FORW: name:enp0s3: saddr:33561200: daddr:100932208
[  283.465502] AAAAA-TCP_FORW: name:enp0s3: saddr:16783984: daddr:100932208
[  283.602912] AAAAA-TCP_FORW: name:enp0s3: saddr:16783984: daddr:100932208
[  283.839592] AAAAA-TCP_FORW: name:enp0s3: saddr:16783984: daddr:100932208
[  284.087129] AAAAA-TCP_FORW: name:enp0s3: saddr:16783984: daddr:100932208
[  284.208370] AAAAA-TCP_FORW: name:enp0s3: saddr:16783984: daddr:100932208
[  284.288440] AAAAA-TCP_FORW: name:enp0s3: saddr:16783984: daddr:100932208
[  284.464386] AAAAA-TCP_FORW: name:enp0s3: saddr:16783984: daddr:100932208
[  285.780698] AAAAA-TCP_FORW: name:enp0s3: saddr:33561200: daddr:100932208
[  285.862503] AAAAA-TCP_FORW: name:enp0s3: saddr:33561200: daddr:100932208
[  286.839123] AAAAA-TCP_FORW: name:enp0s3: saddr:33561200: daddr:100932208
[  287.024887] AAAAA-TCP_FORW: name:enp0s3: saddr:33561200: daddr:100932208
[  287.317894] AAAAA-TCP_FORW: name:enp0s3: saddr:16783984: daddr:100932208
[  287.476489] AAAAA-TCP_FORW: name:enp0s3: saddr:16783984: daddr:100932208
[  287.762191] AAAAA-TCP_FORW: name:enp0s3: saddr:16783984: daddr:100932208
[  288.051652] AAAAA-TCP_FORW: name:enp0s3: saddr:16783984: daddr:100932208
[  288.398673] AAAAA-TCP_FORW: name:enp0s3: saddr:16783984: daddr:100932208
[  288.537368] AAAAA-TCP_FORW: name:enp0s3: saddr:16783984: daddr:100932208
[  288.912837] AAAAA-TCP_FORW: name:enp0s3: saddr:16783984: daddr:100932208
[  289.978785] AAAAA-TCP_FORW: name:enp0s3: saddr:33561200: daddr:100932208
[  290.137932] AAAAA-TCP_FORW: name:enp0s3: saddr:33561200: daddr:100932208
[  290.264829] AAAAA-TCP_FORW: name:enp0s3: saddr:33561200: daddr:100932208
[  290.595559] AAAAA-TCP_FORW: name:enp0s3: saddr:33561200: daddr:100932208
[  291.726043] AAAAA-TCP_FORW: name:enp0s3: saddr:33561200: daddr:100932208
[  292.002474] AAAAA-TCP_FORW: name:enp0s3: saddr:33561200: daddr:100932208
[  293.404759] AAAAA-TCP_FORW: name:enp0s3: saddr:16783984: daddr:100932208
[  465.199822] rfkill: input handler enabled
[  473.995032] rfkill: input handler disabled
[  622.520797] device enp0s3 left promiscuous mode
