[    0.000000] Linux version 5.4.243-mptcp (root@ztg) (gcc version 12.2.0 (Debian 12.2.0-14+deb12u1)) #53 SMP Wed Dec 24 23:28:15 CST 2025
[    0.000000] Command line: BOOT_IMAGE=/boot/vmlinuz-5.4.243-mptcp root=UUID=98415a12-53b7-4144-8265-0f7ece09e445 ro quiet splash
[    0.000000] KERNEL supported cpus:
[    0.000000]   Intel GenuineIntel
[    0.000000]   AMD AuthenticAMD
[    0.000000]   Hygon HygonGenuine
[    0.000000]   Centaur CentaurHauls
[    0.000000]   zhaoxin   Shanghai  
[    0.000000] x86/fpu: Supporting XSAVE feature 0x001: 'x87 floating point registers'
[    0.000000] x86/fpu: Supporting XSAVE feature 0x002: 'SSE registers'
[    0.000000] x86/fpu: Supporting XSAVE feature 0x004: 'AVX registers'
[    0.000000] x86/fpu: xstate_offset[2]:  576, xstate_sizes[2]:  256
[    0.000000] x86/fpu: Enabled xstate features 0x7, context size is 832 bytes, using 'standard' format.
[    0.000000] BIOS-provided physical RAM map:
[    0.000000] BIOS-e820: [mem 0x0000000000000000-0x000000000009fbff] usable
[    0.000000] BIOS-e820: [mem 0x000000000009fc00-0x000000000009ffff] reserved
[    0.000000] BIOS-e820: [mem 0x00000000000f0000-0x00000000000fffff] reserved
[    0.000000] BIOS-e820: [mem 0x0000000000100000-0x000000007ffeffff] usable
[    0.000000] BIOS-e820: [mem 0x000000007fff0000-0x000000007fffffff] ACPI data
[    0.000000] BIOS-e820: [mem 0x00000000fec00000-0x00000000fec00fff] reserved
[    0.000000] BIOS-e820: [mem 0x00000000fee00000-0x00000000fee00fff] reserved
[    0.000000] BIOS-e820: [mem 0x00000000fffc0000-0x00000000ffffffff] reserved
[    0.000000] NX (Execute Disable) protection: active
[    0.000000] SMBIOS 2.5 present.
[    0.000000] DMI: innotek GmbH VirtualBox/VirtualBox, BIOS VirtualBox 12/01/2006
[    0.000000] Hypervisor detected: KVM
[    0.000000] kvm-clock: Using msrs 4b564d01 and 4b564d00
[    0.000000] kvm-clock: cpu 0, msr 55001001, primary cpu clock
[    0.000000] kvm-clock: using sched offset of 4486889273 cycles
[    0.000003] clocksource: kvm-clock: mask: 0xffffffffffffffff max_cycles: 0x1cd42e4dffb, max_idle_ns: 881590591483 ns
[    0.000005] tsc: Detected 2100.000 MHz processor
[    0.001871] e820: update [mem 0x00000000-0x00000fff] usable ==> reserved
[    0.001873] e820: remove [mem 0x000a0000-0x000fffff] usable
[    0.001877] last_pfn = 0x7fff0 max_arch_pfn = 0x400000000
[    0.001944] MTRR default type: uncachable
[    0.001945] MTRR fixed ranges enabled:
[    0.001946]   00000-9FFFF write-back
[    0.001947]   A0000-BFFFF uncachable
[    0.001948]   C0000-FFFFF write-protect
[    0.001948] MTRR variable ranges enabled:
[    0.001950]   0 base 000000000000 mask 3FFF80000000 write-back
[    0.001950]   1 disabled
[    0.001951]   2 disabled
[    0.001951]   3 disabled
[    0.001952]   4 disabled
[    0.001952]   5 disabled
[    0.001953]   6 disabled
[    0.001953]   7 disabled
[    0.001953]   8 disabled
[    0.001954]   9 disabled
[    0.001954]   10 disabled
[    0.001955]   11 disabled
[    0.001955]   12 disabled
[    0.001956]   13 disabled
[    0.001956]   14 disabled
[    0.001956]   15 disabled
[    0.001972] x86/PAT: Configuration [0-7]: WB  WC  UC- UC  WB  WP  UC- WT  
[    0.002105] found SMP MP-table at [mem 0x0009fff0-0x0009ffff]
[    0.092474] check: Scanning 1 areas for low memory corruption
[    0.092720] RAMDISK: [mem 0x32271000-0x3512ffff]
[    0.092728] ACPI: Early table checksum verification disabled
[    0.092732] ACPI: RSDP 0x00000000000E0000 000024 (v02 VBOX  )
[    0.092736] ACPI: XSDT 0x000000007FFF0030 00003C (v01 VBOX   VBOXXSDT 00000001 ASL  00000061)
[    0.092743] ACPI: FACP 0x000000007FFF00F0 0000F4 (v04 VBOX   VBOXFACP 00000001 ASL  00000061)
[    0.092749] ACPI: DSDT 0x000000007FFF02E0 002353 (v02 VBOX   VBOXBIOS 00000002 VBOX 00029BF3)
[    0.092753] ACPI: FACS 0x000000007FFF0200 000040
[    0.092757] ACPI: FACS 0x000000007FFF0200 000040
[    0.092760] ACPI: APIC 0x000000007FFF0240 000054 (v02 VBOX   VBOXAPIC 00000001 ASL  00000061)
[    0.092764] ACPI: SSDT 0x000000007FFF02A0 000038 (v01 VBOX   VBOXCPUT 00000002 VBOX 00029BF3)
[    0.092767] ACPI: Reserving FACP table memory at [mem 0x7fff00f0-0x7fff01e3]
[    0.092768] ACPI: Reserving DSDT table memory at [mem 0x7fff02e0-0x7fff2632]
[    0.092768] ACPI: Reserving FACS table memory at [mem 0x7fff0200-0x7fff023f]
[    0.092769] ACPI: Reserving FACS table memory at [mem 0x7fff0200-0x7fff023f]
[    0.092770] ACPI: Reserving APIC table memory at [mem 0x7fff0240-0x7fff0293]
[    0.092771] ACPI: Reserving SSDT table memory at [mem 0x7fff02a0-0x7fff02d7]
[    0.092784] ACPI: Local APIC address 0xfee00000
[    0.092964] No NUMA configuration found
[    0.092965] Faking a node at [mem 0x0000000000000000-0x000000007ffeffff]
[    0.092975] NODE_DATA(0) allocated [mem 0x7ffc5000-0x7ffeffff]
[    0.093234] Zone ranges:
[    0.093235]   DMA      [mem 0x0000000000001000-0x0000000000ffffff]
[    0.093236]   DMA32    [mem 0x0000000001000000-0x000000007ffeffff]
[    0.093237]   Normal   empty
[    0.093238]   Device   empty
[    0.093239] Movable zone start for each node
[    0.093241] Early memory node ranges
[    0.093241]   node   0: [mem 0x0000000000001000-0x000000000009efff]
[    0.093242]   node   0: [mem 0x0000000000100000-0x000000007ffeffff]
[    0.093245] Zeroed struct page in unavailable ranges: 114 pages
[    0.093246] Initmem setup node 0 [mem 0x0000000000001000-0x000000007ffeffff]
[    0.093247] On node 0 totalpages: 524174
[    0.093248]   DMA zone: 64 pages used for memmap
[    0.093249]   DMA zone: 21 pages reserved
[    0.093249]   DMA zone: 3998 pages, LIFO batch:0
[    0.093321]   DMA32 zone: 8128 pages used for memmap
[    0.093321]   DMA32 zone: 520176 pages, LIFO batch:63
[    0.102169] ACPI: PM-Timer IO Port: 0x4008
[    0.102172] ACPI: Local APIC address 0xfee00000
[    0.102234] IOAPIC[0]: apic_id 1, version 32, address 0xfec00000, GSI 0-23
[    0.102238] ACPI: INT_SRC_OVR (bus 0 bus_irq 0 global_irq 2 dfl dfl)
[    0.102239] ACPI: INT_SRC_OVR (bus 0 bus_irq 9 global_irq 9 low level)
[    0.102241] ACPI: IRQ0 used by override.
[    0.102242] ACPI: IRQ9 used by override.
[    0.102245] Using ACPI (MADT) for SMP configuration information
[    0.102251] smpboot: Allowing 1 CPUs, 0 hotplug CPUs
[    0.102271] PM: Registered nosave memory: [mem 0x00000000-0x00000fff]
[    0.102273] PM: Registered nosave memory: [mem 0x0009f000-0x0009ffff]
[    0.102273] PM: Registered nosave memory: [mem 0x000a0000-0x000effff]
[    0.102274] PM: Registered nosave memory: [mem 0x000f0000-0x000fffff]
[    0.102275] [mem 0x80000000-0xfebfffff] available for PCI devices
[    0.102276] Booting paravirtualized kernel on KVM
[    0.102278] clocksource: refined-jiffies: mask: 0xffffffff max_cycles: 0xffffffff, max_idle_ns: 7645519600211568 ns
[    0.102282] setup_percpu: NR_CPUS:8192 nr_cpumask_bits:1 nr_cpu_ids:1 nr_node_ids:1
[    0.103277] percpu: Embedded 60 pages/cpu s208896 r8192 d28672 u2097152
[    0.103281] pcpu-alloc: s208896 r8192 d28672 u2097152 alloc=1*2097152
[    0.103282] pcpu-alloc: [0] 0 
[    0.103307] Built 1 zonelists, mobility grouping on.  Total pages: 515961
[    0.103308] Policy zone: DMA32
[    0.103309] Kernel command line: BOOT_IMAGE=/boot/vmlinuz-5.4.243-mptcp root=UUID=98415a12-53b7-4144-8265-0f7ece09e445 ro quiet splash
[    0.104128] Dentry cache hash table entries: 262144 (order: 9, 2097152 bytes, linear)
[    0.104273] Inode-cache hash table entries: 131072 (order: 8, 1048576 bytes, linear)
[    0.104321] mem auto-init: stack:off, heap alloc:on, heap free:off
[    0.104324] Calgary: detecting Calgary via BIOS EBDA area
[    0.104325] Calgary: Unable to locate Rio Grande table in EBDA - bailing!
[    0.108414] Memory: 1967332K/2096696K available (14339K kernel code, 2398K rwdata, 4712K rodata, 2728K init, 17260K bss, 129364K reserved, 0K cma-reserved)
[    0.109322] SLUB: HWalign=64, Order=0-3, MinObjects=0, CPUs=1, Nodes=1
[    0.109338] ftrace: allocating 43186 entries in 169 pages
[    0.127291] rcu: Hierarchical RCU implementation.
[    0.127293] rcu: 	RCU restricting CPUs from NR_CPUS=8192 to nr_cpu_ids=1.
[    0.127294] 	Tasks RCU enabled.
[    0.127295] rcu: RCU calculated value of scheduler-enlistment delay is 25 jiffies.
[    0.127296] rcu: Adjusting geometry for rcu_fanout_leaf=16, nr_cpu_ids=1
[    0.130267] NR_IRQS: 524544, nr_irqs: 256, preallocated irqs: 16
[    0.130471] random: crng init done
[    0.139700] Console: colour VGA+ 80x25
[    0.139704] printk: console [tty0] enabled
[    0.139722] ACPI: Core revision 20190816
[    0.139851] APIC: Switch to symmetric I/O mode setup
[    0.140102] x2apic enabled
[    0.140341] Switched APIC routing to physical x2apic.
[    0.141477] ..TIMER: vector=0x30 apic1=0 pin1=2 apic2=-1 pin2=-1
[    0.141502] clocksource: tsc-early: mask: 0xffffffffffffffff max_cycles: 0x1e4530a99b6, max_idle_ns: 440795257976 ns
[    0.141507] Calibrating delay loop (skipped) preset value.. 4200.00 BogoMIPS (lpj=8400000)
[    0.141509] pid_max: default: 32768 minimum: 301
[    0.141537] LSM: Security Framework initializing
[    0.141547] Yama: becoming mindful.
[    0.141572] AppArmor: AppArmor initialized
[    0.141605] Mount-cache hash table entries: 4096 (order: 3, 32768 bytes, linear)
[    0.141609] Mountpoint-cache hash table entries: 4096 (order: 3, 32768 bytes, linear)
[    0.141620] *** VALIDATE tmpfs ***
[    0.141746] *** VALIDATE proc ***
[    0.141786] *** VALIDATE cgroup1 ***
[    0.141787] *** VALIDATE cgroup2 ***
[    0.141924] process: using mwait in idle threads
[    0.141929] Last level iTLB entries: 4KB 64, 2MB 8, 4MB 8
[    0.141930] Last level dTLB entries: 4KB 64, 2MB 0, 4MB 0, 1GB 4
[    0.141951] Spectre V1 : Mitigation: usercopy/swapgs barriers and __user pointer sanitization
[    0.141956] Spectre V2 : Mitigation: Retpolines
[    0.141957] Spectre V2 : Spectre v2 / SpectreRSB mitigation: Filling RSB on context switch
[    0.141957] Spectre V2 : Spectre v2 / SpectreRSB : Filling RSB on VMEXIT
[    0.141958] RETBleed: WARNING: Spectre v2 mitigation leaves CPU vulnerable to RETBleed attacks, data leaks possible!
[    0.142311] RETBleed: Vulnerable
[    0.142311] Speculative Store Bypass: Vulnerable
[    0.142316] TAA: Mitigation: TSX disabled
[    0.142317] MMIO Stale Data: Mitigation: Clear CPU buffers
[    0.146492] Freeing SMP alternatives memory: 40K
[    0.258281] smpboot: CPU0: Intel(R) Xeon(R) Silver 4216 CPU @ 2.10GHz (family: 0x6, model: 0x55, stepping: 0x7)
[    0.258434] Performance Events: unsupported p6 CPU model 85 no PMU driver, software events only.
[    0.258471] rcu: Hierarchical SRCU implementation.
[    0.258944] NMI watchdog: Perf NMI watchdog permanently disabled
[    0.258983] smp: Bringing up secondary CPUs ...
[    0.258984] smp: Brought up 1 node, 1 CPU
[    0.258985] smpboot: Max logical packages: 1
[    0.258986] smpboot: Total of 1 processors activated (4200.00 BogoMIPS)
[    0.259928] devtmpfs: initialized
[    0.259974] x86/mm: Memory block size: 128MB
[    0.260321] clocksource: jiffies: mask: 0xffffffff max_cycles: 0xffffffff, max_idle_ns: 7645041785100000 ns
[    0.260327] futex hash table entries: 256 (order: 2, 16384 bytes, linear)
[    0.260369] pinctrl core: initialized pinctrl subsystem
[    0.260472] PM: RTC time: 17:42:36, date: 2026-01-17
[    0.260577] NET: Registered protocol family 16
[    0.260651] audit: initializing netlink subsys (disabled)
[    0.260778] EISA bus registered
[    0.260780] cpuidle: using governor ladder
[    0.260780] cpuidle: using governor menu
[    0.260816] ACPI: bus type PCI registered
[    0.260817] acpiphp: ACPI Hot Plug PCI Controller Driver version: 0.5
[    0.260917] PCI: Using configuration type 1 for base access
[    0.261802] audit: type=2000 audit(1768642962.375:1): state=initialized audit_enabled=0 res=1
[    0.261881] HugeTLB registered 2.00 MiB page size, pre-allocated 0 pages
[    0.262702] ACPI: Added _OSI(Module Device)
[    0.262703] ACPI: Added _OSI(Processor Device)
[    0.262704] ACPI: Added _OSI(3.0 _SCP Extensions)
[    0.262704] ACPI: Added _OSI(Processor Aggregator Device)
[    0.262705] ACPI: Added _OSI(Linux-Dell-Video)
[    0.262706] ACPI: Added _OSI(Linux-Lenovo-NV-HDMI-Audio)
[    0.262707] ACPI: Added _OSI(Linux-HPI-Hybrid-Graphics)
[    0.264667] ACPI: 2 ACPI AML tables successfully acquired and loaded
[    0.266166] ACPI: Interpreter enabled
[    0.266176] ACPI: (supports S0 S5)
[    0.266177] ACPI: Using IOAPIC for interrupt routing
[    0.266382] PCI: Using host bridge windows from ACPI; if necessary, use "pci=nocrs" and report a bug
[    0.266488] ACPI: Enabled 2 GPEs in block 00 to 07
[    0.271298] ACPI: PCI Root Bridge [PCI0] (domain 0000 [bus 00-ff])
[    0.271303] acpi PNP0A03:00: _OSC: OS supports [ASPM ClockPM Segments MSI HPX-Type3]
[    0.271747] acpi PNP0A03:00: _OSC: not requesting OS control; OS requires [ExtendedConfig ASPM ClockPM MSI]
[    0.271755] acpi PNP0A03:00: fail to add MMCONFIG information, can't access extended PCI configuration space under this bridge.
[    0.272124] PCI host bridge to bus 0000:00
[    0.272127] pci_bus 0000:00: root bus resource [io  0x0000-0x0cf7 window]
[    0.272128] pci_bus 0000:00: root bus resource [io  0x0d00-0xffff window]
[    0.272129] pci_bus 0000:00: root bus resource [mem 0x000a0000-0x000bffff window]
[    0.272130] pci_bus 0000:00: root bus resource [mem 0x80000000-0xfdffffff window]
[    0.272131] pci_bus 0000:00: root bus resource [bus 00-ff]
[    0.272172] pci 0000:00:00.0: [8086:1237] type 00 class 0x060000
[    0.274052] pci 0000:00:01.0: [8086:7000] type 00 class 0x060100
[    0.274799] pci 0000:00:01.1: [8086:7111] type 00 class 0x01018a
[    0.275171] pci 0000:00:01.1: reg 0x20: [io  0xd000-0xd00f]
[    0.275324] pci 0000:00:01.1: legacy IDE quirk: reg 0x10: [io  0x01f0-0x01f7]
[    0.275325] pci 0000:00:01.1: legacy IDE quirk: reg 0x14: [io  0x03f6]
[    0.275326] pci 0000:00:01.1: legacy IDE quirk: reg 0x18: [io  0x0170-0x0177]
[    0.275327] pci 0000:00:01.1: legacy IDE quirk: reg 0x1c: [io  0x0376]
[    0.275859] pci 0000:00:02.0: [15ad:0405] type 00 class 0x030000
[    0.277581] pci 0000:00:02.0: reg 0x10: [io  0xd010-0xd01f]
[    0.280387] pci 0000:00:02.0: reg 0x14: [mem 0xe0000000-0xe7ffffff pref]
[    0.283371] pci 0000:00:02.0: reg 0x18: [mem 0xf0000000-0xf01fffff]
[    0.294392] pci 0000:00:03.0: [1022:2000] type 00 class 0x020000
[    0.295192] pci 0000:00:03.0: reg 0x10: [io  0xd020-0xd03f]
[    0.297687] pci 0000:00:03.0: reg 0x14: [mem 0xf0200000-0xf0200fff]
[    0.301557] pci 0000:00:04.0: [80ee:cafe] type 00 class 0x088000
[    0.302273] pci 0000:00:04.0: reg 0x10: [io  0xd040-0xd05f]
[    0.302900] pci 0000:00:04.0: reg 0x14: [mem 0xf0400000-0xf07fffff]
[    0.303531] pci 0000:00:04.0: reg 0x18: [mem 0xf0800000-0xf0803fff pref]
[    0.306918] pci 0000:00:07.0: [8086:7113] type 00 class 0x068000
[    0.307490] pci 0000:00:07.0: quirk: [io  0x4000-0x403f] claimed by PIIX4 ACPI
[    0.307500] pci 0000:00:07.0: quirk: [io  0x4100-0x410f] claimed by PIIX4 SMB
[    0.308143] pci 0000:00:08.0: [8086:100e] type 00 class 0x020000
[    0.308870] pci 0000:00:08.0: reg 0x10: [mem 0xf0820000-0xf083ffff]
[    0.310168] pci 0000:00:08.0: reg 0x18: [io  0xd060-0xd067]
[    0.313578] pci 0000:00:09.0: [8086:100e] type 00 class 0x020000
[    0.314325] pci 0000:00:09.0: reg 0x10: [mem 0xf0840000-0xf085ffff]
[    0.315501] pci 0000:00:09.0: reg 0x18: [io  0xd068-0xd06f]
[    0.326437] ACPI: PCI Interrupt Link [LNKA] (IRQs 5 9 10 *11)
[    0.326723] ACPI: PCI Interrupt Link [LNKB] (IRQs 5 9 *10 11)
[    0.326826] ACPI: PCI Interrupt Link [LNKC] (IRQs 5 *9 10 11)
[    0.326931] ACPI: PCI Interrupt Link [LNKD] (IRQs 5 9 10 *11)
[    0.327196] iommu: Default domain type: Translated 
[    0.327256] pci 0000:00:02.0: vgaarb: setting as boot VGA device
[    0.327258] pci 0000:00:02.0: vgaarb: VGA device added: decodes=io+mem,owns=io+mem,locks=none
[    0.327261] pci 0000:00:02.0: vgaarb: bridge control possible
[    0.327261] vgaarb: loaded
[    0.327470] SCSI subsystem initialized
[    0.327502] libata version 3.00 loaded.
[    0.327525] ACPI: bus type USB registered
[    0.327541] usbcore: registered new interface driver usbfs
[    0.327546] usbcore: registered new interface driver hub
[    0.327552] usbcore: registered new device driver usb
[    0.327580] pps_core: LinuxPPS API ver. 1 registered
[    0.327581] pps_core: Software ver. 5.3.6 - Copyright 2005-2007 Rodolfo Giometti <giometti@linux.it>
[    0.327583] PTP clock support registered
[    0.327617] EDAC MC: Ver: 3.0.0
[    0.327903] PCI: Using ACPI for IRQ routing
[    0.327904] PCI: pci_cache_line_size set to 64 bytes
[    0.328075] e820: reserve RAM buffer [mem 0x0009fc00-0x0009ffff]
[    0.328079] e820: reserve RAM buffer [mem 0x7fff0000-0x7fffffff]
[    0.329521] NetLabel: Initializing
[    0.329521] NetLabel:  domain hash size = 128
[    0.329522] NetLabel:  protocols = UNLABELED CIPSOv4 CALIPSO
[    0.329543] NetLabel:  unlabeled traffic allowed by default
[    0.330451] clocksource: Switched to clocksource kvm-clock
[    0.343643] *** VALIDATE bpf ***
[    0.343701] VFS: Disk quotas dquot_6.6.0
[    0.343713] VFS: Dquot-cache hash table entries: 512 (order 0, 4096 bytes)
[    0.343734] *** VALIDATE ramfs ***
[    0.343738] *** VALIDATE hugetlbfs ***
[    0.343815] AppArmor: AppArmor Filesystem Enabled
[    0.343839] pnp: PnP ACPI init
[    0.343898] pnp 00:00: Plug and Play ACPI device, IDs PNP0303 (active)
[    0.343981] pnp 00:01: Plug and Play ACPI device, IDs PNP0f03 (active)
[    0.344731] pnp: PnP ACPI: found 2 devices
[    0.345677] thermal_sys: Registered thermal governor 'fair_share'
[    0.345677] thermal_sys: Registered thermal governor 'bang_bang'
[    0.345678] thermal_sys: Registered thermal governor 'step_wise'
[    0.345679] thermal_sys: Registered thermal governor 'user_space'
[    0.345679] thermal_sys: Registered thermal governor 'power_allocator'
[    0.350208] clocksource: acpi_pm: mask: 0xffffff max_cycles: 0xffffff, max_idle_ns: 2085701024 ns
[    0.350248] pci_bus 0000:00: resource 4 [io  0x0000-0x0cf7 window]
[    0.350249] pci_bus 0000:00: resource 5 [io  0x0d00-0xffff window]
[    0.350251] pci_bus 0000:00: resource 6 [mem 0x000a0000-0x000bffff window]
[    0.350252] pci_bus 0000:00: resource 7 [mem 0x80000000-0xfdffffff window]
[    0.350308] NET: Registered protocol family 2
[    0.350383] IP idents hash table entries: 32768 (order: 6, 262144 bytes, linear)
[    0.350782] MPTCP tokens hash table entries: 8192 (order: 4, 65536 bytes, linear)
[    0.350801] MPTCP request tokens hash table entries: 8192 (order: 4, 65536 bytes, linear)
[    0.350826] default registered
[    0.350827] default registered
[    0.350827] MPTCP: Stable release v0.96
[    0.350832] tcp_listen_portaddr_hash hash table entries: 1024 (order: 2, 16384 bytes, linear)
[    0.350913] TCP established hash table entries: 16384 (order: 5, 131072 bytes, linear)
[    0.350973] TCP bind hash table entries: 16384 (order: 6, 262144 bytes, linear)
[    0.350998] TCP: Hash tables configured (established 16384 bind 16384)
[    0.351720] UDP hash table entries: 1024 (order: 3, 32768 bytes, linear)
[    0.351731] UDP-Lite hash table entries: 1024 (order: 3, 32768 bytes, linear)
[    0.351767] NET: Registered protocol family 1
[    0.351775] NET: Registered protocol family 44
[    0.351798] pci 0000:00:00.0: Limiting direct PCI/PCI transfers
[    0.351812] pci 0000:00:01.0: Activating ISA DMA hang workarounds
[    0.351864] pci 0000:00:02.0: Video device with shadowed ROM at [mem 0x000c0000-0x000dffff]
[    0.351929] PCI: CLS 0 bytes, default 64
[    0.351975] Trying to unpack rootfs image as initramfs...
[    0.519426] Freeing initrd memory: 47868K
[    0.519426] clocksource: tsc: mask: 0xffffffffffffffff max_cycles: 0x1e4530a99b6, max_idle_ns: 440795257976 ns
[    0.519426] clocksource: Switched to clocksource tsc
[    0.519426] platform rtc_cmos: registered platform RTC device (no PNP device found)
[    0.519426] check: Scanning for low memory corruption every 60 seconds
[    0.519426] Initialise system trusted keyrings
[    0.519426] Key type blacklist registered
[    0.519426] workingset: timestamp_bits=36 max_order=19 bucket_order=0
[    0.519426] zbud: loaded
[    0.519426] squashfs: version 4.0 (2009/01/31) Phillip Lougher
[    0.519426] fuse: init (API version 7.31)
[    0.519426] *** VALIDATE fuse ***
[    0.519426] *** VALIDATE fuse ***
[    0.519426] Platform Keyring initialized
[    0.533921] Key type asymmetric registered
[    0.533922] Asymmetric key parser 'x509' registered
[    0.533931] Block layer SCSI generic (bsg) driver version 0.4 loaded (major 244)
[    0.533967] io scheduler mq-deadline registered
[    0.534087] shpchp: Standard Hot Plug PCI Controller Driver version: 0.4
[    0.534292] ACPI: AC Adapter [AC] (on-line)
[    0.534336] input: Power Button as /devices/LNXSYSTM:00/LNXPWRBN:00/input/input0
[    0.534364] ACPI: Power Button [PWRF]
[    0.534445] input: Sleep Button as /devices/LNXSYSTM:00/LNXSLPBN:00/input/input1
[    0.534460] ACPI: Sleep Button [SLPF]
[    0.534709] Serial: 8250/16550 driver, 32 ports, IRQ sharing enabled
[    0.535856] Linux agpgart interface v0.103
[    0.631092] loop: module loaded
[    0.631286] ata_piix 0000:00:01.1: version 2.13
[    0.631802] scsi host0: ata_piix
[    0.631922] scsi host1: ata_piix
[    0.631958] ata1: PATA max UDMA/33 cmd 0x1f0 ctl 0x3f6 bmdma 0xd000 irq 14
[    0.631960] ata2: PATA max UDMA/33 cmd 0x170 ctl 0x376 bmdma 0xd008 irq 15
[    0.632061] tun: Universal TUN/TAP device driver, 1.6
[    0.632437] PPP generic driver version 2.4.2
[    0.632494] VFIO - User Level meta-driver version: 0.3
[    0.632776] ehci_hcd: USB 2.0 'Enhanced' Host Controller (EHCI) Driver
[    0.632782] ehci-pci: EHCI PCI platform driver
[    0.632801] ehci-platform: EHCI generic platform driver
[    0.632809] ohci_hcd: USB 1.1 'Open' Host Controller (OHCI) Driver
[    0.632811] ohci-pci: OHCI PCI platform driver
[    0.632820] ohci-platform: OHCI generic platform driver
[    0.632826] uhci_hcd: USB Universal Host Controller Interface driver
[    0.632908] i8042: PNP: PS/2 Controller [PNP0303:PS2K,PNP0f03:PS2M] at 0x60,0x64 irq 1,12
[    0.633438] serio: i8042 KBD port at 0x60,0x64 irq 1
[    0.633443] serio: i8042 AUX port at 0x60,0x64 irq 12
[    0.633560] mousedev: PS/2 mouse device common for all mice
[    0.633886] input: AT Translated Set 2 keyboard as /devices/platform/i8042/serio0/input/input2
[    0.634369] rtc_cmos rtc_cmos: registered as rtc0
[    0.634387] rtc_cmos rtc_cmos: alarms up to one day, 114 bytes nvram
[    0.634394] i2c /dev entries driver
[    0.634449] device-mapper: uevent: version 1.0.3
[    0.634506] device-mapper: ioctl: 4.41.0-ioctl (2019-09-16) initialised: dm-devel@redhat.com
[    0.634528] platform eisa.0: Probing EISA bus 0
[    0.634530] platform eisa.0: EISA: Cannot allocate resource for mainboard
[    0.634532] platform eisa.0: Cannot allocate resource for EISA slot 1
[    0.634534] platform eisa.0: Cannot allocate resource for EISA slot 2
[    0.634535] platform eisa.0: Cannot allocate resource for EISA slot 3
[    0.634536] platform eisa.0: Cannot allocate resource for EISA slot 4
[    0.634538] platform eisa.0: Cannot allocate resource for EISA slot 5
[    0.634539] platform eisa.0: Cannot allocate resource for EISA slot 6
[    0.634541] platform eisa.0: Cannot allocate resource for EISA slot 7
[    0.634542] platform eisa.0: Cannot allocate resource for EISA slot 8
[    0.634543] platform eisa.0: EISA: Detected 0 cards
[    0.634547] intel_pstate: CPU model not supported
[    0.634559] ledtrig-cpu: registered to indicate activity on CPUs
[    0.634627] drop_monitor: Initializing network drop monitor service
[    0.634843] NET: Registered protocol family 10
[    0.639423] Segment Routing with IPv6
[    0.639423] fullmesh registered
[    0.639423] ndiffports registered
[    0.639423] binder registered
[    0.639423] roundrobin registered
[    0.639423] redundant registered
[    0.639423] blest registered
[    0.639423] ecf registered
[    0.639423] NET: Registered protocol family 17
[    0.639423] Key type dns_resolver registered
[    0.639423] RAS: Correctable Errors collector initialized.
[    0.639423] IPI shorthand broadcast: enabled
[    0.639423] sched_clock: Marking stable (624381619, 11041873)->(635454754, -31262)
[    0.642078] registered taskstats version 1
[    0.642090] Loading compiled-in X.509 certificates
[    0.643028] Loaded X.509 cert 'Build time autogenerated kernel key: 6909f3744cebb3d0de528d5887b96a727de79b1e'
[    0.643051] zswap: loaded using pool lzo/zbud
[    0.643116] Key type ._fscrypt registered
[    0.643117] Key type .fscrypt registered
[    0.649130] Key type big_key registered
[    0.652139] Key type encrypted registered
[    0.652142] AppArmor: AppArmor sha1 policy hashing enabled
[    0.652152] ima: No TPM chip found, activating TPM-bypass!
[    0.652156] ima: Allocated hash algorithm: sha1
[    0.652162] ima: No architecture policies found
[    0.652173] evm: Initialising EVM extended attributes:
[    0.652174] evm: security.selinux
[    0.652175] evm: security.SMACK64
[    0.652175] evm: security.SMACK64EXEC
[    0.652176] evm: security.SMACK64TRANSMUTE
[    0.652176] evm: security.SMACK64MMAP
[    0.652177] evm: security.apparmor
[    0.652178] evm: security.ima
[    0.652178] evm: security.capability
[    0.652179] evm: HMAC attrs: 0x1
[    0.652540] PM:   Magic number: 10:733:744
[    0.652641] rtc_cmos rtc_cmos: setting system clock to 2026-01-17T17:42:37 UTC (1768671757)
[    0.803046] ata1.00: ATA-6: VBOX HARDDISK, 1.0, max UDMA/133
[    0.803049] ata1.00: 209715200 sectors, multi 128: LBA 
[    0.803544] scsi 0:0:0:0: Direct-Access     ATA      VBOX HARDDISK    1.0  PQ: 0 ANSI: 5
[    0.803758] sd 0:0:0:0: [sda] 209715200 512-byte logical blocks: (107 GB/100 GiB)
[    0.803768] sd 0:0:0:0: [sda] Write Protect is off
[    0.803770] sd 0:0:0:0: [sda] Mode Sense: 00 3a 00 00
[    0.803785] sd 0:0:0:0: [sda] Write cache: enabled, read cache: enabled, doesn't support DPO or FUA
[    0.804019] sd 0:0:0:0: Attached scsi generic sg0 type 0
[    0.804704]  sda: sda1 sda2
[    0.815180] sd 0:0:0:0: [sda] Attached SCSI disk
[    0.817617] Freeing unused decrypted memory: 2040K
[    0.818386] Freeing unused kernel image memory: 2728K
[    0.818388] Write protecting the kernel read-only data: 22528k
[    0.819180] Freeing unused kernel image memory: 2036K
[    0.819618] Freeing unused kernel image memory: 1432K
[    0.838454] x86/mm: Checked W+X mappings: passed, no W+X pages found.
[    0.838457] Run /init as init process
[    0.962092] ACPI: Video Device [GFX0] (multi-head: yes  rom: no  post: no)
[    0.962186] input: Video Bus as /devices/LNXSYSTM:00/LNXSYBUS:00/PNP0A03:00/LNXVIDEO:00/input/input4
[    0.981779] piix4_smbus 0000:00:07.0: SMBus Host Controller at 0x4100, revision 0
[    0.985513] e1000: Intel(R) PRO/1000 Network Driver - version 7.3.21-k8-NAPI
[    0.985514] e1000: Copyright (c) 1999-2006 Intel Corporation.
[    0.987561] pcnet32: pcnet32.c:v1.35 21.Apr.2008 tsbogend@alpha.franken.de
[    1.006997] pcnet32: PCnet/FAST III 79C973 at 0xd020, 08:00:27:35:01:d4 assigned IRQ 19
[    1.007054] pcnet32: Found PHY 0022:561b at address 0
[    1.007437] pcnet32: eth0: registered as PCnet/FAST III 79C973
[    1.017277] pcnet32: 1 cards_found
[    1.073826] pcnet32 0000:00:03.0 enp0s3: renamed from eth0
[    1.207568] input: ImExPS/2 Generic Explorer Mouse as /devices/platform/i8042/serio1/input/input5
[    1.411640] e1000 0000:00:08.0 eth0: (PCI:33MHz:32-bit) 08:00:27:a0:2b:08
[    1.411645] e1000 0000:00:08.0 eth0: Intel(R) PRO/1000 Network Connection
[    1.784884] e1000 0000:00:09.0 eth1: (PCI:33MHz:32-bit) 08:00:27:4c:58:3d
[    1.784887] e1000 0000:00:09.0 eth1: Intel(R) PRO/1000 Network Connection
[    1.786353] e1000 0000:00:09.0 enp0s9: renamed from eth1
[    1.788785] e1000 0000:00:08.0 enp0s8: renamed from eth0
[    1.945247] EXT4-fs (sda2): mounted filesystem with ordered data mode. Opts: (null)
[    2.028175] systemd[1]: Inserted module 'autofs4'
[    2.036769] systemd[1]: systemd 245.4-4ubuntu3 running in system mode. (+PAM +AUDIT +SELINUX +IMA +APPARMOR +SMACK +SYSVINIT +UTMP +LIBCRYPTSETUP +GCRYPT +GNUTLS +ACL +XZ +LZ4 +SECCOMP +BLKID +ELFUTILS +KMOD +IDN2 -IDN +PCRE2 default-hierarchy=hybrid)
[    2.036798] systemd[1]: Detected virtualization oracle.
[    2.036801] systemd[1]: Detected architecture x86-64.
[    2.038058] systemd[1]: Set hostname to <ztg>.
[    2.161290] systemd[1]: /lib/systemd/system/dbus.socket:5: ListenStream= references a path below legacy directory /var/run/, updating /var/run/dbus/system_bus_socket â†’ /run/dbus/system_bus_socket; please update the unit file accordingly.
[    2.218307] systemd[1]: Created slice system-modprobe.slice.
[    2.218492] systemd[1]: Created slice User and Session Slice.
[    2.218536] systemd[1]: Started Forward Password Requests to Wall Directory Watch.
[    2.218693] systemd[1]: Set up automount Arbitrary Executable File Formats File System Automount Point.
[    2.218727] systemd[1]: Reached target User and Group Name Lookups.
[    2.218737] systemd[1]: Reached target Remote File Systems.
[    2.218745] systemd[1]: Reached target Slices.
[    2.219255] systemd[1]: Listening on Syslog Socket.
[    2.219322] systemd[1]: Listening on fsck to fsckd communication Socket.
[    2.219359] systemd[1]: Listening on initctl Compatibility Named Pipe.
[    2.219489] systemd[1]: Listening on Journal Audit Socket.
[    2.219540] systemd[1]: Listening on Journal Socket (/dev/log).
[    2.219608] systemd[1]: Listening on Journal Socket.
[    2.219670] systemd[1]: Listening on udev Control Socket.
[    2.219709] systemd[1]: Listening on udev Kernel Socket.
[    2.220435] systemd[1]: Mounting Huge Pages File System...
[    2.221311] systemd[1]: Mounting POSIX Message Queue File System...
[    2.222248] systemd[1]: Mounting Kernel Debug File System...
[    2.223095] systemd[1]: Mounting Kernel Trace File System...
[    2.225010] systemd[1]: Starting Journal Service...
[    2.247956] systemd[1]: Starting Set the console keyboard layout...
[    2.262174] systemd[1]: Starting Create list of static device nodes for the current kernel...
[    2.264410] systemd[1]: Starting Load Kernel Module drm...
[    2.267023] systemd[1]: Condition check resulted in Set Up Additional Binary Formats being skipped.
[    2.267083] systemd[1]: Condition check resulted in File System Check on Root Device being skipped.
[    2.275552] systemd[1]: Starting Load Kernel Modules...
[    2.289965] systemd[1]: Starting Remount Root and Kernel File Systems...
[    2.311279] systemd[1]: Starting udev Coldplug all Devices...
[    2.318072] systemd[1]: Starting Uncomplicated firewall...
[    2.320162] EXT4-fs (sda2): re-mounted. Opts: errors=remount-ro
[    2.332396] systemd[1]: Mounted Huge Pages File System.
[    2.332485] systemd[1]: Mounted POSIX Message Queue File System.
[    2.332558] systemd[1]: Mounted Kernel Debug File System.
[    2.332627] systemd[1]: Mounted Kernel Trace File System.
[    2.335543] systemd[1]: Finished Create list of static device nodes for the current kernel.
[    2.335796] systemd[1]: modprobe@drm.service: Succeeded.
[    2.341733] systemd[1]: Finished Load Kernel Module drm.
[    2.342486] systemd[1]: Finished Remount Root and Kernel File Systems.
[    2.359576] systemd[1]: Finished Uncomplicated firewall.
[    2.374661] systemd[1]: Condition check resulted in Rebuild Hardware Database being skipped.
[    2.374698] systemd[1]: Condition check resulted in Platform Persistent Storage Archival being skipped.
[    2.376440] lp: driver loaded but no devices found
[    2.377807] systemd[1]: Starting Load/Save Random Seed...
[    2.384436] systemd[1]: Starting Create System Users...
[    2.393058] systemd[1]: Finished Load/Save Random Seed.
[    2.394319] ppdev: user-space parallel port driver
[    2.401501] systemd[1]: Finished Create System Users.
[    2.402927] systemd[1]: Starting Create Static Device Nodes in /dev...
[    2.437786] systemd[1]: Finished Create Static Device Nodes in /dev.
[    2.438585] systemd[1]: Starting udev Kernel Device Manager...
[    2.469644] systemd[1]: Finished udev Coldplug all Devices.
[    2.472509] [drm] DMA map mode: Caching DMA mappings.
[    2.472570] [drm] Capabilities:
[    2.472570] [drm]   Rect copy.
[    2.472570] [drm]   Cursor.
[    2.472571] [drm]   Cursor bypass.
[    2.472571] [drm]   Cursor bypass 2.
[    2.472571] [drm]   Alpha cursor.
[    2.472572] [drm]   Extended Fifo.
[    2.472572] [drm]   Pitchlock.
[    2.472572] [drm]   Irq mask.
[    2.472573] [drm]   GMR.
[    2.472573] [drm]   Traces.
[    2.472573] [drm]   GMR2.
[    2.472574] [drm]   Screen Object 2.
[    2.472574] [drm]   Command Buffers.
[    2.472574] [drm]   Command Buffers 2.
[    2.472575] [drm]   Guest Backed Resources.
[    2.472576] [drm] Max GMR ids is 8192
[    2.472576] [drm] Max number of GMR pages is 1048576
[    2.472577] [drm] Max dedicated hypervisor surface memory is 393216 kiB
[    2.472577] [drm] Maximum display memory size is 131072 kiB
[    2.472578] [drm] VRAM at 0xe0000000 size is 131072 kiB
[    2.472579] [drm] MMIO at 0xf0000000 size is 2048 kiB
[    2.473518] [TTM] Zone  kernel: Available graphics memory: 1011738 KiB
[    2.473519] [TTM] Initializing pool allocator
[    2.473522] [TTM] Initializing DMA pool allocator
[    2.473575] [drm] Supports vblank timestamp caching Rev 2 (21.10.2013).
[    2.473576] [drm] No driver support for vblank timestamp query.
[    2.473797] [drm] Screen Target Display device initialized
[    2.473998] [drm] width 720
[    2.474006] [drm] height 400
[    2.474010] [drm] bpp 32
[    2.474559] [drm] Fifo max 0x00200000 min 0x00001000 cap 0x00000355
[    2.477410] [drm] Using command buffers with DMA pool.
[    2.477414] [drm] DX: no.
[    2.477414] [drm] Atomic: yes.
[    2.477415] [drm] SM4_1: no.
[    2.477433] [drm:vmw_host_log [vmwgfx]] *ERROR* Failed to send host log message.
[    2.478333] [drm:vmw_host_log [vmwgfx]] *ERROR* Failed to send host log message.
[    2.504777] fbcon: svgadrmfb (fb0) is primary device
[    2.506907] Console: switching to colour frame buffer device 100x37
[    2.512268] [drm] Initialized vmwgfx 2.15.0 20180704 for 0000:00:02.0 on minor 0
[    2.513228] systemd[1]: Finished Load Kernel Modules.
[    2.514181] systemd[1]: Mounting FUSE Control File System...
[    2.515384] systemd[1]: Mounting Kernel Configuration File System...
[    2.528534] systemd[1]: Starting Apply Kernel Variables...
[    2.538021] systemd[1]: Mounted FUSE Control File System.
[    2.538083] systemd[1]: Condition check resulted in VMware vmblock fuse mount being skipped.
[    2.541701] systemd[1]: Mounted Kernel Configuration File System.
[    2.565086] systemd[1]: Finished Set the console keyboard layout.
[    2.565175] systemd[1]: Reached target Local File Systems (Pre).
[    2.567026] systemd[1]: Mounting Mount unit for bare, revision 5...
[    2.568964] systemd[1]: Mounting Mount unit for core18, revision 1705...
[    2.577778] systemd[1]: Mounting Mount unit for gnome-3-34-1804, revision 24...
[    2.588989] systemd[1]: Mounting Mount unit for gtk-common-themes, revision 1506...
[    2.593724] systemd[1]: Mounting Mount unit for gtk-common-themes, revision 1535...
[    2.602708] systemd[1]: Mounting Mount unit for snap-store, revision 433...
[    2.606410] systemd[1]: Mounting Mount unit for snapd, revision 25935...
[    2.634430] systemd[1]: Finished Apply Kernel Variables.
[    2.636258] systemd[1]: Mounted Mount unit for bare, revision 5.
[    2.642048] systemd[1]: Mounted Mount unit for gnome-3-34-1804, revision 24.
[    2.676971] systemd[1]: Mounted Mount unit for core18, revision 1705.
[    2.677059] systemd[1]: Mounted Mount unit for gtk-common-themes, revision 1506.
[    2.678756] systemd[1]: Started udev Kernel Device Manager.
[    2.679443] systemd[1]: Starting Show Plymouth Boot Screen...
[    2.701080] systemd[1]: Received SIGRTMIN+20 from PID 288 (plymouthd).
[    2.736199] systemd[1]: Started Show Plymouth Boot Screen.
[    2.736349] systemd[1]: Condition check resulted in Dispatch Password Requests to Console Directory Watch being skipped.
[    2.736438] systemd[1]: Started Forward Password Requests to Plymouth Directory Watch.
[    2.736468] systemd[1]: Reached target Local Encrypted Volumes.
[    2.786706] systemd[1]: Mounted Mount unit for gtk-common-themes, revision 1535.
[    2.786947] systemd[1]: Mounted Mount unit for snap-store, revision 433.
[    2.787124] systemd[1]: Mounted Mount unit for snapd, revision 25935.
[    2.787270] systemd[1]: Reached target Local File Systems.
[    2.789597] systemd[1]: Starting Load AppArmor profiles...
[    2.790457] systemd[1]: Starting Set console font and keymap...
[    2.803856] systemd[1]: Starting Tell Plymouth To Write Out Runtime Data...
[    2.805719] systemd[1]: Condition check resulted in Store a System Token in an EFI Variable being skipped.
[    2.805770] systemd[1]: Condition check resulted in Commit a transient machine-id on disk being skipped.
[    2.809571] systemd[1]: Finished Set console font and keymap.
[    2.818185] systemd[1]: Received SIGRTMIN+20 from PID 288 (plymouthd).
[    2.819201] systemd[1]: plymouth-read-write.service: Succeeded.
[    2.819443] systemd[1]: Finished Tell Plymouth To Write Out Runtime Data.
[    2.850668] audit: type=1400 audit(1768671759.692:2): apparmor="STATUS" operation="profile_load" profile="unconfined" name="nvidia_modprobe" pid=301 comm="apparmor_parser"
[    2.850670] audit: type=1400 audit(1768671759.692:3): apparmor="STATUS" operation="profile_load" profile="unconfined" name="nvidia_modprobe//kmod" pid=301 comm="apparmor_parser"
[    2.857404] audit: type=1400 audit(1768671759.700:4): apparmor="STATUS" operation="profile_load" profile="unconfined" name="/usr/sbin/tcpdump" pid=302 comm="apparmor_parser"
[    2.902332] audit: type=1400 audit(1768671759.740:5): apparmor="STATUS" operation="profile_load" profile="unconfined" name="/usr/bin/evince" pid=304 comm="apparmor_parser"
[    2.902333] audit: type=1400 audit(1768671759.740:6): apparmor="STATUS" operation="profile_load" profile="unconfined" name="/usr/bin/evince//sanitized_helper" pid=304 comm="apparmor_parser"
[    2.902335] audit: type=1400 audit(1768671759.740:7): apparmor="STATUS" operation="profile_load" profile="unconfined" name="/usr/bin/evince-previewer" pid=304 comm="apparmor_parser"
[    2.902337] audit: type=1400 audit(1768671759.740:8): apparmor="STATUS" operation="profile_load" profile="unconfined" name="/usr/bin/evince-previewer//sanitized_helper" pid=304 comm="apparmor_parser"
[    2.902339] audit: type=1400 audit(1768671759.740:9): apparmor="STATUS" operation="profile_load" profile="unconfined" name="/usr/bin/evince-thumbnailer" pid=304 comm="apparmor_parser"
[    2.917443] audit: type=1400 audit(1768671759.760:10): apparmor="STATUS" operation="profile_load" profile="unconfined" name="/usr/lib/cups/backend/cups-pdf" pid=305 comm="apparmor_parser"
[    2.987947] systemd[1]: Finished Load AppArmor profiles.
[    2.988880] systemd[1]: Starting Load AppArmor profiles managed internally by snapd...
[    3.107791] systemd[1]: Finished Load AppArmor profiles managed internally by snapd.
[    3.221581] systemd[1]: Started Journal Service.
[    3.231224] systemd-journald[229]: Received client request to flush runtime journal.
[    3.233701] systemd-journald[229]: File /var/log/journal/c455b248004a419c87ce85eea238d727/system.journal corrupted or uncleanly shut down, renaming and replacing.
[    4.539261] RAPL PMU: API unit is 2^-32 Joules, 0 fixed counters, 10737418240 ms ovfl timer
[    4.582922] cryptd: max_cpu_qlen set to 1000
[    4.643450] AVX2 version of gcm_enc/dec engaged.
[    4.643451] AES CTR mode by8 optimization enabled
[    6.429722] Adding 1998844k swap on /dev/sda1.  Priority:-2 extents:1 across:1998844k FS
[    8.192580] kauditd_printk_skb: 30 callbacks suppressed
[    8.192581] audit: type=1400 audit(1768671765.036:41): apparmor="DENIED" operation="capable" profile="/usr/sbin/cups-browsed" pid=510 comm="cups-browsed" capability=23  capname="sys_nice"
[    8.962811] pcnet32 0000:00:03.0 enp0s3: link up, 100Mbps, full-duplex
[    9.002614] e1000: enp0s8 NIC Link is Up 1000 Mbps Full Duplex, Flow Control: RX
[    9.002940] IPv6: ADDRCONF(NETDEV_CHANGE): enp0s8: link becomes ready
[    9.028926] e1000: enp0s9 NIC Link is Up 1000 Mbps Full Duplex, Flow Control: RX
[    9.029212] IPv6: ADDRCONF(NETDEV_CHANGE): enp0s9: link becomes ready
[    9.685524] device enp0s3 entered promiscuous mode
[    9.709474] audit: type=1400 audit(1768671766.548:42): apparmor="DENIED" operation="open" profile="/usr/sbin/tcpdump" name="/proc/sys/kernel/random/boot_id" pid=669 comm="tcpdump" requested_mask="r" denied_mask="r" fsuid=0 ouid=0
[    9.709677] audit: type=1400 audit(1768671766.548:43): apparmor="DENIED" operation="open" profile="/usr/sbin/tcpdump" name="/proc/sys/kernel/random/boot_id" pid=669 comm="tcpdump" requested_mask="r" denied_mask="r" fsuid=0 ouid=0
[    9.709728] audit: type=1400 audit(1768671766.548:44): apparmor="DENIED" operation="open" profile="/usr/sbin/tcpdump" name="/proc/sys/kernel/random/boot_id" pid=669 comm="tcpdump" requested_mask="r" denied_mask="r" fsuid=0 ouid=0
[    9.711185] audit: type=1400 audit(1768671766.548:45): apparmor="DENIED" operation="open" profile="/usr/sbin/tcpdump" name="/proc/sys/kernel/random/boot_id" pid=669 comm="tcpdump" requested_mask="r" denied_mask="r" fsuid=0 ouid=0
[    9.716498] audit: type=1400 audit(1768671766.556:46): apparmor="DENIED" operation="open" profile="/usr/sbin/tcpdump" name="/proc/sys/kernel/random/boot_id" pid=670 comm="tcpdump" requested_mask="r" denied_mask="r" fsuid=0 ouid=0
[    9.716609] audit: type=1400 audit(1768671766.556:47): apparmor="DENIED" operation="open" profile="/usr/sbin/tcpdump" name="/proc/sys/kernel/random/boot_id" pid=670 comm="tcpdump" requested_mask="r" denied_mask="r" fsuid=0 ouid=0
[    9.716724] audit: type=1400 audit(1768671766.556:48): apparmor="DENIED" operation="open" profile="/usr/sbin/tcpdump" name="/proc/sys/kernel/random/boot_id" pid=670 comm="tcpdump" requested_mask="r" denied_mask="r" fsuid=0 ouid=0
[    9.716778] audit: type=1400 audit(1768671766.556:49): apparmor="DENIED" operation="open" profile="/usr/sbin/tcpdump" name="/proc/sys/kernel/random/boot_id" pid=670 comm="tcpdump" requested_mask="r" denied_mask="r" fsuid=0 ouid=0
[   15.414759] rfkill: input handler disabled
[  206.584546] AAAAA-TCP_FORW: name:enp0s3: saddr:16783984: daddr:100932208
[  206.649431] AAAAA-TCP_FORW: name:enp0s3: saddr:33561200: daddr:100932208
[  206.734122] AAAAA-TCP_FORW: name:enp0s3: saddr:33561200: daddr:100932208
[  206.815731] AAAAA-TCP_FORW: name:enp0s3: saddr:33561200: daddr:100932208
[  206.927862] AAAAA-TCP_FORW: name:enp0s3: saddr:33561200: daddr:100932208
[  207.208247] AAAAA-TCP_FORW: name:enp0s3: saddr:33561200: daddr:100932208
[  207.377680] AAAAA-TCP_FORW: name:enp0s3: saddr:33561200: daddr:100932208
[  207.817675] AAAAA-TCP_FORW: name:enp0s3: saddr:33561200: daddr:100932208
[  208.122360] AAAAA-TCP_FORW: name:enp0s3: saddr:16783984: daddr:100932208
[  208.276574] AAAAA-TCP_FORW: name:enp0s3: saddr:16783984: daddr:100932208
[  208.502882] AAAAA-TCP_FORW: name:enp0s3: saddr:16783984: daddr:100932208
[  208.622937] AAAAA-TCP_FORW: name:enp0s3: saddr:16783984: daddr:100932208
[  208.793096] AAAAA-TCP_FORW: name:enp0s3: saddr:16783984: daddr:100932208
[  209.069068] AAAAA-TCP_FORW: name:enp0s3: saddr:16783984: daddr:100932208
[  209.948146] AAAAA-TCP_FORW: name:enp0s3: saddr:16783984: daddr:100932208
[  210.130745] AAAAA-TCP_FORW: name:enp0s3: saddr:16783984: daddr:100932208
[  210.277823] AAAAA-TCP_FORW: name:enp0s3: saddr:33561200: daddr:100932208
[  210.712980] AAAAA-TCP_FORW: name:enp0s3: saddr:16783984: daddr:100932208
[  210.928623] AAAAA-TCP_FORW: name:enp0s3: saddr:16783984: daddr:100932208
[  211.146925] AAAAA-TCP_FORW: name:enp0s3: saddr:33561200: daddr:100932208
[  211.436348] AAAAA-TCP_FORW: name:enp0s3: saddr:16783984: daddr:100932208
[  211.786597] AAAAA-TCP_FORW: name:enp0s3: saddr:16783984: daddr:100932208
[  212.014585] AAAAA-TCP_FORW: name:enp0s3: saddr:16783984: daddr:100932208
[  212.085463] AAAAA-TCP_FORW: name:enp0s3: saddr:33561200: daddr:100932208
[  212.244385] AAAAA-TCP_FORW: name:enp0s3: saddr:16783984: daddr:100932208
[  212.567816] AAAAA-TCP_FORW: name:enp0s3: saddr:16783984: daddr:100932208
[  212.937152] AAAAA-TCP_FORW: name:enp0s3: saddr:16783984: daddr:100932208
[  213.028484] AAAAA-TCP_FORW: name:enp0s3: saddr:33561200: daddr:100932208
[  214.048154] AAAAA-TCP_FORW: name:enp0s3: saddr:33561200: daddr:100932208
[  214.385067] AAAAA-TCP_FORW: name:enp0s3: saddr:16783984: daddr:100932208
[  214.544137] AAAAA-TCP_FORW: name:enp0s3: saddr:16783984: daddr:100932208
[  549.084671] rfkill: input handler enabled
[  558.724886] rfkill: input handler disabled
[  745.544542] device enp0s3 left promiscuous mode
