[    0.000000] Linux version 5.4.243-mptcp (root@ztg) (gcc version 12.2.0 (Debian 12.2.0-14+deb12u1)) #53 SMP Wed Dec 24 23:28:15 CST 2025
[    0.000000] Command line: BOOT_IMAGE=/boot/vmlinuz-5.4.243-mptcp root=UUID=98415a12-53b7-4144-8265-0f7ece09e445 ro quiet splash
[    0.000000] KERNEL supported cpus:
[    0.000000]   Intel GenuineIntel
[    0.000000]   AMD AuthenticAMD
[    0.000000]   Hygon HygonGenuine
[    0.000000]   Centaur CentaurHauls
[    0.000000]   zhaoxin   Shanghai  
[    0.000000] x86/fpu: Supporting XSAVE feature 0x001: 'x87 floating point registers'
[    0.000000] x86/fpu: Supporting XSAVE feature 0x002: 'SSE registers'
[    0.000000] x86/fpu: Supporting XSAVE feature 0x004: 'AVX registers'
[    0.000000] x86/fpu: xstate_offset[2]:  576, xstate_sizes[2]:  256
[    0.000000] x86/fpu: Enabled xstate features 0x7, context size is 832 bytes, using 'standard' format.
[    0.000000] BIOS-provided physical RAM map:
[    0.000000] BIOS-e820: [mem 0x0000000000000000-0x000000000009fbff] usable
[    0.000000] BIOS-e820: [mem 0x000000000009fc00-0x000000000009ffff] reserved
[    0.000000] BIOS-e820: [mem 0x00000000000f0000-0x00000000000fffff] reserved
[    0.000000] BIOS-e820: [mem 0x0000000000100000-0x000000007ffeffff] usable
[    0.000000] BIOS-e820: [mem 0x000000007fff0000-0x000000007fffffff] ACPI data
[    0.000000] BIOS-e820: [mem 0x00000000fec00000-0x00000000fec00fff] reserved
[    0.000000] BIOS-e820: [mem 0x00000000fee00000-0x00000000fee00fff] reserved
[    0.000000] BIOS-e820: [mem 0x00000000fffc0000-0x00000000ffffffff] reserved
[    0.000000] NX (Execute Disable) protection: active
[    0.000000] SMBIOS 2.5 present.
[    0.000000] DMI: innotek GmbH VirtualBox/VirtualBox, BIOS VirtualBox 12/01/2006
[    0.000000] Hypervisor detected: KVM
[    0.000000] kvm-clock: Using msrs 4b564d01 and 4b564d00
[    0.000000] kvm-clock: cpu 0, msr 61e01001, primary cpu clock
[    0.000000] kvm-clock: using sched offset of 4461657118 cycles
[    0.000003] clocksource: kvm-clock: mask: 0xffffffffffffffff max_cycles: 0x1cd42e4dffb, max_idle_ns: 881590591483 ns
[    0.000006] tsc: Detected 2100.000 MHz processor
[    0.001881] e820: update [mem 0x00000000-0x00000fff] usable ==> reserved
[    0.001883] e820: remove [mem 0x000a0000-0x000fffff] usable
[    0.001887] last_pfn = 0x7fff0 max_arch_pfn = 0x400000000
[    0.001955] MTRR default type: uncachable
[    0.001956] MTRR fixed ranges enabled:
[    0.001957]   00000-9FFFF write-back
[    0.001958]   A0000-BFFFF uncachable
[    0.001959]   C0000-FFFFF write-protect
[    0.001959] MTRR variable ranges enabled:
[    0.001961]   0 base 000000000000 mask 3FFF80000000 write-back
[    0.001961]   1 disabled
[    0.001962]   2 disabled
[    0.001962]   3 disabled
[    0.001963]   4 disabled
[    0.001963]   5 disabled
[    0.001964]   6 disabled
[    0.001964]   7 disabled
[    0.001964]   8 disabled
[    0.001965]   9 disabled
[    0.001965]   10 disabled
[    0.001966]   11 disabled
[    0.001966]   12 disabled
[    0.001967]   13 disabled
[    0.001967]   14 disabled
[    0.001967]   15 disabled
[    0.001984] x86/PAT: Configuration [0-7]: WB  WC  UC- UC  WB  WP  UC- WT  
[    0.002117] found SMP MP-table at [mem 0x0009fff0-0x0009ffff]
[    0.091905] check: Scanning 1 areas for low memory corruption
[    0.092158] RAMDISK: [mem 0x32271000-0x3512ffff]
[    0.092166] ACPI: Early table checksum verification disabled
[    0.092172] ACPI: RSDP 0x00000000000E0000 000024 (v02 VBOX  )
[    0.092176] ACPI: XSDT 0x000000007FFF0030 00003C (v01 VBOX   VBOXXSDT 00000001 ASL  00000061)
[    0.092183] ACPI: FACP 0x000000007FFF00F0 0000F4 (v04 VBOX   VBOXFACP 00000001 ASL  00000061)
[    0.092189] ACPI: DSDT 0x000000007FFF02E0 002353 (v02 VBOX   VBOXBIOS 00000002 VBOX 00029BF3)
[    0.092193] ACPI: FACS 0x000000007FFF0200 000040
[    0.092197] ACPI: FACS 0x000000007FFF0200 000040
[    0.092200] ACPI: APIC 0x000000007FFF0240 000054 (v02 VBOX   VBOXAPIC 00000001 ASL  00000061)
[    0.092204] ACPI: SSDT 0x000000007FFF02A0 000038 (v01 VBOX   VBOXCPUT 00000002 VBOX 00029BF3)
[    0.092207] ACPI: Reserving FACP table memory at [mem 0x7fff00f0-0x7fff01e3]
[    0.092208] ACPI: Reserving DSDT table memory at [mem 0x7fff02e0-0x7fff2632]
[    0.092208] ACPI: Reserving FACS table memory at [mem 0x7fff0200-0x7fff023f]
[    0.092209] ACPI: Reserving FACS table memory at [mem 0x7fff0200-0x7fff023f]
[    0.092210] ACPI: Reserving APIC table memory at [mem 0x7fff0240-0x7fff0293]
[    0.092210] ACPI: Reserving SSDT table memory at [mem 0x7fff02a0-0x7fff02d7]
[    0.092225] ACPI: Local APIC address 0xfee00000
[    0.092411] No NUMA configuration found
[    0.092412] Faking a node at [mem 0x0000000000000000-0x000000007ffeffff]
[    0.092422] NODE_DATA(0) allocated [mem 0x7ffc5000-0x7ffeffff]
[    0.092690] Zone ranges:
[    0.092691]   DMA      [mem 0x0000000000001000-0x0000000000ffffff]
[    0.092692]   DMA32    [mem 0x0000000001000000-0x000000007ffeffff]
[    0.092693]   Normal   empty
[    0.092693]   Device   empty
[    0.092694] Movable zone start for each node
[    0.092696] Early memory node ranges
[    0.092697]   node   0: [mem 0x0000000000001000-0x000000000009efff]
[    0.092697]   node   0: [mem 0x0000000000100000-0x000000007ffeffff]
[    0.092701] Zeroed struct page in unavailable ranges: 114 pages
[    0.092702] Initmem setup node 0 [mem 0x0000000000001000-0x000000007ffeffff]
[    0.092703] On node 0 totalpages: 524174
[    0.092704]   DMA zone: 64 pages used for memmap
[    0.092705]   DMA zone: 21 pages reserved
[    0.092706]   DMA zone: 3998 pages, LIFO batch:0
[    0.092776]   DMA32 zone: 8128 pages used for memmap
[    0.092777]   DMA32 zone: 520176 pages, LIFO batch:63
[    0.101893] ACPI: PM-Timer IO Port: 0x4008
[    0.101898] ACPI: Local APIC address 0xfee00000
[    0.101969] IOAPIC[0]: apic_id 1, version 32, address 0xfec00000, GSI 0-23
[    0.101972] ACPI: INT_SRC_OVR (bus 0 bus_irq 0 global_irq 2 dfl dfl)
[    0.101974] ACPI: INT_SRC_OVR (bus 0 bus_irq 9 global_irq 9 low level)
[    0.101976] ACPI: IRQ0 used by override.
[    0.101977] ACPI: IRQ9 used by override.
[    0.101980] Using ACPI (MADT) for SMP configuration information
[    0.101987] smpboot: Allowing 1 CPUs, 0 hotplug CPUs
[    0.102010] PM: Registered nosave memory: [mem 0x00000000-0x00000fff]
[    0.102012] PM: Registered nosave memory: [mem 0x0009f000-0x0009ffff]
[    0.102012] PM: Registered nosave memory: [mem 0x000a0000-0x000effff]
[    0.102013] PM: Registered nosave memory: [mem 0x000f0000-0x000fffff]
[    0.102014] [mem 0x80000000-0xfebfffff] available for PCI devices
[    0.102015] Booting paravirtualized kernel on KVM
[    0.102018] clocksource: refined-jiffies: mask: 0xffffffff max_cycles: 0xffffffff, max_idle_ns: 7645519600211568 ns
[    0.102023] setup_percpu: NR_CPUS:8192 nr_cpumask_bits:1 nr_cpu_ids:1 nr_node_ids:1
[    0.103018] percpu: Embedded 60 pages/cpu s208896 r8192 d28672 u2097152
[    0.103023] pcpu-alloc: s208896 r8192 d28672 u2097152 alloc=1*2097152
[    0.103024] pcpu-alloc: [0] 0 
[    0.103051] Built 1 zonelists, mobility grouping on.  Total pages: 515961
[    0.103052] Policy zone: DMA32
[    0.103053] Kernel command line: BOOT_IMAGE=/boot/vmlinuz-5.4.243-mptcp root=UUID=98415a12-53b7-4144-8265-0f7ece09e445 ro quiet splash
[    0.103897] Dentry cache hash table entries: 262144 (order: 9, 2097152 bytes, linear)
[    0.104044] Inode-cache hash table entries: 131072 (order: 8, 1048576 bytes, linear)
[    0.104093] mem auto-init: stack:off, heap alloc:on, heap free:off
[    0.104096] Calgary: detecting Calgary via BIOS EBDA area
[    0.104097] Calgary: Unable to locate Rio Grande table in EBDA - bailing!
[    0.108147] Memory: 1967332K/2096696K available (14339K kernel code, 2398K rwdata, 4712K rodata, 2728K init, 17260K bss, 129364K reserved, 0K cma-reserved)
[    0.109073] SLUB: HWalign=64, Order=0-3, MinObjects=0, CPUs=1, Nodes=1
[    0.109089] ftrace: allocating 43186 entries in 169 pages
[    0.127193] rcu: Hierarchical RCU implementation.
[    0.127195] rcu: 	RCU restricting CPUs from NR_CPUS=8192 to nr_cpu_ids=1.
[    0.127196] 	Tasks RCU enabled.
[    0.127197] rcu: RCU calculated value of scheduler-enlistment delay is 25 jiffies.
[    0.127198] rcu: Adjusting geometry for rcu_fanout_leaf=16, nr_cpu_ids=1
[    0.130156] NR_IRQS: 524544, nr_irqs: 256, preallocated irqs: 16
[    0.130373] random: crng init done
[    0.139728] Console: colour VGA+ 80x25
[    0.139732] printk: console [tty0] enabled
[    0.139755] ACPI: Core revision 20190816
[    0.139869] APIC: Switch to symmetric I/O mode setup
[    0.140121] x2apic enabled
[    0.140360] Switched APIC routing to physical x2apic.
[    0.141497] ..TIMER: vector=0x30 apic1=0 pin1=2 apic2=-1 pin2=-1
[    0.141522] clocksource: tsc-early: mask: 0xffffffffffffffff max_cycles: 0x1e4530a99b6, max_idle_ns: 440795257976 ns
[    0.141528] Calibrating delay loop (skipped) preset value.. 4200.00 BogoMIPS (lpj=8400000)
[    0.141530] pid_max: default: 32768 minimum: 301
[    0.141559] LSM: Security Framework initializing
[    0.141568] Yama: becoming mindful.
[    0.141595] AppArmor: AppArmor initialized
[    0.141628] Mount-cache hash table entries: 4096 (order: 3, 32768 bytes, linear)
[    0.141632] Mountpoint-cache hash table entries: 4096 (order: 3, 32768 bytes, linear)
[    0.141643] *** VALIDATE tmpfs ***
[    0.141773] *** VALIDATE proc ***
[    0.141814] *** VALIDATE cgroup1 ***
[    0.141816] *** VALIDATE cgroup2 ***
[    0.141958] process: using mwait in idle threads
[    0.141963] Last level iTLB entries: 4KB 64, 2MB 8, 4MB 8
[    0.141963] Last level dTLB entries: 4KB 64, 2MB 0, 4MB 0, 1GB 4
[    0.141983] Spectre V1 : Mitigation: usercopy/swapgs barriers and __user pointer sanitization
[    0.141988] Spectre V2 : Mitigation: Retpolines
[    0.141989] Spectre V2 : Spectre v2 / SpectreRSB mitigation: Filling RSB on context switch
[    0.141989] Spectre V2 : Spectre v2 / SpectreRSB : Filling RSB on VMEXIT
[    0.141990] RETBleed: WARNING: Spectre v2 mitigation leaves CPU vulnerable to RETBleed attacks, data leaks possible!
[    0.142340] RETBleed: Vulnerable
[    0.142341] Speculative Store Bypass: Vulnerable
[    0.142346] TAA: Mitigation: TSX disabled
[    0.142346] MMIO Stale Data: Mitigation: Clear CPU buffers
[    0.147688] Freeing SMP alternatives memory: 40K
[    0.259036] smpboot: CPU0: Intel(R) Xeon(R) Silver 4216 CPU @ 2.10GHz (family: 0x6, model: 0x55, stepping: 0x7)
[    0.259181] Performance Events: unsupported p6 CPU model 85 no PMU driver, software events only.
[    0.259216] rcu: Hierarchical SRCU implementation.
[    0.259691] NMI watchdog: Perf NMI watchdog permanently disabled
[    0.259731] smp: Bringing up secondary CPUs ...
[    0.259732] smp: Brought up 1 node, 1 CPU
[    0.259733] smpboot: Max logical packages: 1
[    0.259734] smpboot: Total of 1 processors activated (4200.00 BogoMIPS)
[    0.260681] devtmpfs: initialized
[    0.260727] x86/mm: Memory block size: 128MB
[    0.261079] clocksource: jiffies: mask: 0xffffffff max_cycles: 0xffffffff, max_idle_ns: 7645041785100000 ns
[    0.261085] futex hash table entries: 256 (order: 2, 16384 bytes, linear)
[    0.261131] pinctrl core: initialized pinctrl subsystem
[    0.261232] PM: RTC time: 10:55:27, date: 2026-01-18
[    0.261338] NET: Registered protocol family 16
[    0.261413] audit: initializing netlink subsys (disabled)
[    0.261524] EISA bus registered
[    0.261524] cpuidle: using governor ladder
[    0.261524] cpuidle: using governor menu
[    0.261524] ACPI: bus type PCI registered
[    0.261524] acpiphp: ACPI Hot Plug PCI Controller Driver version: 0.5
[    0.261524] PCI: Using configuration type 1 for base access
[    0.261840] audit: type=2000 audit(1768704934.196:1): state=initialized audit_enabled=0 res=1
[    0.261920] HugeTLB registered 2.00 MiB page size, pre-allocated 0 pages
[    0.262729] ACPI: Added _OSI(Module Device)
[    0.262730] ACPI: Added _OSI(Processor Device)
[    0.262730] ACPI: Added _OSI(3.0 _SCP Extensions)
[    0.262731] ACPI: Added _OSI(Processor Aggregator Device)
[    0.262732] ACPI: Added _OSI(Linux-Dell-Video)
[    0.262733] ACPI: Added _OSI(Linux-Lenovo-NV-HDMI-Audio)
[    0.262734] ACPI: Added _OSI(Linux-HPI-Hybrid-Graphics)
[    0.264690] ACPI: 2 ACPI AML tables successfully acquired and loaded
[    0.266214] ACPI: Interpreter enabled
[    0.266224] ACPI: (supports S0 S5)
[    0.266225] ACPI: Using IOAPIC for interrupt routing
[    0.266430] PCI: Using host bridge windows from ACPI; if necessary, use "pci=nocrs" and report a bug
[    0.266535] ACPI: Enabled 2 GPEs in block 00 to 07
[    0.271365] ACPI: PCI Root Bridge [PCI0] (domain 0000 [bus 00-ff])
[    0.271370] acpi PNP0A03:00: _OSC: OS supports [ASPM ClockPM Segments MSI HPX-Type3]
[    0.271815] acpi PNP0A03:00: _OSC: not requesting OS control; OS requires [ExtendedConfig ASPM ClockPM MSI]
[    0.271823] acpi PNP0A03:00: fail to add MMCONFIG information, can't access extended PCI configuration space under this bridge.
[    0.272192] PCI host bridge to bus 0000:00
[    0.272194] pci_bus 0000:00: root bus resource [io  0x0000-0x0cf7 window]
[    0.272195] pci_bus 0000:00: root bus resource [io  0x0d00-0xffff window]
[    0.272197] pci_bus 0000:00: root bus resource [mem 0x000a0000-0x000bffff window]
[    0.272198] pci_bus 0000:00: root bus resource [mem 0x80000000-0xfdffffff window]
[    0.272199] pci_bus 0000:00: root bus resource [bus 00-ff]
[    0.272243] pci 0000:00:00.0: [8086:1237] type 00 class 0x060000
[    0.273184] pci 0000:00:01.0: [8086:7000] type 00 class 0x060100
[    0.274015] pci 0000:00:01.1: [8086:7111] type 00 class 0x01018a
[    0.274405] pci 0000:00:01.1: reg 0x20: [io  0xd000-0xd00f]
[    0.274564] pci 0000:00:01.1: legacy IDE quirk: reg 0x10: [io  0x01f0-0x01f7]
[    0.274565] pci 0000:00:01.1: legacy IDE quirk: reg 0x14: [io  0x03f6]
[    0.274566] pci 0000:00:01.1: legacy IDE quirk: reg 0x18: [io  0x0170-0x0177]
[    0.274567] pci 0000:00:01.1: legacy IDE quirk: reg 0x1c: [io  0x0376]
[    0.275159] pci 0000:00:02.0: [15ad:0405] type 00 class 0x030000
[    0.277602] pci 0000:00:02.0: reg 0x10: [io  0xd010-0xd01f]
[    0.281572] pci 0000:00:02.0: reg 0x14: [mem 0xe0000000-0xe7ffffff pref]
[    0.284287] pci 0000:00:02.0: reg 0x18: [mem 0xf0000000-0xf01fffff]
[    0.294334] pci 0000:00:03.0: [1022:2000] type 00 class 0x020000
[    0.295041] pci 0000:00:03.0: reg 0x10: [io  0xd020-0xd03f]
[    0.295656] pci 0000:00:03.0: reg 0x14: [mem 0xf0200000-0xf0200fff]
[    0.300070] pci 0000:00:04.0: [80ee:cafe] type 00 class 0x088000
[    0.300740] pci 0000:00:04.0: reg 0x10: [io  0xd040-0xd05f]
[    0.301355] pci 0000:00:04.0: reg 0x14: [mem 0xf0400000-0xf07fffff]
[    0.302126] pci 0000:00:04.0: reg 0x18: [mem 0xf0800000-0xf0803fff pref]
[    0.305564] pci 0000:00:07.0: [8086:7113] type 00 class 0x068000
[    0.306116] pci 0000:00:07.0: quirk: [io  0x4000-0x403f] claimed by PIIX4 ACPI
[    0.306126] pci 0000:00:07.0: quirk: [io  0x4100-0x410f] claimed by PIIX4 SMB
[    0.306738] pci 0000:00:08.0: [8086:100e] type 00 class 0x020000
[    0.307443] pci 0000:00:08.0: reg 0x10: [mem 0xf0820000-0xf083ffff]
[    0.308603] pci 0000:00:08.0: reg 0x18: [io  0xd060-0xd067]
[    0.311739] pci 0000:00:09.0: [8086:100e] type 00 class 0x020000
[    0.312453] pci 0000:00:09.0: reg 0x10: [mem 0xf0840000-0xf085ffff]
[    0.314165] pci 0000:00:09.0: reg 0x18: [io  0xd068-0xd06f]
[    0.322656] ACPI: PCI Interrupt Link [LNKA] (IRQs 5 9 10 *11)
[    0.322945] ACPI: PCI Interrupt Link [LNKB] (IRQs 5 9 *10 11)
[    0.325542] ACPI: PCI Interrupt Link [LNKC] (IRQs 5 *9 10 11)
[    0.325644] ACPI: PCI Interrupt Link [LNKD] (IRQs 5 9 10 *11)
[    0.325908] iommu: Default domain type: Translated 
[    0.325972] pci 0000:00:02.0: vgaarb: setting as boot VGA device
[    0.325974] pci 0000:00:02.0: vgaarb: VGA device added: decodes=io+mem,owns=io+mem,locks=none
[    0.325976] pci 0000:00:02.0: vgaarb: bridge control possible
[    0.325977] vgaarb: loaded
[    0.326192] SCSI subsystem initialized
[    0.326225] libata version 3.00 loaded.
[    0.326247] ACPI: bus type USB registered
[    0.326263] usbcore: registered new interface driver usbfs
[    0.326269] usbcore: registered new interface driver hub
[    0.326274] usbcore: registered new device driver usb
[    0.326303] pps_core: LinuxPPS API ver. 1 registered
[    0.326303] pps_core: Software ver. 5.3.6 - Copyright 2005-2007 Rodolfo Giometti <giometti@linux.it>
[    0.326305] PTP clock support registered
[    0.326340] EDAC MC: Ver: 3.0.0
[    0.326630] PCI: Using ACPI for IRQ routing
[    0.326632] PCI: pci_cache_line_size set to 64 bytes
[    0.326807] e820: reserve RAM buffer [mem 0x0009fc00-0x0009ffff]
[    0.326811] e820: reserve RAM buffer [mem 0x7fff0000-0x7fffffff]
[    0.327586] NetLabel: Initializing
[    0.327586] NetLabel:  domain hash size = 128
[    0.327587] NetLabel:  protocols = UNLABELED CIPSOv4 CALIPSO
[    0.327607] NetLabel:  unlabeled traffic allowed by default
[    0.328513] clocksource: Switched to clocksource kvm-clock
[    0.340068] *** VALIDATE bpf ***
[    0.340131] VFS: Disk quotas dquot_6.6.0
[    0.340144] VFS: Dquot-cache hash table entries: 512 (order 0, 4096 bytes)
[    0.340167] *** VALIDATE ramfs ***
[    0.340170] *** VALIDATE hugetlbfs ***
[    0.340253] AppArmor: AppArmor Filesystem Enabled
[    0.340281] pnp: PnP ACPI init
[    0.340351] pnp 00:00: Plug and Play ACPI device, IDs PNP0303 (active)
[    0.340436] pnp 00:01: Plug and Play ACPI device, IDs PNP0f03 (active)
[    0.341187] pnp: PnP ACPI: found 2 devices
[    0.342145] thermal_sys: Registered thermal governor 'fair_share'
[    0.342145] thermal_sys: Registered thermal governor 'bang_bang'
[    0.342146] thermal_sys: Registered thermal governor 'step_wise'
[    0.342147] thermal_sys: Registered thermal governor 'user_space'
[    0.342147] thermal_sys: Registered thermal governor 'power_allocator'
[    0.346682] clocksource: acpi_pm: mask: 0xffffff max_cycles: 0xffffff, max_idle_ns: 2085701024 ns
[    0.346726] pci_bus 0000:00: resource 4 [io  0x0000-0x0cf7 window]
[    0.346727] pci_bus 0000:00: resource 5 [io  0x0d00-0xffff window]
[    0.346728] pci_bus 0000:00: resource 6 [mem 0x000a0000-0x000bffff window]
[    0.346729] pci_bus 0000:00: resource 7 [mem 0x80000000-0xfdffffff window]
[    0.346795] NET: Registered protocol family 2
[    0.346870] IP idents hash table entries: 32768 (order: 6, 262144 bytes, linear)
[    0.347184] MPTCP tokens hash table entries: 8192 (order: 4, 65536 bytes, linear)
[    0.347184] MPTCP request tokens hash table entries: 8192 (order: 4, 65536 bytes, linear)
[    0.347184] default registered
[    0.347184] default registered
[    0.347184] MPTCP: Stable release v0.96
[    0.347184] tcp_listen_portaddr_hash hash table entries: 1024 (order: 2, 16384 bytes, linear)
[    0.347184] TCP established hash table entries: 16384 (order: 5, 131072 bytes, linear)
[    0.347184] TCP bind hash table entries: 16384 (order: 6, 262144 bytes, linear)
[    0.347184] TCP: Hash tables configured (established 16384 bind 16384)
[    0.348302] UDP hash table entries: 1024 (order: 3, 32768 bytes, linear)
[    0.348313] UDP-Lite hash table entries: 1024 (order: 3, 32768 bytes, linear)
[    0.348355] NET: Registered protocol family 1
[    0.348365] NET: Registered protocol family 44
[    0.348390] pci 0000:00:00.0: Limiting direct PCI/PCI transfers
[    0.348403] pci 0000:00:01.0: Activating ISA DMA hang workarounds
[    0.348459] pci 0000:00:02.0: Video device with shadowed ROM at [mem 0x000c0000-0x000dffff]
[    0.348525] PCI: CLS 0 bytes, default 64
[    0.348579] Trying to unpack rootfs image as initramfs...
[    0.533266] Freeing initrd memory: 47868K
[    0.533351] clocksource: tsc: mask: 0xffffffffffffffff max_cycles: 0x1e4530a99b6, max_idle_ns: 440795257976 ns
[    0.533361] clocksource: Switched to clocksource tsc
[    0.533398] platform rtc_cmos: registered platform RTC device (no PNP device found)
[    0.533426] check: Scanning for low memory corruption every 60 seconds
[    0.533732] Initialise system trusted keyrings
[    0.533743] Key type blacklist registered
[    0.533785] workingset: timestamp_bits=36 max_order=19 bucket_order=0
[    0.535131] zbud: loaded
[    0.535488] squashfs: version 4.0 (2009/01/31) Phillip Lougher
[    0.535623] fuse: init (API version 7.31)
[    0.535640] *** VALIDATE fuse ***
[    0.535641] *** VALIDATE fuse ***
[    0.535742] Platform Keyring initialized
[    0.537024] Key type asymmetric registered
[    0.537024] Asymmetric key parser 'x509' registered
[    0.537024] Block layer SCSI generic (bsg) driver version 0.4 loaded (major 244)
[    0.537024] io scheduler mq-deadline registered
[    0.537024] shpchp: Standard Hot Plug PCI Controller Driver version: 0.4
[    0.539124] ACPI: AC Adapter [AC] (on-line)
[    0.539169] input: Power Button as /devices/LNXSYSTM:00/LNXPWRBN:00/input/input0
[    0.539197] ACPI: Power Button [PWRF]
[    0.539309] input: Sleep Button as /devices/LNXSYSTM:00/LNXSLPBN:00/input/input1
[    0.539322] ACPI: Sleep Button [SLPF]
[    0.539546] Serial: 8250/16550 driver, 32 ports, IRQ sharing enabled
[    0.540716] Linux agpgart interface v0.103
[    0.635193] loop: module loaded
[    0.635340] ata_piix 0000:00:01.1: version 2.13
[    0.635749] scsi host0: ata_piix
[    0.635840] scsi host1: ata_piix
[    0.635866] ata1: PATA max UDMA/33 cmd 0x1f0 ctl 0x3f6 bmdma 0xd000 irq 14
[    0.635867] ata2: PATA max UDMA/33 cmd 0x170 ctl 0x376 bmdma 0xd008 irq 15
[    0.635948] tun: Universal TUN/TAP device driver, 1.6
[    0.636259] PPP generic driver version 2.4.2
[    0.636303] VFIO - User Level meta-driver version: 0.3
[    0.636542] ehci_hcd: USB 2.0 'Enhanced' Host Controller (EHCI) Driver
[    0.636546] ehci-pci: EHCI PCI platform driver
[    0.636562] ehci-platform: EHCI generic platform driver
[    0.636568] ohci_hcd: USB 1.1 'Open' Host Controller (OHCI) Driver
[    0.636569] ohci-pci: OHCI PCI platform driver
[    0.636576] ohci-platform: OHCI generic platform driver
[    0.636581] uhci_hcd: USB Universal Host Controller Interface driver
[    0.636645] i8042: PNP: PS/2 Controller [PNP0303:PS2K,PNP0f03:PS2M] at 0x60,0x64 irq 1,12
[    0.637081] serio: i8042 KBD port at 0x60,0x64 irq 1
[    0.637084] serio: i8042 AUX port at 0x60,0x64 irq 12
[    0.637169] mousedev: PS/2 mouse device common for all mice
[    0.637424] input: AT Translated Set 2 keyboard as /devices/platform/i8042/serio0/input/input2
[    0.637822] rtc_cmos rtc_cmos: registered as rtc0
[    0.637835] rtc_cmos rtc_cmos: alarms up to one day, 114 bytes nvram
[    0.637840] i2c /dev entries driver
[    0.637882] device-mapper: uevent: version 1.0.3
[    0.637925] device-mapper: ioctl: 4.41.0-ioctl (2019-09-16) initialised: dm-devel@redhat.com
[    0.637941] platform eisa.0: Probing EISA bus 0
[    0.637942] platform eisa.0: EISA: Cannot allocate resource for mainboard
[    0.637943] platform eisa.0: Cannot allocate resource for EISA slot 1
[    0.637944] platform eisa.0: Cannot allocate resource for EISA slot 2
[    0.637945] platform eisa.0: Cannot allocate resource for EISA slot 3
[    0.637946] platform eisa.0: Cannot allocate resource for EISA slot 4
[    0.637947] platform eisa.0: Cannot allocate resource for EISA slot 5
[    0.637948] platform eisa.0: Cannot allocate resource for EISA slot 6
[    0.637949] platform eisa.0: Cannot allocate resource for EISA slot 7
[    0.637950] platform eisa.0: Cannot allocate resource for EISA slot 8
[    0.637951] platform eisa.0: EISA: Detected 0 cards
[    0.637954] intel_pstate: CPU model not supported
[    0.637964] ledtrig-cpu: registered to indicate activity on CPUs
[    0.638018] drop_monitor: Initializing network drop monitor service
[    0.638176] NET: Registered protocol family 10
[    0.643318] Segment Routing with IPv6
[    0.643318] fullmesh registered
[    0.643318] ndiffports registered
[    0.643318] binder registered
[    0.643318] roundrobin registered
[    0.643318] redundant registered
[    0.643318] blest registered
[    0.643318] ecf registered
[    0.643318] NET: Registered protocol family 17
[    0.643318] Key type dns_resolver registered
[    0.643318] RAS: Correctable Errors collector initialized.
[    0.643318] IPI shorthand broadcast: enabled
[    0.643318] sched_clock: Marking stable (628158459, 11160519)->(641599903, -2280925)
[    0.643647] registered taskstats version 1
[    0.643657] Loading compiled-in X.509 certificates
[    0.644248] Loaded X.509 cert 'Build time autogenerated kernel key: 6909f3744cebb3d0de528d5887b96a727de79b1e'
[    0.644267] zswap: loaded using pool lzo/zbud
[    0.644321] Key type ._fscrypt registered
[    0.644321] Key type .fscrypt registered
[    0.648817] Key type big_key registered
[    0.651033] Key type encrypted registered
[    0.651035] AppArmor: AppArmor sha1 policy hashing enabled
[    0.651043] ima: No TPM chip found, activating TPM-bypass!
[    0.651046] ima: Allocated hash algorithm: sha1
[    0.651052] ima: No architecture policies found
[    0.651062] evm: Initialising EVM extended attributes:
[    0.651062] evm: security.selinux
[    0.651063] evm: security.SMACK64
[    0.651063] evm: security.SMACK64EXEC
[    0.651064] evm: security.SMACK64TRANSMUTE
[    0.651064] evm: security.SMACK64MMAP
[    0.651065] evm: security.apparmor
[    0.651065] evm: security.ima
[    0.651066] evm: security.capability
[    0.651066] evm: HMAC attrs: 0x1
[    0.651361] PM:   Magic number: 10:272:932
[    0.651483] rtc_cmos rtc_cmos: setting system clock to 2026-01-18T10:55:28 UTC (1768733728)
[    0.808317] ata1.00: ATA-6: VBOX HARDDISK, 1.0, max UDMA/133
[    0.808320] ata1.00: 209715200 sectors, multi 128: LBA 
[    0.808993] scsi 0:0:0:0: Direct-Access     ATA      VBOX HARDDISK    1.0  PQ: 0 ANSI: 5
[    0.809287] sd 0:0:0:0: [sda] 209715200 512-byte logical blocks: (107 GB/100 GiB)
[    0.809299] sd 0:0:0:0: [sda] Write Protect is off
[    0.809302] sd 0:0:0:0: [sda] Mode Sense: 00 3a 00 00
[    0.809323] sd 0:0:0:0: [sda] Write cache: enabled, read cache: enabled, doesn't support DPO or FUA
[    0.809642] sd 0:0:0:0: Attached scsi generic sg0 type 0
[    0.810934]  sda: sda1 sda2
[    0.819360] sd 0:0:0:0: [sda] Attached SCSI disk
[    0.822701] Freeing unused decrypted memory: 2040K
[    0.823673] Freeing unused kernel image memory: 2728K
[    0.823675] Write protecting the kernel read-only data: 22528k
[    0.824698] Freeing unused kernel image memory: 2036K
[    0.825254] Freeing unused kernel image memory: 1432K
[    0.852311] x86/mm: Checked W+X mappings: passed, no W+X pages found.
[    0.852317] Run /init as init process
[    0.958039] ACPI: Video Device [GFX0] (multi-head: yes  rom: no  post: no)
[    0.958109] input: Video Bus as /devices/LNXSYSTM:00/LNXSYBUS:00/PNP0A03:00/LNXVIDEO:00/input/input4
[    0.970991] pcnet32: pcnet32.c:v1.35 21.Apr.2008 tsbogend@alpha.franken.de
[    0.972660] piix4_smbus 0000:00:07.0: SMBus Host Controller at 0x4100, revision 0
[    0.975186] e1000: Intel(R) PRO/1000 Network Driver - version 7.3.21-k8-NAPI
[    0.975187] e1000: Copyright (c) 1999-2006 Intel Corporation.
[    0.985670] pcnet32: PCnet/FAST III 79C973 at 0xd020, 08:00:27:73:42:d7 assigned IRQ 19
[    0.985714] pcnet32: Found PHY 0022:561b at address 0
[    0.986011] pcnet32: eth0: registered as PCnet/FAST III 79C973
[    0.990974] pcnet32: 1 cards_found
[    1.052162] pcnet32 0000:00:03.0 enp0s3: renamed from eth0
[    1.184622] input: ImExPS/2 Generic Explorer Mouse as /devices/platform/i8042/serio1/input/input5
[    1.385082] e1000 0000:00:08.0 eth0: (PCI:33MHz:32-bit) 08:00:27:1b:84:f5
[    1.385086] e1000 0000:00:08.0 eth0: Intel(R) PRO/1000 Network Connection
[    1.763557] e1000 0000:00:09.0 eth1: (PCI:33MHz:32-bit) 08:00:27:4c:99:d4
[    1.763560] e1000 0000:00:09.0 eth1: Intel(R) PRO/1000 Network Connection
[    1.764687] e1000 0000:00:09.0 enp0s9: renamed from eth1
[    1.766471] e1000 0000:00:08.0 enp0s8: renamed from eth0
[    1.923717] EXT4-fs (sda2): mounted filesystem with ordered data mode. Opts: (null)
[    2.004937] systemd[1]: Inserted module 'autofs4'
[    2.014157] systemd[1]: systemd 245.4-4ubuntu3 running in system mode. (+PAM +AUDIT +SELINUX +IMA +APPARMOR +SMACK +SYSVINIT +UTMP +LIBCRYPTSETUP +GCRYPT +GNUTLS +ACL +XZ +LZ4 +SECCOMP +BLKID +ELFUTILS +KMOD +IDN2 -IDN +PCRE2 default-hierarchy=hybrid)
[    2.014186] systemd[1]: Detected virtualization oracle.
[    2.014203] systemd[1]: Detected architecture x86-64.
[    2.015541] systemd[1]: Set hostname to <ztg>.
[    2.139476] systemd[1]: /lib/systemd/system/dbus.socket:5: ListenStream= references a path below legacy directory /var/run/, updating /var/run/dbus/system_bus_socket â†’ /run/dbus/system_bus_socket; please update the unit file accordingly.
[    2.191780] systemd[1]: Created slice system-modprobe.slice.
[    2.191962] systemd[1]: Created slice User and Session Slice.
[    2.192008] systemd[1]: Started Forward Password Requests to Wall Directory Watch.
[    2.192167] systemd[1]: Set up automount Arbitrary Executable File Formats File System Automount Point.
[    2.192201] systemd[1]: Reached target User and Group Name Lookups.
[    2.192210] systemd[1]: Reached target Remote File Systems.
[    2.192217] systemd[1]: Reached target Slices.
[    2.192766] systemd[1]: Listening on Syslog Socket.
[    2.192833] systemd[1]: Listening on fsck to fsckd communication Socket.
[    2.192869] systemd[1]: Listening on initctl Compatibility Named Pipe.
[    2.193000] systemd[1]: Listening on Journal Audit Socket.
[    2.193053] systemd[1]: Listening on Journal Socket (/dev/log).
[    2.193118] systemd[1]: Listening on Journal Socket.
[    2.193181] systemd[1]: Listening on udev Control Socket.
[    2.193220] systemd[1]: Listening on udev Kernel Socket.
[    2.193931] systemd[1]: Mounting Huge Pages File System...
[    2.194832] systemd[1]: Mounting POSIX Message Queue File System...
[    2.195753] systemd[1]: Mounting Kernel Debug File System...
[    2.196610] systemd[1]: Mounting Kernel Trace File System...
[    2.198530] systemd[1]: Starting Journal Service...
[    2.221674] systemd[1]: Starting Set the console keyboard layout...
[    2.229524] systemd[1]: Starting Create list of static device nodes for the current kernel...
[    2.231594] systemd[1]: Starting Load Kernel Module drm...
[    2.232697] systemd[1]: Condition check resulted in Set Up Additional Binary Formats being skipped.
[    2.232742] systemd[1]: Condition check resulted in File System Check on Root Device being skipped.
[    2.239677] systemd[1]: Starting Load Kernel Modules...
[    2.254966] systemd[1]: Starting Remount Root and Kernel File Systems...
[    2.262106] systemd[1]: Starting udev Coldplug all Devices...
[    2.271915] systemd[1]: Starting Uncomplicated firewall...
[    2.273452] systemd[1]: Mounted Huge Pages File System.
[    2.273539] systemd[1]: Mounted POSIX Message Queue File System.
[    2.273610] systemd[1]: Mounted Kernel Debug File System.
[    2.273677] systemd[1]: Mounted Kernel Trace File System.
[    2.274179] EXT4-fs (sda2): re-mounted. Opts: errors=remount-ro
[    2.312246] systemd[1]: Finished Create list of static device nodes for the current kernel.
[    2.313190] systemd[1]: modprobe@drm.service: Succeeded.
[    2.319564] systemd[1]: Finished Load Kernel Module drm.
[    2.320188] systemd[1]: Finished Remount Root and Kernel File Systems.
[    2.321070] systemd[1]: Finished Uncomplicated firewall.
[    2.337382] lp: driver loaded but no devices found
[    2.340433] systemd[1]: Condition check resulted in Rebuild Hardware Database being skipped.
[    2.340478] systemd[1]: Condition check resulted in Platform Persistent Storage Archival being skipped.
[    2.341170] systemd[1]: Starting Load/Save Random Seed...
[    2.346975] systemd[1]: Starting Create System Users...
[    2.352664] ppdev: user-space parallel port driver
[    2.363793] systemd[1]: Finished Load/Save Random Seed.
[    2.370438] systemd[1]: Finished Create System Users.
[    2.371225] systemd[1]: Starting Create Static Device Nodes in /dev...
[    2.418049] systemd[1]: Finished udev Coldplug all Devices.
[    2.426345] systemd[1]: Finished Create Static Device Nodes in /dev.
[    2.427240] systemd[1]: Starting udev Kernel Device Manager...
[    2.462770] [drm] DMA map mode: Caching DMA mappings.
[    2.462850] [drm] Capabilities:
[    2.462850] [drm]   Rect copy.
[    2.462850] [drm]   Cursor.
[    2.462851] [drm]   Cursor bypass.
[    2.462851] [drm]   Cursor bypass 2.
[    2.462851] [drm]   Alpha cursor.
[    2.462852] [drm]   Extended Fifo.
[    2.462852] [drm]   Pitchlock.
[    2.462852] [drm]   Irq mask.
[    2.462853] [drm]   GMR.
[    2.462853] [drm]   Traces.
[    2.462853] [drm]   GMR2.
[    2.462854] [drm]   Screen Object 2.
[    2.462854] [drm]   Command Buffers.
[    2.462854] [drm]   Command Buffers 2.
[    2.462855] [drm]   Guest Backed Resources.
[    2.462856] [drm] Max GMR ids is 8192
[    2.462856] [drm] Max number of GMR pages is 1048576
[    2.462857] [drm] Max dedicated hypervisor surface memory is 393216 kiB
[    2.462857] [drm] Maximum display memory size is 131072 kiB
[    2.462858] [drm] VRAM at 0xe0000000 size is 131072 kiB
[    2.462859] [drm] MMIO at 0xf0000000 size is 2048 kiB
[    2.465031] [TTM] Zone  kernel: Available graphics memory: 1011738 KiB
[    2.465032] [TTM] Initializing pool allocator
[    2.465035] [TTM] Initializing DMA pool allocator
[    2.465069] [drm] Supports vblank timestamp caching Rev 2 (21.10.2013).
[    2.465070] [drm] No driver support for vblank timestamp query.
[    2.465325] [drm] Screen Target Display device initialized
[    2.465553] [drm] width 720
[    2.465565] [drm] height 400
[    2.465568] [drm] bpp 32
[    2.466101] [drm] Fifo max 0x00200000 min 0x00001000 cap 0x00000355
[    2.467189] [drm] Using command buffers with DMA pool.
[    2.467193] [drm] DX: no.
[    2.467193] [drm] Atomic: yes.
[    2.467194] [drm] SM4_1: no.
[    2.467215] [drm:vmw_host_log [vmwgfx]] *ERROR* Failed to send host log message.
[    2.468338] [drm:vmw_host_log [vmwgfx]] *ERROR* Failed to send host log message.
[    2.476197] fbcon: svgadrmfb (fb0) is primary device
[    2.482353] Console: switching to colour frame buffer device 100x37
[    2.485018] systemd[1]: Finished Set the console keyboard layout.
[    2.485197] systemd[1]: Reached target Local File Systems (Pre).
[    2.488071] [drm] Initialized vmwgfx 2.15.0 20180704 for 0000:00:02.0 on minor 0
[    2.489701] systemd[1]: Mounting Mount unit for bare, revision 5...
[    2.492927] systemd[1]: Mounting Mount unit for core18, revision 1705...
[    2.502486] systemd[1]: Mounting Mount unit for gnome-3-34-1804, revision 24...
[    2.519441] systemd[1]: Mounting Mount unit for gtk-common-themes, revision 1506...
[    2.543955] systemd[1]: Mounting Mount unit for gtk-common-themes, revision 1535...
[    2.555402] systemd[1]: Mounting Mount unit for snap-store, revision 433...
[    2.560180] systemd[1]: Mounting Mount unit for snapd, revision 7264...
[    2.561958] systemd[1]: Finished Load Kernel Modules.
[    2.563890] systemd[1]: Mounting FUSE Control File System...
[    2.570524] systemd[1]: Mounting Kernel Configuration File System...
[    2.572532] systemd[1]: Starting Apply Kernel Variables...
[    2.573532] systemd[1]: Mounted FUSE Control File System.
[    2.573597] systemd[1]: Condition check resulted in VMware vmblock fuse mount being skipped.
[    2.608333] systemd[1]: Mounted Mount unit for bare, revision 5.
[    2.608426] systemd[1]: Mounted Kernel Configuration File System.
[    2.614222] systemd[1]: Finished Apply Kernel Variables.
[    2.617213] systemd[1]: Mounted Mount unit for core18, revision 1705.
[    2.626456] systemd[1]: Mounted Mount unit for gtk-common-themes, revision 1506.
[    2.653383] systemd[1]: Mounted Mount unit for gnome-3-34-1804, revision 24.
[    2.653473] systemd[1]: Mounted Mount unit for gtk-common-themes, revision 1535.
[    2.655264] systemd[1]: Started udev Kernel Device Manager.
[    2.655992] systemd[1]: Starting Show Plymouth Boot Screen...
[    2.678370] systemd[1]: Mounted Mount unit for snap-store, revision 433.
[    2.678463] systemd[1]: Mounted Mount unit for snapd, revision 7264.
[    2.678515] systemd[1]: Reached target Local File Systems.
[    2.700246] systemd[1]: Starting Load AppArmor profiles...
[    2.705204] systemd[1]: Starting Set console font and keymap...
[    2.713482] systemd[1]: Starting Tell Plymouth To Write Out Runtime Data...
[    2.713538] systemd[1]: Condition check resulted in Store a System Token in an EFI Variable being skipped.
[    2.713576] systemd[1]: Condition check resulted in Commit a transient machine-id on disk being skipped.
[    2.714170] systemd[1]: Received SIGRTMIN+20 from PID 287 (plymouthd).
[    2.717860] systemd[1]: Finished Set console font and keymap.
[    2.726045] systemd[1]: Received SIGRTMIN+20 from PID 287 (plymouthd).
[    2.728252] systemd[1]: plymouth-read-write.service: Succeeded.
[    2.728481] systemd[1]: Finished Tell Plymouth To Write Out Runtime Data.
[    2.728768] systemd[1]: Started Show Plymouth Boot Screen.
[    2.728880] systemd[1]: Condition check resulted in Dispatch Password Requests to Console Directory Watch being skipped.
[    2.728959] systemd[1]: Started Forward Password Requests to Plymouth Directory Watch.
[    2.728990] systemd[1]: Reached target Local Encrypted Volumes.
[    2.746548] audit: type=1400 audit(1768733730.588:2): apparmor="STATUS" operation="profile_load" profile="unconfined" name="nvidia_modprobe" pid=299 comm="apparmor_parser"
[    2.746551] audit: type=1400 audit(1768733730.588:3): apparmor="STATUS" operation="profile_load" profile="unconfined" name="nvidia_modprobe//kmod" pid=299 comm="apparmor_parser"
[    2.754370] audit: type=1400 audit(1768733730.596:4): apparmor="STATUS" operation="profile_load" profile="unconfined" name="/usr/sbin/tcpdump" pid=300 comm="apparmor_parser"
[    2.802114] audit: type=1400 audit(1768733730.636:5): apparmor="STATUS" operation="profile_load" profile="unconfined" name="/usr/bin/evince" pid=302 comm="apparmor_parser"
[    2.802116] audit: type=1400 audit(1768733730.636:6): apparmor="STATUS" operation="profile_load" profile="unconfined" name="/usr/bin/evince//sanitized_helper" pid=302 comm="apparmor_parser"
[    2.802118] audit: type=1400 audit(1768733730.636:7): apparmor="STATUS" operation="profile_load" profile="unconfined" name="/usr/bin/evince-previewer" pid=302 comm="apparmor_parser"
[    2.802119] audit: type=1400 audit(1768733730.636:8): apparmor="STATUS" operation="profile_load" profile="unconfined" name="/usr/bin/evince-previewer//sanitized_helper" pid=302 comm="apparmor_parser"
[    2.802120] audit: type=1400 audit(1768733730.636:9): apparmor="STATUS" operation="profile_load" profile="unconfined" name="/usr/bin/evince-thumbnailer" pid=302 comm="apparmor_parser"
[    2.817278] audit: type=1400 audit(1768733730.664:10): apparmor="STATUS" operation="profile_load" profile="unconfined" name="/usr/lib/cups/backend/cups-pdf" pid=303 comm="apparmor_parser"
[    2.895276] systemd[1]: Finished Load AppArmor profiles.
[    2.896195] systemd[1]: Starting Load AppArmor profiles managed internally by snapd...
[    2.956869] systemd[1]: Finished Load AppArmor profiles managed internally by snapd.
[    3.138822] systemd[1]: Started Journal Service.
[    3.145540] systemd-journald[229]: Received client request to flush runtime journal.
[    3.151414] systemd-journald[229]: File /var/log/journal/c455b248004a419c87ce85eea238d727/system.journal corrupted or uncleanly shut down, renaming and replacing.
[    4.449198] RAPL PMU: API unit is 2^-32 Joules, 0 fixed counters, 10737418240 ms ovfl timer
[    4.527706] cryptd: max_cpu_qlen set to 1000
[    4.594886] AVX2 version of gcm_enc/dec engaged.
[    4.594887] AES CTR mode by8 optimization enabled
[    5.335557] Adding 1998844k swap on /dev/sda1.  Priority:-2 extents:1 across:1998844k FS
[    6.905261] kauditd_printk_skb: 30 callbacks suppressed
[    6.905262] audit: type=1400 audit(1768733734.748:41): apparmor="DENIED" operation="capable" profile="/usr/sbin/cups-browsed" pid=496 comm="cups-browsed" capability=23  capname="sys_nice"
[    7.500281] pcnet32 0000:00:03.0 enp0s3: link up, 100Mbps, full-duplex
[    7.531936] e1000: enp0s8 NIC Link is Up 1000 Mbps Full Duplex, Flow Control: RX
[    7.532205] IPv6: ADDRCONF(NETDEV_CHANGE): enp0s8: link becomes ready
[    7.547795] e1000: enp0s9 NIC Link is Up 1000 Mbps Full Duplex, Flow Control: RX
[    7.548084] IPv6: ADDRCONF(NETDEV_CHANGE): enp0s9: link becomes ready
[    8.097199] device enp0s3 entered promiscuous mode
[    8.115681] audit: type=1400 audit(1768733735.952:42): apparmor="DENIED" operation="open" profile="/usr/sbin/tcpdump" name="/proc/sys/kernel/random/boot_id" pid=707 comm="tcpdump" requested_mask="r" denied_mask="r" fsuid=0 ouid=0
[    8.115900] audit: type=1400 audit(1768733735.952:43): apparmor="DENIED" operation="open" profile="/usr/sbin/tcpdump" name="/proc/sys/kernel/random/boot_id" pid=707 comm="tcpdump" requested_mask="r" denied_mask="r" fsuid=0 ouid=0
[    8.120320] audit: type=1400 audit(1768733735.952:44): apparmor="DENIED" operation="open" profile="/usr/sbin/tcpdump" name="/proc/sys/kernel/random/boot_id" pid=707 comm="tcpdump" requested_mask="r" denied_mask="r" fsuid=0 ouid=0
[    8.120390] audit: type=1400 audit(1768733735.952:45): apparmor="DENIED" operation="open" profile="/usr/sbin/tcpdump" name="/proc/sys/kernel/random/boot_id" pid=707 comm="tcpdump" requested_mask="r" denied_mask="r" fsuid=0 ouid=0
[    8.127142] audit: type=1400 audit(1768733735.972:46): apparmor="DENIED" operation="open" profile="/usr/sbin/tcpdump" name="/proc/sys/kernel/random/boot_id" pid=708 comm="tcpdump" requested_mask="r" denied_mask="r" fsuid=0 ouid=0
[    8.127297] audit: type=1400 audit(1768733735.972:47): apparmor="DENIED" operation="open" profile="/usr/sbin/tcpdump" name="/proc/sys/kernel/random/boot_id" pid=708 comm="tcpdump" requested_mask="r" denied_mask="r" fsuid=0 ouid=0
[    8.127367] audit: type=1400 audit(1768733735.972:48): apparmor="DENIED" operation="open" profile="/usr/sbin/tcpdump" name="/proc/sys/kernel/random/boot_id" pid=708 comm="tcpdump" requested_mask="r" denied_mask="r" fsuid=0 ouid=0
[    8.127448] audit: type=1400 audit(1768733735.972:49): apparmor="DENIED" operation="open" profile="/usr/sbin/tcpdump" name="/proc/sys/kernel/random/boot_id" pid=708 comm="tcpdump" requested_mask="r" denied_mask="r" fsuid=0 ouid=0
[   12.459530] rfkill: input handler disabled
[  225.991434] AAAAA-TCP_FORW: name:enp0s3: saddr:100932208: daddr:16783984
[  226.341078] AAAAA-TCP_FORW: name:enp0s3: saddr:100932208: daddr:16783984
[  226.386211] AAAAA-TCP_FORW: name:enp0s3: saddr:100932208: daddr:16783984
[  226.772139] AAAAA-TCP_FORW: name:enp0s3: saddr:100932208: daddr:33561200
[  226.852660] AAAAA-TCP_FORW: name:enp0s3: saddr:100932208: daddr:16783984
[  226.956437] AAAAA-TCP_FORW: name:enp0s3: saddr:100932208: daddr:16783984
[  227.210887] AAAAA-TCP_FORW: name:enp0s3: saddr:100932208: daddr:33561200
[  227.409686] AAAAA-TCP_FORW: name:enp0s3: saddr:100932208: daddr:16783984
[  227.648969] AAAAA-TCP_FORW: name:enp0s3: saddr:100932208: daddr:16783984
[  227.708627] AAAAA-TCP_FORW: name:enp0s3: saddr:100932208: daddr:16783984
[  227.876784] AAAAA-TCP_FORW: name:enp0s3: saddr:100932208: daddr:16783984
[  227.962733] AAAAA-TCP_FORW: name:enp0s3: saddr:100932208: daddr:16783984
[  228.118303] AAAAA-TCP_FORW: name:enp0s3: saddr:100932208: daddr:33561200
[  228.240375] AAAAA-TCP_FORW: name:enp0s3: saddr:100932208: daddr:16783984
[  228.380928] AAAAA-TCP_FORW: name:enp0s3: saddr:100932208: daddr:33561200
[  228.505006] AAAAA-TCP_FORW: name:enp0s3: saddr:100932208: daddr:16783984
[  228.574560] AAAAA-TCP_FORW: name:enp0s3: saddr:100932208: daddr:16783984
[  228.653813] AAAAA-TCP_FORW: name:enp0s3: saddr:100932208: daddr:16783984
[  228.713459] AAAAA-TCP_FORW: name:enp0s3: saddr:100932208: daddr:16783984
[  228.801018] AAAAA-TCP_FORW: name:enp0s3: saddr:100932208: daddr:16783984
[  228.834466] AAAAA-TCP_FORW: name:enp0s3: saddr:100932208: daddr:16783984
[  228.864062] AAAAA-TCP_FORW: name:enp0s3: saddr:100932208: daddr:16783984
[  228.941869] AAAAA-TCP_FORW: name:enp0s3: saddr:100932208: daddr:16783984
[  229.033288] AAAAA-TCP_FORW: name:enp0s3: saddr:100932208: daddr:16783984
[  229.075770] AAAAA-TCP_FORW: name:enp0s3: saddr:100932208: daddr:16783984
[  229.099730] AAAAA-TCP_FORW: name:enp0s3: saddr:100932208: daddr:16783984
[  229.161950] AAAAA-TCP_FORW: name:enp0s3: saddr:100932208: daddr:33561200
[  229.243279] AAAAA-TCP_FORW: name:enp0s3: saddr:100932208: daddr:33561200
[  229.292615] AAAAA-TCP_FORW: name:enp0s3: saddr:100932208: daddr:33561200
[  229.351723] AAAAA-TCP_FORW: name:enp0s3: saddr:100932208: daddr:33561200
[  229.429836] AAAAA-TCP_FORW: name:enp0s3: saddr:100932208: daddr:33561200
[  229.516929] AAAAA-TCP_FORW: name:enp0s3: saddr:100932208: daddr:33561200
[  229.628275] AAAAA-TCP_FORW: name:enp0s3: saddr:100932208: daddr:33561200
[  229.646233] AAAAA-TCP_FORW: name:enp0s3: saddr:100932208: daddr:33561200
[  229.765137] AAAAA-TCP_FORW: name:enp0s3: saddr:100932208: daddr:33561200
[  229.840133] AAAAA-TCP_FORW: name:enp0s3: saddr:100932208: daddr:33561200
[  229.860881] AAAAA-TCP_FORW: name:enp0s3: saddr:100932208: daddr:16783984
[  229.912734] AAAAA-TCP_FORW: name:enp0s3: saddr:100932208: daddr:16783984
[  229.949546] AAAAA-TCP_FORW: name:enp0s3: saddr:100932208: daddr:16783984
[  230.023431] AAAAA-TCP_FORW: name:enp0s3: saddr:100932208: daddr:16783984
[  230.131186] AAAAA-TCP_FORW: name:enp0s3: saddr:100932208: daddr:16783984
[  230.189346] AAAAA-TCP_FORW: name:enp0s3: saddr:100932208: daddr:16783984
[  230.270569] AAAAA-TCP_FORW: name:enp0s3: saddr:100932208: daddr:16783984
[  230.304106] AAAAA-TCP_FORW: name:enp0s3: saddr:100932208: daddr:16783984
[  230.345298] AAAAA-TCP_FORW: name:enp0s3: saddr:100932208: daddr:16783984
[  230.397643] AAAAA-TCP_FORW: name:enp0s3: saddr:100932208: daddr:33561200
[  230.447803] AAAAA-TCP_FORW: name:enp0s3: saddr:100932208: daddr:16783984
[  230.547577] AAAAA-TCP_FORW: name:enp0s3: saddr:100932208: daddr:16783984
[  230.623784] AAAAA-TCP_FORW: name:enp0s3: saddr:100932208: daddr:16783984
[  230.714839] AAAAA-TCP_FORW: name:enp0s3: saddr:100932208: daddr:16783984
[  230.768872] AAAAA-TCP_FORW: name:enp0s3: saddr:100932208: daddr:16783984
[  230.824083] AAAAA-TCP_FORW: name:enp0s3: saddr:100932208: daddr:16783984
[  230.881908] AAAAA-TCP_FORW: name:enp0s3: saddr:100932208: daddr:16783984
[  230.978392] AAAAA-TCP_FORW: name:enp0s3: saddr:100932208: daddr:16783984
[  231.000976] AAAAA-TCP_FORW: name:enp0s3: saddr:100932208: daddr:16783984
[  231.078742] AAAAA-TCP_FORW: name:enp0s3: saddr:100932208: daddr:16783984
[  231.131112] AAAAA-TCP_FORW: name:enp0s3: saddr:100932208: daddr:16783984
[  231.168277] AAAAA-TCP_FORW: name:enp0s3: saddr:100932208: daddr:16783984
[  231.262777] AAAAA-TCP_FORW: name:enp0s3: saddr:16783984: daddr:100932208
[  231.278856] AAAAA-TCP_FORW: name:enp0s3: saddr:100932208: daddr:33561200
[  231.332823] AAAAA-TCP_FORW: name:enp0s3: saddr:100932208: daddr:33561200
[  231.517069] AAAAA-TCP_FORW: name:enp0s3: saddr:100932208: daddr:33561200
[  231.624568] AAAAA-TCP_FORW: name:enp0s3: saddr:16783984: daddr:100932208
[  231.632457] AAAAA-TCP_FORW: name:enp0s3: saddr:100932208: daddr:33561200
[  231.693406] AAAAA-TCP_FORW: name:enp0s3: saddr:100932208: daddr:33561200
[  231.707368] AAAAA-TCP_FORW: name:enp0s3: saddr:16783984: daddr:100932208
[  231.720721] AAAAA-TCP_FORW: name:enp0s3: saddr:100932208: daddr:33561200
[  231.814504] AAAAA-TCP_FORW: name:enp0s3: saddr:16783984: daddr:100932208
[  231.850763] AAAAA-TCP_FORW: name:enp0s3: saddr:100932208: daddr:33561200
[  231.925383] AAAAA-TCP_FORW: name:enp0s3: saddr:100932208: daddr:33561200
[  231.937452] AAAAA-TCP_FORW: name:enp0s3: saddr:16783984: daddr:100932208
[  231.968424] AAAAA-TCP_FORW: name:enp0s3: saddr:100932208: daddr:33561200
[  232.000906] AAAAA-TCP_FORW: name:enp0s3: saddr:100932208: daddr:33561200
[  232.026570] AAAAA-TCP_FORW: name:enp0s3: saddr:16783984: daddr:100932208
[  232.057294] AAAAA-TCP_FORW: name:enp0s3: saddr:100932208: daddr:33561200
[  232.115558] AAAAA-TCP_FORW: name:enp0s3: saddr:100932208: daddr:33561200
[  232.175313] AAAAA-TCP_FORW: name:enp0s3: saddr:100932208: daddr:33561200
[  232.197068] AAAAA-TCP_FORW: name:enp0s3: saddr:16783984: daddr:100932208
[  232.223687] AAAAA-TCP_FORW: name:enp0s3: saddr:100932208: daddr:33561200
[  232.258916] AAAAA-TCP_FORW: name:enp0s3: saddr:100932208: daddr:33561200
[  232.329887] AAAAA-TCP_FORW: name:enp0s3: saddr:100932208: daddr:33561200
[  232.353852] AAAAA-TCP_FORW: name:enp0s3: saddr:33561200: daddr:100932208
[  232.357824] AAAAA-TCP_FORW: name:enp0s3: saddr:100932208: daddr:33561200
[  232.417248] AAAAA-TCP_FORW: name:enp0s3: saddr:100932208: daddr:33561200
[  232.425214] AAAAA-TCP_FORW: name:enp0s3: saddr:100932208: daddr:33561200
[  232.487513] AAAAA-TCP_FORW: name:enp0s3: saddr:100932208: daddr:33561200
[  232.611215] AAAAA-TCP_FORW: name:enp0s3: saddr:100932208: daddr:16783984
[  232.637940] AAAAA-TCP_FORW: name:enp0s3: saddr:16783984: daddr:100932208
[  232.663093] AAAAA-TCP_FORW: name:enp0s3: saddr:100932208: daddr:16783984
[  232.717972] AAAAA-TCP_FORW: name:enp0s3: saddr:100932208: daddr:16783984
[  232.789404] AAAAA-TCP_FORW: name:enp0s3: saddr:16783984: daddr:100932208
[  232.791295] AAAAA-TCP_FORW: name:enp0s3: saddr:100932208: daddr:16783984
[  232.807539] AAAAA-TCP_FORW: name:enp0s3: saddr:100932208: daddr:16783984
[  232.855652] AAAAA-TCP_FORW: name:enp0s3: saddr:16783984: daddr:100932208
[  232.928566] AAAAA-TCP_FORW: name:enp0s3: saddr:100932208: daddr:16783984
[  232.949013] AAAAA-TCP_FORW: name:enp0s3: saddr:100932208: daddr:16783984
[  233.169563] AAAAA-TCP_FORW: name:enp0s3: saddr:16783984: daddr:100932208
[  233.215595] AAAAA-TCP_FORW: name:enp0s3: saddr:16783984: daddr:100932208
[  233.228831] AAAAA-TCP_FORW: name:enp0s3: saddr:100932208: daddr:16783984
[  233.284468] AAAAA-TCP_FORW: name:enp0s3: saddr:100932208: daddr:16783984
[  233.342498] AAAAA-TCP_FORW: name:enp0s3: saddr:16783984: daddr:100932208
[  233.361410] AAAAA-TCP_FORW: name:enp0s3: saddr:100932208: daddr:16783984
[  233.427452] AAAAA-TCP_FORW: name:enp0s3: saddr:100932208: daddr:16783984
[  233.445129] AAAAA-TCP_FORW: name:enp0s3: saddr:16783984: daddr:100932208
[  233.540509] AAAAA-TCP_FORW: name:enp0s3: saddr:100932208: daddr:16783984
[  233.619424] AAAAA-TCP_FORW: name:enp0s3: saddr:100932208: daddr:16783984
[  233.736809] AAAAA-TCP_FORW: name:enp0s3: saddr:16783984: daddr:100932208
[  233.791203] AAAAA-TCP_FORW: name:enp0s3: saddr:100932208: daddr:16783984
[  233.810026] AAAAA-TCP_FORW: name:enp0s3: saddr:100932208: daddr:16783984
[  233.882173] AAAAA-TCP_FORW: name:enp0s3: saddr:16783984: daddr:100932208
[  233.990180] AAAAA-TCP_FORW: name:enp0s3: saddr:100932208: daddr:33561200
[  234.082584] AAAAA-TCP_FORW: name:enp0s3: saddr:16783984: daddr:100932208
[  234.114637] AAAAA-TCP_FORW: name:enp0s3: saddr:100932208: daddr:16783984
[  234.200921] AAAAA-TCP_FORW: name:enp0s3: saddr:100932208: daddr:16783984
[  234.232207] AAAAA-TCP_FORW: name:enp0s3: saddr:16783984: daddr:100932208
[  234.363535] AAAAA-TCP_FORW: name:enp0s3: saddr:100932208: daddr:33561200
[  234.481020] AAAAA-TCP_FORW: name:enp0s3: saddr:33561200: daddr:100932208
[  234.500080] AAAAA-TCP_FORW: name:enp0s3: saddr:100932208: daddr:16783984
[  234.526431] AAAAA-TCP_FORW: name:enp0s3: saddr:33561200: daddr:100932208
[  234.569207] AAAAA-TCP_FORW: name:enp0s3: saddr:100932208: daddr:16783984
[  234.709536] AAAAA-TCP_FORW: name:enp0s3: saddr:100932208: daddr:16783984
[  234.738076] AAAAA-TCP_FORW: name:enp0s3: saddr:33561200: daddr:100932208
[  234.768362] AAAAA-TCP_FORW: name:enp0s3: saddr:100932208: daddr:16783984
[  234.807833] AAAAA-TCP_FORW: name:enp0s3: saddr:33561200: daddr:100932208
[  234.845947] AAAAA-TCP_FORW: name:enp0s3: saddr:100932208: daddr:16783984
[  234.955066] AAAAA-TCP_FORW: name:enp0s3: saddr:33561200: daddr:100932208
[  235.027165] AAAAA-TCP_FORW: name:enp0s3: saddr:100932208: daddr:16783984
[  235.067394] AAAAA-TCP_FORW: name:enp0s3: saddr:100932208: daddr:16783984
[  235.118986] AAAAA-TCP_FORW: name:enp0s3: saddr:33561200: daddr:100932208
[  235.182369] AAAAA-TCP_FORW: name:enp0s3: saddr:100932208: daddr:16783984
[  235.206853] AAAAA-TCP_FORW: name:enp0s3: saddr:33561200: daddr:100932208
[  235.267455] AAAAA-TCP_FORW: name:enp0s3: saddr:100932208: daddr:16783984
[  235.299486] AAAAA-TCP_FORW: name:enp0s3: saddr:100932208: daddr:16783984
[  235.335245] AAAAA-TCP_FORW: name:enp0s3: saddr:33561200: daddr:100932208
[  235.372579] AAAAA-TCP_FORW: name:enp0s3: saddr:100932208: daddr:16783984
[  235.527138] AAAAA-TCP_FORW: name:enp0s3: saddr:100932208: daddr:16783984
[  235.582029] AAAAA-TCP_FORW: name:enp0s3: saddr:100932208: daddr:16783984
[  235.694209] AAAAA-TCP_FORW: name:enp0s3: saddr:100932208: daddr:16783984
[  235.718173] AAAAA-TCP_FORW: name:enp0s3: saddr:33561200: daddr:100932208
[  235.802571] AAAAA-TCP_FORW: name:enp0s3: saddr:100932208: daddr:16783984
[  235.819512] AAAAA-TCP_FORW: name:enp0s3: saddr:33561200: daddr:100932208
[  235.832495] AAAAA-TCP_FORW: name:enp0s3: saddr:100932208: daddr:16783984
[  235.950260] AAAAA-TCP_FORW: name:enp0s3: saddr:33561200: daddr:100932208
[  235.977066] AAAAA-TCP_FORW: name:enp0s3: saddr:100932208: daddr:16783984
[  236.012772] AAAAA-TCP_FORW: name:enp0s3: saddr:100932208: daddr:16783984
[  236.080232] AAAAA-TCP_FORW: name:enp0s3: saddr:33561200: daddr:100932208
[  236.223064] AAAAA-TCP_FORW: name:enp0s3: saddr:100932208: daddr:33561200
[  236.253902] AAAAA-TCP_FORW: name:enp0s3: saddr:33561200: daddr:100932208
[  236.275621] AAAAA-TCP_FORW: name:enp0s3: saddr:33561200: daddr:100932208
[  236.308319] AAAAA-TCP_FORW: name:enp0s3: saddr:33561200: daddr:100932208
[  236.425739] AAAAA-TCP_FORW: name:enp0s3: saddr:33561200: daddr:100932208
[  236.561296] AAAAA-TCP_FORW: name:enp0s3: saddr:33561200: daddr:100932208
[  236.727024] AAAAA-TCP_FORW: name:enp0s3: saddr:33561200: daddr:100932208
[  236.752122] AAAAA-TCP_FORW: name:enp0s3: saddr:33561200: daddr:100932208
[  236.917823] AAAAA-TCP_FORW: name:enp0s3: saddr:16783984: daddr:100932208
[  237.045936] AAAAA-TCP_FORW: name:enp0s3: saddr:16783984: daddr:100932208
[  237.146077] AAAAA-TCP_FORW: name:enp0s3: saddr:16783984: daddr:100932208
[  237.241718] AAAAA-TCP_FORW: name:enp0s3: saddr:16783984: daddr:100932208
[  237.315360] AAAAA-TCP_FORW: name:enp0s3: saddr:16783984: daddr:100932208
[  237.478830] AAAAA-TCP_FORW: name:enp0s3: saddr:16783984: daddr:100932208
[  237.512288] AAAAA-TCP_FORW: name:enp0s3: saddr:16783984: daddr:100932208
[  237.585400] AAAAA-TCP_FORW: name:enp0s3: saddr:16783984: daddr:100932208
[  237.729797] AAAAA-TCP_FORW: name:enp0s3: saddr:16783984: daddr:100932208
[  237.824443] AAAAA-TCP_FORW: name:enp0s3: saddr:16783984: daddr:100932208
[  237.902383] AAAAA-TCP_FORW: name:enp0s3: saddr:16783984: daddr:100932208
[  238.013403] AAAAA-TCP_FORW: name:enp0s3: saddr:16783984: daddr:100932208
[  238.139417] AAAAA-TCP_FORW: name:enp0s3: saddr:16783984: daddr:100932208
[  238.307464] AAAAA-TCP_FORW: name:enp0s3: saddr:16783984: daddr:100932208
[  238.376584] AAAAA-TCP_FORW: name:enp0s3: saddr:100932208: daddr:16783984
[  238.446991] AAAAA-TCP_FORW: name:enp0s3: saddr:33561200: daddr:100932208
[  238.584995] AAAAA-TCP_FORW: name:enp0s3: saddr:16783984: daddr:100932208
[  238.695089] AAAAA-TCP_FORW: name:enp0s3: saddr:16783984: daddr:100932208
[  238.788595] AAAAA-TCP_FORW: name:enp0s3: saddr:33561200: daddr:100932208
[  238.922396] AAAAA-TCP_FORW: name:enp0s3: saddr:16783984: daddr:100932208
[  239.024899] AAAAA-TCP_FORW: name:enp0s3: saddr:16783984: daddr:100932208
[  239.096478] AAAAA-TCP_FORW: name:enp0s3: saddr:16783984: daddr:100932208
[  239.123994] AAAAA-TCP_FORW: name:enp0s3: saddr:16783984: daddr:100932208
[  239.144949] AAAAA-TCP_FORW: name:enp0s3: saddr:16783984: daddr:100932208
[  239.197796] AAAAA-TCP_FORW: name:enp0s3: saddr:16783984: daddr:100932208
[  239.223560] AAAAA-TCP_FORW: name:enp0s3: saddr:16783984: daddr:100932208
[  239.244165] AAAAA-TCP_FORW: name:enp0s3: saddr:16783984: daddr:100932208
[  239.320897] AAAAA-TCP_FORW: name:enp0s3: saddr:16783984: daddr:100932208
[  239.358315] AAAAA-TCP_FORW: name:enp0s3: saddr:16783984: daddr:100932208
[  239.389908] AAAAA-TCP_FORW: name:enp0s3: saddr:16783984: daddr:100932208
[  239.419557] AAAAA-TCP_FORW: name:enp0s3: saddr:16783984: daddr:100932208
[  239.444997] AAAAA-TCP_FORW: name:enp0s3: saddr:16783984: daddr:100932208
[  239.519136] AAAAA-TCP_FORW: name:enp0s3: saddr:16783984: daddr:100932208
[  239.559765] AAAAA-TCP_FORW: name:enp0s3: saddr:16783984: daddr:100932208
[  239.593895] AAAAA-TCP_FORW: name:enp0s3: saddr:16783984: daddr:100932208
[  239.635477] AAAAA-TCP_FORW: name:enp0s3: saddr:16783984: daddr:100932208
[  239.668721] AAAAA-TCP_FORW: name:enp0s3: saddr:16783984: daddr:100932208
[  239.698805] AAAAA-TCP_FORW: name:enp0s3: saddr:33561200: daddr:100932208
[  239.731450] AAAAA-TCP_FORW: name:enp0s3: saddr:16783984: daddr:100932208
[  251.505957] AAAAA-TCP_FORW: name:enp0s3: saddr:100932208: daddr:16783984
[  251.595668] AAAAA-TCP_FORW: name:enp0s3: saddr:100932208: daddr:33561200
[  251.681248] AAAAA-TCP_FORW: name:enp0s3: saddr:100932208: daddr:16783984
[  251.700659] AAAAA-TCP_FORW: name:enp0s3: saddr:16783984: daddr:100932208
[  251.752692] AAAAA-TCP_FORW: name:enp0s3: saddr:100932208: daddr:33561200
[  251.817040] AAAAA-TCP_FORW: name:enp0s3: saddr:100932208: daddr:16783984
[  251.876387] AAAAA-TCP_FORW: name:enp0s3: saddr:100932208: daddr:33561200
[  251.959265] AAAAA-TCP_FORW: name:enp0s3: saddr:100932208: daddr:16783984
[  252.029420] AAAAA-TCP_FORW: name:enp0s3: saddr:100932208: daddr:33561200
[  252.065680] AAAAA-TCP_FORW: name:enp0s3: saddr:33561200: daddr:100932208
[  252.110143] AAAAA-TCP_FORW: name:enp0s3: saddr:100932208: daddr:16783984
[  252.141107] AAAAA-TCP_FORW: name:enp0s3: saddr:16783984: daddr:100932208
[  252.182192] AAAAA-TCP_FORW: name:enp0s3: saddr:100932208: daddr:33561200
[  252.220683] AAAAA-TCP_FORW: name:enp0s3: saddr:100932208: daddr:16783984
[  252.309370] AAAAA-TCP_FORW: name:enp0s3: saddr:100932208: daddr:33561200
[  252.326234] AAAAA-TCP_FORW: name:enp0s3: saddr:33561200: daddr:100932208
[  252.372585] AAAAA-TCP_FORW: name:enp0s3: saddr:100932208: daddr:16783984
[  252.436884] AAAAA-TCP_FORW: name:enp0s3: saddr:100932208: daddr:33561200
[  252.446153] AAAAA-TCP_FORW: name:enp0s3: saddr:16783984: daddr:100932208
[  252.472924] AAAAA-TCP_FORW: name:enp0s3: saddr:100932208: daddr:16783984
[  252.550162] AAAAA-TCP_FORW: name:enp0s3: saddr:33561200: daddr:100932208
[  252.599709] AAAAA-TCP_FORW: name:enp0s3: saddr:100932208: daddr:33561200
[  252.655068] AAAAA-TCP_FORW: name:enp0s3: saddr:100932208: daddr:16783984
[  252.696479] AAAAA-TCP_FORW: name:enp0s3: saddr:16783984: daddr:100932208
[  252.709296] AAAAA-TCP_FORW: name:enp0s3: saddr:100932208: daddr:33561200
[  252.787503] AAAAA-TCP_FORW: name:enp0s3: saddr:100932208: daddr:16783984
[  252.839808] AAAAA-TCP_FORW: name:enp0s3: saddr:33561200: daddr:100932208
[  252.894215] AAAAA-TCP_FORW: name:enp0s3: saddr:100932208: daddr:33561200
[  252.928210] AAAAA-TCP_FORW: name:enp0s3: saddr:100932208: daddr:16783984
[  252.977705] AAAAA-TCP_FORW: name:enp0s3: saddr:100932208: daddr:33561200
[  252.997620] AAAAA-TCP_FORW: name:enp0s3: saddr:16783984: daddr:100932208
[  253.036742] AAAAA-TCP_FORW: name:enp0s3: saddr:100932208: daddr:16783984
[  253.127337] AAAAA-TCP_FORW: name:enp0s3: saddr:33561200: daddr:100932208
[  253.146959] AAAAA-TCP_FORW: name:enp0s3: saddr:100932208: daddr:33561200
[  253.183737] AAAAA-TCP_FORW: name:enp0s3: saddr:100932208: daddr:16783984
[  253.244563] AAAAA-TCP_FORW: name:enp0s3: saddr:100932208: daddr:33561200
[  253.273101] AAAAA-TCP_FORW: name:enp0s3: saddr:16783984: daddr:100932208
[  253.284945] AAAAA-TCP_FORW: name:enp0s3: saddr:100932208: daddr:16783984
[  253.389094] AAAAA-TCP_FORW: name:enp0s3: saddr:100932208: daddr:33561200
[  253.421412] AAAAA-TCP_FORW: name:enp0s3: saddr:33561200: daddr:100932208
[  253.426363] AAAAA-TCP_FORW: name:enp0s3: saddr:100932208: daddr:16783984
[  253.527964] AAAAA-TCP_FORW: name:enp0s3: saddr:16783984: daddr:100932208
[  253.537418] AAAAA-TCP_FORW: name:enp0s3: saddr:100932208: daddr:33561200
[  253.571212] AAAAA-TCP_FORW: name:enp0s3: saddr:100932208: daddr:16783984
[  253.578491] AAAAA-TCP_FORW: name:enp0s3: saddr:33561200: daddr:100932208
[  253.606591] AAAAA-TCP_FORW: name:enp0s3: saddr:100932208: daddr:33561200
[  253.668785] AAAAA-TCP_FORW: name:enp0s3: saddr:100932208: daddr:16783984
[  253.709620] AAAAA-TCP_FORW: name:enp0s3: saddr:100932208: daddr:33561200
[  253.715043] AAAAA-TCP_FORW: name:enp0s3: saddr:16783984: daddr:100932208
[  253.777379] AAAAA-TCP_FORW: name:enp0s3: saddr:100932208: daddr:16783984
[  253.808835] AAAAA-TCP_FORW: name:enp0s3: saddr:33561200: daddr:100932208
[  253.829640] AAAAA-TCP_FORW: name:enp0s3: saddr:100932208: daddr:33561200
[  253.848728] AAAAA-TCP_FORW: name:enp0s3: saddr:100932208: daddr:16783984
[  253.985909] AAAAA-TCP_FORW: name:enp0s3: saddr:16783984: daddr:100932208
[  253.995936] AAAAA-TCP_FORW: name:enp0s3: saddr:100932208: daddr:16783984
[  254.027680] AAAAA-TCP_FORW: name:enp0s3: saddr:100932208: daddr:16783984
[  254.033921] AAAAA-TCP_FORW: name:enp0s3: saddr:33561200: daddr:100932208
[  254.139097] AAAAA-TCP_FORW: name:enp0s3: saddr:16783984: daddr:100932208
[  254.367108] AAAAA-TCP_FORW: name:enp0s3: saddr:33561200: daddr:100932208
[  254.468402] AAAAA-TCP_FORW: name:enp0s3: saddr:16783984: daddr:100932208
[  254.503132] AAAAA-TCP_FORW: name:enp0s3: saddr:100932208: daddr:33561200
[  254.559443] AAAAA-TCP_FORW: name:enp0s3: saddr:33561200: daddr:100932208
[  254.674081] AAAAA-TCP_FORW: name:enp0s3: saddr:16783984: daddr:100932208
[  254.720771] AAAAA-TCP_FORW: name:enp0s3: saddr:100932208: daddr:16783984
[  254.906766] AAAAA-TCP_FORW: name:enp0s3: saddr:33561200: daddr:100932208
[  255.150952] AAAAA-TCP_FORW: name:enp0s3: saddr:16783984: daddr:100932208
[  255.225003] AAAAA-TCP_FORW: name:enp0s3: saddr:100932208: daddr:33561200
[  255.259842] AAAAA-TCP_FORW: name:enp0s3: saddr:33561200: daddr:100932208
[  255.439475] AAAAA-TCP_FORW: name:enp0s3: saddr:100932208: daddr:16783984
[  255.545684] AAAAA-TCP_FORW: name:enp0s3: saddr:100932208: daddr:16783984
[  255.621782] AAAAA-TCP_FORW: name:enp0s3: saddr:16783984: daddr:100932208
[  255.849832] AAAAA-TCP_FORW: name:enp0s3: saddr:33561200: daddr:100932208
[  255.998933] AAAAA-TCP_FORW: name:enp0s3: saddr:100932208: daddr:33561200
[  256.073143] AAAAA-TCP_FORW: name:enp0s3: saddr:16783984: daddr:100932208
[  256.195562] AAAAA-TCP_FORW: name:enp0s3: saddr:100932208: daddr:16783984
[  256.358196] AAAAA-TCP_FORW: name:enp0s3: saddr:33561200: daddr:100932208
[  256.576967] AAAAA-TCP_FORW: name:enp0s3: saddr:16783984: daddr:100932208
[  256.629194] AAAAA-TCP_FORW: name:enp0s3: saddr:100932208: daddr:33561200
[  256.679127] AAAAA-TCP_FORW: name:enp0s3: saddr:33561200: daddr:100932208
[  256.728225] AAAAA-TCP_FORW: name:enp0s3: saddr:100932208: daddr:33561200
[  256.835213] AAAAA-TCP_FORW: name:enp0s3: saddr:16783984: daddr:100932208
[  256.926076] AAAAA-TCP_FORW: name:enp0s3: saddr:100932208: daddr:16783984
[  256.985526] AAAAA-TCP_FORW: name:enp0s3: saddr:33561200: daddr:100932208
[  257.049289] AAAAA-TCP_FORW: name:enp0s3: saddr:100932208: daddr:16783984
[  257.088106] AAAAA-TCP_FORW: name:enp0s3: saddr:16783984: daddr:100932208
[  257.302012] AAAAA-TCP_FORW: name:enp0s3: saddr:100932208: daddr:33561200
[  257.329881] AAAAA-TCP_FORW: name:enp0s3: saddr:33561200: daddr:100932208
[  257.403658] AAAAA-TCP_FORW: name:enp0s3: saddr:16783984: daddr:100932208
[  257.581243] AAAAA-TCP_FORW: name:enp0s3: saddr:16783984: daddr:100932208
[  257.629329] AAAAA-TCP_FORW: name:enp0s3: saddr:100932208: daddr:16783984
[  257.638092] AAAAA-TCP_FORW: name:enp0s3: saddr:16783984: daddr:100932208
[  257.745076] AAAAA-TCP_FORW: name:enp0s3: saddr:100932208: daddr:33561200
[  257.798275] AAAAA-TCP_FORW: name:enp0s3: saddr:33561200: daddr:100932208
[  257.812559] AAAAA-TCP_FORW: name:enp0s3: saddr:100932208: daddr:33561200
[  257.951289] AAAAA-TCP_FORW: name:enp0s3: saddr:16783984: daddr:100932208
[  257.953658] AAAAA-TCP_FORW: name:enp0s3: saddr:100932208: daddr:16783984
[  258.190239] AAAAA-TCP_FORW: name:enp0s3: saddr:100932208: daddr:33561200
[  258.215986] AAAAA-TCP_FORW: name:enp0s3: saddr:33561200: daddr:100932208
[  258.416941] AAAAA-TCP_FORW: name:enp0s3: saddr:16783984: daddr:100932208
[  258.551862] AAAAA-TCP_FORW: name:enp0s3: saddr:100932208: daddr:16783984
[  258.600526] AAAAA-TCP_FORW: name:enp0s3: saddr:16783984: daddr:100932208
[  258.769736] AAAAA-TCP_FORW: name:enp0s3: saddr:33561200: daddr:100932208
[  258.809496] AAAAA-TCP_FORW: name:enp0s3: saddr:100932208: daddr:33561200
[  258.825172] AAAAA-TCP_FORW: name:enp0s3: saddr:16783984: daddr:100932208
[  259.029050] AAAAA-TCP_FORW: name:enp0s3: saddr:100932208: daddr:16783984
[  259.107893] AAAAA-TCP_FORW: name:enp0s3: saddr:33561200: daddr:100932208
[  259.122711] AAAAA-TCP_FORW: name:enp0s3: saddr:100932208: daddr:16783984
[  259.236824] AAAAA-TCP_FORW: name:enp0s3: saddr:33561200: daddr:100932208
[  259.421276] AAAAA-TCP_FORW: name:enp0s3: saddr:16783984: daddr:100932208
[  259.459996] AAAAA-TCP_FORW: name:enp0s3: saddr:100932208: daddr:33561200
[  259.507479] AAAAA-TCP_FORW: name:enp0s3: saddr:16783984: daddr:100932208
[  259.570102] AAAAA-TCP_FORW: name:enp0s3: saddr:100932208: daddr:33561200
[  259.592605] AAAAA-TCP_FORW: name:enp0s3: saddr:33561200: daddr:100932208
[  259.652978] AAAAA-TCP_FORW: name:enp0s3: saddr:100932208: daddr:33561200
[  260.338148] AAAAA-TCP_FORW: name:enp0s3: saddr:100932208: daddr:16783984
[  260.808303] AAAAA-TCP_FORW: name:enp0s3: saddr:100932208: daddr:33561200
[  260.834519] AAAAA-TCP_FORW: name:enp0s3: saddr:100932208: daddr:33561200
[  260.938659] AAAAA-TCP_FORW: name:enp0s3: saddr:100932208: daddr:33561200
[  261.026934] AAAAA-TCP_FORW: name:enp0s3: saddr:100932208: daddr:33561200
[  261.119210] AAAAA-TCP_FORW: name:enp0s3: saddr:100932208: daddr:33561200
[  261.195139] AAAAA-TCP_FORW: name:enp0s3: saddr:100932208: daddr:33561200
[  261.290231] AAAAA-TCP_FORW: name:enp0s3: saddr:100932208: daddr:33561200
[  261.641185] AAAAA-TCP_FORW: name:enp0s3: saddr:100932208: daddr:33561200
[  261.753100] AAAAA-TCP_FORW: name:enp0s3: saddr:100932208: daddr:16783984
[  261.929383] AAAAA-TCP_FORW: name:enp0s3: saddr:100932208: daddr:33561200
[  262.039382] AAAAA-TCP_FORW: name:enp0s3: saddr:100932208: daddr:16783984
[  262.166830] AAAAA-TCP_FORW: name:enp0s3: saddr:100932208: daddr:33561200
[  262.405728] AAAAA-TCP_FORW: name:enp0s3: saddr:100932208: daddr:16783984
[  262.654761] AAAAA-TCP_FORW: name:enp0s3: saddr:100932208: daddr:16783984
[  262.867174] AAAAA-TCP_FORW: name:enp0s3: saddr:100932208: daddr:33561200
[  263.201288] AAAAA-TCP_FORW: name:enp0s3: saddr:100932208: daddr:33561200
[  263.242139] AAAAA-TCP_FORW: name:enp0s3: saddr:100932208: daddr:33561200
[  264.071706] AAAAA-TCP_FORW: name:enp0s3: saddr:100932208: daddr:16783984
[  264.158125] AAAAA-TCP_FORW: name:enp0s3: saddr:100932208: daddr:16783984
[  264.208046] AAAAA-TCP_FORW: name:enp0s3: saddr:100932208: daddr:33561200
[  264.283375] AAAAA-TCP_FORW: name:enp0s3: saddr:100932208: daddr:33561200
[  265.353926] AAAAA-TCP_FORW: name:enp0s3: saddr:100932208: daddr:16783984
[  265.476090] AAAAA-TCP_FORW: name:enp0s3: saddr:100932208: daddr:16783984
[  265.512485] AAAAA-TCP_FORW: name:enp0s3: saddr:100932208: daddr:33561200
[  265.615663] AAAAA-TCP_FORW: name:enp0s3: saddr:100932208: daddr:16783984
[  282.506698] AAAAA-TCP_FORW: name:enp0s3: saddr:100932208: daddr:16783984
[  282.640372] AAAAA-TCP_FORW: name:enp0s3: saddr:100932208: daddr:33561200
[  282.734114] AAAAA-TCP_FORW: name:enp0s3: saddr:100932208: daddr:16783984
[  282.807264] AAAAA-TCP_FORW: name:enp0s3: saddr:100932208: daddr:33561200
[  282.895098] AAAAA-TCP_FORW: name:enp0s3: saddr:100932208: daddr:16783984
[  282.982191] AAAAA-TCP_FORW: name:enp0s3: saddr:100932208: daddr:33561200
[  283.079143] AAAAA-TCP_FORW: name:enp0s3: saddr:100932208: daddr:16783984
[  283.162497] AAAAA-TCP_FORW: name:enp0s3: saddr:100932208: daddr:33561200
[  283.282118] AAAAA-TCP_FORW: name:enp0s3: saddr:100932208: daddr:16783984
[  283.357999] AAAAA-TCP_FORW: name:enp0s3: saddr:100932208: daddr:33561200
[  283.463589] AAAAA-TCP_FORW: name:enp0s3: saddr:100932208: daddr:16783984
[  283.518199] AAAAA-TCP_FORW: name:enp0s3: saddr:100932208: daddr:33561200
[  283.687151] AAAAA-TCP_FORW: name:enp0s3: saddr:100932208: daddr:16783984
[  283.740940] AAAAA-TCP_FORW: name:enp0s3: saddr:100932208: daddr:33561200
[  283.853688] AAAAA-TCP_FORW: name:enp0s3: saddr:100932208: daddr:16783984
[  283.998783] AAAAA-TCP_FORW: name:enp0s3: saddr:100932208: daddr:33561200
[  284.098475] AAAAA-TCP_FORW: name:enp0s3: saddr:100932208: daddr:16783984
[  284.163963] AAAAA-TCP_FORW: name:enp0s3: saddr:100932208: daddr:33561200
[  284.252296] AAAAA-TCP_FORW: name:enp0s3: saddr:100932208: daddr:16783984
[  284.353402] AAAAA-TCP_FORW: name:enp0s3: saddr:100932208: daddr:33561200
[  284.418704] AAAAA-TCP_FORW: name:enp0s3: saddr:100932208: daddr:16783984
[  284.540359] AAAAA-TCP_FORW: name:enp0s3: saddr:100932208: daddr:33561200
[  284.605867] AAAAA-TCP_FORW: name:enp0s3: saddr:100932208: daddr:16783984
[  284.778206] AAAAA-TCP_FORW: name:enp0s3: saddr:100932208: daddr:33561200
[  284.895309] AAAAA-TCP_FORW: name:enp0s3: saddr:100932208: daddr:16783984
[  284.944304] AAAAA-TCP_FORW: name:enp0s3: saddr:100932208: daddr:33561200
[  284.993801] AAAAA-TCP_FORW: name:enp0s3: saddr:100932208: daddr:16783984
[  285.090431] AAAAA-TCP_FORW: name:enp0s3: saddr:100932208: daddr:33561200
[  285.242254] AAAAA-TCP_FORW: name:enp0s3: saddr:100932208: daddr:16783984
[  285.322802] AAAAA-TCP_FORW: name:enp0s3: saddr:100932208: daddr:33561200
[  285.386993] AAAAA-TCP_FORW: name:enp0s3: saddr:100932208: daddr:16783984
[  285.455665] AAAAA-TCP_FORW: name:enp0s3: saddr:100932208: daddr:33561200
[  285.597474] AAAAA-TCP_FORW: name:enp0s3: saddr:100932208: daddr:16783984
[  285.715720] AAAAA-TCP_FORW: name:enp0s3: saddr:100932208: daddr:33561200
[  285.849691] AAAAA-TCP_FORW: name:enp0s3: saddr:100932208: daddr:16783984
[  285.905535] AAAAA-TCP_FORW: name:enp0s3: saddr:100932208: daddr:33561200
[  285.990896] AAAAA-TCP_FORW: name:enp0s3: saddr:100932208: daddr:16783984
[  286.077152] AAAAA-TCP_FORW: name:enp0s3: saddr:100932208: daddr:33561200
[  286.380178] AAAAA-TCP_FORW: name:enp0s3: saddr:100932208: daddr:16783984
[  286.398720] AAAAA-TCP_FORW: name:enp0s3: saddr:100932208: daddr:16783984
[  286.507278] AAAAA-TCP_FORW: name:enp0s3: saddr:100932208: daddr:33561200
[  286.618557] AAAAA-TCP_FORW: name:enp0s3: saddr:100932208: daddr:33561200
[  286.876042] AAAAA-TCP_FORW: name:enp0s3: saddr:100932208: daddr:16783984
[  286.956013] AAAAA-TCP_FORW: name:enp0s3: saddr:100932208: daddr:16783984
[  287.009756] AAAAA-TCP_FORW: name:enp0s3: saddr:100932208: daddr:33561200
[  287.097796] AAAAA-TCP_FORW: name:enp0s3: saddr:100932208: daddr:33561200
[  287.138095] AAAAA-TCP_FORW: name:enp0s3: saddr:100932208: daddr:16783984
[  287.237421] AAAAA-TCP_FORW: name:enp0s3: saddr:100932208: daddr:16783984
[  287.389780] AAAAA-TCP_FORW: name:enp0s3: saddr:100932208: daddr:33561200
[  287.435489] AAAAA-TCP_FORW: name:enp0s3: saddr:100932208: daddr:33561200
[  287.513484] AAAAA-TCP_FORW: name:enp0s3: saddr:100932208: daddr:16783984
[  287.577814] AAAAA-TCP_FORW: name:enp0s3: saddr:100932208: daddr:16783984
[  287.633493] AAAAA-TCP_FORW: name:enp0s3: saddr:100932208: daddr:33561200
[  287.733796] AAAAA-TCP_FORW: name:enp0s3: saddr:100932208: daddr:33561200
[  287.835164] AAAAA-TCP_FORW: name:enp0s3: saddr:100932208: daddr:16783984
[  287.884745] AAAAA-TCP_FORW: name:enp0s3: saddr:100932208: daddr:16783984
[  288.038503] AAAAA-TCP_FORW: name:enp0s3: saddr:100932208: daddr:33561200
[  288.153795] AAAAA-TCP_FORW: name:enp0s3: saddr:100932208: daddr:33561200
[  288.683303] AAAAA-TCP_FORW: name:enp0s3: saddr:100932208: daddr:16783984
[  288.868516] AAAAA-TCP_FORW: name:enp0s3: saddr:100932208: daddr:16783984
[  288.940919] AAAAA-TCP_FORW: name:enp0s3: saddr:100932208: daddr:33561200
[  289.007331] AAAAA-TCP_FORW: name:enp0s3: saddr:100932208: daddr:33561200
[  289.101038] AAAAA-TCP_FORW: name:enp0s3: saddr:100932208: daddr:16783984
[  289.218255] AAAAA-TCP_FORW: name:enp0s3: saddr:100932208: daddr:16783984
[  289.352820] AAAAA-TCP_FORW: name:enp0s3: saddr:100932208: daddr:33561200
[  289.419838] AAAAA-TCP_FORW: name:enp0s3: saddr:100932208: daddr:33561200
[  289.496949] AAAAA-TCP_FORW: name:enp0s3: saddr:100932208: daddr:16783984
[  289.569742] AAAAA-TCP_FORW: name:enp0s3: saddr:100932208: daddr:16783984
[  289.645585] AAAAA-TCP_FORW: name:enp0s3: saddr:100932208: daddr:33561200
[  289.731657] AAAAA-TCP_FORW: name:enp0s3: saddr:100932208: daddr:33561200
[  289.834408] AAAAA-TCP_FORW: name:enp0s3: saddr:100932208: daddr:16783984
[  289.893016] AAAAA-TCP_FORW: name:enp0s3: saddr:100932208: daddr:16783984
[  289.990443] AAAAA-TCP_FORW: name:enp0s3: saddr:100932208: daddr:33561200
[  290.085885] AAAAA-TCP_FORW: name:enp0s3: saddr:100932208: daddr:33561200
[  290.266443] AAAAA-TCP_FORW: name:enp0s3: saddr:100932208: daddr:16783984
[  290.384170] AAAAA-TCP_FORW: name:enp0s3: saddr:100932208: daddr:16783984
[  290.507431] AAAAA-TCP_FORW: name:enp0s3: saddr:100932208: daddr:33561200
[  290.566572] AAAAA-TCP_FORW: name:enp0s3: saddr:100932208: daddr:33561200
[  290.688042] AAAAA-TCP_FORW: name:enp0s3: saddr:100932208: daddr:16783984
[  290.818934] AAAAA-TCP_FORW: name:enp0s3: saddr:100932208: daddr:33561200
[  290.890928] AAAAA-TCP_FORW: name:enp0s3: saddr:100932208: daddr:16783984
[  290.946784] AAAAA-TCP_FORW: name:enp0s3: saddr:100932208: daddr:16783984
[  291.094760] AAAAA-TCP_FORW: name:enp0s3: saddr:100932208: daddr:33561200
[  291.208080] AAAAA-TCP_FORW: name:enp0s3: saddr:100932208: daddr:33561200
[  291.285545] AAAAA-TCP_FORW: name:enp0s3: saddr:100932208: daddr:16783984
[  291.480428] AAAAA-TCP_FORW: name:enp0s3: saddr:100932208: daddr:33561200
[  298.099876] AAAAA-TCP_FORW: name:enp0s3: saddr:100932208: daddr:16783984
[  298.454240] AAAAA-TCP_FORW: name:enp0s3: saddr:100932208: daddr:16783984
[  298.522778] AAAAA-TCP_FORW: name:enp0s3: saddr:100932208: daddr:16783984
[  298.608181] AAAAA-TCP_FORW: name:enp0s3: saddr:100932208: daddr:16783984
[  298.674221] AAAAA-TCP_FORW: name:enp0s3: saddr:100932208: daddr:16783984
[  298.766500] AAAAA-TCP_FORW: name:enp0s3: saddr:100932208: daddr:16783984
[  298.859028] AAAAA-TCP_FORW: name:enp0s3: saddr:100932208: daddr:16783984
[  298.905632] AAAAA-TCP_FORW: name:enp0s3: saddr:100932208: daddr:16783984
[  298.951049] AAAAA-TCP_FORW: name:enp0s3: saddr:100932208: daddr:16783984
[  299.057726] AAAAA-TCP_FORW: name:enp0s3: saddr:100932208: daddr:16783984
[  299.177295] AAAAA-TCP_FORW: name:enp0s3: saddr:100932208: daddr:16783984
[  299.287200] AAAAA-TCP_FORW: name:enp0s3: saddr:100932208: daddr:16783984
[  299.347343] AAAAA-TCP_FORW: name:enp0s3: saddr:100932208: daddr:16783984
[  299.415755] AAAAA-TCP_FORW: name:enp0s3: saddr:100932208: daddr:16783984
[  299.535875] AAAAA-TCP_FORW: name:enp0s3: saddr:100932208: daddr:16783984
[  299.618326] AAAAA-TCP_FORW: name:enp0s3: saddr:100932208: daddr:16783984
[  299.697949] AAAAA-TCP_FORW: name:enp0s3: saddr:100932208: daddr:16783984
[  299.771414] AAAAA-TCP_FORW: name:enp0s3: saddr:100932208: daddr:16783984
[  299.849100] AAAAA-TCP_FORW: name:enp0s3: saddr:100932208: daddr:16783984
[  299.897351] AAAAA-TCP_FORW: name:enp0s3: saddr:100932208: daddr:16783984
[  299.951801] AAAAA-TCP_FORW: name:enp0s3: saddr:100932208: daddr:16783984
[  300.103548] AAAAA-TCP_FORW: name:enp0s3: saddr:100932208: daddr:33561200
[  300.147094] AAAAA-TCP_FORW: name:enp0s3: saddr:100932208: daddr:16783984
[  300.268265] AAAAA-TCP_FORW: name:enp0s3: saddr:100932208: daddr:16783984
[  300.380525] AAAAA-TCP_FORW: name:enp0s3: saddr:100932208: daddr:16783984
[  300.493926] AAAAA-TCP_FORW: name:enp0s3: saddr:100932208: daddr:16783984
[  300.561431] AAAAA-TCP_FORW: name:enp0s3: saddr:100932208: daddr:16783984
[  300.743974] AAAAA-TCP_FORW: name:enp0s3: saddr:100932208: daddr:16783984
[  300.801642] AAAAA-TCP_FORW: name:enp0s3: saddr:100932208: daddr:16783984
[  300.925700] AAAAA-TCP_FORW: name:enp0s3: saddr:100932208: daddr:16783984
[  300.961484] AAAAA-TCP_FORW: name:enp0s3: saddr:100932208: daddr:16783984
[  301.062842] AAAAA-TCP_FORW: name:enp0s3: saddr:100932208: daddr:16783984
[  301.200312] AAAAA-TCP_FORW: name:enp0s3: saddr:100932208: daddr:16783984
[  303.117971] AAAAA-TCP_FORW: name:enp0s3: saddr:100932208: daddr:16783984
[  303.235160] AAAAA-TCP_FORW: name:enp0s3: saddr:100932208: daddr:16783984
[  303.352697] AAAAA-TCP_FORW: name:enp0s3: saddr:100932208: daddr:16783984
[  303.511970] AAAAA-TCP_FORW: name:enp0s3: saddr:100932208: daddr:16783984
[  303.618569] AAAAA-TCP_FORW: name:enp0s3: saddr:100932208: daddr:16783984
[  303.706933] AAAAA-TCP_FORW: name:enp0s3: saddr:100932208: daddr:16783984
[  303.796284] AAAAA-TCP_FORW: name:enp0s3: saddr:100932208: daddr:16783984
[  303.866881] AAAAA-TCP_FORW: name:enp0s3: saddr:100932208: daddr:16783984
[  303.917128] AAAAA-TCP_FORW: name:enp0s3: saddr:100932208: daddr:16783984
[  304.095543] AAAAA-TCP_FORW: name:enp0s3: saddr:100932208: daddr:16783984
[  304.125543] AAAAA-TCP_FORW: name:enp0s3: saddr:100932208: daddr:16783984
[  304.249985] AAAAA-TCP_FORW: name:enp0s3: saddr:100932208: daddr:16783984
[  304.674273] AAAAA-TCP_FORW: name:enp0s3: saddr:100932208: daddr:16783984
[  304.774613] AAAAA-TCP_FORW: name:enp0s3: saddr:100932208: daddr:16783984
[  304.873407] AAAAA-TCP_FORW: name:enp0s3: saddr:100932208: daddr:16783984
[  304.983466] AAAAA-TCP_FORW: name:enp0s3: saddr:100932208: daddr:16783984
[  305.083311] AAAAA-TCP_FORW: name:enp0s3: saddr:100932208: daddr:16783984
[  305.256603] AAAAA-TCP_FORW: name:enp0s3: saddr:100932208: daddr:16783984
[  305.347384] AAAAA-TCP_FORW: name:enp0s3: saddr:100932208: daddr:16783984
[  305.709435] AAAAA-TCP_FORW: name:enp0s3: saddr:100932208: daddr:16783984
[  305.850572] AAAAA-TCP_FORW: name:enp0s3: saddr:100932208: daddr:16783984
[  306.032327] AAAAA-TCP_FORW: name:enp0s3: saddr:100932208: daddr:16783984
[  306.483421] AAAAA-TCP_FORW: name:enp0s3: saddr:100932208: daddr:16783984
[  306.687303] AAAAA-TCP_FORW: name:enp0s3: saddr:100932208: daddr:16783984
[  307.114448] AAAAA-TCP_FORW: name:enp0s3: saddr:100932208: daddr:16783984
[  307.326597] AAAAA-TCP_FORW: name:enp0s3: saddr:100932208: daddr:16783984
[  307.859952] AAAAA-TCP_FORW: name:enp0s3: saddr:100932208: daddr:16783984
[  307.941853] AAAAA-TCP_FORW: name:enp0s3: saddr:100932208: daddr:16783984
[  308.193851] AAAAA-TCP_FORW: name:enp0s3: saddr:100932208: daddr:16783984
[  308.290167] AAAAA-TCP_FORW: name:enp0s3: saddr:100932208: daddr:16783984
[  308.541109] AAAAA-TCP_FORW: name:enp0s3: saddr:100932208: daddr:16783984
[  308.916959] AAAAA-TCP_FORW: name:enp0s3: saddr:100932208: daddr:16783984
[  309.455887] AAAAA-TCP_FORW: name:enp0s3: saddr:100932208: daddr:16783984
[  309.746133] AAAAA-TCP_FORW: name:enp0s3: saddr:100932208: daddr:16783984
[  309.883068] AAAAA-TCP_FORW: name:enp0s3: saddr:100932208: daddr:16783984
[  309.959189] AAAAA-TCP_FORW: name:enp0s3: saddr:100932208: daddr:16783984
[  310.129351] AAAAA-TCP_FORW: name:enp0s3: saddr:100932208: daddr:16783984
[  310.201611] AAAAA-TCP_FORW: name:enp0s3: saddr:100932208: daddr:16783984
[  310.304803] AAAAA-TCP_FORW: name:enp0s3: saddr:100932208: daddr:16783984
[  310.436896] AAAAA-TCP_FORW: name:enp0s3: saddr:100932208: daddr:16783984
[  310.493335] AAAAA-TCP_FORW: name:enp0s3: saddr:100932208: daddr:16783984
[  310.648265] AAAAA-TCP_FORW: name:enp0s3: saddr:100932208: daddr:16783984
[  311.897488] AAAAA-TCP_FORW: name:enp0s3: saddr:100932208: daddr:16783984
[  312.002220] AAAAA-TCP_FORW: name:enp0s3: saddr:100932208: daddr:16783984
[  312.121756] AAAAA-TCP_FORW: name:enp0s3: saddr:100932208: daddr:16783984
[  312.331137] AAAAA-TCP_FORW: name:enp0s3: saddr:100932208: daddr:16783984
[  312.796938] AAAAA-TCP_FORW: name:enp0s3: saddr:100932208: daddr:16783984
[  313.202142] AAAAA-TCP_FORW: name:enp0s3: saddr:100932208: daddr:16783984
[  313.385127] AAAAA-TCP_FORW: name:enp0s3: saddr:100932208: daddr:16783984
[  313.487449] AAAAA-TCP_FORW: name:enp0s3: saddr:100932208: daddr:16783984
[  313.738383] AAAAA-TCP_FORW: name:enp0s3: saddr:100932208: daddr:16783984
[  313.845679] AAAAA-TCP_FORW: name:enp0s3: saddr:100932208: daddr:16783984
[  313.937737] AAAAA-TCP_FORW: name:enp0s3: saddr:100932208: daddr:16783984
[  314.080815] AAAAA-TCP_FORW: name:enp0s3: saddr:100932208: daddr:16783984
[  314.577895] AAAAA-TCP_FORW: name:enp0s3: saddr:100932208: daddr:16783984
[  314.643062] AAAAA-TCP_FORW: name:enp0s3: saddr:100932208: daddr:16783984
[  314.740390] AAAAA-TCP_FORW: name:enp0s3: saddr:100932208: daddr:33561200
[  314.879797] AAAAA-TCP_FORW: name:enp0s3: saddr:100932208: daddr:16783984
[  315.153177] AAAAA-TCP_FORW: name:enp0s3: saddr:100932208: daddr:16783984
[  315.259597] AAAAA-TCP_FORW: name:enp0s3: saddr:100932208: daddr:16783984
[  315.472093] AAAAA-TCP_FORW: name:enp0s3: saddr:100932208: daddr:16783984
[  315.575275] AAAAA-TCP_FORW: name:enp0s3: saddr:100932208: daddr:16783984
[  315.670016] AAAAA-TCP_FORW: name:enp0s3: saddr:100932208: daddr:16783984
[  315.775878] AAAAA-TCP_FORW: name:enp0s3: saddr:100932208: daddr:16783984
[  315.920891] AAAAA-TCP_FORW: name:enp0s3: saddr:100932208: daddr:16783984
[  316.104221] AAAAA-TCP_FORW: name:enp0s3: saddr:100932208: daddr:16783984
[  317.331087] AAAAA-TCP_FORW: name:enp0s3: saddr:100932208: daddr:16783984
[  317.704865] AAAAA-TCP_FORW: name:enp0s3: saddr:100932208: daddr:16783984
[  318.004364] AAAAA-TCP_FORW: name:enp0s3: saddr:100932208: daddr:16783984
[  318.881056] AAAAA-TCP_FORW: name:enp0s3: saddr:100932208: daddr:16783984
[  319.165897] AAAAA-TCP_FORW: name:enp0s3: saddr:100932208: daddr:16783984
[  319.530379] AAAAA-TCP_FORW: name:enp0s3: saddr:100932208: daddr:16783984
[  319.662190] AAAAA-TCP_FORW: name:enp0s3: saddr:100932208: daddr:16783984
[  320.602133] AAAAA-TCP_FORW: name:enp0s3: saddr:100932208: daddr:16783984
[  320.921811] AAAAA-TCP_FORW: name:enp0s3: saddr:100932208: daddr:33561200
[  320.987088] AAAAA-TCP_FORW: name:enp0s3: saddr:100932208: daddr:33561200
[  321.068743] AAAAA-TCP_FORW: name:enp0s3: saddr:100932208: daddr:33561200
[  321.119160] AAAAA-TCP_FORW: name:enp0s3: saddr:100932208: daddr:33561200
[  321.185776] AAAAA-TCP_FORW: name:enp0s3: saddr:100932208: daddr:33561200
[  321.284129] AAAAA-TCP_FORW: name:enp0s3: saddr:100932208: daddr:33561200
[  321.424853] AAAAA-TCP_FORW: name:enp0s3: saddr:100932208: daddr:33561200
[  321.556194] AAAAA-TCP_FORW: name:enp0s3: saddr:100932208: daddr:33561200
[  321.658293] AAAAA-TCP_FORW: name:enp0s3: saddr:100932208: daddr:33561200
[  321.764886] AAAAA-TCP_FORW: name:enp0s3: saddr:100932208: daddr:33561200
[  321.872165] AAAAA-TCP_FORW: name:enp0s3: saddr:100932208: daddr:33561200
[  321.941309] AAAAA-TCP_FORW: name:enp0s3: saddr:100932208: daddr:33561200
[  322.000884] AAAAA-TCP_FORW: name:enp0s3: saddr:100932208: daddr:33561200
[  322.113187] AAAAA-TCP_FORW: name:enp0s3: saddr:100932208: daddr:33561200
[  322.152151] AAAAA-TCP_FORW: name:enp0s3: saddr:100932208: daddr:33561200
[  322.350100] AAAAA-TCP_FORW: name:enp0s3: saddr:100932208: daddr:33561200
[  322.422411] AAAAA-TCP_FORW: name:enp0s3: saddr:100932208: daddr:33561200
[  322.476483] AAAAA-TCP_FORW: name:enp0s3: saddr:100932208: daddr:33561200
[  322.563502] AAAAA-TCP_FORW: name:enp0s3: saddr:100932208: daddr:33561200
[  322.632783] AAAAA-TCP_FORW: name:enp0s3: saddr:100932208: daddr:33561200
[  322.716002] AAAAA-TCP_FORW: name:enp0s3: saddr:100932208: daddr:33561200
[  322.759054] AAAAA-TCP_FORW: name:enp0s3: saddr:100932208: daddr:33561200
[  322.869965] AAAAA-TCP_FORW: name:enp0s3: saddr:100932208: daddr:33561200
[  322.956400] AAAAA-TCP_FORW: name:enp0s3: saddr:100932208: daddr:33561200
[  323.054610] AAAAA-TCP_FORW: name:enp0s3: saddr:100932208: daddr:33561200
[  323.203669] AAAAA-TCP_FORW: name:enp0s3: saddr:100932208: daddr:33561200
[  323.313996] AAAAA-TCP_FORW: name:enp0s3: saddr:100932208: daddr:33561200
[  323.380878] AAAAA-TCP_FORW: name:enp0s3: saddr:100932208: daddr:33561200
[  323.498855] AAAAA-TCP_FORW: name:enp0s3: saddr:100932208: daddr:33561200
[  323.641967] AAAAA-TCP_FORW: name:enp0s3: saddr:100932208: daddr:33561200
[  323.770269] AAAAA-TCP_FORW: name:enp0s3: saddr:100932208: daddr:33561200
[  323.841456] AAAAA-TCP_FORW: name:enp0s3: saddr:100932208: daddr:33561200
[  323.875167] AAAAA-TCP_FORW: name:enp0s3: saddr:100932208: daddr:33561200
[  323.993519] AAAAA-TCP_FORW: name:enp0s3: saddr:100932208: daddr:33561200
[  324.034010] AAAAA-TCP_FORW: name:enp0s3: saddr:100932208: daddr:33561200
[  324.109439] AAAAA-TCP_FORW: name:enp0s3: saddr:100932208: daddr:33561200
[  324.182392] AAAAA-TCP_FORW: name:enp0s3: saddr:100932208: daddr:33561200
[  324.270447] AAAAA-TCP_FORW: name:enp0s3: saddr:100932208: daddr:33561200
[  324.315333] AAAAA-TCP_FORW: name:enp0s3: saddr:100932208: daddr:33561200
[  324.371530] AAAAA-TCP_FORW: name:enp0s3: saddr:100932208: daddr:33561200
[  324.423741] AAAAA-TCP_FORW: name:enp0s3: saddr:100932208: daddr:33561200
[  324.511592] AAAAA-TCP_FORW: name:enp0s3: saddr:100932208: daddr:33561200
[  324.595476] AAAAA-TCP_FORW: name:enp0s3: saddr:100932208: daddr:33561200
[  324.639063] AAAAA-TCP_FORW: name:enp0s3: saddr:100932208: daddr:33561200
[  324.779424] AAAAA-TCP_FORW: name:enp0s3: saddr:100932208: daddr:33561200
[  324.858524] AAAAA-TCP_FORW: name:enp0s3: saddr:100932208: daddr:16783984
[  324.860547] AAAAA-TCP_FORW: name:enp0s3: saddr:100932208: daddr:16783984
[  324.996088] AAAAA-TCP_FORW: name:enp0s3: saddr:100932208: daddr:16783984
[  325.076586] AAAAA-TCP_FORW: name:enp0s3: saddr:100932208: daddr:16783984
[  325.178411] AAAAA-TCP_FORW: name:enp0s3: saddr:100932208: daddr:16783984
[  325.343791] AAAAA-TCP_FORW: name:enp0s3: saddr:100932208: daddr:16783984
[  325.449268] AAAAA-TCP_FORW: name:enp0s3: saddr:100932208: daddr:16783984
[  325.544853] AAAAA-TCP_FORW: name:enp0s3: saddr:100932208: daddr:16783984
[  325.683526] AAAAA-TCP_FORW: name:enp0s3: saddr:100932208: daddr:16783984
[  325.713581] AAAAA-TCP_FORW: name:enp0s3: saddr:100932208: daddr:16783984
[  325.792524] AAAAA-TCP_FORW: name:enp0s3: saddr:100932208: daddr:16783984
[  325.940416] AAAAA-TCP_FORW: name:enp0s3: saddr:100932208: daddr:16783984
[  325.988025] AAAAA-TCP_FORW: name:enp0s3: saddr:100932208: daddr:16783984
[  326.120977] AAAAA-TCP_FORW: name:enp0s3: saddr:100932208: daddr:16783984
[  326.196766] AAAAA-TCP_FORW: name:enp0s3: saddr:100932208: daddr:33561200
[  326.325500] AAAAA-TCP_FORW: name:enp0s3: saddr:100932208: daddr:33561200
[  326.500981] AAAAA-TCP_FORW: name:enp0s3: saddr:100932208: daddr:33561200
[  326.631740] AAAAA-TCP_FORW: name:enp0s3: saddr:100932208: daddr:33561200
[  326.736442] AAAAA-TCP_FORW: name:enp0s3: saddr:100932208: daddr:33561200
[  326.798775] AAAAA-TCP_FORW: name:enp0s3: saddr:100932208: daddr:33561200
[  327.281289] AAAAA-TCP_FORW: name:enp0s3: saddr:100932208: daddr:33561200
[  327.400803] AAAAA-TCP_FORW: name:enp0s3: saddr:100932208: daddr:33561200
[  327.514559] AAAAA-TCP_FORW: name:enp0s3: saddr:100932208: daddr:33561200
[  327.655594] AAAAA-TCP_FORW: name:enp0s3: saddr:100932208: daddr:33561200
[  327.796655] AAAAA-TCP_FORW: name:enp0s3: saddr:100932208: daddr:33561200
[  327.917317] AAAAA-TCP_FORW: name:enp0s3: saddr:100932208: daddr:33561200
[  328.066890] AAAAA-TCP_FORW: name:enp0s3: saddr:100932208: daddr:33561200
[  328.234311] AAAAA-TCP_FORW: name:enp0s3: saddr:100932208: daddr:33561200
[  328.294016] AAAAA-TCP_FORW: name:enp0s3: saddr:100932208: daddr:33561200
[  328.450115] AAAAA-TCP_FORW: name:enp0s3: saddr:100932208: daddr:33561200
[  328.524864] AAAAA-TCP_FORW: name:enp0s3: saddr:100932208: daddr:33561200
[  328.663987] AAAAA-TCP_FORW: name:enp0s3: saddr:100932208: daddr:33561200
[  328.786111] AAAAA-TCP_FORW: name:enp0s3: saddr:100932208: daddr:33561200
[  329.051904] AAAAA-TCP_FORW: name:enp0s3: saddr:100932208: daddr:33561200
[  329.336427] AAAAA-TCP_FORW: name:enp0s3: saddr:100932208: daddr:33561200
[  329.606258] AAAAA-TCP_FORW: name:enp0s3: saddr:100932208: daddr:33561200
[  329.671026] AAAAA-TCP_FORW: name:enp0s3: saddr:100932208: daddr:33561200
[  329.851209] AAAAA-TCP_FORW: name:enp0s3: saddr:100932208: daddr:33561200
[  330.263673] AAAAA-TCP_FORW: name:enp0s3: saddr:100932208: daddr:33561200
[  330.475425] AAAAA-TCP_FORW: name:enp0s3: saddr:100932208: daddr:33561200
[  330.806930] AAAAA-TCP_FORW: name:enp0s3: saddr:100932208: daddr:33561200
[  331.032230] AAAAA-TCP_FORW: name:enp0s3: saddr:100932208: daddr:33561200
[  331.168700] AAAAA-TCP_FORW: name:enp0s3: saddr:100932208: daddr:33561200
[  331.693891] AAAAA-TCP_FORW: name:enp0s3: saddr:100932208: daddr:33561200
[  331.769562] AAAAA-TCP_FORW: name:enp0s3: saddr:100932208: daddr:33561200
[  331.892282] AAAAA-TCP_FORW: name:enp0s3: saddr:100932208: daddr:33561200
[  332.178334] AAAAA-TCP_FORW: name:enp0s3: saddr:100932208: daddr:33561200
[  332.349767] AAAAA-TCP_FORW: name:enp0s3: saddr:100932208: daddr:33561200
[  333.069682] AAAAA-TCP_FORW: name:enp0s3: saddr:100932208: daddr:33561200
[  333.218572] AAAAA-TCP_FORW: name:enp0s3: saddr:100932208: daddr:33561200
[  333.464292] AAAAA-TCP_FORW: name:enp0s3: saddr:100932208: daddr:33561200
[  333.586509] AAAAA-TCP_FORW: name:enp0s3: saddr:100932208: daddr:33561200
[  333.857470] AAAAA-TCP_FORW: name:enp0s3: saddr:100932208: daddr:33561200
[  333.948136] AAAAA-TCP_FORW: name:enp0s3: saddr:100932208: daddr:33561200
[  334.055441] AAAAA-TCP_FORW: name:enp0s3: saddr:100932208: daddr:16783984
[  334.131824] AAAAA-TCP_FORW: name:enp0s3: saddr:100932208: daddr:16783984
[  335.019856] AAAAA-TCP_FORW: name:enp0s3: saddr:100932208: daddr:16783984
[  335.141125] AAAAA-TCP_FORW: name:enp0s3: saddr:100932208: daddr:16783984
[  335.667027] AAAAA-TCP_FORW: name:enp0s3: saddr:100932208: daddr:16783984
[  336.327924] AAAAA-TCP_FORW: name:enp0s3: saddr:100932208: daddr:16783984
[  336.404439] AAAAA-TCP_FORW: name:enp0s3: saddr:100932208: daddr:16783984
[  336.559337] AAAAA-TCP_FORW: name:enp0s3: saddr:100932208: daddr:16783984
[  336.729581] AAAAA-TCP_FORW: name:enp0s3: saddr:100932208: daddr:16783984
[  336.896837] AAAAA-TCP_FORW: name:enp0s3: saddr:100932208: daddr:16783984
[  337.252137] AAAAA-TCP_FORW: name:enp0s3: saddr:100932208: daddr:16783984
[  523.872034] rfkill: input handler enabled
[  532.141985] rfkill: input handler disabled
[  706.583981] device enp0s3 left promiscuous mode
