[    0.000000] Linux version 5.4.243-mptcp (root@ztg) (gcc version 12.2.0 (Debian 12.2.0-14+deb12u1)) #53 SMP Wed Dec 24 23:28:15 CST 2025
[    0.000000] Command line: BOOT_IMAGE=/boot/vmlinuz-5.4.243-mptcp root=UUID=98415a12-53b7-4144-8265-0f7ece09e445 ro quiet splash
[    0.000000] KERNEL supported cpus:
[    0.000000]   Intel GenuineIntel
[    0.000000]   AMD AuthenticAMD
[    0.000000]   Hygon HygonGenuine
[    0.000000]   Centaur CentaurHauls
[    0.000000]   zhaoxin   Shanghai  
[    0.000000] x86/fpu: Supporting XSAVE feature 0x001: 'x87 floating point registers'
[    0.000000] x86/fpu: Supporting XSAVE feature 0x002: 'SSE registers'
[    0.000000] x86/fpu: Supporting XSAVE feature 0x004: 'AVX registers'
[    0.000000] x86/fpu: xstate_offset[2]:  576, xstate_sizes[2]:  256
[    0.000000] x86/fpu: Enabled xstate features 0x7, context size is 832 bytes, using 'standard' format.
[    0.000000] BIOS-provided physical RAM map:
[    0.000000] BIOS-e820: [mem 0x0000000000000000-0x000000000009fbff] usable
[    0.000000] BIOS-e820: [mem 0x000000000009fc00-0x000000000009ffff] reserved
[    0.000000] BIOS-e820: [mem 0x00000000000f0000-0x00000000000fffff] reserved
[    0.000000] BIOS-e820: [mem 0x0000000000100000-0x000000007ffeffff] usable
[    0.000000] BIOS-e820: [mem 0x000000007fff0000-0x000000007fffffff] ACPI data
[    0.000000] BIOS-e820: [mem 0x00000000fec00000-0x00000000fec00fff] reserved
[    0.000000] BIOS-e820: [mem 0x00000000fee00000-0x00000000fee00fff] reserved
[    0.000000] BIOS-e820: [mem 0x00000000fffc0000-0x00000000ffffffff] reserved
[    0.000000] NX (Execute Disable) protection: active
[    0.000000] SMBIOS 2.5 present.
[    0.000000] DMI: innotek GmbH VirtualBox/VirtualBox, BIOS VirtualBox 12/01/2006
[    0.000000] Hypervisor detected: KVM
[    0.000000] kvm-clock: Using msrs 4b564d01 and 4b564d00
[    0.000000] kvm-clock: cpu 0, msr 2de01001, primary cpu clock
[    0.000000] kvm-clock: using sched offset of 4447182299 cycles
[    0.000003] clocksource: kvm-clock: mask: 0xffffffffffffffff max_cycles: 0x1cd42e4dffb, max_idle_ns: 881590591483 ns
[    0.000005] tsc: Detected 2100.000 MHz processor
[    0.001875] e820: update [mem 0x00000000-0x00000fff] usable ==> reserved
[    0.001877] e820: remove [mem 0x000a0000-0x000fffff] usable
[    0.001881] last_pfn = 0x7fff0 max_arch_pfn = 0x400000000
[    0.001949] MTRR default type: uncachable
[    0.001950] MTRR fixed ranges enabled:
[    0.001951]   00000-9FFFF write-back
[    0.001952]   A0000-BFFFF uncachable
[    0.001953]   C0000-FFFFF write-protect
[    0.001954] MTRR variable ranges enabled:
[    0.001955]   0 base 000000000000 mask 3FFF80000000 write-back
[    0.001956]   1 disabled
[    0.001956]   2 disabled
[    0.001957]   3 disabled
[    0.001957]   4 disabled
[    0.001957]   5 disabled
[    0.001958]   6 disabled
[    0.001958]   7 disabled
[    0.001959]   8 disabled
[    0.001959]   9 disabled
[    0.001959]   10 disabled
[    0.001960]   11 disabled
[    0.001960]   12 disabled
[    0.001961]   13 disabled
[    0.001961]   14 disabled
[    0.001962]   15 disabled
[    0.001978] x86/PAT: Configuration [0-7]: WB  WC  UC- UC  WB  WP  UC- WT  
[    0.002111] found SMP MP-table at [mem 0x0009fff0-0x0009ffff]
[    0.091316] check: Scanning 1 areas for low memory corruption
[    0.091440] RAMDISK: [mem 0x32271000-0x3512ffff]
[    0.091449] ACPI: Early table checksum verification disabled
[    0.091454] ACPI: RSDP 0x00000000000E0000 000024 (v02 VBOX  )
[    0.091459] ACPI: XSDT 0x000000007FFF0030 00003C (v01 VBOX   VBOXXSDT 00000001 ASL  00000061)
[    0.091465] ACPI: FACP 0x000000007FFF00F0 0000F4 (v04 VBOX   VBOXFACP 00000001 ASL  00000061)
[    0.091472] ACPI: DSDT 0x000000007FFF02E0 002353 (v02 VBOX   VBOXBIOS 00000002 VBOX 00029BF3)
[    0.091476] ACPI: FACS 0x000000007FFF0200 000040
[    0.091479] ACPI: FACS 0x000000007FFF0200 000040
[    0.091483] ACPI: APIC 0x000000007FFF0240 000054 (v02 VBOX   VBOXAPIC 00000001 ASL  00000061)
[    0.091486] ACPI: SSDT 0x000000007FFF02A0 000038 (v01 VBOX   VBOXCPUT 00000002 VBOX 00029BF3)
[    0.091490] ACPI: Reserving FACP table memory at [mem 0x7fff00f0-0x7fff01e3]
[    0.091490] ACPI: Reserving DSDT table memory at [mem 0x7fff02e0-0x7fff2632]
[    0.091491] ACPI: Reserving FACS table memory at [mem 0x7fff0200-0x7fff023f]
[    0.091492] ACPI: Reserving FACS table memory at [mem 0x7fff0200-0x7fff023f]
[    0.091493] ACPI: Reserving APIC table memory at [mem 0x7fff0240-0x7fff0293]
[    0.091493] ACPI: Reserving SSDT table memory at [mem 0x7fff02a0-0x7fff02d7]
[    0.091508] ACPI: Local APIC address 0xfee00000
[    0.091698] No NUMA configuration found
[    0.091699] Faking a node at [mem 0x0000000000000000-0x000000007ffeffff]
[    0.091709] NODE_DATA(0) allocated [mem 0x7ffc5000-0x7ffeffff]
[    0.091970] Zone ranges:
[    0.091971]   DMA      [mem 0x0000000000001000-0x0000000000ffffff]
[    0.091972]   DMA32    [mem 0x0000000001000000-0x000000007ffeffff]
[    0.091973]   Normal   empty
[    0.091974]   Device   empty
[    0.091975] Movable zone start for each node
[    0.091977] Early memory node ranges
[    0.091977]   node   0: [mem 0x0000000000001000-0x000000000009efff]
[    0.091978]   node   0: [mem 0x0000000000100000-0x000000007ffeffff]
[    0.091981] Zeroed struct page in unavailable ranges: 114 pages
[    0.091982] Initmem setup node 0 [mem 0x0000000000001000-0x000000007ffeffff]
[    0.091983] On node 0 totalpages: 524174
[    0.091984]   DMA zone: 64 pages used for memmap
[    0.091985]   DMA zone: 21 pages reserved
[    0.091986]   DMA zone: 3998 pages, LIFO batch:0
[    0.092056]   DMA32 zone: 8128 pages used for memmap
[    0.092056]   DMA32 zone: 520176 pages, LIFO batch:63
[    0.101011] ACPI: PM-Timer IO Port: 0x4008
[    0.101015] ACPI: Local APIC address 0xfee00000
[    0.101084] IOAPIC[0]: apic_id 1, version 32, address 0xfec00000, GSI 0-23
[    0.101087] ACPI: INT_SRC_OVR (bus 0 bus_irq 0 global_irq 2 dfl dfl)
[    0.101089] ACPI: INT_SRC_OVR (bus 0 bus_irq 9 global_irq 9 low level)
[    0.101091] ACPI: IRQ0 used by override.
[    0.101092] ACPI: IRQ9 used by override.
[    0.101095] Using ACPI (MADT) for SMP configuration information
[    0.101101] smpboot: Allowing 1 CPUs, 0 hotplug CPUs
[    0.101124] PM: Registered nosave memory: [mem 0x00000000-0x00000fff]
[    0.101126] PM: Registered nosave memory: [mem 0x0009f000-0x0009ffff]
[    0.101126] PM: Registered nosave memory: [mem 0x000a0000-0x000effff]
[    0.101127] PM: Registered nosave memory: [mem 0x000f0000-0x000fffff]
[    0.101129] [mem 0x80000000-0xfebfffff] available for PCI devices
[    0.101129] Booting paravirtualized kernel on KVM
[    0.101133] clocksource: refined-jiffies: mask: 0xffffffff max_cycles: 0xffffffff, max_idle_ns: 7645519600211568 ns
[    0.101138] setup_percpu: NR_CPUS:8192 nr_cpumask_bits:1 nr_cpu_ids:1 nr_node_ids:1
[    0.102146] percpu: Embedded 60 pages/cpu s208896 r8192 d28672 u2097152
[    0.102151] pcpu-alloc: s208896 r8192 d28672 u2097152 alloc=1*2097152
[    0.102152] pcpu-alloc: [0] 0 
[    0.102180] Built 1 zonelists, mobility grouping on.  Total pages: 515961
[    0.102181] Policy zone: DMA32
[    0.102182] Kernel command line: BOOT_IMAGE=/boot/vmlinuz-5.4.243-mptcp root=UUID=98415a12-53b7-4144-8265-0f7ece09e445 ro quiet splash
[    0.103020] Dentry cache hash table entries: 262144 (order: 9, 2097152 bytes, linear)
[    0.103167] Inode-cache hash table entries: 131072 (order: 8, 1048576 bytes, linear)
[    0.103218] mem auto-init: stack:off, heap alloc:on, heap free:off
[    0.103221] Calgary: detecting Calgary via BIOS EBDA area
[    0.103222] Calgary: Unable to locate Rio Grande table in EBDA - bailing!
[    0.107333] Memory: 1967332K/2096696K available (14339K kernel code, 2398K rwdata, 4712K rodata, 2728K init, 17260K bss, 129364K reserved, 0K cma-reserved)
[    0.108255] SLUB: HWalign=64, Order=0-3, MinObjects=0, CPUs=1, Nodes=1
[    0.108272] ftrace: allocating 43186 entries in 169 pages
[    0.126393] rcu: Hierarchical RCU implementation.
[    0.126395] rcu: 	RCU restricting CPUs from NR_CPUS=8192 to nr_cpu_ids=1.
[    0.126397] 	Tasks RCU enabled.
[    0.126398] rcu: RCU calculated value of scheduler-enlistment delay is 25 jiffies.
[    0.126398] rcu: Adjusting geometry for rcu_fanout_leaf=16, nr_cpu_ids=1
[    0.129349] NR_IRQS: 524544, nr_irqs: 256, preallocated irqs: 16
[    0.129565] random: crng init done
[    0.138852] Console: colour VGA+ 80x25
[    0.138856] printk: console [tty0] enabled
[    0.138875] ACPI: Core revision 20190816
[    0.138972] APIC: Switch to symmetric I/O mode setup
[    0.139225] x2apic enabled
[    0.139462] Switched APIC routing to physical x2apic.
[    0.140595] ..TIMER: vector=0x30 apic1=0 pin1=2 apic2=-1 pin2=-1
[    0.140624] clocksource: tsc-early: mask: 0xffffffffffffffff max_cycles: 0x1e4530a99b6, max_idle_ns: 440795257976 ns
[    0.140630] Calibrating delay loop (skipped) preset value.. 4200.00 BogoMIPS (lpj=8400000)
[    0.140632] pid_max: default: 32768 minimum: 301
[    0.140660] LSM: Security Framework initializing
[    0.140670] Yama: becoming mindful.
[    0.140697] AppArmor: AppArmor initialized
[    0.140730] Mount-cache hash table entries: 4096 (order: 3, 32768 bytes, linear)
[    0.140735] Mountpoint-cache hash table entries: 4096 (order: 3, 32768 bytes, linear)
[    0.140745] *** VALIDATE tmpfs ***
[    0.140875] *** VALIDATE proc ***
[    0.140916] *** VALIDATE cgroup1 ***
[    0.140917] *** VALIDATE cgroup2 ***
[    0.141058] process: using mwait in idle threads
[    0.141063] Last level iTLB entries: 4KB 64, 2MB 8, 4MB 8
[    0.141064] Last level dTLB entries: 4KB 64, 2MB 0, 4MB 0, 1GB 4
[    0.141084] Spectre V1 : Mitigation: usercopy/swapgs barriers and __user pointer sanitization
[    0.141090] Spectre V2 : Mitigation: Retpolines
[    0.141090] Spectre V2 : Spectre v2 / SpectreRSB mitigation: Filling RSB on context switch
[    0.141091] Spectre V2 : Spectre v2 / SpectreRSB : Filling RSB on VMEXIT
[    0.141092] RETBleed: WARNING: Spectre v2 mitigation leaves CPU vulnerable to RETBleed attacks, data leaks possible!
[    0.141450] RETBleed: Vulnerable
[    0.141450] Speculative Store Bypass: Vulnerable
[    0.141455] TAA: Mitigation: TSX disabled
[    0.141456] MMIO Stale Data: Mitigation: Clear CPU buffers
[    0.145706] Freeing SMP alternatives memory: 40K
[    0.257964] smpboot: CPU0: Intel(R) Xeon(R) Silver 4216 CPU @ 2.10GHz (family: 0x6, model: 0x55, stepping: 0x7)
[    0.258103] Performance Events: unsupported p6 CPU model 85 no PMU driver, software events only.
[    0.258140] rcu: Hierarchical SRCU implementation.
[    0.258620] NMI watchdog: Perf NMI watchdog permanently disabled
[    0.258658] smp: Bringing up secondary CPUs ...
[    0.258660] smp: Brought up 1 node, 1 CPU
[    0.258661] smpboot: Max logical packages: 1
[    0.258662] smpboot: Total of 1 processors activated (4200.00 BogoMIPS)
[    0.259649] devtmpfs: initialized
[    0.259697] x86/mm: Memory block size: 128MB
[    0.260048] clocksource: jiffies: mask: 0xffffffff max_cycles: 0xffffffff, max_idle_ns: 7645041785100000 ns
[    0.260054] futex hash table entries: 256 (order: 2, 16384 bytes, linear)
[    0.260097] pinctrl core: initialized pinctrl subsystem
[    0.260200] PM: RTC time: 20:52:45, date: 2026-01-19
[    0.260306] NET: Registered protocol family 16
[    0.260380] audit: initializing netlink subsys (disabled)
[    0.260508] EISA bus registered
[    0.260509] cpuidle: using governor ladder
[    0.260510] cpuidle: using governor menu
[    0.260547] ACPI: bus type PCI registered
[    0.260549] acpiphp: ACPI Hot Plug PCI Controller Driver version: 0.5
[    0.260626] PCI: Using configuration type 1 for base access
[    0.260945] audit: type=2000 audit(1768827172.009:1): state=initialized audit_enabled=0 res=1
[    0.261025] HugeTLB registered 2.00 MiB page size, pre-allocated 0 pages
[    0.261861] ACPI: Added _OSI(Module Device)
[    0.261862] ACPI: Added _OSI(Processor Device)
[    0.261863] ACPI: Added _OSI(3.0 _SCP Extensions)
[    0.261863] ACPI: Added _OSI(Processor Aggregator Device)
[    0.261864] ACPI: Added _OSI(Linux-Dell-Video)
[    0.261865] ACPI: Added _OSI(Linux-Lenovo-NV-HDMI-Audio)
[    0.261866] ACPI: Added _OSI(Linux-HPI-Hybrid-Graphics)
[    0.263813] ACPI: 2 ACPI AML tables successfully acquired and loaded
[    0.265466] ACPI: Interpreter enabled
[    0.265476] ACPI: (supports S0 S5)
[    0.265477] ACPI: Using IOAPIC for interrupt routing
[    0.265683] PCI: Using host bridge windows from ACPI; if necessary, use "pci=nocrs" and report a bug
[    0.265791] ACPI: Enabled 2 GPEs in block 00 to 07
[    0.270657] ACPI: PCI Root Bridge [PCI0] (domain 0000 [bus 00-ff])
[    0.270662] acpi PNP0A03:00: _OSC: OS supports [ASPM ClockPM Segments MSI HPX-Type3]
[    0.271107] acpi PNP0A03:00: _OSC: not requesting OS control; OS requires [ExtendedConfig ASPM ClockPM MSI]
[    0.271115] acpi PNP0A03:00: fail to add MMCONFIG information, can't access extended PCI configuration space under this bridge.
[    0.271489] PCI host bridge to bus 0000:00
[    0.271491] pci_bus 0000:00: root bus resource [io  0x0000-0x0cf7 window]
[    0.271492] pci_bus 0000:00: root bus resource [io  0x0d00-0xffff window]
[    0.271494] pci_bus 0000:00: root bus resource [mem 0x000a0000-0x000bffff window]
[    0.271495] pci_bus 0000:00: root bus resource [mem 0x80000000-0xfdffffff window]
[    0.271496] pci_bus 0000:00: root bus resource [bus 00-ff]
[    0.271539] pci 0000:00:00.0: [8086:1237] type 00 class 0x060000
[    0.272483] pci 0000:00:01.0: [8086:7000] type 00 class 0x060100
[    0.273316] pci 0000:00:01.1: [8086:7111] type 00 class 0x01018a
[    0.273698] pci 0000:00:01.1: reg 0x20: [io  0xd000-0xd00f]
[    0.273863] pci 0000:00:01.1: legacy IDE quirk: reg 0x10: [io  0x01f0-0x01f7]
[    0.273864] pci 0000:00:01.1: legacy IDE quirk: reg 0x14: [io  0x03f6]
[    0.273865] pci 0000:00:01.1: legacy IDE quirk: reg 0x18: [io  0x0170-0x0177]
[    0.273866] pci 0000:00:01.1: legacy IDE quirk: reg 0x1c: [io  0x0376]
[    0.274408] pci 0000:00:02.0: [15ad:0405] type 00 class 0x030000
[    0.276702] pci 0000:00:02.0: reg 0x10: [io  0xd010-0xd01f]
[    0.280672] pci 0000:00:02.0: reg 0x14: [mem 0xe0000000-0xe7ffffff pref]
[    0.283276] pci 0000:00:02.0: reg 0x18: [mem 0xf0000000-0xf01fffff]
[    0.293427] pci 0000:00:03.0: [1022:2000] type 00 class 0x020000
[    0.294141] pci 0000:00:03.0: reg 0x10: [io  0xd020-0xd03f]
[    0.294758] pci 0000:00:03.0: reg 0x14: [mem 0xf0200000-0xf0200fff]
[    0.298094] pci 0000:00:04.0: [80ee:cafe] type 00 class 0x088000
[    0.298764] pci 0000:00:04.0: reg 0x10: [io  0xd040-0xd05f]
[    0.299374] pci 0000:00:04.0: reg 0x14: [mem 0xf0400000-0xf07fffff]
[    0.300741] pci 0000:00:04.0: reg 0x18: [mem 0xf0800000-0xf0803fff pref]
[    0.304269] pci 0000:00:07.0: [8086:7113] type 00 class 0x068000
[    0.304885] pci 0000:00:07.0: quirk: [io  0x4000-0x403f] claimed by PIIX4 ACPI
[    0.304896] pci 0000:00:07.0: quirk: [io  0x4100-0x410f] claimed by PIIX4 SMB
[    0.305507] pci 0000:00:08.0: [8086:100e] type 00 class 0x020000
[    0.306231] pci 0000:00:08.0: reg 0x10: [mem 0xf0820000-0xf083ffff]
[    0.307396] pci 0000:00:08.0: reg 0x18: [io  0xd060-0xd067]
[    0.310269] pci 0000:00:09.0: [8086:100e] type 00 class 0x020000
[    0.310984] pci 0000:00:09.0: reg 0x10: [mem 0xf0840000-0xf085ffff]
[    0.312197] pci 0000:00:09.0: reg 0x18: [io  0xd068-0xd06f]
[    0.321751] ACPI: PCI Interrupt Link [LNKA] (IRQs 5 9 10 *11)
[    0.322037] ACPI: PCI Interrupt Link [LNKB] (IRQs 5 9 *10 11)
[    0.322138] ACPI: PCI Interrupt Link [LNKC] (IRQs 5 *9 10 11)
[    0.322245] ACPI: PCI Interrupt Link [LNKD] (IRQs 5 9 10 *11)
[    0.322515] iommu: Default domain type: Translated 
[    0.324682] pci 0000:00:02.0: vgaarb: setting as boot VGA device
[    0.324684] pci 0000:00:02.0: vgaarb: VGA device added: decodes=io+mem,owns=io+mem,locks=none
[    0.324686] pci 0000:00:02.0: vgaarb: bridge control possible
[    0.324686] vgaarb: loaded
[    0.324903] SCSI subsystem initialized
[    0.324932] libata version 3.00 loaded.
[    0.324955] ACPI: bus type USB registered
[    0.324971] usbcore: registered new interface driver usbfs
[    0.324977] usbcore: registered new interface driver hub
[    0.324982] usbcore: registered new device driver usb
[    0.325011] pps_core: LinuxPPS API ver. 1 registered
[    0.325011] pps_core: Software ver. 5.3.6 - Copyright 2005-2007 Rodolfo Giometti <giometti@linux.it>
[    0.325013] PTP clock support registered
[    0.325048] EDAC MC: Ver: 3.0.0
[    0.325334] PCI: Using ACPI for IRQ routing
[    0.325336] PCI: pci_cache_line_size set to 64 bytes
[    0.325512] e820: reserve RAM buffer [mem 0x0009fc00-0x0009ffff]
[    0.325515] e820: reserve RAM buffer [mem 0x7fff0000-0x7fffffff]
[    0.326325] NetLabel: Initializing
[    0.326326] NetLabel:  domain hash size = 128
[    0.326327] NetLabel:  protocols = UNLABELED CIPSOv4 CALIPSO
[    0.326347] NetLabel:  unlabeled traffic allowed by default
[    0.327249] clocksource: Switched to clocksource kvm-clock
[    0.338885] *** VALIDATE bpf ***
[    0.338944] VFS: Disk quotas dquot_6.6.0
[    0.338956] VFS: Dquot-cache hash table entries: 512 (order 0, 4096 bytes)
[    0.338977] *** VALIDATE ramfs ***
[    0.338980] *** VALIDATE hugetlbfs ***
[    0.339060] AppArmor: AppArmor Filesystem Enabled
[    0.339085] pnp: PnP ACPI init
[    0.339146] pnp 00:00: Plug and Play ACPI device, IDs PNP0303 (active)
[    0.339230] pnp 00:01: Plug and Play ACPI device, IDs PNP0f03 (active)
[    0.339980] pnp: PnP ACPI: found 2 devices
[    0.340931] thermal_sys: Registered thermal governor 'fair_share'
[    0.340931] thermal_sys: Registered thermal governor 'bang_bang'
[    0.340932] thermal_sys: Registered thermal governor 'step_wise'
[    0.340933] thermal_sys: Registered thermal governor 'user_space'
[    0.340933] thermal_sys: Registered thermal governor 'power_allocator'
[    0.345459] clocksource: acpi_pm: mask: 0xffffff max_cycles: 0xffffff, max_idle_ns: 2085701024 ns
[    0.345499] pci_bus 0000:00: resource 4 [io  0x0000-0x0cf7 window]
[    0.345500] pci_bus 0000:00: resource 5 [io  0x0d00-0xffff window]
[    0.345502] pci_bus 0000:00: resource 6 [mem 0x000a0000-0x000bffff window]
[    0.345503] pci_bus 0000:00: resource 7 [mem 0x80000000-0xfdffffff window]
[    0.345559] NET: Registered protocol family 2
[    0.345633] IP idents hash table entries: 32768 (order: 6, 262144 bytes, linear)
[    0.346037] MPTCP tokens hash table entries: 8192 (order: 4, 65536 bytes, linear)
[    0.346057] MPTCP request tokens hash table entries: 8192 (order: 4, 65536 bytes, linear)
[    0.346082] default registered
[    0.346082] default registered
[    0.346083] MPTCP: Stable release v0.96
[    0.346088] tcp_listen_portaddr_hash hash table entries: 1024 (order: 2, 16384 bytes, linear)
[    0.346168] TCP established hash table entries: 16384 (order: 5, 131072 bytes, linear)
[    0.346230] TCP bind hash table entries: 16384 (order: 6, 262144 bytes, linear)
[    0.346256] TCP: Hash tables configured (established 16384 bind 16384)
[    0.346946] UDP hash table entries: 1024 (order: 3, 32768 bytes, linear)
[    0.346958] UDP-Lite hash table entries: 1024 (order: 3, 32768 bytes, linear)
[    0.346990] NET: Registered protocol family 1
[    0.346998] NET: Registered protocol family 44
[    0.347018] pci 0000:00:00.0: Limiting direct PCI/PCI transfers
[    0.347033] pci 0000:00:01.0: Activating ISA DMA hang workarounds
[    0.347130] pci 0000:00:02.0: Video device with shadowed ROM at [mem 0x000c0000-0x000dffff]
[    0.347190] PCI: CLS 0 bytes, default 64
[    0.347241] Trying to unpack rootfs image as initramfs...
[    0.519726] Freeing initrd memory: 47868K
[    0.519726] clocksource: tsc: mask: 0xffffffffffffffff max_cycles: 0x1e4530a99b6, max_idle_ns: 440795257976 ns
[    0.519726] clocksource: Switched to clocksource tsc
[    0.519726] platform rtc_cmos: registered platform RTC device (no PNP device found)
[    0.519726] check: Scanning for low memory corruption every 60 seconds
[    0.519726] Initialise system trusted keyrings
[    0.519726] Key type blacklist registered
[    0.519726] workingset: timestamp_bits=36 max_order=19 bucket_order=0
[    0.519726] zbud: loaded
[    0.519726] squashfs: version 4.0 (2009/01/31) Phillip Lougher
[    0.519726] fuse: init (API version 7.31)
[    0.519726] *** VALIDATE fuse ***
[    0.519726] *** VALIDATE fuse ***
[    0.519726] Platform Keyring initialized
[    0.532160] Key type asymmetric registered
[    0.532161] Asymmetric key parser 'x509' registered
[    0.532170] Block layer SCSI generic (bsg) driver version 0.4 loaded (major 244)
[    0.532212] io scheduler mq-deadline registered
[    0.532334] shpchp: Standard Hot Plug PCI Controller Driver version: 0.4
[    0.532539] ACPI: AC Adapter [AC] (on-line)
[    0.532583] input: Power Button as /devices/LNXSYSTM:00/LNXPWRBN:00/input/input0
[    0.532613] ACPI: Power Button [PWRF]
[    0.532687] input: Sleep Button as /devices/LNXSYSTM:00/LNXSLPBN:00/input/input1
[    0.532702] ACPI: Sleep Button [SLPF]
[    0.532960] Serial: 8250/16550 driver, 32 ports, IRQ sharing enabled
[    0.534115] Linux agpgart interface v0.103
[    0.623114] loop: module loaded
[    0.623274] ata_piix 0000:00:01.1: version 2.13
[    0.623700] scsi host0: ata_piix
[    0.623793] scsi host1: ata_piix
[    0.623819] ata1: PATA max UDMA/33 cmd 0x1f0 ctl 0x3f6 bmdma 0xd000 irq 14
[    0.623820] ata2: PATA max UDMA/33 cmd 0x170 ctl 0x376 bmdma 0xd008 irq 15
[    0.623906] tun: Universal TUN/TAP device driver, 1.6
[    0.624211] PPP generic driver version 2.4.2
[    0.624253] VFIO - User Level meta-driver version: 0.3
[    0.624487] ehci_hcd: USB 2.0 'Enhanced' Host Controller (EHCI) Driver
[    0.624492] ehci-pci: EHCI PCI platform driver
[    0.624508] ehci-platform: EHCI generic platform driver
[    0.624514] ohci_hcd: USB 1.1 'Open' Host Controller (OHCI) Driver
[    0.624515] ohci-pci: OHCI PCI platform driver
[    0.624523] ohci-platform: OHCI generic platform driver
[    0.624527] uhci_hcd: USB Universal Host Controller Interface driver
[    0.624593] i8042: PNP: PS/2 Controller [PNP0303:PS2K,PNP0f03:PS2M] at 0x60,0x64 irq 1,12
[    0.625030] serio: i8042 KBD port at 0x60,0x64 irq 1
[    0.625034] serio: i8042 AUX port at 0x60,0x64 irq 12
[    0.625121] mousedev: PS/2 mouse device common for all mice
[    0.625376] input: AT Translated Set 2 keyboard as /devices/platform/i8042/serio0/input/input2
[    0.625774] rtc_cmos rtc_cmos: registered as rtc0
[    0.625788] rtc_cmos rtc_cmos: alarms up to one day, 114 bytes nvram
[    0.625794] i2c /dev entries driver
[    0.625836] device-mapper: uevent: version 1.0.3
[    0.625879] device-mapper: ioctl: 4.41.0-ioctl (2019-09-16) initialised: dm-devel@redhat.com
[    0.625894] platform eisa.0: Probing EISA bus 0
[    0.625895] platform eisa.0: EISA: Cannot allocate resource for mainboard
[    0.625897] platform eisa.0: Cannot allocate resource for EISA slot 1
[    0.625898] platform eisa.0: Cannot allocate resource for EISA slot 2
[    0.625899] platform eisa.0: Cannot allocate resource for EISA slot 3
[    0.625900] platform eisa.0: Cannot allocate resource for EISA slot 4
[    0.625901] platform eisa.0: Cannot allocate resource for EISA slot 5
[    0.625902] platform eisa.0: Cannot allocate resource for EISA slot 6
[    0.625902] platform eisa.0: Cannot allocate resource for EISA slot 7
[    0.625903] platform eisa.0: Cannot allocate resource for EISA slot 8
[    0.625904] platform eisa.0: EISA: Detected 0 cards
[    0.625907] intel_pstate: CPU model not supported
[    0.625917] ledtrig-cpu: registered to indicate activity on CPUs
[    0.625972] drop_monitor: Initializing network drop monitor service
[    0.626130] NET: Registered protocol family 10
[    0.631234] Segment Routing with IPv6
[    0.631244] fullmesh registered
[    0.631244] ndiffports registered
[    0.631244] binder registered
[    0.631244] roundrobin registered
[    0.631244] redundant registered
[    0.631244] blest registered
[    0.631244] ecf registered
[    0.631244] NET: Registered protocol family 17
[    0.631244] Key type dns_resolver registered
[    0.631244] RAS: Correctable Errors collector initialized.
[    0.631244] IPI shorthand broadcast: enabled
[    0.631244] sched_clock: Marking stable (616172951, 11071957)->(629367920, -2123012)
[    0.631477] registered taskstats version 1
[    0.631485] Loading compiled-in X.509 certificates
[    0.632084] Loaded X.509 cert 'Build time autogenerated kernel key: 6909f3744cebb3d0de528d5887b96a727de79b1e'
[    0.632102] zswap: loaded using pool lzo/zbud
[    0.632155] Key type ._fscrypt registered
[    0.632156] Key type .fscrypt registered
[    0.636570] Key type big_key registered
[    0.638774] Key type encrypted registered
[    0.638777] AppArmor: AppArmor sha1 policy hashing enabled
[    0.638784] ima: No TPM chip found, activating TPM-bypass!
[    0.638787] ima: Allocated hash algorithm: sha1
[    0.638792] ima: No architecture policies found
[    0.638801] evm: Initialising EVM extended attributes:
[    0.638802] evm: security.selinux
[    0.638803] evm: security.SMACK64
[    0.638803] evm: security.SMACK64EXEC
[    0.638804] evm: security.SMACK64TRANSMUTE
[    0.638804] evm: security.SMACK64MMAP
[    0.638804] evm: security.apparmor
[    0.638805] evm: security.ima
[    0.638805] evm: security.capability
[    0.638806] evm: HMAC attrs: 0x1
[    0.639101] PM:   Magic number: 10:857:902
[    0.639132] acpi PNP0501:02: hash matches
[    0.639220] rtc_cmos rtc_cmos: setting system clock to 2026-01-19T20:52:46 UTC (1768855966)
[    0.795850] ata1.00: ATA-6: VBOX HARDDISK, 1.0, max UDMA/133
[    0.795853] ata1.00: 209715200 sectors, multi 128: LBA 
[    0.796469] scsi 0:0:0:0: Direct-Access     ATA      VBOX HARDDISK    1.0  PQ: 0 ANSI: 5
[    0.796743] sd 0:0:0:0: [sda] 209715200 512-byte logical blocks: (107 GB/100 GiB)
[    0.796755] sd 0:0:0:0: [sda] Write Protect is off
[    0.796757] sd 0:0:0:0: [sda] Mode Sense: 00 3a 00 00
[    0.796775] sd 0:0:0:0: [sda] Write cache: enabled, read cache: enabled, doesn't support DPO or FUA
[    0.797074] sd 0:0:0:0: Attached scsi generic sg0 type 0
[    0.797855]  sda: sda1 sda2
[    0.807286] sd 0:0:0:0: [sda] Attached SCSI disk
[    0.810251] Freeing unused decrypted memory: 2040K
[    0.811155] Freeing unused kernel image memory: 2728K
[    0.811158] Write protecting the kernel read-only data: 22528k
[    0.812103] Freeing unused kernel image memory: 2036K
[    0.812620] Freeing unused kernel image memory: 1432K
[    0.835911] x86/mm: Checked W+X mappings: passed, no W+X pages found.
[    0.835916] Run /init as init process
[    0.945984] ACPI: Video Device [GFX0] (multi-head: yes  rom: no  post: no)
[    0.946058] input: Video Bus as /devices/LNXSYSTM:00/LNXSYBUS:00/PNP0A03:00/LNXVIDEO:00/input/input4
[    0.961688] piix4_smbus 0000:00:07.0: SMBus Host Controller at 0x4100, revision 0
[    0.964236] e1000: Intel(R) PRO/1000 Network Driver - version 7.3.21-k8-NAPI
[    0.964236] e1000: Copyright (c) 1999-2006 Intel Corporation.
[    0.975347] pcnet32: pcnet32.c:v1.35 21.Apr.2008 tsbogend@alpha.franken.de
[    0.985375] pcnet32: PCnet/FAST III 79C973 at 0xd020, 08:00:27:ad:95:5b assigned IRQ 19
[    0.985419] pcnet32: Found PHY 0022:561b at address 0
[    0.985722] pcnet32: eth0: registered as PCnet/FAST III 79C973
[    0.990495] pcnet32: 1 cards_found
[    1.037920] pcnet32 0000:00:03.0 enp0s3: renamed from eth0
[    1.184377] input: ImExPS/2 Generic Explorer Mouse as /devices/platform/i8042/serio1/input/input5
[    1.375404] e1000 0000:00:08.0 eth0: (PCI:33MHz:32-bit) 08:00:27:5d:9f:e6
[    1.375431] e1000 0000:00:08.0 eth0: Intel(R) PRO/1000 Network Connection
[    1.747391] e1000 0000:00:09.0 eth1: (PCI:33MHz:32-bit) 08:00:27:1a:fa:e0
[    1.747393] e1000 0000:00:09.0 eth1: Intel(R) PRO/1000 Network Connection
[    1.748573] e1000 0000:00:08.0 enp0s8: renamed from eth0
[    1.750357] e1000 0000:00:09.0 enp0s9: renamed from eth1
[    1.904376] EXT4-fs (sda2): mounted filesystem with ordered data mode. Opts: (null)
[    1.996005] systemd[1]: Inserted module 'autofs4'
[    2.008174] systemd[1]: systemd 245.4-4ubuntu3 running in system mode. (+PAM +AUDIT +SELINUX +IMA +APPARMOR +SMACK +SYSVINIT +UTMP +LIBCRYPTSETUP +GCRYPT +GNUTLS +ACL +XZ +LZ4 +SECCOMP +BLKID +ELFUTILS +KMOD +IDN2 -IDN +PCRE2 default-hierarchy=hybrid)
[    2.008206] systemd[1]: Detected virtualization oracle.
[    2.008210] systemd[1]: Detected architecture x86-64.
[    2.009514] systemd[1]: Set hostname to <ztg>.
[    2.137068] systemd[1]: /lib/systemd/system/dbus.socket:5: ListenStream= references a path below legacy directory /var/run/, updating /var/run/dbus/system_bus_socket â†’ /run/dbus/system_bus_socket; please update the unit file accordingly.
[    2.190241] systemd[1]: Created slice system-modprobe.slice.
[    2.190425] systemd[1]: Created slice User and Session Slice.
[    2.190469] systemd[1]: Started Forward Password Requests to Wall Directory Watch.
[    2.190636] systemd[1]: Set up automount Arbitrary Executable File Formats File System Automount Point.
[    2.190670] systemd[1]: Reached target User and Group Name Lookups.
[    2.190679] systemd[1]: Reached target Remote File Systems.
[    2.190687] systemd[1]: Reached target Slices.
[    2.191274] systemd[1]: Listening on Syslog Socket.
[    2.191344] systemd[1]: Listening on fsck to fsckd communication Socket.
[    2.191384] systemd[1]: Listening on initctl Compatibility Named Pipe.
[    2.191521] systemd[1]: Listening on Journal Audit Socket.
[    2.191573] systemd[1]: Listening on Journal Socket (/dev/log).
[    2.191654] systemd[1]: Listening on Journal Socket.
[    2.191719] systemd[1]: Listening on udev Control Socket.
[    2.191759] systemd[1]: Listening on udev Kernel Socket.
[    2.192522] systemd[1]: Mounting Huge Pages File System...
[    2.193438] systemd[1]: Mounting POSIX Message Queue File System...
[    2.194339] systemd[1]: Mounting Kernel Debug File System...
[    2.195185] systemd[1]: Mounting Kernel Trace File System...
[    2.197142] systemd[1]: Starting Journal Service...
[    2.226884] systemd[1]: Starting Set the console keyboard layout...
[    2.229162] systemd[1]: Starting Create list of static device nodes for the current kernel...
[    2.234850] systemd[1]: Starting Load Kernel Module drm...
[    2.238190] systemd[1]: Condition check resulted in Set Up Additional Binary Formats being skipped.
[    2.238632] systemd[1]: Condition check resulted in File System Check on Root Device being skipped.
[    2.245948] systemd[1]: Starting Load Kernel Modules...
[    2.246724] systemd[1]: Starting Remount Root and Kernel File Systems...
[    2.247543] systemd[1]: Starting udev Coldplug all Devices...
[    2.248352] systemd[1]: Starting Uncomplicated firewall...
[    2.249836] systemd[1]: Mounted Huge Pages File System.
[    2.249932] systemd[1]: Mounted POSIX Message Queue File System.
[    2.250003] systemd[1]: Mounted Kernel Debug File System.
[    2.250071] systemd[1]: Mounted Kernel Trace File System.
[    2.298714] systemd[1]: Finished Create list of static device nodes for the current kernel.
[    2.299059] systemd[1]: modprobe@drm.service: Succeeded.
[    2.300669] systemd[1]: Finished Load Kernel Module drm.
[    2.301521] systemd[1]: Finished Uncomplicated firewall.
[    2.302902] EXT4-fs (sda2): re-mounted. Opts: errors=remount-ro
[    2.306430] systemd[1]: Finished Remount Root and Kernel File Systems.
[    2.323553] systemd[1]: Condition check resulted in Rebuild Hardware Database being skipped.
[    2.323594] systemd[1]: Condition check resulted in Platform Persistent Storage Archival being skipped.
[    2.331483] systemd[1]: Starting Load/Save Random Seed...
[    2.338706] systemd[1]: Starting Create System Users...
[    2.363297] systemd[1]: Finished Load/Save Random Seed.
[    2.366011] systemd[1]: Finished Create System Users.
[    2.366800] systemd[1]: Starting Create Static Device Nodes in /dev...
[    2.388700] lp: driver loaded but no devices found
[    2.397213] ppdev: user-space parallel port driver
[    2.424448] systemd[1]: Finished Create Static Device Nodes in /dev.
[    2.425380] systemd[1]: Starting udev Kernel Device Manager...
[    2.436735] systemd[1]: Finished udev Coldplug all Devices.
[    2.471868] [drm] DMA map mode: Caching DMA mappings.
[    2.471932] [drm] Capabilities:
[    2.471932] [drm]   Rect copy.
[    2.471933] [drm]   Cursor.
[    2.471933] [drm]   Cursor bypass.
[    2.471933] [drm]   Cursor bypass 2.
[    2.471934] [drm]   Alpha cursor.
[    2.471934] [drm]   Extended Fifo.
[    2.471935] [drm]   Pitchlock.
[    2.471935] [drm]   Irq mask.
[    2.471935] [drm]   GMR.
[    2.471936] [drm]   Traces.
[    2.471936] [drm]   GMR2.
[    2.471936] [drm]   Screen Object 2.
[    2.471937] [drm]   Command Buffers.
[    2.471937] [drm]   Command Buffers 2.
[    2.471937] [drm]   Guest Backed Resources.
[    2.471938] [drm] Max GMR ids is 8192
[    2.471939] [drm] Max number of GMR pages is 1048576
[    2.471940] [drm] Max dedicated hypervisor surface memory is 393216 kiB
[    2.471940] [drm] Maximum display memory size is 131072 kiB
[    2.471941] [drm] VRAM at 0xe0000000 size is 131072 kiB
[    2.471942] [drm] MMIO at 0xf0000000 size is 2048 kiB
[    2.475762] [TTM] Zone  kernel: Available graphics memory: 1011738 KiB
[    2.475763] [TTM] Initializing pool allocator
[    2.475767] [TTM] Initializing DMA pool allocator
[    2.475795] [drm] Supports vblank timestamp caching Rev 2 (21.10.2013).
[    2.475796] [drm] No driver support for vblank timestamp query.
[    2.476030] [drm] Screen Target Display device initialized
[    2.476248] [drm] width 720
[    2.476257] [drm] height 400
[    2.476260] [drm] bpp 32
[    2.476782] [drm] Fifo max 0x00200000 min 0x00001000 cap 0x00000355
[    2.477847] [drm] Using command buffers with DMA pool.
[    2.477851] [drm] DX: no.
[    2.477851] [drm] Atomic: yes.
[    2.477852] [drm] SM4_1: no.
[    2.477872] [drm:vmw_host_log [vmwgfx]] *ERROR* Failed to send host log message.
[    2.478795] [drm:vmw_host_log [vmwgfx]] *ERROR* Failed to send host log message.
[    2.493326] systemd[1]: Finished Set the console keyboard layout.
[    2.493429] systemd[1]: Reached target Local File Systems (Pre).
[    2.495697] systemd[1]: Mounting Mount unit for bare, revision 5...
[    2.497977] systemd[1]: Mounting Mount unit for core18, revision 1705...
[    2.523488] fbcon: svgadrmfb (fb0) is primary device
[    2.525644] Console: switching to colour frame buffer device 100x37
[    2.528105] systemd[1]: Mounting Mount unit for gnome-3-34-1804, revision 24...
[    2.534453] [drm] Initialized vmwgfx 2.15.0 20180704 for 0000:00:02.0 on minor 0
[    2.538264] systemd[1]: Mounting Mount unit for gtk-common-themes, revision 1506...
[    2.550113] systemd[1]: Mounting Mount unit for gtk-common-themes, revision 1535...
[    2.553734] systemd[1]: Mounting Mount unit for snap-store, revision 433...
[    2.562660] systemd[1]: Mounting Mount unit for snapd, revision 7264...
[    2.581573] systemd[1]: Finished Load Kernel Modules.
[    2.583865] systemd[1]: Mounting FUSE Control File System...
[    2.594592] systemd[1]: Mounting Kernel Configuration File System...
[    2.611004] systemd[1]: Starting Apply Kernel Variables...
[    2.613256] systemd[1]: Mounted Mount unit for bare, revision 5.
[    2.613355] systemd[1]: Mounted Mount unit for core18, revision 1705.
[    2.613432] systemd[1]: Mounted FUSE Control File System.
[    2.613489] systemd[1]: Condition check resulted in VMware vmblock fuse mount being skipped.
[    2.624984] systemd[1]: Mounted Mount unit for gnome-3-34-1804, revision 24.
[    2.625081] systemd[1]: Mounted Mount unit for gtk-common-themes, revision 1506.
[    2.625158] systemd[1]: Mounted Kernel Configuration File System.
[    2.629556] systemd[1]: Started udev Kernel Device Manager.
[    2.646954] systemd[1]: Starting Show Plymouth Boot Screen...
[    2.649061] systemd[1]: Finished Apply Kernel Variables.
[    2.658523] systemd[1]: Mounted Mount unit for gtk-common-themes, revision 1535.
[    2.662403] systemd[1]: Received SIGRTMIN+20 from PID 276 (plymouthd).
[    2.669937] systemd[1]: Mounted Mount unit for snap-store, revision 433.
[    2.670184] systemd[1]: Mounted Mount unit for snapd, revision 7264.
[    2.670337] systemd[1]: Reached target Local File Systems.
[    2.671488] systemd[1]: Starting Load AppArmor profiles...
[    2.674616] systemd[1]: Starting Set console font and keymap...
[    2.686173] systemd[1]: Starting Tell Plymouth To Write Out Runtime Data...
[    2.689431] systemd[1]: Condition check resulted in Store a System Token in an EFI Variable being skipped.
[    2.689483] systemd[1]: Condition check resulted in Commit a transient machine-id on disk being skipped.
[    2.689686] systemd[1]: Started Show Plymouth Boot Screen.
[    2.692148] systemd[1]: Finished Set console font and keymap.
[    2.692342] systemd[1]: Condition check resulted in Dispatch Password Requests to Console Directory Watch being skipped.
[    2.692425] systemd[1]: Started Forward Password Requests to Plymouth Directory Watch.
[    2.692496] systemd[1]: Reached target Local Encrypted Volumes.
[    2.702882] systemd[1]: Received SIGRTMIN+20 from PID 276 (plymouthd).
[    2.704550] systemd[1]: plymouth-read-write.service: Succeeded.
[    2.704806] systemd[1]: Finished Tell Plymouth To Write Out Runtime Data.
[    2.740447] audit: type=1400 audit(1768855968.596:2): apparmor="STATUS" operation="profile_load" profile="unconfined" name="nvidia_modprobe" pid=301 comm="apparmor_parser"
[    2.740449] audit: type=1400 audit(1768855968.596:3): apparmor="STATUS" operation="profile_load" profile="unconfined" name="nvidia_modprobe//kmod" pid=301 comm="apparmor_parser"
[    2.754238] audit: type=1400 audit(1768855968.608:4): apparmor="STATUS" operation="profile_load" profile="unconfined" name="/usr/sbin/tcpdump" pid=302 comm="apparmor_parser"
[    2.796002] audit: type=1400 audit(1768855968.644:5): apparmor="STATUS" operation="profile_load" profile="unconfined" name="/usr/bin/evince" pid=304 comm="apparmor_parser"
[    2.796005] audit: type=1400 audit(1768855968.644:6): apparmor="STATUS" operation="profile_load" profile="unconfined" name="/usr/bin/evince//sanitized_helper" pid=304 comm="apparmor_parser"
[    2.796007] audit: type=1400 audit(1768855968.644:7): apparmor="STATUS" operation="profile_load" profile="unconfined" name="/usr/bin/evince-previewer" pid=304 comm="apparmor_parser"
[    2.796009] audit: type=1400 audit(1768855968.644:8): apparmor="STATUS" operation="profile_load" profile="unconfined" name="/usr/bin/evince-previewer//sanitized_helper" pid=304 comm="apparmor_parser"
[    2.796011] audit: type=1400 audit(1768855968.644:9): apparmor="STATUS" operation="profile_load" profile="unconfined" name="/usr/bin/evince-thumbnailer" pid=304 comm="apparmor_parser"
[    2.828936] audit: type=1400 audit(1768855968.688:10): apparmor="STATUS" operation="profile_load" profile="unconfined" name="/usr/lib/cups/backend/cups-pdf" pid=305 comm="apparmor_parser"
[    2.892268] systemd[1]: Finished Load AppArmor profiles.
[    2.893194] systemd[1]: Starting Load AppArmor profiles managed internally by snapd...
[    2.958969] systemd[1]: Finished Load AppArmor profiles managed internally by snapd.
[    3.174406] systemd[1]: Started Journal Service.
[    3.181568] systemd-journald[229]: Received client request to flush runtime journal.
[    3.186875] systemd-journald[229]: File /var/log/journal/c455b248004a419c87ce85eea238d727/system.journal corrupted or uncleanly shut down, renaming and replacing.
[    4.517103] RAPL PMU: API unit is 2^-32 Joules, 0 fixed counters, 10737418240 ms ovfl timer
[    4.587973] cryptd: max_cpu_qlen set to 1000
[    4.638026] AVX2 version of gcm_enc/dec engaged.
[    4.638027] AES CTR mode by8 optimization enabled
[    5.456432] Adding 1998844k swap on /dev/sda1.  Priority:-2 extents:1 across:1998844k FS
[    7.177888] kauditd_printk_skb: 30 callbacks suppressed
[    7.177890] audit: type=1400 audit(1768855973.032:41): apparmor="DENIED" operation="capable" profile="/usr/sbin/cups-browsed" pid=498 comm="cups-browsed" capability=23  capname="sys_nice"
[    7.721286] pcnet32 0000:00:03.0 enp0s3: link up, 100Mbps, full-duplex
[    7.756629] e1000: enp0s8 NIC Link is Up 1000 Mbps Full Duplex, Flow Control: RX
[    7.756921] IPv6: ADDRCONF(NETDEV_CHANGE): enp0s8: link becomes ready
[    7.768052] e1000: enp0s9 NIC Link is Up 1000 Mbps Full Duplex, Flow Control: RX
[    7.768340] IPv6: ADDRCONF(NETDEV_CHANGE): enp0s9: link becomes ready
[    8.308035] device enp0s3 entered promiscuous mode
[    8.332660] audit: type=1400 audit(1768855974.192:42): apparmor="DENIED" operation="open" profile="/usr/sbin/tcpdump" name="/proc/sys/kernel/random/boot_id" pid=692 comm="tcpdump" requested_mask="r" denied_mask="r" fsuid=0 ouid=0
[    8.332917] audit: type=1400 audit(1768855974.192:43): apparmor="DENIED" operation="open" profile="/usr/sbin/tcpdump" name="/proc/sys/kernel/random/boot_id" pid=692 comm="tcpdump" requested_mask="r" denied_mask="r" fsuid=0 ouid=0
[    8.332968] audit: type=1400 audit(1768855974.192:44): apparmor="DENIED" operation="open" profile="/usr/sbin/tcpdump" name="/proc/sys/kernel/random/boot_id" pid=692 comm="tcpdump" requested_mask="r" denied_mask="r" fsuid=0 ouid=0
[    8.333030] audit: type=1400 audit(1768855974.192:45): apparmor="DENIED" operation="open" profile="/usr/sbin/tcpdump" name="/proc/sys/kernel/random/boot_id" pid=692 comm="tcpdump" requested_mask="r" denied_mask="r" fsuid=0 ouid=0
[    8.338499] audit: type=1400 audit(1768855974.196:46): apparmor="DENIED" operation="open" profile="/usr/sbin/tcpdump" name="/proc/sys/kernel/random/boot_id" pid=693 comm="tcpdump" requested_mask="r" denied_mask="r" fsuid=0 ouid=0
[    8.338682] audit: type=1400 audit(1768855974.196:47): apparmor="DENIED" operation="open" profile="/usr/sbin/tcpdump" name="/proc/sys/kernel/random/boot_id" pid=693 comm="tcpdump" requested_mask="r" denied_mask="r" fsuid=0 ouid=0
[    8.338720] audit: type=1400 audit(1768855974.196:48): apparmor="DENIED" operation="open" profile="/usr/sbin/tcpdump" name="/proc/sys/kernel/random/boot_id" pid=693 comm="tcpdump" requested_mask="r" denied_mask="r" fsuid=0 ouid=0
[    8.338777] audit: type=1400 audit(1768855974.196:49): apparmor="DENIED" operation="open" profile="/usr/sbin/tcpdump" name="/proc/sys/kernel/random/boot_id" pid=693 comm="tcpdump" requested_mask="r" denied_mask="r" fsuid=0 ouid=0
[   12.892315] rfkill: input handler disabled
[  184.150241] AAAAA-TCP_FORW: name:enp0s3: saddr:100932208: daddr:16783984
[  184.217654] AAAAA-TCP_FORW: name:enp0s3: saddr:100932208: daddr:16783984
[  185.007486] AAAAA-TCP_FORW: name:enp0s3: saddr:16783984: daddr:100932208
[  185.273805] AAAAA-TCP_FORW: name:enp0s3: saddr:16783984: daddr:100932208
[  185.377346] AAAAA-TCP_FORW: name:enp0s3: saddr:16783984: daddr:100932208
[  185.974978] AAAAA-TCP_FORW: name:enp0s3: saddr:33561200: daddr:100932208
[  187.040240] AAAAA-TCP_FORW: name:enp0s3: saddr:100932208: daddr:33561200
[  187.252421] AAAAA-TCP_FORW: name:enp0s3: saddr:100932208: daddr:16783984
[  187.436122] AAAAA-TCP_FORW: name:enp0s3: saddr:100932208: daddr:16783984
[  187.540380] AAAAA-TCP_FORW: name:enp0s3: saddr:100932208: daddr:16783984
[  187.701545] AAAAA-TCP_FORW: name:enp0s3: saddr:100932208: daddr:16783984
[  187.761431] AAAAA-TCP_FORW: name:enp0s3: saddr:100932208: daddr:16783984
[  187.855689] AAAAA-TCP_FORW: name:enp0s3: saddr:100932208: daddr:16783984
[  187.973004] AAAAA-TCP_FORW: name:enp0s3: saddr:100932208: daddr:16783984
[  188.264815] AAAAA-TCP_FORW: name:enp0s3: saddr:100932208: daddr:16783984
[  188.511441] AAAAA-TCP_FORW: name:enp0s3: saddr:100932208: daddr:16783984
[  188.705829] AAAAA-TCP_FORW: name:enp0s3: saddr:100932208: daddr:16783984
[  188.822370] AAAAA-TCP_FORW: name:enp0s3: saddr:100932208: daddr:16783984
[  188.994534] AAAAA-TCP_FORW: name:enp0s3: saddr:100932208: daddr:16783984
[  189.120244] AAAAA-TCP_FORW: name:enp0s3: saddr:100932208: daddr:33561200
[  189.480458] AAAAA-TCP_FORW: name:enp0s3: saddr:100932208: daddr:33561200
[  189.551896] AAAAA-TCP_FORW: name:enp0s3: saddr:100932208: daddr:33561200
[  189.641782] AAAAA-TCP_FORW: name:enp0s3: saddr:100932208: daddr:33561200
[  189.772666] AAAAA-TCP_FORW: name:enp0s3: saddr:100932208: daddr:33561200
[  189.845023] AAAAA-TCP_FORW: name:enp0s3: saddr:100932208: daddr:33561200
[  189.935028] AAAAA-TCP_FORW: name:enp0s3: saddr:100932208: daddr:33561200
[  190.047248] AAAAA-TCP_FORW: name:enp0s3: saddr:100932208: daddr:33561200
[  190.178283] AAAAA-TCP_FORW: name:enp0s3: saddr:100932208: daddr:33561200
[  190.352841] AAAAA-TCP_FORW: name:enp0s3: saddr:100932208: daddr:33561200
[  190.498919] AAAAA-TCP_FORW: name:enp0s3: saddr:100932208: daddr:33561200
[  190.610688] AAAAA-TCP_FORW: name:enp0s3: saddr:100932208: daddr:16783984
[  190.739081] AAAAA-TCP_FORW: name:enp0s3: saddr:100932208: daddr:16783984
[  190.866819] AAAAA-TCP_FORW: name:enp0s3: saddr:100932208: daddr:16783984
[  190.937344] AAAAA-TCP_FORW: name:enp0s3: saddr:100932208: daddr:16783984
[  191.321072] AAAAA-TCP_FORW: name:enp0s3: saddr:100932208: daddr:16783984
[  191.465700] AAAAA-TCP_FORW: name:enp0s3: saddr:100932208: daddr:16783984
[  191.677022] AAAAA-TCP_FORW: name:enp0s3: saddr:100932208: daddr:16783984
[  191.797024] AAAAA-TCP_FORW: name:enp0s3: saddr:100932208: daddr:16783984
[  191.904377] AAAAA-TCP_FORW: name:enp0s3: saddr:100932208: daddr:16783984
[  192.026946] AAAAA-TCP_FORW: name:enp0s3: saddr:100932208: daddr:16783984
[  192.123737] AAAAA-TCP_FORW: name:enp0s3: saddr:100932208: daddr:16783984
[  192.168873] AAAAA-TCP_FORW: name:enp0s3: saddr:100932208: daddr:16783984
[  192.250985] AAAAA-TCP_FORW: name:enp0s3: saddr:100932208: daddr:16783984
[  192.475044] AAAAA-TCP_FORW: name:enp0s3: saddr:100932208: daddr:16783984
[  192.577703] AAAAA-TCP_FORW: name:enp0s3: saddr:100932208: daddr:16783984
[  192.766800] AAAAA-TCP_FORW: name:enp0s3: saddr:100932208: daddr:16783984
[  192.884623] AAAAA-TCP_FORW: name:enp0s3: saddr:100932208: daddr:16783984
[  192.974423] AAAAA-TCP_FORW: name:enp0s3: saddr:100932208: daddr:16783984
[  193.079759] AAAAA-TCP_FORW: name:enp0s3: saddr:100932208: daddr:16783984
[  193.316005] AAAAA-TCP_FORW: name:enp0s3: saddr:100932208: daddr:16783984
[  193.443087] AAAAA-TCP_FORW: name:enp0s3: saddr:100932208: daddr:33561200
[  193.626501] AAAAA-TCP_FORW: name:enp0s3: saddr:100932208: daddr:33561200
[  193.698533] AAAAA-TCP_FORW: name:enp0s3: saddr:100932208: daddr:33561200
[  193.790520] AAAAA-TCP_FORW: name:enp0s3: saddr:100932208: daddr:16783984
[  193.903291] AAAAA-TCP_FORW: name:enp0s3: saddr:100932208: daddr:33561200
[  193.912484] AAAAA-TCP_FORW: name:enp0s3: saddr:33561200: daddr:100932208
[  193.987296] AAAAA-TCP_FORW: name:enp0s3: saddr:100932208: daddr:33561200
[  194.055923] AAAAA-TCP_FORW: name:enp0s3: saddr:100932208: daddr:33561200
[  194.119007] AAAAA-TCP_FORW: name:enp0s3: saddr:33561200: daddr:100932208
[  194.173856] AAAAA-TCP_FORW: name:enp0s3: saddr:100932208: daddr:33561200
[  194.193436] AAAAA-TCP_FORW: name:enp0s3: saddr:33561200: daddr:100932208
[  194.226782] AAAAA-TCP_FORW: name:enp0s3: saddr:100932208: daddr:16783984
[  194.341088] AAAAA-TCP_FORW: name:enp0s3: saddr:100932208: daddr:33561200
[  194.398732] AAAAA-TCP_FORW: name:enp0s3: saddr:33561200: daddr:100932208
[  194.412198] AAAAA-TCP_FORW: name:enp0s3: saddr:100932208: daddr:33561200
[  194.562001] AAAAA-TCP_FORW: name:enp0s3: saddr:16783984: daddr:100932208
[  194.564887] AAAAA-TCP_FORW: name:enp0s3: saddr:100932208: daddr:33561200
[  194.641693] AAAAA-TCP_FORW: name:enp0s3: saddr:33561200: daddr:100932208
[  194.655526] AAAAA-TCP_FORW: name:enp0s3: saddr:100932208: daddr:33561200
[  194.741218] AAAAA-TCP_FORW: name:enp0s3: saddr:100932208: daddr:33561200
[  194.793989] AAAAA-TCP_FORW: name:enp0s3: saddr:33561200: daddr:100932208
[  194.812866] AAAAA-TCP_FORW: name:enp0s3: saddr:100932208: daddr:33561200
[  194.856657] AAAAA-TCP_FORW: name:enp0s3: saddr:100932208: daddr:33561200
[  194.912555] AAAAA-TCP_FORW: name:enp0s3: saddr:100932208: daddr:33561200
[  194.963433] AAAAA-TCP_FORW: name:enp0s3: saddr:100932208: daddr:33561200
[  194.981618] AAAAA-TCP_FORW: name:enp0s3: saddr:33561200: daddr:100932208
[  195.090299] AAAAA-TCP_FORW: name:enp0s3: saddr:33561200: daddr:100932208
[  195.108774] AAAAA-TCP_FORW: name:enp0s3: saddr:100932208: daddr:33561200
[  195.161457] AAAAA-TCP_FORW: name:enp0s3: saddr:100932208: daddr:33561200
[  195.183191] AAAAA-TCP_FORW: name:enp0s3: saddr:33561200: daddr:100932208
[  195.219633] AAAAA-TCP_FORW: name:enp0s3: saddr:100932208: daddr:33561200
[  195.272630] AAAAA-TCP_FORW: name:enp0s3: saddr:100932208: daddr:33561200
[  195.349352] AAAAA-TCP_FORW: name:enp0s3: saddr:100932208: daddr:33561200
[  195.367269] AAAAA-TCP_FORW: name:enp0s3: saddr:33561200: daddr:100932208
[  195.414700] AAAAA-TCP_FORW: name:enp0s3: saddr:100932208: daddr:16783984
[  195.423218] AAAAA-TCP_FORW: name:enp0s3: saddr:33561200: daddr:100932208
[  195.446716] AAAAA-TCP_FORW: name:enp0s3: saddr:100932208: daddr:16783984
[  195.478972] AAAAA-TCP_FORW: name:enp0s3: saddr:33561200: daddr:100932208
[  195.497556] AAAAA-TCP_FORW: name:enp0s3: saddr:100932208: daddr:16783984
[  195.529570] AAAAA-TCP_FORW: name:enp0s3: saddr:33561200: daddr:100932208
[  195.547338] AAAAA-TCP_FORW: name:enp0s3: saddr:100932208: daddr:16783984
[  195.600394] AAAAA-TCP_FORW: name:enp0s3: saddr:100932208: daddr:16783984
[  195.626383] AAAAA-TCP_FORW: name:enp0s3: saddr:33561200: daddr:100932208
[  195.647459] AAAAA-TCP_FORW: name:enp0s3: saddr:100932208: daddr:16783984
[  195.697619] AAAAA-TCP_FORW: name:enp0s3: saddr:33561200: daddr:100932208
[  195.769438] AAAAA-TCP_FORW: name:enp0s3: saddr:33561200: daddr:100932208
[  195.791403] AAAAA-TCP_FORW: name:enp0s3: saddr:100932208: daddr:16783984
[  195.841970] AAAAA-TCP_FORW: name:enp0s3: saddr:33561200: daddr:100932208
[  195.954954] AAAAA-TCP_FORW: name:enp0s3: saddr:33561200: daddr:100932208
[  196.018856] AAAAA-TCP_FORW: name:enp0s3: saddr:100932208: daddr:16783984
[  196.061510] AAAAA-TCP_FORW: name:enp0s3: saddr:16783984: daddr:100932208
[  196.097201] AAAAA-TCP_FORW: name:enp0s3: saddr:100932208: daddr:16783984
[  196.191418] AAAAA-TCP_FORW: name:enp0s3: saddr:100932208: daddr:16783984
[  196.214043] AAAAA-TCP_FORW: name:enp0s3: saddr:16783984: daddr:100932208
[  196.341083] AAAAA-TCP_FORW: name:enp0s3: saddr:16783984: daddr:100932208
[  196.359087] AAAAA-TCP_FORW: name:enp0s3: saddr:100932208: daddr:16783984
[  196.406361] AAAAA-TCP_FORW: name:enp0s3: saddr:100932208: daddr:16783984
[  196.441029] AAAAA-TCP_FORW: name:enp0s3: saddr:16783984: daddr:100932208
[  196.510846] AAAAA-TCP_FORW: name:enp0s3: saddr:16783984: daddr:100932208
[  196.763897] AAAAA-TCP_FORW: name:enp0s3: saddr:100932208: daddr:16783984
[  196.841733] AAAAA-TCP_FORW: name:enp0s3: saddr:100932208: daddr:16783984
[  196.924865] AAAAA-TCP_FORW: name:enp0s3: saddr:100932208: daddr:16783984
[  196.962896] AAAAA-TCP_FORW: name:enp0s3: saddr:100932208: daddr:16783984
[  197.062424] AAAAA-TCP_FORW: name:enp0s3: saddr:100932208: daddr:16783984
[  197.220382] AAAAA-TCP_FORW: name:enp0s3: saddr:100932208: daddr:16783984
[  197.329546] AAAAA-TCP_FORW: name:enp0s3: saddr:100932208: daddr:16783984
[  197.607614] AAAAA-TCP_FORW: name:enp0s3: saddr:100932208: daddr:16783984
[  197.788671] AAAAA-TCP_FORW: name:enp0s3: saddr:100932208: daddr:16783984
[  197.845150] AAAAA-TCP_FORW: name:enp0s3: saddr:100932208: daddr:16783984
[  197.934561] AAAAA-TCP_FORW: name:enp0s3: saddr:100932208: daddr:16783984
[  199.047234] AAAAA-TCP_FORW: name:enp0s3: saddr:100932208: daddr:16783984
[  199.458998] AAAAA-TCP_FORW: name:enp0s3: saddr:100932208: daddr:33561200
[  199.660459] AAAAA-TCP_FORW: name:enp0s3: saddr:100932208: daddr:16783984
[  199.814849] AAAAA-TCP_FORW: name:enp0s3: saddr:100932208: daddr:16783984
[  199.963583] AAAAA-TCP_FORW: name:enp0s3: saddr:100932208: daddr:16783984
[  200.251847] AAAAA-TCP_FORW: name:enp0s3: saddr:100932208: daddr:33561200
[  200.360509] AAAAA-TCP_FORW: name:enp0s3: saddr:100932208: daddr:16783984
[  200.519020] AAAAA-TCP_FORW: name:enp0s3: saddr:100932208: daddr:16783984
[  200.541825] AAAAA-TCP_FORW: name:enp0s3: saddr:100932208: daddr:16783984
[  200.628310] AAAAA-TCP_FORW: name:enp0s3: saddr:100932208: daddr:16783984
[  200.634593] AAAAA-TCP_FORW: name:enp0s3: saddr:100932208: daddr:16783984
[  200.840837] AAAAA-TCP_FORW: name:enp0s3: saddr:100932208: daddr:16783984
[  200.846480] AAAAA-TCP_FORW: name:enp0s3: saddr:100932208: daddr:16783984
[  201.024804] AAAAA-TCP_FORW: name:enp0s3: saddr:100932208: daddr:16783984
[  201.030326] AAAAA-TCP_FORW: name:enp0s3: saddr:100932208: daddr:16783984
[  201.215956] AAAAA-TCP_FORW: name:enp0s3: saddr:100932208: daddr:16783984
[  201.219559] AAAAA-TCP_FORW: name:enp0s3: saddr:100932208: daddr:16783984
[  201.398526] AAAAA-TCP_FORW: name:enp0s3: saddr:100932208: daddr:16783984
[  201.476517] AAAAA-TCP_FORW: name:enp0s3: saddr:100932208: daddr:16783984
[  201.521975] AAAAA-TCP_FORW: name:enp0s3: saddr:100932208: daddr:16783984
[  201.525705] AAAAA-TCP_FORW: name:enp0s3: saddr:100932208: daddr:16783984
[  201.668622] AAAAA-TCP_FORW: name:enp0s3: saddr:100932208: daddr:16783984
[  201.715379] AAAAA-TCP_FORW: name:enp0s3: saddr:100932208: daddr:16783984
[  201.794209] AAAAA-TCP_FORW: name:enp0s3: saddr:100932208: daddr:33561200
[  201.862278] AAAAA-TCP_FORW: name:enp0s3: saddr:100932208: daddr:33561200
[  201.960291] AAAAA-TCP_FORW: name:enp0s3: saddr:100932208: daddr:16783984
[  202.126531] AAAAA-TCP_FORW: name:enp0s3: saddr:100932208: daddr:16783984
[  202.194592] AAAAA-TCP_FORW: name:enp0s3: saddr:100932208: daddr:33561200
[  202.386136] AAAAA-TCP_FORW: name:enp0s3: saddr:100932208: daddr:16783984
[  202.391401] AAAAA-TCP_FORW: name:enp0s3: saddr:100932208: daddr:16783984
[  202.446864] AAAAA-TCP_FORW: name:enp0s3: saddr:100932208: daddr:16783984
[  202.570526] AAAAA-TCP_FORW: name:enp0s3: saddr:100932208: daddr:33561200
[  202.710351] AAAAA-TCP_FORW: name:enp0s3: saddr:100932208: daddr:16783984
[  202.802573] AAAAA-TCP_FORW: name:enp0s3: saddr:100932208: daddr:16783984
[  202.923876] AAAAA-TCP_FORW: name:enp0s3: saddr:100932208: daddr:16783984
[  203.027628] AAAAA-TCP_FORW: name:enp0s3: saddr:100932208: daddr:33561200
[  203.103030] AAAAA-TCP_FORW: name:enp0s3: saddr:100932208: daddr:33561200
[  203.112322] AAAAA-TCP_FORW: name:enp0s3: saddr:100932208: daddr:16783984
[  203.202908] AAAAA-TCP_FORW: name:enp0s3: saddr:100932208: daddr:33561200
[  203.247592] AAAAA-TCP_FORW: name:enp0s3: saddr:100932208: daddr:16783984
[  203.324484] AAAAA-TCP_FORW: name:enp0s3: saddr:100932208: daddr:16783984
[  203.464898] AAAAA-TCP_FORW: name:enp0s3: saddr:100932208: daddr:16783984
[  203.467421] AAAAA-TCP_FORW: name:enp0s3: saddr:100932208: daddr:16783984
[  203.595509] AAAAA-TCP_FORW: name:enp0s3: saddr:100932208: daddr:16783984
[  203.659307] AAAAA-TCP_FORW: name:enp0s3: saddr:100932208: daddr:33561200
[  203.661847] AAAAA-TCP_FORW: name:enp0s3: saddr:100932208: daddr:33561200
[  203.758631] AAAAA-TCP_FORW: name:enp0s3: saddr:100932208: daddr:16783984
[  203.837905] AAAAA-TCP_FORW: name:enp0s3: saddr:100932208: daddr:33561200
[  203.941269] AAAAA-TCP_FORW: name:enp0s3: saddr:100932208: daddr:33561200
[  204.036393] AAAAA-TCP_FORW: name:enp0s3: saddr:100932208: daddr:16783984
[  204.038981] AAAAA-TCP_FORW: name:enp0s3: saddr:100932208: daddr:16783984
[  204.144030] AAAAA-TCP_FORW: name:enp0s3: saddr:100932208: daddr:33561200
[  204.213801] AAAAA-TCP_FORW: name:enp0s3: saddr:100932208: daddr:16783984
[  204.294865] AAAAA-TCP_FORW: name:enp0s3: saddr:100932208: daddr:33561200
[  204.394410] AAAAA-TCP_FORW: name:enp0s3: saddr:100932208: daddr:33561200
[  204.400106] AAAAA-TCP_FORW: name:enp0s3: saddr:100932208: daddr:16783984
[  204.516942] AAAAA-TCP_FORW: name:enp0s3: saddr:100932208: daddr:16783984
[  204.520065] AAAAA-TCP_FORW: name:enp0s3: saddr:100932208: daddr:33561200
[  204.706581] AAAAA-TCP_FORW: name:enp0s3: saddr:100932208: daddr:33561200
[  204.787505] AAAAA-TCP_FORW: name:enp0s3: saddr:100932208: daddr:33561200
[  204.845934] AAAAA-TCP_FORW: name:enp0s3: saddr:100932208: daddr:33561200
[  204.926490] AAAAA-TCP_FORW: name:enp0s3: saddr:100932208: daddr:33561200
[  205.045032] AAAAA-TCP_FORW: name:enp0s3: saddr:100932208: daddr:33561200
[  205.048762] AAAAA-TCP_FORW: name:enp0s3: saddr:100932208: daddr:16783984
[  205.108715] AAAAA-TCP_FORW: name:enp0s3: saddr:100932208: daddr:33561200
[  205.203205] AAAAA-TCP_FORW: name:enp0s3: saddr:100932208: daddr:16783984
[  205.206174] AAAAA-TCP_FORW: name:enp0s3: saddr:100932208: daddr:16783984
[  205.321736] AAAAA-TCP_FORW: name:enp0s3: saddr:100932208: daddr:16783984
[  205.341220] AAAAA-TCP_FORW: name:enp0s3: saddr:100932208: daddr:33561200
[  205.465604] AAAAA-TCP_FORW: name:enp0s3: saddr:100932208: daddr:33561200
[  205.510947] AAAAA-TCP_FORW: name:enp0s3: saddr:100932208: daddr:16783984
[  205.607705] AAAAA-TCP_FORW: name:enp0s3: saddr:100932208: daddr:16783984
[  205.612332] AAAAA-TCP_FORW: name:enp0s3: saddr:100932208: daddr:16783984
[  205.726167] AAAAA-TCP_FORW: name:enp0s3: saddr:100932208: daddr:16783984
[  205.796698] AAAAA-TCP_FORW: name:enp0s3: saddr:100932208: daddr:16783984
[  205.880556] AAAAA-TCP_FORW: name:enp0s3: saddr:100932208: daddr:16783984
[  205.927490] AAAAA-TCP_FORW: name:enp0s3: saddr:100932208: daddr:16783984
[  205.988842] AAAAA-TCP_FORW: name:enp0s3: saddr:100932208: daddr:16783984
[  206.066313] AAAAA-TCP_FORW: name:enp0s3: saddr:100932208: daddr:16783984
[  206.152642] AAAAA-TCP_FORW: name:enp0s3: saddr:100932208: daddr:16783984
[  206.180589] AAAAA-TCP_FORW: name:enp0s3: saddr:100932208: daddr:16783984
[  206.345170] AAAAA-TCP_FORW: name:enp0s3: saddr:100932208: daddr:16783984
[  206.466107] AAAAA-TCP_FORW: name:enp0s3: saddr:100932208: daddr:16783984
[  206.529053] AAAAA-TCP_FORW: name:enp0s3: saddr:100932208: daddr:16783984
[  206.588421] AAAAA-TCP_FORW: name:enp0s3: saddr:100932208: daddr:16783984
[  206.701993] AAAAA-TCP_FORW: name:enp0s3: saddr:100932208: daddr:16783984
[  206.856388] AAAAA-TCP_FORW: name:enp0s3: saddr:100932208: daddr:16783984
[  206.964157] AAAAA-TCP_FORW: name:enp0s3: saddr:100932208: daddr:16783984
[  207.109518] AAAAA-TCP_FORW: name:enp0s3: saddr:100932208: daddr:16783984
[  207.112766] AAAAA-TCP_FORW: name:enp0s3: saddr:100932208: daddr:16783984
[  207.426535] AAAAA-TCP_FORW: name:enp0s3: saddr:100932208: daddr:16783984
[  207.496665] AAAAA-TCP_FORW: name:enp0s3: saddr:100932208: daddr:33561200
[  207.592053] AAAAA-TCP_FORW: name:enp0s3: saddr:100932208: daddr:16783984
[  207.651987] AAAAA-TCP_FORW: name:enp0s3: saddr:100932208: daddr:33561200
[  207.769444] AAAAA-TCP_FORW: name:enp0s3: saddr:100932208: daddr:33561200
[  207.918932] AAAAA-TCP_FORW: name:enp0s3: saddr:100932208: daddr:33561200
[  208.093743] AAAAA-TCP_FORW: name:enp0s3: saddr:100932208: daddr:16783984
[  208.236353] AAAAA-TCP_FORW: name:enp0s3: saddr:100932208: daddr:16783984
[  208.384456] AAAAA-TCP_FORW: name:enp0s3: saddr:100932208: daddr:33561200
[  208.536466] AAAAA-TCP_FORW: name:enp0s3: saddr:100932208: daddr:33561200
[  208.664738] AAAAA-TCP_FORW: name:enp0s3: saddr:100932208: daddr:16783984
[  208.670121] AAAAA-TCP_FORW: name:enp0s3: saddr:100932208: daddr:16783984
[  208.840870] AAAAA-TCP_FORW: name:enp0s3: saddr:100932208: daddr:16783984
[  208.909689] AAAAA-TCP_FORW: name:enp0s3: saddr:100932208: daddr:33561200
[  209.075729] AAAAA-TCP_FORW: name:enp0s3: saddr:100932208: daddr:33561200
[  209.222044] AAAAA-TCP_FORW: name:enp0s3: saddr:100932208: daddr:33561200
[  209.406826] AAAAA-TCP_FORW: name:enp0s3: saddr:100932208: daddr:33561200
[  209.409434] AAAAA-TCP_FORW: name:enp0s3: saddr:100932208: daddr:16783984
[  209.532988] AAAAA-TCP_FORW: name:enp0s3: saddr:100932208: daddr:16783984
[  209.596186] AAAAA-TCP_FORW: name:enp0s3: saddr:100932208: daddr:16783984
[  209.722390] AAAAA-TCP_FORW: name:enp0s3: saddr:100932208: daddr:16783984
[  209.791892] AAAAA-TCP_FORW: name:enp0s3: saddr:100932208: daddr:33561200
[  209.907585] AAAAA-TCP_FORW: name:enp0s3: saddr:100932208: daddr:33561200
[  210.060240] AAAAA-TCP_FORW: name:enp0s3: saddr:100932208: daddr:33561200
[  210.219117] AAAAA-TCP_FORW: name:enp0s3: saddr:100932208: daddr:33561200
[  210.358427] AAAAA-TCP_FORW: name:enp0s3: saddr:100932208: daddr:33561200
[  210.507158] AAAAA-TCP_FORW: name:enp0s3: saddr:100932208: daddr:33561200
[  210.577959] AAAAA-TCP_FORW: name:enp0s3: saddr:100932208: daddr:33561200
[  210.702859] AAAAA-TCP_FORW: name:enp0s3: saddr:100932208: daddr:33561200
[  210.750726] AAAAA-TCP_FORW: name:enp0s3: saddr:100932208: daddr:16783984
[  210.839983] AAAAA-TCP_FORW: name:enp0s3: saddr:100932208: daddr:16783984
[  211.061886] AAAAA-TCP_FORW: name:enp0s3: saddr:100932208: daddr:33561200
[  211.177368] AAAAA-TCP_FORW: name:enp0s3: saddr:100932208: daddr:33561200
[  211.421574] AAAAA-TCP_FORW: name:enp0s3: saddr:100932208: daddr:33561200
[  211.602215] AAAAA-TCP_FORW: name:enp0s3: saddr:100932208: daddr:33561200
[  211.761231] AAAAA-TCP_FORW: name:enp0s3: saddr:100932208: daddr:16783984
[  211.898080] AAAAA-TCP_FORW: name:enp0s3: saddr:100932208: daddr:16783984
[  212.111954] AAAAA-TCP_FORW: name:enp0s3: saddr:100932208: daddr:16783984
[  212.220669] AAAAA-TCP_FORW: name:enp0s3: saddr:100932208: daddr:33561200
[  212.324528] AAAAA-TCP_FORW: name:enp0s3: saddr:100932208: daddr:16783984
[  212.371431] AAAAA-TCP_FORW: name:enp0s3: saddr:100932208: daddr:16783984
[  212.534750] AAAAA-TCP_FORW: name:enp0s3: saddr:100932208: daddr:16783984
[  212.786057] AAAAA-TCP_FORW: name:enp0s3: saddr:100932208: daddr:16783984
[  212.950013] AAAAA-TCP_FORW: name:enp0s3: saddr:100932208: daddr:16783984
[  213.779467] AAAAA-TCP_FORW: name:enp0s3: saddr:100932208: daddr:16783984
[  213.973486] AAAAA-TCP_FORW: name:enp0s3: saddr:100932208: daddr:16783984
[  214.180642] AAAAA-TCP_FORW: name:enp0s3: saddr:100932208: daddr:16783984
[  214.293273] AAAAA-TCP_FORW: name:enp0s3: saddr:100932208: daddr:16783984
[  214.390311] AAAAA-TCP_FORW: name:enp0s3: saddr:100932208: daddr:16783984
[  214.515243] AAAAA-TCP_FORW: name:enp0s3: saddr:100932208: daddr:16783984
[  214.703788] AAAAA-TCP_FORW: name:enp0s3: saddr:100932208: daddr:16783984
[  214.962414] AAAAA-TCP_FORW: name:enp0s3: saddr:100932208: daddr:33561200
[  215.284036] AAAAA-TCP_FORW: name:enp0s3: saddr:100932208: daddr:16783984
[  215.431295] AAAAA-TCP_FORW: name:enp0s3: saddr:100932208: daddr:16783984
[  215.663787] AAAAA-TCP_FORW: name:enp0s3: saddr:100932208: daddr:33561200
[  215.847255] AAAAA-TCP_FORW: name:enp0s3: saddr:100932208: daddr:33561200
[  215.947857] AAAAA-TCP_FORW: name:enp0s3: saddr:100932208: daddr:16783984
[  216.020063] AAAAA-TCP_FORW: name:enp0s3: saddr:100932208: daddr:33561200
[  216.104361] AAAAA-TCP_FORW: name:enp0s3: saddr:100932208: daddr:33561200
[  216.544533] AAAAA-TCP_FORW: name:enp0s3: saddr:100932208: daddr:33561200
[  216.636932] AAAAA-TCP_FORW: name:enp0s3: saddr:100932208: daddr:33561200
[  216.703560] AAAAA-TCP_FORW: name:enp0s3: saddr:100932208: daddr:33561200
[  216.808395] AAAAA-TCP_FORW: name:enp0s3: saddr:100932208: daddr:33561200
[  217.043587] AAAAA-TCP_FORW: name:enp0s3: saddr:100932208: daddr:33561200
[  217.148325] AAAAA-TCP_FORW: name:enp0s3: saddr:100932208: daddr:33561200
[  217.284451] AAAAA-TCP_FORW: name:enp0s3: saddr:100932208: daddr:33561200
[  217.383027] AAAAA-TCP_FORW: name:enp0s3: saddr:100932208: daddr:33561200
[  217.482407] AAAAA-TCP_FORW: name:enp0s3: saddr:100932208: daddr:33561200
[  217.725202] AAAAA-TCP_FORW: name:enp0s3: saddr:100932208: daddr:33561200
[  217.810175] AAAAA-TCP_FORW: name:enp0s3: saddr:100932208: daddr:33561200
[  218.102645] AAAAA-TCP_FORW: name:enp0s3: saddr:100932208: daddr:33561200
[  218.633125] AAAAA-TCP_FORW: name:enp0s3: saddr:100932208: daddr:16783984
[  218.787661] AAAAA-TCP_FORW: name:enp0s3: saddr:100932208: daddr:16783984
[  218.878737] AAAAA-TCP_FORW: name:enp0s3: saddr:100932208: daddr:16783984
[  219.050514] AAAAA-TCP_FORW: name:enp0s3: saddr:100932208: daddr:33561200
[  219.185712] AAAAA-TCP_FORW: name:enp0s3: saddr:100932208: daddr:16783984
[  219.402433] AAAAA-TCP_FORW: name:enp0s3: saddr:100932208: daddr:16783984
[  219.472468] AAAAA-TCP_FORW: name:enp0s3: saddr:100932208: daddr:16783984
[  219.552355] AAAAA-TCP_FORW: name:enp0s3: saddr:100932208: daddr:16783984
[  219.685393] AAAAA-TCP_FORW: name:enp0s3: saddr:100932208: daddr:33561200
[  219.959348] AAAAA-TCP_FORW: name:enp0s3: saddr:100932208: daddr:33561200
[  220.111065] AAAAA-TCP_FORW: name:enp0s3: saddr:100932208: daddr:33561200
[  220.306587] AAAAA-TCP_FORW: name:enp0s3: saddr:100932208: daddr:33561200
[  220.629736] AAAAA-TCP_FORW: name:enp0s3: saddr:100932208: daddr:33561200
[  220.743057] AAAAA-TCP_FORW: name:enp0s3: saddr:100932208: daddr:16783984
[  221.153300] AAAAA-TCP_FORW: name:enp0s3: saddr:100932208: daddr:33561200
[  231.256932] AAAAA-TCP_FORW: name:enp0s3: saddr:100932208: daddr:33561200
[  231.348263] AAAAA-TCP_FORW: name:enp0s3: saddr:100932208: daddr:33561200
[  231.452571] AAAAA-TCP_FORW: name:enp0s3: saddr:100932208: daddr:33561200
[  231.540926] AAAAA-TCP_FORW: name:enp0s3: saddr:100932208: daddr:33561200
[  231.669497] AAAAA-TCP_FORW: name:enp0s3: saddr:100932208: daddr:33561200
[  231.761216] AAAAA-TCP_FORW: name:enp0s3: saddr:100932208: daddr:33561200
[  231.849880] AAAAA-TCP_FORW: name:enp0s3: saddr:100932208: daddr:33561200
[  231.923508] AAAAA-TCP_FORW: name:enp0s3: saddr:100932208: daddr:33561200
[  232.012984] AAAAA-TCP_FORW: name:enp0s3: saddr:100932208: daddr:33561200
[  232.071852] AAAAA-TCP_FORW: name:enp0s3: saddr:100932208: daddr:33561200
[  232.124275] AAAAA-TCP_FORW: name:enp0s3: saddr:100932208: daddr:33561200
[  232.188437] AAAAA-TCP_FORW: name:enp0s3: saddr:100932208: daddr:33561200
[  232.230300] AAAAA-TCP_FORW: name:enp0s3: saddr:100932208: daddr:33561200
[  232.292888] AAAAA-TCP_FORW: name:enp0s3: saddr:100932208: daddr:33561200
[  232.372785] AAAAA-TCP_FORW: name:enp0s3: saddr:100932208: daddr:33561200
[  232.412180] AAAAA-TCP_FORW: name:enp0s3: saddr:100932208: daddr:33561200
[  232.479888] AAAAA-TCP_FORW: name:enp0s3: saddr:100932208: daddr:33561200
[  232.628747] AAAAA-TCP_FORW: name:enp0s3: saddr:100932208: daddr:33561200
[  232.688622] AAAAA-TCP_FORW: name:enp0s3: saddr:100932208: daddr:33561200
[  233.103274] AAAAA-TCP_FORW: name:enp0s3: saddr:100932208: daddr:33561200
[  233.182162] AAAAA-TCP_FORW: name:enp0s3: saddr:100932208: daddr:33561200
[  233.376837] AAAAA-TCP_FORW: name:enp0s3: saddr:100932208: daddr:33561200
[  233.461121] AAAAA-TCP_FORW: name:enp0s3: saddr:100932208: daddr:33561200
[  233.721037] AAAAA-TCP_FORW: name:enp0s3: saddr:100932208: daddr:33561200
[  233.787214] AAAAA-TCP_FORW: name:enp0s3: saddr:100932208: daddr:33561200
[  234.120686] AAAAA-TCP_FORW: name:enp0s3: saddr:100932208: daddr:33561200
[  234.200546] AAAAA-TCP_FORW: name:enp0s3: saddr:100932208: daddr:33561200
[  234.282334] AAAAA-TCP_FORW: name:enp0s3: saddr:100932208: daddr:33561200
[  234.677273] AAAAA-TCP_FORW: name:enp0s3: saddr:100932208: daddr:33561200
[  234.854067] AAAAA-TCP_FORW: name:enp0s3: saddr:100932208: daddr:33561200
[  234.977311] AAAAA-TCP_FORW: name:enp0s3: saddr:100932208: daddr:33561200
[  235.152472] AAAAA-TCP_FORW: name:enp0s3: saddr:100932208: daddr:33561200
[  235.295635] AAAAA-TCP_FORW: name:enp0s3: saddr:100932208: daddr:33561200
[  235.437364] AAAAA-TCP_FORW: name:enp0s3: saddr:100932208: daddr:33561200
[  235.559734] AAAAA-TCP_FORW: name:enp0s3: saddr:100932208: daddr:33561200
[  235.745308] AAAAA-TCP_FORW: name:enp0s3: saddr:100932208: daddr:33561200
[  235.840081] AAAAA-TCP_FORW: name:enp0s3: saddr:100932208: daddr:33561200
[  235.965856] AAAAA-TCP_FORW: name:enp0s3: saddr:100932208: daddr:33561200
[  236.128431] AAAAA-TCP_FORW: name:enp0s3: saddr:100932208: daddr:33561200
[  236.204722] AAAAA-TCP_FORW: name:enp0s3: saddr:100932208: daddr:33561200
[  236.348767] AAAAA-TCP_FORW: name:enp0s3: saddr:100932208: daddr:33561200
[  236.424198] AAAAA-TCP_FORW: name:enp0s3: saddr:100932208: daddr:16783984
[  236.510444] AAAAA-TCP_FORW: name:enp0s3: saddr:100932208: daddr:16783984
[  236.613391] AAAAA-TCP_FORW: name:enp0s3: saddr:100932208: daddr:33561200
[  236.701112] AAAAA-TCP_FORW: name:enp0s3: saddr:100932208: daddr:33561200
[  236.772540] AAAAA-TCP_FORW: name:enp0s3: saddr:100932208: daddr:33561200
[  236.850708] AAAAA-TCP_FORW: name:enp0s3: saddr:100932208: daddr:16783984
[  236.964163] AAAAA-TCP_FORW: name:enp0s3: saddr:100932208: daddr:33561200
[  237.033394] AAAAA-TCP_FORW: name:enp0s3: saddr:100932208: daddr:33561200
[  237.144238] AAAAA-TCP_FORW: name:enp0s3: saddr:100932208: daddr:33561200
[  237.310188] AAAAA-TCP_FORW: name:enp0s3: saddr:100932208: daddr:33561200
[  237.390988] AAAAA-TCP_FORW: name:enp0s3: saddr:100932208: daddr:16783984
[  237.446908] AAAAA-TCP_FORW: name:enp0s3: saddr:100932208: daddr:33561200
[  237.514022] AAAAA-TCP_FORW: name:enp0s3: saddr:100932208: daddr:16783984
[  237.562832] AAAAA-TCP_FORW: name:enp0s3: saddr:100932208: daddr:16783984
[  237.607981] AAAAA-TCP_FORW: name:enp0s3: saddr:100932208: daddr:33561200
[  237.777065] AAAAA-TCP_FORW: name:enp0s3: saddr:100932208: daddr:33561200
[  237.826077] AAAAA-TCP_FORW: name:enp0s3: saddr:100932208: daddr:16783984
[  237.893435] AAAAA-TCP_FORW: name:enp0s3: saddr:100932208: daddr:16783984
[  237.957370] AAAAA-TCP_FORW: name:enp0s3: saddr:100932208: daddr:16783984
[  238.008747] AAAAA-TCP_FORW: name:enp0s3: saddr:100932208: daddr:33561200
[  238.087237] AAAAA-TCP_FORW: name:enp0s3: saddr:100932208: daddr:33561200
[  238.154654] AAAAA-TCP_FORW: name:enp0s3: saddr:100932208: daddr:16783984
[  238.194668] AAAAA-TCP_FORW: name:enp0s3: saddr:100932208: daddr:16783984
[  238.251746] AAAAA-TCP_FORW: name:enp0s3: saddr:100932208: daddr:33561200
[  238.283057] AAAAA-TCP_FORW: name:enp0s3: saddr:100932208: daddr:16783984
[  238.335780] AAAAA-TCP_FORW: name:enp0s3: saddr:100932208: daddr:16783984
[  238.468296] AAAAA-TCP_FORW: name:enp0s3: saddr:100932208: daddr:16783984
[  238.547333] AAAAA-TCP_FORW: name:enp0s3: saddr:100932208: daddr:16783984
[  238.622902] AAAAA-TCP_FORW: name:enp0s3: saddr:100932208: daddr:33561200
[  238.787846] AAAAA-TCP_FORW: name:enp0s3: saddr:100932208: daddr:33561200
[  239.341275] AAAAA-TCP_FORW: name:enp0s3: saddr:100932208: daddr:16783984
[  239.483884] AAAAA-TCP_FORW: name:enp0s3: saddr:100932208: daddr:16783984
[  240.520190] AAAAA-TCP_FORW: name:enp0s3: saddr:100932208: daddr:16783984
[  240.825262] AAAAA-TCP_FORW: name:enp0s3: saddr:16783984: daddr:100932208
[  241.483961] AAAAA-TCP_FORW: name:enp0s3: saddr:100932208: daddr:33561200
[  241.990046] AAAAA-TCP_FORW: name:enp0s3: saddr:100932208: daddr:16783984
[  242.726893] AAAAA-TCP_FORW: name:enp0s3: saddr:16783984: daddr:100932208
[  242.842867] AAAAA-TCP_FORW: name:enp0s3: saddr:100932208: daddr:16783984
[  243.039404] AAAAA-TCP_FORW: name:enp0s3: saddr:100932208: daddr:16783984
[  243.581458] AAAAA-TCP_FORW: name:enp0s3: saddr:16783984: daddr:100932208
[  243.851543] AAAAA-TCP_FORW: name:enp0s3: saddr:100932208: daddr:16783984
[  243.910286] AAAAA-TCP_FORW: name:enp0s3: saddr:16783984: daddr:100932208
[  244.087093] AAAAA-TCP_FORW: name:enp0s3: saddr:100932208: daddr:16783984
[  244.222658] AAAAA-TCP_FORW: name:enp0s3: saddr:100932208: daddr:16783984
[  244.589575] AAAAA-TCP_FORW: name:enp0s3: saddr:100932208: daddr:16783984
[  244.819833] AAAAA-TCP_FORW: name:enp0s3: saddr:16783984: daddr:100932208
[  245.051931] AAAAA-TCP_FORW: name:enp0s3: saddr:16783984: daddr:100932208
[  245.125478] AAAAA-TCP_FORW: name:enp0s3: saddr:100932208: daddr:16783984
[  245.195824] AAAAA-TCP_FORW: name:enp0s3: saddr:16783984: daddr:100932208
[  245.320699] AAAAA-TCP_FORW: name:enp0s3: saddr:16783984: daddr:100932208
[  245.713617] AAAAA-TCP_FORW: name:enp0s3: saddr:100932208: daddr:16783984
[  246.406968] AAAAA-TCP_FORW: name:enp0s3: saddr:100932208: daddr:16783984
[  261.847394] AAAAA-TCP_FORW: name:enp0s3: saddr:100932208: daddr:33561200
[  261.903700] AAAAA-TCP_FORW: name:enp0s3: saddr:100932208: daddr:33561200
[  261.963817] AAAAA-TCP_FORW: name:enp0s3: saddr:100932208: daddr:33561200
[  262.267518] AAAAA-TCP_FORW: name:enp0s3: saddr:100932208: daddr:33561200
[  262.370880] AAAAA-TCP_FORW: name:enp0s3: saddr:100932208: daddr:33561200
[  262.678007] AAAAA-TCP_FORW: name:enp0s3: saddr:100932208: daddr:33561200
[  262.800956] AAAAA-TCP_FORW: name:enp0s3: saddr:100932208: daddr:33561200
[  262.949793] AAAAA-TCP_FORW: name:enp0s3: saddr:100932208: daddr:33561200
[  263.112595] AAAAA-TCP_FORW: name:enp0s3: saddr:100932208: daddr:33561200
[  263.215111] AAAAA-TCP_FORW: name:enp0s3: saddr:100932208: daddr:33561200
[  263.286919] AAAAA-TCP_FORW: name:enp0s3: saddr:100932208: daddr:33561200
[  263.358193] AAAAA-TCP_FORW: name:enp0s3: saddr:100932208: daddr:33561200
[  263.435701] AAAAA-TCP_FORW: name:enp0s3: saddr:100932208: daddr:33561200
[  263.538700] AAAAA-TCP_FORW: name:enp0s3: saddr:100932208: daddr:33561200
[  263.597371] AAAAA-TCP_FORW: name:enp0s3: saddr:100932208: daddr:33561200
[  263.914449] AAAAA-TCP_FORW: name:enp0s3: saddr:100932208: daddr:33561200
[  264.111220] AAAAA-TCP_FORW: name:enp0s3: saddr:100932208: daddr:33561200
[  264.412681] AAAAA-TCP_FORW: name:enp0s3: saddr:100932208: daddr:33561200
[  264.518250] AAAAA-TCP_FORW: name:enp0s3: saddr:100932208: daddr:33561200
[  264.800988] AAAAA-TCP_FORW: name:enp0s3: saddr:100932208: daddr:33561200
[  265.210197] AAAAA-TCP_FORW: name:enp0s3: saddr:100932208: daddr:33561200
[  265.409370] AAAAA-TCP_FORW: name:enp0s3: saddr:100932208: daddr:33561200
[  265.591684] AAAAA-TCP_FORW: name:enp0s3: saddr:100932208: daddr:33561200
[  265.751227] AAAAA-TCP_FORW: name:enp0s3: saddr:100932208: daddr:33561200
[  265.913263] AAAAA-TCP_FORW: name:enp0s3: saddr:100932208: daddr:33561200
[  266.018877] AAAAA-TCP_FORW: name:enp0s3: saddr:100932208: daddr:33561200
[  266.195175] AAAAA-TCP_FORW: name:enp0s3: saddr:100932208: daddr:33561200
[  266.277938] AAAAA-TCP_FORW: name:enp0s3: saddr:100932208: daddr:33561200
[  266.409356] AAAAA-TCP_FORW: name:enp0s3: saddr:100932208: daddr:33561200
[  266.576672] AAAAA-TCP_FORW: name:enp0s3: saddr:100932208: daddr:33561200
[  266.650168] AAAAA-TCP_FORW: name:enp0s3: saddr:100932208: daddr:33561200
[  266.761158] AAAAA-TCP_FORW: name:enp0s3: saddr:100932208: daddr:33561200
[  266.923693] AAAAA-TCP_FORW: name:enp0s3: saddr:100932208: daddr:33561200
[  266.937069] AAAAA-TCP_FORW: name:enp0s3: saddr:100932208: daddr:33561200
[  266.956119] AAAAA-TCP_FORW: name:enp0s3: saddr:100932208: daddr:33561200
[  267.064724] AAAAA-TCP_FORW: name:enp0s3: saddr:100932208: daddr:33561200
[  267.282431] AAAAA-TCP_FORW: name:enp0s3: saddr:100932208: daddr:33561200
[  267.392401] AAAAA-TCP_FORW: name:enp0s3: saddr:100932208: daddr:33561200
[  267.483248] AAAAA-TCP_FORW: name:enp0s3: saddr:100932208: daddr:33561200
[  267.640056] AAAAA-TCP_FORW: name:enp0s3: saddr:100932208: daddr:33561200
[  267.687537] AAAAA-TCP_FORW: name:enp0s3: saddr:100932208: daddr:33561200
[  267.744430] AAAAA-TCP_FORW: name:enp0s3: saddr:100932208: daddr:33561200
[  267.779155] AAAAA-TCP_FORW: name:enp0s3: saddr:100932208: daddr:33561200
[  267.881434] AAAAA-TCP_FORW: name:enp0s3: saddr:100932208: daddr:33561200
[  268.020583] AAAAA-TCP_FORW: name:enp0s3: saddr:100932208: daddr:33561200
[  268.072938] AAAAA-TCP_FORW: name:enp0s3: saddr:100932208: daddr:16783984
[  268.159644] AAAAA-TCP_FORW: name:enp0s3: saddr:100932208: daddr:16783984
[  268.162545] AAAAA-TCP_FORW: name:enp0s3: saddr:100932208: daddr:16783984
[  268.207965] AAAAA-TCP_FORW: name:enp0s3: saddr:100932208: daddr:16783984
[  268.275442] AAAAA-TCP_FORW: name:enp0s3: saddr:100932208: daddr:33561200
[  268.393566] AAAAA-TCP_FORW: name:enp0s3: saddr:100932208: daddr:33561200
[  268.478183] AAAAA-TCP_FORW: name:enp0s3: saddr:100932208: daddr:16783984
[  268.529284] AAAAA-TCP_FORW: name:enp0s3: saddr:100932208: daddr:33561200
[  268.618977] AAAAA-TCP_FORW: name:enp0s3: saddr:100932208: daddr:33561200
[  268.630897] AAAAA-TCP_FORW: name:enp0s3: saddr:100932208: daddr:16783984
[  268.699786] AAAAA-TCP_FORW: name:enp0s3: saddr:100932208: daddr:33561200
[  268.801580] AAAAA-TCP_FORW: name:enp0s3: saddr:100932208: daddr:33561200
[  268.881350] AAAAA-TCP_FORW: name:enp0s3: saddr:100932208: daddr:33561200
[  268.963018] AAAAA-TCP_FORW: name:enp0s3: saddr:100932208: daddr:16783984
[  269.045763] AAAAA-TCP_FORW: name:enp0s3: saddr:100932208: daddr:16783984
[  269.074436] AAAAA-TCP_FORW: name:enp0s3: saddr:100932208: daddr:33561200
[  269.138755] AAAAA-TCP_FORW: name:enp0s3: saddr:100932208: daddr:33561200
[  269.182509] AAAAA-TCP_FORW: name:enp0s3: saddr:100932208: daddr:16783984
[  269.185113] AAAAA-TCP_FORW: name:enp0s3: saddr:100932208: daddr:16783984
[  269.257763] AAAAA-TCP_FORW: name:enp0s3: saddr:100932208: daddr:33561200
[  269.419131] AAAAA-TCP_FORW: name:enp0s3: saddr:100932208: daddr:33561200
[  269.557828] AAAAA-TCP_FORW: name:enp0s3: saddr:100932208: daddr:16783984
[  269.567312] AAAAA-TCP_FORW: name:enp0s3: saddr:100932208: daddr:33561200
[  269.688238] AAAAA-TCP_FORW: name:enp0s3: saddr:100932208: daddr:33561200
[  269.725861] AAAAA-TCP_FORW: name:enp0s3: saddr:100932208: daddr:16783984
[  269.754383] AAAAA-TCP_FORW: name:enp0s3: saddr:100932208: daddr:33561200
[  269.889892] AAAAA-TCP_FORW: name:enp0s3: saddr:100932208: daddr:33561200
[  270.021677] AAAAA-TCP_FORW: name:enp0s3: saddr:100932208: daddr:16783984
[  270.152048] AAAAA-TCP_FORW: name:enp0s3: saddr:100932208: daddr:33561200
[  270.220764] AAAAA-TCP_FORW: name:enp0s3: saddr:100932208: daddr:33561200
[  270.309253] AAAAA-TCP_FORW: name:enp0s3: saddr:100932208: daddr:33561200
[  270.370625] AAAAA-TCP_FORW: name:enp0s3: saddr:100932208: daddr:16783984
[  270.381200] AAAAA-TCP_FORW: name:enp0s3: saddr:100932208: daddr:33561200
[  270.494540] AAAAA-TCP_FORW: name:enp0s3: saddr:100932208: daddr:33561200
[  270.513335] AAAAA-TCP_FORW: name:enp0s3: saddr:100932208: daddr:16783984
[  270.551909] AAAAA-TCP_FORW: name:enp0s3: saddr:100932208: daddr:33561200
[  270.649866] AAAAA-TCP_FORW: name:enp0s3: saddr:100932208: daddr:33561200
[  270.674589] AAAAA-TCP_FORW: name:enp0s3: saddr:100932208: daddr:16783984
[  270.733802] AAAAA-TCP_FORW: name:enp0s3: saddr:100932208: daddr:33561200
[  270.779998] AAAAA-TCP_FORW: name:enp0s3: saddr:100932208: daddr:16783984
[  270.818676] AAAAA-TCP_FORW: name:enp0s3: saddr:100932208: daddr:33561200
[  270.944997] AAAAA-TCP_FORW: name:enp0s3: saddr:100932208: daddr:33561200
[  271.096811] AAAAA-TCP_FORW: name:enp0s3: saddr:100932208: daddr:33561200
[  271.312440] AAAAA-TCP_FORW: name:enp0s3: saddr:33561200: daddr:100932208
[  271.347207] AAAAA-TCP_FORW: name:enp0s3: saddr:100932208: daddr:33561200
[  271.427979] AAAAA-TCP_FORW: name:enp0s3: saddr:16783984: daddr:100932208
[  271.549100] AAAAA-TCP_FORW: name:enp0s3: saddr:100932208: daddr:33561200
[  271.596476] AAAAA-TCP_FORW: name:enp0s3: saddr:16783984: daddr:100932208
[  271.634133] AAAAA-TCP_FORW: name:enp0s3: saddr:100932208: daddr:33561200
[  271.720092] AAAAA-TCP_FORW: name:enp0s3: saddr:16783984: daddr:100932208
[  271.748592] AAAAA-TCP_FORW: name:enp0s3: saddr:100932208: daddr:33561200
[  271.886051] AAAAA-TCP_FORW: name:enp0s3: saddr:16783984: daddr:100932208
[  271.970984] AAAAA-TCP_FORW: name:enp0s3: saddr:33561200: daddr:100932208
[  272.079868] AAAAA-TCP_FORW: name:enp0s3: saddr:100932208: daddr:33561200
[  272.109549] AAAAA-TCP_FORW: name:enp0s3: saddr:16783984: daddr:100932208
[  272.191881] AAAAA-TCP_FORW: name:enp0s3: saddr:100932208: daddr:33561200
[  272.266282] AAAAA-TCP_FORW: name:enp0s3: saddr:33561200: daddr:100932208
[  272.375364] AAAAA-TCP_FORW: name:enp0s3: saddr:16783984: daddr:100932208
[  272.477632] AAAAA-TCP_FORW: name:enp0s3: saddr:33561200: daddr:100932208
[  272.554864] AAAAA-TCP_FORW: name:enp0s3: saddr:100932208: daddr:33561200
[  272.623335] AAAAA-TCP_FORW: name:enp0s3: saddr:33561200: daddr:100932208
[  272.710878] AAAAA-TCP_FORW: name:enp0s3: saddr:100932208: daddr:33561200
[  272.760975] AAAAA-TCP_FORW: name:enp0s3: saddr:16783984: daddr:100932208
[  272.838368] AAAAA-TCP_FORW: name:enp0s3: saddr:16783984: daddr:100932208
[  272.858500] AAAAA-TCP_FORW: name:enp0s3: saddr:100932208: daddr:33561200
[  272.903809] AAAAA-TCP_FORW: name:enp0s3: saddr:100932208: daddr:33561200
[  272.969509] AAAAA-TCP_FORW: name:enp0s3: saddr:33561200: daddr:100932208
[  273.248782] AAAAA-TCP_FORW: name:enp0s3: saddr:100932208: daddr:33561200
[  273.250647] AAAAA-TCP_FORW: name:enp0s3: saddr:16783984: daddr:100932208
[  273.362557] AAAAA-TCP_FORW: name:enp0s3: saddr:100932208: daddr:33561200
[  273.387767] AAAAA-TCP_FORW: name:enp0s3: saddr:16783984: daddr:100932208
[  273.407212] AAAAA-TCP_FORW: name:enp0s3: saddr:100932208: daddr:33561200
[  273.522450] AAAAA-TCP_FORW: name:enp0s3: saddr:33561200: daddr:100932208
[  273.539515] AAAAA-TCP_FORW: name:enp0s3: saddr:100932208: daddr:33561200
[  273.635175] AAAAA-TCP_FORW: name:enp0s3: saddr:16783984: daddr:100932208
[  273.683569] AAAAA-TCP_FORW: name:enp0s3: saddr:100932208: daddr:33561200
[  273.749660] AAAAA-TCP_FORW: name:enp0s3: saddr:33561200: daddr:100932208
[  273.796544] AAAAA-TCP_FORW: name:enp0s3: saddr:33561200: daddr:100932208
[  273.838651] AAAAA-TCP_FORW: name:enp0s3: saddr:100932208: daddr:33561200
[  273.935838] AAAAA-TCP_FORW: name:enp0s3: saddr:16783984: daddr:100932208
[  273.979342] AAAAA-TCP_FORW: name:enp0s3: saddr:16783984: daddr:100932208
[  273.982060] AAAAA-TCP_FORW: name:enp0s3: saddr:100932208: daddr:33561200
[  274.047007] AAAAA-TCP_FORW: name:enp0s3: saddr:100932208: daddr:33561200
[  274.098107] AAAAA-TCP_FORW: name:enp0s3: saddr:33561200: daddr:100932208
[  274.191415] AAAAA-TCP_FORW: name:enp0s3: saddr:100932208: daddr:33561200
[  274.302633] AAAAA-TCP_FORW: name:enp0s3: saddr:100932208: daddr:33561200
[  274.357811] AAAAA-TCP_FORW: name:enp0s3: saddr:33561200: daddr:100932208
[  274.407338] AAAAA-TCP_FORW: name:enp0s3: saddr:33561200: daddr:100932208
[  274.418693] AAAAA-TCP_FORW: name:enp0s3: saddr:100932208: daddr:33561200
[  274.512665] AAAAA-TCP_FORW: name:enp0s3: saddr:100932208: daddr:33561200
[  274.543897] AAAAA-TCP_FORW: name:enp0s3: saddr:16783984: daddr:100932208
[  274.559701] AAAAA-TCP_FORW: name:enp0s3: saddr:16783984: daddr:100932208
[  274.604137] AAAAA-TCP_FORW: name:enp0s3: saddr:100932208: daddr:33561200
[  274.703597] AAAAA-TCP_FORW: name:enp0s3: saddr:100932208: daddr:33561200
[  274.760985] AAAAA-TCP_FORW: name:enp0s3: saddr:33561200: daddr:100932208
[  274.836743] AAAAA-TCP_FORW: name:enp0s3: saddr:16783984: daddr:100932208
[  274.845261] AAAAA-TCP_FORW: name:enp0s3: saddr:100932208: daddr:33561200
[  274.927707] AAAAA-TCP_FORW: name:enp0s3: saddr:100932208: daddr:33561200
[  274.974286] AAAAA-TCP_FORW: name:enp0s3: saddr:100932208: daddr:33561200
[  275.105415] AAAAA-TCP_FORW: name:enp0s3: saddr:16783984: daddr:100932208
[  275.203071] AAAAA-TCP_FORW: name:enp0s3: saddr:33561200: daddr:100932208
[  275.305043] AAAAA-TCP_FORW: name:enp0s3: saddr:100932208: daddr:16783984
[  275.328785] AAAAA-TCP_FORW: name:enp0s3: saddr:33561200: daddr:100932208
[  275.516407] AAAAA-TCP_FORW: name:enp0s3: saddr:100932208: daddr:33561200
[  275.532757] AAAAA-TCP_FORW: name:enp0s3: saddr:33561200: daddr:100932208
[  275.754582] AAAAA-TCP_FORW: name:enp0s3: saddr:100932208: daddr:33561200
[  275.837781] AAAAA-TCP_FORW: name:enp0s3: saddr:100932208: daddr:16783984
[  275.929125] AAAAA-TCP_FORW: name:enp0s3: saddr:100932208: daddr:16783984
[  276.724356] AAAAA-TCP_FORW: name:enp0s3: saddr:100932208: daddr:16783984
[  277.016216] AAAAA-TCP_FORW: name:enp0s3: saddr:100932208: daddr:33561200
[  277.266622] AAAAA-TCP_FORW: name:enp0s3: saddr:100932208: daddr:33561200
[  277.507859] AAAAA-TCP_FORW: name:enp0s3: saddr:100932208: daddr:33561200
[  278.446803] AAAAA-TCP_FORW: name:enp0s3: saddr:100932208: daddr:33561200
[  278.634062] AAAAA-TCP_FORW: name:enp0s3: saddr:100932208: daddr:33561200
[  279.128497] AAAAA-TCP_FORW: name:enp0s3: saddr:100932208: daddr:33561200
[  279.327092] AAAAA-TCP_FORW: name:enp0s3: saddr:100932208: daddr:33561200
[  279.450534] AAAAA-TCP_FORW: name:enp0s3: saddr:100932208: daddr:33561200
[  279.614774] AAAAA-TCP_FORW: name:enp0s3: saddr:100932208: daddr:33561200
[  280.351479] AAAAA-TCP_FORW: name:enp0s3: saddr:100932208: daddr:16783984
[  280.378372] AAAAA-TCP_FORW: name:enp0s3: saddr:100932208: daddr:16783984
[  280.397265] AAAAA-TCP_FORW: name:enp0s3: saddr:100932208: daddr:16783984
[  280.505349] AAAAA-TCP_FORW: name:enp0s3: saddr:100932208: daddr:16783984
[  280.625020] AAAAA-TCP_FORW: name:enp0s3: saddr:100932208: daddr:33561200
[  280.710475] AAAAA-TCP_FORW: name:enp0s3: saddr:100932208: daddr:33561200
[  280.748263] AAAAA-TCP_FORW: name:enp0s3: saddr:100932208: daddr:33561200
[  280.925801] AAAAA-TCP_FORW: name:enp0s3: saddr:100932208: daddr:33561200
[  280.976260] AAAAA-TCP_FORW: name:enp0s3: saddr:100932208: daddr:33561200
[  281.077363] AAAAA-TCP_FORW: name:enp0s3: saddr:100932208: daddr:33561200
[  281.222894] AAAAA-TCP_FORW: name:enp0s3: saddr:100932208: daddr:33561200
[  281.308000] AAAAA-TCP_FORW: name:enp0s3: saddr:100932208: daddr:16783984
[  281.376356] AAAAA-TCP_FORW: name:enp0s3: saddr:100932208: daddr:33561200
[  281.378980] AAAAA-TCP_FORW: name:enp0s3: saddr:100932208: daddr:33561200
[  281.498059] AAAAA-TCP_FORW: name:enp0s3: saddr:100932208: daddr:33561200
[  281.574802] AAAAA-TCP_FORW: name:enp0s3: saddr:100932208: daddr:33561200
[  281.577442] AAAAA-TCP_FORW: name:enp0s3: saddr:100932208: daddr:33561200
[  281.664512] AAAAA-TCP_FORW: name:enp0s3: saddr:100932208: daddr:33561200
[  281.679250] AAAAA-TCP_FORW: name:enp0s3: saddr:100932208: daddr:33561200
[  281.717490] AAAAA-TCP_FORW: name:enp0s3: saddr:100932208: daddr:33561200
[  281.797632] AAAAA-TCP_FORW: name:enp0s3: saddr:100932208: daddr:33561200
[  281.874640] AAAAA-TCP_FORW: name:enp0s3: saddr:100932208: daddr:16783984
[  281.898835] AAAAA-TCP_FORW: name:enp0s3: saddr:100932208: daddr:16783984
[  282.021342] AAAAA-TCP_FORW: name:enp0s3: saddr:100932208: daddr:16783984
[  282.206841] AAAAA-TCP_FORW: name:enp0s3: saddr:100932208: daddr:33561200
[  282.482150] AAAAA-TCP_FORW: name:enp0s3: saddr:100932208: daddr:33561200
[  282.650736] AAAAA-TCP_FORW: name:enp0s3: saddr:100932208: daddr:33561200
[  283.596833] AAAAA-TCP_FORW: name:enp0s3: saddr:100932208: daddr:33561200
[  283.947616] AAAAA-TCP_FORW: name:enp0s3: saddr:100932208: daddr:33561200
[  284.017665] AAAAA-TCP_FORW: name:enp0s3: saddr:100932208: daddr:33561200
[  284.112995] AAAAA-TCP_FORW: name:enp0s3: saddr:100932208: daddr:33561200
[  284.174802] AAAAA-TCP_FORW: name:enp0s3: saddr:100932208: daddr:33561200
[  284.238097] AAAAA-TCP_FORW: name:enp0s3: saddr:100932208: daddr:33561200
[  284.448857] AAAAA-TCP_FORW: name:enp0s3: saddr:100932208: daddr:33561200
[  284.558986] AAAAA-TCP_FORW: name:enp0s3: saddr:100932208: daddr:16783984
[  284.631917] AAAAA-TCP_FORW: name:enp0s3: saddr:100932208: daddr:16783984
[  284.694415] AAAAA-TCP_FORW: name:enp0s3: saddr:100932208: daddr:16783984
[  284.969288] AAAAA-TCP_FORW: name:enp0s3: saddr:100932208: daddr:16783984
[  285.032376] AAAAA-TCP_FORW: name:enp0s3: saddr:100932208: daddr:33561200
[  285.095543] AAAAA-TCP_FORW: name:enp0s3: saddr:100932208: daddr:33561200
[  285.173782] AAAAA-TCP_FORW: name:enp0s3: saddr:100932208: daddr:33561200
[  285.228514] AAAAA-TCP_FORW: name:enp0s3: saddr:100932208: daddr:33561200
[  285.264492] AAAAA-TCP_FORW: name:enp0s3: saddr:100932208: daddr:33561200
[  285.317951] AAAAA-TCP_FORW: name:enp0s3: saddr:100932208: daddr:33561200
[  286.040842] AAAAA-TCP_FORW: name:enp0s3: saddr:100932208: daddr:33561200
[  286.083142] AAAAA-TCP_FORW: name:enp0s3: saddr:100932208: daddr:33561200
[  286.143855] AAAAA-TCP_FORW: name:enp0s3: saddr:100932208: daddr:33561200
[  286.198638] AAAAA-TCP_FORW: name:enp0s3: saddr:100932208: daddr:33561200
[  297.634243] AAAAA-TCP_FORW: name:enp0s3: saddr:100932208: daddr:33561200
[  297.660736] AAAAA-TCP_FORW: name:enp0s3: saddr:100932208: daddr:16783984
[  336.415235] AAAAA-TCP_FORW: name:enp0s3: saddr:16783984: daddr:100932208
[  336.515887] AAAAA-TCP_FORW: name:enp0s3: saddr:33561200: daddr:100932208
[  336.628564] AAAAA-TCP_FORW: name:enp0s3: saddr:33561200: daddr:100932208
[  336.679715] AAAAA-TCP_FORW: name:enp0s3: saddr:16783984: daddr:100932208
[  336.753013] AAAAA-TCP_FORW: name:enp0s3: saddr:33561200: daddr:100932208
[  336.812681] AAAAA-TCP_FORW: name:enp0s3: saddr:33561200: daddr:100932208
[  336.904831] AAAAA-TCP_FORW: name:enp0s3: saddr:16783984: daddr:100932208
[  337.045074] AAAAA-TCP_FORW: name:enp0s3: saddr:33561200: daddr:100932208
[  337.209516] AAAAA-TCP_FORW: name:enp0s3: saddr:33561200: daddr:100932208
[  337.334514] AAAAA-TCP_FORW: name:enp0s3: saddr:33561200: daddr:100932208
[  337.445710] AAAAA-TCP_FORW: name:enp0s3: saddr:16783984: daddr:100932208
[  337.746821] AAAAA-TCP_FORW: name:enp0s3: saddr:33561200: daddr:100932208
[  353.668072] AAAAA-TCP_FORW: name:enp0s3: saddr:33561200: daddr:100932208
[  606.290883] rfkill: input handler enabled
[  615.045542] rfkill: input handler disabled
[  773.770681] device enp0s3 left promiscuous mode
