[    0.000000] Linux version 5.4.243-mptcp (root@ztg) (gcc version 12.2.0 (Debian 12.2.0-14+deb12u1)) #53 SMP Wed Dec 24 23:28:15 CST 2025
[    0.000000] Command line: BOOT_IMAGE=/boot/vmlinuz-5.4.243-mptcp root=UUID=98415a12-53b7-4144-8265-0f7ece09e445 ro quiet splash
[    0.000000] KERNEL supported cpus:
[    0.000000]   Intel GenuineIntel
[    0.000000]   AMD AuthenticAMD
[    0.000000]   Hygon HygonGenuine
[    0.000000]   Centaur CentaurHauls
[    0.000000]   zhaoxin   Shanghai  
[    0.000000] x86/fpu: Supporting XSAVE feature 0x001: 'x87 floating point registers'
[    0.000000] x86/fpu: Supporting XSAVE feature 0x002: 'SSE registers'
[    0.000000] x86/fpu: Supporting XSAVE feature 0x004: 'AVX registers'
[    0.000000] x86/fpu: xstate_offset[2]:  576, xstate_sizes[2]:  256
[    0.000000] x86/fpu: Enabled xstate features 0x7, context size is 832 bytes, using 'standard' format.
[    0.000000] BIOS-provided physical RAM map:
[    0.000000] BIOS-e820: [mem 0x0000000000000000-0x000000000009fbff] usable
[    0.000000] BIOS-e820: [mem 0x000000000009fc00-0x000000000009ffff] reserved
[    0.000000] BIOS-e820: [mem 0x00000000000f0000-0x00000000000fffff] reserved
[    0.000000] BIOS-e820: [mem 0x0000000000100000-0x000000007ffeffff] usable
[    0.000000] BIOS-e820: [mem 0x000000007fff0000-0x000000007fffffff] ACPI data
[    0.000000] BIOS-e820: [mem 0x00000000fec00000-0x00000000fec00fff] reserved
[    0.000000] BIOS-e820: [mem 0x00000000fee00000-0x00000000fee00fff] reserved
[    0.000000] BIOS-e820: [mem 0x00000000fffc0000-0x00000000ffffffff] reserved
[    0.000000] NX (Execute Disable) protection: active
[    0.000000] SMBIOS 2.5 present.
[    0.000000] DMI: innotek GmbH VirtualBox/VirtualBox, BIOS VirtualBox 12/01/2006
[    0.000000] Hypervisor detected: KVM
[    0.000000] kvm-clock: Using msrs 4b564d01 and 4b564d00
[    0.000000] kvm-clock: cpu 0, msr 24201001, primary cpu clock
[    0.000000] kvm-clock: using sched offset of 4459547577 cycles
[    0.000003] clocksource: kvm-clock: mask: 0xffffffffffffffff max_cycles: 0x1cd42e4dffb, max_idle_ns: 881590591483 ns
[    0.000005] tsc: Detected 2100.000 MHz processor
[    0.001892] e820: update [mem 0x00000000-0x00000fff] usable ==> reserved
[    0.001894] e820: remove [mem 0x000a0000-0x000fffff] usable
[    0.001898] last_pfn = 0x7fff0 max_arch_pfn = 0x400000000
[    0.001970] MTRR default type: uncachable
[    0.001971] MTRR fixed ranges enabled:
[    0.001972]   00000-9FFFF write-back
[    0.001973]   A0000-BFFFF uncachable
[    0.001974]   C0000-FFFFF write-protect
[    0.001975] MTRR variable ranges enabled:
[    0.001976]   0 base 000000000000 mask 3FFF80000000 write-back
[    0.001977]   1 disabled
[    0.001977]   2 disabled
[    0.001978]   3 disabled
[    0.001978]   4 disabled
[    0.001978]   5 disabled
[    0.001979]   6 disabled
[    0.001979]   7 disabled
[    0.001980]   8 disabled
[    0.001980]   9 disabled
[    0.001981]   10 disabled
[    0.001981]   11 disabled
[    0.001981]   12 disabled
[    0.001982]   13 disabled
[    0.001982]   14 disabled
[    0.001983]   15 disabled
[    0.001999] x86/PAT: Configuration [0-7]: WB  WC  UC- UC  WB  WP  UC- WT  
[    0.002132] found SMP MP-table at [mem 0x0009fff0-0x0009ffff]
[    0.093064] check: Scanning 1 areas for low memory corruption
[    0.093223] RAMDISK: [mem 0x32271000-0x3512ffff]
[    0.093232] ACPI: Early table checksum verification disabled
[    0.093237] ACPI: RSDP 0x00000000000E0000 000024 (v02 VBOX  )
[    0.093242] ACPI: XSDT 0x000000007FFF0030 00003C (v01 VBOX   VBOXXSDT 00000001 ASL  00000061)
[    0.093248] ACPI: FACP 0x000000007FFF00F0 0000F4 (v04 VBOX   VBOXFACP 00000001 ASL  00000061)
[    0.093255] ACPI: DSDT 0x000000007FFF02E0 002353 (v02 VBOX   VBOXBIOS 00000002 VBOX 00029BF3)
[    0.093260] ACPI: FACS 0x000000007FFF0200 000040
[    0.093270] ACPI: FACS 0x000000007FFF0200 000040
[    0.093274] ACPI: APIC 0x000000007FFF0240 000054 (v02 VBOX   VBOXAPIC 00000001 ASL  00000061)
[    0.093279] ACPI: SSDT 0x000000007FFF02A0 000038 (v01 VBOX   VBOXCPUT 00000002 VBOX 00029BF3)
[    0.093284] ACPI: Reserving FACP table memory at [mem 0x7fff00f0-0x7fff01e3]
[    0.093285] ACPI: Reserving DSDT table memory at [mem 0x7fff02e0-0x7fff2632]
[    0.093286] ACPI: Reserving FACS table memory at [mem 0x7fff0200-0x7fff023f]
[    0.093287] ACPI: Reserving FACS table memory at [mem 0x7fff0200-0x7fff023f]
[    0.093288] ACPI: Reserving APIC table memory at [mem 0x7fff0240-0x7fff0293]
[    0.093289] ACPI: Reserving SSDT table memory at [mem 0x7fff02a0-0x7fff02d7]
[    0.093304] ACPI: Local APIC address 0xfee00000
[    0.093493] No NUMA configuration found
[    0.093494] Faking a node at [mem 0x0000000000000000-0x000000007ffeffff]
[    0.093504] NODE_DATA(0) allocated [mem 0x7ffc5000-0x7ffeffff]
[    0.093764] Zone ranges:
[    0.093765]   DMA      [mem 0x0000000000001000-0x0000000000ffffff]
[    0.093766]   DMA32    [mem 0x0000000001000000-0x000000007ffeffff]
[    0.093767]   Normal   empty
[    0.093767]   Device   empty
[    0.093768] Movable zone start for each node
[    0.093770] Early memory node ranges
[    0.093771]   node   0: [mem 0x0000000000001000-0x000000000009efff]
[    0.093772]   node   0: [mem 0x0000000000100000-0x000000007ffeffff]
[    0.093775] Zeroed struct page in unavailable ranges: 114 pages
[    0.093776] Initmem setup node 0 [mem 0x0000000000001000-0x000000007ffeffff]
[    0.093777] On node 0 totalpages: 524174
[    0.093778]   DMA zone: 64 pages used for memmap
[    0.093778]   DMA zone: 21 pages reserved
[    0.093779]   DMA zone: 3998 pages, LIFO batch:0
[    0.093851]   DMA32 zone: 8128 pages used for memmap
[    0.093851]   DMA32 zone: 520176 pages, LIFO batch:63
[    0.102976] ACPI: PM-Timer IO Port: 0x4008
[    0.102980] ACPI: Local APIC address 0xfee00000
[    0.103045] IOAPIC[0]: apic_id 1, version 32, address 0xfec00000, GSI 0-23
[    0.103048] ACPI: INT_SRC_OVR (bus 0 bus_irq 0 global_irq 2 dfl dfl)
[    0.103050] ACPI: INT_SRC_OVR (bus 0 bus_irq 9 global_irq 9 low level)
[    0.103052] ACPI: IRQ0 used by override.
[    0.103053] ACPI: IRQ9 used by override.
[    0.103056] Using ACPI (MADT) for SMP configuration information
[    0.103064] smpboot: Allowing 1 CPUs, 0 hotplug CPUs
[    0.103087] PM: Registered nosave memory: [mem 0x00000000-0x00000fff]
[    0.103088] PM: Registered nosave memory: [mem 0x0009f000-0x0009ffff]
[    0.103089] PM: Registered nosave memory: [mem 0x000a0000-0x000effff]
[    0.103089] PM: Registered nosave memory: [mem 0x000f0000-0x000fffff]
[    0.103092] [mem 0x80000000-0xfebfffff] available for PCI devices
[    0.103092] Booting paravirtualized kernel on KVM
[    0.103095] clocksource: refined-jiffies: mask: 0xffffffff max_cycles: 0xffffffff, max_idle_ns: 7645519600211568 ns
[    0.103100] setup_percpu: NR_CPUS:8192 nr_cpumask_bits:1 nr_cpu_ids:1 nr_node_ids:1
[    0.104112] percpu: Embedded 60 pages/cpu s208896 r8192 d28672 u2097152
[    0.104118] pcpu-alloc: s208896 r8192 d28672 u2097152 alloc=1*2097152
[    0.104118] pcpu-alloc: [0] 0 
[    0.104144] Built 1 zonelists, mobility grouping on.  Total pages: 515961
[    0.104145] Policy zone: DMA32
[    0.104146] Kernel command line: BOOT_IMAGE=/boot/vmlinuz-5.4.243-mptcp root=UUID=98415a12-53b7-4144-8265-0f7ece09e445 ro quiet splash
[    0.104978] Dentry cache hash table entries: 262144 (order: 9, 2097152 bytes, linear)
[    0.105125] Inode-cache hash table entries: 131072 (order: 8, 1048576 bytes, linear)
[    0.105175] mem auto-init: stack:off, heap alloc:on, heap free:off
[    0.105178] Calgary: detecting Calgary via BIOS EBDA area
[    0.105179] Calgary: Unable to locate Rio Grande table in EBDA - bailing!
[    0.109336] Memory: 1967332K/2096696K available (14339K kernel code, 2398K rwdata, 4712K rodata, 2728K init, 17260K bss, 129364K reserved, 0K cma-reserved)
[    0.110259] SLUB: HWalign=64, Order=0-3, MinObjects=0, CPUs=1, Nodes=1
[    0.110276] ftrace: allocating 43186 entries in 169 pages
[    0.128548] rcu: Hierarchical RCU implementation.
[    0.128550] rcu: 	RCU restricting CPUs from NR_CPUS=8192 to nr_cpu_ids=1.
[    0.128551] 	Tasks RCU enabled.
[    0.128552] rcu: RCU calculated value of scheduler-enlistment delay is 25 jiffies.
[    0.128553] rcu: Adjusting geometry for rcu_fanout_leaf=16, nr_cpu_ids=1
[    0.131548] NR_IRQS: 524544, nr_irqs: 256, preallocated irqs: 16
[    0.131761] random: crng init done
[    0.141117] Console: colour VGA+ 80x25
[    0.141122] printk: console [tty0] enabled
[    0.141145] ACPI: Core revision 20190816
[    0.141248] APIC: Switch to symmetric I/O mode setup
[    0.141512] x2apic enabled
[    0.141748] Switched APIC routing to physical x2apic.
[    0.142907] ..TIMER: vector=0x30 apic1=0 pin1=2 apic2=-1 pin2=-1
[    0.142934] clocksource: tsc-early: mask: 0xffffffffffffffff max_cycles: 0x1e4530a99b6, max_idle_ns: 440795257976 ns
[    0.142940] Calibrating delay loop (skipped) preset value.. 4200.00 BogoMIPS (lpj=8400000)
[    0.142942] pid_max: default: 32768 minimum: 301
[    0.142972] LSM: Security Framework initializing
[    0.142982] Yama: becoming mindful.
[    0.143008] AppArmor: AppArmor initialized
[    0.143043] Mount-cache hash table entries: 4096 (order: 3, 32768 bytes, linear)
[    0.143047] Mountpoint-cache hash table entries: 4096 (order: 3, 32768 bytes, linear)
[    0.143058] *** VALIDATE tmpfs ***
[    0.143186] *** VALIDATE proc ***
[    0.143228] *** VALIDATE cgroup1 ***
[    0.143230] *** VALIDATE cgroup2 ***
[    0.143372] process: using mwait in idle threads
[    0.143376] Last level iTLB entries: 4KB 64, 2MB 8, 4MB 8
[    0.143377] Last level dTLB entries: 4KB 64, 2MB 0, 4MB 0, 1GB 4
[    0.143396] Spectre V1 : Mitigation: usercopy/swapgs barriers and __user pointer sanitization
[    0.143401] Spectre V2 : Mitigation: Retpolines
[    0.143402] Spectre V2 : Spectre v2 / SpectreRSB mitigation: Filling RSB on context switch
[    0.143402] Spectre V2 : Spectre v2 / SpectreRSB : Filling RSB on VMEXIT
[    0.143403] RETBleed: WARNING: Spectre v2 mitigation leaves CPU vulnerable to RETBleed attacks, data leaks possible!
[    0.143759] RETBleed: Vulnerable
[    0.143760] Speculative Store Bypass: Vulnerable
[    0.143765] TAA: Mitigation: TSX disabled
[    0.143765] MMIO Stale Data: Mitigation: Clear CPU buffers
[    0.148035] Freeing SMP alternatives memory: 40K
[    0.260333] smpboot: CPU0: Intel(R) Xeon(R) Silver 4216 CPU @ 2.10GHz (family: 0x6, model: 0x55, stepping: 0x7)
[    0.260482] Performance Events: unsupported p6 CPU model 85 no PMU driver, software events only.
[    0.260519] rcu: Hierarchical SRCU implementation.
[    0.261001] NMI watchdog: Perf NMI watchdog permanently disabled
[    0.261039] smp: Bringing up secondary CPUs ...
[    0.261040] smp: Brought up 1 node, 1 CPU
[    0.261041] smpboot: Max logical packages: 1
[    0.261042] smpboot: Total of 1 processors activated (4200.00 BogoMIPS)
[    0.262005] devtmpfs: initialized
[    0.262053] x86/mm: Memory block size: 128MB
[    0.262403] clocksource: jiffies: mask: 0xffffffff max_cycles: 0xffffffff, max_idle_ns: 7645041785100000 ns
[    0.262409] futex hash table entries: 256 (order: 2, 16384 bytes, linear)
[    0.262453] pinctrl core: initialized pinctrl subsystem
[    0.262558] PM: RTC time: 21:52:43, date: 2026-01-17
[    0.262665] NET: Registered protocol family 16
[    0.262739] audit: initializing netlink subsys (disabled)
[    0.262890] EISA bus registered
[    0.262891] cpuidle: using governor ladder
[    0.262892] cpuidle: using governor menu
[    0.262930] ACPI: bus type PCI registered
[    0.262932] acpiphp: ACPI Hot Plug PCI Controller Driver version: 0.5
[    0.262936] PCI: Using configuration type 1 for base access
[    0.263274] audit: type=2000 audit(1768657969.766:1): state=initialized audit_enabled=0 res=1
[    0.263354] HugeTLB registered 2.00 MiB page size, pre-allocated 0 pages
[    0.264181] ACPI: Added _OSI(Module Device)
[    0.264182] ACPI: Added _OSI(Processor Device)
[    0.264183] ACPI: Added _OSI(3.0 _SCP Extensions)
[    0.264183] ACPI: Added _OSI(Processor Aggregator Device)
[    0.264184] ACPI: Added _OSI(Linux-Dell-Video)
[    0.264185] ACPI: Added _OSI(Linux-Lenovo-NV-HDMI-Audio)
[    0.264186] ACPI: Added _OSI(Linux-HPI-Hybrid-Graphics)
[    0.266193] ACPI: 2 ACPI AML tables successfully acquired and loaded
[    0.267884] ACPI: Interpreter enabled
[    0.267894] ACPI: (supports S0 S5)
[    0.267895] ACPI: Using IOAPIC for interrupt routing
[    0.268101] PCI: Using host bridge windows from ACPI; if necessary, use "pci=nocrs" and report a bug
[    0.268207] ACPI: Enabled 2 GPEs in block 00 to 07
[    0.273035] ACPI: PCI Root Bridge [PCI0] (domain 0000 [bus 00-ff])
[    0.273039] acpi PNP0A03:00: _OSC: OS supports [ASPM ClockPM Segments MSI HPX-Type3]
[    0.273497] acpi PNP0A03:00: _OSC: not requesting OS control; OS requires [ExtendedConfig ASPM ClockPM MSI]
[    0.273505] acpi PNP0A03:00: fail to add MMCONFIG information, can't access extended PCI configuration space under this bridge.
[    0.273880] PCI host bridge to bus 0000:00
[    0.273882] pci_bus 0000:00: root bus resource [io  0x0000-0x0cf7 window]
[    0.273883] pci_bus 0000:00: root bus resource [io  0x0d00-0xffff window]
[    0.273884] pci_bus 0000:00: root bus resource [mem 0x000a0000-0x000bffff window]
[    0.273885] pci_bus 0000:00: root bus resource [mem 0x80000000-0xfdffffff window]
[    0.273887] pci_bus 0000:00: root bus resource [bus 00-ff]
[    0.273928] pci 0000:00:00.0: [8086:1237] type 00 class 0x060000
[    0.274863] pci 0000:00:01.0: [8086:7000] type 00 class 0x060100
[    0.275669] pci 0000:00:01.1: [8086:7111] type 00 class 0x01018a
[    0.276051] pci 0000:00:01.1: reg 0x20: [io  0xd000-0xd00f]
[    0.276208] pci 0000:00:01.1: legacy IDE quirk: reg 0x10: [io  0x01f0-0x01f7]
[    0.276209] pci 0000:00:01.1: legacy IDE quirk: reg 0x14: [io  0x03f6]
[    0.276210] pci 0000:00:01.1: legacy IDE quirk: reg 0x18: [io  0x0170-0x0177]
[    0.276211] pci 0000:00:01.1: legacy IDE quirk: reg 0x1c: [io  0x0376]
[    0.276748] pci 0000:00:02.0: [15ad:0405] type 00 class 0x030000
[    0.279012] pci 0000:00:02.0: reg 0x10: [io  0xd010-0xd01f]
[    0.282981] pci 0000:00:02.0: reg 0x14: [mem 0xe0000000-0xe7ffffff pref]
[    0.285617] pci 0000:00:02.0: reg 0x18: [mem 0xf0000000-0xf01fffff]
[    0.295717] pci 0000:00:03.0: [1022:2000] type 00 class 0x020000
[    0.296392] pci 0000:00:03.0: reg 0x10: [io  0xd020-0xd03f]
[    0.297020] pci 0000:00:03.0: reg 0x14: [mem 0xf0200000-0xf0200fff]
[    0.301442] pci 0000:00:04.0: [80ee:cafe] type 00 class 0x088000
[    0.302133] pci 0000:00:04.0: reg 0x10: [io  0xd040-0xd05f]
[    0.302743] pci 0000:00:04.0: reg 0x14: [mem 0xf0400000-0xf07fffff]
[    0.303054] pci 0000:00:04.0: reg 0x18: [mem 0xf0800000-0xf0803fff pref]
[    0.306592] pci 0000:00:07.0: [8086:7113] type 00 class 0x068000
[    0.307188] pci 0000:00:07.0: quirk: [io  0x4000-0x403f] claimed by PIIX4 ACPI
[    0.307201] pci 0000:00:07.0: quirk: [io  0x4100-0x410f] claimed by PIIX4 SMB
[    0.307808] pci 0000:00:08.0: [8086:100e] type 00 class 0x020000
[    0.308517] pci 0000:00:08.0: reg 0x10: [mem 0xf0820000-0xf083ffff]
[    0.309683] pci 0000:00:08.0: reg 0x18: [io  0xd060-0xd067]
[    0.312559] pci 0000:00:09.0: [8086:100e] type 00 class 0x020000
[    0.313275] pci 0000:00:09.0: reg 0x10: [mem 0xf0840000-0xf085ffff]
[    0.314490] pci 0000:00:09.0: reg 0x18: [io  0xd068-0xd06f]
[    0.324015] ACPI: PCI Interrupt Link [LNKA] (IRQs 5 9 10 *11)
[    0.324297] ACPI: PCI Interrupt Link [LNKB] (IRQs 5 9 *10 11)
[    0.324402] ACPI: PCI Interrupt Link [LNKC] (IRQs 5 *9 10 11)
[    0.324501] ACPI: PCI Interrupt Link [LNKD] (IRQs 5 9 10 *11)
[    0.324766] iommu: Default domain type: Translated 
[    0.324831] pci 0000:00:02.0: vgaarb: setting as boot VGA device
[    0.324833] pci 0000:00:02.0: vgaarb: VGA device added: decodes=io+mem,owns=io+mem,locks=none
[    0.326940] pci 0000:00:02.0: vgaarb: bridge control possible
[    0.326941] vgaarb: loaded
[    0.327157] SCSI subsystem initialized
[    0.327187] libata version 3.00 loaded.
[    0.327213] ACPI: bus type USB registered
[    0.327229] usbcore: registered new interface driver usbfs
[    0.327235] usbcore: registered new interface driver hub
[    0.327240] usbcore: registered new device driver usb
[    0.327268] pps_core: LinuxPPS API ver. 1 registered
[    0.327268] pps_core: Software ver. 5.3.6 - Copyright 2005-2007 Rodolfo Giometti <giometti@linux.it>
[    0.327270] PTP clock support registered
[    0.327304] EDAC MC: Ver: 3.0.0
[    0.327592] PCI: Using ACPI for IRQ routing
[    0.327594] PCI: pci_cache_line_size set to 64 bytes
[    0.327767] e820: reserve RAM buffer [mem 0x0009fc00-0x0009ffff]
[    0.327771] e820: reserve RAM buffer [mem 0x7fff0000-0x7fffffff]
[    0.328565] NetLabel: Initializing
[    0.328566] NetLabel:  domain hash size = 128
[    0.328566] NetLabel:  protocols = UNLABELED CIPSOv4 CALIPSO
[    0.328587] NetLabel:  unlabeled traffic allowed by default
[    0.329482] clocksource: Switched to clocksource kvm-clock
[    0.341577] *** VALIDATE bpf ***
[    0.341645] VFS: Disk quotas dquot_6.6.0
[    0.341658] VFS: Dquot-cache hash table entries: 512 (order 0, 4096 bytes)
[    0.341682] *** VALIDATE ramfs ***
[    0.341685] *** VALIDATE hugetlbfs ***
[    0.341770] AppArmor: AppArmor Filesystem Enabled
[    0.341798] pnp: PnP ACPI init
[    0.341873] pnp 00:00: Plug and Play ACPI device, IDs PNP0303 (active)
[    0.341943] pnp 00:01: Plug and Play ACPI device, IDs PNP0f03 (active)
[    0.342688] pnp: PnP ACPI: found 2 devices
[    0.343255] thermal_sys: Registered thermal governor 'fair_share'
[    0.343255] thermal_sys: Registered thermal governor 'bang_bang'
[    0.343255] thermal_sys: Registered thermal governor 'step_wise'
[    0.343255] thermal_sys: Registered thermal governor 'user_space'
[    0.343255] thermal_sys: Registered thermal governor 'power_allocator'
[    0.348236] clocksource: acpi_pm: mask: 0xffffff max_cycles: 0xffffff, max_idle_ns: 2085701024 ns
[    0.348277] pci_bus 0000:00: resource 4 [io  0x0000-0x0cf7 window]
[    0.348279] pci_bus 0000:00: resource 5 [io  0x0d00-0xffff window]
[    0.348280] pci_bus 0000:00: resource 6 [mem 0x000a0000-0x000bffff window]
[    0.348281] pci_bus 0000:00: resource 7 [mem 0x80000000-0xfdffffff window]
[    0.348340] NET: Registered protocol family 2
[    0.348416] IP idents hash table entries: 32768 (order: 6, 262144 bytes, linear)
[    0.348824] MPTCP tokens hash table entries: 8192 (order: 4, 65536 bytes, linear)
[    0.348845] MPTCP request tokens hash table entries: 8192 (order: 4, 65536 bytes, linear)
[    0.348870] default registered
[    0.348871] default registered
[    0.348871] MPTCP: Stable release v0.96
[    0.348877] tcp_listen_portaddr_hash hash table entries: 1024 (order: 2, 16384 bytes, linear)
[    0.348959] TCP established hash table entries: 16384 (order: 5, 131072 bytes, linear)
[    0.349025] TCP bind hash table entries: 16384 (order: 6, 262144 bytes, linear)
[    0.349051] TCP: Hash tables configured (established 16384 bind 16384)
[    0.349751] UDP hash table entries: 1024 (order: 3, 32768 bytes, linear)
[    0.349763] UDP-Lite hash table entries: 1024 (order: 3, 32768 bytes, linear)
[    0.349796] NET: Registered protocol family 1
[    0.349804] NET: Registered protocol family 44
[    0.349826] pci 0000:00:00.0: Limiting direct PCI/PCI transfers
[    0.349839] pci 0000:00:01.0: Activating ISA DMA hang workarounds
[    0.349899] pci 0000:00:02.0: Video device with shadowed ROM at [mem 0x000c0000-0x000dffff]
[    0.349964] PCI: CLS 0 bytes, default 64
[    0.350013] Trying to unpack rootfs image as initramfs...
[    0.519188] Freeing initrd memory: 47868K
[    0.519188] clocksource: tsc: mask: 0xffffffffffffffff max_cycles: 0x1e4530a99b6, max_idle_ns: 440795257976 ns
[    0.519188] clocksource: Switched to clocksource tsc
[    0.519188] platform rtc_cmos: registered platform RTC device (no PNP device found)
[    0.519188] check: Scanning for low memory corruption every 60 seconds
[    0.519188] Initialise system trusted keyrings
[    0.519188] Key type blacklist registered
[    0.519188] workingset: timestamp_bits=36 max_order=19 bucket_order=0
[    0.519188] zbud: loaded
[    0.519188] squashfs: version 4.0 (2009/01/31) Phillip Lougher
[    0.532296] fuse: init (API version 7.31)
[    0.532314] *** VALIDATE fuse ***
[    0.532316] *** VALIDATE fuse ***
[    0.532420] Platform Keyring initialized
[    0.535262] Key type asymmetric registered
[    0.535263] Asymmetric key parser 'x509' registered
[    0.535271] Block layer SCSI generic (bsg) driver version 0.4 loaded (major 244)
[    0.535321] io scheduler mq-deadline registered
[    0.535438] shpchp: Standard Hot Plug PCI Controller Driver version: 0.4
[    0.535643] ACPI: AC Adapter [AC] (on-line)
[    0.535686] input: Power Button as /devices/LNXSYSTM:00/LNXPWRBN:00/input/input0
[    0.535716] ACPI: Power Button [PWRF]
[    0.535794] input: Sleep Button as /devices/LNXSYSTM:00/LNXSLPBN:00/input/input1
[    0.535809] ACPI: Sleep Button [SLPF]
[    0.536038] Serial: 8250/16550 driver, 32 ports, IRQ sharing enabled
[    0.537186] Linux agpgart interface v0.103
[    0.627235] loop: module loaded
[    0.627406] ata_piix 0000:00:01.1: version 2.13
[    0.627812] scsi host0: ata_piix
[    0.627903] scsi host1: ata_piix
[    0.627929] ata1: PATA max UDMA/33 cmd 0x1f0 ctl 0x3f6 bmdma 0xd000 irq 14
[    0.627930] ata2: PATA max UDMA/33 cmd 0x170 ctl 0x376 bmdma 0xd008 irq 15
[    0.628012] tun: Universal TUN/TAP device driver, 1.6
[    0.628323] PPP generic driver version 2.4.2
[    0.628367] VFIO - User Level meta-driver version: 0.3
[    0.628612] ehci_hcd: USB 2.0 'Enhanced' Host Controller (EHCI) Driver
[    0.628617] ehci-pci: EHCI PCI platform driver
[    0.628632] ehci-platform: EHCI generic platform driver
[    0.628638] ohci_hcd: USB 1.1 'Open' Host Controller (OHCI) Driver
[    0.628640] ohci-pci: OHCI PCI platform driver
[    0.628647] ohci-platform: OHCI generic platform driver
[    0.628651] uhci_hcd: USB Universal Host Controller Interface driver
[    0.628715] i8042: PNP: PS/2 Controller [PNP0303:PS2K,PNP0f03:PS2M] at 0x60,0x64 irq 1,12
[    0.629166] serio: i8042 KBD port at 0x60,0x64 irq 1
[    0.629170] serio: i8042 AUX port at 0x60,0x64 irq 12
[    0.629259] mousedev: PS/2 mouse device common for all mice
[    0.629517] input: AT Translated Set 2 keyboard as /devices/platform/i8042/serio0/input/input2
[    0.629939] rtc_cmos rtc_cmos: registered as rtc0
[    0.629956] rtc_cmos rtc_cmos: alarms up to one day, 114 bytes nvram
[    0.629964] i2c /dev entries driver
[    0.630016] device-mapper: uevent: version 1.0.3
[    0.630071] device-mapper: ioctl: 4.41.0-ioctl (2019-09-16) initialised: dm-devel@redhat.com
[    0.630096] platform eisa.0: Probing EISA bus 0
[    0.630097] platform eisa.0: EISA: Cannot allocate resource for mainboard
[    0.630099] platform eisa.0: Cannot allocate resource for EISA slot 1
[    0.630100] platform eisa.0: Cannot allocate resource for EISA slot 2
[    0.630101] platform eisa.0: Cannot allocate resource for EISA slot 3
[    0.630102] platform eisa.0: Cannot allocate resource for EISA slot 4
[    0.630104] platform eisa.0: Cannot allocate resource for EISA slot 5
[    0.630105] platform eisa.0: Cannot allocate resource for EISA slot 6
[    0.630106] platform eisa.0: Cannot allocate resource for EISA slot 7
[    0.630107] platform eisa.0: Cannot allocate resource for EISA slot 8
[    0.630109] platform eisa.0: EISA: Detected 0 cards
[    0.630112] intel_pstate: CPU model not supported
[    0.630125] ledtrig-cpu: registered to indicate activity on CPUs
[    0.630197] drop_monitor: Initializing network drop monitor service
[    0.630405] NET: Registered protocol family 10
[    0.635230] Segment Routing with IPv6
[    0.635230] fullmesh registered
[    0.635230] ndiffports registered
[    0.635230] binder registered
[    0.635230] roundrobin registered
[    0.635230] redundant registered
[    0.635230] blest registered
[    0.635230] ecf registered
[    0.635230] NET: Registered protocol family 17
[    0.635230] Key type dns_resolver registered
[    0.635230] RAS: Correctable Errors collector initialized.
[    0.635230] IPI shorthand broadcast: enabled
[    0.635230] sched_clock: Marking stable (620046294, 11184517)->(633202987, -1972176)
[    0.636543] registered taskstats version 1
[    0.636552] Loading compiled-in X.509 certificates
[    0.637213] Loaded X.509 cert 'Build time autogenerated kernel key: 6909f3744cebb3d0de528d5887b96a727de79b1e'
[    0.637235] zswap: loaded using pool lzo/zbud
[    0.637297] Key type ._fscrypt registered
[    0.637297] Key type .fscrypt registered
[    0.642162] Key type big_key registered
[    0.644367] Key type encrypted registered
[    0.644369] AppArmor: AppArmor sha1 policy hashing enabled
[    0.644377] ima: No TPM chip found, activating TPM-bypass!
[    0.644381] ima: Allocated hash algorithm: sha1
[    0.644386] ima: No architecture policies found
[    0.644396] evm: Initialising EVM extended attributes:
[    0.644396] evm: security.selinux
[    0.644397] evm: security.SMACK64
[    0.644397] evm: security.SMACK64EXEC
[    0.644398] evm: security.SMACK64TRANSMUTE
[    0.644398] evm: security.SMACK64MMAP
[    0.644398] evm: security.apparmor
[    0.644399] evm: security.ima
[    0.644400] evm: security.capability
[    0.644400] evm: HMAC attrs: 0x1
[    0.644699] PM:   Magic number: 10:813:904
[    0.644835] rtc_cmos rtc_cmos: setting system clock to 2026-01-17T21:52:44 UTC (1768686764)
[    0.798929] ata1.00: ATA-6: VBOX HARDDISK, 1.0, max UDMA/133
[    0.798931] ata1.00: 209715200 sectors, multi 128: LBA 
[    0.799407] scsi 0:0:0:0: Direct-Access     ATA      VBOX HARDDISK    1.0  PQ: 0 ANSI: 5
[    0.799590] sd 0:0:0:0: [sda] 209715200 512-byte logical blocks: (107 GB/100 GiB)
[    0.799598] sd 0:0:0:0: [sda] Write Protect is off
[    0.799599] sd 0:0:0:0: [sda] Mode Sense: 00 3a 00 00
[    0.799610] sd 0:0:0:0: [sda] Write cache: enabled, read cache: enabled, doesn't support DPO or FUA
[    0.799813] sd 0:0:0:0: Attached scsi generic sg0 type 0
[    0.800409]  sda: sda1 sda2
[    0.811337] sd 0:0:0:0: [sda] Attached SCSI disk
[    0.813238] Freeing unused decrypted memory: 2040K
[    0.813949] Freeing unused kernel image memory: 2728K
[    0.813951] Write protecting the kernel read-only data: 22528k
[    0.814632] Freeing unused kernel image memory: 2036K
[    0.815028] Freeing unused kernel image memory: 1432K
[    0.829214] x86/mm: Checked W+X mappings: passed, no W+X pages found.
[    0.829219] Run /init as init process
[    0.939745] ACPI: Video Device [GFX0] (multi-head: yes  rom: no  post: no)
[    0.939820] input: Video Bus as /devices/LNXSYSTM:00/LNXSYBUS:00/PNP0A03:00/LNXVIDEO:00/input/input4
[    0.953176] pcnet32: pcnet32.c:v1.35 21.Apr.2008 tsbogend@alpha.franken.de
[    0.954104] pcnet32: PCnet/FAST III 79C973 at 0xd020, 08:00:27:02:98:00 assigned IRQ 19
[    0.954148] pcnet32: Found PHY 0022:561b at address 0
[    0.954450] pcnet32: eth0: registered as PCnet/FAST III 79C973
[    0.955249] pcnet32: 1 cards_found
[    0.956618] piix4_smbus 0000:00:07.0: SMBus Host Controller at 0x4100, revision 0
[    0.960702] e1000: Intel(R) PRO/1000 Network Driver - version 7.3.21-k8-NAPI
[    0.960703] e1000: Copyright (c) 1999-2006 Intel Corporation.
[    1.029756] pcnet32 0000:00:03.0 enp0s3: renamed from eth0
[    1.173070] input: ImExPS/2 Generic Explorer Mouse as /devices/platform/i8042/serio1/input/input5
[    1.371812] e1000 0000:00:08.0 eth0: (PCI:33MHz:32-bit) 08:00:27:3c:6b:07
[    1.371816] e1000 0000:00:08.0 eth0: Intel(R) PRO/1000 Network Connection
[    1.751660] e1000 0000:00:09.0 eth1: (PCI:33MHz:32-bit) 08:00:27:a5:ac:cf
[    1.751664] e1000 0000:00:09.0 eth1: Intel(R) PRO/1000 Network Connection
[    1.752815] e1000 0000:00:09.0 enp0s9: renamed from eth1
[    1.754614] e1000 0000:00:08.0 enp0s8: renamed from eth0
[    1.908583] EXT4-fs (sda2): mounted filesystem with ordered data mode. Opts: (null)
[    1.995868] systemd[1]: Inserted module 'autofs4'
[    2.008229] systemd[1]: systemd 245.4-4ubuntu3 running in system mode. (+PAM +AUDIT +SELINUX +IMA +APPARMOR +SMACK +SYSVINIT +UTMP +LIBCRYPTSETUP +GCRYPT +GNUTLS +ACL +XZ +LZ4 +SECCOMP +BLKID +ELFUTILS +KMOD +IDN2 -IDN +PCRE2 default-hierarchy=hybrid)
[    2.008260] systemd[1]: Detected virtualization oracle.
[    2.008263] systemd[1]: Detected architecture x86-64.
[    2.009547] systemd[1]: Set hostname to <ztg>.
[    2.132646] systemd[1]: /lib/systemd/system/dbus.socket:5: ListenStream= references a path below legacy directory /var/run/, updating /var/run/dbus/system_bus_socket â†’ /run/dbus/system_bus_socket; please update the unit file accordingly.
[    2.183595] systemd[1]: Created slice system-modprobe.slice.
[    2.183785] systemd[1]: Created slice User and Session Slice.
[    2.183831] systemd[1]: Started Forward Password Requests to Wall Directory Watch.
[    2.183997] systemd[1]: Set up automount Arbitrary Executable File Formats File System Automount Point.
[    2.184030] systemd[1]: Reached target User and Group Name Lookups.
[    2.184038] systemd[1]: Reached target Remote File Systems.
[    2.184047] systemd[1]: Reached target Slices.
[    2.184557] systemd[1]: Listening on Syslog Socket.
[    2.184625] systemd[1]: Listening on fsck to fsckd communication Socket.
[    2.184663] systemd[1]: Listening on initctl Compatibility Named Pipe.
[    2.184799] systemd[1]: Listening on Journal Audit Socket.
[    2.184852] systemd[1]: Listening on Journal Socket (/dev/log).
[    2.184919] systemd[1]: Listening on Journal Socket.
[    2.184983] systemd[1]: Listening on udev Control Socket.
[    2.185023] systemd[1]: Listening on udev Kernel Socket.
[    2.185779] systemd[1]: Mounting Huge Pages File System...
[    2.186690] systemd[1]: Mounting POSIX Message Queue File System...
[    2.187644] systemd[1]: Mounting Kernel Debug File System...
[    2.188462] systemd[1]: Mounting Kernel Trace File System...
[    2.190400] systemd[1]: Starting Journal Service...
[    2.213813] systemd[1]: Starting Set the console keyboard layout...
[    2.221738] systemd[1]: Starting Create list of static device nodes for the current kernel...
[    2.223581] systemd[1]: Starting Load Kernel Module drm...
[    2.224523] systemd[1]: Condition check resulted in Set Up Additional Binary Formats being skipped.
[    2.224606] systemd[1]: Condition check resulted in File System Check on Root Device being skipped.
[    2.237965] systemd[1]: Starting Load Kernel Modules...
[    2.247829] systemd[1]: Starting Remount Root and Kernel File Systems...
[    2.255137] systemd[1]: Starting udev Coldplug all Devices...
[    2.264573] systemd[1]: Starting Uncomplicated firewall...
[    2.266188] systemd[1]: Mounted Huge Pages File System.
[    2.266277] systemd[1]: Mounted POSIX Message Queue File System.
[    2.266350] systemd[1]: Mounted Kernel Debug File System.
[    2.266419] systemd[1]: Mounted Kernel Trace File System.
[    2.268082] EXT4-fs (sda2): re-mounted. Opts: errors=remount-ro
[    2.288189] systemd[1]: Finished Create list of static device nodes for the current kernel.
[    2.289063] systemd[1]: modprobe@drm.service: Succeeded.
[    2.289947] systemd[1]: Finished Load Kernel Module drm.
[    2.296347] systemd[1]: Finished Remount Root and Kernel File Systems.
[    2.298502] lp: driver loaded but no devices found
[    2.299816] systemd[1]: Finished Uncomplicated firewall.
[    2.316627] systemd[1]: Condition check resulted in Rebuild Hardware Database being skipped.
[    2.316667] systemd[1]: Condition check resulted in Platform Persistent Storage Archival being skipped.
[    2.318653] systemd[1]: Starting Load/Save Random Seed...
[    2.323431] systemd[1]: Starting Create System Users...
[    2.328646] ppdev: user-space parallel port driver
[    2.362305] systemd[1]: Finished Load/Save Random Seed.
[    2.364511] systemd[1]: Finished Create System Users.
[    2.365347] systemd[1]: Starting Create Static Device Nodes in /dev...
[    2.401321] systemd[1]: Finished Create Static Device Nodes in /dev.
[    2.402209] systemd[1]: Starting udev Kernel Device Manager...
[    2.421370] systemd[1]: Finished udev Coldplug all Devices.
[    2.424619] [drm] DMA map mode: Caching DMA mappings.
[    2.424682] [drm] Capabilities:
[    2.424682] [drm]   Rect copy.
[    2.424683] [drm]   Cursor.
[    2.424683] [drm]   Cursor bypass.
[    2.424683] [drm]   Cursor bypass 2.
[    2.424684] [drm]   Alpha cursor.
[    2.424684] [drm]   Extended Fifo.
[    2.424684] [drm]   Pitchlock.
[    2.424685] [drm]   Irq mask.
[    2.424685] [drm]   GMR.
[    2.424685] [drm]   Traces.
[    2.424686] [drm]   GMR2.
[    2.424686] [drm]   Screen Object 2.
[    2.424686] [drm]   Command Buffers.
[    2.424687] [drm]   Command Buffers 2.
[    2.424687] [drm]   Guest Backed Resources.
[    2.424688] [drm] Max GMR ids is 8192
[    2.424689] [drm] Max number of GMR pages is 1048576
[    2.424689] [drm] Max dedicated hypervisor surface memory is 393216 kiB
[    2.424690] [drm] Maximum display memory size is 131072 kiB
[    2.424690] [drm] VRAM at 0xe0000000 size is 131072 kiB
[    2.424691] [drm] MMIO at 0xf0000000 size is 2048 kiB
[    2.426089] [TTM] Zone  kernel: Available graphics memory: 1011738 KiB
[    2.426090] [TTM] Initializing pool allocator
[    2.426094] [TTM] Initializing DMA pool allocator
[    2.426125] [drm] Supports vblank timestamp caching Rev 2 (21.10.2013).
[    2.426125] [drm] No driver support for vblank timestamp query.
[    2.426399] [drm] Screen Target Display device initialized
[    2.426593] [drm] width 720
[    2.426603] [drm] height 400
[    2.426606] [drm] bpp 32
[    2.427115] [drm] Fifo max 0x00200000 min 0x00001000 cap 0x00000355
[    2.428719] [drm] Using command buffers with DMA pool.
[    2.428723] [drm] DX: no.
[    2.428723] [drm] Atomic: yes.
[    2.428724] [drm] SM4_1: no.
[    2.428744] [drm:vmw_host_log [vmwgfx]] *ERROR* Failed to send host log message.
[    2.429669] [drm:vmw_host_log [vmwgfx]] *ERROR* Failed to send host log message.
[    2.458487] fbcon: svgadrmfb (fb0) is primary device
[    2.477187] Console: switching to colour frame buffer device 100x37
[    2.481152] [drm] Initialized vmwgfx 2.15.0 20180704 for 0000:00:02.0 on minor 0
[    2.482297] systemd[1]: Finished Load Kernel Modules.
[    2.483314] systemd[1]: Mounting FUSE Control File System...
[    2.485541] systemd[1]: Mounting Kernel Configuration File System...
[    2.517212] systemd[1]: Starting Apply Kernel Variables...
[    2.523948] systemd[1]: Finished Set the console keyboard layout.
[    2.524075] systemd[1]: Reached target Local File Systems (Pre).
[    2.529816] systemd[1]: Mounting Mount unit for bare, revision 5...
[    2.534626] systemd[1]: Mounting Mount unit for core18, revision 1705...
[    2.541244] systemd[1]: Mounting Mount unit for gnome-3-34-1804, revision 24...
[    2.549266] systemd[1]: Mounting Mount unit for gtk-common-themes, revision 1506...
[    2.558312] systemd[1]: Mounting Mount unit for gtk-common-themes, revision 1535...
[    2.582790] systemd[1]: Mounting Mount unit for snap-store, revision 433...
[    2.585842] systemd[1]: Mounting Mount unit for snapd, revision 25935...
[    2.587086] systemd[1]: Mounted FUSE Control File System.
[    2.587194] systemd[1]: Mounted Kernel Configuration File System.
[    2.599985] systemd[1]: Finished Apply Kernel Variables.
[    2.602067] systemd[1]: Mounted Mount unit for bare, revision 5.
[    2.602144] systemd[1]: Condition check resulted in VMware vmblock fuse mount being skipped.
[    2.620736] systemd[1]: Started udev Kernel Device Manager.
[    2.621454] systemd[1]: Starting Show Plymouth Boot Screen...
[    2.630350] systemd[1]: Mounted Mount unit for core18, revision 1705.
[    2.630444] systemd[1]: Mounted Mount unit for gnome-3-34-1804, revision 24.
[    2.636141] systemd[1]: Received SIGRTMIN+20 from PID 286 (plymouthd).
[    2.657596] systemd[1]: Mounted Mount unit for gtk-common-themes, revision 1506.
[    2.657879] systemd[1]: Started Show Plymouth Boot Screen.
[    2.658066] systemd[1]: Condition check resulted in Dispatch Password Requests to Console Directory Watch being skipped.
[    2.658146] systemd[1]: Started Forward Password Requests to Plymouth Directory Watch.
[    2.658210] systemd[1]: Reached target Local Encrypted Volumes.
[    2.693304] systemd[1]: Mounted Mount unit for gtk-common-themes, revision 1535.
[    2.693572] systemd[1]: Mounted Mount unit for snap-store, revision 433.
[    2.724121] systemd[1]: Mounted Mount unit for snapd, revision 25935.
[    2.724355] systemd[1]: Reached target Local File Systems.
[    2.725245] systemd[1]: Starting Load AppArmor profiles...
[    2.728204] systemd[1]: Starting Set console font and keymap...
[    2.737340] systemd[1]: Starting Tell Plymouth To Write Out Runtime Data...
[    2.742804] systemd[1]: Condition check resulted in Store a System Token in an EFI Variable being skipped.
[    2.742868] systemd[1]: Condition check resulted in Commit a transient machine-id on disk being skipped.
[    2.745331] systemd[1]: Finished Set console font and keymap.
[    2.754268] systemd[1]: Received SIGRTMIN+20 from PID 286 (plymouthd).
[    2.755704] systemd[1]: plymouth-read-write.service: Succeeded.
[    2.755939] systemd[1]: Finished Tell Plymouth To Write Out Runtime Data.
[    2.777445] audit: type=1400 audit(1768686766.628:2): apparmor="STATUS" operation="profile_load" profile="unconfined" name="nvidia_modprobe" pid=299 comm="apparmor_parser"
[    2.777447] audit: type=1400 audit(1768686766.628:3): apparmor="STATUS" operation="profile_load" profile="unconfined" name="nvidia_modprobe//kmod" pid=299 comm="apparmor_parser"
[    2.784111] audit: type=1400 audit(1768686766.636:4): apparmor="STATUS" operation="profile_load" profile="unconfined" name="/usr/sbin/tcpdump" pid=300 comm="apparmor_parser"
[    2.832805] audit: type=1400 audit(1768686766.676:5): apparmor="STATUS" operation="profile_load" profile="unconfined" name="/usr/bin/evince" pid=302 comm="apparmor_parser"
[    2.832807] audit: type=1400 audit(1768686766.676:6): apparmor="STATUS" operation="profile_load" profile="unconfined" name="/usr/bin/evince//sanitized_helper" pid=302 comm="apparmor_parser"
[    2.832810] audit: type=1400 audit(1768686766.676:7): apparmor="STATUS" operation="profile_load" profile="unconfined" name="/usr/bin/evince-previewer" pid=302 comm="apparmor_parser"
[    2.832812] audit: type=1400 audit(1768686766.676:8): apparmor="STATUS" operation="profile_load" profile="unconfined" name="/usr/bin/evince-previewer//sanitized_helper" pid=302 comm="apparmor_parser"
[    2.832813] audit: type=1400 audit(1768686766.676:9): apparmor="STATUS" operation="profile_load" profile="unconfined" name="/usr/bin/evince-thumbnailer" pid=302 comm="apparmor_parser"
[    2.865511] audit: type=1400 audit(1768686766.716:10): apparmor="STATUS" operation="profile_load" profile="unconfined" name="/usr/lib/cups/backend/cups-pdf" pid=303 comm="apparmor_parser"
[    2.935292] systemd[1]: Finished Load AppArmor profiles.
[    2.936259] systemd[1]: Starting Load AppArmor profiles managed internally by snapd...
[    3.043952] systemd[1]: Finished Load AppArmor profiles managed internally by snapd.
[    3.185304] systemd[1]: Started Journal Service.
[    3.193737] systemd-journald[229]: Received client request to flush runtime journal.
[    3.196826] systemd-journald[229]: File /var/log/journal/c455b248004a419c87ce85eea238d727/system.journal corrupted or uncleanly shut down, renaming and replacing.
[    4.576840] RAPL PMU: API unit is 2^-32 Joules, 0 fixed counters, 10737418240 ms ovfl timer
[    4.655867] cryptd: max_cpu_qlen set to 1000
[    4.719848] AVX2 version of gcm_enc/dec engaged.
[    4.719849] AES CTR mode by8 optimization enabled
[    6.555274] Adding 1998844k swap on /dev/sda1.  Priority:-2 extents:1 across:1998844k FS
[    8.371024] kauditd_printk_skb: 30 callbacks suppressed
[    8.371026] audit: type=1400 audit(1768686772.220:41): apparmor="DENIED" operation="capable" profile="/usr/sbin/cups-browsed" pid=506 comm="cups-browsed" capability=23  capname="sys_nice"
[    9.181833] pcnet32 0000:00:03.0 enp0s3: link up, 100Mbps, full-duplex
[    9.227497] e1000: enp0s8 NIC Link is Up 1000 Mbps Full Duplex, Flow Control: RX
[    9.227832] IPv6: ADDRCONF(NETDEV_CHANGE): enp0s8: link becomes ready
[    9.260804] e1000: enp0s9 NIC Link is Up 1000 Mbps Full Duplex, Flow Control: RX
[    9.261159] IPv6: ADDRCONF(NETDEV_CHANGE): enp0s9: link becomes ready
[    9.924194] device enp0s3 entered promiscuous mode
[    9.951567] audit: type=1400 audit(1768686773.804:42): apparmor="DENIED" operation="open" profile="/usr/sbin/tcpdump" name="/proc/sys/kernel/random/boot_id" pid=657 comm="tcpdump" requested_mask="r" denied_mask="r" fsuid=0 ouid=0
[    9.951790] audit: type=1400 audit(1768686773.804:43): apparmor="DENIED" operation="open" profile="/usr/sbin/tcpdump" name="/proc/sys/kernel/random/boot_id" pid=657 comm="tcpdump" requested_mask="r" denied_mask="r" fsuid=0 ouid=0
[    9.951843] audit: type=1400 audit(1768686773.804:44): apparmor="DENIED" operation="open" profile="/usr/sbin/tcpdump" name="/proc/sys/kernel/random/boot_id" pid=657 comm="tcpdump" requested_mask="r" denied_mask="r" fsuid=0 ouid=0
[    9.951901] audit: type=1400 audit(1768686773.804:45): apparmor="DENIED" operation="open" profile="/usr/sbin/tcpdump" name="/proc/sys/kernel/random/boot_id" pid=657 comm="tcpdump" requested_mask="r" denied_mask="r" fsuid=0 ouid=0
[    9.959287] audit: type=1400 audit(1768686773.804:46): apparmor="DENIED" operation="open" profile="/usr/sbin/tcpdump" name="/proc/sys/kernel/random/boot_id" pid=658 comm="tcpdump" requested_mask="r" denied_mask="r" fsuid=0 ouid=0
[    9.959522] audit: type=1400 audit(1768686773.804:47): apparmor="DENIED" operation="open" profile="/usr/sbin/tcpdump" name="/proc/sys/kernel/random/boot_id" pid=658 comm="tcpdump" requested_mask="r" denied_mask="r" fsuid=0 ouid=0
[    9.959565] audit: type=1400 audit(1768686773.804:48): apparmor="DENIED" operation="open" profile="/usr/sbin/tcpdump" name="/proc/sys/kernel/random/boot_id" pid=658 comm="tcpdump" requested_mask="r" denied_mask="r" fsuid=0 ouid=0
[    9.959621] audit: type=1400 audit(1768686773.804:49): apparmor="DENIED" operation="open" profile="/usr/sbin/tcpdump" name="/proc/sys/kernel/random/boot_id" pid=658 comm="tcpdump" requested_mask="r" denied_mask="r" fsuid=0 ouid=0
[   16.288688] rfkill: input handler disabled
[  167.270198] AAAAA-TCP_FORW: name:enp0s3: saddr:100932208: daddr:16783984
[  168.120225] AAAAA-TCP_FORW: name:enp0s3: saddr:100932208: daddr:16783984
[  168.363377] AAAAA-TCP_FORW: name:enp0s3: saddr:100932208: daddr:16783984
[  168.508076] AAAAA-TCP_FORW: name:enp0s3: saddr:100932208: daddr:16783984
[  168.690559] AAAAA-TCP_FORW: name:enp0s3: saddr:100932208: daddr:16783984
[  168.775037] AAAAA-TCP_FORW: name:enp0s3: saddr:100932208: daddr:16783984
[  168.789008] AAAAA-TCP_FORW: name:enp0s3: saddr:33561200: daddr:100932208
[  168.866327] AAAAA-TCP_FORW: name:enp0s3: saddr:16783984: daddr:100932208
[  168.993867] AAAAA-TCP_FORW: name:enp0s3: saddr:33561200: daddr:100932208
[  169.041644] AAAAA-TCP_FORW: name:enp0s3: saddr:16783984: daddr:100932208
[  169.087448] AAAAA-TCP_FORW: name:enp0s3: saddr:100932208: daddr:16783984
[  169.159924] AAAAA-TCP_FORW: name:enp0s3: saddr:16783984: daddr:100932208
[  169.221576] AAAAA-TCP_FORW: name:enp0s3: saddr:16783984: daddr:100932208
[  169.232854] AAAAA-TCP_FORW: name:enp0s3: saddr:100932208: daddr:16783984
[  169.321722] AAAAA-TCP_FORW: name:enp0s3: saddr:16783984: daddr:100932208
[  169.462996] AAAAA-TCP_FORW: name:enp0s3: saddr:16783984: daddr:100932208
[  170.922463] AAAAA-TCP_FORW: name:enp0s3: saddr:33561200: daddr:100932208
[  171.064813] AAAAA-TCP_FORW: name:enp0s3: saddr:16783984: daddr:100932208
[  171.136914] AAAAA-TCP_FORW: name:enp0s3: saddr:16783984: daddr:100932208
[  171.603155] AAAAA-TCP_FORW: name:enp0s3: saddr:16783984: daddr:100932208
[  171.762083] AAAAA-TCP_FORW: name:enp0s3: saddr:16783984: daddr:100932208
[  172.433400] AAAAA-TCP_FORW: name:enp0s3: saddr:16783984: daddr:100932208
[  173.163249] AAAAA-TCP_FORW: name:enp0s3: saddr:16783984: daddr:100932208
[  173.626364] AAAAA-TCP_FORW: name:enp0s3: saddr:16783984: daddr:100932208
[  173.891671] AAAAA-TCP_FORW: name:enp0s3: saddr:16783984: daddr:100932208
[  497.103800] rfkill: input handler enabled
[  506.011686] rfkill: input handler disabled
[  697.610768] device enp0s3 left promiscuous mode
