[    0.000000] Linux version 5.4.243-mptcp (root@ztg) (gcc version 12.2.0 (Debian 12.2.0-14+deb12u1)) #53 SMP Wed Dec 24 23:28:15 CST 2025
[    0.000000] Command line: BOOT_IMAGE=/boot/vmlinuz-5.4.243-mptcp root=UUID=98415a12-53b7-4144-8265-0f7ece09e445 ro quiet splash
[    0.000000] KERNEL supported cpus:
[    0.000000]   Intel GenuineIntel
[    0.000000]   AMD AuthenticAMD
[    0.000000]   Hygon HygonGenuine
[    0.000000]   Centaur CentaurHauls
[    0.000000]   zhaoxin   Shanghai  
[    0.000000] x86/fpu: Supporting XSAVE feature 0x001: 'x87 floating point registers'
[    0.000000] x86/fpu: Supporting XSAVE feature 0x002: 'SSE registers'
[    0.000000] x86/fpu: Supporting XSAVE feature 0x004: 'AVX registers'
[    0.000000] x86/fpu: xstate_offset[2]:  576, xstate_sizes[2]:  256
[    0.000000] x86/fpu: Enabled xstate features 0x7, context size is 832 bytes, using 'standard' format.
[    0.000000] BIOS-provided physical RAM map:
[    0.000000] BIOS-e820: [mem 0x0000000000000000-0x000000000009fbff] usable
[    0.000000] BIOS-e820: [mem 0x000000000009fc00-0x000000000009ffff] reserved
[    0.000000] BIOS-e820: [mem 0x00000000000f0000-0x00000000000fffff] reserved
[    0.000000] BIOS-e820: [mem 0x0000000000100000-0x000000007ffeffff] usable
[    0.000000] BIOS-e820: [mem 0x000000007fff0000-0x000000007fffffff] ACPI data
[    0.000000] BIOS-e820: [mem 0x00000000fec00000-0x00000000fec00fff] reserved
[    0.000000] BIOS-e820: [mem 0x00000000fee00000-0x00000000fee00fff] reserved
[    0.000000] BIOS-e820: [mem 0x00000000fffc0000-0x00000000ffffffff] reserved
[    0.000000] NX (Execute Disable) protection: active
[    0.000000] SMBIOS 2.5 present.
[    0.000000] DMI: innotek GmbH VirtualBox/VirtualBox, BIOS VirtualBox 12/01/2006
[    0.000000] Hypervisor detected: KVM
[    0.000000] kvm-clock: Using msrs 4b564d01 and 4b564d00
[    0.000000] kvm-clock: cpu 0, msr 63a01001, primary cpu clock
[    0.000000] kvm-clock: using sched offset of 4456628268 cycles
[    0.000003] clocksource: kvm-clock: mask: 0xffffffffffffffff max_cycles: 0x1cd42e4dffb, max_idle_ns: 881590591483 ns
[    0.000005] tsc: Detected 2100.000 MHz processor
[    0.001888] e820: update [mem 0x00000000-0x00000fff] usable ==> reserved
[    0.001890] e820: remove [mem 0x000a0000-0x000fffff] usable
[    0.001894] last_pfn = 0x7fff0 max_arch_pfn = 0x400000000
[    0.001961] MTRR default type: uncachable
[    0.001962] MTRR fixed ranges enabled:
[    0.001963]   00000-9FFFF write-back
[    0.001964]   A0000-BFFFF uncachable
[    0.001965]   C0000-FFFFF write-protect
[    0.001965] MTRR variable ranges enabled:
[    0.001967]   0 base 000000000000 mask 3FFF80000000 write-back
[    0.001968]   1 disabled
[    0.001968]   2 disabled
[    0.001968]   3 disabled
[    0.001969]   4 disabled
[    0.001969]   5 disabled
[    0.001970]   6 disabled
[    0.001970]   7 disabled
[    0.001971]   8 disabled
[    0.001971]   9 disabled
[    0.001971]   10 disabled
[    0.001972]   11 disabled
[    0.001972]   12 disabled
[    0.001973]   13 disabled
[    0.001973]   14 disabled
[    0.001974]   15 disabled
[    0.001989] x86/PAT: Configuration [0-7]: WB  WC  UC- UC  WB  WP  UC- WT  
[    0.002122] found SMP MP-table at [mem 0x0009fff0-0x0009ffff]
[    0.092859] check: Scanning 1 areas for low memory corruption
[    0.093090] RAMDISK: [mem 0x32271000-0x3512ffff]
[    0.093098] ACPI: Early table checksum verification disabled
[    0.093103] ACPI: RSDP 0x00000000000E0000 000024 (v02 VBOX  )
[    0.093107] ACPI: XSDT 0x000000007FFF0030 00003C (v01 VBOX   VBOXXSDT 00000001 ASL  00000061)
[    0.093113] ACPI: FACP 0x000000007FFF00F0 0000F4 (v04 VBOX   VBOXFACP 00000001 ASL  00000061)
[    0.093120] ACPI: DSDT 0x000000007FFF02E0 002353 (v02 VBOX   VBOXBIOS 00000002 VBOX 00029BF3)
[    0.093124] ACPI: FACS 0x000000007FFF0200 000040
[    0.093128] ACPI: FACS 0x000000007FFF0200 000040
[    0.093131] ACPI: APIC 0x000000007FFF0240 000054 (v02 VBOX   VBOXAPIC 00000001 ASL  00000061)
[    0.093135] ACPI: SSDT 0x000000007FFF02A0 000038 (v01 VBOX   VBOXCPUT 00000002 VBOX 00029BF3)
[    0.093138] ACPI: Reserving FACP table memory at [mem 0x7fff00f0-0x7fff01e3]
[    0.093139] ACPI: Reserving DSDT table memory at [mem 0x7fff02e0-0x7fff2632]
[    0.093139] ACPI: Reserving FACS table memory at [mem 0x7fff0200-0x7fff023f]
[    0.093140] ACPI: Reserving FACS table memory at [mem 0x7fff0200-0x7fff023f]
[    0.093141] ACPI: Reserving APIC table memory at [mem 0x7fff0240-0x7fff0293]
[    0.093141] ACPI: Reserving SSDT table memory at [mem 0x7fff02a0-0x7fff02d7]
[    0.093156] ACPI: Local APIC address 0xfee00000
[    0.093345] No NUMA configuration found
[    0.093346] Faking a node at [mem 0x0000000000000000-0x000000007ffeffff]
[    0.093357] NODE_DATA(0) allocated [mem 0x7ffc5000-0x7ffeffff]
[    0.093618] Zone ranges:
[    0.093619]   DMA      [mem 0x0000000000001000-0x0000000000ffffff]
[    0.093621]   DMA32    [mem 0x0000000001000000-0x000000007ffeffff]
[    0.093621]   Normal   empty
[    0.093622]   Device   empty
[    0.093623] Movable zone start for each node
[    0.093625] Early memory node ranges
[    0.093626]   node   0: [mem 0x0000000000001000-0x000000000009efff]
[    0.093626]   node   0: [mem 0x0000000000100000-0x000000007ffeffff]
[    0.093630] Zeroed struct page in unavailable ranges: 114 pages
[    0.093631] Initmem setup node 0 [mem 0x0000000000001000-0x000000007ffeffff]
[    0.093632] On node 0 totalpages: 524174
[    0.093633]   DMA zone: 64 pages used for memmap
[    0.093634]   DMA zone: 21 pages reserved
[    0.093635]   DMA zone: 3998 pages, LIFO batch:0
[    0.093706]   DMA32 zone: 8128 pages used for memmap
[    0.093707]   DMA32 zone: 520176 pages, LIFO batch:63
[    0.102601] ACPI: PM-Timer IO Port: 0x4008
[    0.102604] ACPI: Local APIC address 0xfee00000
[    0.102669] IOAPIC[0]: apic_id 1, version 32, address 0xfec00000, GSI 0-23
[    0.102672] ACPI: INT_SRC_OVR (bus 0 bus_irq 0 global_irq 2 dfl dfl)
[    0.102674] ACPI: INT_SRC_OVR (bus 0 bus_irq 9 global_irq 9 low level)
[    0.102676] ACPI: IRQ0 used by override.
[    0.102677] ACPI: IRQ9 used by override.
[    0.102680] Using ACPI (MADT) for SMP configuration information
[    0.102688] smpboot: Allowing 1 CPUs, 0 hotplug CPUs
[    0.102711] PM: Registered nosave memory: [mem 0x00000000-0x00000fff]
[    0.102712] PM: Registered nosave memory: [mem 0x0009f000-0x0009ffff]
[    0.102713] PM: Registered nosave memory: [mem 0x000a0000-0x000effff]
[    0.102713] PM: Registered nosave memory: [mem 0x000f0000-0x000fffff]
[    0.102715] [mem 0x80000000-0xfebfffff] available for PCI devices
[    0.102716] Booting paravirtualized kernel on KVM
[    0.102719] clocksource: refined-jiffies: mask: 0xffffffff max_cycles: 0xffffffff, max_idle_ns: 7645519600211568 ns
[    0.102723] setup_percpu: NR_CPUS:8192 nr_cpumask_bits:1 nr_cpu_ids:1 nr_node_ids:1
[    0.103770] percpu: Embedded 60 pages/cpu s208896 r8192 d28672 u2097152
[    0.103775] pcpu-alloc: s208896 r8192 d28672 u2097152 alloc=1*2097152
[    0.103776] pcpu-alloc: [0] 0 
[    0.103803] Built 1 zonelists, mobility grouping on.  Total pages: 515961
[    0.103803] Policy zone: DMA32
[    0.103805] Kernel command line: BOOT_IMAGE=/boot/vmlinuz-5.4.243-mptcp root=UUID=98415a12-53b7-4144-8265-0f7ece09e445 ro quiet splash
[    0.104677] Dentry cache hash table entries: 262144 (order: 9, 2097152 bytes, linear)
[    0.104823] Inode-cache hash table entries: 131072 (order: 8, 1048576 bytes, linear)
[    0.104874] mem auto-init: stack:off, heap alloc:on, heap free:off
[    0.104877] Calgary: detecting Calgary via BIOS EBDA area
[    0.104878] Calgary: Unable to locate Rio Grande table in EBDA - bailing!
[    0.108968] Memory: 1967332K/2096696K available (14339K kernel code, 2398K rwdata, 4712K rodata, 2728K init, 17260K bss, 129364K reserved, 0K cma-reserved)
[    0.109908] SLUB: HWalign=64, Order=0-3, MinObjects=0, CPUs=1, Nodes=1
[    0.109925] ftrace: allocating 43186 entries in 169 pages
[    0.127960] rcu: Hierarchical RCU implementation.
[    0.127962] rcu: 	RCU restricting CPUs from NR_CPUS=8192 to nr_cpu_ids=1.
[    0.127963] 	Tasks RCU enabled.
[    0.127964] rcu: RCU calculated value of scheduler-enlistment delay is 25 jiffies.
[    0.127965] rcu: Adjusting geometry for rcu_fanout_leaf=16, nr_cpu_ids=1
[    0.130916] NR_IRQS: 524544, nr_irqs: 256, preallocated irqs: 16
[    0.131120] random: crng init done
[    0.140437] Console: colour VGA+ 80x25
[    0.140441] printk: console [tty0] enabled
[    0.140459] ACPI: Core revision 20190816
[    0.140553] APIC: Switch to symmetric I/O mode setup
[    0.140801] x2apic enabled
[    0.141037] Switched APIC routing to physical x2apic.
[    0.142166] ..TIMER: vector=0x30 apic1=0 pin1=2 apic2=-1 pin2=-1
[    0.142192] clocksource: tsc-early: mask: 0xffffffffffffffff max_cycles: 0x1e4530a99b6, max_idle_ns: 440795257976 ns
[    0.142197] Calibrating delay loop (skipped) preset value.. 4200.00 BogoMIPS (lpj=8400000)
[    0.142199] pid_max: default: 32768 minimum: 301
[    0.142227] LSM: Security Framework initializing
[    0.142236] Yama: becoming mindful.
[    0.142262] AppArmor: AppArmor initialized
[    0.142297] Mount-cache hash table entries: 4096 (order: 3, 32768 bytes, linear)
[    0.142301] Mountpoint-cache hash table entries: 4096 (order: 3, 32768 bytes, linear)
[    0.142311] *** VALIDATE tmpfs ***
[    0.142438] *** VALIDATE proc ***
[    0.142478] *** VALIDATE cgroup1 ***
[    0.142479] *** VALIDATE cgroup2 ***
[    0.142617] process: using mwait in idle threads
[    0.142621] Last level iTLB entries: 4KB 64, 2MB 8, 4MB 8
[    0.142622] Last level dTLB entries: 4KB 64, 2MB 0, 4MB 0, 1GB 4
[    0.142642] Spectre V1 : Mitigation: usercopy/swapgs barriers and __user pointer sanitization
[    0.142648] Spectre V2 : Mitigation: Retpolines
[    0.142649] Spectre V2 : Spectre v2 / SpectreRSB mitigation: Filling RSB on context switch
[    0.142649] Spectre V2 : Spectre v2 / SpectreRSB : Filling RSB on VMEXIT
[    0.142650] RETBleed: WARNING: Spectre v2 mitigation leaves CPU vulnerable to RETBleed attacks, data leaks possible!
[    0.143003] RETBleed: Vulnerable
[    0.143003] Speculative Store Bypass: Vulnerable
[    0.143008] TAA: Mitigation: TSX disabled
[    0.143009] MMIO Stale Data: Mitigation: Clear CPU buffers
[    0.147175] Freeing SMP alternatives memory: 40K
[    0.259781] smpboot: CPU0: Intel(R) Xeon(R) Silver 4216 CPU @ 2.10GHz (family: 0x6, model: 0x55, stepping: 0x7)
[    0.259895] Performance Events: unsupported p6 CPU model 85 no PMU driver, software events only.
[    0.259930] rcu: Hierarchical SRCU implementation.
[    0.260403] NMI watchdog: Perf NMI watchdog permanently disabled
[    0.260441] smp: Bringing up secondary CPUs ...
[    0.260442] smp: Brought up 1 node, 1 CPU
[    0.260443] smpboot: Max logical packages: 1
[    0.260444] smpboot: Total of 1 processors activated (4200.00 BogoMIPS)
[    0.261428] devtmpfs: initialized
[    0.261488] x86/mm: Memory block size: 128MB
[    0.261833] clocksource: jiffies: mask: 0xffffffff max_cycles: 0xffffffff, max_idle_ns: 7645041785100000 ns
[    0.261839] futex hash table entries: 256 (order: 2, 16384 bytes, linear)
[    0.261881] pinctrl core: initialized pinctrl subsystem
[    0.261982] PM: RTC time: 10:54:47, date: 2026-01-18
[    0.262087] NET: Registered protocol family 16
[    0.262161] audit: initializing netlink subsys (disabled)
[    0.262194] EISA bus registered
[    0.262194] cpuidle: using governor ladder
[    0.262194] cpuidle: using governor menu
[    0.262194] ACPI: bus type PCI registered
[    0.262194] acpiphp: ACPI Hot Plug PCI Controller Driver version: 0.5
[    0.262194] PCI: Using configuration type 1 for base access
[    0.262477] audit: type=2000 audit(1768704893.453:1): state=initialized audit_enabled=0 res=1
[    0.262554] HugeTLB registered 2.00 MiB page size, pre-allocated 0 pages
[    0.263364] ACPI: Added _OSI(Module Device)
[    0.263364] ACPI: Added _OSI(Processor Device)
[    0.263365] ACPI: Added _OSI(3.0 _SCP Extensions)
[    0.263365] ACPI: Added _OSI(Processor Aggregator Device)
[    0.263366] ACPI: Added _OSI(Linux-Dell-Video)
[    0.263367] ACPI: Added _OSI(Linux-Lenovo-NV-HDMI-Audio)
[    0.263368] ACPI: Added _OSI(Linux-HPI-Hybrid-Graphics)
[    0.265329] ACPI: 2 ACPI AML tables successfully acquired and loaded
[    0.266836] ACPI: Interpreter enabled
[    0.266846] ACPI: (supports S0 S5)
[    0.266847] ACPI: Using IOAPIC for interrupt routing
[    0.267053] PCI: Using host bridge windows from ACPI; if necessary, use "pci=nocrs" and report a bug
[    0.267161] ACPI: Enabled 2 GPEs in block 00 to 07
[    0.272036] ACPI: PCI Root Bridge [PCI0] (domain 0000 [bus 00-ff])
[    0.272041] acpi PNP0A03:00: _OSC: OS supports [ASPM ClockPM Segments MSI HPX-Type3]
[    0.272490] acpi PNP0A03:00: _OSC: not requesting OS control; OS requires [ExtendedConfig ASPM ClockPM MSI]
[    0.272498] acpi PNP0A03:00: fail to add MMCONFIG information, can't access extended PCI configuration space under this bridge.
[    0.272877] PCI host bridge to bus 0000:00
[    0.272879] pci_bus 0000:00: root bus resource [io  0x0000-0x0cf7 window]
[    0.272880] pci_bus 0000:00: root bus resource [io  0x0d00-0xffff window]
[    0.272881] pci_bus 0000:00: root bus resource [mem 0x000a0000-0x000bffff window]
[    0.272883] pci_bus 0000:00: root bus resource [mem 0x80000000-0xfdffffff window]
[    0.272884] pci_bus 0000:00: root bus resource [bus 00-ff]
[    0.272927] pci 0000:00:00.0: [8086:1237] type 00 class 0x060000
[    0.273865] pci 0000:00:01.0: [8086:7000] type 00 class 0x060100
[    0.274799] pci 0000:00:01.1: [8086:7111] type 00 class 0x01018a
[    0.275177] pci 0000:00:01.1: reg 0x20: [io  0xd000-0xd00f]
[    0.275332] pci 0000:00:01.1: legacy IDE quirk: reg 0x10: [io  0x01f0-0x01f7]
[    0.275333] pci 0000:00:01.1: legacy IDE quirk: reg 0x14: [io  0x03f6]
[    0.275334] pci 0000:00:01.1: legacy IDE quirk: reg 0x18: [io  0x0170-0x0177]
[    0.275335] pci 0000:00:01.1: legacy IDE quirk: reg 0x1c: [io  0x0376]
[    0.275883] pci 0000:00:02.0: [15ad:0405] type 00 class 0x030000
[    0.278271] pci 0000:00:02.0: reg 0x10: [io  0xd010-0xd01f]
[    0.282241] pci 0000:00:02.0: reg 0x14: [mem 0xe0000000-0xe7ffffff pref]
[    0.284828] pci 0000:00:02.0: reg 0x18: [mem 0xf0000000-0xf01fffff]
[    0.294970] pci 0000:00:03.0: [1022:2000] type 00 class 0x020000
[    0.295663] pci 0000:00:03.0: reg 0x10: [io  0xd020-0xd03f]
[    0.296273] pci 0000:00:03.0: reg 0x14: [mem 0xf0200000-0xf0200fff]
[    0.299652] pci 0000:00:04.0: [80ee:cafe] type 00 class 0x088000
[    0.300331] pci 0000:00:04.0: reg 0x10: [io  0xd040-0xd05f]
[    0.300944] pci 0000:00:04.0: reg 0x14: [mem 0xf0400000-0xf07fffff]
[    0.302307] pci 0000:00:04.0: reg 0x18: [mem 0xf0800000-0xf0803fff pref]
[    0.305828] pci 0000:00:07.0: [8086:7113] type 00 class 0x068000
[    0.306570] pci 0000:00:07.0: quirk: [io  0x4000-0x403f] claimed by PIIX4 ACPI
[    0.306581] pci 0000:00:07.0: quirk: [io  0x4100-0x410f] claimed by PIIX4 SMB
[    0.307173] pci 0000:00:08.0: [1022:2000] type 00 class 0x020000
[    0.307841] pci 0000:00:08.0: reg 0x10: [io  0xd060-0xd07f]
[    0.308460] pci 0000:00:08.0: reg 0x14: [mem 0xf0804000-0xf0804fff]
[    0.311575] pci 0000:00:09.0: [8086:100e] type 00 class 0x020000
[    0.312290] pci 0000:00:09.0: reg 0x10: [mem 0xf0820000-0xf083ffff]
[    0.313486] pci 0000:00:09.0: reg 0x18: [io  0xd080-0xd087]
[    0.323194] ACPI: PCI Interrupt Link [LNKA] (IRQs 5 9 10 *11)
[    0.323480] ACPI: PCI Interrupt Link [LNKB] (IRQs 5 9 *10 11)
[    0.323589] ACPI: PCI Interrupt Link [LNKC] (IRQs 5 *9 10 11)
[    0.323692] ACPI: PCI Interrupt Link [LNKD] (IRQs 5 9 10 *11)
[    0.323941] iommu: Default domain type: Translated 
[    0.324004] pci 0000:00:02.0: vgaarb: setting as boot VGA device
[    0.324006] pci 0000:00:02.0: vgaarb: VGA device added: decodes=io+mem,owns=io+mem,locks=none
[    0.324008] pci 0000:00:02.0: vgaarb: bridge control possible
[    0.324009] vgaarb: loaded
[    0.324218] SCSI subsystem initialized
[    0.324248] libata version 3.00 loaded.
[    0.324273] ACPI: bus type USB registered
[    0.324288] usbcore: registered new interface driver usbfs
[    0.324294] usbcore: registered new interface driver hub
[    0.324299] usbcore: registered new device driver usb
[    0.324324] pps_core: LinuxPPS API ver. 1 registered
[    0.324324] pps_core: Software ver. 5.3.6 - Copyright 2005-2007 Rodolfo Giometti <giometti@linux.it>
[    0.324326] PTP clock support registered
[    0.324359] EDAC MC: Ver: 3.0.0
[    0.326273] PCI: Using ACPI for IRQ routing
[    0.326274] PCI: pci_cache_line_size set to 64 bytes
[    0.326448] e820: reserve RAM buffer [mem 0x0009fc00-0x0009ffff]
[    0.326452] e820: reserve RAM buffer [mem 0x7fff0000-0x7fffffff]
[    0.327281] NetLabel: Initializing
[    0.327282] NetLabel:  domain hash size = 128
[    0.327282] NetLabel:  protocols = UNLABELED CIPSOv4 CALIPSO
[    0.327303] NetLabel:  unlabeled traffic allowed by default
[    0.328194] clocksource: Switched to clocksource kvm-clock
[    0.340607] *** VALIDATE bpf ***
[    0.340663] VFS: Disk quotas dquot_6.6.0
[    0.340676] VFS: Dquot-cache hash table entries: 512 (order 0, 4096 bytes)
[    0.340698] *** VALIDATE ramfs ***
[    0.340701] *** VALIDATE hugetlbfs ***
[    0.340779] AppArmor: AppArmor Filesystem Enabled
[    0.340802] pnp: PnP ACPI init
[    0.340865] pnp 00:00: Plug and Play ACPI device, IDs PNP0303 (active)
[    0.340951] pnp 00:01: Plug and Play ACPI device, IDs PNP0f03 (active)
[    0.341715] pnp: PnP ACPI: found 2 devices
[    0.342701] thermal_sys: Registered thermal governor 'fair_share'
[    0.342702] thermal_sys: Registered thermal governor 'bang_bang'
[    0.342703] thermal_sys: Registered thermal governor 'step_wise'
[    0.342703] thermal_sys: Registered thermal governor 'user_space'
[    0.342704] thermal_sys: Registered thermal governor 'power_allocator'
[    0.347251] clocksource: acpi_pm: mask: 0xffffff max_cycles: 0xffffff, max_idle_ns: 2085701024 ns
[    0.347289] pci_bus 0000:00: resource 4 [io  0x0000-0x0cf7 window]
[    0.347291] pci_bus 0000:00: resource 5 [io  0x0d00-0xffff window]
[    0.347292] pci_bus 0000:00: resource 6 [mem 0x000a0000-0x000bffff window]
[    0.347293] pci_bus 0000:00: resource 7 [mem 0x80000000-0xfdffffff window]
[    0.347348] NET: Registered protocol family 2
[    0.347421] IP idents hash table entries: 32768 (order: 6, 262144 bytes, linear)
[    0.347817] MPTCP tokens hash table entries: 8192 (order: 4, 65536 bytes, linear)
[    0.347837] MPTCP request tokens hash table entries: 8192 (order: 4, 65536 bytes, linear)
[    0.347862] default registered
[    0.347863] default registered
[    0.347863] MPTCP: Stable release v0.96
[    0.347868] tcp_listen_portaddr_hash hash table entries: 1024 (order: 2, 16384 bytes, linear)
[    0.347946] TCP established hash table entries: 16384 (order: 5, 131072 bytes, linear)
[    0.348010] TCP bind hash table entries: 16384 (order: 6, 262144 bytes, linear)
[    0.348036] TCP: Hash tables configured (established 16384 bind 16384)
[    0.348751] UDP hash table entries: 1024 (order: 3, 32768 bytes, linear)
[    0.348763] UDP-Lite hash table entries: 1024 (order: 3, 32768 bytes, linear)
[    0.348795] NET: Registered protocol family 1
[    0.348804] NET: Registered protocol family 44
[    0.348823] pci 0000:00:00.0: Limiting direct PCI/PCI transfers
[    0.348835] pci 0000:00:01.0: Activating ISA DMA hang workarounds
[    0.348891] pci 0000:00:02.0: Video device with shadowed ROM at [mem 0x000c0000-0x000dffff]
[    0.348956] PCI: CLS 0 bytes, default 64
[    0.348999] Trying to unpack rootfs image as initramfs...
[    0.515306] Freeing initrd memory: 47868K
[    0.515306] clocksource: tsc: mask: 0xffffffffffffffff max_cycles: 0x1e4530a99b6, max_idle_ns: 440795257976 ns
[    0.515306] clocksource: Switched to clocksource tsc
[    0.515306] platform rtc_cmos: registered platform RTC device (no PNP device found)
[    0.515306] check: Scanning for low memory corruption every 60 seconds
[    0.515306] Initialise system trusted keyrings
[    0.515306] Key type blacklist registered
[    0.515306] workingset: timestamp_bits=36 max_order=19 bucket_order=0
[    0.515306] zbud: loaded
[    0.515306] squashfs: version 4.0 (2009/01/31) Phillip Lougher
[    0.515306] fuse: init (API version 7.31)
[    0.515306] *** VALIDATE fuse ***
[    0.515306] *** VALIDATE fuse ***
[    0.515306] Platform Keyring initialized
[    0.531345] Key type asymmetric registered
[    0.531346] Asymmetric key parser 'x509' registered
[    0.531364] Block layer SCSI generic (bsg) driver version 0.4 loaded (major 244)
[    0.531403] io scheduler mq-deadline registered
[    0.531521] shpchp: Standard Hot Plug PCI Controller Driver version: 0.4
[    0.531754] ACPI: AC Adapter [AC] (on-line)
[    0.531799] input: Power Button as /devices/LNXSYSTM:00/LNXPWRBN:00/input/input0
[    0.531828] ACPI: Power Button [PWRF]
[    0.531903] input: Sleep Button as /devices/LNXSYSTM:00/LNXSLPBN:00/input/input1
[    0.531919] ACPI: Sleep Button [SLPF]
[    0.532159] Serial: 8250/16550 driver, 32 ports, IRQ sharing enabled
[    0.533329] Linux agpgart interface v0.103
[    0.627145] loop: module loaded
[    0.627268] ata_piix 0000:00:01.1: version 2.13
[    0.627647] scsi host0: ata_piix
[    0.627730] scsi host1: ata_piix
[    0.627757] ata1: PATA max UDMA/33 cmd 0x1f0 ctl 0x3f6 bmdma 0xd000 irq 14
[    0.627757] ata2: PATA max UDMA/33 cmd 0x170 ctl 0x376 bmdma 0xd008 irq 15
[    0.627829] tun: Universal TUN/TAP device driver, 1.6
[    0.628128] PPP generic driver version 2.4.2
[    0.628169] VFIO - User Level meta-driver version: 0.3
[    0.628402] ehci_hcd: USB 2.0 'Enhanced' Host Controller (EHCI) Driver
[    0.628407] ehci-pci: EHCI PCI platform driver
[    0.628419] ehci-platform: EHCI generic platform driver
[    0.628424] ohci_hcd: USB 1.1 'Open' Host Controller (OHCI) Driver
[    0.628426] ohci-pci: OHCI PCI platform driver
[    0.628433] ohci-platform: OHCI generic platform driver
[    0.628437] uhci_hcd: USB Universal Host Controller Interface driver
[    0.628498] i8042: PNP: PS/2 Controller [PNP0303:PS2K,PNP0f03:PS2M] at 0x60,0x64 irq 1,12
[    0.628930] serio: i8042 KBD port at 0x60,0x64 irq 1
[    0.628934] serio: i8042 AUX port at 0x60,0x64 irq 12
[    0.629014] mousedev: PS/2 mouse device common for all mice
[    0.629257] input: AT Translated Set 2 keyboard as /devices/platform/i8042/serio0/input/input2
[    0.629648] rtc_cmos rtc_cmos: registered as rtc0
[    0.629660] rtc_cmos rtc_cmos: alarms up to one day, 114 bytes nvram
[    0.629665] i2c /dev entries driver
[    0.629703] device-mapper: uevent: version 1.0.3
[    0.629745] device-mapper: ioctl: 4.41.0-ioctl (2019-09-16) initialised: dm-devel@redhat.com
[    0.629759] platform eisa.0: Probing EISA bus 0
[    0.629761] platform eisa.0: EISA: Cannot allocate resource for mainboard
[    0.629762] platform eisa.0: Cannot allocate resource for EISA slot 1
[    0.629763] platform eisa.0: Cannot allocate resource for EISA slot 2
[    0.629764] platform eisa.0: Cannot allocate resource for EISA slot 3
[    0.629765] platform eisa.0: Cannot allocate resource for EISA slot 4
[    0.629766] platform eisa.0: Cannot allocate resource for EISA slot 5
[    0.629767] platform eisa.0: Cannot allocate resource for EISA slot 6
[    0.629768] platform eisa.0: Cannot allocate resource for EISA slot 7
[    0.629768] platform eisa.0: Cannot allocate resource for EISA slot 8
[    0.629769] platform eisa.0: EISA: Detected 0 cards
[    0.629772] intel_pstate: CPU model not supported
[    0.629780] ledtrig-cpu: registered to indicate activity on CPUs
[    0.629823] drop_monitor: Initializing network drop monitor service
[    0.629979] NET: Registered protocol family 10
[    0.634991] Segment Routing with IPv6
[    0.635020] fullmesh registered
[    0.635021] ndiffports registered
[    0.635023] binder registered
[    0.635024] roundrobin registered
[    0.635024] redundant registered
[    0.635025] blest registered
[    0.635026] ecf registered
[    0.635027] NET: Registered protocol family 17
[    0.635055] Key type dns_resolver registered
[    0.635149] RAS: Correctable Errors collector initialized.
[    0.635163] IPI shorthand broadcast: enabled
[    0.635174] sched_clock: Marking stable (620172701, 11084515)->(632489104, -1231888)
[    0.635219] registered taskstats version 1
[    0.635227] Loading compiled-in X.509 certificates
[    0.635813] Loaded X.509 cert 'Build time autogenerated kernel key: 6909f3744cebb3d0de528d5887b96a727de79b1e'
[    0.635829] zswap: loaded using pool lzo/zbud
[    0.635878] Key type ._fscrypt registered
[    0.635879] Key type .fscrypt registered
[    0.640297] Key type big_key registered
[    0.642508] Key type encrypted registered
[    0.642511] AppArmor: AppArmor sha1 policy hashing enabled
[    0.642518] ima: No TPM chip found, activating TPM-bypass!
[    0.642521] ima: Allocated hash algorithm: sha1
[    0.642526] ima: No architecture policies found
[    0.642535] evm: Initialising EVM extended attributes:
[    0.642536] evm: security.selinux
[    0.642536] evm: security.SMACK64
[    0.642536] evm: security.SMACK64EXEC
[    0.642537] evm: security.SMACK64TRANSMUTE
[    0.642537] evm: security.SMACK64MMAP
[    0.642538] evm: security.apparmor
[    0.642538] evm: security.ima
[    0.642539] evm: security.capability
[    0.642539] evm: HMAC attrs: 0x1
[    0.642824] PM:   Magic number: 10:272:932
[    0.642918] rtc_cmos rtc_cmos: setting system clock to 2026-01-18T10:54:48 UTC (1768733688)
[    0.800442] ata1.00: ATA-6: VBOX HARDDISK, 1.0, max UDMA/133
[    0.800446] ata1.00: 209715200 sectors, multi 128: LBA 
[    0.801182] scsi 0:0:0:0: Direct-Access     ATA      VBOX HARDDISK    1.0  PQ: 0 ANSI: 5
[    0.801519] sd 0:0:0:0: [sda] 209715200 512-byte logical blocks: (107 GB/100 GiB)
[    0.801531] sd 0:0:0:0: [sda] Write Protect is off
[    0.801534] sd 0:0:0:0: [sda] Mode Sense: 00 3a 00 00
[    0.801556] sd 0:0:0:0: [sda] Write cache: enabled, read cache: enabled, doesn't support DPO or FUA
[    0.801830] sd 0:0:0:0: Attached scsi generic sg0 type 0
[    0.802870]  sda: sda1 sda2
[    0.815416] sd 0:0:0:0: [sda] Attached SCSI disk
[    0.821392] Freeing unused decrypted memory: 2040K
[    0.822756] Freeing unused kernel image memory: 2728K
[    0.822761] Write protecting the kernel read-only data: 22528k
[    0.824242] Freeing unused kernel image memory: 2036K
[    0.825021] Freeing unused kernel image memory: 1432K
[    0.861849] x86/mm: Checked W+X mappings: passed, no W+X pages found.
[    0.861856] Run /init as init process
[    0.971748] ACPI: Video Device [GFX0] (multi-head: yes  rom: no  post: no)
[    0.971819] input: Video Bus as /devices/LNXSYSTM:00/LNXSYBUS:00/PNP0A03:00/LNXVIDEO:00/input/input4
[    0.983377] pcnet32: pcnet32.c:v1.35 21.Apr.2008 tsbogend@alpha.franken.de
[    0.986451] piix4_smbus 0000:00:07.0: SMBus Host Controller at 0x4100, revision 0
[    0.990620] e1000: Intel(R) PRO/1000 Network Driver - version 7.3.21-k8-NAPI
[    0.990621] e1000: Copyright (c) 1999-2006 Intel Corporation.
[    0.993322] pcnet32: PCnet/FAST III 79C973 at 0xd020, 08:00:27:07:c9:57 assigned IRQ 19
[    0.993366] pcnet32: Found PHY 0022:561b at address 0
[    0.993662] pcnet32: eth0: registered as PCnet/FAST III 79C973
[    1.007647] pcnet32: PCnet/FAST III 79C973 at 0xd060, 08:00:27:6e:26:e1 assigned IRQ 16
[    1.007691] pcnet32: Found PHY 0022:561b at address 0
[    1.007985] pcnet32: eth1: registered as PCnet/FAST III 79C973
[    1.009925] pcnet32: 2 cards_found
[    1.066454] pcnet32 0000:00:03.0 enp0s3: renamed from eth0
[    1.068950] pcnet32 0000:00:08.0 enp0s8: renamed from eth1
[    1.200612] input: ImExPS/2 Generic Explorer Mouse as /devices/platform/i8042/serio1/input/input5
[    1.403375] e1000 0000:00:09.0 eth0: (PCI:33MHz:32-bit) 08:00:27:fd:d5:11
[    1.403380] e1000 0000:00:09.0 eth0: Intel(R) PRO/1000 Network Connection
[    1.404494] e1000 0000:00:09.0 enp0s9: renamed from eth0
[    1.554308] EXT4-fs (sda2): mounted filesystem with ordered data mode. Opts: (null)
[    1.643890] systemd[1]: Inserted module 'autofs4'
[    1.656632] systemd[1]: systemd 245.4-4ubuntu3 running in system mode. (+PAM +AUDIT +SELINUX +IMA +APPARMOR +SMACK +SYSVINIT +UTMP +LIBCRYPTSETUP +GCRYPT +GNUTLS +ACL +XZ +LZ4 +SECCOMP +BLKID +ELFUTILS +KMOD +IDN2 -IDN +PCRE2 default-hierarchy=hybrid)
[    1.656661] systemd[1]: Detected virtualization oracle.
[    1.656664] systemd[1]: Detected architecture x86-64.
[    1.657931] systemd[1]: Set hostname to <ztg>.
[    1.784977] systemd[1]: /lib/systemd/system/dbus.socket:5: ListenStream= references a path below legacy directory /var/run/, updating /var/run/dbus/system_bus_socket â†’ /run/dbus/system_bus_socket; please update the unit file accordingly.
[    1.836761] systemd[1]: Created slice system-modprobe.slice.
[    1.836939] systemd[1]: Created slice User and Session Slice.
[    1.836980] systemd[1]: Started Forward Password Requests to Wall Directory Watch.
[    1.837131] systemd[1]: Set up automount Arbitrary Executable File Formats File System Automount Point.
[    1.837163] systemd[1]: Reached target User and Group Name Lookups.
[    1.837172] systemd[1]: Reached target Remote File Systems.
[    1.837180] systemd[1]: Reached target Slices.
[    1.837726] systemd[1]: Listening on Syslog Socket.
[    1.837792] systemd[1]: Listening on fsck to fsckd communication Socket.
[    1.837827] systemd[1]: Listening on initctl Compatibility Named Pipe.
[    1.837958] systemd[1]: Listening on Journal Audit Socket.
[    1.838011] systemd[1]: Listening on Journal Socket (/dev/log).
[    1.838078] systemd[1]: Listening on Journal Socket.
[    1.838144] systemd[1]: Listening on udev Control Socket.
[    1.838183] systemd[1]: Listening on udev Kernel Socket.
[    1.838880] systemd[1]: Mounting Huge Pages File System...
[    1.839821] systemd[1]: Mounting POSIX Message Queue File System...
[    1.840664] systemd[1]: Mounting Kernel Debug File System...
[    1.841477] systemd[1]: Mounting Kernel Trace File System...
[    1.843373] systemd[1]: Starting Journal Service...
[    1.865372] systemd[1]: Starting Set the console keyboard layout...
[    1.873020] systemd[1]: Starting Create list of static device nodes for the current kernel...
[    1.874786] systemd[1]: Starting Load Kernel Module drm...
[    1.875815] systemd[1]: Condition check resulted in Set Up Additional Binary Formats being skipped.
[    1.875865] systemd[1]: Condition check resulted in File System Check on Root Device being skipped.
[    1.880381] systemd[1]: Starting Load Kernel Modules...
[    1.881118] systemd[1]: Starting Remount Root and Kernel File Systems...
[    1.881879] systemd[1]: Starting udev Coldplug all Devices...
[    1.882621] systemd[1]: Starting Uncomplicated firewall...
[    1.918765] systemd[1]: Mounted Huge Pages File System.
[    1.918855] systemd[1]: Mounted POSIX Message Queue File System.
[    1.918922] systemd[1]: Mounted Kernel Debug File System.
[    1.918986] systemd[1]: Mounted Kernel Trace File System.
[    1.923570] EXT4-fs (sda2): re-mounted. Opts: errors=remount-ro
[    1.923851] systemd[1]: Finished Create list of static device nodes for the current kernel.
[    1.944640] systemd[1]: Finished Uncomplicated firewall.
[    1.951409] systemd[1]: Finished Remount Root and Kernel File Systems.
[    1.968695] systemd[1]: Condition check resulted in Rebuild Hardware Database being skipped.
[    1.968731] systemd[1]: Condition check resulted in Platform Persistent Storage Archival being skipped.
[    1.984998] systemd[1]: Starting Load/Save Random Seed...
[    1.990537] systemd[1]: Starting Create System Users...
[    1.990874] systemd[1]: modprobe@drm.service: Succeeded.
[    1.996749] lp: driver loaded but no devices found
[    1.998971] systemd[1]: Finished Load Kernel Module drm.
[    2.000452] systemd[1]: Finished Load/Save Random Seed.
[    2.004678] ppdev: user-space parallel port driver
[    2.008603] systemd[1]: Finished Create System Users.
[    2.009271] systemd[1]: Starting Create Static Device Nodes in /dev...
[    2.046550] systemd[1]: Finished udev Coldplug all Devices.
[    2.053036] systemd[1]: Finished Create Static Device Nodes in /dev.
[    2.053747] systemd[1]: Starting udev Kernel Device Manager...
[    2.092893] [drm] DMA map mode: Caching DMA mappings.
[    2.092954] [drm] Capabilities:
[    2.092954] [drm]   Rect copy.
[    2.092955] [drm]   Cursor.
[    2.092955] [drm]   Cursor bypass.
[    2.092956] [drm]   Cursor bypass 2.
[    2.092956] [drm]   Alpha cursor.
[    2.092956] [drm]   Extended Fifo.
[    2.092957] [drm]   Pitchlock.
[    2.092957] [drm]   Irq mask.
[    2.092957] [drm]   GMR.
[    2.092958] [drm]   Traces.
[    2.092958] [drm]   GMR2.
[    2.092958] [drm]   Screen Object 2.
[    2.092959] [drm]   Command Buffers.
[    2.092959] [drm]   Command Buffers 2.
[    2.092959] [drm]   Guest Backed Resources.
[    2.092960] [drm] Max GMR ids is 8192
[    2.092961] [drm] Max number of GMR pages is 1048576
[    2.092961] [drm] Max dedicated hypervisor surface memory is 393216 kiB
[    2.092962] [drm] Maximum display memory size is 131072 kiB
[    2.092963] [drm] VRAM at 0xe0000000 size is 131072 kiB
[    2.092963] [drm] MMIO at 0xf0000000 size is 2048 kiB
[    2.093624] [TTM] Zone  kernel: Available graphics memory: 1011738 KiB
[    2.093625] [TTM] Initializing pool allocator
[    2.093628] [TTM] Initializing DMA pool allocator
[    2.093772] [drm] Supports vblank timestamp caching Rev 2 (21.10.2013).
[    2.093773] [drm] No driver support for vblank timestamp query.
[    2.093987] [drm] Screen Target Display device initialized
[    2.094199] [drm] width 720
[    2.094209] [drm] height 400
[    2.094213] [drm] bpp 32
[    2.094711] [drm] Fifo max 0x00200000 min 0x00001000 cap 0x00000355
[    2.095802] [drm] Using command buffers with DMA pool.
[    2.095805] [drm] DX: no.
[    2.095806] [drm] Atomic: yes.
[    2.095806] [drm] SM4_1: no.
[    2.095824] [drm:vmw_host_log [vmwgfx]] *ERROR* Failed to send host log message.
[    2.108960] [drm:vmw_host_log [vmwgfx]] *ERROR* Failed to send host log message.
[    2.131671] fbcon: svgadrmfb (fb0) is primary device
[    2.135687] systemd[1]: Finished Set the console keyboard layout.
[    2.135785] systemd[1]: Reached target Local File Systems (Pre).
[    2.137826] systemd[1]: Mounting Mount unit for bare, revision 5...
[    2.139836] systemd[1]: Mounting Mount unit for core18, revision 1705...
[    2.142477] Console: switching to colour frame buffer device 100x37
[    2.149204] systemd[1]: Mounting Mount unit for gnome-3-34-1804, revision 24...
[    2.152211] [drm] Initialized vmwgfx 2.15.0 20180704 for 0000:00:02.0 on minor 0
[    2.160058] systemd[1]: Mounting Mount unit for gtk-common-themes, revision 1506...
[    2.167588] systemd[1]: Mounting Mount unit for gtk-common-themes, revision 1535...
[    2.172055] systemd[1]: Mounting Mount unit for snap-store, revision 433...
[    2.188728] systemd[1]: Mounting Mount unit for snapd, revision 25935...
[    2.203434] systemd[1]: Finished Load Kernel Modules.
[    2.205164] systemd[1]: Mounting FUSE Control File System...
[    2.210813] systemd[1]: Mounting Kernel Configuration File System...
[    2.218953] systemd[1]: Starting Apply Kernel Variables...
[    2.240489] systemd[1]: Mounted Mount unit for bare, revision 5.
[    2.240579] systemd[1]: Mounted Mount unit for core18, revision 1705.
[    2.240656] systemd[1]: Mounted Mount unit for gnome-3-34-1804, revision 24.
[    2.240728] systemd[1]: Mounted Mount unit for gtk-common-themes, revision 1506.
[    2.240797] systemd[1]: Mounted FUSE Control File System.
[    2.240865] systemd[1]: Mounted Kernel Configuration File System.
[    2.240913] systemd[1]: Condition check resulted in VMware vmblock fuse mount being skipped.
[    2.246012] systemd[1]: Finished Apply Kernel Variables.
[    2.262484] systemd[1]: Mounted Mount unit for gtk-common-themes, revision 1535.
[    2.262569] systemd[1]: Mounted Mount unit for snap-store, revision 433.
[    2.262639] systemd[1]: Mounted Mount unit for snapd, revision 25935.
[    2.262687] systemd[1]: Reached target Local File Systems.
[    2.263876] systemd[1]: Starting Load AppArmor profiles...
[    2.267940] systemd[1]: Starting Set console font and keymap...
[    2.280528] systemd[1]: Starting Tell Plymouth To Write Out Runtime Data...
[    2.280582] systemd[1]: Condition check resulted in Store a System Token in an EFI Variable being skipped.
[    2.280643] systemd[1]: Condition check resulted in Commit a transient machine-id on disk being skipped.
[    2.280813] systemd[1]: Started udev Kernel Device Manager.
[    2.298141] systemd[1]: Starting Show Plymouth Boot Screen...
[    2.303191] systemd[1]: Finished Set console font and keymap.
[    2.303736] systemd[1]: Received SIGRTMIN+20 from PID 292 (plymouthd).
[    2.309158] systemd[1]: plymouth-read-write.service: Succeeded.
[    2.309395] systemd[1]: Finished Tell Plymouth To Write Out Runtime Data.
[    2.314947] systemd[1]: Started Show Plymouth Boot Screen.
[    2.315065] systemd[1]: Condition check resulted in Dispatch Password Requests to Console Directory Watch being skipped.
[    2.315136] systemd[1]: Started Forward Password Requests to Plymouth Directory Watch.
[    2.315168] systemd[1]: Reached target Local Encrypted Volumes.
[    2.334646] audit: type=1400 audit(1768733690.188:2): apparmor="STATUS" operation="profile_load" profile="unconfined" name="nvidia_modprobe" pid=297 comm="apparmor_parser"
[    2.334648] audit: type=1400 audit(1768733690.188:3): apparmor="STATUS" operation="profile_load" profile="unconfined" name="nvidia_modprobe//kmod" pid=297 comm="apparmor_parser"
[    2.343798] audit: type=1400 audit(1768733690.200:4): apparmor="STATUS" operation="profile_load" profile="unconfined" name="/usr/sbin/tcpdump" pid=299 comm="apparmor_parser"
[    2.391147] audit: type=1400 audit(1768733690.240:5): apparmor="STATUS" operation="profile_load" profile="unconfined" name="/usr/bin/evince" pid=301 comm="apparmor_parser"
[    2.391150] audit: type=1400 audit(1768733690.240:6): apparmor="STATUS" operation="profile_load" profile="unconfined" name="/usr/bin/evince//sanitized_helper" pid=301 comm="apparmor_parser"
[    2.391152] audit: type=1400 audit(1768733690.240:7): apparmor="STATUS" operation="profile_load" profile="unconfined" name="/usr/bin/evince-previewer" pid=301 comm="apparmor_parser"
[    2.391153] audit: type=1400 audit(1768733690.240:8): apparmor="STATUS" operation="profile_load" profile="unconfined" name="/usr/bin/evince-previewer//sanitized_helper" pid=301 comm="apparmor_parser"
[    2.391155] audit: type=1400 audit(1768733690.240:9): apparmor="STATUS" operation="profile_load" profile="unconfined" name="/usr/bin/evince-thumbnailer" pid=301 comm="apparmor_parser"
[    2.406148] audit: type=1400 audit(1768733690.260:10): apparmor="STATUS" operation="profile_load" profile="unconfined" name="/usr/lib/cups/backend/cups-pdf" pid=307 comm="apparmor_parser"
[    2.483589] systemd[1]: Finished Load AppArmor profiles.
[    2.484467] systemd[1]: Starting Load AppArmor profiles managed internally by snapd...
[    2.591724] systemd[1]: Finished Load AppArmor profiles managed internally by snapd.
[    2.802270] systemd[1]: Started Journal Service.
[    2.811748] systemd-journald[229]: Received client request to flush runtime journal.
[    2.814696] systemd-journald[229]: File /var/log/journal/c455b248004a419c87ce85eea238d727/system.journal corrupted or uncleanly shut down, renaming and replacing.
[    4.060324] RAPL PMU: API unit is 2^-32 Joules, 0 fixed counters, 10737418240 ms ovfl timer
[    4.118309] cryptd: max_cpu_qlen set to 1000
[    4.159456] AVX2 version of gcm_enc/dec engaged.
[    4.159457] AES CTR mode by8 optimization enabled
[    5.984878] Adding 1998844k swap on /dev/sda1.  Priority:-2 extents:1 across:1998844k FS
[    7.571657] kauditd_printk_skb: 30 callbacks suppressed
[    7.571659] audit: type=1400 audit(1768733695.420:41): apparmor="DENIED" operation="capable" profile="/usr/sbin/cups-browsed" pid=510 comm="cups-browsed" capability=23  capname="sys_nice"
[    8.460999] pcnet32 0000:00:03.0 enp0s3: link up, 100Mbps, full-duplex
[    8.480730] pcnet32 0000:00:08.0 enp0s8: link up, 100Mbps, full-duplex
[    8.518521] e1000: enp0s9 NIC Link is Up 1000 Mbps Full Duplex, Flow Control: RX
[    8.518809] IPv6: ADDRCONF(NETDEV_CHANGE): enp0s9: link becomes ready
[    9.014087] device enp0s8 entered promiscuous mode
[    9.021386] device enp0s3 entered promiscuous mode
[    9.086232] audit: type=1400 audit(1768733696.936:42): apparmor="DENIED" operation="open" profile="/usr/sbin/tcpdump" name="/proc/sys/kernel/random/boot_id" pid=655 comm="tcpdump" requested_mask="r" denied_mask="r" fsuid=0 ouid=0
[    9.088026] audit: type=1400 audit(1768733696.936:43): apparmor="DENIED" operation="open" profile="/usr/sbin/tcpdump" name="/proc/sys/kernel/random/boot_id" pid=655 comm="tcpdump" requested_mask="r" denied_mask="r" fsuid=0 ouid=0
[    9.088121] audit: type=1400 audit(1768733696.936:44): apparmor="DENIED" operation="open" profile="/usr/sbin/tcpdump" name="/proc/sys/kernel/random/boot_id" pid=655 comm="tcpdump" requested_mask="r" denied_mask="r" fsuid=0 ouid=0
[    9.093179] audit: type=1400 audit(1768733696.948:45): apparmor="DENIED" operation="open" profile="/usr/sbin/tcpdump" name="/proc/sys/kernel/random/boot_id" pid=655 comm="tcpdump" requested_mask="r" denied_mask="r" fsuid=0 ouid=0
[    9.093639] audit: type=1400 audit(1768733696.948:46): apparmor="DENIED" operation="open" profile="/usr/sbin/tcpdump" name="/proc/sys/kernel/random/boot_id" pid=654 comm="tcpdump" requested_mask="r" denied_mask="r" fsuid=0 ouid=0
[    9.094077] audit: type=1400 audit(1768733696.948:47): apparmor="DENIED" operation="open" profile="/usr/sbin/tcpdump" name="/proc/sys/kernel/random/boot_id" pid=654 comm="tcpdump" requested_mask="r" denied_mask="r" fsuid=0 ouid=0
[    9.094118] audit: type=1400 audit(1768733696.948:48): apparmor="DENIED" operation="open" profile="/usr/sbin/tcpdump" name="/proc/sys/kernel/random/boot_id" pid=654 comm="tcpdump" requested_mask="r" denied_mask="r" fsuid=0 ouid=0
[    9.094197] audit: type=1400 audit(1768733696.948:49): apparmor="DENIED" operation="open" profile="/usr/sbin/tcpdump" name="/proc/sys/kernel/random/boot_id" pid=654 comm="tcpdump" requested_mask="r" denied_mask="r" fsuid=0 ouid=0
[    9.098127] audit: type=1400 audit(1768733696.952:50): apparmor="DENIED" operation="open" profile="/usr/sbin/tcpdump" name="/proc/sys/kernel/random/boot_id" pid=657 comm="tcpdump" requested_mask="r" denied_mask="r" fsuid=0 ouid=0
[   15.040266] rfkill: input handler disabled
[  266.465933] AAAAA-TCP_RECV: name:enp0s8: saddr:100932208: daddr:16783984: srtt_us:0: RTT:0: ssthresh:2147483647: cwnd:10: delivered:0: lost:0: retrans:0
[  266.466828] AAAAA-TCP_SEND: name:enp0s3: saddr:16783984: daddr:100932208: srtt_us:0: RTT:0: ssthresh:0: cwnd:1: delivered:0: lost:0: retrans:0
[  266.867358] AAAAA-TCP_SEND: name:enp0s3: saddr:16783984: daddr:100932208: srtt_us:0: RTT:0: ssthresh:0: cwnd:1: delivered:0: lost:0: retrans:0
[  267.219396] AAAAA-TCP_SEND: name:enp0s3: saddr:16783984: daddr:100932208: srtt_us:2816000: RTT:352000: ssthresh:2147483647: cwnd:10: delivered:1: lost:0: retrans:1
[  267.289731] AAAAA-TCP_RECV: name:enp0s3: saddr:100932208: daddr:16783984: srtt_us:2816000: RTT:352000: ssthresh:2147483647: cwnd:10: delivered:1: lost:0: retrans:1
[  267.289769] AAAAA-TCP_SEND: name:enp0s3: saddr:16783984: daddr:100932208: srtt_us:2816000: RTT:352000: ssthresh:2147483647: cwnd:10: delivered:1: lost:0: retrans:1
[  267.289920] AAAAA-TCP_SEND: name:enp0s3: saddr:16783984: daddr:100932208: srtt_us:2816000: RTT:352000: ssthresh:2147483647: cwnd:10: delivered:1: lost:0: retrans:1
[  267.665674] AAAAA-TCP_RECV: name:enp0s3: saddr:100932208: daddr:33561200: srtt_us:0: RTT:0: ssthresh:2147483647: cwnd:10: delivered:0: lost:0: retrans:0
[  267.665719] AAAAA-TCP_SEND: name:enp0s3: saddr:33561200: daddr:100932208: srtt_us:0: RTT:0: ssthresh:0: cwnd:1: delivered:0: lost:0: retrans:0
[  267.716153] AAAAA-TCP_RECV: name:enp0s3: saddr:100932208: daddr:16783984: srtt_us:2816000: RTT:352000: ssthresh:2147483647: cwnd:10: delivered:1: lost:0: retrans:1
[  267.964766] AAAAA-TCP_RECV: name:enp0s3: saddr:100932208: daddr:16783984: srtt_us:2890254: RTT:361281: ssthresh:2147483647: cwnd:10: delivered:2: lost:0: retrans:1
[  267.964807] AAAAA-TCP_SEND: name:enp0s3: saddr:16783984: daddr:100932208: srtt_us:2890254: RTT:361281: ssthresh:2147483647: cwnd:10: delivered:2: lost:0: retrans:1
[  268.054204] AAAAA-TCP_SEND: name:enp0s3: saddr:33561200: daddr:100932208: srtt_us:3107768: RTT:388471: ssthresh:2147483647: cwnd:10: delivered:1: lost:0: retrans:0
[  268.210838] AAAAA-TCP_RECV: name:enp0s3: saddr:100932208: daddr:16783984: srtt_us:2890254: RTT:361281: ssthresh:2147483647: cwnd:10: delivered:2: lost:0: retrans:1
[  268.210874] AAAAA-TCP_SEND: name:enp0s3: saddr:16783984: daddr:100932208: srtt_us:2890254: RTT:361281: ssthresh:2147483647: cwnd:10: delivered:2: lost:0: retrans:1
[  268.211153] AAAAA-TCP_SEND: name:enp0s3: saddr:16783984: daddr:100932208: srtt_us:2890254: RTT:361281: ssthresh:2147483647: cwnd:10: delivered:2: lost:0: retrans:1
[  268.476804] AAAAA-TCP_RECV: name:enp0s3: saddr:100932208: daddr:16783984: srtt_us:2890254: RTT:361281: ssthresh:2147483647: cwnd:10: delivered:2: lost:0: retrans:1
[  268.523110] AAAAA-TCP_RECV: name:enp0s3: saddr:100932208: daddr:16783984: srtt_us:0: RTT:0: ssthresh:2147483647: cwnd:10: delivered:0: lost:0: retrans:0
[  268.523146] AAAAA-TCP_SEND: name:enp0s3: saddr:16783984: daddr:100932208: srtt_us:0: RTT:0: ssthresh:0: cwnd:1: delivered:0: lost:0: retrans:0
[  268.626856] AAAAA-TCP_SEND: name:enp0s3: saddr:16783984: daddr:100932208: srtt_us:829608: RTT:103701: ssthresh:2147483647: cwnd:10: delivered:1: lost:0: retrans:0
[  268.732077] AAAAA-TCP_RECV: name:enp0s3: saddr:100932208: daddr:16783984: srtt_us:829608: RTT:103701: ssthresh:2147483647: cwnd:10: delivered:1: lost:0: retrans:0
[  268.732123] AAAAA-TCP_SEND: name:enp0s3: saddr:16783984: daddr:100932208: srtt_us:829608: RTT:103701: ssthresh:2147483647: cwnd:10: delivered:1: lost:0: retrans:0
[  268.733510] AAAAA-TCP_SEND: name:enp0s3: saddr:16783984: daddr:100932208: srtt_us:2794660: RTT:349332: ssthresh:2147483647: cwnd:10: delivered:3: lost:0: retrans:1
[  268.903918] AAAAA-TCP_RECV: name:enp0s3: saddr:100932208: daddr:33561200: srtt_us:0: RTT:0: ssthresh:2147483647: cwnd:10: delivered:0: lost:0: retrans:0
[  268.903963] AAAAA-TCP_SEND: name:enp0s3: saddr:33561200: daddr:100932208: srtt_us:0: RTT:0: ssthresh:0: cwnd:1: delivered:0: lost:0: retrans:0
[  268.988748] AAAAA-TCP_RECV: name:enp0s3: saddr:100932208: daddr:16783984: srtt_us:2794660: RTT:349332: ssthresh:2147483647: cwnd:10: delivered:3: lost:0: retrans:1
[  268.988828] AAAAA-TCP_SEND: name:enp0s3: saddr:16783984: daddr:100932208: srtt_us:2794660: RTT:349332: ssthresh:2147483647: cwnd:10: delivered:3: lost:0: retrans:1
[  269.182902] AAAAA-TCP_SEND: name:enp0s3: saddr:33561200: daddr:100932208: srtt_us:2231392: RTT:278924: ssthresh:2147483647: cwnd:10: delivered:1: lost:0: retrans:0
[  269.285620] AAAAA-TCP_RECV: name:enp0s3: saddr:100932208: daddr:16783984: srtt_us:2700639: RTT:337579: ssthresh:2147483647: cwnd:10: delivered:4: lost:0: retrans:1
[  269.370058] AAAAA-TCP_RECV: name:enp0s3: saddr:100932208: daddr:16783984: srtt_us:829608: RTT:103701: ssthresh:2147483647: cwnd:10: delivered:1: lost:0: retrans:0
[  269.370104] AAAAA-TCP_SEND: name:enp0s3: saddr:16783984: daddr:100932208: srtt_us:829608: RTT:103701: ssthresh:2147483647: cwnd:10: delivered:1: lost:0: retrans:0
[  269.503471] AAAAA-TCP_RECV: name:enp0s3: saddr:100932208: daddr:16783984: srtt_us:829608: RTT:103701: ssthresh:2147483647: cwnd:10: delivered:1: lost:0: retrans:0
[  269.503511] AAAAA-TCP_SEND: name:enp0s3: saddr:16783984: daddr:100932208: srtt_us:829608: RTT:103701: ssthresh:2147483647: cwnd:10: delivered:1: lost:0: retrans:0
[  269.637059] AAAAA-TCP_RECV: name:enp0s3: saddr:100932208: daddr:16783984: srtt_us:829608: RTT:103701: ssthresh:2147483647: cwnd:10: delivered:1: lost:0: retrans:0
[  269.637137] AAAAA-TCP_SEND: name:enp0s3: saddr:16783984: daddr:100932208: srtt_us:829608: RTT:103701: ssthresh:2147483647: cwnd:10: delivered:1: lost:0: retrans:0
[  269.715467] AAAAA-TCP_RECV: name:enp0s3: saddr:100932208: daddr:16783984: srtt_us:829608: RTT:103701: ssthresh:2147483647: cwnd:10: delivered:1: lost:0: retrans:0
[  269.715502] AAAAA-TCP_SEND: name:enp0s3: saddr:16783984: daddr:100932208: srtt_us:829608: RTT:103701: ssthresh:2147483647: cwnd:10: delivered:1: lost:0: retrans:0
[  269.863052] AAAAA-TCP_RECV: name:enp0s3: saddr:100932208: daddr:16783984: srtt_us:829608: RTT:103701: ssthresh:2147483647: cwnd:10: delivered:1: lost:0: retrans:0
[  269.863090] AAAAA-TCP_SEND: name:enp0s3: saddr:16783984: daddr:100932208: srtt_us:829608: RTT:103701: ssthresh:2147483647: cwnd:10: delivered:1: lost:0: retrans:0
[  269.940507] AAAAA-TCP_RECV: name:enp0s3: saddr:100932208: daddr:16783984: srtt_us:829608: RTT:103701: ssthresh:2147483647: cwnd:10: delivered:1: lost:0: retrans:0
[  269.940543] AAAAA-TCP_SEND: name:enp0s3: saddr:16783984: daddr:100932208: srtt_us:829608: RTT:103701: ssthresh:2147483647: cwnd:10: delivered:1: lost:0: retrans:0
[  270.028271] AAAAA-TCP_RECV: name:enp0s3: saddr:100932208: daddr:16783984: srtt_us:829608: RTT:103701: ssthresh:2147483647: cwnd:10: delivered:1: lost:0: retrans:0
[  270.028307] AAAAA-TCP_SEND: name:enp0s3: saddr:16783984: daddr:100932208: srtt_us:829608: RTT:103701: ssthresh:2147483647: cwnd:10: delivered:1: lost:0: retrans:0
[  270.144388] AAAAA-TCP_RECV: name:enp0s3: saddr:100932208: daddr:16783984: srtt_us:829608: RTT:103701: ssthresh:2147483647: cwnd:10: delivered:1: lost:0: retrans:0
[  270.144425] AAAAA-TCP_SEND: name:enp0s3: saddr:16783984: daddr:100932208: srtt_us:829608: RTT:103701: ssthresh:2147483647: cwnd:10: delivered:1: lost:0: retrans:0
[  270.284087] AAAAA-TCP_RECV: name:enp0s3: saddr:100932208: daddr:16783984: srtt_us:829608: RTT:103701: ssthresh:2147483647: cwnd:10: delivered:1: lost:0: retrans:0
[  270.284127] AAAAA-TCP_SEND: name:enp0s3: saddr:16783984: daddr:100932208: srtt_us:829608: RTT:103701: ssthresh:2147483647: cwnd:10: delivered:1: lost:0: retrans:0
[  270.336260] AAAAA-TCP_RECV: name:enp0s3: saddr:100932208: daddr:16783984: srtt_us:829608: RTT:103701: ssthresh:2147483647: cwnd:10: delivered:1: lost:0: retrans:0
[  270.336316] AAAAA-TCP_SEND: name:enp0s3: saddr:16783984: daddr:100932208: srtt_us:829608: RTT:103701: ssthresh:2147483647: cwnd:10: delivered:1: lost:0: retrans:0
[  270.403880] AAAAA-TCP_RECV: name:enp0s3: saddr:100932208: daddr:33561200: srtt_us:2231392: RTT:278924: ssthresh:2147483647: cwnd:10: delivered:1: lost:0: retrans:0
[  270.403914] AAAAA-TCP_SEND: name:enp0s3: saddr:33561200: daddr:100932208: srtt_us:2231392: RTT:278924: ssthresh:2147483647: cwnd:10: delivered:1: lost:0: retrans:0
[  270.664047] AAAAA-TCP_RECV: name:enp0s3: saddr:100932208: daddr:33561200: srtt_us:2231392: RTT:278924: ssthresh:2147483647: cwnd:10: delivered:1: lost:0: retrans:0
[  270.664089] AAAAA-TCP_SEND: name:enp0s3: saddr:33561200: daddr:100932208: srtt_us:2231392: RTT:278924: ssthresh:2147483647: cwnd:10: delivered:1: lost:0: retrans:0
[  270.733752] AAAAA-TCP_RECV: name:enp0s3: saddr:100932208: daddr:33561200: srtt_us:2231392: RTT:278924: ssthresh:2147483647: cwnd:10: delivered:1: lost:0: retrans:0
[  270.733782] AAAAA-TCP_SEND: name:enp0s3: saddr:33561200: daddr:100932208: srtt_us:2231392: RTT:278924: ssthresh:2147483647: cwnd:10: delivered:1: lost:0: retrans:0
[  270.832975] AAAAA-TCP_RECV: name:enp0s3: saddr:100932208: daddr:33561200: srtt_us:2231392: RTT:278924: ssthresh:2147483647: cwnd:10: delivered:1: lost:0: retrans:0
[  270.833009] AAAAA-TCP_SEND: name:enp0s3: saddr:33561200: daddr:100932208: srtt_us:2231392: RTT:278924: ssthresh:2147483647: cwnd:10: delivered:1: lost:0: retrans:0
[  270.961998] AAAAA-TCP_RECV: name:enp0s3: saddr:100932208: daddr:33561200: srtt_us:2231392: RTT:278924: ssthresh:2147483647: cwnd:10: delivered:1: lost:0: retrans:0
[  270.962036] AAAAA-TCP_SEND: name:enp0s3: saddr:33561200: daddr:100932208: srtt_us:2231392: RTT:278924: ssthresh:2147483647: cwnd:10: delivered:1: lost:0: retrans:0
[  271.055051] AAAAA-TCP_RECV: name:enp0s3: saddr:100932208: daddr:33561200: srtt_us:2231392: RTT:278924: ssthresh:2147483647: cwnd:10: delivered:1: lost:0: retrans:0
[  271.055072] AAAAA-TCP_SEND: name:enp0s3: saddr:33561200: daddr:100932208: srtt_us:2231392: RTT:278924: ssthresh:2147483647: cwnd:10: delivered:1: lost:0: retrans:0
[  271.206674] AAAAA-TCP_RECV: name:enp0s3: saddr:100932208: daddr:33561200: srtt_us:2231392: RTT:278924: ssthresh:2147483647: cwnd:10: delivered:1: lost:0: retrans:0
[  271.206713] AAAAA-TCP_SEND: name:enp0s3: saddr:33561200: daddr:100932208: srtt_us:2231392: RTT:278924: ssthresh:2147483647: cwnd:10: delivered:1: lost:0: retrans:0
[  271.319820] AAAAA-TCP_RECV: name:enp0s3: saddr:100932208: daddr:33561200: srtt_us:2231392: RTT:278924: ssthresh:2147483647: cwnd:10: delivered:1: lost:0: retrans:0
[  271.319858] AAAAA-TCP_SEND: name:enp0s3: saddr:33561200: daddr:100932208: srtt_us:2231392: RTT:278924: ssthresh:2147483647: cwnd:10: delivered:1: lost:0: retrans:0
[  271.494720] AAAAA-TCP_RECV: name:enp0s3: saddr:100932208: daddr:33561200: srtt_us:2231392: RTT:278924: ssthresh:2147483647: cwnd:10: delivered:1: lost:0: retrans:0
[  271.494764] AAAAA-TCP_SEND: name:enp0s3: saddr:33561200: daddr:100932208: srtt_us:2231392: RTT:278924: ssthresh:2147483647: cwnd:10: delivered:1: lost:0: retrans:0
[  271.657881] AAAAA-TCP_RECV: name:enp0s3: saddr:100932208: daddr:33561200: srtt_us:2231392: RTT:278924: ssthresh:2147483647: cwnd:10: delivered:1: lost:0: retrans:0
[  271.657926] AAAAA-TCP_SEND: name:enp0s3: saddr:33561200: daddr:100932208: srtt_us:2231392: RTT:278924: ssthresh:2147483647: cwnd:10: delivered:1: lost:0: retrans:0
[  271.761125] AAAAA-TCP_RECV: name:enp0s3: saddr:100932208: daddr:16783984: srtt_us:829608: RTT:103701: ssthresh:2147483647: cwnd:10: delivered:1: lost:0: retrans:0
[  271.761167] AAAAA-TCP_SEND: name:enp0s3: saddr:16783984: daddr:100932208: srtt_us:829608: RTT:103701: ssthresh:2147483647: cwnd:10: delivered:1: lost:0: retrans:0
[  271.844698] AAAAA-TCP_RECV: name:enp0s3: saddr:100932208: daddr:16783984: srtt_us:829608: RTT:103701: ssthresh:2147483647: cwnd:10: delivered:1: lost:0: retrans:0
[  271.844735] AAAAA-TCP_SEND: name:enp0s3: saddr:16783984: daddr:100932208: srtt_us:829608: RTT:103701: ssthresh:2147483647: cwnd:10: delivered:1: lost:0: retrans:0
[  271.893899] AAAAA-TCP_RECV: name:enp0s3: saddr:100932208: daddr:16783984: srtt_us:829608: RTT:103701: ssthresh:2147483647: cwnd:10: delivered:1: lost:0: retrans:0
[  271.893932] AAAAA-TCP_SEND: name:enp0s3: saddr:16783984: daddr:100932208: srtt_us:829608: RTT:103701: ssthresh:2147483647: cwnd:10: delivered:1: lost:0: retrans:0
[  272.042124] AAAAA-TCP_RECV: name:enp0s3: saddr:100932208: daddr:16783984: srtt_us:829608: RTT:103701: ssthresh:2147483647: cwnd:10: delivered:1: lost:0: retrans:0
[  272.042161] AAAAA-TCP_SEND: name:enp0s3: saddr:16783984: daddr:100932208: srtt_us:829608: RTT:103701: ssthresh:2147483647: cwnd:10: delivered:1: lost:0: retrans:0
[  272.093910] AAAAA-TCP_RECV: name:enp0s3: saddr:100932208: daddr:16783984: srtt_us:829608: RTT:103701: ssthresh:2147483647: cwnd:10: delivered:1: lost:0: retrans:0
[  272.093959] AAAAA-TCP_SEND: name:enp0s3: saddr:16783984: daddr:100932208: srtt_us:829608: RTT:103701: ssthresh:2147483647: cwnd:10: delivered:1: lost:0: retrans:0
[  272.201097] AAAAA-TCP_RECV: name:enp0s3: saddr:100932208: daddr:16783984: srtt_us:829608: RTT:103701: ssthresh:2147483647: cwnd:10: delivered:1: lost:0: retrans:0
[  272.201131] AAAAA-TCP_SEND: name:enp0s3: saddr:16783984: daddr:100932208: srtt_us:829608: RTT:103701: ssthresh:2147483647: cwnd:10: delivered:1: lost:0: retrans:0
[  272.411842] AAAAA-TCP_RECV: name:enp0s3: saddr:100932208: daddr:16783984: srtt_us:829608: RTT:103701: ssthresh:2147483647: cwnd:10: delivered:1: lost:0: retrans:0
[  272.411881] AAAAA-TCP_SEND: name:enp0s3: saddr:16783984: daddr:100932208: srtt_us:829608: RTT:103701: ssthresh:2147483647: cwnd:10: delivered:1: lost:0: retrans:0
[  272.471201] AAAAA-TCP_RECV: name:enp0s3: saddr:100932208: daddr:16783984: srtt_us:829608: RTT:103701: ssthresh:2147483647: cwnd:10: delivered:1: lost:0: retrans:0
[  272.471242] AAAAA-TCP_SEND: name:enp0s3: saddr:16783984: daddr:100932208: srtt_us:829608: RTT:103701: ssthresh:2147483647: cwnd:10: delivered:1: lost:0: retrans:0
[  272.575033] AAAAA-TCP_RECV: name:enp0s3: saddr:100932208: daddr:16783984: srtt_us:829608: RTT:103701: ssthresh:2147483647: cwnd:10: delivered:1: lost:0: retrans:0
[  272.575072] AAAAA-TCP_SEND: name:enp0s3: saddr:16783984: daddr:100932208: srtt_us:829608: RTT:103701: ssthresh:2147483647: cwnd:10: delivered:1: lost:0: retrans:0
[  272.623025] AAAAA-TCP_RECV: name:enp0s3: saddr:100932208: daddr:33561200: srtt_us:2231392: RTT:278924: ssthresh:2147483647: cwnd:10: delivered:1: lost:0: retrans:0
[  272.623056] AAAAA-TCP_SEND: name:enp0s3: saddr:33561200: daddr:100932208: srtt_us:2231392: RTT:278924: ssthresh:2147483647: cwnd:10: delivered:1: lost:0: retrans:0
[  272.837419] AAAAA-TCP_RECV: name:enp0s3: saddr:100932208: daddr:16783984: srtt_us:829608: RTT:103701: ssthresh:2147483647: cwnd:10: delivered:1: lost:0: retrans:0
[  272.837461] AAAAA-TCP_SEND: name:enp0s3: saddr:16783984: daddr:100932208: srtt_us:829608: RTT:103701: ssthresh:2147483647: cwnd:10: delivered:1: lost:0: retrans:0
[  272.893404] AAAAA-TCP_RECV: name:enp0s3: saddr:100932208: daddr:16783984: srtt_us:829608: RTT:103701: ssthresh:2147483647: cwnd:10: delivered:1: lost:0: retrans:0
[  272.893435] AAAAA-TCP_SEND: name:enp0s3: saddr:16783984: daddr:100932208: srtt_us:829608: RTT:103701: ssthresh:2147483647: cwnd:10: delivered:1: lost:0: retrans:0
[  272.978130] AAAAA-TCP_RECV: name:enp0s3: saddr:100932208: daddr:16783984: srtt_us:829608: RTT:103701: ssthresh:2147483647: cwnd:10: delivered:1: lost:0: retrans:0
[  272.978164] AAAAA-TCP_SEND: name:enp0s3: saddr:16783984: daddr:100932208: srtt_us:829608: RTT:103701: ssthresh:2147483647: cwnd:10: delivered:1: lost:0: retrans:0
[  273.138281] AAAAA-TCP_RECV: name:enp0s3: saddr:100932208: daddr:16783984: srtt_us:829608: RTT:103701: ssthresh:2147483647: cwnd:10: delivered:1: lost:0: retrans:0
[  273.138324] AAAAA-TCP_SEND: name:enp0s3: saddr:16783984: daddr:100932208: srtt_us:829608: RTT:103701: ssthresh:2147483647: cwnd:10: delivered:1: lost:0: retrans:0
[  273.178535] AAAAA-TCP_RECV: name:enp0s3: saddr:100932208: daddr:16783984: srtt_us:829608: RTT:103701: ssthresh:2147483647: cwnd:10: delivered:1: lost:0: retrans:0
[  273.178567] AAAAA-TCP_SEND: name:enp0s3: saddr:16783984: daddr:100932208: srtt_us:829608: RTT:103701: ssthresh:2147483647: cwnd:10: delivered:1: lost:0: retrans:0
[  273.294111] AAAAA-TCP_RECV: name:enp0s3: saddr:100932208: daddr:16783984: srtt_us:829608: RTT:103701: ssthresh:2147483647: cwnd:10: delivered:1: lost:0: retrans:0
[  273.294148] AAAAA-TCP_SEND: name:enp0s3: saddr:16783984: daddr:100932208: srtt_us:829608: RTT:103701: ssthresh:2147483647: cwnd:10: delivered:1: lost:0: retrans:0
[  273.434351] AAAAA-TCP_RECV: name:enp0s3: saddr:100932208: daddr:16783984: srtt_us:829608: RTT:103701: ssthresh:2147483647: cwnd:10: delivered:1: lost:0: retrans:0
[  273.434398] AAAAA-TCP_SEND: name:enp0s3: saddr:16783984: daddr:100932208: srtt_us:829608: RTT:103701: ssthresh:2147483647: cwnd:10: delivered:1: lost:0: retrans:0
[  273.488126] AAAAA-TCP_RECV: name:enp0s3: saddr:100932208: daddr:16783984: srtt_us:829608: RTT:103701: ssthresh:2147483647: cwnd:10: delivered:1: lost:0: retrans:0
[  273.488182] AAAAA-TCP_SEND: name:enp0s3: saddr:16783984: daddr:100932208: srtt_us:829608: RTT:103701: ssthresh:2147483647: cwnd:10: delivered:1: lost:0: retrans:0
[  273.556958] AAAAA-TCP_RECV: name:enp0s3: saddr:100932208: daddr:16783984: srtt_us:829608: RTT:103701: ssthresh:2147483647: cwnd:10: delivered:1: lost:0: retrans:0
[  273.599124] AAAAA-TCP_SEND: name:enp0s3: saddr:16783984: daddr:100932208: srtt_us:829608: RTT:103701: ssthresh:2147483647: cwnd:10: delivered:1: lost:0: retrans:0
[  273.823574] AAAAA-TCP_RECV: name:enp0s3: saddr:100932208: daddr:16783984: srtt_us:829608: RTT:103701: ssthresh:2147483647: cwnd:10: delivered:1: lost:0: retrans:0
[  273.907128] AAAAA-TCP_SEND: name:enp0s3: saddr:16783984: daddr:100932208: srtt_us:829608: RTT:103701: ssthresh:2147483647: cwnd:10: delivered:1: lost:0: retrans:0
[  274.004114] AAAAA-TCP_RECV: name:enp0s3: saddr:100932208: daddr:16783984: srtt_us:829608: RTT:103701: ssthresh:2147483647: cwnd:10: delivered:1: lost:0: retrans:0
[  274.048863] AAAAA-TCP_RECV: name:enp0s3: saddr:100932208: daddr:16783984: srtt_us:829608: RTT:103701: ssthresh:2147483647: cwnd:10: delivered:1: lost:0: retrans:0
[  274.048903] AAAAA-TCP_SEND: name:enp0s3: saddr:16783984: daddr:100932208: srtt_us:829608: RTT:103701: ssthresh:2147483647: cwnd:10: delivered:1: lost:0: retrans:0
[  274.248160] AAAAA-TCP_RECV: name:enp0s3: saddr:100932208: daddr:33561200: srtt_us:2231392: RTT:278924: ssthresh:2147483647: cwnd:10: delivered:1: lost:0: retrans:0
[  274.248194] AAAAA-TCP_SEND: name:enp0s3: saddr:33561200: daddr:100932208: srtt_us:2231392: RTT:278924: ssthresh:2147483647: cwnd:10: delivered:1: lost:0: retrans:0
[  274.302764] AAAAA-TCP_RECV: name:enp0s3: saddr:100932208: daddr:33561200: srtt_us:2231392: RTT:278924: ssthresh:2147483647: cwnd:10: delivered:1: lost:0: retrans:0
[  274.302801] AAAAA-TCP_SEND: name:enp0s3: saddr:33561200: daddr:100932208: srtt_us:2231392: RTT:278924: ssthresh:2147483647: cwnd:10: delivered:1: lost:0: retrans:0
[  274.567816] AAAAA-TCP_RECV: name:enp0s3: saddr:100932208: daddr:33561200: srtt_us:2231392: RTT:278924: ssthresh:2147483647: cwnd:10: delivered:1: lost:0: retrans:0
[  274.567860] AAAAA-TCP_SEND: name:enp0s3: saddr:33561200: daddr:100932208: srtt_us:2231392: RTT:278924: ssthresh:2147483647: cwnd:10: delivered:1: lost:0: retrans:0
[  274.689999] AAAAA-TCP_RECV: name:enp0s3: saddr:100932208: daddr:33561200: srtt_us:2231392: RTT:278924: ssthresh:2147483647: cwnd:10: delivered:1: lost:0: retrans:0
[  274.690041] AAAAA-TCP_SEND: name:enp0s3: saddr:33561200: daddr:100932208: srtt_us:2231392: RTT:278924: ssthresh:2147483647: cwnd:10: delivered:1: lost:0: retrans:0
[  274.710272] AAAAA-TCP_RECV: name:enp0s3: saddr:100932208: daddr:33561200: srtt_us:2231392: RTT:278924: ssthresh:2147483647: cwnd:10: delivered:1: lost:0: retrans:0
[  274.710310] AAAAA-TCP_SEND: name:enp0s3: saddr:33561200: daddr:100932208: srtt_us:2231392: RTT:278924: ssthresh:2147483647: cwnd:10: delivered:1: lost:0: retrans:0
[  274.886330] AAAAA-TCP_RECV: name:enp0s3: saddr:100932208: daddr:33561200: srtt_us:2231392: RTT:278924: ssthresh:2147483647: cwnd:10: delivered:1: lost:0: retrans:0
[  274.886369] AAAAA-TCP_SEND: name:enp0s3: saddr:33561200: daddr:100932208: srtt_us:2231392: RTT:278924: ssthresh:2147483647: cwnd:10: delivered:1: lost:0: retrans:0
[  275.006619] AAAAA-TCP_RECV: name:enp0s3: saddr:100932208: daddr:33561200: srtt_us:2231392: RTT:278924: ssthresh:2147483647: cwnd:10: delivered:1: lost:0: retrans:0
[  275.006675] AAAAA-TCP_SEND: name:enp0s3: saddr:33561200: daddr:100932208: srtt_us:2231392: RTT:278924: ssthresh:2147483647: cwnd:10: delivered:1: lost:0: retrans:0
[  275.072720] AAAAA-TCP_RECV: name:enp0s3: saddr:100932208: daddr:33561200: srtt_us:2231392: RTT:278924: ssthresh:2147483647: cwnd:10: delivered:1: lost:0: retrans:0
[  275.072795] AAAAA-TCP_SEND: name:enp0s3: saddr:33561200: daddr:100932208: srtt_us:2231392: RTT:278924: ssthresh:2147483647: cwnd:10: delivered:1: lost:0: retrans:0
[  275.283468] AAAAA-TCP_RECV: name:enp0s3: saddr:100932208: daddr:33561200: srtt_us:2231392: RTT:278924: ssthresh:2147483647: cwnd:10: delivered:1: lost:0: retrans:0
[  275.283508] AAAAA-TCP_SEND: name:enp0s3: saddr:33561200: daddr:100932208: srtt_us:2231392: RTT:278924: ssthresh:2147483647: cwnd:10: delivered:1: lost:0: retrans:0
[  275.318199] AAAAA-TCP_RECV: name:enp0s3: saddr:100932208: daddr:33561200: srtt_us:2231392: RTT:278924: ssthresh:2147483647: cwnd:10: delivered:1: lost:0: retrans:0
[  275.318273] AAAAA-TCP_SEND: name:enp0s3: saddr:33561200: daddr:100932208: srtt_us:2231392: RTT:278924: ssthresh:2147483647: cwnd:10: delivered:1: lost:0: retrans:0
[  275.518580] AAAAA-TCP_RECV: name:enp0s3: saddr:100932208: daddr:33561200: srtt_us:2231392: RTT:278924: ssthresh:2147483647: cwnd:10: delivered:1: lost:0: retrans:0
[  275.518624] AAAAA-TCP_SEND: name:enp0s3: saddr:33561200: daddr:100932208: srtt_us:2231392: RTT:278924: ssthresh:2147483647: cwnd:10: delivered:1: lost:0: retrans:0
[  275.600644] AAAAA-TCP_RECV: name:enp0s3: saddr:100932208: daddr:33561200: srtt_us:2231392: RTT:278924: ssthresh:2147483647: cwnd:10: delivered:1: lost:0: retrans:0
[  275.600736] AAAAA-TCP_SEND: name:enp0s3: saddr:33561200: daddr:100932208: srtt_us:2231392: RTT:278924: ssthresh:2147483647: cwnd:10: delivered:1: lost:0: retrans:0
[  275.730154] AAAAA-TCP_RECV: name:enp0s3: saddr:100932208: daddr:33561200: srtt_us:2231392: RTT:278924: ssthresh:2147483647: cwnd:10: delivered:1: lost:0: retrans:0
[  275.730196] AAAAA-TCP_SEND: name:enp0s3: saddr:33561200: daddr:100932208: srtt_us:2231392: RTT:278924: ssthresh:2147483647: cwnd:10: delivered:1: lost:0: retrans:0
[  275.792678] AAAAA-TCP_RECV: name:enp0s3: saddr:100932208: daddr:33561200: srtt_us:2231392: RTT:278924: ssthresh:2147483647: cwnd:10: delivered:1: lost:0: retrans:0
[  275.792716] AAAAA-TCP_SEND: name:enp0s3: saddr:33561200: daddr:100932208: srtt_us:2231392: RTT:278924: ssthresh:2147483647: cwnd:10: delivered:1: lost:0: retrans:0
[  275.897258] AAAAA-TCP_RECV: name:enp0s3: saddr:100932208: daddr:33561200: srtt_us:2231392: RTT:278924: ssthresh:2147483647: cwnd:10: delivered:1: lost:0: retrans:0
[  275.897314] AAAAA-TCP_SEND: name:enp0s3: saddr:33561200: daddr:100932208: srtt_us:2231392: RTT:278924: ssthresh:2147483647: cwnd:10: delivered:1: lost:0: retrans:0
[  275.982075] AAAAA-TCP_RECV: name:enp0s3: saddr:100932208: daddr:33561200: srtt_us:2231392: RTT:278924: ssthresh:2147483647: cwnd:10: delivered:1: lost:0: retrans:0
[  275.982135] AAAAA-TCP_SEND: name:enp0s3: saddr:33561200: daddr:100932208: srtt_us:2231392: RTT:278924: ssthresh:2147483647: cwnd:10: delivered:1: lost:0: retrans:0
[  276.143832] AAAAA-TCP_RECV: name:enp0s3: saddr:100932208: daddr:33561200: srtt_us:2231392: RTT:278924: ssthresh:2147483647: cwnd:10: delivered:1: lost:0: retrans:0
[  276.143884] AAAAA-TCP_SEND: name:enp0s3: saddr:33561200: daddr:100932208: srtt_us:2231392: RTT:278924: ssthresh:2147483647: cwnd:10: delivered:1: lost:0: retrans:0
[  276.246016] AAAAA-TCP_RECV: name:enp0s3: saddr:100932208: daddr:33561200: srtt_us:2231392: RTT:278924: ssthresh:2147483647: cwnd:10: delivered:1: lost:0: retrans:0
[  276.287197] AAAAA-TCP_SEND: name:enp0s3: saddr:33561200: daddr:100932208: srtt_us:2231392: RTT:278924: ssthresh:2147483647: cwnd:10: delivered:1: lost:0: retrans:0
[  276.313536] AAAAA-TCP_RECV: name:enp0s3: saddr:100932208: daddr:33561200: srtt_us:2231392: RTT:278924: ssthresh:2147483647: cwnd:10: delivered:1: lost:0: retrans:0
[  276.341214] AAAAA-TCP_RECV: name:enp0s3: saddr:100932208: daddr:33561200: srtt_us:2231392: RTT:278924: ssthresh:2147483647: cwnd:10: delivered:1: lost:0: retrans:0
[  276.341246] AAAAA-TCP_SEND: name:enp0s3: saddr:33561200: daddr:100932208: srtt_us:2231392: RTT:278924: ssthresh:2147483647: cwnd:10: delivered:1: lost:0: retrans:0
[  276.379705] AAAAA-TCP_RECV: name:enp0s3: saddr:100932208: daddr:16783984: srtt_us:829608: RTT:103701: ssthresh:2147483647: cwnd:10: delivered:1: lost:0: retrans:0
[  276.379733] AAAAA-TCP_SEND: name:enp0s3: saddr:16783984: daddr:100932208: srtt_us:829608: RTT:103701: ssthresh:2147483647: cwnd:10: delivered:1: lost:0: retrans:0
[  276.492704] AAAAA-TCP_RECV: name:enp0s3: saddr:100932208: daddr:16783984: srtt_us:829608: RTT:103701: ssthresh:2147483647: cwnd:10: delivered:1: lost:0: retrans:0
[  276.492742] AAAAA-TCP_SEND: name:enp0s3: saddr:16783984: daddr:100932208: srtt_us:829608: RTT:103701: ssthresh:2147483647: cwnd:10: delivered:1: lost:0: retrans:0
[  276.601150] AAAAA-TCP_RECV: name:enp0s3: saddr:100932208: daddr:16783984: srtt_us:829608: RTT:103701: ssthresh:2147483647: cwnd:10: delivered:1: lost:0: retrans:0
[  276.601232] AAAAA-TCP_SEND: name:enp0s3: saddr:16783984: daddr:100932208: srtt_us:829608: RTT:103701: ssthresh:2147483647: cwnd:10: delivered:1: lost:0: retrans:0
[  276.643865] AAAAA-TCP_RECV: name:enp0s3: saddr:100932208: daddr:16783984: srtt_us:829608: RTT:103701: ssthresh:2147483647: cwnd:10: delivered:1: lost:0: retrans:0
[  276.643935] AAAAA-TCP_SEND: name:enp0s3: saddr:16783984: daddr:100932208: srtt_us:829608: RTT:103701: ssthresh:2147483647: cwnd:10: delivered:1: lost:0: retrans:0
[  276.778412] AAAAA-TCP_RECV: name:enp0s3: saddr:100932208: daddr:16783984: srtt_us:829608: RTT:103701: ssthresh:2147483647: cwnd:10: delivered:1: lost:0: retrans:0
[  276.778481] AAAAA-TCP_SEND: name:enp0s3: saddr:16783984: daddr:100932208: srtt_us:829608: RTT:103701: ssthresh:2147483647: cwnd:10: delivered:1: lost:0: retrans:0
[  276.905598] AAAAA-TCP_RECV: name:enp0s3: saddr:100932208: daddr:16783984: srtt_us:829608: RTT:103701: ssthresh:2147483647: cwnd:10: delivered:1: lost:0: retrans:0
[  276.905634] AAAAA-TCP_SEND: name:enp0s3: saddr:16783984: daddr:100932208: srtt_us:829608: RTT:103701: ssthresh:2147483647: cwnd:10: delivered:1: lost:0: retrans:0
[  276.932893] AAAAA-TCP_RECV: name:enp0s3: saddr:100932208: daddr:16783984: srtt_us:829608: RTT:103701: ssthresh:2147483647: cwnd:10: delivered:1: lost:0: retrans:0
[  276.932923] AAAAA-TCP_SEND: name:enp0s3: saddr:16783984: daddr:100932208: srtt_us:829608: RTT:103701: ssthresh:2147483647: cwnd:10: delivered:1: lost:0: retrans:0
[  277.070290] AAAAA-TCP_RECV: name:enp0s3: saddr:100932208: daddr:16783984: srtt_us:829608: RTT:103701: ssthresh:2147483647: cwnd:10: delivered:1: lost:0: retrans:0
[  277.070327] AAAAA-TCP_SEND: name:enp0s3: saddr:16783984: daddr:100932208: srtt_us:829608: RTT:103701: ssthresh:2147483647: cwnd:10: delivered:1: lost:0: retrans:0
[  277.201004] AAAAA-TCP_RECV: name:enp0s3: saddr:100932208: daddr:16783984: srtt_us:829608: RTT:103701: ssthresh:2147483647: cwnd:10: delivered:1: lost:0: retrans:0
[  277.201039] AAAAA-TCP_SEND: name:enp0s3: saddr:16783984: daddr:100932208: srtt_us:829608: RTT:103701: ssthresh:2147483647: cwnd:10: delivered:1: lost:0: retrans:0
[  277.249992] AAAAA-TCP_RECV: name:enp0s3: saddr:100932208: daddr:16783984: srtt_us:829608: RTT:103701: ssthresh:2147483647: cwnd:10: delivered:1: lost:0: retrans:0
[  277.250022] AAAAA-TCP_SEND: name:enp0s3: saddr:16783984: daddr:100932208: srtt_us:829608: RTT:103701: ssthresh:2147483647: cwnd:10: delivered:1: lost:0: retrans:0
[  277.339578] AAAAA-TCP_RECV: name:enp0s3: saddr:100932208: daddr:16783984: srtt_us:829608: RTT:103701: ssthresh:2147483647: cwnd:10: delivered:1: lost:0: retrans:0
[  277.339610] AAAAA-TCP_SEND: name:enp0s3: saddr:16783984: daddr:100932208: srtt_us:829608: RTT:103701: ssthresh:2147483647: cwnd:10: delivered:1: lost:0: retrans:0
[  277.402016] AAAAA-TCP_RECV: name:enp0s3: saddr:100932208: daddr:16783984: srtt_us:829608: RTT:103701: ssthresh:2147483647: cwnd:10: delivered:1: lost:0: retrans:0
[  277.402049] AAAAA-TCP_SEND: name:enp0s3: saddr:16783984: daddr:100932208: srtt_us:829608: RTT:103701: ssthresh:2147483647: cwnd:10: delivered:1: lost:0: retrans:0
[  277.564696] AAAAA-TCP_RECV: name:enp0s3: saddr:100932208: daddr:16783984: srtt_us:829608: RTT:103701: ssthresh:2147483647: cwnd:10: delivered:1: lost:0: retrans:0
[  277.564735] AAAAA-TCP_SEND: name:enp0s3: saddr:16783984: daddr:100932208: srtt_us:829608: RTT:103701: ssthresh:2147483647: cwnd:10: delivered:1: lost:0: retrans:0
[  277.689796] AAAAA-TCP_RECV: name:enp0s3: saddr:100932208: daddr:16783984: srtt_us:829608: RTT:103701: ssthresh:2147483647: cwnd:10: delivered:1: lost:0: retrans:0
[  277.689834] AAAAA-TCP_SEND: name:enp0s3: saddr:16783984: daddr:100932208: srtt_us:829608: RTT:103701: ssthresh:2147483647: cwnd:10: delivered:1: lost:0: retrans:0
[  277.729713] AAAAA-TCP_RECV: name:enp0s3: saddr:100932208: daddr:33561200: srtt_us:2231392: RTT:278924: ssthresh:2147483647: cwnd:10: delivered:1: lost:0: retrans:0
[  277.729754] AAAAA-TCP_SEND: name:enp0s3: saddr:33561200: daddr:100932208: srtt_us:2231392: RTT:278924: ssthresh:2147483647: cwnd:10: delivered:1: lost:0: retrans:0
[  277.815512] AAAAA-TCP_RECV: name:enp0s3: saddr:100932208: daddr:16783984: srtt_us:829608: RTT:103701: ssthresh:2147483647: cwnd:10: delivered:1: lost:0: retrans:0
[  277.815549] AAAAA-TCP_SEND: name:enp0s3: saddr:16783984: daddr:100932208: srtt_us:829608: RTT:103701: ssthresh:2147483647: cwnd:10: delivered:1: lost:0: retrans:0
[  277.939612] AAAAA-TCP_RECV: name:enp0s3: saddr:100932208: daddr:16783984: srtt_us:829608: RTT:103701: ssthresh:2147483647: cwnd:10: delivered:1: lost:0: retrans:0
[  277.939643] AAAAA-TCP_SEND: name:enp0s3: saddr:16783984: daddr:100932208: srtt_us:829608: RTT:103701: ssthresh:2147483647: cwnd:10: delivered:1: lost:0: retrans:0
[  278.015423] AAAAA-TCP_RECV: name:enp0s3: saddr:100932208: daddr:33561200: srtt_us:2231392: RTT:278924: ssthresh:2147483647: cwnd:10: delivered:1: lost:0: retrans:0
[  278.015462] AAAAA-TCP_SEND: name:enp0s3: saddr:33561200: daddr:100932208: srtt_us:2231392: RTT:278924: ssthresh:2147483647: cwnd:10: delivered:1: lost:0: retrans:0
[  278.140407] AAAAA-TCP_RECV: name:enp0s3: saddr:100932208: daddr:16783984: srtt_us:829608: RTT:103701: ssthresh:2147483647: cwnd:10: delivered:1: lost:0: retrans:0
[  278.140439] AAAAA-TCP_SEND: name:enp0s3: saddr:16783984: daddr:100932208: srtt_us:829608: RTT:103701: ssthresh:2147483647: cwnd:10: delivered:1: lost:0: retrans:0
[  278.286683] AAAAA-TCP_RECV: name:enp0s3: saddr:100932208: daddr:16783984: srtt_us:829608: RTT:103701: ssthresh:2147483647: cwnd:10: delivered:1: lost:0: retrans:0
[  278.286725] AAAAA-TCP_SEND: name:enp0s3: saddr:16783984: daddr:100932208: srtt_us:829608: RTT:103701: ssthresh:2147483647: cwnd:10: delivered:1: lost:0: retrans:0
[  278.385605] AAAAA-TCP_RECV: name:enp0s3: saddr:100932208: daddr:16783984: srtt_us:829608: RTT:103701: ssthresh:2147483647: cwnd:10: delivered:1: lost:0: retrans:0
[  278.385639] AAAAA-TCP_SEND: name:enp0s3: saddr:16783984: daddr:100932208: srtt_us:829608: RTT:103701: ssthresh:2147483647: cwnd:10: delivered:1: lost:0: retrans:0
[  278.524500] AAAAA-TCP_RECV: name:enp0s3: saddr:100932208: daddr:16783984: srtt_us:829608: RTT:103701: ssthresh:2147483647: cwnd:10: delivered:1: lost:0: retrans:0
[  278.524543] AAAAA-TCP_SEND: name:enp0s3: saddr:16783984: daddr:100932208: srtt_us:829608: RTT:103701: ssthresh:2147483647: cwnd:10: delivered:1: lost:0: retrans:0
[  278.594744] AAAAA-TCP_RECV: name:enp0s3: saddr:100932208: daddr:16783984: srtt_us:829608: RTT:103701: ssthresh:2147483647: cwnd:10: delivered:1: lost:0: retrans:0
[  278.595807] AAAAA-TCP_SEND: name:enp0s3: saddr:16783984: daddr:100932208: srtt_us:829608: RTT:103701: ssthresh:2147483647: cwnd:10: delivered:1: lost:0: retrans:0
[  278.768779] AAAAA-TCP_RECV: name:enp0s3: saddr:100932208: daddr:16783984: srtt_us:829608: RTT:103701: ssthresh:2147483647: cwnd:10: delivered:1: lost:0: retrans:0
[  278.769857] AAAAA-TCP_SEND: name:enp0s3: saddr:16783984: daddr:100932208: srtt_us:829608: RTT:103701: ssthresh:2147483647: cwnd:10: delivered:1: lost:0: retrans:0
[  278.822535] AAAAA-TCP_RECV: name:enp0s3: saddr:100932208: daddr:16783984: srtt_us:829608: RTT:103701: ssthresh:2147483647: cwnd:10: delivered:1: lost:0: retrans:0
[  278.823689] AAAAA-TCP_SEND: name:enp0s3: saddr:16783984: daddr:100932208: srtt_us:829608: RTT:103701: ssthresh:2147483647: cwnd:10: delivered:1: lost:0: retrans:0
[  278.921339] AAAAA-TCP_RECV: name:enp0s3: saddr:100932208: daddr:16783984: srtt_us:829608: RTT:103701: ssthresh:2147483647: cwnd:10: delivered:1: lost:0: retrans:0
[  278.922499] AAAAA-TCP_SEND: name:enp0s3: saddr:16783984: daddr:100932208: srtt_us:829608: RTT:103701: ssthresh:2147483647: cwnd:10: delivered:1: lost:0: retrans:0
[  279.006215] AAAAA-TCP_RECV: name:enp0s3: saddr:100932208: daddr:16783984: srtt_us:829608: RTT:103701: ssthresh:2147483647: cwnd:10: delivered:1: lost:0: retrans:0
[  279.007281] AAAAA-TCP_SEND: name:enp0s3: saddr:16783984: daddr:100932208: srtt_us:829608: RTT:103701: ssthresh:2147483647: cwnd:10: delivered:1: lost:0: retrans:0
[  279.086021] AAAAA-TCP_RECV: name:enp0s3: saddr:100932208: daddr:16783984: srtt_us:829608: RTT:103701: ssthresh:2147483647: cwnd:10: delivered:1: lost:0: retrans:0
[  279.087088] AAAAA-TCP_SEND: name:enp0s3: saddr:16783984: daddr:100932208: srtt_us:829608: RTT:103701: ssthresh:2147483647: cwnd:10: delivered:1: lost:0: retrans:0
[  279.261770] AAAAA-TCP_RECV: name:enp0s3: saddr:100932208: daddr:16783984: srtt_us:829608: RTT:103701: ssthresh:2147483647: cwnd:10: delivered:1: lost:0: retrans:0
[  279.263095] AAAAA-TCP_SEND: name:enp0s3: saddr:16783984: daddr:100932208: srtt_us:829608: RTT:103701: ssthresh:2147483647: cwnd:10: delivered:1: lost:0: retrans:0
[  279.306050] AAAAA-TCP_RECV: name:enp0s3: saddr:100932208: daddr:16783984: srtt_us:829608: RTT:103701: ssthresh:2147483647: cwnd:10: delivered:1: lost:0: retrans:0
[  279.307114] AAAAA-TCP_SEND: name:enp0s3: saddr:16783984: daddr:100932208: srtt_us:829608: RTT:103701: ssthresh:2147483647: cwnd:10: delivered:1: lost:0: retrans:0
[  279.381479] AAAAA-TCP_RECV: name:enp0s3: saddr:100932208: daddr:16783984: srtt_us:829608: RTT:103701: ssthresh:2147483647: cwnd:10: delivered:1: lost:0: retrans:0
[  279.382660] AAAAA-TCP_SEND: name:enp0s3: saddr:16783984: daddr:100932208: srtt_us:829608: RTT:103701: ssthresh:2147483647: cwnd:10: delivered:1: lost:0: retrans:0
[  279.475020] AAAAA-TCP_RECV: name:enp0s3: saddr:100932208: daddr:16783984: srtt_us:829608: RTT:103701: ssthresh:2147483647: cwnd:10: delivered:1: lost:0: retrans:0
[  279.476762] AAAAA-TCP_SEND: name:enp0s3: saddr:16783984: daddr:100932208: srtt_us:829608: RTT:103701: ssthresh:2147483647: cwnd:10: delivered:1: lost:0: retrans:0
[  279.566133] AAAAA-TCP_RECV: name:enp0s3: saddr:100932208: daddr:16783984: srtt_us:829608: RTT:103701: ssthresh:2147483647: cwnd:10: delivered:1: lost:0: retrans:0
[  279.567191] AAAAA-TCP_SEND: name:enp0s3: saddr:16783984: daddr:100932208: srtt_us:829608: RTT:103701: ssthresh:2147483647: cwnd:10: delivered:1: lost:0: retrans:0
[  279.589498] AAAAA-TCP_RECV: name:enp0s3: saddr:100932208: daddr:16783984: srtt_us:829608: RTT:103701: ssthresh:2147483647: cwnd:10: delivered:1: lost:0: retrans:0
[  279.590619] AAAAA-TCP_SEND: name:enp0s3: saddr:16783984: daddr:100932208: srtt_us:829608: RTT:103701: ssthresh:2147483647: cwnd:10: delivered:1: lost:0: retrans:0
[  279.642150] AAAAA-TCP_RECV: name:enp0s3: saddr:100932208: daddr:16783984: srtt_us:829608: RTT:103701: ssthresh:2147483647: cwnd:10: delivered:1: lost:0: retrans:0
[  279.643207] AAAAA-TCP_SEND: name:enp0s3: saddr:16783984: daddr:100932208: srtt_us:829608: RTT:103701: ssthresh:2147483647: cwnd:10: delivered:1: lost:0: retrans:0
[  279.722674] AAAAA-TCP_RECV: name:enp0s3: saddr:100932208: daddr:16783984: srtt_us:829608: RTT:103701: ssthresh:2147483647: cwnd:10: delivered:1: lost:0: retrans:0
[  279.723806] AAAAA-TCP_SEND: name:enp0s3: saddr:16783984: daddr:100932208: srtt_us:829608: RTT:103701: ssthresh:2147483647: cwnd:10: delivered:1: lost:0: retrans:0
[  279.794033] AAAAA-TCP_RECV: name:enp0s3: saddr:100932208: daddr:33561200: srtt_us:2231392: RTT:278924: ssthresh:2147483647: cwnd:10: delivered:1: lost:0: retrans:0
[  279.794066] AAAAA-TCP_SEND: name:enp0s3: saddr:33561200: daddr:100932208: srtt_us:2231392: RTT:278924: ssthresh:2147483647: cwnd:10: delivered:1: lost:0: retrans:0
[  280.218841] AAAAA-TCP_RECV: name:enp0s3: saddr:100932208: daddr:16783984: srtt_us:829608: RTT:103701: ssthresh:2147483647: cwnd:10: delivered:1: lost:0: retrans:0
[  280.218901] AAAAA-TCP_SEND: name:enp0s3: saddr:16783984: daddr:100932208: srtt_us:829608: RTT:103701: ssthresh:2147483647: cwnd:10: delivered:1: lost:0: retrans:0
[  292.257389] AAAAA-TCP_RECV: name:enp0s3: saddr:100932208: daddr:16783984: srtt_us:829608: RTT:103701: ssthresh:2147483647: cwnd:10: delivered:1: lost:0: retrans:0
[  292.257442] AAAAA-TCP_SEND: name:enp0s3: saddr:16783984: daddr:100932208: srtt_us:829608: RTT:103701: ssthresh:2147483647: cwnd:10: delivered:1: lost:0: retrans:0
[  292.541420] AAAAA-TCP_RECV: name:enp0s3: saddr:100932208: daddr:33561200: srtt_us:2231392: RTT:278924: ssthresh:2147483647: cwnd:10: delivered:1: lost:0: retrans:0
[  292.541466] AAAAA-TCP_SEND: name:enp0s3: saddr:33561200: daddr:100932208: srtt_us:2231392: RTT:278924: ssthresh:2147483647: cwnd:10: delivered:1: lost:0: retrans:0
[  292.663391] AAAAA-TCP_RECV: name:enp0s3: saddr:100932208: daddr:16783984: srtt_us:829608: RTT:103701: ssthresh:2147483647: cwnd:10: delivered:1: lost:0: retrans:0
[  292.663428] AAAAA-TCP_SEND: name:enp0s3: saddr:16783984: daddr:100932208: srtt_us:829608: RTT:103701: ssthresh:2147483647: cwnd:10: delivered:1: lost:0: retrans:0
[  292.934662] AAAAA-TCP_RECV: name:enp0s3: saddr:100932208: daddr:33561200: srtt_us:2231392: RTT:278924: ssthresh:2147483647: cwnd:10: delivered:1: lost:0: retrans:0
[  292.934708] AAAAA-TCP_SEND: name:enp0s3: saddr:33561200: daddr:100932208: srtt_us:2231392: RTT:278924: ssthresh:2147483647: cwnd:10: delivered:1: lost:0: retrans:0
[  293.000967] AAAAA-TCP_RECV: name:enp0s3: saddr:100932208: daddr:16783984: srtt_us:829608: RTT:103701: ssthresh:2147483647: cwnd:10: delivered:1: lost:0: retrans:0
[  293.001001] AAAAA-TCP_SEND: name:enp0s3: saddr:16783984: daddr:100932208: srtt_us:829608: RTT:103701: ssthresh:2147483647: cwnd:10: delivered:1: lost:0: retrans:0
[  293.122789] AAAAA-TCP_RECV: name:enp0s3: saddr:100932208: daddr:33561200: srtt_us:2231392: RTT:278924: ssthresh:2147483647: cwnd:10: delivered:1: lost:0: retrans:0
[  293.122827] AAAAA-TCP_SEND: name:enp0s3: saddr:33561200: daddr:100932208: srtt_us:2231392: RTT:278924: ssthresh:2147483647: cwnd:10: delivered:1: lost:0: retrans:0
[  293.227728] AAAAA-TCP_RECV: name:enp0s3: saddr:100932208: daddr:16783984: srtt_us:829608: RTT:103701: ssthresh:2147483647: cwnd:10: delivered:1: lost:0: retrans:0
[  293.227762] AAAAA-TCP_SEND: name:enp0s3: saddr:16783984: daddr:100932208: srtt_us:829608: RTT:103701: ssthresh:2147483647: cwnd:10: delivered:1: lost:0: retrans:0
[  293.332052] AAAAA-TCP_RECV: name:enp0s3: saddr:100932208: daddr:33561200: srtt_us:2231392: RTT:278924: ssthresh:2147483647: cwnd:10: delivered:1: lost:0: retrans:0
[  293.332153] AAAAA-TCP_SEND: name:enp0s3: saddr:33561200: daddr:100932208: srtt_us:2231392: RTT:278924: ssthresh:2147483647: cwnd:10: delivered:1: lost:0: retrans:0
[  293.616465] AAAAA-TCP_RECV: name:enp0s3: saddr:100932208: daddr:16783984: srtt_us:829608: RTT:103701: ssthresh:2147483647: cwnd:10: delivered:1: lost:0: retrans:0
[  293.616511] AAAAA-TCP_SEND: name:enp0s3: saddr:16783984: daddr:100932208: srtt_us:829608: RTT:103701: ssthresh:2147483647: cwnd:10: delivered:1: lost:0: retrans:0
[  293.685098] AAAAA-TCP_RECV: name:enp0s3: saddr:100932208: daddr:33561200: srtt_us:2231392: RTT:278924: ssthresh:2147483647: cwnd:10: delivered:1: lost:0: retrans:0
[  293.685132] AAAAA-TCP_SEND: name:enp0s3: saddr:33561200: daddr:100932208: srtt_us:2231392: RTT:278924: ssthresh:2147483647: cwnd:10: delivered:1: lost:0: retrans:0
[  293.818212] AAAAA-TCP_RECV: name:enp0s3: saddr:100932208: daddr:16783984: srtt_us:829608: RTT:103701: ssthresh:2147483647: cwnd:10: delivered:1: lost:0: retrans:0
[  293.818250] AAAAA-TCP_SEND: name:enp0s3: saddr:16783984: daddr:100932208: srtt_us:829608: RTT:103701: ssthresh:2147483647: cwnd:10: delivered:1: lost:0: retrans:0
[  293.947291] AAAAA-TCP_RECV: name:enp0s3: saddr:100932208: daddr:33561200: srtt_us:2231392: RTT:278924: ssthresh:2147483647: cwnd:10: delivered:1: lost:0: retrans:0
[  293.947328] AAAAA-TCP_SEND: name:enp0s3: saddr:33561200: daddr:100932208: srtt_us:2231392: RTT:278924: ssthresh:2147483647: cwnd:10: delivered:1: lost:0: retrans:0
[  294.065342] AAAAA-TCP_RECV: name:enp0s3: saddr:100932208: daddr:16783984: srtt_us:829608: RTT:103701: ssthresh:2147483647: cwnd:10: delivered:1: lost:0: retrans:0
[  294.065385] AAAAA-TCP_SEND: name:enp0s3: saddr:16783984: daddr:100932208: srtt_us:829608: RTT:103701: ssthresh:2147483647: cwnd:10: delivered:1: lost:0: retrans:0
[  294.108521] AAAAA-TCP_RECV: name:enp0s3: saddr:100932208: daddr:33561200: srtt_us:2231392: RTT:278924: ssthresh:2147483647: cwnd:10: delivered:1: lost:0: retrans:0
[  294.108558] AAAAA-TCP_SEND: name:enp0s3: saddr:33561200: daddr:100932208: srtt_us:2231392: RTT:278924: ssthresh:2147483647: cwnd:10: delivered:1: lost:0: retrans:0
[  294.205324] AAAAA-TCP_RECV: name:enp0s3: saddr:100932208: daddr:16783984: srtt_us:829608: RTT:103701: ssthresh:2147483647: cwnd:10: delivered:1: lost:0: retrans:0
[  294.205362] AAAAA-TCP_SEND: name:enp0s3: saddr:16783984: daddr:100932208: srtt_us:829608: RTT:103701: ssthresh:2147483647: cwnd:10: delivered:1: lost:0: retrans:0
[  294.384267] AAAAA-TCP_RECV: name:enp0s3: saddr:100932208: daddr:33561200: srtt_us:2231392: RTT:278924: ssthresh:2147483647: cwnd:10: delivered:1: lost:0: retrans:0
[  294.384324] AAAAA-TCP_SEND: name:enp0s3: saddr:33561200: daddr:100932208: srtt_us:2231392: RTT:278924: ssthresh:2147483647: cwnd:10: delivered:1: lost:0: retrans:0
[  294.491979] AAAAA-TCP_RECV: name:enp0s3: saddr:100932208: daddr:16783984: srtt_us:829608: RTT:103701: ssthresh:2147483647: cwnd:10: delivered:1: lost:0: retrans:0
[  294.492014] AAAAA-TCP_SEND: name:enp0s3: saddr:16783984: daddr:100932208: srtt_us:829608: RTT:103701: ssthresh:2147483647: cwnd:10: delivered:1: lost:0: retrans:0
[  294.606034] AAAAA-TCP_RECV: name:enp0s3: saddr:100932208: daddr:33561200: srtt_us:2231392: RTT:278924: ssthresh:2147483647: cwnd:10: delivered:1: lost:0: retrans:0
[  294.606072] AAAAA-TCP_SEND: name:enp0s3: saddr:33561200: daddr:100932208: srtt_us:2231392: RTT:278924: ssthresh:2147483647: cwnd:10: delivered:1: lost:0: retrans:0
[  294.654693] AAAAA-TCP_RECV: name:enp0s3: saddr:100932208: daddr:16783984: srtt_us:829608: RTT:103701: ssthresh:2147483647: cwnd:10: delivered:1: lost:0: retrans:0
[  294.654736] AAAAA-TCP_SEND: name:enp0s3: saddr:16783984: daddr:100932208: srtt_us:829608: RTT:103701: ssthresh:2147483647: cwnd:10: delivered:1: lost:0: retrans:0
[  294.813848] AAAAA-TCP_RECV: name:enp0s3: saddr:100932208: daddr:33561200: srtt_us:2231392: RTT:278924: ssthresh:2147483647: cwnd:10: delivered:1: lost:0: retrans:0
[  294.813883] AAAAA-TCP_SEND: name:enp0s3: saddr:33561200: daddr:100932208: srtt_us:2231392: RTT:278924: ssthresh:2147483647: cwnd:10: delivered:1: lost:0: retrans:0
[  294.936058] AAAAA-TCP_RECV: name:enp0s3: saddr:100932208: daddr:16783984: srtt_us:829608: RTT:103701: ssthresh:2147483647: cwnd:10: delivered:1: lost:0: retrans:0
[  294.936092] AAAAA-TCP_SEND: name:enp0s3: saddr:16783984: daddr:100932208: srtt_us:829608: RTT:103701: ssthresh:2147483647: cwnd:10: delivered:1: lost:0: retrans:0
[  295.014998] AAAAA-TCP_RECV: name:enp0s3: saddr:100932208: daddr:33561200: srtt_us:2231392: RTT:278924: ssthresh:2147483647: cwnd:10: delivered:1: lost:0: retrans:0
[  295.015018] AAAAA-TCP_SEND: name:enp0s3: saddr:33561200: daddr:100932208: srtt_us:2231392: RTT:278924: ssthresh:2147483647: cwnd:10: delivered:1: lost:0: retrans:0
[  295.146113] AAAAA-TCP_RECV: name:enp0s3: saddr:100932208: daddr:16783984: srtt_us:829608: RTT:103701: ssthresh:2147483647: cwnd:10: delivered:1: lost:0: retrans:0
[  295.146146] AAAAA-TCP_SEND: name:enp0s3: saddr:16783984: daddr:100932208: srtt_us:829608: RTT:103701: ssthresh:2147483647: cwnd:10: delivered:1: lost:0: retrans:0
[  295.255254] AAAAA-TCP_RECV: name:enp0s3: saddr:100932208: daddr:33561200: srtt_us:2231392: RTT:278924: ssthresh:2147483647: cwnd:10: delivered:1: lost:0: retrans:0
[  295.255289] AAAAA-TCP_SEND: name:enp0s3: saddr:33561200: daddr:100932208: srtt_us:2231392: RTT:278924: ssthresh:2147483647: cwnd:10: delivered:1: lost:0: retrans:0
[  295.345430] AAAAA-TCP_RECV: name:enp0s3: saddr:100932208: daddr:16783984: srtt_us:829608: RTT:103701: ssthresh:2147483647: cwnd:10: delivered:1: lost:0: retrans:0
[  295.345460] AAAAA-TCP_SEND: name:enp0s3: saddr:16783984: daddr:100932208: srtt_us:829608: RTT:103701: ssthresh:2147483647: cwnd:10: delivered:1: lost:0: retrans:0
[  295.487940] AAAAA-TCP_RECV: name:enp0s3: saddr:100932208: daddr:33561200: srtt_us:2231392: RTT:278924: ssthresh:2147483647: cwnd:10: delivered:1: lost:0: retrans:0
[  295.487990] AAAAA-TCP_SEND: name:enp0s3: saddr:33561200: daddr:100932208: srtt_us:2231392: RTT:278924: ssthresh:2147483647: cwnd:10: delivered:1: lost:0: retrans:0
[  295.697174] AAAAA-TCP_RECV: name:enp0s3: saddr:100932208: daddr:16783984: srtt_us:829608: RTT:103701: ssthresh:2147483647: cwnd:10: delivered:1: lost:0: retrans:0
[  295.697225] AAAAA-TCP_SEND: name:enp0s3: saddr:16783984: daddr:100932208: srtt_us:829608: RTT:103701: ssthresh:2147483647: cwnd:10: delivered:1: lost:0: retrans:0
[  295.783346] AAAAA-TCP_RECV: name:enp0s3: saddr:100932208: daddr:33561200: srtt_us:2231392: RTT:278924: ssthresh:2147483647: cwnd:10: delivered:1: lost:0: retrans:0
[  295.783383] AAAAA-TCP_SEND: name:enp0s3: saddr:33561200: daddr:100932208: srtt_us:2231392: RTT:278924: ssthresh:2147483647: cwnd:10: delivered:1: lost:0: retrans:0
[  295.950761] AAAAA-TCP_RECV: name:enp0s3: saddr:100932208: daddr:16783984: srtt_us:829608: RTT:103701: ssthresh:2147483647: cwnd:10: delivered:1: lost:0: retrans:0
[  295.950804] AAAAA-TCP_SEND: name:enp0s3: saddr:16783984: daddr:100932208: srtt_us:829608: RTT:103701: ssthresh:2147483647: cwnd:10: delivered:1: lost:0: retrans:0
[  296.209729] AAAAA-TCP_RECV: name:enp0s3: saddr:100932208: daddr:33561200: srtt_us:2231392: RTT:278924: ssthresh:2147483647: cwnd:10: delivered:1: lost:0: retrans:0
[  296.209767] AAAAA-TCP_SEND: name:enp0s3: saddr:33561200: daddr:100932208: srtt_us:2231392: RTT:278924: ssthresh:2147483647: cwnd:10: delivered:1: lost:0: retrans:0
[  296.486961] AAAAA-TCP_RECV: name:enp0s3: saddr:100932208: daddr:16783984: srtt_us:829608: RTT:103701: ssthresh:2147483647: cwnd:10: delivered:1: lost:0: retrans:0
[  296.486999] AAAAA-TCP_SEND: name:enp0s3: saddr:16783984: daddr:100932208: srtt_us:829608: RTT:103701: ssthresh:2147483647: cwnd:10: delivered:1: lost:0: retrans:0
[  296.702072] AAAAA-TCP_RECV: name:enp0s3: saddr:100932208: daddr:33561200: srtt_us:2231392: RTT:278924: ssthresh:2147483647: cwnd:10: delivered:1: lost:0: retrans:0
[  296.702110] AAAAA-TCP_SEND: name:enp0s3: saddr:33561200: daddr:100932208: srtt_us:2231392: RTT:278924: ssthresh:2147483647: cwnd:10: delivered:1: lost:0: retrans:0
[  296.900252] AAAAA-TCP_RECV: name:enp0s3: saddr:100932208: daddr:16783984: srtt_us:829608: RTT:103701: ssthresh:2147483647: cwnd:10: delivered:1: lost:0: retrans:0
[  296.900285] AAAAA-TCP_SEND: name:enp0s3: saddr:16783984: daddr:100932208: srtt_us:829608: RTT:103701: ssthresh:2147483647: cwnd:10: delivered:1: lost:0: retrans:0
[  296.989996] AAAAA-TCP_RECV: name:enp0s3: saddr:100932208: daddr:33561200: srtt_us:2231392: RTT:278924: ssthresh:2147483647: cwnd:10: delivered:1: lost:0: retrans:0
[  297.031183] AAAAA-TCP_SEND: name:enp0s3: saddr:33561200: daddr:100932208: srtt_us:2231392: RTT:278924: ssthresh:2147483647: cwnd:10: delivered:1: lost:0: retrans:0
[  297.235873] AAAAA-TCP_RECV: name:enp0s3: saddr:100932208: daddr:16783984: srtt_us:829608: RTT:103701: ssthresh:2147483647: cwnd:10: delivered:1: lost:0: retrans:0
[  297.235950] AAAAA-TCP_SEND: name:enp0s3: saddr:16783984: daddr:100932208: srtt_us:829608: RTT:103701: ssthresh:2147483647: cwnd:10: delivered:1: lost:0: retrans:0
[  297.398732] AAAAA-TCP_RECV: name:enp0s3: saddr:100932208: daddr:33561200: srtt_us:2231392: RTT:278924: ssthresh:2147483647: cwnd:10: delivered:1: lost:0: retrans:0
[  297.479185] AAAAA-TCP_SEND: name:enp0s3: saddr:33561200: daddr:100932208: srtt_us:2231392: RTT:278924: ssthresh:2147483647: cwnd:10: delivered:1: lost:0: retrans:0
[  297.488218] AAAAA-TCP_RECV: name:enp0s3: saddr:100932208: daddr:16783984: srtt_us:829608: RTT:103701: ssthresh:2147483647: cwnd:10: delivered:1: lost:0: retrans:0
[  297.488252] AAAAA-TCP_SEND: name:enp0s3: saddr:16783984: daddr:100932208: srtt_us:829608: RTT:103701: ssthresh:2147483647: cwnd:10: delivered:1: lost:0: retrans:0
[  297.644925] AAAAA-TCP_RECV: name:enp0s3: saddr:100932208: daddr:16783984: srtt_us:829608: RTT:103701: ssthresh:2147483647: cwnd:10: delivered:1: lost:0: retrans:0
[  297.644992] AAAAA-TCP_SEND: name:enp0s3: saddr:16783984: daddr:100932208: srtt_us:829608: RTT:103701: ssthresh:2147483647: cwnd:10: delivered:1: lost:0: retrans:0
[  297.746874] AAAAA-TCP_RECV: name:enp0s3: saddr:100932208: daddr:16783984: srtt_us:829608: RTT:103701: ssthresh:2147483647: cwnd:10: delivered:1: lost:0: retrans:0
[  297.746935] AAAAA-TCP_SEND: name:enp0s3: saddr:16783984: daddr:100932208: srtt_us:829608: RTT:103701: ssthresh:2147483647: cwnd:10: delivered:1: lost:0: retrans:0
[  298.205395] AAAAA-TCP_RECV: name:enp0s3: saddr:100932208: daddr:33561200: srtt_us:2231392: RTT:278924: ssthresh:2147483647: cwnd:10: delivered:1: lost:0: retrans:0
[  298.205432] AAAAA-TCP_SEND: name:enp0s3: saddr:33561200: daddr:100932208: srtt_us:2231392: RTT:278924: ssthresh:2147483647: cwnd:10: delivered:1: lost:0: retrans:0
[  298.424114] AAAAA-TCP_RECV: name:enp0s3: saddr:100932208: daddr:16783984: srtt_us:829608: RTT:103701: ssthresh:2147483647: cwnd:10: delivered:1: lost:0: retrans:0
[  298.424148] AAAAA-TCP_SEND: name:enp0s3: saddr:16783984: daddr:100932208: srtt_us:829608: RTT:103701: ssthresh:2147483647: cwnd:10: delivered:1: lost:0: retrans:0
[  298.577558] AAAAA-TCP_RECV: name:enp0s3: saddr:100932208: daddr:33561200: srtt_us:2231392: RTT:278924: ssthresh:2147483647: cwnd:10: delivered:1: lost:0: retrans:0
[  298.577588] AAAAA-TCP_SEND: name:enp0s3: saddr:33561200: daddr:100932208: srtt_us:2231392: RTT:278924: ssthresh:2147483647: cwnd:10: delivered:1: lost:0: retrans:0
[  298.775587] AAAAA-TCP_RECV: name:enp0s3: saddr:100932208: daddr:16783984: srtt_us:829608: RTT:103701: ssthresh:2147483647: cwnd:10: delivered:1: lost:0: retrans:0
[  298.775620] AAAAA-TCP_SEND: name:enp0s3: saddr:16783984: daddr:100932208: srtt_us:829608: RTT:103701: ssthresh:2147483647: cwnd:10: delivered:1: lost:0: retrans:0
[  299.079642] AAAAA-TCP_RECV: name:enp0s3: saddr:100932208: daddr:16783984: srtt_us:829608: RTT:103701: ssthresh:2147483647: cwnd:10: delivered:1: lost:0: retrans:0
[  299.079674] AAAAA-TCP_SEND: name:enp0s3: saddr:16783984: daddr:100932208: srtt_us:829608: RTT:103701: ssthresh:2147483647: cwnd:10: delivered:1: lost:0: retrans:0
[  299.268249] AAAAA-TCP_RECV: name:enp0s3: saddr:100932208: daddr:33561200: srtt_us:2231392: RTT:278924: ssthresh:2147483647: cwnd:10: delivered:1: lost:0: retrans:0
[  299.268285] AAAAA-TCP_SEND: name:enp0s3: saddr:33561200: daddr:100932208: srtt_us:2231392: RTT:278924: ssthresh:2147483647: cwnd:10: delivered:1: lost:0: retrans:0
[  299.423336] AAAAA-TCP_RECV: name:enp0s3: saddr:100932208: daddr:16783984: srtt_us:829608: RTT:103701: ssthresh:2147483647: cwnd:10: delivered:1: lost:0: retrans:0
[  299.423375] AAAAA-TCP_SEND: name:enp0s3: saddr:16783984: daddr:100932208: srtt_us:829608: RTT:103701: ssthresh:2147483647: cwnd:10: delivered:1: lost:0: retrans:0
[  299.628855] AAAAA-TCP_RECV: name:enp0s3: saddr:100932208: daddr:33561200: srtt_us:2231392: RTT:278924: ssthresh:2147483647: cwnd:10: delivered:1: lost:0: retrans:0
[  299.629926] AAAAA-TCP_SEND: name:enp0s3: saddr:33561200: daddr:100932208: srtt_us:2231392: RTT:278924: ssthresh:2147483647: cwnd:10: delivered:1: lost:0: retrans:0
[  299.790870] AAAAA-TCP_RECV: name:enp0s3: saddr:100932208: daddr:33561200: srtt_us:2231392: RTT:278924: ssthresh:2147483647: cwnd:10: delivered:1: lost:0: retrans:0
[  299.791930] AAAAA-TCP_SEND: name:enp0s3: saddr:33561200: daddr:100932208: srtt_us:2231392: RTT:278924: ssthresh:2147483647: cwnd:10: delivered:1: lost:0: retrans:0
[  299.879215] AAAAA-TCP_RECV: name:enp0s3: saddr:100932208: daddr:16783984: srtt_us:829608: RTT:103701: ssthresh:2147483647: cwnd:10: delivered:1: lost:0: retrans:0
[  299.879240] AAAAA-TCP_SEND: name:enp0s3: saddr:16783984: daddr:100932208: srtt_us:829608: RTT:103701: ssthresh:2147483647: cwnd:10: delivered:1: lost:0: retrans:0
[  300.112118] AAAAA-TCP_RECV: name:enp0s3: saddr:100932208: daddr:16783984: srtt_us:829608: RTT:103701: ssthresh:2147483647: cwnd:10: delivered:1: lost:0: retrans:0
[  300.112156] AAAAA-TCP_SEND: name:enp0s3: saddr:16783984: daddr:100932208: srtt_us:829608: RTT:103701: ssthresh:2147483647: cwnd:10: delivered:1: lost:0: retrans:0
[  300.281321] AAAAA-TCP_RECV: name:enp0s3: saddr:100932208: daddr:33561200: srtt_us:2231392: RTT:278924: ssthresh:2147483647: cwnd:10: delivered:1: lost:0: retrans:0
[  300.282404] AAAAA-TCP_SEND: name:enp0s3: saddr:33561200: daddr:100932208: srtt_us:2231392: RTT:278924: ssthresh:2147483647: cwnd:10: delivered:1: lost:0: retrans:0
[  300.649063] AAAAA-TCP_RECV: name:enp0s3: saddr:100932208: daddr:16783984: srtt_us:829608: RTT:103701: ssthresh:2147483647: cwnd:10: delivered:1: lost:0: retrans:0
[  300.649097] AAAAA-TCP_SEND: name:enp0s3: saddr:16783984: daddr:100932208: srtt_us:829608: RTT:103701: ssthresh:2147483647: cwnd:10: delivered:1: lost:0: retrans:0
[  300.772827] AAAAA-TCP_RECV: name:enp0s3: saddr:100932208: daddr:33561200: srtt_us:2231392: RTT:278924: ssthresh:2147483647: cwnd:10: delivered:1: lost:0: retrans:0
[  300.773909] AAAAA-TCP_SEND: name:enp0s3: saddr:33561200: daddr:100932208: srtt_us:2231392: RTT:278924: ssthresh:2147483647: cwnd:10: delivered:1: lost:0: retrans:0
[  300.868015] AAAAA-TCP_RECV: name:enp0s3: saddr:100932208: daddr:33561200: srtt_us:2231392: RTT:278924: ssthresh:2147483647: cwnd:10: delivered:1: lost:0: retrans:0
[  300.869086] AAAAA-TCP_SEND: name:enp0s3: saddr:33561200: daddr:100932208: srtt_us:2231392: RTT:278924: ssthresh:2147483647: cwnd:10: delivered:1: lost:0: retrans:0
[  300.964063] AAAAA-TCP_RECV: name:enp0s3: saddr:100932208: daddr:16783984: srtt_us:829608: RTT:103701: ssthresh:2147483647: cwnd:10: delivered:1: lost:0: retrans:0
[  300.964089] AAAAA-TCP_SEND: name:enp0s3: saddr:16783984: daddr:100932208: srtt_us:829608: RTT:103701: ssthresh:2147483647: cwnd:10: delivered:1: lost:0: retrans:0
[  301.262876] AAAAA-TCP_RECV: name:enp0s3: saddr:100932208: daddr:33561200: srtt_us:2231392: RTT:278924: ssthresh:2147483647: cwnd:10: delivered:1: lost:0: retrans:0
[  301.263939] AAAAA-TCP_SEND: name:enp0s3: saddr:33561200: daddr:100932208: srtt_us:2231392: RTT:278924: ssthresh:2147483647: cwnd:10: delivered:1: lost:0: retrans:0
[  301.424448] AAAAA-TCP_RECV: name:enp0s3: saddr:100932208: daddr:16783984: srtt_us:829608: RTT:103701: ssthresh:2147483647: cwnd:10: delivered:1: lost:0: retrans:0
[  301.424483] AAAAA-TCP_SEND: name:enp0s3: saddr:16783984: daddr:100932208: srtt_us:829608: RTT:103701: ssthresh:2147483647: cwnd:10: delivered:1: lost:0: retrans:0
[  301.829211] AAAAA-TCP_RECV: name:enp0s3: saddr:100932208: daddr:33561200: srtt_us:2231392: RTT:278924: ssthresh:2147483647: cwnd:10: delivered:1: lost:0: retrans:0
[  301.830285] AAAAA-TCP_SEND: name:enp0s3: saddr:33561200: daddr:100932208: srtt_us:2231392: RTT:278924: ssthresh:2147483647: cwnd:10: delivered:1: lost:0: retrans:0
[  301.966143] AAAAA-TCP_RECV: name:enp0s3: saddr:100932208: daddr:16783984: srtt_us:829608: RTT:103701: ssthresh:2147483647: cwnd:10: delivered:1: lost:0: retrans:0
